test_analyze_codebase (tests_ndaversis.test_ndaversis.TestNdaversis.test_analyze_codebase)
Test the codebase analysis functionality. ... ok
test_cli_auto_versioning (tests_ndaversis.test_ndaversis.TestNdaversis.test_cli_auto_versioning)
Test CLI auto-versioning when no flag is provided. ... ok
test_create_description_summary (tests_ndaversis.test_ndaversis.TestNdaversis.test_create_description_summary)
Test the _create_description_summary method. ... ok
test_excluded_files (tests_ndaversis.test_ndaversis.TestNdaversis.test_excluded_files)
Verify that files in EXCLUDED_METRIC_FILES are ignored by metrics. ... ok
test_generate_bpmn_diagram (tests_ndaversis.test_ndaversis.TestNdaversis.test_generate_bpmn_diagram)
Test the generate_bpmn_diagram method. ... ok
test_generate_diff_concise (tests_ndaversis.test_ndaversis.TestNdaversis.test_generate_diff_concise)
Test the concise diff generation. ... ok
test_generate_dynamic_sections_with_ai (tests_ndaversis.test_ndaversis.TestNdaversis.test_generate_dynamic_sections_with_ai)
Test the generate_dynamic_sections method with AI service. ... ok
test_generate_project_map (tests_ndaversis.test_ndaversis.TestNdaversis.test_generate_project_map)
Test the generate_project_map method. ... ok
test_generate_use_case_diagram (tests_ndaversis.test_ndaversis.TestNdaversis.test_generate_use_case_diagram)
Test the generate_use_case_diagram method. ... ok
test_health_check (tests_ndaversis.test_ndaversis.TestNdaversis.test_health_check)
Test the health check functionality. ... ok
test_load_ai_config_file_not_found (tests_ndaversis.test_ndaversis.TestNdaversis.test_load_ai_config_file_not_found)
Test that load_ai_config handles a missing file. ... ok
test_process_python_file (tests_ndaversis.test_ndaversis.TestNdaversis.test_process_python_file)
Test the processing of a single Python file. ... ok
test_readme_sections_and_diagrams (tests_ndaversis.test_ndaversis.TestNdaversis.test_readme_sections_and_diagrams)
Test that all required sections and Mermaid diagrams are present. ... FAIL
test_readme_sections_full_list (tests_ndaversis.test_ndaversis.TestNdaversis.test_readme_sections_full_list)
Verify that all 17 requested sections are present in the correct order. ... ok
test_readme_update_integration (tests_ndaversis.test_ndaversis.TestNdaversis.test_readme_update_integration)
Integration test for the README update process. ... FAIL
test_save_version (tests_ndaversis.test_ndaversis.TestNdaversis.test_save_version)
Test that the version is correctly saved to a file. ... ok
test_shadow_repo_agnostic_generation (tests_ndaversis.test_ndaversis.TestNdaversis.test_shadow_repo_agnostic_generation)
Verify that README sections describe the shadow repo and not Ndaversis. ... FAIL
test_suggest_version_bump (tests_ndaversis.test_ndaversis.TestNdaversis.test_suggest_version_bump)
Test the suggest_version_bump method. ... ok
test_update_changelog (tests_ndaversis.test_ndaversis.TestNdaversis.test_update_changelog)
Test the update_changelog method. ... ok
test_version_increment (tests_ndaversis.test_ndaversis.TestNdaversis.test_version_increment)
Test the increment methods of the Version class. ... ok
test_gui_console_logging (tests_ndaversis.test_ndaversis.TestNdaversisGUI.test_gui_console_logging)
Test that the GUI console can log messages. ... 2026-01-30 02:08:49.029 Python[47733:4567715] ApplePersistenceIgnoreState: Existing state will not be touched. New state will be written to /var/folders/r2/f17tv_cj65gb536l2fnmcl2w0000gp/T/org.python.python.savedState
ok
test_gui_initialization (tests_ndaversis.test_ndaversis.TestNdaversisGUI.test_gui_initialization)
Test that the GUI initializes without error. ... ok
test_gui_workflow_tab_exists (tests_ndaversis.test_ndaversis.TestNdaversisGUI.test_gui_workflow_tab_exists)
Test that the Workflow & CLI tab exists. ... ok
test_metrics_calculation_flow (tests_ndaversis.test_ndaversis.TestNdaversisGUI.test_metrics_calculation_flow)
Test the metrics calculation logic via GUI methods. ... ok
test_tabs_existence (tests_ndaversis.test_ndaversis.TestNdaversisGUI.test_tabs_existence)
Test that tabs are created. ... ok
test_version_increment_flow (tests_ndaversis.test_ndaversis.TestNdaversisGUI.test_version_increment_flow)
Test the version increment logic via GUI methods. ... ok
test_accuracy_metric (tests_ndaversis.test_ndaversis.TestRepositoryMetrics.test_accuracy_metric)
Test Accuracy metric calculation. ... ok
test_aesthetics_metric (tests_ndaversis.test_ndaversis.TestRepositoryMetrics.test_aesthetics_metric)
Test Aesthetics metric calculation. ... ok
test_ai_summary_fallback (tests_ndaversis.test_ndaversis.TestRepositoryMetrics.test_ai_summary_fallback)
Test that AI summary falls back gracefully when AI is unavailable. ... ok
test_ai_summary_generation (tests_ndaversis.test_ndaversis.TestRepositoryMetrics.test_ai_summary_generation)
Test AI summary generation with mocked AI service. ... ok
test_applicability_metric (tests_ndaversis.test_ndaversis.TestRepositoryMetrics.test_applicability_metric)
Test Applicability metric calculation. ... ok
test_code_quality_metric (tests_ndaversis.test_ndaversis.TestRepositoryMetrics.test_code_quality_metric)
Test Code Quality metric calculation. ... ok
test_code_size_metric (tests_ndaversis.test_ndaversis.TestRepositoryMetrics.test_code_size_metric)
Test Code Size metric calculation. ... ok
test_completeness_metric (tests_ndaversis.test_ndaversis.TestRepositoryMetrics.test_completeness_metric)
Test Completeness metric calculation. ... ok
test_duration_metric (tests_ndaversis.test_ndaversis.TestRepositoryMetrics.test_duration_metric)
Test Duration/Maintainability metric calculation. ... ok
test_get_all_metrics (tests_ndaversis.test_ndaversis.TestRepositoryMetrics.test_get_all_metrics)
Test that get_all_metrics returns all 15 metrics. ... ok
test_innovation_metric (tests_ndaversis.test_ndaversis.TestRepositoryMetrics.test_innovation_metric)
Test Innovation metric calculation. ... ok
test_metrics_caching (tests_ndaversis.test_ndaversis.TestRepositoryMetrics.test_metrics_caching)
Test that metrics are cached properly. ... ok
test_metrics_details_structure (tests_ndaversis.test_ndaversis.TestRepositoryMetrics.test_metrics_details_structure)
Test that all metrics return properly structured details. ... ok
test_metrics_initialization (tests_ndaversis.test_ndaversis.TestRepositoryMetrics.test_metrics_initialization)
Test that RepositoryMetrics initializes correctly. ... ok
test_metrics_json_export (tests_ndaversis.test_ndaversis.TestRepositoryMetrics.test_metrics_json_export)
Test that metrics can be exported to JSON. ... ok
test_metrics_score_ranges (tests_ndaversis.test_ndaversis.TestRepositoryMetrics.test_metrics_score_ranges)
Test that all metric scores are within valid range (0-100). ... ok
test_performance_metric (tests_ndaversis.test_ndaversis.TestRepositoryMetrics.test_performance_metric)
Test Performance metric calculation. ... ok
test_platform_compatibility_metric (tests_ndaversis.test_ndaversis.TestRepositoryMetrics.test_platform_compatibility_metric)
Test Platform Compatibility metric calculation. ... ok
test_quantity_metric (tests_ndaversis.test_ndaversis.TestRepositoryMetrics.test_quantity_metric)
Test Quantity metric calculation. ... ok
test_reliability_metric (tests_ndaversis.test_ndaversis.TestRepositoryMetrics.test_reliability_metric)
Test Reliability metric calculation. ... ok
test_security_metric (tests_ndaversis.test_ndaversis.TestRepositoryMetrics.test_security_metric)
Test Security metric calculation. ... ok
test_simplicity_metric (tests_ndaversis.test_ndaversis.TestRepositoryMetrics.test_simplicity_metric)
Test Simplicity metric calculation. ... ok
test_usability_metric (tests_ndaversis.test_ndaversis.TestRepositoryMetrics.test_usability_metric)
Test Usability metric calculation. ... ok

======================================================================
FAIL: test_readme_sections_and_diagrams (tests_ndaversis.test_ndaversis.TestNdaversis.test_readme_sections_and_diagrams)
Test that all required sections and Mermaid diagrams are present.
----------------------------------------------------------------------
Traceback (most recent call last):
  File "/Users/admin/ndaversis/ndaversis/tests_ndaversis/test_ndaversis.py", line 346, in test_readme_sections_and_diagrams
    self.assertIn("Optional - AI Providers (Could be used without)", content)
AssertionError: 'Optional - AI Providers (Could be used without)' not found in '# NDAVERSIS: Agentic AI-powered Code Analytics and Infrastructure Platform (BETA Version)\n\n*Important*: NDAVERSIS is an experimental project under active development. \nMany things may not work exactly as intended.\n\n**Current Version:** `0.1.0`\n\n## 1. Description Summary\n\n<!-- AUTO-DESCRIPTION-START -->\n**Test Readme** is designed with a simple goal: to let you **\'set and forget\'** your documentation and versioning. It automatically generates and maintains an accurate README.md and manages semantic versioning directly within your code, ensuring your project info is always up-to-date even as you change the code. Whether you have an internet connection or not, it works locally to keep your repository professional and informative with zero manual effort.\n<!-- AUTO-DESCRIPTION-END -->\n\n## 2. Use Cases\n\n*   **Automated Release Cycles**: Integrate version management into CI/CD pipelines.\n*   **Dynamic Documentation Sync**: Ensure the repository\'s documentation always matches the latest architectural changes.\n*   **Offline Repository Health**: Audit codebase metrics and structure without needing external tool connectivity.\n*   **Standardized Versioning**: Enforce consistent versioning across projects automatically.\n\n### Use Case Diagram\n\n```mermaid\ngraph TD\n    Developer((Developer)) --> UC1(Update Version)\n    Developer --> UC2(Generate README)\n    Developer --> UC3(Audit Repository)\n    CI_CD((CI/CD System)) --> UC1\n    CI_CD --> UC2\n```\n\n## 3. User Stories\n\n*   **Maintainer**: As a maintainer, I want documentation to stay in sync with code automatically.\n*   **Developer**: As a developer, I want a clear map of project modules and dependencies.\n*   **DevOps Engineer**: As a DevOps engineer, I want automated version bumping on every release.\n\n### BPMN Diagram\n\n```mermaid\ngraph LR\n    Start((Start)) --> Analyze[Analyze Codebase]\n    Analyze --> Detect[Detect Changes]\n    Detect --> Bump[Suggest Version Bump]\n    Bump --> Docs[Update README]\n    Docs --> End((End))\n```\n\n## 4. FAQ\n\n*   **Q: Will this work without internet?**\n    **A:** Yes, core analysis and documentation logic works entirely offline.\n*   **Q: Does it update version?**\n    **A:** Yes, it scans and updates version strings automatically according to configured rules.\n\n## 5. How To\n\nContent will be available after the next automated analysis.\n\n## 6. Features\n\n*   **Automated Analysis**: Scans codebase for logic and metrics.\n*   **Dynamic Documentation**: Generates README content based on project state.\n*   **Semantic Versioning**: Automatically manages project versions.\n\n## 7. Requirements\n\n**Python Version**: 3.8 or higher required\n\n### Built-in Standard Library (Included with Python)\n```mermaid\ngraph LR\n    Python --> os & sys\n```\n\nThe following modules are part of Python\'s standard library:\n\n`os`, `sys`\n\n## 8. Install\n\n```bash\n# 1. Clone the repository\ngit clone https://github.com/lystwork/ndaversis.git\ncd ndaversis\n\n# 2. Install dependencies\npip install -r ndaversis_requirements.txt\n\n# 3. Run the tool\npython ndaversis.py\n```\n\n## 9. Modules Map\n\n*   **ndaversis.py**: main module\n\n\n### Module Structure Diagram\n\n```mermaid\nclassDiagram\n    class MyClass {\n        +my_method()\n    }\n    class Ndaversis {\n        +increment_patch()\n        +analyze_repository()\n        +install_pre_commit_hook()\n        +main_gui()\n        +generate_readme_content()\n        +is_ndaversis_repo()\n        +suggest_version_bump()\n    }\n```\n\n## 10. Dependencies Map\n\n### Libraries Used\n\n#### External Libraries\n*   `PyQt6` - Technical dependency\n*   `openai` - Technical dependency\n*   `requests` - Technical dependency\n\n#### Optional - AI Providers\n> [!NOTE]\n> The system works in **local on-prem mode** without any AI dependencies.\n\n*   `openai` - AI provider\n*   `google-genai` - AI provider\n\n\n## 11. Project Map\n\n```\n./.dockerignore\n./.env\n./.env.example\n./.gitignore\n./Dockerfile\n./LICENSE_ndaversis.txt\n./config.json\n./docker-compose.yml\n./final_test_results.txt\n./ndaversis.py\n./ndaversis_logs.py\n./ndaversis_metrics.json\n./ndaversis_privacy_policy.md\n./ndaversis_readme.md\n./ndaversis_requirements.txt\n./ndaversis_version_history.py\n./readme.md\n./task.txt\n./test.txt\n./test_config.json\n./test_failures.txt\n./test_ndaversis.py\n./test_ndaversis_readme.md\n./test_results.txt\n./venv/pyvenv.cfg\n./venv/bin/Activate.ps1\n./venv/bin/activate\n./venv/bin/activate.csh\n./venv/bin/activate.fish\n./venv/bin/pip\n./venv/bin/pip3\n./venv/bin/pip3.12\n./venv/bin/pylupdate6\n./venv/bin/python\n./venv/bin/python3\n./venv/bin/python3.12\n./venv/bin/pyuic6\n./venv/lib/python3.12/site-packages/pyqt6-6.10.2.dist-info/INSTALLER\n./venv/lib/python3.12/site-packages/pyqt6-6.10.2.dist-info/METADATA\n./venv/lib/python3.12/site-packages/pyqt6-6.10.2.dist-info/RECORD\n./venv/lib/python3.12/site-packages/pyqt6-6.10.2.dist-info/REQUESTED\n./venv/lib/python3.12/site-packages/pyqt6-6.10.2.dist-info/WHEEL\n./venv/lib/python3.12/site-packages/pyqt6-6.10.2.dist-info/entry_points.txt\n./venv/lib/python3.12/site-packages/pyqt6-6.10.2.dist-info/licenses/LICENSE\n./venv/lib/python3.12/site-packages/pip-25.0.1.dist-info/INSTALLER\n./venv/lib/python3.12/site-packages/pip-25.0.1.dist-info/METADATA\n./venv/lib/python3.12/site-packages/pip-25.0.1.dist-info/RECORD\n./venv/lib/python3.12/site-packages/pip-25.0.1.dist-info/REQUESTED\n./venv/lib/python3.12/site-packages/pip-25.0.1.dist-info/WHEEL\n./venv/lib/python3.12/site-packages/pip-25.0.1.dist-info/entry_points.txt\n./venv/lib/python3.12/site-packages/pip-25.0.1.dist-info/top_level.txt\n./venv/lib/python3.12/site-packages/pip-25.0.1.dist-info/licenses/AUTHORS.txt\n./venv/lib/python3.12/site-packages/pip-25.0.1.dist-info/licenses/LICENSE.txt\n./venv/lib/python3.12/site-packages/pip/__init__.py\n./venv/lib/python3.12/site-packages/pip/__main__.py\n./venv/lib/python3.12/site-packages/pip/__pip-runner__.py\n./venv/lib/python3.12/site-packages/pip/py.typed\n./venv/lib/python3.12/site-packages/pip/_internal/__init__.py\n./venv/lib/python3.12/site-packages/pip/_internal/build_env.py\n./venv/lib/python3.12/site-packages/pip/_internal/cache.py\n./venv/lib/python3.12/site-packages/pip/_internal/configuration.py\n./venv/lib/python3.12/site-packages/pip/_internal/exceptions.py\n./venv/lib/python3.12/site-packages/pip/_internal/main.py\n./venv/lib/python3.12/site-packages/pip/_internal/pyproject.py\n./venv/lib/python3.12/site-packages/pip/_internal/self_outdated_check.py\n./venv/lib/python3.12/site-packages/pip/_internal/wheel_builder.py\n./venv/lib/python3.12/site-packages/pip/_internal/network/__init__.py\n./venv/lib/python3.12/site-packages/pip/_internal/network/auth.py\n./venv/lib/python3.12/site-packages/pip/_internal/network/cache.py\n./venv/lib/python3.12/site-packages/pip/_internal/network/download.py\n./venv/lib/python3.12/site-packages/pip/_internal/network/lazy_wheel.py\n./venv/lib/python3.12/site-packages/pip/_internal/network/session.py\n./venv/lib/python3.12/site-packages/pip/_internal/network/utils.py\n./venv/lib/python3.12/site-packages/pip/_internal/network/xmlrpc.py\n./venv/lib/python3.12/site-packages/pip/_internal/utils/__init__.py\n./venv/lib/python3.12/site-packages/pip/_internal/utils/_jaraco_text.py\n./venv/lib/python3.12/site-packages/pip/_internal/utils/_log.py\n./venv/lib/python3.12/site-packages/pip/_internal/utils/appdirs.py\n./venv/lib/python3.12/site-packages/pip/_internal/utils/compat.py\n./venv/lib/python3.12/site-packages/pip/_internal/utils/compatibility_tags.py\n./venv/lib/python3.12/site-packages/pip/_internal/utils/datetime.py\n./venv/lib/python3.12/site-packages/pip/_internal/utils/deprecation.py\n./venv/lib/python3.12/site-packages/pip/_internal/utils/direct_url_helpers.py\n./venv/lib/python3.12/site-packages/pip/_internal/utils/egg_link.py\n./venv/lib/python3.12/site-packages/pip/_internal/utils/entrypoints.py\n./venv/lib/python3.12/site-packages/pip/_internal/utils/filesystem.py\n./venv/lib/python3.12/site-packages/pip/_internal/utils/filetypes.py\n./venv/lib/python3.12/site-packages/pip/_internal/utils/glibc.py\n./venv/lib/python3.12/site-packages/pip/_internal/utils/hashes.py\n./venv/lib/python3.12/site-packages/pip/_internal/utils/logging.py\n./venv/lib/python3.12/site-packages/pip/_internal/utils/misc.py\n./venv/lib/python3.12/site-packages/pip/_internal/utils/packaging.py\n./venv/lib/python3.12/site-packages/pip/_internal/utils/retry.py\n./venv/lib/python3.12/site-packages/pip/_internal/utils/setuptools_build.py\n./venv/lib/python3.12/site-packages/pip/_internal/utils/subprocess.py\n./venv/lib/python3.12/site-packages/pip/_internal/utils/temp_dir.py\n./venv/lib/python3.12/site-packages/pip/_internal/utils/unpacking.py\n./venv/lib/python3.12/site-packages/pip/_internal/utils/urls.py\n./venv/lib/python3.12/site-packages/pip/_internal/utils/virtualenv.py\n./venv/lib/python3.12/site-packages/pip/_internal/utils/wheel.py\n./venv/lib/python3.12/site-packages/pip/_internal/models/__init__.py\n./venv/lib/python3.12/site-packages/pip/_internal/models/candidate.py\n./venv/lib/python3.12/site-packages/pip/_internal/models/direct_url.py\n./venv/lib/python3.12/site-packages/pip/_internal/models/format_control.py\n./venv/lib/python3.12/site-packages/pip/_internal/models/index.py\n./venv/lib/python3.12/site-packages/pip/_internal/models/installation_report.py\n./venv/lib/python3.12/site-packages/pip/_internal/models/link.py\n./venv/lib/python3.12/site-packages/pip/_internal/models/scheme.py\n./venv/lib/python3.12/site-packages/pip/_internal/models/search_scope.py\n./venv/lib/python3.12/site-packages/pip/_internal/models/selection_prefs.py\n./venv/lib/python3.12/site-packages/pip/_internal/models/target_python.py\n./venv/lib/python3.12/site-packages/pip/_internal/models/wheel.py\n./venv/lib/python3.12/site-packages/pip/_internal/cli/__init__.py\n./venv/lib/python3.12/site-packages/pip/_internal/cli/autocompletion.py\n./venv/lib/python3.12/site-packages/pip/_internal/cli/base_command.py\n./venv/lib/python3.12/site-packages/pip/_internal/cli/cmdoptions.py\n./venv/lib/python3.12/site-packages/pip/_internal/cli/command_context.py\n./venv/lib/python3.12/site-packages/pip/_internal/cli/index_command.py\n./venv/lib/python3.12/site-packages/pip/_internal/cli/main.py\n./venv/lib/python3.12/site-packages/pip/_internal/cli/main_parser.py\n./venv/lib/python3.12/site-packages/pip/_internal/cli/parser.py\n./venv/lib/python3.12/site-packages/pip/_internal/cli/progress_bars.py\n./venv/lib/python3.12/site-packages/pip/_internal/cli/req_command.py\n./venv/lib/python3.12/site-packages/pip/_internal/cli/spinners.py\n./venv/lib/python3.12/site-packages/pip/_internal/cli/status_codes.py\n./venv/lib/python3.12/site-packages/pip/_internal/operations/__init__.py\n./venv/lib/python3.12/site-packages/pip/_internal/operations/check.py\n./venv/lib/python3.12/site-packages/pip/_internal/operations/freeze.py\n./venv/lib/python3.12/site-packages/pip/_internal/operations/prepare.py\n./venv/lib/python3.12/site-packages/pip/_internal/operations/install/__init__.py\n./venv/lib/python3.12/site-packages/pip/_internal/operations/install/editable_legacy.py\n./venv/lib/python3.12/site-packages/pip/_internal/operations/install/wheel.py\n./venv/lib/python3.12/site-packages/pip/_internal/operations/build/__init__.py\n./venv/lib/python3.12/site-packages/pip/_internal/operations/build/build_tracker.py\n./venv/lib/python3.12/site-packages/pip/_internal/operations/build/metadata.py\n./venv/lib/python3.12/site-packages/pip/_internal/operations/build/metadata_editable.py\n./venv/lib/python3.12/site-packages/pip/_internal/operations/build/metadata_legacy.py\n./venv/lib/python3.12/site-packages/pip/_internal/operations/build/wheel.py\n./venv/lib/python3.12/site-packages/pip/_internal/operations/build/wheel_editable.py\n./venv/lib/python3.12/site-packages/pip/_internal/operations/build/wheel_legacy.py\n./venv/lib/python3.12/site-packages/pip/_internal/req/__init__.py\n./venv/lib/python3.12/site-packages/pip/_internal/req/constructors.py\n./venv/lib/python3.12/site-packages/pip/_internal/req/req_file.py\n./venv/lib/python3.12/site-packages/pip/_internal/req/req_install.py\n./venv/lib/python3.12/site-packages/pip/_internal/req/req_set.py\n./venv/lib/python3.12/site-packages/pip/_internal/req/req_uninstall.py\n./venv/lib/python3.12/site-packages/pip/_internal/resolution/__init__.py\n./venv/lib/python3.12/site-packages/pip/_internal/resolution/base.py\n./venv/lib/python3.12/site-packages/pip/_internal/resolution/legacy/__init__.py\n./venv/lib/python3.12/site-packages/pip/_internal/resolution/legacy/resolver.py\n./venv/lib/python3.12/site-packages/pip/_internal/resolution/resolvelib/__init__.py\n./venv/lib/python3.12/site-packages/pip/_internal/resolution/resolvelib/base.py\n./venv/lib/python3.12/site-packages/pip/_internal/resolution/resolvelib/candidates.py\n./venv/lib/python3.12/site-packages/pip/_internal/resolution/resolvelib/factory.py\n./venv/lib/python3.12/site-packages/pip/_internal/resolution/resolvelib/found_candidates.py\n./venv/lib/python3.12/site-packages/pip/_internal/resolution/resolvelib/provider.py\n./venv/lib/python3.12/site-packages/pip/_internal/resolution/resolvelib/reporter.py\n./venv/lib/python3.12/site-packages/pip/_internal/resolution/resolvelib/requirements.py\n./venv/lib/python3.12/site-packages/pip/_internal/resolution/resolvelib/resolver.py\n./venv/lib/python3.12/site-packages/pip/_internal/vcs/__init__.py\n./venv/lib/python3.12/site-packages/pip/_internal/vcs/bazaar.py\n./venv/lib/python3.12/site-packages/pip/_internal/vcs/git.py\n./venv/lib/python3.12/site-packages/pip/_internal/vcs/mercurial.py\n./venv/lib/python3.12/site-packages/pip/_internal/vcs/subversion.py\n./venv/lib/python3.12/site-packages/pip/_internal/vcs/versioncontrol.py\n./venv/lib/python3.12/site-packages/pip/_internal/locations/__init__.py\n./venv/lib/python3.12/site-packages/pip/_internal/locations/_distutils.py\n./venv/lib/python3.12/site-packages/pip/_internal/locations/_sysconfig.py\n./venv/lib/python3.12/site-packages/pip/_internal/locations/base.py\n./venv/lib/python3.12/site-packages/pip/_internal/index/__init__.py\n./venv/lib/python3.12/site-packages/pip/_internal/index/collector.py\n./venv/lib/python3.12/site-packages/pip/_internal/index/package_finder.py\n./venv/lib/python3.12/site-packages/pip/_internal/index/sources.py\n./venv/lib/python3.12/site-packages/pip/_internal/commands/__init__.py\n./venv/lib/python3.12/site-packages/pip/_internal/commands/cache.py\n./venv/lib/python3.12/site-packages/pip/_internal/commands/check.py\n./venv/lib/python3.12/site-packages/pip/_internal/commands/completion.py\n./venv/lib/python3.12/site-packages/pip/_internal/commands/configuration.py\n./venv/lib/python3.12/site-packages/pip/_internal/commands/debug.py\n./venv/lib/python3.12/site-packages/pip/_internal/commands/download.py\n./venv/lib/python3.12/site-packages/pip/_internal/commands/freeze.py\n./venv/lib/python3.12/site-packages/pip/_internal/commands/hash.py\n./venv/lib/python3.12/site-packages/pip/_internal/commands/help.py\n./venv/lib/python3.12/site-packages/pip/_internal/commands/index.py\n./venv/lib/python3.12/site-packages/pip/_internal/commands/inspect.py\n./venv/lib/python3.12/site-packages/pip/_internal/commands/install.py\n./venv/lib/python3.12/site-packages/pip/_internal/commands/list.py\n./venv/lib/python3.12/site-packages/pip/_internal/commands/search.py\n./venv/lib/python3.12/site-packages/pip/_internal/commands/show.py\n./venv/lib/python3.12/site-packages/pip/_internal/commands/uninstall.py\n./venv/lib/python3.12/site-packages/pip/_internal/commands/wheel.py\n./venv/lib/python3.12/site-packages/pip/_internal/metadata/__init__.py\n./venv/lib/python3.12/site-packages/pip/_internal/metadata/_json.py\n./venv/lib/python3.12/site-packages/pip/_internal/metadata/base.py\n./venv/lib/python3.12/site-packages/pip/_internal/metadata/pkg_resources.py\n./venv/lib/python3.12/site-packages/pip/_internal/metadata/importlib/__init__.py\n./venv/lib/python3.12/site-packages/pip/_internal/metadata/importlib/_compat.py\n./venv/lib/python3.12/site-packages/pip/_internal/metadata/importlib/_dists.py\n./venv/lib/python3.12/site-packages/pip/_internal/metadata/importlib/_envs.py\n./venv/lib/python3.12/site-packages/pip/_internal/distributions/__init__.py\n./venv/lib/python3.12/site-packages/pip/_internal/distributions/base.py\n./venv/lib/python3.12/site-packages/pip/_internal/distributions/installed.py\n./venv/lib/python3.12/site-packages/pip/_internal/distributions/sdist.py\n./venv/lib/python3.12/site-packages/pip/_internal/distributions/wheel.py\n./venv/lib/python3.12/site-packages/pip/_vendor/__init__.py\n./venv/lib/python3.12/site-packages/pip/_vendor/typing_extensions.py\n./venv/lib/python3.12/site-packages/pip/_vendor/vendor.txt\n./venv/lib/python3.12/site-packages/pip/_vendor/packaging/__init__.py\n./venv/lib/python3.12/site-packages/pip/_vendor/packaging/_elffile.py\n./venv/lib/python3.12/site-packages/pip/_vendor/packaging/_manylinux.py\n./venv/lib/python3.12/site-packages/pip/_vendor/packaging/_musllinux.py\n./venv/lib/python3.12/site-packages/pip/_vendor/packaging/_parser.py\n./venv/lib/python3.12/site-packages/pip/_vendor/packaging/_structures.py\n./venv/lib/python3.12/site-packages/pip/_vendor/packaging/_tokenizer.py\n./venv/lib/python3.12/site-packages/pip/_vendor/packaging/markers.py\n./venv/lib/python3.12/site-packages/pip/_vendor/packaging/metadata.py\n./venv/lib/python3.12/site-packages/pip/_vendor/packaging/py.typed\n./venv/lib/python3.12/site-packages/pip/_vendor/packaging/requirements.py\n./venv/lib/python3.12/site-packages/pip/_vendor/packaging/specifiers.py\n./venv/lib/python3.12/site-packages/pip/_vendor/packaging/tags.py\n./venv/lib/python3.12/site-packages/pip/_vendor/packaging/utils.py\n./venv/lib/python3.12/site-packages/pip/_vendor/packaging/version.py\n./venv/lib/python3.12/site-packages/pip/_vendor/packaging/licenses/__init__.py\n./venv/lib/python3.12/site-packages/pip/_vendor/packaging/licenses/_spdx.py\n./venv/lib/python3.12/site-packages/pip/_vendor/truststore/__init__.py\n./venv/lib/python3.12/site-packages/pip/_vendor/truststore/_api.py\n./venv/lib/python3.12/site-packages/pip/_vendor/truststore/_macos.py\n./venv/lib/python3.12/site-packages/pip/_vendor/truststore/_openssl.py\n./venv/lib/python3.12/site-packages/pip/_vendor/truststore/_ssl_constants.py\n./venv/lib/python3.12/site-packages/pip/_vendor/truststore/_windows.py\n./venv/lib/python3.12/site-packages/pip/_vendor/truststore/py.typed\n./venv/lib/python3.12/site-packages/pip/_vendor/msgpack/__init__.py\n./venv/lib/python3.12/site-packages/pip/_vendor/msgpack/exceptions.py\n./venv/lib/python3.12/site-packages/pip/_vendor/msgpack/ext.py\n./venv/lib/python3.12/site-packages/pip/_vendor/msgpack/fallback.py\n./venv/lib/python3.12/site-packages/pip/_vendor/pygments/__init__.py\n./venv/lib/python3.12/site-packages/pip/_vendor/pygments/__main__.py\n./venv/lib/python3.12/site-packages/pip/_vendor/pygments/cmdline.py\n./venv/lib/python3.12/site-packages/pip/_vendor/pygments/console.py\n./venv/lib/python3.12/site-packages/pip/_vendor/pygments/filter.py\n./venv/lib/python3.12/site-packages/pip/_vendor/pygments/formatter.py\n./venv/lib/python3.12/site-packages/pip/_vendor/pygments/lexer.py\n./venv/lib/python3.12/site-packages/pip/_vendor/pygments/modeline.py\n./venv/lib/python3.12/site-packages/pip/_vendor/pygments/plugin.py\n./venv/lib/python3.12/site-packages/pip/_vendor/pygments/regexopt.py\n./venv/lib/python3.12/site-packages/pip/_vendor/pygments/scanner.py\n./venv/lib/python3.12/site-packages/pip/_vendor/pygments/sphinxext.py\n./venv/lib/python3.12/site-packages/pip/_vendor/pygments/style.py\n./venv/lib/python3.12/site-packages/pip/_vendor/pygments/token.py\n./venv/lib/python3.12/site-packages/pip/_vendor/pygments/unistring.py\n./venv/lib/python3.12/site-packages/pip/_vendor/pygments/util.py\n./venv/lib/python3.12/site-packages/pip/_vendor/pygments/filters/__init__.py\n./venv/lib/python3.12/site-packages/pip/_vendor/pygments/lexers/__init__.py\n./venv/lib/python3.12/site-packages/pip/_vendor/pygments/lexers/_mapping.py\n./venv/lib/python3.12/site-packages/pip/_vendor/pygments/lexers/python.py\n./venv/lib/python3.12/site-packages/pip/_vendor/pygments/formatters/__init__.py\n./venv/lib/python3.12/site-packages/pip/_vendor/pygments/formatters/_mapping.py\n./venv/lib/python3.12/site-packages/pip/_vendor/pygments/formatters/bbcode.py\n./venv/lib/python3.12/site-packages/pip/_vendor/pygments/formatters/groff.py\n./venv/lib/python3.12/site-packages/pip/_vendor/pygments/formatters/html.py\n./venv/lib/python3.12/site-packages/pip/_vendor/pygments/formatters/img.py\n./venv/lib/python3.12/site-packages/pip/_vendor/pygments/formatters/irc.py\n./venv/lib/python3.12/site-packages/pip/_vendor/pygments/formatters/latex.py\n./venv/lib/python3.12/site-packages/pip/_vendor/pygments/formatters/other.py\n./venv/lib/python3.12/site-packages/pip/_vendor/pygments/formatters/pangomarkup.py\n./venv/lib/python3.12/site-packages/pip/_vendor/pygments/formatters/rtf.py\n./venv/lib/python3.12/site-packages/pip/_vendor/pygments/formatters/svg.py\n./venv/lib/python3.12/site-packages/pip/_vendor/pygments/formatters/terminal.py\n./venv/lib/python3.12/site-packages/pip/_vendor/pygments/formatters/terminal256.py\n./venv/lib/python3.12/site-packages/pip/_vendor/pygments/styles/__init__.py\n./venv/lib/python3.12/site-packages/pip/_vendor/pygments/styles/_mapping.py\n./venv/lib/python3.12/site-packages/pip/_vendor/distlib/__init__.py\n./venv/lib/python3.12/site-packages/pip/_vendor/distlib/compat.py\n./venv/lib/python3.12/site-packages/pip/_vendor/distlib/database.py\n./venv/lib/python3.12/site-packages/pip/_vendor/distlib/index.py\n./venv/lib/python3.12/site-packages/pip/_vendor/distlib/locators.py\n./venv/lib/python3.12/site-packages/pip/_vendor/distlib/manifest.py\n./venv/lib/python3.12/site-packages/pip/_vendor/distlib/markers.py\n./venv/lib/python3.12/site-packages/pip/_vendor/distlib/metadata.py\n./venv/lib/python3.12/site-packages/pip/_vendor/distlib/resources.py\n./venv/lib/python3.12/site-packages/pip/_vendor/distlib/scripts.py\n./venv/lib/python3.12/site-packages/pip/_vendor/distlib/t32.exe\n./venv/lib/python3.12/site-packages/pip/_vendor/distlib/t64-arm.exe\n./venv/lib/python3.12/site-packages/pip/_vendor/distlib/t64.exe\n./venv/lib/python3.12/site-packages/pip/_vendor/distlib/util.py\n./venv/lib/python3.12/site-packages/pip/_vendor/distlib/version.py\n./venv/lib/python3.12/site-packages/pip/_vendor/distlib/w32.exe\n./venv/lib/python3.12/site-packages/pip/_vendor/distlib/w64-arm.exe\n./venv/lib/python3.12/site-packages/pip/_vendor/distlib/w64.exe\n./venv/lib/python3.12/site-packages/pip/_vendor/distlib/wheel.py\n./venv/lib/python3.12/site-packages/pip/_vendor/distro/__init__.py\n./venv/lib/python3.12/site-packages/pip/_vendor/distro/__main__.py\n./venv/lib/python3.12/site-packages/pip/_vendor/distro/distro.py\n./venv/lib/python3.12/site-packages/pip/_vendor/distro/py.typed\n./venv/lib/python3.12/site-packages/pip/_vendor/cachecontrol/__init__.py\n./venv/lib/python3.12/site-packages/pip/_vendor/cachecontrol/_cmd.py\n./venv/lib/python3.12/site-packages/pip/_vendor/cachecontrol/adapter.py\n./venv/lib/python3.12/site-packages/pip/_vendor/cachecontrol/cache.py\n./venv/lib/python3.12/site-packages/pip/_vendor/cachecontrol/controller.py\n./venv/lib/python3.12/site-packages/pip/_vendor/cachecontrol/filewrapper.py\n./venv/lib/python3.12/site-packages/pip/_vendor/cachecontrol/heuristics.py\n./venv/lib/python3.12/site-packages/pip/_vendor/cachecontrol/py.typed\n./venv/lib/python3.12/site-packages/pip/_vendor/cachecontrol/serialize.py\n./venv/lib/python3.12/site-packages/pip/_vendor/cachecontrol/wrapper.py\n./venv/lib/python3.12/site-packages/pip/_vendor/cachecontrol/caches/__init__.py\n./venv/lib/python3.12/site-packages/pip/_vendor/cachecontrol/caches/file_cache.py\n./venv/lib/python3.12/site-packages/pip/_vendor/cachecontrol/caches/redis_cache.py\n./venv/lib/python3.12/site-packages/pip/_vendor/idna/__init__.py\n./venv/lib/python3.12/site-packages/pip/_vendor/idna/codec.py\n./venv/lib/python3.12/site-packages/pip/_vendor/idna/compat.py\n./venv/lib/python3.12/site-packages/pip/_vendor/idna/core.py\n./venv/lib/python3.12/site-packages/pip/_vendor/idna/idnadata.py\n./venv/lib/python3.12/site-packages/pip/_vendor/idna/intranges.py\n./venv/lib/python3.12/site-packages/pip/_vendor/idna/package_data.py\n./venv/lib/python3.12/site-packages/pip/_vendor/idna/py.typed\n./venv/lib/python3.12/site-packages/pip/_vendor/idna/uts46data.py\n./venv/lib/python3.12/site-packages/pip/_vendor/requests/__init__.py\n./venv/lib/python3.12/site-packages/pip/_vendor/requests/__version__.py\n./venv/lib/python3.12/site-packages/pip/_vendor/requests/_internal_utils.py\n./venv/lib/python3.12/site-packages/pip/_vendor/requests/adapters.py\n./venv/lib/python3.12/site-packages/pip/_vendor/requests/api.py\n./venv/lib/python3.12/site-packages/pip/_vendor/requests/auth.py\n./venv/lib/python3.12/site-packages/pip/_vendor/requests/certs.py\n./venv/lib/python3.12/site-packages/pip/_vendor/requests/compat.py\n./venv/lib/python3.12/site-packages/pip/_vendor/requests/cookies.py\n./venv/lib/python3.12/site-packages/pip/_vendor/requests/exceptions.py\n./venv/lib/python3.12/site-packages/pip/_vendor/requests/help.py\n./venv/lib/python3.12/site-packages/pip/_vendor/requests/hooks.py\n./venv/lib/python3.12/site-packages/pip/_vendor/requests/models.py\n./venv/lib/python3.12/site-packages/pip/_vendor/requests/packages.py\n./venv/lib/python3.12/site-packages/pip/_vendor/requests/sessions.py\n./venv/lib/python3.12/site-packages/pip/_vendor/requests/status_codes.py\n./venv/lib/python3.12/site-packages/pip/_vendor/requests/structures.py\n./venv/lib/python3.12/site-packages/pip/_vendor/requests/utils.py\n./venv/lib/python3.12/site-packages/pip/_vendor/tomli/__init__.py\n./venv/lib/python3.12/site-packages/pip/_vendor/tomli/_parser.py\n./venv/lib/python3.12/site-packages/pip/_vendor/tomli/_re.py\n./venv/lib/python3.12/site-packages/pip/_vendor/tomli/_types.py\n./venv/lib/python3.12/site-packages/pip/_vendor/tomli/py.typed\n./venv/lib/python3.12/site-packages/pip/_vendor/certifi/__init__.py\n./venv/lib/python3.12/site-packages/pip/_vendor/certifi/__main__.py\n./venv/lib/python3.12/site-packages/pip/_vendor/certifi/cacert.pem\n./venv/lib/python3.12/site-packages/pip/_vendor/certifi/core.py\n./venv/lib/python3.12/site-packages/pip/_vendor/certifi/py.typed\n./venv/lib/python3.12/site-packages/pip/_vendor/pyproject_hooks/__init__.py\n./venv/lib/python3.12/site-packages/pip/_vendor/pyproject_hooks/_impl.py\n./venv/lib/python3.12/site-packages/pip/_vendor/pyproject_hooks/py.typed\n./venv/lib/python3.12/site-packages/pip/_vendor/pyproject_hooks/_in_process/__init__.py\n./venv/lib/python3.12/site-packages/pip/_vendor/pyproject_hooks/_in_process/_in_process.py\n./venv/lib/python3.12/site-packages/pip/_vendor/rich/__init__.py\n./venv/lib/python3.12/site-packages/pip/_vendor/rich/__main__.py\n./venv/lib/python3.12/site-packages/pip/_vendor/rich/_cell_widths.py\n./venv/lib/python3.12/site-packages/pip/_vendor/rich/_emoji_codes.py\n./venv/lib/python3.12/site-packages/pip/_vendor/rich/_emoji_replace.py\n./venv/lib/python3.12/site-packages/pip/_vendor/rich/_export_format.py\n./venv/lib/python3.12/site-packages/pip/_vendor/rich/_extension.py\n./venv/lib/python3.12/site-packages/pip/_vendor/rich/_fileno.py\n./venv/lib/python3.12/site-packages/pip/_vendor/rich/_inspect.py\n./venv/lib/python3.12/site-packages/pip/_vendor/rich/_log_render.py\n./venv/lib/python3.12/site-packages/pip/_vendor/rich/_loop.py\n./venv/lib/python3.12/site-packages/pip/_vendor/rich/_null_file.py\n./venv/lib/python3.12/site-packages/pip/_vendor/rich/_palettes.py\n./venv/lib/python3.12/site-packages/pip/_vendor/rich/_pick.py\n./venv/lib/python3.12/site-packages/pip/_vendor/rich/_ratio.py\n./venv/lib/python3.12/site-packages/pip/_vendor/rich/_spinners.py\n./venv/lib/python3.12/site-packages/pip/_vendor/rich/_stack.py\n./venv/lib/python3.12/site-packages/pip/_vendor/rich/_timer.py\n./venv/lib/python3.12/site-packages/pip/_vendor/rich/_win32_console.py\n./venv/lib/python3.12/site-packages/pip/_vendor/rich/_windows.py\n./venv/lib/python3.12/site-packages/pip/_vendor/rich/_windows_renderer.py\n./venv/lib/python3.12/site-packages/pip/_vendor/rich/_wrap.py\n./venv/lib/python3.12/site-packages/pip/_vendor/rich/abc.py\n./venv/lib/python3.12/site-packages/pip/_vendor/rich/align.py\n./venv/lib/python3.12/site-packages/pip/_vendor/rich/ansi.py\n./venv/lib/python3.12/site-packages/pip/_vendor/rich/bar.py\n./venv/lib/python3.12/site-packages/pip/_vendor/rich/box.py\n./venv/lib/python3.12/site-packages/pip/_vendor/rich/cells.py\n./venv/lib/python3.12/site-packages/pip/_vendor/rich/color.py\n./venv/lib/python3.12/site-packages/pip/_vendor/rich/color_triplet.py\n./venv/lib/python3.12/site-packages/pip/_vendor/rich/columns.py\n./venv/lib/python3.12/site-packages/pip/_vendor/rich/console.py\n./venv/lib/python3.12/site-packages/pip/_vendor/rich/constrain.py\n./venv/lib/python3.12/site-packages/pip/_vendor/rich/containers.py\n./venv/lib/python3.12/site-packages/pip/_vendor/rich/control.py\n./venv/lib/python3.12/site-packages/pip/_vendor/rich/default_styles.py\n./venv/lib/python3.12/site-packages/pip/_vendor/rich/diagnose.py\n./venv/lib/python3.12/site-packages/pip/_vendor/rich/emoji.py\n./venv/lib/python3.12/site-packages/pip/_vendor/rich/errors.py\n./venv/lib/python3.12/site-packages/pip/_vendor/rich/file_proxy.py\n./venv/lib/python3.12/site-packages/pip/_vendor/rich/filesize.py\n./venv/lib/python3.12/site-packages/pip/_vendor/rich/highlighter.py\n./venv/lib/python3.12/site-packages/pip/_vendor/rich/json.py\n./venv/lib/python3.12/site-packages/pip/_vendor/rich/jupyter.py\n./venv/lib/python3.12/site-packages/pip/_vendor/rich/layout.py\n./venv/lib/python3.12/site-packages/pip/_vendor/rich/live.py\n./venv/lib/python3.12/site-packages/pip/_vendor/rich/live_render.py\n./venv/lib/python3.12/site-packages/pip/_vendor/rich/logging.py\n./venv/lib/python3.12/site-packages/pip/_vendor/rich/markup.py\n./venv/lib/python3.12/site-packages/pip/_vendor/rich/measure.py\n./venv/lib/python3.12/site-packages/pip/_vendor/rich/padding.py\n./venv/lib/python3.12/site-packages/pip/_vendor/rich/pager.py\n./venv/lib/python3.12/site-packages/pip/_vendor/rich/palette.py\n./venv/lib/python3.12/site-packages/pip/_vendor/rich/panel.py\n./venv/lib/python3.12/site-packages/pip/_vendor/rich/pretty.py\n./venv/lib/python3.12/site-packages/pip/_vendor/rich/progress.py\n./venv/lib/python3.12/site-packages/pip/_vendor/rich/progress_bar.py\n./venv/lib/python3.12/site-packages/pip/_vendor/rich/prompt.py\n./venv/lib/python3.12/site-packages/pip/_vendor/rich/protocol.py\n./venv/lib/python3.12/site-packages/pip/_vendor/rich/py.typed\n./venv/lib/python3.12/site-packages/pip/_vendor/rich/region.py\n./venv/lib/python3.12/site-packages/pip/_vendor/rich/repr.py\n./venv/lib/python3.12/site-packages/pip/_vendor/rich/rule.py\n./venv/lib/python3.12/site-packages/pip/_vendor/rich/scope.py\n./venv/lib/python3.12/site-packages/pip/_vendor/rich/screen.py\n./venv/lib/python3.12/site-packages/pip/_vendor/rich/segment.py\n./venv/lib/python3.12/site-packages/pip/_vendor/rich/spinner.py\n./venv/lib/python3.12/site-packages/pip/_vendor/rich/status.py\n./venv/lib/python3.12/site-packages/pip/_vendor/rich/style.py\n./venv/lib/python3.12/site-packages/pip/_vendor/rich/styled.py\n./venv/lib/python3.12/site-packages/pip/_vendor/rich/syntax.py\n./venv/lib/python3.12/site-packages/pip/_vendor/rich/table.py\n./venv/lib/python3.12/site-packages/pip/_vendor/rich/terminal_theme.py\n./venv/lib/python3.12/site-packages/pip/_vendor/rich/text.py\n./venv/lib/python3.12/site-packages/pip/_vendor/rich/theme.py\n./venv/lib/python3.12/site-packages/pip/_vendor/rich/themes.py\n./venv/lib/python3.12/site-packages/pip/_vendor/rich/traceback.py\n./venv/lib/python3.12/site-packages/pip/_vendor/rich/tree.py\n./venv/lib/python3.12/site-packages/pip/_vendor/urllib3/__init__.py\n./venv/lib/python3.12/site-packages/pip/_vendor/urllib3/_collections.py\n./venv/lib/python3.12/site-packages/pip/_vendor/urllib3/_version.py\n./venv/lib/python3.12/site-packages/pip/_vendor/urllib3/connection.py\n./venv/lib/python3.12/site-packages/pip/_vendor/urllib3/connectionpool.py\n./venv/lib/python3.12/site-packages/pip/_vendor/urllib3/exceptions.py\n./venv/lib/python3.12/site-packages/pip/_vendor/urllib3/fields.py\n./venv/lib/python3.12/site-packages/pip/_vendor/urllib3/filepost.py\n./venv/lib/python3.12/site-packages/pip/_vendor/urllib3/poolmanager.py\n./venv/lib/python3.12/site-packages/pip/_vendor/urllib3/request.py\n./venv/lib/python3.12/site-packages/pip/_vendor/urllib3/response.py\n./venv/lib/python3.12/site-packages/pip/_vendor/urllib3/util/__init__.py\n./venv/lib/python3.12/site-packages/pip/_vendor/urllib3/util/connection.py\n./venv/lib/python3.12/site-packages/pip/_vendor/urllib3/util/proxy.py\n./venv/lib/python3.12/site-packages/pip/_vendor/urllib3/util/queue.py\n./venv/lib/python3.12/site-packages/pip/_vendor/urllib3/util/request.py\n./venv/lib/python3.12/site-packages/pip/_vendor/urllib3/util/response.py\n./venv/lib/python3.12/site-packages/pip/_vendor/urllib3/util/retry.py\n./venv/lib/python3.12/site-packages/pip/_vendor/urllib3/util/ssl_.py\n./venv/lib/python3.12/site-packages/pip/_vendor/urllib3/util/ssl_match_hostname.py\n./venv/lib/python3.12/site-packages/pip/_vendor/urllib3/util/ssltransport.py\n./venv/lib/python3.12/site-packages/pip/_vendor/urllib3/util/timeout.py\n./venv/lib/python3.12/site-packages/pip/_vendor/urllib3/util/url.py\n./venv/lib/python3.12/site-packages/pip/_vendor/urllib3/util/wait.py\n./venv/lib/python3.12/site-packages/pip/_vendor/urllib3/contrib/__init__.py\n./venv/lib/python3.12/site-packages/pip/_vendor/urllib3/contrib/_appengine_environ.py\n./venv/lib/python3.12/site-packages/pip/_vendor/urllib3/contrib/appengine.py\n./venv/lib/python3.12/site-packages/pip/_vendor/urllib3/contrib/ntlmpool.py\n./venv/lib/python3.12/site-packages/pip/_vendor/urllib3/contrib/pyopenssl.py\n./venv/lib/python3.12/site-packages/pip/_vendor/urllib3/contrib/securetransport.py\n./venv/lib/python3.12/site-packages/pip/_vendor/urllib3/contrib/socks.py\n./venv/lib/python3.12/site-packages/pip/_vendor/urllib3/contrib/_securetransport/__init__.py\n./venv/lib/python3.12/site-packages/pip/_vendor/urllib3/contrib/_securetransport/bindings.py\n./venv/lib/python3.12/site-packages/pip/_vendor/urllib3/contrib/_securetransport/low_level.py\n./venv/lib/python3.12/site-packages/pip/_vendor/urllib3/packages/__init__.py\n./venv/lib/python3.12/site-packages/pip/_vendor/urllib3/packages/six.py\n./venv/lib/python3.12/site-packages/pip/_vendor/urllib3/packages/backports/__init__.py\n./venv/lib/python3.12/site-packages/pip/_vendor/urllib3/packages/backports/makefile.py\n./venv/lib/python3.12/site-packages/pip/_vendor/urllib3/packages/backports/weakref_finalize.py\n./venv/lib/python3.12/site-packages/pip/_vendor/pkg_resources/__init__.py\n./venv/lib/python3.12/site-packages/pip/_vendor/resolvelib/__init__.py\n./venv/lib/python3.12/site-packages/pip/_vendor/resolvelib/providers.py\n./venv/lib/python3.12/site-packages/pip/_vendor/resolvelib/py.typed\n./venv/lib/python3.12/site-packages/pip/_vendor/resolvelib/reporters.py\n./venv/lib/python3.12/site-packages/pip/_vendor/resolvelib/resolvers.py\n./venv/lib/python3.12/site-packages/pip/_vendor/resolvelib/structs.py\n./venv/lib/python3.12/site-packages/pip/_vendor/resolvelib/compat/__init__.py\n./venv/lib/python3.12/site-packages/pip/_vendor/resolvelib/compat/collections_abc.py\n./venv/lib/python3.12/site-packages/pip/_vendor/platformdirs/__init__.py\n./venv/lib/python3.12/site-packages/pip/_vendor/platformdirs/__main__.py\n./venv/lib/python3.12/site-packages/pip/_vendor/platformdirs/android.py\n./venv/lib/python3.12/site-packages/pip/_vendor/platformdirs/api.py\n./venv/lib/python3.12/site-packages/pip/_vendor/platformdirs/macos.py\n./venv/lib/python3.12/site-packages/pip/_vendor/platformdirs/py.typed\n./venv/lib/python3.12/site-packages/pip/_vendor/platformdirs/unix.py\n./venv/lib/python3.12/site-packages/pip/_vendor/platformdirs/version.py\n./venv/lib/python3.12/site-packages/pip/_vendor/platformdirs/windows.py\n./venv/lib/python3.12/site-packages/pyqt6_qt6-6.10.2.dist-info/INSTALLER\n./venv/lib/python3.12/site-packages/pyqt6_qt6-6.10.2.dist-info/LICENSE\n./venv/lib/python3.12/site-packages/pyqt6_qt6-6.10.2.dist-info/METADATA\n./venv/lib/python3.12/site-packages/pyqt6_qt6-6.10.2.dist-info/RECORD\n./venv/lib/python3.12/site-packages/pyqt6_qt6-6.10.2.dist-info/WHEEL\n./venv/lib/python3.12/site-packages/pyqt6_sip-13.11.0.dist-info/INSTALLER\n./venv/lib/python3.12/site-packages/pyqt6_sip-13.11.0.dist-info/METADATA\n./venv/lib/python3.12/site-packages/pyqt6_sip-13.11.0.dist-info/RECORD\n./venv/lib/python3.12/site-packages/pyqt6_sip-13.11.0.dist-info/WHEEL\n./venv/lib/python3.12/site-packages/pyqt6_sip-13.11.0.dist-info/top_level.txt\n./venv/lib/python3.12/site-packages/pyqt6_sip-13.11.0.dist-info/licenses/LICENSE\n./venv/lib/python3.12/site-packages/PyQt6/QtBluetooth.abi3.so\n./venv/lib/python3.12/site-packages/PyQt6/QtBluetooth.pyi\n./venv/lib/python3.12/site-packages/PyQt6/QtCore.abi3.so\n./venv/lib/python3.12/site-packages/PyQt6/QtCore.pyi\n./venv/lib/python3.12/site-packages/PyQt6/QtDBus.abi3.so\n./venv/lib/python3.12/site-packages/PyQt6/QtDBus.pyi\n./venv/lib/python3.12/site-packages/PyQt6/QtDesigner.abi3.so\n./venv/lib/python3.12/site-packages/PyQt6/QtDesigner.pyi\n./venv/lib/python3.12/site-packages/PyQt6/QtGui.abi3.so\n./venv/lib/python3.12/site-packages/PyQt6/QtGui.pyi\n./venv/lib/python3.12/site-packages/PyQt6/QtHelp.abi3.so\n./venv/lib/python3.12/site-packages/PyQt6/QtHelp.pyi\n./venv/lib/python3.12/site-packages/PyQt6/QtMultimedia.abi3.so\n./venv/lib/python3.12/site-packages/PyQt6/QtMultimedia.pyi\n./venv/lib/python3.12/site-packages/PyQt6/QtMultimediaWidgets.abi3.so\n./venv/lib/python3.12/site-packages/PyQt6/QtMultimediaWidgets.pyi\n./venv/lib/python3.12/site-packages/PyQt6/QtNetwork.abi3.so\n./venv/lib/python3.12/site-packages/PyQt6/QtNetwork.pyi\n./venv/lib/python3.12/site-packages/PyQt6/QtNfc.abi3.so\n./venv/lib/python3.12/site-packages/PyQt6/QtNfc.pyi\n./venv/lib/python3.12/site-packages/PyQt6/QtOpenGL.abi3.so\n./venv/lib/python3.12/site-packages/PyQt6/QtOpenGL.pyi\n./venv/lib/python3.12/site-packages/PyQt6/QtOpenGLWidgets.abi3.so\n./venv/lib/python3.12/site-packages/PyQt6/QtOpenGLWidgets.pyi\n./venv/lib/python3.12/site-packages/PyQt6/QtPdf.abi3.so\n./venv/lib/python3.12/site-packages/PyQt6/QtPdf.pyi\n./venv/lib/python3.12/site-packages/PyQt6/QtPdfWidgets.abi3.so\n./venv/lib/python3.12/site-packages/PyQt6/QtPdfWidgets.pyi\n./venv/lib/python3.12/site-packages/PyQt6/QtPositioning.abi3.so\n./venv/lib/python3.12/site-packages/PyQt6/QtPositioning.pyi\n./venv/lib/python3.12/site-packages/PyQt6/QtPrintSupport.abi3.so\n./venv/lib/python3.12/site-packages/PyQt6/QtPrintSupport.pyi\n./venv/lib/python3.12/site-packages/PyQt6/QtQml.abi3.so\n./venv/lib/python3.12/site-packages/PyQt6/QtQml.pyi\n./venv/lib/python3.12/site-packages/PyQt6/QtQuick.abi3.so\n./venv/lib/python3.12/site-packages/PyQt6/QtQuick.pyi\n./venv/lib/python3.12/site-packages/PyQt6/QtQuick3D.abi3.so\n./venv/lib/python3.12/site-packages/PyQt6/QtQuick3D.pyi\n./venv/lib/python3.12/site-packages/PyQt6/QtQuickWidgets.abi3.so\n./venv/lib/python3.12/site-packages/PyQt6/QtQuickWidgets.pyi\n./venv/lib/python3.12/site-packages/PyQt6/QtRemoteObjects.abi3.so\n./venv/lib/python3.12/site-packages/PyQt6/QtRemoteObjects.pyi\n./venv/lib/python3.12/site-packages/PyQt6/QtSensors.abi3.so\n./venv/lib/python3.12/site-packages/PyQt6/QtSensors.pyi\n./venv/lib/python3.12/site-packages/PyQt6/QtSerialPort.abi3.so\n./venv/lib/python3.12/site-packages/PyQt6/QtSerialPort.pyi\n./venv/lib/python3.12/site-packages/PyQt6/QtSpatialAudio.abi3.so\n./venv/lib/python3.12/site-packages/PyQt6/QtSpatialAudio.pyi\n./venv/lib/python3.12/site-packages/PyQt6/QtSql.abi3.so\n./venv/lib/python3.12/site-packages/PyQt6/QtSql.pyi\n./venv/lib/python3.12/site-packages/PyQt6/QtStateMachine.abi3.so\n./venv/lib/python3.12/site-packages/PyQt6/QtStateMachine.pyi\n./venv/lib/python3.12/site-packages/PyQt6/QtSvg.abi3.so\n./venv/lib/python3.12/site-packages/PyQt6/QtSvg.pyi\n./venv/lib/python3.12/site-packages/PyQt6/QtSvgWidgets.abi3.so\n./venv/lib/python3.12/site-packages/PyQt6/QtSvgWidgets.pyi\n./venv/lib/python3.12/site-packages/PyQt6/QtTest.abi3.so\n./venv/lib/python3.12/site-packages/PyQt6/QtTest.pyi\n./venv/lib/python3.12/site-packages/PyQt6/QtTextToSpeech.abi3.so\n./venv/lib/python3.12/site-packages/PyQt6/QtTextToSpeech.pyi\n./venv/lib/python3.12/site-packages/PyQt6/QtWebChannel.abi3.so\n./venv/lib/python3.12/site-packages/PyQt6/QtWebChannel.pyi\n./venv/lib/python3.12/site-packages/PyQt6/QtWebSockets.abi3.so\n./venv/lib/python3.12/site-packages/PyQt6/QtWebSockets.pyi\n./venv/lib/python3.12/site-packages/PyQt6/QtWidgets.abi3.so\n./venv/lib/python3.12/site-packages/PyQt6/QtWidgets.pyi\n./venv/lib/python3.12/site-packages/PyQt6/QtXml.abi3.so\n./venv/lib/python3.12/site-packages/PyQt6/QtXml.pyi\n./venv/lib/python3.12/site-packages/PyQt6/__init__.py\n./venv/lib/python3.12/site-packages/PyQt6/py.typed\n./venv/lib/python3.12/site-packages/PyQt6/sip.cpython-312-darwin.so\n./venv/lib/python3.12/site-packages/PyQt6/sip.pyi\n./venv/lib/python3.12/site-packages/PyQt6/lupdate/__init__.py\n./venv/lib/python3.12/site-packages/PyQt6/lupdate/designer_source.py\n./venv/lib/python3.12/site-packages/PyQt6/lupdate/lupdate.py\n./venv/lib/python3.12/site-packages/PyQt6/lupdate/pylupdate.py\n./venv/lib/python3.12/site-packages/PyQt6/lupdate/python_source.py\n./venv/lib/python3.12/site-packages/PyQt6/lupdate/source_file.py\n./venv/lib/python3.12/site-packages/PyQt6/lupdate/translation_file.py\n./venv/lib/python3.12/site-packages/PyQt6/lupdate/translations.py\n./venv/lib/python3.12/site-packages/PyQt6/lupdate/user.py\n./venv/lib/python3.12/site-packages/PyQt6/uic/__init__.py\n./venv/lib/python3.12/site-packages/PyQt6/uic/compile_ui.py\n./venv/lib/python3.12/site-packages/PyQt6/uic/enum_map.py\n./venv/lib/python3.12/site-packages/PyQt6/uic/exceptions.py\n./venv/lib/python3.12/site-packages/PyQt6/uic/icon_cache.py\n./venv/lib/python3.12/site-packages/PyQt6/uic/load_ui.py\n./venv/lib/python3.12/site-packages/PyQt6/uic/objcreator.py\n./venv/lib/python3.12/site-packages/PyQt6/uic/properties.py\n./venv/lib/python3.12/site-packages/PyQt6/uic/pyuic.py\n./venv/lib/python3.12/site-packages/PyQt6/uic/ui_file.py\n./venv/lib/python3.12/site-packages/PyQt6/uic/uiparser.py\n./venv/lib/python3.12/site-packages/PyQt6/uic/widget-plugins/qaxcontainer.py\n./venv/lib/python3.12/site-packages/PyQt6/uic/widget-plugins/qscintilla.py\n./venv/lib/python3.12/site-packages/PyQt6/uic/widget-plugins/qtcharts.py\n./venv/lib/python3.12/site-packages/PyQt6/uic/widget-plugins/qtopenglwidgets.py\n./venv/lib/python3.12/site-packages/PyQt6/uic/widget-plugins/qtprintsupport.py\n./venv/lib/python3.12/site-packages/PyQt6/uic/widget-plugins/qtquickwidgets.py\n./venv/lib/python3.12/site-packages/PyQt6/uic/widget-plugins/qtwebenginewidgets.py\n./venv/lib/python3.12/site-packages/PyQt6/uic/Loader/__init__.py\n./venv/lib/python3.12/site-packages/PyQt6/uic/Loader/loader.py\n./venv/lib/python3.12/site-packages/PyQt6/uic/Loader/qobjectcreator.py\n./venv/lib/python3.12/site-packages/PyQt6/uic/Compiler/__init__.py\n./venv/lib/python3.12/site-packages/PyQt6/uic/Compiler/as_string.py\n./venv/lib/python3.12/site-packages/PyQt6/uic/Compiler/compiler.py\n./venv/lib/python3.12/site-packages/PyQt6/uic/Compiler/indenter.py\n./venv/lib/python3.12/site-packages/PyQt6/uic/Compiler/misc.py\n./venv/lib/python3.12/site-packages/PyQt6/uic/Compiler/proxy_metaclass.py\n./venv/lib/python3.12/site-packages/PyQt6/uic/Compiler/qobjectcreator.py\n./venv/lib/python3.12/site-packages/PyQt6/uic/Compiler/qtproxies.py\n./venv/lib/python3.12/site-packages/PyQt6/Qt6/qml/QtWebSockets/libqmlwebsocketsplugin.dylib\n./venv/lib/python3.12/site-packages/PyQt6/Qt6/qml/QtWebSockets/plugins.qmltypes\n./venv/lib/python3.12/site-packages/PyQt6/Qt6/qml/QtWebSockets/qmldir\n./venv/lib/python3.12/site-packages/PyQt6/Qt6/qml/QtQml/libqmlplugin.dylib\n./venv/lib/python3.12/site-packages/PyQt6/Qt6/qml/QtQml/plugins.qmltypes\n./venv/lib/python3.12/site-packages/PyQt6/Qt6/qml/QtQml/qmldir\n./venv/lib/python3.12/site-packages/PyQt6/Qt6/qml/QtQml/StateMachine/libqtqmlstatemachineplugin.dylib\n./venv/lib/python3.12/site-packages/PyQt6/Qt6/qml/QtQml/StateMachine/plugins.qmltypes\n./venv/lib/python3.12/site-packages/PyQt6/Qt6/qml/QtQml/StateMachine/qmldir\n./venv/lib/python3.12/site-packages/PyQt6/Qt6/qml/QtQml/Models/libmodelsplugin.dylib\n./venv/lib/python3.12/site-packages/PyQt6/Qt6/qml/QtQml/Models/plugins.qmltypes\n./venv/lib/python3.12/site-packages/PyQt6/Qt6/qml/QtQml/Models/qmldir\n./venv/lib/python3.12/site-packages/PyQt6/Qt6/qml/QtQml/WorkerScript/libworkerscriptplugin.dylib\n./venv/lib/python3.12/site-packages/PyQt6/Qt6/qml/QtQml/WorkerScript/plugins.qmltypes\n./venv/lib/python3.12/site-packages/PyQt6/Qt6/qml/QtQml/WorkerScript/qmldir\n./venv/lib/python3.12/site-packages/PyQt6/Qt6/qml/QtQml/XmlListModel/libqmlxmllistmodelplugin.dylib\n./venv/lib/python3.12/site-packages/PyQt6/Qt6/qml/QtQml/XmlListModel/plugins.qmltypes\n./venv/lib/python3.12/site-packages/PyQt6/Qt6/qml/QtQml/XmlListModel/qmldir\n./venv/lib/python3.12/site-packages/PyQt6/Qt6/qml/QtNetwork/libqmlnetworkplugin.dylib\n./venv/lib/python3.12/site-packages/PyQt6/Qt6/qml/QtNetwork/plugins.qmltypes\n./venv/lib/python3.12/site-packages/PyQt6/Qt6/qml/QtNetwork/qmldir\n./venv/lib/python3.12/site-packages/PyQt6/Qt6/qml/QtQuick3D/LightmapperOutputWindow.qml\n./venv/lib/python3.12/site-packages/PyQt6/Qt6/qml/QtQuick3D/Quick3D.qmltypes\n./venv/lib/python3.12/site-packages/PyQt6/Qt6/qml/QtQuick3D/libqquick3dplugin.dylib\n./venv/lib/python3.12/site-packages/PyQt6/Qt6/qml/QtQuick3D/qmldir\n./venv/lib/python3.12/site-packages/PyQt6/Qt6/qml/QtQuick3D/lightmapviewer/LightmapViewer.qml\n./venv/lib/python3.12/site-packages/PyQt6/Qt6/qml/QtQuick3D/lightmapviewer/lightmapviewer.qmltypes\n./venv/lib/python3.12/site-packages/PyQt6/Qt6/qml/QtQuick3D/lightmapviewer/qmldir\n./venv/lib/python3.12/site-packages/PyQt6/Qt6/qml/QtQuick3D/MaterialEditor/AboutDialog.qml\n./venv/lib/python3.12/site-packages/PyQt6/Qt6/qml/QtQuick3D/MaterialEditor/EditorView.qml\n./venv/lib/python3.12/site-packages/PyQt6/Qt6/qml/QtQuick3D/MaterialEditor/FrostedGlass.qml\n./venv/lib/python3.12/site-packages/PyQt6/Qt6/qml/QtQuick3D/MaterialEditor/InstancingPropertiesPane.qml\n./venv/lib/python3.12/site-packages/PyQt6/Qt6/qml/QtQuick3D/MaterialEditor/MaterialPropertiesPane.qml\n./venv/lib/python3.12/site-packages/PyQt6/Qt6/qml/QtQuick3D/MaterialEditor/Preview.qml\n./venv/lib/python3.12/site-packages/PyQt6/Qt6/qml/QtQuick3D/MaterialEditor/PreviewControls.qml\n./venv/lib/python3.12/site-packages/PyQt6/Qt6/qml/QtQuick3D/MaterialEditor/SaveChangesDialog.qml\n./venv/lib/python3.12/site-packages/PyQt6/Qt6/qml/QtQuick3D/MaterialEditor/ShaderEditor.qml\n./venv/lib/python3.12/site-packages/PyQt6/Qt6/qml/QtQuick3D/MaterialEditor/UniformManagerPane.qml\n./venv/lib/python3.12/site-packages/PyQt6/Qt6/qml/QtQuick3D/MaterialEditor/main.qml\n./venv/lib/python3.12/site-packages/PyQt6/Qt6/qml/QtQuick3D/MaterialEditor/plugins.qmltypes\n./venv/lib/python3.12/site-packages/PyQt6/Qt6/qml/QtQuick3D/MaterialEditor/qmldir\n./venv/lib/python3.12/site-packages/PyQt6/Qt6/qml/QtQuick3D/ParticleEffects/Quick3DParticleEffects.qmltypes\n./venv/lib/python3.12/site-packages/PyQt6/Qt6/qml/QtQuick3D/ParticleEffects/libqtquick3dparticleeffectsplugin.dylib\n./venv/lib/python3.12/site-packages/PyQt6/Qt6/qml/QtQuick3D/ParticleEffects/qmldir\n./venv/lib/python3.12/site-packages/PyQt6/Qt6/qml/QtQuick3D/ParticleEffects/designer/particleeffects.metainfo\n./venv/lib/python3.12/site-packages/PyQt6/Qt6/qml/QtQuick3D/ParticleEffects/designer/images/color_table.png\n./venv/lib/python3.12/site-packages/PyQt6/Qt6/qml/QtQuick3D/ParticleEffects/designer/images/color_table2.png\n./venv/lib/python3.12/site-packages/PyQt6/Qt6/qml/QtQuick3D/ParticleEffects/designer/images/droplet.png\n./venv/lib/python3.12/site-packages/PyQt6/Qt6/qml/QtQuick3D/ParticleEffects/designer/images/dummy.png\n./venv/lib/python3.12/site-packages/PyQt6/Qt6/qml/QtQuick3D/ParticleEffects/designer/images/dummy16.png\n./venv/lib/python3.12/site-packages/PyQt6/Qt6/qml/QtQuick3D/ParticleEffects/designer/images/dummy@2x.png\n./venv/lib/python3.12/site-packages/PyQt6/Qt6/qml/QtQuick3D/ParticleEffects/designer/images/rain.png\n./venv/lib/python3.12/site-packages/PyQt6/Qt6/qml/QtQuick3D/ParticleEffects/designer/images/ripple.png\n./venv/lib/python3.12/site-packages/PyQt6/Qt6/qml/QtQuick3D/ParticleEffects/designer/images/smoke2.png\n./venv/lib/python3.12/site-packages/PyQt6/Qt6/qml/QtQuick3D/ParticleEffects/designer/images/smoke_sprite.png\n./venv/lib/python3.12/site-packages/PyQt6/Qt6/qml/QtQuick3D/ParticleEffects/designer/images/smoke_sprite2.png\n./venv/lib/python3.12/site-packages/PyQt6/Qt6/qml/QtQuick3D/ParticleEffects/designer/images/snowflake.png\n./venv/lib/python3.12/site-packages/PyQt6/Qt6/qml/QtQuick3D/ParticleEffects/designer/images/sphere.png\n./venv/lib/python3.12/site-packages/PyQt6/Qt6/qml/QtQuick3D/ParticleEffects/designer/images/splash7.png\n./venv/lib/python3.12/site-packages/PyQt6/Qt6/qml/QtQuick3D/ParticleEffects/designer/source/particleeffect_clouds.qml\n./venv/lib/python3.12/site-packages/PyQt6/Qt6/qml/QtQuick3D/ParticleEffects/designer/source/particleeffect_dust.qml\n./venv/lib/python3.12/site-packages/PyQt6/Qt6/qml/QtQuick3D/ParticleEffects/designer/source/particleeffect_exhaust.qml\n./venv/lib/python3.12/site-packages/PyQt6/Qt6/qml/QtQuick3D/ParticleEffects/designer/source/particleeffect_fire.qml\n./venv/lib/python3.12/site-packages/PyQt6/Qt6/qml/QtQuick3D/ParticleEffects/designer/source/particleeffect_heavyrain.qml\n./venv/lib/python3.12/site-packages/PyQt6/Qt6/qml/QtQuick3D/ParticleEffects/designer/source/particleeffect_heavyrain_tirespray.qml\n./venv/lib/python3.12/site-packages/PyQt6/Qt6/qml/QtQuick3D/ParticleEffects/designer/source/particleeffect_lightrain.qml\n./venv/lib/python3.12/site-packages/PyQt6/Qt6/qml/QtQuick3D/ParticleEffects/designer/source/particleeffect_lightrain_tirespray.qml\n./venv/lib/python3.12/site-packages/PyQt6/Qt6/qml/QtQuick3D/ParticleEffects/designer/source/particleeffect_rainmist.qml\n./venv/lib/python3.12/site-packages/PyQt6/Qt6/qml/QtQuick3D/ParticleEffects/designer/source/particleeffect_snow.qml\n./venv/lib/python3.12/site-packages/PyQt6/Qt6/qml/QtQuick3D/ParticleEffects/designer/source/particleeffect_steam.qml\n./venv/lib/python3.12/site-packages/PyQt6/Qt6/qml/QtQuick3D/Xr/XrErrorDialog.qml\n./venv/lib/python3.12/site-packages/PyQt6/Qt6/qml/QtQuick3D/Xr/libquick3dxrplugin.dylib\n./venv/lib/python3.12/site-packages/PyQt6/Qt6/qml/QtQuick3D/Xr/plugins.qmltypes\n./venv/lib/python3.12/site-packages/PyQt6/Qt6/qml/QtQuick3D/Xr/qmldir\n./venv/lib/python3.12/site-packages/PyQt6/Qt6/qml/QtQuick3D/AssetUtils/libqtquick3dassetutilsplugin.dylib\n./venv/lib/python3.12/site-packages/PyQt6/Qt6/qml/QtQuick3D/AssetUtils/plugins.qmltypes\n./venv/lib/python3.12/site-packages/PyQt6/Qt6/qml/QtQuick3D/AssetUtils/qmldir\n./venv/lib/python3.12/site-packages/PyQt6/Qt6/qml/QtQuick3D/AssetUtils/designer/NodeSection.qml\n./venv/lib/python3.12/site-packages/PyQt6/Qt6/qml/QtQuick3D/AssetUtils/designer/RuntimeLoaderSection.qml\n./venv/lib/python3.12/site-packages/PyQt6/Qt6/qml/QtQuick3D/AssetUtils/designer/RuntimeLoaderSpecifics.qml\n./venv/lib/python3.12/site-packages/PyQt6/Qt6/qml/QtQuick3D/AssetUtils/designer/assetutils.metainfo\n./venv/lib/python3.12/site-packages/PyQt6/Qt6/qml/QtQuick3D/AssetUtils/designer/images/dummy.png\n./venv/lib/python3.12/site-packages/PyQt6/Qt6/qml/QtQuick3D/AssetUtils/designer/images/dummy16.png\n./venv/lib/python3.12/site-packages/PyQt6/Qt6/qml/QtQuick3D/AssetUtils/designer/images/dummy@2x.png\n./venv/lib/python3.12/site-packages/PyQt6/Qt6/qml/QtQuick3D/AssetUtils/designer/images/runtimeloader.png\n./venv/lib/python3.12/site-packages/PyQt6/Qt6/qml/QtQuick3D/AssetUtils/designer/images/runtimeloader16.png\n./venv/lib/python3.12/site-packages/PyQt6/Qt6/qml/QtQuick3D/AssetUtils/designer/images/runtimeloader@2x.png\n./venv/lib/python3.12/site-packages/PyQt6/Qt6/qml/QtQuick3D/SpatialAudio/libquick3dspatialaudioplugin.dylib\n./venv/lib/python3.12/site-packages/PyQt6/Qt6/qml/QtQuick3D/SpatialAudio/plugins.qmltypes\n./venv/lib/python3.12/site-packages/PyQt6/Qt6/qml/QtQuick3D/SpatialAudio/qmldir\n./venv/lib/python3.12/site-packages/PyQt6/Qt6/qml/QtQuick3D/designer/AbstractLightSection.qml\n./venv/lib/python3.12/site-packages/PyQt6/Qt6/qml/QtQuick3D/designer/BufferInputSection.qml\n./venv/lib/python3.12/site-packages/PyQt6/Qt6/qml/QtQuick3D/designer/BufferInputSpecifics.qml\n./venv/lib/python3.12/site-packages/PyQt6/Qt6/qml/QtQuick3D/designer/BufferSection.qml\n./venv/lib/python3.12/site-packages/PyQt6/Qt6/qml/QtQuick3D/designer/BufferSpecifics.qml\n./venv/lib/python3.12/site-packages/PyQt6/Qt6/qml/QtQuick3D/designer/CameraSection.qml\n./venv/lib/python3.12/site-packages/PyQt6/Qt6/qml/QtQuick3D/designer/CascadesSection.qml\n./venv/lib/python3.12/site-packages/PyQt6/Qt6/qml/QtQuick3D/designer/CubeMapTextureSpecifics.qml\n./venv/lib/python3.12/site-packages/PyQt6/Qt6/qml/QtQuick3D/designer/CustomCameraSpecifics.qml\n./venv/lib/python3.12/site-packages/PyQt6/Qt6/qml/QtQuick3D/designer/CustomMaterialSection.qml\n./venv/lib/python3.12/site-packages/PyQt6/Qt6/qml/QtQuick3D/designer/CustomMaterialSpecifics.qml\n./venv/lib/python3.12/site-packages/PyQt6/Qt6/qml/QtQuick3D/designer/DebugSettingsSection.qml\n./venv/lib/python3.12/site-packages/PyQt6/Qt6/qml/QtQuick3D/designer/DebugSettingsSpecifics.qml\n./venv/lib/python3.12/site-packages/PyQt6/Qt6/qml/QtQuick3D/designer/DefaultMaterialSection.qml\n./venv/lib/python3.12/site-packages/PyQt6/Qt6/qml/QtQuick3D/designer/DefaultMaterialSpecifics.qml\n./venv/lib/python3.12/site-packages/PyQt6/Qt6/qml/QtQuick3D/designer/DirectionalLightSection.qml\n./venv/lib/python3.12/site-packages/PyQt6/Qt6/qml/QtQuick3D/designer/DirectionalLightSpecifics.qml\n./venv/lib/python3.12/site-packages/PyQt6/Qt6/qml/QtQuick3D/designer/EffectSection.qml\n./venv/lib/python3.12/site-packages/PyQt6/Qt6/qml/QtQuick3D/designer/EffectSpecifics.qml\n./venv/lib/python3.12/site-packages/PyQt6/Qt6/qml/QtQuick3D/designer/FileInstancingSection.qml\n./venv/lib/python3.12/site-packages/PyQt6/Qt6/qml/QtQuick3D/designer/FileInstancingSpecifics.qml\n./venv/lib/python3.12/site-packages/PyQt6/Qt6/qml/QtQuick3D/designer/FogSection.qml\n./venv/lib/python3.12/site-packages/PyQt6/Qt6/qml/QtQuick3D/designer/FogSpecifics.qml\n./venv/lib/python3.12/site-packages/PyQt6/Qt6/qml/QtQuick3D/designer/FrustumCameraSection.qml\n./venv/lib/python3.12/site-packages/PyQt6/Qt6/qml/QtQuick3D/designer/FrustumCameraSpecifics.qml\n./venv/lib/python3.12/site-packages/PyQt6/Qt6/qml/QtQuick3D/designer/InstanceListEntrySection.qml\n./venv/lib/python3.12/site-packages/PyQt6/Qt6/qml/QtQuick3D/designer/InstanceListEntrySpecifics.qml\n./venv/lib/python3.12/site-packages/PyQt6/Qt6/qml/QtQuick3D/designer/InstanceListSection.qml\n./venv/lib/python3.12/site-packages/PyQt6/Qt6/qml/QtQuick3D/designer/InstanceListSpecifics.qml\n./venv/lib/python3.12/site-packages/PyQt6/Qt6/qml/QtQuick3D/designer/InstancingSection.qml\n./venv/lib/python3.12/site-packages/PyQt6/Qt6/qml/QtQuick3D/designer/JointSection.qml\n./venv/lib/python3.12/site-packages/PyQt6/Qt6/qml/QtQuick3D/designer/JointSpecifics.qml\n./venv/lib/python3.12/site-packages/PyQt6/Qt6/qml/QtQuick3D/designer/LightmapperSection.qml\n./venv/lib/python3.12/site-packages/PyQt6/Qt6/qml/QtQuick3D/designer/LightmapperSpecifics.qml\n./venv/lib/python3.12/site-packages/PyQt6/Qt6/qml/QtQuick3D/designer/Loader3DSection.qml\n./venv/lib/python3.12/site-packages/PyQt6/Qt6/qml/QtQuick3D/designer/Loader3DSpecifics.qml\n./venv/lib/python3.12/site-packages/PyQt6/Qt6/qml/QtQuick3D/designer/MaterialSection.qml\n./venv/lib/python3.12/site-packages/PyQt6/Qt6/qml/QtQuick3D/designer/ModelSection.qml\n./venv/lib/python3.12/site-packages/PyQt6/Qt6/qml/QtQuick3D/designer/ModelSpecifics.qml\n./venv/lib/python3.12/site-packages/PyQt6/Qt6/qml/QtQuick3D/designer/MorphTargetSection.qml\n./venv/lib/python3.12/site-packages/PyQt6/Qt6/qml/QtQuick3D/designer/MorphTargetSpecifics.qml\n./venv/lib/python3.12/site-packages/PyQt6/Qt6/qml/QtQuick3D/designer/NodeSection.qml\n./venv/lib/python3.12/site-packages/PyQt6/Qt6/qml/QtQuick3D/designer/NodeSpecifics.qml\n./venv/lib/python3.12/site-packages/PyQt6/Qt6/qml/QtQuick3D/designer/Object3DSection.qml\n./venv/lib/python3.12/site-packages/PyQt6/Qt6/qml/QtQuick3D/designer/OrthographicCameraSection.qml\n./venv/lib/python3.12/site-packages/PyQt6/Qt6/qml/QtQuick3D/designer/OrthographicCameraSpecifics.qml\n./venv/lib/python3.12/site-packages/PyQt6/Qt6/qml/QtQuick3D/designer/PassSection.qml\n./venv/lib/python3.12/site-packages/PyQt6/Qt6/qml/QtQuick3D/designer/PassSpecifics.qml\n./venv/lib/python3.12/site-packages/PyQt6/Qt6/qml/QtQuick3D/designer/PerspectiveCameraSection.qml\n./venv/lib/python3.12/site-packages/PyQt6/Qt6/qml/QtQuick3D/designer/PerspectiveCameraSpecifics.qml\n./venv/lib/python3.12/site-packages/PyQt6/Qt6/qml/QtQuick3D/designer/PointLightSection.qml\n./venv/lib/python3.12/site-packages/PyQt6/Qt6/qml/QtQuick3D/designer/PointLightSpecifics.qml\n./venv/lib/python3.12/site-packages/PyQt6/Qt6/qml/QtQuick3D/designer/PrincipledMaterialSection.qml\n./venv/lib/python3.12/site-packages/PyQt6/Qt6/qml/QtQuick3D/designer/PrincipledMaterialSpecifics.qml\n./venv/lib/python3.12/site-packages/PyQt6/Qt6/qml/QtQuick3D/designer/ReflectionProbeSection.qml\n./venv/lib/python3.12/site-packages/PyQt6/Qt6/qml/QtQuick3D/designer/ReflectionProbeSpecifics.qml\n./venv/lib/python3.12/site-packages/PyQt6/Qt6/qml/QtQuick3D/designer/Repeater3DSection.qml\n./venv/lib/python3.12/site-packages/PyQt6/Qt6/qml/QtQuick3D/designer/Repeater3DSpecifics.qml\n./venv/lib/python3.12/site-packages/PyQt6/Qt6/qml/QtQuick3D/designer/ResourceLoaderSection.qml\n./venv/lib/python3.12/site-packages/PyQt6/Qt6/qml/QtQuick3D/designer/ResourceLoaderSpecifics.qml\n./venv/lib/python3.12/site-packages/PyQt6/Qt6/qml/QtQuick3D/designer/SceneEnvironmentSection.qml\n./venv/lib/python3.12/site-packages/PyQt6/Qt6/qml/QtQuick3D/designer/SceneEnvironmentSpecifics.qml\n./venv/lib/python3.12/site-packages/PyQt6/Qt6/qml/QtQuick3D/designer/SetUniformValueSection.qml\n./venv/lib/python3.12/site-packages/PyQt6/Qt6/qml/QtQuick3D/designer/SetUniformValueSpecifics.qml\n./venv/lib/python3.12/site-packages/PyQt6/Qt6/qml/QtQuick3D/designer/ShaderSection.qml\n./venv/lib/python3.12/site-packages/PyQt6/Qt6/qml/QtQuick3D/designer/ShaderSpecifics.qml\n./venv/lib/python3.12/site-packages/PyQt6/Qt6/qml/QtQuick3D/designer/ShadowSection.qml\n./venv/lib/python3.12/site-packages/PyQt6/Qt6/qml/QtQuick3D/designer/SkinSection.qml\n./venv/lib/python3.12/site-packages/PyQt6/Qt6/qml/QtQuick3D/designer/SkinSpecifics.qml\n./venv/lib/python3.12/site-packages/PyQt6/Qt6/qml/QtQuick3D/designer/SpecularGlossyMaterialSection.qml\n./venv/lib/python3.12/site-packages/PyQt6/Qt6/qml/QtQuick3D/designer/SpecularGlossyMaterialSpecifics.qml\n./venv/lib/python3.12/site-packages/PyQt6/Qt6/qml/QtQuick3D/designer/SpotLightSection.qml\n./venv/lib/python3.12/site-packages/PyQt6/Qt6/qml/QtQuick3D/designer/SpotLightSpecifics.qml\n./venv/lib/python3.12/site-packages/PyQt6/Qt6/qml/QtQuick3D/designer/TextureInputSection.qml\n./venv/lib/python3.12/site-packages/PyQt6/Qt6/qml/QtQuick3D/designer/TextureInputSpecifics.qml\n./venv/lib/python3.12/site-packages/PyQt6/Qt6/qml/QtQuick3D/designer/TextureSection.qml\n./venv/lib/python3.12/site-packages/PyQt6/Qt6/qml/QtQuick3D/designer/TextureSpecifics.qml\n./venv/lib/python3.12/site-packages/PyQt6/Qt6/qml/QtQuick3D/designer/View3DSection.qml\n./venv/lib/python3.12/site-packages/PyQt6/Qt6/qml/QtQuick3D/designer/View3DSpecifics.qml\n./venv/lib/python3.12/site-packages/PyQt6/Qt6/qml/QtQuick3D/designer/propertyGroups.json\n./venv/lib/python3.12/site-packages/PyQt6/Qt6/qml/QtQuick3D/designer/quick3d.metainfo\n./venv/lib/python3.12/site-packages/PyQt6/Qt6/qml/QtQuick3D/designer/images/camera.png\n./venv/lib/python3.12/site-packages/PyQt6/Qt6/qml/QtQuick3D/designer/images/camera16.png\n./venv/lib/python3.12/site-packages/PyQt6/Qt6/qml/QtQuick3D/designer/images/camera@2x.png\n./venv/lib/python3.12/site-packages/PyQt6/Qt6/qml/QtQuick3D/designer/images/cone.png\n./venv/lib/python3.12/site-packages/PyQt6/Qt6/qml/QtQuick3D/designer/images/cone16.png\n./venv/lib/python3.12/site-packages/PyQt6/Qt6/qml/QtQuick3D/designer/images/cone@2x.png\n./venv/lib/python3.12/site-packages/PyQt6/Qt6/qml/QtQuick3D/designer/images/cube.png\n./venv/lib/python3.12/site-packages/PyQt6/Qt6/qml/QtQuick3D/designer/images/cube16.png\n./venv/lib/python3.12/site-packages/PyQt6/Qt6/qml/QtQuick3D/designer/images/cube@2x.png\n./venv/lib/python3.12/site-packages/PyQt6/Qt6/qml/QtQuick3D/designer/images/cubemaptexture.png\n./venv/lib/python3.12/site-packages/PyQt6/Qt6/qml/QtQuick3D/designer/images/cubemaptexture16.png\n./venv/lib/python3.12/site-packages/PyQt6/Qt6/qml/QtQuick3D/designer/images/cubemaptexture@2x.png\n./venv/lib/python3.12/site-packages/PyQt6/Qt6/qml/QtQuick3D/designer/images/custommaterial.png\n./venv/lib/python3.12/site-packages/PyQt6/Qt6/qml/QtQuick3D/designer/images/custommaterial16.png\n./venv/lib/python3.12/site-packages/PyQt6/Qt6/qml/QtQuick3D/designer/images/custommaterial@2x.png\n./venv/lib/python3.12/site-packages/PyQt6/Qt6/qml/QtQuick3D/designer/images/cylinder.png\n./venv/lib/python3.12/site-packages/PyQt6/Qt6/qml/QtQuick3D/designer/images/cylinder16.png\n./venv/lib/python3.12/site-packages/PyQt6/Qt6/qml/QtQuick3D/designer/images/cylinder@2x.png\n./venv/lib/python3.12/site-packages/PyQt6/Qt6/qml/QtQuick3D/designer/images/debugsettings.png\n./venv/lib/python3.12/site-packages/PyQt6/Qt6/qml/QtQuick3D/designer/images/debugsettings16.png\n./venv/lib/python3.12/site-packages/PyQt6/Qt6/qml/QtQuick3D/designer/images/debugsettings@2x.png\n./venv/lib/python3.12/site-packages/PyQt6/Qt6/qml/QtQuick3D/designer/images/dummy.png\n./venv/lib/python3.12/site-packages/PyQt6/Qt6/qml/QtQuick3D/designer/images/dummy16.png\n./venv/lib/python3.12/site-packages/PyQt6/Qt6/qml/QtQuick3D/designer/images/dummy@2x.png\n./venv/lib/python3.12/site-packages/PyQt6/Qt6/qml/QtQuick3D/designer/images/effect.png\n./venv/lib/python3.12/site-packages/PyQt6/Qt6/qml/QtQuick3D/designer/images/effect16.png\n./venv/lib/python3.12/site-packages/PyQt6/Qt6/qml/QtQuick3D/designer/images/effect@2x.png\n./venv/lib/python3.12/site-packages/PyQt6/Qt6/qml/QtQuick3D/designer/images/fileinstancing.png\n./venv/lib/python3.12/site-packages/PyQt6/Qt6/qml/QtQuick3D/designer/images/fileinstancing16.png\n./venv/lib/python3.12/site-packages/PyQt6/Qt6/qml/QtQuick3D/designer/images/fileinstancing@2x.png\n./venv/lib/python3.12/site-packages/PyQt6/Qt6/qml/QtQuick3D/designer/images/fog.png\n./venv/lib/python3.12/site-packages/PyQt6/Qt6/qml/QtQuick3D/designer/images/fog16.png\n./venv/lib/python3.12/site-packages/PyQt6/Qt6/qml/QtQuick3D/designer/images/fog@2x.png\n./venv/lib/python3.12/site-packages/PyQt6/Qt6/qml/QtQuick3D/designer/images/group.png\n./venv/lib/python3.12/site-packages/PyQt6/Qt6/qml/QtQuick3D/designer/images/group16.png\n./venv/lib/python3.12/site-packages/PyQt6/Qt6/qml/QtQuick3D/designer/images/group@2x.png\n./venv/lib/python3.12/site-packages/PyQt6/Qt6/qml/QtQuick3D/designer/images/instancelist.png\n./venv/lib/python3.12/site-packages/PyQt6/Qt6/qml/QtQuick3D/designer/images/instancelist16.png\n./venv/lib/python3.12/site-packages/PyQt6/Qt6/qml/QtQuick3D/designer/images/instancelist@2x.png\n./venv/lib/python3.12/site-packages/PyQt6/Qt6/qml/QtQuick3D/designer/images/instancelistentry.png\n./venv/lib/python3.12/site-packages/PyQt6/Qt6/qml/QtQuick3D/designer/images/instancelistentry16.png\n./venv/lib/python3.12/site-packages/PyQt6/Qt6/qml/QtQuick3D/designer/images/instancelistentry@2x.png\n./venv/lib/python3.12/site-packages/PyQt6/Qt6/qml/QtQuick3D/designer/images/joint.png\n./venv/lib/python3.12/site-packages/PyQt6/Qt6/qml/QtQuick3D/designer/images/joint16.png\n./venv/lib/python3.12/site-packages/PyQt6/Qt6/qml/QtQuick3D/designer/images/joint@2x.png\n./venv/lib/python3.12/site-packages/PyQt6/Qt6/qml/QtQuick3D/designer/images/lightdirectional.png\n./venv/lib/python3.12/site-packages/PyQt6/Qt6/qml/QtQuick3D/designer/images/lightdirectional16.png\n./venv/lib/python3.12/site-packages/PyQt6/Qt6/qml/QtQuick3D/designer/images/lightdirectional@2x.png\n./venv/lib/python3.12/site-packages/PyQt6/Qt6/qml/QtQuick3D/designer/images/lightmapper.png\n./venv/lib/python3.12/site-packages/PyQt6/Qt6/qml/QtQuick3D/designer/images/lightmapper16.png\n./venv/lib/python3.12/site-packages/PyQt6/Qt6/qml/QtQuick3D/designer/images/lightmapper@2x.png\n./venv/lib/python3.12/site-packages/PyQt6/Qt6/qml/QtQuick3D/designer/images/lightpoint.png\n./venv/lib/python3.12/site-packages/PyQt6/Qt6/qml/QtQuick3D/designer/images/lightpoint16.png\n./venv/lib/python3.12/site-packages/PyQt6/Qt6/qml/QtQuick3D/designer/images/lightpoint@2x.png\n./venv/lib/python3.12/site-packages/PyQt6/Qt6/qml/QtQuick3D/designer/images/lightspot.png\n./venv/lib/python3.12/site-packages/PyQt6/Qt6/qml/QtQuick3D/designer/images/lightspot16.png\n./venv/lib/python3.12/site-packages/PyQt6/Qt6/qml/QtQuick3D/designer/images/lightspot@2x.png\n./venv/lib/python3.12/site-packages/PyQt6/Qt6/qml/QtQuick3D/designer/images/loader3d.png\n./venv/lib/python3.12/site-packages/PyQt6/Qt6/qml/QtQuick3D/designer/images/loader3d16.png\n./venv/lib/python3.12/site-packages/PyQt6/Qt6/qml/QtQuick3D/designer/images/loader3d@2x.png\n./venv/lib/python3.12/site-packages/PyQt6/Qt6/qml/QtQuick3D/designer/images/material.png\n./venv/lib/python3.12/site-packages/PyQt6/Qt6/qml/QtQuick3D/designer/images/material16.png\n./venv/lib/python3.12/site-packages/PyQt6/Qt6/qml/QtQuick3D/designer/images/material@2x.png\n./venv/lib/python3.12/site-packages/PyQt6/Qt6/qml/QtQuick3D/designer/images/model16.png\n./venv/lib/python3.12/site-packages/PyQt6/Qt6/qml/QtQuick3D/designer/images/morphtarget.png\n./venv/lib/python3.12/site-packages/PyQt6/Qt6/qml/QtQuick3D/designer/images/morphtarget16.png\n./venv/lib/python3.12/site-packages/PyQt6/Qt6/qml/QtQuick3D/designer/images/morphtarget@2x.png\n./venv/lib/python3.12/site-packages/PyQt6/Qt6/qml/QtQuick3D/designer/images/plane.png\n./venv/lib/python3.12/site-packages/PyQt6/Qt6/qml/QtQuick3D/designer/images/plane16.png\n./venv/lib/python3.12/site-packages/PyQt6/Qt6/qml/QtQuick3D/designer/images/plane@2x.png\n./venv/lib/python3.12/site-packages/PyQt6/Qt6/qml/QtQuick3D/designer/images/reflectionProbe.png\n./venv/lib/python3.12/site-packages/PyQt6/Qt6/qml/QtQuick3D/designer/images/reflectionProbe16.png\n./venv/lib/python3.12/site-packages/PyQt6/Qt6/qml/QtQuick3D/designer/images/reflectionProbe@2x.png\n./venv/lib/python3.12/site-packages/PyQt6/Qt6/qml/QtQuick3D/designer/images/repeater3d.png\n./venv/lib/python3.12/site-packages/PyQt6/Qt6/qml/QtQuick3D/designer/images/repeater3d16.png\n./venv/lib/python3.12/site-packages/PyQt6/Qt6/qml/QtQuick3D/designer/images/repeater3d@2x.png\n./venv/lib/python3.12/site-packages/PyQt6/Qt6/qml/QtQuick3D/designer/images/resourceloader.png\n./venv/lib/python3.12/site-packages/PyQt6/Qt6/qml/QtQuick3D/designer/images/resourceloader16.png\n./venv/lib/python3.12/site-packages/PyQt6/Qt6/qml/QtQuick3D/designer/images/resourceloader@2x.png\n./venv/lib/python3.12/site-packages/PyQt6/Qt6/qml/QtQuick3D/designer/images/scene.png\n./venv/lib/python3.12/site-packages/PyQt6/Qt6/qml/QtQuick3D/designer/images/scene16.png\n./venv/lib/python3.12/site-packages/PyQt6/Qt6/qml/QtQuick3D/designer/images/scene@2x.png\n./venv/lib/python3.12/site-packages/PyQt6/Qt6/qml/QtQuick3D/designer/images/shadercommand.png\n./venv/lib/python3.12/site-packages/PyQt6/Qt6/qml/QtQuick3D/designer/images/shadercommand16.png\n./venv/lib/python3.12/site-packages/PyQt6/Qt6/qml/QtQuick3D/designer/images/shadercommand@2x.png\n./venv/lib/python3.12/site-packages/PyQt6/Qt6/qml/QtQuick3D/designer/images/shaderutil.png\n./venv/lib/python3.12/site-packages/PyQt6/Qt6/qml/QtQuick3D/designer/images/shaderutil16.png\n./venv/lib/python3.12/site-packages/PyQt6/Qt6/qml/QtQuick3D/designer/images/shaderutil@2x.png\n./venv/lib/python3.12/site-packages/PyQt6/Qt6/qml/QtQuick3D/designer/images/skeleton.png\n./venv/lib/python3.12/site-packages/PyQt6/Qt6/qml/QtQuick3D/designer/images/skeleton16.png\n./venv/lib/python3.12/site-packages/PyQt6/Qt6/qml/QtQuick3D/designer/images/skeleton@2x.png\n./venv/lib/python3.12/site-packages/PyQt6/Qt6/qml/QtQuick3D/designer/images/skin.png\n./venv/lib/python3.12/site-packages/PyQt6/Qt6/qml/QtQuick3D/designer/images/skin16.png\n./venv/lib/python3.12/site-packages/PyQt6/Qt6/qml/QtQuick3D/designer/images/skin@2x.png\n./venv/lib/python3.12/site-packages/PyQt6/Qt6/qml/QtQuick3D/designer/images/sphere.png\n./venv/lib/python3.12/site-packages/PyQt6/Qt6/qml/QtQuick3D/designer/images/sphere16.png\n./venv/lib/python3.12/site-packages/PyQt6/Qt6/qml/QtQuick3D/designer/images/sphere@2x.png\n./venv/lib/python3.12/site-packages/PyQt6/Qt6/qml/QtQuick3D/designer/images/texture.png\n./venv/lib/python3.12/site-packages/PyQt6/Qt6/qml/QtQuick3D/designer/images/texture16.png\n./venv/lib/python3.12/site-packages/PyQt6/Qt6/qml/QtQuick3D/designer/images/texture@2x.png\n./venv/lib/python3.12/site-packages/PyQt6/Qt6/qml/QtQuick3D/designer/images/view3D.png\n./venv/lib/python3.12/site-packages/PyQt6/Qt6/qml/QtQuick3D/designer/images/view3D16.png\n./venv/lib/python3.12/site-packages/PyQt6/Qt6/qml/QtQuick3D/designer/images/view3D@2x.png\n./venv/lib/python3.12/site-packages/PyQt6/Qt6/qml/QtQuick3D/designer/source/custom_material_default_shader.frag\n./venv/lib/python3.12/site-packages/PyQt6/Qt6/qml/QtQuick3D/designer/source/effect_default_shader.frag\n./venv/lib/python3.12/site-packages/PyQt6/Qt6/qml/QtQuick3D/designer/source/effect_template.qml\n./venv/lib/python3.12/site-packages/PyQt6/Qt6/qml/QtQuick3D/designer/source/view3D_template.qml\n./venv/lib/python3.12/site-packages/PyQt6/Qt6/qml/QtQuick3D/Particles3D/libqtquick3dparticles3dplugin.dylib\n./venv/lib/python3.12/site-packages/PyQt6/Qt6/qml/QtQuick3D/Particles3D/plugins.qmltypes\n./venv/lib/python3.12/site-packages/PyQt6/Qt6/qml/QtQuick3D/Particles3D/qmldir\n./venv/lib/python3.12/site-packages/PyQt6/Qt6/qml/QtQuick3D/Particles3D/designer/Affector3DSection.qml\n./venv/lib/python3.12/site-packages/PyQt6/Qt6/qml/QtQuick3D/Particles3D/designer/Affector3DSpecifics.qml\n./venv/lib/python3.12/site-packages/PyQt6/Qt6/qml/QtQuick3D/Particles3D/designer/Attractor3DSection.qml\n./venv/lib/python3.12/site-packages/PyQt6/Qt6/qml/QtQuick3D/Particles3D/designer/Attractor3DSpecifics.qml\n./venv/lib/python3.12/site-packages/PyQt6/Qt6/qml/QtQuick3D/Particles3D/designer/DynamicBurst3DSection.qml\n./venv/lib/python3.12/site-packages/PyQt6/Qt6/qml/QtQuick3D/Particles3D/designer/DynamicBurst3DSpecifics.qml\n./venv/lib/python3.12/site-packages/PyQt6/Qt6/qml/QtQuick3D/Particles3D/designer/EmitBurst3DSection.qml\n./venv/lib/python3.12/site-packages/PyQt6/Qt6/qml/QtQuick3D/Particles3D/designer/EmitBurst3DSpecifics.qml\n./venv/lib/python3.12/site-packages/PyQt6/Qt6/qml/QtQuick3D/Particles3D/designer/Gravity3DSection.qml\n./venv/lib/python3.12/site-packages/PyQt6/Qt6/qml/QtQuick3D/Particles3D/designer/Gravity3DSpecifics.qml\n./venv/lib/python3.12/site-packages/PyQt6/Qt6/qml/QtQuick3D/Particles3D/designer/LineParticle3DSection.qml\n./venv/lib/python3.12/site-packages/PyQt6/Qt6/qml/QtQuick3D/Particles3D/designer/LineParticle3DSpecifics.qml\n./venv/lib/python3.12/site-packages/PyQt6/Qt6/qml/QtQuick3D/Particles3D/designer/ModelBlendParticle3DSection.qml\n./venv/lib/python3.12/site-packages/PyQt6/Qt6/qml/QtQuick3D/Particles3D/designer/ModelBlendParticle3DSpecifics.qml\n./venv/lib/python3.12/site-packages/PyQt6/Qt6/qml/QtQuick3D/Particles3D/designer/ModelParticle3DSection.qml\n./venv/lib/python3.12/site-packages/PyQt6/Qt6/qml/QtQuick3D/Particles3D/designer/ModelParticle3DSpecifics.qml\n./venv/lib/python3.12/site-packages/PyQt6/Qt6/qml/QtQuick3D/Particles3D/designer/NodeSection.qml\n./venv/lib/python3.12/site-packages/PyQt6/Qt6/qml/QtQuick3D/Particles3D/designer/NodeSpecifics.qml\n./venv/lib/python3.12/site-packages/PyQt6/Qt6/qml/QtQuick3D/Particles3D/designer/Particle3DSection.qml\n./venv/lib/python3.12/site-packages/PyQt6/Qt6/qml/QtQuick3D/Particles3D/designer/Particle3DSpecifics.qml\n./venv/lib/python3.12/site-packages/PyQt6/Qt6/qml/QtQuick3D/Particles3D/designer/ParticleCustomShape3DSection.qml\n./venv/lib/python3.12/site-packages/PyQt6/Qt6/qml/QtQuick3D/Particles3D/designer/ParticleCustomShape3DSpecifics.qml\n./venv/lib/python3.12/site-packages/PyQt6/Qt6/qml/QtQuick3D/Particles3D/designer/ParticleEmitter3DSection.qml\n./venv/lib/python3.12/site-packages/PyQt6/Qt6/qml/QtQuick3D/Particles3D/designer/ParticleEmitter3DSpecifics.qml\n./venv/lib/python3.12/site-packages/PyQt6/Qt6/qml/QtQuick3D/Particles3D/designer/ParticleModelShape3DSection.qml\n./venv/lib/python3.12/site-packages/PyQt6/Qt6/qml/QtQuick3D/Particles3D/designer/ParticleModelShape3DSpecifics.qml\n./venv/lib/python3.12/site-packages/PyQt6/Qt6/qml/QtQuick3D/Particles3D/designer/ParticleShape3DSection.qml\n./venv/lib/python3.12/site-packages/PyQt6/Qt6/qml/QtQuick3D/Particles3D/designer/ParticleShape3DSpecifics.qml\n./venv/lib/python3.12/site-packages/PyQt6/Qt6/qml/QtQuick3D/Particles3D/designer/ParticleSystem3DSection.qml\n./venv/lib/python3.12/site-packages/PyQt6/Qt6/qml/QtQuick3D/Particles3D/designer/ParticleSystem3DSpecifics.qml\n./venv/lib/python3.12/site-packages/PyQt6/Qt6/qml/QtQuick3D/Particles3D/designer/PointRotator3DSection.qml\n./venv/lib/python3.12/site-packages/PyQt6/Qt6/qml/QtQuick3D/Particles3D/designer/PointRotator3DSpecifics.qml\n./venv/lib/python3.12/site-packages/PyQt6/Qt6/qml/QtQuick3D/Particles3D/designer/Repeller3DSection.qml\n./venv/lib/python3.12/site-packages/PyQt6/Qt6/qml/QtQuick3D/Particles3D/designer/Repeller3DSpecifics.qml\n./venv/lib/python3.12/site-packages/PyQt6/Qt6/qml/QtQuick3D/Particles3D/designer/ScaleAffector3DSection.qml\n./venv/lib/python3.12/site-packages/PyQt6/Qt6/qml/QtQuick3D/Particles3D/designer/ScaleAffector3DSpecifics.qml\n./venv/lib/python3.12/site-packages/PyQt6/Qt6/qml/QtQuick3D/Particles3D/designer/SpriteParticle3DSection.qml\n./venv/lib/python3.12/site-packages/PyQt6/Qt6/qml/QtQuick3D/Particles3D/designer/SpriteParticle3DSpecifics.qml\n./venv/lib/python3.12/site-packages/PyQt6/Qt6/qml/QtQuick3D/Particles3D/designer/SpriteSequence3DSection.qml\n./venv/lib/python3.12/site-packages/PyQt6/Qt6/qml/QtQuick3D/Particles3D/designer/SpriteSequence3DSpecifics.qml\n./venv/lib/python3.12/site-packages/PyQt6/Qt6/qml/QtQuick3D/Particles3D/designer/TargetDirection3DSection.qml\n./venv/lib/python3.12/site-packages/PyQt6/Qt6/qml/QtQuick3D/Particles3D/designer/TargetDirection3DSpecifics.qml\n./venv/lib/python3.12/site-packages/PyQt6/Qt6/qml/QtQuick3D/Particles3D/designer/TrailEmitter3DSection.qml\n./venv/lib/python3.12/site-packages/PyQt6/Qt6/qml/QtQuick3D/Particles3D/designer/TrailEmitter3DSpecifics.qml\n./venv/lib/python3.12/site-packages/PyQt6/Qt6/qml/QtQuick3D/Particles3D/designer/VectorDirection3DSection.qml\n./venv/lib/python3.12/site-packages/PyQt6/Qt6/qml/QtQuick3D/Particles3D/designer/VectorDirection3DSpecifics.qml\n./venv/lib/python3.12/site-packages/PyQt6/Qt6/qml/QtQuick3D/Particles3D/designer/Wander3DSection.qml\n./venv/lib/python3.12/site-packages/PyQt6/Qt6/qml/QtQuick3D/Particles3D/designer/Wander3DSpecifics.qml\n./venv/lib/python3.12/site-packages/PyQt6/Qt6/qml/QtQuick3D/Particles3D/designer/particles3d.metainfo\n./venv/lib/python3.12/site-packages/PyQt6/Qt6/qml/QtQuick3D/Particles3D/designer/images/attractor-16px.png\n./venv/lib/python3.12/site-packages/PyQt6/Qt6/qml/QtQuick3D/Particles3D/designer/images/attractor-24px.png\n./venv/lib/python3.12/site-packages/PyQt6/Qt6/qml/QtQuick3D/Particles3D/designer/images/attractor-24px@2x.png\n./venv/lib/python3.12/site-packages/PyQt6/Qt6/qml/QtQuick3D/Particles3D/designer/images/dummy.png\n./venv/lib/python3.12/site-packages/PyQt6/Qt6/qml/QtQuick3D/Particles3D/designer/images/dummy16.png\n./venv/lib/python3.12/site-packages/PyQt6/Qt6/qml/QtQuick3D/Particles3D/designer/images/dummy@2x.png\n./venv/lib/python3.12/site-packages/PyQt6/Qt6/qml/QtQuick3D/Particles3D/designer/images/emit-burst-16px.png\n./venv/lib/python3.12/site-packages/PyQt6/Qt6/qml/QtQuick3D/Particles3D/designer/images/emit-burst-24px.png\n./venv/lib/python3.12/site-packages/PyQt6/Qt6/qml/QtQuick3D/Particles3D/designer/images/emit-burst-24px@2x.png\n./venv/lib/python3.12/site-packages/PyQt6/Qt6/qml/QtQuick3D/Particles3D/designer/images/emitter-16px.png\n./venv/lib/python3.12/site-packages/PyQt6/Qt6/qml/QtQuick3D/Particles3D/designer/images/emitter-24px.png\n./venv/lib/python3.12/site-packages/PyQt6/Qt6/qml/QtQuick3D/Particles3D/designer/images/emitter-24px@2x.png\n./venv/lib/python3.12/site-packages/PyQt6/Qt6/qml/QtQuick3D/Particles3D/designer/images/gravity-16px.png\n./venv/lib/python3.12/site-packages/PyQt6/Qt6/qml/QtQuick3D/Particles3D/designer/images/gravity-24px.png\n./venv/lib/python3.12/site-packages/PyQt6/Qt6/qml/QtQuick3D/Particles3D/designer/images/gravity-24px@2x.png\n./venv/lib/python3.12/site-packages/PyQt6/Qt6/qml/QtQuick3D/Particles3D/designer/images/line-particle-16px.png\n./venv/lib/python3.12/site-packages/PyQt6/Qt6/qml/QtQuick3D/Particles3D/designer/images/line-particle-24px.png\n./venv/lib/python3.12/site-packages/PyQt6/Qt6/qml/QtQuick3D/Particles3D/designer/images/line-particle-24px@2x.png\n./venv/lib/python3.12/site-packages/PyQt6/Qt6/qml/QtQuick3D/Particles3D/designer/images/model-blend-particle-16px.png\n./venv/lib/python3.12/site-packages/PyQt6/Qt6/qml/QtQuick3D/Particles3D/designer/images/model-blend-particle-24px.png\n./venv/lib/python3.12/site-packages/PyQt6/Qt6/qml/QtQuick3D/Particles3D/designer/images/model-blend-particle-24px@2x.png\n./venv/lib/python3.12/site-packages/PyQt6/Qt6/qml/QtQuick3D/Particles3D/designer/images/model-particle-16px.png\n./venv/lib/python3.12/site-packages/PyQt6/Qt6/qml/QtQuick3D/Particles3D/designer/images/model-particle-24px.png\n./venv/lib/python3.12/site-packages/PyQt6/Qt6/qml/QtQuick3D/Particles3D/designer/images/model-particle-24px@2x.png\n./venv/lib/python3.12/site-packages/PyQt6/Qt6/qml/QtQuick3D/Particles3D/designer/images/model-shape-16px.png\n./venv/lib/python3.12/site-packages/PyQt6/Qt6/qml/QtQuick3D/Particles3D/designer/images/model-shape-24px.png\n./venv/lib/python3.12/site-packages/PyQt6/Qt6/qml/QtQuick3D/Particles3D/designer/images/model-shape-24px@2x.png\n./venv/lib/python3.12/site-packages/PyQt6/Qt6/qml/QtQuick3D/Particles3D/designer/images/particle-custom-shape-16px.png\n./venv/lib/python3.12/site-packages/PyQt6/Qt6/qml/QtQuick3D/Particles3D/designer/images/particle-custom-shape-24px.png\n./venv/lib/python3.12/site-packages/PyQt6/Qt6/qml/QtQuick3D/Particles3D/designer/images/particle-custom-shape-24px@2x.png\n./venv/lib/python3.12/site-packages/PyQt6/Qt6/qml/QtQuick3D/Particles3D/designer/images/particle-shape-16px.png\n./venv/lib/python3.12/site-packages/PyQt6/Qt6/qml/QtQuick3D/Particles3D/designer/images/particle-shape-24px.png\n./venv/lib/python3.12/site-packages/PyQt6/Qt6/qml/QtQuick3D/Particles3D/designer/images/particle-shape-24px@2x.png\n./venv/lib/python3.12/site-packages/PyQt6/Qt6/qml/QtQuick3D/Particles3D/designer/images/particle-system-16px.png\n./venv/lib/python3.12/site-packages/PyQt6/Qt6/qml/QtQuick3D/Particles3D/designer/images/particle-system-24px.png\n./venv/lib/python3.12/site-packages/PyQt6/Qt6/qml/QtQuick3D/Particles3D/designer/images/particle-system-24px@2x.png\n./venv/lib/python3.12/site-packages/PyQt6/Qt6/qml/QtQuick3D/Particles3D/designer/images/point-rotator-16px.png\n./venv/lib/python3.12/site-packages/PyQt6/Qt6/qml/QtQuick3D/Particles3D/designer/images/point-rotator-24px.png\n./venv/lib/python3.12/site-packages/PyQt6/Qt6/qml/QtQuick3D/Particles3D/designer/images/point-rotator-24px@2x.png\n./venv/lib/python3.12/site-packages/PyQt6/Qt6/qml/QtQuick3D/Particles3D/designer/images/repeller-16px.png\n./venv/lib/python3.12/site-packages/PyQt6/Qt6/qml/QtQuick3D/Particles3D/designer/images/repeller-24px.png\n./venv/lib/python3.12/site-packages/PyQt6/Qt6/qml/QtQuick3D/Particles3D/designer/images/repeller-24px@2x.png\n./venv/lib/python3.12/site-packages/PyQt6/Qt6/qml/QtQuick3D/Particles3D/designer/images/scale-affector-16px.png\n./venv/lib/python3.12/site-packages/PyQt6/Qt6/qml/QtQuick3D/Particles3D/designer/images/scale-affector-24px.png\n./venv/lib/python3.12/site-packages/PyQt6/Qt6/qml/QtQuick3D/Particles3D/designer/images/scale-affector-24px@2x.png\n./venv/lib/python3.12/site-packages/PyQt6/Qt6/qml/QtQuick3D/Particles3D/designer/images/sprite-particle-16px.png\n./venv/lib/python3.12/site-packages/PyQt6/Qt6/qml/QtQuick3D/Particles3D/designer/images/sprite-particle-24px.png\n./venv/lib/python3.12/site-packages/PyQt6/Qt6/qml/QtQuick3D/Particles3D/designer/images/sprite-particle-24px@2x.png\n./venv/lib/python3.12/site-packages/PyQt6/Qt6/qml/QtQuick3D/Particles3D/designer/images/sprite-sequence-16px.png\n./venv/lib/python3.12/site-packages/PyQt6/Qt6/qml/QtQuick3D/Particles3D/designer/images/sprite-sequence-24px.png\n./venv/lib/python3.12/site-packages/PyQt6/Qt6/qml/QtQuick3D/Particles3D/designer/images/sprite-sequence-24px@2x.png\n./venv/lib/python3.12/site-packages/PyQt6/Qt6/qml/QtQuick3D/Particles3D/designer/images/target-direction-16px.png\n./venv/lib/python3.12/site-packages/PyQt6/Qt6/qml/QtQuick3D/Particles3D/designer/images/target-direction-24px.png\n./venv/lib/python3.12/site-packages/PyQt6/Qt6/qml/QtQuick3D/Particles3D/designer/images/target-direction-24px@2x.png\n./venv/lib/python3.12/site-packages/PyQt6/Qt6/qml/QtQuick3D/Particles3D/designer/images/trail-emitter-16px.png\n./venv/lib/python3.12/site-packages/PyQt6/Qt6/qml/QtQuick3D/Particles3D/designer/images/trail-emitter-24px.png\n./venv/lib/python3.12/site-packages/PyQt6/Qt6/qml/QtQuick3D/Particles3D/designer/images/trail-emitter-24px@2x.png\n./venv/lib/python3.12/site-packages/PyQt6/Qt6/qml/QtQuick3D/Particles3D/designer/images/vector-direction-16px.png\n./venv/lib/python3.12/site-packages/PyQt6/Qt6/qml/QtQuick3D/Particles3D/designer/images/vector-direction-24px.png\n./venv/lib/python3.12/site-packages/PyQt6/Qt6/qml/QtQuick3D/Particles3D/designer/images/vector-direction-24px@2x.png\n./venv/lib/python3.12/site-packages/PyQt6/Qt6/qml/QtQuick3D/Particles3D/designer/images/wander-16px.png\n./venv/lib/python3.12/site-packages/PyQt6/Qt6/qml/QtQuick3D/Particles3D/designer/images/wander-24px.png\n./venv/lib/python3.12/site-packages/PyQt6/Qt6/qml/QtQuick3D/Particles3D/designer/images/wander-24px@2x.png\n./venv/lib/python3.12/site-packages/PyQt6/Qt6/qml/QtQuick3D/Particles3D/designer/source/particlesystem_animatedsprite_template.qml\n./venv/lib/python3.12/site-packages/PyQt6/Qt6/qml/QtQuick3D/Particles3D/designer/source/particlesystem_attractor_template.qml\n./venv/lib/python3.12/site-packages/PyQt6/Qt6/qml/QtQuick3D/Particles3D/designer/source/particlesystem_burst_template.qml\n./venv/lib/python3.12/site-packages/PyQt6/Qt6/qml/QtQuick3D/Particles3D/designer/source/particlesystem_modelblend_template.qml\n./venv/lib/python3.12/site-packages/PyQt6/Qt6/qml/QtQuick3D/Particles3D/designer/source/particlesystem_modelshape_template.qml\n./venv/lib/python3.12/site-packages/PyQt6/Qt6/qml/QtQuick3D/Particles3D/designer/source/particlesystem_particletrail_template.qml\n./venv/lib/python3.12/site-packages/PyQt6/Qt6/qml/QtQuick3D/Particles3D/designer/source/particlesystem_sprite_template.qml\n./venv/lib/python3.12/site-packages/PyQt6/Qt6/qml/QtQuick3D/Particles3D/designer/source/particlesystem_template.qml\n./venv/lib/python3.12/site-packages/PyQt6/Qt6/qml/QtQuick3D/Particles3D/designer/source/particlesystem_wander_template.qml\n./venv/lib/python3.12/site-packages/PyQt6/Qt6/qml/QtQuick3D/Physics/libqquick3dphysicsplugin.dylib\n./venv/lib/python3.12/site-packages/PyQt6/Qt6/qml/QtQuick3D/Physics/plugins.qmltypes\n./venv/lib/python3.12/site-packages/PyQt6/Qt6/qml/QtQuick3D/Physics/qmldir\n./venv/lib/python3.12/site-packages/PyQt6/Qt6/qml/QtQuick3D/Physics/designer/BoxShapeSection.qml\n./venv/lib/python3.12/site-packages/PyQt6/Qt6/qml/QtQuick3D/Physics/designer/BoxShapeSpecifics.qml\n./venv/lib/python3.12/site-packages/PyQt6/Qt6/qml/QtQuick3D/Physics/designer/CapsuleShapeSection.qml\n./venv/lib/python3.12/site-packages/PyQt6/Qt6/qml/QtQuick3D/Physics/designer/CapsuleShapeSpecifics.qml\n./venv/lib/python3.12/site-packages/PyQt6/Qt6/qml/QtQuick3D/Physics/designer/CharacterControllerSection.qml\n./venv/lib/python3.12/site-packages/PyQt6/Qt6/qml/QtQuick3D/Physics/designer/CharacterControllerSpecifics.qml\n./venv/lib/python3.12/site-packages/PyQt6/Qt6/qml/QtQuick3D/Physics/designer/CollisionShapeSection.qml\n./venv/lib/python3.12/site-packages/PyQt6/Qt6/qml/QtQuick3D/Physics/designer/ConvexMeshShapeSection.qml\n./venv/lib/python3.12/site-packages/PyQt6/Qt6/qml/QtQuick3D/Physics/designer/ConvexMeshShapeSpecifics.qml\n./venv/lib/python3.12/site-packages/PyQt6/Qt6/qml/QtQuick3D/Physics/designer/DynamicRigidBodySection.qml\n./venv/lib/python3.12/site-packages/PyQt6/Qt6/qml/QtQuick3D/Physics/designer/DynamicRigidBodySpecifics.qml\n./venv/lib/python3.12/site-packages/PyQt6/Qt6/qml/QtQuick3D/Physics/designer/HeightFieldShapeSection.qml\n./venv/lib/python3.12/site-packages/PyQt6/Qt6/qml/QtQuick3D/Physics/designer/HeightFieldShapeSpecifics.qml\n./venv/lib/python3.12/site-packages/PyQt6/Qt6/qml/QtQuick3D/Physics/designer/NodeSection.qml\n./venv/lib/python3.12/site-packages/PyQt6/Qt6/qml/QtQuick3D/Physics/designer/PhysicsBodySection.qml\n./venv/lib/python3.12/site-packages/PyQt6/Qt6/qml/QtQuick3D/Physics/designer/PhysicsMaterialSection.qml\n./venv/lib/python3.12/site-packages/PyQt6/Qt6/qml/QtQuick3D/Physics/designer/PhysicsMaterialSpecifics.qml\n./venv/lib/python3.12/site-packages/PyQt6/Qt6/qml/QtQuick3D/Physics/designer/PhysicsNodeSection.qml\n./venv/lib/python3.12/site-packages/PyQt6/Qt6/qml/QtQuick3D/Physics/designer/PhysicsWorldSection.qml\n./venv/lib/python3.12/site-packages/PyQt6/Qt6/qml/QtQuick3D/Physics/designer/PhysicsWorldSpecifics.qml\n./venv/lib/python3.12/site-packages/PyQt6/Qt6/qml/QtQuick3D/Physics/designer/PlaneShapeSpecifics.qml\n./venv/lib/python3.12/site-packages/PyQt6/Qt6/qml/QtQuick3D/Physics/designer/SphereShapeSection.qml\n./venv/lib/python3.12/site-packages/PyQt6/Qt6/qml/QtQuick3D/Physics/designer/SphereShapeSpecifics.qml\n./venv/lib/python3.12/site-packages/PyQt6/Qt6/qml/QtQuick3D/Physics/designer/StaticRigidBodySpecifics.qml\n./venv/lib/python3.12/site-packages/PyQt6/Qt6/qml/QtQuick3D/Physics/designer/TriangleMeshShapeSection.qml\n./venv/lib/python3.12/site-packages/PyQt6/Qt6/qml/QtQuick3D/Physics/designer/TriangleMeshShapeSpecifics.qml\n./venv/lib/python3.12/site-packages/PyQt6/Qt6/qml/QtQuick3D/Physics/designer/TriggerBodySpecifics.qml\n./venv/lib/python3.12/site-packages/PyQt6/Qt6/qml/QtQuick3D/Physics/designer/physics.metainfo\n./venv/lib/python3.12/site-packages/PyQt6/Qt6/qml/QtQuick3D/Physics/designer/images/boxshape.png\n./venv/lib/python3.12/site-packages/PyQt6/Qt6/qml/QtQuick3D/Physics/designer/images/boxshape16.png\n./venv/lib/python3.12/site-packages/PyQt6/Qt6/qml/QtQuick3D/Physics/designer/images/boxshape@2x.png\n./venv/lib/python3.12/site-packages/PyQt6/Qt6/qml/QtQuick3D/Physics/designer/images/capsuleshape.png\n./venv/lib/python3.12/site-packages/PyQt6/Qt6/qml/QtQuick3D/Physics/designer/images/capsuleshape16.png\n./venv/lib/python3.12/site-packages/PyQt6/Qt6/qml/QtQuick3D/Physics/designer/images/capsuleshape@2x.png\n./venv/lib/python3.12/site-packages/PyQt6/Qt6/qml/QtQuick3D/Physics/designer/images/charactercontroller.png\n./venv/lib/python3.12/site-packages/PyQt6/Qt6/qml/QtQuick3D/Physics/designer/images/charactercontroller16.png\n./venv/lib/python3.12/site-packages/PyQt6/Qt6/qml/QtQuick3D/Physics/designer/images/charactercontroller@2x.png\n./venv/lib/python3.12/site-packages/PyQt6/Qt6/qml/QtQuick3D/Physics/designer/images/convexmeshshape.png\n./venv/lib/python3.12/site-packages/PyQt6/Qt6/qml/QtQuick3D/Physics/designer/images/convexmeshshape16.png\n./venv/lib/python3.12/site-packages/PyQt6/Qt6/qml/QtQuick3D/Physics/designer/images/convexmeshshape@2x.png\n./venv/lib/python3.12/site-packages/PyQt6/Qt6/qml/QtQuick3D/Physics/designer/images/dynamicrigidbody.png\n./venv/lib/python3.12/site-packages/PyQt6/Qt6/qml/QtQuick3D/Physics/designer/images/dynamicrigidbody16.png\n./venv/lib/python3.12/site-packages/PyQt6/Qt6/qml/QtQuick3D/Physics/designer/images/dynamicrigidbody@2x.png\n./venv/lib/python3.12/site-packages/PyQt6/Qt6/qml/QtQuick3D/Physics/designer/images/heightfieldshape.png\n./venv/lib/python3.12/site-packages/PyQt6/Qt6/qml/QtQuick3D/Physics/designer/images/heightfieldshape16.png\n./venv/lib/python3.12/site-packages/PyQt6/Qt6/qml/QtQuick3D/Physics/designer/images/heightfieldshape@2x.png\n./venv/lib/python3.12/site-packages/PyQt6/Qt6/qml/QtQuick3D/Physics/designer/images/physicsmaterial.png\n./venv/lib/python3.12/site-packages/PyQt6/Qt6/qml/QtQuick3D/Physics/designer/images/physicsmaterial16.png\n./venv/lib/python3.12/site-packages/PyQt6/Qt6/qml/QtQuick3D/Physics/designer/images/physicsmaterial@2x.png\n./venv/lib/python3.12/site-packages/PyQt6/Qt6/qml/QtQuick3D/Physics/designer/images/physicsworld.png\n./venv/lib/python3.12/site-packages/PyQt6/Qt6/qml/QtQuick3D/Physics/designer/images/physicsworld16.png\n./venv/lib/python3.12/site-packages/PyQt6/Qt6/qml/QtQuick3D/Physics/designer/images/physicsworld@2x.png\n./venv/lib/python3.12/site-packages/PyQt6/Qt6/qml/QtQuick3D/Physics/designer/images/planeshape.png\n./venv/lib/python3.12/site-packages/PyQt6/Qt6/qml/QtQuick3D/Physics/designer/images/planeshape16.png\n./venv/lib/python3.12/site-packages/PyQt6/Qt6/qml/QtQuick3D/Physics/designer/images/planeshape@2x.png\n./venv/lib/python3.12/site-packages/PyQt6/Qt6/qml/QtQuick3D/Physics/designer/images/sphereshape.png\n./venv/lib/python3.12/site-packages/PyQt6/Qt6/qml/QtQuick3D/Physics/designer/images/sphereshape16.png\n./venv/lib/python3.12/site-packages/PyQt6/Qt6/qml/QtQuick3D/Physics/designer/images/sphereshape@2x.png\n./venv/lib/python3.12/site-packages/PyQt6/Qt6/qml/QtQuick3D/Physics/designer/images/staticrigidbody.png\n./venv/lib/python3.12/site-packages/PyQt6/Qt6/qml/QtQuick3D/Physics/designer/images/staticrigidbody16.png\n./venv/lib/python3.12/site-packages/PyQt6/Qt6/qml/QtQuick3D/Physics/designer/images/staticrigidbody@2x.png\n./venv/lib/python3.12/site-packages/PyQt6/Qt6/qml/QtQuick3D/Physics/designer/images/trianglemeshshape.png\n./venv/lib/python3.12/site-packages/PyQt6/Qt6/qml/QtQuick3D/Physics/designer/images/trianglemeshshape16.png\n./venv/lib/python3.12/site-packages/PyQt6/Qt6/qml/QtQuick3D/Physics/designer/images/trianglemeshshape@2x.png\n./venv/lib/python3.12/site-packages/PyQt6/Qt6/qml/QtQuick3D/Physics/designer/images/triggerbody.png\n./venv/lib/python3.12/site-packages/PyQt6/Qt6/qml/QtQuick3D/Physics/designer/images/triggerbody16.png\n./venv/lib/python3.12/site-packages/PyQt6/Qt6/qml/QtQuick3D/Physics/designer/images/triggerbody@2x.png\n./venv/lib/python3.12/site-packages/PyQt6/Qt6/qml/QtQuick3D/Physics/Helpers/libqtquick3dphysicshelpersplugin.dylib\n./venv/lib/python3.12/site-packages/PyQt6/Qt6/qml/QtQuick3D/Physics/Helpers/plugins.qmltypes\n./venv/lib/python3.12/site-packages/PyQt6/Qt6/qml/QtQuick3D/Physics/Helpers/qmldir\n./venv/lib/python3.12/site-packages/PyQt6/Qt6/qml/QtQuick3D/Effects/AdditiveColorGradient.qml\n./venv/lib/python3.12/site-packages/PyQt6/Qt6/qml/QtQuick3D/Effects/Blur.qml\n./venv/lib/python3.12/site-packages/PyQt6/Qt6/qml/QtQuick3D/Effects/BrushStrokes.qml\n./venv/lib/python3.12/site-packages/PyQt6/Qt6/qml/QtQuick3D/Effects/ChromaticAberration.qml\n./venv/lib/python3.12/site-packages/PyQt6/Qt6/qml/QtQuick3D/Effects/ColorMaster.qml\n./venv/lib/python3.12/site-packages/PyQt6/Qt6/qml/QtQuick3D/Effects/DepthOfFieldHQBlur.qml\n./venv/lib/python3.12/site-packages/PyQt6/Qt6/qml/QtQuick3D/Effects/Desaturate.qml\n./venv/lib/python3.12/site-packages/PyQt6/Qt6/qml/QtQuick3D/Effects/DistortionRipple.qml\n./venv/lib/python3.12/site-packages/PyQt6/Qt6/qml/QtQuick3D/Effects/DistortionSphere.qml\n./venv/lib/python3.12/site-packages/PyQt6/Qt6/qml/QtQuick3D/Effects/DistortionSpiral.qml\n./venv/lib/python3.12/site-packages/PyQt6/Qt6/qml/QtQuick3D/Effects/EdgeDetect.qml\n./venv/lib/python3.12/site-packages/PyQt6/Qt6/qml/QtQuick3D/Effects/Emboss.qml\n./venv/lib/python3.12/site-packages/PyQt6/Qt6/qml/QtQuick3D/Effects/Flip.qml\n./venv/lib/python3.12/site-packages/PyQt6/Qt6/qml/QtQuick3D/Effects/Fxaa.qml\n./venv/lib/python3.12/site-packages/PyQt6/Qt6/qml/QtQuick3D/Effects/GaussianBlur.qml\n./venv/lib/python3.12/site-packages/PyQt6/Qt6/qml/QtQuick3D/Effects/HDRBloomTonemap.qml\n./venv/lib/python3.12/site-packages/PyQt6/Qt6/qml/QtQuick3D/Effects/MotionBlur.qml\n./venv/lib/python3.12/site-packages/PyQt6/Qt6/qml/QtQuick3D/Effects/Quick3DEffects.qmltypes\n./venv/lib/python3.12/site-packages/PyQt6/Qt6/qml/QtQuick3D/Effects/SCurveTonemap.qml\n./venv/lib/python3.12/site-packages/PyQt6/Qt6/qml/QtQuick3D/Effects/Scatter.qml\n./venv/lib/python3.12/site-packages/PyQt6/Qt6/qml/QtQuick3D/Effects/TiltShift.qml\n./venv/lib/python3.12/site-packages/PyQt6/Qt6/qml/QtQuick3D/Effects/Vignette.qml\n./venv/lib/python3.12/site-packages/PyQt6/Qt6/qml/QtQuick3D/Effects/libqtquick3deffectplugin.dylib\n./venv/lib/python3.12/site-packages/PyQt6/Qt6/qml/QtQuick3D/Effects/qmldir\n./venv/lib/python3.12/site-packages/PyQt6/Qt6/qml/QtQuick3D/Effects/designer/AdditiveColorGradientSection.qml\n./venv/lib/python3.12/site-packages/PyQt6/Qt6/qml/QtQuick3D/Effects/designer/AdditiveColorGradientSpecifics.qml\n./venv/lib/python3.12/site-packages/PyQt6/Qt6/qml/QtQuick3D/Effects/designer/BlurSection.qml\n./venv/lib/python3.12/site-packages/PyQt6/Qt6/qml/QtQuick3D/Effects/designer/BlurSpecifics.qml\n./venv/lib/python3.12/site-packages/PyQt6/Qt6/qml/QtQuick3D/Effects/designer/BrushStrokesSection.qml\n./venv/lib/python3.12/site-packages/PyQt6/Qt6/qml/QtQuick3D/Effects/designer/BrushStrokesSpecifics.qml\n./venv/lib/python3.12/site-packages/PyQt6/Qt6/qml/QtQuick3D/Effects/designer/ChromaticAberrationSection.qml\n./venv/lib/python3.12/site-packages/PyQt6/Qt6/qml/QtQuick3D/Effects/designer/ChromaticAberrationSpecifics.qml\n./venv/lib/python3.12/site-packages/PyQt6/Qt6/qml/QtQuick3D/Effects/designer/ColorMasterSection.qml\n./venv/lib/python3.12/site-packages/PyQt6/Qt6/qml/QtQuick3D/Effects/designer/ColorMasterSpecifics.qml\n./venv/lib/python3.12/site-packages/PyQt6/Qt6/qml/QtQuick3D/Effects/designer/DepthOfFieldHQBlurSection.qml\n./venv/lib/python3.12/site-packages/PyQt6/Qt6/qml/QtQuick3D/Effects/designer/DepthOfFieldHQBlurSpecifics.qml\n./venv/lib/python3.12/site-packages/PyQt6/Qt6/qml/QtQuick3D/Effects/designer/DesaturateSection.qml\n./venv/lib/python3.12/site-packages/PyQt6/Qt6/qml/QtQuick3D/Effects/designer/DesaturateSpecifics.qml\n./venv/lib/python3.12/site-packages/PyQt6/Qt6/qml/QtQuick3D/Effects/designer/DistortionRippleSection.qml\n./venv/lib/python3.12/site-packages/PyQt6/Qt6/qml/QtQuick3D/Effects/designer/DistortionRippleSpecifics.qml\n./venv/lib/python3.12/site-packages/PyQt6/Qt6/qml/QtQuick3D/Effects/designer/DistortionSphereSection.qml\n./venv/lib/python3.12/site-packages/PyQt6/Qt6/qml/QtQuick3D/Effects/designer/DistortionSphereSpecifics.qml\n./venv/lib/python3.12/site-packages/PyQt6/Qt6/qml/QtQuick3D/Effects/designer/DistortionSpiralSection.qml\n./venv/lib/python3.12/site-packages/PyQt6/Qt6/qml/QtQuick3D/Effects/designer/DistortionSpiralSpecifics.qml\n./venv/lib/python3.12/site-packages/PyQt6/Qt6/qml/QtQuick3D/Effects/designer/EdgeDetectSection.qml\n./venv/lib/python3.12/site-packages/PyQt6/Qt6/qml/QtQuick3D/Effects/designer/EdgeDetectSpecifics.qml\n./venv/lib/python3.12/site-packages/PyQt6/Qt6/qml/QtQuick3D/Effects/designer/EmbossSection.qml\n./venv/lib/python3.12/site-packages/PyQt6/Qt6/qml/QtQuick3D/Effects/designer/EmbossSpecifics.qml\n./venv/lib/python3.12/site-packages/PyQt6/Qt6/qml/QtQuick3D/Effects/designer/FlipSection.qml\n./venv/lib/python3.12/site-packages/PyQt6/Qt6/qml/QtQuick3D/Effects/designer/FlipSpecifics.qml\n./venv/lib/python3.12/site-packages/PyQt6/Qt6/qml/QtQuick3D/Effects/designer/FxaaSection.qml\n./venv/lib/python3.12/site-packages/PyQt6/Qt6/qml/QtQuick3D/Effects/designer/FxaaSpecifics.qml\n./venv/lib/python3.12/site-packages/PyQt6/Qt6/qml/QtQuick3D/Effects/designer/GaussianBlurSection.qml\n./venv/lib/python3.12/site-packages/PyQt6/Qt6/qml/QtQuick3D/Effects/designer/GaussianBlurSpecifics.qml\n./venv/lib/python3.12/site-packages/PyQt6/Qt6/qml/QtQuick3D/Effects/designer/HDRBloomTonemapSection.qml\n./venv/lib/python3.12/site-packages/PyQt6/Qt6/qml/QtQuick3D/Effects/designer/HDRBloomTonemapSpecifics.qml\n./venv/lib/python3.12/site-packages/PyQt6/Qt6/qml/QtQuick3D/Effects/designer/MotionBlurSection.qml\n./venv/lib/python3.12/site-packages/PyQt6/Qt6/qml/QtQuick3D/Effects/designer/MotionBlurSpecifics.qml\n./venv/lib/python3.12/site-packages/PyQt6/Qt6/qml/QtQuick3D/Effects/designer/SCurveTonemapSection.qml\n./venv/lib/python3.12/site-packages/PyQt6/Qt6/qml/QtQuick3D/Effects/designer/SCurveTonemapSpecifics.qml\n./venv/lib/python3.12/site-packages/PyQt6/Qt6/qml/QtQuick3D/Effects/designer/ScatterSection.qml\n./venv/lib/python3.12/site-packages/PyQt6/Qt6/qml/QtQuick3D/Effects/designer/ScatterSpecifics.qml\n./venv/lib/python3.12/site-packages/PyQt6/Qt6/qml/QtQuick3D/Effects/designer/TiltShiftSection.qml\n./venv/lib/python3.12/site-packages/PyQt6/Qt6/qml/QtQuick3D/Effects/designer/TiltShiftSpecifics.qml\n./venv/lib/python3.12/site-packages/PyQt6/Qt6/qml/QtQuick3D/Effects/designer/VignetteSection.qml\n./venv/lib/python3.12/site-packages/PyQt6/Qt6/qml/QtQuick3D/Effects/designer/VignetteSpecifics.qml\n./venv/lib/python3.12/site-packages/PyQt6/Qt6/qml/QtQuick3D/Effects/designer/effectlib.metainfo\n./venv/lib/python3.12/site-packages/PyQt6/Qt6/qml/QtQuick3D/Effects/designer/images/effect.png\n./venv/lib/python3.12/site-packages/PyQt6/Qt6/qml/QtQuick3D/Effects/designer/images/effect16.png\n./venv/lib/python3.12/site-packages/PyQt6/Qt6/qml/QtQuick3D/Effects/designer/images/effect@2x.png\n./venv/lib/python3.12/site-packages/PyQt6/Qt6/qml/QtQuick3D/Helpers/AxisHelper.qml\n./venv/lib/python3.12/site-packages/PyQt6/Qt6/qml/QtQuick3D/Helpers/DebugView.qml\n./venv/lib/python3.12/site-packages/PyQt6/Qt6/qml/QtQuick3D/Helpers/ExtendedSceneEnvironment.qml\n./venv/lib/python3.12/site-packages/PyQt6/Qt6/qml/QtQuick3D/Helpers/LodManager.qml\n./venv/lib/python3.12/site-packages/PyQt6/Qt6/qml/QtQuick3D/Helpers/OrbitCameraController.qml\n./venv/lib/python3.12/site-packages/PyQt6/Qt6/qml/QtQuick3D/Helpers/WasdController.qml\n./venv/lib/python3.12/site-packages/PyQt6/Qt6/qml/QtQuick3D/Helpers/libqtquick3dhelpersplugin.dylib\n./venv/lib/python3.12/site-packages/PyQt6/Qt6/qml/QtQuick3D/Helpers/plugins.qmltypes\n./venv/lib/python3.12/site-packages/PyQt6/Qt6/qml/QtQuick3D/Helpers/qmldir\n./venv/lib/python3.12/site-packages/PyQt6/Qt6/qml/QtQuick3D/Helpers/impl/DepthOfFieldBlur.qml\n./venv/lib/python3.12/site-packages/PyQt6/Qt6/qml/QtQuick3D/Helpers/impl/SceneEffect.qml\n./venv/lib/python3.12/site-packages/PyQt6/Qt6/qml/QtQuick3D/Helpers/impl/libqtquick3dhelpersimplplugin.dylib\n./venv/lib/python3.12/site-packages/PyQt6/Qt6/qml/QtQuick3D/Helpers/impl/plugins.qmltypes\n./venv/lib/python3.12/site-packages/PyQt6/Qt6/qml/QtQuick3D/Helpers/impl/qmldir\n./venv/lib/python3.12/site-packages/PyQt6/Qt6/qml/QtQuick3D/Helpers/meshes/axisGrid.mesh\n./venv/lib/python3.12/site-packages/PyQt6/Qt6/qml/QtQuick3D/Helpers/designer/AxisHelperSection.qml\n./venv/lib/python3.12/site-packages/PyQt6/Qt6/qml/QtQuick3D/Helpers/designer/AxisHelperSpecifics.qml\n./venv/lib/python3.12/site-packages/PyQt6/Qt6/qml/QtQuick3D/Helpers/designer/DebugViewSection.qml\n./venv/lib/python3.12/site-packages/PyQt6/Qt6/qml/QtQuick3D/Helpers/designer/DebugViewSpecifics.qml\n./venv/lib/python3.12/site-packages/PyQt6/Qt6/qml/QtQuick3D/Helpers/designer/ExtendedSceneEnvironmentSection.qml\n./venv/lib/python3.12/site-packages/PyQt6/Qt6/qml/QtQuick3D/Helpers/designer/ExtendedSceneEnvironmentSpecifics.qml\n./venv/lib/python3.12/site-packages/PyQt6/Qt6/qml/QtQuick3D/Helpers/designer/GridGeometrySection.qml\n./venv/lib/python3.12/site-packages/PyQt6/Qt6/qml/QtQuick3D/Helpers/designer/GridGeometrySpecifics.qml\n./venv/lib/python3.12/site-packages/PyQt6/Qt6/qml/QtQuick3D/Helpers/designer/HeightFieldGeometrySection.qml\n./venv/lib/python3.12/site-packages/PyQt6/Qt6/qml/QtQuick3D/Helpers/designer/HeightFieldGeometrySpecifics.qml\n./venv/lib/python3.12/site-packages/PyQt6/Qt6/qml/QtQuick3D/Helpers/designer/InfiniteGridSection.qml\n./venv/lib/python3.12/site-packages/PyQt6/Qt6/qml/QtQuick3D/Helpers/designer/InfiniteGridSpecifics.qml\n./venv/lib/python3.12/site-packages/PyQt6/Qt6/qml/QtQuick3D/Helpers/designer/InstanceModelSection.qml\n./venv/lib/python3.12/site-packages/PyQt6/Qt6/qml/QtQuick3D/Helpers/designer/InstanceModelSpecifics.qml\n./venv/lib/python3.12/site-packages/PyQt6/Qt6/qml/QtQuick3D/Helpers/designer/InstanceRepeaterSection.qml\n./venv/lib/python3.12/site-packages/PyQt6/Qt6/qml/QtQuick3D/Helpers/designer/InstanceRepeaterSpecifics.qml\n./venv/lib/python3.12/site-packages/PyQt6/Qt6/qml/QtQuick3D/Helpers/designer/LodManagerSection.qml\n./venv/lib/python3.12/site-packages/PyQt6/Qt6/qml/QtQuick3D/Helpers/designer/LodManagerSpecifics.qml\n./venv/lib/python3.12/site-packages/PyQt6/Qt6/qml/QtQuick3D/Helpers/designer/LookAtNodeSection.qml\n./venv/lib/python3.12/site-packages/PyQt6/Qt6/qml/QtQuick3D/Helpers/designer/LookAtNodeSpecifics.qml\n./venv/lib/python3.12/site-packages/PyQt6/Qt6/qml/QtQuick3D/Helpers/designer/NodeSection.qml\n./venv/lib/python3.12/site-packages/PyQt6/Qt6/qml/QtQuick3D/Helpers/designer/OrbitCameraControllerSection.qml\n./venv/lib/python3.12/site-packages/PyQt6/Qt6/qml/QtQuick3D/Helpers/designer/OrbitCameraControllerSpecifics.qml\n./venv/lib/python3.12/site-packages/PyQt6/Qt6/qml/QtQuick3D/Helpers/designer/ProceduralSkyTextureDataSection.qml\n./venv/lib/python3.12/site-packages/PyQt6/Qt6/qml/QtQuick3D/Helpers/designer/ProceduralSkyTextureDataSpecifics.qml\n./venv/lib/python3.12/site-packages/PyQt6/Qt6/qml/QtQuick3D/Helpers/designer/Repeater3DSection.qml\n./venv/lib/python3.12/site-packages/PyQt6/Qt6/qml/QtQuick3D/Helpers/designer/WasdControllerSection.qml\n./venv/lib/python3.12/site-packages/PyQt6/Qt6/qml/QtQuick3D/Helpers/designer/WasdControllerSpecifics.qml\n./venv/lib/python3.12/site-packages/PyQt6/Qt6/qml/QtQuick3D/Helpers/designer/helpers.metainfo\n./venv/lib/python3.12/site-packages/PyQt6/Qt6/qml/QtQuick3D/Helpers/designer/images/axishelper.png\n./venv/lib/python3.12/site-packages/PyQt6/Qt6/qml/QtQuick3D/Helpers/designer/images/axishelper16.png\n./venv/lib/python3.12/site-packages/PyQt6/Qt6/qml/QtQuick3D/Helpers/designer/images/axishelper@2x.png\n./venv/lib/python3.12/site-packages/PyQt6/Qt6/qml/QtQuick3D/Helpers/designer/images/debugview.png\n./venv/lib/python3.12/site-packages/PyQt6/Qt6/qml/QtQuick3D/Helpers/designer/images/debugview16.png\n./venv/lib/python3.12/site-packages/PyQt6/Qt6/qml/QtQuick3D/Helpers/designer/images/debugview@2x.png\n./venv/lib/python3.12/site-packages/PyQt6/Qt6/qml/QtQuick3D/Helpers/designer/images/dummy.png\n./venv/lib/python3.12/site-packages/PyQt6/Qt6/qml/QtQuick3D/Helpers/designer/images/dummy16.png\n./venv/lib/python3.12/site-packages/PyQt6/Qt6/qml/QtQuick3D/Helpers/designer/images/dummy@2x.png\n./venv/lib/python3.12/site-packages/PyQt6/Qt6/qml/QtQuick3D/Helpers/designer/images/extendedsceneenvironment.png\n./venv/lib/python3.12/site-packages/PyQt6/Qt6/qml/QtQuick3D/Helpers/designer/images/extendedsceneenvironment16.png\n./venv/lib/python3.12/site-packages/PyQt6/Qt6/qml/QtQuick3D/Helpers/designer/images/extendedsceneenvironment@2x.png\n./venv/lib/python3.12/site-packages/PyQt6/Qt6/qml/QtQuick3D/Helpers/designer/images/gridgeometry.png\n./venv/lib/python3.12/site-packages/PyQt6/Qt6/qml/QtQuick3D/Helpers/designer/images/gridgeometry16.png\n./venv/lib/python3.12/site-packages/PyQt6/Qt6/qml/QtQuick3D/Helpers/designer/images/gridgeometry@2x.png\n./venv/lib/python3.12/site-packages/PyQt6/Qt6/qml/QtQuick3D/Helpers/designer/images/heightfieldgeometry.png\n./venv/lib/python3.12/site-packages/PyQt6/Qt6/qml/QtQuick3D/Helpers/designer/images/heightfieldgeometry16.png\n./venv/lib/python3.12/site-packages/PyQt6/Qt6/qml/QtQuick3D/Helpers/designer/images/heightfieldgeometry@2x.png\n./venv/lib/python3.12/site-packages/PyQt6/Qt6/qml/QtQuick3D/Helpers/designer/images/infinitegrid.png\n./venv/lib/python3.12/site-packages/PyQt6/Qt6/qml/QtQuick3D/Helpers/designer/images/infinitegrid16.png\n./venv/lib/python3.12/site-packages/PyQt6/Qt6/qml/QtQuick3D/Helpers/designer/images/infinitegrid@2x.png\n./venv/lib/python3.12/site-packages/PyQt6/Qt6/qml/QtQuick3D/Helpers/designer/images/instancemodel.png\n./venv/lib/python3.12/site-packages/PyQt6/Qt6/qml/QtQuick3D/Helpers/designer/images/instancemodel16.png\n./venv/lib/python3.12/site-packages/PyQt6/Qt6/qml/QtQuick3D/Helpers/designer/images/instancemodel@2x.png\n./venv/lib/python3.12/site-packages/PyQt6/Qt6/qml/QtQuick3D/Helpers/designer/images/instancerepeater.png\n./venv/lib/python3.12/site-packages/PyQt6/Qt6/qml/QtQuick3D/Helpers/designer/images/instancerepeater16.png\n./venv/lib/python3.12/site-packages/PyQt6/Qt6/qml/QtQuick3D/Helpers/designer/images/instancerepeater@2x.png\n./venv/lib/python3.12/site-packages/PyQt6/Qt6/qml/QtQuick3D/Helpers/designer/images/lodmanager.png\n./venv/lib/python3.12/site-packages/PyQt6/Qt6/qml/QtQuick3D/Helpers/designer/images/lodmanager16.png\n./venv/lib/python3.12/site-packages/PyQt6/Qt6/qml/QtQuick3D/Helpers/designer/images/lodmanager@2x.png\n./venv/lib/python3.12/site-packages/PyQt6/Qt6/qml/QtQuick3D/Helpers/designer/images/lookatnode.png\n./venv/lib/python3.12/site-packages/PyQt6/Qt6/qml/QtQuick3D/Helpers/designer/images/lookatnode16.png\n./venv/lib/python3.12/site-packages/PyQt6/Qt6/qml/QtQuick3D/Helpers/designer/images/lookatnode@2x.png\n./venv/lib/python3.12/site-packages/PyQt6/Qt6/qml/QtQuick3D/Helpers/designer/images/orbitcameracontroller.png\n./venv/lib/python3.12/site-packages/PyQt6/Qt6/qml/QtQuick3D/Helpers/designer/images/orbitcameracontroller16.png\n./venv/lib/python3.12/site-packages/PyQt6/Qt6/qml/QtQuick3D/Helpers/designer/images/orbitcameracontroller@2x.png\n./venv/lib/python3.12/site-packages/PyQt6/Qt6/qml/QtQuick3D/Helpers/designer/images/proceduralskytexturedata.png\n./venv/lib/python3.12/site-packages/PyQt6/Qt6/qml/QtQuick3D/Helpers/designer/images/proceduralskytexturedata16.png\n./venv/lib/python3.12/site-packages/PyQt6/Qt6/qml/QtQuick3D/Helpers/designer/images/proceduralskytexturedata@2x.png\n./venv/lib/python3.12/site-packages/PyQt6/Qt6/qml/QtQuick3D/Helpers/designer/images/wasdcontroller.png\n./venv/lib/python3.12/site-packages/PyQt6/Qt6/qml/QtQuick3D/Helpers/designer/images/wasdcontroller16.png\n./venv/lib/python3.12/site-packages/PyQt6/Qt6/qml/QtQuick3D/Helpers/designer/images/wasdcontroller@2x.png\n./venv/lib/python3.12/site-packages/PyQt6/Qt6/qml/QtRemoteObjects/libdeclarative_remoteobjectsplugin.dylib\n./venv/lib/python3.12/site-packages/PyQt6/Qt6/qml/QtRemoteObjects/plugins.qmltypes\n./venv/lib/python3.12/site-packages/PyQt6/Qt6/qml/QtRemoteObjects/qmldir\n./venv/lib/python3.12/site-packages/PyQt6/Qt6/qml/QtSensors/libsensorsquickplugin.dylib\n./venv/lib/python3.12/site-packages/PyQt6/Qt6/qml/QtSensors/plugins.qmltypes\n./venv/lib/python3.12/site-packages/PyQt6/Qt6/qml/QtSensors/qmldir\n./venv/lib/python3.12/site-packages/PyQt6/Qt6/qml/QtQuick/libqtquick2plugin.dylib\n./venv/lib/python3.12/site-packages/PyQt6/Qt6/qml/QtQuick/plugins.qmltypes\n./venv/lib/python3.12/site-packages/PyQt6/Qt6/qml/QtQuick/qmldir\n./venv/lib/python3.12/site-packages/PyQt6/Qt6/qml/QtQuick/tooling/Component.qml\n./venv/lib/python3.12/site-packages/PyQt6/Qt6/qml/QtQuick/tooling/Enum.qml\n./venv/lib/python3.12/site-packages/PyQt6/Qt6/qml/QtQuick/tooling/Member.qml\n./venv/lib/python3.12/site-packages/PyQt6/Qt6/qml/QtQuick/tooling/Method.qml\n./venv/lib/python3.12/site-packages/PyQt6/Qt6/qml/QtQuick/tooling/Module.qml\n./venv/lib/python3.12/site-packages/PyQt6/Qt6/qml/QtQuick/tooling/Parameter.qml\n./venv/lib/python3.12/site-packages/PyQt6/Qt6/qml/QtQuick/tooling/Property.qml\n./venv/lib/python3.12/site-packages/PyQt6/Qt6/qml/QtQuick/tooling/Signal.qml\n./venv/lib/python3.12/site-packages/PyQt6/Qt6/qml/QtQuick/tooling/libquicktoolingplugin.dylib\n./venv/lib/python3.12/site-packages/PyQt6/Qt6/qml/QtQuick/tooling/qmldir\n./venv/lib/python3.12/site-packages/PyQt6/Qt6/qml/QtQuick/tooling/quicktooling.qmltypes\n./venv/lib/python3.12/site-packages/PyQt6/Qt6/qml/QtQuick/Scene2D/libqtquickscene2dplugin.dylib\n./venv/lib/python3.12/site-packages/PyQt6/Qt6/qml/QtQuick/Scene2D/plugins.qmltypes\n./venv/lib/python3.12/site-packages/PyQt6/Qt6/qml/QtQuick/Scene2D/qmldir\n./venv/lib/python3.12/site-packages/PyQt6/Qt6/qml/QtQuick/Pdf/PdfLinkDelegate.qml\n./venv/lib/python3.12/site-packages/PyQt6/Qt6/qml/QtQuick/Pdf/PdfMultiPageView.qml\n./venv/lib/python3.12/site-packages/PyQt6/Qt6/qml/QtQuick/Pdf/PdfPageView.qml\n./venv/lib/python3.12/site-packages/PyQt6/Qt6/qml/QtQuick/Pdf/PdfScrollablePageView.qml\n./venv/lib/python3.12/site-packages/PyQt6/Qt6/qml/QtQuick/Pdf/PdfStyle.qml\n./venv/lib/python3.12/site-packages/PyQt6/Qt6/qml/QtQuick/Pdf/libpdfquickplugin.dylib\n./venv/lib/python3.12/site-packages/PyQt6/Qt6/qml/QtQuick/Pdf/plugins.qmltypes\n./venv/lib/python3.12/site-packages/PyQt6/Qt6/qml/QtQuick/Pdf/qmldir\n./venv/lib/python3.12/site-packages/PyQt6/Qt6/qml/QtQuick/Pdf/+Universal/PdfStyle.qml\n./venv/lib/python3.12/site-packages/PyQt6/Qt6/qml/QtQuick/Pdf/+Material/PdfStyle.qml\n./venv/lib/python3.12/site-packages/PyQt6/Qt6/qml/QtQuick/Shapes/libqmlshapesplugin.dylib\n./venv/lib/python3.12/site-packages/PyQt6/Qt6/qml/QtQuick/Shapes/plugins.qmltypes\n./venv/lib/python3.12/site-packages/PyQt6/Qt6/qml/QtQuick/Shapes/qmldir\n./venv/lib/python3.12/site-packages/PyQt6/Qt6/qml/QtQuick/Shapes/DesignHelpers/libqtquickshapesdesignhelpersplugin.dylib\n./venv/lib/python3.12/site-packages/PyQt6/Qt6/qml/QtQuick/Shapes/DesignHelpers/plugins.qmltypes\n./venv/lib/python3.12/site-packages/PyQt6/Qt6/qml/QtQuick/Shapes/DesignHelpers/qmldir\n./venv/lib/python3.12/site-packages/PyQt6/Qt6/qml/QtQuick/Particles/libparticlesplugin.dylib\n./venv/lib/python3.12/site-packages/PyQt6/Qt6/qml/QtQuick/Particles/plugins.qmltypes\n./venv/lib/python3.12/site-packages/PyQt6/Qt6/qml/QtQuick/Particles/qmldir\n./venv/lib/python3.12/site-packages/PyQt6/Qt6/qml/QtQuick/VectorImage/libqquickvectorimageplugin.dylib\n./venv/lib/python3.12/site-packages/PyQt6/Qt6/qml/QtQuick/VectorImage/plugins.qmltypes\n./venv/lib/python3.12/site-packages/PyQt6/Qt6/qml/QtQuick/VectorImage/qmldir\n./venv/lib/python3.12/site-packages/PyQt6/Qt6/qml/QtQuick/VectorImage/Helpers/libqquickvectorimagehelpersplugin.dylib\n./venv/lib/python3.12/site-packages/PyQt6/Qt6/qml/QtQuick/VectorImage/Helpers/plugins.qmltypes\n./venv/lib/python3.12/site-packages/PyQt6/Qt6/qml/QtQuick/VectorImage/Helpers/qmldir\n./venv/lib/python3.12/site-packages/PyQt6/Qt6/qml/QtQuick/Controls/libqtquickcontrols2plugin.dylib\n./venv/lib/python3.12/site-packages/PyQt6/Qt6/qml/QtQuick/Controls/plugins.qmltypes\n./venv/lib/python3.12/site-packages/PyQt6/Qt6/qml/QtQuick/Controls/qmldir\n./venv/lib/python3.12/site-packages/PyQt6/Qt6/qml/QtQuick/Controls/Fusion/ApplicationWindow.qml\n./venv/lib/python3.12/site-packages/PyQt6/Qt6/qml/QtQuick/Controls/Fusion/BusyIndicator.qml\n./venv/lib/python3.12/site-packages/PyQt6/Qt6/qml/QtQuick/Controls/Fusion/Button.qml\n./venv/lib/python3.12/site-packages/PyQt6/Qt6/qml/QtQuick/Controls/Fusion/CheckBox.qml\n./venv/lib/python3.12/site-packages/PyQt6/Qt6/qml/QtQuick/Controls/Fusion/CheckDelegate.qml\n./venv/lib/python3.12/site-packages/PyQt6/Qt6/qml/QtQuick/Controls/Fusion/ComboBox.qml\n./venv/lib/python3.12/site-packages/PyQt6/Qt6/qml/QtQuick/Controls/Fusion/DelayButton.qml\n./venv/lib/python3.12/site-packages/PyQt6/Qt6/qml/QtQuick/Controls/Fusion/Dial.qml\n./venv/lib/python3.12/site-packages/PyQt6/Qt6/qml/QtQuick/Controls/Fusion/Dialog.qml\n./venv/lib/python3.12/site-packages/PyQt6/Qt6/qml/QtQuick/Controls/Fusion/DialogButtonBox.qml\n./venv/lib/python3.12/site-packages/PyQt6/Qt6/qml/QtQuick/Controls/Fusion/Drawer.qml\n./venv/lib/python3.12/site-packages/PyQt6/Qt6/qml/QtQuick/Controls/Fusion/Frame.qml\n./venv/lib/python3.12/site-packages/PyQt6/Qt6/qml/QtQuick/Controls/Fusion/GroupBox.qml\n./venv/lib/python3.12/site-packages/PyQt6/Qt6/qml/QtQuick/Controls/Fusion/HorizontalHeaderView.qml\n./venv/lib/python3.12/site-packages/PyQt6/Qt6/qml/QtQuick/Controls/Fusion/HorizontalHeaderViewDelegate.qml\n./venv/lib/python3.12/site-packages/PyQt6/Qt6/qml/QtQuick/Controls/Fusion/ItemDelegate.qml\n./venv/lib/python3.12/site-packages/PyQt6/Qt6/qml/QtQuick/Controls/Fusion/Label.qml\n./venv/lib/python3.12/site-packages/PyQt6/Qt6/qml/QtQuick/Controls/Fusion/Menu.qml\n./venv/lib/python3.12/site-packages/PyQt6/Qt6/qml/QtQuick/Controls/Fusion/MenuBar.qml\n./venv/lib/python3.12/site-packages/PyQt6/Qt6/qml/QtQuick/Controls/Fusion/MenuBarItem.qml\n./venv/lib/python3.12/site-packages/PyQt6/Qt6/qml/QtQuick/Controls/Fusion/MenuItem.qml\n./venv/lib/python3.12/site-packages/PyQt6/Qt6/qml/QtQuick/Controls/Fusion/MenuSeparator.qml\n./venv/lib/python3.12/site-packages/PyQt6/Qt6/qml/QtQuick/Controls/Fusion/Page.qml\n./venv/lib/python3.12/site-packages/PyQt6/Qt6/qml/QtQuick/Controls/Fusion/PageIndicator.qml\n./venv/lib/python3.12/site-packages/PyQt6/Qt6/qml/QtQuick/Controls/Fusion/Pane.qml\n./venv/lib/python3.12/site-packages/PyQt6/Qt6/qml/QtQuick/Controls/Fusion/Popup.qml\n./venv/lib/python3.12/site-packages/PyQt6/Qt6/qml/QtQuick/Controls/Fusion/ProgressBar.qml\n./venv/lib/python3.12/site-packages/PyQt6/Qt6/qml/QtQuick/Controls/Fusion/RadioButton.qml\n./venv/lib/python3.12/site-packages/PyQt6/Qt6/qml/QtQuick/Controls/Fusion/RadioDelegate.qml\n./venv/lib/python3.12/site-packages/PyQt6/Qt6/qml/QtQuick/Controls/Fusion/RangeSlider.qml\n./venv/lib/python3.12/site-packages/PyQt6/Qt6/qml/QtQuick/Controls/Fusion/RoundButton.qml\n./venv/lib/python3.12/site-packages/PyQt6/Qt6/qml/QtQuick/Controls/Fusion/ScrollBar.qml\n./venv/lib/python3.12/site-packages/PyQt6/Qt6/qml/QtQuick/Controls/Fusion/ScrollIndicator.qml\n./venv/lib/python3.12/site-packages/PyQt6/Qt6/qml/QtQuick/Controls/Fusion/ScrollView.qml\n./venv/lib/python3.12/site-packages/PyQt6/Qt6/qml/QtQuick/Controls/Fusion/SearchField.qml\n./venv/lib/python3.12/site-packages/PyQt6/Qt6/qml/QtQuick/Controls/Fusion/SelectionRectangle.qml\n./venv/lib/python3.12/site-packages/PyQt6/Qt6/qml/QtQuick/Controls/Fusion/Slider.qml\n./venv/lib/python3.12/site-packages/PyQt6/Qt6/qml/QtQuick/Controls/Fusion/SpinBox.qml\n./venv/lib/python3.12/site-packages/PyQt6/Qt6/qml/QtQuick/Controls/Fusion/SplitView.qml\n./venv/lib/python3.12/site-packages/PyQt6/Qt6/qml/QtQuick/Controls/Fusion/SwipeDelegate.qml\n./venv/lib/python3.12/site-packages/PyQt6/Qt6/qml/QtQuick/Controls/Fusion/Switch.qml\n./venv/lib/python3.12/site-packages/PyQt6/Qt6/qml/QtQuick/Controls/Fusion/SwitchDelegate.qml\n./venv/lib/python3.12/site-packages/PyQt6/Qt6/qml/QtQuick/Controls/Fusion/TabBar.qml\n./venv/lib/python3.12/site-packages/PyQt6/Qt6/qml/QtQuick/Controls/Fusion/TabButton.qml\n./venv/lib/python3.12/site-packages/PyQt6/Qt6/qml/QtQuick/Controls/Fusion/TextArea.qml\n./venv/lib/python3.12/site-packages/PyQt6/Qt6/qml/QtQuick/Controls/Fusion/TextField.qml\n./venv/lib/python3.12/site-packages/PyQt6/Qt6/qml/QtQuick/Controls/Fusion/ToolBar.qml\n./venv/lib/python3.12/site-packages/PyQt6/Qt6/qml/QtQuick/Controls/Fusion/ToolButton.qml\n./venv/lib/python3.12/site-packages/PyQt6/Qt6/qml/QtQuick/Controls/Fusion/ToolSeparator.qml\n./venv/lib/python3.12/site-packages/PyQt6/Qt6/qml/QtQuick/Controls/Fusion/ToolTip.qml\n./venv/lib/python3.12/site-packages/PyQt6/Qt6/qml/QtQuick/Controls/Fusion/TreeViewDelegate.qml\n./venv/lib/python3.12/site-packages/PyQt6/Qt6/qml/QtQuick/Controls/Fusion/Tumbler.qml\n./venv/lib/python3.12/site-packages/PyQt6/Qt6/qml/QtQuick/Controls/Fusion/VerticalHeaderView.qml\n./venv/lib/python3.12/site-packages/PyQt6/Qt6/qml/QtQuick/Controls/Fusion/VerticalHeaderViewDelegate.qml\n./venv/lib/python3.12/site-packages/PyQt6/Qt6/qml/QtQuick/Controls/Fusion/libqtquickcontrols2fusionstyleplugin.dylib\n./venv/lib/python3.12/site-packages/PyQt6/Qt6/qml/QtQuick/Controls/Fusion/plugins.qmltypes\n./venv/lib/python3.12/site-packages/PyQt6/Qt6/qml/QtQuick/Controls/Fusion/qmldir\n./venv/lib/python3.12/site-packages/PyQt6/Qt6/qml/QtQuick/Controls/Fusion/impl/ButtonPanel.qml\n./venv/lib/python3.12/site-packages/PyQt6/Qt6/qml/QtQuick/Controls/Fusion/impl/CheckIndicator.qml\n./venv/lib/python3.12/site-packages/PyQt6/Qt6/qml/QtQuick/Controls/Fusion/impl/RadioIndicator.qml\n./venv/lib/python3.12/site-packages/PyQt6/Qt6/qml/QtQuick/Controls/Fusion/impl/SliderGroove.qml\n./venv/lib/python3.12/site-packages/PyQt6/Qt6/qml/QtQuick/Controls/Fusion/impl/SliderHandle.qml\n./venv/lib/python3.12/site-packages/PyQt6/Qt6/qml/QtQuick/Controls/Fusion/impl/SwitchIndicator.qml\n./venv/lib/python3.12/site-packages/PyQt6/Qt6/qml/QtQuick/Controls/Fusion/impl/TextFieldBackground.qml\n./venv/lib/python3.12/site-packages/PyQt6/Qt6/qml/QtQuick/Controls/Fusion/impl/libqtquickcontrols2fusionstyleimplplugin.dylib\n./venv/lib/python3.12/site-packages/PyQt6/Qt6/qml/QtQuick/Controls/Fusion/impl/plugins.qmltypes\n./venv/lib/python3.12/site-packages/PyQt6/Qt6/qml/QtQuick/Controls/Fusion/impl/qmldir\n./venv/lib/python3.12/site-packages/PyQt6/Qt6/qml/QtQuick/Controls/impl/libqtquickcontrols2implplugin.dylib\n./venv/lib/python3.12/site-packages/PyQt6/Qt6/qml/QtQuick/Controls/impl/plugins.qmltypes\n./venv/lib/python3.12/site-packages/PyQt6/Qt6/qml/QtQuick/Controls/impl/qmldir\n./venv/lib/python3.12/site-packages/PyQt6/Qt6/qml/QtQuick/Controls/FluentWinUI3/ApplicationWindow.qml\n./venv/lib/python3.12/site-packages/PyQt6/Qt6/qml/QtQuick/Controls/FluentWinUI3/BusyIndicator.qml\n./venv/lib/python3.12/site-packages/PyQt6/Qt6/qml/QtQuick/Controls/FluentWinUI3/Button.qml\n./venv/lib/python3.12/site-packages/PyQt6/Qt6/qml/QtQuick/Controls/FluentWinUI3/CheckBox.qml\n./venv/lib/python3.12/site-packages/PyQt6/Qt6/qml/QtQuick/Controls/FluentWinUI3/CheckDelegate.qml\n./venv/lib/python3.12/site-packages/PyQt6/Qt6/qml/QtQuick/Controls/FluentWinUI3/ComboBox.qml\n./venv/lib/python3.12/site-packages/PyQt6/Qt6/qml/QtQuick/Controls/FluentWinUI3/Config.qml\n./venv/lib/python3.12/site-packages/PyQt6/Qt6/qml/QtQuick/Controls/FluentWinUI3/DelayButton.qml\n./venv/lib/python3.12/site-packages/PyQt6/Qt6/qml/QtQuick/Controls/FluentWinUI3/Dialog.qml\n./venv/lib/python3.12/site-packages/PyQt6/Qt6/qml/QtQuick/Controls/FluentWinUI3/DialogButtonBox.qml\n./venv/lib/python3.12/site-packages/PyQt6/Qt6/qml/QtQuick/Controls/FluentWinUI3/FocusFrame.qml\n./venv/lib/python3.12/site-packages/PyQt6/Qt6/qml/QtQuick/Controls/FluentWinUI3/Frame.qml\n./venv/lib/python3.12/site-packages/PyQt6/Qt6/qml/QtQuick/Controls/FluentWinUI3/GroupBox.qml\n./venv/lib/python3.12/site-packages/PyQt6/Qt6/qml/QtQuick/Controls/FluentWinUI3/ItemDelegate.qml\n./venv/lib/python3.12/site-packages/PyQt6/Qt6/qml/QtQuick/Controls/FluentWinUI3/Menu.qml\n./venv/lib/python3.12/site-packages/PyQt6/Qt6/qml/QtQuick/Controls/FluentWinUI3/MenuBar.qml\n./venv/lib/python3.12/site-packages/PyQt6/Qt6/qml/QtQuick/Controls/FluentWinUI3/MenuBarItem.qml\n./venv/lib/python3.12/site-packages/PyQt6/Qt6/qml/QtQuick/Controls/FluentWinUI3/MenuItem.qml\n./venv/lib/python3.12/site-packages/PyQt6/Qt6/qml/QtQuick/Controls/FluentWinUI3/MenuSeparator.qml\n./venv/lib/python3.12/site-packages/PyQt6/Qt6/qml/QtQuick/Controls/FluentWinUI3/PageIndicator.qml\n./venv/lib/python3.12/site-packages/PyQt6/Qt6/qml/QtQuick/Controls/FluentWinUI3/Popup.qml\n./venv/lib/python3.12/site-packages/PyQt6/Qt6/qml/QtQuick/Controls/FluentWinUI3/ProgressBar.qml\n./venv/lib/python3.12/site-packages/PyQt6/Qt6/qml/QtQuick/Controls/FluentWinUI3/RadioButton.qml\n./venv/lib/python3.12/site-packages/PyQt6/Qt6/qml/QtQuick/Controls/FluentWinUI3/RadioDelegate.qml\n./venv/lib/python3.12/site-packages/PyQt6/Qt6/qml/QtQuick/Controls/FluentWinUI3/RangeSlider.qml\n./venv/lib/python3.12/site-packages/PyQt6/Qt6/qml/QtQuick/Controls/FluentWinUI3/RoundButton.qml\n./venv/lib/python3.12/site-packages/PyQt6/Qt6/qml/QtQuick/Controls/FluentWinUI3/SearchField.qml\n./venv/lib/python3.12/site-packages/PyQt6/Qt6/qml/QtQuick/Controls/FluentWinUI3/Slider.qml\n./venv/lib/python3.12/site-packages/PyQt6/Qt6/qml/QtQuick/Controls/FluentWinUI3/SpinBox.qml\n./venv/lib/python3.12/site-packages/PyQt6/Qt6/qml/QtQuick/Controls/FluentWinUI3/StyleImage.qml\n./venv/lib/python3.12/site-packages/PyQt6/Qt6/qml/QtQuick/Controls/FluentWinUI3/SwipeDelegate.qml\n./venv/lib/python3.12/site-packages/PyQt6/Qt6/qml/QtQuick/Controls/FluentWinUI3/Switch.qml\n./venv/lib/python3.12/site-packages/PyQt6/Qt6/qml/QtQuick/Controls/FluentWinUI3/SwitchDelegate.qml\n./venv/lib/python3.12/site-packages/PyQt6/Qt6/qml/QtQuick/Controls/FluentWinUI3/TabBar.qml\n./venv/lib/python3.12/site-packages/PyQt6/Qt6/qml/QtQuick/Controls/FluentWinUI3/TabButton.qml\n./venv/lib/python3.12/site-packages/PyQt6/Qt6/qml/QtQuick/Controls/FluentWinUI3/TextArea.qml\n./venv/lib/python3.12/site-packages/PyQt6/Qt6/qml/QtQuick/Controls/FluentWinUI3/TextField.qml\n./venv/lib/python3.12/site-packages/PyQt6/Qt6/qml/QtQuick/Controls/FluentWinUI3/ToolBar.qml\n./venv/lib/python3.12/site-packages/PyQt6/Qt6/qml/QtQuick/Controls/FluentWinUI3/ToolButton.qml\n./venv/lib/python3.12/site-packages/PyQt6/Qt6/qml/QtQuick/Controls/FluentWinUI3/ToolSeparator.qml\n./venv/lib/python3.12/site-packages/PyQt6/Qt6/qml/QtQuick/Controls/FluentWinUI3/ToolTip.qml\n./venv/lib/python3.12/site-packages/PyQt6/Qt6/qml/QtQuick/Controls/FluentWinUI3/libqtquickcontrols2fluentwinui3styleplugin.dylib\n./venv/lib/python3.12/site-packages/PyQt6/Qt6/qml/QtQuick/Controls/FluentWinUI3/plugins.qmltypes\n./venv/lib/python3.12/site-packages/PyQt6/Qt6/qml/QtQuick/Controls/FluentWinUI3/qmldir\n./venv/lib/python3.12/site-packages/PyQt6/Qt6/qml/QtQuick/Controls/FluentWinUI3/impl/ButtonBackground.qml\n./venv/lib/python3.12/site-packages/PyQt6/Qt6/qml/QtQuick/Controls/FluentWinUI3/impl/CheckIndicator.qml\n./venv/lib/python3.12/site-packages/PyQt6/Qt6/qml/QtQuick/Controls/FluentWinUI3/impl/FocusFrame.qml\n./venv/lib/python3.12/site-packages/PyQt6/Qt6/qml/QtQuick/Controls/FluentWinUI3/impl/RadioIndicator.qml\n./venv/lib/python3.12/site-packages/PyQt6/Qt6/qml/QtQuick/Controls/FluentWinUI3/impl/StyleImage.qml\n./venv/lib/python3.12/site-packages/PyQt6/Qt6/qml/QtQuick/Controls/FluentWinUI3/impl/SwitchIndicator.qml\n./venv/lib/python3.12/site-packages/PyQt6/Qt6/qml/QtQuick/Controls/FluentWinUI3/impl/libqtquickcontrols2fluentwinui3styleimplplugin.dylib\n./venv/lib/python3.12/site-packages/PyQt6/Qt6/qml/QtQuick/Controls/FluentWinUI3/impl/plugins.qmltypes\n./venv/lib/python3.12/site-packages/PyQt6/Qt6/qml/QtQuick/Controls/FluentWinUI3/impl/qmldir\n./venv/lib/python3.12/site-packages/PyQt6/Qt6/qml/QtQuick/Controls/FluentWinUI3/icons/checkmark.png\n./venv/lib/python3.12/site-packages/PyQt6/Qt6/qml/QtQuick/Controls/FluentWinUI3/icons/checkmark@2x.png\n./venv/lib/python3.12/site-packages/PyQt6/Qt6/qml/QtQuick/Controls/FluentWinUI3/icons/checkmark@3x.png\n./venv/lib/python3.12/site-packages/PyQt6/Qt6/qml/QtQuick/Controls/FluentWinUI3/icons/close_big.png\n./venv/lib/python3.12/site-packages/PyQt6/Qt6/qml/QtQuick/Controls/FluentWinUI3/icons/close_big@2x.png\n./venv/lib/python3.12/site-packages/PyQt6/Qt6/qml/QtQuick/Controls/FluentWinUI3/icons/close_big@3x.png\n./venv/lib/python3.12/site-packages/PyQt6/Qt6/qml/QtQuick/Controls/FluentWinUI3/icons/menuarrow.png\n./venv/lib/python3.12/site-packages/PyQt6/Qt6/qml/QtQuick/Controls/FluentWinUI3/icons/menuarrow@2x.png\n./venv/lib/python3.12/site-packages/PyQt6/Qt6/qml/QtQuick/Controls/FluentWinUI3/icons/menuarrow@3x.png\n./venv/lib/python3.12/site-packages/PyQt6/Qt6/qml/QtQuick/Controls/FluentWinUI3/icons/search-magnifier.png\n./venv/lib/python3.12/site-packages/PyQt6/Qt6/qml/QtQuick/Controls/FluentWinUI3/icons/search-magnifier@2x.png\n./venv/lib/python3.12/site-packages/PyQt6/Qt6/qml/QtQuick/Controls/FluentWinUI3/icons/search-magnifier@3x.png\n./venv/lib/python3.12/site-packages/PyQt6/Qt6/qml/QtQuick/Controls/FluentWinUI3/light/images/checkbox-indicator-checked-disabled.png\n./venv/lib/python3.12/site-packages/PyQt6/Qt6/qml/QtQuick/Controls/FluentWinUI3/light/images/checkbox-indicator-checked-disabled@2x.png\n./venv/lib/python3.12/site-packages/PyQt6/Qt6/qml/QtQuick/Controls/FluentWinUI3/light/images/checkbox-indicator-checked-disabled@3x.png\n./venv/lib/python3.12/site-packages/PyQt6/Qt6/qml/QtQuick/Controls/FluentWinUI3/light/images/checkbox-indicator-checked-hovered.png\n./venv/lib/python3.12/site-packages/PyQt6/Qt6/qml/QtQuick/Controls/FluentWinUI3/light/images/checkbox-indicator-checked-hovered@2x.png\n./venv/lib/python3.12/site-packages/PyQt6/Qt6/qml/QtQuick/Controls/FluentWinUI3/light/images/checkbox-indicator-checked-hovered@3x.png\n./venv/lib/python3.12/site-packages/PyQt6/Qt6/qml/QtQuick/Controls/FluentWinUI3/light/images/checkbox-indicator-checked-pressed.png\n./venv/lib/python3.12/site-packages/PyQt6/Qt6/qml/QtQuick/Controls/FluentWinUI3/light/images/checkbox-indicator-checked-pressed@2x.png\n./venv/lib/python3.12/site-packages/PyQt6/Qt6/qml/QtQuick/Controls/FluentWinUI3/light/images/checkbox-indicator-checked-pressed@3x.png\n./venv/lib/python3.12/site-packages/PyQt6/Qt6/qml/QtQuick/Controls/FluentWinUI3/light/images/checkbox-indicator-checked.png\n./venv/lib/python3.12/site-packages/PyQt6/Qt6/qml/QtQuick/Controls/FluentWinUI3/light/images/checkbox-indicator-checked@2x.png\n./venv/lib/python3.12/site-packages/PyQt6/Qt6/qml/QtQuick/Controls/FluentWinUI3/light/images/checkbox-indicator-checked@3x.png\n./venv/lib/python3.12/site-packages/PyQt6/Qt6/qml/QtQuick/Controls/FluentWinUI3/light/images/checkbox-indicator-disabled-partiallyChecked.png\n./venv/lib/python3.12/site-packages/PyQt6/Qt6/qml/QtQuick/Controls/FluentWinUI3/light/images/checkbox-indicator-disabled-partiallyChecked@2x.png\n./venv/lib/python3.12/site-packages/PyQt6/Qt6/qml/QtQuick/Controls/FluentWinUI3/light/images/checkbox-indicator-disabled-partiallyChecked@3x.png\n./venv/lib/python3.12/site-packages/PyQt6/Qt6/qml/QtQuick/Controls/FluentWinUI3/light/images/checkbox-indicator-disabled.png\n./venv/lib/python3.12/site-packages/PyQt6/Qt6/qml/QtQuick/Controls/FluentWinUI3/light/images/checkbox-indicator-disabled@2x.png\n./venv/lib/python3.12/site-packages/PyQt6/Qt6/qml/QtQuick/Controls/FluentWinUI3/light/images/checkbox-indicator-disabled@3x.png\n./venv/lib/python3.12/site-packages/PyQt6/Qt6/qml/QtQuick/Controls/FluentWinUI3/light/images/checkbox-indicator-hovered-partiallyChecked.png\n./venv/lib/python3.12/site-packages/PyQt6/Qt6/qml/QtQuick/Controls/FluentWinUI3/light/images/checkbox-indicator-hovered-partiallyChecked@2x.png\n./venv/lib/python3.12/site-packages/PyQt6/Qt6/qml/QtQuick/Controls/FluentWinUI3/light/images/checkbox-indicator-hovered-partiallyChecked@3x.png\n./venv/lib/python3.12/site-packages/PyQt6/Qt6/qml/QtQuick/Controls/FluentWinUI3/light/images/checkbox-indicator-hovered.png\n./venv/lib/python3.12/site-packages/PyQt6/Qt6/qml/QtQuick/Controls/FluentWinUI3/light/images/checkbox-indicator-hovered@2x.png\n./venv/lib/python3.12/site-packages/PyQt6/Qt6/qml/QtQuick/Controls/FluentWinUI3/light/images/checkbox-indicator-hovered@3x.png\n./venv/lib/python3.12/site-packages/PyQt6/Qt6/qml/QtQuick/Controls/FluentWinUI3/light/images/checkbox-indicator-partiallyChecked-pressed.png\n./venv/lib/python3.12/site-packages/PyQt6/Qt6/qml/QtQuick/Controls/FluentWinUI3/light/images/checkbox-indicator-partiallyChecked-pressed@2x.png\n./venv/lib/python3.12/site-packages/PyQt6/Qt6/qml/QtQuick/Controls/FluentWinUI3/light/images/checkbox-indicator-partiallyChecked-pressed@3x.png\n./venv/lib/python3.12/site-packages/PyQt6/Qt6/qml/QtQuick/Controls/FluentWinUI3/light/images/checkbox-indicator-partiallyChecked.png\n./venv/lib/python3.12/site-packages/PyQt6/Qt6/qml/QtQuick/Controls/FluentWinUI3/light/images/checkbox-indicator-partiallyChecked@2x.png\n./venv/lib/python3.12/site-packages/PyQt6/Qt6/qml/QtQuick/Controls/FluentWinUI3/light/images/checkbox-indicator-partiallyChecked@3x.png\n./venv/lib/python3.12/site-packages/PyQt6/Qt6/qml/QtQuick/Controls/FluentWinUI3/light/images/checkbox-indicator-pressed.png\n./venv/lib/python3.12/site-packages/PyQt6/Qt6/qml/QtQuick/Controls/FluentWinUI3/light/images/checkbox-indicator-pressed@2x.png\n./venv/lib/python3.12/site-packages/PyQt6/Qt6/qml/QtQuick/Controls/FluentWinUI3/light/images/checkbox-indicator-pressed@3x.png\n./venv/lib/python3.12/site-packages/PyQt6/Qt6/qml/QtQuick/Controls/FluentWinUI3/light/images/checkbox-indicator.png\n./venv/lib/python3.12/site-packages/PyQt6/Qt6/qml/QtQuick/Controls/FluentWinUI3/light/images/checkbox-indicator@2x.png\n./venv/lib/python3.12/site-packages/PyQt6/Qt6/qml/QtQuick/Controls/FluentWinUI3/light/images/checkbox-indicator@3x.png\n./venv/lib/python3.12/site-packages/PyQt6/Qt6/qml/QtQuick/Controls/FluentWinUI3/light/images/combobox-background-disabled.png\n./venv/lib/python3.12/site-packages/PyQt6/Qt6/qml/QtQuick/Controls/FluentWinUI3/light/images/combobox-background-disabled@2x.png\n./venv/lib/python3.12/site-packages/PyQt6/Qt6/qml/QtQuick/Controls/FluentWinUI3/light/images/combobox-background-disabled@3x.png\n./venv/lib/python3.12/site-packages/PyQt6/Qt6/qml/QtQuick/Controls/FluentWinUI3/light/images/combobox-background-focused.png\n./venv/lib/python3.12/site-packages/PyQt6/Qt6/qml/QtQuick/Controls/FluentWinUI3/light/images/combobox-background-focused@2x.png\n./venv/lib/python3.12/site-packages/PyQt6/Qt6/qml/QtQuick/Controls/FluentWinUI3/light/images/combobox-background-focused@3x.png\n./venv/lib/python3.12/site-packages/PyQt6/Qt6/qml/QtQuick/Controls/FluentWinUI3/light/images/combobox-background-hovered-open.png\n./venv/lib/python3.12/site-packages/PyQt6/Qt6/qml/QtQuick/Controls/FluentWinUI3/light/images/combobox-background-hovered-open@2x.png\n./venv/lib/python3.12/site-packages/PyQt6/Qt6/qml/QtQuick/Controls/FluentWinUI3/light/images/combobox-background-hovered-open@3x.png\n./venv/lib/python3.12/site-packages/PyQt6/Qt6/qml/QtQuick/Controls/FluentWinUI3/light/images/combobox-background-hovered.png\n./venv/lib/python3.12/site-packages/PyQt6/Qt6/qml/QtQuick/Controls/FluentWinUI3/light/images/combobox-background-hovered@2x.png\n./venv/lib/python3.12/site-packages/PyQt6/Qt6/qml/QtQuick/Controls/FluentWinUI3/light/images/combobox-background-hovered@3x.png\n./venv/lib/python3.12/site-packages/PyQt6/Qt6/qml/QtQuick/Controls/FluentWinUI3/light/images/combobox-background-open-pressed.png\n./venv/lib/python3.12/site-packages/PyQt6/Qt6/qml/QtQuick/Controls/FluentWinUI3/light/images/combobox-background-open-pressed@2x.png\n./venv/lib/python3.12/site-packages/PyQt6/Qt6/qml/QtQuick/Controls/FluentWinUI3/light/images/combobox-background-open-pressed@3x.png\n./venv/lib/python3.12/site-packages/PyQt6/Qt6/qml/QtQuick/Controls/FluentWinUI3/light/images/combobox-background-open.png\n./venv/lib/python3.12/site-packages/PyQt6/Qt6/qml/QtQuick/Controls/FluentWinUI3/light/images/combobox-background-open@2x.png\n./venv/lib/python3.12/site-packages/PyQt6/Qt6/qml/QtQuick/Controls/FluentWinUI3/light/images/combobox-background-open@3x.png\n./venv/lib/python3.12/site-packages/PyQt6/Qt6/qml/QtQuick/Controls/FluentWinUI3/light/images/combobox-background-pressed.png\n./venv/lib/python3.12/site-packages/PyQt6/Qt6/qml/QtQuick/Controls/FluentWinUI3/light/images/combobox-background-pressed@2x.png\n./venv/lib/python3.12/site-packages/PyQt6/Qt6/qml/QtQuick/Controls/FluentWinUI3/light/images/combobox-background-pressed@3x.png\n./venv/lib/python3.12/site-packages/PyQt6/Qt6/qml/QtQuick/Controls/FluentWinUI3/light/images/combobox-background.png\n./venv/lib/python3.12/site-packages/PyQt6/Qt6/qml/QtQuick/Controls/FluentWinUI3/light/images/combobox-background@2x.png\n./venv/lib/python3.12/site-packages/PyQt6/Qt6/qml/QtQuick/Controls/FluentWinUI3/light/images/combobox-background@3x.png\n./venv/lib/python3.12/site-packages/PyQt6/Qt6/qml/QtQuick/Controls/FluentWinUI3/light/images/combobox-indicator-disabled.png\n./venv/lib/python3.12/site-packages/PyQt6/Qt6/qml/QtQuick/Controls/FluentWinUI3/light/images/combobox-indicator-disabled@2x.png\n./venv/lib/python3.12/site-packages/PyQt6/Qt6/qml/QtQuick/Controls/FluentWinUI3/light/images/combobox-indicator-disabled@3x.png\n./venv/lib/python3.12/site-packages/PyQt6/Qt6/qml/QtQuick/Controls/FluentWinUI3/light/images/combobox-indicator-focused.png\n./venv/lib/python3.12/site-packages/PyQt6/Qt6/qml/QtQuick/Controls/FluentWinUI3/light/images/combobox-indicator-focused@2x.png\n./venv/lib/python3.12/site-packages/PyQt6/Qt6/qml/QtQuick/Controls/FluentWinUI3/light/images/combobox-indicator-focused@3x.png\n./venv/lib/python3.12/site-packages/PyQt6/Qt6/qml/QtQuick/Controls/FluentWinUI3/light/images/combobox-indicator-hovered-open.png\n./venv/lib/python3.12/site-packages/PyQt6/Qt6/qml/QtQuick/Controls/FluentWinUI3/light/images/combobox-indicator-hovered-open@2x.png\n./venv/lib/python3.12/site-packages/PyQt6/Qt6/qml/QtQuick/Controls/FluentWinUI3/light/images/combobox-indicator-hovered-open@3x.png\n./venv/lib/python3.12/site-packages/PyQt6/Qt6/qml/QtQuick/Controls/FluentWinUI3/light/images/combobox-indicator-hovered.png\n./venv/lib/python3.12/site-packages/PyQt6/Qt6/qml/QtQuick/Controls/FluentWinUI3/light/images/combobox-indicator-hovered@2x.png\n./venv/lib/python3.12/site-packages/PyQt6/Qt6/qml/QtQuick/Controls/FluentWinUI3/light/images/combobox-indicator-hovered@3x.png\n./venv/lib/python3.12/site-packages/PyQt6/Qt6/qml/QtQuick/Controls/FluentWinUI3/light/images/combobox-indicator-open-pressed.png\n./venv/lib/python3.12/site-packages/PyQt6/Qt6/qml/QtQuick/Controls/FluentWinUI3/light/images/combobox-indicator-open-pressed@2x.png\n./venv/lib/python3.12/site-packages/PyQt6/Qt6/qml/QtQuick/Controls/FluentWinUI3/light/images/combobox-indicator-open-pressed@3x.png\n./venv/lib/python3.12/site-packages/PyQt6/Qt6/qml/QtQuick/Controls/FluentWinUI3/light/images/combobox-indicator-open.png\n./venv/lib/python3.12/site-packages/PyQt6/Qt6/qml/QtQuick/Controls/FluentWinUI3/light/images/combobox-indicator-open@2x.png\n./venv/lib/python3.12/site-packages/PyQt6/Qt6/qml/QtQuick/Controls/FluentWinUI3/light/images/combobox-indicator-open@3x.png\n./venv/lib/python3.12/site-packages/PyQt6/Qt6/qml/QtQuick/Controls/FluentWinUI3/light/images/combobox-indicator-pressed.png\n./venv/lib/python3.12/site-packages/PyQt6/Qt6/qml/QtQuick/Controls/FluentWinUI3/light/images/combobox-indicator-pressed@2x.png\n./venv/lib/python3.12/site-packages/PyQt6/Qt6/qml/QtQuick/Controls/FluentWinUI3/light/images/combobox-indicator-pressed@3x.png\n./venv/lib/python3.12/site-packages/PyQt6/Qt6/qml/QtQuick/Controls/FluentWinUI3/light/images/combobox-indicator.png\n./venv/lib/python3.12/site-packages/PyQt6/Qt6/qml/QtQuick/Controls/FluentWinUI3/light/images/combobox-indicator@2x.png\n./venv/lib/python3.12/site-packages/PyQt6/Qt6/qml/QtQuick/Controls/FluentWinUI3/light/images/combobox-indicator@3x.png\n./venv/lib/python3.12/site-packages/PyQt6/Qt6/qml/QtQuick/Controls/FluentWinUI3/light/images/editablecombobox-background-hovered-open.png\n./venv/lib/python3.12/site-packages/PyQt6/Qt6/qml/QtQuick/Controls/FluentWinUI3/light/images/editablecombobox-background-hovered-open@2x.png\n./venv/lib/python3.12/site-packages/PyQt6/Qt6/qml/QtQuick/Controls/FluentWinUI3/light/images/editablecombobox-background-hovered-open@3x.png\n./venv/lib/python3.12/site-packages/PyQt6/Qt6/qml/QtQuick/Controls/FluentWinUI3/light/images/editablecombobox-background-open-pressed.png\n./venv/lib/python3.12/site-packages/PyQt6/Qt6/qml/QtQuick/Controls/FluentWinUI3/light/images/editablecombobox-background-open-pressed@2x.png\n./venv/lib/python3.12/site-packages/PyQt6/Qt6/qml/QtQuick/Controls/FluentWinUI3/light/images/editablecombobox-background-open-pressed@3x.png\n./venv/lib/python3.12/site-packages/PyQt6/Qt6/qml/QtQuick/Controls/FluentWinUI3/light/images/editablecombobox-background-open.png\n./venv/lib/python3.12/site-packages/PyQt6/Qt6/qml/QtQuick/Controls/FluentWinUI3/light/images/editablecombobox-background-open@2x.png\n./venv/lib/python3.12/site-packages/PyQt6/Qt6/qml/QtQuick/Controls/FluentWinUI3/light/images/editablecombobox-background-open@3x.png\n./venv/lib/python3.12/site-packages/PyQt6/Qt6/qml/QtQuick/Controls/FluentWinUI3/light/images/editablecombobox-indicator-hovered-open.png\n./venv/lib/python3.12/site-packages/PyQt6/Qt6/qml/QtQuick/Controls/FluentWinUI3/light/images/editablecombobox-indicator-hovered-open@2x.png\n./venv/lib/python3.12/site-packages/PyQt6/Qt6/qml/QtQuick/Controls/FluentWinUI3/light/images/editablecombobox-indicator-hovered-open@3x.png\n./venv/lib/python3.12/site-packages/PyQt6/Qt6/qml/QtQuick/Controls/FluentWinUI3/light/images/editablecombobox-indicator-open-pressed.png\n./venv/lib/python3.12/site-packages/PyQt6/Qt6/qml/QtQuick/Controls/FluentWinUI3/light/images/editablecombobox-indicator-open-pressed@2x.png\n./venv/lib/python3.12/site-packages/PyQt6/Qt6/qml/QtQuick/Controls/FluentWinUI3/light/images/editablecombobox-indicator-open-pressed@3x.png\n./venv/lib/python3.12/site-packages/PyQt6/Qt6/qml/QtQuick/Controls/FluentWinUI3/light/images/editablecombobox-indicator-open.png\n./venv/lib/python3.12/site-packages/PyQt6/Qt6/qml/QtQuick/Controls/FluentWinUI3/light/images/editablecombobox-indicator-open@2x.png\n./venv/lib/python3.12/site-packages/PyQt6/Qt6/qml/QtQuick/Controls/FluentWinUI3/light/images/editablecombobox-indicator-open@3x.png\n./venv/lib/python3.12/site-packages/PyQt6/Qt6/qml/QtQuick/Controls/FluentWinUI3/light/images/editablecombobox-popup-background-hovered-open.png\n./venv/lib/python3.12/site-packages/PyQt6/Qt6/qml/QtQuick/Controls/FluentWinUI3/light/images/editablecombobox-popup-background-hovered-open@2x.png\n./venv/lib/python3.12/site-packages/PyQt6/Qt6/qml/QtQuick/Controls/FluentWinUI3/light/images/editablecombobox-popup-background-hovered-open@3x.png\n./venv/lib/python3.12/site-packages/PyQt6/Qt6/qml/QtQuick/Controls/FluentWinUI3/light/images/editablecombobox-popup-background-open-pressed.png\n./venv/lib/python3.12/site-packages/PyQt6/Qt6/qml/QtQuick/Controls/FluentWinUI3/light/images/editablecombobox-popup-background-open-pressed@2x.png\n./venv/lib/python3.12/site-packages/PyQt6/Qt6/qml/QtQuick/Controls/FluentWinUI3/light/images/editablecombobox-popup-background-open-pressed@3x.png\n./venv/lib/python3.12/site-packages/PyQt6/Qt6/qml/QtQuick/Controls/FluentWinUI3/light/images/editablecombobox-popup-background-open.png\n./venv/lib/python3.12/site-packages/PyQt6/Qt6/qml/QtQuick/Controls/FluentWinUI3/light/images/editablecombobox-popup-background-open@2x.png\n./venv/lib/python3.12/site-packages/PyQt6/Qt6/qml/QtQuick/Controls/FluentWinUI3/light/images/editablecombobox-popup-background-open@3x.png\n./venv/lib/python3.12/site-packages/PyQt6/Qt6/qml/QtQuick/Controls/FluentWinUI3/light/images/frame-background-disabled.png\n./venv/lib/python3.12/site-packages/PyQt6/Qt6/qml/QtQuick/Controls/FluentWinUI3/light/images/frame-background-disabled@2x.png\n./venv/lib/python3.12/site-packages/PyQt6/Qt6/qml/QtQuick/Controls/FluentWinUI3/light/images/frame-background-disabled@3x.png\n./venv/lib/python3.12/site-packages/PyQt6/Qt6/qml/QtQuick/Controls/FluentWinUI3/light/images/frame-background.png\n./venv/lib/python3.12/site-packages/PyQt6/Qt6/qml/QtQuick/Controls/FluentWinUI3/light/images/frame-background@2x.png\n./venv/lib/python3.12/site-packages/PyQt6/Qt6/qml/QtQuick/Controls/FluentWinUI3/light/images/frame-background@3x.png\n./venv/lib/python3.12/site-packages/PyQt6/Qt6/qml/QtQuick/Controls/FluentWinUI3/light/images/itemdelegate-background-highlighted-hovered.png\n./venv/lib/python3.12/site-packages/PyQt6/Qt6/qml/QtQuick/Controls/FluentWinUI3/light/images/itemdelegate-background-highlighted-hovered@2x.png\n./venv/lib/python3.12/site-packages/PyQt6/Qt6/qml/QtQuick/Controls/FluentWinUI3/light/images/itemdelegate-background-highlighted-hovered@3x.png\n./venv/lib/python3.12/site-packages/PyQt6/Qt6/qml/QtQuick/Controls/FluentWinUI3/light/images/itemdelegate-background-highlighted-pressed.png\n./venv/lib/python3.12/site-packages/PyQt6/Qt6/qml/QtQuick/Controls/FluentWinUI3/light/images/itemdelegate-background-highlighted-pressed@2x.png\n./venv/lib/python3.12/site-packages/PyQt6/Qt6/qml/QtQuick/Controls/FluentWinUI3/light/images/itemdelegate-background-highlighted-pressed@3x.png\n./venv/lib/python3.12/site-packages/PyQt6/Qt6/qml/QtQuick/Controls/FluentWinUI3/light/images/itemdelegate-background-highlighted.png\n./venv/lib/python3.12/site-packages/PyQt6/Qt6/qml/QtQuick/Controls/FluentWinUI3/light/images/itemdelegate-background-highlighted@2x.png\n./venv/lib/python3.12/site-packages/PyQt6/Qt6/qml/QtQuick/Controls/FluentWinUI3/light/images/itemdelegate-background-highlighted@3x.png\n./venv/lib/python3.12/site-packages/PyQt6/Qt6/qml/QtQuick/Controls/FluentWinUI3/light/images/itemdelegate-background-hovered.png\n./venv/lib/python3.12/site-packages/PyQt6/Qt6/qml/QtQuick/Controls/FluentWinUI3/light/images/itemdelegate-background-hovered@2x.png\n./venv/lib/python3.12/site-packages/PyQt6/Qt6/qml/QtQuick/Controls/FluentWinUI3/light/images/itemdelegate-background-hovered@3x.png\n./venv/lib/python3.12/site-packages/PyQt6/Qt6/qml/QtQuick/Controls/FluentWinUI3/light/images/itemdelegate-background-pressed.png\n./venv/lib/python3.12/site-packages/PyQt6/Qt6/qml/QtQuick/Controls/FluentWinUI3/light/images/itemdelegate-background-pressed@2x.png\n./venv/lib/python3.12/site-packages/PyQt6/Qt6/qml/QtQuick/Controls/FluentWinUI3/light/images/itemdelegate-background-pressed@3x.png\n./venv/lib/python3.12/site-packages/PyQt6/Qt6/qml/QtQuick/Controls/FluentWinUI3/light/images/pageindicatordelegate-indicator-delegate-current-hovered.png\n./venv/lib/python3.12/site-packages/PyQt6/Qt6/qml/QtQuick/Controls/FluentWinUI3/light/images/pageindicatordelegate-indicator-delegate-current-hovered@2x.png\n./venv/lib/python3.12/site-packages/PyQt6/Qt6/qml/QtQuick/Controls/FluentWinUI3/light/images/pageindicatordelegate-indicator-delegate-current-hovered@3x.png\n./venv/lib/python3.12/site-packages/PyQt6/Qt6/qml/QtQuick/Controls/FluentWinUI3/light/images/pageindicatordelegate-indicator-delegate-current-pressed.png\n./venv/lib/python3.12/site-packages/PyQt6/Qt6/qml/QtQuick/Controls/FluentWinUI3/light/images/pageindicatordelegate-indicator-delegate-current-pressed@2x.png\n./venv/lib/python3.12/site-packages/PyQt6/Qt6/qml/QtQuick/Controls/FluentWinUI3/light/images/pageindicatordelegate-indicator-delegate-current-pressed@3x.png\n./venv/lib/python3.12/site-packages/PyQt6/Qt6/qml/QtQuick/Controls/FluentWinUI3/light/images/pageindicatordelegate-indicator-delegate-current.png\n./venv/lib/python3.12/site-packages/PyQt6/Qt6/qml/QtQuick/Controls/FluentWinUI3/light/images/pageindicatordelegate-indicator-delegate-current@2x.png\n./venv/lib/python3.12/site-packages/PyQt6/Qt6/qml/QtQuick/Controls/FluentWinUI3/light/images/pageindicatordelegate-indicator-delegate-current@3x.png\n./venv/lib/python3.12/site-packages/PyQt6/Qt6/qml/QtQuick/Controls/FluentWinUI3/light/images/pageindicatordelegate-indicator-delegate-pressed.png\n./venv/lib/python3.12/site-packages/PyQt6/Qt6/qml/QtQuick/Controls/FluentWinUI3/light/images/pageindicatordelegate-indicator-delegate-pressed@2x.png\n./venv/lib/python3.12/site-packages/PyQt6/Qt6/qml/QtQuick/Controls/FluentWinUI3/light/images/pageindicatordelegate-indicator-delegate-pressed@3x.png\n./venv/lib/python3.12/site-packages/PyQt6/Qt6/qml/QtQuick/Controls/FluentWinUI3/light/images/pageindicatordelegate-indicator-disabled.png\n./venv/lib/python3.12/site-packages/PyQt6/Qt6/qml/QtQuick/Controls/FluentWinUI3/light/images/pageindicatordelegate-indicator-disabled@2x.png\n./venv/lib/python3.12/site-packages/PyQt6/Qt6/qml/QtQuick/Controls/FluentWinUI3/light/images/pageindicatordelegate-indicator-disabled@3x.png\n./venv/lib/python3.12/site-packages/PyQt6/Qt6/qml/QtQuick/Controls/FluentWinUI3/light/images/pageindicatordelegate-indicator-hovered.png\n./venv/lib/python3.12/site-packages/PyQt6/Qt6/qml/QtQuick/Controls/FluentWinUI3/light/images/pageindicatordelegate-indicator-hovered@2x.png\n./venv/lib/python3.12/site-packages/PyQt6/Qt6/qml/QtQuick/Controls/FluentWinUI3/light/images/pageindicatordelegate-indicator-hovered@3x.png\n./venv/lib/python3.12/site-packages/PyQt6/Qt6/qml/QtQuick/Controls/FluentWinUI3/light/images/pageindicatordelegate-indicator.png\n./venv/lib/python3.12/site-packages/PyQt6/Qt6/qml/QtQuick/Controls/FluentWinUI3/light/images/pageindicatordelegate-indicator@2x.png\n./venv/lib/python3.12/site-packages/PyQt6/Qt6/qml/QtQuick/Controls/FluentWinUI3/light/images/pageindicatordelegate-indicator@3x.png\n./venv/lib/python3.12/site-packages/PyQt6/Qt6/qml/QtQuick/Controls/FluentWinUI3/light/images/popup-background.png\n./venv/lib/python3.12/site-packages/PyQt6/Qt6/qml/QtQuick/Controls/FluentWinUI3/light/images/popup-background@2x.png\n./venv/lib/python3.12/site-packages/PyQt6/Qt6/qml/QtQuick/Controls/FluentWinUI3/light/images/popup-background@3x.png\n./venv/lib/python3.12/site-packages/PyQt6/Qt6/qml/QtQuick/Controls/FluentWinUI3/light/images/progressbar-groove-disabled.png\n./venv/lib/python3.12/site-packages/PyQt6/Qt6/qml/QtQuick/Controls/FluentWinUI3/light/images/progressbar-groove-disabled@2x.png\n./venv/lib/python3.12/site-packages/PyQt6/Qt6/qml/QtQuick/Controls/FluentWinUI3/light/images/progressbar-groove-disabled@3x.png\n./venv/lib/python3.12/site-packages/PyQt6/Qt6/qml/QtQuick/Controls/FluentWinUI3/light/images/progressbar-groove.png\n./venv/lib/python3.12/site-packages/PyQt6/Qt6/qml/QtQuick/Controls/FluentWinUI3/light/images/progressbar-groove@2x.png\n./venv/lib/python3.12/site-packages/PyQt6/Qt6/qml/QtQuick/Controls/FluentWinUI3/light/images/progressbar-groove@3x.png\n./venv/lib/python3.12/site-packages/PyQt6/Qt6/qml/QtQuick/Controls/FluentWinUI3/light/images/radiobutton-indicator-checked-disabled.png\n./venv/lib/python3.12/site-packages/PyQt6/Qt6/qml/QtQuick/Controls/FluentWinUI3/light/images/radiobutton-indicator-checked-disabled@2x.png\n./venv/lib/python3.12/site-packages/PyQt6/Qt6/qml/QtQuick/Controls/FluentWinUI3/light/images/radiobutton-indicator-checked-disabled@3x.png\n./venv/lib/python3.12/site-packages/PyQt6/Qt6/qml/QtQuick/Controls/FluentWinUI3/light/images/radiobutton-indicator-checked-hovered.png\n./venv/lib/python3.12/site-packages/PyQt6/Qt6/qml/QtQuick/Controls/FluentWinUI3/light/images/radiobutton-indicator-checked-hovered@2x.png\n./venv/lib/python3.12/site-packages/PyQt6/Qt6/qml/QtQuick/Controls/FluentWinUI3/light/images/radiobutton-indicator-checked-hovered@3x.png\n./venv/lib/python3.12/site-packages/PyQt6/Qt6/qml/QtQuick/Controls/FluentWinUI3/light/images/radiobutton-indicator-checked-pressed.png\n./venv/lib/python3.12/site-packages/PyQt6/Qt6/qml/QtQuick/Controls/FluentWinUI3/light/images/radiobutton-indicator-checked-pressed@2x.png\n./venv/lib/python3.12/site-packages/PyQt6/Qt6/qml/QtQuick/Controls/FluentWinUI3/light/images/radiobutton-indicator-checked-pressed@3x.png\n./venv/lib/python3.12/site-packages/PyQt6/Qt6/qml/QtQuick/Controls/FluentWinUI3/light/images/radiobutton-indicator-checked.png\n./venv/lib/python3.12/site-packages/PyQt6/Qt6/qml/QtQuick/Controls/FluentWinUI3/light/images/radiobutton-indicator-checked@2x.png\n./venv/lib/python3.12/site-packages/PyQt6/Qt6/qml/QtQuick/Controls/FluentWinUI3/light/images/radiobutton-indicator-checked@3x.png\n./venv/lib/python3.12/site-packages/PyQt6/Qt6/qml/QtQuick/Controls/FluentWinUI3/light/images/radiobutton-indicator-disabled.png\n./venv/lib/python3.12/site-packages/PyQt6/Qt6/qml/QtQuick/Controls/FluentWinUI3/light/images/radiobutton-indicator-disabled@2x.png\n./venv/lib/python3.12/site-packages/PyQt6/Qt6/qml/QtQuick/Controls/FluentWinUI3/light/images/radiobutton-indicator-disabled@3x.png\n./venv/lib/python3.12/site-packages/PyQt6/Qt6/qml/QtQuick/Controls/FluentWinUI3/light/images/radiobutton-indicator-hovered.png\n./venv/lib/python3.12/site-packages/PyQt6/Qt6/qml/QtQuick/Controls/FluentWinUI3/light/images/radiobutton-indicator-hovered@2x.png\n./venv/lib/python3.12/site-packages/PyQt6/Qt6/qml/QtQuick/Controls/FluentWinUI3/light/images/radiobutton-indicator-hovered@3x.png\n./venv/lib/python3.12/site-packages/PyQt6/Qt6/qml/QtQuick/Controls/FluentWinUI3/light/images/radiobutton-indicator-pressed.png\n./venv/lib/python3.12/site-packages/PyQt6/Qt6/qml/QtQuick/Controls/FluentWinUI3/light/images/radiobutton-indicator-pressed@2x.png\n./venv/lib/python3.12/site-packages/PyQt6/Qt6/qml/QtQuick/Controls/FluentWinUI3/light/images/radiobutton-indicator-pressed@3x.png\n./venv/lib/python3.12/site-packages/PyQt6/Qt6/qml/QtQuick/Controls/FluentWinUI3/light/images/radiobutton-indicator.png\n./venv/lib/python3.12/site-packages/PyQt6/Qt6/qml/QtQuick/Controls/FluentWinUI3/light/images/radiobutton-indicator@2x.png\n./venv/lib/python3.12/site-packages/PyQt6/Qt6/qml/QtQuick/Controls/FluentWinUI3/light/images/radiobutton-indicator@3x.png\n./venv/lib/python3.12/site-packages/PyQt6/Qt6/qml/QtQuick/Controls/FluentWinUI3/light/images/rangeslider-first-handle-disabled.png\n./venv/lib/python3.12/site-packages/PyQt6/Qt6/qml/QtQuick/Controls/FluentWinUI3/light/images/rangeslider-first-handle-disabled@2x.png\n./venv/lib/python3.12/site-packages/PyQt6/Qt6/qml/QtQuick/Controls/FluentWinUI3/light/images/rangeslider-first-handle-disabled@3x.png\n./venv/lib/python3.12/site-packages/PyQt6/Qt6/qml/QtQuick/Controls/FluentWinUI3/light/images/rangeslider-first-handle-handle-pressed.png\n./venv/lib/python3.12/site-packages/PyQt6/Qt6/qml/QtQuick/Controls/FluentWinUI3/light/images/rangeslider-first-handle-handle-pressed@2x.png\n./venv/lib/python3.12/site-packages/PyQt6/Qt6/qml/QtQuick/Controls/FluentWinUI3/light/images/rangeslider-first-handle-handle-pressed@3x.png\n./venv/lib/python3.12/site-packages/PyQt6/Qt6/qml/QtQuick/Controls/FluentWinUI3/light/images/rangeslider-first-handle-hovered.png\n./venv/lib/python3.12/site-packages/PyQt6/Qt6/qml/QtQuick/Controls/FluentWinUI3/light/images/rangeslider-first-handle-hovered@2x.png\n./venv/lib/python3.12/site-packages/PyQt6/Qt6/qml/QtQuick/Controls/FluentWinUI3/light/images/rangeslider-first-handle-hovered@3x.png\n./venv/lib/python3.12/site-packages/PyQt6/Qt6/qml/QtQuick/Controls/FluentWinUI3/light/images/rangeslider-first-handle.png\n./venv/lib/python3.12/site-packages/PyQt6/Qt6/qml/QtQuick/Controls/FluentWinUI3/light/images/rangeslider-first-handle@2x.png\n./venv/lib/python3.12/site-packages/PyQt6/Qt6/qml/QtQuick/Controls/FluentWinUI3/light/images/rangeslider-first-handle@3x.png\n./venv/lib/python3.12/site-packages/PyQt6/Qt6/qml/QtQuick/Controls/FluentWinUI3/light/images/rangeslider-groove-disabled.png\n./venv/lib/python3.12/site-packages/PyQt6/Qt6/qml/QtQuick/Controls/FluentWinUI3/light/images/rangeslider-groove-disabled@2x.png\n./venv/lib/python3.12/site-packages/PyQt6/Qt6/qml/QtQuick/Controls/FluentWinUI3/light/images/rangeslider-groove-disabled@3x.png\n./venv/lib/python3.12/site-packages/PyQt6/Qt6/qml/QtQuick/Controls/FluentWinUI3/light/images/rangeslider-groove-handle-pressed.png\n./venv/lib/python3.12/site-packages/PyQt6/Qt6/qml/QtQuick/Controls/FluentWinUI3/light/images/rangeslider-groove-handle-pressed@2x.png\n./venv/lib/python3.12/site-packages/PyQt6/Qt6/qml/QtQuick/Controls/FluentWinUI3/light/images/rangeslider-groove-handle-pressed@3x.png\n./venv/lib/python3.12/site-packages/PyQt6/Qt6/qml/QtQuick/Controls/FluentWinUI3/light/images/rangeslider-groove-hovered.png\n./venv/lib/python3.12/site-packages/PyQt6/Qt6/qml/QtQuick/Controls/FluentWinUI3/light/images/rangeslider-groove-hovered@2x.png\n./venv/lib/python3.12/site-packages/PyQt6/Qt6/qml/QtQuick/Controls/FluentWinUI3/light/images/rangeslider-groove-hovered@3x.png\n./venv/lib/python3.12/site-packages/PyQt6/Qt6/qml/QtQuick/Controls/FluentWinUI3/light/images/rangeslider-groove.png\n./venv/lib/python3.12/site-packages/PyQt6/Qt6/qml/QtQuick/Controls/FluentWinUI3/light/images/rangeslider-groove@2x.png\n./venv/lib/python3.12/site-packages/PyQt6/Qt6/qml/QtQuick/Controls/FluentWinUI3/light/images/rangeslider-groove@3x.png\n./venv/lib/python3.12/site-packages/PyQt6/Qt6/qml/QtQuick/Controls/FluentWinUI3/light/images/rangeslider-second-handle-disabled.png\n./venv/lib/python3.12/site-packages/PyQt6/Qt6/qml/QtQuick/Controls/FluentWinUI3/light/images/rangeslider-second-handle-disabled@2x.png\n./venv/lib/python3.12/site-packages/PyQt6/Qt6/qml/QtQuick/Controls/FluentWinUI3/light/images/rangeslider-second-handle-disabled@3x.png\n./venv/lib/python3.12/site-packages/PyQt6/Qt6/qml/QtQuick/Controls/FluentWinUI3/light/images/rangeslider-second-handle-handle-pressed.png\n./venv/lib/python3.12/site-packages/PyQt6/Qt6/qml/QtQuick/Controls/FluentWinUI3/light/images/rangeslider-second-handle-handle-pressed@2x.png\n./venv/lib/python3.12/site-packages/PyQt6/Qt6/qml/QtQuick/Controls/FluentWinUI3/light/images/rangeslider-second-handle-handle-pressed@3x.png\n./venv/lib/python3.12/site-packages/PyQt6/Qt6/qml/QtQuick/Controls/FluentWinUI3/light/images/rangeslider-second-handle-hovered.png\n./venv/lib/python3.12/site-packages/PyQt6/Qt6/qml/QtQuick/Controls/FluentWinUI3/light/images/rangeslider-second-handle-hovered@2x.png\n./venv/lib/python3.12/site-packages/PyQt6/Qt6/qml/QtQuick/Controls/FluentWinUI3/light/images/rangeslider-second-handle-hovered@3x.png\n./venv/lib/python3.12/site-packages/PyQt6/Qt6/qml/QtQuick/Controls/FluentWinUI3/light/images/rangeslider-second-handle.png\n./venv/lib/python3.12/site-packages/PyQt6/Qt6/qml/QtQuick/Controls/FluentWinUI3/light/images/rangeslider-second-handle@2x.png\n./venv/lib/python3.12/site-packages/PyQt6/Qt6/qml/QtQuick/Controls/FluentWinUI3/light/images/rangeslider-second-handle@3x.png\n./venv/lib/python3.12/site-packages/PyQt6/Qt6/qml/QtQuick/Controls/FluentWinUI3/light/images/slider-groove-disabled.png\n./venv/lib/python3.12/site-packages/PyQt6/Qt6/qml/QtQuick/Controls/FluentWinUI3/light/images/slider-groove-disabled@2x.png\n./venv/lib/python3.12/site-packages/PyQt6/Qt6/qml/QtQuick/Controls/FluentWinUI3/light/images/slider-groove-disabled@3x.png\n./venv/lib/python3.12/site-packages/PyQt6/Qt6/qml/QtQuick/Controls/FluentWinUI3/light/images/slider-groove-hovered.png\n./venv/lib/python3.12/site-packages/PyQt6/Qt6/qml/QtQuick/Controls/FluentWinUI3/light/images/slider-groove-hovered@2x.png\n./venv/lib/python3.12/site-packages/PyQt6/Qt6/qml/QtQuick/Controls/FluentWinUI3/light/images/slider-groove-hovered@3x.png\n./venv/lib/python3.12/site-packages/PyQt6/Qt6/qml/QtQuick/Controls/FluentWinUI3/light/images/slider-groove-pressed.png\n./venv/lib/python3.12/site-packages/PyQt6/Qt6/qml/QtQuick/Controls/FluentWinUI3/light/images/slider-groove-pressed@2x.png\n./venv/lib/python3.12/site-packages/PyQt6/Qt6/qml/QtQuick/Controls/FluentWinUI3/light/images/slider-groove-pressed@3x.png\n./venv/lib/python3.12/site-packages/PyQt6/Qt6/qml/QtQuick/Controls/FluentWinUI3/light/images/slider-groove.png\n./venv/lib/python3.12/site-packages/PyQt6/Qt6/qml/QtQuick/Controls/FluentWinUI3/light/images/slider-groove@2x.png\n./venv/lib/python3.12/site-packages/PyQt6/Qt6/qml/QtQuick/Controls/FluentWinUI3/light/images/slider-groove@3x.png\n./venv/lib/python3.12/site-packages/PyQt6/Qt6/qml/QtQuick/Controls/FluentWinUI3/light/images/slider-handle-disabled.png\n./venv/lib/python3.12/site-packages/PyQt6/Qt6/qml/QtQuick/Controls/FluentWinUI3/light/images/slider-handle-disabled@2x.png\n./venv/lib/python3.12/site-packages/PyQt6/Qt6/qml/QtQuick/Controls/FluentWinUI3/light/images/slider-handle-disabled@3x.png\n./venv/lib/python3.12/site-packages/PyQt6/Qt6/qml/QtQuick/Controls/FluentWinUI3/light/images/slider-handle-hovered.png\n./venv/lib/python3.12/site-packages/PyQt6/Qt6/qml/QtQuick/Controls/FluentWinUI3/light/images/slider-handle-hovered@2x.png\n./venv/lib/python3.12/site-packages/PyQt6/Qt6/qml/QtQuick/Controls/FluentWinUI3/light/images/slider-handle-hovered@3x.png\n./venv/lib/python3.12/site-packages/PyQt6/Qt6/qml/QtQuick/Controls/FluentWinUI3/light/images/slider-handle-pressed.png\n./venv/lib/python3.12/site-packages/PyQt6/Qt6/qml/QtQuick/Controls/FluentWinUI3/light/images/slider-handle-pressed@2x.png\n./venv/lib/python3.12/site-packages/PyQt6/Qt6/qml/QtQuick/Controls/FluentWinUI3/light/images/slider-handle-pressed@3x.png\n./venv/lib/python3.12/site-packages/PyQt6/Qt6/qml/QtQuick/Controls/FluentWinUI3/light/images/slider-handle.png\n./venv/lib/python3.12/site-packages/PyQt6/Qt6/qml/QtQuick/Controls/FluentWinUI3/light/images/slider-handle@2x.png\n./venv/lib/python3.12/site-packages/PyQt6/Qt6/qml/QtQuick/Controls/FluentWinUI3/light/images/slider-handle@3x.png\n./venv/lib/python3.12/site-packages/PyQt6/Qt6/qml/QtQuick/Controls/FluentWinUI3/light/images/spinbox-background-atlimit.png\n./venv/lib/python3.12/site-packages/PyQt6/Qt6/qml/QtQuick/Controls/FluentWinUI3/light/images/spinbox-background-atlimit@2x.png\n./venv/lib/python3.12/site-packages/PyQt6/Qt6/qml/QtQuick/Controls/FluentWinUI3/light/images/spinbox-background-atlimit@3x.png\n./venv/lib/python3.12/site-packages/PyQt6/Qt6/qml/QtQuick/Controls/FluentWinUI3/light/images/spinbox-background-disabled.png\n./venv/lib/python3.12/site-packages/PyQt6/Qt6/qml/QtQuick/Controls/FluentWinUI3/light/images/spinbox-background-disabled@2x.png\n./venv/lib/python3.12/site-packages/PyQt6/Qt6/qml/QtQuick/Controls/FluentWinUI3/light/images/spinbox-background-disabled@3x.png\n./venv/lib/python3.12/site-packages/PyQt6/Qt6/qml/QtQuick/Controls/FluentWinUI3/light/images/spinbox-background-down-hovered.png\n./venv/lib/python3.12/site-packages/PyQt6/Qt6/qml/QtQuick/Controls/FluentWinUI3/light/images/spinbox-background-down-hovered@2x.png\n./venv/lib/python3.12/site-packages/PyQt6/Qt6/qml/QtQuick/Controls/FluentWinUI3/light/images/spinbox-background-down-hovered@3x.png\n./venv/lib/python3.12/site-packages/PyQt6/Qt6/qml/QtQuick/Controls/FluentWinUI3/light/images/spinbox-background-down-pressed.png\n./venv/lib/python3.12/site-packages/PyQt6/Qt6/qml/QtQuick/Controls/FluentWinUI3/light/images/spinbox-background-down-pressed@2x.png\n./venv/lib/python3.12/site-packages/PyQt6/Qt6/qml/QtQuick/Controls/FluentWinUI3/light/images/spinbox-background-down-pressed@3x.png\n./venv/lib/python3.12/site-packages/PyQt6/Qt6/qml/QtQuick/Controls/FluentWinUI3/light/images/spinbox-background-hovered.png\n./venv/lib/python3.12/site-packages/PyQt6/Qt6/qml/QtQuick/Controls/FluentWinUI3/light/images/spinbox-background-hovered@2x.png\n./venv/lib/python3.12/site-packages/PyQt6/Qt6/qml/QtQuick/Controls/FluentWinUI3/light/images/spinbox-background-hovered@3x.png\n./venv/lib/python3.12/site-packages/PyQt6/Qt6/qml/QtQuick/Controls/FluentWinUI3/light/images/spinbox-background-up-hovered.png\n./venv/lib/python3.12/site-packages/PyQt6/Qt6/qml/QtQuick/Controls/FluentWinUI3/light/images/spinbox-background-up-hovered@2x.png\n./venv/lib/python3.12/site-packages/PyQt6/Qt6/qml/QtQuick/Controls/FluentWinUI3/light/images/spinbox-background-up-hovered@3x.png\n./venv/lib/python3.12/site-packages/PyQt6/Qt6/qml/QtQuick/Controls/FluentWinUI3/light/images/spinbox-background-up-pressed.png\n./venv/lib/python3.12/site-packages/PyQt6/Qt6/qml/QtQuick/Controls/FluentWinUI3/light/images/spinbox-background-up-pressed@2x.png\n./venv/lib/python3.12/site-packages/PyQt6/Qt6/qml/QtQuick/Controls/FluentWinUI3/light/images/spinbox-background-up-pressed@3x.png\n./venv/lib/python3.12/site-packages/PyQt6/Qt6/qml/QtQuick/Controls/FluentWinUI3/light/images/spinbox-background.png\n./venv/lib/python3.12/site-packages/PyQt6/Qt6/qml/QtQuick/Controls/FluentWinUI3/light/images/spinbox-background@2x.png\n./venv/lib/python3.12/site-packages/PyQt6/Qt6/qml/QtQuick/Controls/FluentWinUI3/light/images/spinbox-background@3x.png\n./venv/lib/python3.12/site-packages/PyQt6/Qt6/qml/QtQuick/Controls/FluentWinUI3/light/images/spinbox-indicator-down-background-atlimit.png\n./venv/lib/python3.12/site-packages/PyQt6/Qt6/qml/QtQuick/Controls/FluentWinUI3/light/images/spinbox-indicator-down-background-atlimit@2x.png\n./venv/lib/python3.12/site-packages/PyQt6/Qt6/qml/QtQuick/Controls/FluentWinUI3/light/images/spinbox-indicator-down-background-atlimit@3x.png\n./venv/lib/python3.12/site-packages/PyQt6/Qt6/qml/QtQuick/Controls/FluentWinUI3/light/images/spinbox-indicator-down-background-disabled.png\n./venv/lib/python3.12/site-packages/PyQt6/Qt6/qml/QtQuick/Controls/FluentWinUI3/light/images/spinbox-indicator-down-background-disabled@2x.png\n./venv/lib/python3.12/site-packages/PyQt6/Qt6/qml/QtQuick/Controls/FluentWinUI3/light/images/spinbox-indicator-down-background-disabled@3x.png\n./venv/lib/python3.12/site-packages/PyQt6/Qt6/qml/QtQuick/Controls/FluentWinUI3/light/images/spinbox-indicator-down-background-down-hovered.png\n./venv/lib/python3.12/site-packages/PyQt6/Qt6/qml/QtQuick/Controls/FluentWinUI3/light/images/spinbox-indicator-down-background-down-hovered@2x.png\n./venv/lib/python3.12/site-packages/PyQt6/Qt6/qml/QtQuick/Controls/FluentWinUI3/light/images/spinbox-indicator-down-background-down-hovered@3x.png\n./venv/lib/python3.12/site-packages/PyQt6/Qt6/qml/QtQuick/Controls/FluentWinUI3/light/images/spinbox-indicator-down-background-down-pressed.png\n./venv/lib/python3.12/site-packages/PyQt6/Qt6/qml/QtQuick/Controls/FluentWinUI3/light/images/spinbox-indicator-down-background-down-pressed@2x.png\n./venv/lib/python3.12/site-packages/PyQt6/Qt6/qml/QtQuick/Controls/FluentWinUI3/light/images/spinbox-indicator-down-background-down-pressed@3x.png\n./venv/lib/python3.12/site-packages/PyQt6/Qt6/qml/QtQuick/Controls/FluentWinUI3/light/images/spinbox-indicator-down-background-hovered.png\n./venv/lib/python3.12/site-packages/PyQt6/Qt6/qml/QtQuick/Controls/FluentWinUI3/light/images/spinbox-indicator-down-background-hovered@2x.png\n./venv/lib/python3.12/site-packages/PyQt6/Qt6/qml/QtQuick/Controls/FluentWinUI3/light/images/spinbox-indicator-down-background-hovered@3x.png\n./venv/lib/python3.12/site-packages/PyQt6/Qt6/qml/QtQuick/Controls/FluentWinUI3/light/images/spinbox-indicator-down-background-up-hovered.png\n./venv/lib/python3.12/site-packages/PyQt6/Qt6/qml/QtQuick/Controls/FluentWinUI3/light/images/spinbox-indicator-down-background-up-hovered@2x.png\n./venv/lib/python3.12/site-packages/PyQt6/Qt6/qml/QtQuick/Controls/FluentWinUI3/light/images/spinbox-indicator-down-background-up-hovered@3x.png\n./venv/lib/python3.12/site-packages/PyQt6/Qt6/qml/QtQuick/Controls/FluentWinUI3/light/images/spinbox-indicator-down-background-up-pressed.png\n./venv/lib/python3.12/site-packages/PyQt6/Qt6/qml/QtQuick/Controls/FluentWinUI3/light/images/spinbox-indicator-down-background-up-pressed@2x.png\n./venv/lib/python3.12/site-packages/PyQt6/Qt6/qml/QtQuick/Controls/FluentWinUI3/light/images/spinbox-indicator-down-background-up-pressed@3x.png\n./venv/lib/python3.12/site-packages/PyQt6/Qt6/qml/QtQuick/Controls/FluentWinUI3/light/images/spinbox-indicator-down-background.png\n./venv/lib/python3.12/site-packages/PyQt6/Qt6/qml/QtQuick/Controls/FluentWinUI3/light/images/spinbox-indicator-down-background@2x.png\n./venv/lib/python3.12/site-packages/PyQt6/Qt6/qml/QtQuick/Controls/FluentWinUI3/light/images/spinbox-indicator-down-background@3x.png\n./venv/lib/python3.12/site-packages/PyQt6/Qt6/qml/QtQuick/Controls/FluentWinUI3/light/images/spinbox-indicator-down-icon-atlimit.png\n./venv/lib/python3.12/site-packages/PyQt6/Qt6/qml/QtQuick/Controls/FluentWinUI3/light/images/spinbox-indicator-down-icon-atlimit@2x.png\n./venv/lib/python3.12/site-packages/PyQt6/Qt6/qml/QtQuick/Controls/FluentWinUI3/light/images/spinbox-indicator-down-icon-atlimit@3x.png\n./venv/lib/python3.12/site-packages/PyQt6/Qt6/qml/QtQuick/Controls/FluentWinUI3/light/images/spinbox-indicator-down-icon-disabled.png\n./venv/lib/python3.12/site-packages/PyQt6/Qt6/qml/QtQuick/Controls/FluentWinUI3/light/images/spinbox-indicator-down-icon-disabled@2x.png\n./venv/lib/python3.12/site-packages/PyQt6/Qt6/qml/QtQuick/Controls/FluentWinUI3/light/images/spinbox-indicator-down-icon-disabled@3x.png\n./venv/lib/python3.12/site-packages/PyQt6/Qt6/qml/QtQuick/Controls/FluentWinUI3/light/images/spinbox-indicator-down-icon-down-hovered.png\n./venv/lib/python3.12/site-packages/PyQt6/Qt6/qml/QtQuick/Controls/FluentWinUI3/light/images/spinbox-indicator-down-icon-down-hovered@2x.png\n./venv/lib/python3.12/site-packages/PyQt6/Qt6/qml/QtQuick/Controls/FluentWinUI3/light/images/spinbox-indicator-down-icon-down-hovered@3x.png\n./venv/lib/python3.12/site-packages/PyQt6/Qt6/qml/QtQuick/Controls/FluentWinUI3/light/images/spinbox-indicator-down-icon-down-pressed.png\n./venv/lib/python3.12/site-packages/PyQt6/Qt6/qml/QtQuick/Controls/FluentWinUI3/light/images/spinbox-indicator-down-icon-down-pressed@2x.png\n./venv/lib/python3.12/site-packages/PyQt6/Qt6/qml/QtQuick/Controls/FluentWinUI3/light/images/spinbox-indicator-down-icon-down-pressed@3x.png\n./venv/lib/python3.12/site-packages/PyQt6/Qt6/qml/QtQuick/Controls/FluentWinUI3/light/images/spinbox-indicator-down-icon-hovered.png\n./venv/lib/python3.12/site-packages/PyQt6/Qt6/qml/QtQuick/Controls/FluentWinUI3/light/images/spinbox-indicator-down-icon-hovered@2x.png\n./venv/lib/python3.12/site-packages/PyQt6/Qt6/qml/QtQuick/Controls/FluentWinUI3/light/images/spinbox-indicator-down-icon-hovered@3x.png\n./venv/lib/python3.12/site-packages/PyQt6/Qt6/qml/QtQuick/Controls/FluentWinUI3/light/images/spinbox-indicator-down-icon-up-hovered.png\n./venv/lib/python3.12/site-packages/PyQt6/Qt6/qml/QtQuick/Controls/FluentWinUI3/light/images/spinbox-indicator-down-icon-up-hovered@2x.png\n./venv/lib/python3.12/site-packages/PyQt6/Qt6/qml/QtQuick/Controls/FluentWinUI3/light/images/spinbox-indicator-down-icon-up-hovered@3x.png\n./venv/lib/python3.12/site-packages/PyQt6/Qt6/qml/QtQuick/Controls/FluentWinUI3/light/images/spinbox-indicator-down-icon-up-pressed.png\n./venv/lib/python3.12/site-packages/PyQt6/Qt6/qml/QtQuick/Controls/FluentWinUI3/light/images/spinbox-indicator-down-icon-up-pressed@2x.png\n./venv/lib/python3.12/site-packages/PyQt6/Qt6/qml/QtQuick/Controls/FluentWinUI3/light/images/spinbox-indicator-down-icon-up-pressed@3x.png\n./venv/lib/python3.12/site-packages/PyQt6/Qt6/qml/QtQuick/Controls/FluentWinUI3/light/images/spinbox-indicator-down-icon.png\n./venv/lib/python3.12/site-packages/PyQt6/Qt6/qml/QtQuick/Controls/FluentWinUI3/light/images/spinbox-indicator-down-icon@2x.png\n./venv/lib/python3.12/site-packages/PyQt6/Qt6/qml/QtQuick/Controls/FluentWinUI3/light/images/spinbox-indicator-down-icon@3x.png\n./venv/lib/python3.12/site-packages/PyQt6/Qt6/qml/QtQuick/Controls/FluentWinUI3/light/images/spinbox-indicator-up-background-atlimit.png\n./venv/lib/python3.12/site-packages/PyQt6/Qt6/qml/QtQuick/Controls/FluentWinUI3/light/images/spinbox-indicator-up-background-atlimit@2x.png\n./venv/lib/python3.12/site-packages/PyQt6/Qt6/qml/QtQuick/Controls/FluentWinUI3/light/images/spinbox-indicator-up-background-atlimit@3x.png\n./venv/lib/python3.12/site-packages/PyQt6/Qt6/qml/QtQuick/Controls/FluentWinUI3/light/images/spinbox-indicator-up-background-disabled.png\n./venv/lib/python3.12/site-packages/PyQt6/Qt6/qml/QtQuick/Controls/FluentWinUI3/light/images/spinbox-indicator-up-background-disabled@2x.png\n./venv/lib/python3.12/site-packages/PyQt6/Qt6/qml/QtQuick/Controls/FluentWinUI3/light/images/spinbox-indicator-up-background-disabled@3x.png\n./venv/lib/python3.12/site-packages/PyQt6/Qt6/qml/QtQuick/Controls/FluentWinUI3/light/images/spinbox-indicator-up-background-down-hovered.png\n./venv/lib/python3.12/site-packages/PyQt6/Qt6/qml/QtQuick/Controls/FluentWinUI3/light/images/spinbox-indicator-up-background-down-hovered@2x.png\n./venv/lib/python3.12/site-packages/PyQt6/Qt6/qml/QtQuick/Controls/FluentWinUI3/light/images/spinbox-indicator-up-background-down-hovered@3x.png\n./venv/lib/python3.12/site-packages/PyQt6/Qt6/qml/QtQuick/Controls/FluentWinUI3/light/images/spinbox-indicator-up-background-down-pressed.png\n./venv/lib/python3.12/site-packages/PyQt6/Qt6/qml/QtQuick/Controls/FluentWinUI3/light/images/spinbox-indicator-up-background-down-pressed@2x.png\n./venv/lib/python3.12/site-packages/PyQt6/Qt6/qml/QtQuick/Controls/FluentWinUI3/light/images/spinbox-indicator-up-background-down-pressed@3x.png\n./venv/lib/python3.12/site-packages/PyQt6/Qt6/qml/QtQuick/Controls/FluentWinUI3/light/images/spinbox-indicator-up-background-hovered.png\n./venv/lib/python3.12/site-packages/PyQt6/Qt6/qml/QtQuick/Controls/FluentWinUI3/light/images/spinbox-indicator-up-background-hovered@2x.png\n./venv/lib/python3.12/site-packages/PyQt6/Qt6/qml/QtQuick/Controls/FluentWinUI3/light/images/spinbox-indicator-up-background-hovered@3x.png\n./venv/lib/python3.12/site-packages/PyQt6/Qt6/qml/QtQuick/Controls/FluentWinUI3/light/images/spinbox-indicator-up-background-up-hovered.png\n./venv/lib/python3.12/site-packages/PyQt6/Qt6/qml/QtQuick/Controls/FluentWinUI3/light/images/spinbox-indicator-up-background-up-hovered@2x.png\n./venv/lib/python3.12/site-packages/PyQt6/Qt6/qml/QtQuick/Controls/FluentWinUI3/light/images/spinbox-indicator-up-background-up-hovered@3x.png\n./venv/lib/python3.12/site-packages/PyQt6/Qt6/qml/QtQuick/Controls/FluentWinUI3/light/images/spinbox-indicator-up-background-up-pressed.png\n./venv/lib/python3.12/site-packages/PyQt6/Qt6/qml/QtQuick/Controls/FluentWinUI3/light/images/spinbox-indicator-up-background-up-pressed@2x.png\n./venv/lib/python3.12/site-packages/PyQt6/Qt6/qml/QtQuick/Controls/FluentWinUI3/light/images/spinbox-indicator-up-background-up-pressed@3x.png\n./venv/lib/python3.12/site-packages/PyQt6/Qt6/qml/QtQuick/Controls/FluentWinUI3/light/images/spinbox-indicator-up-background.png\n./venv/lib/python3.12/site-packages/PyQt6/Qt6/qml/QtQuick/Controls/FluentWinUI3/light/images/spinbox-indicator-up-background@2x.png\n./venv/lib/python3.12/site-packages/PyQt6/Qt6/qml/QtQuick/Controls/FluentWinUI3/light/images/spinbox-indicator-up-background@3x.png\n./venv/lib/python3.12/site-packages/PyQt6/Qt6/qml/QtQuick/Controls/FluentWinUI3/light/images/spinbox-indicator-up-icon-atlimit.png\n./venv/lib/python3.12/site-packages/PyQt6/Qt6/qml/QtQuick/Controls/FluentWinUI3/light/images/spinbox-indicator-up-icon-atlimit@2x.png\n./venv/lib/python3.12/site-packages/PyQt6/Qt6/qml/QtQuick/Controls/FluentWinUI3/light/images/spinbox-indicator-up-icon-atlimit@3x.png\n./venv/lib/python3.12/site-packages/PyQt6/Qt6/qml/QtQuick/Controls/FluentWinUI3/light/images/spinbox-indicator-up-icon-disabled.png\n./venv/lib/python3.12/site-packages/PyQt6/Qt6/qml/QtQuick/Controls/FluentWinUI3/light/images/spinbox-indicator-up-icon-disabled@2x.png\n./venv/lib/python3.12/site-packages/PyQt6/Qt6/qml/QtQuick/Controls/FluentWinUI3/light/images/spinbox-indicator-up-icon-disabled@3x.png\n./venv/lib/python3.12/site-packages/PyQt6/Qt6/qml/QtQuick/Controls/FluentWinUI3/light/images/spinbox-indicator-up-icon-down-hovered.png\n./venv/lib/python3.12/site-packages/PyQt6/Qt6/qml/QtQuick/Controls/FluentWinUI3/light/images/spinbox-indicator-up-icon-down-hovered@2x.png\n./venv/lib/python3.12/site-packages/PyQt6/Qt6/qml/QtQuick/Controls/FluentWinUI3/light/images/spinbox-indicator-up-icon-down-hovered@3x.png\n./venv/lib/python3.12/site-packages/PyQt6/Qt6/qml/QtQuick/Controls/FluentWinUI3/light/images/spinbox-indicator-up-icon-down-pressed.png\n./venv/lib/python3.12/site-packages/PyQt6/Qt6/qml/QtQuick/Controls/FluentWinUI3/light/images/spinbox-indicator-up-icon-down-pressed@2x.png\n./venv/lib/python3.12/site-packages/PyQt6/Qt6/qml/QtQuick/Controls/FluentWinUI3/light/images/spinbox-indicator-up-icon-down-pressed@3x.png\n./venv/lib/python3.12/site-packages/PyQt6/Qt6/qml/QtQuick/Controls/FluentWinUI3/light/images/spinbox-indicator-up-icon-hovered.png\n./venv/lib/python3.12/site-packages/PyQt6/Qt6/qml/QtQuick/Controls/FluentWinUI3/light/images/spinbox-indicator-up-icon-hovered@2x.png\n./venv/lib/python3.12/site-packages/PyQt6/Qt6/qml/QtQuick/Controls/FluentWinUI3/light/images/spinbox-indicator-up-icon-hovered@3x.png\n./venv/lib/python3.12/site-packages/PyQt6/Qt6/qml/QtQuick/Controls/FluentWinUI3/light/images/spinbox-indicator-up-icon-up-hovered.png\n./venv/lib/python3.12/site-packages/PyQt6/Qt6/qml/QtQuick/Controls/FluentWinUI3/light/images/spinbox-indicator-up-icon-up-hovered@2x.png\n./venv/lib/python3.12/site-packages/PyQt6/Qt6/qml/QtQuick/Controls/FluentWinUI3/light/images/spinbox-indicator-up-icon-up-hovered@3x.png\n./venv/lib/python3.12/site-packages/PyQt6/Qt6/qml/QtQuick/Controls/FluentWinUI3/light/images/spinbox-indicator-up-icon-up-pressed.png\n./venv/lib/python3.12/site-packages/PyQt6/Qt6/qml/QtQuick/Controls/FluentWinUI3/light/images/spinbox-indicator-up-icon-up-pressed@2x.png\n./venv/lib/python3.12/site-packages/PyQt6/Qt6/qml/QtQuick/Controls/FluentWinUI3/light/images/spinbox-indicator-up-icon-up-pressed@3x.png\n./venv/lib/python3.12/site-packages/PyQt6/Qt6/qml/QtQuick/Controls/FluentWinUI3/light/images/spinbox-indicator-up-icon.png\n./venv/lib/python3.12/site-packages/PyQt6/Qt6/qml/QtQuick/Controls/FluentWinUI3/light/images/spinbox-indicator-up-icon@2x.png\n./venv/lib/python3.12/site-packages/PyQt6/Qt6/qml/QtQuick/Controls/FluentWinUI3/light/images/spinbox-indicator-up-icon@3x.png\n./venv/lib/python3.12/site-packages/PyQt6/Qt6/qml/QtQuick/Controls/FluentWinUI3/light/images/textarea-background-disabled.png\n./venv/lib/python3.12/site-packages/PyQt6/Qt6/qml/QtQuick/Controls/FluentWinUI3/light/images/textarea-background-disabled@2x.png\n./venv/lib/python3.12/site-packages/PyQt6/Qt6/qml/QtQuick/Controls/FluentWinUI3/light/images/textarea-background-disabled@3x.png\n./venv/lib/python3.12/site-packages/PyQt6/Qt6/qml/QtQuick/Controls/FluentWinUI3/light/images/textarea-background-focused.png\n./venv/lib/python3.12/site-packages/PyQt6/Qt6/qml/QtQuick/Controls/FluentWinUI3/light/images/textarea-background-focused@2x.png\n./venv/lib/python3.12/site-packages/PyQt6/Qt6/qml/QtQuick/Controls/FluentWinUI3/light/images/textarea-background-focused@3x.png\n./venv/lib/python3.12/site-packages/PyQt6/Qt6/qml/QtQuick/Controls/FluentWinUI3/light/images/textarea-background-hovered.png\n./venv/lib/python3.12/site-packages/PyQt6/Qt6/qml/QtQuick/Controls/FluentWinUI3/light/images/textarea-background-hovered@2x.png\n./venv/lib/python3.12/site-packages/PyQt6/Qt6/qml/QtQuick/Controls/FluentWinUI3/light/images/textarea-background-hovered@3x.png\n./venv/lib/python3.12/site-packages/PyQt6/Qt6/qml/QtQuick/Controls/FluentWinUI3/light/images/textarea-background.png\n./venv/lib/python3.12/site-packages/PyQt6/Qt6/qml/QtQuick/Controls/FluentWinUI3/light/images/textarea-background@2x.png\n./venv/lib/python3.12/site-packages/PyQt6/Qt6/qml/QtQuick/Controls/FluentWinUI3/light/images/textarea-background@3x.png\n./venv/lib/python3.12/site-packages/PyQt6/Qt6/qml/QtQuick/Controls/FluentWinUI3/light/images/textfield-background-disabled.png\n./venv/lib/python3.12/site-packages/PyQt6/Qt6/qml/QtQuick/Controls/FluentWinUI3/light/images/textfield-background-disabled@2x.png\n./venv/lib/python3.12/site-packages/PyQt6/Qt6/qml/QtQuick/Controls/FluentWinUI3/light/images/textfield-background-disabled@3x.png\n./venv/lib/python3.12/site-packages/PyQt6/Qt6/qml/QtQuick/Controls/FluentWinUI3/light/images/textfield-background-focused.png\n./venv/lib/python3.12/site-packages/PyQt6/Qt6/qml/QtQuick/Controls/FluentWinUI3/light/images/textfield-background-focused@2x.png\n./venv/lib/python3.12/site-packages/PyQt6/Qt6/qml/QtQuick/Controls/FluentWinUI3/light/images/textfield-background-focused@3x.png\n./venv/lib/python3.12/site-packages/PyQt6/Qt6/qml/QtQuick/Controls/FluentWinUI3/light/images/textfield-background-hovered.png\n./venv/lib/python3.12/site-packages/PyQt6/Qt6/qml/QtQuick/Controls/FluentWinUI3/light/images/textfield-background-hovered@2x.png\n./venv/lib/python3.12/site-packages/PyQt6/Qt6/qml/QtQuick/Controls/FluentWinUI3/light/images/textfield-background-hovered@3x.png\n./venv/lib/python3.12/site-packages/PyQt6/Qt6/qml/QtQuick/Controls/FluentWinUI3/light/images/textfield-background.png\n./venv/lib/python3.12/site-packages/PyQt6/Qt6/qml/QtQuick/Controls/FluentWinUI3/light/images/textfield-background@2x.png\n./venv/lib/python3.12/site-packages/PyQt6/Qt6/qml/QtQuick/Controls/FluentWinUI3/light/images/textfield-background@3x.png\n./venv/lib/python3.12/site-packages/PyQt6/Qt6/qml/QtQuick/Controls/FluentWinUI3/dark/images/checkbox-indicator-checked-disabled.png\n./venv/lib/python3.12/site-packages/PyQt6/Qt6/qml/QtQuick/Controls/FluentWinUI3/dark/images/checkbox-indicator-checked-disabled@2x.png\n./venv/lib/python3.12/site-packages/PyQt6/Qt6/qml/QtQuick/Controls/FluentWinUI3/dark/images/checkbox-indicator-checked-disabled@3x.png\n./venv/lib/python3.12/site-packages/PyQt6/Qt6/qml/QtQuick/Controls/FluentWinUI3/dark/images/checkbox-indicator-checked-hovered.png\n./venv/lib/python3.12/site-packages/PyQt6/Qt6/qml/QtQuick/Controls/FluentWinUI3/dark/images/checkbox-indicator-checked-hovered@2x.png\n./venv/lib/python3.12/site-packages/PyQt6/Qt6/qml/QtQuick/Controls/FluentWinUI3/dark/images/checkbox-indicator-checked-hovered@3x.png\n./venv/lib/python3.12/site-packages/PyQt6/Qt6/qml/QtQuick/Controls/FluentWinUI3/dark/images/checkbox-indicator-checked-pressed.png\n./venv/lib/python3.12/site-packages/PyQt6/Qt6/qml/QtQuick/Controls/FluentWinUI3/dark/images/checkbox-indicator-checked-pressed@2x.png\n./venv/lib/python3.12/site-packages/PyQt6/Qt6/qml/QtQuick/Controls/FluentWinUI3/dark/images/checkbox-indicator-checked-pressed@3x.png\n./venv/lib/python3.12/site-packages/PyQt6/Qt6/qml/QtQuick/Controls/FluentWinUI3/dark/images/checkbox-indicator-checked.png\n./venv/lib/python3.12/site-packages/PyQt6/Qt6/qml/QtQuick/Controls/FluentWinUI3/dark/images/checkbox-indicator-checked@2x.png\n./venv/lib/python3.12/site-packages/PyQt6/Qt6/qml/QtQuick/Controls/FluentWinUI3/dark/images/checkbox-indicator-checked@3x.png\n./venv/lib/python3.12/site-packages/PyQt6/Qt6/qml/QtQuick/Controls/FluentWinUI3/dark/images/checkbox-indicator-disabled-partiallyChecked.png\n./venv/lib/python3.12/site-packages/PyQt6/Qt6/qml/QtQuick/Controls/FluentWinUI3/dark/images/checkbox-indicator-disabled-partiallyChecked@2x.png\n./venv/lib/python3.12/site-packages/PyQt6/Qt6/qml/QtQuick/Controls/FluentWinUI3/dark/images/checkbox-indicator-disabled-partiallyChecked@3x.png\n./venv/lib/python3.12/site-packages/PyQt6/Qt6/qml/QtQuick/Controls/FluentWinUI3/dark/images/checkbox-indicator-disabled.png\n./venv/lib/python3.12/site-packages/PyQt6/Qt6/qml/QtQuick/Controls/FluentWinUI3/dark/images/checkbox-indicator-disabled@2x.png\n./venv/lib/python3.12/site-packages/PyQt6/Qt6/qml/QtQuick/Controls/FluentWinUI3/dark/images/checkbox-indicator-disabled@3x.png\n./venv/lib/python3.12/site-packages/PyQt6/Qt6/qml/QtQuick/Controls/FluentWinUI3/dark/images/checkbox-indicator-hovered-partiallyChecked.png\n./venv/lib/python3.12/site-packages/PyQt6/Qt6/qml/QtQuick/Controls/FluentWinUI3/dark/images/checkbox-indicator-hovered-partiallyChecked@2x.png\n./venv/lib/python3.12/site-packages/PyQt6/Qt6/qml/QtQuick/Controls/FluentWinUI3/dark/images/checkbox-indicator-hovered-partiallyChecked@3x.png\n./venv/lib/python3.12/site-packages/PyQt6/Qt6/qml/QtQuick/Controls/FluentWinUI3/dark/images/checkbox-indicator-hovered.png\n./venv/lib/python3.12/site-packages/PyQt6/Qt6/qml/QtQuick/Controls/FluentWinUI3/dark/images/checkbox-indicator-hovered@2x.png\n./venv/lib/python3.12/site-packages/PyQt6/Qt6/qml/QtQuick/Controls/FluentWinUI3/dark/images/checkbox-indicator-hovered@3x.png\n./venv/lib/python3.12/site-packages/PyQt6/Qt6/qml/QtQuick/Controls/FluentWinUI3/dark/images/checkbox-indicator-partiallyChecked-pressed.png\n./venv/lib/python3.12/site-packages/PyQt6/Qt6/qml/QtQuick/Controls/FluentWinUI3/dark/images/checkbox-indicator-partiallyChecked-pressed@2x.png\n./venv/lib/python3.12/site-packages/PyQt6/Qt6/qml/QtQuick/Controls/FluentWinUI3/dark/images/checkbox-indicator-partiallyChecked-pressed@3x.png\n./venv/lib/python3.12/site-packages/PyQt6/Qt6/qml/QtQuick/Controls/FluentWinUI3/dark/images/checkbox-indicator-partiallyChecked.png\n./venv/lib/python3.12/site-packages/PyQt6/Qt6/qml/QtQuick/Controls/FluentWinUI3/dark/images/checkbox-indicator-partiallyChecked@2x.png\n./venv/lib/python3.12/site-packages/PyQt6/Qt6/qml/QtQuick/Controls/FluentWinUI3/dark/images/checkbox-indicator-partiallyChecked@3x.png\n./venv/lib/python3.12/site-packages/PyQt6/Qt6/qml/QtQuick/Controls/FluentWinUI3/dark/images/checkbox-indicator-pressed.png\n./venv/lib/python3.12/site-packages/PyQt6/Qt6/qml/QtQuick/Controls/FluentWinUI3/dark/images/checkbox-indicator-pressed@2x.png\n./venv/lib/python3.12/site-packages/PyQt6/Qt6/qml/QtQuick/Controls/FluentWinUI3/dark/images/checkbox-indicator-pressed@3x.png\n./venv/lib/python3.12/site-packages/PyQt6/Qt6/qml/QtQuick/Controls/FluentWinUI3/dark/images/checkbox-indicator.png\n./venv/lib/python3.12/site-packages/PyQt6/Qt6/qml/QtQuick/Controls/FluentWinUI3/dark/images/checkbox-indicator@2x.png\n./venv/lib/python3.12/site-packages/PyQt6/Qt6/qml/QtQuick/Controls/FluentWinUI3/dark/images/checkbox-indicator@3x.png\n./venv/lib/python3.12/site-packages/PyQt6/Qt6/qml/QtQuick/Controls/FluentWinUI3/dark/images/combobox-background-disabled.png\n./venv/lib/python3.12/site-packages/PyQt6/Qt6/qml/QtQuick/Controls/FluentWinUI3/dark/images/combobox-background-disabled@2x.png\n./venv/lib/python3.12/site-packages/PyQt6/Qt6/qml/QtQuick/Controls/FluentWinUI3/dark/images/combobox-background-disabled@3x.png\n./venv/lib/python3.12/site-packages/PyQt6/Qt6/qml/QtQuick/Controls/FluentWinUI3/dark/images/combobox-background-focused.png\n./venv/lib/python3.12/site-packages/PyQt6/Qt6/qml/QtQuick/Controls/FluentWinUI3/dark/images/combobox-background-focused@2x.png\n./venv/lib/python3.12/site-packages/PyQt6/Qt6/qml/QtQuick/Controls/FluentWinUI3/dark/images/combobox-background-focused@3x.png\n./venv/lib/python3.12/site-packages/PyQt6/Qt6/qml/QtQuick/Controls/FluentWinUI3/dark/images/combobox-background-hovered-open.png\n./venv/lib/python3.12/site-packages/PyQt6/Qt6/qml/QtQuick/Controls/FluentWinUI3/dark/images/combobox-background-hovered-open@2x.png\n./venv/lib/python3.12/site-packages/PyQt6/Qt6/qml/QtQuick/Controls/FluentWinUI3/dark/images/combobox-background-hovered-open@3x.png\n./venv/lib/python3.12/site-packages/PyQt6/Qt6/qml/QtQuick/Controls/FluentWinUI3/dark/images/combobox-background-hovered.png\n./venv/lib/python3.12/site-packages/PyQt6/Qt6/qml/QtQuick/Controls/FluentWinUI3/dark/images/combobox-background-hovered@2x.png\n./venv/lib/python3.12/site-packages/PyQt6/Qt6/qml/QtQuick/Controls/FluentWinUI3/dark/images/combobox-background-hovered@3x.png\n./venv/lib/python3.12/site-packages/PyQt6/Qt6/qml/QtQuick/Controls/FluentWinUI3/dark/images/combobox-background-open-pressed.png\n./venv/lib/python3.12/site-packages/PyQt6/Qt6/qml/QtQuick/Controls/FluentWinUI3/dark/images/combobox-background-open-pressed@2x.png\n./venv/lib/python3.12/site-packages/PyQt6/Qt6/qml/QtQuick/Controls/FluentWinUI3/dark/images/combobox-background-open-pressed@3x.png\n./venv/lib/python3.12/site-packages/PyQt6/Qt6/qml/QtQuick/Controls/FluentWinUI3/dark/images/combobox-background-open.png\n./venv/lib/python3.12/site-packages/PyQt6/Qt6/qml/QtQuick/Controls/FluentWinUI3/dark/images/combobox-background-open@2x.png\n./venv/lib/python3.12/site-packages/PyQt6/Qt6/qml/QtQuick/Controls/FluentWinUI3/dark/images/combobox-background-open@3x.png\n./venv/lib/python3.12/site-packages/PyQt6/Qt6/qml/QtQuick/Controls/FluentWinUI3/dark/images/combobox-background-pressed.png\n./venv/lib/python3.12/site-packages/PyQt6/Qt6/qml/QtQuick/Controls/FluentWinUI3/dark/images/combobox-background-pressed@2x.png\n./venv/lib/python3.12/site-packages/PyQt6/Qt6/qml/QtQuick/Controls/FluentWinUI3/dark/images/combobox-background-pressed@3x.png\n./venv/lib/python3.12/site-packages/PyQt6/Qt6/qml/QtQuick/Controls/FluentWinUI3/dark/images/combobox-background.png\n./venv/lib/python3.12/site-packages/PyQt6/Qt6/qml/QtQuick/Controls/FluentWinUI3/dark/images/combobox-background@2x.png\n./venv/lib/python3.12/site-packages/PyQt6/Qt6/qml/QtQuick/Controls/FluentWinUI3/dark/images/combobox-background@3x.png\n./venv/lib/python3.12/site-packages/PyQt6/Qt6/qml/QtQuick/Controls/FluentWinUI3/dark/images/combobox-indicator-disabled.png\n./venv/lib/python3.12/site-packages/PyQt6/Qt6/qml/QtQuick/Controls/FluentWinUI3/dark/images/combobox-indicator-disabled@2x.png\n./venv/lib/python3.12/site-packages/PyQt6/Qt6/qml/QtQuick/Controls/FluentWinUI3/dark/images/combobox-indicator-disabled@3x.png\n./venv/lib/python3.12/site-packages/PyQt6/Qt6/qml/QtQuick/Controls/FluentWinUI3/dark/images/combobox-indicator-focused.png\n./venv/lib/python3.12/site-packages/PyQt6/Qt6/qml/QtQuick/Controls/FluentWinUI3/dark/images/combobox-indicator-focused@2x.png\n./venv/lib/python3.12/site-packages/PyQt6/Qt6/qml/QtQuick/Controls/FluentWinUI3/dark/images/combobox-indicator-focused@3x.png\n./venv/lib/python3.12/site-packages/PyQt6/Qt6/qml/QtQuick/Controls/FluentWinUI3/dark/images/combobox-indicator-hovered-open.png\n./venv/lib/python3.12/site-packages/PyQt6/Qt6/qml/QtQuick/Controls/FluentWinUI3/dark/images/combobox-indicator-hovered-open@2x.png\n./venv/lib/python3.12/site-packages/PyQt6/Qt6/qml/QtQuick/Controls/FluentWinUI3/dark/images/combobox-indicator-hovered-open@3x.png\n./venv/lib/python3.12/site-packages/PyQt6/Qt6/qml/QtQuick/Controls/FluentWinUI3/dark/images/combobox-indicator-hovered.png\n./venv/lib/python3.12/site-packages/PyQt6/Qt6/qml/QtQuick/Controls/FluentWinUI3/dark/images/combobox-indicator-hovered@2x.png\n./venv/lib/python3.12/site-packages/PyQt6/Qt6/qml/QtQuick/Controls/FluentWinUI3/dark/images/combobox-indicator-hovered@3x.png\n./venv/lib/python3.12/site-packages/PyQt6/Qt6/qml/QtQuick/Controls/FluentWinUI3/dark/images/combobox-indicator-open-pressed.png\n./venv/lib/python3.12/site-packages/PyQt6/Qt6/qml/QtQuick/Controls/FluentWinUI3/dark/images/combobox-indicator-open-pressed@2x.png\n./venv/lib/python3.12/site-packages/PyQt6/Qt6/qml/QtQuick/Controls/FluentWinUI3/dark/images/combobox-indicator-open-pressed@3x.png\n./venv/lib/python3.12/site-packages/PyQt6/Qt6/qml/QtQuick/Controls/FluentWinUI3/dark/images/combobox-indicator-open.png\n./venv/lib/python3.12/site-packages/PyQt6/Qt6/qml/QtQuick/Controls/FluentWinUI3/dark/images/combobox-indicator-open@2x.png\n./venv/lib/python3.12/site-packages/PyQt6/Qt6/qml/QtQuick/Controls/FluentWinUI3/dark/images/combobox-indicator-open@3x.png\n./venv/lib/python3.12/site-packages/PyQt6/Qt6/qml/QtQuick/Controls/FluentWinUI3/dark/images/combobox-indicator-pressed.png\n./venv/lib/python3.12/site-packages/PyQt6/Qt6/qml/QtQuick/Controls/FluentWinUI3/dark/images/combobox-indicator-pressed@2x.png\n./venv/lib/python3.12/site-packages/PyQt6/Qt6/qml/QtQuick/Controls/FluentWinUI3/dark/images/combobox-indicator-pressed@3x.png\n./venv/lib/python3.12/site-packages/PyQt6/Qt6/qml/QtQuick/Controls/FluentWinUI3/dark/images/combobox-indicator.png\n./venv/lib/python3.12/site-packages/PyQt6/Qt6/qml/QtQuick/Controls/FluentWinUI3/dark/images/combobox-indicator@2x.png\n./venv/lib/python3.12/site-packages/PyQt6/Qt6/qml/QtQuick/Controls/FluentWinUI3/dark/images/combobox-indicator@3x.png\n./venv/lib/python3.12/site-packages/PyQt6/Qt6/qml/QtQuick/Controls/FluentWinUI3/dark/images/editablecombobox-background-hovered-open.png\n./venv/lib/python3.12/site-packages/PyQt6/Qt6/qml/QtQuick/Controls/FluentWinUI3/dark/images/editablecombobox-background-hovered-open@2x.png\n./venv/lib/python3.12/site-packages/PyQt6/Qt6/qml/QtQuick/Controls/FluentWinUI3/dark/images/editablecombobox-background-hovered-open@3x.png\n./venv/lib/python3.12/site-packages/PyQt6/Qt6/qml/QtQuick/Controls/FluentWinUI3/dark/images/editablecombobox-background-open-pressed.png\n./venv/lib/python3.12/site-packages/PyQt6/Qt6/qml/QtQuick/Controls/FluentWinUI3/dark/images/editablecombobox-background-open-pressed@2x.png\n./venv/lib/python3.12/site-packages/PyQt6/Qt6/qml/QtQuick/Controls/FluentWinUI3/dark/images/editablecombobox-background-open-pressed@3x.png\n./venv/lib/python3.12/site-packages/PyQt6/Qt6/qml/QtQuick/Controls/FluentWinUI3/dark/images/editablecombobox-background-open.png\n./venv/lib/python3.12/site-packages/PyQt6/Qt6/qml/QtQuick/Controls/FluentWinUI3/dark/images/editablecombobox-background-open@2x.png\n./venv/lib/python3.12/site-packages/PyQt6/Qt6/qml/QtQuick/Controls/FluentWinUI3/dark/images/editablecombobox-background-open@3x.png\n./venv/lib/python3.12/site-packages/PyQt6/Qt6/qml/QtQuick/Controls/FluentWinUI3/dark/images/editablecombobox-indicator-hovered-open.png\n./venv/lib/python3.12/site-packages/PyQt6/Qt6/qml/QtQuick/Controls/FluentWinUI3/dark/images/editablecombobox-indicator-hovered-open@2x.png\n./venv/lib/python3.12/site-packages/PyQt6/Qt6/qml/QtQuick/Controls/FluentWinUI3/dark/images/editablecombobox-indicator-hovered-open@3x.png\n./venv/lib/python3.12/site-packages/PyQt6/Qt6/qml/QtQuick/Controls/FluentWinUI3/dark/images/editablecombobox-indicator-open-pressed.png\n./venv/lib/python3.12/site-packages/PyQt6/Qt6/qml/QtQuick/Controls/FluentWinUI3/dark/images/editablecombobox-indicator-open-pressed@2x.png\n./venv/lib/python3.12/site-packages/PyQt6/Qt6/qml/QtQuick/Controls/FluentWinUI3/dark/images/editablecombobox-indicator-open-pressed@3x.png\n./venv/lib/python3.12/site-packages/PyQt6/Qt6/qml/QtQuick/Controls/FluentWinUI3/dark/images/editablecombobox-indicator-open.png\n./venv/lib/python3.12/site-packages/PyQt6/Qt6/qml/QtQuick/Controls/FluentWinUI3/dark/images/editablecombobox-indicator-open@2x.png\n./venv/lib/python3.12/site-packages/PyQt6/Qt6/qml/QtQuick/Controls/FluentWinUI3/dark/images/editablecombobox-indicator-open@3x.png\n./venv/lib/python3.12/site-packages/PyQt6/Qt6/qml/QtQuick/Controls/FluentWinUI3/dark/images/editablecombobox-popup-background-hovered-open.png\n./venv/lib/python3.12/site-packages/PyQt6/Qt6/qml/QtQuick/Controls/FluentWinUI3/dark/images/editablecombobox-popup-background-hovered-open@2x.png\n./venv/lib/python3.12/site-packages/PyQt6/Qt6/qml/QtQuick/Controls/FluentWinUI3/dark/images/editablecombobox-popup-background-hovered-open@3x.png\n./venv/lib/python3.12/site-packages/PyQt6/Qt6/qml/QtQuick/Controls/FluentWinUI3/dark/images/editablecombobox-popup-background-open-pressed.png\n./venv/lib/python3.12/site-packages/PyQt6/Qt6/qml/QtQuick/Controls/FluentWinUI3/dark/images/editablecombobox-popup-background-open-pressed@2x.png\n./venv/lib/python3.12/site-packages/PyQt6/Qt6/qml/QtQuick/Controls/FluentWinUI3/dark/images/editablecombobox-popup-background-open-pressed@3x.png\n./venv/lib/python3.12/site-packages/PyQt6/Qt6/qml/QtQuick/Controls/FluentWinUI3/dark/images/editablecombobox-popup-background-open.png\n./venv/lib/python3.12/site-packages/PyQt6/Qt6/qml/QtQuick/Controls/FluentWinUI3/dark/images/editablecombobox-popup-background-open@2x.png\n./venv/lib/python3.12/site-packages/PyQt6/Qt6/qml/QtQuick/Controls/FluentWinUI3/dark/images/editablecombobox-popup-background-open@3x.png\n./venv/lib/python3.12/site-packages/PyQt6/Qt6/qml/QtQuick/Controls/FluentWinUI3/dark/images/frame-background-disabled.png\n./venv/lib/python3.12/site-packages/PyQt6/Qt6/qml/QtQuick/Controls/FluentWinUI3/dark/images/frame-background-disabled@2x.png\n./venv/lib/python3.12/site-packages/PyQt6/Qt6/qml/QtQuick/Controls/FluentWinUI3/dark/images/frame-background-disabled@3x.png\n./venv/lib/python3.12/site-packages/PyQt6/Qt6/qml/QtQuick/Controls/FluentWinUI3/dark/images/frame-background.png\n./venv/lib/python3.12/site-packages/PyQt6/Qt6/qml/QtQuick/Controls/FluentWinUI3/dark/images/frame-background@2x.png\n./venv/lib/python3.12/site-packages/PyQt6/Qt6/qml/QtQuick/Controls/FluentWinUI3/dark/images/frame-background@3x.png\n./venv/lib/python3.12/site-packages/PyQt6/Qt6/qml/QtQuick/Controls/FluentWinUI3/dark/images/itemdelegate-background-highlighted-hovered.png\n./venv/lib/python3.12/site-packages/PyQt6/Qt6/qml/QtQuick/Controls/FluentWinUI3/dark/images/itemdelegate-background-highlighted-hovered@2x.png\n./venv/lib/python3.12/site-packages/PyQt6/Qt6/qml/QtQuick/Controls/FluentWinUI3/dark/images/itemdelegate-background-highlighted-hovered@3x.png\n./venv/lib/python3.12/site-packages/PyQt6/Qt6/qml/QtQuick/Controls/FluentWinUI3/dark/images/itemdelegate-background-highlighted-pressed.png\n./venv/lib/python3.12/site-packages/PyQt6/Qt6/qml/QtQuick/Controls/FluentWinUI3/dark/images/itemdelegate-background-highlighted-pressed@2x.png\n./venv/lib/python3.12/site-packages/PyQt6/Qt6/qml/QtQuick/Controls/FluentWinUI3/dark/images/itemdelegate-background-highlighted-pressed@3x.png\n./venv/lib/python3.12/site-packages/PyQt6/Qt6/qml/QtQuick/Controls/FluentWinUI3/dark/images/itemdelegate-background-highlighted.png\n./venv/lib/python3.12/site-packages/PyQt6/Qt6/qml/QtQuick/Controls/FluentWinUI3/dark/images/itemdelegate-background-highlighted@2x.png\n./venv/lib/python3.12/site-packages/PyQt6/Qt6/qml/QtQuick/Controls/FluentWinUI3/dark/images/itemdelegate-background-highlighted@3x.png\n./venv/lib/python3.12/site-packages/PyQt6/Qt6/qml/QtQuick/Controls/FluentWinUI3/dark/images/itemdelegate-background-hovered.png\n./venv/lib/python3.12/site-packages/PyQt6/Qt6/qml/QtQuick/Controls/FluentWinUI3/dark/images/itemdelegate-background-hovered@2x.png\n./venv/lib/python3.12/site-packages/PyQt6/Qt6/qml/QtQuick/Controls/FluentWinUI3/dark/images/itemdelegate-background-hovered@3x.png\n./venv/lib/python3.12/site-packages/PyQt6/Qt6/qml/QtQuick/Controls/FluentWinUI3/dark/images/itemdelegate-background-pressed.png\n./venv/lib/python3.12/site-packages/PyQt6/Qt6/qml/QtQuick/Controls/FluentWinUI3/dark/images/itemdelegate-background-pressed@2x.png\n./venv/lib/python3.12/site-packages/PyQt6/Qt6/qml/QtQuick/Controls/FluentWinUI3/dark/images/itemdelegate-background-pressed@3x.png\n./venv/lib/python3.12/site-packages/PyQt6/Qt6/qml/QtQuick/Controls/FluentWinUI3/dark/images/pageindicatordelegate-indicator-delegate-current-hovered.png\n./venv/lib/python3.12/site-packages/PyQt6/Qt6/qml/QtQuick/Controls/FluentWinUI3/dark/images/pageindicatordelegate-indicator-delegate-current-hovered@2x.png\n./venv/lib/python3.12/site-packages/PyQt6/Qt6/qml/QtQuick/Controls/FluentWinUI3/dark/images/pageindicatordelegate-indicator-delegate-current-hovered@3x.png\n./venv/lib/python3.12/site-packages/PyQt6/Qt6/qml/QtQuick/Controls/FluentWinUI3/dark/images/pageindicatordelegate-indicator-delegate-current-pressed.png\n./venv/lib/python3.12/site-packages/PyQt6/Qt6/qml/QtQuick/Controls/FluentWinUI3/dark/images/pageindicatordelegate-indicator-delegate-current-pressed@2x.png\n./venv/lib/python3.12/site-packages/PyQt6/Qt6/qml/QtQuick/Controls/FluentWinUI3/dark/images/pageindicatordelegate-indicator-delegate-current-pressed@3x.png\n./venv/lib/python3.12/site-packages/PyQt6/Qt6/qml/QtQuick/Controls/FluentWinUI3/dark/images/pageindicatordelegate-indicator-delegate-current.png\n./venv/lib/python3.12/site-packages/PyQt6/Qt6/qml/QtQuick/Controls/FluentWinUI3/dark/images/pageindicatordelegate-indicator-delegate-current@2x.png\n./venv/lib/python3.12/site-packages/PyQt6/Qt6/qml/QtQuick/Controls/FluentWinUI3/dark/images/pageindicatordelegate-indicator-delegate-current@3x.png\n./venv/lib/python3.12/site-packages/PyQt6/Qt6/qml/QtQuick/Controls/FluentWinUI3/dark/images/pageindicatordelegate-indicator-delegate-pressed.png\n./venv/lib/python3.12/site-packages/PyQt6/Qt6/qml/QtQuick/Controls/FluentWinUI3/dark/images/pageindicatordelegate-indicator-delegate-pressed@2x.png\n./venv/lib/python3.12/site-packages/PyQt6/Qt6/qml/QtQuick/Controls/FluentWinUI3/dark/images/pageindicatordelegate-indicator-delegate-pressed@3x.png\n./venv/lib/python3.12/site-packages/PyQt6/Qt6/qml/QtQuick/Controls/FluentWinUI3/dark/images/pageindicatordelegate-indicator-disabled.png\n./venv/lib/python3.12/site-packages/PyQt6/Qt6/qml/QtQuick/Controls/FluentWinUI3/dark/images/pageindicatordelegate-indicator-disabled@2x.png\n./venv/lib/python3.12/site-packages/PyQt6/Qt6/qml/QtQuick/Controls/FluentWinUI3/dark/images/pageindicatordelegate-indicator-disabled@3x.png\n./venv/lib/python3.12/site-packages/PyQt6/Qt6/qml/QtQuick/Controls/FluentWinUI3/dark/images/pageindicatordelegate-indicator-hovered.png\n./venv/lib/python3.12/site-packages/PyQt6/Qt6/qml/QtQuick/Controls/FluentWinUI3/dark/images/pageindicatordelegate-indicator-hovered@2x.png\n./venv/lib/python3.12/site-packages/PyQt6/Qt6/qml/QtQuick/Controls/FluentWinUI3/dark/images/pageindicatordelegate-indicator-hovered@3x.png\n./venv/lib/python3.12/site-packages/PyQt6/Qt6/qml/QtQuick/Controls/FluentWinUI3/dark/images/pageindicatordelegate-indicator.png\n./venv/lib/python3.12/site-packages/PyQt6/Qt6/qml/QtQuick/Controls/FluentWinUI3/dark/images/pageindicatordelegate-indicator@2x.png\n./venv/lib/python3.12/site-packages/PyQt6/Qt6/qml/QtQuick/Controls/FluentWinUI3/dark/images/pageindicatordelegate-indicator@3x.png\n./venv/lib/python3.12/site-packages/PyQt6/Qt6/qml/QtQuick/Controls/FluentWinUI3/dark/images/popup-background.png\n./venv/lib/python3.12/site-packages/PyQt6/Qt6/qml/QtQuick/Controls/FluentWinUI3/dark/images/popup-background@2x.png\n./venv/lib/python3.12/site-packages/PyQt6/Qt6/qml/QtQuick/Controls/FluentWinUI3/dark/images/popup-background@3x.png\n./venv/lib/python3.12/site-packages/PyQt6/Qt6/qml/QtQuick/Controls/FluentWinUI3/dark/images/progressbar-groove-disabled.png\n./venv/lib/python3.12/site-packages/PyQt6/Qt6/qml/QtQuick/Controls/FluentWinUI3/dark/images/progressbar-groove-disabled@2x.png\n./venv/lib/python3.12/site-packages/PyQt6/Qt6/qml/QtQuick/Controls/FluentWinUI3/dark/images/progressbar-groove-disabled@3x.png\n./venv/lib/python3.12/site-packages/PyQt6/Qt6/qml/QtQuick/Controls/FluentWinUI3/dark/images/progressbar-groove.png\n./venv/lib/python3.12/site-packages/PyQt6/Qt6/qml/QtQuick/Controls/FluentWinUI3/dark/images/progressbar-groove@2x.png\n./venv/lib/python3.12/site-packages/PyQt6/Qt6/qml/QtQuick/Controls/FluentWinUI3/dark/images/progressbar-groove@3x.png\n./venv/lib/python3.12/site-packages/PyQt6/Qt6/qml/QtQuick/Controls/FluentWinUI3/dark/images/radiobutton-indicator-checked-disabled.png\n./venv/lib/python3.12/site-packages/PyQt6/Qt6/qml/QtQuick/Controls/FluentWinUI3/dark/images/radiobutton-indicator-checked-disabled@2x.png\n./venv/lib/python3.12/site-packages/PyQt6/Qt6/qml/QtQuick/Controls/FluentWinUI3/dark/images/radiobutton-indicator-checked-disabled@3x.png\n./venv/lib/python3.12/site-packages/PyQt6/Qt6/qml/QtQuick/Controls/FluentWinUI3/dark/images/radiobutton-indicator-checked-hovered.png\n./venv/lib/python3.12/site-packages/PyQt6/Qt6/qml/QtQuick/Controls/FluentWinUI3/dark/images/radiobutton-indicator-checked-hovered@2x.png\n./venv/lib/python3.12/site-packages/PyQt6/Qt6/qml/QtQuick/Controls/FluentWinUI3/dark/images/radiobutton-indicator-checked-hovered@3x.png\n./venv/lib/python3.12/site-packages/PyQt6/Qt6/qml/QtQuick/Controls/FluentWinUI3/dark/images/radiobutton-indicator-checked-pressed.png\n./venv/lib/python3.12/site-packages/PyQt6/Qt6/qml/QtQuick/Controls/FluentWinUI3/dark/images/radiobutton-indicator-checked-pressed@2x.png\n./venv/lib/python3.12/site-packages/PyQt6/Qt6/qml/QtQuick/Controls/FluentWinUI3/dark/images/radiobutton-indicator-checked-pressed@3x.png\n./venv/lib/python3.12/site-packages/PyQt6/Qt6/qml/QtQuick/Controls/FluentWinUI3/dark/images/radiobutton-indicator-checked.png\n./venv/lib/python3.12/site-packages/PyQt6/Qt6/qml/QtQuick/Controls/FluentWinUI3/dark/images/radiobutton-indicator-checked@2x.png\n./venv/lib/python3.12/site-packages/PyQt6/Qt6/qml/QtQuick/Controls/FluentWinUI3/dark/images/radiobutton-indicator-checked@3x.png\n./venv/lib/python3.12/site-packages/PyQt6/Qt6/qml/QtQuick/Controls/FluentWinUI3/dark/images/radiobutton-indicator-disabled.png\n./venv/lib/python3.12/site-packages/PyQt6/Qt6/qml/QtQuick/Controls/FluentWinUI3/dark/images/radiobutton-indicator-disabled@2x.png\n./venv/lib/python3.12/site-packages/PyQt6/Qt6/qml/QtQuick/Controls/FluentWinUI3/dark/images/radiobutton-indicator-disabled@3x.png\n./venv/lib/python3.12/site-packages/PyQt6/Qt6/qml/QtQuick/Controls/FluentWinUI3/dark/images/radiobutton-indicator-hovered.png\n./venv/lib/python3.12/site-packages/PyQt6/Qt6/qml/QtQuick/Controls/FluentWinUI3/dark/images/radiobutton-indicator-hovered@2x.png\n./venv/lib/python3.12/site-packages/PyQt6/Qt6/qml/QtQuick/Controls/FluentWinUI3/dark/images/radiobutton-indicator-hovered@3x.png\n./venv/lib/python3.12/site-packages/PyQt6/Qt6/qml/QtQuick/Controls/FluentWinUI3/dark/images/radiobutton-indicator-pressed.png\n./venv/lib/python3.12/site-packages/PyQt6/Qt6/qml/QtQuick/Controls/FluentWinUI3/dark/images/radiobutton-indicator-pressed@2x.png\n./venv/lib/python3.12/site-packages/PyQt6/Qt6/qml/QtQuick/Controls/FluentWinUI3/dark/images/radiobutton-indicator-pressed@3x.png\n./venv/lib/python3.12/site-packages/PyQt6/Qt6/qml/QtQuick/Controls/FluentWinUI3/dark/images/radiobutton-indicator.png\n./venv/lib/python3.12/site-packages/PyQt6/Qt6/qml/QtQuick/Controls/FluentWinUI3/dark/images/radiobutton-indicator@2x.png\n./venv/lib/python3.12/site-packages/PyQt6/Qt6/qml/QtQuick/Controls/FluentWinUI3/dark/images/radiobutton-indicator@3x.png\n./venv/lib/python3.12/site-packages/PyQt6/Qt6/qml/QtQuick/Controls/FluentWinUI3/dark/images/rangeslider-first-handle-disabled.png\n./venv/lib/python3.12/site-packages/PyQt6/Qt6/qml/QtQuick/Controls/FluentWinUI3/dark/images/rangeslider-first-handle-disabled@2x.png\n./venv/lib/python3.12/site-packages/PyQt6/Qt6/qml/QtQuick/Controls/FluentWinUI3/dark/images/rangeslider-first-handle-disabled@3x.png\n./venv/lib/python3.12/site-packages/PyQt6/Qt6/qml/QtQuick/Controls/FluentWinUI3/dark/images/rangeslider-first-handle-handle-pressed.png\n./venv/lib/python3.12/site-packages/PyQt6/Qt6/qml/QtQuick/Controls/FluentWinUI3/dark/images/rangeslider-first-handle-handle-pressed@2x.png\n./venv/lib/python3.12/site-packages/PyQt6/Qt6/qml/QtQuick/Controls/FluentWinUI3/dark/images/rangeslider-first-handle-handle-pressed@3x.png\n./venv/lib/python3.12/site-packages/PyQt6/Qt6/qml/QtQuick/Controls/FluentWinUI3/dark/images/rangeslider-first-handle-hovered.png\n./venv/lib/python3.12/site-packages/PyQt6/Qt6/qml/QtQuick/Controls/FluentWinUI3/dark/images/rangeslider-first-handle-hovered@2x.png\n./venv/lib/python3.12/site-packages/PyQt6/Qt6/qml/QtQuick/Controls/FluentWinUI3/dark/images/rangeslider-first-handle-hovered@3x.png\n./venv/lib/python3.12/site-packages/PyQt6/Qt6/qml/QtQuick/Controls/FluentWinUI3/dark/images/rangeslider-first-handle.png\n./venv/lib/python3.12/site-packages/PyQt6/Qt6/qml/QtQuick/Controls/FluentWinUI3/dark/images/rangeslider-first-handle@2x.png\n./venv/lib/python3.12/site-packages/PyQt6/Qt6/qml/QtQuick/Controls/FluentWinUI3/dark/images/rangeslider-first-handle@3x.png\n./venv/lib/python3.12/site-packages/PyQt6/Qt6/qml/QtQuick/Controls/FluentWinUI3/dark/images/rangeslider-groove-disabled.png\n./venv/lib/python3.12/site-packages/PyQt6/Qt6/qml/QtQuick/Controls/FluentWinUI3/dark/images/rangeslider-groove-disabled@2x.png\n./venv/lib/python3.12/site-packages/PyQt6/Qt6/qml/QtQuick/Controls/FluentWinUI3/dark/images/rangeslider-groove-disabled@3x.png\n./venv/lib/python3.12/site-packages/PyQt6/Qt6/qml/QtQuick/Controls/FluentWinUI3/dark/images/rangeslider-groove-handle-pressed.png\n./venv/lib/python3.12/site-packages/PyQt6/Qt6/qml/QtQuick/Controls/FluentWinUI3/dark/images/rangeslider-groove-handle-pressed@2x.png\n./venv/lib/python3.12/site-packages/PyQt6/Qt6/qml/QtQuick/Controls/FluentWinUI3/dark/images/rangeslider-groove-handle-pressed@3x.png\n./venv/lib/python3.12/site-packages/PyQt6/Qt6/qml/QtQuick/Controls/FluentWinUI3/dark/images/rangeslider-groove-hovered.png\n./venv/lib/python3.12/site-packages/PyQt6/Qt6/qml/QtQuick/Controls/FluentWinUI3/dark/images/rangeslider-groove-hovered@2x.png\n./venv/lib/python3.12/site-packages/PyQt6/Qt6/qml/QtQuick/Controls/FluentWinUI3/dark/images/rangeslider-groove-hovered@3x.png\n./venv/lib/python3.12/site-packages/PyQt6/Qt6/qml/QtQuick/Controls/FluentWinUI3/dark/images/rangeslider-groove.png\n./venv/lib/python3.12/site-packages/PyQt6/Qt6/qml/QtQuick/Controls/FluentWinUI3/dark/images/rangeslider-groove@2x.png\n./venv/lib/python3.12/site-packages/PyQt6/Qt6/qml/QtQuick/Controls/FluentWinUI3/dark/images/rangeslider-groove@3x.png\n./venv/lib/python3.12/site-packages/PyQt6/Qt6/qml/QtQuick/Controls/FluentWinUI3/dark/images/rangeslider-second-handle-disabled.png\n./venv/lib/python3.12/site-packages/PyQt6/Qt6/qml/QtQuick/Controls/FluentWinUI3/dark/images/rangeslider-second-handle-disabled@2x.png\n./venv/lib/python3.12/site-packages/PyQt6/Qt6/qml/QtQuick/Controls/FluentWinUI3/dark/images/rangeslider-second-handle-disabled@3x.png\n./venv/lib/python3.12/site-packages/PyQt6/Qt6/qml/QtQuick/Controls/FluentWinUI3/dark/images/rangeslider-second-handle-handle-pressed.png\n./venv/lib/python3.12/site-packages/PyQt6/Qt6/qml/QtQuick/Controls/FluentWinUI3/dark/images/rangeslider-second-handle-handle-pressed@2x.png\n./venv/lib/python3.12/site-packages/PyQt6/Qt6/qml/QtQuick/Controls/FluentWinUI3/dark/images/rangeslider-second-handle-handle-pressed@3x.png\n./venv/lib/python3.12/site-packages/PyQt6/Qt6/qml/QtQuick/Controls/FluentWinUI3/dark/images/rangeslider-second-handle-hovered.png\n./venv/lib/python3.12/site-packages/PyQt6/Qt6/qml/QtQuick/Controls/FluentWinUI3/dark/images/rangeslider-second-handle-hovered@2x.png\n./venv/lib/python3.12/site-packages/PyQt6/Qt6/qml/QtQuick/Controls/FluentWinUI3/dark/images/rangeslider-second-handle-hovered@3x.png\n./venv/lib/python3.12/site-packages/PyQt6/Qt6/qml/QtQuick/Controls/FluentWinUI3/dark/images/rangeslider-second-handle.png\n./venv/lib/python3.12/site-packages/PyQt6/Qt6/qml/QtQuick/Controls/FluentWinUI3/dark/images/rangeslider-second-handle@2x.png\n./venv/lib/python3.12/site-packages/PyQt6/Qt6/qml/QtQuick/Controls/FluentWinUI3/dark/images/rangeslider-second-handle@3x.png\n./venv/lib/python3.12/site-packages/PyQt6/Qt6/qml/QtQuick/Controls/FluentWinUI3/dark/images/slider-groove-disabled.png\n./venv/lib/python3.12/site-packages/PyQt6/Qt6/qml/QtQuick/Controls/FluentWinUI3/dark/images/slider-groove-disabled@2x.png\n./venv/lib/python3.12/site-packages/PyQt6/Qt6/qml/QtQuick/Controls/FluentWinUI3/dark/images/slider-groove-disabled@3x.png\n./venv/lib/python3.12/site-packages/PyQt6/Qt6/qml/QtQuick/Controls/FluentWinUI3/dark/images/slider-groove-hovered.png\n./venv/lib/python3.12/site-packages/PyQt6/Qt6/qml/QtQuick/Controls/FluentWinUI3/dark/images/slider-groove-hovered@2x.png\n./venv/lib/python3.12/site-packages/PyQt6/Qt6/qml/QtQuick/Controls/FluentWinUI3/dark/images/slider-groove-hovered@3x.png\n./venv/lib/python3.12/site-packages/PyQt6/Qt6/qml/QtQuick/Controls/FluentWinUI3/dark/images/slider-groove-pressed.png\n./venv/lib/python3.12/site-packages/PyQt6/Qt6/qml/QtQuick/Controls/FluentWinUI3/dark/images/slider-groove-pressed@2x.png\n./venv/lib/python3.12/site-packages/PyQt6/Qt6/qml/QtQuick/Controls/FluentWinUI3/dark/images/slider-groove-pressed@3x.png\n./venv/lib/python3.12/site-packages/PyQt6/Qt6/qml/QtQuick/Controls/FluentWinUI3/dark/images/slider-groove.png\n./venv/lib/python3.12/site-packages/PyQt6/Qt6/qml/QtQuick/Controls/FluentWinUI3/dark/images/slider-groove@2x.png\n./venv/lib/python3.12/site-packages/PyQt6/Qt6/qml/QtQuick/Controls/FluentWinUI3/dark/images/slider-groove@3x.png\n./venv/lib/python3.12/site-packages/PyQt6/Qt6/qml/QtQuick/Controls/FluentWinUI3/dark/images/slider-handle-disabled.png\n./venv/lib/python3.12/site-packages/PyQt6/Qt6/qml/QtQuick/Controls/FluentWinUI3/dark/images/slider-handle-disabled@2x.png\n./venv/lib/python3.12/site-packages/PyQt6/Qt6/qml/QtQuick/Controls/FluentWinUI3/dark/images/slider-handle-disabled@3x.png\n./venv/lib/python3.12/site-packages/PyQt6/Qt6/qml/QtQuick/Controls/FluentWinUI3/dark/images/slider-handle-hovered.png\n./venv/lib/python3.12/site-packages/PyQt6/Qt6/qml/QtQuick/Controls/FluentWinUI3/dark/images/slider-handle-hovered@2x.png\n./venv/lib/python3.12/site-packages/PyQt6/Qt6/qml/QtQuick/Controls/FluentWinUI3/dark/images/slider-handle-hovered@3x.png\n./venv/lib/python3.12/site-packages/PyQt6/Qt6/qml/QtQuick/Controls/FluentWinUI3/dark/images/slider-handle-pressed.png\n./venv/lib/python3.12/site-packages/PyQt6/Qt6/qml/QtQuick/Controls/FluentWinUI3/dark/images/slider-handle-pressed@2x.png\n./venv/lib/python3.12/site-packages/PyQt6/Qt6/qml/QtQuick/Controls/FluentWinUI3/dark/images/slider-handle-pressed@3x.png\n./venv/lib/python3.12/site-packages/PyQt6/Qt6/qml/QtQuick/Controls/FluentWinUI3/dark/images/slider-handle.png\n./venv/lib/python3.12/site-packages/PyQt6/Qt6/qml/QtQuick/Controls/FluentWinUI3/dark/images/slider-handle@2x.png\n./venv/lib/python3.12/site-packages/PyQt6/Qt6/qml/QtQuick/Controls/FluentWinUI3/dark/images/slider-handle@3x.png\n./venv/lib/python3.12/site-packages/PyQt6/Qt6/qml/QtQuick/Controls/FluentWinUI3/dark/images/spinbox-background-atlimit.png\n./venv/lib/python3.12/site-packages/PyQt6/Qt6/qml/QtQuick/Controls/FluentWinUI3/dark/images/spinbox-background-atlimit@2x.png\n./venv/lib/python3.12/site-packages/PyQt6/Qt6/qml/QtQuick/Controls/FluentWinUI3/dark/images/spinbox-background-atlimit@3x.png\n./venv/lib/python3.12/site-packages/PyQt6/Qt6/qml/QtQuick/Controls/FluentWinUI3/dark/images/spinbox-background-disabled.png\n./venv/lib/python3.12/site-packages/PyQt6/Qt6/qml/QtQuick/Controls/FluentWinUI3/dark/images/spinbox-background-disabled@2x.png\n./venv/lib/python3.12/site-packages/PyQt6/Qt6/qml/QtQuick/Controls/FluentWinUI3/dark/images/spinbox-background-disabled@3x.png\n./venv/lib/python3.12/site-packages/PyQt6/Qt6/qml/QtQuick/Controls/FluentWinUI3/dark/images/spinbox-background-down-hovered.png\n./venv/lib/python3.12/site-packages/PyQt6/Qt6/qml/QtQuick/Controls/FluentWinUI3/dark/images/spinbox-background-down-hovered@2x.png\n./venv/lib/python3.12/site-packages/PyQt6/Qt6/qml/QtQuick/Controls/FluentWinUI3/dark/images/spinbox-background-down-hovered@3x.png\n./venv/lib/python3.12/site-packages/PyQt6/Qt6/qml/QtQuick/Controls/FluentWinUI3/dark/images/spinbox-background-down-pressed.png\n./venv/lib/python3.12/site-packages/PyQt6/Qt6/qml/QtQuick/Controls/FluentWinUI3/dark/images/spinbox-background-down-pressed@2x.png\n./venv/lib/python3.12/site-packages/PyQt6/Qt6/qml/QtQuick/Controls/FluentWinUI3/dark/images/spinbox-background-down-pressed@3x.png\n./venv/lib/python3.12/site-packages/PyQt6/Qt6/qml/QtQuick/Controls/FluentWinUI3/dark/images/spinbox-background-hovered.png\n./venv/lib/python3.12/site-packages/PyQt6/Qt6/qml/QtQuick/Controls/FluentWinUI3/dark/images/spinbox-background-hovered@2x.png\n./venv/lib/python3.12/site-packages/PyQt6/Qt6/qml/QtQuick/Controls/FluentWinUI3/dark/images/spinbox-background-hovered@3x.png\n./venv/lib/python3.12/site-packages/PyQt6/Qt6/qml/QtQuick/Controls/FluentWinUI3/dark/images/spinbox-background-up-hovered.png\n./venv/lib/python3.12/site-packages/PyQt6/Qt6/qml/QtQuick/Controls/FluentWinUI3/dark/images/spinbox-background-up-hovered@2x.png\n./venv/lib/python3.12/site-packages/PyQt6/Qt6/qml/QtQuick/Controls/FluentWinUI3/dark/images/spinbox-background-up-hovered@3x.png\n./venv/lib/python3.12/site-packages/PyQt6/Qt6/qml/QtQuick/Controls/FluentWinUI3/dark/images/spinbox-background-up-pressed.png\n./venv/lib/python3.12/site-packages/PyQt6/Qt6/qml/QtQuick/Controls/FluentWinUI3/dark/images/spinbox-background-up-pressed@2x.png\n./venv/lib/python3.12/site-packages/PyQt6/Qt6/qml/QtQuick/Controls/FluentWinUI3/dark/images/spinbox-background-up-pressed@3x.png\n./venv/lib/python3.12/site-packages/PyQt6/Qt6/qml/QtQuick/Controls/FluentWinUI3/dark/images/spinbox-background.png\n./venv/lib/python3.12/site-packages/PyQt6/Qt6/qml/QtQuick/Controls/FluentWinUI3/dark/images/spinbox-background@2x.png\n./venv/lib/python3.12/site-packages/PyQt6/Qt6/qml/QtQuick/Controls/FluentWinUI3/dark/images/spinbox-background@3x.png\n./venv/lib/python3.12/site-packages/PyQt6/Qt6/qml/QtQuick/Controls/FluentWinUI3/dark/images/spinbox-indicator-down-background-atlimit.png\n./venv/lib/python3.12/site-packages/PyQt6/Qt6/qml/QtQuick/Controls/FluentWinUI3/dark/images/spinbox-indicator-down-background-atlimit@2x.png\n./venv/lib/python3.12/site-packages/PyQt6/Qt6/qml/QtQuick/Controls/FluentWinUI3/dark/images/spinbox-indicator-down-background-atlimit@3x.png\n./venv/lib/python3.12/site-packages/PyQt6/Qt6/qml/QtQuick/Controls/FluentWinUI3/dark/images/spinbox-indicator-down-background-disabled.png\n./venv/lib/python3.12/site-packages/PyQt6/Qt6/qml/QtQuick/Controls/FluentWinUI3/dark/images/spinbox-indicator-down-background-disabled@2x.png\n./venv/lib/python3.12/site-packages/PyQt6/Qt6/qml/QtQuick/Controls/FluentWinUI3/dark/images/spinbox-indicator-down-background-disabled@3x.png\n./venv/lib/python3.12/site-packages/PyQt6/Qt6/qml/QtQuick/Controls/FluentWinUI3/dark/images/spinbox-indicator-down-background-down-hovered.png\n./venv/lib/python3.12/site-packages/PyQt6/Qt6/qml/QtQuick/Controls/FluentWinUI3/dark/images/spinbox-indicator-down-background-down-hovered@2x.png\n./venv/lib/python3.12/site-packages/PyQt6/Qt6/qml/QtQuick/Controls/FluentWinUI3/dark/images/spinbox-indicator-down-background-down-hovered@3x.png\n./venv/lib/python3.12/site-packages/PyQt6/Qt6/qml/QtQuick/Controls/FluentWinUI3/dark/images/spinbox-indicator-down-background-down-pressed.png\n./venv/lib/python3.12/site-packages/PyQt6/Qt6/qml/QtQuick/Controls/FluentWinUI3/dark/images/spinbox-indicator-down-background-down-pressed@2x.png\n./venv/lib/python3.12/site-packages/PyQt6/Qt6/qml/QtQuick/Controls/FluentWinUI3/dark/images/spinbox-indicator-down-background-down-pressed@3x.png\n./venv/lib/python3.12/site-packages/PyQt6/Qt6/qml/QtQuick/Controls/FluentWinUI3/dark/images/spinbox-indicator-down-background-hovered.png\n./venv/lib/python3.12/site-packages/PyQt6/Qt6/qml/QtQuick/Controls/FluentWinUI3/dark/images/spinbox-indicator-down-background-hovered@2x.png\n./venv/lib/python3.12/site-packages/PyQt6/Qt6/qml/QtQuick/Controls/FluentWinUI3/dark/images/spinbox-indicator-down-background-hovered@3x.png\n./venv/lib/python3.12/site-packages/PyQt6/Qt6/qml/QtQuick/Controls/FluentWinUI3/dark/images/spinbox-indicator-down-background-up-hovered.png\n./venv/lib/python3.12/site-packages/PyQt6/Qt6/qml/QtQuick/Controls/FluentWinUI3/dark/images/spinbox-indicator-down-background-up-hovered@2x.png\n./venv/lib/python3.12/site-packages/PyQt6/Qt6/qml/QtQuick/Controls/FluentWinUI3/dark/images/spinbox-indicator-down-background-up-hovered@3x.png\n./venv/lib/python3.12/site-packages/PyQt6/Qt6/qml/QtQuick/Controls/FluentWinUI3/dark/images/spinbox-indicator-down-background-up-pressed.png\n./venv/lib/python3.12/site-packages/PyQt6/Qt6/qml/QtQuick/Controls/FluentWinUI3/dark/images/spinbox-indicator-down-background-up-pressed@2x.png\n./venv/lib/python3.12/site-packages/PyQt6/Qt6/qml/QtQuick/Controls/FluentWinUI3/dark/images/spinbox-indicator-down-background-up-pressed@3x.png\n./venv/lib/python3.12/site-packages/PyQt6/Qt6/qml/QtQuick/Controls/FluentWinUI3/dark/images/spinbox-indicator-down-background.png\n./venv/lib/python3.12/site-packages/PyQt6/Qt6/qml/QtQuick/Controls/FluentWinUI3/dark/images/spinbox-indicator-down-background@2x.png\n./venv/lib/python3.12/site-packages/PyQt6/Qt6/qml/QtQuick/Controls/FluentWinUI3/dark/images/spinbox-indicator-down-background@3x.png\n./venv/lib/python3.12/site-packages/PyQt6/Qt6/qml/QtQuick/Controls/FluentWinUI3/dark/images/spinbox-indicator-down-icon-atlimit.png\n./venv/lib/python3.12/site-packages/PyQt6/Qt6/qml/QtQuick/Controls/FluentWinUI3/dark/images/spinbox-indicator-down-icon-atlimit@2x.png\n./venv/lib/python3.12/site-packages/PyQt6/Qt6/qml/QtQuick/Controls/FluentWinUI3/dark/images/spinbox-indicator-down-icon-atlimit@3x.png\n./venv/lib/python3.12/site-packages/PyQt6/Qt6/qml/QtQuick/Controls/FluentWinUI3/dark/images/spinbox-indicator-down-icon-disabled.png\n./venv/lib/python3.12/site-packages/PyQt6/Qt6/qml/QtQuick/Controls/FluentWinUI3/dark/images/spinbox-indicator-down-icon-disabled@2x.png\n./venv/lib/python3.12/site-packages/PyQt6/Qt6/qml/QtQuick/Controls/FluentWinUI3/dark/images/spinbox-indicator-down-icon-disabled@3x.png\n./venv/lib/python3.12/site-packages/PyQt6/Qt6/qml/QtQuick/Controls/FluentWinUI3/dark/images/spinbox-indicator-down-icon-down-hovered.png\n./venv/lib/python3.12/site-packages/PyQt6/Qt6/qml/QtQuick/Controls/FluentWinUI3/dark/images/spinbox-indicator-down-icon-down-hovered@2x.png\n./venv/lib/python3.12/site-packages/PyQt6/Qt6/qml/QtQuick/Controls/FluentWinUI3/dark/images/spinbox-indicator-down-icon-down-hovered@3x.png\n./venv/lib/python3.12/site-packages/PyQt6/Qt6/qml/QtQuick/Controls/FluentWinUI3/dark/images/spinbox-indicator-down-icon-down-pressed.png\n./venv/lib/python3.12/site-packages/PyQt6/Qt6/qml/QtQuick/Controls/FluentWinUI3/dark/images/spinbox-indicator-down-icon-down-pressed@2x.png\n./venv/lib/python3.12/site-packages/PyQt6/Qt6/qml/QtQuick/Controls/FluentWinUI3/dark/images/spinbox-indicator-down-icon-down-pressed@3x.png\n./venv/lib/python3.12/site-packages/PyQt6/Qt6/qml/QtQuick/Controls/FluentWinUI3/dark/images/spinbox-indicator-down-icon-hovered.png\n./venv/lib/python3.12/site-packages/PyQt6/Qt6/qml/QtQuick/Controls/FluentWinUI3/dark/images/spinbox-indicator-down-icon-hovered@2x.png\n./venv/lib/python3.12/site-packages/PyQt6/Qt6/qml/QtQuick/Controls/FluentWinUI3/dark/images/spinbox-indicator-down-icon-hovered@3x.png\n./venv/lib/python3.12/site-packages/PyQt6/Qt6/qml/QtQuick/Controls/FluentWinUI3/dark/images/spinbox-indicator-down-icon-up-hovered.png\n./venv/lib/python3.12/site-packages/PyQt6/Qt6/qml/QtQuick/Controls/FluentWinUI3/dark/images/spinbox-indicator-down-icon-up-hovered@2x.png\n./venv/lib/python3.12/site-packages/PyQt6/Qt6/qml/QtQuick/Controls/FluentWinUI3/dark/images/spinbox-indicator-down-icon-up-hovered@3x.png\n./venv/lib/python3.12/site-packages/PyQt6/Qt6/qml/QtQuick/Controls/FluentWinUI3/dark/images/spinbox-indicator-down-icon-up-pressed.png\n./venv/lib/python3.12/site-packages/PyQt6/Qt6/qml/QtQuick/Controls/FluentWinUI3/dark/images/spinbox-indicator-down-icon-up-pressed@2x.png\n./venv/lib/python3.12/site-packages/PyQt6/Qt6/qml/QtQuick/Controls/FluentWinUI3/dark/images/spinbox-indicator-down-icon-up-pressed@3x.png\n./venv/lib/python3.12/site-packages/PyQt6/Qt6/qml/QtQuick/Controls/FluentWinUI3/dark/images/spinbox-indicator-down-icon.png\n./venv/lib/python3.12/site-packages/PyQt6/Qt6/qml/QtQuick/Controls/FluentWinUI3/dark/images/spinbox-indicator-down-icon@2x.png\n./venv/lib/python3.12/site-packages/PyQt6/Qt6/qml/QtQuick/Controls/FluentWinUI3/dark/images/spinbox-indicator-down-icon@3x.png\n./venv/lib/python3.12/site-packages/PyQt6/Qt6/qml/QtQuick/Controls/FluentWinUI3/dark/images/spinbox-indicator-up-background-atlimit.png\n./venv/lib/python3.12/site-packages/PyQt6/Qt6/qml/QtQuick/Controls/FluentWinUI3/dark/images/spinbox-indicator-up-background-atlimit@2x.png\n./venv/lib/python3.12/site-packages/PyQt6/Qt6/qml/QtQuick/Controls/FluentWinUI3/dark/images/spinbox-indicator-up-background-atlimit@3x.png\n./venv/lib/python3.12/site-packages/PyQt6/Qt6/qml/QtQuick/Controls/FluentWinUI3/dark/images/spinbox-indicator-up-background-disabled.png\n./venv/lib/python3.12/site-packages/PyQt6/Qt6/qml/QtQuick/Controls/FluentWinUI3/dark/images/spinbox-indicator-up-background-disabled@2x.png\n./venv/lib/python3.12/site-packages/PyQt6/Qt6/qml/QtQuick/Controls/FluentWinUI3/dark/images/spinbox-indicator-up-background-disabled@3x.png\n./venv/lib/python3.12/site-packages/PyQt6/Qt6/qml/QtQuick/Controls/FluentWinUI3/dark/images/spinbox-indicator-up-background-down-hovered.png\n./venv/lib/python3.12/site-packages/PyQt6/Qt6/qml/QtQuick/Controls/FluentWinUI3/dark/images/spinbox-indicator-up-background-down-hovered@2x.png\n./venv/lib/python3.12/site-packages/PyQt6/Qt6/qml/QtQuick/Controls/FluentWinUI3/dark/images/spinbox-indicator-up-background-down-hovered@3x.png\n./venv/lib/python3.12/site-packages/PyQt6/Qt6/qml/QtQuick/Controls/FluentWinUI3/dark/images/spinbox-indicator-up-background-down-pressed.png\n./venv/lib/python3.12/site-packages/PyQt6/Qt6/qml/QtQuick/Controls/FluentWinUI3/dark/images/spinbox-indicator-up-background-down-pressed@2x.png\n./venv/lib/python3.12/site-packages/PyQt6/Qt6/qml/QtQuick/Controls/FluentWinUI3/dark/images/spinbox-indicator-up-background-down-pressed@3x.png\n./venv/lib/python3.12/site-packages/PyQt6/Qt6/qml/QtQuick/Controls/FluentWinUI3/dark/images/spinbox-indicator-up-background-hovered.png\n./venv/lib/python3.12/site-packages/PyQt6/Qt6/qml/QtQuick/Controls/FluentWinUI3/dark/images/spinbox-indicator-up-background-hovered@2x.png\n./venv/lib/python3.12/site-packages/PyQt6/Qt6/qml/QtQuick/Controls/FluentWinUI3/dark/images/spinbox-indicator-up-background-hovered@3x.png\n./venv/lib/python3.12/site-packages/PyQt6/Qt6/qml/QtQuick/Controls/FluentWinUI3/dark/images/spinbox-indicator-up-background-up-hovered.png\n./venv/lib/python3.12/site-packages/PyQt6/Qt6/qml/QtQuick/Controls/FluentWinUI3/dark/images/spinbox-indicator-up-background-up-hovered@2x.png\n./venv/lib/python3.12/site-packages/PyQt6/Qt6/qml/QtQuick/Controls/FluentWinUI3/dark/images/spinbox-indicator-up-background-up-hovered@3x.png\n./venv/lib/python3.12/site-packages/PyQt6/Qt6/qml/QtQuick/Controls/FluentWinUI3/dark/images/spinbox-indicator-up-background-up-pressed.png\n./venv/lib/python3.12/site-packages/PyQt6/Qt6/qml/QtQuick/Controls/FluentWinUI3/dark/images/spinbox-indicator-up-background-up-pressed@2x.png\n./venv/lib/python3.12/site-packages/PyQt6/Qt6/qml/QtQuick/Controls/FluentWinUI3/dark/images/spinbox-indicator-up-background-up-pressed@3x.png\n./venv/lib/python3.12/site-packages/PyQt6/Qt6/qml/QtQuick/Controls/FluentWinUI3/dark/images/spinbox-indicator-up-background.png\n./venv/lib/python3.12/site-packages/PyQt6/Qt6/qml/QtQuick/Controls/FluentWinUI3/dark/images/spinbox-indicator-up-background@2x.png\n./venv/lib/python3.12/site-packages/PyQt6/Qt6/qml/QtQuick/Controls/FluentWinUI3/dark/images/spinbox-indicator-up-background@3x.png\n./venv/lib/python3.12/site-packages/PyQt6/Qt6/qml/QtQuick/Controls/FluentWinUI3/dark/images/spinbox-indicator-up-icon-atlimit.png\n./venv/lib/python3.12/site-packages/PyQt6/Qt6/qml/QtQuick/Controls/FluentWinUI3/dark/images/spinbox-indicator-up-icon-atlimit@2x.png\n./venv/lib/python3.12/site-packages/PyQt6/Qt6/qml/QtQuick/Controls/FluentWinUI3/dark/images/spinbox-indicator-up-icon-atlimit@3x.png\n./venv/lib/python3.12/site-packages/PyQt6/Qt6/qml/QtQuick/Controls/FluentWinUI3/dark/images/spinbox-indicator-up-icon-disabled.png\n./venv/lib/python3.12/site-packages/PyQt6/Qt6/qml/QtQuick/Controls/FluentWinUI3/dark/images/spinbox-indicator-up-icon-disabled@2x.png\n./venv/lib/python3.12/site-packages/PyQt6/Qt6/qml/QtQuick/Controls/FluentWinUI3/dark/images/spinbox-indicator-up-icon-disabled@3x.png\n./venv/lib/python3.12/site-packages/PyQt6/Qt6/qml/QtQuick/Controls/FluentWinUI3/dark/images/spinbox-indicator-up-icon-down-hovered.png\n./venv/lib/python3.12/site-packages/PyQt6/Qt6/qml/QtQuick/Controls/FluentWinUI3/dark/images/spinbox-indicator-up-icon-down-hovered@2x.png\n./venv/lib/python3.12/site-packages/PyQt6/Qt6/qml/QtQuick/Controls/FluentWinUI3/dark/images/spinbox-indicator-up-icon-down-hovered@3x.png\n./venv/lib/python3.12/site-packages/PyQt6/Qt6/qml/QtQuick/Controls/FluentWinUI3/dark/images/spinbox-indicator-up-icon-down-pressed.png\n./venv/lib/python3.12/site-packages/PyQt6/Qt6/qml/QtQuick/Controls/FluentWinUI3/dark/images/spinbox-indicator-up-icon-down-pressed@2x.png\n./venv/lib/python3.12/site-packages/PyQt6/Qt6/qml/QtQuick/Controls/FluentWinUI3/dark/images/spinbox-indicator-up-icon-down-pressed@3x.png\n./venv/lib/python3.12/site-packages/PyQt6/Qt6/qml/QtQuick/Controls/FluentWinUI3/dark/images/spinbox-indicator-up-icon-hovered.png\n./venv/lib/python3.12/site-packages/PyQt6/Qt6/qml/QtQuick/Controls/FluentWinUI3/dark/images/spinbox-indicator-up-icon-hovered@2x.png\n./venv/lib/python3.12/site-packages/PyQt6/Qt6/qml/QtQuick/Controls/FluentWinUI3/dark/images/spinbox-indicator-up-icon-hovered@3x.png\n./venv/lib/python3.12/site-packages/PyQt6/Qt6/qml/QtQuick/Controls/FluentWinUI3/dark/images/spinbox-indicator-up-icon-up-hovered.png\n./venv/lib/python3.12/site-packages/PyQt6/Qt6/qml/QtQuick/Controls/FluentWinUI3/dark/images/spinbox-indicator-up-icon-up-hovered@2x.png\n./venv/lib/python3.12/site-packages/PyQt6/Qt6/qml/QtQuick/Controls/FluentWinUI3/dark/images/spinbox-indicator-up-icon-up-hovered@3x.png\n./venv/lib/python3.12/site-packages/PyQt6/Qt6/qml/QtQuick/Controls/FluentWinUI3/dark/images/spinbox-indicator-up-icon-up-pressed.png\n./venv/lib/python3.12/site-packages/PyQt6/Qt6/qml/QtQuick/Controls/FluentWinUI3/dark/images/spinbox-indicator-up-icon-up-pressed@2x.png\n./venv/lib/python3.12/site-packages/PyQt6/Qt6/qml/QtQuick/Controls/FluentWinUI3/dark/images/spinbox-indicator-up-icon-up-pressed@3x.png\n./venv/lib/python3.12/site-packages/PyQt6/Qt6/qml/QtQuick/Controls/FluentWinUI3/dark/images/spinbox-indicator-up-icon.png\n./venv/lib/python3.12/site-packages/PyQt6/Qt6/qml/QtQuick/Controls/FluentWinUI3/dark/images/spinbox-indicator-up-icon@2x.png\n./venv/lib/python3.12/site-packages/PyQt6/Qt6/qml/QtQuick/Controls/FluentWinUI3/dark/images/spinbox-indicator-up-icon@3x.png\n./venv/lib/python3.12/site-packages/PyQt6/Qt6/qml/QtQuick/Controls/FluentWinUI3/dark/images/textarea-background-disabled.png\n./venv/lib/python3.12/site-packages/PyQt6/Qt6/qml/QtQuick/Controls/FluentWinUI3/dark/images/textarea-background-disabled@2x.png\n./venv/lib/python3.12/site-packages/PyQt6/Qt6/qml/QtQuick/Controls/FluentWinUI3/dark/images/textarea-background-disabled@3x.png\n./venv/lib/python3.12/site-packages/PyQt6/Qt6/qml/QtQuick/Controls/FluentWinUI3/dark/images/textarea-background-focused.png\n./venv/lib/python3.12/site-packages/PyQt6/Qt6/qml/QtQuick/Controls/FluentWinUI3/dark/images/textarea-background-focused@2x.png\n./venv/lib/python3.12/site-packages/PyQt6/Qt6/qml/QtQuick/Controls/FluentWinUI3/dark/images/textarea-background-focused@3x.png\n./venv/lib/python3.12/site-packages/PyQt6/Qt6/qml/QtQuick/Controls/FluentWinUI3/dark/images/textarea-background-hovered.png\n./venv/lib/python3.12/site-packages/PyQt6/Qt6/qml/QtQuick/Controls/FluentWinUI3/dark/images/textarea-background-hovered@2x.png\n./venv/lib/python3.12/site-packages/PyQt6/Qt6/qml/QtQuick/Controls/FluentWinUI3/dark/images/textarea-background-hovered@3x.png\n./venv/lib/python3.12/site-packages/PyQt6/Qt6/qml/QtQuick/Controls/FluentWinUI3/dark/images/textarea-background.png\n./venv/lib/python3.12/site-packages/PyQt6/Qt6/qml/QtQuick/Controls/FluentWinUI3/dark/images/textarea-background@2x.png\n./venv/lib/python3.12/site-packages/PyQt6/Qt6/qml/QtQuick/Controls/FluentWinUI3/dark/images/textarea-background@3x.png\n./venv/lib/python3.12/site-packages/PyQt6/Qt6/qml/QtQuick/Controls/FluentWinUI3/dark/images/textfield-background-disabled.png\n./venv/lib/python3.12/site-packages/PyQt6/Qt6/qml/QtQuick/Controls/FluentWinUI3/dark/images/textfield-background-disabled@2x.png\n./venv/lib/python3.12/site-packages/PyQt6/Qt6/qml/QtQuick/Controls/FluentWinUI3/dark/images/textfield-background-disabled@3x.png\n./venv/lib/python3.12/site-packages/PyQt6/Qt6/qml/QtQuick/Controls/FluentWinUI3/dark/images/textfield-background-focused.png\n./venv/lib/python3.12/site-packages/PyQt6/Qt6/qml/QtQuick/Controls/FluentWinUI3/dark/images/textfield-background-focused@2x.png\n./venv/lib/python3.12/site-packages/PyQt6/Qt6/qml/QtQuick/Controls/FluentWinUI3/dark/images/textfield-background-focused@3x.png\n./venv/lib/python3.12/site-packages/PyQt6/Qt6/qml/QtQuick/Controls/FluentWinUI3/dark/images/textfield-background-hovered.png\n./venv/lib/python3.12/site-packages/PyQt6/Qt6/qml/QtQuick/Controls/FluentWinUI3/dark/images/textfield-background-hovered@2x.png\n./venv/lib/python3.12/site-packages/PyQt6/Qt6/qml/QtQuick/Controls/FluentWinUI3/dark/images/textfield-background-hovered@3x.png\n./venv/lib/python3.12/site-packages/PyQt6/Qt6/qml/QtQuick/Controls/FluentWinUI3/dark/images/textfield-background.png\n./venv/lib/python3.12/site-packages/PyQt6/Qt6/qml/QtQuick/Controls/FluentWinUI3/dark/images/textfield-background@2x.png\n./venv/lib/python3.12/site-packages/PyQt6/Qt6/qml/QtQuick/Controls/FluentWinUI3/dark/images/textfield-background@3x.png\n./venv/lib/python3.12/site-packages/PyQt6/Qt6/qml/QtQuick/Controls/macOS/BusyIndicator.qml\n./venv/lib/python3.12/site-packages/PyQt6/Qt6/qml/QtQuick/Controls/macOS/Button.qml\n./venv/lib/python3.12/site-packages/PyQt6/Qt6/qml/QtQuick/Controls/macOS/CheckBox.qml\n./venv/lib/python3.12/site-packages/PyQt6/Qt6/qml/QtQuick/Controls/macOS/CheckDelegate.qml\n./venv/lib/python3.12/site-packages/PyQt6/Qt6/qml/QtQuick/Controls/macOS/ComboBox.qml\n./venv/lib/python3.12/site-packages/PyQt6/Qt6/qml/QtQuick/Controls/macOS/DelayButton.qml\n./venv/lib/python3.12/site-packages/PyQt6/Qt6/qml/QtQuick/Controls/macOS/Dial.qml\n./venv/lib/python3.12/site-packages/PyQt6/Qt6/qml/QtQuick/Controls/macOS/Dialog.qml\n./venv/lib/python3.12/site-packages/PyQt6/Qt6/qml/QtQuick/Controls/macOS/DialogButtonBox.qml\n./venv/lib/python3.12/site-packages/PyQt6/Qt6/qml/QtQuick/Controls/macOS/Frame.qml\n./venv/lib/python3.12/site-packages/PyQt6/Qt6/qml/QtQuick/Controls/macOS/GroupBox.qml\n./venv/lib/python3.12/site-packages/PyQt6/Qt6/qml/QtQuick/Controls/macOS/ItemDelegate.qml\n./venv/lib/python3.12/site-packages/PyQt6/Qt6/qml/QtQuick/Controls/macOS/Menu.qml\n./venv/lib/python3.12/site-packages/PyQt6/Qt6/qml/QtQuick/Controls/macOS/MenuBar.qml\n./venv/lib/python3.12/site-packages/PyQt6/Qt6/qml/QtQuick/Controls/macOS/MenuBarItem.qml\n./venv/lib/python3.12/site-packages/PyQt6/Qt6/qml/QtQuick/Controls/macOS/MenuItem.qml\n./venv/lib/python3.12/site-packages/PyQt6/Qt6/qml/QtQuick/Controls/macOS/MenuSeparator.qml\n./venv/lib/python3.12/site-packages/PyQt6/Qt6/qml/QtQuick/Controls/macOS/ProgressBar.qml\n./venv/lib/python3.12/site-packages/PyQt6/Qt6/qml/QtQuick/Controls/macOS/RadioButton.qml\n./venv/lib/python3.12/site-packages/PyQt6/Qt6/qml/QtQuick/Controls/macOS/RadioDelegate.qml\n./venv/lib/python3.12/site-packages/PyQt6/Qt6/qml/QtQuick/Controls/macOS/RangeSlider.qml\n./venv/lib/python3.12/site-packages/PyQt6/Qt6/qml/QtQuick/Controls/macOS/ScrollBar.qml\n./venv/lib/python3.12/site-packages/PyQt6/Qt6/qml/QtQuick/Controls/macOS/ScrollIndicator.qml\n./venv/lib/python3.12/site-packages/PyQt6/Qt6/qml/QtQuick/Controls/macOS/ScrollView.qml\n./venv/lib/python3.12/site-packages/PyQt6/Qt6/qml/QtQuick/Controls/macOS/SearchField.qml\n./venv/lib/python3.12/site-packages/PyQt6/Qt6/qml/QtQuick/Controls/macOS/SelectionRectangle.qml\n./venv/lib/python3.12/site-packages/PyQt6/Qt6/qml/QtQuick/Controls/macOS/Slider.qml\n./venv/lib/python3.12/site-packages/PyQt6/Qt6/qml/QtQuick/Controls/macOS/SpinBox.qml\n./venv/lib/python3.12/site-packages/PyQt6/Qt6/qml/QtQuick/Controls/macOS/Switch.qml\n./venv/lib/python3.12/site-packages/PyQt6/Qt6/qml/QtQuick/Controls/macOS/SwitchDelegate.qml\n./venv/lib/python3.12/site-packages/PyQt6/Qt6/qml/QtQuick/Controls/macOS/TextArea.qml\n./venv/lib/python3.12/site-packages/PyQt6/Qt6/qml/QtQuick/Controls/macOS/TextField.qml\n./venv/lib/python3.12/site-packages/PyQt6/Qt6/qml/QtQuick/Controls/macOS/TreeViewDelegate.qml\n./venv/lib/python3.12/site-packages/PyQt6/Qt6/qml/QtQuick/Controls/macOS/libqtquickcontrols2macosstyleplugin.dylib\n./venv/lib/python3.12/site-packages/PyQt6/Qt6/qml/QtQuick/Controls/macOS/plugins.qmltypes\n./venv/lib/python3.12/site-packages/PyQt6/Qt6/qml/QtQuick/Controls/macOS/qmldir\n./venv/lib/python3.12/site-packages/PyQt6/Qt6/qml/QtQuick/Controls/macOS/impl/CheckIndicator.qml\n./venv/lib/python3.12/site-packages/PyQt6/Qt6/qml/QtQuick/Controls/macOS/impl/QuickControls2MacOSStyleImpl.qmltypes\n./venv/lib/python3.12/site-packages/PyQt6/Qt6/qml/QtQuick/Controls/macOS/impl/SliderHandle.qml\n./venv/lib/python3.12/site-packages/PyQt6/Qt6/qml/QtQuick/Controls/macOS/impl/SwitchHandle.qml\n./venv/lib/python3.12/site-packages/PyQt6/Qt6/qml/QtQuick/Controls/macOS/impl/SwitchIndicator.qml\n./venv/lib/python3.12/site-packages/PyQt6/Qt6/qml/QtQuick/Controls/macOS/impl/libqtquickcontrols2macosstyleimplplugin.dylib\n./venv/lib/python3.12/site-packages/PyQt6/Qt6/qml/QtQuick/Controls/macOS/impl/qmldir\n./venv/lib/python3.12/site-packages/PyQt6/Qt6/qml/QtQuick/Controls/macOS/images/busyindicator-dark.webp\n./venv/lib/python3.12/site-packages/PyQt6/Qt6/qml/QtQuick/Controls/macOS/images/busyindicator-dark@2x.webp\n./venv/lib/python3.12/site-packages/PyQt6/Qt6/qml/QtQuick/Controls/macOS/images/busyindicator-dark@3x.webp\n./venv/lib/python3.12/site-packages/PyQt6/Qt6/qml/QtQuick/Controls/macOS/images/busyindicator-light.webp\n./venv/lib/python3.12/site-packages/PyQt6/Qt6/qml/QtQuick/Controls/macOS/images/busyindicator-light@2x.webp\n./venv/lib/python3.12/site-packages/PyQt6/Qt6/qml/QtQuick/Controls/macOS/images/busyindicator-light@3x.webp\n./venv/lib/python3.12/site-packages/PyQt6/Qt6/qml/QtQuick/Controls/macOS/images/checkmark.png\n./venv/lib/python3.12/site-packages/PyQt6/Qt6/qml/QtQuick/Controls/macOS/images/checkmark@2x.png\n./venv/lib/python3.12/site-packages/PyQt6/Qt6/qml/QtQuick/Controls/macOS/images/checkmark@3x.png\n./venv/lib/python3.12/site-packages/PyQt6/Qt6/qml/QtQuick/Controls/macOS/images/menuarrow.png\n./venv/lib/python3.12/site-packages/PyQt6/Qt6/qml/QtQuick/Controls/macOS/images/menuarrow@2x.png\n./venv/lib/python3.12/site-packages/PyQt6/Qt6/qml/QtQuick/Controls/macOS/images/menuarrow@3x.png\n./venv/lib/python3.12/site-packages/PyQt6/Qt6/qml/QtQuick/Controls/Universal/ApplicationWindow.qml\n./venv/lib/python3.12/site-packages/PyQt6/Qt6/qml/QtQuick/Controls/Universal/BusyIndicator.qml\n./venv/lib/python3.12/site-packages/PyQt6/Qt6/qml/QtQuick/Controls/Universal/Button.qml\n./venv/lib/python3.12/site-packages/PyQt6/Qt6/qml/QtQuick/Controls/Universal/CheckBox.qml\n./venv/lib/python3.12/site-packages/PyQt6/Qt6/qml/QtQuick/Controls/Universal/CheckDelegate.qml\n./venv/lib/python3.12/site-packages/PyQt6/Qt6/qml/QtQuick/Controls/Universal/ComboBox.qml\n./venv/lib/python3.12/site-packages/PyQt6/Qt6/qml/QtQuick/Controls/Universal/DelayButton.qml\n./venv/lib/python3.12/site-packages/PyQt6/Qt6/qml/QtQuick/Controls/Universal/Dial.qml\n./venv/lib/python3.12/site-packages/PyQt6/Qt6/qml/QtQuick/Controls/Universal/Dialog.qml\n./venv/lib/python3.12/site-packages/PyQt6/Qt6/qml/QtQuick/Controls/Universal/DialogButtonBox.qml\n./venv/lib/python3.12/site-packages/PyQt6/Qt6/qml/QtQuick/Controls/Universal/Drawer.qml\n./venv/lib/python3.12/site-packages/PyQt6/Qt6/qml/QtQuick/Controls/Universal/Frame.qml\n./venv/lib/python3.12/site-packages/PyQt6/Qt6/qml/QtQuick/Controls/Universal/GroupBox.qml\n./venv/lib/python3.12/site-packages/PyQt6/Qt6/qml/QtQuick/Controls/Universal/HorizontalHeaderView.qml\n./venv/lib/python3.12/site-packages/PyQt6/Qt6/qml/QtQuick/Controls/Universal/HorizontalHeaderViewDelegate.qml\n./venv/lib/python3.12/site-packages/PyQt6/Qt6/qml/QtQuick/Controls/Universal/ItemDelegate.qml\n./venv/lib/python3.12/site-packages/PyQt6/Qt6/qml/QtQuick/Controls/Universal/Label.qml\n./venv/lib/python3.12/site-packages/PyQt6/Qt6/qml/QtQuick/Controls/Universal/Menu.qml\n./venv/lib/python3.12/site-packages/PyQt6/Qt6/qml/QtQuick/Controls/Universal/MenuBar.qml\n./venv/lib/python3.12/site-packages/PyQt6/Qt6/qml/QtQuick/Controls/Universal/MenuBarItem.qml\n./venv/lib/python3.12/site-packages/PyQt6/Qt6/qml/QtQuick/Controls/Universal/MenuItem.qml\n./venv/lib/python3.12/site-packages/PyQt6/Qt6/qml/QtQuick/Controls/Universal/MenuSeparator.qml\n./venv/lib/python3.12/site-packages/PyQt6/Qt6/qml/QtQuick/Controls/Universal/Page.qml\n./venv/lib/python3.12/site-packages/PyQt6/Qt6/qml/QtQuick/Controls/Universal/PageIndicator.qml\n./venv/lib/python3.12/site-packages/PyQt6/Qt6/qml/QtQuick/Controls/Universal/Pane.qml\n./venv/lib/python3.12/site-packages/PyQt6/Qt6/qml/QtQuick/Controls/Universal/Popup.qml\n./venv/lib/python3.12/site-packages/PyQt6/Qt6/qml/QtQuick/Controls/Universal/ProgressBar.qml\n./venv/lib/python3.12/site-packages/PyQt6/Qt6/qml/QtQuick/Controls/Universal/RadioButton.qml\n./venv/lib/python3.12/site-packages/PyQt6/Qt6/qml/QtQuick/Controls/Universal/RadioDelegate.qml\n./venv/lib/python3.12/site-packages/PyQt6/Qt6/qml/QtQuick/Controls/Universal/RangeSlider.qml\n./venv/lib/python3.12/site-packages/PyQt6/Qt6/qml/QtQuick/Controls/Universal/RoundButton.qml\n./venv/lib/python3.12/site-packages/PyQt6/Qt6/qml/QtQuick/Controls/Universal/ScrollBar.qml\n./venv/lib/python3.12/site-packages/PyQt6/Qt6/qml/QtQuick/Controls/Universal/ScrollIndicator.qml\n./venv/lib/python3.12/site-packages/PyQt6/Qt6/qml/QtQuick/Controls/Universal/ScrollView.qml\n./venv/lib/python3.12/site-packages/PyQt6/Qt6/qml/QtQuick/Controls/Universal/SearchField.qml\n./venv/lib/python3.12/site-packages/PyQt6/Qt6/qml/QtQuick/Controls/Universal/SelectionRectangle.qml\n./venv/lib/python3.12/site-packages/PyQt6/Qt6/qml/QtQuick/Controls/Universal/Slider.qml\n./venv/lib/python3.12/site-packages/PyQt6/Qt6/qml/QtQuick/Controls/Universal/SpinBox.qml\n./venv/lib/python3.12/site-packages/PyQt6/Qt6/qml/QtQuick/Controls/Universal/SplitView.qml\n./venv/lib/python3.12/site-packages/PyQt6/Qt6/qml/QtQuick/Controls/Universal/StackView.qml\n./venv/lib/python3.12/site-packages/PyQt6/Qt6/qml/QtQuick/Controls/Universal/SwipeDelegate.qml\n./venv/lib/python3.12/site-packages/PyQt6/Qt6/qml/QtQuick/Controls/Universal/Switch.qml\n./venv/lib/python3.12/site-packages/PyQt6/Qt6/qml/QtQuick/Controls/Universal/SwitchDelegate.qml\n./venv/lib/python3.12/site-packages/PyQt6/Qt6/qml/QtQuick/Controls/Universal/TabBar.qml\n./venv/lib/python3.12/site-packages/PyQt6/Qt6/qml/QtQuick/Controls/Universal/TabButton.qml\n./venv/lib/python3.12/site-packages/PyQt6/Qt6/qml/QtQuick/Controls/Universal/TextArea.qml\n./venv/lib/python3.12/site-packages/PyQt6/Qt6/qml/QtQuick/Controls/Universal/TextField.qml\n./venv/lib/python3.12/site-packages/PyQt6/Qt6/qml/QtQuick/Controls/Universal/ToolBar.qml\n./venv/lib/python3.12/site-packages/PyQt6/Qt6/qml/QtQuick/Controls/Universal/ToolButton.qml\n./venv/lib/python3.12/site-packages/PyQt6/Qt6/qml/QtQuick/Controls/Universal/ToolSeparator.qml\n./venv/lib/python3.12/site-packages/PyQt6/Qt6/qml/QtQuick/Controls/Universal/ToolTip.qml\n./venv/lib/python3.12/site-packages/PyQt6/Qt6/qml/QtQuick/Controls/Universal/Tumbler.qml\n./venv/lib/python3.12/site-packages/PyQt6/Qt6/qml/QtQuick/Controls/Universal/VerticalHeaderView.qml\n./venv/lib/python3.12/site-packages/PyQt6/Qt6/qml/QtQuick/Controls/Universal/VerticalHeaderViewDelegate.qml\n./venv/lib/python3.12/site-packages/PyQt6/Qt6/qml/QtQuick/Controls/Universal/libqtquickcontrols2universalstyleplugin.dylib\n./venv/lib/python3.12/site-packages/PyQt6/Qt6/qml/QtQuick/Controls/Universal/plugins.qmltypes\n./venv/lib/python3.12/site-packages/PyQt6/Qt6/qml/QtQuick/Controls/Universal/qmldir\n./venv/lib/python3.12/site-packages/PyQt6/Qt6/qml/QtQuick/Controls/Universal/impl/CheckIndicator.qml\n./venv/lib/python3.12/site-packages/PyQt6/Qt6/qml/QtQuick/Controls/Universal/impl/RadioIndicator.qml\n./venv/lib/python3.12/site-packages/PyQt6/Qt6/qml/QtQuick/Controls/Universal/impl/SwitchIndicator.qml\n./venv/lib/python3.12/site-packages/PyQt6/Qt6/qml/QtQuick/Controls/Universal/impl/libqtquickcontrols2universalstyleimplplugin.dylib\n./venv/lib/python3.12/site-packages/PyQt6/Qt6/qml/QtQuick/Controls/Universal/impl/plugins.qmltypes\n./venv/lib/python3.12/site-packages/PyQt6/Qt6/qml/QtQuick/Controls/Universal/impl/qmldir\n./venv/lib/python3.12/site-packages/PyQt6/Qt6/qml/QtQuick/Controls/Basic/AbstractButton.qml\n./venv/lib/python3.12/site-packages/PyQt6/Qt6/qml/QtQuick/Controls/Basic/Action.qml\n./venv/lib/python3.12/site-packages/PyQt6/Qt6/qml/QtQuick/Controls/Basic/ActionGroup.qml\n./venv/lib/python3.12/site-packages/PyQt6/Qt6/qml/QtQuick/Controls/Basic/ApplicationWindow.qml\n./venv/lib/python3.12/site-packages/PyQt6/Qt6/qml/QtQuick/Controls/Basic/BusyIndicator.qml\n./venv/lib/python3.12/site-packages/PyQt6/Qt6/qml/QtQuick/Controls/Basic/Button.qml\n./venv/lib/python3.12/site-packages/PyQt6/Qt6/qml/QtQuick/Controls/Basic/ButtonGroup.qml\n./venv/lib/python3.12/site-packages/PyQt6/Qt6/qml/QtQuick/Controls/Basic/Calendar.qml\n./venv/lib/python3.12/site-packages/PyQt6/Qt6/qml/QtQuick/Controls/Basic/CalendarModel.qml\n./venv/lib/python3.12/site-packages/PyQt6/Qt6/qml/QtQuick/Controls/Basic/CheckBox.qml\n./venv/lib/python3.12/site-packages/PyQt6/Qt6/qml/QtQuick/Controls/Basic/CheckDelegate.qml\n./venv/lib/python3.12/site-packages/PyQt6/Qt6/qml/QtQuick/Controls/Basic/ComboBox.qml\n./venv/lib/python3.12/site-packages/PyQt6/Qt6/qml/QtQuick/Controls/Basic/Container.qml\n./venv/lib/python3.12/site-packages/PyQt6/Qt6/qml/QtQuick/Controls/Basic/Control.qml\n./venv/lib/python3.12/site-packages/PyQt6/Qt6/qml/QtQuick/Controls/Basic/DayOfWeekRow.qml\n./venv/lib/python3.12/site-packages/PyQt6/Qt6/qml/QtQuick/Controls/Basic/DelayButton.qml\n./venv/lib/python3.12/site-packages/PyQt6/Qt6/qml/QtQuick/Controls/Basic/Dial.qml\n./venv/lib/python3.12/site-packages/PyQt6/Qt6/qml/QtQuick/Controls/Basic/Dialog.qml\n./venv/lib/python3.12/site-packages/PyQt6/Qt6/qml/QtQuick/Controls/Basic/DialogButtonBox.qml\n./venv/lib/python3.12/site-packages/PyQt6/Qt6/qml/QtQuick/Controls/Basic/Drawer.qml\n./venv/lib/python3.12/site-packages/PyQt6/Qt6/qml/QtQuick/Controls/Basic/Frame.qml\n./venv/lib/python3.12/site-packages/PyQt6/Qt6/qml/QtQuick/Controls/Basic/GroupBox.qml\n./venv/lib/python3.12/site-packages/PyQt6/Qt6/qml/QtQuick/Controls/Basic/HorizontalHeaderView.qml\n./venv/lib/python3.12/site-packages/PyQt6/Qt6/qml/QtQuick/Controls/Basic/HorizontalHeaderViewDelegate.qml\n./venv/lib/python3.12/site-packages/PyQt6/Qt6/qml/QtQuick/Controls/Basic/ItemDelegate.qml\n./venv/lib/python3.12/site-packages/PyQt6/Qt6/qml/QtQuick/Controls/Basic/Label.qml\n./venv/lib/python3.12/site-packages/PyQt6/Qt6/qml/QtQuick/Controls/Basic/Menu.qml\n./venv/lib/python3.12/site-packages/PyQt6/Qt6/qml/QtQuick/Controls/Basic/MenuBar.qml\n./venv/lib/python3.12/site-packages/PyQt6/Qt6/qml/QtQuick/Controls/Basic/MenuBarItem.qml\n./venv/lib/python3.12/site-packages/PyQt6/Qt6/qml/QtQuick/Controls/Basic/MenuItem.qml\n./venv/lib/python3.12/site-packages/PyQt6/Qt6/qml/QtQuick/Controls/Basic/MenuSeparator.qml\n./venv/lib/python3.12/site-packages/PyQt6/Qt6/qml/QtQuick/Controls/Basic/MonthGrid.qml\n./venv/lib/python3.12/site-packages/PyQt6/Qt6/qml/QtQuick/Controls/Basic/Page.qml\n./venv/lib/python3.12/site-packages/PyQt6/Qt6/qml/QtQuick/Controls/Basic/PageIndicator.qml\n./venv/lib/python3.12/site-packages/PyQt6/Qt6/qml/QtQuick/Controls/Basic/Pane.qml\n./venv/lib/python3.12/site-packages/PyQt6/Qt6/qml/QtQuick/Controls/Basic/Popup.qml\n./venv/lib/python3.12/site-packages/PyQt6/Qt6/qml/QtQuick/Controls/Basic/ProgressBar.qml\n./venv/lib/python3.12/site-packages/PyQt6/Qt6/qml/QtQuick/Controls/Basic/RadioButton.qml\n./venv/lib/python3.12/site-packages/PyQt6/Qt6/qml/QtQuick/Controls/Basic/RadioDelegate.qml\n./venv/lib/python3.12/site-packages/PyQt6/Qt6/qml/QtQuick/Controls/Basic/RangeSlider.qml\n./venv/lib/python3.12/site-packages/PyQt6/Qt6/qml/QtQuick/Controls/Basic/RoundButton.qml\n./venv/lib/python3.12/site-packages/PyQt6/Qt6/qml/QtQuick/Controls/Basic/ScrollBar.qml\n./venv/lib/python3.12/site-packages/PyQt6/Qt6/qml/QtQuick/Controls/Basic/ScrollIndicator.qml\n./venv/lib/python3.12/site-packages/PyQt6/Qt6/qml/QtQuick/Controls/Basic/ScrollView.qml\n./venv/lib/python3.12/site-packages/PyQt6/Qt6/qml/QtQuick/Controls/Basic/SearchField.qml\n./venv/lib/python3.12/site-packages/PyQt6/Qt6/qml/QtQuick/Controls/Basic/SelectionRectangle.qml\n./venv/lib/python3.12/site-packages/PyQt6/Qt6/qml/QtQuick/Controls/Basic/Slider.qml\n./venv/lib/python3.12/site-packages/PyQt6/Qt6/qml/QtQuick/Controls/Basic/SpinBox.qml\n./venv/lib/python3.12/site-packages/PyQt6/Qt6/qml/QtQuick/Controls/Basic/SplitView.qml\n./venv/lib/python3.12/site-packages/PyQt6/Qt6/qml/QtQuick/Controls/Basic/StackView.qml\n./venv/lib/python3.12/site-packages/PyQt6/Qt6/qml/QtQuick/Controls/Basic/SwipeDelegate.qml\n./venv/lib/python3.12/site-packages/PyQt6/Qt6/qml/QtQuick/Controls/Basic/SwipeView.qml\n./venv/lib/python3.12/site-packages/PyQt6/Qt6/qml/QtQuick/Controls/Basic/Switch.qml\n./venv/lib/python3.12/site-packages/PyQt6/Qt6/qml/QtQuick/Controls/Basic/SwitchDelegate.qml\n./venv/lib/python3.12/site-packages/PyQt6/Qt6/qml/QtQuick/Controls/Basic/TabBar.qml\n./venv/lib/python3.12/site-packages/PyQt6/Qt6/qml/QtQuick/Controls/Basic/TabButton.qml\n./venv/lib/python3.12/site-packages/PyQt6/Qt6/qml/QtQuick/Controls/Basic/TableViewDelegate.qml\n./venv/lib/python3.12/site-packages/PyQt6/Qt6/qml/QtQuick/Controls/Basic/TextArea.qml\n./venv/lib/python3.12/site-packages/PyQt6/Qt6/qml/QtQuick/Controls/Basic/TextField.qml\n./venv/lib/python3.12/site-packages/PyQt6/Qt6/qml/QtQuick/Controls/Basic/ToolBar.qml\n./venv/lib/python3.12/site-packages/PyQt6/Qt6/qml/QtQuick/Controls/Basic/ToolButton.qml\n./venv/lib/python3.12/site-packages/PyQt6/Qt6/qml/QtQuick/Controls/Basic/ToolSeparator.qml\n./venv/lib/python3.12/site-packages/PyQt6/Qt6/qml/QtQuick/Controls/Basic/ToolTip.qml\n./venv/lib/python3.12/site-packages/PyQt6/Qt6/qml/QtQuick/Controls/Basic/TreeViewDelegate.qml\n./venv/lib/python3.12/site-packages/PyQt6/Qt6/qml/QtQuick/Controls/Basic/Tumbler.qml\n./venv/lib/python3.12/site-packages/PyQt6/Qt6/qml/QtQuick/Controls/Basic/VerticalHeaderView.qml\n./venv/lib/python3.12/site-packages/PyQt6/Qt6/qml/QtQuick/Controls/Basic/VerticalHeaderViewDelegate.qml\n./venv/lib/python3.12/site-packages/PyQt6/Qt6/qml/QtQuick/Controls/Basic/WeekNumberColumn.qml\n./venv/lib/python3.12/site-packages/PyQt6/Qt6/qml/QtQuick/Controls/Basic/libqtquickcontrols2basicstyleplugin.dylib\n./venv/lib/python3.12/site-packages/PyQt6/Qt6/qml/QtQuick/Controls/Basic/plugins.qmltypes\n./venv/lib/python3.12/site-packages/PyQt6/Qt6/qml/QtQuick/Controls/Basic/qmldir\n./venv/lib/python3.12/site-packages/PyQt6/Qt6/qml/QtQuick/Controls/Basic/impl/libqtquickcontrols2basicstyleimplplugin.dylib\n./venv/lib/python3.12/site-packages/PyQt6/Qt6/qml/QtQuick/Controls/Basic/impl/plugins.qmltypes\n./venv/lib/python3.12/site-packages/PyQt6/Qt6/qml/QtQuick/Controls/Basic/impl/qmldir\n./venv/lib/python3.12/site-packages/PyQt6/Qt6/qml/QtQuick/Controls/iOS/ApplicationWindow.qml\n./venv/lib/python3.12/site-packages/PyQt6/Qt6/qml/QtQuick/Controls/iOS/BusyIndicator.qml\n./venv/lib/python3.12/site-packages/PyQt6/Qt6/qml/QtQuick/Controls/iOS/Button.qml\n./venv/lib/python3.12/site-packages/PyQt6/Qt6/qml/QtQuick/Controls/iOS/CheckBox.qml\n./venv/lib/python3.12/site-packages/PyQt6/Qt6/qml/QtQuick/Controls/iOS/CheckDelegate.qml\n./venv/lib/python3.12/site-packages/PyQt6/Qt6/qml/QtQuick/Controls/iOS/ComboBox.qml\n./venv/lib/python3.12/site-packages/PyQt6/Qt6/qml/QtQuick/Controls/iOS/DelayButton.qml\n./venv/lib/python3.12/site-packages/PyQt6/Qt6/qml/QtQuick/Controls/iOS/Dial.qml\n./venv/lib/python3.12/site-packages/PyQt6/Qt6/qml/QtQuick/Controls/iOS/Dialog.qml\n./venv/lib/python3.12/site-packages/PyQt6/Qt6/qml/QtQuick/Controls/iOS/DialogButtonBox.qml\n./venv/lib/python3.12/site-packages/PyQt6/Qt6/qml/QtQuick/Controls/iOS/Drawer.qml\n./venv/lib/python3.12/site-packages/PyQt6/Qt6/qml/QtQuick/Controls/iOS/Frame.qml\n./venv/lib/python3.12/site-packages/PyQt6/Qt6/qml/QtQuick/Controls/iOS/GroupBox.qml\n./venv/lib/python3.12/site-packages/PyQt6/Qt6/qml/QtQuick/Controls/iOS/HorizontalHeaderView.qml\n./venv/lib/python3.12/site-packages/PyQt6/Qt6/qml/QtQuick/Controls/iOS/HorizontalHeaderViewDelegate.qml\n./venv/lib/python3.12/site-packages/PyQt6/Qt6/qml/QtQuick/Controls/iOS/ItemDelegate.qml\n./venv/lib/python3.12/site-packages/PyQt6/Qt6/qml/QtQuick/Controls/iOS/Menu.qml\n./venv/lib/python3.12/site-packages/PyQt6/Qt6/qml/QtQuick/Controls/iOS/MenuBar.qml\n./venv/lib/python3.12/site-packages/PyQt6/Qt6/qml/QtQuick/Controls/iOS/MenuBarItem.qml\n./venv/lib/python3.12/site-packages/PyQt6/Qt6/qml/QtQuick/Controls/iOS/MenuItem.qml\n./venv/lib/python3.12/site-packages/PyQt6/Qt6/qml/QtQuick/Controls/iOS/MenuSeparator.qml\n./venv/lib/python3.12/site-packages/PyQt6/Qt6/qml/QtQuick/Controls/iOS/PageIndicator.qml\n./venv/lib/python3.12/site-packages/PyQt6/Qt6/qml/QtQuick/Controls/iOS/Popup.qml\n./venv/lib/python3.12/site-packages/PyQt6/Qt6/qml/QtQuick/Controls/iOS/ProgressBar.qml\n./venv/lib/python3.12/site-packages/PyQt6/Qt6/qml/QtQuick/Controls/iOS/RadioButton.qml\n./venv/lib/python3.12/site-packages/PyQt6/Qt6/qml/QtQuick/Controls/iOS/RadioDelegate.qml\n./venv/lib/python3.12/site-packages/PyQt6/Qt6/qml/QtQuick/Controls/iOS/RangeSlider.qml\n./venv/lib/python3.12/site-packages/PyQt6/Qt6/qml/QtQuick/Controls/iOS/ScrollBar.qml\n./venv/lib/python3.12/site-packages/PyQt6/Qt6/qml/QtQuick/Controls/iOS/ScrollIndicator.qml\n./venv/lib/python3.12/site-packages/PyQt6/Qt6/qml/QtQuick/Controls/iOS/SearchField.qml\n./venv/lib/python3.12/site-packages/PyQt6/Qt6/qml/QtQuick/Controls/iOS/SelectionRectangle.qml\n./venv/lib/python3.12/site-packages/PyQt6/Qt6/qml/QtQuick/Controls/iOS/Slider.qml\n./venv/lib/python3.12/site-packages/PyQt6/Qt6/qml/QtQuick/Controls/iOS/SpinBox.qml\n./venv/lib/python3.12/site-packages/PyQt6/Qt6/qml/QtQuick/Controls/iOS/SplitView.qml\n./venv/lib/python3.12/site-packages/PyQt6/Qt6/qml/QtQuick/Controls/iOS/StackView.qml\n./venv/lib/python3.12/site-packages/PyQt6/Qt6/qml/QtQuick/Controls/iOS/SwipeDelegate.qml\n./venv/lib/python3.12/site-packages/PyQt6/Qt6/qml/QtQuick/Controls/iOS/Switch.qml\n./venv/lib/python3.12/site-packages/PyQt6/Qt6/qml/QtQuick/Controls/iOS/SwitchDelegate.qml\n./venv/lib/python3.12/site-packages/PyQt6/Qt6/qml/QtQuick/Controls/iOS/TabBar.qml\n./venv/lib/python3.12/site-packages/PyQt6/Qt6/qml/QtQuick/Controls/iOS/TabButton.qml\n./venv/lib/python3.12/site-packages/PyQt6/Qt6/qml/QtQuick/Controls/iOS/TextArea.qml\n./venv/lib/python3.12/site-packages/PyQt6/Qt6/qml/QtQuick/Controls/iOS/TextField.qml\n./venv/lib/python3.12/site-packages/PyQt6/Qt6/qml/QtQuick/Controls/iOS/ToolBar.qml\n./venv/lib/python3.12/site-packages/PyQt6/Qt6/qml/QtQuick/Controls/iOS/ToolButton.qml\n./venv/lib/python3.12/site-packages/PyQt6/Qt6/qml/QtQuick/Controls/iOS/ToolSeparator.qml\n./venv/lib/python3.12/site-packages/PyQt6/Qt6/qml/QtQuick/Controls/iOS/ToolTip.qml\n./venv/lib/python3.12/site-packages/PyQt6/Qt6/qml/QtQuick/Controls/iOS/TreeViewDelegate.qml\n./venv/lib/python3.12/site-packages/PyQt6/Qt6/qml/QtQuick/Controls/iOS/VerticalHeaderView.qml\n./venv/lib/python3.12/site-packages/PyQt6/Qt6/qml/QtQuick/Controls/iOS/VerticalHeaderViewDelegate.qml\n./venv/lib/python3.12/site-packages/PyQt6/Qt6/qml/QtQuick/Controls/iOS/libqtquickcontrols2iosstyleplugin.dylib\n./venv/lib/python3.12/site-packages/PyQt6/Qt6/qml/QtQuick/Controls/iOS/plugins.qmltypes\n./venv/lib/python3.12/site-packages/PyQt6/Qt6/qml/QtQuick/Controls/iOS/qmldir\n./venv/lib/python3.12/site-packages/PyQt6/Qt6/qml/QtQuick/Controls/iOS/impl/CursorDelegate.qml\n./venv/lib/python3.12/site-packages/PyQt6/Qt6/qml/QtQuick/Controls/iOS/impl/DialogButtonBoxDelegate.qml\n./venv/lib/python3.12/site-packages/PyQt6/Qt6/qml/QtQuick/Controls/iOS/impl/libqtquickcontrols2iosstyleimplplugin.dylib\n./venv/lib/python3.12/site-packages/PyQt6/Qt6/qml/QtQuick/Controls/iOS/impl/plugins.qmltypes\n./venv/lib/python3.12/site-packages/PyQt6/Qt6/qml/QtQuick/Controls/iOS/impl/qmldir\n./venv/lib/python3.12/site-packages/PyQt6/Qt6/qml/QtQuick/Controls/designer/AbstractButtonSection.qml\n./venv/lib/python3.12/site-packages/PyQt6/Qt6/qml/QtQuick/Controls/designer/BusyIndicatorSpecifics.qml\n./venv/lib/python3.12/site-packages/PyQt6/Qt6/qml/QtQuick/Controls/designer/ButtonSection.qml\n./venv/lib/python3.12/site-packages/PyQt6/Qt6/qml/QtQuick/Controls/designer/ButtonSpecifics.qml\n./venv/lib/python3.12/site-packages/PyQt6/Qt6/qml/QtQuick/Controls/designer/CheckBoxSpecifics.qml\n./venv/lib/python3.12/site-packages/PyQt6/Qt6/qml/QtQuick/Controls/designer/CheckDelegateSpecifics.qml\n./venv/lib/python3.12/site-packages/PyQt6/Qt6/qml/QtQuick/Controls/designer/CheckSection.qml\n./venv/lib/python3.12/site-packages/PyQt6/Qt6/qml/QtQuick/Controls/designer/ComboBoxSpecifics.qml\n./venv/lib/python3.12/site-packages/PyQt6/Qt6/qml/QtQuick/Controls/designer/ContainerSection.qml\n./venv/lib/python3.12/site-packages/PyQt6/Qt6/qml/QtQuick/Controls/designer/ControlSection.qml\n./venv/lib/python3.12/site-packages/PyQt6/Qt6/qml/QtQuick/Controls/designer/ControlSpecifics.qml\n./venv/lib/python3.12/site-packages/PyQt6/Qt6/qml/QtQuick/Controls/designer/DelayButtonSpecifics.qml\n./venv/lib/python3.12/site-packages/PyQt6/Qt6/qml/QtQuick/Controls/designer/DialSpecifics.qml\n./venv/lib/python3.12/site-packages/PyQt6/Qt6/qml/QtQuick/Controls/designer/FrameSpecifics.qml\n./venv/lib/python3.12/site-packages/PyQt6/Qt6/qml/QtQuick/Controls/designer/GroupBoxSpecifics.qml\n./venv/lib/python3.12/site-packages/PyQt6/Qt6/qml/QtQuick/Controls/designer/InsetSection.qml\n./venv/lib/python3.12/site-packages/PyQt6/Qt6/qml/QtQuick/Controls/designer/ItemDelegateSection.qml\n./venv/lib/python3.12/site-packages/PyQt6/Qt6/qml/QtQuick/Controls/designer/ItemDelegateSpecifics.qml\n./venv/lib/python3.12/site-packages/PyQt6/Qt6/qml/QtQuick/Controls/designer/LabelSpecifics.qml\n./venv/lib/python3.12/site-packages/PyQt6/Qt6/qml/QtQuick/Controls/designer/PaddingSection.qml\n./venv/lib/python3.12/site-packages/PyQt6/Qt6/qml/QtQuick/Controls/designer/PageIndicatorSpecifics.qml\n./venv/lib/python3.12/site-packages/PyQt6/Qt6/qml/QtQuick/Controls/designer/PageSpecifics.qml\n./venv/lib/python3.12/site-packages/PyQt6/Qt6/qml/QtQuick/Controls/designer/PaneSection.qml\n./venv/lib/python3.12/site-packages/PyQt6/Qt6/qml/QtQuick/Controls/designer/PaneSpecifics.qml\n./venv/lib/python3.12/site-packages/PyQt6/Qt6/qml/QtQuick/Controls/designer/ProgressBarSpecifics.qml\n./venv/lib/python3.12/site-packages/PyQt6/Qt6/qml/QtQuick/Controls/designer/RadioButtonSpecifics.qml\n./venv/lib/python3.12/site-packages/PyQt6/Qt6/qml/QtQuick/Controls/designer/RadioDelegateSpecifics.qml\n./venv/lib/python3.12/site-packages/PyQt6/Qt6/qml/QtQuick/Controls/designer/RangeSliderSpecifics.qml\n./venv/lib/python3.12/site-packages/PyQt6/Qt6/qml/QtQuick/Controls/designer/RoundButtonSpecifics.qml\n./venv/lib/python3.12/site-packages/PyQt6/Qt6/qml/QtQuick/Controls/designer/ScrollViewSpecifics.qml\n./venv/lib/python3.12/site-packages/PyQt6/Qt6/qml/QtQuick/Controls/designer/SliderSpecifics.qml\n./venv/lib/python3.12/site-packages/PyQt6/Qt6/qml/QtQuick/Controls/designer/SpinBoxSpecifics.qml\n./venv/lib/python3.12/site-packages/PyQt6/Qt6/qml/QtQuick/Controls/designer/StackViewSpecifics.qml\n./venv/lib/python3.12/site-packages/PyQt6/Qt6/qml/QtQuick/Controls/designer/SwipeDelegateSpecifics.qml\n./venv/lib/python3.12/site-packages/PyQt6/Qt6/qml/QtQuick/Controls/designer/SwipeViewSpecifics.qml\n./venv/lib/python3.12/site-packages/PyQt6/Qt6/qml/QtQuick/Controls/designer/SwitchDelegateSpecifics.qml\n./venv/lib/python3.12/site-packages/PyQt6/Qt6/qml/QtQuick/Controls/designer/SwitchSpecifics.qml\n./venv/lib/python3.12/site-packages/PyQt6/Qt6/qml/QtQuick/Controls/designer/TabBarSpecifics.qml\n./venv/lib/python3.12/site-packages/PyQt6/Qt6/qml/QtQuick/Controls/designer/TabButtonSpecifics.qml\n./venv/lib/python3.12/site-packages/PyQt6/Qt6/qml/QtQuick/Controls/designer/TextAreaSpecifics.qml\n./venv/lib/python3.12/site-packages/PyQt6/Qt6/qml/QtQuick/Controls/designer/TextFieldSpecifics.qml\n./venv/lib/python3.12/site-packages/PyQt6/Qt6/qml/QtQuick/Controls/designer/ToolBarSpecifics.qml\n./venv/lib/python3.12/site-packages/PyQt6/Qt6/qml/QtQuick/Controls/designer/ToolButtonSpecifics.qml\n./venv/lib/python3.12/site-packages/PyQt6/Qt6/qml/QtQuick/Controls/designer/ToolSeparatorSpecifics.qml\n./venv/lib/python3.12/site-packages/PyQt6/Qt6/qml/QtQuick/Controls/designer/TumblerSpecifics.qml\n./venv/lib/python3.12/site-packages/PyQt6/Qt6/qml/QtQuick/Controls/designer/qtquickcontrols2.metainfo\n./venv/lib/python3.12/site-packages/PyQt6/Qt6/qml/QtQuick/Controls/designer/images/busyindicator-icon.png\n./venv/lib/python3.12/site-packages/PyQt6/Qt6/qml/QtQuick/Controls/designer/images/busyindicator-icon16.png\n./venv/lib/python3.12/site-packages/PyQt6/Qt6/qml/QtQuick/Controls/designer/images/busyindicator-icon@2x.png\n./venv/lib/python3.12/site-packages/PyQt6/Qt6/qml/QtQuick/Controls/designer/images/button-icon.png\n./venv/lib/python3.12/site-packages/PyQt6/Qt6/qml/QtQuick/Controls/designer/images/button-icon16.png\n./venv/lib/python3.12/site-packages/PyQt6/Qt6/qml/QtQuick/Controls/designer/images/button-icon@2x.png\n./venv/lib/python3.12/site-packages/PyQt6/Qt6/qml/QtQuick/Controls/designer/images/checkbox-icon.png\n./venv/lib/python3.12/site-packages/PyQt6/Qt6/qml/QtQuick/Controls/designer/images/checkbox-icon16.png\n./venv/lib/python3.12/site-packages/PyQt6/Qt6/qml/QtQuick/Controls/designer/images/checkbox-icon@2x.png\n./venv/lib/python3.12/site-packages/PyQt6/Qt6/qml/QtQuick/Controls/designer/images/combobox-icon.png\n./venv/lib/python3.12/site-packages/PyQt6/Qt6/qml/QtQuick/Controls/designer/images/combobox-icon16.png\n./venv/lib/python3.12/site-packages/PyQt6/Qt6/qml/QtQuick/Controls/designer/images/combobox-icon@2x.png\n./venv/lib/python3.12/site-packages/PyQt6/Qt6/qml/QtQuick/Controls/designer/images/control-icon.png\n./venv/lib/python3.12/site-packages/PyQt6/Qt6/qml/QtQuick/Controls/designer/images/control-icon16.png\n./venv/lib/python3.12/site-packages/PyQt6/Qt6/qml/QtQuick/Controls/designer/images/control-icon@2x.png\n./venv/lib/python3.12/site-packages/PyQt6/Qt6/qml/QtQuick/Controls/designer/images/delaybutton-icon.png\n./venv/lib/python3.12/site-packages/PyQt6/Qt6/qml/QtQuick/Controls/designer/images/delaybutton-icon16.png\n./venv/lib/python3.12/site-packages/PyQt6/Qt6/qml/QtQuick/Controls/designer/images/delaybutton-icon@2x.png\n./venv/lib/python3.12/site-packages/PyQt6/Qt6/qml/QtQuick/Controls/designer/images/dial-icon.png\n./venv/lib/python3.12/site-packages/PyQt6/Qt6/qml/QtQuick/Controls/designer/images/dial-icon16.png\n./venv/lib/python3.12/site-packages/PyQt6/Qt6/qml/QtQuick/Controls/designer/images/dial-icon@2x.png\n./venv/lib/python3.12/site-packages/PyQt6/Qt6/qml/QtQuick/Controls/designer/images/frame-icon.png\n./venv/lib/python3.12/site-packages/PyQt6/Qt6/qml/QtQuick/Controls/designer/images/frame-icon16.png\n./venv/lib/python3.12/site-packages/PyQt6/Qt6/qml/QtQuick/Controls/designer/images/frame-icon@2x.png\n./venv/lib/python3.12/site-packages/PyQt6/Qt6/qml/QtQuick/Controls/designer/images/groupbox-icon.png\n./venv/lib/python3.12/site-packages/PyQt6/Qt6/qml/QtQuick/Controls/designer/images/groupbox-icon16.png\n./venv/lib/python3.12/site-packages/PyQt6/Qt6/qml/QtQuick/Controls/designer/images/groupbox-icon@2x.png\n./venv/lib/python3.12/site-packages/PyQt6/Qt6/qml/QtQuick/Controls/designer/images/itemdelegate-icon.png\n./venv/lib/python3.12/site-packages/PyQt6/Qt6/qml/QtQuick/Controls/designer/images/itemdelegate-icon16.png\n./venv/lib/python3.12/site-packages/PyQt6/Qt6/qml/QtQuick/Controls/designer/images/itemdelegate-icon@2x.png\n./venv/lib/python3.12/site-packages/PyQt6/Qt6/qml/QtQuick/Controls/designer/images/label-icon.png\n./venv/lib/python3.12/site-packages/PyQt6/Qt6/qml/QtQuick/Controls/designer/images/label-icon16.png\n./venv/lib/python3.12/site-packages/PyQt6/Qt6/qml/QtQuick/Controls/designer/images/label-icon@2x.png\n./venv/lib/python3.12/site-packages/PyQt6/Qt6/qml/QtQuick/Controls/designer/images/page-icon.png\n./venv/lib/python3.12/site-packages/PyQt6/Qt6/qml/QtQuick/Controls/designer/images/page-icon16.png\n./venv/lib/python3.12/site-packages/PyQt6/Qt6/qml/QtQuick/Controls/designer/images/page-icon@2x.png\n./venv/lib/python3.12/site-packages/PyQt6/Qt6/qml/QtQuick/Controls/designer/images/pageindicator-icon.png\n./venv/lib/python3.12/site-packages/PyQt6/Qt6/qml/QtQuick/Controls/designer/images/pageindicator-icon16.png\n./venv/lib/python3.12/site-packages/PyQt6/Qt6/qml/QtQuick/Controls/designer/images/pageindicator-icon@2x.png\n./venv/lib/python3.12/site-packages/PyQt6/Qt6/qml/QtQuick/Controls/designer/images/pane-icon.png\n./venv/lib/python3.12/site-packages/PyQt6/Qt6/qml/QtQuick/Controls/designer/images/pane-icon16.png\n./venv/lib/python3.12/site-packages/PyQt6/Qt6/qml/QtQuick/Controls/designer/images/pane-icon@2x.png\n./venv/lib/python3.12/site-packages/PyQt6/Qt6/qml/QtQuick/Controls/designer/images/progressbar-icon.png\n./venv/lib/python3.12/site-packages/PyQt6/Qt6/qml/QtQuick/Controls/designer/images/progressbar-icon16.png\n./venv/lib/python3.12/site-packages/PyQt6/Qt6/qml/QtQuick/Controls/designer/images/progressbar-icon@2x.png\n./venv/lib/python3.12/site-packages/PyQt6/Qt6/qml/QtQuick/Controls/designer/images/radiobutton-icon.png\n./venv/lib/python3.12/site-packages/PyQt6/Qt6/qml/QtQuick/Controls/designer/images/radiobutton-icon16.png\n./venv/lib/python3.12/site-packages/PyQt6/Qt6/qml/QtQuick/Controls/designer/images/radiobutton-icon@2x.png\n./venv/lib/python3.12/site-packages/PyQt6/Qt6/qml/QtQuick/Controls/designer/images/rangeslider-icon.png\n./venv/lib/python3.12/site-packages/PyQt6/Qt6/qml/QtQuick/Controls/designer/images/rangeslider-icon16.png\n./venv/lib/python3.12/site-packages/PyQt6/Qt6/qml/QtQuick/Controls/designer/images/rangeslider-icon@2x.png\n./venv/lib/python3.12/site-packages/PyQt6/Qt6/qml/QtQuick/Controls/designer/images/roundbutton-icon.png\n./venv/lib/python3.12/site-packages/PyQt6/Qt6/qml/QtQuick/Controls/designer/images/roundbutton-icon16.png\n./venv/lib/python3.12/site-packages/PyQt6/Qt6/qml/QtQuick/Controls/designer/images/roundbutton-icon@2x.png\n./venv/lib/python3.12/site-packages/PyQt6/Qt6/qml/QtQuick/Controls/designer/images/scrollview-icon.png\n./venv/lib/python3.12/site-packages/PyQt6/Qt6/qml/QtQuick/Controls/designer/images/scrollview-icon16.png\n./venv/lib/python3.12/site-packages/PyQt6/Qt6/qml/QtQuick/Controls/designer/images/scrollview-icon@2x.png\n./venv/lib/python3.12/site-packages/PyQt6/Qt6/qml/QtQuick/Controls/designer/images/slider-icon.png\n./venv/lib/python3.12/site-packages/PyQt6/Qt6/qml/QtQuick/Controls/designer/images/slider-icon16.png\n./venv/lib/python3.12/site-packages/PyQt6/Qt6/qml/QtQuick/Controls/designer/images/slider-icon@2x.png\n./venv/lib/python3.12/site-packages/PyQt6/Qt6/qml/QtQuick/Controls/designer/images/spinbox-icon.png\n./venv/lib/python3.12/site-packages/PyQt6/Qt6/qml/QtQuick/Controls/designer/images/spinbox-icon16.png\n./venv/lib/python3.12/site-packages/PyQt6/Qt6/qml/QtQuick/Controls/designer/images/spinbox-icon@2x.png\n./venv/lib/python3.12/site-packages/PyQt6/Qt6/qml/QtQuick/Controls/designer/images/stackview-icon.png\n./venv/lib/python3.12/site-packages/PyQt6/Qt6/qml/QtQuick/Controls/designer/images/stackview-icon16.png\n./venv/lib/python3.12/site-packages/PyQt6/Qt6/qml/QtQuick/Controls/designer/images/stackview-icon@2x.png\n./venv/lib/python3.12/site-packages/PyQt6/Qt6/qml/QtQuick/Controls/designer/images/swipeview-icon.png\n./venv/lib/python3.12/site-packages/PyQt6/Qt6/qml/QtQuick/Controls/designer/images/swipeview-icon16.png\n./venv/lib/python3.12/site-packages/PyQt6/Qt6/qml/QtQuick/Controls/designer/images/swipeview-icon@2x.png\n./venv/lib/python3.12/site-packages/PyQt6/Qt6/qml/QtQuick/Controls/designer/images/switch-icon.png\n./venv/lib/python3.12/site-packages/PyQt6/Qt6/qml/QtQuick/Controls/designer/images/switch-icon16.png\n./venv/lib/python3.12/site-packages/PyQt6/Qt6/qml/QtQuick/Controls/designer/images/switch-icon@2x.png\n./venv/lib/python3.12/site-packages/PyQt6/Qt6/qml/QtQuick/Controls/designer/images/textarea-icon.png\n./venv/lib/python3.12/site-packages/PyQt6/Qt6/qml/QtQuick/Controls/designer/images/textarea-icon16.png\n./venv/lib/python3.12/site-packages/PyQt6/Qt6/qml/QtQuick/Controls/designer/images/textarea-icon@2x.png\n./venv/lib/python3.12/site-packages/PyQt6/Qt6/qml/QtQuick/Controls/designer/images/textfield-icon.png\n./venv/lib/python3.12/site-packages/PyQt6/Qt6/qml/QtQuick/Controls/designer/images/textfield-icon16.png\n./venv/lib/python3.12/site-packages/PyQt6/Qt6/qml/QtQuick/Controls/designer/images/textfield-icon@2x.png\n./venv/lib/python3.12/site-packages/PyQt6/Qt6/qml/QtQuick/Controls/designer/images/toolbar-icon.png\n./venv/lib/python3.12/site-packages/PyQt6/Qt6/qml/QtQuick/Controls/designer/images/toolbar-icon16.png\n./venv/lib/python3.12/site-packages/PyQt6/Qt6/qml/QtQuick/Controls/designer/images/toolbar-icon@2x.png\n./venv/lib/python3.12/site-packages/PyQt6/Qt6/qml/QtQuick/Controls/designer/images/toolbutton-icon.png\n./venv/lib/python3.12/site-packages/PyQt6/Qt6/qml/QtQuick/Controls/designer/images/toolbutton-icon16.png\n./venv/lib/python3.12/site-packages/PyQt6/Qt6/qml/QtQuick/Controls/designer/images/toolbutton-icon@2x.png\n./venv/lib/python3.12/site-packages/PyQt6/Qt6/qml/QtQuick/Controls/designer/images/toolseparator-icon.png\n./venv/lib/python3.12/site-packages/PyQt6/Qt6/qml/QtQuick/Controls/designer/images/toolseparator-icon16.png\n./venv/lib/python3.12/site-packages/PyQt6/Qt6/qml/QtQuick/Controls/designer/images/toolseparator-icon@2x.png\n./venv/lib/python3.12/site-packages/PyQt6/Qt6/qml/QtQuick/Controls/designer/images/tumbler-icon.png\n./venv/lib/python3.12/site-packages/PyQt6/Qt6/qml/QtQuick/Controls/designer/images/tumbler-icon16.png\n./venv/lib/python3.12/site-packages/PyQt6/Qt6/qml/QtQuick/Controls/designer/images/tumbler-icon@2x.png\n./venv/lib/python3.12/site-packages/PyQt6/Qt6/qml/QtQuick/Controls/Material/ApplicationWindow.qml\n./venv/lib/python3.12/site-packages/PyQt6/Qt6/qml/QtQuick/Controls/Material/BusyIndicator.qml\n./venv/lib/python3.12/site-packages/PyQt6/Qt6/qml/QtQuick/Controls/Material/Button.qml\n./venv/lib/python3.12/site-packages/PyQt6/Qt6/qml/QtQuick/Controls/Material/CheckBox.qml\n./venv/lib/python3.12/site-packages/PyQt6/Qt6/qml/QtQuick/Controls/Material/CheckDelegate.qml\n./venv/lib/python3.12/site-packages/PyQt6/Qt6/qml/QtQuick/Controls/Material/ComboBox.qml\n./venv/lib/python3.12/site-packages/PyQt6/Qt6/qml/QtQuick/Controls/Material/DelayButton.qml\n./venv/lib/python3.12/site-packages/PyQt6/Qt6/qml/QtQuick/Controls/Material/Dial.qml\n./venv/lib/python3.12/site-packages/PyQt6/Qt6/qml/QtQuick/Controls/Material/Dialog.qml\n./venv/lib/python3.12/site-packages/PyQt6/Qt6/qml/QtQuick/Controls/Material/DialogButtonBox.qml\n./venv/lib/python3.12/site-packages/PyQt6/Qt6/qml/QtQuick/Controls/Material/Drawer.qml\n./venv/lib/python3.12/site-packages/PyQt6/Qt6/qml/QtQuick/Controls/Material/Frame.qml\n./venv/lib/python3.12/site-packages/PyQt6/Qt6/qml/QtQuick/Controls/Material/GroupBox.qml\n./venv/lib/python3.12/site-packages/PyQt6/Qt6/qml/QtQuick/Controls/Material/HorizontalHeaderView.qml\n./venv/lib/python3.12/site-packages/PyQt6/Qt6/qml/QtQuick/Controls/Material/HorizontalHeaderViewDelegate.qml\n./venv/lib/python3.12/site-packages/PyQt6/Qt6/qml/QtQuick/Controls/Material/ItemDelegate.qml\n./venv/lib/python3.12/site-packages/PyQt6/Qt6/qml/QtQuick/Controls/Material/Label.qml\n./venv/lib/python3.12/site-packages/PyQt6/Qt6/qml/QtQuick/Controls/Material/Menu.qml\n./venv/lib/python3.12/site-packages/PyQt6/Qt6/qml/QtQuick/Controls/Material/MenuBar.qml\n./venv/lib/python3.12/site-packages/PyQt6/Qt6/qml/QtQuick/Controls/Material/MenuBarItem.qml\n./venv/lib/python3.12/site-packages/PyQt6/Qt6/qml/QtQuick/Controls/Material/MenuItem.qml\n./venv/lib/python3.12/site-packages/PyQt6/Qt6/qml/QtQuick/Controls/Material/MenuSeparator.qml\n./venv/lib/python3.12/site-packages/PyQt6/Qt6/qml/QtQuick/Controls/Material/Page.qml\n./venv/lib/python3.12/site-packages/PyQt6/Qt6/qml/QtQuick/Controls/Material/PageIndicator.qml\n./venv/lib/python3.12/site-packages/PyQt6/Qt6/qml/QtQuick/Controls/Material/Pane.qml\n./venv/lib/python3.12/site-packages/PyQt6/Qt6/qml/QtQuick/Controls/Material/Popup.qml\n./venv/lib/python3.12/site-packages/PyQt6/Qt6/qml/QtQuick/Controls/Material/ProgressBar.qml\n./venv/lib/python3.12/site-packages/PyQt6/Qt6/qml/QtQuick/Controls/Material/RadioButton.qml\n./venv/lib/python3.12/site-packages/PyQt6/Qt6/qml/QtQuick/Controls/Material/RadioDelegate.qml\n./venv/lib/python3.12/site-packages/PyQt6/Qt6/qml/QtQuick/Controls/Material/RangeSlider.qml\n./venv/lib/python3.12/site-packages/PyQt6/Qt6/qml/QtQuick/Controls/Material/RoundButton.qml\n./venv/lib/python3.12/site-packages/PyQt6/Qt6/qml/QtQuick/Controls/Material/ScrollBar.qml\n./venv/lib/python3.12/site-packages/PyQt6/Qt6/qml/QtQuick/Controls/Material/ScrollIndicator.qml\n./venv/lib/python3.12/site-packages/PyQt6/Qt6/qml/QtQuick/Controls/Material/ScrollView.qml\n./venv/lib/python3.12/site-packages/PyQt6/Qt6/qml/QtQuick/Controls/Material/SearchField.qml\n./venv/lib/python3.12/site-packages/PyQt6/Qt6/qml/QtQuick/Controls/Material/SelectionRectangle.qml\n./venv/lib/python3.12/site-packages/PyQt6/Qt6/qml/QtQuick/Controls/Material/Slider.qml\n./venv/lib/python3.12/site-packages/PyQt6/Qt6/qml/QtQuick/Controls/Material/SpinBox.qml\n./venv/lib/python3.12/site-packages/PyQt6/Qt6/qml/QtQuick/Controls/Material/SplitView.qml\n./venv/lib/python3.12/site-packages/PyQt6/Qt6/qml/QtQuick/Controls/Material/StackView.qml\n./venv/lib/python3.12/site-packages/PyQt6/Qt6/qml/QtQuick/Controls/Material/SwipeDelegate.qml\n./venv/lib/python3.12/site-packages/PyQt6/Qt6/qml/QtQuick/Controls/Material/SwipeView.qml\n./venv/lib/python3.12/site-packages/PyQt6/Qt6/qml/QtQuick/Controls/Material/Switch.qml\n./venv/lib/python3.12/site-packages/PyQt6/Qt6/qml/QtQuick/Controls/Material/SwitchDelegate.qml\n./venv/lib/python3.12/site-packages/PyQt6/Qt6/qml/QtQuick/Controls/Material/TabBar.qml\n./venv/lib/python3.12/site-packages/PyQt6/Qt6/qml/QtQuick/Controls/Material/TabButton.qml\n./venv/lib/python3.12/site-packages/PyQt6/Qt6/qml/QtQuick/Controls/Material/TextArea.qml\n./venv/lib/python3.12/site-packages/PyQt6/Qt6/qml/QtQuick/Controls/Material/TextField.qml\n./venv/lib/python3.12/site-packages/PyQt6/Qt6/qml/QtQuick/Controls/Material/ToolBar.qml\n./venv/lib/python3.12/site-packages/PyQt6/Qt6/qml/QtQuick/Controls/Material/ToolButton.qml\n./venv/lib/python3.12/site-packages/PyQt6/Qt6/qml/QtQuick/Controls/Material/ToolSeparator.qml\n./venv/lib/python3.12/site-packages/PyQt6/Qt6/qml/QtQuick/Controls/Material/ToolTip.qml\n./venv/lib/python3.12/site-packages/PyQt6/Qt6/qml/QtQuick/Controls/Material/TreeViewDelegate.qml\n./venv/lib/python3.12/site-packages/PyQt6/Qt6/qml/QtQuick/Controls/Material/Tumbler.qml\n./venv/lib/python3.12/site-packages/PyQt6/Qt6/qml/QtQuick/Controls/Material/VerticalHeaderView.qml\n./venv/lib/python3.12/site-packages/PyQt6/Qt6/qml/QtQuick/Controls/Material/VerticalHeaderViewDelegate.qml\n./venv/lib/python3.12/site-packages/PyQt6/Qt6/qml/QtQuick/Controls/Material/libqtquickcontrols2materialstyleplugin.dylib\n./venv/lib/python3.12/site-packages/PyQt6/Qt6/qml/QtQuick/Controls/Material/plugins.qmltypes\n./venv/lib/python3.12/site-packages/PyQt6/Qt6/qml/QtQuick/Controls/Material/qmldir\n./venv/lib/python3.12/site-packages/PyQt6/Qt6/qml/QtQuick/Controls/Material/impl/BoxShadow.qml\n./venv/lib/python3.12/site-packages/PyQt6/Qt6/qml/QtQuick/Controls/Material/impl/CheckIndicator.qml\n./venv/lib/python3.12/site-packages/PyQt6/Qt6/qml/QtQuick/Controls/Material/impl/CursorDelegate.qml\n./venv/lib/python3.12/site-packages/PyQt6/Qt6/qml/QtQuick/Controls/Material/impl/ElevationEffect.qml\n./venv/lib/python3.12/site-packages/PyQt6/Qt6/qml/QtQuick/Controls/Material/impl/RadioIndicator.qml\n./venv/lib/python3.12/site-packages/PyQt6/Qt6/qml/QtQuick/Controls/Material/impl/RectangularGlow.qml\n./venv/lib/python3.12/site-packages/PyQt6/Qt6/qml/QtQuick/Controls/Material/impl/RoundedElevationEffect.qml\n./venv/lib/python3.12/site-packages/PyQt6/Qt6/qml/QtQuick/Controls/Material/impl/SliderHandle.qml\n./venv/lib/python3.12/site-packages/PyQt6/Qt6/qml/QtQuick/Controls/Material/impl/SwitchIndicator.qml\n./venv/lib/python3.12/site-packages/PyQt6/Qt6/qml/QtQuick/Controls/Material/impl/libqtquickcontrols2materialstyleimplplugin.dylib\n./venv/lib/python3.12/site-packages/PyQt6/Qt6/qml/QtQuick/Controls/Material/impl/plugins.qmltypes\n./venv/lib/python3.12/site-packages/PyQt6/Qt6/qml/QtQuick/Controls/Material/impl/qmldir\n./venv/lib/python3.12/site-packages/PyQt6/Qt6/qml/QtQuick/Controls/Imagine/ApplicationWindow.qml\n./venv/lib/python3.12/site-packages/PyQt6/Qt6/qml/QtQuick/Controls/Imagine/BusyIndicator.qml\n./venv/lib/python3.12/site-packages/PyQt6/Qt6/qml/QtQuick/Controls/Imagine/Button.qml\n./venv/lib/python3.12/site-packages/PyQt6/Qt6/qml/QtQuick/Controls/Imagine/CheckBox.qml\n./venv/lib/python3.12/site-packages/PyQt6/Qt6/qml/QtQuick/Controls/Imagine/CheckDelegate.qml\n./venv/lib/python3.12/site-packages/PyQt6/Qt6/qml/QtQuick/Controls/Imagine/ComboBox.qml\n./venv/lib/python3.12/site-packages/PyQt6/Qt6/qml/QtQuick/Controls/Imagine/DelayButton.qml\n./venv/lib/python3.12/site-packages/PyQt6/Qt6/qml/QtQuick/Controls/Imagine/Dial.qml\n./venv/lib/python3.12/site-packages/PyQt6/Qt6/qml/QtQuick/Controls/Imagine/Dialog.qml\n./venv/lib/python3.12/site-packages/PyQt6/Qt6/qml/QtQuick/Controls/Imagine/DialogButtonBox.qml\n./venv/lib/python3.12/site-packages/PyQt6/Qt6/qml/QtQuick/Controls/Imagine/Drawer.qml\n./venv/lib/python3.12/site-packages/PyQt6/Qt6/qml/QtQuick/Controls/Imagine/Frame.qml\n./venv/lib/python3.12/site-packages/PyQt6/Qt6/qml/QtQuick/Controls/Imagine/GroupBox.qml\n./venv/lib/python3.12/site-packages/PyQt6/Qt6/qml/QtQuick/Controls/Imagine/HorizontalHeaderView.qml\n./venv/lib/python3.12/site-packages/PyQt6/Qt6/qml/QtQuick/Controls/Imagine/HorizontalHeaderViewDelegate.qml\n./venv/lib/python3.12/site-packages/PyQt6/Qt6/qml/QtQuick/Controls/Imagine/ItemDelegate.qml\n./venv/lib/python3.12/site-packages/PyQt6/Qt6/qml/QtQuick/Controls/Imagine/Label.qml\n./venv/lib/python3.12/site-packages/PyQt6/Qt6/qml/QtQuick/Controls/Imagine/Menu.qml\n./venv/lib/python3.12/site-packages/PyQt6/Qt6/qml/QtQuick/Controls/Imagine/MenuItem.qml\n./venv/lib/python3.12/site-packages/PyQt6/Qt6/qml/QtQuick/Controls/Imagine/MenuSeparator.qml\n./venv/lib/python3.12/site-packages/PyQt6/Qt6/qml/QtQuick/Controls/Imagine/Page.qml\n./venv/lib/python3.12/site-packages/PyQt6/Qt6/qml/QtQuick/Controls/Imagine/PageIndicator.qml\n./venv/lib/python3.12/site-packages/PyQt6/Qt6/qml/QtQuick/Controls/Imagine/Pane.qml\n./venv/lib/python3.12/site-packages/PyQt6/Qt6/qml/QtQuick/Controls/Imagine/Popup.qml\n./venv/lib/python3.12/site-packages/PyQt6/Qt6/qml/QtQuick/Controls/Imagine/ProgressBar.qml\n./venv/lib/python3.12/site-packages/PyQt6/Qt6/qml/QtQuick/Controls/Imagine/RadioButton.qml\n./venv/lib/python3.12/site-packages/PyQt6/Qt6/qml/QtQuick/Controls/Imagine/RadioDelegate.qml\n./venv/lib/python3.12/site-packages/PyQt6/Qt6/qml/QtQuick/Controls/Imagine/RangeSlider.qml\n./venv/lib/python3.12/site-packages/PyQt6/Qt6/qml/QtQuick/Controls/Imagine/RoundButton.qml\n./venv/lib/python3.12/site-packages/PyQt6/Qt6/qml/QtQuick/Controls/Imagine/ScrollBar.qml\n./venv/lib/python3.12/site-packages/PyQt6/Qt6/qml/QtQuick/Controls/Imagine/ScrollIndicator.qml\n./venv/lib/python3.12/site-packages/PyQt6/Qt6/qml/QtQuick/Controls/Imagine/ScrollView.qml\n./venv/lib/python3.12/site-packages/PyQt6/Qt6/qml/QtQuick/Controls/Imagine/SearchField.qml\n./venv/lib/python3.12/site-packages/PyQt6/Qt6/qml/QtQuick/Controls/Imagine/SelectionRectangle.qml\n./venv/lib/python3.12/site-packages/PyQt6/Qt6/qml/QtQuick/Controls/Imagine/Slider.qml\n./venv/lib/python3.12/site-packages/PyQt6/Qt6/qml/QtQuick/Controls/Imagine/SpinBox.qml\n./venv/lib/python3.12/site-packages/PyQt6/Qt6/qml/QtQuick/Controls/Imagine/SplitView.qml\n./venv/lib/python3.12/site-packages/PyQt6/Qt6/qml/QtQuick/Controls/Imagine/StackView.qml\n./venv/lib/python3.12/site-packages/PyQt6/Qt6/qml/QtQuick/Controls/Imagine/SwipeDelegate.qml\n./venv/lib/python3.12/site-packages/PyQt6/Qt6/qml/QtQuick/Controls/Imagine/SwipeView.qml\n./venv/lib/python3.12/site-packages/PyQt6/Qt6/qml/QtQuick/Controls/Imagine/Switch.qml\n./venv/lib/python3.12/site-packages/PyQt6/Qt6/qml/QtQuick/Controls/Imagine/SwitchDelegate.qml\n./venv/lib/python3.12/site-packages/PyQt6/Qt6/qml/QtQuick/Controls/Imagine/TabBar.qml\n./venv/lib/python3.12/site-packages/PyQt6/Qt6/qml/QtQuick/Controls/Imagine/TabButton.qml\n./venv/lib/python3.12/site-packages/PyQt6/Qt6/qml/QtQuick/Controls/Imagine/TextArea.qml\n./venv/lib/python3.12/site-packages/PyQt6/Qt6/qml/QtQuick/Controls/Imagine/TextField.qml\n./venv/lib/python3.12/site-packages/PyQt6/Qt6/qml/QtQuick/Controls/Imagine/ToolBar.qml\n./venv/lib/python3.12/site-packages/PyQt6/Qt6/qml/QtQuick/Controls/Imagine/ToolButton.qml\n./venv/lib/python3.12/site-packages/PyQt6/Qt6/qml/QtQuick/Controls/Imagine/ToolSeparator.qml\n./venv/lib/python3.12/site-packages/PyQt6/Qt6/qml/QtQuick/Controls/Imagine/ToolTip.qml\n./venv/lib/python3.12/site-packages/PyQt6/Qt6/qml/QtQuick/Controls/Imagine/Tumbler.qml\n./venv/lib/python3.12/site-packages/PyQt6/Qt6/qml/QtQuick/Controls/Imagine/VerticalHeaderView.qml\n./venv/lib/python3.12/site-packages/PyQt6/Qt6/qml/QtQuick/Controls/Imagine/VerticalHeaderViewDelegate.qml\n./venv/lib/python3.12/site-packages/PyQt6/Qt6/qml/QtQuick/Controls/Imagine/libqtquickcontrols2imaginestyleplugin.dylib\n./venv/lib/python3.12/site-packages/PyQt6/Qt6/qml/QtQuick/Controls/Imagine/plugins.qmltypes\n./venv/lib/python3.12/site-packages/PyQt6/Qt6/qml/QtQuick/Controls/Imagine/qmldir\n./venv/lib/python3.12/site-packages/PyQt6/Qt6/qml/QtQuick/Controls/Imagine/impl/OpacityMask.qml\n./venv/lib/python3.12/site-packages/PyQt6/Qt6/qml/QtQuick/Controls/Imagine/impl/QuickControls2ImagineStyleImpl.qmltypes\n./venv/lib/python3.12/site-packages/PyQt6/Qt6/qml/QtQuick/Controls/Imagine/impl/libqtquickcontrols2imaginestyleimplplugin.dylib\n./venv/lib/python3.12/site-packages/PyQt6/Qt6/qml/QtQuick/Controls/Imagine/impl/qmldir\n./venv/lib/python3.12/site-packages/PyQt6/Qt6/qml/QtQuick/Layouts/libqquicklayoutsplugin.dylib\n./venv/lib/python3.12/site-packages/PyQt6/Qt6/qml/QtQuick/Layouts/plugins.qmltypes\n./venv/lib/python3.12/site-packages/PyQt6/Qt6/qml/QtQuick/Layouts/qmldir\n./venv/lib/python3.12/site-packages/PyQt6/Qt6/qml/QtQuick/Window/libquickwindowplugin.dylib\n./venv/lib/python3.12/site-packages/PyQt6/Qt6/qml/QtQuick/Window/qmldir\n./venv/lib/python3.12/site-packages/PyQt6/Qt6/qml/QtQuick/Window/quickwindow.qmltypes\n./venv/lib/python3.12/site-packages/PyQt6/Qt6/qml/QtQuick/LocalStorage/libqmllocalstorageplugin.dylib\n./venv/lib/python3.12/site-packages/PyQt6/Qt6/qml/QtQuick/LocalStorage/plugins.qmltypes\n./venv/lib/python3.12/site-packages/PyQt6/Qt6/qml/QtQuick/LocalStorage/qmldir\n./venv/lib/python3.12/site-packages/PyQt6/Qt6/qml/QtQuick/Templates/libqtquicktemplates2plugin.dylib\n./venv/lib/python3.12/site-packages/PyQt6/Qt6/qml/QtQuick/Templates/plugins.qmltypes\n./venv/lib/python3.12/site-packages/PyQt6/Qt6/qml/QtQuick/Templates/qmldir\n./venv/lib/python3.12/site-packages/PyQt6/Qt6/qml/QtQuick/Dialogs/libqtquickdialogsplugin.dylib\n./venv/lib/python3.12/site-packages/PyQt6/Qt6/qml/QtQuick/Dialogs/plugins.qmltypes\n./venv/lib/python3.12/site-packages/PyQt6/Qt6/qml/QtQuick/Dialogs/qmldir\n./venv/lib/python3.12/site-packages/PyQt6/Qt6/qml/QtQuick/Dialogs/quickimpl/libqtquickdialogs2quickimplplugin.dylib\n./venv/lib/python3.12/site-packages/PyQt6/Qt6/qml/QtQuick/Dialogs/quickimpl/plugins.qmltypes\n./venv/lib/python3.12/site-packages/PyQt6/Qt6/qml/QtQuick/Dialogs/quickimpl/qmldir\n./venv/lib/python3.12/site-packages/PyQt6/Qt6/qml/QtQuick/Dialogs/quickimpl/qml/ColorDialog.qml\n./venv/lib/python3.12/site-packages/PyQt6/Qt6/qml/QtQuick/Dialogs/quickimpl/qml/ColorInputs.qml\n./venv/lib/python3.12/site-packages/PyQt6/Qt6/qml/QtQuick/Dialogs/quickimpl/qml/FileDialog.qml\n./venv/lib/python3.12/site-packages/PyQt6/Qt6/qml/QtQuick/Dialogs/quickimpl/qml/FileDialogDelegate.qml\n./venv/lib/python3.12/site-packages/PyQt6/Qt6/qml/QtQuick/Dialogs/quickimpl/qml/FileDialogDelegateLabel.qml\n./venv/lib/python3.12/site-packages/PyQt6/Qt6/qml/QtQuick/Dialogs/quickimpl/qml/FolderBreadcrumbBar.qml\n./venv/lib/python3.12/site-packages/PyQt6/Qt6/qml/QtQuick/Dialogs/quickimpl/qml/FolderDialog.qml\n./venv/lib/python3.12/site-packages/PyQt6/Qt6/qml/QtQuick/Dialogs/quickimpl/qml/FolderDialogDelegate.qml\n./venv/lib/python3.12/site-packages/PyQt6/Qt6/qml/QtQuick/Dialogs/quickimpl/qml/FolderDialogDelegateLabel.qml\n./venv/lib/python3.12/site-packages/PyQt6/Qt6/qml/QtQuick/Dialogs/quickimpl/qml/FontDialog.qml\n./venv/lib/python3.12/site-packages/PyQt6/Qt6/qml/QtQuick/Dialogs/quickimpl/qml/FontDialogContent.qml\n./venv/lib/python3.12/site-packages/PyQt6/Qt6/qml/QtQuick/Dialogs/quickimpl/qml/HueGradient.qml\n./venv/lib/python3.12/site-packages/PyQt6/Qt6/qml/QtQuick/Dialogs/quickimpl/qml/MessageDialog.qml\n./venv/lib/python3.12/site-packages/PyQt6/Qt6/qml/QtQuick/Dialogs/quickimpl/qml/PickerHandle.qml\n./venv/lib/python3.12/site-packages/PyQt6/Qt6/qml/QtQuick/Dialogs/quickimpl/qml/SaturationLightnessPicker.qml\n./venv/lib/python3.12/site-packages/PyQt6/Qt6/qml/QtQuick/Dialogs/quickimpl/qml/SideBar.qml\n./venv/lib/python3.12/site-packages/PyQt6/Qt6/qml/QtQuick/Dialogs/quickimpl/qml/+Imagine/ColorDialog.qml\n./venv/lib/python3.12/site-packages/PyQt6/Qt6/qml/QtQuick/Dialogs/quickimpl/qml/+Imagine/ColorInputs.qml\n./venv/lib/python3.12/site-packages/PyQt6/Qt6/qml/QtQuick/Dialogs/quickimpl/qml/+Imagine/FileDialog.qml\n./venv/lib/python3.12/site-packages/PyQt6/Qt6/qml/QtQuick/Dialogs/quickimpl/qml/+Imagine/FileDialogDelegate.qml\n./venv/lib/python3.12/site-packages/PyQt6/Qt6/qml/QtQuick/Dialogs/quickimpl/qml/+Imagine/FolderBreadcrumbBar.qml\n./venv/lib/python3.12/site-packages/PyQt6/Qt6/qml/QtQuick/Dialogs/quickimpl/qml/+Imagine/FolderDialog.qml\n./venv/lib/python3.12/site-packages/PyQt6/Qt6/qml/QtQuick/Dialogs/quickimpl/qml/+Imagine/FolderDialogDelegate.qml\n./venv/lib/python3.12/site-packages/PyQt6/Qt6/qml/QtQuick/Dialogs/quickimpl/qml/+Imagine/FontDialog.qml\n./venv/lib/python3.12/site-packages/PyQt6/Qt6/qml/QtQuick/Dialogs/quickimpl/qml/+Imagine/MessageDialog.qml\n./venv/lib/python3.12/site-packages/PyQt6/Qt6/qml/QtQuick/Dialogs/quickimpl/qml/+Imagine/SideBar.qml\n./venv/lib/python3.12/site-packages/PyQt6/Qt6/qml/QtQuick/Dialogs/quickimpl/qml/+Fusion/ColorDialog.qml\n./venv/lib/python3.12/site-packages/PyQt6/Qt6/qml/QtQuick/Dialogs/quickimpl/qml/+Fusion/ColorInputs.qml\n./venv/lib/python3.12/site-packages/PyQt6/Qt6/qml/QtQuick/Dialogs/quickimpl/qml/+Fusion/FileDialog.qml\n./venv/lib/python3.12/site-packages/PyQt6/Qt6/qml/QtQuick/Dialogs/quickimpl/qml/+Fusion/FileDialogDelegate.qml\n./venv/lib/python3.12/site-packages/PyQt6/Qt6/qml/QtQuick/Dialogs/quickimpl/qml/+Fusion/FolderBreadcrumbBar.qml\n./venv/lib/python3.12/site-packages/PyQt6/Qt6/qml/QtQuick/Dialogs/quickimpl/qml/+Fusion/FolderDialog.qml\n./venv/lib/python3.12/site-packages/PyQt6/Qt6/qml/QtQuick/Dialogs/quickimpl/qml/+Fusion/FolderDialogDelegate.qml\n./venv/lib/python3.12/site-packages/PyQt6/Qt6/qml/QtQuick/Dialogs/quickimpl/qml/+Fusion/FontDialog.qml\n./venv/lib/python3.12/site-packages/PyQt6/Qt6/qml/QtQuick/Dialogs/quickimpl/qml/+Fusion/MessageDialog.qml\n./venv/lib/python3.12/site-packages/PyQt6/Qt6/qml/QtQuick/Dialogs/quickimpl/qml/+Fusion/SideBar.qml\n./venv/lib/python3.12/site-packages/PyQt6/Qt6/qml/QtQuick/Dialogs/quickimpl/qml/+Universal/ColorDialog.qml\n./venv/lib/python3.12/site-packages/PyQt6/Qt6/qml/QtQuick/Dialogs/quickimpl/qml/+Universal/ColorInputs.qml\n./venv/lib/python3.12/site-packages/PyQt6/Qt6/qml/QtQuick/Dialogs/quickimpl/qml/+Universal/FileDialog.qml\n./venv/lib/python3.12/site-packages/PyQt6/Qt6/qml/QtQuick/Dialogs/quickimpl/qml/+Universal/FileDialogDelegate.qml\n./venv/lib/python3.12/site-packages/PyQt6/Qt6/qml/QtQuick/Dialogs/quickimpl/qml/+Universal/FolderBreadcrumbBar.qml\n./venv/lib/python3.12/site-packages/PyQt6/Qt6/qml/QtQuick/Dialogs/quickimpl/qml/+Universal/FolderDialog.qml\n./venv/lib/python3.12/site-packages/PyQt6/Qt6/qml/QtQuick/Dialogs/quickimpl/qml/+Universal/FolderDialogDelegate.qml\n./venv/lib/python3.12/site-packages/PyQt6/Qt6/qml/QtQuick/Dialogs/quickimpl/qml/+Universal/FontDialog.qml\n./venv/lib/python3.12/site-packages/PyQt6/Qt6/qml/QtQuick/Dialogs/quickimpl/qml/+Universal/MessageDialog.qml\n./venv/lib/python3.12/site-packages/PyQt6/Qt6/qml/QtQuick/Dialogs/quickimpl/qml/+Universal/SideBar.qml\n./venv/lib/python3.12/site-packages/PyQt6/Qt6/qml/QtQuick/Dialogs/quickimpl/qml/+Material/ColorDialog.qml\n./venv/lib/python3.12/site-packages/PyQt6/Qt6/qml/QtQuick/Dialogs/quickimpl/qml/+Material/ColorInputs.qml\n./venv/lib/python3.12/site-packages/PyQt6/Qt6/qml/QtQuick/Dialogs/quickimpl/qml/+Material/FileDialog.qml\n./venv/lib/python3.12/site-packages/PyQt6/Qt6/qml/QtQuick/Dialogs/quickimpl/qml/+Material/FileDialogDelegate.qml\n./venv/lib/python3.12/site-packages/PyQt6/Qt6/qml/QtQuick/Dialogs/quickimpl/qml/+Material/FolderBreadcrumbBar.qml\n./venv/lib/python3.12/site-packages/PyQt6/Qt6/qml/QtQuick/Dialogs/quickimpl/qml/+Material/FolderDialog.qml\n./venv/lib/python3.12/site-packages/PyQt6/Qt6/qml/QtQuick/Dialogs/quickimpl/qml/+Material/FolderDialogDelegate.qml\n./venv/lib/python3.12/site-packages/PyQt6/Qt6/qml/QtQuick/Dialogs/quickimpl/qml/+Material/FontDialog.qml\n./venv/lib/python3.12/site-packages/PyQt6/Qt6/qml/QtQuick/Dialogs/quickimpl/qml/+Material/MessageDialog.qml\n./venv/lib/python3.12/site-packages/PyQt6/Qt6/qml/QtQuick/Dialogs/quickimpl/qml/+Material/SideBar.qml\n./venv/lib/python3.12/site-packages/PyQt6/Qt6/qml/QtQuick/Scene3D/libqtquickscene3dplugin.dylib\n./venv/lib/python3.12/site-packages/PyQt6/Qt6/qml/QtQuick/Scene3D/plugins.qmltypes\n./venv/lib/python3.12/site-packages/PyQt6/Qt6/qml/QtQuick/Scene3D/qmldir\n./venv/lib/python3.12/site-packages/PyQt6/Qt6/qml/QtQuick/Effects/libeffectsplugin.dylib\n./venv/lib/python3.12/site-packages/PyQt6/Qt6/qml/QtQuick/Effects/plugins.qmltypes\n./venv/lib/python3.12/site-packages/PyQt6/Qt6/qml/QtQuick/Effects/qmldir\n./venv/lib/python3.12/site-packages/PyQt6/Qt6/qml/QtQuick/Timeline/libqtquicktimelineplugin.dylib\n./venv/lib/python3.12/site-packages/PyQt6/Qt6/qml/QtQuick/Timeline/plugins.qmltypes\n./venv/lib/python3.12/site-packages/PyQt6/Qt6/qml/QtQuick/Timeline/qmldir\n./venv/lib/python3.12/site-packages/PyQt6/Qt6/qml/QtQuick/Timeline/BlendTrees/libqtquicktimelineblendtreesplugin.dylib\n./venv/lib/python3.12/site-packages/PyQt6/Qt6/qml/QtQuick/Timeline/BlendTrees/plugins.qmltypes\n./venv/lib/python3.12/site-packages/PyQt6/Qt6/qml/QtQuick/Timeline/BlendTrees/qmldir\n./venv/lib/python3.12/site-packages/PyQt6/Qt6/qml/QtQuick/NativeStyle/libqtquickcontrols2nativestyleplugin.dylib\n./venv/lib/python3.12/site-packages/PyQt6/Qt6/qml/QtQuick/NativeStyle/plugins.qmltypes\n./venv/lib/python3.12/site-packages/PyQt6/Qt6/qml/QtQuick/NativeStyle/qmldir\n./venv/lib/python3.12/site-packages/PyQt6/Qt6/qml/QtQuick/NativeStyle/util/MacFocusFrame.qml\n./venv/lib/python3.12/site-packages/PyQt6/Qt6/qml/QtQuick/NativeStyle/util/qmldir\n./venv/lib/python3.12/site-packages/PyQt6/Qt6/qml/QtQuick/NativeStyle/controls/DefaultButton.qml\n./venv/lib/python3.12/site-packages/PyQt6/Qt6/qml/QtQuick/NativeStyle/controls/DefaultCheckBox.qml\n./venv/lib/python3.12/site-packages/PyQt6/Qt6/qml/QtQuick/NativeStyle/controls/DefaultComboBox.qml\n./venv/lib/python3.12/site-packages/PyQt6/Qt6/qml/QtQuick/NativeStyle/controls/DefaultDial.qml\n./venv/lib/python3.12/site-packages/PyQt6/Qt6/qml/QtQuick/NativeStyle/controls/DefaultFrame.qml\n./venv/lib/python3.12/site-packages/PyQt6/Qt6/qml/QtQuick/NativeStyle/controls/DefaultGroupBox.qml\n./venv/lib/python3.12/site-packages/PyQt6/Qt6/qml/QtQuick/NativeStyle/controls/DefaultItemDelegate.qml\n./venv/lib/python3.12/site-packages/PyQt6/Qt6/qml/QtQuick/NativeStyle/controls/DefaultItemDelegateIconLabel.qml\n./venv/lib/python3.12/site-packages/PyQt6/Qt6/qml/QtQuick/NativeStyle/controls/DefaultProgressBar.qml\n./venv/lib/python3.12/site-packages/PyQt6/Qt6/qml/QtQuick/NativeStyle/controls/DefaultRadioButton.qml\n./venv/lib/python3.12/site-packages/PyQt6/Qt6/qml/QtQuick/NativeStyle/controls/DefaultRadioDelegate.qml\n./venv/lib/python3.12/site-packages/PyQt6/Qt6/qml/QtQuick/NativeStyle/controls/DefaultScrollBar.qml\n./venv/lib/python3.12/site-packages/PyQt6/Qt6/qml/QtQuick/NativeStyle/controls/DefaultSearchField.qml\n./venv/lib/python3.12/site-packages/PyQt6/Qt6/qml/QtQuick/NativeStyle/controls/DefaultSlider.qml\n./venv/lib/python3.12/site-packages/PyQt6/Qt6/qml/QtQuick/NativeStyle/controls/DefaultSpinBox.qml\n./venv/lib/python3.12/site-packages/PyQt6/Qt6/qml/QtQuick/NativeStyle/controls/DefaultTextArea.qml\n./venv/lib/python3.12/site-packages/PyQt6/Qt6/qml/QtQuick/NativeStyle/controls/DefaultTextField.qml\n./venv/lib/python3.12/site-packages/PyQt6/Qt6/qml/QtQuick/NativeStyle/controls/DefaultTreeViewDelegate.qml\n./venv/lib/python3.12/site-packages/PyQt6/Qt6/qml/QtQuick/NativeStyle/controls/qmldir\n./venv/lib/python3.12/site-packages/PyQt6/Qt6/qml/QtWebChannel/libwebchannelquickplugin.dylib\n./venv/lib/python3.12/site-packages/PyQt6/Qt6/qml/QtWebChannel/plugins.qmltypes\n./venv/lib/python3.12/site-packages/PyQt6/Qt6/qml/QtWebChannel/qmldir\n./venv/lib/python3.12/site-packages/PyQt6/Qt6/qml/QtMultimedia/Video.qml\n./venv/lib/python3.12/site-packages/PyQt6/Qt6/qml/QtMultimedia/libquickmultimediaplugin.dylib\n./venv/lib/python3.12/site-packages/PyQt6/Qt6/qml/QtMultimedia/plugins.qmltypes\n./venv/lib/python3.12/site-packages/PyQt6/Qt6/qml/QtMultimedia/qmldir\n./venv/lib/python3.12/site-packages/PyQt6/Qt6/qml/QtPositioning/libpositioningquickplugin.dylib\n./venv/lib/python3.12/site-packages/PyQt6/Qt6/qml/QtPositioning/plugins.qmltypes\n./venv/lib/python3.12/site-packages/PyQt6/Qt6/qml/QtPositioning/qmldir\n./venv/lib/python3.12/site-packages/PyQt6/Qt6/qml/QtTextToSpeech/libtexttospeechqmlplugin.dylib\n./venv/lib/python3.12/site-packages/PyQt6/Qt6/qml/QtTextToSpeech/plugins.qmltypes\n./venv/lib/python3.12/site-packages/PyQt6/Qt6/qml/QtTextToSpeech/qmldir\n./venv/lib/python3.12/site-packages/PyQt6/Qt6/qml/QtCore/libqtqmlcoreplugin.dylib\n./venv/lib/python3.12/site-packages/PyQt6/Qt6/qml/QtCore/plugins.qmltypes\n./venv/lib/python3.12/site-packages/PyQt6/Qt6/qml/QtCore/qmldir\n./venv/lib/python3.12/site-packages/PyQt6/Qt6/qml/QtTest/SignalSpy.qml\n./venv/lib/python3.12/site-packages/PyQt6/Qt6/qml/QtTest/TestCase.qml\n./venv/lib/python3.12/site-packages/PyQt6/Qt6/qml/QtTest/TestSchedule.qml\n./venv/lib/python3.12/site-packages/PyQt6/Qt6/qml/QtTest/libquicktestplugin.dylib\n./venv/lib/python3.12/site-packages/PyQt6/Qt6/qml/QtTest/plugins.qmltypes\n./venv/lib/python3.12/site-packages/PyQt6/Qt6/qml/QtTest/qmldir\n./venv/lib/python3.12/site-packages/PyQt6/Qt6/qml/QtTest/testlogger.js\n./venv/lib/python3.12/site-packages/PyQt6/Qt6/plugins/renderers/libopenglrenderer.dylib\n./venv/lib/python3.12/site-packages/PyQt6/Qt6/plugins/renderers/librhirenderer.dylib\n./venv/lib/python3.12/site-packages/PyQt6/Qt6/plugins/sensors/libqtsensors_generic.dylib\n./venv/lib/python3.12/site-packages/PyQt6/Qt6/plugins/sceneparsers/libassimpsceneimport.dylib\n./venv/lib/python3.12/site-packages/PyQt6/Qt6/plugins/sceneparsers/libgltfsceneexport.dylib\n./venv/lib/python3.12/site-packages/PyQt6/Qt6/plugins/sceneparsers/libgltfsceneimport.dylib\n./venv/lib/python3.12/site-packages/PyQt6/Qt6/plugins/platforms/libqcocoa.dylib\n./venv/lib/python3.12/site-packages/PyQt6/Qt6/plugins/platforms/libqminimal.dylib\n./venv/lib/python3.12/site-packages/PyQt6/Qt6/plugins/platforms/libqoffscreen.dylib\n./venv/lib/python3.12/site-packages/PyQt6/Qt6/plugins/assetimporters/libassimp.dylib\n./venv/lib/python3.12/site-packages/PyQt6/Qt6/plugins/position/libqtposition_cl.dylib\n./venv/lib/python3.12/site-packages/PyQt6/Qt6/plugins/position/libqtposition_nmea.dylib\n./venv/lib/python3.12/site-packages/PyQt6/Qt6/plugins/position/libqtposition_positionpoll.dylib\n./venv/lib/python3.12/site-packages/PyQt6/Qt6/plugins/webview/libqtwebview_darwin.dylib\n./venv/lib/python3.12/site-packages/PyQt6/Qt6/plugins/webview/libqtwebview_webengine.dylib\n./venv/lib/python3.12/site-packages/PyQt6/Qt6/plugins/geometryloaders/libdefaultgeometryloader.dylib\n./venv/lib/python3.12/site-packages/PyQt6/Qt6/plugins/geometryloaders/libgltfgeometryloader.dylib\n./venv/lib/python3.12/site-packages/PyQt6/Qt6/plugins/permissions/libqdarwinbluetoothpermission.a\n./venv/lib/python3.12/site-packages/PyQt6/Qt6/plugins/permissions/libqdarwinbluetoothpermission.prl\n./venv/lib/python3.12/site-packages/PyQt6/Qt6/plugins/permissions/libqdarwincalendarpermission.a\n./venv/lib/python3.12/site-packages/PyQt6/Qt6/plugins/permissions/libqdarwincalendarpermission.prl\n./venv/lib/python3.12/site-packages/PyQt6/Qt6/plugins/permissions/libqdarwincamerapermission.a\n./venv/lib/python3.12/site-packages/PyQt6/Qt6/plugins/permissions/libqdarwincamerapermission.prl\n./venv/lib/python3.12/site-packages/PyQt6/Qt6/plugins/permissions/libqdarwincontactspermission.a\n./venv/lib/python3.12/site-packages/PyQt6/Qt6/plugins/permissions/libqdarwincontactspermission.prl\n./venv/lib/python3.12/site-packages/PyQt6/Qt6/plugins/permissions/libqdarwinlocationpermission.a\n./venv/lib/python3.12/site-packages/PyQt6/Qt6/plugins/permissions/libqdarwinlocationpermission.prl\n./venv/lib/python3.12/site-packages/PyQt6/Qt6/plugins/permissions/libqdarwinmicrophonepermission.a\n./venv/lib/python3.12/site-packages/PyQt6/Qt6/plugins/permissions/libqdarwinmicrophonepermission.prl\n./venv/lib/python3.12/site-packages/PyQt6/Qt6/plugins/permissions/objects-RelWithDebInfo/QDarwinCalendarPermissionPlugin_init/QDarwinCalendarPermissionPlugin_init.cpp.o\n./venv/lib/python3.12/site-packages/PyQt6/Qt6/plugins/permissions/objects-RelWithDebInfo/QDarwinLocationPermissionPlugin_init/QDarwinLocationPermissionPlugin_init.cpp.o\n./venv/lib/python3.12/site-packages/PyQt6/Qt6/plugins/permissions/objects-RelWithDebInfo/QDarwinCameraPermissionPlugin_init/QDarwinCameraPermissionPlugin_init.cpp.o\n./venv/lib/python3.12/site-packages/PyQt6/Qt6/plugins/permissions/objects-RelWithDebInfo/QDarwinMicrophonePermissionPlugin_init/QDarwinMicrophonePermissionPlugin_init.cpp.o\n./venv/lib/python3.12/site-packages/PyQt6/Qt6/plugins/permissions/objects-RelWithDebInfo/QDarwinContactsPermissionPlugin_init/QDarwinContactsPermissionPlugin_init.cpp.o\n./venv/lib/python3.12/site-packages/PyQt6/Qt6/plugins/permissions/objects-RelWithDebInfo/QDarwinBluetoothPermissionPlugin_init/QDarwinBluetoothPermissionPlugin_init.cpp.o\n./venv/lib/python3.12/site-packages/PyQt6/Qt6/plugins/scxmldatamodel/libqscxmlecmascriptdatamodel.dylib\n./venv/lib/python3.12/site-packages/PyQt6/Qt6/plugins/styles/libqmacstyle.dylib\n./venv/lib/python3.12/site-packages/PyQt6/Qt6/plugins/tls/libqcertonlybackend.dylib\n./venv/lib/python3.12/site-packages/PyQt6/Qt6/plugins/tls/libqopensslbackend.dylib\n./venv/lib/python3.12/site-packages/PyQt6/Qt6/plugins/tls/libqsecuretransportbackend.dylib\n./venv/lib/python3.12/site-packages/PyQt6/Qt6/plugins/iconengines/libqsvgicon.dylib\n./venv/lib/python3.12/site-packages/PyQt6/Qt6/plugins/sqldrivers/libqsqlite.dylib\n./venv/lib/python3.12/site-packages/PyQt6/Qt6/plugins/sqldrivers/libqsqlmimer.dylib\n./venv/lib/python3.12/site-packages/PyQt6/Qt6/plugins/sqldrivers/libqsqlodbc.dylib\n./venv/lib/python3.12/site-packages/PyQt6/Qt6/plugins/sqldrivers/libqsqlpsql.dylib\n./venv/lib/python3.12/site-packages/PyQt6/Qt6/plugins/multimedia/libdarwinmediaplugin.dylib\n./venv/lib/python3.12/site-packages/PyQt6/Qt6/plugins/multimedia/libffmpegmediaplugin.dylib\n./venv/lib/python3.12/site-packages/PyQt6/Qt6/plugins/imageformats/libqgif.dylib\n./venv/lib/python3.12/site-packages/PyQt6/Qt6/plugins/imageformats/libqicns.dylib\n./venv/lib/python3.12/site-packages/PyQt6/Qt6/plugins/imageformats/libqico.dylib\n./venv/lib/python3.12/site-packages/PyQt6/Qt6/plugins/imageformats/libqjpeg.dylib\n./venv/lib/python3.12/site-packages/PyQt6/Qt6/plugins/imageformats/libqmacheif.dylib\n./venv/lib/python3.12/site-packages/PyQt6/Qt6/plugins/imageformats/libqmacjp2.dylib\n./venv/lib/python3.12/site-packages/PyQt6/Qt6/plugins/imageformats/libqpdf.dylib\n./venv/lib/python3.12/site-packages/PyQt6/Qt6/plugins/imageformats/libqsvg.dylib\n./venv/lib/python3.12/site-packages/PyQt6/Qt6/plugins/imageformats/libqtga.dylib\n./venv/lib/python3.12/site-packages/PyQt6/Qt6/plugins/imageformats/libqtiff.dylib\n./venv/lib/python3.12/site-packages/PyQt6/Qt6/plugins/imageformats/libqwbmp.dylib\n./venv/lib/python3.12/site-packages/PyQt6/Qt6/plugins/imageformats/libqwebp.dylib\n./venv/lib/python3.12/site-packages/PyQt6/Qt6/plugins/qmllint/libqdslintplugin.dylib\n./venv/lib/python3.12/site-packages/PyQt6/Qt6/plugins/qmllint/libquicklintplugin.dylib\n./venv/lib/python3.12/site-packages/PyQt6/Qt6/plugins/qmlls/libqmllsquickplugin.dylib\n./venv/lib/python3.12/site-packages/PyQt6/Qt6/plugins/texttospeech/libqtexttospeech_mock.dylib\n./venv/lib/python3.12/site-packages/PyQt6/Qt6/plugins/texttospeech/libqtexttospeech_speechdarwin.dylib\n./venv/lib/python3.12/site-packages/PyQt6/Qt6/plugins/generic/libqtuiotouchplugin.dylib\n./venv/lib/python3.12/site-packages/PyQt6/Qt6/plugins/renderplugins/libscene2d.dylib\n./venv/lib/python3.12/site-packages/PyQt6/Qt6/plugins/help/libhelpplugin.dylib\n./venv/lib/python3.12/site-packages/PyQt6/Qt6/plugins/networkinformation/libqapplenetworkinformation.dylib\n./venv/lib/python3.12/site-packages/PyQt6/Qt6/lib/libavcodec.61.dylib\n./venv/lib/python3.12/site-packages/PyQt6/Qt6/lib/libavformat.61.dylib\n./venv/lib/python3.12/site-packages/PyQt6/Qt6/lib/libavutil.59.dylib\n./venv/lib/python3.12/site-packages/PyQt6/Qt6/lib/libswresample.5.dylib\n./venv/lib/python3.12/site-packages/PyQt6/Qt6/lib/libswscale.8.dylib\n./venv/lib/python3.12/site-packages/PyQt6/Qt6/lib/QtMultimediaQuick.framework/Resources/Info.plist\n./venv/lib/python3.12/site-packages/PyQt6/Qt6/lib/QtMultimediaQuick.framework/Resources/PrivacyInfo.xcprivacy\n./venv/lib/python3.12/site-packages/PyQt6/Qt6/lib/QtMultimediaQuick.framework/Versions/A/QtMultimediaQuick\n./venv/lib/python3.12/site-packages/PyQt6/Qt6/lib/QtLabsPlatform.framework/Resources/Info.plist\n./venv/lib/python3.12/site-packages/PyQt6/Qt6/lib/QtLabsPlatform.framework/Resources/PrivacyInfo.xcprivacy\n./venv/lib/python3.12/site-packages/PyQt6/Qt6/lib/QtLabsPlatform.framework/Versions/A/QtLabsPlatform\n./venv/lib/python3.12/site-packages/PyQt6/Qt6/lib/QtQuickTimeline.framework/Resources/Info.plist\n./venv/lib/python3.12/site-packages/PyQt6/Qt6/lib/QtQuickTimeline.framework/Resources/PrivacyInfo.xcprivacy\n./venv/lib/python3.12/site-packages/PyQt6/Qt6/lib/QtQuickTimeline.framework/Versions/A/QtQuickTimeline\n./venv/lib/python3.12/site-packages/PyQt6/Qt6/lib/QtQuick3DXr.framework/Resources/Info.plist\n./venv/lib/python3.12/site-packages/PyQt6/Qt6/lib/QtQuick3DXr.framework/Resources/PrivacyInfo.xcprivacy\n./venv/lib/python3.12/site-packages/PyQt6/Qt6/lib/QtQuick3DXr.framework/Versions/A/QtQuick3DXr\n./venv/lib/python3.12/site-packages/PyQt6/Qt6/lib/QtQuickControls2.framework/Resources/Info.plist\n./venv/lib/python3.12/site-packages/PyQt6/Qt6/lib/QtQuickControls2.framework/Resources/PrivacyInfo.xcprivacy\n./venv/lib/python3.12/site-packages/PyQt6/Qt6/lib/QtQuickControls2.framework/Versions/A/QtQuickControls2\n./venv/lib/python3.12/site-packages/PyQt6/Qt6/lib/QtQuickParticles.framework/Resources/Info.plist\n./venv/lib/python3.12/site-packages/PyQt6/Qt6/lib/QtQuickParticles.framework/Resources/PrivacyInfo.xcprivacy\n./venv/lib/python3.12/site-packages/PyQt6/Qt6/lib/QtQuickParticles.framework/Versions/A/QtQuickParticles\n./venv/lib/python3.12/site-packages/PyQt6/Qt6/lib/QtRemoteObjects.framework/Resources/Info.plist\n./venv/lib/python3.12/site-packages/PyQt6/Qt6/lib/QtRemoteObjects.framework/Resources/PrivacyInfo.xcprivacy\n./venv/lib/python3.12/site-packages/PyQt6/Qt6/lib/QtRemoteObjects.framework/Versions/A/QtRemoteObjects\n./venv/lib/python3.12/site-packages/PyQt6/Qt6/lib/QtPdfWidgets.framework/Resources/Info.plist\n./venv/lib/python3.12/site-packages/PyQt6/Qt6/lib/QtPdfWidgets.framework/Resources/PrivacyInfo.xcprivacy\n./venv/lib/python3.12/site-packages/PyQt6/Qt6/lib/QtPdfWidgets.framework/Versions/A/QtPdfWidgets\n./venv/lib/python3.12/site-packages/PyQt6/Qt6/lib/QtQuickControls2ImagineStyleImpl.framework/Resources/Info.plist\n./venv/lib/python3.12/site-packages/PyQt6/Qt6/lib/QtQuickControls2ImagineStyleImpl.framework/Resources/PrivacyInfo.xcprivacy\n./venv/lib/python3.12/site-packages/PyQt6/Qt6/lib/QtQuickControls2ImagineStyleImpl.framework/Versions/A/QtQuickControls2ImagineStyleImpl\n./venv/lib/python3.12/site-packages/PyQt6/Qt6/lib/QtQuick3DAssetUtils.framework/Resources/Info.plist\n./venv/lib/python3.12/site-packages/PyQt6/Qt6/lib/QtQuick3DAssetUtils.framework/Resources/PrivacyInfo.xcprivacy\n./venv/lib/python3.12/site-packages/PyQt6/Qt6/lib/QtQuick3DAssetUtils.framework/Versions/A/QtQuick3DAssetUtils\n./venv/lib/python3.12/site-packages/PyQt6/Qt6/lib/QtQuickControls2BasicStyleImpl.framework/Resources/Info.plist\n./venv/lib/python3.12/site-packages/PyQt6/Qt6/lib/QtQuickControls2BasicStyleImpl.framework/Resources/PrivacyInfo.xcprivacy\n./venv/lib/python3.12/site-packages/PyQt6/Qt6/lib/QtQuickControls2BasicStyleImpl.framework/Versions/A/QtQuickControls2BasicStyleImpl\n./venv/lib/python3.12/site-packages/PyQt6/Qt6/lib/QtLabsSharedImage.framework/Resources/Info.plist\n./venv/lib/python3.12/site-packages/PyQt6/Qt6/lib/QtLabsSharedImage.framework/Resources/PrivacyInfo.xcprivacy\n./venv/lib/python3.12/site-packages/PyQt6/Qt6/lib/QtLabsSharedImage.framework/Versions/A/QtLabsSharedImage\n./venv/lib/python3.12/site-packages/PyQt6/Qt6/lib/QtQmlMeta.framework/Resources/Info.plist\n./venv/lib/python3.12/site-packages/PyQt6/Qt6/lib/QtQmlMeta.framework/Resources/PrivacyInfo.xcprivacy\n./venv/lib/python3.12/site-packages/PyQt6/Qt6/lib/QtQmlMeta.framework/Versions/A/QtQmlMeta\n./venv/lib/python3.12/site-packages/PyQt6/Qt6/lib/QtDesigner.framework/Resources/Info.plist\n./venv/lib/python3.12/site-packages/PyQt6/Qt6/lib/QtDesigner.framework/Resources/PrivacyInfo.xcprivacy\n./venv/lib/python3.12/site-packages/PyQt6/Qt6/lib/QtDesigner.framework/Versions/A/QtDesigner\n./venv/lib/python3.12/site-packages/PyQt6/Qt6/lib/QtNfc.framework/Resources/Info.plist\n./venv/lib/python3.12/site-packages/PyQt6/Qt6/lib/QtNfc.framework/Resources/PrivacyInfo.xcprivacy\n./venv/lib/python3.12/site-packages/PyQt6/Qt6/lib/QtNfc.framework/Versions/A/QtNfc\n./venv/lib/python3.12/site-packages/PyQt6/Qt6/lib/QtQuickControls2FusionStyleImpl.framework/Resources/Info.plist\n./venv/lib/python3.12/site-packages/PyQt6/Qt6/lib/QtQuickControls2FusionStyleImpl.framework/Resources/PrivacyInfo.xcprivacy\n./venv/lib/python3.12/site-packages/PyQt6/Qt6/lib/QtQuickControls2FusionStyleImpl.framework/Versions/A/QtQuickControls2FusionStyleImpl\n./venv/lib/python3.12/site-packages/PyQt6/Qt6/lib/QtQuick3DAssetImport.framework/Resources/Info.plist\n./venv/lib/python3.12/site-packages/PyQt6/Qt6/lib/QtQuick3DAssetImport.framework/Resources/PrivacyInfo.xcprivacy\n./venv/lib/python3.12/site-packages/PyQt6/Qt6/lib/QtQuick3DAssetImport.framework/Versions/A/QtQuick3DAssetImport\n./venv/lib/python3.12/site-packages/PyQt6/Qt6/lib/QtQuickWidgets.framework/Resources/Info.plist\n./venv/lib/python3.12/site-packages/PyQt6/Qt6/lib/QtQuickWidgets.framework/Resources/PrivacyInfo.xcprivacy\n./venv/lib/python3.12/site-packages/PyQt6/Qt6/lib/QtQuickWidgets.framework/Versions/A/QtQuickWidgets\n./venv/lib/python3.12/site-packages/PyQt6/Qt6/lib/QtQuickControls2Material.framework/Resources/Info.plist\n./venv/lib/python3.12/site-packages/PyQt6/Qt6/lib/QtQuickControls2Material.framework/Resources/PrivacyInfo.xcprivacy\n./venv/lib/python3.12/site-packages/PyQt6/Qt6/lib/QtQuickControls2Material.framework/Versions/A/QtQuickControls2Material\n./venv/lib/python3.12/site-packages/PyQt6/Qt6/lib/QtShaderTools.framework/Resources/Info.plist\n./venv/lib/python3.12/site-packages/PyQt6/Qt6/lib/QtShaderTools.framework/Resources/PrivacyInfo.xcprivacy\n./venv/lib/python3.12/site-packages/PyQt6/Qt6/lib/QtShaderTools.framework/Versions/A/QtShaderTools\n./venv/lib/python3.12/site-packages/PyQt6/Qt6/lib/QtPdf.framework/Resources/Info.plist\n./venv/lib/python3.12/site-packages/PyQt6/Qt6/lib/QtPdf.framework/Resources/PrivacyInfo.xcprivacy\n./venv/lib/python3.12/site-packages/PyQt6/Qt6/lib/QtPdf.framework/Versions/A/QtPdf\n./venv/lib/python3.12/site-packages/PyQt6/Qt6/lib/QtSpatialAudio.framework/Resources/Info.plist\n./venv/lib/python3.12/site-packages/PyQt6/Qt6/lib/QtSpatialAudio.framework/Resources/PrivacyInfo.xcprivacy\n./venv/lib/python3.12/site-packages/PyQt6/Qt6/lib/QtSpatialAudio.framework/Versions/A/QtSpatialAudio\n./venv/lib/python3.12/site-packages/PyQt6/Qt6/lib/QtQuickLayouts.framework/Resources/Info.plist\n./venv/lib/python3.12/site-packages/PyQt6/Qt6/lib/QtQuickLayouts.framework/Resources/PrivacyInfo.xcprivacy\n./venv/lib/python3.12/site-packages/PyQt6/Qt6/lib/QtQuickLayouts.framework/Versions/A/QtQuickLayouts\n./venv/lib/python3.12/site-packages/PyQt6/Qt6/lib/QtQuickControls2Basic.framework/Resources/Info.plist\n./venv/lib/python3.12/site-packages/PyQt6/Qt6/lib/QtQuickControls2Basic.framework/Resources/PrivacyInfo.xcprivacy\n./venv/lib/python3.12/site-packages/PyQt6/Qt6/lib/QtQuickControls2Basic.framework/Versions/A/QtQuickControls2Basic\n./venv/lib/python3.12/site-packages/PyQt6/Qt6/lib/QtQuick3DRuntimeRender.framework/Resources/Info.plist\n./venv/lib/python3.12/site-packages/PyQt6/Qt6/lib/QtQuick3DRuntimeRender.framework/Resources/PrivacyInfo.xcprivacy\n./venv/lib/python3.12/site-packages/PyQt6/Qt6/lib/QtQuick3DRuntimeRender.framework/Versions/A/QtQuick3DRuntimeRender\n./venv/lib/python3.12/site-packages/PyQt6/Qt6/lib/QtHelp.framework/Resources/Info.plist\n./venv/lib/python3.12/site-packages/PyQt6/Qt6/lib/QtHelp.framework/Resources/PrivacyInfo.xcprivacy\n./venv/lib/python3.12/site-packages/PyQt6/Qt6/lib/QtHelp.framework/Versions/A/QtHelp\n./venv/lib/python3.12/site-packages/PyQt6/Qt6/lib/QtQuickVectorImage.framework/Resources/Info.plist\n./venv/lib/python3.12/site-packages/PyQt6/Qt6/lib/QtQuickVectorImage.framework/Resources/PrivacyInfo.xcprivacy\n./venv/lib/python3.12/site-packages/PyQt6/Qt6/lib/QtQuickVectorImage.framework/Versions/A/QtQuickVectorImage\n./venv/lib/python3.12/site-packages/PyQt6/Qt6/lib/QtPrintSupport.framework/Resources/Info.plist\n./venv/lib/python3.12/site-packages/PyQt6/Qt6/lib/QtPrintSupport.framework/Resources/PrivacyInfo.xcprivacy\n./venv/lib/python3.12/site-packages/PyQt6/Qt6/lib/QtPrintSupport.framework/Versions/A/QtPrintSupport\n./venv/lib/python3.12/site-packages/PyQt6/Qt6/lib/QtGui.framework/Resources/Info.plist\n./venv/lib/python3.12/site-packages/PyQt6/Qt6/lib/QtGui.framework/Resources/PrivacyInfo.xcprivacy\n./venv/lib/python3.12/site-packages/PyQt6/Qt6/lib/QtGui.framework/Versions/A/QtGui\n./venv/lib/python3.12/site-packages/PyQt6/Qt6/lib/QtDBus.framework/Resources/Info.plist\n./venv/lib/python3.12/site-packages/PyQt6/Qt6/lib/QtDBus.framework/Resources/PrivacyInfo.xcprivacy\n./venv/lib/python3.12/site-packages/PyQt6/Qt6/lib/QtDBus.framework/Versions/A/QtDBus\n./venv/lib/python3.12/site-packages/PyQt6/Qt6/lib/QtWebSockets.framework/Resources/Info.plist\n./venv/lib/python3.12/site-packages/PyQt6/Qt6/lib/QtWebSockets.framework/Resources/PrivacyInfo.xcprivacy\n./venv/lib/python3.12/site-packages/PyQt6/Qt6/lib/QtWebSockets.framework/Versions/A/QtWebSockets\n./venv/lib/python3.12/site-packages/PyQt6/Qt6/lib/QtQuickControls2Fusion.framework/Resources/Info.plist\n./venv/lib/python3.12/site-packages/PyQt6/Qt6/lib/QtQuickControls2Fusion.framework/Resources/PrivacyInfo.xcprivacy\n./venv/lib/python3.12/site-packages/PyQt6/Qt6/lib/QtQuickControls2Fusion.framework/Versions/A/QtQuickControls2Fusion\n./venv/lib/python3.12/site-packages/PyQt6/Qt6/lib/QtQuick3DUtils.framework/Resources/Info.plist\n./venv/lib/python3.12/site-packages/PyQt6/Qt6/lib/QtQuick3DUtils.framework/Resources/PrivacyInfo.xcprivacy\n./venv/lib/python3.12/site-packages/PyQt6/Qt6/lib/QtQuick3DUtils.framework/Versions/A/QtQuick3DUtils\n./venv/lib/python3.12/site-packages/PyQt6/Qt6/lib/QtQuickTemplates2.framework/Resources/Info.plist\n./venv/lib/python3.12/site-packages/PyQt6/Qt6/lib/QtQuickTemplates2.framework/Resources/PrivacyInfo.xcprivacy\n./venv/lib/python3.12/site-packages/PyQt6/Qt6/lib/QtQuickTemplates2.framework/Versions/A/QtQuickTemplates2\n./venv/lib/python3.12/site-packages/PyQt6/Qt6/lib/QtPositioningQuick.framework/Resources/Info.plist\n./venv/lib/python3.12/site-packages/PyQt6/Qt6/lib/QtPositioningQuick.framework/Resources/PrivacyInfo.xcprivacy\n./venv/lib/python3.12/site-packages/PyQt6/Qt6/lib/QtPositioningQuick.framework/Versions/A/QtPositioningQuick\n./venv/lib/python3.12/site-packages/PyQt6/Qt6/lib/QtQuickDialogs2Utils.framework/Resources/Info.plist\n./venv/lib/python3.12/site-packages/PyQt6/Qt6/lib/QtQuickDialogs2Utils.framework/Resources/PrivacyInfo.xcprivacy\n./venv/lib/python3.12/site-packages/PyQt6/Qt6/lib/QtQuickDialogs2Utils.framework/Versions/A/QtQuickDialogs2Utils\n./venv/lib/python3.12/site-packages/PyQt6/Qt6/lib/QtXml.framework/Resources/Info.plist\n./venv/lib/python3.12/site-packages/PyQt6/Qt6/lib/QtXml.framework/Resources/PrivacyInfo.xcprivacy\n./venv/lib/python3.12/site-packages/PyQt6/Qt6/lib/QtXml.framework/Versions/A/QtXml\n./venv/lib/python3.12/site-packages/PyQt6/Qt6/lib/QtQuick3DParticles.framework/Resources/Info.plist\n./venv/lib/python3.12/site-packages/PyQt6/Qt6/lib/QtQuick3DParticles.framework/Resources/PrivacyInfo.xcprivacy\n./venv/lib/python3.12/site-packages/PyQt6/Qt6/lib/QtQuick3DParticles.framework/Versions/A/QtQuick3DParticles\n./venv/lib/python3.12/site-packages/PyQt6/Qt6/lib/QtSerialPort.framework/Resources/Info.plist\n./venv/lib/python3.12/site-packages/PyQt6/Qt6/lib/QtSerialPort.framework/Resources/PrivacyInfo.xcprivacy\n./venv/lib/python3.12/site-packages/PyQt6/Qt6/lib/QtSerialPort.framework/Versions/A/QtSerialPort\n./venv/lib/python3.12/site-packages/PyQt6/Qt6/lib/QtQuick.framework/Resources/Info.plist\n./venv/lib/python3.12/site-packages/PyQt6/Qt6/lib/QtQuick.framework/Resources/PrivacyInfo.xcprivacy\n./venv/lib/python3.12/site-packages/PyQt6/Qt6/lib/QtQuick.framework/Versions/A/QtQuick\n./venv/lib/python3.12/site-packages/PyQt6/Qt6/lib/QtQuickEffects.framework/Resources/Info.plist\n./venv/lib/python3.12/site-packages/PyQt6/Qt6/lib/QtQuickEffects.framework/Resources/PrivacyInfo.xcprivacy\n./venv/lib/python3.12/site-packages/PyQt6/Qt6/lib/QtQuickEffects.framework/Versions/A/QtQuickEffects\n./venv/lib/python3.12/site-packages/PyQt6/Qt6/lib/QtQuickTimelineBlendTrees.framework/Resources/Info.plist\n./venv/lib/python3.12/site-packages/PyQt6/Qt6/lib/QtQuickTimelineBlendTrees.framework/Resources/PrivacyInfo.xcprivacy\n./venv/lib/python3.12/site-packages/PyQt6/Qt6/lib/QtQuickTimelineBlendTrees.framework/Versions/A/QtQuickTimelineBlendTrees\n./venv/lib/python3.12/site-packages/PyQt6/Qt6/lib/QtCore.framework/Resources/Info.plist\n./venv/lib/python3.12/site-packages/PyQt6/Qt6/lib/QtCore.framework/Resources/PrivacyInfo.xcprivacy\n./venv/lib/python3.12/site-packages/PyQt6/Qt6/lib/QtCore.framework/Versions/A/QtCore\n./venv/lib/python3.12/site-packages/PyQt6/Qt6/lib/QtQuickDialogs2QuickImpl.framework/Resources/Info.plist\n./venv/lib/python3.12/site-packages/PyQt6/Qt6/lib/QtQuickDialogs2QuickImpl.framework/Resources/PrivacyInfo.xcprivacy\n./venv/lib/python3.12/site-packages/PyQt6/Qt6/lib/QtQuickDialogs2QuickImpl.framework/Versions/A/QtQuickDialogs2QuickImpl\n./venv/lib/python3.12/site-packages/PyQt6/Qt6/lib/QtQuick3DGlslParser.framework/Resources/Info.plist\n./venv/lib/python3.12/site-packages/PyQt6/Qt6/lib/QtQuick3DGlslParser.framework/Resources/PrivacyInfo.xcprivacy\n./venv/lib/python3.12/site-packages/PyQt6/Qt6/lib/QtQuick3DGlslParser.framework/Versions/A/QtQuick3DGlslParser\n./venv/lib/python3.12/site-packages/PyQt6/Qt6/lib/QtSensorsQuick.framework/Resources/Info.plist\n./venv/lib/python3.12/site-packages/PyQt6/Qt6/lib/QtSensorsQuick.framework/Resources/PrivacyInfo.xcprivacy\n./venv/lib/python3.12/site-packages/PyQt6/Qt6/lib/QtSensorsQuick.framework/Versions/A/QtSensorsQuick\n./venv/lib/python3.12/site-packages/PyQt6/Qt6/lib/QtQml.framework/Resources/Info.plist\n./venv/lib/python3.12/site-packages/PyQt6/Qt6/lib/QtQml.framework/Resources/PrivacyInfo.xcprivacy\n./venv/lib/python3.12/site-packages/PyQt6/Qt6/lib/QtQml.framework/Versions/A/QtQml\n./venv/lib/python3.12/site-packages/PyQt6/Qt6/lib/QtWebChannel.framework/Resources/Info.plist\n./venv/lib/python3.12/site-packages/PyQt6/Qt6/lib/QtWebChannel.framework/Resources/PrivacyInfo.xcprivacy\n./venv/lib/python3.12/site-packages/PyQt6/Qt6/lib/QtWebChannel.framework/Versions/A/QtWebChannel\n./venv/lib/python3.12/site-packages/PyQt6/Qt6/lib/QtQuickVectorImageGenerator.framework/Resources/Info.plist\n./venv/lib/python3.12/site-packages/PyQt6/Qt6/lib/QtQuickVectorImageGenerator.framework/Resources/PrivacyInfo.xcprivacy\n./venv/lib/python3.12/site-packages/PyQt6/Qt6/lib/QtQuickVectorImageGenerator.framework/Versions/A/QtQuickVectorImageGenerator\n./venv/lib/python3.12/site-packages/PyQt6/Qt6/lib/QtMultimedia.framework/Resources/Info.plist\n./venv/lib/python3.12/site-packages/PyQt6/Qt6/lib/QtMultimedia.framework/Resources/PrivacyInfo.xcprivacy\n./venv/lib/python3.12/site-packages/PyQt6/Qt6/lib/QtMultimedia.framework/Versions/A/QtMultimedia\n./venv/lib/python3.12/site-packages/PyQt6/Qt6/lib/QtQmlWorkerScript.framework/Resources/Info.plist\n./venv/lib/python3.12/site-packages/PyQt6/Qt6/lib/QtQmlWorkerScript.framework/Resources/PrivacyInfo.xcprivacy\n./venv/lib/python3.12/site-packages/PyQt6/Qt6/lib/QtQmlWorkerScript.framework/Versions/A/QtQmlWorkerScript\n./venv/lib/python3.12/site-packages/PyQt6/Qt6/lib/QtStateMachine.framework/Resources/Info.plist\n./venv/lib/python3.12/site-packages/PyQt6/Qt6/lib/QtStateMachine.framework/Resources/PrivacyInfo.xcprivacy\n./venv/lib/python3.12/site-packages/PyQt6/Qt6/lib/QtStateMachine.framework/Versions/A/QtStateMachine\n./venv/lib/python3.12/site-packages/PyQt6/Qt6/lib/QtQuickControls2Impl.framework/Resources/Info.plist\n./venv/lib/python3.12/site-packages/PyQt6/Qt6/lib/QtQuickControls2Impl.framework/Resources/PrivacyInfo.xcprivacy\n./venv/lib/python3.12/site-packages/PyQt6/Qt6/lib/QtQuickControls2Impl.framework/Versions/A/QtQuickControls2Impl\n./venv/lib/python3.12/site-packages/PyQt6/Qt6/lib/QtOpenGL.framework/Resources/Info.plist\n./venv/lib/python3.12/site-packages/PyQt6/Qt6/lib/QtOpenGL.framework/Resources/PrivacyInfo.xcprivacy\n./venv/lib/python3.12/site-packages/PyQt6/Qt6/lib/QtOpenGL.framework/Versions/A/QtOpenGL\n./venv/lib/python3.12/site-packages/PyQt6/Qt6/lib/QtQuick3DPhysicsHelpers.framework/Resources/Info.plist\n./venv/lib/python3.12/site-packages/PyQt6/Qt6/lib/QtQuick3DPhysicsHelpers.framework/Resources/PrivacyInfo.xcprivacy\n./venv/lib/python3.12/site-packages/PyQt6/Qt6/lib/QtQuick3DPhysicsHelpers.framework/Versions/A/QtQuick3DPhysicsHelpers\n./venv/lib/python3.12/site-packages/PyQt6/Qt6/lib/QtLabsQmlModels.framework/Resources/Info.plist\n./venv/lib/python3.12/site-packages/PyQt6/Qt6/lib/QtLabsQmlModels.framework/Resources/PrivacyInfo.xcprivacy\n./venv/lib/python3.12/site-packages/PyQt6/Qt6/lib/QtLabsQmlModels.framework/Versions/A/QtLabsQmlModels\n./venv/lib/python3.12/site-packages/PyQt6/Qt6/lib/QtQuickControls2Universal.framework/Resources/Info.plist\n./venv/lib/python3.12/site-packages/PyQt6/Qt6/lib/QtQuickControls2Universal.framework/Resources/PrivacyInfo.xcprivacy\n./venv/lib/python3.12/site-packages/PyQt6/Qt6/lib/QtQuickControls2Universal.framework/Versions/A/QtQuickControls2Universal\n./venv/lib/python3.12/site-packages/PyQt6/Qt6/lib/QtOpenGLWidgets.framework/Resources/Info.plist\n./venv/lib/python3.12/site-packages/PyQt6/Qt6/lib/QtOpenGLWidgets.framework/Resources/PrivacyInfo.xcprivacy\n./venv/lib/python3.12/site-packages/PyQt6/Qt6/lib/QtOpenGLWidgets.framework/Versions/A/QtOpenGLWidgets\n./venv/lib/python3.12/site-packages/PyQt6/Qt6/lib/QtLabsSettings.framework/Resources/Info.plist\n./venv/lib/python3.12/site-packages/PyQt6/Qt6/lib/QtLabsSettings.framework/Resources/PrivacyInfo.xcprivacy\n./venv/lib/python3.12/site-packages/PyQt6/Qt6/lib/QtLabsSettings.framework/Versions/A/QtLabsSettings\n./venv/lib/python3.12/site-packages/PyQt6/Qt6/lib/QtSvgWidgets.framework/Resources/Info.plist\n./venv/lib/python3.12/site-packages/PyQt6/Qt6/lib/QtSvgWidgets.framework/Resources/PrivacyInfo.xcprivacy\n./venv/lib/python3.12/site-packages/PyQt6/Qt6/lib/QtSvgWidgets.framework/Versions/A/QtSvgWidgets\n./venv/lib/python3.12/site-packages/PyQt6/Qt6/lib/QtQuickControls2MacOSStyleImpl.framework/Resources/Info.plist\n./venv/lib/python3.12/site-packages/PyQt6/Qt6/lib/QtQuickControls2MacOSStyleImpl.framework/Resources/PrivacyInfo.xcprivacy\n./venv/lib/python3.12/site-packages/PyQt6/Qt6/lib/QtQuickControls2MacOSStyleImpl.framework/Versions/A/QtQuickControls2MacOSStyleImpl\n./venv/lib/python3.12/site-packages/PyQt6/Qt6/lib/QtQuickControls2MaterialStyleImpl.framework/Resources/Info.plist\n./venv/lib/python3.12/site-packages/PyQt6/Qt6/lib/QtQuickControls2MaterialStyleImpl.framework/Resources/PrivacyInfo.xcprivacy\n./venv/lib/python3.12/site-packages/PyQt6/Qt6/lib/QtQuickControls2MaterialStyleImpl.framework/Versions/A/QtQuickControls2MaterialStyleImpl\n./venv/lib/python3.12/site-packages/PyQt6/Qt6/lib/QtTest.framework/Resources/Info.plist\n./venv/lib/python3.12/site-packages/PyQt6/Qt6/lib/QtTest.framework/Resources/PrivacyInfo.xcprivacy\n./venv/lib/python3.12/site-packages/PyQt6/Qt6/lib/QtTest.framework/Versions/A/QtTest\n./venv/lib/python3.12/site-packages/PyQt6/Qt6/lib/QtWidgets.framework/Resources/Info.plist\n./venv/lib/python3.12/site-packages/PyQt6/Qt6/lib/QtWidgets.framework/Resources/PrivacyInfo.xcprivacy\n./venv/lib/python3.12/site-packages/PyQt6/Qt6/lib/QtWidgets.framework/Versions/A/QtWidgets\n./venv/lib/python3.12/site-packages/PyQt6/Qt6/lib/QtPositioning.framework/Resources/Info.plist\n./venv/lib/python3.12/site-packages/PyQt6/Qt6/lib/QtPositioning.framework/Resources/PrivacyInfo.xcprivacy\n./venv/lib/python3.12/site-packages/PyQt6/Qt6/lib/QtPositioning.framework/Versions/A/QtPositioning\n./venv/lib/python3.12/site-packages/PyQt6/Qt6/lib/QtBluetooth.framework/Resources/Info.plist\n./venv/lib/python3.12/site-packages/PyQt6/Qt6/lib/QtBluetooth.framework/Resources/PrivacyInfo.xcprivacy\n./venv/lib/python3.12/site-packages/PyQt6/Qt6/lib/QtBluetooth.framework/Versions/A/QtBluetooth\n./venv/lib/python3.12/site-packages/PyQt6/Qt6/lib/QtQuick3D.framework/Resources/Info.plist\n./venv/lib/python3.12/site-packages/PyQt6/Qt6/lib/QtQuick3D.framework/Resources/PrivacyInfo.xcprivacy\n./venv/lib/python3.12/site-packages/PyQt6/Qt6/lib/QtQuick3D.framework/Versions/A/QtQuick3D\n./venv/lib/python3.12/site-packages/PyQt6/Qt6/lib/QtQuick3DHelpersImpl.framework/Resources/Info.plist\n./venv/lib/python3.12/site-packages/PyQt6/Qt6/lib/QtQuick3DHelpersImpl.framework/Resources/PrivacyInfo.xcprivacy\n./venv/lib/python3.12/site-packages/PyQt6/Qt6/lib/QtQuick3DHelpersImpl.framework/Versions/A/QtQuick3DHelpersImpl\n./venv/lib/python3.12/site-packages/PyQt6/Qt6/lib/QtQuickShapes.framework/Resources/Info.plist\n./venv/lib/python3.12/site-packages/PyQt6/Qt6/lib/QtQuickShapes.framework/Resources/PrivacyInfo.xcprivacy\n./venv/lib/python3.12/site-packages/PyQt6/Qt6/lib/QtQuickShapes.framework/Versions/A/QtQuickShapes\n./venv/lib/python3.12/site-packages/PyQt6/Qt6/lib/QtQuickTest.framework/Resources/Info.plist\n./venv/lib/python3.12/site-packages/PyQt6/Qt6/lib/QtQuickTest.framework/Resources/PrivacyInfo.xcprivacy\n./venv/lib/python3.12/site-packages/PyQt6/Qt6/lib/QtQuickTest.framework/Versions/A/QtQuickTest\n./venv/lib/python3.12/site-packages/PyQt6/Qt6/lib/QtNetwork.framework/Resources/Info.plist\n./venv/lib/python3.12/site-packages/PyQt6/Qt6/lib/QtNetwork.framework/Resources/PrivacyInfo.xcprivacy\n./venv/lib/python3.12/site-packages/PyQt6/Qt6/lib/QtNetwork.framework/Versions/A/QtNetwork\n./venv/lib/python3.12/site-packages/PyQt6/Qt6/lib/QtQuickControls2UniversalStyleImpl.framework/Resources/Info.plist\n./venv/lib/python3.12/site-packages/PyQt6/Qt6/lib/QtQuickControls2UniversalStyleImpl.framework/Resources/PrivacyInfo.xcprivacy\n./venv/lib/python3.12/site-packages/PyQt6/Qt6/lib/QtQuickControls2UniversalStyleImpl.framework/Versions/A/QtQuickControls2UniversalStyleImpl\n./venv/lib/python3.12/site-packages/PyQt6/Qt6/lib/QtQuick3DSpatialAudio.framework/Resources/Info.plist\n./venv/lib/python3.12/site-packages/PyQt6/Qt6/lib/QtQuick3DSpatialAudio.framework/Resources/PrivacyInfo.xcprivacy\n./venv/lib/python3.12/site-packages/PyQt6/Qt6/lib/QtQuick3DSpatialAudio.framework/Versions/A/QtQuick3DSpatialAudio\n./venv/lib/python3.12/site-packages/PyQt6/Qt6/lib/QtSvg.framework/Resources/Info.plist\n./venv/lib/python3.12/site-packages/PyQt6/Qt6/lib/QtSvg.framework/Resources/PrivacyInfo.xcprivacy\n./venv/lib/python3.12/site-packages/PyQt6/Qt6/lib/QtSvg.framework/Versions/A/QtSvg\n./venv/lib/python3.12/site-packages/PyQt6/Qt6/lib/QtQuickControls2IOSStyleImpl.framework/Resources/Info.plist\n./venv/lib/python3.12/site-packages/PyQt6/Qt6/lib/QtQuickControls2IOSStyleImpl.framework/Resources/PrivacyInfo.xcprivacy\n./venv/lib/python3.12/site-packages/PyQt6/Qt6/lib/QtQuickControls2IOSStyleImpl.framework/Versions/A/QtQuickControls2IOSStyleImpl\n./venv/lib/python3.12/site-packages/PyQt6/Qt6/lib/QtQuick3DIblBaker.framework/Resources/Info.plist\n./venv/lib/python3.12/site-packages/PyQt6/Qt6/lib/QtQuick3DIblBaker.framework/Resources/PrivacyInfo.xcprivacy\n./venv/lib/python3.12/site-packages/PyQt6/Qt6/lib/QtQuick3DIblBaker.framework/Versions/A/QtQuick3DIblBaker\n./venv/lib/python3.12/site-packages/PyQt6/Qt6/lib/QtQuickControls2Imagine.framework/Resources/Info.plist\n./venv/lib/python3.12/site-packages/PyQt6/Qt6/lib/QtQuickControls2Imagine.framework/Resources/PrivacyInfo.xcprivacy\n./venv/lib/python3.12/site-packages/PyQt6/Qt6/lib/QtQuickControls2Imagine.framework/Versions/A/QtQuickControls2Imagine\n./venv/lib/python3.12/site-packages/PyQt6/Qt6/lib/QtQuick3DEffects.framework/Resources/Info.plist\n./venv/lib/python3.12/site-packages/PyQt6/Qt6/lib/QtQuick3DEffects.framework/Resources/PrivacyInfo.xcprivacy\n./venv/lib/python3.12/site-packages/PyQt6/Qt6/lib/QtQuick3DEffects.framework/Versions/A/QtQuick3DEffects\n./venv/lib/python3.12/site-packages/PyQt6/Qt6/lib/QtMultimediaWidgets.framework/Resources/Info.plist\n./venv/lib/python3.12/site-packages/PyQt6/Qt6/lib/QtMultimediaWidgets.framework/Resources/PrivacyInfo.xcprivacy\n./venv/lib/python3.12/site-packages/PyQt6/Qt6/lib/QtMultimediaWidgets.framework/Versions/A/QtMultimediaWidgets\n./venv/lib/python3.12/site-packages/PyQt6/Qt6/lib/QtWebChannelQuick.framework/Resources/Info.plist\n./venv/lib/python3.12/site-packages/PyQt6/Qt6/lib/QtWebChannelQuick.framework/Resources/PrivacyInfo.xcprivacy\n./venv/lib/python3.12/site-packages/PyQt6/Qt6/lib/QtWebChannelQuick.framework/Versions/A/QtWebChannelQuick\n./venv/lib/python3.12/site-packages/PyQt6/Qt6/lib/QtQmlModels.framework/Resources/Info.plist\n./venv/lib/python3.12/site-packages/PyQt6/Qt6/lib/QtQmlModels.framework/Resources/PrivacyInfo.xcprivacy\n./venv/lib/python3.12/site-packages/PyQt6/Qt6/lib/QtQmlModels.framework/Versions/A/QtQmlModels\n./venv/lib/python3.12/site-packages/PyQt6/Qt6/lib/QtLabsAnimation.framework/Resources/Info.plist\n./venv/lib/python3.12/site-packages/PyQt6/Qt6/lib/QtLabsAnimation.framework/Resources/PrivacyInfo.xcprivacy\n./venv/lib/python3.12/site-packages/PyQt6/Qt6/lib/QtLabsAnimation.framework/Versions/A/QtLabsAnimation\n./venv/lib/python3.12/site-packages/PyQt6/Qt6/lib/QtPdfQuick.framework/Resources/Info.plist\n./venv/lib/python3.12/site-packages/PyQt6/Qt6/lib/QtPdfQuick.framework/Resources/PrivacyInfo.xcprivacy\n./venv/lib/python3.12/site-packages/PyQt6/Qt6/lib/QtPdfQuick.framework/Versions/A/QtPdfQuick\n./venv/lib/python3.12/site-packages/PyQt6/Qt6/lib/QtLabsFolderListModel.framework/Resources/Info.plist\n./venv/lib/python3.12/site-packages/PyQt6/Qt6/lib/QtLabsFolderListModel.framework/Resources/PrivacyInfo.xcprivacy\n./venv/lib/python3.12/site-packages/PyQt6/Qt6/lib/QtLabsFolderListModel.framework/Versions/A/QtLabsFolderListModel\n./venv/lib/python3.12/site-packages/PyQt6/Qt6/lib/QtQuick3DPhysics.framework/Resources/Info.plist\n./venv/lib/python3.12/site-packages/PyQt6/Qt6/lib/QtQuick3DPhysics.framework/Resources/PrivacyInfo.xcprivacy\n./venv/lib/python3.12/site-packages/PyQt6/Qt6/lib/QtQuick3DPhysics.framework/Versions/A/QtQuick3DPhysics\n./venv/lib/python3.12/site-packages/PyQt6/Qt6/lib/QtRemoteObjectsQml.framework/Resources/Info.plist\n./venv/lib/python3.12/site-packages/PyQt6/Qt6/lib/QtRemoteObjectsQml.framework/Resources/PrivacyInfo.xcprivacy\n./venv/lib/python3.12/site-packages/PyQt6/Qt6/lib/QtRemoteObjectsQml.framework/Versions/A/QtRemoteObjectsQml\n./venv/lib/python3.12/site-packages/PyQt6/Qt6/lib/QtSensors.framework/Resources/Info.plist\n./venv/lib/python3.12/site-packages/PyQt6/Qt6/lib/QtSensors.framework/Resources/PrivacyInfo.xcprivacy\n./venv/lib/python3.12/site-packages/PyQt6/Qt6/lib/QtSensors.framework/Versions/A/QtSensors\n./venv/lib/python3.12/site-packages/PyQt6/Qt6/lib/QtQuick3DHelpers.framework/Resources/Info.plist\n./venv/lib/python3.12/site-packages/PyQt6/Qt6/lib/QtQuick3DHelpers.framework/Resources/PrivacyInfo.xcprivacy\n./venv/lib/python3.12/site-packages/PyQt6/Qt6/lib/QtQuick3DHelpers.framework/Versions/A/QtQuick3DHelpers\n./venv/lib/python3.12/site-packages/PyQt6/Qt6/lib/QtQuickDialogs2.framework/Resources/Info.plist\n./venv/lib/python3.12/site-packages/PyQt6/Qt6/lib/QtQuickDialogs2.framework/Resources/PrivacyInfo.xcprivacy\n./venv/lib/python3.12/site-packages/PyQt6/Qt6/lib/QtQuickDialogs2.framework/Versions/A/QtQuickDialogs2\n./venv/lib/python3.12/site-packages/PyQt6/Qt6/lib/QtLabsWavefrontMesh.framework/Resources/Info.plist\n./venv/lib/python3.12/site-packages/PyQt6/Qt6/lib/QtLabsWavefrontMesh.framework/Resources/PrivacyInfo.xcprivacy\n./venv/lib/python3.12/site-packages/PyQt6/Qt6/lib/QtLabsWavefrontMesh.framework/Versions/A/QtLabsWavefrontMesh\n./venv/lib/python3.12/site-packages/PyQt6/Qt6/lib/QtTextToSpeech.framework/Resources/Info.plist\n./venv/lib/python3.12/site-packages/PyQt6/Qt6/lib/QtTextToSpeech.framework/Resources/PrivacyInfo.xcprivacy\n./venv/lib/python3.12/site-packages/PyQt6/Qt6/lib/QtTextToSpeech.framework/Versions/A/QtTextToSpeech\n./venv/lib/python3.12/site-packages/PyQt6/Qt6/lib/QtStateMachineQml.framework/Resources/Info.plist\n./venv/lib/python3.12/site-packages/PyQt6/Qt6/lib/QtStateMachineQml.framework/Resources/PrivacyInfo.xcprivacy\n./venv/lib/python3.12/site-packages/PyQt6/Qt6/lib/QtStateMachineQml.framework/Versions/A/QtStateMachineQml\n./venv/lib/python3.12/site-packages/PyQt6/Qt6/lib/QtSql.framework/Resources/Info.plist\n./venv/lib/python3.12/site-packages/PyQt6/Qt6/lib/QtSql.framework/Resources/PrivacyInfo.xcprivacy\n./venv/lib/python3.12/site-packages/PyQt6/Qt6/lib/QtSql.framework/Versions/A/QtSql\n./venv/lib/python3.12/site-packages/PyQt6/Qt6/lib/QtConcurrent.framework/Resources/Info.plist\n./venv/lib/python3.12/site-packages/PyQt6/Qt6/lib/QtConcurrent.framework/Resources/PrivacyInfo.xcprivacy\n./venv/lib/python3.12/site-packages/PyQt6/Qt6/lib/QtConcurrent.framework/Versions/A/QtConcurrent\n./venv/lib/python3.12/site-packages/PyQt6/Qt6/qsci/api/python/PyQt6.api\n./venv/lib/python3.12/site-packages/PyQt6/Qt6/translations/qt_ar.qm\n./venv/lib/python3.12/site-packages/PyQt6/Qt6/translations/qt_bg.qm\n./venv/lib/python3.12/site-packages/PyQt6/Qt6/translations/qt_ca.qm\n./venv/lib/python3.12/site-packages/PyQt6/Qt6/translations/qt_cs.qm\n./venv/lib/python3.12/site-packages/PyQt6/Qt6/translations/qt_da.qm\n./venv/lib/python3.12/site-packages/PyQt6/Qt6/translations/qt_de.qm\n./venv/lib/python3.12/site-packages/PyQt6/Qt6/translations/qt_en.qm\n./venv/lib/python3.12/site-packages/PyQt6/Qt6/translations/qt_es.qm\n./venv/lib/python3.12/site-packages/PyQt6/Qt6/translations/qt_fa.qm\n./venv/lib/python3.12/site-packages/PyQt6/Qt6/translations/qt_fi.qm\n./venv/lib/python3.12/site-packages/PyQt6/Qt6/translations/qt_fr.qm\n./venv/lib/python3.12/site-packages/PyQt6/Qt6/translations/qt_gd.qm\n./venv/lib/python3.12/site-packages/PyQt6/Qt6/translations/qt_gl.qm\n./venv/lib/python3.12/site-packages/PyQt6/Qt6/translations/qt_he.qm\n./venv/lib/python3.12/site-packages/PyQt6/Qt6/translations/qt_help_ar.qm\n./venv/lib/python3.12/site-packages/PyQt6/Qt6/translations/qt_help_bg.qm\n./venv/lib/python3.12/site-packages/PyQt6/Qt6/translations/qt_help_ca.qm\n./venv/lib/python3.12/site-packages/PyQt6/Qt6/translations/qt_help_cs.qm\n./venv/lib/python3.12/site-packages/PyQt6/Qt6/translations/qt_help_da.qm\n./venv/lib/python3.12/site-packages/PyQt6/Qt6/translations/qt_help_de.qm\n./venv/lib/python3.12/site-packages/PyQt6/Qt6/translations/qt_help_en.qm\n./venv/lib/python3.12/site-packages/PyQt6/Qt6/translations/qt_help_es.qm\n./venv/lib/python3.12/site-packages/PyQt6/Qt6/translations/qt_help_fr.qm\n./venv/lib/python3.12/site-packages/PyQt6/Qt6/translations/qt_help_gl.qm\n./venv/lib/python3.12/site-packages/PyQt6/Qt6/translations/qt_help_hr.qm\n./venv/lib/python3.12/site-packages/PyQt6/Qt6/translations/qt_help_hu.qm\n./venv/lib/python3.12/site-packages/PyQt6/Qt6/translations/qt_help_it.qm\n./venv/lib/python3.12/site-packages/PyQt6/Qt6/translations/qt_help_ja.qm\n./venv/lib/python3.12/site-packages/PyQt6/Qt6/translations/qt_help_ka.qm\n./venv/lib/python3.12/site-packages/PyQt6/Qt6/translations/qt_help_ko.qm\n./venv/lib/python3.12/site-packages/PyQt6/Qt6/translations/qt_help_nl.qm\n./venv/lib/python3.12/site-packages/PyQt6/Qt6/translations/qt_help_nn.qm\n./venv/lib/python3.12/site-packages/PyQt6/Qt6/translations/qt_help_pl.qm\n./venv/lib/python3.12/site-packages/PyQt6/Qt6/translations/qt_help_pt_BR.qm\n./venv/lib/python3.12/site-packages/PyQt6/Qt6/translations/qt_help_ru.qm\n./venv/lib/python3.12/site-packages/PyQt6/Qt6/translations/qt_help_sk.qm\n./venv/lib/python3.12/site-packages/PyQt6/Qt6/translations/qt_help_sl.qm\n./venv/lib/python3.12/site-packages/PyQt6/Qt6/translations/qt_help_sv.qm\n./venv/lib/python3.12/site-packages/PyQt6/Qt6/translations/qt_help_tr.qm\n./venv/lib/python3.12/site-packages/PyQt6/Qt6/translations/qt_help_uk.qm\n./venv/lib/python3.12/site-packages/PyQt6/Qt6/translations/qt_help_zh_CN.qm\n./venv/lib/python3.12/site-packages/PyQt6/Qt6/translations/qt_help_zh_TW.qm\n./venv/lib/python3.12/site-packages/PyQt6/Qt6/translations/qt_hr.qm\n./venv/lib/python3.12/site-packages/PyQt6/Qt6/translations/qt_hu.qm\n./venv/lib/python3.12/site-packages/PyQt6/Qt6/translations/qt_it.qm\n./venv/lib/python3.12/site-packages/PyQt6/Qt6/translations/qt_ja.qm\n./venv/lib/python3.12/site-packages/PyQt6/Qt6/translations/qt_ka.qm\n./venv/lib/python3.12/site-packages/PyQt6/Qt6/translations/qt_ko.qm\n./venv/lib/python3.12/site-packages/PyQt6/Qt6/translations/qt_lg.qm\n./venv/lib/python3.12/site-packages/PyQt6/Qt6/translations/qt_lt.qm\n./venv/lib/python3.12/site-packages/PyQt6/Qt6/translations/qt_lv.qm\n./venv/lib/python3.12/site-packages/PyQt6/Qt6/translations/qt_nl.qm\n./venv/lib/python3.12/site-packages/PyQt6/Qt6/translations/qt_nn.qm\n./venv/lib/python3.12/site-packages/PyQt6/Qt6/translations/qt_pl.qm\n./venv/lib/python3.12/site-packages/PyQt6/Qt6/translations/qt_pt_BR.qm\n./venv/lib/python3.12/site-packages/PyQt6/Qt6/translations/qt_pt_PT.qm\n./venv/lib/python3.12/site-packages/PyQt6/Qt6/translations/qt_ru.qm\n./venv/lib/python3.12/site-packages/PyQt6/Qt6/translations/qt_sk.qm\n./venv/lib/python3.12/site-packages/PyQt6/Qt6/translations/qt_sl.qm\n./venv/lib/python3.12/site-packages/PyQt6/Qt6/translations/qt_sv.qm\n./venv/lib/python3.12/site-packages/PyQt6/Qt6/translations/qt_tr.qm\n./venv/lib/python3.12/site-packages/PyQt6/Qt6/translations/qt_uk.qm\n./venv/lib/python3.12/site-packages/PyQt6/Qt6/translations/qt_zh_CN.qm\n./venv/lib/python3.12/site-packages/PyQt6/Qt6/translations/qt_zh_TW.qm\n./venv/lib/python3.12/site-packages/PyQt6/Qt6/translations/qtbase_ar.qm\n./venv/lib/python3.12/site-packages/PyQt6/Qt6/translations/qtbase_bg.qm\n./venv/lib/python3.12/site-packages/PyQt6/Qt6/translations/qtbase_ca.qm\n./venv/lib/python3.12/site-packages/PyQt6/Qt6/translations/qtbase_cs.qm\n./venv/lib/python3.12/site-packages/PyQt6/Qt6/translations/qtbase_da.qm\n./venv/lib/python3.12/site-packages/PyQt6/Qt6/translations/qtbase_de.qm\n./venv/lib/python3.12/site-packages/PyQt6/Qt6/translations/qtbase_en.qm\n./venv/lib/python3.12/site-packages/PyQt6/Qt6/translations/qtbase_es.qm\n./venv/lib/python3.12/site-packages/PyQt6/Qt6/translations/qtbase_fa.qm\n./venv/lib/python3.12/site-packages/PyQt6/Qt6/translations/qtbase_fi.qm\n./venv/lib/python3.12/site-packages/PyQt6/Qt6/translations/qtbase_fr.qm\n./venv/lib/python3.12/site-packages/PyQt6/Qt6/translations/qtbase_gd.qm\n./venv/lib/python3.12/site-packages/PyQt6/Qt6/translations/qtbase_he.qm\n./venv/lib/python3.12/site-packages/PyQt6/Qt6/translations/qtbase_hr.qm\n./venv/lib/python3.12/site-packages/PyQt6/Qt6/translations/qtbase_hu.qm\n./venv/lib/python3.12/site-packages/PyQt6/Qt6/translations/qtbase_it.qm\n./venv/lib/python3.12/site-packages/PyQt6/Qt6/translations/qtbase_ja.qm\n./venv/lib/python3.12/site-packages/PyQt6/Qt6/translations/qtbase_ka.qm\n./venv/lib/python3.12/site-packages/PyQt6/Qt6/translations/qtbase_ko.qm\n./venv/lib/python3.12/site-packages/PyQt6/Qt6/translations/qtbase_lg.qm\n./venv/lib/python3.12/site-packages/PyQt6/Qt6/translations/qtbase_lv.qm\n./venv/lib/python3.12/site-packages/PyQt6/Qt6/translations/qtbase_nl.qm\n./venv/lib/python3.12/site-packages/PyQt6/Qt6/translations/qtbase_nn.qm\n./venv/lib/python3.12/site-packages/PyQt6/Qt6/translations/qtbase_pl.qm\n./venv/lib/python3.12/site-packages/PyQt6/Qt6/translations/qtbase_pt_BR.qm\n./venv/lib/python3.12/site-packages/PyQt6/Qt6/translations/qtbase_ru.qm\n./venv/lib/python3.12/site-packages/PyQt6/Qt6/translations/qtbase_sk.qm\n./venv/lib/python3.12/site-packages/PyQt6/Qt6/translations/qtbase_sv.qm\n./venv/lib/python3.12/site-packages/PyQt6/Qt6/translations/qtbase_tr.qm\n./venv/lib/python3.12/site-packages/PyQt6/Qt6/translations/qtbase_uk.qm\n./venv/lib/python3.12/site-packages/PyQt6/Qt6/translations/qtbase_zh_CN.qm\n./venv/lib/python3.12/site-packages/PyQt6/Qt6/translations/qtbase_zh_TW.qm\n./venv/lib/python3.12/site-packages/PyQt6/Qt6/translations/qtconnectivity_bg.qm\n./venv/lib/python3.12/site-packages/PyQt6/Qt6/translations/qtconnectivity_ca.qm\n./venv/lib/python3.12/site-packages/PyQt6/Qt6/translations/qtconnectivity_da.qm\n./venv/lib/python3.12/site-packages/PyQt6/Qt6/translations/qtconnectivity_de.qm\n./venv/lib/python3.12/site-packages/PyQt6/Qt6/translations/qtconnectivity_en.qm\n./venv/lib/python3.12/site-packages/PyQt6/Qt6/translations/qtconnectivity_es.qm\n./venv/lib/python3.12/site-packages/PyQt6/Qt6/translations/qtconnectivity_hr.qm\n./venv/lib/python3.12/site-packages/PyQt6/Qt6/translations/qtconnectivity_hu.qm\n./venv/lib/python3.12/site-packages/PyQt6/Qt6/translations/qtconnectivity_ka.qm\n./venv/lib/python3.12/site-packages/PyQt6/Qt6/translations/qtconnectivity_ko.qm\n./venv/lib/python3.12/site-packages/PyQt6/Qt6/translations/qtconnectivity_nl.qm\n./venv/lib/python3.12/site-packages/PyQt6/Qt6/translations/qtconnectivity_pl.qm\n./venv/lib/python3.12/site-packages/PyQt6/Qt6/translations/qtconnectivity_pt_BR.qm\n./venv/lib/python3.12/site-packages/PyQt6/Qt6/translations/qtconnectivity_ru.qm\n./venv/lib/python3.12/site-packages/PyQt6/Qt6/translations/qtconnectivity_sv.qm\n./venv/lib/python3.12/site-packages/PyQt6/Qt6/translations/qtconnectivity_tr.qm\n./venv/lib/python3.12/site-packages/PyQt6/Qt6/translations/qtconnectivity_uk.qm\n./venv/lib/python3.12/site-packages/PyQt6/Qt6/translations/qtconnectivity_zh_CN.qm\n./venv/lib/python3.12/site-packages/PyQt6/Qt6/translations/qtdeclarative_ar.qm\n./venv/lib/python3.12/site-packages/PyQt6/Qt6/translations/qtdeclarative_bg.qm\n./venv/lib/python3.12/site-packages/PyQt6/Qt6/translations/qtdeclarative_ca.qm\n./venv/lib/python3.12/site-packages/PyQt6/Qt6/translations/qtdeclarative_da.qm\n./venv/lib/python3.12/site-packages/PyQt6/Qt6/translations/qtdeclarative_de.qm\n./venv/lib/python3.12/site-packages/PyQt6/Qt6/translations/qtdeclarative_en.qm\n./venv/lib/python3.12/site-packages/PyQt6/Qt6/translations/qtdeclarative_es.qm\n./venv/lib/python3.12/site-packages/PyQt6/Qt6/translations/qtdeclarative_fa.qm\n./venv/lib/python3.12/site-packages/PyQt6/Qt6/translations/qtdeclarative_fi.qm\n./venv/lib/python3.12/site-packages/PyQt6/Qt6/translations/qtdeclarative_fr.qm\n./venv/lib/python3.12/site-packages/PyQt6/Qt6/translations/qtdeclarative_hr.qm\n./venv/lib/python3.12/site-packages/PyQt6/Qt6/translations/qtdeclarative_hu.qm\n./venv/lib/python3.12/site-packages/PyQt6/Qt6/translations/qtdeclarative_ja.qm\n./venv/lib/python3.12/site-packages/PyQt6/Qt6/translations/qtdeclarative_ka.qm\n./venv/lib/python3.12/site-packages/PyQt6/Qt6/translations/qtdeclarative_ko.qm\n./venv/lib/python3.12/site-packages/PyQt6/Qt6/translations/qtdeclarative_lv.qm\n./venv/lib/python3.12/site-packages/PyQt6/Qt6/translations/qtdeclarative_nl.qm\n./venv/lib/python3.12/site-packages/PyQt6/Qt6/translations/qtdeclarative_nn.qm\n./venv/lib/python3.12/site-packages/PyQt6/Qt6/translations/qtdeclarative_pl.qm\n./venv/lib/python3.12/site-packages/PyQt6/Qt6/translations/qtdeclarative_pt_BR.qm\n./venv/lib/python3.12/site-packages/PyQt6/Qt6/translations/qtdeclarative_ru.qm\n./venv/lib/python3.12/site-packages/PyQt6/Qt6/translations/qtdeclarative_sk.qm\n./venv/lib/python3.12/site-packages/PyQt6/Qt6/translations/qtdeclarative_sv.qm\n./venv/lib/python3.12/site-packages/PyQt6/Qt6/translations/qtdeclarative_tr.qm\n./venv/lib/python3.12/site-packages/PyQt6/Qt6/translations/qtdeclarative_uk.qm\n./venv/lib/python3.12/site-packages/PyQt6/Qt6/translations/qtdeclarative_zh_CN.qm\n./venv/lib/python3.12/site-packages/PyQt6/Qt6/translations/qtdeclarative_zh_TW.qm\n./venv/lib/python3.12/site-packages/PyQt6/Qt6/translations/qtlocation_bg.qm\n./venv/lib/python3.12/site-packages/PyQt6/Qt6/translations/qtlocation_ca.qm\n./venv/lib/python3.12/site-packages/PyQt6/Qt6/translations/qtlocation_da.qm\n./venv/lib/python3.12/site-packages/PyQt6/Qt6/translations/qtlocation_de.qm\n./venv/lib/python3.12/site-packages/PyQt6/Qt6/translations/qtlocation_en.qm\n./venv/lib/python3.12/site-packages/PyQt6/Qt6/translations/qtlocation_es.qm\n./venv/lib/python3.12/site-packages/PyQt6/Qt6/translations/qtlocation_fi.qm\n./venv/lib/python3.12/site-packages/PyQt6/Qt6/translations/qtlocation_fr.qm\n./venv/lib/python3.12/site-packages/PyQt6/Qt6/translations/qtlocation_hr.qm\n./venv/lib/python3.12/site-packages/PyQt6/Qt6/translations/qtlocation_hu.qm\n./venv/lib/python3.12/site-packages/PyQt6/Qt6/translations/qtlocation_ka.qm\n./venv/lib/python3.12/site-packages/PyQt6/Qt6/translations/qtlocation_ko.qm\n./venv/lib/python3.12/site-packages/PyQt6/Qt6/translations/qtlocation_nl.qm\n./venv/lib/python3.12/site-packages/PyQt6/Qt6/translations/qtlocation_pl.qm\n./venv/lib/python3.12/site-packages/PyQt6/Qt6/translations/qtlocation_pt_BR.qm\n./venv/lib/python3.12/site-packages/PyQt6/Qt6/translations/qtlocation_ru.qm\n./venv/lib/python3.12/site-packages/PyQt6/Qt6/translations/qtlocation_sv.qm\n./venv/lib/python3.12/site-packages/PyQt6/Qt6/translations/qtlocation_tr.qm\n./venv/lib/python3.12/site-packages/PyQt6/Qt6/translations/qtlocation_uk.qm\n./venv/lib/python3.12/site-packages/PyQt6/Qt6/translations/qtlocation_zh_CN.qm\n./venv/lib/python3.12/site-packages/PyQt6/Qt6/translations/qtmultimedia_ar.qm\n./venv/lib/python3.12/site-packages/PyQt6/Qt6/translations/qtmultimedia_bg.qm\n./venv/lib/python3.12/site-packages/PyQt6/Qt6/translations/qtmultimedia_ca.qm\n./venv/lib/python3.12/site-packages/PyQt6/Qt6/translations/qtmultimedia_cs.qm\n./venv/lib/python3.12/site-packages/PyQt6/Qt6/translations/qtmultimedia_da.qm\n./venv/lib/python3.12/site-packages/PyQt6/Qt6/translations/qtmultimedia_de.qm\n./venv/lib/python3.12/site-packages/PyQt6/Qt6/translations/qtmultimedia_en.qm\n./venv/lib/python3.12/site-packages/PyQt6/Qt6/translations/qtmultimedia_es.qm\n./venv/lib/python3.12/site-packages/PyQt6/Qt6/translations/qtmultimedia_fa.qm\n./venv/lib/python3.12/site-packages/PyQt6/Qt6/translations/qtmultimedia_fi.qm\n./venv/lib/python3.12/site-packages/PyQt6/Qt6/translations/qtmultimedia_fr.qm\n./venv/lib/python3.12/site-packages/PyQt6/Qt6/translations/qtmultimedia_hr.qm\n./venv/lib/python3.12/site-packages/PyQt6/Qt6/translations/qtmultimedia_hu.qm\n./venv/lib/python3.12/site-packages/PyQt6/Qt6/translations/qtmultimedia_it.qm\n./venv/lib/python3.12/site-packages/PyQt6/Qt6/translations/qtmultimedia_ja.qm\n./venv/lib/python3.12/site-packages/PyQt6/Qt6/translations/qtmultimedia_ka.qm\n./venv/lib/python3.12/site-packages/PyQt6/Qt6/translations/qtmultimedia_ko.qm\n./venv/lib/python3.12/site-packages/PyQt6/Qt6/translations/qtmultimedia_nl.qm\n./venv/lib/python3.12/site-packages/PyQt6/Qt6/translations/qtmultimedia_nn.qm\n./venv/lib/python3.12/site-packages/PyQt6/Qt6/translations/qtmultimedia_pl.qm\n./venv/lib/python3.12/site-packages/PyQt6/Qt6/translations/qtmultimedia_pt_BR.qm\n./venv/lib/python3.12/site-packages/PyQt6/Qt6/translations/qtmultimedia_ru.qm\n./venv/lib/python3.12/site-packages/PyQt6/Qt6/translations/qtmultimedia_sk.qm\n./venv/lib/python3.12/site-packages/PyQt6/Qt6/translations/qtmultimedia_sv.qm\n./venv/lib/python3.12/site-packages/PyQt6/Qt6/translations/qtmultimedia_tr.qm\n./venv/lib/python3.12/site-packages/PyQt6/Qt6/translations/qtmultimedia_uk.qm\n./venv/lib/python3.12/site-packages/PyQt6/Qt6/translations/qtmultimedia_zh_CN.qm\n./venv/lib/python3.12/site-packages/PyQt6/Qt6/translations/qtmultimedia_zh_TW.qm\n./venv/lib/python3.12/site-packages/PyQt6/Qt6/translations/qtserialport_de.qm\n./venv/lib/python3.12/site-packages/PyQt6/Qt6/translations/qtserialport_en.qm\n./venv/lib/python3.12/site-packages/PyQt6/Qt6/translations/qtserialport_es.qm\n./venv/lib/python3.12/site-packages/PyQt6/Qt6/translations/qtserialport_ja.qm\n./venv/lib/python3.12/site-packages/PyQt6/Qt6/translations/qtserialport_ka.qm\n./venv/lib/python3.12/site-packages/PyQt6/Qt6/translations/qtserialport_ko.qm\n./venv/lib/python3.12/site-packages/PyQt6/Qt6/translations/qtserialport_pl.qm\n./venv/lib/python3.12/site-packages/PyQt6/Qt6/translations/qtserialport_pt_BR.qm\n./venv/lib/python3.12/site-packages/PyQt6/Qt6/translations/qtserialport_ru.qm\n./venv/lib/python3.12/site-packages/PyQt6/Qt6/translations/qtserialport_sv.qm\n./venv/lib/python3.12/site-packages/PyQt6/Qt6/translations/qtserialport_tr.qm\n./venv/lib/python3.12/site-packages/PyQt6/Qt6/translations/qtserialport_uk.qm\n./venv/lib/python3.12/site-packages/PyQt6/Qt6/translations/qtserialport_zh_CN.qm\n./venv/lib/python3.12/site-packages/PyQt6/Qt6/translations/qtwebsockets_ca.qm\n./venv/lib/python3.12/site-packages/PyQt6/Qt6/translations/qtwebsockets_de.qm\n./venv/lib/python3.12/site-packages/PyQt6/Qt6/translations/qtwebsockets_en.qm\n./venv/lib/python3.12/site-packages/PyQt6/Qt6/translations/qtwebsockets_es.qm\n./venv/lib/python3.12/site-packages/PyQt6/Qt6/translations/qtwebsockets_fr.qm\n./venv/lib/python3.12/site-packages/PyQt6/Qt6/translations/qtwebsockets_ja.qm\n./venv/lib/python3.12/site-packages/PyQt6/Qt6/translations/qtwebsockets_ka.qm\n./venv/lib/python3.12/site-packages/PyQt6/Qt6/translations/qtwebsockets_ko.qm\n./venv/lib/python3.12/site-packages/PyQt6/Qt6/translations/qtwebsockets_pl.qm\n./venv/lib/python3.12/site-packages/PyQt6/Qt6/translations/qtwebsockets_pt_BR.qm\n./venv/lib/python3.12/site-packages/PyQt6/Qt6/translations/qtwebsockets_ru.qm\n./venv/lib/python3.12/site-packages/PyQt6/Qt6/translations/qtwebsockets_sv.qm\n./venv/lib/python3.12/site-packages/PyQt6/Qt6/translations/qtwebsockets_tr.qm\n./venv/lib/python3.12/site-packages/PyQt6/Qt6/translations/qtwebsockets_uk.qm\n./venv/lib/python3.12/site-packages/PyQt6/Qt6/translations/qtwebsockets_zh_CN.qm\n./venv/lib/python3.12/site-packages/PyQt6/bindings/QtWebSockets/QtWebSockets.toml\n./venv/lib/python3.12/site-packages/PyQt6/bindings/QtWebSockets/QtWebSocketsmod.sip\n./venv/lib/python3.12/site-packages/PyQt6/bindings/QtWebSockets/qmaskgenerator.sip\n./venv/lib/python3.12/site-packages/PyQt6/bindings/QtWebSockets/qwebsocket.sip\n./venv/lib/python3.12/site-packages/PyQt6/bindings/QtWebSockets/qwebsocketcorsauthenticator.sip\n./venv/lib/python3.12/site-packages/PyQt6/bindings/QtWebSockets/qwebsockethandshakeoptions.sip\n./venv/lib/python3.12/site-packages/PyQt6/bindings/QtWebSockets/qwebsocketprotocol.sip\n./venv/lib/python3.12/site-packages/PyQt6/bindings/QtWebSockets/qwebsocketserver.sip\n./venv/lib/python3.12/site-packages/PyQt6/bindings/QtPrintSupport/QtPrintSupport.toml\n./venv/lib/python3.12/site-packages/PyQt6/bindings/QtPrintSupport/QtPrintSupportmod.sip\n./venv/lib/python3.12/site-packages/PyQt6/bindings/QtPrintSupport/qabstractprintdialog.sip\n./venv/lib/python3.12/site-packages/PyQt6/bindings/QtPrintSupport/qpagesetupdialog.sip\n./venv/lib/python3.12/site-packages/PyQt6/bindings/QtPrintSupport/qprintdialog.sip\n./venv/lib/python3.12/site-packages/PyQt6/bindings/QtPrintSupport/qprintengine.sip\n./venv/lib/python3.12/site-packages/PyQt6/bindings/QtPrintSupport/qprinter.sip\n./venv/lib/python3.12/site-packages/PyQt6/bindings/QtPrintSupport/qprinterinfo.sip\n./venv/lib/python3.12/site-packages/PyQt6/bindings/QtPrintSupport/qprintpreviewdialog.sip\n./venv/lib/python3.12/site-packages/PyQt6/bindings/QtPrintSupport/qprintpreviewwidget.sip\n./venv/lib/python3.12/site-packages/PyQt6/bindings/QtPrintSupport/qpyprintsupport_qlist.sip\n./venv/lib/python3.12/site-packages/PyQt6/bindings/QtOpenGL/QtOpenGL.toml\n./venv/lib/python3.12/site-packages/PyQt6/bindings/QtOpenGL/QtOpenGLmod.sip\n./venv/lib/python3.12/site-packages/PyQt6/bindings/QtOpenGL/qopenglbuffer.sip\n./venv/lib/python3.12/site-packages/PyQt6/bindings/QtOpenGL/qopengldebug.sip\n./venv/lib/python3.12/site-packages/PyQt6/bindings/QtOpenGL/qopenglframebufferobject.sip\n./venv/lib/python3.12/site-packages/PyQt6/bindings/QtOpenGL/qopenglfunctions_2_0.sip\n./venv/lib/python3.12/site-packages/PyQt6/bindings/QtOpenGL/qopenglfunctions_2_1.sip\n./venv/lib/python3.12/site-packages/PyQt6/bindings/QtOpenGL/qopenglfunctions_4_1_core.sip\n./venv/lib/python3.12/site-packages/PyQt6/bindings/QtOpenGL/qopenglfunctions_es2.sip\n./venv/lib/python3.12/site-packages/PyQt6/bindings/QtOpenGL/qopenglpaintdevice.sip\n./venv/lib/python3.12/site-packages/PyQt6/bindings/QtOpenGL/qopenglpixeltransferoptions.sip\n./venv/lib/python3.12/site-packages/PyQt6/bindings/QtOpenGL/qopenglshaderprogram.sip\n./venv/lib/python3.12/site-packages/PyQt6/bindings/QtOpenGL/qopengltexture.sip\n./venv/lib/python3.12/site-packages/PyQt6/bindings/QtOpenGL/qopengltextureblitter.sip\n./venv/lib/python3.12/site-packages/PyQt6/bindings/QtOpenGL/qopengltimerquery.sip\n./venv/lib/python3.12/site-packages/PyQt6/bindings/QtOpenGL/qopenglversionfunctions.sip\n./venv/lib/python3.12/site-packages/PyQt6/bindings/QtOpenGL/qopenglversionfunctionsfactory.sip\n./venv/lib/python3.12/site-packages/PyQt6/bindings/QtOpenGL/qopenglversionprofile.sip\n./venv/lib/python3.12/site-packages/PyQt6/bindings/QtOpenGL/qopenglvertexarrayobject.sip\n./venv/lib/python3.12/site-packages/PyQt6/bindings/QtOpenGL/qopenglwindow.sip\n./venv/lib/python3.12/site-packages/PyQt6/bindings/QtOpenGL/qpyopengl_qlist.sip\n./venv/lib/python3.12/site-packages/PyQt6/bindings/QtOpenGL/qpyopengl_std_pair.sip\n./venv/lib/python3.12/site-packages/PyQt6/bindings/QtQml/QtQml.toml\n./venv/lib/python3.12/site-packages/PyQt6/bindings/QtQml/QtQmlmod.sip\n./venv/lib/python3.12/site-packages/PyQt6/bindings/QtQml/qjsengine.sip\n./venv/lib/python3.12/site-packages/PyQt6/bindings/QtQml/qjsmanagedvalue.sip\n./venv/lib/python3.12/site-packages/PyQt6/bindings/QtQml/qjsprimitivevalue.sip\n./venv/lib/python3.12/site-packages/PyQt6/bindings/QtQml/qjsvalue.sip\n./venv/lib/python3.12/site-packages/PyQt6/bindings/QtQml/qjsvalueiterator.sip\n./venv/lib/python3.12/site-packages/PyQt6/bindings/QtQml/qmlattachedpropertiesobject.sip\n./venv/lib/python3.12/site-packages/PyQt6/bindings/QtQml/qmlregistertype.sip\n./venv/lib/python3.12/site-packages/PyQt6/bindings/QtQml/qpyqmllistproperty.sip\n./venv/lib/python3.12/site-packages/PyQt6/bindings/QtQml/qqml.sip\n./venv/lib/python3.12/site-packages/PyQt6/bindings/QtQml/qqmlabstracturlinterceptor.sip\n./venv/lib/python3.12/site-packages/PyQt6/bindings/QtQml/qqmlapplicationengine.sip\n./venv/lib/python3.12/site-packages/PyQt6/bindings/QtQml/qqmlcomponent.sip\n./venv/lib/python3.12/site-packages/PyQt6/bindings/QtQml/qqmlcontext.sip\n./venv/lib/python3.12/site-packages/PyQt6/bindings/QtQml/qqmlengine.sip\n./venv/lib/python3.12/site-packages/PyQt6/bindings/QtQml/qqmlerror.sip\n./venv/lib/python3.12/site-packages/PyQt6/bindings/QtQml/qqmlexpression.sip\n./venv/lib/python3.12/site-packages/PyQt6/bindings/QtQml/qqmlextensionplugin.sip\n./venv/lib/python3.12/site-packages/PyQt6/bindings/QtQml/qqmlfileselector.sip\n./venv/lib/python3.12/site-packages/PyQt6/bindings/QtQml/qqmlincubator.sip\n./venv/lib/python3.12/site-packages/PyQt6/bindings/QtQml/qqmllist.sip\n./venv/lib/python3.12/site-packages/PyQt6/bindings/QtQml/qqmlnetworkaccessmanagerfactory.sip\n./venv/lib/python3.12/site-packages/PyQt6/bindings/QtQml/qqmlparserstatus.sip\n./venv/lib/python3.12/site-packages/PyQt6/bindings/QtQml/qqmlproperty.sip\n./venv/lib/python3.12/site-packages/PyQt6/bindings/QtQml/qqmlpropertymap.sip\n./venv/lib/python3.12/site-packages/PyQt6/bindings/QtQml/qqmlpropertyvaluesource.sip\n./venv/lib/python3.12/site-packages/PyQt6/bindings/QtQml/qqmlscriptstring.sip\n./venv/lib/python3.12/site-packages/PyQt6/bindings/QtBluetooth/QtBluetooth.toml\n./venv/lib/python3.12/site-packages/PyQt6/bindings/QtBluetooth/QtBluetoothmod.sip\n./venv/lib/python3.12/site-packages/PyQt6/bindings/QtBluetooth/qbluetooth.sip\n./venv/lib/python3.12/site-packages/PyQt6/bindings/QtBluetooth/qbluetoothaddress.sip\n./venv/lib/python3.12/site-packages/PyQt6/bindings/QtBluetooth/qbluetoothdevicediscoveryagent.sip\n./venv/lib/python3.12/site-packages/PyQt6/bindings/QtBluetooth/qbluetoothdeviceinfo.sip\n./venv/lib/python3.12/site-packages/PyQt6/bindings/QtBluetooth/qbluetoothhostinfo.sip\n./venv/lib/python3.12/site-packages/PyQt6/bindings/QtBluetooth/qbluetoothlocaldevice.sip\n./venv/lib/python3.12/site-packages/PyQt6/bindings/QtBluetooth/qbluetoothserver.sip\n./venv/lib/python3.12/site-packages/PyQt6/bindings/QtBluetooth/qbluetoothservicediscoveryagent.sip\n./venv/lib/python3.12/site-packages/PyQt6/bindings/QtBluetooth/qbluetoothserviceinfo.sip\n./venv/lib/python3.12/site-packages/PyQt6/bindings/QtBluetooth/qbluetoothsocket.sip\n./venv/lib/python3.12/site-packages/PyQt6/bindings/QtBluetooth/qbluetoothuuid.sip\n./venv/lib/python3.12/site-packages/PyQt6/bindings/QtBluetooth/qlowenergyadvertisingdata.sip\n./venv/lib/python3.12/site-packages/PyQt6/bindings/QtBluetooth/qlowenergyadvertisingparameters.sip\n./venv/lib/python3.12/site-packages/PyQt6/bindings/QtBluetooth/qlowenergycharacteristic.sip\n./venv/lib/python3.12/site-packages/PyQt6/bindings/QtBluetooth/qlowenergycharacteristicdata.sip\n./venv/lib/python3.12/site-packages/PyQt6/bindings/QtBluetooth/qlowenergyconnectionparameters.sip\n./venv/lib/python3.12/site-packages/PyQt6/bindings/QtBluetooth/qlowenergycontroller.sip\n./venv/lib/python3.12/site-packages/PyQt6/bindings/QtBluetooth/qlowenergydescriptor.sip\n./venv/lib/python3.12/site-packages/PyQt6/bindings/QtBluetooth/qlowenergydescriptordata.sip\n./venv/lib/python3.12/site-packages/PyQt6/bindings/QtBluetooth/qlowenergyservice.sip\n./venv/lib/python3.12/site-packages/PyQt6/bindings/QtBluetooth/qlowenergyservicedata.sip\n./venv/lib/python3.12/site-packages/PyQt6/bindings/QtBluetooth/qpybluetooth_qlist.sip\n./venv/lib/python3.12/site-packages/PyQt6/bindings/QtBluetooth/qpybluetooth_qmultihash.sip\n./venv/lib/python3.12/site-packages/PyQt6/bindings/QtBluetooth/qpybluetooth_quint128.sip\n./venv/lib/python3.12/site-packages/PyQt6/bindings/QtNetwork/QtNetwork.toml\n./venv/lib/python3.12/site-packages/PyQt6/bindings/QtNetwork/QtNetworkmod.sip\n./venv/lib/python3.12/site-packages/PyQt6/bindings/QtNetwork/qabstractnetworkcache.sip\n./venv/lib/python3.12/site-packages/PyQt6/bindings/QtNetwork/qabstractsocket.sip\n./venv/lib/python3.12/site-packages/PyQt6/bindings/QtNetwork/qauthenticator.sip\n./venv/lib/python3.12/site-packages/PyQt6/bindings/QtNetwork/qdnslookup.sip\n./venv/lib/python3.12/site-packages/PyQt6/bindings/QtNetwork/qformdatabuilder.sip\n./venv/lib/python3.12/site-packages/PyQt6/bindings/QtNetwork/qhostaddress.sip\n./venv/lib/python3.12/site-packages/PyQt6/bindings/QtNetwork/qhostinfo.sip\n./venv/lib/python3.12/site-packages/PyQt6/bindings/QtNetwork/qhstspolicy.sip\n./venv/lib/python3.12/site-packages/PyQt6/bindings/QtNetwork/qhttp1configuration.sip\n./venv/lib/python3.12/site-packages/PyQt6/bindings/QtNetwork/qhttp2configuration.sip\n./venv/lib/python3.12/site-packages/PyQt6/bindings/QtNetwork/qhttpheaders.sip\n./venv/lib/python3.12/site-packages/PyQt6/bindings/QtNetwork/qhttpmultipart.sip\n./venv/lib/python3.12/site-packages/PyQt6/bindings/QtNetwork/qlocalserver.sip\n./venv/lib/python3.12/site-packages/PyQt6/bindings/QtNetwork/qlocalsocket.sip\n./venv/lib/python3.12/site-packages/PyQt6/bindings/QtNetwork/qnetworkaccessmanager.sip\n./venv/lib/python3.12/site-packages/PyQt6/bindings/QtNetwork/qnetworkcookie.sip\n./venv/lib/python3.12/site-packages/PyQt6/bindings/QtNetwork/qnetworkcookiejar.sip\n./venv/lib/python3.12/site-packages/PyQt6/bindings/QtNetwork/qnetworkdatagram.sip\n./venv/lib/python3.12/site-packages/PyQt6/bindings/QtNetwork/qnetworkdiskcache.sip\n./venv/lib/python3.12/site-packages/PyQt6/bindings/QtNetwork/qnetworkinformation.sip\n./venv/lib/python3.12/site-packages/PyQt6/bindings/QtNetwork/qnetworkinterface.sip\n./venv/lib/python3.12/site-packages/PyQt6/bindings/QtNetwork/qnetworkproxy.sip\n./venv/lib/python3.12/site-packages/PyQt6/bindings/QtNetwork/qnetworkreply.sip\n./venv/lib/python3.12/site-packages/PyQt6/bindings/QtNetwork/qnetworkrequest.sip\n./venv/lib/python3.12/site-packages/PyQt6/bindings/QtNetwork/qnetworkrequestfactory.sip\n./venv/lib/python3.12/site-packages/PyQt6/bindings/QtNetwork/qocspresponse.sip\n./venv/lib/python3.12/site-packages/PyQt6/bindings/QtNetwork/qpassworddigestor.sip\n./venv/lib/python3.12/site-packages/PyQt6/bindings/QtNetwork/qpynetwork_qhash.sip\n./venv/lib/python3.12/site-packages/PyQt6/bindings/QtNetwork/qpynetwork_qlist.sip\n./venv/lib/python3.12/site-packages/PyQt6/bindings/QtNetwork/qpynetwork_qmap.sip\n./venv/lib/python3.12/site-packages/PyQt6/bindings/QtNetwork/qrestaccessmanager.sip\n./venv/lib/python3.12/site-packages/PyQt6/bindings/QtNetwork/qrestreply.sip\n./venv/lib/python3.12/site-packages/PyQt6/bindings/QtNetwork/qssl.sip\n./venv/lib/python3.12/site-packages/PyQt6/bindings/QtNetwork/qsslcertificate.sip\n./venv/lib/python3.12/site-packages/PyQt6/bindings/QtNetwork/qsslcertificateextension.sip\n./venv/lib/python3.12/site-packages/PyQt6/bindings/QtNetwork/qsslcipher.sip\n./venv/lib/python3.12/site-packages/PyQt6/bindings/QtNetwork/qsslconfiguration.sip\n./venv/lib/python3.12/site-packages/PyQt6/bindings/QtNetwork/qssldiffiehellmanparameters.sip\n./venv/lib/python3.12/site-packages/PyQt6/bindings/QtNetwork/qsslellipticcurve.sip\n./venv/lib/python3.12/site-packages/PyQt6/bindings/QtNetwork/qsslerror.sip\n./venv/lib/python3.12/site-packages/PyQt6/bindings/QtNetwork/qsslkey.sip\n./venv/lib/python3.12/site-packages/PyQt6/bindings/QtNetwork/qsslpresharedkeyauthenticator.sip\n./venv/lib/python3.12/site-packages/PyQt6/bindings/QtNetwork/qsslserver.sip\n./venv/lib/python3.12/site-packages/PyQt6/bindings/QtNetwork/qsslsocket.sip\n./venv/lib/python3.12/site-packages/PyQt6/bindings/QtNetwork/qtcpserver.sip\n./venv/lib/python3.12/site-packages/PyQt6/bindings/QtNetwork/qtcpsocket.sip\n./venv/lib/python3.12/site-packages/PyQt6/bindings/QtNetwork/qudpsocket.sip\n./venv/lib/python3.12/site-packages/PyQt6/bindings/QtStateMachine/QtStateMachine.toml\n./venv/lib/python3.12/site-packages/PyQt6/bindings/QtStateMachine/QtStateMachinemod.sip\n./venv/lib/python3.12/site-packages/PyQt6/bindings/QtStateMachine/qabstractstate.sip\n./venv/lib/python3.12/site-packages/PyQt6/bindings/QtStateMachine/qabstracttransition.sip\n./venv/lib/python3.12/site-packages/PyQt6/bindings/QtStateMachine/qeventtransition.sip\n./venv/lib/python3.12/site-packages/PyQt6/bindings/QtStateMachine/qfinalstate.sip\n./venv/lib/python3.12/site-packages/PyQt6/bindings/QtStateMachine/qhistorystate.sip\n./venv/lib/python3.12/site-packages/PyQt6/bindings/QtStateMachine/qkeyeventtransition.sip\n./venv/lib/python3.12/site-packages/PyQt6/bindings/QtStateMachine/qmouseeventtransition.sip\n./venv/lib/python3.12/site-packages/PyQt6/bindings/QtStateMachine/qsignaltransition.sip\n./venv/lib/python3.12/site-packages/PyQt6/bindings/QtStateMachine/qstate.sip\n./venv/lib/python3.12/site-packages/PyQt6/bindings/QtStateMachine/qstatemachine.sip\n./venv/lib/python3.12/site-packages/PyQt6/bindings/QtDesigner/QtDesigner.toml\n./venv/lib/python3.12/site-packages/PyQt6/bindings/QtDesigner/QtDesignermod.sip\n./venv/lib/python3.12/site-packages/PyQt6/bindings/QtDesigner/abstractactioneditor.sip\n./venv/lib/python3.12/site-packages/PyQt6/bindings/QtDesigner/abstractformbuilder.sip\n./venv/lib/python3.12/site-packages/PyQt6/bindings/QtDesigner/abstractformeditor.sip\n./venv/lib/python3.12/site-packages/PyQt6/bindings/QtDesigner/abstractformwindow.sip\n./venv/lib/python3.12/site-packages/PyQt6/bindings/QtDesigner/abstractformwindowcursor.sip\n./venv/lib/python3.12/site-packages/PyQt6/bindings/QtDesigner/abstractformwindowmanager.sip\n./venv/lib/python3.12/site-packages/PyQt6/bindings/QtDesigner/abstractobjectinspector.sip\n./venv/lib/python3.12/site-packages/PyQt6/bindings/QtDesigner/abstractpropertyeditor.sip\n./venv/lib/python3.12/site-packages/PyQt6/bindings/QtDesigner/abstractwidgetbox.sip\n./venv/lib/python3.12/site-packages/PyQt6/bindings/QtDesigner/container.sip\n./venv/lib/python3.12/site-packages/PyQt6/bindings/QtDesigner/customwidget.sip\n./venv/lib/python3.12/site-packages/PyQt6/bindings/QtDesigner/default_extensionfactory.sip\n./venv/lib/python3.12/site-packages/PyQt6/bindings/QtDesigner/extension.sip\n./venv/lib/python3.12/site-packages/PyQt6/bindings/QtDesigner/formbuilder.sip\n./venv/lib/python3.12/site-packages/PyQt6/bindings/QtDesigner/membersheet.sip\n./venv/lib/python3.12/site-packages/PyQt6/bindings/QtDesigner/propertysheet.sip\n./venv/lib/python3.12/site-packages/PyQt6/bindings/QtDesigner/qextensionmanager.sip\n./venv/lib/python3.12/site-packages/PyQt6/bindings/QtDesigner/qpydesignercontainerextension.sip\n./venv/lib/python3.12/site-packages/PyQt6/bindings/QtDesigner/qpydesignercustomwidgetcollectionplugin.sip\n./venv/lib/python3.12/site-packages/PyQt6/bindings/QtDesigner/qpydesignercustomwidgetplugin.sip\n./venv/lib/python3.12/site-packages/PyQt6/bindings/QtDesigner/qpydesignermembersheetextension.sip\n./venv/lib/python3.12/site-packages/PyQt6/bindings/QtDesigner/qpydesignerpropertysheetextension.sip\n./venv/lib/python3.12/site-packages/PyQt6/bindings/QtDesigner/qpydesignertaskmenuextension.sip\n./venv/lib/python3.12/site-packages/PyQt6/bindings/QtDesigner/taskmenu.sip\n./venv/lib/python3.12/site-packages/PyQt6/bindings/QtQuick3D/QtQuick3D.toml\n./venv/lib/python3.12/site-packages/PyQt6/bindings/QtQuick3D/QtQuick3Dmod.sip\n./venv/lib/python3.12/site-packages/PyQt6/bindings/QtQuick3D/qquick3d.sip\n./venv/lib/python3.12/site-packages/PyQt6/bindings/QtQuick3D/qquick3dgeometry.sip\n./venv/lib/python3.12/site-packages/PyQt6/bindings/QtQuick3D/qquick3dobject.sip\n./venv/lib/python3.12/site-packages/PyQt6/bindings/QtQuick3D/qquick3dtexturedata.sip\n./venv/lib/python3.12/site-packages/PyQt6/bindings/QtHelp/QtHelp.toml\n./venv/lib/python3.12/site-packages/PyQt6/bindings/QtHelp/QtHelpmod.sip\n./venv/lib/python3.12/site-packages/PyQt6/bindings/QtHelp/qcompressedhelpinfo.sip\n./venv/lib/python3.12/site-packages/PyQt6/bindings/QtHelp/qhelpcontentitem.sip\n./venv/lib/python3.12/site-packages/PyQt6/bindings/QtHelp/qhelpcontentwidget.sip\n./venv/lib/python3.12/site-packages/PyQt6/bindings/QtHelp/qhelpengine.sip\n./venv/lib/python3.12/site-packages/PyQt6/bindings/QtHelp/qhelpenginecore.sip\n./venv/lib/python3.12/site-packages/PyQt6/bindings/QtHelp/qhelpfilterdata.sip\n./venv/lib/python3.12/site-packages/PyQt6/bindings/QtHelp/qhelpfilterengine.sip\n./venv/lib/python3.12/site-packages/PyQt6/bindings/QtHelp/qhelpfiltersettingswidget.sip\n./venv/lib/python3.12/site-packages/PyQt6/bindings/QtHelp/qhelpindexwidget.sip\n./venv/lib/python3.12/site-packages/PyQt6/bindings/QtHelp/qhelplink.sip\n./venv/lib/python3.12/site-packages/PyQt6/bindings/QtHelp/qhelpsearchengine.sip\n./venv/lib/python3.12/site-packages/PyQt6/bindings/QtHelp/qhelpsearchenginecore.sip\n./venv/lib/python3.12/site-packages/PyQt6/bindings/QtHelp/qhelpsearchquerywidget.sip\n./venv/lib/python3.12/site-packages/PyQt6/bindings/QtHelp/qhelpsearchresult.sip\n./venv/lib/python3.12/site-packages/PyQt6/bindings/QtHelp/qhelpsearchresultwidget.sip\n./venv/lib/python3.12/site-packages/PyQt6/bindings/QtSvg/QtSvg.toml\n./venv/lib/python3.12/site-packages/PyQt6/bindings/QtSvg/QtSvgmod.sip\n./venv/lib/python3.12/site-packages/PyQt6/bindings/QtSvg/qsvggenerator.sip\n./venv/lib/python3.12/site-packages/PyQt6/bindings/QtSvg/qsvgrenderer.sip\n./venv/lib/python3.12/site-packages/PyQt6/bindings/QtSvg/qtsvgglobal.sip\n./venv/lib/python3.12/site-packages/PyQt6/bindings/QtXml/QtXml.toml\n./venv/lib/python3.12/site-packages/PyQt6/bindings/QtXml/QtXmlmod.sip\n./venv/lib/python3.12/site-packages/PyQt6/bindings/QtXml/qdom.sip\n./venv/lib/python3.12/site-packages/PyQt6/bindings/QtSvgWidgets/QtSvgWidgets.toml\n./venv/lib/python3.12/site-packages/PyQt6/bindings/QtSvgWidgets/QtSvgWidgetsmod.sip\n./venv/lib/python3.12/site-packages/PyQt6/bindings/QtSvgWidgets/qgraphicssvgitem.sip\n./venv/lib/python3.12/site-packages/PyQt6/bindings/QtSvgWidgets/qsvgwidget.sip\n./venv/lib/python3.12/site-packages/PyQt6/bindings/QtRemoteObjects/QtRemoteObjects.toml\n./venv/lib/python3.12/site-packages/PyQt6/bindings/QtRemoteObjects/QtRemoteObjectsmod.sip\n./venv/lib/python3.12/site-packages/PyQt6/bindings/QtRemoteObjects/qremoteobjectabstractitemmodelreplica.sip\n./venv/lib/python3.12/site-packages/PyQt6/bindings/QtRemoteObjects/qremoteobjectdynamicreplica.sip\n./venv/lib/python3.12/site-packages/PyQt6/bindings/QtRemoteObjects/qremoteobjectnode.sip\n./venv/lib/python3.12/site-packages/PyQt6/bindings/QtRemoteObjects/qremoteobjectregistry.sip\n./venv/lib/python3.12/site-packages/PyQt6/bindings/QtRemoteObjects/qremoteobjectreplica.sip\n./venv/lib/python3.12/site-packages/PyQt6/bindings/QtRemoteObjects/qtremoteobjectglobal.sip\n./venv/lib/python3.12/site-packages/PyQt6/bindings/QtSensors/QtSensors.toml\n./venv/lib/python3.12/site-packages/PyQt6/bindings/QtSensors/QtSensorsmod.sip\n./venv/lib/python3.12/site-packages/PyQt6/bindings/QtSensors/qaccelerometer.sip\n./venv/lib/python3.12/site-packages/PyQt6/bindings/QtSensors/qambientlightsensor.sip\n./venv/lib/python3.12/site-packages/PyQt6/bindings/QtSensors/qambienttemperaturesensor.sip\n./venv/lib/python3.12/site-packages/PyQt6/bindings/QtSensors/qcompass.sip\n./venv/lib/python3.12/site-packages/PyQt6/bindings/QtSensors/qgyroscope.sip\n./venv/lib/python3.12/site-packages/PyQt6/bindings/QtSensors/qhumiditysensor.sip\n./venv/lib/python3.12/site-packages/PyQt6/bindings/QtSensors/qirproximitysensor.sip\n./venv/lib/python3.12/site-packages/PyQt6/bindings/QtSensors/qlidsensor.sip\n./venv/lib/python3.12/site-packages/PyQt6/bindings/QtSensors/qlightsensor.sip\n./venv/lib/python3.12/site-packages/PyQt6/bindings/QtSensors/qmagnetometer.sip\n./venv/lib/python3.12/site-packages/PyQt6/bindings/QtSensors/qorientationsensor.sip\n./venv/lib/python3.12/site-packages/PyQt6/bindings/QtSensors/qpressuresensor.sip\n./venv/lib/python3.12/site-packages/PyQt6/bindings/QtSensors/qproximitysensor.sip\n./venv/lib/python3.12/site-packages/PyQt6/bindings/QtSensors/qrotationsensor.sip\n./venv/lib/python3.12/site-packages/PyQt6/bindings/QtSensors/qsensor.sip\n./venv/lib/python3.12/site-packages/PyQt6/bindings/QtSensors/qtapsensor.sip\n./venv/lib/python3.12/site-packages/PyQt6/bindings/QtSensors/qtiltsensor.sip\n./venv/lib/python3.12/site-packages/PyQt6/bindings/QtPdf/QtPdf.toml\n./venv/lib/python3.12/site-packages/PyQt6/bindings/QtPdf/QtPdfmod.sip\n./venv/lib/python3.12/site-packages/PyQt6/bindings/QtPdf/qpdfbookmarkmodel.sip\n./venv/lib/python3.12/site-packages/PyQt6/bindings/QtPdf/qpdfdocument.sip\n./venv/lib/python3.12/site-packages/PyQt6/bindings/QtPdf/qpdfdocumentrenderoptions.sip\n./venv/lib/python3.12/site-packages/PyQt6/bindings/QtPdf/qpdflink.sip\n./venv/lib/python3.12/site-packages/PyQt6/bindings/QtPdf/qpdflinkmodel.sip\n./venv/lib/python3.12/site-packages/PyQt6/bindings/QtPdf/qpdfpagenavigator.sip\n./venv/lib/python3.12/site-packages/PyQt6/bindings/QtPdf/qpdfpagerenderer.sip\n./venv/lib/python3.12/site-packages/PyQt6/bindings/QtPdf/qpdfsearchmodel.sip\n./venv/lib/python3.12/site-packages/PyQt6/bindings/QtPdf/qpdfselection.sip\n./venv/lib/python3.12/site-packages/PyQt6/bindings/QtOpenGLWidgets/QtOpenGLWidgets.toml\n./venv/lib/python3.12/site-packages/PyQt6/bindings/QtOpenGLWidgets/QtOpenGLWidgetsmod.sip\n./venv/lib/python3.12/site-packages/PyQt6/bindings/QtOpenGLWidgets/qopenglwidget.sip\n./venv/lib/python3.12/site-packages/PyQt6/bindings/QtGui/QtGui.toml\n./venv/lib/python3.12/site-packages/PyQt6/bindings/QtGui/QtGuimod.sip\n./venv/lib/python3.12/site-packages/PyQt6/bindings/QtGui/opengl_types.sip\n./venv/lib/python3.12/site-packages/PyQt6/bindings/QtGui/qabstractfileiconprovider.sip\n./venv/lib/python3.12/site-packages/PyQt6/bindings/QtGui/qabstracttextdocumentlayout.sip\n./venv/lib/python3.12/site-packages/PyQt6/bindings/QtGui/qaccessibilityhints.sip\n./venv/lib/python3.12/site-packages/PyQt6/bindings/QtGui/qaction.sip\n./venv/lib/python3.12/site-packages/PyQt6/bindings/QtGui/qactiongroup.sip\n./venv/lib/python3.12/site-packages/PyQt6/bindings/QtGui/qbackingstore.sip\n./venv/lib/python3.12/site-packages/PyQt6/bindings/QtGui/qbitmap.sip\n./venv/lib/python3.12/site-packages/PyQt6/bindings/QtGui/qbrush.sip\n./venv/lib/python3.12/site-packages/PyQt6/bindings/QtGui/qclipboard.sip\n./venv/lib/python3.12/site-packages/PyQt6/bindings/QtGui/qcolor.sip\n./venv/lib/python3.12/site-packages/PyQt6/bindings/QtGui/qcolorspace.sip\n./venv/lib/python3.12/site-packages/PyQt6/bindings/QtGui/qcolortransform.sip\n./venv/lib/python3.12/site-packages/PyQt6/bindings/QtGui/qcursor.sip\n./venv/lib/python3.12/site-packages/PyQt6/bindings/QtGui/qdesktopservices.sip\n./venv/lib/python3.12/site-packages/PyQt6/bindings/QtGui/qdrag.sip\n./venv/lib/python3.12/site-packages/PyQt6/bindings/QtGui/qevent.sip\n./venv/lib/python3.12/site-packages/PyQt6/bindings/QtGui/qeventpoint.sip\n./venv/lib/python3.12/site-packages/PyQt6/bindings/QtGui/qfilesystemmodel.sip\n./venv/lib/python3.12/site-packages/PyQt6/bindings/QtGui/qfont.sip\n./venv/lib/python3.12/site-packages/PyQt6/bindings/QtGui/qfontdatabase.sip\n./venv/lib/python3.12/site-packages/PyQt6/bindings/QtGui/qfontinfo.sip\n./venv/lib/python3.12/site-packages/PyQt6/bindings/QtGui/qfontmetrics.sip\n./venv/lib/python3.12/site-packages/PyQt6/bindings/QtGui/qfontvariableaxis.sip\n./venv/lib/python3.12/site-packages/PyQt6/bindings/QtGui/qgenericmatrix.sip\n./venv/lib/python3.12/site-packages/PyQt6/bindings/QtGui/qglyphrun.sip\n./venv/lib/python3.12/site-packages/PyQt6/bindings/QtGui/qguiapplication.sip\n./venv/lib/python3.12/site-packages/PyQt6/bindings/QtGui/qicon.sip\n./venv/lib/python3.12/site-packages/PyQt6/bindings/QtGui/qiconengine.sip\n./venv/lib/python3.12/site-packages/PyQt6/bindings/QtGui/qimage.sip\n./venv/lib/python3.12/site-packages/PyQt6/bindings/QtGui/qimageiohandler.sip\n./venv/lib/python3.12/site-packages/PyQt6/bindings/QtGui/qimagereader.sip\n./venv/lib/python3.12/site-packages/PyQt6/bindings/QtGui/qimagewriter.sip\n./venv/lib/python3.12/site-packages/PyQt6/bindings/QtGui/qinputdevice.sip\n./venv/lib/python3.12/site-packages/PyQt6/bindings/QtGui/qinputmethod.sip\n./venv/lib/python3.12/site-packages/PyQt6/bindings/QtGui/qkeysequence.sip\n./venv/lib/python3.12/site-packages/PyQt6/bindings/QtGui/qmatrix4x4.sip\n./venv/lib/python3.12/site-packages/PyQt6/bindings/QtGui/qmovie.sip\n./venv/lib/python3.12/site-packages/PyQt6/bindings/QtGui/qoffscreensurface.sip\n./venv/lib/python3.12/site-packages/PyQt6/bindings/QtGui/qopenglcontext.sip\n./venv/lib/python3.12/site-packages/PyQt6/bindings/QtGui/qpagedpaintdevice.sip\n./venv/lib/python3.12/site-packages/PyQt6/bindings/QtGui/qpagelayout.sip\n./venv/lib/python3.12/site-packages/PyQt6/bindings/QtGui/qpageranges.sip\n./venv/lib/python3.12/site-packages/PyQt6/bindings/QtGui/qpagesize.sip\n./venv/lib/python3.12/site-packages/PyQt6/bindings/QtGui/qpaintdevice.sip\n./venv/lib/python3.12/site-packages/PyQt6/bindings/QtGui/qpaintdevicewindow.sip\n./venv/lib/python3.12/site-packages/PyQt6/bindings/QtGui/qpaintengine.sip\n./venv/lib/python3.12/site-packages/PyQt6/bindings/QtGui/qpainter.sip\n./venv/lib/python3.12/site-packages/PyQt6/bindings/QtGui/qpainterpath.sip\n./venv/lib/python3.12/site-packages/PyQt6/bindings/QtGui/qpainterstateguard.sip\n./venv/lib/python3.12/site-packages/PyQt6/bindings/QtGui/qpalette.sip\n./venv/lib/python3.12/site-packages/PyQt6/bindings/QtGui/qpdfoutputintent.sip\n./venv/lib/python3.12/site-packages/PyQt6/bindings/QtGui/qpdfwriter.sip\n./venv/lib/python3.12/site-packages/PyQt6/bindings/QtGui/qpen.sip\n./venv/lib/python3.12/site-packages/PyQt6/bindings/QtGui/qpicture.sip\n./venv/lib/python3.12/site-packages/PyQt6/bindings/QtGui/qpixelformat.sip\n./venv/lib/python3.12/site-packages/PyQt6/bindings/QtGui/qpixmap.sip\n./venv/lib/python3.12/site-packages/PyQt6/bindings/QtGui/qpixmapcache.sip\n./venv/lib/python3.12/site-packages/PyQt6/bindings/QtGui/qpointingdevice.sip\n./venv/lib/python3.12/site-packages/PyQt6/bindings/QtGui/qpolygon.sip\n./venv/lib/python3.12/site-packages/PyQt6/bindings/QtGui/qpygui_native_interface.sip\n./venv/lib/python3.12/site-packages/PyQt6/bindings/QtGui/qpygui_qlist.sip\n./venv/lib/python3.12/site-packages/PyQt6/bindings/QtGui/qpygui_vulkan.sip\n./venv/lib/python3.12/site-packages/PyQt6/bindings/QtGui/qquaternion.sip\n./venv/lib/python3.12/site-packages/PyQt6/bindings/QtGui/qrasterwindow.sip\n./venv/lib/python3.12/site-packages/PyQt6/bindings/QtGui/qrawfont.sip\n./venv/lib/python3.12/site-packages/PyQt6/bindings/QtGui/qregion.sip\n./venv/lib/python3.12/site-packages/PyQt6/bindings/QtGui/qrgb.sip\n./venv/lib/python3.12/site-packages/PyQt6/bindings/QtGui/qrgba64.sip\n./venv/lib/python3.12/site-packages/PyQt6/bindings/QtGui/qscreen.sip\n./venv/lib/python3.12/site-packages/PyQt6/bindings/QtGui/qsessionmanager.sip\n./venv/lib/python3.12/site-packages/PyQt6/bindings/QtGui/qshortcut.sip\n./venv/lib/python3.12/site-packages/PyQt6/bindings/QtGui/qstandarditemmodel.sip\n./venv/lib/python3.12/site-packages/PyQt6/bindings/QtGui/qstatictext.sip\n./venv/lib/python3.12/site-packages/PyQt6/bindings/QtGui/qstylehints.sip\n./venv/lib/python3.12/site-packages/PyQt6/bindings/QtGui/qsurface.sip\n./venv/lib/python3.12/site-packages/PyQt6/bindings/QtGui/qsurfaceformat.sip\n./venv/lib/python3.12/site-packages/PyQt6/bindings/QtGui/qsyntaxhighlighter.sip\n./venv/lib/python3.12/site-packages/PyQt6/bindings/QtGui/qtextcursor.sip\n./venv/lib/python3.12/site-packages/PyQt6/bindings/QtGui/qtextdocument.sip\n./venv/lib/python3.12/site-packages/PyQt6/bindings/QtGui/qtextdocumentfragment.sip\n./venv/lib/python3.12/site-packages/PyQt6/bindings/QtGui/qtextdocumentwriter.sip\n./venv/lib/python3.12/site-packages/PyQt6/bindings/QtGui/qtextformat.sip\n./venv/lib/python3.12/site-packages/PyQt6/bindings/QtGui/qtextlayout.sip\n./venv/lib/python3.12/site-packages/PyQt6/bindings/QtGui/qtextlist.sip\n./venv/lib/python3.12/site-packages/PyQt6/bindings/QtGui/qtextobject.sip\n./venv/lib/python3.12/site-packages/PyQt6/bindings/QtGui/qtextoption.sip\n./venv/lib/python3.12/site-packages/PyQt6/bindings/QtGui/qtexttable.sip\n./venv/lib/python3.12/site-packages/PyQt6/bindings/QtGui/qtransform.sip\n./venv/lib/python3.12/site-packages/PyQt6/bindings/QtGui/qundogroup.sip\n./venv/lib/python3.12/site-packages/PyQt6/bindings/QtGui/qundostack.sip\n./venv/lib/python3.12/site-packages/PyQt6/bindings/QtGui/qutimimeconverter.sip\n./venv/lib/python3.12/site-packages/PyQt6/bindings/QtGui/qvalidator.sip\n./venv/lib/python3.12/site-packages/PyQt6/bindings/QtGui/qvectornd.sip\n./venv/lib/python3.12/site-packages/PyQt6/bindings/QtGui/qwindow.sip\n./venv/lib/python3.12/site-packages/PyQt6/bindings/QtGui/qwindowdefs.sip\n./venv/lib/python3.12/site-packages/PyQt6/bindings/QtNfc/QtNfc.toml\n./venv/lib/python3.12/site-packages/PyQt6/bindings/QtNfc/QtNfcmod.sip\n./venv/lib/python3.12/site-packages/PyQt6/bindings/QtNfc/qndeffilter.sip\n./venv/lib/python3.12/site-packages/PyQt6/bindings/QtNfc/qndefmessage.sip\n./venv/lib/python3.12/site-packages/PyQt6/bindings/QtNfc/qndefnfcsmartposterrecord.sip\n./venv/lib/python3.12/site-packages/PyQt6/bindings/QtNfc/qndefnfctextrecord.sip\n./venv/lib/python3.12/site-packages/PyQt6/bindings/QtNfc/qndefnfcurirecord.sip\n./venv/lib/python3.12/site-packages/PyQt6/bindings/QtNfc/qndefrecord.sip\n./venv/lib/python3.12/site-packages/PyQt6/bindings/QtNfc/qnearfieldmanager.sip\n./venv/lib/python3.12/site-packages/PyQt6/bindings/QtNfc/qnearfieldtarget.sip\n./venv/lib/python3.12/site-packages/PyQt6/bindings/QtSerialPort/QtSerialPort.toml\n./venv/lib/python3.12/site-packages/PyQt6/bindings/QtSerialPort/QtSerialPortmod.sip\n./venv/lib/python3.12/site-packages/PyQt6/bindings/QtSerialPort/qserialport.sip\n./venv/lib/python3.12/site-packages/PyQt6/bindings/QtSerialPort/qserialportinfo.sip\n./venv/lib/python3.12/site-packages/PyQt6/bindings/QtQuick/QtQuick.toml\n./venv/lib/python3.12/site-packages/PyQt6/bindings/QtQuick/QtQuickmod.sip\n./venv/lib/python3.12/site-packages/PyQt6/bindings/QtQuick/qquickframebufferobject.sip\n./venv/lib/python3.12/site-packages/PyQt6/bindings/QtQuick/qquickgraphicsconfiguration.sip\n./venv/lib/python3.12/site-packages/PyQt6/bindings/QtQuick/qquickgraphicsdevice.sip\n./venv/lib/python3.12/site-packages/PyQt6/bindings/QtQuick/qquickimageprovider.sip\n./venv/lib/python3.12/site-packages/PyQt6/bindings/QtQuick/qquickitem.sip\n./venv/lib/python3.12/site-packages/PyQt6/bindings/QtQuick/qquickitemgrabresult.sip\n./venv/lib/python3.12/site-packages/PyQt6/bindings/QtQuick/qquickpainteditem.sip\n./venv/lib/python3.12/site-packages/PyQt6/bindings/QtQuick/qquickrendercontrol.sip\n./venv/lib/python3.12/site-packages/PyQt6/bindings/QtQuick/qquickrendertarget.sip\n./venv/lib/python3.12/site-packages/PyQt6/bindings/QtQuick/qquicktextdocument.sip\n./venv/lib/python3.12/site-packages/PyQt6/bindings/QtQuick/qquickview.sip\n./venv/lib/python3.12/site-packages/PyQt6/bindings/QtQuick/qquickwindow.sip\n./venv/lib/python3.12/site-packages/PyQt6/bindings/QtQuick/qsgflatcolormaterial.sip\n./venv/lib/python3.12/site-packages/PyQt6/bindings/QtQuick/qsggeometry.sip\n./venv/lib/python3.12/site-packages/PyQt6/bindings/QtQuick/qsgimagenode.sip\n./venv/lib/python3.12/site-packages/PyQt6/bindings/QtQuick/qsgmaterial.sip\n./venv/lib/python3.12/site-packages/PyQt6/bindings/QtQuick/qsgmaterialshader.sip\n./venv/lib/python3.12/site-packages/PyQt6/bindings/QtQuick/qsgmaterialtype.sip\n./venv/lib/python3.12/site-packages/PyQt6/bindings/QtQuick/qsgnode.sip\n./venv/lib/python3.12/site-packages/PyQt6/bindings/QtQuick/qsgrectanglenode.sip\n./venv/lib/python3.12/site-packages/PyQt6/bindings/QtQuick/qsgrendererinterface.sip\n./venv/lib/python3.12/site-packages/PyQt6/bindings/QtQuick/qsgrendernode.sip\n./venv/lib/python3.12/site-packages/PyQt6/bindings/QtQuick/qsgsimplerectnode.sip\n./venv/lib/python3.12/site-packages/PyQt6/bindings/QtQuick/qsgsimpletexturenode.sip\n./venv/lib/python3.12/site-packages/PyQt6/bindings/QtQuick/qsgtextnode.sip\n./venv/lib/python3.12/site-packages/PyQt6/bindings/QtQuick/qsgtexture.sip\n./venv/lib/python3.12/site-packages/PyQt6/bindings/QtQuick/qsgtexture_platform.sip\n./venv/lib/python3.12/site-packages/PyQt6/bindings/QtQuick/qsgtexturematerial.sip\n./venv/lib/python3.12/site-packages/PyQt6/bindings/QtQuick/qsgtextureprovider.sip\n./venv/lib/python3.12/site-packages/PyQt6/bindings/QtQuick/qsgvertexcolormaterial.sip\n./venv/lib/python3.12/site-packages/PyQt6/bindings/QtDBus/QtDBus.toml\n./venv/lib/python3.12/site-packages/PyQt6/bindings/QtDBus/QtDBusmod.sip\n./venv/lib/python3.12/site-packages/PyQt6/bindings/QtDBus/qdbusabstractadaptor.sip\n./venv/lib/python3.12/site-packages/PyQt6/bindings/QtDBus/qdbusabstractinterface.sip\n./venv/lib/python3.12/site-packages/PyQt6/bindings/QtDBus/qdbusargument.sip\n./venv/lib/python3.12/site-packages/PyQt6/bindings/QtDBus/qdbusconnection.sip\n./venv/lib/python3.12/site-packages/PyQt6/bindings/QtDBus/qdbusconnectioninterface.sip\n./venv/lib/python3.12/site-packages/PyQt6/bindings/QtDBus/qdbuserror.sip\n./venv/lib/python3.12/site-packages/PyQt6/bindings/QtDBus/qdbusextratypes.sip\n./venv/lib/python3.12/site-packages/PyQt6/bindings/QtDBus/qdbusinterface.sip\n./venv/lib/python3.12/site-packages/PyQt6/bindings/QtDBus/qdbusmessage.sip\n./venv/lib/python3.12/site-packages/PyQt6/bindings/QtDBus/qdbuspendingcall.sip\n./venv/lib/python3.12/site-packages/PyQt6/bindings/QtDBus/qdbusservicewatcher.sip\n./venv/lib/python3.12/site-packages/PyQt6/bindings/QtDBus/qdbusunixfiledescriptor.sip\n./venv/lib/python3.12/site-packages/PyQt6/bindings/QtDBus/qpydbuspendingreply.sip\n./venv/lib/python3.12/site-packages/PyQt6/bindings/QtDBus/qpydbusreply.sip\n./venv/lib/python3.12/site-packages/PyQt6/bindings/QtQuickWidgets/QtQuickWidgets.toml\n./venv/lib/python3.12/site-packages/PyQt6/bindings/QtQuickWidgets/QtQuickWidgetsmod.sip\n./venv/lib/python3.12/site-packages/PyQt6/bindings/QtQuickWidgets/qquickwidget.sip\n./venv/lib/python3.12/site-packages/PyQt6/bindings/QtWebChannel/QtWebChannel.toml\n./venv/lib/python3.12/site-packages/PyQt6/bindings/QtWebChannel/QtWebChannelmod.sip\n./venv/lib/python3.12/site-packages/PyQt6/bindings/QtWebChannel/qwebchannel.sip\n./venv/lib/python3.12/site-packages/PyQt6/bindings/QtWebChannel/qwebchannelabstracttransport.sip\n./venv/lib/python3.12/site-packages/PyQt6/bindings/QtWidgets/QtWidgets.toml\n./venv/lib/python3.12/site-packages/PyQt6/bindings/QtWidgets/QtWidgetsmod.sip\n./venv/lib/python3.12/site-packages/PyQt6/bindings/QtWidgets/qabstractbutton.sip\n./venv/lib/python3.12/site-packages/PyQt6/bindings/QtWidgets/qabstractitemdelegate.sip\n./venv/lib/python3.12/site-packages/PyQt6/bindings/QtWidgets/qabstractitemview.sip\n./venv/lib/python3.12/site-packages/PyQt6/bindings/QtWidgets/qabstractscrollarea.sip\n./venv/lib/python3.12/site-packages/PyQt6/bindings/QtWidgets/qabstractslider.sip\n./venv/lib/python3.12/site-packages/PyQt6/bindings/QtWidgets/qabstractspinbox.sip\n./venv/lib/python3.12/site-packages/PyQt6/bindings/QtWidgets/qapplication.sip\n./venv/lib/python3.12/site-packages/PyQt6/bindings/QtWidgets/qboxlayout.sip\n./venv/lib/python3.12/site-packages/PyQt6/bindings/QtWidgets/qbuttongroup.sip\n./venv/lib/python3.12/site-packages/PyQt6/bindings/QtWidgets/qcalendarwidget.sip\n./venv/lib/python3.12/site-packages/PyQt6/bindings/QtWidgets/qcheckbox.sip\n./venv/lib/python3.12/site-packages/PyQt6/bindings/QtWidgets/qcolordialog.sip\n./venv/lib/python3.12/site-packages/PyQt6/bindings/QtWidgets/qcolumnview.sip\n./venv/lib/python3.12/site-packages/PyQt6/bindings/QtWidgets/qcombobox.sip\n./venv/lib/python3.12/site-packages/PyQt6/bindings/QtWidgets/qcommandlinkbutton.sip\n./venv/lib/python3.12/site-packages/PyQt6/bindings/QtWidgets/qcommonstyle.sip\n./venv/lib/python3.12/site-packages/PyQt6/bindings/QtWidgets/qcompleter.sip\n./venv/lib/python3.12/site-packages/PyQt6/bindings/QtWidgets/qdatawidgetmapper.sip\n./venv/lib/python3.12/site-packages/PyQt6/bindings/QtWidgets/qdatetimeedit.sip\n./venv/lib/python3.12/site-packages/PyQt6/bindings/QtWidgets/qdial.sip\n./venv/lib/python3.12/site-packages/PyQt6/bindings/QtWidgets/qdialog.sip\n./venv/lib/python3.12/site-packages/PyQt6/bindings/QtWidgets/qdialogbuttonbox.sip\n./venv/lib/python3.12/site-packages/PyQt6/bindings/QtWidgets/qdockwidget.sip\n./venv/lib/python3.12/site-packages/PyQt6/bindings/QtWidgets/qdrawutil.sip\n./venv/lib/python3.12/site-packages/PyQt6/bindings/QtWidgets/qerrormessage.sip\n./venv/lib/python3.12/site-packages/PyQt6/bindings/QtWidgets/qfiledialog.sip\n./venv/lib/python3.12/site-packages/PyQt6/bindings/QtWidgets/qfileiconprovider.sip\n./venv/lib/python3.12/site-packages/PyQt6/bindings/QtWidgets/qfilesystemmodel.sip\n./venv/lib/python3.12/site-packages/PyQt6/bindings/QtWidgets/qfocusframe.sip\n./venv/lib/python3.12/site-packages/PyQt6/bindings/QtWidgets/qfontcombobox.sip\n./venv/lib/python3.12/site-packages/PyQt6/bindings/QtWidgets/qfontdialog.sip\n./venv/lib/python3.12/site-packages/PyQt6/bindings/QtWidgets/qformlayout.sip\n./venv/lib/python3.12/site-packages/PyQt6/bindings/QtWidgets/qframe.sip\n./venv/lib/python3.12/site-packages/PyQt6/bindings/QtWidgets/qgesture.sip\n./venv/lib/python3.12/site-packages/PyQt6/bindings/QtWidgets/qgesturerecognizer.sip\n./venv/lib/python3.12/site-packages/PyQt6/bindings/QtWidgets/qgraphicsanchorlayout.sip\n./venv/lib/python3.12/site-packages/PyQt6/bindings/QtWidgets/qgraphicseffect.sip\n./venv/lib/python3.12/site-packages/PyQt6/bindings/QtWidgets/qgraphicsgridlayout.sip\n./venv/lib/python3.12/site-packages/PyQt6/bindings/QtWidgets/qgraphicsitem.sip\n./venv/lib/python3.12/site-packages/PyQt6/bindings/QtWidgets/qgraphicslayout.sip\n./venv/lib/python3.12/site-packages/PyQt6/bindings/QtWidgets/qgraphicslayoutitem.sip\n./venv/lib/python3.12/site-packages/PyQt6/bindings/QtWidgets/qgraphicslinearlayout.sip\n./venv/lib/python3.12/site-packages/PyQt6/bindings/QtWidgets/qgraphicsproxywidget.sip\n./venv/lib/python3.12/site-packages/PyQt6/bindings/QtWidgets/qgraphicsscene.sip\n./venv/lib/python3.12/site-packages/PyQt6/bindings/QtWidgets/qgraphicssceneevent.sip\n./venv/lib/python3.12/site-packages/PyQt6/bindings/QtWidgets/qgraphicstransform.sip\n./venv/lib/python3.12/site-packages/PyQt6/bindings/QtWidgets/qgraphicsview.sip\n./venv/lib/python3.12/site-packages/PyQt6/bindings/QtWidgets/qgraphicswidget.sip\n./venv/lib/python3.12/site-packages/PyQt6/bindings/QtWidgets/qgridlayout.sip\n./venv/lib/python3.12/site-packages/PyQt6/bindings/QtWidgets/qgroupbox.sip\n./venv/lib/python3.12/site-packages/PyQt6/bindings/QtWidgets/qheaderview.sip\n./venv/lib/python3.12/site-packages/PyQt6/bindings/QtWidgets/qinputdialog.sip\n./venv/lib/python3.12/site-packages/PyQt6/bindings/QtWidgets/qitemdelegate.sip\n./venv/lib/python3.12/site-packages/PyQt6/bindings/QtWidgets/qitemeditorfactory.sip\n./venv/lib/python3.12/site-packages/PyQt6/bindings/QtWidgets/qkeysequenceedit.sip\n./venv/lib/python3.12/site-packages/PyQt6/bindings/QtWidgets/qlabel.sip\n./venv/lib/python3.12/site-packages/PyQt6/bindings/QtWidgets/qlayout.sip\n./venv/lib/python3.12/site-packages/PyQt6/bindings/QtWidgets/qlayoutitem.sip\n./venv/lib/python3.12/site-packages/PyQt6/bindings/QtWidgets/qlcdnumber.sip\n./venv/lib/python3.12/site-packages/PyQt6/bindings/QtWidgets/qlineedit.sip\n./venv/lib/python3.12/site-packages/PyQt6/bindings/QtWidgets/qlistview.sip\n./venv/lib/python3.12/site-packages/PyQt6/bindings/QtWidgets/qlistwidget.sip\n./venv/lib/python3.12/site-packages/PyQt6/bindings/QtWidgets/qmainwindow.sip\n./venv/lib/python3.12/site-packages/PyQt6/bindings/QtWidgets/qmdiarea.sip\n./venv/lib/python3.12/site-packages/PyQt6/bindings/QtWidgets/qmdisubwindow.sip\n./venv/lib/python3.12/site-packages/PyQt6/bindings/QtWidgets/qmenu.sip\n./venv/lib/python3.12/site-packages/PyQt6/bindings/QtWidgets/qmenubar.sip\n./venv/lib/python3.12/site-packages/PyQt6/bindings/QtWidgets/qmessagebox.sip\n./venv/lib/python3.12/site-packages/PyQt6/bindings/QtWidgets/qplaintextedit.sip\n./venv/lib/python3.12/site-packages/PyQt6/bindings/QtWidgets/qprogressbar.sip\n./venv/lib/python3.12/site-packages/PyQt6/bindings/QtWidgets/qprogressdialog.sip\n./venv/lib/python3.12/site-packages/PyQt6/bindings/QtWidgets/qproxystyle.sip\n./venv/lib/python3.12/site-packages/PyQt6/bindings/QtWidgets/qpushbutton.sip\n./venv/lib/python3.12/site-packages/PyQt6/bindings/QtWidgets/qpywidgets_qlist.sip\n./venv/lib/python3.12/site-packages/PyQt6/bindings/QtWidgets/qradiobutton.sip\n./venv/lib/python3.12/site-packages/PyQt6/bindings/QtWidgets/qrubberband.sip\n./venv/lib/python3.12/site-packages/PyQt6/bindings/QtWidgets/qscrollarea.sip\n./venv/lib/python3.12/site-packages/PyQt6/bindings/QtWidgets/qscrollbar.sip\n./venv/lib/python3.12/site-packages/PyQt6/bindings/QtWidgets/qscroller.sip\n./venv/lib/python3.12/site-packages/PyQt6/bindings/QtWidgets/qscrollerproperties.sip\n./venv/lib/python3.12/site-packages/PyQt6/bindings/QtWidgets/qsizegrip.sip\n./venv/lib/python3.12/site-packages/PyQt6/bindings/QtWidgets/qsizepolicy.sip\n./venv/lib/python3.12/site-packages/PyQt6/bindings/QtWidgets/qslider.sip\n./venv/lib/python3.12/site-packages/PyQt6/bindings/QtWidgets/qspinbox.sip\n./venv/lib/python3.12/site-packages/PyQt6/bindings/QtWidgets/qsplashscreen.sip\n./venv/lib/python3.12/site-packages/PyQt6/bindings/QtWidgets/qsplitter.sip\n./venv/lib/python3.12/site-packages/PyQt6/bindings/QtWidgets/qstackedlayout.sip\n./venv/lib/python3.12/site-packages/PyQt6/bindings/QtWidgets/qstackedwidget.sip\n./venv/lib/python3.12/site-packages/PyQt6/bindings/QtWidgets/qstatusbar.sip\n./venv/lib/python3.12/site-packages/PyQt6/bindings/QtWidgets/qstyle.sip\n./venv/lib/python3.12/site-packages/PyQt6/bindings/QtWidgets/qstyleditemdelegate.sip\n./venv/lib/python3.12/site-packages/PyQt6/bindings/QtWidgets/qstylefactory.sip\n./venv/lib/python3.12/site-packages/PyQt6/bindings/QtWidgets/qstyleoption.sip\n./venv/lib/python3.12/site-packages/PyQt6/bindings/QtWidgets/qstylepainter.sip\n./venv/lib/python3.12/site-packages/PyQt6/bindings/QtWidgets/qsystemtrayicon.sip\n./venv/lib/python3.12/site-packages/PyQt6/bindings/QtWidgets/qtabbar.sip\n./venv/lib/python3.12/site-packages/PyQt6/bindings/QtWidgets/qtableview.sip\n./venv/lib/python3.12/site-packages/PyQt6/bindings/QtWidgets/qtablewidget.sip\n./venv/lib/python3.12/site-packages/PyQt6/bindings/QtWidgets/qtabwidget.sip\n./venv/lib/python3.12/site-packages/PyQt6/bindings/QtWidgets/qtextbrowser.sip\n./venv/lib/python3.12/site-packages/PyQt6/bindings/QtWidgets/qtextedit.sip\n./venv/lib/python3.12/site-packages/PyQt6/bindings/QtWidgets/qtoolbar.sip\n./venv/lib/python3.12/site-packages/PyQt6/bindings/QtWidgets/qtoolbox.sip\n./venv/lib/python3.12/site-packages/PyQt6/bindings/QtWidgets/qtoolbutton.sip\n./venv/lib/python3.12/site-packages/PyQt6/bindings/QtWidgets/qtooltip.sip\n./venv/lib/python3.12/site-packages/PyQt6/bindings/QtWidgets/qtreeview.sip\n./venv/lib/python3.12/site-packages/PyQt6/bindings/QtWidgets/qtreewidget.sip\n./venv/lib/python3.12/site-packages/PyQt6/bindings/QtWidgets/qtreewidgetitemiterator.sip\n./venv/lib/python3.12/site-packages/PyQt6/bindings/QtWidgets/qundoview.sip\n./venv/lib/python3.12/site-packages/PyQt6/bindings/QtWidgets/qwhatsthis.sip\n./venv/lib/python3.12/site-packages/PyQt6/bindings/QtWidgets/qwidget.sip\n./venv/lib/python3.12/site-packages/PyQt6/bindings/QtWidgets/qwidgetaction.sip\n./venv/lib/python3.12/site-packages/PyQt6/bindings/QtWidgets/qwizard.sip\n./venv/lib/python3.12/site-packages/PyQt6/bindings/QtSql/QtSql.toml\n./venv/lib/python3.12/site-packages/PyQt6/bindings/QtSql/QtSqlmod.sip\n./venv/lib/python3.12/site-packages/PyQt6/bindings/QtSql/qsqldatabase.sip\n./venv/lib/python3.12/site-packages/PyQt6/bindings/QtSql/qsqldriver.sip\n./venv/lib/python3.12/site-packages/PyQt6/bindings/QtSql/qsqlerror.sip\n./venv/lib/python3.12/site-packages/PyQt6/bindings/QtSql/qsqlfield.sip\n./venv/lib/python3.12/site-packages/PyQt6/bindings/QtSql/qsqlindex.sip\n./venv/lib/python3.12/site-packages/PyQt6/bindings/QtSql/qsqlquery.sip\n./venv/lib/python3.12/site-packages/PyQt6/bindings/QtSql/qsqlquerymodel.sip\n./venv/lib/python3.12/site-packages/PyQt6/bindings/QtSql/qsqlrecord.sip\n./venv/lib/python3.12/site-packages/PyQt6/bindings/QtSql/qsqlrelationaldelegate.sip\n./venv/lib/python3.12/site-packages/PyQt6/bindings/QtSql/qsqlrelationaltablemodel.sip\n./venv/lib/python3.12/site-packages/PyQt6/bindings/QtSql/qsqlresult.sip\n./venv/lib/python3.12/site-packages/PyQt6/bindings/QtSql/qsqltablemodel.sip\n./venv/lib/python3.12/site-packages/PyQt6/bindings/QtSql/qtsqlglobal.sip\n./venv/lib/python3.12/site-packages/PyQt6/bindings/QtMultimedia/QtMultimedia.toml\n./venv/lib/python3.12/site-packages/PyQt6/bindings/QtMultimedia/QtMultimediamod.sip\n./venv/lib/python3.12/site-packages/PyQt6/bindings/QtMultimedia/qaudio.sip\n./venv/lib/python3.12/site-packages/PyQt6/bindings/QtMultimedia/qaudiobuffer.sip\n./venv/lib/python3.12/site-packages/PyQt6/bindings/QtMultimedia/qaudiobufferinput.sip\n./venv/lib/python3.12/site-packages/PyQt6/bindings/QtMultimedia/qaudiobufferoutput.sip\n./venv/lib/python3.12/site-packages/PyQt6/bindings/QtMultimedia/qaudiodecoder.sip\n./venv/lib/python3.12/site-packages/PyQt6/bindings/QtMultimedia/qaudiodevice.sip\n./venv/lib/python3.12/site-packages/PyQt6/bindings/QtMultimedia/qaudioformat.sip\n./venv/lib/python3.12/site-packages/PyQt6/bindings/QtMultimedia/qaudioinput.sip\n./venv/lib/python3.12/site-packages/PyQt6/bindings/QtMultimedia/qaudiooutput.sip\n./venv/lib/python3.12/site-packages/PyQt6/bindings/QtMultimedia/qaudiosink.sip\n./venv/lib/python3.12/site-packages/PyQt6/bindings/QtMultimedia/qaudiosource.sip\n./venv/lib/python3.12/site-packages/PyQt6/bindings/QtMultimedia/qcamera.sip\n./venv/lib/python3.12/site-packages/PyQt6/bindings/QtMultimedia/qcameradevice.sip\n./venv/lib/python3.12/site-packages/PyQt6/bindings/QtMultimedia/qcapturablewindow.sip\n./venv/lib/python3.12/site-packages/PyQt6/bindings/QtMultimedia/qimagecapture.sip\n./venv/lib/python3.12/site-packages/PyQt6/bindings/QtMultimedia/qmediacapturesession.sip\n./venv/lib/python3.12/site-packages/PyQt6/bindings/QtMultimedia/qmediadevices.sip\n./venv/lib/python3.12/site-packages/PyQt6/bindings/QtMultimedia/qmediaformat.sip\n./venv/lib/python3.12/site-packages/PyQt6/bindings/QtMultimedia/qmediametadata.sip\n./venv/lib/python3.12/site-packages/PyQt6/bindings/QtMultimedia/qmediaplayer.sip\n./venv/lib/python3.12/site-packages/PyQt6/bindings/QtMultimedia/qmediarecorder.sip\n./venv/lib/python3.12/site-packages/PyQt6/bindings/QtMultimedia/qmediatimerange.sip\n./venv/lib/python3.12/site-packages/PyQt6/bindings/QtMultimedia/qplaybackoptions.sip\n./venv/lib/python3.12/site-packages/PyQt6/bindings/QtMultimedia/qpymultimedia_qlist.sip\n./venv/lib/python3.12/site-packages/PyQt6/bindings/QtMultimedia/qscreencapture.sip\n./venv/lib/python3.12/site-packages/PyQt6/bindings/QtMultimedia/qsoundeffect.sip\n./venv/lib/python3.12/site-packages/PyQt6/bindings/QtMultimedia/qtvideo.sip\n./venv/lib/python3.12/site-packages/PyQt6/bindings/QtMultimedia/qvideoframe.sip\n./venv/lib/python3.12/site-packages/PyQt6/bindings/QtMultimedia/qvideoframeformat.sip\n./venv/lib/python3.12/site-packages/PyQt6/bindings/QtMultimedia/qvideoframeinput.sip\n./venv/lib/python3.12/site-packages/PyQt6/bindings/QtMultimedia/qvideosink.sip\n./venv/lib/python3.12/site-packages/PyQt6/bindings/QtMultimedia/qwindowcapture.sip\n./venv/lib/python3.12/site-packages/PyQt6/bindings/QtSpatialAudio/QtSpatialAudio.toml\n./venv/lib/python3.12/site-packages/PyQt6/bindings/QtSpatialAudio/QtSpatialAudiomod.sip\n./venv/lib/python3.12/site-packages/PyQt6/bindings/QtSpatialAudio/qambientsound.sip\n./venv/lib/python3.12/site-packages/PyQt6/bindings/QtSpatialAudio/qaudioengine.sip\n./venv/lib/python3.12/site-packages/PyQt6/bindings/QtSpatialAudio/qaudiolistener.sip\n./venv/lib/python3.12/site-packages/PyQt6/bindings/QtSpatialAudio/qaudioroom.sip\n./venv/lib/python3.12/site-packages/PyQt6/bindings/QtSpatialAudio/qspatialsound.sip\n./venv/lib/python3.12/site-packages/PyQt6/bindings/QtPositioning/QtPositioning.toml\n./venv/lib/python3.12/site-packages/PyQt6/bindings/QtPositioning/QtPositioningmod.sip\n./venv/lib/python3.12/site-packages/PyQt6/bindings/QtPositioning/qgeoaddress.sip\n./venv/lib/python3.12/site-packages/PyQt6/bindings/QtPositioning/qgeoareamonitorinfo.sip\n./venv/lib/python3.12/site-packages/PyQt6/bindings/QtPositioning/qgeoareamonitorsource.sip\n./venv/lib/python3.12/site-packages/PyQt6/bindings/QtPositioning/qgeocircle.sip\n./venv/lib/python3.12/site-packages/PyQt6/bindings/QtPositioning/qgeocoordinate.sip\n./venv/lib/python3.12/site-packages/PyQt6/bindings/QtPositioning/qgeolocation.sip\n./venv/lib/python3.12/site-packages/PyQt6/bindings/QtPositioning/qgeopath.sip\n./venv/lib/python3.12/site-packages/PyQt6/bindings/QtPositioning/qgeopolygon.sip\n./venv/lib/python3.12/site-packages/PyQt6/bindings/QtPositioning/qgeopositioninfo.sip\n./venv/lib/python3.12/site-packages/PyQt6/bindings/QtPositioning/qgeopositioninfosource.sip\n./venv/lib/python3.12/site-packages/PyQt6/bindings/QtPositioning/qgeorectangle.sip\n./venv/lib/python3.12/site-packages/PyQt6/bindings/QtPositioning/qgeosatelliteinfo.sip\n./venv/lib/python3.12/site-packages/PyQt6/bindings/QtPositioning/qgeosatelliteinfosource.sip\n./venv/lib/python3.12/site-packages/PyQt6/bindings/QtPositioning/qgeoshape.sip\n./venv/lib/python3.12/site-packages/PyQt6/bindings/QtPositioning/qnmeapositioninfosource.sip\n./venv/lib/python3.12/site-packages/PyQt6/bindings/QtPositioning/qnmeasatelliteinfosource.sip\n./venv/lib/python3.12/site-packages/PyQt6/bindings/QtTextToSpeech/QtTextToSpeech.toml\n./venv/lib/python3.12/site-packages/PyQt6/bindings/QtTextToSpeech/QtTextToSpeechmod.sip\n./venv/lib/python3.12/site-packages/PyQt6/bindings/QtTextToSpeech/qtexttospeech.sip\n./venv/lib/python3.12/site-packages/PyQt6/bindings/QtTextToSpeech/qvoice.sip\n./venv/lib/python3.12/site-packages/PyQt6/bindings/QtCore/QtCore.toml\n./venv/lib/python3.12/site-packages/PyQt6/bindings/QtCore/QtCoremod.sip\n./venv/lib/python3.12/site-packages/PyQt6/bindings/QtCore/pyqt-gpl.sip5\n./venv/lib/python3.12/site-packages/PyQt6/bindings/QtCore/qabstractanimation.sip\n./venv/lib/python3.12/site-packages/PyQt6/bindings/QtCore/qabstracteventdispatcher.sip\n./venv/lib/python3.12/site-packages/PyQt6/bindings/QtCore/qabstractitemmodel.sip\n./venv/lib/python3.12/site-packages/PyQt6/bindings/QtCore/qabstractnativeeventfilter.sip\n./venv/lib/python3.12/site-packages/PyQt6/bindings/QtCore/qabstractproxymodel.sip\n./venv/lib/python3.12/site-packages/PyQt6/bindings/QtCore/qanimationgroup.sip\n./venv/lib/python3.12/site-packages/PyQt6/bindings/QtCore/qanystringview.sip\n./venv/lib/python3.12/site-packages/PyQt6/bindings/QtCore/qbasictimer.sip\n./venv/lib/python3.12/site-packages/PyQt6/bindings/QtCore/qbitarray.sip\n./venv/lib/python3.12/site-packages/PyQt6/bindings/QtCore/qbuffer.sip\n./venv/lib/python3.12/site-packages/PyQt6/bindings/QtCore/qbytearray.sip\n./venv/lib/python3.12/site-packages/PyQt6/bindings/QtCore/qbytearrayalgorithms.sip\n./venv/lib/python3.12/site-packages/PyQt6/bindings/QtCore/qbytearraylist.sip\n./venv/lib/python3.12/site-packages/PyQt6/bindings/QtCore/qbytearraymatcher.sip\n./venv/lib/python3.12/site-packages/PyQt6/bindings/QtCore/qbytearrayview.sip\n./venv/lib/python3.12/site-packages/PyQt6/bindings/QtCore/qcalendar.sip\n./venv/lib/python3.12/site-packages/PyQt6/bindings/QtCore/qcborcommon.sip\n./venv/lib/python3.12/site-packages/PyQt6/bindings/QtCore/qcborstreamreader.sip\n./venv/lib/python3.12/site-packages/PyQt6/bindings/QtCore/qcborstreamwriter.sip\n./venv/lib/python3.12/site-packages/PyQt6/bindings/QtCore/qchar.sip\n./venv/lib/python3.12/site-packages/PyQt6/bindings/QtCore/qcollator.sip\n./venv/lib/python3.12/site-packages/PyQt6/bindings/QtCore/qcommandlineoption.sip\n./venv/lib/python3.12/site-packages/PyQt6/bindings/QtCore/qcommandlineparser.sip\n./venv/lib/python3.12/site-packages/PyQt6/bindings/QtCore/qconcatenatetablesproxymodel.sip\n./venv/lib/python3.12/site-packages/PyQt6/bindings/QtCore/qcoreapplication.sip\n./venv/lib/python3.12/site-packages/PyQt6/bindings/QtCore/qcoreevent.sip\n./venv/lib/python3.12/site-packages/PyQt6/bindings/QtCore/qcryptographichash.sip\n./venv/lib/python3.12/site-packages/PyQt6/bindings/QtCore/qdatastream.sip\n./venv/lib/python3.12/site-packages/PyQt6/bindings/QtCore/qdatetime.sip\n./venv/lib/python3.12/site-packages/PyQt6/bindings/QtCore/qdeadlinetimer.sip\n./venv/lib/python3.12/site-packages/PyQt6/bindings/QtCore/qdir.sip\n./venv/lib/python3.12/site-packages/PyQt6/bindings/QtCore/qdiriterator.sip\n./venv/lib/python3.12/site-packages/PyQt6/bindings/QtCore/qeasingcurve.sip\n./venv/lib/python3.12/site-packages/PyQt6/bindings/QtCore/qelapsedtimer.sip\n./venv/lib/python3.12/site-packages/PyQt6/bindings/QtCore/qeventloop.sip\n./venv/lib/python3.12/site-packages/PyQt6/bindings/QtCore/qfile.sip\n./venv/lib/python3.12/site-packages/PyQt6/bindings/QtCore/qfiledevice.sip\n./venv/lib/python3.12/site-packages/PyQt6/bindings/QtCore/qfileinfo.sip\n./venv/lib/python3.12/site-packages/PyQt6/bindings/QtCore/qfileselector.sip\n./venv/lib/python3.12/site-packages/PyQt6/bindings/QtCore/qfilesystemwatcher.sip\n./venv/lib/python3.12/site-packages/PyQt6/bindings/QtCore/qflags.sip\n./venv/lib/python3.12/site-packages/PyQt6/bindings/QtCore/qglobal.sip\n./venv/lib/python3.12/site-packages/PyQt6/bindings/QtCore/qidentityproxymodel.sip\n./venv/lib/python3.12/site-packages/PyQt6/bindings/QtCore/qiodevice.sip\n./venv/lib/python3.12/site-packages/PyQt6/bindings/QtCore/qiodevicebase.sip\n./venv/lib/python3.12/site-packages/PyQt6/bindings/QtCore/qitemselectionmodel.sip\n./venv/lib/python3.12/site-packages/PyQt6/bindings/QtCore/qjsonarray.sip\n./venv/lib/python3.12/site-packages/PyQt6/bindings/QtCore/qjsondocument.sip\n./venv/lib/python3.12/site-packages/PyQt6/bindings/QtCore/qjsonobject.sip\n./venv/lib/python3.12/site-packages/PyQt6/bindings/QtCore/qjsonparseerror.sip\n./venv/lib/python3.12/site-packages/PyQt6/bindings/QtCore/qjsonvalue.sip\n./venv/lib/python3.12/site-packages/PyQt6/bindings/QtCore/qlibrary.sip\n./venv/lib/python3.12/site-packages/PyQt6/bindings/QtCore/qlibraryinfo.sip\n./venv/lib/python3.12/site-packages/PyQt6/bindings/QtCore/qline.sip\n./venv/lib/python3.12/site-packages/PyQt6/bindings/QtCore/qlocale.sip\n./venv/lib/python3.12/site-packages/PyQt6/bindings/QtCore/qlockfile.sip\n./venv/lib/python3.12/site-packages/PyQt6/bindings/QtCore/qlogging.sip\n./venv/lib/python3.12/site-packages/PyQt6/bindings/QtCore/qloggingcategory.sip\n./venv/lib/python3.12/site-packages/PyQt6/bindings/QtCore/qmargins.sip\n./venv/lib/python3.12/site-packages/PyQt6/bindings/QtCore/qmessageauthenticationcode.sip\n./venv/lib/python3.12/site-packages/PyQt6/bindings/QtCore/qmetaobject.sip\n./venv/lib/python3.12/site-packages/PyQt6/bindings/QtCore/qmetatype.sip\n./venv/lib/python3.12/site-packages/PyQt6/bindings/QtCore/qmimedata.sip\n./venv/lib/python3.12/site-packages/PyQt6/bindings/QtCore/qmimedatabase.sip\n./venv/lib/python3.12/site-packages/PyQt6/bindings/QtCore/qmimetype.sip\n./venv/lib/python3.12/site-packages/PyQt6/bindings/QtCore/qmutex.sip\n./venv/lib/python3.12/site-packages/PyQt6/bindings/QtCore/qmutexlocker.sip\n./venv/lib/python3.12/site-packages/PyQt6/bindings/QtCore/qnamespace.sip\n./venv/lib/python3.12/site-packages/PyQt6/bindings/QtCore/qnumeric.sip\n./venv/lib/python3.12/site-packages/PyQt6/bindings/QtCore/qobject.sip\n./venv/lib/python3.12/site-packages/PyQt6/bindings/QtCore/qobjectcleanuphandler.sip\n./venv/lib/python3.12/site-packages/PyQt6/bindings/QtCore/qobjectdefs.sip\n./venv/lib/python3.12/site-packages/PyQt6/bindings/QtCore/qoperatingsystemversion.sip\n./venv/lib/python3.12/site-packages/PyQt6/bindings/QtCore/qparallelanimationgroup.sip\n./venv/lib/python3.12/site-packages/PyQt6/bindings/QtCore/qpauseanimation.sip\n./venv/lib/python3.12/site-packages/PyQt6/bindings/QtCore/qpermissions.sip\n./venv/lib/python3.12/site-packages/PyQt6/bindings/QtCore/qpluginloader.sip\n./venv/lib/python3.12/site-packages/PyQt6/bindings/QtCore/qpoint.sip\n./venv/lib/python3.12/site-packages/PyQt6/bindings/QtCore/qprocess.sip\n./venv/lib/python3.12/site-packages/PyQt6/bindings/QtCore/qpropertyanimation.sip\n./venv/lib/python3.12/site-packages/PyQt6/bindings/QtCore/qpycore_native_interface.sip\n./venv/lib/python3.12/site-packages/PyQt6/bindings/QtCore/qpycore_qhash.sip\n./venv/lib/python3.12/site-packages/PyQt6/bindings/QtCore/qpycore_qlist.sip\n./venv/lib/python3.12/site-packages/PyQt6/bindings/QtCore/qpycore_qmap.sip\n./venv/lib/python3.12/site-packages/PyQt6/bindings/QtCore/qpycore_qrangemodel.sip\n./venv/lib/python3.12/site-packages/PyQt6/bindings/QtCore/qpycore_qset.sip\n./venv/lib/python3.12/site-packages/PyQt6/bindings/QtCore/qpycore_std_chrono_duration.sip\n./venv/lib/python3.12/site-packages/PyQt6/bindings/QtCore/qpycore_std_optional.sip\n./venv/lib/python3.12/site-packages/PyQt6/bindings/QtCore/qpycore_std_pair.sip\n./venv/lib/python3.12/site-packages/PyQt6/bindings/QtCore/qpycore_virtual_error_handler.sip\n./venv/lib/python3.12/site-packages/PyQt6/bindings/QtCore/qrandom.sip\n./venv/lib/python3.12/site-packages/PyQt6/bindings/QtCore/qrangemodel.sip\n./venv/lib/python3.12/site-packages/PyQt6/bindings/QtCore/qreadwritelock.sip\n./venv/lib/python3.12/site-packages/PyQt6/bindings/QtCore/qrect.sip\n./venv/lib/python3.12/site-packages/PyQt6/bindings/QtCore/qregularexpression.sip\n./venv/lib/python3.12/site-packages/PyQt6/bindings/QtCore/qresource.sip\n./venv/lib/python3.12/site-packages/PyQt6/bindings/QtCore/qrunnable.sip\n./venv/lib/python3.12/site-packages/PyQt6/bindings/QtCore/qsavefile.sip\n./venv/lib/python3.12/site-packages/PyQt6/bindings/QtCore/qsemaphore.sip\n./venv/lib/python3.12/site-packages/PyQt6/bindings/QtCore/qsequentialanimationgroup.sip\n./venv/lib/python3.12/site-packages/PyQt6/bindings/QtCore/qsettings.sip\n./venv/lib/python3.12/site-packages/PyQt6/bindings/QtCore/qsharedmemory.sip\n./venv/lib/python3.12/site-packages/PyQt6/bindings/QtCore/qsignalmapper.sip\n./venv/lib/python3.12/site-packages/PyQt6/bindings/QtCore/qsize.sip\n./venv/lib/python3.12/site-packages/PyQt6/bindings/QtCore/qsocketnotifier.sip\n./venv/lib/python3.12/site-packages/PyQt6/bindings/QtCore/qsortfilterproxymodel.sip\n./venv/lib/python3.12/site-packages/PyQt6/bindings/QtCore/qstandardpaths.sip\n./venv/lib/python3.12/site-packages/PyQt6/bindings/QtCore/qstorageinfo.sip\n./venv/lib/python3.12/site-packages/PyQt6/bindings/QtCore/qstring.sip\n./venv/lib/python3.12/site-packages/PyQt6/bindings/QtCore/qstringconverter.sip\n./venv/lib/python3.12/site-packages/PyQt6/bindings/QtCore/qstringconverter_base.sip\n./venv/lib/python3.12/site-packages/PyQt6/bindings/QtCore/qstringlist.sip\n./venv/lib/python3.12/site-packages/PyQt6/bindings/QtCore/qstringlistmodel.sip\n./venv/lib/python3.12/site-packages/PyQt6/bindings/QtCore/qstringview.sip\n./venv/lib/python3.12/site-packages/PyQt6/bindings/QtCore/qsysinfo.sip\n./venv/lib/python3.12/site-packages/PyQt6/bindings/QtCore/qsystemsemaphore.sip\n./venv/lib/python3.12/site-packages/PyQt6/bindings/QtCore/qtemporarydir.sip\n./venv/lib/python3.12/site-packages/PyQt6/bindings/QtCore/qtemporaryfile.sip\n./venv/lib/python3.12/site-packages/PyQt6/bindings/QtCore/qtenvironmentvariables.sip\n./venv/lib/python3.12/site-packages/PyQt6/bindings/QtCore/qtextboundaryfinder.sip\n./venv/lib/python3.12/site-packages/PyQt6/bindings/QtCore/qtextstream.sip\n./venv/lib/python3.12/site-packages/PyQt6/bindings/QtCore/qthread.sip\n./venv/lib/python3.12/site-packages/PyQt6/bindings/QtCore/qthreadpool.sip\n./venv/lib/python3.12/site-packages/PyQt6/bindings/QtCore/qtimeline.sip\n./venv/lib/python3.12/site-packages/PyQt6/bindings/QtCore/qtimer.sip\n./venv/lib/python3.12/site-packages/PyQt6/bindings/QtCore/qtimezone.sip\n./venv/lib/python3.12/site-packages/PyQt6/bindings/QtCore/qtipccommon.sip\n./venv/lib/python3.12/site-packages/PyQt6/bindings/QtCore/qtranslator.sip\n./venv/lib/python3.12/site-packages/PyQt6/bindings/QtCore/qtransposeproxymodel.sip\n./venv/lib/python3.12/site-packages/PyQt6/bindings/QtCore/qtversion.sip\n./venv/lib/python3.12/site-packages/PyQt6/bindings/QtCore/qtyperevision.sip\n./venv/lib/python3.12/site-packages/PyQt6/bindings/QtCore/qtypes.sip\n./venv/lib/python3.12/site-packages/PyQt6/bindings/QtCore/qurl.sip\n./venv/lib/python3.12/site-packages/PyQt6/bindings/QtCore/qurlquery.sip\n./venv/lib/python3.12/site-packages/PyQt6/bindings/QtCore/quuid.sip\n./venv/lib/python3.12/site-packages/PyQt6/bindings/QtCore/qvariant.sip\n./venv/lib/python3.12/site-packages/PyQt6/bindings/QtCore/qvariantanimation.sip\n./venv/lib/python3.12/site-packages/PyQt6/bindings/QtCore/qversionnumber.sip\n./venv/lib/python3.12/site-packages/PyQt6/bindings/QtCore/qwaitcondition.sip\n./venv/lib/python3.12/site-packages/PyQt6/bindings/QtCore/qwineventnotifier.sip\n./venv/lib/python3.12/site-packages/PyQt6/bindings/QtCore/qxmlstream.sip\n./venv/lib/python3.12/site-packages/PyQt6/bindings/QtCore/qyieldcpu.sip\n./venv/lib/python3.12/site-packages/PyQt6/bindings/QtMultimediaWidgets/QtMultimediaWidgets.toml\n./venv/lib/python3.12/site-packages/PyQt6/bindings/QtMultimediaWidgets/QtMultimediaWidgetsmod.sip\n./venv/lib/python3.12/site-packages/PyQt6/bindings/QtMultimediaWidgets/qgraphicsvideoitem.sip\n./venv/lib/python3.12/site-packages/PyQt6/bindings/QtMultimediaWidgets/qvideowidget.sip\n./venv/lib/python3.12/site-packages/PyQt6/bindings/QtTest/QtTest.toml\n./venv/lib/python3.12/site-packages/PyQt6/bindings/QtTest/QtTestmod.sip\n./venv/lib/python3.12/site-packages/PyQt6/bindings/QtTest/qabstractitemmodeltester.sip\n./venv/lib/python3.12/site-packages/PyQt6/bindings/QtTest/qsignalspy.sip\n./venv/lib/python3.12/site-packages/PyQt6/bindings/QtTest/qtestkeyboard.sip\n./venv/lib/python3.12/site-packages/PyQt6/bindings/QtTest/qtestmouse.sip\n./venv/lib/python3.12/site-packages/PyQt6/bindings/QtTest/qtestsystem.sip\n./venv/lib/python3.12/site-packages/PyQt6/bindings/QtPdfWidgets/QtPdfWidgets.toml\n./venv/lib/python3.12/site-packages/PyQt6/bindings/QtPdfWidgets/QtPdfWidgetsmod.sip\n./venv/lib/python3.12/site-packages/PyQt6/bindings/QtPdfWidgets/qpdfpageselector.sip\n./venv/lib/python3.12/site-packages/PyQt6/bindings/QtPdfWidgets/qpdfview.sip\n```\n\n### Project Structure Diagram\n\n```mermaid\ngraph TD\n    Root[./]\n    Root --> node_dockerignore["dockerignore"]\n    Root --> node_env["env"]\n    Root --> node_env_example["env.example"]\n    Root --> node_gitignore["gitignore"]\n    Root --> node_Dockerfile["Dockerfile"]\n    Root --> node_LICENSE_ndaversis_txt["LICENSE_ndaversis.txt"]\n    Root --> node_config_json["config.json"]\n    Root --> node_docker-compose_yml["docker-compose.yml"]\n    Root --> node_final_test_results_txt["final_test_results.txt"]\n    Root --> node_ndaversis_py["ndaversis.py"]\n    Root --> node_ndaversis_logs_py["ndaversis_logs.py"]\n    Root --> node_ndaversis_metrics_json["ndaversis_metrics.json"]\n    Root --> node_ndaversis_privacy_policy_md["ndaversis_privacy_policy.md"]\n    Root --> node_ndaversis_readme_md["ndaversis_readme.md"]\n    Root --> node_ndaversis_requirements_txt["ndaversis_requirements.txt"]\n    Root --> node_ndaversis_version_history_py["ndaversis_version_history.py"]\n    Root --> node_readme_md["readme.md"]\n    Root --> node_task_txt["task.txt"]\n    Root --> node_test_txt["test.txt"]\n    Root --> node_test_config_json["test_config.json"]\n    Root --> node_test_failures_txt["test_failures.txt"]\n    Root --> node_test_ndaversis_py["test_ndaversis.py"]\n    Root --> node_test_ndaversis_readme_md["test_ndaversis_readme.md"]\n    Root --> node_test_results_txt["test_results.txt"]\n    Root --> node_venv["venv"]\n    node_venv --> node_venv_pyvenv_cfg["pyvenv.cfg"]\n    Root --> node_venv["venv"]\n    node_venv --> node_venv_bin["bin"]\n    node_venv_bin --> node_venv_bin_Activate_ps1["Activate.ps1"]\n    Root --> node_venv["venv"]\n    node_venv --> node_venv_bin["bin"]\n    node_venv_bin --> node_venv_bin_activate["activate"]\n    Root --> node_venv["venv"]\n    node_venv --> node_venv_bin["bin"]\n    node_venv_bin --> node_venv_bin_activate_csh["activate.csh"]\n    Root --> node_venv["venv"]\n    node_venv --> node_venv_bin["bin"]\n    node_venv_bin --> node_venv_bin_activate_fish["activate.fish"]\n    Root --> node_venv["venv"]\n    node_venv --> node_venv_bin["bin"]\n    node_venv_bin --> node_venv_bin_pip["pip"]\n    Root --> node_venv["venv"]\n    node_venv --> node_venv_bin["bin"]\n    node_venv_bin --> node_venv_bin_pip3["pip3"]\n    Root --> node_venv["venv"]\n    node_venv --> node_venv_bin["bin"]\n    node_venv_bin --> node_venv_bin_pip3_12["pip3.12"]\n    Root --> node_venv["venv"]\n    node_venv --> node_venv_bin["bin"]\n    node_venv_bin --> node_venv_bin_pylupdate6["pylupdate6"]\n    Root --> node_venv["venv"]\n    node_venv --> node_venv_bin["bin"]\n    node_venv_bin --> node_venv_bin_python["python"]\n    Root --> node_venv["venv"]\n    node_venv --> node_venv_bin["bin"]\n    node_venv_bin --> node_venv_bin_python3["python3"]\n    Root --> node_venv["venv"]\n    node_venv --> node_venv_bin["bin"]\n    node_venv_bin --> node_venv_bin_python3_12["python3.12"]\n    Root --> node_venv["venv"]\n    node_venv --> node_venv_bin["bin"]\n    node_venv_bin --> node_venv_bin_pyuic6["pyuic6"]\n    Root --> node_venv["venv"]\n    node_venv --> node_venv_lib["lib"]\n    node_venv_lib --> node_venv_lib_python3_12["python3.12"]\n    node_venv_lib_python3_12 --> node_venv_lib_python3_12_site-packages["site-packages"]\n    node_venv_lib_python3_12_site-packages --> node_venv_lib_python3_12_site-packages_pyqt6-6_10_2_dist-info["pyqt6-6.10.2.dist-info"]\n    node_venv_lib_python3_12_site-packages_pyqt6-6_10_2_dist-info --> node_venv_lib_python3_12_site-packages_pyqt6-6_10_2_dist-info_INSTALLER["INSTALLER"]\n    Root --> node_venv["venv"]\n    node_venv --> node_venv_lib["lib"]\n    node_venv_lib --> node_venv_lib_python3_12["python3.12"]\n    node_venv_lib_python3_12 --> node_venv_lib_python3_12_site-packages["site-packages"]\n    node_venv_lib_python3_12_site-packages --> node_venv_lib_python3_12_site-packages_pyqt6-6_10_2_dist-info["pyqt6-6.10.2.dist-info"]\n    node_venv_lib_python3_12_site-packages_pyqt6-6_10_2_dist-info --> node_venv_lib_python3_12_site-packages_pyqt6-6_10_2_dist-info_METADATA["METADATA"]\n    Root --> node_venv["venv"]\n    node_venv --> node_venv_lib["lib"]\n    node_venv_lib --> node_venv_lib_python3_12["python3.12"]\n    node_venv_lib_python3_12 --> node_venv_lib_python3_12_site-packages["site-packages"]\n    node_venv_lib_python3_12_site-packages --> node_venv_lib_python3_12_site-packages_pyqt6-6_10_2_dist-info["pyqt6-6.10.2.dist-info"]\n    node_venv_lib_python3_12_site-packages_pyqt6-6_10_2_dist-info --> node_venv_lib_python3_12_site-packages_pyqt6-6_10_2_dist-info_RECORD["RECORD"]\n    Root --> node_venv["venv"]\n    node_venv --> node_venv_lib["lib"]\n    node_venv_lib --> node_venv_lib_python3_12["python3.12"]\n    node_venv_lib_python3_12 --> node_venv_lib_python3_12_site-packages["site-packages"]\n    node_venv_lib_python3_12_site-packages --> node_venv_lib_python3_12_site-packages_pyqt6-6_10_2_dist-info["pyqt6-6.10.2.dist-info"]\n    node_venv_lib_python3_12_site-packages_pyqt6-6_10_2_dist-info --> node_venv_lib_python3_12_site-packages_pyqt6-6_10_2_dist-info_REQUESTED["REQUESTED"]\n    Root --> node_venv["venv"]\n    node_venv --> node_venv_lib["lib"]\n    node_venv_lib --> node_venv_lib_python3_12["python3.12"]\n    node_venv_lib_python3_12 --> node_venv_lib_python3_12_site-packages["site-packages"]\n    node_venv_lib_python3_12_site-packages --> node_venv_lib_python3_12_site-packages_pyqt6-6_10_2_dist-info["pyqt6-6.10.2.dist-info"]\n    node_venv_lib_python3_12_site-packages_pyqt6-6_10_2_dist-info --> node_venv_lib_python3_12_site-packages_pyqt6-6_10_2_dist-info_WHEEL["WHEEL"]\n    Root --> node_venv["venv"]\n    node_venv --> node_venv_lib["lib"]\n    node_venv_lib --> node_venv_lib_python3_12["python3.12"]\n    node_venv_lib_python3_12 --> node_venv_lib_python3_12_site-packages["site-packages"]\n    node_venv_lib_python3_12_site-packages --> node_venv_lib_python3_12_site-packages_pyqt6-6_10_2_dist-info["pyqt6-6.10.2.dist-info"]\n    node_venv_lib_python3_12_site-packages_pyqt6-6_10_2_dist-info --> node_venv_lib_python3_12_site-packages_pyqt6-6_10_2_dist-info_entry_points_txt["entry_points.txt"]\n    Root --> node_venv["venv"]\n    node_venv --> node_venv_lib["lib"]\n    node_venv_lib --> node_venv_lib_python3_12["python3.12"]\n    node_venv_lib_python3_12 --> node_venv_lib_python3_12_site-packages["site-packages"]\n    node_venv_lib_python3_12_site-packages --> node_venv_lib_python3_12_site-packages_pyqt6-6_10_2_dist-info["pyqt6-6.10.2.dist-info"]\n    node_venv_lib_python3_12_site-packages_pyqt6-6_10_2_dist-info --> node_venv_lib_python3_12_site-packages_pyqt6-6_10_2_dist-info_licenses["licenses"]\n    node_venv_lib_python3_12_site-packages_pyqt6-6_10_2_dist-info_licenses --> node_venv_lib_python3_12_site-packages_pyqt6-6_10_2_dist-info_licenses_LICENSE["LICENSE"]\n    Root --> node_venv["venv"]\n    node_venv --> node_venv_lib["lib"]\n    node_venv_lib --> node_venv_lib_python3_12["python3.12"]\n    node_venv_lib_python3_12 --> node_venv_lib_python3_12_site-packages["site-packages"]\n    node_venv_lib_python3_12_site-packages --> node_venv_lib_python3_12_site-packages_pip-25_0_1_dist-info["pip-25.0.1.dist-info"]\n    node_venv_lib_python3_12_site-packages_pip-25_0_1_dist-info --> node_venv_lib_python3_12_site-packages_pip-25_0_1_dist-info_INSTALLER["INSTALLER"]\n    Root --> node_venv["venv"]\n    node_venv --> node_venv_lib["lib"]\n    node_venv_lib --> node_venv_lib_python3_12["python3.12"]\n    node_venv_lib_python3_12 --> node_venv_lib_python3_12_site-packages["site-packages"]\n    node_venv_lib_python3_12_site-packages --> node_venv_lib_python3_12_site-packages_pip-25_0_1_dist-info["pip-25.0.1.dist-info"]\n    node_venv_lib_python3_12_site-packages_pip-25_0_1_dist-info --> node_venv_lib_python3_12_site-packages_pip-25_0_1_dist-info_METADATA["METADATA"]\n    Root --> node_venv["venv"]\n    node_venv --> node_venv_lib["lib"]\n    node_venv_lib --> node_venv_lib_python3_12["python3.12"]\n    node_venv_lib_python3_12 --> node_venv_lib_python3_12_site-packages["site-packages"]\n    node_venv_lib_python3_12_site-packages --> node_venv_lib_python3_12_site-packages_pip-25_0_1_dist-info["pip-25.0.1.dist-info"]\n    node_venv_lib_python3_12_site-packages_pip-25_0_1_dist-info --> node_venv_lib_python3_12_site-packages_pip-25_0_1_dist-info_RECORD["RECORD"]\n    Root --> node_venv["venv"]\n    node_venv --> node_venv_lib["lib"]\n    node_venv_lib --> node_venv_lib_python3_12["python3.12"]\n    node_venv_lib_python3_12 --> node_venv_lib_python3_12_site-packages["site-packages"]\n    node_venv_lib_python3_12_site-packages --> node_venv_lib_python3_12_site-packages_pip-25_0_1_dist-info["pip-25.0.1.dist-info"]\n    node_venv_lib_python3_12_site-packages_pip-25_0_1_dist-info --> node_venv_lib_python3_12_site-packages_pip-25_0_1_dist-info_REQUESTED["REQUESTED"]\n    Root --> node_venv["venv"]\n    node_venv --> node_venv_lib["lib"]\n    node_venv_lib --> node_venv_lib_python3_12["python3.12"]\n    node_venv_lib_python3_12 --> node_venv_lib_python3_12_site-packages["site-packages"]\n    node_venv_lib_python3_12_site-packages --> node_venv_lib_python3_12_site-packages_pip-25_0_1_dist-info["pip-25.0.1.dist-info"]\n    node_venv_lib_python3_12_site-packages_pip-25_0_1_dist-info --> node_venv_lib_python3_12_site-packages_pip-25_0_1_dist-info_WHEEL["WHEEL"]\n    Root --> node_venv["venv"]\n    node_venv --> node_venv_lib["lib"]\n    node_venv_lib --> node_venv_lib_python3_12["python3.12"]\n    node_venv_lib_python3_12 --> node_venv_lib_python3_12_site-packages["site-packages"]\n    node_venv_lib_python3_12_site-packages --> node_venv_lib_python3_12_site-packages_pip-25_0_1_dist-info["pip-25.0.1.dist-info"]\n    node_venv_lib_python3_12_site-packages_pip-25_0_1_dist-info --> node_venv_lib_python3_12_site-packages_pip-25_0_1_dist-info_entry_points_txt["entry_points.txt"]\n    Root --> node_venv["venv"]\n    node_venv --> node_venv_lib["lib"]\n    node_venv_lib --> node_venv_lib_python3_12["python3.12"]\n    node_venv_lib_python3_12 --> node_venv_lib_python3_12_site-packages["site-packages"]\n    node_venv_lib_python3_12_site-packages --> node_venv_lib_python3_12_site-packages_pip-25_0_1_dist-info["pip-25.0.1.dist-info"]\n    node_venv_lib_python3_12_site-packages_pip-25_0_1_dist-info --> node_venv_lib_python3_12_site-packages_pip-25_0_1_dist-info_top_level_txt["top_level.txt"]\n    Root --> node_venv["venv"]\n    node_venv --> node_venv_lib["lib"]\n    node_venv_lib --> node_venv_lib_python3_12["python3.12"]\n    node_venv_lib_python3_12 --> node_venv_lib_python3_12_site-packages["site-packages"]\n    node_venv_lib_python3_12_site-packages --> node_venv_lib_python3_12_site-packages_pip-25_0_1_dist-info["pip-25.0.1.dist-info"]\n    node_venv_lib_python3_12_site-packages_pip-25_0_1_dist-info --> node_venv_lib_python3_12_site-packages_pip-25_0_1_dist-info_licenses["licenses"]\n    node_venv_lib_python3_12_site-packages_pip-25_0_1_dist-info_licenses --> node_venv_lib_python3_12_site-packages_pip-25_0_1_dist-info_licenses_AUTHORS_txt["AUTHORS.txt"]\n    Root --> node_venv["venv"]\n    node_venv --> node_venv_lib["lib"]\n    node_venv_lib --> node_venv_lib_python3_12["python3.12"]\n    node_venv_lib_python3_12 --> node_venv_lib_python3_12_site-packages["site-packages"]\n    node_venv_lib_python3_12_site-packages --> node_venv_lib_python3_12_site-packages_pip-25_0_1_dist-info["pip-25.0.1.dist-info"]\n    node_venv_lib_python3_12_site-packages_pip-25_0_1_dist-info --> node_venv_lib_python3_12_site-packages_pip-25_0_1_dist-info_licenses["licenses"]\n    node_venv_lib_python3_12_site-packages_pip-25_0_1_dist-info_licenses --> node_venv_lib_python3_12_site-packages_pip-25_0_1_dist-info_licenses_LICENSE_txt["LICENSE.txt"]\n    Root --> node_venv["venv"]\n    node_venv --> node_venv_lib["lib"]\n    node_venv_lib --> node_venv_lib_python3_12["python3.12"]\n    node_venv_lib_python3_12 --> node_venv_lib_python3_12_site-packages["site-packages"]\n    node_venv_lib_python3_12_site-packages --> node_venv_lib_python3_12_site-packages_pip["pip"]\n    node_venv_lib_python3_12_site-packages_pip --> node_venv_lib_python3_12_site-packages_pip___init___py["__init__.py"]\n    Root --> node_venv["venv"]\n    node_venv --> node_venv_lib["lib"]\n    node_venv_lib --> node_venv_lib_python3_12["python3.12"]\n    node_venv_lib_python3_12 --> node_venv_lib_python3_12_site-packages["site-packages"]\n    node_venv_lib_python3_12_site-packages --> node_venv_lib_python3_12_site-packages_pip["pip"]\n    node_venv_lib_python3_12_site-packages_pip --> node_venv_lib_python3_12_site-packages_pip___main___py["__main__.py"]\n    Root --> node_venv["venv"]\n    node_venv --> node_venv_lib["lib"]\n    node_venv_lib --> node_venv_lib_python3_12["python3.12"]\n    node_venv_lib_python3_12 --> node_venv_lib_python3_12_site-packages["site-packages"]\n    node_venv_lib_python3_12_site-packages --> node_venv_lib_python3_12_site-packages_pip["pip"]\n    node_venv_lib_python3_12_site-packages_pip --> node_venv_lib_python3_12_site-packages_pip___pip-runner___py["__pip-runner__.py"]\n    Root --> node_venv["venv"]\n    node_venv --> node_venv_lib["lib"]\n    node_venv_lib --> node_venv_lib_python3_12["python3.12"]\n    node_venv_lib_python3_12 --> node_venv_lib_python3_12_site-packages["site-packages"]\n    node_venv_lib_python3_12_site-packages --> node_venv_lib_python3_12_site-packages_pip["pip"]\n    node_venv_lib_python3_12_site-packages_pip --> node_venv_lib_python3_12_site-packages_pip_py_typed["py.typed"]\n    Root --> node_venv["venv"]\n    node_venv --> node_venv_lib["lib"]\n    node_venv_lib --> node_venv_lib_python3_12["python3.12"]\n    node_venv_lib_python3_12 --> node_venv_lib_python3_12_site-packages["site-packages"]\n    node_venv_lib_python3_12_site-packages --> node_venv_lib_python3_12_site-packages_pip["pip"]\n    node_venv_lib_python3_12_site-packages_pip --> node_venv_lib_python3_12_site-packages_pip__internal["_internal"]\n    node_venv_lib_python3_12_site-packages_pip__internal --> node_venv_lib_python3_12_site-packages_pip__internal___init___py["__init__.py"]\n    Root --> node_venv["venv"]\n    node_venv --> node_venv_lib["lib"]\n    node_venv_lib --> node_venv_lib_python3_12["python3.12"]\n    node_venv_lib_python3_12 --> node_venv_lib_python3_12_site-packages["site-packages"]\n    node_venv_lib_python3_12_site-packages --> node_venv_lib_python3_12_site-packages_pip["pip"]\n    node_venv_lib_python3_12_site-packages_pip --> node_venv_lib_python3_12_site-packages_pip__internal["_internal"]\n    node_venv_lib_python3_12_site-packages_pip__internal --> node_venv_lib_python3_12_site-packages_pip__internal_build_env_py["build_env.py"]\n    Root --> node_venv["venv"]\n    node_venv --> node_venv_lib["lib"]\n    node_venv_lib --> node_venv_lib_python3_12["python3.12"]\n    node_venv_lib_python3_12 --> node_venv_lib_python3_12_site-packages["site-packages"]\n    node_venv_lib_python3_12_site-packages --> node_venv_lib_python3_12_site-packages_pip["pip"]\n    node_venv_lib_python3_12_site-packages_pip --> node_venv_lib_python3_12_site-packages_pip__internal["_internal"]\n    node_venv_lib_python3_12_site-packages_pip__internal --> node_venv_lib_python3_12_site-packages_pip__internal_cache_py["cache.py"]\n    Root --> node_venv["venv"]\n    node_venv --> node_venv_lib["lib"]\n    node_venv_lib --> node_venv_lib_python3_12["python3.12"]\n    node_venv_lib_python3_12 --> node_venv_lib_python3_12_site-packages["site-packages"]\n    node_venv_lib_python3_12_site-packages --> node_venv_lib_python3_12_site-packages_pip["pip"]\n    node_venv_lib_python3_12_site-packages_pip --> node_venv_lib_python3_12_site-packages_pip__internal["_internal"]\n    node_venv_lib_python3_12_site-packages_pip__internal --> node_venv_lib_python3_12_site-packages_pip__internal_configuration_py["configuration.py"]\n    Root --> node_venv["venv"]\n    node_venv --> node_venv_lib["lib"]\n    node_venv_lib --> node_venv_lib_python3_12["python3.12"]\n    node_venv_lib_python3_12 --> node_venv_lib_python3_12_site-packages["site-packages"]\n    node_venv_lib_python3_12_site-packages --> node_venv_lib_python3_12_site-packages_pip["pip"]\n    node_venv_lib_python3_12_site-packages_pip --> node_venv_lib_python3_12_site-packages_pip__internal["_internal"]\n    node_venv_lib_python3_12_site-packages_pip__internal --> node_venv_lib_python3_12_site-packages_pip__internal_exceptions_py["exceptions.py"]\n    Root --> node_venv["venv"]\n    node_venv --> node_venv_lib["lib"]\n    node_venv_lib --> node_venv_lib_python3_12["python3.12"]\n    node_venv_lib_python3_12 --> node_venv_lib_python3_12_site-packages["site-packages"]\n    node_venv_lib_python3_12_site-packages --> node_venv_lib_python3_12_site-packages_pip["pip"]\n    node_venv_lib_python3_12_site-packages_pip --> node_venv_lib_python3_12_site-packages_pip__internal["_internal"]\n    node_venv_lib_python3_12_site-packages_pip__internal --> node_venv_lib_python3_12_site-packages_pip__internal_main_py["main.py"]\n    Root --> node_venv["venv"]\n    node_venv --> node_venv_lib["lib"]\n    node_venv_lib --> node_venv_lib_python3_12["python3.12"]\n    node_venv_lib_python3_12 --> node_venv_lib_python3_12_site-packages["site-packages"]\n    node_venv_lib_python3_12_site-packages --> node_venv_lib_python3_12_site-packages_pip["pip"]\n    node_venv_lib_python3_12_site-packages_pip --> node_venv_lib_python3_12_site-packages_pip__internal["_internal"]\n    node_venv_lib_python3_12_site-packages_pip__internal --> node_venv_lib_python3_12_site-packages_pip__internal_pyproject_py["pyproject.py"]\n    Root --> node_venv["venv"]\n    node_venv --> node_venv_lib["lib"]\n    node_venv_lib --> node_venv_lib_python3_12["python3.12"]\n    node_venv_lib_python3_12 --> node_venv_lib_python3_12_site-packages["site-packages"]\n    node_venv_lib_python3_12_site-packages --> node_venv_lib_python3_12_site-packages_pip["pip"]\n    node_venv_lib_python3_12_site-packages_pip --> node_venv_lib_python3_12_site-packages_pip__internal["_internal"]\n    node_venv_lib_python3_12_site-packages_pip__internal --> node_venv_lib_python3_12_site-packages_pip__internal_self_outdated_check_py["self_outdated_check.py"]\n    Root --> node_venv["venv"]\n    node_venv --> node_venv_lib["lib"]\n    node_venv_lib --> node_venv_lib_python3_12["python3.12"]\n    node_venv_lib_python3_12 --> node_venv_lib_python3_12_site-packages["site-packages"]\n    node_venv_lib_python3_12_site-packages --> node_venv_lib_python3_12_site-packages_pip["pip"]\n    node_venv_lib_python3_12_site-packages_pip --> node_venv_lib_python3_12_site-packages_pip__internal["_internal"]\n    node_venv_lib_python3_12_site-packages_pip__internal --> node_venv_lib_python3_12_site-packages_pip__internal_wheel_builder_py["wheel_builder.py"]\n    Root --> node_venv["venv"]\n    node_venv --> node_venv_lib["lib"]\n    node_venv_lib --> node_venv_lib_python3_12["python3.12"]\n    node_venv_lib_python3_12 --> node_venv_lib_python3_12_site-packages["site-packages"]\n    node_venv_lib_python3_12_site-packages --> node_venv_lib_python3_12_site-packages_pip["pip"]\n    node_venv_lib_python3_12_site-packages_pip --> node_venv_lib_python3_12_site-packages_pip__internal["_internal"]\n    node_venv_lib_python3_12_site-packages_pip__internal --> node_venv_lib_python3_12_site-packages_pip__internal_network["network"]\n    node_venv_lib_python3_12_site-packages_pip__internal_network --> node_venv_lib_python3_12_site-packages_pip__internal_network___init___py["__init__.py"]\n    Root --> node_venv["venv"]\n    node_venv --> node_venv_lib["lib"]\n    node_venv_lib --> node_venv_lib_python3_12["python3.12"]\n    node_venv_lib_python3_12 --> node_venv_lib_python3_12_site-packages["site-packages"]\n    node_venv_lib_python3_12_site-packages --> node_venv_lib_python3_12_site-packages_pip["pip"]\n    node_venv_lib_python3_12_site-packages_pip --> node_venv_lib_python3_12_site-packages_pip__internal["_internal"]\n    node_venv_lib_python3_12_site-packages_pip__internal --> node_venv_lib_python3_12_site-packages_pip__internal_network["network"]\n    node_venv_lib_python3_12_site-packages_pip__internal_network --> node_venv_lib_python3_12_site-packages_pip__internal_network_auth_py["auth.py"]\n    Root --> node_venv["venv"]\n    node_venv --> node_venv_lib["lib"]\n    node_venv_lib --> node_venv_lib_python3_12["python3.12"]\n    node_venv_lib_python3_12 --> node_venv_lib_python3_12_site-packages["site-packages"]\n    node_venv_lib_python3_12_site-packages --> node_venv_lib_python3_12_site-packages_pip["pip"]\n    node_venv_lib_python3_12_site-packages_pip --> node_venv_lib_python3_12_site-packages_pip__internal["_internal"]\n    node_venv_lib_python3_12_site-packages_pip__internal --> node_venv_lib_python3_12_site-packages_pip__internal_network["network"]\n    node_venv_lib_python3_12_site-packages_pip__internal_network --> node_venv_lib_python3_12_site-packages_pip__internal_network_cache_py["cache.py"]\n    Root --> node_venv["venv"]\n    node_venv --> node_venv_lib["lib"]\n    node_venv_lib --> node_venv_lib_python3_12["python3.12"]\n    node_venv_lib_python3_12 --> node_venv_lib_python3_12_site-packages["site-packages"]\n    node_venv_lib_python3_12_site-packages --> node_venv_lib_python3_12_site-packages_pip["pip"]\n    node_venv_lib_python3_12_site-packages_pip --> node_venv_lib_python3_12_site-packages_pip__internal["_internal"]\n    node_venv_lib_python3_12_site-packages_pip__internal --> node_venv_lib_python3_12_site-packages_pip__internal_network["network"]\n    node_venv_lib_python3_12_site-packages_pip__internal_network --> node_venv_lib_python3_12_site-packages_pip__internal_network_download_py["download.py"]\n    Root --> node_venv["venv"]\n    node_venv --> node_venv_lib["lib"]\n    node_venv_lib --> node_venv_lib_python3_12["python3.12"]\n    node_venv_lib_python3_12 --> node_venv_lib_python3_12_site-packages["site-packages"]\n    node_venv_lib_python3_12_site-packages --> node_venv_lib_python3_12_site-packages_pip["pip"]\n    node_venv_lib_python3_12_site-packages_pip --> node_venv_lib_python3_12_site-packages_pip__internal["_internal"]\n    node_venv_lib_python3_12_site-packages_pip__internal --> node_venv_lib_python3_12_site-packages_pip__internal_network["network"]\n    node_venv_lib_python3_12_site-packages_pip__internal_network --> node_venv_lib_python3_12_site-packages_pip__internal_network_lazy_wheel_py["lazy_wheel.py"]\n    Root --> node_venv["venv"]\n    node_venv --> node_venv_lib["lib"]\n    node_venv_lib --> node_venv_lib_python3_12["python3.12"]\n    node_venv_lib_python3_12 --> node_venv_lib_python3_12_site-packages["site-packages"]\n    node_venv_lib_python3_12_site-packages --> node_venv_lib_python3_12_site-packages_pip["pip"]\n    node_venv_lib_python3_12_site-packages_pip --> node_venv_lib_python3_12_site-packages_pip__internal["_internal"]\n    node_venv_lib_python3_12_site-packages_pip__internal --> node_venv_lib_python3_12_site-packages_pip__internal_network["network"]\n    node_venv_lib_python3_12_site-packages_pip__internal_network --> node_venv_lib_python3_12_site-packages_pip__internal_network_session_py["session.py"]\n    Root --> node_venv["venv"]\n    node_venv --> node_venv_lib["lib"]\n    node_venv_lib --> node_venv_lib_python3_12["python3.12"]\n    node_venv_lib_python3_12 --> node_venv_lib_python3_12_site-packages["site-packages"]\n    node_venv_lib_python3_12_site-packages --> node_venv_lib_python3_12_site-packages_pip["pip"]\n    node_venv_lib_python3_12_site-packages_pip --> node_venv_lib_python3_12_site-packages_pip__internal["_internal"]\n    node_venv_lib_python3_12_site-packages_pip__internal --> node_venv_lib_python3_12_site-packages_pip__internal_network["network"]\n    node_venv_lib_python3_12_site-packages_pip__internal_network --> node_venv_lib_python3_12_site-packages_pip__internal_network_utils_py["utils.py"]\n    Root --> node_venv["venv"]\n    node_venv --> node_venv_lib["lib"]\n    node_venv_lib --> node_venv_lib_python3_12["python3.12"]\n    node_venv_lib_python3_12 --> node_venv_lib_python3_12_site-packages["site-packages"]\n    node_venv_lib_python3_12_site-packages --> node_venv_lib_python3_12_site-packages_pip["pip"]\n    node_venv_lib_python3_12_site-packages_pip --> node_venv_lib_python3_12_site-packages_pip__internal["_internal"]\n    node_venv_lib_python3_12_site-packages_pip__internal --> node_venv_lib_python3_12_site-packages_pip__internal_network["network"]\n    node_venv_lib_python3_12_site-packages_pip__internal_network --> node_venv_lib_python3_12_site-packages_pip__internal_network_xmlrpc_py["xmlrpc.py"]\n    Root --> node_venv["venv"]\n    node_venv --> node_venv_lib["lib"]\n    node_venv_lib --> node_venv_lib_python3_12["python3.12"]\n    node_venv_lib_python3_12 --> node_venv_lib_python3_12_site-packages["site-packages"]\n    node_venv_lib_python3_12_site-packages --> node_venv_lib_python3_12_site-packages_pip["pip"]\n    node_venv_lib_python3_12_site-packages_pip --> node_venv_lib_python3_12_site-packages_pip__internal["_internal"]\n    node_venv_lib_python3_12_site-packages_pip__internal --> node_venv_lib_python3_12_site-packages_pip__internal_utils["utils"]\n    node_venv_lib_python3_12_site-packages_pip__internal_utils --> node_venv_lib_python3_12_site-packages_pip__internal_utils___init___py["__init__.py"]\n    Root --> node_venv["venv"]\n    node_venv --> node_venv_lib["lib"]\n    node_venv_lib --> node_venv_lib_python3_12["python3.12"]\n    node_venv_lib_python3_12 --> node_venv_lib_python3_12_site-packages["site-packages"]\n    node_venv_lib_python3_12_site-packages --> node_venv_lib_python3_12_site-packages_pip["pip"]\n    node_venv_lib_python3_12_site-packages_pip --> node_venv_lib_python3_12_site-packages_pip__internal["_internal"]\n    node_venv_lib_python3_12_site-packages_pip__internal --> node_venv_lib_python3_12_site-packages_pip__internal_utils["utils"]\n    node_venv_lib_python3_12_site-packages_pip__internal_utils --> node_venv_lib_python3_12_site-packages_pip__internal_utils__jaraco_text_py["_jaraco_text.py"]\n    Root --> node_venv["venv"]\n    node_venv --> node_venv_lib["lib"]\n    node_venv_lib --> node_venv_lib_python3_12["python3.12"]\n    node_venv_lib_python3_12 --> node_venv_lib_python3_12_site-packages["site-packages"]\n    node_venv_lib_python3_12_site-packages --> node_venv_lib_python3_12_site-packages_pip["pip"]\n    node_venv_lib_python3_12_site-packages_pip --> node_venv_lib_python3_12_site-packages_pip__internal["_internal"]\n    node_venv_lib_python3_12_site-packages_pip__internal --> node_venv_lib_python3_12_site-packages_pip__internal_utils["utils"]\n    node_venv_lib_python3_12_site-packages_pip__internal_utils --> node_venv_lib_python3_12_site-packages_pip__internal_utils__log_py["_log.py"]\n    Root --> node_venv["venv"]\n    node_venv --> node_venv_lib["lib"]\n    node_venv_lib --> node_venv_lib_python3_12["python3.12"]\n    node_venv_lib_python3_12 --> node_venv_lib_python3_12_site-packages["site-packages"]\n    node_venv_lib_python3_12_site-packages --> node_venv_lib_python3_12_site-packages_pip["pip"]\n    node_venv_lib_python3_12_site-packages_pip --> node_venv_lib_python3_12_site-packages_pip__internal["_internal"]\n    node_venv_lib_python3_12_site-packages_pip__internal --> node_venv_lib_python3_12_site-packages_pip__internal_utils["utils"]\n    node_venv_lib_python3_12_site-packages_pip__internal_utils --> node_venv_lib_python3_12_site-packages_pip__internal_utils_appdirs_py["appdirs.py"]\n    Root --> node_venv["venv"]\n    node_venv --> node_venv_lib["lib"]\n    node_venv_lib --> node_venv_lib_python3_12["python3.12"]\n    node_venv_lib_python3_12 --> node_venv_lib_python3_12_site-packages["site-packages"]\n    node_venv_lib_python3_12_site-packages --> node_venv_lib_python3_12_site-packages_pip["pip"]\n    node_venv_lib_python3_12_site-packages_pip --> node_venv_lib_python3_12_site-packages_pip__internal["_internal"]\n    node_venv_lib_python3_12_site-packages_pip__internal --> node_venv_lib_python3_12_site-packages_pip__internal_utils["utils"]\n    node_venv_lib_python3_12_site-packages_pip__internal_utils --> node_venv_lib_python3_12_site-packages_pip__internal_utils_compat_py["compat.py"]\n    Root --> node_venv["venv"]\n    node_venv --> node_venv_lib["lib"]\n    node_venv_lib --> node_venv_lib_python3_12["python3.12"]\n    node_venv_lib_python3_12 --> node_venv_lib_python3_12_site-packages["site-packages"]\n    node_venv_lib_python3_12_site-packages --> node_venv_lib_python3_12_site-packages_pip["pip"]\n    node_venv_lib_python3_12_site-packages_pip --> node_venv_lib_python3_12_site-packages_pip__internal["_internal"]\n    node_venv_lib_python3_12_site-packages_pip__internal --> node_venv_lib_python3_12_site-packages_pip__internal_utils["utils"]\n    node_venv_lib_python3_12_site-packages_pip__internal_utils --> node_venv_lib_python3_12_site-packages_pip__internal_utils_compatibility_tags_py["compatibility_tags.py"]\n    Root --> node_venv["venv"]\n    node_venv --> node_venv_lib["lib"]\n    node_venv_lib --> node_venv_lib_python3_12["python3.12"]\n    node_venv_lib_python3_12 --> node_venv_lib_python3_12_site-packages["site-packages"]\n    node_venv_lib_python3_12_site-packages --> node_venv_lib_python3_12_site-packages_pip["pip"]\n    node_venv_lib_python3_12_site-packages_pip --> node_venv_lib_python3_12_site-packages_pip__internal["_internal"]\n    node_venv_lib_python3_12_site-packages_pip__internal --> node_venv_lib_python3_12_site-packages_pip__internal_utils["utils"]\n    node_venv_lib_python3_12_site-packages_pip__internal_utils --> node_venv_lib_python3_12_site-packages_pip__internal_utils_datetime_py["datetime.py"]\n    Root --> node_venv["venv"]\n    node_venv --> node_venv_lib["lib"]\n    node_venv_lib --> node_venv_lib_python3_12["python3.12"]\n    node_venv_lib_python3_12 --> node_venv_lib_python3_12_site-packages["site-packages"]\n    node_venv_lib_python3_12_site-packages --> node_venv_lib_python3_12_site-packages_pip["pip"]\n    node_venv_lib_python3_12_site-packages_pip --> node_venv_lib_python3_12_site-packages_pip__internal["_internal"]\n    node_venv_lib_python3_12_site-packages_pip__internal --> node_venv_lib_python3_12_site-packages_pip__internal_utils["utils"]\n    node_venv_lib_python3_12_site-packages_pip__internal_utils --> node_venv_lib_python3_12_site-packages_pip__internal_utils_deprecation_py["deprecation.py"]\n    Root --> node_venv["venv"]\n    node_venv --> node_venv_lib["lib"]\n    node_venv_lib --> node_venv_lib_python3_12["python3.12"]\n    node_venv_lib_python3_12 --> node_venv_lib_python3_12_site-packages["site-packages"]\n    node_venv_lib_python3_12_site-packages --> node_venv_lib_python3_12_site-packages_pip["pip"]\n    node_venv_lib_python3_12_site-packages_pip --> node_venv_lib_python3_12_site-packages_pip__internal["_internal"]\n    node_venv_lib_python3_12_site-packages_pip__internal --> node_venv_lib_python3_12_site-packages_pip__internal_utils["utils"]\n    node_venv_lib_python3_12_site-packages_pip__internal_utils --> node_venv_lib_python3_12_site-packages_pip__internal_utils_direct_url_helpers_py["direct_url_helpers.py"]\n    Root --> node_venv["venv"]\n    node_venv --> node_venv_lib["lib"]\n    node_venv_lib --> node_venv_lib_python3_12["python3.12"]\n    node_venv_lib_python3_12 --> node_venv_lib_python3_12_site-packages["site-packages"]\n    node_venv_lib_python3_12_site-packages --> node_venv_lib_python3_12_site-packages_pip["pip"]\n    node_venv_lib_python3_12_site-packages_pip --> node_venv_lib_python3_12_site-packages_pip__internal["_internal"]\n    node_venv_lib_python3_12_site-packages_pip__internal --> node_venv_lib_python3_12_site-packages_pip__internal_utils["utils"]\n    node_venv_lib_python3_12_site-packages_pip__internal_utils --> node_venv_lib_python3_12_site-packages_pip__internal_utils_egg_link_py["egg_link.py"]\n    Root --> node_venv["venv"]\n    node_venv --> node_venv_lib["lib"]\n    node_venv_lib --> node_venv_lib_python3_12["python3.12"]\n    node_venv_lib_python3_12 --> node_venv_lib_python3_12_site-packages["site-packages"]\n    node_venv_lib_python3_12_site-packages --> node_venv_lib_python3_12_site-packages_pip["pip"]\n    node_venv_lib_python3_12_site-packages_pip --> node_venv_lib_python3_12_site-packages_pip__internal["_internal"]\n    node_venv_lib_python3_12_site-packages_pip__internal --> node_venv_lib_python3_12_site-packages_pip__internal_utils["utils"]\n    node_venv_lib_python3_12_site-packages_pip__internal_utils --> node_venv_lib_python3_12_site-packages_pip__internal_utils_entrypoints_py["entrypoints.py"]\n    Root --> node_venv["venv"]\n    node_venv --> node_venv_lib["lib"]\n    node_venv_lib --> node_venv_lib_python3_12["python3.12"]\n    node_venv_lib_python3_12 --> node_venv_lib_python3_12_site-packages["site-packages"]\n    node_venv_lib_python3_12_site-packages --> node_venv_lib_python3_12_site-packages_pip["pip"]\n    node_venv_lib_python3_12_site-packages_pip --> node_venv_lib_python3_12_site-packages_pip__internal["_internal"]\n    node_venv_lib_python3_12_site-packages_pip__internal --> node_venv_lib_python3_12_site-packages_pip__internal_utils["utils"]\n    node_venv_lib_python3_12_site-packages_pip__internal_utils --> node_venv_lib_python3_12_site-packages_pip__internal_utils_filesystem_py["filesystem.py"]\n    Root --> node_venv["venv"]\n    node_venv --> node_venv_lib["lib"]\n    node_venv_lib --> node_venv_lib_python3_12["python3.12"]\n    node_venv_lib_python3_12 --> node_venv_lib_python3_12_site-packages["site-packages"]\n    node_venv_lib_python3_12_site-packages --> node_venv_lib_python3_12_site-packages_pip["pip"]\n    node_venv_lib_python3_12_site-packages_pip --> node_venv_lib_python3_12_site-packages_pip__internal["_internal"]\n    node_venv_lib_python3_12_site-packages_pip__internal --> node_venv_lib_python3_12_site-packages_pip__internal_utils["utils"]\n    node_venv_lib_python3_12_site-packages_pip__internal_utils --> node_venv_lib_python3_12_site-packages_pip__internal_utils_filetypes_py["filetypes.py"]\n    Root --> node_venv["venv"]\n    node_venv --> node_venv_lib["lib"]\n    node_venv_lib --> node_venv_lib_python3_12["python3.12"]\n    node_venv_lib_python3_12 --> node_venv_lib_python3_12_site-packages["site-packages"]\n    node_venv_lib_python3_12_site-packages --> node_venv_lib_python3_12_site-packages_pip["pip"]\n    node_venv_lib_python3_12_site-packages_pip --> node_venv_lib_python3_12_site-packages_pip__internal["_internal"]\n    node_venv_lib_python3_12_site-packages_pip__internal --> node_venv_lib_python3_12_site-packages_pip__internal_utils["utils"]\n    node_venv_lib_python3_12_site-packages_pip__internal_utils --> node_venv_lib_python3_12_site-packages_pip__internal_utils_glibc_py["glibc.py"]\n    Root --> node_venv["venv"]\n    node_venv --> node_venv_lib["lib"]\n    node_venv_lib --> node_venv_lib_python3_12["python3.12"]\n    node_venv_lib_python3_12 --> node_venv_lib_python3_12_site-packages["site-packages"]\n    node_venv_lib_python3_12_site-packages --> node_venv_lib_python3_12_site-packages_pip["pip"]\n    node_venv_lib_python3_12_site-packages_pip --> node_venv_lib_python3_12_site-packages_pip__internal["_internal"]\n    node_venv_lib_python3_12_site-packages_pip__internal --> node_venv_lib_python3_12_site-packages_pip__internal_utils["utils"]\n    node_venv_lib_python3_12_site-packages_pip__internal_utils --> node_venv_lib_python3_12_site-packages_pip__internal_utils_hashes_py["hashes.py"]\n    Root --> node_venv["venv"]\n    node_venv --> node_venv_lib["lib"]\n    node_venv_lib --> node_venv_lib_python3_12["python3.12"]\n    node_venv_lib_python3_12 --> node_venv_lib_python3_12_site-packages["site-packages"]\n    node_venv_lib_python3_12_site-packages --> node_venv_lib_python3_12_site-packages_pip["pip"]\n    node_venv_lib_python3_12_site-packages_pip --> node_venv_lib_python3_12_site-packages_pip__internal["_internal"]\n    node_venv_lib_python3_12_site-packages_pip__internal --> node_venv_lib_python3_12_site-packages_pip__internal_utils["utils"]\n    node_venv_lib_python3_12_site-packages_pip__internal_utils --> node_venv_lib_python3_12_site-packages_pip__internal_utils_logging_py["logging.py"]\n    Root --> node_venv["venv"]\n    node_venv --> node_venv_lib["lib"]\n    node_venv_lib --> node_venv_lib_python3_12["python3.12"]\n    node_venv_lib_python3_12 --> node_venv_lib_python3_12_site-packages["site-packages"]\n    node_venv_lib_python3_12_site-packages --> node_venv_lib_python3_12_site-packages_pip["pip"]\n    node_venv_lib_python3_12_site-packages_pip --> node_venv_lib_python3_12_site-packages_pip__internal["_internal"]\n    node_venv_lib_python3_12_site-packages_pip__internal --> node_venv_lib_python3_12_site-packages_pip__internal_utils["utils"]\n    node_venv_lib_python3_12_site-packages_pip__internal_utils --> node_venv_lib_python3_12_site-packages_pip__internal_utils_misc_py["misc.py"]\n    Root --> node_venv["venv"]\n    node_venv --> node_venv_lib["lib"]\n    node_venv_lib --> node_venv_lib_python3_12["python3.12"]\n    node_venv_lib_python3_12 --> node_venv_lib_python3_12_site-packages["site-packages"]\n    node_venv_lib_python3_12_site-packages --> node_venv_lib_python3_12_site-packages_pip["pip"]\n    node_venv_lib_python3_12_site-packages_pip --> node_venv_lib_python3_12_site-packages_pip__internal["_internal"]\n    node_venv_lib_python3_12_site-packages_pip__internal --> node_venv_lib_python3_12_site-packages_pip__internal_utils["utils"]\n    node_venv_lib_python3_12_site-packages_pip__internal_utils --> node_venv_lib_python3_12_site-packages_pip__internal_utils_packaging_py["packaging.py"]\n    Root --> node_venv["venv"]\n    node_venv --> node_venv_lib["lib"]\n    node_venv_lib --> node_venv_lib_python3_12["python3.12"]\n    node_venv_lib_python3_12 --> node_venv_lib_python3_12_site-packages["site-packages"]\n    node_venv_lib_python3_12_site-packages --> node_venv_lib_python3_12_site-packages_pip["pip"]\n    node_venv_lib_python3_12_site-packages_pip --> node_venv_lib_python3_12_site-packages_pip__internal["_internal"]\n    node_venv_lib_python3_12_site-packages_pip__internal --> node_venv_lib_python3_12_site-packages_pip__internal_utils["utils"]\n    node_venv_lib_python3_12_site-packages_pip__internal_utils --> node_venv_lib_python3_12_site-packages_pip__internal_utils_retry_py["retry.py"]\n    Root --> node_venv["venv"]\n    node_venv --> node_venv_lib["lib"]\n    node_venv_lib --> node_venv_lib_python3_12["python3.12"]\n    node_venv_lib_python3_12 --> node_venv_lib_python3_12_site-packages["site-packages"]\n    node_venv_lib_python3_12_site-packages --> node_venv_lib_python3_12_site-packages_pip["pip"]\n    node_venv_lib_python3_12_site-packages_pip --> node_venv_lib_python3_12_site-packages_pip__internal["_internal"]\n    node_venv_lib_python3_12_site-packages_pip__internal --> node_venv_lib_python3_12_site-packages_pip__internal_utils["utils"]\n    node_venv_lib_python3_12_site-packages_pip__internal_utils --> node_venv_lib_python3_12_site-packages_pip__internal_utils_setuptools_build_py["setuptools_build.py"]\n    Root --> node_venv["venv"]\n    node_venv --> node_venv_lib["lib"]\n    node_venv_lib --> node_venv_lib_python3_12["python3.12"]\n    node_venv_lib_python3_12 --> node_venv_lib_python3_12_site-packages["site-packages"]\n    node_venv_lib_python3_12_site-packages --> node_venv_lib_python3_12_site-packages_pip["pip"]\n    node_venv_lib_python3_12_site-packages_pip --> node_venv_lib_python3_12_site-packages_pip__internal["_internal"]\n    node_venv_lib_python3_12_site-packages_pip__internal --> node_venv_lib_python3_12_site-packages_pip__internal_utils["utils"]\n    node_venv_lib_python3_12_site-packages_pip__internal_utils --> node_venv_lib_python3_12_site-packages_pip__internal_utils_subprocess_py["subprocess.py"]\n    Root --> node_venv["venv"]\n    node_venv --> node_venv_lib["lib"]\n    node_venv_lib --> node_venv_lib_python3_12["python3.12"]\n    node_venv_lib_python3_12 --> node_venv_lib_python3_12_site-packages["site-packages"]\n    node_venv_lib_python3_12_site-packages --> node_venv_lib_python3_12_site-packages_pip["pip"]\n    node_venv_lib_python3_12_site-packages_pip --> node_venv_lib_python3_12_site-packages_pip__internal["_internal"]\n    node_venv_lib_python3_12_site-packages_pip__internal --> node_venv_lib_python3_12_site-packages_pip__internal_utils["utils"]\n    node_venv_lib_python3_12_site-packages_pip__internal_utils --> node_venv_lib_python3_12_site-packages_pip__internal_utils_temp_dir_py["temp_dir.py"]\n    Root --> node_venv["venv"]\n    node_venv --> node_venv_lib["lib"]\n    node_venv_lib --> node_venv_lib_python3_12["python3.12"]\n    node_venv_lib_python3_12 --> node_venv_lib_python3_12_site-packages["site-packages"]\n    node_venv_lib_python3_12_site-packages --> node_venv_lib_python3_12_site-packages_pip["pip"]\n    node_venv_lib_python3_12_site-packages_pip --> node_venv_lib_python3_12_site-packages_pip__internal["_internal"]\n    node_venv_lib_python3_12_site-packages_pip__internal --> node_venv_lib_python3_12_site-packages_pip__internal_utils["utils"]\n    node_venv_lib_python3_12_site-packages_pip__internal_utils --> node_venv_lib_python3_12_site-packages_pip__internal_utils_unpacking_py["unpacking.py"]\n    Root --> node_venv["venv"]\n    node_venv --> node_venv_lib["lib"]\n    node_venv_lib --> node_venv_lib_python3_12["python3.12"]\n    node_venv_lib_python3_12 --> node_venv_lib_python3_12_site-packages["site-packages"]\n    node_venv_lib_python3_12_site-packages --> node_venv_lib_python3_12_site-packages_pip["pip"]\n    node_venv_lib_python3_12_site-packages_pip --> node_venv_lib_python3_12_site-packages_pip__internal["_internal"]\n    node_venv_lib_python3_12_site-packages_pip__internal --> node_venv_lib_python3_12_site-packages_pip__internal_utils["utils"]\n    node_venv_lib_python3_12_site-packages_pip__internal_utils --> node_venv_lib_python3_12_site-packages_pip__internal_utils_urls_py["urls.py"]\n    Root --> node_venv["venv"]\n    node_venv --> node_venv_lib["lib"]\n    node_venv_lib --> node_venv_lib_python3_12["python3.12"]\n    node_venv_lib_python3_12 --> node_venv_lib_python3_12_site-packages["site-packages"]\n    node_venv_lib_python3_12_site-packages --> node_venv_lib_python3_12_site-packages_pip["pip"]\n    node_venv_lib_python3_12_site-packages_pip --> node_venv_lib_python3_12_site-packages_pip__internal["_internal"]\n    node_venv_lib_python3_12_site-packages_pip__internal --> node_venv_lib_python3_12_site-packages_pip__internal_utils["utils"]\n    node_venv_lib_python3_12_site-packages_pip__internal_utils --> node_venv_lib_python3_12_site-packages_pip__internal_utils_virtualenv_py["virtualenv.py"]\n    Root --> node_venv["venv"]\n    node_venv --> node_venv_lib["lib"]\n    node_venv_lib --> node_venv_lib_python3_12["python3.12"]\n    node_venv_lib_python3_12 --> node_venv_lib_python3_12_site-packages["site-packages"]\n    node_venv_lib_python3_12_site-packages --> node_venv_lib_python3_12_site-packages_pip["pip"]\n    node_venv_lib_python3_12_site-packages_pip --> node_venv_lib_python3_12_site-packages_pip__internal["_internal"]\n    node_venv_lib_python3_12_site-packages_pip__internal --> node_venv_lib_python3_12_site-packages_pip__internal_utils["utils"]\n    node_venv_lib_python3_12_site-packages_pip__internal_utils --> node_venv_lib_python3_12_site-packages_pip__internal_utils_wheel_py["wheel.py"]\n    Root --> node_venv["venv"]\n    node_venv --> node_venv_lib["lib"]\n    node_venv_lib --> node_venv_lib_python3_12["python3.12"]\n    node_venv_lib_python3_12 --> node_venv_lib_python3_12_site-packages["site-packages"]\n    node_venv_lib_python3_12_site-packages --> node_venv_lib_python3_12_site-packages_pip["pip"]\n    node_venv_lib_python3_12_site-packages_pip --> node_venv_lib_python3_12_site-packages_pip__internal["_internal"]\n    node_venv_lib_python3_12_site-packages_pip__internal --> node_venv_lib_python3_12_site-packages_pip__internal_models["models"]\n    node_venv_lib_python3_12_site-packages_pip__internal_models --> node_venv_lib_python3_12_site-packages_pip__internal_models___init___py["__init__.py"]\n    Root --> node_venv["venv"]\n    node_venv --> node_venv_lib["lib"]\n    node_venv_lib --> node_venv_lib_python3_12["python3.12"]\n    node_venv_lib_python3_12 --> node_venv_lib_python3_12_site-packages["site-packages"]\n    node_venv_lib_python3_12_site-packages --> node_venv_lib_python3_12_site-packages_pip["pip"]\n    node_venv_lib_python3_12_site-packages_pip --> node_venv_lib_python3_12_site-packages_pip__internal["_internal"]\n    node_venv_lib_python3_12_site-packages_pip__internal --> node_venv_lib_python3_12_site-packages_pip__internal_models["models"]\n    node_venv_lib_python3_12_site-packages_pip__internal_models --> node_venv_lib_python3_12_site-packages_pip__internal_models_candidate_py["candidate.py"]\n    Root --> node_venv["venv"]\n    node_venv --> node_venv_lib["lib"]\n    node_venv_lib --> node_venv_lib_python3_12["python3.12"]\n    node_venv_lib_python3_12 --> node_venv_lib_python3_12_site-packages["site-packages"]\n    node_venv_lib_python3_12_site-packages --> node_venv_lib_python3_12_site-packages_pip["pip"]\n    node_venv_lib_python3_12_site-packages_pip --> node_venv_lib_python3_12_site-packages_pip__internal["_internal"]\n    node_venv_lib_python3_12_site-packages_pip__internal --> node_venv_lib_python3_12_site-packages_pip__internal_models["models"]\n    node_venv_lib_python3_12_site-packages_pip__internal_models --> node_venv_lib_python3_12_site-packages_pip__internal_models_direct_url_py["direct_url.py"]\n    Root --> node_venv["venv"]\n    node_venv --> node_venv_lib["lib"]\n    node_venv_lib --> node_venv_lib_python3_12["python3.12"]\n    node_venv_lib_python3_12 --> node_venv_lib_python3_12_site-packages["site-packages"]\n    node_venv_lib_python3_12_site-packages --> node_venv_lib_python3_12_site-packages_pip["pip"]\n    node_venv_lib_python3_12_site-packages_pip --> node_venv_lib_python3_12_site-packages_pip__internal["_internal"]\n    node_venv_lib_python3_12_site-packages_pip__internal --> node_venv_lib_python3_12_site-packages_pip__internal_models["models"]\n    node_venv_lib_python3_12_site-packages_pip__internal_models --> node_venv_lib_python3_12_site-packages_pip__internal_models_format_control_py["format_control.py"]\n    Root --> node_venv["venv"]\n    node_venv --> node_venv_lib["lib"]\n    node_venv_lib --> node_venv_lib_python3_12["python3.12"]\n    node_venv_lib_python3_12 --> node_venv_lib_python3_12_site-packages["site-packages"]\n    node_venv_lib_python3_12_site-packages --> node_venv_lib_python3_12_site-packages_pip["pip"]\n    node_venv_lib_python3_12_site-packages_pip --> node_venv_lib_python3_12_site-packages_pip__internal["_internal"]\n    node_venv_lib_python3_12_site-packages_pip__internal --> node_venv_lib_python3_12_site-packages_pip__internal_models["models"]\n    node_venv_lib_python3_12_site-packages_pip__internal_models --> node_venv_lib_python3_12_site-packages_pip__internal_models_index_py["index.py"]\n    Root --> node_venv["venv"]\n    node_venv --> node_venv_lib["lib"]\n    node_venv_lib --> node_venv_lib_python3_12["python3.12"]\n    node_venv_lib_python3_12 --> node_venv_lib_python3_12_site-packages["site-packages"]\n    node_venv_lib_python3_12_site-packages --> node_venv_lib_python3_12_site-packages_pip["pip"]\n    node_venv_lib_python3_12_site-packages_pip --> node_venv_lib_python3_12_site-packages_pip__internal["_internal"]\n    node_venv_lib_python3_12_site-packages_pip__internal --> node_venv_lib_python3_12_site-packages_pip__internal_models["models"]\n    node_venv_lib_python3_12_site-packages_pip__internal_models --> node_venv_lib_python3_12_site-packages_pip__internal_models_installation_report_py["installation_report.py"]\n    Root --> node_venv["venv"]\n    node_venv --> node_venv_lib["lib"]\n    node_venv_lib --> node_venv_lib_python3_12["python3.12"]\n    node_venv_lib_python3_12 --> node_venv_lib_python3_12_site-packages["site-packages"]\n    node_venv_lib_python3_12_site-packages --> node_venv_lib_python3_12_site-packages_pip["pip"]\n    node_venv_lib_python3_12_site-packages_pip --> node_venv_lib_python3_12_site-packages_pip__internal["_internal"]\n    node_venv_lib_python3_12_site-packages_pip__internal --> node_venv_lib_python3_12_site-packages_pip__internal_models["models"]\n    node_venv_lib_python3_12_site-packages_pip__internal_models --> node_venv_lib_python3_12_site-packages_pip__internal_models_link_py["link.py"]\n    Root --> node_venv["venv"]\n    node_venv --> node_venv_lib["lib"]\n    node_venv_lib --> node_venv_lib_python3_12["python3.12"]\n    node_venv_lib_python3_12 --> node_venv_lib_python3_12_site-packages["site-packages"]\n    node_venv_lib_python3_12_site-packages --> node_venv_lib_python3_12_site-packages_pip["pip"]\n    node_venv_lib_python3_12_site-packages_pip --> node_venv_lib_python3_12_site-packages_pip__internal["_internal"]\n    node_venv_lib_python3_12_site-packages_pip__internal --> node_venv_lib_python3_12_site-packages_pip__internal_models["models"]\n    node_venv_lib_python3_12_site-packages_pip__internal_models --> node_venv_lib_python3_12_site-packages_pip__internal_models_scheme_py["scheme.py"]\n    Root --> node_venv["venv"]\n    node_venv --> node_venv_lib["lib"]\n    node_venv_lib --> node_venv_lib_python3_12["python3.12"]\n    node_venv_lib_python3_12 --> node_venv_lib_python3_12_site-packages["site-packages"]\n    node_venv_lib_python3_12_site-packages --> node_venv_lib_python3_12_site-packages_pip["pip"]\n    node_venv_lib_python3_12_site-packages_pip --> node_venv_lib_python3_12_site-packages_pip__internal["_internal"]\n    node_venv_lib_python3_12_site-packages_pip__internal --> node_venv_lib_python3_12_site-packages_pip__internal_models["models"]\n    node_venv_lib_python3_12_site-packages_pip__internal_models --> node_venv_lib_python3_12_site-packages_pip__internal_models_search_scope_py["search_scope.py"]\n    Root --> node_venv["venv"]\n    node_venv --> node_venv_lib["lib"]\n    node_venv_lib --> node_venv_lib_python3_12["python3.12"]\n    node_venv_lib_python3_12 --> node_venv_lib_python3_12_site-packages["site-packages"]\n    node_venv_lib_python3_12_site-packages --> node_venv_lib_python3_12_site-packages_pip["pip"]\n    node_venv_lib_python3_12_site-packages_pip --> node_venv_lib_python3_12_site-packages_pip__internal["_internal"]\n    node_venv_lib_python3_12_site-packages_pip__internal --> node_venv_lib_python3_12_site-packages_pip__internal_models["models"]\n    node_venv_lib_python3_12_site-packages_pip__internal_models --> node_venv_lib_python3_12_site-packages_pip__internal_models_selection_prefs_py["selection_prefs.py"]\n    Root --> node_venv["venv"]\n    node_venv --> node_venv_lib["lib"]\n    node_venv_lib --> node_venv_lib_python3_12["python3.12"]\n    node_venv_lib_python3_12 --> node_venv_lib_python3_12_site-packages["site-packages"]\n    node_venv_lib_python3_12_site-packages --> node_venv_lib_python3_12_site-packages_pip["pip"]\n    node_venv_lib_python3_12_site-packages_pip --> node_venv_lib_python3_12_site-packages_pip__internal["_internal"]\n    node_venv_lib_python3_12_site-packages_pip__internal --> node_venv_lib_python3_12_site-packages_pip__internal_models["models"]\n    node_venv_lib_python3_12_site-packages_pip__internal_models --> node_venv_lib_python3_12_site-packages_pip__internal_models_target_python_py["target_python.py"]\n    Root --> node_venv["venv"]\n    node_venv --> node_venv_lib["lib"]\n    node_venv_lib --> node_venv_lib_python3_12["python3.12"]\n    node_venv_lib_python3_12 --> node_venv_lib_python3_12_site-packages["site-packages"]\n    node_venv_lib_python3_12_site-packages --> node_venv_lib_python3_12_site-packages_pip["pip"]\n    node_venv_lib_python3_12_site-packages_pip --> node_venv_lib_python3_12_site-packages_pip__internal["_internal"]\n    node_venv_lib_python3_12_site-packages_pip__internal --> node_venv_lib_python3_12_site-packages_pip__internal_models["models"]\n    node_venv_lib_python3_12_site-packages_pip__internal_models --> node_venv_lib_python3_12_site-packages_pip__internal_models_wheel_py["wheel.py"]\n    Root --> node_venv["venv"]\n    node_venv --> node_venv_lib["lib"]\n    node_venv_lib --> node_venv_lib_python3_12["python3.12"]\n    node_venv_lib_python3_12 --> node_venv_lib_python3_12_site-packages["site-packages"]\n    node_venv_lib_python3_12_site-packages --> node_venv_lib_python3_12_site-packages_pip["pip"]\n    node_venv_lib_python3_12_site-packages_pip --> node_venv_lib_python3_12_site-packages_pip__internal["_internal"]\n    node_venv_lib_python3_12_site-packages_pip__internal --> node_venv_lib_python3_12_site-packages_pip__internal_cli["cli"]\n    node_venv_lib_python3_12_site-packages_pip__internal_cli --> node_venv_lib_python3_12_site-packages_pip__internal_cli___init___py["__init__.py"]\n    Root --> node_venv["venv"]\n    node_venv --> node_venv_lib["lib"]\n    node_venv_lib --> node_venv_lib_python3_12["python3.12"]\n    node_venv_lib_python3_12 --> node_venv_lib_python3_12_site-packages["site-packages"]\n    node_venv_lib_python3_12_site-packages --> node_venv_lib_python3_12_site-packages_pip["pip"]\n    node_venv_lib_python3_12_site-packages_pip --> node_venv_lib_python3_12_site-packages_pip__internal["_internal"]\n    node_venv_lib_python3_12_site-packages_pip__internal --> node_venv_lib_python3_12_site-packages_pip__internal_cli["cli"]\n    node_venv_lib_python3_12_site-packages_pip__internal_cli --> node_venv_lib_python3_12_site-packages_pip__internal_cli_autocompletion_py["autocompletion.py"]\n    Root --> node_venv["venv"]\n    node_venv --> node_venv_lib["lib"]\n    node_venv_lib --> node_venv_lib_python3_12["python3.12"]\n    node_venv_lib_python3_12 --> node_venv_lib_python3_12_site-packages["site-packages"]\n    node_venv_lib_python3_12_site-packages --> node_venv_lib_python3_12_site-packages_pip["pip"]\n    node_venv_lib_python3_12_site-packages_pip --> node_venv_lib_python3_12_site-packages_pip__internal["_internal"]\n    node_venv_lib_python3_12_site-packages_pip__internal --> node_venv_lib_python3_12_site-packages_pip__internal_cli["cli"]\n    node_venv_lib_python3_12_site-packages_pip__internal_cli --> node_venv_lib_python3_12_site-packages_pip__internal_cli_base_command_py["base_command.py"]\n    Root --> node_venv["venv"]\n    node_venv --> node_venv_lib["lib"]\n    node_venv_lib --> node_venv_lib_python3_12["python3.12"]\n    node_venv_lib_python3_12 --> node_venv_lib_python3_12_site-packages["site-packages"]\n    node_venv_lib_python3_12_site-packages --> node_venv_lib_python3_12_site-packages_pip["pip"]\n    node_venv_lib_python3_12_site-packages_pip --> node_venv_lib_python3_12_site-packages_pip__internal["_internal"]\n    node_venv_lib_python3_12_site-packages_pip__internal --> node_venv_lib_python3_12_site-packages_pip__internal_cli["cli"]\n    node_venv_lib_python3_12_site-packages_pip__internal_cli --> node_venv_lib_python3_12_site-packages_pip__internal_cli_cmdoptions_py["cmdoptions.py"]\n    Root --> node_venv["venv"]\n    node_venv --> node_venv_lib["lib"]\n    node_venv_lib --> node_venv_lib_python3_12["python3.12"]\n    node_venv_lib_python3_12 --> node_venv_lib_python3_12_site-packages["site-packages"]\n    node_venv_lib_python3_12_site-packages --> node_venv_lib_python3_12_site-packages_pip["pip"]\n    node_venv_lib_python3_12_site-packages_pip --> node_venv_lib_python3_12_site-packages_pip__internal["_internal"]\n    node_venv_lib_python3_12_site-packages_pip__internal --> node_venv_lib_python3_12_site-packages_pip__internal_cli["cli"]\n    node_venv_lib_python3_12_site-packages_pip__internal_cli --> node_venv_lib_python3_12_site-packages_pip__internal_cli_command_context_py["command_context.py"]\n    Root --> node_venv["venv"]\n    node_venv --> node_venv_lib["lib"]\n    node_venv_lib --> node_venv_lib_python3_12["python3.12"]\n    node_venv_lib_python3_12 --> node_venv_lib_python3_12_site-packages["site-packages"]\n    node_venv_lib_python3_12_site-packages --> node_venv_lib_python3_12_site-packages_pip["pip"]\n    node_venv_lib_python3_12_site-packages_pip --> node_venv_lib_python3_12_site-packages_pip__internal["_internal"]\n    node_venv_lib_python3_12_site-packages_pip__internal --> node_venv_lib_python3_12_site-packages_pip__internal_cli["cli"]\n    node_venv_lib_python3_12_site-packages_pip__internal_cli --> node_venv_lib_python3_12_site-packages_pip__internal_cli_index_command_py["index_command.py"]\n    Root --> node_venv["venv"]\n    node_venv --> node_venv_lib["lib"]\n    node_venv_lib --> node_venv_lib_python3_12["python3.12"]\n    node_venv_lib_python3_12 --> node_venv_lib_python3_12_site-packages["site-packages"]\n    node_venv_lib_python3_12_site-packages --> node_venv_lib_python3_12_site-packages_pip["pip"]\n    node_venv_lib_python3_12_site-packages_pip --> node_venv_lib_python3_12_site-packages_pip__internal["_internal"]\n    node_venv_lib_python3_12_site-packages_pip__internal --> node_venv_lib_python3_12_site-packages_pip__internal_cli["cli"]\n    node_venv_lib_python3_12_site-packages_pip__internal_cli --> node_venv_lib_python3_12_site-packages_pip__internal_cli_main_py["main.py"]\n    Root --> node_venv["venv"]\n    node_venv --> node_venv_lib["lib"]\n    node_venv_lib --> node_venv_lib_python3_12["python3.12"]\n    node_venv_lib_python3_12 --> node_venv_lib_python3_12_site-packages["site-packages"]\n    node_venv_lib_python3_12_site-packages --> node_venv_lib_python3_12_site-packages_pip["pip"]\n    node_venv_lib_python3_12_site-packages_pip --> node_venv_lib_python3_12_site-packages_pip__internal["_internal"]\n    node_venv_lib_python3_12_site-packages_pip__internal --> node_venv_lib_python3_12_site-packages_pip__internal_cli["cli"]\n    node_venv_lib_python3_12_site-packages_pip__internal_cli --> node_venv_lib_python3_12_site-packages_pip__internal_cli_main_parser_py["main_parser.py"]\n    Root --> node_venv["venv"]\n    node_venv --> node_venv_lib["lib"]\n    node_venv_lib --> node_venv_lib_python3_12["python3.12"]\n    node_venv_lib_python3_12 --> node_venv_lib_python3_12_site-packages["site-packages"]\n    node_venv_lib_python3_12_site-packages --> node_venv_lib_python3_12_site-packages_pip["pip"]\n    node_venv_lib_python3_12_site-packages_pip --> node_venv_lib_python3_12_site-packages_pip__internal["_internal"]\n    node_venv_lib_python3_12_site-packages_pip__internal --> node_venv_lib_python3_12_site-packages_pip__internal_cli["cli"]\n    node_venv_lib_python3_12_site-packages_pip__internal_cli --> node_venv_lib_python3_12_site-packages_pip__internal_cli_parser_py["parser.py"]\n    Root --> node_venv["venv"]\n    node_venv --> node_venv_lib["lib"]\n    node_venv_lib --> node_venv_lib_python3_12["python3.12"]\n    node_venv_lib_python3_12 --> node_venv_lib_python3_12_site-packages["site-packages"]\n    node_venv_lib_python3_12_site-packages --> node_venv_lib_python3_12_site-packages_pip["pip"]\n    node_venv_lib_python3_12_site-packages_pip --> node_venv_lib_python3_12_site-packages_pip__internal["_internal"]\n    node_venv_lib_python3_12_site-packages_pip__internal --> node_venv_lib_python3_12_site-packages_pip__internal_cli["cli"]\n    node_venv_lib_python3_12_site-packages_pip__internal_cli --> node_venv_lib_python3_12_site-packages_pip__internal_cli_progress_bars_py["progress_bars.py"]\n    Root --> node_venv["venv"]\n    node_venv --> node_venv_lib["lib"]\n    node_venv_lib --> node_venv_lib_python3_12["python3.12"]\n    node_venv_lib_python3_12 --> node_venv_lib_python3_12_site-packages["site-packages"]\n    node_venv_lib_python3_12_site-packages --> node_venv_lib_python3_12_site-packages_pip["pip"]\n    node_venv_lib_python3_12_site-packages_pip --> node_venv_lib_python3_12_site-packages_pip__internal["_internal"]\n    node_venv_lib_python3_12_site-packages_pip__internal --> node_venv_lib_python3_12_site-packages_pip__internal_cli["cli"]\n    node_venv_lib_python3_12_site-packages_pip__internal_cli --> node_venv_lib_python3_12_site-packages_pip__internal_cli_req_command_py["req_command.py"]\n    Root --> node_venv["venv"]\n    node_venv --> node_venv_lib["lib"]\n    node_venv_lib --> node_venv_lib_python3_12["python3.12"]\n    node_venv_lib_python3_12 --> node_venv_lib_python3_12_site-packages["site-packages"]\n    node_venv_lib_python3_12_site-packages --> node_venv_lib_python3_12_site-packages_pip["pip"]\n    node_venv_lib_python3_12_site-packages_pip --> node_venv_lib_python3_12_site-packages_pip__internal["_internal"]\n    node_venv_lib_python3_12_site-packages_pip__internal --> node_venv_lib_python3_12_site-packages_pip__internal_cli["cli"]\n    node_venv_lib_python3_12_site-packages_pip__internal_cli --> node_venv_lib_python3_12_site-packages_pip__internal_cli_spinners_py["spinners.py"]\n    Root --> node_venv["venv"]\n    node_venv --> node_venv_lib["lib"]\n    node_venv_lib --> node_venv_lib_python3_12["python3.12"]\n    node_venv_lib_python3_12 --> node_venv_lib_python3_12_site-packages["site-packages"]\n    node_venv_lib_python3_12_site-packages --> node_venv_lib_python3_12_site-packages_pip["pip"]\n    node_venv_lib_python3_12_site-packages_pip --> node_venv_lib_python3_12_site-packages_pip__internal["_internal"]\n    node_venv_lib_python3_12_site-packages_pip__internal --> node_venv_lib_python3_12_site-packages_pip__internal_cli["cli"]\n    node_venv_lib_python3_12_site-packages_pip__internal_cli --> node_venv_lib_python3_12_site-packages_pip__internal_cli_status_codes_py["status_codes.py"]\n    Root --> node_venv["venv"]\n    node_venv --> node_venv_lib["lib"]\n    node_venv_lib --> node_venv_lib_python3_12["python3.12"]\n    node_venv_lib_python3_12 --> node_venv_lib_python3_12_site-packages["site-packages"]\n    node_venv_lib_python3_12_site-packages --> node_venv_lib_python3_12_site-packages_pip["pip"]\n    node_venv_lib_python3_12_site-packages_pip --> node_venv_lib_python3_12_site-packages_pip__internal["_internal"]\n    node_venv_lib_python3_12_site-packages_pip__internal --> node_venv_lib_python3_12_site-packages_pip__internal_operations["operations"]\n    node_venv_lib_python3_12_site-packages_pip__internal_operations --> node_venv_lib_python3_12_site-packages_pip__internal_operations___init___py["__init__.py"]\n    Root --> node_venv["venv"]\n    node_venv --> node_venv_lib["lib"]\n    node_venv_lib --> node_venv_lib_python3_12["python3.12"]\n    node_venv_lib_python3_12 --> node_venv_lib_python3_12_site-packages["site-packages"]\n    node_venv_lib_python3_12_site-packages --> node_venv_lib_python3_12_site-packages_pip["pip"]\n    node_venv_lib_python3_12_site-packages_pip --> node_venv_lib_python3_12_site-packages_pip__internal["_internal"]\n    node_venv_lib_python3_12_site-packages_pip__internal --> node_venv_lib_python3_12_site-packages_pip__internal_operations["operations"]\n    node_venv_lib_python3_12_site-packages_pip__internal_operations --> node_venv_lib_python3_12_site-packages_pip__internal_operations_check_py["check.py"]\n    Root --> node_venv["venv"]\n    node_venv --> node_venv_lib["lib"]\n    node_venv_lib --> node_venv_lib_python3_12["python3.12"]\n    node_venv_lib_python3_12 --> node_venv_lib_python3_12_site-packages["site-packages"]\n    node_venv_lib_python3_12_site-packages --> node_venv_lib_python3_12_site-packages_pip["pip"]\n    node_venv_lib_python3_12_site-packages_pip --> node_venv_lib_python3_12_site-packages_pip__internal["_internal"]\n    node_venv_lib_python3_12_site-packages_pip__internal --> node_venv_lib_python3_12_site-packages_pip__internal_operations["operations"]\n    node_venv_lib_python3_12_site-packages_pip__internal_operations --> node_venv_lib_python3_12_site-packages_pip__internal_operations_freeze_py["freeze.py"]\n    Root --> node_venv["venv"]\n    node_venv --> node_venv_lib["lib"]\n    node_venv_lib --> node_venv_lib_python3_12["python3.12"]\n    node_venv_lib_python3_12 --> node_venv_lib_python3_12_site-packages["site-packages"]\n    node_venv_lib_python3_12_site-packages --> node_venv_lib_python3_12_site-packages_pip["pip"]\n    node_venv_lib_python3_12_site-packages_pip --> node_venv_lib_python3_12_site-packages_pip__internal["_internal"]\n    node_venv_lib_python3_12_site-packages_pip__internal --> node_venv_lib_python3_12_site-packages_pip__internal_operations["operations"]\n    node_venv_lib_python3_12_site-packages_pip__internal_operations --> node_venv_lib_python3_12_site-packages_pip__internal_operations_prepare_py["prepare.py"]\n    Root --> node_venv["venv"]\n    node_venv --> node_venv_lib["lib"]\n    node_venv_lib --> node_venv_lib_python3_12["python3.12"]\n    node_venv_lib_python3_12 --> node_venv_lib_python3_12_site-packages["site-packages"]\n    node_venv_lib_python3_12_site-packages --> node_venv_lib_python3_12_site-packages_pip["pip"]\n    node_venv_lib_python3_12_site-packages_pip --> node_venv_lib_python3_12_site-packages_pip__internal["_internal"]\n    node_venv_lib_python3_12_site-packages_pip__internal --> node_venv_lib_python3_12_site-packages_pip__internal_operations["operations"]\n    node_venv_lib_python3_12_site-packages_pip__internal_operations --> node_venv_lib_python3_12_site-packages_pip__internal_operations_install["install"]\n    node_venv_lib_python3_12_site-packages_pip__internal_operations_install --> node_venv_lib_python3_12_site-packages_pip__internal_operations_install___init___py["__init__.py"]\n    Root --> node_venv["venv"]\n    node_venv --> node_venv_lib["lib"]\n    node_venv_lib --> node_venv_lib_python3_12["python3.12"]\n    node_venv_lib_python3_12 --> node_venv_lib_python3_12_site-packages["site-packages"]\n    node_venv_lib_python3_12_site-packages --> node_venv_lib_python3_12_site-packages_pip["pip"]\n    node_venv_lib_python3_12_site-packages_pip --> node_venv_lib_python3_12_site-packages_pip__internal["_internal"]\n    node_venv_lib_python3_12_site-packages_pip__internal --> node_venv_lib_python3_12_site-packages_pip__internal_operations["operations"]\n    node_venv_lib_python3_12_site-packages_pip__internal_operations --> node_venv_lib_python3_12_site-packages_pip__internal_operations_install["install"]\n    node_venv_lib_python3_12_site-packages_pip__internal_operations_install --> node_venv_lib_python3_12_site-packages_pip__internal_operations_install_editable_legacy_py["editable_legacy.py"]\n    Root --> node_venv["venv"]\n    node_venv --> node_venv_lib["lib"]\n    node_venv_lib --> node_venv_lib_python3_12["python3.12"]\n    node_venv_lib_python3_12 --> node_venv_lib_python3_12_site-packages["site-packages"]\n    node_venv_lib_python3_12_site-packages --> node_venv_lib_python3_12_site-packages_pip["pip"]\n    node_venv_lib_python3_12_site-packages_pip --> node_venv_lib_python3_12_site-packages_pip__internal["_internal"]\n    node_venv_lib_python3_12_site-packages_pip__internal --> node_venv_lib_python3_12_site-packages_pip__internal_operations["operations"]\n    node_venv_lib_python3_12_site-packages_pip__internal_operations --> node_venv_lib_python3_12_site-packages_pip__internal_operations_install["install"]\n    node_venv_lib_python3_12_site-packages_pip__internal_operations_install --> node_venv_lib_python3_12_site-packages_pip__internal_operations_install_wheel_py["wheel.py"]\n    Root --> node_venv["venv"]\n    node_venv --> node_venv_lib["lib"]\n    node_venv_lib --> node_venv_lib_python3_12["python3.12"]\n    node_venv_lib_python3_12 --> node_venv_lib_python3_12_site-packages["site-packages"]\n    node_venv_lib_python3_12_site-packages --> node_venv_lib_python3_12_site-packages_pip["pip"]\n    node_venv_lib_python3_12_site-packages_pip --> node_venv_lib_python3_12_site-packages_pip__internal["_internal"]\n    node_venv_lib_python3_12_site-packages_pip__internal --> node_venv_lib_python3_12_site-packages_pip__internal_operations["operations"]\n    node_venv_lib_python3_12_site-packages_pip__internal_operations --> node_venv_lib_python3_12_site-packages_pip__internal_operations_build["build"]\n    node_venv_lib_python3_12_site-packages_pip__internal_operations_build --> node_venv_lib_python3_12_site-packages_pip__internal_operations_build___init___py["__init__.py"]\n    Root --> node_venv["venv"]\n    node_venv --> node_venv_lib["lib"]\n    node_venv_lib --> node_venv_lib_python3_12["python3.12"]\n    node_venv_lib_python3_12 --> node_venv_lib_python3_12_site-packages["site-packages"]\n    node_venv_lib_python3_12_site-packages --> node_venv_lib_python3_12_site-packages_pip["pip"]\n    node_venv_lib_python3_12_site-packages_pip --> node_venv_lib_python3_12_site-packages_pip__internal["_internal"]\n    node_venv_lib_python3_12_site-packages_pip__internal --> node_venv_lib_python3_12_site-packages_pip__internal_operations["operations"]\n    node_venv_lib_python3_12_site-packages_pip__internal_operations --> node_venv_lib_python3_12_site-packages_pip__internal_operations_build["build"]\n    node_venv_lib_python3_12_site-packages_pip__internal_operations_build --> node_venv_lib_python3_12_site-packages_pip__internal_operations_build_build_tracker_py["build_tracker.py"]\n    Root --> node_venv["venv"]\n    node_venv --> node_venv_lib["lib"]\n    node_venv_lib --> node_venv_lib_python3_12["python3.12"]\n    node_venv_lib_python3_12 --> node_venv_lib_python3_12_site-packages["site-packages"]\n    node_venv_lib_python3_12_site-packages --> node_venv_lib_python3_12_site-packages_pip["pip"]\n    node_venv_lib_python3_12_site-packages_pip --> node_venv_lib_python3_12_site-packages_pip__internal["_internal"]\n    node_venv_lib_python3_12_site-packages_pip__internal --> node_venv_lib_python3_12_site-packages_pip__internal_operations["operations"]\n    node_venv_lib_python3_12_site-packages_pip__internal_operations --> node_venv_lib_python3_12_site-packages_pip__internal_operations_build["build"]\n    node_venv_lib_python3_12_site-packages_pip__internal_operations_build --> node_venv_lib_python3_12_site-packages_pip__internal_operations_build_metadata_py["metadata.py"]\n    Root --> node_venv["venv"]\n    node_venv --> node_venv_lib["lib"]\n    node_venv_lib --> node_venv_lib_python3_12["python3.12"]\n    node_venv_lib_python3_12 --> node_venv_lib_python3_12_site-packages["site-packages"]\n    node_venv_lib_python3_12_site-packages --> node_venv_lib_python3_12_site-packages_pip["pip"]\n    node_venv_lib_python3_12_site-packages_pip --> node_venv_lib_python3_12_site-packages_pip__internal["_internal"]\n    node_venv_lib_python3_12_site-packages_pip__internal --> node_venv_lib_python3_12_site-packages_pip__internal_operations["operations"]\n    node_venv_lib_python3_12_site-packages_pip__internal_operations --> node_venv_lib_python3_12_site-packages_pip__internal_operations_build["build"]\n    node_venv_lib_python3_12_site-packages_pip__internal_operations_build --> node_venv_lib_python3_12_site-packages_pip__internal_operations_build_metadata_editable_py["metadata_editable.py"]\n    Root --> node_venv["venv"]\n    node_venv --> node_venv_lib["lib"]\n    node_venv_lib --> node_venv_lib_python3_12["python3.12"]\n    node_venv_lib_python3_12 --> node_venv_lib_python3_12_site-packages["site-packages"]\n    node_venv_lib_python3_12_site-packages --> node_venv_lib_python3_12_site-packages_pip["pip"]\n    node_venv_lib_python3_12_site-packages_pip --> node_venv_lib_python3_12_site-packages_pip__internal["_internal"]\n    node_venv_lib_python3_12_site-packages_pip__internal --> node_venv_lib_python3_12_site-packages_pip__internal_operations["operations"]\n    node_venv_lib_python3_12_site-packages_pip__internal_operations --> node_venv_lib_python3_12_site-packages_pip__internal_operations_build["build"]\n    node_venv_lib_python3_12_site-packages_pip__internal_operations_build --> node_venv_lib_python3_12_site-packages_pip__internal_operations_build_metadata_legacy_py["metadata_legacy.py"]\n    Root --> node_venv["venv"]\n    node_venv --> node_venv_lib["lib"]\n    node_venv_lib --> node_venv_lib_python3_12["python3.12"]\n    node_venv_lib_python3_12 --> node_venv_lib_python3_12_site-packages["site-packages"]\n    node_venv_lib_python3_12_site-packages --> node_venv_lib_python3_12_site-packages_pip["pip"]\n    node_venv_lib_python3_12_site-packages_pip --> node_venv_lib_python3_12_site-packages_pip__internal["_internal"]\n    node_venv_lib_python3_12_site-packages_pip__internal --> node_venv_lib_python3_12_site-packages_pip__internal_operations["operations"]\n    node_venv_lib_python3_12_site-packages_pip__internal_operations --> node_venv_lib_python3_12_site-packages_pip__internal_operations_build["build"]\n    node_venv_lib_python3_12_site-packages_pip__internal_operations_build --> node_venv_lib_python3_12_site-packages_pip__internal_operations_build_wheel_py["wheel.py"]\n    Root --> node_venv["venv"]\n    node_venv --> node_venv_lib["lib"]\n    node_venv_lib --> node_venv_lib_python3_12["python3.12"]\n    node_venv_lib_python3_12 --> node_venv_lib_python3_12_site-packages["site-packages"]\n    node_venv_lib_python3_12_site-packages --> node_venv_lib_python3_12_site-packages_pip["pip"]\n    node_venv_lib_python3_12_site-packages_pip --> node_venv_lib_python3_12_site-packages_pip__internal["_internal"]\n    node_venv_lib_python3_12_site-packages_pip__internal --> node_venv_lib_python3_12_site-packages_pip__internal_operations["operations"]\n    node_venv_lib_python3_12_site-packages_pip__internal_operations --> node_venv_lib_python3_12_site-packages_pip__internal_operations_build["build"]\n    node_venv_lib_python3_12_site-packages_pip__internal_operations_build --> node_venv_lib_python3_12_site-packages_pip__internal_operations_build_wheel_editable_py["wheel_editable.py"]\n    Root --> node_venv["venv"]\n    node_venv --> node_venv_lib["lib"]\n    node_venv_lib --> node_venv_lib_python3_12["python3.12"]\n    node_venv_lib_python3_12 --> node_venv_lib_python3_12_site-packages["site-packages"]\n    node_venv_lib_python3_12_site-packages --> node_venv_lib_python3_12_site-packages_pip["pip"]\n    node_venv_lib_python3_12_site-packages_pip --> node_venv_lib_python3_12_site-packages_pip__internal["_internal"]\n    node_venv_lib_python3_12_site-packages_pip__internal --> node_venv_lib_python3_12_site-packages_pip__internal_operations["operations"]\n    node_venv_lib_python3_12_site-packages_pip__internal_operations --> node_venv_lib_python3_12_site-packages_pip__internal_operations_build["build"]\n    node_venv_lib_python3_12_site-packages_pip__internal_operations_build --> node_venv_lib_python3_12_site-packages_pip__internal_operations_build_wheel_legacy_py["wheel_legacy.py"]\n    Root --> node_venv["venv"]\n    node_venv --> node_venv_lib["lib"]\n    node_venv_lib --> node_venv_lib_python3_12["python3.12"]\n    node_venv_lib_python3_12 --> node_venv_lib_python3_12_site-packages["site-packages"]\n    node_venv_lib_python3_12_site-packages --> node_venv_lib_python3_12_site-packages_pip["pip"]\n    node_venv_lib_python3_12_site-packages_pip --> node_venv_lib_python3_12_site-packages_pip__internal["_internal"]\n    node_venv_lib_python3_12_site-packages_pip__internal --> node_venv_lib_python3_12_site-packages_pip__internal_req["req"]\n    node_venv_lib_python3_12_site-packages_pip__internal_req --> node_venv_lib_python3_12_site-packages_pip__internal_req___init___py["__init__.py"]\n    Root --> node_venv["venv"]\n    node_venv --> node_venv_lib["lib"]\n    node_venv_lib --> node_venv_lib_python3_12["python3.12"]\n    node_venv_lib_python3_12 --> node_venv_lib_python3_12_site-packages["site-packages"]\n    node_venv_lib_python3_12_site-packages --> node_venv_lib_python3_12_site-packages_pip["pip"]\n    node_venv_lib_python3_12_site-packages_pip --> node_venv_lib_python3_12_site-packages_pip__internal["_internal"]\n    node_venv_lib_python3_12_site-packages_pip__internal --> node_venv_lib_python3_12_site-packages_pip__internal_req["req"]\n    node_venv_lib_python3_12_site-packages_pip__internal_req --> node_venv_lib_python3_12_site-packages_pip__internal_req_constructors_py["constructors.py"]\n    Root --> node_venv["venv"]\n    node_venv --> node_venv_lib["lib"]\n    node_venv_lib --> node_venv_lib_python3_12["python3.12"]\n    node_venv_lib_python3_12 --> node_venv_lib_python3_12_site-packages["site-packages"]\n    node_venv_lib_python3_12_site-packages --> node_venv_lib_python3_12_site-packages_pip["pip"]\n    node_venv_lib_python3_12_site-packages_pip --> node_venv_lib_python3_12_site-packages_pip__internal["_internal"]\n    node_venv_lib_python3_12_site-packages_pip__internal --> node_venv_lib_python3_12_site-packages_pip__internal_req["req"]\n    node_venv_lib_python3_12_site-packages_pip__internal_req --> node_venv_lib_python3_12_site-packages_pip__internal_req_req_file_py["req_file.py"]\n    Root --> node_venv["venv"]\n    node_venv --> node_venv_lib["lib"]\n    node_venv_lib --> node_venv_lib_python3_12["python3.12"]\n    node_venv_lib_python3_12 --> node_venv_lib_python3_12_site-packages["site-packages"]\n    node_venv_lib_python3_12_site-packages --> node_venv_lib_python3_12_site-packages_pip["pip"]\n    node_venv_lib_python3_12_site-packages_pip --> node_venv_lib_python3_12_site-packages_pip__internal["_internal"]\n    node_venv_lib_python3_12_site-packages_pip__internal --> node_venv_lib_python3_12_site-packages_pip__internal_req["req"]\n    node_venv_lib_python3_12_site-packages_pip__internal_req --> node_venv_lib_python3_12_site-packages_pip__internal_req_req_install_py["req_install.py"]\n    Root --> node_venv["venv"]\n    node_venv --> node_venv_lib["lib"]\n    node_venv_lib --> node_venv_lib_python3_12["python3.12"]\n    node_venv_lib_python3_12 --> node_venv_lib_python3_12_site-packages["site-packages"]\n    node_venv_lib_python3_12_site-packages --> node_venv_lib_python3_12_site-packages_pip["pip"]\n    node_venv_lib_python3_12_site-packages_pip --> node_venv_lib_python3_12_site-packages_pip__internal["_internal"]\n    node_venv_lib_python3_12_site-packages_pip__internal --> node_venv_lib_python3_12_site-packages_pip__internal_req["req"]\n    node_venv_lib_python3_12_site-packages_pip__internal_req --> node_venv_lib_python3_12_site-packages_pip__internal_req_req_set_py["req_set.py"]\n    Root --> node_venv["venv"]\n    node_venv --> node_venv_lib["lib"]\n    node_venv_lib --> node_venv_lib_python3_12["python3.12"]\n    node_venv_lib_python3_12 --> node_venv_lib_python3_12_site-packages["site-packages"]\n    node_venv_lib_python3_12_site-packages --> node_venv_lib_python3_12_site-packages_pip["pip"]\n    node_venv_lib_python3_12_site-packages_pip --> node_venv_lib_python3_12_site-packages_pip__internal["_internal"]\n    node_venv_lib_python3_12_site-packages_pip__internal --> node_venv_lib_python3_12_site-packages_pip__internal_req["req"]\n    node_venv_lib_python3_12_site-packages_pip__internal_req --> node_venv_lib_python3_12_site-packages_pip__internal_req_req_uninstall_py["req_uninstall.py"]\n    Root --> node_venv["venv"]\n    node_venv --> node_venv_lib["lib"]\n    node_venv_lib --> node_venv_lib_python3_12["python3.12"]\n    node_venv_lib_python3_12 --> node_venv_lib_python3_12_site-packages["site-packages"]\n    node_venv_lib_python3_12_site-packages --> node_venv_lib_python3_12_site-packages_pip["pip"]\n    node_venv_lib_python3_12_site-packages_pip --> node_venv_lib_python3_12_site-packages_pip__internal["_internal"]\n    node_venv_lib_python3_12_site-packages_pip__internal --> node_venv_lib_python3_12_site-packages_pip__internal_resolution["resolution"]\n    node_venv_lib_python3_12_site-packages_pip__internal_resolution --> node_venv_lib_python3_12_site-packages_pip__internal_resolution___init___py["__init__.py"]\n    Root --> node_venv["venv"]\n    node_venv --> node_venv_lib["lib"]\n    node_venv_lib --> node_venv_lib_python3_12["python3.12"]\n    node_venv_lib_python3_12 --> node_venv_lib_python3_12_site-packages["site-packages"]\n    node_venv_lib_python3_12_site-packages --> node_venv_lib_python3_12_site-packages_pip["pip"]\n    node_venv_lib_python3_12_site-packages_pip --> node_venv_lib_python3_12_site-packages_pip__internal["_internal"]\n    node_venv_lib_python3_12_site-packages_pip__internal --> node_venv_lib_python3_12_site-packages_pip__internal_resolution["resolution"]\n    node_venv_lib_python3_12_site-packages_pip__internal_resolution --> node_venv_lib_python3_12_site-packages_pip__internal_resolution_base_py["base.py"]\n    Root --> node_venv["venv"]\n    node_venv --> node_venv_lib["lib"]\n    node_venv_lib --> node_venv_lib_python3_12["python3.12"]\n    node_venv_lib_python3_12 --> node_venv_lib_python3_12_site-packages["site-packages"]\n    node_venv_lib_python3_12_site-packages --> node_venv_lib_python3_12_site-packages_pip["pip"]\n    node_venv_lib_python3_12_site-packages_pip --> node_venv_lib_python3_12_site-packages_pip__internal["_internal"]\n    node_venv_lib_python3_12_site-packages_pip__internal --> node_venv_lib_python3_12_site-packages_pip__internal_resolution["resolution"]\n    node_venv_lib_python3_12_site-packages_pip__internal_resolution --> node_venv_lib_python3_12_site-packages_pip__internal_resolution_legacy["legacy"]\n    node_venv_lib_python3_12_site-packages_pip__internal_resolution_legacy --> node_venv_lib_python3_12_site-packages_pip__internal_resolution_legacy___init___py["__init__.py"]\n    Root --> node_venv["venv"]\n    node_venv --> node_venv_lib["lib"]\n    node_venv_lib --> node_venv_lib_python3_12["python3.12"]\n    node_venv_lib_python3_12 --> node_venv_lib_python3_12_site-packages["site-packages"]\n    node_venv_lib_python3_12_site-packages --> node_venv_lib_python3_12_site-packages_pip["pip"]\n    node_venv_lib_python3_12_site-packages_pip --> node_venv_lib_python3_12_site-packages_pip__internal["_internal"]\n    node_venv_lib_python3_12_site-packages_pip__internal --> node_venv_lib_python3_12_site-packages_pip__internal_resolution["resolution"]\n    node_venv_lib_python3_12_site-packages_pip__internal_resolution --> node_venv_lib_python3_12_site-packages_pip__internal_resolution_legacy["legacy"]\n    node_venv_lib_python3_12_site-packages_pip__internal_resolution_legacy --> node_venv_lib_python3_12_site-packages_pip__internal_resolution_legacy_resolver_py["resolver.py"]\n    Root --> node_venv["venv"]\n    node_venv --> node_venv_lib["lib"]\n    node_venv_lib --> node_venv_lib_python3_12["python3.12"]\n    node_venv_lib_python3_12 --> node_venv_lib_python3_12_site-packages["site-packages"]\n    node_venv_lib_python3_12_site-packages --> node_venv_lib_python3_12_site-packages_pip["pip"]\n    node_venv_lib_python3_12_site-packages_pip --> node_venv_lib_python3_12_site-packages_pip__internal["_internal"]\n    node_venv_lib_python3_12_site-packages_pip__internal --> node_venv_lib_python3_12_site-packages_pip__internal_resolution["resolution"]\n    node_venv_lib_python3_12_site-packages_pip__internal_resolution --> node_venv_lib_python3_12_site-packages_pip__internal_resolution_resolvelib["resolvelib"]\n    node_venv_lib_python3_12_site-packages_pip__internal_resolution_resolvelib --> node_venv_lib_python3_12_site-packages_pip__internal_resolution_resolvelib___init___py["__init__.py"]\n    Root --> node_venv["venv"]\n    node_venv --> node_venv_lib["lib"]\n    node_venv_lib --> node_venv_lib_python3_12["python3.12"]\n    node_venv_lib_python3_12 --> node_venv_lib_python3_12_site-packages["site-packages"]\n    node_venv_lib_python3_12_site-packages --> node_venv_lib_python3_12_site-packages_pip["pip"]\n    node_venv_lib_python3_12_site-packages_pip --> node_venv_lib_python3_12_site-packages_pip__internal["_internal"]\n    node_venv_lib_python3_12_site-packages_pip__internal --> node_venv_lib_python3_12_site-packages_pip__internal_resolution["resolution"]\n    node_venv_lib_python3_12_site-packages_pip__internal_resolution --> node_venv_lib_python3_12_site-packages_pip__internal_resolution_resolvelib["resolvelib"]\n    node_venv_lib_python3_12_site-packages_pip__internal_resolution_resolvelib --> node_venv_lib_python3_12_site-packages_pip__internal_resolution_resolvelib_base_py["base.py"]\n    Root --> node_venv["venv"]\n    node_venv --> node_venv_lib["lib"]\n    node_venv_lib --> node_venv_lib_python3_12["python3.12"]\n    node_venv_lib_python3_12 --> node_venv_lib_python3_12_site-packages["site-packages"]\n    node_venv_lib_python3_12_site-packages --> node_venv_lib_python3_12_site-packages_pip["pip"]\n    node_venv_lib_python3_12_site-packages_pip --> node_venv_lib_python3_12_site-packages_pip__internal["_internal"]\n    node_venv_lib_python3_12_site-packages_pip__internal --> node_venv_lib_python3_12_site-packages_pip__internal_resolution["resolution"]\n    node_venv_lib_python3_12_site-packages_pip__internal_resolution --> node_venv_lib_python3_12_site-packages_pip__internal_resolution_resolvelib["resolvelib"]\n    node_venv_lib_python3_12_site-packages_pip__internal_resolution_resolvelib --> node_venv_lib_python3_12_site-packages_pip__internal_resolution_resolvelib_candidates_py["candidates.py"]\n    Root --> node_venv["venv"]\n    node_venv --> node_venv_lib["lib"]\n    node_venv_lib --> node_venv_lib_python3_12["python3.12"]\n    node_venv_lib_python3_12 --> node_venv_lib_python3_12_site-packages["site-packages"]\n    node_venv_lib_python3_12_site-packages --> node_venv_lib_python3_12_site-packages_pip["pip"]\n    node_venv_lib_python3_12_site-packages_pip --> node_venv_lib_python3_12_site-packages_pip__internal["_internal"]\n    node_venv_lib_python3_12_site-packages_pip__internal --> node_venv_lib_python3_12_site-packages_pip__internal_resolution["resolution"]\n    node_venv_lib_python3_12_site-packages_pip__internal_resolution --> node_venv_lib_python3_12_site-packages_pip__internal_resolution_resolvelib["resolvelib"]\n    node_venv_lib_python3_12_site-packages_pip__internal_resolution_resolvelib --> node_venv_lib_python3_12_site-packages_pip__internal_resolution_resolvelib_factory_py["factory.py"]\n    Root --> node_venv["venv"]\n    node_venv --> node_venv_lib["lib"]\n    node_venv_lib --> node_venv_lib_python3_12["python3.12"]\n    node_venv_lib_python3_12 --> node_venv_lib_python3_12_site-packages["site-packages"]\n    node_venv_lib_python3_12_site-packages --> node_venv_lib_python3_12_site-packages_pip["pip"]\n    node_venv_lib_python3_12_site-packages_pip --> node_venv_lib_python3_12_site-packages_pip__internal["_internal"]\n    node_venv_lib_python3_12_site-packages_pip__internal --> node_venv_lib_python3_12_site-packages_pip__internal_resolution["resolution"]\n    node_venv_lib_python3_12_site-packages_pip__internal_resolution --> node_venv_lib_python3_12_site-packages_pip__internal_resolution_resolvelib["resolvelib"]\n    node_venv_lib_python3_12_site-packages_pip__internal_resolution_resolvelib --> node_venv_lib_python3_12_site-packages_pip__internal_resolution_resolvelib_found_candidates_py["found_candidates.py"]\n    Root --> node_venv["venv"]\n    node_venv --> node_venv_lib["lib"]\n    node_venv_lib --> node_venv_lib_python3_12["python3.12"]\n    node_venv_lib_python3_12 --> node_venv_lib_python3_12_site-packages["site-packages"]\n    node_venv_lib_python3_12_site-packages --> node_venv_lib_python3_12_site-packages_pip["pip"]\n    node_venv_lib_python3_12_site-packages_pip --> node_venv_lib_python3_12_site-packages_pip__internal["_internal"]\n    node_venv_lib_python3_12_site-packages_pip__internal --> node_venv_lib_python3_12_site-packages_pip__internal_resolution["resolution"]\n    node_venv_lib_python3_12_site-packages_pip__internal_resolution --> node_venv_lib_python3_12_site-packages_pip__internal_resolution_resolvelib["resolvelib"]\n    node_venv_lib_python3_12_site-packages_pip__internal_resolution_resolvelib --> node_venv_lib_python3_12_site-packages_pip__internal_resolution_resolvelib_provider_py["provider.py"]\n    Root --> node_venv["venv"]\n    node_venv --> node_venv_lib["lib"]\n    node_venv_lib --> node_venv_lib_python3_12["python3.12"]\n    node_venv_lib_python3_12 --> node_venv_lib_python3_12_site-packages["site-packages"]\n    node_venv_lib_python3_12_site-packages --> node_venv_lib_python3_12_site-packages_pip["pip"]\n    node_venv_lib_python3_12_site-packages_pip --> node_venv_lib_python3_12_site-packages_pip__internal["_internal"]\n    node_venv_lib_python3_12_site-packages_pip__internal --> node_venv_lib_python3_12_site-packages_pip__internal_resolution["resolution"]\n    node_venv_lib_python3_12_site-packages_pip__internal_resolution --> node_venv_lib_python3_12_site-packages_pip__internal_resolution_resolvelib["resolvelib"]\n    node_venv_lib_python3_12_site-packages_pip__internal_resolution_resolvelib --> node_venv_lib_python3_12_site-packages_pip__internal_resolution_resolvelib_reporter_py["reporter.py"]\n    Root --> node_venv["venv"]\n    node_venv --> node_venv_lib["lib"]\n    node_venv_lib --> node_venv_lib_python3_12["python3.12"]\n    node_venv_lib_python3_12 --> node_venv_lib_python3_12_site-packages["site-packages"]\n    node_venv_lib_python3_12_site-packages --> node_venv_lib_python3_12_site-packages_pip["pip"]\n    node_venv_lib_python3_12_site-packages_pip --> node_venv_lib_python3_12_site-packages_pip__internal["_internal"]\n    node_venv_lib_python3_12_site-packages_pip__internal --> node_venv_lib_python3_12_site-packages_pip__internal_resolution["resolution"]\n    node_venv_lib_python3_12_site-packages_pip__internal_resolution --> node_venv_lib_python3_12_site-packages_pip__internal_resolution_resolvelib["resolvelib"]\n    node_venv_lib_python3_12_site-packages_pip__internal_resolution_resolvelib --> node_venv_lib_python3_12_site-packages_pip__internal_resolution_resolvelib_requirements_py["requirements.py"]\n    Root --> node_venv["venv"]\n    node_venv --> node_venv_lib["lib"]\n    node_venv_lib --> node_venv_lib_python3_12["python3.12"]\n    node_venv_lib_python3_12 --> node_venv_lib_python3_12_site-packages["site-packages"]\n    node_venv_lib_python3_12_site-packages --> node_venv_lib_python3_12_site-packages_pip["pip"]\n    node_venv_lib_python3_12_site-packages_pip --> node_venv_lib_python3_12_site-packages_pip__internal["_internal"]\n    node_venv_lib_python3_12_site-packages_pip__internal --> node_venv_lib_python3_12_site-packages_pip__internal_resolution["resolution"]\n    node_venv_lib_python3_12_site-packages_pip__internal_resolution --> node_venv_lib_python3_12_site-packages_pip__internal_resolution_resolvelib["resolvelib"]\n    node_venv_lib_python3_12_site-packages_pip__internal_resolution_resolvelib --> node_venv_lib_python3_12_site-packages_pip__internal_resolution_resolvelib_resolver_py["resolver.py"]\n    Root --> node_venv["venv"]\n    node_venv --> node_venv_lib["lib"]\n    node_venv_lib --> node_venv_lib_python3_12["python3.12"]\n    node_venv_lib_python3_12 --> node_venv_lib_python3_12_site-packages["site-packages"]\n    node_venv_lib_python3_12_site-packages --> node_venv_lib_python3_12_site-packages_pip["pip"]\n    node_venv_lib_python3_12_site-packages_pip --> node_venv_lib_python3_12_site-packages_pip__internal["_internal"]\n    node_venv_lib_python3_12_site-packages_pip__internal --> node_venv_lib_python3_12_site-packages_pip__internal_vcs["vcs"]\n    node_venv_lib_python3_12_site-packages_pip__internal_vcs --> node_venv_lib_python3_12_site-packages_pip__internal_vcs___init___py["__init__.py"]\n    Root --> node_venv["venv"]\n    node_venv --> node_venv_lib["lib"]\n    node_venv_lib --> node_venv_lib_python3_12["python3.12"]\n    node_venv_lib_python3_12 --> node_venv_lib_python3_12_site-packages["site-packages"]\n    node_venv_lib_python3_12_site-packages --> node_venv_lib_python3_12_site-packages_pip["pip"]\n    node_venv_lib_python3_12_site-packages_pip --> node_venv_lib_python3_12_site-packages_pip__internal["_internal"]\n    node_venv_lib_python3_12_site-packages_pip__internal --> node_venv_lib_python3_12_site-packages_pip__internal_vcs["vcs"]\n    node_venv_lib_python3_12_site-packages_pip__internal_vcs --> node_venv_lib_python3_12_site-packages_pip__internal_vcs_bazaar_py["bazaar.py"]\n    Root --> node_venv["venv"]\n    node_venv --> node_venv_lib["lib"]\n    node_venv_lib --> node_venv_lib_python3_12["python3.12"]\n    node_venv_lib_python3_12 --> node_venv_lib_python3_12_site-packages["site-packages"]\n    node_venv_lib_python3_12_site-packages --> node_venv_lib_python3_12_site-packages_pip["pip"]\n    node_venv_lib_python3_12_site-packages_pip --> node_venv_lib_python3_12_site-packages_pip__internal["_internal"]\n    node_venv_lib_python3_12_site-packages_pip__internal --> node_venv_lib_python3_12_site-packages_pip__internal_vcs["vcs"]\n    node_venv_lib_python3_12_site-packages_pip__internal_vcs --> node_venv_lib_python3_12_site-packages_pip__internal_vcs_git_py["git.py"]\n    Root --> node_venv["venv"]\n    node_venv --> node_venv_lib["lib"]\n    node_venv_lib --> node_venv_lib_python3_12["python3.12"]\n    node_venv_lib_python3_12 --> node_venv_lib_python3_12_site-packages["site-packages"]\n    node_venv_lib_python3_12_site-packages --> node_venv_lib_python3_12_site-packages_pip["pip"]\n    node_venv_lib_python3_12_site-packages_pip --> node_venv_lib_python3_12_site-packages_pip__internal["_internal"]\n    node_venv_lib_python3_12_site-packages_pip__internal --> node_venv_lib_python3_12_site-packages_pip__internal_vcs["vcs"]\n    node_venv_lib_python3_12_site-packages_pip__internal_vcs --> node_venv_lib_python3_12_site-packages_pip__internal_vcs_mercurial_py["mercurial.py"]\n    Root --> node_venv["venv"]\n    node_venv --> node_venv_lib["lib"]\n    node_venv_lib --> node_venv_lib_python3_12["python3.12"]\n    node_venv_lib_python3_12 --> node_venv_lib_python3_12_site-packages["site-packages"]\n    node_venv_lib_python3_12_site-packages --> node_venv_lib_python3_12_site-packages_pip["pip"]\n    node_venv_lib_python3_12_site-packages_pip --> node_venv_lib_python3_12_site-packages_pip__internal["_internal"]\n    node_venv_lib_python3_12_site-packages_pip__internal --> node_venv_lib_python3_12_site-packages_pip__internal_vcs["vcs"]\n    node_venv_lib_python3_12_site-packages_pip__internal_vcs --> node_venv_lib_python3_12_site-packages_pip__internal_vcs_subversion_py["subversion.py"]\n    Root --> node_venv["venv"]\n    node_venv --> node_venv_lib["lib"]\n    node_venv_lib --> node_venv_lib_python3_12["python3.12"]\n    node_venv_lib_python3_12 --> node_venv_lib_python3_12_site-packages["site-packages"]\n    node_venv_lib_python3_12_site-packages --> node_venv_lib_python3_12_site-packages_pip["pip"]\n    node_venv_lib_python3_12_site-packages_pip --> node_venv_lib_python3_12_site-packages_pip__internal["_internal"]\n    node_venv_lib_python3_12_site-packages_pip__internal --> node_venv_lib_python3_12_site-packages_pip__internal_vcs["vcs"]\n    node_venv_lib_python3_12_site-packages_pip__internal_vcs --> node_venv_lib_python3_12_site-packages_pip__internal_vcs_versioncontrol_py["versioncontrol.py"]\n    Root --> node_venv["venv"]\n    node_venv --> node_venv_lib["lib"]\n    node_venv_lib --> node_venv_lib_python3_12["python3.12"]\n    node_venv_lib_python3_12 --> node_venv_lib_python3_12_site-packages["site-packages"]\n    node_venv_lib_python3_12_site-packages --> node_venv_lib_python3_12_site-packages_pip["pip"]\n    node_venv_lib_python3_12_site-packages_pip --> node_venv_lib_python3_12_site-packages_pip__internal["_internal"]\n    node_venv_lib_python3_12_site-packages_pip__internal --> node_venv_lib_python3_12_site-packages_pip__internal_locations["locations"]\n    node_venv_lib_python3_12_site-packages_pip__internal_locations --> node_venv_lib_python3_12_site-packages_pip__internal_locations___init___py["__init__.py"]\n    Root --> node_venv["venv"]\n    node_venv --> node_venv_lib["lib"]\n    node_venv_lib --> node_venv_lib_python3_12["python3.12"]\n    node_venv_lib_python3_12 --> node_venv_lib_python3_12_site-packages["site-packages"]\n    node_venv_lib_python3_12_site-packages --> node_venv_lib_python3_12_site-packages_pip["pip"]\n    node_venv_lib_python3_12_site-packages_pip --> node_venv_lib_python3_12_site-packages_pip__internal["_internal"]\n    node_venv_lib_python3_12_site-packages_pip__internal --> node_venv_lib_python3_12_site-packages_pip__internal_locations["locations"]\n    node_venv_lib_python3_12_site-packages_pip__internal_locations --> node_venv_lib_python3_12_site-packages_pip__internal_locations__distutils_py["_distutils.py"]\n    Root --> node_venv["venv"]\n    node_venv --> node_venv_lib["lib"]\n    node_venv_lib --> node_venv_lib_python3_12["python3.12"]\n    node_venv_lib_python3_12 --> node_venv_lib_python3_12_site-packages["site-packages"]\n    node_venv_lib_python3_12_site-packages --> node_venv_lib_python3_12_site-packages_pip["pip"]\n    node_venv_lib_python3_12_site-packages_pip --> node_venv_lib_python3_12_site-packages_pip__internal["_internal"]\n    node_venv_lib_python3_12_site-packages_pip__internal --> node_venv_lib_python3_12_site-packages_pip__internal_locations["locations"]\n    node_venv_lib_python3_12_site-packages_pip__internal_locations --> node_venv_lib_python3_12_site-packages_pip__internal_locations__sysconfig_py["_sysconfig.py"]\n    Root --> node_venv["venv"]\n    node_venv --> node_venv_lib["lib"]\n    node_venv_lib --> node_venv_lib_python3_12["python3.12"]\n    node_venv_lib_python3_12 --> node_venv_lib_python3_12_site-packages["site-packages"]\n    node_venv_lib_python3_12_site-packages --> node_venv_lib_python3_12_site-packages_pip["pip"]\n    node_venv_lib_python3_12_site-packages_pip --> node_venv_lib_python3_12_site-packages_pip__internal["_internal"]\n    node_venv_lib_python3_12_site-packages_pip__internal --> node_venv_lib_python3_12_site-packages_pip__internal_locations["locations"]\n    node_venv_lib_python3_12_site-packages_pip__internal_locations --> node_venv_lib_python3_12_site-packages_pip__internal_locations_base_py["base.py"]\n    Root --> node_venv["venv"]\n    node_venv --> node_venv_lib["lib"]\n    node_venv_lib --> node_venv_lib_python3_12["python3.12"]\n    node_venv_lib_python3_12 --> node_venv_lib_python3_12_site-packages["site-packages"]\n    node_venv_lib_python3_12_site-packages --> node_venv_lib_python3_12_site-packages_pip["pip"]\n    node_venv_lib_python3_12_site-packages_pip --> node_venv_lib_python3_12_site-packages_pip__internal["_internal"]\n    node_venv_lib_python3_12_site-packages_pip__internal --> node_venv_lib_python3_12_site-packages_pip__internal_index["index"]\n    node_venv_lib_python3_12_site-packages_pip__internal_index --> node_venv_lib_python3_12_site-packages_pip__internal_index___init___py["__init__.py"]\n    Root --> node_venv["venv"]\n    node_venv --> node_venv_lib["lib"]\n    node_venv_lib --> node_venv_lib_python3_12["python3.12"]\n    node_venv_lib_python3_12 --> node_venv_lib_python3_12_site-packages["site-packages"]\n    node_venv_lib_python3_12_site-packages --> node_venv_lib_python3_12_site-packages_pip["pip"]\n    node_venv_lib_python3_12_site-packages_pip --> node_venv_lib_python3_12_site-packages_pip__internal["_internal"]\n    node_venv_lib_python3_12_site-packages_pip__internal --> node_venv_lib_python3_12_site-packages_pip__internal_index["index"]\n    node_venv_lib_python3_12_site-packages_pip__internal_index --> node_venv_lib_python3_12_site-packages_pip__internal_index_collector_py["collector.py"]\n    Root --> node_venv["venv"]\n    node_venv --> node_venv_lib["lib"]\n    node_venv_lib --> node_venv_lib_python3_12["python3.12"]\n    node_venv_lib_python3_12 --> node_venv_lib_python3_12_site-packages["site-packages"]\n    node_venv_lib_python3_12_site-packages --> node_venv_lib_python3_12_site-packages_pip["pip"]\n    node_venv_lib_python3_12_site-packages_pip --> node_venv_lib_python3_12_site-packages_pip__internal["_internal"]\n    node_venv_lib_python3_12_site-packages_pip__internal --> node_venv_lib_python3_12_site-packages_pip__internal_index["index"]\n    node_venv_lib_python3_12_site-packages_pip__internal_index --> node_venv_lib_python3_12_site-packages_pip__internal_index_package_finder_py["package_finder.py"]\n    Root --> node_venv["venv"]\n    node_venv --> node_venv_lib["lib"]\n    node_venv_lib --> node_venv_lib_python3_12["python3.12"]\n    node_venv_lib_python3_12 --> node_venv_lib_python3_12_site-packages["site-packages"]\n    node_venv_lib_python3_12_site-packages --> node_venv_lib_python3_12_site-packages_pip["pip"]\n    node_venv_lib_python3_12_site-packages_pip --> node_venv_lib_python3_12_site-packages_pip__internal["_internal"]\n    node_venv_lib_python3_12_site-packages_pip__internal --> node_venv_lib_python3_12_site-packages_pip__internal_index["index"]\n    node_venv_lib_python3_12_site-packages_pip__internal_index --> node_venv_lib_python3_12_site-packages_pip__internal_index_sources_py["sources.py"]\n    Root --> node_venv["venv"]\n    node_venv --> node_venv_lib["lib"]\n    node_venv_lib --> node_venv_lib_python3_12["python3.12"]\n    node_venv_lib_python3_12 --> node_venv_lib_python3_12_site-packages["site-packages"]\n    node_venv_lib_python3_12_site-packages --> node_venv_lib_python3_12_site-packages_pip["pip"]\n    node_venv_lib_python3_12_site-packages_pip --> node_venv_lib_python3_12_site-packages_pip__internal["_internal"]\n    node_venv_lib_python3_12_site-packages_pip__internal --> node_venv_lib_python3_12_site-packages_pip__internal_commands["commands"]\n    node_venv_lib_python3_12_site-packages_pip__internal_commands --> node_venv_lib_python3_12_site-packages_pip__internal_commands___init___py["__init__.py"]\n    Root --> node_venv["venv"]\n    node_venv --> node_venv_lib["lib"]\n    node_venv_lib --> node_venv_lib_python3_12["python3.12"]\n    node_venv_lib_python3_12 --> node_venv_lib_python3_12_site-packages["site-packages"]\n    node_venv_lib_python3_12_site-packages --> node_venv_lib_python3_12_site-packages_pip["pip"]\n    node_venv_lib_python3_12_site-packages_pip --> node_venv_lib_python3_12_site-packages_pip__internal["_internal"]\n    node_venv_lib_python3_12_site-packages_pip__internal --> node_venv_lib_python3_12_site-packages_pip__internal_commands["commands"]\n    node_venv_lib_python3_12_site-packages_pip__internal_commands --> node_venv_lib_python3_12_site-packages_pip__internal_commands_cache_py["cache.py"]\n    Root --> node_venv["venv"]\n    node_venv --> node_venv_lib["lib"]\n    node_venv_lib --> node_venv_lib_python3_12["python3.12"]\n    node_venv_lib_python3_12 --> node_venv_lib_python3_12_site-packages["site-packages"]\n    node_venv_lib_python3_12_site-packages --> node_venv_lib_python3_12_site-packages_pip["pip"]\n    node_venv_lib_python3_12_site-packages_pip --> node_venv_lib_python3_12_site-packages_pip__internal["_internal"]\n    node_venv_lib_python3_12_site-packages_pip__internal --> node_venv_lib_python3_12_site-packages_pip__internal_commands["commands"]\n    node_venv_lib_python3_12_site-packages_pip__internal_commands --> node_venv_lib_python3_12_site-packages_pip__internal_commands_check_py["check.py"]\n    Root --> node_venv["venv"]\n    node_venv --> node_venv_lib["lib"]\n    node_venv_lib --> node_venv_lib_python3_12["python3.12"]\n    node_venv_lib_python3_12 --> node_venv_lib_python3_12_site-packages["site-packages"]\n    node_venv_lib_python3_12_site-packages --> node_venv_lib_python3_12_site-packages_pip["pip"]\n    node_venv_lib_python3_12_site-packages_pip --> node_venv_lib_python3_12_site-packages_pip__internal["_internal"]\n    node_venv_lib_python3_12_site-packages_pip__internal --> node_venv_lib_python3_12_site-packages_pip__internal_commands["commands"]\n    node_venv_lib_python3_12_site-packages_pip__internal_commands --> node_venv_lib_python3_12_site-packages_pip__internal_commands_completion_py["completion.py"]\n    Root --> node_venv["venv"]\n    node_venv --> node_venv_lib["lib"]\n    node_venv_lib --> node_venv_lib_python3_12["python3.12"]\n    node_venv_lib_python3_12 --> node_venv_lib_python3_12_site-packages["site-packages"]\n    node_venv_lib_python3_12_site-packages --> node_venv_lib_python3_12_site-packages_pip["pip"]\n    node_venv_lib_python3_12_site-packages_pip --> node_venv_lib_python3_12_site-packages_pip__internal["_internal"]\n    node_venv_lib_python3_12_site-packages_pip__internal --> node_venv_lib_python3_12_site-packages_pip__internal_commands["commands"]\n    node_venv_lib_python3_12_site-packages_pip__internal_commands --> node_venv_lib_python3_12_site-packages_pip__internal_commands_configuration_py["configuration.py"]\n    Root --> node_venv["venv"]\n    node_venv --> node_venv_lib["lib"]\n    node_venv_lib --> node_venv_lib_python3_12["python3.12"]\n    node_venv_lib_python3_12 --> node_venv_lib_python3_12_site-packages["site-packages"]\n    node_venv_lib_python3_12_site-packages --> node_venv_lib_python3_12_site-packages_pip["pip"]\n    node_venv_lib_python3_12_site-packages_pip --> node_venv_lib_python3_12_site-packages_pip__internal["_internal"]\n    node_venv_lib_python3_12_site-packages_pip__internal --> node_venv_lib_python3_12_site-packages_pip__internal_commands["commands"]\n    node_venv_lib_python3_12_site-packages_pip__internal_commands --> node_venv_lib_python3_12_site-packages_pip__internal_commands_debug_py["debug.py"]\n    Root --> node_venv["venv"]\n    node_venv --> node_venv_lib["lib"]\n    node_venv_lib --> node_venv_lib_python3_12["python3.12"]\n    node_venv_lib_python3_12 --> node_venv_lib_python3_12_site-packages["site-packages"]\n    node_venv_lib_python3_12_site-packages --> node_venv_lib_python3_12_site-packages_pip["pip"]\n    node_venv_lib_python3_12_site-packages_pip --> node_venv_lib_python3_12_site-packages_pip__internal["_internal"]\n    node_venv_lib_python3_12_site-packages_pip__internal --> node_venv_lib_python3_12_site-packages_pip__internal_commands["commands"]\n    node_venv_lib_python3_12_site-packages_pip__internal_commands --> node_venv_lib_python3_12_site-packages_pip__internal_commands_download_py["download.py"]\n    Root --> node_venv["venv"]\n    node_venv --> node_venv_lib["lib"]\n    node_venv_lib --> node_venv_lib_python3_12["python3.12"]\n    node_venv_lib_python3_12 --> node_venv_lib_python3_12_site-packages["site-packages"]\n    node_venv_lib_python3_12_site-packages --> node_venv_lib_python3_12_site-packages_pip["pip"]\n    node_venv_lib_python3_12_site-packages_pip --> node_venv_lib_python3_12_site-packages_pip__internal["_internal"]\n    node_venv_lib_python3_12_site-packages_pip__internal --> node_venv_lib_python3_12_site-packages_pip__internal_commands["commands"]\n    node_venv_lib_python3_12_site-packages_pip__internal_commands --> node_venv_lib_python3_12_site-packages_pip__internal_commands_freeze_py["freeze.py"]\n    Root --> node_venv["venv"]\n    node_venv --> node_venv_lib["lib"]\n    node_venv_lib --> node_venv_lib_python3_12["python3.12"]\n    node_venv_lib_python3_12 --> node_venv_lib_python3_12_site-packages["site-packages"]\n    node_venv_lib_python3_12_site-packages --> node_venv_lib_python3_12_site-packages_pip["pip"]\n    node_venv_lib_python3_12_site-packages_pip --> node_venv_lib_python3_12_site-packages_pip__internal["_internal"]\n    node_venv_lib_python3_12_site-packages_pip__internal --> node_venv_lib_python3_12_site-packages_pip__internal_commands["commands"]\n    node_venv_lib_python3_12_site-packages_pip__internal_commands --> node_venv_lib_python3_12_site-packages_pip__internal_commands_hash_py["hash.py"]\n    Root --> node_venv["venv"]\n    node_venv --> node_venv_lib["lib"]\n    node_venv_lib --> node_venv_lib_python3_12["python3.12"]\n    node_venv_lib_python3_12 --> node_venv_lib_python3_12_site-packages["site-packages"]\n    node_venv_lib_python3_12_site-packages --> node_venv_lib_python3_12_site-packages_pip["pip"]\n    node_venv_lib_python3_12_site-packages_pip --> node_venv_lib_python3_12_site-packages_pip__internal["_internal"]\n    node_venv_lib_python3_12_site-packages_pip__internal --> node_venv_lib_python3_12_site-packages_pip__internal_commands["commands"]\n    node_venv_lib_python3_12_site-packages_pip__internal_commands --> node_venv_lib_python3_12_site-packages_pip__internal_commands_help_py["help.py"]\n    Root --> node_venv["venv"]\n    node_venv --> node_venv_lib["lib"]\n    node_venv_lib --> node_venv_lib_python3_12["python3.12"]\n    node_venv_lib_python3_12 --> node_venv_lib_python3_12_site-packages["site-packages"]\n    node_venv_lib_python3_12_site-packages --> node_venv_lib_python3_12_site-packages_pip["pip"]\n    node_venv_lib_python3_12_site-packages_pip --> node_venv_lib_python3_12_site-packages_pip__internal["_internal"]\n    node_venv_lib_python3_12_site-packages_pip__internal --> node_venv_lib_python3_12_site-packages_pip__internal_commands["commands"]\n    node_venv_lib_python3_12_site-packages_pip__internal_commands --> node_venv_lib_python3_12_site-packages_pip__internal_commands_index_py["index.py"]\n    Root --> node_venv["venv"]\n    node_venv --> node_venv_lib["lib"]\n    node_venv_lib --> node_venv_lib_python3_12["python3.12"]\n    node_venv_lib_python3_12 --> node_venv_lib_python3_12_site-packages["site-packages"]\n    node_venv_lib_python3_12_site-packages --> node_venv_lib_python3_12_site-packages_pip["pip"]\n    node_venv_lib_python3_12_site-packages_pip --> node_venv_lib_python3_12_site-packages_pip__internal["_internal"]\n    node_venv_lib_python3_12_site-packages_pip__internal --> node_venv_lib_python3_12_site-packages_pip__internal_commands["commands"]\n    node_venv_lib_python3_12_site-packages_pip__internal_commands --> node_venv_lib_python3_12_site-packages_pip__internal_commands_inspect_py["inspect.py"]\n    Root --> node_venv["venv"]\n    node_venv --> node_venv_lib["lib"]\n    node_venv_lib --> node_venv_lib_python3_12["python3.12"]\n    node_venv_lib_python3_12 --> node_venv_lib_python3_12_site-packages["site-packages"]\n    node_venv_lib_python3_12_site-packages --> node_venv_lib_python3_12_site-packages_pip["pip"]\n    node_venv_lib_python3_12_site-packages_pip --> node_venv_lib_python3_12_site-packages_pip__internal["_internal"]\n    node_venv_lib_python3_12_site-packages_pip__internal --> node_venv_lib_python3_12_site-packages_pip__internal_commands["commands"]\n    node_venv_lib_python3_12_site-packages_pip__internal_commands --> node_venv_lib_python3_12_site-packages_pip__internal_commands_install_py["install.py"]\n    Root --> node_venv["venv"]\n    node_venv --> node_venv_lib["lib"]\n    node_venv_lib --> node_venv_lib_python3_12["python3.12"]\n    node_venv_lib_python3_12 --> node_venv_lib_python3_12_site-packages["site-packages"]\n    node_venv_lib_python3_12_site-packages --> node_venv_lib_python3_12_site-packages_pip["pip"]\n    node_venv_lib_python3_12_site-packages_pip --> node_venv_lib_python3_12_site-packages_pip__internal["_internal"]\n    node_venv_lib_python3_12_site-packages_pip__internal --> node_venv_lib_python3_12_site-packages_pip__internal_commands["commands"]\n    node_venv_lib_python3_12_site-packages_pip__internal_commands --> node_venv_lib_python3_12_site-packages_pip__internal_commands_list_py["list.py"]\n    Root --> node_venv["venv"]\n    node_venv --> node_venv_lib["lib"]\n    node_venv_lib --> node_venv_lib_python3_12["python3.12"]\n    node_venv_lib_python3_12 --> node_venv_lib_python3_12_site-packages["site-packages"]\n    node_venv_lib_python3_12_site-packages --> node_venv_lib_python3_12_site-packages_pip["pip"]\n    node_venv_lib_python3_12_site-packages_pip --> node_venv_lib_python3_12_site-packages_pip__internal["_internal"]\n    node_venv_lib_python3_12_site-packages_pip__internal --> node_venv_lib_python3_12_site-packages_pip__internal_commands["commands"]\n    node_venv_lib_python3_12_site-packages_pip__internal_commands --> node_venv_lib_python3_12_site-packages_pip__internal_commands_search_py["search.py"]\n    Root --> node_venv["venv"]\n    node_venv --> node_venv_lib["lib"]\n    node_venv_lib --> node_venv_lib_python3_12["python3.12"]\n    node_venv_lib_python3_12 --> node_venv_lib_python3_12_site-packages["site-packages"]\n    node_venv_lib_python3_12_site-packages --> node_venv_lib_python3_12_site-packages_pip["pip"]\n    node_venv_lib_python3_12_site-packages_pip --> node_venv_lib_python3_12_site-packages_pip__internal["_internal"]\n    node_venv_lib_python3_12_site-packages_pip__internal --> node_venv_lib_python3_12_site-packages_pip__internal_commands["commands"]\n    node_venv_lib_python3_12_site-packages_pip__internal_commands --> node_venv_lib_python3_12_site-packages_pip__internal_commands_show_py["show.py"]\n    Root --> node_venv["venv"]\n    node_venv --> node_venv_lib["lib"]\n    node_venv_lib --> node_venv_lib_python3_12["python3.12"]\n    node_venv_lib_python3_12 --> node_venv_lib_python3_12_site-packages["site-packages"]\n    node_venv_lib_python3_12_site-packages --> node_venv_lib_python3_12_site-packages_pip["pip"]\n    node_venv_lib_python3_12_site-packages_pip --> node_venv_lib_python3_12_site-packages_pip__internal["_internal"]\n    node_venv_lib_python3_12_site-packages_pip__internal --> node_venv_lib_python3_12_site-packages_pip__internal_commands["commands"]\n    node_venv_lib_python3_12_site-packages_pip__internal_commands --> node_venv_lib_python3_12_site-packages_pip__internal_commands_uninstall_py["uninstall.py"]\n    Root --> node_venv["venv"]\n    node_venv --> node_venv_lib["lib"]\n    node_venv_lib --> node_venv_lib_python3_12["python3.12"]\n    node_venv_lib_python3_12 --> node_venv_lib_python3_12_site-packages["site-packages"]\n    node_venv_lib_python3_12_site-packages --> node_venv_lib_python3_12_site-packages_pip["pip"]\n    node_venv_lib_python3_12_site-packages_pip --> node_venv_lib_python3_12_site-packages_pip__internal["_internal"]\n    node_venv_lib_python3_12_site-packages_pip__internal --> node_venv_lib_python3_12_site-packages_pip__internal_commands["commands"]\n    node_venv_lib_python3_12_site-packages_pip__internal_commands --> node_venv_lib_python3_12_site-packages_pip__internal_commands_wheel_py["wheel.py"]\n    Root --> node_venv["venv"]\n    node_venv --> node_venv_lib["lib"]\n    node_venv_lib --> node_venv_lib_python3_12["python3.12"]\n    node_venv_lib_python3_12 --> node_venv_lib_python3_12_site-packages["site-packages"]\n    node_venv_lib_python3_12_site-packages --> node_venv_lib_python3_12_site-packages_pip["pip"]\n    node_venv_lib_python3_12_site-packages_pip --> node_venv_lib_python3_12_site-packages_pip__internal["_internal"]\n    node_venv_lib_python3_12_site-packages_pip__internal --> node_venv_lib_python3_12_site-packages_pip__internal_metadata["metadata"]\n    node_venv_lib_python3_12_site-packages_pip__internal_metadata --> node_venv_lib_python3_12_site-packages_pip__internal_metadata___init___py["__init__.py"]\n    Root --> node_venv["venv"]\n    node_venv --> node_venv_lib["lib"]\n    node_venv_lib --> node_venv_lib_python3_12["python3.12"]\n    node_venv_lib_python3_12 --> node_venv_lib_python3_12_site-packages["site-packages"]\n    node_venv_lib_python3_12_site-packages --> node_venv_lib_python3_12_site-packages_pip["pip"]\n    node_venv_lib_python3_12_site-packages_pip --> node_venv_lib_python3_12_site-packages_pip__internal["_internal"]\n    node_venv_lib_python3_12_site-packages_pip__internal --> node_venv_lib_python3_12_site-packages_pip__internal_metadata["metadata"]\n    node_venv_lib_python3_12_site-packages_pip__internal_metadata --> node_venv_lib_python3_12_site-packages_pip__internal_metadata__json_py["_json.py"]\n    Root --> node_venv["venv"]\n    node_venv --> node_venv_lib["lib"]\n    node_venv_lib --> node_venv_lib_python3_12["python3.12"]\n    node_venv_lib_python3_12 --> node_venv_lib_python3_12_site-packages["site-packages"]\n    node_venv_lib_python3_12_site-packages --> node_venv_lib_python3_12_site-packages_pip["pip"]\n    node_venv_lib_python3_12_site-packages_pip --> node_venv_lib_python3_12_site-packages_pip__internal["_internal"]\n    node_venv_lib_python3_12_site-packages_pip__internal --> node_venv_lib_python3_12_site-packages_pip__internal_metadata["metadata"]\n    node_venv_lib_python3_12_site-packages_pip__internal_metadata --> node_venv_lib_python3_12_site-packages_pip__internal_metadata_base_py["base.py"]\n    Root --> node_venv["venv"]\n    node_venv --> node_venv_lib["lib"]\n    node_venv_lib --> node_venv_lib_python3_12["python3.12"]\n    node_venv_lib_python3_12 --> node_venv_lib_python3_12_site-packages["site-packages"]\n    node_venv_lib_python3_12_site-packages --> node_venv_lib_python3_12_site-packages_pip["pip"]\n    node_venv_lib_python3_12_site-packages_pip --> node_venv_lib_python3_12_site-packages_pip__internal["_internal"]\n    node_venv_lib_python3_12_site-packages_pip__internal --> node_venv_lib_python3_12_site-packages_pip__internal_metadata["metadata"]\n    node_venv_lib_python3_12_site-packages_pip__internal_metadata --> node_venv_lib_python3_12_site-packages_pip__internal_metadata_pkg_resources_py["pkg_resources.py"]\n    Root --> node_venv["venv"]\n    node_venv --> node_venv_lib["lib"]\n    node_venv_lib --> node_venv_lib_python3_12["python3.12"]\n    node_venv_lib_python3_12 --> node_venv_lib_python3_12_site-packages["site-packages"]\n    node_venv_lib_python3_12_site-packages --> node_venv_lib_python3_12_site-packages_pip["pip"]\n    node_venv_lib_python3_12_site-packages_pip --> node_venv_lib_python3_12_site-packages_pip__internal["_internal"]\n    node_venv_lib_python3_12_site-packages_pip__internal --> node_venv_lib_python3_12_site-packages_pip__internal_metadata["metadata"]\n    node_venv_lib_python3_12_site-packages_pip__internal_metadata --> node_venv_lib_python3_12_site-packages_pip__internal_metadata_importlib["importlib"]\n    node_venv_lib_python3_12_site-packages_pip__internal_metadata_importlib --> node_venv_lib_python3_12_site-packages_pip__internal_metadata_importlib___init___py["__init__.py"]\n    Root --> node_venv["venv"]\n    node_venv --> node_venv_lib["lib"]\n    node_venv_lib --> node_venv_lib_python3_12["python3.12"]\n    node_venv_lib_python3_12 --> node_venv_lib_python3_12_site-packages["site-packages"]\n    node_venv_lib_python3_12_site-packages --> node_venv_lib_python3_12_site-packages_pip["pip"]\n    node_venv_lib_python3_12_site-packages_pip --> node_venv_lib_python3_12_site-packages_pip__internal["_internal"]\n    node_venv_lib_python3_12_site-packages_pip__internal --> node_venv_lib_python3_12_site-packages_pip__internal_metadata["metadata"]\n    node_venv_lib_python3_12_site-packages_pip__internal_metadata --> node_venv_lib_python3_12_site-packages_pip__internal_metadata_importlib["importlib"]\n    node_venv_lib_python3_12_site-packages_pip__internal_metadata_importlib --> node_venv_lib_python3_12_site-packages_pip__internal_metadata_importlib__compat_py["_compat.py"]\n    Root --> node_venv["venv"]\n    node_venv --> node_venv_lib["lib"]\n    node_venv_lib --> node_venv_lib_python3_12["python3.12"]\n    node_venv_lib_python3_12 --> node_venv_lib_python3_12_site-packages["site-packages"]\n    node_venv_lib_python3_12_site-packages --> node_venv_lib_python3_12_site-packages_pip["pip"]\n    node_venv_lib_python3_12_site-packages_pip --> node_venv_lib_python3_12_site-packages_pip__internal["_internal"]\n    node_venv_lib_python3_12_site-packages_pip__internal --> node_venv_lib_python3_12_site-packages_pip__internal_metadata["metadata"]\n    node_venv_lib_python3_12_site-packages_pip__internal_metadata --> node_venv_lib_python3_12_site-packages_pip__internal_metadata_importlib["importlib"]\n    node_venv_lib_python3_12_site-packages_pip__internal_metadata_importlib --> node_venv_lib_python3_12_site-packages_pip__internal_metadata_importlib__dists_py["_dists.py"]\n    Root --> node_venv["venv"]\n    node_venv --> node_venv_lib["lib"]\n    node_venv_lib --> node_venv_lib_python3_12["python3.12"]\n    node_venv_lib_python3_12 --> node_venv_lib_python3_12_site-packages["site-packages"]\n    node_venv_lib_python3_12_site-packages --> node_venv_lib_python3_12_site-packages_pip["pip"]\n    node_venv_lib_python3_12_site-packages_pip --> node_venv_lib_python3_12_site-packages_pip__internal["_internal"]\n    node_venv_lib_python3_12_site-packages_pip__internal --> node_venv_lib_python3_12_site-packages_pip__internal_metadata["metadata"]\n    node_venv_lib_python3_12_site-packages_pip__internal_metadata --> node_venv_lib_python3_12_site-packages_pip__internal_metadata_importlib["importlib"]\n    node_venv_lib_python3_12_site-packages_pip__internal_metadata_importlib --> node_venv_lib_python3_12_site-packages_pip__internal_metadata_importlib__envs_py["_envs.py"]\n    Root --> node_venv["venv"]\n    node_venv --> node_venv_lib["lib"]\n    node_venv_lib --> node_venv_lib_python3_12["python3.12"]\n    node_venv_lib_python3_12 --> node_venv_lib_python3_12_site-packages["site-packages"]\n    node_venv_lib_python3_12_site-packages --> node_venv_lib_python3_12_site-packages_pip["pip"]\n    node_venv_lib_python3_12_site-packages_pip --> node_venv_lib_python3_12_site-packages_pip__internal["_internal"]\n    node_venv_lib_python3_12_site-packages_pip__internal --> node_venv_lib_python3_12_site-packages_pip__internal_distributions["distributions"]\n    node_venv_lib_python3_12_site-packages_pip__internal_distributions --> node_venv_lib_python3_12_site-packages_pip__internal_distributions___init___py["__init__.py"]\n    Root --> node_venv["venv"]\n    node_venv --> node_venv_lib["lib"]\n    node_venv_lib --> node_venv_lib_python3_12["python3.12"]\n    node_venv_lib_python3_12 --> node_venv_lib_python3_12_site-packages["site-packages"]\n    node_venv_lib_python3_12_site-packages --> node_venv_lib_python3_12_site-packages_pip["pip"]\n    node_venv_lib_python3_12_site-packages_pip --> node_venv_lib_python3_12_site-packages_pip__internal["_internal"]\n    node_venv_lib_python3_12_site-packages_pip__internal --> node_venv_lib_python3_12_site-packages_pip__internal_distributions["distributions"]\n    node_venv_lib_python3_12_site-packages_pip__internal_distributions --> node_venv_lib_python3_12_site-packages_pip__internal_distributions_base_py["base.py"]\n    Root --> node_venv["venv"]\n    node_venv --> node_venv_lib["lib"]\n    node_venv_lib --> node_venv_lib_python3_12["python3.12"]\n    node_venv_lib_python3_12 --> node_venv_lib_python3_12_site-packages["site-packages"]\n    node_venv_lib_python3_12_site-packages --> node_venv_lib_python3_12_site-packages_pip["pip"]\n    node_venv_lib_python3_12_site-packages_pip --> node_venv_lib_python3_12_site-packages_pip__internal["_internal"]\n    node_venv_lib_python3_12_site-packages_pip__internal --> node_venv_lib_python3_12_site-packages_pip__internal_distributions["distributions"]\n    node_venv_lib_python3_12_site-packages_pip__internal_distributions --> node_venv_lib_python3_12_site-packages_pip__internal_distributions_installed_py["installed.py"]\n    Root --> node_venv["venv"]\n    node_venv --> node_venv_lib["lib"]\n    node_venv_lib --> node_venv_lib_python3_12["python3.12"]\n    node_venv_lib_python3_12 --> node_venv_lib_python3_12_site-packages["site-packages"]\n    node_venv_lib_python3_12_site-packages --> node_venv_lib_python3_12_site-packages_pip["pip"]\n    node_venv_lib_python3_12_site-packages_pip --> node_venv_lib_python3_12_site-packages_pip__internal["_internal"]\n    node_venv_lib_python3_12_site-packages_pip__internal --> node_venv_lib_python3_12_site-packages_pip__internal_distributions["distributions"]\n    node_venv_lib_python3_12_site-packages_pip__internal_distributions --> node_venv_lib_python3_12_site-packages_pip__internal_distributions_sdist_py["sdist.py"]\n    Root --> node_venv["venv"]\n    node_venv --> node_venv_lib["lib"]\n    node_venv_lib --> node_venv_lib_python3_12["python3.12"]\n    node_venv_lib_python3_12 --> node_venv_lib_python3_12_site-packages["site-packages"]\n    node_venv_lib_python3_12_site-packages --> node_venv_lib_python3_12_site-packages_pip["pip"]\n    node_venv_lib_python3_12_site-packages_pip --> node_venv_lib_python3_12_site-packages_pip__internal["_internal"]\n    node_venv_lib_python3_12_site-packages_pip__internal --> node_venv_lib_python3_12_site-packages_pip__internal_distributions["distributions"]\n    node_venv_lib_python3_12_site-packages_pip__internal_distributions --> node_venv_lib_python3_12_site-packages_pip__internal_distributions_wheel_py["wheel.py"]\n    Root --> node_venv["venv"]\n    node_venv --> node_venv_lib["lib"]\n    node_venv_lib --> node_venv_lib_python3_12["python3.12"]\n    node_venv_lib_python3_12 --> node_venv_lib_python3_12_site-packages["site-packages"]\n    node_venv_lib_python3_12_site-packages --> node_venv_lib_python3_12_site-packages_pip["pip"]\n    node_venv_lib_python3_12_site-packages_pip --> node_venv_lib_python3_12_site-packages_pip__vendor["_vendor"]\n    node_venv_lib_python3_12_site-packages_pip__vendor --> node_venv_lib_python3_12_site-packages_pip__vendor___init___py["__init__.py"]\n    Root --> node_venv["venv"]\n    node_venv --> node_venv_lib["lib"]\n    node_venv_lib --> node_venv_lib_python3_12["python3.12"]\n    node_venv_lib_python3_12 --> node_venv_lib_python3_12_site-packages["site-packages"]\n    node_venv_lib_python3_12_site-packages --> node_venv_lib_python3_12_site-packages_pip["pip"]\n    node_venv_lib_python3_12_site-packages_pip --> node_venv_lib_python3_12_site-packages_pip__vendor["_vendor"]\n    node_venv_lib_python3_12_site-packages_pip__vendor --> node_venv_lib_python3_12_site-packages_pip__vendor_typing_extensions_py["typing_extensions.py"]\n    Root --> node_venv["venv"]\n    node_venv --> node_venv_lib["lib"]\n    node_venv_lib --> node_venv_lib_python3_12["python3.12"]\n    node_venv_lib_python3_12 --> node_venv_lib_python3_12_site-packages["site-packages"]\n    node_venv_lib_python3_12_site-packages --> node_venv_lib_python3_12_site-packages_pip["pip"]\n    node_venv_lib_python3_12_site-packages_pip --> node_venv_lib_python3_12_site-packages_pip__vendor["_vendor"]\n    node_venv_lib_python3_12_site-packages_pip__vendor --> node_venv_lib_python3_12_site-packages_pip__vendor_vendor_txt["vendor.txt"]\n    Root --> node_venv["venv"]\n    node_venv --> node_venv_lib["lib"]\n    node_venv_lib --> node_venv_lib_python3_12["python3.12"]\n    node_venv_lib_python3_12 --> node_venv_lib_python3_12_site-packages["site-packages"]\n    node_venv_lib_python3_12_site-packages --> node_venv_lib_python3_12_site-packages_pip["pip"]\n    node_venv_lib_python3_12_site-packages_pip --> node_venv_lib_python3_12_site-packages_pip__vendor["_vendor"]\n    node_venv_lib_python3_12_site-packages_pip__vendor --> node_venv_lib_python3_12_site-packages_pip__vendor_packaging["packaging"]\n    node_venv_lib_python3_12_site-packages_pip__vendor_packaging --> node_venv_lib_python3_12_site-packages_pip__vendor_packaging___init___py["__init__.py"]\n    Root --> node_venv["venv"]\n    node_venv --> node_venv_lib["lib"]\n    node_venv_lib --> node_venv_lib_python3_12["python3.12"]\n    node_venv_lib_python3_12 --> node_venv_lib_python3_12_site-packages["site-packages"]\n    node_venv_lib_python3_12_site-packages --> node_venv_lib_python3_12_site-packages_pip["pip"]\n    node_venv_lib_python3_12_site-packages_pip --> node_venv_lib_python3_12_site-packages_pip__vendor["_vendor"]\n    node_venv_lib_python3_12_site-packages_pip__vendor --> node_venv_lib_python3_12_site-packages_pip__vendor_packaging["packaging"]\n    node_venv_lib_python3_12_site-packages_pip__vendor_packaging --> node_venv_lib_python3_12_site-packages_pip__vendor_packaging__elffile_py["_elffile.py"]\n    Root --> node_venv["venv"]\n    node_venv --> node_venv_lib["lib"]\n    node_venv_lib --> node_venv_lib_python3_12["python3.12"]\n    node_venv_lib_python3_12 --> node_venv_lib_python3_12_site-packages["site-packages"]\n    node_venv_lib_python3_12_site-packages --> node_venv_lib_python3_12_site-packages_pip["pip"]\n    node_venv_lib_python3_12_site-packages_pip --> node_venv_lib_python3_12_site-packages_pip__vendor["_vendor"]\n    node_venv_lib_python3_12_site-packages_pip__vendor --> node_venv_lib_python3_12_site-packages_pip__vendor_packaging["packaging"]\n    node_venv_lib_python3_12_site-packages_pip__vendor_packaging --> node_venv_lib_python3_12_site-packages_pip__vendor_packaging__manylinux_py["_manylinux.py"]\n    Root --> node_venv["venv"]\n    node_venv --> node_venv_lib["lib"]\n    node_venv_lib --> node_venv_lib_python3_12["python3.12"]\n    node_venv_lib_python3_12 --> node_venv_lib_python3_12_site-packages["site-packages"]\n    node_venv_lib_python3_12_site-packages --> node_venv_lib_python3_12_site-packages_pip["pip"]\n    node_venv_lib_python3_12_site-packages_pip --> node_venv_lib_python3_12_site-packages_pip__vendor["_vendor"]\n    node_venv_lib_python3_12_site-packages_pip__vendor --> node_venv_lib_python3_12_site-packages_pip__vendor_packaging["packaging"]\n    node_venv_lib_python3_12_site-packages_pip__vendor_packaging --> node_venv_lib_python3_12_site-packages_pip__vendor_packaging__musllinux_py["_musllinux.py"]\n    Root --> node_venv["venv"]\n    node_venv --> node_venv_lib["lib"]\n    node_venv_lib --> node_venv_lib_python3_12["python3.12"]\n    node_venv_lib_python3_12 --> node_venv_lib_python3_12_site-packages["site-packages"]\n    node_venv_lib_python3_12_site-packages --> node_venv_lib_python3_12_site-packages_pip["pip"]\n    node_venv_lib_python3_12_site-packages_pip --> node_venv_lib_python3_12_site-packages_pip__vendor["_vendor"]\n    node_venv_lib_python3_12_site-packages_pip__vendor --> node_venv_lib_python3_12_site-packages_pip__vendor_packaging["packaging"]\n    node_venv_lib_python3_12_site-packages_pip__vendor_packaging --> node_venv_lib_python3_12_site-packages_pip__vendor_packaging__parser_py["_parser.py"]\n    Root --> node_venv["venv"]\n    node_venv --> node_venv_lib["lib"]\n    node_venv_lib --> node_venv_lib_python3_12["python3.12"]\n    node_venv_lib_python3_12 --> node_venv_lib_python3_12_site-packages["site-packages"]\n    node_venv_lib_python3_12_site-packages --> node_venv_lib_python3_12_site-packages_pip["pip"]\n    node_venv_lib_python3_12_site-packages_pip --> node_venv_lib_python3_12_site-packages_pip__vendor["_vendor"]\n    node_venv_lib_python3_12_site-packages_pip__vendor --> node_venv_lib_python3_12_site-packages_pip__vendor_packaging["packaging"]\n    node_venv_lib_python3_12_site-packages_pip__vendor_packaging --> node_venv_lib_python3_12_site-packages_pip__vendor_packaging__structures_py["_structures.py"]\n    Root --> node_venv["venv"]\n    node_venv --> node_venv_lib["lib"]\n    node_venv_lib --> node_venv_lib_python3_12["python3.12"]\n    node_venv_lib_python3_12 --> node_venv_lib_python3_12_site-packages["site-packages"]\n    node_venv_lib_python3_12_site-packages --> node_venv_lib_python3_12_site-packages_pip["pip"]\n    node_venv_lib_python3_12_site-packages_pip --> node_venv_lib_python3_12_site-packages_pip__vendor["_vendor"]\n    node_venv_lib_python3_12_site-packages_pip__vendor --> node_venv_lib_python3_12_site-packages_pip__vendor_packaging["packaging"]\n    node_venv_lib_python3_12_site-packages_pip__vendor_packaging --> node_venv_lib_python3_12_site-packages_pip__vendor_packaging__tokenizer_py["_tokenizer.py"]\n    Root --> node_venv["venv"]\n    node_venv --> node_venv_lib["lib"]\n    node_venv_lib --> node_venv_lib_python3_12["python3.12"]\n    node_venv_lib_python3_12 --> node_venv_lib_python3_12_site-packages["site-packages"]\n    node_venv_lib_python3_12_site-packages --> node_venv_lib_python3_12_site-packages_pip["pip"]\n    node_venv_lib_python3_12_site-packages_pip --> node_venv_lib_python3_12_site-packages_pip__vendor["_vendor"]\n    node_venv_lib_python3_12_site-packages_pip__vendor --> node_venv_lib_python3_12_site-packages_pip__vendor_packaging["packaging"]\n    node_venv_lib_python3_12_site-packages_pip__vendor_packaging --> node_venv_lib_python3_12_site-packages_pip__vendor_packaging_markers_py["markers.py"]\n    Root --> node_venv["venv"]\n    node_venv --> node_venv_lib["lib"]\n    node_venv_lib --> node_venv_lib_python3_12["python3.12"]\n    node_venv_lib_python3_12 --> node_venv_lib_python3_12_site-packages["site-packages"]\n    node_venv_lib_python3_12_site-packages --> node_venv_lib_python3_12_site-packages_pip["pip"]\n    node_venv_lib_python3_12_site-packages_pip --> node_venv_lib_python3_12_site-packages_pip__vendor["_vendor"]\n    node_venv_lib_python3_12_site-packages_pip__vendor --> node_venv_lib_python3_12_site-packages_pip__vendor_packaging["packaging"]\n    node_venv_lib_python3_12_site-packages_pip__vendor_packaging --> node_venv_lib_python3_12_site-packages_pip__vendor_packaging_metadata_py["metadata.py"]\n    Root --> node_venv["venv"]\n    node_venv --> node_venv_lib["lib"]\n    node_venv_lib --> node_venv_lib_python3_12["python3.12"]\n    node_venv_lib_python3_12 --> node_venv_lib_python3_12_site-packages["site-packages"]\n    node_venv_lib_python3_12_site-packages --> node_venv_lib_python3_12_site-packages_pip["pip"]\n    node_venv_lib_python3_12_site-packages_pip --> node_venv_lib_python3_12_site-packages_pip__vendor["_vendor"]\n    node_venv_lib_python3_12_site-packages_pip__vendor --> node_venv_lib_python3_12_site-packages_pip__vendor_packaging["packaging"]\n    node_venv_lib_python3_12_site-packages_pip__vendor_packaging --> node_venv_lib_python3_12_site-packages_pip__vendor_packaging_py_typed["py.typed"]\n    Root --> node_venv["venv"]\n    node_venv --> node_venv_lib["lib"]\n    node_venv_lib --> node_venv_lib_python3_12["python3.12"]\n    node_venv_lib_python3_12 --> node_venv_lib_python3_12_site-packages["site-packages"]\n    node_venv_lib_python3_12_site-packages --> node_venv_lib_python3_12_site-packages_pip["pip"]\n    node_venv_lib_python3_12_site-packages_pip --> node_venv_lib_python3_12_site-packages_pip__vendor["_vendor"]\n    node_venv_lib_python3_12_site-packages_pip__vendor --> node_venv_lib_python3_12_site-packages_pip__vendor_packaging["packaging"]\n    node_venv_lib_python3_12_site-packages_pip__vendor_packaging --> node_venv_lib_python3_12_site-packages_pip__vendor_packaging_requirements_py["requirements.py"]\n    Root --> node_venv["venv"]\n    node_venv --> node_venv_lib["lib"]\n    node_venv_lib --> node_venv_lib_python3_12["python3.12"]\n    node_venv_lib_python3_12 --> node_venv_lib_python3_12_site-packages["site-packages"]\n    node_venv_lib_python3_12_site-packages --> node_venv_lib_python3_12_site-packages_pip["pip"]\n    node_venv_lib_python3_12_site-packages_pip --> node_venv_lib_python3_12_site-packages_pip__vendor["_vendor"]\n    node_venv_lib_python3_12_site-packages_pip__vendor --> node_venv_lib_python3_12_site-packages_pip__vendor_packaging["packaging"]\n    node_venv_lib_python3_12_site-packages_pip__vendor_packaging --> node_venv_lib_python3_12_site-packages_pip__vendor_packaging_specifiers_py["specifiers.py"]\n    Root --> node_venv["venv"]\n    node_venv --> node_venv_lib["lib"]\n    node_venv_lib --> node_venv_lib_python3_12["python3.12"]\n    node_venv_lib_python3_12 --> node_venv_lib_python3_12_site-packages["site-packages"]\n    node_venv_lib_python3_12_site-packages --> node_venv_lib_python3_12_site-packages_pip["pip"]\n    node_venv_lib_python3_12_site-packages_pip --> node_venv_lib_python3_12_site-packages_pip__vendor["_vendor"]\n    node_venv_lib_python3_12_site-packages_pip__vendor --> node_venv_lib_python3_12_site-packages_pip__vendor_packaging["packaging"]\n    node_venv_lib_python3_12_site-packages_pip__vendor_packaging --> node_venv_lib_python3_12_site-packages_pip__vendor_packaging_tags_py["tags.py"]\n    Root --> node_venv["venv"]\n    node_venv --> node_venv_lib["lib"]\n    node_venv_lib --> node_venv_lib_python3_12["python3.12"]\n    node_venv_lib_python3_12 --> node_venv_lib_python3_12_site-packages["site-packages"]\n    node_venv_lib_python3_12_site-packages --> node_venv_lib_python3_12_site-packages_pip["pip"]\n    node_venv_lib_python3_12_site-packages_pip --> node_venv_lib_python3_12_site-packages_pip__vendor["_vendor"]\n    node_venv_lib_python3_12_site-packages_pip__vendor --> node_venv_lib_python3_12_site-packages_pip__vendor_packaging["packaging"]\n    node_venv_lib_python3_12_site-packages_pip__vendor_packaging --> node_venv_lib_python3_12_site-packages_pip__vendor_packaging_utils_py["utils.py"]\n    Root --> node_venv["venv"]\n    node_venv --> node_venv_lib["lib"]\n    node_venv_lib --> node_venv_lib_python3_12["python3.12"]\n    node_venv_lib_python3_12 --> node_venv_lib_python3_12_site-packages["site-packages"]\n    node_venv_lib_python3_12_site-packages --> node_venv_lib_python3_12_site-packages_pip["pip"]\n    node_venv_lib_python3_12_site-packages_pip --> node_venv_lib_python3_12_site-packages_pip__vendor["_vendor"]\n    node_venv_lib_python3_12_site-packages_pip__vendor --> node_venv_lib_python3_12_site-packages_pip__vendor_packaging["packaging"]\n    node_venv_lib_python3_12_site-packages_pip__vendor_packaging --> node_venv_lib_python3_12_site-packages_pip__vendor_packaging_version_py["version.py"]\n    Root --> node_venv["venv"]\n    node_venv --> node_venv_lib["lib"]\n    node_venv_lib --> node_venv_lib_python3_12["python3.12"]\n    node_venv_lib_python3_12 --> node_venv_lib_python3_12_site-packages["site-packages"]\n    node_venv_lib_python3_12_site-packages --> node_venv_lib_python3_12_site-packages_pip["pip"]\n    node_venv_lib_python3_12_site-packages_pip --> node_venv_lib_python3_12_site-packages_pip__vendor["_vendor"]\n    node_venv_lib_python3_12_site-packages_pip__vendor --> node_venv_lib_python3_12_site-packages_pip__vendor_packaging["packaging"]\n    node_venv_lib_python3_12_site-packages_pip__vendor_packaging --> node_venv_lib_python3_12_site-packages_pip__vendor_packaging_licenses["licenses"]\n    node_venv_lib_python3_12_site-packages_pip__vendor_packaging_licenses --> node_venv_lib_python3_12_site-packages_pip__vendor_packaging_licenses___init___py["__init__.py"]\n    Root --> node_venv["venv"]\n    node_venv --> node_venv_lib["lib"]\n    node_venv_lib --> node_venv_lib_python3_12["python3.12"]\n    node_venv_lib_python3_12 --> node_venv_lib_python3_12_site-packages["site-packages"]\n    node_venv_lib_python3_12_site-packages --> node_venv_lib_python3_12_site-packages_pip["pip"]\n    node_venv_lib_python3_12_site-packages_pip --> node_venv_lib_python3_12_site-packages_pip__vendor["_vendor"]\n    node_venv_lib_python3_12_site-packages_pip__vendor --> node_venv_lib_python3_12_site-packages_pip__vendor_packaging["packaging"]\n    node_venv_lib_python3_12_site-packages_pip__vendor_packaging --> node_venv_lib_python3_12_site-packages_pip__vendor_packaging_licenses["licenses"]\n    node_venv_lib_python3_12_site-packages_pip__vendor_packaging_licenses --> node_venv_lib_python3_12_site-packages_pip__vendor_packaging_licenses__spdx_py["_spdx.py"]\n    Root --> node_venv["venv"]\n    node_venv --> node_venv_lib["lib"]\n    node_venv_lib --> node_venv_lib_python3_12["python3.12"]\n    node_venv_lib_python3_12 --> node_venv_lib_python3_12_site-packages["site-packages"]\n    node_venv_lib_python3_12_site-packages --> node_venv_lib_python3_12_site-packages_pip["pip"]\n    node_venv_lib_python3_12_site-packages_pip --> node_venv_lib_python3_12_site-packages_pip__vendor["_vendor"]\n    node_venv_lib_python3_12_site-packages_pip__vendor --> node_venv_lib_python3_12_site-packages_pip__vendor_truststore["truststore"]\n    node_venv_lib_python3_12_site-packages_pip__vendor_truststore --> node_venv_lib_python3_12_site-packages_pip__vendor_truststore___init___py["__init__.py"]\n    Root --> node_venv["venv"]\n    node_venv --> node_venv_lib["lib"]\n    node_venv_lib --> node_venv_lib_python3_12["python3.12"]\n    node_venv_lib_python3_12 --> node_venv_lib_python3_12_site-packages["site-packages"]\n    node_venv_lib_python3_12_site-packages --> node_venv_lib_python3_12_site-packages_pip["pip"]\n    node_venv_lib_python3_12_site-packages_pip --> node_venv_lib_python3_12_site-packages_pip__vendor["_vendor"]\n    node_venv_lib_python3_12_site-packages_pip__vendor --> node_venv_lib_python3_12_site-packages_pip__vendor_truststore["truststore"]\n    node_venv_lib_python3_12_site-packages_pip__vendor_truststore --> node_venv_lib_python3_12_site-packages_pip__vendor_truststore__api_py["_api.py"]\n    Root --> node_venv["venv"]\n    node_venv --> node_venv_lib["lib"]\n    node_venv_lib --> node_venv_lib_python3_12["python3.12"]\n    node_venv_lib_python3_12 --> node_venv_lib_python3_12_site-packages["site-packages"]\n    node_venv_lib_python3_12_site-packages --> node_venv_lib_python3_12_site-packages_pip["pip"]\n    node_venv_lib_python3_12_site-packages_pip --> node_venv_lib_python3_12_site-packages_pip__vendor["_vendor"]\n    node_venv_lib_python3_12_site-packages_pip__vendor --> node_venv_lib_python3_12_site-packages_pip__vendor_truststore["truststore"]\n    node_venv_lib_python3_12_site-packages_pip__vendor_truststore --> node_venv_lib_python3_12_site-packages_pip__vendor_truststore__macos_py["_macos.py"]\n    Root --> node_venv["venv"]\n    node_venv --> node_venv_lib["lib"]\n    node_venv_lib --> node_venv_lib_python3_12["python3.12"]\n    node_venv_lib_python3_12 --> node_venv_lib_python3_12_site-packages["site-packages"]\n    node_venv_lib_python3_12_site-packages --> node_venv_lib_python3_12_site-packages_pip["pip"]\n    node_venv_lib_python3_12_site-packages_pip --> node_venv_lib_python3_12_site-packages_pip__vendor["_vendor"]\n    node_venv_lib_python3_12_site-packages_pip__vendor --> node_venv_lib_python3_12_site-packages_pip__vendor_truststore["truststore"]\n    node_venv_lib_python3_12_site-packages_pip__vendor_truststore --> node_venv_lib_python3_12_site-packages_pip__vendor_truststore__openssl_py["_openssl.py"]\n    Root --> node_venv["venv"]\n    node_venv --> node_venv_lib["lib"]\n    node_venv_lib --> node_venv_lib_python3_12["python3.12"]\n    node_venv_lib_python3_12 --> node_venv_lib_python3_12_site-packages["site-packages"]\n    node_venv_lib_python3_12_site-packages --> node_venv_lib_python3_12_site-packages_pip["pip"]\n    node_venv_lib_python3_12_site-packages_pip --> node_venv_lib_python3_12_site-packages_pip__vendor["_vendor"]\n    node_venv_lib_python3_12_site-packages_pip__vendor --> node_venv_lib_python3_12_site-packages_pip__vendor_truststore["truststore"]\n    node_venv_lib_python3_12_site-packages_pip__vendor_truststore --> node_venv_lib_python3_12_site-packages_pip__vendor_truststore__ssl_constants_py["_ssl_constants.py"]\n    Root --> node_venv["venv"]\n    node_venv --> node_venv_lib["lib"]\n    node_venv_lib --> node_venv_lib_python3_12["python3.12"]\n    node_venv_lib_python3_12 --> node_venv_lib_python3_12_site-packages["site-packages"]\n    node_venv_lib_python3_12_site-packages --> node_venv_lib_python3_12_site-packages_pip["pip"]\n    node_venv_lib_python3_12_site-packages_pip --> node_venv_lib_python3_12_site-packages_pip__vendor["_vendor"]\n    node_venv_lib_python3_12_site-packages_pip__vendor --> node_venv_lib_python3_12_site-packages_pip__vendor_truststore["truststore"]\n    node_venv_lib_python3_12_site-packages_pip__vendor_truststore --> node_venv_lib_python3_12_site-packages_pip__vendor_truststore__windows_py["_windows.py"]\n    Root --> node_venv["venv"]\n    node_venv --> node_venv_lib["lib"]\n    node_venv_lib --> node_venv_lib_python3_12["python3.12"]\n    node_venv_lib_python3_12 --> node_venv_lib_python3_12_site-packages["site-packages"]\n    node_venv_lib_python3_12_site-packages --> node_venv_lib_python3_12_site-packages_pip["pip"]\n    node_venv_lib_python3_12_site-packages_pip --> node_venv_lib_python3_12_site-packages_pip__vendor["_vendor"]\n    node_venv_lib_python3_12_site-packages_pip__vendor --> node_venv_lib_python3_12_site-packages_pip__vendor_truststore["truststore"]\n    node_venv_lib_python3_12_site-packages_pip__vendor_truststore --> node_venv_lib_python3_12_site-packages_pip__vendor_truststore_py_typed["py.typed"]\n    Root --> node_venv["venv"]\n    node_venv --> node_venv_lib["lib"]\n    node_venv_lib --> node_venv_lib_python3_12["python3.12"]\n    node_venv_lib_python3_12 --> node_venv_lib_python3_12_site-packages["site-packages"]\n    node_venv_lib_python3_12_site-packages --> node_venv_lib_python3_12_site-packages_pip["pip"]\n    node_venv_lib_python3_12_site-packages_pip --> node_venv_lib_python3_12_site-packages_pip__vendor["_vendor"]\n    node_venv_lib_python3_12_site-packages_pip__vendor --> node_venv_lib_python3_12_site-packages_pip__vendor_msgpack["msgpack"]\n    node_venv_lib_python3_12_site-packages_pip__vendor_msgpack --> node_venv_lib_python3_12_site-packages_pip__vendor_msgpack___init___py["__init__.py"]\n    Root --> node_venv["venv"]\n    node_venv --> node_venv_lib["lib"]\n    node_venv_lib --> node_venv_lib_python3_12["python3.12"]\n    node_venv_lib_python3_12 --> node_venv_lib_python3_12_site-packages["site-packages"]\n    node_venv_lib_python3_12_site-packages --> node_venv_lib_python3_12_site-packages_pip["pip"]\n    node_venv_lib_python3_12_site-packages_pip --> node_venv_lib_python3_12_site-packages_pip__vendor["_vendor"]\n    node_venv_lib_python3_12_site-packages_pip__vendor --> node_venv_lib_python3_12_site-packages_pip__vendor_msgpack["msgpack"]\n    node_venv_lib_python3_12_site-packages_pip__vendor_msgpack --> node_venv_lib_python3_12_site-packages_pip__vendor_msgpack_exceptions_py["exceptions.py"]\n    Root --> node_venv["venv"]\n    node_venv --> node_venv_lib["lib"]\n    node_venv_lib --> node_venv_lib_python3_12["python3.12"]\n    node_venv_lib_python3_12 --> node_venv_lib_python3_12_site-packages["site-packages"]\n    node_venv_lib_python3_12_site-packages --> node_venv_lib_python3_12_site-packages_pip["pip"]\n    node_venv_lib_python3_12_site-packages_pip --> node_venv_lib_python3_12_site-packages_pip__vendor["_vendor"]\n    node_venv_lib_python3_12_site-packages_pip__vendor --> node_venv_lib_python3_12_site-packages_pip__vendor_msgpack["msgpack"]\n    node_venv_lib_python3_12_site-packages_pip__vendor_msgpack --> node_venv_lib_python3_12_site-packages_pip__vendor_msgpack_ext_py["ext.py"]\n    Root --> node_venv["venv"]\n    node_venv --> node_venv_lib["lib"]\n    node_venv_lib --> node_venv_lib_python3_12["python3.12"]\n    node_venv_lib_python3_12 --> node_venv_lib_python3_12_site-packages["site-packages"]\n    node_venv_lib_python3_12_site-packages --> node_venv_lib_python3_12_site-packages_pip["pip"]\n    node_venv_lib_python3_12_site-packages_pip --> node_venv_lib_python3_12_site-packages_pip__vendor["_vendor"]\n    node_venv_lib_python3_12_site-packages_pip__vendor --> node_venv_lib_python3_12_site-packages_pip__vendor_msgpack["msgpack"]\n    node_venv_lib_python3_12_site-packages_pip__vendor_msgpack --> node_venv_lib_python3_12_site-packages_pip__vendor_msgpack_fallback_py["fallback.py"]\n    Root --> node_venv["venv"]\n    node_venv --> node_venv_lib["lib"]\n    node_venv_lib --> node_venv_lib_python3_12["python3.12"]\n    node_venv_lib_python3_12 --> node_venv_lib_python3_12_site-packages["site-packages"]\n    node_venv_lib_python3_12_site-packages --> node_venv_lib_python3_12_site-packages_pip["pip"]\n    node_venv_lib_python3_12_site-packages_pip --> node_venv_lib_python3_12_site-packages_pip__vendor["_vendor"]\n    node_venv_lib_python3_12_site-packages_pip__vendor --> node_venv_lib_python3_12_site-packages_pip__vendor_pygments["pygments"]\n    node_venv_lib_python3_12_site-packages_pip__vendor_pygments --> node_venv_lib_python3_12_site-packages_pip__vendor_pygments___init___py["__init__.py"]\n    Root --> node_venv["venv"]\n    node_venv --> node_venv_lib["lib"]\n    node_venv_lib --> node_venv_lib_python3_12["python3.12"]\n    node_venv_lib_python3_12 --> node_venv_lib_python3_12_site-packages["site-packages"]\n    node_venv_lib_python3_12_site-packages --> node_venv_lib_python3_12_site-packages_pip["pip"]\n    node_venv_lib_python3_12_site-packages_pip --> node_venv_lib_python3_12_site-packages_pip__vendor["_vendor"]\n    node_venv_lib_python3_12_site-packages_pip__vendor --> node_venv_lib_python3_12_site-packages_pip__vendor_pygments["pygments"]\n    node_venv_lib_python3_12_site-packages_pip__vendor_pygments --> node_venv_lib_python3_12_site-packages_pip__vendor_pygments___main___py["__main__.py"]\n    Root --> node_venv["venv"]\n    node_venv --> node_venv_lib["lib"]\n    node_venv_lib --> node_venv_lib_python3_12["python3.12"]\n    node_venv_lib_python3_12 --> node_venv_lib_python3_12_site-packages["site-packages"]\n    node_venv_lib_python3_12_site-packages --> node_venv_lib_python3_12_site-packages_pip["pip"]\n    node_venv_lib_python3_12_site-packages_pip --> node_venv_lib_python3_12_site-packages_pip__vendor["_vendor"]\n    node_venv_lib_python3_12_site-packages_pip__vendor --> node_venv_lib_python3_12_site-packages_pip__vendor_pygments["pygments"]\n    node_venv_lib_python3_12_site-packages_pip__vendor_pygments --> node_venv_lib_python3_12_site-packages_pip__vendor_pygments_cmdline_py["cmdline.py"]\n    Root --> node_venv["venv"]\n    node_venv --> node_venv_lib["lib"]\n    node_venv_lib --> node_venv_lib_python3_12["python3.12"]\n    node_venv_lib_python3_12 --> node_venv_lib_python3_12_site-packages["site-packages"]\n    node_venv_lib_python3_12_site-packages --> node_venv_lib_python3_12_site-packages_pip["pip"]\n    node_venv_lib_python3_12_site-packages_pip --> node_venv_lib_python3_12_site-packages_pip__vendor["_vendor"]\n    node_venv_lib_python3_12_site-packages_pip__vendor --> node_venv_lib_python3_12_site-packages_pip__vendor_pygments["pygments"]\n    node_venv_lib_python3_12_site-packages_pip__vendor_pygments --> node_venv_lib_python3_12_site-packages_pip__vendor_pygments_console_py["console.py"]\n    Root --> node_venv["venv"]\n    node_venv --> node_venv_lib["lib"]\n    node_venv_lib --> node_venv_lib_python3_12["python3.12"]\n    node_venv_lib_python3_12 --> node_venv_lib_python3_12_site-packages["site-packages"]\n    node_venv_lib_python3_12_site-packages --> node_venv_lib_python3_12_site-packages_pip["pip"]\n    node_venv_lib_python3_12_site-packages_pip --> node_venv_lib_python3_12_site-packages_pip__vendor["_vendor"]\n    node_venv_lib_python3_12_site-packages_pip__vendor --> node_venv_lib_python3_12_site-packages_pip__vendor_pygments["pygments"]\n    node_venv_lib_python3_12_site-packages_pip__vendor_pygments --> node_venv_lib_python3_12_site-packages_pip__vendor_pygments_filter_py["filter.py"]\n    Root --> node_venv["venv"]\n    node_venv --> node_venv_lib["lib"]\n    node_venv_lib --> node_venv_lib_python3_12["python3.12"]\n    node_venv_lib_python3_12 --> node_venv_lib_python3_12_site-packages["site-packages"]\n    node_venv_lib_python3_12_site-packages --> node_venv_lib_python3_12_site-packages_pip["pip"]\n    node_venv_lib_python3_12_site-packages_pip --> node_venv_lib_python3_12_site-packages_pip__vendor["_vendor"]\n    node_venv_lib_python3_12_site-packages_pip__vendor --> node_venv_lib_python3_12_site-packages_pip__vendor_pygments["pygments"]\n    node_venv_lib_python3_12_site-packages_pip__vendor_pygments --> node_venv_lib_python3_12_site-packages_pip__vendor_pygments_formatter_py["formatter.py"]\n    Root --> node_venv["venv"]\n    node_venv --> node_venv_lib["lib"]\n    node_venv_lib --> node_venv_lib_python3_12["python3.12"]\n    node_venv_lib_python3_12 --> node_venv_lib_python3_12_site-packages["site-packages"]\n    node_venv_lib_python3_12_site-packages --> node_venv_lib_python3_12_site-packages_pip["pip"]\n    node_venv_lib_python3_12_site-packages_pip --> node_venv_lib_python3_12_site-packages_pip__vendor["_vendor"]\n    node_venv_lib_python3_12_site-packages_pip__vendor --> node_venv_lib_python3_12_site-packages_pip__vendor_pygments["pygments"]\n    node_venv_lib_python3_12_site-packages_pip__vendor_pygments --> node_venv_lib_python3_12_site-packages_pip__vendor_pygments_lexer_py["lexer.py"]\n    Root --> node_venv["venv"]\n    node_venv --> node_venv_lib["lib"]\n    node_venv_lib --> node_venv_lib_python3_12["python3.12"]\n    node_venv_lib_python3_12 --> node_venv_lib_python3_12_site-packages["site-packages"]\n    node_venv_lib_python3_12_site-packages --> node_venv_lib_python3_12_site-packages_pip["pip"]\n    node_venv_lib_python3_12_site-packages_pip --> node_venv_lib_python3_12_site-packages_pip__vendor["_vendor"]\n    node_venv_lib_python3_12_site-packages_pip__vendor --> node_venv_lib_python3_12_site-packages_pip__vendor_pygments["pygments"]\n    node_venv_lib_python3_12_site-packages_pip__vendor_pygments --> node_venv_lib_python3_12_site-packages_pip__vendor_pygments_modeline_py["modeline.py"]\n    Root --> node_venv["venv"]\n    node_venv --> node_venv_lib["lib"]\n    node_venv_lib --> node_venv_lib_python3_12["python3.12"]\n    node_venv_lib_python3_12 --> node_venv_lib_python3_12_site-packages["site-packages"]\n    node_venv_lib_python3_12_site-packages --> node_venv_lib_python3_12_site-packages_pip["pip"]\n    node_venv_lib_python3_12_site-packages_pip --> node_venv_lib_python3_12_site-packages_pip__vendor["_vendor"]\n    node_venv_lib_python3_12_site-packages_pip__vendor --> node_venv_lib_python3_12_site-packages_pip__vendor_pygments["pygments"]\n    node_venv_lib_python3_12_site-packages_pip__vendor_pygments --> node_venv_lib_python3_12_site-packages_pip__vendor_pygments_plugin_py["plugin.py"]\n    Root --> node_venv["venv"]\n    node_venv --> node_venv_lib["lib"]\n    node_venv_lib --> node_venv_lib_python3_12["python3.12"]\n    node_venv_lib_python3_12 --> node_venv_lib_python3_12_site-packages["site-packages"]\n    node_venv_lib_python3_12_site-packages --> node_venv_lib_python3_12_site-packages_pip["pip"]\n    node_venv_lib_python3_12_site-packages_pip --> node_venv_lib_python3_12_site-packages_pip__vendor["_vendor"]\n    node_venv_lib_python3_12_site-packages_pip__vendor --> node_venv_lib_python3_12_site-packages_pip__vendor_pygments["pygments"]\n    node_venv_lib_python3_12_site-packages_pip__vendor_pygments --> node_venv_lib_python3_12_site-packages_pip__vendor_pygments_regexopt_py["regexopt.py"]\n    Root --> node_venv["venv"]\n    node_venv --> node_venv_lib["lib"]\n    node_venv_lib --> node_venv_lib_python3_12["python3.12"]\n    node_venv_lib_python3_12 --> node_venv_lib_python3_12_site-packages["site-packages"]\n    node_venv_lib_python3_12_site-packages --> node_venv_lib_python3_12_site-packages_pip["pip"]\n    node_venv_lib_python3_12_site-packages_pip --> node_venv_lib_python3_12_site-packages_pip__vendor["_vendor"]\n    node_venv_lib_python3_12_site-packages_pip__vendor --> node_venv_lib_python3_12_site-packages_pip__vendor_pygments["pygments"]\n    node_venv_lib_python3_12_site-packages_pip__vendor_pygments --> node_venv_lib_python3_12_site-packages_pip__vendor_pygments_scanner_py["scanner.py"]\n    Root --> node_venv["venv"]\n    node_venv --> node_venv_lib["lib"]\n    node_venv_lib --> node_venv_lib_python3_12["python3.12"]\n    node_venv_lib_python3_12 --> node_venv_lib_python3_12_site-packages["site-packages"]\n    node_venv_lib_python3_12_site-packages --> node_venv_lib_python3_12_site-packages_pip["pip"]\n    node_venv_lib_python3_12_site-packages_pip --> node_venv_lib_python3_12_site-packages_pip__vendor["_vendor"]\n    node_venv_lib_python3_12_site-packages_pip__vendor --> node_venv_lib_python3_12_site-packages_pip__vendor_pygments["pygments"]\n    node_venv_lib_python3_12_site-packages_pip__vendor_pygments --> node_venv_lib_python3_12_site-packages_pip__vendor_pygments_sphinxext_py["sphinxext.py"]\n    Root --> node_venv["venv"]\n    node_venv --> node_venv_lib["lib"]\n    node_venv_lib --> node_venv_lib_python3_12["python3.12"]\n    node_venv_lib_python3_12 --> node_venv_lib_python3_12_site-packages["site-packages"]\n    node_venv_lib_python3_12_site-packages --> node_venv_lib_python3_12_site-packages_pip["pip"]\n    node_venv_lib_python3_12_site-packages_pip --> node_venv_lib_python3_12_site-packages_pip__vendor["_vendor"]\n    node_venv_lib_python3_12_site-packages_pip__vendor --> node_venv_lib_python3_12_site-packages_pip__vendor_pygments["pygments"]\n    node_venv_lib_python3_12_site-packages_pip__vendor_pygments --> node_venv_lib_python3_12_site-packages_pip__vendor_pygments_style_py["style.py"]\n    Root --> node_venv["venv"]\n    node_venv --> node_venv_lib["lib"]\n    node_venv_lib --> node_venv_lib_python3_12["python3.12"]\n    node_venv_lib_python3_12 --> node_venv_lib_python3_12_site-packages["site-packages"]\n    node_venv_lib_python3_12_site-packages --> node_venv_lib_python3_12_site-packages_pip["pip"]\n    node_venv_lib_python3_12_site-packages_pip --> node_venv_lib_python3_12_site-packages_pip__vendor["_vendor"]\n    node_venv_lib_python3_12_site-packages_pip__vendor --> node_venv_lib_python3_12_site-packages_pip__vendor_pygments["pygments"]\n    node_venv_lib_python3_12_site-packages_pip__vendor_pygments --> node_venv_lib_python3_12_site-packages_pip__vendor_pygments_token_py["token.py"]\n    Root --> node_venv["venv"]\n    node_venv --> node_venv_lib["lib"]\n    node_venv_lib --> node_venv_lib_python3_12["python3.12"]\n    node_venv_lib_python3_12 --> node_venv_lib_python3_12_site-packages["site-packages"]\n    node_venv_lib_python3_12_site-packages --> node_venv_lib_python3_12_site-packages_pip["pip"]\n    node_venv_lib_python3_12_site-packages_pip --> node_venv_lib_python3_12_site-packages_pip__vendor["_vendor"]\n    node_venv_lib_python3_12_site-packages_pip__vendor --> node_venv_lib_python3_12_site-packages_pip__vendor_pygments["pygments"]\n    node_venv_lib_python3_12_site-packages_pip__vendor_pygments --> node_venv_lib_python3_12_site-packages_pip__vendor_pygments_unistring_py["unistring.py"]\n    Root --> node_venv["venv"]\n    node_venv --> node_venv_lib["lib"]\n    node_venv_lib --> node_venv_lib_python3_12["python3.12"]\n    node_venv_lib_python3_12 --> node_venv_lib_python3_12_site-packages["site-packages"]\n    node_venv_lib_python3_12_site-packages --> node_venv_lib_python3_12_site-packages_pip["pip"]\n    node_venv_lib_python3_12_site-packages_pip --> node_venv_lib_python3_12_site-packages_pip__vendor["_vendor"]\n    node_venv_lib_python3_12_site-packages_pip__vendor --> node_venv_lib_python3_12_site-packages_pip__vendor_pygments["pygments"]\n    node_venv_lib_python3_12_site-packages_pip__vendor_pygments --> node_venv_lib_python3_12_site-packages_pip__vendor_pygments_util_py["util.py"]\n    Root --> node_venv["venv"]\n    node_venv --> node_venv_lib["lib"]\n    node_venv_lib --> node_venv_lib_python3_12["python3.12"]\n    node_venv_lib_python3_12 --> node_venv_lib_python3_12_site-packages["site-packages"]\n    node_venv_lib_python3_12_site-packages --> node_venv_lib_python3_12_site-packages_pip["pip"]\n    node_venv_lib_python3_12_site-packages_pip --> node_venv_lib_python3_12_site-packages_pip__vendor["_vendor"]\n    node_venv_lib_python3_12_site-packages_pip__vendor --> node_venv_lib_python3_12_site-packages_pip__vendor_pygments["pygments"]\n    node_venv_lib_python3_12_site-packages_pip__vendor_pygments --> node_venv_lib_python3_12_site-packages_pip__vendor_pygments_filters["filters"]\n    node_venv_lib_python3_12_site-packages_pip__vendor_pygments_filters --> node_venv_lib_python3_12_site-packages_pip__vendor_pygments_filters___init___py["__init__.py"]\n    Root --> node_venv["venv"]\n    node_venv --> node_venv_lib["lib"]\n    node_venv_lib --> node_venv_lib_python3_12["python3.12"]\n    node_venv_lib_python3_12 --> node_venv_lib_python3_12_site-packages["site-packages"]\n    node_venv_lib_python3_12_site-packages --> node_venv_lib_python3_12_site-packages_pip["pip"]\n    node_venv_lib_python3_12_site-packages_pip --> node_venv_lib_python3_12_site-packages_pip__vendor["_vendor"]\n    node_venv_lib_python3_12_site-packages_pip__vendor --> node_venv_lib_python3_12_site-packages_pip__vendor_pygments["pygments"]\n    node_venv_lib_python3_12_site-packages_pip__vendor_pygments --> node_venv_lib_python3_12_site-packages_pip__vendor_pygments_lexers["lexers"]\n    node_venv_lib_python3_12_site-packages_pip__vendor_pygments_lexers --> node_venv_lib_python3_12_site-packages_pip__vendor_pygments_lexers___init___py["__init__.py"]\n    Root --> node_venv["venv"]\n    node_venv --> node_venv_lib["lib"]\n    node_venv_lib --> node_venv_lib_python3_12["python3.12"]\n    node_venv_lib_python3_12 --> node_venv_lib_python3_12_site-packages["site-packages"]\n    node_venv_lib_python3_12_site-packages --> node_venv_lib_python3_12_site-packages_pip["pip"]\n    node_venv_lib_python3_12_site-packages_pip --> node_venv_lib_python3_12_site-packages_pip__vendor["_vendor"]\n    node_venv_lib_python3_12_site-packages_pip__vendor --> node_venv_lib_python3_12_site-packages_pip__vendor_pygments["pygments"]\n    node_venv_lib_python3_12_site-packages_pip__vendor_pygments --> node_venv_lib_python3_12_site-packages_pip__vendor_pygments_lexers["lexers"]\n    node_venv_lib_python3_12_site-packages_pip__vendor_pygments_lexers --> node_venv_lib_python3_12_site-packages_pip__vendor_pygments_lexers__mapping_py["_mapping.py"]\n    Root --> node_venv["venv"]\n    node_venv --> node_venv_lib["lib"]\n    node_venv_lib --> node_venv_lib_python3_12["python3.12"]\n    node_venv_lib_python3_12 --> node_venv_lib_python3_12_site-packages["site-packages"]\n    node_venv_lib_python3_12_site-packages --> node_venv_lib_python3_12_site-packages_pip["pip"]\n    node_venv_lib_python3_12_site-packages_pip --> node_venv_lib_python3_12_site-packages_pip__vendor["_vendor"]\n    node_venv_lib_python3_12_site-packages_pip__vendor --> node_venv_lib_python3_12_site-packages_pip__vendor_pygments["pygments"]\n    node_venv_lib_python3_12_site-packages_pip__vendor_pygments --> node_venv_lib_python3_12_site-packages_pip__vendor_pygments_lexers["lexers"]\n    node_venv_lib_python3_12_site-packages_pip__vendor_pygments_lexers --> node_venv_lib_python3_12_site-packages_pip__vendor_pygments_lexers_python_py["python.py"]\n    Root --> node_venv["venv"]\n    node_venv --> node_venv_lib["lib"]\n    node_venv_lib --> node_venv_lib_python3_12["python3.12"]\n    node_venv_lib_python3_12 --> node_venv_lib_python3_12_site-packages["site-packages"]\n    node_venv_lib_python3_12_site-packages --> node_venv_lib_python3_12_site-packages_pip["pip"]\n    node_venv_lib_python3_12_site-packages_pip --> node_venv_lib_python3_12_site-packages_pip__vendor["_vendor"]\n    node_venv_lib_python3_12_site-packages_pip__vendor --> node_venv_lib_python3_12_site-packages_pip__vendor_pygments["pygments"]\n    node_venv_lib_python3_12_site-packages_pip__vendor_pygments --> node_venv_lib_python3_12_site-packages_pip__vendor_pygments_formatters["formatters"]\n    node_venv_lib_python3_12_site-packages_pip__vendor_pygments_formatters --> node_venv_lib_python3_12_site-packages_pip__vendor_pygments_formatters___init___py["__init__.py"]\n    Root --> node_venv["venv"]\n    node_venv --> node_venv_lib["lib"]\n    node_venv_lib --> node_venv_lib_python3_12["python3.12"]\n    node_venv_lib_python3_12 --> node_venv_lib_python3_12_site-packages["site-packages"]\n    node_venv_lib_python3_12_site-packages --> node_venv_lib_python3_12_site-packages_pip["pip"]\n    node_venv_lib_python3_12_site-packages_pip --> node_venv_lib_python3_12_site-packages_pip__vendor["_vendor"]\n    node_venv_lib_python3_12_site-packages_pip__vendor --> node_venv_lib_python3_12_site-packages_pip__vendor_pygments["pygments"]\n    node_venv_lib_python3_12_site-packages_pip__vendor_pygments --> node_venv_lib_python3_12_site-packages_pip__vendor_pygments_formatters["formatters"]\n    node_venv_lib_python3_12_site-packages_pip__vendor_pygments_formatters --> node_venv_lib_python3_12_site-packages_pip__vendor_pygments_formatters__mapping_py["_mapping.py"]\n    Root --> node_venv["venv"]\n    node_venv --> node_venv_lib["lib"]\n    node_venv_lib --> node_venv_lib_python3_12["python3.12"]\n    node_venv_lib_python3_12 --> node_venv_lib_python3_12_site-packages["site-packages"]\n    node_venv_lib_python3_12_site-packages --> node_venv_lib_python3_12_site-packages_pip["pip"]\n    node_venv_lib_python3_12_site-packages_pip --> node_venv_lib_python3_12_site-packages_pip__vendor["_vendor"]\n    node_venv_lib_python3_12_site-packages_pip__vendor --> node_venv_lib_python3_12_site-packages_pip__vendor_pygments["pygments"]\n    node_venv_lib_python3_12_site-packages_pip__vendor_pygments --> node_venv_lib_python3_12_site-packages_pip__vendor_pygments_formatters["formatters"]\n    node_venv_lib_python3_12_site-packages_pip__vendor_pygments_formatters --> node_venv_lib_python3_12_site-packages_pip__vendor_pygments_formatters_bbcode_py["bbcode.py"]\n    Root --> node_venv["venv"]\n    node_venv --> node_venv_lib["lib"]\n    node_venv_lib --> node_venv_lib_python3_12["python3.12"]\n    node_venv_lib_python3_12 --> node_venv_lib_python3_12_site-packages["site-packages"]\n    node_venv_lib_python3_12_site-packages --> node_venv_lib_python3_12_site-packages_pip["pip"]\n    node_venv_lib_python3_12_site-packages_pip --> node_venv_lib_python3_12_site-packages_pip__vendor["_vendor"]\n    node_venv_lib_python3_12_site-packages_pip__vendor --> node_venv_lib_python3_12_site-packages_pip__vendor_pygments["pygments"]\n    node_venv_lib_python3_12_site-packages_pip__vendor_pygments --> node_venv_lib_python3_12_site-packages_pip__vendor_pygments_formatters["formatters"]\n    node_venv_lib_python3_12_site-packages_pip__vendor_pygments_formatters --> node_venv_lib_python3_12_site-packages_pip__vendor_pygments_formatters_groff_py["groff.py"]\n    Root --> node_venv["venv"]\n    node_venv --> node_venv_lib["lib"]\n    node_venv_lib --> node_venv_lib_python3_12["python3.12"]\n    node_venv_lib_python3_12 --> node_venv_lib_python3_12_site-packages["site-packages"]\n    node_venv_lib_python3_12_site-packages --> node_venv_lib_python3_12_site-packages_pip["pip"]\n    node_venv_lib_python3_12_site-packages_pip --> node_venv_lib_python3_12_site-packages_pip__vendor["_vendor"]\n    node_venv_lib_python3_12_site-packages_pip__vendor --> node_venv_lib_python3_12_site-packages_pip__vendor_pygments["pygments"]\n    node_venv_lib_python3_12_site-packages_pip__vendor_pygments --> node_venv_lib_python3_12_site-packages_pip__vendor_pygments_formatters["formatters"]\n    node_venv_lib_python3_12_site-packages_pip__vendor_pygments_formatters --> node_venv_lib_python3_12_site-packages_pip__vendor_pygments_formatters_html_py["html.py"]\n    Root --> node_venv["venv"]\n    node_venv --> node_venv_lib["lib"]\n    node_venv_lib --> node_venv_lib_python3_12["python3.12"]\n    node_venv_lib_python3_12 --> node_venv_lib_python3_12_site-packages["site-packages"]\n    node_venv_lib_python3_12_site-packages --> node_venv_lib_python3_12_site-packages_pip["pip"]\n    node_venv_lib_python3_12_site-packages_pip --> node_venv_lib_python3_12_site-packages_pip__vendor["_vendor"]\n    node_venv_lib_python3_12_site-packages_pip__vendor --> node_venv_lib_python3_12_site-packages_pip__vendor_pygments["pygments"]\n    node_venv_lib_python3_12_site-packages_pip__vendor_pygments --> node_venv_lib_python3_12_site-packages_pip__vendor_pygments_formatters["formatters"]\n    node_venv_lib_python3_12_site-packages_pip__vendor_pygments_formatters --> node_venv_lib_python3_12_site-packages_pip__vendor_pygments_formatters_img_py["img.py"]\n    Root --> node_venv["venv"]\n    node_venv --> node_venv_lib["lib"]\n    node_venv_lib --> node_venv_lib_python3_12["python3.12"]\n    node_venv_lib_python3_12 --> node_venv_lib_python3_12_site-packages["site-packages"]\n    node_venv_lib_python3_12_site-packages --> node_venv_lib_python3_12_site-packages_pip["pip"]\n    node_venv_lib_python3_12_site-packages_pip --> node_venv_lib_python3_12_site-packages_pip__vendor["_vendor"]\n    node_venv_lib_python3_12_site-packages_pip__vendor --> node_venv_lib_python3_12_site-packages_pip__vendor_pygments["pygments"]\n    node_venv_lib_python3_12_site-packages_pip__vendor_pygments --> node_venv_lib_python3_12_site-packages_pip__vendor_pygments_formatters["formatters"]\n    node_venv_lib_python3_12_site-packages_pip__vendor_pygments_formatters --> node_venv_lib_python3_12_site-packages_pip__vendor_pygments_formatters_irc_py["irc.py"]\n    Root --> node_venv["venv"]\n    node_venv --> node_venv_lib["lib"]\n    node_venv_lib --> node_venv_lib_python3_12["python3.12"]\n    node_venv_lib_python3_12 --> node_venv_lib_python3_12_site-packages["site-packages"]\n    node_venv_lib_python3_12_site-packages --> node_venv_lib_python3_12_site-packages_pip["pip"]\n    node_venv_lib_python3_12_site-packages_pip --> node_venv_lib_python3_12_site-packages_pip__vendor["_vendor"]\n    node_venv_lib_python3_12_site-packages_pip__vendor --> node_venv_lib_python3_12_site-packages_pip__vendor_pygments["pygments"]\n    node_venv_lib_python3_12_site-packages_pip__vendor_pygments --> node_venv_lib_python3_12_site-packages_pip__vendor_pygments_formatters["formatters"]\n    node_venv_lib_python3_12_site-packages_pip__vendor_pygments_formatters --> node_venv_lib_python3_12_site-packages_pip__vendor_pygments_formatters_latex_py["latex.py"]\n    Root --> node_venv["venv"]\n    node_venv --> node_venv_lib["lib"]\n    node_venv_lib --> node_venv_lib_python3_12["python3.12"]\n    node_venv_lib_python3_12 --> node_venv_lib_python3_12_site-packages["site-packages"]\n    node_venv_lib_python3_12_site-packages --> node_venv_lib_python3_12_site-packages_pip["pip"]\n    node_venv_lib_python3_12_site-packages_pip --> node_venv_lib_python3_12_site-packages_pip__vendor["_vendor"]\n    node_venv_lib_python3_12_site-packages_pip__vendor --> node_venv_lib_python3_12_site-packages_pip__vendor_pygments["pygments"]\n    node_venv_lib_python3_12_site-packages_pip__vendor_pygments --> node_venv_lib_python3_12_site-packages_pip__vendor_pygments_formatters["formatters"]\n    node_venv_lib_python3_12_site-packages_pip__vendor_pygments_formatters --> node_venv_lib_python3_12_site-packages_pip__vendor_pygments_formatters_other_py["other.py"]\n    Root --> node_venv["venv"]\n    node_venv --> node_venv_lib["lib"]\n    node_venv_lib --> node_venv_lib_python3_12["python3.12"]\n    node_venv_lib_python3_12 --> node_venv_lib_python3_12_site-packages["site-packages"]\n    node_venv_lib_python3_12_site-packages --> node_venv_lib_python3_12_site-packages_pip["pip"]\n    node_venv_lib_python3_12_site-packages_pip --> node_venv_lib_python3_12_site-packages_pip__vendor["_vendor"]\n    node_venv_lib_python3_12_site-packages_pip__vendor --> node_venv_lib_python3_12_site-packages_pip__vendor_pygments["pygments"]\n    node_venv_lib_python3_12_site-packages_pip__vendor_pygments --> node_venv_lib_python3_12_site-packages_pip__vendor_pygments_formatters["formatters"]\n    node_venv_lib_python3_12_site-packages_pip__vendor_pygments_formatters --> node_venv_lib_python3_12_site-packages_pip__vendor_pygments_formatters_pangomarkup_py["pangomarkup.py"]\n    Root --> node_venv["venv"]\n    node_venv --> node_venv_lib["lib"]\n    node_venv_lib --> node_venv_lib_python3_12["python3.12"]\n    node_venv_lib_python3_12 --> node_venv_lib_python3_12_site-packages["site-packages"]\n    node_venv_lib_python3_12_site-packages --> node_venv_lib_python3_12_site-packages_pip["pip"]\n    node_venv_lib_python3_12_site-packages_pip --> node_venv_lib_python3_12_site-packages_pip__vendor["_vendor"]\n    node_venv_lib_python3_12_site-packages_pip__vendor --> node_venv_lib_python3_12_site-packages_pip__vendor_pygments["pygments"]\n    node_venv_lib_python3_12_site-packages_pip__vendor_pygments --> node_venv_lib_python3_12_site-packages_pip__vendor_pygments_formatters["formatters"]\n    node_venv_lib_python3_12_site-packages_pip__vendor_pygments_formatters --> node_venv_lib_python3_12_site-packages_pip__vendor_pygments_formatters_rtf_py["rtf.py"]\n    Root --> node_venv["venv"]\n    node_venv --> node_venv_lib["lib"]\n    node_venv_lib --> node_venv_lib_python3_12["python3.12"]\n    node_venv_lib_python3_12 --> node_venv_lib_python3_12_site-packages["site-packages"]\n    node_venv_lib_python3_12_site-packages --> node_venv_lib_python3_12_site-packages_pip["pip"]\n    node_venv_lib_python3_12_site-packages_pip --> node_venv_lib_python3_12_site-packages_pip__vendor["_vendor"]\n    node_venv_lib_python3_12_site-packages_pip__vendor --> node_venv_lib_python3_12_site-packages_pip__vendor_pygments["pygments"]\n    node_venv_lib_python3_12_site-packages_pip__vendor_pygments --> node_venv_lib_python3_12_site-packages_pip__vendor_pygments_formatters["formatters"]\n    node_venv_lib_python3_12_site-packages_pip__vendor_pygments_formatters --> node_venv_lib_python3_12_site-packages_pip__vendor_pygments_formatters_svg_py["svg.py"]\n    Root --> node_venv["venv"]\n    node_venv --> node_venv_lib["lib"]\n    node_venv_lib --> node_venv_lib_python3_12["python3.12"]\n    node_venv_lib_python3_12 --> node_venv_lib_python3_12_site-packages["site-packages"]\n    node_venv_lib_python3_12_site-packages --> node_venv_lib_python3_12_site-packages_pip["pip"]\n    node_venv_lib_python3_12_site-packages_pip --> node_venv_lib_python3_12_site-packages_pip__vendor["_vendor"]\n    node_venv_lib_python3_12_site-packages_pip__vendor --> node_venv_lib_python3_12_site-packages_pip__vendor_pygments["pygments"]\n    node_venv_lib_python3_12_site-packages_pip__vendor_pygments --> node_venv_lib_python3_12_site-packages_pip__vendor_pygments_formatters["formatters"]\n    node_venv_lib_python3_12_site-packages_pip__vendor_pygments_formatters --> node_venv_lib_python3_12_site-packages_pip__vendor_pygments_formatters_terminal_py["terminal.py"]\n    Root --> node_venv["venv"]\n    node_venv --> node_venv_lib["lib"]\n    node_venv_lib --> node_venv_lib_python3_12["python3.12"]\n    node_venv_lib_python3_12 --> node_venv_lib_python3_12_site-packages["site-packages"]\n    node_venv_lib_python3_12_site-packages --> node_venv_lib_python3_12_site-packages_pip["pip"]\n    node_venv_lib_python3_12_site-packages_pip --> node_venv_lib_python3_12_site-packages_pip__vendor["_vendor"]\n    node_venv_lib_python3_12_site-packages_pip__vendor --> node_venv_lib_python3_12_site-packages_pip__vendor_pygments["pygments"]\n    node_venv_lib_python3_12_site-packages_pip__vendor_pygments --> node_venv_lib_python3_12_site-packages_pip__vendor_pygments_formatters["formatters"]\n    node_venv_lib_python3_12_site-packages_pip__vendor_pygments_formatters --> node_venv_lib_python3_12_site-packages_pip__vendor_pygments_formatters_terminal256_py["terminal256.py"]\n    Root --> node_venv["venv"]\n    node_venv --> node_venv_lib["lib"]\n    node_venv_lib --> node_venv_lib_python3_12["python3.12"]\n    node_venv_lib_python3_12 --> node_venv_lib_python3_12_site-packages["site-packages"]\n    node_venv_lib_python3_12_site-packages --> node_venv_lib_python3_12_site-packages_pip["pip"]\n    node_venv_lib_python3_12_site-packages_pip --> node_venv_lib_python3_12_site-packages_pip__vendor["_vendor"]\n    node_venv_lib_python3_12_site-packages_pip__vendor --> node_venv_lib_python3_12_site-packages_pip__vendor_pygments["pygments"]\n    node_venv_lib_python3_12_site-packages_pip__vendor_pygments --> node_venv_lib_python3_12_site-packages_pip__vendor_pygments_styles["styles"]\n    node_venv_lib_python3_12_site-packages_pip__vendor_pygments_styles --> node_venv_lib_python3_12_site-packages_pip__vendor_pygments_styles___init___py["__init__.py"]\n    Root --> node_venv["venv"]\n    node_venv --> node_venv_lib["lib"]\n    node_venv_lib --> node_venv_lib_python3_12["python3.12"]\n    node_venv_lib_python3_12 --> node_venv_lib_python3_12_site-packages["site-packages"]\n    node_venv_lib_python3_12_site-packages --> node_venv_lib_python3_12_site-packages_pip["pip"]\n    node_venv_lib_python3_12_site-packages_pip --> node_venv_lib_python3_12_site-packages_pip__vendor["_vendor"]\n    node_venv_lib_python3_12_site-packages_pip__vendor --> node_venv_lib_python3_12_site-packages_pip__vendor_pygments["pygments"]\n    node_venv_lib_python3_12_site-packages_pip__vendor_pygments --> node_venv_lib_python3_12_site-packages_pip__vendor_pygments_styles["styles"]\n    node_venv_lib_python3_12_site-packages_pip__vendor_pygments_styles --> node_venv_lib_python3_12_site-packages_pip__vendor_pygments_styles__mapping_py["_mapping.py"]\n    Root --> node_venv["venv"]\n    node_venv --> node_venv_lib["lib"]\n    node_venv_lib --> node_venv_lib_python3_12["python3.12"]\n    node_venv_lib_python3_12 --> node_venv_lib_python3_12_site-packages["site-packages"]\n    node_venv_lib_python3_12_site-packages --> node_venv_lib_python3_12_site-packages_pip["pip"]\n    node_venv_lib_python3_12_site-packages_pip --> node_venv_lib_python3_12_site-packages_pip__vendor["_vendor"]\n    node_venv_lib_python3_12_site-packages_pip__vendor --> node_venv_lib_python3_12_site-packages_pip__vendor_distlib["distlib"]\n    node_venv_lib_python3_12_site-packages_pip__vendor_distlib --> node_venv_lib_python3_12_site-packages_pip__vendor_distlib___init___py["__init__.py"]\n    Root --> node_venv["venv"]\n    node_venv --> node_venv_lib["lib"]\n    node_venv_lib --> node_venv_lib_python3_12["python3.12"]\n    node_venv_lib_python3_12 --> node_venv_lib_python3_12_site-packages["site-packages"]\n    node_venv_lib_python3_12_site-packages --> node_venv_lib_python3_12_site-packages_pip["pip"]\n    node_venv_lib_python3_12_site-packages_pip --> node_venv_lib_python3_12_site-packages_pip__vendor["_vendor"]\n    node_venv_lib_python3_12_site-packages_pip__vendor --> node_venv_lib_python3_12_site-packages_pip__vendor_distlib["distlib"]\n    node_venv_lib_python3_12_site-packages_pip__vendor_distlib --> node_venv_lib_python3_12_site-packages_pip__vendor_distlib_compat_py["compat.py"]\n    Root --> node_venv["venv"]\n    node_venv --> node_venv_lib["lib"]\n    node_venv_lib --> node_venv_lib_python3_12["python3.12"]\n    node_venv_lib_python3_12 --> node_venv_lib_python3_12_site-packages["site-packages"]\n    node_venv_lib_python3_12_site-packages --> node_venv_lib_python3_12_site-packages_pip["pip"]\n    node_venv_lib_python3_12_site-packages_pip --> node_venv_lib_python3_12_site-packages_pip__vendor["_vendor"]\n    node_venv_lib_python3_12_site-packages_pip__vendor --> node_venv_lib_python3_12_site-packages_pip__vendor_distlib["distlib"]\n    node_venv_lib_python3_12_site-packages_pip__vendor_distlib --> node_venv_lib_python3_12_site-packages_pip__vendor_distlib_database_py["database.py"]\n    Root --> node_venv["venv"]\n    node_venv --> node_venv_lib["lib"]\n    node_venv_lib --> node_venv_lib_python3_12["python3.12"]\n    node_venv_lib_python3_12 --> node_venv_lib_python3_12_site-packages["site-packages"]\n    node_venv_lib_python3_12_site-packages --> node_venv_lib_python3_12_site-packages_pip["pip"]\n    node_venv_lib_python3_12_site-packages_pip --> node_venv_lib_python3_12_site-packages_pip__vendor["_vendor"]\n    node_venv_lib_python3_12_site-packages_pip__vendor --> node_venv_lib_python3_12_site-packages_pip__vendor_distlib["distlib"]\n    node_venv_lib_python3_12_site-packages_pip__vendor_distlib --> node_venv_lib_python3_12_site-packages_pip__vendor_distlib_index_py["index.py"]\n    Root --> node_venv["venv"]\n    node_venv --> node_venv_lib["lib"]\n    node_venv_lib --> node_venv_lib_python3_12["python3.12"]\n    node_venv_lib_python3_12 --> node_venv_lib_python3_12_site-packages["site-packages"]\n    node_venv_lib_python3_12_site-packages --> node_venv_lib_python3_12_site-packages_pip["pip"]\n    node_venv_lib_python3_12_site-packages_pip --> node_venv_lib_python3_12_site-packages_pip__vendor["_vendor"]\n    node_venv_lib_python3_12_site-packages_pip__vendor --> node_venv_lib_python3_12_site-packages_pip__vendor_distlib["distlib"]\n    node_venv_lib_python3_12_site-packages_pip__vendor_distlib --> node_venv_lib_python3_12_site-packages_pip__vendor_distlib_locators_py["locators.py"]\n    Root --> node_venv["venv"]\n    node_venv --> node_venv_lib["lib"]\n    node_venv_lib --> node_venv_lib_python3_12["python3.12"]\n    node_venv_lib_python3_12 --> node_venv_lib_python3_12_site-packages["site-packages"]\n    node_venv_lib_python3_12_site-packages --> node_venv_lib_python3_12_site-packages_pip["pip"]\n    node_venv_lib_python3_12_site-packages_pip --> node_venv_lib_python3_12_site-packages_pip__vendor["_vendor"]\n    node_venv_lib_python3_12_site-packages_pip__vendor --> node_venv_lib_python3_12_site-packages_pip__vendor_distlib["distlib"]\n    node_venv_lib_python3_12_site-packages_pip__vendor_distlib --> node_venv_lib_python3_12_site-packages_pip__vendor_distlib_manifest_py["manifest.py"]\n    Root --> node_venv["venv"]\n    node_venv --> node_venv_lib["lib"]\n    node_venv_lib --> node_venv_lib_python3_12["python3.12"]\n    node_venv_lib_python3_12 --> node_venv_lib_python3_12_site-packages["site-packages"]\n    node_venv_lib_python3_12_site-packages --> node_venv_lib_python3_12_site-packages_pip["pip"]\n    node_venv_lib_python3_12_site-packages_pip --> node_venv_lib_python3_12_site-packages_pip__vendor["_vendor"]\n    node_venv_lib_python3_12_site-packages_pip__vendor --> node_venv_lib_python3_12_site-packages_pip__vendor_distlib["distlib"]\n    node_venv_lib_python3_12_site-packages_pip__vendor_distlib --> node_venv_lib_python3_12_site-packages_pip__vendor_distlib_markers_py["markers.py"]\n    Root --> node_venv["venv"]\n    node_venv --> node_venv_lib["lib"]\n    node_venv_lib --> node_venv_lib_python3_12["python3.12"]\n    node_venv_lib_python3_12 --> node_venv_lib_python3_12_site-packages["site-packages"]\n    node_venv_lib_python3_12_site-packages --> node_venv_lib_python3_12_site-packages_pip["pip"]\n    node_venv_lib_python3_12_site-packages_pip --> node_venv_lib_python3_12_site-packages_pip__vendor["_vendor"]\n    node_venv_lib_python3_12_site-packages_pip__vendor --> node_venv_lib_python3_12_site-packages_pip__vendor_distlib["distlib"]\n    node_venv_lib_python3_12_site-packages_pip__vendor_distlib --> node_venv_lib_python3_12_site-packages_pip__vendor_distlib_metadata_py["metadata.py"]\n    Root --> node_venv["venv"]\n    node_venv --> node_venv_lib["lib"]\n    node_venv_lib --> node_venv_lib_python3_12["python3.12"]\n    node_venv_lib_python3_12 --> node_venv_lib_python3_12_site-packages["site-packages"]\n    node_venv_lib_python3_12_site-packages --> node_venv_lib_python3_12_site-packages_pip["pip"]\n    node_venv_lib_python3_12_site-packages_pip --> node_venv_lib_python3_12_site-packages_pip__vendor["_vendor"]\n    node_venv_lib_python3_12_site-packages_pip__vendor --> node_venv_lib_python3_12_site-packages_pip__vendor_distlib["distlib"]\n    node_venv_lib_python3_12_site-packages_pip__vendor_distlib --> node_venv_lib_python3_12_site-packages_pip__vendor_distlib_resources_py["resources.py"]\n    Root --> node_venv["venv"]\n    node_venv --> node_venv_lib["lib"]\n    node_venv_lib --> node_venv_lib_python3_12["python3.12"]\n    node_venv_lib_python3_12 --> node_venv_lib_python3_12_site-packages["site-packages"]\n    node_venv_lib_python3_12_site-packages --> node_venv_lib_python3_12_site-packages_pip["pip"]\n    node_venv_lib_python3_12_site-packages_pip --> node_venv_lib_python3_12_site-packages_pip__vendor["_vendor"]\n    node_venv_lib_python3_12_site-packages_pip__vendor --> node_venv_lib_python3_12_site-packages_pip__vendor_distlib["distlib"]\n    node_venv_lib_python3_12_site-packages_pip__vendor_distlib --> node_venv_lib_python3_12_site-packages_pip__vendor_distlib_scripts_py["scripts.py"]\n    Root --> node_venv["venv"]\n    node_venv --> node_venv_lib["lib"]\n    node_venv_lib --> node_venv_lib_python3_12["python3.12"]\n    node_venv_lib_python3_12 --> node_venv_lib_python3_12_site-packages["site-packages"]\n    node_venv_lib_python3_12_site-packages --> node_venv_lib_python3_12_site-packages_pip["pip"]\n    node_venv_lib_python3_12_site-packages_pip --> node_venv_lib_python3_12_site-packages_pip__vendor["_vendor"]\n    node_venv_lib_python3_12_site-packages_pip__vendor --> node_venv_lib_python3_12_site-packages_pip__vendor_distlib["distlib"]\n    node_venv_lib_python3_12_site-packages_pip__vendor_distlib --> node_venv_lib_python3_12_site-packages_pip__vendor_distlib_t32_exe["t32.exe"]\n    Root --> node_venv["venv"]\n    node_venv --> node_venv_lib["lib"]\n    node_venv_lib --> node_venv_lib_python3_12["python3.12"]\n    node_venv_lib_python3_12 --> node_venv_lib_python3_12_site-packages["site-packages"]\n    node_venv_lib_python3_12_site-packages --> node_venv_lib_python3_12_site-packages_pip["pip"]\n    node_venv_lib_python3_12_site-packages_pip --> node_venv_lib_python3_12_site-packages_pip__vendor["_vendor"]\n    node_venv_lib_python3_12_site-packages_pip__vendor --> node_venv_lib_python3_12_site-packages_pip__vendor_distlib["distlib"]\n    node_venv_lib_python3_12_site-packages_pip__vendor_distlib --> node_venv_lib_python3_12_site-packages_pip__vendor_distlib_t64-arm_exe["t64-arm.exe"]\n    Root --> node_venv["venv"]\n    node_venv --> node_venv_lib["lib"]\n    node_venv_lib --> node_venv_lib_python3_12["python3.12"]\n    node_venv_lib_python3_12 --> node_venv_lib_python3_12_site-packages["site-packages"]\n    node_venv_lib_python3_12_site-packages --> node_venv_lib_python3_12_site-packages_pip["pip"]\n    node_venv_lib_python3_12_site-packages_pip --> node_venv_lib_python3_12_site-packages_pip__vendor["_vendor"]\n    node_venv_lib_python3_12_site-packages_pip__vendor --> node_venv_lib_python3_12_site-packages_pip__vendor_distlib["distlib"]\n    node_venv_lib_python3_12_site-packages_pip__vendor_distlib --> node_venv_lib_python3_12_site-packages_pip__vendor_distlib_t64_exe["t64.exe"]\n    Root --> node_venv["venv"]\n    node_venv --> node_venv_lib["lib"]\n    node_venv_lib --> node_venv_lib_python3_12["python3.12"]\n    node_venv_lib_python3_12 --> node_venv_lib_python3_12_site-packages["site-packages"]\n    node_venv_lib_python3_12_site-packages --> node_venv_lib_python3_12_site-packages_pip["pip"]\n    node_venv_lib_python3_12_site-packages_pip --> node_venv_lib_python3_12_site-packages_pip__vendor["_vendor"]\n    node_venv_lib_python3_12_site-packages_pip__vendor --> node_venv_lib_python3_12_site-packages_pip__vendor_distlib["distlib"]\n    node_venv_lib_python3_12_site-packages_pip__vendor_distlib --> node_venv_lib_python3_12_site-packages_pip__vendor_distlib_util_py["util.py"]\n    Root --> node_venv["venv"]\n    node_venv --> node_venv_lib["lib"]\n    node_venv_lib --> node_venv_lib_python3_12["python3.12"]\n    node_venv_lib_python3_12 --> node_venv_lib_python3_12_site-packages["site-packages"]\n    node_venv_lib_python3_12_site-packages --> node_venv_lib_python3_12_site-packages_pip["pip"]\n    node_venv_lib_python3_12_site-packages_pip --> node_venv_lib_python3_12_site-packages_pip__vendor["_vendor"]\n    node_venv_lib_python3_12_site-packages_pip__vendor --> node_venv_lib_python3_12_site-packages_pip__vendor_distlib["distlib"]\n    node_venv_lib_python3_12_site-packages_pip__vendor_distlib --> node_venv_lib_python3_12_site-packages_pip__vendor_distlib_version_py["version.py"]\n    Root --> node_venv["venv"]\n    node_venv --> node_venv_lib["lib"]\n    node_venv_lib --> node_venv_lib_python3_12["python3.12"]\n    node_venv_lib_python3_12 --> node_venv_lib_python3_12_site-packages["site-packages"]\n    node_venv_lib_python3_12_site-packages --> node_venv_lib_python3_12_site-packages_pip["pip"]\n    node_venv_lib_python3_12_site-packages_pip --> node_venv_lib_python3_12_site-packages_pip__vendor["_vendor"]\n    node_venv_lib_python3_12_site-packages_pip__vendor --> node_venv_lib_python3_12_site-packages_pip__vendor_distlib["distlib"]\n    node_venv_lib_python3_12_site-packages_pip__vendor_distlib --> node_venv_lib_python3_12_site-packages_pip__vendor_distlib_w32_exe["w32.exe"]\n    Root --> node_venv["venv"]\n    node_venv --> node_venv_lib["lib"]\n    node_venv_lib --> node_venv_lib_python3_12["python3.12"]\n    node_venv_lib_python3_12 --> node_venv_lib_python3_12_site-packages["site-packages"]\n    node_venv_lib_python3_12_site-packages --> node_venv_lib_python3_12_site-packages_pip["pip"]\n    node_venv_lib_python3_12_site-packages_pip --> node_venv_lib_python3_12_site-packages_pip__vendor["_vendor"]\n    node_venv_lib_python3_12_site-packages_pip__vendor --> node_venv_lib_python3_12_site-packages_pip__vendor_distlib["distlib"]\n    node_venv_lib_python3_12_site-packages_pip__vendor_distlib --> node_venv_lib_python3_12_site-packages_pip__vendor_distlib_w64-arm_exe["w64-arm.exe"]\n    Root --> node_venv["venv"]\n    node_venv --> node_venv_lib["lib"]\n    node_venv_lib --> node_venv_lib_python3_12["python3.12"]\n    node_venv_lib_python3_12 --> node_venv_lib_python3_12_site-packages["site-packages"]\n    node_venv_lib_python3_12_site-packages --> node_venv_lib_python3_12_site-packages_pip["pip"]\n    node_venv_lib_python3_12_site-packages_pip --> node_venv_lib_python3_12_site-packages_pip__vendor["_vendor"]\n    node_venv_lib_python3_12_site-packages_pip__vendor --> node_venv_lib_python3_12_site-packages_pip__vendor_distlib["distlib"]\n    node_venv_lib_python3_12_site-packages_pip__vendor_distlib --> node_venv_lib_python3_12_site-packages_pip__vendor_distlib_w64_exe["w64.exe"]\n    Root --> node_venv["venv"]\n    node_venv --> node_venv_lib["lib"]\n    node_venv_lib --> node_venv_lib_python3_12["python3.12"]\n    node_venv_lib_python3_12 --> node_venv_lib_python3_12_site-packages["site-packages"]\n    node_venv_lib_python3_12_site-packages --> node_venv_lib_python3_12_site-packages_pip["pip"]\n    node_venv_lib_python3_12_site-packages_pip --> node_venv_lib_python3_12_site-packages_pip__vendor["_vendor"]\n    node_venv_lib_python3_12_site-packages_pip__vendor --> node_venv_lib_python3_12_site-packages_pip__vendor_distlib["distlib"]\n    node_venv_lib_python3_12_site-packages_pip__vendor_distlib --> node_venv_lib_python3_12_site-packages_pip__vendor_distlib_wheel_py["wheel.py"]\n    Root --> node_venv["venv"]\n    node_venv --> node_venv_lib["lib"]\n    node_venv_lib --> node_venv_lib_python3_12["python3.12"]\n    node_venv_lib_python3_12 --> node_venv_lib_python3_12_site-packages["site-packages"]\n    node_venv_lib_python3_12_site-packages --> node_venv_lib_python3_12_site-packages_pip["pip"]\n    node_venv_lib_python3_12_site-packages_pip --> node_venv_lib_python3_12_site-packages_pip__vendor["_vendor"]\n    node_venv_lib_python3_12_site-packages_pip__vendor --> node_venv_lib_python3_12_site-packages_pip__vendor_distro["distro"]\n    node_venv_lib_python3_12_site-packages_pip__vendor_distro --> node_venv_lib_python3_12_site-packages_pip__vendor_distro___init___py["__init__.py"]\n    Root --> node_venv["venv"]\n    node_venv --> node_venv_lib["lib"]\n    node_venv_lib --> node_venv_lib_python3_12["python3.12"]\n    node_venv_lib_python3_12 --> node_venv_lib_python3_12_site-packages["site-packages"]\n    node_venv_lib_python3_12_site-packages --> node_venv_lib_python3_12_site-packages_pip["pip"]\n    node_venv_lib_python3_12_site-packages_pip --> node_venv_lib_python3_12_site-packages_pip__vendor["_vendor"]\n    node_venv_lib_python3_12_site-packages_pip__vendor --> node_venv_lib_python3_12_site-packages_pip__vendor_distro["distro"]\n    node_venv_lib_python3_12_site-packages_pip__vendor_distro --> node_venv_lib_python3_12_site-packages_pip__vendor_distro___main___py["__main__.py"]\n    Root --> node_venv["venv"]\n    node_venv --> node_venv_lib["lib"]\n    node_venv_lib --> node_venv_lib_python3_12["python3.12"]\n    node_venv_lib_python3_12 --> node_venv_lib_python3_12_site-packages["site-packages"]\n    node_venv_lib_python3_12_site-packages --> node_venv_lib_python3_12_site-packages_pip["pip"]\n    node_venv_lib_python3_12_site-packages_pip --> node_venv_lib_python3_12_site-packages_pip__vendor["_vendor"]\n    node_venv_lib_python3_12_site-packages_pip__vendor --> node_venv_lib_python3_12_site-packages_pip__vendor_distro["distro"]\n    node_venv_lib_python3_12_site-packages_pip__vendor_distro --> node_venv_lib_python3_12_site-packages_pip__vendor_distro_distro_py["distro.py"]\n    Root --> node_venv["venv"]\n    node_venv --> node_venv_lib["lib"]\n    node_venv_lib --> node_venv_lib_python3_12["python3.12"]\n    node_venv_lib_python3_12 --> node_venv_lib_python3_12_site-packages["site-packages"]\n    node_venv_lib_python3_12_site-packages --> node_venv_lib_python3_12_site-packages_pip["pip"]\n    node_venv_lib_python3_12_site-packages_pip --> node_venv_lib_python3_12_site-packages_pip__vendor["_vendor"]\n    node_venv_lib_python3_12_site-packages_pip__vendor --> node_venv_lib_python3_12_site-packages_pip__vendor_distro["distro"]\n    node_venv_lib_python3_12_site-packages_pip__vendor_distro --> node_venv_lib_python3_12_site-packages_pip__vendor_distro_py_typed["py.typed"]\n    Root --> node_venv["venv"]\n    node_venv --> node_venv_lib["lib"]\n    node_venv_lib --> node_venv_lib_python3_12["python3.12"]\n    node_venv_lib_python3_12 --> node_venv_lib_python3_12_site-packages["site-packages"]\n    node_venv_lib_python3_12_site-packages --> node_venv_lib_python3_12_site-packages_pip["pip"]\n    node_venv_lib_python3_12_site-packages_pip --> node_venv_lib_python3_12_site-packages_pip__vendor["_vendor"]\n    node_venv_lib_python3_12_site-packages_pip__vendor --> node_venv_lib_python3_12_site-packages_pip__vendor_cachecontrol["cachecontrol"]\n    node_venv_lib_python3_12_site-packages_pip__vendor_cachecontrol --> node_venv_lib_python3_12_site-packages_pip__vendor_cachecontrol___init___py["__init__.py"]\n    Root --> node_venv["venv"]\n    node_venv --> node_venv_lib["lib"]\n    node_venv_lib --> node_venv_lib_python3_12["python3.12"]\n    node_venv_lib_python3_12 --> node_venv_lib_python3_12_site-packages["site-packages"]\n    node_venv_lib_python3_12_site-packages --> node_venv_lib_python3_12_site-packages_pip["pip"]\n    node_venv_lib_python3_12_site-packages_pip --> node_venv_lib_python3_12_site-packages_pip__vendor["_vendor"]\n    node_venv_lib_python3_12_site-packages_pip__vendor --> node_venv_lib_python3_12_site-packages_pip__vendor_cachecontrol["cachecontrol"]\n    node_venv_lib_python3_12_site-packages_pip__vendor_cachecontrol --> node_venv_lib_python3_12_site-packages_pip__vendor_cachecontrol__cmd_py["_cmd.py"]\n    Root --> node_venv["venv"]\n    node_venv --> node_venv_lib["lib"]\n    node_venv_lib --> node_venv_lib_python3_12["python3.12"]\n    node_venv_lib_python3_12 --> node_venv_lib_python3_12_site-packages["site-packages"]\n    node_venv_lib_python3_12_site-packages --> node_venv_lib_python3_12_site-packages_pip["pip"]\n    node_venv_lib_python3_12_site-packages_pip --> node_venv_lib_python3_12_site-packages_pip__vendor["_vendor"]\n    node_venv_lib_python3_12_site-packages_pip__vendor --> node_venv_lib_python3_12_site-packages_pip__vendor_cachecontrol["cachecontrol"]\n    node_venv_lib_python3_12_site-packages_pip__vendor_cachecontrol --> node_venv_lib_python3_12_site-packages_pip__vendor_cachecontrol_adapter_py["adapter.py"]\n    Root --> node_venv["venv"]\n    node_venv --> node_venv_lib["lib"]\n    node_venv_lib --> node_venv_lib_python3_12["python3.12"]\n    node_venv_lib_python3_12 --> node_venv_lib_python3_12_site-packages["site-packages"]\n    node_venv_lib_python3_12_site-packages --> node_venv_lib_python3_12_site-packages_pip["pip"]\n    node_venv_lib_python3_12_site-packages_pip --> node_venv_lib_python3_12_site-packages_pip__vendor["_vendor"]\n    node_venv_lib_python3_12_site-packages_pip__vendor --> node_venv_lib_python3_12_site-packages_pip__vendor_cachecontrol["cachecontrol"]\n    node_venv_lib_python3_12_site-packages_pip__vendor_cachecontrol --> node_venv_lib_python3_12_site-packages_pip__vendor_cachecontrol_cache_py["cache.py"]\n    Root --> node_venv["venv"]\n    node_venv --> node_venv_lib["lib"]\n    node_venv_lib --> node_venv_lib_python3_12["python3.12"]\n    node_venv_lib_python3_12 --> node_venv_lib_python3_12_site-packages["site-packages"]\n    node_venv_lib_python3_12_site-packages --> node_venv_lib_python3_12_site-packages_pip["pip"]\n    node_venv_lib_python3_12_site-packages_pip --> node_venv_lib_python3_12_site-packages_pip__vendor["_vendor"]\n    node_venv_lib_python3_12_site-packages_pip__vendor --> node_venv_lib_python3_12_site-packages_pip__vendor_cachecontrol["cachecontrol"]\n    node_venv_lib_python3_12_site-packages_pip__vendor_cachecontrol --> node_venv_lib_python3_12_site-packages_pip__vendor_cachecontrol_controller_py["controller.py"]\n    Root --> node_venv["venv"]\n    node_venv --> node_venv_lib["lib"]\n    node_venv_lib --> node_venv_lib_python3_12["python3.12"]\n    node_venv_lib_python3_12 --> node_venv_lib_python3_12_site-packages["site-packages"]\n    node_venv_lib_python3_12_site-packages --> node_venv_lib_python3_12_site-packages_pip["pip"]\n    node_venv_lib_python3_12_site-packages_pip --> node_venv_lib_python3_12_site-packages_pip__vendor["_vendor"]\n    node_venv_lib_python3_12_site-packages_pip__vendor --> node_venv_lib_python3_12_site-packages_pip__vendor_cachecontrol["cachecontrol"]\n    node_venv_lib_python3_12_site-packages_pip__vendor_cachecontrol --> node_venv_lib_python3_12_site-packages_pip__vendor_cachecontrol_filewrapper_py["filewrapper.py"]\n    Root --> node_venv["venv"]\n    node_venv --> node_venv_lib["lib"]\n    node_venv_lib --> node_venv_lib_python3_12["python3.12"]\n    node_venv_lib_python3_12 --> node_venv_lib_python3_12_site-packages["site-packages"]\n    node_venv_lib_python3_12_site-packages --> node_venv_lib_python3_12_site-packages_pip["pip"]\n    node_venv_lib_python3_12_site-packages_pip --> node_venv_lib_python3_12_site-packages_pip__vendor["_vendor"]\n    node_venv_lib_python3_12_site-packages_pip__vendor --> node_venv_lib_python3_12_site-packages_pip__vendor_cachecontrol["cachecontrol"]\n    node_venv_lib_python3_12_site-packages_pip__vendor_cachecontrol --> node_venv_lib_python3_12_site-packages_pip__vendor_cachecontrol_heuristics_py["heuristics.py"]\n    Root --> node_venv["venv"]\n    node_venv --> node_venv_lib["lib"]\n    node_venv_lib --> node_venv_lib_python3_12["python3.12"]\n    node_venv_lib_python3_12 --> node_venv_lib_python3_12_site-packages["site-packages"]\n    node_venv_lib_python3_12_site-packages --> node_venv_lib_python3_12_site-packages_pip["pip"]\n    node_venv_lib_python3_12_site-packages_pip --> node_venv_lib_python3_12_site-packages_pip__vendor["_vendor"]\n    node_venv_lib_python3_12_site-packages_pip__vendor --> node_venv_lib_python3_12_site-packages_pip__vendor_cachecontrol["cachecontrol"]\n    node_venv_lib_python3_12_site-packages_pip__vendor_cachecontrol --> node_venv_lib_python3_12_site-packages_pip__vendor_cachecontrol_py_typed["py.typed"]\n    Root --> node_venv["venv"]\n    node_venv --> node_venv_lib["lib"]\n    node_venv_lib --> node_venv_lib_python3_12["python3.12"]\n    node_venv_lib_python3_12 --> node_venv_lib_python3_12_site-packages["site-packages"]\n    node_venv_lib_python3_12_site-packages --> node_venv_lib_python3_12_site-packages_pip["pip"]\n    node_venv_lib_python3_12_site-packages_pip --> node_venv_lib_python3_12_site-packages_pip__vendor["_vendor"]\n    node_venv_lib_python3_12_site-packages_pip__vendor --> node_venv_lib_python3_12_site-packages_pip__vendor_cachecontrol["cachecontrol"]\n    node_venv_lib_python3_12_site-packages_pip__vendor_cachecontrol --> node_venv_lib_python3_12_site-packages_pip__vendor_cachecontrol_serialize_py["serialize.py"]\n    Root --> node_venv["venv"]\n    node_venv --> node_venv_lib["lib"]\n    node_venv_lib --> node_venv_lib_python3_12["python3.12"]\n    node_venv_lib_python3_12 --> node_venv_lib_python3_12_site-packages["site-packages"]\n    node_venv_lib_python3_12_site-packages --> node_venv_lib_python3_12_site-packages_pip["pip"]\n    node_venv_lib_python3_12_site-packages_pip --> node_venv_lib_python3_12_site-packages_pip__vendor["_vendor"]\n    node_venv_lib_python3_12_site-packages_pip__vendor --> node_venv_lib_python3_12_site-packages_pip__vendor_cachecontrol["cachecontrol"]\n    node_venv_lib_python3_12_site-packages_pip__vendor_cachecontrol --> node_venv_lib_python3_12_site-packages_pip__vendor_cachecontrol_wrapper_py["wrapper.py"]\n    Root --> node_venv["venv"]\n    node_venv --> node_venv_lib["lib"]\n    node_venv_lib --> node_venv_lib_python3_12["python3.12"]\n    node_venv_lib_python3_12 --> node_venv_lib_python3_12_site-packages["site-packages"]\n    node_venv_lib_python3_12_site-packages --> node_venv_lib_python3_12_site-packages_pip["pip"]\n    node_venv_lib_python3_12_site-packages_pip --> node_venv_lib_python3_12_site-packages_pip__vendor["_vendor"]\n    node_venv_lib_python3_12_site-packages_pip__vendor --> node_venv_lib_python3_12_site-packages_pip__vendor_cachecontrol["cachecontrol"]\n    node_venv_lib_python3_12_site-packages_pip__vendor_cachecontrol --> node_venv_lib_python3_12_site-packages_pip__vendor_cachecontrol_caches["caches"]\n    node_venv_lib_python3_12_site-packages_pip__vendor_cachecontrol_caches --> node_venv_lib_python3_12_site-packages_pip__vendor_cachecontrol_caches___init___py["__init__.py"]\n    Root --> node_venv["venv"]\n    node_venv --> node_venv_lib["lib"]\n    node_venv_lib --> node_venv_lib_python3_12["python3.12"]\n    node_venv_lib_python3_12 --> node_venv_lib_python3_12_site-packages["site-packages"]\n    node_venv_lib_python3_12_site-packages --> node_venv_lib_python3_12_site-packages_pip["pip"]\n    node_venv_lib_python3_12_site-packages_pip --> node_venv_lib_python3_12_site-packages_pip__vendor["_vendor"]\n    node_venv_lib_python3_12_site-packages_pip__vendor --> node_venv_lib_python3_12_site-packages_pip__vendor_cachecontrol["cachecontrol"]\n    node_venv_lib_python3_12_site-packages_pip__vendor_cachecontrol --> node_venv_lib_python3_12_site-packages_pip__vendor_cachecontrol_caches["caches"]\n    node_venv_lib_python3_12_site-packages_pip__vendor_cachecontrol_caches --> node_venv_lib_python3_12_site-packages_pip__vendor_cachecontrol_caches_file_cache_py["file_cache.py"]\n    Root --> node_venv["venv"]\n    node_venv --> node_venv_lib["lib"]\n    node_venv_lib --> node_venv_lib_python3_12["python3.12"]\n    node_venv_lib_python3_12 --> node_venv_lib_python3_12_site-packages["site-packages"]\n    node_venv_lib_python3_12_site-packages --> node_venv_lib_python3_12_site-packages_pip["pip"]\n    node_venv_lib_python3_12_site-packages_pip --> node_venv_lib_python3_12_site-packages_pip__vendor["_vendor"]\n    node_venv_lib_python3_12_site-packages_pip__vendor --> node_venv_lib_python3_12_site-packages_pip__vendor_cachecontrol["cachecontrol"]\n    node_venv_lib_python3_12_site-packages_pip__vendor_cachecontrol --> node_venv_lib_python3_12_site-packages_pip__vendor_cachecontrol_caches["caches"]\n    node_venv_lib_python3_12_site-packages_pip__vendor_cachecontrol_caches --> node_venv_lib_python3_12_site-packages_pip__vendor_cachecontrol_caches_redis_cache_py["redis_cache.py"]\n    Root --> node_venv["venv"]\n    node_venv --> node_venv_lib["lib"]\n    node_venv_lib --> node_venv_lib_python3_12["python3.12"]\n    node_venv_lib_python3_12 --> node_venv_lib_python3_12_site-packages["site-packages"]\n    node_venv_lib_python3_12_site-packages --> node_venv_lib_python3_12_site-packages_pip["pip"]\n    node_venv_lib_python3_12_site-packages_pip --> node_venv_lib_python3_12_site-packages_pip__vendor["_vendor"]\n    node_venv_lib_python3_12_site-packages_pip__vendor --> node_venv_lib_python3_12_site-packages_pip__vendor_idna["idna"]\n    node_venv_lib_python3_12_site-packages_pip__vendor_idna --> node_venv_lib_python3_12_site-packages_pip__vendor_idna___init___py["__init__.py"]\n    Root --> node_venv["venv"]\n    node_venv --> node_venv_lib["lib"]\n    node_venv_lib --> node_venv_lib_python3_12["python3.12"]\n    node_venv_lib_python3_12 --> node_venv_lib_python3_12_site-packages["site-packages"]\n    node_venv_lib_python3_12_site-packages --> node_venv_lib_python3_12_site-packages_pip["pip"]\n    node_venv_lib_python3_12_site-packages_pip --> node_venv_lib_python3_12_site-packages_pip__vendor["_vendor"]\n    node_venv_lib_python3_12_site-packages_pip__vendor --> node_venv_lib_python3_12_site-packages_pip__vendor_idna["idna"]\n    node_venv_lib_python3_12_site-packages_pip__vendor_idna --> node_venv_lib_python3_12_site-packages_pip__vendor_idna_codec_py["codec.py"]\n    Root --> node_venv["venv"]\n    node_venv --> node_venv_lib["lib"]\n    node_venv_lib --> node_venv_lib_python3_12["python3.12"]\n    node_venv_lib_python3_12 --> node_venv_lib_python3_12_site-packages["site-packages"]\n    node_venv_lib_python3_12_site-packages --> node_venv_lib_python3_12_site-packages_pip["pip"]\n    node_venv_lib_python3_12_site-packages_pip --> node_venv_lib_python3_12_site-packages_pip__vendor["_vendor"]\n    node_venv_lib_python3_12_site-packages_pip__vendor --> node_venv_lib_python3_12_site-packages_pip__vendor_idna["idna"]\n    node_venv_lib_python3_12_site-packages_pip__vendor_idna --> node_venv_lib_python3_12_site-packages_pip__vendor_idna_compat_py["compat.py"]\n    Root --> node_venv["venv"]\n    node_venv --> node_venv_lib["lib"]\n    node_venv_lib --> node_venv_lib_python3_12["python3.12"]\n    node_venv_lib_python3_12 --> node_venv_lib_python3_12_site-packages["site-packages"]\n    node_venv_lib_python3_12_site-packages --> node_venv_lib_python3_12_site-packages_pip["pip"]\n    node_venv_lib_python3_12_site-packages_pip --> node_venv_lib_python3_12_site-packages_pip__vendor["_vendor"]\n    node_venv_lib_python3_12_site-packages_pip__vendor --> node_venv_lib_python3_12_site-packages_pip__vendor_idna["idna"]\n    node_venv_lib_python3_12_site-packages_pip__vendor_idna --> node_venv_lib_python3_12_site-packages_pip__vendor_idna_core_py["core.py"]\n    Root --> node_venv["venv"]\n    node_venv --> node_venv_lib["lib"]\n    node_venv_lib --> node_venv_lib_python3_12["python3.12"]\n    node_venv_lib_python3_12 --> node_venv_lib_python3_12_site-packages["site-packages"]\n    node_venv_lib_python3_12_site-packages --> node_venv_lib_python3_12_site-packages_pip["pip"]\n    node_venv_lib_python3_12_site-packages_pip --> node_venv_lib_python3_12_site-packages_pip__vendor["_vendor"]\n    node_venv_lib_python3_12_site-packages_pip__vendor --> node_venv_lib_python3_12_site-packages_pip__vendor_idna["idna"]\n    node_venv_lib_python3_12_site-packages_pip__vendor_idna --> node_venv_lib_python3_12_site-packages_pip__vendor_idna_idnadata_py["idnadata.py"]\n    Root --> node_venv["venv"]\n    node_venv --> node_venv_lib["lib"]\n    node_venv_lib --> node_venv_lib_python3_12["python3.12"]\n    node_venv_lib_python3_12 --> node_venv_lib_python3_12_site-packages["site-packages"]\n    node_venv_lib_python3_12_site-packages --> node_venv_lib_python3_12_site-packages_pip["pip"]\n    node_venv_lib_python3_12_site-packages_pip --> node_venv_lib_python3_12_site-packages_pip__vendor["_vendor"]\n    node_venv_lib_python3_12_site-packages_pip__vendor --> node_venv_lib_python3_12_site-packages_pip__vendor_idna["idna"]\n    node_venv_lib_python3_12_site-packages_pip__vendor_idna --> node_venv_lib_python3_12_site-packages_pip__vendor_idna_intranges_py["intranges.py"]\n    Root --> node_venv["venv"]\n    node_venv --> node_venv_lib["lib"]\n    node_venv_lib --> node_venv_lib_python3_12["python3.12"]\n    node_venv_lib_python3_12 --> node_venv_lib_python3_12_site-packages["site-packages"]\n    node_venv_lib_python3_12_site-packages --> node_venv_lib_python3_12_site-packages_pip["pip"]\n    node_venv_lib_python3_12_site-packages_pip --> node_venv_lib_python3_12_site-packages_pip__vendor["_vendor"]\n    node_venv_lib_python3_12_site-packages_pip__vendor --> node_venv_lib_python3_12_site-packages_pip__vendor_idna["idna"]\n    node_venv_lib_python3_12_site-packages_pip__vendor_idna --> node_venv_lib_python3_12_site-packages_pip__vendor_idna_package_data_py["package_data.py"]\n    Root --> node_venv["venv"]\n    node_venv --> node_venv_lib["lib"]\n    node_venv_lib --> node_venv_lib_python3_12["python3.12"]\n    node_venv_lib_python3_12 --> node_venv_lib_python3_12_site-packages["site-packages"]\n    node_venv_lib_python3_12_site-packages --> node_venv_lib_python3_12_site-packages_pip["pip"]\n    node_venv_lib_python3_12_site-packages_pip --> node_venv_lib_python3_12_site-packages_pip__vendor["_vendor"]\n    node_venv_lib_python3_12_site-packages_pip__vendor --> node_venv_lib_python3_12_site-packages_pip__vendor_idna["idna"]\n    node_venv_lib_python3_12_site-packages_pip__vendor_idna --> node_venv_lib_python3_12_site-packages_pip__vendor_idna_py_typed["py.typed"]\n    Root --> node_venv["venv"]\n    node_venv --> node_venv_lib["lib"]\n    node_venv_lib --> node_venv_lib_python3_12["python3.12"]\n    node_venv_lib_python3_12 --> node_venv_lib_python3_12_site-packages["site-packages"]\n    node_venv_lib_python3_12_site-packages --> node_venv_lib_python3_12_site-packages_pip["pip"]\n    node_venv_lib_python3_12_site-packages_pip --> node_venv_lib_python3_12_site-packages_pip__vendor["_vendor"]\n    node_venv_lib_python3_12_site-packages_pip__vendor --> node_venv_lib_python3_12_site-packages_pip__vendor_idna["idna"]\n    node_venv_lib_python3_12_site-packages_pip__vendor_idna --> node_venv_lib_python3_12_site-packages_pip__vendor_idna_uts46data_py["uts46data.py"]\n    Root --> node_venv["venv"]\n    node_venv --> node_venv_lib["lib"]\n    node_venv_lib --> node_venv_lib_python3_12["python3.12"]\n    node_venv_lib_python3_12 --> node_venv_lib_python3_12_site-packages["site-packages"]\n    node_venv_lib_python3_12_site-packages --> node_venv_lib_python3_12_site-packages_pip["pip"]\n    node_venv_lib_python3_12_site-packages_pip --> node_venv_lib_python3_12_site-packages_pip__vendor["_vendor"]\n    node_venv_lib_python3_12_site-packages_pip__vendor --> node_venv_lib_python3_12_site-packages_pip__vendor_requests["requests"]\n    node_venv_lib_python3_12_site-packages_pip__vendor_requests --> node_venv_lib_python3_12_site-packages_pip__vendor_requests___init___py["__init__.py"]\n    Root --> node_venv["venv"]\n    node_venv --> node_venv_lib["lib"]\n    node_venv_lib --> node_venv_lib_python3_12["python3.12"]\n    node_venv_lib_python3_12 --> node_venv_lib_python3_12_site-packages["site-packages"]\n    node_venv_lib_python3_12_site-packages --> node_venv_lib_python3_12_site-packages_pip["pip"]\n    node_venv_lib_python3_12_site-packages_pip --> node_venv_lib_python3_12_site-packages_pip__vendor["_vendor"]\n    node_venv_lib_python3_12_site-packages_pip__vendor --> node_venv_lib_python3_12_site-packages_pip__vendor_requests["requests"]\n    node_venv_lib_python3_12_site-packages_pip__vendor_requests --> node_venv_lib_python3_12_site-packages_pip__vendor_requests___version___py["__version__.py"]\n    Root --> node_venv["venv"]\n    node_venv --> node_venv_lib["lib"]\n    node_venv_lib --> node_venv_lib_python3_12["python3.12"]\n    node_venv_lib_python3_12 --> node_venv_lib_python3_12_site-packages["site-packages"]\n    node_venv_lib_python3_12_site-packages --> node_venv_lib_python3_12_site-packages_pip["pip"]\n    node_venv_lib_python3_12_site-packages_pip --> node_venv_lib_python3_12_site-packages_pip__vendor["_vendor"]\n    node_venv_lib_python3_12_site-packages_pip__vendor --> node_venv_lib_python3_12_site-packages_pip__vendor_requests["requests"]\n    node_venv_lib_python3_12_site-packages_pip__vendor_requests --> node_venv_lib_python3_12_site-packages_pip__vendor_requests__internal_utils_py["_internal_utils.py"]\n    Root --> node_venv["venv"]\n    node_venv --> node_venv_lib["lib"]\n    node_venv_lib --> node_venv_lib_python3_12["python3.12"]\n    node_venv_lib_python3_12 --> node_venv_lib_python3_12_site-packages["site-packages"]\n    node_venv_lib_python3_12_site-packages --> node_venv_lib_python3_12_site-packages_pip["pip"]\n    node_venv_lib_python3_12_site-packages_pip --> node_venv_lib_python3_12_site-packages_pip__vendor["_vendor"]\n    node_venv_lib_python3_12_site-packages_pip__vendor --> node_venv_lib_python3_12_site-packages_pip__vendor_requests["requests"]\n    node_venv_lib_python3_12_site-packages_pip__vendor_requests --> node_venv_lib_python3_12_site-packages_pip__vendor_requests_adapters_py["adapters.py"]\n    Root --> node_venv["venv"]\n    node_venv --> node_venv_lib["lib"]\n    node_venv_lib --> node_venv_lib_python3_12["python3.12"]\n    node_venv_lib_python3_12 --> node_venv_lib_python3_12_site-packages["site-packages"]\n    node_venv_lib_python3_12_site-packages --> node_venv_lib_python3_12_site-packages_pip["pip"]\n    node_venv_lib_python3_12_site-packages_pip --> node_venv_lib_python3_12_site-packages_pip__vendor["_vendor"]\n    node_venv_lib_python3_12_site-packages_pip__vendor --> node_venv_lib_python3_12_site-packages_pip__vendor_requests["requests"]\n    node_venv_lib_python3_12_site-packages_pip__vendor_requests --> node_venv_lib_python3_12_site-packages_pip__vendor_requests_api_py["api.py"]\n    Root --> node_venv["venv"]\n    node_venv --> node_venv_lib["lib"]\n    node_venv_lib --> node_venv_lib_python3_12["python3.12"]\n    node_venv_lib_python3_12 --> node_venv_lib_python3_12_site-packages["site-packages"]\n    node_venv_lib_python3_12_site-packages --> node_venv_lib_python3_12_site-packages_pip["pip"]\n    node_venv_lib_python3_12_site-packages_pip --> node_venv_lib_python3_12_site-packages_pip__vendor["_vendor"]\n    node_venv_lib_python3_12_site-packages_pip__vendor --> node_venv_lib_python3_12_site-packages_pip__vendor_requests["requests"]\n    node_venv_lib_python3_12_site-packages_pip__vendor_requests --> node_venv_lib_python3_12_site-packages_pip__vendor_requests_auth_py["auth.py"]\n    Root --> node_venv["venv"]\n    node_venv --> node_venv_lib["lib"]\n    node_venv_lib --> node_venv_lib_python3_12["python3.12"]\n    node_venv_lib_python3_12 --> node_venv_lib_python3_12_site-packages["site-packages"]\n    node_venv_lib_python3_12_site-packages --> node_venv_lib_python3_12_site-packages_pip["pip"]\n    node_venv_lib_python3_12_site-packages_pip --> node_venv_lib_python3_12_site-packages_pip__vendor["_vendor"]\n    node_venv_lib_python3_12_site-packages_pip__vendor --> node_venv_lib_python3_12_site-packages_pip__vendor_requests["requests"]\n    node_venv_lib_python3_12_site-packages_pip__vendor_requests --> node_venv_lib_python3_12_site-packages_pip__vendor_requests_certs_py["certs.py"]\n    Root --> node_venv["venv"]\n    node_venv --> node_venv_lib["lib"]\n    node_venv_lib --> node_venv_lib_python3_12["python3.12"]\n    node_venv_lib_python3_12 --> node_venv_lib_python3_12_site-packages["site-packages"]\n    node_venv_lib_python3_12_site-packages --> node_venv_lib_python3_12_site-packages_pip["pip"]\n    node_venv_lib_python3_12_site-packages_pip --> node_venv_lib_python3_12_site-packages_pip__vendor["_vendor"]\n    node_venv_lib_python3_12_site-packages_pip__vendor --> node_venv_lib_python3_12_site-packages_pip__vendor_requests["requests"]\n    node_venv_lib_python3_12_site-packages_pip__vendor_requests --> node_venv_lib_python3_12_site-packages_pip__vendor_requests_compat_py["compat.py"]\n    Root --> node_venv["venv"]\n    node_venv --> node_venv_lib["lib"]\n    node_venv_lib --> node_venv_lib_python3_12["python3.12"]\n    node_venv_lib_python3_12 --> node_venv_lib_python3_12_site-packages["site-packages"]\n    node_venv_lib_python3_12_site-packages --> node_venv_lib_python3_12_site-packages_pip["pip"]\n    node_venv_lib_python3_12_site-packages_pip --> node_venv_lib_python3_12_site-packages_pip__vendor["_vendor"]\n    node_venv_lib_python3_12_site-packages_pip__vendor --> node_venv_lib_python3_12_site-packages_pip__vendor_requests["requests"]\n    node_venv_lib_python3_12_site-packages_pip__vendor_requests --> node_venv_lib_python3_12_site-packages_pip__vendor_requests_cookies_py["cookies.py"]\n    Root --> node_venv["venv"]\n    node_venv --> node_venv_lib["lib"]\n    node_venv_lib --> node_venv_lib_python3_12["python3.12"]\n    node_venv_lib_python3_12 --> node_venv_lib_python3_12_site-packages["site-packages"]\n    node_venv_lib_python3_12_site-packages --> node_venv_lib_python3_12_site-packages_pip["pip"]\n    node_venv_lib_python3_12_site-packages_pip --> node_venv_lib_python3_12_site-packages_pip__vendor["_vendor"]\n    node_venv_lib_python3_12_site-packages_pip__vendor --> node_venv_lib_python3_12_site-packages_pip__vendor_requests["requests"]\n    node_venv_lib_python3_12_site-packages_pip__vendor_requests --> node_venv_lib_python3_12_site-packages_pip__vendor_requests_exceptions_py["exceptions.py"]\n    Root --> node_venv["venv"]\n    node_venv --> node_venv_lib["lib"]\n    node_venv_lib --> node_venv_lib_python3_12["python3.12"]\n    node_venv_lib_python3_12 --> node_venv_lib_python3_12_site-packages["site-packages"]\n    node_venv_lib_python3_12_site-packages --> node_venv_lib_python3_12_site-packages_pip["pip"]\n    node_venv_lib_python3_12_site-packages_pip --> node_venv_lib_python3_12_site-packages_pip__vendor["_vendor"]\n    node_venv_lib_python3_12_site-packages_pip__vendor --> node_venv_lib_python3_12_site-packages_pip__vendor_requests["requests"]\n    node_venv_lib_python3_12_site-packages_pip__vendor_requests --> node_venv_lib_python3_12_site-packages_pip__vendor_requests_help_py["help.py"]\n    Root --> node_venv["venv"]\n    node_venv --> node_venv_lib["lib"]\n    node_venv_lib --> node_venv_lib_python3_12["python3.12"]\n    node_venv_lib_python3_12 --> node_venv_lib_python3_12_site-packages["site-packages"]\n    node_venv_lib_python3_12_site-packages --> node_venv_lib_python3_12_site-packages_pip["pip"]\n    node_venv_lib_python3_12_site-packages_pip --> node_venv_lib_python3_12_site-packages_pip__vendor["_vendor"]\n    node_venv_lib_python3_12_site-packages_pip__vendor --> node_venv_lib_python3_12_site-packages_pip__vendor_requests["requests"]\n    node_venv_lib_python3_12_site-packages_pip__vendor_requests --> node_venv_lib_python3_12_site-packages_pip__vendor_requests_hooks_py["hooks.py"]\n    Root --> node_venv["venv"]\n    node_venv --> node_venv_lib["lib"]\n    node_venv_lib --> node_venv_lib_python3_12["python3.12"]\n    node_venv_lib_python3_12 --> node_venv_lib_python3_12_site-packages["site-packages"]\n    node_venv_lib_python3_12_site-packages --> node_venv_lib_python3_12_site-packages_pip["pip"]\n    node_venv_lib_python3_12_site-packages_pip --> node_venv_lib_python3_12_site-packages_pip__vendor["_vendor"]\n    node_venv_lib_python3_12_site-packages_pip__vendor --> node_venv_lib_python3_12_site-packages_pip__vendor_requests["requests"]\n    node_venv_lib_python3_12_site-packages_pip__vendor_requests --> node_venv_lib_python3_12_site-packages_pip__vendor_requests_models_py["models.py"]\n    Root --> node_venv["venv"]\n    node_venv --> node_venv_lib["lib"]\n    node_venv_lib --> node_venv_lib_python3_12["python3.12"]\n    node_venv_lib_python3_12 --> node_venv_lib_python3_12_site-packages["site-packages"]\n    node_venv_lib_python3_12_site-packages --> node_venv_lib_python3_12_site-packages_pip["pip"]\n    node_venv_lib_python3_12_site-packages_pip --> node_venv_lib_python3_12_site-packages_pip__vendor["_vendor"]\n    node_venv_lib_python3_12_site-packages_pip__vendor --> node_venv_lib_python3_12_site-packages_pip__vendor_requests["requests"]\n    node_venv_lib_python3_12_site-packages_pip__vendor_requests --> node_venv_lib_python3_12_site-packages_pip__vendor_requests_packages_py["packages.py"]\n    Root --> node_venv["venv"]\n    node_venv --> node_venv_lib["lib"]\n    node_venv_lib --> node_venv_lib_python3_12["python3.12"]\n    node_venv_lib_python3_12 --> node_venv_lib_python3_12_site-packages["site-packages"]\n    node_venv_lib_python3_12_site-packages --> node_venv_lib_python3_12_site-packages_pip["pip"]\n    node_venv_lib_python3_12_site-packages_pip --> node_venv_lib_python3_12_site-packages_pip__vendor["_vendor"]\n    node_venv_lib_python3_12_site-packages_pip__vendor --> node_venv_lib_python3_12_site-packages_pip__vendor_requests["requests"]\n    node_venv_lib_python3_12_site-packages_pip__vendor_requests --> node_venv_lib_python3_12_site-packages_pip__vendor_requests_sessions_py["sessions.py"]\n    Root --> node_venv["venv"]\n    node_venv --> node_venv_lib["lib"]\n    node_venv_lib --> node_venv_lib_python3_12["python3.12"]\n    node_venv_lib_python3_12 --> node_venv_lib_python3_12_site-packages["site-packages"]\n    node_venv_lib_python3_12_site-packages --> node_venv_lib_python3_12_site-packages_pip["pip"]\n    node_venv_lib_python3_12_site-packages_pip --> node_venv_lib_python3_12_site-packages_pip__vendor["_vendor"]\n    node_venv_lib_python3_12_site-packages_pip__vendor --> node_venv_lib_python3_12_site-packages_pip__vendor_requests["requests"]\n    node_venv_lib_python3_12_site-packages_pip__vendor_requests --> node_venv_lib_python3_12_site-packages_pip__vendor_requests_status_codes_py["status_codes.py"]\n    Root --> node_venv["venv"]\n    node_venv --> node_venv_lib["lib"]\n    node_venv_lib --> node_venv_lib_python3_12["python3.12"]\n    node_venv_lib_python3_12 --> node_venv_lib_python3_12_site-packages["site-packages"]\n    node_venv_lib_python3_12_site-packages --> node_venv_lib_python3_12_site-packages_pip["pip"]\n    node_venv_lib_python3_12_site-packages_pip --> node_venv_lib_python3_12_site-packages_pip__vendor["_vendor"]\n    node_venv_lib_python3_12_site-packages_pip__vendor --> node_venv_lib_python3_12_site-packages_pip__vendor_requests["requests"]\n    node_venv_lib_python3_12_site-packages_pip__vendor_requests --> node_venv_lib_python3_12_site-packages_pip__vendor_requests_structures_py["structures.py"]\n    Root --> node_venv["venv"]\n    node_venv --> node_venv_lib["lib"]\n    node_venv_lib --> node_venv_lib_python3_12["python3.12"]\n    node_venv_lib_python3_12 --> node_venv_lib_python3_12_site-packages["site-packages"]\n    node_venv_lib_python3_12_site-packages --> node_venv_lib_python3_12_site-packages_pip["pip"]\n    node_venv_lib_python3_12_site-packages_pip --> node_venv_lib_python3_12_site-packages_pip__vendor["_vendor"]\n    node_venv_lib_python3_12_site-packages_pip__vendor --> node_venv_lib_python3_12_site-packages_pip__vendor_requests["requests"]\n    node_venv_lib_python3_12_site-packages_pip__vendor_requests --> node_venv_lib_python3_12_site-packages_pip__vendor_requests_utils_py["utils.py"]\n    Root --> node_venv["venv"]\n    node_venv --> node_venv_lib["lib"]\n    node_venv_lib --> node_venv_lib_python3_12["python3.12"]\n    node_venv_lib_python3_12 --> node_venv_lib_python3_12_site-packages["site-packages"]\n    node_venv_lib_python3_12_site-packages --> node_venv_lib_python3_12_site-packages_pip["pip"]\n    node_venv_lib_python3_12_site-packages_pip --> node_venv_lib_python3_12_site-packages_pip__vendor["_vendor"]\n    node_venv_lib_python3_12_site-packages_pip__vendor --> node_venv_lib_python3_12_site-packages_pip__vendor_tomli["tomli"]\n    node_venv_lib_python3_12_site-packages_pip__vendor_tomli --> node_venv_lib_python3_12_site-packages_pip__vendor_tomli___init___py["__init__.py"]\n    Root --> node_venv["venv"]\n    node_venv --> node_venv_lib["lib"]\n    node_venv_lib --> node_venv_lib_python3_12["python3.12"]\n    node_venv_lib_python3_12 --> node_venv_lib_python3_12_site-packages["site-packages"]\n    node_venv_lib_python3_12_site-packages --> node_venv_lib_python3_12_site-packages_pip["pip"]\n    node_venv_lib_python3_12_site-packages_pip --> node_venv_lib_python3_12_site-packages_pip__vendor["_vendor"]\n    node_venv_lib_python3_12_site-packages_pip__vendor --> node_venv_lib_python3_12_site-packages_pip__vendor_tomli["tomli"]\n    node_venv_lib_python3_12_site-packages_pip__vendor_tomli --> node_venv_lib_python3_12_site-packages_pip__vendor_tomli__parser_py["_parser.py"]\n    Root --> node_venv["venv"]\n    node_venv --> node_venv_lib["lib"]\n    node_venv_lib --> node_venv_lib_python3_12["python3.12"]\n    node_venv_lib_python3_12 --> node_venv_lib_python3_12_site-packages["site-packages"]\n    node_venv_lib_python3_12_site-packages --> node_venv_lib_python3_12_site-packages_pip["pip"]\n    node_venv_lib_python3_12_site-packages_pip --> node_venv_lib_python3_12_site-packages_pip__vendor["_vendor"]\n    node_venv_lib_python3_12_site-packages_pip__vendor --> node_venv_lib_python3_12_site-packages_pip__vendor_tomli["tomli"]\n    node_venv_lib_python3_12_site-packages_pip__vendor_tomli --> node_venv_lib_python3_12_site-packages_pip__vendor_tomli__re_py["_re.py"]\n    Root --> node_venv["venv"]\n    node_venv --> node_venv_lib["lib"]\n    node_venv_lib --> node_venv_lib_python3_12["python3.12"]\n    node_venv_lib_python3_12 --> node_venv_lib_python3_12_site-packages["site-packages"]\n    node_venv_lib_python3_12_site-packages --> node_venv_lib_python3_12_site-packages_pip["pip"]\n    node_venv_lib_python3_12_site-packages_pip --> node_venv_lib_python3_12_site-packages_pip__vendor["_vendor"]\n    node_venv_lib_python3_12_site-packages_pip__vendor --> node_venv_lib_python3_12_site-packages_pip__vendor_tomli["tomli"]\n    node_venv_lib_python3_12_site-packages_pip__vendor_tomli --> node_venv_lib_python3_12_site-packages_pip__vendor_tomli__types_py["_types.py"]\n    Root --> node_venv["venv"]\n    node_venv --> node_venv_lib["lib"]\n    node_venv_lib --> node_venv_lib_python3_12["python3.12"]\n    node_venv_lib_python3_12 --> node_venv_lib_python3_12_site-packages["site-packages"]\n    node_venv_lib_python3_12_site-packages --> node_venv_lib_python3_12_site-packages_pip["pip"]\n    node_venv_lib_python3_12_site-packages_pip --> node_venv_lib_python3_12_site-packages_pip__vendor["_vendor"]\n    node_venv_lib_python3_12_site-packages_pip__vendor --> node_venv_lib_python3_12_site-packages_pip__vendor_tomli["tomli"]\n    node_venv_lib_python3_12_site-packages_pip__vendor_tomli --> node_venv_lib_python3_12_site-packages_pip__vendor_tomli_py_typed["py.typed"]\n    Root --> node_venv["venv"]\n    node_venv --> node_venv_lib["lib"]\n    node_venv_lib --> node_venv_lib_python3_12["python3.12"]\n    node_venv_lib_python3_12 --> node_venv_lib_python3_12_site-packages["site-packages"]\n    node_venv_lib_python3_12_site-packages --> node_venv_lib_python3_12_site-packages_pip["pip"]\n    node_venv_lib_python3_12_site-packages_pip --> node_venv_lib_python3_12_site-packages_pip__vendor["_vendor"]\n    node_venv_lib_python3_12_site-packages_pip__vendor --> node_venv_lib_python3_12_site-packages_pip__vendor_certifi["certifi"]\n    node_venv_lib_python3_12_site-packages_pip__vendor_certifi --> node_venv_lib_python3_12_site-packages_pip__vendor_certifi___init___py["__init__.py"]\n    Root --> node_venv["venv"]\n    node_venv --> node_venv_lib["lib"]\n    node_venv_lib --> node_venv_lib_python3_12["python3.12"]\n    node_venv_lib_python3_12 --> node_venv_lib_python3_12_site-packages["site-packages"]\n    node_venv_lib_python3_12_site-packages --> node_venv_lib_python3_12_site-packages_pip["pip"]\n    node_venv_lib_python3_12_site-packages_pip --> node_venv_lib_python3_12_site-packages_pip__vendor["_vendor"]\n    node_venv_lib_python3_12_site-packages_pip__vendor --> node_venv_lib_python3_12_site-packages_pip__vendor_certifi["certifi"]\n    node_venv_lib_python3_12_site-packages_pip__vendor_certifi --> node_venv_lib_python3_12_site-packages_pip__vendor_certifi___main___py["__main__.py"]\n    Root --> node_venv["venv"]\n    node_venv --> node_venv_lib["lib"]\n    node_venv_lib --> node_venv_lib_python3_12["python3.12"]\n    node_venv_lib_python3_12 --> node_venv_lib_python3_12_site-packages["site-packages"]\n    node_venv_lib_python3_12_site-packages --> node_venv_lib_python3_12_site-packages_pip["pip"]\n    node_venv_lib_python3_12_site-packages_pip --> node_venv_lib_python3_12_site-packages_pip__vendor["_vendor"]\n    node_venv_lib_python3_12_site-packages_pip__vendor --> node_venv_lib_python3_12_site-packages_pip__vendor_certifi["certifi"]\n    node_venv_lib_python3_12_site-packages_pip__vendor_certifi --> node_venv_lib_python3_12_site-packages_pip__vendor_certifi_cacert_pem["cacert.pem"]\n    Root --> node_venv["venv"]\n    node_venv --> node_venv_lib["lib"]\n    node_venv_lib --> node_venv_lib_python3_12["python3.12"]\n    node_venv_lib_python3_12 --> node_venv_lib_python3_12_site-packages["site-packages"]\n    node_venv_lib_python3_12_site-packages --> node_venv_lib_python3_12_site-packages_pip["pip"]\n    node_venv_lib_python3_12_site-packages_pip --> node_venv_lib_python3_12_site-packages_pip__vendor["_vendor"]\n    node_venv_lib_python3_12_site-packages_pip__vendor --> node_venv_lib_python3_12_site-packages_pip__vendor_certifi["certifi"]\n    node_venv_lib_python3_12_site-packages_pip__vendor_certifi --> node_venv_lib_python3_12_site-packages_pip__vendor_certifi_core_py["core.py"]\n    Root --> node_venv["venv"]\n    node_venv --> node_venv_lib["lib"]\n    node_venv_lib --> node_venv_lib_python3_12["python3.12"]\n    node_venv_lib_python3_12 --> node_venv_lib_python3_12_site-packages["site-packages"]\n    node_venv_lib_python3_12_site-packages --> node_venv_lib_python3_12_site-packages_pip["pip"]\n    node_venv_lib_python3_12_site-packages_pip --> node_venv_lib_python3_12_site-packages_pip__vendor["_vendor"]\n    node_venv_lib_python3_12_site-packages_pip__vendor --> node_venv_lib_python3_12_site-packages_pip__vendor_certifi["certifi"]\n    node_venv_lib_python3_12_site-packages_pip__vendor_certifi --> node_venv_lib_python3_12_site-packages_pip__vendor_certifi_py_typed["py.typed"]\n    Root --> node_venv["venv"]\n    node_venv --> node_venv_lib["lib"]\n    node_venv_lib --> node_venv_lib_python3_12["python3.12"]\n    node_venv_lib_python3_12 --> node_venv_lib_python3_12_site-packages["site-packages"]\n    node_venv_lib_python3_12_site-packages --> node_venv_lib_python3_12_site-packages_pip["pip"]\n    node_venv_lib_python3_12_site-packages_pip --> node_venv_lib_python3_12_site-packages_pip__vendor["_vendor"]\n    node_venv_lib_python3_12_site-packages_pip__vendor --> node_venv_lib_python3_12_site-packages_pip__vendor_pyproject_hooks["pyproject_hooks"]\n    node_venv_lib_python3_12_site-packages_pip__vendor_pyproject_hooks --> node_venv_lib_python3_12_site-packages_pip__vendor_pyproject_hooks___init___py["__init__.py"]\n    Root --> node_venv["venv"]\n    node_venv --> node_venv_lib["lib"]\n    node_venv_lib --> node_venv_lib_python3_12["python3.12"]\n    node_venv_lib_python3_12 --> node_venv_lib_python3_12_site-packages["site-packages"]\n    node_venv_lib_python3_12_site-packages --> node_venv_lib_python3_12_site-packages_pip["pip"]\n    node_venv_lib_python3_12_site-packages_pip --> node_venv_lib_python3_12_site-packages_pip__vendor["_vendor"]\n    node_venv_lib_python3_12_site-packages_pip__vendor --> node_venv_lib_python3_12_site-packages_pip__vendor_pyproject_hooks["pyproject_hooks"]\n    node_venv_lib_python3_12_site-packages_pip__vendor_pyproject_hooks --> node_venv_lib_python3_12_site-packages_pip__vendor_pyproject_hooks__impl_py["_impl.py"]\n    Root --> node_venv["venv"]\n    node_venv --> node_venv_lib["lib"]\n    node_venv_lib --> node_venv_lib_python3_12["python3.12"]\n    node_venv_lib_python3_12 --> node_venv_lib_python3_12_site-packages["site-packages"]\n    node_venv_lib_python3_12_site-packages --> node_venv_lib_python3_12_site-packages_pip["pip"]\n    node_venv_lib_python3_12_site-packages_pip --> node_venv_lib_python3_12_site-packages_pip__vendor["_vendor"]\n    node_venv_lib_python3_12_site-packages_pip__vendor --> node_venv_lib_python3_12_site-packages_pip__vendor_pyproject_hooks["pyproject_hooks"]\n    node_venv_lib_python3_12_site-packages_pip__vendor_pyproject_hooks --> node_venv_lib_python3_12_site-packages_pip__vendor_pyproject_hooks_py_typed["py.typed"]\n    Root --> node_venv["venv"]\n    node_venv --> node_venv_lib["lib"]\n    node_venv_lib --> node_venv_lib_python3_12["python3.12"]\n    node_venv_lib_python3_12 --> node_venv_lib_python3_12_site-packages["site-packages"]\n    node_venv_lib_python3_12_site-packages --> node_venv_lib_python3_12_site-packages_pip["pip"]\n    node_venv_lib_python3_12_site-packages_pip --> node_venv_lib_python3_12_site-packages_pip__vendor["_vendor"]\n    node_venv_lib_python3_12_site-packages_pip__vendor --> node_venv_lib_python3_12_site-packages_pip__vendor_pyproject_hooks["pyproject_hooks"]\n    node_venv_lib_python3_12_site-packages_pip__vendor_pyproject_hooks --> node_venv_lib_python3_12_site-packages_pip__vendor_pyproject_hooks__in_process["_in_process"]\n    node_venv_lib_python3_12_site-packages_pip__vendor_pyproject_hooks__in_process --> node_venv_lib_python3_12_site-packages_pip__vendor_pyproject_hooks__in_process___init___py["__init__.py"]\n    Root --> node_venv["venv"]\n    node_venv --> node_venv_lib["lib"]\n    node_venv_lib --> node_venv_lib_python3_12["python3.12"]\n    node_venv_lib_python3_12 --> node_venv_lib_python3_12_site-packages["site-packages"]\n    node_venv_lib_python3_12_site-packages --> node_venv_lib_python3_12_site-packages_pip["pip"]\n    node_venv_lib_python3_12_site-packages_pip --> node_venv_lib_python3_12_site-packages_pip__vendor["_vendor"]\n    node_venv_lib_python3_12_site-packages_pip__vendor --> node_venv_lib_python3_12_site-packages_pip__vendor_pyproject_hooks["pyproject_hooks"]\n    node_venv_lib_python3_12_site-packages_pip__vendor_pyproject_hooks --> node_venv_lib_python3_12_site-packages_pip__vendor_pyproject_hooks__in_process["_in_process"]\n    node_venv_lib_python3_12_site-packages_pip__vendor_pyproject_hooks__in_process --> node_venv_lib_python3_12_site-packages_pip__vendor_pyproject_hooks__in_process__in_process_py["_in_process.py"]\n    Root --> node_venv["venv"]\n    node_venv --> node_venv_lib["lib"]\n    node_venv_lib --> node_venv_lib_python3_12["python3.12"]\n    node_venv_lib_python3_12 --> node_venv_lib_python3_12_site-packages["site-packages"]\n    node_venv_lib_python3_12_site-packages --> node_venv_lib_python3_12_site-packages_pip["pip"]\n    node_venv_lib_python3_12_site-packages_pip --> node_venv_lib_python3_12_site-packages_pip__vendor["_vendor"]\n    node_venv_lib_python3_12_site-packages_pip__vendor --> node_venv_lib_python3_12_site-packages_pip__vendor_rich["rich"]\n    node_venv_lib_python3_12_site-packages_pip__vendor_rich --> node_venv_lib_python3_12_site-packages_pip__vendor_rich___init___py["__init__.py"]\n    Root --> node_venv["venv"]\n    node_venv --> node_venv_lib["lib"]\n    node_venv_lib --> node_venv_lib_python3_12["python3.12"]\n    node_venv_lib_python3_12 --> node_venv_lib_python3_12_site-packages["site-packages"]\n    node_venv_lib_python3_12_site-packages --> node_venv_lib_python3_12_site-packages_pip["pip"]\n    node_venv_lib_python3_12_site-packages_pip --> node_venv_lib_python3_12_site-packages_pip__vendor["_vendor"]\n    node_venv_lib_python3_12_site-packages_pip__vendor --> node_venv_lib_python3_12_site-packages_pip__vendor_rich["rich"]\n    node_venv_lib_python3_12_site-packages_pip__vendor_rich --> node_venv_lib_python3_12_site-packages_pip__vendor_rich___main___py["__main__.py"]\n    Root --> node_venv["venv"]\n    node_venv --> node_venv_lib["lib"]\n    node_venv_lib --> node_venv_lib_python3_12["python3.12"]\n    node_venv_lib_python3_12 --> node_venv_lib_python3_12_site-packages["site-packages"]\n    node_venv_lib_python3_12_site-packages --> node_venv_lib_python3_12_site-packages_pip["pip"]\n    node_venv_lib_python3_12_site-packages_pip --> node_venv_lib_python3_12_site-packages_pip__vendor["_vendor"]\n    node_venv_lib_python3_12_site-packages_pip__vendor --> node_venv_lib_python3_12_site-packages_pip__vendor_rich["rich"]\n    node_venv_lib_python3_12_site-packages_pip__vendor_rich --> node_venv_lib_python3_12_site-packages_pip__vendor_rich__cell_widths_py["_cell_widths.py"]\n    Root --> node_venv["venv"]\n    node_venv --> node_venv_lib["lib"]\n    node_venv_lib --> node_venv_lib_python3_12["python3.12"]\n    node_venv_lib_python3_12 --> node_venv_lib_python3_12_site-packages["site-packages"]\n    node_venv_lib_python3_12_site-packages --> node_venv_lib_python3_12_site-packages_pip["pip"]\n    node_venv_lib_python3_12_site-packages_pip --> node_venv_lib_python3_12_site-packages_pip__vendor["_vendor"]\n    node_venv_lib_python3_12_site-packages_pip__vendor --> node_venv_lib_python3_12_site-packages_pip__vendor_rich["rich"]\n    node_venv_lib_python3_12_site-packages_pip__vendor_rich --> node_venv_lib_python3_12_site-packages_pip__vendor_rich__emoji_codes_py["_emoji_codes.py"]\n    Root --> node_venv["venv"]\n    node_venv --> node_venv_lib["lib"]\n    node_venv_lib --> node_venv_lib_python3_12["python3.12"]\n    node_venv_lib_python3_12 --> node_venv_lib_python3_12_site-packages["site-packages"]\n    node_venv_lib_python3_12_site-packages --> node_venv_lib_python3_12_site-packages_pip["pip"]\n    node_venv_lib_python3_12_site-packages_pip --> node_venv_lib_python3_12_site-packages_pip__vendor["_vendor"]\n    node_venv_lib_python3_12_site-packages_pip__vendor --> node_venv_lib_python3_12_site-packages_pip__vendor_rich["rich"]\n    node_venv_lib_python3_12_site-packages_pip__vendor_rich --> node_venv_lib_python3_12_site-packages_pip__vendor_rich__emoji_replace_py["_emoji_replace.py"]\n    Root --> node_venv["venv"]\n    node_venv --> node_venv_lib["lib"]\n    node_venv_lib --> node_venv_lib_python3_12["python3.12"]\n    node_venv_lib_python3_12 --> node_venv_lib_python3_12_site-packages["site-packages"]\n    node_venv_lib_python3_12_site-packages --> node_venv_lib_python3_12_site-packages_pip["pip"]\n    node_venv_lib_python3_12_site-packages_pip --> node_venv_lib_python3_12_site-packages_pip__vendor["_vendor"]\n    node_venv_lib_python3_12_site-packages_pip__vendor --> node_venv_lib_python3_12_site-packages_pip__vendor_rich["rich"]\n    node_venv_lib_python3_12_site-packages_pip__vendor_rich --> node_venv_lib_python3_12_site-packages_pip__vendor_rich__export_format_py["_export_format.py"]\n    Root --> node_venv["venv"]\n    node_venv --> node_venv_lib["lib"]\n    node_venv_lib --> node_venv_lib_python3_12["python3.12"]\n    node_venv_lib_python3_12 --> node_venv_lib_python3_12_site-packages["site-packages"]\n    node_venv_lib_python3_12_site-packages --> node_venv_lib_python3_12_site-packages_pip["pip"]\n    node_venv_lib_python3_12_site-packages_pip --> node_venv_lib_python3_12_site-packages_pip__vendor["_vendor"]\n    node_venv_lib_python3_12_site-packages_pip__vendor --> node_venv_lib_python3_12_site-packages_pip__vendor_rich["rich"]\n    node_venv_lib_python3_12_site-packages_pip__vendor_rich --> node_venv_lib_python3_12_site-packages_pip__vendor_rich__extension_py["_extension.py"]\n    Root --> node_venv["venv"]\n    node_venv --> node_venv_lib["lib"]\n    node_venv_lib --> node_venv_lib_python3_12["python3.12"]\n    node_venv_lib_python3_12 --> node_venv_lib_python3_12_site-packages["site-packages"]\n    node_venv_lib_python3_12_site-packages --> node_venv_lib_python3_12_site-packages_pip["pip"]\n    node_venv_lib_python3_12_site-packages_pip --> node_venv_lib_python3_12_site-packages_pip__vendor["_vendor"]\n    node_venv_lib_python3_12_site-packages_pip__vendor --> node_venv_lib_python3_12_site-packages_pip__vendor_rich["rich"]\n    node_venv_lib_python3_12_site-packages_pip__vendor_rich --> node_venv_lib_python3_12_site-packages_pip__vendor_rich__fileno_py["_fileno.py"]\n    Root --> node_venv["venv"]\n    node_venv --> node_venv_lib["lib"]\n    node_venv_lib --> node_venv_lib_python3_12["python3.12"]\n    node_venv_lib_python3_12 --> node_venv_lib_python3_12_site-packages["site-packages"]\n    node_venv_lib_python3_12_site-packages --> node_venv_lib_python3_12_site-packages_pip["pip"]\n    node_venv_lib_python3_12_site-packages_pip --> node_venv_lib_python3_12_site-packages_pip__vendor["_vendor"]\n    node_venv_lib_python3_12_site-packages_pip__vendor --> node_venv_lib_python3_12_site-packages_pip__vendor_rich["rich"]\n    node_venv_lib_python3_12_site-packages_pip__vendor_rich --> node_venv_lib_python3_12_site-packages_pip__vendor_rich__inspect_py["_inspect.py"]\n    Root --> node_venv["venv"]\n    node_venv --> node_venv_lib["lib"]\n    node_venv_lib --> node_venv_lib_python3_12["python3.12"]\n    node_venv_lib_python3_12 --> node_venv_lib_python3_12_site-packages["site-packages"]\n    node_venv_lib_python3_12_site-packages --> node_venv_lib_python3_12_site-packages_pip["pip"]\n    node_venv_lib_python3_12_site-packages_pip --> node_venv_lib_python3_12_site-packages_pip__vendor["_vendor"]\n    node_venv_lib_python3_12_site-packages_pip__vendor --> node_venv_lib_python3_12_site-packages_pip__vendor_rich["rich"]\n    node_venv_lib_python3_12_site-packages_pip__vendor_rich --> node_venv_lib_python3_12_site-packages_pip__vendor_rich__log_render_py["_log_render.py"]\n    Root --> node_venv["venv"]\n    node_venv --> node_venv_lib["lib"]\n    node_venv_lib --> node_venv_lib_python3_12["python3.12"]\n    node_venv_lib_python3_12 --> node_venv_lib_python3_12_site-packages["site-packages"]\n    node_venv_lib_python3_12_site-packages --> node_venv_lib_python3_12_site-packages_pip["pip"]\n    node_venv_lib_python3_12_site-packages_pip --> node_venv_lib_python3_12_site-packages_pip__vendor["_vendor"]\n    node_venv_lib_python3_12_site-packages_pip__vendor --> node_venv_lib_python3_12_site-packages_pip__vendor_rich["rich"]\n    node_venv_lib_python3_12_site-packages_pip__vendor_rich --> node_venv_lib_python3_12_site-packages_pip__vendor_rich__loop_py["_loop.py"]\n    Root --> node_venv["venv"]\n    node_venv --> node_venv_lib["lib"]\n    node_venv_lib --> node_venv_lib_python3_12["python3.12"]\n    node_venv_lib_python3_12 --> node_venv_lib_python3_12_site-packages["site-packages"]\n    node_venv_lib_python3_12_site-packages --> node_venv_lib_python3_12_site-packages_pip["pip"]\n    node_venv_lib_python3_12_site-packages_pip --> node_venv_lib_python3_12_site-packages_pip__vendor["_vendor"]\n    node_venv_lib_python3_12_site-packages_pip__vendor --> node_venv_lib_python3_12_site-packages_pip__vendor_rich["rich"]\n    node_venv_lib_python3_12_site-packages_pip__vendor_rich --> node_venv_lib_python3_12_site-packages_pip__vendor_rich__null_file_py["_null_file.py"]\n    Root --> node_venv["venv"]\n    node_venv --> node_venv_lib["lib"]\n    node_venv_lib --> node_venv_lib_python3_12["python3.12"]\n    node_venv_lib_python3_12 --> node_venv_lib_python3_12_site-packages["site-packages"]\n    node_venv_lib_python3_12_site-packages --> node_venv_lib_python3_12_site-packages_pip["pip"]\n    node_venv_lib_python3_12_site-packages_pip --> node_venv_lib_python3_12_site-packages_pip__vendor["_vendor"]\n    node_venv_lib_python3_12_site-packages_pip__vendor --> node_venv_lib_python3_12_site-packages_pip__vendor_rich["rich"]\n    node_venv_lib_python3_12_site-packages_pip__vendor_rich --> node_venv_lib_python3_12_site-packages_pip__vendor_rich__palettes_py["_palettes.py"]\n    Root --> node_venv["venv"]\n    node_venv --> node_venv_lib["lib"]\n    node_venv_lib --> node_venv_lib_python3_12["python3.12"]\n    node_venv_lib_python3_12 --> node_venv_lib_python3_12_site-packages["site-packages"]\n    node_venv_lib_python3_12_site-packages --> node_venv_lib_python3_12_site-packages_pip["pip"]\n    node_venv_lib_python3_12_site-packages_pip --> node_venv_lib_python3_12_site-packages_pip__vendor["_vendor"]\n    node_venv_lib_python3_12_site-packages_pip__vendor --> node_venv_lib_python3_12_site-packages_pip__vendor_rich["rich"]\n    node_venv_lib_python3_12_site-packages_pip__vendor_rich --> node_venv_lib_python3_12_site-packages_pip__vendor_rich__pick_py["_pick.py"]\n    Root --> node_venv["venv"]\n    node_venv --> node_venv_lib["lib"]\n    node_venv_lib --> node_venv_lib_python3_12["python3.12"]\n    node_venv_lib_python3_12 --> node_venv_lib_python3_12_site-packages["site-packages"]\n    node_venv_lib_python3_12_site-packages --> node_venv_lib_python3_12_site-packages_pip["pip"]\n    node_venv_lib_python3_12_site-packages_pip --> node_venv_lib_python3_12_site-packages_pip__vendor["_vendor"]\n    node_venv_lib_python3_12_site-packages_pip__vendor --> node_venv_lib_python3_12_site-packages_pip__vendor_rich["rich"]\n    node_venv_lib_python3_12_site-packages_pip__vendor_rich --> node_venv_lib_python3_12_site-packages_pip__vendor_rich__ratio_py["_ratio.py"]\n    Root --> node_venv["venv"]\n    node_venv --> node_venv_lib["lib"]\n    node_venv_lib --> node_venv_lib_python3_12["python3.12"]\n    node_venv_lib_python3_12 --> node_venv_lib_python3_12_site-packages["site-packages"]\n    node_venv_lib_python3_12_site-packages --> node_venv_lib_python3_12_site-packages_pip["pip"]\n    node_venv_lib_python3_12_site-packages_pip --> node_venv_lib_python3_12_site-packages_pip__vendor["_vendor"]\n    node_venv_lib_python3_12_site-packages_pip__vendor --> node_venv_lib_python3_12_site-packages_pip__vendor_rich["rich"]\n    node_venv_lib_python3_12_site-packages_pip__vendor_rich --> node_venv_lib_python3_12_site-packages_pip__vendor_rich__spinners_py["_spinners.py"]\n    Root --> node_venv["venv"]\n    node_venv --> node_venv_lib["lib"]\n    node_venv_lib --> node_venv_lib_python3_12["python3.12"]\n    node_venv_lib_python3_12 --> node_venv_lib_python3_12_site-packages["site-packages"]\n    node_venv_lib_python3_12_site-packages --> node_venv_lib_python3_12_site-packages_pip["pip"]\n    node_venv_lib_python3_12_site-packages_pip --> node_venv_lib_python3_12_site-packages_pip__vendor["_vendor"]\n    node_venv_lib_python3_12_site-packages_pip__vendor --> node_venv_lib_python3_12_site-packages_pip__vendor_rich["rich"]\n    node_venv_lib_python3_12_site-packages_pip__vendor_rich --> node_venv_lib_python3_12_site-packages_pip__vendor_rich__stack_py["_stack.py"]\n    Root --> node_venv["venv"]\n    node_venv --> node_venv_lib["lib"]\n    node_venv_lib --> node_venv_lib_python3_12["python3.12"]\n    node_venv_lib_python3_12 --> node_venv_lib_python3_12_site-packages["site-packages"]\n    node_venv_lib_python3_12_site-packages --> node_venv_lib_python3_12_site-packages_pip["pip"]\n    node_venv_lib_python3_12_site-packages_pip --> node_venv_lib_python3_12_site-packages_pip__vendor["_vendor"]\n    node_venv_lib_python3_12_site-packages_pip__vendor --> node_venv_lib_python3_12_site-packages_pip__vendor_rich["rich"]\n    node_venv_lib_python3_12_site-packages_pip__vendor_rich --> node_venv_lib_python3_12_site-packages_pip__vendor_rich__timer_py["_timer.py"]\n    Root --> node_venv["venv"]\n    node_venv --> node_venv_lib["lib"]\n    node_venv_lib --> node_venv_lib_python3_12["python3.12"]\n    node_venv_lib_python3_12 --> node_venv_lib_python3_12_site-packages["site-packages"]\n    node_venv_lib_python3_12_site-packages --> node_venv_lib_python3_12_site-packages_pip["pip"]\n    node_venv_lib_python3_12_site-packages_pip --> node_venv_lib_python3_12_site-packages_pip__vendor["_vendor"]\n    node_venv_lib_python3_12_site-packages_pip__vendor --> node_venv_lib_python3_12_site-packages_pip__vendor_rich["rich"]\n    node_venv_lib_python3_12_site-packages_pip__vendor_rich --> node_venv_lib_python3_12_site-packages_pip__vendor_rich__win32_console_py["_win32_console.py"]\n    Root --> node_venv["venv"]\n    node_venv --> node_venv_lib["lib"]\n    node_venv_lib --> node_venv_lib_python3_12["python3.12"]\n    node_venv_lib_python3_12 --> node_venv_lib_python3_12_site-packages["site-packages"]\n    node_venv_lib_python3_12_site-packages --> node_venv_lib_python3_12_site-packages_pip["pip"]\n    node_venv_lib_python3_12_site-packages_pip --> node_venv_lib_python3_12_site-packages_pip__vendor["_vendor"]\n    node_venv_lib_python3_12_site-packages_pip__vendor --> node_venv_lib_python3_12_site-packages_pip__vendor_rich["rich"]\n    node_venv_lib_python3_12_site-packages_pip__vendor_rich --> node_venv_lib_python3_12_site-packages_pip__vendor_rich__windows_py["_windows.py"]\n    Root --> node_venv["venv"]\n    node_venv --> node_venv_lib["lib"]\n    node_venv_lib --> node_venv_lib_python3_12["python3.12"]\n    node_venv_lib_python3_12 --> node_venv_lib_python3_12_site-packages["site-packages"]\n    node_venv_lib_python3_12_site-packages --> node_venv_lib_python3_12_site-packages_pip["pip"]\n    node_venv_lib_python3_12_site-packages_pip --> node_venv_lib_python3_12_site-packages_pip__vendor["_vendor"]\n    node_venv_lib_python3_12_site-packages_pip__vendor --> node_venv_lib_python3_12_site-packages_pip__vendor_rich["rich"]\n    node_venv_lib_python3_12_site-packages_pip__vendor_rich --> node_venv_lib_python3_12_site-packages_pip__vendor_rich__windows_renderer_py["_windows_renderer.py"]\n    Root --> node_venv["venv"]\n    node_venv --> node_venv_lib["lib"]\n    node_venv_lib --> node_venv_lib_python3_12["python3.12"]\n    node_venv_lib_python3_12 --> node_venv_lib_python3_12_site-packages["site-packages"]\n    node_venv_lib_python3_12_site-packages --> node_venv_lib_python3_12_site-packages_pip["pip"]\n    node_venv_lib_python3_12_site-packages_pip --> node_venv_lib_python3_12_site-packages_pip__vendor["_vendor"]\n    node_venv_lib_python3_12_site-packages_pip__vendor --> node_venv_lib_python3_12_site-packages_pip__vendor_rich["rich"]\n    node_venv_lib_python3_12_site-packages_pip__vendor_rich --> node_venv_lib_python3_12_site-packages_pip__vendor_rich__wrap_py["_wrap.py"]\n    Root --> node_venv["venv"]\n    node_venv --> node_venv_lib["lib"]\n    node_venv_lib --> node_venv_lib_python3_12["python3.12"]\n    node_venv_lib_python3_12 --> node_venv_lib_python3_12_site-packages["site-packages"]\n    node_venv_lib_python3_12_site-packages --> node_venv_lib_python3_12_site-packages_pip["pip"]\n    node_venv_lib_python3_12_site-packages_pip --> node_venv_lib_python3_12_site-packages_pip__vendor["_vendor"]\n    node_venv_lib_python3_12_site-packages_pip__vendor --> node_venv_lib_python3_12_site-packages_pip__vendor_rich["rich"]\n    node_venv_lib_python3_12_site-packages_pip__vendor_rich --> node_venv_lib_python3_12_site-packages_pip__vendor_rich_abc_py["abc.py"]\n    Root --> node_venv["venv"]\n    node_venv --> node_venv_lib["lib"]\n    node_venv_lib --> node_venv_lib_python3_12["python3.12"]\n    node_venv_lib_python3_12 --> node_venv_lib_python3_12_site-packages["site-packages"]\n    node_venv_lib_python3_12_site-packages --> node_venv_lib_python3_12_site-packages_pip["pip"]\n    node_venv_lib_python3_12_site-packages_pip --> node_venv_lib_python3_12_site-packages_pip__vendor["_vendor"]\n    node_venv_lib_python3_12_site-packages_pip__vendor --> node_venv_lib_python3_12_site-packages_pip__vendor_rich["rich"]\n    node_venv_lib_python3_12_site-packages_pip__vendor_rich --> node_venv_lib_python3_12_site-packages_pip__vendor_rich_align_py["align.py"]\n    Root --> node_venv["venv"]\n    node_venv --> node_venv_lib["lib"]\n    node_venv_lib --> node_venv_lib_python3_12["python3.12"]\n    node_venv_lib_python3_12 --> node_venv_lib_python3_12_site-packages["site-packages"]\n    node_venv_lib_python3_12_site-packages --> node_venv_lib_python3_12_site-packages_pip["pip"]\n    node_venv_lib_python3_12_site-packages_pip --> node_venv_lib_python3_12_site-packages_pip__vendor["_vendor"]\n    node_venv_lib_python3_12_site-packages_pip__vendor --> node_venv_lib_python3_12_site-packages_pip__vendor_rich["rich"]\n    node_venv_lib_python3_12_site-packages_pip__vendor_rich --> node_venv_lib_python3_12_site-packages_pip__vendor_rich_ansi_py["ansi.py"]\n    Root --> node_venv["venv"]\n    node_venv --> node_venv_lib["lib"]\n    node_venv_lib --> node_venv_lib_python3_12["python3.12"]\n    node_venv_lib_python3_12 --> node_venv_lib_python3_12_site-packages["site-packages"]\n    node_venv_lib_python3_12_site-packages --> node_venv_lib_python3_12_site-packages_pip["pip"]\n    node_venv_lib_python3_12_site-packages_pip --> node_venv_lib_python3_12_site-packages_pip__vendor["_vendor"]\n    node_venv_lib_python3_12_site-packages_pip__vendor --> node_venv_lib_python3_12_site-packages_pip__vendor_rich["rich"]\n    node_venv_lib_python3_12_site-packages_pip__vendor_rich --> node_venv_lib_python3_12_site-packages_pip__vendor_rich_bar_py["bar.py"]\n    Root --> node_venv["venv"]\n    node_venv --> node_venv_lib["lib"]\n    node_venv_lib --> node_venv_lib_python3_12["python3.12"]\n    node_venv_lib_python3_12 --> node_venv_lib_python3_12_site-packages["site-packages"]\n    node_venv_lib_python3_12_site-packages --> node_venv_lib_python3_12_site-packages_pip["pip"]\n    node_venv_lib_python3_12_site-packages_pip --> node_venv_lib_python3_12_site-packages_pip__vendor["_vendor"]\n    node_venv_lib_python3_12_site-packages_pip__vendor --> node_venv_lib_python3_12_site-packages_pip__vendor_rich["rich"]\n    node_venv_lib_python3_12_site-packages_pip__vendor_rich --> node_venv_lib_python3_12_site-packages_pip__vendor_rich_box_py["box.py"]\n    Root --> node_venv["venv"]\n    node_venv --> node_venv_lib["lib"]\n    node_venv_lib --> node_venv_lib_python3_12["python3.12"]\n    node_venv_lib_python3_12 --> node_venv_lib_python3_12_site-packages["site-packages"]\n    node_venv_lib_python3_12_site-packages --> node_venv_lib_python3_12_site-packages_pip["pip"]\n    node_venv_lib_python3_12_site-packages_pip --> node_venv_lib_python3_12_site-packages_pip__vendor["_vendor"]\n    node_venv_lib_python3_12_site-packages_pip__vendor --> node_venv_lib_python3_12_site-packages_pip__vendor_rich["rich"]\n    node_venv_lib_python3_12_site-packages_pip__vendor_rich --> node_venv_lib_python3_12_site-packages_pip__vendor_rich_cells_py["cells.py"]\n    Root --> node_venv["venv"]\n    node_venv --> node_venv_lib["lib"]\n    node_venv_lib --> node_venv_lib_python3_12["python3.12"]\n    node_venv_lib_python3_12 --> node_venv_lib_python3_12_site-packages["site-packages"]\n    node_venv_lib_python3_12_site-packages --> node_venv_lib_python3_12_site-packages_pip["pip"]\n    node_venv_lib_python3_12_site-packages_pip --> node_venv_lib_python3_12_site-packages_pip__vendor["_vendor"]\n    node_venv_lib_python3_12_site-packages_pip__vendor --> node_venv_lib_python3_12_site-packages_pip__vendor_rich["rich"]\n    node_venv_lib_python3_12_site-packages_pip__vendor_rich --> node_venv_lib_python3_12_site-packages_pip__vendor_rich_color_py["color.py"]\n    Root --> node_venv["venv"]\n    node_venv --> node_venv_lib["lib"]\n    node_venv_lib --> node_venv_lib_python3_12["python3.12"]\n    node_venv_lib_python3_12 --> node_venv_lib_python3_12_site-packages["site-packages"]\n    node_venv_lib_python3_12_site-packages --> node_venv_lib_python3_12_site-packages_pip["pip"]\n    node_venv_lib_python3_12_site-packages_pip --> node_venv_lib_python3_12_site-packages_pip__vendor["_vendor"]\n    node_venv_lib_python3_12_site-packages_pip__vendor --> node_venv_lib_python3_12_site-packages_pip__vendor_rich["rich"]\n    node_venv_lib_python3_12_site-packages_pip__vendor_rich --> node_venv_lib_python3_12_site-packages_pip__vendor_rich_color_triplet_py["color_triplet.py"]\n    Root --> node_venv["venv"]\n    node_venv --> node_venv_lib["lib"]\n    node_venv_lib --> node_venv_lib_python3_12["python3.12"]\n    node_venv_lib_python3_12 --> node_venv_lib_python3_12_site-packages["site-packages"]\n    node_venv_lib_python3_12_site-packages --> node_venv_lib_python3_12_site-packages_pip["pip"]\n    node_venv_lib_python3_12_site-packages_pip --> node_venv_lib_python3_12_site-packages_pip__vendor["_vendor"]\n    node_venv_lib_python3_12_site-packages_pip__vendor --> node_venv_lib_python3_12_site-packages_pip__vendor_rich["rich"]\n    node_venv_lib_python3_12_site-packages_pip__vendor_rich --> node_venv_lib_python3_12_site-packages_pip__vendor_rich_columns_py["columns.py"]\n    Root --> node_venv["venv"]\n    node_venv --> node_venv_lib["lib"]\n    node_venv_lib --> node_venv_lib_python3_12["python3.12"]\n    node_venv_lib_python3_12 --> node_venv_lib_python3_12_site-packages["site-packages"]\n    node_venv_lib_python3_12_site-packages --> node_venv_lib_python3_12_site-packages_pip["pip"]\n    node_venv_lib_python3_12_site-packages_pip --> node_venv_lib_python3_12_site-packages_pip__vendor["_vendor"]\n    node_venv_lib_python3_12_site-packages_pip__vendor --> node_venv_lib_python3_12_site-packages_pip__vendor_rich["rich"]\n    node_venv_lib_python3_12_site-packages_pip__vendor_rich --> node_venv_lib_python3_12_site-packages_pip__vendor_rich_console_py["console.py"]\n    Root --> node_venv["venv"]\n    node_venv --> node_venv_lib["lib"]\n    node_venv_lib --> node_venv_lib_python3_12["python3.12"]\n    node_venv_lib_python3_12 --> node_venv_lib_python3_12_site-packages["site-packages"]\n    node_venv_lib_python3_12_site-packages --> node_venv_lib_python3_12_site-packages_pip["pip"]\n    node_venv_lib_python3_12_site-packages_pip --> node_venv_lib_python3_12_site-packages_pip__vendor["_vendor"]\n    node_venv_lib_python3_12_site-packages_pip__vendor --> node_venv_lib_python3_12_site-packages_pip__vendor_rich["rich"]\n    node_venv_lib_python3_12_site-packages_pip__vendor_rich --> node_venv_lib_python3_12_site-packages_pip__vendor_rich_constrain_py["constrain.py"]\n    Root --> node_venv["venv"]\n    node_venv --> node_venv_lib["lib"]\n    node_venv_lib --> node_venv_lib_python3_12["python3.12"]\n    node_venv_lib_python3_12 --> node_venv_lib_python3_12_site-packages["site-packages"]\n    node_venv_lib_python3_12_site-packages --> node_venv_lib_python3_12_site-packages_pip["pip"]\n    node_venv_lib_python3_12_site-packages_pip --> node_venv_lib_python3_12_site-packages_pip__vendor["_vendor"]\n    node_venv_lib_python3_12_site-packages_pip__vendor --> node_venv_lib_python3_12_site-packages_pip__vendor_rich["rich"]\n    node_venv_lib_python3_12_site-packages_pip__vendor_rich --> node_venv_lib_python3_12_site-packages_pip__vendor_rich_containers_py["containers.py"]\n    Root --> node_venv["venv"]\n    node_venv --> node_venv_lib["lib"]\n    node_venv_lib --> node_venv_lib_python3_12["python3.12"]\n    node_venv_lib_python3_12 --> node_venv_lib_python3_12_site-packages["site-packages"]\n    node_venv_lib_python3_12_site-packages --> node_venv_lib_python3_12_site-packages_pip["pip"]\n    node_venv_lib_python3_12_site-packages_pip --> node_venv_lib_python3_12_site-packages_pip__vendor["_vendor"]\n    node_venv_lib_python3_12_site-packages_pip__vendor --> node_venv_lib_python3_12_site-packages_pip__vendor_rich["rich"]\n    node_venv_lib_python3_12_site-packages_pip__vendor_rich --> node_venv_lib_python3_12_site-packages_pip__vendor_rich_control_py["control.py"]\n    Root --> node_venv["venv"]\n    node_venv --> node_venv_lib["lib"]\n    node_venv_lib --> node_venv_lib_python3_12["python3.12"]\n    node_venv_lib_python3_12 --> node_venv_lib_python3_12_site-packages["site-packages"]\n    node_venv_lib_python3_12_site-packages --> node_venv_lib_python3_12_site-packages_pip["pip"]\n    node_venv_lib_python3_12_site-packages_pip --> node_venv_lib_python3_12_site-packages_pip__vendor["_vendor"]\n    node_venv_lib_python3_12_site-packages_pip__vendor --> node_venv_lib_python3_12_site-packages_pip__vendor_rich["rich"]\n    node_venv_lib_python3_12_site-packages_pip__vendor_rich --> node_venv_lib_python3_12_site-packages_pip__vendor_rich_default_styles_py["default_styles.py"]\n    Root --> node_venv["venv"]\n    node_venv --> node_venv_lib["lib"]\n    node_venv_lib --> node_venv_lib_python3_12["python3.12"]\n    node_venv_lib_python3_12 --> node_venv_lib_python3_12_site-packages["site-packages"]\n    node_venv_lib_python3_12_site-packages --> node_venv_lib_python3_12_site-packages_pip["pip"]\n    node_venv_lib_python3_12_site-packages_pip --> node_venv_lib_python3_12_site-packages_pip__vendor["_vendor"]\n    node_venv_lib_python3_12_site-packages_pip__vendor --> node_venv_lib_python3_12_site-packages_pip__vendor_rich["rich"]\n    node_venv_lib_python3_12_site-packages_pip__vendor_rich --> node_venv_lib_python3_12_site-packages_pip__vendor_rich_diagnose_py["diagnose.py"]\n    Root --> node_venv["venv"]\n    node_venv --> node_venv_lib["lib"]\n    node_venv_lib --> node_venv_lib_python3_12["python3.12"]\n    node_venv_lib_python3_12 --> node_venv_lib_python3_12_site-packages["site-packages"]\n    node_venv_lib_python3_12_site-packages --> node_venv_lib_python3_12_site-packages_pip["pip"]\n    node_venv_lib_python3_12_site-packages_pip --> node_venv_lib_python3_12_site-packages_pip__vendor["_vendor"]\n    node_venv_lib_python3_12_site-packages_pip__vendor --> node_venv_lib_python3_12_site-packages_pip__vendor_rich["rich"]\n    node_venv_lib_python3_12_site-packages_pip__vendor_rich --> node_venv_lib_python3_12_site-packages_pip__vendor_rich_emoji_py["emoji.py"]\n    Root --> node_venv["venv"]\n    node_venv --> node_venv_lib["lib"]\n    node_venv_lib --> node_venv_lib_python3_12["python3.12"]\n    node_venv_lib_python3_12 --> node_venv_lib_python3_12_site-packages["site-packages"]\n    node_venv_lib_python3_12_site-packages --> node_venv_lib_python3_12_site-packages_pip["pip"]\n    node_venv_lib_python3_12_site-packages_pip --> node_venv_lib_python3_12_site-packages_pip__vendor["_vendor"]\n    node_venv_lib_python3_12_site-packages_pip__vendor --> node_venv_lib_python3_12_site-packages_pip__vendor_rich["rich"]\n    node_venv_lib_python3_12_site-packages_pip__vendor_rich --> node_venv_lib_python3_12_site-packages_pip__vendor_rich_errors_py["errors.py"]\n    Root --> node_venv["venv"]\n    node_venv --> node_venv_lib["lib"]\n    node_venv_lib --> node_venv_lib_python3_12["python3.12"]\n    node_venv_lib_python3_12 --> node_venv_lib_python3_12_site-packages["site-packages"]\n    node_venv_lib_python3_12_site-packages --> node_venv_lib_python3_12_site-packages_pip["pip"]\n    node_venv_lib_python3_12_site-packages_pip --> node_venv_lib_python3_12_site-packages_pip__vendor["_vendor"]\n    node_venv_lib_python3_12_site-packages_pip__vendor --> node_venv_lib_python3_12_site-packages_pip__vendor_rich["rich"]\n    node_venv_lib_python3_12_site-packages_pip__vendor_rich --> node_venv_lib_python3_12_site-packages_pip__vendor_rich_file_proxy_py["file_proxy.py"]\n    Root --> node_venv["venv"]\n    node_venv --> node_venv_lib["lib"]\n    node_venv_lib --> node_venv_lib_python3_12["python3.12"]\n    node_venv_lib_python3_12 --> node_venv_lib_python3_12_site-packages["site-packages"]\n    node_venv_lib_python3_12_site-packages --> node_venv_lib_python3_12_site-packages_pip["pip"]\n    node_venv_lib_python3_12_site-packages_pip --> node_venv_lib_python3_12_site-packages_pip__vendor["_vendor"]\n    node_venv_lib_python3_12_site-packages_pip__vendor --> node_venv_lib_python3_12_site-packages_pip__vendor_rich["rich"]\n    node_venv_lib_python3_12_site-packages_pip__vendor_rich --> node_venv_lib_python3_12_site-packages_pip__vendor_rich_filesize_py["filesize.py"]\n    Root --> node_venv["venv"]\n    node_venv --> node_venv_lib["lib"]\n    node_venv_lib --> node_venv_lib_python3_12["python3.12"]\n    node_venv_lib_python3_12 --> node_venv_lib_python3_12_site-packages["site-packages"]\n    node_venv_lib_python3_12_site-packages --> node_venv_lib_python3_12_site-packages_pip["pip"]\n    node_venv_lib_python3_12_site-packages_pip --> node_venv_lib_python3_12_site-packages_pip__vendor["_vendor"]\n    node_venv_lib_python3_12_site-packages_pip__vendor --> node_venv_lib_python3_12_site-packages_pip__vendor_rich["rich"]\n    node_venv_lib_python3_12_site-packages_pip__vendor_rich --> node_venv_lib_python3_12_site-packages_pip__vendor_rich_highlighter_py["highlighter.py"]\n    Root --> node_venv["venv"]\n    node_venv --> node_venv_lib["lib"]\n    node_venv_lib --> node_venv_lib_python3_12["python3.12"]\n    node_venv_lib_python3_12 --> node_venv_lib_python3_12_site-packages["site-packages"]\n    node_venv_lib_python3_12_site-packages --> node_venv_lib_python3_12_site-packages_pip["pip"]\n    node_venv_lib_python3_12_site-packages_pip --> node_venv_lib_python3_12_site-packages_pip__vendor["_vendor"]\n    node_venv_lib_python3_12_site-packages_pip__vendor --> node_venv_lib_python3_12_site-packages_pip__vendor_rich["rich"]\n    node_venv_lib_python3_12_site-packages_pip__vendor_rich --> node_venv_lib_python3_12_site-packages_pip__vendor_rich_json_py["json.py"]\n    Root --> node_venv["venv"]\n    node_venv --> node_venv_lib["lib"]\n    node_venv_lib --> node_venv_lib_python3_12["python3.12"]\n    node_venv_lib_python3_12 --> node_venv_lib_python3_12_site-packages["site-packages"]\n    node_venv_lib_python3_12_site-packages --> node_venv_lib_python3_12_site-packages_pip["pip"]\n    node_venv_lib_python3_12_site-packages_pip --> node_venv_lib_python3_12_site-packages_pip__vendor["_vendor"]\n    node_venv_lib_python3_12_site-packages_pip__vendor --> node_venv_lib_python3_12_site-packages_pip__vendor_rich["rich"]\n    node_venv_lib_python3_12_site-packages_pip__vendor_rich --> node_venv_lib_python3_12_site-packages_pip__vendor_rich_jupyter_py["jupyter.py"]\n    Root --> node_venv["venv"]\n    node_venv --> node_venv_lib["lib"]\n    node_venv_lib --> node_venv_lib_python3_12["python3.12"]\n    node_venv_lib_python3_12 --> node_venv_lib_python3_12_site-packages["site-packages"]\n    node_venv_lib_python3_12_site-packages --> node_venv_lib_python3_12_site-packages_pip["pip"]\n    node_venv_lib_python3_12_site-packages_pip --> node_venv_lib_python3_12_site-packages_pip__vendor["_vendor"]\n    node_venv_lib_python3_12_site-packages_pip__vendor --> node_venv_lib_python3_12_site-packages_pip__vendor_rich["rich"]\n    node_venv_lib_python3_12_site-packages_pip__vendor_rich --> node_venv_lib_python3_12_site-packages_pip__vendor_rich_layout_py["layout.py"]\n    Root --> node_venv["venv"]\n    node_venv --> node_venv_lib["lib"]\n    node_venv_lib --> node_venv_lib_python3_12["python3.12"]\n    node_venv_lib_python3_12 --> node_venv_lib_python3_12_site-packages["site-packages"]\n    node_venv_lib_python3_12_site-packages --> node_venv_lib_python3_12_site-packages_pip["pip"]\n    node_venv_lib_python3_12_site-packages_pip --> node_venv_lib_python3_12_site-packages_pip__vendor["_vendor"]\n    node_venv_lib_python3_12_site-packages_pip__vendor --> node_venv_lib_python3_12_site-packages_pip__vendor_rich["rich"]\n    node_venv_lib_python3_12_site-packages_pip__vendor_rich --> node_venv_lib_python3_12_site-packages_pip__vendor_rich_live_py["live.py"]\n    Root --> node_venv["venv"]\n    node_venv --> node_venv_lib["lib"]\n    node_venv_lib --> node_venv_lib_python3_12["python3.12"]\n    node_venv_lib_python3_12 --> node_venv_lib_python3_12_site-packages["site-packages"]\n    node_venv_lib_python3_12_site-packages --> node_venv_lib_python3_12_site-packages_pip["pip"]\n    node_venv_lib_python3_12_site-packages_pip --> node_venv_lib_python3_12_site-packages_pip__vendor["_vendor"]\n    node_venv_lib_python3_12_site-packages_pip__vendor --> node_venv_lib_python3_12_site-packages_pip__vendor_rich["rich"]\n    node_venv_lib_python3_12_site-packages_pip__vendor_rich --> node_venv_lib_python3_12_site-packages_pip__vendor_rich_live_render_py["live_render.py"]\n    Root --> node_venv["venv"]\n    node_venv --> node_venv_lib["lib"]\n    node_venv_lib --> node_venv_lib_python3_12["python3.12"]\n    node_venv_lib_python3_12 --> node_venv_lib_python3_12_site-packages["site-packages"]\n    node_venv_lib_python3_12_site-packages --> node_venv_lib_python3_12_site-packages_pip["pip"]\n    node_venv_lib_python3_12_site-packages_pip --> node_venv_lib_python3_12_site-packages_pip__vendor["_vendor"]\n    node_venv_lib_python3_12_site-packages_pip__vendor --> node_venv_lib_python3_12_site-packages_pip__vendor_rich["rich"]\n    node_venv_lib_python3_12_site-packages_pip__vendor_rich --> node_venv_lib_python3_12_site-packages_pip__vendor_rich_logging_py["logging.py"]\n    Root --> node_venv["venv"]\n    node_venv --> node_venv_lib["lib"]\n    node_venv_lib --> node_venv_lib_python3_12["python3.12"]\n    node_venv_lib_python3_12 --> node_venv_lib_python3_12_site-packages["site-packages"]\n    node_venv_lib_python3_12_site-packages --> node_venv_lib_python3_12_site-packages_pip["pip"]\n    node_venv_lib_python3_12_site-packages_pip --> node_venv_lib_python3_12_site-packages_pip__vendor["_vendor"]\n    node_venv_lib_python3_12_site-packages_pip__vendor --> node_venv_lib_python3_12_site-packages_pip__vendor_rich["rich"]\n    node_venv_lib_python3_12_site-packages_pip__vendor_rich --> node_venv_lib_python3_12_site-packages_pip__vendor_rich_markup_py["markup.py"]\n    Root --> node_venv["venv"]\n    node_venv --> node_venv_lib["lib"]\n    node_venv_lib --> node_venv_lib_python3_12["python3.12"]\n    node_venv_lib_python3_12 --> node_venv_lib_python3_12_site-packages["site-packages"]\n    node_venv_lib_python3_12_site-packages --> node_venv_lib_python3_12_site-packages_pip["pip"]\n    node_venv_lib_python3_12_site-packages_pip --> node_venv_lib_python3_12_site-packages_pip__vendor["_vendor"]\n    node_venv_lib_python3_12_site-packages_pip__vendor --> node_venv_lib_python3_12_site-packages_pip__vendor_rich["rich"]\n    node_venv_lib_python3_12_site-packages_pip__vendor_rich --> node_venv_lib_python3_12_site-packages_pip__vendor_rich_measure_py["measure.py"]\n    Root --> node_venv["venv"]\n    node_venv --> node_venv_lib["lib"]\n    node_venv_lib --> node_venv_lib_python3_12["python3.12"]\n    node_venv_lib_python3_12 --> node_venv_lib_python3_12_site-packages["site-packages"]\n    node_venv_lib_python3_12_site-packages --> node_venv_lib_python3_12_site-packages_pip["pip"]\n    node_venv_lib_python3_12_site-packages_pip --> node_venv_lib_python3_12_site-packages_pip__vendor["_vendor"]\n    node_venv_lib_python3_12_site-packages_pip__vendor --> node_venv_lib_python3_12_site-packages_pip__vendor_rich["rich"]\n    node_venv_lib_python3_12_site-packages_pip__vendor_rich --> node_venv_lib_python3_12_site-packages_pip__vendor_rich_padding_py["padding.py"]\n    Root --> node_venv["venv"]\n    node_venv --> node_venv_lib["lib"]\n    node_venv_lib --> node_venv_lib_python3_12["python3.12"]\n    node_venv_lib_python3_12 --> node_venv_lib_python3_12_site-packages["site-packages"]\n    node_venv_lib_python3_12_site-packages --> node_venv_lib_python3_12_site-packages_pip["pip"]\n    node_venv_lib_python3_12_site-packages_pip --> node_venv_lib_python3_12_site-packages_pip__vendor["_vendor"]\n    node_venv_lib_python3_12_site-packages_pip__vendor --> node_venv_lib_python3_12_site-packages_pip__vendor_rich["rich"]\n    node_venv_lib_python3_12_site-packages_pip__vendor_rich --> node_venv_lib_python3_12_site-packages_pip__vendor_rich_pager_py["pager.py"]\n    Root --> node_venv["venv"]\n    node_venv --> node_venv_lib["lib"]\n    node_venv_lib --> node_venv_lib_python3_12["python3.12"]\n    node_venv_lib_python3_12 --> node_venv_lib_python3_12_site-packages["site-packages"]\n    node_venv_lib_python3_12_site-packages --> node_venv_lib_python3_12_site-packages_pip["pip"]\n    node_venv_lib_python3_12_site-packages_pip --> node_venv_lib_python3_12_site-packages_pip__vendor["_vendor"]\n    node_venv_lib_python3_12_site-packages_pip__vendor --> node_venv_lib_python3_12_site-packages_pip__vendor_rich["rich"]\n    node_venv_lib_python3_12_site-packages_pip__vendor_rich --> node_venv_lib_python3_12_site-packages_pip__vendor_rich_palette_py["palette.py"]\n    Root --> node_venv["venv"]\n    node_venv --> node_venv_lib["lib"]\n    node_venv_lib --> node_venv_lib_python3_12["python3.12"]\n    node_venv_lib_python3_12 --> node_venv_lib_python3_12_site-packages["site-packages"]\n    node_venv_lib_python3_12_site-packages --> node_venv_lib_python3_12_site-packages_pip["pip"]\n    node_venv_lib_python3_12_site-packages_pip --> node_venv_lib_python3_12_site-packages_pip__vendor["_vendor"]\n    node_venv_lib_python3_12_site-packages_pip__vendor --> node_venv_lib_python3_12_site-packages_pip__vendor_rich["rich"]\n    node_venv_lib_python3_12_site-packages_pip__vendor_rich --> node_venv_lib_python3_12_site-packages_pip__vendor_rich_panel_py["panel.py"]\n    Root --> node_venv["venv"]\n    node_venv --> node_venv_lib["lib"]\n    node_venv_lib --> node_venv_lib_python3_12["python3.12"]\n    node_venv_lib_python3_12 --> node_venv_lib_python3_12_site-packages["site-packages"]\n    node_venv_lib_python3_12_site-packages --> node_venv_lib_python3_12_site-packages_pip["pip"]\n    node_venv_lib_python3_12_site-packages_pip --> node_venv_lib_python3_12_site-packages_pip__vendor["_vendor"]\n    node_venv_lib_python3_12_site-packages_pip__vendor --> node_venv_lib_python3_12_site-packages_pip__vendor_rich["rich"]\n    node_venv_lib_python3_12_site-packages_pip__vendor_rich --> node_venv_lib_python3_12_site-packages_pip__vendor_rich_pretty_py["pretty.py"]\n    Root --> node_venv["venv"]\n    node_venv --> node_venv_lib["lib"]\n    node_venv_lib --> node_venv_lib_python3_12["python3.12"]\n    node_venv_lib_python3_12 --> node_venv_lib_python3_12_site-packages["site-packages"]\n    node_venv_lib_python3_12_site-packages --> node_venv_lib_python3_12_site-packages_pip["pip"]\n    node_venv_lib_python3_12_site-packages_pip --> node_venv_lib_python3_12_site-packages_pip__vendor["_vendor"]\n    node_venv_lib_python3_12_site-packages_pip__vendor --> node_venv_lib_python3_12_site-packages_pip__vendor_rich["rich"]\n    node_venv_lib_python3_12_site-packages_pip__vendor_rich --> node_venv_lib_python3_12_site-packages_pip__vendor_rich_progress_py["progress.py"]\n    Root --> node_venv["venv"]\n    node_venv --> node_venv_lib["lib"]\n    node_venv_lib --> node_venv_lib_python3_12["python3.12"]\n    node_venv_lib_python3_12 --> node_venv_lib_python3_12_site-packages["site-packages"]\n    node_venv_lib_python3_12_site-packages --> node_venv_lib_python3_12_site-packages_pip["pip"]\n    node_venv_lib_python3_12_site-packages_pip --> node_venv_lib_python3_12_site-packages_pip__vendor["_vendor"]\n    node_venv_lib_python3_12_site-packages_pip__vendor --> node_venv_lib_python3_12_site-packages_pip__vendor_rich["rich"]\n    node_venv_lib_python3_12_site-packages_pip__vendor_rich --> node_venv_lib_python3_12_site-packages_pip__vendor_rich_progress_bar_py["progress_bar.py"]\n    Root --> node_venv["venv"]\n    node_venv --> node_venv_lib["lib"]\n    node_venv_lib --> node_venv_lib_python3_12["python3.12"]\n    node_venv_lib_python3_12 --> node_venv_lib_python3_12_site-packages["site-packages"]\n    node_venv_lib_python3_12_site-packages --> node_venv_lib_python3_12_site-packages_pip["pip"]\n    node_venv_lib_python3_12_site-packages_pip --> node_venv_lib_python3_12_site-packages_pip__vendor["_vendor"]\n    node_venv_lib_python3_12_site-packages_pip__vendor --> node_venv_lib_python3_12_site-packages_pip__vendor_rich["rich"]\n    node_venv_lib_python3_12_site-packages_pip__vendor_rich --> node_venv_lib_python3_12_site-packages_pip__vendor_rich_prompt_py["prompt.py"]\n    Root --> node_venv["venv"]\n    node_venv --> node_venv_lib["lib"]\n    node_venv_lib --> node_venv_lib_python3_12["python3.12"]\n    node_venv_lib_python3_12 --> node_venv_lib_python3_12_site-packages["site-packages"]\n    node_venv_lib_python3_12_site-packages --> node_venv_lib_python3_12_site-packages_pip["pip"]\n    node_venv_lib_python3_12_site-packages_pip --> node_venv_lib_python3_12_site-packages_pip__vendor["_vendor"]\n    node_venv_lib_python3_12_site-packages_pip__vendor --> node_venv_lib_python3_12_site-packages_pip__vendor_rich["rich"]\n    node_venv_lib_python3_12_site-packages_pip__vendor_rich --> node_venv_lib_python3_12_site-packages_pip__vendor_rich_protocol_py["protocol.py"]\n    Root --> node_venv["venv"]\n    node_venv --> node_venv_lib["lib"]\n    node_venv_lib --> node_venv_lib_python3_12["python3.12"]\n    node_venv_lib_python3_12 --> node_venv_lib_python3_12_site-packages["site-packages"]\n    node_venv_lib_python3_12_site-packages --> node_venv_lib_python3_12_site-packages_pip["pip"]\n    node_venv_lib_python3_12_site-packages_pip --> node_venv_lib_python3_12_site-packages_pip__vendor["_vendor"]\n    node_venv_lib_python3_12_site-packages_pip__vendor --> node_venv_lib_python3_12_site-packages_pip__vendor_rich["rich"]\n    node_venv_lib_python3_12_site-packages_pip__vendor_rich --> node_venv_lib_python3_12_site-packages_pip__vendor_rich_py_typed["py.typed"]\n    Root --> node_venv["venv"]\n    node_venv --> node_venv_lib["lib"]\n    node_venv_lib --> node_venv_lib_python3_12["python3.12"]\n    node_venv_lib_python3_12 --> node_venv_lib_python3_12_site-packages["site-packages"]\n    node_venv_lib_python3_12_site-packages --> node_venv_lib_python3_12_site-packages_pip["pip"]\n    node_venv_lib_python3_12_site-packages_pip --> node_venv_lib_python3_12_site-packages_pip__vendor["_vendor"]\n    node_venv_lib_python3_12_site-packages_pip__vendor --> node_venv_lib_python3_12_site-packages_pip__vendor_rich["rich"]\n    node_venv_lib_python3_12_site-packages_pip__vendor_rich --> node_venv_lib_python3_12_site-packages_pip__vendor_rich_region_py["region.py"]\n    Root --> node_venv["venv"]\n    node_venv --> node_venv_lib["lib"]\n    node_venv_lib --> node_venv_lib_python3_12["python3.12"]\n    node_venv_lib_python3_12 --> node_venv_lib_python3_12_site-packages["site-packages"]\n    node_venv_lib_python3_12_site-packages --> node_venv_lib_python3_12_site-packages_pip["pip"]\n    node_venv_lib_python3_12_site-packages_pip --> node_venv_lib_python3_12_site-packages_pip__vendor["_vendor"]\n    node_venv_lib_python3_12_site-packages_pip__vendor --> node_venv_lib_python3_12_site-packages_pip__vendor_rich["rich"]\n    node_venv_lib_python3_12_site-packages_pip__vendor_rich --> node_venv_lib_python3_12_site-packages_pip__vendor_rich_repr_py["repr.py"]\n    Root --> node_venv["venv"]\n    node_venv --> node_venv_lib["lib"]\n    node_venv_lib --> node_venv_lib_python3_12["python3.12"]\n    node_venv_lib_python3_12 --> node_venv_lib_python3_12_site-packages["site-packages"]\n    node_venv_lib_python3_12_site-packages --> node_venv_lib_python3_12_site-packages_pip["pip"]\n    node_venv_lib_python3_12_site-packages_pip --> node_venv_lib_python3_12_site-packages_pip__vendor["_vendor"]\n    node_venv_lib_python3_12_site-packages_pip__vendor --> node_venv_lib_python3_12_site-packages_pip__vendor_rich["rich"]\n    node_venv_lib_python3_12_site-packages_pip__vendor_rich --> node_venv_lib_python3_12_site-packages_pip__vendor_rich_rule_py["rule.py"]\n    Root --> node_venv["venv"]\n    node_venv --> node_venv_lib["lib"]\n    node_venv_lib --> node_venv_lib_python3_12["python3.12"]\n    node_venv_lib_python3_12 --> node_venv_lib_python3_12_site-packages["site-packages"]\n    node_venv_lib_python3_12_site-packages --> node_venv_lib_python3_12_site-packages_pip["pip"]\n    node_venv_lib_python3_12_site-packages_pip --> node_venv_lib_python3_12_site-packages_pip__vendor["_vendor"]\n    node_venv_lib_python3_12_site-packages_pip__vendor --> node_venv_lib_python3_12_site-packages_pip__vendor_rich["rich"]\n    node_venv_lib_python3_12_site-packages_pip__vendor_rich --> node_venv_lib_python3_12_site-packages_pip__vendor_rich_scope_py["scope.py"]\n    Root --> node_venv["venv"]\n    node_venv --> node_venv_lib["lib"]\n    node_venv_lib --> node_venv_lib_python3_12["python3.12"]\n    node_venv_lib_python3_12 --> node_venv_lib_python3_12_site-packages["site-packages"]\n    node_venv_lib_python3_12_site-packages --> node_venv_lib_python3_12_site-packages_pip["pip"]\n    node_venv_lib_python3_12_site-packages_pip --> node_venv_lib_python3_12_site-packages_pip__vendor["_vendor"]\n    node_venv_lib_python3_12_site-packages_pip__vendor --> node_venv_lib_python3_12_site-packages_pip__vendor_rich["rich"]\n    node_venv_lib_python3_12_site-packages_pip__vendor_rich --> node_venv_lib_python3_12_site-packages_pip__vendor_rich_screen_py["screen.py"]\n    Root --> node_venv["venv"]\n    node_venv --> node_venv_lib["lib"]\n    node_venv_lib --> node_venv_lib_python3_12["python3.12"]\n    node_venv_lib_python3_12 --> node_venv_lib_python3_12_site-packages["site-packages"]\n    node_venv_lib_python3_12_site-packages --> node_venv_lib_python3_12_site-packages_pip["pip"]\n    node_venv_lib_python3_12_site-packages_pip --> node_venv_lib_python3_12_site-packages_pip__vendor["_vendor"]\n    node_venv_lib_python3_12_site-packages_pip__vendor --> node_venv_lib_python3_12_site-packages_pip__vendor_rich["rich"]\n    node_venv_lib_python3_12_site-packages_pip__vendor_rich --> node_venv_lib_python3_12_site-packages_pip__vendor_rich_segment_py["segment.py"]\n    Root --> node_venv["venv"]\n    node_venv --> node_venv_lib["lib"]\n    node_venv_lib --> node_venv_lib_python3_12["python3.12"]\n    node_venv_lib_python3_12 --> node_venv_lib_python3_12_site-packages["site-packages"]\n    node_venv_lib_python3_12_site-packages --> node_venv_lib_python3_12_site-packages_pip["pip"]\n    node_venv_lib_python3_12_site-packages_pip --> node_venv_lib_python3_12_site-packages_pip__vendor["_vendor"]\n    node_venv_lib_python3_12_site-packages_pip__vendor --> node_venv_lib_python3_12_site-packages_pip__vendor_rich["rich"]\n    node_venv_lib_python3_12_site-packages_pip__vendor_rich --> node_venv_lib_python3_12_site-packages_pip__vendor_rich_spinner_py["spinner.py"]\n    Root --> node_venv["venv"]\n    node_venv --> node_venv_lib["lib"]\n    node_venv_lib --> node_venv_lib_python3_12["python3.12"]\n    node_venv_lib_python3_12 --> node_venv_lib_python3_12_site-packages["site-packages"]\n    node_venv_lib_python3_12_site-packages --> node_venv_lib_python3_12_site-packages_pip["pip"]\n    node_venv_lib_python3_12_site-packages_pip --> node_venv_lib_python3_12_site-packages_pip__vendor["_vendor"]\n    node_venv_lib_python3_12_site-packages_pip__vendor --> node_venv_lib_python3_12_site-packages_pip__vendor_rich["rich"]\n    node_venv_lib_python3_12_site-packages_pip__vendor_rich --> node_venv_lib_python3_12_site-packages_pip__vendor_rich_status_py["status.py"]\n    Root --> node_venv["venv"]\n    node_venv --> node_venv_lib["lib"]\n    node_venv_lib --> node_venv_lib_python3_12["python3.12"]\n    node_venv_lib_python3_12 --> node_venv_lib_python3_12_site-packages["site-packages"]\n    node_venv_lib_python3_12_site-packages --> node_venv_lib_python3_12_site-packages_pip["pip"]\n    node_venv_lib_python3_12_site-packages_pip --> node_venv_lib_python3_12_site-packages_pip__vendor["_vendor"]\n    node_venv_lib_python3_12_site-packages_pip__vendor --> node_venv_lib_python3_12_site-packages_pip__vendor_rich["rich"]\n    node_venv_lib_python3_12_site-packages_pip__vendor_rich --> node_venv_lib_python3_12_site-packages_pip__vendor_rich_style_py["style.py"]\n    Root --> node_venv["venv"]\n    node_venv --> node_venv_lib["lib"]\n    node_venv_lib --> node_venv_lib_python3_12["python3.12"]\n    node_venv_lib_python3_12 --> node_venv_lib_python3_12_site-packages["site-packages"]\n    node_venv_lib_python3_12_site-packages --> node_venv_lib_python3_12_site-packages_pip["pip"]\n    node_venv_lib_python3_12_site-packages_pip --> node_venv_lib_python3_12_site-packages_pip__vendor["_vendor"]\n    node_venv_lib_python3_12_site-packages_pip__vendor --> node_venv_lib_python3_12_site-packages_pip__vendor_rich["rich"]\n    node_venv_lib_python3_12_site-packages_pip__vendor_rich --> node_venv_lib_python3_12_site-packages_pip__vendor_rich_styled_py["styled.py"]\n    Root --> node_venv["venv"]\n    node_venv --> node_venv_lib["lib"]\n    node_venv_lib --> node_venv_lib_python3_12["python3.12"]\n    node_venv_lib_python3_12 --> node_venv_lib_python3_12_site-packages["site-packages"]\n    node_venv_lib_python3_12_site-packages --> node_venv_lib_python3_12_site-packages_pip["pip"]\n    node_venv_lib_python3_12_site-packages_pip --> node_venv_lib_python3_12_site-packages_pip__vendor["_vendor"]\n    node_venv_lib_python3_12_site-packages_pip__vendor --> node_venv_lib_python3_12_site-packages_pip__vendor_rich["rich"]\n    node_venv_lib_python3_12_site-packages_pip__vendor_rich --> node_venv_lib_python3_12_site-packages_pip__vendor_rich_syntax_py["syntax.py"]\n    Root --> node_venv["venv"]\n    node_venv --> node_venv_lib["lib"]\n    node_venv_lib --> node_venv_lib_python3_12["python3.12"]\n    node_venv_lib_python3_12 --> node_venv_lib_python3_12_site-packages["site-packages"]\n    node_venv_lib_python3_12_site-packages --> node_venv_lib_python3_12_site-packages_pip["pip"]\n    node_venv_lib_python3_12_site-packages_pip --> node_venv_lib_python3_12_site-packages_pip__vendor["_vendor"]\n    node_venv_lib_python3_12_site-packages_pip__vendor --> node_venv_lib_python3_12_site-packages_pip__vendor_rich["rich"]\n    node_venv_lib_python3_12_site-packages_pip__vendor_rich --> node_venv_lib_python3_12_site-packages_pip__vendor_rich_table_py["table.py"]\n    Root --> node_venv["venv"]\n    node_venv --> node_venv_lib["lib"]\n    node_venv_lib --> node_venv_lib_python3_12["python3.12"]\n    node_venv_lib_python3_12 --> node_venv_lib_python3_12_site-packages["site-packages"]\n    node_venv_lib_python3_12_site-packages --> node_venv_lib_python3_12_site-packages_pip["pip"]\n    node_venv_lib_python3_12_site-packages_pip --> node_venv_lib_python3_12_site-packages_pip__vendor["_vendor"]\n    node_venv_lib_python3_12_site-packages_pip__vendor --> node_venv_lib_python3_12_site-packages_pip__vendor_rich["rich"]\n    node_venv_lib_python3_12_site-packages_pip__vendor_rich --> node_venv_lib_python3_12_site-packages_pip__vendor_rich_terminal_theme_py["terminal_theme.py"]\n    Root --> node_venv["venv"]\n    node_venv --> node_venv_lib["lib"]\n    node_venv_lib --> node_venv_lib_python3_12["python3.12"]\n    node_venv_lib_python3_12 --> node_venv_lib_python3_12_site-packages["site-packages"]\n    node_venv_lib_python3_12_site-packages --> node_venv_lib_python3_12_site-packages_pip["pip"]\n    node_venv_lib_python3_12_site-packages_pip --> node_venv_lib_python3_12_site-packages_pip__vendor["_vendor"]\n    node_venv_lib_python3_12_site-packages_pip__vendor --> node_venv_lib_python3_12_site-packages_pip__vendor_rich["rich"]\n    node_venv_lib_python3_12_site-packages_pip__vendor_rich --> node_venv_lib_python3_12_site-packages_pip__vendor_rich_text_py["text.py"]\n    Root --> node_venv["venv"]\n    node_venv --> node_venv_lib["lib"]\n    node_venv_lib --> node_venv_lib_python3_12["python3.12"]\n    node_venv_lib_python3_12 --> node_venv_lib_python3_12_site-packages["site-packages"]\n    node_venv_lib_python3_12_site-packages --> node_venv_lib_python3_12_site-packages_pip["pip"]\n    node_venv_lib_python3_12_site-packages_pip --> node_venv_lib_python3_12_site-packages_pip__vendor["_vendor"]\n    node_venv_lib_python3_12_site-packages_pip__vendor --> node_venv_lib_python3_12_site-packages_pip__vendor_rich["rich"]\n    node_venv_lib_python3_12_site-packages_pip__vendor_rich --> node_venv_lib_python3_12_site-packages_pip__vendor_rich_theme_py["theme.py"]\n    Root --> node_venv["venv"]\n    node_venv --> node_venv_lib["lib"]\n    node_venv_lib --> node_venv_lib_python3_12["python3.12"]\n    node_venv_lib_python3_12 --> node_venv_lib_python3_12_site-packages["site-packages"]\n    node_venv_lib_python3_12_site-packages --> node_venv_lib_python3_12_site-packages_pip["pip"]\n    node_venv_lib_python3_12_site-packages_pip --> node_venv_lib_python3_12_site-packages_pip__vendor["_vendor"]\n    node_venv_lib_python3_12_site-packages_pip__vendor --> node_venv_lib_python3_12_site-packages_pip__vendor_rich["rich"]\n    node_venv_lib_python3_12_site-packages_pip__vendor_rich --> node_venv_lib_python3_12_site-packages_pip__vendor_rich_themes_py["themes.py"]\n    Root --> node_venv["venv"]\n    node_venv --> node_venv_lib["lib"]\n    node_venv_lib --> node_venv_lib_python3_12["python3.12"]\n    node_venv_lib_python3_12 --> node_venv_lib_python3_12_site-packages["site-packages"]\n    node_venv_lib_python3_12_site-packages --> node_venv_lib_python3_12_site-packages_pip["pip"]\n    node_venv_lib_python3_12_site-packages_pip --> node_venv_lib_python3_12_site-packages_pip__vendor["_vendor"]\n    node_venv_lib_python3_12_site-packages_pip__vendor --> node_venv_lib_python3_12_site-packages_pip__vendor_rich["rich"]\n    node_venv_lib_python3_12_site-packages_pip__vendor_rich --> node_venv_lib_python3_12_site-packages_pip__vendor_rich_traceback_py["traceback.py"]\n    Root --> node_venv["venv"]\n    node_venv --> node_venv_lib["lib"]\n    node_venv_lib --> node_venv_lib_python3_12["python3.12"]\n    node_venv_lib_python3_12 --> node_venv_lib_python3_12_site-packages["site-packages"]\n    node_venv_lib_python3_12_site-packages --> node_venv_lib_python3_12_site-packages_pip["pip"]\n    node_venv_lib_python3_12_site-packages_pip --> node_venv_lib_python3_12_site-packages_pip__vendor["_vendor"]\n    node_venv_lib_python3_12_site-packages_pip__vendor --> node_venv_lib_python3_12_site-packages_pip__vendor_rich["rich"]\n    node_venv_lib_python3_12_site-packages_pip__vendor_rich --> node_venv_lib_python3_12_site-packages_pip__vendor_rich_tree_py["tree.py"]\n    Root --> node_venv["venv"]\n    node_venv --> node_venv_lib["lib"]\n    node_venv_lib --> node_venv_lib_python3_12["python3.12"]\n    node_venv_lib_python3_12 --> node_venv_lib_python3_12_site-packages["site-packages"]\n    node_venv_lib_python3_12_site-packages --> node_venv_lib_python3_12_site-packages_pip["pip"]\n    node_venv_lib_python3_12_site-packages_pip --> node_venv_lib_python3_12_site-packages_pip__vendor["_vendor"]\n    node_venv_lib_python3_12_site-packages_pip__vendor --> node_venv_lib_python3_12_site-packages_pip__vendor_urllib3["urllib3"]\n    node_venv_lib_python3_12_site-packages_pip__vendor_urllib3 --> node_venv_lib_python3_12_site-packages_pip__vendor_urllib3___init___py["__init__.py"]\n    Root --> node_venv["venv"]\n    node_venv --> node_venv_lib["lib"]\n    node_venv_lib --> node_venv_lib_python3_12["python3.12"]\n    node_venv_lib_python3_12 --> node_venv_lib_python3_12_site-packages["site-packages"]\n    node_venv_lib_python3_12_site-packages --> node_venv_lib_python3_12_site-packages_pip["pip"]\n    node_venv_lib_python3_12_site-packages_pip --> node_venv_lib_python3_12_site-packages_pip__vendor["_vendor"]\n    node_venv_lib_python3_12_site-packages_pip__vendor --> node_venv_lib_python3_12_site-packages_pip__vendor_urllib3["urllib3"]\n    node_venv_lib_python3_12_site-packages_pip__vendor_urllib3 --> node_venv_lib_python3_12_site-packages_pip__vendor_urllib3__collections_py["_collections.py"]\n    Root --> node_venv["venv"]\n    node_venv --> node_venv_lib["lib"]\n    node_venv_lib --> node_venv_lib_python3_12["python3.12"]\n    node_venv_lib_python3_12 --> node_venv_lib_python3_12_site-packages["site-packages"]\n    node_venv_lib_python3_12_site-packages --> node_venv_lib_python3_12_site-packages_pip["pip"]\n    node_venv_lib_python3_12_site-packages_pip --> node_venv_lib_python3_12_site-packages_pip__vendor["_vendor"]\n    node_venv_lib_python3_12_site-packages_pip__vendor --> node_venv_lib_python3_12_site-packages_pip__vendor_urllib3["urllib3"]\n    node_venv_lib_python3_12_site-packages_pip__vendor_urllib3 --> node_venv_lib_python3_12_site-packages_pip__vendor_urllib3__version_py["_version.py"]\n    Root --> node_venv["venv"]\n    node_venv --> node_venv_lib["lib"]\n    node_venv_lib --> node_venv_lib_python3_12["python3.12"]\n    node_venv_lib_python3_12 --> node_venv_lib_python3_12_site-packages["site-packages"]\n    node_venv_lib_python3_12_site-packages --> node_venv_lib_python3_12_site-packages_pip["pip"]\n    node_venv_lib_python3_12_site-packages_pip --> node_venv_lib_python3_12_site-packages_pip__vendor["_vendor"]\n    node_venv_lib_python3_12_site-packages_pip__vendor --> node_venv_lib_python3_12_site-packages_pip__vendor_urllib3["urllib3"]\n    node_venv_lib_python3_12_site-packages_pip__vendor_urllib3 --> node_venv_lib_python3_12_site-packages_pip__vendor_urllib3_connection_py["connection.py"]\n    Root --> node_venv["venv"]\n    node_venv --> node_venv_lib["lib"]\n    node_venv_lib --> node_venv_lib_python3_12["python3.12"]\n    node_venv_lib_python3_12 --> node_venv_lib_python3_12_site-packages["site-packages"]\n    node_venv_lib_python3_12_site-packages --> node_venv_lib_python3_12_site-packages_pip["pip"]\n    node_venv_lib_python3_12_site-packages_pip --> node_venv_lib_python3_12_site-packages_pip__vendor["_vendor"]\n    node_venv_lib_python3_12_site-packages_pip__vendor --> node_venv_lib_python3_12_site-packages_pip__vendor_urllib3["urllib3"]\n    node_venv_lib_python3_12_site-packages_pip__vendor_urllib3 --> node_venv_lib_python3_12_site-packages_pip__vendor_urllib3_connectionpool_py["connectionpool.py"]\n    Root --> node_venv["venv"]\n    node_venv --> node_venv_lib["lib"]\n    node_venv_lib --> node_venv_lib_python3_12["python3.12"]\n    node_venv_lib_python3_12 --> node_venv_lib_python3_12_site-packages["site-packages"]\n    node_venv_lib_python3_12_site-packages --> node_venv_lib_python3_12_site-packages_pip["pip"]\n    node_venv_lib_python3_12_site-packages_pip --> node_venv_lib_python3_12_site-packages_pip__vendor["_vendor"]\n    node_venv_lib_python3_12_site-packages_pip__vendor --> node_venv_lib_python3_12_site-packages_pip__vendor_urllib3["urllib3"]\n    node_venv_lib_python3_12_site-packages_pip__vendor_urllib3 --> node_venv_lib_python3_12_site-packages_pip__vendor_urllib3_exceptions_py["exceptions.py"]\n    Root --> node_venv["venv"]\n    node_venv --> node_venv_lib["lib"]\n    node_venv_lib --> node_venv_lib_python3_12["python3.12"]\n    node_venv_lib_python3_12 --> node_venv_lib_python3_12_site-packages["site-packages"]\n    node_venv_lib_python3_12_site-packages --> node_venv_lib_python3_12_site-packages_pip["pip"]\n    node_venv_lib_python3_12_site-packages_pip --> node_venv_lib_python3_12_site-packages_pip__vendor["_vendor"]\n    node_venv_lib_python3_12_site-packages_pip__vendor --> node_venv_lib_python3_12_site-packages_pip__vendor_urllib3["urllib3"]\n    node_venv_lib_python3_12_site-packages_pip__vendor_urllib3 --> node_venv_lib_python3_12_site-packages_pip__vendor_urllib3_fields_py["fields.py"]\n    Root --> node_venv["venv"]\n    node_venv --> node_venv_lib["lib"]\n    node_venv_lib --> node_venv_lib_python3_12["python3.12"]\n    node_venv_lib_python3_12 --> node_venv_lib_python3_12_site-packages["site-packages"]\n    node_venv_lib_python3_12_site-packages --> node_venv_lib_python3_12_site-packages_pip["pip"]\n    node_venv_lib_python3_12_site-packages_pip --> node_venv_lib_python3_12_site-packages_pip__vendor["_vendor"]\n    node_venv_lib_python3_12_site-packages_pip__vendor --> node_venv_lib_python3_12_site-packages_pip__vendor_urllib3["urllib3"]\n    node_venv_lib_python3_12_site-packages_pip__vendor_urllib3 --> node_venv_lib_python3_12_site-packages_pip__vendor_urllib3_filepost_py["filepost.py"]\n    Root --> node_venv["venv"]\n    node_venv --> node_venv_lib["lib"]\n    node_venv_lib --> node_venv_lib_python3_12["python3.12"]\n    node_venv_lib_python3_12 --> node_venv_lib_python3_12_site-packages["site-packages"]\n    node_venv_lib_python3_12_site-packages --> node_venv_lib_python3_12_site-packages_pip["pip"]\n    node_venv_lib_python3_12_site-packages_pip --> node_venv_lib_python3_12_site-packages_pip__vendor["_vendor"]\n    node_venv_lib_python3_12_site-packages_pip__vendor --> node_venv_lib_python3_12_site-packages_pip__vendor_urllib3["urllib3"]\n    node_venv_lib_python3_12_site-packages_pip__vendor_urllib3 --> node_venv_lib_python3_12_site-packages_pip__vendor_urllib3_poolmanager_py["poolmanager.py"]\n    Root --> node_venv["venv"]\n    node_venv --> node_venv_lib["lib"]\n    node_venv_lib --> node_venv_lib_python3_12["python3.12"]\n    node_venv_lib_python3_12 --> node_venv_lib_python3_12_site-packages["site-packages"]\n    node_venv_lib_python3_12_site-packages --> node_venv_lib_python3_12_site-packages_pip["pip"]\n    node_venv_lib_python3_12_site-packages_pip --> node_venv_lib_python3_12_site-packages_pip__vendor["_vendor"]\n    node_venv_lib_python3_12_site-packages_pip__vendor --> node_venv_lib_python3_12_site-packages_pip__vendor_urllib3["urllib3"]\n    node_venv_lib_python3_12_site-packages_pip__vendor_urllib3 --> node_venv_lib_python3_12_site-packages_pip__vendor_urllib3_request_py["request.py"]\n    Root --> node_venv["venv"]\n    node_venv --> node_venv_lib["lib"]\n    node_venv_lib --> node_venv_lib_python3_12["python3.12"]\n    node_venv_lib_python3_12 --> node_venv_lib_python3_12_site-packages["site-packages"]\n    node_venv_lib_python3_12_site-packages --> node_venv_lib_python3_12_site-packages_pip["pip"]\n    node_venv_lib_python3_12_site-packages_pip --> node_venv_lib_python3_12_site-packages_pip__vendor["_vendor"]\n    node_venv_lib_python3_12_site-packages_pip__vendor --> node_venv_lib_python3_12_site-packages_pip__vendor_urllib3["urllib3"]\n    node_venv_lib_python3_12_site-packages_pip__vendor_urllib3 --> node_venv_lib_python3_12_site-packages_pip__vendor_urllib3_response_py["response.py"]\n    Root --> node_venv["venv"]\n    node_venv --> node_venv_lib["lib"]\n    node_venv_lib --> node_venv_lib_python3_12["python3.12"]\n    node_venv_lib_python3_12 --> node_venv_lib_python3_12_site-packages["site-packages"]\n    node_venv_lib_python3_12_site-packages --> node_venv_lib_python3_12_site-packages_pip["pip"]\n    node_venv_lib_python3_12_site-packages_pip --> node_venv_lib_python3_12_site-packages_pip__vendor["_vendor"]\n    node_venv_lib_python3_12_site-packages_pip__vendor --> node_venv_lib_python3_12_site-packages_pip__vendor_urllib3["urllib3"]\n    node_venv_lib_python3_12_site-packages_pip__vendor_urllib3 --> node_venv_lib_python3_12_site-packages_pip__vendor_urllib3_util["util"]\n    node_venv_lib_python3_12_site-packages_pip__vendor_urllib3_util --> node_venv_lib_python3_12_site-packages_pip__vendor_urllib3_util___init___py["__init__.py"]\n    Root --> node_venv["venv"]\n    node_venv --> node_venv_lib["lib"]\n    node_venv_lib --> node_venv_lib_python3_12["python3.12"]\n    node_venv_lib_python3_12 --> node_venv_lib_python3_12_site-packages["site-packages"]\n    node_venv_lib_python3_12_site-packages --> node_venv_lib_python3_12_site-packages_pip["pip"]\n    node_venv_lib_python3_12_site-packages_pip --> node_venv_lib_python3_12_site-packages_pip__vendor["_vendor"]\n    node_venv_lib_python3_12_site-packages_pip__vendor --> node_venv_lib_python3_12_site-packages_pip__vendor_urllib3["urllib3"]\n    node_venv_lib_python3_12_site-packages_pip__vendor_urllib3 --> node_venv_lib_python3_12_site-packages_pip__vendor_urllib3_util["util"]\n    node_venv_lib_python3_12_site-packages_pip__vendor_urllib3_util --> node_venv_lib_python3_12_site-packages_pip__vendor_urllib3_util_connection_py["connection.py"]\n    Root --> node_venv["venv"]\n    node_venv --> node_venv_lib["lib"]\n    node_venv_lib --> node_venv_lib_python3_12["python3.12"]\n    node_venv_lib_python3_12 --> node_venv_lib_python3_12_site-packages["site-packages"]\n    node_venv_lib_python3_12_site-packages --> node_venv_lib_python3_12_site-packages_pip["pip"]\n    node_venv_lib_python3_12_site-packages_pip --> node_venv_lib_python3_12_site-packages_pip__vendor["_vendor"]\n    node_venv_lib_python3_12_site-packages_pip__vendor --> node_venv_lib_python3_12_site-packages_pip__vendor_urllib3["urllib3"]\n    node_venv_lib_python3_12_site-packages_pip__vendor_urllib3 --> node_venv_lib_python3_12_site-packages_pip__vendor_urllib3_util["util"]\n    node_venv_lib_python3_12_site-packages_pip__vendor_urllib3_util --> node_venv_lib_python3_12_site-packages_pip__vendor_urllib3_util_proxy_py["proxy.py"]\n    Root --> node_venv["venv"]\n    node_venv --> node_venv_lib["lib"]\n    node_venv_lib --> node_venv_lib_python3_12["python3.12"]\n    node_venv_lib_python3_12 --> node_venv_lib_python3_12_site-packages["site-packages"]\n    node_venv_lib_python3_12_site-packages --> node_venv_lib_python3_12_site-packages_pip["pip"]\n    node_venv_lib_python3_12_site-packages_pip --> node_venv_lib_python3_12_site-packages_pip__vendor["_vendor"]\n    node_venv_lib_python3_12_site-packages_pip__vendor --> node_venv_lib_python3_12_site-packages_pip__vendor_urllib3["urllib3"]\n    node_venv_lib_python3_12_site-packages_pip__vendor_urllib3 --> node_venv_lib_python3_12_site-packages_pip__vendor_urllib3_util["util"]\n    node_venv_lib_python3_12_site-packages_pip__vendor_urllib3_util --> node_venv_lib_python3_12_site-packages_pip__vendor_urllib3_util_queue_py["queue.py"]\n    Root --> node_venv["venv"]\n    node_venv --> node_venv_lib["lib"]\n    node_venv_lib --> node_venv_lib_python3_12["python3.12"]\n    node_venv_lib_python3_12 --> node_venv_lib_python3_12_site-packages["site-packages"]\n    node_venv_lib_python3_12_site-packages --> node_venv_lib_python3_12_site-packages_pip["pip"]\n    node_venv_lib_python3_12_site-packages_pip --> node_venv_lib_python3_12_site-packages_pip__vendor["_vendor"]\n    node_venv_lib_python3_12_site-packages_pip__vendor --> node_venv_lib_python3_12_site-packages_pip__vendor_urllib3["urllib3"]\n    node_venv_lib_python3_12_site-packages_pip__vendor_urllib3 --> node_venv_lib_python3_12_site-packages_pip__vendor_urllib3_util["util"]\n    node_venv_lib_python3_12_site-packages_pip__vendor_urllib3_util --> node_venv_lib_python3_12_site-packages_pip__vendor_urllib3_util_request_py["request.py"]\n    Root --> node_venv["venv"]\n    node_venv --> node_venv_lib["lib"]\n    node_venv_lib --> node_venv_lib_python3_12["python3.12"]\n    node_venv_lib_python3_12 --> node_venv_lib_python3_12_site-packages["site-packages"]\n    node_venv_lib_python3_12_site-packages --> node_venv_lib_python3_12_site-packages_pip["pip"]\n    node_venv_lib_python3_12_site-packages_pip --> node_venv_lib_python3_12_site-packages_pip__vendor["_vendor"]\n    node_venv_lib_python3_12_site-packages_pip__vendor --> node_venv_lib_python3_12_site-packages_pip__vendor_urllib3["urllib3"]\n    node_venv_lib_python3_12_site-packages_pip__vendor_urllib3 --> node_venv_lib_python3_12_site-packages_pip__vendor_urllib3_util["util"]\n    node_venv_lib_python3_12_site-packages_pip__vendor_urllib3_util --> node_venv_lib_python3_12_site-packages_pip__vendor_urllib3_util_response_py["response.py"]\n    Root --> node_venv["venv"]\n    node_venv --> node_venv_lib["lib"]\n    node_venv_lib --> node_venv_lib_python3_12["python3.12"]\n    node_venv_lib_python3_12 --> node_venv_lib_python3_12_site-packages["site-packages"]\n    node_venv_lib_python3_12_site-packages --> node_venv_lib_python3_12_site-packages_pip["pip"]\n    node_venv_lib_python3_12_site-packages_pip --> node_venv_lib_python3_12_site-packages_pip__vendor["_vendor"]\n    node_venv_lib_python3_12_site-packages_pip__vendor --> node_venv_lib_python3_12_site-packages_pip__vendor_urllib3["urllib3"]\n    node_venv_lib_python3_12_site-packages_pip__vendor_urllib3 --> node_venv_lib_python3_12_site-packages_pip__vendor_urllib3_util["util"]\n    node_venv_lib_python3_12_site-packages_pip__vendor_urllib3_util --> node_venv_lib_python3_12_site-packages_pip__vendor_urllib3_util_retry_py["retry.py"]\n    Root --> node_venv["venv"]\n    node_venv --> node_venv_lib["lib"]\n    node_venv_lib --> node_venv_lib_python3_12["python3.12"]\n    node_venv_lib_python3_12 --> node_venv_lib_python3_12_site-packages["site-packages"]\n    node_venv_lib_python3_12_site-packages --> node_venv_lib_python3_12_site-packages_pip["pip"]\n    node_venv_lib_python3_12_site-packages_pip --> node_venv_lib_python3_12_site-packages_pip__vendor["_vendor"]\n    node_venv_lib_python3_12_site-packages_pip__vendor --> node_venv_lib_python3_12_site-packages_pip__vendor_urllib3["urllib3"]\n    node_venv_lib_python3_12_site-packages_pip__vendor_urllib3 --> node_venv_lib_python3_12_site-packages_pip__vendor_urllib3_util["util"]\n    node_venv_lib_python3_12_site-packages_pip__vendor_urllib3_util --> node_venv_lib_python3_12_site-packages_pip__vendor_urllib3_util_ssl__py["ssl_.py"]\n    Root --> node_venv["venv"]\n    node_venv --> node_venv_lib["lib"]\n    node_venv_lib --> node_venv_lib_python3_12["python3.12"]\n    node_venv_lib_python3_12 --> node_venv_lib_python3_12_site-packages["site-packages"]\n    node_venv_lib_python3_12_site-packages --> node_venv_lib_python3_12_site-packages_pip["pip"]\n    node_venv_lib_python3_12_site-packages_pip --> node_venv_lib_python3_12_site-packages_pip__vendor["_vendor"]\n    node_venv_lib_python3_12_site-packages_pip__vendor --> node_venv_lib_python3_12_site-packages_pip__vendor_urllib3["urllib3"]\n    node_venv_lib_python3_12_site-packages_pip__vendor_urllib3 --> node_venv_lib_python3_12_site-packages_pip__vendor_urllib3_util["util"]\n    node_venv_lib_python3_12_site-packages_pip__vendor_urllib3_util --> node_venv_lib_python3_12_site-packages_pip__vendor_urllib3_util_ssl_match_hostname_py["ssl_match_hostname.py"]\n    Root --> node_venv["venv"]\n    node_venv --> node_venv_lib["lib"]\n    node_venv_lib --> node_venv_lib_python3_12["python3.12"]\n    node_venv_lib_python3_12 --> node_venv_lib_python3_12_site-packages["site-packages"]\n    node_venv_lib_python3_12_site-packages --> node_venv_lib_python3_12_site-packages_pip["pip"]\n    node_venv_lib_python3_12_site-packages_pip --> node_venv_lib_python3_12_site-packages_pip__vendor["_vendor"]\n    node_venv_lib_python3_12_site-packages_pip__vendor --> node_venv_lib_python3_12_site-packages_pip__vendor_urllib3["urllib3"]\n    node_venv_lib_python3_12_site-packages_pip__vendor_urllib3 --> node_venv_lib_python3_12_site-packages_pip__vendor_urllib3_util["util"]\n    node_venv_lib_python3_12_site-packages_pip__vendor_urllib3_util --> node_venv_lib_python3_12_site-packages_pip__vendor_urllib3_util_ssltransport_py["ssltransport.py"]\n    Root --> node_venv["venv"]\n    node_venv --> node_venv_lib["lib"]\n    node_venv_lib --> node_venv_lib_python3_12["python3.12"]\n    node_venv_lib_python3_12 --> node_venv_lib_python3_12_site-packages["site-packages"]\n    node_venv_lib_python3_12_site-packages --> node_venv_lib_python3_12_site-packages_pip["pip"]\n    node_venv_lib_python3_12_site-packages_pip --> node_venv_lib_python3_12_site-packages_pip__vendor["_vendor"]\n    node_venv_lib_python3_12_site-packages_pip__vendor --> node_venv_lib_python3_12_site-packages_pip__vendor_urllib3["urllib3"]\n    node_venv_lib_python3_12_site-packages_pip__vendor_urllib3 --> node_venv_lib_python3_12_site-packages_pip__vendor_urllib3_util["util"]\n    node_venv_lib_python3_12_site-packages_pip__vendor_urllib3_util --> node_venv_lib_python3_12_site-packages_pip__vendor_urllib3_util_timeout_py["timeout.py"]\n    Root --> node_venv["venv"]\n    node_venv --> node_venv_lib["lib"]\n    node_venv_lib --> node_venv_lib_python3_12["python3.12"]\n    node_venv_lib_python3_12 --> node_venv_lib_python3_12_site-packages["site-packages"]\n    node_venv_lib_python3_12_site-packages --> node_venv_lib_python3_12_site-packages_pip["pip"]\n    node_venv_lib_python3_12_site-packages_pip --> node_venv_lib_python3_12_site-packages_pip__vendor["_vendor"]\n    node_venv_lib_python3_12_site-packages_pip__vendor --> node_venv_lib_python3_12_site-packages_pip__vendor_urllib3["urllib3"]\n    node_venv_lib_python3_12_site-packages_pip__vendor_urllib3 --> node_venv_lib_python3_12_site-packages_pip__vendor_urllib3_util["util"]\n    node_venv_lib_python3_12_site-packages_pip__vendor_urllib3_util --> node_venv_lib_python3_12_site-packages_pip__vendor_urllib3_util_url_py["url.py"]\n    Root --> node_venv["venv"]\n    node_venv --> node_venv_lib["lib"]\n    node_venv_lib --> node_venv_lib_python3_12["python3.12"]\n    node_venv_lib_python3_12 --> node_venv_lib_python3_12_site-packages["site-packages"]\n    node_venv_lib_python3_12_site-packages --> node_venv_lib_python3_12_site-packages_pip["pip"]\n    node_venv_lib_python3_12_site-packages_pip --> node_venv_lib_python3_12_site-packages_pip__vendor["_vendor"]\n    node_venv_lib_python3_12_site-packages_pip__vendor --> node_venv_lib_python3_12_site-packages_pip__vendor_urllib3["urllib3"]\n    node_venv_lib_python3_12_site-packages_pip__vendor_urllib3 --> node_venv_lib_python3_12_site-packages_pip__vendor_urllib3_util["util"]\n    node_venv_lib_python3_12_site-packages_pip__vendor_urllib3_util --> node_venv_lib_python3_12_site-packages_pip__vendor_urllib3_util_wait_py["wait.py"]\n    Root --> node_venv["venv"]\n    node_venv --> node_venv_lib["lib"]\n    node_venv_lib --> node_venv_lib_python3_12["python3.12"]\n    node_venv_lib_python3_12 --> node_venv_lib_python3_12_site-packages["site-packages"]\n    node_venv_lib_python3_12_site-packages --> node_venv_lib_python3_12_site-packages_pip["pip"]\n    node_venv_lib_python3_12_site-packages_pip --> node_venv_lib_python3_12_site-packages_pip__vendor["_vendor"]\n    node_venv_lib_python3_12_site-packages_pip__vendor --> node_venv_lib_python3_12_site-packages_pip__vendor_urllib3["urllib3"]\n    node_venv_lib_python3_12_site-packages_pip__vendor_urllib3 --> node_venv_lib_python3_12_site-packages_pip__vendor_urllib3_contrib["contrib"]\n    node_venv_lib_python3_12_site-packages_pip__vendor_urllib3_contrib --> node_venv_lib_python3_12_site-packages_pip__vendor_urllib3_contrib___init___py["__init__.py"]\n    Root --> node_venv["venv"]\n    node_venv --> node_venv_lib["lib"]\n    node_venv_lib --> node_venv_lib_python3_12["python3.12"]\n    node_venv_lib_python3_12 --> node_venv_lib_python3_12_site-packages["site-packages"]\n    node_venv_lib_python3_12_site-packages --> node_venv_lib_python3_12_site-packages_pip["pip"]\n    node_venv_lib_python3_12_site-packages_pip --> node_venv_lib_python3_12_site-packages_pip__vendor["_vendor"]\n    node_venv_lib_python3_12_site-packages_pip__vendor --> node_venv_lib_python3_12_site-packages_pip__vendor_urllib3["urllib3"]\n    node_venv_lib_python3_12_site-packages_pip__vendor_urllib3 --> node_venv_lib_python3_12_site-packages_pip__vendor_urllib3_contrib["contrib"]\n    node_venv_lib_python3_12_site-packages_pip__vendor_urllib3_contrib --> node_venv_lib_python3_12_site-packages_pip__vendor_urllib3_contrib__appengine_environ_py["_appengine_environ.py"]\n    Root --> node_venv["venv"]\n    node_venv --> node_venv_lib["lib"]\n    node_venv_lib --> node_venv_lib_python3_12["python3.12"]\n    node_venv_lib_python3_12 --> node_venv_lib_python3_12_site-packages["site-packages"]\n    node_venv_lib_python3_12_site-packages --> node_venv_lib_python3_12_site-packages_pip["pip"]\n    node_venv_lib_python3_12_site-packages_pip --> node_venv_lib_python3_12_site-packages_pip__vendor["_vendor"]\n    node_venv_lib_python3_12_site-packages_pip__vendor --> node_venv_lib_python3_12_site-packages_pip__vendor_urllib3["urllib3"]\n    node_venv_lib_python3_12_site-packages_pip__vendor_urllib3 --> node_venv_lib_python3_12_site-packages_pip__vendor_urllib3_contrib["contrib"]\n    node_venv_lib_python3_12_site-packages_pip__vendor_urllib3_contrib --> node_venv_lib_python3_12_site-packages_pip__vendor_urllib3_contrib_appengine_py["appengine.py"]\n    Root --> node_venv["venv"]\n    node_venv --> node_venv_lib["lib"]\n    node_venv_lib --> node_venv_lib_python3_12["python3.12"]\n    node_venv_lib_python3_12 --> node_venv_lib_python3_12_site-packages["site-packages"]\n    node_venv_lib_python3_12_site-packages --> node_venv_lib_python3_12_site-packages_pip["pip"]\n    node_venv_lib_python3_12_site-packages_pip --> node_venv_lib_python3_12_site-packages_pip__vendor["_vendor"]\n    node_venv_lib_python3_12_site-packages_pip__vendor --> node_venv_lib_python3_12_site-packages_pip__vendor_urllib3["urllib3"]\n    node_venv_lib_python3_12_site-packages_pip__vendor_urllib3 --> node_venv_lib_python3_12_site-packages_pip__vendor_urllib3_contrib["contrib"]\n    node_venv_lib_python3_12_site-packages_pip__vendor_urllib3_contrib --> node_venv_lib_python3_12_site-packages_pip__vendor_urllib3_contrib_ntlmpool_py["ntlmpool.py"]\n    Root --> node_venv["venv"]\n    node_venv --> node_venv_lib["lib"]\n    node_venv_lib --> node_venv_lib_python3_12["python3.12"]\n    node_venv_lib_python3_12 --> node_venv_lib_python3_12_site-packages["site-packages"]\n    node_venv_lib_python3_12_site-packages --> node_venv_lib_python3_12_site-packages_pip["pip"]\n    node_venv_lib_python3_12_site-packages_pip --> node_venv_lib_python3_12_site-packages_pip__vendor["_vendor"]\n    node_venv_lib_python3_12_site-packages_pip__vendor --> node_venv_lib_python3_12_site-packages_pip__vendor_urllib3["urllib3"]\n    node_venv_lib_python3_12_site-packages_pip__vendor_urllib3 --> node_venv_lib_python3_12_site-packages_pip__vendor_urllib3_contrib["contrib"]\n    node_venv_lib_python3_12_site-packages_pip__vendor_urllib3_contrib --> node_venv_lib_python3_12_site-packages_pip__vendor_urllib3_contrib_pyopenssl_py["pyopenssl.py"]\n    Root --> node_venv["venv"]\n    node_venv --> node_venv_lib["lib"]\n    node_venv_lib --> node_venv_lib_python3_12["python3.12"]\n    node_venv_lib_python3_12 --> node_venv_lib_python3_12_site-packages["site-packages"]\n    node_venv_lib_python3_12_site-packages --> node_venv_lib_python3_12_site-packages_pip["pip"]\n    node_venv_lib_python3_12_site-packages_pip --> node_venv_lib_python3_12_site-packages_pip__vendor["_vendor"]\n    node_venv_lib_python3_12_site-packages_pip__vendor --> node_venv_lib_python3_12_site-packages_pip__vendor_urllib3["urllib3"]\n    node_venv_lib_python3_12_site-packages_pip__vendor_urllib3 --> node_venv_lib_python3_12_site-packages_pip__vendor_urllib3_contrib["contrib"]\n    node_venv_lib_python3_12_site-packages_pip__vendor_urllib3_contrib --> node_venv_lib_python3_12_site-packages_pip__vendor_urllib3_contrib_securetransport_py["securetransport.py"]\n    Root --> node_venv["venv"]\n    node_venv --> node_venv_lib["lib"]\n    node_venv_lib --> node_venv_lib_python3_12["python3.12"]\n    node_venv_lib_python3_12 --> node_venv_lib_python3_12_site-packages["site-packages"]\n    node_venv_lib_python3_12_site-packages --> node_venv_lib_python3_12_site-packages_pip["pip"]\n    node_venv_lib_python3_12_site-packages_pip --> node_venv_lib_python3_12_site-packages_pip__vendor["_vendor"]\n    node_venv_lib_python3_12_site-packages_pip__vendor --> node_venv_lib_python3_12_site-packages_pip__vendor_urllib3["urllib3"]\n    node_venv_lib_python3_12_site-packages_pip__vendor_urllib3 --> node_venv_lib_python3_12_site-packages_pip__vendor_urllib3_contrib["contrib"]\n    node_venv_lib_python3_12_site-packages_pip__vendor_urllib3_contrib --> node_venv_lib_python3_12_site-packages_pip__vendor_urllib3_contrib_socks_py["socks.py"]\n    Root --> node_venv["venv"]\n    node_venv --> node_venv_lib["lib"]\n    node_venv_lib --> node_venv_lib_python3_12["python3.12"]\n    node_venv_lib_python3_12 --> node_venv_lib_python3_12_site-packages["site-packages"]\n    node_venv_lib_python3_12_site-packages --> node_venv_lib_python3_12_site-packages_pip["pip"]\n    node_venv_lib_python3_12_site-packages_pip --> node_venv_lib_python3_12_site-packages_pip__vendor["_vendor"]\n    node_venv_lib_python3_12_site-packages_pip__vendor --> node_venv_lib_python3_12_site-packages_pip__vendor_urllib3["urllib3"]\n    node_venv_lib_python3_12_site-packages_pip__vendor_urllib3 --> node_venv_lib_python3_12_site-packages_pip__vendor_urllib3_contrib["contrib"]\n    node_venv_lib_python3_12_site-packages_pip__vendor_urllib3_contrib --> node_venv_lib_python3_12_site-packages_pip__vendor_urllib3_contrib__securetransport["_securetransport"]\n    node_venv_lib_python3_12_site-packages_pip__vendor_urllib3_contrib__securetransport --> node_venv_lib_python3_12_site-packages_pip__vendor_urllib3_contrib__securetransport___init___py["__init__.py"]\n    Root --> node_venv["venv"]\n    node_venv --> node_venv_lib["lib"]\n    node_venv_lib --> node_venv_lib_python3_12["python3.12"]\n    node_venv_lib_python3_12 --> node_venv_lib_python3_12_site-packages["site-packages"]\n    node_venv_lib_python3_12_site-packages --> node_venv_lib_python3_12_site-packages_pip["pip"]\n    node_venv_lib_python3_12_site-packages_pip --> node_venv_lib_python3_12_site-packages_pip__vendor["_vendor"]\n    node_venv_lib_python3_12_site-packages_pip__vendor --> node_venv_lib_python3_12_site-packages_pip__vendor_urllib3["urllib3"]\n    node_venv_lib_python3_12_site-packages_pip__vendor_urllib3 --> node_venv_lib_python3_12_site-packages_pip__vendor_urllib3_contrib["contrib"]\n    node_venv_lib_python3_12_site-packages_pip__vendor_urllib3_contrib --> node_venv_lib_python3_12_site-packages_pip__vendor_urllib3_contrib__securetransport["_securetransport"]\n    node_venv_lib_python3_12_site-packages_pip__vendor_urllib3_contrib__securetransport --> node_venv_lib_python3_12_site-packages_pip__vendor_urllib3_contrib__securetransport_bindings_py["bindings.py"]\n    Root --> node_venv["venv"]\n    node_venv --> node_venv_lib["lib"]\n    node_venv_lib --> node_venv_lib_python3_12["python3.12"]\n    node_venv_lib_python3_12 --> node_venv_lib_python3_12_site-packages["site-packages"]\n    node_venv_lib_python3_12_site-packages --> node_venv_lib_python3_12_site-packages_pip["pip"]\n    node_venv_lib_python3_12_site-packages_pip --> node_venv_lib_python3_12_site-packages_pip__vendor["_vendor"]\n    node_venv_lib_python3_12_site-packages_pip__vendor --> node_venv_lib_python3_12_site-packages_pip__vendor_urllib3["urllib3"]\n    node_venv_lib_python3_12_site-packages_pip__vendor_urllib3 --> node_venv_lib_python3_12_site-packages_pip__vendor_urllib3_contrib["contrib"]\n    node_venv_lib_python3_12_site-packages_pip__vendor_urllib3_contrib --> node_venv_lib_python3_12_site-packages_pip__vendor_urllib3_contrib__securetransport["_securetransport"]\n    node_venv_lib_python3_12_site-packages_pip__vendor_urllib3_contrib__securetransport --> node_venv_lib_python3_12_site-packages_pip__vendor_urllib3_contrib__securetransport_low_level_py["low_level.py"]\n    Root --> node_venv["venv"]\n    node_venv --> node_venv_lib["lib"]\n    node_venv_lib --> node_venv_lib_python3_12["python3.12"]\n    node_venv_lib_python3_12 --> node_venv_lib_python3_12_site-packages["site-packages"]\n    node_venv_lib_python3_12_site-packages --> node_venv_lib_python3_12_site-packages_pip["pip"]\n    node_venv_lib_python3_12_site-packages_pip --> node_venv_lib_python3_12_site-packages_pip__vendor["_vendor"]\n    node_venv_lib_python3_12_site-packages_pip__vendor --> node_venv_lib_python3_12_site-packages_pip__vendor_urllib3["urllib3"]\n    node_venv_lib_python3_12_site-packages_pip__vendor_urllib3 --> node_venv_lib_python3_12_site-packages_pip__vendor_urllib3_packages["packages"]\n    node_venv_lib_python3_12_site-packages_pip__vendor_urllib3_packages --> node_venv_lib_python3_12_site-packages_pip__vendor_urllib3_packages___init___py["__init__.py"]\n    Root --> node_venv["venv"]\n    node_venv --> node_venv_lib["lib"]\n    node_venv_lib --> node_venv_lib_python3_12["python3.12"]\n    node_venv_lib_python3_12 --> node_venv_lib_python3_12_site-packages["site-packages"]\n    node_venv_lib_python3_12_site-packages --> node_venv_lib_python3_12_site-packages_pip["pip"]\n    node_venv_lib_python3_12_site-packages_pip --> node_venv_lib_python3_12_site-packages_pip__vendor["_vendor"]\n    node_venv_lib_python3_12_site-packages_pip__vendor --> node_venv_lib_python3_12_site-packages_pip__vendor_urllib3["urllib3"]\n    node_venv_lib_python3_12_site-packages_pip__vendor_urllib3 --> node_venv_lib_python3_12_site-packages_pip__vendor_urllib3_packages["packages"]\n    node_venv_lib_python3_12_site-packages_pip__vendor_urllib3_packages --> node_venv_lib_python3_12_site-packages_pip__vendor_urllib3_packages_six_py["six.py"]\n    Root --> node_venv["venv"]\n    node_venv --> node_venv_lib["lib"]\n    node_venv_lib --> node_venv_lib_python3_12["python3.12"]\n    node_venv_lib_python3_12 --> node_venv_lib_python3_12_site-packages["site-packages"]\n    node_venv_lib_python3_12_site-packages --> node_venv_lib_python3_12_site-packages_pip["pip"]\n    node_venv_lib_python3_12_site-packages_pip --> node_venv_lib_python3_12_site-packages_pip__vendor["_vendor"]\n    node_venv_lib_python3_12_site-packages_pip__vendor --> node_venv_lib_python3_12_site-packages_pip__vendor_urllib3["urllib3"]\n    node_venv_lib_python3_12_site-packages_pip__vendor_urllib3 --> node_venv_lib_python3_12_site-packages_pip__vendor_urllib3_packages["packages"]\n    node_venv_lib_python3_12_site-packages_pip__vendor_urllib3_packages --> node_venv_lib_python3_12_site-packages_pip__vendor_urllib3_packages_backports["backports"]\n    node_venv_lib_python3_12_site-packages_pip__vendor_urllib3_packages_backports --> node_venv_lib_python3_12_site-packages_pip__vendor_urllib3_packages_backports___init___py["__init__.py"]\n    Root --> node_venv["venv"]\n    node_venv --> node_venv_lib["lib"]\n    node_venv_lib --> node_venv_lib_python3_12["python3.12"]\n    node_venv_lib_python3_12 --> node_venv_lib_python3_12_site-packages["site-packages"]\n    node_venv_lib_python3_12_site-packages --> node_venv_lib_python3_12_site-packages_pip["pip"]\n    node_venv_lib_python3_12_site-packages_pip --> node_venv_lib_python3_12_site-packages_pip__vendor["_vendor"]\n    node_venv_lib_python3_12_site-packages_pip__vendor --> node_venv_lib_python3_12_site-packages_pip__vendor_urllib3["urllib3"]\n    node_venv_lib_python3_12_site-packages_pip__vendor_urllib3 --> node_venv_lib_python3_12_site-packages_pip__vendor_urllib3_packages["packages"]\n    node_venv_lib_python3_12_site-packages_pip__vendor_urllib3_packages --> node_venv_lib_python3_12_site-packages_pip__vendor_urllib3_packages_backports["backports"]\n    node_venv_lib_python3_12_site-packages_pip__vendor_urllib3_packages_backports --> node_venv_lib_python3_12_site-packages_pip__vendor_urllib3_packages_backports_makefile_py["makefile.py"]\n    Root --> node_venv["venv"]\n    node_venv --> node_venv_lib["lib"]\n    node_venv_lib --> node_venv_lib_python3_12["python3.12"]\n    node_venv_lib_python3_12 --> node_venv_lib_python3_12_site-packages["site-packages"]\n    node_venv_lib_python3_12_site-packages --> node_venv_lib_python3_12_site-packages_pip["pip"]\n    node_venv_lib_python3_12_site-packages_pip --> node_venv_lib_python3_12_site-packages_pip__vendor["_vendor"]\n    node_venv_lib_python3_12_site-packages_pip__vendor --> node_venv_lib_python3_12_site-packages_pip__vendor_urllib3["urllib3"]\n    node_venv_lib_python3_12_site-packages_pip__vendor_urllib3 --> node_venv_lib_python3_12_site-packages_pip__vendor_urllib3_packages["packages"]\n    node_venv_lib_python3_12_site-packages_pip__vendor_urllib3_packages --> node_venv_lib_python3_12_site-packages_pip__vendor_urllib3_packages_backports["backports"]\n    node_venv_lib_python3_12_site-packages_pip__vendor_urllib3_packages_backports --> node_venv_lib_python3_12_site-packages_pip__vendor_urllib3_packages_backports_weakref_finalize_py["weakref_finalize.py"]\n    Root --> node_venv["venv"]\n    node_venv --> node_venv_lib["lib"]\n    node_venv_lib --> node_venv_lib_python3_12["python3.12"]\n    node_venv_lib_python3_12 --> node_venv_lib_python3_12_site-packages["site-packages"]\n    node_venv_lib_python3_12_site-packages --> node_venv_lib_python3_12_site-packages_pip["pip"]\n    node_venv_lib_python3_12_site-packages_pip --> node_venv_lib_python3_12_site-packages_pip__vendor["_vendor"]\n    node_venv_lib_python3_12_site-packages_pip__vendor --> node_venv_lib_python3_12_site-packages_pip__vendor_pkg_resources["pkg_resources"]\n    node_venv_lib_python3_12_site-packages_pip__vendor_pkg_resources --> node_venv_lib_python3_12_site-packages_pip__vendor_pkg_resources___init___py["__init__.py"]\n    Root --> node_venv["venv"]\n    node_venv --> node_venv_lib["lib"]\n    node_venv_lib --> node_venv_lib_python3_12["python3.12"]\n    node_venv_lib_python3_12 --> node_venv_lib_python3_12_site-packages["site-packages"]\n    node_venv_lib_python3_12_site-packages --> node_venv_lib_python3_12_site-packages_pip["pip"]\n    node_venv_lib_python3_12_site-packages_pip --> node_venv_lib_python3_12_site-packages_pip__vendor["_vendor"]\n    node_venv_lib_python3_12_site-packages_pip__vendor --> node_venv_lib_python3_12_site-packages_pip__vendor_resolvelib["resolvelib"]\n    node_venv_lib_python3_12_site-packages_pip__vendor_resolvelib --> node_venv_lib_python3_12_site-packages_pip__vendor_resolvelib___init___py["__init__.py"]\n    Root --> node_venv["venv"]\n    node_venv --> node_venv_lib["lib"]\n    node_venv_lib --> node_venv_lib_python3_12["python3.12"]\n    node_venv_lib_python3_12 --> node_venv_lib_python3_12_site-packages["site-packages"]\n    node_venv_lib_python3_12_site-packages --> node_venv_lib_python3_12_site-packages_pip["pip"]\n    node_venv_lib_python3_12_site-packages_pip --> node_venv_lib_python3_12_site-packages_pip__vendor["_vendor"]\n    node_venv_lib_python3_12_site-packages_pip__vendor --> node_venv_lib_python3_12_site-packages_pip__vendor_resolvelib["resolvelib"]\n    node_venv_lib_python3_12_site-packages_pip__vendor_resolvelib --> node_venv_lib_python3_12_site-packages_pip__vendor_resolvelib_providers_py["providers.py"]\n    Root --> node_venv["venv"]\n    node_venv --> node_venv_lib["lib"]\n    node_venv_lib --> node_venv_lib_python3_12["python3.12"]\n    node_venv_lib_python3_12 --> node_venv_lib_python3_12_site-packages["site-packages"]\n    node_venv_lib_python3_12_site-packages --> node_venv_lib_python3_12_site-packages_pip["pip"]\n    node_venv_lib_python3_12_site-packages_pip --> node_venv_lib_python3_12_site-packages_pip__vendor["_vendor"]\n    node_venv_lib_python3_12_site-packages_pip__vendor --> node_venv_lib_python3_12_site-packages_pip__vendor_resolvelib["resolvelib"]\n    node_venv_lib_python3_12_site-packages_pip__vendor_resolvelib --> node_venv_lib_python3_12_site-packages_pip__vendor_resolvelib_py_typed["py.typed"]\n    Root --> node_venv["venv"]\n    node_venv --> node_venv_lib["lib"]\n    node_venv_lib --> node_venv_lib_python3_12["python3.12"]\n    node_venv_lib_python3_12 --> node_venv_lib_python3_12_site-packages["site-packages"]\n    node_venv_lib_python3_12_site-packages --> node_venv_lib_python3_12_site-packages_pip["pip"]\n    node_venv_lib_python3_12_site-packages_pip --> node_venv_lib_python3_12_site-packages_pip__vendor["_vendor"]\n    node_venv_lib_python3_12_site-packages_pip__vendor --> node_venv_lib_python3_12_site-packages_pip__vendor_resolvelib["resolvelib"]\n    node_venv_lib_python3_12_site-packages_pip__vendor_resolvelib --> node_venv_lib_python3_12_site-packages_pip__vendor_resolvelib_reporters_py["reporters.py"]\n    Root --> node_venv["venv"]\n    node_venv --> node_venv_lib["lib"]\n    node_venv_lib --> node_venv_lib_python3_12["python3.12"]\n    node_venv_lib_python3_12 --> node_venv_lib_python3_12_site-packages["site-packages"]\n    node_venv_lib_python3_12_site-packages --> node_venv_lib_python3_12_site-packages_pip["pip"]\n    node_venv_lib_python3_12_site-packages_pip --> node_venv_lib_python3_12_site-packages_pip__vendor["_vendor"]\n    node_venv_lib_python3_12_site-packages_pip__vendor --> node_venv_lib_python3_12_site-packages_pip__vendor_resolvelib["resolvelib"]\n    node_venv_lib_python3_12_site-packages_pip__vendor_resolvelib --> node_venv_lib_python3_12_site-packages_pip__vendor_resolvelib_resolvers_py["resolvers.py"]\n    Root --> node_venv["venv"]\n    node_venv --> node_venv_lib["lib"]\n    node_venv_lib --> node_venv_lib_python3_12["python3.12"]\n    node_venv_lib_python3_12 --> node_venv_lib_python3_12_site-packages["site-packages"]\n    node_venv_lib_python3_12_site-packages --> node_venv_lib_python3_12_site-packages_pip["pip"]\n    node_venv_lib_python3_12_site-packages_pip --> node_venv_lib_python3_12_site-packages_pip__vendor["_vendor"]\n    node_venv_lib_python3_12_site-packages_pip__vendor --> node_venv_lib_python3_12_site-packages_pip__vendor_resolvelib["resolvelib"]\n    node_venv_lib_python3_12_site-packages_pip__vendor_resolvelib --> node_venv_lib_python3_12_site-packages_pip__vendor_resolvelib_structs_py["structs.py"]\n    Root --> node_venv["venv"]\n    node_venv --> node_venv_lib["lib"]\n    node_venv_lib --> node_venv_lib_python3_12["python3.12"]\n    node_venv_lib_python3_12 --> node_venv_lib_python3_12_site-packages["site-packages"]\n    node_venv_lib_python3_12_site-packages --> node_venv_lib_python3_12_site-packages_pip["pip"]\n    node_venv_lib_python3_12_site-packages_pip --> node_venv_lib_python3_12_site-packages_pip__vendor["_vendor"]\n    node_venv_lib_python3_12_site-packages_pip__vendor --> node_venv_lib_python3_12_site-packages_pip__vendor_resolvelib["resolvelib"]\n    node_venv_lib_python3_12_site-packages_pip__vendor_resolvelib --> node_venv_lib_python3_12_site-packages_pip__vendor_resolvelib_compat["compat"]\n    node_venv_lib_python3_12_site-packages_pip__vendor_resolvelib_compat --> node_venv_lib_python3_12_site-packages_pip__vendor_resolvelib_compat___init___py["__init__.py"]\n    Root --> node_venv["venv"]\n    node_venv --> node_venv_lib["lib"]\n    node_venv_lib --> node_venv_lib_python3_12["python3.12"]\n    node_venv_lib_python3_12 --> node_venv_lib_python3_12_site-packages["site-packages"]\n    node_venv_lib_python3_12_site-packages --> node_venv_lib_python3_12_site-packages_pip["pip"]\n    node_venv_lib_python3_12_site-packages_pip --> node_venv_lib_python3_12_site-packages_pip__vendor["_vendor"]\n    node_venv_lib_python3_12_site-packages_pip__vendor --> node_venv_lib_python3_12_site-packages_pip__vendor_resolvelib["resolvelib"]\n    node_venv_lib_python3_12_site-packages_pip__vendor_resolvelib --> node_venv_lib_python3_12_site-packages_pip__vendor_resolvelib_compat["compat"]\n    node_venv_lib_python3_12_site-packages_pip__vendor_resolvelib_compat --> node_venv_lib_python3_12_site-packages_pip__vendor_resolvelib_compat_collections_abc_py["collections_abc.py"]\n    Root --> node_venv["venv"]\n    node_venv --> node_venv_lib["lib"]\n    node_venv_lib --> node_venv_lib_python3_12["python3.12"]\n    node_venv_lib_python3_12 --> node_venv_lib_python3_12_site-packages["site-packages"]\n    node_venv_lib_python3_12_site-packages --> node_venv_lib_python3_12_site-packages_pip["pip"]\n    node_venv_lib_python3_12_site-packages_pip --> node_venv_lib_python3_12_site-packages_pip__vendor["_vendor"]\n    node_venv_lib_python3_12_site-packages_pip__vendor --> node_venv_lib_python3_12_site-packages_pip__vendor_platformdirs["platformdirs"]\n    node_venv_lib_python3_12_site-packages_pip__vendor_platformdirs --> node_venv_lib_python3_12_site-packages_pip__vendor_platformdirs___init___py["__init__.py"]\n    Root --> node_venv["venv"]\n    node_venv --> node_venv_lib["lib"]\n    node_venv_lib --> node_venv_lib_python3_12["python3.12"]\n    node_venv_lib_python3_12 --> node_venv_lib_python3_12_site-packages["site-packages"]\n    node_venv_lib_python3_12_site-packages --> node_venv_lib_python3_12_site-packages_pip["pip"]\n    node_venv_lib_python3_12_site-packages_pip --> node_venv_lib_python3_12_site-packages_pip__vendor["_vendor"]\n    node_venv_lib_python3_12_site-packages_pip__vendor --> node_venv_lib_python3_12_site-packages_pip__vendor_platformdirs["platformdirs"]\n    node_venv_lib_python3_12_site-packages_pip__vendor_platformdirs --> node_venv_lib_python3_12_site-packages_pip__vendor_platformdirs___main___py["__main__.py"]\n    Root --> node_venv["venv"]\n    node_venv --> node_venv_lib["lib"]\n    node_venv_lib --> node_venv_lib_python3_12["python3.12"]\n    node_venv_lib_python3_12 --> node_venv_lib_python3_12_site-packages["site-packages"]\n    node_venv_lib_python3_12_site-packages --> node_venv_lib_python3_12_site-packages_pip["pip"]\n    node_venv_lib_python3_12_site-packages_pip --> node_venv_lib_python3_12_site-packages_pip__vendor["_vendor"]\n    node_venv_lib_python3_12_site-packages_pip__vendor --> node_venv_lib_python3_12_site-packages_pip__vendor_platformdirs["platformdirs"]\n    node_venv_lib_python3_12_site-packages_pip__vendor_platformdirs --> node_venv_lib_python3_12_site-packages_pip__vendor_platformdirs_android_py["android.py"]\n    Root --> node_venv["venv"]\n    node_venv --> node_venv_lib["lib"]\n    node_venv_lib --> node_venv_lib_python3_12["python3.12"]\n    node_venv_lib_python3_12 --> node_venv_lib_python3_12_site-packages["site-packages"]\n    node_venv_lib_python3_12_site-packages --> node_venv_lib_python3_12_site-packages_pip["pip"]\n    node_venv_lib_python3_12_site-packages_pip --> node_venv_lib_python3_12_site-packages_pip__vendor["_vendor"]\n    node_venv_lib_python3_12_site-packages_pip__vendor --> node_venv_lib_python3_12_site-packages_pip__vendor_platformdirs["platformdirs"]\n    node_venv_lib_python3_12_site-packages_pip__vendor_platformdirs --> node_venv_lib_python3_12_site-packages_pip__vendor_platformdirs_api_py["api.py"]\n    Root --> node_venv["venv"]\n    node_venv --> node_venv_lib["lib"]\n    node_venv_lib --> node_venv_lib_python3_12["python3.12"]\n    node_venv_lib_python3_12 --> node_venv_lib_python3_12_site-packages["site-packages"]\n    node_venv_lib_python3_12_site-packages --> node_venv_lib_python3_12_site-packages_pip["pip"]\n    node_venv_lib_python3_12_site-packages_pip --> node_venv_lib_python3_12_site-packages_pip__vendor["_vendor"]\n    node_venv_lib_python3_12_site-packages_pip__vendor --> node_venv_lib_python3_12_site-packages_pip__vendor_platformdirs["platformdirs"]\n    node_venv_lib_python3_12_site-packages_pip__vendor_platformdirs --> node_venv_lib_python3_12_site-packages_pip__vendor_platformdirs_macos_py["macos.py"]\n    Root --> node_venv["venv"]\n    node_venv --> node_venv_lib["lib"]\n    node_venv_lib --> node_venv_lib_python3_12["python3.12"]\n    node_venv_lib_python3_12 --> node_venv_lib_python3_12_site-packages["site-packages"]\n    node_venv_lib_python3_12_site-packages --> node_venv_lib_python3_12_site-packages_pip["pip"]\n    node_venv_lib_python3_12_site-packages_pip --> node_venv_lib_python3_12_site-packages_pip__vendor["_vendor"]\n    node_venv_lib_python3_12_site-packages_pip__vendor --> node_venv_lib_python3_12_site-packages_pip__vendor_platformdirs["platformdirs"]\n    node_venv_lib_python3_12_site-packages_pip__vendor_platformdirs --> node_venv_lib_python3_12_site-packages_pip__vendor_platformdirs_py_typed["py.typed"]\n    Root --> node_venv["venv"]\n    node_venv --> node_venv_lib["lib"]\n    node_venv_lib --> node_venv_lib_python3_12["python3.12"]\n    node_venv_lib_python3_12 --> node_venv_lib_python3_12_site-packages["site-packages"]\n    node_venv_lib_python3_12_site-packages --> node_venv_lib_python3_12_site-packages_pip["pip"]\n    node_venv_lib_python3_12_site-packages_pip --> node_venv_lib_python3_12_site-packages_pip__vendor["_vendor"]\n    node_venv_lib_python3_12_site-packages_pip__vendor --> node_venv_lib_python3_12_site-packages_pip__vendor_platformdirs["platformdirs"]\n    node_venv_lib_python3_12_site-packages_pip__vendor_platformdirs --> node_venv_lib_python3_12_site-packages_pip__vendor_platformdirs_unix_py["unix.py"]\n    Root --> node_venv["venv"]\n    node_venv --> node_venv_lib["lib"]\n    node_venv_lib --> node_venv_lib_python3_12["python3.12"]\n    node_venv_lib_python3_12 --> node_venv_lib_python3_12_site-packages["site-packages"]\n    node_venv_lib_python3_12_site-packages --> node_venv_lib_python3_12_site-packages_pip["pip"]\n    node_venv_lib_python3_12_site-packages_pip --> node_venv_lib_python3_12_site-packages_pip__vendor["_vendor"]\n    node_venv_lib_python3_12_site-packages_pip__vendor --> node_venv_lib_python3_12_site-packages_pip__vendor_platformdirs["platformdirs"]\n    node_venv_lib_python3_12_site-packages_pip__vendor_platformdirs --> node_venv_lib_python3_12_site-packages_pip__vendor_platformdirs_version_py["version.py"]\n    Root --> node_venv["venv"]\n    node_venv --> node_venv_lib["lib"]\n    node_venv_lib --> node_venv_lib_python3_12["python3.12"]\n    node_venv_lib_python3_12 --> node_venv_lib_python3_12_site-packages["site-packages"]\n    node_venv_lib_python3_12_site-packages --> node_venv_lib_python3_12_site-packages_pip["pip"]\n    node_venv_lib_python3_12_site-packages_pip --> node_venv_lib_python3_12_site-packages_pip__vendor["_vendor"]\n    node_venv_lib_python3_12_site-packages_pip__vendor --> node_venv_lib_python3_12_site-packages_pip__vendor_platformdirs["platformdirs"]\n    node_venv_lib_python3_12_site-packages_pip__vendor_platformdirs --> node_venv_lib_python3_12_site-packages_pip__vendor_platformdirs_windows_py["windows.py"]\n    Root --> node_venv["venv"]\n    node_venv --> node_venv_lib["lib"]\n    node_venv_lib --> node_venv_lib_python3_12["python3.12"]\n    node_venv_lib_python3_12 --> node_venv_lib_python3_12_site-packages["site-packages"]\n    node_venv_lib_python3_12_site-packages --> node_venv_lib_python3_12_site-packages_pyqt6_qt6-6_10_2_dist-info["pyqt6_qt6-6.10.2.dist-info"]\n    node_venv_lib_python3_12_site-packages_pyqt6_qt6-6_10_2_dist-info --> node_venv_lib_python3_12_site-packages_pyqt6_qt6-6_10_2_dist-info_INSTALLER["INSTALLER"]\n    Root --> node_venv["venv"]\n    node_venv --> node_venv_lib["lib"]\n    node_venv_lib --> node_venv_lib_python3_12["python3.12"]\n    node_venv_lib_python3_12 --> node_venv_lib_python3_12_site-packages["site-packages"]\n    node_venv_lib_python3_12_site-packages --> node_venv_lib_python3_12_site-packages_pyqt6_qt6-6_10_2_dist-info["pyqt6_qt6-6.10.2.dist-info"]\n    node_venv_lib_python3_12_site-packages_pyqt6_qt6-6_10_2_dist-info --> node_venv_lib_python3_12_site-packages_pyqt6_qt6-6_10_2_dist-info_LICENSE["LICENSE"]\n    Root --> node_venv["venv"]\n    node_venv --> node_venv_lib["lib"]\n    node_venv_lib --> node_venv_lib_python3_12["python3.12"]\n    node_venv_lib_python3_12 --> node_venv_lib_python3_12_site-packages["site-packages"]\n    node_venv_lib_python3_12_site-packages --> node_venv_lib_python3_12_site-packages_pyqt6_qt6-6_10_2_dist-info["pyqt6_qt6-6.10.2.dist-info"]\n    node_venv_lib_python3_12_site-packages_pyqt6_qt6-6_10_2_dist-info --> node_venv_lib_python3_12_site-packages_pyqt6_qt6-6_10_2_dist-info_METADATA["METADATA"]\n    Root --> node_venv["venv"]\n    node_venv --> node_venv_lib["lib"]\n    node_venv_lib --> node_venv_lib_python3_12["python3.12"]\n    node_venv_lib_python3_12 --> node_venv_lib_python3_12_site-packages["site-packages"]\n    node_venv_lib_python3_12_site-packages --> node_venv_lib_python3_12_site-packages_pyqt6_qt6-6_10_2_dist-info["pyqt6_qt6-6.10.2.dist-info"]\n    node_venv_lib_python3_12_site-packages_pyqt6_qt6-6_10_2_dist-info --> node_venv_lib_python3_12_site-packages_pyqt6_qt6-6_10_2_dist-info_RECORD["RECORD"]\n    Root --> node_venv["venv"]\n    node_venv --> node_venv_lib["lib"]\n    node_venv_lib --> node_venv_lib_python3_12["python3.12"]\n    node_venv_lib_python3_12 --> node_venv_lib_python3_12_site-packages["site-packages"]\n    node_venv_lib_python3_12_site-packages --> node_venv_lib_python3_12_site-packages_pyqt6_qt6-6_10_2_dist-info["pyqt6_qt6-6.10.2.dist-info"]\n    node_venv_lib_python3_12_site-packages_pyqt6_qt6-6_10_2_dist-info --> node_venv_lib_python3_12_site-packages_pyqt6_qt6-6_10_2_dist-info_WHEEL["WHEEL"]\n    Root --> node_venv["venv"]\n    node_venv --> node_venv_lib["lib"]\n    node_venv_lib --> node_venv_lib_python3_12["python3.12"]\n    node_venv_lib_python3_12 --> node_venv_lib_python3_12_site-packages["site-packages"]\n    node_venv_lib_python3_12_site-packages --> node_venv_lib_python3_12_site-packages_pyqt6_sip-13_11_0_dist-info["pyqt6_sip-13.11.0.dist-info"]\n    node_venv_lib_python3_12_site-packages_pyqt6_sip-13_11_0_dist-info --> node_venv_lib_python3_12_site-packages_pyqt6_sip-13_11_0_dist-info_INSTALLER["INSTALLER"]\n    Root --> node_venv["venv"]\n    node_venv --> node_venv_lib["lib"]\n    node_venv_lib --> node_venv_lib_python3_12["python3.12"]\n    node_venv_lib_python3_12 --> node_venv_lib_python3_12_site-packages["site-packages"]\n    node_venv_lib_python3_12_site-packages --> node_venv_lib_python3_12_site-packages_pyqt6_sip-13_11_0_dist-info["pyqt6_sip-13.11.0.dist-info"]\n    node_venv_lib_python3_12_site-packages_pyqt6_sip-13_11_0_dist-info --> node_venv_lib_python3_12_site-packages_pyqt6_sip-13_11_0_dist-info_METADATA["METADATA"]\n    Root --> node_venv["venv"]\n    node_venv --> node_venv_lib["lib"]\n    node_venv_lib --> node_venv_lib_python3_12["python3.12"]\n    node_venv_lib_python3_12 --> node_venv_lib_python3_12_site-packages["site-packages"]\n    node_venv_lib_python3_12_site-packages --> node_venv_lib_python3_12_site-packages_pyqt6_sip-13_11_0_dist-info["pyqt6_sip-13.11.0.dist-info"]\n    node_venv_lib_python3_12_site-packages_pyqt6_sip-13_11_0_dist-info --> node_venv_lib_python3_12_site-packages_pyqt6_sip-13_11_0_dist-info_RECORD["RECORD"]\n    Root --> node_venv["venv"]\n    node_venv --> node_venv_lib["lib"]\n    node_venv_lib --> node_venv_lib_python3_12["python3.12"]\n    node_venv_lib_python3_12 --> node_venv_lib_python3_12_site-packages["site-packages"]\n    node_venv_lib_python3_12_site-packages --> node_venv_lib_python3_12_site-packages_pyqt6_sip-13_11_0_dist-info["pyqt6_sip-13.11.0.dist-info"]\n    node_venv_lib_python3_12_site-packages_pyqt6_sip-13_11_0_dist-info --> node_venv_lib_python3_12_site-packages_pyqt6_sip-13_11_0_dist-info_WHEEL["WHEEL"]\n    Root --> node_venv["venv"]\n    node_venv --> node_venv_lib["lib"]\n    node_venv_lib --> node_venv_lib_python3_12["python3.12"]\n    node_venv_lib_python3_12 --> node_venv_lib_python3_12_site-packages["site-packages"]\n    node_venv_lib_python3_12_site-packages --> node_venv_lib_python3_12_site-packages_pyqt6_sip-13_11_0_dist-info["pyqt6_sip-13.11.0.dist-info"]\n    node_venv_lib_python3_12_site-packages_pyqt6_sip-13_11_0_dist-info --> node_venv_lib_python3_12_site-packages_pyqt6_sip-13_11_0_dist-info_top_level_txt["top_level.txt"]\n    Root --> node_venv["venv"]\n    node_venv --> node_venv_lib["lib"]\n    node_venv_lib --> node_venv_lib_python3_12["python3.12"]\n    node_venv_lib_python3_12 --> node_venv_lib_python3_12_site-packages["site-packages"]\n    node_venv_lib_python3_12_site-packages --> node_venv_lib_python3_12_site-packages_pyqt6_sip-13_11_0_dist-info["pyqt6_sip-13.11.0.dist-info"]\n    node_venv_lib_python3_12_site-packages_pyqt6_sip-13_11_0_dist-info --> node_venv_lib_python3_12_site-packages_pyqt6_sip-13_11_0_dist-info_licenses["licenses"]\n    node_venv_lib_python3_12_site-packages_pyqt6_sip-13_11_0_dist-info_licenses --> node_venv_lib_python3_12_site-packages_pyqt6_sip-13_11_0_dist-info_licenses_LICENSE["LICENSE"]\n    Root --> node_venv["venv"]\n    node_venv --> node_venv_lib["lib"]\n    node_venv_lib --> node_venv_lib_python3_12["python3.12"]\n    node_venv_lib_python3_12 --> node_venv_lib_python3_12_site-packages["site-packages"]\n    node_venv_lib_python3_12_site-packages --> node_venv_lib_python3_12_site-packages_PyQt6["PyQt6"]\n    node_venv_lib_python3_12_site-packages_PyQt6 --> node_venv_lib_python3_12_site-packages_PyQt6_QtBluetooth_abi3_so["QtBluetooth.abi3.so"]\n    Root --> node_venv["venv"]\n    node_venv --> node_venv_lib["lib"]\n    node_venv_lib --> node_venv_lib_python3_12["python3.12"]\n    node_venv_lib_python3_12 --> node_venv_lib_python3_12_site-packages["site-packages"]\n    node_venv_lib_python3_12_site-packages --> node_venv_lib_python3_12_site-packages_PyQt6["PyQt6"]\n    node_venv_lib_python3_12_site-packages_PyQt6 --> node_venv_lib_python3_12_site-packages_PyQt6_QtBluetooth_pyi["QtBluetooth.pyi"]\n    Root --> node_venv["venv"]\n    node_venv --> node_venv_lib["lib"]\n    node_venv_lib --> node_venv_lib_python3_12["python3.12"]\n    node_venv_lib_python3_12 --> node_venv_lib_python3_12_site-packages["site-packages"]\n    node_venv_lib_python3_12_site-packages --> node_venv_lib_python3_12_site-packages_PyQt6["PyQt6"]\n    node_venv_lib_python3_12_site-packages_PyQt6 --> node_venv_lib_python3_12_site-packages_PyQt6_QtCore_abi3_so["QtCore.abi3.so"]\n    Root --> node_venv["venv"]\n    node_venv --> node_venv_lib["lib"]\n    node_venv_lib --> node_venv_lib_python3_12["python3.12"]\n    node_venv_lib_python3_12 --> node_venv_lib_python3_12_site-packages["site-packages"]\n    node_venv_lib_python3_12_site-packages --> node_venv_lib_python3_12_site-packages_PyQt6["PyQt6"]\n    node_venv_lib_python3_12_site-packages_PyQt6 --> node_venv_lib_python3_12_site-packages_PyQt6_QtCore_pyi["QtCore.pyi"]\n    Root --> node_venv["venv"]\n    node_venv --> node_venv_lib["lib"]\n    node_venv_lib --> node_venv_lib_python3_12["python3.12"]\n    node_venv_lib_python3_12 --> node_venv_lib_python3_12_site-packages["site-packages"]\n    node_venv_lib_python3_12_site-packages --> node_venv_lib_python3_12_site-packages_PyQt6["PyQt6"]\n    node_venv_lib_python3_12_site-packages_PyQt6 --> node_venv_lib_python3_12_site-packages_PyQt6_QtDBus_abi3_so["QtDBus.abi3.so"]\n    Root --> node_venv["venv"]\n    node_venv --> node_venv_lib["lib"]\n    node_venv_lib --> node_venv_lib_python3_12["python3.12"]\n    node_venv_lib_python3_12 --> node_venv_lib_python3_12_site-packages["site-packages"]\n    node_venv_lib_python3_12_site-packages --> node_venv_lib_python3_12_site-packages_PyQt6["PyQt6"]\n    node_venv_lib_python3_12_site-packages_PyQt6 --> node_venv_lib_python3_12_site-packages_PyQt6_QtDBus_pyi["QtDBus.pyi"]\n    Root --> node_venv["venv"]\n    node_venv --> node_venv_lib["lib"]\n    node_venv_lib --> node_venv_lib_python3_12["python3.12"]\n    node_venv_lib_python3_12 --> node_venv_lib_python3_12_site-packages["site-packages"]\n    node_venv_lib_python3_12_site-packages --> node_venv_lib_python3_12_site-packages_PyQt6["PyQt6"]\n    node_venv_lib_python3_12_site-packages_PyQt6 --> node_venv_lib_python3_12_site-packages_PyQt6_QtDesigner_abi3_so["QtDesigner.abi3.so"]\n    Root --> node_venv["venv"]\n    node_venv --> node_venv_lib["lib"]\n    node_venv_lib --> node_venv_lib_python3_12["python3.12"]\n    node_venv_lib_python3_12 --> node_venv_lib_python3_12_site-packages["site-packages"]\n    node_venv_lib_python3_12_site-packages --> node_venv_lib_python3_12_site-packages_PyQt6["PyQt6"]\n    node_venv_lib_python3_12_site-packages_PyQt6 --> node_venv_lib_python3_12_site-packages_PyQt6_QtDesigner_pyi["QtDesigner.pyi"]\n    Root --> node_venv["venv"]\n    node_venv --> node_venv_lib["lib"]\n    node_venv_lib --> node_venv_lib_python3_12["python3.12"]\n    node_venv_lib_python3_12 --> node_venv_lib_python3_12_site-packages["site-packages"]\n    node_venv_lib_python3_12_site-packages --> node_venv_lib_python3_12_site-packages_PyQt6["PyQt6"]\n    node_venv_lib_python3_12_site-packages_PyQt6 --> node_venv_lib_python3_12_site-packages_PyQt6_QtGui_abi3_so["QtGui.abi3.so"]\n    Root --> node_venv["venv"]\n    node_venv --> node_venv_lib["lib"]\n    node_venv_lib --> node_venv_lib_python3_12["python3.12"]\n    node_venv_lib_python3_12 --> node_venv_lib_python3_12_site-packages["site-packages"]\n    node_venv_lib_python3_12_site-packages --> node_venv_lib_python3_12_site-packages_PyQt6["PyQt6"]\n    node_venv_lib_python3_12_site-packages_PyQt6 --> node_venv_lib_python3_12_site-packages_PyQt6_QtGui_pyi["QtGui.pyi"]\n    Root --> node_venv["venv"]\n    node_venv --> node_venv_lib["lib"]\n    node_venv_lib --> node_venv_lib_python3_12["python3.12"]\n    node_venv_lib_python3_12 --> node_venv_lib_python3_12_site-packages["site-packages"]\n    node_venv_lib_python3_12_site-packages --> node_venv_lib_python3_12_site-packages_PyQt6["PyQt6"]\n    node_venv_lib_python3_12_site-packages_PyQt6 --> node_venv_lib_python3_12_site-packages_PyQt6_QtHelp_abi3_so["QtHelp.abi3.so"]\n    Root --> node_venv["venv"]\n    node_venv --> node_venv_lib["lib"]\n    node_venv_lib --> node_venv_lib_python3_12["python3.12"]\n    node_venv_lib_python3_12 --> node_venv_lib_python3_12_site-packages["site-packages"]\n    node_venv_lib_python3_12_site-packages --> node_venv_lib_python3_12_site-packages_PyQt6["PyQt6"]\n    node_venv_lib_python3_12_site-packages_PyQt6 --> node_venv_lib_python3_12_site-packages_PyQt6_QtHelp_pyi["QtHelp.pyi"]\n    Root --> node_venv["venv"]\n    node_venv --> node_venv_lib["lib"]\n    node_venv_lib --> node_venv_lib_python3_12["python3.12"]\n    node_venv_lib_python3_12 --> node_venv_lib_python3_12_site-packages["site-packages"]\n    node_venv_lib_python3_12_site-packages --> node_venv_lib_python3_12_site-packages_PyQt6["PyQt6"]\n    node_venv_lib_python3_12_site-packages_PyQt6 --> node_venv_lib_python3_12_site-packages_PyQt6_QtMultimedia_abi3_so["QtMultimedia.abi3.so"]\n    Root --> node_venv["venv"]\n    node_venv --> node_venv_lib["lib"]\n    node_venv_lib --> node_venv_lib_python3_12["python3.12"]\n    node_venv_lib_python3_12 --> node_venv_lib_python3_12_site-packages["site-packages"]\n    node_venv_lib_python3_12_site-packages --> node_venv_lib_python3_12_site-packages_PyQt6["PyQt6"]\n    node_venv_lib_python3_12_site-packages_PyQt6 --> node_venv_lib_python3_12_site-packages_PyQt6_QtMultimedia_pyi["QtMultimedia.pyi"]\n    Root --> node_venv["venv"]\n    node_venv --> node_venv_lib["lib"]\n    node_venv_lib --> node_venv_lib_python3_12["python3.12"]\n    node_venv_lib_python3_12 --> node_venv_lib_python3_12_site-packages["site-packages"]\n    node_venv_lib_python3_12_site-packages --> node_venv_lib_python3_12_site-packages_PyQt6["PyQt6"]\n    node_venv_lib_python3_12_site-packages_PyQt6 --> node_venv_lib_python3_12_site-packages_PyQt6_QtMultimediaWidgets_abi3_so["QtMultimediaWidgets.abi3.so"]\n    Root --> node_venv["venv"]\n    node_venv --> node_venv_lib["lib"]\n    node_venv_lib --> node_venv_lib_python3_12["python3.12"]\n    node_venv_lib_python3_12 --> node_venv_lib_python3_12_site-packages["site-packages"]\n    node_venv_lib_python3_12_site-packages --> node_venv_lib_python3_12_site-packages_PyQt6["PyQt6"]\n    node_venv_lib_python3_12_site-packages_PyQt6 --> node_venv_lib_python3_12_site-packages_PyQt6_QtMultimediaWidgets_pyi["QtMultimediaWidgets.pyi"]\n    Root --> node_venv["venv"]\n    node_venv --> node_venv_lib["lib"]\n    node_venv_lib --> node_venv_lib_python3_12["python3.12"]\n    node_venv_lib_python3_12 --> node_venv_lib_python3_12_site-packages["site-packages"]\n    node_venv_lib_python3_12_site-packages --> node_venv_lib_python3_12_site-packages_PyQt6["PyQt6"]\n    node_venv_lib_python3_12_site-packages_PyQt6 --> node_venv_lib_python3_12_site-packages_PyQt6_QtNetwork_abi3_so["QtNetwork.abi3.so"]\n    Root --> node_venv["venv"]\n    node_venv --> node_venv_lib["lib"]\n    node_venv_lib --> node_venv_lib_python3_12["python3.12"]\n    node_venv_lib_python3_12 --> node_venv_lib_python3_12_site-packages["site-packages"]\n    node_venv_lib_python3_12_site-packages --> node_venv_lib_python3_12_site-packages_PyQt6["PyQt6"]\n    node_venv_lib_python3_12_site-packages_PyQt6 --> node_venv_lib_python3_12_site-packages_PyQt6_QtNetwork_pyi["QtNetwork.pyi"]\n    Root --> node_venv["venv"]\n    node_venv --> node_venv_lib["lib"]\n    node_venv_lib --> node_venv_lib_python3_12["python3.12"]\n    node_venv_lib_python3_12 --> node_venv_lib_python3_12_site-packages["site-packages"]\n    node_venv_lib_python3_12_site-packages --> node_venv_lib_python3_12_site-packages_PyQt6["PyQt6"]\n    node_venv_lib_python3_12_site-packages_PyQt6 --> node_venv_lib_python3_12_site-packages_PyQt6_QtNfc_abi3_so["QtNfc.abi3.so"]\n    Root --> node_venv["venv"]\n    node_venv --> node_venv_lib["lib"]\n    node_venv_lib --> node_venv_lib_python3_12["python3.12"]\n    node_venv_lib_python3_12 --> node_venv_lib_python3_12_site-packages["site-packages"]\n    node_venv_lib_python3_12_site-packages --> node_venv_lib_python3_12_site-packages_PyQt6["PyQt6"]\n    node_venv_lib_python3_12_site-packages_PyQt6 --> node_venv_lib_python3_12_site-packages_PyQt6_QtNfc_pyi["QtNfc.pyi"]\n    Root --> node_venv["venv"]\n    node_venv --> node_venv_lib["lib"]\n    node_venv_lib --> node_venv_lib_python3_12["python3.12"]\n    node_venv_lib_python3_12 --> node_venv_lib_python3_12_site-packages["site-packages"]\n    node_venv_lib_python3_12_site-packages --> node_venv_lib_python3_12_site-packages_PyQt6["PyQt6"]\n    node_venv_lib_python3_12_site-packages_PyQt6 --> node_venv_lib_python3_12_site-packages_PyQt6_QtOpenGL_abi3_so["QtOpenGL.abi3.so"]\n    Root --> node_venv["venv"]\n    node_venv --> node_venv_lib["lib"]\n    node_venv_lib --> node_venv_lib_python3_12["python3.12"]\n    node_venv_lib_python3_12 --> node_venv_lib_python3_12_site-packages["site-packages"]\n    node_venv_lib_python3_12_site-packages --> node_venv_lib_python3_12_site-packages_PyQt6["PyQt6"]\n    node_venv_lib_python3_12_site-packages_PyQt6 --> node_venv_lib_python3_12_site-packages_PyQt6_QtOpenGL_pyi["QtOpenGL.pyi"]\n    Root --> node_venv["venv"]\n    node_venv --> node_venv_lib["lib"]\n    node_venv_lib --> node_venv_lib_python3_12["python3.12"]\n    node_venv_lib_python3_12 --> node_venv_lib_python3_12_site-packages["site-packages"]\n    node_venv_lib_python3_12_site-packages --> node_venv_lib_python3_12_site-packages_PyQt6["PyQt6"]\n    node_venv_lib_python3_12_site-packages_PyQt6 --> node_venv_lib_python3_12_site-packages_PyQt6_QtOpenGLWidgets_abi3_so["QtOpenGLWidgets.abi3.so"]\n    Root --> node_venv["venv"]\n    node_venv --> node_venv_lib["lib"]\n    node_venv_lib --> node_venv_lib_python3_12["python3.12"]\n    node_venv_lib_python3_12 --> node_venv_lib_python3_12_site-packages["site-packages"]\n    node_venv_lib_python3_12_site-packages --> node_venv_lib_python3_12_site-packages_PyQt6["PyQt6"]\n    node_venv_lib_python3_12_site-packages_PyQt6 --> node_venv_lib_python3_12_site-packages_PyQt6_QtOpenGLWidgets_pyi["QtOpenGLWidgets.pyi"]\n    Root --> node_venv["venv"]\n    node_venv --> node_venv_lib["lib"]\n    node_venv_lib --> node_venv_lib_python3_12["python3.12"]\n    node_venv_lib_python3_12 --> node_venv_lib_python3_12_site-packages["site-packages"]\n    node_venv_lib_python3_12_site-packages --> node_venv_lib_python3_12_site-packages_PyQt6["PyQt6"]\n    node_venv_lib_python3_12_site-packages_PyQt6 --> node_venv_lib_python3_12_site-packages_PyQt6_QtPdf_abi3_so["QtPdf.abi3.so"]\n    Root --> node_venv["venv"]\n    node_venv --> node_venv_lib["lib"]\n    node_venv_lib --> node_venv_lib_python3_12["python3.12"]\n    node_venv_lib_python3_12 --> node_venv_lib_python3_12_site-packages["site-packages"]\n    node_venv_lib_python3_12_site-packages --> node_venv_lib_python3_12_site-packages_PyQt6["PyQt6"]\n    node_venv_lib_python3_12_site-packages_PyQt6 --> node_venv_lib_python3_12_site-packages_PyQt6_QtPdf_pyi["QtPdf.pyi"]\n    Root --> node_venv["venv"]\n    node_venv --> node_venv_lib["lib"]\n    node_venv_lib --> node_venv_lib_python3_12["python3.12"]\n    node_venv_lib_python3_12 --> node_venv_lib_python3_12_site-packages["site-packages"]\n    node_venv_lib_python3_12_site-packages --> node_venv_lib_python3_12_site-packages_PyQt6["PyQt6"]\n    node_venv_lib_python3_12_site-packages_PyQt6 --> node_venv_lib_python3_12_site-packages_PyQt6_QtPdfWidgets_abi3_so["QtPdfWidgets.abi3.so"]\n    Root --> node_venv["venv"]\n    node_venv --> node_venv_lib["lib"]\n    node_venv_lib --> node_venv_lib_python3_12["python3.12"]\n    node_venv_lib_python3_12 --> node_venv_lib_python3_12_site-packages["site-packages"]\n    node_venv_lib_python3_12_site-packages --> node_venv_lib_python3_12_site-packages_PyQt6["PyQt6"]\n    node_venv_lib_python3_12_site-packages_PyQt6 --> node_venv_lib_python3_12_site-packages_PyQt6_QtPdfWidgets_pyi["QtPdfWidgets.pyi"]\n    Root --> node_venv["venv"]\n    node_venv --> node_venv_lib["lib"]\n    node_venv_lib --> node_venv_lib_python3_12["python3.12"]\n    node_venv_lib_python3_12 --> node_venv_lib_python3_12_site-packages["site-packages"]\n    node_venv_lib_python3_12_site-packages --> node_venv_lib_python3_12_site-packages_PyQt6["PyQt6"]\n    node_venv_lib_python3_12_site-packages_PyQt6 --> node_venv_lib_python3_12_site-packages_PyQt6_QtPositioning_abi3_so["QtPositioning.abi3.so"]\n    Root --> node_venv["venv"]\n    node_venv --> node_venv_lib["lib"]\n    node_venv_lib --> node_venv_lib_python3_12["python3.12"]\n    node_venv_lib_python3_12 --> node_venv_lib_python3_12_site-packages["site-packages"]\n    node_venv_lib_python3_12_site-packages --> node_venv_lib_python3_12_site-packages_PyQt6["PyQt6"]\n    node_venv_lib_python3_12_site-packages_PyQt6 --> node_venv_lib_python3_12_site-packages_PyQt6_QtPositioning_pyi["QtPositioning.pyi"]\n    Root --> node_venv["venv"]\n    node_venv --> node_venv_lib["lib"]\n    node_venv_lib --> node_venv_lib_python3_12["python3.12"]\n    node_venv_lib_python3_12 --> node_venv_lib_python3_12_site-packages["site-packages"]\n    node_venv_lib_python3_12_site-packages --> node_venv_lib_python3_12_site-packages_PyQt6["PyQt6"]\n    node_venv_lib_python3_12_site-packages_PyQt6 --> node_venv_lib_python3_12_site-packages_PyQt6_QtPrintSupport_abi3_so["QtPrintSupport.abi3.so"]\n    Root --> node_venv["venv"]\n    node_venv --> node_venv_lib["lib"]\n    node_venv_lib --> node_venv_lib_python3_12["python3.12"]\n    node_venv_lib_python3_12 --> node_venv_lib_python3_12_site-packages["site-packages"]\n    node_venv_lib_python3_12_site-packages --> node_venv_lib_python3_12_site-packages_PyQt6["PyQt6"]\n    node_venv_lib_python3_12_site-packages_PyQt6 --> node_venv_lib_python3_12_site-packages_PyQt6_QtPrintSupport_pyi["QtPrintSupport.pyi"]\n    Root --> node_venv["venv"]\n    node_venv --> node_venv_lib["lib"]\n    node_venv_lib --> node_venv_lib_python3_12["python3.12"]\n    node_venv_lib_python3_12 --> node_venv_lib_python3_12_site-packages["site-packages"]\n    node_venv_lib_python3_12_site-packages --> node_venv_lib_python3_12_site-packages_PyQt6["PyQt6"]\n    node_venv_lib_python3_12_site-packages_PyQt6 --> node_venv_lib_python3_12_site-packages_PyQt6_QtQml_abi3_so["QtQml.abi3.so"]\n    Root --> node_venv["venv"]\n    node_venv --> node_venv_lib["lib"]\n    node_venv_lib --> node_venv_lib_python3_12["python3.12"]\n    node_venv_lib_python3_12 --> node_venv_lib_python3_12_site-packages["site-packages"]\n    node_venv_lib_python3_12_site-packages --> node_venv_lib_python3_12_site-packages_PyQt6["PyQt6"]\n    node_venv_lib_python3_12_site-packages_PyQt6 --> node_venv_lib_python3_12_site-packages_PyQt6_QtQml_pyi["QtQml.pyi"]\n    Root --> node_venv["venv"]\n    node_venv --> node_venv_lib["lib"]\n    node_venv_lib --> node_venv_lib_python3_12["python3.12"]\n    node_venv_lib_python3_12 --> node_venv_lib_python3_12_site-packages["site-packages"]\n    node_venv_lib_python3_12_site-packages --> node_venv_lib_python3_12_site-packages_PyQt6["PyQt6"]\n    node_venv_lib_python3_12_site-packages_PyQt6 --> node_venv_lib_python3_12_site-packages_PyQt6_QtQuick_abi3_so["QtQuick.abi3.so"]\n    Root --> node_venv["venv"]\n    node_venv --> node_venv_lib["lib"]\n    node_venv_lib --> node_venv_lib_python3_12["python3.12"]\n    node_venv_lib_python3_12 --> node_venv_lib_python3_12_site-packages["site-packages"]\n    node_venv_lib_python3_12_site-packages --> node_venv_lib_python3_12_site-packages_PyQt6["PyQt6"]\n    node_venv_lib_python3_12_site-packages_PyQt6 --> node_venv_lib_python3_12_site-packages_PyQt6_QtQuick_pyi["QtQuick.pyi"]\n    Root --> node_venv["venv"]\n    node_venv --> node_venv_lib["lib"]\n    node_venv_lib --> node_venv_lib_python3_12["python3.12"]\n    node_venv_lib_python3_12 --> node_venv_lib_python3_12_site-packages["site-packages"]\n    node_venv_lib_python3_12_site-packages --> node_venv_lib_python3_12_site-packages_PyQt6["PyQt6"]\n    node_venv_lib_python3_12_site-packages_PyQt6 --> node_venv_lib_python3_12_site-packages_PyQt6_QtQuick3D_abi3_so["QtQuick3D.abi3.so"]\n    Root --> node_venv["venv"]\n    node_venv --> node_venv_lib["lib"]\n    node_venv_lib --> node_venv_lib_python3_12["python3.12"]\n    node_venv_lib_python3_12 --> node_venv_lib_python3_12_site-packages["site-packages"]\n    node_venv_lib_python3_12_site-packages --> node_venv_lib_python3_12_site-packages_PyQt6["PyQt6"]\n    node_venv_lib_python3_12_site-packages_PyQt6 --> node_venv_lib_python3_12_site-packages_PyQt6_QtQuick3D_pyi["QtQuick3D.pyi"]\n    Root --> node_venv["venv"]\n    node_venv --> node_venv_lib["lib"]\n    node_venv_lib --> node_venv_lib_python3_12["python3.12"]\n    node_venv_lib_python3_12 --> node_venv_lib_python3_12_site-packages["site-packages"]\n    node_venv_lib_python3_12_site-packages --> node_venv_lib_python3_12_site-packages_PyQt6["PyQt6"]\n    node_venv_lib_python3_12_site-packages_PyQt6 --> node_venv_lib_python3_12_site-packages_PyQt6_QtQuickWidgets_abi3_so["QtQuickWidgets.abi3.so"]\n    Root --> node_venv["venv"]\n    node_venv --> node_venv_lib["lib"]\n    node_venv_lib --> node_venv_lib_python3_12["python3.12"]\n    node_venv_lib_python3_12 --> node_venv_lib_python3_12_site-packages["site-packages"]\n    node_venv_lib_python3_12_site-packages --> node_venv_lib_python3_12_site-packages_PyQt6["PyQt6"]\n    node_venv_lib_python3_12_site-packages_PyQt6 --> node_venv_lib_python3_12_site-packages_PyQt6_QtQuickWidgets_pyi["QtQuickWidgets.pyi"]\n    Root --> node_venv["venv"]\n    node_venv --> node_venv_lib["lib"]\n    node_venv_lib --> node_venv_lib_python3_12["python3.12"]\n    node_venv_lib_python3_12 --> node_venv_lib_python3_12_site-packages["site-packages"]\n    node_venv_lib_python3_12_site-packages --> node_venv_lib_python3_12_site-packages_PyQt6["PyQt6"]\n    node_venv_lib_python3_12_site-packages_PyQt6 --> node_venv_lib_python3_12_site-packages_PyQt6_QtRemoteObjects_abi3_so["QtRemoteObjects.abi3.so"]\n    Root --> node_venv["venv"]\n    node_venv --> node_venv_lib["lib"]\n    node_venv_lib --> node_venv_lib_python3_12["python3.12"]\n    node_venv_lib_python3_12 --> node_venv_lib_python3_12_site-packages["site-packages"]\n    node_venv_lib_python3_12_site-packages --> node_venv_lib_python3_12_site-packages_PyQt6["PyQt6"]\n    node_venv_lib_python3_12_site-packages_PyQt6 --> node_venv_lib_python3_12_site-packages_PyQt6_QtRemoteObjects_pyi["QtRemoteObjects.pyi"]\n    Root --> node_venv["venv"]\n    node_venv --> node_venv_lib["lib"]\n    node_venv_lib --> node_venv_lib_python3_12["python3.12"]\n    node_venv_lib_python3_12 --> node_venv_lib_python3_12_site-packages["site-packages"]\n    node_venv_lib_python3_12_site-packages --> node_venv_lib_python3_12_site-packages_PyQt6["PyQt6"]\n    node_venv_lib_python3_12_site-packages_PyQt6 --> node_venv_lib_python3_12_site-packages_PyQt6_QtSensors_abi3_so["QtSensors.abi3.so"]\n    Root --> node_venv["venv"]\n    node_venv --> node_venv_lib["lib"]\n    node_venv_lib --> node_venv_lib_python3_12["python3.12"]\n    node_venv_lib_python3_12 --> node_venv_lib_python3_12_site-packages["site-packages"]\n    node_venv_lib_python3_12_site-packages --> node_venv_lib_python3_12_site-packages_PyQt6["PyQt6"]\n    node_venv_lib_python3_12_site-packages_PyQt6 --> node_venv_lib_python3_12_site-packages_PyQt6_QtSensors_pyi["QtSensors.pyi"]\n    Root --> node_venv["venv"]\n    node_venv --> node_venv_lib["lib"]\n    node_venv_lib --> node_venv_lib_python3_12["python3.12"]\n    node_venv_lib_python3_12 --> node_venv_lib_python3_12_site-packages["site-packages"]\n    node_venv_lib_python3_12_site-packages --> node_venv_lib_python3_12_site-packages_PyQt6["PyQt6"]\n    node_venv_lib_python3_12_site-packages_PyQt6 --> node_venv_lib_python3_12_site-packages_PyQt6_QtSerialPort_abi3_so["QtSerialPort.abi3.so"]\n    Root --> node_venv["venv"]\n    node_venv --> node_venv_lib["lib"]\n    node_venv_lib --> node_venv_lib_python3_12["python3.12"]\n    node_venv_lib_python3_12 --> node_venv_lib_python3_12_site-packages["site-packages"]\n    node_venv_lib_python3_12_site-packages --> node_venv_lib_python3_12_site-packages_PyQt6["PyQt6"]\n    node_venv_lib_python3_12_site-packages_PyQt6 --> node_venv_lib_python3_12_site-packages_PyQt6_QtSerialPort_pyi["QtSerialPort.pyi"]\n    Root --> node_venv["venv"]\n    node_venv --> node_venv_lib["lib"]\n    node_venv_lib --> node_venv_lib_python3_12["python3.12"]\n    node_venv_lib_python3_12 --> node_venv_lib_python3_12_site-packages["site-packages"]\n    node_venv_lib_python3_12_site-packages --> node_venv_lib_python3_12_site-packages_PyQt6["PyQt6"]\n    node_venv_lib_python3_12_site-packages_PyQt6 --> node_venv_lib_python3_12_site-packages_PyQt6_QtSpatialAudio_abi3_so["QtSpatialAudio.abi3.so"]\n    Root --> node_venv["venv"]\n    node_venv --> node_venv_lib["lib"]\n    node_venv_lib --> node_venv_lib_python3_12["python3.12"]\n    node_venv_lib_python3_12 --> node_venv_lib_python3_12_site-packages["site-packages"]\n    node_venv_lib_python3_12_site-packages --> node_venv_lib_python3_12_site-packages_PyQt6["PyQt6"]\n    node_venv_lib_python3_12_site-packages_PyQt6 --> node_venv_lib_python3_12_site-packages_PyQt6_QtSpatialAudio_pyi["QtSpatialAudio.pyi"]\n    Root --> node_venv["venv"]\n    node_venv --> node_venv_lib["lib"]\n    node_venv_lib --> node_venv_lib_python3_12["python3.12"]\n    node_venv_lib_python3_12 --> node_venv_lib_python3_12_site-packages["site-packages"]\n    node_venv_lib_python3_12_site-packages --> node_venv_lib_python3_12_site-packages_PyQt6["PyQt6"]\n    node_venv_lib_python3_12_site-packages_PyQt6 --> node_venv_lib_python3_12_site-packages_PyQt6_QtSql_abi3_so["QtSql.abi3.so"]\n    Root --> node_venv["venv"]\n    node_venv --> node_venv_lib["lib"]\n    node_venv_lib --> node_venv_lib_python3_12["python3.12"]\n    node_venv_lib_python3_12 --> node_venv_lib_python3_12_site-packages["site-packages"]\n    node_venv_lib_python3_12_site-packages --> node_venv_lib_python3_12_site-packages_PyQt6["PyQt6"]\n    node_venv_lib_python3_12_site-packages_PyQt6 --> node_venv_lib_python3_12_site-packages_PyQt6_QtSql_pyi["QtSql.pyi"]\n    Root --> node_venv["venv"]\n    node_venv --> node_venv_lib["lib"]\n    node_venv_lib --> node_venv_lib_python3_12["python3.12"]\n    node_venv_lib_python3_12 --> node_venv_lib_python3_12_site-packages["site-packages"]\n    node_venv_lib_python3_12_site-packages --> node_venv_lib_python3_12_site-packages_PyQt6["PyQt6"]\n    node_venv_lib_python3_12_site-packages_PyQt6 --> node_venv_lib_python3_12_site-packages_PyQt6_QtStateMachine_abi3_so["QtStateMachine.abi3.so"]\n    Root --> node_venv["venv"]\n    node_venv --> node_venv_lib["lib"]\n    node_venv_lib --> node_venv_lib_python3_12["python3.12"]\n    node_venv_lib_python3_12 --> node_venv_lib_python3_12_site-packages["site-packages"]\n    node_venv_lib_python3_12_site-packages --> node_venv_lib_python3_12_site-packages_PyQt6["PyQt6"]\n    node_venv_lib_python3_12_site-packages_PyQt6 --> node_venv_lib_python3_12_site-packages_PyQt6_QtStateMachine_pyi["QtStateMachine.pyi"]\n    Root --> node_venv["venv"]\n    node_venv --> node_venv_lib["lib"]\n    node_venv_lib --> node_venv_lib_python3_12["python3.12"]\n    node_venv_lib_python3_12 --> node_venv_lib_python3_12_site-packages["site-packages"]\n    node_venv_lib_python3_12_site-packages --> node_venv_lib_python3_12_site-packages_PyQt6["PyQt6"]\n    node_venv_lib_python3_12_site-packages_PyQt6 --> node_venv_lib_python3_12_site-packages_PyQt6_QtSvg_abi3_so["QtSvg.abi3.so"]\n    Root --> node_venv["venv"]\n    node_venv --> node_venv_lib["lib"]\n    node_venv_lib --> node_venv_lib_python3_12["python3.12"]\n    node_venv_lib_python3_12 --> node_venv_lib_python3_12_site-packages["site-packages"]\n    node_venv_lib_python3_12_site-packages --> node_venv_lib_python3_12_site-packages_PyQt6["PyQt6"]\n    node_venv_lib_python3_12_site-packages_PyQt6 --> node_venv_lib_python3_12_site-packages_PyQt6_QtSvg_pyi["QtSvg.pyi"]\n    Root --> node_venv["venv"]\n    node_venv --> node_venv_lib["lib"]\n    node_venv_lib --> node_venv_lib_python3_12["python3.12"]\n    node_venv_lib_python3_12 --> node_venv_lib_python3_12_site-packages["site-packages"]\n    node_venv_lib_python3_12_site-packages --> node_venv_lib_python3_12_site-packages_PyQt6["PyQt6"]\n    node_venv_lib_python3_12_site-packages_PyQt6 --> node_venv_lib_python3_12_site-packages_PyQt6_QtSvgWidgets_abi3_so["QtSvgWidgets.abi3.so"]\n    Root --> node_venv["venv"]\n    node_venv --> node_venv_lib["lib"]\n    node_venv_lib --> node_venv_lib_python3_12["python3.12"]\n    node_venv_lib_python3_12 --> node_venv_lib_python3_12_site-packages["site-packages"]\n    node_venv_lib_python3_12_site-packages --> node_venv_lib_python3_12_site-packages_PyQt6["PyQt6"]\n    node_venv_lib_python3_12_site-packages_PyQt6 --> node_venv_lib_python3_12_site-packages_PyQt6_QtSvgWidgets_pyi["QtSvgWidgets.pyi"]\n    Root --> node_venv["venv"]\n    node_venv --> node_venv_lib["lib"]\n    node_venv_lib --> node_venv_lib_python3_12["python3.12"]\n    node_venv_lib_python3_12 --> node_venv_lib_python3_12_site-packages["site-packages"]\n    node_venv_lib_python3_12_site-packages --> node_venv_lib_python3_12_site-packages_PyQt6["PyQt6"]\n    node_venv_lib_python3_12_site-packages_PyQt6 --> node_venv_lib_python3_12_site-packages_PyQt6_QtTest_abi3_so["QtTest.abi3.so"]\n    Root --> node_venv["venv"]\n    node_venv --> node_venv_lib["lib"]\n    node_venv_lib --> node_venv_lib_python3_12["python3.12"]\n    node_venv_lib_python3_12 --> node_venv_lib_python3_12_site-packages["site-packages"]\n    node_venv_lib_python3_12_site-packages --> node_venv_lib_python3_12_site-packages_PyQt6["PyQt6"]\n    node_venv_lib_python3_12_site-packages_PyQt6 --> node_venv_lib_python3_12_site-packages_PyQt6_QtTest_pyi["QtTest.pyi"]\n    Root --> node_venv["venv"]\n    node_venv --> node_venv_lib["lib"]\n    node_venv_lib --> node_venv_lib_python3_12["python3.12"]\n    node_venv_lib_python3_12 --> node_venv_lib_python3_12_site-packages["site-packages"]\n    node_venv_lib_python3_12_site-packages --> node_venv_lib_python3_12_site-packages_PyQt6["PyQt6"]\n    node_venv_lib_python3_12_site-packages_PyQt6 --> node_venv_lib_python3_12_site-packages_PyQt6_QtTextToSpeech_abi3_so["QtTextToSpeech.abi3.so"]\n    Root --> node_venv["venv"]\n    node_venv --> node_venv_lib["lib"]\n    node_venv_lib --> node_venv_lib_python3_12["python3.12"]\n    node_venv_lib_python3_12 --> node_venv_lib_python3_12_site-packages["site-packages"]\n    node_venv_lib_python3_12_site-packages --> node_venv_lib_python3_12_site-packages_PyQt6["PyQt6"]\n    node_venv_lib_python3_12_site-packages_PyQt6 --> node_venv_lib_python3_12_site-packages_PyQt6_QtTextToSpeech_pyi["QtTextToSpeech.pyi"]\n    Root --> node_venv["venv"]\n    node_venv --> node_venv_lib["lib"]\n    node_venv_lib --> node_venv_lib_python3_12["python3.12"]\n    node_venv_lib_python3_12 --> node_venv_lib_python3_12_site-packages["site-packages"]\n    node_venv_lib_python3_12_site-packages --> node_venv_lib_python3_12_site-packages_PyQt6["PyQt6"]\n    node_venv_lib_python3_12_site-packages_PyQt6 --> node_venv_lib_python3_12_site-packages_PyQt6_QtWebChannel_abi3_so["QtWebChannel.abi3.so"]\n    Root --> node_venv["venv"]\n    node_venv --> node_venv_lib["lib"]\n    node_venv_lib --> node_venv_lib_python3_12["python3.12"]\n    node_venv_lib_python3_12 --> node_venv_lib_python3_12_site-packages["site-packages"]\n    node_venv_lib_python3_12_site-packages --> node_venv_lib_python3_12_site-packages_PyQt6["PyQt6"]\n    node_venv_lib_python3_12_site-packages_PyQt6 --> node_venv_lib_python3_12_site-packages_PyQt6_QtWebChannel_pyi["QtWebChannel.pyi"]\n    Root --> node_venv["venv"]\n    node_venv --> node_venv_lib["lib"]\n    node_venv_lib --> node_venv_lib_python3_12["python3.12"]\n    node_venv_lib_python3_12 --> node_venv_lib_python3_12_site-packages["site-packages"]\n    node_venv_lib_python3_12_site-packages --> node_venv_lib_python3_12_site-packages_PyQt6["PyQt6"]\n    node_venv_lib_python3_12_site-packages_PyQt6 --> node_venv_lib_python3_12_site-packages_PyQt6_QtWebSockets_abi3_so["QtWebSockets.abi3.so"]\n    Root --> node_venv["venv"]\n    node_venv --> node_venv_lib["lib"]\n    node_venv_lib --> node_venv_lib_python3_12["python3.12"]\n    node_venv_lib_python3_12 --> node_venv_lib_python3_12_site-packages["site-packages"]\n    node_venv_lib_python3_12_site-packages --> node_venv_lib_python3_12_site-packages_PyQt6["PyQt6"]\n    node_venv_lib_python3_12_site-packages_PyQt6 --> node_venv_lib_python3_12_site-packages_PyQt6_QtWebSockets_pyi["QtWebSockets.pyi"]\n    Root --> node_venv["venv"]\n    node_venv --> node_venv_lib["lib"]\n    node_venv_lib --> node_venv_lib_python3_12["python3.12"]\n    node_venv_lib_python3_12 --> node_venv_lib_python3_12_site-packages["site-packages"]\n    node_venv_lib_python3_12_site-packages --> node_venv_lib_python3_12_site-packages_PyQt6["PyQt6"]\n    node_venv_lib_python3_12_site-packages_PyQt6 --> node_venv_lib_python3_12_site-packages_PyQt6_QtWidgets_abi3_so["QtWidgets.abi3.so"]\n    Root --> node_venv["venv"]\n    node_venv --> node_venv_lib["lib"]\n    node_venv_lib --> node_venv_lib_python3_12["python3.12"]\n    node_venv_lib_python3_12 --> node_venv_lib_python3_12_site-packages["site-packages"]\n    node_venv_lib_python3_12_site-packages --> node_venv_lib_python3_12_site-packages_PyQt6["PyQt6"]\n    node_venv_lib_python3_12_site-packages_PyQt6 --> node_venv_lib_python3_12_site-packages_PyQt6_QtWidgets_pyi["QtWidgets.pyi"]\n    Root --> node_venv["venv"]\n    node_venv --> node_venv_lib["lib"]\n    node_venv_lib --> node_venv_lib_python3_12["python3.12"]\n    node_venv_lib_python3_12 --> node_venv_lib_python3_12_site-packages["site-packages"]\n    node_venv_lib_python3_12_site-packages --> node_venv_lib_python3_12_site-packages_PyQt6["PyQt6"]\n    node_venv_lib_python3_12_site-packages_PyQt6 --> node_venv_lib_python3_12_site-packages_PyQt6_QtXml_abi3_so["QtXml.abi3.so"]\n    Root --> node_venv["venv"]\n    node_venv --> node_venv_lib["lib"]\n    node_venv_lib --> node_venv_lib_python3_12["python3.12"]\n    node_venv_lib_python3_12 --> node_venv_lib_python3_12_site-packages["site-packages"]\n    node_venv_lib_python3_12_site-packages --> node_venv_lib_python3_12_site-packages_PyQt6["PyQt6"]\n    node_venv_lib_python3_12_site-packages_PyQt6 --> node_venv_lib_python3_12_site-packages_PyQt6_QtXml_pyi["QtXml.pyi"]\n    Root --> node_venv["venv"]\n    node_venv --> node_venv_lib["lib"]\n    node_venv_lib --> node_venv_lib_python3_12["python3.12"]\n    node_venv_lib_python3_12 --> node_venv_lib_python3_12_site-packages["site-packages"]\n    node_venv_lib_python3_12_site-packages --> node_venv_lib_python3_12_site-packages_PyQt6["PyQt6"]\n    node_venv_lib_python3_12_site-packages_PyQt6 --> node_venv_lib_python3_12_site-packages_PyQt6___init___py["__init__.py"]\n    Root --> node_venv["venv"]\n    node_venv --> node_venv_lib["lib"]\n    node_venv_lib --> node_venv_lib_python3_12["python3.12"]\n    node_venv_lib_python3_12 --> node_venv_lib_python3_12_site-packages["site-packages"]\n    node_venv_lib_python3_12_site-packages --> node_venv_lib_python3_12_site-packages_PyQt6["PyQt6"]\n    node_venv_lib_python3_12_site-packages_PyQt6 --> node_venv_lib_python3_12_site-packages_PyQt6_py_typed["py.typed"]\n    Root --> node_venv["venv"]\n    node_venv --> node_venv_lib["lib"]\n    node_venv_lib --> node_venv_lib_python3_12["python3.12"]\n    node_venv_lib_python3_12 --> node_venv_lib_python3_12_site-packages["site-packages"]\n    node_venv_lib_python3_12_site-packages --> node_venv_lib_python3_12_site-packages_PyQt6["PyQt6"]\n    node_venv_lib_python3_12_site-packages_PyQt6 --> node_venv_lib_python3_12_site-packages_PyQt6_sip_cpython-312-darwin_so["sip.cpython-312-darwin.so"]\n    Root --> node_venv["venv"]\n    node_venv --> node_venv_lib["lib"]\n    node_venv_lib --> node_venv_lib_python3_12["python3.12"]\n    node_venv_lib_python3_12 --> node_venv_lib_python3_12_site-packages["site-packages"]\n    node_venv_lib_python3_12_site-packages --> node_venv_lib_python3_12_site-packages_PyQt6["PyQt6"]\n    node_venv_lib_python3_12_site-packages_PyQt6 --> node_venv_lib_python3_12_site-packages_PyQt6_sip_pyi["sip.pyi"]\n    Root --> node_venv["venv"]\n    node_venv --> node_venv_lib["lib"]\n    node_venv_lib --> node_venv_lib_python3_12["python3.12"]\n    node_venv_lib_python3_12 --> node_venv_lib_python3_12_site-packages["site-packages"]\n    node_venv_lib_python3_12_site-packages --> node_venv_lib_python3_12_site-packages_PyQt6["PyQt6"]\n    node_venv_lib_python3_12_site-packages_PyQt6 --> node_venv_lib_python3_12_site-packages_PyQt6_lupdate["lupdate"]\n    node_venv_lib_python3_12_site-packages_PyQt6_lupdate --> node_venv_lib_python3_12_site-packages_PyQt6_lupdate___init___py["__init__.py"]\n    Root --> node_venv["venv"]\n    node_venv --> node_venv_lib["lib"]\n    node_venv_lib --> node_venv_lib_python3_12["python3.12"]\n    node_venv_lib_python3_12 --> node_venv_lib_python3_12_site-packages["site-packages"]\n    node_venv_lib_python3_12_site-packages --> node_venv_lib_python3_12_site-packages_PyQt6["PyQt6"]\n    node_venv_lib_python3_12_site-packages_PyQt6 --> node_venv_lib_python3_12_site-packages_PyQt6_lupdate["lupdate"]\n    node_venv_lib_python3_12_site-packages_PyQt6_lupdate --> node_venv_lib_python3_12_site-packages_PyQt6_lupdate_designer_source_py["designer_source.py"]\n    Root --> node_venv["venv"]\n    node_venv --> node_venv_lib["lib"]\n    node_venv_lib --> node_venv_lib_python3_12["python3.12"]\n    node_venv_lib_python3_12 --> node_venv_lib_python3_12_site-packages["site-packages"]\n    node_venv_lib_python3_12_site-packages --> node_venv_lib_python3_12_site-packages_PyQt6["PyQt6"]\n    node_venv_lib_python3_12_site-packages_PyQt6 --> node_venv_lib_python3_12_site-packages_PyQt6_lupdate["lupdate"]\n    node_venv_lib_python3_12_site-packages_PyQt6_lupdate --> node_venv_lib_python3_12_site-packages_PyQt6_lupdate_lupdate_py["lupdate.py"]\n    Root --> node_venv["venv"]\n    node_venv --> node_venv_lib["lib"]\n    node_venv_lib --> node_venv_lib_python3_12["python3.12"]\n    node_venv_lib_python3_12 --> node_venv_lib_python3_12_site-packages["site-packages"]\n    node_venv_lib_python3_12_site-packages --> node_venv_lib_python3_12_site-packages_PyQt6["PyQt6"]\n    node_venv_lib_python3_12_site-packages_PyQt6 --> node_venv_lib_python3_12_site-packages_PyQt6_lupdate["lupdate"]\n    node_venv_lib_python3_12_site-packages_PyQt6_lupdate --> node_venv_lib_python3_12_site-packages_PyQt6_lupdate_pylupdate_py["pylupdate.py"]\n    Root --> node_venv["venv"]\n    node_venv --> node_venv_lib["lib"]\n    node_venv_lib --> node_venv_lib_python3_12["python3.12"]\n    node_venv_lib_python3_12 --> node_venv_lib_python3_12_site-packages["site-packages"]\n    node_venv_lib_python3_12_site-packages --> node_venv_lib_python3_12_site-packages_PyQt6["PyQt6"]\n    node_venv_lib_python3_12_site-packages_PyQt6 --> node_venv_lib_python3_12_site-packages_PyQt6_lupdate["lupdate"]\n    node_venv_lib_python3_12_site-packages_PyQt6_lupdate --> node_venv_lib_python3_12_site-packages_PyQt6_lupdate_python_source_py["python_source.py"]\n    Root --> node_venv["venv"]\n    node_venv --> node_venv_lib["lib"]\n    node_venv_lib --> node_venv_lib_python3_12["python3.12"]\n    node_venv_lib_python3_12 --> node_venv_lib_python3_12_site-packages["site-packages"]\n    node_venv_lib_python3_12_site-packages --> node_venv_lib_python3_12_site-packages_PyQt6["PyQt6"]\n    node_venv_lib_python3_12_site-packages_PyQt6 --> node_venv_lib_python3_12_site-packages_PyQt6_lupdate["lupdate"]\n    node_venv_lib_python3_12_site-packages_PyQt6_lupdate --> node_venv_lib_python3_12_site-packages_PyQt6_lupdate_source_file_py["source_file.py"]\n    Root --> node_venv["venv"]\n    node_venv --> node_venv_lib["lib"]\n    node_venv_lib --> node_venv_lib_python3_12["python3.12"]\n    node_venv_lib_python3_12 --> node_venv_lib_python3_12_site-packages["site-packages"]\n    node_venv_lib_python3_12_site-packages --> node_venv_lib_python3_12_site-packages_PyQt6["PyQt6"]\n    node_venv_lib_python3_12_site-packages_PyQt6 --> node_venv_lib_python3_12_site-packages_PyQt6_lupdate["lupdate"]\n    node_venv_lib_python3_12_site-packages_PyQt6_lupdate --> node_venv_lib_python3_12_site-packages_PyQt6_lupdate_translation_file_py["translation_file.py"]\n    Root --> node_venv["venv"]\n    node_venv --> node_venv_lib["lib"]\n    node_venv_lib --> node_venv_lib_python3_12["python3.12"]\n    node_venv_lib_python3_12 --> node_venv_lib_python3_12_site-packages["site-packages"]\n    node_venv_lib_python3_12_site-packages --> node_venv_lib_python3_12_site-packages_PyQt6["PyQt6"]\n    node_venv_lib_python3_12_site-packages_PyQt6 --> node_venv_lib_python3_12_site-packages_PyQt6_lupdate["lupdate"]\n    node_venv_lib_python3_12_site-packages_PyQt6_lupdate --> node_venv_lib_python3_12_site-packages_PyQt6_lupdate_translations_py["translations.py"]\n    Root --> node_venv["venv"]\n    node_venv --> node_venv_lib["lib"]\n    node_venv_lib --> node_venv_lib_python3_12["python3.12"]\n    node_venv_lib_python3_12 --> node_venv_lib_python3_12_site-packages["site-packages"]\n    node_venv_lib_python3_12_site-packages --> node_venv_lib_python3_12_site-packages_PyQt6["PyQt6"]\n    node_venv_lib_python3_12_site-packages_PyQt6 --> node_venv_lib_python3_12_site-packages_PyQt6_lupdate["lupdate"]\n    node_venv_lib_python3_12_site-packages_PyQt6_lupdate --> node_venv_lib_python3_12_site-packages_PyQt6_lupdate_user_py["user.py"]\n    Root --> node_venv["venv"]\n    node_venv --> node_venv_lib["lib"]\n    node_venv_lib --> node_venv_lib_python3_12["python3.12"]\n    node_venv_lib_python3_12 --> node_venv_lib_python3_12_site-packages["site-packages"]\n    node_venv_lib_python3_12_site-packages --> node_venv_lib_python3_12_site-packages_PyQt6["PyQt6"]\n    node_venv_lib_python3_12_site-packages_PyQt6 --> node_venv_lib_python3_12_site-packages_PyQt6_uic["uic"]\n    node_venv_lib_python3_12_site-packages_PyQt6_uic --> node_venv_lib_python3_12_site-packages_PyQt6_uic___init___py["__init__.py"]\n    Root --> node_venv["venv"]\n    node_venv --> node_venv_lib["lib"]\n    node_venv_lib --> node_venv_lib_python3_12["python3.12"]\n    node_venv_lib_python3_12 --> node_venv_lib_python3_12_site-packages["site-packages"]\n    node_venv_lib_python3_12_site-packages --> node_venv_lib_python3_12_site-packages_PyQt6["PyQt6"]\n    node_venv_lib_python3_12_site-packages_PyQt6 --> node_venv_lib_python3_12_site-packages_PyQt6_uic["uic"]\n    node_venv_lib_python3_12_site-packages_PyQt6_uic --> node_venv_lib_python3_12_site-packages_PyQt6_uic_compile_ui_py["compile_ui.py"]\n    Root --> node_venv["venv"]\n    node_venv --> node_venv_lib["lib"]\n    node_venv_lib --> node_venv_lib_python3_12["python3.12"]\n    node_venv_lib_python3_12 --> node_venv_lib_python3_12_site-packages["site-packages"]\n    node_venv_lib_python3_12_site-packages --> node_venv_lib_python3_12_site-packages_PyQt6["PyQt6"]\n    node_venv_lib_python3_12_site-packages_PyQt6 --> node_venv_lib_python3_12_site-packages_PyQt6_uic["uic"]\n    node_venv_lib_python3_12_site-packages_PyQt6_uic --> node_venv_lib_python3_12_site-packages_PyQt6_uic_enum_map_py["enum_map.py"]\n    Root --> node_venv["venv"]\n    node_venv --> node_venv_lib["lib"]\n    node_venv_lib --> node_venv_lib_python3_12["python3.12"]\n    node_venv_lib_python3_12 --> node_venv_lib_python3_12_site-packages["site-packages"]\n    node_venv_lib_python3_12_site-packages --> node_venv_lib_python3_12_site-packages_PyQt6["PyQt6"]\n    node_venv_lib_python3_12_site-packages_PyQt6 --> node_venv_lib_python3_12_site-packages_PyQt6_uic["uic"]\n    node_venv_lib_python3_12_site-packages_PyQt6_uic --> node_venv_lib_python3_12_site-packages_PyQt6_uic_exceptions_py["exceptions.py"]\n    Root --> node_venv["venv"]\n    node_venv --> node_venv_lib["lib"]\n    node_venv_lib --> node_venv_lib_python3_12["python3.12"]\n    node_venv_lib_python3_12 --> node_venv_lib_python3_12_site-packages["site-packages"]\n    node_venv_lib_python3_12_site-packages --> node_venv_lib_python3_12_site-packages_PyQt6["PyQt6"]\n    node_venv_lib_python3_12_site-packages_PyQt6 --> node_venv_lib_python3_12_site-packages_PyQt6_uic["uic"]\n    node_venv_lib_python3_12_site-packages_PyQt6_uic --> node_venv_lib_python3_12_site-packages_PyQt6_uic_icon_cache_py["icon_cache.py"]\n    Root --> node_venv["venv"]\n    node_venv --> node_venv_lib["lib"]\n    node_venv_lib --> node_venv_lib_python3_12["python3.12"]\n    node_venv_lib_python3_12 --> node_venv_lib_python3_12_site-packages["site-packages"]\n    node_venv_lib_python3_12_site-packages --> node_venv_lib_python3_12_site-packages_PyQt6["PyQt6"]\n    node_venv_lib_python3_12_site-packages_PyQt6 --> node_venv_lib_python3_12_site-packages_PyQt6_uic["uic"]\n    node_venv_lib_python3_12_site-packages_PyQt6_uic --> node_venv_lib_python3_12_site-packages_PyQt6_uic_load_ui_py["load_ui.py"]\n    Root --> node_venv["venv"]\n    node_venv --> node_venv_lib["lib"]\n    node_venv_lib --> node_venv_lib_python3_12["python3.12"]\n    node_venv_lib_python3_12 --> node_venv_lib_python3_12_site-packages["site-packages"]\n    node_venv_lib_python3_12_site-packages --> node_venv_lib_python3_12_site-packages_PyQt6["PyQt6"]\n    node_venv_lib_python3_12_site-packages_PyQt6 --> node_venv_lib_python3_12_site-packages_PyQt6_uic["uic"]\n    node_venv_lib_python3_12_site-packages_PyQt6_uic --> node_venv_lib_python3_12_site-packages_PyQt6_uic_objcreator_py["objcreator.py"]\n    Root --> node_venv["venv"]\n    node_venv --> node_venv_lib["lib"]\n    node_venv_lib --> node_venv_lib_python3_12["python3.12"]\n    node_venv_lib_python3_12 --> node_venv_lib_python3_12_site-packages["site-packages"]\n    node_venv_lib_python3_12_site-packages --> node_venv_lib_python3_12_site-packages_PyQt6["PyQt6"]\n    node_venv_lib_python3_12_site-packages_PyQt6 --> node_venv_lib_python3_12_site-packages_PyQt6_uic["uic"]\n    node_venv_lib_python3_12_site-packages_PyQt6_uic --> node_venv_lib_python3_12_site-packages_PyQt6_uic_properties_py["properties.py"]\n    Root --> node_venv["venv"]\n    node_venv --> node_venv_lib["lib"]\n    node_venv_lib --> node_venv_lib_python3_12["python3.12"]\n    node_venv_lib_python3_12 --> node_venv_lib_python3_12_site-packages["site-packages"]\n    node_venv_lib_python3_12_site-packages --> node_venv_lib_python3_12_site-packages_PyQt6["PyQt6"]\n    node_venv_lib_python3_12_site-packages_PyQt6 --> node_venv_lib_python3_12_site-packages_PyQt6_uic["uic"]\n    node_venv_lib_python3_12_site-packages_PyQt6_uic --> node_venv_lib_python3_12_site-packages_PyQt6_uic_pyuic_py["pyuic.py"]\n    Root --> node_venv["venv"]\n    node_venv --> node_venv_lib["lib"]\n    node_venv_lib --> node_venv_lib_python3_12["python3.12"]\n    node_venv_lib_python3_12 --> node_venv_lib_python3_12_site-packages["site-packages"]\n    node_venv_lib_python3_12_site-packages --> node_venv_lib_python3_12_site-packages_PyQt6["PyQt6"]\n    node_venv_lib_python3_12_site-packages_PyQt6 --> node_venv_lib_python3_12_site-packages_PyQt6_uic["uic"]\n    node_venv_lib_python3_12_site-packages_PyQt6_uic --> node_venv_lib_python3_12_site-packages_PyQt6_uic_ui_file_py["ui_file.py"]\n    Root --> node_venv["venv"]\n    node_venv --> node_venv_lib["lib"]\n    node_venv_lib --> node_venv_lib_python3_12["python3.12"]\n    node_venv_lib_python3_12 --> node_venv_lib_python3_12_site-packages["site-packages"]\n    node_venv_lib_python3_12_site-packages --> node_venv_lib_python3_12_site-packages_PyQt6["PyQt6"]\n    node_venv_lib_python3_12_site-packages_PyQt6 --> node_venv_lib_python3_12_site-packages_PyQt6_uic["uic"]\n    node_venv_lib_python3_12_site-packages_PyQt6_uic --> node_venv_lib_python3_12_site-packages_PyQt6_uic_uiparser_py["uiparser.py"]\n    Root --> node_venv["venv"]\n    node_venv --> node_venv_lib["lib"]\n    node_venv_lib --> node_venv_lib_python3_12["python3.12"]\n    node_venv_lib_python3_12 --> node_venv_lib_python3_12_site-packages["site-packages"]\n    node_venv_lib_python3_12_site-packages --> node_venv_lib_python3_12_site-packages_PyQt6["PyQt6"]\n    node_venv_lib_python3_12_site-packages_PyQt6 --> node_venv_lib_python3_12_site-packages_PyQt6_uic["uic"]\n    node_venv_lib_python3_12_site-packages_PyQt6_uic --> node_venv_lib_python3_12_site-packages_PyQt6_uic_widget-plugins["widget-plugins"]\n    node_venv_lib_python3_12_site-packages_PyQt6_uic_widget-plugins --> node_venv_lib_python3_12_site-packages_PyQt6_uic_widget-plugins_qaxcontainer_py["qaxcontainer.py"]\n    Root --> node_venv["venv"]\n    node_venv --> node_venv_lib["lib"]\n    node_venv_lib --> node_venv_lib_python3_12["python3.12"]\n    node_venv_lib_python3_12 --> node_venv_lib_python3_12_site-packages["site-packages"]\n    node_venv_lib_python3_12_site-packages --> node_venv_lib_python3_12_site-packages_PyQt6["PyQt6"]\n    node_venv_lib_python3_12_site-packages_PyQt6 --> node_venv_lib_python3_12_site-packages_PyQt6_uic["uic"]\n    node_venv_lib_python3_12_site-packages_PyQt6_uic --> node_venv_lib_python3_12_site-packages_PyQt6_uic_widget-plugins["widget-plugins"]\n    node_venv_lib_python3_12_site-packages_PyQt6_uic_widget-plugins --> node_venv_lib_python3_12_site-packages_PyQt6_uic_widget-plugins_qscintilla_py["qscintilla.py"]\n    Root --> node_venv["venv"]\n    node_venv --> node_venv_lib["lib"]\n    node_venv_lib --> node_venv_lib_python3_12["python3.12"]\n    node_venv_lib_python3_12 --> node_venv_lib_python3_12_site-packages["site-packages"]\n    node_venv_lib_python3_12_site-packages --> node_venv_lib_python3_12_site-packages_PyQt6["PyQt6"]\n    node_venv_lib_python3_12_site-packages_PyQt6 --> node_venv_lib_python3_12_site-packages_PyQt6_uic["uic"]\n    node_venv_lib_python3_12_site-packages_PyQt6_uic --> node_venv_lib_python3_12_site-packages_PyQt6_uic_widget-plugins["widget-plugins"]\n    node_venv_lib_python3_12_site-packages_PyQt6_uic_widget-plugins --> node_venv_lib_python3_12_site-packages_PyQt6_uic_widget-plugins_qtcharts_py["qtcharts.py"]\n    Root --> node_venv["venv"]\n    node_venv --> node_venv_lib["lib"]\n    node_venv_lib --> node_venv_lib_python3_12["python3.12"]\n    node_venv_lib_python3_12 --> node_venv_lib_python3_12_site-packages["site-packages"]\n    node_venv_lib_python3_12_site-packages --> node_venv_lib_python3_12_site-packages_PyQt6["PyQt6"]\n    node_venv_lib_python3_12_site-packages_PyQt6 --> node_venv_lib_python3_12_site-packages_PyQt6_uic["uic"]\n    node_venv_lib_python3_12_site-packages_PyQt6_uic --> node_venv_lib_python3_12_site-packages_PyQt6_uic_widget-plugins["widget-plugins"]\n    node_venv_lib_python3_12_site-packages_PyQt6_uic_widget-plugins --> node_venv_lib_python3_12_site-packages_PyQt6_uic_widget-plugins_qtopenglwidgets_py["qtopenglwidgets.py"]\n    Root --> node_venv["venv"]\n    node_venv --> node_venv_lib["lib"]\n    node_venv_lib --> node_venv_lib_python3_12["python3.12"]\n    node_venv_lib_python3_12 --> node_venv_lib_python3_12_site-packages["site-packages"]\n    node_venv_lib_python3_12_site-packages --> node_venv_lib_python3_12_site-packages_PyQt6["PyQt6"]\n    node_venv_lib_python3_12_site-packages_PyQt6 --> node_venv_lib_python3_12_site-packages_PyQt6_uic["uic"]\n    node_venv_lib_python3_12_site-packages_PyQt6_uic --> node_venv_lib_python3_12_site-packages_PyQt6_uic_widget-plugins["widget-plugins"]\n    node_venv_lib_python3_12_site-packages_PyQt6_uic_widget-plugins --> node_venv_lib_python3_12_site-packages_PyQt6_uic_widget-plugins_qtprintsupport_py["qtprintsupport.py"]\n    Root --> node_venv["venv"]\n    node_venv --> node_venv_lib["lib"]\n    node_venv_lib --> node_venv_lib_python3_12["python3.12"]\n    node_venv_lib_python3_12 --> node_venv_lib_python3_12_site-packages["site-packages"]\n    node_venv_lib_python3_12_site-packages --> node_venv_lib_python3_12_site-packages_PyQt6["PyQt6"]\n    node_venv_lib_python3_12_site-packages_PyQt6 --> node_venv_lib_python3_12_site-packages_PyQt6_uic["uic"]\n    node_venv_lib_python3_12_site-packages_PyQt6_uic --> node_venv_lib_python3_12_site-packages_PyQt6_uic_widget-plugins["widget-plugins"]\n    node_venv_lib_python3_12_site-packages_PyQt6_uic_widget-plugins --> node_venv_lib_python3_12_site-packages_PyQt6_uic_widget-plugins_qtquickwidgets_py["qtquickwidgets.py"]\n    Root --> node_venv["venv"]\n    node_venv --> node_venv_lib["lib"]\n    node_venv_lib --> node_venv_lib_python3_12["python3.12"]\n    node_venv_lib_python3_12 --> node_venv_lib_python3_12_site-packages["site-packages"]\n    node_venv_lib_python3_12_site-packages --> node_venv_lib_python3_12_site-packages_PyQt6["PyQt6"]\n    node_venv_lib_python3_12_site-packages_PyQt6 --> node_venv_lib_python3_12_site-packages_PyQt6_uic["uic"]\n    node_venv_lib_python3_12_site-packages_PyQt6_uic --> node_venv_lib_python3_12_site-packages_PyQt6_uic_widget-plugins["widget-plugins"]\n    node_venv_lib_python3_12_site-packages_PyQt6_uic_widget-plugins --> node_venv_lib_python3_12_site-packages_PyQt6_uic_widget-plugins_qtwebenginewidgets_py["qtwebenginewidgets.py"]\n    Root --> node_venv["venv"]\n    node_venv --> node_venv_lib["lib"]\n    node_venv_lib --> node_venv_lib_python3_12["python3.12"]\n    node_venv_lib_python3_12 --> node_venv_lib_python3_12_site-packages["site-packages"]\n    node_venv_lib_python3_12_site-packages --> node_venv_lib_python3_12_site-packages_PyQt6["PyQt6"]\n    node_venv_lib_python3_12_site-packages_PyQt6 --> node_venv_lib_python3_12_site-packages_PyQt6_uic["uic"]\n    node_venv_lib_python3_12_site-packages_PyQt6_uic --> node_venv_lib_python3_12_site-packages_PyQt6_uic_Loader["Loader"]\n    node_venv_lib_python3_12_site-packages_PyQt6_uic_Loader --> node_venv_lib_python3_12_site-packages_PyQt6_uic_Loader___init___py["__init__.py"]\n    Root --> node_venv["venv"]\n    node_venv --> node_venv_lib["lib"]\n    node_venv_lib --> node_venv_lib_python3_12["python3.12"]\n    node_venv_lib_python3_12 --> node_venv_lib_python3_12_site-packages["site-packages"]\n    node_venv_lib_python3_12_site-packages --> node_venv_lib_python3_12_site-packages_PyQt6["PyQt6"]\n    node_venv_lib_python3_12_site-packages_PyQt6 --> node_venv_lib_python3_12_site-packages_PyQt6_uic["uic"]\n    node_venv_lib_python3_12_site-packages_PyQt6_uic --> node_venv_lib_python3_12_site-packages_PyQt6_uic_Loader["Loader"]\n    node_venv_lib_python3_12_site-packages_PyQt6_uic_Loader --> node_venv_lib_python3_12_site-packages_PyQt6_uic_Loader_loader_py["loader.py"]\n    Root --> node_venv["venv"]\n    node_venv --> node_venv_lib["lib"]\n    node_venv_lib --> node_venv_lib_python3_12["python3.12"]\n    node_venv_lib_python3_12 --> node_venv_lib_python3_12_site-packages["site-packages"]\n    node_venv_lib_python3_12_site-packages --> node_venv_lib_python3_12_site-packages_PyQt6["PyQt6"]\n    node_venv_lib_python3_12_site-packages_PyQt6 --> node_venv_lib_python3_12_site-packages_PyQt6_uic["uic"]\n    node_venv_lib_python3_12_site-packages_PyQt6_uic --> node_venv_lib_python3_12_site-packages_PyQt6_uic_Loader["Loader"]\n    node_venv_lib_python3_12_site-packages_PyQt6_uic_Loader --> node_venv_lib_python3_12_site-packages_PyQt6_uic_Loader_qobjectcreator_py["qobjectcreator.py"]\n    Root --> node_venv["venv"]\n    node_venv --> node_venv_lib["lib"]\n    node_venv_lib --> node_venv_lib_python3_12["python3.12"]\n    node_venv_lib_python3_12 --> node_venv_lib_python3_12_site-packages["site-packages"]\n    node_venv_lib_python3_12_site-packages --> node_venv_lib_python3_12_site-packages_PyQt6["PyQt6"]\n    node_venv_lib_python3_12_site-packages_PyQt6 --> node_venv_lib_python3_12_site-packages_PyQt6_uic["uic"]\n    node_venv_lib_python3_12_site-packages_PyQt6_uic --> node_venv_lib_python3_12_site-packages_PyQt6_uic_Compiler["Compiler"]\n    node_venv_lib_python3_12_site-packages_PyQt6_uic_Compiler --> node_venv_lib_python3_12_site-packages_PyQt6_uic_Compiler___init___py["__init__.py"]\n    Root --> node_venv["venv"]\n    node_venv --> node_venv_lib["lib"]\n    node_venv_lib --> node_venv_lib_python3_12["python3.12"]\n    node_venv_lib_python3_12 --> node_venv_lib_python3_12_site-packages["site-packages"]\n    node_venv_lib_python3_12_site-packages --> node_venv_lib_python3_12_site-packages_PyQt6["PyQt6"]\n    node_venv_lib_python3_12_site-packages_PyQt6 --> node_venv_lib_python3_12_site-packages_PyQt6_uic["uic"]\n    node_venv_lib_python3_12_site-packages_PyQt6_uic --> node_venv_lib_python3_12_site-packages_PyQt6_uic_Compiler["Compiler"]\n    node_venv_lib_python3_12_site-packages_PyQt6_uic_Compiler --> node_venv_lib_python3_12_site-packages_PyQt6_uic_Compiler_as_string_py["as_string.py"]\n    Root --> node_venv["venv"]\n    node_venv --> node_venv_lib["lib"]\n    node_venv_lib --> node_venv_lib_python3_12["python3.12"]\n    node_venv_lib_python3_12 --> node_venv_lib_python3_12_site-packages["site-packages"]\n    node_venv_lib_python3_12_site-packages --> node_venv_lib_python3_12_site-packages_PyQt6["PyQt6"]\n    node_venv_lib_python3_12_site-packages_PyQt6 --> node_venv_lib_python3_12_site-packages_PyQt6_uic["uic"]\n    node_venv_lib_python3_12_site-packages_PyQt6_uic --> node_venv_lib_python3_12_site-packages_PyQt6_uic_Compiler["Compiler"]\n    node_venv_lib_python3_12_site-packages_PyQt6_uic_Compiler --> node_venv_lib_python3_12_site-packages_PyQt6_uic_Compiler_compiler_py["compiler.py"]\n    Root --> node_venv["venv"]\n    node_venv --> node_venv_lib["lib"]\n    node_venv_lib --> node_venv_lib_python3_12["python3.12"]\n    node_venv_lib_python3_12 --> node_venv_lib_python3_12_site-packages["site-packages"]\n    node_venv_lib_python3_12_site-packages --> node_venv_lib_python3_12_site-packages_PyQt6["PyQt6"]\n    node_venv_lib_python3_12_site-packages_PyQt6 --> node_venv_lib_python3_12_site-packages_PyQt6_uic["uic"]\n    node_venv_lib_python3_12_site-packages_PyQt6_uic --> node_venv_lib_python3_12_site-packages_PyQt6_uic_Compiler["Compiler"]\n    node_venv_lib_python3_12_site-packages_PyQt6_uic_Compiler --> node_venv_lib_python3_12_site-packages_PyQt6_uic_Compiler_indenter_py["indenter.py"]\n    Root --> node_venv["venv"]\n    node_venv --> node_venv_lib["lib"]\n    node_venv_lib --> node_venv_lib_python3_12["python3.12"]\n    node_venv_lib_python3_12 --> node_venv_lib_python3_12_site-packages["site-packages"]\n    node_venv_lib_python3_12_site-packages --> node_venv_lib_python3_12_site-packages_PyQt6["PyQt6"]\n    node_venv_lib_python3_12_site-packages_PyQt6 --> node_venv_lib_python3_12_site-packages_PyQt6_uic["uic"]\n    node_venv_lib_python3_12_site-packages_PyQt6_uic --> node_venv_lib_python3_12_site-packages_PyQt6_uic_Compiler["Compiler"]\n    node_venv_lib_python3_12_site-packages_PyQt6_uic_Compiler --> node_venv_lib_python3_12_site-packages_PyQt6_uic_Compiler_misc_py["misc.py"]\n    Root --> node_venv["venv"]\n    node_venv --> node_venv_lib["lib"]\n    node_venv_lib --> node_venv_lib_python3_12["python3.12"]\n    node_venv_lib_python3_12 --> node_venv_lib_python3_12_site-packages["site-packages"]\n    node_venv_lib_python3_12_site-packages --> node_venv_lib_python3_12_site-packages_PyQt6["PyQt6"]\n    node_venv_lib_python3_12_site-packages_PyQt6 --> node_venv_lib_python3_12_site-packages_PyQt6_uic["uic"]\n    node_venv_lib_python3_12_site-packages_PyQt6_uic --> node_venv_lib_python3_12_site-packages_PyQt6_uic_Compiler["Compiler"]\n    node_venv_lib_python3_12_site-packages_PyQt6_uic_Compiler --> node_venv_lib_python3_12_site-packages_PyQt6_uic_Compiler_proxy_metaclass_py["proxy_metaclass.py"]\n    Root --> node_venv["venv"]\n    node_venv --> node_venv_lib["lib"]\n    node_venv_lib --> node_venv_lib_python3_12["python3.12"]\n    node_venv_lib_python3_12 --> node_venv_lib_python3_12_site-packages["site-packages"]\n    node_venv_lib_python3_12_site-packages --> node_venv_lib_python3_12_site-packages_PyQt6["PyQt6"]\n    node_venv_lib_python3_12_site-packages_PyQt6 --> node_venv_lib_python3_12_site-packages_PyQt6_uic["uic"]\n    node_venv_lib_python3_12_site-packages_PyQt6_uic --> node_venv_lib_python3_12_site-packages_PyQt6_uic_Compiler["Compiler"]\n    node_venv_lib_python3_12_site-packages_PyQt6_uic_Compiler --> node_venv_lib_python3_12_site-packages_PyQt6_uic_Compiler_qobjectcreator_py["qobjectcreator.py"]\n    Root --> node_venv["venv"]\n    node_venv --> node_venv_lib["lib"]\n    node_venv_lib --> node_venv_lib_python3_12["python3.12"]\n    node_venv_lib_python3_12 --> node_venv_lib_python3_12_site-packages["site-packages"]\n    node_venv_lib_python3_12_site-packages --> node_venv_lib_python3_12_site-packages_PyQt6["PyQt6"]\n    node_venv_lib_python3_12_site-packages_PyQt6 --> node_venv_lib_python3_12_site-packages_PyQt6_uic["uic"]\n    node_venv_lib_python3_12_site-packages_PyQt6_uic --> node_venv_lib_python3_12_site-packages_PyQt6_uic_Compiler["Compiler"]\n    node_venv_lib_python3_12_site-packages_PyQt6_uic_Compiler --> node_venv_lib_python3_12_site-packages_PyQt6_uic_Compiler_qtproxies_py["qtproxies.py"]\n    Root --> node_venv["venv"]\n    node_venv --> node_venv_lib["lib"]\n    node_venv_lib --> node_venv_lib_python3_12["python3.12"]\n    node_venv_lib_python3_12 --> node_venv_lib_python3_12_site-packages["site-packages"]\n    node_venv_lib_python3_12_site-packages --> node_venv_lib_python3_12_site-packages_PyQt6["PyQt6"]\n    node_venv_lib_python3_12_site-packages_PyQt6 --> node_venv_lib_python3_12_site-packages_PyQt6_Qt6["Qt6"]\n    node_venv_lib_python3_12_site-packages_PyQt6_Qt6 --> node_venv_lib_python3_12_site-packages_PyQt6_Qt6_qml["qml"]\n    node_venv_lib_python3_12_site-packages_PyQt6_Qt6_qml --> node_venv_lib_python3_12_site-packages_PyQt6_Qt6_qml_QtWebSockets["QtWebSockets"]\n    node_venv_lib_python3_12_site-packages_PyQt6_Qt6_qml_QtWebSockets --> node_venv_lib_python3_12_site-packages_PyQt6_Qt6_qml_QtWebSockets_libqmlwebsocketsplugin_dylib["libqmlwebsocketsplugin.dylib"]\n    Root --> node_venv["venv"]\n    node_venv --> node_venv_lib["lib"]\n    node_venv_lib --> node_venv_lib_python3_12["python3.12"]\n    node_venv_lib_python3_12 --> node_venv_lib_python3_12_site-packages["site-packages"]\n    node_venv_lib_python3_12_site-packages --> node_venv_lib_python3_12_site-packages_PyQt6["PyQt6"]\n    node_venv_lib_python3_12_site-packages_PyQt6 --> node_venv_lib_python3_12_site-packages_PyQt6_Qt6["Qt6"]\n    node_venv_lib_python3_12_site-packages_PyQt6_Qt6 --> node_venv_lib_python3_12_site-packages_PyQt6_Qt6_qml["qml"]\n    node_venv_lib_python3_12_site-packages_PyQt6_Qt6_qml --> node_venv_lib_python3_12_site-packages_PyQt6_Qt6_qml_QtWebSockets["QtWebSockets"]\n    node_venv_lib_python3_12_site-packages_PyQt6_Qt6_qml_QtWebSockets --> node_venv_lib_python3_12_site-packages_PyQt6_Qt6_qml_QtWebSockets_plugins_qmltypes["plugins.qmltypes"]\n    Root --> node_venv["venv"]\n    node_venv --> node_venv_lib["lib"]\n    node_venv_lib --> node_venv_lib_python3_12["python3.12"]\n    node_venv_lib_python3_12 --> node_venv_lib_python3_12_site-packages["site-packages"]\n    node_venv_lib_python3_12_site-packages --> node_venv_lib_python3_12_site-packages_PyQt6["PyQt6"]\n    node_venv_lib_python3_12_site-packages_PyQt6 --> node_venv_lib_python3_12_site-packages_PyQt6_Qt6["Qt6"]\n    node_venv_lib_python3_12_site-packages_PyQt6_Qt6 --> node_venv_lib_python3_12_site-packages_PyQt6_Qt6_qml["qml"]\n    node_venv_lib_python3_12_site-packages_PyQt6_Qt6_qml --> node_venv_lib_python3_12_site-packages_PyQt6_Qt6_qml_QtWebSockets["QtWebSockets"]\n    node_venv_lib_python3_12_site-packages_PyQt6_Qt6_qml_QtWebSockets --> node_venv_lib_python3_12_site-packages_PyQt6_Qt6_qml_QtWebSockets_qmldir["qmldir"]\n    Root --> node_venv["venv"]\n    node_venv --> node_venv_lib["lib"]\n    node_venv_lib --> node_venv_lib_python3_12["python3.12"]\n    node_venv_lib_python3_12 --> node_venv_lib_python3_12_site-packages["site-packages"]\n    node_venv_lib_python3_12_site-packages --> node_venv_lib_python3_12_site-packages_PyQt6["PyQt6"]\n    node_venv_lib_python3_12_site-packages_PyQt6 --> node_venv_lib_python3_12_site-packages_PyQt6_Qt6["Qt6"]\n    node_venv_lib_python3_12_site-packages_PyQt6_Qt6 --> node_venv_lib_python3_12_site-packages_PyQt6_Qt6_qml["qml"]\n    node_venv_lib_python3_12_site-packages_PyQt6_Qt6_qml --> node_venv_lib_python3_12_site-packages_PyQt6_Qt6_qml_QtQml["QtQml"]\n    node_venv_lib_python3_12_site-packages_PyQt6_Qt6_qml_QtQml --> node_venv_lib_python3_12_site-packages_PyQt6_Qt6_qml_QtQml_libqmlplugin_dylib["libqmlplugin.dylib"]\n    Root --> node_venv["venv"]\n    node_venv --> node_venv_lib["lib"]\n    node_venv_lib --> node_venv_lib_python3_12["python3.12"]\n    node_venv_lib_python3_12 --> node_venv_lib_python3_12_site-packages["site-packages"]\n    node_venv_lib_python3_12_site-packages --> node_venv_lib_python3_12_site-packages_PyQt6["PyQt6"]\n    node_venv_lib_python3_12_site-packages_PyQt6 --> node_venv_lib_python3_12_site-packages_PyQt6_Qt6["Qt6"]\n    node_venv_lib_python3_12_site-packages_PyQt6_Qt6 --> node_venv_lib_python3_12_site-packages_PyQt6_Qt6_qml["qml"]\n    node_venv_lib_python3_12_site-packages_PyQt6_Qt6_qml --> node_venv_lib_python3_12_site-packages_PyQt6_Qt6_qml_QtQml["QtQml"]\n    node_venv_lib_python3_12_site-packages_PyQt6_Qt6_qml_QtQml --> node_venv_lib_python3_12_site-packages_PyQt6_Qt6_qml_QtQml_plugins_qmltypes["plugins.qmltypes"]\n    Root --> node_venv["venv"]\n    node_venv --> node_venv_lib["lib"]\n    node_venv_lib --> node_venv_lib_python3_12["python3.12"]\n    node_venv_lib_python3_12 --> node_venv_lib_python3_12_site-packages["site-packages"]\n    node_venv_lib_python3_12_site-packages --> node_venv_lib_python3_12_site-packages_PyQt6["PyQt6"]\n    node_venv_lib_python3_12_site-packages_PyQt6 --> node_venv_lib_python3_12_site-packages_PyQt6_Qt6["Qt6"]\n    node_venv_lib_python3_12_site-packages_PyQt6_Qt6 --> node_venv_lib_python3_12_site-packages_PyQt6_Qt6_qml["qml"]\n    node_venv_lib_python3_12_site-packages_PyQt6_Qt6_qml --> node_venv_lib_python3_12_site-packages_PyQt6_Qt6_qml_QtQml["QtQml"]\n    node_venv_lib_python3_12_site-packages_PyQt6_Qt6_qml_QtQml --> node_venv_lib_python3_12_site-packages_PyQt6_Qt6_qml_QtQml_qmldir["qmldir"]\n    Root --> node_venv["venv"]\n    node_venv --> node_venv_lib["lib"]\n    node_venv_lib --> node_venv_lib_python3_12["python3.12"]\n    node_venv_lib_python3_12 --> node_venv_lib_python3_12_site-packages["site-packages"]\n    node_venv_lib_python3_12_site-packages --> node_venv_lib_python3_12_site-packages_PyQt6["PyQt6"]\n    node_venv_lib_python3_12_site-packages_PyQt6 --> node_venv_lib_python3_12_site-packages_PyQt6_Qt6["Qt6"]\n    node_venv_lib_python3_12_site-packages_PyQt6_Qt6 --> node_venv_lib_python3_12_site-packages_PyQt6_Qt6_qml["qml"]\n    node_venv_lib_python3_12_site-packages_PyQt6_Qt6_qml --> node_venv_lib_python3_12_site-packages_PyQt6_Qt6_qml_QtQml["QtQml"]\n    node_venv_lib_python3_12_site-packages_PyQt6_Qt6_qml_QtQml --> node_venv_lib_python3_12_site-packages_PyQt6_Qt6_qml_QtQml_StateMachine["StateMachine"]\n    node_venv_lib_python3_12_site-packages_PyQt6_Qt6_qml_QtQml_StateMachine --> node_venv_lib_python3_12_site-packages_PyQt6_Qt6_qml_QtQml_StateMachine_libqtqmlstatemachineplugin_dylib["libqtqmlstatemachineplugin.dylib"]\n    Root --> node_venv["venv"]\n    node_venv --> node_venv_lib["lib"]\n    node_venv_lib --> node_venv_lib_python3_12["python3.12"]\n    node_venv_lib_python3_12 --> node_venv_lib_python3_12_site-packages["site-packages"]\n    node_venv_lib_python3_12_site-packages --> node_venv_lib_python3_12_site-packages_PyQt6["PyQt6"]\n    node_venv_lib_python3_12_site-packages_PyQt6 --> node_venv_lib_python3_12_site-packages_PyQt6_Qt6["Qt6"]\n    node_venv_lib_python3_12_site-packages_PyQt6_Qt6 --> node_venv_lib_python3_12_site-packages_PyQt6_Qt6_qml["qml"]\n    node_venv_lib_python3_12_site-packages_PyQt6_Qt6_qml --> node_venv_lib_python3_12_site-packages_PyQt6_Qt6_qml_QtQml["QtQml"]\n    node_venv_lib_python3_12_site-packages_PyQt6_Qt6_qml_QtQml --> node_venv_lib_python3_12_site-packages_PyQt6_Qt6_qml_QtQml_StateMachine["StateMachine"]\n    node_venv_lib_python3_12_site-packages_PyQt6_Qt6_qml_QtQml_StateMachine --> node_venv_lib_python3_12_site-packages_PyQt6_Qt6_qml_QtQml_StateMachine_plugins_qmltypes["plugins.qmltypes"]\n    Root --> node_venv["venv"]\n    node_venv --> node_venv_lib["lib"]\n    node_venv_lib --> node_venv_lib_python3_12["python3.12"]\n    node_venv_lib_python3_12 --> node_venv_lib_python3_12_site-packages["site-packages"]\n    node_venv_lib_python3_12_site-packages --> node_venv_lib_python3_12_site-packages_PyQt6["PyQt6"]\n    node_venv_lib_python3_12_site-packages_PyQt6 --> node_venv_lib_python3_12_site-packages_PyQt6_Qt6["Qt6"]\n    node_venv_lib_python3_12_site-packages_PyQt6_Qt6 --> node_venv_lib_python3_12_site-packages_PyQt6_Qt6_qml["qml"]\n    node_venv_lib_python3_12_site-packages_PyQt6_Qt6_qml --> node_venv_lib_python3_12_site-packages_PyQt6_Qt6_qml_QtQml["QtQml"]\n    node_venv_lib_python3_12_site-packages_PyQt6_Qt6_qml_QtQml --> node_venv_lib_python3_12_site-packages_PyQt6_Qt6_qml_QtQml_StateMachine["StateMachine"]\n    node_venv_lib_python3_12_site-packages_PyQt6_Qt6_qml_QtQml_StateMachine --> node_venv_lib_python3_12_site-packages_PyQt6_Qt6_qml_QtQml_StateMachine_qmldir["qmldir"]\n    Root --> node_venv["venv"]\n    node_venv --> node_venv_lib["lib"]\n    node_venv_lib --> node_venv_lib_python3_12["python3.12"]\n    node_venv_lib_python3_12 --> node_venv_lib_python3_12_site-packages["site-packages"]\n    node_venv_lib_python3_12_site-packages --> node_venv_lib_python3_12_site-packages_PyQt6["PyQt6"]\n    node_venv_lib_python3_12_site-packages_PyQt6 --> node_venv_lib_python3_12_site-packages_PyQt6_Qt6["Qt6"]\n    node_venv_lib_python3_12_site-packages_PyQt6_Qt6 --> node_venv_lib_python3_12_site-packages_PyQt6_Qt6_qml["qml"]\n    node_venv_lib_python3_12_site-packages_PyQt6_Qt6_qml --> node_venv_lib_python3_12_site-packages_PyQt6_Qt6_qml_QtQml["QtQml"]\n    node_venv_lib_python3_12_site-packages_PyQt6_Qt6_qml_QtQml --> node_venv_lib_python3_12_site-packages_PyQt6_Qt6_qml_QtQml_Models["Models"]\n    node_venv_lib_python3_12_site-packages_PyQt6_Qt6_qml_QtQml_Models --> node_venv_lib_python3_12_site-packages_PyQt6_Qt6_qml_QtQml_Models_libmodelsplugin_dylib["libmodelsplugin.dylib"]\n    Root --> node_venv["venv"]\n    node_venv --> node_venv_lib["lib"]\n    node_venv_lib --> node_venv_lib_python3_12["python3.12"]\n    node_venv_lib_python3_12 --> node_venv_lib_python3_12_site-packages["site-packages"]\n    node_venv_lib_python3_12_site-packages --> node_venv_lib_python3_12_site-packages_PyQt6["PyQt6"]\n    node_venv_lib_python3_12_site-packages_PyQt6 --> node_venv_lib_python3_12_site-packages_PyQt6_Qt6["Qt6"]\n    node_venv_lib_python3_12_site-packages_PyQt6_Qt6 --> node_venv_lib_python3_12_site-packages_PyQt6_Qt6_qml["qml"]\n    node_venv_lib_python3_12_site-packages_PyQt6_Qt6_qml --> node_venv_lib_python3_12_site-packages_PyQt6_Qt6_qml_QtQml["QtQml"]\n    node_venv_lib_python3_12_site-packages_PyQt6_Qt6_qml_QtQml --> node_venv_lib_python3_12_site-packages_PyQt6_Qt6_qml_QtQml_Models["Models"]\n    node_venv_lib_python3_12_site-packages_PyQt6_Qt6_qml_QtQml_Models --> node_venv_lib_python3_12_site-packages_PyQt6_Qt6_qml_QtQml_Models_plugins_qmltypes["plugins.qmltypes"]\n    Root --> node_venv["venv"]\n    node_venv --> node_venv_lib["lib"]\n    node_venv_lib --> node_venv_lib_python3_12["python3.12"]\n    node_venv_lib_python3_12 --> node_venv_lib_python3_12_site-packages["site-packages"]\n    node_venv_lib_python3_12_site-packages --> node_venv_lib_python3_12_site-packages_PyQt6["PyQt6"]\n    node_venv_lib_python3_12_site-packages_PyQt6 --> node_venv_lib_python3_12_site-packages_PyQt6_Qt6["Qt6"]\n    node_venv_lib_python3_12_site-packages_PyQt6_Qt6 --> node_venv_lib_python3_12_site-packages_PyQt6_Qt6_qml["qml"]\n    node_venv_lib_python3_12_site-packages_PyQt6_Qt6_qml --> node_venv_lib_python3_12_site-packages_PyQt6_Qt6_qml_QtQml["QtQml"]\n    node_venv_lib_python3_12_site-packages_PyQt6_Qt6_qml_QtQml --> node_venv_lib_python3_12_site-packages_PyQt6_Qt6_qml_QtQml_Models["Models"]\n    node_venv_lib_python3_12_site-packages_PyQt6_Qt6_qml_QtQml_Models --> node_venv_lib_python3_12_site-packages_PyQt6_Qt6_qml_QtQml_Models_qmldir["qmldir"]\n    Root --> node_venv["venv"]\n    node_venv --> node_venv_lib["lib"]\n    node_venv_lib --> node_venv_lib_python3_12["python3.12"]\n    node_venv_lib_python3_12 --> node_venv_lib_python3_12_site-packages["site-packages"]\n    node_venv_lib_python3_12_site-packages --> node_venv_lib_python3_12_site-packages_PyQt6["PyQt6"]\n    node_venv_lib_python3_12_site-packages_PyQt6 --> node_venv_lib_python3_12_site-packages_PyQt6_Qt6["Qt6"]\n    node_venv_lib_python3_12_site-packages_PyQt6_Qt6 --> node_venv_lib_python3_12_site-packages_PyQt6_Qt6_qml["qml"]\n    node_venv_lib_python3_12_site-packages_PyQt6_Qt6_qml --> node_venv_lib_python3_12_site-packages_PyQt6_Qt6_qml_QtQml["QtQml"]\n    node_venv_lib_python3_12_site-packages_PyQt6_Qt6_qml_QtQml --> node_venv_lib_python3_12_site-packages_PyQt6_Qt6_qml_QtQml_WorkerScript["WorkerScript"]\n    node_venv_lib_python3_12_site-packages_PyQt6_Qt6_qml_QtQml_WorkerScript --> node_venv_lib_python3_12_site-packages_PyQt6_Qt6_qml_QtQml_WorkerScript_libworkerscriptplugin_dylib["libworkerscriptplugin.dylib"]\n    Root --> node_venv["venv"]\n    node_venv --> node_venv_lib["lib"]\n    node_venv_lib --> node_venv_lib_python3_12["python3.12"]\n    node_venv_lib_python3_12 --> node_venv_lib_python3_12_site-packages["site-packages"]\n    node_venv_lib_python3_12_site-packages --> node_venv_lib_python3_12_site-packages_PyQt6["PyQt6"]\n    node_venv_lib_python3_12_site-packages_PyQt6 --> node_venv_lib_python3_12_site-packages_PyQt6_Qt6["Qt6"]\n    node_venv_lib_python3_12_site-packages_PyQt6_Qt6 --> node_venv_lib_python3_12_site-packages_PyQt6_Qt6_qml["qml"]\n    node_venv_lib_python3_12_site-packages_PyQt6_Qt6_qml --> node_venv_lib_python3_12_site-packages_PyQt6_Qt6_qml_QtQml["QtQml"]\n    node_venv_lib_python3_12_site-packages_PyQt6_Qt6_qml_QtQml --> node_venv_lib_python3_12_site-packages_PyQt6_Qt6_qml_QtQml_WorkerScript["WorkerScript"]\n    node_venv_lib_python3_12_site-packages_PyQt6_Qt6_qml_QtQml_WorkerScript --> node_venv_lib_python3_12_site-packages_PyQt6_Qt6_qml_QtQml_WorkerScript_plugins_qmltypes["plugins.qmltypes"]\n    Root --> node_venv["venv"]\n    node_venv --> node_venv_lib["lib"]\n    node_venv_lib --> node_venv_lib_python3_12["python3.12"]\n    node_venv_lib_python3_12 --> node_venv_lib_python3_12_site-packages["site-packages"]\n    node_venv_lib_python3_12_site-packages --> node_venv_lib_python3_12_site-packages_PyQt6["PyQt6"]\n    node_venv_lib_python3_12_site-packages_PyQt6 --> node_venv_lib_python3_12_site-packages_PyQt6_Qt6["Qt6"]\n    node_venv_lib_python3_12_site-packages_PyQt6_Qt6 --> node_venv_lib_python3_12_site-packages_PyQt6_Qt6_qml["qml"]\n    node_venv_lib_python3_12_site-packages_PyQt6_Qt6_qml --> node_venv_lib_python3_12_site-packages_PyQt6_Qt6_qml_QtQml["QtQml"]\n    node_venv_lib_python3_12_site-packages_PyQt6_Qt6_qml_QtQml --> node_venv_lib_python3_12_site-packages_PyQt6_Qt6_qml_QtQml_WorkerScript["WorkerScript"]\n    node_venv_lib_python3_12_site-packages_PyQt6_Qt6_qml_QtQml_WorkerScript --> node_venv_lib_python3_12_site-packages_PyQt6_Qt6_qml_QtQml_WorkerScript_qmldir["qmldir"]\n    Root --> node_venv["venv"]\n    node_venv --> node_venv_lib["lib"]\n    node_venv_lib --> node_venv_lib_python3_12["python3.12"]\n    node_venv_lib_python3_12 --> node_venv_lib_python3_12_site-packages["site-packages"]\n    node_venv_lib_python3_12_site-packages --> node_venv_lib_python3_12_site-packages_PyQt6["PyQt6"]\n    node_venv_lib_python3_12_site-packages_PyQt6 --> node_venv_lib_python3_12_site-packages_PyQt6_Qt6["Qt6"]\n    node_venv_lib_python3_12_site-packages_PyQt6_Qt6 --> node_venv_lib_python3_12_site-packages_PyQt6_Qt6_qml["qml"]\n    node_venv_lib_python3_12_site-packages_PyQt6_Qt6_qml --> node_venv_lib_python3_12_site-packages_PyQt6_Qt6_qml_QtQml["QtQml"]\n    node_venv_lib_python3_12_site-packages_PyQt6_Qt6_qml_QtQml --> node_venv_lib_python3_12_site-packages_PyQt6_Qt6_qml_QtQml_XmlListModel["XmlListModel"]\n    node_venv_lib_python3_12_site-packages_PyQt6_Qt6_qml_QtQml_XmlListModel --> node_venv_lib_python3_12_site-packages_PyQt6_Qt6_qml_QtQml_XmlListModel_libqmlxmllistmodelplugin_dylib["libqmlxmllistmodelplugin.dylib"]\n    Root --> node_venv["venv"]\n    node_venv --> node_venv_lib["lib"]\n    node_venv_lib --> node_venv_lib_python3_12["python3.12"]\n    node_venv_lib_python3_12 --> node_venv_lib_python3_12_site-packages["site-packages"]\n    node_venv_lib_python3_12_site-packages --> node_venv_lib_python3_12_site-packages_PyQt6["PyQt6"]\n    node_venv_lib_python3_12_site-packages_PyQt6 --> node_venv_lib_python3_12_site-packages_PyQt6_Qt6["Qt6"]\n    node_venv_lib_python3_12_site-packages_PyQt6_Qt6 --> node_venv_lib_python3_12_site-packages_PyQt6_Qt6_qml["qml"]\n    node_venv_lib_python3_12_site-packages_PyQt6_Qt6_qml --> node_venv_lib_python3_12_site-packages_PyQt6_Qt6_qml_QtQml["QtQml"]\n    node_venv_lib_python3_12_site-packages_PyQt6_Qt6_qml_QtQml --> node_venv_lib_python3_12_site-packages_PyQt6_Qt6_qml_QtQml_XmlListModel["XmlListModel"]\n    node_venv_lib_python3_12_site-packages_PyQt6_Qt6_qml_QtQml_XmlListModel --> node_venv_lib_python3_12_site-packages_PyQt6_Qt6_qml_QtQml_XmlListModel_plugins_qmltypes["plugins.qmltypes"]\n    Root --> node_venv["venv"]\n    node_venv --> node_venv_lib["lib"]\n    node_venv_lib --> node_venv_lib_python3_12["python3.12"]\n    node_venv_lib_python3_12 --> node_venv_lib_python3_12_site-packages["site-packages"]\n    node_venv_lib_python3_12_site-packages --> node_venv_lib_python3_12_site-packages_PyQt6["PyQt6"]\n    node_venv_lib_python3_12_site-packages_PyQt6 --> node_venv_lib_python3_12_site-packages_PyQt6_Qt6["Qt6"]\n    node_venv_lib_python3_12_site-packages_PyQt6_Qt6 --> node_venv_lib_python3_12_site-packages_PyQt6_Qt6_qml["qml"]\n    node_venv_lib_python3_12_site-packages_PyQt6_Qt6_qml --> node_venv_lib_python3_12_site-packages_PyQt6_Qt6_qml_QtQml["QtQml"]\n    node_venv_lib_python3_12_site-packages_PyQt6_Qt6_qml_QtQml --> node_venv_lib_python3_12_site-packages_PyQt6_Qt6_qml_QtQml_XmlListModel["XmlListModel"]\n    node_venv_lib_python3_12_site-packages_PyQt6_Qt6_qml_QtQml_XmlListModel --> node_venv_lib_python3_12_site-packages_PyQt6_Qt6_qml_QtQml_XmlListModel_qmldir["qmldir"]\n    Root --> node_venv["venv"]\n    node_venv --> node_venv_lib["lib"]\n    node_venv_lib --> node_venv_lib_python3_12["python3.12"]\n    node_venv_lib_python3_12 --> node_venv_lib_python3_12_site-packages["site-packages"]\n    node_venv_lib_python3_12_site-packages --> node_venv_lib_python3_12_site-packages_PyQt6["PyQt6"]\n    node_venv_lib_python3_12_site-packages_PyQt6 --> node_venv_lib_python3_12_site-packages_PyQt6_Qt6["Qt6"]\n    node_venv_lib_python3_12_site-packages_PyQt6_Qt6 --> node_venv_lib_python3_12_site-packages_PyQt6_Qt6_qml["qml"]\n    node_venv_lib_python3_12_site-packages_PyQt6_Qt6_qml --> node_venv_lib_python3_12_site-packages_PyQt6_Qt6_qml_QtNetwork["QtNetwork"]\n    node_venv_lib_python3_12_site-packages_PyQt6_Qt6_qml_QtNetwork --> node_venv_lib_python3_12_site-packages_PyQt6_Qt6_qml_QtNetwork_libqmlnetworkplugin_dylib["libqmlnetworkplugin.dylib"]\n    Root --> node_venv["venv"]\n    node_venv --> node_venv_lib["lib"]\n    node_venv_lib --> node_venv_lib_python3_12["python3.12"]\n    node_venv_lib_python3_12 --> node_venv_lib_python3_12_site-packages["site-packages"]\n    node_venv_lib_python3_12_site-packages --> node_venv_lib_python3_12_site-packages_PyQt6["PyQt6"]\n    node_venv_lib_python3_12_site-packages_PyQt6 --> node_venv_lib_python3_12_site-packages_PyQt6_Qt6["Qt6"]\n    node_venv_lib_python3_12_site-packages_PyQt6_Qt6 --> node_venv_lib_python3_12_site-packages_PyQt6_Qt6_qml["qml"]\n    node_venv_lib_python3_12_site-packages_PyQt6_Qt6_qml --> node_venv_lib_python3_12_site-packages_PyQt6_Qt6_qml_QtNetwork["QtNetwork"]\n    node_venv_lib_python3_12_site-packages_PyQt6_Qt6_qml_QtNetwork --> node_venv_lib_python3_12_site-packages_PyQt6_Qt6_qml_QtNetwork_plugins_qmltypes["plugins.qmltypes"]\n    Root --> node_venv["venv"]\n    node_venv --> node_venv_lib["lib"]\n    node_venv_lib --> node_venv_lib_python3_12["python3.12"]\n    node_venv_lib_python3_12 --> node_venv_lib_python3_12_site-packages["site-packages"]\n    node_venv_lib_python3_12_site-packages --> node_venv_lib_python3_12_site-packages_PyQt6["PyQt6"]\n    node_venv_lib_python3_12_site-packages_PyQt6 --> node_venv_lib_python3_12_site-packages_PyQt6_Qt6["Qt6"]\n    node_venv_lib_python3_12_site-packages_PyQt6_Qt6 --> node_venv_lib_python3_12_site-packages_PyQt6_Qt6_qml["qml"]\n    node_venv_lib_python3_12_site-packages_PyQt6_Qt6_qml --> node_venv_lib_python3_12_site-packages_PyQt6_Qt6_qml_QtNetwork["QtNetwork"]\n    node_venv_lib_python3_12_site-packages_PyQt6_Qt6_qml_QtNetwork --> node_venv_lib_python3_12_site-packages_PyQt6_Qt6_qml_QtNetwork_qmldir["qmldir"]\n    Root --> node_venv["venv"]\n    node_venv --> node_venv_lib["lib"]\n    node_venv_lib --> node_venv_lib_python3_12["python3.12"]\n    node_venv_lib_python3_12 --> node_venv_lib_python3_12_site-packages["site-packages"]\n    node_venv_lib_python3_12_site-packages --> node_venv_lib_python3_12_site-packages_PyQt6["PyQt6"]\n    node_venv_lib_python3_12_site-packages_PyQt6 --> node_venv_lib_python3_12_site-packages_PyQt6_Qt6["Qt6"]\n    node_venv_lib_python3_12_site-packages_PyQt6_Qt6 --> node_venv_lib_python3_12_site-packages_PyQt6_Qt6_qml["qml"]\n    node_venv_lib_python3_12_site-packages_PyQt6_Qt6_qml --> node_venv_lib_python3_12_site-packages_PyQt6_Qt6_qml_QtQuick3D["QtQuick3D"]\n    node_venv_lib_python3_12_site-packages_PyQt6_Qt6_qml_QtQuick3D --> node_venv_lib_python3_12_site-packages_PyQt6_Qt6_qml_QtQuick3D_LightmapperOutputWindow_qml["LightmapperOutputWindow.qml"]\n    Root --> node_venv["venv"]\n    node_venv --> node_venv_lib["lib"]\n    node_venv_lib --> node_venv_lib_python3_12["python3.12"]\n    node_venv_lib_python3_12 --> node_venv_lib_python3_12_site-packages["site-packages"]\n    node_venv_lib_python3_12_site-packages --> node_venv_lib_python3_12_site-packages_PyQt6["PyQt6"]\n    node_venv_lib_python3_12_site-packages_PyQt6 --> node_venv_lib_python3_12_site-packages_PyQt6_Qt6["Qt6"]\n    node_venv_lib_python3_12_site-packages_PyQt6_Qt6 --> node_venv_lib_python3_12_site-packages_PyQt6_Qt6_qml["qml"]\n    node_venv_lib_python3_12_site-packages_PyQt6_Qt6_qml --> node_venv_lib_python3_12_site-packages_PyQt6_Qt6_qml_QtQuick3D["QtQuick3D"]\n    node_venv_lib_python3_12_site-packages_PyQt6_Qt6_qml_QtQuick3D --> node_venv_lib_python3_12_site-packages_PyQt6_Qt6_qml_QtQuick3D_Quick3D_qmltypes["Quick3D.qmltypes"]\n    Root --> node_venv["venv"]\n    node_venv --> node_venv_lib["lib"]\n    node_venv_lib --> node_venv_lib_python3_12["python3.12"]\n    node_venv_lib_python3_12 --> node_venv_lib_python3_12_site-packages["site-packages"]\n    node_venv_lib_python3_12_site-packages --> node_venv_lib_python3_12_site-packages_PyQt6["PyQt6"]\n    node_venv_lib_python3_12_site-packages_PyQt6 --> node_venv_lib_python3_12_site-packages_PyQt6_Qt6["Qt6"]\n    node_venv_lib_python3_12_site-packages_PyQt6_Qt6 --> node_venv_lib_python3_12_site-packages_PyQt6_Qt6_qml["qml"]\n    node_venv_lib_python3_12_site-packages_PyQt6_Qt6_qml --> node_venv_lib_python3_12_site-packages_PyQt6_Qt6_qml_QtQuick3D["QtQuick3D"]\n    node_venv_lib_python3_12_site-packages_PyQt6_Qt6_qml_QtQuick3D --> node_venv_lib_python3_12_site-packages_PyQt6_Qt6_qml_QtQuick3D_libqquick3dplugin_dylib["libqquick3dplugin.dylib"]\n    Root --> node_venv["venv"]\n    node_venv --> node_venv_lib["lib"]\n    node_venv_lib --> node_venv_lib_python3_12["python3.12"]\n    node_venv_lib_python3_12 --> node_venv_lib_python3_12_site-packages["site-packages"]\n    node_venv_lib_python3_12_site-packages --> node_venv_lib_python3_12_site-packages_PyQt6["PyQt6"]\n    node_venv_lib_python3_12_site-packages_PyQt6 --> node_venv_lib_python3_12_site-packages_PyQt6_Qt6["Qt6"]\n    node_venv_lib_python3_12_site-packages_PyQt6_Qt6 --> node_venv_lib_python3_12_site-packages_PyQt6_Qt6_qml["qml"]\n    node_venv_lib_python3_12_site-packages_PyQt6_Qt6_qml --> node_venv_lib_python3_12_site-packages_PyQt6_Qt6_qml_QtQuick3D["QtQuick3D"]\n    node_venv_lib_python3_12_site-packages_PyQt6_Qt6_qml_QtQuick3D --> node_venv_lib_python3_12_site-packages_PyQt6_Qt6_qml_QtQuick3D_qmldir["qmldir"]\n    Root --> node_venv["venv"]\n    node_venv --> node_venv_lib["lib"]\n    node_venv_lib --> node_venv_lib_python3_12["python3.12"]\n    node_venv_lib_python3_12 --> node_venv_lib_python3_12_site-packages["site-packages"]\n    node_venv_lib_python3_12_site-packages --> node_venv_lib_python3_12_site-packages_PyQt6["PyQt6"]\n    node_venv_lib_python3_12_site-packages_PyQt6 --> node_venv_lib_python3_12_site-packages_PyQt6_Qt6["Qt6"]\n    node_venv_lib_python3_12_site-packages_PyQt6_Qt6 --> node_venv_lib_python3_12_site-packages_PyQt6_Qt6_qml["qml"]\n    node_venv_lib_python3_12_site-packages_PyQt6_Qt6_qml --> node_venv_lib_python3_12_site-packages_PyQt6_Qt6_qml_QtQuick3D["QtQuick3D"]\n    node_venv_lib_python3_12_site-packages_PyQt6_Qt6_qml_QtQuick3D --> node_venv_lib_python3_12_site-packages_PyQt6_Qt6_qml_QtQuick3D_lightmapviewer["lightmapviewer"]\n    node_venv_lib_python3_12_site-packages_PyQt6_Qt6_qml_QtQuick3D_lightmapviewer --> node_venv_lib_python3_12_site-packages_PyQt6_Qt6_qml_QtQuick3D_lightmapviewer_LightmapViewer_qml["LightmapViewer.qml"]\n    Root --> node_venv["venv"]\n    node_venv --> node_venv_lib["lib"]\n    node_venv_lib --> node_venv_lib_python3_12["python3.12"]\n    node_venv_lib_python3_12 --> node_venv_lib_python3_12_site-packages["site-packages"]\n    node_venv_lib_python3_12_site-packages --> node_venv_lib_python3_12_site-packages_PyQt6["PyQt6"]\n    node_venv_lib_python3_12_site-packages_PyQt6 --> node_venv_lib_python3_12_site-packages_PyQt6_Qt6["Qt6"]\n    node_venv_lib_python3_12_site-packages_PyQt6_Qt6 --> node_venv_lib_python3_12_site-packages_PyQt6_Qt6_qml["qml"]\n    node_venv_lib_python3_12_site-packages_PyQt6_Qt6_qml --> node_venv_lib_python3_12_site-packages_PyQt6_Qt6_qml_QtQuick3D["QtQuick3D"]\n    node_venv_lib_python3_12_site-packages_PyQt6_Qt6_qml_QtQuick3D --> node_venv_lib_python3_12_site-packages_PyQt6_Qt6_qml_QtQuick3D_lightmapviewer["lightmapviewer"]\n    node_venv_lib_python3_12_site-packages_PyQt6_Qt6_qml_QtQuick3D_lightmapviewer --> node_venv_lib_python3_12_site-packages_PyQt6_Qt6_qml_QtQuick3D_lightmapviewer_lightmapviewer_qmltypes["lightmapviewer.qmltypes"]\n    Root --> node_venv["venv"]\n    node_venv --> node_venv_lib["lib"]\n    node_venv_lib --> node_venv_lib_python3_12["python3.12"]\n    node_venv_lib_python3_12 --> node_venv_lib_python3_12_site-packages["site-packages"]\n    node_venv_lib_python3_12_site-packages --> node_venv_lib_python3_12_site-packages_PyQt6["PyQt6"]\n    node_venv_lib_python3_12_site-packages_PyQt6 --> node_venv_lib_python3_12_site-packages_PyQt6_Qt6["Qt6"]\n    node_venv_lib_python3_12_site-packages_PyQt6_Qt6 --> node_venv_lib_python3_12_site-packages_PyQt6_Qt6_qml["qml"]\n    node_venv_lib_python3_12_site-packages_PyQt6_Qt6_qml --> node_venv_lib_python3_12_site-packages_PyQt6_Qt6_qml_QtQuick3D["QtQuick3D"]\n    node_venv_lib_python3_12_site-packages_PyQt6_Qt6_qml_QtQuick3D --> node_venv_lib_python3_12_site-packages_PyQt6_Qt6_qml_QtQuick3D_lightmapviewer["lightmapviewer"]\n    node_venv_lib_python3_12_site-packages_PyQt6_Qt6_qml_QtQuick3D_lightmapviewer --> node_venv_lib_python3_12_site-packages_PyQt6_Qt6_qml_QtQuick3D_lightmapviewer_qmldir["qmldir"]\n    Root --> node_venv["venv"]\n    node_venv --> node_venv_lib["lib"]\n    node_venv_lib --> node_venv_lib_python3_12["python3.12"]\n    node_venv_lib_python3_12 --> node_venv_lib_python3_12_site-packages["site-packages"]\n    node_venv_lib_python3_12_site-packages --> node_venv_lib_python3_12_site-packages_PyQt6["PyQt6"]\n    node_venv_lib_python3_12_site-packages_PyQt6 --> node_venv_lib_python3_12_site-packages_PyQt6_Qt6["Qt6"]\n    node_venv_lib_python3_12_site-packages_PyQt6_Qt6 --> node_venv_lib_python3_12_site-packages_PyQt6_Qt6_qml["qml"]\n    node_venv_lib_python3_12_site-packages_PyQt6_Qt6_qml --> node_venv_lib_python3_12_site-packages_PyQt6_Qt6_qml_QtQuick3D["QtQuick3D"]\n    node_venv_lib_python3_12_site-packages_PyQt6_Qt6_qml_QtQuick3D --> node_venv_lib_python3_12_site-packages_PyQt6_Qt6_qml_QtQuick3D_MaterialEditor["MaterialEditor"]\n    node_venv_lib_python3_12_site-packages_PyQt6_Qt6_qml_QtQuick3D_MaterialEditor --> node_venv_lib_python3_12_site-packages_PyQt6_Qt6_qml_QtQuick3D_MaterialEditor_AboutDialog_qml["AboutDialog.qml"]\n    Root --> node_venv["venv"]\n    node_venv --> node_venv_lib["lib"]\n    node_venv_lib --> node_venv_lib_python3_12["python3.12"]\n    node_venv_lib_python3_12 --> node_venv_lib_python3_12_site-packages["site-packages"]\n    node_venv_lib_python3_12_site-packages --> node_venv_lib_python3_12_site-packages_PyQt6["PyQt6"]\n    node_venv_lib_python3_12_site-packages_PyQt6 --> node_venv_lib_python3_12_site-packages_PyQt6_Qt6["Qt6"]\n    node_venv_lib_python3_12_site-packages_PyQt6_Qt6 --> node_venv_lib_python3_12_site-packages_PyQt6_Qt6_qml["qml"]\n    node_venv_lib_python3_12_site-packages_PyQt6_Qt6_qml --> node_venv_lib_python3_12_site-packages_PyQt6_Qt6_qml_QtQuick3D["QtQuick3D"]\n    node_venv_lib_python3_12_site-packages_PyQt6_Qt6_qml_QtQuick3D --> node_venv_lib_python3_12_site-packages_PyQt6_Qt6_qml_QtQuick3D_MaterialEditor["MaterialEditor"]\n    node_venv_lib_python3_12_site-packages_PyQt6_Qt6_qml_QtQuick3D_MaterialEditor --> node_venv_lib_python3_12_site-packages_PyQt6_Qt6_qml_QtQuick3D_MaterialEditor_EditorView_qml["EditorView.qml"]\n    Root --> node_venv["venv"]\n    node_venv --> node_venv_lib["lib"]\n    node_venv_lib --> node_venv_lib_python3_12["python3.12"]\n    node_venv_lib_python3_12 --> node_venv_lib_python3_12_site-packages["site-packages"]\n    node_venv_lib_python3_12_site-packages --> node_venv_lib_python3_12_site-packages_PyQt6["PyQt6"]\n    node_venv_lib_python3_12_site-packages_PyQt6 --> node_venv_lib_python3_12_site-packages_PyQt6_Qt6["Qt6"]\n    node_venv_lib_python3_12_site-packages_PyQt6_Qt6 --> node_venv_lib_python3_12_site-packages_PyQt6_Qt6_qml["qml"]\n    node_venv_lib_python3_12_site-packages_PyQt6_Qt6_qml --> node_venv_lib_python3_12_site-packages_PyQt6_Qt6_qml_QtQuick3D["QtQuick3D"]\n    node_venv_lib_python3_12_site-packages_PyQt6_Qt6_qml_QtQuick3D --> node_venv_lib_python3_12_site-packages_PyQt6_Qt6_qml_QtQuick3D_MaterialEditor["MaterialEditor"]\n    node_venv_lib_python3_12_site-packages_PyQt6_Qt6_qml_QtQuick3D_MaterialEditor --> node_venv_lib_python3_12_site-packages_PyQt6_Qt6_qml_QtQuick3D_MaterialEditor_FrostedGlass_qml["FrostedGlass.qml"]\n    Root --> node_venv["venv"]\n    node_venv --> node_venv_lib["lib"]\n    node_venv_lib --> node_venv_lib_python3_12["python3.12"]\n    node_venv_lib_python3_12 --> node_venv_lib_python3_12_site-packages["site-packages"]\n    node_venv_lib_python3_12_site-packages --> node_venv_lib_python3_12_site-packages_PyQt6["PyQt6"]\n    node_venv_lib_python3_12_site-packages_PyQt6 --> node_venv_lib_python3_12_site-packages_PyQt6_Qt6["Qt6"]\n    node_venv_lib_python3_12_site-packages_PyQt6_Qt6 --> node_venv_lib_python3_12_site-packages_PyQt6_Qt6_qml["qml"]\n    node_venv_lib_python3_12_site-packages_PyQt6_Qt6_qml --> node_venv_lib_python3_12_site-packages_PyQt6_Qt6_qml_QtQuick3D["QtQuick3D"]\n    node_venv_lib_python3_12_site-packages_PyQt6_Qt6_qml_QtQuick3D --> node_venv_lib_python3_12_site-packages_PyQt6_Qt6_qml_QtQuick3D_MaterialEditor["MaterialEditor"]\n    node_venv_lib_python3_12_site-packages_PyQt6_Qt6_qml_QtQuick3D_MaterialEditor --> node_venv_lib_python3_12_site-packages_PyQt6_Qt6_qml_QtQuick3D_MaterialEditor_InstancingPropertiesPane_qml["InstancingPropertiesPane.qml"]\n    Root --> node_venv["venv"]\n    node_venv --> node_venv_lib["lib"]\n    node_venv_lib --> node_venv_lib_python3_12["python3.12"]\n    node_venv_lib_python3_12 --> node_venv_lib_python3_12_site-packages["site-packages"]\n    node_venv_lib_python3_12_site-packages --> node_venv_lib_python3_12_site-packages_PyQt6["PyQt6"]\n    node_venv_lib_python3_12_site-packages_PyQt6 --> node_venv_lib_python3_12_site-packages_PyQt6_Qt6["Qt6"]\n    node_venv_lib_python3_12_site-packages_PyQt6_Qt6 --> node_venv_lib_python3_12_site-packages_PyQt6_Qt6_qml["qml"]\n    node_venv_lib_python3_12_site-packages_PyQt6_Qt6_qml --> node_venv_lib_python3_12_site-packages_PyQt6_Qt6_qml_QtQuick3D["QtQuick3D"]\n    node_venv_lib_python3_12_site-packages_PyQt6_Qt6_qml_QtQuick3D --> node_venv_lib_python3_12_site-packages_PyQt6_Qt6_qml_QtQuick3D_MaterialEditor["MaterialEditor"]\n    node_venv_lib_python3_12_site-packages_PyQt6_Qt6_qml_QtQuick3D_MaterialEditor --> node_venv_lib_python3_12_site-packages_PyQt6_Qt6_qml_QtQuick3D_MaterialEditor_MaterialPropertiesPane_qml["MaterialPropertiesPane.qml"]\n    Root --> node_venv["venv"]\n    node_venv --> node_venv_lib["lib"]\n    node_venv_lib --> node_venv_lib_python3_12["python3.12"]\n    node_venv_lib_python3_12 --> node_venv_lib_python3_12_site-packages["site-packages"]\n    node_venv_lib_python3_12_site-packages --> node_venv_lib_python3_12_site-packages_PyQt6["PyQt6"]\n    node_venv_lib_python3_12_site-packages_PyQt6 --> node_venv_lib_python3_12_site-packages_PyQt6_Qt6["Qt6"]\n    node_venv_lib_python3_12_site-packages_PyQt6_Qt6 --> node_venv_lib_python3_12_site-packages_PyQt6_Qt6_qml["qml"]\n    node_venv_lib_python3_12_site-packages_PyQt6_Qt6_qml --> node_venv_lib_python3_12_site-packages_PyQt6_Qt6_qml_QtQuick3D["QtQuick3D"]\n    node_venv_lib_python3_12_site-packages_PyQt6_Qt6_qml_QtQuick3D --> node_venv_lib_python3_12_site-packages_PyQt6_Qt6_qml_QtQuick3D_MaterialEditor["MaterialEditor"]\n    node_venv_lib_python3_12_site-packages_PyQt6_Qt6_qml_QtQuick3D_MaterialEditor --> node_venv_lib_python3_12_site-packages_PyQt6_Qt6_qml_QtQuick3D_MaterialEditor_Preview_qml["Preview.qml"]\n    Root --> node_venv["venv"]\n    node_venv --> node_venv_lib["lib"]\n    node_venv_lib --> node_venv_lib_python3_12["python3.12"]\n    node_venv_lib_python3_12 --> node_venv_lib_python3_12_site-packages["site-packages"]\n    node_venv_lib_python3_12_site-packages --> node_venv_lib_python3_12_site-packages_PyQt6["PyQt6"]\n    node_venv_lib_python3_12_site-packages_PyQt6 --> node_venv_lib_python3_12_site-packages_PyQt6_Qt6["Qt6"]\n    node_venv_lib_python3_12_site-packages_PyQt6_Qt6 --> node_venv_lib_python3_12_site-packages_PyQt6_Qt6_qml["qml"]\n    node_venv_lib_python3_12_site-packages_PyQt6_Qt6_qml --> node_venv_lib_python3_12_site-packages_PyQt6_Qt6_qml_QtQuick3D["QtQuick3D"]\n    node_venv_lib_python3_12_site-packages_PyQt6_Qt6_qml_QtQuick3D --> node_venv_lib_python3_12_site-packages_PyQt6_Qt6_qml_QtQuick3D_MaterialEditor["MaterialEditor"]\n    node_venv_lib_python3_12_site-packages_PyQt6_Qt6_qml_QtQuick3D_MaterialEditor --> node_venv_lib_python3_12_site-packages_PyQt6_Qt6_qml_QtQuick3D_MaterialEditor_PreviewControls_qml["PreviewControls.qml"]\n    Root --> node_venv["venv"]\n    node_venv --> node_venv_lib["lib"]\n    node_venv_lib --> node_venv_lib_python3_12["python3.12"]\n    node_venv_lib_python3_12 --> node_venv_lib_python3_12_site-packages["site-packages"]\n    node_venv_lib_python3_12_site-packages --> node_venv_lib_python3_12_site-packages_PyQt6["PyQt6"]\n    node_venv_lib_python3_12_site-packages_PyQt6 --> node_venv_lib_python3_12_site-packages_PyQt6_Qt6["Qt6"]\n    node_venv_lib_python3_12_site-packages_PyQt6_Qt6 --> node_venv_lib_python3_12_site-packages_PyQt6_Qt6_qml["qml"]\n    node_venv_lib_python3_12_site-packages_PyQt6_Qt6_qml --> node_venv_lib_python3_12_site-packages_PyQt6_Qt6_qml_QtQuick3D["QtQuick3D"]\n    node_venv_lib_python3_12_site-packages_PyQt6_Qt6_qml_QtQuick3D --> node_venv_lib_python3_12_site-packages_PyQt6_Qt6_qml_QtQuick3D_MaterialEditor["MaterialEditor"]\n    node_venv_lib_python3_12_site-packages_PyQt6_Qt6_qml_QtQuick3D_MaterialEditor --> node_venv_lib_python3_12_site-packages_PyQt6_Qt6_qml_QtQuick3D_MaterialEditor_SaveChangesDialog_qml["SaveChangesDialog.qml"]\n    Root --> node_venv["venv"]\n    node_venv --> node_venv_lib["lib"]\n    node_venv_lib --> node_venv_lib_python3_12["python3.12"]\n    node_venv_lib_python3_12 --> node_venv_lib_python3_12_site-packages["site-packages"]\n    node_venv_lib_python3_12_site-packages --> node_venv_lib_python3_12_site-packages_PyQt6["PyQt6"]\n    node_venv_lib_python3_12_site-packages_PyQt6 --> node_venv_lib_python3_12_site-packages_PyQt6_Qt6["Qt6"]\n    node_venv_lib_python3_12_site-packages_PyQt6_Qt6 --> node_venv_lib_python3_12_site-packages_PyQt6_Qt6_qml["qml"]\n    node_venv_lib_python3_12_site-packages_PyQt6_Qt6_qml --> node_venv_lib_python3_12_site-packages_PyQt6_Qt6_qml_QtQuick3D["QtQuick3D"]\n    node_venv_lib_python3_12_site-packages_PyQt6_Qt6_qml_QtQuick3D --> node_venv_lib_python3_12_site-packages_PyQt6_Qt6_qml_QtQuick3D_MaterialEditor["MaterialEditor"]\n    node_venv_lib_python3_12_site-packages_PyQt6_Qt6_qml_QtQuick3D_MaterialEditor --> node_venv_lib_python3_12_site-packages_PyQt6_Qt6_qml_QtQuick3D_MaterialEditor_ShaderEditor_qml["ShaderEditor.qml"]\n    Root --> node_venv["venv"]\n    node_venv --> node_venv_lib["lib"]\n    node_venv_lib --> node_venv_lib_python3_12["python3.12"]\n    node_venv_lib_python3_12 --> node_venv_lib_python3_12_site-packages["site-packages"]\n    node_venv_lib_python3_12_site-packages --> node_venv_lib_python3_12_site-packages_PyQt6["PyQt6"]\n    node_venv_lib_python3_12_site-packages_PyQt6 --> node_venv_lib_python3_12_site-packages_PyQt6_Qt6["Qt6"]\n    node_venv_lib_python3_12_site-packages_PyQt6_Qt6 --> node_venv_lib_python3_12_site-packages_PyQt6_Qt6_qml["qml"]\n    node_venv_lib_python3_12_site-packages_PyQt6_Qt6_qml --> node_venv_lib_python3_12_site-packages_PyQt6_Qt6_qml_QtQuick3D["QtQuick3D"]\n    node_venv_lib_python3_12_site-packages_PyQt6_Qt6_qml_QtQuick3D --> node_venv_lib_python3_12_site-packages_PyQt6_Qt6_qml_QtQuick3D_MaterialEditor["MaterialEditor"]\n    node_venv_lib_python3_12_site-packages_PyQt6_Qt6_qml_QtQuick3D_MaterialEditor --> node_venv_lib_python3_12_site-packages_PyQt6_Qt6_qml_QtQuick3D_MaterialEditor_UniformManagerPane_qml["UniformManagerPane.qml"]\n    Root --> node_venv["venv"]\n    node_venv --> node_venv_lib["lib"]\n    node_venv_lib --> node_venv_lib_python3_12["python3.12"]\n    node_venv_lib_python3_12 --> node_venv_lib_python3_12_site-packages["site-packages"]\n    node_venv_lib_python3_12_site-packages --> node_venv_lib_python3_12_site-packages_PyQt6["PyQt6"]\n    node_venv_lib_python3_12_site-packages_PyQt6 --> node_venv_lib_python3_12_site-packages_PyQt6_Qt6["Qt6"]\n    node_venv_lib_python3_12_site-packages_PyQt6_Qt6 --> node_venv_lib_python3_12_site-packages_PyQt6_Qt6_qml["qml"]\n    node_venv_lib_python3_12_site-packages_PyQt6_Qt6_qml --> node_venv_lib_python3_12_site-packages_PyQt6_Qt6_qml_QtQuick3D["QtQuick3D"]\n    node_venv_lib_python3_12_site-packages_PyQt6_Qt6_qml_QtQuick3D --> node_venv_lib_python3_12_site-packages_PyQt6_Qt6_qml_QtQuick3D_MaterialEditor["MaterialEditor"]\n    node_venv_lib_python3_12_site-packages_PyQt6_Qt6_qml_QtQuick3D_MaterialEditor --> node_venv_lib_python3_12_site-packages_PyQt6_Qt6_qml_QtQuick3D_MaterialEditor_main_qml["main.qml"]\n    Root --> node_venv["venv"]\n    node_venv --> node_venv_lib["lib"]\n    node_venv_lib --> node_venv_lib_python3_12["python3.12"]\n    node_venv_lib_python3_12 --> node_venv_lib_python3_12_site-packages["site-packages"]\n    node_venv_lib_python3_12_site-packages --> node_venv_lib_python3_12_site-packages_PyQt6["PyQt6"]\n    node_venv_lib_python3_12_site-packages_PyQt6 --> node_venv_lib_python3_12_site-packages_PyQt6_Qt6["Qt6"]\n    node_venv_lib_python3_12_site-packages_PyQt6_Qt6 --> node_venv_lib_python3_12_site-packages_PyQt6_Qt6_qml["qml"]\n    node_venv_lib_python3_12_site-packages_PyQt6_Qt6_qml --> node_venv_lib_python3_12_site-packages_PyQt6_Qt6_qml_QtQuick3D["QtQuick3D"]\n    node_venv_lib_python3_12_site-packages_PyQt6_Qt6_qml_QtQuick3D --> node_venv_lib_python3_12_site-packages_PyQt6_Qt6_qml_QtQuick3D_MaterialEditor["MaterialEditor"]\n    node_venv_lib_python3_12_site-packages_PyQt6_Qt6_qml_QtQuick3D_MaterialEditor --> node_venv_lib_python3_12_site-packages_PyQt6_Qt6_qml_QtQuick3D_MaterialEditor_plugins_qmltypes["plugins.qmltypes"]\n    Root --> node_venv["venv"]\n    node_venv --> node_venv_lib["lib"]\n    node_venv_lib --> node_venv_lib_python3_12["python3.12"]\n    node_venv_lib_python3_12 --> node_venv_lib_python3_12_site-packages["site-packages"]\n    node_venv_lib_python3_12_site-packages --> node_venv_lib_python3_12_site-packages_PyQt6["PyQt6"]\n    node_venv_lib_python3_12_site-packages_PyQt6 --> node_venv_lib_python3_12_site-packages_PyQt6_Qt6["Qt6"]\n    node_venv_lib_python3_12_site-packages_PyQt6_Qt6 --> node_venv_lib_python3_12_site-packages_PyQt6_Qt6_qml["qml"]\n    node_venv_lib_python3_12_site-packages_PyQt6_Qt6_qml --> node_venv_lib_python3_12_site-packages_PyQt6_Qt6_qml_QtQuick3D["QtQuick3D"]\n    node_venv_lib_python3_12_site-packages_PyQt6_Qt6_qml_QtQuick3D --> node_venv_lib_python3_12_site-packages_PyQt6_Qt6_qml_QtQuick3D_MaterialEditor["MaterialEditor"]\n    node_venv_lib_python3_12_site-packages_PyQt6_Qt6_qml_QtQuick3D_MaterialEditor --> node_venv_lib_python3_12_site-packages_PyQt6_Qt6_qml_QtQuick3D_MaterialEditor_qmldir["qmldir"]\n    Root --> node_venv["venv"]\n    node_venv --> node_venv_lib["lib"]\n    node_venv_lib --> node_venv_lib_python3_12["python3.12"]\n    node_venv_lib_python3_12 --> node_venv_lib_python3_12_site-packages["site-packages"]\n    node_venv_lib_python3_12_site-packages --> node_venv_lib_python3_12_site-packages_PyQt6["PyQt6"]\n    node_venv_lib_python3_12_site-packages_PyQt6 --> node_venv_lib_python3_12_site-packages_PyQt6_Qt6["Qt6"]\n    node_venv_lib_python3_12_site-packages_PyQt6_Qt6 --> node_venv_lib_python3_12_site-packages_PyQt6_Qt6_qml["qml"]\n    node_venv_lib_python3_12_site-packages_PyQt6_Qt6_qml --> node_venv_lib_python3_12_site-packages_PyQt6_Qt6_qml_QtQuick3D["QtQuick3D"]\n    node_venv_lib_python3_12_site-packages_PyQt6_Qt6_qml_QtQuick3D --> node_venv_lib_python3_12_site-packages_PyQt6_Qt6_qml_QtQuick3D_ParticleEffects["ParticleEffects"]\n    node_venv_lib_python3_12_site-packages_PyQt6_Qt6_qml_QtQuick3D_ParticleEffects --> node_venv_lib_python3_12_site-packages_PyQt6_Qt6_qml_QtQuick3D_ParticleEffects_Quick3DParticleEffects_qmltypes["Quick3DParticleEffects.qmltypes"]\n    Root --> node_venv["venv"]\n    node_venv --> node_venv_lib["lib"]\n    node_venv_lib --> node_venv_lib_python3_12["python3.12"]\n    node_venv_lib_python3_12 --> node_venv_lib_python3_12_site-packages["site-packages"]\n    node_venv_lib_python3_12_site-packages --> node_venv_lib_python3_12_site-packages_PyQt6["PyQt6"]\n    node_venv_lib_python3_12_site-packages_PyQt6 --> node_venv_lib_python3_12_site-packages_PyQt6_Qt6["Qt6"]\n    node_venv_lib_python3_12_site-packages_PyQt6_Qt6 --> node_venv_lib_python3_12_site-packages_PyQt6_Qt6_qml["qml"]\n    node_venv_lib_python3_12_site-packages_PyQt6_Qt6_qml --> node_venv_lib_python3_12_site-packages_PyQt6_Qt6_qml_QtQuick3D["QtQuick3D"]\n    node_venv_lib_python3_12_site-packages_PyQt6_Qt6_qml_QtQuick3D --> node_venv_lib_python3_12_site-packages_PyQt6_Qt6_qml_QtQuick3D_ParticleEffects["ParticleEffects"]\n    node_venv_lib_python3_12_site-packages_PyQt6_Qt6_qml_QtQuick3D_ParticleEffects --> node_venv_lib_python3_12_site-packages_PyQt6_Qt6_qml_QtQuick3D_ParticleEffects_libqtquick3dparticleeffectsplugin_dylib["libqtquick3dparticleeffectsplugin.dylib"]\n    Root --> node_venv["venv"]\n    node_venv --> node_venv_lib["lib"]\n    node_venv_lib --> node_venv_lib_python3_12["python3.12"]\n    node_venv_lib_python3_12 --> node_venv_lib_python3_12_site-packages["site-packages"]\n    node_venv_lib_python3_12_site-packages --> node_venv_lib_python3_12_site-packages_PyQt6["PyQt6"]\n    node_venv_lib_python3_12_site-packages_PyQt6 --> node_venv_lib_python3_12_site-packages_PyQt6_Qt6["Qt6"]\n    node_venv_lib_python3_12_site-packages_PyQt6_Qt6 --> node_venv_lib_python3_12_site-packages_PyQt6_Qt6_qml["qml"]\n    node_venv_lib_python3_12_site-packages_PyQt6_Qt6_qml --> node_venv_lib_python3_12_site-packages_PyQt6_Qt6_qml_QtQuick3D["QtQuick3D"]\n    node_venv_lib_python3_12_site-packages_PyQt6_Qt6_qml_QtQuick3D --> node_venv_lib_python3_12_site-packages_PyQt6_Qt6_qml_QtQuick3D_ParticleEffects["ParticleEffects"]\n    node_venv_lib_python3_12_site-packages_PyQt6_Qt6_qml_QtQuick3D_ParticleEffects --> node_venv_lib_python3_12_site-packages_PyQt6_Qt6_qml_QtQuick3D_ParticleEffects_qmldir["qmldir"]\n    Root --> node_venv["venv"]\n    node_venv --> node_venv_lib["lib"]\n    node_venv_lib --> node_venv_lib_python3_12["python3.12"]\n    node_venv_lib_python3_12 --> node_venv_lib_python3_12_site-packages["site-packages"]\n    node_venv_lib_python3_12_site-packages --> node_venv_lib_python3_12_site-packages_PyQt6["PyQt6"]\n    node_venv_lib_python3_12_site-packages_PyQt6 --> node_venv_lib_python3_12_site-packages_PyQt6_Qt6["Qt6"]\n    node_venv_lib_python3_12_site-packages_PyQt6_Qt6 --> node_venv_lib_python3_12_site-packages_PyQt6_Qt6_qml["qml"]\n    node_venv_lib_python3_12_site-packages_PyQt6_Qt6_qml --> node_venv_lib_python3_12_site-packages_PyQt6_Qt6_qml_QtQuick3D["QtQuick3D"]\n    node_venv_lib_python3_12_site-packages_PyQt6_Qt6_qml_QtQuick3D --> node_venv_lib_python3_12_site-packages_PyQt6_Qt6_qml_QtQuick3D_ParticleEffects["ParticleEffects"]\n    node_venv_lib_python3_12_site-packages_PyQt6_Qt6_qml_QtQuick3D_ParticleEffects --> node_venv_lib_python3_12_site-packages_PyQt6_Qt6_qml_QtQuick3D_ParticleEffects_designer["designer"]\n    node_venv_lib_python3_12_site-packages_PyQt6_Qt6_qml_QtQuick3D_ParticleEffects_designer --> node_venv_lib_python3_12_site-packages_PyQt6_Qt6_qml_QtQuick3D_ParticleEffects_designer_particleeffects_metainfo["particleeffects.metainfo"]\n    Root --> node_venv["venv"]\n    node_venv --> node_venv_lib["lib"]\n    node_venv_lib --> node_venv_lib_python3_12["python3.12"]\n    node_venv_lib_python3_12 --> node_venv_lib_python3_12_site-packages["site-packages"]\n    node_venv_lib_python3_12_site-packages --> node_venv_lib_python3_12_site-packages_PyQt6["PyQt6"]\n    node_venv_lib_python3_12_site-packages_PyQt6 --> node_venv_lib_python3_12_site-packages_PyQt6_Qt6["Qt6"]\n    node_venv_lib_python3_12_site-packages_PyQt6_Qt6 --> node_venv_lib_python3_12_site-packages_PyQt6_Qt6_qml["qml"]\n    node_venv_lib_python3_12_site-packages_PyQt6_Qt6_qml --> node_venv_lib_python3_12_site-packages_PyQt6_Qt6_qml_QtQuick3D["QtQuick3D"]\n    node_venv_lib_python3_12_site-packages_PyQt6_Qt6_qml_QtQuick3D --> node_venv_lib_python3_12_site-packages_PyQt6_Qt6_qml_QtQuick3D_ParticleEffects["ParticleEffects"]\n    node_venv_lib_python3_12_site-packages_PyQt6_Qt6_qml_QtQuick3D_ParticleEffects --> node_venv_lib_python3_12_site-packages_PyQt6_Qt6_qml_QtQuick3D_ParticleEffects_designer["designer"]\n    node_venv_lib_python3_12_site-packages_PyQt6_Qt6_qml_QtQuick3D_ParticleEffects_designer --> node_venv_lib_python3_12_site-packages_PyQt6_Qt6_qml_QtQuick3D_ParticleEffects_designer_images["images"]\n    node_venv_lib_python3_12_site-packages_PyQt6_Qt6_qml_QtQuick3D_ParticleEffects_designer_images --> node_venv_lib_python3_12_site-packages_PyQt6_Qt6_qml_QtQuick3D_ParticleEffects_designer_images_color_table_png["color_table.png"]\n    Root --> node_venv["venv"]\n    node_venv --> node_venv_lib["lib"]\n    node_venv_lib --> node_venv_lib_python3_12["python3.12"]\n    node_venv_lib_python3_12 --> node_venv_lib_python3_12_site-packages["site-packages"]\n    node_venv_lib_python3_12_site-packages --> node_venv_lib_python3_12_site-packages_PyQt6["PyQt6"]\n    node_venv_lib_python3_12_site-packages_PyQt6 --> node_venv_lib_python3_12_site-packages_PyQt6_Qt6["Qt6"]\n    node_venv_lib_python3_12_site-packages_PyQt6_Qt6 --> node_venv_lib_python3_12_site-packages_PyQt6_Qt6_qml["qml"]\n    node_venv_lib_python3_12_site-packages_PyQt6_Qt6_qml --> node_venv_lib_python3_12_site-packages_PyQt6_Qt6_qml_QtQuick3D["QtQuick3D"]\n    node_venv_lib_python3_12_site-packages_PyQt6_Qt6_qml_QtQuick3D --> node_venv_lib_python3_12_site-packages_PyQt6_Qt6_qml_QtQuick3D_ParticleEffects["ParticleEffects"]\n    node_venv_lib_python3_12_site-packages_PyQt6_Qt6_qml_QtQuick3D_ParticleEffects --> node_venv_lib_python3_12_site-packages_PyQt6_Qt6_qml_QtQuick3D_ParticleEffects_designer["designer"]\n    node_venv_lib_python3_12_site-packages_PyQt6_Qt6_qml_QtQuick3D_ParticleEffects_designer --> node_venv_lib_python3_12_site-packages_PyQt6_Qt6_qml_QtQuick3D_ParticleEffects_designer_images["images"]\n    node_venv_lib_python3_12_site-packages_PyQt6_Qt6_qml_QtQuick3D_ParticleEffects_designer_images --> node_venv_lib_python3_12_site-packages_PyQt6_Qt6_qml_QtQuick3D_ParticleEffects_designer_images_color_table2_png["color_table2.png"]\n    Root --> node_venv["venv"]\n    node_venv --> node_venv_lib["lib"]\n    node_venv_lib --> node_venv_lib_python3_12["python3.12"]\n    node_venv_lib_python3_12 --> node_venv_lib_python3_12_site-packages["site-packages"]\n    node_venv_lib_python3_12_site-packages --> node_venv_lib_python3_12_site-packages_PyQt6["PyQt6"]\n    node_venv_lib_python3_12_site-packages_PyQt6 --> node_venv_lib_python3_12_site-packages_PyQt6_Qt6["Qt6"]\n    node_venv_lib_python3_12_site-packages_PyQt6_Qt6 --> node_venv_lib_python3_12_site-packages_PyQt6_Qt6_qml["qml"]\n    node_venv_lib_python3_12_site-packages_PyQt6_Qt6_qml --> node_venv_lib_python3_12_site-packages_PyQt6_Qt6_qml_QtQuick3D["QtQuick3D"]\n    node_venv_lib_python3_12_site-packages_PyQt6_Qt6_qml_QtQuick3D --> node_venv_lib_python3_12_site-packages_PyQt6_Qt6_qml_QtQuick3D_ParticleEffects["ParticleEffects"]\n    node_venv_lib_python3_12_site-packages_PyQt6_Qt6_qml_QtQuick3D_ParticleEffects --> node_venv_lib_python3_12_site-packages_PyQt6_Qt6_qml_QtQuick3D_ParticleEffects_designer["designer"]\n    node_venv_lib_python3_12_site-packages_PyQt6_Qt6_qml_QtQuick3D_ParticleEffects_designer --> node_venv_lib_python3_12_site-packages_PyQt6_Qt6_qml_QtQuick3D_ParticleEffects_designer_images["images"]\n    node_venv_lib_python3_12_site-packages_PyQt6_Qt6_qml_QtQuick3D_ParticleEffects_designer_images --> node_venv_lib_python3_12_site-packages_PyQt6_Qt6_qml_QtQuick3D_ParticleEffects_designer_images_droplet_png["droplet.png"]\n    Root --> node_venv["venv"]\n    node_venv --> node_venv_lib["lib"]\n    node_venv_lib --> node_venv_lib_python3_12["python3.12"]\n    node_venv_lib_python3_12 --> node_venv_lib_python3_12_site-packages["site-packages"]\n    node_venv_lib_python3_12_site-packages --> node_venv_lib_python3_12_site-packages_PyQt6["PyQt6"]\n    node_venv_lib_python3_12_site-packages_PyQt6 --> node_venv_lib_python3_12_site-packages_PyQt6_Qt6["Qt6"]\n    node_venv_lib_python3_12_site-packages_PyQt6_Qt6 --> node_venv_lib_python3_12_site-packages_PyQt6_Qt6_qml["qml"]\n    node_venv_lib_python3_12_site-packages_PyQt6_Qt6_qml --> node_venv_lib_python3_12_site-packages_PyQt6_Qt6_qml_QtQuick3D["QtQuick3D"]\n    node_venv_lib_python3_12_site-packages_PyQt6_Qt6_qml_QtQuick3D --> node_venv_lib_python3_12_site-packages_PyQt6_Qt6_qml_QtQuick3D_ParticleEffects["ParticleEffects"]\n    node_venv_lib_python3_12_site-packages_PyQt6_Qt6_qml_QtQuick3D_ParticleEffects --> node_venv_lib_python3_12_site-packages_PyQt6_Qt6_qml_QtQuick3D_ParticleEffects_designer["designer"]\n    node_venv_lib_python3_12_site-packages_PyQt6_Qt6_qml_QtQuick3D_ParticleEffects_designer --> node_venv_lib_python3_12_site-packages_PyQt6_Qt6_qml_QtQuick3D_ParticleEffects_designer_images["images"]\n    node_venv_lib_python3_12_site-packages_PyQt6_Qt6_qml_QtQuick3D_ParticleEffects_designer_images --> node_venv_lib_python3_12_site-packages_PyQt6_Qt6_qml_QtQuick3D_ParticleEffects_designer_images_dummy_png["dummy.png"]\n    Root --> node_venv["venv"]\n    node_venv --> node_venv_lib["lib"]\n    node_venv_lib --> node_venv_lib_python3_12["python3.12"]\n    node_venv_lib_python3_12 --> node_venv_lib_python3_12_site-packages["site-packages"]\n    node_venv_lib_python3_12_site-packages --> node_venv_lib_python3_12_site-packages_PyQt6["PyQt6"]\n    node_venv_lib_python3_12_site-packages_PyQt6 --> node_venv_lib_python3_12_site-packages_PyQt6_Qt6["Qt6"]\n    node_venv_lib_python3_12_site-packages_PyQt6_Qt6 --> node_venv_lib_python3_12_site-packages_PyQt6_Qt6_qml["qml"]\n    node_venv_lib_python3_12_site-packages_PyQt6_Qt6_qml --> node_venv_lib_python3_12_site-packages_PyQt6_Qt6_qml_QtQuick3D["QtQuick3D"]\n    node_venv_lib_python3_12_site-packages_PyQt6_Qt6_qml_QtQuick3D --> node_venv_lib_python3_12_site-packages_PyQt6_Qt6_qml_QtQuick3D_ParticleEffects["ParticleEffects"]\n    node_venv_lib_python3_12_site-packages_PyQt6_Qt6_qml_QtQuick3D_ParticleEffects --> node_venv_lib_python3_12_site-packages_PyQt6_Qt6_qml_QtQuick3D_ParticleEffects_designer["designer"]\n    node_venv_lib_python3_12_site-packages_PyQt6_Qt6_qml_QtQuick3D_ParticleEffects_designer --> node_venv_lib_python3_12_site-packages_PyQt6_Qt6_qml_QtQuick3D_ParticleEffects_designer_images["images"]\n    node_venv_lib_python3_12_site-packages_PyQt6_Qt6_qml_QtQuick3D_ParticleEffects_designer_images --> node_venv_lib_python3_12_site-packages_PyQt6_Qt6_qml_QtQuick3D_ParticleEffects_designer_images_dummy16_png["dummy16.png"]\n    Root --> node_venv["venv"]\n    node_venv --> node_venv_lib["lib"]\n    node_venv_lib --> node_venv_lib_python3_12["python3.12"]\n    node_venv_lib_python3_12 --> node_venv_lib_python3_12_site-packages["site-packages"]\n    node_venv_lib_python3_12_site-packages --> node_venv_lib_python3_12_site-packages_PyQt6["PyQt6"]\n    node_venv_lib_python3_12_site-packages_PyQt6 --> node_venv_lib_python3_12_site-packages_PyQt6_Qt6["Qt6"]\n    node_venv_lib_python3_12_site-packages_PyQt6_Qt6 --> node_venv_lib_python3_12_site-packages_PyQt6_Qt6_qml["qml"]\n    node_venv_lib_python3_12_site-packages_PyQt6_Qt6_qml --> node_venv_lib_python3_12_site-packages_PyQt6_Qt6_qml_QtQuick3D["QtQuick3D"]\n    node_venv_lib_python3_12_site-packages_PyQt6_Qt6_qml_QtQuick3D --> node_venv_lib_python3_12_site-packages_PyQt6_Qt6_qml_QtQuick3D_ParticleEffects["ParticleEffects"]\n    node_venv_lib_python3_12_site-packages_PyQt6_Qt6_qml_QtQuick3D_ParticleEffects --> node_venv_lib_python3_12_site-packages_PyQt6_Qt6_qml_QtQuick3D_ParticleEffects_designer["designer"]\n    node_venv_lib_python3_12_site-packages_PyQt6_Qt6_qml_QtQuick3D_ParticleEffects_designer --> node_venv_lib_python3_12_site-packages_PyQt6_Qt6_qml_QtQuick3D_ParticleEffects_designer_images["images"]\n    node_venv_lib_python3_12_site-packages_PyQt6_Qt6_qml_QtQuick3D_ParticleEffects_designer_images --> node_venv_lib_python3_12_site-packages_PyQt6_Qt6_qml_QtQuick3D_ParticleEffects_designer_images_dummy@2x_png["dummy@2x.png"]\n    Root --> node_venv["venv"]\n    node_venv --> node_venv_lib["lib"]\n    node_venv_lib --> node_venv_lib_python3_12["python3.12"]\n    node_venv_lib_python3_12 --> node_venv_lib_python3_12_site-packages["site-packages"]\n    node_venv_lib_python3_12_site-packages --> node_venv_lib_python3_12_site-packages_PyQt6["PyQt6"]\n    node_venv_lib_python3_12_site-packages_PyQt6 --> node_venv_lib_python3_12_site-packages_PyQt6_Qt6["Qt6"]\n    node_venv_lib_python3_12_site-packages_PyQt6_Qt6 --> node_venv_lib_python3_12_site-packages_PyQt6_Qt6_qml["qml"]\n    node_venv_lib_python3_12_site-packages_PyQt6_Qt6_qml --> node_venv_lib_python3_12_site-packages_PyQt6_Qt6_qml_QtQuick3D["QtQuick3D"]\n    node_venv_lib_python3_12_site-packages_PyQt6_Qt6_qml_QtQuick3D --> node_venv_lib_python3_12_site-packages_PyQt6_Qt6_qml_QtQuick3D_ParticleEffects["ParticleEffects"]\n    node_venv_lib_python3_12_site-packages_PyQt6_Qt6_qml_QtQuick3D_ParticleEffects --> node_venv_lib_python3_12_site-packages_PyQt6_Qt6_qml_QtQuick3D_ParticleEffects_designer["designer"]\n    node_venv_lib_python3_12_site-packages_PyQt6_Qt6_qml_QtQuick3D_ParticleEffects_designer --> node_venv_lib_python3_12_site-packages_PyQt6_Qt6_qml_QtQuick3D_ParticleEffects_designer_images["images"]\n    node_venv_lib_python3_12_site-packages_PyQt6_Qt6_qml_QtQuick3D_ParticleEffects_designer_images --> node_venv_lib_python3_12_site-packages_PyQt6_Qt6_qml_QtQuick3D_ParticleEffects_designer_images_rain_png["rain.png"]\n    Root --> node_venv["venv"]\n    node_venv --> node_venv_lib["lib"]\n    node_venv_lib --> node_venv_lib_python3_12["python3.12"]\n    node_venv_lib_python3_12 --> node_venv_lib_python3_12_site-packages["site-packages"]\n    node_venv_lib_python3_12_site-packages --> node_venv_lib_python3_12_site-packages_PyQt6["PyQt6"]\n    node_venv_lib_python3_12_site-packages_PyQt6 --> node_venv_lib_python3_12_site-packages_PyQt6_Qt6["Qt6"]\n    node_venv_lib_python3_12_site-packages_PyQt6_Qt6 --> node_venv_lib_python3_12_site-packages_PyQt6_Qt6_qml["qml"]\n    node_venv_lib_python3_12_site-packages_PyQt6_Qt6_qml --> node_venv_lib_python3_12_site-packages_PyQt6_Qt6_qml_QtQuick3D["QtQuick3D"]\n    node_venv_lib_python3_12_site-packages_PyQt6_Qt6_qml_QtQuick3D --> node_venv_lib_python3_12_site-packages_PyQt6_Qt6_qml_QtQuick3D_ParticleEffects["ParticleEffects"]\n    node_venv_lib_python3_12_site-packages_PyQt6_Qt6_qml_QtQuick3D_ParticleEffects --> node_venv_lib_python3_12_site-packages_PyQt6_Qt6_qml_QtQuick3D_ParticleEffects_designer["designer"]\n    node_venv_lib_python3_12_site-packages_PyQt6_Qt6_qml_QtQuick3D_ParticleEffects_designer --> node_venv_lib_python3_12_site-packages_PyQt6_Qt6_qml_QtQuick3D_ParticleEffects_designer_images["images"]\n    node_venv_lib_python3_12_site-packages_PyQt6_Qt6_qml_QtQuick3D_ParticleEffects_designer_images --> node_venv_lib_python3_12_site-packages_PyQt6_Qt6_qml_QtQuick3D_ParticleEffects_designer_images_ripple_png["ripple.png"]\n    Root --> node_venv["venv"]\n    node_venv --> node_venv_lib["lib"]\n    node_venv_lib --> node_venv_lib_python3_12["python3.12"]\n    node_venv_lib_python3_12 --> node_venv_lib_python3_12_site-packages["site-packages"]\n    node_venv_lib_python3_12_site-packages --> node_venv_lib_python3_12_site-packages_PyQt6["PyQt6"]\n    node_venv_lib_python3_12_site-packages_PyQt6 --> node_venv_lib_python3_12_site-packages_PyQt6_Qt6["Qt6"]\n    node_venv_lib_python3_12_site-packages_PyQt6_Qt6 --> node_venv_lib_python3_12_site-packages_PyQt6_Qt6_qml["qml"]\n    node_venv_lib_python3_12_site-packages_PyQt6_Qt6_qml --> node_venv_lib_python3_12_site-packages_PyQt6_Qt6_qml_QtQuick3D["QtQuick3D"]\n    node_venv_lib_python3_12_site-packages_PyQt6_Qt6_qml_QtQuick3D --> node_venv_lib_python3_12_site-packages_PyQt6_Qt6_qml_QtQuick3D_ParticleEffects["ParticleEffects"]\n    node_venv_lib_python3_12_site-packages_PyQt6_Qt6_qml_QtQuick3D_ParticleEffects --> node_venv_lib_python3_12_site-packages_PyQt6_Qt6_qml_QtQuick3D_ParticleEffects_designer["designer"]\n    node_venv_lib_python3_12_site-packages_PyQt6_Qt6_qml_QtQuick3D_ParticleEffects_designer --> node_venv_lib_python3_12_site-packages_PyQt6_Qt6_qml_QtQuick3D_ParticleEffects_designer_images["images"]\n    node_venv_lib_python3_12_site-packages_PyQt6_Qt6_qml_QtQuick3D_ParticleEffects_designer_images --> node_venv_lib_python3_12_site-packages_PyQt6_Qt6_qml_QtQuick3D_ParticleEffects_designer_images_smoke2_png["smoke2.png"]\n    Root --> node_venv["venv"]\n    node_venv --> node_venv_lib["lib"]\n    node_venv_lib --> node_venv_lib_python3_12["python3.12"]\n    node_venv_lib_python3_12 --> node_venv_lib_python3_12_site-packages["site-packages"]\n    node_venv_lib_python3_12_site-packages --> node_venv_lib_python3_12_site-packages_PyQt6["PyQt6"]\n    node_venv_lib_python3_12_site-packages_PyQt6 --> node_venv_lib_python3_12_site-packages_PyQt6_Qt6["Qt6"]\n    node_venv_lib_python3_12_site-packages_PyQt6_Qt6 --> node_venv_lib_python3_12_site-packages_PyQt6_Qt6_qml["qml"]\n    node_venv_lib_python3_12_site-packages_PyQt6_Qt6_qml --> node_venv_lib_python3_12_site-packages_PyQt6_Qt6_qml_QtQuick3D["QtQuick3D"]\n    node_venv_lib_python3_12_site-packages_PyQt6_Qt6_qml_QtQuick3D --> node_venv_lib_python3_12_site-packages_PyQt6_Qt6_qml_QtQuick3D_ParticleEffects["ParticleEffects"]\n    node_venv_lib_python3_12_site-packages_PyQt6_Qt6_qml_QtQuick3D_ParticleEffects --> node_venv_lib_python3_12_site-packages_PyQt6_Qt6_qml_QtQuick3D_ParticleEffects_designer["designer"]\n    node_venv_lib_python3_12_site-packages_PyQt6_Qt6_qml_QtQuick3D_ParticleEffects_designer --> node_venv_lib_python3_12_site-packages_PyQt6_Qt6_qml_QtQuick3D_ParticleEffects_designer_images["images"]\n    node_venv_lib_python3_12_site-packages_PyQt6_Qt6_qml_QtQuick3D_ParticleEffects_designer_images --> node_venv_lib_python3_12_site-packages_PyQt6_Qt6_qml_QtQuick3D_ParticleEffects_designer_images_smoke_sprite_png["smoke_sprite.png"]\n    Root --> node_venv["venv"]\n    node_venv --> node_venv_lib["lib"]\n    node_venv_lib --> node_venv_lib_python3_12["python3.12"]\n    node_venv_lib_python3_12 --> node_venv_lib_python3_12_site-packages["site-packages"]\n    node_venv_lib_python3_12_site-packages --> node_venv_lib_python3_12_site-packages_PyQt6["PyQt6"]\n    node_venv_lib_python3_12_site-packages_PyQt6 --> node_venv_lib_python3_12_site-packages_PyQt6_Qt6["Qt6"]\n    node_venv_lib_python3_12_site-packages_PyQt6_Qt6 --> node_venv_lib_python3_12_site-packages_PyQt6_Qt6_qml["qml"]\n    node_venv_lib_python3_12_site-packages_PyQt6_Qt6_qml --> node_venv_lib_python3_12_site-packages_PyQt6_Qt6_qml_QtQuick3D["QtQuick3D"]\n    node_venv_lib_python3_12_site-packages_PyQt6_Qt6_qml_QtQuick3D --> node_venv_lib_python3_12_site-packages_PyQt6_Qt6_qml_QtQuick3D_ParticleEffects["ParticleEffects"]\n    node_venv_lib_python3_12_site-packages_PyQt6_Qt6_qml_QtQuick3D_ParticleEffects --> node_venv_lib_python3_12_site-packages_PyQt6_Qt6_qml_QtQuick3D_ParticleEffects_designer["designer"]\n    node_venv_lib_python3_12_site-packages_PyQt6_Qt6_qml_QtQuick3D_ParticleEffects_designer --> node_venv_lib_python3_12_site-packages_PyQt6_Qt6_qml_QtQuick3D_ParticleEffects_designer_images["images"]\n    node_venv_lib_python3_12_site-packages_PyQt6_Qt6_qml_QtQuick3D_ParticleEffects_designer_images --> node_venv_lib_python3_12_site-packages_PyQt6_Qt6_qml_QtQuick3D_ParticleEffects_designer_images_smoke_sprite2_png["smoke_sprite2.png"]\n    Root --> node_venv["venv"]\n    node_venv --> node_venv_lib["lib"]\n    node_venv_lib --> node_venv_lib_python3_12["python3.12"]\n    node_venv_lib_python3_12 --> node_venv_lib_python3_12_site-packages["site-packages"]\n    node_venv_lib_python3_12_site-packages --> node_venv_lib_python3_12_site-packages_PyQt6["PyQt6"]\n    node_venv_lib_python3_12_site-packages_PyQt6 --> node_venv_lib_python3_12_site-packages_PyQt6_Qt6["Qt6"]\n    node_venv_lib_python3_12_site-packages_PyQt6_Qt6 --> node_venv_lib_python3_12_site-packages_PyQt6_Qt6_qml["qml"]\n    node_venv_lib_python3_12_site-packages_PyQt6_Qt6_qml --> node_venv_lib_python3_12_site-packages_PyQt6_Qt6_qml_QtQuick3D["QtQuick3D"]\n    node_venv_lib_python3_12_site-packages_PyQt6_Qt6_qml_QtQuick3D --> node_venv_lib_python3_12_site-packages_PyQt6_Qt6_qml_QtQuick3D_ParticleEffects["ParticleEffects"]\n    node_venv_lib_python3_12_site-packages_PyQt6_Qt6_qml_QtQuick3D_ParticleEffects --> node_venv_lib_python3_12_site-packages_PyQt6_Qt6_qml_QtQuick3D_ParticleEffects_designer["designer"]\n    node_venv_lib_python3_12_site-packages_PyQt6_Qt6_qml_QtQuick3D_ParticleEffects_designer --> node_venv_lib_python3_12_site-packages_PyQt6_Qt6_qml_QtQuick3D_ParticleEffects_designer_images["images"]\n    node_venv_lib_python3_12_site-packages_PyQt6_Qt6_qml_QtQuick3D_ParticleEffects_designer_images --> node_venv_lib_python3_12_site-packages_PyQt6_Qt6_qml_QtQuick3D_ParticleEffects_designer_images_snowflake_png["snowflake.png"]\n    Root --> node_venv["venv"]\n    node_venv --> node_venv_lib["lib"]\n    node_venv_lib --> node_venv_lib_python3_12["python3.12"]\n    node_venv_lib_python3_12 --> node_venv_lib_python3_12_site-packages["site-packages"]\n    node_venv_lib_python3_12_site-packages --> node_venv_lib_python3_12_site-packages_PyQt6["PyQt6"]\n    node_venv_lib_python3_12_site-packages_PyQt6 --> node_venv_lib_python3_12_site-packages_PyQt6_Qt6["Qt6"]\n    node_venv_lib_python3_12_site-packages_PyQt6_Qt6 --> node_venv_lib_python3_12_site-packages_PyQt6_Qt6_qml["qml"]\n    node_venv_lib_python3_12_site-packages_PyQt6_Qt6_qml --> node_venv_lib_python3_12_site-packages_PyQt6_Qt6_qml_QtQuick3D["QtQuick3D"]\n    node_venv_lib_python3_12_site-packages_PyQt6_Qt6_qml_QtQuick3D --> node_venv_lib_python3_12_site-packages_PyQt6_Qt6_qml_QtQuick3D_ParticleEffects["ParticleEffects"]\n    node_venv_lib_python3_12_site-packages_PyQt6_Qt6_qml_QtQuick3D_ParticleEffects --> node_venv_lib_python3_12_site-packages_PyQt6_Qt6_qml_QtQuick3D_ParticleEffects_designer["designer"]\n    node_venv_lib_python3_12_site-packages_PyQt6_Qt6_qml_QtQuick3D_ParticleEffects_designer --> node_venv_lib_python3_12_site-packages_PyQt6_Qt6_qml_QtQuick3D_ParticleEffects_designer_images["images"]\n    node_venv_lib_python3_12_site-packages_PyQt6_Qt6_qml_QtQuick3D_ParticleEffects_designer_images --> node_venv_lib_python3_12_site-packages_PyQt6_Qt6_qml_QtQuick3D_ParticleEffects_designer_images_sphere_png["sphere.png"]\n    Root --> node_venv["venv"]\n    node_venv --> node_venv_lib["lib"]\n    node_venv_lib --> node_venv_lib_python3_12["python3.12"]\n    node_venv_lib_python3_12 --> node_venv_lib_python3_12_site-packages["site-packages"]\n    node_venv_lib_python3_12_site-packages --> node_venv_lib_python3_12_site-packages_PyQt6["PyQt6"]\n    node_venv_lib_python3_12_site-packages_PyQt6 --> node_venv_lib_python3_12_site-packages_PyQt6_Qt6["Qt6"]\n    node_venv_lib_python3_12_site-packages_PyQt6_Qt6 --> node_venv_lib_python3_12_site-packages_PyQt6_Qt6_qml["qml"]\n    node_venv_lib_python3_12_site-packages_PyQt6_Qt6_qml --> node_venv_lib_python3_12_site-packages_PyQt6_Qt6_qml_QtQuick3D["QtQuick3D"]\n    node_venv_lib_python3_12_site-packages_PyQt6_Qt6_qml_QtQuick3D --> node_venv_lib_python3_12_site-packages_PyQt6_Qt6_qml_QtQuick3D_ParticleEffects["ParticleEffects"]\n    node_venv_lib_python3_12_site-packages_PyQt6_Qt6_qml_QtQuick3D_ParticleEffects --> node_venv_lib_python3_12_site-packages_PyQt6_Qt6_qml_QtQuick3D_ParticleEffects_designer["designer"]\n    node_venv_lib_python3_12_site-packages_PyQt6_Qt6_qml_QtQuick3D_ParticleEffects_designer --> node_venv_lib_python3_12_site-packages_PyQt6_Qt6_qml_QtQuick3D_ParticleEffects_designer_images["images"]\n    node_venv_lib_python3_12_site-packages_PyQt6_Qt6_qml_QtQuick3D_ParticleEffects_designer_images --> node_venv_lib_python3_12_site-packages_PyQt6_Qt6_qml_QtQuick3D_ParticleEffects_designer_images_splash7_png["splash7.png"]\n    Root --> node_venv["venv"]\n    node_venv --> node_venv_lib["lib"]\n    node_venv_lib --> node_venv_lib_python3_12["python3.12"]\n    node_venv_lib_python3_12 --> node_venv_lib_python3_12_site-packages["site-packages"]\n    node_venv_lib_python3_12_site-packages --> node_venv_lib_python3_12_site-packages_PyQt6["PyQt6"]\n    node_venv_lib_python3_12_site-packages_PyQt6 --> node_venv_lib_python3_12_site-packages_PyQt6_Qt6["Qt6"]\n    node_venv_lib_python3_12_site-packages_PyQt6_Qt6 --> node_venv_lib_python3_12_site-packages_PyQt6_Qt6_qml["qml"]\n    node_venv_lib_python3_12_site-packages_PyQt6_Qt6_qml --> node_venv_lib_python3_12_site-packages_PyQt6_Qt6_qml_QtQuick3D["QtQuick3D"]\n    node_venv_lib_python3_12_site-packages_PyQt6_Qt6_qml_QtQuick3D --> node_venv_lib_python3_12_site-packages_PyQt6_Qt6_qml_QtQuick3D_ParticleEffects["ParticleEffects"]\n    node_venv_lib_python3_12_site-packages_PyQt6_Qt6_qml_QtQuick3D_ParticleEffects --> node_venv_lib_python3_12_site-packages_PyQt6_Qt6_qml_QtQuick3D_ParticleEffects_designer["designer"]\n    node_venv_lib_python3_12_site-packages_PyQt6_Qt6_qml_QtQuick3D_ParticleEffects_designer --> node_venv_lib_python3_12_site-packages_PyQt6_Qt6_qml_QtQuick3D_ParticleEffects_designer_source["source"]\n    node_venv_lib_python3_12_site-packages_PyQt6_Qt6_qml_QtQuick3D_ParticleEffects_designer_source --> node_venv_lib_python3_12_site-packages_PyQt6_Qt6_qml_QtQuick3D_ParticleEffects_designer_source_particleeffect_clouds_qml["particleeffect_clouds.qml"]\n    Root --> node_venv["venv"]\n    node_venv --> node_venv_lib["lib"]\n    node_venv_lib --> node_venv_lib_python3_12["python3.12"]\n    node_venv_lib_python3_12 --> node_venv_lib_python3_12_site-packages["site-packages"]\n    node_venv_lib_python3_12_site-packages --> node_venv_lib_python3_12_site-packages_PyQt6["PyQt6"]\n    node_venv_lib_python3_12_site-packages_PyQt6 --> node_venv_lib_python3_12_site-packages_PyQt6_Qt6["Qt6"]\n    node_venv_lib_python3_12_site-packages_PyQt6_Qt6 --> node_venv_lib_python3_12_site-packages_PyQt6_Qt6_qml["qml"]\n    node_venv_lib_python3_12_site-packages_PyQt6_Qt6_qml --> node_venv_lib_python3_12_site-packages_PyQt6_Qt6_qml_QtQuick3D["QtQuick3D"]\n    node_venv_lib_python3_12_site-packages_PyQt6_Qt6_qml_QtQuick3D --> node_venv_lib_python3_12_site-packages_PyQt6_Qt6_qml_QtQuick3D_ParticleEffects["ParticleEffects"]\n    node_venv_lib_python3_12_site-packages_PyQt6_Qt6_qml_QtQuick3D_ParticleEffects --> node_venv_lib_python3_12_site-packages_PyQt6_Qt6_qml_QtQuick3D_ParticleEffects_designer["designer"]\n    node_venv_lib_python3_12_site-packages_PyQt6_Qt6_qml_QtQuick3D_ParticleEffects_designer --> node_venv_lib_python3_12_site-packages_PyQt6_Qt6_qml_QtQuick3D_ParticleEffects_designer_source["source"]\n    node_venv_lib_python3_12_site-packages_PyQt6_Qt6_qml_QtQuick3D_ParticleEffects_designer_source --> node_venv_lib_python3_12_site-packages_PyQt6_Qt6_qml_QtQuick3D_ParticleEffects_designer_source_particleeffect_dust_qml["particleeffect_dust.qml"]\n    Root --> node_venv["venv"]\n    node_venv --> node_venv_lib["lib"]\n    node_venv_lib --> node_venv_lib_python3_12["python3.12"]\n    node_venv_lib_python3_12 --> node_venv_lib_python3_12_site-packages["site-packages"]\n    node_venv_lib_python3_12_site-packages --> node_venv_lib_python3_12_site-packages_PyQt6["PyQt6"]\n    node_venv_lib_python3_12_site-packages_PyQt6 --> node_venv_lib_python3_12_site-packages_PyQt6_Qt6["Qt6"]\n    node_venv_lib_python3_12_site-packages_PyQt6_Qt6 --> node_venv_lib_python3_12_site-packages_PyQt6_Qt6_qml["qml"]\n    node_venv_lib_python3_12_site-packages_PyQt6_Qt6_qml --> node_venv_lib_python3_12_site-packages_PyQt6_Qt6_qml_QtQuick3D["QtQuick3D"]\n    node_venv_lib_python3_12_site-packages_PyQt6_Qt6_qml_QtQuick3D --> node_venv_lib_python3_12_site-packages_PyQt6_Qt6_qml_QtQuick3D_ParticleEffects["ParticleEffects"]\n    node_venv_lib_python3_12_site-packages_PyQt6_Qt6_qml_QtQuick3D_ParticleEffects --> node_venv_lib_python3_12_site-packages_PyQt6_Qt6_qml_QtQuick3D_ParticleEffects_designer["designer"]\n    node_venv_lib_python3_12_site-packages_PyQt6_Qt6_qml_QtQuick3D_ParticleEffects_designer --> node_venv_lib_python3_12_site-packages_PyQt6_Qt6_qml_QtQuick3D_ParticleEffects_designer_source["source"]\n    node_venv_lib_python3_12_site-packages_PyQt6_Qt6_qml_QtQuick3D_ParticleEffects_designer_source --> node_venv_lib_python3_12_site-packages_PyQt6_Qt6_qml_QtQuick3D_ParticleEffects_designer_source_particleeffect_exhaust_qml["particleeffect_exhaust.qml"]\n    Root --> node_venv["venv"]\n    node_venv --> node_venv_lib["lib"]\n    node_venv_lib --> node_venv_lib_python3_12["python3.12"]\n    node_venv_lib_python3_12 --> node_venv_lib_python3_12_site-packages["site-packages"]\n    node_venv_lib_python3_12_site-packages --> node_venv_lib_python3_12_site-packages_PyQt6["PyQt6"]\n    node_venv_lib_python3_12_site-packages_PyQt6 --> node_venv_lib_python3_12_site-packages_PyQt6_Qt6["Qt6"]\n    node_venv_lib_python3_12_site-packages_PyQt6_Qt6 --> node_venv_lib_python3_12_site-packages_PyQt6_Qt6_qml["qml"]\n    node_venv_lib_python3_12_site-packages_PyQt6_Qt6_qml --> node_venv_lib_python3_12_site-packages_PyQt6_Qt6_qml_QtQuick3D["QtQuick3D"]\n    node_venv_lib_python3_12_site-packages_PyQt6_Qt6_qml_QtQuick3D --> node_venv_lib_python3_12_site-packages_PyQt6_Qt6_qml_QtQuick3D_ParticleEffects["ParticleEffects"]\n    node_venv_lib_python3_12_site-packages_PyQt6_Qt6_qml_QtQuick3D_ParticleEffects --> node_venv_lib_python3_12_site-packages_PyQt6_Qt6_qml_QtQuick3D_ParticleEffects_designer["designer"]\n    node_venv_lib_python3_12_site-packages_PyQt6_Qt6_qml_QtQuick3D_ParticleEffects_designer --> node_venv_lib_python3_12_site-packages_PyQt6_Qt6_qml_QtQuick3D_ParticleEffects_designer_source["source"]\n    node_venv_lib_python3_12_site-packages_PyQt6_Qt6_qml_QtQuick3D_ParticleEffects_designer_source --> node_venv_lib_python3_12_site-packages_PyQt6_Qt6_qml_QtQuick3D_ParticleEffects_designer_source_particleeffect_fire_qml["particleeffect_fire.qml"]\n    Root --> node_venv["venv"]\n    node_venv --> node_venv_lib["lib"]\n    node_venv_lib --> node_venv_lib_python3_12["python3.12"]\n    node_venv_lib_python3_12 --> node_venv_lib_python3_12_site-packages["site-packages"]\n    node_venv_lib_python3_12_site-packages --> node_venv_lib_python3_12_site-packages_PyQt6["PyQt6"]\n    node_venv_lib_python3_12_site-packages_PyQt6 --> node_venv_lib_python3_12_site-packages_PyQt6_Qt6["Qt6"]\n    node_venv_lib_python3_12_site-packages_PyQt6_Qt6 --> node_venv_lib_python3_12_site-packages_PyQt6_Qt6_qml["qml"]\n    node_venv_lib_python3_12_site-packages_PyQt6_Qt6_qml --> node_venv_lib_python3_12_site-packages_PyQt6_Qt6_qml_QtQuick3D["QtQuick3D"]\n    node_venv_lib_python3_12_site-packages_PyQt6_Qt6_qml_QtQuick3D --> node_venv_lib_python3_12_site-packages_PyQt6_Qt6_qml_QtQuick3D_ParticleEffects["ParticleEffects"]\n    node_venv_lib_python3_12_site-packages_PyQt6_Qt6_qml_QtQuick3D_ParticleEffects --> node_venv_lib_python3_12_site-packages_PyQt6_Qt6_qml_QtQuick3D_ParticleEffects_designer["designer"]\n    node_venv_lib_python3_12_site-packages_PyQt6_Qt6_qml_QtQuick3D_ParticleEffects_designer --> node_venv_lib_python3_12_site-packages_PyQt6_Qt6_qml_QtQuick3D_ParticleEffects_designer_source["source"]\n    node_venv_lib_python3_12_site-packages_PyQt6_Qt6_qml_QtQuick3D_ParticleEffects_designer_source --> node_venv_lib_python3_12_site-packages_PyQt6_Qt6_qml_QtQuick3D_ParticleEffects_designer_source_particleeffect_heavyrain_qml["particleeffect_heavyrain.qml"]\n    Root --> node_venv["venv"]\n    node_venv --> node_venv_lib["lib"]\n    node_venv_lib --> node_venv_lib_python3_12["python3.12"]\n    node_venv_lib_python3_12 --> node_venv_lib_python3_12_site-packages["site-packages"]\n    node_venv_lib_python3_12_site-packages --> node_venv_lib_python3_12_site-packages_PyQt6["PyQt6"]\n    node_venv_lib_python3_12_site-packages_PyQt6 --> node_venv_lib_python3_12_site-packages_PyQt6_Qt6["Qt6"]\n    node_venv_lib_python3_12_site-packages_PyQt6_Qt6 --> node_venv_lib_python3_12_site-packages_PyQt6_Qt6_qml["qml"]\n    node_venv_lib_python3_12_site-packages_PyQt6_Qt6_qml --> node_venv_lib_python3_12_site-packages_PyQt6_Qt6_qml_QtQuick3D["QtQuick3D"]\n    node_venv_lib_python3_12_site-packages_PyQt6_Qt6_qml_QtQuick3D --> node_venv_lib_python3_12_site-packages_PyQt6_Qt6_qml_QtQuick3D_ParticleEffects["ParticleEffects"]\n    node_venv_lib_python3_12_site-packages_PyQt6_Qt6_qml_QtQuick3D_ParticleEffects --> node_venv_lib_python3_12_site-packages_PyQt6_Qt6_qml_QtQuick3D_ParticleEffects_designer["designer"]\n    node_venv_lib_python3_12_site-packages_PyQt6_Qt6_qml_QtQuick3D_ParticleEffects_designer --> node_venv_lib_python3_12_site-packages_PyQt6_Qt6_qml_QtQuick3D_ParticleEffects_designer_source["source"]\n    node_venv_lib_python3_12_site-packages_PyQt6_Qt6_qml_QtQuick3D_ParticleEffects_designer_source --> node_venv_lib_python3_12_site-packages_PyQt6_Qt6_qml_QtQuick3D_ParticleEffects_designer_source_particleeffect_heavyrain_tirespray_qml["particleeffect_heavyrain_tirespray.qml"]\n    Root --> node_venv["venv"]\n    node_venv --> node_venv_lib["lib"]\n    node_venv_lib --> node_venv_lib_python3_12["python3.12"]\n    node_venv_lib_python3_12 --> node_venv_lib_python3_12_site-packages["site-packages"]\n    node_venv_lib_python3_12_site-packages --> node_venv_lib_python3_12_site-packages_PyQt6["PyQt6"]\n    node_venv_lib_python3_12_site-packages_PyQt6 --> node_venv_lib_python3_12_site-packages_PyQt6_Qt6["Qt6"]\n    node_venv_lib_python3_12_site-packages_PyQt6_Qt6 --> node_venv_lib_python3_12_site-packages_PyQt6_Qt6_qml["qml"]\n    node_venv_lib_python3_12_site-packages_PyQt6_Qt6_qml --> node_venv_lib_python3_12_site-packages_PyQt6_Qt6_qml_QtQuick3D["QtQuick3D"]\n    node_venv_lib_python3_12_site-packages_PyQt6_Qt6_qml_QtQuick3D --> node_venv_lib_python3_12_site-packages_PyQt6_Qt6_qml_QtQuick3D_ParticleEffects["ParticleEffects"]\n    node_venv_lib_python3_12_site-packages_PyQt6_Qt6_qml_QtQuick3D_ParticleEffects --> node_venv_lib_python3_12_site-packages_PyQt6_Qt6_qml_QtQuick3D_ParticleEffects_designer["designer"]\n    node_venv_lib_python3_12_site-packages_PyQt6_Qt6_qml_QtQuick3D_ParticleEffects_designer --> node_venv_lib_python3_12_site-packages_PyQt6_Qt6_qml_QtQuick3D_ParticleEffects_designer_source["source"]\n    node_venv_lib_python3_12_site-packages_PyQt6_Qt6_qml_QtQuick3D_ParticleEffects_designer_source --> node_venv_lib_python3_12_site-packages_PyQt6_Qt6_qml_QtQuick3D_ParticleEffects_designer_source_particleeffect_lightrain_qml["particleeffect_lightrain.qml"]\n    Root --> node_venv["venv"]\n    node_venv --> node_venv_lib["lib"]\n    node_venv_lib --> node_venv_lib_python3_12["python3.12"]\n    node_venv_lib_python3_12 --> node_venv_lib_python3_12_site-packages["site-packages"]\n    node_venv_lib_python3_12_site-packages --> node_venv_lib_python3_12_site-packages_PyQt6["PyQt6"]\n    node_venv_lib_python3_12_site-packages_PyQt6 --> node_venv_lib_python3_12_site-packages_PyQt6_Qt6["Qt6"]\n    node_venv_lib_python3_12_site-packages_PyQt6_Qt6 --> node_venv_lib_python3_12_site-packages_PyQt6_Qt6_qml["qml"]\n    node_venv_lib_python3_12_site-packages_PyQt6_Qt6_qml --> node_venv_lib_python3_12_site-packages_PyQt6_Qt6_qml_QtQuick3D["QtQuick3D"]\n    node_venv_lib_python3_12_site-packages_PyQt6_Qt6_qml_QtQuick3D --> node_venv_lib_python3_12_site-packages_PyQt6_Qt6_qml_QtQuick3D_ParticleEffects["ParticleEffects"]\n    node_venv_lib_python3_12_site-packages_PyQt6_Qt6_qml_QtQuick3D_ParticleEffects --> node_venv_lib_python3_12_site-packages_PyQt6_Qt6_qml_QtQuick3D_ParticleEffects_designer["designer"]\n    node_venv_lib_python3_12_site-packages_PyQt6_Qt6_qml_QtQuick3D_ParticleEffects_designer --> node_venv_lib_python3_12_site-packages_PyQt6_Qt6_qml_QtQuick3D_ParticleEffects_designer_source["source"]\n    node_venv_lib_python3_12_site-packages_PyQt6_Qt6_qml_QtQuick3D_ParticleEffects_designer_source --> node_venv_lib_python3_12_site-packages_PyQt6_Qt6_qml_QtQuick3D_ParticleEffects_designer_source_particleeffect_lightrain_tirespray_qml["particleeffect_lightrain_tirespray.qml"]\n    Root --> node_venv["venv"]\n    node_venv --> node_venv_lib["lib"]\n    node_venv_lib --> node_venv_lib_python3_12["python3.12"]\n    node_venv_lib_python3_12 --> node_venv_lib_python3_12_site-packages["site-packages"]\n    node_venv_lib_python3_12_site-packages --> node_venv_lib_python3_12_site-packages_PyQt6["PyQt6"]\n    node_venv_lib_python3_12_site-packages_PyQt6 --> node_venv_lib_python3_12_site-packages_PyQt6_Qt6["Qt6"]\n    node_venv_lib_python3_12_site-packages_PyQt6_Qt6 --> node_venv_lib_python3_12_site-packages_PyQt6_Qt6_qml["qml"]\n    node_venv_lib_python3_12_site-packages_PyQt6_Qt6_qml --> node_venv_lib_python3_12_site-packages_PyQt6_Qt6_qml_QtQuick3D["QtQuick3D"]\n    node_venv_lib_python3_12_site-packages_PyQt6_Qt6_qml_QtQuick3D --> node_venv_lib_python3_12_site-packages_PyQt6_Qt6_qml_QtQuick3D_ParticleEffects["ParticleEffects"]\n    node_venv_lib_python3_12_site-packages_PyQt6_Qt6_qml_QtQuick3D_ParticleEffects --> node_venv_lib_python3_12_site-packages_PyQt6_Qt6_qml_QtQuick3D_ParticleEffects_designer["designer"]\n    node_venv_lib_python3_12_site-packages_PyQt6_Qt6_qml_QtQuick3D_ParticleEffects_designer --> node_venv_lib_python3_12_site-packages_PyQt6_Qt6_qml_QtQuick3D_ParticleEffects_designer_source["source"]\n    node_venv_lib_python3_12_site-packages_PyQt6_Qt6_qml_QtQuick3D_ParticleEffects_designer_source --> node_venv_lib_python3_12_site-packages_PyQt6_Qt6_qml_QtQuick3D_ParticleEffects_designer_source_particleeffect_rainmist_qml["particleeffect_rainmist.qml"]\n    Root --> node_venv["venv"]\n    node_venv --> node_venv_lib["lib"]\n    node_venv_lib --> node_venv_lib_python3_12["python3.12"]\n    node_venv_lib_python3_12 --> node_venv_lib_python3_12_site-packages["site-packages"]\n    node_venv_lib_python3_12_site-packages --> node_venv_lib_python3_12_site-packages_PyQt6["PyQt6"]\n    node_venv_lib_python3_12_site-packages_PyQt6 --> node_venv_lib_python3_12_site-packages_PyQt6_Qt6["Qt6"]\n    node_venv_lib_python3_12_site-packages_PyQt6_Qt6 --> node_venv_lib_python3_12_site-packages_PyQt6_Qt6_qml["qml"]\n    node_venv_lib_python3_12_site-packages_PyQt6_Qt6_qml --> node_venv_lib_python3_12_site-packages_PyQt6_Qt6_qml_QtQuick3D["QtQuick3D"]\n    node_venv_lib_python3_12_site-packages_PyQt6_Qt6_qml_QtQuick3D --> node_venv_lib_python3_12_site-packages_PyQt6_Qt6_qml_QtQuick3D_ParticleEffects["ParticleEffects"]\n    node_venv_lib_python3_12_site-packages_PyQt6_Qt6_qml_QtQuick3D_ParticleEffects --> node_venv_lib_python3_12_site-packages_PyQt6_Qt6_qml_QtQuick3D_ParticleEffects_designer["designer"]\n    node_venv_lib_python3_12_site-packages_PyQt6_Qt6_qml_QtQuick3D_ParticleEffects_designer --> node_venv_lib_python3_12_site-packages_PyQt6_Qt6_qml_QtQuick3D_ParticleEffects_designer_source["source"]\n    node_venv_lib_python3_12_site-packages_PyQt6_Qt6_qml_QtQuick3D_ParticleEffects_designer_source --> node_venv_lib_python3_12_site-packages_PyQt6_Qt6_qml_QtQuick3D_ParticleEffects_designer_source_particleeffect_snow_qml["particleeffect_snow.qml"]\n    Root --> node_venv["venv"]\n    node_venv --> node_venv_lib["lib"]\n    node_venv_lib --> node_venv_lib_python3_12["python3.12"]\n    node_venv_lib_python3_12 --> node_venv_lib_python3_12_site-packages["site-packages"]\n    node_venv_lib_python3_12_site-packages --> node_venv_lib_python3_12_site-packages_PyQt6["PyQt6"]\n    node_venv_lib_python3_12_site-packages_PyQt6 --> node_venv_lib_python3_12_site-packages_PyQt6_Qt6["Qt6"]\n    node_venv_lib_python3_12_site-packages_PyQt6_Qt6 --> node_venv_lib_python3_12_site-packages_PyQt6_Qt6_qml["qml"]\n    node_venv_lib_python3_12_site-packages_PyQt6_Qt6_qml --> node_venv_lib_python3_12_site-packages_PyQt6_Qt6_qml_QtQuick3D["QtQuick3D"]\n    node_venv_lib_python3_12_site-packages_PyQt6_Qt6_qml_QtQuick3D --> node_venv_lib_python3_12_site-packages_PyQt6_Qt6_qml_QtQuick3D_ParticleEffects["ParticleEffects"]\n    node_venv_lib_python3_12_site-packages_PyQt6_Qt6_qml_QtQuick3D_ParticleEffects --> node_venv_lib_python3_12_site-packages_PyQt6_Qt6_qml_QtQuick3D_ParticleEffects_designer["designer"]\n    node_venv_lib_python3_12_site-packages_PyQt6_Qt6_qml_QtQuick3D_ParticleEffects_designer --> node_venv_lib_python3_12_site-packages_PyQt6_Qt6_qml_QtQuick3D_ParticleEffects_designer_source["source"]\n    node_venv_lib_python3_12_site-packages_PyQt6_Qt6_qml_QtQuick3D_ParticleEffects_designer_source --> node_venv_lib_python3_12_site-packages_PyQt6_Qt6_qml_QtQuick3D_ParticleEffects_designer_source_particleeffect_steam_qml["particleeffect_steam.qml"]\n    Root --> node_venv["venv"]\n    node_venv --> node_venv_lib["lib"]\n    node_venv_lib --> node_venv_lib_python3_12["python3.12"]\n    node_venv_lib_python3_12 --> node_venv_lib_python3_12_site-packages["site-packages"]\n    node_venv_lib_python3_12_site-packages --> node_venv_lib_python3_12_site-packages_PyQt6["PyQt6"]\n    node_venv_lib_python3_12_site-packages_PyQt6 --> node_venv_lib_python3_12_site-packages_PyQt6_Qt6["Qt6"]\n    node_venv_lib_python3_12_site-packages_PyQt6_Qt6 --> node_venv_lib_python3_12_site-packages_PyQt6_Qt6_qml["qml"]\n    node_venv_lib_python3_12_site-packages_PyQt6_Qt6_qml --> node_venv_lib_python3_12_site-packages_PyQt6_Qt6_qml_QtQuick3D["QtQuick3D"]\n    node_venv_lib_python3_12_site-packages_PyQt6_Qt6_qml_QtQuick3D --> node_venv_lib_python3_12_site-packages_PyQt6_Qt6_qml_QtQuick3D_Xr["Xr"]\n    node_venv_lib_python3_12_site-packages_PyQt6_Qt6_qml_QtQuick3D_Xr --> node_venv_lib_python3_12_site-packages_PyQt6_Qt6_qml_QtQuick3D_Xr_XrErrorDialog_qml["XrErrorDialog.qml"]\n    Root --> node_venv["venv"]\n    node_venv --> node_venv_lib["lib"]\n    node_venv_lib --> node_venv_lib_python3_12["python3.12"]\n    node_venv_lib_python3_12 --> node_venv_lib_python3_12_site-packages["site-packages"]\n    node_venv_lib_python3_12_site-packages --> node_venv_lib_python3_12_site-packages_PyQt6["PyQt6"]\n    node_venv_lib_python3_12_site-packages_PyQt6 --> node_venv_lib_python3_12_site-packages_PyQt6_Qt6["Qt6"]\n    node_venv_lib_python3_12_site-packages_PyQt6_Qt6 --> node_venv_lib_python3_12_site-packages_PyQt6_Qt6_qml["qml"]\n    node_venv_lib_python3_12_site-packages_PyQt6_Qt6_qml --> node_venv_lib_python3_12_site-packages_PyQt6_Qt6_qml_QtQuick3D["QtQuick3D"]\n    node_venv_lib_python3_12_site-packages_PyQt6_Qt6_qml_QtQuick3D --> node_venv_lib_python3_12_site-packages_PyQt6_Qt6_qml_QtQuick3D_Xr["Xr"]\n    node_venv_lib_python3_12_site-packages_PyQt6_Qt6_qml_QtQuick3D_Xr --> node_venv_lib_python3_12_site-packages_PyQt6_Qt6_qml_QtQuick3D_Xr_libquick3dxrplugin_dylib["libquick3dxrplugin.dylib"]\n    Root --> node_venv["venv"]\n    node_venv --> node_venv_lib["lib"]\n    node_venv_lib --> node_venv_lib_python3_12["python3.12"]\n    node_venv_lib_python3_12 --> node_venv_lib_python3_12_site-packages["site-packages"]\n    node_venv_lib_python3_12_site-packages --> node_venv_lib_python3_12_site-packages_PyQt6["PyQt6"]\n    node_venv_lib_python3_12_site-packages_PyQt6 --> node_venv_lib_python3_12_site-packages_PyQt6_Qt6["Qt6"]\n    node_venv_lib_python3_12_site-packages_PyQt6_Qt6 --> node_venv_lib_python3_12_site-packages_PyQt6_Qt6_qml["qml"]\n    node_venv_lib_python3_12_site-packages_PyQt6_Qt6_qml --> node_venv_lib_python3_12_site-packages_PyQt6_Qt6_qml_QtQuick3D["QtQuick3D"]\n    node_venv_lib_python3_12_site-packages_PyQt6_Qt6_qml_QtQuick3D --> node_venv_lib_python3_12_site-packages_PyQt6_Qt6_qml_QtQuick3D_Xr["Xr"]\n    node_venv_lib_python3_12_site-packages_PyQt6_Qt6_qml_QtQuick3D_Xr --> node_venv_lib_python3_12_site-packages_PyQt6_Qt6_qml_QtQuick3D_Xr_plugins_qmltypes["plugins.qmltypes"]\n    Root --> node_venv["venv"]\n    node_venv --> node_venv_lib["lib"]\n    node_venv_lib --> node_venv_lib_python3_12["python3.12"]\n    node_venv_lib_python3_12 --> node_venv_lib_python3_12_site-packages["site-packages"]\n    node_venv_lib_python3_12_site-packages --> node_venv_lib_python3_12_site-packages_PyQt6["PyQt6"]\n    node_venv_lib_python3_12_site-packages_PyQt6 --> node_venv_lib_python3_12_site-packages_PyQt6_Qt6["Qt6"]\n    node_venv_lib_python3_12_site-packages_PyQt6_Qt6 --> node_venv_lib_python3_12_site-packages_PyQt6_Qt6_qml["qml"]\n    node_venv_lib_python3_12_site-packages_PyQt6_Qt6_qml --> node_venv_lib_python3_12_site-packages_PyQt6_Qt6_qml_QtQuick3D["QtQuick3D"]\n    node_venv_lib_python3_12_site-packages_PyQt6_Qt6_qml_QtQuick3D --> node_venv_lib_python3_12_site-packages_PyQt6_Qt6_qml_QtQuick3D_Xr["Xr"]\n    node_venv_lib_python3_12_site-packages_PyQt6_Qt6_qml_QtQuick3D_Xr --> node_venv_lib_python3_12_site-packages_PyQt6_Qt6_qml_QtQuick3D_Xr_qmldir["qmldir"]\n    Root --> node_venv["venv"]\n    node_venv --> node_venv_lib["lib"]\n    node_venv_lib --> node_venv_lib_python3_12["python3.12"]\n    node_venv_lib_python3_12 --> node_venv_lib_python3_12_site-packages["site-packages"]\n    node_venv_lib_python3_12_site-packages --> node_venv_lib_python3_12_site-packages_PyQt6["PyQt6"]\n    node_venv_lib_python3_12_site-packages_PyQt6 --> node_venv_lib_python3_12_site-packages_PyQt6_Qt6["Qt6"]\n    node_venv_lib_python3_12_site-packages_PyQt6_Qt6 --> node_venv_lib_python3_12_site-packages_PyQt6_Qt6_qml["qml"]\n    node_venv_lib_python3_12_site-packages_PyQt6_Qt6_qml --> node_venv_lib_python3_12_site-packages_PyQt6_Qt6_qml_QtQuick3D["QtQuick3D"]\n    node_venv_lib_python3_12_site-packages_PyQt6_Qt6_qml_QtQuick3D --> node_venv_lib_python3_12_site-packages_PyQt6_Qt6_qml_QtQuick3D_AssetUtils["AssetUtils"]\n    node_venv_lib_python3_12_site-packages_PyQt6_Qt6_qml_QtQuick3D_AssetUtils --> node_venv_lib_python3_12_site-packages_PyQt6_Qt6_qml_QtQuick3D_AssetUtils_libqtquick3dassetutilsplugin_dylib["libqtquick3dassetutilsplugin.dylib"]\n    Root --> node_venv["venv"]\n    node_venv --> node_venv_lib["lib"]\n    node_venv_lib --> node_venv_lib_python3_12["python3.12"]\n    node_venv_lib_python3_12 --> node_venv_lib_python3_12_site-packages["site-packages"]\n    node_venv_lib_python3_12_site-packages --> node_venv_lib_python3_12_site-packages_PyQt6["PyQt6"]\n    node_venv_lib_python3_12_site-packages_PyQt6 --> node_venv_lib_python3_12_site-packages_PyQt6_Qt6["Qt6"]\n    node_venv_lib_python3_12_site-packages_PyQt6_Qt6 --> node_venv_lib_python3_12_site-packages_PyQt6_Qt6_qml["qml"]\n    node_venv_lib_python3_12_site-packages_PyQt6_Qt6_qml --> node_venv_lib_python3_12_site-packages_PyQt6_Qt6_qml_QtQuick3D["QtQuick3D"]\n    node_venv_lib_python3_12_site-packages_PyQt6_Qt6_qml_QtQuick3D --> node_venv_lib_python3_12_site-packages_PyQt6_Qt6_qml_QtQuick3D_AssetUtils["AssetUtils"]\n    node_venv_lib_python3_12_site-packages_PyQt6_Qt6_qml_QtQuick3D_AssetUtils --> node_venv_lib_python3_12_site-packages_PyQt6_Qt6_qml_QtQuick3D_AssetUtils_plugins_qmltypes["plugins.qmltypes"]\n    Root --> node_venv["venv"]\n    node_venv --> node_venv_lib["lib"]\n    node_venv_lib --> node_venv_lib_python3_12["python3.12"]\n    node_venv_lib_python3_12 --> node_venv_lib_python3_12_site-packages["site-packages"]\n    node_venv_lib_python3_12_site-packages --> node_venv_lib_python3_12_site-packages_PyQt6["PyQt6"]\n    node_venv_lib_python3_12_site-packages_PyQt6 --> node_venv_lib_python3_12_site-packages_PyQt6_Qt6["Qt6"]\n    node_venv_lib_python3_12_site-packages_PyQt6_Qt6 --> node_venv_lib_python3_12_site-packages_PyQt6_Qt6_qml["qml"]\n    node_venv_lib_python3_12_site-packages_PyQt6_Qt6_qml --> node_venv_lib_python3_12_site-packages_PyQt6_Qt6_qml_QtQuick3D["QtQuick3D"]\n    node_venv_lib_python3_12_site-packages_PyQt6_Qt6_qml_QtQuick3D --> node_venv_lib_python3_12_site-packages_PyQt6_Qt6_qml_QtQuick3D_AssetUtils["AssetUtils"]\n    node_venv_lib_python3_12_site-packages_PyQt6_Qt6_qml_QtQuick3D_AssetUtils --> node_venv_lib_python3_12_site-packages_PyQt6_Qt6_qml_QtQuick3D_AssetUtils_qmldir["qmldir"]\n    Root --> node_venv["venv"]\n    node_venv --> node_venv_lib["lib"]\n    node_venv_lib --> node_venv_lib_python3_12["python3.12"]\n    node_venv_lib_python3_12 --> node_venv_lib_python3_12_site-packages["site-packages"]\n    node_venv_lib_python3_12_site-packages --> node_venv_lib_python3_12_site-packages_PyQt6["PyQt6"]\n    node_venv_lib_python3_12_site-packages_PyQt6 --> node_venv_lib_python3_12_site-packages_PyQt6_Qt6["Qt6"]\n    node_venv_lib_python3_12_site-packages_PyQt6_Qt6 --> node_venv_lib_python3_12_site-packages_PyQt6_Qt6_qml["qml"]\n    node_venv_lib_python3_12_site-packages_PyQt6_Qt6_qml --> node_venv_lib_python3_12_site-packages_PyQt6_Qt6_qml_QtQuick3D["QtQuick3D"]\n    node_venv_lib_python3_12_site-packages_PyQt6_Qt6_qml_QtQuick3D --> node_venv_lib_python3_12_site-packages_PyQt6_Qt6_qml_QtQuick3D_AssetUtils["AssetUtils"]\n    node_venv_lib_python3_12_site-packages_PyQt6_Qt6_qml_QtQuick3D_AssetUtils --> node_venv_lib_python3_12_site-packages_PyQt6_Qt6_qml_QtQuick3D_AssetUtils_designer["designer"]\n    node_venv_lib_python3_12_site-packages_PyQt6_Qt6_qml_QtQuick3D_AssetUtils_designer --> node_venv_lib_python3_12_site-packages_PyQt6_Qt6_qml_QtQuick3D_AssetUtils_designer_NodeSection_qml["NodeSection.qml"]\n    Root --> node_venv["venv"]\n    node_venv --> node_venv_lib["lib"]\n    node_venv_lib --> node_venv_lib_python3_12["python3.12"]\n    node_venv_lib_python3_12 --> node_venv_lib_python3_12_site-packages["site-packages"]\n    node_venv_lib_python3_12_site-packages --> node_venv_lib_python3_12_site-packages_PyQt6["PyQt6"]\n    node_venv_lib_python3_12_site-packages_PyQt6 --> node_venv_lib_python3_12_site-packages_PyQt6_Qt6["Qt6"]\n    node_venv_lib_python3_12_site-packages_PyQt6_Qt6 --> node_venv_lib_python3_12_site-packages_PyQt6_Qt6_qml["qml"]\n    node_venv_lib_python3_12_site-packages_PyQt6_Qt6_qml --> node_venv_lib_python3_12_site-packages_PyQt6_Qt6_qml_QtQuick3D["QtQuick3D"]\n    node_venv_lib_python3_12_site-packages_PyQt6_Qt6_qml_QtQuick3D --> node_venv_lib_python3_12_site-packages_PyQt6_Qt6_qml_QtQuick3D_AssetUtils["AssetUtils"]\n    node_venv_lib_python3_12_site-packages_PyQt6_Qt6_qml_QtQuick3D_AssetUtils --> node_venv_lib_python3_12_site-packages_PyQt6_Qt6_qml_QtQuick3D_AssetUtils_designer["designer"]\n    node_venv_lib_python3_12_site-packages_PyQt6_Qt6_qml_QtQuick3D_AssetUtils_designer --> node_venv_lib_python3_12_site-packages_PyQt6_Qt6_qml_QtQuick3D_AssetUtils_designer_RuntimeLoaderSection_qml["RuntimeLoaderSection.qml"]\n    Root --> node_venv["venv"]\n    node_venv --> node_venv_lib["lib"]\n    node_venv_lib --> node_venv_lib_python3_12["python3.12"]\n    node_venv_lib_python3_12 --> node_venv_lib_python3_12_site-packages["site-packages"]\n    node_venv_lib_python3_12_site-packages --> node_venv_lib_python3_12_site-packages_PyQt6["PyQt6"]\n    node_venv_lib_python3_12_site-packages_PyQt6 --> node_venv_lib_python3_12_site-packages_PyQt6_Qt6["Qt6"]\n    node_venv_lib_python3_12_site-packages_PyQt6_Qt6 --> node_venv_lib_python3_12_site-packages_PyQt6_Qt6_qml["qml"]\n    node_venv_lib_python3_12_site-packages_PyQt6_Qt6_qml --> node_venv_lib_python3_12_site-packages_PyQt6_Qt6_qml_QtQuick3D["QtQuick3D"]\n    node_venv_lib_python3_12_site-packages_PyQt6_Qt6_qml_QtQuick3D --> node_venv_lib_python3_12_site-packages_PyQt6_Qt6_qml_QtQuick3D_AssetUtils["AssetUtils"]\n    node_venv_lib_python3_12_site-packages_PyQt6_Qt6_qml_QtQuick3D_AssetUtils --> node_venv_lib_python3_12_site-packages_PyQt6_Qt6_qml_QtQuick3D_AssetUtils_designer["designer"]\n    node_venv_lib_python3_12_site-packages_PyQt6_Qt6_qml_QtQuick3D_AssetUtils_designer --> node_venv_lib_python3_12_site-packages_PyQt6_Qt6_qml_QtQuick3D_AssetUtils_designer_RuntimeLoaderSpecifics_qml["RuntimeLoaderSpecifics.qml"]\n    Root --> node_venv["venv"]\n    node_venv --> node_venv_lib["lib"]\n    node_venv_lib --> node_venv_lib_python3_12["python3.12"]\n    node_venv_lib_python3_12 --> node_venv_lib_python3_12_site-packages["site-packages"]\n    node_venv_lib_python3_12_site-packages --> node_venv_lib_python3_12_site-packages_PyQt6["PyQt6"]\n    node_venv_lib_python3_12_site-packages_PyQt6 --> node_venv_lib_python3_12_site-packages_PyQt6_Qt6["Qt6"]\n    node_venv_lib_python3_12_site-packages_PyQt6_Qt6 --> node_venv_lib_python3_12_site-packages_PyQt6_Qt6_qml["qml"]\n    node_venv_lib_python3_12_site-packages_PyQt6_Qt6_qml --> node_venv_lib_python3_12_site-packages_PyQt6_Qt6_qml_QtQuick3D["QtQuick3D"]\n    node_venv_lib_python3_12_site-packages_PyQt6_Qt6_qml_QtQuick3D --> node_venv_lib_python3_12_site-packages_PyQt6_Qt6_qml_QtQuick3D_AssetUtils["AssetUtils"]\n    node_venv_lib_python3_12_site-packages_PyQt6_Qt6_qml_QtQuick3D_AssetUtils --> node_venv_lib_python3_12_site-packages_PyQt6_Qt6_qml_QtQuick3D_AssetUtils_designer["designer"]\n    node_venv_lib_python3_12_site-packages_PyQt6_Qt6_qml_QtQuick3D_AssetUtils_designer --> node_venv_lib_python3_12_site-packages_PyQt6_Qt6_qml_QtQuick3D_AssetUtils_designer_assetutils_metainfo["assetutils.metainfo"]\n    Root --> node_venv["venv"]\n    node_venv --> node_venv_lib["lib"]\n    node_venv_lib --> node_venv_lib_python3_12["python3.12"]\n    node_venv_lib_python3_12 --> node_venv_lib_python3_12_site-packages["site-packages"]\n    node_venv_lib_python3_12_site-packages --> node_venv_lib_python3_12_site-packages_PyQt6["PyQt6"]\n    node_venv_lib_python3_12_site-packages_PyQt6 --> node_venv_lib_python3_12_site-packages_PyQt6_Qt6["Qt6"]\n    node_venv_lib_python3_12_site-packages_PyQt6_Qt6 --> node_venv_lib_python3_12_site-packages_PyQt6_Qt6_qml["qml"]\n    node_venv_lib_python3_12_site-packages_PyQt6_Qt6_qml --> node_venv_lib_python3_12_site-packages_PyQt6_Qt6_qml_QtQuick3D["QtQuick3D"]\n    node_venv_lib_python3_12_site-packages_PyQt6_Qt6_qml_QtQuick3D --> node_venv_lib_python3_12_site-packages_PyQt6_Qt6_qml_QtQuick3D_AssetUtils["AssetUtils"]\n    node_venv_lib_python3_12_site-packages_PyQt6_Qt6_qml_QtQuick3D_AssetUtils --> node_venv_lib_python3_12_site-packages_PyQt6_Qt6_qml_QtQuick3D_AssetUtils_designer["designer"]\n    node_venv_lib_python3_12_site-packages_PyQt6_Qt6_qml_QtQuick3D_AssetUtils_designer --> node_venv_lib_python3_12_site-packages_PyQt6_Qt6_qml_QtQuick3D_AssetUtils_designer_images["images"]\n    node_venv_lib_python3_12_site-packages_PyQt6_Qt6_qml_QtQuick3D_AssetUtils_designer_images --> node_venv_lib_python3_12_site-packages_PyQt6_Qt6_qml_QtQuick3D_AssetUtils_designer_images_dummy_png["dummy.png"]\n    Root --> node_venv["venv"]\n    node_venv --> node_venv_lib["lib"]\n    node_venv_lib --> node_venv_lib_python3_12["python3.12"]\n    node_venv_lib_python3_12 --> node_venv_lib_python3_12_site-packages["site-packages"]\n    node_venv_lib_python3_12_site-packages --> node_venv_lib_python3_12_site-packages_PyQt6["PyQt6"]\n    node_venv_lib_python3_12_site-packages_PyQt6 --> node_venv_lib_python3_12_site-packages_PyQt6_Qt6["Qt6"]\n    node_venv_lib_python3_12_site-packages_PyQt6_Qt6 --> node_venv_lib_python3_12_site-packages_PyQt6_Qt6_qml["qml"]\n    node_venv_lib_python3_12_site-packages_PyQt6_Qt6_qml --> node_venv_lib_python3_12_site-packages_PyQt6_Qt6_qml_QtQuick3D["QtQuick3D"]\n    node_venv_lib_python3_12_site-packages_PyQt6_Qt6_qml_QtQuick3D --> node_venv_lib_python3_12_site-packages_PyQt6_Qt6_qml_QtQuick3D_AssetUtils["AssetUtils"]\n    node_venv_lib_python3_12_site-packages_PyQt6_Qt6_qml_QtQuick3D_AssetUtils --> node_venv_lib_python3_12_site-packages_PyQt6_Qt6_qml_QtQuick3D_AssetUtils_designer["designer"]\n    node_venv_lib_python3_12_site-packages_PyQt6_Qt6_qml_QtQuick3D_AssetUtils_designer --> node_venv_lib_python3_12_site-packages_PyQt6_Qt6_qml_QtQuick3D_AssetUtils_designer_images["images"]\n    node_venv_lib_python3_12_site-packages_PyQt6_Qt6_qml_QtQuick3D_AssetUtils_designer_images --> node_venv_lib_python3_12_site-packages_PyQt6_Qt6_qml_QtQuick3D_AssetUtils_designer_images_dummy16_png["dummy16.png"]\n    Root --> node_venv["venv"]\n    node_venv --> node_venv_lib["lib"]\n    node_venv_lib --> node_venv_lib_python3_12["python3.12"]\n    node_venv_lib_python3_12 --> node_venv_lib_python3_12_site-packages["site-packages"]\n    node_venv_lib_python3_12_site-packages --> node_venv_lib_python3_12_site-packages_PyQt6["PyQt6"]\n    node_venv_lib_python3_12_site-packages_PyQt6 --> node_venv_lib_python3_12_site-packages_PyQt6_Qt6["Qt6"]\n    node_venv_lib_python3_12_site-packages_PyQt6_Qt6 --> node_venv_lib_python3_12_site-packages_PyQt6_Qt6_qml["qml"]\n    node_venv_lib_python3_12_site-packages_PyQt6_Qt6_qml --> node_venv_lib_python3_12_site-packages_PyQt6_Qt6_qml_QtQuick3D["QtQuick3D"]\n    node_venv_lib_python3_12_site-packages_PyQt6_Qt6_qml_QtQuick3D --> node_venv_lib_python3_12_site-packages_PyQt6_Qt6_qml_QtQuick3D_AssetUtils["AssetUtils"]\n    node_venv_lib_python3_12_site-packages_PyQt6_Qt6_qml_QtQuick3D_AssetUtils --> node_venv_lib_python3_12_site-packages_PyQt6_Qt6_qml_QtQuick3D_AssetUtils_designer["designer"]\n    node_venv_lib_python3_12_site-packages_PyQt6_Qt6_qml_QtQuick3D_AssetUtils_designer --> node_venv_lib_python3_12_site-packages_PyQt6_Qt6_qml_QtQuick3D_AssetUtils_designer_images["images"]\n    node_venv_lib_python3_12_site-packages_PyQt6_Qt6_qml_QtQuick3D_AssetUtils_designer_images --> node_venv_lib_python3_12_site-packages_PyQt6_Qt6_qml_QtQuick3D_AssetUtils_designer_images_dummy@2x_png["dummy@2x.png"]\n    Root --> node_venv["venv"]\n    node_venv --> node_venv_lib["lib"]\n    node_venv_lib --> node_venv_lib_python3_12["python3.12"]\n    node_venv_lib_python3_12 --> node_venv_lib_python3_12_site-packages["site-packages"]\n    node_venv_lib_python3_12_site-packages --> node_venv_lib_python3_12_site-packages_PyQt6["PyQt6"]\n    node_venv_lib_python3_12_site-packages_PyQt6 --> node_venv_lib_python3_12_site-packages_PyQt6_Qt6["Qt6"]\n    node_venv_lib_python3_12_site-packages_PyQt6_Qt6 --> node_venv_lib_python3_12_site-packages_PyQt6_Qt6_qml["qml"]\n    node_venv_lib_python3_12_site-packages_PyQt6_Qt6_qml --> node_venv_lib_python3_12_site-packages_PyQt6_Qt6_qml_QtQuick3D["QtQuick3D"]\n    node_venv_lib_python3_12_site-packages_PyQt6_Qt6_qml_QtQuick3D --> node_venv_lib_python3_12_site-packages_PyQt6_Qt6_qml_QtQuick3D_AssetUtils["AssetUtils"]\n    node_venv_lib_python3_12_site-packages_PyQt6_Qt6_qml_QtQuick3D_AssetUtils --> node_venv_lib_python3_12_site-packages_PyQt6_Qt6_qml_QtQuick3D_AssetUtils_designer["designer"]\n    node_venv_lib_python3_12_site-packages_PyQt6_Qt6_qml_QtQuick3D_AssetUtils_designer --> node_venv_lib_python3_12_site-packages_PyQt6_Qt6_qml_QtQuick3D_AssetUtils_designer_images["images"]\n    node_venv_lib_python3_12_site-packages_PyQt6_Qt6_qml_QtQuick3D_AssetUtils_designer_images --> node_venv_lib_python3_12_site-packages_PyQt6_Qt6_qml_QtQuick3D_AssetUtils_designer_images_runtimeloader_png["runtimeloader.png"]\n    Root --> node_venv["venv"]\n    node_venv --> node_venv_lib["lib"]\n    node_venv_lib --> node_venv_lib_python3_12["python3.12"]\n    node_venv_lib_python3_12 --> node_venv_lib_python3_12_site-packages["site-packages"]\n    node_venv_lib_python3_12_site-packages --> node_venv_lib_python3_12_site-packages_PyQt6["PyQt6"]\n    node_venv_lib_python3_12_site-packages_PyQt6 --> node_venv_lib_python3_12_site-packages_PyQt6_Qt6["Qt6"]\n    node_venv_lib_python3_12_site-packages_PyQt6_Qt6 --> node_venv_lib_python3_12_site-packages_PyQt6_Qt6_qml["qml"]\n    node_venv_lib_python3_12_site-packages_PyQt6_Qt6_qml --> node_venv_lib_python3_12_site-packages_PyQt6_Qt6_qml_QtQuick3D["QtQuick3D"]\n    node_venv_lib_python3_12_site-packages_PyQt6_Qt6_qml_QtQuick3D --> node_venv_lib_python3_12_site-packages_PyQt6_Qt6_qml_QtQuick3D_AssetUtils["AssetUtils"]\n    node_venv_lib_python3_12_site-packages_PyQt6_Qt6_qml_QtQuick3D_AssetUtils --> node_venv_lib_python3_12_site-packages_PyQt6_Qt6_qml_QtQuick3D_AssetUtils_designer["designer"]\n    node_venv_lib_python3_12_site-packages_PyQt6_Qt6_qml_QtQuick3D_AssetUtils_designer --> node_venv_lib_python3_12_site-packages_PyQt6_Qt6_qml_QtQuick3D_AssetUtils_designer_images["images"]\n    node_venv_lib_python3_12_site-packages_PyQt6_Qt6_qml_QtQuick3D_AssetUtils_designer_images --> node_venv_lib_python3_12_site-packages_PyQt6_Qt6_qml_QtQuick3D_AssetUtils_designer_images_runtimeloader16_png["runtimeloader16.png"]\n    Root --> node_venv["venv"]\n    node_venv --> node_venv_lib["lib"]\n    node_venv_lib --> node_venv_lib_python3_12["python3.12"]\n    node_venv_lib_python3_12 --> node_venv_lib_python3_12_site-packages["site-packages"]\n    node_venv_lib_python3_12_site-packages --> node_venv_lib_python3_12_site-packages_PyQt6["PyQt6"]\n    node_venv_lib_python3_12_site-packages_PyQt6 --> node_venv_lib_python3_12_site-packages_PyQt6_Qt6["Qt6"]\n    node_venv_lib_python3_12_site-packages_PyQt6_Qt6 --> node_venv_lib_python3_12_site-packages_PyQt6_Qt6_qml["qml"]\n    node_venv_lib_python3_12_site-packages_PyQt6_Qt6_qml --> node_venv_lib_python3_12_site-packages_PyQt6_Qt6_qml_QtQuick3D["QtQuick3D"]\n    node_venv_lib_python3_12_site-packages_PyQt6_Qt6_qml_QtQuick3D --> node_venv_lib_python3_12_site-packages_PyQt6_Qt6_qml_QtQuick3D_AssetUtils["AssetUtils"]\n    node_venv_lib_python3_12_site-packages_PyQt6_Qt6_qml_QtQuick3D_AssetUtils --> node_venv_lib_python3_12_site-packages_PyQt6_Qt6_qml_QtQuick3D_AssetUtils_designer["designer"]\n    node_venv_lib_python3_12_site-packages_PyQt6_Qt6_qml_QtQuick3D_AssetUtils_designer --> node_venv_lib_python3_12_site-packages_PyQt6_Qt6_qml_QtQuick3D_AssetUtils_designer_images["images"]\n    node_venv_lib_python3_12_site-packages_PyQt6_Qt6_qml_QtQuick3D_AssetUtils_designer_images --> node_venv_lib_python3_12_site-packages_PyQt6_Qt6_qml_QtQuick3D_AssetUtils_designer_images_runtimeloader@2x_png["runtimeloader@2x.png"]\n    Root --> node_venv["venv"]\n    node_venv --> node_venv_lib["lib"]\n    node_venv_lib --> node_venv_lib_python3_12["python3.12"]\n    node_venv_lib_python3_12 --> node_venv_lib_python3_12_site-packages["site-packages"]\n    node_venv_lib_python3_12_site-packages --> node_venv_lib_python3_12_site-packages_PyQt6["PyQt6"]\n    node_venv_lib_python3_12_site-packages_PyQt6 --> node_venv_lib_python3_12_site-packages_PyQt6_Qt6["Qt6"]\n    node_venv_lib_python3_12_site-packages_PyQt6_Qt6 --> node_venv_lib_python3_12_site-packages_PyQt6_Qt6_qml["qml"]\n    node_venv_lib_python3_12_site-packages_PyQt6_Qt6_qml --> node_venv_lib_python3_12_site-packages_PyQt6_Qt6_qml_QtQuick3D["QtQuick3D"]\n    node_venv_lib_python3_12_site-packages_PyQt6_Qt6_qml_QtQuick3D --> node_venv_lib_python3_12_site-packages_PyQt6_Qt6_qml_QtQuick3D_SpatialAudio["SpatialAudio"]\n    node_venv_lib_python3_12_site-packages_PyQt6_Qt6_qml_QtQuick3D_SpatialAudio --> node_venv_lib_python3_12_site-packages_PyQt6_Qt6_qml_QtQuick3D_SpatialAudio_libquick3dspatialaudioplugin_dylib["libquick3dspatialaudioplugin.dylib"]\n    Root --> node_venv["venv"]\n    node_venv --> node_venv_lib["lib"]\n    node_venv_lib --> node_venv_lib_python3_12["python3.12"]\n    node_venv_lib_python3_12 --> node_venv_lib_python3_12_site-packages["site-packages"]\n    node_venv_lib_python3_12_site-packages --> node_venv_lib_python3_12_site-packages_PyQt6["PyQt6"]\n    node_venv_lib_python3_12_site-packages_PyQt6 --> node_venv_lib_python3_12_site-packages_PyQt6_Qt6["Qt6"]\n    node_venv_lib_python3_12_site-packages_PyQt6_Qt6 --> node_venv_lib_python3_12_site-packages_PyQt6_Qt6_qml["qml"]\n    node_venv_lib_python3_12_site-packages_PyQt6_Qt6_qml --> node_venv_lib_python3_12_site-packages_PyQt6_Qt6_qml_QtQuick3D["QtQuick3D"]\n    node_venv_lib_python3_12_site-packages_PyQt6_Qt6_qml_QtQuick3D --> node_venv_lib_python3_12_site-packages_PyQt6_Qt6_qml_QtQuick3D_SpatialAudio["SpatialAudio"]\n    node_venv_lib_python3_12_site-packages_PyQt6_Qt6_qml_QtQuick3D_SpatialAudio --> node_venv_lib_python3_12_site-packages_PyQt6_Qt6_qml_QtQuick3D_SpatialAudio_plugins_qmltypes["plugins.qmltypes"]\n    Root --> node_venv["venv"]\n    node_venv --> node_venv_lib["lib"]\n    node_venv_lib --> node_venv_lib_python3_12["python3.12"]\n    node_venv_lib_python3_12 --> node_venv_lib_python3_12_site-packages["site-packages"]\n    node_venv_lib_python3_12_site-packages --> node_venv_lib_python3_12_site-packages_PyQt6["PyQt6"]\n    node_venv_lib_python3_12_site-packages_PyQt6 --> node_venv_lib_python3_12_site-packages_PyQt6_Qt6["Qt6"]\n    node_venv_lib_python3_12_site-packages_PyQt6_Qt6 --> node_venv_lib_python3_12_site-packages_PyQt6_Qt6_qml["qml"]\n    node_venv_lib_python3_12_site-packages_PyQt6_Qt6_qml --> node_venv_lib_python3_12_site-packages_PyQt6_Qt6_qml_QtQuick3D["QtQuick3D"]\n    node_venv_lib_python3_12_site-packages_PyQt6_Qt6_qml_QtQuick3D --> node_venv_lib_python3_12_site-packages_PyQt6_Qt6_qml_QtQuick3D_SpatialAudio["SpatialAudio"]\n    node_venv_lib_python3_12_site-packages_PyQt6_Qt6_qml_QtQuick3D_SpatialAudio --> node_venv_lib_python3_12_site-packages_PyQt6_Qt6_qml_QtQuick3D_SpatialAudio_qmldir["qmldir"]\n    Root --> node_venv["venv"]\n    node_venv --> node_venv_lib["lib"]\n    node_venv_lib --> node_venv_lib_python3_12["python3.12"]\n    node_venv_lib_python3_12 --> node_venv_lib_python3_12_site-packages["site-packages"]\n    node_venv_lib_python3_12_site-packages --> node_venv_lib_python3_12_site-packages_PyQt6["PyQt6"]\n    node_venv_lib_python3_12_site-packages_PyQt6 --> node_venv_lib_python3_12_site-packages_PyQt6_Qt6["Qt6"]\n    node_venv_lib_python3_12_site-packages_PyQt6_Qt6 --> node_venv_lib_python3_12_site-packages_PyQt6_Qt6_qml["qml"]\n    node_venv_lib_python3_12_site-packages_PyQt6_Qt6_qml --> node_venv_lib_python3_12_site-packages_PyQt6_Qt6_qml_QtQuick3D["QtQuick3D"]\n    node_venv_lib_python3_12_site-packages_PyQt6_Qt6_qml_QtQuick3D --> node_venv_lib_python3_12_site-packages_PyQt6_Qt6_qml_QtQuick3D_designer["designer"]\n    node_venv_lib_python3_12_site-packages_PyQt6_Qt6_qml_QtQuick3D_designer --> node_venv_lib_python3_12_site-packages_PyQt6_Qt6_qml_QtQuick3D_designer_AbstractLightSection_qml["AbstractLightSection.qml"]\n    Root --> node_venv["venv"]\n    node_venv --> node_venv_lib["lib"]\n    node_venv_lib --> node_venv_lib_python3_12["python3.12"]\n    node_venv_lib_python3_12 --> node_venv_lib_python3_12_site-packages["site-packages"]\n    node_venv_lib_python3_12_site-packages --> node_venv_lib_python3_12_site-packages_PyQt6["PyQt6"]\n    node_venv_lib_python3_12_site-packages_PyQt6 --> node_venv_lib_python3_12_site-packages_PyQt6_Qt6["Qt6"]\n    node_venv_lib_python3_12_site-packages_PyQt6_Qt6 --> node_venv_lib_python3_12_site-packages_PyQt6_Qt6_qml["qml"]\n    node_venv_lib_python3_12_site-packages_PyQt6_Qt6_qml --> node_venv_lib_python3_12_site-packages_PyQt6_Qt6_qml_QtQuick3D["QtQuick3D"]\n    node_venv_lib_python3_12_site-packages_PyQt6_Qt6_qml_QtQuick3D --> node_venv_lib_python3_12_site-packages_PyQt6_Qt6_qml_QtQuick3D_designer["designer"]\n    node_venv_lib_python3_12_site-packages_PyQt6_Qt6_qml_QtQuick3D_designer --> node_venv_lib_python3_12_site-packages_PyQt6_Qt6_qml_QtQuick3D_designer_BufferInputSection_qml["BufferInputSection.qml"]\n    Root --> node_venv["venv"]\n    node_venv --> node_venv_lib["lib"]\n    node_venv_lib --> node_venv_lib_python3_12["python3.12"]\n    node_venv_lib_python3_12 --> node_venv_lib_python3_12_site-packages["site-packages"]\n    node_venv_lib_python3_12_site-packages --> node_venv_lib_python3_12_site-packages_PyQt6["PyQt6"]\n    node_venv_lib_python3_12_site-packages_PyQt6 --> node_venv_lib_python3_12_site-packages_PyQt6_Qt6["Qt6"]\n    node_venv_lib_python3_12_site-packages_PyQt6_Qt6 --> node_venv_lib_python3_12_site-packages_PyQt6_Qt6_qml["qml"]\n    node_venv_lib_python3_12_site-packages_PyQt6_Qt6_qml --> node_venv_lib_python3_12_site-packages_PyQt6_Qt6_qml_QtQuick3D["QtQuick3D"]\n    node_venv_lib_python3_12_site-packages_PyQt6_Qt6_qml_QtQuick3D --> node_venv_lib_python3_12_site-packages_PyQt6_Qt6_qml_QtQuick3D_designer["designer"]\n    node_venv_lib_python3_12_site-packages_PyQt6_Qt6_qml_QtQuick3D_designer --> node_venv_lib_python3_12_site-packages_PyQt6_Qt6_qml_QtQuick3D_designer_BufferInputSpecifics_qml["BufferInputSpecifics.qml"]\n    Root --> node_venv["venv"]\n    node_venv --> node_venv_lib["lib"]\n    node_venv_lib --> node_venv_lib_python3_12["python3.12"]\n    node_venv_lib_python3_12 --> node_venv_lib_python3_12_site-packages["site-packages"]\n    node_venv_lib_python3_12_site-packages --> node_venv_lib_python3_12_site-packages_PyQt6["PyQt6"]\n    node_venv_lib_python3_12_site-packages_PyQt6 --> node_venv_lib_python3_12_site-packages_PyQt6_Qt6["Qt6"]\n    node_venv_lib_python3_12_site-packages_PyQt6_Qt6 --> node_venv_lib_python3_12_site-packages_PyQt6_Qt6_qml["qml"]\n    node_venv_lib_python3_12_site-packages_PyQt6_Qt6_qml --> node_venv_lib_python3_12_site-packages_PyQt6_Qt6_qml_QtQuick3D["QtQuick3D"]\n    node_venv_lib_python3_12_site-packages_PyQt6_Qt6_qml_QtQuick3D --> node_venv_lib_python3_12_site-packages_PyQt6_Qt6_qml_QtQuick3D_designer["designer"]\n    node_venv_lib_python3_12_site-packages_PyQt6_Qt6_qml_QtQuick3D_designer --> node_venv_lib_python3_12_site-packages_PyQt6_Qt6_qml_QtQuick3D_designer_BufferSection_qml["BufferSection.qml"]\n    Root --> node_venv["venv"]\n    node_venv --> node_venv_lib["lib"]\n    node_venv_lib --> node_venv_lib_python3_12["python3.12"]\n    node_venv_lib_python3_12 --> node_venv_lib_python3_12_site-packages["site-packages"]\n    node_venv_lib_python3_12_site-packages --> node_venv_lib_python3_12_site-packages_PyQt6["PyQt6"]\n    node_venv_lib_python3_12_site-packages_PyQt6 --> node_venv_lib_python3_12_site-packages_PyQt6_Qt6["Qt6"]\n    node_venv_lib_python3_12_site-packages_PyQt6_Qt6 --> node_venv_lib_python3_12_site-packages_PyQt6_Qt6_qml["qml"]\n    node_venv_lib_python3_12_site-packages_PyQt6_Qt6_qml --> node_venv_lib_python3_12_site-packages_PyQt6_Qt6_qml_QtQuick3D["QtQuick3D"]\n    node_venv_lib_python3_12_site-packages_PyQt6_Qt6_qml_QtQuick3D --> node_venv_lib_python3_12_site-packages_PyQt6_Qt6_qml_QtQuick3D_designer["designer"]\n    node_venv_lib_python3_12_site-packages_PyQt6_Qt6_qml_QtQuick3D_designer --> node_venv_lib_python3_12_site-packages_PyQt6_Qt6_qml_QtQuick3D_designer_BufferSpecifics_qml["BufferSpecifics.qml"]\n    Root --> node_venv["venv"]\n    node_venv --> node_venv_lib["lib"]\n    node_venv_lib --> node_venv_lib_python3_12["python3.12"]\n    node_venv_lib_python3_12 --> node_venv_lib_python3_12_site-packages["site-packages"]\n    node_venv_lib_python3_12_site-packages --> node_venv_lib_python3_12_site-packages_PyQt6["PyQt6"]\n    node_venv_lib_python3_12_site-packages_PyQt6 --> node_venv_lib_python3_12_site-packages_PyQt6_Qt6["Qt6"]\n    node_venv_lib_python3_12_site-packages_PyQt6_Qt6 --> node_venv_lib_python3_12_site-packages_PyQt6_Qt6_qml["qml"]\n    node_venv_lib_python3_12_site-packages_PyQt6_Qt6_qml --> node_venv_lib_python3_12_site-packages_PyQt6_Qt6_qml_QtQuick3D["QtQuick3D"]\n    node_venv_lib_python3_12_site-packages_PyQt6_Qt6_qml_QtQuick3D --> node_venv_lib_python3_12_site-packages_PyQt6_Qt6_qml_QtQuick3D_designer["designer"]\n    node_venv_lib_python3_12_site-packages_PyQt6_Qt6_qml_QtQuick3D_designer --> node_venv_lib_python3_12_site-packages_PyQt6_Qt6_qml_QtQuick3D_designer_CameraSection_qml["CameraSection.qml"]\n    Root --> node_venv["venv"]\n    node_venv --> node_venv_lib["lib"]\n    node_venv_lib --> node_venv_lib_python3_12["python3.12"]\n    node_venv_lib_python3_12 --> node_venv_lib_python3_12_site-packages["site-packages"]\n    node_venv_lib_python3_12_site-packages --> node_venv_lib_python3_12_site-packages_PyQt6["PyQt6"]\n    node_venv_lib_python3_12_site-packages_PyQt6 --> node_venv_lib_python3_12_site-packages_PyQt6_Qt6["Qt6"]\n    node_venv_lib_python3_12_site-packages_PyQt6_Qt6 --> node_venv_lib_python3_12_site-packages_PyQt6_Qt6_qml["qml"]\n    node_venv_lib_python3_12_site-packages_PyQt6_Qt6_qml --> node_venv_lib_python3_12_site-packages_PyQt6_Qt6_qml_QtQuick3D["QtQuick3D"]\n    node_venv_lib_python3_12_site-packages_PyQt6_Qt6_qml_QtQuick3D --> node_venv_lib_python3_12_site-packages_PyQt6_Qt6_qml_QtQuick3D_designer["designer"]\n    node_venv_lib_python3_12_site-packages_PyQt6_Qt6_qml_QtQuick3D_designer --> node_venv_lib_python3_12_site-packages_PyQt6_Qt6_qml_QtQuick3D_designer_CascadesSection_qml["CascadesSection.qml"]\n    Root --> node_venv["venv"]\n    node_venv --> node_venv_lib["lib"]\n    node_venv_lib --> node_venv_lib_python3_12["python3.12"]\n    node_venv_lib_python3_12 --> node_venv_lib_python3_12_site-packages["site-packages"]\n    node_venv_lib_python3_12_site-packages --> node_venv_lib_python3_12_site-packages_PyQt6["PyQt6"]\n    node_venv_lib_python3_12_site-packages_PyQt6 --> node_venv_lib_python3_12_site-packages_PyQt6_Qt6["Qt6"]\n    node_venv_lib_python3_12_site-packages_PyQt6_Qt6 --> node_venv_lib_python3_12_site-packages_PyQt6_Qt6_qml["qml"]\n    node_venv_lib_python3_12_site-packages_PyQt6_Qt6_qml --> node_venv_lib_python3_12_site-packages_PyQt6_Qt6_qml_QtQuick3D["QtQuick3D"]\n    node_venv_lib_python3_12_site-packages_PyQt6_Qt6_qml_QtQuick3D --> node_venv_lib_python3_12_site-packages_PyQt6_Qt6_qml_QtQuick3D_designer["designer"]\n    node_venv_lib_python3_12_site-packages_PyQt6_Qt6_qml_QtQuick3D_designer --> node_venv_lib_python3_12_site-packages_PyQt6_Qt6_qml_QtQuick3D_designer_CubeMapTextureSpecifics_qml["CubeMapTextureSpecifics.qml"]\n    Root --> node_venv["venv"]\n    node_venv --> node_venv_lib["lib"]\n    node_venv_lib --> node_venv_lib_python3_12["python3.12"]\n    node_venv_lib_python3_12 --> node_venv_lib_python3_12_site-packages["site-packages"]\n    node_venv_lib_python3_12_site-packages --> node_venv_lib_python3_12_site-packages_PyQt6["PyQt6"]\n    node_venv_lib_python3_12_site-packages_PyQt6 --> node_venv_lib_python3_12_site-packages_PyQt6_Qt6["Qt6"]\n    node_venv_lib_python3_12_site-packages_PyQt6_Qt6 --> node_venv_lib_python3_12_site-packages_PyQt6_Qt6_qml["qml"]\n    node_venv_lib_python3_12_site-packages_PyQt6_Qt6_qml --> node_venv_lib_python3_12_site-packages_PyQt6_Qt6_qml_QtQuick3D["QtQuick3D"]\n    node_venv_lib_python3_12_site-packages_PyQt6_Qt6_qml_QtQuick3D --> node_venv_lib_python3_12_site-packages_PyQt6_Qt6_qml_QtQuick3D_designer["designer"]\n    node_venv_lib_python3_12_site-packages_PyQt6_Qt6_qml_QtQuick3D_designer --> node_venv_lib_python3_12_site-packages_PyQt6_Qt6_qml_QtQuick3D_designer_CustomCameraSpecifics_qml["CustomCameraSpecifics.qml"]\n    Root --> node_venv["venv"]\n    node_venv --> node_venv_lib["lib"]\n    node_venv_lib --> node_venv_lib_python3_12["python3.12"]\n    node_venv_lib_python3_12 --> node_venv_lib_python3_12_site-packages["site-packages"]\n    node_venv_lib_python3_12_site-packages --> node_venv_lib_python3_12_site-packages_PyQt6["PyQt6"]\n    node_venv_lib_python3_12_site-packages_PyQt6 --> node_venv_lib_python3_12_site-packages_PyQt6_Qt6["Qt6"]\n    node_venv_lib_python3_12_site-packages_PyQt6_Qt6 --> node_venv_lib_python3_12_site-packages_PyQt6_Qt6_qml["qml"]\n    node_venv_lib_python3_12_site-packages_PyQt6_Qt6_qml --> node_venv_lib_python3_12_site-packages_PyQt6_Qt6_qml_QtQuick3D["QtQuick3D"]\n    node_venv_lib_python3_12_site-packages_PyQt6_Qt6_qml_QtQuick3D --> node_venv_lib_python3_12_site-packages_PyQt6_Qt6_qml_QtQuick3D_designer["designer"]\n    node_venv_lib_python3_12_site-packages_PyQt6_Qt6_qml_QtQuick3D_designer --> node_venv_lib_python3_12_site-packages_PyQt6_Qt6_qml_QtQuick3D_designer_CustomMaterialSection_qml["CustomMaterialSection.qml"]\n    Root --> node_venv["venv"]\n    node_venv --> node_venv_lib["lib"]\n    node_venv_lib --> node_venv_lib_python3_12["python3.12"]\n    node_venv_lib_python3_12 --> node_venv_lib_python3_12_site-packages["site-packages"]\n    node_venv_lib_python3_12_site-packages --> node_venv_lib_python3_12_site-packages_PyQt6["PyQt6"]\n    node_venv_lib_python3_12_site-packages_PyQt6 --> node_venv_lib_python3_12_site-packages_PyQt6_Qt6["Qt6"]\n    node_venv_lib_python3_12_site-packages_PyQt6_Qt6 --> node_venv_lib_python3_12_site-packages_PyQt6_Qt6_qml["qml"]\n    node_venv_lib_python3_12_site-packages_PyQt6_Qt6_qml --> node_venv_lib_python3_12_site-packages_PyQt6_Qt6_qml_QtQuick3D["QtQuick3D"]\n    node_venv_lib_python3_12_site-packages_PyQt6_Qt6_qml_QtQuick3D --> node_venv_lib_python3_12_site-packages_PyQt6_Qt6_qml_QtQuick3D_designer["designer"]\n    node_venv_lib_python3_12_site-packages_PyQt6_Qt6_qml_QtQuick3D_designer --> node_venv_lib_python3_12_site-packages_PyQt6_Qt6_qml_QtQuick3D_designer_CustomMaterialSpecifics_qml["CustomMaterialSpecifics.qml"]\n    Root --> node_venv["venv"]\n    node_venv --> node_venv_lib["lib"]\n    node_venv_lib --> node_venv_lib_python3_12["python3.12"]\n    node_venv_lib_python3_12 --> node_venv_lib_python3_12_site-packages["site-packages"]\n    node_venv_lib_python3_12_site-packages --> node_venv_lib_python3_12_site-packages_PyQt6["PyQt6"]\n    node_venv_lib_python3_12_site-packages_PyQt6 --> node_venv_lib_python3_12_site-packages_PyQt6_Qt6["Qt6"]\n    node_venv_lib_python3_12_site-packages_PyQt6_Qt6 --> node_venv_lib_python3_12_site-packages_PyQt6_Qt6_qml["qml"]\n    node_venv_lib_python3_12_site-packages_PyQt6_Qt6_qml --> node_venv_lib_python3_12_site-packages_PyQt6_Qt6_qml_QtQuick3D["QtQuick3D"]\n    node_venv_lib_python3_12_site-packages_PyQt6_Qt6_qml_QtQuick3D --> node_venv_lib_python3_12_site-packages_PyQt6_Qt6_qml_QtQuick3D_designer["designer"]\n    node_venv_lib_python3_12_site-packages_PyQt6_Qt6_qml_QtQuick3D_designer --> node_venv_lib_python3_12_site-packages_PyQt6_Qt6_qml_QtQuick3D_designer_DebugSettingsSection_qml["DebugSettingsSection.qml"]\n    Root --> node_venv["venv"]\n    node_venv --> node_venv_lib["lib"]\n    node_venv_lib --> node_venv_lib_python3_12["python3.12"]\n    node_venv_lib_python3_12 --> node_venv_lib_python3_12_site-packages["site-packages"]\n    node_venv_lib_python3_12_site-packages --> node_venv_lib_python3_12_site-packages_PyQt6["PyQt6"]\n    node_venv_lib_python3_12_site-packages_PyQt6 --> node_venv_lib_python3_12_site-packages_PyQt6_Qt6["Qt6"]\n    node_venv_lib_python3_12_site-packages_PyQt6_Qt6 --> node_venv_lib_python3_12_site-packages_PyQt6_Qt6_qml["qml"]\n    node_venv_lib_python3_12_site-packages_PyQt6_Qt6_qml --> node_venv_lib_python3_12_site-packages_PyQt6_Qt6_qml_QtQuick3D["QtQuick3D"]\n    node_venv_lib_python3_12_site-packages_PyQt6_Qt6_qml_QtQuick3D --> node_venv_lib_python3_12_site-packages_PyQt6_Qt6_qml_QtQuick3D_designer["designer"]\n    node_venv_lib_python3_12_site-packages_PyQt6_Qt6_qml_QtQuick3D_designer --> node_venv_lib_python3_12_site-packages_PyQt6_Qt6_qml_QtQuick3D_designer_DebugSettingsSpecifics_qml["DebugSettingsSpecifics.qml"]\n    Root --> node_venv["venv"]\n    node_venv --> node_venv_lib["lib"]\n    node_venv_lib --> node_venv_lib_python3_12["python3.12"]\n    node_venv_lib_python3_12 --> node_venv_lib_python3_12_site-packages["site-packages"]\n    node_venv_lib_python3_12_site-packages --> node_venv_lib_python3_12_site-packages_PyQt6["PyQt6"]\n    node_venv_lib_python3_12_site-packages_PyQt6 --> node_venv_lib_python3_12_site-packages_PyQt6_Qt6["Qt6"]\n    node_venv_lib_python3_12_site-packages_PyQt6_Qt6 --> node_venv_lib_python3_12_site-packages_PyQt6_Qt6_qml["qml"]\n    node_venv_lib_python3_12_site-packages_PyQt6_Qt6_qml --> node_venv_lib_python3_12_site-packages_PyQt6_Qt6_qml_QtQuick3D["QtQuick3D"]\n    node_venv_lib_python3_12_site-packages_PyQt6_Qt6_qml_QtQuick3D --> node_venv_lib_python3_12_site-packages_PyQt6_Qt6_qml_QtQuick3D_designer["designer"]\n    node_venv_lib_python3_12_site-packages_PyQt6_Qt6_qml_QtQuick3D_designer --> node_venv_lib_python3_12_site-packages_PyQt6_Qt6_qml_QtQuick3D_designer_DefaultMaterialSection_qml["DefaultMaterialSection.qml"]\n    Root --> node_venv["venv"]\n    node_venv --> node_venv_lib["lib"]\n    node_venv_lib --> node_venv_lib_python3_12["python3.12"]\n    node_venv_lib_python3_12 --> node_venv_lib_python3_12_site-packages["site-packages"]\n    node_venv_lib_python3_12_site-packages --> node_venv_lib_python3_12_site-packages_PyQt6["PyQt6"]\n    node_venv_lib_python3_12_site-packages_PyQt6 --> node_venv_lib_python3_12_site-packages_PyQt6_Qt6["Qt6"]\n    node_venv_lib_python3_12_site-packages_PyQt6_Qt6 --> node_venv_lib_python3_12_site-packages_PyQt6_Qt6_qml["qml"]\n    node_venv_lib_python3_12_site-packages_PyQt6_Qt6_qml --> node_venv_lib_python3_12_site-packages_PyQt6_Qt6_qml_QtQuick3D["QtQuick3D"]\n    node_venv_lib_python3_12_site-packages_PyQt6_Qt6_qml_QtQuick3D --> node_venv_lib_python3_12_site-packages_PyQt6_Qt6_qml_QtQuick3D_designer["designer"]\n    node_venv_lib_python3_12_site-packages_PyQt6_Qt6_qml_QtQuick3D_designer --> node_venv_lib_python3_12_site-packages_PyQt6_Qt6_qml_QtQuick3D_designer_DefaultMaterialSpecifics_qml["DefaultMaterialSpecifics.qml"]\n    Root --> node_venv["venv"]\n    node_venv --> node_venv_lib["lib"]\n    node_venv_lib --> node_venv_lib_python3_12["python3.12"]\n    node_venv_lib_python3_12 --> node_venv_lib_python3_12_site-packages["site-packages"]\n    node_venv_lib_python3_12_site-packages --> node_venv_lib_python3_12_site-packages_PyQt6["PyQt6"]\n    node_venv_lib_python3_12_site-packages_PyQt6 --> node_venv_lib_python3_12_site-packages_PyQt6_Qt6["Qt6"]\n    node_venv_lib_python3_12_site-packages_PyQt6_Qt6 --> node_venv_lib_python3_12_site-packages_PyQt6_Qt6_qml["qml"]\n    node_venv_lib_python3_12_site-packages_PyQt6_Qt6_qml --> node_venv_lib_python3_12_site-packages_PyQt6_Qt6_qml_QtQuick3D["QtQuick3D"]\n    node_venv_lib_python3_12_site-packages_PyQt6_Qt6_qml_QtQuick3D --> node_venv_lib_python3_12_site-packages_PyQt6_Qt6_qml_QtQuick3D_designer["designer"]\n    node_venv_lib_python3_12_site-packages_PyQt6_Qt6_qml_QtQuick3D_designer --> node_venv_lib_python3_12_site-packages_PyQt6_Qt6_qml_QtQuick3D_designer_DirectionalLightSection_qml["DirectionalLightSection.qml"]\n    Root --> node_venv["venv"]\n    node_venv --> node_venv_lib["lib"]\n    node_venv_lib --> node_venv_lib_python3_12["python3.12"]\n    node_venv_lib_python3_12 --> node_venv_lib_python3_12_site-packages["site-packages"]\n    node_venv_lib_python3_12_site-packages --> node_venv_lib_python3_12_site-packages_PyQt6["PyQt6"]\n    node_venv_lib_python3_12_site-packages_PyQt6 --> node_venv_lib_python3_12_site-packages_PyQt6_Qt6["Qt6"]\n    node_venv_lib_python3_12_site-packages_PyQt6_Qt6 --> node_venv_lib_python3_12_site-packages_PyQt6_Qt6_qml["qml"]\n    node_venv_lib_python3_12_site-packages_PyQt6_Qt6_qml --> node_venv_lib_python3_12_site-packages_PyQt6_Qt6_qml_QtQuick3D["QtQuick3D"]\n    node_venv_lib_python3_12_site-packages_PyQt6_Qt6_qml_QtQuick3D --> node_venv_lib_python3_12_site-packages_PyQt6_Qt6_qml_QtQuick3D_designer["designer"]\n    node_venv_lib_python3_12_site-packages_PyQt6_Qt6_qml_QtQuick3D_designer --> node_venv_lib_python3_12_site-packages_PyQt6_Qt6_qml_QtQuick3D_designer_DirectionalLightSpecifics_qml["DirectionalLightSpecifics.qml"]\n    Root --> node_venv["venv"]\n    node_venv --> node_venv_lib["lib"]\n    node_venv_lib --> node_venv_lib_python3_12["python3.12"]\n    node_venv_lib_python3_12 --> node_venv_lib_python3_12_site-packages["site-packages"]\n    node_venv_lib_python3_12_site-packages --> node_venv_lib_python3_12_site-packages_PyQt6["PyQt6"]\n    node_venv_lib_python3_12_site-packages_PyQt6 --> node_venv_lib_python3_12_site-packages_PyQt6_Qt6["Qt6"]\n    node_venv_lib_python3_12_site-packages_PyQt6_Qt6 --> node_venv_lib_python3_12_site-packages_PyQt6_Qt6_qml["qml"]\n    node_venv_lib_python3_12_site-packages_PyQt6_Qt6_qml --> node_venv_lib_python3_12_site-packages_PyQt6_Qt6_qml_QtQuick3D["QtQuick3D"]\n    node_venv_lib_python3_12_site-packages_PyQt6_Qt6_qml_QtQuick3D --> node_venv_lib_python3_12_site-packages_PyQt6_Qt6_qml_QtQuick3D_designer["designer"]\n    node_venv_lib_python3_12_site-packages_PyQt6_Qt6_qml_QtQuick3D_designer --> node_venv_lib_python3_12_site-packages_PyQt6_Qt6_qml_QtQuick3D_designer_EffectSection_qml["EffectSection.qml"]\n    Root --> node_venv["venv"]\n    node_venv --> node_venv_lib["lib"]\n    node_venv_lib --> node_venv_lib_python3_12["python3.12"]\n    node_venv_lib_python3_12 --> node_venv_lib_python3_12_site-packages["site-packages"]\n    node_venv_lib_python3_12_site-packages --> node_venv_lib_python3_12_site-packages_PyQt6["PyQt6"]\n    node_venv_lib_python3_12_site-packages_PyQt6 --> node_venv_lib_python3_12_site-packages_PyQt6_Qt6["Qt6"]\n    node_venv_lib_python3_12_site-packages_PyQt6_Qt6 --> node_venv_lib_python3_12_site-packages_PyQt6_Qt6_qml["qml"]\n    node_venv_lib_python3_12_site-packages_PyQt6_Qt6_qml --> node_venv_lib_python3_12_site-packages_PyQt6_Qt6_qml_QtQuick3D["QtQuick3D"]\n    node_venv_lib_python3_12_site-packages_PyQt6_Qt6_qml_QtQuick3D --> node_venv_lib_python3_12_site-packages_PyQt6_Qt6_qml_QtQuick3D_designer["designer"]\n    node_venv_lib_python3_12_site-packages_PyQt6_Qt6_qml_QtQuick3D_designer --> node_venv_lib_python3_12_site-packages_PyQt6_Qt6_qml_QtQuick3D_designer_EffectSpecifics_qml["EffectSpecifics.qml"]\n    Root --> node_venv["venv"]\n    node_venv --> node_venv_lib["lib"]\n    node_venv_lib --> node_venv_lib_python3_12["python3.12"]\n    node_venv_lib_python3_12 --> node_venv_lib_python3_12_site-packages["site-packages"]\n    node_venv_lib_python3_12_site-packages --> node_venv_lib_python3_12_site-packages_PyQt6["PyQt6"]\n    node_venv_lib_python3_12_site-packages_PyQt6 --> node_venv_lib_python3_12_site-packages_PyQt6_Qt6["Qt6"]\n    node_venv_lib_python3_12_site-packages_PyQt6_Qt6 --> node_venv_lib_python3_12_site-packages_PyQt6_Qt6_qml["qml"]\n    node_venv_lib_python3_12_site-packages_PyQt6_Qt6_qml --> node_venv_lib_python3_12_site-packages_PyQt6_Qt6_qml_QtQuick3D["QtQuick3D"]\n    node_venv_lib_python3_12_site-packages_PyQt6_Qt6_qml_QtQuick3D --> node_venv_lib_python3_12_site-packages_PyQt6_Qt6_qml_QtQuick3D_designer["designer"]\n    node_venv_lib_python3_12_site-packages_PyQt6_Qt6_qml_QtQuick3D_designer --> node_venv_lib_python3_12_site-packages_PyQt6_Qt6_qml_QtQuick3D_designer_FileInstancingSection_qml["FileInstancingSection.qml"]\n    Root --> node_venv["venv"]\n    node_venv --> node_venv_lib["lib"]\n    node_venv_lib --> node_venv_lib_python3_12["python3.12"]\n    node_venv_lib_python3_12 --> node_venv_lib_python3_12_site-packages["site-packages"]\n    node_venv_lib_python3_12_site-packages --> node_venv_lib_python3_12_site-packages_PyQt6["PyQt6"]\n    node_venv_lib_python3_12_site-packages_PyQt6 --> node_venv_lib_python3_12_site-packages_PyQt6_Qt6["Qt6"]\n    node_venv_lib_python3_12_site-packages_PyQt6_Qt6 --> node_venv_lib_python3_12_site-packages_PyQt6_Qt6_qml["qml"]\n    node_venv_lib_python3_12_site-packages_PyQt6_Qt6_qml --> node_venv_lib_python3_12_site-packages_PyQt6_Qt6_qml_QtQuick3D["QtQuick3D"]\n    node_venv_lib_python3_12_site-packages_PyQt6_Qt6_qml_QtQuick3D --> node_venv_lib_python3_12_site-packages_PyQt6_Qt6_qml_QtQuick3D_designer["designer"]\n    node_venv_lib_python3_12_site-packages_PyQt6_Qt6_qml_QtQuick3D_designer --> node_venv_lib_python3_12_site-packages_PyQt6_Qt6_qml_QtQuick3D_designer_FileInstancingSpecifics_qml["FileInstancingSpecifics.qml"]\n    Root --> node_venv["venv"]\n    node_venv --> node_venv_lib["lib"]\n    node_venv_lib --> node_venv_lib_python3_12["python3.12"]\n    node_venv_lib_python3_12 --> node_venv_lib_python3_12_site-packages["site-packages"]\n    node_venv_lib_python3_12_site-packages --> node_venv_lib_python3_12_site-packages_PyQt6["PyQt6"]\n    node_venv_lib_python3_12_site-packages_PyQt6 --> node_venv_lib_python3_12_site-packages_PyQt6_Qt6["Qt6"]\n    node_venv_lib_python3_12_site-packages_PyQt6_Qt6 --> node_venv_lib_python3_12_site-packages_PyQt6_Qt6_qml["qml"]\n    node_venv_lib_python3_12_site-packages_PyQt6_Qt6_qml --> node_venv_lib_python3_12_site-packages_PyQt6_Qt6_qml_QtQuick3D["QtQuick3D"]\n    node_venv_lib_python3_12_site-packages_PyQt6_Qt6_qml_QtQuick3D --> node_venv_lib_python3_12_site-packages_PyQt6_Qt6_qml_QtQuick3D_designer["designer"]\n    node_venv_lib_python3_12_site-packages_PyQt6_Qt6_qml_QtQuick3D_designer --> node_venv_lib_python3_12_site-packages_PyQt6_Qt6_qml_QtQuick3D_designer_FogSection_qml["FogSection.qml"]\n    Root --> node_venv["venv"]\n    node_venv --> node_venv_lib["lib"]\n    node_venv_lib --> node_venv_lib_python3_12["python3.12"]\n    node_venv_lib_python3_12 --> node_venv_lib_python3_12_site-packages["site-packages"]\n    node_venv_lib_python3_12_site-packages --> node_venv_lib_python3_12_site-packages_PyQt6["PyQt6"]\n    node_venv_lib_python3_12_site-packages_PyQt6 --> node_venv_lib_python3_12_site-packages_PyQt6_Qt6["Qt6"]\n    node_venv_lib_python3_12_site-packages_PyQt6_Qt6 --> node_venv_lib_python3_12_site-packages_PyQt6_Qt6_qml["qml"]\n    node_venv_lib_python3_12_site-packages_PyQt6_Qt6_qml --> node_venv_lib_python3_12_site-packages_PyQt6_Qt6_qml_QtQuick3D["QtQuick3D"]\n    node_venv_lib_python3_12_site-packages_PyQt6_Qt6_qml_QtQuick3D --> node_venv_lib_python3_12_site-packages_PyQt6_Qt6_qml_QtQuick3D_designer["designer"]\n    node_venv_lib_python3_12_site-packages_PyQt6_Qt6_qml_QtQuick3D_designer --> node_venv_lib_python3_12_site-packages_PyQt6_Qt6_qml_QtQuick3D_designer_FogSpecifics_qml["FogSpecifics.qml"]\n    Root --> node_venv["venv"]\n    node_venv --> node_venv_lib["lib"]\n    node_venv_lib --> node_venv_lib_python3_12["python3.12"]\n    node_venv_lib_python3_12 --> node_venv_lib_python3_12_site-packages["site-packages"]\n    node_venv_lib_python3_12_site-packages --> node_venv_lib_python3_12_site-packages_PyQt6["PyQt6"]\n    node_venv_lib_python3_12_site-packages_PyQt6 --> node_venv_lib_python3_12_site-packages_PyQt6_Qt6["Qt6"]\n    node_venv_lib_python3_12_site-packages_PyQt6_Qt6 --> node_venv_lib_python3_12_site-packages_PyQt6_Qt6_qml["qml"]\n    node_venv_lib_python3_12_site-packages_PyQt6_Qt6_qml --> node_venv_lib_python3_12_site-packages_PyQt6_Qt6_qml_QtQuick3D["QtQuick3D"]\n    node_venv_lib_python3_12_site-packages_PyQt6_Qt6_qml_QtQuick3D --> node_venv_lib_python3_12_site-packages_PyQt6_Qt6_qml_QtQuick3D_designer["designer"]\n    node_venv_lib_python3_12_site-packages_PyQt6_Qt6_qml_QtQuick3D_designer --> node_venv_lib_python3_12_site-packages_PyQt6_Qt6_qml_QtQuick3D_designer_FrustumCameraSection_qml["FrustumCameraSection.qml"]\n    Root --> node_venv["venv"]\n    node_venv --> node_venv_lib["lib"]\n    node_venv_lib --> node_venv_lib_python3_12["python3.12"]\n    node_venv_lib_python3_12 --> node_venv_lib_python3_12_site-packages["site-packages"]\n    node_venv_lib_python3_12_site-packages --> node_venv_lib_python3_12_site-packages_PyQt6["PyQt6"]\n    node_venv_lib_python3_12_site-packages_PyQt6 --> node_venv_lib_python3_12_site-packages_PyQt6_Qt6["Qt6"]\n    node_venv_lib_python3_12_site-packages_PyQt6_Qt6 --> node_venv_lib_python3_12_site-packages_PyQt6_Qt6_qml["qml"]\n    node_venv_lib_python3_12_site-packages_PyQt6_Qt6_qml --> node_venv_lib_python3_12_site-packages_PyQt6_Qt6_qml_QtQuick3D["QtQuick3D"]\n    node_venv_lib_python3_12_site-packages_PyQt6_Qt6_qml_QtQuick3D --> node_venv_lib_python3_12_site-packages_PyQt6_Qt6_qml_QtQuick3D_designer["designer"]\n    node_venv_lib_python3_12_site-packages_PyQt6_Qt6_qml_QtQuick3D_designer --> node_venv_lib_python3_12_site-packages_PyQt6_Qt6_qml_QtQuick3D_designer_FrustumCameraSpecifics_qml["FrustumCameraSpecifics.qml"]\n    Root --> node_venv["venv"]\n    node_venv --> node_venv_lib["lib"]\n    node_venv_lib --> node_venv_lib_python3_12["python3.12"]\n    node_venv_lib_python3_12 --> node_venv_lib_python3_12_site-packages["site-packages"]\n    node_venv_lib_python3_12_site-packages --> node_venv_lib_python3_12_site-packages_PyQt6["PyQt6"]\n    node_venv_lib_python3_12_site-packages_PyQt6 --> node_venv_lib_python3_12_site-packages_PyQt6_Qt6["Qt6"]\n    node_venv_lib_python3_12_site-packages_PyQt6_Qt6 --> node_venv_lib_python3_12_site-packages_PyQt6_Qt6_qml["qml"]\n    node_venv_lib_python3_12_site-packages_PyQt6_Qt6_qml --> node_venv_lib_python3_12_site-packages_PyQt6_Qt6_qml_QtQuick3D["QtQuick3D"]\n    node_venv_lib_python3_12_site-packages_PyQt6_Qt6_qml_QtQuick3D --> node_venv_lib_python3_12_site-packages_PyQt6_Qt6_qml_QtQuick3D_designer["designer"]\n    node_venv_lib_python3_12_site-packages_PyQt6_Qt6_qml_QtQuick3D_designer --> node_venv_lib_python3_12_site-packages_PyQt6_Qt6_qml_QtQuick3D_designer_InstanceListEntrySection_qml["InstanceListEntrySection.qml"]\n    Root --> node_venv["venv"]\n    node_venv --> node_venv_lib["lib"]\n    node_venv_lib --> node_venv_lib_python3_12["python3.12"]\n    node_venv_lib_python3_12 --> node_venv_lib_python3_12_site-packages["site-packages"]\n    node_venv_lib_python3_12_site-packages --> node_venv_lib_python3_12_site-packages_PyQt6["PyQt6"]\n    node_venv_lib_python3_12_site-packages_PyQt6 --> node_venv_lib_python3_12_site-packages_PyQt6_Qt6["Qt6"]\n    node_venv_lib_python3_12_site-packages_PyQt6_Qt6 --> node_venv_lib_python3_12_site-packages_PyQt6_Qt6_qml["qml"]\n    node_venv_lib_python3_12_site-packages_PyQt6_Qt6_qml --> node_venv_lib_python3_12_site-packages_PyQt6_Qt6_qml_QtQuick3D["QtQuick3D"]\n    node_venv_lib_python3_12_site-packages_PyQt6_Qt6_qml_QtQuick3D --> node_venv_lib_python3_12_site-packages_PyQt6_Qt6_qml_QtQuick3D_designer["designer"]\n    node_venv_lib_python3_12_site-packages_PyQt6_Qt6_qml_QtQuick3D_designer --> node_venv_lib_python3_12_site-packages_PyQt6_Qt6_qml_QtQuick3D_designer_InstanceListEntrySpecifics_qml["InstanceListEntrySpecifics.qml"]\n    Root --> node_venv["venv"]\n    node_venv --> node_venv_lib["lib"]\n    node_venv_lib --> node_venv_lib_python3_12["python3.12"]\n    node_venv_lib_python3_12 --> node_venv_lib_python3_12_site-packages["site-packages"]\n    node_venv_lib_python3_12_site-packages --> node_venv_lib_python3_12_site-packages_PyQt6["PyQt6"]\n    node_venv_lib_python3_12_site-packages_PyQt6 --> node_venv_lib_python3_12_site-packages_PyQt6_Qt6["Qt6"]\n    node_venv_lib_python3_12_site-packages_PyQt6_Qt6 --> node_venv_lib_python3_12_site-packages_PyQt6_Qt6_qml["qml"]\n    node_venv_lib_python3_12_site-packages_PyQt6_Qt6_qml --> node_venv_lib_python3_12_site-packages_PyQt6_Qt6_qml_QtQuick3D["QtQuick3D"]\n    node_venv_lib_python3_12_site-packages_PyQt6_Qt6_qml_QtQuick3D --> node_venv_lib_python3_12_site-packages_PyQt6_Qt6_qml_QtQuick3D_designer["designer"]\n    node_venv_lib_python3_12_site-packages_PyQt6_Qt6_qml_QtQuick3D_designer --> node_venv_lib_python3_12_site-packages_PyQt6_Qt6_qml_QtQuick3D_designer_InstanceListSection_qml["InstanceListSection.qml"]\n    Root --> node_venv["venv"]\n    node_venv --> node_venv_lib["lib"]\n    node_venv_lib --> node_venv_lib_python3_12["python3.12"]\n    node_venv_lib_python3_12 --> node_venv_lib_python3_12_site-packages["site-packages"]\n    node_venv_lib_python3_12_site-packages --> node_venv_lib_python3_12_site-packages_PyQt6["PyQt6"]\n    node_venv_lib_python3_12_site-packages_PyQt6 --> node_venv_lib_python3_12_site-packages_PyQt6_Qt6["Qt6"]\n    node_venv_lib_python3_12_site-packages_PyQt6_Qt6 --> node_venv_lib_python3_12_site-packages_PyQt6_Qt6_qml["qml"]\n    node_venv_lib_python3_12_site-packages_PyQt6_Qt6_qml --> node_venv_lib_python3_12_site-packages_PyQt6_Qt6_qml_QtQuick3D["QtQuick3D"]\n    node_venv_lib_python3_12_site-packages_PyQt6_Qt6_qml_QtQuick3D --> node_venv_lib_python3_12_site-packages_PyQt6_Qt6_qml_QtQuick3D_designer["designer"]\n    node_venv_lib_python3_12_site-packages_PyQt6_Qt6_qml_QtQuick3D_designer --> node_venv_lib_python3_12_site-packages_PyQt6_Qt6_qml_QtQuick3D_designer_InstanceListSpecifics_qml["InstanceListSpecifics.qml"]\n    Root --> node_venv["venv"]\n    node_venv --> node_venv_lib["lib"]\n    node_venv_lib --> node_venv_lib_python3_12["python3.12"]\n    node_venv_lib_python3_12 --> node_venv_lib_python3_12_site-packages["site-packages"]\n    node_venv_lib_python3_12_site-packages --> node_venv_lib_python3_12_site-packages_PyQt6["PyQt6"]\n    node_venv_lib_python3_12_site-packages_PyQt6 --> node_venv_lib_python3_12_site-packages_PyQt6_Qt6["Qt6"]\n    node_venv_lib_python3_12_site-packages_PyQt6_Qt6 --> node_venv_lib_python3_12_site-packages_PyQt6_Qt6_qml["qml"]\n    node_venv_lib_python3_12_site-packages_PyQt6_Qt6_qml --> node_venv_lib_python3_12_site-packages_PyQt6_Qt6_qml_QtQuick3D["QtQuick3D"]\n    node_venv_lib_python3_12_site-packages_PyQt6_Qt6_qml_QtQuick3D --> node_venv_lib_python3_12_site-packages_PyQt6_Qt6_qml_QtQuick3D_designer["designer"]\n    node_venv_lib_python3_12_site-packages_PyQt6_Qt6_qml_QtQuick3D_designer --> node_venv_lib_python3_12_site-packages_PyQt6_Qt6_qml_QtQuick3D_designer_InstancingSection_qml["InstancingSection.qml"]\n    Root --> node_venv["venv"]\n    node_venv --> node_venv_lib["lib"]\n    node_venv_lib --> node_venv_lib_python3_12["python3.12"]\n    node_venv_lib_python3_12 --> node_venv_lib_python3_12_site-packages["site-packages"]\n    node_venv_lib_python3_12_site-packages --> node_venv_lib_python3_12_site-packages_PyQt6["PyQt6"]\n    node_venv_lib_python3_12_site-packages_PyQt6 --> node_venv_lib_python3_12_site-packages_PyQt6_Qt6["Qt6"]\n    node_venv_lib_python3_12_site-packages_PyQt6_Qt6 --> node_venv_lib_python3_12_site-packages_PyQt6_Qt6_qml["qml"]\n    node_venv_lib_python3_12_site-packages_PyQt6_Qt6_qml --> node_venv_lib_python3_12_site-packages_PyQt6_Qt6_qml_QtQuick3D["QtQuick3D"]\n    node_venv_lib_python3_12_site-packages_PyQt6_Qt6_qml_QtQuick3D --> node_venv_lib_python3_12_site-packages_PyQt6_Qt6_qml_QtQuick3D_designer["designer"]\n    node_venv_lib_python3_12_site-packages_PyQt6_Qt6_qml_QtQuick3D_designer --> node_venv_lib_python3_12_site-packages_PyQt6_Qt6_qml_QtQuick3D_designer_JointSection_qml["JointSection.qml"]\n    Root --> node_venv["venv"]\n    node_venv --> node_venv_lib["lib"]\n    node_venv_lib --> node_venv_lib_python3_12["python3.12"]\n    node_venv_lib_python3_12 --> node_venv_lib_python3_12_site-packages["site-packages"]\n    node_venv_lib_python3_12_site-packages --> node_venv_lib_python3_12_site-packages_PyQt6["PyQt6"]\n    node_venv_lib_python3_12_site-packages_PyQt6 --> node_venv_lib_python3_12_site-packages_PyQt6_Qt6["Qt6"]\n    node_venv_lib_python3_12_site-packages_PyQt6_Qt6 --> node_venv_lib_python3_12_site-packages_PyQt6_Qt6_qml["qml"]\n    node_venv_lib_python3_12_site-packages_PyQt6_Qt6_qml --> node_venv_lib_python3_12_site-packages_PyQt6_Qt6_qml_QtQuick3D["QtQuick3D"]\n    node_venv_lib_python3_12_site-packages_PyQt6_Qt6_qml_QtQuick3D --> node_venv_lib_python3_12_site-packages_PyQt6_Qt6_qml_QtQuick3D_designer["designer"]\n    node_venv_lib_python3_12_site-packages_PyQt6_Qt6_qml_QtQuick3D_designer --> node_venv_lib_python3_12_site-packages_PyQt6_Qt6_qml_QtQuick3D_designer_JointSpecifics_qml["JointSpecifics.qml"]\n    Root --> node_venv["venv"]\n    node_venv --> node_venv_lib["lib"]\n    node_venv_lib --> node_venv_lib_python3_12["python3.12"]\n    node_venv_lib_python3_12 --> node_venv_lib_python3_12_site-packages["site-packages"]\n    node_venv_lib_python3_12_site-packages --> node_venv_lib_python3_12_site-packages_PyQt6["PyQt6"]\n    node_venv_lib_python3_12_site-packages_PyQt6 --> node_venv_lib_python3_12_site-packages_PyQt6_Qt6["Qt6"]\n    node_venv_lib_python3_12_site-packages_PyQt6_Qt6 --> node_venv_lib_python3_12_site-packages_PyQt6_Qt6_qml["qml"]\n    node_venv_lib_python3_12_site-packages_PyQt6_Qt6_qml --> node_venv_lib_python3_12_site-packages_PyQt6_Qt6_qml_QtQuick3D["QtQuick3D"]\n    node_venv_lib_python3_12_site-packages_PyQt6_Qt6_qml_QtQuick3D --> node_venv_lib_python3_12_site-packages_PyQt6_Qt6_qml_QtQuick3D_designer["designer"]\n    node_venv_lib_python3_12_site-packages_PyQt6_Qt6_qml_QtQuick3D_designer --> node_venv_lib_python3_12_site-packages_PyQt6_Qt6_qml_QtQuick3D_designer_LightmapperSection_qml["LightmapperSection.qml"]\n    Root --> node_venv["venv"]\n    node_venv --> node_venv_lib["lib"]\n    node_venv_lib --> node_venv_lib_python3_12["python3.12"]\n    node_venv_lib_python3_12 --> node_venv_lib_python3_12_site-packages["site-packages"]\n    node_venv_lib_python3_12_site-packages --> node_venv_lib_python3_12_site-packages_PyQt6["PyQt6"]\n    node_venv_lib_python3_12_site-packages_PyQt6 --> node_venv_lib_python3_12_site-packages_PyQt6_Qt6["Qt6"]\n    node_venv_lib_python3_12_site-packages_PyQt6_Qt6 --> node_venv_lib_python3_12_site-packages_PyQt6_Qt6_qml["qml"]\n    node_venv_lib_python3_12_site-packages_PyQt6_Qt6_qml --> node_venv_lib_python3_12_site-packages_PyQt6_Qt6_qml_QtQuick3D["QtQuick3D"]\n    node_venv_lib_python3_12_site-packages_PyQt6_Qt6_qml_QtQuick3D --> node_venv_lib_python3_12_site-packages_PyQt6_Qt6_qml_QtQuick3D_designer["designer"]\n    node_venv_lib_python3_12_site-packages_PyQt6_Qt6_qml_QtQuick3D_designer --> node_venv_lib_python3_12_site-packages_PyQt6_Qt6_qml_QtQuick3D_designer_LightmapperSpecifics_qml["LightmapperSpecifics.qml"]\n    Root --> node_venv["venv"]\n    node_venv --> node_venv_lib["lib"]\n    node_venv_lib --> node_venv_lib_python3_12["python3.12"]\n    node_venv_lib_python3_12 --> node_venv_lib_python3_12_site-packages["site-packages"]\n    node_venv_lib_python3_12_site-packages --> node_venv_lib_python3_12_site-packages_PyQt6["PyQt6"]\n    node_venv_lib_python3_12_site-packages_PyQt6 --> node_venv_lib_python3_12_site-packages_PyQt6_Qt6["Qt6"]\n    node_venv_lib_python3_12_site-packages_PyQt6_Qt6 --> node_venv_lib_python3_12_site-packages_PyQt6_Qt6_qml["qml"]\n    node_venv_lib_python3_12_site-packages_PyQt6_Qt6_qml --> node_venv_lib_python3_12_site-packages_PyQt6_Qt6_qml_QtQuick3D["QtQuick3D"]\n    node_venv_lib_python3_12_site-packages_PyQt6_Qt6_qml_QtQuick3D --> node_venv_lib_python3_12_site-packages_PyQt6_Qt6_qml_QtQuick3D_designer["designer"]\n    node_venv_lib_python3_12_site-packages_PyQt6_Qt6_qml_QtQuick3D_designer --> node_venv_lib_python3_12_site-packages_PyQt6_Qt6_qml_QtQuick3D_designer_Loader3DSection_qml["Loader3DSection.qml"]\n    Root --> node_venv["venv"]\n    node_venv --> node_venv_lib["lib"]\n    node_venv_lib --> node_venv_lib_python3_12["python3.12"]\n    node_venv_lib_python3_12 --> node_venv_lib_python3_12_site-packages["site-packages"]\n    node_venv_lib_python3_12_site-packages --> node_venv_lib_python3_12_site-packages_PyQt6["PyQt6"]\n    node_venv_lib_python3_12_site-packages_PyQt6 --> node_venv_lib_python3_12_site-packages_PyQt6_Qt6["Qt6"]\n    node_venv_lib_python3_12_site-packages_PyQt6_Qt6 --> node_venv_lib_python3_12_site-packages_PyQt6_Qt6_qml["qml"]\n    node_venv_lib_python3_12_site-packages_PyQt6_Qt6_qml --> node_venv_lib_python3_12_site-packages_PyQt6_Qt6_qml_QtQuick3D["QtQuick3D"]\n    node_venv_lib_python3_12_site-packages_PyQt6_Qt6_qml_QtQuick3D --> node_venv_lib_python3_12_site-packages_PyQt6_Qt6_qml_QtQuick3D_designer["designer"]\n    node_venv_lib_python3_12_site-packages_PyQt6_Qt6_qml_QtQuick3D_designer --> node_venv_lib_python3_12_site-packages_PyQt6_Qt6_qml_QtQuick3D_designer_Loader3DSpecifics_qml["Loader3DSpecifics.qml"]\n    Root --> node_venv["venv"]\n    node_venv --> node_venv_lib["lib"]\n    node_venv_lib --> node_venv_lib_python3_12["python3.12"]\n    node_venv_lib_python3_12 --> node_venv_lib_python3_12_site-packages["site-packages"]\n    node_venv_lib_python3_12_site-packages --> node_venv_lib_python3_12_site-packages_PyQt6["PyQt6"]\n    node_venv_lib_python3_12_site-packages_PyQt6 --> node_venv_lib_python3_12_site-packages_PyQt6_Qt6["Qt6"]\n    node_venv_lib_python3_12_site-packages_PyQt6_Qt6 --> node_venv_lib_python3_12_site-packages_PyQt6_Qt6_qml["qml"]\n    node_venv_lib_python3_12_site-packages_PyQt6_Qt6_qml --> node_venv_lib_python3_12_site-packages_PyQt6_Qt6_qml_QtQuick3D["QtQuick3D"]\n    node_venv_lib_python3_12_site-packages_PyQt6_Qt6_qml_QtQuick3D --> node_venv_lib_python3_12_site-packages_PyQt6_Qt6_qml_QtQuick3D_designer["designer"]\n    node_venv_lib_python3_12_site-packages_PyQt6_Qt6_qml_QtQuick3D_designer --> node_venv_lib_python3_12_site-packages_PyQt6_Qt6_qml_QtQuick3D_designer_MaterialSection_qml["MaterialSection.qml"]\n    Root --> node_venv["venv"]\n    node_venv --> node_venv_lib["lib"]\n    node_venv_lib --> node_venv_lib_python3_12["python3.12"]\n    node_venv_lib_python3_12 --> node_venv_lib_python3_12_site-packages["site-packages"]\n    node_venv_lib_python3_12_site-packages --> node_venv_lib_python3_12_site-packages_PyQt6["PyQt6"]\n    node_venv_lib_python3_12_site-packages_PyQt6 --> node_venv_lib_python3_12_site-packages_PyQt6_Qt6["Qt6"]\n    node_venv_lib_python3_12_site-packages_PyQt6_Qt6 --> node_venv_lib_python3_12_site-packages_PyQt6_Qt6_qml["qml"]\n    node_venv_lib_python3_12_site-packages_PyQt6_Qt6_qml --> node_venv_lib_python3_12_site-packages_PyQt6_Qt6_qml_QtQuick3D["QtQuick3D"]\n    node_venv_lib_python3_12_site-packages_PyQt6_Qt6_qml_QtQuick3D --> node_venv_lib_python3_12_site-packages_PyQt6_Qt6_qml_QtQuick3D_designer["designer"]\n    node_venv_lib_python3_12_site-packages_PyQt6_Qt6_qml_QtQuick3D_designer --> node_venv_lib_python3_12_site-packages_PyQt6_Qt6_qml_QtQuick3D_designer_ModelSection_qml["ModelSection.qml"]\n    Root --> node_venv["venv"]\n    node_venv --> node_venv_lib["lib"]\n    node_venv_lib --> node_venv_lib_python3_12["python3.12"]\n    node_venv_lib_python3_12 --> node_venv_lib_python3_12_site-packages["site-packages"]\n    node_venv_lib_python3_12_site-packages --> node_venv_lib_python3_12_site-packages_PyQt6["PyQt6"]\n    node_venv_lib_python3_12_site-packages_PyQt6 --> node_venv_lib_python3_12_site-packages_PyQt6_Qt6["Qt6"]\n    node_venv_lib_python3_12_site-packages_PyQt6_Qt6 --> node_venv_lib_python3_12_site-packages_PyQt6_Qt6_qml["qml"]\n    node_venv_lib_python3_12_site-packages_PyQt6_Qt6_qml --> node_venv_lib_python3_12_site-packages_PyQt6_Qt6_qml_QtQuick3D["QtQuick3D"]\n    node_venv_lib_python3_12_site-packages_PyQt6_Qt6_qml_QtQuick3D --> node_venv_lib_python3_12_site-packages_PyQt6_Qt6_qml_QtQuick3D_designer["designer"]\n    node_venv_lib_python3_12_site-packages_PyQt6_Qt6_qml_QtQuick3D_designer --> node_venv_lib_python3_12_site-packages_PyQt6_Qt6_qml_QtQuick3D_designer_ModelSpecifics_qml["ModelSpecifics.qml"]\n    Root --> node_venv["venv"]\n    node_venv --> node_venv_lib["lib"]\n    node_venv_lib --> node_venv_lib_python3_12["python3.12"]\n    node_venv_lib_python3_12 --> node_venv_lib_python3_12_site-packages["site-packages"]\n    node_venv_lib_python3_12_site-packages --> node_venv_lib_python3_12_site-packages_PyQt6["PyQt6"]\n    node_venv_lib_python3_12_site-packages_PyQt6 --> node_venv_lib_python3_12_site-packages_PyQt6_Qt6["Qt6"]\n    node_venv_lib_python3_12_site-packages_PyQt6_Qt6 --> node_venv_lib_python3_12_site-packages_PyQt6_Qt6_qml["qml"]\n    node_venv_lib_python3_12_site-packages_PyQt6_Qt6_qml --> node_venv_lib_python3_12_site-packages_PyQt6_Qt6_qml_QtQuick3D["QtQuick3D"]\n    node_venv_lib_python3_12_site-packages_PyQt6_Qt6_qml_QtQuick3D --> node_venv_lib_python3_12_site-packages_PyQt6_Qt6_qml_QtQuick3D_designer["designer"]\n    node_venv_lib_python3_12_site-packages_PyQt6_Qt6_qml_QtQuick3D_designer --> node_venv_lib_python3_12_site-packages_PyQt6_Qt6_qml_QtQuick3D_designer_MorphTargetSection_qml["MorphTargetSection.qml"]\n    Root --> node_venv["venv"]\n    node_venv --> node_venv_lib["lib"]\n    node_venv_lib --> node_venv_lib_python3_12["python3.12"]\n    node_venv_lib_python3_12 --> node_venv_lib_python3_12_site-packages["site-packages"]\n    node_venv_lib_python3_12_site-packages --> node_venv_lib_python3_12_site-packages_PyQt6["PyQt6"]\n    node_venv_lib_python3_12_site-packages_PyQt6 --> node_venv_lib_python3_12_site-packages_PyQt6_Qt6["Qt6"]\n    node_venv_lib_python3_12_site-packages_PyQt6_Qt6 --> node_venv_lib_python3_12_site-packages_PyQt6_Qt6_qml["qml"]\n    node_venv_lib_python3_12_site-packages_PyQt6_Qt6_qml --> node_venv_lib_python3_12_site-packages_PyQt6_Qt6_qml_QtQuick3D["QtQuick3D"]\n    node_venv_lib_python3_12_site-packages_PyQt6_Qt6_qml_QtQuick3D --> node_venv_lib_python3_12_site-packages_PyQt6_Qt6_qml_QtQuick3D_designer["designer"]\n    node_venv_lib_python3_12_site-packages_PyQt6_Qt6_qml_QtQuick3D_designer --> node_venv_lib_python3_12_site-packages_PyQt6_Qt6_qml_QtQuick3D_designer_MorphTargetSpecifics_qml["MorphTargetSpecifics.qml"]\n    Root --> node_venv["venv"]\n    node_venv --> node_venv_lib["lib"]\n    node_venv_lib --> node_venv_lib_python3_12["python3.12"]\n    node_venv_lib_python3_12 --> node_venv_lib_python3_12_site-packages["site-packages"]\n    node_venv_lib_python3_12_site-packages --> node_venv_lib_python3_12_site-packages_PyQt6["PyQt6"]\n    node_venv_lib_python3_12_site-packages_PyQt6 --> node_venv_lib_python3_12_site-packages_PyQt6_Qt6["Qt6"]\n    node_venv_lib_python3_12_site-packages_PyQt6_Qt6 --> node_venv_lib_python3_12_site-packages_PyQt6_Qt6_qml["qml"]\n    node_venv_lib_python3_12_site-packages_PyQt6_Qt6_qml --> node_venv_lib_python3_12_site-packages_PyQt6_Qt6_qml_QtQuick3D["QtQuick3D"]\n    node_venv_lib_python3_12_site-packages_PyQt6_Qt6_qml_QtQuick3D --> node_venv_lib_python3_12_site-packages_PyQt6_Qt6_qml_QtQuick3D_designer["designer"]\n    node_venv_lib_python3_12_site-packages_PyQt6_Qt6_qml_QtQuick3D_designer --> node_venv_lib_python3_12_site-packages_PyQt6_Qt6_qml_QtQuick3D_designer_NodeSection_qml["NodeSection.qml"]\n    Root --> node_venv["venv"]\n    node_venv --> node_venv_lib["lib"]\n    node_venv_lib --> node_venv_lib_python3_12["python3.12"]\n    node_venv_lib_python3_12 --> node_venv_lib_python3_12_site-packages["site-packages"]\n    node_venv_lib_python3_12_site-packages --> node_venv_lib_python3_12_site-packages_PyQt6["PyQt6"]\n    node_venv_lib_python3_12_site-packages_PyQt6 --> node_venv_lib_python3_12_site-packages_PyQt6_Qt6["Qt6"]\n    node_venv_lib_python3_12_site-packages_PyQt6_Qt6 --> node_venv_lib_python3_12_site-packages_PyQt6_Qt6_qml["qml"]\n    node_venv_lib_python3_12_site-packages_PyQt6_Qt6_qml --> node_venv_lib_python3_12_site-packages_PyQt6_Qt6_qml_QtQuick3D["QtQuick3D"]\n    node_venv_lib_python3_12_site-packages_PyQt6_Qt6_qml_QtQuick3D --> node_venv_lib_python3_12_site-packages_PyQt6_Qt6_qml_QtQuick3D_designer["designer"]\n    node_venv_lib_python3_12_site-packages_PyQt6_Qt6_qml_QtQuick3D_designer --> node_venv_lib_python3_12_site-packages_PyQt6_Qt6_qml_QtQuick3D_designer_NodeSpecifics_qml["NodeSpecifics.qml"]\n    Root --> node_venv["venv"]\n    node_venv --> node_venv_lib["lib"]\n    node_venv_lib --> node_venv_lib_python3_12["python3.12"]\n    node_venv_lib_python3_12 --> node_venv_lib_python3_12_site-packages["site-packages"]\n    node_venv_lib_python3_12_site-packages --> node_venv_lib_python3_12_site-packages_PyQt6["PyQt6"]\n    node_venv_lib_python3_12_site-packages_PyQt6 --> node_venv_lib_python3_12_site-packages_PyQt6_Qt6["Qt6"]\n    node_venv_lib_python3_12_site-packages_PyQt6_Qt6 --> node_venv_lib_python3_12_site-packages_PyQt6_Qt6_qml["qml"]\n    node_venv_lib_python3_12_site-packages_PyQt6_Qt6_qml --> node_venv_lib_python3_12_site-packages_PyQt6_Qt6_qml_QtQuick3D["QtQuick3D"]\n    node_venv_lib_python3_12_site-packages_PyQt6_Qt6_qml_QtQuick3D --> node_venv_lib_python3_12_site-packages_PyQt6_Qt6_qml_QtQuick3D_designer["designer"]\n    node_venv_lib_python3_12_site-packages_PyQt6_Qt6_qml_QtQuick3D_designer --> node_venv_lib_python3_12_site-packages_PyQt6_Qt6_qml_QtQuick3D_designer_Object3DSection_qml["Object3DSection.qml"]\n    Root --> node_venv["venv"]\n    node_venv --> node_venv_lib["lib"]\n    node_venv_lib --> node_venv_lib_python3_12["python3.12"]\n    node_venv_lib_python3_12 --> node_venv_lib_python3_12_site-packages["site-packages"]\n    node_venv_lib_python3_12_site-packages --> node_venv_lib_python3_12_site-packages_PyQt6["PyQt6"]\n    node_venv_lib_python3_12_site-packages_PyQt6 --> node_venv_lib_python3_12_site-packages_PyQt6_Qt6["Qt6"]\n    node_venv_lib_python3_12_site-packages_PyQt6_Qt6 --> node_venv_lib_python3_12_site-packages_PyQt6_Qt6_qml["qml"]\n    node_venv_lib_python3_12_site-packages_PyQt6_Qt6_qml --> node_venv_lib_python3_12_site-packages_PyQt6_Qt6_qml_QtQuick3D["QtQuick3D"]\n    node_venv_lib_python3_12_site-packages_PyQt6_Qt6_qml_QtQuick3D --> node_venv_lib_python3_12_site-packages_PyQt6_Qt6_qml_QtQuick3D_designer["designer"]\n    node_venv_lib_python3_12_site-packages_PyQt6_Qt6_qml_QtQuick3D_designer --> node_venv_lib_python3_12_site-packages_PyQt6_Qt6_qml_QtQuick3D_designer_OrthographicCameraSection_qml["OrthographicCameraSection.qml"]\n    Root --> node_venv["venv"]\n    node_venv --> node_venv_lib["lib"]\n    node_venv_lib --> node_venv_lib_python3_12["python3.12"]\n    node_venv_lib_python3_12 --> node_venv_lib_python3_12_site-packages["site-packages"]\n    node_venv_lib_python3_12_site-packages --> node_venv_lib_python3_12_site-packages_PyQt6["PyQt6"]\n    node_venv_lib_python3_12_site-packages_PyQt6 --> node_venv_lib_python3_12_site-packages_PyQt6_Qt6["Qt6"]\n    node_venv_lib_python3_12_site-packages_PyQt6_Qt6 --> node_venv_lib_python3_12_site-packages_PyQt6_Qt6_qml["qml"]\n    node_venv_lib_python3_12_site-packages_PyQt6_Qt6_qml --> node_venv_lib_python3_12_site-packages_PyQt6_Qt6_qml_QtQuick3D["QtQuick3D"]\n    node_venv_lib_python3_12_site-packages_PyQt6_Qt6_qml_QtQuick3D --> node_venv_lib_python3_12_site-packages_PyQt6_Qt6_qml_QtQuick3D_designer["designer"]\n    node_venv_lib_python3_12_site-packages_PyQt6_Qt6_qml_QtQuick3D_designer --> node_venv_lib_python3_12_site-packages_PyQt6_Qt6_qml_QtQuick3D_designer_OrthographicCameraSpecifics_qml["OrthographicCameraSpecifics.qml"]\n    Root --> node_venv["venv"]\n    node_venv --> node_venv_lib["lib"]\n    node_venv_lib --> node_venv_lib_python3_12["python3.12"]\n    node_venv_lib_python3_12 --> node_venv_lib_python3_12_site-packages["site-packages"]\n    node_venv_lib_python3_12_site-packages --> node_venv_lib_python3_12_site-packages_PyQt6["PyQt6"]\n    node_venv_lib_python3_12_site-packages_PyQt6 --> node_venv_lib_python3_12_site-packages_PyQt6_Qt6["Qt6"]\n    node_venv_lib_python3_12_site-packages_PyQt6_Qt6 --> node_venv_lib_python3_12_site-packages_PyQt6_Qt6_qml["qml"]\n    node_venv_lib_python3_12_site-packages_PyQt6_Qt6_qml --> node_venv_lib_python3_12_site-packages_PyQt6_Qt6_qml_QtQuick3D["QtQuick3D"]\n    node_venv_lib_python3_12_site-packages_PyQt6_Qt6_qml_QtQuick3D --> node_venv_lib_python3_12_site-packages_PyQt6_Qt6_qml_QtQuick3D_designer["designer"]\n    node_venv_lib_python3_12_site-packages_PyQt6_Qt6_qml_QtQuick3D_designer --> node_venv_lib_python3_12_site-packages_PyQt6_Qt6_qml_QtQuick3D_designer_PassSection_qml["PassSection.qml"]\n    Root --> node_venv["venv"]\n    node_venv --> node_venv_lib["lib"]\n    node_venv_lib --> node_venv_lib_python3_12["python3.12"]\n    node_venv_lib_python3_12 --> node_venv_lib_python3_12_site-packages["site-packages"]\n    node_venv_lib_python3_12_site-packages --> node_venv_lib_python3_12_site-packages_PyQt6["PyQt6"]\n    node_venv_lib_python3_12_site-packages_PyQt6 --> node_venv_lib_python3_12_site-packages_PyQt6_Qt6["Qt6"]\n    node_venv_lib_python3_12_site-packages_PyQt6_Qt6 --> node_venv_lib_python3_12_site-packages_PyQt6_Qt6_qml["qml"]\n    node_venv_lib_python3_12_site-packages_PyQt6_Qt6_qml --> node_venv_lib_python3_12_site-packages_PyQt6_Qt6_qml_QtQuick3D["QtQuick3D"]\n    node_venv_lib_python3_12_site-packages_PyQt6_Qt6_qml_QtQuick3D --> node_venv_lib_python3_12_site-packages_PyQt6_Qt6_qml_QtQuick3D_designer["designer"]\n    node_venv_lib_python3_12_site-packages_PyQt6_Qt6_qml_QtQuick3D_designer --> node_venv_lib_python3_12_site-packages_PyQt6_Qt6_qml_QtQuick3D_designer_PassSpecifics_qml["PassSpecifics.qml"]\n    Root --> node_venv["venv"]\n    node_venv --> node_venv_lib["lib"]\n    node_venv_lib --> node_venv_lib_python3_12["python3.12"]\n    node_venv_lib_python3_12 --> node_venv_lib_python3_12_site-packages["site-packages"]\n    node_venv_lib_python3_12_site-packages --> node_venv_lib_python3_12_site-packages_PyQt6["PyQt6"]\n    node_venv_lib_python3_12_site-packages_PyQt6 --> node_venv_lib_python3_12_site-packages_PyQt6_Qt6["Qt6"]\n    node_venv_lib_python3_12_site-packages_PyQt6_Qt6 --> node_venv_lib_python3_12_site-packages_PyQt6_Qt6_qml["qml"]\n    node_venv_lib_python3_12_site-packages_PyQt6_Qt6_qml --> node_venv_lib_python3_12_site-packages_PyQt6_Qt6_qml_QtQuick3D["QtQuick3D"]\n    node_venv_lib_python3_12_site-packages_PyQt6_Qt6_qml_QtQuick3D --> node_venv_lib_python3_12_site-packages_PyQt6_Qt6_qml_QtQuick3D_designer["designer"]\n    node_venv_lib_python3_12_site-packages_PyQt6_Qt6_qml_QtQuick3D_designer --> node_venv_lib_python3_12_site-packages_PyQt6_Qt6_qml_QtQuick3D_designer_PerspectiveCameraSection_qml["PerspectiveCameraSection.qml"]\n    Root --> node_venv["venv"]\n    node_venv --> node_venv_lib["lib"]\n    node_venv_lib --> node_venv_lib_python3_12["python3.12"]\n    node_venv_lib_python3_12 --> node_venv_lib_python3_12_site-packages["site-packages"]\n    node_venv_lib_python3_12_site-packages --> node_venv_lib_python3_12_site-packages_PyQt6["PyQt6"]\n    node_venv_lib_python3_12_site-packages_PyQt6 --> node_venv_lib_python3_12_site-packages_PyQt6_Qt6["Qt6"]\n    node_venv_lib_python3_12_site-packages_PyQt6_Qt6 --> node_venv_lib_python3_12_site-packages_PyQt6_Qt6_qml["qml"]\n    node_venv_lib_python3_12_site-packages_PyQt6_Qt6_qml --> node_venv_lib_python3_12_site-packages_PyQt6_Qt6_qml_QtQuick3D["QtQuick3D"]\n    node_venv_lib_python3_12_site-packages_PyQt6_Qt6_qml_QtQuick3D --> node_venv_lib_python3_12_site-packages_PyQt6_Qt6_qml_QtQuick3D_designer["designer"]\n    node_venv_lib_python3_12_site-packages_PyQt6_Qt6_qml_QtQuick3D_designer --> node_venv_lib_python3_12_site-packages_PyQt6_Qt6_qml_QtQuick3D_designer_PerspectiveCameraSpecifics_qml["PerspectiveCameraSpecifics.qml"]\n    Root --> node_venv["venv"]\n    node_venv --> node_venv_lib["lib"]\n    node_venv_lib --> node_venv_lib_python3_12["python3.12"]\n    node_venv_lib_python3_12 --> node_venv_lib_python3_12_site-packages["site-packages"]\n    node_venv_lib_python3_12_site-packages --> node_venv_lib_python3_12_site-packages_PyQt6["PyQt6"]\n    node_venv_lib_python3_12_site-packages_PyQt6 --> node_venv_lib_python3_12_site-packages_PyQt6_Qt6["Qt6"]\n    node_venv_lib_python3_12_site-packages_PyQt6_Qt6 --> node_venv_lib_python3_12_site-packages_PyQt6_Qt6_qml["qml"]\n    node_venv_lib_python3_12_site-packages_PyQt6_Qt6_qml --> node_venv_lib_python3_12_site-packages_PyQt6_Qt6_qml_QtQuick3D["QtQuick3D"]\n    node_venv_lib_python3_12_site-packages_PyQt6_Qt6_qml_QtQuick3D --> node_venv_lib_python3_12_site-packages_PyQt6_Qt6_qml_QtQuick3D_designer["designer"]\n    node_venv_lib_python3_12_site-packages_PyQt6_Qt6_qml_QtQuick3D_designer --> node_venv_lib_python3_12_site-packages_PyQt6_Qt6_qml_QtQuick3D_designer_PointLightSection_qml["PointLightSection.qml"]\n    Root --> node_venv["venv"]\n    node_venv --> node_venv_lib["lib"]\n    node_venv_lib --> node_venv_lib_python3_12["python3.12"]\n    node_venv_lib_python3_12 --> node_venv_lib_python3_12_site-packages["site-packages"]\n    node_venv_lib_python3_12_site-packages --> node_venv_lib_python3_12_site-packages_PyQt6["PyQt6"]\n    node_venv_lib_python3_12_site-packages_PyQt6 --> node_venv_lib_python3_12_site-packages_PyQt6_Qt6["Qt6"]\n    node_venv_lib_python3_12_site-packages_PyQt6_Qt6 --> node_venv_lib_python3_12_site-packages_PyQt6_Qt6_qml["qml"]\n    node_venv_lib_python3_12_site-packages_PyQt6_Qt6_qml --> node_venv_lib_python3_12_site-packages_PyQt6_Qt6_qml_QtQuick3D["QtQuick3D"]\n    node_venv_lib_python3_12_site-packages_PyQt6_Qt6_qml_QtQuick3D --> node_venv_lib_python3_12_site-packages_PyQt6_Qt6_qml_QtQuick3D_designer["designer"]\n    node_venv_lib_python3_12_site-packages_PyQt6_Qt6_qml_QtQuick3D_designer --> node_venv_lib_python3_12_site-packages_PyQt6_Qt6_qml_QtQuick3D_designer_PointLightSpecifics_qml["PointLightSpecifics.qml"]\n    Root --> node_venv["venv"]\n    node_venv --> node_venv_lib["lib"]\n    node_venv_lib --> node_venv_lib_python3_12["python3.12"]\n    node_venv_lib_python3_12 --> node_venv_lib_python3_12_site-packages["site-packages"]\n    node_venv_lib_python3_12_site-packages --> node_venv_lib_python3_12_site-packages_PyQt6["PyQt6"]\n    node_venv_lib_python3_12_site-packages_PyQt6 --> node_venv_lib_python3_12_site-packages_PyQt6_Qt6["Qt6"]\n    node_venv_lib_python3_12_site-packages_PyQt6_Qt6 --> node_venv_lib_python3_12_site-packages_PyQt6_Qt6_qml["qml"]\n    node_venv_lib_python3_12_site-packages_PyQt6_Qt6_qml --> node_venv_lib_python3_12_site-packages_PyQt6_Qt6_qml_QtQuick3D["QtQuick3D"]\n    node_venv_lib_python3_12_site-packages_PyQt6_Qt6_qml_QtQuick3D --> node_venv_lib_python3_12_site-packages_PyQt6_Qt6_qml_QtQuick3D_designer["designer"]\n    node_venv_lib_python3_12_site-packages_PyQt6_Qt6_qml_QtQuick3D_designer --> node_venv_lib_python3_12_site-packages_PyQt6_Qt6_qml_QtQuick3D_designer_PrincipledMaterialSection_qml["PrincipledMaterialSection.qml"]\n    Root --> node_venv["venv"]\n    node_venv --> node_venv_lib["lib"]\n    node_venv_lib --> node_venv_lib_python3_12["python3.12"]\n    node_venv_lib_python3_12 --> node_venv_lib_python3_12_site-packages["site-packages"]\n    node_venv_lib_python3_12_site-packages --> node_venv_lib_python3_12_site-packages_PyQt6["PyQt6"]\n    node_venv_lib_python3_12_site-packages_PyQt6 --> node_venv_lib_python3_12_site-packages_PyQt6_Qt6["Qt6"]\n    node_venv_lib_python3_12_site-packages_PyQt6_Qt6 --> node_venv_lib_python3_12_site-packages_PyQt6_Qt6_qml["qml"]\n    node_venv_lib_python3_12_site-packages_PyQt6_Qt6_qml --> node_venv_lib_python3_12_site-packages_PyQt6_Qt6_qml_QtQuick3D["QtQuick3D"]\n    node_venv_lib_python3_12_site-packages_PyQt6_Qt6_qml_QtQuick3D --> node_venv_lib_python3_12_site-packages_PyQt6_Qt6_qml_QtQuick3D_designer["designer"]\n    node_venv_lib_python3_12_site-packages_PyQt6_Qt6_qml_QtQuick3D_designer --> node_venv_lib_python3_12_site-packages_PyQt6_Qt6_qml_QtQuick3D_designer_PrincipledMaterialSpecifics_qml["PrincipledMaterialSpecifics.qml"]\n    Root --> node_venv["venv"]\n    node_venv --> node_venv_lib["lib"]\n    node_venv_lib --> node_venv_lib_python3_12["python3.12"]\n    node_venv_lib_python3_12 --> node_venv_lib_python3_12_site-packages["site-packages"]\n    node_venv_lib_python3_12_site-packages --> node_venv_lib_python3_12_site-packages_PyQt6["PyQt6"]\n    node_venv_lib_python3_12_site-packages_PyQt6 --> node_venv_lib_python3_12_site-packages_PyQt6_Qt6["Qt6"]\n    node_venv_lib_python3_12_site-packages_PyQt6_Qt6 --> node_venv_lib_python3_12_site-packages_PyQt6_Qt6_qml["qml"]\n    node_venv_lib_python3_12_site-packages_PyQt6_Qt6_qml --> node_venv_lib_python3_12_site-packages_PyQt6_Qt6_qml_QtQuick3D["QtQuick3D"]\n    node_venv_lib_python3_12_site-packages_PyQt6_Qt6_qml_QtQuick3D --> node_venv_lib_python3_12_site-packages_PyQt6_Qt6_qml_QtQuick3D_designer["designer"]\n    node_venv_lib_python3_12_site-packages_PyQt6_Qt6_qml_QtQuick3D_designer --> node_venv_lib_python3_12_site-packages_PyQt6_Qt6_qml_QtQuick3D_designer_ReflectionProbeSection_qml["ReflectionProbeSection.qml"]\n    Root --> node_venv["venv"]\n    node_venv --> node_venv_lib["lib"]\n    node_venv_lib --> node_venv_lib_python3_12["python3.12"]\n    node_venv_lib_python3_12 --> node_venv_lib_python3_12_site-packages["site-packages"]\n    node_venv_lib_python3_12_site-packages --> node_venv_lib_python3_12_site-packages_PyQt6["PyQt6"]\n    node_venv_lib_python3_12_site-packages_PyQt6 --> node_venv_lib_python3_12_site-packages_PyQt6_Qt6["Qt6"]\n    node_venv_lib_python3_12_site-packages_PyQt6_Qt6 --> node_venv_lib_python3_12_site-packages_PyQt6_Qt6_qml["qml"]\n    node_venv_lib_python3_12_site-packages_PyQt6_Qt6_qml --> node_venv_lib_python3_12_site-packages_PyQt6_Qt6_qml_QtQuick3D["QtQuick3D"]\n    node_venv_lib_python3_12_site-packages_PyQt6_Qt6_qml_QtQuick3D --> node_venv_lib_python3_12_site-packages_PyQt6_Qt6_qml_QtQuick3D_designer["designer"]\n    node_venv_lib_python3_12_site-packages_PyQt6_Qt6_qml_QtQuick3D_designer --> node_venv_lib_python3_12_site-packages_PyQt6_Qt6_qml_QtQuick3D_designer_ReflectionProbeSpecifics_qml["ReflectionProbeSpecifics.qml"]\n    Root --> node_venv["venv"]\n    node_venv --> node_venv_lib["lib"]\n    node_venv_lib --> node_venv_lib_python3_12["python3.12"]\n    node_venv_lib_python3_12 --> node_venv_lib_python3_12_site-packages["site-packages"]\n    node_venv_lib_python3_12_site-packages --> node_venv_lib_python3_12_site-packages_PyQt6["PyQt6"]\n    node_venv_lib_python3_12_site-packages_PyQt6 --> node_venv_lib_python3_12_site-packages_PyQt6_Qt6["Qt6"]\n    node_venv_lib_python3_12_site-packages_PyQt6_Qt6 --> node_venv_lib_python3_12_site-packages_PyQt6_Qt6_qml["qml"]\n    node_venv_lib_python3_12_site-packages_PyQt6_Qt6_qml --> node_venv_lib_python3_12_site-packages_PyQt6_Qt6_qml_QtQuick3D["QtQuick3D"]\n    node_venv_lib_python3_12_site-packages_PyQt6_Qt6_qml_QtQuick3D --> node_venv_lib_python3_12_site-packages_PyQt6_Qt6_qml_QtQuick3D_designer["designer"]\n    node_venv_lib_python3_12_site-packages_PyQt6_Qt6_qml_QtQuick3D_designer --> node_venv_lib_python3_12_site-packages_PyQt6_Qt6_qml_QtQuick3D_designer_Repeater3DSection_qml["Repeater3DSection.qml"]\n    Root --> node_venv["venv"]\n    node_venv --> node_venv_lib["lib"]\n    node_venv_lib --> node_venv_lib_python3_12["python3.12"]\n    node_venv_lib_python3_12 --> node_venv_lib_python3_12_site-packages["site-packages"]\n    node_venv_lib_python3_12_site-packages --> node_venv_lib_python3_12_site-packages_PyQt6["PyQt6"]\n    node_venv_lib_python3_12_site-packages_PyQt6 --> node_venv_lib_python3_12_site-packages_PyQt6_Qt6["Qt6"]\n    node_venv_lib_python3_12_site-packages_PyQt6_Qt6 --> node_venv_lib_python3_12_site-packages_PyQt6_Qt6_qml["qml"]\n    node_venv_lib_python3_12_site-packages_PyQt6_Qt6_qml --> node_venv_lib_python3_12_site-packages_PyQt6_Qt6_qml_QtQuick3D["QtQuick3D"]\n    node_venv_lib_python3_12_site-packages_PyQt6_Qt6_qml_QtQuick3D --> node_venv_lib_python3_12_site-packages_PyQt6_Qt6_qml_QtQuick3D_designer["designer"]\n    node_venv_lib_python3_12_site-packages_PyQt6_Qt6_qml_QtQuick3D_designer --> node_venv_lib_python3_12_site-packages_PyQt6_Qt6_qml_QtQuick3D_designer_Repeater3DSpecifics_qml["Repeater3DSpecifics.qml"]\n    Root --> node_venv["venv"]\n    node_venv --> node_venv_lib["lib"]\n    node_venv_lib --> node_venv_lib_python3_12["python3.12"]\n    node_venv_lib_python3_12 --> node_venv_lib_python3_12_site-packages["site-packages"]\n    node_venv_lib_python3_12_site-packages --> node_venv_lib_python3_12_site-packages_PyQt6["PyQt6"]\n    node_venv_lib_python3_12_site-packages_PyQt6 --> node_venv_lib_python3_12_site-packages_PyQt6_Qt6["Qt6"]\n    node_venv_lib_python3_12_site-packages_PyQt6_Qt6 --> node_venv_lib_python3_12_site-packages_PyQt6_Qt6_qml["qml"]\n    node_venv_lib_python3_12_site-packages_PyQt6_Qt6_qml --> node_venv_lib_python3_12_site-packages_PyQt6_Qt6_qml_QtQuick3D["QtQuick3D"]\n    node_venv_lib_python3_12_site-packages_PyQt6_Qt6_qml_QtQuick3D --> node_venv_lib_python3_12_site-packages_PyQt6_Qt6_qml_QtQuick3D_designer["designer"]\n    node_venv_lib_python3_12_site-packages_PyQt6_Qt6_qml_QtQuick3D_designer --> node_venv_lib_python3_12_site-packages_PyQt6_Qt6_qml_QtQuick3D_designer_ResourceLoaderSection_qml["ResourceLoaderSection.qml"]\n    Root --> node_venv["venv"]\n    node_venv --> node_venv_lib["lib"]\n    node_venv_lib --> node_venv_lib_python3_12["python3.12"]\n    node_venv_lib_python3_12 --> node_venv_lib_python3_12_site-packages["site-packages"]\n    node_venv_lib_python3_12_site-packages --> node_venv_lib_python3_12_site-packages_PyQt6["PyQt6"]\n    node_venv_lib_python3_12_site-packages_PyQt6 --> node_venv_lib_python3_12_site-packages_PyQt6_Qt6["Qt6"]\n    node_venv_lib_python3_12_site-packages_PyQt6_Qt6 --> node_venv_lib_python3_12_site-packages_PyQt6_Qt6_qml["qml"]\n    node_venv_lib_python3_12_site-packages_PyQt6_Qt6_qml --> node_venv_lib_python3_12_site-packages_PyQt6_Qt6_qml_QtQuick3D["QtQuick3D"]\n    node_venv_lib_python3_12_site-packages_PyQt6_Qt6_qml_QtQuick3D --> node_venv_lib_python3_12_site-packages_PyQt6_Qt6_qml_QtQuick3D_designer["designer"]\n    node_venv_lib_python3_12_site-packages_PyQt6_Qt6_qml_QtQuick3D_designer --> node_venv_lib_python3_12_site-packages_PyQt6_Qt6_qml_QtQuick3D_designer_ResourceLoaderSpecifics_qml["ResourceLoaderSpecifics.qml"]\n    Root --> node_venv["venv"]\n    node_venv --> node_venv_lib["lib"]\n    node_venv_lib --> node_venv_lib_python3_12["python3.12"]\n    node_venv_lib_python3_12 --> node_venv_lib_python3_12_site-packages["site-packages"]\n    node_venv_lib_python3_12_site-packages --> node_venv_lib_python3_12_site-packages_PyQt6["PyQt6"]\n    node_venv_lib_python3_12_site-packages_PyQt6 --> node_venv_lib_python3_12_site-packages_PyQt6_Qt6["Qt6"]\n    node_venv_lib_python3_12_site-packages_PyQt6_Qt6 --> node_venv_lib_python3_12_site-packages_PyQt6_Qt6_qml["qml"]\n    node_venv_lib_python3_12_site-packages_PyQt6_Qt6_qml --> node_venv_lib_python3_12_site-packages_PyQt6_Qt6_qml_QtQuick3D["QtQuick3D"]\n    node_venv_lib_python3_12_site-packages_PyQt6_Qt6_qml_QtQuick3D --> node_venv_lib_python3_12_site-packages_PyQt6_Qt6_qml_QtQuick3D_designer["designer"]\n    node_venv_lib_python3_12_site-packages_PyQt6_Qt6_qml_QtQuick3D_designer --> node_venv_lib_python3_12_site-packages_PyQt6_Qt6_qml_QtQuick3D_designer_SceneEnvironmentSection_qml["SceneEnvironmentSection.qml"]\n    Root --> node_venv["venv"]\n    node_venv --> node_venv_lib["lib"]\n    node_venv_lib --> node_venv_lib_python3_12["python3.12"]\n    node_venv_lib_python3_12 --> node_venv_lib_python3_12_site-packages["site-packages"]\n    node_venv_lib_python3_12_site-packages --> node_venv_lib_python3_12_site-packages_PyQt6["PyQt6"]\n    node_venv_lib_python3_12_site-packages_PyQt6 --> node_venv_lib_python3_12_site-packages_PyQt6_Qt6["Qt6"]\n    node_venv_lib_python3_12_site-packages_PyQt6_Qt6 --> node_venv_lib_python3_12_site-packages_PyQt6_Qt6_qml["qml"]\n    node_venv_lib_python3_12_site-packages_PyQt6_Qt6_qml --> node_venv_lib_python3_12_site-packages_PyQt6_Qt6_qml_QtQuick3D["QtQuick3D"]\n    node_venv_lib_python3_12_site-packages_PyQt6_Qt6_qml_QtQuick3D --> node_venv_lib_python3_12_site-packages_PyQt6_Qt6_qml_QtQuick3D_designer["designer"]\n    node_venv_lib_python3_12_site-packages_PyQt6_Qt6_qml_QtQuick3D_designer --> node_venv_lib_python3_12_site-packages_PyQt6_Qt6_qml_QtQuick3D_designer_SceneEnvironmentSpecifics_qml["SceneEnvironmentSpecifics.qml"]\n    Root --> node_venv["venv"]\n    node_venv --> node_venv_lib["lib"]\n    node_venv_lib --> node_venv_lib_python3_12["python3.12"]\n    node_venv_lib_python3_12 --> node_venv_lib_python3_12_site-packages["site-packages"]\n    node_venv_lib_python3_12_site-packages --> node_venv_lib_python3_12_site-packages_PyQt6["PyQt6"]\n    node_venv_lib_python3_12_site-packages_PyQt6 --> node_venv_lib_python3_12_site-packages_PyQt6_Qt6["Qt6"]\n    node_venv_lib_python3_12_site-packages_PyQt6_Qt6 --> node_venv_lib_python3_12_site-packages_PyQt6_Qt6_qml["qml"]\n    node_venv_lib_python3_12_site-packages_PyQt6_Qt6_qml --> node_venv_lib_python3_12_site-packages_PyQt6_Qt6_qml_QtQuick3D["QtQuick3D"]\n    node_venv_lib_python3_12_site-packages_PyQt6_Qt6_qml_QtQuick3D --> node_venv_lib_python3_12_site-packages_PyQt6_Qt6_qml_QtQuick3D_designer["designer"]\n    node_venv_lib_python3_12_site-packages_PyQt6_Qt6_qml_QtQuick3D_designer --> node_venv_lib_python3_12_site-packages_PyQt6_Qt6_qml_QtQuick3D_designer_SetUniformValueSection_qml["SetUniformValueSection.qml"]\n    Root --> node_venv["venv"]\n    node_venv --> node_venv_lib["lib"]\n    node_venv_lib --> node_venv_lib_python3_12["python3.12"]\n    node_venv_lib_python3_12 --> node_venv_lib_python3_12_site-packages["site-packages"]\n    node_venv_lib_python3_12_site-packages --> node_venv_lib_python3_12_site-packages_PyQt6["PyQt6"]\n    node_venv_lib_python3_12_site-packages_PyQt6 --> node_venv_lib_python3_12_site-packages_PyQt6_Qt6["Qt6"]\n    node_venv_lib_python3_12_site-packages_PyQt6_Qt6 --> node_venv_lib_python3_12_site-packages_PyQt6_Qt6_qml["qml"]\n    node_venv_lib_python3_12_site-packages_PyQt6_Qt6_qml --> node_venv_lib_python3_12_site-packages_PyQt6_Qt6_qml_QtQuick3D["QtQuick3D"]\n    node_venv_lib_python3_12_site-packages_PyQt6_Qt6_qml_QtQuick3D --> node_venv_lib_python3_12_site-packages_PyQt6_Qt6_qml_QtQuick3D_designer["designer"]\n    node_venv_lib_python3_12_site-packages_PyQt6_Qt6_qml_QtQuick3D_designer --> node_venv_lib_python3_12_site-packages_PyQt6_Qt6_qml_QtQuick3D_designer_SetUniformValueSpecifics_qml["SetUniformValueSpecifics.qml"]\n    Root --> node_venv["venv"]\n    node_venv --> node_venv_lib["lib"]\n    node_venv_lib --> node_venv_lib_python3_12["python3.12"]\n    node_venv_lib_python3_12 --> node_venv_lib_python3_12_site-packages["site-packages"]\n    node_venv_lib_python3_12_site-packages --> node_venv_lib_python3_12_site-packages_PyQt6["PyQt6"]\n    node_venv_lib_python3_12_site-packages_PyQt6 --> node_venv_lib_python3_12_site-packages_PyQt6_Qt6["Qt6"]\n    node_venv_lib_python3_12_site-packages_PyQt6_Qt6 --> node_venv_lib_python3_12_site-packages_PyQt6_Qt6_qml["qml"]\n    node_venv_lib_python3_12_site-packages_PyQt6_Qt6_qml --> node_venv_lib_python3_12_site-packages_PyQt6_Qt6_qml_QtQuick3D["QtQuick3D"]\n    node_venv_lib_python3_12_site-packages_PyQt6_Qt6_qml_QtQuick3D --> node_venv_lib_python3_12_site-packages_PyQt6_Qt6_qml_QtQuick3D_designer["designer"]\n    node_venv_lib_python3_12_site-packages_PyQt6_Qt6_qml_QtQuick3D_designer --> node_venv_lib_python3_12_site-packages_PyQt6_Qt6_qml_QtQuick3D_designer_ShaderSection_qml["ShaderSection.qml"]\n    Root --> node_venv["venv"]\n    node_venv --> node_venv_lib["lib"]\n    node_venv_lib --> node_venv_lib_python3_12["python3.12"]\n    node_venv_lib_python3_12 --> node_venv_lib_python3_12_site-packages["site-packages"]\n    node_venv_lib_python3_12_site-packages --> node_venv_lib_python3_12_site-packages_PyQt6["PyQt6"]\n    node_venv_lib_python3_12_site-packages_PyQt6 --> node_venv_lib_python3_12_site-packages_PyQt6_Qt6["Qt6"]\n    node_venv_lib_python3_12_site-packages_PyQt6_Qt6 --> node_venv_lib_python3_12_site-packages_PyQt6_Qt6_qml["qml"]\n    node_venv_lib_python3_12_site-packages_PyQt6_Qt6_qml --> node_venv_lib_python3_12_site-packages_PyQt6_Qt6_qml_QtQuick3D["QtQuick3D"]\n    node_venv_lib_python3_12_site-packages_PyQt6_Qt6_qml_QtQuick3D --> node_venv_lib_python3_12_site-packages_PyQt6_Qt6_qml_QtQuick3D_designer["designer"]\n    node_venv_lib_python3_12_site-packages_PyQt6_Qt6_qml_QtQuick3D_designer --> node_venv_lib_python3_12_site-packages_PyQt6_Qt6_qml_QtQuick3D_designer_ShaderSpecifics_qml["ShaderSpecifics.qml"]\n    Root --> node_venv["venv"]\n    node_venv --> node_venv_lib["lib"]\n    node_venv_lib --> node_venv_lib_python3_12["python3.12"]\n    node_venv_lib_python3_12 --> node_venv_lib_python3_12_site-packages["site-packages"]\n    node_venv_lib_python3_12_site-packages --> node_venv_lib_python3_12_site-packages_PyQt6["PyQt6"]\n    node_venv_lib_python3_12_site-packages_PyQt6 --> node_venv_lib_python3_12_site-packages_PyQt6_Qt6["Qt6"]\n    node_venv_lib_python3_12_site-packages_PyQt6_Qt6 --> node_venv_lib_python3_12_site-packages_PyQt6_Qt6_qml["qml"]\n    node_venv_lib_python3_12_site-packages_PyQt6_Qt6_qml --> node_venv_lib_python3_12_site-packages_PyQt6_Qt6_qml_QtQuick3D["QtQuick3D"]\n    node_venv_lib_python3_12_site-packages_PyQt6_Qt6_qml_QtQuick3D --> node_venv_lib_python3_12_site-packages_PyQt6_Qt6_qml_QtQuick3D_designer["designer"]\n    node_venv_lib_python3_12_site-packages_PyQt6_Qt6_qml_QtQuick3D_designer --> node_venv_lib_python3_12_site-packages_PyQt6_Qt6_qml_QtQuick3D_designer_ShadowSection_qml["ShadowSection.qml"]\n    Root --> node_venv["venv"]\n    node_venv --> node_venv_lib["lib"]\n    node_venv_lib --> node_venv_lib_python3_12["python3.12"]\n    node_venv_lib_python3_12 --> node_venv_lib_python3_12_site-packages["site-packages"]\n    node_venv_lib_python3_12_site-packages --> node_venv_lib_python3_12_site-packages_PyQt6["PyQt6"]\n    node_venv_lib_python3_12_site-packages_PyQt6 --> node_venv_lib_python3_12_site-packages_PyQt6_Qt6["Qt6"]\n    node_venv_lib_python3_12_site-packages_PyQt6_Qt6 --> node_venv_lib_python3_12_site-packages_PyQt6_Qt6_qml["qml"]\n    node_venv_lib_python3_12_site-packages_PyQt6_Qt6_qml --> node_venv_lib_python3_12_site-packages_PyQt6_Qt6_qml_QtQuick3D["QtQuick3D"]\n    node_venv_lib_python3_12_site-packages_PyQt6_Qt6_qml_QtQuick3D --> node_venv_lib_python3_12_site-packages_PyQt6_Qt6_qml_QtQuick3D_designer["designer"]\n    node_venv_lib_python3_12_site-packages_PyQt6_Qt6_qml_QtQuick3D_designer --> node_venv_lib_python3_12_site-packages_PyQt6_Qt6_qml_QtQuick3D_designer_SkinSection_qml["SkinSection.qml"]\n    Root --> node_venv["venv"]\n    node_venv --> node_venv_lib["lib"]\n    node_venv_lib --> node_venv_lib_python3_12["python3.12"]\n    node_venv_lib_python3_12 --> node_venv_lib_python3_12_site-packages["site-packages"]\n    node_venv_lib_python3_12_site-packages --> node_venv_lib_python3_12_site-packages_PyQt6["PyQt6"]\n    node_venv_lib_python3_12_site-packages_PyQt6 --> node_venv_lib_python3_12_site-packages_PyQt6_Qt6["Qt6"]\n    node_venv_lib_python3_12_site-packages_PyQt6_Qt6 --> node_venv_lib_python3_12_site-packages_PyQt6_Qt6_qml["qml"]\n    node_venv_lib_python3_12_site-packages_PyQt6_Qt6_qml --> node_venv_lib_python3_12_site-packages_PyQt6_Qt6_qml_QtQuick3D["QtQuick3D"]\n    node_venv_lib_python3_12_site-packages_PyQt6_Qt6_qml_QtQuick3D --> node_venv_lib_python3_12_site-packages_PyQt6_Qt6_qml_QtQuick3D_designer["designer"]\n    node_venv_lib_python3_12_site-packages_PyQt6_Qt6_qml_QtQuick3D_designer --> node_venv_lib_python3_12_site-packages_PyQt6_Qt6_qml_QtQuick3D_designer_SkinSpecifics_qml["SkinSpecifics.qml"]\n    Root --> node_venv["venv"]\n    node_venv --> node_venv_lib["lib"]\n    node_venv_lib --> node_venv_lib_python3_12["python3.12"]\n    node_venv_lib_python3_12 --> node_venv_lib_python3_12_site-packages["site-packages"]\n    node_venv_lib_python3_12_site-packages --> node_venv_lib_python3_12_site-packages_PyQt6["PyQt6"]\n    node_venv_lib_python3_12_site-packages_PyQt6 --> node_venv_lib_python3_12_site-packages_PyQt6_Qt6["Qt6"]\n    node_venv_lib_python3_12_site-packages_PyQt6_Qt6 --> node_venv_lib_python3_12_site-packages_PyQt6_Qt6_qml["qml"]\n    node_venv_lib_python3_12_site-packages_PyQt6_Qt6_qml --> node_venv_lib_python3_12_site-packages_PyQt6_Qt6_qml_QtQuick3D["QtQuick3D"]\n    node_venv_lib_python3_12_site-packages_PyQt6_Qt6_qml_QtQuick3D --> node_venv_lib_python3_12_site-packages_PyQt6_Qt6_qml_QtQuick3D_designer["designer"]\n    node_venv_lib_python3_12_site-packages_PyQt6_Qt6_qml_QtQuick3D_designer --> node_venv_lib_python3_12_site-packages_PyQt6_Qt6_qml_QtQuick3D_designer_SpecularGlossyMaterialSection_qml["SpecularGlossyMaterialSection.qml"]\n    Root --> node_venv["venv"]\n    node_venv --> node_venv_lib["lib"]\n    node_venv_lib --> node_venv_lib_python3_12["python3.12"]\n    node_venv_lib_python3_12 --> node_venv_lib_python3_12_site-packages["site-packages"]\n    node_venv_lib_python3_12_site-packages --> node_venv_lib_python3_12_site-packages_PyQt6["PyQt6"]\n    node_venv_lib_python3_12_site-packages_PyQt6 --> node_venv_lib_python3_12_site-packages_PyQt6_Qt6["Qt6"]\n    node_venv_lib_python3_12_site-packages_PyQt6_Qt6 --> node_venv_lib_python3_12_site-packages_PyQt6_Qt6_qml["qml"]\n    node_venv_lib_python3_12_site-packages_PyQt6_Qt6_qml --> node_venv_lib_python3_12_site-packages_PyQt6_Qt6_qml_QtQuick3D["QtQuick3D"]\n    node_venv_lib_python3_12_site-packages_PyQt6_Qt6_qml_QtQuick3D --> node_venv_lib_python3_12_site-packages_PyQt6_Qt6_qml_QtQuick3D_designer["designer"]\n    node_venv_lib_python3_12_site-packages_PyQt6_Qt6_qml_QtQuick3D_designer --> node_venv_lib_python3_12_site-packages_PyQt6_Qt6_qml_QtQuick3D_designer_SpecularGlossyMaterialSpecifics_qml["SpecularGlossyMaterialSpecifics.qml"]\n    Root --> node_venv["venv"]\n    node_venv --> node_venv_lib["lib"]\n    node_venv_lib --> node_venv_lib_python3_12["python3.12"]\n    node_venv_lib_python3_12 --> node_venv_lib_python3_12_site-packages["site-packages"]\n    node_venv_lib_python3_12_site-packages --> node_venv_lib_python3_12_site-packages_PyQt6["PyQt6"]\n    node_venv_lib_python3_12_site-packages_PyQt6 --> node_venv_lib_python3_12_site-packages_PyQt6_Qt6["Qt6"]\n    node_venv_lib_python3_12_site-packages_PyQt6_Qt6 --> node_venv_lib_python3_12_site-packages_PyQt6_Qt6_qml["qml"]\n    node_venv_lib_python3_12_site-packages_PyQt6_Qt6_qml --> node_venv_lib_python3_12_site-packages_PyQt6_Qt6_qml_QtQuick3D["QtQuick3D"]\n    node_venv_lib_python3_12_site-packages_PyQt6_Qt6_qml_QtQuick3D --> node_venv_lib_python3_12_site-packages_PyQt6_Qt6_qml_QtQuick3D_designer["designer"]\n    node_venv_lib_python3_12_site-packages_PyQt6_Qt6_qml_QtQuick3D_designer --> node_venv_lib_python3_12_site-packages_PyQt6_Qt6_qml_QtQuick3D_designer_SpotLightSection_qml["SpotLightSection.qml"]\n    Root --> node_venv["venv"]\n    node_venv --> node_venv_lib["lib"]\n    node_venv_lib --> node_venv_lib_python3_12["python3.12"]\n    node_venv_lib_python3_12 --> node_venv_lib_python3_12_site-packages["site-packages"]\n    node_venv_lib_python3_12_site-packages --> node_venv_lib_python3_12_site-packages_PyQt6["PyQt6"]\n    node_venv_lib_python3_12_site-packages_PyQt6 --> node_venv_lib_python3_12_site-packages_PyQt6_Qt6["Qt6"]\n    node_venv_lib_python3_12_site-packages_PyQt6_Qt6 --> node_venv_lib_python3_12_site-packages_PyQt6_Qt6_qml["qml"]\n    node_venv_lib_python3_12_site-packages_PyQt6_Qt6_qml --> node_venv_lib_python3_12_site-packages_PyQt6_Qt6_qml_QtQuick3D["QtQuick3D"]\n    node_venv_lib_python3_12_site-packages_PyQt6_Qt6_qml_QtQuick3D --> node_venv_lib_python3_12_site-packages_PyQt6_Qt6_qml_QtQuick3D_designer["designer"]\n    node_venv_lib_python3_12_site-packages_PyQt6_Qt6_qml_QtQuick3D_designer --> node_venv_lib_python3_12_site-packages_PyQt6_Qt6_qml_QtQuick3D_designer_SpotLightSpecifics_qml["SpotLightSpecifics.qml"]\n    Root --> node_venv["venv"]\n    node_venv --> node_venv_lib["lib"]\n    node_venv_lib --> node_venv_lib_python3_12["python3.12"]\n    node_venv_lib_python3_12 --> node_venv_lib_python3_12_site-packages["site-packages"]\n    node_venv_lib_python3_12_site-packages --> node_venv_lib_python3_12_site-packages_PyQt6["PyQt6"]\n    node_venv_lib_python3_12_site-packages_PyQt6 --> node_venv_lib_python3_12_site-packages_PyQt6_Qt6["Qt6"]\n    node_venv_lib_python3_12_site-packages_PyQt6_Qt6 --> node_venv_lib_python3_12_site-packages_PyQt6_Qt6_qml["qml"]\n    node_venv_lib_python3_12_site-packages_PyQt6_Qt6_qml --> node_venv_lib_python3_12_site-packages_PyQt6_Qt6_qml_QtQuick3D["QtQuick3D"]\n    node_venv_lib_python3_12_site-packages_PyQt6_Qt6_qml_QtQuick3D --> node_venv_lib_python3_12_site-packages_PyQt6_Qt6_qml_QtQuick3D_designer["designer"]\n    node_venv_lib_python3_12_site-packages_PyQt6_Qt6_qml_QtQuick3D_designer --> node_venv_lib_python3_12_site-packages_PyQt6_Qt6_qml_QtQuick3D_designer_TextureInputSection_qml["TextureInputSection.qml"]\n    Root --> node_venv["venv"]\n    node_venv --> node_venv_lib["lib"]\n    node_venv_lib --> node_venv_lib_python3_12["python3.12"]\n    node_venv_lib_python3_12 --> node_venv_lib_python3_12_site-packages["site-packages"]\n    node_venv_lib_python3_12_site-packages --> node_venv_lib_python3_12_site-packages_PyQt6["PyQt6"]\n    node_venv_lib_python3_12_site-packages_PyQt6 --> node_venv_lib_python3_12_site-packages_PyQt6_Qt6["Qt6"]\n    node_venv_lib_python3_12_site-packages_PyQt6_Qt6 --> node_venv_lib_python3_12_site-packages_PyQt6_Qt6_qml["qml"]\n    node_venv_lib_python3_12_site-packages_PyQt6_Qt6_qml --> node_venv_lib_python3_12_site-packages_PyQt6_Qt6_qml_QtQuick3D["QtQuick3D"]\n    node_venv_lib_python3_12_site-packages_PyQt6_Qt6_qml_QtQuick3D --> node_venv_lib_python3_12_site-packages_PyQt6_Qt6_qml_QtQuick3D_designer["designer"]\n    node_venv_lib_python3_12_site-packages_PyQt6_Qt6_qml_QtQuick3D_designer --> node_venv_lib_python3_12_site-packages_PyQt6_Qt6_qml_QtQuick3D_designer_TextureInputSpecifics_qml["TextureInputSpecifics.qml"]\n    Root --> node_venv["venv"]\n    node_venv --> node_venv_lib["lib"]\n    node_venv_lib --> node_venv_lib_python3_12["python3.12"]\n    node_venv_lib_python3_12 --> node_venv_lib_python3_12_site-packages["site-packages"]\n    node_venv_lib_python3_12_site-packages --> node_venv_lib_python3_12_site-packages_PyQt6["PyQt6"]\n    node_venv_lib_python3_12_site-packages_PyQt6 --> node_venv_lib_python3_12_site-packages_PyQt6_Qt6["Qt6"]\n    node_venv_lib_python3_12_site-packages_PyQt6_Qt6 --> node_venv_lib_python3_12_site-packages_PyQt6_Qt6_qml["qml"]\n    node_venv_lib_python3_12_site-packages_PyQt6_Qt6_qml --> node_venv_lib_python3_12_site-packages_PyQt6_Qt6_qml_QtQuick3D["QtQuick3D"]\n    node_venv_lib_python3_12_site-packages_PyQt6_Qt6_qml_QtQuick3D --> node_venv_lib_python3_12_site-packages_PyQt6_Qt6_qml_QtQuick3D_designer["designer"]\n    node_venv_lib_python3_12_site-packages_PyQt6_Qt6_qml_QtQuick3D_designer --> node_venv_lib_python3_12_site-packages_PyQt6_Qt6_qml_QtQuick3D_designer_TextureSection_qml["TextureSection.qml"]\n    Root --> node_venv["venv"]\n    node_venv --> node_venv_lib["lib"]\n    node_venv_lib --> node_venv_lib_python3_12["python3.12"]\n    node_venv_lib_python3_12 --> node_venv_lib_python3_12_site-packages["site-packages"]\n    node_venv_lib_python3_12_site-packages --> node_venv_lib_python3_12_site-packages_PyQt6["PyQt6"]\n    node_venv_lib_python3_12_site-packages_PyQt6 --> node_venv_lib_python3_12_site-packages_PyQt6_Qt6["Qt6"]\n    node_venv_lib_python3_12_site-packages_PyQt6_Qt6 --> node_venv_lib_python3_12_site-packages_PyQt6_Qt6_qml["qml"]\n    node_venv_lib_python3_12_site-packages_PyQt6_Qt6_qml --> node_venv_lib_python3_12_site-packages_PyQt6_Qt6_qml_QtQuick3D["QtQuick3D"]\n    node_venv_lib_python3_12_site-packages_PyQt6_Qt6_qml_QtQuick3D --> node_venv_lib_python3_12_site-packages_PyQt6_Qt6_qml_QtQuick3D_designer["designer"]\n    node_venv_lib_python3_12_site-packages_PyQt6_Qt6_qml_QtQuick3D_designer --> node_venv_lib_python3_12_site-packages_PyQt6_Qt6_qml_QtQuick3D_designer_TextureSpecifics_qml["TextureSpecifics.qml"]\n    Root --> node_venv["venv"]\n    node_venv --> node_venv_lib["lib"]\n    node_venv_lib --> node_venv_lib_python3_12["python3.12"]\n    node_venv_lib_python3_12 --> node_venv_lib_python3_12_site-packages["site-packages"]\n    node_venv_lib_python3_12_site-packages --> node_venv_lib_python3_12_site-packages_PyQt6["PyQt6"]\n    node_venv_lib_python3_12_site-packages_PyQt6 --> node_venv_lib_python3_12_site-packages_PyQt6_Qt6["Qt6"]\n    node_venv_lib_python3_12_site-packages_PyQt6_Qt6 --> node_venv_lib_python3_12_site-packages_PyQt6_Qt6_qml["qml"]\n    node_venv_lib_python3_12_site-packages_PyQt6_Qt6_qml --> node_venv_lib_python3_12_site-packages_PyQt6_Qt6_qml_QtQuick3D["QtQuick3D"]\n    node_venv_lib_python3_12_site-packages_PyQt6_Qt6_qml_QtQuick3D --> node_venv_lib_python3_12_site-packages_PyQt6_Qt6_qml_QtQuick3D_designer["designer"]\n    node_venv_lib_python3_12_site-packages_PyQt6_Qt6_qml_QtQuick3D_designer --> node_venv_lib_python3_12_site-packages_PyQt6_Qt6_qml_QtQuick3D_designer_View3DSection_qml["View3DSection.qml"]\n    Root --> node_venv["venv"]\n    node_venv --> node_venv_lib["lib"]\n    node_venv_lib --> node_venv_lib_python3_12["python3.12"]\n    node_venv_lib_python3_12 --> node_venv_lib_python3_12_site-packages["site-packages"]\n    node_venv_lib_python3_12_site-packages --> node_venv_lib_python3_12_site-packages_PyQt6["PyQt6"]\n    node_venv_lib_python3_12_site-packages_PyQt6 --> node_venv_lib_python3_12_site-packages_PyQt6_Qt6["Qt6"]\n    node_venv_lib_python3_12_site-packages_PyQt6_Qt6 --> node_venv_lib_python3_12_site-packages_PyQt6_Qt6_qml["qml"]\n    node_venv_lib_python3_12_site-packages_PyQt6_Qt6_qml --> node_venv_lib_python3_12_site-packages_PyQt6_Qt6_qml_QtQuick3D["QtQuick3D"]\n    node_venv_lib_python3_12_site-packages_PyQt6_Qt6_qml_QtQuick3D --> node_venv_lib_python3_12_site-packages_PyQt6_Qt6_qml_QtQuick3D_designer["designer"]\n    node_venv_lib_python3_12_site-packages_PyQt6_Qt6_qml_QtQuick3D_designer --> node_venv_lib_python3_12_site-packages_PyQt6_Qt6_qml_QtQuick3D_designer_View3DSpecifics_qml["View3DSpecifics.qml"]\n    Root --> node_venv["venv"]\n    node_venv --> node_venv_lib["lib"]\n    node_venv_lib --> node_venv_lib_python3_12["python3.12"]\n    node_venv_lib_python3_12 --> node_venv_lib_python3_12_site-packages["site-packages"]\n    node_venv_lib_python3_12_site-packages --> node_venv_lib_python3_12_site-packages_PyQt6["PyQt6"]\n    node_venv_lib_python3_12_site-packages_PyQt6 --> node_venv_lib_python3_12_site-packages_PyQt6_Qt6["Qt6"]\n    node_venv_lib_python3_12_site-packages_PyQt6_Qt6 --> node_venv_lib_python3_12_site-packages_PyQt6_Qt6_qml["qml"]\n    node_venv_lib_python3_12_site-packages_PyQt6_Qt6_qml --> node_venv_lib_python3_12_site-packages_PyQt6_Qt6_qml_QtQuick3D["QtQuick3D"]\n    node_venv_lib_python3_12_site-packages_PyQt6_Qt6_qml_QtQuick3D --> node_venv_lib_python3_12_site-packages_PyQt6_Qt6_qml_QtQuick3D_designer["designer"]\n    node_venv_lib_python3_12_site-packages_PyQt6_Qt6_qml_QtQuick3D_designer --> node_venv_lib_python3_12_site-packages_PyQt6_Qt6_qml_QtQuick3D_designer_propertyGroups_json["propertyGroups.json"]\n    Root --> node_venv["venv"]\n    node_venv --> node_venv_lib["lib"]\n    node_venv_lib --> node_venv_lib_python3_12["python3.12"]\n    node_venv_lib_python3_12 --> node_venv_lib_python3_12_site-packages["site-packages"]\n    node_venv_lib_python3_12_site-packages --> node_venv_lib_python3_12_site-packages_PyQt6["PyQt6"]\n    node_venv_lib_python3_12_site-packages_PyQt6 --> node_venv_lib_python3_12_site-packages_PyQt6_Qt6["Qt6"]\n    node_venv_lib_python3_12_site-packages_PyQt6_Qt6 --> node_venv_lib_python3_12_site-packages_PyQt6_Qt6_qml["qml"]\n    node_venv_lib_python3_12_site-packages_PyQt6_Qt6_qml --> node_venv_lib_python3_12_site-packages_PyQt6_Qt6_qml_QtQuick3D["QtQuick3D"]\n    node_venv_lib_python3_12_site-packages_PyQt6_Qt6_qml_QtQuick3D --> node_venv_lib_python3_12_site-packages_PyQt6_Qt6_qml_QtQuick3D_designer["designer"]\n    node_venv_lib_python3_12_site-packages_PyQt6_Qt6_qml_QtQuick3D_designer --> node_venv_lib_python3_12_site-packages_PyQt6_Qt6_qml_QtQuick3D_designer_quick3d_metainfo["quick3d.metainfo"]\n    Root --> node_venv["venv"]\n    node_venv --> node_venv_lib["lib"]\n    node_venv_lib --> node_venv_lib_python3_12["python3.12"]\n    node_venv_lib_python3_12 --> node_venv_lib_python3_12_site-packages["site-packages"]\n    node_venv_lib_python3_12_site-packages --> node_venv_lib_python3_12_site-packages_PyQt6["PyQt6"]\n    node_venv_lib_python3_12_site-packages_PyQt6 --> node_venv_lib_python3_12_site-packages_PyQt6_Qt6["Qt6"]\n    node_venv_lib_python3_12_site-packages_PyQt6_Qt6 --> node_venv_lib_python3_12_site-packages_PyQt6_Qt6_qml["qml"]\n    node_venv_lib_python3_12_site-packages_PyQt6_Qt6_qml --> node_venv_lib_python3_12_site-packages_PyQt6_Qt6_qml_QtQuick3D["QtQuick3D"]\n    node_venv_lib_python3_12_site-packages_PyQt6_Qt6_qml_QtQuick3D --> node_venv_lib_python3_12_site-packages_PyQt6_Qt6_qml_QtQuick3D_designer["designer"]\n    node_venv_lib_python3_12_site-packages_PyQt6_Qt6_qml_QtQuick3D_designer --> node_venv_lib_python3_12_site-packages_PyQt6_Qt6_qml_QtQuick3D_designer_images["images"]\n    node_venv_lib_python3_12_site-packages_PyQt6_Qt6_qml_QtQuick3D_designer_images --> node_venv_lib_python3_12_site-packages_PyQt6_Qt6_qml_QtQuick3D_designer_images_camera_png["camera.png"]\n    Root --> node_venv["venv"]\n    node_venv --> node_venv_lib["lib"]\n    node_venv_lib --> node_venv_lib_python3_12["python3.12"]\n    node_venv_lib_python3_12 --> node_venv_lib_python3_12_site-packages["site-packages"]\n    node_venv_lib_python3_12_site-packages --> node_venv_lib_python3_12_site-packages_PyQt6["PyQt6"]\n    node_venv_lib_python3_12_site-packages_PyQt6 --> node_venv_lib_python3_12_site-packages_PyQt6_Qt6["Qt6"]\n    node_venv_lib_python3_12_site-packages_PyQt6_Qt6 --> node_venv_lib_python3_12_site-packages_PyQt6_Qt6_qml["qml"]\n    node_venv_lib_python3_12_site-packages_PyQt6_Qt6_qml --> node_venv_lib_python3_12_site-packages_PyQt6_Qt6_qml_QtQuick3D["QtQuick3D"]\n    node_venv_lib_python3_12_site-packages_PyQt6_Qt6_qml_QtQuick3D --> node_venv_lib_python3_12_site-packages_PyQt6_Qt6_qml_QtQuick3D_designer["designer"]\n    node_venv_lib_python3_12_site-packages_PyQt6_Qt6_qml_QtQuick3D_designer --> node_venv_lib_python3_12_site-packages_PyQt6_Qt6_qml_QtQuick3D_designer_images["images"]\n    node_venv_lib_python3_12_site-packages_PyQt6_Qt6_qml_QtQuick3D_designer_images --> node_venv_lib_python3_12_site-packages_PyQt6_Qt6_qml_QtQuick3D_designer_images_camera16_png["camera16.png"]\n    Root --> node_venv["venv"]\n    node_venv --> node_venv_lib["lib"]\n    node_venv_lib --> node_venv_lib_python3_12["python3.12"]\n    node_venv_lib_python3_12 --> node_venv_lib_python3_12_site-packages["site-packages"]\n    node_venv_lib_python3_12_site-packages --> node_venv_lib_python3_12_site-packages_PyQt6["PyQt6"]\n    node_venv_lib_python3_12_site-packages_PyQt6 --> node_venv_lib_python3_12_site-packages_PyQt6_Qt6["Qt6"]\n    node_venv_lib_python3_12_site-packages_PyQt6_Qt6 --> node_venv_lib_python3_12_site-packages_PyQt6_Qt6_qml["qml"]\n    node_venv_lib_python3_12_site-packages_PyQt6_Qt6_qml --> node_venv_lib_python3_12_site-packages_PyQt6_Qt6_qml_QtQuick3D["QtQuick3D"]\n    node_venv_lib_python3_12_site-packages_PyQt6_Qt6_qml_QtQuick3D --> node_venv_lib_python3_12_site-packages_PyQt6_Qt6_qml_QtQuick3D_designer["designer"]\n    node_venv_lib_python3_12_site-packages_PyQt6_Qt6_qml_QtQuick3D_designer --> node_venv_lib_python3_12_site-packages_PyQt6_Qt6_qml_QtQuick3D_designer_images["images"]\n    node_venv_lib_python3_12_site-packages_PyQt6_Qt6_qml_QtQuick3D_designer_images --> node_venv_lib_python3_12_site-packages_PyQt6_Qt6_qml_QtQuick3D_designer_images_camera@2x_png["camera@2x.png"]\n    Root --> node_venv["venv"]\n    node_venv --> node_venv_lib["lib"]\n    node_venv_lib --> node_venv_lib_python3_12["python3.12"]\n    node_venv_lib_python3_12 --> node_venv_lib_python3_12_site-packages["site-packages"]\n    node_venv_lib_python3_12_site-packages --> node_venv_lib_python3_12_site-packages_PyQt6["PyQt6"]\n    node_venv_lib_python3_12_site-packages_PyQt6 --> node_venv_lib_python3_12_site-packages_PyQt6_Qt6["Qt6"]\n    node_venv_lib_python3_12_site-packages_PyQt6_Qt6 --> node_venv_lib_python3_12_site-packages_PyQt6_Qt6_qml["qml"]\n    node_venv_lib_python3_12_site-packages_PyQt6_Qt6_qml --> node_venv_lib_python3_12_site-packages_PyQt6_Qt6_qml_QtQuick3D["QtQuick3D"]\n    node_venv_lib_python3_12_site-packages_PyQt6_Qt6_qml_QtQuick3D --> node_venv_lib_python3_12_site-packages_PyQt6_Qt6_qml_QtQuick3D_designer["designer"]\n    node_venv_lib_python3_12_site-packages_PyQt6_Qt6_qml_QtQuick3D_designer --> node_venv_lib_python3_12_site-packages_PyQt6_Qt6_qml_QtQuick3D_designer_images["images"]\n    node_venv_lib_python3_12_site-packages_PyQt6_Qt6_qml_QtQuick3D_designer_images --> node_venv_lib_python3_12_site-packages_PyQt6_Qt6_qml_QtQuick3D_designer_images_cone_png["cone.png"]\n    Root --> node_venv["venv"]\n    node_venv --> node_venv_lib["lib"]\n    node_venv_lib --> node_venv_lib_python3_12["python3.12"]\n    node_venv_lib_python3_12 --> node_venv_lib_python3_12_site-packages["site-packages"]\n    node_venv_lib_python3_12_site-packages --> node_venv_lib_python3_12_site-packages_PyQt6["PyQt6"]\n    node_venv_lib_python3_12_site-packages_PyQt6 --> node_venv_lib_python3_12_site-packages_PyQt6_Qt6["Qt6"]\n    node_venv_lib_python3_12_site-packages_PyQt6_Qt6 --> node_venv_lib_python3_12_site-packages_PyQt6_Qt6_qml["qml"]\n    node_venv_lib_python3_12_site-packages_PyQt6_Qt6_qml --> node_venv_lib_python3_12_site-packages_PyQt6_Qt6_qml_QtQuick3D["QtQuick3D"]\n    node_venv_lib_python3_12_site-packages_PyQt6_Qt6_qml_QtQuick3D --> node_venv_lib_python3_12_site-packages_PyQt6_Qt6_qml_QtQuick3D_designer["designer"]\n    node_venv_lib_python3_12_site-packages_PyQt6_Qt6_qml_QtQuick3D_designer --> node_venv_lib_python3_12_site-packages_PyQt6_Qt6_qml_QtQuick3D_designer_images["images"]\n    node_venv_lib_python3_12_site-packages_PyQt6_Qt6_qml_QtQuick3D_designer_images --> node_venv_lib_python3_12_site-packages_PyQt6_Qt6_qml_QtQuick3D_designer_images_cone16_png["cone16.png"]\n    Root --> node_venv["venv"]\n    node_venv --> node_venv_lib["lib"]\n    node_venv_lib --> node_venv_lib_python3_12["python3.12"]\n    node_venv_lib_python3_12 --> node_venv_lib_python3_12_site-packages["site-packages"]\n    node_venv_lib_python3_12_site-packages --> node_venv_lib_python3_12_site-packages_PyQt6["PyQt6"]\n    node_venv_lib_python3_12_site-packages_PyQt6 --> node_venv_lib_python3_12_site-packages_PyQt6_Qt6["Qt6"]\n    node_venv_lib_python3_12_site-packages_PyQt6_Qt6 --> node_venv_lib_python3_12_site-packages_PyQt6_Qt6_qml["qml"]\n    node_venv_lib_python3_12_site-packages_PyQt6_Qt6_qml --> node_venv_lib_python3_12_site-packages_PyQt6_Qt6_qml_QtQuick3D["QtQuick3D"]\n    node_venv_lib_python3_12_site-packages_PyQt6_Qt6_qml_QtQuick3D --> node_venv_lib_python3_12_site-packages_PyQt6_Qt6_qml_QtQuick3D_designer["designer"]\n    node_venv_lib_python3_12_site-packages_PyQt6_Qt6_qml_QtQuick3D_designer --> node_venv_lib_python3_12_site-packages_PyQt6_Qt6_qml_QtQuick3D_designer_images["images"]\n    node_venv_lib_python3_12_site-packages_PyQt6_Qt6_qml_QtQuick3D_designer_images --> node_venv_lib_python3_12_site-packages_PyQt6_Qt6_qml_QtQuick3D_designer_images_cone@2x_png["cone@2x.png"]\n    Root --> node_venv["venv"]\n    node_venv --> node_venv_lib["lib"]\n    node_venv_lib --> node_venv_lib_python3_12["python3.12"]\n    node_venv_lib_python3_12 --> node_venv_lib_python3_12_site-packages["site-packages"]\n    node_venv_lib_python3_12_site-packages --> node_venv_lib_python3_12_site-packages_PyQt6["PyQt6"]\n    node_venv_lib_python3_12_site-packages_PyQt6 --> node_venv_lib_python3_12_site-packages_PyQt6_Qt6["Qt6"]\n    node_venv_lib_python3_12_site-packages_PyQt6_Qt6 --> node_venv_lib_python3_12_site-packages_PyQt6_Qt6_qml["qml"]\n    node_venv_lib_python3_12_site-packages_PyQt6_Qt6_qml --> node_venv_lib_python3_12_site-packages_PyQt6_Qt6_qml_QtQuick3D["QtQuick3D"]\n    node_venv_lib_python3_12_site-packages_PyQt6_Qt6_qml_QtQuick3D --> node_venv_lib_python3_12_site-packages_PyQt6_Qt6_qml_QtQuick3D_designer["designer"]\n    node_venv_lib_python3_12_site-packages_PyQt6_Qt6_qml_QtQuick3D_designer --> node_venv_lib_python3_12_site-packages_PyQt6_Qt6_qml_QtQuick3D_designer_images["images"]\n    node_venv_lib_python3_12_site-packages_PyQt6_Qt6_qml_QtQuick3D_designer_images --> node_venv_lib_python3_12_site-packages_PyQt6_Qt6_qml_QtQuick3D_designer_images_cube_png["cube.png"]\n    Root --> node_venv["venv"]\n    node_venv --> node_venv_lib["lib"]\n    node_venv_lib --> node_venv_lib_python3_12["python3.12"]\n    node_venv_lib_python3_12 --> node_venv_lib_python3_12_site-packages["site-packages"]\n    node_venv_lib_python3_12_site-packages --> node_venv_lib_python3_12_site-packages_PyQt6["PyQt6"]\n    node_venv_lib_python3_12_site-packages_PyQt6 --> node_venv_lib_python3_12_site-packages_PyQt6_Qt6["Qt6"]\n    node_venv_lib_python3_12_site-packages_PyQt6_Qt6 --> node_venv_lib_python3_12_site-packages_PyQt6_Qt6_qml["qml"]\n    node_venv_lib_python3_12_site-packages_PyQt6_Qt6_qml --> node_venv_lib_python3_12_site-packages_PyQt6_Qt6_qml_QtQuick3D["QtQuick3D"]\n    node_venv_lib_python3_12_site-packages_PyQt6_Qt6_qml_QtQuick3D --> node_venv_lib_python3_12_site-packages_PyQt6_Qt6_qml_QtQuick3D_designer["designer"]\n    node_venv_lib_python3_12_site-packages_PyQt6_Qt6_qml_QtQuick3D_designer --> node_venv_lib_python3_12_site-packages_PyQt6_Qt6_qml_QtQuick3D_designer_images["images"]\n    node_venv_lib_python3_12_site-packages_PyQt6_Qt6_qml_QtQuick3D_designer_images --> node_venv_lib_python3_12_site-packages_PyQt6_Qt6_qml_QtQuick3D_designer_images_cube16_png["cube16.png"]\n    Root --> node_venv["venv"]\n    node_venv --> node_venv_lib["lib"]\n    node_venv_lib --> node_venv_lib_python3_12["python3.12"]\n    node_venv_lib_python3_12 --> node_venv_lib_python3_12_site-packages["site-packages"]\n    node_venv_lib_python3_12_site-packages --> node_venv_lib_python3_12_site-packages_PyQt6["PyQt6"]\n    node_venv_lib_python3_12_site-packages_PyQt6 --> node_venv_lib_python3_12_site-packages_PyQt6_Qt6["Qt6"]\n    node_venv_lib_python3_12_site-packages_PyQt6_Qt6 --> node_venv_lib_python3_12_site-packages_PyQt6_Qt6_qml["qml"]\n    node_venv_lib_python3_12_site-packages_PyQt6_Qt6_qml --> node_venv_lib_python3_12_site-packages_PyQt6_Qt6_qml_QtQuick3D["QtQuick3D"]\n    node_venv_lib_python3_12_site-packages_PyQt6_Qt6_qml_QtQuick3D --> node_venv_lib_python3_12_site-packages_PyQt6_Qt6_qml_QtQuick3D_designer["designer"]\n    node_venv_lib_python3_12_site-packages_PyQt6_Qt6_qml_QtQuick3D_designer --> node_venv_lib_python3_12_site-packages_PyQt6_Qt6_qml_QtQuick3D_designer_images["images"]\n    node_venv_lib_python3_12_site-packages_PyQt6_Qt6_qml_QtQuick3D_designer_images --> node_venv_lib_python3_12_site-packages_PyQt6_Qt6_qml_QtQuick3D_designer_images_cube@2x_png["cube@2x.png"]\n    Root --> node_venv["venv"]\n    node_venv --> node_venv_lib["lib"]\n    node_venv_lib --> node_venv_lib_python3_12["python3.12"]\n    node_venv_lib_python3_12 --> node_venv_lib_python3_12_site-packages["site-packages"]\n    node_venv_lib_python3_12_site-packages --> node_venv_lib_python3_12_site-packages_PyQt6["PyQt6"]\n    node_venv_lib_python3_12_site-packages_PyQt6 --> node_venv_lib_python3_12_site-packages_PyQt6_Qt6["Qt6"]\n    node_venv_lib_python3_12_site-packages_PyQt6_Qt6 --> node_venv_lib_python3_12_site-packages_PyQt6_Qt6_qml["qml"]\n    node_venv_lib_python3_12_site-packages_PyQt6_Qt6_qml --> node_venv_lib_python3_12_site-packages_PyQt6_Qt6_qml_QtQuick3D["QtQuick3D"]\n    node_venv_lib_python3_12_site-packages_PyQt6_Qt6_qml_QtQuick3D --> node_venv_lib_python3_12_site-packages_PyQt6_Qt6_qml_QtQuick3D_designer["designer"]\n    node_venv_lib_python3_12_site-packages_PyQt6_Qt6_qml_QtQuick3D_designer --> node_venv_lib_python3_12_site-packages_PyQt6_Qt6_qml_QtQuick3D_designer_images["images"]\n    node_venv_lib_python3_12_site-packages_PyQt6_Qt6_qml_QtQuick3D_designer_images --> node_venv_lib_python3_12_site-packages_PyQt6_Qt6_qml_QtQuick3D_designer_images_cubemaptexture_png["cubemaptexture.png"]\n    Root --> node_venv["venv"]\n    node_venv --> node_venv_lib["lib"]\n    node_venv_lib --> node_venv_lib_python3_12["python3.12"]\n    node_venv_lib_python3_12 --> node_venv_lib_python3_12_site-packages["site-packages"]\n    node_venv_lib_python3_12_site-packages --> node_venv_lib_python3_12_site-packages_PyQt6["PyQt6"]\n    node_venv_lib_python3_12_site-packages_PyQt6 --> node_venv_lib_python3_12_site-packages_PyQt6_Qt6["Qt6"]\n    node_venv_lib_python3_12_site-packages_PyQt6_Qt6 --> node_venv_lib_python3_12_site-packages_PyQt6_Qt6_qml["qml"]\n    node_venv_lib_python3_12_site-packages_PyQt6_Qt6_qml --> node_venv_lib_python3_12_site-packages_PyQt6_Qt6_qml_QtQuick3D["QtQuick3D"]\n    node_venv_lib_python3_12_site-packages_PyQt6_Qt6_qml_QtQuick3D --> node_venv_lib_python3_12_site-packages_PyQt6_Qt6_qml_QtQuick3D_designer["designer"]\n    node_venv_lib_python3_12_site-packages_PyQt6_Qt6_qml_QtQuick3D_designer --> node_venv_lib_python3_12_site-packages_PyQt6_Qt6_qml_QtQuick3D_designer_images["images"]\n    node_venv_lib_python3_12_site-packages_PyQt6_Qt6_qml_QtQuick3D_designer_images --> node_venv_lib_python3_12_site-packages_PyQt6_Qt6_qml_QtQuick3D_designer_images_cubemaptexture16_png["cubemaptexture16.png"]\n    Root --> node_venv["venv"]\n    node_venv --> node_venv_lib["lib"]\n    node_venv_lib --> node_venv_lib_python3_12["python3.12"]\n    node_venv_lib_python3_12 --> node_venv_lib_python3_12_site-packages["site-packages"]\n    node_venv_lib_python3_12_site-packages --> node_venv_lib_python3_12_site-packages_PyQt6["PyQt6"]\n    node_venv_lib_python3_12_site-packages_PyQt6 --> node_venv_lib_python3_12_site-packages_PyQt6_Qt6["Qt6"]\n    node_venv_lib_python3_12_site-packages_PyQt6_Qt6 --> node_venv_lib_python3_12_site-packages_PyQt6_Qt6_qml["qml"]\n    node_venv_lib_python3_12_site-packages_PyQt6_Qt6_qml --> node_venv_lib_python3_12_site-packages_PyQt6_Qt6_qml_QtQuick3D["QtQuick3D"]\n    node_venv_lib_python3_12_site-packages_PyQt6_Qt6_qml_QtQuick3D --> node_venv_lib_python3_12_site-packages_PyQt6_Qt6_qml_QtQuick3D_designer["designer"]\n    node_venv_lib_python3_12_site-packages_PyQt6_Qt6_qml_QtQuick3D_designer --> node_venv_lib_python3_12_site-packages_PyQt6_Qt6_qml_QtQuick3D_designer_images["images"]\n    node_venv_lib_python3_12_site-packages_PyQt6_Qt6_qml_QtQuick3D_designer_images --> node_venv_lib_python3_12_site-packages_PyQt6_Qt6_qml_QtQuick3D_designer_images_cubemaptexture@2x_png["cubemaptexture@2x.png"]\n    Root --> node_venv["venv"]\n    node_venv --> node_venv_lib["lib"]\n    node_venv_lib --> node_venv_lib_python3_12["python3.12"]\n    node_venv_lib_python3_12 --> node_venv_lib_python3_12_site-packages["site-packages"]\n    node_venv_lib_python3_12_site-packages --> node_venv_lib_python3_12_site-packages_PyQt6["PyQt6"]\n    node_venv_lib_python3_12_site-packages_PyQt6 --> node_venv_lib_python3_12_site-packages_PyQt6_Qt6["Qt6"]\n    node_venv_lib_python3_12_site-packages_PyQt6_Qt6 --> node_venv_lib_python3_12_site-packages_PyQt6_Qt6_qml["qml"]\n    node_venv_lib_python3_12_site-packages_PyQt6_Qt6_qml --> node_venv_lib_python3_12_site-packages_PyQt6_Qt6_qml_QtQuick3D["QtQuick3D"]\n    node_venv_lib_python3_12_site-packages_PyQt6_Qt6_qml_QtQuick3D --> node_venv_lib_python3_12_site-packages_PyQt6_Qt6_qml_QtQuick3D_designer["designer"]\n    node_venv_lib_python3_12_site-packages_PyQt6_Qt6_qml_QtQuick3D_designer --> node_venv_lib_python3_12_site-packages_PyQt6_Qt6_qml_QtQuick3D_designer_images["images"]\n    node_venv_lib_python3_12_site-packages_PyQt6_Qt6_qml_QtQuick3D_designer_images --> node_venv_lib_python3_12_site-packages_PyQt6_Qt6_qml_QtQuick3D_designer_images_custommaterial_png["custommaterial.png"]\n    Root --> node_venv["venv"]\n    node_venv --> node_venv_lib["lib"]\n    node_venv_lib --> node_venv_lib_python3_12["python3.12"]\n    node_venv_lib_python3_12 --> node_venv_lib_python3_12_site-packages["site-packages"]\n    node_venv_lib_python3_12_site-packages --> node_venv_lib_python3_12_site-packages_PyQt6["PyQt6"]\n    node_venv_lib_python3_12_site-packages_PyQt6 --> node_venv_lib_python3_12_site-packages_PyQt6_Qt6["Qt6"]\n    node_venv_lib_python3_12_site-packages_PyQt6_Qt6 --> node_venv_lib_python3_12_site-packages_PyQt6_Qt6_qml["qml"]\n    node_venv_lib_python3_12_site-packages_PyQt6_Qt6_qml --> node_venv_lib_python3_12_site-packages_PyQt6_Qt6_qml_QtQuick3D["QtQuick3D"]\n    node_venv_lib_python3_12_site-packages_PyQt6_Qt6_qml_QtQuick3D --> node_venv_lib_python3_12_site-packages_PyQt6_Qt6_qml_QtQuick3D_designer["designer"]\n    node_venv_lib_python3_12_site-packages_PyQt6_Qt6_qml_QtQuick3D_designer --> node_venv_lib_python3_12_site-packages_PyQt6_Qt6_qml_QtQuick3D_designer_images["images"]\n    node_venv_lib_python3_12_site-packages_PyQt6_Qt6_qml_QtQuick3D_designer_images --> node_venv_lib_python3_12_site-packages_PyQt6_Qt6_qml_QtQuick3D_designer_images_custommaterial16_png["custommaterial16.png"]\n    Root --> node_venv["venv"]\n    node_venv --> node_venv_lib["lib"]\n    node_venv_lib --> node_venv_lib_python3_12["python3.12"]\n    node_venv_lib_python3_12 --> node_venv_lib_python3_12_site-packages["site-packages"]\n    node_venv_lib_python3_12_site-packages --> node_venv_lib_python3_12_site-packages_PyQt6["PyQt6"]\n    node_venv_lib_python3_12_site-packages_PyQt6 --> node_venv_lib_python3_12_site-packages_PyQt6_Qt6["Qt6"]\n    node_venv_lib_python3_12_site-packages_PyQt6_Qt6 --> node_venv_lib_python3_12_site-packages_PyQt6_Qt6_qml["qml"]\n    node_venv_lib_python3_12_site-packages_PyQt6_Qt6_qml --> node_venv_lib_python3_12_site-packages_PyQt6_Qt6_qml_QtQuick3D["QtQuick3D"]\n    node_venv_lib_python3_12_site-packages_PyQt6_Qt6_qml_QtQuick3D --> node_venv_lib_python3_12_site-packages_PyQt6_Qt6_qml_QtQuick3D_designer["designer"]\n    node_venv_lib_python3_12_site-packages_PyQt6_Qt6_qml_QtQuick3D_designer --> node_venv_lib_python3_12_site-packages_PyQt6_Qt6_qml_QtQuick3D_designer_images["images"]\n    node_venv_lib_python3_12_site-packages_PyQt6_Qt6_qml_QtQuick3D_designer_images --> node_venv_lib_python3_12_site-packages_PyQt6_Qt6_qml_QtQuick3D_designer_images_custommaterial@2x_png["custommaterial@2x.png"]\n    Root --> node_venv["venv"]\n    node_venv --> node_venv_lib["lib"]\n    node_venv_lib --> node_venv_lib_python3_12["python3.12"]\n    node_venv_lib_python3_12 --> node_venv_lib_python3_12_site-packages["site-packages"]\n    node_venv_lib_python3_12_site-packages --> node_venv_lib_python3_12_site-packages_PyQt6["PyQt6"]\n    node_venv_lib_python3_12_site-packages_PyQt6 --> node_venv_lib_python3_12_site-packages_PyQt6_Qt6["Qt6"]\n    node_venv_lib_python3_12_site-packages_PyQt6_Qt6 --> node_venv_lib_python3_12_site-packages_PyQt6_Qt6_qml["qml"]\n    node_venv_lib_python3_12_site-packages_PyQt6_Qt6_qml --> node_venv_lib_python3_12_site-packages_PyQt6_Qt6_qml_QtQuick3D["QtQuick3D"]\n    node_venv_lib_python3_12_site-packages_PyQt6_Qt6_qml_QtQuick3D --> node_venv_lib_python3_12_site-packages_PyQt6_Qt6_qml_QtQuick3D_designer["designer"]\n    node_venv_lib_python3_12_site-packages_PyQt6_Qt6_qml_QtQuick3D_designer --> node_venv_lib_python3_12_site-packages_PyQt6_Qt6_qml_QtQuick3D_designer_images["images"]\n    node_venv_lib_python3_12_site-packages_PyQt6_Qt6_qml_QtQuick3D_designer_images --> node_venv_lib_python3_12_site-packages_PyQt6_Qt6_qml_QtQuick3D_designer_images_cylinder_png["cylinder.png"]\n    Root --> node_venv["venv"]\n    node_venv --> node_venv_lib["lib"]\n    node_venv_lib --> node_venv_lib_python3_12["python3.12"]\n    node_venv_lib_python3_12 --> node_venv_lib_python3_12_site-packages["site-packages"]\n    node_venv_lib_python3_12_site-packages --> node_venv_lib_python3_12_site-packages_PyQt6["PyQt6"]\n    node_venv_lib_python3_12_site-packages_PyQt6 --> node_venv_lib_python3_12_site-packages_PyQt6_Qt6["Qt6"]\n    node_venv_lib_python3_12_site-packages_PyQt6_Qt6 --> node_venv_lib_python3_12_site-packages_PyQt6_Qt6_qml["qml"]\n    node_venv_lib_python3_12_site-packages_PyQt6_Qt6_qml --> node_venv_lib_python3_12_site-packages_PyQt6_Qt6_qml_QtQuick3D["QtQuick3D"]\n    node_venv_lib_python3_12_site-packages_PyQt6_Qt6_qml_QtQuick3D --> node_venv_lib_python3_12_site-packages_PyQt6_Qt6_qml_QtQuick3D_designer["designer"]\n    node_venv_lib_python3_12_site-packages_PyQt6_Qt6_qml_QtQuick3D_designer --> node_venv_lib_python3_12_site-packages_PyQt6_Qt6_qml_QtQuick3D_designer_images["images"]\n    node_venv_lib_python3_12_site-packages_PyQt6_Qt6_qml_QtQuick3D_designer_images --> node_venv_lib_python3_12_site-packages_PyQt6_Qt6_qml_QtQuick3D_designer_images_cylinder16_png["cylinder16.png"]\n    Root --> node_venv["venv"]\n    node_venv --> node_venv_lib["lib"]\n    node_venv_lib --> node_venv_lib_python3_12["python3.12"]\n    node_venv_lib_python3_12 --> node_venv_lib_python3_12_site-packages["site-packages"]\n    node_venv_lib_python3_12_site-packages --> node_venv_lib_python3_12_site-packages_PyQt6["PyQt6"]\n    node_venv_lib_python3_12_site-packages_PyQt6 --> node_venv_lib_python3_12_site-packages_PyQt6_Qt6["Qt6"]\n    node_venv_lib_python3_12_site-packages_PyQt6_Qt6 --> node_venv_lib_python3_12_site-packages_PyQt6_Qt6_qml["qml"]\n    node_venv_lib_python3_12_site-packages_PyQt6_Qt6_qml --> node_venv_lib_python3_12_site-packages_PyQt6_Qt6_qml_QtQuick3D["QtQuick3D"]\n    node_venv_lib_python3_12_site-packages_PyQt6_Qt6_qml_QtQuick3D --> node_venv_lib_python3_12_site-packages_PyQt6_Qt6_qml_QtQuick3D_designer["designer"]\n    node_venv_lib_python3_12_site-packages_PyQt6_Qt6_qml_QtQuick3D_designer --> node_venv_lib_python3_12_site-packages_PyQt6_Qt6_qml_QtQuick3D_designer_images["images"]\n    node_venv_lib_python3_12_site-packages_PyQt6_Qt6_qml_QtQuick3D_designer_images --> node_venv_lib_python3_12_site-packages_PyQt6_Qt6_qml_QtQuick3D_designer_images_cylinder@2x_png["cylinder@2x.png"]\n    Root --> node_venv["venv"]\n    node_venv --> node_venv_lib["lib"]\n    node_venv_lib --> node_venv_lib_python3_12["python3.12"]\n    node_venv_lib_python3_12 --> node_venv_lib_python3_12_site-packages["site-packages"]\n    node_venv_lib_python3_12_site-packages --> node_venv_lib_python3_12_site-packages_PyQt6["PyQt6"]\n    node_venv_lib_python3_12_site-packages_PyQt6 --> node_venv_lib_python3_12_site-packages_PyQt6_Qt6["Qt6"]\n    node_venv_lib_python3_12_site-packages_PyQt6_Qt6 --> node_venv_lib_python3_12_site-packages_PyQt6_Qt6_qml["qml"]\n    node_venv_lib_python3_12_site-packages_PyQt6_Qt6_qml --> node_venv_lib_python3_12_site-packages_PyQt6_Qt6_qml_QtQuick3D["QtQuick3D"]\n    node_venv_lib_python3_12_site-packages_PyQt6_Qt6_qml_QtQuick3D --> node_venv_lib_python3_12_site-packages_PyQt6_Qt6_qml_QtQuick3D_designer["designer"]\n    node_venv_lib_python3_12_site-packages_PyQt6_Qt6_qml_QtQuick3D_designer --> node_venv_lib_python3_12_site-packages_PyQt6_Qt6_qml_QtQuick3D_designer_images["images"]\n    node_venv_lib_python3_12_site-packages_PyQt6_Qt6_qml_QtQuick3D_designer_images --> node_venv_lib_python3_12_site-packages_PyQt6_Qt6_qml_QtQuick3D_designer_images_debugsettings_png["debugsettings.png"]\n    Root --> node_venv["venv"]\n    node_venv --> node_venv_lib["lib"]\n    node_venv_lib --> node_venv_lib_python3_12["python3.12"]\n    node_venv_lib_python3_12 --> node_venv_lib_python3_12_site-packages["site-packages"]\n    node_venv_lib_python3_12_site-packages --> node_venv_lib_python3_12_site-packages_PyQt6["PyQt6"]\n    node_venv_lib_python3_12_site-packages_PyQt6 --> node_venv_lib_python3_12_site-packages_PyQt6_Qt6["Qt6"]\n    node_venv_lib_python3_12_site-packages_PyQt6_Qt6 --> node_venv_lib_python3_12_site-packages_PyQt6_Qt6_qml["qml"]\n    node_venv_lib_python3_12_site-packages_PyQt6_Qt6_qml --> node_venv_lib_python3_12_site-packages_PyQt6_Qt6_qml_QtQuick3D["QtQuick3D"]\n    node_venv_lib_python3_12_site-packages_PyQt6_Qt6_qml_QtQuick3D --> node_venv_lib_python3_12_site-packages_PyQt6_Qt6_qml_QtQuick3D_designer["designer"]\n    node_venv_lib_python3_12_site-packages_PyQt6_Qt6_qml_QtQuick3D_designer --> node_venv_lib_python3_12_site-packages_PyQt6_Qt6_qml_QtQuick3D_designer_images["images"]\n    node_venv_lib_python3_12_site-packages_PyQt6_Qt6_qml_QtQuick3D_designer_images --> node_venv_lib_python3_12_site-packages_PyQt6_Qt6_qml_QtQuick3D_designer_images_debugsettings16_png["debugsettings16.png"]\n    Root --> node_venv["venv"]\n    node_venv --> node_venv_lib["lib"]\n    node_venv_lib --> node_venv_lib_python3_12["python3.12"]\n    node_venv_lib_python3_12 --> node_venv_lib_python3_12_site-packages["site-packages"]\n    node_venv_lib_python3_12_site-packages --> node_venv_lib_python3_12_site-packages_PyQt6["PyQt6"]\n    node_venv_lib_python3_12_site-packages_PyQt6 --> node_venv_lib_python3_12_site-packages_PyQt6_Qt6["Qt6"]\n    node_venv_lib_python3_12_site-packages_PyQt6_Qt6 --> node_venv_lib_python3_12_site-packages_PyQt6_Qt6_qml["qml"]\n    node_venv_lib_python3_12_site-packages_PyQt6_Qt6_qml --> node_venv_lib_python3_12_site-packages_PyQt6_Qt6_qml_QtQuick3D["QtQuick3D"]\n    node_venv_lib_python3_12_site-packages_PyQt6_Qt6_qml_QtQuick3D --> node_venv_lib_python3_12_site-packages_PyQt6_Qt6_qml_QtQuick3D_designer["designer"]\n    node_venv_lib_python3_12_site-packages_PyQt6_Qt6_qml_QtQuick3D_designer --> node_venv_lib_python3_12_site-packages_PyQt6_Qt6_qml_QtQuick3D_designer_images["images"]\n    node_venv_lib_python3_12_site-packages_PyQt6_Qt6_qml_QtQuick3D_designer_images --> node_venv_lib_python3_12_site-packages_PyQt6_Qt6_qml_QtQuick3D_designer_images_debugsettings@2x_png["debugsettings@2x.png"]\n    Root --> node_venv["venv"]\n    node_venv --> node_venv_lib["lib"]\n    node_venv_lib --> node_venv_lib_python3_12["python3.12"]\n    node_venv_lib_python3_12 --> node_venv_lib_python3_12_site-packages["site-packages"]\n    node_venv_lib_python3_12_site-packages --> node_venv_lib_python3_12_site-packages_PyQt6["PyQt6"]\n    node_venv_lib_python3_12_site-packages_PyQt6 --> node_venv_lib_python3_12_site-packages_PyQt6_Qt6["Qt6"]\n    node_venv_lib_python3_12_site-packages_PyQt6_Qt6 --> node_venv_lib_python3_12_site-packages_PyQt6_Qt6_qml["qml"]\n    node_venv_lib_python3_12_site-packages_PyQt6_Qt6_qml --> node_venv_lib_python3_12_site-packages_PyQt6_Qt6_qml_QtQuick3D["QtQuick3D"]\n    node_venv_lib_python3_12_site-packages_PyQt6_Qt6_qml_QtQuick3D --> node_venv_lib_python3_12_site-packages_PyQt6_Qt6_qml_QtQuick3D_designer["designer"]\n    node_venv_lib_python3_12_site-packages_PyQt6_Qt6_qml_QtQuick3D_designer --> node_venv_lib_python3_12_site-packages_PyQt6_Qt6_qml_QtQuick3D_designer_images["images"]\n    node_venv_lib_python3_12_site-packages_PyQt6_Qt6_qml_QtQuick3D_designer_images --> node_venv_lib_python3_12_site-packages_PyQt6_Qt6_qml_QtQuick3D_designer_images_dummy_png["dummy.png"]\n    Root --> node_venv["venv"]\n    node_venv --> node_venv_lib["lib"]\n    node_venv_lib --> node_venv_lib_python3_12["python3.12"]\n    node_venv_lib_python3_12 --> node_venv_lib_python3_12_site-packages["site-packages"]\n    node_venv_lib_python3_12_site-packages --> node_venv_lib_python3_12_site-packages_PyQt6["PyQt6"]\n    node_venv_lib_python3_12_site-packages_PyQt6 --> node_venv_lib_python3_12_site-packages_PyQt6_Qt6["Qt6"]\n    node_venv_lib_python3_12_site-packages_PyQt6_Qt6 --> node_venv_lib_python3_12_site-packages_PyQt6_Qt6_qml["qml"]\n    node_venv_lib_python3_12_site-packages_PyQt6_Qt6_qml --> node_venv_lib_python3_12_site-packages_PyQt6_Qt6_qml_QtQuick3D["QtQuick3D"]\n    node_venv_lib_python3_12_site-packages_PyQt6_Qt6_qml_QtQuick3D --> node_venv_lib_python3_12_site-packages_PyQt6_Qt6_qml_QtQuick3D_designer["designer"]\n    node_venv_lib_python3_12_site-packages_PyQt6_Qt6_qml_QtQuick3D_designer --> node_venv_lib_python3_12_site-packages_PyQt6_Qt6_qml_QtQuick3D_designer_images["images"]\n    node_venv_lib_python3_12_site-packages_PyQt6_Qt6_qml_QtQuick3D_designer_images --> node_venv_lib_python3_12_site-packages_PyQt6_Qt6_qml_QtQuick3D_designer_images_dummy16_png["dummy16.png"]\n    Root --> node_venv["venv"]\n    node_venv --> node_venv_lib["lib"]\n    node_venv_lib --> node_venv_lib_python3_12["python3.12"]\n    node_venv_lib_python3_12 --> node_venv_lib_python3_12_site-packages["site-packages"]\n    node_venv_lib_python3_12_site-packages --> node_venv_lib_python3_12_site-packages_PyQt6["PyQt6"]\n    node_venv_lib_python3_12_site-packages_PyQt6 --> node_venv_lib_python3_12_site-packages_PyQt6_Qt6["Qt6"]\n    node_venv_lib_python3_12_site-packages_PyQt6_Qt6 --> node_venv_lib_python3_12_site-packages_PyQt6_Qt6_qml["qml"]\n    node_venv_lib_python3_12_site-packages_PyQt6_Qt6_qml --> node_venv_lib_python3_12_site-packages_PyQt6_Qt6_qml_QtQuick3D["QtQuick3D"]\n    node_venv_lib_python3_12_site-packages_PyQt6_Qt6_qml_QtQuick3D --> node_venv_lib_python3_12_site-packages_PyQt6_Qt6_qml_QtQuick3D_designer["designer"]\n    node_venv_lib_python3_12_site-packages_PyQt6_Qt6_qml_QtQuick3D_designer --> node_venv_lib_python3_12_site-packages_PyQt6_Qt6_qml_QtQuick3D_designer_images["images"]\n    node_venv_lib_python3_12_site-packages_PyQt6_Qt6_qml_QtQuick3D_designer_images --> node_venv_lib_python3_12_site-packages_PyQt6_Qt6_qml_QtQuick3D_designer_images_dummy@2x_png["dummy@2x.png"]\n    Root --> node_venv["venv"]\n    node_venv --> node_venv_lib["lib"]\n    node_venv_lib --> node_venv_lib_python3_12["python3.12"]\n    node_venv_lib_python3_12 --> node_venv_lib_python3_12_site-packages["site-packages"]\n    node_venv_lib_python3_12_site-packages --> node_venv_lib_python3_12_site-packages_PyQt6["PyQt6"]\n    node_venv_lib_python3_12_site-packages_PyQt6 --> node_venv_lib_python3_12_site-packages_PyQt6_Qt6["Qt6"]\n    node_venv_lib_python3_12_site-packages_PyQt6_Qt6 --> node_venv_lib_python3_12_site-packages_PyQt6_Qt6_qml["qml"]\n    node_venv_lib_python3_12_site-packages_PyQt6_Qt6_qml --> node_venv_lib_python3_12_site-packages_PyQt6_Qt6_qml_QtQuick3D["QtQuick3D"]\n    node_venv_lib_python3_12_site-packages_PyQt6_Qt6_qml_QtQuick3D --> node_venv_lib_python3_12_site-packages_PyQt6_Qt6_qml_QtQuick3D_designer["designer"]\n    node_venv_lib_python3_12_site-packages_PyQt6_Qt6_qml_QtQuick3D_designer --> node_venv_lib_python3_12_site-packages_PyQt6_Qt6_qml_QtQuick3D_designer_images["images"]\n    node_venv_lib_python3_12_site-packages_PyQt6_Qt6_qml_QtQuick3D_designer_images --> node_venv_lib_python3_12_site-packages_PyQt6_Qt6_qml_QtQuick3D_designer_images_effect_png["effect.png"]\n    Root --> node_venv["venv"]\n    node_venv --> node_venv_lib["lib"]\n    node_venv_lib --> node_venv_lib_python3_12["python3.12"]\n    node_venv_lib_python3_12 --> node_venv_lib_python3_12_site-packages["site-packages"]\n    node_venv_lib_python3_12_site-packages --> node_venv_lib_python3_12_site-packages_PyQt6["PyQt6"]\n    node_venv_lib_python3_12_site-packages_PyQt6 --> node_venv_lib_python3_12_site-packages_PyQt6_Qt6["Qt6"]\n    node_venv_lib_python3_12_site-packages_PyQt6_Qt6 --> node_venv_lib_python3_12_site-packages_PyQt6_Qt6_qml["qml"]\n    node_venv_lib_python3_12_site-packages_PyQt6_Qt6_qml --> node_venv_lib_python3_12_site-packages_PyQt6_Qt6_qml_QtQuick3D["QtQuick3D"]\n    node_venv_lib_python3_12_site-packages_PyQt6_Qt6_qml_QtQuick3D --> node_venv_lib_python3_12_site-packages_PyQt6_Qt6_qml_QtQuick3D_designer["designer"]\n    node_venv_lib_python3_12_site-packages_PyQt6_Qt6_qml_QtQuick3D_designer --> node_venv_lib_python3_12_site-packages_PyQt6_Qt6_qml_QtQuick3D_designer_images["images"]\n    node_venv_lib_python3_12_site-packages_PyQt6_Qt6_qml_QtQuick3D_designer_images --> node_venv_lib_python3_12_site-packages_PyQt6_Qt6_qml_QtQuick3D_designer_images_effect16_png["effect16.png"]\n    Root --> node_venv["venv"]\n    node_venv --> node_venv_lib["lib"]\n    node_venv_lib --> node_venv_lib_python3_12["python3.12"]\n    node_venv_lib_python3_12 --> node_venv_lib_python3_12_site-packages["site-packages"]\n    node_venv_lib_python3_12_site-packages --> node_venv_lib_python3_12_site-packages_PyQt6["PyQt6"]\n    node_venv_lib_python3_12_site-packages_PyQt6 --> node_venv_lib_python3_12_site-packages_PyQt6_Qt6["Qt6"]\n    node_venv_lib_python3_12_site-packages_PyQt6_Qt6 --> node_venv_lib_python3_12_site-packages_PyQt6_Qt6_qml["qml"]\n    node_venv_lib_python3_12_site-packages_PyQt6_Qt6_qml --> node_venv_lib_python3_12_site-packages_PyQt6_Qt6_qml_QtQuick3D["QtQuick3D"]\n    node_venv_lib_python3_12_site-packages_PyQt6_Qt6_qml_QtQuick3D --> node_venv_lib_python3_12_site-packages_PyQt6_Qt6_qml_QtQuick3D_designer["designer"]\n    node_venv_lib_python3_12_site-packages_PyQt6_Qt6_qml_QtQuick3D_designer --> node_venv_lib_python3_12_site-packages_PyQt6_Qt6_qml_QtQuick3D_designer_images["images"]\n    node_venv_lib_python3_12_site-packages_PyQt6_Qt6_qml_QtQuick3D_designer_images --> node_venv_lib_python3_12_site-packages_PyQt6_Qt6_qml_QtQuick3D_designer_images_effect@2x_png["effect@2x.png"]\n    Root --> node_venv["venv"]\n    node_venv --> node_venv_lib["lib"]\n    node_venv_lib --> node_venv_lib_python3_12["python3.12"]\n    node_venv_lib_python3_12 --> node_venv_lib_python3_12_site-packages["site-packages"]\n    node_venv_lib_python3_12_site-packages --> node_venv_lib_python3_12_site-packages_PyQt6["PyQt6"]\n    node_venv_lib_python3_12_site-packages_PyQt6 --> node_venv_lib_python3_12_site-packages_PyQt6_Qt6["Qt6"]\n    node_venv_lib_python3_12_site-packages_PyQt6_Qt6 --> node_venv_lib_python3_12_site-packages_PyQt6_Qt6_qml["qml"]\n    node_venv_lib_python3_12_site-packages_PyQt6_Qt6_qml --> node_venv_lib_python3_12_site-packages_PyQt6_Qt6_qml_QtQuick3D["QtQuick3D"]\n    node_venv_lib_python3_12_site-packages_PyQt6_Qt6_qml_QtQuick3D --> node_venv_lib_python3_12_site-packages_PyQt6_Qt6_qml_QtQuick3D_designer["designer"]\n    node_venv_lib_python3_12_site-packages_PyQt6_Qt6_qml_QtQuick3D_designer --> node_venv_lib_python3_12_site-packages_PyQt6_Qt6_qml_QtQuick3D_designer_images["images"]\n    node_venv_lib_python3_12_site-packages_PyQt6_Qt6_qml_QtQuick3D_designer_images --> node_venv_lib_python3_12_site-packages_PyQt6_Qt6_qml_QtQuick3D_designer_images_fileinstancing_png["fileinstancing.png"]\n    Root --> node_venv["venv"]\n    node_venv --> node_venv_lib["lib"]\n    node_venv_lib --> node_venv_lib_python3_12["python3.12"]\n    node_venv_lib_python3_12 --> node_venv_lib_python3_12_site-packages["site-packages"]\n    node_venv_lib_python3_12_site-packages --> node_venv_lib_python3_12_site-packages_PyQt6["PyQt6"]\n    node_venv_lib_python3_12_site-packages_PyQt6 --> node_venv_lib_python3_12_site-packages_PyQt6_Qt6["Qt6"]\n    node_venv_lib_python3_12_site-packages_PyQt6_Qt6 --> node_venv_lib_python3_12_site-packages_PyQt6_Qt6_qml["qml"]\n    node_venv_lib_python3_12_site-packages_PyQt6_Qt6_qml --> node_venv_lib_python3_12_site-packages_PyQt6_Qt6_qml_QtQuick3D["QtQuick3D"]\n    node_venv_lib_python3_12_site-packages_PyQt6_Qt6_qml_QtQuick3D --> node_venv_lib_python3_12_site-packages_PyQt6_Qt6_qml_QtQuick3D_designer["designer"]\n    node_venv_lib_python3_12_site-packages_PyQt6_Qt6_qml_QtQuick3D_designer --> node_venv_lib_python3_12_site-packages_PyQt6_Qt6_qml_QtQuick3D_designer_images["images"]\n    node_venv_lib_python3_12_site-packages_PyQt6_Qt6_qml_QtQuick3D_designer_images --> node_venv_lib_python3_12_site-packages_PyQt6_Qt6_qml_QtQuick3D_designer_images_fileinstancing16_png["fileinstancing16.png"]\n    Root --> node_venv["venv"]\n    node_venv --> node_venv_lib["lib"]\n    node_venv_lib --> node_venv_lib_python3_12["python3.12"]\n    node_venv_lib_python3_12 --> node_venv_lib_python3_12_site-packages["site-packages"]\n    node_venv_lib_python3_12_site-packages --> node_venv_lib_python3_12_site-packages_PyQt6["PyQt6"]\n    node_venv_lib_python3_12_site-packages_PyQt6 --> node_venv_lib_python3_12_site-packages_PyQt6_Qt6["Qt6"]\n    node_venv_lib_python3_12_site-packages_PyQt6_Qt6 --> node_venv_lib_python3_12_site-packages_PyQt6_Qt6_qml["qml"]\n    node_venv_lib_python3_12_site-packages_PyQt6_Qt6_qml --> node_venv_lib_python3_12_site-packages_PyQt6_Qt6_qml_QtQuick3D["QtQuick3D"]\n    node_venv_lib_python3_12_site-packages_PyQt6_Qt6_qml_QtQuick3D --> node_venv_lib_python3_12_site-packages_PyQt6_Qt6_qml_QtQuick3D_designer["designer"]\n    node_venv_lib_python3_12_site-packages_PyQt6_Qt6_qml_QtQuick3D_designer --> node_venv_lib_python3_12_site-packages_PyQt6_Qt6_qml_QtQuick3D_designer_images["images"]\n    node_venv_lib_python3_12_site-packages_PyQt6_Qt6_qml_QtQuick3D_designer_images --> node_venv_lib_python3_12_site-packages_PyQt6_Qt6_qml_QtQuick3D_designer_images_fileinstancing@2x_png["fileinstancing@2x.png"]\n    Root --> node_venv["venv"]\n    node_venv --> node_venv_lib["lib"]\n    node_venv_lib --> node_venv_lib_python3_12["python3.12"]\n    node_venv_lib_python3_12 --> node_venv_lib_python3_12_site-packages["site-packages"]\n    node_venv_lib_python3_12_site-packages --> node_venv_lib_python3_12_site-packages_PyQt6["PyQt6"]\n    node_venv_lib_python3_12_site-packages_PyQt6 --> node_venv_lib_python3_12_site-packages_PyQt6_Qt6["Qt6"]\n    node_venv_lib_python3_12_site-packages_PyQt6_Qt6 --> node_venv_lib_python3_12_site-packages_PyQt6_Qt6_qml["qml"]\n    node_venv_lib_python3_12_site-packages_PyQt6_Qt6_qml --> node_venv_lib_python3_12_site-packages_PyQt6_Qt6_qml_QtQuick3D["QtQuick3D"]\n    node_venv_lib_python3_12_site-packages_PyQt6_Qt6_qml_QtQuick3D --> node_venv_lib_python3_12_site-packages_PyQt6_Qt6_qml_QtQuick3D_designer["designer"]\n    node_venv_lib_python3_12_site-packages_PyQt6_Qt6_qml_QtQuick3D_designer --> node_venv_lib_python3_12_site-packages_PyQt6_Qt6_qml_QtQuick3D_designer_images["images"]\n    node_venv_lib_python3_12_site-packages_PyQt6_Qt6_qml_QtQuick3D_designer_images --> node_venv_lib_python3_12_site-packages_PyQt6_Qt6_qml_QtQuick3D_designer_images_fog_png["fog.png"]\n    Root --> node_venv["venv"]\n    node_venv --> node_venv_lib["lib"]\n    node_venv_lib --> node_venv_lib_python3_12["python3.12"]\n    node_venv_lib_python3_12 --> node_venv_lib_python3_12_site-packages["site-packages"]\n    node_venv_lib_python3_12_site-packages --> node_venv_lib_python3_12_site-packages_PyQt6["PyQt6"]\n    node_venv_lib_python3_12_site-packages_PyQt6 --> node_venv_lib_python3_12_site-packages_PyQt6_Qt6["Qt6"]\n    node_venv_lib_python3_12_site-packages_PyQt6_Qt6 --> node_venv_lib_python3_12_site-packages_PyQt6_Qt6_qml["qml"]\n    node_venv_lib_python3_12_site-packages_PyQt6_Qt6_qml --> node_venv_lib_python3_12_site-packages_PyQt6_Qt6_qml_QtQuick3D["QtQuick3D"]\n    node_venv_lib_python3_12_site-packages_PyQt6_Qt6_qml_QtQuick3D --> node_venv_lib_python3_12_site-packages_PyQt6_Qt6_qml_QtQuick3D_designer["designer"]\n    node_venv_lib_python3_12_site-packages_PyQt6_Qt6_qml_QtQuick3D_designer --> node_venv_lib_python3_12_site-packages_PyQt6_Qt6_qml_QtQuick3D_designer_images["images"]\n    node_venv_lib_python3_12_site-packages_PyQt6_Qt6_qml_QtQuick3D_designer_images --> node_venv_lib_python3_12_site-packages_PyQt6_Qt6_qml_QtQuick3D_designer_images_fog16_png["fog16.png"]\n    Root --> node_venv["venv"]\n    node_venv --> node_venv_lib["lib"]\n    node_venv_lib --> node_venv_lib_python3_12["python3.12"]\n    node_venv_lib_python3_12 --> node_venv_lib_python3_12_site-packages["site-packages"]\n    node_venv_lib_python3_12_site-packages --> node_venv_lib_python3_12_site-packages_PyQt6["PyQt6"]\n    node_venv_lib_python3_12_site-packages_PyQt6 --> node_venv_lib_python3_12_site-packages_PyQt6_Qt6["Qt6"]\n    node_venv_lib_python3_12_site-packages_PyQt6_Qt6 --> node_venv_lib_python3_12_site-packages_PyQt6_Qt6_qml["qml"]\n    node_venv_lib_python3_12_site-packages_PyQt6_Qt6_qml --> node_venv_lib_python3_12_site-packages_PyQt6_Qt6_qml_QtQuick3D["QtQuick3D"]\n    node_venv_lib_python3_12_site-packages_PyQt6_Qt6_qml_QtQuick3D --> node_venv_lib_python3_12_site-packages_PyQt6_Qt6_qml_QtQuick3D_designer["designer"]\n    node_venv_lib_python3_12_site-packages_PyQt6_Qt6_qml_QtQuick3D_designer --> node_venv_lib_python3_12_site-packages_PyQt6_Qt6_qml_QtQuick3D_designer_images["images"]\n    node_venv_lib_python3_12_site-packages_PyQt6_Qt6_qml_QtQuick3D_designer_images --> node_venv_lib_python3_12_site-packages_PyQt6_Qt6_qml_QtQuick3D_designer_images_fog@2x_png["fog@2x.png"]\n    Root --> node_venv["venv"]\n    node_venv --> node_venv_lib["lib"]\n    node_venv_lib --> node_venv_lib_python3_12["python3.12"]\n    node_venv_lib_python3_12 --> node_venv_lib_python3_12_site-packages["site-packages"]\n    node_venv_lib_python3_12_site-packages --> node_venv_lib_python3_12_site-packages_PyQt6["PyQt6"]\n    node_venv_lib_python3_12_site-packages_PyQt6 --> node_venv_lib_python3_12_site-packages_PyQt6_Qt6["Qt6"]\n    node_venv_lib_python3_12_site-packages_PyQt6_Qt6 --> node_venv_lib_python3_12_site-packages_PyQt6_Qt6_qml["qml"]\n    node_venv_lib_python3_12_site-packages_PyQt6_Qt6_qml --> node_venv_lib_python3_12_site-packages_PyQt6_Qt6_qml_QtQuick3D["QtQuick3D"]\n    node_venv_lib_python3_12_site-packages_PyQt6_Qt6_qml_QtQuick3D --> node_venv_lib_python3_12_site-packages_PyQt6_Qt6_qml_QtQuick3D_designer["designer"]\n    node_venv_lib_python3_12_site-packages_PyQt6_Qt6_qml_QtQuick3D_designer --> node_venv_lib_python3_12_site-packages_PyQt6_Qt6_qml_QtQuick3D_designer_images["images"]\n    node_venv_lib_python3_12_site-packages_PyQt6_Qt6_qml_QtQuick3D_designer_images --> node_venv_lib_python3_12_site-packages_PyQt6_Qt6_qml_QtQuick3D_designer_images_group_png["group.png"]\n    Root --> node_venv["venv"]\n    node_venv --> node_venv_lib["lib"]\n    node_venv_lib --> node_venv_lib_python3_12["python3.12"]\n    node_venv_lib_python3_12 --> node_venv_lib_python3_12_site-packages["site-packages"]\n    node_venv_lib_python3_12_site-packages --> node_venv_lib_python3_12_site-packages_PyQt6["PyQt6"]\n    node_venv_lib_python3_12_site-packages_PyQt6 --> node_venv_lib_python3_12_site-packages_PyQt6_Qt6["Qt6"]\n    node_venv_lib_python3_12_site-packages_PyQt6_Qt6 --> node_venv_lib_python3_12_site-packages_PyQt6_Qt6_qml["qml"]\n    node_venv_lib_python3_12_site-packages_PyQt6_Qt6_qml --> node_venv_lib_python3_12_site-packages_PyQt6_Qt6_qml_QtQuick3D["QtQuick3D"]\n    node_venv_lib_python3_12_site-packages_PyQt6_Qt6_qml_QtQuick3D --> node_venv_lib_python3_12_site-packages_PyQt6_Qt6_qml_QtQuick3D_designer["designer"]\n    node_venv_lib_python3_12_site-packages_PyQt6_Qt6_qml_QtQuick3D_designer --> node_venv_lib_python3_12_site-packages_PyQt6_Qt6_qml_QtQuick3D_designer_images["images"]\n    node_venv_lib_python3_12_site-packages_PyQt6_Qt6_qml_QtQuick3D_designer_images --> node_venv_lib_python3_12_site-packages_PyQt6_Qt6_qml_QtQuick3D_designer_images_group16_png["group16.png"]\n    Root --> node_venv["venv"]\n    node_venv --> node_venv_lib["lib"]\n    node_venv_lib --> node_venv_lib_python3_12["python3.12"]\n    node_venv_lib_python3_12 --> node_venv_lib_python3_12_site-packages["site-packages"]\n    node_venv_lib_python3_12_site-packages --> node_venv_lib_python3_12_site-packages_PyQt6["PyQt6"]\n    node_venv_lib_python3_12_site-packages_PyQt6 --> node_venv_lib_python3_12_site-packages_PyQt6_Qt6["Qt6"]\n    node_venv_lib_python3_12_site-packages_PyQt6_Qt6 --> node_venv_lib_python3_12_site-packages_PyQt6_Qt6_qml["qml"]\n    node_venv_lib_python3_12_site-packages_PyQt6_Qt6_qml --> node_venv_lib_python3_12_site-packages_PyQt6_Qt6_qml_QtQuick3D["QtQuick3D"]\n    node_venv_lib_python3_12_site-packages_PyQt6_Qt6_qml_QtQuick3D --> node_venv_lib_python3_12_site-packages_PyQt6_Qt6_qml_QtQuick3D_designer["designer"]\n    node_venv_lib_python3_12_site-packages_PyQt6_Qt6_qml_QtQuick3D_designer --> node_venv_lib_python3_12_site-packages_PyQt6_Qt6_qml_QtQuick3D_designer_images["images"]\n    node_venv_lib_python3_12_site-packages_PyQt6_Qt6_qml_QtQuick3D_designer_images --> node_venv_lib_python3_12_site-packages_PyQt6_Qt6_qml_QtQuick3D_designer_images_group@2x_png["group@2x.png"]\n    Root --> node_venv["venv"]\n    node_venv --> node_venv_lib["lib"]\n    node_venv_lib --> node_venv_lib_python3_12["python3.12"]\n    node_venv_lib_python3_12 --> node_venv_lib_python3_12_site-packages["site-packages"]\n    node_venv_lib_python3_12_site-packages --> node_venv_lib_python3_12_site-packages_PyQt6["PyQt6"]\n    node_venv_lib_python3_12_site-packages_PyQt6 --> node_venv_lib_python3_12_site-packages_PyQt6_Qt6["Qt6"]\n    node_venv_lib_python3_12_site-packages_PyQt6_Qt6 --> node_venv_lib_python3_12_site-packages_PyQt6_Qt6_qml["qml"]\n    node_venv_lib_python3_12_site-packages_PyQt6_Qt6_qml --> node_venv_lib_python3_12_site-packages_PyQt6_Qt6_qml_QtQuick3D["QtQuick3D"]\n    node_venv_lib_python3_12_site-packages_PyQt6_Qt6_qml_QtQuick3D --> node_venv_lib_python3_12_site-packages_PyQt6_Qt6_qml_QtQuick3D_designer["designer"]\n    node_venv_lib_python3_12_site-packages_PyQt6_Qt6_qml_QtQuick3D_designer --> node_venv_lib_python3_12_site-packages_PyQt6_Qt6_qml_QtQuick3D_designer_images["images"]\n    node_venv_lib_python3_12_site-packages_PyQt6_Qt6_qml_QtQuick3D_designer_images --> node_venv_lib_python3_12_site-packages_PyQt6_Qt6_qml_QtQuick3D_designer_images_instancelist_png["instancelist.png"]\n    Root --> node_venv["venv"]\n    node_venv --> node_venv_lib["lib"]\n    node_venv_lib --> node_venv_lib_python3_12["python3.12"]\n    node_venv_lib_python3_12 --> node_venv_lib_python3_12_site-packages["site-packages"]\n    node_venv_lib_python3_12_site-packages --> node_venv_lib_python3_12_site-packages_PyQt6["PyQt6"]\n    node_venv_lib_python3_12_site-packages_PyQt6 --> node_venv_lib_python3_12_site-packages_PyQt6_Qt6["Qt6"]\n    node_venv_lib_python3_12_site-packages_PyQt6_Qt6 --> node_venv_lib_python3_12_site-packages_PyQt6_Qt6_qml["qml"]\n    node_venv_lib_python3_12_site-packages_PyQt6_Qt6_qml --> node_venv_lib_python3_12_site-packages_PyQt6_Qt6_qml_QtQuick3D["QtQuick3D"]\n    node_venv_lib_python3_12_site-packages_PyQt6_Qt6_qml_QtQuick3D --> node_venv_lib_python3_12_site-packages_PyQt6_Qt6_qml_QtQuick3D_designer["designer"]\n    node_venv_lib_python3_12_site-packages_PyQt6_Qt6_qml_QtQuick3D_designer --> node_venv_lib_python3_12_site-packages_PyQt6_Qt6_qml_QtQuick3D_designer_images["images"]\n    node_venv_lib_python3_12_site-packages_PyQt6_Qt6_qml_QtQuick3D_designer_images --> node_venv_lib_python3_12_site-packages_PyQt6_Qt6_qml_QtQuick3D_designer_images_instancelist16_png["instancelist16.png"]\n    Root --> node_venv["venv"]\n    node_venv --> node_venv_lib["lib"]\n    node_venv_lib --> node_venv_lib_python3_12["python3.12"]\n    node_venv_lib_python3_12 --> node_venv_lib_python3_12_site-packages["site-packages"]\n    node_venv_lib_python3_12_site-packages --> node_venv_lib_python3_12_site-packages_PyQt6["PyQt6"]\n    node_venv_lib_python3_12_site-packages_PyQt6 --> node_venv_lib_python3_12_site-packages_PyQt6_Qt6["Qt6"]\n    node_venv_lib_python3_12_site-packages_PyQt6_Qt6 --> node_venv_lib_python3_12_site-packages_PyQt6_Qt6_qml["qml"]\n    node_venv_lib_python3_12_site-packages_PyQt6_Qt6_qml --> node_venv_lib_python3_12_site-packages_PyQt6_Qt6_qml_QtQuick3D["QtQuick3D"]\n    node_venv_lib_python3_12_site-packages_PyQt6_Qt6_qml_QtQuick3D --> node_venv_lib_python3_12_site-packages_PyQt6_Qt6_qml_QtQuick3D_designer["designer"]\n    node_venv_lib_python3_12_site-packages_PyQt6_Qt6_qml_QtQuick3D_designer --> node_venv_lib_python3_12_site-packages_PyQt6_Qt6_qml_QtQuick3D_designer_images["images"]\n    node_venv_lib_python3_12_site-packages_PyQt6_Qt6_qml_QtQuick3D_designer_images --> node_venv_lib_python3_12_site-packages_PyQt6_Qt6_qml_QtQuick3D_designer_images_instancelist@2x_png["instancelist@2x.png"]\n    Root --> node_venv["venv"]\n    node_venv --> node_venv_lib["lib"]\n    node_venv_lib --> node_venv_lib_python3_12["python3.12"]\n    node_venv_lib_python3_12 --> node_venv_lib_python3_12_site-packages["site-packages"]\n    node_venv_lib_python3_12_site-packages --> node_venv_lib_python3_12_site-packages_PyQt6["PyQt6"]\n    node_venv_lib_python3_12_site-packages_PyQt6 --> node_venv_lib_python3_12_site-packages_PyQt6_Qt6["Qt6"]\n    node_venv_lib_python3_12_site-packages_PyQt6_Qt6 --> node_venv_lib_python3_12_site-packages_PyQt6_Qt6_qml["qml"]\n    node_venv_lib_python3_12_site-packages_PyQt6_Qt6_qml --> node_venv_lib_python3_12_site-packages_PyQt6_Qt6_qml_QtQuick3D["QtQuick3D"]\n    node_venv_lib_python3_12_site-packages_PyQt6_Qt6_qml_QtQuick3D --> node_venv_lib_python3_12_site-packages_PyQt6_Qt6_qml_QtQuick3D_designer["designer"]\n    node_venv_lib_python3_12_site-packages_PyQt6_Qt6_qml_QtQuick3D_designer --> node_venv_lib_python3_12_site-packages_PyQt6_Qt6_qml_QtQuick3D_designer_images["images"]\n    node_venv_lib_python3_12_site-packages_PyQt6_Qt6_qml_QtQuick3D_designer_images --> node_venv_lib_python3_12_site-packages_PyQt6_Qt6_qml_QtQuick3D_designer_images_instancelistentry_png["instancelistentry.png"]\n    Root --> node_venv["venv"]\n    node_venv --> node_venv_lib["lib"]\n    node_venv_lib --> node_venv_lib_python3_12["python3.12"]\n    node_venv_lib_python3_12 --> node_venv_lib_python3_12_site-packages["site-packages"]\n    node_venv_lib_python3_12_site-packages --> node_venv_lib_python3_12_site-packages_PyQt6["PyQt6"]\n    node_venv_lib_python3_12_site-packages_PyQt6 --> node_venv_lib_python3_12_site-packages_PyQt6_Qt6["Qt6"]\n    node_venv_lib_python3_12_site-packages_PyQt6_Qt6 --> node_venv_lib_python3_12_site-packages_PyQt6_Qt6_qml["qml"]\n    node_venv_lib_python3_12_site-packages_PyQt6_Qt6_qml --> node_venv_lib_python3_12_site-packages_PyQt6_Qt6_qml_QtQuick3D["QtQuick3D"]\n    node_venv_lib_python3_12_site-packages_PyQt6_Qt6_qml_QtQuick3D --> node_venv_lib_python3_12_site-packages_PyQt6_Qt6_qml_QtQuick3D_designer["designer"]\n    node_venv_lib_python3_12_site-packages_PyQt6_Qt6_qml_QtQuick3D_designer --> node_venv_lib_python3_12_site-packages_PyQt6_Qt6_qml_QtQuick3D_designer_images["images"]\n    node_venv_lib_python3_12_site-packages_PyQt6_Qt6_qml_QtQuick3D_designer_images --> node_venv_lib_python3_12_site-packages_PyQt6_Qt6_qml_QtQuick3D_designer_images_instancelistentry16_png["instancelistentry16.png"]\n    Root --> node_venv["venv"]\n    node_venv --> node_venv_lib["lib"]\n    node_venv_lib --> node_venv_lib_python3_12["python3.12"]\n    node_venv_lib_python3_12 --> node_venv_lib_python3_12_site-packages["site-packages"]\n    node_venv_lib_python3_12_site-packages --> node_venv_lib_python3_12_site-packages_PyQt6["PyQt6"]\n    node_venv_lib_python3_12_site-packages_PyQt6 --> node_venv_lib_python3_12_site-packages_PyQt6_Qt6["Qt6"]\n    node_venv_lib_python3_12_site-packages_PyQt6_Qt6 --> node_venv_lib_python3_12_site-packages_PyQt6_Qt6_qml["qml"]\n    node_venv_lib_python3_12_site-packages_PyQt6_Qt6_qml --> node_venv_lib_python3_12_site-packages_PyQt6_Qt6_qml_QtQuick3D["QtQuick3D"]\n    node_venv_lib_python3_12_site-packages_PyQt6_Qt6_qml_QtQuick3D --> node_venv_lib_python3_12_site-packages_PyQt6_Qt6_qml_QtQuick3D_designer["designer"]\n    node_venv_lib_python3_12_site-packages_PyQt6_Qt6_qml_QtQuick3D_designer --> node_venv_lib_python3_12_site-packages_PyQt6_Qt6_qml_QtQuick3D_designer_images["images"]\n    node_venv_lib_python3_12_site-packages_PyQt6_Qt6_qml_QtQuick3D_designer_images --> node_venv_lib_python3_12_site-packages_PyQt6_Qt6_qml_QtQuick3D_designer_images_instancelistentry@2x_png["instancelistentry@2x.png"]\n    Root --> node_venv["venv"]\n    node_venv --> node_venv_lib["lib"]\n    node_venv_lib --> node_venv_lib_python3_12["python3.12"]\n    node_venv_lib_python3_12 --> node_venv_lib_python3_12_site-packages["site-packages"]\n    node_venv_lib_python3_12_site-packages --> node_venv_lib_python3_12_site-packages_PyQt6["PyQt6"]\n    node_venv_lib_python3_12_site-packages_PyQt6 --> node_venv_lib_python3_12_site-packages_PyQt6_Qt6["Qt6"]\n    node_venv_lib_python3_12_site-packages_PyQt6_Qt6 --> node_venv_lib_python3_12_site-packages_PyQt6_Qt6_qml["qml"]\n    node_venv_lib_python3_12_site-packages_PyQt6_Qt6_qml --> node_venv_lib_python3_12_site-packages_PyQt6_Qt6_qml_QtQuick3D["QtQuick3D"]\n    node_venv_lib_python3_12_site-packages_PyQt6_Qt6_qml_QtQuick3D --> node_venv_lib_python3_12_site-packages_PyQt6_Qt6_qml_QtQuick3D_designer["designer"]\n    node_venv_lib_python3_12_site-packages_PyQt6_Qt6_qml_QtQuick3D_designer --> node_venv_lib_python3_12_site-packages_PyQt6_Qt6_qml_QtQuick3D_designer_images["images"]\n    node_venv_lib_python3_12_site-packages_PyQt6_Qt6_qml_QtQuick3D_designer_images --> node_venv_lib_python3_12_site-packages_PyQt6_Qt6_qml_QtQuick3D_designer_images_joint_png["joint.png"]\n    Root --> node_venv["venv"]\n    node_venv --> node_venv_lib["lib"]\n    node_venv_lib --> node_venv_lib_python3_12["python3.12"]\n    node_venv_lib_python3_12 --> node_venv_lib_python3_12_site-packages["site-packages"]\n    node_venv_lib_python3_12_site-packages --> node_venv_lib_python3_12_site-packages_PyQt6["PyQt6"]\n    node_venv_lib_python3_12_site-packages_PyQt6 --> node_venv_lib_python3_12_site-packages_PyQt6_Qt6["Qt6"]\n    node_venv_lib_python3_12_site-packages_PyQt6_Qt6 --> node_venv_lib_python3_12_site-packages_PyQt6_Qt6_qml["qml"]\n    node_venv_lib_python3_12_site-packages_PyQt6_Qt6_qml --> node_venv_lib_python3_12_site-packages_PyQt6_Qt6_qml_QtQuick3D["QtQuick3D"]\n    node_venv_lib_python3_12_site-packages_PyQt6_Qt6_qml_QtQuick3D --> node_venv_lib_python3_12_site-packages_PyQt6_Qt6_qml_QtQuick3D_designer["designer"]\n    node_venv_lib_python3_12_site-packages_PyQt6_Qt6_qml_QtQuick3D_designer --> node_venv_lib_python3_12_site-packages_PyQt6_Qt6_qml_QtQuick3D_designer_images["images"]\n    node_venv_lib_python3_12_site-packages_PyQt6_Qt6_qml_QtQuick3D_designer_images --> node_venv_lib_python3_12_site-packages_PyQt6_Qt6_qml_QtQuick3D_designer_images_joint16_png["joint16.png"]\n    Root --> node_venv["venv"]\n    node_venv --> node_venv_lib["lib"]\n    node_venv_lib --> node_venv_lib_python3_12["python3.12"]\n    node_venv_lib_python3_12 --> node_venv_lib_python3_12_site-packages["site-packages"]\n    node_venv_lib_python3_12_site-packages --> node_venv_lib_python3_12_site-packages_PyQt6["PyQt6"]\n    node_venv_lib_python3_12_site-packages_PyQt6 --> node_venv_lib_python3_12_site-packages_PyQt6_Qt6["Qt6"]\n    node_venv_lib_python3_12_site-packages_PyQt6_Qt6 --> node_venv_lib_python3_12_site-packages_PyQt6_Qt6_qml["qml"]\n    node_venv_lib_python3_12_site-packages_PyQt6_Qt6_qml --> node_venv_lib_python3_12_site-packages_PyQt6_Qt6_qml_QtQuick3D["QtQuick3D"]\n    node_venv_lib_python3_12_site-packages_PyQt6_Qt6_qml_QtQuick3D --> node_venv_lib_python3_12_site-packages_PyQt6_Qt6_qml_QtQuick3D_designer["designer"]\n    node_venv_lib_python3_12_site-packages_PyQt6_Qt6_qml_QtQuick3D_designer --> node_venv_lib_python3_12_site-packages_PyQt6_Qt6_qml_QtQuick3D_designer_images["images"]\n    node_venv_lib_python3_12_site-packages_PyQt6_Qt6_qml_QtQuick3D_designer_images --> node_venv_lib_python3_12_site-packages_PyQt6_Qt6_qml_QtQuick3D_designer_images_joint@2x_png["joint@2x.png"]\n    Root --> node_venv["venv"]\n    node_venv --> node_venv_lib["lib"]\n    node_venv_lib --> node_venv_lib_python3_12["python3.12"]\n    node_venv_lib_python3_12 --> node_venv_lib_python3_12_site-packages["site-packages"]\n    node_venv_lib_python3_12_site-packages --> node_venv_lib_python3_12_site-packages_PyQt6["PyQt6"]\n    node_venv_lib_python3_12_site-packages_PyQt6 --> node_venv_lib_python3_12_site-packages_PyQt6_Qt6["Qt6"]\n    node_venv_lib_python3_12_site-packages_PyQt6_Qt6 --> node_venv_lib_python3_12_site-packages_PyQt6_Qt6_qml["qml"]\n    node_venv_lib_python3_12_site-packages_PyQt6_Qt6_qml --> node_venv_lib_python3_12_site-packages_PyQt6_Qt6_qml_QtQuick3D["QtQuick3D"]\n    node_venv_lib_python3_12_site-packages_PyQt6_Qt6_qml_QtQuick3D --> node_venv_lib_python3_12_site-packages_PyQt6_Qt6_qml_QtQuick3D_designer["designer"]\n    node_venv_lib_python3_12_site-packages_PyQt6_Qt6_qml_QtQuick3D_designer --> node_venv_lib_python3_12_site-packages_PyQt6_Qt6_qml_QtQuick3D_designer_images["images"]\n    node_venv_lib_python3_12_site-packages_PyQt6_Qt6_qml_QtQuick3D_designer_images --> node_venv_lib_python3_12_site-packages_PyQt6_Qt6_qml_QtQuick3D_designer_images_lightdirectional_png["lightdirectional.png"]\n    Root --> node_venv["venv"]\n    node_venv --> node_venv_lib["lib"]\n    node_venv_lib --> node_venv_lib_python3_12["python3.12"]\n    node_venv_lib_python3_12 --> node_venv_lib_python3_12_site-packages["site-packages"]\n    node_venv_lib_python3_12_site-packages --> node_venv_lib_python3_12_site-packages_PyQt6["PyQt6"]\n    node_venv_lib_python3_12_site-packages_PyQt6 --> node_venv_lib_python3_12_site-packages_PyQt6_Qt6["Qt6"]\n    node_venv_lib_python3_12_site-packages_PyQt6_Qt6 --> node_venv_lib_python3_12_site-packages_PyQt6_Qt6_qml["qml"]\n    node_venv_lib_python3_12_site-packages_PyQt6_Qt6_qml --> node_venv_lib_python3_12_site-packages_PyQt6_Qt6_qml_QtQuick3D["QtQuick3D"]\n    node_venv_lib_python3_12_site-packages_PyQt6_Qt6_qml_QtQuick3D --> node_venv_lib_python3_12_site-packages_PyQt6_Qt6_qml_QtQuick3D_designer["designer"]\n    node_venv_lib_python3_12_site-packages_PyQt6_Qt6_qml_QtQuick3D_designer --> node_venv_lib_python3_12_site-packages_PyQt6_Qt6_qml_QtQuick3D_designer_images["images"]\n    node_venv_lib_python3_12_site-packages_PyQt6_Qt6_qml_QtQuick3D_designer_images --> node_venv_lib_python3_12_site-packages_PyQt6_Qt6_qml_QtQuick3D_designer_images_lightdirectional16_png["lightdirectional16.png"]\n    Root --> node_venv["venv"]\n    node_venv --> node_venv_lib["lib"]\n    node_venv_lib --> node_venv_lib_python3_12["python3.12"]\n    node_venv_lib_python3_12 --> node_venv_lib_python3_12_site-packages["site-packages"]\n    node_venv_lib_python3_12_site-packages --> node_venv_lib_python3_12_site-packages_PyQt6["PyQt6"]\n    node_venv_lib_python3_12_site-packages_PyQt6 --> node_venv_lib_python3_12_site-packages_PyQt6_Qt6["Qt6"]\n    node_venv_lib_python3_12_site-packages_PyQt6_Qt6 --> node_venv_lib_python3_12_site-packages_PyQt6_Qt6_qml["qml"]\n    node_venv_lib_python3_12_site-packages_PyQt6_Qt6_qml --> node_venv_lib_python3_12_site-packages_PyQt6_Qt6_qml_QtQuick3D["QtQuick3D"]\n    node_venv_lib_python3_12_site-packages_PyQt6_Qt6_qml_QtQuick3D --> node_venv_lib_python3_12_site-packages_PyQt6_Qt6_qml_QtQuick3D_designer["designer"]\n    node_venv_lib_python3_12_site-packages_PyQt6_Qt6_qml_QtQuick3D_designer --> node_venv_lib_python3_12_site-packages_PyQt6_Qt6_qml_QtQuick3D_designer_images["images"]\n    node_venv_lib_python3_12_site-packages_PyQt6_Qt6_qml_QtQuick3D_designer_images --> node_venv_lib_python3_12_site-packages_PyQt6_Qt6_qml_QtQuick3D_designer_images_lightdirectional@2x_png["lightdirectional@2x.png"]\n    Root --> node_venv["venv"]\n    node_venv --> node_venv_lib["lib"]\n    node_venv_lib --> node_venv_lib_python3_12["python3.12"]\n    node_venv_lib_python3_12 --> node_venv_lib_python3_12_site-packages["site-packages"]\n    node_venv_lib_python3_12_site-packages --> node_venv_lib_python3_12_site-packages_PyQt6["PyQt6"]\n    node_venv_lib_python3_12_site-packages_PyQt6 --> node_venv_lib_python3_12_site-packages_PyQt6_Qt6["Qt6"]\n    node_venv_lib_python3_12_site-packages_PyQt6_Qt6 --> node_venv_lib_python3_12_site-packages_PyQt6_Qt6_qml["qml"]\n    node_venv_lib_python3_12_site-packages_PyQt6_Qt6_qml --> node_venv_lib_python3_12_site-packages_PyQt6_Qt6_qml_QtQuick3D["QtQuick3D"]\n    node_venv_lib_python3_12_site-packages_PyQt6_Qt6_qml_QtQuick3D --> node_venv_lib_python3_12_site-packages_PyQt6_Qt6_qml_QtQuick3D_designer["designer"]\n    node_venv_lib_python3_12_site-packages_PyQt6_Qt6_qml_QtQuick3D_designer --> node_venv_lib_python3_12_site-packages_PyQt6_Qt6_qml_QtQuick3D_designer_images["images"]\n    node_venv_lib_python3_12_site-packages_PyQt6_Qt6_qml_QtQuick3D_designer_images --> node_venv_lib_python3_12_site-packages_PyQt6_Qt6_qml_QtQuick3D_designer_images_lightmapper_png["lightmapper.png"]\n    Root --> node_venv["venv"]\n    node_venv --> node_venv_lib["lib"]\n    node_venv_lib --> node_venv_lib_python3_12["python3.12"]\n    node_venv_lib_python3_12 --> node_venv_lib_python3_12_site-packages["site-packages"]\n    node_venv_lib_python3_12_site-packages --> node_venv_lib_python3_12_site-packages_PyQt6["PyQt6"]\n    node_venv_lib_python3_12_site-packages_PyQt6 --> node_venv_lib_python3_12_site-packages_PyQt6_Qt6["Qt6"]\n    node_venv_lib_python3_12_site-packages_PyQt6_Qt6 --> node_venv_lib_python3_12_site-packages_PyQt6_Qt6_qml["qml"]\n    node_venv_lib_python3_12_site-packages_PyQt6_Qt6_qml --> node_venv_lib_python3_12_site-packages_PyQt6_Qt6_qml_QtQuick3D["QtQuick3D"]\n    node_venv_lib_python3_12_site-packages_PyQt6_Qt6_qml_QtQuick3D --> node_venv_lib_python3_12_site-packages_PyQt6_Qt6_qml_QtQuick3D_designer["designer"]\n    node_venv_lib_python3_12_site-packages_PyQt6_Qt6_qml_QtQuick3D_designer --> node_venv_lib_python3_12_site-packages_PyQt6_Qt6_qml_QtQuick3D_designer_images["images"]\n    node_venv_lib_python3_12_site-packages_PyQt6_Qt6_qml_QtQuick3D_designer_images --> node_venv_lib_python3_12_site-packages_PyQt6_Qt6_qml_QtQuick3D_designer_images_lightmapper16_png["lightmapper16.png"]\n    Root --> node_venv["venv"]\n    node_venv --> node_venv_lib["lib"]\n    node_venv_lib --> node_venv_lib_python3_12["python3.12"]\n    node_venv_lib_python3_12 --> node_venv_lib_python3_12_site-packages["site-packages"]\n    node_venv_lib_python3_12_site-packages --> node_venv_lib_python3_12_site-packages_PyQt6["PyQt6"]\n    node_venv_lib_python3_12_site-packages_PyQt6 --> node_venv_lib_python3_12_site-packages_PyQt6_Qt6["Qt6"]\n    node_venv_lib_python3_12_site-packages_PyQt6_Qt6 --> node_venv_lib_python3_12_site-packages_PyQt6_Qt6_qml["qml"]\n    node_venv_lib_python3_12_site-packages_PyQt6_Qt6_qml --> node_venv_lib_python3_12_site-packages_PyQt6_Qt6_qml_QtQuick3D["QtQuick3D"]\n    node_venv_lib_python3_12_site-packages_PyQt6_Qt6_qml_QtQuick3D --> node_venv_lib_python3_12_site-packages_PyQt6_Qt6_qml_QtQuick3D_designer["designer"]\n    node_venv_lib_python3_12_site-packages_PyQt6_Qt6_qml_QtQuick3D_designer --> node_venv_lib_python3_12_site-packages_PyQt6_Qt6_qml_QtQuick3D_designer_images["images"]\n    node_venv_lib_python3_12_site-packages_PyQt6_Qt6_qml_QtQuick3D_designer_images --> node_venv_lib_python3_12_site-packages_PyQt6_Qt6_qml_QtQuick3D_designer_images_lightmapper@2x_png["lightmapper@2x.png"]\n    Root --> node_venv["venv"]\n    node_venv --> node_venv_lib["lib"]\n    node_venv_lib --> node_venv_lib_python3_12["python3.12"]\n    node_venv_lib_python3_12 --> node_venv_lib_python3_12_site-packages["site-packages"]\n    node_venv_lib_python3_12_site-packages --> node_venv_lib_python3_12_site-packages_PyQt6["PyQt6"]\n    node_venv_lib_python3_12_site-packages_PyQt6 --> node_venv_lib_python3_12_site-packages_PyQt6_Qt6["Qt6"]\n    node_venv_lib_python3_12_site-packages_PyQt6_Qt6 --> node_venv_lib_python3_12_site-packages_PyQt6_Qt6_qml["qml"]\n    node_venv_lib_python3_12_site-packages_PyQt6_Qt6_qml --> node_venv_lib_python3_12_site-packages_PyQt6_Qt6_qml_QtQuick3D["QtQuick3D"]\n    node_venv_lib_python3_12_site-packages_PyQt6_Qt6_qml_QtQuick3D --> node_venv_lib_python3_12_site-packages_PyQt6_Qt6_qml_QtQuick3D_designer["designer"]\n    node_venv_lib_python3_12_site-packages_PyQt6_Qt6_qml_QtQuick3D_designer --> node_venv_lib_python3_12_site-packages_PyQt6_Qt6_qml_QtQuick3D_designer_images["images"]\n    node_venv_lib_python3_12_site-packages_PyQt6_Qt6_qml_QtQuick3D_designer_images --> node_venv_lib_python3_12_site-packages_PyQt6_Qt6_qml_QtQuick3D_designer_images_lightpoint_png["lightpoint.png"]\n    Root --> node_venv["venv"]\n    node_venv --> node_venv_lib["lib"]\n    node_venv_lib --> node_venv_lib_python3_12["python3.12"]\n    node_venv_lib_python3_12 --> node_venv_lib_python3_12_site-packages["site-packages"]\n    node_venv_lib_python3_12_site-packages --> node_venv_lib_python3_12_site-packages_PyQt6["PyQt6"]\n    node_venv_lib_python3_12_site-packages_PyQt6 --> node_venv_lib_python3_12_site-packages_PyQt6_Qt6["Qt6"]\n    node_venv_lib_python3_12_site-packages_PyQt6_Qt6 --> node_venv_lib_python3_12_site-packages_PyQt6_Qt6_qml["qml"]\n    node_venv_lib_python3_12_site-packages_PyQt6_Qt6_qml --> node_venv_lib_python3_12_site-packages_PyQt6_Qt6_qml_QtQuick3D["QtQuick3D"]\n    node_venv_lib_python3_12_site-packages_PyQt6_Qt6_qml_QtQuick3D --> node_venv_lib_python3_12_site-packages_PyQt6_Qt6_qml_QtQuick3D_designer["designer"]\n    node_venv_lib_python3_12_site-packages_PyQt6_Qt6_qml_QtQuick3D_designer --> node_venv_lib_python3_12_site-packages_PyQt6_Qt6_qml_QtQuick3D_designer_images["images"]\n    node_venv_lib_python3_12_site-packages_PyQt6_Qt6_qml_QtQuick3D_designer_images --> node_venv_lib_python3_12_site-packages_PyQt6_Qt6_qml_QtQuick3D_designer_images_lightpoint16_png["lightpoint16.png"]\n    Root --> node_venv["venv"]\n    node_venv --> node_venv_lib["lib"]\n    node_venv_lib --> node_venv_lib_python3_12["python3.12"]\n    node_venv_lib_python3_12 --> node_venv_lib_python3_12_site-packages["site-packages"]\n    node_venv_lib_python3_12_site-packages --> node_venv_lib_python3_12_site-packages_PyQt6["PyQt6"]\n    node_venv_lib_python3_12_site-packages_PyQt6 --> node_venv_lib_python3_12_site-packages_PyQt6_Qt6["Qt6"]\n    node_venv_lib_python3_12_site-packages_PyQt6_Qt6 --> node_venv_lib_python3_12_site-packages_PyQt6_Qt6_qml["qml"]\n    node_venv_lib_python3_12_site-packages_PyQt6_Qt6_qml --> node_venv_lib_python3_12_site-packages_PyQt6_Qt6_qml_QtQuick3D["QtQuick3D"]\n    node_venv_lib_python3_12_site-packages_PyQt6_Qt6_qml_QtQuick3D --> node_venv_lib_python3_12_site-packages_PyQt6_Qt6_qml_QtQuick3D_designer["designer"]\n    node_venv_lib_python3_12_site-packages_PyQt6_Qt6_qml_QtQuick3D_designer --> node_venv_lib_python3_12_site-packages_PyQt6_Qt6_qml_QtQuick3D_designer_images["images"]\n    node_venv_lib_python3_12_site-packages_PyQt6_Qt6_qml_QtQuick3D_designer_images --> node_venv_lib_python3_12_site-packages_PyQt6_Qt6_qml_QtQuick3D_designer_images_lightpoint@2x_png["lightpoint@2x.png"]\n    Root --> node_venv["venv"]\n    node_venv --> node_venv_lib["lib"]\n    node_venv_lib --> node_venv_lib_python3_12["python3.12"]\n    node_venv_lib_python3_12 --> node_venv_lib_python3_12_site-packages["site-packages"]\n    node_venv_lib_python3_12_site-packages --> node_venv_lib_python3_12_site-packages_PyQt6["PyQt6"]\n    node_venv_lib_python3_12_site-packages_PyQt6 --> node_venv_lib_python3_12_site-packages_PyQt6_Qt6["Qt6"]\n    node_venv_lib_python3_12_site-packages_PyQt6_Qt6 --> node_venv_lib_python3_12_site-packages_PyQt6_Qt6_qml["qml"]\n    node_venv_lib_python3_12_site-packages_PyQt6_Qt6_qml --> node_venv_lib_python3_12_site-packages_PyQt6_Qt6_qml_QtQuick3D["QtQuick3D"]\n    node_venv_lib_python3_12_site-packages_PyQt6_Qt6_qml_QtQuick3D --> node_venv_lib_python3_12_site-packages_PyQt6_Qt6_qml_QtQuick3D_designer["designer"]\n    node_venv_lib_python3_12_site-packages_PyQt6_Qt6_qml_QtQuick3D_designer --> node_venv_lib_python3_12_site-packages_PyQt6_Qt6_qml_QtQuick3D_designer_images["images"]\n    node_venv_lib_python3_12_site-packages_PyQt6_Qt6_qml_QtQuick3D_designer_images --> node_venv_lib_python3_12_site-packages_PyQt6_Qt6_qml_QtQuick3D_designer_images_lightspot_png["lightspot.png"]\n    Root --> node_venv["venv"]\n    node_venv --> node_venv_lib["lib"]\n    node_venv_lib --> node_venv_lib_python3_12["python3.12"]\n    node_venv_lib_python3_12 --> node_venv_lib_python3_12_site-packages["site-packages"]\n    node_venv_lib_python3_12_site-packages --> node_venv_lib_python3_12_site-packages_PyQt6["PyQt6"]\n    node_venv_lib_python3_12_site-packages_PyQt6 --> node_venv_lib_python3_12_site-packages_PyQt6_Qt6["Qt6"]\n    node_venv_lib_python3_12_site-packages_PyQt6_Qt6 --> node_venv_lib_python3_12_site-packages_PyQt6_Qt6_qml["qml"]\n    node_venv_lib_python3_12_site-packages_PyQt6_Qt6_qml --> node_venv_lib_python3_12_site-packages_PyQt6_Qt6_qml_QtQuick3D["QtQuick3D"]\n    node_venv_lib_python3_12_site-packages_PyQt6_Qt6_qml_QtQuick3D --> node_venv_lib_python3_12_site-packages_PyQt6_Qt6_qml_QtQuick3D_designer["designer"]\n    node_venv_lib_python3_12_site-packages_PyQt6_Qt6_qml_QtQuick3D_designer --> node_venv_lib_python3_12_site-packages_PyQt6_Qt6_qml_QtQuick3D_designer_images["images"]\n    node_venv_lib_python3_12_site-packages_PyQt6_Qt6_qml_QtQuick3D_designer_images --> node_venv_lib_python3_12_site-packages_PyQt6_Qt6_qml_QtQuick3D_designer_images_lightspot16_png["lightspot16.png"]\n    Root --> node_venv["venv"]\n    node_venv --> node_venv_lib["lib"]\n    node_venv_lib --> node_venv_lib_python3_12["python3.12"]\n    node_venv_lib_python3_12 --> node_venv_lib_python3_12_site-packages["site-packages"]\n    node_venv_lib_python3_12_site-packages --> node_venv_lib_python3_12_site-packages_PyQt6["PyQt6"]\n    node_venv_lib_python3_12_site-packages_PyQt6 --> node_venv_lib_python3_12_site-packages_PyQt6_Qt6["Qt6"]\n    node_venv_lib_python3_12_site-packages_PyQt6_Qt6 --> node_venv_lib_python3_12_site-packages_PyQt6_Qt6_qml["qml"]\n    node_venv_lib_python3_12_site-packages_PyQt6_Qt6_qml --> node_venv_lib_python3_12_site-packages_PyQt6_Qt6_qml_QtQuick3D["QtQuick3D"]\n    node_venv_lib_python3_12_site-packages_PyQt6_Qt6_qml_QtQuick3D --> node_venv_lib_python3_12_site-packages_PyQt6_Qt6_qml_QtQuick3D_designer["designer"]\n    node_venv_lib_python3_12_site-packages_PyQt6_Qt6_qml_QtQuick3D_designer --> node_venv_lib_python3_12_site-packages_PyQt6_Qt6_qml_QtQuick3D_designer_images["images"]\n    node_venv_lib_python3_12_site-packages_PyQt6_Qt6_qml_QtQuick3D_designer_images --> node_venv_lib_python3_12_site-packages_PyQt6_Qt6_qml_QtQuick3D_designer_images_lightspot@2x_png["lightspot@2x.png"]\n    Root --> node_venv["venv"]\n    node_venv --> node_venv_lib["lib"]\n    node_venv_lib --> node_venv_lib_python3_12["python3.12"]\n    node_venv_lib_python3_12 --> node_venv_lib_python3_12_site-packages["site-packages"]\n    node_venv_lib_python3_12_site-packages --> node_venv_lib_python3_12_site-packages_PyQt6["PyQt6"]\n    node_venv_lib_python3_12_site-packages_PyQt6 --> node_venv_lib_python3_12_site-packages_PyQt6_Qt6["Qt6"]\n    node_venv_lib_python3_12_site-packages_PyQt6_Qt6 --> node_venv_lib_python3_12_site-packages_PyQt6_Qt6_qml["qml"]\n    node_venv_lib_python3_12_site-packages_PyQt6_Qt6_qml --> node_venv_lib_python3_12_site-packages_PyQt6_Qt6_qml_QtQuick3D["QtQuick3D"]\n    node_venv_lib_python3_12_site-packages_PyQt6_Qt6_qml_QtQuick3D --> node_venv_lib_python3_12_site-packages_PyQt6_Qt6_qml_QtQuick3D_designer["designer"]\n    node_venv_lib_python3_12_site-packages_PyQt6_Qt6_qml_QtQuick3D_designer --> node_venv_lib_python3_12_site-packages_PyQt6_Qt6_qml_QtQuick3D_designer_images["images"]\n    node_venv_lib_python3_12_site-packages_PyQt6_Qt6_qml_QtQuick3D_designer_images --> node_venv_lib_python3_12_site-packages_PyQt6_Qt6_qml_QtQuick3D_designer_images_loader3d_png["loader3d.png"]\n    Root --> node_venv["venv"]\n    node_venv --> node_venv_lib["lib"]\n    node_venv_lib --> node_venv_lib_python3_12["python3.12"]\n    node_venv_lib_python3_12 --> node_venv_lib_python3_12_site-packages["site-packages"]\n    node_venv_lib_python3_12_site-packages --> node_venv_lib_python3_12_site-packages_PyQt6["PyQt6"]\n    node_venv_lib_python3_12_site-packages_PyQt6 --> node_venv_lib_python3_12_site-packages_PyQt6_Qt6["Qt6"]\n    node_venv_lib_python3_12_site-packages_PyQt6_Qt6 --> node_venv_lib_python3_12_site-packages_PyQt6_Qt6_qml["qml"]\n    node_venv_lib_python3_12_site-packages_PyQt6_Qt6_qml --> node_venv_lib_python3_12_site-packages_PyQt6_Qt6_qml_QtQuick3D["QtQuick3D"]\n    node_venv_lib_python3_12_site-packages_PyQt6_Qt6_qml_QtQuick3D --> node_venv_lib_python3_12_site-packages_PyQt6_Qt6_qml_QtQuick3D_designer["designer"]\n    node_venv_lib_python3_12_site-packages_PyQt6_Qt6_qml_QtQuick3D_designer --> node_venv_lib_python3_12_site-packages_PyQt6_Qt6_qml_QtQuick3D_designer_images["images"]\n    node_venv_lib_python3_12_site-packages_PyQt6_Qt6_qml_QtQuick3D_designer_images --> node_venv_lib_python3_12_site-packages_PyQt6_Qt6_qml_QtQuick3D_designer_images_loader3d16_png["loader3d16.png"]\n    Root --> node_venv["venv"]\n    node_venv --> node_venv_lib["lib"]\n    node_venv_lib --> node_venv_lib_python3_12["python3.12"]\n    node_venv_lib_python3_12 --> node_venv_lib_python3_12_site-packages["site-packages"]\n    node_venv_lib_python3_12_site-packages --> node_venv_lib_python3_12_site-packages_PyQt6["PyQt6"]\n    node_venv_lib_python3_12_site-packages_PyQt6 --> node_venv_lib_python3_12_site-packages_PyQt6_Qt6["Qt6"]\n    node_venv_lib_python3_12_site-packages_PyQt6_Qt6 --> node_venv_lib_python3_12_site-packages_PyQt6_Qt6_qml["qml"]\n    node_venv_lib_python3_12_site-packages_PyQt6_Qt6_qml --> node_venv_lib_python3_12_site-packages_PyQt6_Qt6_qml_QtQuick3D["QtQuick3D"]\n    node_venv_lib_python3_12_site-packages_PyQt6_Qt6_qml_QtQuick3D --> node_venv_lib_python3_12_site-packages_PyQt6_Qt6_qml_QtQuick3D_designer["designer"]\n    node_venv_lib_python3_12_site-packages_PyQt6_Qt6_qml_QtQuick3D_designer --> node_venv_lib_python3_12_site-packages_PyQt6_Qt6_qml_QtQuick3D_designer_images["images"]\n    node_venv_lib_python3_12_site-packages_PyQt6_Qt6_qml_QtQuick3D_designer_images --> node_venv_lib_python3_12_site-packages_PyQt6_Qt6_qml_QtQuick3D_designer_images_loader3d@2x_png["loader3d@2x.png"]\n    Root --> node_venv["venv"]\n    node_venv --> node_venv_lib["lib"]\n    node_venv_lib --> node_venv_lib_python3_12["python3.12"]\n    node_venv_lib_python3_12 --> node_venv_lib_python3_12_site-packages["site-packages"]\n    node_venv_lib_python3_12_site-packages --> node_venv_lib_python3_12_site-packages_PyQt6["PyQt6"]\n    node_venv_lib_python3_12_site-packages_PyQt6 --> node_venv_lib_python3_12_site-packages_PyQt6_Qt6["Qt6"]\n    node_venv_lib_python3_12_site-packages_PyQt6_Qt6 --> node_venv_lib_python3_12_site-packages_PyQt6_Qt6_qml["qml"]\n    node_venv_lib_python3_12_site-packages_PyQt6_Qt6_qml --> node_venv_lib_python3_12_site-packages_PyQt6_Qt6_qml_QtQuick3D["QtQuick3D"]\n    node_venv_lib_python3_12_site-packages_PyQt6_Qt6_qml_QtQuick3D --> node_venv_lib_python3_12_site-packages_PyQt6_Qt6_qml_QtQuick3D_designer["designer"]\n    node_venv_lib_python3_12_site-packages_PyQt6_Qt6_qml_QtQuick3D_designer --> node_venv_lib_python3_12_site-packages_PyQt6_Qt6_qml_QtQuick3D_designer_images["images"]\n    node_venv_lib_python3_12_site-packages_PyQt6_Qt6_qml_QtQuick3D_designer_images --> node_venv_lib_python3_12_site-packages_PyQt6_Qt6_qml_QtQuick3D_designer_images_material_png["material.png"]\n    Root --> node_venv["venv"]\n    node_venv --> node_venv_lib["lib"]\n    node_venv_lib --> node_venv_lib_python3_12["python3.12"]\n    node_venv_lib_python3_12 --> node_venv_lib_python3_12_site-packages["site-packages"]\n    node_venv_lib_python3_12_site-packages --> node_venv_lib_python3_12_site-packages_PyQt6["PyQt6"]\n    node_venv_lib_python3_12_site-packages_PyQt6 --> node_venv_lib_python3_12_site-packages_PyQt6_Qt6["Qt6"]\n    node_venv_lib_python3_12_site-packages_PyQt6_Qt6 --> node_venv_lib_python3_12_site-packages_PyQt6_Qt6_qml["qml"]\n    node_venv_lib_python3_12_site-packages_PyQt6_Qt6_qml --> node_venv_lib_python3_12_site-packages_PyQt6_Qt6_qml_QtQuick3D["QtQuick3D"]\n    node_venv_lib_python3_12_site-packages_PyQt6_Qt6_qml_QtQuick3D --> node_venv_lib_python3_12_site-packages_PyQt6_Qt6_qml_QtQuick3D_designer["designer"]\n    node_venv_lib_python3_12_site-packages_PyQt6_Qt6_qml_QtQuick3D_designer --> node_venv_lib_python3_12_site-packages_PyQt6_Qt6_qml_QtQuick3D_designer_images["images"]\n    node_venv_lib_python3_12_site-packages_PyQt6_Qt6_qml_QtQuick3D_designer_images --> node_venv_lib_python3_12_site-packages_PyQt6_Qt6_qml_QtQuick3D_designer_images_material16_png["material16.png"]\n    Root --> node_venv["venv"]\n    node_venv --> node_venv_lib["lib"]\n    node_venv_lib --> node_venv_lib_python3_12["python3.12"]\n    node_venv_lib_python3_12 --> node_venv_lib_python3_12_site-packages["site-packages"]\n    node_venv_lib_python3_12_site-packages --> node_venv_lib_python3_12_site-packages_PyQt6["PyQt6"]\n    node_venv_lib_python3_12_site-packages_PyQt6 --> node_venv_lib_python3_12_site-packages_PyQt6_Qt6["Qt6"]\n    node_venv_lib_python3_12_site-packages_PyQt6_Qt6 --> node_venv_lib_python3_12_site-packages_PyQt6_Qt6_qml["qml"]\n    node_venv_lib_python3_12_site-packages_PyQt6_Qt6_qml --> node_venv_lib_python3_12_site-packages_PyQt6_Qt6_qml_QtQuick3D["QtQuick3D"]\n    node_venv_lib_python3_12_site-packages_PyQt6_Qt6_qml_QtQuick3D --> node_venv_lib_python3_12_site-packages_PyQt6_Qt6_qml_QtQuick3D_designer["designer"]\n    node_venv_lib_python3_12_site-packages_PyQt6_Qt6_qml_QtQuick3D_designer --> node_venv_lib_python3_12_site-packages_PyQt6_Qt6_qml_QtQuick3D_designer_images["images"]\n    node_venv_lib_python3_12_site-packages_PyQt6_Qt6_qml_QtQuick3D_designer_images --> node_venv_lib_python3_12_site-packages_PyQt6_Qt6_qml_QtQuick3D_designer_images_material@2x_png["material@2x.png"]\n    Root --> node_venv["venv"]\n    node_venv --> node_venv_lib["lib"]\n    node_venv_lib --> node_venv_lib_python3_12["python3.12"]\n    node_venv_lib_python3_12 --> node_venv_lib_python3_12_site-packages["site-packages"]\n    node_venv_lib_python3_12_site-packages --> node_venv_lib_python3_12_site-packages_PyQt6["PyQt6"]\n    node_venv_lib_python3_12_site-packages_PyQt6 --> node_venv_lib_python3_12_site-packages_PyQt6_Qt6["Qt6"]\n    node_venv_lib_python3_12_site-packages_PyQt6_Qt6 --> node_venv_lib_python3_12_site-packages_PyQt6_Qt6_qml["qml"]\n    node_venv_lib_python3_12_site-packages_PyQt6_Qt6_qml --> node_venv_lib_python3_12_site-packages_PyQt6_Qt6_qml_QtQuick3D["QtQuick3D"]\n    node_venv_lib_python3_12_site-packages_PyQt6_Qt6_qml_QtQuick3D --> node_venv_lib_python3_12_site-packages_PyQt6_Qt6_qml_QtQuick3D_designer["designer"]\n    node_venv_lib_python3_12_site-packages_PyQt6_Qt6_qml_QtQuick3D_designer --> node_venv_lib_python3_12_site-packages_PyQt6_Qt6_qml_QtQuick3D_designer_images["images"]\n    node_venv_lib_python3_12_site-packages_PyQt6_Qt6_qml_QtQuick3D_designer_images --> node_venv_lib_python3_12_site-packages_PyQt6_Qt6_qml_QtQuick3D_designer_images_model16_png["model16.png"]\n    Root --> node_venv["venv"]\n    node_venv --> node_venv_lib["lib"]\n    node_venv_lib --> node_venv_lib_python3_12["python3.12"]\n    node_venv_lib_python3_12 --> node_venv_lib_python3_12_site-packages["site-packages"]\n    node_venv_lib_python3_12_site-packages --> node_venv_lib_python3_12_site-packages_PyQt6["PyQt6"]\n    node_venv_lib_python3_12_site-packages_PyQt6 --> node_venv_lib_python3_12_site-packages_PyQt6_Qt6["Qt6"]\n    node_venv_lib_python3_12_site-packages_PyQt6_Qt6 --> node_venv_lib_python3_12_site-packages_PyQt6_Qt6_qml["qml"]\n    node_venv_lib_python3_12_site-packages_PyQt6_Qt6_qml --> node_venv_lib_python3_12_site-packages_PyQt6_Qt6_qml_QtQuick3D["QtQuick3D"]\n    node_venv_lib_python3_12_site-packages_PyQt6_Qt6_qml_QtQuick3D --> node_venv_lib_python3_12_site-packages_PyQt6_Qt6_qml_QtQuick3D_designer["designer"]\n    node_venv_lib_python3_12_site-packages_PyQt6_Qt6_qml_QtQuick3D_designer --> node_venv_lib_python3_12_site-packages_PyQt6_Qt6_qml_QtQuick3D_designer_images["images"]\n    node_venv_lib_python3_12_site-packages_PyQt6_Qt6_qml_QtQuick3D_designer_images --> node_venv_lib_python3_12_site-packages_PyQt6_Qt6_qml_QtQuick3D_designer_images_morphtarget_png["morphtarget.png"]\n    Root --> node_venv["venv"]\n    node_venv --> node_venv_lib["lib"]\n    node_venv_lib --> node_venv_lib_python3_12["python3.12"]\n    node_venv_lib_python3_12 --> node_venv_lib_python3_12_site-packages["site-packages"]\n    node_venv_lib_python3_12_site-packages --> node_venv_lib_python3_12_site-packages_PyQt6["PyQt6"]\n    node_venv_lib_python3_12_site-packages_PyQt6 --> node_venv_lib_python3_12_site-packages_PyQt6_Qt6["Qt6"]\n    node_venv_lib_python3_12_site-packages_PyQt6_Qt6 --> node_venv_lib_python3_12_site-packages_PyQt6_Qt6_qml["qml"]\n    node_venv_lib_python3_12_site-packages_PyQt6_Qt6_qml --> node_venv_lib_python3_12_site-packages_PyQt6_Qt6_qml_QtQuick3D["QtQuick3D"]\n    node_venv_lib_python3_12_site-packages_PyQt6_Qt6_qml_QtQuick3D --> node_venv_lib_python3_12_site-packages_PyQt6_Qt6_qml_QtQuick3D_designer["designer"]\n    node_venv_lib_python3_12_site-packages_PyQt6_Qt6_qml_QtQuick3D_designer --> node_venv_lib_python3_12_site-packages_PyQt6_Qt6_qml_QtQuick3D_designer_images["images"]\n    node_venv_lib_python3_12_site-packages_PyQt6_Qt6_qml_QtQuick3D_designer_images --> node_venv_lib_python3_12_site-packages_PyQt6_Qt6_qml_QtQuick3D_designer_images_morphtarget16_png["morphtarget16.png"]\n    Root --> node_venv["venv"]\n    node_venv --> node_venv_lib["lib"]\n    node_venv_lib --> node_venv_lib_python3_12["python3.12"]\n    node_venv_lib_python3_12 --> node_venv_lib_python3_12_site-packages["site-packages"]\n    node_venv_lib_python3_12_site-packages --> node_venv_lib_python3_12_site-packages_PyQt6["PyQt6"]\n    node_venv_lib_python3_12_site-packages_PyQt6 --> node_venv_lib_python3_12_site-packages_PyQt6_Qt6["Qt6"]\n    node_venv_lib_python3_12_site-packages_PyQt6_Qt6 --> node_venv_lib_python3_12_site-packages_PyQt6_Qt6_qml["qml"]\n    node_venv_lib_python3_12_site-packages_PyQt6_Qt6_qml --> node_venv_lib_python3_12_site-packages_PyQt6_Qt6_qml_QtQuick3D["QtQuick3D"]\n    node_venv_lib_python3_12_site-packages_PyQt6_Qt6_qml_QtQuick3D --> node_venv_lib_python3_12_site-packages_PyQt6_Qt6_qml_QtQuick3D_designer["designer"]\n    node_venv_lib_python3_12_site-packages_PyQt6_Qt6_qml_QtQuick3D_designer --> node_venv_lib_python3_12_site-packages_PyQt6_Qt6_qml_QtQuick3D_designer_images["images"]\n    node_venv_lib_python3_12_site-packages_PyQt6_Qt6_qml_QtQuick3D_designer_images --> node_venv_lib_python3_12_site-packages_PyQt6_Qt6_qml_QtQuick3D_designer_images_morphtarget@2x_png["morphtarget@2x.png"]\n    Root --> node_venv["venv"]\n    node_venv --> node_venv_lib["lib"]\n    node_venv_lib --> node_venv_lib_python3_12["python3.12"]\n    node_venv_lib_python3_12 --> node_venv_lib_python3_12_site-packages["site-packages"]\n    node_venv_lib_python3_12_site-packages --> node_venv_lib_python3_12_site-packages_PyQt6["PyQt6"]\n    node_venv_lib_python3_12_site-packages_PyQt6 --> node_venv_lib_python3_12_site-packages_PyQt6_Qt6["Qt6"]\n    node_venv_lib_python3_12_site-packages_PyQt6_Qt6 --> node_venv_lib_python3_12_site-packages_PyQt6_Qt6_qml["qml"]\n    node_venv_lib_python3_12_site-packages_PyQt6_Qt6_qml --> node_venv_lib_python3_12_site-packages_PyQt6_Qt6_qml_QtQuick3D["QtQuick3D"]\n    node_venv_lib_python3_12_site-packages_PyQt6_Qt6_qml_QtQuick3D --> node_venv_lib_python3_12_site-packages_PyQt6_Qt6_qml_QtQuick3D_designer["designer"]\n    node_venv_lib_python3_12_site-packages_PyQt6_Qt6_qml_QtQuick3D_designer --> node_venv_lib_python3_12_site-packages_PyQt6_Qt6_qml_QtQuick3D_designer_images["images"]\n    node_venv_lib_python3_12_site-packages_PyQt6_Qt6_qml_QtQuick3D_designer_images --> node_venv_lib_python3_12_site-packages_PyQt6_Qt6_qml_QtQuick3D_designer_images_plane_png["plane.png"]\n    Root --> node_venv["venv"]\n    node_venv --> node_venv_lib["lib"]\n    node_venv_lib --> node_venv_lib_python3_12["python3.12"]\n    node_venv_lib_python3_12 --> node_venv_lib_python3_12_site-packages["site-packages"]\n    node_venv_lib_python3_12_site-packages --> node_venv_lib_python3_12_site-packages_PyQt6["PyQt6"]\n    node_venv_lib_python3_12_site-packages_PyQt6 --> node_venv_lib_python3_12_site-packages_PyQt6_Qt6["Qt6"]\n    node_venv_lib_python3_12_site-packages_PyQt6_Qt6 --> node_venv_lib_python3_12_site-packages_PyQt6_Qt6_qml["qml"]\n    node_venv_lib_python3_12_site-packages_PyQt6_Qt6_qml --> node_venv_lib_python3_12_site-packages_PyQt6_Qt6_qml_QtQuick3D["QtQuick3D"]\n    node_venv_lib_python3_12_site-packages_PyQt6_Qt6_qml_QtQuick3D --> node_venv_lib_python3_12_site-packages_PyQt6_Qt6_qml_QtQuick3D_designer["designer"]\n    node_venv_lib_python3_12_site-packages_PyQt6_Qt6_qml_QtQuick3D_designer --> node_venv_lib_python3_12_site-packages_PyQt6_Qt6_qml_QtQuick3D_designer_images["images"]\n    node_venv_lib_python3_12_site-packages_PyQt6_Qt6_qml_QtQuick3D_designer_images --> node_venv_lib_python3_12_site-packages_PyQt6_Qt6_qml_QtQuick3D_designer_images_plane16_png["plane16.png"]\n    Root --> node_venv["venv"]\n    node_venv --> node_venv_lib["lib"]\n    node_venv_lib --> node_venv_lib_python3_12["python3.12"]\n    node_venv_lib_python3_12 --> node_venv_lib_python3_12_site-packages["site-packages"]\n    node_venv_lib_python3_12_site-packages --> node_venv_lib_python3_12_site-packages_PyQt6["PyQt6"]\n    node_venv_lib_python3_12_site-packages_PyQt6 --> node_venv_lib_python3_12_site-packages_PyQt6_Qt6["Qt6"]\n    node_venv_lib_python3_12_site-packages_PyQt6_Qt6 --> node_venv_lib_python3_12_site-packages_PyQt6_Qt6_qml["qml"]\n    node_venv_lib_python3_12_site-packages_PyQt6_Qt6_qml --> node_venv_lib_python3_12_site-packages_PyQt6_Qt6_qml_QtQuick3D["QtQuick3D"]\n    node_venv_lib_python3_12_site-packages_PyQt6_Qt6_qml_QtQuick3D --> node_venv_lib_python3_12_site-packages_PyQt6_Qt6_qml_QtQuick3D_designer["designer"]\n    node_venv_lib_python3_12_site-packages_PyQt6_Qt6_qml_QtQuick3D_designer --> node_venv_lib_python3_12_site-packages_PyQt6_Qt6_qml_QtQuick3D_designer_images["images"]\n    node_venv_lib_python3_12_site-packages_PyQt6_Qt6_qml_QtQuick3D_designer_images --> node_venv_lib_python3_12_site-packages_PyQt6_Qt6_qml_QtQuick3D_designer_images_plane@2x_png["plane@2x.png"]\n    Root --> node_venv["venv"]\n    node_venv --> node_venv_lib["lib"]\n    node_venv_lib --> node_venv_lib_python3_12["python3.12"]\n    node_venv_lib_python3_12 --> node_venv_lib_python3_12_site-packages["site-packages"]\n    node_venv_lib_python3_12_site-packages --> node_venv_lib_python3_12_site-packages_PyQt6["PyQt6"]\n    node_venv_lib_python3_12_site-packages_PyQt6 --> node_venv_lib_python3_12_site-packages_PyQt6_Qt6["Qt6"]\n    node_venv_lib_python3_12_site-packages_PyQt6_Qt6 --> node_venv_lib_python3_12_site-packages_PyQt6_Qt6_qml["qml"]\n    node_venv_lib_python3_12_site-packages_PyQt6_Qt6_qml --> node_venv_lib_python3_12_site-packages_PyQt6_Qt6_qml_QtQuick3D["QtQuick3D"]\n    node_venv_lib_python3_12_site-packages_PyQt6_Qt6_qml_QtQuick3D --> node_venv_lib_python3_12_site-packages_PyQt6_Qt6_qml_QtQuick3D_designer["designer"]\n    node_venv_lib_python3_12_site-packages_PyQt6_Qt6_qml_QtQuick3D_designer --> node_venv_lib_python3_12_site-packages_PyQt6_Qt6_qml_QtQuick3D_designer_images["images"]\n    node_venv_lib_python3_12_site-packages_PyQt6_Qt6_qml_QtQuick3D_designer_images --> node_venv_lib_python3_12_site-packages_PyQt6_Qt6_qml_QtQuick3D_designer_images_reflectionProbe_png["reflectionProbe.png"]\n    Root --> node_venv["venv"]\n    node_venv --> node_venv_lib["lib"]\n    node_venv_lib --> node_venv_lib_python3_12["python3.12"]\n    node_venv_lib_python3_12 --> node_venv_lib_python3_12_site-packages["site-packages"]\n    node_venv_lib_python3_12_site-packages --> node_venv_lib_python3_12_site-packages_PyQt6["PyQt6"]\n    node_venv_lib_python3_12_site-packages_PyQt6 --> node_venv_lib_python3_12_site-packages_PyQt6_Qt6["Qt6"]\n    node_venv_lib_python3_12_site-packages_PyQt6_Qt6 --> node_venv_lib_python3_12_site-packages_PyQt6_Qt6_qml["qml"]\n    node_venv_lib_python3_12_site-packages_PyQt6_Qt6_qml --> node_venv_lib_python3_12_site-packages_PyQt6_Qt6_qml_QtQuick3D["QtQuick3D"]\n    node_venv_lib_python3_12_site-packages_PyQt6_Qt6_qml_QtQuick3D --> node_venv_lib_python3_12_site-packages_PyQt6_Qt6_qml_QtQuick3D_designer["designer"]\n    node_venv_lib_python3_12_site-packages_PyQt6_Qt6_qml_QtQuick3D_designer --> node_venv_lib_python3_12_site-packages_PyQt6_Qt6_qml_QtQuick3D_designer_images["images"]\n    node_venv_lib_python3_12_site-packages_PyQt6_Qt6_qml_QtQuick3D_designer_images --> node_venv_lib_python3_12_site-packages_PyQt6_Qt6_qml_QtQuick3D_designer_images_reflectionProbe16_png["reflectionProbe16.png"]\n    Root --> node_venv["venv"]\n    node_venv --> node_venv_lib["lib"]\n    node_venv_lib --> node_venv_lib_python3_12["python3.12"]\n    node_venv_lib_python3_12 --> node_venv_lib_python3_12_site-packages["site-packages"]\n    node_venv_lib_python3_12_site-packages --> node_venv_lib_python3_12_site-packages_PyQt6["PyQt6"]\n    node_venv_lib_python3_12_site-packages_PyQt6 --> node_venv_lib_python3_12_site-packages_PyQt6_Qt6["Qt6"]\n    node_venv_lib_python3_12_site-packages_PyQt6_Qt6 --> node_venv_lib_python3_12_site-packages_PyQt6_Qt6_qml["qml"]\n    node_venv_lib_python3_12_site-packages_PyQt6_Qt6_qml --> node_venv_lib_python3_12_site-packages_PyQt6_Qt6_qml_QtQuick3D["QtQuick3D"]\n    node_venv_lib_python3_12_site-packages_PyQt6_Qt6_qml_QtQuick3D --> node_venv_lib_python3_12_site-packages_PyQt6_Qt6_qml_QtQuick3D_designer["designer"]\n    node_venv_lib_python3_12_site-packages_PyQt6_Qt6_qml_QtQuick3D_designer --> node_venv_lib_python3_12_site-packages_PyQt6_Qt6_qml_QtQuick3D_designer_images["images"]\n    node_venv_lib_python3_12_site-packages_PyQt6_Qt6_qml_QtQuick3D_designer_images --> node_venv_lib_python3_12_site-packages_PyQt6_Qt6_qml_QtQuick3D_designer_images_reflectionProbe@2x_png["reflectionProbe@2x.png"]\n    Root --> node_venv["venv"]\n    node_venv --> node_venv_lib["lib"]\n    node_venv_lib --> node_venv_lib_python3_12["python3.12"]\n    node_venv_lib_python3_12 --> node_venv_lib_python3_12_site-packages["site-packages"]\n    node_venv_lib_python3_12_site-packages --> node_venv_lib_python3_12_site-packages_PyQt6["PyQt6"]\n    node_venv_lib_python3_12_site-packages_PyQt6 --> node_venv_lib_python3_12_site-packages_PyQt6_Qt6["Qt6"]\n    node_venv_lib_python3_12_site-packages_PyQt6_Qt6 --> node_venv_lib_python3_12_site-packages_PyQt6_Qt6_qml["qml"]\n    node_venv_lib_python3_12_site-packages_PyQt6_Qt6_qml --> node_venv_lib_python3_12_site-packages_PyQt6_Qt6_qml_QtQuick3D["QtQuick3D"]\n    node_venv_lib_python3_12_site-packages_PyQt6_Qt6_qml_QtQuick3D --> node_venv_lib_python3_12_site-packages_PyQt6_Qt6_qml_QtQuick3D_designer["designer"]\n    node_venv_lib_python3_12_site-packages_PyQt6_Qt6_qml_QtQuick3D_designer --> node_venv_lib_python3_12_site-packages_PyQt6_Qt6_qml_QtQuick3D_designer_images["images"]\n    node_venv_lib_python3_12_site-packages_PyQt6_Qt6_qml_QtQuick3D_designer_images --> node_venv_lib_python3_12_site-packages_PyQt6_Qt6_qml_QtQuick3D_designer_images_repeater3d_png["repeater3d.png"]\n    Root --> node_venv["venv"]\n    node_venv --> node_venv_lib["lib"]\n    node_venv_lib --> node_venv_lib_python3_12["python3.12"]\n    node_venv_lib_python3_12 --> node_venv_lib_python3_12_site-packages["site-packages"]\n    node_venv_lib_python3_12_site-packages --> node_venv_lib_python3_12_site-packages_PyQt6["PyQt6"]\n    node_venv_lib_python3_12_site-packages_PyQt6 --> node_venv_lib_python3_12_site-packages_PyQt6_Qt6["Qt6"]\n    node_venv_lib_python3_12_site-packages_PyQt6_Qt6 --> node_venv_lib_python3_12_site-packages_PyQt6_Qt6_qml["qml"]\n    node_venv_lib_python3_12_site-packages_PyQt6_Qt6_qml --> node_venv_lib_python3_12_site-packages_PyQt6_Qt6_qml_QtQuick3D["QtQuick3D"]\n    node_venv_lib_python3_12_site-packages_PyQt6_Qt6_qml_QtQuick3D --> node_venv_lib_python3_12_site-packages_PyQt6_Qt6_qml_QtQuick3D_designer["designer"]\n    node_venv_lib_python3_12_site-packages_PyQt6_Qt6_qml_QtQuick3D_designer --> node_venv_lib_python3_12_site-packages_PyQt6_Qt6_qml_QtQuick3D_designer_images["images"]\n    node_venv_lib_python3_12_site-packages_PyQt6_Qt6_qml_QtQuick3D_designer_images --> node_venv_lib_python3_12_site-packages_PyQt6_Qt6_qml_QtQuick3D_designer_images_repeater3d16_png["repeater3d16.png"]\n    Root --> node_venv["venv"]\n    node_venv --> node_venv_lib["lib"]\n    node_venv_lib --> node_venv_lib_python3_12["python3.12"]\n    node_venv_lib_python3_12 --> node_venv_lib_python3_12_site-packages["site-packages"]\n    node_venv_lib_python3_12_site-packages --> node_venv_lib_python3_12_site-packages_PyQt6["PyQt6"]\n    node_venv_lib_python3_12_site-packages_PyQt6 --> node_venv_lib_python3_12_site-packages_PyQt6_Qt6["Qt6"]\n    node_venv_lib_python3_12_site-packages_PyQt6_Qt6 --> node_venv_lib_python3_12_site-packages_PyQt6_Qt6_qml["qml"]\n    node_venv_lib_python3_12_site-packages_PyQt6_Qt6_qml --> node_venv_lib_python3_12_site-packages_PyQt6_Qt6_qml_QtQuick3D["QtQuick3D"]\n    node_venv_lib_python3_12_site-packages_PyQt6_Qt6_qml_QtQuick3D --> node_venv_lib_python3_12_site-packages_PyQt6_Qt6_qml_QtQuick3D_designer["designer"]\n    node_venv_lib_python3_12_site-packages_PyQt6_Qt6_qml_QtQuick3D_designer --> node_venv_lib_python3_12_site-packages_PyQt6_Qt6_qml_QtQuick3D_designer_images["images"]\n    node_venv_lib_python3_12_site-packages_PyQt6_Qt6_qml_QtQuick3D_designer_images --> node_venv_lib_python3_12_site-packages_PyQt6_Qt6_qml_QtQuick3D_designer_images_repeater3d@2x_png["repeater3d@2x.png"]\n    Root --> node_venv["venv"]\n    node_venv --> node_venv_lib["lib"]\n    node_venv_lib --> node_venv_lib_python3_12["python3.12"]\n    node_venv_lib_python3_12 --> node_venv_lib_python3_12_site-packages["site-packages"]\n    node_venv_lib_python3_12_site-packages --> node_venv_lib_python3_12_site-packages_PyQt6["PyQt6"]\n    node_venv_lib_python3_12_site-packages_PyQt6 --> node_venv_lib_python3_12_site-packages_PyQt6_Qt6["Qt6"]\n    node_venv_lib_python3_12_site-packages_PyQt6_Qt6 --> node_venv_lib_python3_12_site-packages_PyQt6_Qt6_qml["qml"]\n    node_venv_lib_python3_12_site-packages_PyQt6_Qt6_qml --> node_venv_lib_python3_12_site-packages_PyQt6_Qt6_qml_QtQuick3D["QtQuick3D"]\n    node_venv_lib_python3_12_site-packages_PyQt6_Qt6_qml_QtQuick3D --> node_venv_lib_python3_12_site-packages_PyQt6_Qt6_qml_QtQuick3D_designer["designer"]\n    node_venv_lib_python3_12_site-packages_PyQt6_Qt6_qml_QtQuick3D_designer --> node_venv_lib_python3_12_site-packages_PyQt6_Qt6_qml_QtQuick3D_designer_images["images"]\n    node_venv_lib_python3_12_site-packages_PyQt6_Qt6_qml_QtQuick3D_designer_images --> node_venv_lib_python3_12_site-packages_PyQt6_Qt6_qml_QtQuick3D_designer_images_resourceloader_png["resourceloader.png"]\n    Root --> node_venv["venv"]\n    node_venv --> node_venv_lib["lib"]\n    node_venv_lib --> node_venv_lib_python3_12["python3.12"]\n    node_venv_lib_python3_12 --> node_venv_lib_python3_12_site-packages["site-packages"]\n    node_venv_lib_python3_12_site-packages --> node_venv_lib_python3_12_site-packages_PyQt6["PyQt6"]\n    node_venv_lib_python3_12_site-packages_PyQt6 --> node_venv_lib_python3_12_site-packages_PyQt6_Qt6["Qt6"]\n    node_venv_lib_python3_12_site-packages_PyQt6_Qt6 --> node_venv_lib_python3_12_site-packages_PyQt6_Qt6_qml["qml"]\n    node_venv_lib_python3_12_site-packages_PyQt6_Qt6_qml --> node_venv_lib_python3_12_site-packages_PyQt6_Qt6_qml_QtQuick3D["QtQuick3D"]\n    node_venv_lib_python3_12_site-packages_PyQt6_Qt6_qml_QtQuick3D --> node_venv_lib_python3_12_site-packages_PyQt6_Qt6_qml_QtQuick3D_designer["designer"]\n    node_venv_lib_python3_12_site-packages_PyQt6_Qt6_qml_QtQuick3D_designer --> node_venv_lib_python3_12_site-packages_PyQt6_Qt6_qml_QtQuick3D_designer_images["images"]\n    node_venv_lib_python3_12_site-packages_PyQt6_Qt6_qml_QtQuick3D_designer_images --> node_venv_lib_python3_12_site-packages_PyQt6_Qt6_qml_QtQuick3D_designer_images_resourceloader16_png["resourceloader16.png"]\n    Root --> node_venv["venv"]\n    node_venv --> node_venv_lib["lib"]\n    node_venv_lib --> node_venv_lib_python3_12["python3.12"]\n    node_venv_lib_python3_12 --> node_venv_lib_python3_12_site-packages["site-packages"]\n    node_venv_lib_python3_12_site-packages --> node_venv_lib_python3_12_site-packages_PyQt6["PyQt6"]\n    node_venv_lib_python3_12_site-packages_PyQt6 --> node_venv_lib_python3_12_site-packages_PyQt6_Qt6["Qt6"]\n    node_venv_lib_python3_12_site-packages_PyQt6_Qt6 --> node_venv_lib_python3_12_site-packages_PyQt6_Qt6_qml["qml"]\n    node_venv_lib_python3_12_site-packages_PyQt6_Qt6_qml --> node_venv_lib_python3_12_site-packages_PyQt6_Qt6_qml_QtQuick3D["QtQuick3D"]\n    node_venv_lib_python3_12_site-packages_PyQt6_Qt6_qml_QtQuick3D --> node_venv_lib_python3_12_site-packages_PyQt6_Qt6_qml_QtQuick3D_designer["designer"]\n    node_venv_lib_python3_12_site-packages_PyQt6_Qt6_qml_QtQuick3D_designer --> node_venv_lib_python3_12_site-packages_PyQt6_Qt6_qml_QtQuick3D_designer_images["images"]\n    node_venv_lib_python3_12_site-packages_PyQt6_Qt6_qml_QtQuick3D_designer_images --> node_venv_lib_python3_12_site-packages_PyQt6_Qt6_qml_QtQuick3D_designer_images_resourceloader@2x_png["resourceloader@2x.png"]\n    Root --> node_venv["venv"]\n    node_venv --> node_venv_lib["lib"]\n    node_venv_lib --> node_venv_lib_python3_12["python3.12"]\n    node_venv_lib_python3_12 --> node_venv_lib_python3_12_site-packages["site-packages"]\n    node_venv_lib_python3_12_site-packages --> node_venv_lib_python3_12_site-packages_PyQt6["PyQt6"]\n    node_venv_lib_python3_12_site-packages_PyQt6 --> node_venv_lib_python3_12_site-packages_PyQt6_Qt6["Qt6"]\n    node_venv_lib_python3_12_site-packages_PyQt6_Qt6 --> node_venv_lib_python3_12_site-packages_PyQt6_Qt6_qml["qml"]\n    node_venv_lib_python3_12_site-packages_PyQt6_Qt6_qml --> node_venv_lib_python3_12_site-packages_PyQt6_Qt6_qml_QtQuick3D["QtQuick3D"]\n    node_venv_lib_python3_12_site-packages_PyQt6_Qt6_qml_QtQuick3D --> node_venv_lib_python3_12_site-packages_PyQt6_Qt6_qml_QtQuick3D_designer["designer"]\n    node_venv_lib_python3_12_site-packages_PyQt6_Qt6_qml_QtQuick3D_designer --> node_venv_lib_python3_12_site-packages_PyQt6_Qt6_qml_QtQuick3D_designer_images["images"]\n    node_venv_lib_python3_12_site-packages_PyQt6_Qt6_qml_QtQuick3D_designer_images --> node_venv_lib_python3_12_site-packages_PyQt6_Qt6_qml_QtQuick3D_designer_images_scene_png["scene.png"]\n    Root --> node_venv["venv"]\n    node_venv --> node_venv_lib["lib"]\n    node_venv_lib --> node_venv_lib_python3_12["python3.12"]\n    node_venv_lib_python3_12 --> node_venv_lib_python3_12_site-packages["site-packages"]\n    node_venv_lib_python3_12_site-packages --> node_venv_lib_python3_12_site-packages_PyQt6["PyQt6"]\n    node_venv_lib_python3_12_site-packages_PyQt6 --> node_venv_lib_python3_12_site-packages_PyQt6_Qt6["Qt6"]\n    node_venv_lib_python3_12_site-packages_PyQt6_Qt6 --> node_venv_lib_python3_12_site-packages_PyQt6_Qt6_qml["qml"]\n    node_venv_lib_python3_12_site-packages_PyQt6_Qt6_qml --> node_venv_lib_python3_12_site-packages_PyQt6_Qt6_qml_QtQuick3D["QtQuick3D"]\n    node_venv_lib_python3_12_site-packages_PyQt6_Qt6_qml_QtQuick3D --> node_venv_lib_python3_12_site-packages_PyQt6_Qt6_qml_QtQuick3D_designer["designer"]\n    node_venv_lib_python3_12_site-packages_PyQt6_Qt6_qml_QtQuick3D_designer --> node_venv_lib_python3_12_site-packages_PyQt6_Qt6_qml_QtQuick3D_designer_images["images"]\n    node_venv_lib_python3_12_site-packages_PyQt6_Qt6_qml_QtQuick3D_designer_images --> node_venv_lib_python3_12_site-packages_PyQt6_Qt6_qml_QtQuick3D_designer_images_scene16_png["scene16.png"]\n    Root --> node_venv["venv"]\n    node_venv --> node_venv_lib["lib"]\n    node_venv_lib --> node_venv_lib_python3_12["python3.12"]\n    node_venv_lib_python3_12 --> node_venv_lib_python3_12_site-packages["site-packages"]\n    node_venv_lib_python3_12_site-packages --> node_venv_lib_python3_12_site-packages_PyQt6["PyQt6"]\n    node_venv_lib_python3_12_site-packages_PyQt6 --> node_venv_lib_python3_12_site-packages_PyQt6_Qt6["Qt6"]\n    node_venv_lib_python3_12_site-packages_PyQt6_Qt6 --> node_venv_lib_python3_12_site-packages_PyQt6_Qt6_qml["qml"]\n    node_venv_lib_python3_12_site-packages_PyQt6_Qt6_qml --> node_venv_lib_python3_12_site-packages_PyQt6_Qt6_qml_QtQuick3D["QtQuick3D"]\n    node_venv_lib_python3_12_site-packages_PyQt6_Qt6_qml_QtQuick3D --> node_venv_lib_python3_12_site-packages_PyQt6_Qt6_qml_QtQuick3D_designer["designer"]\n    node_venv_lib_python3_12_site-packages_PyQt6_Qt6_qml_QtQuick3D_designer --> node_venv_lib_python3_12_site-packages_PyQt6_Qt6_qml_QtQuick3D_designer_images["images"]\n    node_venv_lib_python3_12_site-packages_PyQt6_Qt6_qml_QtQuick3D_designer_images --> node_venv_lib_python3_12_site-packages_PyQt6_Qt6_qml_QtQuick3D_designer_images_scene@2x_png["scene@2x.png"]\n    Root --> node_venv["venv"]\n    node_venv --> node_venv_lib["lib"]\n    node_venv_lib --> node_venv_lib_python3_12["python3.12"]\n    node_venv_lib_python3_12 --> node_venv_lib_python3_12_site-packages["site-packages"]\n    node_venv_lib_python3_12_site-packages --> node_venv_lib_python3_12_site-packages_PyQt6["PyQt6"]\n    node_venv_lib_python3_12_site-packages_PyQt6 --> node_venv_lib_python3_12_site-packages_PyQt6_Qt6["Qt6"]\n    node_venv_lib_python3_12_site-packages_PyQt6_Qt6 --> node_venv_lib_python3_12_site-packages_PyQt6_Qt6_qml["qml"]\n    node_venv_lib_python3_12_site-packages_PyQt6_Qt6_qml --> node_venv_lib_python3_12_site-packages_PyQt6_Qt6_qml_QtQuick3D["QtQuick3D"]\n    node_venv_lib_python3_12_site-packages_PyQt6_Qt6_qml_QtQuick3D --> node_venv_lib_python3_12_site-packages_PyQt6_Qt6_qml_QtQuick3D_designer["designer"]\n    node_venv_lib_python3_12_site-packages_PyQt6_Qt6_qml_QtQuick3D_designer --> node_venv_lib_python3_12_site-packages_PyQt6_Qt6_qml_QtQuick3D_designer_images["images"]\n    node_venv_lib_python3_12_site-packages_PyQt6_Qt6_qml_QtQuick3D_designer_images --> node_venv_lib_python3_12_site-packages_PyQt6_Qt6_qml_QtQuick3D_designer_images_shadercommand_png["shadercommand.png"]\n    Root --> node_venv["venv"]\n    node_venv --> node_venv_lib["lib"]\n    node_venv_lib --> node_venv_lib_python3_12["python3.12"]\n    node_venv_lib_python3_12 --> node_venv_lib_python3_12_site-packages["site-packages"]\n    node_venv_lib_python3_12_site-packages --> node_venv_lib_python3_12_site-packages_PyQt6["PyQt6"]\n    node_venv_lib_python3_12_site-packages_PyQt6 --> node_venv_lib_python3_12_site-packages_PyQt6_Qt6["Qt6"]\n    node_venv_lib_python3_12_site-packages_PyQt6_Qt6 --> node_venv_lib_python3_12_site-packages_PyQt6_Qt6_qml["qml"]\n    node_venv_lib_python3_12_site-packages_PyQt6_Qt6_qml --> node_venv_lib_python3_12_site-packages_PyQt6_Qt6_qml_QtQuick3D["QtQuick3D"]\n    node_venv_lib_python3_12_site-packages_PyQt6_Qt6_qml_QtQuick3D --> node_venv_lib_python3_12_site-packages_PyQt6_Qt6_qml_QtQuick3D_designer["designer"]\n    node_venv_lib_python3_12_site-packages_PyQt6_Qt6_qml_QtQuick3D_designer --> node_venv_lib_python3_12_site-packages_PyQt6_Qt6_qml_QtQuick3D_designer_images["images"]\n    node_venv_lib_python3_12_site-packages_PyQt6_Qt6_qml_QtQuick3D_designer_images --> node_venv_lib_python3_12_site-packages_PyQt6_Qt6_qml_QtQuick3D_designer_images_shadercommand16_png["shadercommand16.png"]\n    Root --> node_venv["venv"]\n    node_venv --> node_venv_lib["lib"]\n    node_venv_lib --> node_venv_lib_python3_12["python3.12"]\n    node_venv_lib_python3_12 --> node_venv_lib_python3_12_site-packages["site-packages"]\n    node_venv_lib_python3_12_site-packages --> node_venv_lib_python3_12_site-packages_PyQt6["PyQt6"]\n    node_venv_lib_python3_12_site-packages_PyQt6 --> node_venv_lib_python3_12_site-packages_PyQt6_Qt6["Qt6"]\n    node_venv_lib_python3_12_site-packages_PyQt6_Qt6 --> node_venv_lib_python3_12_site-packages_PyQt6_Qt6_qml["qml"]\n    node_venv_lib_python3_12_site-packages_PyQt6_Qt6_qml --> node_venv_lib_python3_12_site-packages_PyQt6_Qt6_qml_QtQuick3D["QtQuick3D"]\n    node_venv_lib_python3_12_site-packages_PyQt6_Qt6_qml_QtQuick3D --> node_venv_lib_python3_12_site-packages_PyQt6_Qt6_qml_QtQuick3D_designer["designer"]\n    node_venv_lib_python3_12_site-packages_PyQt6_Qt6_qml_QtQuick3D_designer --> node_venv_lib_python3_12_site-packages_PyQt6_Qt6_qml_QtQuick3D_designer_images["images"]\n    node_venv_lib_python3_12_site-packages_PyQt6_Qt6_qml_QtQuick3D_designer_images --> node_venv_lib_python3_12_site-packages_PyQt6_Qt6_qml_QtQuick3D_designer_images_shadercommand@2x_png["shadercommand@2x.png"]\n    Root --> node_venv["venv"]\n    node_venv --> node_venv_lib["lib"]\n    node_venv_lib --> node_venv_lib_python3_12["python3.12"]\n    node_venv_lib_python3_12 --> node_venv_lib_python3_12_site-packages["site-packages"]\n    node_venv_lib_python3_12_site-packages --> node_venv_lib_python3_12_site-packages_PyQt6["PyQt6"]\n    node_venv_lib_python3_12_site-packages_PyQt6 --> node_venv_lib_python3_12_site-packages_PyQt6_Qt6["Qt6"]\n    node_venv_lib_python3_12_site-packages_PyQt6_Qt6 --> node_venv_lib_python3_12_site-packages_PyQt6_Qt6_qml["qml"]\n    node_venv_lib_python3_12_site-packages_PyQt6_Qt6_qml --> node_venv_lib_python3_12_site-packages_PyQt6_Qt6_qml_QtQuick3D["QtQuick3D"]\n    node_venv_lib_python3_12_site-packages_PyQt6_Qt6_qml_QtQuick3D --> node_venv_lib_python3_12_site-packages_PyQt6_Qt6_qml_QtQuick3D_designer["designer"]\n    node_venv_lib_python3_12_site-packages_PyQt6_Qt6_qml_QtQuick3D_designer --> node_venv_lib_python3_12_site-packages_PyQt6_Qt6_qml_QtQuick3D_designer_images["images"]\n    node_venv_lib_python3_12_site-packages_PyQt6_Qt6_qml_QtQuick3D_designer_images --> node_venv_lib_python3_12_site-packages_PyQt6_Qt6_qml_QtQuick3D_designer_images_shaderutil_png["shaderutil.png"]\n    Root --> node_venv["venv"]\n    node_venv --> node_venv_lib["lib"]\n    node_venv_lib --> node_venv_lib_python3_12["python3.12"]\n    node_venv_lib_python3_12 --> node_venv_lib_python3_12_site-packages["site-packages"]\n    node_venv_lib_python3_12_site-packages --> node_venv_lib_python3_12_site-packages_PyQt6["PyQt6"]\n    node_venv_lib_python3_12_site-packages_PyQt6 --> node_venv_lib_python3_12_site-packages_PyQt6_Qt6["Qt6"]\n    node_venv_lib_python3_12_site-packages_PyQt6_Qt6 --> node_venv_lib_python3_12_site-packages_PyQt6_Qt6_qml["qml"]\n    node_venv_lib_python3_12_site-packages_PyQt6_Qt6_qml --> node_venv_lib_python3_12_site-packages_PyQt6_Qt6_qml_QtQuick3D["QtQuick3D"]\n    node_venv_lib_python3_12_site-packages_PyQt6_Qt6_qml_QtQuick3D --> node_venv_lib_python3_12_site-packages_PyQt6_Qt6_qml_QtQuick3D_designer["designer"]\n    node_venv_lib_python3_12_site-packages_PyQt6_Qt6_qml_QtQuick3D_designer --> node_venv_lib_python3_12_site-packages_PyQt6_Qt6_qml_QtQuick3D_designer_images["images"]\n    node_venv_lib_python3_12_site-packages_PyQt6_Qt6_qml_QtQuick3D_designer_images --> node_venv_lib_python3_12_site-packages_PyQt6_Qt6_qml_QtQuick3D_designer_images_shaderutil16_png["shaderutil16.png"]\n    Root --> node_venv["venv"]\n    node_venv --> node_venv_lib["lib"]\n    node_venv_lib --> node_venv_lib_python3_12["python3.12"]\n    node_venv_lib_python3_12 --> node_venv_lib_python3_12_site-packages["site-packages"]\n    node_venv_lib_python3_12_site-packages --> node_venv_lib_python3_12_site-packages_PyQt6["PyQt6"]\n    node_venv_lib_python3_12_site-packages_PyQt6 --> node_venv_lib_python3_12_site-packages_PyQt6_Qt6["Qt6"]\n    node_venv_lib_python3_12_site-packages_PyQt6_Qt6 --> node_venv_lib_python3_12_site-packages_PyQt6_Qt6_qml["qml"]\n    node_venv_lib_python3_12_site-packages_PyQt6_Qt6_qml --> node_venv_lib_python3_12_site-packages_PyQt6_Qt6_qml_QtQuick3D["QtQuick3D"]\n    node_venv_lib_python3_12_site-packages_PyQt6_Qt6_qml_QtQuick3D --> node_venv_lib_python3_12_site-packages_PyQt6_Qt6_qml_QtQuick3D_designer["designer"]\n    node_venv_lib_python3_12_site-packages_PyQt6_Qt6_qml_QtQuick3D_designer --> node_venv_lib_python3_12_site-packages_PyQt6_Qt6_qml_QtQuick3D_designer_images["images"]\n    node_venv_lib_python3_12_site-packages_PyQt6_Qt6_qml_QtQuick3D_designer_images --> node_venv_lib_python3_12_site-packages_PyQt6_Qt6_qml_QtQuick3D_designer_images_shaderutil@2x_png["shaderutil@2x.png"]\n    Root --> node_venv["venv"]\n    node_venv --> node_venv_lib["lib"]\n    node_venv_lib --> node_venv_lib_python3_12["python3.12"]\n    node_venv_lib_python3_12 --> node_venv_lib_python3_12_site-packages["site-packages"]\n    node_venv_lib_python3_12_site-packages --> node_venv_lib_python3_12_site-packages_PyQt6["PyQt6"]\n    node_venv_lib_python3_12_site-packages_PyQt6 --> node_venv_lib_python3_12_site-packages_PyQt6_Qt6["Qt6"]\n    node_venv_lib_python3_12_site-packages_PyQt6_Qt6 --> node_venv_lib_python3_12_site-packages_PyQt6_Qt6_qml["qml"]\n    node_venv_lib_python3_12_site-packages_PyQt6_Qt6_qml --> node_venv_lib_python3_12_site-packages_PyQt6_Qt6_qml_QtQuick3D["QtQuick3D"]\n    node_venv_lib_python3_12_site-packages_PyQt6_Qt6_qml_QtQuick3D --> node_venv_lib_python3_12_site-packages_PyQt6_Qt6_qml_QtQuick3D_designer["designer"]\n    node_venv_lib_python3_12_site-packages_PyQt6_Qt6_qml_QtQuick3D_designer --> node_venv_lib_python3_12_site-packages_PyQt6_Qt6_qml_QtQuick3D_designer_images["images"]\n    node_venv_lib_python3_12_site-packages_PyQt6_Qt6_qml_QtQuick3D_designer_images --> node_venv_lib_python3_12_site-packages_PyQt6_Qt6_qml_QtQuick3D_designer_images_skeleton_png["skeleton.png"]\n    Root --> node_venv["venv"]\n    node_venv --> node_venv_lib["lib"]\n    node_venv_lib --> node_venv_lib_python3_12["python3.12"]\n    node_venv_lib_python3_12 --> node_venv_lib_python3_12_site-packages["site-packages"]\n    node_venv_lib_python3_12_site-packages --> node_venv_lib_python3_12_site-packages_PyQt6["PyQt6"]\n    node_venv_lib_python3_12_site-packages_PyQt6 --> node_venv_lib_python3_12_site-packages_PyQt6_Qt6["Qt6"]\n    node_venv_lib_python3_12_site-packages_PyQt6_Qt6 --> node_venv_lib_python3_12_site-packages_PyQt6_Qt6_qml["qml"]\n    node_venv_lib_python3_12_site-packages_PyQt6_Qt6_qml --> node_venv_lib_python3_12_site-packages_PyQt6_Qt6_qml_QtQuick3D["QtQuick3D"]\n    node_venv_lib_python3_12_site-packages_PyQt6_Qt6_qml_QtQuick3D --> node_venv_lib_python3_12_site-packages_PyQt6_Qt6_qml_QtQuick3D_designer["designer"]\n    node_venv_lib_python3_12_site-packages_PyQt6_Qt6_qml_QtQuick3D_designer --> node_venv_lib_python3_12_site-packages_PyQt6_Qt6_qml_QtQuick3D_designer_images["images"]\n    node_venv_lib_python3_12_site-packages_PyQt6_Qt6_qml_QtQuick3D_designer_images --> node_venv_lib_python3_12_site-packages_PyQt6_Qt6_qml_QtQuick3D_designer_images_skeleton16_png["skeleton16.png"]\n    Root --> node_venv["venv"]\n    node_venv --> node_venv_lib["lib"]\n    node_venv_lib --> node_venv_lib_python3_12["python3.12"]\n    node_venv_lib_python3_12 --> node_venv_lib_python3_12_site-packages["site-packages"]\n    node_venv_lib_python3_12_site-packages --> node_venv_lib_python3_12_site-packages_PyQt6["PyQt6"]\n    node_venv_lib_python3_12_site-packages_PyQt6 --> node_venv_lib_python3_12_site-packages_PyQt6_Qt6["Qt6"]\n    node_venv_lib_python3_12_site-packages_PyQt6_Qt6 --> node_venv_lib_python3_12_site-packages_PyQt6_Qt6_qml["qml"]\n    node_venv_lib_python3_12_site-packages_PyQt6_Qt6_qml --> node_venv_lib_python3_12_site-packages_PyQt6_Qt6_qml_QtQuick3D["QtQuick3D"]\n    node_venv_lib_python3_12_site-packages_PyQt6_Qt6_qml_QtQuick3D --> node_venv_lib_python3_12_site-packages_PyQt6_Qt6_qml_QtQuick3D_designer["designer"]\n    node_venv_lib_python3_12_site-packages_PyQt6_Qt6_qml_QtQuick3D_designer --> node_venv_lib_python3_12_site-packages_PyQt6_Qt6_qml_QtQuick3D_designer_images["images"]\n    node_venv_lib_python3_12_site-packages_PyQt6_Qt6_qml_QtQuick3D_designer_images --> node_venv_lib_python3_12_site-packages_PyQt6_Qt6_qml_QtQuick3D_designer_images_skeleton@2x_png["skeleton@2x.png"]\n    Root --> node_venv["venv"]\n    node_venv --> node_venv_lib["lib"]\n    node_venv_lib --> node_venv_lib_python3_12["python3.12"]\n    node_venv_lib_python3_12 --> node_venv_lib_python3_12_site-packages["site-packages"]\n    node_venv_lib_python3_12_site-packages --> node_venv_lib_python3_12_site-packages_PyQt6["PyQt6"]\n    node_venv_lib_python3_12_site-packages_PyQt6 --> node_venv_lib_python3_12_site-packages_PyQt6_Qt6["Qt6"]\n    node_venv_lib_python3_12_site-packages_PyQt6_Qt6 --> node_venv_lib_python3_12_site-packages_PyQt6_Qt6_qml["qml"]\n    node_venv_lib_python3_12_site-packages_PyQt6_Qt6_qml --> node_venv_lib_python3_12_site-packages_PyQt6_Qt6_qml_QtQuick3D["QtQuick3D"]\n    node_venv_lib_python3_12_site-packages_PyQt6_Qt6_qml_QtQuick3D --> node_venv_lib_python3_12_site-packages_PyQt6_Qt6_qml_QtQuick3D_designer["designer"]\n    node_venv_lib_python3_12_site-packages_PyQt6_Qt6_qml_QtQuick3D_designer --> node_venv_lib_python3_12_site-packages_PyQt6_Qt6_qml_QtQuick3D_designer_images["images"]\n    node_venv_lib_python3_12_site-packages_PyQt6_Qt6_qml_QtQuick3D_designer_images --> node_venv_lib_python3_12_site-packages_PyQt6_Qt6_qml_QtQuick3D_designer_images_skin_png["skin.png"]\n    Root --> node_venv["venv"]\n    node_venv --> node_venv_lib["lib"]\n    node_venv_lib --> node_venv_lib_python3_12["python3.12"]\n    node_venv_lib_python3_12 --> node_venv_lib_python3_12_site-packages["site-packages"]\n    node_venv_lib_python3_12_site-packages --> node_venv_lib_python3_12_site-packages_PyQt6["PyQt6"]\n    node_venv_lib_python3_12_site-packages_PyQt6 --> node_venv_lib_python3_12_site-packages_PyQt6_Qt6["Qt6"]\n    node_venv_lib_python3_12_site-packages_PyQt6_Qt6 --> node_venv_lib_python3_12_site-packages_PyQt6_Qt6_qml["qml"]\n    node_venv_lib_python3_12_site-packages_PyQt6_Qt6_qml --> node_venv_lib_python3_12_site-packages_PyQt6_Qt6_qml_QtQuick3D["QtQuick3D"]\n    node_venv_lib_python3_12_site-packages_PyQt6_Qt6_qml_QtQuick3D --> node_venv_lib_python3_12_site-packages_PyQt6_Qt6_qml_QtQuick3D_designer["designer"]\n    node_venv_lib_python3_12_site-packages_PyQt6_Qt6_qml_QtQuick3D_designer --> node_venv_lib_python3_12_site-packages_PyQt6_Qt6_qml_QtQuick3D_designer_images["images"]\n    node_venv_lib_python3_12_site-packages_PyQt6_Qt6_qml_QtQuick3D_designer_images --> node_venv_lib_python3_12_site-packages_PyQt6_Qt6_qml_QtQuick3D_designer_images_skin16_png["skin16.png"]\n    Root --> node_venv["venv"]\n    node_venv --> node_venv_lib["lib"]\n    node_venv_lib --> node_venv_lib_python3_12["python3.12"]\n    node_venv_lib_python3_12 --> node_venv_lib_python3_12_site-packages["site-packages"]\n    node_venv_lib_python3_12_site-packages --> node_venv_lib_python3_12_site-packages_PyQt6["PyQt6"]\n    node_venv_lib_python3_12_site-packages_PyQt6 --> node_venv_lib_python3_12_site-packages_PyQt6_Qt6["Qt6"]\n    node_venv_lib_python3_12_site-packages_PyQt6_Qt6 --> node_venv_lib_python3_12_site-packages_PyQt6_Qt6_qml["qml"]\n    node_venv_lib_python3_12_site-packages_PyQt6_Qt6_qml --> node_venv_lib_python3_12_site-packages_PyQt6_Qt6_qml_QtQuick3D["QtQuick3D"]\n    node_venv_lib_python3_12_site-packages_PyQt6_Qt6_qml_QtQuick3D --> node_venv_lib_python3_12_site-packages_PyQt6_Qt6_qml_QtQuick3D_designer["designer"]\n    node_venv_lib_python3_12_site-packages_PyQt6_Qt6_qml_QtQuick3D_designer --> node_venv_lib_python3_12_site-packages_PyQt6_Qt6_qml_QtQuick3D_designer_images["images"]\n    node_venv_lib_python3_12_site-packages_PyQt6_Qt6_qml_QtQuick3D_designer_images --> node_venv_lib_python3_12_site-packages_PyQt6_Qt6_qml_QtQuick3D_designer_images_skin@2x_png["skin@2x.png"]\n    Root --> node_venv["venv"]\n    node_venv --> node_venv_lib["lib"]\n    node_venv_lib --> node_venv_lib_python3_12["python3.12"]\n    node_venv_lib_python3_12 --> node_venv_lib_python3_12_site-packages["site-packages"]\n    node_venv_lib_python3_12_site-packages --> node_venv_lib_python3_12_site-packages_PyQt6["PyQt6"]\n    node_venv_lib_python3_12_site-packages_PyQt6 --> node_venv_lib_python3_12_site-packages_PyQt6_Qt6["Qt6"]\n    node_venv_lib_python3_12_site-packages_PyQt6_Qt6 --> node_venv_lib_python3_12_site-packages_PyQt6_Qt6_qml["qml"]\n    node_venv_lib_python3_12_site-packages_PyQt6_Qt6_qml --> node_venv_lib_python3_12_site-packages_PyQt6_Qt6_qml_QtQuick3D["QtQuick3D"]\n    node_venv_lib_python3_12_site-packages_PyQt6_Qt6_qml_QtQuick3D --> node_venv_lib_python3_12_site-packages_PyQt6_Qt6_qml_QtQuick3D_designer["designer"]\n    node_venv_lib_python3_12_site-packages_PyQt6_Qt6_qml_QtQuick3D_designer --> node_venv_lib_python3_12_site-packages_PyQt6_Qt6_qml_QtQuick3D_designer_images["images"]\n    node_venv_lib_python3_12_site-packages_PyQt6_Qt6_qml_QtQuick3D_designer_images --> node_venv_lib_python3_12_site-packages_PyQt6_Qt6_qml_QtQuick3D_designer_images_sphere_png["sphere.png"]\n    Root --> node_venv["venv"]\n    node_venv --> node_venv_lib["lib"]\n    node_venv_lib --> node_venv_lib_python3_12["python3.12"]\n    node_venv_lib_python3_12 --> node_venv_lib_python3_12_site-packages["site-packages"]\n    node_venv_lib_python3_12_site-packages --> node_venv_lib_python3_12_site-packages_PyQt6["PyQt6"]\n    node_venv_lib_python3_12_site-packages_PyQt6 --> node_venv_lib_python3_12_site-packages_PyQt6_Qt6["Qt6"]\n    node_venv_lib_python3_12_site-packages_PyQt6_Qt6 --> node_venv_lib_python3_12_site-packages_PyQt6_Qt6_qml["qml"]\n    node_venv_lib_python3_12_site-packages_PyQt6_Qt6_qml --> node_venv_lib_python3_12_site-packages_PyQt6_Qt6_qml_QtQuick3D["QtQuick3D"]\n    node_venv_lib_python3_12_site-packages_PyQt6_Qt6_qml_QtQuick3D --> node_venv_lib_python3_12_site-packages_PyQt6_Qt6_qml_QtQuick3D_designer["designer"]\n    node_venv_lib_python3_12_site-packages_PyQt6_Qt6_qml_QtQuick3D_designer --> node_venv_lib_python3_12_site-packages_PyQt6_Qt6_qml_QtQuick3D_designer_images["images"]\n    node_venv_lib_python3_12_site-packages_PyQt6_Qt6_qml_QtQuick3D_designer_images --> node_venv_lib_python3_12_site-packages_PyQt6_Qt6_qml_QtQuick3D_designer_images_sphere16_png["sphere16.png"]\n    Root --> node_venv["venv"]\n    node_venv --> node_venv_lib["lib"]\n    node_venv_lib --> node_venv_lib_python3_12["python3.12"]\n    node_venv_lib_python3_12 --> node_venv_lib_python3_12_site-packages["site-packages"]\n    node_venv_lib_python3_12_site-packages --> node_venv_lib_python3_12_site-packages_PyQt6["PyQt6"]\n    node_venv_lib_python3_12_site-packages_PyQt6 --> node_venv_lib_python3_12_site-packages_PyQt6_Qt6["Qt6"]\n    node_venv_lib_python3_12_site-packages_PyQt6_Qt6 --> node_venv_lib_python3_12_site-packages_PyQt6_Qt6_qml["qml"]\n    node_venv_lib_python3_12_site-packages_PyQt6_Qt6_qml --> node_venv_lib_python3_12_site-packages_PyQt6_Qt6_qml_QtQuick3D["QtQuick3D"]\n    node_venv_lib_python3_12_site-packages_PyQt6_Qt6_qml_QtQuick3D --> node_venv_lib_python3_12_site-packages_PyQt6_Qt6_qml_QtQuick3D_designer["designer"]\n    node_venv_lib_python3_12_site-packages_PyQt6_Qt6_qml_QtQuick3D_designer --> node_venv_lib_python3_12_site-packages_PyQt6_Qt6_qml_QtQuick3D_designer_images["images"]\n    node_venv_lib_python3_12_site-packages_PyQt6_Qt6_qml_QtQuick3D_designer_images --> node_venv_lib_python3_12_site-packages_PyQt6_Qt6_qml_QtQuick3D_designer_images_sphere@2x_png["sphere@2x.png"]\n    Root --> node_venv["venv"]\n    node_venv --> node_venv_lib["lib"]\n    node_venv_lib --> node_venv_lib_python3_12["python3.12"]\n    node_venv_lib_python3_12 --> node_venv_lib_python3_12_site-packages["site-packages"]\n    node_venv_lib_python3_12_site-packages --> node_venv_lib_python3_12_site-packages_PyQt6["PyQt6"]\n    node_venv_lib_python3_12_site-packages_PyQt6 --> node_venv_lib_python3_12_site-packages_PyQt6_Qt6["Qt6"]\n    node_venv_lib_python3_12_site-packages_PyQt6_Qt6 --> node_venv_lib_python3_12_site-packages_PyQt6_Qt6_qml["qml"]\n    node_venv_lib_python3_12_site-packages_PyQt6_Qt6_qml --> node_venv_lib_python3_12_site-packages_PyQt6_Qt6_qml_QtQuick3D["QtQuick3D"]\n    node_venv_lib_python3_12_site-packages_PyQt6_Qt6_qml_QtQuick3D --> node_venv_lib_python3_12_site-packages_PyQt6_Qt6_qml_QtQuick3D_designer["designer"]\n    node_venv_lib_python3_12_site-packages_PyQt6_Qt6_qml_QtQuick3D_designer --> node_venv_lib_python3_12_site-packages_PyQt6_Qt6_qml_QtQuick3D_designer_images["images"]\n    node_venv_lib_python3_12_site-packages_PyQt6_Qt6_qml_QtQuick3D_designer_images --> node_venv_lib_python3_12_site-packages_PyQt6_Qt6_qml_QtQuick3D_designer_images_texture_png["texture.png"]\n    Root --> node_venv["venv"]\n    node_venv --> node_venv_lib["lib"]\n    node_venv_lib --> node_venv_lib_python3_12["python3.12"]\n    node_venv_lib_python3_12 --> node_venv_lib_python3_12_site-packages["site-packages"]\n    node_venv_lib_python3_12_site-packages --> node_venv_lib_python3_12_site-packages_PyQt6["PyQt6"]\n    node_venv_lib_python3_12_site-packages_PyQt6 --> node_venv_lib_python3_12_site-packages_PyQt6_Qt6["Qt6"]\n    node_venv_lib_python3_12_site-packages_PyQt6_Qt6 --> node_venv_lib_python3_12_site-packages_PyQt6_Qt6_qml["qml"]\n    node_venv_lib_python3_12_site-packages_PyQt6_Qt6_qml --> node_venv_lib_python3_12_site-packages_PyQt6_Qt6_qml_QtQuick3D["QtQuick3D"]\n    node_venv_lib_python3_12_site-packages_PyQt6_Qt6_qml_QtQuick3D --> node_venv_lib_python3_12_site-packages_PyQt6_Qt6_qml_QtQuick3D_designer["designer"]\n    node_venv_lib_python3_12_site-packages_PyQt6_Qt6_qml_QtQuick3D_designer --> node_venv_lib_python3_12_site-packages_PyQt6_Qt6_qml_QtQuick3D_designer_images["images"]\n    node_venv_lib_python3_12_site-packages_PyQt6_Qt6_qml_QtQuick3D_designer_images --> node_venv_lib_python3_12_site-packages_PyQt6_Qt6_qml_QtQuick3D_designer_images_texture16_png["texture16.png"]\n    Root --> node_venv["venv"]\n    node_venv --> node_venv_lib["lib"]\n    node_venv_lib --> node_venv_lib_python3_12["python3.12"]\n    node_venv_lib_python3_12 --> node_venv_lib_python3_12_site-packages["site-packages"]\n    node_venv_lib_python3_12_site-packages --> node_venv_lib_python3_12_site-packages_PyQt6["PyQt6"]\n    node_venv_lib_python3_12_site-packages_PyQt6 --> node_venv_lib_python3_12_site-packages_PyQt6_Qt6["Qt6"]\n    node_venv_lib_python3_12_site-packages_PyQt6_Qt6 --> node_venv_lib_python3_12_site-packages_PyQt6_Qt6_qml["qml"]\n    node_venv_lib_python3_12_site-packages_PyQt6_Qt6_qml --> node_venv_lib_python3_12_site-packages_PyQt6_Qt6_qml_QtQuick3D["QtQuick3D"]\n    node_venv_lib_python3_12_site-packages_PyQt6_Qt6_qml_QtQuick3D --> node_venv_lib_python3_12_site-packages_PyQt6_Qt6_qml_QtQuick3D_designer["designer"]\n    node_venv_lib_python3_12_site-packages_PyQt6_Qt6_qml_QtQuick3D_designer --> node_venv_lib_python3_12_site-packages_PyQt6_Qt6_qml_QtQuick3D_designer_images["images"]\n    node_venv_lib_python3_12_site-packages_PyQt6_Qt6_qml_QtQuick3D_designer_images --> node_venv_lib_python3_12_site-packages_PyQt6_Qt6_qml_QtQuick3D_designer_images_texture@2x_png["texture@2x.png"]\n    Root --> node_venv["venv"]\n    node_venv --> node_venv_lib["lib"]\n    node_venv_lib --> node_venv_lib_python3_12["python3.12"]\n    node_venv_lib_python3_12 --> node_venv_lib_python3_12_site-packages["site-packages"]\n    node_venv_lib_python3_12_site-packages --> node_venv_lib_python3_12_site-packages_PyQt6["PyQt6"]\n    node_venv_lib_python3_12_site-packages_PyQt6 --> node_venv_lib_python3_12_site-packages_PyQt6_Qt6["Qt6"]\n    node_venv_lib_python3_12_site-packages_PyQt6_Qt6 --> node_venv_lib_python3_12_site-packages_PyQt6_Qt6_qml["qml"]\n    node_venv_lib_python3_12_site-packages_PyQt6_Qt6_qml --> node_venv_lib_python3_12_site-packages_PyQt6_Qt6_qml_QtQuick3D["QtQuick3D"]\n    node_venv_lib_python3_12_site-packages_PyQt6_Qt6_qml_QtQuick3D --> node_venv_lib_python3_12_site-packages_PyQt6_Qt6_qml_QtQuick3D_designer["designer"]\n    node_venv_lib_python3_12_site-packages_PyQt6_Qt6_qml_QtQuick3D_designer --> node_venv_lib_python3_12_site-packages_PyQt6_Qt6_qml_QtQuick3D_designer_images["images"]\n    node_venv_lib_python3_12_site-packages_PyQt6_Qt6_qml_QtQuick3D_designer_images --> node_venv_lib_python3_12_site-packages_PyQt6_Qt6_qml_QtQuick3D_designer_images_view3D_png["view3D.png"]\n    Root --> node_venv["venv"]\n    node_venv --> node_venv_lib["lib"]\n    node_venv_lib --> node_venv_lib_python3_12["python3.12"]\n    node_venv_lib_python3_12 --> node_venv_lib_python3_12_site-packages["site-packages"]\n    node_venv_lib_python3_12_site-packages --> node_venv_lib_python3_12_site-packages_PyQt6["PyQt6"]\n    node_venv_lib_python3_12_site-packages_PyQt6 --> node_venv_lib_python3_12_site-packages_PyQt6_Qt6["Qt6"]\n    node_venv_lib_python3_12_site-packages_PyQt6_Qt6 --> node_venv_lib_python3_12_site-packages_PyQt6_Qt6_qml["qml"]\n    node_venv_lib_python3_12_site-packages_PyQt6_Qt6_qml --> node_venv_lib_python3_12_site-packages_PyQt6_Qt6_qml_QtQuick3D["QtQuick3D"]\n    node_venv_lib_python3_12_site-packages_PyQt6_Qt6_qml_QtQuick3D --> node_venv_lib_python3_12_site-packages_PyQt6_Qt6_qml_QtQuick3D_designer["designer"]\n    node_venv_lib_python3_12_site-packages_PyQt6_Qt6_qml_QtQuick3D_designer --> node_venv_lib_python3_12_site-packages_PyQt6_Qt6_qml_QtQuick3D_designer_images["images"]\n    node_venv_lib_python3_12_site-packages_PyQt6_Qt6_qml_QtQuick3D_designer_images --> node_venv_lib_python3_12_site-packages_PyQt6_Qt6_qml_QtQuick3D_designer_images_view3D16_png["view3D16.png"]\n    Root --> node_venv["venv"]\n    node_venv --> node_venv_lib["lib"]\n    node_venv_lib --> node_venv_lib_python3_12["python3.12"]\n    node_venv_lib_python3_12 --> node_venv_lib_python3_12_site-packages["site-packages"]\n    node_venv_lib_python3_12_site-packages --> node_venv_lib_python3_12_site-packages_PyQt6["PyQt6"]\n    node_venv_lib_python3_12_site-packages_PyQt6 --> node_venv_lib_python3_12_site-packages_PyQt6_Qt6["Qt6"]\n    node_venv_lib_python3_12_site-packages_PyQt6_Qt6 --> node_venv_lib_python3_12_site-packages_PyQt6_Qt6_qml["qml"]\n    node_venv_lib_python3_12_site-packages_PyQt6_Qt6_qml --> node_venv_lib_python3_12_site-packages_PyQt6_Qt6_qml_QtQuick3D["QtQuick3D"]\n    node_venv_lib_python3_12_site-packages_PyQt6_Qt6_qml_QtQuick3D --> node_venv_lib_python3_12_site-packages_PyQt6_Qt6_qml_QtQuick3D_designer["designer"]\n    node_venv_lib_python3_12_site-packages_PyQt6_Qt6_qml_QtQuick3D_designer --> node_venv_lib_python3_12_site-packages_PyQt6_Qt6_qml_QtQuick3D_designer_images["images"]\n    node_venv_lib_python3_12_site-packages_PyQt6_Qt6_qml_QtQuick3D_designer_images --> node_venv_lib_python3_12_site-packages_PyQt6_Qt6_qml_QtQuick3D_designer_images_view3D@2x_png["view3D@2x.png"]\n    Root --> node_venv["venv"]\n    node_venv --> node_venv_lib["lib"]\n    node_venv_lib --> node_venv_lib_python3_12["python3.12"]\n    node_venv_lib_python3_12 --> node_venv_lib_python3_12_site-packages["site-packages"]\n    node_venv_lib_python3_12_site-packages --> node_venv_lib_python3_12_site-packages_PyQt6["PyQt6"]\n    node_venv_lib_python3_12_site-packages_PyQt6 --> node_venv_lib_python3_12_site-packages_PyQt6_Qt6["Qt6"]\n    node_venv_lib_python3_12_site-packages_PyQt6_Qt6 --> node_venv_lib_python3_12_site-packages_PyQt6_Qt6_qml["qml"]\n    node_venv_lib_python3_12_site-packages_PyQt6_Qt6_qml --> node_venv_lib_python3_12_site-packages_PyQt6_Qt6_qml_QtQuick3D["QtQuick3D"]\n    node_venv_lib_python3_12_site-packages_PyQt6_Qt6_qml_QtQuick3D --> node_venv_lib_python3_12_site-packages_PyQt6_Qt6_qml_QtQuick3D_designer["designer"]\n    node_venv_lib_python3_12_site-packages_PyQt6_Qt6_qml_QtQuick3D_designer --> node_venv_lib_python3_12_site-packages_PyQt6_Qt6_qml_QtQuick3D_designer_source["source"]\n    node_venv_lib_python3_12_site-packages_PyQt6_Qt6_qml_QtQuick3D_designer_source --> node_venv_lib_python3_12_site-packages_PyQt6_Qt6_qml_QtQuick3D_designer_source_custom_material_default_shader_frag["custom_material_default_shader.frag"]\n    Root --> node_venv["venv"]\n    node_venv --> node_venv_lib["lib"]\n    node_venv_lib --> node_venv_lib_python3_12["python3.12"]\n    node_venv_lib_python3_12 --> node_venv_lib_python3_12_site-packages["site-packages"]\n    node_venv_lib_python3_12_site-packages --> node_venv_lib_python3_12_site-packages_PyQt6["PyQt6"]\n    node_venv_lib_python3_12_site-packages_PyQt6 --> node_venv_lib_python3_12_site-packages_PyQt6_Qt6["Qt6"]\n    node_venv_lib_python3_12_site-packages_PyQt6_Qt6 --> node_venv_lib_python3_12_site-packages_PyQt6_Qt6_qml["qml"]\n    node_venv_lib_python3_12_site-packages_PyQt6_Qt6_qml --> node_venv_lib_python3_12_site-packages_PyQt6_Qt6_qml_QtQuick3D["QtQuick3D"]\n    node_venv_lib_python3_12_site-packages_PyQt6_Qt6_qml_QtQuick3D --> node_venv_lib_python3_12_site-packages_PyQt6_Qt6_qml_QtQuick3D_designer["designer"]\n    node_venv_lib_python3_12_site-packages_PyQt6_Qt6_qml_QtQuick3D_designer --> node_venv_lib_python3_12_site-packages_PyQt6_Qt6_qml_QtQuick3D_designer_source["source"]\n    node_venv_lib_python3_12_site-packages_PyQt6_Qt6_qml_QtQuick3D_designer_source --> node_venv_lib_python3_12_site-packages_PyQt6_Qt6_qml_QtQuick3D_designer_source_effect_default_shader_frag["effect_default_shader.frag"]\n    Root --> node_venv["venv"]\n    node_venv --> node_venv_lib["lib"]\n    node_venv_lib --> node_venv_lib_python3_12["python3.12"]\n    node_venv_lib_python3_12 --> node_venv_lib_python3_12_site-packages["site-packages"]\n    node_venv_lib_python3_12_site-packages --> node_venv_lib_python3_12_site-packages_PyQt6["PyQt6"]\n    node_venv_lib_python3_12_site-packages_PyQt6 --> node_venv_lib_python3_12_site-packages_PyQt6_Qt6["Qt6"]\n    node_venv_lib_python3_12_site-packages_PyQt6_Qt6 --> node_venv_lib_python3_12_site-packages_PyQt6_Qt6_qml["qml"]\n    node_venv_lib_python3_12_site-packages_PyQt6_Qt6_qml --> node_venv_lib_python3_12_site-packages_PyQt6_Qt6_qml_QtQuick3D["QtQuick3D"]\n    node_venv_lib_python3_12_site-packages_PyQt6_Qt6_qml_QtQuick3D --> node_venv_lib_python3_12_site-packages_PyQt6_Qt6_qml_QtQuick3D_designer["designer"]\n    node_venv_lib_python3_12_site-packages_PyQt6_Qt6_qml_QtQuick3D_designer --> node_venv_lib_python3_12_site-packages_PyQt6_Qt6_qml_QtQuick3D_designer_source["source"]\n    node_venv_lib_python3_12_site-packages_PyQt6_Qt6_qml_QtQuick3D_designer_source --> node_venv_lib_python3_12_site-packages_PyQt6_Qt6_qml_QtQuick3D_designer_source_effect_template_qml["effect_template.qml"]\n    Root --> node_venv["venv"]\n    node_venv --> node_venv_lib["lib"]\n    node_venv_lib --> node_venv_lib_python3_12["python3.12"]\n    node_venv_lib_python3_12 --> node_venv_lib_python3_12_site-packages["site-packages"]\n    node_venv_lib_python3_12_site-packages --> node_venv_lib_python3_12_site-packages_PyQt6["PyQt6"]\n    node_venv_lib_python3_12_site-packages_PyQt6 --> node_venv_lib_python3_12_site-packages_PyQt6_Qt6["Qt6"]\n    node_venv_lib_python3_12_site-packages_PyQt6_Qt6 --> node_venv_lib_python3_12_site-packages_PyQt6_Qt6_qml["qml"]\n    node_venv_lib_python3_12_site-packages_PyQt6_Qt6_qml --> node_venv_lib_python3_12_site-packages_PyQt6_Qt6_qml_QtQuick3D["QtQuick3D"]\n    node_venv_lib_python3_12_site-packages_PyQt6_Qt6_qml_QtQuick3D --> node_venv_lib_python3_12_site-packages_PyQt6_Qt6_qml_QtQuick3D_designer["designer"]\n    node_venv_lib_python3_12_site-packages_PyQt6_Qt6_qml_QtQuick3D_designer --> node_venv_lib_python3_12_site-packages_PyQt6_Qt6_qml_QtQuick3D_designer_source["source"]\n    node_venv_lib_python3_12_site-packages_PyQt6_Qt6_qml_QtQuick3D_designer_source --> node_venv_lib_python3_12_site-packages_PyQt6_Qt6_qml_QtQuick3D_designer_source_view3D_template_qml["view3D_template.qml"]\n    Root --> node_venv["venv"]\n    node_venv --> node_venv_lib["lib"]\n    node_venv_lib --> node_venv_lib_python3_12["python3.12"]\n    node_venv_lib_python3_12 --> node_venv_lib_python3_12_site-packages["site-packages"]\n    node_venv_lib_python3_12_site-packages --> node_venv_lib_python3_12_site-packages_PyQt6["PyQt6"]\n    node_venv_lib_python3_12_site-packages_PyQt6 --> node_venv_lib_python3_12_site-packages_PyQt6_Qt6["Qt6"]\n    node_venv_lib_python3_12_site-packages_PyQt6_Qt6 --> node_venv_lib_python3_12_site-packages_PyQt6_Qt6_qml["qml"]\n    node_venv_lib_python3_12_site-packages_PyQt6_Qt6_qml --> node_venv_lib_python3_12_site-packages_PyQt6_Qt6_qml_QtQuick3D["QtQuick3D"]\n    node_venv_lib_python3_12_site-packages_PyQt6_Qt6_qml_QtQuick3D --> node_venv_lib_python3_12_site-packages_PyQt6_Qt6_qml_QtQuick3D_Particles3D["Particles3D"]\n    node_venv_lib_python3_12_site-packages_PyQt6_Qt6_qml_QtQuick3D_Particles3D --> node_venv_lib_python3_12_site-packages_PyQt6_Qt6_qml_QtQuick3D_Particles3D_libqtquick3dparticles3dplugin_dylib["libqtquick3dparticles3dplugin.dylib"]\n    Root --> node_venv["venv"]\n    node_venv --> node_venv_lib["lib"]\n    node_venv_lib --> node_venv_lib_python3_12["python3.12"]\n    node_venv_lib_python3_12 --> node_venv_lib_python3_12_site-packages["site-packages"]\n    node_venv_lib_python3_12_site-packages --> node_venv_lib_python3_12_site-packages_PyQt6["PyQt6"]\n    node_venv_lib_python3_12_site-packages_PyQt6 --> node_venv_lib_python3_12_site-packages_PyQt6_Qt6["Qt6"]\n    node_venv_lib_python3_12_site-packages_PyQt6_Qt6 --> node_venv_lib_python3_12_site-packages_PyQt6_Qt6_qml["qml"]\n    node_venv_lib_python3_12_site-packages_PyQt6_Qt6_qml --> node_venv_lib_python3_12_site-packages_PyQt6_Qt6_qml_QtQuick3D["QtQuick3D"]\n    node_venv_lib_python3_12_site-packages_PyQt6_Qt6_qml_QtQuick3D --> node_venv_lib_python3_12_site-packages_PyQt6_Qt6_qml_QtQuick3D_Particles3D["Particles3D"]\n    node_venv_lib_python3_12_site-packages_PyQt6_Qt6_qml_QtQuick3D_Particles3D --> node_venv_lib_python3_12_site-packages_PyQt6_Qt6_qml_QtQuick3D_Particles3D_plugins_qmltypes["plugins.qmltypes"]\n    Root --> node_venv["venv"]\n    node_venv --> node_venv_lib["lib"]\n    node_venv_lib --> node_venv_lib_python3_12["python3.12"]\n    node_venv_lib_python3_12 --> node_venv_lib_python3_12_site-packages["site-packages"]\n    node_venv_lib_python3_12_site-packages --> node_venv_lib_python3_12_site-packages_PyQt6["PyQt6"]\n    node_venv_lib_python3_12_site-packages_PyQt6 --> node_venv_lib_python3_12_site-packages_PyQt6_Qt6["Qt6"]\n    node_venv_lib_python3_12_site-packages_PyQt6_Qt6 --> node_venv_lib_python3_12_site-packages_PyQt6_Qt6_qml["qml"]\n    node_venv_lib_python3_12_site-packages_PyQt6_Qt6_qml --> node_venv_lib_python3_12_site-packages_PyQt6_Qt6_qml_QtQuick3D["QtQuick3D"]\n    node_venv_lib_python3_12_site-packages_PyQt6_Qt6_qml_QtQuick3D --> node_venv_lib_python3_12_site-packages_PyQt6_Qt6_qml_QtQuick3D_Particles3D["Particles3D"]\n    node_venv_lib_python3_12_site-packages_PyQt6_Qt6_qml_QtQuick3D_Particles3D --> node_venv_lib_python3_12_site-packages_PyQt6_Qt6_qml_QtQuick3D_Particles3D_qmldir["qmldir"]\n    Root --> node_venv["venv"]\n    node_venv --> node_venv_lib["lib"]\n    node_venv_lib --> node_venv_lib_python3_12["python3.12"]\n    node_venv_lib_python3_12 --> node_venv_lib_python3_12_site-packages["site-packages"]\n    node_venv_lib_python3_12_site-packages --> node_venv_lib_python3_12_site-packages_PyQt6["PyQt6"]\n    node_venv_lib_python3_12_site-packages_PyQt6 --> node_venv_lib_python3_12_site-packages_PyQt6_Qt6["Qt6"]\n    node_venv_lib_python3_12_site-packages_PyQt6_Qt6 --> node_venv_lib_python3_12_site-packages_PyQt6_Qt6_qml["qml"]\n    node_venv_lib_python3_12_site-packages_PyQt6_Qt6_qml --> node_venv_lib_python3_12_site-packages_PyQt6_Qt6_qml_QtQuick3D["QtQuick3D"]\n    node_venv_lib_python3_12_site-packages_PyQt6_Qt6_qml_QtQuick3D --> node_venv_lib_python3_12_site-packages_PyQt6_Qt6_qml_QtQuick3D_Particles3D["Particles3D"]\n    node_venv_lib_python3_12_site-packages_PyQt6_Qt6_qml_QtQuick3D_Particles3D --> node_venv_lib_python3_12_site-packages_PyQt6_Qt6_qml_QtQuick3D_Particles3D_designer["designer"]\n    node_venv_lib_python3_12_site-packages_PyQt6_Qt6_qml_QtQuick3D_Particles3D_designer --> node_venv_lib_python3_12_site-packages_PyQt6_Qt6_qml_QtQuick3D_Particles3D_designer_Affector3DSection_qml["Affector3DSection.qml"]\n    Root --> node_venv["venv"]\n    node_venv --> node_venv_lib["lib"]\n    node_venv_lib --> node_venv_lib_python3_12["python3.12"]\n    node_venv_lib_python3_12 --> node_venv_lib_python3_12_site-packages["site-packages"]\n    node_venv_lib_python3_12_site-packages --> node_venv_lib_python3_12_site-packages_PyQt6["PyQt6"]\n    node_venv_lib_python3_12_site-packages_PyQt6 --> node_venv_lib_python3_12_site-packages_PyQt6_Qt6["Qt6"]\n    node_venv_lib_python3_12_site-packages_PyQt6_Qt6 --> node_venv_lib_python3_12_site-packages_PyQt6_Qt6_qml["qml"]\n    node_venv_lib_python3_12_site-packages_PyQt6_Qt6_qml --> node_venv_lib_python3_12_site-packages_PyQt6_Qt6_qml_QtQuick3D["QtQuick3D"]\n    node_venv_lib_python3_12_site-packages_PyQt6_Qt6_qml_QtQuick3D --> node_venv_lib_python3_12_site-packages_PyQt6_Qt6_qml_QtQuick3D_Particles3D["Particles3D"]\n    node_venv_lib_python3_12_site-packages_PyQt6_Qt6_qml_QtQuick3D_Particles3D --> node_venv_lib_python3_12_site-packages_PyQt6_Qt6_qml_QtQuick3D_Particles3D_designer["designer"]\n    node_venv_lib_python3_12_site-packages_PyQt6_Qt6_qml_QtQuick3D_Particles3D_designer --> node_venv_lib_python3_12_site-packages_PyQt6_Qt6_qml_QtQuick3D_Particles3D_designer_Affector3DSpecifics_qml["Affector3DSpecifics.qml"]\n    Root --> node_venv["venv"]\n    node_venv --> node_venv_lib["lib"]\n    node_venv_lib --> node_venv_lib_python3_12["python3.12"]\n    node_venv_lib_python3_12 --> node_venv_lib_python3_12_site-packages["site-packages"]\n    node_venv_lib_python3_12_site-packages --> node_venv_lib_python3_12_site-packages_PyQt6["PyQt6"]\n    node_venv_lib_python3_12_site-packages_PyQt6 --> node_venv_lib_python3_12_site-packages_PyQt6_Qt6["Qt6"]\n    node_venv_lib_python3_12_site-packages_PyQt6_Qt6 --> node_venv_lib_python3_12_site-packages_PyQt6_Qt6_qml["qml"]\n    node_venv_lib_python3_12_site-packages_PyQt6_Qt6_qml --> node_venv_lib_python3_12_site-packages_PyQt6_Qt6_qml_QtQuick3D["QtQuick3D"]\n    node_venv_lib_python3_12_site-packages_PyQt6_Qt6_qml_QtQuick3D --> node_venv_lib_python3_12_site-packages_PyQt6_Qt6_qml_QtQuick3D_Particles3D["Particles3D"]\n    node_venv_lib_python3_12_site-packages_PyQt6_Qt6_qml_QtQuick3D_Particles3D --> node_venv_lib_python3_12_site-packages_PyQt6_Qt6_qml_QtQuick3D_Particles3D_designer["designer"]\n    node_venv_lib_python3_12_site-packages_PyQt6_Qt6_qml_QtQuick3D_Particles3D_designer --> node_venv_lib_python3_12_site-packages_PyQt6_Qt6_qml_QtQuick3D_Particles3D_designer_Attractor3DSection_qml["Attractor3DSection.qml"]\n    Root --> node_venv["venv"]\n    node_venv --> node_venv_lib["lib"]\n    node_venv_lib --> node_venv_lib_python3_12["python3.12"]\n    node_venv_lib_python3_12 --> node_venv_lib_python3_12_site-packages["site-packages"]\n    node_venv_lib_python3_12_site-packages --> node_venv_lib_python3_12_site-packages_PyQt6["PyQt6"]\n    node_venv_lib_python3_12_site-packages_PyQt6 --> node_venv_lib_python3_12_site-packages_PyQt6_Qt6["Qt6"]\n    node_venv_lib_python3_12_site-packages_PyQt6_Qt6 --> node_venv_lib_python3_12_site-packages_PyQt6_Qt6_qml["qml"]\n    node_venv_lib_python3_12_site-packages_PyQt6_Qt6_qml --> node_venv_lib_python3_12_site-packages_PyQt6_Qt6_qml_QtQuick3D["QtQuick3D"]\n    node_venv_lib_python3_12_site-packages_PyQt6_Qt6_qml_QtQuick3D --> node_venv_lib_python3_12_site-packages_PyQt6_Qt6_qml_QtQuick3D_Particles3D["Particles3D"]\n    node_venv_lib_python3_12_site-packages_PyQt6_Qt6_qml_QtQuick3D_Particles3D --> node_venv_lib_python3_12_site-packages_PyQt6_Qt6_qml_QtQuick3D_Particles3D_designer["designer"]\n    node_venv_lib_python3_12_site-packages_PyQt6_Qt6_qml_QtQuick3D_Particles3D_designer --> node_venv_lib_python3_12_site-packages_PyQt6_Qt6_qml_QtQuick3D_Particles3D_designer_Attractor3DSpecifics_qml["Attractor3DSpecifics.qml"]\n    Root --> node_venv["venv"]\n    node_venv --> node_venv_lib["lib"]\n    node_venv_lib --> node_venv_lib_python3_12["python3.12"]\n    node_venv_lib_python3_12 --> node_venv_lib_python3_12_site-packages["site-packages"]\n    node_venv_lib_python3_12_site-packages --> node_venv_lib_python3_12_site-packages_PyQt6["PyQt6"]\n    node_venv_lib_python3_12_site-packages_PyQt6 --> node_venv_lib_python3_12_site-packages_PyQt6_Qt6["Qt6"]\n    node_venv_lib_python3_12_site-packages_PyQt6_Qt6 --> node_venv_lib_python3_12_site-packages_PyQt6_Qt6_qml["qml"]\n    node_venv_lib_python3_12_site-packages_PyQt6_Qt6_qml --> node_venv_lib_python3_12_site-packages_PyQt6_Qt6_qml_QtQuick3D["QtQuick3D"]\n    node_venv_lib_python3_12_site-packages_PyQt6_Qt6_qml_QtQuick3D --> node_venv_lib_python3_12_site-packages_PyQt6_Qt6_qml_QtQuick3D_Particles3D["Particles3D"]\n    node_venv_lib_python3_12_site-packages_PyQt6_Qt6_qml_QtQuick3D_Particles3D --> node_venv_lib_python3_12_site-packages_PyQt6_Qt6_qml_QtQuick3D_Particles3D_designer["designer"]\n    node_venv_lib_python3_12_site-packages_PyQt6_Qt6_qml_QtQuick3D_Particles3D_designer --> node_venv_lib_python3_12_site-packages_PyQt6_Qt6_qml_QtQuick3D_Particles3D_designer_DynamicBurst3DSection_qml["DynamicBurst3DSection.qml"]\n    Root --> node_venv["venv"]\n    node_venv --> node_venv_lib["lib"]\n    node_venv_lib --> node_venv_lib_python3_12["python3.12"]\n    node_venv_lib_python3_12 --> node_venv_lib_python3_12_site-packages["site-packages"]\n    node_venv_lib_python3_12_site-packages --> node_venv_lib_python3_12_site-packages_PyQt6["PyQt6"]\n    node_venv_lib_python3_12_site-packages_PyQt6 --> node_venv_lib_python3_12_site-packages_PyQt6_Qt6["Qt6"]\n    node_venv_lib_python3_12_site-packages_PyQt6_Qt6 --> node_venv_lib_python3_12_site-packages_PyQt6_Qt6_qml["qml"]\n    node_venv_lib_python3_12_site-packages_PyQt6_Qt6_qml --> node_venv_lib_python3_12_site-packages_PyQt6_Qt6_qml_QtQuick3D["QtQuick3D"]\n    node_venv_lib_python3_12_site-packages_PyQt6_Qt6_qml_QtQuick3D --> node_venv_lib_python3_12_site-packages_PyQt6_Qt6_qml_QtQuick3D_Particles3D["Particles3D"]\n    node_venv_lib_python3_12_site-packages_PyQt6_Qt6_qml_QtQuick3D_Particles3D --> node_venv_lib_python3_12_site-packages_PyQt6_Qt6_qml_QtQuick3D_Particles3D_designer["designer"]\n    node_venv_lib_python3_12_site-packages_PyQt6_Qt6_qml_QtQuick3D_Particles3D_designer --> node_venv_lib_python3_12_site-packages_PyQt6_Qt6_qml_QtQuick3D_Particles3D_designer_DynamicBurst3DSpecifics_qml["DynamicBurst3DSpecifics.qml"]\n    Root --> node_venv["venv"]\n    node_venv --> node_venv_lib["lib"]\n    node_venv_lib --> node_venv_lib_python3_12["python3.12"]\n    node_venv_lib_python3_12 --> node_venv_lib_python3_12_site-packages["site-packages"]\n    node_venv_lib_python3_12_site-packages --> node_venv_lib_python3_12_site-packages_PyQt6["PyQt6"]\n    node_venv_lib_python3_12_site-packages_PyQt6 --> node_venv_lib_python3_12_site-packages_PyQt6_Qt6["Qt6"]\n    node_venv_lib_python3_12_site-packages_PyQt6_Qt6 --> node_venv_lib_python3_12_site-packages_PyQt6_Qt6_qml["qml"]\n    node_venv_lib_python3_12_site-packages_PyQt6_Qt6_qml --> node_venv_lib_python3_12_site-packages_PyQt6_Qt6_qml_QtQuick3D["QtQuick3D"]\n    node_venv_lib_python3_12_site-packages_PyQt6_Qt6_qml_QtQuick3D --> node_venv_lib_python3_12_site-packages_PyQt6_Qt6_qml_QtQuick3D_Particles3D["Particles3D"]\n    node_venv_lib_python3_12_site-packages_PyQt6_Qt6_qml_QtQuick3D_Particles3D --> node_venv_lib_python3_12_site-packages_PyQt6_Qt6_qml_QtQuick3D_Particles3D_designer["designer"]\n    node_venv_lib_python3_12_site-packages_PyQt6_Qt6_qml_QtQuick3D_Particles3D_designer --> node_venv_lib_python3_12_site-packages_PyQt6_Qt6_qml_QtQuick3D_Particles3D_designer_EmitBurst3DSection_qml["EmitBurst3DSection.qml"]\n    Root --> node_venv["venv"]\n    node_venv --> node_venv_lib["lib"]\n    node_venv_lib --> node_venv_lib_python3_12["python3.12"]\n    node_venv_lib_python3_12 --> node_venv_lib_python3_12_site-packages["site-packages"]\n    node_venv_lib_python3_12_site-packages --> node_venv_lib_python3_12_site-packages_PyQt6["PyQt6"]\n    node_venv_lib_python3_12_site-packages_PyQt6 --> node_venv_lib_python3_12_site-packages_PyQt6_Qt6["Qt6"]\n    node_venv_lib_python3_12_site-packages_PyQt6_Qt6 --> node_venv_lib_python3_12_site-packages_PyQt6_Qt6_qml["qml"]\n    node_venv_lib_python3_12_site-packages_PyQt6_Qt6_qml --> node_venv_lib_python3_12_site-packages_PyQt6_Qt6_qml_QtQuick3D["QtQuick3D"]\n    node_venv_lib_python3_12_site-packages_PyQt6_Qt6_qml_QtQuick3D --> node_venv_lib_python3_12_site-packages_PyQt6_Qt6_qml_QtQuick3D_Particles3D["Particles3D"]\n    node_venv_lib_python3_12_site-packages_PyQt6_Qt6_qml_QtQuick3D_Particles3D --> node_venv_lib_python3_12_site-packages_PyQt6_Qt6_qml_QtQuick3D_Particles3D_designer["designer"]\n    node_venv_lib_python3_12_site-packages_PyQt6_Qt6_qml_QtQuick3D_Particles3D_designer --> node_venv_lib_python3_12_site-packages_PyQt6_Qt6_qml_QtQuick3D_Particles3D_designer_EmitBurst3DSpecifics_qml["EmitBurst3DSpecifics.qml"]\n    Root --> node_venv["venv"]\n    node_venv --> node_venv_lib["lib"]\n    node_venv_lib --> node_venv_lib_python3_12["python3.12"]\n    node_venv_lib_python3_12 --> node_venv_lib_python3_12_site-packages["site-packages"]\n    node_venv_lib_python3_12_site-packages --> node_venv_lib_python3_12_site-packages_PyQt6["PyQt6"]\n    node_venv_lib_python3_12_site-packages_PyQt6 --> node_venv_lib_python3_12_site-packages_PyQt6_Qt6["Qt6"]\n    node_venv_lib_python3_12_site-packages_PyQt6_Qt6 --> node_venv_lib_python3_12_site-packages_PyQt6_Qt6_qml["qml"]\n    node_venv_lib_python3_12_site-packages_PyQt6_Qt6_qml --> node_venv_lib_python3_12_site-packages_PyQt6_Qt6_qml_QtQuick3D["QtQuick3D"]\n    node_venv_lib_python3_12_site-packages_PyQt6_Qt6_qml_QtQuick3D --> node_venv_lib_python3_12_site-packages_PyQt6_Qt6_qml_QtQuick3D_Particles3D["Particles3D"]\n    node_venv_lib_python3_12_site-packages_PyQt6_Qt6_qml_QtQuick3D_Particles3D --> node_venv_lib_python3_12_site-packages_PyQt6_Qt6_qml_QtQuick3D_Particles3D_designer["designer"]\n    node_venv_lib_python3_12_site-packages_PyQt6_Qt6_qml_QtQuick3D_Particles3D_designer --> node_venv_lib_python3_12_site-packages_PyQt6_Qt6_qml_QtQuick3D_Particles3D_designer_Gravity3DSection_qml["Gravity3DSection.qml"]\n    Root --> node_venv["venv"]\n    node_venv --> node_venv_lib["lib"]\n    node_venv_lib --> node_venv_lib_python3_12["python3.12"]\n    node_venv_lib_python3_12 --> node_venv_lib_python3_12_site-packages["site-packages"]\n    node_venv_lib_python3_12_site-packages --> node_venv_lib_python3_12_site-packages_PyQt6["PyQt6"]\n    node_venv_lib_python3_12_site-packages_PyQt6 --> node_venv_lib_python3_12_site-packages_PyQt6_Qt6["Qt6"]\n    node_venv_lib_python3_12_site-packages_PyQt6_Qt6 --> node_venv_lib_python3_12_site-packages_PyQt6_Qt6_qml["qml"]\n    node_venv_lib_python3_12_site-packages_PyQt6_Qt6_qml --> node_venv_lib_python3_12_site-packages_PyQt6_Qt6_qml_QtQuick3D["QtQuick3D"]\n    node_venv_lib_python3_12_site-packages_PyQt6_Qt6_qml_QtQuick3D --> node_venv_lib_python3_12_site-packages_PyQt6_Qt6_qml_QtQuick3D_Particles3D["Particles3D"]\n    node_venv_lib_python3_12_site-packages_PyQt6_Qt6_qml_QtQuick3D_Particles3D --> node_venv_lib_python3_12_site-packages_PyQt6_Qt6_qml_QtQuick3D_Particles3D_designer["designer"]\n    node_venv_lib_python3_12_site-packages_PyQt6_Qt6_qml_QtQuick3D_Particles3D_designer --> node_venv_lib_python3_12_site-packages_PyQt6_Qt6_qml_QtQuick3D_Particles3D_designer_Gravity3DSpecifics_qml["Gravity3DSpecifics.qml"]\n    Root --> node_venv["venv"]\n    node_venv --> node_venv_lib["lib"]\n    node_venv_lib --> node_venv_lib_python3_12["python3.12"]\n    node_venv_lib_python3_12 --> node_venv_lib_python3_12_site-packages["site-packages"]\n    node_venv_lib_python3_12_site-packages --> node_venv_lib_python3_12_site-packages_PyQt6["PyQt6"]\n    node_venv_lib_python3_12_site-packages_PyQt6 --> node_venv_lib_python3_12_site-packages_PyQt6_Qt6["Qt6"]\n    node_venv_lib_python3_12_site-packages_PyQt6_Qt6 --> node_venv_lib_python3_12_site-packages_PyQt6_Qt6_qml["qml"]\n    node_venv_lib_python3_12_site-packages_PyQt6_Qt6_qml --> node_venv_lib_python3_12_site-packages_PyQt6_Qt6_qml_QtQuick3D["QtQuick3D"]\n    node_venv_lib_python3_12_site-packages_PyQt6_Qt6_qml_QtQuick3D --> node_venv_lib_python3_12_site-packages_PyQt6_Qt6_qml_QtQuick3D_Particles3D["Particles3D"]\n    node_venv_lib_python3_12_site-packages_PyQt6_Qt6_qml_QtQuick3D_Particles3D --> node_venv_lib_python3_12_site-packages_PyQt6_Qt6_qml_QtQuick3D_Particles3D_designer["designer"]\n    node_venv_lib_python3_12_site-packages_PyQt6_Qt6_qml_QtQuick3D_Particles3D_designer --> node_venv_lib_python3_12_site-packages_PyQt6_Qt6_qml_QtQuick3D_Particles3D_designer_LineParticle3DSection_qml["LineParticle3DSection.qml"]\n    Root --> node_venv["venv"]\n    node_venv --> node_venv_lib["lib"]\n    node_venv_lib --> node_venv_lib_python3_12["python3.12"]\n    node_venv_lib_python3_12 --> node_venv_lib_python3_12_site-packages["site-packages"]\n    node_venv_lib_python3_12_site-packages --> node_venv_lib_python3_12_site-packages_PyQt6["PyQt6"]\n    node_venv_lib_python3_12_site-packages_PyQt6 --> node_venv_lib_python3_12_site-packages_PyQt6_Qt6["Qt6"]\n    node_venv_lib_python3_12_site-packages_PyQt6_Qt6 --> node_venv_lib_python3_12_site-packages_PyQt6_Qt6_qml["qml"]\n    node_venv_lib_python3_12_site-packages_PyQt6_Qt6_qml --> node_venv_lib_python3_12_site-packages_PyQt6_Qt6_qml_QtQuick3D["QtQuick3D"]\n    node_venv_lib_python3_12_site-packages_PyQt6_Qt6_qml_QtQuick3D --> node_venv_lib_python3_12_site-packages_PyQt6_Qt6_qml_QtQuick3D_Particles3D["Particles3D"]\n    node_venv_lib_python3_12_site-packages_PyQt6_Qt6_qml_QtQuick3D_Particles3D --> node_venv_lib_python3_12_site-packages_PyQt6_Qt6_qml_QtQuick3D_Particles3D_designer["designer"]\n    node_venv_lib_python3_12_site-packages_PyQt6_Qt6_qml_QtQuick3D_Particles3D_designer --> node_venv_lib_python3_12_site-packages_PyQt6_Qt6_qml_QtQuick3D_Particles3D_designer_LineParticle3DSpecifics_qml["LineParticle3DSpecifics.qml"]\n    Root --> node_venv["venv"]\n    node_venv --> node_venv_lib["lib"]\n    node_venv_lib --> node_venv_lib_python3_12["python3.12"]\n    node_venv_lib_python3_12 --> node_venv_lib_python3_12_site-packages["site-packages"]\n    node_venv_lib_python3_12_site-packages --> node_venv_lib_python3_12_site-packages_PyQt6["PyQt6"]\n    node_venv_lib_python3_12_site-packages_PyQt6 --> node_venv_lib_python3_12_site-packages_PyQt6_Qt6["Qt6"]\n    node_venv_lib_python3_12_site-packages_PyQt6_Qt6 --> node_venv_lib_python3_12_site-packages_PyQt6_Qt6_qml["qml"]\n    node_venv_lib_python3_12_site-packages_PyQt6_Qt6_qml --> node_venv_lib_python3_12_site-packages_PyQt6_Qt6_qml_QtQuick3D["QtQuick3D"]\n    node_venv_lib_python3_12_site-packages_PyQt6_Qt6_qml_QtQuick3D --> node_venv_lib_python3_12_site-packages_PyQt6_Qt6_qml_QtQuick3D_Particles3D["Particles3D"]\n    node_venv_lib_python3_12_site-packages_PyQt6_Qt6_qml_QtQuick3D_Particles3D --> node_venv_lib_python3_12_site-packages_PyQt6_Qt6_qml_QtQuick3D_Particles3D_designer["designer"]\n    node_venv_lib_python3_12_site-packages_PyQt6_Qt6_qml_QtQuick3D_Particles3D_designer --> node_venv_lib_python3_12_site-packages_PyQt6_Qt6_qml_QtQuick3D_Particles3D_designer_ModelBlendParticle3DSection_qml["ModelBlendParticle3DSection.qml"]\n    Root --> node_venv["venv"]\n    node_venv --> node_venv_lib["lib"]\n    node_venv_lib --> node_venv_lib_python3_12["python3.12"]\n    node_venv_lib_python3_12 --> node_venv_lib_python3_12_site-packages["site-packages"]\n    node_venv_lib_python3_12_site-packages --> node_venv_lib_python3_12_site-packages_PyQt6["PyQt6"]\n    node_venv_lib_python3_12_site-packages_PyQt6 --> node_venv_lib_python3_12_site-packages_PyQt6_Qt6["Qt6"]\n    node_venv_lib_python3_12_site-packages_PyQt6_Qt6 --> node_venv_lib_python3_12_site-packages_PyQt6_Qt6_qml["qml"]\n    node_venv_lib_python3_12_site-packages_PyQt6_Qt6_qml --> node_venv_lib_python3_12_site-packages_PyQt6_Qt6_qml_QtQuick3D["QtQuick3D"]\n    node_venv_lib_python3_12_site-packages_PyQt6_Qt6_qml_QtQuick3D --> node_venv_lib_python3_12_site-packages_PyQt6_Qt6_qml_QtQuick3D_Particles3D["Particles3D"]\n    node_venv_lib_python3_12_site-packages_PyQt6_Qt6_qml_QtQuick3D_Particles3D --> node_venv_lib_python3_12_site-packages_PyQt6_Qt6_qml_QtQuick3D_Particles3D_designer["designer"]\n    node_venv_lib_python3_12_site-packages_PyQt6_Qt6_qml_QtQuick3D_Particles3D_designer --> node_venv_lib_python3_12_site-packages_PyQt6_Qt6_qml_QtQuick3D_Particles3D_designer_ModelBlendParticle3DSpecifics_qml["ModelBlendParticle3DSpecifics.qml"]\n    Root --> node_venv["venv"]\n    node_venv --> node_venv_lib["lib"]\n    node_venv_lib --> node_venv_lib_python3_12["python3.12"]\n    node_venv_lib_python3_12 --> node_venv_lib_python3_12_site-packages["site-packages"]\n    node_venv_lib_python3_12_site-packages --> node_venv_lib_python3_12_site-packages_PyQt6["PyQt6"]\n    node_venv_lib_python3_12_site-packages_PyQt6 --> node_venv_lib_python3_12_site-packages_PyQt6_Qt6["Qt6"]\n    node_venv_lib_python3_12_site-packages_PyQt6_Qt6 --> node_venv_lib_python3_12_site-packages_PyQt6_Qt6_qml["qml"]\n    node_venv_lib_python3_12_site-packages_PyQt6_Qt6_qml --> node_venv_lib_python3_12_site-packages_PyQt6_Qt6_qml_QtQuick3D["QtQuick3D"]\n    node_venv_lib_python3_12_site-packages_PyQt6_Qt6_qml_QtQuick3D --> node_venv_lib_python3_12_site-packages_PyQt6_Qt6_qml_QtQuick3D_Particles3D["Particles3D"]\n    node_venv_lib_python3_12_site-packages_PyQt6_Qt6_qml_QtQuick3D_Particles3D --> node_venv_lib_python3_12_site-packages_PyQt6_Qt6_qml_QtQuick3D_Particles3D_designer["designer"]\n    node_venv_lib_python3_12_site-packages_PyQt6_Qt6_qml_QtQuick3D_Particles3D_designer --> node_venv_lib_python3_12_site-packages_PyQt6_Qt6_qml_QtQuick3D_Particles3D_designer_ModelParticle3DSection_qml["ModelParticle3DSection.qml"]\n    Root --> node_venv["venv"]\n    node_venv --> node_venv_lib["lib"]\n    node_venv_lib --> node_venv_lib_python3_12["python3.12"]\n    node_venv_lib_python3_12 --> node_venv_lib_python3_12_site-packages["site-packages"]\n    node_venv_lib_python3_12_site-packages --> node_venv_lib_python3_12_site-packages_PyQt6["PyQt6"]\n    node_venv_lib_python3_12_site-packages_PyQt6 --> node_venv_lib_python3_12_site-packages_PyQt6_Qt6["Qt6"]\n    node_venv_lib_python3_12_site-packages_PyQt6_Qt6 --> node_venv_lib_python3_12_site-packages_PyQt6_Qt6_qml["qml"]\n    node_venv_lib_python3_12_site-packages_PyQt6_Qt6_qml --> node_venv_lib_python3_12_site-packages_PyQt6_Qt6_qml_QtQuick3D["QtQuick3D"]\n    node_venv_lib_python3_12_site-packages_PyQt6_Qt6_qml_QtQuick3D --> node_venv_lib_python3_12_site-packages_PyQt6_Qt6_qml_QtQuick3D_Particles3D["Particles3D"]\n    node_venv_lib_python3_12_site-packages_PyQt6_Qt6_qml_QtQuick3D_Particles3D --> node_venv_lib_python3_12_site-packages_PyQt6_Qt6_qml_QtQuick3D_Particles3D_designer["designer"]\n    node_venv_lib_python3_12_site-packages_PyQt6_Qt6_qml_QtQuick3D_Particles3D_designer --> node_venv_lib_python3_12_site-packages_PyQt6_Qt6_qml_QtQuick3D_Particles3D_designer_ModelParticle3DSpecifics_qml["ModelParticle3DSpecifics.qml"]\n    Root --> node_venv["venv"]\n    node_venv --> node_venv_lib["lib"]\n    node_venv_lib --> node_venv_lib_python3_12["python3.12"]\n    node_venv_lib_python3_12 --> node_venv_lib_python3_12_site-packages["site-packages"]\n    node_venv_lib_python3_12_site-packages --> node_venv_lib_python3_12_site-packages_PyQt6["PyQt6"]\n    node_venv_lib_python3_12_site-packages_PyQt6 --> node_venv_lib_python3_12_site-packages_PyQt6_Qt6["Qt6"]\n    node_venv_lib_python3_12_site-packages_PyQt6_Qt6 --> node_venv_lib_python3_12_site-packages_PyQt6_Qt6_qml["qml"]\n    node_venv_lib_python3_12_site-packages_PyQt6_Qt6_qml --> node_venv_lib_python3_12_site-packages_PyQt6_Qt6_qml_QtQuick3D["QtQuick3D"]\n    node_venv_lib_python3_12_site-packages_PyQt6_Qt6_qml_QtQuick3D --> node_venv_lib_python3_12_site-packages_PyQt6_Qt6_qml_QtQuick3D_Particles3D["Particles3D"]\n    node_venv_lib_python3_12_site-packages_PyQt6_Qt6_qml_QtQuick3D_Particles3D --> node_venv_lib_python3_12_site-packages_PyQt6_Qt6_qml_QtQuick3D_Particles3D_designer["designer"]\n    node_venv_lib_python3_12_site-packages_PyQt6_Qt6_qml_QtQuick3D_Particles3D_designer --> node_venv_lib_python3_12_site-packages_PyQt6_Qt6_qml_QtQuick3D_Particles3D_designer_NodeSection_qml["NodeSection.qml"]\n    Root --> node_venv["venv"]\n    node_venv --> node_venv_lib["lib"]\n    node_venv_lib --> node_venv_lib_python3_12["python3.12"]\n    node_venv_lib_python3_12 --> node_venv_lib_python3_12_site-packages["site-packages"]\n    node_venv_lib_python3_12_site-packages --> node_venv_lib_python3_12_site-packages_PyQt6["PyQt6"]\n    node_venv_lib_python3_12_site-packages_PyQt6 --> node_venv_lib_python3_12_site-packages_PyQt6_Qt6["Qt6"]\n    node_venv_lib_python3_12_site-packages_PyQt6_Qt6 --> node_venv_lib_python3_12_site-packages_PyQt6_Qt6_qml["qml"]\n    node_venv_lib_python3_12_site-packages_PyQt6_Qt6_qml --> node_venv_lib_python3_12_site-packages_PyQt6_Qt6_qml_QtQuick3D["QtQuick3D"]\n    node_venv_lib_python3_12_site-packages_PyQt6_Qt6_qml_QtQuick3D --> node_venv_lib_python3_12_site-packages_PyQt6_Qt6_qml_QtQuick3D_Particles3D["Particles3D"]\n    node_venv_lib_python3_12_site-packages_PyQt6_Qt6_qml_QtQuick3D_Particles3D --> node_venv_lib_python3_12_site-packages_PyQt6_Qt6_qml_QtQuick3D_Particles3D_designer["designer"]\n    node_venv_lib_python3_12_site-packages_PyQt6_Qt6_qml_QtQuick3D_Particles3D_designer --> node_venv_lib_python3_12_site-packages_PyQt6_Qt6_qml_QtQuick3D_Particles3D_designer_NodeSpecifics_qml["NodeSpecifics.qml"]\n    Root --> node_venv["venv"]\n    node_venv --> node_venv_lib["lib"]\n    node_venv_lib --> node_venv_lib_python3_12["python3.12"]\n    node_venv_lib_python3_12 --> node_venv_lib_python3_12_site-packages["site-packages"]\n    node_venv_lib_python3_12_site-packages --> node_venv_lib_python3_12_site-packages_PyQt6["PyQt6"]\n    node_venv_lib_python3_12_site-packages_PyQt6 --> node_venv_lib_python3_12_site-packages_PyQt6_Qt6["Qt6"]\n    node_venv_lib_python3_12_site-packages_PyQt6_Qt6 --> node_venv_lib_python3_12_site-packages_PyQt6_Qt6_qml["qml"]\n    node_venv_lib_python3_12_site-packages_PyQt6_Qt6_qml --> node_venv_lib_python3_12_site-packages_PyQt6_Qt6_qml_QtQuick3D["QtQuick3D"]\n    node_venv_lib_python3_12_site-packages_PyQt6_Qt6_qml_QtQuick3D --> node_venv_lib_python3_12_site-packages_PyQt6_Qt6_qml_QtQuick3D_Particles3D["Particles3D"]\n    node_venv_lib_python3_12_site-packages_PyQt6_Qt6_qml_QtQuick3D_Particles3D --> node_venv_lib_python3_12_site-packages_PyQt6_Qt6_qml_QtQuick3D_Particles3D_designer["designer"]\n    node_venv_lib_python3_12_site-packages_PyQt6_Qt6_qml_QtQuick3D_Particles3D_designer --> node_venv_lib_python3_12_site-packages_PyQt6_Qt6_qml_QtQuick3D_Particles3D_designer_Particle3DSection_qml["Particle3DSection.qml"]\n    Root --> node_venv["venv"]\n    node_venv --> node_venv_lib["lib"]\n    node_venv_lib --> node_venv_lib_python3_12["python3.12"]\n    node_venv_lib_python3_12 --> node_venv_lib_python3_12_site-packages["site-packages"]\n    node_venv_lib_python3_12_site-packages --> node_venv_lib_python3_12_site-packages_PyQt6["PyQt6"]\n    node_venv_lib_python3_12_site-packages_PyQt6 --> node_venv_lib_python3_12_site-packages_PyQt6_Qt6["Qt6"]\n    node_venv_lib_python3_12_site-packages_PyQt6_Qt6 --> node_venv_lib_python3_12_site-packages_PyQt6_Qt6_qml["qml"]\n    node_venv_lib_python3_12_site-packages_PyQt6_Qt6_qml --> node_venv_lib_python3_12_site-packages_PyQt6_Qt6_qml_QtQuick3D["QtQuick3D"]\n    node_venv_lib_python3_12_site-packages_PyQt6_Qt6_qml_QtQuick3D --> node_venv_lib_python3_12_site-packages_PyQt6_Qt6_qml_QtQuick3D_Particles3D["Particles3D"]\n    node_venv_lib_python3_12_site-packages_PyQt6_Qt6_qml_QtQuick3D_Particles3D --> node_venv_lib_python3_12_site-packages_PyQt6_Qt6_qml_QtQuick3D_Particles3D_designer["designer"]\n    node_venv_lib_python3_12_site-packages_PyQt6_Qt6_qml_QtQuick3D_Particles3D_designer --> node_venv_lib_python3_12_site-packages_PyQt6_Qt6_qml_QtQuick3D_Particles3D_designer_Particle3DSpecifics_qml["Particle3DSpecifics.qml"]\n    Root --> node_venv["venv"]\n    node_venv --> node_venv_lib["lib"]\n    node_venv_lib --> node_venv_lib_python3_12["python3.12"]\n    node_venv_lib_python3_12 --> node_venv_lib_python3_12_site-packages["site-packages"]\n    node_venv_lib_python3_12_site-packages --> node_venv_lib_python3_12_site-packages_PyQt6["PyQt6"]\n    node_venv_lib_python3_12_site-packages_PyQt6 --> node_venv_lib_python3_12_site-packages_PyQt6_Qt6["Qt6"]\n    node_venv_lib_python3_12_site-packages_PyQt6_Qt6 --> node_venv_lib_python3_12_site-packages_PyQt6_Qt6_qml["qml"]\n    node_venv_lib_python3_12_site-packages_PyQt6_Qt6_qml --> node_venv_lib_python3_12_site-packages_PyQt6_Qt6_qml_QtQuick3D["QtQuick3D"]\n    node_venv_lib_python3_12_site-packages_PyQt6_Qt6_qml_QtQuick3D --> node_venv_lib_python3_12_site-packages_PyQt6_Qt6_qml_QtQuick3D_Particles3D["Particles3D"]\n    node_venv_lib_python3_12_site-packages_PyQt6_Qt6_qml_QtQuick3D_Particles3D --> node_venv_lib_python3_12_site-packages_PyQt6_Qt6_qml_QtQuick3D_Particles3D_designer["designer"]\n    node_venv_lib_python3_12_site-packages_PyQt6_Qt6_qml_QtQuick3D_Particles3D_designer --> node_venv_lib_python3_12_site-packages_PyQt6_Qt6_qml_QtQuick3D_Particles3D_designer_ParticleCustomShape3DSection_qml["ParticleCustomShape3DSection.qml"]\n    Root --> node_venv["venv"]\n    node_venv --> node_venv_lib["lib"]\n    node_venv_lib --> node_venv_lib_python3_12["python3.12"]\n    node_venv_lib_python3_12 --> node_venv_lib_python3_12_site-packages["site-packages"]\n    node_venv_lib_python3_12_site-packages --> node_venv_lib_python3_12_site-packages_PyQt6["PyQt6"]\n    node_venv_lib_python3_12_site-packages_PyQt6 --> node_venv_lib_python3_12_site-packages_PyQt6_Qt6["Qt6"]\n    node_venv_lib_python3_12_site-packages_PyQt6_Qt6 --> node_venv_lib_python3_12_site-packages_PyQt6_Qt6_qml["qml"]\n    node_venv_lib_python3_12_site-packages_PyQt6_Qt6_qml --> node_venv_lib_python3_12_site-packages_PyQt6_Qt6_qml_QtQuick3D["QtQuick3D"]\n    node_venv_lib_python3_12_site-packages_PyQt6_Qt6_qml_QtQuick3D --> node_venv_lib_python3_12_site-packages_PyQt6_Qt6_qml_QtQuick3D_Particles3D["Particles3D"]\n    node_venv_lib_python3_12_site-packages_PyQt6_Qt6_qml_QtQuick3D_Particles3D --> node_venv_lib_python3_12_site-packages_PyQt6_Qt6_qml_QtQuick3D_Particles3D_designer["designer"]\n    node_venv_lib_python3_12_site-packages_PyQt6_Qt6_qml_QtQuick3D_Particles3D_designer --> node_venv_lib_python3_12_site-packages_PyQt6_Qt6_qml_QtQuick3D_Particles3D_designer_ParticleCustomShape3DSpecifics_qml["ParticleCustomShape3DSpecifics.qml"]\n    Root --> node_venv["venv"]\n    node_venv --> node_venv_lib["lib"]\n    node_venv_lib --> node_venv_lib_python3_12["python3.12"]\n    node_venv_lib_python3_12 --> node_venv_lib_python3_12_site-packages["site-packages"]\n    node_venv_lib_python3_12_site-packages --> node_venv_lib_python3_12_site-packages_PyQt6["PyQt6"]\n    node_venv_lib_python3_12_site-packages_PyQt6 --> node_venv_lib_python3_12_site-packages_PyQt6_Qt6["Qt6"]\n    node_venv_lib_python3_12_site-packages_PyQt6_Qt6 --> node_venv_lib_python3_12_site-packages_PyQt6_Qt6_qml["qml"]\n    node_venv_lib_python3_12_site-packages_PyQt6_Qt6_qml --> node_venv_lib_python3_12_site-packages_PyQt6_Qt6_qml_QtQuick3D["QtQuick3D"]\n    node_venv_lib_python3_12_site-packages_PyQt6_Qt6_qml_QtQuick3D --> node_venv_lib_python3_12_site-packages_PyQt6_Qt6_qml_QtQuick3D_Particles3D["Particles3D"]\n    node_venv_lib_python3_12_site-packages_PyQt6_Qt6_qml_QtQuick3D_Particles3D --> node_venv_lib_python3_12_site-packages_PyQt6_Qt6_qml_QtQuick3D_Particles3D_designer["designer"]\n    node_venv_lib_python3_12_site-packages_PyQt6_Qt6_qml_QtQuick3D_Particles3D_designer --> node_venv_lib_python3_12_site-packages_PyQt6_Qt6_qml_QtQuick3D_Particles3D_designer_ParticleEmitter3DSection_qml["ParticleEmitter3DSection.qml"]\n    Root --> node_venv["venv"]\n    node_venv --> node_venv_lib["lib"]\n    node_venv_lib --> node_venv_lib_python3_12["python3.12"]\n    node_venv_lib_python3_12 --> node_venv_lib_python3_12_site-packages["site-packages"]\n    node_venv_lib_python3_12_site-packages --> node_venv_lib_python3_12_site-packages_PyQt6["PyQt6"]\n    node_venv_lib_python3_12_site-packages_PyQt6 --> node_venv_lib_python3_12_site-packages_PyQt6_Qt6["Qt6"]\n    node_venv_lib_python3_12_site-packages_PyQt6_Qt6 --> node_venv_lib_python3_12_site-packages_PyQt6_Qt6_qml["qml"]\n    node_venv_lib_python3_12_site-packages_PyQt6_Qt6_qml --> node_venv_lib_python3_12_site-packages_PyQt6_Qt6_qml_QtQuick3D["QtQuick3D"]\n    node_venv_lib_python3_12_site-packages_PyQt6_Qt6_qml_QtQuick3D --> node_venv_lib_python3_12_site-packages_PyQt6_Qt6_qml_QtQuick3D_Particles3D["Particles3D"]\n    node_venv_lib_python3_12_site-packages_PyQt6_Qt6_qml_QtQuick3D_Particles3D --> node_venv_lib_python3_12_site-packages_PyQt6_Qt6_qml_QtQuick3D_Particles3D_designer["designer"]\n    node_venv_lib_python3_12_site-packages_PyQt6_Qt6_qml_QtQuick3D_Particles3D_designer --> node_venv_lib_python3_12_site-packages_PyQt6_Qt6_qml_QtQuick3D_Particles3D_designer_ParticleEmitter3DSpecifics_qml["ParticleEmitter3DSpecifics.qml"]\n    Root --> node_venv["venv"]\n    node_venv --> node_venv_lib["lib"]\n    node_venv_lib --> node_venv_lib_python3_12["python3.12"]\n    node_venv_lib_python3_12 --> node_venv_lib_python3_12_site-packages["site-packages"]\n    node_venv_lib_python3_12_site-packages --> node_venv_lib_python3_12_site-packages_PyQt6["PyQt6"]\n    node_venv_lib_python3_12_site-packages_PyQt6 --> node_venv_lib_python3_12_site-packages_PyQt6_Qt6["Qt6"]\n    node_venv_lib_python3_12_site-packages_PyQt6_Qt6 --> node_venv_lib_python3_12_site-packages_PyQt6_Qt6_qml["qml"]\n    node_venv_lib_python3_12_site-packages_PyQt6_Qt6_qml --> node_venv_lib_python3_12_site-packages_PyQt6_Qt6_qml_QtQuick3D["QtQuick3D"]\n    node_venv_lib_python3_12_site-packages_PyQt6_Qt6_qml_QtQuick3D --> node_venv_lib_python3_12_site-packages_PyQt6_Qt6_qml_QtQuick3D_Particles3D["Particles3D"]\n    node_venv_lib_python3_12_site-packages_PyQt6_Qt6_qml_QtQuick3D_Particles3D --> node_venv_lib_python3_12_site-packages_PyQt6_Qt6_qml_QtQuick3D_Particles3D_designer["designer"]\n    node_venv_lib_python3_12_site-packages_PyQt6_Qt6_qml_QtQuick3D_Particles3D_designer --> node_venv_lib_python3_12_site-packages_PyQt6_Qt6_qml_QtQuick3D_Particles3D_designer_ParticleModelShape3DSection_qml["ParticleModelShape3DSection.qml"]\n    Root --> node_venv["venv"]\n    node_venv --> node_venv_lib["lib"]\n    node_venv_lib --> node_venv_lib_python3_12["python3.12"]\n    node_venv_lib_python3_12 --> node_venv_lib_python3_12_site-packages["site-packages"]\n    node_venv_lib_python3_12_site-packages --> node_venv_lib_python3_12_site-packages_PyQt6["PyQt6"]\n    node_venv_lib_python3_12_site-packages_PyQt6 --> node_venv_lib_python3_12_site-packages_PyQt6_Qt6["Qt6"]\n    node_venv_lib_python3_12_site-packages_PyQt6_Qt6 --> node_venv_lib_python3_12_site-packages_PyQt6_Qt6_qml["qml"]\n    node_venv_lib_python3_12_site-packages_PyQt6_Qt6_qml --> node_venv_lib_python3_12_site-packages_PyQt6_Qt6_qml_QtQuick3D["QtQuick3D"]\n    node_venv_lib_python3_12_site-packages_PyQt6_Qt6_qml_QtQuick3D --> node_venv_lib_python3_12_site-packages_PyQt6_Qt6_qml_QtQuick3D_Particles3D["Particles3D"]\n    node_venv_lib_python3_12_site-packages_PyQt6_Qt6_qml_QtQuick3D_Particles3D --> node_venv_lib_python3_12_site-packages_PyQt6_Qt6_qml_QtQuick3D_Particles3D_designer["designer"]\n    node_venv_lib_python3_12_site-packages_PyQt6_Qt6_qml_QtQuick3D_Particles3D_designer --> node_venv_lib_python3_12_site-packages_PyQt6_Qt6_qml_QtQuick3D_Particles3D_designer_ParticleModelShape3DSpecifics_qml["ParticleModelShape3DSpecifics.qml"]\n    Root --> node_venv["venv"]\n    node_venv --> node_venv_lib["lib"]\n    node_venv_lib --> node_venv_lib_python3_12["python3.12"]\n    node_venv_lib_python3_12 --> node_venv_lib_python3_12_site-packages["site-packages"]\n    node_venv_lib_python3_12_site-packages --> node_venv_lib_python3_12_site-packages_PyQt6["PyQt6"]\n    node_venv_lib_python3_12_site-packages_PyQt6 --> node_venv_lib_python3_12_site-packages_PyQt6_Qt6["Qt6"]\n    node_venv_lib_python3_12_site-packages_PyQt6_Qt6 --> node_venv_lib_python3_12_site-packages_PyQt6_Qt6_qml["qml"]\n    node_venv_lib_python3_12_site-packages_PyQt6_Qt6_qml --> node_venv_lib_python3_12_site-packages_PyQt6_Qt6_qml_QtQuick3D["QtQuick3D"]\n    node_venv_lib_python3_12_site-packages_PyQt6_Qt6_qml_QtQuick3D --> node_venv_lib_python3_12_site-packages_PyQt6_Qt6_qml_QtQuick3D_Particles3D["Particles3D"]\n    node_venv_lib_python3_12_site-packages_PyQt6_Qt6_qml_QtQuick3D_Particles3D --> node_venv_lib_python3_12_site-packages_PyQt6_Qt6_qml_QtQuick3D_Particles3D_designer["designer"]\n    node_venv_lib_python3_12_site-packages_PyQt6_Qt6_qml_QtQuick3D_Particles3D_designer --> node_venv_lib_python3_12_site-packages_PyQt6_Qt6_qml_QtQuick3D_Particles3D_designer_ParticleShape3DSection_qml["ParticleShape3DSection.qml"]\n    Root --> node_venv["venv"]\n    node_venv --> node_venv_lib["lib"]\n    node_venv_lib --> node_venv_lib_python3_12["python3.12"]\n    node_venv_lib_python3_12 --> node_venv_lib_python3_12_site-packages["site-packages"]\n    node_venv_lib_python3_12_site-packages --> node_venv_lib_python3_12_site-packages_PyQt6["PyQt6"]\n    node_venv_lib_python3_12_site-packages_PyQt6 --> node_venv_lib_python3_12_site-packages_PyQt6_Qt6["Qt6"]\n    node_venv_lib_python3_12_site-packages_PyQt6_Qt6 --> node_venv_lib_python3_12_site-packages_PyQt6_Qt6_qml["qml"]\n    node_venv_lib_python3_12_site-packages_PyQt6_Qt6_qml --> node_venv_lib_python3_12_site-packages_PyQt6_Qt6_qml_QtQuick3D["QtQuick3D"]\n    node_venv_lib_python3_12_site-packages_PyQt6_Qt6_qml_QtQuick3D --> node_venv_lib_python3_12_site-packages_PyQt6_Qt6_qml_QtQuick3D_Particles3D["Particles3D"]\n    node_venv_lib_python3_12_site-packages_PyQt6_Qt6_qml_QtQuick3D_Particles3D --> node_venv_lib_python3_12_site-packages_PyQt6_Qt6_qml_QtQuick3D_Particles3D_designer["designer"]\n    node_venv_lib_python3_12_site-packages_PyQt6_Qt6_qml_QtQuick3D_Particles3D_designer --> node_venv_lib_python3_12_site-packages_PyQt6_Qt6_qml_QtQuick3D_Particles3D_designer_ParticleShape3DSpecifics_qml["ParticleShape3DSpecifics.qml"]\n    Root --> node_venv["venv"]\n    node_venv --> node_venv_lib["lib"]\n    node_venv_lib --> node_venv_lib_python3_12["python3.12"]\n    node_venv_lib_python3_12 --> node_venv_lib_python3_12_site-packages["site-packages"]\n    node_venv_lib_python3_12_site-packages --> node_venv_lib_python3_12_site-packages_PyQt6["PyQt6"]\n    node_venv_lib_python3_12_site-packages_PyQt6 --> node_venv_lib_python3_12_site-packages_PyQt6_Qt6["Qt6"]\n    node_venv_lib_python3_12_site-packages_PyQt6_Qt6 --> node_venv_lib_python3_12_site-packages_PyQt6_Qt6_qml["qml"]\n    node_venv_lib_python3_12_site-packages_PyQt6_Qt6_qml --> node_venv_lib_python3_12_site-packages_PyQt6_Qt6_qml_QtQuick3D["QtQuick3D"]\n    node_venv_lib_python3_12_site-packages_PyQt6_Qt6_qml_QtQuick3D --> node_venv_lib_python3_12_site-packages_PyQt6_Qt6_qml_QtQuick3D_Particles3D["Particles3D"]\n    node_venv_lib_python3_12_site-packages_PyQt6_Qt6_qml_QtQuick3D_Particles3D --> node_venv_lib_python3_12_site-packages_PyQt6_Qt6_qml_QtQuick3D_Particles3D_designer["designer"]\n    node_venv_lib_python3_12_site-packages_PyQt6_Qt6_qml_QtQuick3D_Particles3D_designer --> node_venv_lib_python3_12_site-packages_PyQt6_Qt6_qml_QtQuick3D_Particles3D_designer_ParticleSystem3DSection_qml["ParticleSystem3DSection.qml"]\n    Root --> node_venv["venv"]\n    node_venv --> node_venv_lib["lib"]\n    node_venv_lib --> node_venv_lib_python3_12["python3.12"]\n    node_venv_lib_python3_12 --> node_venv_lib_python3_12_site-packages["site-packages"]\n    node_venv_lib_python3_12_site-packages --> node_venv_lib_python3_12_site-packages_PyQt6["PyQt6"]\n    node_venv_lib_python3_12_site-packages_PyQt6 --> node_venv_lib_python3_12_site-packages_PyQt6_Qt6["Qt6"]\n    node_venv_lib_python3_12_site-packages_PyQt6_Qt6 --> node_venv_lib_python3_12_site-packages_PyQt6_Qt6_qml["qml"]\n    node_venv_lib_python3_12_site-packages_PyQt6_Qt6_qml --> node_venv_lib_python3_12_site-packages_PyQt6_Qt6_qml_QtQuick3D["QtQuick3D"]\n    node_venv_lib_python3_12_site-packages_PyQt6_Qt6_qml_QtQuick3D --> node_venv_lib_python3_12_site-packages_PyQt6_Qt6_qml_QtQuick3D_Particles3D["Particles3D"]\n    node_venv_lib_python3_12_site-packages_PyQt6_Qt6_qml_QtQuick3D_Particles3D --> node_venv_lib_python3_12_site-packages_PyQt6_Qt6_qml_QtQuick3D_Particles3D_designer["designer"]\n    node_venv_lib_python3_12_site-packages_PyQt6_Qt6_qml_QtQuick3D_Particles3D_designer --> node_venv_lib_python3_12_site-packages_PyQt6_Qt6_qml_QtQuick3D_Particles3D_designer_ParticleSystem3DSpecifics_qml["ParticleSystem3DSpecifics.qml"]\n    Root --> node_venv["venv"]\n    node_venv --> node_venv_lib["lib"]\n    node_venv_lib --> node_venv_lib_python3_12["python3.12"]\n    node_venv_lib_python3_12 --> node_venv_lib_python3_12_site-packages["site-packages"]\n    node_venv_lib_python3_12_site-packages --> node_venv_lib_python3_12_site-packages_PyQt6["PyQt6"]\n    node_venv_lib_python3_12_site-packages_PyQt6 --> node_venv_lib_python3_12_site-packages_PyQt6_Qt6["Qt6"]\n    node_venv_lib_python3_12_site-packages_PyQt6_Qt6 --> node_venv_lib_python3_12_site-packages_PyQt6_Qt6_qml["qml"]\n    node_venv_lib_python3_12_site-packages_PyQt6_Qt6_qml --> node_venv_lib_python3_12_site-packages_PyQt6_Qt6_qml_QtQuick3D["QtQuick3D"]\n    node_venv_lib_python3_12_site-packages_PyQt6_Qt6_qml_QtQuick3D --> node_venv_lib_python3_12_site-packages_PyQt6_Qt6_qml_QtQuick3D_Particles3D["Particles3D"]\n    node_venv_lib_python3_12_site-packages_PyQt6_Qt6_qml_QtQuick3D_Particles3D --> node_venv_lib_python3_12_site-packages_PyQt6_Qt6_qml_QtQuick3D_Particles3D_designer["designer"]\n    node_venv_lib_python3_12_site-packages_PyQt6_Qt6_qml_QtQuick3D_Particles3D_designer --> node_venv_lib_python3_12_site-packages_PyQt6_Qt6_qml_QtQuick3D_Particles3D_designer_PointRotator3DSection_qml["PointRotator3DSection.qml"]\n    Root --> node_venv["venv"]\n    node_venv --> node_venv_lib["lib"]\n    node_venv_lib --> node_venv_lib_python3_12["python3.12"]\n    node_venv_lib_python3_12 --> node_venv_lib_python3_12_site-packages["site-packages"]\n    node_venv_lib_python3_12_site-packages --> node_venv_lib_python3_12_site-packages_PyQt6["PyQt6"]\n    node_venv_lib_python3_12_site-packages_PyQt6 --> node_venv_lib_python3_12_site-packages_PyQt6_Qt6["Qt6"]\n    node_venv_lib_python3_12_site-packages_PyQt6_Qt6 --> node_venv_lib_python3_12_site-packages_PyQt6_Qt6_qml["qml"]\n    node_venv_lib_python3_12_site-packages_PyQt6_Qt6_qml --> node_venv_lib_python3_12_site-packages_PyQt6_Qt6_qml_QtQuick3D["QtQuick3D"]\n    node_venv_lib_python3_12_site-packages_PyQt6_Qt6_qml_QtQuick3D --> node_venv_lib_python3_12_site-packages_PyQt6_Qt6_qml_QtQuick3D_Particles3D["Particles3D"]\n    node_venv_lib_python3_12_site-packages_PyQt6_Qt6_qml_QtQuick3D_Particles3D --> node_venv_lib_python3_12_site-packages_PyQt6_Qt6_qml_QtQuick3D_Particles3D_designer["designer"]\n    node_venv_lib_python3_12_site-packages_PyQt6_Qt6_qml_QtQuick3D_Particles3D_designer --> node_venv_lib_python3_12_site-packages_PyQt6_Qt6_qml_QtQuick3D_Particles3D_designer_PointRotator3DSpecifics_qml["PointRotator3DSpecifics.qml"]\n    Root --> node_venv["venv"]\n    node_venv --> node_venv_lib["lib"]\n    node_venv_lib --> node_venv_lib_python3_12["python3.12"]\n    node_venv_lib_python3_12 --> node_venv_lib_python3_12_site-packages["site-packages"]\n    node_venv_lib_python3_12_site-packages --> node_venv_lib_python3_12_site-packages_PyQt6["PyQt6"]\n    node_venv_lib_python3_12_site-packages_PyQt6 --> node_venv_lib_python3_12_site-packages_PyQt6_Qt6["Qt6"]\n    node_venv_lib_python3_12_site-packages_PyQt6_Qt6 --> node_venv_lib_python3_12_site-packages_PyQt6_Qt6_qml["qml"]\n    node_venv_lib_python3_12_site-packages_PyQt6_Qt6_qml --> node_venv_lib_python3_12_site-packages_PyQt6_Qt6_qml_QtQuick3D["QtQuick3D"]\n    node_venv_lib_python3_12_site-packages_PyQt6_Qt6_qml_QtQuick3D --> node_venv_lib_python3_12_site-packages_PyQt6_Qt6_qml_QtQuick3D_Particles3D["Particles3D"]\n    node_venv_lib_python3_12_site-packages_PyQt6_Qt6_qml_QtQuick3D_Particles3D --> node_venv_lib_python3_12_site-packages_PyQt6_Qt6_qml_QtQuick3D_Particles3D_designer["designer"]\n    node_venv_lib_python3_12_site-packages_PyQt6_Qt6_qml_QtQuick3D_Particles3D_designer --> node_venv_lib_python3_12_site-packages_PyQt6_Qt6_qml_QtQuick3D_Particles3D_designer_Repeller3DSection_qml["Repeller3DSection.qml"]\n    Root --> node_venv["venv"]\n    node_venv --> node_venv_lib["lib"]\n    node_venv_lib --> node_venv_lib_python3_12["python3.12"]\n    node_venv_lib_python3_12 --> node_venv_lib_python3_12_site-packages["site-packages"]\n    node_venv_lib_python3_12_site-packages --> node_venv_lib_python3_12_site-packages_PyQt6["PyQt6"]\n    node_venv_lib_python3_12_site-packages_PyQt6 --> node_venv_lib_python3_12_site-packages_PyQt6_Qt6["Qt6"]\n    node_venv_lib_python3_12_site-packages_PyQt6_Qt6 --> node_venv_lib_python3_12_site-packages_PyQt6_Qt6_qml["qml"]\n    node_venv_lib_python3_12_site-packages_PyQt6_Qt6_qml --> node_venv_lib_python3_12_site-packages_PyQt6_Qt6_qml_QtQuick3D["QtQuick3D"]\n    node_venv_lib_python3_12_site-packages_PyQt6_Qt6_qml_QtQuick3D --> node_venv_lib_python3_12_site-packages_PyQt6_Qt6_qml_QtQuick3D_Particles3D["Particles3D"]\n    node_venv_lib_python3_12_site-packages_PyQt6_Qt6_qml_QtQuick3D_Particles3D --> node_venv_lib_python3_12_site-packages_PyQt6_Qt6_qml_QtQuick3D_Particles3D_designer["designer"]\n    node_venv_lib_python3_12_site-packages_PyQt6_Qt6_qml_QtQuick3D_Particles3D_designer --> node_venv_lib_python3_12_site-packages_PyQt6_Qt6_qml_QtQuick3D_Particles3D_designer_Repeller3DSpecifics_qml["Repeller3DSpecifics.qml"]\n    Root --> node_venv["venv"]\n    node_venv --> node_venv_lib["lib"]\n    node_venv_lib --> node_venv_lib_python3_12["python3.12"]\n    node_venv_lib_python3_12 --> node_venv_lib_python3_12_site-packages["site-packages"]\n    node_venv_lib_python3_12_site-packages --> node_venv_lib_python3_12_site-packages_PyQt6["PyQt6"]\n    node_venv_lib_python3_12_site-packages_PyQt6 --> node_venv_lib_python3_12_site-packages_PyQt6_Qt6["Qt6"]\n    node_venv_lib_python3_12_site-packages_PyQt6_Qt6 --> node_venv_lib_python3_12_site-packages_PyQt6_Qt6_qml["qml"]\n    node_venv_lib_python3_12_site-packages_PyQt6_Qt6_qml --> node_venv_lib_python3_12_site-packages_PyQt6_Qt6_qml_QtQuick3D["QtQuick3D"]\n    node_venv_lib_python3_12_site-packages_PyQt6_Qt6_qml_QtQuick3D --> node_venv_lib_python3_12_site-packages_PyQt6_Qt6_qml_QtQuick3D_Particles3D["Particles3D"]\n    node_venv_lib_python3_12_site-packages_PyQt6_Qt6_qml_QtQuick3D_Particles3D --> node_venv_lib_python3_12_site-packages_PyQt6_Qt6_qml_QtQuick3D_Particles3D_designer["designer"]\n    node_venv_lib_python3_12_site-packages_PyQt6_Qt6_qml_QtQuick3D_Particles3D_designer --> node_venv_lib_python3_12_site-packages_PyQt6_Qt6_qml_QtQuick3D_Particles3D_designer_ScaleAffector3DSection_qml["ScaleAffector3DSection.qml"]\n    Root --> node_venv["venv"]\n    node_venv --> node_venv_lib["lib"]\n    node_venv_lib --> node_venv_lib_python3_12["python3.12"]\n    node_venv_lib_python3_12 --> node_venv_lib_python3_12_site-packages["site-packages"]\n    node_venv_lib_python3_12_site-packages --> node_venv_lib_python3_12_site-packages_PyQt6["PyQt6"]\n    node_venv_lib_python3_12_site-packages_PyQt6 --> node_venv_lib_python3_12_site-packages_PyQt6_Qt6["Qt6"]\n    node_venv_lib_python3_12_site-packages_PyQt6_Qt6 --> node_venv_lib_python3_12_site-packages_PyQt6_Qt6_qml["qml"]\n    node_venv_lib_python3_12_site-packages_PyQt6_Qt6_qml --> node_venv_lib_python3_12_site-packages_PyQt6_Qt6_qml_QtQuick3D["QtQuick3D"]\n    node_venv_lib_python3_12_site-packages_PyQt6_Qt6_qml_QtQuick3D --> node_venv_lib_python3_12_site-packages_PyQt6_Qt6_qml_QtQuick3D_Particles3D["Particles3D"]\n    node_venv_lib_python3_12_site-packages_PyQt6_Qt6_qml_QtQuick3D_Particles3D --> node_venv_lib_python3_12_site-packages_PyQt6_Qt6_qml_QtQuick3D_Particles3D_designer["designer"]\n    node_venv_lib_python3_12_site-packages_PyQt6_Qt6_qml_QtQuick3D_Particles3D_designer --> node_venv_lib_python3_12_site-packages_PyQt6_Qt6_qml_QtQuick3D_Particles3D_designer_ScaleAffector3DSpecifics_qml["ScaleAffector3DSpecifics.qml"]\n    Root --> node_venv["venv"]\n    node_venv --> node_venv_lib["lib"]\n    node_venv_lib --> node_venv_lib_python3_12["python3.12"]\n    node_venv_lib_python3_12 --> node_venv_lib_python3_12_site-packages["site-packages"]\n    node_venv_lib_python3_12_site-packages --> node_venv_lib_python3_12_site-packages_PyQt6["PyQt6"]\n    node_venv_lib_python3_12_site-packages_PyQt6 --> node_venv_lib_python3_12_site-packages_PyQt6_Qt6["Qt6"]\n    node_venv_lib_python3_12_site-packages_PyQt6_Qt6 --> node_venv_lib_python3_12_site-packages_PyQt6_Qt6_qml["qml"]\n    node_venv_lib_python3_12_site-packages_PyQt6_Qt6_qml --> node_venv_lib_python3_12_site-packages_PyQt6_Qt6_qml_QtQuick3D["QtQuick3D"]\n    node_venv_lib_python3_12_site-packages_PyQt6_Qt6_qml_QtQuick3D --> node_venv_lib_python3_12_site-packages_PyQt6_Qt6_qml_QtQuick3D_Particles3D["Particles3D"]\n    node_venv_lib_python3_12_site-packages_PyQt6_Qt6_qml_QtQuick3D_Particles3D --> node_venv_lib_python3_12_site-packages_PyQt6_Qt6_qml_QtQuick3D_Particles3D_designer["designer"]\n    node_venv_lib_python3_12_site-packages_PyQt6_Qt6_qml_QtQuick3D_Particles3D_designer --> node_venv_lib_python3_12_site-packages_PyQt6_Qt6_qml_QtQuick3D_Particles3D_designer_SpriteParticle3DSection_qml["SpriteParticle3DSection.qml"]\n    Root --> node_venv["venv"]\n    node_venv --> node_venv_lib["lib"]\n    node_venv_lib --> node_venv_lib_python3_12["python3.12"]\n    node_venv_lib_python3_12 --> node_venv_lib_python3_12_site-packages["site-packages"]\n    node_venv_lib_python3_12_site-packages --> node_venv_lib_python3_12_site-packages_PyQt6["PyQt6"]\n    node_venv_lib_python3_12_site-packages_PyQt6 --> node_venv_lib_python3_12_site-packages_PyQt6_Qt6["Qt6"]\n    node_venv_lib_python3_12_site-packages_PyQt6_Qt6 --> node_venv_lib_python3_12_site-packages_PyQt6_Qt6_qml["qml"]\n    node_venv_lib_python3_12_site-packages_PyQt6_Qt6_qml --> node_venv_lib_python3_12_site-packages_PyQt6_Qt6_qml_QtQuick3D["QtQuick3D"]\n    node_venv_lib_python3_12_site-packages_PyQt6_Qt6_qml_QtQuick3D --> node_venv_lib_python3_12_site-packages_PyQt6_Qt6_qml_QtQuick3D_Particles3D["Particles3D"]\n    node_venv_lib_python3_12_site-packages_PyQt6_Qt6_qml_QtQuick3D_Particles3D --> node_venv_lib_python3_12_site-packages_PyQt6_Qt6_qml_QtQuick3D_Particles3D_designer["designer"]\n    node_venv_lib_python3_12_site-packages_PyQt6_Qt6_qml_QtQuick3D_Particles3D_designer --> node_venv_lib_python3_12_site-packages_PyQt6_Qt6_qml_QtQuick3D_Particles3D_designer_SpriteParticle3DSpecifics_qml["SpriteParticle3DSpecifics.qml"]\n    Root --> node_venv["venv"]\n    node_venv --> node_venv_lib["lib"]\n    node_venv_lib --> node_venv_lib_python3_12["python3.12"]\n    node_venv_lib_python3_12 --> node_venv_lib_python3_12_site-packages["site-packages"]\n    node_venv_lib_python3_12_site-packages --> node_venv_lib_python3_12_site-packages_PyQt6["PyQt6"]\n    node_venv_lib_python3_12_site-packages_PyQt6 --> node_venv_lib_python3_12_site-packages_PyQt6_Qt6["Qt6"]\n    node_venv_lib_python3_12_site-packages_PyQt6_Qt6 --> node_venv_lib_python3_12_site-packages_PyQt6_Qt6_qml["qml"]\n    node_venv_lib_python3_12_site-packages_PyQt6_Qt6_qml --> node_venv_lib_python3_12_site-packages_PyQt6_Qt6_qml_QtQuick3D["QtQuick3D"]\n    node_venv_lib_python3_12_site-packages_PyQt6_Qt6_qml_QtQuick3D --> node_venv_lib_python3_12_site-packages_PyQt6_Qt6_qml_QtQuick3D_Particles3D["Particles3D"]\n    node_venv_lib_python3_12_site-packages_PyQt6_Qt6_qml_QtQuick3D_Particles3D --> node_venv_lib_python3_12_site-packages_PyQt6_Qt6_qml_QtQuick3D_Particles3D_designer["designer"]\n    node_venv_lib_python3_12_site-packages_PyQt6_Qt6_qml_QtQuick3D_Particles3D_designer --> node_venv_lib_python3_12_site-packages_PyQt6_Qt6_qml_QtQuick3D_Particles3D_designer_SpriteSequence3DSection_qml["SpriteSequence3DSection.qml"]\n    Root --> node_venv["venv"]\n    node_venv --> node_venv_lib["lib"]\n    node_venv_lib --> node_venv_lib_python3_12["python3.12"]\n    node_venv_lib_python3_12 --> node_venv_lib_python3_12_site-packages["site-packages"]\n    node_venv_lib_python3_12_site-packages --> node_venv_lib_python3_12_site-packages_PyQt6["PyQt6"]\n    node_venv_lib_python3_12_site-packages_PyQt6 --> node_venv_lib_python3_12_site-packages_PyQt6_Qt6["Qt6"]\n    node_venv_lib_python3_12_site-packages_PyQt6_Qt6 --> node_venv_lib_python3_12_site-packages_PyQt6_Qt6_qml["qml"]\n    node_venv_lib_python3_12_site-packages_PyQt6_Qt6_qml --> node_venv_lib_python3_12_site-packages_PyQt6_Qt6_qml_QtQuick3D["QtQuick3D"]\n    node_venv_lib_python3_12_site-packages_PyQt6_Qt6_qml_QtQuick3D --> node_venv_lib_python3_12_site-packages_PyQt6_Qt6_qml_QtQuick3D_Particles3D["Particles3D"]\n    node_venv_lib_python3_12_site-packages_PyQt6_Qt6_qml_QtQuick3D_Particles3D --> node_venv_lib_python3_12_site-packages_PyQt6_Qt6_qml_QtQuick3D_Particles3D_designer["designer"]\n    node_venv_lib_python3_12_site-packages_PyQt6_Qt6_qml_QtQuick3D_Particles3D_designer --> node_venv_lib_python3_12_site-packages_PyQt6_Qt6_qml_QtQuick3D_Particles3D_designer_SpriteSequence3DSpecifics_qml["SpriteSequence3DSpecifics.qml"]\n    Root --> node_venv["venv"]\n    node_venv --> node_venv_lib["lib"]\n    node_venv_lib --> node_venv_lib_python3_12["python3.12"]\n    node_venv_lib_python3_12 --> node_venv_lib_python3_12_site-packages["site-packages"]\n    node_venv_lib_python3_12_site-packages --> node_venv_lib_python3_12_site-packages_PyQt6["PyQt6"]\n    node_venv_lib_python3_12_site-packages_PyQt6 --> node_venv_lib_python3_12_site-packages_PyQt6_Qt6["Qt6"]\n    node_venv_lib_python3_12_site-packages_PyQt6_Qt6 --> node_venv_lib_python3_12_site-packages_PyQt6_Qt6_qml["qml"]\n    node_venv_lib_python3_12_site-packages_PyQt6_Qt6_qml --> node_venv_lib_python3_12_site-packages_PyQt6_Qt6_qml_QtQuick3D["QtQuick3D"]\n    node_venv_lib_python3_12_site-packages_PyQt6_Qt6_qml_QtQuick3D --> node_venv_lib_python3_12_site-packages_PyQt6_Qt6_qml_QtQuick3D_Particles3D["Particles3D"]\n    node_venv_lib_python3_12_site-packages_PyQt6_Qt6_qml_QtQuick3D_Particles3D --> node_venv_lib_python3_12_site-packages_PyQt6_Qt6_qml_QtQuick3D_Particles3D_designer["designer"]\n    node_venv_lib_python3_12_site-packages_PyQt6_Qt6_qml_QtQuick3D_Particles3D_designer --> node_venv_lib_python3_12_site-packages_PyQt6_Qt6_qml_QtQuick3D_Particles3D_designer_TargetDirection3DSection_qml["TargetDirection3DSection.qml"]\n    Root --> node_venv["venv"]\n    node_venv --> node_venv_lib["lib"]\n    node_venv_lib --> node_venv_lib_python3_12["python3.12"]\n    node_venv_lib_python3_12 --> node_venv_lib_python3_12_site-packages["site-packages"]\n    node_venv_lib_python3_12_site-packages --> node_venv_lib_python3_12_site-packages_PyQt6["PyQt6"]\n    node_venv_lib_python3_12_site-packages_PyQt6 --> node_venv_lib_python3_12_site-packages_PyQt6_Qt6["Qt6"]\n    node_venv_lib_python3_12_site-packages_PyQt6_Qt6 --> node_venv_lib_python3_12_site-packages_PyQt6_Qt6_qml["qml"]\n    node_venv_lib_python3_12_site-packages_PyQt6_Qt6_qml --> node_venv_lib_python3_12_site-packages_PyQt6_Qt6_qml_QtQuick3D["QtQuick3D"]\n    node_venv_lib_python3_12_site-packages_PyQt6_Qt6_qml_QtQuick3D --> node_venv_lib_python3_12_site-packages_PyQt6_Qt6_qml_QtQuick3D_Particles3D["Particles3D"]\n    node_venv_lib_python3_12_site-packages_PyQt6_Qt6_qml_QtQuick3D_Particles3D --> node_venv_lib_python3_12_site-packages_PyQt6_Qt6_qml_QtQuick3D_Particles3D_designer["designer"]\n    node_venv_lib_python3_12_site-packages_PyQt6_Qt6_qml_QtQuick3D_Particles3D_designer --> node_venv_lib_python3_12_site-packages_PyQt6_Qt6_qml_QtQuick3D_Particles3D_designer_TargetDirection3DSpecifics_qml["TargetDirection3DSpecifics.qml"]\n    Root --> node_venv["venv"]\n    node_venv --> node_venv_lib["lib"]\n    node_venv_lib --> node_venv_lib_python3_12["python3.12"]\n    node_venv_lib_python3_12 --> node_venv_lib_python3_12_site-packages["site-packages"]\n    node_venv_lib_python3_12_site-packages --> node_venv_lib_python3_12_site-packages_PyQt6["PyQt6"]\n    node_venv_lib_python3_12_site-packages_PyQt6 --> node_venv_lib_python3_12_site-packages_PyQt6_Qt6["Qt6"]\n    node_venv_lib_python3_12_site-packages_PyQt6_Qt6 --> node_venv_lib_python3_12_site-packages_PyQt6_Qt6_qml["qml"]\n    node_venv_lib_python3_12_site-packages_PyQt6_Qt6_qml --> node_venv_lib_python3_12_site-packages_PyQt6_Qt6_qml_QtQuick3D["QtQuick3D"]\n    node_venv_lib_python3_12_site-packages_PyQt6_Qt6_qml_QtQuick3D --> node_venv_lib_python3_12_site-packages_PyQt6_Qt6_qml_QtQuick3D_Particles3D["Particles3D"]\n    node_venv_lib_python3_12_site-packages_PyQt6_Qt6_qml_QtQuick3D_Particles3D --> node_venv_lib_python3_12_site-packages_PyQt6_Qt6_qml_QtQuick3D_Particles3D_designer["designer"]\n    node_venv_lib_python3_12_site-packages_PyQt6_Qt6_qml_QtQuick3D_Particles3D_designer --> node_venv_lib_python3_12_site-packages_PyQt6_Qt6_qml_QtQuick3D_Particles3D_designer_TrailEmitter3DSection_qml["TrailEmitter3DSection.qml"]\n    Root --> node_venv["venv"]\n    node_venv --> node_venv_lib["lib"]\n    node_venv_lib --> node_venv_lib_python3_12["python3.12"]\n    node_venv_lib_python3_12 --> node_venv_lib_python3_12_site-packages["site-packages"]\n    node_venv_lib_python3_12_site-packages --> node_venv_lib_python3_12_site-packages_PyQt6["PyQt6"]\n    node_venv_lib_python3_12_site-packages_PyQt6 --> node_venv_lib_python3_12_site-packages_PyQt6_Qt6["Qt6"]\n    node_venv_lib_python3_12_site-packages_PyQt6_Qt6 --> node_venv_lib_python3_12_site-packages_PyQt6_Qt6_qml["qml"]\n    node_venv_lib_python3_12_site-packages_PyQt6_Qt6_qml --> node_venv_lib_python3_12_site-packages_PyQt6_Qt6_qml_QtQuick3D["QtQuick3D"]\n    node_venv_lib_python3_12_site-packages_PyQt6_Qt6_qml_QtQuick3D --> node_venv_lib_python3_12_site-packages_PyQt6_Qt6_qml_QtQuick3D_Particles3D["Particles3D"]\n    node_venv_lib_python3_12_site-packages_PyQt6_Qt6_qml_QtQuick3D_Particles3D --> node_venv_lib_python3_12_site-packages_PyQt6_Qt6_qml_QtQuick3D_Particles3D_designer["designer"]\n    node_venv_lib_python3_12_site-packages_PyQt6_Qt6_qml_QtQuick3D_Particles3D_designer --> node_venv_lib_python3_12_site-packages_PyQt6_Qt6_qml_QtQuick3D_Particles3D_designer_TrailEmitter3DSpecifics_qml["TrailEmitter3DSpecifics.qml"]\n    Root --> node_venv["venv"]\n    node_venv --> node_venv_lib["lib"]\n    node_venv_lib --> node_venv_lib_python3_12["python3.12"]\n    node_venv_lib_python3_12 --> node_venv_lib_python3_12_site-packages["site-packages"]\n    node_venv_lib_python3_12_site-packages --> node_venv_lib_python3_12_site-packages_PyQt6["PyQt6"]\n    node_venv_lib_python3_12_site-packages_PyQt6 --> node_venv_lib_python3_12_site-packages_PyQt6_Qt6["Qt6"]\n    node_venv_lib_python3_12_site-packages_PyQt6_Qt6 --> node_venv_lib_python3_12_site-packages_PyQt6_Qt6_qml["qml"]\n    node_venv_lib_python3_12_site-packages_PyQt6_Qt6_qml --> node_venv_lib_python3_12_site-packages_PyQt6_Qt6_qml_QtQuick3D["QtQuick3D"]\n    node_venv_lib_python3_12_site-packages_PyQt6_Qt6_qml_QtQuick3D --> node_venv_lib_python3_12_site-packages_PyQt6_Qt6_qml_QtQuick3D_Particles3D["Particles3D"]\n    node_venv_lib_python3_12_site-packages_PyQt6_Qt6_qml_QtQuick3D_Particles3D --> node_venv_lib_python3_12_site-packages_PyQt6_Qt6_qml_QtQuick3D_Particles3D_designer["designer"]\n    node_venv_lib_python3_12_site-packages_PyQt6_Qt6_qml_QtQuick3D_Particles3D_designer --> node_venv_lib_python3_12_site-packages_PyQt6_Qt6_qml_QtQuick3D_Particles3D_designer_VectorDirection3DSection_qml["VectorDirection3DSection.qml"]\n    Root --> node_venv["venv"]\n    node_venv --> node_venv_lib["lib"]\n    node_venv_lib --> node_venv_lib_python3_12["python3.12"]\n    node_venv_lib_python3_12 --> node_venv_lib_python3_12_site-packages["site-packages"]\n    node_venv_lib_python3_12_site-packages --> node_venv_lib_python3_12_site-packages_PyQt6["PyQt6"]\n    node_venv_lib_python3_12_site-packages_PyQt6 --> node_venv_lib_python3_12_site-packages_PyQt6_Qt6["Qt6"]\n    node_venv_lib_python3_12_site-packages_PyQt6_Qt6 --> node_venv_lib_python3_12_site-packages_PyQt6_Qt6_qml["qml"]\n    node_venv_lib_python3_12_site-packages_PyQt6_Qt6_qml --> node_venv_lib_python3_12_site-packages_PyQt6_Qt6_qml_QtQuick3D["QtQuick3D"]\n    node_venv_lib_python3_12_site-packages_PyQt6_Qt6_qml_QtQuick3D --> node_venv_lib_python3_12_site-packages_PyQt6_Qt6_qml_QtQuick3D_Particles3D["Particles3D"]\n    node_venv_lib_python3_12_site-packages_PyQt6_Qt6_qml_QtQuick3D_Particles3D --> node_venv_lib_python3_12_site-packages_PyQt6_Qt6_qml_QtQuick3D_Particles3D_designer["designer"]\n    node_venv_lib_python3_12_site-packages_PyQt6_Qt6_qml_QtQuick3D_Particles3D_designer --> node_venv_lib_python3_12_site-packages_PyQt6_Qt6_qml_QtQuick3D_Particles3D_designer_VectorDirection3DSpecifics_qml["VectorDirection3DSpecifics.qml"]\n    Root --> node_venv["venv"]\n    node_venv --> node_venv_lib["lib"]\n    node_venv_lib --> node_venv_lib_python3_12["python3.12"]\n    node_venv_lib_python3_12 --> node_venv_lib_python3_12_site-packages["site-packages"]\n    node_venv_lib_python3_12_site-packages --> node_venv_lib_python3_12_site-packages_PyQt6["PyQt6"]\n    node_venv_lib_python3_12_site-packages_PyQt6 --> node_venv_lib_python3_12_site-packages_PyQt6_Qt6["Qt6"]\n    node_venv_lib_python3_12_site-packages_PyQt6_Qt6 --> node_venv_lib_python3_12_site-packages_PyQt6_Qt6_qml["qml"]\n    node_venv_lib_python3_12_site-packages_PyQt6_Qt6_qml --> node_venv_lib_python3_12_site-packages_PyQt6_Qt6_qml_QtQuick3D["QtQuick3D"]\n    node_venv_lib_python3_12_site-packages_PyQt6_Qt6_qml_QtQuick3D --> node_venv_lib_python3_12_site-packages_PyQt6_Qt6_qml_QtQuick3D_Particles3D["Particles3D"]\n    node_venv_lib_python3_12_site-packages_PyQt6_Qt6_qml_QtQuick3D_Particles3D --> node_venv_lib_python3_12_site-packages_PyQt6_Qt6_qml_QtQuick3D_Particles3D_designer["designer"]\n    node_venv_lib_python3_12_site-packages_PyQt6_Qt6_qml_QtQuick3D_Particles3D_designer --> node_venv_lib_python3_12_site-packages_PyQt6_Qt6_qml_QtQuick3D_Particles3D_designer_Wander3DSection_qml["Wander3DSection.qml"]\n    Root --> node_venv["venv"]\n    node_venv --> node_venv_lib["lib"]\n    node_venv_lib --> node_venv_lib_python3_12["python3.12"]\n    node_venv_lib_python3_12 --> node_venv_lib_python3_12_site-packages["site-packages"]\n    node_venv_lib_python3_12_site-packages --> node_venv_lib_python3_12_site-packages_PyQt6["PyQt6"]\n    node_venv_lib_python3_12_site-packages_PyQt6 --> node_venv_lib_python3_12_site-packages_PyQt6_Qt6["Qt6"]\n    node_venv_lib_python3_12_site-packages_PyQt6_Qt6 --> node_venv_lib_python3_12_site-packages_PyQt6_Qt6_qml["qml"]\n    node_venv_lib_python3_12_site-packages_PyQt6_Qt6_qml --> node_venv_lib_python3_12_site-packages_PyQt6_Qt6_qml_QtQuick3D["QtQuick3D"]\n    node_venv_lib_python3_12_site-packages_PyQt6_Qt6_qml_QtQuick3D --> node_venv_lib_python3_12_site-packages_PyQt6_Qt6_qml_QtQuick3D_Particles3D["Particles3D"]\n    node_venv_lib_python3_12_site-packages_PyQt6_Qt6_qml_QtQuick3D_Particles3D --> node_venv_lib_python3_12_site-packages_PyQt6_Qt6_qml_QtQuick3D_Particles3D_designer["designer"]\n    node_venv_lib_python3_12_site-packages_PyQt6_Qt6_qml_QtQuick3D_Particles3D_designer --> node_venv_lib_python3_12_site-packages_PyQt6_Qt6_qml_QtQuick3D_Particles3D_designer_Wander3DSpecifics_qml["Wander3DSpecifics.qml"]\n    Root --> node_venv["venv"]\n    node_venv --> node_venv_lib["lib"]\n    node_venv_lib --> node_venv_lib_python3_12["python3.12"]\n    node_venv_lib_python3_12 --> node_venv_lib_python3_12_site-packages["site-packages"]\n    node_venv_lib_python3_12_site-packages --> node_venv_lib_python3_12_site-packages_PyQt6["PyQt6"]\n    node_venv_lib_python3_12_site-packages_PyQt6 --> node_venv_lib_python3_12_site-packages_PyQt6_Qt6["Qt6"]\n    node_venv_lib_python3_12_site-packages_PyQt6_Qt6 --> node_venv_lib_python3_12_site-packages_PyQt6_Qt6_qml["qml"]\n    node_venv_lib_python3_12_site-packages_PyQt6_Qt6_qml --> node_venv_lib_python3_12_site-packages_PyQt6_Qt6_qml_QtQuick3D["QtQuick3D"]\n    node_venv_lib_python3_12_site-packages_PyQt6_Qt6_qml_QtQuick3D --> node_venv_lib_python3_12_site-packages_PyQt6_Qt6_qml_QtQuick3D_Particles3D["Particles3D"]\n    node_venv_lib_python3_12_site-packages_PyQt6_Qt6_qml_QtQuick3D_Particles3D --> node_venv_lib_python3_12_site-packages_PyQt6_Qt6_qml_QtQuick3D_Particles3D_designer["designer"]\n    node_venv_lib_python3_12_site-packages_PyQt6_Qt6_qml_QtQuick3D_Particles3D_designer --> node_venv_lib_python3_12_site-packages_PyQt6_Qt6_qml_QtQuick3D_Particles3D_designer_particles3d_metainfo["particles3d.metainfo"]\n    Root --> node_venv["venv"]\n    node_venv --> node_venv_lib["lib"]\n    node_venv_lib --> node_venv_lib_python3_12["python3.12"]\n    node_venv_lib_python3_12 --> node_venv_lib_python3_12_site-packages["site-packages"]\n    node_venv_lib_python3_12_site-packages --> node_venv_lib_python3_12_site-packages_PyQt6["PyQt6"]\n    node_venv_lib_python3_12_site-packages_PyQt6 --> node_venv_lib_python3_12_site-packages_PyQt6_Qt6["Qt6"]\n    node_venv_lib_python3_12_site-packages_PyQt6_Qt6 --> node_venv_lib_python3_12_site-packages_PyQt6_Qt6_qml["qml"]\n    node_venv_lib_python3_12_site-packages_PyQt6_Qt6_qml --> node_venv_lib_python3_12_site-packages_PyQt6_Qt6_qml_QtQuick3D["QtQuick3D"]\n    node_venv_lib_python3_12_site-packages_PyQt6_Qt6_qml_QtQuick3D --> node_venv_lib_python3_12_site-packages_PyQt6_Qt6_qml_QtQuick3D_Particles3D["Particles3D"]\n    node_venv_lib_python3_12_site-packages_PyQt6_Qt6_qml_QtQuick3D_Particles3D --> node_venv_lib_python3_12_site-packages_PyQt6_Qt6_qml_QtQuick3D_Particles3D_designer["designer"]\n    node_venv_lib_python3_12_site-packages_PyQt6_Qt6_qml_QtQuick3D_Particles3D_designer --> node_venv_lib_python3_12_site-packages_PyQt6_Qt6_qml_QtQuick3D_Particles3D_designer_images["images"]\n    node_venv_lib_python3_12_site-packages_PyQt6_Qt6_qml_QtQuick3D_Particles3D_designer_images --> node_venv_lib_python3_12_site-packages_PyQt6_Qt6_qml_QtQuick3D_Particles3D_designer_images_attractor-16px_png["attractor-16px.png"]\n    Root --> node_venv["venv"]\n    node_venv --> node_venv_lib["lib"]\n    node_venv_lib --> node_venv_lib_python3_12["python3.12"]\n    node_venv_lib_python3_12 --> node_venv_lib_python3_12_site-packages["site-packages"]\n    node_venv_lib_python3_12_site-packages --> node_venv_lib_python3_12_site-packages_PyQt6["PyQt6"]\n    node_venv_lib_python3_12_site-packages_PyQt6 --> node_venv_lib_python3_12_site-packages_PyQt6_Qt6["Qt6"]\n    node_venv_lib_python3_12_site-packages_PyQt6_Qt6 --> node_venv_lib_python3_12_site-packages_PyQt6_Qt6_qml["qml"]\n    node_venv_lib_python3_12_site-packages_PyQt6_Qt6_qml --> node_venv_lib_python3_12_site-packages_PyQt6_Qt6_qml_QtQuick3D["QtQuick3D"]\n    node_venv_lib_python3_12_site-packages_PyQt6_Qt6_qml_QtQuick3D --> node_venv_lib_python3_12_site-packages_PyQt6_Qt6_qml_QtQuick3D_Particles3D["Particles3D"]\n    node_venv_lib_python3_12_site-packages_PyQt6_Qt6_qml_QtQuick3D_Particles3D --> node_venv_lib_python3_12_site-packages_PyQt6_Qt6_qml_QtQuick3D_Particles3D_designer["designer"]\n    node_venv_lib_python3_12_site-packages_PyQt6_Qt6_qml_QtQuick3D_Particles3D_designer --> node_venv_lib_python3_12_site-packages_PyQt6_Qt6_qml_QtQuick3D_Particles3D_designer_images["images"]\n    node_venv_lib_python3_12_site-packages_PyQt6_Qt6_qml_QtQuick3D_Particles3D_designer_images --> node_venv_lib_python3_12_site-packages_PyQt6_Qt6_qml_QtQuick3D_Particles3D_designer_images_attractor-24px_png["attractor-24px.png"]\n    Root --> node_venv["venv"]\n    node_venv --> node_venv_lib["lib"]\n    node_venv_lib --> node_venv_lib_python3_12["python3.12"]\n    node_venv_lib_python3_12 --> node_venv_lib_python3_12_site-packages["site-packages"]\n    node_venv_lib_python3_12_site-packages --> node_venv_lib_python3_12_site-packages_PyQt6["PyQt6"]\n    node_venv_lib_python3_12_site-packages_PyQt6 --> node_venv_lib_python3_12_site-packages_PyQt6_Qt6["Qt6"]\n    node_venv_lib_python3_12_site-packages_PyQt6_Qt6 --> node_venv_lib_python3_12_site-packages_PyQt6_Qt6_qml["qml"]\n    node_venv_lib_python3_12_site-packages_PyQt6_Qt6_qml --> node_venv_lib_python3_12_site-packages_PyQt6_Qt6_qml_QtQuick3D["QtQuick3D"]\n    node_venv_lib_python3_12_site-packages_PyQt6_Qt6_qml_QtQuick3D --> node_venv_lib_python3_12_site-packages_PyQt6_Qt6_qml_QtQuick3D_Particles3D["Particles3D"]\n    node_venv_lib_python3_12_site-packages_PyQt6_Qt6_qml_QtQuick3D_Particles3D --> node_venv_lib_python3_12_site-packages_PyQt6_Qt6_qml_QtQuick3D_Particles3D_designer["designer"]\n    node_venv_lib_python3_12_site-packages_PyQt6_Qt6_qml_QtQuick3D_Particles3D_designer --> node_venv_lib_python3_12_site-packages_PyQt6_Qt6_qml_QtQuick3D_Particles3D_designer_images["images"]\n    node_venv_lib_python3_12_site-packages_PyQt6_Qt6_qml_QtQuick3D_Particles3D_designer_images --> node_venv_lib_python3_12_site-packages_PyQt6_Qt6_qml_QtQuick3D_Particles3D_designer_images_attractor-24px@2x_png["attractor-24px@2x.png"]\n    Root --> node_venv["venv"]\n    node_venv --> node_venv_lib["lib"]\n    node_venv_lib --> node_venv_lib_python3_12["python3.12"]\n    node_venv_lib_python3_12 --> node_venv_lib_python3_12_site-packages["site-packages"]\n    node_venv_lib_python3_12_site-packages --> node_venv_lib_python3_12_site-packages_PyQt6["PyQt6"]\n    node_venv_lib_python3_12_site-packages_PyQt6 --> node_venv_lib_python3_12_site-packages_PyQt6_Qt6["Qt6"]\n    node_venv_lib_python3_12_site-packages_PyQt6_Qt6 --> node_venv_lib_python3_12_site-packages_PyQt6_Qt6_qml["qml"]\n    node_venv_lib_python3_12_site-packages_PyQt6_Qt6_qml --> node_venv_lib_python3_12_site-packages_PyQt6_Qt6_qml_QtQuick3D["QtQuick3D"]\n    node_venv_lib_python3_12_site-packages_PyQt6_Qt6_qml_QtQuick3D --> node_venv_lib_python3_12_site-packages_PyQt6_Qt6_qml_QtQuick3D_Particles3D["Particles3D"]\n    node_venv_lib_python3_12_site-packages_PyQt6_Qt6_qml_QtQuick3D_Particles3D --> node_venv_lib_python3_12_site-packages_PyQt6_Qt6_qml_QtQuick3D_Particles3D_designer["designer"]\n    node_venv_lib_python3_12_site-packages_PyQt6_Qt6_qml_QtQuick3D_Particles3D_designer --> node_venv_lib_python3_12_site-packages_PyQt6_Qt6_qml_QtQuick3D_Particles3D_designer_images["images"]\n    node_venv_lib_python3_12_site-packages_PyQt6_Qt6_qml_QtQuick3D_Particles3D_designer_images --> node_venv_lib_python3_12_site-packages_PyQt6_Qt6_qml_QtQuick3D_Particles3D_designer_images_dummy_png["dummy.png"]\n    Root --> node_venv["venv"]\n    node_venv --> node_venv_lib["lib"]\n    node_venv_lib --> node_venv_lib_python3_12["python3.12"]\n    node_venv_lib_python3_12 --> node_venv_lib_python3_12_site-packages["site-packages"]\n    node_venv_lib_python3_12_site-packages --> node_venv_lib_python3_12_site-packages_PyQt6["PyQt6"]\n    node_venv_lib_python3_12_site-packages_PyQt6 --> node_venv_lib_python3_12_site-packages_PyQt6_Qt6["Qt6"]\n    node_venv_lib_python3_12_site-packages_PyQt6_Qt6 --> node_venv_lib_python3_12_site-packages_PyQt6_Qt6_qml["qml"]\n    node_venv_lib_python3_12_site-packages_PyQt6_Qt6_qml --> node_venv_lib_python3_12_site-packages_PyQt6_Qt6_qml_QtQuick3D["QtQuick3D"]\n    node_venv_lib_python3_12_site-packages_PyQt6_Qt6_qml_QtQuick3D --> node_venv_lib_python3_12_site-packages_PyQt6_Qt6_qml_QtQuick3D_Particles3D["Particles3D"]\n    node_venv_lib_python3_12_site-packages_PyQt6_Qt6_qml_QtQuick3D_Particles3D --> node_venv_lib_python3_12_site-packages_PyQt6_Qt6_qml_QtQuick3D_Particles3D_designer["designer"]\n    node_venv_lib_python3_12_site-packages_PyQt6_Qt6_qml_QtQuick3D_Particles3D_designer --> node_venv_lib_python3_12_site-packages_PyQt6_Qt6_qml_QtQuick3D_Particles3D_designer_images["images"]\n    node_venv_lib_python3_12_site-packages_PyQt6_Qt6_qml_QtQuick3D_Particles3D_designer_images --> node_venv_lib_python3_12_site-packages_PyQt6_Qt6_qml_QtQuick3D_Particles3D_designer_images_dummy16_png["dummy16.png"]\n    Root --> node_venv["venv"]\n    node_venv --> node_venv_lib["lib"]\n    node_venv_lib --> node_venv_lib_python3_12["python3.12"]\n    node_venv_lib_python3_12 --> node_venv_lib_python3_12_site-packages["site-packages"]\n    node_venv_lib_python3_12_site-packages --> node_venv_lib_python3_12_site-packages_PyQt6["PyQt6"]\n    node_venv_lib_python3_12_site-packages_PyQt6 --> node_venv_lib_python3_12_site-packages_PyQt6_Qt6["Qt6"]\n    node_venv_lib_python3_12_site-packages_PyQt6_Qt6 --> node_venv_lib_python3_12_site-packages_PyQt6_Qt6_qml["qml"]\n    node_venv_lib_python3_12_site-packages_PyQt6_Qt6_qml --> node_venv_lib_python3_12_site-packages_PyQt6_Qt6_qml_QtQuick3D["QtQuick3D"]\n    node_venv_lib_python3_12_site-packages_PyQt6_Qt6_qml_QtQuick3D --> node_venv_lib_python3_12_site-packages_PyQt6_Qt6_qml_QtQuick3D_Particles3D["Particles3D"]\n    node_venv_lib_python3_12_site-packages_PyQt6_Qt6_qml_QtQuick3D_Particles3D --> node_venv_lib_python3_12_site-packages_PyQt6_Qt6_qml_QtQuick3D_Particles3D_designer["designer"]\n    node_venv_lib_python3_12_site-packages_PyQt6_Qt6_qml_QtQuick3D_Particles3D_designer --> node_venv_lib_python3_12_site-packages_PyQt6_Qt6_qml_QtQuick3D_Particles3D_designer_images["images"]\n    node_venv_lib_python3_12_site-packages_PyQt6_Qt6_qml_QtQuick3D_Particles3D_designer_images --> node_venv_lib_python3_12_site-packages_PyQt6_Qt6_qml_QtQuick3D_Particles3D_designer_images_dummy@2x_png["dummy@2x.png"]\n    Root --> node_venv["venv"]\n    node_venv --> node_venv_lib["lib"]\n    node_venv_lib --> node_venv_lib_python3_12["python3.12"]\n    node_venv_lib_python3_12 --> node_venv_lib_python3_12_site-packages["site-packages"]\n    node_venv_lib_python3_12_site-packages --> node_venv_lib_python3_12_site-packages_PyQt6["PyQt6"]\n    node_venv_lib_python3_12_site-packages_PyQt6 --> node_venv_lib_python3_12_site-packages_PyQt6_Qt6["Qt6"]\n    node_venv_lib_python3_12_site-packages_PyQt6_Qt6 --> node_venv_lib_python3_12_site-packages_PyQt6_Qt6_qml["qml"]\n    node_venv_lib_python3_12_site-packages_PyQt6_Qt6_qml --> node_venv_lib_python3_12_site-packages_PyQt6_Qt6_qml_QtQuick3D["QtQuick3D"]\n    node_venv_lib_python3_12_site-packages_PyQt6_Qt6_qml_QtQuick3D --> node_venv_lib_python3_12_site-packages_PyQt6_Qt6_qml_QtQuick3D_Particles3D["Particles3D"]\n    node_venv_lib_python3_12_site-packages_PyQt6_Qt6_qml_QtQuick3D_Particles3D --> node_venv_lib_python3_12_site-packages_PyQt6_Qt6_qml_QtQuick3D_Particles3D_designer["designer"]\n    node_venv_lib_python3_12_site-packages_PyQt6_Qt6_qml_QtQuick3D_Particles3D_designer --> node_venv_lib_python3_12_site-packages_PyQt6_Qt6_qml_QtQuick3D_Particles3D_designer_images["images"]\n    node_venv_lib_python3_12_site-packages_PyQt6_Qt6_qml_QtQuick3D_Particles3D_designer_images --> node_venv_lib_python3_12_site-packages_PyQt6_Qt6_qml_QtQuick3D_Particles3D_designer_images_emit-burst-16px_png["emit-burst-16px.png"]\n    Root --> node_venv["venv"]\n    node_venv --> node_venv_lib["lib"]\n    node_venv_lib --> node_venv_lib_python3_12["python3.12"]\n    node_venv_lib_python3_12 --> node_venv_lib_python3_12_site-packages["site-packages"]\n    node_venv_lib_python3_12_site-packages --> node_venv_lib_python3_12_site-packages_PyQt6["PyQt6"]\n    node_venv_lib_python3_12_site-packages_PyQt6 --> node_venv_lib_python3_12_site-packages_PyQt6_Qt6["Qt6"]\n    node_venv_lib_python3_12_site-packages_PyQt6_Qt6 --> node_venv_lib_python3_12_site-packages_PyQt6_Qt6_qml["qml"]\n    node_venv_lib_python3_12_site-packages_PyQt6_Qt6_qml --> node_venv_lib_python3_12_site-packages_PyQt6_Qt6_qml_QtQuick3D["QtQuick3D"]\n    node_venv_lib_python3_12_site-packages_PyQt6_Qt6_qml_QtQuick3D --> node_venv_lib_python3_12_site-packages_PyQt6_Qt6_qml_QtQuick3D_Particles3D["Particles3D"]\n    node_venv_lib_python3_12_site-packages_PyQt6_Qt6_qml_QtQuick3D_Particles3D --> node_venv_lib_python3_12_site-packages_PyQt6_Qt6_qml_QtQuick3D_Particles3D_designer["designer"]\n    node_venv_lib_python3_12_site-packages_PyQt6_Qt6_qml_QtQuick3D_Particles3D_designer --> node_venv_lib_python3_12_site-packages_PyQt6_Qt6_qml_QtQuick3D_Particles3D_designer_images["images"]\n    node_venv_lib_python3_12_site-packages_PyQt6_Qt6_qml_QtQuick3D_Particles3D_designer_images --> node_venv_lib_python3_12_site-packages_PyQt6_Qt6_qml_QtQuick3D_Particles3D_designer_images_emit-burst-24px_png["emit-burst-24px.png"]\n    Root --> node_venv["venv"]\n    node_venv --> node_venv_lib["lib"]\n    node_venv_lib --> node_venv_lib_python3_12["python3.12"]\n    node_venv_lib_python3_12 --> node_venv_lib_python3_12_site-packages["site-packages"]\n    node_venv_lib_python3_12_site-packages --> node_venv_lib_python3_12_site-packages_PyQt6["PyQt6"]\n    node_venv_lib_python3_12_site-packages_PyQt6 --> node_venv_lib_python3_12_site-packages_PyQt6_Qt6["Qt6"]\n    node_venv_lib_python3_12_site-packages_PyQt6_Qt6 --> node_venv_lib_python3_12_site-packages_PyQt6_Qt6_qml["qml"]\n    node_venv_lib_python3_12_site-packages_PyQt6_Qt6_qml --> node_venv_lib_python3_12_site-packages_PyQt6_Qt6_qml_QtQuick3D["QtQuick3D"]\n    node_venv_lib_python3_12_site-packages_PyQt6_Qt6_qml_QtQuick3D --> node_venv_lib_python3_12_site-packages_PyQt6_Qt6_qml_QtQuick3D_Particles3D["Particles3D"]\n    node_venv_lib_python3_12_site-packages_PyQt6_Qt6_qml_QtQuick3D_Particles3D --> node_venv_lib_python3_12_site-packages_PyQt6_Qt6_qml_QtQuick3D_Particles3D_designer["designer"]\n    node_venv_lib_python3_12_site-packages_PyQt6_Qt6_qml_QtQuick3D_Particles3D_designer --> node_venv_lib_python3_12_site-packages_PyQt6_Qt6_qml_QtQuick3D_Particles3D_designer_images["images"]\n    node_venv_lib_python3_12_site-packages_PyQt6_Qt6_qml_QtQuick3D_Particles3D_designer_images --> node_venv_lib_python3_12_site-packages_PyQt6_Qt6_qml_QtQuick3D_Particles3D_designer_images_emit-burst-24px@2x_png["emit-burst-24px@2x.png"]\n    Root --> node_venv["venv"]\n    node_venv --> node_venv_lib["lib"]\n    node_venv_lib --> node_venv_lib_python3_12["python3.12"]\n    node_venv_lib_python3_12 --> node_venv_lib_python3_12_site-packages["site-packages"]\n    node_venv_lib_python3_12_site-packages --> node_venv_lib_python3_12_site-packages_PyQt6["PyQt6"]\n    node_venv_lib_python3_12_site-packages_PyQt6 --> node_venv_lib_python3_12_site-packages_PyQt6_Qt6["Qt6"]\n    node_venv_lib_python3_12_site-packages_PyQt6_Qt6 --> node_venv_lib_python3_12_site-packages_PyQt6_Qt6_qml["qml"]\n    node_venv_lib_python3_12_site-packages_PyQt6_Qt6_qml --> node_venv_lib_python3_12_site-packages_PyQt6_Qt6_qml_QtQuick3D["QtQuick3D"]\n    node_venv_lib_python3_12_site-packages_PyQt6_Qt6_qml_QtQuick3D --> node_venv_lib_python3_12_site-packages_PyQt6_Qt6_qml_QtQuick3D_Particles3D["Particles3D"]\n    node_venv_lib_python3_12_site-packages_PyQt6_Qt6_qml_QtQuick3D_Particles3D --> node_venv_lib_python3_12_site-packages_PyQt6_Qt6_qml_QtQuick3D_Particles3D_designer["designer"]\n    node_venv_lib_python3_12_site-packages_PyQt6_Qt6_qml_QtQuick3D_Particles3D_designer --> node_venv_lib_python3_12_site-packages_PyQt6_Qt6_qml_QtQuick3D_Particles3D_designer_images["images"]\n    node_venv_lib_python3_12_site-packages_PyQt6_Qt6_qml_QtQuick3D_Particles3D_designer_images --> node_venv_lib_python3_12_site-packages_PyQt6_Qt6_qml_QtQuick3D_Particles3D_designer_images_emitter-16px_png["emitter-16px.png"]\n    Root --> node_venv["venv"]\n    node_venv --> node_venv_lib["lib"]\n    node_venv_lib --> node_venv_lib_python3_12["python3.12"]\n    node_venv_lib_python3_12 --> node_venv_lib_python3_12_site-packages["site-packages"]\n    node_venv_lib_python3_12_site-packages --> node_venv_lib_python3_12_site-packages_PyQt6["PyQt6"]\n    node_venv_lib_python3_12_site-packages_PyQt6 --> node_venv_lib_python3_12_site-packages_PyQt6_Qt6["Qt6"]\n    node_venv_lib_python3_12_site-packages_PyQt6_Qt6 --> node_venv_lib_python3_12_site-packages_PyQt6_Qt6_qml["qml"]\n    node_venv_lib_python3_12_site-packages_PyQt6_Qt6_qml --> node_venv_lib_python3_12_site-packages_PyQt6_Qt6_qml_QtQuick3D["QtQuick3D"]\n    node_venv_lib_python3_12_site-packages_PyQt6_Qt6_qml_QtQuick3D --> node_venv_lib_python3_12_site-packages_PyQt6_Qt6_qml_QtQuick3D_Particles3D["Particles3D"]\n    node_venv_lib_python3_12_site-packages_PyQt6_Qt6_qml_QtQuick3D_Particles3D --> node_venv_lib_python3_12_site-packages_PyQt6_Qt6_qml_QtQuick3D_Particles3D_designer["designer"]\n    node_venv_lib_python3_12_site-packages_PyQt6_Qt6_qml_QtQuick3D_Particles3D_designer --> node_venv_lib_python3_12_site-packages_PyQt6_Qt6_qml_QtQuick3D_Particles3D_designer_images["images"]\n    node_venv_lib_python3_12_site-packages_PyQt6_Qt6_qml_QtQuick3D_Particles3D_designer_images --> node_venv_lib_python3_12_site-packages_PyQt6_Qt6_qml_QtQuick3D_Particles3D_designer_images_emitter-24px_png["emitter-24px.png"]\n    Root --> node_venv["venv"]\n    node_venv --> node_venv_lib["lib"]\n    node_venv_lib --> node_venv_lib_python3_12["python3.12"]\n    node_venv_lib_python3_12 --> node_venv_lib_python3_12_site-packages["site-packages"]\n    node_venv_lib_python3_12_site-packages --> node_venv_lib_python3_12_site-packages_PyQt6["PyQt6"]\n    node_venv_lib_python3_12_site-packages_PyQt6 --> node_venv_lib_python3_12_site-packages_PyQt6_Qt6["Qt6"]\n    node_venv_lib_python3_12_site-packages_PyQt6_Qt6 --> node_venv_lib_python3_12_site-packages_PyQt6_Qt6_qml["qml"]\n    node_venv_lib_python3_12_site-packages_PyQt6_Qt6_qml --> node_venv_lib_python3_12_site-packages_PyQt6_Qt6_qml_QtQuick3D["QtQuick3D"]\n    node_venv_lib_python3_12_site-packages_PyQt6_Qt6_qml_QtQuick3D --> node_venv_lib_python3_12_site-packages_PyQt6_Qt6_qml_QtQuick3D_Particles3D["Particles3D"]\n    node_venv_lib_python3_12_site-packages_PyQt6_Qt6_qml_QtQuick3D_Particles3D --> node_venv_lib_python3_12_site-packages_PyQt6_Qt6_qml_QtQuick3D_Particles3D_designer["designer"]\n    node_venv_lib_python3_12_site-packages_PyQt6_Qt6_qml_QtQuick3D_Particles3D_designer --> node_venv_lib_python3_12_site-packages_PyQt6_Qt6_qml_QtQuick3D_Particles3D_designer_images["images"]\n    node_venv_lib_python3_12_site-packages_PyQt6_Qt6_qml_QtQuick3D_Particles3D_designer_images --> node_venv_lib_python3_12_site-packages_PyQt6_Qt6_qml_QtQuick3D_Particles3D_designer_images_emitter-24px@2x_png["emitter-24px@2x.png"]\n    Root --> node_venv["venv"]\n    node_venv --> node_venv_lib["lib"]\n    node_venv_lib --> node_venv_lib_python3_12["python3.12"]\n    node_venv_lib_python3_12 --> node_venv_lib_python3_12_site-packages["site-packages"]\n    node_venv_lib_python3_12_site-packages --> node_venv_lib_python3_12_site-packages_PyQt6["PyQt6"]\n    node_venv_lib_python3_12_site-packages_PyQt6 --> node_venv_lib_python3_12_site-packages_PyQt6_Qt6["Qt6"]\n    node_venv_lib_python3_12_site-packages_PyQt6_Qt6 --> node_venv_lib_python3_12_site-packages_PyQt6_Qt6_qml["qml"]\n    node_venv_lib_python3_12_site-packages_PyQt6_Qt6_qml --> node_venv_lib_python3_12_site-packages_PyQt6_Qt6_qml_QtQuick3D["QtQuick3D"]\n    node_venv_lib_python3_12_site-packages_PyQt6_Qt6_qml_QtQuick3D --> node_venv_lib_python3_12_site-packages_PyQt6_Qt6_qml_QtQuick3D_Particles3D["Particles3D"]\n    node_venv_lib_python3_12_site-packages_PyQt6_Qt6_qml_QtQuick3D_Particles3D --> node_venv_lib_python3_12_site-packages_PyQt6_Qt6_qml_QtQuick3D_Particles3D_designer["designer"]\n    node_venv_lib_python3_12_site-packages_PyQt6_Qt6_qml_QtQuick3D_Particles3D_designer --> node_venv_lib_python3_12_site-packages_PyQt6_Qt6_qml_QtQuick3D_Particles3D_designer_images["images"]\n    node_venv_lib_python3_12_site-packages_PyQt6_Qt6_qml_QtQuick3D_Particles3D_designer_images --> node_venv_lib_python3_12_site-packages_PyQt6_Qt6_qml_QtQuick3D_Particles3D_designer_images_gravity-16px_png["gravity-16px.png"]\n    Root --> node_venv["venv"]\n    node_venv --> node_venv_lib["lib"]\n    node_venv_lib --> node_venv_lib_python3_12["python3.12"]\n    node_venv_lib_python3_12 --> node_venv_lib_python3_12_site-packages["site-packages"]\n    node_venv_lib_python3_12_site-packages --> node_venv_lib_python3_12_site-packages_PyQt6["PyQt6"]\n    node_venv_lib_python3_12_site-packages_PyQt6 --> node_venv_lib_python3_12_site-packages_PyQt6_Qt6["Qt6"]\n    node_venv_lib_python3_12_site-packages_PyQt6_Qt6 --> node_venv_lib_python3_12_site-packages_PyQt6_Qt6_qml["qml"]\n    node_venv_lib_python3_12_site-packages_PyQt6_Qt6_qml --> node_venv_lib_python3_12_site-packages_PyQt6_Qt6_qml_QtQuick3D["QtQuick3D"]\n    node_venv_lib_python3_12_site-packages_PyQt6_Qt6_qml_QtQuick3D --> node_venv_lib_python3_12_site-packages_PyQt6_Qt6_qml_QtQuick3D_Particles3D["Particles3D"]\n    node_venv_lib_python3_12_site-packages_PyQt6_Qt6_qml_QtQuick3D_Particles3D --> node_venv_lib_python3_12_site-packages_PyQt6_Qt6_qml_QtQuick3D_Particles3D_designer["designer"]\n    node_venv_lib_python3_12_site-packages_PyQt6_Qt6_qml_QtQuick3D_Particles3D_designer --> node_venv_lib_python3_12_site-packages_PyQt6_Qt6_qml_QtQuick3D_Particles3D_designer_images["images"]\n    node_venv_lib_python3_12_site-packages_PyQt6_Qt6_qml_QtQuick3D_Particles3D_designer_images --> node_venv_lib_python3_12_site-packages_PyQt6_Qt6_qml_QtQuick3D_Particles3D_designer_images_gravity-24px_png["gravity-24px.png"]\n    Root --> node_venv["venv"]\n    node_venv --> node_venv_lib["lib"]\n    node_venv_lib --> node_venv_lib_python3_12["python3.12"]\n    node_venv_lib_python3_12 --> node_venv_lib_python3_12_site-packages["site-packages"]\n    node_venv_lib_python3_12_site-packages --> node_venv_lib_python3_12_site-packages_PyQt6["PyQt6"]\n    node_venv_lib_python3_12_site-packages_PyQt6 --> node_venv_lib_python3_12_site-packages_PyQt6_Qt6["Qt6"]\n    node_venv_lib_python3_12_site-packages_PyQt6_Qt6 --> node_venv_lib_python3_12_site-packages_PyQt6_Qt6_qml["qml"]\n    node_venv_lib_python3_12_site-packages_PyQt6_Qt6_qml --> node_venv_lib_python3_12_site-packages_PyQt6_Qt6_qml_QtQuick3D["QtQuick3D"]\n    node_venv_lib_python3_12_site-packages_PyQt6_Qt6_qml_QtQuick3D --> node_venv_lib_python3_12_site-packages_PyQt6_Qt6_qml_QtQuick3D_Particles3D["Particles3D"]\n    node_venv_lib_python3_12_site-packages_PyQt6_Qt6_qml_QtQuick3D_Particles3D --> node_venv_lib_python3_12_site-packages_PyQt6_Qt6_qml_QtQuick3D_Particles3D_designer["designer"]\n    node_venv_lib_python3_12_site-packages_PyQt6_Qt6_qml_QtQuick3D_Particles3D_designer --> node_venv_lib_python3_12_site-packages_PyQt6_Qt6_qml_QtQuick3D_Particles3D_designer_images["images"]\n    node_venv_lib_python3_12_site-packages_PyQt6_Qt6_qml_QtQuick3D_Particles3D_designer_images --> node_venv_lib_python3_12_site-packages_PyQt6_Qt6_qml_QtQuick3D_Particles3D_designer_images_gravity-24px@2x_png["gravity-24px@2x.png"]\n    Root --> node_venv["venv"]\n    node_venv --> node_venv_lib["lib"]\n    node_venv_lib --> node_venv_lib_python3_12["python3.12"]\n    node_venv_lib_python3_12 --> node_venv_lib_python3_12_site-packages["site-packages"]\n    node_venv_lib_python3_12_site-packages --> node_venv_lib_python3_12_site-packages_PyQt6["PyQt6"]\n    node_venv_lib_python3_12_site-packages_PyQt6 --> node_venv_lib_python3_12_site-packages_PyQt6_Qt6["Qt6"]\n    node_venv_lib_python3_12_site-packages_PyQt6_Qt6 --> node_venv_lib_python3_12_site-packages_PyQt6_Qt6_qml["qml"]\n    node_venv_lib_python3_12_site-packages_PyQt6_Qt6_qml --> node_venv_lib_python3_12_site-packages_PyQt6_Qt6_qml_QtQuick3D["QtQuick3D"]\n    node_venv_lib_python3_12_site-packages_PyQt6_Qt6_qml_QtQuick3D --> node_venv_lib_python3_12_site-packages_PyQt6_Qt6_qml_QtQuick3D_Particles3D["Particles3D"]\n    node_venv_lib_python3_12_site-packages_PyQt6_Qt6_qml_QtQuick3D_Particles3D --> node_venv_lib_python3_12_site-packages_PyQt6_Qt6_qml_QtQuick3D_Particles3D_designer["designer"]\n    node_venv_lib_python3_12_site-packages_PyQt6_Qt6_qml_QtQuick3D_Particles3D_designer --> node_venv_lib_python3_12_site-packages_PyQt6_Qt6_qml_QtQuick3D_Particles3D_designer_images["images"]\n    node_venv_lib_python3_12_site-packages_PyQt6_Qt6_qml_QtQuick3D_Particles3D_designer_images --> node_venv_lib_python3_12_site-packages_PyQt6_Qt6_qml_QtQuick3D_Particles3D_designer_images_line-particle-16px_png["line-particle-16px.png"]\n    Root --> node_venv["venv"]\n    node_venv --> node_venv_lib["lib"]\n    node_venv_lib --> node_venv_lib_python3_12["python3.12"]\n    node_venv_lib_python3_12 --> node_venv_lib_python3_12_site-packages["site-packages"]\n    node_venv_lib_python3_12_site-packages --> node_venv_lib_python3_12_site-packages_PyQt6["PyQt6"]\n    node_venv_lib_python3_12_site-packages_PyQt6 --> node_venv_lib_python3_12_site-packages_PyQt6_Qt6["Qt6"]\n    node_venv_lib_python3_12_site-packages_PyQt6_Qt6 --> node_venv_lib_python3_12_site-packages_PyQt6_Qt6_qml["qml"]\n    node_venv_lib_python3_12_site-packages_PyQt6_Qt6_qml --> node_venv_lib_python3_12_site-packages_PyQt6_Qt6_qml_QtQuick3D["QtQuick3D"]\n    node_venv_lib_python3_12_site-packages_PyQt6_Qt6_qml_QtQuick3D --> node_venv_lib_python3_12_site-packages_PyQt6_Qt6_qml_QtQuick3D_Particles3D["Particles3D"]\n    node_venv_lib_python3_12_site-packages_PyQt6_Qt6_qml_QtQuick3D_Particles3D --> node_venv_lib_python3_12_site-packages_PyQt6_Qt6_qml_QtQuick3D_Particles3D_designer["designer"]\n    node_venv_lib_python3_12_site-packages_PyQt6_Qt6_qml_QtQuick3D_Particles3D_designer --> node_venv_lib_python3_12_site-packages_PyQt6_Qt6_qml_QtQuick3D_Particles3D_designer_images["images"]\n    node_venv_lib_python3_12_site-packages_PyQt6_Qt6_qml_QtQuick3D_Particles3D_designer_images --> node_venv_lib_python3_12_site-packages_PyQt6_Qt6_qml_QtQuick3D_Particles3D_designer_images_line-particle-24px_png["line-particle-24px.png"]\n    Root --> node_venv["venv"]\n    node_venv --> node_venv_lib["lib"]\n    node_venv_lib --> node_venv_lib_python3_12["python3.12"]\n    node_venv_lib_python3_12 --> node_venv_lib_python3_12_site-packages["site-packages"]\n    node_venv_lib_python3_12_site-packages --> node_venv_lib_python3_12_site-packages_PyQt6["PyQt6"]\n    node_venv_lib_python3_12_site-packages_PyQt6 --> node_venv_lib_python3_12_site-packages_PyQt6_Qt6["Qt6"]\n    node_venv_lib_python3_12_site-packages_PyQt6_Qt6 --> node_venv_lib_python3_12_site-packages_PyQt6_Qt6_qml["qml"]\n    node_venv_lib_python3_12_site-packages_PyQt6_Qt6_qml --> node_venv_lib_python3_12_site-packages_PyQt6_Qt6_qml_QtQuick3D["QtQuick3D"]\n    node_venv_lib_python3_12_site-packages_PyQt6_Qt6_qml_QtQuick3D --> node_venv_lib_python3_12_site-packages_PyQt6_Qt6_qml_QtQuick3D_Particles3D["Particles3D"]\n    node_venv_lib_python3_12_site-packages_PyQt6_Qt6_qml_QtQuick3D_Particles3D --> node_venv_lib_python3_12_site-packages_PyQt6_Qt6_qml_QtQuick3D_Particles3D_designer["designer"]\n    node_venv_lib_python3_12_site-packages_PyQt6_Qt6_qml_QtQuick3D_Particles3D_designer --> node_venv_lib_python3_12_site-packages_PyQt6_Qt6_qml_QtQuick3D_Particles3D_designer_images["images"]\n    node_venv_lib_python3_12_site-packages_PyQt6_Qt6_qml_QtQuick3D_Particles3D_designer_images --> node_venv_lib_python3_12_site-packages_PyQt6_Qt6_qml_QtQuick3D_Particles3D_designer_images_line-particle-24px@2x_png["line-particle-24px@2x.png"]\n    Root --> node_venv["venv"]\n    node_venv --> node_venv_lib["lib"]\n    node_venv_lib --> node_venv_lib_python3_12["python3.12"]\n    node_venv_lib_python3_12 --> node_venv_lib_python3_12_site-packages["site-packages"]\n    node_venv_lib_python3_12_site-packages --> node_venv_lib_python3_12_site-packages_PyQt6["PyQt6"]\n    node_venv_lib_python3_12_site-packages_PyQt6 --> node_venv_lib_python3_12_site-packages_PyQt6_Qt6["Qt6"]\n    node_venv_lib_python3_12_site-packages_PyQt6_Qt6 --> node_venv_lib_python3_12_site-packages_PyQt6_Qt6_qml["qml"]\n    node_venv_lib_python3_12_site-packages_PyQt6_Qt6_qml --> node_venv_lib_python3_12_site-packages_PyQt6_Qt6_qml_QtQuick3D["QtQuick3D"]\n    node_venv_lib_python3_12_site-packages_PyQt6_Qt6_qml_QtQuick3D --> node_venv_lib_python3_12_site-packages_PyQt6_Qt6_qml_QtQuick3D_Particles3D["Particles3D"]\n    node_venv_lib_python3_12_site-packages_PyQt6_Qt6_qml_QtQuick3D_Particles3D --> node_venv_lib_python3_12_site-packages_PyQt6_Qt6_qml_QtQuick3D_Particles3D_designer["designer"]\n    node_venv_lib_python3_12_site-packages_PyQt6_Qt6_qml_QtQuick3D_Particles3D_designer --> node_venv_lib_python3_12_site-packages_PyQt6_Qt6_qml_QtQuick3D_Particles3D_designer_images["images"]\n    node_venv_lib_python3_12_site-packages_PyQt6_Qt6_qml_QtQuick3D_Particles3D_designer_images --> node_venv_lib_python3_12_site-packages_PyQt6_Qt6_qml_QtQuick3D_Particles3D_designer_images_model-blend-particle-16px_png["model-blend-particle-16px.png"]\n    Root --> node_venv["venv"]\n    node_venv --> node_venv_lib["lib"]\n    node_venv_lib --> node_venv_lib_python3_12["python3.12"]\n    node_venv_lib_python3_12 --> node_venv_lib_python3_12_site-packages["site-packages"]\n    node_venv_lib_python3_12_site-packages --> node_venv_lib_python3_12_site-packages_PyQt6["PyQt6"]\n    node_venv_lib_python3_12_site-packages_PyQt6 --> node_venv_lib_python3_12_site-packages_PyQt6_Qt6["Qt6"]\n    node_venv_lib_python3_12_site-packages_PyQt6_Qt6 --> node_venv_lib_python3_12_site-packages_PyQt6_Qt6_qml["qml"]\n    node_venv_lib_python3_12_site-packages_PyQt6_Qt6_qml --> node_venv_lib_python3_12_site-packages_PyQt6_Qt6_qml_QtQuick3D["QtQuick3D"]\n    node_venv_lib_python3_12_site-packages_PyQt6_Qt6_qml_QtQuick3D --> node_venv_lib_python3_12_site-packages_PyQt6_Qt6_qml_QtQuick3D_Particles3D["Particles3D"]\n    node_venv_lib_python3_12_site-packages_PyQt6_Qt6_qml_QtQuick3D_Particles3D --> node_venv_lib_python3_12_site-packages_PyQt6_Qt6_qml_QtQuick3D_Particles3D_designer["designer"]\n    node_venv_lib_python3_12_site-packages_PyQt6_Qt6_qml_QtQuick3D_Particles3D_designer --> node_venv_lib_python3_12_site-packages_PyQt6_Qt6_qml_QtQuick3D_Particles3D_designer_images["images"]\n    node_venv_lib_python3_12_site-packages_PyQt6_Qt6_qml_QtQuick3D_Particles3D_designer_images --> node_venv_lib_python3_12_site-packages_PyQt6_Qt6_qml_QtQuick3D_Particles3D_designer_images_model-blend-particle-24px_png["model-blend-particle-24px.png"]\n    Root --> node_venv["venv"]\n    node_venv --> node_venv_lib["lib"]\n    node_venv_lib --> node_venv_lib_python3_12["python3.12"]\n    node_venv_lib_python3_12 --> node_venv_lib_python3_12_site-packages["site-packages"]\n    node_venv_lib_python3_12_site-packages --> node_venv_lib_python3_12_site-packages_PyQt6["PyQt6"]\n    node_venv_lib_python3_12_site-packages_PyQt6 --> node_venv_lib_python3_12_site-packages_PyQt6_Qt6["Qt6"]\n    node_venv_lib_python3_12_site-packages_PyQt6_Qt6 --> node_venv_lib_python3_12_site-packages_PyQt6_Qt6_qml["qml"]\n    node_venv_lib_python3_12_site-packages_PyQt6_Qt6_qml --> node_venv_lib_python3_12_site-packages_PyQt6_Qt6_qml_QtQuick3D["QtQuick3D"]\n    node_venv_lib_python3_12_site-packages_PyQt6_Qt6_qml_QtQuick3D --> node_venv_lib_python3_12_site-packages_PyQt6_Qt6_qml_QtQuick3D_Particles3D["Particles3D"]\n    node_venv_lib_python3_12_site-packages_PyQt6_Qt6_qml_QtQuick3D_Particles3D --> node_venv_lib_python3_12_site-packages_PyQt6_Qt6_qml_QtQuick3D_Particles3D_designer["designer"]\n    node_venv_lib_python3_12_site-packages_PyQt6_Qt6_qml_QtQuick3D_Particles3D_designer --> node_venv_lib_python3_12_site-packages_PyQt6_Qt6_qml_QtQuick3D_Particles3D_designer_images["images"]\n    node_venv_lib_python3_12_site-packages_PyQt6_Qt6_qml_QtQuick3D_Particles3D_designer_images --> node_venv_lib_python3_12_site-packages_PyQt6_Qt6_qml_QtQuick3D_Particles3D_designer_images_model-blend-particle-24px@2x_png["model-blend-particle-24px@2x.png"]\n    Root --> node_venv["venv"]\n    node_venv --> node_venv_lib["lib"]\n    node_venv_lib --> node_venv_lib_python3_12["python3.12"]\n    node_venv_lib_python3_12 --> node_venv_lib_python3_12_site-packages["site-packages"]\n    node_venv_lib_python3_12_site-packages --> node_venv_lib_python3_12_site-packages_PyQt6["PyQt6"]\n    node_venv_lib_python3_12_site-packages_PyQt6 --> node_venv_lib_python3_12_site-packages_PyQt6_Qt6["Qt6"]\n    node_venv_lib_python3_12_site-packages_PyQt6_Qt6 --> node_venv_lib_python3_12_site-packages_PyQt6_Qt6_qml["qml"]\n    node_venv_lib_python3_12_site-packages_PyQt6_Qt6_qml --> node_venv_lib_python3_12_site-packages_PyQt6_Qt6_qml_QtQuick3D["QtQuick3D"]\n    node_venv_lib_python3_12_site-packages_PyQt6_Qt6_qml_QtQuick3D --> node_venv_lib_python3_12_site-packages_PyQt6_Qt6_qml_QtQuick3D_Particles3D["Particles3D"]\n    node_venv_lib_python3_12_site-packages_PyQt6_Qt6_qml_QtQuick3D_Particles3D --> node_venv_lib_python3_12_site-packages_PyQt6_Qt6_qml_QtQuick3D_Particles3D_designer["designer"]\n    node_venv_lib_python3_12_site-packages_PyQt6_Qt6_qml_QtQuick3D_Particles3D_designer --> node_venv_lib_python3_12_site-packages_PyQt6_Qt6_qml_QtQuick3D_Particles3D_designer_images["images"]\n    node_venv_lib_python3_12_site-packages_PyQt6_Qt6_qml_QtQuick3D_Particles3D_designer_images --> node_venv_lib_python3_12_site-packages_PyQt6_Qt6_qml_QtQuick3D_Particles3D_designer_images_model-particle-16px_png["model-particle-16px.png"]\n    Root --> node_venv["venv"]\n    node_venv --> node_venv_lib["lib"]\n    node_venv_lib --> node_venv_lib_python3_12["python3.12"]\n    node_venv_lib_python3_12 --> node_venv_lib_python3_12_site-packages["site-packages"]\n    node_venv_lib_python3_12_site-packages --> node_venv_lib_python3_12_site-packages_PyQt6["PyQt6"]\n    node_venv_lib_python3_12_site-packages_PyQt6 --> node_venv_lib_python3_12_site-packages_PyQt6_Qt6["Qt6"]\n    node_venv_lib_python3_12_site-packages_PyQt6_Qt6 --> node_venv_lib_python3_12_site-packages_PyQt6_Qt6_qml["qml"]\n    node_venv_lib_python3_12_site-packages_PyQt6_Qt6_qml --> node_venv_lib_python3_12_site-packages_PyQt6_Qt6_qml_QtQuick3D["QtQuick3D"]\n    node_venv_lib_python3_12_site-packages_PyQt6_Qt6_qml_QtQuick3D --> node_venv_lib_python3_12_site-packages_PyQt6_Qt6_qml_QtQuick3D_Particles3D["Particles3D"]\n    node_venv_lib_python3_12_site-packages_PyQt6_Qt6_qml_QtQuick3D_Particles3D --> node_venv_lib_python3_12_site-packages_PyQt6_Qt6_qml_QtQuick3D_Particles3D_designer["designer"]\n    node_venv_lib_python3_12_site-packages_PyQt6_Qt6_qml_QtQuick3D_Particles3D_designer --> node_venv_lib_python3_12_site-packages_PyQt6_Qt6_qml_QtQuick3D_Particles3D_designer_images["images"]\n    node_venv_lib_python3_12_site-packages_PyQt6_Qt6_qml_QtQuick3D_Particles3D_designer_images --> node_venv_lib_python3_12_site-packages_PyQt6_Qt6_qml_QtQuick3D_Particles3D_designer_images_model-particle-24px_png["model-particle-24px.png"]\n    Root --> node_venv["venv"]\n    node_venv --> node_venv_lib["lib"]\n    node_venv_lib --> node_venv_lib_python3_12["python3.12"]\n    node_venv_lib_python3_12 --> node_venv_lib_python3_12_site-packages["site-packages"]\n    node_venv_lib_python3_12_site-packages --> node_venv_lib_python3_12_site-packages_PyQt6["PyQt6"]\n    node_venv_lib_python3_12_site-packages_PyQt6 --> node_venv_lib_python3_12_site-packages_PyQt6_Qt6["Qt6"]\n    node_venv_lib_python3_12_site-packages_PyQt6_Qt6 --> node_venv_lib_python3_12_site-packages_PyQt6_Qt6_qml["qml"]\n    node_venv_lib_python3_12_site-packages_PyQt6_Qt6_qml --> node_venv_lib_python3_12_site-packages_PyQt6_Qt6_qml_QtQuick3D["QtQuick3D"]\n    node_venv_lib_python3_12_site-packages_PyQt6_Qt6_qml_QtQuick3D --> node_venv_lib_python3_12_site-packages_PyQt6_Qt6_qml_QtQuick3D_Particles3D["Particles3D"]\n    node_venv_lib_python3_12_site-packages_PyQt6_Qt6_qml_QtQuick3D_Particles3D --> node_venv_lib_python3_12_site-packages_PyQt6_Qt6_qml_QtQuick3D_Particles3D_designer["designer"]\n    node_venv_lib_python3_12_site-packages_PyQt6_Qt6_qml_QtQuick3D_Particles3D_designer --> node_venv_lib_python3_12_site-packages_PyQt6_Qt6_qml_QtQuick3D_Particles3D_designer_images["images"]\n    node_venv_lib_python3_12_site-packages_PyQt6_Qt6_qml_QtQuick3D_Particles3D_designer_images --> node_venv_lib_python3_12_site-packages_PyQt6_Qt6_qml_QtQuick3D_Particles3D_designer_images_model-particle-24px@2x_png["model-particle-24px@2x.png"]\n    Root --> node_venv["venv"]\n    node_venv --> node_venv_lib["lib"]\n    node_venv_lib --> node_venv_lib_python3_12["python3.12"]\n    node_venv_lib_python3_12 --> node_venv_lib_python3_12_site-packages["site-packages"]\n    node_venv_lib_python3_12_site-packages --> node_venv_lib_python3_12_site-packages_PyQt6["PyQt6"]\n    node_venv_lib_python3_12_site-packages_PyQt6 --> node_venv_lib_python3_12_site-packages_PyQt6_Qt6["Qt6"]\n    node_venv_lib_python3_12_site-packages_PyQt6_Qt6 --> node_venv_lib_python3_12_site-packages_PyQt6_Qt6_qml["qml"]\n    node_venv_lib_python3_12_site-packages_PyQt6_Qt6_qml --> node_venv_lib_python3_12_site-packages_PyQt6_Qt6_qml_QtQuick3D["QtQuick3D"]\n    node_venv_lib_python3_12_site-packages_PyQt6_Qt6_qml_QtQuick3D --> node_venv_lib_python3_12_site-packages_PyQt6_Qt6_qml_QtQuick3D_Particles3D["Particles3D"]\n    node_venv_lib_python3_12_site-packages_PyQt6_Qt6_qml_QtQuick3D_Particles3D --> node_venv_lib_python3_12_site-packages_PyQt6_Qt6_qml_QtQuick3D_Particles3D_designer["designer"]\n    node_venv_lib_python3_12_site-packages_PyQt6_Qt6_qml_QtQuick3D_Particles3D_designer --> node_venv_lib_python3_12_site-packages_PyQt6_Qt6_qml_QtQuick3D_Particles3D_designer_images["images"]\n    node_venv_lib_python3_12_site-packages_PyQt6_Qt6_qml_QtQuick3D_Particles3D_designer_images --> node_venv_lib_python3_12_site-packages_PyQt6_Qt6_qml_QtQuick3D_Particles3D_designer_images_model-shape-16px_png["model-shape-16px.png"]\n    Root --> node_venv["venv"]\n    node_venv --> node_venv_lib["lib"]\n    node_venv_lib --> node_venv_lib_python3_12["python3.12"]\n    node_venv_lib_python3_12 --> node_venv_lib_python3_12_site-packages["site-packages"]\n    node_venv_lib_python3_12_site-packages --> node_venv_lib_python3_12_site-packages_PyQt6["PyQt6"]\n    node_venv_lib_python3_12_site-packages_PyQt6 --> node_venv_lib_python3_12_site-packages_PyQt6_Qt6["Qt6"]\n    node_venv_lib_python3_12_site-packages_PyQt6_Qt6 --> node_venv_lib_python3_12_site-packages_PyQt6_Qt6_qml["qml"]\n    node_venv_lib_python3_12_site-packages_PyQt6_Qt6_qml --> node_venv_lib_python3_12_site-packages_PyQt6_Qt6_qml_QtQuick3D["QtQuick3D"]\n    node_venv_lib_python3_12_site-packages_PyQt6_Qt6_qml_QtQuick3D --> node_venv_lib_python3_12_site-packages_PyQt6_Qt6_qml_QtQuick3D_Particles3D["Particles3D"]\n    node_venv_lib_python3_12_site-packages_PyQt6_Qt6_qml_QtQuick3D_Particles3D --> node_venv_lib_python3_12_site-packages_PyQt6_Qt6_qml_QtQuick3D_Particles3D_designer["designer"]\n    node_venv_lib_python3_12_site-packages_PyQt6_Qt6_qml_QtQuick3D_Particles3D_designer --> node_venv_lib_python3_12_site-packages_PyQt6_Qt6_qml_QtQuick3D_Particles3D_designer_images["images"]\n    node_venv_lib_python3_12_site-packages_PyQt6_Qt6_qml_QtQuick3D_Particles3D_designer_images --> node_venv_lib_python3_12_site-packages_PyQt6_Qt6_qml_QtQuick3D_Particles3D_designer_images_model-shape-24px_png["model-shape-24px.png"]\n    Root --> node_venv["venv"]\n    node_venv --> node_venv_lib["lib"]\n    node_venv_lib --> node_venv_lib_python3_12["python3.12"]\n    node_venv_lib_python3_12 --> node_venv_lib_python3_12_site-packages["site-packages"]\n    node_venv_lib_python3_12_site-packages --> node_venv_lib_python3_12_site-packages_PyQt6["PyQt6"]\n    node_venv_lib_python3_12_site-packages_PyQt6 --> node_venv_lib_python3_12_site-packages_PyQt6_Qt6["Qt6"]\n    node_venv_lib_python3_12_site-packages_PyQt6_Qt6 --> node_venv_lib_python3_12_site-packages_PyQt6_Qt6_qml["qml"]\n    node_venv_lib_python3_12_site-packages_PyQt6_Qt6_qml --> node_venv_lib_python3_12_site-packages_PyQt6_Qt6_qml_QtQuick3D["QtQuick3D"]\n    node_venv_lib_python3_12_site-packages_PyQt6_Qt6_qml_QtQuick3D --> node_venv_lib_python3_12_site-packages_PyQt6_Qt6_qml_QtQuick3D_Particles3D["Particles3D"]\n    node_venv_lib_python3_12_site-packages_PyQt6_Qt6_qml_QtQuick3D_Particles3D --> node_venv_lib_python3_12_site-packages_PyQt6_Qt6_qml_QtQuick3D_Particles3D_designer["designer"]\n    node_venv_lib_python3_12_site-packages_PyQt6_Qt6_qml_QtQuick3D_Particles3D_designer --> node_venv_lib_python3_12_site-packages_PyQt6_Qt6_qml_QtQuick3D_Particles3D_designer_images["images"]\n    node_venv_lib_python3_12_site-packages_PyQt6_Qt6_qml_QtQuick3D_Particles3D_designer_images --> node_venv_lib_python3_12_site-packages_PyQt6_Qt6_qml_QtQuick3D_Particles3D_designer_images_model-shape-24px@2x_png["model-shape-24px@2x.png"]\n    Root --> node_venv["venv"]\n    node_venv --> node_venv_lib["lib"]\n    node_venv_lib --> node_venv_lib_python3_12["python3.12"]\n    node_venv_lib_python3_12 --> node_venv_lib_python3_12_site-packages["site-packages"]\n    node_venv_lib_python3_12_site-packages --> node_venv_lib_python3_12_site-packages_PyQt6["PyQt6"]\n    node_venv_lib_python3_12_site-packages_PyQt6 --> node_venv_lib_python3_12_site-packages_PyQt6_Qt6["Qt6"]\n    node_venv_lib_python3_12_site-packages_PyQt6_Qt6 --> node_venv_lib_python3_12_site-packages_PyQt6_Qt6_qml["qml"]\n    node_venv_lib_python3_12_site-packages_PyQt6_Qt6_qml --> node_venv_lib_python3_12_site-packages_PyQt6_Qt6_qml_QtQuick3D["QtQuick3D"]\n    node_venv_lib_python3_12_site-packages_PyQt6_Qt6_qml_QtQuick3D --> node_venv_lib_python3_12_site-packages_PyQt6_Qt6_qml_QtQuick3D_Particles3D["Particles3D"]\n    node_venv_lib_python3_12_site-packages_PyQt6_Qt6_qml_QtQuick3D_Particles3D --> node_venv_lib_python3_12_site-packages_PyQt6_Qt6_qml_QtQuick3D_Particles3D_designer["designer"]\n    node_venv_lib_python3_12_site-packages_PyQt6_Qt6_qml_QtQuick3D_Particles3D_designer --> node_venv_lib_python3_12_site-packages_PyQt6_Qt6_qml_QtQuick3D_Particles3D_designer_images["images"]\n    node_venv_lib_python3_12_site-packages_PyQt6_Qt6_qml_QtQuick3D_Particles3D_designer_images --> node_venv_lib_python3_12_site-packages_PyQt6_Qt6_qml_QtQuick3D_Particles3D_designer_images_particle-custom-shape-16px_png["particle-custom-shape-16px.png"]\n    Root --> node_venv["venv"]\n    node_venv --> node_venv_lib["lib"]\n    node_venv_lib --> node_venv_lib_python3_12["python3.12"]\n    node_venv_lib_python3_12 --> node_venv_lib_python3_12_site-packages["site-packages"]\n    node_venv_lib_python3_12_site-packages --> node_venv_lib_python3_12_site-packages_PyQt6["PyQt6"]\n    node_venv_lib_python3_12_site-packages_PyQt6 --> node_venv_lib_python3_12_site-packages_PyQt6_Qt6["Qt6"]\n    node_venv_lib_python3_12_site-packages_PyQt6_Qt6 --> node_venv_lib_python3_12_site-packages_PyQt6_Qt6_qml["qml"]\n    node_venv_lib_python3_12_site-packages_PyQt6_Qt6_qml --> node_venv_lib_python3_12_site-packages_PyQt6_Qt6_qml_QtQuick3D["QtQuick3D"]\n    node_venv_lib_python3_12_site-packages_PyQt6_Qt6_qml_QtQuick3D --> node_venv_lib_python3_12_site-packages_PyQt6_Qt6_qml_QtQuick3D_Particles3D["Particles3D"]\n    node_venv_lib_python3_12_site-packages_PyQt6_Qt6_qml_QtQuick3D_Particles3D --> node_venv_lib_python3_12_site-packages_PyQt6_Qt6_qml_QtQuick3D_Particles3D_designer["designer"]\n    node_venv_lib_python3_12_site-packages_PyQt6_Qt6_qml_QtQuick3D_Particles3D_designer --> node_venv_lib_python3_12_site-packages_PyQt6_Qt6_qml_QtQuick3D_Particles3D_designer_images["images"]\n    node_venv_lib_python3_12_site-packages_PyQt6_Qt6_qml_QtQuick3D_Particles3D_designer_images --> node_venv_lib_python3_12_site-packages_PyQt6_Qt6_qml_QtQuick3D_Particles3D_designer_images_particle-custom-shape-24px_png["particle-custom-shape-24px.png"]\n    Root --> node_venv["venv"]\n    node_venv --> node_venv_lib["lib"]\n    node_venv_lib --> node_venv_lib_python3_12["python3.12"]\n    node_venv_lib_python3_12 --> node_venv_lib_python3_12_site-packages["site-packages"]\n    node_venv_lib_python3_12_site-packages --> node_venv_lib_python3_12_site-packages_PyQt6["PyQt6"]\n    node_venv_lib_python3_12_site-packages_PyQt6 --> node_venv_lib_python3_12_site-packages_PyQt6_Qt6["Qt6"]\n    node_venv_lib_python3_12_site-packages_PyQt6_Qt6 --> node_venv_lib_python3_12_site-packages_PyQt6_Qt6_qml["qml"]\n    node_venv_lib_python3_12_site-packages_PyQt6_Qt6_qml --> node_venv_lib_python3_12_site-packages_PyQt6_Qt6_qml_QtQuick3D["QtQuick3D"]\n    node_venv_lib_python3_12_site-packages_PyQt6_Qt6_qml_QtQuick3D --> node_venv_lib_python3_12_site-packages_PyQt6_Qt6_qml_QtQuick3D_Particles3D["Particles3D"]\n    node_venv_lib_python3_12_site-packages_PyQt6_Qt6_qml_QtQuick3D_Particles3D --> node_venv_lib_python3_12_site-packages_PyQt6_Qt6_qml_QtQuick3D_Particles3D_designer["designer"]\n    node_venv_lib_python3_12_site-packages_PyQt6_Qt6_qml_QtQuick3D_Particles3D_designer --> node_venv_lib_python3_12_site-packages_PyQt6_Qt6_qml_QtQuick3D_Particles3D_designer_images["images"]\n    node_venv_lib_python3_12_site-packages_PyQt6_Qt6_qml_QtQuick3D_Particles3D_designer_images --> node_venv_lib_python3_12_site-packages_PyQt6_Qt6_qml_QtQuick3D_Particles3D_designer_images_particle-custom-shape-24px@2x_png["particle-custom-shape-24px@2x.png"]\n    Root --> node_venv["venv"]\n    node_venv --> node_venv_lib["lib"]\n    node_venv_lib --> node_venv_lib_python3_12["python3.12"]\n    node_venv_lib_python3_12 --> node_venv_lib_python3_12_site-packages["site-packages"]\n    node_venv_lib_python3_12_site-packages --> node_venv_lib_python3_12_site-packages_PyQt6["PyQt6"]\n    node_venv_lib_python3_12_site-packages_PyQt6 --> node_venv_lib_python3_12_site-packages_PyQt6_Qt6["Qt6"]\n    node_venv_lib_python3_12_site-packages_PyQt6_Qt6 --> node_venv_lib_python3_12_site-packages_PyQt6_Qt6_qml["qml"]\n    node_venv_lib_python3_12_site-packages_PyQt6_Qt6_qml --> node_venv_lib_python3_12_site-packages_PyQt6_Qt6_qml_QtQuick3D["QtQuick3D"]\n    node_venv_lib_python3_12_site-packages_PyQt6_Qt6_qml_QtQuick3D --> node_venv_lib_python3_12_site-packages_PyQt6_Qt6_qml_QtQuick3D_Particles3D["Particles3D"]\n    node_venv_lib_python3_12_site-packages_PyQt6_Qt6_qml_QtQuick3D_Particles3D --> node_venv_lib_python3_12_site-packages_PyQt6_Qt6_qml_QtQuick3D_Particles3D_designer["designer"]\n    node_venv_lib_python3_12_site-packages_PyQt6_Qt6_qml_QtQuick3D_Particles3D_designer --> node_venv_lib_python3_12_site-packages_PyQt6_Qt6_qml_QtQuick3D_Particles3D_designer_images["images"]\n    node_venv_lib_python3_12_site-packages_PyQt6_Qt6_qml_QtQuick3D_Particles3D_designer_images --> node_venv_lib_python3_12_site-packages_PyQt6_Qt6_qml_QtQuick3D_Particles3D_designer_images_particle-shape-16px_png["particle-shape-16px.png"]\n    Root --> node_venv["venv"]\n    node_venv --> node_venv_lib["lib"]\n    node_venv_lib --> node_venv_lib_python3_12["python3.12"]\n    node_venv_lib_python3_12 --> node_venv_lib_python3_12_site-packages["site-packages"]\n    node_venv_lib_python3_12_site-packages --> node_venv_lib_python3_12_site-packages_PyQt6["PyQt6"]\n    node_venv_lib_python3_12_site-packages_PyQt6 --> node_venv_lib_python3_12_site-packages_PyQt6_Qt6["Qt6"]\n    node_venv_lib_python3_12_site-packages_PyQt6_Qt6 --> node_venv_lib_python3_12_site-packages_PyQt6_Qt6_qml["qml"]\n    node_venv_lib_python3_12_site-packages_PyQt6_Qt6_qml --> node_venv_lib_python3_12_site-packages_PyQt6_Qt6_qml_QtQuick3D["QtQuick3D"]\n    node_venv_lib_python3_12_site-packages_PyQt6_Qt6_qml_QtQuick3D --> node_venv_lib_python3_12_site-packages_PyQt6_Qt6_qml_QtQuick3D_Particles3D["Particles3D"]\n    node_venv_lib_python3_12_site-packages_PyQt6_Qt6_qml_QtQuick3D_Particles3D --> node_venv_lib_python3_12_site-packages_PyQt6_Qt6_qml_QtQuick3D_Particles3D_designer["designer"]\n    node_venv_lib_python3_12_site-packages_PyQt6_Qt6_qml_QtQuick3D_Particles3D_designer --> node_venv_lib_python3_12_site-packages_PyQt6_Qt6_qml_QtQuick3D_Particles3D_designer_images["images"]\n    node_venv_lib_python3_12_site-packages_PyQt6_Qt6_qml_QtQuick3D_Particles3D_designer_images --> node_venv_lib_python3_12_site-packages_PyQt6_Qt6_qml_QtQuick3D_Particles3D_designer_images_particle-shape-24px_png["particle-shape-24px.png"]\n    Root --> node_venv["venv"]\n    node_venv --> node_venv_lib["lib"]\n    node_venv_lib --> node_venv_lib_python3_12["python3.12"]\n    node_venv_lib_python3_12 --> node_venv_lib_python3_12_site-packages["site-packages"]\n    node_venv_lib_python3_12_site-packages --> node_venv_lib_python3_12_site-packages_PyQt6["PyQt6"]\n    node_venv_lib_python3_12_site-packages_PyQt6 --> node_venv_lib_python3_12_site-packages_PyQt6_Qt6["Qt6"]\n    node_venv_lib_python3_12_site-packages_PyQt6_Qt6 --> node_venv_lib_python3_12_site-packages_PyQt6_Qt6_qml["qml"]\n    node_venv_lib_python3_12_site-packages_PyQt6_Qt6_qml --> node_venv_lib_python3_12_site-packages_PyQt6_Qt6_qml_QtQuick3D["QtQuick3D"]\n    node_venv_lib_python3_12_site-packages_PyQt6_Qt6_qml_QtQuick3D --> node_venv_lib_python3_12_site-packages_PyQt6_Qt6_qml_QtQuick3D_Particles3D["Particles3D"]\n    node_venv_lib_python3_12_site-packages_PyQt6_Qt6_qml_QtQuick3D_Particles3D --> node_venv_lib_python3_12_site-packages_PyQt6_Qt6_qml_QtQuick3D_Particles3D_designer["designer"]\n    node_venv_lib_python3_12_site-packages_PyQt6_Qt6_qml_QtQuick3D_Particles3D_designer --> node_venv_lib_python3_12_site-packages_PyQt6_Qt6_qml_QtQuick3D_Particles3D_designer_images["images"]\n    node_venv_lib_python3_12_site-packages_PyQt6_Qt6_qml_QtQuick3D_Particles3D_designer_images --> node_venv_lib_python3_12_site-packages_PyQt6_Qt6_qml_QtQuick3D_Particles3D_designer_images_particle-shape-24px@2x_png["particle-shape-24px@2x.png"]\n    Root --> node_venv["venv"]\n    node_venv --> node_venv_lib["lib"]\n    node_venv_lib --> node_venv_lib_python3_12["python3.12"]\n    node_venv_lib_python3_12 --> node_venv_lib_python3_12_site-packages["site-packages"]\n    node_venv_lib_python3_12_site-packages --> node_venv_lib_python3_12_site-packages_PyQt6["PyQt6"]\n    node_venv_lib_python3_12_site-packages_PyQt6 --> node_venv_lib_python3_12_site-packages_PyQt6_Qt6["Qt6"]\n    node_venv_lib_python3_12_site-packages_PyQt6_Qt6 --> node_venv_lib_python3_12_site-packages_PyQt6_Qt6_qml["qml"]\n    node_venv_lib_python3_12_site-packages_PyQt6_Qt6_qml --> node_venv_lib_python3_12_site-packages_PyQt6_Qt6_qml_QtQuick3D["QtQuick3D"]\n    node_venv_lib_python3_12_site-packages_PyQt6_Qt6_qml_QtQuick3D --> node_venv_lib_python3_12_site-packages_PyQt6_Qt6_qml_QtQuick3D_Particles3D["Particles3D"]\n    node_venv_lib_python3_12_site-packages_PyQt6_Qt6_qml_QtQuick3D_Particles3D --> node_venv_lib_python3_12_site-packages_PyQt6_Qt6_qml_QtQuick3D_Particles3D_designer["designer"]\n    node_venv_lib_python3_12_site-packages_PyQt6_Qt6_qml_QtQuick3D_Particles3D_designer --> node_venv_lib_python3_12_site-packages_PyQt6_Qt6_qml_QtQuick3D_Particles3D_designer_images["images"]\n    node_venv_lib_python3_12_site-packages_PyQt6_Qt6_qml_QtQuick3D_Particles3D_designer_images --> node_venv_lib_python3_12_site-packages_PyQt6_Qt6_qml_QtQuick3D_Particles3D_designer_images_particle-system-16px_png["particle-system-16px.png"]\n    Root --> node_venv["venv"]\n    node_venv --> node_venv_lib["lib"]\n    node_venv_lib --> node_venv_lib_python3_12["python3.12"]\n    node_venv_lib_python3_12 --> node_venv_lib_python3_12_site-packages["site-packages"]\n    node_venv_lib_python3_12_site-packages --> node_venv_lib_python3_12_site-packages_PyQt6["PyQt6"]\n    node_venv_lib_python3_12_site-packages_PyQt6 --> node_venv_lib_python3_12_site-packages_PyQt6_Qt6["Qt6"]\n    node_venv_lib_python3_12_site-packages_PyQt6_Qt6 --> node_venv_lib_python3_12_site-packages_PyQt6_Qt6_qml["qml"]\n    node_venv_lib_python3_12_site-packages_PyQt6_Qt6_qml --> node_venv_lib_python3_12_site-packages_PyQt6_Qt6_qml_QtQuick3D["QtQuick3D"]\n    node_venv_lib_python3_12_site-packages_PyQt6_Qt6_qml_QtQuick3D --> node_venv_lib_python3_12_site-packages_PyQt6_Qt6_qml_QtQuick3D_Particles3D["Particles3D"]\n    node_venv_lib_python3_12_site-packages_PyQt6_Qt6_qml_QtQuick3D_Particles3D --> node_venv_lib_python3_12_site-packages_PyQt6_Qt6_qml_QtQuick3D_Particles3D_designer["designer"]\n    node_venv_lib_python3_12_site-packages_PyQt6_Qt6_qml_QtQuick3D_Particles3D_designer --> node_venv_lib_python3_12_site-packages_PyQt6_Qt6_qml_QtQuick3D_Particles3D_designer_images["images"]\n    node_venv_lib_python3_12_site-packages_PyQt6_Qt6_qml_QtQuick3D_Particles3D_designer_images --> node_venv_lib_python3_12_site-packages_PyQt6_Qt6_qml_QtQuick3D_Particles3D_designer_images_particle-system-24px_png["particle-system-24px.png"]\n    Root --> node_venv["venv"]\n    node_venv --> node_venv_lib["lib"]\n    node_venv_lib --> node_venv_lib_python3_12["python3.12"]\n    node_venv_lib_python3_12 --> node_venv_lib_python3_12_site-packages["site-packages"]\n    node_venv_lib_python3_12_site-packages --> node_venv_lib_python3_12_site-packages_PyQt6["PyQt6"]\n    node_venv_lib_python3_12_site-packages_PyQt6 --> node_venv_lib_python3_12_site-packages_PyQt6_Qt6["Qt6"]\n    node_venv_lib_python3_12_site-packages_PyQt6_Qt6 --> node_venv_lib_python3_12_site-packages_PyQt6_Qt6_qml["qml"]\n    node_venv_lib_python3_12_site-packages_PyQt6_Qt6_qml --> node_venv_lib_python3_12_site-packages_PyQt6_Qt6_qml_QtQuick3D["QtQuick3D"]\n    node_venv_lib_python3_12_site-packages_PyQt6_Qt6_qml_QtQuick3D --> node_venv_lib_python3_12_site-packages_PyQt6_Qt6_qml_QtQuick3D_Particles3D["Particles3D"]\n    node_venv_lib_python3_12_site-packages_PyQt6_Qt6_qml_QtQuick3D_Particles3D --> node_venv_lib_python3_12_site-packages_PyQt6_Qt6_qml_QtQuick3D_Particles3D_designer["designer"]\n    node_venv_lib_python3_12_site-packages_PyQt6_Qt6_qml_QtQuick3D_Particles3D_designer --> node_venv_lib_python3_12_site-packages_PyQt6_Qt6_qml_QtQuick3D_Particles3D_designer_images["images"]\n    node_venv_lib_python3_12_site-packages_PyQt6_Qt6_qml_QtQuick3D_Particles3D_designer_images --> node_venv_lib_python3_12_site-packages_PyQt6_Qt6_qml_QtQuick3D_Particles3D_designer_images_particle-system-24px@2x_png["particle-system-24px@2x.png"]\n    Root --> node_venv["venv"]\n    node_venv --> node_venv_lib["lib"]\n    node_venv_lib --> node_venv_lib_python3_12["python3.12"]\n    node_venv_lib_python3_12 --> node_venv_lib_python3_12_site-packages["site-packages"]\n    node_venv_lib_python3_12_site-packages --> node_venv_lib_python3_12_site-packages_PyQt6["PyQt6"]\n    node_venv_lib_python3_12_site-packages_PyQt6 --> node_venv_lib_python3_12_site-packages_PyQt6_Qt6["Qt6"]\n    node_venv_lib_python3_12_site-packages_PyQt6_Qt6 --> node_venv_lib_python3_12_site-packages_PyQt6_Qt6_qml["qml"]\n    node_venv_lib_python3_12_site-packages_PyQt6_Qt6_qml --> node_venv_lib_python3_12_site-packages_PyQt6_Qt6_qml_QtQuick3D["QtQuick3D"]\n    node_venv_lib_python3_12_site-packages_PyQt6_Qt6_qml_QtQuick3D --> node_venv_lib_python3_12_site-packages_PyQt6_Qt6_qml_QtQuick3D_Particles3D["Particles3D"]\n    node_venv_lib_python3_12_site-packages_PyQt6_Qt6_qml_QtQuick3D_Particles3D --> node_venv_lib_python3_12_site-packages_PyQt6_Qt6_qml_QtQuick3D_Particles3D_designer["designer"]\n    node_venv_lib_python3_12_site-packages_PyQt6_Qt6_qml_QtQuick3D_Particles3D_designer --> node_venv_lib_python3_12_site-packages_PyQt6_Qt6_qml_QtQuick3D_Particles3D_designer_images["images"]\n    node_venv_lib_python3_12_site-packages_PyQt6_Qt6_qml_QtQuick3D_Particles3D_designer_images --> node_venv_lib_python3_12_site-packages_PyQt6_Qt6_qml_QtQuick3D_Particles3D_designer_images_point-rotator-16px_png["point-rotator-16px.png"]\n    Root --> node_venv["venv"]\n    node_venv --> node_venv_lib["lib"]\n    node_venv_lib --> node_venv_lib_python3_12["python3.12"]\n    node_venv_lib_python3_12 --> node_venv_lib_python3_12_site-packages["site-packages"]\n    node_venv_lib_python3_12_site-packages --> node_venv_lib_python3_12_site-packages_PyQt6["PyQt6"]\n    node_venv_lib_python3_12_site-packages_PyQt6 --> node_venv_lib_python3_12_site-packages_PyQt6_Qt6["Qt6"]\n    node_venv_lib_python3_12_site-packages_PyQt6_Qt6 --> node_venv_lib_python3_12_site-packages_PyQt6_Qt6_qml["qml"]\n    node_venv_lib_python3_12_site-packages_PyQt6_Qt6_qml --> node_venv_lib_python3_12_site-packages_PyQt6_Qt6_qml_QtQuick3D["QtQuick3D"]\n    node_venv_lib_python3_12_site-packages_PyQt6_Qt6_qml_QtQuick3D --> node_venv_lib_python3_12_site-packages_PyQt6_Qt6_qml_QtQuick3D_Particles3D["Particles3D"]\n    node_venv_lib_python3_12_site-packages_PyQt6_Qt6_qml_QtQuick3D_Particles3D --> node_venv_lib_python3_12_site-packages_PyQt6_Qt6_qml_QtQuick3D_Particles3D_designer["designer"]\n    node_venv_lib_python3_12_site-packages_PyQt6_Qt6_qml_QtQuick3D_Particles3D_designer --> node_venv_lib_python3_12_site-packages_PyQt6_Qt6_qml_QtQuick3D_Particles3D_designer_images["images"]\n    node_venv_lib_python3_12_site-packages_PyQt6_Qt6_qml_QtQuick3D_Particles3D_designer_images --> node_venv_lib_python3_12_site-packages_PyQt6_Qt6_qml_QtQuick3D_Particles3D_designer_images_point-rotator-24px_png["point-rotator-24px.png"]\n    Root --> node_venv["venv"]\n    node_venv --> node_venv_lib["lib"]\n    node_venv_lib --> node_venv_lib_python3_12["python3.12"]\n    node_venv_lib_python3_12 --> node_venv_lib_python3_12_site-packages["site-packages"]\n    node_venv_lib_python3_12_site-packages --> node_venv_lib_python3_12_site-packages_PyQt6["PyQt6"]\n    node_venv_lib_python3_12_site-packages_PyQt6 --> node_venv_lib_python3_12_site-packages_PyQt6_Qt6["Qt6"]\n    node_venv_lib_python3_12_site-packages_PyQt6_Qt6 --> node_venv_lib_python3_12_site-packages_PyQt6_Qt6_qml["qml"]\n    node_venv_lib_python3_12_site-packages_PyQt6_Qt6_qml --> node_venv_lib_python3_12_site-packages_PyQt6_Qt6_qml_QtQuick3D["QtQuick3D"]\n    node_venv_lib_python3_12_site-packages_PyQt6_Qt6_qml_QtQuick3D --> node_venv_lib_python3_12_site-packages_PyQt6_Qt6_qml_QtQuick3D_Particles3D["Particles3D"]\n    node_venv_lib_python3_12_site-packages_PyQt6_Qt6_qml_QtQuick3D_Particles3D --> node_venv_lib_python3_12_site-packages_PyQt6_Qt6_qml_QtQuick3D_Particles3D_designer["designer"]\n    node_venv_lib_python3_12_site-packages_PyQt6_Qt6_qml_QtQuick3D_Particles3D_designer --> node_venv_lib_python3_12_site-packages_PyQt6_Qt6_qml_QtQuick3D_Particles3D_designer_images["images"]\n    node_venv_lib_python3_12_site-packages_PyQt6_Qt6_qml_QtQuick3D_Particles3D_designer_images --> node_venv_lib_python3_12_site-packages_PyQt6_Qt6_qml_QtQuick3D_Particles3D_designer_images_point-rotator-24px@2x_png["point-rotator-24px@2x.png"]\n    Root --> node_venv["venv"]\n    node_venv --> node_venv_lib["lib"]\n    node_venv_lib --> node_venv_lib_python3_12["python3.12"]\n    node_venv_lib_python3_12 --> node_venv_lib_python3_12_site-packages["site-packages"]\n    node_venv_lib_python3_12_site-packages --> node_venv_lib_python3_12_site-packages_PyQt6["PyQt6"]\n    node_venv_lib_python3_12_site-packages_PyQt6 --> node_venv_lib_python3_12_site-packages_PyQt6_Qt6["Qt6"]\n    node_venv_lib_python3_12_site-packages_PyQt6_Qt6 --> node_venv_lib_python3_12_site-packages_PyQt6_Qt6_qml["qml"]\n    node_venv_lib_python3_12_site-packages_PyQt6_Qt6_qml --> node_venv_lib_python3_12_site-packages_PyQt6_Qt6_qml_QtQuick3D["QtQuick3D"]\n    node_venv_lib_python3_12_site-packages_PyQt6_Qt6_qml_QtQuick3D --> node_venv_lib_python3_12_site-packages_PyQt6_Qt6_qml_QtQuick3D_Particles3D["Particles3D"]\n    node_venv_lib_python3_12_site-packages_PyQt6_Qt6_qml_QtQuick3D_Particles3D --> node_venv_lib_python3_12_site-packages_PyQt6_Qt6_qml_QtQuick3D_Particles3D_designer["designer"]\n    node_venv_lib_python3_12_site-packages_PyQt6_Qt6_qml_QtQuick3D_Particles3D_designer --> node_venv_lib_python3_12_site-packages_PyQt6_Qt6_qml_QtQuick3D_Particles3D_designer_images["images"]\n    node_venv_lib_python3_12_site-packages_PyQt6_Qt6_qml_QtQuick3D_Particles3D_designer_images --> node_venv_lib_python3_12_site-packages_PyQt6_Qt6_qml_QtQuick3D_Particles3D_designer_images_repeller-16px_png["repeller-16px.png"]\n    Root --> node_venv["venv"]\n    node_venv --> node_venv_lib["lib"]\n    node_venv_lib --> node_venv_lib_python3_12["python3.12"]\n    node_venv_lib_python3_12 --> node_venv_lib_python3_12_site-packages["site-packages"]\n    node_venv_lib_python3_12_site-packages --> node_venv_lib_python3_12_site-packages_PyQt6["PyQt6"]\n    node_venv_lib_python3_12_site-packages_PyQt6 --> node_venv_lib_python3_12_site-packages_PyQt6_Qt6["Qt6"]\n    node_venv_lib_python3_12_site-packages_PyQt6_Qt6 --> node_venv_lib_python3_12_site-packages_PyQt6_Qt6_qml["qml"]\n    node_venv_lib_python3_12_site-packages_PyQt6_Qt6_qml --> node_venv_lib_python3_12_site-packages_PyQt6_Qt6_qml_QtQuick3D["QtQuick3D"]\n    node_venv_lib_python3_12_site-packages_PyQt6_Qt6_qml_QtQuick3D --> node_venv_lib_python3_12_site-packages_PyQt6_Qt6_qml_QtQuick3D_Particles3D["Particles3D"]\n    node_venv_lib_python3_12_site-packages_PyQt6_Qt6_qml_QtQuick3D_Particles3D --> node_venv_lib_python3_12_site-packages_PyQt6_Qt6_qml_QtQuick3D_Particles3D_designer["designer"]\n    node_venv_lib_python3_12_site-packages_PyQt6_Qt6_qml_QtQuick3D_Particles3D_designer --> node_venv_lib_python3_12_site-packages_PyQt6_Qt6_qml_QtQuick3D_Particles3D_designer_images["images"]\n    node_venv_lib_python3_12_site-packages_PyQt6_Qt6_qml_QtQuick3D_Particles3D_designer_images --> node_venv_lib_python3_12_site-packages_PyQt6_Qt6_qml_QtQuick3D_Particles3D_designer_images_repeller-24px_png["repeller-24px.png"]\n    Root --> node_venv["venv"]\n    node_venv --> node_venv_lib["lib"]\n    node_venv_lib --> node_venv_lib_python3_12["python3.12"]\n    node_venv_lib_python3_12 --> node_venv_lib_python3_12_site-packages["site-packages"]\n    node_venv_lib_python3_12_site-packages --> node_venv_lib_python3_12_site-packages_PyQt6["PyQt6"]\n    node_venv_lib_python3_12_site-packages_PyQt6 --> node_venv_lib_python3_12_site-packages_PyQt6_Qt6["Qt6"]\n    node_venv_lib_python3_12_site-packages_PyQt6_Qt6 --> node_venv_lib_python3_12_site-packages_PyQt6_Qt6_qml["qml"]\n    node_venv_lib_python3_12_site-packages_PyQt6_Qt6_qml --> node_venv_lib_python3_12_site-packages_PyQt6_Qt6_qml_QtQuick3D["QtQuick3D"]\n    node_venv_lib_python3_12_site-packages_PyQt6_Qt6_qml_QtQuick3D --> node_venv_lib_python3_12_site-packages_PyQt6_Qt6_qml_QtQuick3D_Particles3D["Particles3D"]\n    node_venv_lib_python3_12_site-packages_PyQt6_Qt6_qml_QtQuick3D_Particles3D --> node_venv_lib_python3_12_site-packages_PyQt6_Qt6_qml_QtQuick3D_Particles3D_designer["designer"]\n    node_venv_lib_python3_12_site-packages_PyQt6_Qt6_qml_QtQuick3D_Particles3D_designer --> node_venv_lib_python3_12_site-packages_PyQt6_Qt6_qml_QtQuick3D_Particles3D_designer_images["images"]\n    node_venv_lib_python3_12_site-packages_PyQt6_Qt6_qml_QtQuick3D_Particles3D_designer_images --> node_venv_lib_python3_12_site-packages_PyQt6_Qt6_qml_QtQuick3D_Particles3D_designer_images_repeller-24px@2x_png["repeller-24px@2x.png"]\n    Root --> node_venv["venv"]\n    node_venv --> node_venv_lib["lib"]\n    node_venv_lib --> node_venv_lib_python3_12["python3.12"]\n    node_venv_lib_python3_12 --> node_venv_lib_python3_12_site-packages["site-packages"]\n    node_venv_lib_python3_12_site-packages --> node_venv_lib_python3_12_site-packages_PyQt6["PyQt6"]\n    node_venv_lib_python3_12_site-packages_PyQt6 --> node_venv_lib_python3_12_site-packages_PyQt6_Qt6["Qt6"]\n    node_venv_lib_python3_12_site-packages_PyQt6_Qt6 --> node_venv_lib_python3_12_site-packages_PyQt6_Qt6_qml["qml"]\n    node_venv_lib_python3_12_site-packages_PyQt6_Qt6_qml --> node_venv_lib_python3_12_site-packages_PyQt6_Qt6_qml_QtQuick3D["QtQuick3D"]\n    node_venv_lib_python3_12_site-packages_PyQt6_Qt6_qml_QtQuick3D --> node_venv_lib_python3_12_site-packages_PyQt6_Qt6_qml_QtQuick3D_Particles3D["Particles3D"]\n    node_venv_lib_python3_12_site-packages_PyQt6_Qt6_qml_QtQuick3D_Particles3D --> node_venv_lib_python3_12_site-packages_PyQt6_Qt6_qml_QtQuick3D_Particles3D_designer["designer"]\n    node_venv_lib_python3_12_site-packages_PyQt6_Qt6_qml_QtQuick3D_Particles3D_designer --> node_venv_lib_python3_12_site-packages_PyQt6_Qt6_qml_QtQuick3D_Particles3D_designer_images["images"]\n    node_venv_lib_python3_12_site-packages_PyQt6_Qt6_qml_QtQuick3D_Particles3D_designer_images --> node_venv_lib_python3_12_site-packages_PyQt6_Qt6_qml_QtQuick3D_Particles3D_designer_images_scale-affector-16px_png["scale-affector-16px.png"]\n    Root --> node_venv["venv"]\n    node_venv --> node_venv_lib["lib"]\n    node_venv_lib --> node_venv_lib_python3_12["python3.12"]\n    node_venv_lib_python3_12 --> node_venv_lib_python3_12_site-packages["site-packages"]\n    node_venv_lib_python3_12_site-packages --> node_venv_lib_python3_12_site-packages_PyQt6["PyQt6"]\n    node_venv_lib_python3_12_site-packages_PyQt6 --> node_venv_lib_python3_12_site-packages_PyQt6_Qt6["Qt6"]\n    node_venv_lib_python3_12_site-packages_PyQt6_Qt6 --> node_venv_lib_python3_12_site-packages_PyQt6_Qt6_qml["qml"]\n    node_venv_lib_python3_12_site-packages_PyQt6_Qt6_qml --> node_venv_lib_python3_12_site-packages_PyQt6_Qt6_qml_QtQuick3D["QtQuick3D"]\n    node_venv_lib_python3_12_site-packages_PyQt6_Qt6_qml_QtQuick3D --> node_venv_lib_python3_12_site-packages_PyQt6_Qt6_qml_QtQuick3D_Particles3D["Particles3D"]\n    node_venv_lib_python3_12_site-packages_PyQt6_Qt6_qml_QtQuick3D_Particles3D --> node_venv_lib_python3_12_site-packages_PyQt6_Qt6_qml_QtQuick3D_Particles3D_designer["designer"]\n    node_venv_lib_python3_12_site-packages_PyQt6_Qt6_qml_QtQuick3D_Particles3D_designer --> node_venv_lib_python3_12_site-packages_PyQt6_Qt6_qml_QtQuick3D_Particles3D_designer_images["images"]\n    node_venv_lib_python3_12_site-packages_PyQt6_Qt6_qml_QtQuick3D_Particles3D_designer_images --> node_venv_lib_python3_12_site-packages_PyQt6_Qt6_qml_QtQuick3D_Particles3D_designer_images_scale-affector-24px_png["scale-affector-24px.png"]\n    Root --> node_venv["venv"]\n    node_venv --> node_venv_lib["lib"]\n    node_venv_lib --> node_venv_lib_python3_12["python3.12"]\n    node_venv_lib_python3_12 --> node_venv_lib_python3_12_site-packages["site-packages"]\n    node_venv_lib_python3_12_site-packages --> node_venv_lib_python3_12_site-packages_PyQt6["PyQt6"]\n    node_venv_lib_python3_12_site-packages_PyQt6 --> node_venv_lib_python3_12_site-packages_PyQt6_Qt6["Qt6"]\n    node_venv_lib_python3_12_site-packages_PyQt6_Qt6 --> node_venv_lib_python3_12_site-packages_PyQt6_Qt6_qml["qml"]\n    node_venv_lib_python3_12_site-packages_PyQt6_Qt6_qml --> node_venv_lib_python3_12_site-packages_PyQt6_Qt6_qml_QtQuick3D["QtQuick3D"]\n    node_venv_lib_python3_12_site-packages_PyQt6_Qt6_qml_QtQuick3D --> node_venv_lib_python3_12_site-packages_PyQt6_Qt6_qml_QtQuick3D_Particles3D["Particles3D"]\n    node_venv_lib_python3_12_site-packages_PyQt6_Qt6_qml_QtQuick3D_Particles3D --> node_venv_lib_python3_12_site-packages_PyQt6_Qt6_qml_QtQuick3D_Particles3D_designer["designer"]\n    node_venv_lib_python3_12_site-packages_PyQt6_Qt6_qml_QtQuick3D_Particles3D_designer --> node_venv_lib_python3_12_site-packages_PyQt6_Qt6_qml_QtQuick3D_Particles3D_designer_images["images"]\n    node_venv_lib_python3_12_site-packages_PyQt6_Qt6_qml_QtQuick3D_Particles3D_designer_images --> node_venv_lib_python3_12_site-packages_PyQt6_Qt6_qml_QtQuick3D_Particles3D_designer_images_scale-affector-24px@2x_png["scale-affector-24px@2x.png"]\n    Root --> node_venv["venv"]\n    node_venv --> node_venv_lib["lib"]\n    node_venv_lib --> node_venv_lib_python3_12["python3.12"]\n    node_venv_lib_python3_12 --> node_venv_lib_python3_12_site-packages["site-packages"]\n    node_venv_lib_python3_12_site-packages --> node_venv_lib_python3_12_site-packages_PyQt6["PyQt6"]\n    node_venv_lib_python3_12_site-packages_PyQt6 --> node_venv_lib_python3_12_site-packages_PyQt6_Qt6["Qt6"]\n    node_venv_lib_python3_12_site-packages_PyQt6_Qt6 --> node_venv_lib_python3_12_site-packages_PyQt6_Qt6_qml["qml"]\n    node_venv_lib_python3_12_site-packages_PyQt6_Qt6_qml --> node_venv_lib_python3_12_site-packages_PyQt6_Qt6_qml_QtQuick3D["QtQuick3D"]\n    node_venv_lib_python3_12_site-packages_PyQt6_Qt6_qml_QtQuick3D --> node_venv_lib_python3_12_site-packages_PyQt6_Qt6_qml_QtQuick3D_Particles3D["Particles3D"]\n    node_venv_lib_python3_12_site-packages_PyQt6_Qt6_qml_QtQuick3D_Particles3D --> node_venv_lib_python3_12_site-packages_PyQt6_Qt6_qml_QtQuick3D_Particles3D_designer["designer"]\n    node_venv_lib_python3_12_site-packages_PyQt6_Qt6_qml_QtQuick3D_Particles3D_designer --> node_venv_lib_python3_12_site-packages_PyQt6_Qt6_qml_QtQuick3D_Particles3D_designer_images["images"]\n    node_venv_lib_python3_12_site-packages_PyQt6_Qt6_qml_QtQuick3D_Particles3D_designer_images --> node_venv_lib_python3_12_site-packages_PyQt6_Qt6_qml_QtQuick3D_Particles3D_designer_images_sprite-particle-16px_png["sprite-particle-16px.png"]\n    Root --> node_venv["venv"]\n    node_venv --> node_venv_lib["lib"]\n    node_venv_lib --> node_venv_lib_python3_12["python3.12"]\n    node_venv_lib_python3_12 --> node_venv_lib_python3_12_site-packages["site-packages"]\n    node_venv_lib_python3_12_site-packages --> node_venv_lib_python3_12_site-packages_PyQt6["PyQt6"]\n    node_venv_lib_python3_12_site-packages_PyQt6 --> node_venv_lib_python3_12_site-packages_PyQt6_Qt6["Qt6"]\n    node_venv_lib_python3_12_site-packages_PyQt6_Qt6 --> node_venv_lib_python3_12_site-packages_PyQt6_Qt6_qml["qml"]\n    node_venv_lib_python3_12_site-packages_PyQt6_Qt6_qml --> node_venv_lib_python3_12_site-packages_PyQt6_Qt6_qml_QtQuick3D["QtQuick3D"]\n    node_venv_lib_python3_12_site-packages_PyQt6_Qt6_qml_QtQuick3D --> node_venv_lib_python3_12_site-packages_PyQt6_Qt6_qml_QtQuick3D_Particles3D["Particles3D"]\n    node_venv_lib_python3_12_site-packages_PyQt6_Qt6_qml_QtQuick3D_Particles3D --> node_venv_lib_python3_12_site-packages_PyQt6_Qt6_qml_QtQuick3D_Particles3D_designer["designer"]\n    node_venv_lib_python3_12_site-packages_PyQt6_Qt6_qml_QtQuick3D_Particles3D_designer --> node_venv_lib_python3_12_site-packages_PyQt6_Qt6_qml_QtQuick3D_Particles3D_designer_images["images"]\n    node_venv_lib_python3_12_site-packages_PyQt6_Qt6_qml_QtQuick3D_Particles3D_designer_images --> node_venv_lib_python3_12_site-packages_PyQt6_Qt6_qml_QtQuick3D_Particles3D_designer_images_sprite-particle-24px_png["sprite-particle-24px.png"]\n    Root --> node_venv["venv"]\n    node_venv --> node_venv_lib["lib"]\n    node_venv_lib --> node_venv_lib_python3_12["python3.12"]\n    node_venv_lib_python3_12 --> node_venv_lib_python3_12_site-packages["site-packages"]\n    node_venv_lib_python3_12_site-packages --> node_venv_lib_python3_12_site-packages_PyQt6["PyQt6"]\n    node_venv_lib_python3_12_site-packages_PyQt6 --> node_venv_lib_python3_12_site-packages_PyQt6_Qt6["Qt6"]\n    node_venv_lib_python3_12_site-packages_PyQt6_Qt6 --> node_venv_lib_python3_12_site-packages_PyQt6_Qt6_qml["qml"]\n    node_venv_lib_python3_12_site-packages_PyQt6_Qt6_qml --> node_venv_lib_python3_12_site-packages_PyQt6_Qt6_qml_QtQuick3D["QtQuick3D"]\n    node_venv_lib_python3_12_site-packages_PyQt6_Qt6_qml_QtQuick3D --> node_venv_lib_python3_12_site-packages_PyQt6_Qt6_qml_QtQuick3D_Particles3D["Particles3D"]\n    node_venv_lib_python3_12_site-packages_PyQt6_Qt6_qml_QtQuick3D_Particles3D --> node_venv_lib_python3_12_site-packages_PyQt6_Qt6_qml_QtQuick3D_Particles3D_designer["designer"]\n    node_venv_lib_python3_12_site-packages_PyQt6_Qt6_qml_QtQuick3D_Particles3D_designer --> node_venv_lib_python3_12_site-packages_PyQt6_Qt6_qml_QtQuick3D_Particles3D_designer_images["images"]\n    node_venv_lib_python3_12_site-packages_PyQt6_Qt6_qml_QtQuick3D_Particles3D_designer_images --> node_venv_lib_python3_12_site-packages_PyQt6_Qt6_qml_QtQuick3D_Particles3D_designer_images_sprite-particle-24px@2x_png["sprite-particle-24px@2x.png"]\n    Root --> node_venv["venv"]\n    node_venv --> node_venv_lib["lib"]\n    node_venv_lib --> node_venv_lib_python3_12["python3.12"]\n    node_venv_lib_python3_12 --> node_venv_lib_python3_12_site-packages["site-packages"]\n    node_venv_lib_python3_12_site-packages --> node_venv_lib_python3_12_site-packages_PyQt6["PyQt6"]\n    node_venv_lib_python3_12_site-packages_PyQt6 --> node_venv_lib_python3_12_site-packages_PyQt6_Qt6["Qt6"]\n    node_venv_lib_python3_12_site-packages_PyQt6_Qt6 --> node_venv_lib_python3_12_site-packages_PyQt6_Qt6_qml["qml"]\n    node_venv_lib_python3_12_site-packages_PyQt6_Qt6_qml --> node_venv_lib_python3_12_site-packages_PyQt6_Qt6_qml_QtQuick3D["QtQuick3D"]\n    node_venv_lib_python3_12_site-packages_PyQt6_Qt6_qml_QtQuick3D --> node_venv_lib_python3_12_site-packages_PyQt6_Qt6_qml_QtQuick3D_Particles3D["Particles3D"]\n    node_venv_lib_python3_12_site-packages_PyQt6_Qt6_qml_QtQuick3D_Particles3D --> node_venv_lib_python3_12_site-packages_PyQt6_Qt6_qml_QtQuick3D_Particles3D_designer["designer"]\n    node_venv_lib_python3_12_site-packages_PyQt6_Qt6_qml_QtQuick3D_Particles3D_designer --> node_venv_lib_python3_12_site-packages_PyQt6_Qt6_qml_QtQuick3D_Particles3D_designer_images["images"]\n    node_venv_lib_python3_12_site-packages_PyQt6_Qt6_qml_QtQuick3D_Particles3D_designer_images --> node_venv_lib_python3_12_site-packages_PyQt6_Qt6_qml_QtQuick3D_Particles3D_designer_images_sprite-sequence-16px_png["sprite-sequence-16px.png"]\n    Root --> node_venv["venv"]\n    node_venv --> node_venv_lib["lib"]\n    node_venv_lib --> node_venv_lib_python3_12["python3.12"]\n    node_venv_lib_python3_12 --> node_venv_lib_python3_12_site-packages["site-packages"]\n    node_venv_lib_python3_12_site-packages --> node_venv_lib_python3_12_site-packages_PyQt6["PyQt6"]\n    node_venv_lib_python3_12_site-packages_PyQt6 --> node_venv_lib_python3_12_site-packages_PyQt6_Qt6["Qt6"]\n    node_venv_lib_python3_12_site-packages_PyQt6_Qt6 --> node_venv_lib_python3_12_site-packages_PyQt6_Qt6_qml["qml"]\n    node_venv_lib_python3_12_site-packages_PyQt6_Qt6_qml --> node_venv_lib_python3_12_site-packages_PyQt6_Qt6_qml_QtQuick3D["QtQuick3D"]\n    node_venv_lib_python3_12_site-packages_PyQt6_Qt6_qml_QtQuick3D --> node_venv_lib_python3_12_site-packages_PyQt6_Qt6_qml_QtQuick3D_Particles3D["Particles3D"]\n    node_venv_lib_python3_12_site-packages_PyQt6_Qt6_qml_QtQuick3D_Particles3D --> node_venv_lib_python3_12_site-packages_PyQt6_Qt6_qml_QtQuick3D_Particles3D_designer["designer"]\n    node_venv_lib_python3_12_site-packages_PyQt6_Qt6_qml_QtQuick3D_Particles3D_designer --> node_venv_lib_python3_12_site-packages_PyQt6_Qt6_qml_QtQuick3D_Particles3D_designer_images["images"]\n    node_venv_lib_python3_12_site-packages_PyQt6_Qt6_qml_QtQuick3D_Particles3D_designer_images --> node_venv_lib_python3_12_site-packages_PyQt6_Qt6_qml_QtQuick3D_Particles3D_designer_images_sprite-sequence-24px_png["sprite-sequence-24px.png"]\n    Root --> node_venv["venv"]\n    node_venv --> node_venv_lib["lib"]\n    node_venv_lib --> node_venv_lib_python3_12["python3.12"]\n    node_venv_lib_python3_12 --> node_venv_lib_python3_12_site-packages["site-packages"]\n    node_venv_lib_python3_12_site-packages --> node_venv_lib_python3_12_site-packages_PyQt6["PyQt6"]\n    node_venv_lib_python3_12_site-packages_PyQt6 --> node_venv_lib_python3_12_site-packages_PyQt6_Qt6["Qt6"]\n    node_venv_lib_python3_12_site-packages_PyQt6_Qt6 --> node_venv_lib_python3_12_site-packages_PyQt6_Qt6_qml["qml"]\n    node_venv_lib_python3_12_site-packages_PyQt6_Qt6_qml --> node_venv_lib_python3_12_site-packages_PyQt6_Qt6_qml_QtQuick3D["QtQuick3D"]\n    node_venv_lib_python3_12_site-packages_PyQt6_Qt6_qml_QtQuick3D --> node_venv_lib_python3_12_site-packages_PyQt6_Qt6_qml_QtQuick3D_Particles3D["Particles3D"]\n    node_venv_lib_python3_12_site-packages_PyQt6_Qt6_qml_QtQuick3D_Particles3D --> node_venv_lib_python3_12_site-packages_PyQt6_Qt6_qml_QtQuick3D_Particles3D_designer["designer"]\n    node_venv_lib_python3_12_site-packages_PyQt6_Qt6_qml_QtQuick3D_Particles3D_designer --> node_venv_lib_python3_12_site-packages_PyQt6_Qt6_qml_QtQuick3D_Particles3D_designer_images["images"]\n    node_venv_lib_python3_12_site-packages_PyQt6_Qt6_qml_QtQuick3D_Particles3D_designer_images --> node_venv_lib_python3_12_site-packages_PyQt6_Qt6_qml_QtQuick3D_Particles3D_designer_images_sprite-sequence-24px@2x_png["sprite-sequence-24px@2x.png"]\n    Root --> node_venv["venv"]\n    node_venv --> node_venv_lib["lib"]\n    node_venv_lib --> node_venv_lib_python3_12["python3.12"]\n    node_venv_lib_python3_12 --> node_venv_lib_python3_12_site-packages["site-packages"]\n    node_venv_lib_python3_12_site-packages --> node_venv_lib_python3_12_site-packages_PyQt6["PyQt6"]\n    node_venv_lib_python3_12_site-packages_PyQt6 --> node_venv_lib_python3_12_site-packages_PyQt6_Qt6["Qt6"]\n    node_venv_lib_python3_12_site-packages_PyQt6_Qt6 --> node_venv_lib_python3_12_site-packages_PyQt6_Qt6_qml["qml"]\n    node_venv_lib_python3_12_site-packages_PyQt6_Qt6_qml --> node_venv_lib_python3_12_site-packages_PyQt6_Qt6_qml_QtQuick3D["QtQuick3D"]\n    node_venv_lib_python3_12_site-packages_PyQt6_Qt6_qml_QtQuick3D --> node_venv_lib_python3_12_site-packages_PyQt6_Qt6_qml_QtQuick3D_Particles3D["Particles3D"]\n    node_venv_lib_python3_12_site-packages_PyQt6_Qt6_qml_QtQuick3D_Particles3D --> node_venv_lib_python3_12_site-packages_PyQt6_Qt6_qml_QtQuick3D_Particles3D_designer["designer"]\n    node_venv_lib_python3_12_site-packages_PyQt6_Qt6_qml_QtQuick3D_Particles3D_designer --> node_venv_lib_python3_12_site-packages_PyQt6_Qt6_qml_QtQuick3D_Particles3D_designer_images["images"]\n    node_venv_lib_python3_12_site-packages_PyQt6_Qt6_qml_QtQuick3D_Particles3D_designer_images --> node_venv_lib_python3_12_site-packages_PyQt6_Qt6_qml_QtQuick3D_Particles3D_designer_images_target-direction-16px_png["target-direction-16px.png"]\n    Root --> node_venv["venv"]\n    node_venv --> node_venv_lib["lib"]\n    node_venv_lib --> node_venv_lib_python3_12["python3.12"]\n    node_venv_lib_python3_12 --> node_venv_lib_python3_12_site-packages["site-packages"]\n    node_venv_lib_python3_12_site-packages --> node_venv_lib_python3_12_site-packages_PyQt6["PyQt6"]\n    node_venv_lib_python3_12_site-packages_PyQt6 --> node_venv_lib_python3_12_site-packages_PyQt6_Qt6["Qt6"]\n    node_venv_lib_python3_12_site-packages_PyQt6_Qt6 --> node_venv_lib_python3_12_site-packages_PyQt6_Qt6_qml["qml"]\n    node_venv_lib_python3_12_site-packages_PyQt6_Qt6_qml --> node_venv_lib_python3_12_site-packages_PyQt6_Qt6_qml_QtQuick3D["QtQuick3D"]\n    node_venv_lib_python3_12_site-packages_PyQt6_Qt6_qml_QtQuick3D --> node_venv_lib_python3_12_site-packages_PyQt6_Qt6_qml_QtQuick3D_Particles3D["Particles3D"]\n    node_venv_lib_python3_12_site-packages_PyQt6_Qt6_qml_QtQuick3D_Particles3D --> node_venv_lib_python3_12_site-packages_PyQt6_Qt6_qml_QtQuick3D_Particles3D_designer["designer"]\n    node_venv_lib_python3_12_site-packages_PyQt6_Qt6_qml_QtQuick3D_Particles3D_designer --> node_venv_lib_python3_12_site-packages_PyQt6_Qt6_qml_QtQuick3D_Particles3D_designer_images["images"]\n    node_venv_lib_python3_12_site-packages_PyQt6_Qt6_qml_QtQuick3D_Particles3D_designer_images --> node_venv_lib_python3_12_site-packages_PyQt6_Qt6_qml_QtQuick3D_Particles3D_designer_images_target-direction-24px_png["target-direction-24px.png"]\n    Root --> node_venv["venv"]\n    node_venv --> node_venv_lib["lib"]\n    node_venv_lib --> node_venv_lib_python3_12["python3.12"]\n    node_venv_lib_python3_12 --> node_venv_lib_python3_12_site-packages["site-packages"]\n    node_venv_lib_python3_12_site-packages --> node_venv_lib_python3_12_site-packages_PyQt6["PyQt6"]\n    node_venv_lib_python3_12_site-packages_PyQt6 --> node_venv_lib_python3_12_site-packages_PyQt6_Qt6["Qt6"]\n    node_venv_lib_python3_12_site-packages_PyQt6_Qt6 --> node_venv_lib_python3_12_site-packages_PyQt6_Qt6_qml["qml"]\n    node_venv_lib_python3_12_site-packages_PyQt6_Qt6_qml --> node_venv_lib_python3_12_site-packages_PyQt6_Qt6_qml_QtQuick3D["QtQuick3D"]\n    node_venv_lib_python3_12_site-packages_PyQt6_Qt6_qml_QtQuick3D --> node_venv_lib_python3_12_site-packages_PyQt6_Qt6_qml_QtQuick3D_Particles3D["Particles3D"]\n    node_venv_lib_python3_12_site-packages_PyQt6_Qt6_qml_QtQuick3D_Particles3D --> node_venv_lib_python3_12_site-packages_PyQt6_Qt6_qml_QtQuick3D_Particles3D_designer["designer"]\n    node_venv_lib_python3_12_site-packages_PyQt6_Qt6_qml_QtQuick3D_Particles3D_designer --> node_venv_lib_python3_12_site-packages_PyQt6_Qt6_qml_QtQuick3D_Particles3D_designer_images["images"]\n    node_venv_lib_python3_12_site-packages_PyQt6_Qt6_qml_QtQuick3D_Particles3D_designer_images --> node_venv_lib_python3_12_site-packages_PyQt6_Qt6_qml_QtQuick3D_Particles3D_designer_images_target-direction-24px@2x_png["target-direction-24px@2x.png"]\n    Root --> node_venv["venv"]\n    node_venv --> node_venv_lib["lib"]\n    node_venv_lib --> node_venv_lib_python3_12["python3.12"]\n    node_venv_lib_python3_12 --> node_venv_lib_python3_12_site-packages["site-packages"]\n    node_venv_lib_python3_12_site-packages --> node_venv_lib_python3_12_site-packages_PyQt6["PyQt6"]\n    node_venv_lib_python3_12_site-packages_PyQt6 --> node_venv_lib_python3_12_site-packages_PyQt6_Qt6["Qt6"]\n    node_venv_lib_python3_12_site-packages_PyQt6_Qt6 --> node_venv_lib_python3_12_site-packages_PyQt6_Qt6_qml["qml"]\n    node_venv_lib_python3_12_site-packages_PyQt6_Qt6_qml --> node_venv_lib_python3_12_site-packages_PyQt6_Qt6_qml_QtQuick3D["QtQuick3D"]\n    node_venv_lib_python3_12_site-packages_PyQt6_Qt6_qml_QtQuick3D --> node_venv_lib_python3_12_site-packages_PyQt6_Qt6_qml_QtQuick3D_Particles3D["Particles3D"]\n    node_venv_lib_python3_12_site-packages_PyQt6_Qt6_qml_QtQuick3D_Particles3D --> node_venv_lib_python3_12_site-packages_PyQt6_Qt6_qml_QtQuick3D_Particles3D_designer["designer"]\n    node_venv_lib_python3_12_site-packages_PyQt6_Qt6_qml_QtQuick3D_Particles3D_designer --> node_venv_lib_python3_12_site-packages_PyQt6_Qt6_qml_QtQuick3D_Particles3D_designer_images["images"]\n    node_venv_lib_python3_12_site-packages_PyQt6_Qt6_qml_QtQuick3D_Particles3D_designer_images --> node_venv_lib_python3_12_site-packages_PyQt6_Qt6_qml_QtQuick3D_Particles3D_designer_images_trail-emitter-16px_png["trail-emitter-16px.png"]\n    Root --> node_venv["venv"]\n    node_venv --> node_venv_lib["lib"]\n    node_venv_lib --> node_venv_lib_python3_12["python3.12"]\n    node_venv_lib_python3_12 --> node_venv_lib_python3_12_site-packages["site-packages"]\n    node_venv_lib_python3_12_site-packages --> node_venv_lib_python3_12_site-packages_PyQt6["PyQt6"]\n    node_venv_lib_python3_12_site-packages_PyQt6 --> node_venv_lib_python3_12_site-packages_PyQt6_Qt6["Qt6"]\n    node_venv_lib_python3_12_site-packages_PyQt6_Qt6 --> node_venv_lib_python3_12_site-packages_PyQt6_Qt6_qml["qml"]\n    node_venv_lib_python3_12_site-packages_PyQt6_Qt6_qml --> node_venv_lib_python3_12_site-packages_PyQt6_Qt6_qml_QtQuick3D["QtQuick3D"]\n    node_venv_lib_python3_12_site-packages_PyQt6_Qt6_qml_QtQuick3D --> node_venv_lib_python3_12_site-packages_PyQt6_Qt6_qml_QtQuick3D_Particles3D["Particles3D"]\n    node_venv_lib_python3_12_site-packages_PyQt6_Qt6_qml_QtQuick3D_Particles3D --> node_venv_lib_python3_12_site-packages_PyQt6_Qt6_qml_QtQuick3D_Particles3D_designer["designer"]\n    node_venv_lib_python3_12_site-packages_PyQt6_Qt6_qml_QtQuick3D_Particles3D_designer --> node_venv_lib_python3_12_site-packages_PyQt6_Qt6_qml_QtQuick3D_Particles3D_designer_images["images"]\n    node_venv_lib_python3_12_site-packages_PyQt6_Qt6_qml_QtQuick3D_Particles3D_designer_images --> node_venv_lib_python3_12_site-packages_PyQt6_Qt6_qml_QtQuick3D_Particles3D_designer_images_trail-emitter-24px_png["trail-emitter-24px.png"]\n    Root --> node_venv["venv"]\n    node_venv --> node_venv_lib["lib"]\n    node_venv_lib --> node_venv_lib_python3_12["python3.12"]\n    node_venv_lib_python3_12 --> node_venv_lib_python3_12_site-packages["site-packages"]\n    node_venv_lib_python3_12_site-packages --> node_venv_lib_python3_12_site-packages_PyQt6["PyQt6"]\n    node_venv_lib_python3_12_site-packages_PyQt6 --> node_venv_lib_python3_12_site-packages_PyQt6_Qt6["Qt6"]\n    node_venv_lib_python3_12_site-packages_PyQt6_Qt6 --> node_venv_lib_python3_12_site-packages_PyQt6_Qt6_qml["qml"]\n    node_venv_lib_python3_12_site-packages_PyQt6_Qt6_qml --> node_venv_lib_python3_12_site-packages_PyQt6_Qt6_qml_QtQuick3D["QtQuick3D"]\n    node_venv_lib_python3_12_site-packages_PyQt6_Qt6_qml_QtQuick3D --> node_venv_lib_python3_12_site-packages_PyQt6_Qt6_qml_QtQuick3D_Particles3D["Particles3D"]\n    node_venv_lib_python3_12_site-packages_PyQt6_Qt6_qml_QtQuick3D_Particles3D --> node_venv_lib_python3_12_site-packages_PyQt6_Qt6_qml_QtQuick3D_Particles3D_designer["designer"]\n    node_venv_lib_python3_12_site-packages_PyQt6_Qt6_qml_QtQuick3D_Particles3D_designer --> node_venv_lib_python3_12_site-packages_PyQt6_Qt6_qml_QtQuick3D_Particles3D_designer_images["images"]\n    node_venv_lib_python3_12_site-packages_PyQt6_Qt6_qml_QtQuick3D_Particles3D_designer_images --> node_venv_lib_python3_12_site-packages_PyQt6_Qt6_qml_QtQuick3D_Particles3D_designer_images_trail-emitter-24px@2x_png["trail-emitter-24px@2x.png"]\n    Root --> node_venv["venv"]\n    node_venv --> node_venv_lib["lib"]\n    node_venv_lib --> node_venv_lib_python3_12["python3.12"]\n    node_venv_lib_python3_12 --> node_venv_lib_python3_12_site-packages["site-packages"]\n    node_venv_lib_python3_12_site-packages --> node_venv_lib_python3_12_site-packages_PyQt6["PyQt6"]\n    node_venv_lib_python3_12_site-packages_PyQt6 --> node_venv_lib_python3_12_site-packages_PyQt6_Qt6["Qt6"]\n    node_venv_lib_python3_12_site-packages_PyQt6_Qt6 --> node_venv_lib_python3_12_site-packages_PyQt6_Qt6_qml["qml"]\n    node_venv_lib_python3_12_site-packages_PyQt6_Qt6_qml --> node_venv_lib_python3_12_site-packages_PyQt6_Qt6_qml_QtQuick3D["QtQuick3D"]\n    node_venv_lib_python3_12_site-packages_PyQt6_Qt6_qml_QtQuick3D --> node_venv_lib_python3_12_site-packages_PyQt6_Qt6_qml_QtQuick3D_Particles3D["Particles3D"]\n    node_venv_lib_python3_12_site-packages_PyQt6_Qt6_qml_QtQuick3D_Particles3D --> node_venv_lib_python3_12_site-packages_PyQt6_Qt6_qml_QtQuick3D_Particles3D_designer["designer"]\n    node_venv_lib_python3_12_site-packages_PyQt6_Qt6_qml_QtQuick3D_Particles3D_designer --> node_venv_lib_python3_12_site-packages_PyQt6_Qt6_qml_QtQuick3D_Particles3D_designer_images["images"]\n    node_venv_lib_python3_12_site-packages_PyQt6_Qt6_qml_QtQuick3D_Particles3D_designer_images --> node_venv_lib_python3_12_site-packages_PyQt6_Qt6_qml_QtQuick3D_Particles3D_designer_images_vector-direction-16px_png["vector-direction-16px.png"]\n    Root --> node_venv["venv"]\n    node_venv --> node_venv_lib["lib"]\n    node_venv_lib --> node_venv_lib_python3_12["python3.12"]\n    node_venv_lib_python3_12 --> node_venv_lib_python3_12_site-packages["site-packages"]\n    node_venv_lib_python3_12_site-packages --> node_venv_lib_python3_12_site-packages_PyQt6["PyQt6"]\n    node_venv_lib_python3_12_site-packages_PyQt6 --> node_venv_lib_python3_12_site-packages_PyQt6_Qt6["Qt6"]\n    node_venv_lib_python3_12_site-packages_PyQt6_Qt6 --> node_venv_lib_python3_12_site-packages_PyQt6_Qt6_qml["qml"]\n    node_venv_lib_python3_12_site-packages_PyQt6_Qt6_qml --> node_venv_lib_python3_12_site-packages_PyQt6_Qt6_qml_QtQuick3D["QtQuick3D"]\n    node_venv_lib_python3_12_site-packages_PyQt6_Qt6_qml_QtQuick3D --> node_venv_lib_python3_12_site-packages_PyQt6_Qt6_qml_QtQuick3D_Particles3D["Particles3D"]\n    node_venv_lib_python3_12_site-packages_PyQt6_Qt6_qml_QtQuick3D_Particles3D --> node_venv_lib_python3_12_site-packages_PyQt6_Qt6_qml_QtQuick3D_Particles3D_designer["designer"]\n    node_venv_lib_python3_12_site-packages_PyQt6_Qt6_qml_QtQuick3D_Particles3D_designer --> node_venv_lib_python3_12_site-packages_PyQt6_Qt6_qml_QtQuick3D_Particles3D_designer_images["images"]\n    node_venv_lib_python3_12_site-packages_PyQt6_Qt6_qml_QtQuick3D_Particles3D_designer_images --> node_venv_lib_python3_12_site-packages_PyQt6_Qt6_qml_QtQuick3D_Particles3D_designer_images_vector-direction-24px_png["vector-direction-24px.png"]\n    Root --> node_venv["venv"]\n    node_venv --> node_venv_lib["lib"]\n    node_venv_lib --> node_venv_lib_python3_12["python3.12"]\n    node_venv_lib_python3_12 --> node_venv_lib_python3_12_site-packages["site-packages"]\n    node_venv_lib_python3_12_site-packages --> node_venv_lib_python3_12_site-packages_PyQt6["PyQt6"]\n    node_venv_lib_python3_12_site-packages_PyQt6 --> node_venv_lib_python3_12_site-packages_PyQt6_Qt6["Qt6"]\n    node_venv_lib_python3_12_site-packages_PyQt6_Qt6 --> node_venv_lib_python3_12_site-packages_PyQt6_Qt6_qml["qml"]\n    node_venv_lib_python3_12_site-packages_PyQt6_Qt6_qml --> node_venv_lib_python3_12_site-packages_PyQt6_Qt6_qml_QtQuick3D["QtQuick3D"]\n    node_venv_lib_python3_12_site-packages_PyQt6_Qt6_qml_QtQuick3D --> node_venv_lib_python3_12_site-packages_PyQt6_Qt6_qml_QtQuick3D_Particles3D["Particles3D"]\n    node_venv_lib_python3_12_site-packages_PyQt6_Qt6_qml_QtQuick3D_Particles3D --> node_venv_lib_python3_12_site-packages_PyQt6_Qt6_qml_QtQuick3D_Particles3D_designer["designer"]\n    node_venv_lib_python3_12_site-packages_PyQt6_Qt6_qml_QtQuick3D_Particles3D_designer --> node_venv_lib_python3_12_site-packages_PyQt6_Qt6_qml_QtQuick3D_Particles3D_designer_images["images"]\n    node_venv_lib_python3_12_site-packages_PyQt6_Qt6_qml_QtQuick3D_Particles3D_designer_images --> node_venv_lib_python3_12_site-packages_PyQt6_Qt6_qml_QtQuick3D_Particles3D_designer_images_vector-direction-24px@2x_png["vector-direction-24px@2x.png"]\n    Root --> node_venv["venv"]\n    node_venv --> node_venv_lib["lib"]\n    node_venv_lib --> node_venv_lib_python3_12["python3.12"]\n    node_venv_lib_python3_12 --> node_venv_lib_python3_12_site-packages["site-packages"]\n    node_venv_lib_python3_12_site-packages --> node_venv_lib_python3_12_site-packages_PyQt6["PyQt6"]\n    node_venv_lib_python3_12_site-packages_PyQt6 --> node_venv_lib_python3_12_site-packages_PyQt6_Qt6["Qt6"]\n    node_venv_lib_python3_12_site-packages_PyQt6_Qt6 --> node_venv_lib_python3_12_site-packages_PyQt6_Qt6_qml["qml"]\n    node_venv_lib_python3_12_site-packages_PyQt6_Qt6_qml --> node_venv_lib_python3_12_site-packages_PyQt6_Qt6_qml_QtQuick3D["QtQuick3D"]\n    node_venv_lib_python3_12_site-packages_PyQt6_Qt6_qml_QtQuick3D --> node_venv_lib_python3_12_site-packages_PyQt6_Qt6_qml_QtQuick3D_Particles3D["Particles3D"]\n    node_venv_lib_python3_12_site-packages_PyQt6_Qt6_qml_QtQuick3D_Particles3D --> node_venv_lib_python3_12_site-packages_PyQt6_Qt6_qml_QtQuick3D_Particles3D_designer["designer"]\n    node_venv_lib_python3_12_site-packages_PyQt6_Qt6_qml_QtQuick3D_Particles3D_designer --> node_venv_lib_python3_12_site-packages_PyQt6_Qt6_qml_QtQuick3D_Particles3D_designer_images["images"]\n    node_venv_lib_python3_12_site-packages_PyQt6_Qt6_qml_QtQuick3D_Particles3D_designer_images --> node_venv_lib_python3_12_site-packages_PyQt6_Qt6_qml_QtQuick3D_Particles3D_designer_images_wander-16px_png["wander-16px.png"]\n    Root --> node_venv["venv"]\n    node_venv --> node_venv_lib["lib"]\n    node_venv_lib --> node_venv_lib_python3_12["python3.12"]\n    node_venv_lib_python3_12 --> node_venv_lib_python3_12_site-packages["site-packages"]\n    node_venv_lib_python3_12_site-packages --> node_venv_lib_python3_12_site-packages_PyQt6["PyQt6"]\n    node_venv_lib_python3_12_site-packages_PyQt6 --> node_venv_lib_python3_12_site-packages_PyQt6_Qt6["Qt6"]\n    node_venv_lib_python3_12_site-packages_PyQt6_Qt6 --> node_venv_lib_python3_12_site-packages_PyQt6_Qt6_qml["qml"]\n    node_venv_lib_python3_12_site-packages_PyQt6_Qt6_qml --> node_venv_lib_python3_12_site-packages_PyQt6_Qt6_qml_QtQuick3D["QtQuick3D"]\n    node_venv_lib_python3_12_site-packages_PyQt6_Qt6_qml_QtQuick3D --> node_venv_lib_python3_12_site-packages_PyQt6_Qt6_qml_QtQuick3D_Particles3D["Particles3D"]\n    node_venv_lib_python3_12_site-packages_PyQt6_Qt6_qml_QtQuick3D_Particles3D --> node_venv_lib_python3_12_site-packages_PyQt6_Qt6_qml_QtQuick3D_Particles3D_designer["designer"]\n    node_venv_lib_python3_12_site-packages_PyQt6_Qt6_qml_QtQuick3D_Particles3D_designer --> node_venv_lib_python3_12_site-packages_PyQt6_Qt6_qml_QtQuick3D_Particles3D_designer_images["images"]\n    node_venv_lib_python3_12_site-packages_PyQt6_Qt6_qml_QtQuick3D_Particles3D_designer_images --> node_venv_lib_python3_12_site-packages_PyQt6_Qt6_qml_QtQuick3D_Particles3D_designer_images_wander-24px_png["wander-24px.png"]\n    Root --> node_venv["venv"]\n    node_venv --> node_venv_lib["lib"]\n    node_venv_lib --> node_venv_lib_python3_12["python3.12"]\n    node_venv_lib_python3_12 --> node_venv_lib_python3_12_site-packages["site-packages"]\n    node_venv_lib_python3_12_site-packages --> node_venv_lib_python3_12_site-packages_PyQt6["PyQt6"]\n    node_venv_lib_python3_12_site-packages_PyQt6 --> node_venv_lib_python3_12_site-packages_PyQt6_Qt6["Qt6"]\n    node_venv_lib_python3_12_site-packages_PyQt6_Qt6 --> node_venv_lib_python3_12_site-packages_PyQt6_Qt6_qml["qml"]\n    node_venv_lib_python3_12_site-packages_PyQt6_Qt6_qml --> node_venv_lib_python3_12_site-packages_PyQt6_Qt6_qml_QtQuick3D["QtQuick3D"]\n    node_venv_lib_python3_12_site-packages_PyQt6_Qt6_qml_QtQuick3D --> node_venv_lib_python3_12_site-packages_PyQt6_Qt6_qml_QtQuick3D_Particles3D["Particles3D"]\n    node_venv_lib_python3_12_site-packages_PyQt6_Qt6_qml_QtQuick3D_Particles3D --> node_venv_lib_python3_12_site-packages_PyQt6_Qt6_qml_QtQuick3D_Particles3D_designer["designer"]\n    node_venv_lib_python3_12_site-packages_PyQt6_Qt6_qml_QtQuick3D_Particles3D_designer --> node_venv_lib_python3_12_site-packages_PyQt6_Qt6_qml_QtQuick3D_Particles3D_designer_images["images"]\n    node_venv_lib_python3_12_site-packages_PyQt6_Qt6_qml_QtQuick3D_Particles3D_designer_images --> node_venv_lib_python3_12_site-packages_PyQt6_Qt6_qml_QtQuick3D_Particles3D_designer_images_wander-24px@2x_png["wander-24px@2x.png"]\n    Root --> node_venv["venv"]\n    node_venv --> node_venv_lib["lib"]\n    node_venv_lib --> node_venv_lib_python3_12["python3.12"]\n    node_venv_lib_python3_12 --> node_venv_lib_python3_12_site-packages["site-packages"]\n    node_venv_lib_python3_12_site-packages --> node_venv_lib_python3_12_site-packages_PyQt6["PyQt6"]\n    node_venv_lib_python3_12_site-packages_PyQt6 --> node_venv_lib_python3_12_site-packages_PyQt6_Qt6["Qt6"]\n    node_venv_lib_python3_12_site-packages_PyQt6_Qt6 --> node_venv_lib_python3_12_site-packages_PyQt6_Qt6_qml["qml"]\n    node_venv_lib_python3_12_site-packages_PyQt6_Qt6_qml --> node_venv_lib_python3_12_site-packages_PyQt6_Qt6_qml_QtQuick3D["QtQuick3D"]\n    node_venv_lib_python3_12_site-packages_PyQt6_Qt6_qml_QtQuick3D --> node_venv_lib_python3_12_site-packages_PyQt6_Qt6_qml_QtQuick3D_Particles3D["Particles3D"]\n    node_venv_lib_python3_12_site-packages_PyQt6_Qt6_qml_QtQuick3D_Particles3D --> node_venv_lib_python3_12_site-packages_PyQt6_Qt6_qml_QtQuick3D_Particles3D_designer["designer"]\n    node_venv_lib_python3_12_site-packages_PyQt6_Qt6_qml_QtQuick3D_Particles3D_designer --> node_venv_lib_python3_12_site-packages_PyQt6_Qt6_qml_QtQuick3D_Particles3D_designer_source["source"]\n    node_venv_lib_python3_12_site-packages_PyQt6_Qt6_qml_QtQuick3D_Particles3D_designer_source --> node_venv_lib_python3_12_site-packages_PyQt6_Qt6_qml_QtQuick3D_Particles3D_designer_source_particlesystem_animatedsprite_template_qml["particlesystem_animatedsprite_template.qml"]\n    Root --> node_venv["venv"]\n    node_venv --> node_venv_lib["lib"]\n    node_venv_lib --> node_venv_lib_python3_12["python3.12"]\n    node_venv_lib_python3_12 --> node_venv_lib_python3_12_site-packages["site-packages"]\n    node_venv_lib_python3_12_site-packages --> node_venv_lib_python3_12_site-packages_PyQt6["PyQt6"]\n    node_venv_lib_python3_12_site-packages_PyQt6 --> node_venv_lib_python3_12_site-packages_PyQt6_Qt6["Qt6"]\n    node_venv_lib_python3_12_site-packages_PyQt6_Qt6 --> node_venv_lib_python3_12_site-packages_PyQt6_Qt6_qml["qml"]\n    node_venv_lib_python3_12_site-packages_PyQt6_Qt6_qml --> node_venv_lib_python3_12_site-packages_PyQt6_Qt6_qml_QtQuick3D["QtQuick3D"]\n    node_venv_lib_python3_12_site-packages_PyQt6_Qt6_qml_QtQuick3D --> node_venv_lib_python3_12_site-packages_PyQt6_Qt6_qml_QtQuick3D_Particles3D["Particles3D"]\n    node_venv_lib_python3_12_site-packages_PyQt6_Qt6_qml_QtQuick3D_Particles3D --> node_venv_lib_python3_12_site-packages_PyQt6_Qt6_qml_QtQuick3D_Particles3D_designer["designer"]\n    node_venv_lib_python3_12_site-packages_PyQt6_Qt6_qml_QtQuick3D_Particles3D_designer --> node_venv_lib_python3_12_site-packages_PyQt6_Qt6_qml_QtQuick3D_Particles3D_designer_source["source"]\n    node_venv_lib_python3_12_site-packages_PyQt6_Qt6_qml_QtQuick3D_Particles3D_designer_source --> node_venv_lib_python3_12_site-packages_PyQt6_Qt6_qml_QtQuick3D_Particles3D_designer_source_particlesystem_attractor_template_qml["particlesystem_attractor_template.qml"]\n    Root --> node_venv["venv"]\n    node_venv --> node_venv_lib["lib"]\n    node_venv_lib --> node_venv_lib_python3_12["python3.12"]\n    node_venv_lib_python3_12 --> node_venv_lib_python3_12_site-packages["site-packages"]\n    node_venv_lib_python3_12_site-packages --> node_venv_lib_python3_12_site-packages_PyQt6["PyQt6"]\n    node_venv_lib_python3_12_site-packages_PyQt6 --> node_venv_lib_python3_12_site-packages_PyQt6_Qt6["Qt6"]\n    node_venv_lib_python3_12_site-packages_PyQt6_Qt6 --> node_venv_lib_python3_12_site-packages_PyQt6_Qt6_qml["qml"]\n    node_venv_lib_python3_12_site-packages_PyQt6_Qt6_qml --> node_venv_lib_python3_12_site-packages_PyQt6_Qt6_qml_QtQuick3D["QtQuick3D"]\n    node_venv_lib_python3_12_site-packages_PyQt6_Qt6_qml_QtQuick3D --> node_venv_lib_python3_12_site-packages_PyQt6_Qt6_qml_QtQuick3D_Particles3D["Particles3D"]\n    node_venv_lib_python3_12_site-packages_PyQt6_Qt6_qml_QtQuick3D_Particles3D --> node_venv_lib_python3_12_site-packages_PyQt6_Qt6_qml_QtQuick3D_Particles3D_designer["designer"]\n    node_venv_lib_python3_12_site-packages_PyQt6_Qt6_qml_QtQuick3D_Particles3D_designer --> node_venv_lib_python3_12_site-packages_PyQt6_Qt6_qml_QtQuick3D_Particles3D_designer_source["source"]\n    node_venv_lib_python3_12_site-packages_PyQt6_Qt6_qml_QtQuick3D_Particles3D_designer_source --> node_venv_lib_python3_12_site-packages_PyQt6_Qt6_qml_QtQuick3D_Particles3D_designer_source_particlesystem_burst_template_qml["particlesystem_burst_template.qml"]\n    Root --> node_venv["venv"]\n    node_venv --> node_venv_lib["lib"]\n    node_venv_lib --> node_venv_lib_python3_12["python3.12"]\n    node_venv_lib_python3_12 --> node_venv_lib_python3_12_site-packages["site-packages"]\n    node_venv_lib_python3_12_site-packages --> node_venv_lib_python3_12_site-packages_PyQt6["PyQt6"]\n    node_venv_lib_python3_12_site-packages_PyQt6 --> node_venv_lib_python3_12_site-packages_PyQt6_Qt6["Qt6"]\n    node_venv_lib_python3_12_site-packages_PyQt6_Qt6 --> node_venv_lib_python3_12_site-packages_PyQt6_Qt6_qml["qml"]\n    node_venv_lib_python3_12_site-packages_PyQt6_Qt6_qml --> node_venv_lib_python3_12_site-packages_PyQt6_Qt6_qml_QtQuick3D["QtQuick3D"]\n    node_venv_lib_python3_12_site-packages_PyQt6_Qt6_qml_QtQuick3D --> node_venv_lib_python3_12_site-packages_PyQt6_Qt6_qml_QtQuick3D_Particles3D["Particles3D"]\n    node_venv_lib_python3_12_site-packages_PyQt6_Qt6_qml_QtQuick3D_Particles3D --> node_venv_lib_python3_12_site-packages_PyQt6_Qt6_qml_QtQuick3D_Particles3D_designer["designer"]\n    node_venv_lib_python3_12_site-packages_PyQt6_Qt6_qml_QtQuick3D_Particles3D_designer --> node_venv_lib_python3_12_site-packages_PyQt6_Qt6_qml_QtQuick3D_Particles3D_designer_source["source"]\n    node_venv_lib_python3_12_site-packages_PyQt6_Qt6_qml_QtQuick3D_Particles3D_designer_source --> node_venv_lib_python3_12_site-packages_PyQt6_Qt6_qml_QtQuick3D_Particles3D_designer_source_particlesystem_modelblend_template_qml["particlesystem_modelblend_template.qml"]\n    Root --> node_venv["venv"]\n    node_venv --> node_venv_lib["lib"]\n    node_venv_lib --> node_venv_lib_python3_12["python3.12"]\n    node_venv_lib_python3_12 --> node_venv_lib_python3_12_site-packages["site-packages"]\n    node_venv_lib_python3_12_site-packages --> node_venv_lib_python3_12_site-packages_PyQt6["PyQt6"]\n    node_venv_lib_python3_12_site-packages_PyQt6 --> node_venv_lib_python3_12_site-packages_PyQt6_Qt6["Qt6"]\n    node_venv_lib_python3_12_site-packages_PyQt6_Qt6 --> node_venv_lib_python3_12_site-packages_PyQt6_Qt6_qml["qml"]\n    node_venv_lib_python3_12_site-packages_PyQt6_Qt6_qml --> node_venv_lib_python3_12_site-packages_PyQt6_Qt6_qml_QtQuick3D["QtQuick3D"]\n    node_venv_lib_python3_12_site-packages_PyQt6_Qt6_qml_QtQuick3D --> node_venv_lib_python3_12_site-packages_PyQt6_Qt6_qml_QtQuick3D_Particles3D["Particles3D"]\n    node_venv_lib_python3_12_site-packages_PyQt6_Qt6_qml_QtQuick3D_Particles3D --> node_venv_lib_python3_12_site-packages_PyQt6_Qt6_qml_QtQuick3D_Particles3D_designer["designer"]\n    node_venv_lib_python3_12_site-packages_PyQt6_Qt6_qml_QtQuick3D_Particles3D_designer --> node_venv_lib_python3_12_site-packages_PyQt6_Qt6_qml_QtQuick3D_Particles3D_designer_source["source"]\n    node_venv_lib_python3_12_site-packages_PyQt6_Qt6_qml_QtQuick3D_Particles3D_designer_source --> node_venv_lib_python3_12_site-packages_PyQt6_Qt6_qml_QtQuick3D_Particles3D_designer_source_particlesystem_modelshape_template_qml["particlesystem_modelshape_template.qml"]\n    Root --> node_venv["venv"]\n    node_venv --> node_venv_lib["lib"]\n    node_venv_lib --> node_venv_lib_python3_12["python3.12"]\n    node_venv_lib_python3_12 --> node_venv_lib_python3_12_site-packages["site-packages"]\n    node_venv_lib_python3_12_site-packages --> node_venv_lib_python3_12_site-packages_PyQt6["PyQt6"]\n    node_venv_lib_python3_12_site-packages_PyQt6 --> node_venv_lib_python3_12_site-packages_PyQt6_Qt6["Qt6"]\n    node_venv_lib_python3_12_site-packages_PyQt6_Qt6 --> node_venv_lib_python3_12_site-packages_PyQt6_Qt6_qml["qml"]\n    node_venv_lib_python3_12_site-packages_PyQt6_Qt6_qml --> node_venv_lib_python3_12_site-packages_PyQt6_Qt6_qml_QtQuick3D["QtQuick3D"]\n    node_venv_lib_python3_12_site-packages_PyQt6_Qt6_qml_QtQuick3D --> node_venv_lib_python3_12_site-packages_PyQt6_Qt6_qml_QtQuick3D_Particles3D["Particles3D"]\n    node_venv_lib_python3_12_site-packages_PyQt6_Qt6_qml_QtQuick3D_Particles3D --> node_venv_lib_python3_12_site-packages_PyQt6_Qt6_qml_QtQuick3D_Particles3D_designer["designer"]\n    node_venv_lib_python3_12_site-packages_PyQt6_Qt6_qml_QtQuick3D_Particles3D_designer --> node_venv_lib_python3_12_site-packages_PyQt6_Qt6_qml_QtQuick3D_Particles3D_designer_source["source"]\n    node_venv_lib_python3_12_site-packages_PyQt6_Qt6_qml_QtQuick3D_Particles3D_designer_source --> node_venv_lib_python3_12_site-packages_PyQt6_Qt6_qml_QtQuick3D_Particles3D_designer_source_particlesystem_particletrail_template_qml["particlesystem_particletrail_template.qml"]\n    Root --> node_venv["venv"]\n    node_venv --> node_venv_lib["lib"]\n    node_venv_lib --> node_venv_lib_python3_12["python3.12"]\n    node_venv_lib_python3_12 --> node_venv_lib_python3_12_site-packages["site-packages"]\n    node_venv_lib_python3_12_site-packages --> node_venv_lib_python3_12_site-packages_PyQt6["PyQt6"]\n    node_venv_lib_python3_12_site-packages_PyQt6 --> node_venv_lib_python3_12_site-packages_PyQt6_Qt6["Qt6"]\n    node_venv_lib_python3_12_site-packages_PyQt6_Qt6 --> node_venv_lib_python3_12_site-packages_PyQt6_Qt6_qml["qml"]\n    node_venv_lib_python3_12_site-packages_PyQt6_Qt6_qml --> node_venv_lib_python3_12_site-packages_PyQt6_Qt6_qml_QtQuick3D["QtQuick3D"]\n    node_venv_lib_python3_12_site-packages_PyQt6_Qt6_qml_QtQuick3D --> node_venv_lib_python3_12_site-packages_PyQt6_Qt6_qml_QtQuick3D_Particles3D["Particles3D"]\n    node_venv_lib_python3_12_site-packages_PyQt6_Qt6_qml_QtQuick3D_Particles3D --> node_venv_lib_python3_12_site-packages_PyQt6_Qt6_qml_QtQuick3D_Particles3D_designer["designer"]\n    node_venv_lib_python3_12_site-packages_PyQt6_Qt6_qml_QtQuick3D_Particles3D_designer --> node_venv_lib_python3_12_site-packages_PyQt6_Qt6_qml_QtQuick3D_Particles3D_designer_source["source"]\n    node_venv_lib_python3_12_site-packages_PyQt6_Qt6_qml_QtQuick3D_Particles3D_designer_source --> node_venv_lib_python3_12_site-packages_PyQt6_Qt6_qml_QtQuick3D_Particles3D_designer_source_particlesystem_sprite_template_qml["particlesystem_sprite_template.qml"]\n    Root --> node_venv["venv"]\n    node_venv --> node_venv_lib["lib"]\n    node_venv_lib --> node_venv_lib_python3_12["python3.12"]\n    node_venv_lib_python3_12 --> node_venv_lib_python3_12_site-packages["site-packages"]\n    node_venv_lib_python3_12_site-packages --> node_venv_lib_python3_12_site-packages_PyQt6["PyQt6"]\n    node_venv_lib_python3_12_site-packages_PyQt6 --> node_venv_lib_python3_12_site-packages_PyQt6_Qt6["Qt6"]\n    node_venv_lib_python3_12_site-packages_PyQt6_Qt6 --> node_venv_lib_python3_12_site-packages_PyQt6_Qt6_qml["qml"]\n    node_venv_lib_python3_12_site-packages_PyQt6_Qt6_qml --> node_venv_lib_python3_12_site-packages_PyQt6_Qt6_qml_QtQuick3D["QtQuick3D"]\n    node_venv_lib_python3_12_site-packages_PyQt6_Qt6_qml_QtQuick3D --> node_venv_lib_python3_12_site-packages_PyQt6_Qt6_qml_QtQuick3D_Particles3D["Particles3D"]\n    node_venv_lib_python3_12_site-packages_PyQt6_Qt6_qml_QtQuick3D_Particles3D --> node_venv_lib_python3_12_site-packages_PyQt6_Qt6_qml_QtQuick3D_Particles3D_designer["designer"]\n    node_venv_lib_python3_12_site-packages_PyQt6_Qt6_qml_QtQuick3D_Particles3D_designer --> node_venv_lib_python3_12_site-packages_PyQt6_Qt6_qml_QtQuick3D_Particles3D_designer_source["source"]\n    node_venv_lib_python3_12_site-packages_PyQt6_Qt6_qml_QtQuick3D_Particles3D_designer_source --> node_venv_lib_python3_12_site-packages_PyQt6_Qt6_qml_QtQuick3D_Particles3D_designer_source_particlesystem_template_qml["particlesystem_template.qml"]\n    Root --> node_venv["venv"]\n    node_venv --> node_venv_lib["lib"]\n    node_venv_lib --> node_venv_lib_python3_12["python3.12"]\n    node_venv_lib_python3_12 --> node_venv_lib_python3_12_site-packages["site-packages"]\n    node_venv_lib_python3_12_site-packages --> node_venv_lib_python3_12_site-packages_PyQt6["PyQt6"]\n    node_venv_lib_python3_12_site-packages_PyQt6 --> node_venv_lib_python3_12_site-packages_PyQt6_Qt6["Qt6"]\n    node_venv_lib_python3_12_site-packages_PyQt6_Qt6 --> node_venv_lib_python3_12_site-packages_PyQt6_Qt6_qml["qml"]\n    node_venv_lib_python3_12_site-packages_PyQt6_Qt6_qml --> node_venv_lib_python3_12_site-packages_PyQt6_Qt6_qml_QtQuick3D["QtQuick3D"]\n    node_venv_lib_python3_12_site-packages_PyQt6_Qt6_qml_QtQuick3D --> node_venv_lib_python3_12_site-packages_PyQt6_Qt6_qml_QtQuick3D_Particles3D["Particles3D"]\n    node_venv_lib_python3_12_site-packages_PyQt6_Qt6_qml_QtQuick3D_Particles3D --> node_venv_lib_python3_12_site-packages_PyQt6_Qt6_qml_QtQuick3D_Particles3D_designer["designer"]\n    node_venv_lib_python3_12_site-packages_PyQt6_Qt6_qml_QtQuick3D_Particles3D_designer --> node_venv_lib_python3_12_site-packages_PyQt6_Qt6_qml_QtQuick3D_Particles3D_designer_source["source"]\n    node_venv_lib_python3_12_site-packages_PyQt6_Qt6_qml_QtQuick3D_Particles3D_designer_source --> node_venv_lib_python3_12_site-packages_PyQt6_Qt6_qml_QtQuick3D_Particles3D_designer_source_particlesystem_wander_template_qml["particlesystem_wander_template.qml"]\n    Root --> node_venv["venv"]\n    node_venv --> node_venv_lib["lib"]\n    node_venv_lib --> node_venv_lib_python3_12["python3.12"]\n    node_venv_lib_python3_12 --> node_venv_lib_python3_12_site-packages["site-packages"]\n    node_venv_lib_python3_12_site-packages --> node_venv_lib_python3_12_site-packages_PyQt6["PyQt6"]\n    node_venv_lib_python3_12_site-packages_PyQt6 --> node_venv_lib_python3_12_site-packages_PyQt6_Qt6["Qt6"]\n    node_venv_lib_python3_12_site-packages_PyQt6_Qt6 --> node_venv_lib_python3_12_site-packages_PyQt6_Qt6_qml["qml"]\n    node_venv_lib_python3_12_site-packages_PyQt6_Qt6_qml --> node_venv_lib_python3_12_site-packages_PyQt6_Qt6_qml_QtQuick3D["QtQuick3D"]\n    node_venv_lib_python3_12_site-packages_PyQt6_Qt6_qml_QtQuick3D --> node_venv_lib_python3_12_site-packages_PyQt6_Qt6_qml_QtQuick3D_Physics["Physics"]\n    node_venv_lib_python3_12_site-packages_PyQt6_Qt6_qml_QtQuick3D_Physics --> node_venv_lib_python3_12_site-packages_PyQt6_Qt6_qml_QtQuick3D_Physics_libqquick3dphysicsplugin_dylib["libqquick3dphysicsplugin.dylib"]\n    Root --> node_venv["venv"]\n    node_venv --> node_venv_lib["lib"]\n    node_venv_lib --> node_venv_lib_python3_12["python3.12"]\n    node_venv_lib_python3_12 --> node_venv_lib_python3_12_site-packages["site-packages"]\n    node_venv_lib_python3_12_site-packages --> node_venv_lib_python3_12_site-packages_PyQt6["PyQt6"]\n    node_venv_lib_python3_12_site-packages_PyQt6 --> node_venv_lib_python3_12_site-packages_PyQt6_Qt6["Qt6"]\n    node_venv_lib_python3_12_site-packages_PyQt6_Qt6 --> node_venv_lib_python3_12_site-packages_PyQt6_Qt6_qml["qml"]\n    node_venv_lib_python3_12_site-packages_PyQt6_Qt6_qml --> node_venv_lib_python3_12_site-packages_PyQt6_Qt6_qml_QtQuick3D["QtQuick3D"]\n    node_venv_lib_python3_12_site-packages_PyQt6_Qt6_qml_QtQuick3D --> node_venv_lib_python3_12_site-packages_PyQt6_Qt6_qml_QtQuick3D_Physics["Physics"]\n    node_venv_lib_python3_12_site-packages_PyQt6_Qt6_qml_QtQuick3D_Physics --> node_venv_lib_python3_12_site-packages_PyQt6_Qt6_qml_QtQuick3D_Physics_plugins_qmltypes["plugins.qmltypes"]\n    Root --> node_venv["venv"]\n    node_venv --> node_venv_lib["lib"]\n    node_venv_lib --> node_venv_lib_python3_12["python3.12"]\n    node_venv_lib_python3_12 --> node_venv_lib_python3_12_site-packages["site-packages"]\n    node_venv_lib_python3_12_site-packages --> node_venv_lib_python3_12_site-packages_PyQt6["PyQt6"]\n    node_venv_lib_python3_12_site-packages_PyQt6 --> node_venv_lib_python3_12_site-packages_PyQt6_Qt6["Qt6"]\n    node_venv_lib_python3_12_site-packages_PyQt6_Qt6 --> node_venv_lib_python3_12_site-packages_PyQt6_Qt6_qml["qml"]\n    node_venv_lib_python3_12_site-packages_PyQt6_Qt6_qml --> node_venv_lib_python3_12_site-packages_PyQt6_Qt6_qml_QtQuick3D["QtQuick3D"]\n    node_venv_lib_python3_12_site-packages_PyQt6_Qt6_qml_QtQuick3D --> node_venv_lib_python3_12_site-packages_PyQt6_Qt6_qml_QtQuick3D_Physics["Physics"]\n    node_venv_lib_python3_12_site-packages_PyQt6_Qt6_qml_QtQuick3D_Physics --> node_venv_lib_python3_12_site-packages_PyQt6_Qt6_qml_QtQuick3D_Physics_qmldir["qmldir"]\n    Root --> node_venv["venv"]\n    node_venv --> node_venv_lib["lib"]\n    node_venv_lib --> node_venv_lib_python3_12["python3.12"]\n    node_venv_lib_python3_12 --> node_venv_lib_python3_12_site-packages["site-packages"]\n    node_venv_lib_python3_12_site-packages --> node_venv_lib_python3_12_site-packages_PyQt6["PyQt6"]\n    node_venv_lib_python3_12_site-packages_PyQt6 --> node_venv_lib_python3_12_site-packages_PyQt6_Qt6["Qt6"]\n    node_venv_lib_python3_12_site-packages_PyQt6_Qt6 --> node_venv_lib_python3_12_site-packages_PyQt6_Qt6_qml["qml"]\n    node_venv_lib_python3_12_site-packages_PyQt6_Qt6_qml --> node_venv_lib_python3_12_site-packages_PyQt6_Qt6_qml_QtQuick3D["QtQuick3D"]\n    node_venv_lib_python3_12_site-packages_PyQt6_Qt6_qml_QtQuick3D --> node_venv_lib_python3_12_site-packages_PyQt6_Qt6_qml_QtQuick3D_Physics["Physics"]\n    node_venv_lib_python3_12_site-packages_PyQt6_Qt6_qml_QtQuick3D_Physics --> node_venv_lib_python3_12_site-packages_PyQt6_Qt6_qml_QtQuick3D_Physics_designer["designer"]\n    node_venv_lib_python3_12_site-packages_PyQt6_Qt6_qml_QtQuick3D_Physics_designer --> node_venv_lib_python3_12_site-packages_PyQt6_Qt6_qml_QtQuick3D_Physics_designer_BoxShapeSection_qml["BoxShapeSection.qml"]\n    Root --> node_venv["venv"]\n    node_venv --> node_venv_lib["lib"]\n    node_venv_lib --> node_venv_lib_python3_12["python3.12"]\n    node_venv_lib_python3_12 --> node_venv_lib_python3_12_site-packages["site-packages"]\n    node_venv_lib_python3_12_site-packages --> node_venv_lib_python3_12_site-packages_PyQt6["PyQt6"]\n    node_venv_lib_python3_12_site-packages_PyQt6 --> node_venv_lib_python3_12_site-packages_PyQt6_Qt6["Qt6"]\n    node_venv_lib_python3_12_site-packages_PyQt6_Qt6 --> node_venv_lib_python3_12_site-packages_PyQt6_Qt6_qml["qml"]\n    node_venv_lib_python3_12_site-packages_PyQt6_Qt6_qml --> node_venv_lib_python3_12_site-packages_PyQt6_Qt6_qml_QtQuick3D["QtQuick3D"]\n    node_venv_lib_python3_12_site-packages_PyQt6_Qt6_qml_QtQuick3D --> node_venv_lib_python3_12_site-packages_PyQt6_Qt6_qml_QtQuick3D_Physics["Physics"]\n    node_venv_lib_python3_12_site-packages_PyQt6_Qt6_qml_QtQuick3D_Physics --> node_venv_lib_python3_12_site-packages_PyQt6_Qt6_qml_QtQuick3D_Physics_designer["designer"]\n    node_venv_lib_python3_12_site-packages_PyQt6_Qt6_qml_QtQuick3D_Physics_designer --> node_venv_lib_python3_12_site-packages_PyQt6_Qt6_qml_QtQuick3D_Physics_designer_BoxShapeSpecifics_qml["BoxShapeSpecifics.qml"]\n    Root --> node_venv["venv"]\n    node_venv --> node_venv_lib["lib"]\n    node_venv_lib --> node_venv_lib_python3_12["python3.12"]\n    node_venv_lib_python3_12 --> node_venv_lib_python3_12_site-packages["site-packages"]\n    node_venv_lib_python3_12_site-packages --> node_venv_lib_python3_12_site-packages_PyQt6["PyQt6"]\n    node_venv_lib_python3_12_site-packages_PyQt6 --> node_venv_lib_python3_12_site-packages_PyQt6_Qt6["Qt6"]\n    node_venv_lib_python3_12_site-packages_PyQt6_Qt6 --> node_venv_lib_python3_12_site-packages_PyQt6_Qt6_qml["qml"]\n    node_venv_lib_python3_12_site-packages_PyQt6_Qt6_qml --> node_venv_lib_python3_12_site-packages_PyQt6_Qt6_qml_QtQuick3D["QtQuick3D"]\n    node_venv_lib_python3_12_site-packages_PyQt6_Qt6_qml_QtQuick3D --> node_venv_lib_python3_12_site-packages_PyQt6_Qt6_qml_QtQuick3D_Physics["Physics"]\n    node_venv_lib_python3_12_site-packages_PyQt6_Qt6_qml_QtQuick3D_Physics --> node_venv_lib_python3_12_site-packages_PyQt6_Qt6_qml_QtQuick3D_Physics_designer["designer"]\n    node_venv_lib_python3_12_site-packages_PyQt6_Qt6_qml_QtQuick3D_Physics_designer --> node_venv_lib_python3_12_site-packages_PyQt6_Qt6_qml_QtQuick3D_Physics_designer_CapsuleShapeSection_qml["CapsuleShapeSection.qml"]\n    Root --> node_venv["venv"]\n    node_venv --> node_venv_lib["lib"]\n    node_venv_lib --> node_venv_lib_python3_12["python3.12"]\n    node_venv_lib_python3_12 --> node_venv_lib_python3_12_site-packages["site-packages"]\n    node_venv_lib_python3_12_site-packages --> node_venv_lib_python3_12_site-packages_PyQt6["PyQt6"]\n    node_venv_lib_python3_12_site-packages_PyQt6 --> node_venv_lib_python3_12_site-packages_PyQt6_Qt6["Qt6"]\n    node_venv_lib_python3_12_site-packages_PyQt6_Qt6 --> node_venv_lib_python3_12_site-packages_PyQt6_Qt6_qml["qml"]\n    node_venv_lib_python3_12_site-packages_PyQt6_Qt6_qml --> node_venv_lib_python3_12_site-packages_PyQt6_Qt6_qml_QtQuick3D["QtQuick3D"]\n    node_venv_lib_python3_12_site-packages_PyQt6_Qt6_qml_QtQuick3D --> node_venv_lib_python3_12_site-packages_PyQt6_Qt6_qml_QtQuick3D_Physics["Physics"]\n    node_venv_lib_python3_12_site-packages_PyQt6_Qt6_qml_QtQuick3D_Physics --> node_venv_lib_python3_12_site-packages_PyQt6_Qt6_qml_QtQuick3D_Physics_designer["designer"]\n    node_venv_lib_python3_12_site-packages_PyQt6_Qt6_qml_QtQuick3D_Physics_designer --> node_venv_lib_python3_12_site-packages_PyQt6_Qt6_qml_QtQuick3D_Physics_designer_CapsuleShapeSpecifics_qml["CapsuleShapeSpecifics.qml"]\n    Root --> node_venv["venv"]\n    node_venv --> node_venv_lib["lib"]\n    node_venv_lib --> node_venv_lib_python3_12["python3.12"]\n    node_venv_lib_python3_12 --> node_venv_lib_python3_12_site-packages["site-packages"]\n    node_venv_lib_python3_12_site-packages --> node_venv_lib_python3_12_site-packages_PyQt6["PyQt6"]\n    node_venv_lib_python3_12_site-packages_PyQt6 --> node_venv_lib_python3_12_site-packages_PyQt6_Qt6["Qt6"]\n    node_venv_lib_python3_12_site-packages_PyQt6_Qt6 --> node_venv_lib_python3_12_site-packages_PyQt6_Qt6_qml["qml"]\n    node_venv_lib_python3_12_site-packages_PyQt6_Qt6_qml --> node_venv_lib_python3_12_site-packages_PyQt6_Qt6_qml_QtQuick3D["QtQuick3D"]\n    node_venv_lib_python3_12_site-packages_PyQt6_Qt6_qml_QtQuick3D --> node_venv_lib_python3_12_site-packages_PyQt6_Qt6_qml_QtQuick3D_Physics["Physics"]\n    node_venv_lib_python3_12_site-packages_PyQt6_Qt6_qml_QtQuick3D_Physics --> node_venv_lib_python3_12_site-packages_PyQt6_Qt6_qml_QtQuick3D_Physics_designer["designer"]\n    node_venv_lib_python3_12_site-packages_PyQt6_Qt6_qml_QtQuick3D_Physics_designer --> node_venv_lib_python3_12_site-packages_PyQt6_Qt6_qml_QtQuick3D_Physics_designer_CharacterControllerSection_qml["CharacterControllerSection.qml"]\n    Root --> node_venv["venv"]\n    node_venv --> node_venv_lib["lib"]\n    node_venv_lib --> node_venv_lib_python3_12["python3.12"]\n    node_venv_lib_python3_12 --> node_venv_lib_python3_12_site-packages["site-packages"]\n    node_venv_lib_python3_12_site-packages --> node_venv_lib_python3_12_site-packages_PyQt6["PyQt6"]\n    node_venv_lib_python3_12_site-packages_PyQt6 --> node_venv_lib_python3_12_site-packages_PyQt6_Qt6["Qt6"]\n    node_venv_lib_python3_12_site-packages_PyQt6_Qt6 --> node_venv_lib_python3_12_site-packages_PyQt6_Qt6_qml["qml"]\n    node_venv_lib_python3_12_site-packages_PyQt6_Qt6_qml --> node_venv_lib_python3_12_site-packages_PyQt6_Qt6_qml_QtQuick3D["QtQuick3D"]\n    node_venv_lib_python3_12_site-packages_PyQt6_Qt6_qml_QtQuick3D --> node_venv_lib_python3_12_site-packages_PyQt6_Qt6_qml_QtQuick3D_Physics["Physics"]\n    node_venv_lib_python3_12_site-packages_PyQt6_Qt6_qml_QtQuick3D_Physics --> node_venv_lib_python3_12_site-packages_PyQt6_Qt6_qml_QtQuick3D_Physics_designer["designer"]\n    node_venv_lib_python3_12_site-packages_PyQt6_Qt6_qml_QtQuick3D_Physics_designer --> node_venv_lib_python3_12_site-packages_PyQt6_Qt6_qml_QtQuick3D_Physics_designer_CharacterControllerSpecifics_qml["CharacterControllerSpecifics.qml"]\n    Root --> node_venv["venv"]\n    node_venv --> node_venv_lib["lib"]\n    node_venv_lib --> node_venv_lib_python3_12["python3.12"]\n    node_venv_lib_python3_12 --> node_venv_lib_python3_12_site-packages["site-packages"]\n    node_venv_lib_python3_12_site-packages --> node_venv_lib_python3_12_site-packages_PyQt6["PyQt6"]\n    node_venv_lib_python3_12_site-packages_PyQt6 --> node_venv_lib_python3_12_site-packages_PyQt6_Qt6["Qt6"]\n    node_venv_lib_python3_12_site-packages_PyQt6_Qt6 --> node_venv_lib_python3_12_site-packages_PyQt6_Qt6_qml["qml"]\n    node_venv_lib_python3_12_site-packages_PyQt6_Qt6_qml --> node_venv_lib_python3_12_site-packages_PyQt6_Qt6_qml_QtQuick3D["QtQuick3D"]\n    node_venv_lib_python3_12_site-packages_PyQt6_Qt6_qml_QtQuick3D --> node_venv_lib_python3_12_site-packages_PyQt6_Qt6_qml_QtQuick3D_Physics["Physics"]\n    node_venv_lib_python3_12_site-packages_PyQt6_Qt6_qml_QtQuick3D_Physics --> node_venv_lib_python3_12_site-packages_PyQt6_Qt6_qml_QtQuick3D_Physics_designer["designer"]\n    node_venv_lib_python3_12_site-packages_PyQt6_Qt6_qml_QtQuick3D_Physics_designer --> node_venv_lib_python3_12_site-packages_PyQt6_Qt6_qml_QtQuick3D_Physics_designer_CollisionShapeSection_qml["CollisionShapeSection.qml"]\n    Root --> node_venv["venv"]\n    node_venv --> node_venv_lib["lib"]\n    node_venv_lib --> node_venv_lib_python3_12["python3.12"]\n    node_venv_lib_python3_12 --> node_venv_lib_python3_12_site-packages["site-packages"]\n    node_venv_lib_python3_12_site-packages --> node_venv_lib_python3_12_site-packages_PyQt6["PyQt6"]\n    node_venv_lib_python3_12_site-packages_PyQt6 --> node_venv_lib_python3_12_site-packages_PyQt6_Qt6["Qt6"]\n    node_venv_lib_python3_12_site-packages_PyQt6_Qt6 --> node_venv_lib_python3_12_site-packages_PyQt6_Qt6_qml["qml"]\n    node_venv_lib_python3_12_site-packages_PyQt6_Qt6_qml --> node_venv_lib_python3_12_site-packages_PyQt6_Qt6_qml_QtQuick3D["QtQuick3D"]\n    node_venv_lib_python3_12_site-packages_PyQt6_Qt6_qml_QtQuick3D --> node_venv_lib_python3_12_site-packages_PyQt6_Qt6_qml_QtQuick3D_Physics["Physics"]\n    node_venv_lib_python3_12_site-packages_PyQt6_Qt6_qml_QtQuick3D_Physics --> node_venv_lib_python3_12_site-packages_PyQt6_Qt6_qml_QtQuick3D_Physics_designer["designer"]\n    node_venv_lib_python3_12_site-packages_PyQt6_Qt6_qml_QtQuick3D_Physics_designer --> node_venv_lib_python3_12_site-packages_PyQt6_Qt6_qml_QtQuick3D_Physics_designer_ConvexMeshShapeSection_qml["ConvexMeshShapeSection.qml"]\n    Root --> node_venv["venv"]\n    node_venv --> node_venv_lib["lib"]\n    node_venv_lib --> node_venv_lib_python3_12["python3.12"]\n    node_venv_lib_python3_12 --> node_venv_lib_python3_12_site-packages["site-packages"]\n    node_venv_lib_python3_12_site-packages --> node_venv_lib_python3_12_site-packages_PyQt6["PyQt6"]\n    node_venv_lib_python3_12_site-packages_PyQt6 --> node_venv_lib_python3_12_site-packages_PyQt6_Qt6["Qt6"]\n    node_venv_lib_python3_12_site-packages_PyQt6_Qt6 --> node_venv_lib_python3_12_site-packages_PyQt6_Qt6_qml["qml"]\n    node_venv_lib_python3_12_site-packages_PyQt6_Qt6_qml --> node_venv_lib_python3_12_site-packages_PyQt6_Qt6_qml_QtQuick3D["QtQuick3D"]\n    node_venv_lib_python3_12_site-packages_PyQt6_Qt6_qml_QtQuick3D --> node_venv_lib_python3_12_site-packages_PyQt6_Qt6_qml_QtQuick3D_Physics["Physics"]\n    node_venv_lib_python3_12_site-packages_PyQt6_Qt6_qml_QtQuick3D_Physics --> node_venv_lib_python3_12_site-packages_PyQt6_Qt6_qml_QtQuick3D_Physics_designer["designer"]\n    node_venv_lib_python3_12_site-packages_PyQt6_Qt6_qml_QtQuick3D_Physics_designer --> node_venv_lib_python3_12_site-packages_PyQt6_Qt6_qml_QtQuick3D_Physics_designer_ConvexMeshShapeSpecifics_qml["ConvexMeshShapeSpecifics.qml"]\n    Root --> node_venv["venv"]\n    node_venv --> node_venv_lib["lib"]\n    node_venv_lib --> node_venv_lib_python3_12["python3.12"]\n    node_venv_lib_python3_12 --> node_venv_lib_python3_12_site-packages["site-packages"]\n    node_venv_lib_python3_12_site-packages --> node_venv_lib_python3_12_site-packages_PyQt6["PyQt6"]\n    node_venv_lib_python3_12_site-packages_PyQt6 --> node_venv_lib_python3_12_site-packages_PyQt6_Qt6["Qt6"]\n    node_venv_lib_python3_12_site-packages_PyQt6_Qt6 --> node_venv_lib_python3_12_site-packages_PyQt6_Qt6_qml["qml"]\n    node_venv_lib_python3_12_site-packages_PyQt6_Qt6_qml --> node_venv_lib_python3_12_site-packages_PyQt6_Qt6_qml_QtQuick3D["QtQuick3D"]\n    node_venv_lib_python3_12_site-packages_PyQt6_Qt6_qml_QtQuick3D --> node_venv_lib_python3_12_site-packages_PyQt6_Qt6_qml_QtQuick3D_Physics["Physics"]\n    node_venv_lib_python3_12_site-packages_PyQt6_Qt6_qml_QtQuick3D_Physics --> node_venv_lib_python3_12_site-packages_PyQt6_Qt6_qml_QtQuick3D_Physics_designer["designer"]\n    node_venv_lib_python3_12_site-packages_PyQt6_Qt6_qml_QtQuick3D_Physics_designer --> node_venv_lib_python3_12_site-packages_PyQt6_Qt6_qml_QtQuick3D_Physics_designer_DynamicRigidBodySection_qml["DynamicRigidBodySection.qml"]\n    Root --> node_venv["venv"]\n    node_venv --> node_venv_lib["lib"]\n    node_venv_lib --> node_venv_lib_python3_12["python3.12"]\n    node_venv_lib_python3_12 --> node_venv_lib_python3_12_site-packages["site-packages"]\n    node_venv_lib_python3_12_site-packages --> node_venv_lib_python3_12_site-packages_PyQt6["PyQt6"]\n    node_venv_lib_python3_12_site-packages_PyQt6 --> node_venv_lib_python3_12_site-packages_PyQt6_Qt6["Qt6"]\n    node_venv_lib_python3_12_site-packages_PyQt6_Qt6 --> node_venv_lib_python3_12_site-packages_PyQt6_Qt6_qml["qml"]\n    node_venv_lib_python3_12_site-packages_PyQt6_Qt6_qml --> node_venv_lib_python3_12_site-packages_PyQt6_Qt6_qml_QtQuick3D["QtQuick3D"]\n    node_venv_lib_python3_12_site-packages_PyQt6_Qt6_qml_QtQuick3D --> node_venv_lib_python3_12_site-packages_PyQt6_Qt6_qml_QtQuick3D_Physics["Physics"]\n    node_venv_lib_python3_12_site-packages_PyQt6_Qt6_qml_QtQuick3D_Physics --> node_venv_lib_python3_12_site-packages_PyQt6_Qt6_qml_QtQuick3D_Physics_designer["designer"]\n    node_venv_lib_python3_12_site-packages_PyQt6_Qt6_qml_QtQuick3D_Physics_designer --> node_venv_lib_python3_12_site-packages_PyQt6_Qt6_qml_QtQuick3D_Physics_designer_DynamicRigidBodySpecifics_qml["DynamicRigidBodySpecifics.qml"]\n    Root --> node_venv["venv"]\n    node_venv --> node_venv_lib["lib"]\n    node_venv_lib --> node_venv_lib_python3_12["python3.12"]\n    node_venv_lib_python3_12 --> node_venv_lib_python3_12_site-packages["site-packages"]\n    node_venv_lib_python3_12_site-packages --> node_venv_lib_python3_12_site-packages_PyQt6["PyQt6"]\n    node_venv_lib_python3_12_site-packages_PyQt6 --> node_venv_lib_python3_12_site-packages_PyQt6_Qt6["Qt6"]\n    node_venv_lib_python3_12_site-packages_PyQt6_Qt6 --> node_venv_lib_python3_12_site-packages_PyQt6_Qt6_qml["qml"]\n    node_venv_lib_python3_12_site-packages_PyQt6_Qt6_qml --> node_venv_lib_python3_12_site-packages_PyQt6_Qt6_qml_QtQuick3D["QtQuick3D"]\n    node_venv_lib_python3_12_site-packages_PyQt6_Qt6_qml_QtQuick3D --> node_venv_lib_python3_12_site-packages_PyQt6_Qt6_qml_QtQuick3D_Physics["Physics"]\n    node_venv_lib_python3_12_site-packages_PyQt6_Qt6_qml_QtQuick3D_Physics --> node_venv_lib_python3_12_site-packages_PyQt6_Qt6_qml_QtQuick3D_Physics_designer["designer"]\n    node_venv_lib_python3_12_site-packages_PyQt6_Qt6_qml_QtQuick3D_Physics_designer --> node_venv_lib_python3_12_site-packages_PyQt6_Qt6_qml_QtQuick3D_Physics_designer_HeightFieldShapeSection_qml["HeightFieldShapeSection.qml"]\n    Root --> node_venv["venv"]\n    node_venv --> node_venv_lib["lib"]\n    node_venv_lib --> node_venv_lib_python3_12["python3.12"]\n    node_venv_lib_python3_12 --> node_venv_lib_python3_12_site-packages["site-packages"]\n    node_venv_lib_python3_12_site-packages --> node_venv_lib_python3_12_site-packages_PyQt6["PyQt6"]\n    node_venv_lib_python3_12_site-packages_PyQt6 --> node_venv_lib_python3_12_site-packages_PyQt6_Qt6["Qt6"]\n    node_venv_lib_python3_12_site-packages_PyQt6_Qt6 --> node_venv_lib_python3_12_site-packages_PyQt6_Qt6_qml["qml"]\n    node_venv_lib_python3_12_site-packages_PyQt6_Qt6_qml --> node_venv_lib_python3_12_site-packages_PyQt6_Qt6_qml_QtQuick3D["QtQuick3D"]\n    node_venv_lib_python3_12_site-packages_PyQt6_Qt6_qml_QtQuick3D --> node_venv_lib_python3_12_site-packages_PyQt6_Qt6_qml_QtQuick3D_Physics["Physics"]\n    node_venv_lib_python3_12_site-packages_PyQt6_Qt6_qml_QtQuick3D_Physics --> node_venv_lib_python3_12_site-packages_PyQt6_Qt6_qml_QtQuick3D_Physics_designer["designer"]\n    node_venv_lib_python3_12_site-packages_PyQt6_Qt6_qml_QtQuick3D_Physics_designer --> node_venv_lib_python3_12_site-packages_PyQt6_Qt6_qml_QtQuick3D_Physics_designer_HeightFieldShapeSpecifics_qml["HeightFieldShapeSpecifics.qml"]\n    Root --> node_venv["venv"]\n    node_venv --> node_venv_lib["lib"]\n    node_venv_lib --> node_venv_lib_python3_12["python3.12"]\n    node_venv_lib_python3_12 --> node_venv_lib_python3_12_site-packages["site-packages"]\n    node_venv_lib_python3_12_site-packages --> node_venv_lib_python3_12_site-packages_PyQt6["PyQt6"]\n    node_venv_lib_python3_12_site-packages_PyQt6 --> node_venv_lib_python3_12_site-packages_PyQt6_Qt6["Qt6"]\n    node_venv_lib_python3_12_site-packages_PyQt6_Qt6 --> node_venv_lib_python3_12_site-packages_PyQt6_Qt6_qml["qml"]\n    node_venv_lib_python3_12_site-packages_PyQt6_Qt6_qml --> node_venv_lib_python3_12_site-packages_PyQt6_Qt6_qml_QtQuick3D["QtQuick3D"]\n    node_venv_lib_python3_12_site-packages_PyQt6_Qt6_qml_QtQuick3D --> node_venv_lib_python3_12_site-packages_PyQt6_Qt6_qml_QtQuick3D_Physics["Physics"]\n    node_venv_lib_python3_12_site-packages_PyQt6_Qt6_qml_QtQuick3D_Physics --> node_venv_lib_python3_12_site-packages_PyQt6_Qt6_qml_QtQuick3D_Physics_designer["designer"]\n    node_venv_lib_python3_12_site-packages_PyQt6_Qt6_qml_QtQuick3D_Physics_designer --> node_venv_lib_python3_12_site-packages_PyQt6_Qt6_qml_QtQuick3D_Physics_designer_NodeSection_qml["NodeSection.qml"]\n    Root --> node_venv["venv"]\n    node_venv --> node_venv_lib["lib"]\n    node_venv_lib --> node_venv_lib_python3_12["python3.12"]\n    node_venv_lib_python3_12 --> node_venv_lib_python3_12_site-packages["site-packages"]\n    node_venv_lib_python3_12_site-packages --> node_venv_lib_python3_12_site-packages_PyQt6["PyQt6"]\n    node_venv_lib_python3_12_site-packages_PyQt6 --> node_venv_lib_python3_12_site-packages_PyQt6_Qt6["Qt6"]\n    node_venv_lib_python3_12_site-packages_PyQt6_Qt6 --> node_venv_lib_python3_12_site-packages_PyQt6_Qt6_qml["qml"]\n    node_venv_lib_python3_12_site-packages_PyQt6_Qt6_qml --> node_venv_lib_python3_12_site-packages_PyQt6_Qt6_qml_QtQuick3D["QtQuick3D"]\n    node_venv_lib_python3_12_site-packages_PyQt6_Qt6_qml_QtQuick3D --> node_venv_lib_python3_12_site-packages_PyQt6_Qt6_qml_QtQuick3D_Physics["Physics"]\n    node_venv_lib_python3_12_site-packages_PyQt6_Qt6_qml_QtQuick3D_Physics --> node_venv_lib_python3_12_site-packages_PyQt6_Qt6_qml_QtQuick3D_Physics_designer["designer"]\n    node_venv_lib_python3_12_site-packages_PyQt6_Qt6_qml_QtQuick3D_Physics_designer --> node_venv_lib_python3_12_site-packages_PyQt6_Qt6_qml_QtQuick3D_Physics_designer_PhysicsBodySection_qml["PhysicsBodySection.qml"]\n    Root --> node_venv["venv"]\n    node_venv --> node_venv_lib["lib"]\n    node_venv_lib --> node_venv_lib_python3_12["python3.12"]\n    node_venv_lib_python3_12 --> node_venv_lib_python3_12_site-packages["site-packages"]\n    node_venv_lib_python3_12_site-packages --> node_venv_lib_python3_12_site-packages_PyQt6["PyQt6"]\n    node_venv_lib_python3_12_site-packages_PyQt6 --> node_venv_lib_python3_12_site-packages_PyQt6_Qt6["Qt6"]\n    node_venv_lib_python3_12_site-packages_PyQt6_Qt6 --> node_venv_lib_python3_12_site-packages_PyQt6_Qt6_qml["qml"]\n    node_venv_lib_python3_12_site-packages_PyQt6_Qt6_qml --> node_venv_lib_python3_12_site-packages_PyQt6_Qt6_qml_QtQuick3D["QtQuick3D"]\n    node_venv_lib_python3_12_site-packages_PyQt6_Qt6_qml_QtQuick3D --> node_venv_lib_python3_12_site-packages_PyQt6_Qt6_qml_QtQuick3D_Physics["Physics"]\n    node_venv_lib_python3_12_site-packages_PyQt6_Qt6_qml_QtQuick3D_Physics --> node_venv_lib_python3_12_site-packages_PyQt6_Qt6_qml_QtQuick3D_Physics_designer["designer"]\n    node_venv_lib_python3_12_site-packages_PyQt6_Qt6_qml_QtQuick3D_Physics_designer --> node_venv_lib_python3_12_site-packages_PyQt6_Qt6_qml_QtQuick3D_Physics_designer_PhysicsMaterialSection_qml["PhysicsMaterialSection.qml"]\n    Root --> node_venv["venv"]\n    node_venv --> node_venv_lib["lib"]\n    node_venv_lib --> node_venv_lib_python3_12["python3.12"]\n    node_venv_lib_python3_12 --> node_venv_lib_python3_12_site-packages["site-packages"]\n    node_venv_lib_python3_12_site-packages --> node_venv_lib_python3_12_site-packages_PyQt6["PyQt6"]\n    node_venv_lib_python3_12_site-packages_PyQt6 --> node_venv_lib_python3_12_site-packages_PyQt6_Qt6["Qt6"]\n    node_venv_lib_python3_12_site-packages_PyQt6_Qt6 --> node_venv_lib_python3_12_site-packages_PyQt6_Qt6_qml["qml"]\n    node_venv_lib_python3_12_site-packages_PyQt6_Qt6_qml --> node_venv_lib_python3_12_site-packages_PyQt6_Qt6_qml_QtQuick3D["QtQuick3D"]\n    node_venv_lib_python3_12_site-packages_PyQt6_Qt6_qml_QtQuick3D --> node_venv_lib_python3_12_site-packages_PyQt6_Qt6_qml_QtQuick3D_Physics["Physics"]\n    node_venv_lib_python3_12_site-packages_PyQt6_Qt6_qml_QtQuick3D_Physics --> node_venv_lib_python3_12_site-packages_PyQt6_Qt6_qml_QtQuick3D_Physics_designer["designer"]\n    node_venv_lib_python3_12_site-packages_PyQt6_Qt6_qml_QtQuick3D_Physics_designer --> node_venv_lib_python3_12_site-packages_PyQt6_Qt6_qml_QtQuick3D_Physics_designer_PhysicsMaterialSpecifics_qml["PhysicsMaterialSpecifics.qml"]\n    Root --> node_venv["venv"]\n    node_venv --> node_venv_lib["lib"]\n    node_venv_lib --> node_venv_lib_python3_12["python3.12"]\n    node_venv_lib_python3_12 --> node_venv_lib_python3_12_site-packages["site-packages"]\n    node_venv_lib_python3_12_site-packages --> node_venv_lib_python3_12_site-packages_PyQt6["PyQt6"]\n    node_venv_lib_python3_12_site-packages_PyQt6 --> node_venv_lib_python3_12_site-packages_PyQt6_Qt6["Qt6"]\n    node_venv_lib_python3_12_site-packages_PyQt6_Qt6 --> node_venv_lib_python3_12_site-packages_PyQt6_Qt6_qml["qml"]\n    node_venv_lib_python3_12_site-packages_PyQt6_Qt6_qml --> node_venv_lib_python3_12_site-packages_PyQt6_Qt6_qml_QtQuick3D["QtQuick3D"]\n    node_venv_lib_python3_12_site-packages_PyQt6_Qt6_qml_QtQuick3D --> node_venv_lib_python3_12_site-packages_PyQt6_Qt6_qml_QtQuick3D_Physics["Physics"]\n    node_venv_lib_python3_12_site-packages_PyQt6_Qt6_qml_QtQuick3D_Physics --> node_venv_lib_python3_12_site-packages_PyQt6_Qt6_qml_QtQuick3D_Physics_designer["designer"]\n    node_venv_lib_python3_12_site-packages_PyQt6_Qt6_qml_QtQuick3D_Physics_designer --> node_venv_lib_python3_12_site-packages_PyQt6_Qt6_qml_QtQuick3D_Physics_designer_PhysicsNodeSection_qml["PhysicsNodeSection.qml"]\n    Root --> node_venv["venv"]\n    node_venv --> node_venv_lib["lib"]\n    node_venv_lib --> node_venv_lib_python3_12["python3.12"]\n    node_venv_lib_python3_12 --> node_venv_lib_python3_12_site-packages["site-packages"]\n    node_venv_lib_python3_12_site-packages --> node_venv_lib_python3_12_site-packages_PyQt6["PyQt6"]\n    node_venv_lib_python3_12_site-packages_PyQt6 --> node_venv_lib_python3_12_site-packages_PyQt6_Qt6["Qt6"]\n    node_venv_lib_python3_12_site-packages_PyQt6_Qt6 --> node_venv_lib_python3_12_site-packages_PyQt6_Qt6_qml["qml"]\n    node_venv_lib_python3_12_site-packages_PyQt6_Qt6_qml --> node_venv_lib_python3_12_site-packages_PyQt6_Qt6_qml_QtQuick3D["QtQuick3D"]\n    node_venv_lib_python3_12_site-packages_PyQt6_Qt6_qml_QtQuick3D --> node_venv_lib_python3_12_site-packages_PyQt6_Qt6_qml_QtQuick3D_Physics["Physics"]\n    node_venv_lib_python3_12_site-packages_PyQt6_Qt6_qml_QtQuick3D_Physics --> node_venv_lib_python3_12_site-packages_PyQt6_Qt6_qml_QtQuick3D_Physics_designer["designer"]\n    node_venv_lib_python3_12_site-packages_PyQt6_Qt6_qml_QtQuick3D_Physics_designer --> node_venv_lib_python3_12_site-packages_PyQt6_Qt6_qml_QtQuick3D_Physics_designer_PhysicsWorldSection_qml["PhysicsWorldSection.qml"]\n    Root --> node_venv["venv"]\n    node_venv --> node_venv_lib["lib"]\n    node_venv_lib --> node_venv_lib_python3_12["python3.12"]\n    node_venv_lib_python3_12 --> node_venv_lib_python3_12_site-packages["site-packages"]\n    node_venv_lib_python3_12_site-packages --> node_venv_lib_python3_12_site-packages_PyQt6["PyQt6"]\n    node_venv_lib_python3_12_site-packages_PyQt6 --> node_venv_lib_python3_12_site-packages_PyQt6_Qt6["Qt6"]\n    node_venv_lib_python3_12_site-packages_PyQt6_Qt6 --> node_venv_lib_python3_12_site-packages_PyQt6_Qt6_qml["qml"]\n    node_venv_lib_python3_12_site-packages_PyQt6_Qt6_qml --> node_venv_lib_python3_12_site-packages_PyQt6_Qt6_qml_QtQuick3D["QtQuick3D"]\n    node_venv_lib_python3_12_site-packages_PyQt6_Qt6_qml_QtQuick3D --> node_venv_lib_python3_12_site-packages_PyQt6_Qt6_qml_QtQuick3D_Physics["Physics"]\n    node_venv_lib_python3_12_site-packages_PyQt6_Qt6_qml_QtQuick3D_Physics --> node_venv_lib_python3_12_site-packages_PyQt6_Qt6_qml_QtQuick3D_Physics_designer["designer"]\n    node_venv_lib_python3_12_site-packages_PyQt6_Qt6_qml_QtQuick3D_Physics_designer --> node_venv_lib_python3_12_site-packages_PyQt6_Qt6_qml_QtQuick3D_Physics_designer_PhysicsWorldSpecifics_qml["PhysicsWorldSpecifics.qml"]\n    Root --> node_venv["venv"]\n    node_venv --> node_venv_lib["lib"]\n    node_venv_lib --> node_venv_lib_python3_12["python3.12"]\n    node_venv_lib_python3_12 --> node_venv_lib_python3_12_site-packages["site-packages"]\n    node_venv_lib_python3_12_site-packages --> node_venv_lib_python3_12_site-packages_PyQt6["PyQt6"]\n    node_venv_lib_python3_12_site-packages_PyQt6 --> node_venv_lib_python3_12_site-packages_PyQt6_Qt6["Qt6"]\n    node_venv_lib_python3_12_site-packages_PyQt6_Qt6 --> node_venv_lib_python3_12_site-packages_PyQt6_Qt6_qml["qml"]\n    node_venv_lib_python3_12_site-packages_PyQt6_Qt6_qml --> node_venv_lib_python3_12_site-packages_PyQt6_Qt6_qml_QtQuick3D["QtQuick3D"]\n    node_venv_lib_python3_12_site-packages_PyQt6_Qt6_qml_QtQuick3D --> node_venv_lib_python3_12_site-packages_PyQt6_Qt6_qml_QtQuick3D_Physics["Physics"]\n    node_venv_lib_python3_12_site-packages_PyQt6_Qt6_qml_QtQuick3D_Physics --> node_venv_lib_python3_12_site-packages_PyQt6_Qt6_qml_QtQuick3D_Physics_designer["designer"]\n    node_venv_lib_python3_12_site-packages_PyQt6_Qt6_qml_QtQuick3D_Physics_designer --> node_venv_lib_python3_12_site-packages_PyQt6_Qt6_qml_QtQuick3D_Physics_designer_PlaneShapeSpecifics_qml["PlaneShapeSpecifics.qml"]\n    Root --> node_venv["venv"]\n    node_venv --> node_venv_lib["lib"]\n    node_venv_lib --> node_venv_lib_python3_12["python3.12"]\n    node_venv_lib_python3_12 --> node_venv_lib_python3_12_site-packages["site-packages"]\n    node_venv_lib_python3_12_site-packages --> node_venv_lib_python3_12_site-packages_PyQt6["PyQt6"]\n    node_venv_lib_python3_12_site-packages_PyQt6 --> node_venv_lib_python3_12_site-packages_PyQt6_Qt6["Qt6"]\n    node_venv_lib_python3_12_site-packages_PyQt6_Qt6 --> node_venv_lib_python3_12_site-packages_PyQt6_Qt6_qml["qml"]\n    node_venv_lib_python3_12_site-packages_PyQt6_Qt6_qml --> node_venv_lib_python3_12_site-packages_PyQt6_Qt6_qml_QtQuick3D["QtQuick3D"]\n    node_venv_lib_python3_12_site-packages_PyQt6_Qt6_qml_QtQuick3D --> node_venv_lib_python3_12_site-packages_PyQt6_Qt6_qml_QtQuick3D_Physics["Physics"]\n    node_venv_lib_python3_12_site-packages_PyQt6_Qt6_qml_QtQuick3D_Physics --> node_venv_lib_python3_12_site-packages_PyQt6_Qt6_qml_QtQuick3D_Physics_designer["designer"]\n    node_venv_lib_python3_12_site-packages_PyQt6_Qt6_qml_QtQuick3D_Physics_designer --> node_venv_lib_python3_12_site-packages_PyQt6_Qt6_qml_QtQuick3D_Physics_designer_SphereShapeSection_qml["SphereShapeSection.qml"]\n    Root --> node_venv["venv"]\n    node_venv --> node_venv_lib["lib"]\n    node_venv_lib --> node_venv_lib_python3_12["python3.12"]\n    node_venv_lib_python3_12 --> node_venv_lib_python3_12_site-packages["site-packages"]\n    node_venv_lib_python3_12_site-packages --> node_venv_lib_python3_12_site-packages_PyQt6["PyQt6"]\n    node_venv_lib_python3_12_site-packages_PyQt6 --> node_venv_lib_python3_12_site-packages_PyQt6_Qt6["Qt6"]\n    node_venv_lib_python3_12_site-packages_PyQt6_Qt6 --> node_venv_lib_python3_12_site-packages_PyQt6_Qt6_qml["qml"]\n    node_venv_lib_python3_12_site-packages_PyQt6_Qt6_qml --> node_venv_lib_python3_12_site-packages_PyQt6_Qt6_qml_QtQuick3D["QtQuick3D"]\n    node_venv_lib_python3_12_site-packages_PyQt6_Qt6_qml_QtQuick3D --> node_venv_lib_python3_12_site-packages_PyQt6_Qt6_qml_QtQuick3D_Physics["Physics"]\n    node_venv_lib_python3_12_site-packages_PyQt6_Qt6_qml_QtQuick3D_Physics --> node_venv_lib_python3_12_site-packages_PyQt6_Qt6_qml_QtQuick3D_Physics_designer["designer"]\n    node_venv_lib_python3_12_site-packages_PyQt6_Qt6_qml_QtQuick3D_Physics_designer --> node_venv_lib_python3_12_site-packages_PyQt6_Qt6_qml_QtQuick3D_Physics_designer_SphereShapeSpecifics_qml["SphereShapeSpecifics.qml"]\n    Root --> node_venv["venv"]\n    node_venv --> node_venv_lib["lib"]\n    node_venv_lib --> node_venv_lib_python3_12["python3.12"]\n    node_venv_lib_python3_12 --> node_venv_lib_python3_12_site-packages["site-packages"]\n    node_venv_lib_python3_12_site-packages --> node_venv_lib_python3_12_site-packages_PyQt6["PyQt6"]\n    node_venv_lib_python3_12_site-packages_PyQt6 --> node_venv_lib_python3_12_site-packages_PyQt6_Qt6["Qt6"]\n    node_venv_lib_python3_12_site-packages_PyQt6_Qt6 --> node_venv_lib_python3_12_site-packages_PyQt6_Qt6_qml["qml"]\n    node_venv_lib_python3_12_site-packages_PyQt6_Qt6_qml --> node_venv_lib_python3_12_site-packages_PyQt6_Qt6_qml_QtQuick3D["QtQuick3D"]\n    node_venv_lib_python3_12_site-packages_PyQt6_Qt6_qml_QtQuick3D --> node_venv_lib_python3_12_site-packages_PyQt6_Qt6_qml_QtQuick3D_Physics["Physics"]\n    node_venv_lib_python3_12_site-packages_PyQt6_Qt6_qml_QtQuick3D_Physics --> node_venv_lib_python3_12_site-packages_PyQt6_Qt6_qml_QtQuick3D_Physics_designer["designer"]\n    node_venv_lib_python3_12_site-packages_PyQt6_Qt6_qml_QtQuick3D_Physics_designer --> node_venv_lib_python3_12_site-packages_PyQt6_Qt6_qml_QtQuick3D_Physics_designer_StaticRigidBodySpecifics_qml["StaticRigidBodySpecifics.qml"]\n    Root --> node_venv["venv"]\n    node_venv --> node_venv_lib["lib"]\n    node_venv_lib --> node_venv_lib_python3_12["python3.12"]\n    node_venv_lib_python3_12 --> node_venv_lib_python3_12_site-packages["site-packages"]\n    node_venv_lib_python3_12_site-packages --> node_venv_lib_python3_12_site-packages_PyQt6["PyQt6"]\n    node_venv_lib_python3_12_site-packages_PyQt6 --> node_venv_lib_python3_12_site-packages_PyQt6_Qt6["Qt6"]\n    node_venv_lib_python3_12_site-packages_PyQt6_Qt6 --> node_venv_lib_python3_12_site-packages_PyQt6_Qt6_qml["qml"]\n    node_venv_lib_python3_12_site-packages_PyQt6_Qt6_qml --> node_venv_lib_python3_12_site-packages_PyQt6_Qt6_qml_QtQuick3D["QtQuick3D"]\n    node_venv_lib_python3_12_site-packages_PyQt6_Qt6_qml_QtQuick3D --> node_venv_lib_python3_12_site-packages_PyQt6_Qt6_qml_QtQuick3D_Physics["Physics"]\n    node_venv_lib_python3_12_site-packages_PyQt6_Qt6_qml_QtQuick3D_Physics --> node_venv_lib_python3_12_site-packages_PyQt6_Qt6_qml_QtQuick3D_Physics_designer["designer"]\n    node_venv_lib_python3_12_site-packages_PyQt6_Qt6_qml_QtQuick3D_Physics_designer --> node_venv_lib_python3_12_site-packages_PyQt6_Qt6_qml_QtQuick3D_Physics_designer_TriangleMeshShapeSection_qml["TriangleMeshShapeSection.qml"]\n    Root --> node_venv["venv"]\n    node_venv --> node_venv_lib["lib"]\n    node_venv_lib --> node_venv_lib_python3_12["python3.12"]\n    node_venv_lib_python3_12 --> node_venv_lib_python3_12_site-packages["site-packages"]\n    node_venv_lib_python3_12_site-packages --> node_venv_lib_python3_12_site-packages_PyQt6["PyQt6"]\n    node_venv_lib_python3_12_site-packages_PyQt6 --> node_venv_lib_python3_12_site-packages_PyQt6_Qt6["Qt6"]\n    node_venv_lib_python3_12_site-packages_PyQt6_Qt6 --> node_venv_lib_python3_12_site-packages_PyQt6_Qt6_qml["qml"]\n    node_venv_lib_python3_12_site-packages_PyQt6_Qt6_qml --> node_venv_lib_python3_12_site-packages_PyQt6_Qt6_qml_QtQuick3D["QtQuick3D"]\n    node_venv_lib_python3_12_site-packages_PyQt6_Qt6_qml_QtQuick3D --> node_venv_lib_python3_12_site-packages_PyQt6_Qt6_qml_QtQuick3D_Physics["Physics"]\n    node_venv_lib_python3_12_site-packages_PyQt6_Qt6_qml_QtQuick3D_Physics --> node_venv_lib_python3_12_site-packages_PyQt6_Qt6_qml_QtQuick3D_Physics_designer["designer"]\n    node_venv_lib_python3_12_site-packages_PyQt6_Qt6_qml_QtQuick3D_Physics_designer --> node_venv_lib_python3_12_site-packages_PyQt6_Qt6_qml_QtQuick3D_Physics_designer_TriangleMeshShapeSpecifics_qml["TriangleMeshShapeSpecifics.qml"]\n    Root --> node_venv["venv"]\n    node_venv --> node_venv_lib["lib"]\n    node_venv_lib --> node_venv_lib_python3_12["python3.12"]\n    node_venv_lib_python3_12 --> node_venv_lib_python3_12_site-packages["site-packages"]\n    node_venv_lib_python3_12_site-packages --> node_venv_lib_python3_12_site-packages_PyQt6["PyQt6"]\n    node_venv_lib_python3_12_site-packages_PyQt6 --> node_venv_lib_python3_12_site-packages_PyQt6_Qt6["Qt6"]\n    node_venv_lib_python3_12_site-packages_PyQt6_Qt6 --> node_venv_lib_python3_12_site-packages_PyQt6_Qt6_qml["qml"]\n    node_venv_lib_python3_12_site-packages_PyQt6_Qt6_qml --> node_venv_lib_python3_12_site-packages_PyQt6_Qt6_qml_QtQuick3D["QtQuick3D"]\n    node_venv_lib_python3_12_site-packages_PyQt6_Qt6_qml_QtQuick3D --> node_venv_lib_python3_12_site-packages_PyQt6_Qt6_qml_QtQuick3D_Physics["Physics"]\n    node_venv_lib_python3_12_site-packages_PyQt6_Qt6_qml_QtQuick3D_Physics --> node_venv_lib_python3_12_site-packages_PyQt6_Qt6_qml_QtQuick3D_Physics_designer["designer"]\n    node_venv_lib_python3_12_site-packages_PyQt6_Qt6_qml_QtQuick3D_Physics_designer --> node_venv_lib_python3_12_site-packages_PyQt6_Qt6_qml_QtQuick3D_Physics_designer_TriggerBodySpecifics_qml["TriggerBodySpecifics.qml"]\n    Root --> node_venv["venv"]\n    node_venv --> node_venv_lib["lib"]\n    node_venv_lib --> node_venv_lib_python3_12["python3.12"]\n    node_venv_lib_python3_12 --> node_venv_lib_python3_12_site-packages["site-packages"]\n    node_venv_lib_python3_12_site-packages --> node_venv_lib_python3_12_site-packages_PyQt6["PyQt6"]\n    node_venv_lib_python3_12_site-packages_PyQt6 --> node_venv_lib_python3_12_site-packages_PyQt6_Qt6["Qt6"]\n    node_venv_lib_python3_12_site-packages_PyQt6_Qt6 --> node_venv_lib_python3_12_site-packages_PyQt6_Qt6_qml["qml"]\n    node_venv_lib_python3_12_site-packages_PyQt6_Qt6_qml --> node_venv_lib_python3_12_site-packages_PyQt6_Qt6_qml_QtQuick3D["QtQuick3D"]\n    node_venv_lib_python3_12_site-packages_PyQt6_Qt6_qml_QtQuick3D --> node_venv_lib_python3_12_site-packages_PyQt6_Qt6_qml_QtQuick3D_Physics["Physics"]\n    node_venv_lib_python3_12_site-packages_PyQt6_Qt6_qml_QtQuick3D_Physics --> node_venv_lib_python3_12_site-packages_PyQt6_Qt6_qml_QtQuick3D_Physics_designer["designer"]\n    node_venv_lib_python3_12_site-packages_PyQt6_Qt6_qml_QtQuick3D_Physics_designer --> node_venv_lib_python3_12_site-packages_PyQt6_Qt6_qml_QtQuick3D_Physics_designer_physics_metainfo["physics.metainfo"]\n    Root --> node_venv["venv"]\n    node_venv --> node_venv_lib["lib"]\n    node_venv_lib --> node_venv_lib_python3_12["python3.12"]\n    node_venv_lib_python3_12 --> node_venv_lib_python3_12_site-packages["site-packages"]\n    node_venv_lib_python3_12_site-packages --> node_venv_lib_python3_12_site-packages_PyQt6["PyQt6"]\n    node_venv_lib_python3_12_site-packages_PyQt6 --> node_venv_lib_python3_12_site-packages_PyQt6_Qt6["Qt6"]\n    node_venv_lib_python3_12_site-packages_PyQt6_Qt6 --> node_venv_lib_python3_12_site-packages_PyQt6_Qt6_qml["qml"]\n    node_venv_lib_python3_12_site-packages_PyQt6_Qt6_qml --> node_venv_lib_python3_12_site-packages_PyQt6_Qt6_qml_QtQuick3D["QtQuick3D"]\n    node_venv_lib_python3_12_site-packages_PyQt6_Qt6_qml_QtQuick3D --> node_venv_lib_python3_12_site-packages_PyQt6_Qt6_qml_QtQuick3D_Physics["Physics"]\n    node_venv_lib_python3_12_site-packages_PyQt6_Qt6_qml_QtQuick3D_Physics --> node_venv_lib_python3_12_site-packages_PyQt6_Qt6_qml_QtQuick3D_Physics_designer["designer"]\n    node_venv_lib_python3_12_site-packages_PyQt6_Qt6_qml_QtQuick3D_Physics_designer --> node_venv_lib_python3_12_site-packages_PyQt6_Qt6_qml_QtQuick3D_Physics_designer_images["images"]\n    node_venv_lib_python3_12_site-packages_PyQt6_Qt6_qml_QtQuick3D_Physics_designer_images --> node_venv_lib_python3_12_site-packages_PyQt6_Qt6_qml_QtQuick3D_Physics_designer_images_boxshape_png["boxshape.png"]\n    Root --> node_venv["venv"]\n    node_venv --> node_venv_lib["lib"]\n    node_venv_lib --> node_venv_lib_python3_12["python3.12"]\n    node_venv_lib_python3_12 --> node_venv_lib_python3_12_site-packages["site-packages"]\n    node_venv_lib_python3_12_site-packages --> node_venv_lib_python3_12_site-packages_PyQt6["PyQt6"]\n    node_venv_lib_python3_12_site-packages_PyQt6 --> node_venv_lib_python3_12_site-packages_PyQt6_Qt6["Qt6"]\n    node_venv_lib_python3_12_site-packages_PyQt6_Qt6 --> node_venv_lib_python3_12_site-packages_PyQt6_Qt6_qml["qml"]\n    node_venv_lib_python3_12_site-packages_PyQt6_Qt6_qml --> node_venv_lib_python3_12_site-packages_PyQt6_Qt6_qml_QtQuick3D["QtQuick3D"]\n    node_venv_lib_python3_12_site-packages_PyQt6_Qt6_qml_QtQuick3D --> node_venv_lib_python3_12_site-packages_PyQt6_Qt6_qml_QtQuick3D_Physics["Physics"]\n    node_venv_lib_python3_12_site-packages_PyQt6_Qt6_qml_QtQuick3D_Physics --> node_venv_lib_python3_12_site-packages_PyQt6_Qt6_qml_QtQuick3D_Physics_designer["designer"]\n    node_venv_lib_python3_12_site-packages_PyQt6_Qt6_qml_QtQuick3D_Physics_designer --> node_venv_lib_python3_12_site-packages_PyQt6_Qt6_qml_QtQuick3D_Physics_designer_images["images"]\n    node_venv_lib_python3_12_site-packages_PyQt6_Qt6_qml_QtQuick3D_Physics_designer_images --> node_venv_lib_python3_12_site-packages_PyQt6_Qt6_qml_QtQuick3D_Physics_designer_images_boxshape16_png["boxshape16.png"]\n    Root --> node_venv["venv"]\n    node_venv --> node_venv_lib["lib"]\n    node_venv_lib --> node_venv_lib_python3_12["python3.12"]\n    node_venv_lib_python3_12 --> node_venv_lib_python3_12_site-packages["site-packages"]\n    node_venv_lib_python3_12_site-packages --> node_venv_lib_python3_12_site-packages_PyQt6["PyQt6"]\n    node_venv_lib_python3_12_site-packages_PyQt6 --> node_venv_lib_python3_12_site-packages_PyQt6_Qt6["Qt6"]\n    node_venv_lib_python3_12_site-packages_PyQt6_Qt6 --> node_venv_lib_python3_12_site-packages_PyQt6_Qt6_qml["qml"]\n    node_venv_lib_python3_12_site-packages_PyQt6_Qt6_qml --> node_venv_lib_python3_12_site-packages_PyQt6_Qt6_qml_QtQuick3D["QtQuick3D"]\n    node_venv_lib_python3_12_site-packages_PyQt6_Qt6_qml_QtQuick3D --> node_venv_lib_python3_12_site-packages_PyQt6_Qt6_qml_QtQuick3D_Physics["Physics"]\n    node_venv_lib_python3_12_site-packages_PyQt6_Qt6_qml_QtQuick3D_Physics --> node_venv_lib_python3_12_site-packages_PyQt6_Qt6_qml_QtQuick3D_Physics_designer["designer"]\n    node_venv_lib_python3_12_site-packages_PyQt6_Qt6_qml_QtQuick3D_Physics_designer --> node_venv_lib_python3_12_site-packages_PyQt6_Qt6_qml_QtQuick3D_Physics_designer_images["images"]\n    node_venv_lib_python3_12_site-packages_PyQt6_Qt6_qml_QtQuick3D_Physics_designer_images --> node_venv_lib_python3_12_site-packages_PyQt6_Qt6_qml_QtQuick3D_Physics_designer_images_boxshape@2x_png["boxshape@2x.png"]\n    Root --> node_venv["venv"]\n    node_venv --> node_venv_lib["lib"]\n    node_venv_lib --> node_venv_lib_python3_12["python3.12"]\n    node_venv_lib_python3_12 --> node_venv_lib_python3_12_site-packages["site-packages"]\n    node_venv_lib_python3_12_site-packages --> node_venv_lib_python3_12_site-packages_PyQt6["PyQt6"]\n    node_venv_lib_python3_12_site-packages_PyQt6 --> node_venv_lib_python3_12_site-packages_PyQt6_Qt6["Qt6"]\n    node_venv_lib_python3_12_site-packages_PyQt6_Qt6 --> node_venv_lib_python3_12_site-packages_PyQt6_Qt6_qml["qml"]\n    node_venv_lib_python3_12_site-packages_PyQt6_Qt6_qml --> node_venv_lib_python3_12_site-packages_PyQt6_Qt6_qml_QtQuick3D["QtQuick3D"]\n    node_venv_lib_python3_12_site-packages_PyQt6_Qt6_qml_QtQuick3D --> node_venv_lib_python3_12_site-packages_PyQt6_Qt6_qml_QtQuick3D_Physics["Physics"]\n    node_venv_lib_python3_12_site-packages_PyQt6_Qt6_qml_QtQuick3D_Physics --> node_venv_lib_python3_12_site-packages_PyQt6_Qt6_qml_QtQuick3D_Physics_designer["designer"]\n    node_venv_lib_python3_12_site-packages_PyQt6_Qt6_qml_QtQuick3D_Physics_designer --> node_venv_lib_python3_12_site-packages_PyQt6_Qt6_qml_QtQuick3D_Physics_designer_images["images"]\n    node_venv_lib_python3_12_site-packages_PyQt6_Qt6_qml_QtQuick3D_Physics_designer_images --> node_venv_lib_python3_12_site-packages_PyQt6_Qt6_qml_QtQuick3D_Physics_designer_images_capsuleshape_png["capsuleshape.png"]\n    Root --> node_venv["venv"]\n    node_venv --> node_venv_lib["lib"]\n    node_venv_lib --> node_venv_lib_python3_12["python3.12"]\n    node_venv_lib_python3_12 --> node_venv_lib_python3_12_site-packages["site-packages"]\n    node_venv_lib_python3_12_site-packages --> node_venv_lib_python3_12_site-packages_PyQt6["PyQt6"]\n    node_venv_lib_python3_12_site-packages_PyQt6 --> node_venv_lib_python3_12_site-packages_PyQt6_Qt6["Qt6"]\n    node_venv_lib_python3_12_site-packages_PyQt6_Qt6 --> node_venv_lib_python3_12_site-packages_PyQt6_Qt6_qml["qml"]\n    node_venv_lib_python3_12_site-packages_PyQt6_Qt6_qml --> node_venv_lib_python3_12_site-packages_PyQt6_Qt6_qml_QtQuick3D["QtQuick3D"]\n    node_venv_lib_python3_12_site-packages_PyQt6_Qt6_qml_QtQuick3D --> node_venv_lib_python3_12_site-packages_PyQt6_Qt6_qml_QtQuick3D_Physics["Physics"]\n    node_venv_lib_python3_12_site-packages_PyQt6_Qt6_qml_QtQuick3D_Physics --> node_venv_lib_python3_12_site-packages_PyQt6_Qt6_qml_QtQuick3D_Physics_designer["designer"]\n    node_venv_lib_python3_12_site-packages_PyQt6_Qt6_qml_QtQuick3D_Physics_designer --> node_venv_lib_python3_12_site-packages_PyQt6_Qt6_qml_QtQuick3D_Physics_designer_images["images"]\n    node_venv_lib_python3_12_site-packages_PyQt6_Qt6_qml_QtQuick3D_Physics_designer_images --> node_venv_lib_python3_12_site-packages_PyQt6_Qt6_qml_QtQuick3D_Physics_designer_images_capsuleshape16_png["capsuleshape16.png"]\n    Root --> node_venv["venv"]\n    node_venv --> node_venv_lib["lib"]\n    node_venv_lib --> node_venv_lib_python3_12["python3.12"]\n    node_venv_lib_python3_12 --> node_venv_lib_python3_12_site-packages["site-packages"]\n    node_venv_lib_python3_12_site-packages --> node_venv_lib_python3_12_site-packages_PyQt6["PyQt6"]\n    node_venv_lib_python3_12_site-packages_PyQt6 --> node_venv_lib_python3_12_site-packages_PyQt6_Qt6["Qt6"]\n    node_venv_lib_python3_12_site-packages_PyQt6_Qt6 --> node_venv_lib_python3_12_site-packages_PyQt6_Qt6_qml["qml"]\n    node_venv_lib_python3_12_site-packages_PyQt6_Qt6_qml --> node_venv_lib_python3_12_site-packages_PyQt6_Qt6_qml_QtQuick3D["QtQuick3D"]\n    node_venv_lib_python3_12_site-packages_PyQt6_Qt6_qml_QtQuick3D --> node_venv_lib_python3_12_site-packages_PyQt6_Qt6_qml_QtQuick3D_Physics["Physics"]\n    node_venv_lib_python3_12_site-packages_PyQt6_Qt6_qml_QtQuick3D_Physics --> node_venv_lib_python3_12_site-packages_PyQt6_Qt6_qml_QtQuick3D_Physics_designer["designer"]\n    node_venv_lib_python3_12_site-packages_PyQt6_Qt6_qml_QtQuick3D_Physics_designer --> node_venv_lib_python3_12_site-packages_PyQt6_Qt6_qml_QtQuick3D_Physics_designer_images["images"]\n    node_venv_lib_python3_12_site-packages_PyQt6_Qt6_qml_QtQuick3D_Physics_designer_images --> node_venv_lib_python3_12_site-packages_PyQt6_Qt6_qml_QtQuick3D_Physics_designer_images_capsuleshape@2x_png["capsuleshape@2x.png"]\n    Root --> node_venv["venv"]\n    node_venv --> node_venv_lib["lib"]\n    node_venv_lib --> node_venv_lib_python3_12["python3.12"]\n    node_venv_lib_python3_12 --> node_venv_lib_python3_12_site-packages["site-packages"]\n    node_venv_lib_python3_12_site-packages --> node_venv_lib_python3_12_site-packages_PyQt6["PyQt6"]\n    node_venv_lib_python3_12_site-packages_PyQt6 --> node_venv_lib_python3_12_site-packages_PyQt6_Qt6["Qt6"]\n    node_venv_lib_python3_12_site-packages_PyQt6_Qt6 --> node_venv_lib_python3_12_site-packages_PyQt6_Qt6_qml["qml"]\n    node_venv_lib_python3_12_site-packages_PyQt6_Qt6_qml --> node_venv_lib_python3_12_site-packages_PyQt6_Qt6_qml_QtQuick3D["QtQuick3D"]\n    node_venv_lib_python3_12_site-packages_PyQt6_Qt6_qml_QtQuick3D --> node_venv_lib_python3_12_site-packages_PyQt6_Qt6_qml_QtQuick3D_Physics["Physics"]\n    node_venv_lib_python3_12_site-packages_PyQt6_Qt6_qml_QtQuick3D_Physics --> node_venv_lib_python3_12_site-packages_PyQt6_Qt6_qml_QtQuick3D_Physics_designer["designer"]\n    node_venv_lib_python3_12_site-packages_PyQt6_Qt6_qml_QtQuick3D_Physics_designer --> node_venv_lib_python3_12_site-packages_PyQt6_Qt6_qml_QtQuick3D_Physics_designer_images["images"]\n    node_venv_lib_python3_12_site-packages_PyQt6_Qt6_qml_QtQuick3D_Physics_designer_images --> node_venv_lib_python3_12_site-packages_PyQt6_Qt6_qml_QtQuick3D_Physics_designer_images_charactercontroller_png["charactercontroller.png"]\n    Root --> node_venv["venv"]\n    node_venv --> node_venv_lib["lib"]\n    node_venv_lib --> node_venv_lib_python3_12["python3.12"]\n    node_venv_lib_python3_12 --> node_venv_lib_python3_12_site-packages["site-packages"]\n    node_venv_lib_python3_12_site-packages --> node_venv_lib_python3_12_site-packages_PyQt6["PyQt6"]\n    node_venv_lib_python3_12_site-packages_PyQt6 --> node_venv_lib_python3_12_site-packages_PyQt6_Qt6["Qt6"]\n    node_venv_lib_python3_12_site-packages_PyQt6_Qt6 --> node_venv_lib_python3_12_site-packages_PyQt6_Qt6_qml["qml"]\n    node_venv_lib_python3_12_site-packages_PyQt6_Qt6_qml --> node_venv_lib_python3_12_site-packages_PyQt6_Qt6_qml_QtQuick3D["QtQuick3D"]\n    node_venv_lib_python3_12_site-packages_PyQt6_Qt6_qml_QtQuick3D --> node_venv_lib_python3_12_site-packages_PyQt6_Qt6_qml_QtQuick3D_Physics["Physics"]\n    node_venv_lib_python3_12_site-packages_PyQt6_Qt6_qml_QtQuick3D_Physics --> node_venv_lib_python3_12_site-packages_PyQt6_Qt6_qml_QtQuick3D_Physics_designer["designer"]\n    node_venv_lib_python3_12_site-packages_PyQt6_Qt6_qml_QtQuick3D_Physics_designer --> node_venv_lib_python3_12_site-packages_PyQt6_Qt6_qml_QtQuick3D_Physics_designer_images["images"]\n    node_venv_lib_python3_12_site-packages_PyQt6_Qt6_qml_QtQuick3D_Physics_designer_images --> node_venv_lib_python3_12_site-packages_PyQt6_Qt6_qml_QtQuick3D_Physics_designer_images_charactercontroller16_png["charactercontroller16.png"]\n    Root --> node_venv["venv"]\n    node_venv --> node_venv_lib["lib"]\n    node_venv_lib --> node_venv_lib_python3_12["python3.12"]\n    node_venv_lib_python3_12 --> node_venv_lib_python3_12_site-packages["site-packages"]\n    node_venv_lib_python3_12_site-packages --> node_venv_lib_python3_12_site-packages_PyQt6["PyQt6"]\n    node_venv_lib_python3_12_site-packages_PyQt6 --> node_venv_lib_python3_12_site-packages_PyQt6_Qt6["Qt6"]\n    node_venv_lib_python3_12_site-packages_PyQt6_Qt6 --> node_venv_lib_python3_12_site-packages_PyQt6_Qt6_qml["qml"]\n    node_venv_lib_python3_12_site-packages_PyQt6_Qt6_qml --> node_venv_lib_python3_12_site-packages_PyQt6_Qt6_qml_QtQuick3D["QtQuick3D"]\n    node_venv_lib_python3_12_site-packages_PyQt6_Qt6_qml_QtQuick3D --> node_venv_lib_python3_12_site-packages_PyQt6_Qt6_qml_QtQuick3D_Physics["Physics"]\n    node_venv_lib_python3_12_site-packages_PyQt6_Qt6_qml_QtQuick3D_Physics --> node_venv_lib_python3_12_site-packages_PyQt6_Qt6_qml_QtQuick3D_Physics_designer["designer"]\n    node_venv_lib_python3_12_site-packages_PyQt6_Qt6_qml_QtQuick3D_Physics_designer --> node_venv_lib_python3_12_site-packages_PyQt6_Qt6_qml_QtQuick3D_Physics_designer_images["images"]\n    node_venv_lib_python3_12_site-packages_PyQt6_Qt6_qml_QtQuick3D_Physics_designer_images --> node_venv_lib_python3_12_site-packages_PyQt6_Qt6_qml_QtQuick3D_Physics_designer_images_charactercontroller@2x_png["charactercontroller@2x.png"]\n    Root --> node_venv["venv"]\n    node_venv --> node_venv_lib["lib"]\n    node_venv_lib --> node_venv_lib_python3_12["python3.12"]\n    node_venv_lib_python3_12 --> node_venv_lib_python3_12_site-packages["site-packages"]\n    node_venv_lib_python3_12_site-packages --> node_venv_lib_python3_12_site-packages_PyQt6["PyQt6"]\n    node_venv_lib_python3_12_site-packages_PyQt6 --> node_venv_lib_python3_12_site-packages_PyQt6_Qt6["Qt6"]\n    node_venv_lib_python3_12_site-packages_PyQt6_Qt6 --> node_venv_lib_python3_12_site-packages_PyQt6_Qt6_qml["qml"]\n    node_venv_lib_python3_12_site-packages_PyQt6_Qt6_qml --> node_venv_lib_python3_12_site-packages_PyQt6_Qt6_qml_QtQuick3D["QtQuick3D"]\n    node_venv_lib_python3_12_site-packages_PyQt6_Qt6_qml_QtQuick3D --> node_venv_lib_python3_12_site-packages_PyQt6_Qt6_qml_QtQuick3D_Physics["Physics"]\n    node_venv_lib_python3_12_site-packages_PyQt6_Qt6_qml_QtQuick3D_Physics --> node_venv_lib_python3_12_site-packages_PyQt6_Qt6_qml_QtQuick3D_Physics_designer["designer"]\n    node_venv_lib_python3_12_site-packages_PyQt6_Qt6_qml_QtQuick3D_Physics_designer --> node_venv_lib_python3_12_site-packages_PyQt6_Qt6_qml_QtQuick3D_Physics_designer_images["images"]\n    node_venv_lib_python3_12_site-packages_PyQt6_Qt6_qml_QtQuick3D_Physics_designer_images --> node_venv_lib_python3_12_site-packages_PyQt6_Qt6_qml_QtQuick3D_Physics_designer_images_convexmeshshape_png["convexmeshshape.png"]\n    Root --> node_venv["venv"]\n    node_venv --> node_venv_lib["lib"]\n    node_venv_lib --> node_venv_lib_python3_12["python3.12"]\n    node_venv_lib_python3_12 --> node_venv_lib_python3_12_site-packages["site-packages"]\n    node_venv_lib_python3_12_site-packages --> node_venv_lib_python3_12_site-packages_PyQt6["PyQt6"]\n    node_venv_lib_python3_12_site-packages_PyQt6 --> node_venv_lib_python3_12_site-packages_PyQt6_Qt6["Qt6"]\n    node_venv_lib_python3_12_site-packages_PyQt6_Qt6 --> node_venv_lib_python3_12_site-packages_PyQt6_Qt6_qml["qml"]\n    node_venv_lib_python3_12_site-packages_PyQt6_Qt6_qml --> node_venv_lib_python3_12_site-packages_PyQt6_Qt6_qml_QtQuick3D["QtQuick3D"]\n    node_venv_lib_python3_12_site-packages_PyQt6_Qt6_qml_QtQuick3D --> node_venv_lib_python3_12_site-packages_PyQt6_Qt6_qml_QtQuick3D_Physics["Physics"]\n    node_venv_lib_python3_12_site-packages_PyQt6_Qt6_qml_QtQuick3D_Physics --> node_venv_lib_python3_12_site-packages_PyQt6_Qt6_qml_QtQuick3D_Physics_designer["designer"]\n    node_venv_lib_python3_12_site-packages_PyQt6_Qt6_qml_QtQuick3D_Physics_designer --> node_venv_lib_python3_12_site-packages_PyQt6_Qt6_qml_QtQuick3D_Physics_designer_images["images"]\n    node_venv_lib_python3_12_site-packages_PyQt6_Qt6_qml_QtQuick3D_Physics_designer_images --> node_venv_lib_python3_12_site-packages_PyQt6_Qt6_qml_QtQuick3D_Physics_designer_images_convexmeshshape16_png["convexmeshshape16.png"]\n    Root --> node_venv["venv"]\n    node_venv --> node_venv_lib["lib"]\n    node_venv_lib --> node_venv_lib_python3_12["python3.12"]\n    node_venv_lib_python3_12 --> node_venv_lib_python3_12_site-packages["site-packages"]\n    node_venv_lib_python3_12_site-packages --> node_venv_lib_python3_12_site-packages_PyQt6["PyQt6"]\n    node_venv_lib_python3_12_site-packages_PyQt6 --> node_venv_lib_python3_12_site-packages_PyQt6_Qt6["Qt6"]\n    node_venv_lib_python3_12_site-packages_PyQt6_Qt6 --> node_venv_lib_python3_12_site-packages_PyQt6_Qt6_qml["qml"]\n    node_venv_lib_python3_12_site-packages_PyQt6_Qt6_qml --> node_venv_lib_python3_12_site-packages_PyQt6_Qt6_qml_QtQuick3D["QtQuick3D"]\n    node_venv_lib_python3_12_site-packages_PyQt6_Qt6_qml_QtQuick3D --> node_venv_lib_python3_12_site-packages_PyQt6_Qt6_qml_QtQuick3D_Physics["Physics"]\n    node_venv_lib_python3_12_site-packages_PyQt6_Qt6_qml_QtQuick3D_Physics --> node_venv_lib_python3_12_site-packages_PyQt6_Qt6_qml_QtQuick3D_Physics_designer["designer"]\n    node_venv_lib_python3_12_site-packages_PyQt6_Qt6_qml_QtQuick3D_Physics_designer --> node_venv_lib_python3_12_site-packages_PyQt6_Qt6_qml_QtQuick3D_Physics_designer_images["images"]\n    node_venv_lib_python3_12_site-packages_PyQt6_Qt6_qml_QtQuick3D_Physics_designer_images --> node_venv_lib_python3_12_site-packages_PyQt6_Qt6_qml_QtQuick3D_Physics_designer_images_convexmeshshape@2x_png["convexmeshshape@2x.png"]\n    Root --> node_venv["venv"]\n    node_venv --> node_venv_lib["lib"]\n    node_venv_lib --> node_venv_lib_python3_12["python3.12"]\n    node_venv_lib_python3_12 --> node_venv_lib_python3_12_site-packages["site-packages"]\n    node_venv_lib_python3_12_site-packages --> node_venv_lib_python3_12_site-packages_PyQt6["PyQt6"]\n    node_venv_lib_python3_12_site-packages_PyQt6 --> node_venv_lib_python3_12_site-packages_PyQt6_Qt6["Qt6"]\n    node_venv_lib_python3_12_site-packages_PyQt6_Qt6 --> node_venv_lib_python3_12_site-packages_PyQt6_Qt6_qml["qml"]\n    node_venv_lib_python3_12_site-packages_PyQt6_Qt6_qml --> node_venv_lib_python3_12_site-packages_PyQt6_Qt6_qml_QtQuick3D["QtQuick3D"]\n    node_venv_lib_python3_12_site-packages_PyQt6_Qt6_qml_QtQuick3D --> node_venv_lib_python3_12_site-packages_PyQt6_Qt6_qml_QtQuick3D_Physics["Physics"]\n    node_venv_lib_python3_12_site-packages_PyQt6_Qt6_qml_QtQuick3D_Physics --> node_venv_lib_python3_12_site-packages_PyQt6_Qt6_qml_QtQuick3D_Physics_designer["designer"]\n    node_venv_lib_python3_12_site-packages_PyQt6_Qt6_qml_QtQuick3D_Physics_designer --> node_venv_lib_python3_12_site-packages_PyQt6_Qt6_qml_QtQuick3D_Physics_designer_images["images"]\n    node_venv_lib_python3_12_site-packages_PyQt6_Qt6_qml_QtQuick3D_Physics_designer_images --> node_venv_lib_python3_12_site-packages_PyQt6_Qt6_qml_QtQuick3D_Physics_designer_images_dynamicrigidbody_png["dynamicrigidbody.png"]\n    Root --> node_venv["venv"]\n    node_venv --> node_venv_lib["lib"]\n    node_venv_lib --> node_venv_lib_python3_12["python3.12"]\n    node_venv_lib_python3_12 --> node_venv_lib_python3_12_site-packages["site-packages"]\n    node_venv_lib_python3_12_site-packages --> node_venv_lib_python3_12_site-packages_PyQt6["PyQt6"]\n    node_venv_lib_python3_12_site-packages_PyQt6 --> node_venv_lib_python3_12_site-packages_PyQt6_Qt6["Qt6"]\n    node_venv_lib_python3_12_site-packages_PyQt6_Qt6 --> node_venv_lib_python3_12_site-packages_PyQt6_Qt6_qml["qml"]\n    node_venv_lib_python3_12_site-packages_PyQt6_Qt6_qml --> node_venv_lib_python3_12_site-packages_PyQt6_Qt6_qml_QtQuick3D["QtQuick3D"]\n    node_venv_lib_python3_12_site-packages_PyQt6_Qt6_qml_QtQuick3D --> node_venv_lib_python3_12_site-packages_PyQt6_Qt6_qml_QtQuick3D_Physics["Physics"]\n    node_venv_lib_python3_12_site-packages_PyQt6_Qt6_qml_QtQuick3D_Physics --> node_venv_lib_python3_12_site-packages_PyQt6_Qt6_qml_QtQuick3D_Physics_designer["designer"]\n    node_venv_lib_python3_12_site-packages_PyQt6_Qt6_qml_QtQuick3D_Physics_designer --> node_venv_lib_python3_12_site-packages_PyQt6_Qt6_qml_QtQuick3D_Physics_designer_images["images"]\n    node_venv_lib_python3_12_site-packages_PyQt6_Qt6_qml_QtQuick3D_Physics_designer_images --> node_venv_lib_python3_12_site-packages_PyQt6_Qt6_qml_QtQuick3D_Physics_designer_images_dynamicrigidbody16_png["dynamicrigidbody16.png"]\n    Root --> node_venv["venv"]\n    node_venv --> node_venv_lib["lib"]\n    node_venv_lib --> node_venv_lib_python3_12["python3.12"]\n    node_venv_lib_python3_12 --> node_venv_lib_python3_12_site-packages["site-packages"]\n    node_venv_lib_python3_12_site-packages --> node_venv_lib_python3_12_site-packages_PyQt6["PyQt6"]\n    node_venv_lib_python3_12_site-packages_PyQt6 --> node_venv_lib_python3_12_site-packages_PyQt6_Qt6["Qt6"]\n    node_venv_lib_python3_12_site-packages_PyQt6_Qt6 --> node_venv_lib_python3_12_site-packages_PyQt6_Qt6_qml["qml"]\n    node_venv_lib_python3_12_site-packages_PyQt6_Qt6_qml --> node_venv_lib_python3_12_site-packages_PyQt6_Qt6_qml_QtQuick3D["QtQuick3D"]\n    node_venv_lib_python3_12_site-packages_PyQt6_Qt6_qml_QtQuick3D --> node_venv_lib_python3_12_site-packages_PyQt6_Qt6_qml_QtQuick3D_Physics["Physics"]\n    node_venv_lib_python3_12_site-packages_PyQt6_Qt6_qml_QtQuick3D_Physics --> node_venv_lib_python3_12_site-packages_PyQt6_Qt6_qml_QtQuick3D_Physics_designer["designer"]\n    node_venv_lib_python3_12_site-packages_PyQt6_Qt6_qml_QtQuick3D_Physics_designer --> node_venv_lib_python3_12_site-packages_PyQt6_Qt6_qml_QtQuick3D_Physics_designer_images["images"]\n    node_venv_lib_python3_12_site-packages_PyQt6_Qt6_qml_QtQuick3D_Physics_designer_images --> node_venv_lib_python3_12_site-packages_PyQt6_Qt6_qml_QtQuick3D_Physics_designer_images_dynamicrigidbody@2x_png["dynamicrigidbody@2x.png"]\n    Root --> node_venv["venv"]\n    node_venv --> node_venv_lib["lib"]\n    node_venv_lib --> node_venv_lib_python3_12["python3.12"]\n    node_venv_lib_python3_12 --> node_venv_lib_python3_12_site-packages["site-packages"]\n    node_venv_lib_python3_12_site-packages --> node_venv_lib_python3_12_site-packages_PyQt6["PyQt6"]\n    node_venv_lib_python3_12_site-packages_PyQt6 --> node_venv_lib_python3_12_site-packages_PyQt6_Qt6["Qt6"]\n    node_venv_lib_python3_12_site-packages_PyQt6_Qt6 --> node_venv_lib_python3_12_site-packages_PyQt6_Qt6_qml["qml"]\n    node_venv_lib_python3_12_site-packages_PyQt6_Qt6_qml --> node_venv_lib_python3_12_site-packages_PyQt6_Qt6_qml_QtQuick3D["QtQuick3D"]\n    node_venv_lib_python3_12_site-packages_PyQt6_Qt6_qml_QtQuick3D --> node_venv_lib_python3_12_site-packages_PyQt6_Qt6_qml_QtQuick3D_Physics["Physics"]\n    node_venv_lib_python3_12_site-packages_PyQt6_Qt6_qml_QtQuick3D_Physics --> node_venv_lib_python3_12_site-packages_PyQt6_Qt6_qml_QtQuick3D_Physics_designer["designer"]\n    node_venv_lib_python3_12_site-packages_PyQt6_Qt6_qml_QtQuick3D_Physics_designer --> node_venv_lib_python3_12_site-packages_PyQt6_Qt6_qml_QtQuick3D_Physics_designer_images["images"]\n    node_venv_lib_python3_12_site-packages_PyQt6_Qt6_qml_QtQuick3D_Physics_designer_images --> node_venv_lib_python3_12_site-packages_PyQt6_Qt6_qml_QtQuick3D_Physics_designer_images_heightfieldshape_png["heightfieldshape.png"]\n    Root --> node_venv["venv"]\n    node_venv --> node_venv_lib["lib"]\n    node_venv_lib --> node_venv_lib_python3_12["python3.12"]\n    node_venv_lib_python3_12 --> node_venv_lib_python3_12_site-packages["site-packages"]\n    node_venv_lib_python3_12_site-packages --> node_venv_lib_python3_12_site-packages_PyQt6["PyQt6"]\n    node_venv_lib_python3_12_site-packages_PyQt6 --> node_venv_lib_python3_12_site-packages_PyQt6_Qt6["Qt6"]\n    node_venv_lib_python3_12_site-packages_PyQt6_Qt6 --> node_venv_lib_python3_12_site-packages_PyQt6_Qt6_qml["qml"]\n    node_venv_lib_python3_12_site-packages_PyQt6_Qt6_qml --> node_venv_lib_python3_12_site-packages_PyQt6_Qt6_qml_QtQuick3D["QtQuick3D"]\n    node_venv_lib_python3_12_site-packages_PyQt6_Qt6_qml_QtQuick3D --> node_venv_lib_python3_12_site-packages_PyQt6_Qt6_qml_QtQuick3D_Physics["Physics"]\n    node_venv_lib_python3_12_site-packages_PyQt6_Qt6_qml_QtQuick3D_Physics --> node_venv_lib_python3_12_site-packages_PyQt6_Qt6_qml_QtQuick3D_Physics_designer["designer"]\n    node_venv_lib_python3_12_site-packages_PyQt6_Qt6_qml_QtQuick3D_Physics_designer --> node_venv_lib_python3_12_site-packages_PyQt6_Qt6_qml_QtQuick3D_Physics_designer_images["images"]\n    node_venv_lib_python3_12_site-packages_PyQt6_Qt6_qml_QtQuick3D_Physics_designer_images --> node_venv_lib_python3_12_site-packages_PyQt6_Qt6_qml_QtQuick3D_Physics_designer_images_heightfieldshape16_png["heightfieldshape16.png"]\n    Root --> node_venv["venv"]\n    node_venv --> node_venv_lib["lib"]\n    node_venv_lib --> node_venv_lib_python3_12["python3.12"]\n    node_venv_lib_python3_12 --> node_venv_lib_python3_12_site-packages["site-packages"]\n    node_venv_lib_python3_12_site-packages --> node_venv_lib_python3_12_site-packages_PyQt6["PyQt6"]\n    node_venv_lib_python3_12_site-packages_PyQt6 --> node_venv_lib_python3_12_site-packages_PyQt6_Qt6["Qt6"]\n    node_venv_lib_python3_12_site-packages_PyQt6_Qt6 --> node_venv_lib_python3_12_site-packages_PyQt6_Qt6_qml["qml"]\n    node_venv_lib_python3_12_site-packages_PyQt6_Qt6_qml --> node_venv_lib_python3_12_site-packages_PyQt6_Qt6_qml_QtQuick3D["QtQuick3D"]\n    node_venv_lib_python3_12_site-packages_PyQt6_Qt6_qml_QtQuick3D --> node_venv_lib_python3_12_site-packages_PyQt6_Qt6_qml_QtQuick3D_Physics["Physics"]\n    node_venv_lib_python3_12_site-packages_PyQt6_Qt6_qml_QtQuick3D_Physics --> node_venv_lib_python3_12_site-packages_PyQt6_Qt6_qml_QtQuick3D_Physics_designer["designer"]\n    node_venv_lib_python3_12_site-packages_PyQt6_Qt6_qml_QtQuick3D_Physics_designer --> node_venv_lib_python3_12_site-packages_PyQt6_Qt6_qml_QtQuick3D_Physics_designer_images["images"]\n    node_venv_lib_python3_12_site-packages_PyQt6_Qt6_qml_QtQuick3D_Physics_designer_images --> node_venv_lib_python3_12_site-packages_PyQt6_Qt6_qml_QtQuick3D_Physics_designer_images_heightfieldshape@2x_png["heightfieldshape@2x.png"]\n    Root --> node_venv["venv"]\n    node_venv --> node_venv_lib["lib"]\n    node_venv_lib --> node_venv_lib_python3_12["python3.12"]\n    node_venv_lib_python3_12 --> node_venv_lib_python3_12_site-packages["site-packages"]\n    node_venv_lib_python3_12_site-packages --> node_venv_lib_python3_12_site-packages_PyQt6["PyQt6"]\n    node_venv_lib_python3_12_site-packages_PyQt6 --> node_venv_lib_python3_12_site-packages_PyQt6_Qt6["Qt6"]\n    node_venv_lib_python3_12_site-packages_PyQt6_Qt6 --> node_venv_lib_python3_12_site-packages_PyQt6_Qt6_qml["qml"]\n    node_venv_lib_python3_12_site-packages_PyQt6_Qt6_qml --> node_venv_lib_python3_12_site-packages_PyQt6_Qt6_qml_QtQuick3D["QtQuick3D"]\n    node_venv_lib_python3_12_site-packages_PyQt6_Qt6_qml_QtQuick3D --> node_venv_lib_python3_12_site-packages_PyQt6_Qt6_qml_QtQuick3D_Physics["Physics"]\n    node_venv_lib_python3_12_site-packages_PyQt6_Qt6_qml_QtQuick3D_Physics --> node_venv_lib_python3_12_site-packages_PyQt6_Qt6_qml_QtQuick3D_Physics_designer["designer"]\n    node_venv_lib_python3_12_site-packages_PyQt6_Qt6_qml_QtQuick3D_Physics_designer --> node_venv_lib_python3_12_site-packages_PyQt6_Qt6_qml_QtQuick3D_Physics_designer_images["images"]\n    node_venv_lib_python3_12_site-packages_PyQt6_Qt6_qml_QtQuick3D_Physics_designer_images --> node_venv_lib_python3_12_site-packages_PyQt6_Qt6_qml_QtQuick3D_Physics_designer_images_physicsmaterial_png["physicsmaterial.png"]\n    Root --> node_venv["venv"]\n    node_venv --> node_venv_lib["lib"]\n    node_venv_lib --> node_venv_lib_python3_12["python3.12"]\n    node_venv_lib_python3_12 --> node_venv_lib_python3_12_site-packages["site-packages"]\n    node_venv_lib_python3_12_site-packages --> node_venv_lib_python3_12_site-packages_PyQt6["PyQt6"]\n    node_venv_lib_python3_12_site-packages_PyQt6 --> node_venv_lib_python3_12_site-packages_PyQt6_Qt6["Qt6"]\n    node_venv_lib_python3_12_site-packages_PyQt6_Qt6 --> node_venv_lib_python3_12_site-packages_PyQt6_Qt6_qml["qml"]\n    node_venv_lib_python3_12_site-packages_PyQt6_Qt6_qml --> node_venv_lib_python3_12_site-packages_PyQt6_Qt6_qml_QtQuick3D["QtQuick3D"]\n    node_venv_lib_python3_12_site-packages_PyQt6_Qt6_qml_QtQuick3D --> node_venv_lib_python3_12_site-packages_PyQt6_Qt6_qml_QtQuick3D_Physics["Physics"]\n    node_venv_lib_python3_12_site-packages_PyQt6_Qt6_qml_QtQuick3D_Physics --> node_venv_lib_python3_12_site-packages_PyQt6_Qt6_qml_QtQuick3D_Physics_designer["designer"]\n    node_venv_lib_python3_12_site-packages_PyQt6_Qt6_qml_QtQuick3D_Physics_designer --> node_venv_lib_python3_12_site-packages_PyQt6_Qt6_qml_QtQuick3D_Physics_designer_images["images"]\n    node_venv_lib_python3_12_site-packages_PyQt6_Qt6_qml_QtQuick3D_Physics_designer_images --> node_venv_lib_python3_12_site-packages_PyQt6_Qt6_qml_QtQuick3D_Physics_designer_images_physicsmaterial16_png["physicsmaterial16.png"]\n    Root --> node_venv["venv"]\n    node_venv --> node_venv_lib["lib"]\n    node_venv_lib --> node_venv_lib_python3_12["python3.12"]\n    node_venv_lib_python3_12 --> node_venv_lib_python3_12_site-packages["site-packages"]\n    node_venv_lib_python3_12_site-packages --> node_venv_lib_python3_12_site-packages_PyQt6["PyQt6"]\n    node_venv_lib_python3_12_site-packages_PyQt6 --> node_venv_lib_python3_12_site-packages_PyQt6_Qt6["Qt6"]\n    node_venv_lib_python3_12_site-packages_PyQt6_Qt6 --> node_venv_lib_python3_12_site-packages_PyQt6_Qt6_qml["qml"]\n    node_venv_lib_python3_12_site-packages_PyQt6_Qt6_qml --> node_venv_lib_python3_12_site-packages_PyQt6_Qt6_qml_QtQuick3D["QtQuick3D"]\n    node_venv_lib_python3_12_site-packages_PyQt6_Qt6_qml_QtQuick3D --> node_venv_lib_python3_12_site-packages_PyQt6_Qt6_qml_QtQuick3D_Physics["Physics"]\n    node_venv_lib_python3_12_site-packages_PyQt6_Qt6_qml_QtQuick3D_Physics --> node_venv_lib_python3_12_site-packages_PyQt6_Qt6_qml_QtQuick3D_Physics_designer["designer"]\n    node_venv_lib_python3_12_site-packages_PyQt6_Qt6_qml_QtQuick3D_Physics_designer --> node_venv_lib_python3_12_site-packages_PyQt6_Qt6_qml_QtQuick3D_Physics_designer_images["images"]\n    node_venv_lib_python3_12_site-packages_PyQt6_Qt6_qml_QtQuick3D_Physics_designer_images --> node_venv_lib_python3_12_site-packages_PyQt6_Qt6_qml_QtQuick3D_Physics_designer_images_physicsmaterial@2x_png["physicsmaterial@2x.png"]\n    Root --> node_venv["venv"]\n    node_venv --> node_venv_lib["lib"]\n    node_venv_lib --> node_venv_lib_python3_12["python3.12"]\n    node_venv_lib_python3_12 --> node_venv_lib_python3_12_site-packages["site-packages"]\n    node_venv_lib_python3_12_site-packages --> node_venv_lib_python3_12_site-packages_PyQt6["PyQt6"]\n    node_venv_lib_python3_12_site-packages_PyQt6 --> node_venv_lib_python3_12_site-packages_PyQt6_Qt6["Qt6"]\n    node_venv_lib_python3_12_site-packages_PyQt6_Qt6 --> node_venv_lib_python3_12_site-packages_PyQt6_Qt6_qml["qml"]\n    node_venv_lib_python3_12_site-packages_PyQt6_Qt6_qml --> node_venv_lib_python3_12_site-packages_PyQt6_Qt6_qml_QtQuick3D["QtQuick3D"]\n    node_venv_lib_python3_12_site-packages_PyQt6_Qt6_qml_QtQuick3D --> node_venv_lib_python3_12_site-packages_PyQt6_Qt6_qml_QtQuick3D_Physics["Physics"]\n    node_venv_lib_python3_12_site-packages_PyQt6_Qt6_qml_QtQuick3D_Physics --> node_venv_lib_python3_12_site-packages_PyQt6_Qt6_qml_QtQuick3D_Physics_designer["designer"]\n    node_venv_lib_python3_12_site-packages_PyQt6_Qt6_qml_QtQuick3D_Physics_designer --> node_venv_lib_python3_12_site-packages_PyQt6_Qt6_qml_QtQuick3D_Physics_designer_images["images"]\n    node_venv_lib_python3_12_site-packages_PyQt6_Qt6_qml_QtQuick3D_Physics_designer_images --> node_venv_lib_python3_12_site-packages_PyQt6_Qt6_qml_QtQuick3D_Physics_designer_images_physicsworld_png["physicsworld.png"]\n    Root --> node_venv["venv"]\n    node_venv --> node_venv_lib["lib"]\n    node_venv_lib --> node_venv_lib_python3_12["python3.12"]\n    node_venv_lib_python3_12 --> node_venv_lib_python3_12_site-packages["site-packages"]\n    node_venv_lib_python3_12_site-packages --> node_venv_lib_python3_12_site-packages_PyQt6["PyQt6"]\n    node_venv_lib_python3_12_site-packages_PyQt6 --> node_venv_lib_python3_12_site-packages_PyQt6_Qt6["Qt6"]\n    node_venv_lib_python3_12_site-packages_PyQt6_Qt6 --> node_venv_lib_python3_12_site-packages_PyQt6_Qt6_qml["qml"]\n    node_venv_lib_python3_12_site-packages_PyQt6_Qt6_qml --> node_venv_lib_python3_12_site-packages_PyQt6_Qt6_qml_QtQuick3D["QtQuick3D"]\n    node_venv_lib_python3_12_site-packages_PyQt6_Qt6_qml_QtQuick3D --> node_venv_lib_python3_12_site-packages_PyQt6_Qt6_qml_QtQuick3D_Physics["Physics"]\n    node_venv_lib_python3_12_site-packages_PyQt6_Qt6_qml_QtQuick3D_Physics --> node_venv_lib_python3_12_site-packages_PyQt6_Qt6_qml_QtQuick3D_Physics_designer["designer"]\n    node_venv_lib_python3_12_site-packages_PyQt6_Qt6_qml_QtQuick3D_Physics_designer --> node_venv_lib_python3_12_site-packages_PyQt6_Qt6_qml_QtQuick3D_Physics_designer_images["images"]\n    node_venv_lib_python3_12_site-packages_PyQt6_Qt6_qml_QtQuick3D_Physics_designer_images --> node_venv_lib_python3_12_site-packages_PyQt6_Qt6_qml_QtQuick3D_Physics_designer_images_physicsworld16_png["physicsworld16.png"]\n    Root --> node_venv["venv"]\n    node_venv --> node_venv_lib["lib"]\n    node_venv_lib --> node_venv_lib_python3_12["python3.12"]\n    node_venv_lib_python3_12 --> node_venv_lib_python3_12_site-packages["site-packages"]\n    node_venv_lib_python3_12_site-packages --> node_venv_lib_python3_12_site-packages_PyQt6["PyQt6"]\n    node_venv_lib_python3_12_site-packages_PyQt6 --> node_venv_lib_python3_12_site-packages_PyQt6_Qt6["Qt6"]\n    node_venv_lib_python3_12_site-packages_PyQt6_Qt6 --> node_venv_lib_python3_12_site-packages_PyQt6_Qt6_qml["qml"]\n    node_venv_lib_python3_12_site-packages_PyQt6_Qt6_qml --> node_venv_lib_python3_12_site-packages_PyQt6_Qt6_qml_QtQuick3D["QtQuick3D"]\n    node_venv_lib_python3_12_site-packages_PyQt6_Qt6_qml_QtQuick3D --> node_venv_lib_python3_12_site-packages_PyQt6_Qt6_qml_QtQuick3D_Physics["Physics"]\n    node_venv_lib_python3_12_site-packages_PyQt6_Qt6_qml_QtQuick3D_Physics --> node_venv_lib_python3_12_site-packages_PyQt6_Qt6_qml_QtQuick3D_Physics_designer["designer"]\n    node_venv_lib_python3_12_site-packages_PyQt6_Qt6_qml_QtQuick3D_Physics_designer --> node_venv_lib_python3_12_site-packages_PyQt6_Qt6_qml_QtQuick3D_Physics_designer_images["images"]\n    node_venv_lib_python3_12_site-packages_PyQt6_Qt6_qml_QtQuick3D_Physics_designer_images --> node_venv_lib_python3_12_site-packages_PyQt6_Qt6_qml_QtQuick3D_Physics_designer_images_physicsworld@2x_png["physicsworld@2x.png"]\n    Root --> node_venv["venv"]\n    node_venv --> node_venv_lib["lib"]\n    node_venv_lib --> node_venv_lib_python3_12["python3.12"]\n    node_venv_lib_python3_12 --> node_venv_lib_python3_12_site-packages["site-packages"]\n    node_venv_lib_python3_12_site-packages --> node_venv_lib_python3_12_site-packages_PyQt6["PyQt6"]\n    node_venv_lib_python3_12_site-packages_PyQt6 --> node_venv_lib_python3_12_site-packages_PyQt6_Qt6["Qt6"]\n    node_venv_lib_python3_12_site-packages_PyQt6_Qt6 --> node_venv_lib_python3_12_site-packages_PyQt6_Qt6_qml["qml"]\n    node_venv_lib_python3_12_site-packages_PyQt6_Qt6_qml --> node_venv_lib_python3_12_site-packages_PyQt6_Qt6_qml_QtQuick3D["QtQuick3D"]\n    node_venv_lib_python3_12_site-packages_PyQt6_Qt6_qml_QtQuick3D --> node_venv_lib_python3_12_site-packages_PyQt6_Qt6_qml_QtQuick3D_Physics["Physics"]\n    node_venv_lib_python3_12_site-packages_PyQt6_Qt6_qml_QtQuick3D_Physics --> node_venv_lib_python3_12_site-packages_PyQt6_Qt6_qml_QtQuick3D_Physics_designer["designer"]\n    node_venv_lib_python3_12_site-packages_PyQt6_Qt6_qml_QtQuick3D_Physics_designer --> node_venv_lib_python3_12_site-packages_PyQt6_Qt6_qml_QtQuick3D_Physics_designer_images["images"]\n    node_venv_lib_python3_12_site-packages_PyQt6_Qt6_qml_QtQuick3D_Physics_designer_images --> node_venv_lib_python3_12_site-packages_PyQt6_Qt6_qml_QtQuick3D_Physics_designer_images_planeshape_png["planeshape.png"]\n    Root --> node_venv["venv"]\n    node_venv --> node_venv_lib["lib"]\n    node_venv_lib --> node_venv_lib_python3_12["python3.12"]\n    node_venv_lib_python3_12 --> node_venv_lib_python3_12_site-packages["site-packages"]\n    node_venv_lib_python3_12_site-packages --> node_venv_lib_python3_12_site-packages_PyQt6["PyQt6"]\n    node_venv_lib_python3_12_site-packages_PyQt6 --> node_venv_lib_python3_12_site-packages_PyQt6_Qt6["Qt6"]\n    node_venv_lib_python3_12_site-packages_PyQt6_Qt6 --> node_venv_lib_python3_12_site-packages_PyQt6_Qt6_qml["qml"]\n    node_venv_lib_python3_12_site-packages_PyQt6_Qt6_qml --> node_venv_lib_python3_12_site-packages_PyQt6_Qt6_qml_QtQuick3D["QtQuick3D"]\n    node_venv_lib_python3_12_site-packages_PyQt6_Qt6_qml_QtQuick3D --> node_venv_lib_python3_12_site-packages_PyQt6_Qt6_qml_QtQuick3D_Physics["Physics"]\n    node_venv_lib_python3_12_site-packages_PyQt6_Qt6_qml_QtQuick3D_Physics --> node_venv_lib_python3_12_site-packages_PyQt6_Qt6_qml_QtQuick3D_Physics_designer["designer"]\n    node_venv_lib_python3_12_site-packages_PyQt6_Qt6_qml_QtQuick3D_Physics_designer --> node_venv_lib_python3_12_site-packages_PyQt6_Qt6_qml_QtQuick3D_Physics_designer_images["images"]\n    node_venv_lib_python3_12_site-packages_PyQt6_Qt6_qml_QtQuick3D_Physics_designer_images --> node_venv_lib_python3_12_site-packages_PyQt6_Qt6_qml_QtQuick3D_Physics_designer_images_planeshape16_png["planeshape16.png"]\n    Root --> node_venv["venv"]\n    node_venv --> node_venv_lib["lib"]\n    node_venv_lib --> node_venv_lib_python3_12["python3.12"]\n    node_venv_lib_python3_12 --> node_venv_lib_python3_12_site-packages["site-packages"]\n    node_venv_lib_python3_12_site-packages --> node_venv_lib_python3_12_site-packages_PyQt6["PyQt6"]\n    node_venv_lib_python3_12_site-packages_PyQt6 --> node_venv_lib_python3_12_site-packages_PyQt6_Qt6["Qt6"]\n    node_venv_lib_python3_12_site-packages_PyQt6_Qt6 --> node_venv_lib_python3_12_site-packages_PyQt6_Qt6_qml["qml"]\n    node_venv_lib_python3_12_site-packages_PyQt6_Qt6_qml --> node_venv_lib_python3_12_site-packages_PyQt6_Qt6_qml_QtQuick3D["QtQuick3D"]\n    node_venv_lib_python3_12_site-packages_PyQt6_Qt6_qml_QtQuick3D --> node_venv_lib_python3_12_site-packages_PyQt6_Qt6_qml_QtQuick3D_Physics["Physics"]\n    node_venv_lib_python3_12_site-packages_PyQt6_Qt6_qml_QtQuick3D_Physics --> node_venv_lib_python3_12_site-packages_PyQt6_Qt6_qml_QtQuick3D_Physics_designer["designer"]\n    node_venv_lib_python3_12_site-packages_PyQt6_Qt6_qml_QtQuick3D_Physics_designer --> node_venv_lib_python3_12_site-packages_PyQt6_Qt6_qml_QtQuick3D_Physics_designer_images["images"]\n    node_venv_lib_python3_12_site-packages_PyQt6_Qt6_qml_QtQuick3D_Physics_designer_images --> node_venv_lib_python3_12_site-packages_PyQt6_Qt6_qml_QtQuick3D_Physics_designer_images_planeshape@2x_png["planeshape@2x.png"]\n    Root --> node_venv["venv"]\n    node_venv --> node_venv_lib["lib"]\n    node_venv_lib --> node_venv_lib_python3_12["python3.12"]\n    node_venv_lib_python3_12 --> node_venv_lib_python3_12_site-packages["site-packages"]\n    node_venv_lib_python3_12_site-packages --> node_venv_lib_python3_12_site-packages_PyQt6["PyQt6"]\n    node_venv_lib_python3_12_site-packages_PyQt6 --> node_venv_lib_python3_12_site-packages_PyQt6_Qt6["Qt6"]\n    node_venv_lib_python3_12_site-packages_PyQt6_Qt6 --> node_venv_lib_python3_12_site-packages_PyQt6_Qt6_qml["qml"]\n    node_venv_lib_python3_12_site-packages_PyQt6_Qt6_qml --> node_venv_lib_python3_12_site-packages_PyQt6_Qt6_qml_QtQuick3D["QtQuick3D"]\n    node_venv_lib_python3_12_site-packages_PyQt6_Qt6_qml_QtQuick3D --> node_venv_lib_python3_12_site-packages_PyQt6_Qt6_qml_QtQuick3D_Physics["Physics"]\n    node_venv_lib_python3_12_site-packages_PyQt6_Qt6_qml_QtQuick3D_Physics --> node_venv_lib_python3_12_site-packages_PyQt6_Qt6_qml_QtQuick3D_Physics_designer["designer"]\n    node_venv_lib_python3_12_site-packages_PyQt6_Qt6_qml_QtQuick3D_Physics_designer --> node_venv_lib_python3_12_site-packages_PyQt6_Qt6_qml_QtQuick3D_Physics_designer_images["images"]\n    node_venv_lib_python3_12_site-packages_PyQt6_Qt6_qml_QtQuick3D_Physics_designer_images --> node_venv_lib_python3_12_site-packages_PyQt6_Qt6_qml_QtQuick3D_Physics_designer_images_sphereshape_png["sphereshape.png"]\n    Root --> node_venv["venv"]\n    node_venv --> node_venv_lib["lib"]\n    node_venv_lib --> node_venv_lib_python3_12["python3.12"]\n    node_venv_lib_python3_12 --> node_venv_lib_python3_12_site-packages["site-packages"]\n    node_venv_lib_python3_12_site-packages --> node_venv_lib_python3_12_site-packages_PyQt6["PyQt6"]\n    node_venv_lib_python3_12_site-packages_PyQt6 --> node_venv_lib_python3_12_site-packages_PyQt6_Qt6["Qt6"]\n    node_venv_lib_python3_12_site-packages_PyQt6_Qt6 --> node_venv_lib_python3_12_site-packages_PyQt6_Qt6_qml["qml"]\n    node_venv_lib_python3_12_site-packages_PyQt6_Qt6_qml --> node_venv_lib_python3_12_site-packages_PyQt6_Qt6_qml_QtQuick3D["QtQuick3D"]\n    node_venv_lib_python3_12_site-packages_PyQt6_Qt6_qml_QtQuick3D --> node_venv_lib_python3_12_site-packages_PyQt6_Qt6_qml_QtQuick3D_Physics["Physics"]\n    node_venv_lib_python3_12_site-packages_PyQt6_Qt6_qml_QtQuick3D_Physics --> node_venv_lib_python3_12_site-packages_PyQt6_Qt6_qml_QtQuick3D_Physics_designer["designer"]\n    node_venv_lib_python3_12_site-packages_PyQt6_Qt6_qml_QtQuick3D_Physics_designer --> node_venv_lib_python3_12_site-packages_PyQt6_Qt6_qml_QtQuick3D_Physics_designer_images["images"]\n    node_venv_lib_python3_12_site-packages_PyQt6_Qt6_qml_QtQuick3D_Physics_designer_images --> node_venv_lib_python3_12_site-packages_PyQt6_Qt6_qml_QtQuick3D_Physics_designer_images_sphereshape16_png["sphereshape16.png"]\n    Root --> node_venv["venv"]\n    node_venv --> node_venv_lib["lib"]\n    node_venv_lib --> node_venv_lib_python3_12["python3.12"]\n    node_venv_lib_python3_12 --> node_venv_lib_python3_12_site-packages["site-packages"]\n    node_venv_lib_python3_12_site-packages --> node_venv_lib_python3_12_site-packages_PyQt6["PyQt6"]\n    node_venv_lib_python3_12_site-packages_PyQt6 --> node_venv_lib_python3_12_site-packages_PyQt6_Qt6["Qt6"]\n    node_venv_lib_python3_12_site-packages_PyQt6_Qt6 --> node_venv_lib_python3_12_site-packages_PyQt6_Qt6_qml["qml"]\n    node_venv_lib_python3_12_site-packages_PyQt6_Qt6_qml --> node_venv_lib_python3_12_site-packages_PyQt6_Qt6_qml_QtQuick3D["QtQuick3D"]\n    node_venv_lib_python3_12_site-packages_PyQt6_Qt6_qml_QtQuick3D --> node_venv_lib_python3_12_site-packages_PyQt6_Qt6_qml_QtQuick3D_Physics["Physics"]\n    node_venv_lib_python3_12_site-packages_PyQt6_Qt6_qml_QtQuick3D_Physics --> node_venv_lib_python3_12_site-packages_PyQt6_Qt6_qml_QtQuick3D_Physics_designer["designer"]\n    node_venv_lib_python3_12_site-packages_PyQt6_Qt6_qml_QtQuick3D_Physics_designer --> node_venv_lib_python3_12_site-packages_PyQt6_Qt6_qml_QtQuick3D_Physics_designer_images["images"]\n    node_venv_lib_python3_12_site-packages_PyQt6_Qt6_qml_QtQuick3D_Physics_designer_images --> node_venv_lib_python3_12_site-packages_PyQt6_Qt6_qml_QtQuick3D_Physics_designer_images_sphereshape@2x_png["sphereshape@2x.png"]\n    Root --> node_venv["venv"]\n    node_venv --> node_venv_lib["lib"]\n    node_venv_lib --> node_venv_lib_python3_12["python3.12"]\n    node_venv_lib_python3_12 --> node_venv_lib_python3_12_site-packages["site-packages"]\n    node_venv_lib_python3_12_site-packages --> node_venv_lib_python3_12_site-packages_PyQt6["PyQt6"]\n    node_venv_lib_python3_12_site-packages_PyQt6 --> node_venv_lib_python3_12_site-packages_PyQt6_Qt6["Qt6"]\n    node_venv_lib_python3_12_site-packages_PyQt6_Qt6 --> node_venv_lib_python3_12_site-packages_PyQt6_Qt6_qml["qml"]\n    node_venv_lib_python3_12_site-packages_PyQt6_Qt6_qml --> node_venv_lib_python3_12_site-packages_PyQt6_Qt6_qml_QtQuick3D["QtQuick3D"]\n    node_venv_lib_python3_12_site-packages_PyQt6_Qt6_qml_QtQuick3D --> node_venv_lib_python3_12_site-packages_PyQt6_Qt6_qml_QtQuick3D_Physics["Physics"]\n    node_venv_lib_python3_12_site-packages_PyQt6_Qt6_qml_QtQuick3D_Physics --> node_venv_lib_python3_12_site-packages_PyQt6_Qt6_qml_QtQuick3D_Physics_designer["designer"]\n    node_venv_lib_python3_12_site-packages_PyQt6_Qt6_qml_QtQuick3D_Physics_designer --> node_venv_lib_python3_12_site-packages_PyQt6_Qt6_qml_QtQuick3D_Physics_designer_images["images"]\n    node_venv_lib_python3_12_site-packages_PyQt6_Qt6_qml_QtQuick3D_Physics_designer_images --> node_venv_lib_python3_12_site-packages_PyQt6_Qt6_qml_QtQuick3D_Physics_designer_images_staticrigidbody_png["staticrigidbody.png"]\n    Root --> node_venv["venv"]\n    node_venv --> node_venv_lib["lib"]\n    node_venv_lib --> node_venv_lib_python3_12["python3.12"]\n    node_venv_lib_python3_12 --> node_venv_lib_python3_12_site-packages["site-packages"]\n    node_venv_lib_python3_12_site-packages --> node_venv_lib_python3_12_site-packages_PyQt6["PyQt6"]\n    node_venv_lib_python3_12_site-packages_PyQt6 --> node_venv_lib_python3_12_site-packages_PyQt6_Qt6["Qt6"]\n    node_venv_lib_python3_12_site-packages_PyQt6_Qt6 --> node_venv_lib_python3_12_site-packages_PyQt6_Qt6_qml["qml"]\n    node_venv_lib_python3_12_site-packages_PyQt6_Qt6_qml --> node_venv_lib_python3_12_site-packages_PyQt6_Qt6_qml_QtQuick3D["QtQuick3D"]\n    node_venv_lib_python3_12_site-packages_PyQt6_Qt6_qml_QtQuick3D --> node_venv_lib_python3_12_site-packages_PyQt6_Qt6_qml_QtQuick3D_Physics["Physics"]\n    node_venv_lib_python3_12_site-packages_PyQt6_Qt6_qml_QtQuick3D_Physics --> node_venv_lib_python3_12_site-packages_PyQt6_Qt6_qml_QtQuick3D_Physics_designer["designer"]\n    node_venv_lib_python3_12_site-packages_PyQt6_Qt6_qml_QtQuick3D_Physics_designer --> node_venv_lib_python3_12_site-packages_PyQt6_Qt6_qml_QtQuick3D_Physics_designer_images["images"]\n    node_venv_lib_python3_12_site-packages_PyQt6_Qt6_qml_QtQuick3D_Physics_designer_images --> node_venv_lib_python3_12_site-packages_PyQt6_Qt6_qml_QtQuick3D_Physics_designer_images_staticrigidbody16_png["staticrigidbody16.png"]\n    Root --> node_venv["venv"]\n    node_venv --> node_venv_lib["lib"]\n    node_venv_lib --> node_venv_lib_python3_12["python3.12"]\n    node_venv_lib_python3_12 --> node_venv_lib_python3_12_site-packages["site-packages"]\n    node_venv_lib_python3_12_site-packages --> node_venv_lib_python3_12_site-packages_PyQt6["PyQt6"]\n    node_venv_lib_python3_12_site-packages_PyQt6 --> node_venv_lib_python3_12_site-packages_PyQt6_Qt6["Qt6"]\n    node_venv_lib_python3_12_site-packages_PyQt6_Qt6 --> node_venv_lib_python3_12_site-packages_PyQt6_Qt6_qml["qml"]\n    node_venv_lib_python3_12_site-packages_PyQt6_Qt6_qml --> node_venv_lib_python3_12_site-packages_PyQt6_Qt6_qml_QtQuick3D["QtQuick3D"]\n    node_venv_lib_python3_12_site-packages_PyQt6_Qt6_qml_QtQuick3D --> node_venv_lib_python3_12_site-packages_PyQt6_Qt6_qml_QtQuick3D_Physics["Physics"]\n    node_venv_lib_python3_12_site-packages_PyQt6_Qt6_qml_QtQuick3D_Physics --> node_venv_lib_python3_12_site-packages_PyQt6_Qt6_qml_QtQuick3D_Physics_designer["designer"]\n    node_venv_lib_python3_12_site-packages_PyQt6_Qt6_qml_QtQuick3D_Physics_designer --> node_venv_lib_python3_12_site-packages_PyQt6_Qt6_qml_QtQuick3D_Physics_designer_images["images"]\n    node_venv_lib_python3_12_site-packages_PyQt6_Qt6_qml_QtQuick3D_Physics_designer_images --> node_venv_lib_python3_12_site-packages_PyQt6_Qt6_qml_QtQuick3D_Physics_designer_images_staticrigidbody@2x_png["staticrigidbody@2x.png"]\n    Root --> node_venv["venv"]\n    node_venv --> node_venv_lib["lib"]\n    node_venv_lib --> node_venv_lib_python3_12["python3.12"]\n    node_venv_lib_python3_12 --> node_venv_lib_python3_12_site-packages["site-packages"]\n    node_venv_lib_python3_12_site-packages --> node_venv_lib_python3_12_site-packages_PyQt6["PyQt6"]\n    node_venv_lib_python3_12_site-packages_PyQt6 --> node_venv_lib_python3_12_site-packages_PyQt6_Qt6["Qt6"]\n    node_venv_lib_python3_12_site-packages_PyQt6_Qt6 --> node_venv_lib_python3_12_site-packages_PyQt6_Qt6_qml["qml"]\n    node_venv_lib_python3_12_site-packages_PyQt6_Qt6_qml --> node_venv_lib_python3_12_site-packages_PyQt6_Qt6_qml_QtQuick3D["QtQuick3D"]\n    node_venv_lib_python3_12_site-packages_PyQt6_Qt6_qml_QtQuick3D --> node_venv_lib_python3_12_site-packages_PyQt6_Qt6_qml_QtQuick3D_Physics["Physics"]\n    node_venv_lib_python3_12_site-packages_PyQt6_Qt6_qml_QtQuick3D_Physics --> node_venv_lib_python3_12_site-packages_PyQt6_Qt6_qml_QtQuick3D_Physics_designer["designer"]\n    node_venv_lib_python3_12_site-packages_PyQt6_Qt6_qml_QtQuick3D_Physics_designer --> node_venv_lib_python3_12_site-packages_PyQt6_Qt6_qml_QtQuick3D_Physics_designer_images["images"]\n    node_venv_lib_python3_12_site-packages_PyQt6_Qt6_qml_QtQuick3D_Physics_designer_images --> node_venv_lib_python3_12_site-packages_PyQt6_Qt6_qml_QtQuick3D_Physics_designer_images_trianglemeshshape_png["trianglemeshshape.png"]\n    Root --> node_venv["venv"]\n    node_venv --> node_venv_lib["lib"]\n    node_venv_lib --> node_venv_lib_python3_12["python3.12"]\n    node_venv_lib_python3_12 --> node_venv_lib_python3_12_site-packages["site-packages"]\n    node_venv_lib_python3_12_site-packages --> node_venv_lib_python3_12_site-packages_PyQt6["PyQt6"]\n    node_venv_lib_python3_12_site-packages_PyQt6 --> node_venv_lib_python3_12_site-packages_PyQt6_Qt6["Qt6"]\n    node_venv_lib_python3_12_site-packages_PyQt6_Qt6 --> node_venv_lib_python3_12_site-packages_PyQt6_Qt6_qml["qml"]\n    node_venv_lib_python3_12_site-packages_PyQt6_Qt6_qml --> node_venv_lib_python3_12_site-packages_PyQt6_Qt6_qml_QtQuick3D["QtQuick3D"]\n    node_venv_lib_python3_12_site-packages_PyQt6_Qt6_qml_QtQuick3D --> node_venv_lib_python3_12_site-packages_PyQt6_Qt6_qml_QtQuick3D_Physics["Physics"]\n    node_venv_lib_python3_12_site-packages_PyQt6_Qt6_qml_QtQuick3D_Physics --> node_venv_lib_python3_12_site-packages_PyQt6_Qt6_qml_QtQuick3D_Physics_designer["designer"]\n    node_venv_lib_python3_12_site-packages_PyQt6_Qt6_qml_QtQuick3D_Physics_designer --> node_venv_lib_python3_12_site-packages_PyQt6_Qt6_qml_QtQuick3D_Physics_designer_images["images"]\n    node_venv_lib_python3_12_site-packages_PyQt6_Qt6_qml_QtQuick3D_Physics_designer_images --> node_venv_lib_python3_12_site-packages_PyQt6_Qt6_qml_QtQuick3D_Physics_designer_images_trianglemeshshape16_png["trianglemeshshape16.png"]\n    Root --> node_venv["venv"]\n    node_venv --> node_venv_lib["lib"]\n    node_venv_lib --> node_venv_lib_python3_12["python3.12"]\n    node_venv_lib_python3_12 --> node_venv_lib_python3_12_site-packages["site-packages"]\n    node_venv_lib_python3_12_site-packages --> node_venv_lib_python3_12_site-packages_PyQt6["PyQt6"]\n    node_venv_lib_python3_12_site-packages_PyQt6 --> node_venv_lib_python3_12_site-packages_PyQt6_Qt6["Qt6"]\n    node_venv_lib_python3_12_site-packages_PyQt6_Qt6 --> node_venv_lib_python3_12_site-packages_PyQt6_Qt6_qml["qml"]\n    node_venv_lib_python3_12_site-packages_PyQt6_Qt6_qml --> node_venv_lib_python3_12_site-packages_PyQt6_Qt6_qml_QtQuick3D["QtQuick3D"]\n    node_venv_lib_python3_12_site-packages_PyQt6_Qt6_qml_QtQuick3D --> node_venv_lib_python3_12_site-packages_PyQt6_Qt6_qml_QtQuick3D_Physics["Physics"]\n    node_venv_lib_python3_12_site-packages_PyQt6_Qt6_qml_QtQuick3D_Physics --> node_venv_lib_python3_12_site-packages_PyQt6_Qt6_qml_QtQuick3D_Physics_designer["designer"]\n    node_venv_lib_python3_12_site-packages_PyQt6_Qt6_qml_QtQuick3D_Physics_designer --> node_venv_lib_python3_12_site-packages_PyQt6_Qt6_qml_QtQuick3D_Physics_designer_images["images"]\n    node_venv_lib_python3_12_site-packages_PyQt6_Qt6_qml_QtQuick3D_Physics_designer_images --> node_venv_lib_python3_12_site-packages_PyQt6_Qt6_qml_QtQuick3D_Physics_designer_images_trianglemeshshape@2x_png["trianglemeshshape@2x.png"]\n    Root --> node_venv["venv"]\n    node_venv --> node_venv_lib["lib"]\n    node_venv_lib --> node_venv_lib_python3_12["python3.12"]\n    node_venv_lib_python3_12 --> node_venv_lib_python3_12_site-packages["site-packages"]\n    node_venv_lib_python3_12_site-packages --> node_venv_lib_python3_12_site-packages_PyQt6["PyQt6"]\n    node_venv_lib_python3_12_site-packages_PyQt6 --> node_venv_lib_python3_12_site-packages_PyQt6_Qt6["Qt6"]\n    node_venv_lib_python3_12_site-packages_PyQt6_Qt6 --> node_venv_lib_python3_12_site-packages_PyQt6_Qt6_qml["qml"]\n    node_venv_lib_python3_12_site-packages_PyQt6_Qt6_qml --> node_venv_lib_python3_12_site-packages_PyQt6_Qt6_qml_QtQuick3D["QtQuick3D"]\n    node_venv_lib_python3_12_site-packages_PyQt6_Qt6_qml_QtQuick3D --> node_venv_lib_python3_12_site-packages_PyQt6_Qt6_qml_QtQuick3D_Physics["Physics"]\n    node_venv_lib_python3_12_site-packages_PyQt6_Qt6_qml_QtQuick3D_Physics --> node_venv_lib_python3_12_site-packages_PyQt6_Qt6_qml_QtQuick3D_Physics_designer["designer"]\n    node_venv_lib_python3_12_site-packages_PyQt6_Qt6_qml_QtQuick3D_Physics_designer --> node_venv_lib_python3_12_site-packages_PyQt6_Qt6_qml_QtQuick3D_Physics_designer_images["images"]\n    node_venv_lib_python3_12_site-packages_PyQt6_Qt6_qml_QtQuick3D_Physics_designer_images --> node_venv_lib_python3_12_site-packages_PyQt6_Qt6_qml_QtQuick3D_Physics_designer_images_triggerbody_png["triggerbody.png"]\n    Root --> node_venv["venv"]\n    node_venv --> node_venv_lib["lib"]\n    node_venv_lib --> node_venv_lib_python3_12["python3.12"]\n    node_venv_lib_python3_12 --> node_venv_lib_python3_12_site-packages["site-packages"]\n    node_venv_lib_python3_12_site-packages --> node_venv_lib_python3_12_site-packages_PyQt6["PyQt6"]\n    node_venv_lib_python3_12_site-packages_PyQt6 --> node_venv_lib_python3_12_site-packages_PyQt6_Qt6["Qt6"]\n    node_venv_lib_python3_12_site-packages_PyQt6_Qt6 --> node_venv_lib_python3_12_site-packages_PyQt6_Qt6_qml["qml"]\n    node_venv_lib_python3_12_site-packages_PyQt6_Qt6_qml --> node_venv_lib_python3_12_site-packages_PyQt6_Qt6_qml_QtQuick3D["QtQuick3D"]\n    node_venv_lib_python3_12_site-packages_PyQt6_Qt6_qml_QtQuick3D --> node_venv_lib_python3_12_site-packages_PyQt6_Qt6_qml_QtQuick3D_Physics["Physics"]\n    node_venv_lib_python3_12_site-packages_PyQt6_Qt6_qml_QtQuick3D_Physics --> node_venv_lib_python3_12_site-packages_PyQt6_Qt6_qml_QtQuick3D_Physics_designer["designer"]\n    node_venv_lib_python3_12_site-packages_PyQt6_Qt6_qml_QtQuick3D_Physics_designer --> node_venv_lib_python3_12_site-packages_PyQt6_Qt6_qml_QtQuick3D_Physics_designer_images["images"]\n    node_venv_lib_python3_12_site-packages_PyQt6_Qt6_qml_QtQuick3D_Physics_designer_images --> node_venv_lib_python3_12_site-packages_PyQt6_Qt6_qml_QtQuick3D_Physics_designer_images_triggerbody16_png["triggerbody16.png"]\n    Root --> node_venv["venv"]\n    node_venv --> node_venv_lib["lib"]\n    node_venv_lib --> node_venv_lib_python3_12["python3.12"]\n    node_venv_lib_python3_12 --> node_venv_lib_python3_12_site-packages["site-packages"]\n    node_venv_lib_python3_12_site-packages --> node_venv_lib_python3_12_site-packages_PyQt6["PyQt6"]\n    node_venv_lib_python3_12_site-packages_PyQt6 --> node_venv_lib_python3_12_site-packages_PyQt6_Qt6["Qt6"]\n    node_venv_lib_python3_12_site-packages_PyQt6_Qt6 --> node_venv_lib_python3_12_site-packages_PyQt6_Qt6_qml["qml"]\n    node_venv_lib_python3_12_site-packages_PyQt6_Qt6_qml --> node_venv_lib_python3_12_site-packages_PyQt6_Qt6_qml_QtQuick3D["QtQuick3D"]\n    node_venv_lib_python3_12_site-packages_PyQt6_Qt6_qml_QtQuick3D --> node_venv_lib_python3_12_site-packages_PyQt6_Qt6_qml_QtQuick3D_Physics["Physics"]\n    node_venv_lib_python3_12_site-packages_PyQt6_Qt6_qml_QtQuick3D_Physics --> node_venv_lib_python3_12_site-packages_PyQt6_Qt6_qml_QtQuick3D_Physics_designer["designer"]\n    node_venv_lib_python3_12_site-packages_PyQt6_Qt6_qml_QtQuick3D_Physics_designer --> node_venv_lib_python3_12_site-packages_PyQt6_Qt6_qml_QtQuick3D_Physics_designer_images["images"]\n    node_venv_lib_python3_12_site-packages_PyQt6_Qt6_qml_QtQuick3D_Physics_designer_images --> node_venv_lib_python3_12_site-packages_PyQt6_Qt6_qml_QtQuick3D_Physics_designer_images_triggerbody@2x_png["triggerbody@2x.png"]\n    Root --> node_venv["venv"]\n    node_venv --> node_venv_lib["lib"]\n    node_venv_lib --> node_venv_lib_python3_12["python3.12"]\n    node_venv_lib_python3_12 --> node_venv_lib_python3_12_site-packages["site-packages"]\n    node_venv_lib_python3_12_site-packages --> node_venv_lib_python3_12_site-packages_PyQt6["PyQt6"]\n    node_venv_lib_python3_12_site-packages_PyQt6 --> node_venv_lib_python3_12_site-packages_PyQt6_Qt6["Qt6"]\n    node_venv_lib_python3_12_site-packages_PyQt6_Qt6 --> node_venv_lib_python3_12_site-packages_PyQt6_Qt6_qml["qml"]\n    node_venv_lib_python3_12_site-packages_PyQt6_Qt6_qml --> node_venv_lib_python3_12_site-packages_PyQt6_Qt6_qml_QtQuick3D["QtQuick3D"]\n    node_venv_lib_python3_12_site-packages_PyQt6_Qt6_qml_QtQuick3D --> node_venv_lib_python3_12_site-packages_PyQt6_Qt6_qml_QtQuick3D_Physics["Physics"]\n    node_venv_lib_python3_12_site-packages_PyQt6_Qt6_qml_QtQuick3D_Physics --> node_venv_lib_python3_12_site-packages_PyQt6_Qt6_qml_QtQuick3D_Physics_Helpers["Helpers"]\n    node_venv_lib_python3_12_site-packages_PyQt6_Qt6_qml_QtQuick3D_Physics_Helpers --> node_venv_lib_python3_12_site-packages_PyQt6_Qt6_qml_QtQuick3D_Physics_Helpers_libqtquick3dphysicshelpersplugin_dylib["libqtquick3dphysicshelpersplugin.dylib"]\n    Root --> node_venv["venv"]\n    node_venv --> node_venv_lib["lib"]\n    node_venv_lib --> node_venv_lib_python3_12["python3.12"]\n    node_venv_lib_python3_12 --> node_venv_lib_python3_12_site-packages["site-packages"]\n    node_venv_lib_python3_12_site-packages --> node_venv_lib_python3_12_site-packages_PyQt6["PyQt6"]\n    node_venv_lib_python3_12_site-packages_PyQt6 --> node_venv_lib_python3_12_site-packages_PyQt6_Qt6["Qt6"]\n    node_venv_lib_python3_12_site-packages_PyQt6_Qt6 --> node_venv_lib_python3_12_site-packages_PyQt6_Qt6_qml["qml"]\n    node_venv_lib_python3_12_site-packages_PyQt6_Qt6_qml --> node_venv_lib_python3_12_site-packages_PyQt6_Qt6_qml_QtQuick3D["QtQuick3D"]\n    node_venv_lib_python3_12_site-packages_PyQt6_Qt6_qml_QtQuick3D --> node_venv_lib_python3_12_site-packages_PyQt6_Qt6_qml_QtQuick3D_Physics["Physics"]\n    node_venv_lib_python3_12_site-packages_PyQt6_Qt6_qml_QtQuick3D_Physics --> node_venv_lib_python3_12_site-packages_PyQt6_Qt6_qml_QtQuick3D_Physics_Helpers["Helpers"]\n    node_venv_lib_python3_12_site-packages_PyQt6_Qt6_qml_QtQuick3D_Physics_Helpers --> node_venv_lib_python3_12_site-packages_PyQt6_Qt6_qml_QtQuick3D_Physics_Helpers_plugins_qmltypes["plugins.qmltypes"]\n    Root --> node_venv["venv"]\n    node_venv --> node_venv_lib["lib"]\n    node_venv_lib --> node_venv_lib_python3_12["python3.12"]\n    node_venv_lib_python3_12 --> node_venv_lib_python3_12_site-packages["site-packages"]\n    node_venv_lib_python3_12_site-packages --> node_venv_lib_python3_12_site-packages_PyQt6["PyQt6"]\n    node_venv_lib_python3_12_site-packages_PyQt6 --> node_venv_lib_python3_12_site-packages_PyQt6_Qt6["Qt6"]\n    node_venv_lib_python3_12_site-packages_PyQt6_Qt6 --> node_venv_lib_python3_12_site-packages_PyQt6_Qt6_qml["qml"]\n    node_venv_lib_python3_12_site-packages_PyQt6_Qt6_qml --> node_venv_lib_python3_12_site-packages_PyQt6_Qt6_qml_QtQuick3D["QtQuick3D"]\n    node_venv_lib_python3_12_site-packages_PyQt6_Qt6_qml_QtQuick3D --> node_venv_lib_python3_12_site-packages_PyQt6_Qt6_qml_QtQuick3D_Physics["Physics"]\n    node_venv_lib_python3_12_site-packages_PyQt6_Qt6_qml_QtQuick3D_Physics --> node_venv_lib_python3_12_site-packages_PyQt6_Qt6_qml_QtQuick3D_Physics_Helpers["Helpers"]\n    node_venv_lib_python3_12_site-packages_PyQt6_Qt6_qml_QtQuick3D_Physics_Helpers --> node_venv_lib_python3_12_site-packages_PyQt6_Qt6_qml_QtQuick3D_Physics_Helpers_qmldir["qmldir"]\n    Root --> node_venv["venv"]\n    node_venv --> node_venv_lib["lib"]\n    node_venv_lib --> node_venv_lib_python3_12["python3.12"]\n    node_venv_lib_python3_12 --> node_venv_lib_python3_12_site-packages["site-packages"]\n    node_venv_lib_python3_12_site-packages --> node_venv_lib_python3_12_site-packages_PyQt6["PyQt6"]\n    node_venv_lib_python3_12_site-packages_PyQt6 --> node_venv_lib_python3_12_site-packages_PyQt6_Qt6["Qt6"]\n    node_venv_lib_python3_12_site-packages_PyQt6_Qt6 --> node_venv_lib_python3_12_site-packages_PyQt6_Qt6_qml["qml"]\n    node_venv_lib_python3_12_site-packages_PyQt6_Qt6_qml --> node_venv_lib_python3_12_site-packages_PyQt6_Qt6_qml_QtQuick3D["QtQuick3D"]\n    node_venv_lib_python3_12_site-packages_PyQt6_Qt6_qml_QtQuick3D --> node_venv_lib_python3_12_site-packages_PyQt6_Qt6_qml_QtQuick3D_Effects["Effects"]\n    node_venv_lib_python3_12_site-packages_PyQt6_Qt6_qml_QtQuick3D_Effects --> node_venv_lib_python3_12_site-packages_PyQt6_Qt6_qml_QtQuick3D_Effects_AdditiveColorGradient_qml["AdditiveColorGradient.qml"]\n    Root --> node_venv["venv"]\n    node_venv --> node_venv_lib["lib"]\n    node_venv_lib --> node_venv_lib_python3_12["python3.12"]\n    node_venv_lib_python3_12 --> node_venv_lib_python3_12_site-packages["site-packages"]\n    node_venv_lib_python3_12_site-packages --> node_venv_lib_python3_12_site-packages_PyQt6["PyQt6"]\n    node_venv_lib_python3_12_site-packages_PyQt6 --> node_venv_lib_python3_12_site-packages_PyQt6_Qt6["Qt6"]\n    node_venv_lib_python3_12_site-packages_PyQt6_Qt6 --> node_venv_lib_python3_12_site-packages_PyQt6_Qt6_qml["qml"]\n    node_venv_lib_python3_12_site-packages_PyQt6_Qt6_qml --> node_venv_lib_python3_12_site-packages_PyQt6_Qt6_qml_QtQuick3D["QtQuick3D"]\n    node_venv_lib_python3_12_site-packages_PyQt6_Qt6_qml_QtQuick3D --> node_venv_lib_python3_12_site-packages_PyQt6_Qt6_qml_QtQuick3D_Effects["Effects"]\n    node_venv_lib_python3_12_site-packages_PyQt6_Qt6_qml_QtQuick3D_Effects --> node_venv_lib_python3_12_site-packages_PyQt6_Qt6_qml_QtQuick3D_Effects_Blur_qml["Blur.qml"]\n    Root --> node_venv["venv"]\n    node_venv --> node_venv_lib["lib"]\n    node_venv_lib --> node_venv_lib_python3_12["python3.12"]\n    node_venv_lib_python3_12 --> node_venv_lib_python3_12_site-packages["site-packages"]\n    node_venv_lib_python3_12_site-packages --> node_venv_lib_python3_12_site-packages_PyQt6["PyQt6"]\n    node_venv_lib_python3_12_site-packages_PyQt6 --> node_venv_lib_python3_12_site-packages_PyQt6_Qt6["Qt6"]\n    node_venv_lib_python3_12_site-packages_PyQt6_Qt6 --> node_venv_lib_python3_12_site-packages_PyQt6_Qt6_qml["qml"]\n    node_venv_lib_python3_12_site-packages_PyQt6_Qt6_qml --> node_venv_lib_python3_12_site-packages_PyQt6_Qt6_qml_QtQuick3D["QtQuick3D"]\n    node_venv_lib_python3_12_site-packages_PyQt6_Qt6_qml_QtQuick3D --> node_venv_lib_python3_12_site-packages_PyQt6_Qt6_qml_QtQuick3D_Effects["Effects"]\n    node_venv_lib_python3_12_site-packages_PyQt6_Qt6_qml_QtQuick3D_Effects --> node_venv_lib_python3_12_site-packages_PyQt6_Qt6_qml_QtQuick3D_Effects_BrushStrokes_qml["BrushStrokes.qml"]\n    Root --> node_venv["venv"]\n    node_venv --> node_venv_lib["lib"]\n    node_venv_lib --> node_venv_lib_python3_12["python3.12"]\n    node_venv_lib_python3_12 --> node_venv_lib_python3_12_site-packages["site-packages"]\n    node_venv_lib_python3_12_site-packages --> node_venv_lib_python3_12_site-packages_PyQt6["PyQt6"]\n    node_venv_lib_python3_12_site-packages_PyQt6 --> node_venv_lib_python3_12_site-packages_PyQt6_Qt6["Qt6"]\n    node_venv_lib_python3_12_site-packages_PyQt6_Qt6 --> node_venv_lib_python3_12_site-packages_PyQt6_Qt6_qml["qml"]\n    node_venv_lib_python3_12_site-packages_PyQt6_Qt6_qml --> node_venv_lib_python3_12_site-packages_PyQt6_Qt6_qml_QtQuick3D["QtQuick3D"]\n    node_venv_lib_python3_12_site-packages_PyQt6_Qt6_qml_QtQuick3D --> node_venv_lib_python3_12_site-packages_PyQt6_Qt6_qml_QtQuick3D_Effects["Effects"]\n    node_venv_lib_python3_12_site-packages_PyQt6_Qt6_qml_QtQuick3D_Effects --> node_venv_lib_python3_12_site-packages_PyQt6_Qt6_qml_QtQuick3D_Effects_ChromaticAberration_qml["ChromaticAberration.qml"]\n    Root --> node_venv["venv"]\n    node_venv --> node_venv_lib["lib"]\n    node_venv_lib --> node_venv_lib_python3_12["python3.12"]\n    node_venv_lib_python3_12 --> node_venv_lib_python3_12_site-packages["site-packages"]\n    node_venv_lib_python3_12_site-packages --> node_venv_lib_python3_12_site-packages_PyQt6["PyQt6"]\n    node_venv_lib_python3_12_site-packages_PyQt6 --> node_venv_lib_python3_12_site-packages_PyQt6_Qt6["Qt6"]\n    node_venv_lib_python3_12_site-packages_PyQt6_Qt6 --> node_venv_lib_python3_12_site-packages_PyQt6_Qt6_qml["qml"]\n    node_venv_lib_python3_12_site-packages_PyQt6_Qt6_qml --> node_venv_lib_python3_12_site-packages_PyQt6_Qt6_qml_QtQuick3D["QtQuick3D"]\n    node_venv_lib_python3_12_site-packages_PyQt6_Qt6_qml_QtQuick3D --> node_venv_lib_python3_12_site-packages_PyQt6_Qt6_qml_QtQuick3D_Effects["Effects"]\n    node_venv_lib_python3_12_site-packages_PyQt6_Qt6_qml_QtQuick3D_Effects --> node_venv_lib_python3_12_site-packages_PyQt6_Qt6_qml_QtQuick3D_Effects_ColorMaster_qml["ColorMaster.qml"]\n    Root --> node_venv["venv"]\n    node_venv --> node_venv_lib["lib"]\n    node_venv_lib --> node_venv_lib_python3_12["python3.12"]\n    node_venv_lib_python3_12 --> node_venv_lib_python3_12_site-packages["site-packages"]\n    node_venv_lib_python3_12_site-packages --> node_venv_lib_python3_12_site-packages_PyQt6["PyQt6"]\n    node_venv_lib_python3_12_site-packages_PyQt6 --> node_venv_lib_python3_12_site-packages_PyQt6_Qt6["Qt6"]\n    node_venv_lib_python3_12_site-packages_PyQt6_Qt6 --> node_venv_lib_python3_12_site-packages_PyQt6_Qt6_qml["qml"]\n    node_venv_lib_python3_12_site-packages_PyQt6_Qt6_qml --> node_venv_lib_python3_12_site-packages_PyQt6_Qt6_qml_QtQuick3D["QtQuick3D"]\n    node_venv_lib_python3_12_site-packages_PyQt6_Qt6_qml_QtQuick3D --> node_venv_lib_python3_12_site-packages_PyQt6_Qt6_qml_QtQuick3D_Effects["Effects"]\n    node_venv_lib_python3_12_site-packages_PyQt6_Qt6_qml_QtQuick3D_Effects --> node_venv_lib_python3_12_site-packages_PyQt6_Qt6_qml_QtQuick3D_Effects_DepthOfFieldHQBlur_qml["DepthOfFieldHQBlur.qml"]\n    Root --> node_venv["venv"]\n    node_venv --> node_venv_lib["lib"]\n    node_venv_lib --> node_venv_lib_python3_12["python3.12"]\n    node_venv_lib_python3_12 --> node_venv_lib_python3_12_site-packages["site-packages"]\n    node_venv_lib_python3_12_site-packages --> node_venv_lib_python3_12_site-packages_PyQt6["PyQt6"]\n    node_venv_lib_python3_12_site-packages_PyQt6 --> node_venv_lib_python3_12_site-packages_PyQt6_Qt6["Qt6"]\n    node_venv_lib_python3_12_site-packages_PyQt6_Qt6 --> node_venv_lib_python3_12_site-packages_PyQt6_Qt6_qml["qml"]\n    node_venv_lib_python3_12_site-packages_PyQt6_Qt6_qml --> node_venv_lib_python3_12_site-packages_PyQt6_Qt6_qml_QtQuick3D["QtQuick3D"]\n    node_venv_lib_python3_12_site-packages_PyQt6_Qt6_qml_QtQuick3D --> node_venv_lib_python3_12_site-packages_PyQt6_Qt6_qml_QtQuick3D_Effects["Effects"]\n    node_venv_lib_python3_12_site-packages_PyQt6_Qt6_qml_QtQuick3D_Effects --> node_venv_lib_python3_12_site-packages_PyQt6_Qt6_qml_QtQuick3D_Effects_Desaturate_qml["Desaturate.qml"]\n    Root --> node_venv["venv"]\n    node_venv --> node_venv_lib["lib"]\n    node_venv_lib --> node_venv_lib_python3_12["python3.12"]\n    node_venv_lib_python3_12 --> node_venv_lib_python3_12_site-packages["site-packages"]\n    node_venv_lib_python3_12_site-packages --> node_venv_lib_python3_12_site-packages_PyQt6["PyQt6"]\n    node_venv_lib_python3_12_site-packages_PyQt6 --> node_venv_lib_python3_12_site-packages_PyQt6_Qt6["Qt6"]\n    node_venv_lib_python3_12_site-packages_PyQt6_Qt6 --> node_venv_lib_python3_12_site-packages_PyQt6_Qt6_qml["qml"]\n    node_venv_lib_python3_12_site-packages_PyQt6_Qt6_qml --> node_venv_lib_python3_12_site-packages_PyQt6_Qt6_qml_QtQuick3D["QtQuick3D"]\n    node_venv_lib_python3_12_site-packages_PyQt6_Qt6_qml_QtQuick3D --> node_venv_lib_python3_12_site-packages_PyQt6_Qt6_qml_QtQuick3D_Effects["Effects"]\n    node_venv_lib_python3_12_site-packages_PyQt6_Qt6_qml_QtQuick3D_Effects --> node_venv_lib_python3_12_site-packages_PyQt6_Qt6_qml_QtQuick3D_Effects_DistortionRipple_qml["DistortionRipple.qml"]\n    Root --> node_venv["venv"]\n    node_venv --> node_venv_lib["lib"]\n    node_venv_lib --> node_venv_lib_python3_12["python3.12"]\n    node_venv_lib_python3_12 --> node_venv_lib_python3_12_site-packages["site-packages"]\n    node_venv_lib_python3_12_site-packages --> node_venv_lib_python3_12_site-packages_PyQt6["PyQt6"]\n    node_venv_lib_python3_12_site-packages_PyQt6 --> node_venv_lib_python3_12_site-packages_PyQt6_Qt6["Qt6"]\n    node_venv_lib_python3_12_site-packages_PyQt6_Qt6 --> node_venv_lib_python3_12_site-packages_PyQt6_Qt6_qml["qml"]\n    node_venv_lib_python3_12_site-packages_PyQt6_Qt6_qml --> node_venv_lib_python3_12_site-packages_PyQt6_Qt6_qml_QtQuick3D["QtQuick3D"]\n    node_venv_lib_python3_12_site-packages_PyQt6_Qt6_qml_QtQuick3D --> node_venv_lib_python3_12_site-packages_PyQt6_Qt6_qml_QtQuick3D_Effects["Effects"]\n    node_venv_lib_python3_12_site-packages_PyQt6_Qt6_qml_QtQuick3D_Effects --> node_venv_lib_python3_12_site-packages_PyQt6_Qt6_qml_QtQuick3D_Effects_DistortionSphere_qml["DistortionSphere.qml"]\n    Root --> node_venv["venv"]\n    node_venv --> node_venv_lib["lib"]\n    node_venv_lib --> node_venv_lib_python3_12["python3.12"]\n    node_venv_lib_python3_12 --> node_venv_lib_python3_12_site-packages["site-packages"]\n    node_venv_lib_python3_12_site-packages --> node_venv_lib_python3_12_site-packages_PyQt6["PyQt6"]\n    node_venv_lib_python3_12_site-packages_PyQt6 --> node_venv_lib_python3_12_site-packages_PyQt6_Qt6["Qt6"]\n    node_venv_lib_python3_12_site-packages_PyQt6_Qt6 --> node_venv_lib_python3_12_site-packages_PyQt6_Qt6_qml["qml"]\n    node_venv_lib_python3_12_site-packages_PyQt6_Qt6_qml --> node_venv_lib_python3_12_site-packages_PyQt6_Qt6_qml_QtQuick3D["QtQuick3D"]\n    node_venv_lib_python3_12_site-packages_PyQt6_Qt6_qml_QtQuick3D --> node_venv_lib_python3_12_site-packages_PyQt6_Qt6_qml_QtQuick3D_Effects["Effects"]\n    node_venv_lib_python3_12_site-packages_PyQt6_Qt6_qml_QtQuick3D_Effects --> node_venv_lib_python3_12_site-packages_PyQt6_Qt6_qml_QtQuick3D_Effects_DistortionSpiral_qml["DistortionSpiral.qml"]\n    Root --> node_venv["venv"]\n    node_venv --> node_venv_lib["lib"]\n    node_venv_lib --> node_venv_lib_python3_12["python3.12"]\n    node_venv_lib_python3_12 --> node_venv_lib_python3_12_site-packages["site-packages"]\n    node_venv_lib_python3_12_site-packages --> node_venv_lib_python3_12_site-packages_PyQt6["PyQt6"]\n    node_venv_lib_python3_12_site-packages_PyQt6 --> node_venv_lib_python3_12_site-packages_PyQt6_Qt6["Qt6"]\n    node_venv_lib_python3_12_site-packages_PyQt6_Qt6 --> node_venv_lib_python3_12_site-packages_PyQt6_Qt6_qml["qml"]\n    node_venv_lib_python3_12_site-packages_PyQt6_Qt6_qml --> node_venv_lib_python3_12_site-packages_PyQt6_Qt6_qml_QtQuick3D["QtQuick3D"]\n    node_venv_lib_python3_12_site-packages_PyQt6_Qt6_qml_QtQuick3D --> node_venv_lib_python3_12_site-packages_PyQt6_Qt6_qml_QtQuick3D_Effects["Effects"]\n    node_venv_lib_python3_12_site-packages_PyQt6_Qt6_qml_QtQuick3D_Effects --> node_venv_lib_python3_12_site-packages_PyQt6_Qt6_qml_QtQuick3D_Effects_EdgeDetect_qml["EdgeDetect.qml"]\n    Root --> node_venv["venv"]\n    node_venv --> node_venv_lib["lib"]\n    node_venv_lib --> node_venv_lib_python3_12["python3.12"]\n    node_venv_lib_python3_12 --> node_venv_lib_python3_12_site-packages["site-packages"]\n    node_venv_lib_python3_12_site-packages --> node_venv_lib_python3_12_site-packages_PyQt6["PyQt6"]\n    node_venv_lib_python3_12_site-packages_PyQt6 --> node_venv_lib_python3_12_site-packages_PyQt6_Qt6["Qt6"]\n    node_venv_lib_python3_12_site-packages_PyQt6_Qt6 --> node_venv_lib_python3_12_site-packages_PyQt6_Qt6_qml["qml"]\n    node_venv_lib_python3_12_site-packages_PyQt6_Qt6_qml --> node_venv_lib_python3_12_site-packages_PyQt6_Qt6_qml_QtQuick3D["QtQuick3D"]\n    node_venv_lib_python3_12_site-packages_PyQt6_Qt6_qml_QtQuick3D --> node_venv_lib_python3_12_site-packages_PyQt6_Qt6_qml_QtQuick3D_Effects["Effects"]\n    node_venv_lib_python3_12_site-packages_PyQt6_Qt6_qml_QtQuick3D_Effects --> node_venv_lib_python3_12_site-packages_PyQt6_Qt6_qml_QtQuick3D_Effects_Emboss_qml["Emboss.qml"]\n    Root --> node_venv["venv"]\n    node_venv --> node_venv_lib["lib"]\n    node_venv_lib --> node_venv_lib_python3_12["python3.12"]\n    node_venv_lib_python3_12 --> node_venv_lib_python3_12_site-packages["site-packages"]\n    node_venv_lib_python3_12_site-packages --> node_venv_lib_python3_12_site-packages_PyQt6["PyQt6"]\n    node_venv_lib_python3_12_site-packages_PyQt6 --> node_venv_lib_python3_12_site-packages_PyQt6_Qt6["Qt6"]\n    node_venv_lib_python3_12_site-packages_PyQt6_Qt6 --> node_venv_lib_python3_12_site-packages_PyQt6_Qt6_qml["qml"]\n    node_venv_lib_python3_12_site-packages_PyQt6_Qt6_qml --> node_venv_lib_python3_12_site-packages_PyQt6_Qt6_qml_QtQuick3D["QtQuick3D"]\n    node_venv_lib_python3_12_site-packages_PyQt6_Qt6_qml_QtQuick3D --> node_venv_lib_python3_12_site-packages_PyQt6_Qt6_qml_QtQuick3D_Effects["Effects"]\n    node_venv_lib_python3_12_site-packages_PyQt6_Qt6_qml_QtQuick3D_Effects --> node_venv_lib_python3_12_site-packages_PyQt6_Qt6_qml_QtQuick3D_Effects_Flip_qml["Flip.qml"]\n    Root --> node_venv["venv"]\n    node_venv --> node_venv_lib["lib"]\n    node_venv_lib --> node_venv_lib_python3_12["python3.12"]\n    node_venv_lib_python3_12 --> node_venv_lib_python3_12_site-packages["site-packages"]\n    node_venv_lib_python3_12_site-packages --> node_venv_lib_python3_12_site-packages_PyQt6["PyQt6"]\n    node_venv_lib_python3_12_site-packages_PyQt6 --> node_venv_lib_python3_12_site-packages_PyQt6_Qt6["Qt6"]\n    node_venv_lib_python3_12_site-packages_PyQt6_Qt6 --> node_venv_lib_python3_12_site-packages_PyQt6_Qt6_qml["qml"]\n    node_venv_lib_python3_12_site-packages_PyQt6_Qt6_qml --> node_venv_lib_python3_12_site-packages_PyQt6_Qt6_qml_QtQuick3D["QtQuick3D"]\n    node_venv_lib_python3_12_site-packages_PyQt6_Qt6_qml_QtQuick3D --> node_venv_lib_python3_12_site-packages_PyQt6_Qt6_qml_QtQuick3D_Effects["Effects"]\n    node_venv_lib_python3_12_site-packages_PyQt6_Qt6_qml_QtQuick3D_Effects --> node_venv_lib_python3_12_site-packages_PyQt6_Qt6_qml_QtQuick3D_Effects_Fxaa_qml["Fxaa.qml"]\n    Root --> node_venv["venv"]\n    node_venv --> node_venv_lib["lib"]\n    node_venv_lib --> node_venv_lib_python3_12["python3.12"]\n    node_venv_lib_python3_12 --> node_venv_lib_python3_12_site-packages["site-packages"]\n    node_venv_lib_python3_12_site-packages --> node_venv_lib_python3_12_site-packages_PyQt6["PyQt6"]\n    node_venv_lib_python3_12_site-packages_PyQt6 --> node_venv_lib_python3_12_site-packages_PyQt6_Qt6["Qt6"]\n    node_venv_lib_python3_12_site-packages_PyQt6_Qt6 --> node_venv_lib_python3_12_site-packages_PyQt6_Qt6_qml["qml"]\n    node_venv_lib_python3_12_site-packages_PyQt6_Qt6_qml --> node_venv_lib_python3_12_site-packages_PyQt6_Qt6_qml_QtQuick3D["QtQuick3D"]\n    node_venv_lib_python3_12_site-packages_PyQt6_Qt6_qml_QtQuick3D --> node_venv_lib_python3_12_site-packages_PyQt6_Qt6_qml_QtQuick3D_Effects["Effects"]\n    node_venv_lib_python3_12_site-packages_PyQt6_Qt6_qml_QtQuick3D_Effects --> node_venv_lib_python3_12_site-packages_PyQt6_Qt6_qml_QtQuick3D_Effects_GaussianBlur_qml["GaussianBlur.qml"]\n    Root --> node_venv["venv"]\n    node_venv --> node_venv_lib["lib"]\n    node_venv_lib --> node_venv_lib_python3_12["python3.12"]\n    node_venv_lib_python3_12 --> node_venv_lib_python3_12_site-packages["site-packages"]\n    node_venv_lib_python3_12_site-packages --> node_venv_lib_python3_12_site-packages_PyQt6["PyQt6"]\n    node_venv_lib_python3_12_site-packages_PyQt6 --> node_venv_lib_python3_12_site-packages_PyQt6_Qt6["Qt6"]\n    node_venv_lib_python3_12_site-packages_PyQt6_Qt6 --> node_venv_lib_python3_12_site-packages_PyQt6_Qt6_qml["qml"]\n    node_venv_lib_python3_12_site-packages_PyQt6_Qt6_qml --> node_venv_lib_python3_12_site-packages_PyQt6_Qt6_qml_QtQuick3D["QtQuick3D"]\n    node_venv_lib_python3_12_site-packages_PyQt6_Qt6_qml_QtQuick3D --> node_venv_lib_python3_12_site-packages_PyQt6_Qt6_qml_QtQuick3D_Effects["Effects"]\n    node_venv_lib_python3_12_site-packages_PyQt6_Qt6_qml_QtQuick3D_Effects --> node_venv_lib_python3_12_site-packages_PyQt6_Qt6_qml_QtQuick3D_Effects_HDRBloomTonemap_qml["HDRBloomTonemap.qml"]\n    Root --> node_venv["venv"]\n    node_venv --> node_venv_lib["lib"]\n    node_venv_lib --> node_venv_lib_python3_12["python3.12"]\n    node_venv_lib_python3_12 --> node_venv_lib_python3_12_site-packages["site-packages"]\n    node_venv_lib_python3_12_site-packages --> node_venv_lib_python3_12_site-packages_PyQt6["PyQt6"]\n    node_venv_lib_python3_12_site-packages_PyQt6 --> node_venv_lib_python3_12_site-packages_PyQt6_Qt6["Qt6"]\n    node_venv_lib_python3_12_site-packages_PyQt6_Qt6 --> node_venv_lib_python3_12_site-packages_PyQt6_Qt6_qml["qml"]\n    node_venv_lib_python3_12_site-packages_PyQt6_Qt6_qml --> node_venv_lib_python3_12_site-packages_PyQt6_Qt6_qml_QtQuick3D["QtQuick3D"]\n    node_venv_lib_python3_12_site-packages_PyQt6_Qt6_qml_QtQuick3D --> node_venv_lib_python3_12_site-packages_PyQt6_Qt6_qml_QtQuick3D_Effects["Effects"]\n    node_venv_lib_python3_12_site-packages_PyQt6_Qt6_qml_QtQuick3D_Effects --> node_venv_lib_python3_12_site-packages_PyQt6_Qt6_qml_QtQuick3D_Effects_MotionBlur_qml["MotionBlur.qml"]\n    Root --> node_venv["venv"]\n    node_venv --> node_venv_lib["lib"]\n    node_venv_lib --> node_venv_lib_python3_12["python3.12"]\n    node_venv_lib_python3_12 --> node_venv_lib_python3_12_site-packages["site-packages"]\n    node_venv_lib_python3_12_site-packages --> node_venv_lib_python3_12_site-packages_PyQt6["PyQt6"]\n    node_venv_lib_python3_12_site-packages_PyQt6 --> node_venv_lib_python3_12_site-packages_PyQt6_Qt6["Qt6"]\n    node_venv_lib_python3_12_site-packages_PyQt6_Qt6 --> node_venv_lib_python3_12_site-packages_PyQt6_Qt6_qml["qml"]\n    node_venv_lib_python3_12_site-packages_PyQt6_Qt6_qml --> node_venv_lib_python3_12_site-packages_PyQt6_Qt6_qml_QtQuick3D["QtQuick3D"]\n    node_venv_lib_python3_12_site-packages_PyQt6_Qt6_qml_QtQuick3D --> node_venv_lib_python3_12_site-packages_PyQt6_Qt6_qml_QtQuick3D_Effects["Effects"]\n    node_venv_lib_python3_12_site-packages_PyQt6_Qt6_qml_QtQuick3D_Effects --> node_venv_lib_python3_12_site-packages_PyQt6_Qt6_qml_QtQuick3D_Effects_Quick3DEffects_qmltypes["Quick3DEffects.qmltypes"]\n    Root --> node_venv["venv"]\n    node_venv --> node_venv_lib["lib"]\n    node_venv_lib --> node_venv_lib_python3_12["python3.12"]\n    node_venv_lib_python3_12 --> node_venv_lib_python3_12_site-packages["site-packages"]\n    node_venv_lib_python3_12_site-packages --> node_venv_lib_python3_12_site-packages_PyQt6["PyQt6"]\n    node_venv_lib_python3_12_site-packages_PyQt6 --> node_venv_lib_python3_12_site-packages_PyQt6_Qt6["Qt6"]\n    node_venv_lib_python3_12_site-packages_PyQt6_Qt6 --> node_venv_lib_python3_12_site-packages_PyQt6_Qt6_qml["qml"]\n    node_venv_lib_python3_12_site-packages_PyQt6_Qt6_qml --> node_venv_lib_python3_12_site-packages_PyQt6_Qt6_qml_QtQuick3D["QtQuick3D"]\n    node_venv_lib_python3_12_site-packages_PyQt6_Qt6_qml_QtQuick3D --> node_venv_lib_python3_12_site-packages_PyQt6_Qt6_qml_QtQuick3D_Effects["Effects"]\n    node_venv_lib_python3_12_site-packages_PyQt6_Qt6_qml_QtQuick3D_Effects --> node_venv_lib_python3_12_site-packages_PyQt6_Qt6_qml_QtQuick3D_Effects_SCurveTonemap_qml["SCurveTonemap.qml"]\n    Root --> node_venv["venv"]\n    node_venv --> node_venv_lib["lib"]\n    node_venv_lib --> node_venv_lib_python3_12["python3.12"]\n    node_venv_lib_python3_12 --> node_venv_lib_python3_12_site-packages["site-packages"]\n    node_venv_lib_python3_12_site-packages --> node_venv_lib_python3_12_site-packages_PyQt6["PyQt6"]\n    node_venv_lib_python3_12_site-packages_PyQt6 --> node_venv_lib_python3_12_site-packages_PyQt6_Qt6["Qt6"]\n    node_venv_lib_python3_12_site-packages_PyQt6_Qt6 --> node_venv_lib_python3_12_site-packages_PyQt6_Qt6_qml["qml"]\n    node_venv_lib_python3_12_site-packages_PyQt6_Qt6_qml --> node_venv_lib_python3_12_site-packages_PyQt6_Qt6_qml_QtQuick3D["QtQuick3D"]\n    node_venv_lib_python3_12_site-packages_PyQt6_Qt6_qml_QtQuick3D --> node_venv_lib_python3_12_site-packages_PyQt6_Qt6_qml_QtQuick3D_Effects["Effects"]\n    node_venv_lib_python3_12_site-packages_PyQt6_Qt6_qml_QtQuick3D_Effects --> node_venv_lib_python3_12_site-packages_PyQt6_Qt6_qml_QtQuick3D_Effects_Scatter_qml["Scatter.qml"]\n    Root --> node_venv["venv"]\n    node_venv --> node_venv_lib["lib"]\n    node_venv_lib --> node_venv_lib_python3_12["python3.12"]\n    node_venv_lib_python3_12 --> node_venv_lib_python3_12_site-packages["site-packages"]\n    node_venv_lib_python3_12_site-packages --> node_venv_lib_python3_12_site-packages_PyQt6["PyQt6"]\n    node_venv_lib_python3_12_site-packages_PyQt6 --> node_venv_lib_python3_12_site-packages_PyQt6_Qt6["Qt6"]\n    node_venv_lib_python3_12_site-packages_PyQt6_Qt6 --> node_venv_lib_python3_12_site-packages_PyQt6_Qt6_qml["qml"]\n    node_venv_lib_python3_12_site-packages_PyQt6_Qt6_qml --> node_venv_lib_python3_12_site-packages_PyQt6_Qt6_qml_QtQuick3D["QtQuick3D"]\n    node_venv_lib_python3_12_site-packages_PyQt6_Qt6_qml_QtQuick3D --> node_venv_lib_python3_12_site-packages_PyQt6_Qt6_qml_QtQuick3D_Effects["Effects"]\n    node_venv_lib_python3_12_site-packages_PyQt6_Qt6_qml_QtQuick3D_Effects --> node_venv_lib_python3_12_site-packages_PyQt6_Qt6_qml_QtQuick3D_Effects_TiltShift_qml["TiltShift.qml"]\n    Root --> node_venv["venv"]\n    node_venv --> node_venv_lib["lib"]\n    node_venv_lib --> node_venv_lib_python3_12["python3.12"]\n    node_venv_lib_python3_12 --> node_venv_lib_python3_12_site-packages["site-packages"]\n    node_venv_lib_python3_12_site-packages --> node_venv_lib_python3_12_site-packages_PyQt6["PyQt6"]\n    node_venv_lib_python3_12_site-packages_PyQt6 --> node_venv_lib_python3_12_site-packages_PyQt6_Qt6["Qt6"]\n    node_venv_lib_python3_12_site-packages_PyQt6_Qt6 --> node_venv_lib_python3_12_site-packages_PyQt6_Qt6_qml["qml"]\n    node_venv_lib_python3_12_site-packages_PyQt6_Qt6_qml --> node_venv_lib_python3_12_site-packages_PyQt6_Qt6_qml_QtQuick3D["QtQuick3D"]\n    node_venv_lib_python3_12_site-packages_PyQt6_Qt6_qml_QtQuick3D --> node_venv_lib_python3_12_site-packages_PyQt6_Qt6_qml_QtQuick3D_Effects["Effects"]\n    node_venv_lib_python3_12_site-packages_PyQt6_Qt6_qml_QtQuick3D_Effects --> node_venv_lib_python3_12_site-packages_PyQt6_Qt6_qml_QtQuick3D_Effects_Vignette_qml["Vignette.qml"]\n    Root --> node_venv["venv"]\n    node_venv --> node_venv_lib["lib"]\n    node_venv_lib --> node_venv_lib_python3_12["python3.12"]\n    node_venv_lib_python3_12 --> node_venv_lib_python3_12_site-packages["site-packages"]\n    node_venv_lib_python3_12_site-packages --> node_venv_lib_python3_12_site-packages_PyQt6["PyQt6"]\n    node_venv_lib_python3_12_site-packages_PyQt6 --> node_venv_lib_python3_12_site-packages_PyQt6_Qt6["Qt6"]\n    node_venv_lib_python3_12_site-packages_PyQt6_Qt6 --> node_venv_lib_python3_12_site-packages_PyQt6_Qt6_qml["qml"]\n    node_venv_lib_python3_12_site-packages_PyQt6_Qt6_qml --> node_venv_lib_python3_12_site-packages_PyQt6_Qt6_qml_QtQuick3D["QtQuick3D"]\n    node_venv_lib_python3_12_site-packages_PyQt6_Qt6_qml_QtQuick3D --> node_venv_lib_python3_12_site-packages_PyQt6_Qt6_qml_QtQuick3D_Effects["Effects"]\n    node_venv_lib_python3_12_site-packages_PyQt6_Qt6_qml_QtQuick3D_Effects --> node_venv_lib_python3_12_site-packages_PyQt6_Qt6_qml_QtQuick3D_Effects_libqtquick3deffectplugin_dylib["libqtquick3deffectplugin.dylib"]\n    Root --> node_venv["venv"]\n    node_venv --> node_venv_lib["lib"]\n    node_venv_lib --> node_venv_lib_python3_12["python3.12"]\n    node_venv_lib_python3_12 --> node_venv_lib_python3_12_site-packages["site-packages"]\n    node_venv_lib_python3_12_site-packages --> node_venv_lib_python3_12_site-packages_PyQt6["PyQt6"]\n    node_venv_lib_python3_12_site-packages_PyQt6 --> node_venv_lib_python3_12_site-packages_PyQt6_Qt6["Qt6"]\n    node_venv_lib_python3_12_site-packages_PyQt6_Qt6 --> node_venv_lib_python3_12_site-packages_PyQt6_Qt6_qml["qml"]\n    node_venv_lib_python3_12_site-packages_PyQt6_Qt6_qml --> node_venv_lib_python3_12_site-packages_PyQt6_Qt6_qml_QtQuick3D["QtQuick3D"]\n    node_venv_lib_python3_12_site-packages_PyQt6_Qt6_qml_QtQuick3D --> node_venv_lib_python3_12_site-packages_PyQt6_Qt6_qml_QtQuick3D_Effects["Effects"]\n    node_venv_lib_python3_12_site-packages_PyQt6_Qt6_qml_QtQuick3D_Effects --> node_venv_lib_python3_12_site-packages_PyQt6_Qt6_qml_QtQuick3D_Effects_qmldir["qmldir"]\n    Root --> node_venv["venv"]\n    node_venv --> node_venv_lib["lib"]\n    node_venv_lib --> node_venv_lib_python3_12["python3.12"]\n    node_venv_lib_python3_12 --> node_venv_lib_python3_12_site-packages["site-packages"]\n    node_venv_lib_python3_12_site-packages --> node_venv_lib_python3_12_site-packages_PyQt6["PyQt6"]\n    node_venv_lib_python3_12_site-packages_PyQt6 --> node_venv_lib_python3_12_site-packages_PyQt6_Qt6["Qt6"]\n    node_venv_lib_python3_12_site-packages_PyQt6_Qt6 --> node_venv_lib_python3_12_site-packages_PyQt6_Qt6_qml["qml"]\n    node_venv_lib_python3_12_site-packages_PyQt6_Qt6_qml --> node_venv_lib_python3_12_site-packages_PyQt6_Qt6_qml_QtQuick3D["QtQuick3D"]\n    node_venv_lib_python3_12_site-packages_PyQt6_Qt6_qml_QtQuick3D --> node_venv_lib_python3_12_site-packages_PyQt6_Qt6_qml_QtQuick3D_Effects["Effects"]\n    node_venv_lib_python3_12_site-packages_PyQt6_Qt6_qml_QtQuick3D_Effects --> node_venv_lib_python3_12_site-packages_PyQt6_Qt6_qml_QtQuick3D_Effects_designer["designer"]\n    node_venv_lib_python3_12_site-packages_PyQt6_Qt6_qml_QtQuick3D_Effects_designer --> node_venv_lib_python3_12_site-packages_PyQt6_Qt6_qml_QtQuick3D_Effects_designer_AdditiveColorGradientSection_qml["AdditiveColorGradientSection.qml"]\n    Root --> node_venv["venv"]\n    node_venv --> node_venv_lib["lib"]\n    node_venv_lib --> node_venv_lib_python3_12["python3.12"]\n    node_venv_lib_python3_12 --> node_venv_lib_python3_12_site-packages["site-packages"]\n    node_venv_lib_python3_12_site-packages --> node_venv_lib_python3_12_site-packages_PyQt6["PyQt6"]\n    node_venv_lib_python3_12_site-packages_PyQt6 --> node_venv_lib_python3_12_site-packages_PyQt6_Qt6["Qt6"]\n    node_venv_lib_python3_12_site-packages_PyQt6_Qt6 --> node_venv_lib_python3_12_site-packages_PyQt6_Qt6_qml["qml"]\n    node_venv_lib_python3_12_site-packages_PyQt6_Qt6_qml --> node_venv_lib_python3_12_site-packages_PyQt6_Qt6_qml_QtQuick3D["QtQuick3D"]\n    node_venv_lib_python3_12_site-packages_PyQt6_Qt6_qml_QtQuick3D --> node_venv_lib_python3_12_site-packages_PyQt6_Qt6_qml_QtQuick3D_Effects["Effects"]\n    node_venv_lib_python3_12_site-packages_PyQt6_Qt6_qml_QtQuick3D_Effects --> node_venv_lib_python3_12_site-packages_PyQt6_Qt6_qml_QtQuick3D_Effects_designer["designer"]\n    node_venv_lib_python3_12_site-packages_PyQt6_Qt6_qml_QtQuick3D_Effects_designer --> node_venv_lib_python3_12_site-packages_PyQt6_Qt6_qml_QtQuick3D_Effects_designer_AdditiveColorGradientSpecifics_qml["AdditiveColorGradientSpecifics.qml"]\n    Root --> node_venv["venv"]\n    node_venv --> node_venv_lib["lib"]\n    node_venv_lib --> node_venv_lib_python3_12["python3.12"]\n    node_venv_lib_python3_12 --> node_venv_lib_python3_12_site-packages["site-packages"]\n    node_venv_lib_python3_12_site-packages --> node_venv_lib_python3_12_site-packages_PyQt6["PyQt6"]\n    node_venv_lib_python3_12_site-packages_PyQt6 --> node_venv_lib_python3_12_site-packages_PyQt6_Qt6["Qt6"]\n    node_venv_lib_python3_12_site-packages_PyQt6_Qt6 --> node_venv_lib_python3_12_site-packages_PyQt6_Qt6_qml["qml"]\n    node_venv_lib_python3_12_site-packages_PyQt6_Qt6_qml --> node_venv_lib_python3_12_site-packages_PyQt6_Qt6_qml_QtQuick3D["QtQuick3D"]\n    node_venv_lib_python3_12_site-packages_PyQt6_Qt6_qml_QtQuick3D --> node_venv_lib_python3_12_site-packages_PyQt6_Qt6_qml_QtQuick3D_Effects["Effects"]\n    node_venv_lib_python3_12_site-packages_PyQt6_Qt6_qml_QtQuick3D_Effects --> node_venv_lib_python3_12_site-packages_PyQt6_Qt6_qml_QtQuick3D_Effects_designer["designer"]\n    node_venv_lib_python3_12_site-packages_PyQt6_Qt6_qml_QtQuick3D_Effects_designer --> node_venv_lib_python3_12_site-packages_PyQt6_Qt6_qml_QtQuick3D_Effects_designer_BlurSection_qml["BlurSection.qml"]\n    Root --> node_venv["venv"]\n    node_venv --> node_venv_lib["lib"]\n    node_venv_lib --> node_venv_lib_python3_12["python3.12"]\n    node_venv_lib_python3_12 --> node_venv_lib_python3_12_site-packages["site-packages"]\n    node_venv_lib_python3_12_site-packages --> node_venv_lib_python3_12_site-packages_PyQt6["PyQt6"]\n    node_venv_lib_python3_12_site-packages_PyQt6 --> node_venv_lib_python3_12_site-packages_PyQt6_Qt6["Qt6"]\n    node_venv_lib_python3_12_site-packages_PyQt6_Qt6 --> node_venv_lib_python3_12_site-packages_PyQt6_Qt6_qml["qml"]\n    node_venv_lib_python3_12_site-packages_PyQt6_Qt6_qml --> node_venv_lib_python3_12_site-packages_PyQt6_Qt6_qml_QtQuick3D["QtQuick3D"]\n    node_venv_lib_python3_12_site-packages_PyQt6_Qt6_qml_QtQuick3D --> node_venv_lib_python3_12_site-packages_PyQt6_Qt6_qml_QtQuick3D_Effects["Effects"]\n    node_venv_lib_python3_12_site-packages_PyQt6_Qt6_qml_QtQuick3D_Effects --> node_venv_lib_python3_12_site-packages_PyQt6_Qt6_qml_QtQuick3D_Effects_designer["designer"]\n    node_venv_lib_python3_12_site-packages_PyQt6_Qt6_qml_QtQuick3D_Effects_designer --> node_venv_lib_python3_12_site-packages_PyQt6_Qt6_qml_QtQuick3D_Effects_designer_BlurSpecifics_qml["BlurSpecifics.qml"]\n    Root --> node_venv["venv"]\n    node_venv --> node_venv_lib["lib"]\n    node_venv_lib --> node_venv_lib_python3_12["python3.12"]\n    node_venv_lib_python3_12 --> node_venv_lib_python3_12_site-packages["site-packages"]\n    node_venv_lib_python3_12_site-packages --> node_venv_lib_python3_12_site-packages_PyQt6["PyQt6"]\n    node_venv_lib_python3_12_site-packages_PyQt6 --> node_venv_lib_python3_12_site-packages_PyQt6_Qt6["Qt6"]\n    node_venv_lib_python3_12_site-packages_PyQt6_Qt6 --> node_venv_lib_python3_12_site-packages_PyQt6_Qt6_qml["qml"]\n    node_venv_lib_python3_12_site-packages_PyQt6_Qt6_qml --> node_venv_lib_python3_12_site-packages_PyQt6_Qt6_qml_QtQuick3D["QtQuick3D"]\n    node_venv_lib_python3_12_site-packages_PyQt6_Qt6_qml_QtQuick3D --> node_venv_lib_python3_12_site-packages_PyQt6_Qt6_qml_QtQuick3D_Effects["Effects"]\n    node_venv_lib_python3_12_site-packages_PyQt6_Qt6_qml_QtQuick3D_Effects --> node_venv_lib_python3_12_site-packages_PyQt6_Qt6_qml_QtQuick3D_Effects_designer["designer"]\n    node_venv_lib_python3_12_site-packages_PyQt6_Qt6_qml_QtQuick3D_Effects_designer --> node_venv_lib_python3_12_site-packages_PyQt6_Qt6_qml_QtQuick3D_Effects_designer_BrushStrokesSection_qml["BrushStrokesSection.qml"]\n    Root --> node_venv["venv"]\n    node_venv --> node_venv_lib["lib"]\n    node_venv_lib --> node_venv_lib_python3_12["python3.12"]\n    node_venv_lib_python3_12 --> node_venv_lib_python3_12_site-packages["site-packages"]\n    node_venv_lib_python3_12_site-packages --> node_venv_lib_python3_12_site-packages_PyQt6["PyQt6"]\n    node_venv_lib_python3_12_site-packages_PyQt6 --> node_venv_lib_python3_12_site-packages_PyQt6_Qt6["Qt6"]\n    node_venv_lib_python3_12_site-packages_PyQt6_Qt6 --> node_venv_lib_python3_12_site-packages_PyQt6_Qt6_qml["qml"]\n    node_venv_lib_python3_12_site-packages_PyQt6_Qt6_qml --> node_venv_lib_python3_12_site-packages_PyQt6_Qt6_qml_QtQuick3D["QtQuick3D"]\n    node_venv_lib_python3_12_site-packages_PyQt6_Qt6_qml_QtQuick3D --> node_venv_lib_python3_12_site-packages_PyQt6_Qt6_qml_QtQuick3D_Effects["Effects"]\n    node_venv_lib_python3_12_site-packages_PyQt6_Qt6_qml_QtQuick3D_Effects --> node_venv_lib_python3_12_site-packages_PyQt6_Qt6_qml_QtQuick3D_Effects_designer["designer"]\n    node_venv_lib_python3_12_site-packages_PyQt6_Qt6_qml_QtQuick3D_Effects_designer --> node_venv_lib_python3_12_site-packages_PyQt6_Qt6_qml_QtQuick3D_Effects_designer_BrushStrokesSpecifics_qml["BrushStrokesSpecifics.qml"]\n    Root --> node_venv["venv"]\n    node_venv --> node_venv_lib["lib"]\n    node_venv_lib --> node_venv_lib_python3_12["python3.12"]\n    node_venv_lib_python3_12 --> node_venv_lib_python3_12_site-packages["site-packages"]\n    node_venv_lib_python3_12_site-packages --> node_venv_lib_python3_12_site-packages_PyQt6["PyQt6"]\n    node_venv_lib_python3_12_site-packages_PyQt6 --> node_venv_lib_python3_12_site-packages_PyQt6_Qt6["Qt6"]\n    node_venv_lib_python3_12_site-packages_PyQt6_Qt6 --> node_venv_lib_python3_12_site-packages_PyQt6_Qt6_qml["qml"]\n    node_venv_lib_python3_12_site-packages_PyQt6_Qt6_qml --> node_venv_lib_python3_12_site-packages_PyQt6_Qt6_qml_QtQuick3D["QtQuick3D"]\n    node_venv_lib_python3_12_site-packages_PyQt6_Qt6_qml_QtQuick3D --> node_venv_lib_python3_12_site-packages_PyQt6_Qt6_qml_QtQuick3D_Effects["Effects"]\n    node_venv_lib_python3_12_site-packages_PyQt6_Qt6_qml_QtQuick3D_Effects --> node_venv_lib_python3_12_site-packages_PyQt6_Qt6_qml_QtQuick3D_Effects_designer["designer"]\n    node_venv_lib_python3_12_site-packages_PyQt6_Qt6_qml_QtQuick3D_Effects_designer --> node_venv_lib_python3_12_site-packages_PyQt6_Qt6_qml_QtQuick3D_Effects_designer_ChromaticAberrationSection_qml["ChromaticAberrationSection.qml"]\n    Root --> node_venv["venv"]\n    node_venv --> node_venv_lib["lib"]\n    node_venv_lib --> node_venv_lib_python3_12["python3.12"]\n    node_venv_lib_python3_12 --> node_venv_lib_python3_12_site-packages["site-packages"]\n    node_venv_lib_python3_12_site-packages --> node_venv_lib_python3_12_site-packages_PyQt6["PyQt6"]\n    node_venv_lib_python3_12_site-packages_PyQt6 --> node_venv_lib_python3_12_site-packages_PyQt6_Qt6["Qt6"]\n    node_venv_lib_python3_12_site-packages_PyQt6_Qt6 --> node_venv_lib_python3_12_site-packages_PyQt6_Qt6_qml["qml"]\n    node_venv_lib_python3_12_site-packages_PyQt6_Qt6_qml --> node_venv_lib_python3_12_site-packages_PyQt6_Qt6_qml_QtQuick3D["QtQuick3D"]\n    node_venv_lib_python3_12_site-packages_PyQt6_Qt6_qml_QtQuick3D --> node_venv_lib_python3_12_site-packages_PyQt6_Qt6_qml_QtQuick3D_Effects["Effects"]\n    node_venv_lib_python3_12_site-packages_PyQt6_Qt6_qml_QtQuick3D_Effects --> node_venv_lib_python3_12_site-packages_PyQt6_Qt6_qml_QtQuick3D_Effects_designer["designer"]\n    node_venv_lib_python3_12_site-packages_PyQt6_Qt6_qml_QtQuick3D_Effects_designer --> node_venv_lib_python3_12_site-packages_PyQt6_Qt6_qml_QtQuick3D_Effects_designer_ChromaticAberrationSpecifics_qml["ChromaticAberrationSpecifics.qml"]\n    Root --> node_venv["venv"]\n    node_venv --> node_venv_lib["lib"]\n    node_venv_lib --> node_venv_lib_python3_12["python3.12"]\n    node_venv_lib_python3_12 --> node_venv_lib_python3_12_site-packages["site-packages"]\n    node_venv_lib_python3_12_site-packages --> node_venv_lib_python3_12_site-packages_PyQt6["PyQt6"]\n    node_venv_lib_python3_12_site-packages_PyQt6 --> node_venv_lib_python3_12_site-packages_PyQt6_Qt6["Qt6"]\n    node_venv_lib_python3_12_site-packages_PyQt6_Qt6 --> node_venv_lib_python3_12_site-packages_PyQt6_Qt6_qml["qml"]\n    node_venv_lib_python3_12_site-packages_PyQt6_Qt6_qml --> node_venv_lib_python3_12_site-packages_PyQt6_Qt6_qml_QtQuick3D["QtQuick3D"]\n    node_venv_lib_python3_12_site-packages_PyQt6_Qt6_qml_QtQuick3D --> node_venv_lib_python3_12_site-packages_PyQt6_Qt6_qml_QtQuick3D_Effects["Effects"]\n    node_venv_lib_python3_12_site-packages_PyQt6_Qt6_qml_QtQuick3D_Effects --> node_venv_lib_python3_12_site-packages_PyQt6_Qt6_qml_QtQuick3D_Effects_designer["designer"]\n    node_venv_lib_python3_12_site-packages_PyQt6_Qt6_qml_QtQuick3D_Effects_designer --> node_venv_lib_python3_12_site-packages_PyQt6_Qt6_qml_QtQuick3D_Effects_designer_ColorMasterSection_qml["ColorMasterSection.qml"]\n    Root --> node_venv["venv"]\n    node_venv --> node_venv_lib["lib"]\n    node_venv_lib --> node_venv_lib_python3_12["python3.12"]\n    node_venv_lib_python3_12 --> node_venv_lib_python3_12_site-packages["site-packages"]\n    node_venv_lib_python3_12_site-packages --> node_venv_lib_python3_12_site-packages_PyQt6["PyQt6"]\n    node_venv_lib_python3_12_site-packages_PyQt6 --> node_venv_lib_python3_12_site-packages_PyQt6_Qt6["Qt6"]\n    node_venv_lib_python3_12_site-packages_PyQt6_Qt6 --> node_venv_lib_python3_12_site-packages_PyQt6_Qt6_qml["qml"]\n    node_venv_lib_python3_12_site-packages_PyQt6_Qt6_qml --> node_venv_lib_python3_12_site-packages_PyQt6_Qt6_qml_QtQuick3D["QtQuick3D"]\n    node_venv_lib_python3_12_site-packages_PyQt6_Qt6_qml_QtQuick3D --> node_venv_lib_python3_12_site-packages_PyQt6_Qt6_qml_QtQuick3D_Effects["Effects"]\n    node_venv_lib_python3_12_site-packages_PyQt6_Qt6_qml_QtQuick3D_Effects --> node_venv_lib_python3_12_site-packages_PyQt6_Qt6_qml_QtQuick3D_Effects_designer["designer"]\n    node_venv_lib_python3_12_site-packages_PyQt6_Qt6_qml_QtQuick3D_Effects_designer --> node_venv_lib_python3_12_site-packages_PyQt6_Qt6_qml_QtQuick3D_Effects_designer_ColorMasterSpecifics_qml["ColorMasterSpecifics.qml"]\n    Root --> node_venv["venv"]\n    node_venv --> node_venv_lib["lib"]\n    node_venv_lib --> node_venv_lib_python3_12["python3.12"]\n    node_venv_lib_python3_12 --> node_venv_lib_python3_12_site-packages["site-packages"]\n    node_venv_lib_python3_12_site-packages --> node_venv_lib_python3_12_site-packages_PyQt6["PyQt6"]\n    node_venv_lib_python3_12_site-packages_PyQt6 --> node_venv_lib_python3_12_site-packages_PyQt6_Qt6["Qt6"]\n    node_venv_lib_python3_12_site-packages_PyQt6_Qt6 --> node_venv_lib_python3_12_site-packages_PyQt6_Qt6_qml["qml"]\n    node_venv_lib_python3_12_site-packages_PyQt6_Qt6_qml --> node_venv_lib_python3_12_site-packages_PyQt6_Qt6_qml_QtQuick3D["QtQuick3D"]\n    node_venv_lib_python3_12_site-packages_PyQt6_Qt6_qml_QtQuick3D --> node_venv_lib_python3_12_site-packages_PyQt6_Qt6_qml_QtQuick3D_Effects["Effects"]\n    node_venv_lib_python3_12_site-packages_PyQt6_Qt6_qml_QtQuick3D_Effects --> node_venv_lib_python3_12_site-packages_PyQt6_Qt6_qml_QtQuick3D_Effects_designer["designer"]\n    node_venv_lib_python3_12_site-packages_PyQt6_Qt6_qml_QtQuick3D_Effects_designer --> node_venv_lib_python3_12_site-packages_PyQt6_Qt6_qml_QtQuick3D_Effects_designer_DepthOfFieldHQBlurSection_qml["DepthOfFieldHQBlurSection.qml"]\n    Root --> node_venv["venv"]\n    node_venv --> node_venv_lib["lib"]\n    node_venv_lib --> node_venv_lib_python3_12["python3.12"]\n    node_venv_lib_python3_12 --> node_venv_lib_python3_12_site-packages["site-packages"]\n    node_venv_lib_python3_12_site-packages --> node_venv_lib_python3_12_site-packages_PyQt6["PyQt6"]\n    node_venv_lib_python3_12_site-packages_PyQt6 --> node_venv_lib_python3_12_site-packages_PyQt6_Qt6["Qt6"]\n    node_venv_lib_python3_12_site-packages_PyQt6_Qt6 --> node_venv_lib_python3_12_site-packages_PyQt6_Qt6_qml["qml"]\n    node_venv_lib_python3_12_site-packages_PyQt6_Qt6_qml --> node_venv_lib_python3_12_site-packages_PyQt6_Qt6_qml_QtQuick3D["QtQuick3D"]\n    node_venv_lib_python3_12_site-packages_PyQt6_Qt6_qml_QtQuick3D --> node_venv_lib_python3_12_site-packages_PyQt6_Qt6_qml_QtQuick3D_Effects["Effects"]\n    node_venv_lib_python3_12_site-packages_PyQt6_Qt6_qml_QtQuick3D_Effects --> node_venv_lib_python3_12_site-packages_PyQt6_Qt6_qml_QtQuick3D_Effects_designer["designer"]\n    node_venv_lib_python3_12_site-packages_PyQt6_Qt6_qml_QtQuick3D_Effects_designer --> node_venv_lib_python3_12_site-packages_PyQt6_Qt6_qml_QtQuick3D_Effects_designer_DepthOfFieldHQBlurSpecifics_qml["DepthOfFieldHQBlurSpecifics.qml"]\n    Root --> node_venv["venv"]\n    node_venv --> node_venv_lib["lib"]\n    node_venv_lib --> node_venv_lib_python3_12["python3.12"]\n    node_venv_lib_python3_12 --> node_venv_lib_python3_12_site-packages["site-packages"]\n    node_venv_lib_python3_12_site-packages --> node_venv_lib_python3_12_site-packages_PyQt6["PyQt6"]\n    node_venv_lib_python3_12_site-packages_PyQt6 --> node_venv_lib_python3_12_site-packages_PyQt6_Qt6["Qt6"]\n    node_venv_lib_python3_12_site-packages_PyQt6_Qt6 --> node_venv_lib_python3_12_site-packages_PyQt6_Qt6_qml["qml"]\n    node_venv_lib_python3_12_site-packages_PyQt6_Qt6_qml --> node_venv_lib_python3_12_site-packages_PyQt6_Qt6_qml_QtQuick3D["QtQuick3D"]\n    node_venv_lib_python3_12_site-packages_PyQt6_Qt6_qml_QtQuick3D --> node_venv_lib_python3_12_site-packages_PyQt6_Qt6_qml_QtQuick3D_Effects["Effects"]\n    node_venv_lib_python3_12_site-packages_PyQt6_Qt6_qml_QtQuick3D_Effects --> node_venv_lib_python3_12_site-packages_PyQt6_Qt6_qml_QtQuick3D_Effects_designer["designer"]\n    node_venv_lib_python3_12_site-packages_PyQt6_Qt6_qml_QtQuick3D_Effects_designer --> node_venv_lib_python3_12_site-packages_PyQt6_Qt6_qml_QtQuick3D_Effects_designer_DesaturateSection_qml["DesaturateSection.qml"]\n    Root --> node_venv["venv"]\n    node_venv --> node_venv_lib["lib"]\n    node_venv_lib --> node_venv_lib_python3_12["python3.12"]\n    node_venv_lib_python3_12 --> node_venv_lib_python3_12_site-packages["site-packages"]\n    node_venv_lib_python3_12_site-packages --> node_venv_lib_python3_12_site-packages_PyQt6["PyQt6"]\n    node_venv_lib_python3_12_site-packages_PyQt6 --> node_venv_lib_python3_12_site-packages_PyQt6_Qt6["Qt6"]\n    node_venv_lib_python3_12_site-packages_PyQt6_Qt6 --> node_venv_lib_python3_12_site-packages_PyQt6_Qt6_qml["qml"]\n    node_venv_lib_python3_12_site-packages_PyQt6_Qt6_qml --> node_venv_lib_python3_12_site-packages_PyQt6_Qt6_qml_QtQuick3D["QtQuick3D"]\n    node_venv_lib_python3_12_site-packages_PyQt6_Qt6_qml_QtQuick3D --> node_venv_lib_python3_12_site-packages_PyQt6_Qt6_qml_QtQuick3D_Effects["Effects"]\n    node_venv_lib_python3_12_site-packages_PyQt6_Qt6_qml_QtQuick3D_Effects --> node_venv_lib_python3_12_site-packages_PyQt6_Qt6_qml_QtQuick3D_Effects_designer["designer"]\n    node_venv_lib_python3_12_site-packages_PyQt6_Qt6_qml_QtQuick3D_Effects_designer --> node_venv_lib_python3_12_site-packages_PyQt6_Qt6_qml_QtQuick3D_Effects_designer_DesaturateSpecifics_qml["DesaturateSpecifics.qml"]\n    Root --> node_venv["venv"]\n    node_venv --> node_venv_lib["lib"]\n    node_venv_lib --> node_venv_lib_python3_12["python3.12"]\n    node_venv_lib_python3_12 --> node_venv_lib_python3_12_site-packages["site-packages"]\n    node_venv_lib_python3_12_site-packages --> node_venv_lib_python3_12_site-packages_PyQt6["PyQt6"]\n    node_venv_lib_python3_12_site-packages_PyQt6 --> node_venv_lib_python3_12_site-packages_PyQt6_Qt6["Qt6"]\n    node_venv_lib_python3_12_site-packages_PyQt6_Qt6 --> node_venv_lib_python3_12_site-packages_PyQt6_Qt6_qml["qml"]\n    node_venv_lib_python3_12_site-packages_PyQt6_Qt6_qml --> node_venv_lib_python3_12_site-packages_PyQt6_Qt6_qml_QtQuick3D["QtQuick3D"]\n    node_venv_lib_python3_12_site-packages_PyQt6_Qt6_qml_QtQuick3D --> node_venv_lib_python3_12_site-packages_PyQt6_Qt6_qml_QtQuick3D_Effects["Effects"]\n    node_venv_lib_python3_12_site-packages_PyQt6_Qt6_qml_QtQuick3D_Effects --> node_venv_lib_python3_12_site-packages_PyQt6_Qt6_qml_QtQuick3D_Effects_designer["designer"]\n    node_venv_lib_python3_12_site-packages_PyQt6_Qt6_qml_QtQuick3D_Effects_designer --> node_venv_lib_python3_12_site-packages_PyQt6_Qt6_qml_QtQuick3D_Effects_designer_DistortionRippleSection_qml["DistortionRippleSection.qml"]\n    Root --> node_venv["venv"]\n    node_venv --> node_venv_lib["lib"]\n    node_venv_lib --> node_venv_lib_python3_12["python3.12"]\n    node_venv_lib_python3_12 --> node_venv_lib_python3_12_site-packages["site-packages"]\n    node_venv_lib_python3_12_site-packages --> node_venv_lib_python3_12_site-packages_PyQt6["PyQt6"]\n    node_venv_lib_python3_12_site-packages_PyQt6 --> node_venv_lib_python3_12_site-packages_PyQt6_Qt6["Qt6"]\n    node_venv_lib_python3_12_site-packages_PyQt6_Qt6 --> node_venv_lib_python3_12_site-packages_PyQt6_Qt6_qml["qml"]\n    node_venv_lib_python3_12_site-packages_PyQt6_Qt6_qml --> node_venv_lib_python3_12_site-packages_PyQt6_Qt6_qml_QtQuick3D["QtQuick3D"]\n    node_venv_lib_python3_12_site-packages_PyQt6_Qt6_qml_QtQuick3D --> node_venv_lib_python3_12_site-packages_PyQt6_Qt6_qml_QtQuick3D_Effects["Effects"]\n    node_venv_lib_python3_12_site-packages_PyQt6_Qt6_qml_QtQuick3D_Effects --> node_venv_lib_python3_12_site-packages_PyQt6_Qt6_qml_QtQuick3D_Effects_designer["designer"]\n    node_venv_lib_python3_12_site-packages_PyQt6_Qt6_qml_QtQuick3D_Effects_designer --> node_venv_lib_python3_12_site-packages_PyQt6_Qt6_qml_QtQuick3D_Effects_designer_DistortionRippleSpecifics_qml["DistortionRippleSpecifics.qml"]\n    Root --> node_venv["venv"]\n    node_venv --> node_venv_lib["lib"]\n    node_venv_lib --> node_venv_lib_python3_12["python3.12"]\n    node_venv_lib_python3_12 --> node_venv_lib_python3_12_site-packages["site-packages"]\n    node_venv_lib_python3_12_site-packages --> node_venv_lib_python3_12_site-packages_PyQt6["PyQt6"]\n    node_venv_lib_python3_12_site-packages_PyQt6 --> node_venv_lib_python3_12_site-packages_PyQt6_Qt6["Qt6"]\n    node_venv_lib_python3_12_site-packages_PyQt6_Qt6 --> node_venv_lib_python3_12_site-packages_PyQt6_Qt6_qml["qml"]\n    node_venv_lib_python3_12_site-packages_PyQt6_Qt6_qml --> node_venv_lib_python3_12_site-packages_PyQt6_Qt6_qml_QtQuick3D["QtQuick3D"]\n    node_venv_lib_python3_12_site-packages_PyQt6_Qt6_qml_QtQuick3D --> node_venv_lib_python3_12_site-packages_PyQt6_Qt6_qml_QtQuick3D_Effects["Effects"]\n    node_venv_lib_python3_12_site-packages_PyQt6_Qt6_qml_QtQuick3D_Effects --> node_venv_lib_python3_12_site-packages_PyQt6_Qt6_qml_QtQuick3D_Effects_designer["designer"]\n    node_venv_lib_python3_12_site-packages_PyQt6_Qt6_qml_QtQuick3D_Effects_designer --> node_venv_lib_python3_12_site-packages_PyQt6_Qt6_qml_QtQuick3D_Effects_designer_DistortionSphereSection_qml["DistortionSphereSection.qml"]\n    Root --> node_venv["venv"]\n    node_venv --> node_venv_lib["lib"]\n    node_venv_lib --> node_venv_lib_python3_12["python3.12"]\n    node_venv_lib_python3_12 --> node_venv_lib_python3_12_site-packages["site-packages"]\n    node_venv_lib_python3_12_site-packages --> node_venv_lib_python3_12_site-packages_PyQt6["PyQt6"]\n    node_venv_lib_python3_12_site-packages_PyQt6 --> node_venv_lib_python3_12_site-packages_PyQt6_Qt6["Qt6"]\n    node_venv_lib_python3_12_site-packages_PyQt6_Qt6 --> node_venv_lib_python3_12_site-packages_PyQt6_Qt6_qml["qml"]\n    node_venv_lib_python3_12_site-packages_PyQt6_Qt6_qml --> node_venv_lib_python3_12_site-packages_PyQt6_Qt6_qml_QtQuick3D["QtQuick3D"]\n    node_venv_lib_python3_12_site-packages_PyQt6_Qt6_qml_QtQuick3D --> node_venv_lib_python3_12_site-packages_PyQt6_Qt6_qml_QtQuick3D_Effects["Effects"]\n    node_venv_lib_python3_12_site-packages_PyQt6_Qt6_qml_QtQuick3D_Effects --> node_venv_lib_python3_12_site-packages_PyQt6_Qt6_qml_QtQuick3D_Effects_designer["designer"]\n    node_venv_lib_python3_12_site-packages_PyQt6_Qt6_qml_QtQuick3D_Effects_designer --> node_venv_lib_python3_12_site-packages_PyQt6_Qt6_qml_QtQuick3D_Effects_designer_DistortionSphereSpecifics_qml["DistortionSphereSpecifics.qml"]\n    Root --> node_venv["venv"]\n    node_venv --> node_venv_lib["lib"]\n    node_venv_lib --> node_venv_lib_python3_12["python3.12"]\n    node_venv_lib_python3_12 --> node_venv_lib_python3_12_site-packages["site-packages"]\n    node_venv_lib_python3_12_site-packages --> node_venv_lib_python3_12_site-packages_PyQt6["PyQt6"]\n    node_venv_lib_python3_12_site-packages_PyQt6 --> node_venv_lib_python3_12_site-packages_PyQt6_Qt6["Qt6"]\n    node_venv_lib_python3_12_site-packages_PyQt6_Qt6 --> node_venv_lib_python3_12_site-packages_PyQt6_Qt6_qml["qml"]\n    node_venv_lib_python3_12_site-packages_PyQt6_Qt6_qml --> node_venv_lib_python3_12_site-packages_PyQt6_Qt6_qml_QtQuick3D["QtQuick3D"]\n    node_venv_lib_python3_12_site-packages_PyQt6_Qt6_qml_QtQuick3D --> node_venv_lib_python3_12_site-packages_PyQt6_Qt6_qml_QtQuick3D_Effects["Effects"]\n    node_venv_lib_python3_12_site-packages_PyQt6_Qt6_qml_QtQuick3D_Effects --> node_venv_lib_python3_12_site-packages_PyQt6_Qt6_qml_QtQuick3D_Effects_designer["designer"]\n    node_venv_lib_python3_12_site-packages_PyQt6_Qt6_qml_QtQuick3D_Effects_designer --> node_venv_lib_python3_12_site-packages_PyQt6_Qt6_qml_QtQuick3D_Effects_designer_DistortionSpiralSection_qml["DistortionSpiralSection.qml"]\n    Root --> node_venv["venv"]\n    node_venv --> node_venv_lib["lib"]\n    node_venv_lib --> node_venv_lib_python3_12["python3.12"]\n    node_venv_lib_python3_12 --> node_venv_lib_python3_12_site-packages["site-packages"]\n    node_venv_lib_python3_12_site-packages --> node_venv_lib_python3_12_site-packages_PyQt6["PyQt6"]\n    node_venv_lib_python3_12_site-packages_PyQt6 --> node_venv_lib_python3_12_site-packages_PyQt6_Qt6["Qt6"]\n    node_venv_lib_python3_12_site-packages_PyQt6_Qt6 --> node_venv_lib_python3_12_site-packages_PyQt6_Qt6_qml["qml"]\n    node_venv_lib_python3_12_site-packages_PyQt6_Qt6_qml --> node_venv_lib_python3_12_site-packages_PyQt6_Qt6_qml_QtQuick3D["QtQuick3D"]\n    node_venv_lib_python3_12_site-packages_PyQt6_Qt6_qml_QtQuick3D --> node_venv_lib_python3_12_site-packages_PyQt6_Qt6_qml_QtQuick3D_Effects["Effects"]\n    node_venv_lib_python3_12_site-packages_PyQt6_Qt6_qml_QtQuick3D_Effects --> node_venv_lib_python3_12_site-packages_PyQt6_Qt6_qml_QtQuick3D_Effects_designer["designer"]\n    node_venv_lib_python3_12_site-packages_PyQt6_Qt6_qml_QtQuick3D_Effects_designer --> node_venv_lib_python3_12_site-packages_PyQt6_Qt6_qml_QtQuick3D_Effects_designer_DistortionSpiralSpecifics_qml["DistortionSpiralSpecifics.qml"]\n    Root --> node_venv["venv"]\n    node_venv --> node_venv_lib["lib"]\n    node_venv_lib --> node_venv_lib_python3_12["python3.12"]\n    node_venv_lib_python3_12 --> node_venv_lib_python3_12_site-packages["site-packages"]\n    node_venv_lib_python3_12_site-packages --> node_venv_lib_python3_12_site-packages_PyQt6["PyQt6"]\n    node_venv_lib_python3_12_site-packages_PyQt6 --> node_venv_lib_python3_12_site-packages_PyQt6_Qt6["Qt6"]\n    node_venv_lib_python3_12_site-packages_PyQt6_Qt6 --> node_venv_lib_python3_12_site-packages_PyQt6_Qt6_qml["qml"]\n    node_venv_lib_python3_12_site-packages_PyQt6_Qt6_qml --> node_venv_lib_python3_12_site-packages_PyQt6_Qt6_qml_QtQuick3D["QtQuick3D"]\n    node_venv_lib_python3_12_site-packages_PyQt6_Qt6_qml_QtQuick3D --> node_venv_lib_python3_12_site-packages_PyQt6_Qt6_qml_QtQuick3D_Effects["Effects"]\n    node_venv_lib_python3_12_site-packages_PyQt6_Qt6_qml_QtQuick3D_Effects --> node_venv_lib_python3_12_site-packages_PyQt6_Qt6_qml_QtQuick3D_Effects_designer["designer"]\n    node_venv_lib_python3_12_site-packages_PyQt6_Qt6_qml_QtQuick3D_Effects_designer --> node_venv_lib_python3_12_site-packages_PyQt6_Qt6_qml_QtQuick3D_Effects_designer_EdgeDetectSection_qml["EdgeDetectSection.qml"]\n    Root --> node_venv["venv"]\n    node_venv --> node_venv_lib["lib"]\n    node_venv_lib --> node_venv_lib_python3_12["python3.12"]\n    node_venv_lib_python3_12 --> node_venv_lib_python3_12_site-packages["site-packages"]\n    node_venv_lib_python3_12_site-packages --> node_venv_lib_python3_12_site-packages_PyQt6["PyQt6"]\n    node_venv_lib_python3_12_site-packages_PyQt6 --> node_venv_lib_python3_12_site-packages_PyQt6_Qt6["Qt6"]\n    node_venv_lib_python3_12_site-packages_PyQt6_Qt6 --> node_venv_lib_python3_12_site-packages_PyQt6_Qt6_qml["qml"]\n    node_venv_lib_python3_12_site-packages_PyQt6_Qt6_qml --> node_venv_lib_python3_12_site-packages_PyQt6_Qt6_qml_QtQuick3D["QtQuick3D"]\n    node_venv_lib_python3_12_site-packages_PyQt6_Qt6_qml_QtQuick3D --> node_venv_lib_python3_12_site-packages_PyQt6_Qt6_qml_QtQuick3D_Effects["Effects"]\n    node_venv_lib_python3_12_site-packages_PyQt6_Qt6_qml_QtQuick3D_Effects --> node_venv_lib_python3_12_site-packages_PyQt6_Qt6_qml_QtQuick3D_Effects_designer["designer"]\n    node_venv_lib_python3_12_site-packages_PyQt6_Qt6_qml_QtQuick3D_Effects_designer --> node_venv_lib_python3_12_site-packages_PyQt6_Qt6_qml_QtQuick3D_Effects_designer_EdgeDetectSpecifics_qml["EdgeDetectSpecifics.qml"]\n    Root --> node_venv["venv"]\n    node_venv --> node_venv_lib["lib"]\n    node_venv_lib --> node_venv_lib_python3_12["python3.12"]\n    node_venv_lib_python3_12 --> node_venv_lib_python3_12_site-packages["site-packages"]\n    node_venv_lib_python3_12_site-packages --> node_venv_lib_python3_12_site-packages_PyQt6["PyQt6"]\n    node_venv_lib_python3_12_site-packages_PyQt6 --> node_venv_lib_python3_12_site-packages_PyQt6_Qt6["Qt6"]\n    node_venv_lib_python3_12_site-packages_PyQt6_Qt6 --> node_venv_lib_python3_12_site-packages_PyQt6_Qt6_qml["qml"]\n    node_venv_lib_python3_12_site-packages_PyQt6_Qt6_qml --> node_venv_lib_python3_12_site-packages_PyQt6_Qt6_qml_QtQuick3D["QtQuick3D"]\n    node_venv_lib_python3_12_site-packages_PyQt6_Qt6_qml_QtQuick3D --> node_venv_lib_python3_12_site-packages_PyQt6_Qt6_qml_QtQuick3D_Effects["Effects"]\n    node_venv_lib_python3_12_site-packages_PyQt6_Qt6_qml_QtQuick3D_Effects --> node_venv_lib_python3_12_site-packages_PyQt6_Qt6_qml_QtQuick3D_Effects_designer["designer"]\n    node_venv_lib_python3_12_site-packages_PyQt6_Qt6_qml_QtQuick3D_Effects_designer --> node_venv_lib_python3_12_site-packages_PyQt6_Qt6_qml_QtQuick3D_Effects_designer_EmbossSection_qml["EmbossSection.qml"]\n    Root --> node_venv["venv"]\n    node_venv --> node_venv_lib["lib"]\n    node_venv_lib --> node_venv_lib_python3_12["python3.12"]\n    node_venv_lib_python3_12 --> node_venv_lib_python3_12_site-packages["site-packages"]\n    node_venv_lib_python3_12_site-packages --> node_venv_lib_python3_12_site-packages_PyQt6["PyQt6"]\n    node_venv_lib_python3_12_site-packages_PyQt6 --> node_venv_lib_python3_12_site-packages_PyQt6_Qt6["Qt6"]\n    node_venv_lib_python3_12_site-packages_PyQt6_Qt6 --> node_venv_lib_python3_12_site-packages_PyQt6_Qt6_qml["qml"]\n    node_venv_lib_python3_12_site-packages_PyQt6_Qt6_qml --> node_venv_lib_python3_12_site-packages_PyQt6_Qt6_qml_QtQuick3D["QtQuick3D"]\n    node_venv_lib_python3_12_site-packages_PyQt6_Qt6_qml_QtQuick3D --> node_venv_lib_python3_12_site-packages_PyQt6_Qt6_qml_QtQuick3D_Effects["Effects"]\n    node_venv_lib_python3_12_site-packages_PyQt6_Qt6_qml_QtQuick3D_Effects --> node_venv_lib_python3_12_site-packages_PyQt6_Qt6_qml_QtQuick3D_Effects_designer["designer"]\n    node_venv_lib_python3_12_site-packages_PyQt6_Qt6_qml_QtQuick3D_Effects_designer --> node_venv_lib_python3_12_site-packages_PyQt6_Qt6_qml_QtQuick3D_Effects_designer_EmbossSpecifics_qml["EmbossSpecifics.qml"]\n    Root --> node_venv["venv"]\n    node_venv --> node_venv_lib["lib"]\n    node_venv_lib --> node_venv_lib_python3_12["python3.12"]\n    node_venv_lib_python3_12 --> node_venv_lib_python3_12_site-packages["site-packages"]\n    node_venv_lib_python3_12_site-packages --> node_venv_lib_python3_12_site-packages_PyQt6["PyQt6"]\n    node_venv_lib_python3_12_site-packages_PyQt6 --> node_venv_lib_python3_12_site-packages_PyQt6_Qt6["Qt6"]\n    node_venv_lib_python3_12_site-packages_PyQt6_Qt6 --> node_venv_lib_python3_12_site-packages_PyQt6_Qt6_qml["qml"]\n    node_venv_lib_python3_12_site-packages_PyQt6_Qt6_qml --> node_venv_lib_python3_12_site-packages_PyQt6_Qt6_qml_QtQuick3D["QtQuick3D"]\n    node_venv_lib_python3_12_site-packages_PyQt6_Qt6_qml_QtQuick3D --> node_venv_lib_python3_12_site-packages_PyQt6_Qt6_qml_QtQuick3D_Effects["Effects"]\n    node_venv_lib_python3_12_site-packages_PyQt6_Qt6_qml_QtQuick3D_Effects --> node_venv_lib_python3_12_site-packages_PyQt6_Qt6_qml_QtQuick3D_Effects_designer["designer"]\n    node_venv_lib_python3_12_site-packages_PyQt6_Qt6_qml_QtQuick3D_Effects_designer --> node_venv_lib_python3_12_site-packages_PyQt6_Qt6_qml_QtQuick3D_Effects_designer_FlipSection_qml["FlipSection.qml"]\n    Root --> node_venv["venv"]\n    node_venv --> node_venv_lib["lib"]\n    node_venv_lib --> node_venv_lib_python3_12["python3.12"]\n    node_venv_lib_python3_12 --> node_venv_lib_python3_12_site-packages["site-packages"]\n    node_venv_lib_python3_12_site-packages --> node_venv_lib_python3_12_site-packages_PyQt6["PyQt6"]\n    node_venv_lib_python3_12_site-packages_PyQt6 --> node_venv_lib_python3_12_site-packages_PyQt6_Qt6["Qt6"]\n    node_venv_lib_python3_12_site-packages_PyQt6_Qt6 --> node_venv_lib_python3_12_site-packages_PyQt6_Qt6_qml["qml"]\n    node_venv_lib_python3_12_site-packages_PyQt6_Qt6_qml --> node_venv_lib_python3_12_site-packages_PyQt6_Qt6_qml_QtQuick3D["QtQuick3D"]\n    node_venv_lib_python3_12_site-packages_PyQt6_Qt6_qml_QtQuick3D --> node_venv_lib_python3_12_site-packages_PyQt6_Qt6_qml_QtQuick3D_Effects["Effects"]\n    node_venv_lib_python3_12_site-packages_PyQt6_Qt6_qml_QtQuick3D_Effects --> node_venv_lib_python3_12_site-packages_PyQt6_Qt6_qml_QtQuick3D_Effects_designer["designer"]\n    node_venv_lib_python3_12_site-packages_PyQt6_Qt6_qml_QtQuick3D_Effects_designer --> node_venv_lib_python3_12_site-packages_PyQt6_Qt6_qml_QtQuick3D_Effects_designer_FlipSpecifics_qml["FlipSpecifics.qml"]\n    Root --> node_venv["venv"]\n    node_venv --> node_venv_lib["lib"]\n    node_venv_lib --> node_venv_lib_python3_12["python3.12"]\n    node_venv_lib_python3_12 --> node_venv_lib_python3_12_site-packages["site-packages"]\n    node_venv_lib_python3_12_site-packages --> node_venv_lib_python3_12_site-packages_PyQt6["PyQt6"]\n    node_venv_lib_python3_12_site-packages_PyQt6 --> node_venv_lib_python3_12_site-packages_PyQt6_Qt6["Qt6"]\n    node_venv_lib_python3_12_site-packages_PyQt6_Qt6 --> node_venv_lib_python3_12_site-packages_PyQt6_Qt6_qml["qml"]\n    node_venv_lib_python3_12_site-packages_PyQt6_Qt6_qml --> node_venv_lib_python3_12_site-packages_PyQt6_Qt6_qml_QtQuick3D["QtQuick3D"]\n    node_venv_lib_python3_12_site-packages_PyQt6_Qt6_qml_QtQuick3D --> node_venv_lib_python3_12_site-packages_PyQt6_Qt6_qml_QtQuick3D_Effects["Effects"]\n    node_venv_lib_python3_12_site-packages_PyQt6_Qt6_qml_QtQuick3D_Effects --> node_venv_lib_python3_12_site-packages_PyQt6_Qt6_qml_QtQuick3D_Effects_designer["designer"]\n    node_venv_lib_python3_12_site-packages_PyQt6_Qt6_qml_QtQuick3D_Effects_designer --> node_venv_lib_python3_12_site-packages_PyQt6_Qt6_qml_QtQuick3D_Effects_designer_FxaaSection_qml["FxaaSection.qml"]\n    Root --> node_venv["venv"]\n    node_venv --> node_venv_lib["lib"]\n    node_venv_lib --> node_venv_lib_python3_12["python3.12"]\n    node_venv_lib_python3_12 --> node_venv_lib_python3_12_site-packages["site-packages"]\n    node_venv_lib_python3_12_site-packages --> node_venv_lib_python3_12_site-packages_PyQt6["PyQt6"]\n    node_venv_lib_python3_12_site-packages_PyQt6 --> node_venv_lib_python3_12_site-packages_PyQt6_Qt6["Qt6"]\n    node_venv_lib_python3_12_site-packages_PyQt6_Qt6 --> node_venv_lib_python3_12_site-packages_PyQt6_Qt6_qml["qml"]\n    node_venv_lib_python3_12_site-packages_PyQt6_Qt6_qml --> node_venv_lib_python3_12_site-packages_PyQt6_Qt6_qml_QtQuick3D["QtQuick3D"]\n    node_venv_lib_python3_12_site-packages_PyQt6_Qt6_qml_QtQuick3D --> node_venv_lib_python3_12_site-packages_PyQt6_Qt6_qml_QtQuick3D_Effects["Effects"]\n    node_venv_lib_python3_12_site-packages_PyQt6_Qt6_qml_QtQuick3D_Effects --> node_venv_lib_python3_12_site-packages_PyQt6_Qt6_qml_QtQuick3D_Effects_designer["designer"]\n    node_venv_lib_python3_12_site-packages_PyQt6_Qt6_qml_QtQuick3D_Effects_designer --> node_venv_lib_python3_12_site-packages_PyQt6_Qt6_qml_QtQuick3D_Effects_designer_FxaaSpecifics_qml["FxaaSpecifics.qml"]\n    Root --> node_venv["venv"]\n    node_venv --> node_venv_lib["lib"]\n    node_venv_lib --> node_venv_lib_python3_12["python3.12"]\n    node_venv_lib_python3_12 --> node_venv_lib_python3_12_site-packages["site-packages"]\n    node_venv_lib_python3_12_site-packages --> node_venv_lib_python3_12_site-packages_PyQt6["PyQt6"]\n    node_venv_lib_python3_12_site-packages_PyQt6 --> node_venv_lib_python3_12_site-packages_PyQt6_Qt6["Qt6"]\n    node_venv_lib_python3_12_site-packages_PyQt6_Qt6 --> node_venv_lib_python3_12_site-packages_PyQt6_Qt6_qml["qml"]\n    node_venv_lib_python3_12_site-packages_PyQt6_Qt6_qml --> node_venv_lib_python3_12_site-packages_PyQt6_Qt6_qml_QtQuick3D["QtQuick3D"]\n    node_venv_lib_python3_12_site-packages_PyQt6_Qt6_qml_QtQuick3D --> node_venv_lib_python3_12_site-packages_PyQt6_Qt6_qml_QtQuick3D_Effects["Effects"]\n    node_venv_lib_python3_12_site-packages_PyQt6_Qt6_qml_QtQuick3D_Effects --> node_venv_lib_python3_12_site-packages_PyQt6_Qt6_qml_QtQuick3D_Effects_designer["designer"]\n    node_venv_lib_python3_12_site-packages_PyQt6_Qt6_qml_QtQuick3D_Effects_designer --> node_venv_lib_python3_12_site-packages_PyQt6_Qt6_qml_QtQuick3D_Effects_designer_GaussianBlurSection_qml["GaussianBlurSection.qml"]\n    Root --> node_venv["venv"]\n    node_venv --> node_venv_lib["lib"]\n    node_venv_lib --> node_venv_lib_python3_12["python3.12"]\n    node_venv_lib_python3_12 --> node_venv_lib_python3_12_site-packages["site-packages"]\n    node_venv_lib_python3_12_site-packages --> node_venv_lib_python3_12_site-packages_PyQt6["PyQt6"]\n    node_venv_lib_python3_12_site-packages_PyQt6 --> node_venv_lib_python3_12_site-packages_PyQt6_Qt6["Qt6"]\n    node_venv_lib_python3_12_site-packages_PyQt6_Qt6 --> node_venv_lib_python3_12_site-packages_PyQt6_Qt6_qml["qml"]\n    node_venv_lib_python3_12_site-packages_PyQt6_Qt6_qml --> node_venv_lib_python3_12_site-packages_PyQt6_Qt6_qml_QtQuick3D["QtQuick3D"]\n    node_venv_lib_python3_12_site-packages_PyQt6_Qt6_qml_QtQuick3D --> node_venv_lib_python3_12_site-packages_PyQt6_Qt6_qml_QtQuick3D_Effects["Effects"]\n    node_venv_lib_python3_12_site-packages_PyQt6_Qt6_qml_QtQuick3D_Effects --> node_venv_lib_python3_12_site-packages_PyQt6_Qt6_qml_QtQuick3D_Effects_designer["designer"]\n    node_venv_lib_python3_12_site-packages_PyQt6_Qt6_qml_QtQuick3D_Effects_designer --> node_venv_lib_python3_12_site-packages_PyQt6_Qt6_qml_QtQuick3D_Effects_designer_GaussianBlurSpecifics_qml["GaussianBlurSpecifics.qml"]\n    Root --> node_venv["venv"]\n    node_venv --> node_venv_lib["lib"]\n    node_venv_lib --> node_venv_lib_python3_12["python3.12"]\n    node_venv_lib_python3_12 --> node_venv_lib_python3_12_site-packages["site-packages"]\n    node_venv_lib_python3_12_site-packages --> node_venv_lib_python3_12_site-packages_PyQt6["PyQt6"]\n    node_venv_lib_python3_12_site-packages_PyQt6 --> node_venv_lib_python3_12_site-packages_PyQt6_Qt6["Qt6"]\n    node_venv_lib_python3_12_site-packages_PyQt6_Qt6 --> node_venv_lib_python3_12_site-packages_PyQt6_Qt6_qml["qml"]\n    node_venv_lib_python3_12_site-packages_PyQt6_Qt6_qml --> node_venv_lib_python3_12_site-packages_PyQt6_Qt6_qml_QtQuick3D["QtQuick3D"]\n    node_venv_lib_python3_12_site-packages_PyQt6_Qt6_qml_QtQuick3D --> node_venv_lib_python3_12_site-packages_PyQt6_Qt6_qml_QtQuick3D_Effects["Effects"]\n    node_venv_lib_python3_12_site-packages_PyQt6_Qt6_qml_QtQuick3D_Effects --> node_venv_lib_python3_12_site-packages_PyQt6_Qt6_qml_QtQuick3D_Effects_designer["designer"]\n    node_venv_lib_python3_12_site-packages_PyQt6_Qt6_qml_QtQuick3D_Effects_designer --> node_venv_lib_python3_12_site-packages_PyQt6_Qt6_qml_QtQuick3D_Effects_designer_HDRBloomTonemapSection_qml["HDRBloomTonemapSection.qml"]\n    Root --> node_venv["venv"]\n    node_venv --> node_venv_lib["lib"]\n    node_venv_lib --> node_venv_lib_python3_12["python3.12"]\n    node_venv_lib_python3_12 --> node_venv_lib_python3_12_site-packages["site-packages"]\n    node_venv_lib_python3_12_site-packages --> node_venv_lib_python3_12_site-packages_PyQt6["PyQt6"]\n    node_venv_lib_python3_12_site-packages_PyQt6 --> node_venv_lib_python3_12_site-packages_PyQt6_Qt6["Qt6"]\n    node_venv_lib_python3_12_site-packages_PyQt6_Qt6 --> node_venv_lib_python3_12_site-packages_PyQt6_Qt6_qml["qml"]\n    node_venv_lib_python3_12_site-packages_PyQt6_Qt6_qml --> node_venv_lib_python3_12_site-packages_PyQt6_Qt6_qml_QtQuick3D["QtQuick3D"]\n    node_venv_lib_python3_12_site-packages_PyQt6_Qt6_qml_QtQuick3D --> node_venv_lib_python3_12_site-packages_PyQt6_Qt6_qml_QtQuick3D_Effects["Effects"]\n    node_venv_lib_python3_12_site-packages_PyQt6_Qt6_qml_QtQuick3D_Effects --> node_venv_lib_python3_12_site-packages_PyQt6_Qt6_qml_QtQuick3D_Effects_designer["designer"]\n    node_venv_lib_python3_12_site-packages_PyQt6_Qt6_qml_QtQuick3D_Effects_designer --> node_venv_lib_python3_12_site-packages_PyQt6_Qt6_qml_QtQuick3D_Effects_designer_HDRBloomTonemapSpecifics_qml["HDRBloomTonemapSpecifics.qml"]\n    Root --> node_venv["venv"]\n    node_venv --> node_venv_lib["lib"]\n    node_venv_lib --> node_venv_lib_python3_12["python3.12"]\n    node_venv_lib_python3_12 --> node_venv_lib_python3_12_site-packages["site-packages"]\n    node_venv_lib_python3_12_site-packages --> node_venv_lib_python3_12_site-packages_PyQt6["PyQt6"]\n    node_venv_lib_python3_12_site-packages_PyQt6 --> node_venv_lib_python3_12_site-packages_PyQt6_Qt6["Qt6"]\n    node_venv_lib_python3_12_site-packages_PyQt6_Qt6 --> node_venv_lib_python3_12_site-packages_PyQt6_Qt6_qml["qml"]\n    node_venv_lib_python3_12_site-packages_PyQt6_Qt6_qml --> node_venv_lib_python3_12_site-packages_PyQt6_Qt6_qml_QtQuick3D["QtQuick3D"]\n    node_venv_lib_python3_12_site-packages_PyQt6_Qt6_qml_QtQuick3D --> node_venv_lib_python3_12_site-packages_PyQt6_Qt6_qml_QtQuick3D_Effects["Effects"]\n    node_venv_lib_python3_12_site-packages_PyQt6_Qt6_qml_QtQuick3D_Effects --> node_venv_lib_python3_12_site-packages_PyQt6_Qt6_qml_QtQuick3D_Effects_designer["designer"]\n    node_venv_lib_python3_12_site-packages_PyQt6_Qt6_qml_QtQuick3D_Effects_designer --> node_venv_lib_python3_12_site-packages_PyQt6_Qt6_qml_QtQuick3D_Effects_designer_MotionBlurSection_qml["MotionBlurSection.qml"]\n    Root --> node_venv["venv"]\n    node_venv --> node_venv_lib["lib"]\n    node_venv_lib --> node_venv_lib_python3_12["python3.12"]\n    node_venv_lib_python3_12 --> node_venv_lib_python3_12_site-packages["site-packages"]\n    node_venv_lib_python3_12_site-packages --> node_venv_lib_python3_12_site-packages_PyQt6["PyQt6"]\n    node_venv_lib_python3_12_site-packages_PyQt6 --> node_venv_lib_python3_12_site-packages_PyQt6_Qt6["Qt6"]\n    node_venv_lib_python3_12_site-packages_PyQt6_Qt6 --> node_venv_lib_python3_12_site-packages_PyQt6_Qt6_qml["qml"]\n    node_venv_lib_python3_12_site-packages_PyQt6_Qt6_qml --> node_venv_lib_python3_12_site-packages_PyQt6_Qt6_qml_QtQuick3D["QtQuick3D"]\n    node_venv_lib_python3_12_site-packages_PyQt6_Qt6_qml_QtQuick3D --> node_venv_lib_python3_12_site-packages_PyQt6_Qt6_qml_QtQuick3D_Effects["Effects"]\n    node_venv_lib_python3_12_site-packages_PyQt6_Qt6_qml_QtQuick3D_Effects --> node_venv_lib_python3_12_site-packages_PyQt6_Qt6_qml_QtQuick3D_Effects_designer["designer"]\n    node_venv_lib_python3_12_site-packages_PyQt6_Qt6_qml_QtQuick3D_Effects_designer --> node_venv_lib_python3_12_site-packages_PyQt6_Qt6_qml_QtQuick3D_Effects_designer_MotionBlurSpecifics_qml["MotionBlurSpecifics.qml"]\n    Root --> node_venv["venv"]\n    node_venv --> node_venv_lib["lib"]\n    node_venv_lib --> node_venv_lib_python3_12["python3.12"]\n    node_venv_lib_python3_12 --> node_venv_lib_python3_12_site-packages["site-packages"]\n    node_venv_lib_python3_12_site-packages --> node_venv_lib_python3_12_site-packages_PyQt6["PyQt6"]\n    node_venv_lib_python3_12_site-packages_PyQt6 --> node_venv_lib_python3_12_site-packages_PyQt6_Qt6["Qt6"]\n    node_venv_lib_python3_12_site-packages_PyQt6_Qt6 --> node_venv_lib_python3_12_site-packages_PyQt6_Qt6_qml["qml"]\n    node_venv_lib_python3_12_site-packages_PyQt6_Qt6_qml --> node_venv_lib_python3_12_site-packages_PyQt6_Qt6_qml_QtQuick3D["QtQuick3D"]\n    node_venv_lib_python3_12_site-packages_PyQt6_Qt6_qml_QtQuick3D --> node_venv_lib_python3_12_site-packages_PyQt6_Qt6_qml_QtQuick3D_Effects["Effects"]\n    node_venv_lib_python3_12_site-packages_PyQt6_Qt6_qml_QtQuick3D_Effects --> node_venv_lib_python3_12_site-packages_PyQt6_Qt6_qml_QtQuick3D_Effects_designer["designer"]\n    node_venv_lib_python3_12_site-packages_PyQt6_Qt6_qml_QtQuick3D_Effects_designer --> node_venv_lib_python3_12_site-packages_PyQt6_Qt6_qml_QtQuick3D_Effects_designer_SCurveTonemapSection_qml["SCurveTonemapSection.qml"]\n    Root --> node_venv["venv"]\n    node_venv --> node_venv_lib["lib"]\n    node_venv_lib --> node_venv_lib_python3_12["python3.12"]\n    node_venv_lib_python3_12 --> node_venv_lib_python3_12_site-packages["site-packages"]\n    node_venv_lib_python3_12_site-packages --> node_venv_lib_python3_12_site-packages_PyQt6["PyQt6"]\n    node_venv_lib_python3_12_site-packages_PyQt6 --> node_venv_lib_python3_12_site-packages_PyQt6_Qt6["Qt6"]\n    node_venv_lib_python3_12_site-packages_PyQt6_Qt6 --> node_venv_lib_python3_12_site-packages_PyQt6_Qt6_qml["qml"]\n    node_venv_lib_python3_12_site-packages_PyQt6_Qt6_qml --> node_venv_lib_python3_12_site-packages_PyQt6_Qt6_qml_QtQuick3D["QtQuick3D"]\n    node_venv_lib_python3_12_site-packages_PyQt6_Qt6_qml_QtQuick3D --> node_venv_lib_python3_12_site-packages_PyQt6_Qt6_qml_QtQuick3D_Effects["Effects"]\n    node_venv_lib_python3_12_site-packages_PyQt6_Qt6_qml_QtQuick3D_Effects --> node_venv_lib_python3_12_site-packages_PyQt6_Qt6_qml_QtQuick3D_Effects_designer["designer"]\n    node_venv_lib_python3_12_site-packages_PyQt6_Qt6_qml_QtQuick3D_Effects_designer --> node_venv_lib_python3_12_site-packages_PyQt6_Qt6_qml_QtQuick3D_Effects_designer_SCurveTonemapSpecifics_qml["SCurveTonemapSpecifics.qml"]\n    Root --> node_venv["venv"]\n    node_venv --> node_venv_lib["lib"]\n    node_venv_lib --> node_venv_lib_python3_12["python3.12"]\n    node_venv_lib_python3_12 --> node_venv_lib_python3_12_site-packages["site-packages"]\n    node_venv_lib_python3_12_site-packages --> node_venv_lib_python3_12_site-packages_PyQt6["PyQt6"]\n    node_venv_lib_python3_12_site-packages_PyQt6 --> node_venv_lib_python3_12_site-packages_PyQt6_Qt6["Qt6"]\n    node_venv_lib_python3_12_site-packages_PyQt6_Qt6 --> node_venv_lib_python3_12_site-packages_PyQt6_Qt6_qml["qml"]\n    node_venv_lib_python3_12_site-packages_PyQt6_Qt6_qml --> node_venv_lib_python3_12_site-packages_PyQt6_Qt6_qml_QtQuick3D["QtQuick3D"]\n    node_venv_lib_python3_12_site-packages_PyQt6_Qt6_qml_QtQuick3D --> node_venv_lib_python3_12_site-packages_PyQt6_Qt6_qml_QtQuick3D_Effects["Effects"]\n    node_venv_lib_python3_12_site-packages_PyQt6_Qt6_qml_QtQuick3D_Effects --> node_venv_lib_python3_12_site-packages_PyQt6_Qt6_qml_QtQuick3D_Effects_designer["designer"]\n    node_venv_lib_python3_12_site-packages_PyQt6_Qt6_qml_QtQuick3D_Effects_designer --> node_venv_lib_python3_12_site-packages_PyQt6_Qt6_qml_QtQuick3D_Effects_designer_ScatterSection_qml["ScatterSection.qml"]\n    Root --> node_venv["venv"]\n    node_venv --> node_venv_lib["lib"]\n    node_venv_lib --> node_venv_lib_python3_12["python3.12"]\n    node_venv_lib_python3_12 --> node_venv_lib_python3_12_site-packages["site-packages"]\n    node_venv_lib_python3_12_site-packages --> node_venv_lib_python3_12_site-packages_PyQt6["PyQt6"]\n    node_venv_lib_python3_12_site-packages_PyQt6 --> node_venv_lib_python3_12_site-packages_PyQt6_Qt6["Qt6"]\n    node_venv_lib_python3_12_site-packages_PyQt6_Qt6 --> node_venv_lib_python3_12_site-packages_PyQt6_Qt6_qml["qml"]\n    node_venv_lib_python3_12_site-packages_PyQt6_Qt6_qml --> node_venv_lib_python3_12_site-packages_PyQt6_Qt6_qml_QtQuick3D["QtQuick3D"]\n    node_venv_lib_python3_12_site-packages_PyQt6_Qt6_qml_QtQuick3D --> node_venv_lib_python3_12_site-packages_PyQt6_Qt6_qml_QtQuick3D_Effects["Effects"]\n    node_venv_lib_python3_12_site-packages_PyQt6_Qt6_qml_QtQuick3D_Effects --> node_venv_lib_python3_12_site-packages_PyQt6_Qt6_qml_QtQuick3D_Effects_designer["designer"]\n    node_venv_lib_python3_12_site-packages_PyQt6_Qt6_qml_QtQuick3D_Effects_designer --> node_venv_lib_python3_12_site-packages_PyQt6_Qt6_qml_QtQuick3D_Effects_designer_ScatterSpecifics_qml["ScatterSpecifics.qml"]\n    Root --> node_venv["venv"]\n    node_venv --> node_venv_lib["lib"]\n    node_venv_lib --> node_venv_lib_python3_12["python3.12"]\n    node_venv_lib_python3_12 --> node_venv_lib_python3_12_site-packages["site-packages"]\n    node_venv_lib_python3_12_site-packages --> node_venv_lib_python3_12_site-packages_PyQt6["PyQt6"]\n    node_venv_lib_python3_12_site-packages_PyQt6 --> node_venv_lib_python3_12_site-packages_PyQt6_Qt6["Qt6"]\n    node_venv_lib_python3_12_site-packages_PyQt6_Qt6 --> node_venv_lib_python3_12_site-packages_PyQt6_Qt6_qml["qml"]\n    node_venv_lib_python3_12_site-packages_PyQt6_Qt6_qml --> node_venv_lib_python3_12_site-packages_PyQt6_Qt6_qml_QtQuick3D["QtQuick3D"]\n    node_venv_lib_python3_12_site-packages_PyQt6_Qt6_qml_QtQuick3D --> node_venv_lib_python3_12_site-packages_PyQt6_Qt6_qml_QtQuick3D_Effects["Effects"]\n    node_venv_lib_python3_12_site-packages_PyQt6_Qt6_qml_QtQuick3D_Effects --> node_venv_lib_python3_12_site-packages_PyQt6_Qt6_qml_QtQuick3D_Effects_designer["designer"]\n    node_venv_lib_python3_12_site-packages_PyQt6_Qt6_qml_QtQuick3D_Effects_designer --> node_venv_lib_python3_12_site-packages_PyQt6_Qt6_qml_QtQuick3D_Effects_designer_TiltShiftSection_qml["TiltShiftSection.qml"]\n    Root --> node_venv["venv"]\n    node_venv --> node_venv_lib["lib"]\n    node_venv_lib --> node_venv_lib_python3_12["python3.12"]\n    node_venv_lib_python3_12 --> node_venv_lib_python3_12_site-packages["site-packages"]\n    node_venv_lib_python3_12_site-packages --> node_venv_lib_python3_12_site-packages_PyQt6["PyQt6"]\n    node_venv_lib_python3_12_site-packages_PyQt6 --> node_venv_lib_python3_12_site-packages_PyQt6_Qt6["Qt6"]\n    node_venv_lib_python3_12_site-packages_PyQt6_Qt6 --> node_venv_lib_python3_12_site-packages_PyQt6_Qt6_qml["qml"]\n    node_venv_lib_python3_12_site-packages_PyQt6_Qt6_qml --> node_venv_lib_python3_12_site-packages_PyQt6_Qt6_qml_QtQuick3D["QtQuick3D"]\n    node_venv_lib_python3_12_site-packages_PyQt6_Qt6_qml_QtQuick3D --> node_venv_lib_python3_12_site-packages_PyQt6_Qt6_qml_QtQuick3D_Effects["Effects"]\n    node_venv_lib_python3_12_site-packages_PyQt6_Qt6_qml_QtQuick3D_Effects --> node_venv_lib_python3_12_site-packages_PyQt6_Qt6_qml_QtQuick3D_Effects_designer["designer"]\n    node_venv_lib_python3_12_site-packages_PyQt6_Qt6_qml_QtQuick3D_Effects_designer --> node_venv_lib_python3_12_site-packages_PyQt6_Qt6_qml_QtQuick3D_Effects_designer_TiltShiftSpecifics_qml["TiltShiftSpecifics.qml"]\n    Root --> node_venv["venv"]\n    node_venv --> node_venv_lib["lib"]\n    node_venv_lib --> node_venv_lib_python3_12["python3.12"]\n    node_venv_lib_python3_12 --> node_venv_lib_python3_12_site-packages["site-packages"]\n    node_venv_lib_python3_12_site-packages --> node_venv_lib_python3_12_site-packages_PyQt6["PyQt6"]\n    node_venv_lib_python3_12_site-packages_PyQt6 --> node_venv_lib_python3_12_site-packages_PyQt6_Qt6["Qt6"]\n    node_venv_lib_python3_12_site-packages_PyQt6_Qt6 --> node_venv_lib_python3_12_site-packages_PyQt6_Qt6_qml["qml"]\n    node_venv_lib_python3_12_site-packages_PyQt6_Qt6_qml --> node_venv_lib_python3_12_site-packages_PyQt6_Qt6_qml_QtQuick3D["QtQuick3D"]\n    node_venv_lib_python3_12_site-packages_PyQt6_Qt6_qml_QtQuick3D --> node_venv_lib_python3_12_site-packages_PyQt6_Qt6_qml_QtQuick3D_Effects["Effects"]\n    node_venv_lib_python3_12_site-packages_PyQt6_Qt6_qml_QtQuick3D_Effects --> node_venv_lib_python3_12_site-packages_PyQt6_Qt6_qml_QtQuick3D_Effects_designer["designer"]\n    node_venv_lib_python3_12_site-packages_PyQt6_Qt6_qml_QtQuick3D_Effects_designer --> node_venv_lib_python3_12_site-packages_PyQt6_Qt6_qml_QtQuick3D_Effects_designer_VignetteSection_qml["VignetteSection.qml"]\n    Root --> node_venv["venv"]\n    node_venv --> node_venv_lib["lib"]\n    node_venv_lib --> node_venv_lib_python3_12["python3.12"]\n    node_venv_lib_python3_12 --> node_venv_lib_python3_12_site-packages["site-packages"]\n    node_venv_lib_python3_12_site-packages --> node_venv_lib_python3_12_site-packages_PyQt6["PyQt6"]\n    node_venv_lib_python3_12_site-packages_PyQt6 --> node_venv_lib_python3_12_site-packages_PyQt6_Qt6["Qt6"]\n    node_venv_lib_python3_12_site-packages_PyQt6_Qt6 --> node_venv_lib_python3_12_site-packages_PyQt6_Qt6_qml["qml"]\n    node_venv_lib_python3_12_site-packages_PyQt6_Qt6_qml --> node_venv_lib_python3_12_site-packages_PyQt6_Qt6_qml_QtQuick3D["QtQuick3D"]\n    node_venv_lib_python3_12_site-packages_PyQt6_Qt6_qml_QtQuick3D --> node_venv_lib_python3_12_site-packages_PyQt6_Qt6_qml_QtQuick3D_Effects["Effects"]\n    node_venv_lib_python3_12_site-packages_PyQt6_Qt6_qml_QtQuick3D_Effects --> node_venv_lib_python3_12_site-packages_PyQt6_Qt6_qml_QtQuick3D_Effects_designer["designer"]\n    node_venv_lib_python3_12_site-packages_PyQt6_Qt6_qml_QtQuick3D_Effects_designer --> node_venv_lib_python3_12_site-packages_PyQt6_Qt6_qml_QtQuick3D_Effects_designer_VignetteSpecifics_qml["VignetteSpecifics.qml"]\n    Root --> node_venv["venv"]\n    node_venv --> node_venv_lib["lib"]\n    node_venv_lib --> node_venv_lib_python3_12["python3.12"]\n    node_venv_lib_python3_12 --> node_venv_lib_python3_12_site-packages["site-packages"]\n    node_venv_lib_python3_12_site-packages --> node_venv_lib_python3_12_site-packages_PyQt6["PyQt6"]\n    node_venv_lib_python3_12_site-packages_PyQt6 --> node_venv_lib_python3_12_site-packages_PyQt6_Qt6["Qt6"]\n    node_venv_lib_python3_12_site-packages_PyQt6_Qt6 --> node_venv_lib_python3_12_site-packages_PyQt6_Qt6_qml["qml"]\n    node_venv_lib_python3_12_site-packages_PyQt6_Qt6_qml --> node_venv_lib_python3_12_site-packages_PyQt6_Qt6_qml_QtQuick3D["QtQuick3D"]\n    node_venv_lib_python3_12_site-packages_PyQt6_Qt6_qml_QtQuick3D --> node_venv_lib_python3_12_site-packages_PyQt6_Qt6_qml_QtQuick3D_Effects["Effects"]\n    node_venv_lib_python3_12_site-packages_PyQt6_Qt6_qml_QtQuick3D_Effects --> node_venv_lib_python3_12_site-packages_PyQt6_Qt6_qml_QtQuick3D_Effects_designer["designer"]\n    node_venv_lib_python3_12_site-packages_PyQt6_Qt6_qml_QtQuick3D_Effects_designer --> node_venv_lib_python3_12_site-packages_PyQt6_Qt6_qml_QtQuick3D_Effects_designer_effectlib_metainfo["effectlib.metainfo"]\n    Root --> node_venv["venv"]\n    node_venv --> node_venv_lib["lib"]\n    node_venv_lib --> node_venv_lib_python3_12["python3.12"]\n    node_venv_lib_python3_12 --> node_venv_lib_python3_12_site-packages["site-packages"]\n    node_venv_lib_python3_12_site-packages --> node_venv_lib_python3_12_site-packages_PyQt6["PyQt6"]\n    node_venv_lib_python3_12_site-packages_PyQt6 --> node_venv_lib_python3_12_site-packages_PyQt6_Qt6["Qt6"]\n    node_venv_lib_python3_12_site-packages_PyQt6_Qt6 --> node_venv_lib_python3_12_site-packages_PyQt6_Qt6_qml["qml"]\n    node_venv_lib_python3_12_site-packages_PyQt6_Qt6_qml --> node_venv_lib_python3_12_site-packages_PyQt6_Qt6_qml_QtQuick3D["QtQuick3D"]\n    node_venv_lib_python3_12_site-packages_PyQt6_Qt6_qml_QtQuick3D --> node_venv_lib_python3_12_site-packages_PyQt6_Qt6_qml_QtQuick3D_Effects["Effects"]\n    node_venv_lib_python3_12_site-packages_PyQt6_Qt6_qml_QtQuick3D_Effects --> node_venv_lib_python3_12_site-packages_PyQt6_Qt6_qml_QtQuick3D_Effects_designer["designer"]\n    node_venv_lib_python3_12_site-packages_PyQt6_Qt6_qml_QtQuick3D_Effects_designer --> node_venv_lib_python3_12_site-packages_PyQt6_Qt6_qml_QtQuick3D_Effects_designer_images["images"]\n    node_venv_lib_python3_12_site-packages_PyQt6_Qt6_qml_QtQuick3D_Effects_designer_images --> node_venv_lib_python3_12_site-packages_PyQt6_Qt6_qml_QtQuick3D_Effects_designer_images_effect_png["effect.png"]\n    Root --> node_venv["venv"]\n    node_venv --> node_venv_lib["lib"]\n    node_venv_lib --> node_venv_lib_python3_12["python3.12"]\n    node_venv_lib_python3_12 --> node_venv_lib_python3_12_site-packages["site-packages"]\n    node_venv_lib_python3_12_site-packages --> node_venv_lib_python3_12_site-packages_PyQt6["PyQt6"]\n    node_venv_lib_python3_12_site-packages_PyQt6 --> node_venv_lib_python3_12_site-packages_PyQt6_Qt6["Qt6"]\n    node_venv_lib_python3_12_site-packages_PyQt6_Qt6 --> node_venv_lib_python3_12_site-packages_PyQt6_Qt6_qml["qml"]\n    node_venv_lib_python3_12_site-packages_PyQt6_Qt6_qml --> node_venv_lib_python3_12_site-packages_PyQt6_Qt6_qml_QtQuick3D["QtQuick3D"]\n    node_venv_lib_python3_12_site-packages_PyQt6_Qt6_qml_QtQuick3D --> node_venv_lib_python3_12_site-packages_PyQt6_Qt6_qml_QtQuick3D_Effects["Effects"]\n    node_venv_lib_python3_12_site-packages_PyQt6_Qt6_qml_QtQuick3D_Effects --> node_venv_lib_python3_12_site-packages_PyQt6_Qt6_qml_QtQuick3D_Effects_designer["designer"]\n    node_venv_lib_python3_12_site-packages_PyQt6_Qt6_qml_QtQuick3D_Effects_designer --> node_venv_lib_python3_12_site-packages_PyQt6_Qt6_qml_QtQuick3D_Effects_designer_images["images"]\n    node_venv_lib_python3_12_site-packages_PyQt6_Qt6_qml_QtQuick3D_Effects_designer_images --> node_venv_lib_python3_12_site-packages_PyQt6_Qt6_qml_QtQuick3D_Effects_designer_images_effect16_png["effect16.png"]\n    Root --> node_venv["venv"]\n    node_venv --> node_venv_lib["lib"]\n    node_venv_lib --> node_venv_lib_python3_12["python3.12"]\n    node_venv_lib_python3_12 --> node_venv_lib_python3_12_site-packages["site-packages"]\n    node_venv_lib_python3_12_site-packages --> node_venv_lib_python3_12_site-packages_PyQt6["PyQt6"]\n    node_venv_lib_python3_12_site-packages_PyQt6 --> node_venv_lib_python3_12_site-packages_PyQt6_Qt6["Qt6"]\n    node_venv_lib_python3_12_site-packages_PyQt6_Qt6 --> node_venv_lib_python3_12_site-packages_PyQt6_Qt6_qml["qml"]\n    node_venv_lib_python3_12_site-packages_PyQt6_Qt6_qml --> node_venv_lib_python3_12_site-packages_PyQt6_Qt6_qml_QtQuick3D["QtQuick3D"]\n    node_venv_lib_python3_12_site-packages_PyQt6_Qt6_qml_QtQuick3D --> node_venv_lib_python3_12_site-packages_PyQt6_Qt6_qml_QtQuick3D_Effects["Effects"]\n    node_venv_lib_python3_12_site-packages_PyQt6_Qt6_qml_QtQuick3D_Effects --> node_venv_lib_python3_12_site-packages_PyQt6_Qt6_qml_QtQuick3D_Effects_designer["designer"]\n    node_venv_lib_python3_12_site-packages_PyQt6_Qt6_qml_QtQuick3D_Effects_designer --> node_venv_lib_python3_12_site-packages_PyQt6_Qt6_qml_QtQuick3D_Effects_designer_images["images"]\n    node_venv_lib_python3_12_site-packages_PyQt6_Qt6_qml_QtQuick3D_Effects_designer_images --> node_venv_lib_python3_12_site-packages_PyQt6_Qt6_qml_QtQuick3D_Effects_designer_images_effect@2x_png["effect@2x.png"]\n    Root --> node_venv["venv"]\n    node_venv --> node_venv_lib["lib"]\n    node_venv_lib --> node_venv_lib_python3_12["python3.12"]\n    node_venv_lib_python3_12 --> node_venv_lib_python3_12_site-packages["site-packages"]\n    node_venv_lib_python3_12_site-packages --> node_venv_lib_python3_12_site-packages_PyQt6["PyQt6"]\n    node_venv_lib_python3_12_site-packages_PyQt6 --> node_venv_lib_python3_12_site-packages_PyQt6_Qt6["Qt6"]\n    node_venv_lib_python3_12_site-packages_PyQt6_Qt6 --> node_venv_lib_python3_12_site-packages_PyQt6_Qt6_qml["qml"]\n    node_venv_lib_python3_12_site-packages_PyQt6_Qt6_qml --> node_venv_lib_python3_12_site-packages_PyQt6_Qt6_qml_QtQuick3D["QtQuick3D"]\n    node_venv_lib_python3_12_site-packages_PyQt6_Qt6_qml_QtQuick3D --> node_venv_lib_python3_12_site-packages_PyQt6_Qt6_qml_QtQuick3D_Helpers["Helpers"]\n    node_venv_lib_python3_12_site-packages_PyQt6_Qt6_qml_QtQuick3D_Helpers --> node_venv_lib_python3_12_site-packages_PyQt6_Qt6_qml_QtQuick3D_Helpers_AxisHelper_qml["AxisHelper.qml"]\n    Root --> node_venv["venv"]\n    node_venv --> node_venv_lib["lib"]\n    node_venv_lib --> node_venv_lib_python3_12["python3.12"]\n    node_venv_lib_python3_12 --> node_venv_lib_python3_12_site-packages["site-packages"]\n    node_venv_lib_python3_12_site-packages --> node_venv_lib_python3_12_site-packages_PyQt6["PyQt6"]\n    node_venv_lib_python3_12_site-packages_PyQt6 --> node_venv_lib_python3_12_site-packages_PyQt6_Qt6["Qt6"]\n    node_venv_lib_python3_12_site-packages_PyQt6_Qt6 --> node_venv_lib_python3_12_site-packages_PyQt6_Qt6_qml["qml"]\n    node_venv_lib_python3_12_site-packages_PyQt6_Qt6_qml --> node_venv_lib_python3_12_site-packages_PyQt6_Qt6_qml_QtQuick3D["QtQuick3D"]\n    node_venv_lib_python3_12_site-packages_PyQt6_Qt6_qml_QtQuick3D --> node_venv_lib_python3_12_site-packages_PyQt6_Qt6_qml_QtQuick3D_Helpers["Helpers"]\n    node_venv_lib_python3_12_site-packages_PyQt6_Qt6_qml_QtQuick3D_Helpers --> node_venv_lib_python3_12_site-packages_PyQt6_Qt6_qml_QtQuick3D_Helpers_DebugView_qml["DebugView.qml"]\n    Root --> node_venv["venv"]\n    node_venv --> node_venv_lib["lib"]\n    node_venv_lib --> node_venv_lib_python3_12["python3.12"]\n    node_venv_lib_python3_12 --> node_venv_lib_python3_12_site-packages["site-packages"]\n    node_venv_lib_python3_12_site-packages --> node_venv_lib_python3_12_site-packages_PyQt6["PyQt6"]\n    node_venv_lib_python3_12_site-packages_PyQt6 --> node_venv_lib_python3_12_site-packages_PyQt6_Qt6["Qt6"]\n    node_venv_lib_python3_12_site-packages_PyQt6_Qt6 --> node_venv_lib_python3_12_site-packages_PyQt6_Qt6_qml["qml"]\n    node_venv_lib_python3_12_site-packages_PyQt6_Qt6_qml --> node_venv_lib_python3_12_site-packages_PyQt6_Qt6_qml_QtQuick3D["QtQuick3D"]\n    node_venv_lib_python3_12_site-packages_PyQt6_Qt6_qml_QtQuick3D --> node_venv_lib_python3_12_site-packages_PyQt6_Qt6_qml_QtQuick3D_Helpers["Helpers"]\n    node_venv_lib_python3_12_site-packages_PyQt6_Qt6_qml_QtQuick3D_Helpers --> node_venv_lib_python3_12_site-packages_PyQt6_Qt6_qml_QtQuick3D_Helpers_ExtendedSceneEnvironment_qml["ExtendedSceneEnvironment.qml"]\n    Root --> node_venv["venv"]\n    node_venv --> node_venv_lib["lib"]\n    node_venv_lib --> node_venv_lib_python3_12["python3.12"]\n    node_venv_lib_python3_12 --> node_venv_lib_python3_12_site-packages["site-packages"]\n    node_venv_lib_python3_12_site-packages --> node_venv_lib_python3_12_site-packages_PyQt6["PyQt6"]\n    node_venv_lib_python3_12_site-packages_PyQt6 --> node_venv_lib_python3_12_site-packages_PyQt6_Qt6["Qt6"]\n    node_venv_lib_python3_12_site-packages_PyQt6_Qt6 --> node_venv_lib_python3_12_site-packages_PyQt6_Qt6_qml["qml"]\n    node_venv_lib_python3_12_site-packages_PyQt6_Qt6_qml --> node_venv_lib_python3_12_site-packages_PyQt6_Qt6_qml_QtQuick3D["QtQuick3D"]\n    node_venv_lib_python3_12_site-packages_PyQt6_Qt6_qml_QtQuick3D --> node_venv_lib_python3_12_site-packages_PyQt6_Qt6_qml_QtQuick3D_Helpers["Helpers"]\n    node_venv_lib_python3_12_site-packages_PyQt6_Qt6_qml_QtQuick3D_Helpers --> node_venv_lib_python3_12_site-packages_PyQt6_Qt6_qml_QtQuick3D_Helpers_LodManager_qml["LodManager.qml"]\n    Root --> node_venv["venv"]\n    node_venv --> node_venv_lib["lib"]\n    node_venv_lib --> node_venv_lib_python3_12["python3.12"]\n    node_venv_lib_python3_12 --> node_venv_lib_python3_12_site-packages["site-packages"]\n    node_venv_lib_python3_12_site-packages --> node_venv_lib_python3_12_site-packages_PyQt6["PyQt6"]\n    node_venv_lib_python3_12_site-packages_PyQt6 --> node_venv_lib_python3_12_site-packages_PyQt6_Qt6["Qt6"]\n    node_venv_lib_python3_12_site-packages_PyQt6_Qt6 --> node_venv_lib_python3_12_site-packages_PyQt6_Qt6_qml["qml"]\n    node_venv_lib_python3_12_site-packages_PyQt6_Qt6_qml --> node_venv_lib_python3_12_site-packages_PyQt6_Qt6_qml_QtQuick3D["QtQuick3D"]\n    node_venv_lib_python3_12_site-packages_PyQt6_Qt6_qml_QtQuick3D --> node_venv_lib_python3_12_site-packages_PyQt6_Qt6_qml_QtQuick3D_Helpers["Helpers"]\n    node_venv_lib_python3_12_site-packages_PyQt6_Qt6_qml_QtQuick3D_Helpers --> node_venv_lib_python3_12_site-packages_PyQt6_Qt6_qml_QtQuick3D_Helpers_OrbitCameraController_qml["OrbitCameraController.qml"]\n    Root --> node_venv["venv"]\n    node_venv --> node_venv_lib["lib"]\n    node_venv_lib --> node_venv_lib_python3_12["python3.12"]\n    node_venv_lib_python3_12 --> node_venv_lib_python3_12_site-packages["site-packages"]\n    node_venv_lib_python3_12_site-packages --> node_venv_lib_python3_12_site-packages_PyQt6["PyQt6"]\n    node_venv_lib_python3_12_site-packages_PyQt6 --> node_venv_lib_python3_12_site-packages_PyQt6_Qt6["Qt6"]\n    node_venv_lib_python3_12_site-packages_PyQt6_Qt6 --> node_venv_lib_python3_12_site-packages_PyQt6_Qt6_qml["qml"]\n    node_venv_lib_python3_12_site-packages_PyQt6_Qt6_qml --> node_venv_lib_python3_12_site-packages_PyQt6_Qt6_qml_QtQuick3D["QtQuick3D"]\n    node_venv_lib_python3_12_site-packages_PyQt6_Qt6_qml_QtQuick3D --> node_venv_lib_python3_12_site-packages_PyQt6_Qt6_qml_QtQuick3D_Helpers["Helpers"]\n    node_venv_lib_python3_12_site-packages_PyQt6_Qt6_qml_QtQuick3D_Helpers --> node_venv_lib_python3_12_site-packages_PyQt6_Qt6_qml_QtQuick3D_Helpers_WasdController_qml["WasdController.qml"]\n    Root --> node_venv["venv"]\n    node_venv --> node_venv_lib["lib"]\n    node_venv_lib --> node_venv_lib_python3_12["python3.12"]\n    node_venv_lib_python3_12 --> node_venv_lib_python3_12_site-packages["site-packages"]\n    node_venv_lib_python3_12_site-packages --> node_venv_lib_python3_12_site-packages_PyQt6["PyQt6"]\n    node_venv_lib_python3_12_site-packages_PyQt6 --> node_venv_lib_python3_12_site-packages_PyQt6_Qt6["Qt6"]\n    node_venv_lib_python3_12_site-packages_PyQt6_Qt6 --> node_venv_lib_python3_12_site-packages_PyQt6_Qt6_qml["qml"]\n    node_venv_lib_python3_12_site-packages_PyQt6_Qt6_qml --> node_venv_lib_python3_12_site-packages_PyQt6_Qt6_qml_QtQuick3D["QtQuick3D"]\n    node_venv_lib_python3_12_site-packages_PyQt6_Qt6_qml_QtQuick3D --> node_venv_lib_python3_12_site-packages_PyQt6_Qt6_qml_QtQuick3D_Helpers["Helpers"]\n    node_venv_lib_python3_12_site-packages_PyQt6_Qt6_qml_QtQuick3D_Helpers --> node_venv_lib_python3_12_site-packages_PyQt6_Qt6_qml_QtQuick3D_Helpers_libqtquick3dhelpersplugin_dylib["libqtquick3dhelpersplugin.dylib"]\n    Root --> node_venv["venv"]\n    node_venv --> node_venv_lib["lib"]\n    node_venv_lib --> node_venv_lib_python3_12["python3.12"]\n    node_venv_lib_python3_12 --> node_venv_lib_python3_12_site-packages["site-packages"]\n    node_venv_lib_python3_12_site-packages --> node_venv_lib_python3_12_site-packages_PyQt6["PyQt6"]\n    node_venv_lib_python3_12_site-packages_PyQt6 --> node_venv_lib_python3_12_site-packages_PyQt6_Qt6["Qt6"]\n    node_venv_lib_python3_12_site-packages_PyQt6_Qt6 --> node_venv_lib_python3_12_site-packages_PyQt6_Qt6_qml["qml"]\n    node_venv_lib_python3_12_site-packages_PyQt6_Qt6_qml --> node_venv_lib_python3_12_site-packages_PyQt6_Qt6_qml_QtQuick3D["QtQuick3D"]\n    node_venv_lib_python3_12_site-packages_PyQt6_Qt6_qml_QtQuick3D --> node_venv_lib_python3_12_site-packages_PyQt6_Qt6_qml_QtQuick3D_Helpers["Helpers"]\n    node_venv_lib_python3_12_site-packages_PyQt6_Qt6_qml_QtQuick3D_Helpers --> node_venv_lib_python3_12_site-packages_PyQt6_Qt6_qml_QtQuick3D_Helpers_plugins_qmltypes["plugins.qmltypes"]\n    Root --> node_venv["venv"]\n    node_venv --> node_venv_lib["lib"]\n    node_venv_lib --> node_venv_lib_python3_12["python3.12"]\n    node_venv_lib_python3_12 --> node_venv_lib_python3_12_site-packages["site-packages"]\n    node_venv_lib_python3_12_site-packages --> node_venv_lib_python3_12_site-packages_PyQt6["PyQt6"]\n    node_venv_lib_python3_12_site-packages_PyQt6 --> node_venv_lib_python3_12_site-packages_PyQt6_Qt6["Qt6"]\n    node_venv_lib_python3_12_site-packages_PyQt6_Qt6 --> node_venv_lib_python3_12_site-packages_PyQt6_Qt6_qml["qml"]\n    node_venv_lib_python3_12_site-packages_PyQt6_Qt6_qml --> node_venv_lib_python3_12_site-packages_PyQt6_Qt6_qml_QtQuick3D["QtQuick3D"]\n    node_venv_lib_python3_12_site-packages_PyQt6_Qt6_qml_QtQuick3D --> node_venv_lib_python3_12_site-packages_PyQt6_Qt6_qml_QtQuick3D_Helpers["Helpers"]\n    node_venv_lib_python3_12_site-packages_PyQt6_Qt6_qml_QtQuick3D_Helpers --> node_venv_lib_python3_12_site-packages_PyQt6_Qt6_qml_QtQuick3D_Helpers_qmldir["qmldir"]\n    Root --> node_venv["venv"]\n    node_venv --> node_venv_lib["lib"]\n    node_venv_lib --> node_venv_lib_python3_12["python3.12"]\n    node_venv_lib_python3_12 --> node_venv_lib_python3_12_site-packages["site-packages"]\n    node_venv_lib_python3_12_site-packages --> node_venv_lib_python3_12_site-packages_PyQt6["PyQt6"]\n    node_venv_lib_python3_12_site-packages_PyQt6 --> node_venv_lib_python3_12_site-packages_PyQt6_Qt6["Qt6"]\n    node_venv_lib_python3_12_site-packages_PyQt6_Qt6 --> node_venv_lib_python3_12_site-packages_PyQt6_Qt6_qml["qml"]\n    node_venv_lib_python3_12_site-packages_PyQt6_Qt6_qml --> node_venv_lib_python3_12_site-packages_PyQt6_Qt6_qml_QtQuick3D["QtQuick3D"]\n    node_venv_lib_python3_12_site-packages_PyQt6_Qt6_qml_QtQuick3D --> node_venv_lib_python3_12_site-packages_PyQt6_Qt6_qml_QtQuick3D_Helpers["Helpers"]\n    node_venv_lib_python3_12_site-packages_PyQt6_Qt6_qml_QtQuick3D_Helpers --> node_venv_lib_python3_12_site-packages_PyQt6_Qt6_qml_QtQuick3D_Helpers_impl["impl"]\n    node_venv_lib_python3_12_site-packages_PyQt6_Qt6_qml_QtQuick3D_Helpers_impl --> node_venv_lib_python3_12_site-packages_PyQt6_Qt6_qml_QtQuick3D_Helpers_impl_DepthOfFieldBlur_qml["DepthOfFieldBlur.qml"]\n    Root --> node_venv["venv"]\n    node_venv --> node_venv_lib["lib"]\n    node_venv_lib --> node_venv_lib_python3_12["python3.12"]\n    node_venv_lib_python3_12 --> node_venv_lib_python3_12_site-packages["site-packages"]\n    node_venv_lib_python3_12_site-packages --> node_venv_lib_python3_12_site-packages_PyQt6["PyQt6"]\n    node_venv_lib_python3_12_site-packages_PyQt6 --> node_venv_lib_python3_12_site-packages_PyQt6_Qt6["Qt6"]\n    node_venv_lib_python3_12_site-packages_PyQt6_Qt6 --> node_venv_lib_python3_12_site-packages_PyQt6_Qt6_qml["qml"]\n    node_venv_lib_python3_12_site-packages_PyQt6_Qt6_qml --> node_venv_lib_python3_12_site-packages_PyQt6_Qt6_qml_QtQuick3D["QtQuick3D"]\n    node_venv_lib_python3_12_site-packages_PyQt6_Qt6_qml_QtQuick3D --> node_venv_lib_python3_12_site-packages_PyQt6_Qt6_qml_QtQuick3D_Helpers["Helpers"]\n    node_venv_lib_python3_12_site-packages_PyQt6_Qt6_qml_QtQuick3D_Helpers --> node_venv_lib_python3_12_site-packages_PyQt6_Qt6_qml_QtQuick3D_Helpers_impl["impl"]\n    node_venv_lib_python3_12_site-packages_PyQt6_Qt6_qml_QtQuick3D_Helpers_impl --> node_venv_lib_python3_12_site-packages_PyQt6_Qt6_qml_QtQuick3D_Helpers_impl_SceneEffect_qml["SceneEffect.qml"]\n    Root --> node_venv["venv"]\n    node_venv --> node_venv_lib["lib"]\n    node_venv_lib --> node_venv_lib_python3_12["python3.12"]\n    node_venv_lib_python3_12 --> node_venv_lib_python3_12_site-packages["site-packages"]\n    node_venv_lib_python3_12_site-packages --> node_venv_lib_python3_12_site-packages_PyQt6["PyQt6"]\n    node_venv_lib_python3_12_site-packages_PyQt6 --> node_venv_lib_python3_12_site-packages_PyQt6_Qt6["Qt6"]\n    node_venv_lib_python3_12_site-packages_PyQt6_Qt6 --> node_venv_lib_python3_12_site-packages_PyQt6_Qt6_qml["qml"]\n    node_venv_lib_python3_12_site-packages_PyQt6_Qt6_qml --> node_venv_lib_python3_12_site-packages_PyQt6_Qt6_qml_QtQuick3D["QtQuick3D"]\n    node_venv_lib_python3_12_site-packages_PyQt6_Qt6_qml_QtQuick3D --> node_venv_lib_python3_12_site-packages_PyQt6_Qt6_qml_QtQuick3D_Helpers["Helpers"]\n    node_venv_lib_python3_12_site-packages_PyQt6_Qt6_qml_QtQuick3D_Helpers --> node_venv_lib_python3_12_site-packages_PyQt6_Qt6_qml_QtQuick3D_Helpers_impl["impl"]\n    node_venv_lib_python3_12_site-packages_PyQt6_Qt6_qml_QtQuick3D_Helpers_impl --> node_venv_lib_python3_12_site-packages_PyQt6_Qt6_qml_QtQuick3D_Helpers_impl_libqtquick3dhelpersimplplugin_dylib["libqtquick3dhelpersimplplugin.dylib"]\n    Root --> node_venv["venv"]\n    node_venv --> node_venv_lib["lib"]\n    node_venv_lib --> node_venv_lib_python3_12["python3.12"]\n    node_venv_lib_python3_12 --> node_venv_lib_python3_12_site-packages["site-packages"]\n    node_venv_lib_python3_12_site-packages --> node_venv_lib_python3_12_site-packages_PyQt6["PyQt6"]\n    node_venv_lib_python3_12_site-packages_PyQt6 --> node_venv_lib_python3_12_site-packages_PyQt6_Qt6["Qt6"]\n    node_venv_lib_python3_12_site-packages_PyQt6_Qt6 --> node_venv_lib_python3_12_site-packages_PyQt6_Qt6_qml["qml"]\n    node_venv_lib_python3_12_site-packages_PyQt6_Qt6_qml --> node_venv_lib_python3_12_site-packages_PyQt6_Qt6_qml_QtQuick3D["QtQuick3D"]\n    node_venv_lib_python3_12_site-packages_PyQt6_Qt6_qml_QtQuick3D --> node_venv_lib_python3_12_site-packages_PyQt6_Qt6_qml_QtQuick3D_Helpers["Helpers"]\n    node_venv_lib_python3_12_site-packages_PyQt6_Qt6_qml_QtQuick3D_Helpers --> node_venv_lib_python3_12_site-packages_PyQt6_Qt6_qml_QtQuick3D_Helpers_impl["impl"]\n    node_venv_lib_python3_12_site-packages_PyQt6_Qt6_qml_QtQuick3D_Helpers_impl --> node_venv_lib_python3_12_site-packages_PyQt6_Qt6_qml_QtQuick3D_Helpers_impl_plugins_qmltypes["plugins.qmltypes"]\n    Root --> node_venv["venv"]\n    node_venv --> node_venv_lib["lib"]\n    node_venv_lib --> node_venv_lib_python3_12["python3.12"]\n    node_venv_lib_python3_12 --> node_venv_lib_python3_12_site-packages["site-packages"]\n    node_venv_lib_python3_12_site-packages --> node_venv_lib_python3_12_site-packages_PyQt6["PyQt6"]\n    node_venv_lib_python3_12_site-packages_PyQt6 --> node_venv_lib_python3_12_site-packages_PyQt6_Qt6["Qt6"]\n    node_venv_lib_python3_12_site-packages_PyQt6_Qt6 --> node_venv_lib_python3_12_site-packages_PyQt6_Qt6_qml["qml"]\n    node_venv_lib_python3_12_site-packages_PyQt6_Qt6_qml --> node_venv_lib_python3_12_site-packages_PyQt6_Qt6_qml_QtQuick3D["QtQuick3D"]\n    node_venv_lib_python3_12_site-packages_PyQt6_Qt6_qml_QtQuick3D --> node_venv_lib_python3_12_site-packages_PyQt6_Qt6_qml_QtQuick3D_Helpers["Helpers"]\n    node_venv_lib_python3_12_site-packages_PyQt6_Qt6_qml_QtQuick3D_Helpers --> node_venv_lib_python3_12_site-packages_PyQt6_Qt6_qml_QtQuick3D_Helpers_impl["impl"]\n    node_venv_lib_python3_12_site-packages_PyQt6_Qt6_qml_QtQuick3D_Helpers_impl --> node_venv_lib_python3_12_site-packages_PyQt6_Qt6_qml_QtQuick3D_Helpers_impl_qmldir["qmldir"]\n    Root --> node_venv["venv"]\n    node_venv --> node_venv_lib["lib"]\n    node_venv_lib --> node_venv_lib_python3_12["python3.12"]\n    node_venv_lib_python3_12 --> node_venv_lib_python3_12_site-packages["site-packages"]\n    node_venv_lib_python3_12_site-packages --> node_venv_lib_python3_12_site-packages_PyQt6["PyQt6"]\n    node_venv_lib_python3_12_site-packages_PyQt6 --> node_venv_lib_python3_12_site-packages_PyQt6_Qt6["Qt6"]\n    node_venv_lib_python3_12_site-packages_PyQt6_Qt6 --> node_venv_lib_python3_12_site-packages_PyQt6_Qt6_qml["qml"]\n    node_venv_lib_python3_12_site-packages_PyQt6_Qt6_qml --> node_venv_lib_python3_12_site-packages_PyQt6_Qt6_qml_QtQuick3D["QtQuick3D"]\n    node_venv_lib_python3_12_site-packages_PyQt6_Qt6_qml_QtQuick3D --> node_venv_lib_python3_12_site-packages_PyQt6_Qt6_qml_QtQuick3D_Helpers["Helpers"]\n    node_venv_lib_python3_12_site-packages_PyQt6_Qt6_qml_QtQuick3D_Helpers --> node_venv_lib_python3_12_site-packages_PyQt6_Qt6_qml_QtQuick3D_Helpers_meshes["meshes"]\n    node_venv_lib_python3_12_site-packages_PyQt6_Qt6_qml_QtQuick3D_Helpers_meshes --> node_venv_lib_python3_12_site-packages_PyQt6_Qt6_qml_QtQuick3D_Helpers_meshes_axisGrid_mesh["axisGrid.mesh"]\n    Root --> node_venv["venv"]\n    node_venv --> node_venv_lib["lib"]\n    node_venv_lib --> node_venv_lib_python3_12["python3.12"]\n    node_venv_lib_python3_12 --> node_venv_lib_python3_12_site-packages["site-packages"]\n    node_venv_lib_python3_12_site-packages --> node_venv_lib_python3_12_site-packages_PyQt6["PyQt6"]\n    node_venv_lib_python3_12_site-packages_PyQt6 --> node_venv_lib_python3_12_site-packages_PyQt6_Qt6["Qt6"]\n    node_venv_lib_python3_12_site-packages_PyQt6_Qt6 --> node_venv_lib_python3_12_site-packages_PyQt6_Qt6_qml["qml"]\n    node_venv_lib_python3_12_site-packages_PyQt6_Qt6_qml --> node_venv_lib_python3_12_site-packages_PyQt6_Qt6_qml_QtQuick3D["QtQuick3D"]\n    node_venv_lib_python3_12_site-packages_PyQt6_Qt6_qml_QtQuick3D --> node_venv_lib_python3_12_site-packages_PyQt6_Qt6_qml_QtQuick3D_Helpers["Helpers"]\n    node_venv_lib_python3_12_site-packages_PyQt6_Qt6_qml_QtQuick3D_Helpers --> node_venv_lib_python3_12_site-packages_PyQt6_Qt6_qml_QtQuick3D_Helpers_designer["designer"]\n    node_venv_lib_python3_12_site-packages_PyQt6_Qt6_qml_QtQuick3D_Helpers_designer --> node_venv_lib_python3_12_site-packages_PyQt6_Qt6_qml_QtQuick3D_Helpers_designer_AxisHelperSection_qml["AxisHelperSection.qml"]\n    Root --> node_venv["venv"]\n    node_venv --> node_venv_lib["lib"]\n    node_venv_lib --> node_venv_lib_python3_12["python3.12"]\n    node_venv_lib_python3_12 --> node_venv_lib_python3_12_site-packages["site-packages"]\n    node_venv_lib_python3_12_site-packages --> node_venv_lib_python3_12_site-packages_PyQt6["PyQt6"]\n    node_venv_lib_python3_12_site-packages_PyQt6 --> node_venv_lib_python3_12_site-packages_PyQt6_Qt6["Qt6"]\n    node_venv_lib_python3_12_site-packages_PyQt6_Qt6 --> node_venv_lib_python3_12_site-packages_PyQt6_Qt6_qml["qml"]\n    node_venv_lib_python3_12_site-packages_PyQt6_Qt6_qml --> node_venv_lib_python3_12_site-packages_PyQt6_Qt6_qml_QtQuick3D["QtQuick3D"]\n    node_venv_lib_python3_12_site-packages_PyQt6_Qt6_qml_QtQuick3D --> node_venv_lib_python3_12_site-packages_PyQt6_Qt6_qml_QtQuick3D_Helpers["Helpers"]\n    node_venv_lib_python3_12_site-packages_PyQt6_Qt6_qml_QtQuick3D_Helpers --> node_venv_lib_python3_12_site-packages_PyQt6_Qt6_qml_QtQuick3D_Helpers_designer["designer"]\n    node_venv_lib_python3_12_site-packages_PyQt6_Qt6_qml_QtQuick3D_Helpers_designer --> node_venv_lib_python3_12_site-packages_PyQt6_Qt6_qml_QtQuick3D_Helpers_designer_AxisHelperSpecifics_qml["AxisHelperSpecifics.qml"]\n    Root --> node_venv["venv"]\n    node_venv --> node_venv_lib["lib"]\n    node_venv_lib --> node_venv_lib_python3_12["python3.12"]\n    node_venv_lib_python3_12 --> node_venv_lib_python3_12_site-packages["site-packages"]\n    node_venv_lib_python3_12_site-packages --> node_venv_lib_python3_12_site-packages_PyQt6["PyQt6"]\n    node_venv_lib_python3_12_site-packages_PyQt6 --> node_venv_lib_python3_12_site-packages_PyQt6_Qt6["Qt6"]\n    node_venv_lib_python3_12_site-packages_PyQt6_Qt6 --> node_venv_lib_python3_12_site-packages_PyQt6_Qt6_qml["qml"]\n    node_venv_lib_python3_12_site-packages_PyQt6_Qt6_qml --> node_venv_lib_python3_12_site-packages_PyQt6_Qt6_qml_QtQuick3D["QtQuick3D"]\n    node_venv_lib_python3_12_site-packages_PyQt6_Qt6_qml_QtQuick3D --> node_venv_lib_python3_12_site-packages_PyQt6_Qt6_qml_QtQuick3D_Helpers["Helpers"]\n    node_venv_lib_python3_12_site-packages_PyQt6_Qt6_qml_QtQuick3D_Helpers --> node_venv_lib_python3_12_site-packages_PyQt6_Qt6_qml_QtQuick3D_Helpers_designer["designer"]\n    node_venv_lib_python3_12_site-packages_PyQt6_Qt6_qml_QtQuick3D_Helpers_designer --> node_venv_lib_python3_12_site-packages_PyQt6_Qt6_qml_QtQuick3D_Helpers_designer_DebugViewSection_qml["DebugViewSection.qml"]\n    Root --> node_venv["venv"]\n    node_venv --> node_venv_lib["lib"]\n    node_venv_lib --> node_venv_lib_python3_12["python3.12"]\n    node_venv_lib_python3_12 --> node_venv_lib_python3_12_site-packages["site-packages"]\n    node_venv_lib_python3_12_site-packages --> node_venv_lib_python3_12_site-packages_PyQt6["PyQt6"]\n    node_venv_lib_python3_12_site-packages_PyQt6 --> node_venv_lib_python3_12_site-packages_PyQt6_Qt6["Qt6"]\n    node_venv_lib_python3_12_site-packages_PyQt6_Qt6 --> node_venv_lib_python3_12_site-packages_PyQt6_Qt6_qml["qml"]\n    node_venv_lib_python3_12_site-packages_PyQt6_Qt6_qml --> node_venv_lib_python3_12_site-packages_PyQt6_Qt6_qml_QtQuick3D["QtQuick3D"]\n    node_venv_lib_python3_12_site-packages_PyQt6_Qt6_qml_QtQuick3D --> node_venv_lib_python3_12_site-packages_PyQt6_Qt6_qml_QtQuick3D_Helpers["Helpers"]\n    node_venv_lib_python3_12_site-packages_PyQt6_Qt6_qml_QtQuick3D_Helpers --> node_venv_lib_python3_12_site-packages_PyQt6_Qt6_qml_QtQuick3D_Helpers_designer["designer"]\n    node_venv_lib_python3_12_site-packages_PyQt6_Qt6_qml_QtQuick3D_Helpers_designer --> node_venv_lib_python3_12_site-packages_PyQt6_Qt6_qml_QtQuick3D_Helpers_designer_DebugViewSpecifics_qml["DebugViewSpecifics.qml"]\n    Root --> node_venv["venv"]\n    node_venv --> node_venv_lib["lib"]\n    node_venv_lib --> node_venv_lib_python3_12["python3.12"]\n    node_venv_lib_python3_12 --> node_venv_lib_python3_12_site-packages["site-packages"]\n    node_venv_lib_python3_12_site-packages --> node_venv_lib_python3_12_site-packages_PyQt6["PyQt6"]\n    node_venv_lib_python3_12_site-packages_PyQt6 --> node_venv_lib_python3_12_site-packages_PyQt6_Qt6["Qt6"]\n    node_venv_lib_python3_12_site-packages_PyQt6_Qt6 --> node_venv_lib_python3_12_site-packages_PyQt6_Qt6_qml["qml"]\n    node_venv_lib_python3_12_site-packages_PyQt6_Qt6_qml --> node_venv_lib_python3_12_site-packages_PyQt6_Qt6_qml_QtQuick3D["QtQuick3D"]\n    node_venv_lib_python3_12_site-packages_PyQt6_Qt6_qml_QtQuick3D --> node_venv_lib_python3_12_site-packages_PyQt6_Qt6_qml_QtQuick3D_Helpers["Helpers"]\n    node_venv_lib_python3_12_site-packages_PyQt6_Qt6_qml_QtQuick3D_Helpers --> node_venv_lib_python3_12_site-packages_PyQt6_Qt6_qml_QtQuick3D_Helpers_designer["designer"]\n    node_venv_lib_python3_12_site-packages_PyQt6_Qt6_qml_QtQuick3D_Helpers_designer --> node_venv_lib_python3_12_site-packages_PyQt6_Qt6_qml_QtQuick3D_Helpers_designer_ExtendedSceneEnvironmentSection_qml["ExtendedSceneEnvironmentSection.qml"]\n    Root --> node_venv["venv"]\n    node_venv --> node_venv_lib["lib"]\n    node_venv_lib --> node_venv_lib_python3_12["python3.12"]\n    node_venv_lib_python3_12 --> node_venv_lib_python3_12_site-packages["site-packages"]\n    node_venv_lib_python3_12_site-packages --> node_venv_lib_python3_12_site-packages_PyQt6["PyQt6"]\n    node_venv_lib_python3_12_site-packages_PyQt6 --> node_venv_lib_python3_12_site-packages_PyQt6_Qt6["Qt6"]\n    node_venv_lib_python3_12_site-packages_PyQt6_Qt6 --> node_venv_lib_python3_12_site-packages_PyQt6_Qt6_qml["qml"]\n    node_venv_lib_python3_12_site-packages_PyQt6_Qt6_qml --> node_venv_lib_python3_12_site-packages_PyQt6_Qt6_qml_QtQuick3D["QtQuick3D"]\n    node_venv_lib_python3_12_site-packages_PyQt6_Qt6_qml_QtQuick3D --> node_venv_lib_python3_12_site-packages_PyQt6_Qt6_qml_QtQuick3D_Helpers["Helpers"]\n    node_venv_lib_python3_12_site-packages_PyQt6_Qt6_qml_QtQuick3D_Helpers --> node_venv_lib_python3_12_site-packages_PyQt6_Qt6_qml_QtQuick3D_Helpers_designer["designer"]\n    node_venv_lib_python3_12_site-packages_PyQt6_Qt6_qml_QtQuick3D_Helpers_designer --> node_venv_lib_python3_12_site-packages_PyQt6_Qt6_qml_QtQuick3D_Helpers_designer_ExtendedSceneEnvironmentSpecifics_qml["ExtendedSceneEnvironmentSpecifics.qml"]\n    Root --> node_venv["venv"]\n    node_venv --> node_venv_lib["lib"]\n    node_venv_lib --> node_venv_lib_python3_12["python3.12"]\n    node_venv_lib_python3_12 --> node_venv_lib_python3_12_site-packages["site-packages"]\n    node_venv_lib_python3_12_site-packages --> node_venv_lib_python3_12_site-packages_PyQt6["PyQt6"]\n    node_venv_lib_python3_12_site-packages_PyQt6 --> node_venv_lib_python3_12_site-packages_PyQt6_Qt6["Qt6"]\n    node_venv_lib_python3_12_site-packages_PyQt6_Qt6 --> node_venv_lib_python3_12_site-packages_PyQt6_Qt6_qml["qml"]\n    node_venv_lib_python3_12_site-packages_PyQt6_Qt6_qml --> node_venv_lib_python3_12_site-packages_PyQt6_Qt6_qml_QtQuick3D["QtQuick3D"]\n    node_venv_lib_python3_12_site-packages_PyQt6_Qt6_qml_QtQuick3D --> node_venv_lib_python3_12_site-packages_PyQt6_Qt6_qml_QtQuick3D_Helpers["Helpers"]\n    node_venv_lib_python3_12_site-packages_PyQt6_Qt6_qml_QtQuick3D_Helpers --> node_venv_lib_python3_12_site-packages_PyQt6_Qt6_qml_QtQuick3D_Helpers_designer["designer"]\n    node_venv_lib_python3_12_site-packages_PyQt6_Qt6_qml_QtQuick3D_Helpers_designer --> node_venv_lib_python3_12_site-packages_PyQt6_Qt6_qml_QtQuick3D_Helpers_designer_GridGeometrySection_qml["GridGeometrySection.qml"]\n    Root --> node_venv["venv"]\n    node_venv --> node_venv_lib["lib"]\n    node_venv_lib --> node_venv_lib_python3_12["python3.12"]\n    node_venv_lib_python3_12 --> node_venv_lib_python3_12_site-packages["site-packages"]\n    node_venv_lib_python3_12_site-packages --> node_venv_lib_python3_12_site-packages_PyQt6["PyQt6"]\n    node_venv_lib_python3_12_site-packages_PyQt6 --> node_venv_lib_python3_12_site-packages_PyQt6_Qt6["Qt6"]\n    node_venv_lib_python3_12_site-packages_PyQt6_Qt6 --> node_venv_lib_python3_12_site-packages_PyQt6_Qt6_qml["qml"]\n    node_venv_lib_python3_12_site-packages_PyQt6_Qt6_qml --> node_venv_lib_python3_12_site-packages_PyQt6_Qt6_qml_QtQuick3D["QtQuick3D"]\n    node_venv_lib_python3_12_site-packages_PyQt6_Qt6_qml_QtQuick3D --> node_venv_lib_python3_12_site-packages_PyQt6_Qt6_qml_QtQuick3D_Helpers["Helpers"]\n    node_venv_lib_python3_12_site-packages_PyQt6_Qt6_qml_QtQuick3D_Helpers --> node_venv_lib_python3_12_site-packages_PyQt6_Qt6_qml_QtQuick3D_Helpers_designer["designer"]\n    node_venv_lib_python3_12_site-packages_PyQt6_Qt6_qml_QtQuick3D_Helpers_designer --> node_venv_lib_python3_12_site-packages_PyQt6_Qt6_qml_QtQuick3D_Helpers_designer_GridGeometrySpecifics_qml["GridGeometrySpecifics.qml"]\n    Root --> node_venv["venv"]\n    node_venv --> node_venv_lib["lib"]\n    node_venv_lib --> node_venv_lib_python3_12["python3.12"]\n    node_venv_lib_python3_12 --> node_venv_lib_python3_12_site-packages["site-packages"]\n    node_venv_lib_python3_12_site-packages --> node_venv_lib_python3_12_site-packages_PyQt6["PyQt6"]\n    node_venv_lib_python3_12_site-packages_PyQt6 --> node_venv_lib_python3_12_site-packages_PyQt6_Qt6["Qt6"]\n    node_venv_lib_python3_12_site-packages_PyQt6_Qt6 --> node_venv_lib_python3_12_site-packages_PyQt6_Qt6_qml["qml"]\n    node_venv_lib_python3_12_site-packages_PyQt6_Qt6_qml --> node_venv_lib_python3_12_site-packages_PyQt6_Qt6_qml_QtQuick3D["QtQuick3D"]\n    node_venv_lib_python3_12_site-packages_PyQt6_Qt6_qml_QtQuick3D --> node_venv_lib_python3_12_site-packages_PyQt6_Qt6_qml_QtQuick3D_Helpers["Helpers"]\n    node_venv_lib_python3_12_site-packages_PyQt6_Qt6_qml_QtQuick3D_Helpers --> node_venv_lib_python3_12_site-packages_PyQt6_Qt6_qml_QtQuick3D_Helpers_designer["designer"]\n    node_venv_lib_python3_12_site-packages_PyQt6_Qt6_qml_QtQuick3D_Helpers_designer --> node_venv_lib_python3_12_site-packages_PyQt6_Qt6_qml_QtQuick3D_Helpers_designer_HeightFieldGeometrySection_qml["HeightFieldGeometrySection.qml"]\n    Root --> node_venv["venv"]\n    node_venv --> node_venv_lib["lib"]\n    node_venv_lib --> node_venv_lib_python3_12["python3.12"]\n    node_venv_lib_python3_12 --> node_venv_lib_python3_12_site-packages["site-packages"]\n    node_venv_lib_python3_12_site-packages --> node_venv_lib_python3_12_site-packages_PyQt6["PyQt6"]\n    node_venv_lib_python3_12_site-packages_PyQt6 --> node_venv_lib_python3_12_site-packages_PyQt6_Qt6["Qt6"]\n    node_venv_lib_python3_12_site-packages_PyQt6_Qt6 --> node_venv_lib_python3_12_site-packages_PyQt6_Qt6_qml["qml"]\n    node_venv_lib_python3_12_site-packages_PyQt6_Qt6_qml --> node_venv_lib_python3_12_site-packages_PyQt6_Qt6_qml_QtQuick3D["QtQuick3D"]\n    node_venv_lib_python3_12_site-packages_PyQt6_Qt6_qml_QtQuick3D --> node_venv_lib_python3_12_site-packages_PyQt6_Qt6_qml_QtQuick3D_Helpers["Helpers"]\n    node_venv_lib_python3_12_site-packages_PyQt6_Qt6_qml_QtQuick3D_Helpers --> node_venv_lib_python3_12_site-packages_PyQt6_Qt6_qml_QtQuick3D_Helpers_designer["designer"]\n    node_venv_lib_python3_12_site-packages_PyQt6_Qt6_qml_QtQuick3D_Helpers_designer --> node_venv_lib_python3_12_site-packages_PyQt6_Qt6_qml_QtQuick3D_Helpers_designer_HeightFieldGeometrySpecifics_qml["HeightFieldGeometrySpecifics.qml"]\n    Root --> node_venv["venv"]\n    node_venv --> node_venv_lib["lib"]\n    node_venv_lib --> node_venv_lib_python3_12["python3.12"]\n    node_venv_lib_python3_12 --> node_venv_lib_python3_12_site-packages["site-packages"]\n    node_venv_lib_python3_12_site-packages --> node_venv_lib_python3_12_site-packages_PyQt6["PyQt6"]\n    node_venv_lib_python3_12_site-packages_PyQt6 --> node_venv_lib_python3_12_site-packages_PyQt6_Qt6["Qt6"]\n    node_venv_lib_python3_12_site-packages_PyQt6_Qt6 --> node_venv_lib_python3_12_site-packages_PyQt6_Qt6_qml["qml"]\n    node_venv_lib_python3_12_site-packages_PyQt6_Qt6_qml --> node_venv_lib_python3_12_site-packages_PyQt6_Qt6_qml_QtQuick3D["QtQuick3D"]\n    node_venv_lib_python3_12_site-packages_PyQt6_Qt6_qml_QtQuick3D --> node_venv_lib_python3_12_site-packages_PyQt6_Qt6_qml_QtQuick3D_Helpers["Helpers"]\n    node_venv_lib_python3_12_site-packages_PyQt6_Qt6_qml_QtQuick3D_Helpers --> node_venv_lib_python3_12_site-packages_PyQt6_Qt6_qml_QtQuick3D_Helpers_designer["designer"]\n    node_venv_lib_python3_12_site-packages_PyQt6_Qt6_qml_QtQuick3D_Helpers_designer --> node_venv_lib_python3_12_site-packages_PyQt6_Qt6_qml_QtQuick3D_Helpers_designer_InfiniteGridSection_qml["InfiniteGridSection.qml"]\n    Root --> node_venv["venv"]\n    node_venv --> node_venv_lib["lib"]\n    node_venv_lib --> node_venv_lib_python3_12["python3.12"]\n    node_venv_lib_python3_12 --> node_venv_lib_python3_12_site-packages["site-packages"]\n    node_venv_lib_python3_12_site-packages --> node_venv_lib_python3_12_site-packages_PyQt6["PyQt6"]\n    node_venv_lib_python3_12_site-packages_PyQt6 --> node_venv_lib_python3_12_site-packages_PyQt6_Qt6["Qt6"]\n    node_venv_lib_python3_12_site-packages_PyQt6_Qt6 --> node_venv_lib_python3_12_site-packages_PyQt6_Qt6_qml["qml"]\n    node_venv_lib_python3_12_site-packages_PyQt6_Qt6_qml --> node_venv_lib_python3_12_site-packages_PyQt6_Qt6_qml_QtQuick3D["QtQuick3D"]\n    node_venv_lib_python3_12_site-packages_PyQt6_Qt6_qml_QtQuick3D --> node_venv_lib_python3_12_site-packages_PyQt6_Qt6_qml_QtQuick3D_Helpers["Helpers"]\n    node_venv_lib_python3_12_site-packages_PyQt6_Qt6_qml_QtQuick3D_Helpers --> node_venv_lib_python3_12_site-packages_PyQt6_Qt6_qml_QtQuick3D_Helpers_designer["designer"]\n    node_venv_lib_python3_12_site-packages_PyQt6_Qt6_qml_QtQuick3D_Helpers_designer --> node_venv_lib_python3_12_site-packages_PyQt6_Qt6_qml_QtQuick3D_Helpers_designer_InfiniteGridSpecifics_qml["InfiniteGridSpecifics.qml"]\n    Root --> node_venv["venv"]\n    node_venv --> node_venv_lib["lib"]\n    node_venv_lib --> node_venv_lib_python3_12["python3.12"]\n    node_venv_lib_python3_12 --> node_venv_lib_python3_12_site-packages["site-packages"]\n    node_venv_lib_python3_12_site-packages --> node_venv_lib_python3_12_site-packages_PyQt6["PyQt6"]\n    node_venv_lib_python3_12_site-packages_PyQt6 --> node_venv_lib_python3_12_site-packages_PyQt6_Qt6["Qt6"]\n    node_venv_lib_python3_12_site-packages_PyQt6_Qt6 --> node_venv_lib_python3_12_site-packages_PyQt6_Qt6_qml["qml"]\n    node_venv_lib_python3_12_site-packages_PyQt6_Qt6_qml --> node_venv_lib_python3_12_site-packages_PyQt6_Qt6_qml_QtQuick3D["QtQuick3D"]\n    node_venv_lib_python3_12_site-packages_PyQt6_Qt6_qml_QtQuick3D --> node_venv_lib_python3_12_site-packages_PyQt6_Qt6_qml_QtQuick3D_Helpers["Helpers"]\n    node_venv_lib_python3_12_site-packages_PyQt6_Qt6_qml_QtQuick3D_Helpers --> node_venv_lib_python3_12_site-packages_PyQt6_Qt6_qml_QtQuick3D_Helpers_designer["designer"]\n    node_venv_lib_python3_12_site-packages_PyQt6_Qt6_qml_QtQuick3D_Helpers_designer --> node_venv_lib_python3_12_site-packages_PyQt6_Qt6_qml_QtQuick3D_Helpers_designer_InstanceModelSection_qml["InstanceModelSection.qml"]\n    Root --> node_venv["venv"]\n    node_venv --> node_venv_lib["lib"]\n    node_venv_lib --> node_venv_lib_python3_12["python3.12"]\n    node_venv_lib_python3_12 --> node_venv_lib_python3_12_site-packages["site-packages"]\n    node_venv_lib_python3_12_site-packages --> node_venv_lib_python3_12_site-packages_PyQt6["PyQt6"]\n    node_venv_lib_python3_12_site-packages_PyQt6 --> node_venv_lib_python3_12_site-packages_PyQt6_Qt6["Qt6"]\n    node_venv_lib_python3_12_site-packages_PyQt6_Qt6 --> node_venv_lib_python3_12_site-packages_PyQt6_Qt6_qml["qml"]\n    node_venv_lib_python3_12_site-packages_PyQt6_Qt6_qml --> node_venv_lib_python3_12_site-packages_PyQt6_Qt6_qml_QtQuick3D["QtQuick3D"]\n    node_venv_lib_python3_12_site-packages_PyQt6_Qt6_qml_QtQuick3D --> node_venv_lib_python3_12_site-packages_PyQt6_Qt6_qml_QtQuick3D_Helpers["Helpers"]\n    node_venv_lib_python3_12_site-packages_PyQt6_Qt6_qml_QtQuick3D_Helpers --> node_venv_lib_python3_12_site-packages_PyQt6_Qt6_qml_QtQuick3D_Helpers_designer["designer"]\n    node_venv_lib_python3_12_site-packages_PyQt6_Qt6_qml_QtQuick3D_Helpers_designer --> node_venv_lib_python3_12_site-packages_PyQt6_Qt6_qml_QtQuick3D_Helpers_designer_InstanceModelSpecifics_qml["InstanceModelSpecifics.qml"]\n    Root --> node_venv["venv"]\n    node_venv --> node_venv_lib["lib"]\n    node_venv_lib --> node_venv_lib_python3_12["python3.12"]\n    node_venv_lib_python3_12 --> node_venv_lib_python3_12_site-packages["site-packages"]\n    node_venv_lib_python3_12_site-packages --> node_venv_lib_python3_12_site-packages_PyQt6["PyQt6"]\n    node_venv_lib_python3_12_site-packages_PyQt6 --> node_venv_lib_python3_12_site-packages_PyQt6_Qt6["Qt6"]\n    node_venv_lib_python3_12_site-packages_PyQt6_Qt6 --> node_venv_lib_python3_12_site-packages_PyQt6_Qt6_qml["qml"]\n    node_venv_lib_python3_12_site-packages_PyQt6_Qt6_qml --> node_venv_lib_python3_12_site-packages_PyQt6_Qt6_qml_QtQuick3D["QtQuick3D"]\n    node_venv_lib_python3_12_site-packages_PyQt6_Qt6_qml_QtQuick3D --> node_venv_lib_python3_12_site-packages_PyQt6_Qt6_qml_QtQuick3D_Helpers["Helpers"]\n    node_venv_lib_python3_12_site-packages_PyQt6_Qt6_qml_QtQuick3D_Helpers --> node_venv_lib_python3_12_site-packages_PyQt6_Qt6_qml_QtQuick3D_Helpers_designer["designer"]\n    node_venv_lib_python3_12_site-packages_PyQt6_Qt6_qml_QtQuick3D_Helpers_designer --> node_venv_lib_python3_12_site-packages_PyQt6_Qt6_qml_QtQuick3D_Helpers_designer_InstanceRepeaterSection_qml["InstanceRepeaterSection.qml"]\n    Root --> node_venv["venv"]\n    node_venv --> node_venv_lib["lib"]\n    node_venv_lib --> node_venv_lib_python3_12["python3.12"]\n    node_venv_lib_python3_12 --> node_venv_lib_python3_12_site-packages["site-packages"]\n    node_venv_lib_python3_12_site-packages --> node_venv_lib_python3_12_site-packages_PyQt6["PyQt6"]\n    node_venv_lib_python3_12_site-packages_PyQt6 --> node_venv_lib_python3_12_site-packages_PyQt6_Qt6["Qt6"]\n    node_venv_lib_python3_12_site-packages_PyQt6_Qt6 --> node_venv_lib_python3_12_site-packages_PyQt6_Qt6_qml["qml"]\n    node_venv_lib_python3_12_site-packages_PyQt6_Qt6_qml --> node_venv_lib_python3_12_site-packages_PyQt6_Qt6_qml_QtQuick3D["QtQuick3D"]\n    node_venv_lib_python3_12_site-packages_PyQt6_Qt6_qml_QtQuick3D --> node_venv_lib_python3_12_site-packages_PyQt6_Qt6_qml_QtQuick3D_Helpers["Helpers"]\n    node_venv_lib_python3_12_site-packages_PyQt6_Qt6_qml_QtQuick3D_Helpers --> node_venv_lib_python3_12_site-packages_PyQt6_Qt6_qml_QtQuick3D_Helpers_designer["designer"]\n    node_venv_lib_python3_12_site-packages_PyQt6_Qt6_qml_QtQuick3D_Helpers_designer --> node_venv_lib_python3_12_site-packages_PyQt6_Qt6_qml_QtQuick3D_Helpers_designer_InstanceRepeaterSpecifics_qml["InstanceRepeaterSpecifics.qml"]\n    Root --> node_venv["venv"]\n    node_venv --> node_venv_lib["lib"]\n    node_venv_lib --> node_venv_lib_python3_12["python3.12"]\n    node_venv_lib_python3_12 --> node_venv_lib_python3_12_site-packages["site-packages"]\n    node_venv_lib_python3_12_site-packages --> node_venv_lib_python3_12_site-packages_PyQt6["PyQt6"]\n    node_venv_lib_python3_12_site-packages_PyQt6 --> node_venv_lib_python3_12_site-packages_PyQt6_Qt6["Qt6"]\n    node_venv_lib_python3_12_site-packages_PyQt6_Qt6 --> node_venv_lib_python3_12_site-packages_PyQt6_Qt6_qml["qml"]\n    node_venv_lib_python3_12_site-packages_PyQt6_Qt6_qml --> node_venv_lib_python3_12_site-packages_PyQt6_Qt6_qml_QtQuick3D["QtQuick3D"]\n    node_venv_lib_python3_12_site-packages_PyQt6_Qt6_qml_QtQuick3D --> node_venv_lib_python3_12_site-packages_PyQt6_Qt6_qml_QtQuick3D_Helpers["Helpers"]\n    node_venv_lib_python3_12_site-packages_PyQt6_Qt6_qml_QtQuick3D_Helpers --> node_venv_lib_python3_12_site-packages_PyQt6_Qt6_qml_QtQuick3D_Helpers_designer["designer"]\n    node_venv_lib_python3_12_site-packages_PyQt6_Qt6_qml_QtQuick3D_Helpers_designer --> node_venv_lib_python3_12_site-packages_PyQt6_Qt6_qml_QtQuick3D_Helpers_designer_LodManagerSection_qml["LodManagerSection.qml"]\n    Root --> node_venv["venv"]\n    node_venv --> node_venv_lib["lib"]\n    node_venv_lib --> node_venv_lib_python3_12["python3.12"]\n    node_venv_lib_python3_12 --> node_venv_lib_python3_12_site-packages["site-packages"]\n    node_venv_lib_python3_12_site-packages --> node_venv_lib_python3_12_site-packages_PyQt6["PyQt6"]\n    node_venv_lib_python3_12_site-packages_PyQt6 --> node_venv_lib_python3_12_site-packages_PyQt6_Qt6["Qt6"]\n    node_venv_lib_python3_12_site-packages_PyQt6_Qt6 --> node_venv_lib_python3_12_site-packages_PyQt6_Qt6_qml["qml"]\n    node_venv_lib_python3_12_site-packages_PyQt6_Qt6_qml --> node_venv_lib_python3_12_site-packages_PyQt6_Qt6_qml_QtQuick3D["QtQuick3D"]\n    node_venv_lib_python3_12_site-packages_PyQt6_Qt6_qml_QtQuick3D --> node_venv_lib_python3_12_site-packages_PyQt6_Qt6_qml_QtQuick3D_Helpers["Helpers"]\n    node_venv_lib_python3_12_site-packages_PyQt6_Qt6_qml_QtQuick3D_Helpers --> node_venv_lib_python3_12_site-packages_PyQt6_Qt6_qml_QtQuick3D_Helpers_designer["designer"]\n    node_venv_lib_python3_12_site-packages_PyQt6_Qt6_qml_QtQuick3D_Helpers_designer --> node_venv_lib_python3_12_site-packages_PyQt6_Qt6_qml_QtQuick3D_Helpers_designer_LodManagerSpecifics_qml["LodManagerSpecifics.qml"]\n    Root --> node_venv["venv"]\n    node_venv --> node_venv_lib["lib"]\n    node_venv_lib --> node_venv_lib_python3_12["python3.12"]\n    node_venv_lib_python3_12 --> node_venv_lib_python3_12_site-packages["site-packages"]\n    node_venv_lib_python3_12_site-packages --> node_venv_lib_python3_12_site-packages_PyQt6["PyQt6"]\n    node_venv_lib_python3_12_site-packages_PyQt6 --> node_venv_lib_python3_12_site-packages_PyQt6_Qt6["Qt6"]\n    node_venv_lib_python3_12_site-packages_PyQt6_Qt6 --> node_venv_lib_python3_12_site-packages_PyQt6_Qt6_qml["qml"]\n    node_venv_lib_python3_12_site-packages_PyQt6_Qt6_qml --> node_venv_lib_python3_12_site-packages_PyQt6_Qt6_qml_QtQuick3D["QtQuick3D"]\n    node_venv_lib_python3_12_site-packages_PyQt6_Qt6_qml_QtQuick3D --> node_venv_lib_python3_12_site-packages_PyQt6_Qt6_qml_QtQuick3D_Helpers["Helpers"]\n    node_venv_lib_python3_12_site-packages_PyQt6_Qt6_qml_QtQuick3D_Helpers --> node_venv_lib_python3_12_site-packages_PyQt6_Qt6_qml_QtQuick3D_Helpers_designer["designer"]\n    node_venv_lib_python3_12_site-packages_PyQt6_Qt6_qml_QtQuick3D_Helpers_designer --> node_venv_lib_python3_12_site-packages_PyQt6_Qt6_qml_QtQuick3D_Helpers_designer_LookAtNodeSection_qml["LookAtNodeSection.qml"]\n    Root --> node_venv["venv"]\n    node_venv --> node_venv_lib["lib"]\n    node_venv_lib --> node_venv_lib_python3_12["python3.12"]\n    node_venv_lib_python3_12 --> node_venv_lib_python3_12_site-packages["site-packages"]\n    node_venv_lib_python3_12_site-packages --> node_venv_lib_python3_12_site-packages_PyQt6["PyQt6"]\n    node_venv_lib_python3_12_site-packages_PyQt6 --> node_venv_lib_python3_12_site-packages_PyQt6_Qt6["Qt6"]\n    node_venv_lib_python3_12_site-packages_PyQt6_Qt6 --> node_venv_lib_python3_12_site-packages_PyQt6_Qt6_qml["qml"]\n    node_venv_lib_python3_12_site-packages_PyQt6_Qt6_qml --> node_venv_lib_python3_12_site-packages_PyQt6_Qt6_qml_QtQuick3D["QtQuick3D"]\n    node_venv_lib_python3_12_site-packages_PyQt6_Qt6_qml_QtQuick3D --> node_venv_lib_python3_12_site-packages_PyQt6_Qt6_qml_QtQuick3D_Helpers["Helpers"]\n    node_venv_lib_python3_12_site-packages_PyQt6_Qt6_qml_QtQuick3D_Helpers --> node_venv_lib_python3_12_site-packages_PyQt6_Qt6_qml_QtQuick3D_Helpers_designer["designer"]\n    node_venv_lib_python3_12_site-packages_PyQt6_Qt6_qml_QtQuick3D_Helpers_designer --> node_venv_lib_python3_12_site-packages_PyQt6_Qt6_qml_QtQuick3D_Helpers_designer_LookAtNodeSpecifics_qml["LookAtNodeSpecifics.qml"]\n    Root --> node_venv["venv"]\n    node_venv --> node_venv_lib["lib"]\n    node_venv_lib --> node_venv_lib_python3_12["python3.12"]\n    node_venv_lib_python3_12 --> node_venv_lib_python3_12_site-packages["site-packages"]\n    node_venv_lib_python3_12_site-packages --> node_venv_lib_python3_12_site-packages_PyQt6["PyQt6"]\n    node_venv_lib_python3_12_site-packages_PyQt6 --> node_venv_lib_python3_12_site-packages_PyQt6_Qt6["Qt6"]\n    node_venv_lib_python3_12_site-packages_PyQt6_Qt6 --> node_venv_lib_python3_12_site-packages_PyQt6_Qt6_qml["qml"]\n    node_venv_lib_python3_12_site-packages_PyQt6_Qt6_qml --> node_venv_lib_python3_12_site-packages_PyQt6_Qt6_qml_QtQuick3D["QtQuick3D"]\n    node_venv_lib_python3_12_site-packages_PyQt6_Qt6_qml_QtQuick3D --> node_venv_lib_python3_12_site-packages_PyQt6_Qt6_qml_QtQuick3D_Helpers["Helpers"]\n    node_venv_lib_python3_12_site-packages_PyQt6_Qt6_qml_QtQuick3D_Helpers --> node_venv_lib_python3_12_site-packages_PyQt6_Qt6_qml_QtQuick3D_Helpers_designer["designer"]\n    node_venv_lib_python3_12_site-packages_PyQt6_Qt6_qml_QtQuick3D_Helpers_designer --> node_venv_lib_python3_12_site-packages_PyQt6_Qt6_qml_QtQuick3D_Helpers_designer_NodeSection_qml["NodeSection.qml"]\n    Root --> node_venv["venv"]\n    node_venv --> node_venv_lib["lib"]\n    node_venv_lib --> node_venv_lib_python3_12["python3.12"]\n    node_venv_lib_python3_12 --> node_venv_lib_python3_12_site-packages["site-packages"]\n    node_venv_lib_python3_12_site-packages --> node_venv_lib_python3_12_site-packages_PyQt6["PyQt6"]\n    node_venv_lib_python3_12_site-packages_PyQt6 --> node_venv_lib_python3_12_site-packages_PyQt6_Qt6["Qt6"]\n    node_venv_lib_python3_12_site-packages_PyQt6_Qt6 --> node_venv_lib_python3_12_site-packages_PyQt6_Qt6_qml["qml"]\n    node_venv_lib_python3_12_site-packages_PyQt6_Qt6_qml --> node_venv_lib_python3_12_site-packages_PyQt6_Qt6_qml_QtQuick3D["QtQuick3D"]\n    node_venv_lib_python3_12_site-packages_PyQt6_Qt6_qml_QtQuick3D --> node_venv_lib_python3_12_site-packages_PyQt6_Qt6_qml_QtQuick3D_Helpers["Helpers"]\n    node_venv_lib_python3_12_site-packages_PyQt6_Qt6_qml_QtQuick3D_Helpers --> node_venv_lib_python3_12_site-packages_PyQt6_Qt6_qml_QtQuick3D_Helpers_designer["designer"]\n    node_venv_lib_python3_12_site-packages_PyQt6_Qt6_qml_QtQuick3D_Helpers_designer --> node_venv_lib_python3_12_site-packages_PyQt6_Qt6_qml_QtQuick3D_Helpers_designer_OrbitCameraControllerSection_qml["OrbitCameraControllerSection.qml"]\n    Root --> node_venv["venv"]\n    node_venv --> node_venv_lib["lib"]\n    node_venv_lib --> node_venv_lib_python3_12["python3.12"]\n    node_venv_lib_python3_12 --> node_venv_lib_python3_12_site-packages["site-packages"]\n    node_venv_lib_python3_12_site-packages --> node_venv_lib_python3_12_site-packages_PyQt6["PyQt6"]\n    node_venv_lib_python3_12_site-packages_PyQt6 --> node_venv_lib_python3_12_site-packages_PyQt6_Qt6["Qt6"]\n    node_venv_lib_python3_12_site-packages_PyQt6_Qt6 --> node_venv_lib_python3_12_site-packages_PyQt6_Qt6_qml["qml"]\n    node_venv_lib_python3_12_site-packages_PyQt6_Qt6_qml --> node_venv_lib_python3_12_site-packages_PyQt6_Qt6_qml_QtQuick3D["QtQuick3D"]\n    node_venv_lib_python3_12_site-packages_PyQt6_Qt6_qml_QtQuick3D --> node_venv_lib_python3_12_site-packages_PyQt6_Qt6_qml_QtQuick3D_Helpers["Helpers"]\n    node_venv_lib_python3_12_site-packages_PyQt6_Qt6_qml_QtQuick3D_Helpers --> node_venv_lib_python3_12_site-packages_PyQt6_Qt6_qml_QtQuick3D_Helpers_designer["designer"]\n    node_venv_lib_python3_12_site-packages_PyQt6_Qt6_qml_QtQuick3D_Helpers_designer --> node_venv_lib_python3_12_site-packages_PyQt6_Qt6_qml_QtQuick3D_Helpers_designer_OrbitCameraControllerSpecifics_qml["OrbitCameraControllerSpecifics.qml"]\n    Root --> node_venv["venv"]\n    node_venv --> node_venv_lib["lib"]\n    node_venv_lib --> node_venv_lib_python3_12["python3.12"]\n    node_venv_lib_python3_12 --> node_venv_lib_python3_12_site-packages["site-packages"]\n    node_venv_lib_python3_12_site-packages --> node_venv_lib_python3_12_site-packages_PyQt6["PyQt6"]\n    node_venv_lib_python3_12_site-packages_PyQt6 --> node_venv_lib_python3_12_site-packages_PyQt6_Qt6["Qt6"]\n    node_venv_lib_python3_12_site-packages_PyQt6_Qt6 --> node_venv_lib_python3_12_site-packages_PyQt6_Qt6_qml["qml"]\n    node_venv_lib_python3_12_site-packages_PyQt6_Qt6_qml --> node_venv_lib_python3_12_site-packages_PyQt6_Qt6_qml_QtQuick3D["QtQuick3D"]\n    node_venv_lib_python3_12_site-packages_PyQt6_Qt6_qml_QtQuick3D --> node_venv_lib_python3_12_site-packages_PyQt6_Qt6_qml_QtQuick3D_Helpers["Helpers"]\n    node_venv_lib_python3_12_site-packages_PyQt6_Qt6_qml_QtQuick3D_Helpers --> node_venv_lib_python3_12_site-packages_PyQt6_Qt6_qml_QtQuick3D_Helpers_designer["designer"]\n    node_venv_lib_python3_12_site-packages_PyQt6_Qt6_qml_QtQuick3D_Helpers_designer --> node_venv_lib_python3_12_site-packages_PyQt6_Qt6_qml_QtQuick3D_Helpers_designer_ProceduralSkyTextureDataSection_qml["ProceduralSkyTextureDataSection.qml"]\n    Root --> node_venv["venv"]\n    node_venv --> node_venv_lib["lib"]\n    node_venv_lib --> node_venv_lib_python3_12["python3.12"]\n    node_venv_lib_python3_12 --> node_venv_lib_python3_12_site-packages["site-packages"]\n    node_venv_lib_python3_12_site-packages --> node_venv_lib_python3_12_site-packages_PyQt6["PyQt6"]\n    node_venv_lib_python3_12_site-packages_PyQt6 --> node_venv_lib_python3_12_site-packages_PyQt6_Qt6["Qt6"]\n    node_venv_lib_python3_12_site-packages_PyQt6_Qt6 --> node_venv_lib_python3_12_site-packages_PyQt6_Qt6_qml["qml"]\n    node_venv_lib_python3_12_site-packages_PyQt6_Qt6_qml --> node_venv_lib_python3_12_site-packages_PyQt6_Qt6_qml_QtQuick3D["QtQuick3D"]\n    node_venv_lib_python3_12_site-packages_PyQt6_Qt6_qml_QtQuick3D --> node_venv_lib_python3_12_site-packages_PyQt6_Qt6_qml_QtQuick3D_Helpers["Helpers"]\n    node_venv_lib_python3_12_site-packages_PyQt6_Qt6_qml_QtQuick3D_Helpers --> node_venv_lib_python3_12_site-packages_PyQt6_Qt6_qml_QtQuick3D_Helpers_designer["designer"]\n    node_venv_lib_python3_12_site-packages_PyQt6_Qt6_qml_QtQuick3D_Helpers_designer --> node_venv_lib_python3_12_site-packages_PyQt6_Qt6_qml_QtQuick3D_Helpers_designer_ProceduralSkyTextureDataSpecifics_qml["ProceduralSkyTextureDataSpecifics.qml"]\n    Root --> node_venv["venv"]\n    node_venv --> node_venv_lib["lib"]\n    node_venv_lib --> node_venv_lib_python3_12["python3.12"]\n    node_venv_lib_python3_12 --> node_venv_lib_python3_12_site-packages["site-packages"]\n    node_venv_lib_python3_12_site-packages --> node_venv_lib_python3_12_site-packages_PyQt6["PyQt6"]\n    node_venv_lib_python3_12_site-packages_PyQt6 --> node_venv_lib_python3_12_site-packages_PyQt6_Qt6["Qt6"]\n    node_venv_lib_python3_12_site-packages_PyQt6_Qt6 --> node_venv_lib_python3_12_site-packages_PyQt6_Qt6_qml["qml"]\n    node_venv_lib_python3_12_site-packages_PyQt6_Qt6_qml --> node_venv_lib_python3_12_site-packages_PyQt6_Qt6_qml_QtQuick3D["QtQuick3D"]\n    node_venv_lib_python3_12_site-packages_PyQt6_Qt6_qml_QtQuick3D --> node_venv_lib_python3_12_site-packages_PyQt6_Qt6_qml_QtQuick3D_Helpers["Helpers"]\n    node_venv_lib_python3_12_site-packages_PyQt6_Qt6_qml_QtQuick3D_Helpers --> node_venv_lib_python3_12_site-packages_PyQt6_Qt6_qml_QtQuick3D_Helpers_designer["designer"]\n    node_venv_lib_python3_12_site-packages_PyQt6_Qt6_qml_QtQuick3D_Helpers_designer --> node_venv_lib_python3_12_site-packages_PyQt6_Qt6_qml_QtQuick3D_Helpers_designer_Repeater3DSection_qml["Repeater3DSection.qml"]\n    Root --> node_venv["venv"]\n    node_venv --> node_venv_lib["lib"]\n    node_venv_lib --> node_venv_lib_python3_12["python3.12"]\n    node_venv_lib_python3_12 --> node_venv_lib_python3_12_site-packages["site-packages"]\n    node_venv_lib_python3_12_site-packages --> node_venv_lib_python3_12_site-packages_PyQt6["PyQt6"]\n    node_venv_lib_python3_12_site-packages_PyQt6 --> node_venv_lib_python3_12_site-packages_PyQt6_Qt6["Qt6"]\n    node_venv_lib_python3_12_site-packages_PyQt6_Qt6 --> node_venv_lib_python3_12_site-packages_PyQt6_Qt6_qml["qml"]\n    node_venv_lib_python3_12_site-packages_PyQt6_Qt6_qml --> node_venv_lib_python3_12_site-packages_PyQt6_Qt6_qml_QtQuick3D["QtQuick3D"]\n    node_venv_lib_python3_12_site-packages_PyQt6_Qt6_qml_QtQuick3D --> node_venv_lib_python3_12_site-packages_PyQt6_Qt6_qml_QtQuick3D_Helpers["Helpers"]\n    node_venv_lib_python3_12_site-packages_PyQt6_Qt6_qml_QtQuick3D_Helpers --> node_venv_lib_python3_12_site-packages_PyQt6_Qt6_qml_QtQuick3D_Helpers_designer["designer"]\n    node_venv_lib_python3_12_site-packages_PyQt6_Qt6_qml_QtQuick3D_Helpers_designer --> node_venv_lib_python3_12_site-packages_PyQt6_Qt6_qml_QtQuick3D_Helpers_designer_WasdControllerSection_qml["WasdControllerSection.qml"]\n    Root --> node_venv["venv"]\n    node_venv --> node_venv_lib["lib"]\n    node_venv_lib --> node_venv_lib_python3_12["python3.12"]\n    node_venv_lib_python3_12 --> node_venv_lib_python3_12_site-packages["site-packages"]\n    node_venv_lib_python3_12_site-packages --> node_venv_lib_python3_12_site-packages_PyQt6["PyQt6"]\n    node_venv_lib_python3_12_site-packages_PyQt6 --> node_venv_lib_python3_12_site-packages_PyQt6_Qt6["Qt6"]\n    node_venv_lib_python3_12_site-packages_PyQt6_Qt6 --> node_venv_lib_python3_12_site-packages_PyQt6_Qt6_qml["qml"]\n    node_venv_lib_python3_12_site-packages_PyQt6_Qt6_qml --> node_venv_lib_python3_12_site-packages_PyQt6_Qt6_qml_QtQuick3D["QtQuick3D"]\n    node_venv_lib_python3_12_site-packages_PyQt6_Qt6_qml_QtQuick3D --> node_venv_lib_python3_12_site-packages_PyQt6_Qt6_qml_QtQuick3D_Helpers["Helpers"]\n    node_venv_lib_python3_12_site-packages_PyQt6_Qt6_qml_QtQuick3D_Helpers --> node_venv_lib_python3_12_site-packages_PyQt6_Qt6_qml_QtQuick3D_Helpers_designer["designer"]\n    node_venv_lib_python3_12_site-packages_PyQt6_Qt6_qml_QtQuick3D_Helpers_designer --> node_venv_lib_python3_12_site-packages_PyQt6_Qt6_qml_QtQuick3D_Helpers_designer_WasdControllerSpecifics_qml["WasdControllerSpecifics.qml"]\n    Root --> node_venv["venv"]\n    node_venv --> node_venv_lib["lib"]\n    node_venv_lib --> node_venv_lib_python3_12["python3.12"]\n    node_venv_lib_python3_12 --> node_venv_lib_python3_12_site-packages["site-packages"]\n    node_venv_lib_python3_12_site-packages --> node_venv_lib_python3_12_site-packages_PyQt6["PyQt6"]\n    node_venv_lib_python3_12_site-packages_PyQt6 --> node_venv_lib_python3_12_site-packages_PyQt6_Qt6["Qt6"]\n    node_venv_lib_python3_12_site-packages_PyQt6_Qt6 --> node_venv_lib_python3_12_site-packages_PyQt6_Qt6_qml["qml"]\n    node_venv_lib_python3_12_site-packages_PyQt6_Qt6_qml --> node_venv_lib_python3_12_site-packages_PyQt6_Qt6_qml_QtQuick3D["QtQuick3D"]\n    node_venv_lib_python3_12_site-packages_PyQt6_Qt6_qml_QtQuick3D --> node_venv_lib_python3_12_site-packages_PyQt6_Qt6_qml_QtQuick3D_Helpers["Helpers"]\n    node_venv_lib_python3_12_site-packages_PyQt6_Qt6_qml_QtQuick3D_Helpers --> node_venv_lib_python3_12_site-packages_PyQt6_Qt6_qml_QtQuick3D_Helpers_designer["designer"]\n    node_venv_lib_python3_12_site-packages_PyQt6_Qt6_qml_QtQuick3D_Helpers_designer --> node_venv_lib_python3_12_site-packages_PyQt6_Qt6_qml_QtQuick3D_Helpers_designer_helpers_metainfo["helpers.metainfo"]\n    Root --> node_venv["venv"]\n    node_venv --> node_venv_lib["lib"]\n    node_venv_lib --> node_venv_lib_python3_12["python3.12"]\n    node_venv_lib_python3_12 --> node_venv_lib_python3_12_site-packages["site-packages"]\n    node_venv_lib_python3_12_site-packages --> node_venv_lib_python3_12_site-packages_PyQt6["PyQt6"]\n    node_venv_lib_python3_12_site-packages_PyQt6 --> node_venv_lib_python3_12_site-packages_PyQt6_Qt6["Qt6"]\n    node_venv_lib_python3_12_site-packages_PyQt6_Qt6 --> node_venv_lib_python3_12_site-packages_PyQt6_Qt6_qml["qml"]\n    node_venv_lib_python3_12_site-packages_PyQt6_Qt6_qml --> node_venv_lib_python3_12_site-packages_PyQt6_Qt6_qml_QtQuick3D["QtQuick3D"]\n    node_venv_lib_python3_12_site-packages_PyQt6_Qt6_qml_QtQuick3D --> node_venv_lib_python3_12_site-packages_PyQt6_Qt6_qml_QtQuick3D_Helpers["Helpers"]\n    node_venv_lib_python3_12_site-packages_PyQt6_Qt6_qml_QtQuick3D_Helpers --> node_venv_lib_python3_12_site-packages_PyQt6_Qt6_qml_QtQuick3D_Helpers_designer["designer"]\n    node_venv_lib_python3_12_site-packages_PyQt6_Qt6_qml_QtQuick3D_Helpers_designer --> node_venv_lib_python3_12_site-packages_PyQt6_Qt6_qml_QtQuick3D_Helpers_designer_images["images"]\n    node_venv_lib_python3_12_site-packages_PyQt6_Qt6_qml_QtQuick3D_Helpers_designer_images --> node_venv_lib_python3_12_site-packages_PyQt6_Qt6_qml_QtQuick3D_Helpers_designer_images_axishelper_png["axishelper.png"]\n    Root --> node_venv["venv"]\n    node_venv --> node_venv_lib["lib"]\n    node_venv_lib --> node_venv_lib_python3_12["python3.12"]\n    node_venv_lib_python3_12 --> node_venv_lib_python3_12_site-packages["site-packages"]\n    node_venv_lib_python3_12_site-packages --> node_venv_lib_python3_12_site-packages_PyQt6["PyQt6"]\n    node_venv_lib_python3_12_site-packages_PyQt6 --> node_venv_lib_python3_12_site-packages_PyQt6_Qt6["Qt6"]\n    node_venv_lib_python3_12_site-packages_PyQt6_Qt6 --> node_venv_lib_python3_12_site-packages_PyQt6_Qt6_qml["qml"]\n    node_venv_lib_python3_12_site-packages_PyQt6_Qt6_qml --> node_venv_lib_python3_12_site-packages_PyQt6_Qt6_qml_QtQuick3D["QtQuick3D"]\n    node_venv_lib_python3_12_site-packages_PyQt6_Qt6_qml_QtQuick3D --> node_venv_lib_python3_12_site-packages_PyQt6_Qt6_qml_QtQuick3D_Helpers["Helpers"]\n    node_venv_lib_python3_12_site-packages_PyQt6_Qt6_qml_QtQuick3D_Helpers --> node_venv_lib_python3_12_site-packages_PyQt6_Qt6_qml_QtQuick3D_Helpers_designer["designer"]\n    node_venv_lib_python3_12_site-packages_PyQt6_Qt6_qml_QtQuick3D_Helpers_designer --> node_venv_lib_python3_12_site-packages_PyQt6_Qt6_qml_QtQuick3D_Helpers_designer_images["images"]\n    node_venv_lib_python3_12_site-packages_PyQt6_Qt6_qml_QtQuick3D_Helpers_designer_images --> node_venv_lib_python3_12_site-packages_PyQt6_Qt6_qml_QtQuick3D_Helpers_designer_images_axishelper16_png["axishelper16.png"]\n    Root --> node_venv["venv"]\n    node_venv --> node_venv_lib["lib"]\n    node_venv_lib --> node_venv_lib_python3_12["python3.12"]\n    node_venv_lib_python3_12 --> node_venv_lib_python3_12_site-packages["site-packages"]\n    node_venv_lib_python3_12_site-packages --> node_venv_lib_python3_12_site-packages_PyQt6["PyQt6"]\n    node_venv_lib_python3_12_site-packages_PyQt6 --> node_venv_lib_python3_12_site-packages_PyQt6_Qt6["Qt6"]\n    node_venv_lib_python3_12_site-packages_PyQt6_Qt6 --> node_venv_lib_python3_12_site-packages_PyQt6_Qt6_qml["qml"]\n    node_venv_lib_python3_12_site-packages_PyQt6_Qt6_qml --> node_venv_lib_python3_12_site-packages_PyQt6_Qt6_qml_QtQuick3D["QtQuick3D"]\n    node_venv_lib_python3_12_site-packages_PyQt6_Qt6_qml_QtQuick3D --> node_venv_lib_python3_12_site-packages_PyQt6_Qt6_qml_QtQuick3D_Helpers["Helpers"]\n    node_venv_lib_python3_12_site-packages_PyQt6_Qt6_qml_QtQuick3D_Helpers --> node_venv_lib_python3_12_site-packages_PyQt6_Qt6_qml_QtQuick3D_Helpers_designer["designer"]\n    node_venv_lib_python3_12_site-packages_PyQt6_Qt6_qml_QtQuick3D_Helpers_designer --> node_venv_lib_python3_12_site-packages_PyQt6_Qt6_qml_QtQuick3D_Helpers_designer_images["images"]\n    node_venv_lib_python3_12_site-packages_PyQt6_Qt6_qml_QtQuick3D_Helpers_designer_images --> node_venv_lib_python3_12_site-packages_PyQt6_Qt6_qml_QtQuick3D_Helpers_designer_images_axishelper@2x_png["axishelper@2x.png"]\n    Root --> node_venv["venv"]\n    node_venv --> node_venv_lib["lib"]\n    node_venv_lib --> node_venv_lib_python3_12["python3.12"]\n    node_venv_lib_python3_12 --> node_venv_lib_python3_12_site-packages["site-packages"]\n    node_venv_lib_python3_12_site-packages --> node_venv_lib_python3_12_site-packages_PyQt6["PyQt6"]\n    node_venv_lib_python3_12_site-packages_PyQt6 --> node_venv_lib_python3_12_site-packages_PyQt6_Qt6["Qt6"]\n    node_venv_lib_python3_12_site-packages_PyQt6_Qt6 --> node_venv_lib_python3_12_site-packages_PyQt6_Qt6_qml["qml"]\n    node_venv_lib_python3_12_site-packages_PyQt6_Qt6_qml --> node_venv_lib_python3_12_site-packages_PyQt6_Qt6_qml_QtQuick3D["QtQuick3D"]\n    node_venv_lib_python3_12_site-packages_PyQt6_Qt6_qml_QtQuick3D --> node_venv_lib_python3_12_site-packages_PyQt6_Qt6_qml_QtQuick3D_Helpers["Helpers"]\n    node_venv_lib_python3_12_site-packages_PyQt6_Qt6_qml_QtQuick3D_Helpers --> node_venv_lib_python3_12_site-packages_PyQt6_Qt6_qml_QtQuick3D_Helpers_designer["designer"]\n    node_venv_lib_python3_12_site-packages_PyQt6_Qt6_qml_QtQuick3D_Helpers_designer --> node_venv_lib_python3_12_site-packages_PyQt6_Qt6_qml_QtQuick3D_Helpers_designer_images["images"]\n    node_venv_lib_python3_12_site-packages_PyQt6_Qt6_qml_QtQuick3D_Helpers_designer_images --> node_venv_lib_python3_12_site-packages_PyQt6_Qt6_qml_QtQuick3D_Helpers_designer_images_debugview_png["debugview.png"]\n    Root --> node_venv["venv"]\n    node_venv --> node_venv_lib["lib"]\n    node_venv_lib --> node_venv_lib_python3_12["python3.12"]\n    node_venv_lib_python3_12 --> node_venv_lib_python3_12_site-packages["site-packages"]\n    node_venv_lib_python3_12_site-packages --> node_venv_lib_python3_12_site-packages_PyQt6["PyQt6"]\n    node_venv_lib_python3_12_site-packages_PyQt6 --> node_venv_lib_python3_12_site-packages_PyQt6_Qt6["Qt6"]\n    node_venv_lib_python3_12_site-packages_PyQt6_Qt6 --> node_venv_lib_python3_12_site-packages_PyQt6_Qt6_qml["qml"]\n    node_venv_lib_python3_12_site-packages_PyQt6_Qt6_qml --> node_venv_lib_python3_12_site-packages_PyQt6_Qt6_qml_QtQuick3D["QtQuick3D"]\n    node_venv_lib_python3_12_site-packages_PyQt6_Qt6_qml_QtQuick3D --> node_venv_lib_python3_12_site-packages_PyQt6_Qt6_qml_QtQuick3D_Helpers["Helpers"]\n    node_venv_lib_python3_12_site-packages_PyQt6_Qt6_qml_QtQuick3D_Helpers --> node_venv_lib_python3_12_site-packages_PyQt6_Qt6_qml_QtQuick3D_Helpers_designer["designer"]\n    node_venv_lib_python3_12_site-packages_PyQt6_Qt6_qml_QtQuick3D_Helpers_designer --> node_venv_lib_python3_12_site-packages_PyQt6_Qt6_qml_QtQuick3D_Helpers_designer_images["images"]\n    node_venv_lib_python3_12_site-packages_PyQt6_Qt6_qml_QtQuick3D_Helpers_designer_images --> node_venv_lib_python3_12_site-packages_PyQt6_Qt6_qml_QtQuick3D_Helpers_designer_images_debugview16_png["debugview16.png"]\n    Root --> node_venv["venv"]\n    node_venv --> node_venv_lib["lib"]\n    node_venv_lib --> node_venv_lib_python3_12["python3.12"]\n    node_venv_lib_python3_12 --> node_venv_lib_python3_12_site-packages["site-packages"]\n    node_venv_lib_python3_12_site-packages --> node_venv_lib_python3_12_site-packages_PyQt6["PyQt6"]\n    node_venv_lib_python3_12_site-packages_PyQt6 --> node_venv_lib_python3_12_site-packages_PyQt6_Qt6["Qt6"]\n    node_venv_lib_python3_12_site-packages_PyQt6_Qt6 --> node_venv_lib_python3_12_site-packages_PyQt6_Qt6_qml["qml"]\n    node_venv_lib_python3_12_site-packages_PyQt6_Qt6_qml --> node_venv_lib_python3_12_site-packages_PyQt6_Qt6_qml_QtQuick3D["QtQuick3D"]\n    node_venv_lib_python3_12_site-packages_PyQt6_Qt6_qml_QtQuick3D --> node_venv_lib_python3_12_site-packages_PyQt6_Qt6_qml_QtQuick3D_Helpers["Helpers"]\n    node_venv_lib_python3_12_site-packages_PyQt6_Qt6_qml_QtQuick3D_Helpers --> node_venv_lib_python3_12_site-packages_PyQt6_Qt6_qml_QtQuick3D_Helpers_designer["designer"]\n    node_venv_lib_python3_12_site-packages_PyQt6_Qt6_qml_QtQuick3D_Helpers_designer --> node_venv_lib_python3_12_site-packages_PyQt6_Qt6_qml_QtQuick3D_Helpers_designer_images["images"]\n    node_venv_lib_python3_12_site-packages_PyQt6_Qt6_qml_QtQuick3D_Helpers_designer_images --> node_venv_lib_python3_12_site-packages_PyQt6_Qt6_qml_QtQuick3D_Helpers_designer_images_debugview@2x_png["debugview@2x.png"]\n    Root --> node_venv["venv"]\n    node_venv --> node_venv_lib["lib"]\n    node_venv_lib --> node_venv_lib_python3_12["python3.12"]\n    node_venv_lib_python3_12 --> node_venv_lib_python3_12_site-packages["site-packages"]\n    node_venv_lib_python3_12_site-packages --> node_venv_lib_python3_12_site-packages_PyQt6["PyQt6"]\n    node_venv_lib_python3_12_site-packages_PyQt6 --> node_venv_lib_python3_12_site-packages_PyQt6_Qt6["Qt6"]\n    node_venv_lib_python3_12_site-packages_PyQt6_Qt6 --> node_venv_lib_python3_12_site-packages_PyQt6_Qt6_qml["qml"]\n    node_venv_lib_python3_12_site-packages_PyQt6_Qt6_qml --> node_venv_lib_python3_12_site-packages_PyQt6_Qt6_qml_QtQuick3D["QtQuick3D"]\n    node_venv_lib_python3_12_site-packages_PyQt6_Qt6_qml_QtQuick3D --> node_venv_lib_python3_12_site-packages_PyQt6_Qt6_qml_QtQuick3D_Helpers["Helpers"]\n    node_venv_lib_python3_12_site-packages_PyQt6_Qt6_qml_QtQuick3D_Helpers --> node_venv_lib_python3_12_site-packages_PyQt6_Qt6_qml_QtQuick3D_Helpers_designer["designer"]\n    node_venv_lib_python3_12_site-packages_PyQt6_Qt6_qml_QtQuick3D_Helpers_designer --> node_venv_lib_python3_12_site-packages_PyQt6_Qt6_qml_QtQuick3D_Helpers_designer_images["images"]\n    node_venv_lib_python3_12_site-packages_PyQt6_Qt6_qml_QtQuick3D_Helpers_designer_images --> node_venv_lib_python3_12_site-packages_PyQt6_Qt6_qml_QtQuick3D_Helpers_designer_images_dummy_png["dummy.png"]\n    Root --> node_venv["venv"]\n    node_venv --> node_venv_lib["lib"]\n    node_venv_lib --> node_venv_lib_python3_12["python3.12"]\n    node_venv_lib_python3_12 --> node_venv_lib_python3_12_site-packages["site-packages"]\n    node_venv_lib_python3_12_site-packages --> node_venv_lib_python3_12_site-packages_PyQt6["PyQt6"]\n    node_venv_lib_python3_12_site-packages_PyQt6 --> node_venv_lib_python3_12_site-packages_PyQt6_Qt6["Qt6"]\n    node_venv_lib_python3_12_site-packages_PyQt6_Qt6 --> node_venv_lib_python3_12_site-packages_PyQt6_Qt6_qml["qml"]\n    node_venv_lib_python3_12_site-packages_PyQt6_Qt6_qml --> node_venv_lib_python3_12_site-packages_PyQt6_Qt6_qml_QtQuick3D["QtQuick3D"]\n    node_venv_lib_python3_12_site-packages_PyQt6_Qt6_qml_QtQuick3D --> node_venv_lib_python3_12_site-packages_PyQt6_Qt6_qml_QtQuick3D_Helpers["Helpers"]\n    node_venv_lib_python3_12_site-packages_PyQt6_Qt6_qml_QtQuick3D_Helpers --> node_venv_lib_python3_12_site-packages_PyQt6_Qt6_qml_QtQuick3D_Helpers_designer["designer"]\n    node_venv_lib_python3_12_site-packages_PyQt6_Qt6_qml_QtQuick3D_Helpers_designer --> node_venv_lib_python3_12_site-packages_PyQt6_Qt6_qml_QtQuick3D_Helpers_designer_images["images"]\n    node_venv_lib_python3_12_site-packages_PyQt6_Qt6_qml_QtQuick3D_Helpers_designer_images --> node_venv_lib_python3_12_site-packages_PyQt6_Qt6_qml_QtQuick3D_Helpers_designer_images_dummy16_png["dummy16.png"]\n    Root --> node_venv["venv"]\n    node_venv --> node_venv_lib["lib"]\n    node_venv_lib --> node_venv_lib_python3_12["python3.12"]\n    node_venv_lib_python3_12 --> node_venv_lib_python3_12_site-packages["site-packages"]\n    node_venv_lib_python3_12_site-packages --> node_venv_lib_python3_12_site-packages_PyQt6["PyQt6"]\n    node_venv_lib_python3_12_site-packages_PyQt6 --> node_venv_lib_python3_12_site-packages_PyQt6_Qt6["Qt6"]\n    node_venv_lib_python3_12_site-packages_PyQt6_Qt6 --> node_venv_lib_python3_12_site-packages_PyQt6_Qt6_qml["qml"]\n    node_venv_lib_python3_12_site-packages_PyQt6_Qt6_qml --> node_venv_lib_python3_12_site-packages_PyQt6_Qt6_qml_QtQuick3D["QtQuick3D"]\n    node_venv_lib_python3_12_site-packages_PyQt6_Qt6_qml_QtQuick3D --> node_venv_lib_python3_12_site-packages_PyQt6_Qt6_qml_QtQuick3D_Helpers["Helpers"]\n    node_venv_lib_python3_12_site-packages_PyQt6_Qt6_qml_QtQuick3D_Helpers --> node_venv_lib_python3_12_site-packages_PyQt6_Qt6_qml_QtQuick3D_Helpers_designer["designer"]\n    node_venv_lib_python3_12_site-packages_PyQt6_Qt6_qml_QtQuick3D_Helpers_designer --> node_venv_lib_python3_12_site-packages_PyQt6_Qt6_qml_QtQuick3D_Helpers_designer_images["images"]\n    node_venv_lib_python3_12_site-packages_PyQt6_Qt6_qml_QtQuick3D_Helpers_designer_images --> node_venv_lib_python3_12_site-packages_PyQt6_Qt6_qml_QtQuick3D_Helpers_designer_images_dummy@2x_png["dummy@2x.png"]\n    Root --> node_venv["venv"]\n    node_venv --> node_venv_lib["lib"]\n    node_venv_lib --> node_venv_lib_python3_12["python3.12"]\n    node_venv_lib_python3_12 --> node_venv_lib_python3_12_site-packages["site-packages"]\n    node_venv_lib_python3_12_site-packages --> node_venv_lib_python3_12_site-packages_PyQt6["PyQt6"]\n    node_venv_lib_python3_12_site-packages_PyQt6 --> node_venv_lib_python3_12_site-packages_PyQt6_Qt6["Qt6"]\n    node_venv_lib_python3_12_site-packages_PyQt6_Qt6 --> node_venv_lib_python3_12_site-packages_PyQt6_Qt6_qml["qml"]\n    node_venv_lib_python3_12_site-packages_PyQt6_Qt6_qml --> node_venv_lib_python3_12_site-packages_PyQt6_Qt6_qml_QtQuick3D["QtQuick3D"]\n    node_venv_lib_python3_12_site-packages_PyQt6_Qt6_qml_QtQuick3D --> node_venv_lib_python3_12_site-packages_PyQt6_Qt6_qml_QtQuick3D_Helpers["Helpers"]\n    node_venv_lib_python3_12_site-packages_PyQt6_Qt6_qml_QtQuick3D_Helpers --> node_venv_lib_python3_12_site-packages_PyQt6_Qt6_qml_QtQuick3D_Helpers_designer["designer"]\n    node_venv_lib_python3_12_site-packages_PyQt6_Qt6_qml_QtQuick3D_Helpers_designer --> node_venv_lib_python3_12_site-packages_PyQt6_Qt6_qml_QtQuick3D_Helpers_designer_images["images"]\n    node_venv_lib_python3_12_site-packages_PyQt6_Qt6_qml_QtQuick3D_Helpers_designer_images --> node_venv_lib_python3_12_site-packages_PyQt6_Qt6_qml_QtQuick3D_Helpers_designer_images_extendedsceneenvironment_png["extendedsceneenvironment.png"]\n    Root --> node_venv["venv"]\n    node_venv --> node_venv_lib["lib"]\n    node_venv_lib --> node_venv_lib_python3_12["python3.12"]\n    node_venv_lib_python3_12 --> node_venv_lib_python3_12_site-packages["site-packages"]\n    node_venv_lib_python3_12_site-packages --> node_venv_lib_python3_12_site-packages_PyQt6["PyQt6"]\n    node_venv_lib_python3_12_site-packages_PyQt6 --> node_venv_lib_python3_12_site-packages_PyQt6_Qt6["Qt6"]\n    node_venv_lib_python3_12_site-packages_PyQt6_Qt6 --> node_venv_lib_python3_12_site-packages_PyQt6_Qt6_qml["qml"]\n    node_venv_lib_python3_12_site-packages_PyQt6_Qt6_qml --> node_venv_lib_python3_12_site-packages_PyQt6_Qt6_qml_QtQuick3D["QtQuick3D"]\n    node_venv_lib_python3_12_site-packages_PyQt6_Qt6_qml_QtQuick3D --> node_venv_lib_python3_12_site-packages_PyQt6_Qt6_qml_QtQuick3D_Helpers["Helpers"]\n    node_venv_lib_python3_12_site-packages_PyQt6_Qt6_qml_QtQuick3D_Helpers --> node_venv_lib_python3_12_site-packages_PyQt6_Qt6_qml_QtQuick3D_Helpers_designer["designer"]\n    node_venv_lib_python3_12_site-packages_PyQt6_Qt6_qml_QtQuick3D_Helpers_designer --> node_venv_lib_python3_12_site-packages_PyQt6_Qt6_qml_QtQuick3D_Helpers_designer_images["images"]\n    node_venv_lib_python3_12_site-packages_PyQt6_Qt6_qml_QtQuick3D_Helpers_designer_images --> node_venv_lib_python3_12_site-packages_PyQt6_Qt6_qml_QtQuick3D_Helpers_designer_images_extendedsceneenvironment16_png["extendedsceneenvironment16.png"]\n    Root --> node_venv["venv"]\n    node_venv --> node_venv_lib["lib"]\n    node_venv_lib --> node_venv_lib_python3_12["python3.12"]\n    node_venv_lib_python3_12 --> node_venv_lib_python3_12_site-packages["site-packages"]\n    node_venv_lib_python3_12_site-packages --> node_venv_lib_python3_12_site-packages_PyQt6["PyQt6"]\n    node_venv_lib_python3_12_site-packages_PyQt6 --> node_venv_lib_python3_12_site-packages_PyQt6_Qt6["Qt6"]\n    node_venv_lib_python3_12_site-packages_PyQt6_Qt6 --> node_venv_lib_python3_12_site-packages_PyQt6_Qt6_qml["qml"]\n    node_venv_lib_python3_12_site-packages_PyQt6_Qt6_qml --> node_venv_lib_python3_12_site-packages_PyQt6_Qt6_qml_QtQuick3D["QtQuick3D"]\n    node_venv_lib_python3_12_site-packages_PyQt6_Qt6_qml_QtQuick3D --> node_venv_lib_python3_12_site-packages_PyQt6_Qt6_qml_QtQuick3D_Helpers["Helpers"]\n    node_venv_lib_python3_12_site-packages_PyQt6_Qt6_qml_QtQuick3D_Helpers --> node_venv_lib_python3_12_site-packages_PyQt6_Qt6_qml_QtQuick3D_Helpers_designer["designer"]\n    node_venv_lib_python3_12_site-packages_PyQt6_Qt6_qml_QtQuick3D_Helpers_designer --> node_venv_lib_python3_12_site-packages_PyQt6_Qt6_qml_QtQuick3D_Helpers_designer_images["images"]\n    node_venv_lib_python3_12_site-packages_PyQt6_Qt6_qml_QtQuick3D_Helpers_designer_images --> node_venv_lib_python3_12_site-packages_PyQt6_Qt6_qml_QtQuick3D_Helpers_designer_images_extendedsceneenvironment@2x_png["extendedsceneenvironment@2x.png"]\n    Root --> node_venv["venv"]\n    node_venv --> node_venv_lib["lib"]\n    node_venv_lib --> node_venv_lib_python3_12["python3.12"]\n    node_venv_lib_python3_12 --> node_venv_lib_python3_12_site-packages["site-packages"]\n    node_venv_lib_python3_12_site-packages --> node_venv_lib_python3_12_site-packages_PyQt6["PyQt6"]\n    node_venv_lib_python3_12_site-packages_PyQt6 --> node_venv_lib_python3_12_site-packages_PyQt6_Qt6["Qt6"]\n    node_venv_lib_python3_12_site-packages_PyQt6_Qt6 --> node_venv_lib_python3_12_site-packages_PyQt6_Qt6_qml["qml"]\n    node_venv_lib_python3_12_site-packages_PyQt6_Qt6_qml --> node_venv_lib_python3_12_site-packages_PyQt6_Qt6_qml_QtQuick3D["QtQuick3D"]\n    node_venv_lib_python3_12_site-packages_PyQt6_Qt6_qml_QtQuick3D --> node_venv_lib_python3_12_site-packages_PyQt6_Qt6_qml_QtQuick3D_Helpers["Helpers"]\n    node_venv_lib_python3_12_site-packages_PyQt6_Qt6_qml_QtQuick3D_Helpers --> node_venv_lib_python3_12_site-packages_PyQt6_Qt6_qml_QtQuick3D_Helpers_designer["designer"]\n    node_venv_lib_python3_12_site-packages_PyQt6_Qt6_qml_QtQuick3D_Helpers_designer --> node_venv_lib_python3_12_site-packages_PyQt6_Qt6_qml_QtQuick3D_Helpers_designer_images["images"]\n    node_venv_lib_python3_12_site-packages_PyQt6_Qt6_qml_QtQuick3D_Helpers_designer_images --> node_venv_lib_python3_12_site-packages_PyQt6_Qt6_qml_QtQuick3D_Helpers_designer_images_gridgeometry_png["gridgeometry.png"]\n    Root --> node_venv["venv"]\n    node_venv --> node_venv_lib["lib"]\n    node_venv_lib --> node_venv_lib_python3_12["python3.12"]\n    node_venv_lib_python3_12 --> node_venv_lib_python3_12_site-packages["site-packages"]\n    node_venv_lib_python3_12_site-packages --> node_venv_lib_python3_12_site-packages_PyQt6["PyQt6"]\n    node_venv_lib_python3_12_site-packages_PyQt6 --> node_venv_lib_python3_12_site-packages_PyQt6_Qt6["Qt6"]\n    node_venv_lib_python3_12_site-packages_PyQt6_Qt6 --> node_venv_lib_python3_12_site-packages_PyQt6_Qt6_qml["qml"]\n    node_venv_lib_python3_12_site-packages_PyQt6_Qt6_qml --> node_venv_lib_python3_12_site-packages_PyQt6_Qt6_qml_QtQuick3D["QtQuick3D"]\n    node_venv_lib_python3_12_site-packages_PyQt6_Qt6_qml_QtQuick3D --> node_venv_lib_python3_12_site-packages_PyQt6_Qt6_qml_QtQuick3D_Helpers["Helpers"]\n    node_venv_lib_python3_12_site-packages_PyQt6_Qt6_qml_QtQuick3D_Helpers --> node_venv_lib_python3_12_site-packages_PyQt6_Qt6_qml_QtQuick3D_Helpers_designer["designer"]\n    node_venv_lib_python3_12_site-packages_PyQt6_Qt6_qml_QtQuick3D_Helpers_designer --> node_venv_lib_python3_12_site-packages_PyQt6_Qt6_qml_QtQuick3D_Helpers_designer_images["images"]\n    node_venv_lib_python3_12_site-packages_PyQt6_Qt6_qml_QtQuick3D_Helpers_designer_images --> node_venv_lib_python3_12_site-packages_PyQt6_Qt6_qml_QtQuick3D_Helpers_designer_images_gridgeometry16_png["gridgeometry16.png"]\n    Root --> node_venv["venv"]\n    node_venv --> node_venv_lib["lib"]\n    node_venv_lib --> node_venv_lib_python3_12["python3.12"]\n    node_venv_lib_python3_12 --> node_venv_lib_python3_12_site-packages["site-packages"]\n    node_venv_lib_python3_12_site-packages --> node_venv_lib_python3_12_site-packages_PyQt6["PyQt6"]\n    node_venv_lib_python3_12_site-packages_PyQt6 --> node_venv_lib_python3_12_site-packages_PyQt6_Qt6["Qt6"]\n    node_venv_lib_python3_12_site-packages_PyQt6_Qt6 --> node_venv_lib_python3_12_site-packages_PyQt6_Qt6_qml["qml"]\n    node_venv_lib_python3_12_site-packages_PyQt6_Qt6_qml --> node_venv_lib_python3_12_site-packages_PyQt6_Qt6_qml_QtQuick3D["QtQuick3D"]\n    node_venv_lib_python3_12_site-packages_PyQt6_Qt6_qml_QtQuick3D --> node_venv_lib_python3_12_site-packages_PyQt6_Qt6_qml_QtQuick3D_Helpers["Helpers"]\n    node_venv_lib_python3_12_site-packages_PyQt6_Qt6_qml_QtQuick3D_Helpers --> node_venv_lib_python3_12_site-packages_PyQt6_Qt6_qml_QtQuick3D_Helpers_designer["designer"]\n    node_venv_lib_python3_12_site-packages_PyQt6_Qt6_qml_QtQuick3D_Helpers_designer --> node_venv_lib_python3_12_site-packages_PyQt6_Qt6_qml_QtQuick3D_Helpers_designer_images["images"]\n    node_venv_lib_python3_12_site-packages_PyQt6_Qt6_qml_QtQuick3D_Helpers_designer_images --> node_venv_lib_python3_12_site-packages_PyQt6_Qt6_qml_QtQuick3D_Helpers_designer_images_gridgeometry@2x_png["gridgeometry@2x.png"]\n    Root --> node_venv["venv"]\n    node_venv --> node_venv_lib["lib"]\n    node_venv_lib --> node_venv_lib_python3_12["python3.12"]\n    node_venv_lib_python3_12 --> node_venv_lib_python3_12_site-packages["site-packages"]\n    node_venv_lib_python3_12_site-packages --> node_venv_lib_python3_12_site-packages_PyQt6["PyQt6"]\n    node_venv_lib_python3_12_site-packages_PyQt6 --> node_venv_lib_python3_12_site-packages_PyQt6_Qt6["Qt6"]\n    node_venv_lib_python3_12_site-packages_PyQt6_Qt6 --> node_venv_lib_python3_12_site-packages_PyQt6_Qt6_qml["qml"]\n    node_venv_lib_python3_12_site-packages_PyQt6_Qt6_qml --> node_venv_lib_python3_12_site-packages_PyQt6_Qt6_qml_QtQuick3D["QtQuick3D"]\n    node_venv_lib_python3_12_site-packages_PyQt6_Qt6_qml_QtQuick3D --> node_venv_lib_python3_12_site-packages_PyQt6_Qt6_qml_QtQuick3D_Helpers["Helpers"]\n    node_venv_lib_python3_12_site-packages_PyQt6_Qt6_qml_QtQuick3D_Helpers --> node_venv_lib_python3_12_site-packages_PyQt6_Qt6_qml_QtQuick3D_Helpers_designer["designer"]\n    node_venv_lib_python3_12_site-packages_PyQt6_Qt6_qml_QtQuick3D_Helpers_designer --> node_venv_lib_python3_12_site-packages_PyQt6_Qt6_qml_QtQuick3D_Helpers_designer_images["images"]\n    node_venv_lib_python3_12_site-packages_PyQt6_Qt6_qml_QtQuick3D_Helpers_designer_images --> node_venv_lib_python3_12_site-packages_PyQt6_Qt6_qml_QtQuick3D_Helpers_designer_images_heightfieldgeometry_png["heightfieldgeometry.png"]\n    Root --> node_venv["venv"]\n    node_venv --> node_venv_lib["lib"]\n    node_venv_lib --> node_venv_lib_python3_12["python3.12"]\n    node_venv_lib_python3_12 --> node_venv_lib_python3_12_site-packages["site-packages"]\n    node_venv_lib_python3_12_site-packages --> node_venv_lib_python3_12_site-packages_PyQt6["PyQt6"]\n    node_venv_lib_python3_12_site-packages_PyQt6 --> node_venv_lib_python3_12_site-packages_PyQt6_Qt6["Qt6"]\n    node_venv_lib_python3_12_site-packages_PyQt6_Qt6 --> node_venv_lib_python3_12_site-packages_PyQt6_Qt6_qml["qml"]\n    node_venv_lib_python3_12_site-packages_PyQt6_Qt6_qml --> node_venv_lib_python3_12_site-packages_PyQt6_Qt6_qml_QtQuick3D["QtQuick3D"]\n    node_venv_lib_python3_12_site-packages_PyQt6_Qt6_qml_QtQuick3D --> node_venv_lib_python3_12_site-packages_PyQt6_Qt6_qml_QtQuick3D_Helpers["Helpers"]\n    node_venv_lib_python3_12_site-packages_PyQt6_Qt6_qml_QtQuick3D_Helpers --> node_venv_lib_python3_12_site-packages_PyQt6_Qt6_qml_QtQuick3D_Helpers_designer["designer"]\n    node_venv_lib_python3_12_site-packages_PyQt6_Qt6_qml_QtQuick3D_Helpers_designer --> node_venv_lib_python3_12_site-packages_PyQt6_Qt6_qml_QtQuick3D_Helpers_designer_images["images"]\n    node_venv_lib_python3_12_site-packages_PyQt6_Qt6_qml_QtQuick3D_Helpers_designer_images --> node_venv_lib_python3_12_site-packages_PyQt6_Qt6_qml_QtQuick3D_Helpers_designer_images_heightfieldgeometry16_png["heightfieldgeometry16.png"]\n    Root --> node_venv["venv"]\n    node_venv --> node_venv_lib["lib"]\n    node_venv_lib --> node_venv_lib_python3_12["python3.12"]\n    node_venv_lib_python3_12 --> node_venv_lib_python3_12_site-packages["site-packages"]\n    node_venv_lib_python3_12_site-packages --> node_venv_lib_python3_12_site-packages_PyQt6["PyQt6"]\n    node_venv_lib_python3_12_site-packages_PyQt6 --> node_venv_lib_python3_12_site-packages_PyQt6_Qt6["Qt6"]\n    node_venv_lib_python3_12_site-packages_PyQt6_Qt6 --> node_venv_lib_python3_12_site-packages_PyQt6_Qt6_qml["qml"]\n    node_venv_lib_python3_12_site-packages_PyQt6_Qt6_qml --> node_venv_lib_python3_12_site-packages_PyQt6_Qt6_qml_QtQuick3D["QtQuick3D"]\n    node_venv_lib_python3_12_site-packages_PyQt6_Qt6_qml_QtQuick3D --> node_venv_lib_python3_12_site-packages_PyQt6_Qt6_qml_QtQuick3D_Helpers["Helpers"]\n    node_venv_lib_python3_12_site-packages_PyQt6_Qt6_qml_QtQuick3D_Helpers --> node_venv_lib_python3_12_site-packages_PyQt6_Qt6_qml_QtQuick3D_Helpers_designer["designer"]\n    node_venv_lib_python3_12_site-packages_PyQt6_Qt6_qml_QtQuick3D_Helpers_designer --> node_venv_lib_python3_12_site-packages_PyQt6_Qt6_qml_QtQuick3D_Helpers_designer_images["images"]\n    node_venv_lib_python3_12_site-packages_PyQt6_Qt6_qml_QtQuick3D_Helpers_designer_images --> node_venv_lib_python3_12_site-packages_PyQt6_Qt6_qml_QtQuick3D_Helpers_designer_images_heightfieldgeometry@2x_png["heightfieldgeometry@2x.png"]\n    Root --> node_venv["venv"]\n    node_venv --> node_venv_lib["lib"]\n    node_venv_lib --> node_venv_lib_python3_12["python3.12"]\n    node_venv_lib_python3_12 --> node_venv_lib_python3_12_site-packages["site-packages"]\n    node_venv_lib_python3_12_site-packages --> node_venv_lib_python3_12_site-packages_PyQt6["PyQt6"]\n    node_venv_lib_python3_12_site-packages_PyQt6 --> node_venv_lib_python3_12_site-packages_PyQt6_Qt6["Qt6"]\n    node_venv_lib_python3_12_site-packages_PyQt6_Qt6 --> node_venv_lib_python3_12_site-packages_PyQt6_Qt6_qml["qml"]\n    node_venv_lib_python3_12_site-packages_PyQt6_Qt6_qml --> node_venv_lib_python3_12_site-packages_PyQt6_Qt6_qml_QtQuick3D["QtQuick3D"]\n    node_venv_lib_python3_12_site-packages_PyQt6_Qt6_qml_QtQuick3D --> node_venv_lib_python3_12_site-packages_PyQt6_Qt6_qml_QtQuick3D_Helpers["Helpers"]\n    node_venv_lib_python3_12_site-packages_PyQt6_Qt6_qml_QtQuick3D_Helpers --> node_venv_lib_python3_12_site-packages_PyQt6_Qt6_qml_QtQuick3D_Helpers_designer["designer"]\n    node_venv_lib_python3_12_site-packages_PyQt6_Qt6_qml_QtQuick3D_Helpers_designer --> node_venv_lib_python3_12_site-packages_PyQt6_Qt6_qml_QtQuick3D_Helpers_designer_images["images"]\n    node_venv_lib_python3_12_site-packages_PyQt6_Qt6_qml_QtQuick3D_Helpers_designer_images --> node_venv_lib_python3_12_site-packages_PyQt6_Qt6_qml_QtQuick3D_Helpers_designer_images_infinitegrid_png["infinitegrid.png"]\n    Root --> node_venv["venv"]\n    node_venv --> node_venv_lib["lib"]\n    node_venv_lib --> node_venv_lib_python3_12["python3.12"]\n    node_venv_lib_python3_12 --> node_venv_lib_python3_12_site-packages["site-packages"]\n    node_venv_lib_python3_12_site-packages --> node_venv_lib_python3_12_site-packages_PyQt6["PyQt6"]\n    node_venv_lib_python3_12_site-packages_PyQt6 --> node_venv_lib_python3_12_site-packages_PyQt6_Qt6["Qt6"]\n    node_venv_lib_python3_12_site-packages_PyQt6_Qt6 --> node_venv_lib_python3_12_site-packages_PyQt6_Qt6_qml["qml"]\n    node_venv_lib_python3_12_site-packages_PyQt6_Qt6_qml --> node_venv_lib_python3_12_site-packages_PyQt6_Qt6_qml_QtQuick3D["QtQuick3D"]\n    node_venv_lib_python3_12_site-packages_PyQt6_Qt6_qml_QtQuick3D --> node_venv_lib_python3_12_site-packages_PyQt6_Qt6_qml_QtQuick3D_Helpers["Helpers"]\n    node_venv_lib_python3_12_site-packages_PyQt6_Qt6_qml_QtQuick3D_Helpers --> node_venv_lib_python3_12_site-packages_PyQt6_Qt6_qml_QtQuick3D_Helpers_designer["designer"]\n    node_venv_lib_python3_12_site-packages_PyQt6_Qt6_qml_QtQuick3D_Helpers_designer --> node_venv_lib_python3_12_site-packages_PyQt6_Qt6_qml_QtQuick3D_Helpers_designer_images["images"]\n    node_venv_lib_python3_12_site-packages_PyQt6_Qt6_qml_QtQuick3D_Helpers_designer_images --> node_venv_lib_python3_12_site-packages_PyQt6_Qt6_qml_QtQuick3D_Helpers_designer_images_infinitegrid16_png["infinitegrid16.png"]\n    Root --> node_venv["venv"]\n    node_venv --> node_venv_lib["lib"]\n    node_venv_lib --> node_venv_lib_python3_12["python3.12"]\n    node_venv_lib_python3_12 --> node_venv_lib_python3_12_site-packages["site-packages"]\n    node_venv_lib_python3_12_site-packages --> node_venv_lib_python3_12_site-packages_PyQt6["PyQt6"]\n    node_venv_lib_python3_12_site-packages_PyQt6 --> node_venv_lib_python3_12_site-packages_PyQt6_Qt6["Qt6"]\n    node_venv_lib_python3_12_site-packages_PyQt6_Qt6 --> node_venv_lib_python3_12_site-packages_PyQt6_Qt6_qml["qml"]\n    node_venv_lib_python3_12_site-packages_PyQt6_Qt6_qml --> node_venv_lib_python3_12_site-packages_PyQt6_Qt6_qml_QtQuick3D["QtQuick3D"]\n    node_venv_lib_python3_12_site-packages_PyQt6_Qt6_qml_QtQuick3D --> node_venv_lib_python3_12_site-packages_PyQt6_Qt6_qml_QtQuick3D_Helpers["Helpers"]\n    node_venv_lib_python3_12_site-packages_PyQt6_Qt6_qml_QtQuick3D_Helpers --> node_venv_lib_python3_12_site-packages_PyQt6_Qt6_qml_QtQuick3D_Helpers_designer["designer"]\n    node_venv_lib_python3_12_site-packages_PyQt6_Qt6_qml_QtQuick3D_Helpers_designer --> node_venv_lib_python3_12_site-packages_PyQt6_Qt6_qml_QtQuick3D_Helpers_designer_images["images"]\n    node_venv_lib_python3_12_site-packages_PyQt6_Qt6_qml_QtQuick3D_Helpers_designer_images --> node_venv_lib_python3_12_site-packages_PyQt6_Qt6_qml_QtQuick3D_Helpers_designer_images_infinitegrid@2x_png["infinitegrid@2x.png"]\n    Root --> node_venv["venv"]\n    node_venv --> node_venv_lib["lib"]\n    node_venv_lib --> node_venv_lib_python3_12["python3.12"]\n    node_venv_lib_python3_12 --> node_venv_lib_python3_12_site-packages["site-packages"]\n    node_venv_lib_python3_12_site-packages --> node_venv_lib_python3_12_site-packages_PyQt6["PyQt6"]\n    node_venv_lib_python3_12_site-packages_PyQt6 --> node_venv_lib_python3_12_site-packages_PyQt6_Qt6["Qt6"]\n    node_venv_lib_python3_12_site-packages_PyQt6_Qt6 --> node_venv_lib_python3_12_site-packages_PyQt6_Qt6_qml["qml"]\n    node_venv_lib_python3_12_site-packages_PyQt6_Qt6_qml --> node_venv_lib_python3_12_site-packages_PyQt6_Qt6_qml_QtQuick3D["QtQuick3D"]\n    node_venv_lib_python3_12_site-packages_PyQt6_Qt6_qml_QtQuick3D --> node_venv_lib_python3_12_site-packages_PyQt6_Qt6_qml_QtQuick3D_Helpers["Helpers"]\n    node_venv_lib_python3_12_site-packages_PyQt6_Qt6_qml_QtQuick3D_Helpers --> node_venv_lib_python3_12_site-packages_PyQt6_Qt6_qml_QtQuick3D_Helpers_designer["designer"]\n    node_venv_lib_python3_12_site-packages_PyQt6_Qt6_qml_QtQuick3D_Helpers_designer --> node_venv_lib_python3_12_site-packages_PyQt6_Qt6_qml_QtQuick3D_Helpers_designer_images["images"]\n    node_venv_lib_python3_12_site-packages_PyQt6_Qt6_qml_QtQuick3D_Helpers_designer_images --> node_venv_lib_python3_12_site-packages_PyQt6_Qt6_qml_QtQuick3D_Helpers_designer_images_instancemodel_png["instancemodel.png"]\n    Root --> node_venv["venv"]\n    node_venv --> node_venv_lib["lib"]\n    node_venv_lib --> node_venv_lib_python3_12["python3.12"]\n    node_venv_lib_python3_12 --> node_venv_lib_python3_12_site-packages["site-packages"]\n    node_venv_lib_python3_12_site-packages --> node_venv_lib_python3_12_site-packages_PyQt6["PyQt6"]\n    node_venv_lib_python3_12_site-packages_PyQt6 --> node_venv_lib_python3_12_site-packages_PyQt6_Qt6["Qt6"]\n    node_venv_lib_python3_12_site-packages_PyQt6_Qt6 --> node_venv_lib_python3_12_site-packages_PyQt6_Qt6_qml["qml"]\n    node_venv_lib_python3_12_site-packages_PyQt6_Qt6_qml --> node_venv_lib_python3_12_site-packages_PyQt6_Qt6_qml_QtQuick3D["QtQuick3D"]\n    node_venv_lib_python3_12_site-packages_PyQt6_Qt6_qml_QtQuick3D --> node_venv_lib_python3_12_site-packages_PyQt6_Qt6_qml_QtQuick3D_Helpers["Helpers"]\n    node_venv_lib_python3_12_site-packages_PyQt6_Qt6_qml_QtQuick3D_Helpers --> node_venv_lib_python3_12_site-packages_PyQt6_Qt6_qml_QtQuick3D_Helpers_designer["designer"]\n    node_venv_lib_python3_12_site-packages_PyQt6_Qt6_qml_QtQuick3D_Helpers_designer --> node_venv_lib_python3_12_site-packages_PyQt6_Qt6_qml_QtQuick3D_Helpers_designer_images["images"]\n    node_venv_lib_python3_12_site-packages_PyQt6_Qt6_qml_QtQuick3D_Helpers_designer_images --> node_venv_lib_python3_12_site-packages_PyQt6_Qt6_qml_QtQuick3D_Helpers_designer_images_instancemodel16_png["instancemodel16.png"]\n    Root --> node_venv["venv"]\n    node_venv --> node_venv_lib["lib"]\n    node_venv_lib --> node_venv_lib_python3_12["python3.12"]\n    node_venv_lib_python3_12 --> node_venv_lib_python3_12_site-packages["site-packages"]\n    node_venv_lib_python3_12_site-packages --> node_venv_lib_python3_12_site-packages_PyQt6["PyQt6"]\n    node_venv_lib_python3_12_site-packages_PyQt6 --> node_venv_lib_python3_12_site-packages_PyQt6_Qt6["Qt6"]\n    node_venv_lib_python3_12_site-packages_PyQt6_Qt6 --> node_venv_lib_python3_12_site-packages_PyQt6_Qt6_qml["qml"]\n    node_venv_lib_python3_12_site-packages_PyQt6_Qt6_qml --> node_venv_lib_python3_12_site-packages_PyQt6_Qt6_qml_QtQuick3D["QtQuick3D"]\n    node_venv_lib_python3_12_site-packages_PyQt6_Qt6_qml_QtQuick3D --> node_venv_lib_python3_12_site-packages_PyQt6_Qt6_qml_QtQuick3D_Helpers["Helpers"]\n    node_venv_lib_python3_12_site-packages_PyQt6_Qt6_qml_QtQuick3D_Helpers --> node_venv_lib_python3_12_site-packages_PyQt6_Qt6_qml_QtQuick3D_Helpers_designer["designer"]\n    node_venv_lib_python3_12_site-packages_PyQt6_Qt6_qml_QtQuick3D_Helpers_designer --> node_venv_lib_python3_12_site-packages_PyQt6_Qt6_qml_QtQuick3D_Helpers_designer_images["images"]\n    node_venv_lib_python3_12_site-packages_PyQt6_Qt6_qml_QtQuick3D_Helpers_designer_images --> node_venv_lib_python3_12_site-packages_PyQt6_Qt6_qml_QtQuick3D_Helpers_designer_images_instancemodel@2x_png["instancemodel@2x.png"]\n    Root --> node_venv["venv"]\n    node_venv --> node_venv_lib["lib"]\n    node_venv_lib --> node_venv_lib_python3_12["python3.12"]\n    node_venv_lib_python3_12 --> node_venv_lib_python3_12_site-packages["site-packages"]\n    node_venv_lib_python3_12_site-packages --> node_venv_lib_python3_12_site-packages_PyQt6["PyQt6"]\n    node_venv_lib_python3_12_site-packages_PyQt6 --> node_venv_lib_python3_12_site-packages_PyQt6_Qt6["Qt6"]\n    node_venv_lib_python3_12_site-packages_PyQt6_Qt6 --> node_venv_lib_python3_12_site-packages_PyQt6_Qt6_qml["qml"]\n    node_venv_lib_python3_12_site-packages_PyQt6_Qt6_qml --> node_venv_lib_python3_12_site-packages_PyQt6_Qt6_qml_QtQuick3D["QtQuick3D"]\n    node_venv_lib_python3_12_site-packages_PyQt6_Qt6_qml_QtQuick3D --> node_venv_lib_python3_12_site-packages_PyQt6_Qt6_qml_QtQuick3D_Helpers["Helpers"]\n    node_venv_lib_python3_12_site-packages_PyQt6_Qt6_qml_QtQuick3D_Helpers --> node_venv_lib_python3_12_site-packages_PyQt6_Qt6_qml_QtQuick3D_Helpers_designer["designer"]\n    node_venv_lib_python3_12_site-packages_PyQt6_Qt6_qml_QtQuick3D_Helpers_designer --> node_venv_lib_python3_12_site-packages_PyQt6_Qt6_qml_QtQuick3D_Helpers_designer_images["images"]\n    node_venv_lib_python3_12_site-packages_PyQt6_Qt6_qml_QtQuick3D_Helpers_designer_images --> node_venv_lib_python3_12_site-packages_PyQt6_Qt6_qml_QtQuick3D_Helpers_designer_images_instancerepeater_png["instancerepeater.png"]\n    Root --> node_venv["venv"]\n    node_venv --> node_venv_lib["lib"]\n    node_venv_lib --> node_venv_lib_python3_12["python3.12"]\n    node_venv_lib_python3_12 --> node_venv_lib_python3_12_site-packages["site-packages"]\n    node_venv_lib_python3_12_site-packages --> node_venv_lib_python3_12_site-packages_PyQt6["PyQt6"]\n    node_venv_lib_python3_12_site-packages_PyQt6 --> node_venv_lib_python3_12_site-packages_PyQt6_Qt6["Qt6"]\n    node_venv_lib_python3_12_site-packages_PyQt6_Qt6 --> node_venv_lib_python3_12_site-packages_PyQt6_Qt6_qml["qml"]\n    node_venv_lib_python3_12_site-packages_PyQt6_Qt6_qml --> node_venv_lib_python3_12_site-packages_PyQt6_Qt6_qml_QtQuick3D["QtQuick3D"]\n    node_venv_lib_python3_12_site-packages_PyQt6_Qt6_qml_QtQuick3D --> node_venv_lib_python3_12_site-packages_PyQt6_Qt6_qml_QtQuick3D_Helpers["Helpers"]\n    node_venv_lib_python3_12_site-packages_PyQt6_Qt6_qml_QtQuick3D_Helpers --> node_venv_lib_python3_12_site-packages_PyQt6_Qt6_qml_QtQuick3D_Helpers_designer["designer"]\n    node_venv_lib_python3_12_site-packages_PyQt6_Qt6_qml_QtQuick3D_Helpers_designer --> node_venv_lib_python3_12_site-packages_PyQt6_Qt6_qml_QtQuick3D_Helpers_designer_images["images"]\n    node_venv_lib_python3_12_site-packages_PyQt6_Qt6_qml_QtQuick3D_Helpers_designer_images --> node_venv_lib_python3_12_site-packages_PyQt6_Qt6_qml_QtQuick3D_Helpers_designer_images_instancerepeater16_png["instancerepeater16.png"]\n    Root --> node_venv["venv"]\n    node_venv --> node_venv_lib["lib"]\n    node_venv_lib --> node_venv_lib_python3_12["python3.12"]\n    node_venv_lib_python3_12 --> node_venv_lib_python3_12_site-packages["site-packages"]\n    node_venv_lib_python3_12_site-packages --> node_venv_lib_python3_12_site-packages_PyQt6["PyQt6"]\n    node_venv_lib_python3_12_site-packages_PyQt6 --> node_venv_lib_python3_12_site-packages_PyQt6_Qt6["Qt6"]\n    node_venv_lib_python3_12_site-packages_PyQt6_Qt6 --> node_venv_lib_python3_12_site-packages_PyQt6_Qt6_qml["qml"]\n    node_venv_lib_python3_12_site-packages_PyQt6_Qt6_qml --> node_venv_lib_python3_12_site-packages_PyQt6_Qt6_qml_QtQuick3D["QtQuick3D"]\n    node_venv_lib_python3_12_site-packages_PyQt6_Qt6_qml_QtQuick3D --> node_venv_lib_python3_12_site-packages_PyQt6_Qt6_qml_QtQuick3D_Helpers["Helpers"]\n    node_venv_lib_python3_12_site-packages_PyQt6_Qt6_qml_QtQuick3D_Helpers --> node_venv_lib_python3_12_site-packages_PyQt6_Qt6_qml_QtQuick3D_Helpers_designer["designer"]\n    node_venv_lib_python3_12_site-packages_PyQt6_Qt6_qml_QtQuick3D_Helpers_designer --> node_venv_lib_python3_12_site-packages_PyQt6_Qt6_qml_QtQuick3D_Helpers_designer_images["images"]\n    node_venv_lib_python3_12_site-packages_PyQt6_Qt6_qml_QtQuick3D_Helpers_designer_images --> node_venv_lib_python3_12_site-packages_PyQt6_Qt6_qml_QtQuick3D_Helpers_designer_images_instancerepeater@2x_png["instancerepeater@2x.png"]\n    Root --> node_venv["venv"]\n    node_venv --> node_venv_lib["lib"]\n    node_venv_lib --> node_venv_lib_python3_12["python3.12"]\n    node_venv_lib_python3_12 --> node_venv_lib_python3_12_site-packages["site-packages"]\n    node_venv_lib_python3_12_site-packages --> node_venv_lib_python3_12_site-packages_PyQt6["PyQt6"]\n    node_venv_lib_python3_12_site-packages_PyQt6 --> node_venv_lib_python3_12_site-packages_PyQt6_Qt6["Qt6"]\n    node_venv_lib_python3_12_site-packages_PyQt6_Qt6 --> node_venv_lib_python3_12_site-packages_PyQt6_Qt6_qml["qml"]\n    node_venv_lib_python3_12_site-packages_PyQt6_Qt6_qml --> node_venv_lib_python3_12_site-packages_PyQt6_Qt6_qml_QtQuick3D["QtQuick3D"]\n    node_venv_lib_python3_12_site-packages_PyQt6_Qt6_qml_QtQuick3D --> node_venv_lib_python3_12_site-packages_PyQt6_Qt6_qml_QtQuick3D_Helpers["Helpers"]\n    node_venv_lib_python3_12_site-packages_PyQt6_Qt6_qml_QtQuick3D_Helpers --> node_venv_lib_python3_12_site-packages_PyQt6_Qt6_qml_QtQuick3D_Helpers_designer["designer"]\n    node_venv_lib_python3_12_site-packages_PyQt6_Qt6_qml_QtQuick3D_Helpers_designer --> node_venv_lib_python3_12_site-packages_PyQt6_Qt6_qml_QtQuick3D_Helpers_designer_images["images"]\n    node_venv_lib_python3_12_site-packages_PyQt6_Qt6_qml_QtQuick3D_Helpers_designer_images --> node_venv_lib_python3_12_site-packages_PyQt6_Qt6_qml_QtQuick3D_Helpers_designer_images_lodmanager_png["lodmanager.png"]\n    Root --> node_venv["venv"]\n    node_venv --> node_venv_lib["lib"]\n    node_venv_lib --> node_venv_lib_python3_12["python3.12"]\n    node_venv_lib_python3_12 --> node_venv_lib_python3_12_site-packages["site-packages"]\n    node_venv_lib_python3_12_site-packages --> node_venv_lib_python3_12_site-packages_PyQt6["PyQt6"]\n    node_venv_lib_python3_12_site-packages_PyQt6 --> node_venv_lib_python3_12_site-packages_PyQt6_Qt6["Qt6"]\n    node_venv_lib_python3_12_site-packages_PyQt6_Qt6 --> node_venv_lib_python3_12_site-packages_PyQt6_Qt6_qml["qml"]\n    node_venv_lib_python3_12_site-packages_PyQt6_Qt6_qml --> node_venv_lib_python3_12_site-packages_PyQt6_Qt6_qml_QtQuick3D["QtQuick3D"]\n    node_venv_lib_python3_12_site-packages_PyQt6_Qt6_qml_QtQuick3D --> node_venv_lib_python3_12_site-packages_PyQt6_Qt6_qml_QtQuick3D_Helpers["Helpers"]\n    node_venv_lib_python3_12_site-packages_PyQt6_Qt6_qml_QtQuick3D_Helpers --> node_venv_lib_python3_12_site-packages_PyQt6_Qt6_qml_QtQuick3D_Helpers_designer["designer"]\n    node_venv_lib_python3_12_site-packages_PyQt6_Qt6_qml_QtQuick3D_Helpers_designer --> node_venv_lib_python3_12_site-packages_PyQt6_Qt6_qml_QtQuick3D_Helpers_designer_images["images"]\n    node_venv_lib_python3_12_site-packages_PyQt6_Qt6_qml_QtQuick3D_Helpers_designer_images --> node_venv_lib_python3_12_site-packages_PyQt6_Qt6_qml_QtQuick3D_Helpers_designer_images_lodmanager16_png["lodmanager16.png"]\n    Root --> node_venv["venv"]\n    node_venv --> node_venv_lib["lib"]\n    node_venv_lib --> node_venv_lib_python3_12["python3.12"]\n    node_venv_lib_python3_12 --> node_venv_lib_python3_12_site-packages["site-packages"]\n    node_venv_lib_python3_12_site-packages --> node_venv_lib_python3_12_site-packages_PyQt6["PyQt6"]\n    node_venv_lib_python3_12_site-packages_PyQt6 --> node_venv_lib_python3_12_site-packages_PyQt6_Qt6["Qt6"]\n    node_venv_lib_python3_12_site-packages_PyQt6_Qt6 --> node_venv_lib_python3_12_site-packages_PyQt6_Qt6_qml["qml"]\n    node_venv_lib_python3_12_site-packages_PyQt6_Qt6_qml --> node_venv_lib_python3_12_site-packages_PyQt6_Qt6_qml_QtQuick3D["QtQuick3D"]\n    node_venv_lib_python3_12_site-packages_PyQt6_Qt6_qml_QtQuick3D --> node_venv_lib_python3_12_site-packages_PyQt6_Qt6_qml_QtQuick3D_Helpers["Helpers"]\n    node_venv_lib_python3_12_site-packages_PyQt6_Qt6_qml_QtQuick3D_Helpers --> node_venv_lib_python3_12_site-packages_PyQt6_Qt6_qml_QtQuick3D_Helpers_designer["designer"]\n    node_venv_lib_python3_12_site-packages_PyQt6_Qt6_qml_QtQuick3D_Helpers_designer --> node_venv_lib_python3_12_site-packages_PyQt6_Qt6_qml_QtQuick3D_Helpers_designer_images["images"]\n    node_venv_lib_python3_12_site-packages_PyQt6_Qt6_qml_QtQuick3D_Helpers_designer_images --> node_venv_lib_python3_12_site-packages_PyQt6_Qt6_qml_QtQuick3D_Helpers_designer_images_lodmanager@2x_png["lodmanager@2x.png"]\n    Root --> node_venv["venv"]\n    node_venv --> node_venv_lib["lib"]\n    node_venv_lib --> node_venv_lib_python3_12["python3.12"]\n    node_venv_lib_python3_12 --> node_venv_lib_python3_12_site-packages["site-packages"]\n    node_venv_lib_python3_12_site-packages --> node_venv_lib_python3_12_site-packages_PyQt6["PyQt6"]\n    node_venv_lib_python3_12_site-packages_PyQt6 --> node_venv_lib_python3_12_site-packages_PyQt6_Qt6["Qt6"]\n    node_venv_lib_python3_12_site-packages_PyQt6_Qt6 --> node_venv_lib_python3_12_site-packages_PyQt6_Qt6_qml["qml"]\n    node_venv_lib_python3_12_site-packages_PyQt6_Qt6_qml --> node_venv_lib_python3_12_site-packages_PyQt6_Qt6_qml_QtQuick3D["QtQuick3D"]\n    node_venv_lib_python3_12_site-packages_PyQt6_Qt6_qml_QtQuick3D --> node_venv_lib_python3_12_site-packages_PyQt6_Qt6_qml_QtQuick3D_Helpers["Helpers"]\n    node_venv_lib_python3_12_site-packages_PyQt6_Qt6_qml_QtQuick3D_Helpers --> node_venv_lib_python3_12_site-packages_PyQt6_Qt6_qml_QtQuick3D_Helpers_designer["designer"]\n    node_venv_lib_python3_12_site-packages_PyQt6_Qt6_qml_QtQuick3D_Helpers_designer --> node_venv_lib_python3_12_site-packages_PyQt6_Qt6_qml_QtQuick3D_Helpers_designer_images["images"]\n    node_venv_lib_python3_12_site-packages_PyQt6_Qt6_qml_QtQuick3D_Helpers_designer_images --> node_venv_lib_python3_12_site-packages_PyQt6_Qt6_qml_QtQuick3D_Helpers_designer_images_lookatnode_png["lookatnode.png"]\n    Root --> node_venv["venv"]\n    node_venv --> node_venv_lib["lib"]\n    node_venv_lib --> node_venv_lib_python3_12["python3.12"]\n    node_venv_lib_python3_12 --> node_venv_lib_python3_12_site-packages["site-packages"]\n    node_venv_lib_python3_12_site-packages --> node_venv_lib_python3_12_site-packages_PyQt6["PyQt6"]\n    node_venv_lib_python3_12_site-packages_PyQt6 --> node_venv_lib_python3_12_site-packages_PyQt6_Qt6["Qt6"]\n    node_venv_lib_python3_12_site-packages_PyQt6_Qt6 --> node_venv_lib_python3_12_site-packages_PyQt6_Qt6_qml["qml"]\n    node_venv_lib_python3_12_site-packages_PyQt6_Qt6_qml --> node_venv_lib_python3_12_site-packages_PyQt6_Qt6_qml_QtQuick3D["QtQuick3D"]\n    node_venv_lib_python3_12_site-packages_PyQt6_Qt6_qml_QtQuick3D --> node_venv_lib_python3_12_site-packages_PyQt6_Qt6_qml_QtQuick3D_Helpers["Helpers"]\n    node_venv_lib_python3_12_site-packages_PyQt6_Qt6_qml_QtQuick3D_Helpers --> node_venv_lib_python3_12_site-packages_PyQt6_Qt6_qml_QtQuick3D_Helpers_designer["designer"]\n    node_venv_lib_python3_12_site-packages_PyQt6_Qt6_qml_QtQuick3D_Helpers_designer --> node_venv_lib_python3_12_site-packages_PyQt6_Qt6_qml_QtQuick3D_Helpers_designer_images["images"]\n    node_venv_lib_python3_12_site-packages_PyQt6_Qt6_qml_QtQuick3D_Helpers_designer_images --> node_venv_lib_python3_12_site-packages_PyQt6_Qt6_qml_QtQuick3D_Helpers_designer_images_lookatnode16_png["lookatnode16.png"]\n    Root --> node_venv["venv"]\n    node_venv --> node_venv_lib["lib"]\n    node_venv_lib --> node_venv_lib_python3_12["python3.12"]\n    node_venv_lib_python3_12 --> node_venv_lib_python3_12_site-packages["site-packages"]\n    node_venv_lib_python3_12_site-packages --> node_venv_lib_python3_12_site-packages_PyQt6["PyQt6"]\n    node_venv_lib_python3_12_site-packages_PyQt6 --> node_venv_lib_python3_12_site-packages_PyQt6_Qt6["Qt6"]\n    node_venv_lib_python3_12_site-packages_PyQt6_Qt6 --> node_venv_lib_python3_12_site-packages_PyQt6_Qt6_qml["qml"]\n    node_venv_lib_python3_12_site-packages_PyQt6_Qt6_qml --> node_venv_lib_python3_12_site-packages_PyQt6_Qt6_qml_QtQuick3D["QtQuick3D"]\n    node_venv_lib_python3_12_site-packages_PyQt6_Qt6_qml_QtQuick3D --> node_venv_lib_python3_12_site-packages_PyQt6_Qt6_qml_QtQuick3D_Helpers["Helpers"]\n    node_venv_lib_python3_12_site-packages_PyQt6_Qt6_qml_QtQuick3D_Helpers --> node_venv_lib_python3_12_site-packages_PyQt6_Qt6_qml_QtQuick3D_Helpers_designer["designer"]\n    node_venv_lib_python3_12_site-packages_PyQt6_Qt6_qml_QtQuick3D_Helpers_designer --> node_venv_lib_python3_12_site-packages_PyQt6_Qt6_qml_QtQuick3D_Helpers_designer_images["images"]\n    node_venv_lib_python3_12_site-packages_PyQt6_Qt6_qml_QtQuick3D_Helpers_designer_images --> node_venv_lib_python3_12_site-packages_PyQt6_Qt6_qml_QtQuick3D_Helpers_designer_images_lookatnode@2x_png["lookatnode@2x.png"]\n    Root --> node_venv["venv"]\n    node_venv --> node_venv_lib["lib"]\n    node_venv_lib --> node_venv_lib_python3_12["python3.12"]\n    node_venv_lib_python3_12 --> node_venv_lib_python3_12_site-packages["site-packages"]\n    node_venv_lib_python3_12_site-packages --> node_venv_lib_python3_12_site-packages_PyQt6["PyQt6"]\n    node_venv_lib_python3_12_site-packages_PyQt6 --> node_venv_lib_python3_12_site-packages_PyQt6_Qt6["Qt6"]\n    node_venv_lib_python3_12_site-packages_PyQt6_Qt6 --> node_venv_lib_python3_12_site-packages_PyQt6_Qt6_qml["qml"]\n    node_venv_lib_python3_12_site-packages_PyQt6_Qt6_qml --> node_venv_lib_python3_12_site-packages_PyQt6_Qt6_qml_QtQuick3D["QtQuick3D"]\n    node_venv_lib_python3_12_site-packages_PyQt6_Qt6_qml_QtQuick3D --> node_venv_lib_python3_12_site-packages_PyQt6_Qt6_qml_QtQuick3D_Helpers["Helpers"]\n    node_venv_lib_python3_12_site-packages_PyQt6_Qt6_qml_QtQuick3D_Helpers --> node_venv_lib_python3_12_site-packages_PyQt6_Qt6_qml_QtQuick3D_Helpers_designer["designer"]\n    node_venv_lib_python3_12_site-packages_PyQt6_Qt6_qml_QtQuick3D_Helpers_designer --> node_venv_lib_python3_12_site-packages_PyQt6_Qt6_qml_QtQuick3D_Helpers_designer_images["images"]\n    node_venv_lib_python3_12_site-packages_PyQt6_Qt6_qml_QtQuick3D_Helpers_designer_images --> node_venv_lib_python3_12_site-packages_PyQt6_Qt6_qml_QtQuick3D_Helpers_designer_images_orbitcameracontroller_png["orbitcameracontroller.png"]\n    Root --> node_venv["venv"]\n    node_venv --> node_venv_lib["lib"]\n    node_venv_lib --> node_venv_lib_python3_12["python3.12"]\n    node_venv_lib_python3_12 --> node_venv_lib_python3_12_site-packages["site-packages"]\n    node_venv_lib_python3_12_site-packages --> node_venv_lib_python3_12_site-packages_PyQt6["PyQt6"]\n    node_venv_lib_python3_12_site-packages_PyQt6 --> node_venv_lib_python3_12_site-packages_PyQt6_Qt6["Qt6"]\n    node_venv_lib_python3_12_site-packages_PyQt6_Qt6 --> node_venv_lib_python3_12_site-packages_PyQt6_Qt6_qml["qml"]\n    node_venv_lib_python3_12_site-packages_PyQt6_Qt6_qml --> node_venv_lib_python3_12_site-packages_PyQt6_Qt6_qml_QtQuick3D["QtQuick3D"]\n    node_venv_lib_python3_12_site-packages_PyQt6_Qt6_qml_QtQuick3D --> node_venv_lib_python3_12_site-packages_PyQt6_Qt6_qml_QtQuick3D_Helpers["Helpers"]\n    node_venv_lib_python3_12_site-packages_PyQt6_Qt6_qml_QtQuick3D_Helpers --> node_venv_lib_python3_12_site-packages_PyQt6_Qt6_qml_QtQuick3D_Helpers_designer["designer"]\n    node_venv_lib_python3_12_site-packages_PyQt6_Qt6_qml_QtQuick3D_Helpers_designer --> node_venv_lib_python3_12_site-packages_PyQt6_Qt6_qml_QtQuick3D_Helpers_designer_images["images"]\n    node_venv_lib_python3_12_site-packages_PyQt6_Qt6_qml_QtQuick3D_Helpers_designer_images --> node_venv_lib_python3_12_site-packages_PyQt6_Qt6_qml_QtQuick3D_Helpers_designer_images_orbitcameracontroller16_png["orbitcameracontroller16.png"]\n    Root --> node_venv["venv"]\n    node_venv --> node_venv_lib["lib"]\n    node_venv_lib --> node_venv_lib_python3_12["python3.12"]\n    node_venv_lib_python3_12 --> node_venv_lib_python3_12_site-packages["site-packages"]\n    node_venv_lib_python3_12_site-packages --> node_venv_lib_python3_12_site-packages_PyQt6["PyQt6"]\n    node_venv_lib_python3_12_site-packages_PyQt6 --> node_venv_lib_python3_12_site-packages_PyQt6_Qt6["Qt6"]\n    node_venv_lib_python3_12_site-packages_PyQt6_Qt6 --> node_venv_lib_python3_12_site-packages_PyQt6_Qt6_qml["qml"]\n    node_venv_lib_python3_12_site-packages_PyQt6_Qt6_qml --> node_venv_lib_python3_12_site-packages_PyQt6_Qt6_qml_QtQuick3D["QtQuick3D"]\n    node_venv_lib_python3_12_site-packages_PyQt6_Qt6_qml_QtQuick3D --> node_venv_lib_python3_12_site-packages_PyQt6_Qt6_qml_QtQuick3D_Helpers["Helpers"]\n    node_venv_lib_python3_12_site-packages_PyQt6_Qt6_qml_QtQuick3D_Helpers --> node_venv_lib_python3_12_site-packages_PyQt6_Qt6_qml_QtQuick3D_Helpers_designer["designer"]\n    node_venv_lib_python3_12_site-packages_PyQt6_Qt6_qml_QtQuick3D_Helpers_designer --> node_venv_lib_python3_12_site-packages_PyQt6_Qt6_qml_QtQuick3D_Helpers_designer_images["images"]\n    node_venv_lib_python3_12_site-packages_PyQt6_Qt6_qml_QtQuick3D_Helpers_designer_images --> node_venv_lib_python3_12_site-packages_PyQt6_Qt6_qml_QtQuick3D_Helpers_designer_images_orbitcameracontroller@2x_png["orbitcameracontroller@2x.png"]\n    Root --> node_venv["venv"]\n    node_venv --> node_venv_lib["lib"]\n    node_venv_lib --> node_venv_lib_python3_12["python3.12"]\n    node_venv_lib_python3_12 --> node_venv_lib_python3_12_site-packages["site-packages"]\n    node_venv_lib_python3_12_site-packages --> node_venv_lib_python3_12_site-packages_PyQt6["PyQt6"]\n    node_venv_lib_python3_12_site-packages_PyQt6 --> node_venv_lib_python3_12_site-packages_PyQt6_Qt6["Qt6"]\n    node_venv_lib_python3_12_site-packages_PyQt6_Qt6 --> node_venv_lib_python3_12_site-packages_PyQt6_Qt6_qml["qml"]\n    node_venv_lib_python3_12_site-packages_PyQt6_Qt6_qml --> node_venv_lib_python3_12_site-packages_PyQt6_Qt6_qml_QtQuick3D["QtQuick3D"]\n    node_venv_lib_python3_12_site-packages_PyQt6_Qt6_qml_QtQuick3D --> node_venv_lib_python3_12_site-packages_PyQt6_Qt6_qml_QtQuick3D_Helpers["Helpers"]\n    node_venv_lib_python3_12_site-packages_PyQt6_Qt6_qml_QtQuick3D_Helpers --> node_venv_lib_python3_12_site-packages_PyQt6_Qt6_qml_QtQuick3D_Helpers_designer["designer"]\n    node_venv_lib_python3_12_site-packages_PyQt6_Qt6_qml_QtQuick3D_Helpers_designer --> node_venv_lib_python3_12_site-packages_PyQt6_Qt6_qml_QtQuick3D_Helpers_designer_images["images"]\n    node_venv_lib_python3_12_site-packages_PyQt6_Qt6_qml_QtQuick3D_Helpers_designer_images --> node_venv_lib_python3_12_site-packages_PyQt6_Qt6_qml_QtQuick3D_Helpers_designer_images_proceduralskytexturedata_png["proceduralskytexturedata.png"]\n    Root --> node_venv["venv"]\n    node_venv --> node_venv_lib["lib"]\n    node_venv_lib --> node_venv_lib_python3_12["python3.12"]\n    node_venv_lib_python3_12 --> node_venv_lib_python3_12_site-packages["site-packages"]\n    node_venv_lib_python3_12_site-packages --> node_venv_lib_python3_12_site-packages_PyQt6["PyQt6"]\n    node_venv_lib_python3_12_site-packages_PyQt6 --> node_venv_lib_python3_12_site-packages_PyQt6_Qt6["Qt6"]\n    node_venv_lib_python3_12_site-packages_PyQt6_Qt6 --> node_venv_lib_python3_12_site-packages_PyQt6_Qt6_qml["qml"]\n    node_venv_lib_python3_12_site-packages_PyQt6_Qt6_qml --> node_venv_lib_python3_12_site-packages_PyQt6_Qt6_qml_QtQuick3D["QtQuick3D"]\n    node_venv_lib_python3_12_site-packages_PyQt6_Qt6_qml_QtQuick3D --> node_venv_lib_python3_12_site-packages_PyQt6_Qt6_qml_QtQuick3D_Helpers["Helpers"]\n    node_venv_lib_python3_12_site-packages_PyQt6_Qt6_qml_QtQuick3D_Helpers --> node_venv_lib_python3_12_site-packages_PyQt6_Qt6_qml_QtQuick3D_Helpers_designer["designer"]\n    node_venv_lib_python3_12_site-packages_PyQt6_Qt6_qml_QtQuick3D_Helpers_designer --> node_venv_lib_python3_12_site-packages_PyQt6_Qt6_qml_QtQuick3D_Helpers_designer_images["images"]\n    node_venv_lib_python3_12_site-packages_PyQt6_Qt6_qml_QtQuick3D_Helpers_designer_images --> node_venv_lib_python3_12_site-packages_PyQt6_Qt6_qml_QtQuick3D_Helpers_designer_images_proceduralskytexturedata16_png["proceduralskytexturedata16.png"]\n    Root --> node_venv["venv"]\n    node_venv --> node_venv_lib["lib"]\n    node_venv_lib --> node_venv_lib_python3_12["python3.12"]\n    node_venv_lib_python3_12 --> node_venv_lib_python3_12_site-packages["site-packages"]\n    node_venv_lib_python3_12_site-packages --> node_venv_lib_python3_12_site-packages_PyQt6["PyQt6"]\n    node_venv_lib_python3_12_site-packages_PyQt6 --> node_venv_lib_python3_12_site-packages_PyQt6_Qt6["Qt6"]\n    node_venv_lib_python3_12_site-packages_PyQt6_Qt6 --> node_venv_lib_python3_12_site-packages_PyQt6_Qt6_qml["qml"]\n    node_venv_lib_python3_12_site-packages_PyQt6_Qt6_qml --> node_venv_lib_python3_12_site-packages_PyQt6_Qt6_qml_QtQuick3D["QtQuick3D"]\n    node_venv_lib_python3_12_site-packages_PyQt6_Qt6_qml_QtQuick3D --> node_venv_lib_python3_12_site-packages_PyQt6_Qt6_qml_QtQuick3D_Helpers["Helpers"]\n    node_venv_lib_python3_12_site-packages_PyQt6_Qt6_qml_QtQuick3D_Helpers --> node_venv_lib_python3_12_site-packages_PyQt6_Qt6_qml_QtQuick3D_Helpers_designer["designer"]\n    node_venv_lib_python3_12_site-packages_PyQt6_Qt6_qml_QtQuick3D_Helpers_designer --> node_venv_lib_python3_12_site-packages_PyQt6_Qt6_qml_QtQuick3D_Helpers_designer_images["images"]\n    node_venv_lib_python3_12_site-packages_PyQt6_Qt6_qml_QtQuick3D_Helpers_designer_images --> node_venv_lib_python3_12_site-packages_PyQt6_Qt6_qml_QtQuick3D_Helpers_designer_images_proceduralskytexturedata@2x_png["proceduralskytexturedata@2x.png"]\n    Root --> node_venv["venv"]\n    node_venv --> node_venv_lib["lib"]\n    node_venv_lib --> node_venv_lib_python3_12["python3.12"]\n    node_venv_lib_python3_12 --> node_venv_lib_python3_12_site-packages["site-packages"]\n    node_venv_lib_python3_12_site-packages --> node_venv_lib_python3_12_site-packages_PyQt6["PyQt6"]\n    node_venv_lib_python3_12_site-packages_PyQt6 --> node_venv_lib_python3_12_site-packages_PyQt6_Qt6["Qt6"]\n    node_venv_lib_python3_12_site-packages_PyQt6_Qt6 --> node_venv_lib_python3_12_site-packages_PyQt6_Qt6_qml["qml"]\n    node_venv_lib_python3_12_site-packages_PyQt6_Qt6_qml --> node_venv_lib_python3_12_site-packages_PyQt6_Qt6_qml_QtQuick3D["QtQuick3D"]\n    node_venv_lib_python3_12_site-packages_PyQt6_Qt6_qml_QtQuick3D --> node_venv_lib_python3_12_site-packages_PyQt6_Qt6_qml_QtQuick3D_Helpers["Helpers"]\n    node_venv_lib_python3_12_site-packages_PyQt6_Qt6_qml_QtQuick3D_Helpers --> node_venv_lib_python3_12_site-packages_PyQt6_Qt6_qml_QtQuick3D_Helpers_designer["designer"]\n    node_venv_lib_python3_12_site-packages_PyQt6_Qt6_qml_QtQuick3D_Helpers_designer --> node_venv_lib_python3_12_site-packages_PyQt6_Qt6_qml_QtQuick3D_Helpers_designer_images["images"]\n    node_venv_lib_python3_12_site-packages_PyQt6_Qt6_qml_QtQuick3D_Helpers_designer_images --> node_venv_lib_python3_12_site-packages_PyQt6_Qt6_qml_QtQuick3D_Helpers_designer_images_wasdcontroller_png["wasdcontroller.png"]\n    Root --> node_venv["venv"]\n    node_venv --> node_venv_lib["lib"]\n    node_venv_lib --> node_venv_lib_python3_12["python3.12"]\n    node_venv_lib_python3_12 --> node_venv_lib_python3_12_site-packages["site-packages"]\n    node_venv_lib_python3_12_site-packages --> node_venv_lib_python3_12_site-packages_PyQt6["PyQt6"]\n    node_venv_lib_python3_12_site-packages_PyQt6 --> node_venv_lib_python3_12_site-packages_PyQt6_Qt6["Qt6"]\n    node_venv_lib_python3_12_site-packages_PyQt6_Qt6 --> node_venv_lib_python3_12_site-packages_PyQt6_Qt6_qml["qml"]\n    node_venv_lib_python3_12_site-packages_PyQt6_Qt6_qml --> node_venv_lib_python3_12_site-packages_PyQt6_Qt6_qml_QtQuick3D["QtQuick3D"]\n    node_venv_lib_python3_12_site-packages_PyQt6_Qt6_qml_QtQuick3D --> node_venv_lib_python3_12_site-packages_PyQt6_Qt6_qml_QtQuick3D_Helpers["Helpers"]\n    node_venv_lib_python3_12_site-packages_PyQt6_Qt6_qml_QtQuick3D_Helpers --> node_venv_lib_python3_12_site-packages_PyQt6_Qt6_qml_QtQuick3D_Helpers_designer["designer"]\n    node_venv_lib_python3_12_site-packages_PyQt6_Qt6_qml_QtQuick3D_Helpers_designer --> node_venv_lib_python3_12_site-packages_PyQt6_Qt6_qml_QtQuick3D_Helpers_designer_images["images"]\n    node_venv_lib_python3_12_site-packages_PyQt6_Qt6_qml_QtQuick3D_Helpers_designer_images --> node_venv_lib_python3_12_site-packages_PyQt6_Qt6_qml_QtQuick3D_Helpers_designer_images_wasdcontroller16_png["wasdcontroller16.png"]\n    Root --> node_venv["venv"]\n    node_venv --> node_venv_lib["lib"]\n    node_venv_lib --> node_venv_lib_python3_12["python3.12"]\n    node_venv_lib_python3_12 --> node_venv_lib_python3_12_site-packages["site-packages"]\n    node_venv_lib_python3_12_site-packages --> node_venv_lib_python3_12_site-packages_PyQt6["PyQt6"]\n    node_venv_lib_python3_12_site-packages_PyQt6 --> node_venv_lib_python3_12_site-packages_PyQt6_Qt6["Qt6"]\n    node_venv_lib_python3_12_site-packages_PyQt6_Qt6 --> node_venv_lib_python3_12_site-packages_PyQt6_Qt6_qml["qml"]\n    node_venv_lib_python3_12_site-packages_PyQt6_Qt6_qml --> node_venv_lib_python3_12_site-packages_PyQt6_Qt6_qml_QtQuick3D["QtQuick3D"]\n    node_venv_lib_python3_12_site-packages_PyQt6_Qt6_qml_QtQuick3D --> node_venv_lib_python3_12_site-packages_PyQt6_Qt6_qml_QtQuick3D_Helpers["Helpers"]\n    node_venv_lib_python3_12_site-packages_PyQt6_Qt6_qml_QtQuick3D_Helpers --> node_venv_lib_python3_12_site-packages_PyQt6_Qt6_qml_QtQuick3D_Helpers_designer["designer"]\n    node_venv_lib_python3_12_site-packages_PyQt6_Qt6_qml_QtQuick3D_Helpers_designer --> node_venv_lib_python3_12_site-packages_PyQt6_Qt6_qml_QtQuick3D_Helpers_designer_images["images"]\n    node_venv_lib_python3_12_site-packages_PyQt6_Qt6_qml_QtQuick3D_Helpers_designer_images --> node_venv_lib_python3_12_site-packages_PyQt6_Qt6_qml_QtQuick3D_Helpers_designer_images_wasdcontroller@2x_png["wasdcontroller@2x.png"]\n    Root --> node_venv["venv"]\n    node_venv --> node_venv_lib["lib"]\n    node_venv_lib --> node_venv_lib_python3_12["python3.12"]\n    node_venv_lib_python3_12 --> node_venv_lib_python3_12_site-packages["site-packages"]\n    node_venv_lib_python3_12_site-packages --> node_venv_lib_python3_12_site-packages_PyQt6["PyQt6"]\n    node_venv_lib_python3_12_site-packages_PyQt6 --> node_venv_lib_python3_12_site-packages_PyQt6_Qt6["Qt6"]\n    node_venv_lib_python3_12_site-packages_PyQt6_Qt6 --> node_venv_lib_python3_12_site-packages_PyQt6_Qt6_qml["qml"]\n    node_venv_lib_python3_12_site-packages_PyQt6_Qt6_qml --> node_venv_lib_python3_12_site-packages_PyQt6_Qt6_qml_QtRemoteObjects["QtRemoteObjects"]\n    node_venv_lib_python3_12_site-packages_PyQt6_Qt6_qml_QtRemoteObjects --> node_venv_lib_python3_12_site-packages_PyQt6_Qt6_qml_QtRemoteObjects_libdeclarative_remoteobjectsplugin_dylib["libdeclarative_remoteobjectsplugin.dylib"]\n    Root --> node_venv["venv"]\n    node_venv --> node_venv_lib["lib"]\n    node_venv_lib --> node_venv_lib_python3_12["python3.12"]\n    node_venv_lib_python3_12 --> node_venv_lib_python3_12_site-packages["site-packages"]\n    node_venv_lib_python3_12_site-packages --> node_venv_lib_python3_12_site-packages_PyQt6["PyQt6"]\n    node_venv_lib_python3_12_site-packages_PyQt6 --> node_venv_lib_python3_12_site-packages_PyQt6_Qt6["Qt6"]\n    node_venv_lib_python3_12_site-packages_PyQt6_Qt6 --> node_venv_lib_python3_12_site-packages_PyQt6_Qt6_qml["qml"]\n    node_venv_lib_python3_12_site-packages_PyQt6_Qt6_qml --> node_venv_lib_python3_12_site-packages_PyQt6_Qt6_qml_QtRemoteObjects["QtRemoteObjects"]\n    node_venv_lib_python3_12_site-packages_PyQt6_Qt6_qml_QtRemoteObjects --> node_venv_lib_python3_12_site-packages_PyQt6_Qt6_qml_QtRemoteObjects_plugins_qmltypes["plugins.qmltypes"]\n    Root --> node_venv["venv"]\n    node_venv --> node_venv_lib["lib"]\n    node_venv_lib --> node_venv_lib_python3_12["python3.12"]\n    node_venv_lib_python3_12 --> node_venv_lib_python3_12_site-packages["site-packages"]\n    node_venv_lib_python3_12_site-packages --> node_venv_lib_python3_12_site-packages_PyQt6["PyQt6"]\n    node_venv_lib_python3_12_site-packages_PyQt6 --> node_venv_lib_python3_12_site-packages_PyQt6_Qt6["Qt6"]\n    node_venv_lib_python3_12_site-packages_PyQt6_Qt6 --> node_venv_lib_python3_12_site-packages_PyQt6_Qt6_qml["qml"]\n    node_venv_lib_python3_12_site-packages_PyQt6_Qt6_qml --> node_venv_lib_python3_12_site-packages_PyQt6_Qt6_qml_QtRemoteObjects["QtRemoteObjects"]\n    node_venv_lib_python3_12_site-packages_PyQt6_Qt6_qml_QtRemoteObjects --> node_venv_lib_python3_12_site-packages_PyQt6_Qt6_qml_QtRemoteObjects_qmldir["qmldir"]\n    Root --> node_venv["venv"]\n    node_venv --> node_venv_lib["lib"]\n    node_venv_lib --> node_venv_lib_python3_12["python3.12"]\n    node_venv_lib_python3_12 --> node_venv_lib_python3_12_site-packages["site-packages"]\n    node_venv_lib_python3_12_site-packages --> node_venv_lib_python3_12_site-packages_PyQt6["PyQt6"]\n    node_venv_lib_python3_12_site-packages_PyQt6 --> node_venv_lib_python3_12_site-packages_PyQt6_Qt6["Qt6"]\n    node_venv_lib_python3_12_site-packages_PyQt6_Qt6 --> node_venv_lib_python3_12_site-packages_PyQt6_Qt6_qml["qml"]\n    node_venv_lib_python3_12_site-packages_PyQt6_Qt6_qml --> node_venv_lib_python3_12_site-packages_PyQt6_Qt6_qml_QtSensors["QtSensors"]\n    node_venv_lib_python3_12_site-packages_PyQt6_Qt6_qml_QtSensors --> node_venv_lib_python3_12_site-packages_PyQt6_Qt6_qml_QtSensors_libsensorsquickplugin_dylib["libsensorsquickplugin.dylib"]\n    Root --> node_venv["venv"]\n    node_venv --> node_venv_lib["lib"]\n    node_venv_lib --> node_venv_lib_python3_12["python3.12"]\n    node_venv_lib_python3_12 --> node_venv_lib_python3_12_site-packages["site-packages"]\n    node_venv_lib_python3_12_site-packages --> node_venv_lib_python3_12_site-packages_PyQt6["PyQt6"]\n    node_venv_lib_python3_12_site-packages_PyQt6 --> node_venv_lib_python3_12_site-packages_PyQt6_Qt6["Qt6"]\n    node_venv_lib_python3_12_site-packages_PyQt6_Qt6 --> node_venv_lib_python3_12_site-packages_PyQt6_Qt6_qml["qml"]\n    node_venv_lib_python3_12_site-packages_PyQt6_Qt6_qml --> node_venv_lib_python3_12_site-packages_PyQt6_Qt6_qml_QtSensors["QtSensors"]\n    node_venv_lib_python3_12_site-packages_PyQt6_Qt6_qml_QtSensors --> node_venv_lib_python3_12_site-packages_PyQt6_Qt6_qml_QtSensors_plugins_qmltypes["plugins.qmltypes"]\n    Root --> node_venv["venv"]\n    node_venv --> node_venv_lib["lib"]\n    node_venv_lib --> node_venv_lib_python3_12["python3.12"]\n    node_venv_lib_python3_12 --> node_venv_lib_python3_12_site-packages["site-packages"]\n    node_venv_lib_python3_12_site-packages --> node_venv_lib_python3_12_site-packages_PyQt6["PyQt6"]\n    node_venv_lib_python3_12_site-packages_PyQt6 --> node_venv_lib_python3_12_site-packages_PyQt6_Qt6["Qt6"]\n    node_venv_lib_python3_12_site-packages_PyQt6_Qt6 --> node_venv_lib_python3_12_site-packages_PyQt6_Qt6_qml["qml"]\n    node_venv_lib_python3_12_site-packages_PyQt6_Qt6_qml --> node_venv_lib_python3_12_site-packages_PyQt6_Qt6_qml_QtSensors["QtSensors"]\n    node_venv_lib_python3_12_site-packages_PyQt6_Qt6_qml_QtSensors --> node_venv_lib_python3_12_site-packages_PyQt6_Qt6_qml_QtSensors_qmldir["qmldir"]\n    Root --> node_venv["venv"]\n    node_venv --> node_venv_lib["lib"]\n    node_venv_lib --> node_venv_lib_python3_12["python3.12"]\n    node_venv_lib_python3_12 --> node_venv_lib_python3_12_site-packages["site-packages"]\n    node_venv_lib_python3_12_site-packages --> node_venv_lib_python3_12_site-packages_PyQt6["PyQt6"]\n    node_venv_lib_python3_12_site-packages_PyQt6 --> node_venv_lib_python3_12_site-packages_PyQt6_Qt6["Qt6"]\n    node_venv_lib_python3_12_site-packages_PyQt6_Qt6 --> node_venv_lib_python3_12_site-packages_PyQt6_Qt6_qml["qml"]\n    node_venv_lib_python3_12_site-packages_PyQt6_Qt6_qml --> node_venv_lib_python3_12_site-packages_PyQt6_Qt6_qml_QtQuick["QtQuick"]\n    node_venv_lib_python3_12_site-packages_PyQt6_Qt6_qml_QtQuick --> node_venv_lib_python3_12_site-packages_PyQt6_Qt6_qml_QtQuick_libqtquick2plugin_dylib["libqtquick2plugin.dylib"]\n    Root --> node_venv["venv"]\n    node_venv --> node_venv_lib["lib"]\n    node_venv_lib --> node_venv_lib_python3_12["python3.12"]\n    node_venv_lib_python3_12 --> node_venv_lib_python3_12_site-packages["site-packages"]\n    node_venv_lib_python3_12_site-packages --> node_venv_lib_python3_12_site-packages_PyQt6["PyQt6"]\n    node_venv_lib_python3_12_site-packages_PyQt6 --> node_venv_lib_python3_12_site-packages_PyQt6_Qt6["Qt6"]\n    node_venv_lib_python3_12_site-packages_PyQt6_Qt6 --> node_venv_lib_python3_12_site-packages_PyQt6_Qt6_qml["qml"]\n    node_venv_lib_python3_12_site-packages_PyQt6_Qt6_qml --> node_venv_lib_python3_12_site-packages_PyQt6_Qt6_qml_QtQuick["QtQuick"]\n    node_venv_lib_python3_12_site-packages_PyQt6_Qt6_qml_QtQuick --> node_venv_lib_python3_12_site-packages_PyQt6_Qt6_qml_QtQuick_plugins_qmltypes["plugins.qmltypes"]\n    Root --> node_venv["venv"]\n    node_venv --> node_venv_lib["lib"]\n    node_venv_lib --> node_venv_lib_python3_12["python3.12"]\n    node_venv_lib_python3_12 --> node_venv_lib_python3_12_site-packages["site-packages"]\n    node_venv_lib_python3_12_site-packages --> node_venv_lib_python3_12_site-packages_PyQt6["PyQt6"]\n    node_venv_lib_python3_12_site-packages_PyQt6 --> node_venv_lib_python3_12_site-packages_PyQt6_Qt6["Qt6"]\n    node_venv_lib_python3_12_site-packages_PyQt6_Qt6 --> node_venv_lib_python3_12_site-packages_PyQt6_Qt6_qml["qml"]\n    node_venv_lib_python3_12_site-packages_PyQt6_Qt6_qml --> node_venv_lib_python3_12_site-packages_PyQt6_Qt6_qml_QtQuick["QtQuick"]\n    node_venv_lib_python3_12_site-packages_PyQt6_Qt6_qml_QtQuick --> node_venv_lib_python3_12_site-packages_PyQt6_Qt6_qml_QtQuick_qmldir["qmldir"]\n    Root --> node_venv["venv"]\n    node_venv --> node_venv_lib["lib"]\n    node_venv_lib --> node_venv_lib_python3_12["python3.12"]\n    node_venv_lib_python3_12 --> node_venv_lib_python3_12_site-packages["site-packages"]\n    node_venv_lib_python3_12_site-packages --> node_venv_lib_python3_12_site-packages_PyQt6["PyQt6"]\n    node_venv_lib_python3_12_site-packages_PyQt6 --> node_venv_lib_python3_12_site-packages_PyQt6_Qt6["Qt6"]\n    node_venv_lib_python3_12_site-packages_PyQt6_Qt6 --> node_venv_lib_python3_12_site-packages_PyQt6_Qt6_qml["qml"]\n    node_venv_lib_python3_12_site-packages_PyQt6_Qt6_qml --> node_venv_lib_python3_12_site-packages_PyQt6_Qt6_qml_QtQuick["QtQuick"]\n    node_venv_lib_python3_12_site-packages_PyQt6_Qt6_qml_QtQuick --> node_venv_lib_python3_12_site-packages_PyQt6_Qt6_qml_QtQuick_tooling["tooling"]\n    node_venv_lib_python3_12_site-packages_PyQt6_Qt6_qml_QtQuick_tooling --> node_venv_lib_python3_12_site-packages_PyQt6_Qt6_qml_QtQuick_tooling_Component_qml["Component.qml"]\n    Root --> node_venv["venv"]\n    node_venv --> node_venv_lib["lib"]\n    node_venv_lib --> node_venv_lib_python3_12["python3.12"]\n    node_venv_lib_python3_12 --> node_venv_lib_python3_12_site-packages["site-packages"]\n    node_venv_lib_python3_12_site-packages --> node_venv_lib_python3_12_site-packages_PyQt6["PyQt6"]\n    node_venv_lib_python3_12_site-packages_PyQt6 --> node_venv_lib_python3_12_site-packages_PyQt6_Qt6["Qt6"]\n    node_venv_lib_python3_12_site-packages_PyQt6_Qt6 --> node_venv_lib_python3_12_site-packages_PyQt6_Qt6_qml["qml"]\n    node_venv_lib_python3_12_site-packages_PyQt6_Qt6_qml --> node_venv_lib_python3_12_site-packages_PyQt6_Qt6_qml_QtQuick["QtQuick"]\n    node_venv_lib_python3_12_site-packages_PyQt6_Qt6_qml_QtQuick --> node_venv_lib_python3_12_site-packages_PyQt6_Qt6_qml_QtQuick_tooling["tooling"]\n    node_venv_lib_python3_12_site-packages_PyQt6_Qt6_qml_QtQuick_tooling --> node_venv_lib_python3_12_site-packages_PyQt6_Qt6_qml_QtQuick_tooling_Enum_qml["Enum.qml"]\n    Root --> node_venv["venv"]\n    node_venv --> node_venv_lib["lib"]\n    node_venv_lib --> node_venv_lib_python3_12["python3.12"]\n    node_venv_lib_python3_12 --> node_venv_lib_python3_12_site-packages["site-packages"]\n    node_venv_lib_python3_12_site-packages --> node_venv_lib_python3_12_site-packages_PyQt6["PyQt6"]\n    node_venv_lib_python3_12_site-packages_PyQt6 --> node_venv_lib_python3_12_site-packages_PyQt6_Qt6["Qt6"]\n    node_venv_lib_python3_12_site-packages_PyQt6_Qt6 --> node_venv_lib_python3_12_site-packages_PyQt6_Qt6_qml["qml"]\n    node_venv_lib_python3_12_site-packages_PyQt6_Qt6_qml --> node_venv_lib_python3_12_site-packages_PyQt6_Qt6_qml_QtQuick["QtQuick"]\n    node_venv_lib_python3_12_site-packages_PyQt6_Qt6_qml_QtQuick --> node_venv_lib_python3_12_site-packages_PyQt6_Qt6_qml_QtQuick_tooling["tooling"]\n    node_venv_lib_python3_12_site-packages_PyQt6_Qt6_qml_QtQuick_tooling --> node_venv_lib_python3_12_site-packages_PyQt6_Qt6_qml_QtQuick_tooling_Member_qml["Member.qml"]\n    Root --> node_venv["venv"]\n    node_venv --> node_venv_lib["lib"]\n    node_venv_lib --> node_venv_lib_python3_12["python3.12"]\n    node_venv_lib_python3_12 --> node_venv_lib_python3_12_site-packages["site-packages"]\n    node_venv_lib_python3_12_site-packages --> node_venv_lib_python3_12_site-packages_PyQt6["PyQt6"]\n    node_venv_lib_python3_12_site-packages_PyQt6 --> node_venv_lib_python3_12_site-packages_PyQt6_Qt6["Qt6"]\n    node_venv_lib_python3_12_site-packages_PyQt6_Qt6 --> node_venv_lib_python3_12_site-packages_PyQt6_Qt6_qml["qml"]\n    node_venv_lib_python3_12_site-packages_PyQt6_Qt6_qml --> node_venv_lib_python3_12_site-packages_PyQt6_Qt6_qml_QtQuick["QtQuick"]\n    node_venv_lib_python3_12_site-packages_PyQt6_Qt6_qml_QtQuick --> node_venv_lib_python3_12_site-packages_PyQt6_Qt6_qml_QtQuick_tooling["tooling"]\n    node_venv_lib_python3_12_site-packages_PyQt6_Qt6_qml_QtQuick_tooling --> node_venv_lib_python3_12_site-packages_PyQt6_Qt6_qml_QtQuick_tooling_Method_qml["Method.qml"]\n    Root --> node_venv["venv"]\n    node_venv --> node_venv_lib["lib"]\n    node_venv_lib --> node_venv_lib_python3_12["python3.12"]\n    node_venv_lib_python3_12 --> node_venv_lib_python3_12_site-packages["site-packages"]\n    node_venv_lib_python3_12_site-packages --> node_venv_lib_python3_12_site-packages_PyQt6["PyQt6"]\n    node_venv_lib_python3_12_site-packages_PyQt6 --> node_venv_lib_python3_12_site-packages_PyQt6_Qt6["Qt6"]\n    node_venv_lib_python3_12_site-packages_PyQt6_Qt6 --> node_venv_lib_python3_12_site-packages_PyQt6_Qt6_qml["qml"]\n    node_venv_lib_python3_12_site-packages_PyQt6_Qt6_qml --> node_venv_lib_python3_12_site-packages_PyQt6_Qt6_qml_QtQuick["QtQuick"]\n    node_venv_lib_python3_12_site-packages_PyQt6_Qt6_qml_QtQuick --> node_venv_lib_python3_12_site-packages_PyQt6_Qt6_qml_QtQuick_tooling["tooling"]\n    node_venv_lib_python3_12_site-packages_PyQt6_Qt6_qml_QtQuick_tooling --> node_venv_lib_python3_12_site-packages_PyQt6_Qt6_qml_QtQuick_tooling_Module_qml["Module.qml"]\n    Root --> node_venv["venv"]\n    node_venv --> node_venv_lib["lib"]\n    node_venv_lib --> node_venv_lib_python3_12["python3.12"]\n    node_venv_lib_python3_12 --> node_venv_lib_python3_12_site-packages["site-packages"]\n    node_venv_lib_python3_12_site-packages --> node_venv_lib_python3_12_site-packages_PyQt6["PyQt6"]\n    node_venv_lib_python3_12_site-packages_PyQt6 --> node_venv_lib_python3_12_site-packages_PyQt6_Qt6["Qt6"]\n    node_venv_lib_python3_12_site-packages_PyQt6_Qt6 --> node_venv_lib_python3_12_site-packages_PyQt6_Qt6_qml["qml"]\n    node_venv_lib_python3_12_site-packages_PyQt6_Qt6_qml --> node_venv_lib_python3_12_site-packages_PyQt6_Qt6_qml_QtQuick["QtQuick"]\n    node_venv_lib_python3_12_site-packages_PyQt6_Qt6_qml_QtQuick --> node_venv_lib_python3_12_site-packages_PyQt6_Qt6_qml_QtQuick_tooling["tooling"]\n    node_venv_lib_python3_12_site-packages_PyQt6_Qt6_qml_QtQuick_tooling --> node_venv_lib_python3_12_site-packages_PyQt6_Qt6_qml_QtQuick_tooling_Parameter_qml["Parameter.qml"]\n    Root --> node_venv["venv"]\n    node_venv --> node_venv_lib["lib"]\n    node_venv_lib --> node_venv_lib_python3_12["python3.12"]\n    node_venv_lib_python3_12 --> node_venv_lib_python3_12_site-packages["site-packages"]\n    node_venv_lib_python3_12_site-packages --> node_venv_lib_python3_12_site-packages_PyQt6["PyQt6"]\n    node_venv_lib_python3_12_site-packages_PyQt6 --> node_venv_lib_python3_12_site-packages_PyQt6_Qt6["Qt6"]\n    node_venv_lib_python3_12_site-packages_PyQt6_Qt6 --> node_venv_lib_python3_12_site-packages_PyQt6_Qt6_qml["qml"]\n    node_venv_lib_python3_12_site-packages_PyQt6_Qt6_qml --> node_venv_lib_python3_12_site-packages_PyQt6_Qt6_qml_QtQuick["QtQuick"]\n    node_venv_lib_python3_12_site-packages_PyQt6_Qt6_qml_QtQuick --> node_venv_lib_python3_12_site-packages_PyQt6_Qt6_qml_QtQuick_tooling["tooling"]\n    node_venv_lib_python3_12_site-packages_PyQt6_Qt6_qml_QtQuick_tooling --> node_venv_lib_python3_12_site-packages_PyQt6_Qt6_qml_QtQuick_tooling_Property_qml["Property.qml"]\n    Root --> node_venv["venv"]\n    node_venv --> node_venv_lib["lib"]\n    node_venv_lib --> node_venv_lib_python3_12["python3.12"]\n    node_venv_lib_python3_12 --> node_venv_lib_python3_12_site-packages["site-packages"]\n    node_venv_lib_python3_12_site-packages --> node_venv_lib_python3_12_site-packages_PyQt6["PyQt6"]\n    node_venv_lib_python3_12_site-packages_PyQt6 --> node_venv_lib_python3_12_site-packages_PyQt6_Qt6["Qt6"]\n    node_venv_lib_python3_12_site-packages_PyQt6_Qt6 --> node_venv_lib_python3_12_site-packages_PyQt6_Qt6_qml["qml"]\n    node_venv_lib_python3_12_site-packages_PyQt6_Qt6_qml --> node_venv_lib_python3_12_site-packages_PyQt6_Qt6_qml_QtQuick["QtQuick"]\n    node_venv_lib_python3_12_site-packages_PyQt6_Qt6_qml_QtQuick --> node_venv_lib_python3_12_site-packages_PyQt6_Qt6_qml_QtQuick_tooling["tooling"]\n    node_venv_lib_python3_12_site-packages_PyQt6_Qt6_qml_QtQuick_tooling --> node_venv_lib_python3_12_site-packages_PyQt6_Qt6_qml_QtQuick_tooling_Signal_qml["Signal.qml"]\n    Root --> node_venv["venv"]\n    node_venv --> node_venv_lib["lib"]\n    node_venv_lib --> node_venv_lib_python3_12["python3.12"]\n    node_venv_lib_python3_12 --> node_venv_lib_python3_12_site-packages["site-packages"]\n    node_venv_lib_python3_12_site-packages --> node_venv_lib_python3_12_site-packages_PyQt6["PyQt6"]\n    node_venv_lib_python3_12_site-packages_PyQt6 --> node_venv_lib_python3_12_site-packages_PyQt6_Qt6["Qt6"]\n    node_venv_lib_python3_12_site-packages_PyQt6_Qt6 --> node_venv_lib_python3_12_site-packages_PyQt6_Qt6_qml["qml"]\n    node_venv_lib_python3_12_site-packages_PyQt6_Qt6_qml --> node_venv_lib_python3_12_site-packages_PyQt6_Qt6_qml_QtQuick["QtQuick"]\n    node_venv_lib_python3_12_site-packages_PyQt6_Qt6_qml_QtQuick --> node_venv_lib_python3_12_site-packages_PyQt6_Qt6_qml_QtQuick_tooling["tooling"]\n    node_venv_lib_python3_12_site-packages_PyQt6_Qt6_qml_QtQuick_tooling --> node_venv_lib_python3_12_site-packages_PyQt6_Qt6_qml_QtQuick_tooling_libquicktoolingplugin_dylib["libquicktoolingplugin.dylib"]\n    Root --> node_venv["venv"]\n    node_venv --> node_venv_lib["lib"]\n    node_venv_lib --> node_venv_lib_python3_12["python3.12"]\n    node_venv_lib_python3_12 --> node_venv_lib_python3_12_site-packages["site-packages"]\n    node_venv_lib_python3_12_site-packages --> node_venv_lib_python3_12_site-packages_PyQt6["PyQt6"]\n    node_venv_lib_python3_12_site-packages_PyQt6 --> node_venv_lib_python3_12_site-packages_PyQt6_Qt6["Qt6"]\n    node_venv_lib_python3_12_site-packages_PyQt6_Qt6 --> node_venv_lib_python3_12_site-packages_PyQt6_Qt6_qml["qml"]\n    node_venv_lib_python3_12_site-packages_PyQt6_Qt6_qml --> node_venv_lib_python3_12_site-packages_PyQt6_Qt6_qml_QtQuick["QtQuick"]\n    node_venv_lib_python3_12_site-packages_PyQt6_Qt6_qml_QtQuick --> node_venv_lib_python3_12_site-packages_PyQt6_Qt6_qml_QtQuick_tooling["tooling"]\n    node_venv_lib_python3_12_site-packages_PyQt6_Qt6_qml_QtQuick_tooling --> node_venv_lib_python3_12_site-packages_PyQt6_Qt6_qml_QtQuick_tooling_qmldir["qmldir"]\n    Root --> node_venv["venv"]\n    node_venv --> node_venv_lib["lib"]\n    node_venv_lib --> node_venv_lib_python3_12["python3.12"]\n    node_venv_lib_python3_12 --> node_venv_lib_python3_12_site-packages["site-packages"]\n    node_venv_lib_python3_12_site-packages --> node_venv_lib_python3_12_site-packages_PyQt6["PyQt6"]\n    node_venv_lib_python3_12_site-packages_PyQt6 --> node_venv_lib_python3_12_site-packages_PyQt6_Qt6["Qt6"]\n    node_venv_lib_python3_12_site-packages_PyQt6_Qt6 --> node_venv_lib_python3_12_site-packages_PyQt6_Qt6_qml["qml"]\n    node_venv_lib_python3_12_site-packages_PyQt6_Qt6_qml --> node_venv_lib_python3_12_site-packages_PyQt6_Qt6_qml_QtQuick["QtQuick"]\n    node_venv_lib_python3_12_site-packages_PyQt6_Qt6_qml_QtQuick --> node_venv_lib_python3_12_site-packages_PyQt6_Qt6_qml_QtQuick_tooling["tooling"]\n    node_venv_lib_python3_12_site-packages_PyQt6_Qt6_qml_QtQuick_tooling --> node_venv_lib_python3_12_site-packages_PyQt6_Qt6_qml_QtQuick_tooling_quicktooling_qmltypes["quicktooling.qmltypes"]\n    Root --> node_venv["venv"]\n    node_venv --> node_venv_lib["lib"]\n    node_venv_lib --> node_venv_lib_python3_12["python3.12"]\n    node_venv_lib_python3_12 --> node_venv_lib_python3_12_site-packages["site-packages"]\n    node_venv_lib_python3_12_site-packages --> node_venv_lib_python3_12_site-packages_PyQt6["PyQt6"]\n    node_venv_lib_python3_12_site-packages_PyQt6 --> node_venv_lib_python3_12_site-packages_PyQt6_Qt6["Qt6"]\n    node_venv_lib_python3_12_site-packages_PyQt6_Qt6 --> node_venv_lib_python3_12_site-packages_PyQt6_Qt6_qml["qml"]\n    node_venv_lib_python3_12_site-packages_PyQt6_Qt6_qml --> node_venv_lib_python3_12_site-packages_PyQt6_Qt6_qml_QtQuick["QtQuick"]\n    node_venv_lib_python3_12_site-packages_PyQt6_Qt6_qml_QtQuick --> node_venv_lib_python3_12_site-packages_PyQt6_Qt6_qml_QtQuick_Scene2D["Scene2D"]\n    node_venv_lib_python3_12_site-packages_PyQt6_Qt6_qml_QtQuick_Scene2D --> node_venv_lib_python3_12_site-packages_PyQt6_Qt6_qml_QtQuick_Scene2D_libqtquickscene2dplugin_dylib["libqtquickscene2dplugin.dylib"]\n    Root --> node_venv["venv"]\n    node_venv --> node_venv_lib["lib"]\n    node_venv_lib --> node_venv_lib_python3_12["python3.12"]\n    node_venv_lib_python3_12 --> node_venv_lib_python3_12_site-packages["site-packages"]\n    node_venv_lib_python3_12_site-packages --> node_venv_lib_python3_12_site-packages_PyQt6["PyQt6"]\n    node_venv_lib_python3_12_site-packages_PyQt6 --> node_venv_lib_python3_12_site-packages_PyQt6_Qt6["Qt6"]\n    node_venv_lib_python3_12_site-packages_PyQt6_Qt6 --> node_venv_lib_python3_12_site-packages_PyQt6_Qt6_qml["qml"]\n    node_venv_lib_python3_12_site-packages_PyQt6_Qt6_qml --> node_venv_lib_python3_12_site-packages_PyQt6_Qt6_qml_QtQuick["QtQuick"]\n    node_venv_lib_python3_12_site-packages_PyQt6_Qt6_qml_QtQuick --> node_venv_lib_python3_12_site-packages_PyQt6_Qt6_qml_QtQuick_Scene2D["Scene2D"]\n    node_venv_lib_python3_12_site-packages_PyQt6_Qt6_qml_QtQuick_Scene2D --> node_venv_lib_python3_12_site-packages_PyQt6_Qt6_qml_QtQuick_Scene2D_plugins_qmltypes["plugins.qmltypes"]\n    Root --> node_venv["venv"]\n    node_venv --> node_venv_lib["lib"]\n    node_venv_lib --> node_venv_lib_python3_12["python3.12"]\n    node_venv_lib_python3_12 --> node_venv_lib_python3_12_site-packages["site-packages"]\n    node_venv_lib_python3_12_site-packages --> node_venv_lib_python3_12_site-packages_PyQt6["PyQt6"]\n    node_venv_lib_python3_12_site-packages_PyQt6 --> node_venv_lib_python3_12_site-packages_PyQt6_Qt6["Qt6"]\n    node_venv_lib_python3_12_site-packages_PyQt6_Qt6 --> node_venv_lib_python3_12_site-packages_PyQt6_Qt6_qml["qml"]\n    node_venv_lib_python3_12_site-packages_PyQt6_Qt6_qml --> node_venv_lib_python3_12_site-packages_PyQt6_Qt6_qml_QtQuick["QtQuick"]\n    node_venv_lib_python3_12_site-packages_PyQt6_Qt6_qml_QtQuick --> node_venv_lib_python3_12_site-packages_PyQt6_Qt6_qml_QtQuick_Scene2D["Scene2D"]\n    node_venv_lib_python3_12_site-packages_PyQt6_Qt6_qml_QtQuick_Scene2D --> node_venv_lib_python3_12_site-packages_PyQt6_Qt6_qml_QtQuick_Scene2D_qmldir["qmldir"]\n    Root --> node_venv["venv"]\n    node_venv --> node_venv_lib["lib"]\n    node_venv_lib --> node_venv_lib_python3_12["python3.12"]\n    node_venv_lib_python3_12 --> node_venv_lib_python3_12_site-packages["site-packages"]\n    node_venv_lib_python3_12_site-packages --> node_venv_lib_python3_12_site-packages_PyQt6["PyQt6"]\n    node_venv_lib_python3_12_site-packages_PyQt6 --> node_venv_lib_python3_12_site-packages_PyQt6_Qt6["Qt6"]\n    node_venv_lib_python3_12_site-packages_PyQt6_Qt6 --> node_venv_lib_python3_12_site-packages_PyQt6_Qt6_qml["qml"]\n    node_venv_lib_python3_12_site-packages_PyQt6_Qt6_qml --> node_venv_lib_python3_12_site-packages_PyQt6_Qt6_qml_QtQuick["QtQuick"]\n    node_venv_lib_python3_12_site-packages_PyQt6_Qt6_qml_QtQuick --> node_venv_lib_python3_12_site-packages_PyQt6_Qt6_qml_QtQuick_Pdf["Pdf"]\n    node_venv_lib_python3_12_site-packages_PyQt6_Qt6_qml_QtQuick_Pdf --> node_venv_lib_python3_12_site-packages_PyQt6_Qt6_qml_QtQuick_Pdf_PdfLinkDelegate_qml["PdfLinkDelegate.qml"]\n    Root --> node_venv["venv"]\n    node_venv --> node_venv_lib["lib"]\n    node_venv_lib --> node_venv_lib_python3_12["python3.12"]\n    node_venv_lib_python3_12 --> node_venv_lib_python3_12_site-packages["site-packages"]\n    node_venv_lib_python3_12_site-packages --> node_venv_lib_python3_12_site-packages_PyQt6["PyQt6"]\n    node_venv_lib_python3_12_site-packages_PyQt6 --> node_venv_lib_python3_12_site-packages_PyQt6_Qt6["Qt6"]\n    node_venv_lib_python3_12_site-packages_PyQt6_Qt6 --> node_venv_lib_python3_12_site-packages_PyQt6_Qt6_qml["qml"]\n    node_venv_lib_python3_12_site-packages_PyQt6_Qt6_qml --> node_venv_lib_python3_12_site-packages_PyQt6_Qt6_qml_QtQuick["QtQuick"]\n    node_venv_lib_python3_12_site-packages_PyQt6_Qt6_qml_QtQuick --> node_venv_lib_python3_12_site-packages_PyQt6_Qt6_qml_QtQuick_Pdf["Pdf"]\n    node_venv_lib_python3_12_site-packages_PyQt6_Qt6_qml_QtQuick_Pdf --> node_venv_lib_python3_12_site-packages_PyQt6_Qt6_qml_QtQuick_Pdf_PdfMultiPageView_qml["PdfMultiPageView.qml"]\n    Root --> node_venv["venv"]\n    node_venv --> node_venv_lib["lib"]\n    node_venv_lib --> node_venv_lib_python3_12["python3.12"]\n    node_venv_lib_python3_12 --> node_venv_lib_python3_12_site-packages["site-packages"]\n    node_venv_lib_python3_12_site-packages --> node_venv_lib_python3_12_site-packages_PyQt6["PyQt6"]\n    node_venv_lib_python3_12_site-packages_PyQt6 --> node_venv_lib_python3_12_site-packages_PyQt6_Qt6["Qt6"]\n    node_venv_lib_python3_12_site-packages_PyQt6_Qt6 --> node_venv_lib_python3_12_site-packages_PyQt6_Qt6_qml["qml"]\n    node_venv_lib_python3_12_site-packages_PyQt6_Qt6_qml --> node_venv_lib_python3_12_site-packages_PyQt6_Qt6_qml_QtQuick["QtQuick"]\n    node_venv_lib_python3_12_site-packages_PyQt6_Qt6_qml_QtQuick --> node_venv_lib_python3_12_site-packages_PyQt6_Qt6_qml_QtQuick_Pdf["Pdf"]\n    node_venv_lib_python3_12_site-packages_PyQt6_Qt6_qml_QtQuick_Pdf --> node_venv_lib_python3_12_site-packages_PyQt6_Qt6_qml_QtQuick_Pdf_PdfPageView_qml["PdfPageView.qml"]\n    Root --> node_venv["venv"]\n    node_venv --> node_venv_lib["lib"]\n    node_venv_lib --> node_venv_lib_python3_12["python3.12"]\n    node_venv_lib_python3_12 --> node_venv_lib_python3_12_site-packages["site-packages"]\n    node_venv_lib_python3_12_site-packages --> node_venv_lib_python3_12_site-packages_PyQt6["PyQt6"]\n    node_venv_lib_python3_12_site-packages_PyQt6 --> node_venv_lib_python3_12_site-packages_PyQt6_Qt6["Qt6"]\n    node_venv_lib_python3_12_site-packages_PyQt6_Qt6 --> node_venv_lib_python3_12_site-packages_PyQt6_Qt6_qml["qml"]\n    node_venv_lib_python3_12_site-packages_PyQt6_Qt6_qml --> node_venv_lib_python3_12_site-packages_PyQt6_Qt6_qml_QtQuick["QtQuick"]\n    node_venv_lib_python3_12_site-packages_PyQt6_Qt6_qml_QtQuick --> node_venv_lib_python3_12_site-packages_PyQt6_Qt6_qml_QtQuick_Pdf["Pdf"]\n    node_venv_lib_python3_12_site-packages_PyQt6_Qt6_qml_QtQuick_Pdf --> node_venv_lib_python3_12_site-packages_PyQt6_Qt6_qml_QtQuick_Pdf_PdfScrollablePageView_qml["PdfScrollablePageView.qml"]\n    Root --> node_venv["venv"]\n    node_venv --> node_venv_lib["lib"]\n    node_venv_lib --> node_venv_lib_python3_12["python3.12"]\n    node_venv_lib_python3_12 --> node_venv_lib_python3_12_site-packages["site-packages"]\n    node_venv_lib_python3_12_site-packages --> node_venv_lib_python3_12_site-packages_PyQt6["PyQt6"]\n    node_venv_lib_python3_12_site-packages_PyQt6 --> node_venv_lib_python3_12_site-packages_PyQt6_Qt6["Qt6"]\n    node_venv_lib_python3_12_site-packages_PyQt6_Qt6 --> node_venv_lib_python3_12_site-packages_PyQt6_Qt6_qml["qml"]\n    node_venv_lib_python3_12_site-packages_PyQt6_Qt6_qml --> node_venv_lib_python3_12_site-packages_PyQt6_Qt6_qml_QtQuick["QtQuick"]\n    node_venv_lib_python3_12_site-packages_PyQt6_Qt6_qml_QtQuick --> node_venv_lib_python3_12_site-packages_PyQt6_Qt6_qml_QtQuick_Pdf["Pdf"]\n    node_venv_lib_python3_12_site-packages_PyQt6_Qt6_qml_QtQuick_Pdf --> node_venv_lib_python3_12_site-packages_PyQt6_Qt6_qml_QtQuick_Pdf_PdfStyle_qml["PdfStyle.qml"]\n    Root --> node_venv["venv"]\n    node_venv --> node_venv_lib["lib"]\n    node_venv_lib --> node_venv_lib_python3_12["python3.12"]\n    node_venv_lib_python3_12 --> node_venv_lib_python3_12_site-packages["site-packages"]\n    node_venv_lib_python3_12_site-packages --> node_venv_lib_python3_12_site-packages_PyQt6["PyQt6"]\n    node_venv_lib_python3_12_site-packages_PyQt6 --> node_venv_lib_python3_12_site-packages_PyQt6_Qt6["Qt6"]\n    node_venv_lib_python3_12_site-packages_PyQt6_Qt6 --> node_venv_lib_python3_12_site-packages_PyQt6_Qt6_qml["qml"]\n    node_venv_lib_python3_12_site-packages_PyQt6_Qt6_qml --> node_venv_lib_python3_12_site-packages_PyQt6_Qt6_qml_QtQuick["QtQuick"]\n    node_venv_lib_python3_12_site-packages_PyQt6_Qt6_qml_QtQuick --> node_venv_lib_python3_12_site-packages_PyQt6_Qt6_qml_QtQuick_Pdf["Pdf"]\n    node_venv_lib_python3_12_site-packages_PyQt6_Qt6_qml_QtQuick_Pdf --> node_venv_lib_python3_12_site-packages_PyQt6_Qt6_qml_QtQuick_Pdf_libpdfquickplugin_dylib["libpdfquickplugin.dylib"]\n    Root --> node_venv["venv"]\n    node_venv --> node_venv_lib["lib"]\n    node_venv_lib --> node_venv_lib_python3_12["python3.12"]\n    node_venv_lib_python3_12 --> node_venv_lib_python3_12_site-packages["site-packages"]\n    node_venv_lib_python3_12_site-packages --> node_venv_lib_python3_12_site-packages_PyQt6["PyQt6"]\n    node_venv_lib_python3_12_site-packages_PyQt6 --> node_venv_lib_python3_12_site-packages_PyQt6_Qt6["Qt6"]\n    node_venv_lib_python3_12_site-packages_PyQt6_Qt6 --> node_venv_lib_python3_12_site-packages_PyQt6_Qt6_qml["qml"]\n    node_venv_lib_python3_12_site-packages_PyQt6_Qt6_qml --> node_venv_lib_python3_12_site-packages_PyQt6_Qt6_qml_QtQuick["QtQuick"]\n    node_venv_lib_python3_12_site-packages_PyQt6_Qt6_qml_QtQuick --> node_venv_lib_python3_12_site-packages_PyQt6_Qt6_qml_QtQuick_Pdf["Pdf"]\n    node_venv_lib_python3_12_site-packages_PyQt6_Qt6_qml_QtQuick_Pdf --> node_venv_lib_python3_12_site-packages_PyQt6_Qt6_qml_QtQuick_Pdf_plugins_qmltypes["plugins.qmltypes"]\n    Root --> node_venv["venv"]\n    node_venv --> node_venv_lib["lib"]\n    node_venv_lib --> node_venv_lib_python3_12["python3.12"]\n    node_venv_lib_python3_12 --> node_venv_lib_python3_12_site-packages["site-packages"]\n    node_venv_lib_python3_12_site-packages --> node_venv_lib_python3_12_site-packages_PyQt6["PyQt6"]\n    node_venv_lib_python3_12_site-packages_PyQt6 --> node_venv_lib_python3_12_site-packages_PyQt6_Qt6["Qt6"]\n    node_venv_lib_python3_12_site-packages_PyQt6_Qt6 --> node_venv_lib_python3_12_site-packages_PyQt6_Qt6_qml["qml"]\n    node_venv_lib_python3_12_site-packages_PyQt6_Qt6_qml --> node_venv_lib_python3_12_site-packages_PyQt6_Qt6_qml_QtQuick["QtQuick"]\n    node_venv_lib_python3_12_site-packages_PyQt6_Qt6_qml_QtQuick --> node_venv_lib_python3_12_site-packages_PyQt6_Qt6_qml_QtQuick_Pdf["Pdf"]\n    node_venv_lib_python3_12_site-packages_PyQt6_Qt6_qml_QtQuick_Pdf --> node_venv_lib_python3_12_site-packages_PyQt6_Qt6_qml_QtQuick_Pdf_qmldir["qmldir"]\n    Root --> node_venv["venv"]\n    node_venv --> node_venv_lib["lib"]\n    node_venv_lib --> node_venv_lib_python3_12["python3.12"]\n    node_venv_lib_python3_12 --> node_venv_lib_python3_12_site-packages["site-packages"]\n    node_venv_lib_python3_12_site-packages --> node_venv_lib_python3_12_site-packages_PyQt6["PyQt6"]\n    node_venv_lib_python3_12_site-packages_PyQt6 --> node_venv_lib_python3_12_site-packages_PyQt6_Qt6["Qt6"]\n    node_venv_lib_python3_12_site-packages_PyQt6_Qt6 --> node_venv_lib_python3_12_site-packages_PyQt6_Qt6_qml["qml"]\n    node_venv_lib_python3_12_site-packages_PyQt6_Qt6_qml --> node_venv_lib_python3_12_site-packages_PyQt6_Qt6_qml_QtQuick["QtQuick"]\n    node_venv_lib_python3_12_site-packages_PyQt6_Qt6_qml_QtQuick --> node_venv_lib_python3_12_site-packages_PyQt6_Qt6_qml_QtQuick_Pdf["Pdf"]\n    node_venv_lib_python3_12_site-packages_PyQt6_Qt6_qml_QtQuick_Pdf --> node_venv_lib_python3_12_site-packages_PyQt6_Qt6_qml_QtQuick_Pdf_+Universal["+Universal"]\n    node_venv_lib_python3_12_site-packages_PyQt6_Qt6_qml_QtQuick_Pdf_+Universal --> node_venv_lib_python3_12_site-packages_PyQt6_Qt6_qml_QtQuick_Pdf_+Universal_PdfStyle_qml["PdfStyle.qml"]\n    Root --> node_venv["venv"]\n    node_venv --> node_venv_lib["lib"]\n    node_venv_lib --> node_venv_lib_python3_12["python3.12"]\n    node_venv_lib_python3_12 --> node_venv_lib_python3_12_site-packages["site-packages"]\n    node_venv_lib_python3_12_site-packages --> node_venv_lib_python3_12_site-packages_PyQt6["PyQt6"]\n    node_venv_lib_python3_12_site-packages_PyQt6 --> node_venv_lib_python3_12_site-packages_PyQt6_Qt6["Qt6"]\n    node_venv_lib_python3_12_site-packages_PyQt6_Qt6 --> node_venv_lib_python3_12_site-packages_PyQt6_Qt6_qml["qml"]\n    node_venv_lib_python3_12_site-packages_PyQt6_Qt6_qml --> node_venv_lib_python3_12_site-packages_PyQt6_Qt6_qml_QtQuick["QtQuick"]\n    node_venv_lib_python3_12_site-packages_PyQt6_Qt6_qml_QtQuick --> node_venv_lib_python3_12_site-packages_PyQt6_Qt6_qml_QtQuick_Pdf["Pdf"]\n    node_venv_lib_python3_12_site-packages_PyQt6_Qt6_qml_QtQuick_Pdf --> node_venv_lib_python3_12_site-packages_PyQt6_Qt6_qml_QtQuick_Pdf_+Material["+Material"]\n    node_venv_lib_python3_12_site-packages_PyQt6_Qt6_qml_QtQuick_Pdf_+Material --> node_venv_lib_python3_12_site-packages_PyQt6_Qt6_qml_QtQuick_Pdf_+Material_PdfStyle_qml["PdfStyle.qml"]\n    Root --> node_venv["venv"]\n    node_venv --> node_venv_lib["lib"]\n    node_venv_lib --> node_venv_lib_python3_12["python3.12"]\n    node_venv_lib_python3_12 --> node_venv_lib_python3_12_site-packages["site-packages"]\n    node_venv_lib_python3_12_site-packages --> node_venv_lib_python3_12_site-packages_PyQt6["PyQt6"]\n    node_venv_lib_python3_12_site-packages_PyQt6 --> node_venv_lib_python3_12_site-packages_PyQt6_Qt6["Qt6"]\n    node_venv_lib_python3_12_site-packages_PyQt6_Qt6 --> node_venv_lib_python3_12_site-packages_PyQt6_Qt6_qml["qml"]\n    node_venv_lib_python3_12_site-packages_PyQt6_Qt6_qml --> node_venv_lib_python3_12_site-packages_PyQt6_Qt6_qml_QtQuick["QtQuick"]\n    node_venv_lib_python3_12_site-packages_PyQt6_Qt6_qml_QtQuick --> node_venv_lib_python3_12_site-packages_PyQt6_Qt6_qml_QtQuick_Shapes["Shapes"]\n    node_venv_lib_python3_12_site-packages_PyQt6_Qt6_qml_QtQuick_Shapes --> node_venv_lib_python3_12_site-packages_PyQt6_Qt6_qml_QtQuick_Shapes_libqmlshapesplugin_dylib["libqmlshapesplugin.dylib"]\n    Root --> node_venv["venv"]\n    node_venv --> node_venv_lib["lib"]\n    node_venv_lib --> node_venv_lib_python3_12["python3.12"]\n    node_venv_lib_python3_12 --> node_venv_lib_python3_12_site-packages["site-packages"]\n    node_venv_lib_python3_12_site-packages --> node_venv_lib_python3_12_site-packages_PyQt6["PyQt6"]\n    node_venv_lib_python3_12_site-packages_PyQt6 --> node_venv_lib_python3_12_site-packages_PyQt6_Qt6["Qt6"]\n    node_venv_lib_python3_12_site-packages_PyQt6_Qt6 --> node_venv_lib_python3_12_site-packages_PyQt6_Qt6_qml["qml"]\n    node_venv_lib_python3_12_site-packages_PyQt6_Qt6_qml --> node_venv_lib_python3_12_site-packages_PyQt6_Qt6_qml_QtQuick["QtQuick"]\n    node_venv_lib_python3_12_site-packages_PyQt6_Qt6_qml_QtQuick --> node_venv_lib_python3_12_site-packages_PyQt6_Qt6_qml_QtQuick_Shapes["Shapes"]\n    node_venv_lib_python3_12_site-packages_PyQt6_Qt6_qml_QtQuick_Shapes --> node_venv_lib_python3_12_site-packages_PyQt6_Qt6_qml_QtQuick_Shapes_plugins_qmltypes["plugins.qmltypes"]\n    Root --> node_venv["venv"]\n    node_venv --> node_venv_lib["lib"]\n    node_venv_lib --> node_venv_lib_python3_12["python3.12"]\n    node_venv_lib_python3_12 --> node_venv_lib_python3_12_site-packages["site-packages"]\n    node_venv_lib_python3_12_site-packages --> node_venv_lib_python3_12_site-packages_PyQt6["PyQt6"]\n    node_venv_lib_python3_12_site-packages_PyQt6 --> node_venv_lib_python3_12_site-packages_PyQt6_Qt6["Qt6"]\n    node_venv_lib_python3_12_site-packages_PyQt6_Qt6 --> node_venv_lib_python3_12_site-packages_PyQt6_Qt6_qml["qml"]\n    node_venv_lib_python3_12_site-packages_PyQt6_Qt6_qml --> node_venv_lib_python3_12_site-packages_PyQt6_Qt6_qml_QtQuick["QtQuick"]\n    node_venv_lib_python3_12_site-packages_PyQt6_Qt6_qml_QtQuick --> node_venv_lib_python3_12_site-packages_PyQt6_Qt6_qml_QtQuick_Shapes["Shapes"]\n    node_venv_lib_python3_12_site-packages_PyQt6_Qt6_qml_QtQuick_Shapes --> node_venv_lib_python3_12_site-packages_PyQt6_Qt6_qml_QtQuick_Shapes_qmldir["qmldir"]\n    Root --> node_venv["venv"]\n    node_venv --> node_venv_lib["lib"]\n    node_venv_lib --> node_venv_lib_python3_12["python3.12"]\n    node_venv_lib_python3_12 --> node_venv_lib_python3_12_site-packages["site-packages"]\n    node_venv_lib_python3_12_site-packages --> node_venv_lib_python3_12_site-packages_PyQt6["PyQt6"]\n    node_venv_lib_python3_12_site-packages_PyQt6 --> node_venv_lib_python3_12_site-packages_PyQt6_Qt6["Qt6"]\n    node_venv_lib_python3_12_site-packages_PyQt6_Qt6 --> node_venv_lib_python3_12_site-packages_PyQt6_Qt6_qml["qml"]\n    node_venv_lib_python3_12_site-packages_PyQt6_Qt6_qml --> node_venv_lib_python3_12_site-packages_PyQt6_Qt6_qml_QtQuick["QtQuick"]\n    node_venv_lib_python3_12_site-packages_PyQt6_Qt6_qml_QtQuick --> node_venv_lib_python3_12_site-packages_PyQt6_Qt6_qml_QtQuick_Shapes["Shapes"]\n    node_venv_lib_python3_12_site-packages_PyQt6_Qt6_qml_QtQuick_Shapes --> node_venv_lib_python3_12_site-packages_PyQt6_Qt6_qml_QtQuick_Shapes_DesignHelpers["DesignHelpers"]\n    node_venv_lib_python3_12_site-packages_PyQt6_Qt6_qml_QtQuick_Shapes_DesignHelpers --> node_venv_lib_python3_12_site-packages_PyQt6_Qt6_qml_QtQuick_Shapes_DesignHelpers_libqtquickshapesdesignhelpersplugin_dylib["libqtquickshapesdesignhelpersplugin.dylib"]\n    Root --> node_venv["venv"]\n    node_venv --> node_venv_lib["lib"]\n    node_venv_lib --> node_venv_lib_python3_12["python3.12"]\n    node_venv_lib_python3_12 --> node_venv_lib_python3_12_site-packages["site-packages"]\n    node_venv_lib_python3_12_site-packages --> node_venv_lib_python3_12_site-packages_PyQt6["PyQt6"]\n    node_venv_lib_python3_12_site-packages_PyQt6 --> node_venv_lib_python3_12_site-packages_PyQt6_Qt6["Qt6"]\n    node_venv_lib_python3_12_site-packages_PyQt6_Qt6 --> node_venv_lib_python3_12_site-packages_PyQt6_Qt6_qml["qml"]\n    node_venv_lib_python3_12_site-packages_PyQt6_Qt6_qml --> node_venv_lib_python3_12_site-packages_PyQt6_Qt6_qml_QtQuick["QtQuick"]\n    node_venv_lib_python3_12_site-packages_PyQt6_Qt6_qml_QtQuick --> node_venv_lib_python3_12_site-packages_PyQt6_Qt6_qml_QtQuick_Shapes["Shapes"]\n    node_venv_lib_python3_12_site-packages_PyQt6_Qt6_qml_QtQuick_Shapes --> node_venv_lib_python3_12_site-packages_PyQt6_Qt6_qml_QtQuick_Shapes_DesignHelpers["DesignHelpers"]\n    node_venv_lib_python3_12_site-packages_PyQt6_Qt6_qml_QtQuick_Shapes_DesignHelpers --> node_venv_lib_python3_12_site-packages_PyQt6_Qt6_qml_QtQuick_Shapes_DesignHelpers_plugins_qmltypes["plugins.qmltypes"]\n    Root --> node_venv["venv"]\n    node_venv --> node_venv_lib["lib"]\n    node_venv_lib --> node_venv_lib_python3_12["python3.12"]\n    node_venv_lib_python3_12 --> node_venv_lib_python3_12_site-packages["site-packages"]\n    node_venv_lib_python3_12_site-packages --> node_venv_lib_python3_12_site-packages_PyQt6["PyQt6"]\n    node_venv_lib_python3_12_site-packages_PyQt6 --> node_venv_lib_python3_12_site-packages_PyQt6_Qt6["Qt6"]\n    node_venv_lib_python3_12_site-packages_PyQt6_Qt6 --> node_venv_lib_python3_12_site-packages_PyQt6_Qt6_qml["qml"]\n    node_venv_lib_python3_12_site-packages_PyQt6_Qt6_qml --> node_venv_lib_python3_12_site-packages_PyQt6_Qt6_qml_QtQuick["QtQuick"]\n    node_venv_lib_python3_12_site-packages_PyQt6_Qt6_qml_QtQuick --> node_venv_lib_python3_12_site-packages_PyQt6_Qt6_qml_QtQuick_Shapes["Shapes"]\n    node_venv_lib_python3_12_site-packages_PyQt6_Qt6_qml_QtQuick_Shapes --> node_venv_lib_python3_12_site-packages_PyQt6_Qt6_qml_QtQuick_Shapes_DesignHelpers["DesignHelpers"]\n    node_venv_lib_python3_12_site-packages_PyQt6_Qt6_qml_QtQuick_Shapes_DesignHelpers --> node_venv_lib_python3_12_site-packages_PyQt6_Qt6_qml_QtQuick_Shapes_DesignHelpers_qmldir["qmldir"]\n    Root --> node_venv["venv"]\n    node_venv --> node_venv_lib["lib"]\n    node_venv_lib --> node_venv_lib_python3_12["python3.12"]\n    node_venv_lib_python3_12 --> node_venv_lib_python3_12_site-packages["site-packages"]\n    node_venv_lib_python3_12_site-packages --> node_venv_lib_python3_12_site-packages_PyQt6["PyQt6"]\n    node_venv_lib_python3_12_site-packages_PyQt6 --> node_venv_lib_python3_12_site-packages_PyQt6_Qt6["Qt6"]\n    node_venv_lib_python3_12_site-packages_PyQt6_Qt6 --> node_venv_lib_python3_12_site-packages_PyQt6_Qt6_qml["qml"]\n    node_venv_lib_python3_12_site-packages_PyQt6_Qt6_qml --> node_venv_lib_python3_12_site-packages_PyQt6_Qt6_qml_QtQuick["QtQuick"]\n    node_venv_lib_python3_12_site-packages_PyQt6_Qt6_qml_QtQuick --> node_venv_lib_python3_12_site-packages_PyQt6_Qt6_qml_QtQuick_Particles["Particles"]\n    node_venv_lib_python3_12_site-packages_PyQt6_Qt6_qml_QtQuick_Particles --> node_venv_lib_python3_12_site-packages_PyQt6_Qt6_qml_QtQuick_Particles_libparticlesplugin_dylib["libparticlesplugin.dylib"]\n    Root --> node_venv["venv"]\n    node_venv --> node_venv_lib["lib"]\n    node_venv_lib --> node_venv_lib_python3_12["python3.12"]\n    node_venv_lib_python3_12 --> node_venv_lib_python3_12_site-packages["site-packages"]\n    node_venv_lib_python3_12_site-packages --> node_venv_lib_python3_12_site-packages_PyQt6["PyQt6"]\n    node_venv_lib_python3_12_site-packages_PyQt6 --> node_venv_lib_python3_12_site-packages_PyQt6_Qt6["Qt6"]\n    node_venv_lib_python3_12_site-packages_PyQt6_Qt6 --> node_venv_lib_python3_12_site-packages_PyQt6_Qt6_qml["qml"]\n    node_venv_lib_python3_12_site-packages_PyQt6_Qt6_qml --> node_venv_lib_python3_12_site-packages_PyQt6_Qt6_qml_QtQuick["QtQuick"]\n    node_venv_lib_python3_12_site-packages_PyQt6_Qt6_qml_QtQuick --> node_venv_lib_python3_12_site-packages_PyQt6_Qt6_qml_QtQuick_Particles["Particles"]\n    node_venv_lib_python3_12_site-packages_PyQt6_Qt6_qml_QtQuick_Particles --> node_venv_lib_python3_12_site-packages_PyQt6_Qt6_qml_QtQuick_Particles_plugins_qmltypes["plugins.qmltypes"]\n    Root --> node_venv["venv"]\n    node_venv --> node_venv_lib["lib"]\n    node_venv_lib --> node_venv_lib_python3_12["python3.12"]\n    node_venv_lib_python3_12 --> node_venv_lib_python3_12_site-packages["site-packages"]\n    node_venv_lib_python3_12_site-packages --> node_venv_lib_python3_12_site-packages_PyQt6["PyQt6"]\n    node_venv_lib_python3_12_site-packages_PyQt6 --> node_venv_lib_python3_12_site-packages_PyQt6_Qt6["Qt6"]\n    node_venv_lib_python3_12_site-packages_PyQt6_Qt6 --> node_venv_lib_python3_12_site-packages_PyQt6_Qt6_qml["qml"]\n    node_venv_lib_python3_12_site-packages_PyQt6_Qt6_qml --> node_venv_lib_python3_12_site-packages_PyQt6_Qt6_qml_QtQuick["QtQuick"]\n    node_venv_lib_python3_12_site-packages_PyQt6_Qt6_qml_QtQuick --> node_venv_lib_python3_12_site-packages_PyQt6_Qt6_qml_QtQuick_Particles["Particles"]\n    node_venv_lib_python3_12_site-packages_PyQt6_Qt6_qml_QtQuick_Particles --> node_venv_lib_python3_12_site-packages_PyQt6_Qt6_qml_QtQuick_Particles_qmldir["qmldir"]\n    Root --> node_venv["venv"]\n    node_venv --> node_venv_lib["lib"]\n    node_venv_lib --> node_venv_lib_python3_12["python3.12"]\n    node_venv_lib_python3_12 --> node_venv_lib_python3_12_site-packages["site-packages"]\n    node_venv_lib_python3_12_site-packages --> node_venv_lib_python3_12_site-packages_PyQt6["PyQt6"]\n    node_venv_lib_python3_12_site-packages_PyQt6 --> node_venv_lib_python3_12_site-packages_PyQt6_Qt6["Qt6"]\n    node_venv_lib_python3_12_site-packages_PyQt6_Qt6 --> node_venv_lib_python3_12_site-packages_PyQt6_Qt6_qml["qml"]\n    node_venv_lib_python3_12_site-packages_PyQt6_Qt6_qml --> node_venv_lib_python3_12_site-packages_PyQt6_Qt6_qml_QtQuick["QtQuick"]\n    node_venv_lib_python3_12_site-packages_PyQt6_Qt6_qml_QtQuick --> node_venv_lib_python3_12_site-packages_PyQt6_Qt6_qml_QtQuick_VectorImage["VectorImage"]\n    node_venv_lib_python3_12_site-packages_PyQt6_Qt6_qml_QtQuick_VectorImage --> node_venv_lib_python3_12_site-packages_PyQt6_Qt6_qml_QtQuick_VectorImage_libqquickvectorimageplugin_dylib["libqquickvectorimageplugin.dylib"]\n    Root --> node_venv["venv"]\n    node_venv --> node_venv_lib["lib"]\n    node_venv_lib --> node_venv_lib_python3_12["python3.12"]\n    node_venv_lib_python3_12 --> node_venv_lib_python3_12_site-packages["site-packages"]\n    node_venv_lib_python3_12_site-packages --> node_venv_lib_python3_12_site-packages_PyQt6["PyQt6"]\n    node_venv_lib_python3_12_site-packages_PyQt6 --> node_venv_lib_python3_12_site-packages_PyQt6_Qt6["Qt6"]\n    node_venv_lib_python3_12_site-packages_PyQt6_Qt6 --> node_venv_lib_python3_12_site-packages_PyQt6_Qt6_qml["qml"]\n    node_venv_lib_python3_12_site-packages_PyQt6_Qt6_qml --> node_venv_lib_python3_12_site-packages_PyQt6_Qt6_qml_QtQuick["QtQuick"]\n    node_venv_lib_python3_12_site-packages_PyQt6_Qt6_qml_QtQuick --> node_venv_lib_python3_12_site-packages_PyQt6_Qt6_qml_QtQuick_VectorImage["VectorImage"]\n    node_venv_lib_python3_12_site-packages_PyQt6_Qt6_qml_QtQuick_VectorImage --> node_venv_lib_python3_12_site-packages_PyQt6_Qt6_qml_QtQuick_VectorImage_plugins_qmltypes["plugins.qmltypes"]\n    Root --> node_venv["venv"]\n    node_venv --> node_venv_lib["lib"]\n    node_venv_lib --> node_venv_lib_python3_12["python3.12"]\n    node_venv_lib_python3_12 --> node_venv_lib_python3_12_site-packages["site-packages"]\n    node_venv_lib_python3_12_site-packages --> node_venv_lib_python3_12_site-packages_PyQt6["PyQt6"]\n    node_venv_lib_python3_12_site-packages_PyQt6 --> node_venv_lib_python3_12_site-packages_PyQt6_Qt6["Qt6"]\n    node_venv_lib_python3_12_site-packages_PyQt6_Qt6 --> node_venv_lib_python3_12_site-packages_PyQt6_Qt6_qml["qml"]\n    node_venv_lib_python3_12_site-packages_PyQt6_Qt6_qml --> node_venv_lib_python3_12_site-packages_PyQt6_Qt6_qml_QtQuick["QtQuick"]\n    node_venv_lib_python3_12_site-packages_PyQt6_Qt6_qml_QtQuick --> node_venv_lib_python3_12_site-packages_PyQt6_Qt6_qml_QtQuick_VectorImage["VectorImage"]\n    node_venv_lib_python3_12_site-packages_PyQt6_Qt6_qml_QtQuick_VectorImage --> node_venv_lib_python3_12_site-packages_PyQt6_Qt6_qml_QtQuick_VectorImage_qmldir["qmldir"]\n    Root --> node_venv["venv"]\n    node_venv --> node_venv_lib["lib"]\n    node_venv_lib --> node_venv_lib_python3_12["python3.12"]\n    node_venv_lib_python3_12 --> node_venv_lib_python3_12_site-packages["site-packages"]\n    node_venv_lib_python3_12_site-packages --> node_venv_lib_python3_12_site-packages_PyQt6["PyQt6"]\n    node_venv_lib_python3_12_site-packages_PyQt6 --> node_venv_lib_python3_12_site-packages_PyQt6_Qt6["Qt6"]\n    node_venv_lib_python3_12_site-packages_PyQt6_Qt6 --> node_venv_lib_python3_12_site-packages_PyQt6_Qt6_qml["qml"]\n    node_venv_lib_python3_12_site-packages_PyQt6_Qt6_qml --> node_venv_lib_python3_12_site-packages_PyQt6_Qt6_qml_QtQuick["QtQuick"]\n    node_venv_lib_python3_12_site-packages_PyQt6_Qt6_qml_QtQuick --> node_venv_lib_python3_12_site-packages_PyQt6_Qt6_qml_QtQuick_VectorImage["VectorImage"]\n    node_venv_lib_python3_12_site-packages_PyQt6_Qt6_qml_QtQuick_VectorImage --> node_venv_lib_python3_12_site-packages_PyQt6_Qt6_qml_QtQuick_VectorImage_Helpers["Helpers"]\n    node_venv_lib_python3_12_site-packages_PyQt6_Qt6_qml_QtQuick_VectorImage_Helpers --> node_venv_lib_python3_12_site-packages_PyQt6_Qt6_qml_QtQuick_VectorImage_Helpers_libqquickvectorimagehelpersplugin_dylib["libqquickvectorimagehelpersplugin.dylib"]\n    Root --> node_venv["venv"]\n    node_venv --> node_venv_lib["lib"]\n    node_venv_lib --> node_venv_lib_python3_12["python3.12"]\n    node_venv_lib_python3_12 --> node_venv_lib_python3_12_site-packages["site-packages"]\n    node_venv_lib_python3_12_site-packages --> node_venv_lib_python3_12_site-packages_PyQt6["PyQt6"]\n    node_venv_lib_python3_12_site-packages_PyQt6 --> node_venv_lib_python3_12_site-packages_PyQt6_Qt6["Qt6"]\n    node_venv_lib_python3_12_site-packages_PyQt6_Qt6 --> node_venv_lib_python3_12_site-packages_PyQt6_Qt6_qml["qml"]\n    node_venv_lib_python3_12_site-packages_PyQt6_Qt6_qml --> node_venv_lib_python3_12_site-packages_PyQt6_Qt6_qml_QtQuick["QtQuick"]\n    node_venv_lib_python3_12_site-packages_PyQt6_Qt6_qml_QtQuick --> node_venv_lib_python3_12_site-packages_PyQt6_Qt6_qml_QtQuick_VectorImage["VectorImage"]\n    node_venv_lib_python3_12_site-packages_PyQt6_Qt6_qml_QtQuick_VectorImage --> node_venv_lib_python3_12_site-packages_PyQt6_Qt6_qml_QtQuick_VectorImage_Helpers["Helpers"]\n    node_venv_lib_python3_12_site-packages_PyQt6_Qt6_qml_QtQuick_VectorImage_Helpers --> node_venv_lib_python3_12_site-packages_PyQt6_Qt6_qml_QtQuick_VectorImage_Helpers_plugins_qmltypes["plugins.qmltypes"]\n    Root --> node_venv["venv"]\n    node_venv --> node_venv_lib["lib"]\n    node_venv_lib --> node_venv_lib_python3_12["python3.12"]\n    node_venv_lib_python3_12 --> node_venv_lib_python3_12_site-packages["site-packages"]\n    node_venv_lib_python3_12_site-packages --> node_venv_lib_python3_12_site-packages_PyQt6["PyQt6"]\n    node_venv_lib_python3_12_site-packages_PyQt6 --> node_venv_lib_python3_12_site-packages_PyQt6_Qt6["Qt6"]\n    node_venv_lib_python3_12_site-packages_PyQt6_Qt6 --> node_venv_lib_python3_12_site-packages_PyQt6_Qt6_qml["qml"]\n    node_venv_lib_python3_12_site-packages_PyQt6_Qt6_qml --> node_venv_lib_python3_12_site-packages_PyQt6_Qt6_qml_QtQuick["QtQuick"]\n    node_venv_lib_python3_12_site-packages_PyQt6_Qt6_qml_QtQuick --> node_venv_lib_python3_12_site-packages_PyQt6_Qt6_qml_QtQuick_VectorImage["VectorImage"]\n    node_venv_lib_python3_12_site-packages_PyQt6_Qt6_qml_QtQuick_VectorImage --> node_venv_lib_python3_12_site-packages_PyQt6_Qt6_qml_QtQuick_VectorImage_Helpers["Helpers"]\n    node_venv_lib_python3_12_site-packages_PyQt6_Qt6_qml_QtQuick_VectorImage_Helpers --> node_venv_lib_python3_12_site-packages_PyQt6_Qt6_qml_QtQuick_VectorImage_Helpers_qmldir["qmldir"]\n    Root --> node_venv["venv"]\n    node_venv --> node_venv_lib["lib"]\n    node_venv_lib --> node_venv_lib_python3_12["python3.12"]\n    node_venv_lib_python3_12 --> node_venv_lib_python3_12_site-packages["site-packages"]\n    node_venv_lib_python3_12_site-packages --> node_venv_lib_python3_12_site-packages_PyQt6["PyQt6"]\n    node_venv_lib_python3_12_site-packages_PyQt6 --> node_venv_lib_python3_12_site-packages_PyQt6_Qt6["Qt6"]\n    node_venv_lib_python3_12_site-packages_PyQt6_Qt6 --> node_venv_lib_python3_12_site-packages_PyQt6_Qt6_qml["qml"]\n    node_venv_lib_python3_12_site-packages_PyQt6_Qt6_qml --> node_venv_lib_python3_12_site-packages_PyQt6_Qt6_qml_QtQuick["QtQuick"]\n    node_venv_lib_python3_12_site-packages_PyQt6_Qt6_qml_QtQuick --> node_venv_lib_python3_12_site-packages_PyQt6_Qt6_qml_QtQuick_Controls["Controls"]\n    node_venv_lib_python3_12_site-packages_PyQt6_Qt6_qml_QtQuick_Controls --> node_venv_lib_python3_12_site-packages_PyQt6_Qt6_qml_QtQuick_Controls_libqtquickcontrols2plugin_dylib["libqtquickcontrols2plugin.dylib"]\n    Root --> node_venv["venv"]\n    node_venv --> node_venv_lib["lib"]\n    node_venv_lib --> node_venv_lib_python3_12["python3.12"]\n    node_venv_lib_python3_12 --> node_venv_lib_python3_12_site-packages["site-packages"]\n    node_venv_lib_python3_12_site-packages --> node_venv_lib_python3_12_site-packages_PyQt6["PyQt6"]\n    node_venv_lib_python3_12_site-packages_PyQt6 --> node_venv_lib_python3_12_site-packages_PyQt6_Qt6["Qt6"]\n    node_venv_lib_python3_12_site-packages_PyQt6_Qt6 --> node_venv_lib_python3_12_site-packages_PyQt6_Qt6_qml["qml"]\n    node_venv_lib_python3_12_site-packages_PyQt6_Qt6_qml --> node_venv_lib_python3_12_site-packages_PyQt6_Qt6_qml_QtQuick["QtQuick"]\n    node_venv_lib_python3_12_site-packages_PyQt6_Qt6_qml_QtQuick --> node_venv_lib_python3_12_site-packages_PyQt6_Qt6_qml_QtQuick_Controls["Controls"]\n    node_venv_lib_python3_12_site-packages_PyQt6_Qt6_qml_QtQuick_Controls --> node_venv_lib_python3_12_site-packages_PyQt6_Qt6_qml_QtQuick_Controls_plugins_qmltypes["plugins.qmltypes"]\n    Root --> node_venv["venv"]\n    node_venv --> node_venv_lib["lib"]\n    node_venv_lib --> node_venv_lib_python3_12["python3.12"]\n    node_venv_lib_python3_12 --> node_venv_lib_python3_12_site-packages["site-packages"]\n    node_venv_lib_python3_12_site-packages --> node_venv_lib_python3_12_site-packages_PyQt6["PyQt6"]\n    node_venv_lib_python3_12_site-packages_PyQt6 --> node_venv_lib_python3_12_site-packages_PyQt6_Qt6["Qt6"]\n    node_venv_lib_python3_12_site-packages_PyQt6_Qt6 --> node_venv_lib_python3_12_site-packages_PyQt6_Qt6_qml["qml"]\n    node_venv_lib_python3_12_site-packages_PyQt6_Qt6_qml --> node_venv_lib_python3_12_site-packages_PyQt6_Qt6_qml_QtQuick["QtQuick"]\n    node_venv_lib_python3_12_site-packages_PyQt6_Qt6_qml_QtQuick --> node_venv_lib_python3_12_site-packages_PyQt6_Qt6_qml_QtQuick_Controls["Controls"]\n    node_venv_lib_python3_12_site-packages_PyQt6_Qt6_qml_QtQuick_Controls --> node_venv_lib_python3_12_site-packages_PyQt6_Qt6_qml_QtQuick_Controls_qmldir["qmldir"]\n    Root --> node_venv["venv"]\n    node_venv --> node_venv_lib["lib"]\n    node_venv_lib --> node_venv_lib_python3_12["python3.12"]\n    node_venv_lib_python3_12 --> node_venv_lib_python3_12_site-packages["site-packages"]\n    node_venv_lib_python3_12_site-packages --> node_venv_lib_python3_12_site-packages_PyQt6["PyQt6"]\n    node_venv_lib_python3_12_site-packages_PyQt6 --> node_venv_lib_python3_12_site-packages_PyQt6_Qt6["Qt6"]\n    node_venv_lib_python3_12_site-packages_PyQt6_Qt6 --> node_venv_lib_python3_12_site-packages_PyQt6_Qt6_qml["qml"]\n    node_venv_lib_python3_12_site-packages_PyQt6_Qt6_qml --> node_venv_lib_python3_12_site-packages_PyQt6_Qt6_qml_QtQuick["QtQuick"]\n    node_venv_lib_python3_12_site-packages_PyQt6_Qt6_qml_QtQuick --> node_venv_lib_python3_12_site-packages_PyQt6_Qt6_qml_QtQuick_Controls["Controls"]\n    node_venv_lib_python3_12_site-packages_PyQt6_Qt6_qml_QtQuick_Controls --> node_venv_lib_python3_12_site-packages_PyQt6_Qt6_qml_QtQuick_Controls_Fusion["Fusion"]\n    node_venv_lib_python3_12_site-packages_PyQt6_Qt6_qml_QtQuick_Controls_Fusion --> node_venv_lib_python3_12_site-packages_PyQt6_Qt6_qml_QtQuick_Controls_Fusion_ApplicationWindow_qml["ApplicationWindow.qml"]\n    Root --> node_venv["venv"]\n    node_venv --> node_venv_lib["lib"]\n    node_venv_lib --> node_venv_lib_python3_12["python3.12"]\n    node_venv_lib_python3_12 --> node_venv_lib_python3_12_site-packages["site-packages"]\n    node_venv_lib_python3_12_site-packages --> node_venv_lib_python3_12_site-packages_PyQt6["PyQt6"]\n    node_venv_lib_python3_12_site-packages_PyQt6 --> node_venv_lib_python3_12_site-packages_PyQt6_Qt6["Qt6"]\n    node_venv_lib_python3_12_site-packages_PyQt6_Qt6 --> node_venv_lib_python3_12_site-packages_PyQt6_Qt6_qml["qml"]\n    node_venv_lib_python3_12_site-packages_PyQt6_Qt6_qml --> node_venv_lib_python3_12_site-packages_PyQt6_Qt6_qml_QtQuick["QtQuick"]\n    node_venv_lib_python3_12_site-packages_PyQt6_Qt6_qml_QtQuick --> node_venv_lib_python3_12_site-packages_PyQt6_Qt6_qml_QtQuick_Controls["Controls"]\n    node_venv_lib_python3_12_site-packages_PyQt6_Qt6_qml_QtQuick_Controls --> node_venv_lib_python3_12_site-packages_PyQt6_Qt6_qml_QtQuick_Controls_Fusion["Fusion"]\n    node_venv_lib_python3_12_site-packages_PyQt6_Qt6_qml_QtQuick_Controls_Fusion --> node_venv_lib_python3_12_site-packages_PyQt6_Qt6_qml_QtQuick_Controls_Fusion_BusyIndicator_qml["BusyIndicator.qml"]\n    Root --> node_venv["venv"]\n    node_venv --> node_venv_lib["lib"]\n    node_venv_lib --> node_venv_lib_python3_12["python3.12"]\n    node_venv_lib_python3_12 --> node_venv_lib_python3_12_site-packages["site-packages"]\n    node_venv_lib_python3_12_site-packages --> node_venv_lib_python3_12_site-packages_PyQt6["PyQt6"]\n    node_venv_lib_python3_12_site-packages_PyQt6 --> node_venv_lib_python3_12_site-packages_PyQt6_Qt6["Qt6"]\n    node_venv_lib_python3_12_site-packages_PyQt6_Qt6 --> node_venv_lib_python3_12_site-packages_PyQt6_Qt6_qml["qml"]\n    node_venv_lib_python3_12_site-packages_PyQt6_Qt6_qml --> node_venv_lib_python3_12_site-packages_PyQt6_Qt6_qml_QtQuick["QtQuick"]\n    node_venv_lib_python3_12_site-packages_PyQt6_Qt6_qml_QtQuick --> node_venv_lib_python3_12_site-packages_PyQt6_Qt6_qml_QtQuick_Controls["Controls"]\n    node_venv_lib_python3_12_site-packages_PyQt6_Qt6_qml_QtQuick_Controls --> node_venv_lib_python3_12_site-packages_PyQt6_Qt6_qml_QtQuick_Controls_Fusion["Fusion"]\n    node_venv_lib_python3_12_site-packages_PyQt6_Qt6_qml_QtQuick_Controls_Fusion --> node_venv_lib_python3_12_site-packages_PyQt6_Qt6_qml_QtQuick_Controls_Fusion_Button_qml["Button.qml"]\n    Root --> node_venv["venv"]\n    node_venv --> node_venv_lib["lib"]\n    node_venv_lib --> node_venv_lib_python3_12["python3.12"]\n    node_venv_lib_python3_12 --> node_venv_lib_python3_12_site-packages["site-packages"]\n    node_venv_lib_python3_12_site-packages --> node_venv_lib_python3_12_site-packages_PyQt6["PyQt6"]\n    node_venv_lib_python3_12_site-packages_PyQt6 --> node_venv_lib_python3_12_site-packages_PyQt6_Qt6["Qt6"]\n    node_venv_lib_python3_12_site-packages_PyQt6_Qt6 --> node_venv_lib_python3_12_site-packages_PyQt6_Qt6_qml["qml"]\n    node_venv_lib_python3_12_site-packages_PyQt6_Qt6_qml --> node_venv_lib_python3_12_site-packages_PyQt6_Qt6_qml_QtQuick["QtQuick"]\n    node_venv_lib_python3_12_site-packages_PyQt6_Qt6_qml_QtQuick --> node_venv_lib_python3_12_site-packages_PyQt6_Qt6_qml_QtQuick_Controls["Controls"]\n    node_venv_lib_python3_12_site-packages_PyQt6_Qt6_qml_QtQuick_Controls --> node_venv_lib_python3_12_site-packages_PyQt6_Qt6_qml_QtQuick_Controls_Fusion["Fusion"]\n    node_venv_lib_python3_12_site-packages_PyQt6_Qt6_qml_QtQuick_Controls_Fusion --> node_venv_lib_python3_12_site-packages_PyQt6_Qt6_qml_QtQuick_Controls_Fusion_CheckBox_qml["CheckBox.qml"]\n    Root --> node_venv["venv"]\n    node_venv --> node_venv_lib["lib"]\n    node_venv_lib --> node_venv_lib_python3_12["python3.12"]\n    node_venv_lib_python3_12 --> node_venv_lib_python3_12_site-packages["site-packages"]\n    node_venv_lib_python3_12_site-packages --> node_venv_lib_python3_12_site-packages_PyQt6["PyQt6"]\n    node_venv_lib_python3_12_site-packages_PyQt6 --> node_venv_lib_python3_12_site-packages_PyQt6_Qt6["Qt6"]\n    node_venv_lib_python3_12_site-packages_PyQt6_Qt6 --> node_venv_lib_python3_12_site-packages_PyQt6_Qt6_qml["qml"]\n    node_venv_lib_python3_12_site-packages_PyQt6_Qt6_qml --> node_venv_lib_python3_12_site-packages_PyQt6_Qt6_qml_QtQuick["QtQuick"]\n    node_venv_lib_python3_12_site-packages_PyQt6_Qt6_qml_QtQuick --> node_venv_lib_python3_12_site-packages_PyQt6_Qt6_qml_QtQuick_Controls["Controls"]\n    node_venv_lib_python3_12_site-packages_PyQt6_Qt6_qml_QtQuick_Controls --> node_venv_lib_python3_12_site-packages_PyQt6_Qt6_qml_QtQuick_Controls_Fusion["Fusion"]\n    node_venv_lib_python3_12_site-packages_PyQt6_Qt6_qml_QtQuick_Controls_Fusion --> node_venv_lib_python3_12_site-packages_PyQt6_Qt6_qml_QtQuick_Controls_Fusion_CheckDelegate_qml["CheckDelegate.qml"]\n    Root --> node_venv["venv"]\n    node_venv --> node_venv_lib["lib"]\n    node_venv_lib --> node_venv_lib_python3_12["python3.12"]\n    node_venv_lib_python3_12 --> node_venv_lib_python3_12_site-packages["site-packages"]\n    node_venv_lib_python3_12_site-packages --> node_venv_lib_python3_12_site-packages_PyQt6["PyQt6"]\n    node_venv_lib_python3_12_site-packages_PyQt6 --> node_venv_lib_python3_12_site-packages_PyQt6_Qt6["Qt6"]\n    node_venv_lib_python3_12_site-packages_PyQt6_Qt6 --> node_venv_lib_python3_12_site-packages_PyQt6_Qt6_qml["qml"]\n    node_venv_lib_python3_12_site-packages_PyQt6_Qt6_qml --> node_venv_lib_python3_12_site-packages_PyQt6_Qt6_qml_QtQuick["QtQuick"]\n    node_venv_lib_python3_12_site-packages_PyQt6_Qt6_qml_QtQuick --> node_venv_lib_python3_12_site-packages_PyQt6_Qt6_qml_QtQuick_Controls["Controls"]\n    node_venv_lib_python3_12_site-packages_PyQt6_Qt6_qml_QtQuick_Controls --> node_venv_lib_python3_12_site-packages_PyQt6_Qt6_qml_QtQuick_Controls_Fusion["Fusion"]\n    node_venv_lib_python3_12_site-packages_PyQt6_Qt6_qml_QtQuick_Controls_Fusion --> node_venv_lib_python3_12_site-packages_PyQt6_Qt6_qml_QtQuick_Controls_Fusion_ComboBox_qml["ComboBox.qml"]\n    Root --> node_venv["venv"]\n    node_venv --> node_venv_lib["lib"]\n    node_venv_lib --> node_venv_lib_python3_12["python3.12"]\n    node_venv_lib_python3_12 --> node_venv_lib_python3_12_site-packages["site-packages"]\n    node_venv_lib_python3_12_site-packages --> node_venv_lib_python3_12_site-packages_PyQt6["PyQt6"]\n    node_venv_lib_python3_12_site-packages_PyQt6 --> node_venv_lib_python3_12_site-packages_PyQt6_Qt6["Qt6"]\n    node_venv_lib_python3_12_site-packages_PyQt6_Qt6 --> node_venv_lib_python3_12_site-packages_PyQt6_Qt6_qml["qml"]\n    node_venv_lib_python3_12_site-packages_PyQt6_Qt6_qml --> node_venv_lib_python3_12_site-packages_PyQt6_Qt6_qml_QtQuick["QtQuick"]\n    node_venv_lib_python3_12_site-packages_PyQt6_Qt6_qml_QtQuick --> node_venv_lib_python3_12_site-packages_PyQt6_Qt6_qml_QtQuick_Controls["Controls"]\n    node_venv_lib_python3_12_site-packages_PyQt6_Qt6_qml_QtQuick_Controls --> node_venv_lib_python3_12_site-packages_PyQt6_Qt6_qml_QtQuick_Controls_Fusion["Fusion"]\n    node_venv_lib_python3_12_site-packages_PyQt6_Qt6_qml_QtQuick_Controls_Fusion --> node_venv_lib_python3_12_site-packages_PyQt6_Qt6_qml_QtQuick_Controls_Fusion_DelayButton_qml["DelayButton.qml"]\n    Root --> node_venv["venv"]\n    node_venv --> node_venv_lib["lib"]\n    node_venv_lib --> node_venv_lib_python3_12["python3.12"]\n    node_venv_lib_python3_12 --> node_venv_lib_python3_12_site-packages["site-packages"]\n    node_venv_lib_python3_12_site-packages --> node_venv_lib_python3_12_site-packages_PyQt6["PyQt6"]\n    node_venv_lib_python3_12_site-packages_PyQt6 --> node_venv_lib_python3_12_site-packages_PyQt6_Qt6["Qt6"]\n    node_venv_lib_python3_12_site-packages_PyQt6_Qt6 --> node_venv_lib_python3_12_site-packages_PyQt6_Qt6_qml["qml"]\n    node_venv_lib_python3_12_site-packages_PyQt6_Qt6_qml --> node_venv_lib_python3_12_site-packages_PyQt6_Qt6_qml_QtQuick["QtQuick"]\n    node_venv_lib_python3_12_site-packages_PyQt6_Qt6_qml_QtQuick --> node_venv_lib_python3_12_site-packages_PyQt6_Qt6_qml_QtQuick_Controls["Controls"]\n    node_venv_lib_python3_12_site-packages_PyQt6_Qt6_qml_QtQuick_Controls --> node_venv_lib_python3_12_site-packages_PyQt6_Qt6_qml_QtQuick_Controls_Fusion["Fusion"]\n    node_venv_lib_python3_12_site-packages_PyQt6_Qt6_qml_QtQuick_Controls_Fusion --> node_venv_lib_python3_12_site-packages_PyQt6_Qt6_qml_QtQuick_Controls_Fusion_Dial_qml["Dial.qml"]\n    Root --> node_venv["venv"]\n    node_venv --> node_venv_lib["lib"]\n    node_venv_lib --> node_venv_lib_python3_12["python3.12"]\n    node_venv_lib_python3_12 --> node_venv_lib_python3_12_site-packages["site-packages"]\n    node_venv_lib_python3_12_site-packages --> node_venv_lib_python3_12_site-packages_PyQt6["PyQt6"]\n    node_venv_lib_python3_12_site-packages_PyQt6 --> node_venv_lib_python3_12_site-packages_PyQt6_Qt6["Qt6"]\n    node_venv_lib_python3_12_site-packages_PyQt6_Qt6 --> node_venv_lib_python3_12_site-packages_PyQt6_Qt6_qml["qml"]\n    node_venv_lib_python3_12_site-packages_PyQt6_Qt6_qml --> node_venv_lib_python3_12_site-packages_PyQt6_Qt6_qml_QtQuick["QtQuick"]\n    node_venv_lib_python3_12_site-packages_PyQt6_Qt6_qml_QtQuick --> node_venv_lib_python3_12_site-packages_PyQt6_Qt6_qml_QtQuick_Controls["Controls"]\n    node_venv_lib_python3_12_site-packages_PyQt6_Qt6_qml_QtQuick_Controls --> node_venv_lib_python3_12_site-packages_PyQt6_Qt6_qml_QtQuick_Controls_Fusion["Fusion"]\n    node_venv_lib_python3_12_site-packages_PyQt6_Qt6_qml_QtQuick_Controls_Fusion --> node_venv_lib_python3_12_site-packages_PyQt6_Qt6_qml_QtQuick_Controls_Fusion_Dialog_qml["Dialog.qml"]\n    Root --> node_venv["venv"]\n    node_venv --> node_venv_lib["lib"]\n    node_venv_lib --> node_venv_lib_python3_12["python3.12"]\n    node_venv_lib_python3_12 --> node_venv_lib_python3_12_site-packages["site-packages"]\n    node_venv_lib_python3_12_site-packages --> node_venv_lib_python3_12_site-packages_PyQt6["PyQt6"]\n    node_venv_lib_python3_12_site-packages_PyQt6 --> node_venv_lib_python3_12_site-packages_PyQt6_Qt6["Qt6"]\n    node_venv_lib_python3_12_site-packages_PyQt6_Qt6 --> node_venv_lib_python3_12_site-packages_PyQt6_Qt6_qml["qml"]\n    node_venv_lib_python3_12_site-packages_PyQt6_Qt6_qml --> node_venv_lib_python3_12_site-packages_PyQt6_Qt6_qml_QtQuick["QtQuick"]\n    node_venv_lib_python3_12_site-packages_PyQt6_Qt6_qml_QtQuick --> node_venv_lib_python3_12_site-packages_PyQt6_Qt6_qml_QtQuick_Controls["Controls"]\n    node_venv_lib_python3_12_site-packages_PyQt6_Qt6_qml_QtQuick_Controls --> node_venv_lib_python3_12_site-packages_PyQt6_Qt6_qml_QtQuick_Controls_Fusion["Fusion"]\n    node_venv_lib_python3_12_site-packages_PyQt6_Qt6_qml_QtQuick_Controls_Fusion --> node_venv_lib_python3_12_site-packages_PyQt6_Qt6_qml_QtQuick_Controls_Fusion_DialogButtonBox_qml["DialogButtonBox.qml"]\n    Root --> node_venv["venv"]\n    node_venv --> node_venv_lib["lib"]\n    node_venv_lib --> node_venv_lib_python3_12["python3.12"]\n    node_venv_lib_python3_12 --> node_venv_lib_python3_12_site-packages["site-packages"]\n    node_venv_lib_python3_12_site-packages --> node_venv_lib_python3_12_site-packages_PyQt6["PyQt6"]\n    node_venv_lib_python3_12_site-packages_PyQt6 --> node_venv_lib_python3_12_site-packages_PyQt6_Qt6["Qt6"]\n    node_venv_lib_python3_12_site-packages_PyQt6_Qt6 --> node_venv_lib_python3_12_site-packages_PyQt6_Qt6_qml["qml"]\n    node_venv_lib_python3_12_site-packages_PyQt6_Qt6_qml --> node_venv_lib_python3_12_site-packages_PyQt6_Qt6_qml_QtQuick["QtQuick"]\n    node_venv_lib_python3_12_site-packages_PyQt6_Qt6_qml_QtQuick --> node_venv_lib_python3_12_site-packages_PyQt6_Qt6_qml_QtQuick_Controls["Controls"]\n    node_venv_lib_python3_12_site-packages_PyQt6_Qt6_qml_QtQuick_Controls --> node_venv_lib_python3_12_site-packages_PyQt6_Qt6_qml_QtQuick_Controls_Fusion["Fusion"]\n    node_venv_lib_python3_12_site-packages_PyQt6_Qt6_qml_QtQuick_Controls_Fusion --> node_venv_lib_python3_12_site-packages_PyQt6_Qt6_qml_QtQuick_Controls_Fusion_Drawer_qml["Drawer.qml"]\n    Root --> node_venv["venv"]\n    node_venv --> node_venv_lib["lib"]\n    node_venv_lib --> node_venv_lib_python3_12["python3.12"]\n    node_venv_lib_python3_12 --> node_venv_lib_python3_12_site-packages["site-packages"]\n    node_venv_lib_python3_12_site-packages --> node_venv_lib_python3_12_site-packages_PyQt6["PyQt6"]\n    node_venv_lib_python3_12_site-packages_PyQt6 --> node_venv_lib_python3_12_site-packages_PyQt6_Qt6["Qt6"]\n    node_venv_lib_python3_12_site-packages_PyQt6_Qt6 --> node_venv_lib_python3_12_site-packages_PyQt6_Qt6_qml["qml"]\n    node_venv_lib_python3_12_site-packages_PyQt6_Qt6_qml --> node_venv_lib_python3_12_site-packages_PyQt6_Qt6_qml_QtQuick["QtQuick"]\n    node_venv_lib_python3_12_site-packages_PyQt6_Qt6_qml_QtQuick --> node_venv_lib_python3_12_site-packages_PyQt6_Qt6_qml_QtQuick_Controls["Controls"]\n    node_venv_lib_python3_12_site-packages_PyQt6_Qt6_qml_QtQuick_Controls --> node_venv_lib_python3_12_site-packages_PyQt6_Qt6_qml_QtQuick_Controls_Fusion["Fusion"]\n    node_venv_lib_python3_12_site-packages_PyQt6_Qt6_qml_QtQuick_Controls_Fusion --> node_venv_lib_python3_12_site-packages_PyQt6_Qt6_qml_QtQuick_Controls_Fusion_Frame_qml["Frame.qml"]\n    Root --> node_venv["venv"]\n    node_venv --> node_venv_lib["lib"]\n    node_venv_lib --> node_venv_lib_python3_12["python3.12"]\n    node_venv_lib_python3_12 --> node_venv_lib_python3_12_site-packages["site-packages"]\n    node_venv_lib_python3_12_site-packages --> node_venv_lib_python3_12_site-packages_PyQt6["PyQt6"]\n    node_venv_lib_python3_12_site-packages_PyQt6 --> node_venv_lib_python3_12_site-packages_PyQt6_Qt6["Qt6"]\n    node_venv_lib_python3_12_site-packages_PyQt6_Qt6 --> node_venv_lib_python3_12_site-packages_PyQt6_Qt6_qml["qml"]\n    node_venv_lib_python3_12_site-packages_PyQt6_Qt6_qml --> node_venv_lib_python3_12_site-packages_PyQt6_Qt6_qml_QtQuick["QtQuick"]\n    node_venv_lib_python3_12_site-packages_PyQt6_Qt6_qml_QtQuick --> node_venv_lib_python3_12_site-packages_PyQt6_Qt6_qml_QtQuick_Controls["Controls"]\n    node_venv_lib_python3_12_site-packages_PyQt6_Qt6_qml_QtQuick_Controls --> node_venv_lib_python3_12_site-packages_PyQt6_Qt6_qml_QtQuick_Controls_Fusion["Fusion"]\n    node_venv_lib_python3_12_site-packages_PyQt6_Qt6_qml_QtQuick_Controls_Fusion --> node_venv_lib_python3_12_site-packages_PyQt6_Qt6_qml_QtQuick_Controls_Fusion_GroupBox_qml["GroupBox.qml"]\n    Root --> node_venv["venv"]\n    node_venv --> node_venv_lib["lib"]\n    node_venv_lib --> node_venv_lib_python3_12["python3.12"]\n    node_venv_lib_python3_12 --> node_venv_lib_python3_12_site-packages["site-packages"]\n    node_venv_lib_python3_12_site-packages --> node_venv_lib_python3_12_site-packages_PyQt6["PyQt6"]\n    node_venv_lib_python3_12_site-packages_PyQt6 --> node_venv_lib_python3_12_site-packages_PyQt6_Qt6["Qt6"]\n    node_venv_lib_python3_12_site-packages_PyQt6_Qt6 --> node_venv_lib_python3_12_site-packages_PyQt6_Qt6_qml["qml"]\n    node_venv_lib_python3_12_site-packages_PyQt6_Qt6_qml --> node_venv_lib_python3_12_site-packages_PyQt6_Qt6_qml_QtQuick["QtQuick"]\n    node_venv_lib_python3_12_site-packages_PyQt6_Qt6_qml_QtQuick --> node_venv_lib_python3_12_site-packages_PyQt6_Qt6_qml_QtQuick_Controls["Controls"]\n    node_venv_lib_python3_12_site-packages_PyQt6_Qt6_qml_QtQuick_Controls --> node_venv_lib_python3_12_site-packages_PyQt6_Qt6_qml_QtQuick_Controls_Fusion["Fusion"]\n    node_venv_lib_python3_12_site-packages_PyQt6_Qt6_qml_QtQuick_Controls_Fusion --> node_venv_lib_python3_12_site-packages_PyQt6_Qt6_qml_QtQuick_Controls_Fusion_HorizontalHeaderView_qml["HorizontalHeaderView.qml"]\n    Root --> node_venv["venv"]\n    node_venv --> node_venv_lib["lib"]\n    node_venv_lib --> node_venv_lib_python3_12["python3.12"]\n    node_venv_lib_python3_12 --> node_venv_lib_python3_12_site-packages["site-packages"]\n    node_venv_lib_python3_12_site-packages --> node_venv_lib_python3_12_site-packages_PyQt6["PyQt6"]\n    node_venv_lib_python3_12_site-packages_PyQt6 --> node_venv_lib_python3_12_site-packages_PyQt6_Qt6["Qt6"]\n    node_venv_lib_python3_12_site-packages_PyQt6_Qt6 --> node_venv_lib_python3_12_site-packages_PyQt6_Qt6_qml["qml"]\n    node_venv_lib_python3_12_site-packages_PyQt6_Qt6_qml --> node_venv_lib_python3_12_site-packages_PyQt6_Qt6_qml_QtQuick["QtQuick"]\n    node_venv_lib_python3_12_site-packages_PyQt6_Qt6_qml_QtQuick --> node_venv_lib_python3_12_site-packages_PyQt6_Qt6_qml_QtQuick_Controls["Controls"]\n    node_venv_lib_python3_12_site-packages_PyQt6_Qt6_qml_QtQuick_Controls --> node_venv_lib_python3_12_site-packages_PyQt6_Qt6_qml_QtQuick_Controls_Fusion["Fusion"]\n    node_venv_lib_python3_12_site-packages_PyQt6_Qt6_qml_QtQuick_Controls_Fusion --> node_venv_lib_python3_12_site-packages_PyQt6_Qt6_qml_QtQuick_Controls_Fusion_HorizontalHeaderViewDelegate_qml["HorizontalHeaderViewDelegate.qml"]\n    Root --> node_venv["venv"]\n    node_venv --> node_venv_lib["lib"]\n    node_venv_lib --> node_venv_lib_python3_12["python3.12"]\n    node_venv_lib_python3_12 --> node_venv_lib_python3_12_site-packages["site-packages"]\n    node_venv_lib_python3_12_site-packages --> node_venv_lib_python3_12_site-packages_PyQt6["PyQt6"]\n    node_venv_lib_python3_12_site-packages_PyQt6 --> node_venv_lib_python3_12_site-packages_PyQt6_Qt6["Qt6"]\n    node_venv_lib_python3_12_site-packages_PyQt6_Qt6 --> node_venv_lib_python3_12_site-packages_PyQt6_Qt6_qml["qml"]\n    node_venv_lib_python3_12_site-packages_PyQt6_Qt6_qml --> node_venv_lib_python3_12_site-packages_PyQt6_Qt6_qml_QtQuick["QtQuick"]\n    node_venv_lib_python3_12_site-packages_PyQt6_Qt6_qml_QtQuick --> node_venv_lib_python3_12_site-packages_PyQt6_Qt6_qml_QtQuick_Controls["Controls"]\n    node_venv_lib_python3_12_site-packages_PyQt6_Qt6_qml_QtQuick_Controls --> node_venv_lib_python3_12_site-packages_PyQt6_Qt6_qml_QtQuick_Controls_Fusion["Fusion"]\n    node_venv_lib_python3_12_site-packages_PyQt6_Qt6_qml_QtQuick_Controls_Fusion --> node_venv_lib_python3_12_site-packages_PyQt6_Qt6_qml_QtQuick_Controls_Fusion_ItemDelegate_qml["ItemDelegate.qml"]\n    Root --> node_venv["venv"]\n    node_venv --> node_venv_lib["lib"]\n    node_venv_lib --> node_venv_lib_python3_12["python3.12"]\n    node_venv_lib_python3_12 --> node_venv_lib_python3_12_site-packages["site-packages"]\n    node_venv_lib_python3_12_site-packages --> node_venv_lib_python3_12_site-packages_PyQt6["PyQt6"]\n    node_venv_lib_python3_12_site-packages_PyQt6 --> node_venv_lib_python3_12_site-packages_PyQt6_Qt6["Qt6"]\n    node_venv_lib_python3_12_site-packages_PyQt6_Qt6 --> node_venv_lib_python3_12_site-packages_PyQt6_Qt6_qml["qml"]\n    node_venv_lib_python3_12_site-packages_PyQt6_Qt6_qml --> node_venv_lib_python3_12_site-packages_PyQt6_Qt6_qml_QtQuick["QtQuick"]\n    node_venv_lib_python3_12_site-packages_PyQt6_Qt6_qml_QtQuick --> node_venv_lib_python3_12_site-packages_PyQt6_Qt6_qml_QtQuick_Controls["Controls"]\n    node_venv_lib_python3_12_site-packages_PyQt6_Qt6_qml_QtQuick_Controls --> node_venv_lib_python3_12_site-packages_PyQt6_Qt6_qml_QtQuick_Controls_Fusion["Fusion"]\n    node_venv_lib_python3_12_site-packages_PyQt6_Qt6_qml_QtQuick_Controls_Fusion --> node_venv_lib_python3_12_site-packages_PyQt6_Qt6_qml_QtQuick_Controls_Fusion_Label_qml["Label.qml"]\n    Root --> node_venv["venv"]\n    node_venv --> node_venv_lib["lib"]\n    node_venv_lib --> node_venv_lib_python3_12["python3.12"]\n    node_venv_lib_python3_12 --> node_venv_lib_python3_12_site-packages["site-packages"]\n    node_venv_lib_python3_12_site-packages --> node_venv_lib_python3_12_site-packages_PyQt6["PyQt6"]\n    node_venv_lib_python3_12_site-packages_PyQt6 --> node_venv_lib_python3_12_site-packages_PyQt6_Qt6["Qt6"]\n    node_venv_lib_python3_12_site-packages_PyQt6_Qt6 --> node_venv_lib_python3_12_site-packages_PyQt6_Qt6_qml["qml"]\n    node_venv_lib_python3_12_site-packages_PyQt6_Qt6_qml --> node_venv_lib_python3_12_site-packages_PyQt6_Qt6_qml_QtQuick["QtQuick"]\n    node_venv_lib_python3_12_site-packages_PyQt6_Qt6_qml_QtQuick --> node_venv_lib_python3_12_site-packages_PyQt6_Qt6_qml_QtQuick_Controls["Controls"]\n    node_venv_lib_python3_12_site-packages_PyQt6_Qt6_qml_QtQuick_Controls --> node_venv_lib_python3_12_site-packages_PyQt6_Qt6_qml_QtQuick_Controls_Fusion["Fusion"]\n    node_venv_lib_python3_12_site-packages_PyQt6_Qt6_qml_QtQuick_Controls_Fusion --> node_venv_lib_python3_12_site-packages_PyQt6_Qt6_qml_QtQuick_Controls_Fusion_Menu_qml["Menu.qml"]\n    Root --> node_venv["venv"]\n    node_venv --> node_venv_lib["lib"]\n    node_venv_lib --> node_venv_lib_python3_12["python3.12"]\n    node_venv_lib_python3_12 --> node_venv_lib_python3_12_site-packages["site-packages"]\n    node_venv_lib_python3_12_site-packages --> node_venv_lib_python3_12_site-packages_PyQt6["PyQt6"]\n    node_venv_lib_python3_12_site-packages_PyQt6 --> node_venv_lib_python3_12_site-packages_PyQt6_Qt6["Qt6"]\n    node_venv_lib_python3_12_site-packages_PyQt6_Qt6 --> node_venv_lib_python3_12_site-packages_PyQt6_Qt6_qml["qml"]\n    node_venv_lib_python3_12_site-packages_PyQt6_Qt6_qml --> node_venv_lib_python3_12_site-packages_PyQt6_Qt6_qml_QtQuick["QtQuick"]\n    node_venv_lib_python3_12_site-packages_PyQt6_Qt6_qml_QtQuick --> node_venv_lib_python3_12_site-packages_PyQt6_Qt6_qml_QtQuick_Controls["Controls"]\n    node_venv_lib_python3_12_site-packages_PyQt6_Qt6_qml_QtQuick_Controls --> node_venv_lib_python3_12_site-packages_PyQt6_Qt6_qml_QtQuick_Controls_Fusion["Fusion"]\n    node_venv_lib_python3_12_site-packages_PyQt6_Qt6_qml_QtQuick_Controls_Fusion --> node_venv_lib_python3_12_site-packages_PyQt6_Qt6_qml_QtQuick_Controls_Fusion_MenuBar_qml["MenuBar.qml"]\n    Root --> node_venv["venv"]\n    node_venv --> node_venv_lib["lib"]\n    node_venv_lib --> node_venv_lib_python3_12["python3.12"]\n    node_venv_lib_python3_12 --> node_venv_lib_python3_12_site-packages["site-packages"]\n    node_venv_lib_python3_12_site-packages --> node_venv_lib_python3_12_site-packages_PyQt6["PyQt6"]\n    node_venv_lib_python3_12_site-packages_PyQt6 --> node_venv_lib_python3_12_site-packages_PyQt6_Qt6["Qt6"]\n    node_venv_lib_python3_12_site-packages_PyQt6_Qt6 --> node_venv_lib_python3_12_site-packages_PyQt6_Qt6_qml["qml"]\n    node_venv_lib_python3_12_site-packages_PyQt6_Qt6_qml --> node_venv_lib_python3_12_site-packages_PyQt6_Qt6_qml_QtQuick["QtQuick"]\n    node_venv_lib_python3_12_site-packages_PyQt6_Qt6_qml_QtQuick --> node_venv_lib_python3_12_site-packages_PyQt6_Qt6_qml_QtQuick_Controls["Controls"]\n    node_venv_lib_python3_12_site-packages_PyQt6_Qt6_qml_QtQuick_Controls --> node_venv_lib_python3_12_site-packages_PyQt6_Qt6_qml_QtQuick_Controls_Fusion["Fusion"]\n    node_venv_lib_python3_12_site-packages_PyQt6_Qt6_qml_QtQuick_Controls_Fusion --> node_venv_lib_python3_12_site-packages_PyQt6_Qt6_qml_QtQuick_Controls_Fusion_MenuBarItem_qml["MenuBarItem.qml"]\n    Root --> node_venv["venv"]\n    node_venv --> node_venv_lib["lib"]\n    node_venv_lib --> node_venv_lib_python3_12["python3.12"]\n    node_venv_lib_python3_12 --> node_venv_lib_python3_12_site-packages["site-packages"]\n    node_venv_lib_python3_12_site-packages --> node_venv_lib_python3_12_site-packages_PyQt6["PyQt6"]\n    node_venv_lib_python3_12_site-packages_PyQt6 --> node_venv_lib_python3_12_site-packages_PyQt6_Qt6["Qt6"]\n    node_venv_lib_python3_12_site-packages_PyQt6_Qt6 --> node_venv_lib_python3_12_site-packages_PyQt6_Qt6_qml["qml"]\n    node_venv_lib_python3_12_site-packages_PyQt6_Qt6_qml --> node_venv_lib_python3_12_site-packages_PyQt6_Qt6_qml_QtQuick["QtQuick"]\n    node_venv_lib_python3_12_site-packages_PyQt6_Qt6_qml_QtQuick --> node_venv_lib_python3_12_site-packages_PyQt6_Qt6_qml_QtQuick_Controls["Controls"]\n    node_venv_lib_python3_12_site-packages_PyQt6_Qt6_qml_QtQuick_Controls --> node_venv_lib_python3_12_site-packages_PyQt6_Qt6_qml_QtQuick_Controls_Fusion["Fusion"]\n    node_venv_lib_python3_12_site-packages_PyQt6_Qt6_qml_QtQuick_Controls_Fusion --> node_venv_lib_python3_12_site-packages_PyQt6_Qt6_qml_QtQuick_Controls_Fusion_MenuItem_qml["MenuItem.qml"]\n    Root --> node_venv["venv"]\n    node_venv --> node_venv_lib["lib"]\n    node_venv_lib --> node_venv_lib_python3_12["python3.12"]\n    node_venv_lib_python3_12 --> node_venv_lib_python3_12_site-packages["site-packages"]\n    node_venv_lib_python3_12_site-packages --> node_venv_lib_python3_12_site-packages_PyQt6["PyQt6"]\n    node_venv_lib_python3_12_site-packages_PyQt6 --> node_venv_lib_python3_12_site-packages_PyQt6_Qt6["Qt6"]\n    node_venv_lib_python3_12_site-packages_PyQt6_Qt6 --> node_venv_lib_python3_12_site-packages_PyQt6_Qt6_qml["qml"]\n    node_venv_lib_python3_12_site-packages_PyQt6_Qt6_qml --> node_venv_lib_python3_12_site-packages_PyQt6_Qt6_qml_QtQuick["QtQuick"]\n    node_venv_lib_python3_12_site-packages_PyQt6_Qt6_qml_QtQuick --> node_venv_lib_python3_12_site-packages_PyQt6_Qt6_qml_QtQuick_Controls["Controls"]\n    node_venv_lib_python3_12_site-packages_PyQt6_Qt6_qml_QtQuick_Controls --> node_venv_lib_python3_12_site-packages_PyQt6_Qt6_qml_QtQuick_Controls_Fusion["Fusion"]\n    node_venv_lib_python3_12_site-packages_PyQt6_Qt6_qml_QtQuick_Controls_Fusion --> node_venv_lib_python3_12_site-packages_PyQt6_Qt6_qml_QtQuick_Controls_Fusion_MenuSeparator_qml["MenuSeparator.qml"]\n    Root --> node_venv["venv"]\n    node_venv --> node_venv_lib["lib"]\n    node_venv_lib --> node_venv_lib_python3_12["python3.12"]\n    node_venv_lib_python3_12 --> node_venv_lib_python3_12_site-packages["site-packages"]\n    node_venv_lib_python3_12_site-packages --> node_venv_lib_python3_12_site-packages_PyQt6["PyQt6"]\n    node_venv_lib_python3_12_site-packages_PyQt6 --> node_venv_lib_python3_12_site-packages_PyQt6_Qt6["Qt6"]\n    node_venv_lib_python3_12_site-packages_PyQt6_Qt6 --> node_venv_lib_python3_12_site-packages_PyQt6_Qt6_qml["qml"]\n    node_venv_lib_python3_12_site-packages_PyQt6_Qt6_qml --> node_venv_lib_python3_12_site-packages_PyQt6_Qt6_qml_QtQuick["QtQuick"]\n    node_venv_lib_python3_12_site-packages_PyQt6_Qt6_qml_QtQuick --> node_venv_lib_python3_12_site-packages_PyQt6_Qt6_qml_QtQuick_Controls["Controls"]\n    node_venv_lib_python3_12_site-packages_PyQt6_Qt6_qml_QtQuick_Controls --> node_venv_lib_python3_12_site-packages_PyQt6_Qt6_qml_QtQuick_Controls_Fusion["Fusion"]\n    node_venv_lib_python3_12_site-packages_PyQt6_Qt6_qml_QtQuick_Controls_Fusion --> node_venv_lib_python3_12_site-packages_PyQt6_Qt6_qml_QtQuick_Controls_Fusion_Page_qml["Page.qml"]\n    Root --> node_venv["venv"]\n    node_venv --> node_venv_lib["lib"]\n    node_venv_lib --> node_venv_lib_python3_12["python3.12"]\n    node_venv_lib_python3_12 --> node_venv_lib_python3_12_site-packages["site-packages"]\n    node_venv_lib_python3_12_site-packages --> node_venv_lib_python3_12_site-packages_PyQt6["PyQt6"]\n    node_venv_lib_python3_12_site-packages_PyQt6 --> node_venv_lib_python3_12_site-packages_PyQt6_Qt6["Qt6"]\n    node_venv_lib_python3_12_site-packages_PyQt6_Qt6 --> node_venv_lib_python3_12_site-packages_PyQt6_Qt6_qml["qml"]\n    node_venv_lib_python3_12_site-packages_PyQt6_Qt6_qml --> node_venv_lib_python3_12_site-packages_PyQt6_Qt6_qml_QtQuick["QtQuick"]\n    node_venv_lib_python3_12_site-packages_PyQt6_Qt6_qml_QtQuick --> node_venv_lib_python3_12_site-packages_PyQt6_Qt6_qml_QtQuick_Controls["Controls"]\n    node_venv_lib_python3_12_site-packages_PyQt6_Qt6_qml_QtQuick_Controls --> node_venv_lib_python3_12_site-packages_PyQt6_Qt6_qml_QtQuick_Controls_Fusion["Fusion"]\n    node_venv_lib_python3_12_site-packages_PyQt6_Qt6_qml_QtQuick_Controls_Fusion --> node_venv_lib_python3_12_site-packages_PyQt6_Qt6_qml_QtQuick_Controls_Fusion_PageIndicator_qml["PageIndicator.qml"]\n    Root --> node_venv["venv"]\n    node_venv --> node_venv_lib["lib"]\n    node_venv_lib --> node_venv_lib_python3_12["python3.12"]\n    node_venv_lib_python3_12 --> node_venv_lib_python3_12_site-packages["site-packages"]\n    node_venv_lib_python3_12_site-packages --> node_venv_lib_python3_12_site-packages_PyQt6["PyQt6"]\n    node_venv_lib_python3_12_site-packages_PyQt6 --> node_venv_lib_python3_12_site-packages_PyQt6_Qt6["Qt6"]\n    node_venv_lib_python3_12_site-packages_PyQt6_Qt6 --> node_venv_lib_python3_12_site-packages_PyQt6_Qt6_qml["qml"]\n    node_venv_lib_python3_12_site-packages_PyQt6_Qt6_qml --> node_venv_lib_python3_12_site-packages_PyQt6_Qt6_qml_QtQuick["QtQuick"]\n    node_venv_lib_python3_12_site-packages_PyQt6_Qt6_qml_QtQuick --> node_venv_lib_python3_12_site-packages_PyQt6_Qt6_qml_QtQuick_Controls["Controls"]\n    node_venv_lib_python3_12_site-packages_PyQt6_Qt6_qml_QtQuick_Controls --> node_venv_lib_python3_12_site-packages_PyQt6_Qt6_qml_QtQuick_Controls_Fusion["Fusion"]\n    node_venv_lib_python3_12_site-packages_PyQt6_Qt6_qml_QtQuick_Controls_Fusion --> node_venv_lib_python3_12_site-packages_PyQt6_Qt6_qml_QtQuick_Controls_Fusion_Pane_qml["Pane.qml"]\n    Root --> node_venv["venv"]\n    node_venv --> node_venv_lib["lib"]\n    node_venv_lib --> node_venv_lib_python3_12["python3.12"]\n    node_venv_lib_python3_12 --> node_venv_lib_python3_12_site-packages["site-packages"]\n    node_venv_lib_python3_12_site-packages --> node_venv_lib_python3_12_site-packages_PyQt6["PyQt6"]\n    node_venv_lib_python3_12_site-packages_PyQt6 --> node_venv_lib_python3_12_site-packages_PyQt6_Qt6["Qt6"]\n    node_venv_lib_python3_12_site-packages_PyQt6_Qt6 --> node_venv_lib_python3_12_site-packages_PyQt6_Qt6_qml["qml"]\n    node_venv_lib_python3_12_site-packages_PyQt6_Qt6_qml --> node_venv_lib_python3_12_site-packages_PyQt6_Qt6_qml_QtQuick["QtQuick"]\n    node_venv_lib_python3_12_site-packages_PyQt6_Qt6_qml_QtQuick --> node_venv_lib_python3_12_site-packages_PyQt6_Qt6_qml_QtQuick_Controls["Controls"]\n    node_venv_lib_python3_12_site-packages_PyQt6_Qt6_qml_QtQuick_Controls --> node_venv_lib_python3_12_site-packages_PyQt6_Qt6_qml_QtQuick_Controls_Fusion["Fusion"]\n    node_venv_lib_python3_12_site-packages_PyQt6_Qt6_qml_QtQuick_Controls_Fusion --> node_venv_lib_python3_12_site-packages_PyQt6_Qt6_qml_QtQuick_Controls_Fusion_Popup_qml["Popup.qml"]\n    Root --> node_venv["venv"]\n    node_venv --> node_venv_lib["lib"]\n    node_venv_lib --> node_venv_lib_python3_12["python3.12"]\n    node_venv_lib_python3_12 --> node_venv_lib_python3_12_site-packages["site-packages"]\n    node_venv_lib_python3_12_site-packages --> node_venv_lib_python3_12_site-packages_PyQt6["PyQt6"]\n    node_venv_lib_python3_12_site-packages_PyQt6 --> node_venv_lib_python3_12_site-packages_PyQt6_Qt6["Qt6"]\n    node_venv_lib_python3_12_site-packages_PyQt6_Qt6 --> node_venv_lib_python3_12_site-packages_PyQt6_Qt6_qml["qml"]\n    node_venv_lib_python3_12_site-packages_PyQt6_Qt6_qml --> node_venv_lib_python3_12_site-packages_PyQt6_Qt6_qml_QtQuick["QtQuick"]\n    node_venv_lib_python3_12_site-packages_PyQt6_Qt6_qml_QtQuick --> node_venv_lib_python3_12_site-packages_PyQt6_Qt6_qml_QtQuick_Controls["Controls"]\n    node_venv_lib_python3_12_site-packages_PyQt6_Qt6_qml_QtQuick_Controls --> node_venv_lib_python3_12_site-packages_PyQt6_Qt6_qml_QtQuick_Controls_Fusion["Fusion"]\n    node_venv_lib_python3_12_site-packages_PyQt6_Qt6_qml_QtQuick_Controls_Fusion --> node_venv_lib_python3_12_site-packages_PyQt6_Qt6_qml_QtQuick_Controls_Fusion_ProgressBar_qml["ProgressBar.qml"]\n    Root --> node_venv["venv"]\n    node_venv --> node_venv_lib["lib"]\n    node_venv_lib --> node_venv_lib_python3_12["python3.12"]\n    node_venv_lib_python3_12 --> node_venv_lib_python3_12_site-packages["site-packages"]\n    node_venv_lib_python3_12_site-packages --> node_venv_lib_python3_12_site-packages_PyQt6["PyQt6"]\n    node_venv_lib_python3_12_site-packages_PyQt6 --> node_venv_lib_python3_12_site-packages_PyQt6_Qt6["Qt6"]\n    node_venv_lib_python3_12_site-packages_PyQt6_Qt6 --> node_venv_lib_python3_12_site-packages_PyQt6_Qt6_qml["qml"]\n    node_venv_lib_python3_12_site-packages_PyQt6_Qt6_qml --> node_venv_lib_python3_12_site-packages_PyQt6_Qt6_qml_QtQuick["QtQuick"]\n    node_venv_lib_python3_12_site-packages_PyQt6_Qt6_qml_QtQuick --> node_venv_lib_python3_12_site-packages_PyQt6_Qt6_qml_QtQuick_Controls["Controls"]\n    node_venv_lib_python3_12_site-packages_PyQt6_Qt6_qml_QtQuick_Controls --> node_venv_lib_python3_12_site-packages_PyQt6_Qt6_qml_QtQuick_Controls_Fusion["Fusion"]\n    node_venv_lib_python3_12_site-packages_PyQt6_Qt6_qml_QtQuick_Controls_Fusion --> node_venv_lib_python3_12_site-packages_PyQt6_Qt6_qml_QtQuick_Controls_Fusion_RadioButton_qml["RadioButton.qml"]\n    Root --> node_venv["venv"]\n    node_venv --> node_venv_lib["lib"]\n    node_venv_lib --> node_venv_lib_python3_12["python3.12"]\n    node_venv_lib_python3_12 --> node_venv_lib_python3_12_site-packages["site-packages"]\n    node_venv_lib_python3_12_site-packages --> node_venv_lib_python3_12_site-packages_PyQt6["PyQt6"]\n    node_venv_lib_python3_12_site-packages_PyQt6 --> node_venv_lib_python3_12_site-packages_PyQt6_Qt6["Qt6"]\n    node_venv_lib_python3_12_site-packages_PyQt6_Qt6 --> node_venv_lib_python3_12_site-packages_PyQt6_Qt6_qml["qml"]\n    node_venv_lib_python3_12_site-packages_PyQt6_Qt6_qml --> node_venv_lib_python3_12_site-packages_PyQt6_Qt6_qml_QtQuick["QtQuick"]\n    node_venv_lib_python3_12_site-packages_PyQt6_Qt6_qml_QtQuick --> node_venv_lib_python3_12_site-packages_PyQt6_Qt6_qml_QtQuick_Controls["Controls"]\n    node_venv_lib_python3_12_site-packages_PyQt6_Qt6_qml_QtQuick_Controls --> node_venv_lib_python3_12_site-packages_PyQt6_Qt6_qml_QtQuick_Controls_Fusion["Fusion"]\n    node_venv_lib_python3_12_site-packages_PyQt6_Qt6_qml_QtQuick_Controls_Fusion --> node_venv_lib_python3_12_site-packages_PyQt6_Qt6_qml_QtQuick_Controls_Fusion_RadioDelegate_qml["RadioDelegate.qml"]\n    Root --> node_venv["venv"]\n    node_venv --> node_venv_lib["lib"]\n    node_venv_lib --> node_venv_lib_python3_12["python3.12"]\n    node_venv_lib_python3_12 --> node_venv_lib_python3_12_site-packages["site-packages"]\n    node_venv_lib_python3_12_site-packages --> node_venv_lib_python3_12_site-packages_PyQt6["PyQt6"]\n    node_venv_lib_python3_12_site-packages_PyQt6 --> node_venv_lib_python3_12_site-packages_PyQt6_Qt6["Qt6"]\n    node_venv_lib_python3_12_site-packages_PyQt6_Qt6 --> node_venv_lib_python3_12_site-packages_PyQt6_Qt6_qml["qml"]\n    node_venv_lib_python3_12_site-packages_PyQt6_Qt6_qml --> node_venv_lib_python3_12_site-packages_PyQt6_Qt6_qml_QtQuick["QtQuick"]\n    node_venv_lib_python3_12_site-packages_PyQt6_Qt6_qml_QtQuick --> node_venv_lib_python3_12_site-packages_PyQt6_Qt6_qml_QtQuick_Controls["Controls"]\n    node_venv_lib_python3_12_site-packages_PyQt6_Qt6_qml_QtQuick_Controls --> node_venv_lib_python3_12_site-packages_PyQt6_Qt6_qml_QtQuick_Controls_Fusion["Fusion"]\n    node_venv_lib_python3_12_site-packages_PyQt6_Qt6_qml_QtQuick_Controls_Fusion --> node_venv_lib_python3_12_site-packages_PyQt6_Qt6_qml_QtQuick_Controls_Fusion_RangeSlider_qml["RangeSlider.qml"]\n    Root --> node_venv["venv"]\n    node_venv --> node_venv_lib["lib"]\n    node_venv_lib --> node_venv_lib_python3_12["python3.12"]\n    node_venv_lib_python3_12 --> node_venv_lib_python3_12_site-packages["site-packages"]\n    node_venv_lib_python3_12_site-packages --> node_venv_lib_python3_12_site-packages_PyQt6["PyQt6"]\n    node_venv_lib_python3_12_site-packages_PyQt6 --> node_venv_lib_python3_12_site-packages_PyQt6_Qt6["Qt6"]\n    node_venv_lib_python3_12_site-packages_PyQt6_Qt6 --> node_venv_lib_python3_12_site-packages_PyQt6_Qt6_qml["qml"]\n    node_venv_lib_python3_12_site-packages_PyQt6_Qt6_qml --> node_venv_lib_python3_12_site-packages_PyQt6_Qt6_qml_QtQuick["QtQuick"]\n    node_venv_lib_python3_12_site-packages_PyQt6_Qt6_qml_QtQuick --> node_venv_lib_python3_12_site-packages_PyQt6_Qt6_qml_QtQuick_Controls["Controls"]\n    node_venv_lib_python3_12_site-packages_PyQt6_Qt6_qml_QtQuick_Controls --> node_venv_lib_python3_12_site-packages_PyQt6_Qt6_qml_QtQuick_Controls_Fusion["Fusion"]\n    node_venv_lib_python3_12_site-packages_PyQt6_Qt6_qml_QtQuick_Controls_Fusion --> node_venv_lib_python3_12_site-packages_PyQt6_Qt6_qml_QtQuick_Controls_Fusion_RoundButton_qml["RoundButton.qml"]\n    Root --> node_venv["venv"]\n    node_venv --> node_venv_lib["lib"]\n    node_venv_lib --> node_venv_lib_python3_12["python3.12"]\n    node_venv_lib_python3_12 --> node_venv_lib_python3_12_site-packages["site-packages"]\n    node_venv_lib_python3_12_site-packages --> node_venv_lib_python3_12_site-packages_PyQt6["PyQt6"]\n    node_venv_lib_python3_12_site-packages_PyQt6 --> node_venv_lib_python3_12_site-packages_PyQt6_Qt6["Qt6"]\n    node_venv_lib_python3_12_site-packages_PyQt6_Qt6 --> node_venv_lib_python3_12_site-packages_PyQt6_Qt6_qml["qml"]\n    node_venv_lib_python3_12_site-packages_PyQt6_Qt6_qml --> node_venv_lib_python3_12_site-packages_PyQt6_Qt6_qml_QtQuick["QtQuick"]\n    node_venv_lib_python3_12_site-packages_PyQt6_Qt6_qml_QtQuick --> node_venv_lib_python3_12_site-packages_PyQt6_Qt6_qml_QtQuick_Controls["Controls"]\n    node_venv_lib_python3_12_site-packages_PyQt6_Qt6_qml_QtQuick_Controls --> node_venv_lib_python3_12_site-packages_PyQt6_Qt6_qml_QtQuick_Controls_Fusion["Fusion"]\n    node_venv_lib_python3_12_site-packages_PyQt6_Qt6_qml_QtQuick_Controls_Fusion --> node_venv_lib_python3_12_site-packages_PyQt6_Qt6_qml_QtQuick_Controls_Fusion_ScrollBar_qml["ScrollBar.qml"]\n    Root --> node_venv["venv"]\n    node_venv --> node_venv_lib["lib"]\n    node_venv_lib --> node_venv_lib_python3_12["python3.12"]\n    node_venv_lib_python3_12 --> node_venv_lib_python3_12_site-packages["site-packages"]\n    node_venv_lib_python3_12_site-packages --> node_venv_lib_python3_12_site-packages_PyQt6["PyQt6"]\n    node_venv_lib_python3_12_site-packages_PyQt6 --> node_venv_lib_python3_12_site-packages_PyQt6_Qt6["Qt6"]\n    node_venv_lib_python3_12_site-packages_PyQt6_Qt6 --> node_venv_lib_python3_12_site-packages_PyQt6_Qt6_qml["qml"]\n    node_venv_lib_python3_12_site-packages_PyQt6_Qt6_qml --> node_venv_lib_python3_12_site-packages_PyQt6_Qt6_qml_QtQuick["QtQuick"]\n    node_venv_lib_python3_12_site-packages_PyQt6_Qt6_qml_QtQuick --> node_venv_lib_python3_12_site-packages_PyQt6_Qt6_qml_QtQuick_Controls["Controls"]\n    node_venv_lib_python3_12_site-packages_PyQt6_Qt6_qml_QtQuick_Controls --> node_venv_lib_python3_12_site-packages_PyQt6_Qt6_qml_QtQuick_Controls_Fusion["Fusion"]\n    node_venv_lib_python3_12_site-packages_PyQt6_Qt6_qml_QtQuick_Controls_Fusion --> node_venv_lib_python3_12_site-packages_PyQt6_Qt6_qml_QtQuick_Controls_Fusion_ScrollIndicator_qml["ScrollIndicator.qml"]\n    Root --> node_venv["venv"]\n    node_venv --> node_venv_lib["lib"]\n    node_venv_lib --> node_venv_lib_python3_12["python3.12"]\n    node_venv_lib_python3_12 --> node_venv_lib_python3_12_site-packages["site-packages"]\n    node_venv_lib_python3_12_site-packages --> node_venv_lib_python3_12_site-packages_PyQt6["PyQt6"]\n    node_venv_lib_python3_12_site-packages_PyQt6 --> node_venv_lib_python3_12_site-packages_PyQt6_Qt6["Qt6"]\n    node_venv_lib_python3_12_site-packages_PyQt6_Qt6 --> node_venv_lib_python3_12_site-packages_PyQt6_Qt6_qml["qml"]\n    node_venv_lib_python3_12_site-packages_PyQt6_Qt6_qml --> node_venv_lib_python3_12_site-packages_PyQt6_Qt6_qml_QtQuick["QtQuick"]\n    node_venv_lib_python3_12_site-packages_PyQt6_Qt6_qml_QtQuick --> node_venv_lib_python3_12_site-packages_PyQt6_Qt6_qml_QtQuick_Controls["Controls"]\n    node_venv_lib_python3_12_site-packages_PyQt6_Qt6_qml_QtQuick_Controls --> node_venv_lib_python3_12_site-packages_PyQt6_Qt6_qml_QtQuick_Controls_Fusion["Fusion"]\n    node_venv_lib_python3_12_site-packages_PyQt6_Qt6_qml_QtQuick_Controls_Fusion --> node_venv_lib_python3_12_site-packages_PyQt6_Qt6_qml_QtQuick_Controls_Fusion_ScrollView_qml["ScrollView.qml"]\n    Root --> node_venv["venv"]\n    node_venv --> node_venv_lib["lib"]\n    node_venv_lib --> node_venv_lib_python3_12["python3.12"]\n    node_venv_lib_python3_12 --> node_venv_lib_python3_12_site-packages["site-packages"]\n    node_venv_lib_python3_12_site-packages --> node_venv_lib_python3_12_site-packages_PyQt6["PyQt6"]\n    node_venv_lib_python3_12_site-packages_PyQt6 --> node_venv_lib_python3_12_site-packages_PyQt6_Qt6["Qt6"]\n    node_venv_lib_python3_12_site-packages_PyQt6_Qt6 --> node_venv_lib_python3_12_site-packages_PyQt6_Qt6_qml["qml"]\n    node_venv_lib_python3_12_site-packages_PyQt6_Qt6_qml --> node_venv_lib_python3_12_site-packages_PyQt6_Qt6_qml_QtQuick["QtQuick"]\n    node_venv_lib_python3_12_site-packages_PyQt6_Qt6_qml_QtQuick --> node_venv_lib_python3_12_site-packages_PyQt6_Qt6_qml_QtQuick_Controls["Controls"]\n    node_venv_lib_python3_12_site-packages_PyQt6_Qt6_qml_QtQuick_Controls --> node_venv_lib_python3_12_site-packages_PyQt6_Qt6_qml_QtQuick_Controls_Fusion["Fusion"]\n    node_venv_lib_python3_12_site-packages_PyQt6_Qt6_qml_QtQuick_Controls_Fusion --> node_venv_lib_python3_12_site-packages_PyQt6_Qt6_qml_QtQuick_Controls_Fusion_SearchField_qml["SearchField.qml"]\n    Root --> node_venv["venv"]\n    node_venv --> node_venv_lib["lib"]\n    node_venv_lib --> node_venv_lib_python3_12["python3.12"]\n    node_venv_lib_python3_12 --> node_venv_lib_python3_12_site-packages["site-packages"]\n    node_venv_lib_python3_12_site-packages --> node_venv_lib_python3_12_site-packages_PyQt6["PyQt6"]\n    node_venv_lib_python3_12_site-packages_PyQt6 --> node_venv_lib_python3_12_site-packages_PyQt6_Qt6["Qt6"]\n    node_venv_lib_python3_12_site-packages_PyQt6_Qt6 --> node_venv_lib_python3_12_site-packages_PyQt6_Qt6_qml["qml"]\n    node_venv_lib_python3_12_site-packages_PyQt6_Qt6_qml --> node_venv_lib_python3_12_site-packages_PyQt6_Qt6_qml_QtQuick["QtQuick"]\n    node_venv_lib_python3_12_site-packages_PyQt6_Qt6_qml_QtQuick --> node_venv_lib_python3_12_site-packages_PyQt6_Qt6_qml_QtQuick_Controls["Controls"]\n    node_venv_lib_python3_12_site-packages_PyQt6_Qt6_qml_QtQuick_Controls --> node_venv_lib_python3_12_site-packages_PyQt6_Qt6_qml_QtQuick_Controls_Fusion["Fusion"]\n    node_venv_lib_python3_12_site-packages_PyQt6_Qt6_qml_QtQuick_Controls_Fusion --> node_venv_lib_python3_12_site-packages_PyQt6_Qt6_qml_QtQuick_Controls_Fusion_SelectionRectangle_qml["SelectionRectangle.qml"]\n    Root --> node_venv["venv"]\n    node_venv --> node_venv_lib["lib"]\n    node_venv_lib --> node_venv_lib_python3_12["python3.12"]\n    node_venv_lib_python3_12 --> node_venv_lib_python3_12_site-packages["site-packages"]\n    node_venv_lib_python3_12_site-packages --> node_venv_lib_python3_12_site-packages_PyQt6["PyQt6"]\n    node_venv_lib_python3_12_site-packages_PyQt6 --> node_venv_lib_python3_12_site-packages_PyQt6_Qt6["Qt6"]\n    node_venv_lib_python3_12_site-packages_PyQt6_Qt6 --> node_venv_lib_python3_12_site-packages_PyQt6_Qt6_qml["qml"]\n    node_venv_lib_python3_12_site-packages_PyQt6_Qt6_qml --> node_venv_lib_python3_12_site-packages_PyQt6_Qt6_qml_QtQuick["QtQuick"]\n    node_venv_lib_python3_12_site-packages_PyQt6_Qt6_qml_QtQuick --> node_venv_lib_python3_12_site-packages_PyQt6_Qt6_qml_QtQuick_Controls["Controls"]\n    node_venv_lib_python3_12_site-packages_PyQt6_Qt6_qml_QtQuick_Controls --> node_venv_lib_python3_12_site-packages_PyQt6_Qt6_qml_QtQuick_Controls_Fusion["Fusion"]\n    node_venv_lib_python3_12_site-packages_PyQt6_Qt6_qml_QtQuick_Controls_Fusion --> node_venv_lib_python3_12_site-packages_PyQt6_Qt6_qml_QtQuick_Controls_Fusion_Slider_qml["Slider.qml"]\n    Root --> node_venv["venv"]\n    node_venv --> node_venv_lib["lib"]\n    node_venv_lib --> node_venv_lib_python3_12["python3.12"]\n    node_venv_lib_python3_12 --> node_venv_lib_python3_12_site-packages["site-packages"]\n    node_venv_lib_python3_12_site-packages --> node_venv_lib_python3_12_site-packages_PyQt6["PyQt6"]\n    node_venv_lib_python3_12_site-packages_PyQt6 --> node_venv_lib_python3_12_site-packages_PyQt6_Qt6["Qt6"]\n    node_venv_lib_python3_12_site-packages_PyQt6_Qt6 --> node_venv_lib_python3_12_site-packages_PyQt6_Qt6_qml["qml"]\n    node_venv_lib_python3_12_site-packages_PyQt6_Qt6_qml --> node_venv_lib_python3_12_site-packages_PyQt6_Qt6_qml_QtQuick["QtQuick"]\n    node_venv_lib_python3_12_site-packages_PyQt6_Qt6_qml_QtQuick --> node_venv_lib_python3_12_site-packages_PyQt6_Qt6_qml_QtQuick_Controls["Controls"]\n    node_venv_lib_python3_12_site-packages_PyQt6_Qt6_qml_QtQuick_Controls --> node_venv_lib_python3_12_site-packages_PyQt6_Qt6_qml_QtQuick_Controls_Fusion["Fusion"]\n    node_venv_lib_python3_12_site-packages_PyQt6_Qt6_qml_QtQuick_Controls_Fusion --> node_venv_lib_python3_12_site-packages_PyQt6_Qt6_qml_QtQuick_Controls_Fusion_SpinBox_qml["SpinBox.qml"]\n    Root --> node_venv["venv"]\n    node_venv --> node_venv_lib["lib"]\n    node_venv_lib --> node_venv_lib_python3_12["python3.12"]\n    node_venv_lib_python3_12 --> node_venv_lib_python3_12_site-packages["site-packages"]\n    node_venv_lib_python3_12_site-packages --> node_venv_lib_python3_12_site-packages_PyQt6["PyQt6"]\n    node_venv_lib_python3_12_site-packages_PyQt6 --> node_venv_lib_python3_12_site-packages_PyQt6_Qt6["Qt6"]\n    node_venv_lib_python3_12_site-packages_PyQt6_Qt6 --> node_venv_lib_python3_12_site-packages_PyQt6_Qt6_qml["qml"]\n    node_venv_lib_python3_12_site-packages_PyQt6_Qt6_qml --> node_venv_lib_python3_12_site-packages_PyQt6_Qt6_qml_QtQuick["QtQuick"]\n    node_venv_lib_python3_12_site-packages_PyQt6_Qt6_qml_QtQuick --> node_venv_lib_python3_12_site-packages_PyQt6_Qt6_qml_QtQuick_Controls["Controls"]\n    node_venv_lib_python3_12_site-packages_PyQt6_Qt6_qml_QtQuick_Controls --> node_venv_lib_python3_12_site-packages_PyQt6_Qt6_qml_QtQuick_Controls_Fusion["Fusion"]\n    node_venv_lib_python3_12_site-packages_PyQt6_Qt6_qml_QtQuick_Controls_Fusion --> node_venv_lib_python3_12_site-packages_PyQt6_Qt6_qml_QtQuick_Controls_Fusion_SplitView_qml["SplitView.qml"]\n    Root --> node_venv["venv"]\n    node_venv --> node_venv_lib["lib"]\n    node_venv_lib --> node_venv_lib_python3_12["python3.12"]\n    node_venv_lib_python3_12 --> node_venv_lib_python3_12_site-packages["site-packages"]\n    node_venv_lib_python3_12_site-packages --> node_venv_lib_python3_12_site-packages_PyQt6["PyQt6"]\n    node_venv_lib_python3_12_site-packages_PyQt6 --> node_venv_lib_python3_12_site-packages_PyQt6_Qt6["Qt6"]\n    node_venv_lib_python3_12_site-packages_PyQt6_Qt6 --> node_venv_lib_python3_12_site-packages_PyQt6_Qt6_qml["qml"]\n    node_venv_lib_python3_12_site-packages_PyQt6_Qt6_qml --> node_venv_lib_python3_12_site-packages_PyQt6_Qt6_qml_QtQuick["QtQuick"]\n    node_venv_lib_python3_12_site-packages_PyQt6_Qt6_qml_QtQuick --> node_venv_lib_python3_12_site-packages_PyQt6_Qt6_qml_QtQuick_Controls["Controls"]\n    node_venv_lib_python3_12_site-packages_PyQt6_Qt6_qml_QtQuick_Controls --> node_venv_lib_python3_12_site-packages_PyQt6_Qt6_qml_QtQuick_Controls_Fusion["Fusion"]\n    node_venv_lib_python3_12_site-packages_PyQt6_Qt6_qml_QtQuick_Controls_Fusion --> node_venv_lib_python3_12_site-packages_PyQt6_Qt6_qml_QtQuick_Controls_Fusion_SwipeDelegate_qml["SwipeDelegate.qml"]\n    Root --> node_venv["venv"]\n    node_venv --> node_venv_lib["lib"]\n    node_venv_lib --> node_venv_lib_python3_12["python3.12"]\n    node_venv_lib_python3_12 --> node_venv_lib_python3_12_site-packages["site-packages"]\n    node_venv_lib_python3_12_site-packages --> node_venv_lib_python3_12_site-packages_PyQt6["PyQt6"]\n    node_venv_lib_python3_12_site-packages_PyQt6 --> node_venv_lib_python3_12_site-packages_PyQt6_Qt6["Qt6"]\n    node_venv_lib_python3_12_site-packages_PyQt6_Qt6 --> node_venv_lib_python3_12_site-packages_PyQt6_Qt6_qml["qml"]\n    node_venv_lib_python3_12_site-packages_PyQt6_Qt6_qml --> node_venv_lib_python3_12_site-packages_PyQt6_Qt6_qml_QtQuick["QtQuick"]\n    node_venv_lib_python3_12_site-packages_PyQt6_Qt6_qml_QtQuick --> node_venv_lib_python3_12_site-packages_PyQt6_Qt6_qml_QtQuick_Controls["Controls"]\n    node_venv_lib_python3_12_site-packages_PyQt6_Qt6_qml_QtQuick_Controls --> node_venv_lib_python3_12_site-packages_PyQt6_Qt6_qml_QtQuick_Controls_Fusion["Fusion"]\n    node_venv_lib_python3_12_site-packages_PyQt6_Qt6_qml_QtQuick_Controls_Fusion --> node_venv_lib_python3_12_site-packages_PyQt6_Qt6_qml_QtQuick_Controls_Fusion_Switch_qml["Switch.qml"]\n    Root --> node_venv["venv"]\n    node_venv --> node_venv_lib["lib"]\n    node_venv_lib --> node_venv_lib_python3_12["python3.12"]\n    node_venv_lib_python3_12 --> node_venv_lib_python3_12_site-packages["site-packages"]\n    node_venv_lib_python3_12_site-packages --> node_venv_lib_python3_12_site-packages_PyQt6["PyQt6"]\n    node_venv_lib_python3_12_site-packages_PyQt6 --> node_venv_lib_python3_12_site-packages_PyQt6_Qt6["Qt6"]\n    node_venv_lib_python3_12_site-packages_PyQt6_Qt6 --> node_venv_lib_python3_12_site-packages_PyQt6_Qt6_qml["qml"]\n    node_venv_lib_python3_12_site-packages_PyQt6_Qt6_qml --> node_venv_lib_python3_12_site-packages_PyQt6_Qt6_qml_QtQuick["QtQuick"]\n    node_venv_lib_python3_12_site-packages_PyQt6_Qt6_qml_QtQuick --> node_venv_lib_python3_12_site-packages_PyQt6_Qt6_qml_QtQuick_Controls["Controls"]\n    node_venv_lib_python3_12_site-packages_PyQt6_Qt6_qml_QtQuick_Controls --> node_venv_lib_python3_12_site-packages_PyQt6_Qt6_qml_QtQuick_Controls_Fusion["Fusion"]\n    node_venv_lib_python3_12_site-packages_PyQt6_Qt6_qml_QtQuick_Controls_Fusion --> node_venv_lib_python3_12_site-packages_PyQt6_Qt6_qml_QtQuick_Controls_Fusion_SwitchDelegate_qml["SwitchDelegate.qml"]\n    Root --> node_venv["venv"]\n    node_venv --> node_venv_lib["lib"]\n    node_venv_lib --> node_venv_lib_python3_12["python3.12"]\n    node_venv_lib_python3_12 --> node_venv_lib_python3_12_site-packages["site-packages"]\n    node_venv_lib_python3_12_site-packages --> node_venv_lib_python3_12_site-packages_PyQt6["PyQt6"]\n    node_venv_lib_python3_12_site-packages_PyQt6 --> node_venv_lib_python3_12_site-packages_PyQt6_Qt6["Qt6"]\n    node_venv_lib_python3_12_site-packages_PyQt6_Qt6 --> node_venv_lib_python3_12_site-packages_PyQt6_Qt6_qml["qml"]\n    node_venv_lib_python3_12_site-packages_PyQt6_Qt6_qml --> node_venv_lib_python3_12_site-packages_PyQt6_Qt6_qml_QtQuick["QtQuick"]\n    node_venv_lib_python3_12_site-packages_PyQt6_Qt6_qml_QtQuick --> node_venv_lib_python3_12_site-packages_PyQt6_Qt6_qml_QtQuick_Controls["Controls"]\n    node_venv_lib_python3_12_site-packages_PyQt6_Qt6_qml_QtQuick_Controls --> node_venv_lib_python3_12_site-packages_PyQt6_Qt6_qml_QtQuick_Controls_Fusion["Fusion"]\n    node_venv_lib_python3_12_site-packages_PyQt6_Qt6_qml_QtQuick_Controls_Fusion --> node_venv_lib_python3_12_site-packages_PyQt6_Qt6_qml_QtQuick_Controls_Fusion_TabBar_qml["TabBar.qml"]\n    Root --> node_venv["venv"]\n    node_venv --> node_venv_lib["lib"]\n    node_venv_lib --> node_venv_lib_python3_12["python3.12"]\n    node_venv_lib_python3_12 --> node_venv_lib_python3_12_site-packages["site-packages"]\n    node_venv_lib_python3_12_site-packages --> node_venv_lib_python3_12_site-packages_PyQt6["PyQt6"]\n    node_venv_lib_python3_12_site-packages_PyQt6 --> node_venv_lib_python3_12_site-packages_PyQt6_Qt6["Qt6"]\n    node_venv_lib_python3_12_site-packages_PyQt6_Qt6 --> node_venv_lib_python3_12_site-packages_PyQt6_Qt6_qml["qml"]\n    node_venv_lib_python3_12_site-packages_PyQt6_Qt6_qml --> node_venv_lib_python3_12_site-packages_PyQt6_Qt6_qml_QtQuick["QtQuick"]\n    node_venv_lib_python3_12_site-packages_PyQt6_Qt6_qml_QtQuick --> node_venv_lib_python3_12_site-packages_PyQt6_Qt6_qml_QtQuick_Controls["Controls"]\n    node_venv_lib_python3_12_site-packages_PyQt6_Qt6_qml_QtQuick_Controls --> node_venv_lib_python3_12_site-packages_PyQt6_Qt6_qml_QtQuick_Controls_Fusion["Fusion"]\n    node_venv_lib_python3_12_site-packages_PyQt6_Qt6_qml_QtQuick_Controls_Fusion --> node_venv_lib_python3_12_site-packages_PyQt6_Qt6_qml_QtQuick_Controls_Fusion_TabButton_qml["TabButton.qml"]\n    Root --> node_venv["venv"]\n    node_venv --> node_venv_lib["lib"]\n    node_venv_lib --> node_venv_lib_python3_12["python3.12"]\n    node_venv_lib_python3_12 --> node_venv_lib_python3_12_site-packages["site-packages"]\n    node_venv_lib_python3_12_site-packages --> node_venv_lib_python3_12_site-packages_PyQt6["PyQt6"]\n    node_venv_lib_python3_12_site-packages_PyQt6 --> node_venv_lib_python3_12_site-packages_PyQt6_Qt6["Qt6"]\n    node_venv_lib_python3_12_site-packages_PyQt6_Qt6 --> node_venv_lib_python3_12_site-packages_PyQt6_Qt6_qml["qml"]\n    node_venv_lib_python3_12_site-packages_PyQt6_Qt6_qml --> node_venv_lib_python3_12_site-packages_PyQt6_Qt6_qml_QtQuick["QtQuick"]\n    node_venv_lib_python3_12_site-packages_PyQt6_Qt6_qml_QtQuick --> node_venv_lib_python3_12_site-packages_PyQt6_Qt6_qml_QtQuick_Controls["Controls"]\n    node_venv_lib_python3_12_site-packages_PyQt6_Qt6_qml_QtQuick_Controls --> node_venv_lib_python3_12_site-packages_PyQt6_Qt6_qml_QtQuick_Controls_Fusion["Fusion"]\n    node_venv_lib_python3_12_site-packages_PyQt6_Qt6_qml_QtQuick_Controls_Fusion --> node_venv_lib_python3_12_site-packages_PyQt6_Qt6_qml_QtQuick_Controls_Fusion_TextArea_qml["TextArea.qml"]\n    Root --> node_venv["venv"]\n    node_venv --> node_venv_lib["lib"]\n    node_venv_lib --> node_venv_lib_python3_12["python3.12"]\n    node_venv_lib_python3_12 --> node_venv_lib_python3_12_site-packages["site-packages"]\n    node_venv_lib_python3_12_site-packages --> node_venv_lib_python3_12_site-packages_PyQt6["PyQt6"]\n    node_venv_lib_python3_12_site-packages_PyQt6 --> node_venv_lib_python3_12_site-packages_PyQt6_Qt6["Qt6"]\n    node_venv_lib_python3_12_site-packages_PyQt6_Qt6 --> node_venv_lib_python3_12_site-packages_PyQt6_Qt6_qml["qml"]\n    node_venv_lib_python3_12_site-packages_PyQt6_Qt6_qml --> node_venv_lib_python3_12_site-packages_PyQt6_Qt6_qml_QtQuick["QtQuick"]\n    node_venv_lib_python3_12_site-packages_PyQt6_Qt6_qml_QtQuick --> node_venv_lib_python3_12_site-packages_PyQt6_Qt6_qml_QtQuick_Controls["Controls"]\n    node_venv_lib_python3_12_site-packages_PyQt6_Qt6_qml_QtQuick_Controls --> node_venv_lib_python3_12_site-packages_PyQt6_Qt6_qml_QtQuick_Controls_Fusion["Fusion"]\n    node_venv_lib_python3_12_site-packages_PyQt6_Qt6_qml_QtQuick_Controls_Fusion --> node_venv_lib_python3_12_site-packages_PyQt6_Qt6_qml_QtQuick_Controls_Fusion_TextField_qml["TextField.qml"]\n    Root --> node_venv["venv"]\n    node_venv --> node_venv_lib["lib"]\n    node_venv_lib --> node_venv_lib_python3_12["python3.12"]\n    node_venv_lib_python3_12 --> node_venv_lib_python3_12_site-packages["site-packages"]\n    node_venv_lib_python3_12_site-packages --> node_venv_lib_python3_12_site-packages_PyQt6["PyQt6"]\n    node_venv_lib_python3_12_site-packages_PyQt6 --> node_venv_lib_python3_12_site-packages_PyQt6_Qt6["Qt6"]\n    node_venv_lib_python3_12_site-packages_PyQt6_Qt6 --> node_venv_lib_python3_12_site-packages_PyQt6_Qt6_qml["qml"]\n    node_venv_lib_python3_12_site-packages_PyQt6_Qt6_qml --> node_venv_lib_python3_12_site-packages_PyQt6_Qt6_qml_QtQuick["QtQuick"]\n    node_venv_lib_python3_12_site-packages_PyQt6_Qt6_qml_QtQuick --> node_venv_lib_python3_12_site-packages_PyQt6_Qt6_qml_QtQuick_Controls["Controls"]\n    node_venv_lib_python3_12_site-packages_PyQt6_Qt6_qml_QtQuick_Controls --> node_venv_lib_python3_12_site-packages_PyQt6_Qt6_qml_QtQuick_Controls_Fusion["Fusion"]\n    node_venv_lib_python3_12_site-packages_PyQt6_Qt6_qml_QtQuick_Controls_Fusion --> node_venv_lib_python3_12_site-packages_PyQt6_Qt6_qml_QtQuick_Controls_Fusion_ToolBar_qml["ToolBar.qml"]\n    Root --> node_venv["venv"]\n    node_venv --> node_venv_lib["lib"]\n    node_venv_lib --> node_venv_lib_python3_12["python3.12"]\n    node_venv_lib_python3_12 --> node_venv_lib_python3_12_site-packages["site-packages"]\n    node_venv_lib_python3_12_site-packages --> node_venv_lib_python3_12_site-packages_PyQt6["PyQt6"]\n    node_venv_lib_python3_12_site-packages_PyQt6 --> node_venv_lib_python3_12_site-packages_PyQt6_Qt6["Qt6"]\n    node_venv_lib_python3_12_site-packages_PyQt6_Qt6 --> node_venv_lib_python3_12_site-packages_PyQt6_Qt6_qml["qml"]\n    node_venv_lib_python3_12_site-packages_PyQt6_Qt6_qml --> node_venv_lib_python3_12_site-packages_PyQt6_Qt6_qml_QtQuick["QtQuick"]\n    node_venv_lib_python3_12_site-packages_PyQt6_Qt6_qml_QtQuick --> node_venv_lib_python3_12_site-packages_PyQt6_Qt6_qml_QtQuick_Controls["Controls"]\n    node_venv_lib_python3_12_site-packages_PyQt6_Qt6_qml_QtQuick_Controls --> node_venv_lib_python3_12_site-packages_PyQt6_Qt6_qml_QtQuick_Controls_Fusion["Fusion"]\n    node_venv_lib_python3_12_site-packages_PyQt6_Qt6_qml_QtQuick_Controls_Fusion --> node_venv_lib_python3_12_site-packages_PyQt6_Qt6_qml_QtQuick_Controls_Fusion_ToolButton_qml["ToolButton.qml"]\n    Root --> node_venv["venv"]\n    node_venv --> node_venv_lib["lib"]\n    node_venv_lib --> node_venv_lib_python3_12["python3.12"]\n    node_venv_lib_python3_12 --> node_venv_lib_python3_12_site-packages["site-packages"]\n    node_venv_lib_python3_12_site-packages --> node_venv_lib_python3_12_site-packages_PyQt6["PyQt6"]\n    node_venv_lib_python3_12_site-packages_PyQt6 --> node_venv_lib_python3_12_site-packages_PyQt6_Qt6["Qt6"]\n    node_venv_lib_python3_12_site-packages_PyQt6_Qt6 --> node_venv_lib_python3_12_site-packages_PyQt6_Qt6_qml["qml"]\n    node_venv_lib_python3_12_site-packages_PyQt6_Qt6_qml --> node_venv_lib_python3_12_site-packages_PyQt6_Qt6_qml_QtQuick["QtQuick"]\n    node_venv_lib_python3_12_site-packages_PyQt6_Qt6_qml_QtQuick --> node_venv_lib_python3_12_site-packages_PyQt6_Qt6_qml_QtQuick_Controls["Controls"]\n    node_venv_lib_python3_12_site-packages_PyQt6_Qt6_qml_QtQuick_Controls --> node_venv_lib_python3_12_site-packages_PyQt6_Qt6_qml_QtQuick_Controls_Fusion["Fusion"]\n    node_venv_lib_python3_12_site-packages_PyQt6_Qt6_qml_QtQuick_Controls_Fusion --> node_venv_lib_python3_12_site-packages_PyQt6_Qt6_qml_QtQuick_Controls_Fusion_ToolSeparator_qml["ToolSeparator.qml"]\n    Root --> node_venv["venv"]\n    node_venv --> node_venv_lib["lib"]\n    node_venv_lib --> node_venv_lib_python3_12["python3.12"]\n    node_venv_lib_python3_12 --> node_venv_lib_python3_12_site-packages["site-packages"]\n    node_venv_lib_python3_12_site-packages --> node_venv_lib_python3_12_site-packages_PyQt6["PyQt6"]\n    node_venv_lib_python3_12_site-packages_PyQt6 --> node_venv_lib_python3_12_site-packages_PyQt6_Qt6["Qt6"]\n    node_venv_lib_python3_12_site-packages_PyQt6_Qt6 --> node_venv_lib_python3_12_site-packages_PyQt6_Qt6_qml["qml"]\n    node_venv_lib_python3_12_site-packages_PyQt6_Qt6_qml --> node_venv_lib_python3_12_site-packages_PyQt6_Qt6_qml_QtQuick["QtQuick"]\n    node_venv_lib_python3_12_site-packages_PyQt6_Qt6_qml_QtQuick --> node_venv_lib_python3_12_site-packages_PyQt6_Qt6_qml_QtQuick_Controls["Controls"]\n    node_venv_lib_python3_12_site-packages_PyQt6_Qt6_qml_QtQuick_Controls --> node_venv_lib_python3_12_site-packages_PyQt6_Qt6_qml_QtQuick_Controls_Fusion["Fusion"]\n    node_venv_lib_python3_12_site-packages_PyQt6_Qt6_qml_QtQuick_Controls_Fusion --> node_venv_lib_python3_12_site-packages_PyQt6_Qt6_qml_QtQuick_Controls_Fusion_ToolTip_qml["ToolTip.qml"]\n    Root --> node_venv["venv"]\n    node_venv --> node_venv_lib["lib"]\n    node_venv_lib --> node_venv_lib_python3_12["python3.12"]\n    node_venv_lib_python3_12 --> node_venv_lib_python3_12_site-packages["site-packages"]\n    node_venv_lib_python3_12_site-packages --> node_venv_lib_python3_12_site-packages_PyQt6["PyQt6"]\n    node_venv_lib_python3_12_site-packages_PyQt6 --> node_venv_lib_python3_12_site-packages_PyQt6_Qt6["Qt6"]\n    node_venv_lib_python3_12_site-packages_PyQt6_Qt6 --> node_venv_lib_python3_12_site-packages_PyQt6_Qt6_qml["qml"]\n    node_venv_lib_python3_12_site-packages_PyQt6_Qt6_qml --> node_venv_lib_python3_12_site-packages_PyQt6_Qt6_qml_QtQuick["QtQuick"]\n    node_venv_lib_python3_12_site-packages_PyQt6_Qt6_qml_QtQuick --> node_venv_lib_python3_12_site-packages_PyQt6_Qt6_qml_QtQuick_Controls["Controls"]\n    node_venv_lib_python3_12_site-packages_PyQt6_Qt6_qml_QtQuick_Controls --> node_venv_lib_python3_12_site-packages_PyQt6_Qt6_qml_QtQuick_Controls_Fusion["Fusion"]\n    node_venv_lib_python3_12_site-packages_PyQt6_Qt6_qml_QtQuick_Controls_Fusion --> node_venv_lib_python3_12_site-packages_PyQt6_Qt6_qml_QtQuick_Controls_Fusion_TreeViewDelegate_qml["TreeViewDelegate.qml"]\n    Root --> node_venv["venv"]\n    node_venv --> node_venv_lib["lib"]\n    node_venv_lib --> node_venv_lib_python3_12["python3.12"]\n    node_venv_lib_python3_12 --> node_venv_lib_python3_12_site-packages["site-packages"]\n    node_venv_lib_python3_12_site-packages --> node_venv_lib_python3_12_site-packages_PyQt6["PyQt6"]\n    node_venv_lib_python3_12_site-packages_PyQt6 --> node_venv_lib_python3_12_site-packages_PyQt6_Qt6["Qt6"]\n    node_venv_lib_python3_12_site-packages_PyQt6_Qt6 --> node_venv_lib_python3_12_site-packages_PyQt6_Qt6_qml["qml"]\n    node_venv_lib_python3_12_site-packages_PyQt6_Qt6_qml --> node_venv_lib_python3_12_site-packages_PyQt6_Qt6_qml_QtQuick["QtQuick"]\n    node_venv_lib_python3_12_site-packages_PyQt6_Qt6_qml_QtQuick --> node_venv_lib_python3_12_site-packages_PyQt6_Qt6_qml_QtQuick_Controls["Controls"]\n    node_venv_lib_python3_12_site-packages_PyQt6_Qt6_qml_QtQuick_Controls --> node_venv_lib_python3_12_site-packages_PyQt6_Qt6_qml_QtQuick_Controls_Fusion["Fusion"]\n    node_venv_lib_python3_12_site-packages_PyQt6_Qt6_qml_QtQuick_Controls_Fusion --> node_venv_lib_python3_12_site-packages_PyQt6_Qt6_qml_QtQuick_Controls_Fusion_Tumbler_qml["Tumbler.qml"]\n    Root --> node_venv["venv"]\n    node_venv --> node_venv_lib["lib"]\n    node_venv_lib --> node_venv_lib_python3_12["python3.12"]\n    node_venv_lib_python3_12 --> node_venv_lib_python3_12_site-packages["site-packages"]\n    node_venv_lib_python3_12_site-packages --> node_venv_lib_python3_12_site-packages_PyQt6["PyQt6"]\n    node_venv_lib_python3_12_site-packages_PyQt6 --> node_venv_lib_python3_12_site-packages_PyQt6_Qt6["Qt6"]\n    node_venv_lib_python3_12_site-packages_PyQt6_Qt6 --> node_venv_lib_python3_12_site-packages_PyQt6_Qt6_qml["qml"]\n    node_venv_lib_python3_12_site-packages_PyQt6_Qt6_qml --> node_venv_lib_python3_12_site-packages_PyQt6_Qt6_qml_QtQuick["QtQuick"]\n    node_venv_lib_python3_12_site-packages_PyQt6_Qt6_qml_QtQuick --> node_venv_lib_python3_12_site-packages_PyQt6_Qt6_qml_QtQuick_Controls["Controls"]\n    node_venv_lib_python3_12_site-packages_PyQt6_Qt6_qml_QtQuick_Controls --> node_venv_lib_python3_12_site-packages_PyQt6_Qt6_qml_QtQuick_Controls_Fusion["Fusion"]\n    node_venv_lib_python3_12_site-packages_PyQt6_Qt6_qml_QtQuick_Controls_Fusion --> node_venv_lib_python3_12_site-packages_PyQt6_Qt6_qml_QtQuick_Controls_Fusion_VerticalHeaderView_qml["VerticalHeaderView.qml"]\n    Root --> node_venv["venv"]\n    node_venv --> node_venv_lib["lib"]\n    node_venv_lib --> node_venv_lib_python3_12["python3.12"]\n    node_venv_lib_python3_12 --> node_venv_lib_python3_12_site-packages["site-packages"]\n    node_venv_lib_python3_12_site-packages --> node_venv_lib_python3_12_site-packages_PyQt6["PyQt6"]\n    node_venv_lib_python3_12_site-packages_PyQt6 --> node_venv_lib_python3_12_site-packages_PyQt6_Qt6["Qt6"]\n    node_venv_lib_python3_12_site-packages_PyQt6_Qt6 --> node_venv_lib_python3_12_site-packages_PyQt6_Qt6_qml["qml"]\n    node_venv_lib_python3_12_site-packages_PyQt6_Qt6_qml --> node_venv_lib_python3_12_site-packages_PyQt6_Qt6_qml_QtQuick["QtQuick"]\n    node_venv_lib_python3_12_site-packages_PyQt6_Qt6_qml_QtQuick --> node_venv_lib_python3_12_site-packages_PyQt6_Qt6_qml_QtQuick_Controls["Controls"]\n    node_venv_lib_python3_12_site-packages_PyQt6_Qt6_qml_QtQuick_Controls --> node_venv_lib_python3_12_site-packages_PyQt6_Qt6_qml_QtQuick_Controls_Fusion["Fusion"]\n    node_venv_lib_python3_12_site-packages_PyQt6_Qt6_qml_QtQuick_Controls_Fusion --> node_venv_lib_python3_12_site-packages_PyQt6_Qt6_qml_QtQuick_Controls_Fusion_VerticalHeaderViewDelegate_qml["VerticalHeaderViewDelegate.qml"]\n    Root --> node_venv["venv"]\n    node_venv --> node_venv_lib["lib"]\n    node_venv_lib --> node_venv_lib_python3_12["python3.12"]\n    node_venv_lib_python3_12 --> node_venv_lib_python3_12_site-packages["site-packages"]\n    node_venv_lib_python3_12_site-packages --> node_venv_lib_python3_12_site-packages_PyQt6["PyQt6"]\n    node_venv_lib_python3_12_site-packages_PyQt6 --> node_venv_lib_python3_12_site-packages_PyQt6_Qt6["Qt6"]\n    node_venv_lib_python3_12_site-packages_PyQt6_Qt6 --> node_venv_lib_python3_12_site-packages_PyQt6_Qt6_qml["qml"]\n    node_venv_lib_python3_12_site-packages_PyQt6_Qt6_qml --> node_venv_lib_python3_12_site-packages_PyQt6_Qt6_qml_QtQuick["QtQuick"]\n    node_venv_lib_python3_12_site-packages_PyQt6_Qt6_qml_QtQuick --> node_venv_lib_python3_12_site-packages_PyQt6_Qt6_qml_QtQuick_Controls["Controls"]\n    node_venv_lib_python3_12_site-packages_PyQt6_Qt6_qml_QtQuick_Controls --> node_venv_lib_python3_12_site-packages_PyQt6_Qt6_qml_QtQuick_Controls_Fusion["Fusion"]\n    node_venv_lib_python3_12_site-packages_PyQt6_Qt6_qml_QtQuick_Controls_Fusion --> node_venv_lib_python3_12_site-packages_PyQt6_Qt6_qml_QtQuick_Controls_Fusion_libqtquickcontrols2fusionstyleplugin_dylib["libqtquickcontrols2fusionstyleplugin.dylib"]\n    Root --> node_venv["venv"]\n    node_venv --> node_venv_lib["lib"]\n    node_venv_lib --> node_venv_lib_python3_12["python3.12"]\n    node_venv_lib_python3_12 --> node_venv_lib_python3_12_site-packages["site-packages"]\n    node_venv_lib_python3_12_site-packages --> node_venv_lib_python3_12_site-packages_PyQt6["PyQt6"]\n    node_venv_lib_python3_12_site-packages_PyQt6 --> node_venv_lib_python3_12_site-packages_PyQt6_Qt6["Qt6"]\n    node_venv_lib_python3_12_site-packages_PyQt6_Qt6 --> node_venv_lib_python3_12_site-packages_PyQt6_Qt6_qml["qml"]\n    node_venv_lib_python3_12_site-packages_PyQt6_Qt6_qml --> node_venv_lib_python3_12_site-packages_PyQt6_Qt6_qml_QtQuick["QtQuick"]\n    node_venv_lib_python3_12_site-packages_PyQt6_Qt6_qml_QtQuick --> node_venv_lib_python3_12_site-packages_PyQt6_Qt6_qml_QtQuick_Controls["Controls"]\n    node_venv_lib_python3_12_site-packages_PyQt6_Qt6_qml_QtQuick_Controls --> node_venv_lib_python3_12_site-packages_PyQt6_Qt6_qml_QtQuick_Controls_Fusion["Fusion"]\n    node_venv_lib_python3_12_site-packages_PyQt6_Qt6_qml_QtQuick_Controls_Fusion --> node_venv_lib_python3_12_site-packages_PyQt6_Qt6_qml_QtQuick_Controls_Fusion_plugins_qmltypes["plugins.qmltypes"]\n    Root --> node_venv["venv"]\n    node_venv --> node_venv_lib["lib"]\n    node_venv_lib --> node_venv_lib_python3_12["python3.12"]\n    node_venv_lib_python3_12 --> node_venv_lib_python3_12_site-packages["site-packages"]\n    node_venv_lib_python3_12_site-packages --> node_venv_lib_python3_12_site-packages_PyQt6["PyQt6"]\n    node_venv_lib_python3_12_site-packages_PyQt6 --> node_venv_lib_python3_12_site-packages_PyQt6_Qt6["Qt6"]\n    node_venv_lib_python3_12_site-packages_PyQt6_Qt6 --> node_venv_lib_python3_12_site-packages_PyQt6_Qt6_qml["qml"]\n    node_venv_lib_python3_12_site-packages_PyQt6_Qt6_qml --> node_venv_lib_python3_12_site-packages_PyQt6_Qt6_qml_QtQuick["QtQuick"]\n    node_venv_lib_python3_12_site-packages_PyQt6_Qt6_qml_QtQuick --> node_venv_lib_python3_12_site-packages_PyQt6_Qt6_qml_QtQuick_Controls["Controls"]\n    node_venv_lib_python3_12_site-packages_PyQt6_Qt6_qml_QtQuick_Controls --> node_venv_lib_python3_12_site-packages_PyQt6_Qt6_qml_QtQuick_Controls_Fusion["Fusion"]\n    node_venv_lib_python3_12_site-packages_PyQt6_Qt6_qml_QtQuick_Controls_Fusion --> node_venv_lib_python3_12_site-packages_PyQt6_Qt6_qml_QtQuick_Controls_Fusion_qmldir["qmldir"]\n    Root --> node_venv["venv"]\n    node_venv --> node_venv_lib["lib"]\n    node_venv_lib --> node_venv_lib_python3_12["python3.12"]\n    node_venv_lib_python3_12 --> node_venv_lib_python3_12_site-packages["site-packages"]\n    node_venv_lib_python3_12_site-packages --> node_venv_lib_python3_12_site-packages_PyQt6["PyQt6"]\n    node_venv_lib_python3_12_site-packages_PyQt6 --> node_venv_lib_python3_12_site-packages_PyQt6_Qt6["Qt6"]\n    node_venv_lib_python3_12_site-packages_PyQt6_Qt6 --> node_venv_lib_python3_12_site-packages_PyQt6_Qt6_qml["qml"]\n    node_venv_lib_python3_12_site-packages_PyQt6_Qt6_qml --> node_venv_lib_python3_12_site-packages_PyQt6_Qt6_qml_QtQuick["QtQuick"]\n    node_venv_lib_python3_12_site-packages_PyQt6_Qt6_qml_QtQuick --> node_venv_lib_python3_12_site-packages_PyQt6_Qt6_qml_QtQuick_Controls["Controls"]\n    node_venv_lib_python3_12_site-packages_PyQt6_Qt6_qml_QtQuick_Controls --> node_venv_lib_python3_12_site-packages_PyQt6_Qt6_qml_QtQuick_Controls_Fusion["Fusion"]\n    node_venv_lib_python3_12_site-packages_PyQt6_Qt6_qml_QtQuick_Controls_Fusion --> node_venv_lib_python3_12_site-packages_PyQt6_Qt6_qml_QtQuick_Controls_Fusion_impl["impl"]\n    node_venv_lib_python3_12_site-packages_PyQt6_Qt6_qml_QtQuick_Controls_Fusion_impl --> node_venv_lib_python3_12_site-packages_PyQt6_Qt6_qml_QtQuick_Controls_Fusion_impl_ButtonPanel_qml["ButtonPanel.qml"]\n    Root --> node_venv["venv"]\n    node_venv --> node_venv_lib["lib"]\n    node_venv_lib --> node_venv_lib_python3_12["python3.12"]\n    node_venv_lib_python3_12 --> node_venv_lib_python3_12_site-packages["site-packages"]\n    node_venv_lib_python3_12_site-packages --> node_venv_lib_python3_12_site-packages_PyQt6["PyQt6"]\n    node_venv_lib_python3_12_site-packages_PyQt6 --> node_venv_lib_python3_12_site-packages_PyQt6_Qt6["Qt6"]\n    node_venv_lib_python3_12_site-packages_PyQt6_Qt6 --> node_venv_lib_python3_12_site-packages_PyQt6_Qt6_qml["qml"]\n    node_venv_lib_python3_12_site-packages_PyQt6_Qt6_qml --> node_venv_lib_python3_12_site-packages_PyQt6_Qt6_qml_QtQuick["QtQuick"]\n    node_venv_lib_python3_12_site-packages_PyQt6_Qt6_qml_QtQuick --> node_venv_lib_python3_12_site-packages_PyQt6_Qt6_qml_QtQuick_Controls["Controls"]\n    node_venv_lib_python3_12_site-packages_PyQt6_Qt6_qml_QtQuick_Controls --> node_venv_lib_python3_12_site-packages_PyQt6_Qt6_qml_QtQuick_Controls_Fusion["Fusion"]\n    node_venv_lib_python3_12_site-packages_PyQt6_Qt6_qml_QtQuick_Controls_Fusion --> node_venv_lib_python3_12_site-packages_PyQt6_Qt6_qml_QtQuick_Controls_Fusion_impl["impl"]\n    node_venv_lib_python3_12_site-packages_PyQt6_Qt6_qml_QtQuick_Controls_Fusion_impl --> node_venv_lib_python3_12_site-packages_PyQt6_Qt6_qml_QtQuick_Controls_Fusion_impl_CheckIndicator_qml["CheckIndicator.qml"]\n    Root --> node_venv["venv"]\n    node_venv --> node_venv_lib["lib"]\n    node_venv_lib --> node_venv_lib_python3_12["python3.12"]\n    node_venv_lib_python3_12 --> node_venv_lib_python3_12_site-packages["site-packages"]\n    node_venv_lib_python3_12_site-packages --> node_venv_lib_python3_12_site-packages_PyQt6["PyQt6"]\n    node_venv_lib_python3_12_site-packages_PyQt6 --> node_venv_lib_python3_12_site-packages_PyQt6_Qt6["Qt6"]\n    node_venv_lib_python3_12_site-packages_PyQt6_Qt6 --> node_venv_lib_python3_12_site-packages_PyQt6_Qt6_qml["qml"]\n    node_venv_lib_python3_12_site-packages_PyQt6_Qt6_qml --> node_venv_lib_python3_12_site-packages_PyQt6_Qt6_qml_QtQuick["QtQuick"]\n    node_venv_lib_python3_12_site-packages_PyQt6_Qt6_qml_QtQuick --> node_venv_lib_python3_12_site-packages_PyQt6_Qt6_qml_QtQuick_Controls["Controls"]\n    node_venv_lib_python3_12_site-packages_PyQt6_Qt6_qml_QtQuick_Controls --> node_venv_lib_python3_12_site-packages_PyQt6_Qt6_qml_QtQuick_Controls_Fusion["Fusion"]\n    node_venv_lib_python3_12_site-packages_PyQt6_Qt6_qml_QtQuick_Controls_Fusion --> node_venv_lib_python3_12_site-packages_PyQt6_Qt6_qml_QtQuick_Controls_Fusion_impl["impl"]\n    node_venv_lib_python3_12_site-packages_PyQt6_Qt6_qml_QtQuick_Controls_Fusion_impl --> node_venv_lib_python3_12_site-packages_PyQt6_Qt6_qml_QtQuick_Controls_Fusion_impl_RadioIndicator_qml["RadioIndicator.qml"]\n    Root --> node_venv["venv"]\n    node_venv --> node_venv_lib["lib"]\n    node_venv_lib --> node_venv_lib_python3_12["python3.12"]\n    node_venv_lib_python3_12 --> node_venv_lib_python3_12_site-packages["site-packages"]\n    node_venv_lib_python3_12_site-packages --> node_venv_lib_python3_12_site-packages_PyQt6["PyQt6"]\n    node_venv_lib_python3_12_site-packages_PyQt6 --> node_venv_lib_python3_12_site-packages_PyQt6_Qt6["Qt6"]\n    node_venv_lib_python3_12_site-packages_PyQt6_Qt6 --> node_venv_lib_python3_12_site-packages_PyQt6_Qt6_qml["qml"]\n    node_venv_lib_python3_12_site-packages_PyQt6_Qt6_qml --> node_venv_lib_python3_12_site-packages_PyQt6_Qt6_qml_QtQuick["QtQuick"]\n    node_venv_lib_python3_12_site-packages_PyQt6_Qt6_qml_QtQuick --> node_venv_lib_python3_12_site-packages_PyQt6_Qt6_qml_QtQuick_Controls["Controls"]\n    node_venv_lib_python3_12_site-packages_PyQt6_Qt6_qml_QtQuick_Controls --> node_venv_lib_python3_12_site-packages_PyQt6_Qt6_qml_QtQuick_Controls_Fusion["Fusion"]\n    node_venv_lib_python3_12_site-packages_PyQt6_Qt6_qml_QtQuick_Controls_Fusion --> node_venv_lib_python3_12_site-packages_PyQt6_Qt6_qml_QtQuick_Controls_Fusion_impl["impl"]\n    node_venv_lib_python3_12_site-packages_PyQt6_Qt6_qml_QtQuick_Controls_Fusion_impl --> node_venv_lib_python3_12_site-packages_PyQt6_Qt6_qml_QtQuick_Controls_Fusion_impl_SliderGroove_qml["SliderGroove.qml"]\n    Root --> node_venv["venv"]\n    node_venv --> node_venv_lib["lib"]\n    node_venv_lib --> node_venv_lib_python3_12["python3.12"]\n    node_venv_lib_python3_12 --> node_venv_lib_python3_12_site-packages["site-packages"]\n    node_venv_lib_python3_12_site-packages --> node_venv_lib_python3_12_site-packages_PyQt6["PyQt6"]\n    node_venv_lib_python3_12_site-packages_PyQt6 --> node_venv_lib_python3_12_site-packages_PyQt6_Qt6["Qt6"]\n    node_venv_lib_python3_12_site-packages_PyQt6_Qt6 --> node_venv_lib_python3_12_site-packages_PyQt6_Qt6_qml["qml"]\n    node_venv_lib_python3_12_site-packages_PyQt6_Qt6_qml --> node_venv_lib_python3_12_site-packages_PyQt6_Qt6_qml_QtQuick["QtQuick"]\n    node_venv_lib_python3_12_site-packages_PyQt6_Qt6_qml_QtQuick --> node_venv_lib_python3_12_site-packages_PyQt6_Qt6_qml_QtQuick_Controls["Controls"]\n    node_venv_lib_python3_12_site-packages_PyQt6_Qt6_qml_QtQuick_Controls --> node_venv_lib_python3_12_site-packages_PyQt6_Qt6_qml_QtQuick_Controls_Fusion["Fusion"]\n    node_venv_lib_python3_12_site-packages_PyQt6_Qt6_qml_QtQuick_Controls_Fusion --> node_venv_lib_python3_12_site-packages_PyQt6_Qt6_qml_QtQuick_Controls_Fusion_impl["impl"]\n    node_venv_lib_python3_12_site-packages_PyQt6_Qt6_qml_QtQuick_Controls_Fusion_impl --> node_venv_lib_python3_12_site-packages_PyQt6_Qt6_qml_QtQuick_Controls_Fusion_impl_SliderHandle_qml["SliderHandle.qml"]\n    Root --> node_venv["venv"]\n    node_venv --> node_venv_lib["lib"]\n    node_venv_lib --> node_venv_lib_python3_12["python3.12"]\n    node_venv_lib_python3_12 --> node_venv_lib_python3_12_site-packages["site-packages"]\n    node_venv_lib_python3_12_site-packages --> node_venv_lib_python3_12_site-packages_PyQt6["PyQt6"]\n    node_venv_lib_python3_12_site-packages_PyQt6 --> node_venv_lib_python3_12_site-packages_PyQt6_Qt6["Qt6"]\n    node_venv_lib_python3_12_site-packages_PyQt6_Qt6 --> node_venv_lib_python3_12_site-packages_PyQt6_Qt6_qml["qml"]\n    node_venv_lib_python3_12_site-packages_PyQt6_Qt6_qml --> node_venv_lib_python3_12_site-packages_PyQt6_Qt6_qml_QtQuick["QtQuick"]\n    node_venv_lib_python3_12_site-packages_PyQt6_Qt6_qml_QtQuick --> node_venv_lib_python3_12_site-packages_PyQt6_Qt6_qml_QtQuick_Controls["Controls"]\n    node_venv_lib_python3_12_site-packages_PyQt6_Qt6_qml_QtQuick_Controls --> node_venv_lib_python3_12_site-packages_PyQt6_Qt6_qml_QtQuick_Controls_Fusion["Fusion"]\n    node_venv_lib_python3_12_site-packages_PyQt6_Qt6_qml_QtQuick_Controls_Fusion --> node_venv_lib_python3_12_site-packages_PyQt6_Qt6_qml_QtQuick_Controls_Fusion_impl["impl"]\n    node_venv_lib_python3_12_site-packages_PyQt6_Qt6_qml_QtQuick_Controls_Fusion_impl --> node_venv_lib_python3_12_site-packages_PyQt6_Qt6_qml_QtQuick_Controls_Fusion_impl_SwitchIndicator_qml["SwitchIndicator.qml"]\n    Root --> node_venv["venv"]\n    node_venv --> node_venv_lib["lib"]\n    node_venv_lib --> node_venv_lib_python3_12["python3.12"]\n    node_venv_lib_python3_12 --> node_venv_lib_python3_12_site-packages["site-packages"]\n    node_venv_lib_python3_12_site-packages --> node_venv_lib_python3_12_site-packages_PyQt6["PyQt6"]\n    node_venv_lib_python3_12_site-packages_PyQt6 --> node_venv_lib_python3_12_site-packages_PyQt6_Qt6["Qt6"]\n    node_venv_lib_python3_12_site-packages_PyQt6_Qt6 --> node_venv_lib_python3_12_site-packages_PyQt6_Qt6_qml["qml"]\n    node_venv_lib_python3_12_site-packages_PyQt6_Qt6_qml --> node_venv_lib_python3_12_site-packages_PyQt6_Qt6_qml_QtQuick["QtQuick"]\n    node_venv_lib_python3_12_site-packages_PyQt6_Qt6_qml_QtQuick --> node_venv_lib_python3_12_site-packages_PyQt6_Qt6_qml_QtQuick_Controls["Controls"]\n    node_venv_lib_python3_12_site-packages_PyQt6_Qt6_qml_QtQuick_Controls --> node_venv_lib_python3_12_site-packages_PyQt6_Qt6_qml_QtQuick_Controls_Fusion["Fusion"]\n    node_venv_lib_python3_12_site-packages_PyQt6_Qt6_qml_QtQuick_Controls_Fusion --> node_venv_lib_python3_12_site-packages_PyQt6_Qt6_qml_QtQuick_Controls_Fusion_impl["impl"]\n    node_venv_lib_python3_12_site-packages_PyQt6_Qt6_qml_QtQuick_Controls_Fusion_impl --> node_venv_lib_python3_12_site-packages_PyQt6_Qt6_qml_QtQuick_Controls_Fusion_impl_TextFieldBackground_qml["TextFieldBackground.qml"]\n    Root --> node_venv["venv"]\n    node_venv --> node_venv_lib["lib"]\n    node_venv_lib --> node_venv_lib_python3_12["python3.12"]\n    node_venv_lib_python3_12 --> node_venv_lib_python3_12_site-packages["site-packages"]\n    node_venv_lib_python3_12_site-packages --> node_venv_lib_python3_12_site-packages_PyQt6["PyQt6"]\n    node_venv_lib_python3_12_site-packages_PyQt6 --> node_venv_lib_python3_12_site-packages_PyQt6_Qt6["Qt6"]\n    node_venv_lib_python3_12_site-packages_PyQt6_Qt6 --> node_venv_lib_python3_12_site-packages_PyQt6_Qt6_qml["qml"]\n    node_venv_lib_python3_12_site-packages_PyQt6_Qt6_qml --> node_venv_lib_python3_12_site-packages_PyQt6_Qt6_qml_QtQuick["QtQuick"]\n    node_venv_lib_python3_12_site-packages_PyQt6_Qt6_qml_QtQuick --> node_venv_lib_python3_12_site-packages_PyQt6_Qt6_qml_QtQuick_Controls["Controls"]\n    node_venv_lib_python3_12_site-packages_PyQt6_Qt6_qml_QtQuick_Controls --> node_venv_lib_python3_12_site-packages_PyQt6_Qt6_qml_QtQuick_Controls_Fusion["Fusion"]\n    node_venv_lib_python3_12_site-packages_PyQt6_Qt6_qml_QtQuick_Controls_Fusion --> node_venv_lib_python3_12_site-packages_PyQt6_Qt6_qml_QtQuick_Controls_Fusion_impl["impl"]\n    node_venv_lib_python3_12_site-packages_PyQt6_Qt6_qml_QtQuick_Controls_Fusion_impl --> node_venv_lib_python3_12_site-packages_PyQt6_Qt6_qml_QtQuick_Controls_Fusion_impl_libqtquickcontrols2fusionstyleimplplugin_dylib["libqtquickcontrols2fusionstyleimplplugin.dylib"]\n    Root --> node_venv["venv"]\n    node_venv --> node_venv_lib["lib"]\n    node_venv_lib --> node_venv_lib_python3_12["python3.12"]\n    node_venv_lib_python3_12 --> node_venv_lib_python3_12_site-packages["site-packages"]\n    node_venv_lib_python3_12_site-packages --> node_venv_lib_python3_12_site-packages_PyQt6["PyQt6"]\n    node_venv_lib_python3_12_site-packages_PyQt6 --> node_venv_lib_python3_12_site-packages_PyQt6_Qt6["Qt6"]\n    node_venv_lib_python3_12_site-packages_PyQt6_Qt6 --> node_venv_lib_python3_12_site-packages_PyQt6_Qt6_qml["qml"]\n    node_venv_lib_python3_12_site-packages_PyQt6_Qt6_qml --> node_venv_lib_python3_12_site-packages_PyQt6_Qt6_qml_QtQuick["QtQuick"]\n    node_venv_lib_python3_12_site-packages_PyQt6_Qt6_qml_QtQuick --> node_venv_lib_python3_12_site-packages_PyQt6_Qt6_qml_QtQuick_Controls["Controls"]\n    node_venv_lib_python3_12_site-packages_PyQt6_Qt6_qml_QtQuick_Controls --> node_venv_lib_python3_12_site-packages_PyQt6_Qt6_qml_QtQuick_Controls_Fusion["Fusion"]\n    node_venv_lib_python3_12_site-packages_PyQt6_Qt6_qml_QtQuick_Controls_Fusion --> node_venv_lib_python3_12_site-packages_PyQt6_Qt6_qml_QtQuick_Controls_Fusion_impl["impl"]\n    node_venv_lib_python3_12_site-packages_PyQt6_Qt6_qml_QtQuick_Controls_Fusion_impl --> node_venv_lib_python3_12_site-packages_PyQt6_Qt6_qml_QtQuick_Controls_Fusion_impl_plugins_qmltypes["plugins.qmltypes"]\n    Root --> node_venv["venv"]\n    node_venv --> node_venv_lib["lib"]\n    node_venv_lib --> node_venv_lib_python3_12["python3.12"]\n    node_venv_lib_python3_12 --> node_venv_lib_python3_12_site-packages["site-packages"]\n    node_venv_lib_python3_12_site-packages --> node_venv_lib_python3_12_site-packages_PyQt6["PyQt6"]\n    node_venv_lib_python3_12_site-packages_PyQt6 --> node_venv_lib_python3_12_site-packages_PyQt6_Qt6["Qt6"]\n    node_venv_lib_python3_12_site-packages_PyQt6_Qt6 --> node_venv_lib_python3_12_site-packages_PyQt6_Qt6_qml["qml"]\n    node_venv_lib_python3_12_site-packages_PyQt6_Qt6_qml --> node_venv_lib_python3_12_site-packages_PyQt6_Qt6_qml_QtQuick["QtQuick"]\n    node_venv_lib_python3_12_site-packages_PyQt6_Qt6_qml_QtQuick --> node_venv_lib_python3_12_site-packages_PyQt6_Qt6_qml_QtQuick_Controls["Controls"]\n    node_venv_lib_python3_12_site-packages_PyQt6_Qt6_qml_QtQuick_Controls --> node_venv_lib_python3_12_site-packages_PyQt6_Qt6_qml_QtQuick_Controls_Fusion["Fusion"]\n    node_venv_lib_python3_12_site-packages_PyQt6_Qt6_qml_QtQuick_Controls_Fusion --> node_venv_lib_python3_12_site-packages_PyQt6_Qt6_qml_QtQuick_Controls_Fusion_impl["impl"]\n    node_venv_lib_python3_12_site-packages_PyQt6_Qt6_qml_QtQuick_Controls_Fusion_impl --> node_venv_lib_python3_12_site-packages_PyQt6_Qt6_qml_QtQuick_Controls_Fusion_impl_qmldir["qmldir"]\n    Root --> node_venv["venv"]\n    node_venv --> node_venv_lib["lib"]\n    node_venv_lib --> node_venv_lib_python3_12["python3.12"]\n    node_venv_lib_python3_12 --> node_venv_lib_python3_12_site-packages["site-packages"]\n    node_venv_lib_python3_12_site-packages --> node_venv_lib_python3_12_site-packages_PyQt6["PyQt6"]\n    node_venv_lib_python3_12_site-packages_PyQt6 --> node_venv_lib_python3_12_site-packages_PyQt6_Qt6["Qt6"]\n    node_venv_lib_python3_12_site-packages_PyQt6_Qt6 --> node_venv_lib_python3_12_site-packages_PyQt6_Qt6_qml["qml"]\n    node_venv_lib_python3_12_site-packages_PyQt6_Qt6_qml --> node_venv_lib_python3_12_site-packages_PyQt6_Qt6_qml_QtQuick["QtQuick"]\n    node_venv_lib_python3_12_site-packages_PyQt6_Qt6_qml_QtQuick --> node_venv_lib_python3_12_site-packages_PyQt6_Qt6_qml_QtQuick_Controls["Controls"]\n    node_venv_lib_python3_12_site-packages_PyQt6_Qt6_qml_QtQuick_Controls --> node_venv_lib_python3_12_site-packages_PyQt6_Qt6_qml_QtQuick_Controls_impl["impl"]\n    node_venv_lib_python3_12_site-packages_PyQt6_Qt6_qml_QtQuick_Controls_impl --> node_venv_lib_python3_12_site-packages_PyQt6_Qt6_qml_QtQuick_Controls_impl_libqtquickcontrols2implplugin_dylib["libqtquickcontrols2implplugin.dylib"]\n    Root --> node_venv["venv"]\n    node_venv --> node_venv_lib["lib"]\n    node_venv_lib --> node_venv_lib_python3_12["python3.12"]\n    node_venv_lib_python3_12 --> node_venv_lib_python3_12_site-packages["site-packages"]\n    node_venv_lib_python3_12_site-packages --> node_venv_lib_python3_12_site-packages_PyQt6["PyQt6"]\n    node_venv_lib_python3_12_site-packages_PyQt6 --> node_venv_lib_python3_12_site-packages_PyQt6_Qt6["Qt6"]\n    node_venv_lib_python3_12_site-packages_PyQt6_Qt6 --> node_venv_lib_python3_12_site-packages_PyQt6_Qt6_qml["qml"]\n    node_venv_lib_python3_12_site-packages_PyQt6_Qt6_qml --> node_venv_lib_python3_12_site-packages_PyQt6_Qt6_qml_QtQuick["QtQuick"]\n    node_venv_lib_python3_12_site-packages_PyQt6_Qt6_qml_QtQuick --> node_venv_lib_python3_12_site-packages_PyQt6_Qt6_qml_QtQuick_Controls["Controls"]\n    node_venv_lib_python3_12_site-packages_PyQt6_Qt6_qml_QtQuick_Controls --> node_venv_lib_python3_12_site-packages_PyQt6_Qt6_qml_QtQuick_Controls_impl["impl"]\n    node_venv_lib_python3_12_site-packages_PyQt6_Qt6_qml_QtQuick_Controls_impl --> node_venv_lib_python3_12_site-packages_PyQt6_Qt6_qml_QtQuick_Controls_impl_plugins_qmltypes["plugins.qmltypes"]\n    Root --> node_venv["venv"]\n    node_venv --> node_venv_lib["lib"]\n    node_venv_lib --> node_venv_lib_python3_12["python3.12"]\n    node_venv_lib_python3_12 --> node_venv_lib_python3_12_site-packages["site-packages"]\n    node_venv_lib_python3_12_site-packages --> node_venv_lib_python3_12_site-packages_PyQt6["PyQt6"]\n    node_venv_lib_python3_12_site-packages_PyQt6 --> node_venv_lib_python3_12_site-packages_PyQt6_Qt6["Qt6"]\n    node_venv_lib_python3_12_site-packages_PyQt6_Qt6 --> node_venv_lib_python3_12_site-packages_PyQt6_Qt6_qml["qml"]\n    node_venv_lib_python3_12_site-packages_PyQt6_Qt6_qml --> node_venv_lib_python3_12_site-packages_PyQt6_Qt6_qml_QtQuick["QtQuick"]\n    node_venv_lib_python3_12_site-packages_PyQt6_Qt6_qml_QtQuick --> node_venv_lib_python3_12_site-packages_PyQt6_Qt6_qml_QtQuick_Controls["Controls"]\n    node_venv_lib_python3_12_site-packages_PyQt6_Qt6_qml_QtQuick_Controls --> node_venv_lib_python3_12_site-packages_PyQt6_Qt6_qml_QtQuick_Controls_impl["impl"]\n    node_venv_lib_python3_12_site-packages_PyQt6_Qt6_qml_QtQuick_Controls_impl --> node_venv_lib_python3_12_site-packages_PyQt6_Qt6_qml_QtQuick_Controls_impl_qmldir["qmldir"]\n    Root --> node_venv["venv"]\n    node_venv --> node_venv_lib["lib"]\n    node_venv_lib --> node_venv_lib_python3_12["python3.12"]\n    node_venv_lib_python3_12 --> node_venv_lib_python3_12_site-packages["site-packages"]\n    node_venv_lib_python3_12_site-packages --> node_venv_lib_python3_12_site-packages_PyQt6["PyQt6"]\n    node_venv_lib_python3_12_site-packages_PyQt6 --> node_venv_lib_python3_12_site-packages_PyQt6_Qt6["Qt6"]\n    node_venv_lib_python3_12_site-packages_PyQt6_Qt6 --> node_venv_lib_python3_12_site-packages_PyQt6_Qt6_qml["qml"]\n    node_venv_lib_python3_12_site-packages_PyQt6_Qt6_qml --> node_venv_lib_python3_12_site-packages_PyQt6_Qt6_qml_QtQuick["QtQuick"]\n    node_venv_lib_python3_12_site-packages_PyQt6_Qt6_qml_QtQuick --> node_venv_lib_python3_12_site-packages_PyQt6_Qt6_qml_QtQuick_Controls["Controls"]\n    node_venv_lib_python3_12_site-packages_PyQt6_Qt6_qml_QtQuick_Controls --> node_venv_lib_python3_12_site-packages_PyQt6_Qt6_qml_QtQuick_Controls_FluentWinUI3["FluentWinUI3"]\n    node_venv_lib_python3_12_site-packages_PyQt6_Qt6_qml_QtQuick_Controls_FluentWinUI3 --> node_venv_lib_python3_12_site-packages_PyQt6_Qt6_qml_QtQuick_Controls_FluentWinUI3_ApplicationWindow_qml["ApplicationWindow.qml"]\n    Root --> node_venv["venv"]\n    node_venv --> node_venv_lib["lib"]\n    node_venv_lib --> node_venv_lib_python3_12["python3.12"]\n    node_venv_lib_python3_12 --> node_venv_lib_python3_12_site-packages["site-packages"]\n    node_venv_lib_python3_12_site-packages --> node_venv_lib_python3_12_site-packages_PyQt6["PyQt6"]\n    node_venv_lib_python3_12_site-packages_PyQt6 --> node_venv_lib_python3_12_site-packages_PyQt6_Qt6["Qt6"]\n    node_venv_lib_python3_12_site-packages_PyQt6_Qt6 --> node_venv_lib_python3_12_site-packages_PyQt6_Qt6_qml["qml"]\n    node_venv_lib_python3_12_site-packages_PyQt6_Qt6_qml --> node_venv_lib_python3_12_site-packages_PyQt6_Qt6_qml_QtQuick["QtQuick"]\n    node_venv_lib_python3_12_site-packages_PyQt6_Qt6_qml_QtQuick --> node_venv_lib_python3_12_site-packages_PyQt6_Qt6_qml_QtQuick_Controls["Controls"]\n    node_venv_lib_python3_12_site-packages_PyQt6_Qt6_qml_QtQuick_Controls --> node_venv_lib_python3_12_site-packages_PyQt6_Qt6_qml_QtQuick_Controls_FluentWinUI3["FluentWinUI3"]\n    node_venv_lib_python3_12_site-packages_PyQt6_Qt6_qml_QtQuick_Controls_FluentWinUI3 --> node_venv_lib_python3_12_site-packages_PyQt6_Qt6_qml_QtQuick_Controls_FluentWinUI3_BusyIndicator_qml["BusyIndicator.qml"]\n    Root --> node_venv["venv"]\n    node_venv --> node_venv_lib["lib"]\n    node_venv_lib --> node_venv_lib_python3_12["python3.12"]\n    node_venv_lib_python3_12 --> node_venv_lib_python3_12_site-packages["site-packages"]\n    node_venv_lib_python3_12_site-packages --> node_venv_lib_python3_12_site-packages_PyQt6["PyQt6"]\n    node_venv_lib_python3_12_site-packages_PyQt6 --> node_venv_lib_python3_12_site-packages_PyQt6_Qt6["Qt6"]\n    node_venv_lib_python3_12_site-packages_PyQt6_Qt6 --> node_venv_lib_python3_12_site-packages_PyQt6_Qt6_qml["qml"]\n    node_venv_lib_python3_12_site-packages_PyQt6_Qt6_qml --> node_venv_lib_python3_12_site-packages_PyQt6_Qt6_qml_QtQuick["QtQuick"]\n    node_venv_lib_python3_12_site-packages_PyQt6_Qt6_qml_QtQuick --> node_venv_lib_python3_12_site-packages_PyQt6_Qt6_qml_QtQuick_Controls["Controls"]\n    node_venv_lib_python3_12_site-packages_PyQt6_Qt6_qml_QtQuick_Controls --> node_venv_lib_python3_12_site-packages_PyQt6_Qt6_qml_QtQuick_Controls_FluentWinUI3["FluentWinUI3"]\n    node_venv_lib_python3_12_site-packages_PyQt6_Qt6_qml_QtQuick_Controls_FluentWinUI3 --> node_venv_lib_python3_12_site-packages_PyQt6_Qt6_qml_QtQuick_Controls_FluentWinUI3_Button_qml["Button.qml"]\n    Root --> node_venv["venv"]\n    node_venv --> node_venv_lib["lib"]\n    node_venv_lib --> node_venv_lib_python3_12["python3.12"]\n    node_venv_lib_python3_12 --> node_venv_lib_python3_12_site-packages["site-packages"]\n    node_venv_lib_python3_12_site-packages --> node_venv_lib_python3_12_site-packages_PyQt6["PyQt6"]\n    node_venv_lib_python3_12_site-packages_PyQt6 --> node_venv_lib_python3_12_site-packages_PyQt6_Qt6["Qt6"]\n    node_venv_lib_python3_12_site-packages_PyQt6_Qt6 --> node_venv_lib_python3_12_site-packages_PyQt6_Qt6_qml["qml"]\n    node_venv_lib_python3_12_site-packages_PyQt6_Qt6_qml --> node_venv_lib_python3_12_site-packages_PyQt6_Qt6_qml_QtQuick["QtQuick"]\n    node_venv_lib_python3_12_site-packages_PyQt6_Qt6_qml_QtQuick --> node_venv_lib_python3_12_site-packages_PyQt6_Qt6_qml_QtQuick_Controls["Controls"]\n    node_venv_lib_python3_12_site-packages_PyQt6_Qt6_qml_QtQuick_Controls --> node_venv_lib_python3_12_site-packages_PyQt6_Qt6_qml_QtQuick_Controls_FluentWinUI3["FluentWinUI3"]\n    node_venv_lib_python3_12_site-packages_PyQt6_Qt6_qml_QtQuick_Controls_FluentWinUI3 --> node_venv_lib_python3_12_site-packages_PyQt6_Qt6_qml_QtQuick_Controls_FluentWinUI3_CheckBox_qml["CheckBox.qml"]\n    Root --> node_venv["venv"]\n    node_venv --> node_venv_lib["lib"]\n    node_venv_lib --> node_venv_lib_python3_12["python3.12"]\n    node_venv_lib_python3_12 --> node_venv_lib_python3_12_site-packages["site-packages"]\n    node_venv_lib_python3_12_site-packages --> node_venv_lib_python3_12_site-packages_PyQt6["PyQt6"]\n    node_venv_lib_python3_12_site-packages_PyQt6 --> node_venv_lib_python3_12_site-packages_PyQt6_Qt6["Qt6"]\n    node_venv_lib_python3_12_site-packages_PyQt6_Qt6 --> node_venv_lib_python3_12_site-packages_PyQt6_Qt6_qml["qml"]\n    node_venv_lib_python3_12_site-packages_PyQt6_Qt6_qml --> node_venv_lib_python3_12_site-packages_PyQt6_Qt6_qml_QtQuick["QtQuick"]\n    node_venv_lib_python3_12_site-packages_PyQt6_Qt6_qml_QtQuick --> node_venv_lib_python3_12_site-packages_PyQt6_Qt6_qml_QtQuick_Controls["Controls"]\n    node_venv_lib_python3_12_site-packages_PyQt6_Qt6_qml_QtQuick_Controls --> node_venv_lib_python3_12_site-packages_PyQt6_Qt6_qml_QtQuick_Controls_FluentWinUI3["FluentWinUI3"]\n    node_venv_lib_python3_12_site-packages_PyQt6_Qt6_qml_QtQuick_Controls_FluentWinUI3 --> node_venv_lib_python3_12_site-packages_PyQt6_Qt6_qml_QtQuick_Controls_FluentWinUI3_CheckDelegate_qml["CheckDelegate.qml"]\n    Root --> node_venv["venv"]\n    node_venv --> node_venv_lib["lib"]\n    node_venv_lib --> node_venv_lib_python3_12["python3.12"]\n    node_venv_lib_python3_12 --> node_venv_lib_python3_12_site-packages["site-packages"]\n    node_venv_lib_python3_12_site-packages --> node_venv_lib_python3_12_site-packages_PyQt6["PyQt6"]\n    node_venv_lib_python3_12_site-packages_PyQt6 --> node_venv_lib_python3_12_site-packages_PyQt6_Qt6["Qt6"]\n    node_venv_lib_python3_12_site-packages_PyQt6_Qt6 --> node_venv_lib_python3_12_site-packages_PyQt6_Qt6_qml["qml"]\n    node_venv_lib_python3_12_site-packages_PyQt6_Qt6_qml --> node_venv_lib_python3_12_site-packages_PyQt6_Qt6_qml_QtQuick["QtQuick"]\n    node_venv_lib_python3_12_site-packages_PyQt6_Qt6_qml_QtQuick --> node_venv_lib_python3_12_site-packages_PyQt6_Qt6_qml_QtQuick_Controls["Controls"]\n    node_venv_lib_python3_12_site-packages_PyQt6_Qt6_qml_QtQuick_Controls --> node_venv_lib_python3_12_site-packages_PyQt6_Qt6_qml_QtQuick_Controls_FluentWinUI3["FluentWinUI3"]\n    node_venv_lib_python3_12_site-packages_PyQt6_Qt6_qml_QtQuick_Controls_FluentWinUI3 --> node_venv_lib_python3_12_site-packages_PyQt6_Qt6_qml_QtQuick_Controls_FluentWinUI3_ComboBox_qml["ComboBox.qml"]\n    Root --> node_venv["venv"]\n    node_venv --> node_venv_lib["lib"]\n    node_venv_lib --> node_venv_lib_python3_12["python3.12"]\n    node_venv_lib_python3_12 --> node_venv_lib_python3_12_site-packages["site-packages"]\n    node_venv_lib_python3_12_site-packages --> node_venv_lib_python3_12_site-packages_PyQt6["PyQt6"]\n    node_venv_lib_python3_12_site-packages_PyQt6 --> node_venv_lib_python3_12_site-packages_PyQt6_Qt6["Qt6"]\n    node_venv_lib_python3_12_site-packages_PyQt6_Qt6 --> node_venv_lib_python3_12_site-packages_PyQt6_Qt6_qml["qml"]\n    node_venv_lib_python3_12_site-packages_PyQt6_Qt6_qml --> node_venv_lib_python3_12_site-packages_PyQt6_Qt6_qml_QtQuick["QtQuick"]\n    node_venv_lib_python3_12_site-packages_PyQt6_Qt6_qml_QtQuick --> node_venv_lib_python3_12_site-packages_PyQt6_Qt6_qml_QtQuick_Controls["Controls"]\n    node_venv_lib_python3_12_site-packages_PyQt6_Qt6_qml_QtQuick_Controls --> node_venv_lib_python3_12_site-packages_PyQt6_Qt6_qml_QtQuick_Controls_FluentWinUI3["FluentWinUI3"]\n    node_venv_lib_python3_12_site-packages_PyQt6_Qt6_qml_QtQuick_Controls_FluentWinUI3 --> node_venv_lib_python3_12_site-packages_PyQt6_Qt6_qml_QtQuick_Controls_FluentWinUI3_Config_qml["Config.qml"]\n    Root --> node_venv["venv"]\n    node_venv --> node_venv_lib["lib"]\n    node_venv_lib --> node_venv_lib_python3_12["python3.12"]\n    node_venv_lib_python3_12 --> node_venv_lib_python3_12_site-packages["site-packages"]\n    node_venv_lib_python3_12_site-packages --> node_venv_lib_python3_12_site-packages_PyQt6["PyQt6"]\n    node_venv_lib_python3_12_site-packages_PyQt6 --> node_venv_lib_python3_12_site-packages_PyQt6_Qt6["Qt6"]\n    node_venv_lib_python3_12_site-packages_PyQt6_Qt6 --> node_venv_lib_python3_12_site-packages_PyQt6_Qt6_qml["qml"]\n    node_venv_lib_python3_12_site-packages_PyQt6_Qt6_qml --> node_venv_lib_python3_12_site-packages_PyQt6_Qt6_qml_QtQuick["QtQuick"]\n    node_venv_lib_python3_12_site-packages_PyQt6_Qt6_qml_QtQuick --> node_venv_lib_python3_12_site-packages_PyQt6_Qt6_qml_QtQuick_Controls["Controls"]\n    node_venv_lib_python3_12_site-packages_PyQt6_Qt6_qml_QtQuick_Controls --> node_venv_lib_python3_12_site-packages_PyQt6_Qt6_qml_QtQuick_Controls_FluentWinUI3["FluentWinUI3"]\n    node_venv_lib_python3_12_site-packages_PyQt6_Qt6_qml_QtQuick_Controls_FluentWinUI3 --> node_venv_lib_python3_12_site-packages_PyQt6_Qt6_qml_QtQuick_Controls_FluentWinUI3_DelayButton_qml["DelayButton.qml"]\n    Root --> node_venv["venv"]\n    node_venv --> node_venv_lib["lib"]\n    node_venv_lib --> node_venv_lib_python3_12["python3.12"]\n    node_venv_lib_python3_12 --> node_venv_lib_python3_12_site-packages["site-packages"]\n    node_venv_lib_python3_12_site-packages --> node_venv_lib_python3_12_site-packages_PyQt6["PyQt6"]\n    node_venv_lib_python3_12_site-packages_PyQt6 --> node_venv_lib_python3_12_site-packages_PyQt6_Qt6["Qt6"]\n    node_venv_lib_python3_12_site-packages_PyQt6_Qt6 --> node_venv_lib_python3_12_site-packages_PyQt6_Qt6_qml["qml"]\n    node_venv_lib_python3_12_site-packages_PyQt6_Qt6_qml --> node_venv_lib_python3_12_site-packages_PyQt6_Qt6_qml_QtQuick["QtQuick"]\n    node_venv_lib_python3_12_site-packages_PyQt6_Qt6_qml_QtQuick --> node_venv_lib_python3_12_site-packages_PyQt6_Qt6_qml_QtQuick_Controls["Controls"]\n    node_venv_lib_python3_12_site-packages_PyQt6_Qt6_qml_QtQuick_Controls --> node_venv_lib_python3_12_site-packages_PyQt6_Qt6_qml_QtQuick_Controls_FluentWinUI3["FluentWinUI3"]\n    node_venv_lib_python3_12_site-packages_PyQt6_Qt6_qml_QtQuick_Controls_FluentWinUI3 --> node_venv_lib_python3_12_site-packages_PyQt6_Qt6_qml_QtQuick_Controls_FluentWinUI3_Dialog_qml["Dialog.qml"]\n    Root --> node_venv["venv"]\n    node_venv --> node_venv_lib["lib"]\n    node_venv_lib --> node_venv_lib_python3_12["python3.12"]\n    node_venv_lib_python3_12 --> node_venv_lib_python3_12_site-packages["site-packages"]\n    node_venv_lib_python3_12_site-packages --> node_venv_lib_python3_12_site-packages_PyQt6["PyQt6"]\n    node_venv_lib_python3_12_site-packages_PyQt6 --> node_venv_lib_python3_12_site-packages_PyQt6_Qt6["Qt6"]\n    node_venv_lib_python3_12_site-packages_PyQt6_Qt6 --> node_venv_lib_python3_12_site-packages_PyQt6_Qt6_qml["qml"]\n    node_venv_lib_python3_12_site-packages_PyQt6_Qt6_qml --> node_venv_lib_python3_12_site-packages_PyQt6_Qt6_qml_QtQuick["QtQuick"]\n    node_venv_lib_python3_12_site-packages_PyQt6_Qt6_qml_QtQuick --> node_venv_lib_python3_12_site-packages_PyQt6_Qt6_qml_QtQuick_Controls["Controls"]\n    node_venv_lib_python3_12_site-packages_PyQt6_Qt6_qml_QtQuick_Controls --> node_venv_lib_python3_12_site-packages_PyQt6_Qt6_qml_QtQuick_Controls_FluentWinUI3["FluentWinUI3"]\n    node_venv_lib_python3_12_site-packages_PyQt6_Qt6_qml_QtQuick_Controls_FluentWinUI3 --> node_venv_lib_python3_12_site-packages_PyQt6_Qt6_qml_QtQuick_Controls_FluentWinUI3_DialogButtonBox_qml["DialogButtonBox.qml"]\n    Root --> node_venv["venv"]\n    node_venv --> node_venv_lib["lib"]\n    node_venv_lib --> node_venv_lib_python3_12["python3.12"]\n    node_venv_lib_python3_12 --> node_venv_lib_python3_12_site-packages["site-packages"]\n    node_venv_lib_python3_12_site-packages --> node_venv_lib_python3_12_site-packages_PyQt6["PyQt6"]\n    node_venv_lib_python3_12_site-packages_PyQt6 --> node_venv_lib_python3_12_site-packages_PyQt6_Qt6["Qt6"]\n    node_venv_lib_python3_12_site-packages_PyQt6_Qt6 --> node_venv_lib_python3_12_site-packages_PyQt6_Qt6_qml["qml"]\n    node_venv_lib_python3_12_site-packages_PyQt6_Qt6_qml --> node_venv_lib_python3_12_site-packages_PyQt6_Qt6_qml_QtQuick["QtQuick"]\n    node_venv_lib_python3_12_site-packages_PyQt6_Qt6_qml_QtQuick --> node_venv_lib_python3_12_site-packages_PyQt6_Qt6_qml_QtQuick_Controls["Controls"]\n    node_venv_lib_python3_12_site-packages_PyQt6_Qt6_qml_QtQuick_Controls --> node_venv_lib_python3_12_site-packages_PyQt6_Qt6_qml_QtQuick_Controls_FluentWinUI3["FluentWinUI3"]\n    node_venv_lib_python3_12_site-packages_PyQt6_Qt6_qml_QtQuick_Controls_FluentWinUI3 --> node_venv_lib_python3_12_site-packages_PyQt6_Qt6_qml_QtQuick_Controls_FluentWinUI3_FocusFrame_qml["FocusFrame.qml"]\n    Root --> node_venv["venv"]\n    node_venv --> node_venv_lib["lib"]\n    node_venv_lib --> node_venv_lib_python3_12["python3.12"]\n    node_venv_lib_python3_12 --> node_venv_lib_python3_12_site-packages["site-packages"]\n    node_venv_lib_python3_12_site-packages --> node_venv_lib_python3_12_site-packages_PyQt6["PyQt6"]\n    node_venv_lib_python3_12_site-packages_PyQt6 --> node_venv_lib_python3_12_site-packages_PyQt6_Qt6["Qt6"]\n    node_venv_lib_python3_12_site-packages_PyQt6_Qt6 --> node_venv_lib_python3_12_site-packages_PyQt6_Qt6_qml["qml"]\n    node_venv_lib_python3_12_site-packages_PyQt6_Qt6_qml --> node_venv_lib_python3_12_site-packages_PyQt6_Qt6_qml_QtQuick["QtQuick"]\n    node_venv_lib_python3_12_site-packages_PyQt6_Qt6_qml_QtQuick --> node_venv_lib_python3_12_site-packages_PyQt6_Qt6_qml_QtQuick_Controls["Controls"]\n    node_venv_lib_python3_12_site-packages_PyQt6_Qt6_qml_QtQuick_Controls --> node_venv_lib_python3_12_site-packages_PyQt6_Qt6_qml_QtQuick_Controls_FluentWinUI3["FluentWinUI3"]\n    node_venv_lib_python3_12_site-packages_PyQt6_Qt6_qml_QtQuick_Controls_FluentWinUI3 --> node_venv_lib_python3_12_site-packages_PyQt6_Qt6_qml_QtQuick_Controls_FluentWinUI3_Frame_qml["Frame.qml"]\n    Root --> node_venv["venv"]\n    node_venv --> node_venv_lib["lib"]\n    node_venv_lib --> node_venv_lib_python3_12["python3.12"]\n    node_venv_lib_python3_12 --> node_venv_lib_python3_12_site-packages["site-packages"]\n    node_venv_lib_python3_12_site-packages --> node_venv_lib_python3_12_site-packages_PyQt6["PyQt6"]\n    node_venv_lib_python3_12_site-packages_PyQt6 --> node_venv_lib_python3_12_site-packages_PyQt6_Qt6["Qt6"]\n    node_venv_lib_python3_12_site-packages_PyQt6_Qt6 --> node_venv_lib_python3_12_site-packages_PyQt6_Qt6_qml["qml"]\n    node_venv_lib_python3_12_site-packages_PyQt6_Qt6_qml --> node_venv_lib_python3_12_site-packages_PyQt6_Qt6_qml_QtQuick["QtQuick"]\n    node_venv_lib_python3_12_site-packages_PyQt6_Qt6_qml_QtQuick --> node_venv_lib_python3_12_site-packages_PyQt6_Qt6_qml_QtQuick_Controls["Controls"]\n    node_venv_lib_python3_12_site-packages_PyQt6_Qt6_qml_QtQuick_Controls --> node_venv_lib_python3_12_site-packages_PyQt6_Qt6_qml_QtQuick_Controls_FluentWinUI3["FluentWinUI3"]\n    node_venv_lib_python3_12_site-packages_PyQt6_Qt6_qml_QtQuick_Controls_FluentWinUI3 --> node_venv_lib_python3_12_site-packages_PyQt6_Qt6_qml_QtQuick_Controls_FluentWinUI3_GroupBox_qml["GroupBox.qml"]\n    Root --> node_venv["venv"]\n    node_venv --> node_venv_lib["lib"]\n    node_venv_lib --> node_venv_lib_python3_12["python3.12"]\n    node_venv_lib_python3_12 --> node_venv_lib_python3_12_site-packages["site-packages"]\n    node_venv_lib_python3_12_site-packages --> node_venv_lib_python3_12_site-packages_PyQt6["PyQt6"]\n    node_venv_lib_python3_12_site-packages_PyQt6 --> node_venv_lib_python3_12_site-packages_PyQt6_Qt6["Qt6"]\n    node_venv_lib_python3_12_site-packages_PyQt6_Qt6 --> node_venv_lib_python3_12_site-packages_PyQt6_Qt6_qml["qml"]\n    node_venv_lib_python3_12_site-packages_PyQt6_Qt6_qml --> node_venv_lib_python3_12_site-packages_PyQt6_Qt6_qml_QtQuick["QtQuick"]\n    node_venv_lib_python3_12_site-packages_PyQt6_Qt6_qml_QtQuick --> node_venv_lib_python3_12_site-packages_PyQt6_Qt6_qml_QtQuick_Controls["Controls"]\n    node_venv_lib_python3_12_site-packages_PyQt6_Qt6_qml_QtQuick_Controls --> node_venv_lib_python3_12_site-packages_PyQt6_Qt6_qml_QtQuick_Controls_FluentWinUI3["FluentWinUI3"]\n    node_venv_lib_python3_12_site-packages_PyQt6_Qt6_qml_QtQuick_Controls_FluentWinUI3 --> node_venv_lib_python3_12_site-packages_PyQt6_Qt6_qml_QtQuick_Controls_FluentWinUI3_ItemDelegate_qml["ItemDelegate.qml"]\n    Root --> node_venv["venv"]\n    node_venv --> node_venv_lib["lib"]\n    node_venv_lib --> node_venv_lib_python3_12["python3.12"]\n    node_venv_lib_python3_12 --> node_venv_lib_python3_12_site-packages["site-packages"]\n    node_venv_lib_python3_12_site-packages --> node_venv_lib_python3_12_site-packages_PyQt6["PyQt6"]\n    node_venv_lib_python3_12_site-packages_PyQt6 --> node_venv_lib_python3_12_site-packages_PyQt6_Qt6["Qt6"]\n    node_venv_lib_python3_12_site-packages_PyQt6_Qt6 --> node_venv_lib_python3_12_site-packages_PyQt6_Qt6_qml["qml"]\n    node_venv_lib_python3_12_site-packages_PyQt6_Qt6_qml --> node_venv_lib_python3_12_site-packages_PyQt6_Qt6_qml_QtQuick["QtQuick"]\n    node_venv_lib_python3_12_site-packages_PyQt6_Qt6_qml_QtQuick --> node_venv_lib_python3_12_site-packages_PyQt6_Qt6_qml_QtQuick_Controls["Controls"]\n    node_venv_lib_python3_12_site-packages_PyQt6_Qt6_qml_QtQuick_Controls --> node_venv_lib_python3_12_site-packages_PyQt6_Qt6_qml_QtQuick_Controls_FluentWinUI3["FluentWinUI3"]\n    node_venv_lib_python3_12_site-packages_PyQt6_Qt6_qml_QtQuick_Controls_FluentWinUI3 --> node_venv_lib_python3_12_site-packages_PyQt6_Qt6_qml_QtQuick_Controls_FluentWinUI3_Menu_qml["Menu.qml"]\n    Root --> node_venv["venv"]\n    node_venv --> node_venv_lib["lib"]\n    node_venv_lib --> node_venv_lib_python3_12["python3.12"]\n    node_venv_lib_python3_12 --> node_venv_lib_python3_12_site-packages["site-packages"]\n    node_venv_lib_python3_12_site-packages --> node_venv_lib_python3_12_site-packages_PyQt6["PyQt6"]\n    node_venv_lib_python3_12_site-packages_PyQt6 --> node_venv_lib_python3_12_site-packages_PyQt6_Qt6["Qt6"]\n    node_venv_lib_python3_12_site-packages_PyQt6_Qt6 --> node_venv_lib_python3_12_site-packages_PyQt6_Qt6_qml["qml"]\n    node_venv_lib_python3_12_site-packages_PyQt6_Qt6_qml --> node_venv_lib_python3_12_site-packages_PyQt6_Qt6_qml_QtQuick["QtQuick"]\n    node_venv_lib_python3_12_site-packages_PyQt6_Qt6_qml_QtQuick --> node_venv_lib_python3_12_site-packages_PyQt6_Qt6_qml_QtQuick_Controls["Controls"]\n    node_venv_lib_python3_12_site-packages_PyQt6_Qt6_qml_QtQuick_Controls --> node_venv_lib_python3_12_site-packages_PyQt6_Qt6_qml_QtQuick_Controls_FluentWinUI3["FluentWinUI3"]\n    node_venv_lib_python3_12_site-packages_PyQt6_Qt6_qml_QtQuick_Controls_FluentWinUI3 --> node_venv_lib_python3_12_site-packages_PyQt6_Qt6_qml_QtQuick_Controls_FluentWinUI3_MenuBar_qml["MenuBar.qml"]\n    Root --> node_venv["venv"]\n    node_venv --> node_venv_lib["lib"]\n    node_venv_lib --> node_venv_lib_python3_12["python3.12"]\n    node_venv_lib_python3_12 --> node_venv_lib_python3_12_site-packages["site-packages"]\n    node_venv_lib_python3_12_site-packages --> node_venv_lib_python3_12_site-packages_PyQt6["PyQt6"]\n    node_venv_lib_python3_12_site-packages_PyQt6 --> node_venv_lib_python3_12_site-packages_PyQt6_Qt6["Qt6"]\n    node_venv_lib_python3_12_site-packages_PyQt6_Qt6 --> node_venv_lib_python3_12_site-packages_PyQt6_Qt6_qml["qml"]\n    node_venv_lib_python3_12_site-packages_PyQt6_Qt6_qml --> node_venv_lib_python3_12_site-packages_PyQt6_Qt6_qml_QtQuick["QtQuick"]\n    node_venv_lib_python3_12_site-packages_PyQt6_Qt6_qml_QtQuick --> node_venv_lib_python3_12_site-packages_PyQt6_Qt6_qml_QtQuick_Controls["Controls"]\n    node_venv_lib_python3_12_site-packages_PyQt6_Qt6_qml_QtQuick_Controls --> node_venv_lib_python3_12_site-packages_PyQt6_Qt6_qml_QtQuick_Controls_FluentWinUI3["FluentWinUI3"]\n    node_venv_lib_python3_12_site-packages_PyQt6_Qt6_qml_QtQuick_Controls_FluentWinUI3 --> node_venv_lib_python3_12_site-packages_PyQt6_Qt6_qml_QtQuick_Controls_FluentWinUI3_MenuBarItem_qml["MenuBarItem.qml"]\n    Root --> node_venv["venv"]\n    node_venv --> node_venv_lib["lib"]\n    node_venv_lib --> node_venv_lib_python3_12["python3.12"]\n    node_venv_lib_python3_12 --> node_venv_lib_python3_12_site-packages["site-packages"]\n    node_venv_lib_python3_12_site-packages --> node_venv_lib_python3_12_site-packages_PyQt6["PyQt6"]\n    node_venv_lib_python3_12_site-packages_PyQt6 --> node_venv_lib_python3_12_site-packages_PyQt6_Qt6["Qt6"]\n    node_venv_lib_python3_12_site-packages_PyQt6_Qt6 --> node_venv_lib_python3_12_site-packages_PyQt6_Qt6_qml["qml"]\n    node_venv_lib_python3_12_site-packages_PyQt6_Qt6_qml --> node_venv_lib_python3_12_site-packages_PyQt6_Qt6_qml_QtQuick["QtQuick"]\n    node_venv_lib_python3_12_site-packages_PyQt6_Qt6_qml_QtQuick --> node_venv_lib_python3_12_site-packages_PyQt6_Qt6_qml_QtQuick_Controls["Controls"]\n    node_venv_lib_python3_12_site-packages_PyQt6_Qt6_qml_QtQuick_Controls --> node_venv_lib_python3_12_site-packages_PyQt6_Qt6_qml_QtQuick_Controls_FluentWinUI3["FluentWinUI3"]\n    node_venv_lib_python3_12_site-packages_PyQt6_Qt6_qml_QtQuick_Controls_FluentWinUI3 --> node_venv_lib_python3_12_site-packages_PyQt6_Qt6_qml_QtQuick_Controls_FluentWinUI3_MenuItem_qml["MenuItem.qml"]\n    Root --> node_venv["venv"]\n    node_venv --> node_venv_lib["lib"]\n    node_venv_lib --> node_venv_lib_python3_12["python3.12"]\n    node_venv_lib_python3_12 --> node_venv_lib_python3_12_site-packages["site-packages"]\n    node_venv_lib_python3_12_site-packages --> node_venv_lib_python3_12_site-packages_PyQt6["PyQt6"]\n    node_venv_lib_python3_12_site-packages_PyQt6 --> node_venv_lib_python3_12_site-packages_PyQt6_Qt6["Qt6"]\n    node_venv_lib_python3_12_site-packages_PyQt6_Qt6 --> node_venv_lib_python3_12_site-packages_PyQt6_Qt6_qml["qml"]\n    node_venv_lib_python3_12_site-packages_PyQt6_Qt6_qml --> node_venv_lib_python3_12_site-packages_PyQt6_Qt6_qml_QtQuick["QtQuick"]\n    node_venv_lib_python3_12_site-packages_PyQt6_Qt6_qml_QtQuick --> node_venv_lib_python3_12_site-packages_PyQt6_Qt6_qml_QtQuick_Controls["Controls"]\n    node_venv_lib_python3_12_site-packages_PyQt6_Qt6_qml_QtQuick_Controls --> node_venv_lib_python3_12_site-packages_PyQt6_Qt6_qml_QtQuick_Controls_FluentWinUI3["FluentWinUI3"]\n    node_venv_lib_python3_12_site-packages_PyQt6_Qt6_qml_QtQuick_Controls_FluentWinUI3 --> node_venv_lib_python3_12_site-packages_PyQt6_Qt6_qml_QtQuick_Controls_FluentWinUI3_MenuSeparator_qml["MenuSeparator.qml"]\n    Root --> node_venv["venv"]\n    node_venv --> node_venv_lib["lib"]\n    node_venv_lib --> node_venv_lib_python3_12["python3.12"]\n    node_venv_lib_python3_12 --> node_venv_lib_python3_12_site-packages["site-packages"]\n    node_venv_lib_python3_12_site-packages --> node_venv_lib_python3_12_site-packages_PyQt6["PyQt6"]\n    node_venv_lib_python3_12_site-packages_PyQt6 --> node_venv_lib_python3_12_site-packages_PyQt6_Qt6["Qt6"]\n    node_venv_lib_python3_12_site-packages_PyQt6_Qt6 --> node_venv_lib_python3_12_site-packages_PyQt6_Qt6_qml["qml"]\n    node_venv_lib_python3_12_site-packages_PyQt6_Qt6_qml --> node_venv_lib_python3_12_site-packages_PyQt6_Qt6_qml_QtQuick["QtQuick"]\n    node_venv_lib_python3_12_site-packages_PyQt6_Qt6_qml_QtQuick --> node_venv_lib_python3_12_site-packages_PyQt6_Qt6_qml_QtQuick_Controls["Controls"]\n    node_venv_lib_python3_12_site-packages_PyQt6_Qt6_qml_QtQuick_Controls --> node_venv_lib_python3_12_site-packages_PyQt6_Qt6_qml_QtQuick_Controls_FluentWinUI3["FluentWinUI3"]\n    node_venv_lib_python3_12_site-packages_PyQt6_Qt6_qml_QtQuick_Controls_FluentWinUI3 --> node_venv_lib_python3_12_site-packages_PyQt6_Qt6_qml_QtQuick_Controls_FluentWinUI3_PageIndicator_qml["PageIndicator.qml"]\n    Root --> node_venv["venv"]\n    node_venv --> node_venv_lib["lib"]\n    node_venv_lib --> node_venv_lib_python3_12["python3.12"]\n    node_venv_lib_python3_12 --> node_venv_lib_python3_12_site-packages["site-packages"]\n    node_venv_lib_python3_12_site-packages --> node_venv_lib_python3_12_site-packages_PyQt6["PyQt6"]\n    node_venv_lib_python3_12_site-packages_PyQt6 --> node_venv_lib_python3_12_site-packages_PyQt6_Qt6["Qt6"]\n    node_venv_lib_python3_12_site-packages_PyQt6_Qt6 --> node_venv_lib_python3_12_site-packages_PyQt6_Qt6_qml["qml"]\n    node_venv_lib_python3_12_site-packages_PyQt6_Qt6_qml --> node_venv_lib_python3_12_site-packages_PyQt6_Qt6_qml_QtQuick["QtQuick"]\n    node_venv_lib_python3_12_site-packages_PyQt6_Qt6_qml_QtQuick --> node_venv_lib_python3_12_site-packages_PyQt6_Qt6_qml_QtQuick_Controls["Controls"]\n    node_venv_lib_python3_12_site-packages_PyQt6_Qt6_qml_QtQuick_Controls --> node_venv_lib_python3_12_site-packages_PyQt6_Qt6_qml_QtQuick_Controls_FluentWinUI3["FluentWinUI3"]\n    node_venv_lib_python3_12_site-packages_PyQt6_Qt6_qml_QtQuick_Controls_FluentWinUI3 --> node_venv_lib_python3_12_site-packages_PyQt6_Qt6_qml_QtQuick_Controls_FluentWinUI3_Popup_qml["Popup.qml"]\n    Root --> node_venv["venv"]\n    node_venv --> node_venv_lib["lib"]\n    node_venv_lib --> node_venv_lib_python3_12["python3.12"]\n    node_venv_lib_python3_12 --> node_venv_lib_python3_12_site-packages["site-packages"]\n    node_venv_lib_python3_12_site-packages --> node_venv_lib_python3_12_site-packages_PyQt6["PyQt6"]\n    node_venv_lib_python3_12_site-packages_PyQt6 --> node_venv_lib_python3_12_site-packages_PyQt6_Qt6["Qt6"]\n    node_venv_lib_python3_12_site-packages_PyQt6_Qt6 --> node_venv_lib_python3_12_site-packages_PyQt6_Qt6_qml["qml"]\n    node_venv_lib_python3_12_site-packages_PyQt6_Qt6_qml --> node_venv_lib_python3_12_site-packages_PyQt6_Qt6_qml_QtQuick["QtQuick"]\n    node_venv_lib_python3_12_site-packages_PyQt6_Qt6_qml_QtQuick --> node_venv_lib_python3_12_site-packages_PyQt6_Qt6_qml_QtQuick_Controls["Controls"]\n    node_venv_lib_python3_12_site-packages_PyQt6_Qt6_qml_QtQuick_Controls --> node_venv_lib_python3_12_site-packages_PyQt6_Qt6_qml_QtQuick_Controls_FluentWinUI3["FluentWinUI3"]\n    node_venv_lib_python3_12_site-packages_PyQt6_Qt6_qml_QtQuick_Controls_FluentWinUI3 --> node_venv_lib_python3_12_site-packages_PyQt6_Qt6_qml_QtQuick_Controls_FluentWinUI3_ProgressBar_qml["ProgressBar.qml"]\n    Root --> node_venv["venv"]\n    node_venv --> node_venv_lib["lib"]\n    node_venv_lib --> node_venv_lib_python3_12["python3.12"]\n    node_venv_lib_python3_12 --> node_venv_lib_python3_12_site-packages["site-packages"]\n    node_venv_lib_python3_12_site-packages --> node_venv_lib_python3_12_site-packages_PyQt6["PyQt6"]\n    node_venv_lib_python3_12_site-packages_PyQt6 --> node_venv_lib_python3_12_site-packages_PyQt6_Qt6["Qt6"]\n    node_venv_lib_python3_12_site-packages_PyQt6_Qt6 --> node_venv_lib_python3_12_site-packages_PyQt6_Qt6_qml["qml"]\n    node_venv_lib_python3_12_site-packages_PyQt6_Qt6_qml --> node_venv_lib_python3_12_site-packages_PyQt6_Qt6_qml_QtQuick["QtQuick"]\n    node_venv_lib_python3_12_site-packages_PyQt6_Qt6_qml_QtQuick --> node_venv_lib_python3_12_site-packages_PyQt6_Qt6_qml_QtQuick_Controls["Controls"]\n    node_venv_lib_python3_12_site-packages_PyQt6_Qt6_qml_QtQuick_Controls --> node_venv_lib_python3_12_site-packages_PyQt6_Qt6_qml_QtQuick_Controls_FluentWinUI3["FluentWinUI3"]\n    node_venv_lib_python3_12_site-packages_PyQt6_Qt6_qml_QtQuick_Controls_FluentWinUI3 --> node_venv_lib_python3_12_site-packages_PyQt6_Qt6_qml_QtQuick_Controls_FluentWinUI3_RadioButton_qml["RadioButton.qml"]\n    Root --> node_venv["venv"]\n    node_venv --> node_venv_lib["lib"]\n    node_venv_lib --> node_venv_lib_python3_12["python3.12"]\n    node_venv_lib_python3_12 --> node_venv_lib_python3_12_site-packages["site-packages"]\n    node_venv_lib_python3_12_site-packages --> node_venv_lib_python3_12_site-packages_PyQt6["PyQt6"]\n    node_venv_lib_python3_12_site-packages_PyQt6 --> node_venv_lib_python3_12_site-packages_PyQt6_Qt6["Qt6"]\n    node_venv_lib_python3_12_site-packages_PyQt6_Qt6 --> node_venv_lib_python3_12_site-packages_PyQt6_Qt6_qml["qml"]\n    node_venv_lib_python3_12_site-packages_PyQt6_Qt6_qml --> node_venv_lib_python3_12_site-packages_PyQt6_Qt6_qml_QtQuick["QtQuick"]\n    node_venv_lib_python3_12_site-packages_PyQt6_Qt6_qml_QtQuick --> node_venv_lib_python3_12_site-packages_PyQt6_Qt6_qml_QtQuick_Controls["Controls"]\n    node_venv_lib_python3_12_site-packages_PyQt6_Qt6_qml_QtQuick_Controls --> node_venv_lib_python3_12_site-packages_PyQt6_Qt6_qml_QtQuick_Controls_FluentWinUI3["FluentWinUI3"]\n    node_venv_lib_python3_12_site-packages_PyQt6_Qt6_qml_QtQuick_Controls_FluentWinUI3 --> node_venv_lib_python3_12_site-packages_PyQt6_Qt6_qml_QtQuick_Controls_FluentWinUI3_RadioDelegate_qml["RadioDelegate.qml"]\n    Root --> node_venv["venv"]\n    node_venv --> node_venv_lib["lib"]\n    node_venv_lib --> node_venv_lib_python3_12["python3.12"]\n    node_venv_lib_python3_12 --> node_venv_lib_python3_12_site-packages["site-packages"]\n    node_venv_lib_python3_12_site-packages --> node_venv_lib_python3_12_site-packages_PyQt6["PyQt6"]\n    node_venv_lib_python3_12_site-packages_PyQt6 --> node_venv_lib_python3_12_site-packages_PyQt6_Qt6["Qt6"]\n    node_venv_lib_python3_12_site-packages_PyQt6_Qt6 --> node_venv_lib_python3_12_site-packages_PyQt6_Qt6_qml["qml"]\n    node_venv_lib_python3_12_site-packages_PyQt6_Qt6_qml --> node_venv_lib_python3_12_site-packages_PyQt6_Qt6_qml_QtQuick["QtQuick"]\n    node_venv_lib_python3_12_site-packages_PyQt6_Qt6_qml_QtQuick --> node_venv_lib_python3_12_site-packages_PyQt6_Qt6_qml_QtQuick_Controls["Controls"]\n    node_venv_lib_python3_12_site-packages_PyQt6_Qt6_qml_QtQuick_Controls --> node_venv_lib_python3_12_site-packages_PyQt6_Qt6_qml_QtQuick_Controls_FluentWinUI3["FluentWinUI3"]\n    node_venv_lib_python3_12_site-packages_PyQt6_Qt6_qml_QtQuick_Controls_FluentWinUI3 --> node_venv_lib_python3_12_site-packages_PyQt6_Qt6_qml_QtQuick_Controls_FluentWinUI3_RangeSlider_qml["RangeSlider.qml"]\n    Root --> node_venv["venv"]\n    node_venv --> node_venv_lib["lib"]\n    node_venv_lib --> node_venv_lib_python3_12["python3.12"]\n    node_venv_lib_python3_12 --> node_venv_lib_python3_12_site-packages["site-packages"]\n    node_venv_lib_python3_12_site-packages --> node_venv_lib_python3_12_site-packages_PyQt6["PyQt6"]\n    node_venv_lib_python3_12_site-packages_PyQt6 --> node_venv_lib_python3_12_site-packages_PyQt6_Qt6["Qt6"]\n    node_venv_lib_python3_12_site-packages_PyQt6_Qt6 --> node_venv_lib_python3_12_site-packages_PyQt6_Qt6_qml["qml"]\n    node_venv_lib_python3_12_site-packages_PyQt6_Qt6_qml --> node_venv_lib_python3_12_site-packages_PyQt6_Qt6_qml_QtQuick["QtQuick"]\n    node_venv_lib_python3_12_site-packages_PyQt6_Qt6_qml_QtQuick --> node_venv_lib_python3_12_site-packages_PyQt6_Qt6_qml_QtQuick_Controls["Controls"]\n    node_venv_lib_python3_12_site-packages_PyQt6_Qt6_qml_QtQuick_Controls --> node_venv_lib_python3_12_site-packages_PyQt6_Qt6_qml_QtQuick_Controls_FluentWinUI3["FluentWinUI3"]\n    node_venv_lib_python3_12_site-packages_PyQt6_Qt6_qml_QtQuick_Controls_FluentWinUI3 --> node_venv_lib_python3_12_site-packages_PyQt6_Qt6_qml_QtQuick_Controls_FluentWinUI3_RoundButton_qml["RoundButton.qml"]\n    Root --> node_venv["venv"]\n    node_venv --> node_venv_lib["lib"]\n    node_venv_lib --> node_venv_lib_python3_12["python3.12"]\n    node_venv_lib_python3_12 --> node_venv_lib_python3_12_site-packages["site-packages"]\n    node_venv_lib_python3_12_site-packages --> node_venv_lib_python3_12_site-packages_PyQt6["PyQt6"]\n    node_venv_lib_python3_12_site-packages_PyQt6 --> node_venv_lib_python3_12_site-packages_PyQt6_Qt6["Qt6"]\n    node_venv_lib_python3_12_site-packages_PyQt6_Qt6 --> node_venv_lib_python3_12_site-packages_PyQt6_Qt6_qml["qml"]\n    node_venv_lib_python3_12_site-packages_PyQt6_Qt6_qml --> node_venv_lib_python3_12_site-packages_PyQt6_Qt6_qml_QtQuick["QtQuick"]\n    node_venv_lib_python3_12_site-packages_PyQt6_Qt6_qml_QtQuick --> node_venv_lib_python3_12_site-packages_PyQt6_Qt6_qml_QtQuick_Controls["Controls"]\n    node_venv_lib_python3_12_site-packages_PyQt6_Qt6_qml_QtQuick_Controls --> node_venv_lib_python3_12_site-packages_PyQt6_Qt6_qml_QtQuick_Controls_FluentWinUI3["FluentWinUI3"]\n    node_venv_lib_python3_12_site-packages_PyQt6_Qt6_qml_QtQuick_Controls_FluentWinUI3 --> node_venv_lib_python3_12_site-packages_PyQt6_Qt6_qml_QtQuick_Controls_FluentWinUI3_SearchField_qml["SearchField.qml"]\n    Root --> node_venv["venv"]\n    node_venv --> node_venv_lib["lib"]\n    node_venv_lib --> node_venv_lib_python3_12["python3.12"]\n    node_venv_lib_python3_12 --> node_venv_lib_python3_12_site-packages["site-packages"]\n    node_venv_lib_python3_12_site-packages --> node_venv_lib_python3_12_site-packages_PyQt6["PyQt6"]\n    node_venv_lib_python3_12_site-packages_PyQt6 --> node_venv_lib_python3_12_site-packages_PyQt6_Qt6["Qt6"]\n    node_venv_lib_python3_12_site-packages_PyQt6_Qt6 --> node_venv_lib_python3_12_site-packages_PyQt6_Qt6_qml["qml"]\n    node_venv_lib_python3_12_site-packages_PyQt6_Qt6_qml --> node_venv_lib_python3_12_site-packages_PyQt6_Qt6_qml_QtQuick["QtQuick"]\n    node_venv_lib_python3_12_site-packages_PyQt6_Qt6_qml_QtQuick --> node_venv_lib_python3_12_site-packages_PyQt6_Qt6_qml_QtQuick_Controls["Controls"]\n    node_venv_lib_python3_12_site-packages_PyQt6_Qt6_qml_QtQuick_Controls --> node_venv_lib_python3_12_site-packages_PyQt6_Qt6_qml_QtQuick_Controls_FluentWinUI3["FluentWinUI3"]\n    node_venv_lib_python3_12_site-packages_PyQt6_Qt6_qml_QtQuick_Controls_FluentWinUI3 --> node_venv_lib_python3_12_site-packages_PyQt6_Qt6_qml_QtQuick_Controls_FluentWinUI3_Slider_qml["Slider.qml"]\n    Root --> node_venv["venv"]\n    node_venv --> node_venv_lib["lib"]\n    node_venv_lib --> node_venv_lib_python3_12["python3.12"]\n    node_venv_lib_python3_12 --> node_venv_lib_python3_12_site-packages["site-packages"]\n    node_venv_lib_python3_12_site-packages --> node_venv_lib_python3_12_site-packages_PyQt6["PyQt6"]\n    node_venv_lib_python3_12_site-packages_PyQt6 --> node_venv_lib_python3_12_site-packages_PyQt6_Qt6["Qt6"]\n    node_venv_lib_python3_12_site-packages_PyQt6_Qt6 --> node_venv_lib_python3_12_site-packages_PyQt6_Qt6_qml["qml"]\n    node_venv_lib_python3_12_site-packages_PyQt6_Qt6_qml --> node_venv_lib_python3_12_site-packages_PyQt6_Qt6_qml_QtQuick["QtQuick"]\n    node_venv_lib_python3_12_site-packages_PyQt6_Qt6_qml_QtQuick --> node_venv_lib_python3_12_site-packages_PyQt6_Qt6_qml_QtQuick_Controls["Controls"]\n    node_venv_lib_python3_12_site-packages_PyQt6_Qt6_qml_QtQuick_Controls --> node_venv_lib_python3_12_site-packages_PyQt6_Qt6_qml_QtQuick_Controls_FluentWinUI3["FluentWinUI3"]\n    node_venv_lib_python3_12_site-packages_PyQt6_Qt6_qml_QtQuick_Controls_FluentWinUI3 --> node_venv_lib_python3_12_site-packages_PyQt6_Qt6_qml_QtQuick_Controls_FluentWinUI3_SpinBox_qml["SpinBox.qml"]\n    Root --> node_venv["venv"]\n    node_venv --> node_venv_lib["lib"]\n    node_venv_lib --> node_venv_lib_python3_12["python3.12"]\n    node_venv_lib_python3_12 --> node_venv_lib_python3_12_site-packages["site-packages"]\n    node_venv_lib_python3_12_site-packages --> node_venv_lib_python3_12_site-packages_PyQt6["PyQt6"]\n    node_venv_lib_python3_12_site-packages_PyQt6 --> node_venv_lib_python3_12_site-packages_PyQt6_Qt6["Qt6"]\n    node_venv_lib_python3_12_site-packages_PyQt6_Qt6 --> node_venv_lib_python3_12_site-packages_PyQt6_Qt6_qml["qml"]\n    node_venv_lib_python3_12_site-packages_PyQt6_Qt6_qml --> node_venv_lib_python3_12_site-packages_PyQt6_Qt6_qml_QtQuick["QtQuick"]\n    node_venv_lib_python3_12_site-packages_PyQt6_Qt6_qml_QtQuick --> node_venv_lib_python3_12_site-packages_PyQt6_Qt6_qml_QtQuick_Controls["Controls"]\n    node_venv_lib_python3_12_site-packages_PyQt6_Qt6_qml_QtQuick_Controls --> node_venv_lib_python3_12_site-packages_PyQt6_Qt6_qml_QtQuick_Controls_FluentWinUI3["FluentWinUI3"]\n    node_venv_lib_python3_12_site-packages_PyQt6_Qt6_qml_QtQuick_Controls_FluentWinUI3 --> node_venv_lib_python3_12_site-packages_PyQt6_Qt6_qml_QtQuick_Controls_FluentWinUI3_StyleImage_qml["StyleImage.qml"]\n    Root --> node_venv["venv"]\n    node_venv --> node_venv_lib["lib"]\n    node_venv_lib --> node_venv_lib_python3_12["python3.12"]\n    node_venv_lib_python3_12 --> node_venv_lib_python3_12_site-packages["site-packages"]\n    node_venv_lib_python3_12_site-packages --> node_venv_lib_python3_12_site-packages_PyQt6["PyQt6"]\n    node_venv_lib_python3_12_site-packages_PyQt6 --> node_venv_lib_python3_12_site-packages_PyQt6_Qt6["Qt6"]\n    node_venv_lib_python3_12_site-packages_PyQt6_Qt6 --> node_venv_lib_python3_12_site-packages_PyQt6_Qt6_qml["qml"]\n    node_venv_lib_python3_12_site-packages_PyQt6_Qt6_qml --> node_venv_lib_python3_12_site-packages_PyQt6_Qt6_qml_QtQuick["QtQuick"]\n    node_venv_lib_python3_12_site-packages_PyQt6_Qt6_qml_QtQuick --> node_venv_lib_python3_12_site-packages_PyQt6_Qt6_qml_QtQuick_Controls["Controls"]\n    node_venv_lib_python3_12_site-packages_PyQt6_Qt6_qml_QtQuick_Controls --> node_venv_lib_python3_12_site-packages_PyQt6_Qt6_qml_QtQuick_Controls_FluentWinUI3["FluentWinUI3"]\n    node_venv_lib_python3_12_site-packages_PyQt6_Qt6_qml_QtQuick_Controls_FluentWinUI3 --> node_venv_lib_python3_12_site-packages_PyQt6_Qt6_qml_QtQuick_Controls_FluentWinUI3_SwipeDelegate_qml["SwipeDelegate.qml"]\n    Root --> node_venv["venv"]\n    node_venv --> node_venv_lib["lib"]\n    node_venv_lib --> node_venv_lib_python3_12["python3.12"]\n    node_venv_lib_python3_12 --> node_venv_lib_python3_12_site-packages["site-packages"]\n    node_venv_lib_python3_12_site-packages --> node_venv_lib_python3_12_site-packages_PyQt6["PyQt6"]\n    node_venv_lib_python3_12_site-packages_PyQt6 --> node_venv_lib_python3_12_site-packages_PyQt6_Qt6["Qt6"]\n    node_venv_lib_python3_12_site-packages_PyQt6_Qt6 --> node_venv_lib_python3_12_site-packages_PyQt6_Qt6_qml["qml"]\n    node_venv_lib_python3_12_site-packages_PyQt6_Qt6_qml --> node_venv_lib_python3_12_site-packages_PyQt6_Qt6_qml_QtQuick["QtQuick"]\n    node_venv_lib_python3_12_site-packages_PyQt6_Qt6_qml_QtQuick --> node_venv_lib_python3_12_site-packages_PyQt6_Qt6_qml_QtQuick_Controls["Controls"]\n    node_venv_lib_python3_12_site-packages_PyQt6_Qt6_qml_QtQuick_Controls --> node_venv_lib_python3_12_site-packages_PyQt6_Qt6_qml_QtQuick_Controls_FluentWinUI3["FluentWinUI3"]\n    node_venv_lib_python3_12_site-packages_PyQt6_Qt6_qml_QtQuick_Controls_FluentWinUI3 --> node_venv_lib_python3_12_site-packages_PyQt6_Qt6_qml_QtQuick_Controls_FluentWinUI3_Switch_qml["Switch.qml"]\n    Root --> node_venv["venv"]\n    node_venv --> node_venv_lib["lib"]\n    node_venv_lib --> node_venv_lib_python3_12["python3.12"]\n    node_venv_lib_python3_12 --> node_venv_lib_python3_12_site-packages["site-packages"]\n    node_venv_lib_python3_12_site-packages --> node_venv_lib_python3_12_site-packages_PyQt6["PyQt6"]\n    node_venv_lib_python3_12_site-packages_PyQt6 --> node_venv_lib_python3_12_site-packages_PyQt6_Qt6["Qt6"]\n    node_venv_lib_python3_12_site-packages_PyQt6_Qt6 --> node_venv_lib_python3_12_site-packages_PyQt6_Qt6_qml["qml"]\n    node_venv_lib_python3_12_site-packages_PyQt6_Qt6_qml --> node_venv_lib_python3_12_site-packages_PyQt6_Qt6_qml_QtQuick["QtQuick"]\n    node_venv_lib_python3_12_site-packages_PyQt6_Qt6_qml_QtQuick --> node_venv_lib_python3_12_site-packages_PyQt6_Qt6_qml_QtQuick_Controls["Controls"]\n    node_venv_lib_python3_12_site-packages_PyQt6_Qt6_qml_QtQuick_Controls --> node_venv_lib_python3_12_site-packages_PyQt6_Qt6_qml_QtQuick_Controls_FluentWinUI3["FluentWinUI3"]\n    node_venv_lib_python3_12_site-packages_PyQt6_Qt6_qml_QtQuick_Controls_FluentWinUI3 --> node_venv_lib_python3_12_site-packages_PyQt6_Qt6_qml_QtQuick_Controls_FluentWinUI3_SwitchDelegate_qml["SwitchDelegate.qml"]\n    Root --> node_venv["venv"]\n    node_venv --> node_venv_lib["lib"]\n    node_venv_lib --> node_venv_lib_python3_12["python3.12"]\n    node_venv_lib_python3_12 --> node_venv_lib_python3_12_site-packages["site-packages"]\n    node_venv_lib_python3_12_site-packages --> node_venv_lib_python3_12_site-packages_PyQt6["PyQt6"]\n    node_venv_lib_python3_12_site-packages_PyQt6 --> node_venv_lib_python3_12_site-packages_PyQt6_Qt6["Qt6"]\n    node_venv_lib_python3_12_site-packages_PyQt6_Qt6 --> node_venv_lib_python3_12_site-packages_PyQt6_Qt6_qml["qml"]\n    node_venv_lib_python3_12_site-packages_PyQt6_Qt6_qml --> node_venv_lib_python3_12_site-packages_PyQt6_Qt6_qml_QtQuick["QtQuick"]\n    node_venv_lib_python3_12_site-packages_PyQt6_Qt6_qml_QtQuick --> node_venv_lib_python3_12_site-packages_PyQt6_Qt6_qml_QtQuick_Controls["Controls"]\n    node_venv_lib_python3_12_site-packages_PyQt6_Qt6_qml_QtQuick_Controls --> node_venv_lib_python3_12_site-packages_PyQt6_Qt6_qml_QtQuick_Controls_FluentWinUI3["FluentWinUI3"]\n    node_venv_lib_python3_12_site-packages_PyQt6_Qt6_qml_QtQuick_Controls_FluentWinUI3 --> node_venv_lib_python3_12_site-packages_PyQt6_Qt6_qml_QtQuick_Controls_FluentWinUI3_TabBar_qml["TabBar.qml"]\n    Root --> node_venv["venv"]\n    node_venv --> node_venv_lib["lib"]\n    node_venv_lib --> node_venv_lib_python3_12["python3.12"]\n    node_venv_lib_python3_12 --> node_venv_lib_python3_12_site-packages["site-packages"]\n    node_venv_lib_python3_12_site-packages --> node_venv_lib_python3_12_site-packages_PyQt6["PyQt6"]\n    node_venv_lib_python3_12_site-packages_PyQt6 --> node_venv_lib_python3_12_site-packages_PyQt6_Qt6["Qt6"]\n    node_venv_lib_python3_12_site-packages_PyQt6_Qt6 --> node_venv_lib_python3_12_site-packages_PyQt6_Qt6_qml["qml"]\n    node_venv_lib_python3_12_site-packages_PyQt6_Qt6_qml --> node_venv_lib_python3_12_site-packages_PyQt6_Qt6_qml_QtQuick["QtQuick"]\n    node_venv_lib_python3_12_site-packages_PyQt6_Qt6_qml_QtQuick --> node_venv_lib_python3_12_site-packages_PyQt6_Qt6_qml_QtQuick_Controls["Controls"]\n    node_venv_lib_python3_12_site-packages_PyQt6_Qt6_qml_QtQuick_Controls --> node_venv_lib_python3_12_site-packages_PyQt6_Qt6_qml_QtQuick_Controls_FluentWinUI3["FluentWinUI3"]\n    node_venv_lib_python3_12_site-packages_PyQt6_Qt6_qml_QtQuick_Controls_FluentWinUI3 --> node_venv_lib_python3_12_site-packages_PyQt6_Qt6_qml_QtQuick_Controls_FluentWinUI3_TabButton_qml["TabButton.qml"]\n    Root --> node_venv["venv"]\n    node_venv --> node_venv_lib["lib"]\n    node_venv_lib --> node_venv_lib_python3_12["python3.12"]\n    node_venv_lib_python3_12 --> node_venv_lib_python3_12_site-packages["site-packages"]\n    node_venv_lib_python3_12_site-packages --> node_venv_lib_python3_12_site-packages_PyQt6["PyQt6"]\n    node_venv_lib_python3_12_site-packages_PyQt6 --> node_venv_lib_python3_12_site-packages_PyQt6_Qt6["Qt6"]\n    node_venv_lib_python3_12_site-packages_PyQt6_Qt6 --> node_venv_lib_python3_12_site-packages_PyQt6_Qt6_qml["qml"]\n    node_venv_lib_python3_12_site-packages_PyQt6_Qt6_qml --> node_venv_lib_python3_12_site-packages_PyQt6_Qt6_qml_QtQuick["QtQuick"]\n    node_venv_lib_python3_12_site-packages_PyQt6_Qt6_qml_QtQuick --> node_venv_lib_python3_12_site-packages_PyQt6_Qt6_qml_QtQuick_Controls["Controls"]\n    node_venv_lib_python3_12_site-packages_PyQt6_Qt6_qml_QtQuick_Controls --> node_venv_lib_python3_12_site-packages_PyQt6_Qt6_qml_QtQuick_Controls_FluentWinUI3["FluentWinUI3"]\n    node_venv_lib_python3_12_site-packages_PyQt6_Qt6_qml_QtQuick_Controls_FluentWinUI3 --> node_venv_lib_python3_12_site-packages_PyQt6_Qt6_qml_QtQuick_Controls_FluentWinUI3_TextArea_qml["TextArea.qml"]\n    Root --> node_venv["venv"]\n    node_venv --> node_venv_lib["lib"]\n    node_venv_lib --> node_venv_lib_python3_12["python3.12"]\n    node_venv_lib_python3_12 --> node_venv_lib_python3_12_site-packages["site-packages"]\n    node_venv_lib_python3_12_site-packages --> node_venv_lib_python3_12_site-packages_PyQt6["PyQt6"]\n    node_venv_lib_python3_12_site-packages_PyQt6 --> node_venv_lib_python3_12_site-packages_PyQt6_Qt6["Qt6"]\n    node_venv_lib_python3_12_site-packages_PyQt6_Qt6 --> node_venv_lib_python3_12_site-packages_PyQt6_Qt6_qml["qml"]\n    node_venv_lib_python3_12_site-packages_PyQt6_Qt6_qml --> node_venv_lib_python3_12_site-packages_PyQt6_Qt6_qml_QtQuick["QtQuick"]\n    node_venv_lib_python3_12_site-packages_PyQt6_Qt6_qml_QtQuick --> node_venv_lib_python3_12_site-packages_PyQt6_Qt6_qml_QtQuick_Controls["Controls"]\n    node_venv_lib_python3_12_site-packages_PyQt6_Qt6_qml_QtQuick_Controls --> node_venv_lib_python3_12_site-packages_PyQt6_Qt6_qml_QtQuick_Controls_FluentWinUI3["FluentWinUI3"]\n    node_venv_lib_python3_12_site-packages_PyQt6_Qt6_qml_QtQuick_Controls_FluentWinUI3 --> node_venv_lib_python3_12_site-packages_PyQt6_Qt6_qml_QtQuick_Controls_FluentWinUI3_TextField_qml["TextField.qml"]\n    Root --> node_venv["venv"]\n    node_venv --> node_venv_lib["lib"]\n    node_venv_lib --> node_venv_lib_python3_12["python3.12"]\n    node_venv_lib_python3_12 --> node_venv_lib_python3_12_site-packages["site-packages"]\n    node_venv_lib_python3_12_site-packages --> node_venv_lib_python3_12_site-packages_PyQt6["PyQt6"]\n    node_venv_lib_python3_12_site-packages_PyQt6 --> node_venv_lib_python3_12_site-packages_PyQt6_Qt6["Qt6"]\n    node_venv_lib_python3_12_site-packages_PyQt6_Qt6 --> node_venv_lib_python3_12_site-packages_PyQt6_Qt6_qml["qml"]\n    node_venv_lib_python3_12_site-packages_PyQt6_Qt6_qml --> node_venv_lib_python3_12_site-packages_PyQt6_Qt6_qml_QtQuick["QtQuick"]\n    node_venv_lib_python3_12_site-packages_PyQt6_Qt6_qml_QtQuick --> node_venv_lib_python3_12_site-packages_PyQt6_Qt6_qml_QtQuick_Controls["Controls"]\n    node_venv_lib_python3_12_site-packages_PyQt6_Qt6_qml_QtQuick_Controls --> node_venv_lib_python3_12_site-packages_PyQt6_Qt6_qml_QtQuick_Controls_FluentWinUI3["FluentWinUI3"]\n    node_venv_lib_python3_12_site-packages_PyQt6_Qt6_qml_QtQuick_Controls_FluentWinUI3 --> node_venv_lib_python3_12_site-packages_PyQt6_Qt6_qml_QtQuick_Controls_FluentWinUI3_ToolBar_qml["ToolBar.qml"]\n    Root --> node_venv["venv"]\n    node_venv --> node_venv_lib["lib"]\n    node_venv_lib --> node_venv_lib_python3_12["python3.12"]\n    node_venv_lib_python3_12 --> node_venv_lib_python3_12_site-packages["site-packages"]\n    node_venv_lib_python3_12_site-packages --> node_venv_lib_python3_12_site-packages_PyQt6["PyQt6"]\n    node_venv_lib_python3_12_site-packages_PyQt6 --> node_venv_lib_python3_12_site-packages_PyQt6_Qt6["Qt6"]\n    node_venv_lib_python3_12_site-packages_PyQt6_Qt6 --> node_venv_lib_python3_12_site-packages_PyQt6_Qt6_qml["qml"]\n    node_venv_lib_python3_12_site-packages_PyQt6_Qt6_qml --> node_venv_lib_python3_12_site-packages_PyQt6_Qt6_qml_QtQuick["QtQuick"]\n    node_venv_lib_python3_12_site-packages_PyQt6_Qt6_qml_QtQuick --> node_venv_lib_python3_12_site-packages_PyQt6_Qt6_qml_QtQuick_Controls["Controls"]\n    node_venv_lib_python3_12_site-packages_PyQt6_Qt6_qml_QtQuick_Controls --> node_venv_lib_python3_12_site-packages_PyQt6_Qt6_qml_QtQuick_Controls_FluentWinUI3["FluentWinUI3"]\n    node_venv_lib_python3_12_site-packages_PyQt6_Qt6_qml_QtQuick_Controls_FluentWinUI3 --> node_venv_lib_python3_12_site-packages_PyQt6_Qt6_qml_QtQuick_Controls_FluentWinUI3_ToolButton_qml["ToolButton.qml"]\n    Root --> node_venv["venv"]\n    node_venv --> node_venv_lib["lib"]\n    node_venv_lib --> node_venv_lib_python3_12["python3.12"]\n    node_venv_lib_python3_12 --> node_venv_lib_python3_12_site-packages["site-packages"]\n    node_venv_lib_python3_12_site-packages --> node_venv_lib_python3_12_site-packages_PyQt6["PyQt6"]\n    node_venv_lib_python3_12_site-packages_PyQt6 --> node_venv_lib_python3_12_site-packages_PyQt6_Qt6["Qt6"]\n    node_venv_lib_python3_12_site-packages_PyQt6_Qt6 --> node_venv_lib_python3_12_site-packages_PyQt6_Qt6_qml["qml"]\n    node_venv_lib_python3_12_site-packages_PyQt6_Qt6_qml --> node_venv_lib_python3_12_site-packages_PyQt6_Qt6_qml_QtQuick["QtQuick"]\n    node_venv_lib_python3_12_site-packages_PyQt6_Qt6_qml_QtQuick --> node_venv_lib_python3_12_site-packages_PyQt6_Qt6_qml_QtQuick_Controls["Controls"]\n    node_venv_lib_python3_12_site-packages_PyQt6_Qt6_qml_QtQuick_Controls --> node_venv_lib_python3_12_site-packages_PyQt6_Qt6_qml_QtQuick_Controls_FluentWinUI3["FluentWinUI3"]\n    node_venv_lib_python3_12_site-packages_PyQt6_Qt6_qml_QtQuick_Controls_FluentWinUI3 --> node_venv_lib_python3_12_site-packages_PyQt6_Qt6_qml_QtQuick_Controls_FluentWinUI3_ToolSeparator_qml["ToolSeparator.qml"]\n    Root --> node_venv["venv"]\n    node_venv --> node_venv_lib["lib"]\n    node_venv_lib --> node_venv_lib_python3_12["python3.12"]\n    node_venv_lib_python3_12 --> node_venv_lib_python3_12_site-packages["site-packages"]\n    node_venv_lib_python3_12_site-packages --> node_venv_lib_python3_12_site-packages_PyQt6["PyQt6"]\n    node_venv_lib_python3_12_site-packages_PyQt6 --> node_venv_lib_python3_12_site-packages_PyQt6_Qt6["Qt6"]\n    node_venv_lib_python3_12_site-packages_PyQt6_Qt6 --> node_venv_lib_python3_12_site-packages_PyQt6_Qt6_qml["qml"]\n    node_venv_lib_python3_12_site-packages_PyQt6_Qt6_qml --> node_venv_lib_python3_12_site-packages_PyQt6_Qt6_qml_QtQuick["QtQuick"]\n    node_venv_lib_python3_12_site-packages_PyQt6_Qt6_qml_QtQuick --> node_venv_lib_python3_12_site-packages_PyQt6_Qt6_qml_QtQuick_Controls["Controls"]\n    node_venv_lib_python3_12_site-packages_PyQt6_Qt6_qml_QtQuick_Controls --> node_venv_lib_python3_12_site-packages_PyQt6_Qt6_qml_QtQuick_Controls_FluentWinUI3["FluentWinUI3"]\n    node_venv_lib_python3_12_site-packages_PyQt6_Qt6_qml_QtQuick_Controls_FluentWinUI3 --> node_venv_lib_python3_12_site-packages_PyQt6_Qt6_qml_QtQuick_Controls_FluentWinUI3_ToolTip_qml["ToolTip.qml"]\n    Root --> node_venv["venv"]\n    node_venv --> node_venv_lib["lib"]\n    node_venv_lib --> node_venv_lib_python3_12["python3.12"]\n    node_venv_lib_python3_12 --> node_venv_lib_python3_12_site-packages["site-packages"]\n    node_venv_lib_python3_12_site-packages --> node_venv_lib_python3_12_site-packages_PyQt6["PyQt6"]\n    node_venv_lib_python3_12_site-packages_PyQt6 --> node_venv_lib_python3_12_site-packages_PyQt6_Qt6["Qt6"]\n    node_venv_lib_python3_12_site-packages_PyQt6_Qt6 --> node_venv_lib_python3_12_site-packages_PyQt6_Qt6_qml["qml"]\n    node_venv_lib_python3_12_site-packages_PyQt6_Qt6_qml --> node_venv_lib_python3_12_site-packages_PyQt6_Qt6_qml_QtQuick["QtQuick"]\n    node_venv_lib_python3_12_site-packages_PyQt6_Qt6_qml_QtQuick --> node_venv_lib_python3_12_site-packages_PyQt6_Qt6_qml_QtQuick_Controls["Controls"]\n    node_venv_lib_python3_12_site-packages_PyQt6_Qt6_qml_QtQuick_Controls --> node_venv_lib_python3_12_site-packages_PyQt6_Qt6_qml_QtQuick_Controls_FluentWinUI3["FluentWinUI3"]\n    node_venv_lib_python3_12_site-packages_PyQt6_Qt6_qml_QtQuick_Controls_FluentWinUI3 --> node_venv_lib_python3_12_site-packages_PyQt6_Qt6_qml_QtQuick_Controls_FluentWinUI3_libqtquickcontrols2fluentwinui3styleplugin_dylib["libqtquickcontrols2fluentwinui3styleplugin.dylib"]\n    Root --> node_venv["venv"]\n    node_venv --> node_venv_lib["lib"]\n    node_venv_lib --> node_venv_lib_python3_12["python3.12"]\n    node_venv_lib_python3_12 --> node_venv_lib_python3_12_site-packages["site-packages"]\n    node_venv_lib_python3_12_site-packages --> node_venv_lib_python3_12_site-packages_PyQt6["PyQt6"]\n    node_venv_lib_python3_12_site-packages_PyQt6 --> node_venv_lib_python3_12_site-packages_PyQt6_Qt6["Qt6"]\n    node_venv_lib_python3_12_site-packages_PyQt6_Qt6 --> node_venv_lib_python3_12_site-packages_PyQt6_Qt6_qml["qml"]\n    node_venv_lib_python3_12_site-packages_PyQt6_Qt6_qml --> node_venv_lib_python3_12_site-packages_PyQt6_Qt6_qml_QtQuick["QtQuick"]\n    node_venv_lib_python3_12_site-packages_PyQt6_Qt6_qml_QtQuick --> node_venv_lib_python3_12_site-packages_PyQt6_Qt6_qml_QtQuick_Controls["Controls"]\n    node_venv_lib_python3_12_site-packages_PyQt6_Qt6_qml_QtQuick_Controls --> node_venv_lib_python3_12_site-packages_PyQt6_Qt6_qml_QtQuick_Controls_FluentWinUI3["FluentWinUI3"]\n    node_venv_lib_python3_12_site-packages_PyQt6_Qt6_qml_QtQuick_Controls_FluentWinUI3 --> node_venv_lib_python3_12_site-packages_PyQt6_Qt6_qml_QtQuick_Controls_FluentWinUI3_plugins_qmltypes["plugins.qmltypes"]\n    Root --> node_venv["venv"]\n    node_venv --> node_venv_lib["lib"]\n    node_venv_lib --> node_venv_lib_python3_12["python3.12"]\n    node_venv_lib_python3_12 --> node_venv_lib_python3_12_site-packages["site-packages"]\n    node_venv_lib_python3_12_site-packages --> node_venv_lib_python3_12_site-packages_PyQt6["PyQt6"]\n    node_venv_lib_python3_12_site-packages_PyQt6 --> node_venv_lib_python3_12_site-packages_PyQt6_Qt6["Qt6"]\n    node_venv_lib_python3_12_site-packages_PyQt6_Qt6 --> node_venv_lib_python3_12_site-packages_PyQt6_Qt6_qml["qml"]\n    node_venv_lib_python3_12_site-packages_PyQt6_Qt6_qml --> node_venv_lib_python3_12_site-packages_PyQt6_Qt6_qml_QtQuick["QtQuick"]\n    node_venv_lib_python3_12_site-packages_PyQt6_Qt6_qml_QtQuick --> node_venv_lib_python3_12_site-packages_PyQt6_Qt6_qml_QtQuick_Controls["Controls"]\n    node_venv_lib_python3_12_site-packages_PyQt6_Qt6_qml_QtQuick_Controls --> node_venv_lib_python3_12_site-packages_PyQt6_Qt6_qml_QtQuick_Controls_FluentWinUI3["FluentWinUI3"]\n    node_venv_lib_python3_12_site-packages_PyQt6_Qt6_qml_QtQuick_Controls_FluentWinUI3 --> node_venv_lib_python3_12_site-packages_PyQt6_Qt6_qml_QtQuick_Controls_FluentWinUI3_qmldir["qmldir"]\n    Root --> node_venv["venv"]\n    node_venv --> node_venv_lib["lib"]\n    node_venv_lib --> node_venv_lib_python3_12["python3.12"]\n    node_venv_lib_python3_12 --> node_venv_lib_python3_12_site-packages["site-packages"]\n    node_venv_lib_python3_12_site-packages --> node_venv_lib_python3_12_site-packages_PyQt6["PyQt6"]\n    node_venv_lib_python3_12_site-packages_PyQt6 --> node_venv_lib_python3_12_site-packages_PyQt6_Qt6["Qt6"]\n    node_venv_lib_python3_12_site-packages_PyQt6_Qt6 --> node_venv_lib_python3_12_site-packages_PyQt6_Qt6_qml["qml"]\n    node_venv_lib_python3_12_site-packages_PyQt6_Qt6_qml --> node_venv_lib_python3_12_site-packages_PyQt6_Qt6_qml_QtQuick["QtQuick"]\n    node_venv_lib_python3_12_site-packages_PyQt6_Qt6_qml_QtQuick --> node_venv_lib_python3_12_site-packages_PyQt6_Qt6_qml_QtQuick_Controls["Controls"]\n    node_venv_lib_python3_12_site-packages_PyQt6_Qt6_qml_QtQuick_Controls --> node_venv_lib_python3_12_site-packages_PyQt6_Qt6_qml_QtQuick_Controls_FluentWinUI3["FluentWinUI3"]\n    node_venv_lib_python3_12_site-packages_PyQt6_Qt6_qml_QtQuick_Controls_FluentWinUI3 --> node_venv_lib_python3_12_site-packages_PyQt6_Qt6_qml_QtQuick_Controls_FluentWinUI3_impl["impl"]\n    node_venv_lib_python3_12_site-packages_PyQt6_Qt6_qml_QtQuick_Controls_FluentWinUI3_impl --> node_venv_lib_python3_12_site-packages_PyQt6_Qt6_qml_QtQuick_Controls_FluentWinUI3_impl_ButtonBackground_qml["ButtonBackground.qml"]\n    Root --> node_venv["venv"]\n    node_venv --> node_venv_lib["lib"]\n    node_venv_lib --> node_venv_lib_python3_12["python3.12"]\n    node_venv_lib_python3_12 --> node_venv_lib_python3_12_site-packages["site-packages"]\n    node_venv_lib_python3_12_site-packages --> node_venv_lib_python3_12_site-packages_PyQt6["PyQt6"]\n    node_venv_lib_python3_12_site-packages_PyQt6 --> node_venv_lib_python3_12_site-packages_PyQt6_Qt6["Qt6"]\n    node_venv_lib_python3_12_site-packages_PyQt6_Qt6 --> node_venv_lib_python3_12_site-packages_PyQt6_Qt6_qml["qml"]\n    node_venv_lib_python3_12_site-packages_PyQt6_Qt6_qml --> node_venv_lib_python3_12_site-packages_PyQt6_Qt6_qml_QtQuick["QtQuick"]\n    node_venv_lib_python3_12_site-packages_PyQt6_Qt6_qml_QtQuick --> node_venv_lib_python3_12_site-packages_PyQt6_Qt6_qml_QtQuick_Controls["Controls"]\n    node_venv_lib_python3_12_site-packages_PyQt6_Qt6_qml_QtQuick_Controls --> node_venv_lib_python3_12_site-packages_PyQt6_Qt6_qml_QtQuick_Controls_FluentWinUI3["FluentWinUI3"]\n    node_venv_lib_python3_12_site-packages_PyQt6_Qt6_qml_QtQuick_Controls_FluentWinUI3 --> node_venv_lib_python3_12_site-packages_PyQt6_Qt6_qml_QtQuick_Controls_FluentWinUI3_impl["impl"]\n    node_venv_lib_python3_12_site-packages_PyQt6_Qt6_qml_QtQuick_Controls_FluentWinUI3_impl --> node_venv_lib_python3_12_site-packages_PyQt6_Qt6_qml_QtQuick_Controls_FluentWinUI3_impl_CheckIndicator_qml["CheckIndicator.qml"]\n    Root --> node_venv["venv"]\n    node_venv --> node_venv_lib["lib"]\n    node_venv_lib --> node_venv_lib_python3_12["python3.12"]\n    node_venv_lib_python3_12 --> node_venv_lib_python3_12_site-packages["site-packages"]\n    node_venv_lib_python3_12_site-packages --> node_venv_lib_python3_12_site-packages_PyQt6["PyQt6"]\n    node_venv_lib_python3_12_site-packages_PyQt6 --> node_venv_lib_python3_12_site-packages_PyQt6_Qt6["Qt6"]\n    node_venv_lib_python3_12_site-packages_PyQt6_Qt6 --> node_venv_lib_python3_12_site-packages_PyQt6_Qt6_qml["qml"]\n    node_venv_lib_python3_12_site-packages_PyQt6_Qt6_qml --> node_venv_lib_python3_12_site-packages_PyQt6_Qt6_qml_QtQuick["QtQuick"]\n    node_venv_lib_python3_12_site-packages_PyQt6_Qt6_qml_QtQuick --> node_venv_lib_python3_12_site-packages_PyQt6_Qt6_qml_QtQuick_Controls["Controls"]\n    node_venv_lib_python3_12_site-packages_PyQt6_Qt6_qml_QtQuick_Controls --> node_venv_lib_python3_12_site-packages_PyQt6_Qt6_qml_QtQuick_Controls_FluentWinUI3["FluentWinUI3"]\n    node_venv_lib_python3_12_site-packages_PyQt6_Qt6_qml_QtQuick_Controls_FluentWinUI3 --> node_venv_lib_python3_12_site-packages_PyQt6_Qt6_qml_QtQuick_Controls_FluentWinUI3_impl["impl"]\n    node_venv_lib_python3_12_site-packages_PyQt6_Qt6_qml_QtQuick_Controls_FluentWinUI3_impl --> node_venv_lib_python3_12_site-packages_PyQt6_Qt6_qml_QtQuick_Controls_FluentWinUI3_impl_FocusFrame_qml["FocusFrame.qml"]\n    Root --> node_venv["venv"]\n    node_venv --> node_venv_lib["lib"]\n    node_venv_lib --> node_venv_lib_python3_12["python3.12"]\n    node_venv_lib_python3_12 --> node_venv_lib_python3_12_site-packages["site-packages"]\n    node_venv_lib_python3_12_site-packages --> node_venv_lib_python3_12_site-packages_PyQt6["PyQt6"]\n    node_venv_lib_python3_12_site-packages_PyQt6 --> node_venv_lib_python3_12_site-packages_PyQt6_Qt6["Qt6"]\n    node_venv_lib_python3_12_site-packages_PyQt6_Qt6 --> node_venv_lib_python3_12_site-packages_PyQt6_Qt6_qml["qml"]\n    node_venv_lib_python3_12_site-packages_PyQt6_Qt6_qml --> node_venv_lib_python3_12_site-packages_PyQt6_Qt6_qml_QtQuick["QtQuick"]\n    node_venv_lib_python3_12_site-packages_PyQt6_Qt6_qml_QtQuick --> node_venv_lib_python3_12_site-packages_PyQt6_Qt6_qml_QtQuick_Controls["Controls"]\n    node_venv_lib_python3_12_site-packages_PyQt6_Qt6_qml_QtQuick_Controls --> node_venv_lib_python3_12_site-packages_PyQt6_Qt6_qml_QtQuick_Controls_FluentWinUI3["FluentWinUI3"]\n    node_venv_lib_python3_12_site-packages_PyQt6_Qt6_qml_QtQuick_Controls_FluentWinUI3 --> node_venv_lib_python3_12_site-packages_PyQt6_Qt6_qml_QtQuick_Controls_FluentWinUI3_impl["impl"]\n    node_venv_lib_python3_12_site-packages_PyQt6_Qt6_qml_QtQuick_Controls_FluentWinUI3_impl --> node_venv_lib_python3_12_site-packages_PyQt6_Qt6_qml_QtQuick_Controls_FluentWinUI3_impl_RadioIndicator_qml["RadioIndicator.qml"]\n    Root --> node_venv["venv"]\n    node_venv --> node_venv_lib["lib"]\n    node_venv_lib --> node_venv_lib_python3_12["python3.12"]\n    node_venv_lib_python3_12 --> node_venv_lib_python3_12_site-packages["site-packages"]\n    node_venv_lib_python3_12_site-packages --> node_venv_lib_python3_12_site-packages_PyQt6["PyQt6"]\n    node_venv_lib_python3_12_site-packages_PyQt6 --> node_venv_lib_python3_12_site-packages_PyQt6_Qt6["Qt6"]\n    node_venv_lib_python3_12_site-packages_PyQt6_Qt6 --> node_venv_lib_python3_12_site-packages_PyQt6_Qt6_qml["qml"]\n    node_venv_lib_python3_12_site-packages_PyQt6_Qt6_qml --> node_venv_lib_python3_12_site-packages_PyQt6_Qt6_qml_QtQuick["QtQuick"]\n    node_venv_lib_python3_12_site-packages_PyQt6_Qt6_qml_QtQuick --> node_venv_lib_python3_12_site-packages_PyQt6_Qt6_qml_QtQuick_Controls["Controls"]\n    node_venv_lib_python3_12_site-packages_PyQt6_Qt6_qml_QtQuick_Controls --> node_venv_lib_python3_12_site-packages_PyQt6_Qt6_qml_QtQuick_Controls_FluentWinUI3["FluentWinUI3"]\n    node_venv_lib_python3_12_site-packages_PyQt6_Qt6_qml_QtQuick_Controls_FluentWinUI3 --> node_venv_lib_python3_12_site-packages_PyQt6_Qt6_qml_QtQuick_Controls_FluentWinUI3_impl["impl"]\n    node_venv_lib_python3_12_site-packages_PyQt6_Qt6_qml_QtQuick_Controls_FluentWinUI3_impl --> node_venv_lib_python3_12_site-packages_PyQt6_Qt6_qml_QtQuick_Controls_FluentWinUI3_impl_StyleImage_qml["StyleImage.qml"]\n    Root --> node_venv["venv"]\n    node_venv --> node_venv_lib["lib"]\n    node_venv_lib --> node_venv_lib_python3_12["python3.12"]\n    node_venv_lib_python3_12 --> node_venv_lib_python3_12_site-packages["site-packages"]\n    node_venv_lib_python3_12_site-packages --> node_venv_lib_python3_12_site-packages_PyQt6["PyQt6"]\n    node_venv_lib_python3_12_site-packages_PyQt6 --> node_venv_lib_python3_12_site-packages_PyQt6_Qt6["Qt6"]\n    node_venv_lib_python3_12_site-packages_PyQt6_Qt6 --> node_venv_lib_python3_12_site-packages_PyQt6_Qt6_qml["qml"]\n    node_venv_lib_python3_12_site-packages_PyQt6_Qt6_qml --> node_venv_lib_python3_12_site-packages_PyQt6_Qt6_qml_QtQuick["QtQuick"]\n    node_venv_lib_python3_12_site-packages_PyQt6_Qt6_qml_QtQuick --> node_venv_lib_python3_12_site-packages_PyQt6_Qt6_qml_QtQuick_Controls["Controls"]\n    node_venv_lib_python3_12_site-packages_PyQt6_Qt6_qml_QtQuick_Controls --> node_venv_lib_python3_12_site-packages_PyQt6_Qt6_qml_QtQuick_Controls_FluentWinUI3["FluentWinUI3"]\n    node_venv_lib_python3_12_site-packages_PyQt6_Qt6_qml_QtQuick_Controls_FluentWinUI3 --> node_venv_lib_python3_12_site-packages_PyQt6_Qt6_qml_QtQuick_Controls_FluentWinUI3_impl["impl"]\n    node_venv_lib_python3_12_site-packages_PyQt6_Qt6_qml_QtQuick_Controls_FluentWinUI3_impl --> node_venv_lib_python3_12_site-packages_PyQt6_Qt6_qml_QtQuick_Controls_FluentWinUI3_impl_SwitchIndicator_qml["SwitchIndicator.qml"]\n    Root --> node_venv["venv"]\n    node_venv --> node_venv_lib["lib"]\n    node_venv_lib --> node_venv_lib_python3_12["python3.12"]\n    node_venv_lib_python3_12 --> node_venv_lib_python3_12_site-packages["site-packages"]\n    node_venv_lib_python3_12_site-packages --> node_venv_lib_python3_12_site-packages_PyQt6["PyQt6"]\n    node_venv_lib_python3_12_site-packages_PyQt6 --> node_venv_lib_python3_12_site-packages_PyQt6_Qt6["Qt6"]\n    node_venv_lib_python3_12_site-packages_PyQt6_Qt6 --> node_venv_lib_python3_12_site-packages_PyQt6_Qt6_qml["qml"]\n    node_venv_lib_python3_12_site-packages_PyQt6_Qt6_qml --> node_venv_lib_python3_12_site-packages_PyQt6_Qt6_qml_QtQuick["QtQuick"]\n    node_venv_lib_python3_12_site-packages_PyQt6_Qt6_qml_QtQuick --> node_venv_lib_python3_12_site-packages_PyQt6_Qt6_qml_QtQuick_Controls["Controls"]\n    node_venv_lib_python3_12_site-packages_PyQt6_Qt6_qml_QtQuick_Controls --> node_venv_lib_python3_12_site-packages_PyQt6_Qt6_qml_QtQuick_Controls_FluentWinUI3["FluentWinUI3"]\n    node_venv_lib_python3_12_site-packages_PyQt6_Qt6_qml_QtQuick_Controls_FluentWinUI3 --> node_venv_lib_python3_12_site-packages_PyQt6_Qt6_qml_QtQuick_Controls_FluentWinUI3_impl["impl"]\n    node_venv_lib_python3_12_site-packages_PyQt6_Qt6_qml_QtQuick_Controls_FluentWinUI3_impl --> node_venv_lib_python3_12_site-packages_PyQt6_Qt6_qml_QtQuick_Controls_FluentWinUI3_impl_libqtquickcontrols2fluentwinui3styleimplplugin_dylib["libqtquickcontrols2fluentwinui3styleimplplugin.dylib"]\n    Root --> node_venv["venv"]\n    node_venv --> node_venv_lib["lib"]\n    node_venv_lib --> node_venv_lib_python3_12["python3.12"]\n    node_venv_lib_python3_12 --> node_venv_lib_python3_12_site-packages["site-packages"]\n    node_venv_lib_python3_12_site-packages --> node_venv_lib_python3_12_site-packages_PyQt6["PyQt6"]\n    node_venv_lib_python3_12_site-packages_PyQt6 --> node_venv_lib_python3_12_site-packages_PyQt6_Qt6["Qt6"]\n    node_venv_lib_python3_12_site-packages_PyQt6_Qt6 --> node_venv_lib_python3_12_site-packages_PyQt6_Qt6_qml["qml"]\n    node_venv_lib_python3_12_site-packages_PyQt6_Qt6_qml --> node_venv_lib_python3_12_site-packages_PyQt6_Qt6_qml_QtQuick["QtQuick"]\n    node_venv_lib_python3_12_site-packages_PyQt6_Qt6_qml_QtQuick --> node_venv_lib_python3_12_site-packages_PyQt6_Qt6_qml_QtQuick_Controls["Controls"]\n    node_venv_lib_python3_12_site-packages_PyQt6_Qt6_qml_QtQuick_Controls --> node_venv_lib_python3_12_site-packages_PyQt6_Qt6_qml_QtQuick_Controls_FluentWinUI3["FluentWinUI3"]\n    node_venv_lib_python3_12_site-packages_PyQt6_Qt6_qml_QtQuick_Controls_FluentWinUI3 --> node_venv_lib_python3_12_site-packages_PyQt6_Qt6_qml_QtQuick_Controls_FluentWinUI3_impl["impl"]\n    node_venv_lib_python3_12_site-packages_PyQt6_Qt6_qml_QtQuick_Controls_FluentWinUI3_impl --> node_venv_lib_python3_12_site-packages_PyQt6_Qt6_qml_QtQuick_Controls_FluentWinUI3_impl_plugins_qmltypes["plugins.qmltypes"]\n    Root --> node_venv["venv"]\n    node_venv --> node_venv_lib["lib"]\n    node_venv_lib --> node_venv_lib_python3_12["python3.12"]\n    node_venv_lib_python3_12 --> node_venv_lib_python3_12_site-packages["site-packages"]\n    node_venv_lib_python3_12_site-packages --> node_venv_lib_python3_12_site-packages_PyQt6["PyQt6"]\n    node_venv_lib_python3_12_site-packages_PyQt6 --> node_venv_lib_python3_12_site-packages_PyQt6_Qt6["Qt6"]\n    node_venv_lib_python3_12_site-packages_PyQt6_Qt6 --> node_venv_lib_python3_12_site-packages_PyQt6_Qt6_qml["qml"]\n    node_venv_lib_python3_12_site-packages_PyQt6_Qt6_qml --> node_venv_lib_python3_12_site-packages_PyQt6_Qt6_qml_QtQuick["QtQuick"]\n    node_venv_lib_python3_12_site-packages_PyQt6_Qt6_qml_QtQuick --> node_venv_lib_python3_12_site-packages_PyQt6_Qt6_qml_QtQuick_Controls["Controls"]\n    node_venv_lib_python3_12_site-packages_PyQt6_Qt6_qml_QtQuick_Controls --> node_venv_lib_python3_12_site-packages_PyQt6_Qt6_qml_QtQuick_Controls_FluentWinUI3["FluentWinUI3"]\n    node_venv_lib_python3_12_site-packages_PyQt6_Qt6_qml_QtQuick_Controls_FluentWinUI3 --> node_venv_lib_python3_12_site-packages_PyQt6_Qt6_qml_QtQuick_Controls_FluentWinUI3_impl["impl"]\n    node_venv_lib_python3_12_site-packages_PyQt6_Qt6_qml_QtQuick_Controls_FluentWinUI3_impl --> node_venv_lib_python3_12_site-packages_PyQt6_Qt6_qml_QtQuick_Controls_FluentWinUI3_impl_qmldir["qmldir"]\n    Root --> node_venv["venv"]\n    node_venv --> node_venv_lib["lib"]\n    node_venv_lib --> node_venv_lib_python3_12["python3.12"]\n    node_venv_lib_python3_12 --> node_venv_lib_python3_12_site-packages["site-packages"]\n    node_venv_lib_python3_12_site-packages --> node_venv_lib_python3_12_site-packages_PyQt6["PyQt6"]\n    node_venv_lib_python3_12_site-packages_PyQt6 --> node_venv_lib_python3_12_site-packages_PyQt6_Qt6["Qt6"]\n    node_venv_lib_python3_12_site-packages_PyQt6_Qt6 --> node_venv_lib_python3_12_site-packages_PyQt6_Qt6_qml["qml"]\n    node_venv_lib_python3_12_site-packages_PyQt6_Qt6_qml --> node_venv_lib_python3_12_site-packages_PyQt6_Qt6_qml_QtQuick["QtQuick"]\n    node_venv_lib_python3_12_site-packages_PyQt6_Qt6_qml_QtQuick --> node_venv_lib_python3_12_site-packages_PyQt6_Qt6_qml_QtQuick_Controls["Controls"]\n    node_venv_lib_python3_12_site-packages_PyQt6_Qt6_qml_QtQuick_Controls --> node_venv_lib_python3_12_site-packages_PyQt6_Qt6_qml_QtQuick_Controls_FluentWinUI3["FluentWinUI3"]\n    node_venv_lib_python3_12_site-packages_PyQt6_Qt6_qml_QtQuick_Controls_FluentWinUI3 --> node_venv_lib_python3_12_site-packages_PyQt6_Qt6_qml_QtQuick_Controls_FluentWinUI3_icons["icons"]\n    node_venv_lib_python3_12_site-packages_PyQt6_Qt6_qml_QtQuick_Controls_FluentWinUI3_icons --> node_venv_lib_python3_12_site-packages_PyQt6_Qt6_qml_QtQuick_Controls_FluentWinUI3_icons_checkmark_png["checkmark.png"]\n    Root --> node_venv["venv"]\n    node_venv --> node_venv_lib["lib"]\n    node_venv_lib --> node_venv_lib_python3_12["python3.12"]\n    node_venv_lib_python3_12 --> node_venv_lib_python3_12_site-packages["site-packages"]\n    node_venv_lib_python3_12_site-packages --> node_venv_lib_python3_12_site-packages_PyQt6["PyQt6"]\n    node_venv_lib_python3_12_site-packages_PyQt6 --> node_venv_lib_python3_12_site-packages_PyQt6_Qt6["Qt6"]\n    node_venv_lib_python3_12_site-packages_PyQt6_Qt6 --> node_venv_lib_python3_12_site-packages_PyQt6_Qt6_qml["qml"]\n    node_venv_lib_python3_12_site-packages_PyQt6_Qt6_qml --> node_venv_lib_python3_12_site-packages_PyQt6_Qt6_qml_QtQuick["QtQuick"]\n    node_venv_lib_python3_12_site-packages_PyQt6_Qt6_qml_QtQuick --> node_venv_lib_python3_12_site-packages_PyQt6_Qt6_qml_QtQuick_Controls["Controls"]\n    node_venv_lib_python3_12_site-packages_PyQt6_Qt6_qml_QtQuick_Controls --> node_venv_lib_python3_12_site-packages_PyQt6_Qt6_qml_QtQuick_Controls_FluentWinUI3["FluentWinUI3"]\n    node_venv_lib_python3_12_site-packages_PyQt6_Qt6_qml_QtQuick_Controls_FluentWinUI3 --> node_venv_lib_python3_12_site-packages_PyQt6_Qt6_qml_QtQuick_Controls_FluentWinUI3_icons["icons"]\n    node_venv_lib_python3_12_site-packages_PyQt6_Qt6_qml_QtQuick_Controls_FluentWinUI3_icons --> node_venv_lib_python3_12_site-packages_PyQt6_Qt6_qml_QtQuick_Controls_FluentWinUI3_icons_checkmark@2x_png["checkmark@2x.png"]\n    Root --> node_venv["venv"]\n    node_venv --> node_venv_lib["lib"]\n    node_venv_lib --> node_venv_lib_python3_12["python3.12"]\n    node_venv_lib_python3_12 --> node_venv_lib_python3_12_site-packages["site-packages"]\n    node_venv_lib_python3_12_site-packages --> node_venv_lib_python3_12_site-packages_PyQt6["PyQt6"]\n    node_venv_lib_python3_12_site-packages_PyQt6 --> node_venv_lib_python3_12_site-packages_PyQt6_Qt6["Qt6"]\n    node_venv_lib_python3_12_site-packages_PyQt6_Qt6 --> node_venv_lib_python3_12_site-packages_PyQt6_Qt6_qml["qml"]\n    node_venv_lib_python3_12_site-packages_PyQt6_Qt6_qml --> node_venv_lib_python3_12_site-packages_PyQt6_Qt6_qml_QtQuick["QtQuick"]\n    node_venv_lib_python3_12_site-packages_PyQt6_Qt6_qml_QtQuick --> node_venv_lib_python3_12_site-packages_PyQt6_Qt6_qml_QtQuick_Controls["Controls"]\n    node_venv_lib_python3_12_site-packages_PyQt6_Qt6_qml_QtQuick_Controls --> node_venv_lib_python3_12_site-packages_PyQt6_Qt6_qml_QtQuick_Controls_FluentWinUI3["FluentWinUI3"]\n    node_venv_lib_python3_12_site-packages_PyQt6_Qt6_qml_QtQuick_Controls_FluentWinUI3 --> node_venv_lib_python3_12_site-packages_PyQt6_Qt6_qml_QtQuick_Controls_FluentWinUI3_icons["icons"]\n    node_venv_lib_python3_12_site-packages_PyQt6_Qt6_qml_QtQuick_Controls_FluentWinUI3_icons --> node_venv_lib_python3_12_site-packages_PyQt6_Qt6_qml_QtQuick_Controls_FluentWinUI3_icons_checkmark@3x_png["checkmark@3x.png"]\n    Root --> node_venv["venv"]\n    node_venv --> node_venv_lib["lib"]\n    node_venv_lib --> node_venv_lib_python3_12["python3.12"]\n    node_venv_lib_python3_12 --> node_venv_lib_python3_12_site-packages["site-packages"]\n    node_venv_lib_python3_12_site-packages --> node_venv_lib_python3_12_site-packages_PyQt6["PyQt6"]\n    node_venv_lib_python3_12_site-packages_PyQt6 --> node_venv_lib_python3_12_site-packages_PyQt6_Qt6["Qt6"]\n    node_venv_lib_python3_12_site-packages_PyQt6_Qt6 --> node_venv_lib_python3_12_site-packages_PyQt6_Qt6_qml["qml"]\n    node_venv_lib_python3_12_site-packages_PyQt6_Qt6_qml --> node_venv_lib_python3_12_site-packages_PyQt6_Qt6_qml_QtQuick["QtQuick"]\n    node_venv_lib_python3_12_site-packages_PyQt6_Qt6_qml_QtQuick --> node_venv_lib_python3_12_site-packages_PyQt6_Qt6_qml_QtQuick_Controls["Controls"]\n    node_venv_lib_python3_12_site-packages_PyQt6_Qt6_qml_QtQuick_Controls --> node_venv_lib_python3_12_site-packages_PyQt6_Qt6_qml_QtQuick_Controls_FluentWinUI3["FluentWinUI3"]\n    node_venv_lib_python3_12_site-packages_PyQt6_Qt6_qml_QtQuick_Controls_FluentWinUI3 --> node_venv_lib_python3_12_site-packages_PyQt6_Qt6_qml_QtQuick_Controls_FluentWinUI3_icons["icons"]\n    node_venv_lib_python3_12_site-packages_PyQt6_Qt6_qml_QtQuick_Controls_FluentWinUI3_icons --> node_venv_lib_python3_12_site-packages_PyQt6_Qt6_qml_QtQuick_Controls_FluentWinUI3_icons_close_big_png["close_big.png"]\n    Root --> node_venv["venv"]\n    node_venv --> node_venv_lib["lib"]\n    node_venv_lib --> node_venv_lib_python3_12["python3.12"]\n    node_venv_lib_python3_12 --> node_venv_lib_python3_12_site-packages["site-packages"]\n    node_venv_lib_python3_12_site-packages --> node_venv_lib_python3_12_site-packages_PyQt6["PyQt6"]\n    node_venv_lib_python3_12_site-packages_PyQt6 --> node_venv_lib_python3_12_site-packages_PyQt6_Qt6["Qt6"]\n    node_venv_lib_python3_12_site-packages_PyQt6_Qt6 --> node_venv_lib_python3_12_site-packages_PyQt6_Qt6_qml["qml"]\n    node_venv_lib_python3_12_site-packages_PyQt6_Qt6_qml --> node_venv_lib_python3_12_site-packages_PyQt6_Qt6_qml_QtQuick["QtQuick"]\n    node_venv_lib_python3_12_site-packages_PyQt6_Qt6_qml_QtQuick --> node_venv_lib_python3_12_site-packages_PyQt6_Qt6_qml_QtQuick_Controls["Controls"]\n    node_venv_lib_python3_12_site-packages_PyQt6_Qt6_qml_QtQuick_Controls --> node_venv_lib_python3_12_site-packages_PyQt6_Qt6_qml_QtQuick_Controls_FluentWinUI3["FluentWinUI3"]\n    node_venv_lib_python3_12_site-packages_PyQt6_Qt6_qml_QtQuick_Controls_FluentWinUI3 --> node_venv_lib_python3_12_site-packages_PyQt6_Qt6_qml_QtQuick_Controls_FluentWinUI3_icons["icons"]\n    node_venv_lib_python3_12_site-packages_PyQt6_Qt6_qml_QtQuick_Controls_FluentWinUI3_icons --> node_venv_lib_python3_12_site-packages_PyQt6_Qt6_qml_QtQuick_Controls_FluentWinUI3_icons_close_big@2x_png["close_big@2x.png"]\n    Root --> node_venv["venv"]\n    node_venv --> node_venv_lib["lib"]\n    node_venv_lib --> node_venv_lib_python3_12["python3.12"]\n    node_venv_lib_python3_12 --> node_venv_lib_python3_12_site-packages["site-packages"]\n    node_venv_lib_python3_12_site-packages --> node_venv_lib_python3_12_site-packages_PyQt6["PyQt6"]\n    node_venv_lib_python3_12_site-packages_PyQt6 --> node_venv_lib_python3_12_site-packages_PyQt6_Qt6["Qt6"]\n    node_venv_lib_python3_12_site-packages_PyQt6_Qt6 --> node_venv_lib_python3_12_site-packages_PyQt6_Qt6_qml["qml"]\n    node_venv_lib_python3_12_site-packages_PyQt6_Qt6_qml --> node_venv_lib_python3_12_site-packages_PyQt6_Qt6_qml_QtQuick["QtQuick"]\n    node_venv_lib_python3_12_site-packages_PyQt6_Qt6_qml_QtQuick --> node_venv_lib_python3_12_site-packages_PyQt6_Qt6_qml_QtQuick_Controls["Controls"]\n    node_venv_lib_python3_12_site-packages_PyQt6_Qt6_qml_QtQuick_Controls --> node_venv_lib_python3_12_site-packages_PyQt6_Qt6_qml_QtQuick_Controls_FluentWinUI3["FluentWinUI3"]\n    node_venv_lib_python3_12_site-packages_PyQt6_Qt6_qml_QtQuick_Controls_FluentWinUI3 --> node_venv_lib_python3_12_site-packages_PyQt6_Qt6_qml_QtQuick_Controls_FluentWinUI3_icons["icons"]\n    node_venv_lib_python3_12_site-packages_PyQt6_Qt6_qml_QtQuick_Controls_FluentWinUI3_icons --> node_venv_lib_python3_12_site-packages_PyQt6_Qt6_qml_QtQuick_Controls_FluentWinUI3_icons_close_big@3x_png["close_big@3x.png"]\n    Root --> node_venv["venv"]\n    node_venv --> node_venv_lib["lib"]\n    node_venv_lib --> node_venv_lib_python3_12["python3.12"]\n    node_venv_lib_python3_12 --> node_venv_lib_python3_12_site-packages["site-packages"]\n    node_venv_lib_python3_12_site-packages --> node_venv_lib_python3_12_site-packages_PyQt6["PyQt6"]\n    node_venv_lib_python3_12_site-packages_PyQt6 --> node_venv_lib_python3_12_site-packages_PyQt6_Qt6["Qt6"]\n    node_venv_lib_python3_12_site-packages_PyQt6_Qt6 --> node_venv_lib_python3_12_site-packages_PyQt6_Qt6_qml["qml"]\n    node_venv_lib_python3_12_site-packages_PyQt6_Qt6_qml --> node_venv_lib_python3_12_site-packages_PyQt6_Qt6_qml_QtQuick["QtQuick"]\n    node_venv_lib_python3_12_site-packages_PyQt6_Qt6_qml_QtQuick --> node_venv_lib_python3_12_site-packages_PyQt6_Qt6_qml_QtQuick_Controls["Controls"]\n    node_venv_lib_python3_12_site-packages_PyQt6_Qt6_qml_QtQuick_Controls --> node_venv_lib_python3_12_site-packages_PyQt6_Qt6_qml_QtQuick_Controls_FluentWinUI3["FluentWinUI3"]\n    node_venv_lib_python3_12_site-packages_PyQt6_Qt6_qml_QtQuick_Controls_FluentWinUI3 --> node_venv_lib_python3_12_site-packages_PyQt6_Qt6_qml_QtQuick_Controls_FluentWinUI3_icons["icons"]\n    node_venv_lib_python3_12_site-packages_PyQt6_Qt6_qml_QtQuick_Controls_FluentWinUI3_icons --> node_venv_lib_python3_12_site-packages_PyQt6_Qt6_qml_QtQuick_Controls_FluentWinUI3_icons_menuarrow_png["menuarrow.png"]\n    Root --> node_venv["venv"]\n    node_venv --> node_venv_lib["lib"]\n    node_venv_lib --> node_venv_lib_python3_12["python3.12"]\n    node_venv_lib_python3_12 --> node_venv_lib_python3_12_site-packages["site-packages"]\n    node_venv_lib_python3_12_site-packages --> node_venv_lib_python3_12_site-packages_PyQt6["PyQt6"]\n    node_venv_lib_python3_12_site-packages_PyQt6 --> node_venv_lib_python3_12_site-packages_PyQt6_Qt6["Qt6"]\n    node_venv_lib_python3_12_site-packages_PyQt6_Qt6 --> node_venv_lib_python3_12_site-packages_PyQt6_Qt6_qml["qml"]\n    node_venv_lib_python3_12_site-packages_PyQt6_Qt6_qml --> node_venv_lib_python3_12_site-packages_PyQt6_Qt6_qml_QtQuick["QtQuick"]\n    node_venv_lib_python3_12_site-packages_PyQt6_Qt6_qml_QtQuick --> node_venv_lib_python3_12_site-packages_PyQt6_Qt6_qml_QtQuick_Controls["Controls"]\n    node_venv_lib_python3_12_site-packages_PyQt6_Qt6_qml_QtQuick_Controls --> node_venv_lib_python3_12_site-packages_PyQt6_Qt6_qml_QtQuick_Controls_FluentWinUI3["FluentWinUI3"]\n    node_venv_lib_python3_12_site-packages_PyQt6_Qt6_qml_QtQuick_Controls_FluentWinUI3 --> node_venv_lib_python3_12_site-packages_PyQt6_Qt6_qml_QtQuick_Controls_FluentWinUI3_icons["icons"]\n    node_venv_lib_python3_12_site-packages_PyQt6_Qt6_qml_QtQuick_Controls_FluentWinUI3_icons --> node_venv_lib_python3_12_site-packages_PyQt6_Qt6_qml_QtQuick_Controls_FluentWinUI3_icons_menuarrow@2x_png["menuarrow@2x.png"]\n    Root --> node_venv["venv"]\n    node_venv --> node_venv_lib["lib"]\n    node_venv_lib --> node_venv_lib_python3_12["python3.12"]\n    node_venv_lib_python3_12 --> node_venv_lib_python3_12_site-packages["site-packages"]\n    node_venv_lib_python3_12_site-packages --> node_venv_lib_python3_12_site-packages_PyQt6["PyQt6"]\n    node_venv_lib_python3_12_site-packages_PyQt6 --> node_venv_lib_python3_12_site-packages_PyQt6_Qt6["Qt6"]\n    node_venv_lib_python3_12_site-packages_PyQt6_Qt6 --> node_venv_lib_python3_12_site-packages_PyQt6_Qt6_qml["qml"]\n    node_venv_lib_python3_12_site-packages_PyQt6_Qt6_qml --> node_venv_lib_python3_12_site-packages_PyQt6_Qt6_qml_QtQuick["QtQuick"]\n    node_venv_lib_python3_12_site-packages_PyQt6_Qt6_qml_QtQuick --> node_venv_lib_python3_12_site-packages_PyQt6_Qt6_qml_QtQuick_Controls["Controls"]\n    node_venv_lib_python3_12_site-packages_PyQt6_Qt6_qml_QtQuick_Controls --> node_venv_lib_python3_12_site-packages_PyQt6_Qt6_qml_QtQuick_Controls_FluentWinUI3["FluentWinUI3"]\n    node_venv_lib_python3_12_site-packages_PyQt6_Qt6_qml_QtQuick_Controls_FluentWinUI3 --> node_venv_lib_python3_12_site-packages_PyQt6_Qt6_qml_QtQuick_Controls_FluentWinUI3_icons["icons"]\n    node_venv_lib_python3_12_site-packages_PyQt6_Qt6_qml_QtQuick_Controls_FluentWinUI3_icons --> node_venv_lib_python3_12_site-packages_PyQt6_Qt6_qml_QtQuick_Controls_FluentWinUI3_icons_menuarrow@3x_png["menuarrow@3x.png"]\n    Root --> node_venv["venv"]\n    node_venv --> node_venv_lib["lib"]\n    node_venv_lib --> node_venv_lib_python3_12["python3.12"]\n    node_venv_lib_python3_12 --> node_venv_lib_python3_12_site-packages["site-packages"]\n    node_venv_lib_python3_12_site-packages --> node_venv_lib_python3_12_site-packages_PyQt6["PyQt6"]\n    node_venv_lib_python3_12_site-packages_PyQt6 --> node_venv_lib_python3_12_site-packages_PyQt6_Qt6["Qt6"]\n    node_venv_lib_python3_12_site-packages_PyQt6_Qt6 --> node_venv_lib_python3_12_site-packages_PyQt6_Qt6_qml["qml"]\n    node_venv_lib_python3_12_site-packages_PyQt6_Qt6_qml --> node_venv_lib_python3_12_site-packages_PyQt6_Qt6_qml_QtQuick["QtQuick"]\n    node_venv_lib_python3_12_site-packages_PyQt6_Qt6_qml_QtQuick --> node_venv_lib_python3_12_site-packages_PyQt6_Qt6_qml_QtQuick_Controls["Controls"]\n    node_venv_lib_python3_12_site-packages_PyQt6_Qt6_qml_QtQuick_Controls --> node_venv_lib_python3_12_site-packages_PyQt6_Qt6_qml_QtQuick_Controls_FluentWinUI3["FluentWinUI3"]\n    node_venv_lib_python3_12_site-packages_PyQt6_Qt6_qml_QtQuick_Controls_FluentWinUI3 --> node_venv_lib_python3_12_site-packages_PyQt6_Qt6_qml_QtQuick_Controls_FluentWinUI3_icons["icons"]\n    node_venv_lib_python3_12_site-packages_PyQt6_Qt6_qml_QtQuick_Controls_FluentWinUI3_icons --> node_venv_lib_python3_12_site-packages_PyQt6_Qt6_qml_QtQuick_Controls_FluentWinUI3_icons_search-magnifier_png["search-magnifier.png"]\n    Root --> node_venv["venv"]\n    node_venv --> node_venv_lib["lib"]\n    node_venv_lib --> node_venv_lib_python3_12["python3.12"]\n    node_venv_lib_python3_12 --> node_venv_lib_python3_12_site-packages["site-packages"]\n    node_venv_lib_python3_12_site-packages --> node_venv_lib_python3_12_site-packages_PyQt6["PyQt6"]\n    node_venv_lib_python3_12_site-packages_PyQt6 --> node_venv_lib_python3_12_site-packages_PyQt6_Qt6["Qt6"]\n    node_venv_lib_python3_12_site-packages_PyQt6_Qt6 --> node_venv_lib_python3_12_site-packages_PyQt6_Qt6_qml["qml"]\n    node_venv_lib_python3_12_site-packages_PyQt6_Qt6_qml --> node_venv_lib_python3_12_site-packages_PyQt6_Qt6_qml_QtQuick["QtQuick"]\n    node_venv_lib_python3_12_site-packages_PyQt6_Qt6_qml_QtQuick --> node_venv_lib_python3_12_site-packages_PyQt6_Qt6_qml_QtQuick_Controls["Controls"]\n    node_venv_lib_python3_12_site-packages_PyQt6_Qt6_qml_QtQuick_Controls --> node_venv_lib_python3_12_site-packages_PyQt6_Qt6_qml_QtQuick_Controls_FluentWinUI3["FluentWinUI3"]\n    node_venv_lib_python3_12_site-packages_PyQt6_Qt6_qml_QtQuick_Controls_FluentWinUI3 --> node_venv_lib_python3_12_site-packages_PyQt6_Qt6_qml_QtQuick_Controls_FluentWinUI3_icons["icons"]\n    node_venv_lib_python3_12_site-packages_PyQt6_Qt6_qml_QtQuick_Controls_FluentWinUI3_icons --> node_venv_lib_python3_12_site-packages_PyQt6_Qt6_qml_QtQuick_Controls_FluentWinUI3_icons_search-magnifier@2x_png["search-magnifier@2x.png"]\n    Root --> node_venv["venv"]\n    node_venv --> node_venv_lib["lib"]\n    node_venv_lib --> node_venv_lib_python3_12["python3.12"]\n    node_venv_lib_python3_12 --> node_venv_lib_python3_12_site-packages["site-packages"]\n    node_venv_lib_python3_12_site-packages --> node_venv_lib_python3_12_site-packages_PyQt6["PyQt6"]\n    node_venv_lib_python3_12_site-packages_PyQt6 --> node_venv_lib_python3_12_site-packages_PyQt6_Qt6["Qt6"]\n    node_venv_lib_python3_12_site-packages_PyQt6_Qt6 --> node_venv_lib_python3_12_site-packages_PyQt6_Qt6_qml["qml"]\n    node_venv_lib_python3_12_site-packages_PyQt6_Qt6_qml --> node_venv_lib_python3_12_site-packages_PyQt6_Qt6_qml_QtQuick["QtQuick"]\n    node_venv_lib_python3_12_site-packages_PyQt6_Qt6_qml_QtQuick --> node_venv_lib_python3_12_site-packages_PyQt6_Qt6_qml_QtQuick_Controls["Controls"]\n    node_venv_lib_python3_12_site-packages_PyQt6_Qt6_qml_QtQuick_Controls --> node_venv_lib_python3_12_site-packages_PyQt6_Qt6_qml_QtQuick_Controls_FluentWinUI3["FluentWinUI3"]\n    node_venv_lib_python3_12_site-packages_PyQt6_Qt6_qml_QtQuick_Controls_FluentWinUI3 --> node_venv_lib_python3_12_site-packages_PyQt6_Qt6_qml_QtQuick_Controls_FluentWinUI3_icons["icons"]\n    node_venv_lib_python3_12_site-packages_PyQt6_Qt6_qml_QtQuick_Controls_FluentWinUI3_icons --> node_venv_lib_python3_12_site-packages_PyQt6_Qt6_qml_QtQuick_Controls_FluentWinUI3_icons_search-magnifier@3x_png["search-magnifier@3x.png"]\n    Root --> node_venv["venv"]\n    node_venv --> node_venv_lib["lib"]\n    node_venv_lib --> node_venv_lib_python3_12["python3.12"]\n    node_venv_lib_python3_12 --> node_venv_lib_python3_12_site-packages["site-packages"]\n    node_venv_lib_python3_12_site-packages --> node_venv_lib_python3_12_site-packages_PyQt6["PyQt6"]\n    node_venv_lib_python3_12_site-packages_PyQt6 --> node_venv_lib_python3_12_site-packages_PyQt6_Qt6["Qt6"]\n    node_venv_lib_python3_12_site-packages_PyQt6_Qt6 --> node_venv_lib_python3_12_site-packages_PyQt6_Qt6_qml["qml"]\n    node_venv_lib_python3_12_site-packages_PyQt6_Qt6_qml --> node_venv_lib_python3_12_site-packages_PyQt6_Qt6_qml_QtQuick["QtQuick"]\n    node_venv_lib_python3_12_site-packages_PyQt6_Qt6_qml_QtQuick --> node_venv_lib_python3_12_site-packages_PyQt6_Qt6_qml_QtQuick_Controls["Controls"]\n    node_venv_lib_python3_12_site-packages_PyQt6_Qt6_qml_QtQuick_Controls --> node_venv_lib_python3_12_site-packages_PyQt6_Qt6_qml_QtQuick_Controls_FluentWinUI3["FluentWinUI3"]\n    node_venv_lib_python3_12_site-packages_PyQt6_Qt6_qml_QtQuick_Controls_FluentWinUI3 --> node_venv_lib_python3_12_site-packages_PyQt6_Qt6_qml_QtQuick_Controls_FluentWinUI3_light["light"]\n    node_venv_lib_python3_12_site-packages_PyQt6_Qt6_qml_QtQuick_Controls_FluentWinUI3_light --> node_venv_lib_python3_12_site-packages_PyQt6_Qt6_qml_QtQuick_Controls_FluentWinUI3_light_images["images"]\n    node_venv_lib_python3_12_site-packages_PyQt6_Qt6_qml_QtQuick_Controls_FluentWinUI3_light_images --> node_venv_lib_python3_12_site-packages_PyQt6_Qt6_qml_QtQuick_Controls_FluentWinUI3_light_images_checkbox-indicator-checked-disabled_png["checkbox-indicator-checked-disabled.png"]\n    Root --> node_venv["venv"]\n    node_venv --> node_venv_lib["lib"]\n    node_venv_lib --> node_venv_lib_python3_12["python3.12"]\n    node_venv_lib_python3_12 --> node_venv_lib_python3_12_site-packages["site-packages"]\n    node_venv_lib_python3_12_site-packages --> node_venv_lib_python3_12_site-packages_PyQt6["PyQt6"]\n    node_venv_lib_python3_12_site-packages_PyQt6 --> node_venv_lib_python3_12_site-packages_PyQt6_Qt6["Qt6"]\n    node_venv_lib_python3_12_site-packages_PyQt6_Qt6 --> node_venv_lib_python3_12_site-packages_PyQt6_Qt6_qml["qml"]\n    node_venv_lib_python3_12_site-packages_PyQt6_Qt6_qml --> node_venv_lib_python3_12_site-packages_PyQt6_Qt6_qml_QtQuick["QtQuick"]\n    node_venv_lib_python3_12_site-packages_PyQt6_Qt6_qml_QtQuick --> node_venv_lib_python3_12_site-packages_PyQt6_Qt6_qml_QtQuick_Controls["Controls"]\n    node_venv_lib_python3_12_site-packages_PyQt6_Qt6_qml_QtQuick_Controls --> node_venv_lib_python3_12_site-packages_PyQt6_Qt6_qml_QtQuick_Controls_FluentWinUI3["FluentWinUI3"]\n    node_venv_lib_python3_12_site-packages_PyQt6_Qt6_qml_QtQuick_Controls_FluentWinUI3 --> node_venv_lib_python3_12_site-packages_PyQt6_Qt6_qml_QtQuick_Controls_FluentWinUI3_light["light"]\n    node_venv_lib_python3_12_site-packages_PyQt6_Qt6_qml_QtQuick_Controls_FluentWinUI3_light --> node_venv_lib_python3_12_site-packages_PyQt6_Qt6_qml_QtQuick_Controls_FluentWinUI3_light_images["images"]\n    node_venv_lib_python3_12_site-packages_PyQt6_Qt6_qml_QtQuick_Controls_FluentWinUI3_light_images --> node_venv_lib_python3_12_site-packages_PyQt6_Qt6_qml_QtQuick_Controls_FluentWinUI3_light_images_checkbox-indicator-checked-disabled@2x_png["checkbox-indicator-checked-disabled@2x.png"]\n    Root --> node_venv["venv"]\n    node_venv --> node_venv_lib["lib"]\n    node_venv_lib --> node_venv_lib_python3_12["python3.12"]\n    node_venv_lib_python3_12 --> node_venv_lib_python3_12_site-packages["site-packages"]\n    node_venv_lib_python3_12_site-packages --> node_venv_lib_python3_12_site-packages_PyQt6["PyQt6"]\n    node_venv_lib_python3_12_site-packages_PyQt6 --> node_venv_lib_python3_12_site-packages_PyQt6_Qt6["Qt6"]\n    node_venv_lib_python3_12_site-packages_PyQt6_Qt6 --> node_venv_lib_python3_12_site-packages_PyQt6_Qt6_qml["qml"]\n    node_venv_lib_python3_12_site-packages_PyQt6_Qt6_qml --> node_venv_lib_python3_12_site-packages_PyQt6_Qt6_qml_QtQuick["QtQuick"]\n    node_venv_lib_python3_12_site-packages_PyQt6_Qt6_qml_QtQuick --> node_venv_lib_python3_12_site-packages_PyQt6_Qt6_qml_QtQuick_Controls["Controls"]\n    node_venv_lib_python3_12_site-packages_PyQt6_Qt6_qml_QtQuick_Controls --> node_venv_lib_python3_12_site-packages_PyQt6_Qt6_qml_QtQuick_Controls_FluentWinUI3["FluentWinUI3"]\n    node_venv_lib_python3_12_site-packages_PyQt6_Qt6_qml_QtQuick_Controls_FluentWinUI3 --> node_venv_lib_python3_12_site-packages_PyQt6_Qt6_qml_QtQuick_Controls_FluentWinUI3_light["light"]\n    node_venv_lib_python3_12_site-packages_PyQt6_Qt6_qml_QtQuick_Controls_FluentWinUI3_light --> node_venv_lib_python3_12_site-packages_PyQt6_Qt6_qml_QtQuick_Controls_FluentWinUI3_light_images["images"]\n    node_venv_lib_python3_12_site-packages_PyQt6_Qt6_qml_QtQuick_Controls_FluentWinUI3_light_images --> node_venv_lib_python3_12_site-packages_PyQt6_Qt6_qml_QtQuick_Controls_FluentWinUI3_light_images_checkbox-indicator-checked-disabled@3x_png["checkbox-indicator-checked-disabled@3x.png"]\n    Root --> node_venv["venv"]\n    node_venv --> node_venv_lib["lib"]\n    node_venv_lib --> node_venv_lib_python3_12["python3.12"]\n    node_venv_lib_python3_12 --> node_venv_lib_python3_12_site-packages["site-packages"]\n    node_venv_lib_python3_12_site-packages --> node_venv_lib_python3_12_site-packages_PyQt6["PyQt6"]\n    node_venv_lib_python3_12_site-packages_PyQt6 --> node_venv_lib_python3_12_site-packages_PyQt6_Qt6["Qt6"]\n    node_venv_lib_python3_12_site-packages_PyQt6_Qt6 --> node_venv_lib_python3_12_site-packages_PyQt6_Qt6_qml["qml"]\n    node_venv_lib_python3_12_site-packages_PyQt6_Qt6_qml --> node_venv_lib_python3_12_site-packages_PyQt6_Qt6_qml_QtQuick["QtQuick"]\n    node_venv_lib_python3_12_site-packages_PyQt6_Qt6_qml_QtQuick --> node_venv_lib_python3_12_site-packages_PyQt6_Qt6_qml_QtQuick_Controls["Controls"]\n    node_venv_lib_python3_12_site-packages_PyQt6_Qt6_qml_QtQuick_Controls --> node_venv_lib_python3_12_site-packages_PyQt6_Qt6_qml_QtQuick_Controls_FluentWinUI3["FluentWinUI3"]\n    node_venv_lib_python3_12_site-packages_PyQt6_Qt6_qml_QtQuick_Controls_FluentWinUI3 --> node_venv_lib_python3_12_site-packages_PyQt6_Qt6_qml_QtQuick_Controls_FluentWinUI3_light["light"]\n    node_venv_lib_python3_12_site-packages_PyQt6_Qt6_qml_QtQuick_Controls_FluentWinUI3_light --> node_venv_lib_python3_12_site-packages_PyQt6_Qt6_qml_QtQuick_Controls_FluentWinUI3_light_images["images"]\n    node_venv_lib_python3_12_site-packages_PyQt6_Qt6_qml_QtQuick_Controls_FluentWinUI3_light_images --> node_venv_lib_python3_12_site-packages_PyQt6_Qt6_qml_QtQuick_Controls_FluentWinUI3_light_images_checkbox-indicator-checked-hovered_png["checkbox-indicator-checked-hovered.png"]\n    Root --> node_venv["venv"]\n    node_venv --> node_venv_lib["lib"]\n    node_venv_lib --> node_venv_lib_python3_12["python3.12"]\n    node_venv_lib_python3_12 --> node_venv_lib_python3_12_site-packages["site-packages"]\n    node_venv_lib_python3_12_site-packages --> node_venv_lib_python3_12_site-packages_PyQt6["PyQt6"]\n    node_venv_lib_python3_12_site-packages_PyQt6 --> node_venv_lib_python3_12_site-packages_PyQt6_Qt6["Qt6"]\n    node_venv_lib_python3_12_site-packages_PyQt6_Qt6 --> node_venv_lib_python3_12_site-packages_PyQt6_Qt6_qml["qml"]\n    node_venv_lib_python3_12_site-packages_PyQt6_Qt6_qml --> node_venv_lib_python3_12_site-packages_PyQt6_Qt6_qml_QtQuick["QtQuick"]\n    node_venv_lib_python3_12_site-packages_PyQt6_Qt6_qml_QtQuick --> node_venv_lib_python3_12_site-packages_PyQt6_Qt6_qml_QtQuick_Controls["Controls"]\n    node_venv_lib_python3_12_site-packages_PyQt6_Qt6_qml_QtQuick_Controls --> node_venv_lib_python3_12_site-packages_PyQt6_Qt6_qml_QtQuick_Controls_FluentWinUI3["FluentWinUI3"]\n    node_venv_lib_python3_12_site-packages_PyQt6_Qt6_qml_QtQuick_Controls_FluentWinUI3 --> node_venv_lib_python3_12_site-packages_PyQt6_Qt6_qml_QtQuick_Controls_FluentWinUI3_light["light"]\n    node_venv_lib_python3_12_site-packages_PyQt6_Qt6_qml_QtQuick_Controls_FluentWinUI3_light --> node_venv_lib_python3_12_site-packages_PyQt6_Qt6_qml_QtQuick_Controls_FluentWinUI3_light_images["images"]\n    node_venv_lib_python3_12_site-packages_PyQt6_Qt6_qml_QtQuick_Controls_FluentWinUI3_light_images --> node_venv_lib_python3_12_site-packages_PyQt6_Qt6_qml_QtQuick_Controls_FluentWinUI3_light_images_checkbox-indicator-checked-hovered@2x_png["checkbox-indicator-checked-hovered@2x.png"]\n    Root --> node_venv["venv"]\n    node_venv --> node_venv_lib["lib"]\n    node_venv_lib --> node_venv_lib_python3_12["python3.12"]\n    node_venv_lib_python3_12 --> node_venv_lib_python3_12_site-packages["site-packages"]\n    node_venv_lib_python3_12_site-packages --> node_venv_lib_python3_12_site-packages_PyQt6["PyQt6"]\n    node_venv_lib_python3_12_site-packages_PyQt6 --> node_venv_lib_python3_12_site-packages_PyQt6_Qt6["Qt6"]\n    node_venv_lib_python3_12_site-packages_PyQt6_Qt6 --> node_venv_lib_python3_12_site-packages_PyQt6_Qt6_qml["qml"]\n    node_venv_lib_python3_12_site-packages_PyQt6_Qt6_qml --> node_venv_lib_python3_12_site-packages_PyQt6_Qt6_qml_QtQuick["QtQuick"]\n    node_venv_lib_python3_12_site-packages_PyQt6_Qt6_qml_QtQuick --> node_venv_lib_python3_12_site-packages_PyQt6_Qt6_qml_QtQuick_Controls["Controls"]\n    node_venv_lib_python3_12_site-packages_PyQt6_Qt6_qml_QtQuick_Controls --> node_venv_lib_python3_12_site-packages_PyQt6_Qt6_qml_QtQuick_Controls_FluentWinUI3["FluentWinUI3"]\n    node_venv_lib_python3_12_site-packages_PyQt6_Qt6_qml_QtQuick_Controls_FluentWinUI3 --> node_venv_lib_python3_12_site-packages_PyQt6_Qt6_qml_QtQuick_Controls_FluentWinUI3_light["light"]\n    node_venv_lib_python3_12_site-packages_PyQt6_Qt6_qml_QtQuick_Controls_FluentWinUI3_light --> node_venv_lib_python3_12_site-packages_PyQt6_Qt6_qml_QtQuick_Controls_FluentWinUI3_light_images["images"]\n    node_venv_lib_python3_12_site-packages_PyQt6_Qt6_qml_QtQuick_Controls_FluentWinUI3_light_images --> node_venv_lib_python3_12_site-packages_PyQt6_Qt6_qml_QtQuick_Controls_FluentWinUI3_light_images_checkbox-indicator-checked-hovered@3x_png["checkbox-indicator-checked-hovered@3x.png"]\n    Root --> node_venv["venv"]\n    node_venv --> node_venv_lib["lib"]\n    node_venv_lib --> node_venv_lib_python3_12["python3.12"]\n    node_venv_lib_python3_12 --> node_venv_lib_python3_12_site-packages["site-packages"]\n    node_venv_lib_python3_12_site-packages --> node_venv_lib_python3_12_site-packages_PyQt6["PyQt6"]\n    node_venv_lib_python3_12_site-packages_PyQt6 --> node_venv_lib_python3_12_site-packages_PyQt6_Qt6["Qt6"]\n    node_venv_lib_python3_12_site-packages_PyQt6_Qt6 --> node_venv_lib_python3_12_site-packages_PyQt6_Qt6_qml["qml"]\n    node_venv_lib_python3_12_site-packages_PyQt6_Qt6_qml --> node_venv_lib_python3_12_site-packages_PyQt6_Qt6_qml_QtQuick["QtQuick"]\n    node_venv_lib_python3_12_site-packages_PyQt6_Qt6_qml_QtQuick --> node_venv_lib_python3_12_site-packages_PyQt6_Qt6_qml_QtQuick_Controls["Controls"]\n    node_venv_lib_python3_12_site-packages_PyQt6_Qt6_qml_QtQuick_Controls --> node_venv_lib_python3_12_site-packages_PyQt6_Qt6_qml_QtQuick_Controls_FluentWinUI3["FluentWinUI3"]\n    node_venv_lib_python3_12_site-packages_PyQt6_Qt6_qml_QtQuick_Controls_FluentWinUI3 --> node_venv_lib_python3_12_site-packages_PyQt6_Qt6_qml_QtQuick_Controls_FluentWinUI3_light["light"]\n    node_venv_lib_python3_12_site-packages_PyQt6_Qt6_qml_QtQuick_Controls_FluentWinUI3_light --> node_venv_lib_python3_12_site-packages_PyQt6_Qt6_qml_QtQuick_Controls_FluentWinUI3_light_images["images"]\n    node_venv_lib_python3_12_site-packages_PyQt6_Qt6_qml_QtQuick_Controls_FluentWinUI3_light_images --> node_venv_lib_python3_12_site-packages_PyQt6_Qt6_qml_QtQuick_Controls_FluentWinUI3_light_images_checkbox-indicator-checked-pressed_png["checkbox-indicator-checked-pressed.png"]\n    Root --> node_venv["venv"]\n    node_venv --> node_venv_lib["lib"]\n    node_venv_lib --> node_venv_lib_python3_12["python3.12"]\n    node_venv_lib_python3_12 --> node_venv_lib_python3_12_site-packages["site-packages"]\n    node_venv_lib_python3_12_site-packages --> node_venv_lib_python3_12_site-packages_PyQt6["PyQt6"]\n    node_venv_lib_python3_12_site-packages_PyQt6 --> node_venv_lib_python3_12_site-packages_PyQt6_Qt6["Qt6"]\n    node_venv_lib_python3_12_site-packages_PyQt6_Qt6 --> node_venv_lib_python3_12_site-packages_PyQt6_Qt6_qml["qml"]\n    node_venv_lib_python3_12_site-packages_PyQt6_Qt6_qml --> node_venv_lib_python3_12_site-packages_PyQt6_Qt6_qml_QtQuick["QtQuick"]\n    node_venv_lib_python3_12_site-packages_PyQt6_Qt6_qml_QtQuick --> node_venv_lib_python3_12_site-packages_PyQt6_Qt6_qml_QtQuick_Controls["Controls"]\n    node_venv_lib_python3_12_site-packages_PyQt6_Qt6_qml_QtQuick_Controls --> node_venv_lib_python3_12_site-packages_PyQt6_Qt6_qml_QtQuick_Controls_FluentWinUI3["FluentWinUI3"]\n    node_venv_lib_python3_12_site-packages_PyQt6_Qt6_qml_QtQuick_Controls_FluentWinUI3 --> node_venv_lib_python3_12_site-packages_PyQt6_Qt6_qml_QtQuick_Controls_FluentWinUI3_light["light"]\n    node_venv_lib_python3_12_site-packages_PyQt6_Qt6_qml_QtQuick_Controls_FluentWinUI3_light --> node_venv_lib_python3_12_site-packages_PyQt6_Qt6_qml_QtQuick_Controls_FluentWinUI3_light_images["images"]\n    node_venv_lib_python3_12_site-packages_PyQt6_Qt6_qml_QtQuick_Controls_FluentWinUI3_light_images --> node_venv_lib_python3_12_site-packages_PyQt6_Qt6_qml_QtQuick_Controls_FluentWinUI3_light_images_checkbox-indicator-checked-pressed@2x_png["checkbox-indicator-checked-pressed@2x.png"]\n    Root --> node_venv["venv"]\n    node_venv --> node_venv_lib["lib"]\n    node_venv_lib --> node_venv_lib_python3_12["python3.12"]\n    node_venv_lib_python3_12 --> node_venv_lib_python3_12_site-packages["site-packages"]\n    node_venv_lib_python3_12_site-packages --> node_venv_lib_python3_12_site-packages_PyQt6["PyQt6"]\n    node_venv_lib_python3_12_site-packages_PyQt6 --> node_venv_lib_python3_12_site-packages_PyQt6_Qt6["Qt6"]\n    node_venv_lib_python3_12_site-packages_PyQt6_Qt6 --> node_venv_lib_python3_12_site-packages_PyQt6_Qt6_qml["qml"]\n    node_venv_lib_python3_12_site-packages_PyQt6_Qt6_qml --> node_venv_lib_python3_12_site-packages_PyQt6_Qt6_qml_QtQuick["QtQuick"]\n    node_venv_lib_python3_12_site-packages_PyQt6_Qt6_qml_QtQuick --> node_venv_lib_python3_12_site-packages_PyQt6_Qt6_qml_QtQuick_Controls["Controls"]\n    node_venv_lib_python3_12_site-packages_PyQt6_Qt6_qml_QtQuick_Controls --> node_venv_lib_python3_12_site-packages_PyQt6_Qt6_qml_QtQuick_Controls_FluentWinUI3["FluentWinUI3"]\n    node_venv_lib_python3_12_site-packages_PyQt6_Qt6_qml_QtQuick_Controls_FluentWinUI3 --> node_venv_lib_python3_12_site-packages_PyQt6_Qt6_qml_QtQuick_Controls_FluentWinUI3_light["light"]\n    node_venv_lib_python3_12_site-packages_PyQt6_Qt6_qml_QtQuick_Controls_FluentWinUI3_light --> node_venv_lib_python3_12_site-packages_PyQt6_Qt6_qml_QtQuick_Controls_FluentWinUI3_light_images["images"]\n    node_venv_lib_python3_12_site-packages_PyQt6_Qt6_qml_QtQuick_Controls_FluentWinUI3_light_images --> node_venv_lib_python3_12_site-packages_PyQt6_Qt6_qml_QtQuick_Controls_FluentWinUI3_light_images_checkbox-indicator-checked-pressed@3x_png["checkbox-indicator-checked-pressed@3x.png"]\n    Root --> node_venv["venv"]\n    node_venv --> node_venv_lib["lib"]\n    node_venv_lib --> node_venv_lib_python3_12["python3.12"]\n    node_venv_lib_python3_12 --> node_venv_lib_python3_12_site-packages["site-packages"]\n    node_venv_lib_python3_12_site-packages --> node_venv_lib_python3_12_site-packages_PyQt6["PyQt6"]\n    node_venv_lib_python3_12_site-packages_PyQt6 --> node_venv_lib_python3_12_site-packages_PyQt6_Qt6["Qt6"]\n    node_venv_lib_python3_12_site-packages_PyQt6_Qt6 --> node_venv_lib_python3_12_site-packages_PyQt6_Qt6_qml["qml"]\n    node_venv_lib_python3_12_site-packages_PyQt6_Qt6_qml --> node_venv_lib_python3_12_site-packages_PyQt6_Qt6_qml_QtQuick["QtQuick"]\n    node_venv_lib_python3_12_site-packages_PyQt6_Qt6_qml_QtQuick --> node_venv_lib_python3_12_site-packages_PyQt6_Qt6_qml_QtQuick_Controls["Controls"]\n    node_venv_lib_python3_12_site-packages_PyQt6_Qt6_qml_QtQuick_Controls --> node_venv_lib_python3_12_site-packages_PyQt6_Qt6_qml_QtQuick_Controls_FluentWinUI3["FluentWinUI3"]\n    node_venv_lib_python3_12_site-packages_PyQt6_Qt6_qml_QtQuick_Controls_FluentWinUI3 --> node_venv_lib_python3_12_site-packages_PyQt6_Qt6_qml_QtQuick_Controls_FluentWinUI3_light["light"]\n    node_venv_lib_python3_12_site-packages_PyQt6_Qt6_qml_QtQuick_Controls_FluentWinUI3_light --> node_venv_lib_python3_12_site-packages_PyQt6_Qt6_qml_QtQuick_Controls_FluentWinUI3_light_images["images"]\n    node_venv_lib_python3_12_site-packages_PyQt6_Qt6_qml_QtQuick_Controls_FluentWinUI3_light_images --> node_venv_lib_python3_12_site-packages_PyQt6_Qt6_qml_QtQuick_Controls_FluentWinUI3_light_images_checkbox-indicator-checked_png["checkbox-indicator-checked.png"]\n    Root --> node_venv["venv"]\n    node_venv --> node_venv_lib["lib"]\n    node_venv_lib --> node_venv_lib_python3_12["python3.12"]\n    node_venv_lib_python3_12 --> node_venv_lib_python3_12_site-packages["site-packages"]\n    node_venv_lib_python3_12_site-packages --> node_venv_lib_python3_12_site-packages_PyQt6["PyQt6"]\n    node_venv_lib_python3_12_site-packages_PyQt6 --> node_venv_lib_python3_12_site-packages_PyQt6_Qt6["Qt6"]\n    node_venv_lib_python3_12_site-packages_PyQt6_Qt6 --> node_venv_lib_python3_12_site-packages_PyQt6_Qt6_qml["qml"]\n    node_venv_lib_python3_12_site-packages_PyQt6_Qt6_qml --> node_venv_lib_python3_12_site-packages_PyQt6_Qt6_qml_QtQuick["QtQuick"]\n    node_venv_lib_python3_12_site-packages_PyQt6_Qt6_qml_QtQuick --> node_venv_lib_python3_12_site-packages_PyQt6_Qt6_qml_QtQuick_Controls["Controls"]\n    node_venv_lib_python3_12_site-packages_PyQt6_Qt6_qml_QtQuick_Controls --> node_venv_lib_python3_12_site-packages_PyQt6_Qt6_qml_QtQuick_Controls_FluentWinUI3["FluentWinUI3"]\n    node_venv_lib_python3_12_site-packages_PyQt6_Qt6_qml_QtQuick_Controls_FluentWinUI3 --> node_venv_lib_python3_12_site-packages_PyQt6_Qt6_qml_QtQuick_Controls_FluentWinUI3_light["light"]\n    node_venv_lib_python3_12_site-packages_PyQt6_Qt6_qml_QtQuick_Controls_FluentWinUI3_light --> node_venv_lib_python3_12_site-packages_PyQt6_Qt6_qml_QtQuick_Controls_FluentWinUI3_light_images["images"]\n    node_venv_lib_python3_12_site-packages_PyQt6_Qt6_qml_QtQuick_Controls_FluentWinUI3_light_images --> node_venv_lib_python3_12_site-packages_PyQt6_Qt6_qml_QtQuick_Controls_FluentWinUI3_light_images_checkbox-indicator-checked@2x_png["checkbox-indicator-checked@2x.png"]\n    Root --> node_venv["venv"]\n    node_venv --> node_venv_lib["lib"]\n    node_venv_lib --> node_venv_lib_python3_12["python3.12"]\n    node_venv_lib_python3_12 --> node_venv_lib_python3_12_site-packages["site-packages"]\n    node_venv_lib_python3_12_site-packages --> node_venv_lib_python3_12_site-packages_PyQt6["PyQt6"]\n    node_venv_lib_python3_12_site-packages_PyQt6 --> node_venv_lib_python3_12_site-packages_PyQt6_Qt6["Qt6"]\n    node_venv_lib_python3_12_site-packages_PyQt6_Qt6 --> node_venv_lib_python3_12_site-packages_PyQt6_Qt6_qml["qml"]\n    node_venv_lib_python3_12_site-packages_PyQt6_Qt6_qml --> node_venv_lib_python3_12_site-packages_PyQt6_Qt6_qml_QtQuick["QtQuick"]\n    node_venv_lib_python3_12_site-packages_PyQt6_Qt6_qml_QtQuick --> node_venv_lib_python3_12_site-packages_PyQt6_Qt6_qml_QtQuick_Controls["Controls"]\n    node_venv_lib_python3_12_site-packages_PyQt6_Qt6_qml_QtQuick_Controls --> node_venv_lib_python3_12_site-packages_PyQt6_Qt6_qml_QtQuick_Controls_FluentWinUI3["FluentWinUI3"]\n    node_venv_lib_python3_12_site-packages_PyQt6_Qt6_qml_QtQuick_Controls_FluentWinUI3 --> node_venv_lib_python3_12_site-packages_PyQt6_Qt6_qml_QtQuick_Controls_FluentWinUI3_light["light"]\n    node_venv_lib_python3_12_site-packages_PyQt6_Qt6_qml_QtQuick_Controls_FluentWinUI3_light --> node_venv_lib_python3_12_site-packages_PyQt6_Qt6_qml_QtQuick_Controls_FluentWinUI3_light_images["images"]\n    node_venv_lib_python3_12_site-packages_PyQt6_Qt6_qml_QtQuick_Controls_FluentWinUI3_light_images --> node_venv_lib_python3_12_site-packages_PyQt6_Qt6_qml_QtQuick_Controls_FluentWinUI3_light_images_checkbox-indicator-checked@3x_png["checkbox-indicator-checked@3x.png"]\n    Root --> node_venv["venv"]\n    node_venv --> node_venv_lib["lib"]\n    node_venv_lib --> node_venv_lib_python3_12["python3.12"]\n    node_venv_lib_python3_12 --> node_venv_lib_python3_12_site-packages["site-packages"]\n    node_venv_lib_python3_12_site-packages --> node_venv_lib_python3_12_site-packages_PyQt6["PyQt6"]\n    node_venv_lib_python3_12_site-packages_PyQt6 --> node_venv_lib_python3_12_site-packages_PyQt6_Qt6["Qt6"]\n    node_venv_lib_python3_12_site-packages_PyQt6_Qt6 --> node_venv_lib_python3_12_site-packages_PyQt6_Qt6_qml["qml"]\n    node_venv_lib_python3_12_site-packages_PyQt6_Qt6_qml --> node_venv_lib_python3_12_site-packages_PyQt6_Qt6_qml_QtQuick["QtQuick"]\n    node_venv_lib_python3_12_site-packages_PyQt6_Qt6_qml_QtQuick --> node_venv_lib_python3_12_site-packages_PyQt6_Qt6_qml_QtQuick_Controls["Controls"]\n    node_venv_lib_python3_12_site-packages_PyQt6_Qt6_qml_QtQuick_Controls --> node_venv_lib_python3_12_site-packages_PyQt6_Qt6_qml_QtQuick_Controls_FluentWinUI3["FluentWinUI3"]\n    node_venv_lib_python3_12_site-packages_PyQt6_Qt6_qml_QtQuick_Controls_FluentWinUI3 --> node_venv_lib_python3_12_site-packages_PyQt6_Qt6_qml_QtQuick_Controls_FluentWinUI3_light["light"]\n    node_venv_lib_python3_12_site-packages_PyQt6_Qt6_qml_QtQuick_Controls_FluentWinUI3_light --> node_venv_lib_python3_12_site-packages_PyQt6_Qt6_qml_QtQuick_Controls_FluentWinUI3_light_images["images"]\n    node_venv_lib_python3_12_site-packages_PyQt6_Qt6_qml_QtQuick_Controls_FluentWinUI3_light_images --> node_venv_lib_python3_12_site-packages_PyQt6_Qt6_qml_QtQuick_Controls_FluentWinUI3_light_images_checkbox-indicator-disabled-partiallyChecked_png["checkbox-indicator-disabled-partiallyChecked.png"]\n    Root --> node_venv["venv"]\n    node_venv --> node_venv_lib["lib"]\n    node_venv_lib --> node_venv_lib_python3_12["python3.12"]\n    node_venv_lib_python3_12 --> node_venv_lib_python3_12_site-packages["site-packages"]\n    node_venv_lib_python3_12_site-packages --> node_venv_lib_python3_12_site-packages_PyQt6["PyQt6"]\n    node_venv_lib_python3_12_site-packages_PyQt6 --> node_venv_lib_python3_12_site-packages_PyQt6_Qt6["Qt6"]\n    node_venv_lib_python3_12_site-packages_PyQt6_Qt6 --> node_venv_lib_python3_12_site-packages_PyQt6_Qt6_qml["qml"]\n    node_venv_lib_python3_12_site-packages_PyQt6_Qt6_qml --> node_venv_lib_python3_12_site-packages_PyQt6_Qt6_qml_QtQuick["QtQuick"]\n    node_venv_lib_python3_12_site-packages_PyQt6_Qt6_qml_QtQuick --> node_venv_lib_python3_12_site-packages_PyQt6_Qt6_qml_QtQuick_Controls["Controls"]\n    node_venv_lib_python3_12_site-packages_PyQt6_Qt6_qml_QtQuick_Controls --> node_venv_lib_python3_12_site-packages_PyQt6_Qt6_qml_QtQuick_Controls_FluentWinUI3["FluentWinUI3"]\n    node_venv_lib_python3_12_site-packages_PyQt6_Qt6_qml_QtQuick_Controls_FluentWinUI3 --> node_venv_lib_python3_12_site-packages_PyQt6_Qt6_qml_QtQuick_Controls_FluentWinUI3_light["light"]\n    node_venv_lib_python3_12_site-packages_PyQt6_Qt6_qml_QtQuick_Controls_FluentWinUI3_light --> node_venv_lib_python3_12_site-packages_PyQt6_Qt6_qml_QtQuick_Controls_FluentWinUI3_light_images["images"]\n    node_venv_lib_python3_12_site-packages_PyQt6_Qt6_qml_QtQuick_Controls_FluentWinUI3_light_images --> node_venv_lib_python3_12_site-packages_PyQt6_Qt6_qml_QtQuick_Controls_FluentWinUI3_light_images_checkbox-indicator-disabled-partiallyChecked@2x_png["checkbox-indicator-disabled-partiallyChecked@2x.png"]\n    Root --> node_venv["venv"]\n    node_venv --> node_venv_lib["lib"]\n    node_venv_lib --> node_venv_lib_python3_12["python3.12"]\n    node_venv_lib_python3_12 --> node_venv_lib_python3_12_site-packages["site-packages"]\n    node_venv_lib_python3_12_site-packages --> node_venv_lib_python3_12_site-packages_PyQt6["PyQt6"]\n    node_venv_lib_python3_12_site-packages_PyQt6 --> node_venv_lib_python3_12_site-packages_PyQt6_Qt6["Qt6"]\n    node_venv_lib_python3_12_site-packages_PyQt6_Qt6 --> node_venv_lib_python3_12_site-packages_PyQt6_Qt6_qml["qml"]\n    node_venv_lib_python3_12_site-packages_PyQt6_Qt6_qml --> node_venv_lib_python3_12_site-packages_PyQt6_Qt6_qml_QtQuick["QtQuick"]\n    node_venv_lib_python3_12_site-packages_PyQt6_Qt6_qml_QtQuick --> node_venv_lib_python3_12_site-packages_PyQt6_Qt6_qml_QtQuick_Controls["Controls"]\n    node_venv_lib_python3_12_site-packages_PyQt6_Qt6_qml_QtQuick_Controls --> node_venv_lib_python3_12_site-packages_PyQt6_Qt6_qml_QtQuick_Controls_FluentWinUI3["FluentWinUI3"]\n    node_venv_lib_python3_12_site-packages_PyQt6_Qt6_qml_QtQuick_Controls_FluentWinUI3 --> node_venv_lib_python3_12_site-packages_PyQt6_Qt6_qml_QtQuick_Controls_FluentWinUI3_light["light"]\n    node_venv_lib_python3_12_site-packages_PyQt6_Qt6_qml_QtQuick_Controls_FluentWinUI3_light --> node_venv_lib_python3_12_site-packages_PyQt6_Qt6_qml_QtQuick_Controls_FluentWinUI3_light_images["images"]\n    node_venv_lib_python3_12_site-packages_PyQt6_Qt6_qml_QtQuick_Controls_FluentWinUI3_light_images --> node_venv_lib_python3_12_site-packages_PyQt6_Qt6_qml_QtQuick_Controls_FluentWinUI3_light_images_checkbox-indicator-disabled-partiallyChecked@3x_png["checkbox-indicator-disabled-partiallyChecked@3x.png"]\n    Root --> node_venv["venv"]\n    node_venv --> node_venv_lib["lib"]\n    node_venv_lib --> node_venv_lib_python3_12["python3.12"]\n    node_venv_lib_python3_12 --> node_venv_lib_python3_12_site-packages["site-packages"]\n    node_venv_lib_python3_12_site-packages --> node_venv_lib_python3_12_site-packages_PyQt6["PyQt6"]\n    node_venv_lib_python3_12_site-packages_PyQt6 --> node_venv_lib_python3_12_site-packages_PyQt6_Qt6["Qt6"]\n    node_venv_lib_python3_12_site-packages_PyQt6_Qt6 --> node_venv_lib_python3_12_site-packages_PyQt6_Qt6_qml["qml"]\n    node_venv_lib_python3_12_site-packages_PyQt6_Qt6_qml --> node_venv_lib_python3_12_site-packages_PyQt6_Qt6_qml_QtQuick["QtQuick"]\n    node_venv_lib_python3_12_site-packages_PyQt6_Qt6_qml_QtQuick --> node_venv_lib_python3_12_site-packages_PyQt6_Qt6_qml_QtQuick_Controls["Controls"]\n    node_venv_lib_python3_12_site-packages_PyQt6_Qt6_qml_QtQuick_Controls --> node_venv_lib_python3_12_site-packages_PyQt6_Qt6_qml_QtQuick_Controls_FluentWinUI3["FluentWinUI3"]\n    node_venv_lib_python3_12_site-packages_PyQt6_Qt6_qml_QtQuick_Controls_FluentWinUI3 --> node_venv_lib_python3_12_site-packages_PyQt6_Qt6_qml_QtQuick_Controls_FluentWinUI3_light["light"]\n    node_venv_lib_python3_12_site-packages_PyQt6_Qt6_qml_QtQuick_Controls_FluentWinUI3_light --> node_venv_lib_python3_12_site-packages_PyQt6_Qt6_qml_QtQuick_Controls_FluentWinUI3_light_images["images"]\n    node_venv_lib_python3_12_site-packages_PyQt6_Qt6_qml_QtQuick_Controls_FluentWinUI3_light_images --> node_venv_lib_python3_12_site-packages_PyQt6_Qt6_qml_QtQuick_Controls_FluentWinUI3_light_images_checkbox-indicator-disabled_png["checkbox-indicator-disabled.png"]\n    Root --> node_venv["venv"]\n    node_venv --> node_venv_lib["lib"]\n    node_venv_lib --> node_venv_lib_python3_12["python3.12"]\n    node_venv_lib_python3_12 --> node_venv_lib_python3_12_site-packages["site-packages"]\n    node_venv_lib_python3_12_site-packages --> node_venv_lib_python3_12_site-packages_PyQt6["PyQt6"]\n    node_venv_lib_python3_12_site-packages_PyQt6 --> node_venv_lib_python3_12_site-packages_PyQt6_Qt6["Qt6"]\n    node_venv_lib_python3_12_site-packages_PyQt6_Qt6 --> node_venv_lib_python3_12_site-packages_PyQt6_Qt6_qml["qml"]\n    node_venv_lib_python3_12_site-packages_PyQt6_Qt6_qml --> node_venv_lib_python3_12_site-packages_PyQt6_Qt6_qml_QtQuick["QtQuick"]\n    node_venv_lib_python3_12_site-packages_PyQt6_Qt6_qml_QtQuick --> node_venv_lib_python3_12_site-packages_PyQt6_Qt6_qml_QtQuick_Controls["Controls"]\n    node_venv_lib_python3_12_site-packages_PyQt6_Qt6_qml_QtQuick_Controls --> node_venv_lib_python3_12_site-packages_PyQt6_Qt6_qml_QtQuick_Controls_FluentWinUI3["FluentWinUI3"]\n    node_venv_lib_python3_12_site-packages_PyQt6_Qt6_qml_QtQuick_Controls_FluentWinUI3 --> node_venv_lib_python3_12_site-packages_PyQt6_Qt6_qml_QtQuick_Controls_FluentWinUI3_light["light"]\n    node_venv_lib_python3_12_site-packages_PyQt6_Qt6_qml_QtQuick_Controls_FluentWinUI3_light --> node_venv_lib_python3_12_site-packages_PyQt6_Qt6_qml_QtQuick_Controls_FluentWinUI3_light_images["images"]\n    node_venv_lib_python3_12_site-packages_PyQt6_Qt6_qml_QtQuick_Controls_FluentWinUI3_light_images --> node_venv_lib_python3_12_site-packages_PyQt6_Qt6_qml_QtQuick_Controls_FluentWinUI3_light_images_checkbox-indicator-disabled@2x_png["checkbox-indicator-disabled@2x.png"]\n    Root --> node_venv["venv"]\n    node_venv --> node_venv_lib["lib"]\n    node_venv_lib --> node_venv_lib_python3_12["python3.12"]\n    node_venv_lib_python3_12 --> node_venv_lib_python3_12_site-packages["site-packages"]\n    node_venv_lib_python3_12_site-packages --> node_venv_lib_python3_12_site-packages_PyQt6["PyQt6"]\n    node_venv_lib_python3_12_site-packages_PyQt6 --> node_venv_lib_python3_12_site-packages_PyQt6_Qt6["Qt6"]\n    node_venv_lib_python3_12_site-packages_PyQt6_Qt6 --> node_venv_lib_python3_12_site-packages_PyQt6_Qt6_qml["qml"]\n    node_venv_lib_python3_12_site-packages_PyQt6_Qt6_qml --> node_venv_lib_python3_12_site-packages_PyQt6_Qt6_qml_QtQuick["QtQuick"]\n    node_venv_lib_python3_12_site-packages_PyQt6_Qt6_qml_QtQuick --> node_venv_lib_python3_12_site-packages_PyQt6_Qt6_qml_QtQuick_Controls["Controls"]\n    node_venv_lib_python3_12_site-packages_PyQt6_Qt6_qml_QtQuick_Controls --> node_venv_lib_python3_12_site-packages_PyQt6_Qt6_qml_QtQuick_Controls_FluentWinUI3["FluentWinUI3"]\n    node_venv_lib_python3_12_site-packages_PyQt6_Qt6_qml_QtQuick_Controls_FluentWinUI3 --> node_venv_lib_python3_12_site-packages_PyQt6_Qt6_qml_QtQuick_Controls_FluentWinUI3_light["light"]\n    node_venv_lib_python3_12_site-packages_PyQt6_Qt6_qml_QtQuick_Controls_FluentWinUI3_light --> node_venv_lib_python3_12_site-packages_PyQt6_Qt6_qml_QtQuick_Controls_FluentWinUI3_light_images["images"]\n    node_venv_lib_python3_12_site-packages_PyQt6_Qt6_qml_QtQuick_Controls_FluentWinUI3_light_images --> node_venv_lib_python3_12_site-packages_PyQt6_Qt6_qml_QtQuick_Controls_FluentWinUI3_light_images_checkbox-indicator-disabled@3x_png["checkbox-indicator-disabled@3x.png"]\n    Root --> node_venv["venv"]\n    node_venv --> node_venv_lib["lib"]\n    node_venv_lib --> node_venv_lib_python3_12["python3.12"]\n    node_venv_lib_python3_12 --> node_venv_lib_python3_12_site-packages["site-packages"]\n    node_venv_lib_python3_12_site-packages --> node_venv_lib_python3_12_site-packages_PyQt6["PyQt6"]\n    node_venv_lib_python3_12_site-packages_PyQt6 --> node_venv_lib_python3_12_site-packages_PyQt6_Qt6["Qt6"]\n    node_venv_lib_python3_12_site-packages_PyQt6_Qt6 --> node_venv_lib_python3_12_site-packages_PyQt6_Qt6_qml["qml"]\n    node_venv_lib_python3_12_site-packages_PyQt6_Qt6_qml --> node_venv_lib_python3_12_site-packages_PyQt6_Qt6_qml_QtQuick["QtQuick"]\n    node_venv_lib_python3_12_site-packages_PyQt6_Qt6_qml_QtQuick --> node_venv_lib_python3_12_site-packages_PyQt6_Qt6_qml_QtQuick_Controls["Controls"]\n    node_venv_lib_python3_12_site-packages_PyQt6_Qt6_qml_QtQuick_Controls --> node_venv_lib_python3_12_site-packages_PyQt6_Qt6_qml_QtQuick_Controls_FluentWinUI3["FluentWinUI3"]\n    node_venv_lib_python3_12_site-packages_PyQt6_Qt6_qml_QtQuick_Controls_FluentWinUI3 --> node_venv_lib_python3_12_site-packages_PyQt6_Qt6_qml_QtQuick_Controls_FluentWinUI3_light["light"]\n    node_venv_lib_python3_12_site-packages_PyQt6_Qt6_qml_QtQuick_Controls_FluentWinUI3_light --> node_venv_lib_python3_12_site-packages_PyQt6_Qt6_qml_QtQuick_Controls_FluentWinUI3_light_images["images"]\n    node_venv_lib_python3_12_site-packages_PyQt6_Qt6_qml_QtQuick_Controls_FluentWinUI3_light_images --> node_venv_lib_python3_12_site-packages_PyQt6_Qt6_qml_QtQuick_Controls_FluentWinUI3_light_images_checkbox-indicator-hovered-partiallyChecked_png["checkbox-indicator-hovered-partiallyChecked.png"]\n    Root --> node_venv["venv"]\n    node_venv --> node_venv_lib["lib"]\n    node_venv_lib --> node_venv_lib_python3_12["python3.12"]\n    node_venv_lib_python3_12 --> node_venv_lib_python3_12_site-packages["site-packages"]\n    node_venv_lib_python3_12_site-packages --> node_venv_lib_python3_12_site-packages_PyQt6["PyQt6"]\n    node_venv_lib_python3_12_site-packages_PyQt6 --> node_venv_lib_python3_12_site-packages_PyQt6_Qt6["Qt6"]\n    node_venv_lib_python3_12_site-packages_PyQt6_Qt6 --> node_venv_lib_python3_12_site-packages_PyQt6_Qt6_qml["qml"]\n    node_venv_lib_python3_12_site-packages_PyQt6_Qt6_qml --> node_venv_lib_python3_12_site-packages_PyQt6_Qt6_qml_QtQuick["QtQuick"]\n    node_venv_lib_python3_12_site-packages_PyQt6_Qt6_qml_QtQuick --> node_venv_lib_python3_12_site-packages_PyQt6_Qt6_qml_QtQuick_Controls["Controls"]\n    node_venv_lib_python3_12_site-packages_PyQt6_Qt6_qml_QtQuick_Controls --> node_venv_lib_python3_12_site-packages_PyQt6_Qt6_qml_QtQuick_Controls_FluentWinUI3["FluentWinUI3"]\n    node_venv_lib_python3_12_site-packages_PyQt6_Qt6_qml_QtQuick_Controls_FluentWinUI3 --> node_venv_lib_python3_12_site-packages_PyQt6_Qt6_qml_QtQuick_Controls_FluentWinUI3_light["light"]\n    node_venv_lib_python3_12_site-packages_PyQt6_Qt6_qml_QtQuick_Controls_FluentWinUI3_light --> node_venv_lib_python3_12_site-packages_PyQt6_Qt6_qml_QtQuick_Controls_FluentWinUI3_light_images["images"]\n    node_venv_lib_python3_12_site-packages_PyQt6_Qt6_qml_QtQuick_Controls_FluentWinUI3_light_images --> node_venv_lib_python3_12_site-packages_PyQt6_Qt6_qml_QtQuick_Controls_FluentWinUI3_light_images_checkbox-indicator-hovered-partiallyChecked@2x_png["checkbox-indicator-hovered-partiallyChecked@2x.png"]\n    Root --> node_venv["venv"]\n    node_venv --> node_venv_lib["lib"]\n    node_venv_lib --> node_venv_lib_python3_12["python3.12"]\n    node_venv_lib_python3_12 --> node_venv_lib_python3_12_site-packages["site-packages"]\n    node_venv_lib_python3_12_site-packages --> node_venv_lib_python3_12_site-packages_PyQt6["PyQt6"]\n    node_venv_lib_python3_12_site-packages_PyQt6 --> node_venv_lib_python3_12_site-packages_PyQt6_Qt6["Qt6"]\n    node_venv_lib_python3_12_site-packages_PyQt6_Qt6 --> node_venv_lib_python3_12_site-packages_PyQt6_Qt6_qml["qml"]\n    node_venv_lib_python3_12_site-packages_PyQt6_Qt6_qml --> node_venv_lib_python3_12_site-packages_PyQt6_Qt6_qml_QtQuick["QtQuick"]\n    node_venv_lib_python3_12_site-packages_PyQt6_Qt6_qml_QtQuick --> node_venv_lib_python3_12_site-packages_PyQt6_Qt6_qml_QtQuick_Controls["Controls"]\n    node_venv_lib_python3_12_site-packages_PyQt6_Qt6_qml_QtQuick_Controls --> node_venv_lib_python3_12_site-packages_PyQt6_Qt6_qml_QtQuick_Controls_FluentWinUI3["FluentWinUI3"]\n    node_venv_lib_python3_12_site-packages_PyQt6_Qt6_qml_QtQuick_Controls_FluentWinUI3 --> node_venv_lib_python3_12_site-packages_PyQt6_Qt6_qml_QtQuick_Controls_FluentWinUI3_light["light"]\n    node_venv_lib_python3_12_site-packages_PyQt6_Qt6_qml_QtQuick_Controls_FluentWinUI3_light --> node_venv_lib_python3_12_site-packages_PyQt6_Qt6_qml_QtQuick_Controls_FluentWinUI3_light_images["images"]\n    node_venv_lib_python3_12_site-packages_PyQt6_Qt6_qml_QtQuick_Controls_FluentWinUI3_light_images --> node_venv_lib_python3_12_site-packages_PyQt6_Qt6_qml_QtQuick_Controls_FluentWinUI3_light_images_checkbox-indicator-hovered-partiallyChecked@3x_png["checkbox-indicator-hovered-partiallyChecked@3x.png"]\n    Root --> node_venv["venv"]\n    node_venv --> node_venv_lib["lib"]\n    node_venv_lib --> node_venv_lib_python3_12["python3.12"]\n    node_venv_lib_python3_12 --> node_venv_lib_python3_12_site-packages["site-packages"]\n    node_venv_lib_python3_12_site-packages --> node_venv_lib_python3_12_site-packages_PyQt6["PyQt6"]\n    node_venv_lib_python3_12_site-packages_PyQt6 --> node_venv_lib_python3_12_site-packages_PyQt6_Qt6["Qt6"]\n    node_venv_lib_python3_12_site-packages_PyQt6_Qt6 --> node_venv_lib_python3_12_site-packages_PyQt6_Qt6_qml["qml"]\n    node_venv_lib_python3_12_site-packages_PyQt6_Qt6_qml --> node_venv_lib_python3_12_site-packages_PyQt6_Qt6_qml_QtQuick["QtQuick"]\n    node_venv_lib_python3_12_site-packages_PyQt6_Qt6_qml_QtQuick --> node_venv_lib_python3_12_site-packages_PyQt6_Qt6_qml_QtQuick_Controls["Controls"]\n    node_venv_lib_python3_12_site-packages_PyQt6_Qt6_qml_QtQuick_Controls --> node_venv_lib_python3_12_site-packages_PyQt6_Qt6_qml_QtQuick_Controls_FluentWinUI3["FluentWinUI3"]\n    node_venv_lib_python3_12_site-packages_PyQt6_Qt6_qml_QtQuick_Controls_FluentWinUI3 --> node_venv_lib_python3_12_site-packages_PyQt6_Qt6_qml_QtQuick_Controls_FluentWinUI3_light["light"]\n    node_venv_lib_python3_12_site-packages_PyQt6_Qt6_qml_QtQuick_Controls_FluentWinUI3_light --> node_venv_lib_python3_12_site-packages_PyQt6_Qt6_qml_QtQuick_Controls_FluentWinUI3_light_images["images"]\n    node_venv_lib_python3_12_site-packages_PyQt6_Qt6_qml_QtQuick_Controls_FluentWinUI3_light_images --> node_venv_lib_python3_12_site-packages_PyQt6_Qt6_qml_QtQuick_Controls_FluentWinUI3_light_images_checkbox-indicator-hovered_png["checkbox-indicator-hovered.png"]\n    Root --> node_venv["venv"]\n    node_venv --> node_venv_lib["lib"]\n    node_venv_lib --> node_venv_lib_python3_12["python3.12"]\n    node_venv_lib_python3_12 --> node_venv_lib_python3_12_site-packages["site-packages"]\n    node_venv_lib_python3_12_site-packages --> node_venv_lib_python3_12_site-packages_PyQt6["PyQt6"]\n    node_venv_lib_python3_12_site-packages_PyQt6 --> node_venv_lib_python3_12_site-packages_PyQt6_Qt6["Qt6"]\n    node_venv_lib_python3_12_site-packages_PyQt6_Qt6 --> node_venv_lib_python3_12_site-packages_PyQt6_Qt6_qml["qml"]\n    node_venv_lib_python3_12_site-packages_PyQt6_Qt6_qml --> node_venv_lib_python3_12_site-packages_PyQt6_Qt6_qml_QtQuick["QtQuick"]\n    node_venv_lib_python3_12_site-packages_PyQt6_Qt6_qml_QtQuick --> node_venv_lib_python3_12_site-packages_PyQt6_Qt6_qml_QtQuick_Controls["Controls"]\n    node_venv_lib_python3_12_site-packages_PyQt6_Qt6_qml_QtQuick_Controls --> node_venv_lib_python3_12_site-packages_PyQt6_Qt6_qml_QtQuick_Controls_FluentWinUI3["FluentWinUI3"]\n    node_venv_lib_python3_12_site-packages_PyQt6_Qt6_qml_QtQuick_Controls_FluentWinUI3 --> node_venv_lib_python3_12_site-packages_PyQt6_Qt6_qml_QtQuick_Controls_FluentWinUI3_light["light"]\n    node_venv_lib_python3_12_site-packages_PyQt6_Qt6_qml_QtQuick_Controls_FluentWinUI3_light --> node_venv_lib_python3_12_site-packages_PyQt6_Qt6_qml_QtQuick_Controls_FluentWinUI3_light_images["images"]\n    node_venv_lib_python3_12_site-packages_PyQt6_Qt6_qml_QtQuick_Controls_FluentWinUI3_light_images --> node_venv_lib_python3_12_site-packages_PyQt6_Qt6_qml_QtQuick_Controls_FluentWinUI3_light_images_checkbox-indicator-hovered@2x_png["checkbox-indicator-hovered@2x.png"]\n    Root --> node_venv["venv"]\n    node_venv --> node_venv_lib["lib"]\n    node_venv_lib --> node_venv_lib_python3_12["python3.12"]\n    node_venv_lib_python3_12 --> node_venv_lib_python3_12_site-packages["site-packages"]\n    node_venv_lib_python3_12_site-packages --> node_venv_lib_python3_12_site-packages_PyQt6["PyQt6"]\n    node_venv_lib_python3_12_site-packages_PyQt6 --> node_venv_lib_python3_12_site-packages_PyQt6_Qt6["Qt6"]\n    node_venv_lib_python3_12_site-packages_PyQt6_Qt6 --> node_venv_lib_python3_12_site-packages_PyQt6_Qt6_qml["qml"]\n    node_venv_lib_python3_12_site-packages_PyQt6_Qt6_qml --> node_venv_lib_python3_12_site-packages_PyQt6_Qt6_qml_QtQuick["QtQuick"]\n    node_venv_lib_python3_12_site-packages_PyQt6_Qt6_qml_QtQuick --> node_venv_lib_python3_12_site-packages_PyQt6_Qt6_qml_QtQuick_Controls["Controls"]\n    node_venv_lib_python3_12_site-packages_PyQt6_Qt6_qml_QtQuick_Controls --> node_venv_lib_python3_12_site-packages_PyQt6_Qt6_qml_QtQuick_Controls_FluentWinUI3["FluentWinUI3"]\n    node_venv_lib_python3_12_site-packages_PyQt6_Qt6_qml_QtQuick_Controls_FluentWinUI3 --> node_venv_lib_python3_12_site-packages_PyQt6_Qt6_qml_QtQuick_Controls_FluentWinUI3_light["light"]\n    node_venv_lib_python3_12_site-packages_PyQt6_Qt6_qml_QtQuick_Controls_FluentWinUI3_light --> node_venv_lib_python3_12_site-packages_PyQt6_Qt6_qml_QtQuick_Controls_FluentWinUI3_light_images["images"]\n    node_venv_lib_python3_12_site-packages_PyQt6_Qt6_qml_QtQuick_Controls_FluentWinUI3_light_images --> node_venv_lib_python3_12_site-packages_PyQt6_Qt6_qml_QtQuick_Controls_FluentWinUI3_light_images_checkbox-indicator-hovered@3x_png["checkbox-indicator-hovered@3x.png"]\n    Root --> node_venv["venv"]\n    node_venv --> node_venv_lib["lib"]\n    node_venv_lib --> node_venv_lib_python3_12["python3.12"]\n    node_venv_lib_python3_12 --> node_venv_lib_python3_12_site-packages["site-packages"]\n    node_venv_lib_python3_12_site-packages --> node_venv_lib_python3_12_site-packages_PyQt6["PyQt6"]\n    node_venv_lib_python3_12_site-packages_PyQt6 --> node_venv_lib_python3_12_site-packages_PyQt6_Qt6["Qt6"]\n    node_venv_lib_python3_12_site-packages_PyQt6_Qt6 --> node_venv_lib_python3_12_site-packages_PyQt6_Qt6_qml["qml"]\n    node_venv_lib_python3_12_site-packages_PyQt6_Qt6_qml --> node_venv_lib_python3_12_site-packages_PyQt6_Qt6_qml_QtQuick["QtQuick"]\n    node_venv_lib_python3_12_site-packages_PyQt6_Qt6_qml_QtQuick --> node_venv_lib_python3_12_site-packages_PyQt6_Qt6_qml_QtQuick_Controls["Controls"]\n    node_venv_lib_python3_12_site-packages_PyQt6_Qt6_qml_QtQuick_Controls --> node_venv_lib_python3_12_site-packages_PyQt6_Qt6_qml_QtQuick_Controls_FluentWinUI3["FluentWinUI3"]\n    node_venv_lib_python3_12_site-packages_PyQt6_Qt6_qml_QtQuick_Controls_FluentWinUI3 --> node_venv_lib_python3_12_site-packages_PyQt6_Qt6_qml_QtQuick_Controls_FluentWinUI3_light["light"]\n    node_venv_lib_python3_12_site-packages_PyQt6_Qt6_qml_QtQuick_Controls_FluentWinUI3_light --> node_venv_lib_python3_12_site-packages_PyQt6_Qt6_qml_QtQuick_Controls_FluentWinUI3_light_images["images"]\n    node_venv_lib_python3_12_site-packages_PyQt6_Qt6_qml_QtQuick_Controls_FluentWinUI3_light_images --> node_venv_lib_python3_12_site-packages_PyQt6_Qt6_qml_QtQuick_Controls_FluentWinUI3_light_images_checkbox-indicator-partiallyChecked-pressed_png["checkbox-indicator-partiallyChecked-pressed.png"]\n    Root --> node_venv["venv"]\n    node_venv --> node_venv_lib["lib"]\n    node_venv_lib --> node_venv_lib_python3_12["python3.12"]\n    node_venv_lib_python3_12 --> node_venv_lib_python3_12_site-packages["site-packages"]\n    node_venv_lib_python3_12_site-packages --> node_venv_lib_python3_12_site-packages_PyQt6["PyQt6"]\n    node_venv_lib_python3_12_site-packages_PyQt6 --> node_venv_lib_python3_12_site-packages_PyQt6_Qt6["Qt6"]\n    node_venv_lib_python3_12_site-packages_PyQt6_Qt6 --> node_venv_lib_python3_12_site-packages_PyQt6_Qt6_qml["qml"]\n    node_venv_lib_python3_12_site-packages_PyQt6_Qt6_qml --> node_venv_lib_python3_12_site-packages_PyQt6_Qt6_qml_QtQuick["QtQuick"]\n    node_venv_lib_python3_12_site-packages_PyQt6_Qt6_qml_QtQuick --> node_venv_lib_python3_12_site-packages_PyQt6_Qt6_qml_QtQuick_Controls["Controls"]\n    node_venv_lib_python3_12_site-packages_PyQt6_Qt6_qml_QtQuick_Controls --> node_venv_lib_python3_12_site-packages_PyQt6_Qt6_qml_QtQuick_Controls_FluentWinUI3["FluentWinUI3"]\n    node_venv_lib_python3_12_site-packages_PyQt6_Qt6_qml_QtQuick_Controls_FluentWinUI3 --> node_venv_lib_python3_12_site-packages_PyQt6_Qt6_qml_QtQuick_Controls_FluentWinUI3_light["light"]\n    node_venv_lib_python3_12_site-packages_PyQt6_Qt6_qml_QtQuick_Controls_FluentWinUI3_light --> node_venv_lib_python3_12_site-packages_PyQt6_Qt6_qml_QtQuick_Controls_FluentWinUI3_light_images["images"]\n    node_venv_lib_python3_12_site-packages_PyQt6_Qt6_qml_QtQuick_Controls_FluentWinUI3_light_images --> node_venv_lib_python3_12_site-packages_PyQt6_Qt6_qml_QtQuick_Controls_FluentWinUI3_light_images_checkbox-indicator-partiallyChecked-pressed@2x_png["checkbox-indicator-partiallyChecked-pressed@2x.png"]\n    Root --> node_venv["venv"]\n    node_venv --> node_venv_lib["lib"]\n    node_venv_lib --> node_venv_lib_python3_12["python3.12"]\n    node_venv_lib_python3_12 --> node_venv_lib_python3_12_site-packages["site-packages"]\n    node_venv_lib_python3_12_site-packages --> node_venv_lib_python3_12_site-packages_PyQt6["PyQt6"]\n    node_venv_lib_python3_12_site-packages_PyQt6 --> node_venv_lib_python3_12_site-packages_PyQt6_Qt6["Qt6"]\n    node_venv_lib_python3_12_site-packages_PyQt6_Qt6 --> node_venv_lib_python3_12_site-packages_PyQt6_Qt6_qml["qml"]\n    node_venv_lib_python3_12_site-packages_PyQt6_Qt6_qml --> node_venv_lib_python3_12_site-packages_PyQt6_Qt6_qml_QtQuick["QtQuick"]\n    node_venv_lib_python3_12_site-packages_PyQt6_Qt6_qml_QtQuick --> node_venv_lib_python3_12_site-packages_PyQt6_Qt6_qml_QtQuick_Controls["Controls"]\n    node_venv_lib_python3_12_site-packages_PyQt6_Qt6_qml_QtQuick_Controls --> node_venv_lib_python3_12_site-packages_PyQt6_Qt6_qml_QtQuick_Controls_FluentWinUI3["FluentWinUI3"]\n    node_venv_lib_python3_12_site-packages_PyQt6_Qt6_qml_QtQuick_Controls_FluentWinUI3 --> node_venv_lib_python3_12_site-packages_PyQt6_Qt6_qml_QtQuick_Controls_FluentWinUI3_light["light"]\n    node_venv_lib_python3_12_site-packages_PyQt6_Qt6_qml_QtQuick_Controls_FluentWinUI3_light --> node_venv_lib_python3_12_site-packages_PyQt6_Qt6_qml_QtQuick_Controls_FluentWinUI3_light_images["images"]\n    node_venv_lib_python3_12_site-packages_PyQt6_Qt6_qml_QtQuick_Controls_FluentWinUI3_light_images --> node_venv_lib_python3_12_site-packages_PyQt6_Qt6_qml_QtQuick_Controls_FluentWinUI3_light_images_checkbox-indicator-partiallyChecked-pressed@3x_png["checkbox-indicator-partiallyChecked-pressed@3x.png"]\n    Root --> node_venv["venv"]\n    node_venv --> node_venv_lib["lib"]\n    node_venv_lib --> node_venv_lib_python3_12["python3.12"]\n    node_venv_lib_python3_12 --> node_venv_lib_python3_12_site-packages["site-packages"]\n    node_venv_lib_python3_12_site-packages --> node_venv_lib_python3_12_site-packages_PyQt6["PyQt6"]\n    node_venv_lib_python3_12_site-packages_PyQt6 --> node_venv_lib_python3_12_site-packages_PyQt6_Qt6["Qt6"]\n    node_venv_lib_python3_12_site-packages_PyQt6_Qt6 --> node_venv_lib_python3_12_site-packages_PyQt6_Qt6_qml["qml"]\n    node_venv_lib_python3_12_site-packages_PyQt6_Qt6_qml --> node_venv_lib_python3_12_site-packages_PyQt6_Qt6_qml_QtQuick["QtQuick"]\n    node_venv_lib_python3_12_site-packages_PyQt6_Qt6_qml_QtQuick --> node_venv_lib_python3_12_site-packages_PyQt6_Qt6_qml_QtQuick_Controls["Controls"]\n    node_venv_lib_python3_12_site-packages_PyQt6_Qt6_qml_QtQuick_Controls --> node_venv_lib_python3_12_site-packages_PyQt6_Qt6_qml_QtQuick_Controls_FluentWinUI3["FluentWinUI3"]\n    node_venv_lib_python3_12_site-packages_PyQt6_Qt6_qml_QtQuick_Controls_FluentWinUI3 --> node_venv_lib_python3_12_site-packages_PyQt6_Qt6_qml_QtQuick_Controls_FluentWinUI3_light["light"]\n    node_venv_lib_python3_12_site-packages_PyQt6_Qt6_qml_QtQuick_Controls_FluentWinUI3_light --> node_venv_lib_python3_12_site-packages_PyQt6_Qt6_qml_QtQuick_Controls_FluentWinUI3_light_images["images"]\n    node_venv_lib_python3_12_site-packages_PyQt6_Qt6_qml_QtQuick_Controls_FluentWinUI3_light_images --> node_venv_lib_python3_12_site-packages_PyQt6_Qt6_qml_QtQuick_Controls_FluentWinUI3_light_images_checkbox-indicator-partiallyChecked_png["checkbox-indicator-partiallyChecked.png"]\n    Root --> node_venv["venv"]\n    node_venv --> node_venv_lib["lib"]\n    node_venv_lib --> node_venv_lib_python3_12["python3.12"]\n    node_venv_lib_python3_12 --> node_venv_lib_python3_12_site-packages["site-packages"]\n    node_venv_lib_python3_12_site-packages --> node_venv_lib_python3_12_site-packages_PyQt6["PyQt6"]\n    node_venv_lib_python3_12_site-packages_PyQt6 --> node_venv_lib_python3_12_site-packages_PyQt6_Qt6["Qt6"]\n    node_venv_lib_python3_12_site-packages_PyQt6_Qt6 --> node_venv_lib_python3_12_site-packages_PyQt6_Qt6_qml["qml"]\n    node_venv_lib_python3_12_site-packages_PyQt6_Qt6_qml --> node_venv_lib_python3_12_site-packages_PyQt6_Qt6_qml_QtQuick["QtQuick"]\n    node_venv_lib_python3_12_site-packages_PyQt6_Qt6_qml_QtQuick --> node_venv_lib_python3_12_site-packages_PyQt6_Qt6_qml_QtQuick_Controls["Controls"]\n    node_venv_lib_python3_12_site-packages_PyQt6_Qt6_qml_QtQuick_Controls --> node_venv_lib_python3_12_site-packages_PyQt6_Qt6_qml_QtQuick_Controls_FluentWinUI3["FluentWinUI3"]\n    node_venv_lib_python3_12_site-packages_PyQt6_Qt6_qml_QtQuick_Controls_FluentWinUI3 --> node_venv_lib_python3_12_site-packages_PyQt6_Qt6_qml_QtQuick_Controls_FluentWinUI3_light["light"]\n    node_venv_lib_python3_12_site-packages_PyQt6_Qt6_qml_QtQuick_Controls_FluentWinUI3_light --> node_venv_lib_python3_12_site-packages_PyQt6_Qt6_qml_QtQuick_Controls_FluentWinUI3_light_images["images"]\n    node_venv_lib_python3_12_site-packages_PyQt6_Qt6_qml_QtQuick_Controls_FluentWinUI3_light_images --> node_venv_lib_python3_12_site-packages_PyQt6_Qt6_qml_QtQuick_Controls_FluentWinUI3_light_images_checkbox-indicator-partiallyChecked@2x_png["checkbox-indicator-partiallyChecked@2x.png"]\n    Root --> node_venv["venv"]\n    node_venv --> node_venv_lib["lib"]\n    node_venv_lib --> node_venv_lib_python3_12["python3.12"]\n    node_venv_lib_python3_12 --> node_venv_lib_python3_12_site-packages["site-packages"]\n    node_venv_lib_python3_12_site-packages --> node_venv_lib_python3_12_site-packages_PyQt6["PyQt6"]\n    node_venv_lib_python3_12_site-packages_PyQt6 --> node_venv_lib_python3_12_site-packages_PyQt6_Qt6["Qt6"]\n    node_venv_lib_python3_12_site-packages_PyQt6_Qt6 --> node_venv_lib_python3_12_site-packages_PyQt6_Qt6_qml["qml"]\n    node_venv_lib_python3_12_site-packages_PyQt6_Qt6_qml --> node_venv_lib_python3_12_site-packages_PyQt6_Qt6_qml_QtQuick["QtQuick"]\n    node_venv_lib_python3_12_site-packages_PyQt6_Qt6_qml_QtQuick --> node_venv_lib_python3_12_site-packages_PyQt6_Qt6_qml_QtQuick_Controls["Controls"]\n    node_venv_lib_python3_12_site-packages_PyQt6_Qt6_qml_QtQuick_Controls --> node_venv_lib_python3_12_site-packages_PyQt6_Qt6_qml_QtQuick_Controls_FluentWinUI3["FluentWinUI3"]\n    node_venv_lib_python3_12_site-packages_PyQt6_Qt6_qml_QtQuick_Controls_FluentWinUI3 --> node_venv_lib_python3_12_site-packages_PyQt6_Qt6_qml_QtQuick_Controls_FluentWinUI3_light["light"]\n    node_venv_lib_python3_12_site-packages_PyQt6_Qt6_qml_QtQuick_Controls_FluentWinUI3_light --> node_venv_lib_python3_12_site-packages_PyQt6_Qt6_qml_QtQuick_Controls_FluentWinUI3_light_images["images"]\n    node_venv_lib_python3_12_site-packages_PyQt6_Qt6_qml_QtQuick_Controls_FluentWinUI3_light_images --> node_venv_lib_python3_12_site-packages_PyQt6_Qt6_qml_QtQuick_Controls_FluentWinUI3_light_images_checkbox-indicator-partiallyChecked@3x_png["checkbox-indicator-partiallyChecked@3x.png"]\n    Root --> node_venv["venv"]\n    node_venv --> node_venv_lib["lib"]\n    node_venv_lib --> node_venv_lib_python3_12["python3.12"]\n    node_venv_lib_python3_12 --> node_venv_lib_python3_12_site-packages["site-packages"]\n    node_venv_lib_python3_12_site-packages --> node_venv_lib_python3_12_site-packages_PyQt6["PyQt6"]\n    node_venv_lib_python3_12_site-packages_PyQt6 --> node_venv_lib_python3_12_site-packages_PyQt6_Qt6["Qt6"]\n    node_venv_lib_python3_12_site-packages_PyQt6_Qt6 --> node_venv_lib_python3_12_site-packages_PyQt6_Qt6_qml["qml"]\n    node_venv_lib_python3_12_site-packages_PyQt6_Qt6_qml --> node_venv_lib_python3_12_site-packages_PyQt6_Qt6_qml_QtQuick["QtQuick"]\n    node_venv_lib_python3_12_site-packages_PyQt6_Qt6_qml_QtQuick --> node_venv_lib_python3_12_site-packages_PyQt6_Qt6_qml_QtQuick_Controls["Controls"]\n    node_venv_lib_python3_12_site-packages_PyQt6_Qt6_qml_QtQuick_Controls --> node_venv_lib_python3_12_site-packages_PyQt6_Qt6_qml_QtQuick_Controls_FluentWinUI3["FluentWinUI3"]\n    node_venv_lib_python3_12_site-packages_PyQt6_Qt6_qml_QtQuick_Controls_FluentWinUI3 --> node_venv_lib_python3_12_site-packages_PyQt6_Qt6_qml_QtQuick_Controls_FluentWinUI3_light["light"]\n    node_venv_lib_python3_12_site-packages_PyQt6_Qt6_qml_QtQuick_Controls_FluentWinUI3_light --> node_venv_lib_python3_12_site-packages_PyQt6_Qt6_qml_QtQuick_Controls_FluentWinUI3_light_images["images"]\n    node_venv_lib_python3_12_site-packages_PyQt6_Qt6_qml_QtQuick_Controls_FluentWinUI3_light_images --> node_venv_lib_python3_12_site-packages_PyQt6_Qt6_qml_QtQuick_Controls_FluentWinUI3_light_images_checkbox-indicator-pressed_png["checkbox-indicator-pressed.png"]\n    Root --> node_venv["venv"]\n    node_venv --> node_venv_lib["lib"]\n    node_venv_lib --> node_venv_lib_python3_12["python3.12"]\n    node_venv_lib_python3_12 --> node_venv_lib_python3_12_site-packages["site-packages"]\n    node_venv_lib_python3_12_site-packages --> node_venv_lib_python3_12_site-packages_PyQt6["PyQt6"]\n    node_venv_lib_python3_12_site-packages_PyQt6 --> node_venv_lib_python3_12_site-packages_PyQt6_Qt6["Qt6"]\n    node_venv_lib_python3_12_site-packages_PyQt6_Qt6 --> node_venv_lib_python3_12_site-packages_PyQt6_Qt6_qml["qml"]\n    node_venv_lib_python3_12_site-packages_PyQt6_Qt6_qml --> node_venv_lib_python3_12_site-packages_PyQt6_Qt6_qml_QtQuick["QtQuick"]\n    node_venv_lib_python3_12_site-packages_PyQt6_Qt6_qml_QtQuick --> node_venv_lib_python3_12_site-packages_PyQt6_Qt6_qml_QtQuick_Controls["Controls"]\n    node_venv_lib_python3_12_site-packages_PyQt6_Qt6_qml_QtQuick_Controls --> node_venv_lib_python3_12_site-packages_PyQt6_Qt6_qml_QtQuick_Controls_FluentWinUI3["FluentWinUI3"]\n    node_venv_lib_python3_12_site-packages_PyQt6_Qt6_qml_QtQuick_Controls_FluentWinUI3 --> node_venv_lib_python3_12_site-packages_PyQt6_Qt6_qml_QtQuick_Controls_FluentWinUI3_light["light"]\n    node_venv_lib_python3_12_site-packages_PyQt6_Qt6_qml_QtQuick_Controls_FluentWinUI3_light --> node_venv_lib_python3_12_site-packages_PyQt6_Qt6_qml_QtQuick_Controls_FluentWinUI3_light_images["images"]\n    node_venv_lib_python3_12_site-packages_PyQt6_Qt6_qml_QtQuick_Controls_FluentWinUI3_light_images --> node_venv_lib_python3_12_site-packages_PyQt6_Qt6_qml_QtQuick_Controls_FluentWinUI3_light_images_checkbox-indicator-pressed@2x_png["checkbox-indicator-pressed@2x.png"]\n    Root --> node_venv["venv"]\n    node_venv --> node_venv_lib["lib"]\n    node_venv_lib --> node_venv_lib_python3_12["python3.12"]\n    node_venv_lib_python3_12 --> node_venv_lib_python3_12_site-packages["site-packages"]\n    node_venv_lib_python3_12_site-packages --> node_venv_lib_python3_12_site-packages_PyQt6["PyQt6"]\n    node_venv_lib_python3_12_site-packages_PyQt6 --> node_venv_lib_python3_12_site-packages_PyQt6_Qt6["Qt6"]\n    node_venv_lib_python3_12_site-packages_PyQt6_Qt6 --> node_venv_lib_python3_12_site-packages_PyQt6_Qt6_qml["qml"]\n    node_venv_lib_python3_12_site-packages_PyQt6_Qt6_qml --> node_venv_lib_python3_12_site-packages_PyQt6_Qt6_qml_QtQuick["QtQuick"]\n    node_venv_lib_python3_12_site-packages_PyQt6_Qt6_qml_QtQuick --> node_venv_lib_python3_12_site-packages_PyQt6_Qt6_qml_QtQuick_Controls["Controls"]\n    node_venv_lib_python3_12_site-packages_PyQt6_Qt6_qml_QtQuick_Controls --> node_venv_lib_python3_12_site-packages_PyQt6_Qt6_qml_QtQuick_Controls_FluentWinUI3["FluentWinUI3"]\n    node_venv_lib_python3_12_site-packages_PyQt6_Qt6_qml_QtQuick_Controls_FluentWinUI3 --> node_venv_lib_python3_12_site-packages_PyQt6_Qt6_qml_QtQuick_Controls_FluentWinUI3_light["light"]\n    node_venv_lib_python3_12_site-packages_PyQt6_Qt6_qml_QtQuick_Controls_FluentWinUI3_light --> node_venv_lib_python3_12_site-packages_PyQt6_Qt6_qml_QtQuick_Controls_FluentWinUI3_light_images["images"]\n    node_venv_lib_python3_12_site-packages_PyQt6_Qt6_qml_QtQuick_Controls_FluentWinUI3_light_images --> node_venv_lib_python3_12_site-packages_PyQt6_Qt6_qml_QtQuick_Controls_FluentWinUI3_light_images_checkbox-indicator-pressed@3x_png["checkbox-indicator-pressed@3x.png"]\n    Root --> node_venv["venv"]\n    node_venv --> node_venv_lib["lib"]\n    node_venv_lib --> node_venv_lib_python3_12["python3.12"]\n    node_venv_lib_python3_12 --> node_venv_lib_python3_12_site-packages["site-packages"]\n    node_venv_lib_python3_12_site-packages --> node_venv_lib_python3_12_site-packages_PyQt6["PyQt6"]\n    node_venv_lib_python3_12_site-packages_PyQt6 --> node_venv_lib_python3_12_site-packages_PyQt6_Qt6["Qt6"]\n    node_venv_lib_python3_12_site-packages_PyQt6_Qt6 --> node_venv_lib_python3_12_site-packages_PyQt6_Qt6_qml["qml"]\n    node_venv_lib_python3_12_site-packages_PyQt6_Qt6_qml --> node_venv_lib_python3_12_site-packages_PyQt6_Qt6_qml_QtQuick["QtQuick"]\n    node_venv_lib_python3_12_site-packages_PyQt6_Qt6_qml_QtQuick --> node_venv_lib_python3_12_site-packages_PyQt6_Qt6_qml_QtQuick_Controls["Controls"]\n    node_venv_lib_python3_12_site-packages_PyQt6_Qt6_qml_QtQuick_Controls --> node_venv_lib_python3_12_site-packages_PyQt6_Qt6_qml_QtQuick_Controls_FluentWinUI3["FluentWinUI3"]\n    node_venv_lib_python3_12_site-packages_PyQt6_Qt6_qml_QtQuick_Controls_FluentWinUI3 --> node_venv_lib_python3_12_site-packages_PyQt6_Qt6_qml_QtQuick_Controls_FluentWinUI3_light["light"]\n    node_venv_lib_python3_12_site-packages_PyQt6_Qt6_qml_QtQuick_Controls_FluentWinUI3_light --> node_venv_lib_python3_12_site-packages_PyQt6_Qt6_qml_QtQuick_Controls_FluentWinUI3_light_images["images"]\n    node_venv_lib_python3_12_site-packages_PyQt6_Qt6_qml_QtQuick_Controls_FluentWinUI3_light_images --> node_venv_lib_python3_12_site-packages_PyQt6_Qt6_qml_QtQuick_Controls_FluentWinUI3_light_images_checkbox-indicator_png["checkbox-indicator.png"]\n    Root --> node_venv["venv"]\n    node_venv --> node_venv_lib["lib"]\n    node_venv_lib --> node_venv_lib_python3_12["python3.12"]\n    node_venv_lib_python3_12 --> node_venv_lib_python3_12_site-packages["site-packages"]\n    node_venv_lib_python3_12_site-packages --> node_venv_lib_python3_12_site-packages_PyQt6["PyQt6"]\n    node_venv_lib_python3_12_site-packages_PyQt6 --> node_venv_lib_python3_12_site-packages_PyQt6_Qt6["Qt6"]\n    node_venv_lib_python3_12_site-packages_PyQt6_Qt6 --> node_venv_lib_python3_12_site-packages_PyQt6_Qt6_qml["qml"]\n    node_venv_lib_python3_12_site-packages_PyQt6_Qt6_qml --> node_venv_lib_python3_12_site-packages_PyQt6_Qt6_qml_QtQuick["QtQuick"]\n    node_venv_lib_python3_12_site-packages_PyQt6_Qt6_qml_QtQuick --> node_venv_lib_python3_12_site-packages_PyQt6_Qt6_qml_QtQuick_Controls["Controls"]\n    node_venv_lib_python3_12_site-packages_PyQt6_Qt6_qml_QtQuick_Controls --> node_venv_lib_python3_12_site-packages_PyQt6_Qt6_qml_QtQuick_Controls_FluentWinUI3["FluentWinUI3"]\n    node_venv_lib_python3_12_site-packages_PyQt6_Qt6_qml_QtQuick_Controls_FluentWinUI3 --> node_venv_lib_python3_12_site-packages_PyQt6_Qt6_qml_QtQuick_Controls_FluentWinUI3_light["light"]\n    node_venv_lib_python3_12_site-packages_PyQt6_Qt6_qml_QtQuick_Controls_FluentWinUI3_light --> node_venv_lib_python3_12_site-packages_PyQt6_Qt6_qml_QtQuick_Controls_FluentWinUI3_light_images["images"]\n    node_venv_lib_python3_12_site-packages_PyQt6_Qt6_qml_QtQuick_Controls_FluentWinUI3_light_images --> node_venv_lib_python3_12_site-packages_PyQt6_Qt6_qml_QtQuick_Controls_FluentWinUI3_light_images_checkbox-indicator@2x_png["checkbox-indicator@2x.png"]\n    Root --> node_venv["venv"]\n    node_venv --> node_venv_lib["lib"]\n    node_venv_lib --> node_venv_lib_python3_12["python3.12"]\n    node_venv_lib_python3_12 --> node_venv_lib_python3_12_site-packages["site-packages"]\n    node_venv_lib_python3_12_site-packages --> node_venv_lib_python3_12_site-packages_PyQt6["PyQt6"]\n    node_venv_lib_python3_12_site-packages_PyQt6 --> node_venv_lib_python3_12_site-packages_PyQt6_Qt6["Qt6"]\n    node_venv_lib_python3_12_site-packages_PyQt6_Qt6 --> node_venv_lib_python3_12_site-packages_PyQt6_Qt6_qml["qml"]\n    node_venv_lib_python3_12_site-packages_PyQt6_Qt6_qml --> node_venv_lib_python3_12_site-packages_PyQt6_Qt6_qml_QtQuick["QtQuick"]\n    node_venv_lib_python3_12_site-packages_PyQt6_Qt6_qml_QtQuick --> node_venv_lib_python3_12_site-packages_PyQt6_Qt6_qml_QtQuick_Controls["Controls"]\n    node_venv_lib_python3_12_site-packages_PyQt6_Qt6_qml_QtQuick_Controls --> node_venv_lib_python3_12_site-packages_PyQt6_Qt6_qml_QtQuick_Controls_FluentWinUI3["FluentWinUI3"]\n    node_venv_lib_python3_12_site-packages_PyQt6_Qt6_qml_QtQuick_Controls_FluentWinUI3 --> node_venv_lib_python3_12_site-packages_PyQt6_Qt6_qml_QtQuick_Controls_FluentWinUI3_light["light"]\n    node_venv_lib_python3_12_site-packages_PyQt6_Qt6_qml_QtQuick_Controls_FluentWinUI3_light --> node_venv_lib_python3_12_site-packages_PyQt6_Qt6_qml_QtQuick_Controls_FluentWinUI3_light_images["images"]\n    node_venv_lib_python3_12_site-packages_PyQt6_Qt6_qml_QtQuick_Controls_FluentWinUI3_light_images --> node_venv_lib_python3_12_site-packages_PyQt6_Qt6_qml_QtQuick_Controls_FluentWinUI3_light_images_checkbox-indicator@3x_png["checkbox-indicator@3x.png"]\n    Root --> node_venv["venv"]\n    node_venv --> node_venv_lib["lib"]\n    node_venv_lib --> node_venv_lib_python3_12["python3.12"]\n    node_venv_lib_python3_12 --> node_venv_lib_python3_12_site-packages["site-packages"]\n    node_venv_lib_python3_12_site-packages --> node_venv_lib_python3_12_site-packages_PyQt6["PyQt6"]\n    node_venv_lib_python3_12_site-packages_PyQt6 --> node_venv_lib_python3_12_site-packages_PyQt6_Qt6["Qt6"]\n    node_venv_lib_python3_12_site-packages_PyQt6_Qt6 --> node_venv_lib_python3_12_site-packages_PyQt6_Qt6_qml["qml"]\n    node_venv_lib_python3_12_site-packages_PyQt6_Qt6_qml --> node_venv_lib_python3_12_site-packages_PyQt6_Qt6_qml_QtQuick["QtQuick"]\n    node_venv_lib_python3_12_site-packages_PyQt6_Qt6_qml_QtQuick --> node_venv_lib_python3_12_site-packages_PyQt6_Qt6_qml_QtQuick_Controls["Controls"]\n    node_venv_lib_python3_12_site-packages_PyQt6_Qt6_qml_QtQuick_Controls --> node_venv_lib_python3_12_site-packages_PyQt6_Qt6_qml_QtQuick_Controls_FluentWinUI3["FluentWinUI3"]\n    node_venv_lib_python3_12_site-packages_PyQt6_Qt6_qml_QtQuick_Controls_FluentWinUI3 --> node_venv_lib_python3_12_site-packages_PyQt6_Qt6_qml_QtQuick_Controls_FluentWinUI3_light["light"]\n    node_venv_lib_python3_12_site-packages_PyQt6_Qt6_qml_QtQuick_Controls_FluentWinUI3_light --> node_venv_lib_python3_12_site-packages_PyQt6_Qt6_qml_QtQuick_Controls_FluentWinUI3_light_images["images"]\n    node_venv_lib_python3_12_site-packages_PyQt6_Qt6_qml_QtQuick_Controls_FluentWinUI3_light_images --> node_venv_lib_python3_12_site-packages_PyQt6_Qt6_qml_QtQuick_Controls_FluentWinUI3_light_images_combobox-background-disabled_png["combobox-background-disabled.png"]\n    Root --> node_venv["venv"]\n    node_venv --> node_venv_lib["lib"]\n    node_venv_lib --> node_venv_lib_python3_12["python3.12"]\n    node_venv_lib_python3_12 --> node_venv_lib_python3_12_site-packages["site-packages"]\n    node_venv_lib_python3_12_site-packages --> node_venv_lib_python3_12_site-packages_PyQt6["PyQt6"]\n    node_venv_lib_python3_12_site-packages_PyQt6 --> node_venv_lib_python3_12_site-packages_PyQt6_Qt6["Qt6"]\n    node_venv_lib_python3_12_site-packages_PyQt6_Qt6 --> node_venv_lib_python3_12_site-packages_PyQt6_Qt6_qml["qml"]\n    node_venv_lib_python3_12_site-packages_PyQt6_Qt6_qml --> node_venv_lib_python3_12_site-packages_PyQt6_Qt6_qml_QtQuick["QtQuick"]\n    node_venv_lib_python3_12_site-packages_PyQt6_Qt6_qml_QtQuick --> node_venv_lib_python3_12_site-packages_PyQt6_Qt6_qml_QtQuick_Controls["Controls"]\n    node_venv_lib_python3_12_site-packages_PyQt6_Qt6_qml_QtQuick_Controls --> node_venv_lib_python3_12_site-packages_PyQt6_Qt6_qml_QtQuick_Controls_FluentWinUI3["FluentWinUI3"]\n    node_venv_lib_python3_12_site-packages_PyQt6_Qt6_qml_QtQuick_Controls_FluentWinUI3 --> node_venv_lib_python3_12_site-packages_PyQt6_Qt6_qml_QtQuick_Controls_FluentWinUI3_light["light"]\n    node_venv_lib_python3_12_site-packages_PyQt6_Qt6_qml_QtQuick_Controls_FluentWinUI3_light --> node_venv_lib_python3_12_site-packages_PyQt6_Qt6_qml_QtQuick_Controls_FluentWinUI3_light_images["images"]\n    node_venv_lib_python3_12_site-packages_PyQt6_Qt6_qml_QtQuick_Controls_FluentWinUI3_light_images --> node_venv_lib_python3_12_site-packages_PyQt6_Qt6_qml_QtQuick_Controls_FluentWinUI3_light_images_combobox-background-disabled@2x_png["combobox-background-disabled@2x.png"]\n    Root --> node_venv["venv"]\n    node_venv --> node_venv_lib["lib"]\n    node_venv_lib --> node_venv_lib_python3_12["python3.12"]\n    node_venv_lib_python3_12 --> node_venv_lib_python3_12_site-packages["site-packages"]\n    node_venv_lib_python3_12_site-packages --> node_venv_lib_python3_12_site-packages_PyQt6["PyQt6"]\n    node_venv_lib_python3_12_site-packages_PyQt6 --> node_venv_lib_python3_12_site-packages_PyQt6_Qt6["Qt6"]\n    node_venv_lib_python3_12_site-packages_PyQt6_Qt6 --> node_venv_lib_python3_12_site-packages_PyQt6_Qt6_qml["qml"]\n    node_venv_lib_python3_12_site-packages_PyQt6_Qt6_qml --> node_venv_lib_python3_12_site-packages_PyQt6_Qt6_qml_QtQuick["QtQuick"]\n    node_venv_lib_python3_12_site-packages_PyQt6_Qt6_qml_QtQuick --> node_venv_lib_python3_12_site-packages_PyQt6_Qt6_qml_QtQuick_Controls["Controls"]\n    node_venv_lib_python3_12_site-packages_PyQt6_Qt6_qml_QtQuick_Controls --> node_venv_lib_python3_12_site-packages_PyQt6_Qt6_qml_QtQuick_Controls_FluentWinUI3["FluentWinUI3"]\n    node_venv_lib_python3_12_site-packages_PyQt6_Qt6_qml_QtQuick_Controls_FluentWinUI3 --> node_venv_lib_python3_12_site-packages_PyQt6_Qt6_qml_QtQuick_Controls_FluentWinUI3_light["light"]\n    node_venv_lib_python3_12_site-packages_PyQt6_Qt6_qml_QtQuick_Controls_FluentWinUI3_light --> node_venv_lib_python3_12_site-packages_PyQt6_Qt6_qml_QtQuick_Controls_FluentWinUI3_light_images["images"]\n    node_venv_lib_python3_12_site-packages_PyQt6_Qt6_qml_QtQuick_Controls_FluentWinUI3_light_images --> node_venv_lib_python3_12_site-packages_PyQt6_Qt6_qml_QtQuick_Controls_FluentWinUI3_light_images_combobox-background-disabled@3x_png["combobox-background-disabled@3x.png"]\n    Root --> node_venv["venv"]\n    node_venv --> node_venv_lib["lib"]\n    node_venv_lib --> node_venv_lib_python3_12["python3.12"]\n    node_venv_lib_python3_12 --> node_venv_lib_python3_12_site-packages["site-packages"]\n    node_venv_lib_python3_12_site-packages --> node_venv_lib_python3_12_site-packages_PyQt6["PyQt6"]\n    node_venv_lib_python3_12_site-packages_PyQt6 --> node_venv_lib_python3_12_site-packages_PyQt6_Qt6["Qt6"]\n    node_venv_lib_python3_12_site-packages_PyQt6_Qt6 --> node_venv_lib_python3_12_site-packages_PyQt6_Qt6_qml["qml"]\n    node_venv_lib_python3_12_site-packages_PyQt6_Qt6_qml --> node_venv_lib_python3_12_site-packages_PyQt6_Qt6_qml_QtQuick["QtQuick"]\n    node_venv_lib_python3_12_site-packages_PyQt6_Qt6_qml_QtQuick --> node_venv_lib_python3_12_site-packages_PyQt6_Qt6_qml_QtQuick_Controls["Controls"]\n    node_venv_lib_python3_12_site-packages_PyQt6_Qt6_qml_QtQuick_Controls --> node_venv_lib_python3_12_site-packages_PyQt6_Qt6_qml_QtQuick_Controls_FluentWinUI3["FluentWinUI3"]\n    node_venv_lib_python3_12_site-packages_PyQt6_Qt6_qml_QtQuick_Controls_FluentWinUI3 --> node_venv_lib_python3_12_site-packages_PyQt6_Qt6_qml_QtQuick_Controls_FluentWinUI3_light["light"]\n    node_venv_lib_python3_12_site-packages_PyQt6_Qt6_qml_QtQuick_Controls_FluentWinUI3_light --> node_venv_lib_python3_12_site-packages_PyQt6_Qt6_qml_QtQuick_Controls_FluentWinUI3_light_images["images"]\n    node_venv_lib_python3_12_site-packages_PyQt6_Qt6_qml_QtQuick_Controls_FluentWinUI3_light_images --> node_venv_lib_python3_12_site-packages_PyQt6_Qt6_qml_QtQuick_Controls_FluentWinUI3_light_images_combobox-background-focused_png["combobox-background-focused.png"]\n    Root --> node_venv["venv"]\n    node_venv --> node_venv_lib["lib"]\n    node_venv_lib --> node_venv_lib_python3_12["python3.12"]\n    node_venv_lib_python3_12 --> node_venv_lib_python3_12_site-packages["site-packages"]\n    node_venv_lib_python3_12_site-packages --> node_venv_lib_python3_12_site-packages_PyQt6["PyQt6"]\n    node_venv_lib_python3_12_site-packages_PyQt6 --> node_venv_lib_python3_12_site-packages_PyQt6_Qt6["Qt6"]\n    node_venv_lib_python3_12_site-packages_PyQt6_Qt6 --> node_venv_lib_python3_12_site-packages_PyQt6_Qt6_qml["qml"]\n    node_venv_lib_python3_12_site-packages_PyQt6_Qt6_qml --> node_venv_lib_python3_12_site-packages_PyQt6_Qt6_qml_QtQuick["QtQuick"]\n    node_venv_lib_python3_12_site-packages_PyQt6_Qt6_qml_QtQuick --> node_venv_lib_python3_12_site-packages_PyQt6_Qt6_qml_QtQuick_Controls["Controls"]\n    node_venv_lib_python3_12_site-packages_PyQt6_Qt6_qml_QtQuick_Controls --> node_venv_lib_python3_12_site-packages_PyQt6_Qt6_qml_QtQuick_Controls_FluentWinUI3["FluentWinUI3"]\n    node_venv_lib_python3_12_site-packages_PyQt6_Qt6_qml_QtQuick_Controls_FluentWinUI3 --> node_venv_lib_python3_12_site-packages_PyQt6_Qt6_qml_QtQuick_Controls_FluentWinUI3_light["light"]\n    node_venv_lib_python3_12_site-packages_PyQt6_Qt6_qml_QtQuick_Controls_FluentWinUI3_light --> node_venv_lib_python3_12_site-packages_PyQt6_Qt6_qml_QtQuick_Controls_FluentWinUI3_light_images["images"]\n    node_venv_lib_python3_12_site-packages_PyQt6_Qt6_qml_QtQuick_Controls_FluentWinUI3_light_images --> node_venv_lib_python3_12_site-packages_PyQt6_Qt6_qml_QtQuick_Controls_FluentWinUI3_light_images_combobox-background-focused@2x_png["combobox-background-focused@2x.png"]\n    Root --> node_venv["venv"]\n    node_venv --> node_venv_lib["lib"]\n    node_venv_lib --> node_venv_lib_python3_12["python3.12"]\n    node_venv_lib_python3_12 --> node_venv_lib_python3_12_site-packages["site-packages"]\n    node_venv_lib_python3_12_site-packages --> node_venv_lib_python3_12_site-packages_PyQt6["PyQt6"]\n    node_venv_lib_python3_12_site-packages_PyQt6 --> node_venv_lib_python3_12_site-packages_PyQt6_Qt6["Qt6"]\n    node_venv_lib_python3_12_site-packages_PyQt6_Qt6 --> node_venv_lib_python3_12_site-packages_PyQt6_Qt6_qml["qml"]\n    node_venv_lib_python3_12_site-packages_PyQt6_Qt6_qml --> node_venv_lib_python3_12_site-packages_PyQt6_Qt6_qml_QtQuick["QtQuick"]\n    node_venv_lib_python3_12_site-packages_PyQt6_Qt6_qml_QtQuick --> node_venv_lib_python3_12_site-packages_PyQt6_Qt6_qml_QtQuick_Controls["Controls"]\n    node_venv_lib_python3_12_site-packages_PyQt6_Qt6_qml_QtQuick_Controls --> node_venv_lib_python3_12_site-packages_PyQt6_Qt6_qml_QtQuick_Controls_FluentWinUI3["FluentWinUI3"]\n    node_venv_lib_python3_12_site-packages_PyQt6_Qt6_qml_QtQuick_Controls_FluentWinUI3 --> node_venv_lib_python3_12_site-packages_PyQt6_Qt6_qml_QtQuick_Controls_FluentWinUI3_light["light"]\n    node_venv_lib_python3_12_site-packages_PyQt6_Qt6_qml_QtQuick_Controls_FluentWinUI3_light --> node_venv_lib_python3_12_site-packages_PyQt6_Qt6_qml_QtQuick_Controls_FluentWinUI3_light_images["images"]\n    node_venv_lib_python3_12_site-packages_PyQt6_Qt6_qml_QtQuick_Controls_FluentWinUI3_light_images --> node_venv_lib_python3_12_site-packages_PyQt6_Qt6_qml_QtQuick_Controls_FluentWinUI3_light_images_combobox-background-focused@3x_png["combobox-background-focused@3x.png"]\n    Root --> node_venv["venv"]\n    node_venv --> node_venv_lib["lib"]\n    node_venv_lib --> node_venv_lib_python3_12["python3.12"]\n    node_venv_lib_python3_12 --> node_venv_lib_python3_12_site-packages["site-packages"]\n    node_venv_lib_python3_12_site-packages --> node_venv_lib_python3_12_site-packages_PyQt6["PyQt6"]\n    node_venv_lib_python3_12_site-packages_PyQt6 --> node_venv_lib_python3_12_site-packages_PyQt6_Qt6["Qt6"]\n    node_venv_lib_python3_12_site-packages_PyQt6_Qt6 --> node_venv_lib_python3_12_site-packages_PyQt6_Qt6_qml["qml"]\n    node_venv_lib_python3_12_site-packages_PyQt6_Qt6_qml --> node_venv_lib_python3_12_site-packages_PyQt6_Qt6_qml_QtQuick["QtQuick"]\n    node_venv_lib_python3_12_site-packages_PyQt6_Qt6_qml_QtQuick --> node_venv_lib_python3_12_site-packages_PyQt6_Qt6_qml_QtQuick_Controls["Controls"]\n    node_venv_lib_python3_12_site-packages_PyQt6_Qt6_qml_QtQuick_Controls --> node_venv_lib_python3_12_site-packages_PyQt6_Qt6_qml_QtQuick_Controls_FluentWinUI3["FluentWinUI3"]\n    node_venv_lib_python3_12_site-packages_PyQt6_Qt6_qml_QtQuick_Controls_FluentWinUI3 --> node_venv_lib_python3_12_site-packages_PyQt6_Qt6_qml_QtQuick_Controls_FluentWinUI3_light["light"]\n    node_venv_lib_python3_12_site-packages_PyQt6_Qt6_qml_QtQuick_Controls_FluentWinUI3_light --> node_venv_lib_python3_12_site-packages_PyQt6_Qt6_qml_QtQuick_Controls_FluentWinUI3_light_images["images"]\n    node_venv_lib_python3_12_site-packages_PyQt6_Qt6_qml_QtQuick_Controls_FluentWinUI3_light_images --> node_venv_lib_python3_12_site-packages_PyQt6_Qt6_qml_QtQuick_Controls_FluentWinUI3_light_images_combobox-background-hovered-open_png["combobox-background-hovered-open.png"]\n    Root --> node_venv["venv"]\n    node_venv --> node_venv_lib["lib"]\n    node_venv_lib --> node_venv_lib_python3_12["python3.12"]\n    node_venv_lib_python3_12 --> node_venv_lib_python3_12_site-packages["site-packages"]\n    node_venv_lib_python3_12_site-packages --> node_venv_lib_python3_12_site-packages_PyQt6["PyQt6"]\n    node_venv_lib_python3_12_site-packages_PyQt6 --> node_venv_lib_python3_12_site-packages_PyQt6_Qt6["Qt6"]\n    node_venv_lib_python3_12_site-packages_PyQt6_Qt6 --> node_venv_lib_python3_12_site-packages_PyQt6_Qt6_qml["qml"]\n    node_venv_lib_python3_12_site-packages_PyQt6_Qt6_qml --> node_venv_lib_python3_12_site-packages_PyQt6_Qt6_qml_QtQuick["QtQuick"]\n    node_venv_lib_python3_12_site-packages_PyQt6_Qt6_qml_QtQuick --> node_venv_lib_python3_12_site-packages_PyQt6_Qt6_qml_QtQuick_Controls["Controls"]\n    node_venv_lib_python3_12_site-packages_PyQt6_Qt6_qml_QtQuick_Controls --> node_venv_lib_python3_12_site-packages_PyQt6_Qt6_qml_QtQuick_Controls_FluentWinUI3["FluentWinUI3"]\n    node_venv_lib_python3_12_site-packages_PyQt6_Qt6_qml_QtQuick_Controls_FluentWinUI3 --> node_venv_lib_python3_12_site-packages_PyQt6_Qt6_qml_QtQuick_Controls_FluentWinUI3_light["light"]\n    node_venv_lib_python3_12_site-packages_PyQt6_Qt6_qml_QtQuick_Controls_FluentWinUI3_light --> node_venv_lib_python3_12_site-packages_PyQt6_Qt6_qml_QtQuick_Controls_FluentWinUI3_light_images["images"]\n    node_venv_lib_python3_12_site-packages_PyQt6_Qt6_qml_QtQuick_Controls_FluentWinUI3_light_images --> node_venv_lib_python3_12_site-packages_PyQt6_Qt6_qml_QtQuick_Controls_FluentWinUI3_light_images_combobox-background-hovered-open@2x_png["combobox-background-hovered-open@2x.png"]\n    Root --> node_venv["venv"]\n    node_venv --> node_venv_lib["lib"]\n    node_venv_lib --> node_venv_lib_python3_12["python3.12"]\n    node_venv_lib_python3_12 --> node_venv_lib_python3_12_site-packages["site-packages"]\n    node_venv_lib_python3_12_site-packages --> node_venv_lib_python3_12_site-packages_PyQt6["PyQt6"]\n    node_venv_lib_python3_12_site-packages_PyQt6 --> node_venv_lib_python3_12_site-packages_PyQt6_Qt6["Qt6"]\n    node_venv_lib_python3_12_site-packages_PyQt6_Qt6 --> node_venv_lib_python3_12_site-packages_PyQt6_Qt6_qml["qml"]\n    node_venv_lib_python3_12_site-packages_PyQt6_Qt6_qml --> node_venv_lib_python3_12_site-packages_PyQt6_Qt6_qml_QtQuick["QtQuick"]\n    node_venv_lib_python3_12_site-packages_PyQt6_Qt6_qml_QtQuick --> node_venv_lib_python3_12_site-packages_PyQt6_Qt6_qml_QtQuick_Controls["Controls"]\n    node_venv_lib_python3_12_site-packages_PyQt6_Qt6_qml_QtQuick_Controls --> node_venv_lib_python3_12_site-packages_PyQt6_Qt6_qml_QtQuick_Controls_FluentWinUI3["FluentWinUI3"]\n    node_venv_lib_python3_12_site-packages_PyQt6_Qt6_qml_QtQuick_Controls_FluentWinUI3 --> node_venv_lib_python3_12_site-packages_PyQt6_Qt6_qml_QtQuick_Controls_FluentWinUI3_light["light"]\n    node_venv_lib_python3_12_site-packages_PyQt6_Qt6_qml_QtQuick_Controls_FluentWinUI3_light --> node_venv_lib_python3_12_site-packages_PyQt6_Qt6_qml_QtQuick_Controls_FluentWinUI3_light_images["images"]\n    node_venv_lib_python3_12_site-packages_PyQt6_Qt6_qml_QtQuick_Controls_FluentWinUI3_light_images --> node_venv_lib_python3_12_site-packages_PyQt6_Qt6_qml_QtQuick_Controls_FluentWinUI3_light_images_combobox-background-hovered-open@3x_png["combobox-background-hovered-open@3x.png"]\n    Root --> node_venv["venv"]\n    node_venv --> node_venv_lib["lib"]\n    node_venv_lib --> node_venv_lib_python3_12["python3.12"]\n    node_venv_lib_python3_12 --> node_venv_lib_python3_12_site-packages["site-packages"]\n    node_venv_lib_python3_12_site-packages --> node_venv_lib_python3_12_site-packages_PyQt6["PyQt6"]\n    node_venv_lib_python3_12_site-packages_PyQt6 --> node_venv_lib_python3_12_site-packages_PyQt6_Qt6["Qt6"]\n    node_venv_lib_python3_12_site-packages_PyQt6_Qt6 --> node_venv_lib_python3_12_site-packages_PyQt6_Qt6_qml["qml"]\n    node_venv_lib_python3_12_site-packages_PyQt6_Qt6_qml --> node_venv_lib_python3_12_site-packages_PyQt6_Qt6_qml_QtQuick["QtQuick"]\n    node_venv_lib_python3_12_site-packages_PyQt6_Qt6_qml_QtQuick --> node_venv_lib_python3_12_site-packages_PyQt6_Qt6_qml_QtQuick_Controls["Controls"]\n    node_venv_lib_python3_12_site-packages_PyQt6_Qt6_qml_QtQuick_Controls --> node_venv_lib_python3_12_site-packages_PyQt6_Qt6_qml_QtQuick_Controls_FluentWinUI3["FluentWinUI3"]\n    node_venv_lib_python3_12_site-packages_PyQt6_Qt6_qml_QtQuick_Controls_FluentWinUI3 --> node_venv_lib_python3_12_site-packages_PyQt6_Qt6_qml_QtQuick_Controls_FluentWinUI3_light["light"]\n    node_venv_lib_python3_12_site-packages_PyQt6_Qt6_qml_QtQuick_Controls_FluentWinUI3_light --> node_venv_lib_python3_12_site-packages_PyQt6_Qt6_qml_QtQuick_Controls_FluentWinUI3_light_images["images"]\n    node_venv_lib_python3_12_site-packages_PyQt6_Qt6_qml_QtQuick_Controls_FluentWinUI3_light_images --> node_venv_lib_python3_12_site-packages_PyQt6_Qt6_qml_QtQuick_Controls_FluentWinUI3_light_images_combobox-background-hovered_png["combobox-background-hovered.png"]\n    Root --> node_venv["venv"]\n    node_venv --> node_venv_lib["lib"]\n    node_venv_lib --> node_venv_lib_python3_12["python3.12"]\n    node_venv_lib_python3_12 --> node_venv_lib_python3_12_site-packages["site-packages"]\n    node_venv_lib_python3_12_site-packages --> node_venv_lib_python3_12_site-packages_PyQt6["PyQt6"]\n    node_venv_lib_python3_12_site-packages_PyQt6 --> node_venv_lib_python3_12_site-packages_PyQt6_Qt6["Qt6"]\n    node_venv_lib_python3_12_site-packages_PyQt6_Qt6 --> node_venv_lib_python3_12_site-packages_PyQt6_Qt6_qml["qml"]\n    node_venv_lib_python3_12_site-packages_PyQt6_Qt6_qml --> node_venv_lib_python3_12_site-packages_PyQt6_Qt6_qml_QtQuick["QtQuick"]\n    node_venv_lib_python3_12_site-packages_PyQt6_Qt6_qml_QtQuick --> node_venv_lib_python3_12_site-packages_PyQt6_Qt6_qml_QtQuick_Controls["Controls"]\n    node_venv_lib_python3_12_site-packages_PyQt6_Qt6_qml_QtQuick_Controls --> node_venv_lib_python3_12_site-packages_PyQt6_Qt6_qml_QtQuick_Controls_FluentWinUI3["FluentWinUI3"]\n    node_venv_lib_python3_12_site-packages_PyQt6_Qt6_qml_QtQuick_Controls_FluentWinUI3 --> node_venv_lib_python3_12_site-packages_PyQt6_Qt6_qml_QtQuick_Controls_FluentWinUI3_light["light"]\n    node_venv_lib_python3_12_site-packages_PyQt6_Qt6_qml_QtQuick_Controls_FluentWinUI3_light --> node_venv_lib_python3_12_site-packages_PyQt6_Qt6_qml_QtQuick_Controls_FluentWinUI3_light_images["images"]\n    node_venv_lib_python3_12_site-packages_PyQt6_Qt6_qml_QtQuick_Controls_FluentWinUI3_light_images --> node_venv_lib_python3_12_site-packages_PyQt6_Qt6_qml_QtQuick_Controls_FluentWinUI3_light_images_combobox-background-hovered@2x_png["combobox-background-hovered@2x.png"]\n    Root --> node_venv["venv"]\n    node_venv --> node_venv_lib["lib"]\n    node_venv_lib --> node_venv_lib_python3_12["python3.12"]\n    node_venv_lib_python3_12 --> node_venv_lib_python3_12_site-packages["site-packages"]\n    node_venv_lib_python3_12_site-packages --> node_venv_lib_python3_12_site-packages_PyQt6["PyQt6"]\n    node_venv_lib_python3_12_site-packages_PyQt6 --> node_venv_lib_python3_12_site-packages_PyQt6_Qt6["Qt6"]\n    node_venv_lib_python3_12_site-packages_PyQt6_Qt6 --> node_venv_lib_python3_12_site-packages_PyQt6_Qt6_qml["qml"]\n    node_venv_lib_python3_12_site-packages_PyQt6_Qt6_qml --> node_venv_lib_python3_12_site-packages_PyQt6_Qt6_qml_QtQuick["QtQuick"]\n    node_venv_lib_python3_12_site-packages_PyQt6_Qt6_qml_QtQuick --> node_venv_lib_python3_12_site-packages_PyQt6_Qt6_qml_QtQuick_Controls["Controls"]\n    node_venv_lib_python3_12_site-packages_PyQt6_Qt6_qml_QtQuick_Controls --> node_venv_lib_python3_12_site-packages_PyQt6_Qt6_qml_QtQuick_Controls_FluentWinUI3["FluentWinUI3"]\n    node_venv_lib_python3_12_site-packages_PyQt6_Qt6_qml_QtQuick_Controls_FluentWinUI3 --> node_venv_lib_python3_12_site-packages_PyQt6_Qt6_qml_QtQuick_Controls_FluentWinUI3_light["light"]\n    node_venv_lib_python3_12_site-packages_PyQt6_Qt6_qml_QtQuick_Controls_FluentWinUI3_light --> node_venv_lib_python3_12_site-packages_PyQt6_Qt6_qml_QtQuick_Controls_FluentWinUI3_light_images["images"]\n    node_venv_lib_python3_12_site-packages_PyQt6_Qt6_qml_QtQuick_Controls_FluentWinUI3_light_images --> node_venv_lib_python3_12_site-packages_PyQt6_Qt6_qml_QtQuick_Controls_FluentWinUI3_light_images_combobox-background-hovered@3x_png["combobox-background-hovered@3x.png"]\n    Root --> node_venv["venv"]\n    node_venv --> node_venv_lib["lib"]\n    node_venv_lib --> node_venv_lib_python3_12["python3.12"]\n    node_venv_lib_python3_12 --> node_venv_lib_python3_12_site-packages["site-packages"]\n    node_venv_lib_python3_12_site-packages --> node_venv_lib_python3_12_site-packages_PyQt6["PyQt6"]\n    node_venv_lib_python3_12_site-packages_PyQt6 --> node_venv_lib_python3_12_site-packages_PyQt6_Qt6["Qt6"]\n    node_venv_lib_python3_12_site-packages_PyQt6_Qt6 --> node_venv_lib_python3_12_site-packages_PyQt6_Qt6_qml["qml"]\n    node_venv_lib_python3_12_site-packages_PyQt6_Qt6_qml --> node_venv_lib_python3_12_site-packages_PyQt6_Qt6_qml_QtQuick["QtQuick"]\n    node_venv_lib_python3_12_site-packages_PyQt6_Qt6_qml_QtQuick --> node_venv_lib_python3_12_site-packages_PyQt6_Qt6_qml_QtQuick_Controls["Controls"]\n    node_venv_lib_python3_12_site-packages_PyQt6_Qt6_qml_QtQuick_Controls --> node_venv_lib_python3_12_site-packages_PyQt6_Qt6_qml_QtQuick_Controls_FluentWinUI3["FluentWinUI3"]\n    node_venv_lib_python3_12_site-packages_PyQt6_Qt6_qml_QtQuick_Controls_FluentWinUI3 --> node_venv_lib_python3_12_site-packages_PyQt6_Qt6_qml_QtQuick_Controls_FluentWinUI3_light["light"]\n    node_venv_lib_python3_12_site-packages_PyQt6_Qt6_qml_QtQuick_Controls_FluentWinUI3_light --> node_venv_lib_python3_12_site-packages_PyQt6_Qt6_qml_QtQuick_Controls_FluentWinUI3_light_images["images"]\n    node_venv_lib_python3_12_site-packages_PyQt6_Qt6_qml_QtQuick_Controls_FluentWinUI3_light_images --> node_venv_lib_python3_12_site-packages_PyQt6_Qt6_qml_QtQuick_Controls_FluentWinUI3_light_images_combobox-background-open-pressed_png["combobox-background-open-pressed.png"]\n    Root --> node_venv["venv"]\n    node_venv --> node_venv_lib["lib"]\n    node_venv_lib --> node_venv_lib_python3_12["python3.12"]\n    node_venv_lib_python3_12 --> node_venv_lib_python3_12_site-packages["site-packages"]\n    node_venv_lib_python3_12_site-packages --> node_venv_lib_python3_12_site-packages_PyQt6["PyQt6"]\n    node_venv_lib_python3_12_site-packages_PyQt6 --> node_venv_lib_python3_12_site-packages_PyQt6_Qt6["Qt6"]\n    node_venv_lib_python3_12_site-packages_PyQt6_Qt6 --> node_venv_lib_python3_12_site-packages_PyQt6_Qt6_qml["qml"]\n    node_venv_lib_python3_12_site-packages_PyQt6_Qt6_qml --> node_venv_lib_python3_12_site-packages_PyQt6_Qt6_qml_QtQuick["QtQuick"]\n    node_venv_lib_python3_12_site-packages_PyQt6_Qt6_qml_QtQuick --> node_venv_lib_python3_12_site-packages_PyQt6_Qt6_qml_QtQuick_Controls["Controls"]\n    node_venv_lib_python3_12_site-packages_PyQt6_Qt6_qml_QtQuick_Controls --> node_venv_lib_python3_12_site-packages_PyQt6_Qt6_qml_QtQuick_Controls_FluentWinUI3["FluentWinUI3"]\n    node_venv_lib_python3_12_site-packages_PyQt6_Qt6_qml_QtQuick_Controls_FluentWinUI3 --> node_venv_lib_python3_12_site-packages_PyQt6_Qt6_qml_QtQuick_Controls_FluentWinUI3_light["light"]\n    node_venv_lib_python3_12_site-packages_PyQt6_Qt6_qml_QtQuick_Controls_FluentWinUI3_light --> node_venv_lib_python3_12_site-packages_PyQt6_Qt6_qml_QtQuick_Controls_FluentWinUI3_light_images["images"]\n    node_venv_lib_python3_12_site-packages_PyQt6_Qt6_qml_QtQuick_Controls_FluentWinUI3_light_images --> node_venv_lib_python3_12_site-packages_PyQt6_Qt6_qml_QtQuick_Controls_FluentWinUI3_light_images_combobox-background-open-pressed@2x_png["combobox-background-open-pressed@2x.png"]\n    Root --> node_venv["venv"]\n    node_venv --> node_venv_lib["lib"]\n    node_venv_lib --> node_venv_lib_python3_12["python3.12"]\n    node_venv_lib_python3_12 --> node_venv_lib_python3_12_site-packages["site-packages"]\n    node_venv_lib_python3_12_site-packages --> node_venv_lib_python3_12_site-packages_PyQt6["PyQt6"]\n    node_venv_lib_python3_12_site-packages_PyQt6 --> node_venv_lib_python3_12_site-packages_PyQt6_Qt6["Qt6"]\n    node_venv_lib_python3_12_site-packages_PyQt6_Qt6 --> node_venv_lib_python3_12_site-packages_PyQt6_Qt6_qml["qml"]\n    node_venv_lib_python3_12_site-packages_PyQt6_Qt6_qml --> node_venv_lib_python3_12_site-packages_PyQt6_Qt6_qml_QtQuick["QtQuick"]\n    node_venv_lib_python3_12_site-packages_PyQt6_Qt6_qml_QtQuick --> node_venv_lib_python3_12_site-packages_PyQt6_Qt6_qml_QtQuick_Controls["Controls"]\n    node_venv_lib_python3_12_site-packages_PyQt6_Qt6_qml_QtQuick_Controls --> node_venv_lib_python3_12_site-packages_PyQt6_Qt6_qml_QtQuick_Controls_FluentWinUI3["FluentWinUI3"]\n    node_venv_lib_python3_12_site-packages_PyQt6_Qt6_qml_QtQuick_Controls_FluentWinUI3 --> node_venv_lib_python3_12_site-packages_PyQt6_Qt6_qml_QtQuick_Controls_FluentWinUI3_light["light"]\n    node_venv_lib_python3_12_site-packages_PyQt6_Qt6_qml_QtQuick_Controls_FluentWinUI3_light --> node_venv_lib_python3_12_site-packages_PyQt6_Qt6_qml_QtQuick_Controls_FluentWinUI3_light_images["images"]\n    node_venv_lib_python3_12_site-packages_PyQt6_Qt6_qml_QtQuick_Controls_FluentWinUI3_light_images --> node_venv_lib_python3_12_site-packages_PyQt6_Qt6_qml_QtQuick_Controls_FluentWinUI3_light_images_combobox-background-open-pressed@3x_png["combobox-background-open-pressed@3x.png"]\n    Root --> node_venv["venv"]\n    node_venv --> node_venv_lib["lib"]\n    node_venv_lib --> node_venv_lib_python3_12["python3.12"]\n    node_venv_lib_python3_12 --> node_venv_lib_python3_12_site-packages["site-packages"]\n    node_venv_lib_python3_12_site-packages --> node_venv_lib_python3_12_site-packages_PyQt6["PyQt6"]\n    node_venv_lib_python3_12_site-packages_PyQt6 --> node_venv_lib_python3_12_site-packages_PyQt6_Qt6["Qt6"]\n    node_venv_lib_python3_12_site-packages_PyQt6_Qt6 --> node_venv_lib_python3_12_site-packages_PyQt6_Qt6_qml["qml"]\n    node_venv_lib_python3_12_site-packages_PyQt6_Qt6_qml --> node_venv_lib_python3_12_site-packages_PyQt6_Qt6_qml_QtQuick["QtQuick"]\n    node_venv_lib_python3_12_site-packages_PyQt6_Qt6_qml_QtQuick --> node_venv_lib_python3_12_site-packages_PyQt6_Qt6_qml_QtQuick_Controls["Controls"]\n    node_venv_lib_python3_12_site-packages_PyQt6_Qt6_qml_QtQuick_Controls --> node_venv_lib_python3_12_site-packages_PyQt6_Qt6_qml_QtQuick_Controls_FluentWinUI3["FluentWinUI3"]\n    node_venv_lib_python3_12_site-packages_PyQt6_Qt6_qml_QtQuick_Controls_FluentWinUI3 --> node_venv_lib_python3_12_site-packages_PyQt6_Qt6_qml_QtQuick_Controls_FluentWinUI3_light["light"]\n    node_venv_lib_python3_12_site-packages_PyQt6_Qt6_qml_QtQuick_Controls_FluentWinUI3_light --> node_venv_lib_python3_12_site-packages_PyQt6_Qt6_qml_QtQuick_Controls_FluentWinUI3_light_images["images"]\n    node_venv_lib_python3_12_site-packages_PyQt6_Qt6_qml_QtQuick_Controls_FluentWinUI3_light_images --> node_venv_lib_python3_12_site-packages_PyQt6_Qt6_qml_QtQuick_Controls_FluentWinUI3_light_images_combobox-background-open_png["combobox-background-open.png"]\n    Root --> node_venv["venv"]\n    node_venv --> node_venv_lib["lib"]\n    node_venv_lib --> node_venv_lib_python3_12["python3.12"]\n    node_venv_lib_python3_12 --> node_venv_lib_python3_12_site-packages["site-packages"]\n    node_venv_lib_python3_12_site-packages --> node_venv_lib_python3_12_site-packages_PyQt6["PyQt6"]\n    node_venv_lib_python3_12_site-packages_PyQt6 --> node_venv_lib_python3_12_site-packages_PyQt6_Qt6["Qt6"]\n    node_venv_lib_python3_12_site-packages_PyQt6_Qt6 --> node_venv_lib_python3_12_site-packages_PyQt6_Qt6_qml["qml"]\n    node_venv_lib_python3_12_site-packages_PyQt6_Qt6_qml --> node_venv_lib_python3_12_site-packages_PyQt6_Qt6_qml_QtQuick["QtQuick"]\n    node_venv_lib_python3_12_site-packages_PyQt6_Qt6_qml_QtQuick --> node_venv_lib_python3_12_site-packages_PyQt6_Qt6_qml_QtQuick_Controls["Controls"]\n    node_venv_lib_python3_12_site-packages_PyQt6_Qt6_qml_QtQuick_Controls --> node_venv_lib_python3_12_site-packages_PyQt6_Qt6_qml_QtQuick_Controls_FluentWinUI3["FluentWinUI3"]\n    node_venv_lib_python3_12_site-packages_PyQt6_Qt6_qml_QtQuick_Controls_FluentWinUI3 --> node_venv_lib_python3_12_site-packages_PyQt6_Qt6_qml_QtQuick_Controls_FluentWinUI3_light["light"]\n    node_venv_lib_python3_12_site-packages_PyQt6_Qt6_qml_QtQuick_Controls_FluentWinUI3_light --> node_venv_lib_python3_12_site-packages_PyQt6_Qt6_qml_QtQuick_Controls_FluentWinUI3_light_images["images"]\n    node_venv_lib_python3_12_site-packages_PyQt6_Qt6_qml_QtQuick_Controls_FluentWinUI3_light_images --> node_venv_lib_python3_12_site-packages_PyQt6_Qt6_qml_QtQuick_Controls_FluentWinUI3_light_images_combobox-background-open@2x_png["combobox-background-open@2x.png"]\n    Root --> node_venv["venv"]\n    node_venv --> node_venv_lib["lib"]\n    node_venv_lib --> node_venv_lib_python3_12["python3.12"]\n    node_venv_lib_python3_12 --> node_venv_lib_python3_12_site-packages["site-packages"]\n    node_venv_lib_python3_12_site-packages --> node_venv_lib_python3_12_site-packages_PyQt6["PyQt6"]\n    node_venv_lib_python3_12_site-packages_PyQt6 --> node_venv_lib_python3_12_site-packages_PyQt6_Qt6["Qt6"]\n    node_venv_lib_python3_12_site-packages_PyQt6_Qt6 --> node_venv_lib_python3_12_site-packages_PyQt6_Qt6_qml["qml"]\n    node_venv_lib_python3_12_site-packages_PyQt6_Qt6_qml --> node_venv_lib_python3_12_site-packages_PyQt6_Qt6_qml_QtQuick["QtQuick"]\n    node_venv_lib_python3_12_site-packages_PyQt6_Qt6_qml_QtQuick --> node_venv_lib_python3_12_site-packages_PyQt6_Qt6_qml_QtQuick_Controls["Controls"]\n    node_venv_lib_python3_12_site-packages_PyQt6_Qt6_qml_QtQuick_Controls --> node_venv_lib_python3_12_site-packages_PyQt6_Qt6_qml_QtQuick_Controls_FluentWinUI3["FluentWinUI3"]\n    node_venv_lib_python3_12_site-packages_PyQt6_Qt6_qml_QtQuick_Controls_FluentWinUI3 --> node_venv_lib_python3_12_site-packages_PyQt6_Qt6_qml_QtQuick_Controls_FluentWinUI3_light["light"]\n    node_venv_lib_python3_12_site-packages_PyQt6_Qt6_qml_QtQuick_Controls_FluentWinUI3_light --> node_venv_lib_python3_12_site-packages_PyQt6_Qt6_qml_QtQuick_Controls_FluentWinUI3_light_images["images"]\n    node_venv_lib_python3_12_site-packages_PyQt6_Qt6_qml_QtQuick_Controls_FluentWinUI3_light_images --> node_venv_lib_python3_12_site-packages_PyQt6_Qt6_qml_QtQuick_Controls_FluentWinUI3_light_images_combobox-background-open@3x_png["combobox-background-open@3x.png"]\n    Root --> node_venv["venv"]\n    node_venv --> node_venv_lib["lib"]\n    node_venv_lib --> node_venv_lib_python3_12["python3.12"]\n    node_venv_lib_python3_12 --> node_venv_lib_python3_12_site-packages["site-packages"]\n    node_venv_lib_python3_12_site-packages --> node_venv_lib_python3_12_site-packages_PyQt6["PyQt6"]\n    node_venv_lib_python3_12_site-packages_PyQt6 --> node_venv_lib_python3_12_site-packages_PyQt6_Qt6["Qt6"]\n    node_venv_lib_python3_12_site-packages_PyQt6_Qt6 --> node_venv_lib_python3_12_site-packages_PyQt6_Qt6_qml["qml"]\n    node_venv_lib_python3_12_site-packages_PyQt6_Qt6_qml --> node_venv_lib_python3_12_site-packages_PyQt6_Qt6_qml_QtQuick["QtQuick"]\n    node_venv_lib_python3_12_site-packages_PyQt6_Qt6_qml_QtQuick --> node_venv_lib_python3_12_site-packages_PyQt6_Qt6_qml_QtQuick_Controls["Controls"]\n    node_venv_lib_python3_12_site-packages_PyQt6_Qt6_qml_QtQuick_Controls --> node_venv_lib_python3_12_site-packages_PyQt6_Qt6_qml_QtQuick_Controls_FluentWinUI3["FluentWinUI3"]\n    node_venv_lib_python3_12_site-packages_PyQt6_Qt6_qml_QtQuick_Controls_FluentWinUI3 --> node_venv_lib_python3_12_site-packages_PyQt6_Qt6_qml_QtQuick_Controls_FluentWinUI3_light["light"]\n    node_venv_lib_python3_12_site-packages_PyQt6_Qt6_qml_QtQuick_Controls_FluentWinUI3_light --> node_venv_lib_python3_12_site-packages_PyQt6_Qt6_qml_QtQuick_Controls_FluentWinUI3_light_images["images"]\n    node_venv_lib_python3_12_site-packages_PyQt6_Qt6_qml_QtQuick_Controls_FluentWinUI3_light_images --> node_venv_lib_python3_12_site-packages_PyQt6_Qt6_qml_QtQuick_Controls_FluentWinUI3_light_images_combobox-background-pressed_png["combobox-background-pressed.png"]\n    Root --> node_venv["venv"]\n    node_venv --> node_venv_lib["lib"]\n    node_venv_lib --> node_venv_lib_python3_12["python3.12"]\n    node_venv_lib_python3_12 --> node_venv_lib_python3_12_site-packages["site-packages"]\n    node_venv_lib_python3_12_site-packages --> node_venv_lib_python3_12_site-packages_PyQt6["PyQt6"]\n    node_venv_lib_python3_12_site-packages_PyQt6 --> node_venv_lib_python3_12_site-packages_PyQt6_Qt6["Qt6"]\n    node_venv_lib_python3_12_site-packages_PyQt6_Qt6 --> node_venv_lib_python3_12_site-packages_PyQt6_Qt6_qml["qml"]\n    node_venv_lib_python3_12_site-packages_PyQt6_Qt6_qml --> node_venv_lib_python3_12_site-packages_PyQt6_Qt6_qml_QtQuick["QtQuick"]\n    node_venv_lib_python3_12_site-packages_PyQt6_Qt6_qml_QtQuick --> node_venv_lib_python3_12_site-packages_PyQt6_Qt6_qml_QtQuick_Controls["Controls"]\n    node_venv_lib_python3_12_site-packages_PyQt6_Qt6_qml_QtQuick_Controls --> node_venv_lib_python3_12_site-packages_PyQt6_Qt6_qml_QtQuick_Controls_FluentWinUI3["FluentWinUI3"]\n    node_venv_lib_python3_12_site-packages_PyQt6_Qt6_qml_QtQuick_Controls_FluentWinUI3 --> node_venv_lib_python3_12_site-packages_PyQt6_Qt6_qml_QtQuick_Controls_FluentWinUI3_light["light"]\n    node_venv_lib_python3_12_site-packages_PyQt6_Qt6_qml_QtQuick_Controls_FluentWinUI3_light --> node_venv_lib_python3_12_site-packages_PyQt6_Qt6_qml_QtQuick_Controls_FluentWinUI3_light_images["images"]\n    node_venv_lib_python3_12_site-packages_PyQt6_Qt6_qml_QtQuick_Controls_FluentWinUI3_light_images --> node_venv_lib_python3_12_site-packages_PyQt6_Qt6_qml_QtQuick_Controls_FluentWinUI3_light_images_combobox-background-pressed@2x_png["combobox-background-pressed@2x.png"]\n    Root --> node_venv["venv"]\n    node_venv --> node_venv_lib["lib"]\n    node_venv_lib --> node_venv_lib_python3_12["python3.12"]\n    node_venv_lib_python3_12 --> node_venv_lib_python3_12_site-packages["site-packages"]\n    node_venv_lib_python3_12_site-packages --> node_venv_lib_python3_12_site-packages_PyQt6["PyQt6"]\n    node_venv_lib_python3_12_site-packages_PyQt6 --> node_venv_lib_python3_12_site-packages_PyQt6_Qt6["Qt6"]\n    node_venv_lib_python3_12_site-packages_PyQt6_Qt6 --> node_venv_lib_python3_12_site-packages_PyQt6_Qt6_qml["qml"]\n    node_venv_lib_python3_12_site-packages_PyQt6_Qt6_qml --> node_venv_lib_python3_12_site-packages_PyQt6_Qt6_qml_QtQuick["QtQuick"]\n    node_venv_lib_python3_12_site-packages_PyQt6_Qt6_qml_QtQuick --> node_venv_lib_python3_12_site-packages_PyQt6_Qt6_qml_QtQuick_Controls["Controls"]\n    node_venv_lib_python3_12_site-packages_PyQt6_Qt6_qml_QtQuick_Controls --> node_venv_lib_python3_12_site-packages_PyQt6_Qt6_qml_QtQuick_Controls_FluentWinUI3["FluentWinUI3"]\n    node_venv_lib_python3_12_site-packages_PyQt6_Qt6_qml_QtQuick_Controls_FluentWinUI3 --> node_venv_lib_python3_12_site-packages_PyQt6_Qt6_qml_QtQuick_Controls_FluentWinUI3_light["light"]\n    node_venv_lib_python3_12_site-packages_PyQt6_Qt6_qml_QtQuick_Controls_FluentWinUI3_light --> node_venv_lib_python3_12_site-packages_PyQt6_Qt6_qml_QtQuick_Controls_FluentWinUI3_light_images["images"]\n    node_venv_lib_python3_12_site-packages_PyQt6_Qt6_qml_QtQuick_Controls_FluentWinUI3_light_images --> node_venv_lib_python3_12_site-packages_PyQt6_Qt6_qml_QtQuick_Controls_FluentWinUI3_light_images_combobox-background-pressed@3x_png["combobox-background-pressed@3x.png"]\n    Root --> node_venv["venv"]\n    node_venv --> node_venv_lib["lib"]\n    node_venv_lib --> node_venv_lib_python3_12["python3.12"]\n    node_venv_lib_python3_12 --> node_venv_lib_python3_12_site-packages["site-packages"]\n    node_venv_lib_python3_12_site-packages --> node_venv_lib_python3_12_site-packages_PyQt6["PyQt6"]\n    node_venv_lib_python3_12_site-packages_PyQt6 --> node_venv_lib_python3_12_site-packages_PyQt6_Qt6["Qt6"]\n    node_venv_lib_python3_12_site-packages_PyQt6_Qt6 --> node_venv_lib_python3_12_site-packages_PyQt6_Qt6_qml["qml"]\n    node_venv_lib_python3_12_site-packages_PyQt6_Qt6_qml --> node_venv_lib_python3_12_site-packages_PyQt6_Qt6_qml_QtQuick["QtQuick"]\n    node_venv_lib_python3_12_site-packages_PyQt6_Qt6_qml_QtQuick --> node_venv_lib_python3_12_site-packages_PyQt6_Qt6_qml_QtQuick_Controls["Controls"]\n    node_venv_lib_python3_12_site-packages_PyQt6_Qt6_qml_QtQuick_Controls --> node_venv_lib_python3_12_site-packages_PyQt6_Qt6_qml_QtQuick_Controls_FluentWinUI3["FluentWinUI3"]\n    node_venv_lib_python3_12_site-packages_PyQt6_Qt6_qml_QtQuick_Controls_FluentWinUI3 --> node_venv_lib_python3_12_site-packages_PyQt6_Qt6_qml_QtQuick_Controls_FluentWinUI3_light["light"]\n    node_venv_lib_python3_12_site-packages_PyQt6_Qt6_qml_QtQuick_Controls_FluentWinUI3_light --> node_venv_lib_python3_12_site-packages_PyQt6_Qt6_qml_QtQuick_Controls_FluentWinUI3_light_images["images"]\n    node_venv_lib_python3_12_site-packages_PyQt6_Qt6_qml_QtQuick_Controls_FluentWinUI3_light_images --> node_venv_lib_python3_12_site-packages_PyQt6_Qt6_qml_QtQuick_Controls_FluentWinUI3_light_images_combobox-background_png["combobox-background.png"]\n    Root --> node_venv["venv"]\n    node_venv --> node_venv_lib["lib"]\n    node_venv_lib --> node_venv_lib_python3_12["python3.12"]\n    node_venv_lib_python3_12 --> node_venv_lib_python3_12_site-packages["site-packages"]\n    node_venv_lib_python3_12_site-packages --> node_venv_lib_python3_12_site-packages_PyQt6["PyQt6"]\n    node_venv_lib_python3_12_site-packages_PyQt6 --> node_venv_lib_python3_12_site-packages_PyQt6_Qt6["Qt6"]\n    node_venv_lib_python3_12_site-packages_PyQt6_Qt6 --> node_venv_lib_python3_12_site-packages_PyQt6_Qt6_qml["qml"]\n    node_venv_lib_python3_12_site-packages_PyQt6_Qt6_qml --> node_venv_lib_python3_12_site-packages_PyQt6_Qt6_qml_QtQuick["QtQuick"]\n    node_venv_lib_python3_12_site-packages_PyQt6_Qt6_qml_QtQuick --> node_venv_lib_python3_12_site-packages_PyQt6_Qt6_qml_QtQuick_Controls["Controls"]\n    node_venv_lib_python3_12_site-packages_PyQt6_Qt6_qml_QtQuick_Controls --> node_venv_lib_python3_12_site-packages_PyQt6_Qt6_qml_QtQuick_Controls_FluentWinUI3["FluentWinUI3"]\n    node_venv_lib_python3_12_site-packages_PyQt6_Qt6_qml_QtQuick_Controls_FluentWinUI3 --> node_venv_lib_python3_12_site-packages_PyQt6_Qt6_qml_QtQuick_Controls_FluentWinUI3_light["light"]\n    node_venv_lib_python3_12_site-packages_PyQt6_Qt6_qml_QtQuick_Controls_FluentWinUI3_light --> node_venv_lib_python3_12_site-packages_PyQt6_Qt6_qml_QtQuick_Controls_FluentWinUI3_light_images["images"]\n    node_venv_lib_python3_12_site-packages_PyQt6_Qt6_qml_QtQuick_Controls_FluentWinUI3_light_images --> node_venv_lib_python3_12_site-packages_PyQt6_Qt6_qml_QtQuick_Controls_FluentWinUI3_light_images_combobox-background@2x_png["combobox-background@2x.png"]\n    Root --> node_venv["venv"]\n    node_venv --> node_venv_lib["lib"]\n    node_venv_lib --> node_venv_lib_python3_12["python3.12"]\n    node_venv_lib_python3_12 --> node_venv_lib_python3_12_site-packages["site-packages"]\n    node_venv_lib_python3_12_site-packages --> node_venv_lib_python3_12_site-packages_PyQt6["PyQt6"]\n    node_venv_lib_python3_12_site-packages_PyQt6 --> node_venv_lib_python3_12_site-packages_PyQt6_Qt6["Qt6"]\n    node_venv_lib_python3_12_site-packages_PyQt6_Qt6 --> node_venv_lib_python3_12_site-packages_PyQt6_Qt6_qml["qml"]\n    node_venv_lib_python3_12_site-packages_PyQt6_Qt6_qml --> node_venv_lib_python3_12_site-packages_PyQt6_Qt6_qml_QtQuick["QtQuick"]\n    node_venv_lib_python3_12_site-packages_PyQt6_Qt6_qml_QtQuick --> node_venv_lib_python3_12_site-packages_PyQt6_Qt6_qml_QtQuick_Controls["Controls"]\n    node_venv_lib_python3_12_site-packages_PyQt6_Qt6_qml_QtQuick_Controls --> node_venv_lib_python3_12_site-packages_PyQt6_Qt6_qml_QtQuick_Controls_FluentWinUI3["FluentWinUI3"]\n    node_venv_lib_python3_12_site-packages_PyQt6_Qt6_qml_QtQuick_Controls_FluentWinUI3 --> node_venv_lib_python3_12_site-packages_PyQt6_Qt6_qml_QtQuick_Controls_FluentWinUI3_light["light"]\n    node_venv_lib_python3_12_site-packages_PyQt6_Qt6_qml_QtQuick_Controls_FluentWinUI3_light --> node_venv_lib_python3_12_site-packages_PyQt6_Qt6_qml_QtQuick_Controls_FluentWinUI3_light_images["images"]\n    node_venv_lib_python3_12_site-packages_PyQt6_Qt6_qml_QtQuick_Controls_FluentWinUI3_light_images --> node_venv_lib_python3_12_site-packages_PyQt6_Qt6_qml_QtQuick_Controls_FluentWinUI3_light_images_combobox-background@3x_png["combobox-background@3x.png"]\n    Root --> node_venv["venv"]\n    node_venv --> node_venv_lib["lib"]\n    node_venv_lib --> node_venv_lib_python3_12["python3.12"]\n    node_venv_lib_python3_12 --> node_venv_lib_python3_12_site-packages["site-packages"]\n    node_venv_lib_python3_12_site-packages --> node_venv_lib_python3_12_site-packages_PyQt6["PyQt6"]\n    node_venv_lib_python3_12_site-packages_PyQt6 --> node_venv_lib_python3_12_site-packages_PyQt6_Qt6["Qt6"]\n    node_venv_lib_python3_12_site-packages_PyQt6_Qt6 --> node_venv_lib_python3_12_site-packages_PyQt6_Qt6_qml["qml"]\n    node_venv_lib_python3_12_site-packages_PyQt6_Qt6_qml --> node_venv_lib_python3_12_site-packages_PyQt6_Qt6_qml_QtQuick["QtQuick"]\n    node_venv_lib_python3_12_site-packages_PyQt6_Qt6_qml_QtQuick --> node_venv_lib_python3_12_site-packages_PyQt6_Qt6_qml_QtQuick_Controls["Controls"]\n    node_venv_lib_python3_12_site-packages_PyQt6_Qt6_qml_QtQuick_Controls --> node_venv_lib_python3_12_site-packages_PyQt6_Qt6_qml_QtQuick_Controls_FluentWinUI3["FluentWinUI3"]\n    node_venv_lib_python3_12_site-packages_PyQt6_Qt6_qml_QtQuick_Controls_FluentWinUI3 --> node_venv_lib_python3_12_site-packages_PyQt6_Qt6_qml_QtQuick_Controls_FluentWinUI3_light["light"]\n    node_venv_lib_python3_12_site-packages_PyQt6_Qt6_qml_QtQuick_Controls_FluentWinUI3_light --> node_venv_lib_python3_12_site-packages_PyQt6_Qt6_qml_QtQuick_Controls_FluentWinUI3_light_images["images"]\n    node_venv_lib_python3_12_site-packages_PyQt6_Qt6_qml_QtQuick_Controls_FluentWinUI3_light_images --> node_venv_lib_python3_12_site-packages_PyQt6_Qt6_qml_QtQuick_Controls_FluentWinUI3_light_images_combobox-indicator-disabled_png["combobox-indicator-disabled.png"]\n    Root --> node_venv["venv"]\n    node_venv --> node_venv_lib["lib"]\n    node_venv_lib --> node_venv_lib_python3_12["python3.12"]\n    node_venv_lib_python3_12 --> node_venv_lib_python3_12_site-packages["site-packages"]\n    node_venv_lib_python3_12_site-packages --> node_venv_lib_python3_12_site-packages_PyQt6["PyQt6"]\n    node_venv_lib_python3_12_site-packages_PyQt6 --> node_venv_lib_python3_12_site-packages_PyQt6_Qt6["Qt6"]\n    node_venv_lib_python3_12_site-packages_PyQt6_Qt6 --> node_venv_lib_python3_12_site-packages_PyQt6_Qt6_qml["qml"]\n    node_venv_lib_python3_12_site-packages_PyQt6_Qt6_qml --> node_venv_lib_python3_12_site-packages_PyQt6_Qt6_qml_QtQuick["QtQuick"]\n    node_venv_lib_python3_12_site-packages_PyQt6_Qt6_qml_QtQuick --> node_venv_lib_python3_12_site-packages_PyQt6_Qt6_qml_QtQuick_Controls["Controls"]\n    node_venv_lib_python3_12_site-packages_PyQt6_Qt6_qml_QtQuick_Controls --> node_venv_lib_python3_12_site-packages_PyQt6_Qt6_qml_QtQuick_Controls_FluentWinUI3["FluentWinUI3"]\n    node_venv_lib_python3_12_site-packages_PyQt6_Qt6_qml_QtQuick_Controls_FluentWinUI3 --> node_venv_lib_python3_12_site-packages_PyQt6_Qt6_qml_QtQuick_Controls_FluentWinUI3_light["light"]\n    node_venv_lib_python3_12_site-packages_PyQt6_Qt6_qml_QtQuick_Controls_FluentWinUI3_light --> node_venv_lib_python3_12_site-packages_PyQt6_Qt6_qml_QtQuick_Controls_FluentWinUI3_light_images["images"]\n    node_venv_lib_python3_12_site-packages_PyQt6_Qt6_qml_QtQuick_Controls_FluentWinUI3_light_images --> node_venv_lib_python3_12_site-packages_PyQt6_Qt6_qml_QtQuick_Controls_FluentWinUI3_light_images_combobox-indicator-disabled@2x_png["combobox-indicator-disabled@2x.png"]\n    Root --> node_venv["venv"]\n    node_venv --> node_venv_lib["lib"]\n    node_venv_lib --> node_venv_lib_python3_12["python3.12"]\n    node_venv_lib_python3_12 --> node_venv_lib_python3_12_site-packages["site-packages"]\n    node_venv_lib_python3_12_site-packages --> node_venv_lib_python3_12_site-packages_PyQt6["PyQt6"]\n    node_venv_lib_python3_12_site-packages_PyQt6 --> node_venv_lib_python3_12_site-packages_PyQt6_Qt6["Qt6"]\n    node_venv_lib_python3_12_site-packages_PyQt6_Qt6 --> node_venv_lib_python3_12_site-packages_PyQt6_Qt6_qml["qml"]\n    node_venv_lib_python3_12_site-packages_PyQt6_Qt6_qml --> node_venv_lib_python3_12_site-packages_PyQt6_Qt6_qml_QtQuick["QtQuick"]\n    node_venv_lib_python3_12_site-packages_PyQt6_Qt6_qml_QtQuick --> node_venv_lib_python3_12_site-packages_PyQt6_Qt6_qml_QtQuick_Controls["Controls"]\n    node_venv_lib_python3_12_site-packages_PyQt6_Qt6_qml_QtQuick_Controls --> node_venv_lib_python3_12_site-packages_PyQt6_Qt6_qml_QtQuick_Controls_FluentWinUI3["FluentWinUI3"]\n    node_venv_lib_python3_12_site-packages_PyQt6_Qt6_qml_QtQuick_Controls_FluentWinUI3 --> node_venv_lib_python3_12_site-packages_PyQt6_Qt6_qml_QtQuick_Controls_FluentWinUI3_light["light"]\n    node_venv_lib_python3_12_site-packages_PyQt6_Qt6_qml_QtQuick_Controls_FluentWinUI3_light --> node_venv_lib_python3_12_site-packages_PyQt6_Qt6_qml_QtQuick_Controls_FluentWinUI3_light_images["images"]\n    node_venv_lib_python3_12_site-packages_PyQt6_Qt6_qml_QtQuick_Controls_FluentWinUI3_light_images --> node_venv_lib_python3_12_site-packages_PyQt6_Qt6_qml_QtQuick_Controls_FluentWinUI3_light_images_combobox-indicator-disabled@3x_png["combobox-indicator-disabled@3x.png"]\n    Root --> node_venv["venv"]\n    node_venv --> node_venv_lib["lib"]\n    node_venv_lib --> node_venv_lib_python3_12["python3.12"]\n    node_venv_lib_python3_12 --> node_venv_lib_python3_12_site-packages["site-packages"]\n    node_venv_lib_python3_12_site-packages --> node_venv_lib_python3_12_site-packages_PyQt6["PyQt6"]\n    node_venv_lib_python3_12_site-packages_PyQt6 --> node_venv_lib_python3_12_site-packages_PyQt6_Qt6["Qt6"]\n    node_venv_lib_python3_12_site-packages_PyQt6_Qt6 --> node_venv_lib_python3_12_site-packages_PyQt6_Qt6_qml["qml"]\n    node_venv_lib_python3_12_site-packages_PyQt6_Qt6_qml --> node_venv_lib_python3_12_site-packages_PyQt6_Qt6_qml_QtQuick["QtQuick"]\n    node_venv_lib_python3_12_site-packages_PyQt6_Qt6_qml_QtQuick --> node_venv_lib_python3_12_site-packages_PyQt6_Qt6_qml_QtQuick_Controls["Controls"]\n    node_venv_lib_python3_12_site-packages_PyQt6_Qt6_qml_QtQuick_Controls --> node_venv_lib_python3_12_site-packages_PyQt6_Qt6_qml_QtQuick_Controls_FluentWinUI3["FluentWinUI3"]\n    node_venv_lib_python3_12_site-packages_PyQt6_Qt6_qml_QtQuick_Controls_FluentWinUI3 --> node_venv_lib_python3_12_site-packages_PyQt6_Qt6_qml_QtQuick_Controls_FluentWinUI3_light["light"]\n    node_venv_lib_python3_12_site-packages_PyQt6_Qt6_qml_QtQuick_Controls_FluentWinUI3_light --> node_venv_lib_python3_12_site-packages_PyQt6_Qt6_qml_QtQuick_Controls_FluentWinUI3_light_images["images"]\n    node_venv_lib_python3_12_site-packages_PyQt6_Qt6_qml_QtQuick_Controls_FluentWinUI3_light_images --> node_venv_lib_python3_12_site-packages_PyQt6_Qt6_qml_QtQuick_Controls_FluentWinUI3_light_images_combobox-indicator-focused_png["combobox-indicator-focused.png"]\n    Root --> node_venv["venv"]\n    node_venv --> node_venv_lib["lib"]\n    node_venv_lib --> node_venv_lib_python3_12["python3.12"]\n    node_venv_lib_python3_12 --> node_venv_lib_python3_12_site-packages["site-packages"]\n    node_venv_lib_python3_12_site-packages --> node_venv_lib_python3_12_site-packages_PyQt6["PyQt6"]\n    node_venv_lib_python3_12_site-packages_PyQt6 --> node_venv_lib_python3_12_site-packages_PyQt6_Qt6["Qt6"]\n    node_venv_lib_python3_12_site-packages_PyQt6_Qt6 --> node_venv_lib_python3_12_site-packages_PyQt6_Qt6_qml["qml"]\n    node_venv_lib_python3_12_site-packages_PyQt6_Qt6_qml --> node_venv_lib_python3_12_site-packages_PyQt6_Qt6_qml_QtQuick["QtQuick"]\n    node_venv_lib_python3_12_site-packages_PyQt6_Qt6_qml_QtQuick --> node_venv_lib_python3_12_site-packages_PyQt6_Qt6_qml_QtQuick_Controls["Controls"]\n    node_venv_lib_python3_12_site-packages_PyQt6_Qt6_qml_QtQuick_Controls --> node_venv_lib_python3_12_site-packages_PyQt6_Qt6_qml_QtQuick_Controls_FluentWinUI3["FluentWinUI3"]\n    node_venv_lib_python3_12_site-packages_PyQt6_Qt6_qml_QtQuick_Controls_FluentWinUI3 --> node_venv_lib_python3_12_site-packages_PyQt6_Qt6_qml_QtQuick_Controls_FluentWinUI3_light["light"]\n    node_venv_lib_python3_12_site-packages_PyQt6_Qt6_qml_QtQuick_Controls_FluentWinUI3_light --> node_venv_lib_python3_12_site-packages_PyQt6_Qt6_qml_QtQuick_Controls_FluentWinUI3_light_images["images"]\n    node_venv_lib_python3_12_site-packages_PyQt6_Qt6_qml_QtQuick_Controls_FluentWinUI3_light_images --> node_venv_lib_python3_12_site-packages_PyQt6_Qt6_qml_QtQuick_Controls_FluentWinUI3_light_images_combobox-indicator-focused@2x_png["combobox-indicator-focused@2x.png"]\n    Root --> node_venv["venv"]\n    node_venv --> node_venv_lib["lib"]\n    node_venv_lib --> node_venv_lib_python3_12["python3.12"]\n    node_venv_lib_python3_12 --> node_venv_lib_python3_12_site-packages["site-packages"]\n    node_venv_lib_python3_12_site-packages --> node_venv_lib_python3_12_site-packages_PyQt6["PyQt6"]\n    node_venv_lib_python3_12_site-packages_PyQt6 --> node_venv_lib_python3_12_site-packages_PyQt6_Qt6["Qt6"]\n    node_venv_lib_python3_12_site-packages_PyQt6_Qt6 --> node_venv_lib_python3_12_site-packages_PyQt6_Qt6_qml["qml"]\n    node_venv_lib_python3_12_site-packages_PyQt6_Qt6_qml --> node_venv_lib_python3_12_site-packages_PyQt6_Qt6_qml_QtQuick["QtQuick"]\n    node_venv_lib_python3_12_site-packages_PyQt6_Qt6_qml_QtQuick --> node_venv_lib_python3_12_site-packages_PyQt6_Qt6_qml_QtQuick_Controls["Controls"]\n    node_venv_lib_python3_12_site-packages_PyQt6_Qt6_qml_QtQuick_Controls --> node_venv_lib_python3_12_site-packages_PyQt6_Qt6_qml_QtQuick_Controls_FluentWinUI3["FluentWinUI3"]\n    node_venv_lib_python3_12_site-packages_PyQt6_Qt6_qml_QtQuick_Controls_FluentWinUI3 --> node_venv_lib_python3_12_site-packages_PyQt6_Qt6_qml_QtQuick_Controls_FluentWinUI3_light["light"]\n    node_venv_lib_python3_12_site-packages_PyQt6_Qt6_qml_QtQuick_Controls_FluentWinUI3_light --> node_venv_lib_python3_12_site-packages_PyQt6_Qt6_qml_QtQuick_Controls_FluentWinUI3_light_images["images"]\n    node_venv_lib_python3_12_site-packages_PyQt6_Qt6_qml_QtQuick_Controls_FluentWinUI3_light_images --> node_venv_lib_python3_12_site-packages_PyQt6_Qt6_qml_QtQuick_Controls_FluentWinUI3_light_images_combobox-indicator-focused@3x_png["combobox-indicator-focused@3x.png"]\n    Root --> node_venv["venv"]\n    node_venv --> node_venv_lib["lib"]\n    node_venv_lib --> node_venv_lib_python3_12["python3.12"]\n    node_venv_lib_python3_12 --> node_venv_lib_python3_12_site-packages["site-packages"]\n    node_venv_lib_python3_12_site-packages --> node_venv_lib_python3_12_site-packages_PyQt6["PyQt6"]\n    node_venv_lib_python3_12_site-packages_PyQt6 --> node_venv_lib_python3_12_site-packages_PyQt6_Qt6["Qt6"]\n    node_venv_lib_python3_12_site-packages_PyQt6_Qt6 --> node_venv_lib_python3_12_site-packages_PyQt6_Qt6_qml["qml"]\n    node_venv_lib_python3_12_site-packages_PyQt6_Qt6_qml --> node_venv_lib_python3_12_site-packages_PyQt6_Qt6_qml_QtQuick["QtQuick"]\n    node_venv_lib_python3_12_site-packages_PyQt6_Qt6_qml_QtQuick --> node_venv_lib_python3_12_site-packages_PyQt6_Qt6_qml_QtQuick_Controls["Controls"]\n    node_venv_lib_python3_12_site-packages_PyQt6_Qt6_qml_QtQuick_Controls --> node_venv_lib_python3_12_site-packages_PyQt6_Qt6_qml_QtQuick_Controls_FluentWinUI3["FluentWinUI3"]\n    node_venv_lib_python3_12_site-packages_PyQt6_Qt6_qml_QtQuick_Controls_FluentWinUI3 --> node_venv_lib_python3_12_site-packages_PyQt6_Qt6_qml_QtQuick_Controls_FluentWinUI3_light["light"]\n    node_venv_lib_python3_12_site-packages_PyQt6_Qt6_qml_QtQuick_Controls_FluentWinUI3_light --> node_venv_lib_python3_12_site-packages_PyQt6_Qt6_qml_QtQuick_Controls_FluentWinUI3_light_images["images"]\n    node_venv_lib_python3_12_site-packages_PyQt6_Qt6_qml_QtQuick_Controls_FluentWinUI3_light_images --> node_venv_lib_python3_12_site-packages_PyQt6_Qt6_qml_QtQuick_Controls_FluentWinUI3_light_images_combobox-indicator-hovered-open_png["combobox-indicator-hovered-open.png"]\n    Root --> node_venv["venv"]\n    node_venv --> node_venv_lib["lib"]\n    node_venv_lib --> node_venv_lib_python3_12["python3.12"]\n    node_venv_lib_python3_12 --> node_venv_lib_python3_12_site-packages["site-packages"]\n    node_venv_lib_python3_12_site-packages --> node_venv_lib_python3_12_site-packages_PyQt6["PyQt6"]\n    node_venv_lib_python3_12_site-packages_PyQt6 --> node_venv_lib_python3_12_site-packages_PyQt6_Qt6["Qt6"]\n    node_venv_lib_python3_12_site-packages_PyQt6_Qt6 --> node_venv_lib_python3_12_site-packages_PyQt6_Qt6_qml["qml"]\n    node_venv_lib_python3_12_site-packages_PyQt6_Qt6_qml --> node_venv_lib_python3_12_site-packages_PyQt6_Qt6_qml_QtQuick["QtQuick"]\n    node_venv_lib_python3_12_site-packages_PyQt6_Qt6_qml_QtQuick --> node_venv_lib_python3_12_site-packages_PyQt6_Qt6_qml_QtQuick_Controls["Controls"]\n    node_venv_lib_python3_12_site-packages_PyQt6_Qt6_qml_QtQuick_Controls --> node_venv_lib_python3_12_site-packages_PyQt6_Qt6_qml_QtQuick_Controls_FluentWinUI3["FluentWinUI3"]\n    node_venv_lib_python3_12_site-packages_PyQt6_Qt6_qml_QtQuick_Controls_FluentWinUI3 --> node_venv_lib_python3_12_site-packages_PyQt6_Qt6_qml_QtQuick_Controls_FluentWinUI3_light["light"]\n    node_venv_lib_python3_12_site-packages_PyQt6_Qt6_qml_QtQuick_Controls_FluentWinUI3_light --> node_venv_lib_python3_12_site-packages_PyQt6_Qt6_qml_QtQuick_Controls_FluentWinUI3_light_images["images"]\n    node_venv_lib_python3_12_site-packages_PyQt6_Qt6_qml_QtQuick_Controls_FluentWinUI3_light_images --> node_venv_lib_python3_12_site-packages_PyQt6_Qt6_qml_QtQuick_Controls_FluentWinUI3_light_images_combobox-indicator-hovered-open@2x_png["combobox-indicator-hovered-open@2x.png"]\n    Root --> node_venv["venv"]\n    node_venv --> node_venv_lib["lib"]\n    node_venv_lib --> node_venv_lib_python3_12["python3.12"]\n    node_venv_lib_python3_12 --> node_venv_lib_python3_12_site-packages["site-packages"]\n    node_venv_lib_python3_12_site-packages --> node_venv_lib_python3_12_site-packages_PyQt6["PyQt6"]\n    node_venv_lib_python3_12_site-packages_PyQt6 --> node_venv_lib_python3_12_site-packages_PyQt6_Qt6["Qt6"]\n    node_venv_lib_python3_12_site-packages_PyQt6_Qt6 --> node_venv_lib_python3_12_site-packages_PyQt6_Qt6_qml["qml"]\n    node_venv_lib_python3_12_site-packages_PyQt6_Qt6_qml --> node_venv_lib_python3_12_site-packages_PyQt6_Qt6_qml_QtQuick["QtQuick"]\n    node_venv_lib_python3_12_site-packages_PyQt6_Qt6_qml_QtQuick --> node_venv_lib_python3_12_site-packages_PyQt6_Qt6_qml_QtQuick_Controls["Controls"]\n    node_venv_lib_python3_12_site-packages_PyQt6_Qt6_qml_QtQuick_Controls --> node_venv_lib_python3_12_site-packages_PyQt6_Qt6_qml_QtQuick_Controls_FluentWinUI3["FluentWinUI3"]\n    node_venv_lib_python3_12_site-packages_PyQt6_Qt6_qml_QtQuick_Controls_FluentWinUI3 --> node_venv_lib_python3_12_site-packages_PyQt6_Qt6_qml_QtQuick_Controls_FluentWinUI3_light["light"]\n    node_venv_lib_python3_12_site-packages_PyQt6_Qt6_qml_QtQuick_Controls_FluentWinUI3_light --> node_venv_lib_python3_12_site-packages_PyQt6_Qt6_qml_QtQuick_Controls_FluentWinUI3_light_images["images"]\n    node_venv_lib_python3_12_site-packages_PyQt6_Qt6_qml_QtQuick_Controls_FluentWinUI3_light_images --> node_venv_lib_python3_12_site-packages_PyQt6_Qt6_qml_QtQuick_Controls_FluentWinUI3_light_images_combobox-indicator-hovered-open@3x_png["combobox-indicator-hovered-open@3x.png"]\n    Root --> node_venv["venv"]\n    node_venv --> node_venv_lib["lib"]\n    node_venv_lib --> node_venv_lib_python3_12["python3.12"]\n    node_venv_lib_python3_12 --> node_venv_lib_python3_12_site-packages["site-packages"]\n    node_venv_lib_python3_12_site-packages --> node_venv_lib_python3_12_site-packages_PyQt6["PyQt6"]\n    node_venv_lib_python3_12_site-packages_PyQt6 --> node_venv_lib_python3_12_site-packages_PyQt6_Qt6["Qt6"]\n    node_venv_lib_python3_12_site-packages_PyQt6_Qt6 --> node_venv_lib_python3_12_site-packages_PyQt6_Qt6_qml["qml"]\n    node_venv_lib_python3_12_site-packages_PyQt6_Qt6_qml --> node_venv_lib_python3_12_site-packages_PyQt6_Qt6_qml_QtQuick["QtQuick"]\n    node_venv_lib_python3_12_site-packages_PyQt6_Qt6_qml_QtQuick --> node_venv_lib_python3_12_site-packages_PyQt6_Qt6_qml_QtQuick_Controls["Controls"]\n    node_venv_lib_python3_12_site-packages_PyQt6_Qt6_qml_QtQuick_Controls --> node_venv_lib_python3_12_site-packages_PyQt6_Qt6_qml_QtQuick_Controls_FluentWinUI3["FluentWinUI3"]\n    node_venv_lib_python3_12_site-packages_PyQt6_Qt6_qml_QtQuick_Controls_FluentWinUI3 --> node_venv_lib_python3_12_site-packages_PyQt6_Qt6_qml_QtQuick_Controls_FluentWinUI3_light["light"]\n    node_venv_lib_python3_12_site-packages_PyQt6_Qt6_qml_QtQuick_Controls_FluentWinUI3_light --> node_venv_lib_python3_12_site-packages_PyQt6_Qt6_qml_QtQuick_Controls_FluentWinUI3_light_images["images"]\n    node_venv_lib_python3_12_site-packages_PyQt6_Qt6_qml_QtQuick_Controls_FluentWinUI3_light_images --> node_venv_lib_python3_12_site-packages_PyQt6_Qt6_qml_QtQuick_Controls_FluentWinUI3_light_images_combobox-indicator-hovered_png["combobox-indicator-hovered.png"]\n    Root --> node_venv["venv"]\n    node_venv --> node_venv_lib["lib"]\n    node_venv_lib --> node_venv_lib_python3_12["python3.12"]\n    node_venv_lib_python3_12 --> node_venv_lib_python3_12_site-packages["site-packages"]\n    node_venv_lib_python3_12_site-packages --> node_venv_lib_python3_12_site-packages_PyQt6["PyQt6"]\n    node_venv_lib_python3_12_site-packages_PyQt6 --> node_venv_lib_python3_12_site-packages_PyQt6_Qt6["Qt6"]\n    node_venv_lib_python3_12_site-packages_PyQt6_Qt6 --> node_venv_lib_python3_12_site-packages_PyQt6_Qt6_qml["qml"]\n    node_venv_lib_python3_12_site-packages_PyQt6_Qt6_qml --> node_venv_lib_python3_12_site-packages_PyQt6_Qt6_qml_QtQuick["QtQuick"]\n    node_venv_lib_python3_12_site-packages_PyQt6_Qt6_qml_QtQuick --> node_venv_lib_python3_12_site-packages_PyQt6_Qt6_qml_QtQuick_Controls["Controls"]\n    node_venv_lib_python3_12_site-packages_PyQt6_Qt6_qml_QtQuick_Controls --> node_venv_lib_python3_12_site-packages_PyQt6_Qt6_qml_QtQuick_Controls_FluentWinUI3["FluentWinUI3"]\n    node_venv_lib_python3_12_site-packages_PyQt6_Qt6_qml_QtQuick_Controls_FluentWinUI3 --> node_venv_lib_python3_12_site-packages_PyQt6_Qt6_qml_QtQuick_Controls_FluentWinUI3_light["light"]\n    node_venv_lib_python3_12_site-packages_PyQt6_Qt6_qml_QtQuick_Controls_FluentWinUI3_light --> node_venv_lib_python3_12_site-packages_PyQt6_Qt6_qml_QtQuick_Controls_FluentWinUI3_light_images["images"]\n    node_venv_lib_python3_12_site-packages_PyQt6_Qt6_qml_QtQuick_Controls_FluentWinUI3_light_images --> node_venv_lib_python3_12_site-packages_PyQt6_Qt6_qml_QtQuick_Controls_FluentWinUI3_light_images_combobox-indicator-hovered@2x_png["combobox-indicator-hovered@2x.png"]\n    Root --> node_venv["venv"]\n    node_venv --> node_venv_lib["lib"]\n    node_venv_lib --> node_venv_lib_python3_12["python3.12"]\n    node_venv_lib_python3_12 --> node_venv_lib_python3_12_site-packages["site-packages"]\n    node_venv_lib_python3_12_site-packages --> node_venv_lib_python3_12_site-packages_PyQt6["PyQt6"]\n    node_venv_lib_python3_12_site-packages_PyQt6 --> node_venv_lib_python3_12_site-packages_PyQt6_Qt6["Qt6"]\n    node_venv_lib_python3_12_site-packages_PyQt6_Qt6 --> node_venv_lib_python3_12_site-packages_PyQt6_Qt6_qml["qml"]\n    node_venv_lib_python3_12_site-packages_PyQt6_Qt6_qml --> node_venv_lib_python3_12_site-packages_PyQt6_Qt6_qml_QtQuick["QtQuick"]\n    node_venv_lib_python3_12_site-packages_PyQt6_Qt6_qml_QtQuick --> node_venv_lib_python3_12_site-packages_PyQt6_Qt6_qml_QtQuick_Controls["Controls"]\n    node_venv_lib_python3_12_site-packages_PyQt6_Qt6_qml_QtQuick_Controls --> node_venv_lib_python3_12_site-packages_PyQt6_Qt6_qml_QtQuick_Controls_FluentWinUI3["FluentWinUI3"]\n    node_venv_lib_python3_12_site-packages_PyQt6_Qt6_qml_QtQuick_Controls_FluentWinUI3 --> node_venv_lib_python3_12_site-packages_PyQt6_Qt6_qml_QtQuick_Controls_FluentWinUI3_light["light"]\n    node_venv_lib_python3_12_site-packages_PyQt6_Qt6_qml_QtQuick_Controls_FluentWinUI3_light --> node_venv_lib_python3_12_site-packages_PyQt6_Qt6_qml_QtQuick_Controls_FluentWinUI3_light_images["images"]\n    node_venv_lib_python3_12_site-packages_PyQt6_Qt6_qml_QtQuick_Controls_FluentWinUI3_light_images --> node_venv_lib_python3_12_site-packages_PyQt6_Qt6_qml_QtQuick_Controls_FluentWinUI3_light_images_combobox-indicator-hovered@3x_png["combobox-indicator-hovered@3x.png"]\n    Root --> node_venv["venv"]\n    node_venv --> node_venv_lib["lib"]\n    node_venv_lib --> node_venv_lib_python3_12["python3.12"]\n    node_venv_lib_python3_12 --> node_venv_lib_python3_12_site-packages["site-packages"]\n    node_venv_lib_python3_12_site-packages --> node_venv_lib_python3_12_site-packages_PyQt6["PyQt6"]\n    node_venv_lib_python3_12_site-packages_PyQt6 --> node_venv_lib_python3_12_site-packages_PyQt6_Qt6["Qt6"]\n    node_venv_lib_python3_12_site-packages_PyQt6_Qt6 --> node_venv_lib_python3_12_site-packages_PyQt6_Qt6_qml["qml"]\n    node_venv_lib_python3_12_site-packages_PyQt6_Qt6_qml --> node_venv_lib_python3_12_site-packages_PyQt6_Qt6_qml_QtQuick["QtQuick"]\n    node_venv_lib_python3_12_site-packages_PyQt6_Qt6_qml_QtQuick --> node_venv_lib_python3_12_site-packages_PyQt6_Qt6_qml_QtQuick_Controls["Controls"]\n    node_venv_lib_python3_12_site-packages_PyQt6_Qt6_qml_QtQuick_Controls --> node_venv_lib_python3_12_site-packages_PyQt6_Qt6_qml_QtQuick_Controls_FluentWinUI3["FluentWinUI3"]\n    node_venv_lib_python3_12_site-packages_PyQt6_Qt6_qml_QtQuick_Controls_FluentWinUI3 --> node_venv_lib_python3_12_site-packages_PyQt6_Qt6_qml_QtQuick_Controls_FluentWinUI3_light["light"]\n    node_venv_lib_python3_12_site-packages_PyQt6_Qt6_qml_QtQuick_Controls_FluentWinUI3_light --> node_venv_lib_python3_12_site-packages_PyQt6_Qt6_qml_QtQuick_Controls_FluentWinUI3_light_images["images"]\n    node_venv_lib_python3_12_site-packages_PyQt6_Qt6_qml_QtQuick_Controls_FluentWinUI3_light_images --> node_venv_lib_python3_12_site-packages_PyQt6_Qt6_qml_QtQuick_Controls_FluentWinUI3_light_images_combobox-indicator-open-pressed_png["combobox-indicator-open-pressed.png"]\n    Root --> node_venv["venv"]\n    node_venv --> node_venv_lib["lib"]\n    node_venv_lib --> node_venv_lib_python3_12["python3.12"]\n    node_venv_lib_python3_12 --> node_venv_lib_python3_12_site-packages["site-packages"]\n    node_venv_lib_python3_12_site-packages --> node_venv_lib_python3_12_site-packages_PyQt6["PyQt6"]\n    node_venv_lib_python3_12_site-packages_PyQt6 --> node_venv_lib_python3_12_site-packages_PyQt6_Qt6["Qt6"]\n    node_venv_lib_python3_12_site-packages_PyQt6_Qt6 --> node_venv_lib_python3_12_site-packages_PyQt6_Qt6_qml["qml"]\n    node_venv_lib_python3_12_site-packages_PyQt6_Qt6_qml --> node_venv_lib_python3_12_site-packages_PyQt6_Qt6_qml_QtQuick["QtQuick"]\n    node_venv_lib_python3_12_site-packages_PyQt6_Qt6_qml_QtQuick --> node_venv_lib_python3_12_site-packages_PyQt6_Qt6_qml_QtQuick_Controls["Controls"]\n    node_venv_lib_python3_12_site-packages_PyQt6_Qt6_qml_QtQuick_Controls --> node_venv_lib_python3_12_site-packages_PyQt6_Qt6_qml_QtQuick_Controls_FluentWinUI3["FluentWinUI3"]\n    node_venv_lib_python3_12_site-packages_PyQt6_Qt6_qml_QtQuick_Controls_FluentWinUI3 --> node_venv_lib_python3_12_site-packages_PyQt6_Qt6_qml_QtQuick_Controls_FluentWinUI3_light["light"]\n    node_venv_lib_python3_12_site-packages_PyQt6_Qt6_qml_QtQuick_Controls_FluentWinUI3_light --> node_venv_lib_python3_12_site-packages_PyQt6_Qt6_qml_QtQuick_Controls_FluentWinUI3_light_images["images"]\n    node_venv_lib_python3_12_site-packages_PyQt6_Qt6_qml_QtQuick_Controls_FluentWinUI3_light_images --> node_venv_lib_python3_12_site-packages_PyQt6_Qt6_qml_QtQuick_Controls_FluentWinUI3_light_images_combobox-indicator-open-pressed@2x_png["combobox-indicator-open-pressed@2x.png"]\n    Root --> node_venv["venv"]\n    node_venv --> node_venv_lib["lib"]\n    node_venv_lib --> node_venv_lib_python3_12["python3.12"]\n    node_venv_lib_python3_12 --> node_venv_lib_python3_12_site-packages["site-packages"]\n    node_venv_lib_python3_12_site-packages --> node_venv_lib_python3_12_site-packages_PyQt6["PyQt6"]\n    node_venv_lib_python3_12_site-packages_PyQt6 --> node_venv_lib_python3_12_site-packages_PyQt6_Qt6["Qt6"]\n    node_venv_lib_python3_12_site-packages_PyQt6_Qt6 --> node_venv_lib_python3_12_site-packages_PyQt6_Qt6_qml["qml"]\n    node_venv_lib_python3_12_site-packages_PyQt6_Qt6_qml --> node_venv_lib_python3_12_site-packages_PyQt6_Qt6_qml_QtQuick["QtQuick"]\n    node_venv_lib_python3_12_site-packages_PyQt6_Qt6_qml_QtQuick --> node_venv_lib_python3_12_site-packages_PyQt6_Qt6_qml_QtQuick_Controls["Controls"]\n    node_venv_lib_python3_12_site-packages_PyQt6_Qt6_qml_QtQuick_Controls --> node_venv_lib_python3_12_site-packages_PyQt6_Qt6_qml_QtQuick_Controls_FluentWinUI3["FluentWinUI3"]\n    node_venv_lib_python3_12_site-packages_PyQt6_Qt6_qml_QtQuick_Controls_FluentWinUI3 --> node_venv_lib_python3_12_site-packages_PyQt6_Qt6_qml_QtQuick_Controls_FluentWinUI3_light["light"]\n    node_venv_lib_python3_12_site-packages_PyQt6_Qt6_qml_QtQuick_Controls_FluentWinUI3_light --> node_venv_lib_python3_12_site-packages_PyQt6_Qt6_qml_QtQuick_Controls_FluentWinUI3_light_images["images"]\n    node_venv_lib_python3_12_site-packages_PyQt6_Qt6_qml_QtQuick_Controls_FluentWinUI3_light_images --> node_venv_lib_python3_12_site-packages_PyQt6_Qt6_qml_QtQuick_Controls_FluentWinUI3_light_images_combobox-indicator-open-pressed@3x_png["combobox-indicator-open-pressed@3x.png"]\n    Root --> node_venv["venv"]\n    node_venv --> node_venv_lib["lib"]\n    node_venv_lib --> node_venv_lib_python3_12["python3.12"]\n    node_venv_lib_python3_12 --> node_venv_lib_python3_12_site-packages["site-packages"]\n    node_venv_lib_python3_12_site-packages --> node_venv_lib_python3_12_site-packages_PyQt6["PyQt6"]\n    node_venv_lib_python3_12_site-packages_PyQt6 --> node_venv_lib_python3_12_site-packages_PyQt6_Qt6["Qt6"]\n    node_venv_lib_python3_12_site-packages_PyQt6_Qt6 --> node_venv_lib_python3_12_site-packages_PyQt6_Qt6_qml["qml"]\n    node_venv_lib_python3_12_site-packages_PyQt6_Qt6_qml --> node_venv_lib_python3_12_site-packages_PyQt6_Qt6_qml_QtQuick["QtQuick"]\n    node_venv_lib_python3_12_site-packages_PyQt6_Qt6_qml_QtQuick --> node_venv_lib_python3_12_site-packages_PyQt6_Qt6_qml_QtQuick_Controls["Controls"]\n    node_venv_lib_python3_12_site-packages_PyQt6_Qt6_qml_QtQuick_Controls --> node_venv_lib_python3_12_site-packages_PyQt6_Qt6_qml_QtQuick_Controls_FluentWinUI3["FluentWinUI3"]\n    node_venv_lib_python3_12_site-packages_PyQt6_Qt6_qml_QtQuick_Controls_FluentWinUI3 --> node_venv_lib_python3_12_site-packages_PyQt6_Qt6_qml_QtQuick_Controls_FluentWinUI3_light["light"]\n    node_venv_lib_python3_12_site-packages_PyQt6_Qt6_qml_QtQuick_Controls_FluentWinUI3_light --> node_venv_lib_python3_12_site-packages_PyQt6_Qt6_qml_QtQuick_Controls_FluentWinUI3_light_images["images"]\n    node_venv_lib_python3_12_site-packages_PyQt6_Qt6_qml_QtQuick_Controls_FluentWinUI3_light_images --> node_venv_lib_python3_12_site-packages_PyQt6_Qt6_qml_QtQuick_Controls_FluentWinUI3_light_images_combobox-indicator-open_png["combobox-indicator-open.png"]\n    Root --> node_venv["venv"]\n    node_venv --> node_venv_lib["lib"]\n    node_venv_lib --> node_venv_lib_python3_12["python3.12"]\n    node_venv_lib_python3_12 --> node_venv_lib_python3_12_site-packages["site-packages"]\n    node_venv_lib_python3_12_site-packages --> node_venv_lib_python3_12_site-packages_PyQt6["PyQt6"]\n    node_venv_lib_python3_12_site-packages_PyQt6 --> node_venv_lib_python3_12_site-packages_PyQt6_Qt6["Qt6"]\n    node_venv_lib_python3_12_site-packages_PyQt6_Qt6 --> node_venv_lib_python3_12_site-packages_PyQt6_Qt6_qml["qml"]\n    node_venv_lib_python3_12_site-packages_PyQt6_Qt6_qml --> node_venv_lib_python3_12_site-packages_PyQt6_Qt6_qml_QtQuick["QtQuick"]\n    node_venv_lib_python3_12_site-packages_PyQt6_Qt6_qml_QtQuick --> node_venv_lib_python3_12_site-packages_PyQt6_Qt6_qml_QtQuick_Controls["Controls"]\n    node_venv_lib_python3_12_site-packages_PyQt6_Qt6_qml_QtQuick_Controls --> node_venv_lib_python3_12_site-packages_PyQt6_Qt6_qml_QtQuick_Controls_FluentWinUI3["FluentWinUI3"]\n    node_venv_lib_python3_12_site-packages_PyQt6_Qt6_qml_QtQuick_Controls_FluentWinUI3 --> node_venv_lib_python3_12_site-packages_PyQt6_Qt6_qml_QtQuick_Controls_FluentWinUI3_light["light"]\n    node_venv_lib_python3_12_site-packages_PyQt6_Qt6_qml_QtQuick_Controls_FluentWinUI3_light --> node_venv_lib_python3_12_site-packages_PyQt6_Qt6_qml_QtQuick_Controls_FluentWinUI3_light_images["images"]\n    node_venv_lib_python3_12_site-packages_PyQt6_Qt6_qml_QtQuick_Controls_FluentWinUI3_light_images --> node_venv_lib_python3_12_site-packages_PyQt6_Qt6_qml_QtQuick_Controls_FluentWinUI3_light_images_combobox-indicator-open@2x_png["combobox-indicator-open@2x.png"]\n    Root --> node_venv["venv"]\n    node_venv --> node_venv_lib["lib"]\n    node_venv_lib --> node_venv_lib_python3_12["python3.12"]\n    node_venv_lib_python3_12 --> node_venv_lib_python3_12_site-packages["site-packages"]\n    node_venv_lib_python3_12_site-packages --> node_venv_lib_python3_12_site-packages_PyQt6["PyQt6"]\n    node_venv_lib_python3_12_site-packages_PyQt6 --> node_venv_lib_python3_12_site-packages_PyQt6_Qt6["Qt6"]\n    node_venv_lib_python3_12_site-packages_PyQt6_Qt6 --> node_venv_lib_python3_12_site-packages_PyQt6_Qt6_qml["qml"]\n    node_venv_lib_python3_12_site-packages_PyQt6_Qt6_qml --> node_venv_lib_python3_12_site-packages_PyQt6_Qt6_qml_QtQuick["QtQuick"]\n    node_venv_lib_python3_12_site-packages_PyQt6_Qt6_qml_QtQuick --> node_venv_lib_python3_12_site-packages_PyQt6_Qt6_qml_QtQuick_Controls["Controls"]\n    node_venv_lib_python3_12_site-packages_PyQt6_Qt6_qml_QtQuick_Controls --> node_venv_lib_python3_12_site-packages_PyQt6_Qt6_qml_QtQuick_Controls_FluentWinUI3["FluentWinUI3"]\n    node_venv_lib_python3_12_site-packages_PyQt6_Qt6_qml_QtQuick_Controls_FluentWinUI3 --> node_venv_lib_python3_12_site-packages_PyQt6_Qt6_qml_QtQuick_Controls_FluentWinUI3_light["light"]\n    node_venv_lib_python3_12_site-packages_PyQt6_Qt6_qml_QtQuick_Controls_FluentWinUI3_light --> node_venv_lib_python3_12_site-packages_PyQt6_Qt6_qml_QtQuick_Controls_FluentWinUI3_light_images["images"]\n    node_venv_lib_python3_12_site-packages_PyQt6_Qt6_qml_QtQuick_Controls_FluentWinUI3_light_images --> node_venv_lib_python3_12_site-packages_PyQt6_Qt6_qml_QtQuick_Controls_FluentWinUI3_light_images_combobox-indicator-open@3x_png["combobox-indicator-open@3x.png"]\n    Root --> node_venv["venv"]\n    node_venv --> node_venv_lib["lib"]\n    node_venv_lib --> node_venv_lib_python3_12["python3.12"]\n    node_venv_lib_python3_12 --> node_venv_lib_python3_12_site-packages["site-packages"]\n    node_venv_lib_python3_12_site-packages --> node_venv_lib_python3_12_site-packages_PyQt6["PyQt6"]\n    node_venv_lib_python3_12_site-packages_PyQt6 --> node_venv_lib_python3_12_site-packages_PyQt6_Qt6["Qt6"]\n    node_venv_lib_python3_12_site-packages_PyQt6_Qt6 --> node_venv_lib_python3_12_site-packages_PyQt6_Qt6_qml["qml"]\n    node_venv_lib_python3_12_site-packages_PyQt6_Qt6_qml --> node_venv_lib_python3_12_site-packages_PyQt6_Qt6_qml_QtQuick["QtQuick"]\n    node_venv_lib_python3_12_site-packages_PyQt6_Qt6_qml_QtQuick --> node_venv_lib_python3_12_site-packages_PyQt6_Qt6_qml_QtQuick_Controls["Controls"]\n    node_venv_lib_python3_12_site-packages_PyQt6_Qt6_qml_QtQuick_Controls --> node_venv_lib_python3_12_site-packages_PyQt6_Qt6_qml_QtQuick_Controls_FluentWinUI3["FluentWinUI3"]\n    node_venv_lib_python3_12_site-packages_PyQt6_Qt6_qml_QtQuick_Controls_FluentWinUI3 --> node_venv_lib_python3_12_site-packages_PyQt6_Qt6_qml_QtQuick_Controls_FluentWinUI3_light["light"]\n    node_venv_lib_python3_12_site-packages_PyQt6_Qt6_qml_QtQuick_Controls_FluentWinUI3_light --> node_venv_lib_python3_12_site-packages_PyQt6_Qt6_qml_QtQuick_Controls_FluentWinUI3_light_images["images"]\n    node_venv_lib_python3_12_site-packages_PyQt6_Qt6_qml_QtQuick_Controls_FluentWinUI3_light_images --> node_venv_lib_python3_12_site-packages_PyQt6_Qt6_qml_QtQuick_Controls_FluentWinUI3_light_images_combobox-indicator-pressed_png["combobox-indicator-pressed.png"]\n    Root --> node_venv["venv"]\n    node_venv --> node_venv_lib["lib"]\n    node_venv_lib --> node_venv_lib_python3_12["python3.12"]\n    node_venv_lib_python3_12 --> node_venv_lib_python3_12_site-packages["site-packages"]\n    node_venv_lib_python3_12_site-packages --> node_venv_lib_python3_12_site-packages_PyQt6["PyQt6"]\n    node_venv_lib_python3_12_site-packages_PyQt6 --> node_venv_lib_python3_12_site-packages_PyQt6_Qt6["Qt6"]\n    node_venv_lib_python3_12_site-packages_PyQt6_Qt6 --> node_venv_lib_python3_12_site-packages_PyQt6_Qt6_qml["qml"]\n    node_venv_lib_python3_12_site-packages_PyQt6_Qt6_qml --> node_venv_lib_python3_12_site-packages_PyQt6_Qt6_qml_QtQuick["QtQuick"]\n    node_venv_lib_python3_12_site-packages_PyQt6_Qt6_qml_QtQuick --> node_venv_lib_python3_12_site-packages_PyQt6_Qt6_qml_QtQuick_Controls["Controls"]\n    node_venv_lib_python3_12_site-packages_PyQt6_Qt6_qml_QtQuick_Controls --> node_venv_lib_python3_12_site-packages_PyQt6_Qt6_qml_QtQuick_Controls_FluentWinUI3["FluentWinUI3"]\n    node_venv_lib_python3_12_site-packages_PyQt6_Qt6_qml_QtQuick_Controls_FluentWinUI3 --> node_venv_lib_python3_12_site-packages_PyQt6_Qt6_qml_QtQuick_Controls_FluentWinUI3_light["light"]\n    node_venv_lib_python3_12_site-packages_PyQt6_Qt6_qml_QtQuick_Controls_FluentWinUI3_light --> node_venv_lib_python3_12_site-packages_PyQt6_Qt6_qml_QtQuick_Controls_FluentWinUI3_light_images["images"]\n    node_venv_lib_python3_12_site-packages_PyQt6_Qt6_qml_QtQuick_Controls_FluentWinUI3_light_images --> node_venv_lib_python3_12_site-packages_PyQt6_Qt6_qml_QtQuick_Controls_FluentWinUI3_light_images_combobox-indicator-pressed@2x_png["combobox-indicator-pressed@2x.png"]\n    Root --> node_venv["venv"]\n    node_venv --> node_venv_lib["lib"]\n    node_venv_lib --> node_venv_lib_python3_12["python3.12"]\n    node_venv_lib_python3_12 --> node_venv_lib_python3_12_site-packages["site-packages"]\n    node_venv_lib_python3_12_site-packages --> node_venv_lib_python3_12_site-packages_PyQt6["PyQt6"]\n    node_venv_lib_python3_12_site-packages_PyQt6 --> node_venv_lib_python3_12_site-packages_PyQt6_Qt6["Qt6"]\n    node_venv_lib_python3_12_site-packages_PyQt6_Qt6 --> node_venv_lib_python3_12_site-packages_PyQt6_Qt6_qml["qml"]\n    node_venv_lib_python3_12_site-packages_PyQt6_Qt6_qml --> node_venv_lib_python3_12_site-packages_PyQt6_Qt6_qml_QtQuick["QtQuick"]\n    node_venv_lib_python3_12_site-packages_PyQt6_Qt6_qml_QtQuick --> node_venv_lib_python3_12_site-packages_PyQt6_Qt6_qml_QtQuick_Controls["Controls"]\n    node_venv_lib_python3_12_site-packages_PyQt6_Qt6_qml_QtQuick_Controls --> node_venv_lib_python3_12_site-packages_PyQt6_Qt6_qml_QtQuick_Controls_FluentWinUI3["FluentWinUI3"]\n    node_venv_lib_python3_12_site-packages_PyQt6_Qt6_qml_QtQuick_Controls_FluentWinUI3 --> node_venv_lib_python3_12_site-packages_PyQt6_Qt6_qml_QtQuick_Controls_FluentWinUI3_light["light"]\n    node_venv_lib_python3_12_site-packages_PyQt6_Qt6_qml_QtQuick_Controls_FluentWinUI3_light --> node_venv_lib_python3_12_site-packages_PyQt6_Qt6_qml_QtQuick_Controls_FluentWinUI3_light_images["images"]\n    node_venv_lib_python3_12_site-packages_PyQt6_Qt6_qml_QtQuick_Controls_FluentWinUI3_light_images --> node_venv_lib_python3_12_site-packages_PyQt6_Qt6_qml_QtQuick_Controls_FluentWinUI3_light_images_combobox-indicator-pressed@3x_png["combobox-indicator-pressed@3x.png"]\n    Root --> node_venv["venv"]\n    node_venv --> node_venv_lib["lib"]\n    node_venv_lib --> node_venv_lib_python3_12["python3.12"]\n    node_venv_lib_python3_12 --> node_venv_lib_python3_12_site-packages["site-packages"]\n    node_venv_lib_python3_12_site-packages --> node_venv_lib_python3_12_site-packages_PyQt6["PyQt6"]\n    node_venv_lib_python3_12_site-packages_PyQt6 --> node_venv_lib_python3_12_site-packages_PyQt6_Qt6["Qt6"]\n    node_venv_lib_python3_12_site-packages_PyQt6_Qt6 --> node_venv_lib_python3_12_site-packages_PyQt6_Qt6_qml["qml"]\n    node_venv_lib_python3_12_site-packages_PyQt6_Qt6_qml --> node_venv_lib_python3_12_site-packages_PyQt6_Qt6_qml_QtQuick["QtQuick"]\n    node_venv_lib_python3_12_site-packages_PyQt6_Qt6_qml_QtQuick --> node_venv_lib_python3_12_site-packages_PyQt6_Qt6_qml_QtQuick_Controls["Controls"]\n    node_venv_lib_python3_12_site-packages_PyQt6_Qt6_qml_QtQuick_Controls --> node_venv_lib_python3_12_site-packages_PyQt6_Qt6_qml_QtQuick_Controls_FluentWinUI3["FluentWinUI3"]\n    node_venv_lib_python3_12_site-packages_PyQt6_Qt6_qml_QtQuick_Controls_FluentWinUI3 --> node_venv_lib_python3_12_site-packages_PyQt6_Qt6_qml_QtQuick_Controls_FluentWinUI3_light["light"]\n    node_venv_lib_python3_12_site-packages_PyQt6_Qt6_qml_QtQuick_Controls_FluentWinUI3_light --> node_venv_lib_python3_12_site-packages_PyQt6_Qt6_qml_QtQuick_Controls_FluentWinUI3_light_images["images"]\n    node_venv_lib_python3_12_site-packages_PyQt6_Qt6_qml_QtQuick_Controls_FluentWinUI3_light_images --> node_venv_lib_python3_12_site-packages_PyQt6_Qt6_qml_QtQuick_Controls_FluentWinUI3_light_images_combobox-indicator_png["combobox-indicator.png"]\n    Root --> node_venv["venv"]\n    node_venv --> node_venv_lib["lib"]\n    node_venv_lib --> node_venv_lib_python3_12["python3.12"]\n    node_venv_lib_python3_12 --> node_venv_lib_python3_12_site-packages["site-packages"]\n    node_venv_lib_python3_12_site-packages --> node_venv_lib_python3_12_site-packages_PyQt6["PyQt6"]\n    node_venv_lib_python3_12_site-packages_PyQt6 --> node_venv_lib_python3_12_site-packages_PyQt6_Qt6["Qt6"]\n    node_venv_lib_python3_12_site-packages_PyQt6_Qt6 --> node_venv_lib_python3_12_site-packages_PyQt6_Qt6_qml["qml"]\n    node_venv_lib_python3_12_site-packages_PyQt6_Qt6_qml --> node_venv_lib_python3_12_site-packages_PyQt6_Qt6_qml_QtQuick["QtQuick"]\n    node_venv_lib_python3_12_site-packages_PyQt6_Qt6_qml_QtQuick --> node_venv_lib_python3_12_site-packages_PyQt6_Qt6_qml_QtQuick_Controls["Controls"]\n    node_venv_lib_python3_12_site-packages_PyQt6_Qt6_qml_QtQuick_Controls --> node_venv_lib_python3_12_site-packages_PyQt6_Qt6_qml_QtQuick_Controls_FluentWinUI3["FluentWinUI3"]\n    node_venv_lib_python3_12_site-packages_PyQt6_Qt6_qml_QtQuick_Controls_FluentWinUI3 --> node_venv_lib_python3_12_site-packages_PyQt6_Qt6_qml_QtQuick_Controls_FluentWinUI3_light["light"]\n    node_venv_lib_python3_12_site-packages_PyQt6_Qt6_qml_QtQuick_Controls_FluentWinUI3_light --> node_venv_lib_python3_12_site-packages_PyQt6_Qt6_qml_QtQuick_Controls_FluentWinUI3_light_images["images"]\n    node_venv_lib_python3_12_site-packages_PyQt6_Qt6_qml_QtQuick_Controls_FluentWinUI3_light_images --> node_venv_lib_python3_12_site-packages_PyQt6_Qt6_qml_QtQuick_Controls_FluentWinUI3_light_images_combobox-indicator@2x_png["combobox-indicator@2x.png"]\n    Root --> node_venv["venv"]\n    node_venv --> node_venv_lib["lib"]\n    node_venv_lib --> node_venv_lib_python3_12["python3.12"]\n    node_venv_lib_python3_12 --> node_venv_lib_python3_12_site-packages["site-packages"]\n    node_venv_lib_python3_12_site-packages --> node_venv_lib_python3_12_site-packages_PyQt6["PyQt6"]\n    node_venv_lib_python3_12_site-packages_PyQt6 --> node_venv_lib_python3_12_site-packages_PyQt6_Qt6["Qt6"]\n    node_venv_lib_python3_12_site-packages_PyQt6_Qt6 --> node_venv_lib_python3_12_site-packages_PyQt6_Qt6_qml["qml"]\n    node_venv_lib_python3_12_site-packages_PyQt6_Qt6_qml --> node_venv_lib_python3_12_site-packages_PyQt6_Qt6_qml_QtQuick["QtQuick"]\n    node_venv_lib_python3_12_site-packages_PyQt6_Qt6_qml_QtQuick --> node_venv_lib_python3_12_site-packages_PyQt6_Qt6_qml_QtQuick_Controls["Controls"]\n    node_venv_lib_python3_12_site-packages_PyQt6_Qt6_qml_QtQuick_Controls --> node_venv_lib_python3_12_site-packages_PyQt6_Qt6_qml_QtQuick_Controls_FluentWinUI3["FluentWinUI3"]\n    node_venv_lib_python3_12_site-packages_PyQt6_Qt6_qml_QtQuick_Controls_FluentWinUI3 --> node_venv_lib_python3_12_site-packages_PyQt6_Qt6_qml_QtQuick_Controls_FluentWinUI3_light["light"]\n    node_venv_lib_python3_12_site-packages_PyQt6_Qt6_qml_QtQuick_Controls_FluentWinUI3_light --> node_venv_lib_python3_12_site-packages_PyQt6_Qt6_qml_QtQuick_Controls_FluentWinUI3_light_images["images"]\n    node_venv_lib_python3_12_site-packages_PyQt6_Qt6_qml_QtQuick_Controls_FluentWinUI3_light_images --> node_venv_lib_python3_12_site-packages_PyQt6_Qt6_qml_QtQuick_Controls_FluentWinUI3_light_images_combobox-indicator@3x_png["combobox-indicator@3x.png"]\n    Root --> node_venv["venv"]\n    node_venv --> node_venv_lib["lib"]\n    node_venv_lib --> node_venv_lib_python3_12["python3.12"]\n    node_venv_lib_python3_12 --> node_venv_lib_python3_12_site-packages["site-packages"]\n    node_venv_lib_python3_12_site-packages --> node_venv_lib_python3_12_site-packages_PyQt6["PyQt6"]\n    node_venv_lib_python3_12_site-packages_PyQt6 --> node_venv_lib_python3_12_site-packages_PyQt6_Qt6["Qt6"]\n    node_venv_lib_python3_12_site-packages_PyQt6_Qt6 --> node_venv_lib_python3_12_site-packages_PyQt6_Qt6_qml["qml"]\n    node_venv_lib_python3_12_site-packages_PyQt6_Qt6_qml --> node_venv_lib_python3_12_site-packages_PyQt6_Qt6_qml_QtQuick["QtQuick"]\n    node_venv_lib_python3_12_site-packages_PyQt6_Qt6_qml_QtQuick --> node_venv_lib_python3_12_site-packages_PyQt6_Qt6_qml_QtQuick_Controls["Controls"]\n    node_venv_lib_python3_12_site-packages_PyQt6_Qt6_qml_QtQuick_Controls --> node_venv_lib_python3_12_site-packages_PyQt6_Qt6_qml_QtQuick_Controls_FluentWinUI3["FluentWinUI3"]\n    node_venv_lib_python3_12_site-packages_PyQt6_Qt6_qml_QtQuick_Controls_FluentWinUI3 --> node_venv_lib_python3_12_site-packages_PyQt6_Qt6_qml_QtQuick_Controls_FluentWinUI3_light["light"]\n    node_venv_lib_python3_12_site-packages_PyQt6_Qt6_qml_QtQuick_Controls_FluentWinUI3_light --> node_venv_lib_python3_12_site-packages_PyQt6_Qt6_qml_QtQuick_Controls_FluentWinUI3_light_images["images"]\n    node_venv_lib_python3_12_site-packages_PyQt6_Qt6_qml_QtQuick_Controls_FluentWinUI3_light_images --> node_venv_lib_python3_12_site-packages_PyQt6_Qt6_qml_QtQuick_Controls_FluentWinUI3_light_images_editablecombobox-background-hovered-open_png["editablecombobox-background-hovered-open.png"]\n    Root --> node_venv["venv"]\n    node_venv --> node_venv_lib["lib"]\n    node_venv_lib --> node_venv_lib_python3_12["python3.12"]\n    node_venv_lib_python3_12 --> node_venv_lib_python3_12_site-packages["site-packages"]\n    node_venv_lib_python3_12_site-packages --> node_venv_lib_python3_12_site-packages_PyQt6["PyQt6"]\n    node_venv_lib_python3_12_site-packages_PyQt6 --> node_venv_lib_python3_12_site-packages_PyQt6_Qt6["Qt6"]\n    node_venv_lib_python3_12_site-packages_PyQt6_Qt6 --> node_venv_lib_python3_12_site-packages_PyQt6_Qt6_qml["qml"]\n    node_venv_lib_python3_12_site-packages_PyQt6_Qt6_qml --> node_venv_lib_python3_12_site-packages_PyQt6_Qt6_qml_QtQuick["QtQuick"]\n    node_venv_lib_python3_12_site-packages_PyQt6_Qt6_qml_QtQuick --> node_venv_lib_python3_12_site-packages_PyQt6_Qt6_qml_QtQuick_Controls["Controls"]\n    node_venv_lib_python3_12_site-packages_PyQt6_Qt6_qml_QtQuick_Controls --> node_venv_lib_python3_12_site-packages_PyQt6_Qt6_qml_QtQuick_Controls_FluentWinUI3["FluentWinUI3"]\n    node_venv_lib_python3_12_site-packages_PyQt6_Qt6_qml_QtQuick_Controls_FluentWinUI3 --> node_venv_lib_python3_12_site-packages_PyQt6_Qt6_qml_QtQuick_Controls_FluentWinUI3_light["light"]\n    node_venv_lib_python3_12_site-packages_PyQt6_Qt6_qml_QtQuick_Controls_FluentWinUI3_light --> node_venv_lib_python3_12_site-packages_PyQt6_Qt6_qml_QtQuick_Controls_FluentWinUI3_light_images["images"]\n    node_venv_lib_python3_12_site-packages_PyQt6_Qt6_qml_QtQuick_Controls_FluentWinUI3_light_images --> node_venv_lib_python3_12_site-packages_PyQt6_Qt6_qml_QtQuick_Controls_FluentWinUI3_light_images_editablecombobox-background-hovered-open@2x_png["editablecombobox-background-hovered-open@2x.png"]\n    Root --> node_venv["venv"]\n    node_venv --> node_venv_lib["lib"]\n    node_venv_lib --> node_venv_lib_python3_12["python3.12"]\n    node_venv_lib_python3_12 --> node_venv_lib_python3_12_site-packages["site-packages"]\n    node_venv_lib_python3_12_site-packages --> node_venv_lib_python3_12_site-packages_PyQt6["PyQt6"]\n    node_venv_lib_python3_12_site-packages_PyQt6 --> node_venv_lib_python3_12_site-packages_PyQt6_Qt6["Qt6"]\n    node_venv_lib_python3_12_site-packages_PyQt6_Qt6 --> node_venv_lib_python3_12_site-packages_PyQt6_Qt6_qml["qml"]\n    node_venv_lib_python3_12_site-packages_PyQt6_Qt6_qml --> node_venv_lib_python3_12_site-packages_PyQt6_Qt6_qml_QtQuick["QtQuick"]\n    node_venv_lib_python3_12_site-packages_PyQt6_Qt6_qml_QtQuick --> node_venv_lib_python3_12_site-packages_PyQt6_Qt6_qml_QtQuick_Controls["Controls"]\n    node_venv_lib_python3_12_site-packages_PyQt6_Qt6_qml_QtQuick_Controls --> node_venv_lib_python3_12_site-packages_PyQt6_Qt6_qml_QtQuick_Controls_FluentWinUI3["FluentWinUI3"]\n    node_venv_lib_python3_12_site-packages_PyQt6_Qt6_qml_QtQuick_Controls_FluentWinUI3 --> node_venv_lib_python3_12_site-packages_PyQt6_Qt6_qml_QtQuick_Controls_FluentWinUI3_light["light"]\n    node_venv_lib_python3_12_site-packages_PyQt6_Qt6_qml_QtQuick_Controls_FluentWinUI3_light --> node_venv_lib_python3_12_site-packages_PyQt6_Qt6_qml_QtQuick_Controls_FluentWinUI3_light_images["images"]\n    node_venv_lib_python3_12_site-packages_PyQt6_Qt6_qml_QtQuick_Controls_FluentWinUI3_light_images --> node_venv_lib_python3_12_site-packages_PyQt6_Qt6_qml_QtQuick_Controls_FluentWinUI3_light_images_editablecombobox-background-hovered-open@3x_png["editablecombobox-background-hovered-open@3x.png"]\n    Root --> node_venv["venv"]\n    node_venv --> node_venv_lib["lib"]\n    node_venv_lib --> node_venv_lib_python3_12["python3.12"]\n    node_venv_lib_python3_12 --> node_venv_lib_python3_12_site-packages["site-packages"]\n    node_venv_lib_python3_12_site-packages --> node_venv_lib_python3_12_site-packages_PyQt6["PyQt6"]\n    node_venv_lib_python3_12_site-packages_PyQt6 --> node_venv_lib_python3_12_site-packages_PyQt6_Qt6["Qt6"]\n    node_venv_lib_python3_12_site-packages_PyQt6_Qt6 --> node_venv_lib_python3_12_site-packages_PyQt6_Qt6_qml["qml"]\n    node_venv_lib_python3_12_site-packages_PyQt6_Qt6_qml --> node_venv_lib_python3_12_site-packages_PyQt6_Qt6_qml_QtQuick["QtQuick"]\n    node_venv_lib_python3_12_site-packages_PyQt6_Qt6_qml_QtQuick --> node_venv_lib_python3_12_site-packages_PyQt6_Qt6_qml_QtQuick_Controls["Controls"]\n    node_venv_lib_python3_12_site-packages_PyQt6_Qt6_qml_QtQuick_Controls --> node_venv_lib_python3_12_site-packages_PyQt6_Qt6_qml_QtQuick_Controls_FluentWinUI3["FluentWinUI3"]\n    node_venv_lib_python3_12_site-packages_PyQt6_Qt6_qml_QtQuick_Controls_FluentWinUI3 --> node_venv_lib_python3_12_site-packages_PyQt6_Qt6_qml_QtQuick_Controls_FluentWinUI3_light["light"]\n    node_venv_lib_python3_12_site-packages_PyQt6_Qt6_qml_QtQuick_Controls_FluentWinUI3_light --> node_venv_lib_python3_12_site-packages_PyQt6_Qt6_qml_QtQuick_Controls_FluentWinUI3_light_images["images"]\n    node_venv_lib_python3_12_site-packages_PyQt6_Qt6_qml_QtQuick_Controls_FluentWinUI3_light_images --> node_venv_lib_python3_12_site-packages_PyQt6_Qt6_qml_QtQuick_Controls_FluentWinUI3_light_images_editablecombobox-background-open-pressed_png["editablecombobox-background-open-pressed.png"]\n    Root --> node_venv["venv"]\n    node_venv --> node_venv_lib["lib"]\n    node_venv_lib --> node_venv_lib_python3_12["python3.12"]\n    node_venv_lib_python3_12 --> node_venv_lib_python3_12_site-packages["site-packages"]\n    node_venv_lib_python3_12_site-packages --> node_venv_lib_python3_12_site-packages_PyQt6["PyQt6"]\n    node_venv_lib_python3_12_site-packages_PyQt6 --> node_venv_lib_python3_12_site-packages_PyQt6_Qt6["Qt6"]\n    node_venv_lib_python3_12_site-packages_PyQt6_Qt6 --> node_venv_lib_python3_12_site-packages_PyQt6_Qt6_qml["qml"]\n    node_venv_lib_python3_12_site-packages_PyQt6_Qt6_qml --> node_venv_lib_python3_12_site-packages_PyQt6_Qt6_qml_QtQuick["QtQuick"]\n    node_venv_lib_python3_12_site-packages_PyQt6_Qt6_qml_QtQuick --> node_venv_lib_python3_12_site-packages_PyQt6_Qt6_qml_QtQuick_Controls["Controls"]\n    node_venv_lib_python3_12_site-packages_PyQt6_Qt6_qml_QtQuick_Controls --> node_venv_lib_python3_12_site-packages_PyQt6_Qt6_qml_QtQuick_Controls_FluentWinUI3["FluentWinUI3"]\n    node_venv_lib_python3_12_site-packages_PyQt6_Qt6_qml_QtQuick_Controls_FluentWinUI3 --> node_venv_lib_python3_12_site-packages_PyQt6_Qt6_qml_QtQuick_Controls_FluentWinUI3_light["light"]\n    node_venv_lib_python3_12_site-packages_PyQt6_Qt6_qml_QtQuick_Controls_FluentWinUI3_light --> node_venv_lib_python3_12_site-packages_PyQt6_Qt6_qml_QtQuick_Controls_FluentWinUI3_light_images["images"]\n    node_venv_lib_python3_12_site-packages_PyQt6_Qt6_qml_QtQuick_Controls_FluentWinUI3_light_images --> node_venv_lib_python3_12_site-packages_PyQt6_Qt6_qml_QtQuick_Controls_FluentWinUI3_light_images_editablecombobox-background-open-pressed@2x_png["editablecombobox-background-open-pressed@2x.png"]\n    Root --> node_venv["venv"]\n    node_venv --> node_venv_lib["lib"]\n    node_venv_lib --> node_venv_lib_python3_12["python3.12"]\n    node_venv_lib_python3_12 --> node_venv_lib_python3_12_site-packages["site-packages"]\n    node_venv_lib_python3_12_site-packages --> node_venv_lib_python3_12_site-packages_PyQt6["PyQt6"]\n    node_venv_lib_python3_12_site-packages_PyQt6 --> node_venv_lib_python3_12_site-packages_PyQt6_Qt6["Qt6"]\n    node_venv_lib_python3_12_site-packages_PyQt6_Qt6 --> node_venv_lib_python3_12_site-packages_PyQt6_Qt6_qml["qml"]\n    node_venv_lib_python3_12_site-packages_PyQt6_Qt6_qml --> node_venv_lib_python3_12_site-packages_PyQt6_Qt6_qml_QtQuick["QtQuick"]\n    node_venv_lib_python3_12_site-packages_PyQt6_Qt6_qml_QtQuick --> node_venv_lib_python3_12_site-packages_PyQt6_Qt6_qml_QtQuick_Controls["Controls"]\n    node_venv_lib_python3_12_site-packages_PyQt6_Qt6_qml_QtQuick_Controls --> node_venv_lib_python3_12_site-packages_PyQt6_Qt6_qml_QtQuick_Controls_FluentWinUI3["FluentWinUI3"]\n    node_venv_lib_python3_12_site-packages_PyQt6_Qt6_qml_QtQuick_Controls_FluentWinUI3 --> node_venv_lib_python3_12_site-packages_PyQt6_Qt6_qml_QtQuick_Controls_FluentWinUI3_light["light"]\n    node_venv_lib_python3_12_site-packages_PyQt6_Qt6_qml_QtQuick_Controls_FluentWinUI3_light --> node_venv_lib_python3_12_site-packages_PyQt6_Qt6_qml_QtQuick_Controls_FluentWinUI3_light_images["images"]\n    node_venv_lib_python3_12_site-packages_PyQt6_Qt6_qml_QtQuick_Controls_FluentWinUI3_light_images --> node_venv_lib_python3_12_site-packages_PyQt6_Qt6_qml_QtQuick_Controls_FluentWinUI3_light_images_editablecombobox-background-open-pressed@3x_png["editablecombobox-background-open-pressed@3x.png"]\n    Root --> node_venv["venv"]\n    node_venv --> node_venv_lib["lib"]\n    node_venv_lib --> node_venv_lib_python3_12["python3.12"]\n    node_venv_lib_python3_12 --> node_venv_lib_python3_12_site-packages["site-packages"]\n    node_venv_lib_python3_12_site-packages --> node_venv_lib_python3_12_site-packages_PyQt6["PyQt6"]\n    node_venv_lib_python3_12_site-packages_PyQt6 --> node_venv_lib_python3_12_site-packages_PyQt6_Qt6["Qt6"]\n    node_venv_lib_python3_12_site-packages_PyQt6_Qt6 --> node_venv_lib_python3_12_site-packages_PyQt6_Qt6_qml["qml"]\n    node_venv_lib_python3_12_site-packages_PyQt6_Qt6_qml --> node_venv_lib_python3_12_site-packages_PyQt6_Qt6_qml_QtQuick["QtQuick"]\n    node_venv_lib_python3_12_site-packages_PyQt6_Qt6_qml_QtQuick --> node_venv_lib_python3_12_site-packages_PyQt6_Qt6_qml_QtQuick_Controls["Controls"]\n    node_venv_lib_python3_12_site-packages_PyQt6_Qt6_qml_QtQuick_Controls --> node_venv_lib_python3_12_site-packages_PyQt6_Qt6_qml_QtQuick_Controls_FluentWinUI3["FluentWinUI3"]\n    node_venv_lib_python3_12_site-packages_PyQt6_Qt6_qml_QtQuick_Controls_FluentWinUI3 --> node_venv_lib_python3_12_site-packages_PyQt6_Qt6_qml_QtQuick_Controls_FluentWinUI3_light["light"]\n    node_venv_lib_python3_12_site-packages_PyQt6_Qt6_qml_QtQuick_Controls_FluentWinUI3_light --> node_venv_lib_python3_12_site-packages_PyQt6_Qt6_qml_QtQuick_Controls_FluentWinUI3_light_images["images"]\n    node_venv_lib_python3_12_site-packages_PyQt6_Qt6_qml_QtQuick_Controls_FluentWinUI3_light_images --> node_venv_lib_python3_12_site-packages_PyQt6_Qt6_qml_QtQuick_Controls_FluentWinUI3_light_images_editablecombobox-background-open_png["editablecombobox-background-open.png"]\n    Root --> node_venv["venv"]\n    node_venv --> node_venv_lib["lib"]\n    node_venv_lib --> node_venv_lib_python3_12["python3.12"]\n    node_venv_lib_python3_12 --> node_venv_lib_python3_12_site-packages["site-packages"]\n    node_venv_lib_python3_12_site-packages --> node_venv_lib_python3_12_site-packages_PyQt6["PyQt6"]\n    node_venv_lib_python3_12_site-packages_PyQt6 --> node_venv_lib_python3_12_site-packages_PyQt6_Qt6["Qt6"]\n    node_venv_lib_python3_12_site-packages_PyQt6_Qt6 --> node_venv_lib_python3_12_site-packages_PyQt6_Qt6_qml["qml"]\n    node_venv_lib_python3_12_site-packages_PyQt6_Qt6_qml --> node_venv_lib_python3_12_site-packages_PyQt6_Qt6_qml_QtQuick["QtQuick"]\n    node_venv_lib_python3_12_site-packages_PyQt6_Qt6_qml_QtQuick --> node_venv_lib_python3_12_site-packages_PyQt6_Qt6_qml_QtQuick_Controls["Controls"]\n    node_venv_lib_python3_12_site-packages_PyQt6_Qt6_qml_QtQuick_Controls --> node_venv_lib_python3_12_site-packages_PyQt6_Qt6_qml_QtQuick_Controls_FluentWinUI3["FluentWinUI3"]\n    node_venv_lib_python3_12_site-packages_PyQt6_Qt6_qml_QtQuick_Controls_FluentWinUI3 --> node_venv_lib_python3_12_site-packages_PyQt6_Qt6_qml_QtQuick_Controls_FluentWinUI3_light["light"]\n    node_venv_lib_python3_12_site-packages_PyQt6_Qt6_qml_QtQuick_Controls_FluentWinUI3_light --> node_venv_lib_python3_12_site-packages_PyQt6_Qt6_qml_QtQuick_Controls_FluentWinUI3_light_images["images"]\n    node_venv_lib_python3_12_site-packages_PyQt6_Qt6_qml_QtQuick_Controls_FluentWinUI3_light_images --> node_venv_lib_python3_12_site-packages_PyQt6_Qt6_qml_QtQuick_Controls_FluentWinUI3_light_images_editablecombobox-background-open@2x_png["editablecombobox-background-open@2x.png"]\n    Root --> node_venv["venv"]\n    node_venv --> node_venv_lib["lib"]\n    node_venv_lib --> node_venv_lib_python3_12["python3.12"]\n    node_venv_lib_python3_12 --> node_venv_lib_python3_12_site-packages["site-packages"]\n    node_venv_lib_python3_12_site-packages --> node_venv_lib_python3_12_site-packages_PyQt6["PyQt6"]\n    node_venv_lib_python3_12_site-packages_PyQt6 --> node_venv_lib_python3_12_site-packages_PyQt6_Qt6["Qt6"]\n    node_venv_lib_python3_12_site-packages_PyQt6_Qt6 --> node_venv_lib_python3_12_site-packages_PyQt6_Qt6_qml["qml"]\n    node_venv_lib_python3_12_site-packages_PyQt6_Qt6_qml --> node_venv_lib_python3_12_site-packages_PyQt6_Qt6_qml_QtQuick["QtQuick"]\n    node_venv_lib_python3_12_site-packages_PyQt6_Qt6_qml_QtQuick --> node_venv_lib_python3_12_site-packages_PyQt6_Qt6_qml_QtQuick_Controls["Controls"]\n    node_venv_lib_python3_12_site-packages_PyQt6_Qt6_qml_QtQuick_Controls --> node_venv_lib_python3_12_site-packages_PyQt6_Qt6_qml_QtQuick_Controls_FluentWinUI3["FluentWinUI3"]\n    node_venv_lib_python3_12_site-packages_PyQt6_Qt6_qml_QtQuick_Controls_FluentWinUI3 --> node_venv_lib_python3_12_site-packages_PyQt6_Qt6_qml_QtQuick_Controls_FluentWinUI3_light["light"]\n    node_venv_lib_python3_12_site-packages_PyQt6_Qt6_qml_QtQuick_Controls_FluentWinUI3_light --> node_venv_lib_python3_12_site-packages_PyQt6_Qt6_qml_QtQuick_Controls_FluentWinUI3_light_images["images"]\n    node_venv_lib_python3_12_site-packages_PyQt6_Qt6_qml_QtQuick_Controls_FluentWinUI3_light_images --> node_venv_lib_python3_12_site-packages_PyQt6_Qt6_qml_QtQuick_Controls_FluentWinUI3_light_images_editablecombobox-background-open@3x_png["editablecombobox-background-open@3x.png"]\n    Root --> node_venv["venv"]\n    node_venv --> node_venv_lib["lib"]\n    node_venv_lib --> node_venv_lib_python3_12["python3.12"]\n    node_venv_lib_python3_12 --> node_venv_lib_python3_12_site-packages["site-packages"]\n    node_venv_lib_python3_12_site-packages --> node_venv_lib_python3_12_site-packages_PyQt6["PyQt6"]\n    node_venv_lib_python3_12_site-packages_PyQt6 --> node_venv_lib_python3_12_site-packages_PyQt6_Qt6["Qt6"]\n    node_venv_lib_python3_12_site-packages_PyQt6_Qt6 --> node_venv_lib_python3_12_site-packages_PyQt6_Qt6_qml["qml"]\n    node_venv_lib_python3_12_site-packages_PyQt6_Qt6_qml --> node_venv_lib_python3_12_site-packages_PyQt6_Qt6_qml_QtQuick["QtQuick"]\n    node_venv_lib_python3_12_site-packages_PyQt6_Qt6_qml_QtQuick --> node_venv_lib_python3_12_site-packages_PyQt6_Qt6_qml_QtQuick_Controls["Controls"]\n    node_venv_lib_python3_12_site-packages_PyQt6_Qt6_qml_QtQuick_Controls --> node_venv_lib_python3_12_site-packages_PyQt6_Qt6_qml_QtQuick_Controls_FluentWinUI3["FluentWinUI3"]\n    node_venv_lib_python3_12_site-packages_PyQt6_Qt6_qml_QtQuick_Controls_FluentWinUI3 --> node_venv_lib_python3_12_site-packages_PyQt6_Qt6_qml_QtQuick_Controls_FluentWinUI3_light["light"]\n    node_venv_lib_python3_12_site-packages_PyQt6_Qt6_qml_QtQuick_Controls_FluentWinUI3_light --> node_venv_lib_python3_12_site-packages_PyQt6_Qt6_qml_QtQuick_Controls_FluentWinUI3_light_images["images"]\n    node_venv_lib_python3_12_site-packages_PyQt6_Qt6_qml_QtQuick_Controls_FluentWinUI3_light_images --> node_venv_lib_python3_12_site-packages_PyQt6_Qt6_qml_QtQuick_Controls_FluentWinUI3_light_images_editablecombobox-indicator-hovered-open_png["editablecombobox-indicator-hovered-open.png"]\n    Root --> node_venv["venv"]\n    node_venv --> node_venv_lib["lib"]\n    node_venv_lib --> node_venv_lib_python3_12["python3.12"]\n    node_venv_lib_python3_12 --> node_venv_lib_python3_12_site-packages["site-packages"]\n    node_venv_lib_python3_12_site-packages --> node_venv_lib_python3_12_site-packages_PyQt6["PyQt6"]\n    node_venv_lib_python3_12_site-packages_PyQt6 --> node_venv_lib_python3_12_site-packages_PyQt6_Qt6["Qt6"]\n    node_venv_lib_python3_12_site-packages_PyQt6_Qt6 --> node_venv_lib_python3_12_site-packages_PyQt6_Qt6_qml["qml"]\n    node_venv_lib_python3_12_site-packages_PyQt6_Qt6_qml --> node_venv_lib_python3_12_site-packages_PyQt6_Qt6_qml_QtQuick["QtQuick"]\n    node_venv_lib_python3_12_site-packages_PyQt6_Qt6_qml_QtQuick --> node_venv_lib_python3_12_site-packages_PyQt6_Qt6_qml_QtQuick_Controls["Controls"]\n    node_venv_lib_python3_12_site-packages_PyQt6_Qt6_qml_QtQuick_Controls --> node_venv_lib_python3_12_site-packages_PyQt6_Qt6_qml_QtQuick_Controls_FluentWinUI3["FluentWinUI3"]\n    node_venv_lib_python3_12_site-packages_PyQt6_Qt6_qml_QtQuick_Controls_FluentWinUI3 --> node_venv_lib_python3_12_site-packages_PyQt6_Qt6_qml_QtQuick_Controls_FluentWinUI3_light["light"]\n    node_venv_lib_python3_12_site-packages_PyQt6_Qt6_qml_QtQuick_Controls_FluentWinUI3_light --> node_venv_lib_python3_12_site-packages_PyQt6_Qt6_qml_QtQuick_Controls_FluentWinUI3_light_images["images"]\n    node_venv_lib_python3_12_site-packages_PyQt6_Qt6_qml_QtQuick_Controls_FluentWinUI3_light_images --> node_venv_lib_python3_12_site-packages_PyQt6_Qt6_qml_QtQuick_Controls_FluentWinUI3_light_images_editablecombobox-indicator-hovered-open@2x_png["editablecombobox-indicator-hovered-open@2x.png"]\n    Root --> node_venv["venv"]\n    node_venv --> node_venv_lib["lib"]\n    node_venv_lib --> node_venv_lib_python3_12["python3.12"]\n    node_venv_lib_python3_12 --> node_venv_lib_python3_12_site-packages["site-packages"]\n    node_venv_lib_python3_12_site-packages --> node_venv_lib_python3_12_site-packages_PyQt6["PyQt6"]\n    node_venv_lib_python3_12_site-packages_PyQt6 --> node_venv_lib_python3_12_site-packages_PyQt6_Qt6["Qt6"]\n    node_venv_lib_python3_12_site-packages_PyQt6_Qt6 --> node_venv_lib_python3_12_site-packages_PyQt6_Qt6_qml["qml"]\n    node_venv_lib_python3_12_site-packages_PyQt6_Qt6_qml --> node_venv_lib_python3_12_site-packages_PyQt6_Qt6_qml_QtQuick["QtQuick"]\n    node_venv_lib_python3_12_site-packages_PyQt6_Qt6_qml_QtQuick --> node_venv_lib_python3_12_site-packages_PyQt6_Qt6_qml_QtQuick_Controls["Controls"]\n    node_venv_lib_python3_12_site-packages_PyQt6_Qt6_qml_QtQuick_Controls --> node_venv_lib_python3_12_site-packages_PyQt6_Qt6_qml_QtQuick_Controls_FluentWinUI3["FluentWinUI3"]\n    node_venv_lib_python3_12_site-packages_PyQt6_Qt6_qml_QtQuick_Controls_FluentWinUI3 --> node_venv_lib_python3_12_site-packages_PyQt6_Qt6_qml_QtQuick_Controls_FluentWinUI3_light["light"]\n    node_venv_lib_python3_12_site-packages_PyQt6_Qt6_qml_QtQuick_Controls_FluentWinUI3_light --> node_venv_lib_python3_12_site-packages_PyQt6_Qt6_qml_QtQuick_Controls_FluentWinUI3_light_images["images"]\n    node_venv_lib_python3_12_site-packages_PyQt6_Qt6_qml_QtQuick_Controls_FluentWinUI3_light_images --> node_venv_lib_python3_12_site-packages_PyQt6_Qt6_qml_QtQuick_Controls_FluentWinUI3_light_images_editablecombobox-indicator-hovered-open@3x_png["editablecombobox-indicator-hovered-open@3x.png"]\n    Root --> node_venv["venv"]\n    node_venv --> node_venv_lib["lib"]\n    node_venv_lib --> node_venv_lib_python3_12["python3.12"]\n    node_venv_lib_python3_12 --> node_venv_lib_python3_12_site-packages["site-packages"]\n    node_venv_lib_python3_12_site-packages --> node_venv_lib_python3_12_site-packages_PyQt6["PyQt6"]\n    node_venv_lib_python3_12_site-packages_PyQt6 --> node_venv_lib_python3_12_site-packages_PyQt6_Qt6["Qt6"]\n    node_venv_lib_python3_12_site-packages_PyQt6_Qt6 --> node_venv_lib_python3_12_site-packages_PyQt6_Qt6_qml["qml"]\n    node_venv_lib_python3_12_site-packages_PyQt6_Qt6_qml --> node_venv_lib_python3_12_site-packages_PyQt6_Qt6_qml_QtQuick["QtQuick"]\n    node_venv_lib_python3_12_site-packages_PyQt6_Qt6_qml_QtQuick --> node_venv_lib_python3_12_site-packages_PyQt6_Qt6_qml_QtQuick_Controls["Controls"]\n    node_venv_lib_python3_12_site-packages_PyQt6_Qt6_qml_QtQuick_Controls --> node_venv_lib_python3_12_site-packages_PyQt6_Qt6_qml_QtQuick_Controls_FluentWinUI3["FluentWinUI3"]\n    node_venv_lib_python3_12_site-packages_PyQt6_Qt6_qml_QtQuick_Controls_FluentWinUI3 --> node_venv_lib_python3_12_site-packages_PyQt6_Qt6_qml_QtQuick_Controls_FluentWinUI3_light["light"]\n    node_venv_lib_python3_12_site-packages_PyQt6_Qt6_qml_QtQuick_Controls_FluentWinUI3_light --> node_venv_lib_python3_12_site-packages_PyQt6_Qt6_qml_QtQuick_Controls_FluentWinUI3_light_images["images"]\n    node_venv_lib_python3_12_site-packages_PyQt6_Qt6_qml_QtQuick_Controls_FluentWinUI3_light_images --> node_venv_lib_python3_12_site-packages_PyQt6_Qt6_qml_QtQuick_Controls_FluentWinUI3_light_images_editablecombobox-indicator-open-pressed_png["editablecombobox-indicator-open-pressed.png"]\n    Root --> node_venv["venv"]\n    node_venv --> node_venv_lib["lib"]\n    node_venv_lib --> node_venv_lib_python3_12["python3.12"]\n    node_venv_lib_python3_12 --> node_venv_lib_python3_12_site-packages["site-packages"]\n    node_venv_lib_python3_12_site-packages --> node_venv_lib_python3_12_site-packages_PyQt6["PyQt6"]\n    node_venv_lib_python3_12_site-packages_PyQt6 --> node_venv_lib_python3_12_site-packages_PyQt6_Qt6["Qt6"]\n    node_venv_lib_python3_12_site-packages_PyQt6_Qt6 --> node_venv_lib_python3_12_site-packages_PyQt6_Qt6_qml["qml"]\n    node_venv_lib_python3_12_site-packages_PyQt6_Qt6_qml --> node_venv_lib_python3_12_site-packages_PyQt6_Qt6_qml_QtQuick["QtQuick"]\n    node_venv_lib_python3_12_site-packages_PyQt6_Qt6_qml_QtQuick --> node_venv_lib_python3_12_site-packages_PyQt6_Qt6_qml_QtQuick_Controls["Controls"]\n    node_venv_lib_python3_12_site-packages_PyQt6_Qt6_qml_QtQuick_Controls --> node_venv_lib_python3_12_site-packages_PyQt6_Qt6_qml_QtQuick_Controls_FluentWinUI3["FluentWinUI3"]\n    node_venv_lib_python3_12_site-packages_PyQt6_Qt6_qml_QtQuick_Controls_FluentWinUI3 --> node_venv_lib_python3_12_site-packages_PyQt6_Qt6_qml_QtQuick_Controls_FluentWinUI3_light["light"]\n    node_venv_lib_python3_12_site-packages_PyQt6_Qt6_qml_QtQuick_Controls_FluentWinUI3_light --> node_venv_lib_python3_12_site-packages_PyQt6_Qt6_qml_QtQuick_Controls_FluentWinUI3_light_images["images"]\n    node_venv_lib_python3_12_site-packages_PyQt6_Qt6_qml_QtQuick_Controls_FluentWinUI3_light_images --> node_venv_lib_python3_12_site-packages_PyQt6_Qt6_qml_QtQuick_Controls_FluentWinUI3_light_images_editablecombobox-indicator-open-pressed@2x_png["editablecombobox-indicator-open-pressed@2x.png"]\n    Root --> node_venv["venv"]\n    node_venv --> node_venv_lib["lib"]\n    node_venv_lib --> node_venv_lib_python3_12["python3.12"]\n    node_venv_lib_python3_12 --> node_venv_lib_python3_12_site-packages["site-packages"]\n    node_venv_lib_python3_12_site-packages --> node_venv_lib_python3_12_site-packages_PyQt6["PyQt6"]\n    node_venv_lib_python3_12_site-packages_PyQt6 --> node_venv_lib_python3_12_site-packages_PyQt6_Qt6["Qt6"]\n    node_venv_lib_python3_12_site-packages_PyQt6_Qt6 --> node_venv_lib_python3_12_site-packages_PyQt6_Qt6_qml["qml"]\n    node_venv_lib_python3_12_site-packages_PyQt6_Qt6_qml --> node_venv_lib_python3_12_site-packages_PyQt6_Qt6_qml_QtQuick["QtQuick"]\n    node_venv_lib_python3_12_site-packages_PyQt6_Qt6_qml_QtQuick --> node_venv_lib_python3_12_site-packages_PyQt6_Qt6_qml_QtQuick_Controls["Controls"]\n    node_venv_lib_python3_12_site-packages_PyQt6_Qt6_qml_QtQuick_Controls --> node_venv_lib_python3_12_site-packages_PyQt6_Qt6_qml_QtQuick_Controls_FluentWinUI3["FluentWinUI3"]\n    node_venv_lib_python3_12_site-packages_PyQt6_Qt6_qml_QtQuick_Controls_FluentWinUI3 --> node_venv_lib_python3_12_site-packages_PyQt6_Qt6_qml_QtQuick_Controls_FluentWinUI3_light["light"]\n    node_venv_lib_python3_12_site-packages_PyQt6_Qt6_qml_QtQuick_Controls_FluentWinUI3_light --> node_venv_lib_python3_12_site-packages_PyQt6_Qt6_qml_QtQuick_Controls_FluentWinUI3_light_images["images"]\n    node_venv_lib_python3_12_site-packages_PyQt6_Qt6_qml_QtQuick_Controls_FluentWinUI3_light_images --> node_venv_lib_python3_12_site-packages_PyQt6_Qt6_qml_QtQuick_Controls_FluentWinUI3_light_images_editablecombobox-indicator-open-pressed@3x_png["editablecombobox-indicator-open-pressed@3x.png"]\n    Root --> node_venv["venv"]\n    node_venv --> node_venv_lib["lib"]\n    node_venv_lib --> node_venv_lib_python3_12["python3.12"]\n    node_venv_lib_python3_12 --> node_venv_lib_python3_12_site-packages["site-packages"]\n    node_venv_lib_python3_12_site-packages --> node_venv_lib_python3_12_site-packages_PyQt6["PyQt6"]\n    node_venv_lib_python3_12_site-packages_PyQt6 --> node_venv_lib_python3_12_site-packages_PyQt6_Qt6["Qt6"]\n    node_venv_lib_python3_12_site-packages_PyQt6_Qt6 --> node_venv_lib_python3_12_site-packages_PyQt6_Qt6_qml["qml"]\n    node_venv_lib_python3_12_site-packages_PyQt6_Qt6_qml --> node_venv_lib_python3_12_site-packages_PyQt6_Qt6_qml_QtQuick["QtQuick"]\n    node_venv_lib_python3_12_site-packages_PyQt6_Qt6_qml_QtQuick --> node_venv_lib_python3_12_site-packages_PyQt6_Qt6_qml_QtQuick_Controls["Controls"]\n    node_venv_lib_python3_12_site-packages_PyQt6_Qt6_qml_QtQuick_Controls --> node_venv_lib_python3_12_site-packages_PyQt6_Qt6_qml_QtQuick_Controls_FluentWinUI3["FluentWinUI3"]\n    node_venv_lib_python3_12_site-packages_PyQt6_Qt6_qml_QtQuick_Controls_FluentWinUI3 --> node_venv_lib_python3_12_site-packages_PyQt6_Qt6_qml_QtQuick_Controls_FluentWinUI3_light["light"]\n    node_venv_lib_python3_12_site-packages_PyQt6_Qt6_qml_QtQuick_Controls_FluentWinUI3_light --> node_venv_lib_python3_12_site-packages_PyQt6_Qt6_qml_QtQuick_Controls_FluentWinUI3_light_images["images"]\n    node_venv_lib_python3_12_site-packages_PyQt6_Qt6_qml_QtQuick_Controls_FluentWinUI3_light_images --> node_venv_lib_python3_12_site-packages_PyQt6_Qt6_qml_QtQuick_Controls_FluentWinUI3_light_images_editablecombobox-indicator-open_png["editablecombobox-indicator-open.png"]\n    Root --> node_venv["venv"]\n    node_venv --> node_venv_lib["lib"]\n    node_venv_lib --> node_venv_lib_python3_12["python3.12"]\n    node_venv_lib_python3_12 --> node_venv_lib_python3_12_site-packages["site-packages"]\n    node_venv_lib_python3_12_site-packages --> node_venv_lib_python3_12_site-packages_PyQt6["PyQt6"]\n    node_venv_lib_python3_12_site-packages_PyQt6 --> node_venv_lib_python3_12_site-packages_PyQt6_Qt6["Qt6"]\n    node_venv_lib_python3_12_site-packages_PyQt6_Qt6 --> node_venv_lib_python3_12_site-packages_PyQt6_Qt6_qml["qml"]\n    node_venv_lib_python3_12_site-packages_PyQt6_Qt6_qml --> node_venv_lib_python3_12_site-packages_PyQt6_Qt6_qml_QtQuick["QtQuick"]\n    node_venv_lib_python3_12_site-packages_PyQt6_Qt6_qml_QtQuick --> node_venv_lib_python3_12_site-packages_PyQt6_Qt6_qml_QtQuick_Controls["Controls"]\n    node_venv_lib_python3_12_site-packages_PyQt6_Qt6_qml_QtQuick_Controls --> node_venv_lib_python3_12_site-packages_PyQt6_Qt6_qml_QtQuick_Controls_FluentWinUI3["FluentWinUI3"]\n    node_venv_lib_python3_12_site-packages_PyQt6_Qt6_qml_QtQuick_Controls_FluentWinUI3 --> node_venv_lib_python3_12_site-packages_PyQt6_Qt6_qml_QtQuick_Controls_FluentWinUI3_light["light"]\n    node_venv_lib_python3_12_site-packages_PyQt6_Qt6_qml_QtQuick_Controls_FluentWinUI3_light --> node_venv_lib_python3_12_site-packages_PyQt6_Qt6_qml_QtQuick_Controls_FluentWinUI3_light_images["images"]\n    node_venv_lib_python3_12_site-packages_PyQt6_Qt6_qml_QtQuick_Controls_FluentWinUI3_light_images --> node_venv_lib_python3_12_site-packages_PyQt6_Qt6_qml_QtQuick_Controls_FluentWinUI3_light_images_editablecombobox-indicator-open@2x_png["editablecombobox-indicator-open@2x.png"]\n    Root --> node_venv["venv"]\n    node_venv --> node_venv_lib["lib"]\n    node_venv_lib --> node_venv_lib_python3_12["python3.12"]\n    node_venv_lib_python3_12 --> node_venv_lib_python3_12_site-packages["site-packages"]\n    node_venv_lib_python3_12_site-packages --> node_venv_lib_python3_12_site-packages_PyQt6["PyQt6"]\n    node_venv_lib_python3_12_site-packages_PyQt6 --> node_venv_lib_python3_12_site-packages_PyQt6_Qt6["Qt6"]\n    node_venv_lib_python3_12_site-packages_PyQt6_Qt6 --> node_venv_lib_python3_12_site-packages_PyQt6_Qt6_qml["qml"]\n    node_venv_lib_python3_12_site-packages_PyQt6_Qt6_qml --> node_venv_lib_python3_12_site-packages_PyQt6_Qt6_qml_QtQuick["QtQuick"]\n    node_venv_lib_python3_12_site-packages_PyQt6_Qt6_qml_QtQuick --> node_venv_lib_python3_12_site-packages_PyQt6_Qt6_qml_QtQuick_Controls["Controls"]\n    node_venv_lib_python3_12_site-packages_PyQt6_Qt6_qml_QtQuick_Controls --> node_venv_lib_python3_12_site-packages_PyQt6_Qt6_qml_QtQuick_Controls_FluentWinUI3["FluentWinUI3"]\n    node_venv_lib_python3_12_site-packages_PyQt6_Qt6_qml_QtQuick_Controls_FluentWinUI3 --> node_venv_lib_python3_12_site-packages_PyQt6_Qt6_qml_QtQuick_Controls_FluentWinUI3_light["light"]\n    node_venv_lib_python3_12_site-packages_PyQt6_Qt6_qml_QtQuick_Controls_FluentWinUI3_light --> node_venv_lib_python3_12_site-packages_PyQt6_Qt6_qml_QtQuick_Controls_FluentWinUI3_light_images["images"]\n    node_venv_lib_python3_12_site-packages_PyQt6_Qt6_qml_QtQuick_Controls_FluentWinUI3_light_images --> node_venv_lib_python3_12_site-packages_PyQt6_Qt6_qml_QtQuick_Controls_FluentWinUI3_light_images_editablecombobox-indicator-open@3x_png["editablecombobox-indicator-open@3x.png"]\n    Root --> node_venv["venv"]\n    node_venv --> node_venv_lib["lib"]\n    node_venv_lib --> node_venv_lib_python3_12["python3.12"]\n    node_venv_lib_python3_12 --> node_venv_lib_python3_12_site-packages["site-packages"]\n    node_venv_lib_python3_12_site-packages --> node_venv_lib_python3_12_site-packages_PyQt6["PyQt6"]\n    node_venv_lib_python3_12_site-packages_PyQt6 --> node_venv_lib_python3_12_site-packages_PyQt6_Qt6["Qt6"]\n    node_venv_lib_python3_12_site-packages_PyQt6_Qt6 --> node_venv_lib_python3_12_site-packages_PyQt6_Qt6_qml["qml"]\n    node_venv_lib_python3_12_site-packages_PyQt6_Qt6_qml --> node_venv_lib_python3_12_site-packages_PyQt6_Qt6_qml_QtQuick["QtQuick"]\n    node_venv_lib_python3_12_site-packages_PyQt6_Qt6_qml_QtQuick --> node_venv_lib_python3_12_site-packages_PyQt6_Qt6_qml_QtQuick_Controls["Controls"]\n    node_venv_lib_python3_12_site-packages_PyQt6_Qt6_qml_QtQuick_Controls --> node_venv_lib_python3_12_site-packages_PyQt6_Qt6_qml_QtQuick_Controls_FluentWinUI3["FluentWinUI3"]\n    node_venv_lib_python3_12_site-packages_PyQt6_Qt6_qml_QtQuick_Controls_FluentWinUI3 --> node_venv_lib_python3_12_site-packages_PyQt6_Qt6_qml_QtQuick_Controls_FluentWinUI3_light["light"]\n    node_venv_lib_python3_12_site-packages_PyQt6_Qt6_qml_QtQuick_Controls_FluentWinUI3_light --> node_venv_lib_python3_12_site-packages_PyQt6_Qt6_qml_QtQuick_Controls_FluentWinUI3_light_images["images"]\n    node_venv_lib_python3_12_site-packages_PyQt6_Qt6_qml_QtQuick_Controls_FluentWinUI3_light_images --> node_venv_lib_python3_12_site-packages_PyQt6_Qt6_qml_QtQuick_Controls_FluentWinUI3_light_images_editablecombobox-popup-background-hovered-open_png["editablecombobox-popup-background-hovered-open.png"]\n    Root --> node_venv["venv"]\n    node_venv --> node_venv_lib["lib"]\n    node_venv_lib --> node_venv_lib_python3_12["python3.12"]\n    node_venv_lib_python3_12 --> node_venv_lib_python3_12_site-packages["site-packages"]\n    node_venv_lib_python3_12_site-packages --> node_venv_lib_python3_12_site-packages_PyQt6["PyQt6"]\n    node_venv_lib_python3_12_site-packages_PyQt6 --> node_venv_lib_python3_12_site-packages_PyQt6_Qt6["Qt6"]\n    node_venv_lib_python3_12_site-packages_PyQt6_Qt6 --> node_venv_lib_python3_12_site-packages_PyQt6_Qt6_qml["qml"]\n    node_venv_lib_python3_12_site-packages_PyQt6_Qt6_qml --> node_venv_lib_python3_12_site-packages_PyQt6_Qt6_qml_QtQuick["QtQuick"]\n    node_venv_lib_python3_12_site-packages_PyQt6_Qt6_qml_QtQuick --> node_venv_lib_python3_12_site-packages_PyQt6_Qt6_qml_QtQuick_Controls["Controls"]\n    node_venv_lib_python3_12_site-packages_PyQt6_Qt6_qml_QtQuick_Controls --> node_venv_lib_python3_12_site-packages_PyQt6_Qt6_qml_QtQuick_Controls_FluentWinUI3["FluentWinUI3"]\n    node_venv_lib_python3_12_site-packages_PyQt6_Qt6_qml_QtQuick_Controls_FluentWinUI3 --> node_venv_lib_python3_12_site-packages_PyQt6_Qt6_qml_QtQuick_Controls_FluentWinUI3_light["light"]\n    node_venv_lib_python3_12_site-packages_PyQt6_Qt6_qml_QtQuick_Controls_FluentWinUI3_light --> node_venv_lib_python3_12_site-packages_PyQt6_Qt6_qml_QtQuick_Controls_FluentWinUI3_light_images["images"]\n    node_venv_lib_python3_12_site-packages_PyQt6_Qt6_qml_QtQuick_Controls_FluentWinUI3_light_images --> node_venv_lib_python3_12_site-packages_PyQt6_Qt6_qml_QtQuick_Controls_FluentWinUI3_light_images_editablecombobox-popup-background-hovered-open@2x_png["editablecombobox-popup-background-hovered-open@2x.png"]\n    Root --> node_venv["venv"]\n    node_venv --> node_venv_lib["lib"]\n    node_venv_lib --> node_venv_lib_python3_12["python3.12"]\n    node_venv_lib_python3_12 --> node_venv_lib_python3_12_site-packages["site-packages"]\n    node_venv_lib_python3_12_site-packages --> node_venv_lib_python3_12_site-packages_PyQt6["PyQt6"]\n    node_venv_lib_python3_12_site-packages_PyQt6 --> node_venv_lib_python3_12_site-packages_PyQt6_Qt6["Qt6"]\n    node_venv_lib_python3_12_site-packages_PyQt6_Qt6 --> node_venv_lib_python3_12_site-packages_PyQt6_Qt6_qml["qml"]\n    node_venv_lib_python3_12_site-packages_PyQt6_Qt6_qml --> node_venv_lib_python3_12_site-packages_PyQt6_Qt6_qml_QtQuick["QtQuick"]\n    node_venv_lib_python3_12_site-packages_PyQt6_Qt6_qml_QtQuick --> node_venv_lib_python3_12_site-packages_PyQt6_Qt6_qml_QtQuick_Controls["Controls"]\n    node_venv_lib_python3_12_site-packages_PyQt6_Qt6_qml_QtQuick_Controls --> node_venv_lib_python3_12_site-packages_PyQt6_Qt6_qml_QtQuick_Controls_FluentWinUI3["FluentWinUI3"]\n    node_venv_lib_python3_12_site-packages_PyQt6_Qt6_qml_QtQuick_Controls_FluentWinUI3 --> node_venv_lib_python3_12_site-packages_PyQt6_Qt6_qml_QtQuick_Controls_FluentWinUI3_light["light"]\n    node_venv_lib_python3_12_site-packages_PyQt6_Qt6_qml_QtQuick_Controls_FluentWinUI3_light --> node_venv_lib_python3_12_site-packages_PyQt6_Qt6_qml_QtQuick_Controls_FluentWinUI3_light_images["images"]\n    node_venv_lib_python3_12_site-packages_PyQt6_Qt6_qml_QtQuick_Controls_FluentWinUI3_light_images --> node_venv_lib_python3_12_site-packages_PyQt6_Qt6_qml_QtQuick_Controls_FluentWinUI3_light_images_editablecombobox-popup-background-hovered-open@3x_png["editablecombobox-popup-background-hovered-open@3x.png"]\n    Root --> node_venv["venv"]\n    node_venv --> node_venv_lib["lib"]\n    node_venv_lib --> node_venv_lib_python3_12["python3.12"]\n    node_venv_lib_python3_12 --> node_venv_lib_python3_12_site-packages["site-packages"]\n    node_venv_lib_python3_12_site-packages --> node_venv_lib_python3_12_site-packages_PyQt6["PyQt6"]\n    node_venv_lib_python3_12_site-packages_PyQt6 --> node_venv_lib_python3_12_site-packages_PyQt6_Qt6["Qt6"]\n    node_venv_lib_python3_12_site-packages_PyQt6_Qt6 --> node_venv_lib_python3_12_site-packages_PyQt6_Qt6_qml["qml"]\n    node_venv_lib_python3_12_site-packages_PyQt6_Qt6_qml --> node_venv_lib_python3_12_site-packages_PyQt6_Qt6_qml_QtQuick["QtQuick"]\n    node_venv_lib_python3_12_site-packages_PyQt6_Qt6_qml_QtQuick --> node_venv_lib_python3_12_site-packages_PyQt6_Qt6_qml_QtQuick_Controls["Controls"]\n    node_venv_lib_python3_12_site-packages_PyQt6_Qt6_qml_QtQuick_Controls --> node_venv_lib_python3_12_site-packages_PyQt6_Qt6_qml_QtQuick_Controls_FluentWinUI3["FluentWinUI3"]\n    node_venv_lib_python3_12_site-packages_PyQt6_Qt6_qml_QtQuick_Controls_FluentWinUI3 --> node_venv_lib_python3_12_site-packages_PyQt6_Qt6_qml_QtQuick_Controls_FluentWinUI3_light["light"]\n    node_venv_lib_python3_12_site-packages_PyQt6_Qt6_qml_QtQuick_Controls_FluentWinUI3_light --> node_venv_lib_python3_12_site-packages_PyQt6_Qt6_qml_QtQuick_Controls_FluentWinUI3_light_images["images"]\n    node_venv_lib_python3_12_site-packages_PyQt6_Qt6_qml_QtQuick_Controls_FluentWinUI3_light_images --> node_venv_lib_python3_12_site-packages_PyQt6_Qt6_qml_QtQuick_Controls_FluentWinUI3_light_images_editablecombobox-popup-background-open-pressed_png["editablecombobox-popup-background-open-pressed.png"]\n    Root --> node_venv["venv"]\n    node_venv --> node_venv_lib["lib"]\n    node_venv_lib --> node_venv_lib_python3_12["python3.12"]\n    node_venv_lib_python3_12 --> node_venv_lib_python3_12_site-packages["site-packages"]\n    node_venv_lib_python3_12_site-packages --> node_venv_lib_python3_12_site-packages_PyQt6["PyQt6"]\n    node_venv_lib_python3_12_site-packages_PyQt6 --> node_venv_lib_python3_12_site-packages_PyQt6_Qt6["Qt6"]\n    node_venv_lib_python3_12_site-packages_PyQt6_Qt6 --> node_venv_lib_python3_12_site-packages_PyQt6_Qt6_qml["qml"]\n    node_venv_lib_python3_12_site-packages_PyQt6_Qt6_qml --> node_venv_lib_python3_12_site-packages_PyQt6_Qt6_qml_QtQuick["QtQuick"]\n    node_venv_lib_python3_12_site-packages_PyQt6_Qt6_qml_QtQuick --> node_venv_lib_python3_12_site-packages_PyQt6_Qt6_qml_QtQuick_Controls["Controls"]\n    node_venv_lib_python3_12_site-packages_PyQt6_Qt6_qml_QtQuick_Controls --> node_venv_lib_python3_12_site-packages_PyQt6_Qt6_qml_QtQuick_Controls_FluentWinUI3["FluentWinUI3"]\n    node_venv_lib_python3_12_site-packages_PyQt6_Qt6_qml_QtQuick_Controls_FluentWinUI3 --> node_venv_lib_python3_12_site-packages_PyQt6_Qt6_qml_QtQuick_Controls_FluentWinUI3_light["light"]\n    node_venv_lib_python3_12_site-packages_PyQt6_Qt6_qml_QtQuick_Controls_FluentWinUI3_light --> node_venv_lib_python3_12_site-packages_PyQt6_Qt6_qml_QtQuick_Controls_FluentWinUI3_light_images["images"]\n    node_venv_lib_python3_12_site-packages_PyQt6_Qt6_qml_QtQuick_Controls_FluentWinUI3_light_images --> node_venv_lib_python3_12_site-packages_PyQt6_Qt6_qml_QtQuick_Controls_FluentWinUI3_light_images_editablecombobox-popup-background-open-pressed@2x_png["editablecombobox-popup-background-open-pressed@2x.png"]\n    Root --> node_venv["venv"]\n    node_venv --> node_venv_lib["lib"]\n    node_venv_lib --> node_venv_lib_python3_12["python3.12"]\n    node_venv_lib_python3_12 --> node_venv_lib_python3_12_site-packages["site-packages"]\n    node_venv_lib_python3_12_site-packages --> node_venv_lib_python3_12_site-packages_PyQt6["PyQt6"]\n    node_venv_lib_python3_12_site-packages_PyQt6 --> node_venv_lib_python3_12_site-packages_PyQt6_Qt6["Qt6"]\n    node_venv_lib_python3_12_site-packages_PyQt6_Qt6 --> node_venv_lib_python3_12_site-packages_PyQt6_Qt6_qml["qml"]\n    node_venv_lib_python3_12_site-packages_PyQt6_Qt6_qml --> node_venv_lib_python3_12_site-packages_PyQt6_Qt6_qml_QtQuick["QtQuick"]\n    node_venv_lib_python3_12_site-packages_PyQt6_Qt6_qml_QtQuick --> node_venv_lib_python3_12_site-packages_PyQt6_Qt6_qml_QtQuick_Controls["Controls"]\n    node_venv_lib_python3_12_site-packages_PyQt6_Qt6_qml_QtQuick_Controls --> node_venv_lib_python3_12_site-packages_PyQt6_Qt6_qml_QtQuick_Controls_FluentWinUI3["FluentWinUI3"]\n    node_venv_lib_python3_12_site-packages_PyQt6_Qt6_qml_QtQuick_Controls_FluentWinUI3 --> node_venv_lib_python3_12_site-packages_PyQt6_Qt6_qml_QtQuick_Controls_FluentWinUI3_light["light"]\n    node_venv_lib_python3_12_site-packages_PyQt6_Qt6_qml_QtQuick_Controls_FluentWinUI3_light --> node_venv_lib_python3_12_site-packages_PyQt6_Qt6_qml_QtQuick_Controls_FluentWinUI3_light_images["images"]\n    node_venv_lib_python3_12_site-packages_PyQt6_Qt6_qml_QtQuick_Controls_FluentWinUI3_light_images --> node_venv_lib_python3_12_site-packages_PyQt6_Qt6_qml_QtQuick_Controls_FluentWinUI3_light_images_editablecombobox-popup-background-open-pressed@3x_png["editablecombobox-popup-background-open-pressed@3x.png"]\n    Root --> node_venv["venv"]\n    node_venv --> node_venv_lib["lib"]\n    node_venv_lib --> node_venv_lib_python3_12["python3.12"]\n    node_venv_lib_python3_12 --> node_venv_lib_python3_12_site-packages["site-packages"]\n    node_venv_lib_python3_12_site-packages --> node_venv_lib_python3_12_site-packages_PyQt6["PyQt6"]\n    node_venv_lib_python3_12_site-packages_PyQt6 --> node_venv_lib_python3_12_site-packages_PyQt6_Qt6["Qt6"]\n    node_venv_lib_python3_12_site-packages_PyQt6_Qt6 --> node_venv_lib_python3_12_site-packages_PyQt6_Qt6_qml["qml"]\n    node_venv_lib_python3_12_site-packages_PyQt6_Qt6_qml --> node_venv_lib_python3_12_site-packages_PyQt6_Qt6_qml_QtQuick["QtQuick"]\n    node_venv_lib_python3_12_site-packages_PyQt6_Qt6_qml_QtQuick --> node_venv_lib_python3_12_site-packages_PyQt6_Qt6_qml_QtQuick_Controls["Controls"]\n    node_venv_lib_python3_12_site-packages_PyQt6_Qt6_qml_QtQuick_Controls --> node_venv_lib_python3_12_site-packages_PyQt6_Qt6_qml_QtQuick_Controls_FluentWinUI3["FluentWinUI3"]\n    node_venv_lib_python3_12_site-packages_PyQt6_Qt6_qml_QtQuick_Controls_FluentWinUI3 --> node_venv_lib_python3_12_site-packages_PyQt6_Qt6_qml_QtQuick_Controls_FluentWinUI3_light["light"]\n    node_venv_lib_python3_12_site-packages_PyQt6_Qt6_qml_QtQuick_Controls_FluentWinUI3_light --> node_venv_lib_python3_12_site-packages_PyQt6_Qt6_qml_QtQuick_Controls_FluentWinUI3_light_images["images"]\n    node_venv_lib_python3_12_site-packages_PyQt6_Qt6_qml_QtQuick_Controls_FluentWinUI3_light_images --> node_venv_lib_python3_12_site-packages_PyQt6_Qt6_qml_QtQuick_Controls_FluentWinUI3_light_images_editablecombobox-popup-background-open_png["editablecombobox-popup-background-open.png"]\n    Root --> node_venv["venv"]\n    node_venv --> node_venv_lib["lib"]\n    node_venv_lib --> node_venv_lib_python3_12["python3.12"]\n    node_venv_lib_python3_12 --> node_venv_lib_python3_12_site-packages["site-packages"]\n    node_venv_lib_python3_12_site-packages --> node_venv_lib_python3_12_site-packages_PyQt6["PyQt6"]\n    node_venv_lib_python3_12_site-packages_PyQt6 --> node_venv_lib_python3_12_site-packages_PyQt6_Qt6["Qt6"]\n    node_venv_lib_python3_12_site-packages_PyQt6_Qt6 --> node_venv_lib_python3_12_site-packages_PyQt6_Qt6_qml["qml"]\n    node_venv_lib_python3_12_site-packages_PyQt6_Qt6_qml --> node_venv_lib_python3_12_site-packages_PyQt6_Qt6_qml_QtQuick["QtQuick"]\n    node_venv_lib_python3_12_site-packages_PyQt6_Qt6_qml_QtQuick --> node_venv_lib_python3_12_site-packages_PyQt6_Qt6_qml_QtQuick_Controls["Controls"]\n    node_venv_lib_python3_12_site-packages_PyQt6_Qt6_qml_QtQuick_Controls --> node_venv_lib_python3_12_site-packages_PyQt6_Qt6_qml_QtQuick_Controls_FluentWinUI3["FluentWinUI3"]\n    node_venv_lib_python3_12_site-packages_PyQt6_Qt6_qml_QtQuick_Controls_FluentWinUI3 --> node_venv_lib_python3_12_site-packages_PyQt6_Qt6_qml_QtQuick_Controls_FluentWinUI3_light["light"]\n    node_venv_lib_python3_12_site-packages_PyQt6_Qt6_qml_QtQuick_Controls_FluentWinUI3_light --> node_venv_lib_python3_12_site-packages_PyQt6_Qt6_qml_QtQuick_Controls_FluentWinUI3_light_images["images"]\n    node_venv_lib_python3_12_site-packages_PyQt6_Qt6_qml_QtQuick_Controls_FluentWinUI3_light_images --> node_venv_lib_python3_12_site-packages_PyQt6_Qt6_qml_QtQuick_Controls_FluentWinUI3_light_images_editablecombobox-popup-background-open@2x_png["editablecombobox-popup-background-open@2x.png"]\n    Root --> node_venv["venv"]\n    node_venv --> node_venv_lib["lib"]\n    node_venv_lib --> node_venv_lib_python3_12["python3.12"]\n    node_venv_lib_python3_12 --> node_venv_lib_python3_12_site-packages["site-packages"]\n    node_venv_lib_python3_12_site-packages --> node_venv_lib_python3_12_site-packages_PyQt6["PyQt6"]\n    node_venv_lib_python3_12_site-packages_PyQt6 --> node_venv_lib_python3_12_site-packages_PyQt6_Qt6["Qt6"]\n    node_venv_lib_python3_12_site-packages_PyQt6_Qt6 --> node_venv_lib_python3_12_site-packages_PyQt6_Qt6_qml["qml"]\n    node_venv_lib_python3_12_site-packages_PyQt6_Qt6_qml --> node_venv_lib_python3_12_site-packages_PyQt6_Qt6_qml_QtQuick["QtQuick"]\n    node_venv_lib_python3_12_site-packages_PyQt6_Qt6_qml_QtQuick --> node_venv_lib_python3_12_site-packages_PyQt6_Qt6_qml_QtQuick_Controls["Controls"]\n    node_venv_lib_python3_12_site-packages_PyQt6_Qt6_qml_QtQuick_Controls --> node_venv_lib_python3_12_site-packages_PyQt6_Qt6_qml_QtQuick_Controls_FluentWinUI3["FluentWinUI3"]\n    node_venv_lib_python3_12_site-packages_PyQt6_Qt6_qml_QtQuick_Controls_FluentWinUI3 --> node_venv_lib_python3_12_site-packages_PyQt6_Qt6_qml_QtQuick_Controls_FluentWinUI3_light["light"]\n    node_venv_lib_python3_12_site-packages_PyQt6_Qt6_qml_QtQuick_Controls_FluentWinUI3_light --> node_venv_lib_python3_12_site-packages_PyQt6_Qt6_qml_QtQuick_Controls_FluentWinUI3_light_images["images"]\n    node_venv_lib_python3_12_site-packages_PyQt6_Qt6_qml_QtQuick_Controls_FluentWinUI3_light_images --> node_venv_lib_python3_12_site-packages_PyQt6_Qt6_qml_QtQuick_Controls_FluentWinUI3_light_images_editablecombobox-popup-background-open@3x_png["editablecombobox-popup-background-open@3x.png"]\n    Root --> node_venv["venv"]\n    node_venv --> node_venv_lib["lib"]\n    node_venv_lib --> node_venv_lib_python3_12["python3.12"]\n    node_venv_lib_python3_12 --> node_venv_lib_python3_12_site-packages["site-packages"]\n    node_venv_lib_python3_12_site-packages --> node_venv_lib_python3_12_site-packages_PyQt6["PyQt6"]\n    node_venv_lib_python3_12_site-packages_PyQt6 --> node_venv_lib_python3_12_site-packages_PyQt6_Qt6["Qt6"]\n    node_venv_lib_python3_12_site-packages_PyQt6_Qt6 --> node_venv_lib_python3_12_site-packages_PyQt6_Qt6_qml["qml"]\n    node_venv_lib_python3_12_site-packages_PyQt6_Qt6_qml --> node_venv_lib_python3_12_site-packages_PyQt6_Qt6_qml_QtQuick["QtQuick"]\n    node_venv_lib_python3_12_site-packages_PyQt6_Qt6_qml_QtQuick --> node_venv_lib_python3_12_site-packages_PyQt6_Qt6_qml_QtQuick_Controls["Controls"]\n    node_venv_lib_python3_12_site-packages_PyQt6_Qt6_qml_QtQuick_Controls --> node_venv_lib_python3_12_site-packages_PyQt6_Qt6_qml_QtQuick_Controls_FluentWinUI3["FluentWinUI3"]\n    node_venv_lib_python3_12_site-packages_PyQt6_Qt6_qml_QtQuick_Controls_FluentWinUI3 --> node_venv_lib_python3_12_site-packages_PyQt6_Qt6_qml_QtQuick_Controls_FluentWinUI3_light["light"]\n    node_venv_lib_python3_12_site-packages_PyQt6_Qt6_qml_QtQuick_Controls_FluentWinUI3_light --> node_venv_lib_python3_12_site-packages_PyQt6_Qt6_qml_QtQuick_Controls_FluentWinUI3_light_images["images"]\n    node_venv_lib_python3_12_site-packages_PyQt6_Qt6_qml_QtQuick_Controls_FluentWinUI3_light_images --> node_venv_lib_python3_12_site-packages_PyQt6_Qt6_qml_QtQuick_Controls_FluentWinUI3_light_images_frame-background-disabled_png["frame-background-disabled.png"]\n    Root --> node_venv["venv"]\n    node_venv --> node_venv_lib["lib"]\n    node_venv_lib --> node_venv_lib_python3_12["python3.12"]\n    node_venv_lib_python3_12 --> node_venv_lib_python3_12_site-packages["site-packages"]\n    node_venv_lib_python3_12_site-packages --> node_venv_lib_python3_12_site-packages_PyQt6["PyQt6"]\n    node_venv_lib_python3_12_site-packages_PyQt6 --> node_venv_lib_python3_12_site-packages_PyQt6_Qt6["Qt6"]\n    node_venv_lib_python3_12_site-packages_PyQt6_Qt6 --> node_venv_lib_python3_12_site-packages_PyQt6_Qt6_qml["qml"]\n    node_venv_lib_python3_12_site-packages_PyQt6_Qt6_qml --> node_venv_lib_python3_12_site-packages_PyQt6_Qt6_qml_QtQuick["QtQuick"]\n    node_venv_lib_python3_12_site-packages_PyQt6_Qt6_qml_QtQuick --> node_venv_lib_python3_12_site-packages_PyQt6_Qt6_qml_QtQuick_Controls["Controls"]\n    node_venv_lib_python3_12_site-packages_PyQt6_Qt6_qml_QtQuick_Controls --> node_venv_lib_python3_12_site-packages_PyQt6_Qt6_qml_QtQuick_Controls_FluentWinUI3["FluentWinUI3"]\n    node_venv_lib_python3_12_site-packages_PyQt6_Qt6_qml_QtQuick_Controls_FluentWinUI3 --> node_venv_lib_python3_12_site-packages_PyQt6_Qt6_qml_QtQuick_Controls_FluentWinUI3_light["light"]\n    node_venv_lib_python3_12_site-packages_PyQt6_Qt6_qml_QtQuick_Controls_FluentWinUI3_light --> node_venv_lib_python3_12_site-packages_PyQt6_Qt6_qml_QtQuick_Controls_FluentWinUI3_light_images["images"]\n    node_venv_lib_python3_12_site-packages_PyQt6_Qt6_qml_QtQuick_Controls_FluentWinUI3_light_images --> node_venv_lib_python3_12_site-packages_PyQt6_Qt6_qml_QtQuick_Controls_FluentWinUI3_light_images_frame-background-disabled@2x_png["frame-background-disabled@2x.png"]\n    Root --> node_venv["venv"]\n    node_venv --> node_venv_lib["lib"]\n    node_venv_lib --> node_venv_lib_python3_12["python3.12"]\n    node_venv_lib_python3_12 --> node_venv_lib_python3_12_site-packages["site-packages"]\n    node_venv_lib_python3_12_site-packages --> node_venv_lib_python3_12_site-packages_PyQt6["PyQt6"]\n    node_venv_lib_python3_12_site-packages_PyQt6 --> node_venv_lib_python3_12_site-packages_PyQt6_Qt6["Qt6"]\n    node_venv_lib_python3_12_site-packages_PyQt6_Qt6 --> node_venv_lib_python3_12_site-packages_PyQt6_Qt6_qml["qml"]\n    node_venv_lib_python3_12_site-packages_PyQt6_Qt6_qml --> node_venv_lib_python3_12_site-packages_PyQt6_Qt6_qml_QtQuick["QtQuick"]\n    node_venv_lib_python3_12_site-packages_PyQt6_Qt6_qml_QtQuick --> node_venv_lib_python3_12_site-packages_PyQt6_Qt6_qml_QtQuick_Controls["Controls"]\n    node_venv_lib_python3_12_site-packages_PyQt6_Qt6_qml_QtQuick_Controls --> node_venv_lib_python3_12_site-packages_PyQt6_Qt6_qml_QtQuick_Controls_FluentWinUI3["FluentWinUI3"]\n    node_venv_lib_python3_12_site-packages_PyQt6_Qt6_qml_QtQuick_Controls_FluentWinUI3 --> node_venv_lib_python3_12_site-packages_PyQt6_Qt6_qml_QtQuick_Controls_FluentWinUI3_light["light"]\n    node_venv_lib_python3_12_site-packages_PyQt6_Qt6_qml_QtQuick_Controls_FluentWinUI3_light --> node_venv_lib_python3_12_site-packages_PyQt6_Qt6_qml_QtQuick_Controls_FluentWinUI3_light_images["images"]\n    node_venv_lib_python3_12_site-packages_PyQt6_Qt6_qml_QtQuick_Controls_FluentWinUI3_light_images --> node_venv_lib_python3_12_site-packages_PyQt6_Qt6_qml_QtQuick_Controls_FluentWinUI3_light_images_frame-background-disabled@3x_png["frame-background-disabled@3x.png"]\n    Root --> node_venv["venv"]\n    node_venv --> node_venv_lib["lib"]\n    node_venv_lib --> node_venv_lib_python3_12["python3.12"]\n    node_venv_lib_python3_12 --> node_venv_lib_python3_12_site-packages["site-packages"]\n    node_venv_lib_python3_12_site-packages --> node_venv_lib_python3_12_site-packages_PyQt6["PyQt6"]\n    node_venv_lib_python3_12_site-packages_PyQt6 --> node_venv_lib_python3_12_site-packages_PyQt6_Qt6["Qt6"]\n    node_venv_lib_python3_12_site-packages_PyQt6_Qt6 --> node_venv_lib_python3_12_site-packages_PyQt6_Qt6_qml["qml"]\n    node_venv_lib_python3_12_site-packages_PyQt6_Qt6_qml --> node_venv_lib_python3_12_site-packages_PyQt6_Qt6_qml_QtQuick["QtQuick"]\n    node_venv_lib_python3_12_site-packages_PyQt6_Qt6_qml_QtQuick --> node_venv_lib_python3_12_site-packages_PyQt6_Qt6_qml_QtQuick_Controls["Controls"]\n    node_venv_lib_python3_12_site-packages_PyQt6_Qt6_qml_QtQuick_Controls --> node_venv_lib_python3_12_site-packages_PyQt6_Qt6_qml_QtQuick_Controls_FluentWinUI3["FluentWinUI3"]\n    node_venv_lib_python3_12_site-packages_PyQt6_Qt6_qml_QtQuick_Controls_FluentWinUI3 --> node_venv_lib_python3_12_site-packages_PyQt6_Qt6_qml_QtQuick_Controls_FluentWinUI3_light["light"]\n    node_venv_lib_python3_12_site-packages_PyQt6_Qt6_qml_QtQuick_Controls_FluentWinUI3_light --> node_venv_lib_python3_12_site-packages_PyQt6_Qt6_qml_QtQuick_Controls_FluentWinUI3_light_images["images"]\n    node_venv_lib_python3_12_site-packages_PyQt6_Qt6_qml_QtQuick_Controls_FluentWinUI3_light_images --> node_venv_lib_python3_12_site-packages_PyQt6_Qt6_qml_QtQuick_Controls_FluentWinUI3_light_images_frame-background_png["frame-background.png"]\n    Root --> node_venv["venv"]\n    node_venv --> node_venv_lib["lib"]\n    node_venv_lib --> node_venv_lib_python3_12["python3.12"]\n    node_venv_lib_python3_12 --> node_venv_lib_python3_12_site-packages["site-packages"]\n    node_venv_lib_python3_12_site-packages --> node_venv_lib_python3_12_site-packages_PyQt6["PyQt6"]\n    node_venv_lib_python3_12_site-packages_PyQt6 --> node_venv_lib_python3_12_site-packages_PyQt6_Qt6["Qt6"]\n    node_venv_lib_python3_12_site-packages_PyQt6_Qt6 --> node_venv_lib_python3_12_site-packages_PyQt6_Qt6_qml["qml"]\n    node_venv_lib_python3_12_site-packages_PyQt6_Qt6_qml --> node_venv_lib_python3_12_site-packages_PyQt6_Qt6_qml_QtQuick["QtQuick"]\n    node_venv_lib_python3_12_site-packages_PyQt6_Qt6_qml_QtQuick --> node_venv_lib_python3_12_site-packages_PyQt6_Qt6_qml_QtQuick_Controls["Controls"]\n    node_venv_lib_python3_12_site-packages_PyQt6_Qt6_qml_QtQuick_Controls --> node_venv_lib_python3_12_site-packages_PyQt6_Qt6_qml_QtQuick_Controls_FluentWinUI3["FluentWinUI3"]\n    node_venv_lib_python3_12_site-packages_PyQt6_Qt6_qml_QtQuick_Controls_FluentWinUI3 --> node_venv_lib_python3_12_site-packages_PyQt6_Qt6_qml_QtQuick_Controls_FluentWinUI3_light["light"]\n    node_venv_lib_python3_12_site-packages_PyQt6_Qt6_qml_QtQuick_Controls_FluentWinUI3_light --> node_venv_lib_python3_12_site-packages_PyQt6_Qt6_qml_QtQuick_Controls_FluentWinUI3_light_images["images"]\n    node_venv_lib_python3_12_site-packages_PyQt6_Qt6_qml_QtQuick_Controls_FluentWinUI3_light_images --> node_venv_lib_python3_12_site-packages_PyQt6_Qt6_qml_QtQuick_Controls_FluentWinUI3_light_images_frame-background@2x_png["frame-background@2x.png"]\n    Root --> node_venv["venv"]\n    node_venv --> node_venv_lib["lib"]\n    node_venv_lib --> node_venv_lib_python3_12["python3.12"]\n    node_venv_lib_python3_12 --> node_venv_lib_python3_12_site-packages["site-packages"]\n    node_venv_lib_python3_12_site-packages --> node_venv_lib_python3_12_site-packages_PyQt6["PyQt6"]\n    node_venv_lib_python3_12_site-packages_PyQt6 --> node_venv_lib_python3_12_site-packages_PyQt6_Qt6["Qt6"]\n    node_venv_lib_python3_12_site-packages_PyQt6_Qt6 --> node_venv_lib_python3_12_site-packages_PyQt6_Qt6_qml["qml"]\n    node_venv_lib_python3_12_site-packages_PyQt6_Qt6_qml --> node_venv_lib_python3_12_site-packages_PyQt6_Qt6_qml_QtQuick["QtQuick"]\n    node_venv_lib_python3_12_site-packages_PyQt6_Qt6_qml_QtQuick --> node_venv_lib_python3_12_site-packages_PyQt6_Qt6_qml_QtQuick_Controls["Controls"]\n    node_venv_lib_python3_12_site-packages_PyQt6_Qt6_qml_QtQuick_Controls --> node_venv_lib_python3_12_site-packages_PyQt6_Qt6_qml_QtQuick_Controls_FluentWinUI3["FluentWinUI3"]\n    node_venv_lib_python3_12_site-packages_PyQt6_Qt6_qml_QtQuick_Controls_FluentWinUI3 --> node_venv_lib_python3_12_site-packages_PyQt6_Qt6_qml_QtQuick_Controls_FluentWinUI3_light["light"]\n    node_venv_lib_python3_12_site-packages_PyQt6_Qt6_qml_QtQuick_Controls_FluentWinUI3_light --> node_venv_lib_python3_12_site-packages_PyQt6_Qt6_qml_QtQuick_Controls_FluentWinUI3_light_images["images"]\n    node_venv_lib_python3_12_site-packages_PyQt6_Qt6_qml_QtQuick_Controls_FluentWinUI3_light_images --> node_venv_lib_python3_12_site-packages_PyQt6_Qt6_qml_QtQuick_Controls_FluentWinUI3_light_images_frame-background@3x_png["frame-background@3x.png"]\n    Root --> node_venv["venv"]\n    node_venv --> node_venv_lib["lib"]\n    node_venv_lib --> node_venv_lib_python3_12["python3.12"]\n    node_venv_lib_python3_12 --> node_venv_lib_python3_12_site-packages["site-packages"]\n    node_venv_lib_python3_12_site-packages --> node_venv_lib_python3_12_site-packages_PyQt6["PyQt6"]\n    node_venv_lib_python3_12_site-packages_PyQt6 --> node_venv_lib_python3_12_site-packages_PyQt6_Qt6["Qt6"]\n    node_venv_lib_python3_12_site-packages_PyQt6_Qt6 --> node_venv_lib_python3_12_site-packages_PyQt6_Qt6_qml["qml"]\n    node_venv_lib_python3_12_site-packages_PyQt6_Qt6_qml --> node_venv_lib_python3_12_site-packages_PyQt6_Qt6_qml_QtQuick["QtQuick"]\n    node_venv_lib_python3_12_site-packages_PyQt6_Qt6_qml_QtQuick --> node_venv_lib_python3_12_site-packages_PyQt6_Qt6_qml_QtQuick_Controls["Controls"]\n    node_venv_lib_python3_12_site-packages_PyQt6_Qt6_qml_QtQuick_Controls --> node_venv_lib_python3_12_site-packages_PyQt6_Qt6_qml_QtQuick_Controls_FluentWinUI3["FluentWinUI3"]\n    node_venv_lib_python3_12_site-packages_PyQt6_Qt6_qml_QtQuick_Controls_FluentWinUI3 --> node_venv_lib_python3_12_site-packages_PyQt6_Qt6_qml_QtQuick_Controls_FluentWinUI3_light["light"]\n    node_venv_lib_python3_12_site-packages_PyQt6_Qt6_qml_QtQuick_Controls_FluentWinUI3_light --> node_venv_lib_python3_12_site-packages_PyQt6_Qt6_qml_QtQuick_Controls_FluentWinUI3_light_images["images"]\n    node_venv_lib_python3_12_site-packages_PyQt6_Qt6_qml_QtQuick_Controls_FluentWinUI3_light_images --> node_venv_lib_python3_12_site-packages_PyQt6_Qt6_qml_QtQuick_Controls_FluentWinUI3_light_images_itemdelegate-background-highlighted-hovered_png["itemdelegate-background-highlighted-hovered.png"]\n    Root --> node_venv["venv"]\n    node_venv --> node_venv_lib["lib"]\n    node_venv_lib --> node_venv_lib_python3_12["python3.12"]\n    node_venv_lib_python3_12 --> node_venv_lib_python3_12_site-packages["site-packages"]\n    node_venv_lib_python3_12_site-packages --> node_venv_lib_python3_12_site-packages_PyQt6["PyQt6"]\n    node_venv_lib_python3_12_site-packages_PyQt6 --> node_venv_lib_python3_12_site-packages_PyQt6_Qt6["Qt6"]\n    node_venv_lib_python3_12_site-packages_PyQt6_Qt6 --> node_venv_lib_python3_12_site-packages_PyQt6_Qt6_qml["qml"]\n    node_venv_lib_python3_12_site-packages_PyQt6_Qt6_qml --> node_venv_lib_python3_12_site-packages_PyQt6_Qt6_qml_QtQuick["QtQuick"]\n    node_venv_lib_python3_12_site-packages_PyQt6_Qt6_qml_QtQuick --> node_venv_lib_python3_12_site-packages_PyQt6_Qt6_qml_QtQuick_Controls["Controls"]\n    node_venv_lib_python3_12_site-packages_PyQt6_Qt6_qml_QtQuick_Controls --> node_venv_lib_python3_12_site-packages_PyQt6_Qt6_qml_QtQuick_Controls_FluentWinUI3["FluentWinUI3"]\n    node_venv_lib_python3_12_site-packages_PyQt6_Qt6_qml_QtQuick_Controls_FluentWinUI3 --> node_venv_lib_python3_12_site-packages_PyQt6_Qt6_qml_QtQuick_Controls_FluentWinUI3_light["light"]\n    node_venv_lib_python3_12_site-packages_PyQt6_Qt6_qml_QtQuick_Controls_FluentWinUI3_light --> node_venv_lib_python3_12_site-packages_PyQt6_Qt6_qml_QtQuick_Controls_FluentWinUI3_light_images["images"]\n    node_venv_lib_python3_12_site-packages_PyQt6_Qt6_qml_QtQuick_Controls_FluentWinUI3_light_images --> node_venv_lib_python3_12_site-packages_PyQt6_Qt6_qml_QtQuick_Controls_FluentWinUI3_light_images_itemdelegate-background-highlighted-hovered@2x_png["itemdelegate-background-highlighted-hovered@2x.png"]\n    Root --> node_venv["venv"]\n    node_venv --> node_venv_lib["lib"]\n    node_venv_lib --> node_venv_lib_python3_12["python3.12"]\n    node_venv_lib_python3_12 --> node_venv_lib_python3_12_site-packages["site-packages"]\n    node_venv_lib_python3_12_site-packages --> node_venv_lib_python3_12_site-packages_PyQt6["PyQt6"]\n    node_venv_lib_python3_12_site-packages_PyQt6 --> node_venv_lib_python3_12_site-packages_PyQt6_Qt6["Qt6"]\n    node_venv_lib_python3_12_site-packages_PyQt6_Qt6 --> node_venv_lib_python3_12_site-packages_PyQt6_Qt6_qml["qml"]\n    node_venv_lib_python3_12_site-packages_PyQt6_Qt6_qml --> node_venv_lib_python3_12_site-packages_PyQt6_Qt6_qml_QtQuick["QtQuick"]\n    node_venv_lib_python3_12_site-packages_PyQt6_Qt6_qml_QtQuick --> node_venv_lib_python3_12_site-packages_PyQt6_Qt6_qml_QtQuick_Controls["Controls"]\n    node_venv_lib_python3_12_site-packages_PyQt6_Qt6_qml_QtQuick_Controls --> node_venv_lib_python3_12_site-packages_PyQt6_Qt6_qml_QtQuick_Controls_FluentWinUI3["FluentWinUI3"]\n    node_venv_lib_python3_12_site-packages_PyQt6_Qt6_qml_QtQuick_Controls_FluentWinUI3 --> node_venv_lib_python3_12_site-packages_PyQt6_Qt6_qml_QtQuick_Controls_FluentWinUI3_light["light"]\n    node_venv_lib_python3_12_site-packages_PyQt6_Qt6_qml_QtQuick_Controls_FluentWinUI3_light --> node_venv_lib_python3_12_site-packages_PyQt6_Qt6_qml_QtQuick_Controls_FluentWinUI3_light_images["images"]\n    node_venv_lib_python3_12_site-packages_PyQt6_Qt6_qml_QtQuick_Controls_FluentWinUI3_light_images --> node_venv_lib_python3_12_site-packages_PyQt6_Qt6_qml_QtQuick_Controls_FluentWinUI3_light_images_itemdelegate-background-highlighted-hovered@3x_png["itemdelegate-background-highlighted-hovered@3x.png"]\n    Root --> node_venv["venv"]\n    node_venv --> node_venv_lib["lib"]\n    node_venv_lib --> node_venv_lib_python3_12["python3.12"]\n    node_venv_lib_python3_12 --> node_venv_lib_python3_12_site-packages["site-packages"]\n    node_venv_lib_python3_12_site-packages --> node_venv_lib_python3_12_site-packages_PyQt6["PyQt6"]\n    node_venv_lib_python3_12_site-packages_PyQt6 --> node_venv_lib_python3_12_site-packages_PyQt6_Qt6["Qt6"]\n    node_venv_lib_python3_12_site-packages_PyQt6_Qt6 --> node_venv_lib_python3_12_site-packages_PyQt6_Qt6_qml["qml"]\n    node_venv_lib_python3_12_site-packages_PyQt6_Qt6_qml --> node_venv_lib_python3_12_site-packages_PyQt6_Qt6_qml_QtQuick["QtQuick"]\n    node_venv_lib_python3_12_site-packages_PyQt6_Qt6_qml_QtQuick --> node_venv_lib_python3_12_site-packages_PyQt6_Qt6_qml_QtQuick_Controls["Controls"]\n    node_venv_lib_python3_12_site-packages_PyQt6_Qt6_qml_QtQuick_Controls --> node_venv_lib_python3_12_site-packages_PyQt6_Qt6_qml_QtQuick_Controls_FluentWinUI3["FluentWinUI3"]\n    node_venv_lib_python3_12_site-packages_PyQt6_Qt6_qml_QtQuick_Controls_FluentWinUI3 --> node_venv_lib_python3_12_site-packages_PyQt6_Qt6_qml_QtQuick_Controls_FluentWinUI3_light["light"]\n    node_venv_lib_python3_12_site-packages_PyQt6_Qt6_qml_QtQuick_Controls_FluentWinUI3_light --> node_venv_lib_python3_12_site-packages_PyQt6_Qt6_qml_QtQuick_Controls_FluentWinUI3_light_images["images"]\n    node_venv_lib_python3_12_site-packages_PyQt6_Qt6_qml_QtQuick_Controls_FluentWinUI3_light_images --> node_venv_lib_python3_12_site-packages_PyQt6_Qt6_qml_QtQuick_Controls_FluentWinUI3_light_images_itemdelegate-background-highlighted-pressed_png["itemdelegate-background-highlighted-pressed.png"]\n    Root --> node_venv["venv"]\n    node_venv --> node_venv_lib["lib"]\n    node_venv_lib --> node_venv_lib_python3_12["python3.12"]\n    node_venv_lib_python3_12 --> node_venv_lib_python3_12_site-packages["site-packages"]\n    node_venv_lib_python3_12_site-packages --> node_venv_lib_python3_12_site-packages_PyQt6["PyQt6"]\n    node_venv_lib_python3_12_site-packages_PyQt6 --> node_venv_lib_python3_12_site-packages_PyQt6_Qt6["Qt6"]\n    node_venv_lib_python3_12_site-packages_PyQt6_Qt6 --> node_venv_lib_python3_12_site-packages_PyQt6_Qt6_qml["qml"]\n    node_venv_lib_python3_12_site-packages_PyQt6_Qt6_qml --> node_venv_lib_python3_12_site-packages_PyQt6_Qt6_qml_QtQuick["QtQuick"]\n    node_venv_lib_python3_12_site-packages_PyQt6_Qt6_qml_QtQuick --> node_venv_lib_python3_12_site-packages_PyQt6_Qt6_qml_QtQuick_Controls["Controls"]\n    node_venv_lib_python3_12_site-packages_PyQt6_Qt6_qml_QtQuick_Controls --> node_venv_lib_python3_12_site-packages_PyQt6_Qt6_qml_QtQuick_Controls_FluentWinUI3["FluentWinUI3"]\n    node_venv_lib_python3_12_site-packages_PyQt6_Qt6_qml_QtQuick_Controls_FluentWinUI3 --> node_venv_lib_python3_12_site-packages_PyQt6_Qt6_qml_QtQuick_Controls_FluentWinUI3_light["light"]\n    node_venv_lib_python3_12_site-packages_PyQt6_Qt6_qml_QtQuick_Controls_FluentWinUI3_light --> node_venv_lib_python3_12_site-packages_PyQt6_Qt6_qml_QtQuick_Controls_FluentWinUI3_light_images["images"]\n    node_venv_lib_python3_12_site-packages_PyQt6_Qt6_qml_QtQuick_Controls_FluentWinUI3_light_images --> node_venv_lib_python3_12_site-packages_PyQt6_Qt6_qml_QtQuick_Controls_FluentWinUI3_light_images_itemdelegate-background-highlighted-pressed@2x_png["itemdelegate-background-highlighted-pressed@2x.png"]\n    Root --> node_venv["venv"]\n    node_venv --> node_venv_lib["lib"]\n    node_venv_lib --> node_venv_lib_python3_12["python3.12"]\n    node_venv_lib_python3_12 --> node_venv_lib_python3_12_site-packages["site-packages"]\n    node_venv_lib_python3_12_site-packages --> node_venv_lib_python3_12_site-packages_PyQt6["PyQt6"]\n    node_venv_lib_python3_12_site-packages_PyQt6 --> node_venv_lib_python3_12_site-packages_PyQt6_Qt6["Qt6"]\n    node_venv_lib_python3_12_site-packages_PyQt6_Qt6 --> node_venv_lib_python3_12_site-packages_PyQt6_Qt6_qml["qml"]\n    node_venv_lib_python3_12_site-packages_PyQt6_Qt6_qml --> node_venv_lib_python3_12_site-packages_PyQt6_Qt6_qml_QtQuick["QtQuick"]\n    node_venv_lib_python3_12_site-packages_PyQt6_Qt6_qml_QtQuick --> node_venv_lib_python3_12_site-packages_PyQt6_Qt6_qml_QtQuick_Controls["Controls"]\n    node_venv_lib_python3_12_site-packages_PyQt6_Qt6_qml_QtQuick_Controls --> node_venv_lib_python3_12_site-packages_PyQt6_Qt6_qml_QtQuick_Controls_FluentWinUI3["FluentWinUI3"]\n    node_venv_lib_python3_12_site-packages_PyQt6_Qt6_qml_QtQuick_Controls_FluentWinUI3 --> node_venv_lib_python3_12_site-packages_PyQt6_Qt6_qml_QtQuick_Controls_FluentWinUI3_light["light"]\n    node_venv_lib_python3_12_site-packages_PyQt6_Qt6_qml_QtQuick_Controls_FluentWinUI3_light --> node_venv_lib_python3_12_site-packages_PyQt6_Qt6_qml_QtQuick_Controls_FluentWinUI3_light_images["images"]\n    node_venv_lib_python3_12_site-packages_PyQt6_Qt6_qml_QtQuick_Controls_FluentWinUI3_light_images --> node_venv_lib_python3_12_site-packages_PyQt6_Qt6_qml_QtQuick_Controls_FluentWinUI3_light_images_itemdelegate-background-highlighted-pressed@3x_png["itemdelegate-background-highlighted-pressed@3x.png"]\n    Root --> node_venv["venv"]\n    node_venv --> node_venv_lib["lib"]\n    node_venv_lib --> node_venv_lib_python3_12["python3.12"]\n    node_venv_lib_python3_12 --> node_venv_lib_python3_12_site-packages["site-packages"]\n    node_venv_lib_python3_12_site-packages --> node_venv_lib_python3_12_site-packages_PyQt6["PyQt6"]\n    node_venv_lib_python3_12_site-packages_PyQt6 --> node_venv_lib_python3_12_site-packages_PyQt6_Qt6["Qt6"]\n    node_venv_lib_python3_12_site-packages_PyQt6_Qt6 --> node_venv_lib_python3_12_site-packages_PyQt6_Qt6_qml["qml"]\n    node_venv_lib_python3_12_site-packages_PyQt6_Qt6_qml --> node_venv_lib_python3_12_site-packages_PyQt6_Qt6_qml_QtQuick["QtQuick"]\n    node_venv_lib_python3_12_site-packages_PyQt6_Qt6_qml_QtQuick --> node_venv_lib_python3_12_site-packages_PyQt6_Qt6_qml_QtQuick_Controls["Controls"]\n    node_venv_lib_python3_12_site-packages_PyQt6_Qt6_qml_QtQuick_Controls --> node_venv_lib_python3_12_site-packages_PyQt6_Qt6_qml_QtQuick_Controls_FluentWinUI3["FluentWinUI3"]\n    node_venv_lib_python3_12_site-packages_PyQt6_Qt6_qml_QtQuick_Controls_FluentWinUI3 --> node_venv_lib_python3_12_site-packages_PyQt6_Qt6_qml_QtQuick_Controls_FluentWinUI3_light["light"]\n    node_venv_lib_python3_12_site-packages_PyQt6_Qt6_qml_QtQuick_Controls_FluentWinUI3_light --> node_venv_lib_python3_12_site-packages_PyQt6_Qt6_qml_QtQuick_Controls_FluentWinUI3_light_images["images"]\n    node_venv_lib_python3_12_site-packages_PyQt6_Qt6_qml_QtQuick_Controls_FluentWinUI3_light_images --> node_venv_lib_python3_12_site-packages_PyQt6_Qt6_qml_QtQuick_Controls_FluentWinUI3_light_images_itemdelegate-background-highlighted_png["itemdelegate-background-highlighted.png"]\n    Root --> node_venv["venv"]\n    node_venv --> node_venv_lib["lib"]\n    node_venv_lib --> node_venv_lib_python3_12["python3.12"]\n    node_venv_lib_python3_12 --> node_venv_lib_python3_12_site-packages["site-packages"]\n    node_venv_lib_python3_12_site-packages --> node_venv_lib_python3_12_site-packages_PyQt6["PyQt6"]\n    node_venv_lib_python3_12_site-packages_PyQt6 --> node_venv_lib_python3_12_site-packages_PyQt6_Qt6["Qt6"]\n    node_venv_lib_python3_12_site-packages_PyQt6_Qt6 --> node_venv_lib_python3_12_site-packages_PyQt6_Qt6_qml["qml"]\n    node_venv_lib_python3_12_site-packages_PyQt6_Qt6_qml --> node_venv_lib_python3_12_site-packages_PyQt6_Qt6_qml_QtQuick["QtQuick"]\n    node_venv_lib_python3_12_site-packages_PyQt6_Qt6_qml_QtQuick --> node_venv_lib_python3_12_site-packages_PyQt6_Qt6_qml_QtQuick_Controls["Controls"]\n    node_venv_lib_python3_12_site-packages_PyQt6_Qt6_qml_QtQuick_Controls --> node_venv_lib_python3_12_site-packages_PyQt6_Qt6_qml_QtQuick_Controls_FluentWinUI3["FluentWinUI3"]\n    node_venv_lib_python3_12_site-packages_PyQt6_Qt6_qml_QtQuick_Controls_FluentWinUI3 --> node_venv_lib_python3_12_site-packages_PyQt6_Qt6_qml_QtQuick_Controls_FluentWinUI3_light["light"]\n    node_venv_lib_python3_12_site-packages_PyQt6_Qt6_qml_QtQuick_Controls_FluentWinUI3_light --> node_venv_lib_python3_12_site-packages_PyQt6_Qt6_qml_QtQuick_Controls_FluentWinUI3_light_images["images"]\n    node_venv_lib_python3_12_site-packages_PyQt6_Qt6_qml_QtQuick_Controls_FluentWinUI3_light_images --> node_venv_lib_python3_12_site-packages_PyQt6_Qt6_qml_QtQuick_Controls_FluentWinUI3_light_images_itemdelegate-background-highlighted@2x_png["itemdelegate-background-highlighted@2x.png"]\n    Root --> node_venv["venv"]\n    node_venv --> node_venv_lib["lib"]\n    node_venv_lib --> node_venv_lib_python3_12["python3.12"]\n    node_venv_lib_python3_12 --> node_venv_lib_python3_12_site-packages["site-packages"]\n    node_venv_lib_python3_12_site-packages --> node_venv_lib_python3_12_site-packages_PyQt6["PyQt6"]\n    node_venv_lib_python3_12_site-packages_PyQt6 --> node_venv_lib_python3_12_site-packages_PyQt6_Qt6["Qt6"]\n    node_venv_lib_python3_12_site-packages_PyQt6_Qt6 --> node_venv_lib_python3_12_site-packages_PyQt6_Qt6_qml["qml"]\n    node_venv_lib_python3_12_site-packages_PyQt6_Qt6_qml --> node_venv_lib_python3_12_site-packages_PyQt6_Qt6_qml_QtQuick["QtQuick"]\n    node_venv_lib_python3_12_site-packages_PyQt6_Qt6_qml_QtQuick --> node_venv_lib_python3_12_site-packages_PyQt6_Qt6_qml_QtQuick_Controls["Controls"]\n    node_venv_lib_python3_12_site-packages_PyQt6_Qt6_qml_QtQuick_Controls --> node_venv_lib_python3_12_site-packages_PyQt6_Qt6_qml_QtQuick_Controls_FluentWinUI3["FluentWinUI3"]\n    node_venv_lib_python3_12_site-packages_PyQt6_Qt6_qml_QtQuick_Controls_FluentWinUI3 --> node_venv_lib_python3_12_site-packages_PyQt6_Qt6_qml_QtQuick_Controls_FluentWinUI3_light["light"]\n    node_venv_lib_python3_12_site-packages_PyQt6_Qt6_qml_QtQuick_Controls_FluentWinUI3_light --> node_venv_lib_python3_12_site-packages_PyQt6_Qt6_qml_QtQuick_Controls_FluentWinUI3_light_images["images"]\n    node_venv_lib_python3_12_site-packages_PyQt6_Qt6_qml_QtQuick_Controls_FluentWinUI3_light_images --> node_venv_lib_python3_12_site-packages_PyQt6_Qt6_qml_QtQuick_Controls_FluentWinUI3_light_images_itemdelegate-background-highlighted@3x_png["itemdelegate-background-highlighted@3x.png"]\n    Root --> node_venv["venv"]\n    node_venv --> node_venv_lib["lib"]\n    node_venv_lib --> node_venv_lib_python3_12["python3.12"]\n    node_venv_lib_python3_12 --> node_venv_lib_python3_12_site-packages["site-packages"]\n    node_venv_lib_python3_12_site-packages --> node_venv_lib_python3_12_site-packages_PyQt6["PyQt6"]\n    node_venv_lib_python3_12_site-packages_PyQt6 --> node_venv_lib_python3_12_site-packages_PyQt6_Qt6["Qt6"]\n    node_venv_lib_python3_12_site-packages_PyQt6_Qt6 --> node_venv_lib_python3_12_site-packages_PyQt6_Qt6_qml["qml"]\n    node_venv_lib_python3_12_site-packages_PyQt6_Qt6_qml --> node_venv_lib_python3_12_site-packages_PyQt6_Qt6_qml_QtQuick["QtQuick"]\n    node_venv_lib_python3_12_site-packages_PyQt6_Qt6_qml_QtQuick --> node_venv_lib_python3_12_site-packages_PyQt6_Qt6_qml_QtQuick_Controls["Controls"]\n    node_venv_lib_python3_12_site-packages_PyQt6_Qt6_qml_QtQuick_Controls --> node_venv_lib_python3_12_site-packages_PyQt6_Qt6_qml_QtQuick_Controls_FluentWinUI3["FluentWinUI3"]\n    node_venv_lib_python3_12_site-packages_PyQt6_Qt6_qml_QtQuick_Controls_FluentWinUI3 --> node_venv_lib_python3_12_site-packages_PyQt6_Qt6_qml_QtQuick_Controls_FluentWinUI3_light["light"]\n    node_venv_lib_python3_12_site-packages_PyQt6_Qt6_qml_QtQuick_Controls_FluentWinUI3_light --> node_venv_lib_python3_12_site-packages_PyQt6_Qt6_qml_QtQuick_Controls_FluentWinUI3_light_images["images"]\n    node_venv_lib_python3_12_site-packages_PyQt6_Qt6_qml_QtQuick_Controls_FluentWinUI3_light_images --> node_venv_lib_python3_12_site-packages_PyQt6_Qt6_qml_QtQuick_Controls_FluentWinUI3_light_images_itemdelegate-background-hovered_png["itemdelegate-background-hovered.png"]\n    Root --> node_venv["venv"]\n    node_venv --> node_venv_lib["lib"]\n    node_venv_lib --> node_venv_lib_python3_12["python3.12"]\n    node_venv_lib_python3_12 --> node_venv_lib_python3_12_site-packages["site-packages"]\n    node_venv_lib_python3_12_site-packages --> node_venv_lib_python3_12_site-packages_PyQt6["PyQt6"]\n    node_venv_lib_python3_12_site-packages_PyQt6 --> node_venv_lib_python3_12_site-packages_PyQt6_Qt6["Qt6"]\n    node_venv_lib_python3_12_site-packages_PyQt6_Qt6 --> node_venv_lib_python3_12_site-packages_PyQt6_Qt6_qml["qml"]\n    node_venv_lib_python3_12_site-packages_PyQt6_Qt6_qml --> node_venv_lib_python3_12_site-packages_PyQt6_Qt6_qml_QtQuick["QtQuick"]\n    node_venv_lib_python3_12_site-packages_PyQt6_Qt6_qml_QtQuick --> node_venv_lib_python3_12_site-packages_PyQt6_Qt6_qml_QtQuick_Controls["Controls"]\n    node_venv_lib_python3_12_site-packages_PyQt6_Qt6_qml_QtQuick_Controls --> node_venv_lib_python3_12_site-packages_PyQt6_Qt6_qml_QtQuick_Controls_FluentWinUI3["FluentWinUI3"]\n    node_venv_lib_python3_12_site-packages_PyQt6_Qt6_qml_QtQuick_Controls_FluentWinUI3 --> node_venv_lib_python3_12_site-packages_PyQt6_Qt6_qml_QtQuick_Controls_FluentWinUI3_light["light"]\n    node_venv_lib_python3_12_site-packages_PyQt6_Qt6_qml_QtQuick_Controls_FluentWinUI3_light --> node_venv_lib_python3_12_site-packages_PyQt6_Qt6_qml_QtQuick_Controls_FluentWinUI3_light_images["images"]\n    node_venv_lib_python3_12_site-packages_PyQt6_Qt6_qml_QtQuick_Controls_FluentWinUI3_light_images --> node_venv_lib_python3_12_site-packages_PyQt6_Qt6_qml_QtQuick_Controls_FluentWinUI3_light_images_itemdelegate-background-hovered@2x_png["itemdelegate-background-hovered@2x.png"]\n    Root --> node_venv["venv"]\n    node_venv --> node_venv_lib["lib"]\n    node_venv_lib --> node_venv_lib_python3_12["python3.12"]\n    node_venv_lib_python3_12 --> node_venv_lib_python3_12_site-packages["site-packages"]\n    node_venv_lib_python3_12_site-packages --> node_venv_lib_python3_12_site-packages_PyQt6["PyQt6"]\n    node_venv_lib_python3_12_site-packages_PyQt6 --> node_venv_lib_python3_12_site-packages_PyQt6_Qt6["Qt6"]\n    node_venv_lib_python3_12_site-packages_PyQt6_Qt6 --> node_venv_lib_python3_12_site-packages_PyQt6_Qt6_qml["qml"]\n    node_venv_lib_python3_12_site-packages_PyQt6_Qt6_qml --> node_venv_lib_python3_12_site-packages_PyQt6_Qt6_qml_QtQuick["QtQuick"]\n    node_venv_lib_python3_12_site-packages_PyQt6_Qt6_qml_QtQuick --> node_venv_lib_python3_12_site-packages_PyQt6_Qt6_qml_QtQuick_Controls["Controls"]\n    node_venv_lib_python3_12_site-packages_PyQt6_Qt6_qml_QtQuick_Controls --> node_venv_lib_python3_12_site-packages_PyQt6_Qt6_qml_QtQuick_Controls_FluentWinUI3["FluentWinUI3"]\n    node_venv_lib_python3_12_site-packages_PyQt6_Qt6_qml_QtQuick_Controls_FluentWinUI3 --> node_venv_lib_python3_12_site-packages_PyQt6_Qt6_qml_QtQuick_Controls_FluentWinUI3_light["light"]\n    node_venv_lib_python3_12_site-packages_PyQt6_Qt6_qml_QtQuick_Controls_FluentWinUI3_light --> node_venv_lib_python3_12_site-packages_PyQt6_Qt6_qml_QtQuick_Controls_FluentWinUI3_light_images["images"]\n    node_venv_lib_python3_12_site-packages_PyQt6_Qt6_qml_QtQuick_Controls_FluentWinUI3_light_images --> node_venv_lib_python3_12_site-packages_PyQt6_Qt6_qml_QtQuick_Controls_FluentWinUI3_light_images_itemdelegate-background-hovered@3x_png["itemdelegate-background-hovered@3x.png"]\n    Root --> node_venv["venv"]\n    node_venv --> node_venv_lib["lib"]\n    node_venv_lib --> node_venv_lib_python3_12["python3.12"]\n    node_venv_lib_python3_12 --> node_venv_lib_python3_12_site-packages["site-packages"]\n    node_venv_lib_python3_12_site-packages --> node_venv_lib_python3_12_site-packages_PyQt6["PyQt6"]\n    node_venv_lib_python3_12_site-packages_PyQt6 --> node_venv_lib_python3_12_site-packages_PyQt6_Qt6["Qt6"]\n    node_venv_lib_python3_12_site-packages_PyQt6_Qt6 --> node_venv_lib_python3_12_site-packages_PyQt6_Qt6_qml["qml"]\n    node_venv_lib_python3_12_site-packages_PyQt6_Qt6_qml --> node_venv_lib_python3_12_site-packages_PyQt6_Qt6_qml_QtQuick["QtQuick"]\n    node_venv_lib_python3_12_site-packages_PyQt6_Qt6_qml_QtQuick --> node_venv_lib_python3_12_site-packages_PyQt6_Qt6_qml_QtQuick_Controls["Controls"]\n    node_venv_lib_python3_12_site-packages_PyQt6_Qt6_qml_QtQuick_Controls --> node_venv_lib_python3_12_site-packages_PyQt6_Qt6_qml_QtQuick_Controls_FluentWinUI3["FluentWinUI3"]\n    node_venv_lib_python3_12_site-packages_PyQt6_Qt6_qml_QtQuick_Controls_FluentWinUI3 --> node_venv_lib_python3_12_site-packages_PyQt6_Qt6_qml_QtQuick_Controls_FluentWinUI3_light["light"]\n    node_venv_lib_python3_12_site-packages_PyQt6_Qt6_qml_QtQuick_Controls_FluentWinUI3_light --> node_venv_lib_python3_12_site-packages_PyQt6_Qt6_qml_QtQuick_Controls_FluentWinUI3_light_images["images"]\n    node_venv_lib_python3_12_site-packages_PyQt6_Qt6_qml_QtQuick_Controls_FluentWinUI3_light_images --> node_venv_lib_python3_12_site-packages_PyQt6_Qt6_qml_QtQuick_Controls_FluentWinUI3_light_images_itemdelegate-background-pressed_png["itemdelegate-background-pressed.png"]\n    Root --> node_venv["venv"]\n    node_venv --> node_venv_lib["lib"]\n    node_venv_lib --> node_venv_lib_python3_12["python3.12"]\n    node_venv_lib_python3_12 --> node_venv_lib_python3_12_site-packages["site-packages"]\n    node_venv_lib_python3_12_site-packages --> node_venv_lib_python3_12_site-packages_PyQt6["PyQt6"]\n    node_venv_lib_python3_12_site-packages_PyQt6 --> node_venv_lib_python3_12_site-packages_PyQt6_Qt6["Qt6"]\n    node_venv_lib_python3_12_site-packages_PyQt6_Qt6 --> node_venv_lib_python3_12_site-packages_PyQt6_Qt6_qml["qml"]\n    node_venv_lib_python3_12_site-packages_PyQt6_Qt6_qml --> node_venv_lib_python3_12_site-packages_PyQt6_Qt6_qml_QtQuick["QtQuick"]\n    node_venv_lib_python3_12_site-packages_PyQt6_Qt6_qml_QtQuick --> node_venv_lib_python3_12_site-packages_PyQt6_Qt6_qml_QtQuick_Controls["Controls"]\n    node_venv_lib_python3_12_site-packages_PyQt6_Qt6_qml_QtQuick_Controls --> node_venv_lib_python3_12_site-packages_PyQt6_Qt6_qml_QtQuick_Controls_FluentWinUI3["FluentWinUI3"]\n    node_venv_lib_python3_12_site-packages_PyQt6_Qt6_qml_QtQuick_Controls_FluentWinUI3 --> node_venv_lib_python3_12_site-packages_PyQt6_Qt6_qml_QtQuick_Controls_FluentWinUI3_light["light"]\n    node_venv_lib_python3_12_site-packages_PyQt6_Qt6_qml_QtQuick_Controls_FluentWinUI3_light --> node_venv_lib_python3_12_site-packages_PyQt6_Qt6_qml_QtQuick_Controls_FluentWinUI3_light_images["images"]\n    node_venv_lib_python3_12_site-packages_PyQt6_Qt6_qml_QtQuick_Controls_FluentWinUI3_light_images --> node_venv_lib_python3_12_site-packages_PyQt6_Qt6_qml_QtQuick_Controls_FluentWinUI3_light_images_itemdelegate-background-pressed@2x_png["itemdelegate-background-pressed@2x.png"]\n    Root --> node_venv["venv"]\n    node_venv --> node_venv_lib["lib"]\n    node_venv_lib --> node_venv_lib_python3_12["python3.12"]\n    node_venv_lib_python3_12 --> node_venv_lib_python3_12_site-packages["site-packages"]\n    node_venv_lib_python3_12_site-packages --> node_venv_lib_python3_12_site-packages_PyQt6["PyQt6"]\n    node_venv_lib_python3_12_site-packages_PyQt6 --> node_venv_lib_python3_12_site-packages_PyQt6_Qt6["Qt6"]\n    node_venv_lib_python3_12_site-packages_PyQt6_Qt6 --> node_venv_lib_python3_12_site-packages_PyQt6_Qt6_qml["qml"]\n    node_venv_lib_python3_12_site-packages_PyQt6_Qt6_qml --> node_venv_lib_python3_12_site-packages_PyQt6_Qt6_qml_QtQuick["QtQuick"]\n    node_venv_lib_python3_12_site-packages_PyQt6_Qt6_qml_QtQuick --> node_venv_lib_python3_12_site-packages_PyQt6_Qt6_qml_QtQuick_Controls["Controls"]\n    node_venv_lib_python3_12_site-packages_PyQt6_Qt6_qml_QtQuick_Controls --> node_venv_lib_python3_12_site-packages_PyQt6_Qt6_qml_QtQuick_Controls_FluentWinUI3["FluentWinUI3"]\n    node_venv_lib_python3_12_site-packages_PyQt6_Qt6_qml_QtQuick_Controls_FluentWinUI3 --> node_venv_lib_python3_12_site-packages_PyQt6_Qt6_qml_QtQuick_Controls_FluentWinUI3_light["light"]\n    node_venv_lib_python3_12_site-packages_PyQt6_Qt6_qml_QtQuick_Controls_FluentWinUI3_light --> node_venv_lib_python3_12_site-packages_PyQt6_Qt6_qml_QtQuick_Controls_FluentWinUI3_light_images["images"]\n    node_venv_lib_python3_12_site-packages_PyQt6_Qt6_qml_QtQuick_Controls_FluentWinUI3_light_images --> node_venv_lib_python3_12_site-packages_PyQt6_Qt6_qml_QtQuick_Controls_FluentWinUI3_light_images_itemdelegate-background-pressed@3x_png["itemdelegate-background-pressed@3x.png"]\n    Root --> node_venv["venv"]\n    node_venv --> node_venv_lib["lib"]\n    node_venv_lib --> node_venv_lib_python3_12["python3.12"]\n    node_venv_lib_python3_12 --> node_venv_lib_python3_12_site-packages["site-packages"]\n    node_venv_lib_python3_12_site-packages --> node_venv_lib_python3_12_site-packages_PyQt6["PyQt6"]\n    node_venv_lib_python3_12_site-packages_PyQt6 --> node_venv_lib_python3_12_site-packages_PyQt6_Qt6["Qt6"]\n    node_venv_lib_python3_12_site-packages_PyQt6_Qt6 --> node_venv_lib_python3_12_site-packages_PyQt6_Qt6_qml["qml"]\n    node_venv_lib_python3_12_site-packages_PyQt6_Qt6_qml --> node_venv_lib_python3_12_site-packages_PyQt6_Qt6_qml_QtQuick["QtQuick"]\n    node_venv_lib_python3_12_site-packages_PyQt6_Qt6_qml_QtQuick --> node_venv_lib_python3_12_site-packages_PyQt6_Qt6_qml_QtQuick_Controls["Controls"]\n    node_venv_lib_python3_12_site-packages_PyQt6_Qt6_qml_QtQuick_Controls --> node_venv_lib_python3_12_site-packages_PyQt6_Qt6_qml_QtQuick_Controls_FluentWinUI3["FluentWinUI3"]\n    node_venv_lib_python3_12_site-packages_PyQt6_Qt6_qml_QtQuick_Controls_FluentWinUI3 --> node_venv_lib_python3_12_site-packages_PyQt6_Qt6_qml_QtQuick_Controls_FluentWinUI3_light["light"]\n    node_venv_lib_python3_12_site-packages_PyQt6_Qt6_qml_QtQuick_Controls_FluentWinUI3_light --> node_venv_lib_python3_12_site-packages_PyQt6_Qt6_qml_QtQuick_Controls_FluentWinUI3_light_images["images"]\n    node_venv_lib_python3_12_site-packages_PyQt6_Qt6_qml_QtQuick_Controls_FluentWinUI3_light_images --> node_venv_lib_python3_12_site-packages_PyQt6_Qt6_qml_QtQuick_Controls_FluentWinUI3_light_images_pageindicatordelegate-indicator-delegate-current-hovered_png["pageindicatordelegate-indicator-delegate-current-hovered.png"]\n    Root --> node_venv["venv"]\n    node_venv --> node_venv_lib["lib"]\n    node_venv_lib --> node_venv_lib_python3_12["python3.12"]\n    node_venv_lib_python3_12 --> node_venv_lib_python3_12_site-packages["site-packages"]\n    node_venv_lib_python3_12_site-packages --> node_venv_lib_python3_12_site-packages_PyQt6["PyQt6"]\n    node_venv_lib_python3_12_site-packages_PyQt6 --> node_venv_lib_python3_12_site-packages_PyQt6_Qt6["Qt6"]\n    node_venv_lib_python3_12_site-packages_PyQt6_Qt6 --> node_venv_lib_python3_12_site-packages_PyQt6_Qt6_qml["qml"]\n    node_venv_lib_python3_12_site-packages_PyQt6_Qt6_qml --> node_venv_lib_python3_12_site-packages_PyQt6_Qt6_qml_QtQuick["QtQuick"]\n    node_venv_lib_python3_12_site-packages_PyQt6_Qt6_qml_QtQuick --> node_venv_lib_python3_12_site-packages_PyQt6_Qt6_qml_QtQuick_Controls["Controls"]\n    node_venv_lib_python3_12_site-packages_PyQt6_Qt6_qml_QtQuick_Controls --> node_venv_lib_python3_12_site-packages_PyQt6_Qt6_qml_QtQuick_Controls_FluentWinUI3["FluentWinUI3"]\n    node_venv_lib_python3_12_site-packages_PyQt6_Qt6_qml_QtQuick_Controls_FluentWinUI3 --> node_venv_lib_python3_12_site-packages_PyQt6_Qt6_qml_QtQuick_Controls_FluentWinUI3_light["light"]\n    node_venv_lib_python3_12_site-packages_PyQt6_Qt6_qml_QtQuick_Controls_FluentWinUI3_light --> node_venv_lib_python3_12_site-packages_PyQt6_Qt6_qml_QtQuick_Controls_FluentWinUI3_light_images["images"]\n    node_venv_lib_python3_12_site-packages_PyQt6_Qt6_qml_QtQuick_Controls_FluentWinUI3_light_images --> node_venv_lib_python3_12_site-packages_PyQt6_Qt6_qml_QtQuick_Controls_FluentWinUI3_light_images_pageindicatordelegate-indicator-delegate-current-hovered@2x_png["pageindicatordelegate-indicator-delegate-current-hovered@2x.png"]\n    Root --> node_venv["venv"]\n    node_venv --> node_venv_lib["lib"]\n    node_venv_lib --> node_venv_lib_python3_12["python3.12"]\n    node_venv_lib_python3_12 --> node_venv_lib_python3_12_site-packages["site-packages"]\n    node_venv_lib_python3_12_site-packages --> node_venv_lib_python3_12_site-packages_PyQt6["PyQt6"]\n    node_venv_lib_python3_12_site-packages_PyQt6 --> node_venv_lib_python3_12_site-packages_PyQt6_Qt6["Qt6"]\n    node_venv_lib_python3_12_site-packages_PyQt6_Qt6 --> node_venv_lib_python3_12_site-packages_PyQt6_Qt6_qml["qml"]\n    node_venv_lib_python3_12_site-packages_PyQt6_Qt6_qml --> node_venv_lib_python3_12_site-packages_PyQt6_Qt6_qml_QtQuick["QtQuick"]\n    node_venv_lib_python3_12_site-packages_PyQt6_Qt6_qml_QtQuick --> node_venv_lib_python3_12_site-packages_PyQt6_Qt6_qml_QtQuick_Controls["Controls"]\n    node_venv_lib_python3_12_site-packages_PyQt6_Qt6_qml_QtQuick_Controls --> node_venv_lib_python3_12_site-packages_PyQt6_Qt6_qml_QtQuick_Controls_FluentWinUI3["FluentWinUI3"]\n    node_venv_lib_python3_12_site-packages_PyQt6_Qt6_qml_QtQuick_Controls_FluentWinUI3 --> node_venv_lib_python3_12_site-packages_PyQt6_Qt6_qml_QtQuick_Controls_FluentWinUI3_light["light"]\n    node_venv_lib_python3_12_site-packages_PyQt6_Qt6_qml_QtQuick_Controls_FluentWinUI3_light --> node_venv_lib_python3_12_site-packages_PyQt6_Qt6_qml_QtQuick_Controls_FluentWinUI3_light_images["images"]\n    node_venv_lib_python3_12_site-packages_PyQt6_Qt6_qml_QtQuick_Controls_FluentWinUI3_light_images --> node_venv_lib_python3_12_site-packages_PyQt6_Qt6_qml_QtQuick_Controls_FluentWinUI3_light_images_pageindicatordelegate-indicator-delegate-current-hovered@3x_png["pageindicatordelegate-indicator-delegate-current-hovered@3x.png"]\n    Root --> node_venv["venv"]\n    node_venv --> node_venv_lib["lib"]\n    node_venv_lib --> node_venv_lib_python3_12["python3.12"]\n    node_venv_lib_python3_12 --> node_venv_lib_python3_12_site-packages["site-packages"]\n    node_venv_lib_python3_12_site-packages --> node_venv_lib_python3_12_site-packages_PyQt6["PyQt6"]\n    node_venv_lib_python3_12_site-packages_PyQt6 --> node_venv_lib_python3_12_site-packages_PyQt6_Qt6["Qt6"]\n    node_venv_lib_python3_12_site-packages_PyQt6_Qt6 --> node_venv_lib_python3_12_site-packages_PyQt6_Qt6_qml["qml"]\n    node_venv_lib_python3_12_site-packages_PyQt6_Qt6_qml --> node_venv_lib_python3_12_site-packages_PyQt6_Qt6_qml_QtQuick["QtQuick"]\n    node_venv_lib_python3_12_site-packages_PyQt6_Qt6_qml_QtQuick --> node_venv_lib_python3_12_site-packages_PyQt6_Qt6_qml_QtQuick_Controls["Controls"]\n    node_venv_lib_python3_12_site-packages_PyQt6_Qt6_qml_QtQuick_Controls --> node_venv_lib_python3_12_site-packages_PyQt6_Qt6_qml_QtQuick_Controls_FluentWinUI3["FluentWinUI3"]\n    node_venv_lib_python3_12_site-packages_PyQt6_Qt6_qml_QtQuick_Controls_FluentWinUI3 --> node_venv_lib_python3_12_site-packages_PyQt6_Qt6_qml_QtQuick_Controls_FluentWinUI3_light["light"]\n    node_venv_lib_python3_12_site-packages_PyQt6_Qt6_qml_QtQuick_Controls_FluentWinUI3_light --> node_venv_lib_python3_12_site-packages_PyQt6_Qt6_qml_QtQuick_Controls_FluentWinUI3_light_images["images"]\n    node_venv_lib_python3_12_site-packages_PyQt6_Qt6_qml_QtQuick_Controls_FluentWinUI3_light_images --> node_venv_lib_python3_12_site-packages_PyQt6_Qt6_qml_QtQuick_Controls_FluentWinUI3_light_images_pageindicatordelegate-indicator-delegate-current-pressed_png["pageindicatordelegate-indicator-delegate-current-pressed.png"]\n    Root --> node_venv["venv"]\n    node_venv --> node_venv_lib["lib"]\n    node_venv_lib --> node_venv_lib_python3_12["python3.12"]\n    node_venv_lib_python3_12 --> node_venv_lib_python3_12_site-packages["site-packages"]\n    node_venv_lib_python3_12_site-packages --> node_venv_lib_python3_12_site-packages_PyQt6["PyQt6"]\n    node_venv_lib_python3_12_site-packages_PyQt6 --> node_venv_lib_python3_12_site-packages_PyQt6_Qt6["Qt6"]\n    node_venv_lib_python3_12_site-packages_PyQt6_Qt6 --> node_venv_lib_python3_12_site-packages_PyQt6_Qt6_qml["qml"]\n    node_venv_lib_python3_12_site-packages_PyQt6_Qt6_qml --> node_venv_lib_python3_12_site-packages_PyQt6_Qt6_qml_QtQuick["QtQuick"]\n    node_venv_lib_python3_12_site-packages_PyQt6_Qt6_qml_QtQuick --> node_venv_lib_python3_12_site-packages_PyQt6_Qt6_qml_QtQuick_Controls["Controls"]\n    node_venv_lib_python3_12_site-packages_PyQt6_Qt6_qml_QtQuick_Controls --> node_venv_lib_python3_12_site-packages_PyQt6_Qt6_qml_QtQuick_Controls_FluentWinUI3["FluentWinUI3"]\n    node_venv_lib_python3_12_site-packages_PyQt6_Qt6_qml_QtQuick_Controls_FluentWinUI3 --> node_venv_lib_python3_12_site-packages_PyQt6_Qt6_qml_QtQuick_Controls_FluentWinUI3_light["light"]\n    node_venv_lib_python3_12_site-packages_PyQt6_Qt6_qml_QtQuick_Controls_FluentWinUI3_light --> node_venv_lib_python3_12_site-packages_PyQt6_Qt6_qml_QtQuick_Controls_FluentWinUI3_light_images["images"]\n    node_venv_lib_python3_12_site-packages_PyQt6_Qt6_qml_QtQuick_Controls_FluentWinUI3_light_images --> node_venv_lib_python3_12_site-packages_PyQt6_Qt6_qml_QtQuick_Controls_FluentWinUI3_light_images_pageindicatordelegate-indicator-delegate-current-pressed@2x_png["pageindicatordelegate-indicator-delegate-current-pressed@2x.png"]\n    Root --> node_venv["venv"]\n    node_venv --> node_venv_lib["lib"]\n    node_venv_lib --> node_venv_lib_python3_12["python3.12"]\n    node_venv_lib_python3_12 --> node_venv_lib_python3_12_site-packages["site-packages"]\n    node_venv_lib_python3_12_site-packages --> node_venv_lib_python3_12_site-packages_PyQt6["PyQt6"]\n    node_venv_lib_python3_12_site-packages_PyQt6 --> node_venv_lib_python3_12_site-packages_PyQt6_Qt6["Qt6"]\n    node_venv_lib_python3_12_site-packages_PyQt6_Qt6 --> node_venv_lib_python3_12_site-packages_PyQt6_Qt6_qml["qml"]\n    node_venv_lib_python3_12_site-packages_PyQt6_Qt6_qml --> node_venv_lib_python3_12_site-packages_PyQt6_Qt6_qml_QtQuick["QtQuick"]\n    node_venv_lib_python3_12_site-packages_PyQt6_Qt6_qml_QtQuick --> node_venv_lib_python3_12_site-packages_PyQt6_Qt6_qml_QtQuick_Controls["Controls"]\n    node_venv_lib_python3_12_site-packages_PyQt6_Qt6_qml_QtQuick_Controls --> node_venv_lib_python3_12_site-packages_PyQt6_Qt6_qml_QtQuick_Controls_FluentWinUI3["FluentWinUI3"]\n    node_venv_lib_python3_12_site-packages_PyQt6_Qt6_qml_QtQuick_Controls_FluentWinUI3 --> node_venv_lib_python3_12_site-packages_PyQt6_Qt6_qml_QtQuick_Controls_FluentWinUI3_light["light"]\n    node_venv_lib_python3_12_site-packages_PyQt6_Qt6_qml_QtQuick_Controls_FluentWinUI3_light --> node_venv_lib_python3_12_site-packages_PyQt6_Qt6_qml_QtQuick_Controls_FluentWinUI3_light_images["images"]\n    node_venv_lib_python3_12_site-packages_PyQt6_Qt6_qml_QtQuick_Controls_FluentWinUI3_light_images --> node_venv_lib_python3_12_site-packages_PyQt6_Qt6_qml_QtQuick_Controls_FluentWinUI3_light_images_pageindicatordelegate-indicator-delegate-current-pressed@3x_png["pageindicatordelegate-indicator-delegate-current-pressed@3x.png"]\n    Root --> node_venv["venv"]\n    node_venv --> node_venv_lib["lib"]\n    node_venv_lib --> node_venv_lib_python3_12["python3.12"]\n    node_venv_lib_python3_12 --> node_venv_lib_python3_12_site-packages["site-packages"]\n    node_venv_lib_python3_12_site-packages --> node_venv_lib_python3_12_site-packages_PyQt6["PyQt6"]\n    node_venv_lib_python3_12_site-packages_PyQt6 --> node_venv_lib_python3_12_site-packages_PyQt6_Qt6["Qt6"]\n    node_venv_lib_python3_12_site-packages_PyQt6_Qt6 --> node_venv_lib_python3_12_site-packages_PyQt6_Qt6_qml["qml"]\n    node_venv_lib_python3_12_site-packages_PyQt6_Qt6_qml --> node_venv_lib_python3_12_site-packages_PyQt6_Qt6_qml_QtQuick["QtQuick"]\n    node_venv_lib_python3_12_site-packages_PyQt6_Qt6_qml_QtQuick --> node_venv_lib_python3_12_site-packages_PyQt6_Qt6_qml_QtQuick_Controls["Controls"]\n    node_venv_lib_python3_12_site-packages_PyQt6_Qt6_qml_QtQuick_Controls --> node_venv_lib_python3_12_site-packages_PyQt6_Qt6_qml_QtQuick_Controls_FluentWinUI3["FluentWinUI3"]\n    node_venv_lib_python3_12_site-packages_PyQt6_Qt6_qml_QtQuick_Controls_FluentWinUI3 --> node_venv_lib_python3_12_site-packages_PyQt6_Qt6_qml_QtQuick_Controls_FluentWinUI3_light["light"]\n    node_venv_lib_python3_12_site-packages_PyQt6_Qt6_qml_QtQuick_Controls_FluentWinUI3_light --> node_venv_lib_python3_12_site-packages_PyQt6_Qt6_qml_QtQuick_Controls_FluentWinUI3_light_images["images"]\n    node_venv_lib_python3_12_site-packages_PyQt6_Qt6_qml_QtQuick_Controls_FluentWinUI3_light_images --> node_venv_lib_python3_12_site-packages_PyQt6_Qt6_qml_QtQuick_Controls_FluentWinUI3_light_images_pageindicatordelegate-indicator-delegate-current_png["pageindicatordelegate-indicator-delegate-current.png"]\n    Root --> node_venv["venv"]\n    node_venv --> node_venv_lib["lib"]\n    node_venv_lib --> node_venv_lib_python3_12["python3.12"]\n    node_venv_lib_python3_12 --> node_venv_lib_python3_12_site-packages["site-packages"]\n    node_venv_lib_python3_12_site-packages --> node_venv_lib_python3_12_site-packages_PyQt6["PyQt6"]\n    node_venv_lib_python3_12_site-packages_PyQt6 --> node_venv_lib_python3_12_site-packages_PyQt6_Qt6["Qt6"]\n    node_venv_lib_python3_12_site-packages_PyQt6_Qt6 --> node_venv_lib_python3_12_site-packages_PyQt6_Qt6_qml["qml"]\n    node_venv_lib_python3_12_site-packages_PyQt6_Qt6_qml --> node_venv_lib_python3_12_site-packages_PyQt6_Qt6_qml_QtQuick["QtQuick"]\n    node_venv_lib_python3_12_site-packages_PyQt6_Qt6_qml_QtQuick --> node_venv_lib_python3_12_site-packages_PyQt6_Qt6_qml_QtQuick_Controls["Controls"]\n    node_venv_lib_python3_12_site-packages_PyQt6_Qt6_qml_QtQuick_Controls --> node_venv_lib_python3_12_site-packages_PyQt6_Qt6_qml_QtQuick_Controls_FluentWinUI3["FluentWinUI3"]\n    node_venv_lib_python3_12_site-packages_PyQt6_Qt6_qml_QtQuick_Controls_FluentWinUI3 --> node_venv_lib_python3_12_site-packages_PyQt6_Qt6_qml_QtQuick_Controls_FluentWinUI3_light["light"]\n    node_venv_lib_python3_12_site-packages_PyQt6_Qt6_qml_QtQuick_Controls_FluentWinUI3_light --> node_venv_lib_python3_12_site-packages_PyQt6_Qt6_qml_QtQuick_Controls_FluentWinUI3_light_images["images"]\n    node_venv_lib_python3_12_site-packages_PyQt6_Qt6_qml_QtQuick_Controls_FluentWinUI3_light_images --> node_venv_lib_python3_12_site-packages_PyQt6_Qt6_qml_QtQuick_Controls_FluentWinUI3_light_images_pageindicatordelegate-indicator-delegate-current@2x_png["pageindicatordelegate-indicator-delegate-current@2x.png"]\n    Root --> node_venv["venv"]\n    node_venv --> node_venv_lib["lib"]\n    node_venv_lib --> node_venv_lib_python3_12["python3.12"]\n    node_venv_lib_python3_12 --> node_venv_lib_python3_12_site-packages["site-packages"]\n    node_venv_lib_python3_12_site-packages --> node_venv_lib_python3_12_site-packages_PyQt6["PyQt6"]\n    node_venv_lib_python3_12_site-packages_PyQt6 --> node_venv_lib_python3_12_site-packages_PyQt6_Qt6["Qt6"]\n    node_venv_lib_python3_12_site-packages_PyQt6_Qt6 --> node_venv_lib_python3_12_site-packages_PyQt6_Qt6_qml["qml"]\n    node_venv_lib_python3_12_site-packages_PyQt6_Qt6_qml --> node_venv_lib_python3_12_site-packages_PyQt6_Qt6_qml_QtQuick["QtQuick"]\n    node_venv_lib_python3_12_site-packages_PyQt6_Qt6_qml_QtQuick --> node_venv_lib_python3_12_site-packages_PyQt6_Qt6_qml_QtQuick_Controls["Controls"]\n    node_venv_lib_python3_12_site-packages_PyQt6_Qt6_qml_QtQuick_Controls --> node_venv_lib_python3_12_site-packages_PyQt6_Qt6_qml_QtQuick_Controls_FluentWinUI3["FluentWinUI3"]\n    node_venv_lib_python3_12_site-packages_PyQt6_Qt6_qml_QtQuick_Controls_FluentWinUI3 --> node_venv_lib_python3_12_site-packages_PyQt6_Qt6_qml_QtQuick_Controls_FluentWinUI3_light["light"]\n    node_venv_lib_python3_12_site-packages_PyQt6_Qt6_qml_QtQuick_Controls_FluentWinUI3_light --> node_venv_lib_python3_12_site-packages_PyQt6_Qt6_qml_QtQuick_Controls_FluentWinUI3_light_images["images"]\n    node_venv_lib_python3_12_site-packages_PyQt6_Qt6_qml_QtQuick_Controls_FluentWinUI3_light_images --> node_venv_lib_python3_12_site-packages_PyQt6_Qt6_qml_QtQuick_Controls_FluentWinUI3_light_images_pageindicatordelegate-indicator-delegate-current@3x_png["pageindicatordelegate-indicator-delegate-current@3x.png"]\n    Root --> node_venv["venv"]\n    node_venv --> node_venv_lib["lib"]\n    node_venv_lib --> node_venv_lib_python3_12["python3.12"]\n    node_venv_lib_python3_12 --> node_venv_lib_python3_12_site-packages["site-packages"]\n    node_venv_lib_python3_12_site-packages --> node_venv_lib_python3_12_site-packages_PyQt6["PyQt6"]\n    node_venv_lib_python3_12_site-packages_PyQt6 --> node_venv_lib_python3_12_site-packages_PyQt6_Qt6["Qt6"]\n    node_venv_lib_python3_12_site-packages_PyQt6_Qt6 --> node_venv_lib_python3_12_site-packages_PyQt6_Qt6_qml["qml"]\n    node_venv_lib_python3_12_site-packages_PyQt6_Qt6_qml --> node_venv_lib_python3_12_site-packages_PyQt6_Qt6_qml_QtQuick["QtQuick"]\n    node_venv_lib_python3_12_site-packages_PyQt6_Qt6_qml_QtQuick --> node_venv_lib_python3_12_site-packages_PyQt6_Qt6_qml_QtQuick_Controls["Controls"]\n    node_venv_lib_python3_12_site-packages_PyQt6_Qt6_qml_QtQuick_Controls --> node_venv_lib_python3_12_site-packages_PyQt6_Qt6_qml_QtQuick_Controls_FluentWinUI3["FluentWinUI3"]\n    node_venv_lib_python3_12_site-packages_PyQt6_Qt6_qml_QtQuick_Controls_FluentWinUI3 --> node_venv_lib_python3_12_site-packages_PyQt6_Qt6_qml_QtQuick_Controls_FluentWinUI3_light["light"]\n    node_venv_lib_python3_12_site-packages_PyQt6_Qt6_qml_QtQuick_Controls_FluentWinUI3_light --> node_venv_lib_python3_12_site-packages_PyQt6_Qt6_qml_QtQuick_Controls_FluentWinUI3_light_images["images"]\n    node_venv_lib_python3_12_site-packages_PyQt6_Qt6_qml_QtQuick_Controls_FluentWinUI3_light_images --> node_venv_lib_python3_12_site-packages_PyQt6_Qt6_qml_QtQuick_Controls_FluentWinUI3_light_images_pageindicatordelegate-indicator-delegate-pressed_png["pageindicatordelegate-indicator-delegate-pressed.png"]\n    Root --> node_venv["venv"]\n    node_venv --> node_venv_lib["lib"]\n    node_venv_lib --> node_venv_lib_python3_12["python3.12"]\n    node_venv_lib_python3_12 --> node_venv_lib_python3_12_site-packages["site-packages"]\n    node_venv_lib_python3_12_site-packages --> node_venv_lib_python3_12_site-packages_PyQt6["PyQt6"]\n    node_venv_lib_python3_12_site-packages_PyQt6 --> node_venv_lib_python3_12_site-packages_PyQt6_Qt6["Qt6"]\n    node_venv_lib_python3_12_site-packages_PyQt6_Qt6 --> node_venv_lib_python3_12_site-packages_PyQt6_Qt6_qml["qml"]\n    node_venv_lib_python3_12_site-packages_PyQt6_Qt6_qml --> node_venv_lib_python3_12_site-packages_PyQt6_Qt6_qml_QtQuick["QtQuick"]\n    node_venv_lib_python3_12_site-packages_PyQt6_Qt6_qml_QtQuick --> node_venv_lib_python3_12_site-packages_PyQt6_Qt6_qml_QtQuick_Controls["Controls"]\n    node_venv_lib_python3_12_site-packages_PyQt6_Qt6_qml_QtQuick_Controls --> node_venv_lib_python3_12_site-packages_PyQt6_Qt6_qml_QtQuick_Controls_FluentWinUI3["FluentWinUI3"]\n    node_venv_lib_python3_12_site-packages_PyQt6_Qt6_qml_QtQuick_Controls_FluentWinUI3 --> node_venv_lib_python3_12_site-packages_PyQt6_Qt6_qml_QtQuick_Controls_FluentWinUI3_light["light"]\n    node_venv_lib_python3_12_site-packages_PyQt6_Qt6_qml_QtQuick_Controls_FluentWinUI3_light --> node_venv_lib_python3_12_site-packages_PyQt6_Qt6_qml_QtQuick_Controls_FluentWinUI3_light_images["images"]\n    node_venv_lib_python3_12_site-packages_PyQt6_Qt6_qml_QtQuick_Controls_FluentWinUI3_light_images --> node_venv_lib_python3_12_site-packages_PyQt6_Qt6_qml_QtQuick_Controls_FluentWinUI3_light_images_pageindicatordelegate-indicator-delegate-pressed@2x_png["pageindicatordelegate-indicator-delegate-pressed@2x.png"]\n    Root --> node_venv["venv"]\n    node_venv --> node_venv_lib["lib"]\n    node_venv_lib --> node_venv_lib_python3_12["python3.12"]\n    node_venv_lib_python3_12 --> node_venv_lib_python3_12_site-packages["site-packages"]\n    node_venv_lib_python3_12_site-packages --> node_venv_lib_python3_12_site-packages_PyQt6["PyQt6"]\n    node_venv_lib_python3_12_site-packages_PyQt6 --> node_venv_lib_python3_12_site-packages_PyQt6_Qt6["Qt6"]\n    node_venv_lib_python3_12_site-packages_PyQt6_Qt6 --> node_venv_lib_python3_12_site-packages_PyQt6_Qt6_qml["qml"]\n    node_venv_lib_python3_12_site-packages_PyQt6_Qt6_qml --> node_venv_lib_python3_12_site-packages_PyQt6_Qt6_qml_QtQuick["QtQuick"]\n    node_venv_lib_python3_12_site-packages_PyQt6_Qt6_qml_QtQuick --> node_venv_lib_python3_12_site-packages_PyQt6_Qt6_qml_QtQuick_Controls["Controls"]\n    node_venv_lib_python3_12_site-packages_PyQt6_Qt6_qml_QtQuick_Controls --> node_venv_lib_python3_12_site-packages_PyQt6_Qt6_qml_QtQuick_Controls_FluentWinUI3["FluentWinUI3"]\n    node_venv_lib_python3_12_site-packages_PyQt6_Qt6_qml_QtQuick_Controls_FluentWinUI3 --> node_venv_lib_python3_12_site-packages_PyQt6_Qt6_qml_QtQuick_Controls_FluentWinUI3_light["light"]\n    node_venv_lib_python3_12_site-packages_PyQt6_Qt6_qml_QtQuick_Controls_FluentWinUI3_light --> node_venv_lib_python3_12_site-packages_PyQt6_Qt6_qml_QtQuick_Controls_FluentWinUI3_light_images["images"]\n    node_venv_lib_python3_12_site-packages_PyQt6_Qt6_qml_QtQuick_Controls_FluentWinUI3_light_images --> node_venv_lib_python3_12_site-packages_PyQt6_Qt6_qml_QtQuick_Controls_FluentWinUI3_light_images_pageindicatordelegate-indicator-delegate-pressed@3x_png["pageindicatordelegate-indicator-delegate-pressed@3x.png"]\n    Root --> node_venv["venv"]\n    node_venv --> node_venv_lib["lib"]\n    node_venv_lib --> node_venv_lib_python3_12["python3.12"]\n    node_venv_lib_python3_12 --> node_venv_lib_python3_12_site-packages["site-packages"]\n    node_venv_lib_python3_12_site-packages --> node_venv_lib_python3_12_site-packages_PyQt6["PyQt6"]\n    node_venv_lib_python3_12_site-packages_PyQt6 --> node_venv_lib_python3_12_site-packages_PyQt6_Qt6["Qt6"]\n    node_venv_lib_python3_12_site-packages_PyQt6_Qt6 --> node_venv_lib_python3_12_site-packages_PyQt6_Qt6_qml["qml"]\n    node_venv_lib_python3_12_site-packages_PyQt6_Qt6_qml --> node_venv_lib_python3_12_site-packages_PyQt6_Qt6_qml_QtQuick["QtQuick"]\n    node_venv_lib_python3_12_site-packages_PyQt6_Qt6_qml_QtQuick --> node_venv_lib_python3_12_site-packages_PyQt6_Qt6_qml_QtQuick_Controls["Controls"]\n    node_venv_lib_python3_12_site-packages_PyQt6_Qt6_qml_QtQuick_Controls --> node_venv_lib_python3_12_site-packages_PyQt6_Qt6_qml_QtQuick_Controls_FluentWinUI3["FluentWinUI3"]\n    node_venv_lib_python3_12_site-packages_PyQt6_Qt6_qml_QtQuick_Controls_FluentWinUI3 --> node_venv_lib_python3_12_site-packages_PyQt6_Qt6_qml_QtQuick_Controls_FluentWinUI3_light["light"]\n    node_venv_lib_python3_12_site-packages_PyQt6_Qt6_qml_QtQuick_Controls_FluentWinUI3_light --> node_venv_lib_python3_12_site-packages_PyQt6_Qt6_qml_QtQuick_Controls_FluentWinUI3_light_images["images"]\n    node_venv_lib_python3_12_site-packages_PyQt6_Qt6_qml_QtQuick_Controls_FluentWinUI3_light_images --> node_venv_lib_python3_12_site-packages_PyQt6_Qt6_qml_QtQuick_Controls_FluentWinUI3_light_images_pageindicatordelegate-indicator-disabled_png["pageindicatordelegate-indicator-disabled.png"]\n    Root --> node_venv["venv"]\n    node_venv --> node_venv_lib["lib"]\n    node_venv_lib --> node_venv_lib_python3_12["python3.12"]\n    node_venv_lib_python3_12 --> node_venv_lib_python3_12_site-packages["site-packages"]\n    node_venv_lib_python3_12_site-packages --> node_venv_lib_python3_12_site-packages_PyQt6["PyQt6"]\n    node_venv_lib_python3_12_site-packages_PyQt6 --> node_venv_lib_python3_12_site-packages_PyQt6_Qt6["Qt6"]\n    node_venv_lib_python3_12_site-packages_PyQt6_Qt6 --> node_venv_lib_python3_12_site-packages_PyQt6_Qt6_qml["qml"]\n    node_venv_lib_python3_12_site-packages_PyQt6_Qt6_qml --> node_venv_lib_python3_12_site-packages_PyQt6_Qt6_qml_QtQuick["QtQuick"]\n    node_venv_lib_python3_12_site-packages_PyQt6_Qt6_qml_QtQuick --> node_venv_lib_python3_12_site-packages_PyQt6_Qt6_qml_QtQuick_Controls["Controls"]\n    node_venv_lib_python3_12_site-packages_PyQt6_Qt6_qml_QtQuick_Controls --> node_venv_lib_python3_12_site-packages_PyQt6_Qt6_qml_QtQuick_Controls_FluentWinUI3["FluentWinUI3"]\n    node_venv_lib_python3_12_site-packages_PyQt6_Qt6_qml_QtQuick_Controls_FluentWinUI3 --> node_venv_lib_python3_12_site-packages_PyQt6_Qt6_qml_QtQuick_Controls_FluentWinUI3_light["light"]\n    node_venv_lib_python3_12_site-packages_PyQt6_Qt6_qml_QtQuick_Controls_FluentWinUI3_light --> node_venv_lib_python3_12_site-packages_PyQt6_Qt6_qml_QtQuick_Controls_FluentWinUI3_light_images["images"]\n    node_venv_lib_python3_12_site-packages_PyQt6_Qt6_qml_QtQuick_Controls_FluentWinUI3_light_images --> node_venv_lib_python3_12_site-packages_PyQt6_Qt6_qml_QtQuick_Controls_FluentWinUI3_light_images_pageindicatordelegate-indicator-disabled@2x_png["pageindicatordelegate-indicator-disabled@2x.png"]\n    Root --> node_venv["venv"]\n    node_venv --> node_venv_lib["lib"]\n    node_venv_lib --> node_venv_lib_python3_12["python3.12"]\n    node_venv_lib_python3_12 --> node_venv_lib_python3_12_site-packages["site-packages"]\n    node_venv_lib_python3_12_site-packages --> node_venv_lib_python3_12_site-packages_PyQt6["PyQt6"]\n    node_venv_lib_python3_12_site-packages_PyQt6 --> node_venv_lib_python3_12_site-packages_PyQt6_Qt6["Qt6"]\n    node_venv_lib_python3_12_site-packages_PyQt6_Qt6 --> node_venv_lib_python3_12_site-packages_PyQt6_Qt6_qml["qml"]\n    node_venv_lib_python3_12_site-packages_PyQt6_Qt6_qml --> node_venv_lib_python3_12_site-packages_PyQt6_Qt6_qml_QtQuick["QtQuick"]\n    node_venv_lib_python3_12_site-packages_PyQt6_Qt6_qml_QtQuick --> node_venv_lib_python3_12_site-packages_PyQt6_Qt6_qml_QtQuick_Controls["Controls"]\n    node_venv_lib_python3_12_site-packages_PyQt6_Qt6_qml_QtQuick_Controls --> node_venv_lib_python3_12_site-packages_PyQt6_Qt6_qml_QtQuick_Controls_FluentWinUI3["FluentWinUI3"]\n    node_venv_lib_python3_12_site-packages_PyQt6_Qt6_qml_QtQuick_Controls_FluentWinUI3 --> node_venv_lib_python3_12_site-packages_PyQt6_Qt6_qml_QtQuick_Controls_FluentWinUI3_light["light"]\n    node_venv_lib_python3_12_site-packages_PyQt6_Qt6_qml_QtQuick_Controls_FluentWinUI3_light --> node_venv_lib_python3_12_site-packages_PyQt6_Qt6_qml_QtQuick_Controls_FluentWinUI3_light_images["images"]\n    node_venv_lib_python3_12_site-packages_PyQt6_Qt6_qml_QtQuick_Controls_FluentWinUI3_light_images --> node_venv_lib_python3_12_site-packages_PyQt6_Qt6_qml_QtQuick_Controls_FluentWinUI3_light_images_pageindicatordelegate-indicator-disabled@3x_png["pageindicatordelegate-indicator-disabled@3x.png"]\n    Root --> node_venv["venv"]\n    node_venv --> node_venv_lib["lib"]\n    node_venv_lib --> node_venv_lib_python3_12["python3.12"]\n    node_venv_lib_python3_12 --> node_venv_lib_python3_12_site-packages["site-packages"]\n    node_venv_lib_python3_12_site-packages --> node_venv_lib_python3_12_site-packages_PyQt6["PyQt6"]\n    node_venv_lib_python3_12_site-packages_PyQt6 --> node_venv_lib_python3_12_site-packages_PyQt6_Qt6["Qt6"]\n    node_venv_lib_python3_12_site-packages_PyQt6_Qt6 --> node_venv_lib_python3_12_site-packages_PyQt6_Qt6_qml["qml"]\n    node_venv_lib_python3_12_site-packages_PyQt6_Qt6_qml --> node_venv_lib_python3_12_site-packages_PyQt6_Qt6_qml_QtQuick["QtQuick"]\n    node_venv_lib_python3_12_site-packages_PyQt6_Qt6_qml_QtQuick --> node_venv_lib_python3_12_site-packages_PyQt6_Qt6_qml_QtQuick_Controls["Controls"]\n    node_venv_lib_python3_12_site-packages_PyQt6_Qt6_qml_QtQuick_Controls --> node_venv_lib_python3_12_site-packages_PyQt6_Qt6_qml_QtQuick_Controls_FluentWinUI3["FluentWinUI3"]\n    node_venv_lib_python3_12_site-packages_PyQt6_Qt6_qml_QtQuick_Controls_FluentWinUI3 --> node_venv_lib_python3_12_site-packages_PyQt6_Qt6_qml_QtQuick_Controls_FluentWinUI3_light["light"]\n    node_venv_lib_python3_12_site-packages_PyQt6_Qt6_qml_QtQuick_Controls_FluentWinUI3_light --> node_venv_lib_python3_12_site-packages_PyQt6_Qt6_qml_QtQuick_Controls_FluentWinUI3_light_images["images"]\n    node_venv_lib_python3_12_site-packages_PyQt6_Qt6_qml_QtQuick_Controls_FluentWinUI3_light_images --> node_venv_lib_python3_12_site-packages_PyQt6_Qt6_qml_QtQuick_Controls_FluentWinUI3_light_images_pageindicatordelegate-indicator-hovered_png["pageindicatordelegate-indicator-hovered.png"]\n    Root --> node_venv["venv"]\n    node_venv --> node_venv_lib["lib"]\n    node_venv_lib --> node_venv_lib_python3_12["python3.12"]\n    node_venv_lib_python3_12 --> node_venv_lib_python3_12_site-packages["site-packages"]\n    node_venv_lib_python3_12_site-packages --> node_venv_lib_python3_12_site-packages_PyQt6["PyQt6"]\n    node_venv_lib_python3_12_site-packages_PyQt6 --> node_venv_lib_python3_12_site-packages_PyQt6_Qt6["Qt6"]\n    node_venv_lib_python3_12_site-packages_PyQt6_Qt6 --> node_venv_lib_python3_12_site-packages_PyQt6_Qt6_qml["qml"]\n    node_venv_lib_python3_12_site-packages_PyQt6_Qt6_qml --> node_venv_lib_python3_12_site-packages_PyQt6_Qt6_qml_QtQuick["QtQuick"]\n    node_venv_lib_python3_12_site-packages_PyQt6_Qt6_qml_QtQuick --> node_venv_lib_python3_12_site-packages_PyQt6_Qt6_qml_QtQuick_Controls["Controls"]\n    node_venv_lib_python3_12_site-packages_PyQt6_Qt6_qml_QtQuick_Controls --> node_venv_lib_python3_12_site-packages_PyQt6_Qt6_qml_QtQuick_Controls_FluentWinUI3["FluentWinUI3"]\n    node_venv_lib_python3_12_site-packages_PyQt6_Qt6_qml_QtQuick_Controls_FluentWinUI3 --> node_venv_lib_python3_12_site-packages_PyQt6_Qt6_qml_QtQuick_Controls_FluentWinUI3_light["light"]\n    node_venv_lib_python3_12_site-packages_PyQt6_Qt6_qml_QtQuick_Controls_FluentWinUI3_light --> node_venv_lib_python3_12_site-packages_PyQt6_Qt6_qml_QtQuick_Controls_FluentWinUI3_light_images["images"]\n    node_venv_lib_python3_12_site-packages_PyQt6_Qt6_qml_QtQuick_Controls_FluentWinUI3_light_images --> node_venv_lib_python3_12_site-packages_PyQt6_Qt6_qml_QtQuick_Controls_FluentWinUI3_light_images_pageindicatordelegate-indicator-hovered@2x_png["pageindicatordelegate-indicator-hovered@2x.png"]\n    Root --> node_venv["venv"]\n    node_venv --> node_venv_lib["lib"]\n    node_venv_lib --> node_venv_lib_python3_12["python3.12"]\n    node_venv_lib_python3_12 --> node_venv_lib_python3_12_site-packages["site-packages"]\n    node_venv_lib_python3_12_site-packages --> node_venv_lib_python3_12_site-packages_PyQt6["PyQt6"]\n    node_venv_lib_python3_12_site-packages_PyQt6 --> node_venv_lib_python3_12_site-packages_PyQt6_Qt6["Qt6"]\n    node_venv_lib_python3_12_site-packages_PyQt6_Qt6 --> node_venv_lib_python3_12_site-packages_PyQt6_Qt6_qml["qml"]\n    node_venv_lib_python3_12_site-packages_PyQt6_Qt6_qml --> node_venv_lib_python3_12_site-packages_PyQt6_Qt6_qml_QtQuick["QtQuick"]\n    node_venv_lib_python3_12_site-packages_PyQt6_Qt6_qml_QtQuick --> node_venv_lib_python3_12_site-packages_PyQt6_Qt6_qml_QtQuick_Controls["Controls"]\n    node_venv_lib_python3_12_site-packages_PyQt6_Qt6_qml_QtQuick_Controls --> node_venv_lib_python3_12_site-packages_PyQt6_Qt6_qml_QtQuick_Controls_FluentWinUI3["FluentWinUI3"]\n    node_venv_lib_python3_12_site-packages_PyQt6_Qt6_qml_QtQuick_Controls_FluentWinUI3 --> node_venv_lib_python3_12_site-packages_PyQt6_Qt6_qml_QtQuick_Controls_FluentWinUI3_light["light"]\n    node_venv_lib_python3_12_site-packages_PyQt6_Qt6_qml_QtQuick_Controls_FluentWinUI3_light --> node_venv_lib_python3_12_site-packages_PyQt6_Qt6_qml_QtQuick_Controls_FluentWinUI3_light_images["images"]\n    node_venv_lib_python3_12_site-packages_PyQt6_Qt6_qml_QtQuick_Controls_FluentWinUI3_light_images --> node_venv_lib_python3_12_site-packages_PyQt6_Qt6_qml_QtQuick_Controls_FluentWinUI3_light_images_pageindicatordelegate-indicator-hovered@3x_png["pageindicatordelegate-indicator-hovered@3x.png"]\n    Root --> node_venv["venv"]\n    node_venv --> node_venv_lib["lib"]\n    node_venv_lib --> node_venv_lib_python3_12["python3.12"]\n    node_venv_lib_python3_12 --> node_venv_lib_python3_12_site-packages["site-packages"]\n    node_venv_lib_python3_12_site-packages --> node_venv_lib_python3_12_site-packages_PyQt6["PyQt6"]\n    node_venv_lib_python3_12_site-packages_PyQt6 --> node_venv_lib_python3_12_site-packages_PyQt6_Qt6["Qt6"]\n    node_venv_lib_python3_12_site-packages_PyQt6_Qt6 --> node_venv_lib_python3_12_site-packages_PyQt6_Qt6_qml["qml"]\n    node_venv_lib_python3_12_site-packages_PyQt6_Qt6_qml --> node_venv_lib_python3_12_site-packages_PyQt6_Qt6_qml_QtQuick["QtQuick"]\n    node_venv_lib_python3_12_site-packages_PyQt6_Qt6_qml_QtQuick --> node_venv_lib_python3_12_site-packages_PyQt6_Qt6_qml_QtQuick_Controls["Controls"]\n    node_venv_lib_python3_12_site-packages_PyQt6_Qt6_qml_QtQuick_Controls --> node_venv_lib_python3_12_site-packages_PyQt6_Qt6_qml_QtQuick_Controls_FluentWinUI3["FluentWinUI3"]\n    node_venv_lib_python3_12_site-packages_PyQt6_Qt6_qml_QtQuick_Controls_FluentWinUI3 --> node_venv_lib_python3_12_site-packages_PyQt6_Qt6_qml_QtQuick_Controls_FluentWinUI3_light["light"]\n    node_venv_lib_python3_12_site-packages_PyQt6_Qt6_qml_QtQuick_Controls_FluentWinUI3_light --> node_venv_lib_python3_12_site-packages_PyQt6_Qt6_qml_QtQuick_Controls_FluentWinUI3_light_images["images"]\n    node_venv_lib_python3_12_site-packages_PyQt6_Qt6_qml_QtQuick_Controls_FluentWinUI3_light_images --> node_venv_lib_python3_12_site-packages_PyQt6_Qt6_qml_QtQuick_Controls_FluentWinUI3_light_images_pageindicatordelegate-indicator_png["pageindicatordelegate-indicator.png"]\n    Root --> node_venv["venv"]\n    node_venv --> node_venv_lib["lib"]\n    node_venv_lib --> node_venv_lib_python3_12["python3.12"]\n    node_venv_lib_python3_12 --> node_venv_lib_python3_12_site-packages["site-packages"]\n    node_venv_lib_python3_12_site-packages --> node_venv_lib_python3_12_site-packages_PyQt6["PyQt6"]\n    node_venv_lib_python3_12_site-packages_PyQt6 --> node_venv_lib_python3_12_site-packages_PyQt6_Qt6["Qt6"]\n    node_venv_lib_python3_12_site-packages_PyQt6_Qt6 --> node_venv_lib_python3_12_site-packages_PyQt6_Qt6_qml["qml"]\n    node_venv_lib_python3_12_site-packages_PyQt6_Qt6_qml --> node_venv_lib_python3_12_site-packages_PyQt6_Qt6_qml_QtQuick["QtQuick"]\n    node_venv_lib_python3_12_site-packages_PyQt6_Qt6_qml_QtQuick --> node_venv_lib_python3_12_site-packages_PyQt6_Qt6_qml_QtQuick_Controls["Controls"]\n    node_venv_lib_python3_12_site-packages_PyQt6_Qt6_qml_QtQuick_Controls --> node_venv_lib_python3_12_site-packages_PyQt6_Qt6_qml_QtQuick_Controls_FluentWinUI3["FluentWinUI3"]\n    node_venv_lib_python3_12_site-packages_PyQt6_Qt6_qml_QtQuick_Controls_FluentWinUI3 --> node_venv_lib_python3_12_site-packages_PyQt6_Qt6_qml_QtQuick_Controls_FluentWinUI3_light["light"]\n    node_venv_lib_python3_12_site-packages_PyQt6_Qt6_qml_QtQuick_Controls_FluentWinUI3_light --> node_venv_lib_python3_12_site-packages_PyQt6_Qt6_qml_QtQuick_Controls_FluentWinUI3_light_images["images"]\n    node_venv_lib_python3_12_site-packages_PyQt6_Qt6_qml_QtQuick_Controls_FluentWinUI3_light_images --> node_venv_lib_python3_12_site-packages_PyQt6_Qt6_qml_QtQuick_Controls_FluentWinUI3_light_images_pageindicatordelegate-indicator@2x_png["pageindicatordelegate-indicator@2x.png"]\n    Root --> node_venv["venv"]\n    node_venv --> node_venv_lib["lib"]\n    node_venv_lib --> node_venv_lib_python3_12["python3.12"]\n    node_venv_lib_python3_12 --> node_venv_lib_python3_12_site-packages["site-packages"]\n    node_venv_lib_python3_12_site-packages --> node_venv_lib_python3_12_site-packages_PyQt6["PyQt6"]\n    node_venv_lib_python3_12_site-packages_PyQt6 --> node_venv_lib_python3_12_site-packages_PyQt6_Qt6["Qt6"]\n    node_venv_lib_python3_12_site-packages_PyQt6_Qt6 --> node_venv_lib_python3_12_site-packages_PyQt6_Qt6_qml["qml"]\n    node_venv_lib_python3_12_site-packages_PyQt6_Qt6_qml --> node_venv_lib_python3_12_site-packages_PyQt6_Qt6_qml_QtQuick["QtQuick"]\n    node_venv_lib_python3_12_site-packages_PyQt6_Qt6_qml_QtQuick --> node_venv_lib_python3_12_site-packages_PyQt6_Qt6_qml_QtQuick_Controls["Controls"]\n    node_venv_lib_python3_12_site-packages_PyQt6_Qt6_qml_QtQuick_Controls --> node_venv_lib_python3_12_site-packages_PyQt6_Qt6_qml_QtQuick_Controls_FluentWinUI3["FluentWinUI3"]\n    node_venv_lib_python3_12_site-packages_PyQt6_Qt6_qml_QtQuick_Controls_FluentWinUI3 --> node_venv_lib_python3_12_site-packages_PyQt6_Qt6_qml_QtQuick_Controls_FluentWinUI3_light["light"]\n    node_venv_lib_python3_12_site-packages_PyQt6_Qt6_qml_QtQuick_Controls_FluentWinUI3_light --> node_venv_lib_python3_12_site-packages_PyQt6_Qt6_qml_QtQuick_Controls_FluentWinUI3_light_images["images"]\n    node_venv_lib_python3_12_site-packages_PyQt6_Qt6_qml_QtQuick_Controls_FluentWinUI3_light_images --> node_venv_lib_python3_12_site-packages_PyQt6_Qt6_qml_QtQuick_Controls_FluentWinUI3_light_images_pageindicatordelegate-indicator@3x_png["pageindicatordelegate-indicator@3x.png"]\n    Root --> node_venv["venv"]\n    node_venv --> node_venv_lib["lib"]\n    node_venv_lib --> node_venv_lib_python3_12["python3.12"]\n    node_venv_lib_python3_12 --> node_venv_lib_python3_12_site-packages["site-packages"]\n    node_venv_lib_python3_12_site-packages --> node_venv_lib_python3_12_site-packages_PyQt6["PyQt6"]\n    node_venv_lib_python3_12_site-packages_PyQt6 --> node_venv_lib_python3_12_site-packages_PyQt6_Qt6["Qt6"]\n    node_venv_lib_python3_12_site-packages_PyQt6_Qt6 --> node_venv_lib_python3_12_site-packages_PyQt6_Qt6_qml["qml"]\n    node_venv_lib_python3_12_site-packages_PyQt6_Qt6_qml --> node_venv_lib_python3_12_site-packages_PyQt6_Qt6_qml_QtQuick["QtQuick"]\n    node_venv_lib_python3_12_site-packages_PyQt6_Qt6_qml_QtQuick --> node_venv_lib_python3_12_site-packages_PyQt6_Qt6_qml_QtQuick_Controls["Controls"]\n    node_venv_lib_python3_12_site-packages_PyQt6_Qt6_qml_QtQuick_Controls --> node_venv_lib_python3_12_site-packages_PyQt6_Qt6_qml_QtQuick_Controls_FluentWinUI3["FluentWinUI3"]\n    node_venv_lib_python3_12_site-packages_PyQt6_Qt6_qml_QtQuick_Controls_FluentWinUI3 --> node_venv_lib_python3_12_site-packages_PyQt6_Qt6_qml_QtQuick_Controls_FluentWinUI3_light["light"]\n    node_venv_lib_python3_12_site-packages_PyQt6_Qt6_qml_QtQuick_Controls_FluentWinUI3_light --> node_venv_lib_python3_12_site-packages_PyQt6_Qt6_qml_QtQuick_Controls_FluentWinUI3_light_images["images"]\n    node_venv_lib_python3_12_site-packages_PyQt6_Qt6_qml_QtQuick_Controls_FluentWinUI3_light_images --> node_venv_lib_python3_12_site-packages_PyQt6_Qt6_qml_QtQuick_Controls_FluentWinUI3_light_images_popup-background_png["popup-background.png"]\n    Root --> node_venv["venv"]\n    node_venv --> node_venv_lib["lib"]\n    node_venv_lib --> node_venv_lib_python3_12["python3.12"]\n    node_venv_lib_python3_12 --> node_venv_lib_python3_12_site-packages["site-packages"]\n    node_venv_lib_python3_12_site-packages --> node_venv_lib_python3_12_site-packages_PyQt6["PyQt6"]\n    node_venv_lib_python3_12_site-packages_PyQt6 --> node_venv_lib_python3_12_site-packages_PyQt6_Qt6["Qt6"]\n    node_venv_lib_python3_12_site-packages_PyQt6_Qt6 --> node_venv_lib_python3_12_site-packages_PyQt6_Qt6_qml["qml"]\n    node_venv_lib_python3_12_site-packages_PyQt6_Qt6_qml --> node_venv_lib_python3_12_site-packages_PyQt6_Qt6_qml_QtQuick["QtQuick"]\n    node_venv_lib_python3_12_site-packages_PyQt6_Qt6_qml_QtQuick --> node_venv_lib_python3_12_site-packages_PyQt6_Qt6_qml_QtQuick_Controls["Controls"]\n    node_venv_lib_python3_12_site-packages_PyQt6_Qt6_qml_QtQuick_Controls --> node_venv_lib_python3_12_site-packages_PyQt6_Qt6_qml_QtQuick_Controls_FluentWinUI3["FluentWinUI3"]\n    node_venv_lib_python3_12_site-packages_PyQt6_Qt6_qml_QtQuick_Controls_FluentWinUI3 --> node_venv_lib_python3_12_site-packages_PyQt6_Qt6_qml_QtQuick_Controls_FluentWinUI3_light["light"]\n    node_venv_lib_python3_12_site-packages_PyQt6_Qt6_qml_QtQuick_Controls_FluentWinUI3_light --> node_venv_lib_python3_12_site-packages_PyQt6_Qt6_qml_QtQuick_Controls_FluentWinUI3_light_images["images"]\n    node_venv_lib_python3_12_site-packages_PyQt6_Qt6_qml_QtQuick_Controls_FluentWinUI3_light_images --> node_venv_lib_python3_12_site-packages_PyQt6_Qt6_qml_QtQuick_Controls_FluentWinUI3_light_images_popup-background@2x_png["popup-background@2x.png"]\n    Root --> node_venv["venv"]\n    node_venv --> node_venv_lib["lib"]\n    node_venv_lib --> node_venv_lib_python3_12["python3.12"]\n    node_venv_lib_python3_12 --> node_venv_lib_python3_12_site-packages["site-packages"]\n    node_venv_lib_python3_12_site-packages --> node_venv_lib_python3_12_site-packages_PyQt6["PyQt6"]\n    node_venv_lib_python3_12_site-packages_PyQt6 --> node_venv_lib_python3_12_site-packages_PyQt6_Qt6["Qt6"]\n    node_venv_lib_python3_12_site-packages_PyQt6_Qt6 --> node_venv_lib_python3_12_site-packages_PyQt6_Qt6_qml["qml"]\n    node_venv_lib_python3_12_site-packages_PyQt6_Qt6_qml --> node_venv_lib_python3_12_site-packages_PyQt6_Qt6_qml_QtQuick["QtQuick"]\n    node_venv_lib_python3_12_site-packages_PyQt6_Qt6_qml_QtQuick --> node_venv_lib_python3_12_site-packages_PyQt6_Qt6_qml_QtQuick_Controls["Controls"]\n    node_venv_lib_python3_12_site-packages_PyQt6_Qt6_qml_QtQuick_Controls --> node_venv_lib_python3_12_site-packages_PyQt6_Qt6_qml_QtQuick_Controls_FluentWinUI3["FluentWinUI3"]\n    node_venv_lib_python3_12_site-packages_PyQt6_Qt6_qml_QtQuick_Controls_FluentWinUI3 --> node_venv_lib_python3_12_site-packages_PyQt6_Qt6_qml_QtQuick_Controls_FluentWinUI3_light["light"]\n    node_venv_lib_python3_12_site-packages_PyQt6_Qt6_qml_QtQuick_Controls_FluentWinUI3_light --> node_venv_lib_python3_12_site-packages_PyQt6_Qt6_qml_QtQuick_Controls_FluentWinUI3_light_images["images"]\n    node_venv_lib_python3_12_site-packages_PyQt6_Qt6_qml_QtQuick_Controls_FluentWinUI3_light_images --> node_venv_lib_python3_12_site-packages_PyQt6_Qt6_qml_QtQuick_Controls_FluentWinUI3_light_images_popup-background@3x_png["popup-background@3x.png"]\n    Root --> node_venv["venv"]\n    node_venv --> node_venv_lib["lib"]\n    node_venv_lib --> node_venv_lib_python3_12["python3.12"]\n    node_venv_lib_python3_12 --> node_venv_lib_python3_12_site-packages["site-packages"]\n    node_venv_lib_python3_12_site-packages --> node_venv_lib_python3_12_site-packages_PyQt6["PyQt6"]\n    node_venv_lib_python3_12_site-packages_PyQt6 --> node_venv_lib_python3_12_site-packages_PyQt6_Qt6["Qt6"]\n    node_venv_lib_python3_12_site-packages_PyQt6_Qt6 --> node_venv_lib_python3_12_site-packages_PyQt6_Qt6_qml["qml"]\n    node_venv_lib_python3_12_site-packages_PyQt6_Qt6_qml --> node_venv_lib_python3_12_site-packages_PyQt6_Qt6_qml_QtQuick["QtQuick"]\n    node_venv_lib_python3_12_site-packages_PyQt6_Qt6_qml_QtQuick --> node_venv_lib_python3_12_site-packages_PyQt6_Qt6_qml_QtQuick_Controls["Controls"]\n    node_venv_lib_python3_12_site-packages_PyQt6_Qt6_qml_QtQuick_Controls --> node_venv_lib_python3_12_site-packages_PyQt6_Qt6_qml_QtQuick_Controls_FluentWinUI3["FluentWinUI3"]\n    node_venv_lib_python3_12_site-packages_PyQt6_Qt6_qml_QtQuick_Controls_FluentWinUI3 --> node_venv_lib_python3_12_site-packages_PyQt6_Qt6_qml_QtQuick_Controls_FluentWinUI3_light["light"]\n    node_venv_lib_python3_12_site-packages_PyQt6_Qt6_qml_QtQuick_Controls_FluentWinUI3_light --> node_venv_lib_python3_12_site-packages_PyQt6_Qt6_qml_QtQuick_Controls_FluentWinUI3_light_images["images"]\n    node_venv_lib_python3_12_site-packages_PyQt6_Qt6_qml_QtQuick_Controls_FluentWinUI3_light_images --> node_venv_lib_python3_12_site-packages_PyQt6_Qt6_qml_QtQuick_Controls_FluentWinUI3_light_images_progressbar-groove-disabled_png["progressbar-groove-disabled.png"]\n    Root --> node_venv["venv"]\n    node_venv --> node_venv_lib["lib"]\n    node_venv_lib --> node_venv_lib_python3_12["python3.12"]\n    node_venv_lib_python3_12 --> node_venv_lib_python3_12_site-packages["site-packages"]\n    node_venv_lib_python3_12_site-packages --> node_venv_lib_python3_12_site-packages_PyQt6["PyQt6"]\n    node_venv_lib_python3_12_site-packages_PyQt6 --> node_venv_lib_python3_12_site-packages_PyQt6_Qt6["Qt6"]\n    node_venv_lib_python3_12_site-packages_PyQt6_Qt6 --> node_venv_lib_python3_12_site-packages_PyQt6_Qt6_qml["qml"]\n    node_venv_lib_python3_12_site-packages_PyQt6_Qt6_qml --> node_venv_lib_python3_12_site-packages_PyQt6_Qt6_qml_QtQuick["QtQuick"]\n    node_venv_lib_python3_12_site-packages_PyQt6_Qt6_qml_QtQuick --> node_venv_lib_python3_12_site-packages_PyQt6_Qt6_qml_QtQuick_Controls["Controls"]\n    node_venv_lib_python3_12_site-packages_PyQt6_Qt6_qml_QtQuick_Controls --> node_venv_lib_python3_12_site-packages_PyQt6_Qt6_qml_QtQuick_Controls_FluentWinUI3["FluentWinUI3"]\n    node_venv_lib_python3_12_site-packages_PyQt6_Qt6_qml_QtQuick_Controls_FluentWinUI3 --> node_venv_lib_python3_12_site-packages_PyQt6_Qt6_qml_QtQuick_Controls_FluentWinUI3_light["light"]\n    node_venv_lib_python3_12_site-packages_PyQt6_Qt6_qml_QtQuick_Controls_FluentWinUI3_light --> node_venv_lib_python3_12_site-packages_PyQt6_Qt6_qml_QtQuick_Controls_FluentWinUI3_light_images["images"]\n    node_venv_lib_python3_12_site-packages_PyQt6_Qt6_qml_QtQuick_Controls_FluentWinUI3_light_images --> node_venv_lib_python3_12_site-packages_PyQt6_Qt6_qml_QtQuick_Controls_FluentWinUI3_light_images_progressbar-groove-disabled@2x_png["progressbar-groove-disabled@2x.png"]\n    Root --> node_venv["venv"]\n    node_venv --> node_venv_lib["lib"]\n    node_venv_lib --> node_venv_lib_python3_12["python3.12"]\n    node_venv_lib_python3_12 --> node_venv_lib_python3_12_site-packages["site-packages"]\n    node_venv_lib_python3_12_site-packages --> node_venv_lib_python3_12_site-packages_PyQt6["PyQt6"]\n    node_venv_lib_python3_12_site-packages_PyQt6 --> node_venv_lib_python3_12_site-packages_PyQt6_Qt6["Qt6"]\n    node_venv_lib_python3_12_site-packages_PyQt6_Qt6 --> node_venv_lib_python3_12_site-packages_PyQt6_Qt6_qml["qml"]\n    node_venv_lib_python3_12_site-packages_PyQt6_Qt6_qml --> node_venv_lib_python3_12_site-packages_PyQt6_Qt6_qml_QtQuick["QtQuick"]\n    node_venv_lib_python3_12_site-packages_PyQt6_Qt6_qml_QtQuick --> node_venv_lib_python3_12_site-packages_PyQt6_Qt6_qml_QtQuick_Controls["Controls"]\n    node_venv_lib_python3_12_site-packages_PyQt6_Qt6_qml_QtQuick_Controls --> node_venv_lib_python3_12_site-packages_PyQt6_Qt6_qml_QtQuick_Controls_FluentWinUI3["FluentWinUI3"]\n    node_venv_lib_python3_12_site-packages_PyQt6_Qt6_qml_QtQuick_Controls_FluentWinUI3 --> node_venv_lib_python3_12_site-packages_PyQt6_Qt6_qml_QtQuick_Controls_FluentWinUI3_light["light"]\n    node_venv_lib_python3_12_site-packages_PyQt6_Qt6_qml_QtQuick_Controls_FluentWinUI3_light --> node_venv_lib_python3_12_site-packages_PyQt6_Qt6_qml_QtQuick_Controls_FluentWinUI3_light_images["images"]\n    node_venv_lib_python3_12_site-packages_PyQt6_Qt6_qml_QtQuick_Controls_FluentWinUI3_light_images --> node_venv_lib_python3_12_site-packages_PyQt6_Qt6_qml_QtQuick_Controls_FluentWinUI3_light_images_progressbar-groove-disabled@3x_png["progressbar-groove-disabled@3x.png"]\n    Root --> node_venv["venv"]\n    node_venv --> node_venv_lib["lib"]\n    node_venv_lib --> node_venv_lib_python3_12["python3.12"]\n    node_venv_lib_python3_12 --> node_venv_lib_python3_12_site-packages["site-packages"]\n    node_venv_lib_python3_12_site-packages --> node_venv_lib_python3_12_site-packages_PyQt6["PyQt6"]\n    node_venv_lib_python3_12_site-packages_PyQt6 --> node_venv_lib_python3_12_site-packages_PyQt6_Qt6["Qt6"]\n    node_venv_lib_python3_12_site-packages_PyQt6_Qt6 --> node_venv_lib_python3_12_site-packages_PyQt6_Qt6_qml["qml"]\n    node_venv_lib_python3_12_site-packages_PyQt6_Qt6_qml --> node_venv_lib_python3_12_site-packages_PyQt6_Qt6_qml_QtQuick["QtQuick"]\n    node_venv_lib_python3_12_site-packages_PyQt6_Qt6_qml_QtQuick --> node_venv_lib_python3_12_site-packages_PyQt6_Qt6_qml_QtQuick_Controls["Controls"]\n    node_venv_lib_python3_12_site-packages_PyQt6_Qt6_qml_QtQuick_Controls --> node_venv_lib_python3_12_site-packages_PyQt6_Qt6_qml_QtQuick_Controls_FluentWinUI3["FluentWinUI3"]\n    node_venv_lib_python3_12_site-packages_PyQt6_Qt6_qml_QtQuick_Controls_FluentWinUI3 --> node_venv_lib_python3_12_site-packages_PyQt6_Qt6_qml_QtQuick_Controls_FluentWinUI3_light["light"]\n    node_venv_lib_python3_12_site-packages_PyQt6_Qt6_qml_QtQuick_Controls_FluentWinUI3_light --> node_venv_lib_python3_12_site-packages_PyQt6_Qt6_qml_QtQuick_Controls_FluentWinUI3_light_images["images"]\n    node_venv_lib_python3_12_site-packages_PyQt6_Qt6_qml_QtQuick_Controls_FluentWinUI3_light_images --> node_venv_lib_python3_12_site-packages_PyQt6_Qt6_qml_QtQuick_Controls_FluentWinUI3_light_images_progressbar-groove_png["progressbar-groove.png"]\n    Root --> node_venv["venv"]\n    node_venv --> node_venv_lib["lib"]\n    node_venv_lib --> node_venv_lib_python3_12["python3.12"]\n    node_venv_lib_python3_12 --> node_venv_lib_python3_12_site-packages["site-packages"]\n    node_venv_lib_python3_12_site-packages --> node_venv_lib_python3_12_site-packages_PyQt6["PyQt6"]\n    node_venv_lib_python3_12_site-packages_PyQt6 --> node_venv_lib_python3_12_site-packages_PyQt6_Qt6["Qt6"]\n    node_venv_lib_python3_12_site-packages_PyQt6_Qt6 --> node_venv_lib_python3_12_site-packages_PyQt6_Qt6_qml["qml"]\n    node_venv_lib_python3_12_site-packages_PyQt6_Qt6_qml --> node_venv_lib_python3_12_site-packages_PyQt6_Qt6_qml_QtQuick["QtQuick"]\n    node_venv_lib_python3_12_site-packages_PyQt6_Qt6_qml_QtQuick --> node_venv_lib_python3_12_site-packages_PyQt6_Qt6_qml_QtQuick_Controls["Controls"]\n    node_venv_lib_python3_12_site-packages_PyQt6_Qt6_qml_QtQuick_Controls --> node_venv_lib_python3_12_site-packages_PyQt6_Qt6_qml_QtQuick_Controls_FluentWinUI3["FluentWinUI3"]\n    node_venv_lib_python3_12_site-packages_PyQt6_Qt6_qml_QtQuick_Controls_FluentWinUI3 --> node_venv_lib_python3_12_site-packages_PyQt6_Qt6_qml_QtQuick_Controls_FluentWinUI3_light["light"]\n    node_venv_lib_python3_12_site-packages_PyQt6_Qt6_qml_QtQuick_Controls_FluentWinUI3_light --> node_venv_lib_python3_12_site-packages_PyQt6_Qt6_qml_QtQuick_Controls_FluentWinUI3_light_images["images"]\n    node_venv_lib_python3_12_site-packages_PyQt6_Qt6_qml_QtQuick_Controls_FluentWinUI3_light_images --> node_venv_lib_python3_12_site-packages_PyQt6_Qt6_qml_QtQuick_Controls_FluentWinUI3_light_images_progressbar-groove@2x_png["progressbar-groove@2x.png"]\n    Root --> node_venv["venv"]\n    node_venv --> node_venv_lib["lib"]\n    node_venv_lib --> node_venv_lib_python3_12["python3.12"]\n    node_venv_lib_python3_12 --> node_venv_lib_python3_12_site-packages["site-packages"]\n    node_venv_lib_python3_12_site-packages --> node_venv_lib_python3_12_site-packages_PyQt6["PyQt6"]\n    node_venv_lib_python3_12_site-packages_PyQt6 --> node_venv_lib_python3_12_site-packages_PyQt6_Qt6["Qt6"]\n    node_venv_lib_python3_12_site-packages_PyQt6_Qt6 --> node_venv_lib_python3_12_site-packages_PyQt6_Qt6_qml["qml"]\n    node_venv_lib_python3_12_site-packages_PyQt6_Qt6_qml --> node_venv_lib_python3_12_site-packages_PyQt6_Qt6_qml_QtQuick["QtQuick"]\n    node_venv_lib_python3_12_site-packages_PyQt6_Qt6_qml_QtQuick --> node_venv_lib_python3_12_site-packages_PyQt6_Qt6_qml_QtQuick_Controls["Controls"]\n    node_venv_lib_python3_12_site-packages_PyQt6_Qt6_qml_QtQuick_Controls --> node_venv_lib_python3_12_site-packages_PyQt6_Qt6_qml_QtQuick_Controls_FluentWinUI3["FluentWinUI3"]\n    node_venv_lib_python3_12_site-packages_PyQt6_Qt6_qml_QtQuick_Controls_FluentWinUI3 --> node_venv_lib_python3_12_site-packages_PyQt6_Qt6_qml_QtQuick_Controls_FluentWinUI3_light["light"]\n    node_venv_lib_python3_12_site-packages_PyQt6_Qt6_qml_QtQuick_Controls_FluentWinUI3_light --> node_venv_lib_python3_12_site-packages_PyQt6_Qt6_qml_QtQuick_Controls_FluentWinUI3_light_images["images"]\n    node_venv_lib_python3_12_site-packages_PyQt6_Qt6_qml_QtQuick_Controls_FluentWinUI3_light_images --> node_venv_lib_python3_12_site-packages_PyQt6_Qt6_qml_QtQuick_Controls_FluentWinUI3_light_images_progressbar-groove@3x_png["progressbar-groove@3x.png"]\n    Root --> node_venv["venv"]\n    node_venv --> node_venv_lib["lib"]\n    node_venv_lib --> node_venv_lib_python3_12["python3.12"]\n    node_venv_lib_python3_12 --> node_venv_lib_python3_12_site-packages["site-packages"]\n    node_venv_lib_python3_12_site-packages --> node_venv_lib_python3_12_site-packages_PyQt6["PyQt6"]\n    node_venv_lib_python3_12_site-packages_PyQt6 --> node_venv_lib_python3_12_site-packages_PyQt6_Qt6["Qt6"]\n    node_venv_lib_python3_12_site-packages_PyQt6_Qt6 --> node_venv_lib_python3_12_site-packages_PyQt6_Qt6_qml["qml"]\n    node_venv_lib_python3_12_site-packages_PyQt6_Qt6_qml --> node_venv_lib_python3_12_site-packages_PyQt6_Qt6_qml_QtQuick["QtQuick"]\n    node_venv_lib_python3_12_site-packages_PyQt6_Qt6_qml_QtQuick --> node_venv_lib_python3_12_site-packages_PyQt6_Qt6_qml_QtQuick_Controls["Controls"]\n    node_venv_lib_python3_12_site-packages_PyQt6_Qt6_qml_QtQuick_Controls --> node_venv_lib_python3_12_site-packages_PyQt6_Qt6_qml_QtQuick_Controls_FluentWinUI3["FluentWinUI3"]\n    node_venv_lib_python3_12_site-packages_PyQt6_Qt6_qml_QtQuick_Controls_FluentWinUI3 --> node_venv_lib_python3_12_site-packages_PyQt6_Qt6_qml_QtQuick_Controls_FluentWinUI3_light["light"]\n    node_venv_lib_python3_12_site-packages_PyQt6_Qt6_qml_QtQuick_Controls_FluentWinUI3_light --> node_venv_lib_python3_12_site-packages_PyQt6_Qt6_qml_QtQuick_Controls_FluentWinUI3_light_images["images"]\n    node_venv_lib_python3_12_site-packages_PyQt6_Qt6_qml_QtQuick_Controls_FluentWinUI3_light_images --> node_venv_lib_python3_12_site-packages_PyQt6_Qt6_qml_QtQuick_Controls_FluentWinUI3_light_images_radiobutton-indicator-checked-disabled_png["radiobutton-indicator-checked-disabled.png"]\n    Root --> node_venv["venv"]\n    node_venv --> node_venv_lib["lib"]\n    node_venv_lib --> node_venv_lib_python3_12["python3.12"]\n    node_venv_lib_python3_12 --> node_venv_lib_python3_12_site-packages["site-packages"]\n    node_venv_lib_python3_12_site-packages --> node_venv_lib_python3_12_site-packages_PyQt6["PyQt6"]\n    node_venv_lib_python3_12_site-packages_PyQt6 --> node_venv_lib_python3_12_site-packages_PyQt6_Qt6["Qt6"]\n    node_venv_lib_python3_12_site-packages_PyQt6_Qt6 --> node_venv_lib_python3_12_site-packages_PyQt6_Qt6_qml["qml"]\n    node_venv_lib_python3_12_site-packages_PyQt6_Qt6_qml --> node_venv_lib_python3_12_site-packages_PyQt6_Qt6_qml_QtQuick["QtQuick"]\n    node_venv_lib_python3_12_site-packages_PyQt6_Qt6_qml_QtQuick --> node_venv_lib_python3_12_site-packages_PyQt6_Qt6_qml_QtQuick_Controls["Controls"]\n    node_venv_lib_python3_12_site-packages_PyQt6_Qt6_qml_QtQuick_Controls --> node_venv_lib_python3_12_site-packages_PyQt6_Qt6_qml_QtQuick_Controls_FluentWinUI3["FluentWinUI3"]\n    node_venv_lib_python3_12_site-packages_PyQt6_Qt6_qml_QtQuick_Controls_FluentWinUI3 --> node_venv_lib_python3_12_site-packages_PyQt6_Qt6_qml_QtQuick_Controls_FluentWinUI3_light["light"]\n    node_venv_lib_python3_12_site-packages_PyQt6_Qt6_qml_QtQuick_Controls_FluentWinUI3_light --> node_venv_lib_python3_12_site-packages_PyQt6_Qt6_qml_QtQuick_Controls_FluentWinUI3_light_images["images"]\n    node_venv_lib_python3_12_site-packages_PyQt6_Qt6_qml_QtQuick_Controls_FluentWinUI3_light_images --> node_venv_lib_python3_12_site-packages_PyQt6_Qt6_qml_QtQuick_Controls_FluentWinUI3_light_images_radiobutton-indicator-checked-disabled@2x_png["radiobutton-indicator-checked-disabled@2x.png"]\n    Root --> node_venv["venv"]\n    node_venv --> node_venv_lib["lib"]\n    node_venv_lib --> node_venv_lib_python3_12["python3.12"]\n    node_venv_lib_python3_12 --> node_venv_lib_python3_12_site-packages["site-packages"]\n    node_venv_lib_python3_12_site-packages --> node_venv_lib_python3_12_site-packages_PyQt6["PyQt6"]\n    node_venv_lib_python3_12_site-packages_PyQt6 --> node_venv_lib_python3_12_site-packages_PyQt6_Qt6["Qt6"]\n    node_venv_lib_python3_12_site-packages_PyQt6_Qt6 --> node_venv_lib_python3_12_site-packages_PyQt6_Qt6_qml["qml"]\n    node_venv_lib_python3_12_site-packages_PyQt6_Qt6_qml --> node_venv_lib_python3_12_site-packages_PyQt6_Qt6_qml_QtQuick["QtQuick"]\n    node_venv_lib_python3_12_site-packages_PyQt6_Qt6_qml_QtQuick --> node_venv_lib_python3_12_site-packages_PyQt6_Qt6_qml_QtQuick_Controls["Controls"]\n    node_venv_lib_python3_12_site-packages_PyQt6_Qt6_qml_QtQuick_Controls --> node_venv_lib_python3_12_site-packages_PyQt6_Qt6_qml_QtQuick_Controls_FluentWinUI3["FluentWinUI3"]\n    node_venv_lib_python3_12_site-packages_PyQt6_Qt6_qml_QtQuick_Controls_FluentWinUI3 --> node_venv_lib_python3_12_site-packages_PyQt6_Qt6_qml_QtQuick_Controls_FluentWinUI3_light["light"]\n    node_venv_lib_python3_12_site-packages_PyQt6_Qt6_qml_QtQuick_Controls_FluentWinUI3_light --> node_venv_lib_python3_12_site-packages_PyQt6_Qt6_qml_QtQuick_Controls_FluentWinUI3_light_images["images"]\n    node_venv_lib_python3_12_site-packages_PyQt6_Qt6_qml_QtQuick_Controls_FluentWinUI3_light_images --> node_venv_lib_python3_12_site-packages_PyQt6_Qt6_qml_QtQuick_Controls_FluentWinUI3_light_images_radiobutton-indicator-checked-disabled@3x_png["radiobutton-indicator-checked-disabled@3x.png"]\n    Root --> node_venv["venv"]\n    node_venv --> node_venv_lib["lib"]\n    node_venv_lib --> node_venv_lib_python3_12["python3.12"]\n    node_venv_lib_python3_12 --> node_venv_lib_python3_12_site-packages["site-packages"]\n    node_venv_lib_python3_12_site-packages --> node_venv_lib_python3_12_site-packages_PyQt6["PyQt6"]\n    node_venv_lib_python3_12_site-packages_PyQt6 --> node_venv_lib_python3_12_site-packages_PyQt6_Qt6["Qt6"]\n    node_venv_lib_python3_12_site-packages_PyQt6_Qt6 --> node_venv_lib_python3_12_site-packages_PyQt6_Qt6_qml["qml"]\n    node_venv_lib_python3_12_site-packages_PyQt6_Qt6_qml --> node_venv_lib_python3_12_site-packages_PyQt6_Qt6_qml_QtQuick["QtQuick"]\n    node_venv_lib_python3_12_site-packages_PyQt6_Qt6_qml_QtQuick --> node_venv_lib_python3_12_site-packages_PyQt6_Qt6_qml_QtQuick_Controls["Controls"]\n    node_venv_lib_python3_12_site-packages_PyQt6_Qt6_qml_QtQuick_Controls --> node_venv_lib_python3_12_site-packages_PyQt6_Qt6_qml_QtQuick_Controls_FluentWinUI3["FluentWinUI3"]\n    node_venv_lib_python3_12_site-packages_PyQt6_Qt6_qml_QtQuick_Controls_FluentWinUI3 --> node_venv_lib_python3_12_site-packages_PyQt6_Qt6_qml_QtQuick_Controls_FluentWinUI3_light["light"]\n    node_venv_lib_python3_12_site-packages_PyQt6_Qt6_qml_QtQuick_Controls_FluentWinUI3_light --> node_venv_lib_python3_12_site-packages_PyQt6_Qt6_qml_QtQuick_Controls_FluentWinUI3_light_images["images"]\n    node_venv_lib_python3_12_site-packages_PyQt6_Qt6_qml_QtQuick_Controls_FluentWinUI3_light_images --> node_venv_lib_python3_12_site-packages_PyQt6_Qt6_qml_QtQuick_Controls_FluentWinUI3_light_images_radiobutton-indicator-checked-hovered_png["radiobutton-indicator-checked-hovered.png"]\n    Root --> node_venv["venv"]\n    node_venv --> node_venv_lib["lib"]\n    node_venv_lib --> node_venv_lib_python3_12["python3.12"]\n    node_venv_lib_python3_12 --> node_venv_lib_python3_12_site-packages["site-packages"]\n    node_venv_lib_python3_12_site-packages --> node_venv_lib_python3_12_site-packages_PyQt6["PyQt6"]\n    node_venv_lib_python3_12_site-packages_PyQt6 --> node_venv_lib_python3_12_site-packages_PyQt6_Qt6["Qt6"]\n    node_venv_lib_python3_12_site-packages_PyQt6_Qt6 --> node_venv_lib_python3_12_site-packages_PyQt6_Qt6_qml["qml"]\n    node_venv_lib_python3_12_site-packages_PyQt6_Qt6_qml --> node_venv_lib_python3_12_site-packages_PyQt6_Qt6_qml_QtQuick["QtQuick"]\n    node_venv_lib_python3_12_site-packages_PyQt6_Qt6_qml_QtQuick --> node_venv_lib_python3_12_site-packages_PyQt6_Qt6_qml_QtQuick_Controls["Controls"]\n    node_venv_lib_python3_12_site-packages_PyQt6_Qt6_qml_QtQuick_Controls --> node_venv_lib_python3_12_site-packages_PyQt6_Qt6_qml_QtQuick_Controls_FluentWinUI3["FluentWinUI3"]\n    node_venv_lib_python3_12_site-packages_PyQt6_Qt6_qml_QtQuick_Controls_FluentWinUI3 --> node_venv_lib_python3_12_site-packages_PyQt6_Qt6_qml_QtQuick_Controls_FluentWinUI3_light["light"]\n    node_venv_lib_python3_12_site-packages_PyQt6_Qt6_qml_QtQuick_Controls_FluentWinUI3_light --> node_venv_lib_python3_12_site-packages_PyQt6_Qt6_qml_QtQuick_Controls_FluentWinUI3_light_images["images"]\n    node_venv_lib_python3_12_site-packages_PyQt6_Qt6_qml_QtQuick_Controls_FluentWinUI3_light_images --> node_venv_lib_python3_12_site-packages_PyQt6_Qt6_qml_QtQuick_Controls_FluentWinUI3_light_images_radiobutton-indicator-checked-hovered@2x_png["radiobutton-indicator-checked-hovered@2x.png"]\n    Root --> node_venv["venv"]\n    node_venv --> node_venv_lib["lib"]\n    node_venv_lib --> node_venv_lib_python3_12["python3.12"]\n    node_venv_lib_python3_12 --> node_venv_lib_python3_12_site-packages["site-packages"]\n    node_venv_lib_python3_12_site-packages --> node_venv_lib_python3_12_site-packages_PyQt6["PyQt6"]\n    node_venv_lib_python3_12_site-packages_PyQt6 --> node_venv_lib_python3_12_site-packages_PyQt6_Qt6["Qt6"]\n    node_venv_lib_python3_12_site-packages_PyQt6_Qt6 --> node_venv_lib_python3_12_site-packages_PyQt6_Qt6_qml["qml"]\n    node_venv_lib_python3_12_site-packages_PyQt6_Qt6_qml --> node_venv_lib_python3_12_site-packages_PyQt6_Qt6_qml_QtQuick["QtQuick"]\n    node_venv_lib_python3_12_site-packages_PyQt6_Qt6_qml_QtQuick --> node_venv_lib_python3_12_site-packages_PyQt6_Qt6_qml_QtQuick_Controls["Controls"]\n    node_venv_lib_python3_12_site-packages_PyQt6_Qt6_qml_QtQuick_Controls --> node_venv_lib_python3_12_site-packages_PyQt6_Qt6_qml_QtQuick_Controls_FluentWinUI3["FluentWinUI3"]\n    node_venv_lib_python3_12_site-packages_PyQt6_Qt6_qml_QtQuick_Controls_FluentWinUI3 --> node_venv_lib_python3_12_site-packages_PyQt6_Qt6_qml_QtQuick_Controls_FluentWinUI3_light["light"]\n    node_venv_lib_python3_12_site-packages_PyQt6_Qt6_qml_QtQuick_Controls_FluentWinUI3_light --> node_venv_lib_python3_12_site-packages_PyQt6_Qt6_qml_QtQuick_Controls_FluentWinUI3_light_images["images"]\n    node_venv_lib_python3_12_site-packages_PyQt6_Qt6_qml_QtQuick_Controls_FluentWinUI3_light_images --> node_venv_lib_python3_12_site-packages_PyQt6_Qt6_qml_QtQuick_Controls_FluentWinUI3_light_images_radiobutton-indicator-checked-hovered@3x_png["radiobutton-indicator-checked-hovered@3x.png"]\n    Root --> node_venv["venv"]\n    node_venv --> node_venv_lib["lib"]\n    node_venv_lib --> node_venv_lib_python3_12["python3.12"]\n    node_venv_lib_python3_12 --> node_venv_lib_python3_12_site-packages["site-packages"]\n    node_venv_lib_python3_12_site-packages --> node_venv_lib_python3_12_site-packages_PyQt6["PyQt6"]\n    node_venv_lib_python3_12_site-packages_PyQt6 --> node_venv_lib_python3_12_site-packages_PyQt6_Qt6["Qt6"]\n    node_venv_lib_python3_12_site-packages_PyQt6_Qt6 --> node_venv_lib_python3_12_site-packages_PyQt6_Qt6_qml["qml"]\n    node_venv_lib_python3_12_site-packages_PyQt6_Qt6_qml --> node_venv_lib_python3_12_site-packages_PyQt6_Qt6_qml_QtQuick["QtQuick"]\n    node_venv_lib_python3_12_site-packages_PyQt6_Qt6_qml_QtQuick --> node_venv_lib_python3_12_site-packages_PyQt6_Qt6_qml_QtQuick_Controls["Controls"]\n    node_venv_lib_python3_12_site-packages_PyQt6_Qt6_qml_QtQuick_Controls --> node_venv_lib_python3_12_site-packages_PyQt6_Qt6_qml_QtQuick_Controls_FluentWinUI3["FluentWinUI3"]\n    node_venv_lib_python3_12_site-packages_PyQt6_Qt6_qml_QtQuick_Controls_FluentWinUI3 --> node_venv_lib_python3_12_site-packages_PyQt6_Qt6_qml_QtQuick_Controls_FluentWinUI3_light["light"]\n    node_venv_lib_python3_12_site-packages_PyQt6_Qt6_qml_QtQuick_Controls_FluentWinUI3_light --> node_venv_lib_python3_12_site-packages_PyQt6_Qt6_qml_QtQuick_Controls_FluentWinUI3_light_images["images"]\n    node_venv_lib_python3_12_site-packages_PyQt6_Qt6_qml_QtQuick_Controls_FluentWinUI3_light_images --> node_venv_lib_python3_12_site-packages_PyQt6_Qt6_qml_QtQuick_Controls_FluentWinUI3_light_images_radiobutton-indicator-checked-pressed_png["radiobutton-indicator-checked-pressed.png"]\n    Root --> node_venv["venv"]\n    node_venv --> node_venv_lib["lib"]\n    node_venv_lib --> node_venv_lib_python3_12["python3.12"]\n    node_venv_lib_python3_12 --> node_venv_lib_python3_12_site-packages["site-packages"]\n    node_venv_lib_python3_12_site-packages --> node_venv_lib_python3_12_site-packages_PyQt6["PyQt6"]\n    node_venv_lib_python3_12_site-packages_PyQt6 --> node_venv_lib_python3_12_site-packages_PyQt6_Qt6["Qt6"]\n    node_venv_lib_python3_12_site-packages_PyQt6_Qt6 --> node_venv_lib_python3_12_site-packages_PyQt6_Qt6_qml["qml"]\n    node_venv_lib_python3_12_site-packages_PyQt6_Qt6_qml --> node_venv_lib_python3_12_site-packages_PyQt6_Qt6_qml_QtQuick["QtQuick"]\n    node_venv_lib_python3_12_site-packages_PyQt6_Qt6_qml_QtQuick --> node_venv_lib_python3_12_site-packages_PyQt6_Qt6_qml_QtQuick_Controls["Controls"]\n    node_venv_lib_python3_12_site-packages_PyQt6_Qt6_qml_QtQuick_Controls --> node_venv_lib_python3_12_site-packages_PyQt6_Qt6_qml_QtQuick_Controls_FluentWinUI3["FluentWinUI3"]\n    node_venv_lib_python3_12_site-packages_PyQt6_Qt6_qml_QtQuick_Controls_FluentWinUI3 --> node_venv_lib_python3_12_site-packages_PyQt6_Qt6_qml_QtQuick_Controls_FluentWinUI3_light["light"]\n    node_venv_lib_python3_12_site-packages_PyQt6_Qt6_qml_QtQuick_Controls_FluentWinUI3_light --> node_venv_lib_python3_12_site-packages_PyQt6_Qt6_qml_QtQuick_Controls_FluentWinUI3_light_images["images"]\n    node_venv_lib_python3_12_site-packages_PyQt6_Qt6_qml_QtQuick_Controls_FluentWinUI3_light_images --> node_venv_lib_python3_12_site-packages_PyQt6_Qt6_qml_QtQuick_Controls_FluentWinUI3_light_images_radiobutton-indicator-checked-pressed@2x_png["radiobutton-indicator-checked-pressed@2x.png"]\n    Root --> node_venv["venv"]\n    node_venv --> node_venv_lib["lib"]\n    node_venv_lib --> node_venv_lib_python3_12["python3.12"]\n    node_venv_lib_python3_12 --> node_venv_lib_python3_12_site-packages["site-packages"]\n    node_venv_lib_python3_12_site-packages --> node_venv_lib_python3_12_site-packages_PyQt6["PyQt6"]\n    node_venv_lib_python3_12_site-packages_PyQt6 --> node_venv_lib_python3_12_site-packages_PyQt6_Qt6["Qt6"]\n    node_venv_lib_python3_12_site-packages_PyQt6_Qt6 --> node_venv_lib_python3_12_site-packages_PyQt6_Qt6_qml["qml"]\n    node_venv_lib_python3_12_site-packages_PyQt6_Qt6_qml --> node_venv_lib_python3_12_site-packages_PyQt6_Qt6_qml_QtQuick["QtQuick"]\n    node_venv_lib_python3_12_site-packages_PyQt6_Qt6_qml_QtQuick --> node_venv_lib_python3_12_site-packages_PyQt6_Qt6_qml_QtQuick_Controls["Controls"]\n    node_venv_lib_python3_12_site-packages_PyQt6_Qt6_qml_QtQuick_Controls --> node_venv_lib_python3_12_site-packages_PyQt6_Qt6_qml_QtQuick_Controls_FluentWinUI3["FluentWinUI3"]\n    node_venv_lib_python3_12_site-packages_PyQt6_Qt6_qml_QtQuick_Controls_FluentWinUI3 --> node_venv_lib_python3_12_site-packages_PyQt6_Qt6_qml_QtQuick_Controls_FluentWinUI3_light["light"]\n    node_venv_lib_python3_12_site-packages_PyQt6_Qt6_qml_QtQuick_Controls_FluentWinUI3_light --> node_venv_lib_python3_12_site-packages_PyQt6_Qt6_qml_QtQuick_Controls_FluentWinUI3_light_images["images"]\n    node_venv_lib_python3_12_site-packages_PyQt6_Qt6_qml_QtQuick_Controls_FluentWinUI3_light_images --> node_venv_lib_python3_12_site-packages_PyQt6_Qt6_qml_QtQuick_Controls_FluentWinUI3_light_images_radiobutton-indicator-checked-pressed@3x_png["radiobutton-indicator-checked-pressed@3x.png"]\n    Root --> node_venv["venv"]\n    node_venv --> node_venv_lib["lib"]\n    node_venv_lib --> node_venv_lib_python3_12["python3.12"]\n    node_venv_lib_python3_12 --> node_venv_lib_python3_12_site-packages["site-packages"]\n    node_venv_lib_python3_12_site-packages --> node_venv_lib_python3_12_site-packages_PyQt6["PyQt6"]\n    node_venv_lib_python3_12_site-packages_PyQt6 --> node_venv_lib_python3_12_site-packages_PyQt6_Qt6["Qt6"]\n    node_venv_lib_python3_12_site-packages_PyQt6_Qt6 --> node_venv_lib_python3_12_site-packages_PyQt6_Qt6_qml["qml"]\n    node_venv_lib_python3_12_site-packages_PyQt6_Qt6_qml --> node_venv_lib_python3_12_site-packages_PyQt6_Qt6_qml_QtQuick["QtQuick"]\n    node_venv_lib_python3_12_site-packages_PyQt6_Qt6_qml_QtQuick --> node_venv_lib_python3_12_site-packages_PyQt6_Qt6_qml_QtQuick_Controls["Controls"]\n    node_venv_lib_python3_12_site-packages_PyQt6_Qt6_qml_QtQuick_Controls --> node_venv_lib_python3_12_site-packages_PyQt6_Qt6_qml_QtQuick_Controls_FluentWinUI3["FluentWinUI3"]\n    node_venv_lib_python3_12_site-packages_PyQt6_Qt6_qml_QtQuick_Controls_FluentWinUI3 --> node_venv_lib_python3_12_site-packages_PyQt6_Qt6_qml_QtQuick_Controls_FluentWinUI3_light["light"]\n    node_venv_lib_python3_12_site-packages_PyQt6_Qt6_qml_QtQuick_Controls_FluentWinUI3_light --> node_venv_lib_python3_12_site-packages_PyQt6_Qt6_qml_QtQuick_Controls_FluentWinUI3_light_images["images"]\n    node_venv_lib_python3_12_site-packages_PyQt6_Qt6_qml_QtQuick_Controls_FluentWinUI3_light_images --> node_venv_lib_python3_12_site-packages_PyQt6_Qt6_qml_QtQuick_Controls_FluentWinUI3_light_images_radiobutton-indicator-checked_png["radiobutton-indicator-checked.png"]\n    Root --> node_venv["venv"]\n    node_venv --> node_venv_lib["lib"]\n    node_venv_lib --> node_venv_lib_python3_12["python3.12"]\n    node_venv_lib_python3_12 --> node_venv_lib_python3_12_site-packages["site-packages"]\n    node_venv_lib_python3_12_site-packages --> node_venv_lib_python3_12_site-packages_PyQt6["PyQt6"]\n    node_venv_lib_python3_12_site-packages_PyQt6 --> node_venv_lib_python3_12_site-packages_PyQt6_Qt6["Qt6"]\n    node_venv_lib_python3_12_site-packages_PyQt6_Qt6 --> node_venv_lib_python3_12_site-packages_PyQt6_Qt6_qml["qml"]\n    node_venv_lib_python3_12_site-packages_PyQt6_Qt6_qml --> node_venv_lib_python3_12_site-packages_PyQt6_Qt6_qml_QtQuick["QtQuick"]\n    node_venv_lib_python3_12_site-packages_PyQt6_Qt6_qml_QtQuick --> node_venv_lib_python3_12_site-packages_PyQt6_Qt6_qml_QtQuick_Controls["Controls"]\n    node_venv_lib_python3_12_site-packages_PyQt6_Qt6_qml_QtQuick_Controls --> node_venv_lib_python3_12_site-packages_PyQt6_Qt6_qml_QtQuick_Controls_FluentWinUI3["FluentWinUI3"]\n    node_venv_lib_python3_12_site-packages_PyQt6_Qt6_qml_QtQuick_Controls_FluentWinUI3 --> node_venv_lib_python3_12_site-packages_PyQt6_Qt6_qml_QtQuick_Controls_FluentWinUI3_light["light"]\n    node_venv_lib_python3_12_site-packages_PyQt6_Qt6_qml_QtQuick_Controls_FluentWinUI3_light --> node_venv_lib_python3_12_site-packages_PyQt6_Qt6_qml_QtQuick_Controls_FluentWinUI3_light_images["images"]\n    node_venv_lib_python3_12_site-packages_PyQt6_Qt6_qml_QtQuick_Controls_FluentWinUI3_light_images --> node_venv_lib_python3_12_site-packages_PyQt6_Qt6_qml_QtQuick_Controls_FluentWinUI3_light_images_radiobutton-indicator-checked@2x_png["radiobutton-indicator-checked@2x.png"]\n    Root --> node_venv["venv"]\n    node_venv --> node_venv_lib["lib"]\n    node_venv_lib --> node_venv_lib_python3_12["python3.12"]\n    node_venv_lib_python3_12 --> node_venv_lib_python3_12_site-packages["site-packages"]\n    node_venv_lib_python3_12_site-packages --> node_venv_lib_python3_12_site-packages_PyQt6["PyQt6"]\n    node_venv_lib_python3_12_site-packages_PyQt6 --> node_venv_lib_python3_12_site-packages_PyQt6_Qt6["Qt6"]\n    node_venv_lib_python3_12_site-packages_PyQt6_Qt6 --> node_venv_lib_python3_12_site-packages_PyQt6_Qt6_qml["qml"]\n    node_venv_lib_python3_12_site-packages_PyQt6_Qt6_qml --> node_venv_lib_python3_12_site-packages_PyQt6_Qt6_qml_QtQuick["QtQuick"]\n    node_venv_lib_python3_12_site-packages_PyQt6_Qt6_qml_QtQuick --> node_venv_lib_python3_12_site-packages_PyQt6_Qt6_qml_QtQuick_Controls["Controls"]\n    node_venv_lib_python3_12_site-packages_PyQt6_Qt6_qml_QtQuick_Controls --> node_venv_lib_python3_12_site-packages_PyQt6_Qt6_qml_QtQuick_Controls_FluentWinUI3["FluentWinUI3"]\n    node_venv_lib_python3_12_site-packages_PyQt6_Qt6_qml_QtQuick_Controls_FluentWinUI3 --> node_venv_lib_python3_12_site-packages_PyQt6_Qt6_qml_QtQuick_Controls_FluentWinUI3_light["light"]\n    node_venv_lib_python3_12_site-packages_PyQt6_Qt6_qml_QtQuick_Controls_FluentWinUI3_light --> node_venv_lib_python3_12_site-packages_PyQt6_Qt6_qml_QtQuick_Controls_FluentWinUI3_light_images["images"]\n    node_venv_lib_python3_12_site-packages_PyQt6_Qt6_qml_QtQuick_Controls_FluentWinUI3_light_images --> node_venv_lib_python3_12_site-packages_PyQt6_Qt6_qml_QtQuick_Controls_FluentWinUI3_light_images_radiobutton-indicator-checked@3x_png["radiobutton-indicator-checked@3x.png"]\n    Root --> node_venv["venv"]\n    node_venv --> node_venv_lib["lib"]\n    node_venv_lib --> node_venv_lib_python3_12["python3.12"]\n    node_venv_lib_python3_12 --> node_venv_lib_python3_12_site-packages["site-packages"]\n    node_venv_lib_python3_12_site-packages --> node_venv_lib_python3_12_site-packages_PyQt6["PyQt6"]\n    node_venv_lib_python3_12_site-packages_PyQt6 --> node_venv_lib_python3_12_site-packages_PyQt6_Qt6["Qt6"]\n    node_venv_lib_python3_12_site-packages_PyQt6_Qt6 --> node_venv_lib_python3_12_site-packages_PyQt6_Qt6_qml["qml"]\n    node_venv_lib_python3_12_site-packages_PyQt6_Qt6_qml --> node_venv_lib_python3_12_site-packages_PyQt6_Qt6_qml_QtQuick["QtQuick"]\n    node_venv_lib_python3_12_site-packages_PyQt6_Qt6_qml_QtQuick --> node_venv_lib_python3_12_site-packages_PyQt6_Qt6_qml_QtQuick_Controls["Controls"]\n    node_venv_lib_python3_12_site-packages_PyQt6_Qt6_qml_QtQuick_Controls --> node_venv_lib_python3_12_site-packages_PyQt6_Qt6_qml_QtQuick_Controls_FluentWinUI3["FluentWinUI3"]\n    node_venv_lib_python3_12_site-packages_PyQt6_Qt6_qml_QtQuick_Controls_FluentWinUI3 --> node_venv_lib_python3_12_site-packages_PyQt6_Qt6_qml_QtQuick_Controls_FluentWinUI3_light["light"]\n    node_venv_lib_python3_12_site-packages_PyQt6_Qt6_qml_QtQuick_Controls_FluentWinUI3_light --> node_venv_lib_python3_12_site-packages_PyQt6_Qt6_qml_QtQuick_Controls_FluentWinUI3_light_images["images"]\n    node_venv_lib_python3_12_site-packages_PyQt6_Qt6_qml_QtQuick_Controls_FluentWinUI3_light_images --> node_venv_lib_python3_12_site-packages_PyQt6_Qt6_qml_QtQuick_Controls_FluentWinUI3_light_images_radiobutton-indicator-disabled_png["radiobutton-indicator-disabled.png"]\n    Root --> node_venv["venv"]\n    node_venv --> node_venv_lib["lib"]\n    node_venv_lib --> node_venv_lib_python3_12["python3.12"]\n    node_venv_lib_python3_12 --> node_venv_lib_python3_12_site-packages["site-packages"]\n    node_venv_lib_python3_12_site-packages --> node_venv_lib_python3_12_site-packages_PyQt6["PyQt6"]\n    node_venv_lib_python3_12_site-packages_PyQt6 --> node_venv_lib_python3_12_site-packages_PyQt6_Qt6["Qt6"]\n    node_venv_lib_python3_12_site-packages_PyQt6_Qt6 --> node_venv_lib_python3_12_site-packages_PyQt6_Qt6_qml["qml"]\n    node_venv_lib_python3_12_site-packages_PyQt6_Qt6_qml --> node_venv_lib_python3_12_site-packages_PyQt6_Qt6_qml_QtQuick["QtQuick"]\n    node_venv_lib_python3_12_site-packages_PyQt6_Qt6_qml_QtQuick --> node_venv_lib_python3_12_site-packages_PyQt6_Qt6_qml_QtQuick_Controls["Controls"]\n    node_venv_lib_python3_12_site-packages_PyQt6_Qt6_qml_QtQuick_Controls --> node_venv_lib_python3_12_site-packages_PyQt6_Qt6_qml_QtQuick_Controls_FluentWinUI3["FluentWinUI3"]\n    node_venv_lib_python3_12_site-packages_PyQt6_Qt6_qml_QtQuick_Controls_FluentWinUI3 --> node_venv_lib_python3_12_site-packages_PyQt6_Qt6_qml_QtQuick_Controls_FluentWinUI3_light["light"]\n    node_venv_lib_python3_12_site-packages_PyQt6_Qt6_qml_QtQuick_Controls_FluentWinUI3_light --> node_venv_lib_python3_12_site-packages_PyQt6_Qt6_qml_QtQuick_Controls_FluentWinUI3_light_images["images"]\n    node_venv_lib_python3_12_site-packages_PyQt6_Qt6_qml_QtQuick_Controls_FluentWinUI3_light_images --> node_venv_lib_python3_12_site-packages_PyQt6_Qt6_qml_QtQuick_Controls_FluentWinUI3_light_images_radiobutton-indicator-disabled@2x_png["radiobutton-indicator-disabled@2x.png"]\n    Root --> node_venv["venv"]\n    node_venv --> node_venv_lib["lib"]\n    node_venv_lib --> node_venv_lib_python3_12["python3.12"]\n    node_venv_lib_python3_12 --> node_venv_lib_python3_12_site-packages["site-packages"]\n    node_venv_lib_python3_12_site-packages --> node_venv_lib_python3_12_site-packages_PyQt6["PyQt6"]\n    node_venv_lib_python3_12_site-packages_PyQt6 --> node_venv_lib_python3_12_site-packages_PyQt6_Qt6["Qt6"]\n    node_venv_lib_python3_12_site-packages_PyQt6_Qt6 --> node_venv_lib_python3_12_site-packages_PyQt6_Qt6_qml["qml"]\n    node_venv_lib_python3_12_site-packages_PyQt6_Qt6_qml --> node_venv_lib_python3_12_site-packages_PyQt6_Qt6_qml_QtQuick["QtQuick"]\n    node_venv_lib_python3_12_site-packages_PyQt6_Qt6_qml_QtQuick --> node_venv_lib_python3_12_site-packages_PyQt6_Qt6_qml_QtQuick_Controls["Controls"]\n    node_venv_lib_python3_12_site-packages_PyQt6_Qt6_qml_QtQuick_Controls --> node_venv_lib_python3_12_site-packages_PyQt6_Qt6_qml_QtQuick_Controls_FluentWinUI3["FluentWinUI3"]\n    node_venv_lib_python3_12_site-packages_PyQt6_Qt6_qml_QtQuick_Controls_FluentWinUI3 --> node_venv_lib_python3_12_site-packages_PyQt6_Qt6_qml_QtQuick_Controls_FluentWinUI3_light["light"]\n    node_venv_lib_python3_12_site-packages_PyQt6_Qt6_qml_QtQuick_Controls_FluentWinUI3_light --> node_venv_lib_python3_12_site-packages_PyQt6_Qt6_qml_QtQuick_Controls_FluentWinUI3_light_images["images"]\n    node_venv_lib_python3_12_site-packages_PyQt6_Qt6_qml_QtQuick_Controls_FluentWinUI3_light_images --> node_venv_lib_python3_12_site-packages_PyQt6_Qt6_qml_QtQuick_Controls_FluentWinUI3_light_images_radiobutton-indicator-disabled@3x_png["radiobutton-indicator-disabled@3x.png"]\n    Root --> node_venv["venv"]\n    node_venv --> node_venv_lib["lib"]\n    node_venv_lib --> node_venv_lib_python3_12["python3.12"]\n    node_venv_lib_python3_12 --> node_venv_lib_python3_12_site-packages["site-packages"]\n    node_venv_lib_python3_12_site-packages --> node_venv_lib_python3_12_site-packages_PyQt6["PyQt6"]\n    node_venv_lib_python3_12_site-packages_PyQt6 --> node_venv_lib_python3_12_site-packages_PyQt6_Qt6["Qt6"]\n    node_venv_lib_python3_12_site-packages_PyQt6_Qt6 --> node_venv_lib_python3_12_site-packages_PyQt6_Qt6_qml["qml"]\n    node_venv_lib_python3_12_site-packages_PyQt6_Qt6_qml --> node_venv_lib_python3_12_site-packages_PyQt6_Qt6_qml_QtQuick["QtQuick"]\n    node_venv_lib_python3_12_site-packages_PyQt6_Qt6_qml_QtQuick --> node_venv_lib_python3_12_site-packages_PyQt6_Qt6_qml_QtQuick_Controls["Controls"]\n    node_venv_lib_python3_12_site-packages_PyQt6_Qt6_qml_QtQuick_Controls --> node_venv_lib_python3_12_site-packages_PyQt6_Qt6_qml_QtQuick_Controls_FluentWinUI3["FluentWinUI3"]\n    node_venv_lib_python3_12_site-packages_PyQt6_Qt6_qml_QtQuick_Controls_FluentWinUI3 --> node_venv_lib_python3_12_site-packages_PyQt6_Qt6_qml_QtQuick_Controls_FluentWinUI3_light["light"]\n    node_venv_lib_python3_12_site-packages_PyQt6_Qt6_qml_QtQuick_Controls_FluentWinUI3_light --> node_venv_lib_python3_12_site-packages_PyQt6_Qt6_qml_QtQuick_Controls_FluentWinUI3_light_images["images"]\n    node_venv_lib_python3_12_site-packages_PyQt6_Qt6_qml_QtQuick_Controls_FluentWinUI3_light_images --> node_venv_lib_python3_12_site-packages_PyQt6_Qt6_qml_QtQuick_Controls_FluentWinUI3_light_images_radiobutton-indicator-hovered_png["radiobutton-indicator-hovered.png"]\n    Root --> node_venv["venv"]\n    node_venv --> node_venv_lib["lib"]\n    node_venv_lib --> node_venv_lib_python3_12["python3.12"]\n    node_venv_lib_python3_12 --> node_venv_lib_python3_12_site-packages["site-packages"]\n    node_venv_lib_python3_12_site-packages --> node_venv_lib_python3_12_site-packages_PyQt6["PyQt6"]\n    node_venv_lib_python3_12_site-packages_PyQt6 --> node_venv_lib_python3_12_site-packages_PyQt6_Qt6["Qt6"]\n    node_venv_lib_python3_12_site-packages_PyQt6_Qt6 --> node_venv_lib_python3_12_site-packages_PyQt6_Qt6_qml["qml"]\n    node_venv_lib_python3_12_site-packages_PyQt6_Qt6_qml --> node_venv_lib_python3_12_site-packages_PyQt6_Qt6_qml_QtQuick["QtQuick"]\n    node_venv_lib_python3_12_site-packages_PyQt6_Qt6_qml_QtQuick --> node_venv_lib_python3_12_site-packages_PyQt6_Qt6_qml_QtQuick_Controls["Controls"]\n    node_venv_lib_python3_12_site-packages_PyQt6_Qt6_qml_QtQuick_Controls --> node_venv_lib_python3_12_site-packages_PyQt6_Qt6_qml_QtQuick_Controls_FluentWinUI3["FluentWinUI3"]\n    node_venv_lib_python3_12_site-packages_PyQt6_Qt6_qml_QtQuick_Controls_FluentWinUI3 --> node_venv_lib_python3_12_site-packages_PyQt6_Qt6_qml_QtQuick_Controls_FluentWinUI3_light["light"]\n    node_venv_lib_python3_12_site-packages_PyQt6_Qt6_qml_QtQuick_Controls_FluentWinUI3_light --> node_venv_lib_python3_12_site-packages_PyQt6_Qt6_qml_QtQuick_Controls_FluentWinUI3_light_images["images"]\n    node_venv_lib_python3_12_site-packages_PyQt6_Qt6_qml_QtQuick_Controls_FluentWinUI3_light_images --> node_venv_lib_python3_12_site-packages_PyQt6_Qt6_qml_QtQuick_Controls_FluentWinUI3_light_images_radiobutton-indicator-hovered@2x_png["radiobutton-indicator-hovered@2x.png"]\n    Root --> node_venv["venv"]\n    node_venv --> node_venv_lib["lib"]\n    node_venv_lib --> node_venv_lib_python3_12["python3.12"]\n    node_venv_lib_python3_12 --> node_venv_lib_python3_12_site-packages["site-packages"]\n    node_venv_lib_python3_12_site-packages --> node_venv_lib_python3_12_site-packages_PyQt6["PyQt6"]\n    node_venv_lib_python3_12_site-packages_PyQt6 --> node_venv_lib_python3_12_site-packages_PyQt6_Qt6["Qt6"]\n    node_venv_lib_python3_12_site-packages_PyQt6_Qt6 --> node_venv_lib_python3_12_site-packages_PyQt6_Qt6_qml["qml"]\n    node_venv_lib_python3_12_site-packages_PyQt6_Qt6_qml --> node_venv_lib_python3_12_site-packages_PyQt6_Qt6_qml_QtQuick["QtQuick"]\n    node_venv_lib_python3_12_site-packages_PyQt6_Qt6_qml_QtQuick --> node_venv_lib_python3_12_site-packages_PyQt6_Qt6_qml_QtQuick_Controls["Controls"]\n    node_venv_lib_python3_12_site-packages_PyQt6_Qt6_qml_QtQuick_Controls --> node_venv_lib_python3_12_site-packages_PyQt6_Qt6_qml_QtQuick_Controls_FluentWinUI3["FluentWinUI3"]\n    node_venv_lib_python3_12_site-packages_PyQt6_Qt6_qml_QtQuick_Controls_FluentWinUI3 --> node_venv_lib_python3_12_site-packages_PyQt6_Qt6_qml_QtQuick_Controls_FluentWinUI3_light["light"]\n    node_venv_lib_python3_12_site-packages_PyQt6_Qt6_qml_QtQuick_Controls_FluentWinUI3_light --> node_venv_lib_python3_12_site-packages_PyQt6_Qt6_qml_QtQuick_Controls_FluentWinUI3_light_images["images"]\n    node_venv_lib_python3_12_site-packages_PyQt6_Qt6_qml_QtQuick_Controls_FluentWinUI3_light_images --> node_venv_lib_python3_12_site-packages_PyQt6_Qt6_qml_QtQuick_Controls_FluentWinUI3_light_images_radiobutton-indicator-hovered@3x_png["radiobutton-indicator-hovered@3x.png"]\n    Root --> node_venv["venv"]\n    node_venv --> node_venv_lib["lib"]\n    node_venv_lib --> node_venv_lib_python3_12["python3.12"]\n    node_venv_lib_python3_12 --> node_venv_lib_python3_12_site-packages["site-packages"]\n    node_venv_lib_python3_12_site-packages --> node_venv_lib_python3_12_site-packages_PyQt6["PyQt6"]\n    node_venv_lib_python3_12_site-packages_PyQt6 --> node_venv_lib_python3_12_site-packages_PyQt6_Qt6["Qt6"]\n    node_venv_lib_python3_12_site-packages_PyQt6_Qt6 --> node_venv_lib_python3_12_site-packages_PyQt6_Qt6_qml["qml"]\n    node_venv_lib_python3_12_site-packages_PyQt6_Qt6_qml --> node_venv_lib_python3_12_site-packages_PyQt6_Qt6_qml_QtQuick["QtQuick"]\n    node_venv_lib_python3_12_site-packages_PyQt6_Qt6_qml_QtQuick --> node_venv_lib_python3_12_site-packages_PyQt6_Qt6_qml_QtQuick_Controls["Controls"]\n    node_venv_lib_python3_12_site-packages_PyQt6_Qt6_qml_QtQuick_Controls --> node_venv_lib_python3_12_site-packages_PyQt6_Qt6_qml_QtQuick_Controls_FluentWinUI3["FluentWinUI3"]\n    node_venv_lib_python3_12_site-packages_PyQt6_Qt6_qml_QtQuick_Controls_FluentWinUI3 --> node_venv_lib_python3_12_site-packages_PyQt6_Qt6_qml_QtQuick_Controls_FluentWinUI3_light["light"]\n    node_venv_lib_python3_12_site-packages_PyQt6_Qt6_qml_QtQuick_Controls_FluentWinUI3_light --> node_venv_lib_python3_12_site-packages_PyQt6_Qt6_qml_QtQuick_Controls_FluentWinUI3_light_images["images"]\n    node_venv_lib_python3_12_site-packages_PyQt6_Qt6_qml_QtQuick_Controls_FluentWinUI3_light_images --> node_venv_lib_python3_12_site-packages_PyQt6_Qt6_qml_QtQuick_Controls_FluentWinUI3_light_images_radiobutton-indicator-pressed_png["radiobutton-indicator-pressed.png"]\n    Root --> node_venv["venv"]\n    node_venv --> node_venv_lib["lib"]\n    node_venv_lib --> node_venv_lib_python3_12["python3.12"]\n    node_venv_lib_python3_12 --> node_venv_lib_python3_12_site-packages["site-packages"]\n    node_venv_lib_python3_12_site-packages --> node_venv_lib_python3_12_site-packages_PyQt6["PyQt6"]\n    node_venv_lib_python3_12_site-packages_PyQt6 --> node_venv_lib_python3_12_site-packages_PyQt6_Qt6["Qt6"]\n    node_venv_lib_python3_12_site-packages_PyQt6_Qt6 --> node_venv_lib_python3_12_site-packages_PyQt6_Qt6_qml["qml"]\n    node_venv_lib_python3_12_site-packages_PyQt6_Qt6_qml --> node_venv_lib_python3_12_site-packages_PyQt6_Qt6_qml_QtQuick["QtQuick"]\n    node_venv_lib_python3_12_site-packages_PyQt6_Qt6_qml_QtQuick --> node_venv_lib_python3_12_site-packages_PyQt6_Qt6_qml_QtQuick_Controls["Controls"]\n    node_venv_lib_python3_12_site-packages_PyQt6_Qt6_qml_QtQuick_Controls --> node_venv_lib_python3_12_site-packages_PyQt6_Qt6_qml_QtQuick_Controls_FluentWinUI3["FluentWinUI3"]\n    node_venv_lib_python3_12_site-packages_PyQt6_Qt6_qml_QtQuick_Controls_FluentWinUI3 --> node_venv_lib_python3_12_site-packages_PyQt6_Qt6_qml_QtQuick_Controls_FluentWinUI3_light["light"]\n    node_venv_lib_python3_12_site-packages_PyQt6_Qt6_qml_QtQuick_Controls_FluentWinUI3_light --> node_venv_lib_python3_12_site-packages_PyQt6_Qt6_qml_QtQuick_Controls_FluentWinUI3_light_images["images"]\n    node_venv_lib_python3_12_site-packages_PyQt6_Qt6_qml_QtQuick_Controls_FluentWinUI3_light_images --> node_venv_lib_python3_12_site-packages_PyQt6_Qt6_qml_QtQuick_Controls_FluentWinUI3_light_images_radiobutton-indicator-pressed@2x_png["radiobutton-indicator-pressed@2x.png"]\n    Root --> node_venv["venv"]\n    node_venv --> node_venv_lib["lib"]\n    node_venv_lib --> node_venv_lib_python3_12["python3.12"]\n    node_venv_lib_python3_12 --> node_venv_lib_python3_12_site-packages["site-packages"]\n    node_venv_lib_python3_12_site-packages --> node_venv_lib_python3_12_site-packages_PyQt6["PyQt6"]\n    node_venv_lib_python3_12_site-packages_PyQt6 --> node_venv_lib_python3_12_site-packages_PyQt6_Qt6["Qt6"]\n    node_venv_lib_python3_12_site-packages_PyQt6_Qt6 --> node_venv_lib_python3_12_site-packages_PyQt6_Qt6_qml["qml"]\n    node_venv_lib_python3_12_site-packages_PyQt6_Qt6_qml --> node_venv_lib_python3_12_site-packages_PyQt6_Qt6_qml_QtQuick["QtQuick"]\n    node_venv_lib_python3_12_site-packages_PyQt6_Qt6_qml_QtQuick --> node_venv_lib_python3_12_site-packages_PyQt6_Qt6_qml_QtQuick_Controls["Controls"]\n    node_venv_lib_python3_12_site-packages_PyQt6_Qt6_qml_QtQuick_Controls --> node_venv_lib_python3_12_site-packages_PyQt6_Qt6_qml_QtQuick_Controls_FluentWinUI3["FluentWinUI3"]\n    node_venv_lib_python3_12_site-packages_PyQt6_Qt6_qml_QtQuick_Controls_FluentWinUI3 --> node_venv_lib_python3_12_site-packages_PyQt6_Qt6_qml_QtQuick_Controls_FluentWinUI3_light["light"]\n    node_venv_lib_python3_12_site-packages_PyQt6_Qt6_qml_QtQuick_Controls_FluentWinUI3_light --> node_venv_lib_python3_12_site-packages_PyQt6_Qt6_qml_QtQuick_Controls_FluentWinUI3_light_images["images"]\n    node_venv_lib_python3_12_site-packages_PyQt6_Qt6_qml_QtQuick_Controls_FluentWinUI3_light_images --> node_venv_lib_python3_12_site-packages_PyQt6_Qt6_qml_QtQuick_Controls_FluentWinUI3_light_images_radiobutton-indicator-pressed@3x_png["radiobutton-indicator-pressed@3x.png"]\n    Root --> node_venv["venv"]\n    node_venv --> node_venv_lib["lib"]\n    node_venv_lib --> node_venv_lib_python3_12["python3.12"]\n    node_venv_lib_python3_12 --> node_venv_lib_python3_12_site-packages["site-packages"]\n    node_venv_lib_python3_12_site-packages --> node_venv_lib_python3_12_site-packages_PyQt6["PyQt6"]\n    node_venv_lib_python3_12_site-packages_PyQt6 --> node_venv_lib_python3_12_site-packages_PyQt6_Qt6["Qt6"]\n    node_venv_lib_python3_12_site-packages_PyQt6_Qt6 --> node_venv_lib_python3_12_site-packages_PyQt6_Qt6_qml["qml"]\n    node_venv_lib_python3_12_site-packages_PyQt6_Qt6_qml --> node_venv_lib_python3_12_site-packages_PyQt6_Qt6_qml_QtQuick["QtQuick"]\n    node_venv_lib_python3_12_site-packages_PyQt6_Qt6_qml_QtQuick --> node_venv_lib_python3_12_site-packages_PyQt6_Qt6_qml_QtQuick_Controls["Controls"]\n    node_venv_lib_python3_12_site-packages_PyQt6_Qt6_qml_QtQuick_Controls --> node_venv_lib_python3_12_site-packages_PyQt6_Qt6_qml_QtQuick_Controls_FluentWinUI3["FluentWinUI3"]\n    node_venv_lib_python3_12_site-packages_PyQt6_Qt6_qml_QtQuick_Controls_FluentWinUI3 --> node_venv_lib_python3_12_site-packages_PyQt6_Qt6_qml_QtQuick_Controls_FluentWinUI3_light["light"]\n    node_venv_lib_python3_12_site-packages_PyQt6_Qt6_qml_QtQuick_Controls_FluentWinUI3_light --> node_venv_lib_python3_12_site-packages_PyQt6_Qt6_qml_QtQuick_Controls_FluentWinUI3_light_images["images"]\n    node_venv_lib_python3_12_site-packages_PyQt6_Qt6_qml_QtQuick_Controls_FluentWinUI3_light_images --> node_venv_lib_python3_12_site-packages_PyQt6_Qt6_qml_QtQuick_Controls_FluentWinUI3_light_images_radiobutton-indicator_png["radiobutton-indicator.png"]\n    Root --> node_venv["venv"]\n    node_venv --> node_venv_lib["lib"]\n    node_venv_lib --> node_venv_lib_python3_12["python3.12"]\n    node_venv_lib_python3_12 --> node_venv_lib_python3_12_site-packages["site-packages"]\n    node_venv_lib_python3_12_site-packages --> node_venv_lib_python3_12_site-packages_PyQt6["PyQt6"]\n    node_venv_lib_python3_12_site-packages_PyQt6 --> node_venv_lib_python3_12_site-packages_PyQt6_Qt6["Qt6"]\n    node_venv_lib_python3_12_site-packages_PyQt6_Qt6 --> node_venv_lib_python3_12_site-packages_PyQt6_Qt6_qml["qml"]\n    node_venv_lib_python3_12_site-packages_PyQt6_Qt6_qml --> node_venv_lib_python3_12_site-packages_PyQt6_Qt6_qml_QtQuick["QtQuick"]\n    node_venv_lib_python3_12_site-packages_PyQt6_Qt6_qml_QtQuick --> node_venv_lib_python3_12_site-packages_PyQt6_Qt6_qml_QtQuick_Controls["Controls"]\n    node_venv_lib_python3_12_site-packages_PyQt6_Qt6_qml_QtQuick_Controls --> node_venv_lib_python3_12_site-packages_PyQt6_Qt6_qml_QtQuick_Controls_FluentWinUI3["FluentWinUI3"]\n    node_venv_lib_python3_12_site-packages_PyQt6_Qt6_qml_QtQuick_Controls_FluentWinUI3 --> node_venv_lib_python3_12_site-packages_PyQt6_Qt6_qml_QtQuick_Controls_FluentWinUI3_light["light"]\n    node_venv_lib_python3_12_site-packages_PyQt6_Qt6_qml_QtQuick_Controls_FluentWinUI3_light --> node_venv_lib_python3_12_site-packages_PyQt6_Qt6_qml_QtQuick_Controls_FluentWinUI3_light_images["images"]\n    node_venv_lib_python3_12_site-packages_PyQt6_Qt6_qml_QtQuick_Controls_FluentWinUI3_light_images --> node_venv_lib_python3_12_site-packages_PyQt6_Qt6_qml_QtQuick_Controls_FluentWinUI3_light_images_radiobutton-indicator@2x_png["radiobutton-indicator@2x.png"]\n    Root --> node_venv["venv"]\n    node_venv --> node_venv_lib["lib"]\n    node_venv_lib --> node_venv_lib_python3_12["python3.12"]\n    node_venv_lib_python3_12 --> node_venv_lib_python3_12_site-packages["site-packages"]\n    node_venv_lib_python3_12_site-packages --> node_venv_lib_python3_12_site-packages_PyQt6["PyQt6"]\n    node_venv_lib_python3_12_site-packages_PyQt6 --> node_venv_lib_python3_12_site-packages_PyQt6_Qt6["Qt6"]\n    node_venv_lib_python3_12_site-packages_PyQt6_Qt6 --> node_venv_lib_python3_12_site-packages_PyQt6_Qt6_qml["qml"]\n    node_venv_lib_python3_12_site-packages_PyQt6_Qt6_qml --> node_venv_lib_python3_12_site-packages_PyQt6_Qt6_qml_QtQuick["QtQuick"]\n    node_venv_lib_python3_12_site-packages_PyQt6_Qt6_qml_QtQuick --> node_venv_lib_python3_12_site-packages_PyQt6_Qt6_qml_QtQuick_Controls["Controls"]\n    node_venv_lib_python3_12_site-packages_PyQt6_Qt6_qml_QtQuick_Controls --> node_venv_lib_python3_12_site-packages_PyQt6_Qt6_qml_QtQuick_Controls_FluentWinUI3["FluentWinUI3"]\n    node_venv_lib_python3_12_site-packages_PyQt6_Qt6_qml_QtQuick_Controls_FluentWinUI3 --> node_venv_lib_python3_12_site-packages_PyQt6_Qt6_qml_QtQuick_Controls_FluentWinUI3_light["light"]\n    node_venv_lib_python3_12_site-packages_PyQt6_Qt6_qml_QtQuick_Controls_FluentWinUI3_light --> node_venv_lib_python3_12_site-packages_PyQt6_Qt6_qml_QtQuick_Controls_FluentWinUI3_light_images["images"]\n    node_venv_lib_python3_12_site-packages_PyQt6_Qt6_qml_QtQuick_Controls_FluentWinUI3_light_images --> node_venv_lib_python3_12_site-packages_PyQt6_Qt6_qml_QtQuick_Controls_FluentWinUI3_light_images_radiobutton-indicator@3x_png["radiobutton-indicator@3x.png"]\n    Root --> node_venv["venv"]\n    node_venv --> node_venv_lib["lib"]\n    node_venv_lib --> node_venv_lib_python3_12["python3.12"]\n    node_venv_lib_python3_12 --> node_venv_lib_python3_12_site-packages["site-packages"]\n    node_venv_lib_python3_12_site-packages --> node_venv_lib_python3_12_site-packages_PyQt6["PyQt6"]\n    node_venv_lib_python3_12_site-packages_PyQt6 --> node_venv_lib_python3_12_site-packages_PyQt6_Qt6["Qt6"]\n    node_venv_lib_python3_12_site-packages_PyQt6_Qt6 --> node_venv_lib_python3_12_site-packages_PyQt6_Qt6_qml["qml"]\n    node_venv_lib_python3_12_site-packages_PyQt6_Qt6_qml --> node_venv_lib_python3_12_site-packages_PyQt6_Qt6_qml_QtQuick["QtQuick"]\n    node_venv_lib_python3_12_site-packages_PyQt6_Qt6_qml_QtQuick --> node_venv_lib_python3_12_site-packages_PyQt6_Qt6_qml_QtQuick_Controls["Controls"]\n    node_venv_lib_python3_12_site-packages_PyQt6_Qt6_qml_QtQuick_Controls --> node_venv_lib_python3_12_site-packages_PyQt6_Qt6_qml_QtQuick_Controls_FluentWinUI3["FluentWinUI3"]\n    node_venv_lib_python3_12_site-packages_PyQt6_Qt6_qml_QtQuick_Controls_FluentWinUI3 --> node_venv_lib_python3_12_site-packages_PyQt6_Qt6_qml_QtQuick_Controls_FluentWinUI3_light["light"]\n    node_venv_lib_python3_12_site-packages_PyQt6_Qt6_qml_QtQuick_Controls_FluentWinUI3_light --> node_venv_lib_python3_12_site-packages_PyQt6_Qt6_qml_QtQuick_Controls_FluentWinUI3_light_images["images"]\n    node_venv_lib_python3_12_site-packages_PyQt6_Qt6_qml_QtQuick_Controls_FluentWinUI3_light_images --> node_venv_lib_python3_12_site-packages_PyQt6_Qt6_qml_QtQuick_Controls_FluentWinUI3_light_images_rangeslider-first-handle-disabled_png["rangeslider-first-handle-disabled.png"]\n    Root --> node_venv["venv"]\n    node_venv --> node_venv_lib["lib"]\n    node_venv_lib --> node_venv_lib_python3_12["python3.12"]\n    node_venv_lib_python3_12 --> node_venv_lib_python3_12_site-packages["site-packages"]\n    node_venv_lib_python3_12_site-packages --> node_venv_lib_python3_12_site-packages_PyQt6["PyQt6"]\n    node_venv_lib_python3_12_site-packages_PyQt6 --> node_venv_lib_python3_12_site-packages_PyQt6_Qt6["Qt6"]\n    node_venv_lib_python3_12_site-packages_PyQt6_Qt6 --> node_venv_lib_python3_12_site-packages_PyQt6_Qt6_qml["qml"]\n    node_venv_lib_python3_12_site-packages_PyQt6_Qt6_qml --> node_venv_lib_python3_12_site-packages_PyQt6_Qt6_qml_QtQuick["QtQuick"]\n    node_venv_lib_python3_12_site-packages_PyQt6_Qt6_qml_QtQuick --> node_venv_lib_python3_12_site-packages_PyQt6_Qt6_qml_QtQuick_Controls["Controls"]\n    node_venv_lib_python3_12_site-packages_PyQt6_Qt6_qml_QtQuick_Controls --> node_venv_lib_python3_12_site-packages_PyQt6_Qt6_qml_QtQuick_Controls_FluentWinUI3["FluentWinUI3"]\n    node_venv_lib_python3_12_site-packages_PyQt6_Qt6_qml_QtQuick_Controls_FluentWinUI3 --> node_venv_lib_python3_12_site-packages_PyQt6_Qt6_qml_QtQuick_Controls_FluentWinUI3_light["light"]\n    node_venv_lib_python3_12_site-packages_PyQt6_Qt6_qml_QtQuick_Controls_FluentWinUI3_light --> node_venv_lib_python3_12_site-packages_PyQt6_Qt6_qml_QtQuick_Controls_FluentWinUI3_light_images["images"]\n    node_venv_lib_python3_12_site-packages_PyQt6_Qt6_qml_QtQuick_Controls_FluentWinUI3_light_images --> node_venv_lib_python3_12_site-packages_PyQt6_Qt6_qml_QtQuick_Controls_FluentWinUI3_light_images_rangeslider-first-handle-disabled@2x_png["rangeslider-first-handle-disabled@2x.png"]\n    Root --> node_venv["venv"]\n    node_venv --> node_venv_lib["lib"]\n    node_venv_lib --> node_venv_lib_python3_12["python3.12"]\n    node_venv_lib_python3_12 --> node_venv_lib_python3_12_site-packages["site-packages"]\n    node_venv_lib_python3_12_site-packages --> node_venv_lib_python3_12_site-packages_PyQt6["PyQt6"]\n    node_venv_lib_python3_12_site-packages_PyQt6 --> node_venv_lib_python3_12_site-packages_PyQt6_Qt6["Qt6"]\n    node_venv_lib_python3_12_site-packages_PyQt6_Qt6 --> node_venv_lib_python3_12_site-packages_PyQt6_Qt6_qml["qml"]\n    node_venv_lib_python3_12_site-packages_PyQt6_Qt6_qml --> node_venv_lib_python3_12_site-packages_PyQt6_Qt6_qml_QtQuick["QtQuick"]\n    node_venv_lib_python3_12_site-packages_PyQt6_Qt6_qml_QtQuick --> node_venv_lib_python3_12_site-packages_PyQt6_Qt6_qml_QtQuick_Controls["Controls"]\n    node_venv_lib_python3_12_site-packages_PyQt6_Qt6_qml_QtQuick_Controls --> node_venv_lib_python3_12_site-packages_PyQt6_Qt6_qml_QtQuick_Controls_FluentWinUI3["FluentWinUI3"]\n    node_venv_lib_python3_12_site-packages_PyQt6_Qt6_qml_QtQuick_Controls_FluentWinUI3 --> node_venv_lib_python3_12_site-packages_PyQt6_Qt6_qml_QtQuick_Controls_FluentWinUI3_light["light"]\n    node_venv_lib_python3_12_site-packages_PyQt6_Qt6_qml_QtQuick_Controls_FluentWinUI3_light --> node_venv_lib_python3_12_site-packages_PyQt6_Qt6_qml_QtQuick_Controls_FluentWinUI3_light_images["images"]\n    node_venv_lib_python3_12_site-packages_PyQt6_Qt6_qml_QtQuick_Controls_FluentWinUI3_light_images --> node_venv_lib_python3_12_site-packages_PyQt6_Qt6_qml_QtQuick_Controls_FluentWinUI3_light_images_rangeslider-first-handle-disabled@3x_png["rangeslider-first-handle-disabled@3x.png"]\n    Root --> node_venv["venv"]\n    node_venv --> node_venv_lib["lib"]\n    node_venv_lib --> node_venv_lib_python3_12["python3.12"]\n    node_venv_lib_python3_12 --> node_venv_lib_python3_12_site-packages["site-packages"]\n    node_venv_lib_python3_12_site-packages --> node_venv_lib_python3_12_site-packages_PyQt6["PyQt6"]\n    node_venv_lib_python3_12_site-packages_PyQt6 --> node_venv_lib_python3_12_site-packages_PyQt6_Qt6["Qt6"]\n    node_venv_lib_python3_12_site-packages_PyQt6_Qt6 --> node_venv_lib_python3_12_site-packages_PyQt6_Qt6_qml["qml"]\n    node_venv_lib_python3_12_site-packages_PyQt6_Qt6_qml --> node_venv_lib_python3_12_site-packages_PyQt6_Qt6_qml_QtQuick["QtQuick"]\n    node_venv_lib_python3_12_site-packages_PyQt6_Qt6_qml_QtQuick --> node_venv_lib_python3_12_site-packages_PyQt6_Qt6_qml_QtQuick_Controls["Controls"]\n    node_venv_lib_python3_12_site-packages_PyQt6_Qt6_qml_QtQuick_Controls --> node_venv_lib_python3_12_site-packages_PyQt6_Qt6_qml_QtQuick_Controls_FluentWinUI3["FluentWinUI3"]\n    node_venv_lib_python3_12_site-packages_PyQt6_Qt6_qml_QtQuick_Controls_FluentWinUI3 --> node_venv_lib_python3_12_site-packages_PyQt6_Qt6_qml_QtQuick_Controls_FluentWinUI3_light["light"]\n    node_venv_lib_python3_12_site-packages_PyQt6_Qt6_qml_QtQuick_Controls_FluentWinUI3_light --> node_venv_lib_python3_12_site-packages_PyQt6_Qt6_qml_QtQuick_Controls_FluentWinUI3_light_images["images"]\n    node_venv_lib_python3_12_site-packages_PyQt6_Qt6_qml_QtQuick_Controls_FluentWinUI3_light_images --> node_venv_lib_python3_12_site-packages_PyQt6_Qt6_qml_QtQuick_Controls_FluentWinUI3_light_images_rangeslider-first-handle-handle-pressed_png["rangeslider-first-handle-handle-pressed.png"]\n    Root --> node_venv["venv"]\n    node_venv --> node_venv_lib["lib"]\n    node_venv_lib --> node_venv_lib_python3_12["python3.12"]\n    node_venv_lib_python3_12 --> node_venv_lib_python3_12_site-packages["site-packages"]\n    node_venv_lib_python3_12_site-packages --> node_venv_lib_python3_12_site-packages_PyQt6["PyQt6"]\n    node_venv_lib_python3_12_site-packages_PyQt6 --> node_venv_lib_python3_12_site-packages_PyQt6_Qt6["Qt6"]\n    node_venv_lib_python3_12_site-packages_PyQt6_Qt6 --> node_venv_lib_python3_12_site-packages_PyQt6_Qt6_qml["qml"]\n    node_venv_lib_python3_12_site-packages_PyQt6_Qt6_qml --> node_venv_lib_python3_12_site-packages_PyQt6_Qt6_qml_QtQuick["QtQuick"]\n    node_venv_lib_python3_12_site-packages_PyQt6_Qt6_qml_QtQuick --> node_venv_lib_python3_12_site-packages_PyQt6_Qt6_qml_QtQuick_Controls["Controls"]\n    node_venv_lib_python3_12_site-packages_PyQt6_Qt6_qml_QtQuick_Controls --> node_venv_lib_python3_12_site-packages_PyQt6_Qt6_qml_QtQuick_Controls_FluentWinUI3["FluentWinUI3"]\n    node_venv_lib_python3_12_site-packages_PyQt6_Qt6_qml_QtQuick_Controls_FluentWinUI3 --> node_venv_lib_python3_12_site-packages_PyQt6_Qt6_qml_QtQuick_Controls_FluentWinUI3_light["light"]\n    node_venv_lib_python3_12_site-packages_PyQt6_Qt6_qml_QtQuick_Controls_FluentWinUI3_light --> node_venv_lib_python3_12_site-packages_PyQt6_Qt6_qml_QtQuick_Controls_FluentWinUI3_light_images["images"]\n    node_venv_lib_python3_12_site-packages_PyQt6_Qt6_qml_QtQuick_Controls_FluentWinUI3_light_images --> node_venv_lib_python3_12_site-packages_PyQt6_Qt6_qml_QtQuick_Controls_FluentWinUI3_light_images_rangeslider-first-handle-handle-pressed@2x_png["rangeslider-first-handle-handle-pressed@2x.png"]\n    Root --> node_venv["venv"]\n    node_venv --> node_venv_lib["lib"]\n    node_venv_lib --> node_venv_lib_python3_12["python3.12"]\n    node_venv_lib_python3_12 --> node_venv_lib_python3_12_site-packages["site-packages"]\n    node_venv_lib_python3_12_site-packages --> node_venv_lib_python3_12_site-packages_PyQt6["PyQt6"]\n    node_venv_lib_python3_12_site-packages_PyQt6 --> node_venv_lib_python3_12_site-packages_PyQt6_Qt6["Qt6"]\n    node_venv_lib_python3_12_site-packages_PyQt6_Qt6 --> node_venv_lib_python3_12_site-packages_PyQt6_Qt6_qml["qml"]\n    node_venv_lib_python3_12_site-packages_PyQt6_Qt6_qml --> node_venv_lib_python3_12_site-packages_PyQt6_Qt6_qml_QtQuick["QtQuick"]\n    node_venv_lib_python3_12_site-packages_PyQt6_Qt6_qml_QtQuick --> node_venv_lib_python3_12_site-packages_PyQt6_Qt6_qml_QtQuick_Controls["Controls"]\n    node_venv_lib_python3_12_site-packages_PyQt6_Qt6_qml_QtQuick_Controls --> node_venv_lib_python3_12_site-packages_PyQt6_Qt6_qml_QtQuick_Controls_FluentWinUI3["FluentWinUI3"]\n    node_venv_lib_python3_12_site-packages_PyQt6_Qt6_qml_QtQuick_Controls_FluentWinUI3 --> node_venv_lib_python3_12_site-packages_PyQt6_Qt6_qml_QtQuick_Controls_FluentWinUI3_light["light"]\n    node_venv_lib_python3_12_site-packages_PyQt6_Qt6_qml_QtQuick_Controls_FluentWinUI3_light --> node_venv_lib_python3_12_site-packages_PyQt6_Qt6_qml_QtQuick_Controls_FluentWinUI3_light_images["images"]\n    node_venv_lib_python3_12_site-packages_PyQt6_Qt6_qml_QtQuick_Controls_FluentWinUI3_light_images --> node_venv_lib_python3_12_site-packages_PyQt6_Qt6_qml_QtQuick_Controls_FluentWinUI3_light_images_rangeslider-first-handle-handle-pressed@3x_png["rangeslider-first-handle-handle-pressed@3x.png"]\n    Root --> node_venv["venv"]\n    node_venv --> node_venv_lib["lib"]\n    node_venv_lib --> node_venv_lib_python3_12["python3.12"]\n    node_venv_lib_python3_12 --> node_venv_lib_python3_12_site-packages["site-packages"]\n    node_venv_lib_python3_12_site-packages --> node_venv_lib_python3_12_site-packages_PyQt6["PyQt6"]\n    node_venv_lib_python3_12_site-packages_PyQt6 --> node_venv_lib_python3_12_site-packages_PyQt6_Qt6["Qt6"]\n    node_venv_lib_python3_12_site-packages_PyQt6_Qt6 --> node_venv_lib_python3_12_site-packages_PyQt6_Qt6_qml["qml"]\n    node_venv_lib_python3_12_site-packages_PyQt6_Qt6_qml --> node_venv_lib_python3_12_site-packages_PyQt6_Qt6_qml_QtQuick["QtQuick"]\n    node_venv_lib_python3_12_site-packages_PyQt6_Qt6_qml_QtQuick --> node_venv_lib_python3_12_site-packages_PyQt6_Qt6_qml_QtQuick_Controls["Controls"]\n    node_venv_lib_python3_12_site-packages_PyQt6_Qt6_qml_QtQuick_Controls --> node_venv_lib_python3_12_site-packages_PyQt6_Qt6_qml_QtQuick_Controls_FluentWinUI3["FluentWinUI3"]\n    node_venv_lib_python3_12_site-packages_PyQt6_Qt6_qml_QtQuick_Controls_FluentWinUI3 --> node_venv_lib_python3_12_site-packages_PyQt6_Qt6_qml_QtQuick_Controls_FluentWinUI3_light["light"]\n    node_venv_lib_python3_12_site-packages_PyQt6_Qt6_qml_QtQuick_Controls_FluentWinUI3_light --> node_venv_lib_python3_12_site-packages_PyQt6_Qt6_qml_QtQuick_Controls_FluentWinUI3_light_images["images"]\n    node_venv_lib_python3_12_site-packages_PyQt6_Qt6_qml_QtQuick_Controls_FluentWinUI3_light_images --> node_venv_lib_python3_12_site-packages_PyQt6_Qt6_qml_QtQuick_Controls_FluentWinUI3_light_images_rangeslider-first-handle-hovered_png["rangeslider-first-handle-hovered.png"]\n    Root --> node_venv["venv"]\n    node_venv --> node_venv_lib["lib"]\n    node_venv_lib --> node_venv_lib_python3_12["python3.12"]\n    node_venv_lib_python3_12 --> node_venv_lib_python3_12_site-packages["site-packages"]\n    node_venv_lib_python3_12_site-packages --> node_venv_lib_python3_12_site-packages_PyQt6["PyQt6"]\n    node_venv_lib_python3_12_site-packages_PyQt6 --> node_venv_lib_python3_12_site-packages_PyQt6_Qt6["Qt6"]\n    node_venv_lib_python3_12_site-packages_PyQt6_Qt6 --> node_venv_lib_python3_12_site-packages_PyQt6_Qt6_qml["qml"]\n    node_venv_lib_python3_12_site-packages_PyQt6_Qt6_qml --> node_venv_lib_python3_12_site-packages_PyQt6_Qt6_qml_QtQuick["QtQuick"]\n    node_venv_lib_python3_12_site-packages_PyQt6_Qt6_qml_QtQuick --> node_venv_lib_python3_12_site-packages_PyQt6_Qt6_qml_QtQuick_Controls["Controls"]\n    node_venv_lib_python3_12_site-packages_PyQt6_Qt6_qml_QtQuick_Controls --> node_venv_lib_python3_12_site-packages_PyQt6_Qt6_qml_QtQuick_Controls_FluentWinUI3["FluentWinUI3"]\n    node_venv_lib_python3_12_site-packages_PyQt6_Qt6_qml_QtQuick_Controls_FluentWinUI3 --> node_venv_lib_python3_12_site-packages_PyQt6_Qt6_qml_QtQuick_Controls_FluentWinUI3_light["light"]\n    node_venv_lib_python3_12_site-packages_PyQt6_Qt6_qml_QtQuick_Controls_FluentWinUI3_light --> node_venv_lib_python3_12_site-packages_PyQt6_Qt6_qml_QtQuick_Controls_FluentWinUI3_light_images["images"]\n    node_venv_lib_python3_12_site-packages_PyQt6_Qt6_qml_QtQuick_Controls_FluentWinUI3_light_images --> node_venv_lib_python3_12_site-packages_PyQt6_Qt6_qml_QtQuick_Controls_FluentWinUI3_light_images_rangeslider-first-handle-hovered@2x_png["rangeslider-first-handle-hovered@2x.png"]\n    Root --> node_venv["venv"]\n    node_venv --> node_venv_lib["lib"]\n    node_venv_lib --> node_venv_lib_python3_12["python3.12"]\n    node_venv_lib_python3_12 --> node_venv_lib_python3_12_site-packages["site-packages"]\n    node_venv_lib_python3_12_site-packages --> node_venv_lib_python3_12_site-packages_PyQt6["PyQt6"]\n    node_venv_lib_python3_12_site-packages_PyQt6 --> node_venv_lib_python3_12_site-packages_PyQt6_Qt6["Qt6"]\n    node_venv_lib_python3_12_site-packages_PyQt6_Qt6 --> node_venv_lib_python3_12_site-packages_PyQt6_Qt6_qml["qml"]\n    node_venv_lib_python3_12_site-packages_PyQt6_Qt6_qml --> node_venv_lib_python3_12_site-packages_PyQt6_Qt6_qml_QtQuick["QtQuick"]\n    node_venv_lib_python3_12_site-packages_PyQt6_Qt6_qml_QtQuick --> node_venv_lib_python3_12_site-packages_PyQt6_Qt6_qml_QtQuick_Controls["Controls"]\n    node_venv_lib_python3_12_site-packages_PyQt6_Qt6_qml_QtQuick_Controls --> node_venv_lib_python3_12_site-packages_PyQt6_Qt6_qml_QtQuick_Controls_FluentWinUI3["FluentWinUI3"]\n    node_venv_lib_python3_12_site-packages_PyQt6_Qt6_qml_QtQuick_Controls_FluentWinUI3 --> node_venv_lib_python3_12_site-packages_PyQt6_Qt6_qml_QtQuick_Controls_FluentWinUI3_light["light"]\n    node_venv_lib_python3_12_site-packages_PyQt6_Qt6_qml_QtQuick_Controls_FluentWinUI3_light --> node_venv_lib_python3_12_site-packages_PyQt6_Qt6_qml_QtQuick_Controls_FluentWinUI3_light_images["images"]\n    node_venv_lib_python3_12_site-packages_PyQt6_Qt6_qml_QtQuick_Controls_FluentWinUI3_light_images --> node_venv_lib_python3_12_site-packages_PyQt6_Qt6_qml_QtQuick_Controls_FluentWinUI3_light_images_rangeslider-first-handle-hovered@3x_png["rangeslider-first-handle-hovered@3x.png"]\n    Root --> node_venv["venv"]\n    node_venv --> node_venv_lib["lib"]\n    node_venv_lib --> node_venv_lib_python3_12["python3.12"]\n    node_venv_lib_python3_12 --> node_venv_lib_python3_12_site-packages["site-packages"]\n    node_venv_lib_python3_12_site-packages --> node_venv_lib_python3_12_site-packages_PyQt6["PyQt6"]\n    node_venv_lib_python3_12_site-packages_PyQt6 --> node_venv_lib_python3_12_site-packages_PyQt6_Qt6["Qt6"]\n    node_venv_lib_python3_12_site-packages_PyQt6_Qt6 --> node_venv_lib_python3_12_site-packages_PyQt6_Qt6_qml["qml"]\n    node_venv_lib_python3_12_site-packages_PyQt6_Qt6_qml --> node_venv_lib_python3_12_site-packages_PyQt6_Qt6_qml_QtQuick["QtQuick"]\n    node_venv_lib_python3_12_site-packages_PyQt6_Qt6_qml_QtQuick --> node_venv_lib_python3_12_site-packages_PyQt6_Qt6_qml_QtQuick_Controls["Controls"]\n    node_venv_lib_python3_12_site-packages_PyQt6_Qt6_qml_QtQuick_Controls --> node_venv_lib_python3_12_site-packages_PyQt6_Qt6_qml_QtQuick_Controls_FluentWinUI3["FluentWinUI3"]\n    node_venv_lib_python3_12_site-packages_PyQt6_Qt6_qml_QtQuick_Controls_FluentWinUI3 --> node_venv_lib_python3_12_site-packages_PyQt6_Qt6_qml_QtQuick_Controls_FluentWinUI3_light["light"]\n    node_venv_lib_python3_12_site-packages_PyQt6_Qt6_qml_QtQuick_Controls_FluentWinUI3_light --> node_venv_lib_python3_12_site-packages_PyQt6_Qt6_qml_QtQuick_Controls_FluentWinUI3_light_images["images"]\n    node_venv_lib_python3_12_site-packages_PyQt6_Qt6_qml_QtQuick_Controls_FluentWinUI3_light_images --> node_venv_lib_python3_12_site-packages_PyQt6_Qt6_qml_QtQuick_Controls_FluentWinUI3_light_images_rangeslider-first-handle_png["rangeslider-first-handle.png"]\n    Root --> node_venv["venv"]\n    node_venv --> node_venv_lib["lib"]\n    node_venv_lib --> node_venv_lib_python3_12["python3.12"]\n    node_venv_lib_python3_12 --> node_venv_lib_python3_12_site-packages["site-packages"]\n    node_venv_lib_python3_12_site-packages --> node_venv_lib_python3_12_site-packages_PyQt6["PyQt6"]\n    node_venv_lib_python3_12_site-packages_PyQt6 --> node_venv_lib_python3_12_site-packages_PyQt6_Qt6["Qt6"]\n    node_venv_lib_python3_12_site-packages_PyQt6_Qt6 --> node_venv_lib_python3_12_site-packages_PyQt6_Qt6_qml["qml"]\n    node_venv_lib_python3_12_site-packages_PyQt6_Qt6_qml --> node_venv_lib_python3_12_site-packages_PyQt6_Qt6_qml_QtQuick["QtQuick"]\n    node_venv_lib_python3_12_site-packages_PyQt6_Qt6_qml_QtQuick --> node_venv_lib_python3_12_site-packages_PyQt6_Qt6_qml_QtQuick_Controls["Controls"]\n    node_venv_lib_python3_12_site-packages_PyQt6_Qt6_qml_QtQuick_Controls --> node_venv_lib_python3_12_site-packages_PyQt6_Qt6_qml_QtQuick_Controls_FluentWinUI3["FluentWinUI3"]\n    node_venv_lib_python3_12_site-packages_PyQt6_Qt6_qml_QtQuick_Controls_FluentWinUI3 --> node_venv_lib_python3_12_site-packages_PyQt6_Qt6_qml_QtQuick_Controls_FluentWinUI3_light["light"]\n    node_venv_lib_python3_12_site-packages_PyQt6_Qt6_qml_QtQuick_Controls_FluentWinUI3_light --> node_venv_lib_python3_12_site-packages_PyQt6_Qt6_qml_QtQuick_Controls_FluentWinUI3_light_images["images"]\n    node_venv_lib_python3_12_site-packages_PyQt6_Qt6_qml_QtQuick_Controls_FluentWinUI3_light_images --> node_venv_lib_python3_12_site-packages_PyQt6_Qt6_qml_QtQuick_Controls_FluentWinUI3_light_images_rangeslider-first-handle@2x_png["rangeslider-first-handle@2x.png"]\n    Root --> node_venv["venv"]\n    node_venv --> node_venv_lib["lib"]\n    node_venv_lib --> node_venv_lib_python3_12["python3.12"]\n    node_venv_lib_python3_12 --> node_venv_lib_python3_12_site-packages["site-packages"]\n    node_venv_lib_python3_12_site-packages --> node_venv_lib_python3_12_site-packages_PyQt6["PyQt6"]\n    node_venv_lib_python3_12_site-packages_PyQt6 --> node_venv_lib_python3_12_site-packages_PyQt6_Qt6["Qt6"]\n    node_venv_lib_python3_12_site-packages_PyQt6_Qt6 --> node_venv_lib_python3_12_site-packages_PyQt6_Qt6_qml["qml"]\n    node_venv_lib_python3_12_site-packages_PyQt6_Qt6_qml --> node_venv_lib_python3_12_site-packages_PyQt6_Qt6_qml_QtQuick["QtQuick"]\n    node_venv_lib_python3_12_site-packages_PyQt6_Qt6_qml_QtQuick --> node_venv_lib_python3_12_site-packages_PyQt6_Qt6_qml_QtQuick_Controls["Controls"]\n    node_venv_lib_python3_12_site-packages_PyQt6_Qt6_qml_QtQuick_Controls --> node_venv_lib_python3_12_site-packages_PyQt6_Qt6_qml_QtQuick_Controls_FluentWinUI3["FluentWinUI3"]\n    node_venv_lib_python3_12_site-packages_PyQt6_Qt6_qml_QtQuick_Controls_FluentWinUI3 --> node_venv_lib_python3_12_site-packages_PyQt6_Qt6_qml_QtQuick_Controls_FluentWinUI3_light["light"]\n    node_venv_lib_python3_12_site-packages_PyQt6_Qt6_qml_QtQuick_Controls_FluentWinUI3_light --> node_venv_lib_python3_12_site-packages_PyQt6_Qt6_qml_QtQuick_Controls_FluentWinUI3_light_images["images"]\n    node_venv_lib_python3_12_site-packages_PyQt6_Qt6_qml_QtQuick_Controls_FluentWinUI3_light_images --> node_venv_lib_python3_12_site-packages_PyQt6_Qt6_qml_QtQuick_Controls_FluentWinUI3_light_images_rangeslider-first-handle@3x_png["rangeslider-first-handle@3x.png"]\n    Root --> node_venv["venv"]\n    node_venv --> node_venv_lib["lib"]\n    node_venv_lib --> node_venv_lib_python3_12["python3.12"]\n    node_venv_lib_python3_12 --> node_venv_lib_python3_12_site-packages["site-packages"]\n    node_venv_lib_python3_12_site-packages --> node_venv_lib_python3_12_site-packages_PyQt6["PyQt6"]\n    node_venv_lib_python3_12_site-packages_PyQt6 --> node_venv_lib_python3_12_site-packages_PyQt6_Qt6["Qt6"]\n    node_venv_lib_python3_12_site-packages_PyQt6_Qt6 --> node_venv_lib_python3_12_site-packages_PyQt6_Qt6_qml["qml"]\n    node_venv_lib_python3_12_site-packages_PyQt6_Qt6_qml --> node_venv_lib_python3_12_site-packages_PyQt6_Qt6_qml_QtQuick["QtQuick"]\n    node_venv_lib_python3_12_site-packages_PyQt6_Qt6_qml_QtQuick --> node_venv_lib_python3_12_site-packages_PyQt6_Qt6_qml_QtQuick_Controls["Controls"]\n    node_venv_lib_python3_12_site-packages_PyQt6_Qt6_qml_QtQuick_Controls --> node_venv_lib_python3_12_site-packages_PyQt6_Qt6_qml_QtQuick_Controls_FluentWinUI3["FluentWinUI3"]\n    node_venv_lib_python3_12_site-packages_PyQt6_Qt6_qml_QtQuick_Controls_FluentWinUI3 --> node_venv_lib_python3_12_site-packages_PyQt6_Qt6_qml_QtQuick_Controls_FluentWinUI3_light["light"]\n    node_venv_lib_python3_12_site-packages_PyQt6_Qt6_qml_QtQuick_Controls_FluentWinUI3_light --> node_venv_lib_python3_12_site-packages_PyQt6_Qt6_qml_QtQuick_Controls_FluentWinUI3_light_images["images"]\n    node_venv_lib_python3_12_site-packages_PyQt6_Qt6_qml_QtQuick_Controls_FluentWinUI3_light_images --> node_venv_lib_python3_12_site-packages_PyQt6_Qt6_qml_QtQuick_Controls_FluentWinUI3_light_images_rangeslider-groove-disabled_png["rangeslider-groove-disabled.png"]\n    Root --> node_venv["venv"]\n    node_venv --> node_venv_lib["lib"]\n    node_venv_lib --> node_venv_lib_python3_12["python3.12"]\n    node_venv_lib_python3_12 --> node_venv_lib_python3_12_site-packages["site-packages"]\n    node_venv_lib_python3_12_site-packages --> node_venv_lib_python3_12_site-packages_PyQt6["PyQt6"]\n    node_venv_lib_python3_12_site-packages_PyQt6 --> node_venv_lib_python3_12_site-packages_PyQt6_Qt6["Qt6"]\n    node_venv_lib_python3_12_site-packages_PyQt6_Qt6 --> node_venv_lib_python3_12_site-packages_PyQt6_Qt6_qml["qml"]\n    node_venv_lib_python3_12_site-packages_PyQt6_Qt6_qml --> node_venv_lib_python3_12_site-packages_PyQt6_Qt6_qml_QtQuick["QtQuick"]\n    node_venv_lib_python3_12_site-packages_PyQt6_Qt6_qml_QtQuick --> node_venv_lib_python3_12_site-packages_PyQt6_Qt6_qml_QtQuick_Controls["Controls"]\n    node_venv_lib_python3_12_site-packages_PyQt6_Qt6_qml_QtQuick_Controls --> node_venv_lib_python3_12_site-packages_PyQt6_Qt6_qml_QtQuick_Controls_FluentWinUI3["FluentWinUI3"]\n    node_venv_lib_python3_12_site-packages_PyQt6_Qt6_qml_QtQuick_Controls_FluentWinUI3 --> node_venv_lib_python3_12_site-packages_PyQt6_Qt6_qml_QtQuick_Controls_FluentWinUI3_light["light"]\n    node_venv_lib_python3_12_site-packages_PyQt6_Qt6_qml_QtQuick_Controls_FluentWinUI3_light --> node_venv_lib_python3_12_site-packages_PyQt6_Qt6_qml_QtQuick_Controls_FluentWinUI3_light_images["images"]\n    node_venv_lib_python3_12_site-packages_PyQt6_Qt6_qml_QtQuick_Controls_FluentWinUI3_light_images --> node_venv_lib_python3_12_site-packages_PyQt6_Qt6_qml_QtQuick_Controls_FluentWinUI3_light_images_rangeslider-groove-disabled@2x_png["rangeslider-groove-disabled@2x.png"]\n    Root --> node_venv["venv"]\n    node_venv --> node_venv_lib["lib"]\n    node_venv_lib --> node_venv_lib_python3_12["python3.12"]\n    node_venv_lib_python3_12 --> node_venv_lib_python3_12_site-packages["site-packages"]\n    node_venv_lib_python3_12_site-packages --> node_venv_lib_python3_12_site-packages_PyQt6["PyQt6"]\n    node_venv_lib_python3_12_site-packages_PyQt6 --> node_venv_lib_python3_12_site-packages_PyQt6_Qt6["Qt6"]\n    node_venv_lib_python3_12_site-packages_PyQt6_Qt6 --> node_venv_lib_python3_12_site-packages_PyQt6_Qt6_qml["qml"]\n    node_venv_lib_python3_12_site-packages_PyQt6_Qt6_qml --> node_venv_lib_python3_12_site-packages_PyQt6_Qt6_qml_QtQuick["QtQuick"]\n    node_venv_lib_python3_12_site-packages_PyQt6_Qt6_qml_QtQuick --> node_venv_lib_python3_12_site-packages_PyQt6_Qt6_qml_QtQuick_Controls["Controls"]\n    node_venv_lib_python3_12_site-packages_PyQt6_Qt6_qml_QtQuick_Controls --> node_venv_lib_python3_12_site-packages_PyQt6_Qt6_qml_QtQuick_Controls_FluentWinUI3["FluentWinUI3"]\n    node_venv_lib_python3_12_site-packages_PyQt6_Qt6_qml_QtQuick_Controls_FluentWinUI3 --> node_venv_lib_python3_12_site-packages_PyQt6_Qt6_qml_QtQuick_Controls_FluentWinUI3_light["light"]\n    node_venv_lib_python3_12_site-packages_PyQt6_Qt6_qml_QtQuick_Controls_FluentWinUI3_light --> node_venv_lib_python3_12_site-packages_PyQt6_Qt6_qml_QtQuick_Controls_FluentWinUI3_light_images["images"]\n    node_venv_lib_python3_12_site-packages_PyQt6_Qt6_qml_QtQuick_Controls_FluentWinUI3_light_images --> node_venv_lib_python3_12_site-packages_PyQt6_Qt6_qml_QtQuick_Controls_FluentWinUI3_light_images_rangeslider-groove-disabled@3x_png["rangeslider-groove-disabled@3x.png"]\n    Root --> node_venv["venv"]\n    node_venv --> node_venv_lib["lib"]\n    node_venv_lib --> node_venv_lib_python3_12["python3.12"]\n    node_venv_lib_python3_12 --> node_venv_lib_python3_12_site-packages["site-packages"]\n    node_venv_lib_python3_12_site-packages --> node_venv_lib_python3_12_site-packages_PyQt6["PyQt6"]\n    node_venv_lib_python3_12_site-packages_PyQt6 --> node_venv_lib_python3_12_site-packages_PyQt6_Qt6["Qt6"]\n    node_venv_lib_python3_12_site-packages_PyQt6_Qt6 --> node_venv_lib_python3_12_site-packages_PyQt6_Qt6_qml["qml"]\n    node_venv_lib_python3_12_site-packages_PyQt6_Qt6_qml --> node_venv_lib_python3_12_site-packages_PyQt6_Qt6_qml_QtQuick["QtQuick"]\n    node_venv_lib_python3_12_site-packages_PyQt6_Qt6_qml_QtQuick --> node_venv_lib_python3_12_site-packages_PyQt6_Qt6_qml_QtQuick_Controls["Controls"]\n    node_venv_lib_python3_12_site-packages_PyQt6_Qt6_qml_QtQuick_Controls --> node_venv_lib_python3_12_site-packages_PyQt6_Qt6_qml_QtQuick_Controls_FluentWinUI3["FluentWinUI3"]\n    node_venv_lib_python3_12_site-packages_PyQt6_Qt6_qml_QtQuick_Controls_FluentWinUI3 --> node_venv_lib_python3_12_site-packages_PyQt6_Qt6_qml_QtQuick_Controls_FluentWinUI3_light["light"]\n    node_venv_lib_python3_12_site-packages_PyQt6_Qt6_qml_QtQuick_Controls_FluentWinUI3_light --> node_venv_lib_python3_12_site-packages_PyQt6_Qt6_qml_QtQuick_Controls_FluentWinUI3_light_images["images"]\n    node_venv_lib_python3_12_site-packages_PyQt6_Qt6_qml_QtQuick_Controls_FluentWinUI3_light_images --> node_venv_lib_python3_12_site-packages_PyQt6_Qt6_qml_QtQuick_Controls_FluentWinUI3_light_images_rangeslider-groove-handle-pressed_png["rangeslider-groove-handle-pressed.png"]\n    Root --> node_venv["venv"]\n    node_venv --> node_venv_lib["lib"]\n    node_venv_lib --> node_venv_lib_python3_12["python3.12"]\n    node_venv_lib_python3_12 --> node_venv_lib_python3_12_site-packages["site-packages"]\n    node_venv_lib_python3_12_site-packages --> node_venv_lib_python3_12_site-packages_PyQt6["PyQt6"]\n    node_venv_lib_python3_12_site-packages_PyQt6 --> node_venv_lib_python3_12_site-packages_PyQt6_Qt6["Qt6"]\n    node_venv_lib_python3_12_site-packages_PyQt6_Qt6 --> node_venv_lib_python3_12_site-packages_PyQt6_Qt6_qml["qml"]\n    node_venv_lib_python3_12_site-packages_PyQt6_Qt6_qml --> node_venv_lib_python3_12_site-packages_PyQt6_Qt6_qml_QtQuick["QtQuick"]\n    node_venv_lib_python3_12_site-packages_PyQt6_Qt6_qml_QtQuick --> node_venv_lib_python3_12_site-packages_PyQt6_Qt6_qml_QtQuick_Controls["Controls"]\n    node_venv_lib_python3_12_site-packages_PyQt6_Qt6_qml_QtQuick_Controls --> node_venv_lib_python3_12_site-packages_PyQt6_Qt6_qml_QtQuick_Controls_FluentWinUI3["FluentWinUI3"]\n    node_venv_lib_python3_12_site-packages_PyQt6_Qt6_qml_QtQuick_Controls_FluentWinUI3 --> node_venv_lib_python3_12_site-packages_PyQt6_Qt6_qml_QtQuick_Controls_FluentWinUI3_light["light"]\n    node_venv_lib_python3_12_site-packages_PyQt6_Qt6_qml_QtQuick_Controls_FluentWinUI3_light --> node_venv_lib_python3_12_site-packages_PyQt6_Qt6_qml_QtQuick_Controls_FluentWinUI3_light_images["images"]\n    node_venv_lib_python3_12_site-packages_PyQt6_Qt6_qml_QtQuick_Controls_FluentWinUI3_light_images --> node_venv_lib_python3_12_site-packages_PyQt6_Qt6_qml_QtQuick_Controls_FluentWinUI3_light_images_rangeslider-groove-handle-pressed@2x_png["rangeslider-groove-handle-pressed@2x.png"]\n    Root --> node_venv["venv"]\n    node_venv --> node_venv_lib["lib"]\n    node_venv_lib --> node_venv_lib_python3_12["python3.12"]\n    node_venv_lib_python3_12 --> node_venv_lib_python3_12_site-packages["site-packages"]\n    node_venv_lib_python3_12_site-packages --> node_venv_lib_python3_12_site-packages_PyQt6["PyQt6"]\n    node_venv_lib_python3_12_site-packages_PyQt6 --> node_venv_lib_python3_12_site-packages_PyQt6_Qt6["Qt6"]\n    node_venv_lib_python3_12_site-packages_PyQt6_Qt6 --> node_venv_lib_python3_12_site-packages_PyQt6_Qt6_qml["qml"]\n    node_venv_lib_python3_12_site-packages_PyQt6_Qt6_qml --> node_venv_lib_python3_12_site-packages_PyQt6_Qt6_qml_QtQuick["QtQuick"]\n    node_venv_lib_python3_12_site-packages_PyQt6_Qt6_qml_QtQuick --> node_venv_lib_python3_12_site-packages_PyQt6_Qt6_qml_QtQuick_Controls["Controls"]\n    node_venv_lib_python3_12_site-packages_PyQt6_Qt6_qml_QtQuick_Controls --> node_venv_lib_python3_12_site-packages_PyQt6_Qt6_qml_QtQuick_Controls_FluentWinUI3["FluentWinUI3"]\n    node_venv_lib_python3_12_site-packages_PyQt6_Qt6_qml_QtQuick_Controls_FluentWinUI3 --> node_venv_lib_python3_12_site-packages_PyQt6_Qt6_qml_QtQuick_Controls_FluentWinUI3_light["light"]\n    node_venv_lib_python3_12_site-packages_PyQt6_Qt6_qml_QtQuick_Controls_FluentWinUI3_light --> node_venv_lib_python3_12_site-packages_PyQt6_Qt6_qml_QtQuick_Controls_FluentWinUI3_light_images["images"]\n    node_venv_lib_python3_12_site-packages_PyQt6_Qt6_qml_QtQuick_Controls_FluentWinUI3_light_images --> node_venv_lib_python3_12_site-packages_PyQt6_Qt6_qml_QtQuick_Controls_FluentWinUI3_light_images_rangeslider-groove-handle-pressed@3x_png["rangeslider-groove-handle-pressed@3x.png"]\n    Root --> node_venv["venv"]\n    node_venv --> node_venv_lib["lib"]\n    node_venv_lib --> node_venv_lib_python3_12["python3.12"]\n    node_venv_lib_python3_12 --> node_venv_lib_python3_12_site-packages["site-packages"]\n    node_venv_lib_python3_12_site-packages --> node_venv_lib_python3_12_site-packages_PyQt6["PyQt6"]\n    node_venv_lib_python3_12_site-packages_PyQt6 --> node_venv_lib_python3_12_site-packages_PyQt6_Qt6["Qt6"]\n    node_venv_lib_python3_12_site-packages_PyQt6_Qt6 --> node_venv_lib_python3_12_site-packages_PyQt6_Qt6_qml["qml"]\n    node_venv_lib_python3_12_site-packages_PyQt6_Qt6_qml --> node_venv_lib_python3_12_site-packages_PyQt6_Qt6_qml_QtQuick["QtQuick"]\n    node_venv_lib_python3_12_site-packages_PyQt6_Qt6_qml_QtQuick --> node_venv_lib_python3_12_site-packages_PyQt6_Qt6_qml_QtQuick_Controls["Controls"]\n    node_venv_lib_python3_12_site-packages_PyQt6_Qt6_qml_QtQuick_Controls --> node_venv_lib_python3_12_site-packages_PyQt6_Qt6_qml_QtQuick_Controls_FluentWinUI3["FluentWinUI3"]\n    node_venv_lib_python3_12_site-packages_PyQt6_Qt6_qml_QtQuick_Controls_FluentWinUI3 --> node_venv_lib_python3_12_site-packages_PyQt6_Qt6_qml_QtQuick_Controls_FluentWinUI3_light["light"]\n    node_venv_lib_python3_12_site-packages_PyQt6_Qt6_qml_QtQuick_Controls_FluentWinUI3_light --> node_venv_lib_python3_12_site-packages_PyQt6_Qt6_qml_QtQuick_Controls_FluentWinUI3_light_images["images"]\n    node_venv_lib_python3_12_site-packages_PyQt6_Qt6_qml_QtQuick_Controls_FluentWinUI3_light_images --> node_venv_lib_python3_12_site-packages_PyQt6_Qt6_qml_QtQuick_Controls_FluentWinUI3_light_images_rangeslider-groove-hovered_png["rangeslider-groove-hovered.png"]\n    Root --> node_venv["venv"]\n    node_venv --> node_venv_lib["lib"]\n    node_venv_lib --> node_venv_lib_python3_12["python3.12"]\n    node_venv_lib_python3_12 --> node_venv_lib_python3_12_site-packages["site-packages"]\n    node_venv_lib_python3_12_site-packages --> node_venv_lib_python3_12_site-packages_PyQt6["PyQt6"]\n    node_venv_lib_python3_12_site-packages_PyQt6 --> node_venv_lib_python3_12_site-packages_PyQt6_Qt6["Qt6"]\n    node_venv_lib_python3_12_site-packages_PyQt6_Qt6 --> node_venv_lib_python3_12_site-packages_PyQt6_Qt6_qml["qml"]\n    node_venv_lib_python3_12_site-packages_PyQt6_Qt6_qml --> node_venv_lib_python3_12_site-packages_PyQt6_Qt6_qml_QtQuick["QtQuick"]\n    node_venv_lib_python3_12_site-packages_PyQt6_Qt6_qml_QtQuick --> node_venv_lib_python3_12_site-packages_PyQt6_Qt6_qml_QtQuick_Controls["Controls"]\n    node_venv_lib_python3_12_site-packages_PyQt6_Qt6_qml_QtQuick_Controls --> node_venv_lib_python3_12_site-packages_PyQt6_Qt6_qml_QtQuick_Controls_FluentWinUI3["FluentWinUI3"]\n    node_venv_lib_python3_12_site-packages_PyQt6_Qt6_qml_QtQuick_Controls_FluentWinUI3 --> node_venv_lib_python3_12_site-packages_PyQt6_Qt6_qml_QtQuick_Controls_FluentWinUI3_light["light"]\n    node_venv_lib_python3_12_site-packages_PyQt6_Qt6_qml_QtQuick_Controls_FluentWinUI3_light --> node_venv_lib_python3_12_site-packages_PyQt6_Qt6_qml_QtQuick_Controls_FluentWinUI3_light_images["images"]\n    node_venv_lib_python3_12_site-packages_PyQt6_Qt6_qml_QtQuick_Controls_FluentWinUI3_light_images --> node_venv_lib_python3_12_site-packages_PyQt6_Qt6_qml_QtQuick_Controls_FluentWinUI3_light_images_rangeslider-groove-hovered@2x_png["rangeslider-groove-hovered@2x.png"]\n    Root --> node_venv["venv"]\n    node_venv --> node_venv_lib["lib"]\n    node_venv_lib --> node_venv_lib_python3_12["python3.12"]\n    node_venv_lib_python3_12 --> node_venv_lib_python3_12_site-packages["site-packages"]\n    node_venv_lib_python3_12_site-packages --> node_venv_lib_python3_12_site-packages_PyQt6["PyQt6"]\n    node_venv_lib_python3_12_site-packages_PyQt6 --> node_venv_lib_python3_12_site-packages_PyQt6_Qt6["Qt6"]\n    node_venv_lib_python3_12_site-packages_PyQt6_Qt6 --> node_venv_lib_python3_12_site-packages_PyQt6_Qt6_qml["qml"]\n    node_venv_lib_python3_12_site-packages_PyQt6_Qt6_qml --> node_venv_lib_python3_12_site-packages_PyQt6_Qt6_qml_QtQuick["QtQuick"]\n    node_venv_lib_python3_12_site-packages_PyQt6_Qt6_qml_QtQuick --> node_venv_lib_python3_12_site-packages_PyQt6_Qt6_qml_QtQuick_Controls["Controls"]\n    node_venv_lib_python3_12_site-packages_PyQt6_Qt6_qml_QtQuick_Controls --> node_venv_lib_python3_12_site-packages_PyQt6_Qt6_qml_QtQuick_Controls_FluentWinUI3["FluentWinUI3"]\n    node_venv_lib_python3_12_site-packages_PyQt6_Qt6_qml_QtQuick_Controls_FluentWinUI3 --> node_venv_lib_python3_12_site-packages_PyQt6_Qt6_qml_QtQuick_Controls_FluentWinUI3_light["light"]\n    node_venv_lib_python3_12_site-packages_PyQt6_Qt6_qml_QtQuick_Controls_FluentWinUI3_light --> node_venv_lib_python3_12_site-packages_PyQt6_Qt6_qml_QtQuick_Controls_FluentWinUI3_light_images["images"]\n    node_venv_lib_python3_12_site-packages_PyQt6_Qt6_qml_QtQuick_Controls_FluentWinUI3_light_images --> node_venv_lib_python3_12_site-packages_PyQt6_Qt6_qml_QtQuick_Controls_FluentWinUI3_light_images_rangeslider-groove-hovered@3x_png["rangeslider-groove-hovered@3x.png"]\n    Root --> node_venv["venv"]\n    node_venv --> node_venv_lib["lib"]\n    node_venv_lib --> node_venv_lib_python3_12["python3.12"]\n    node_venv_lib_python3_12 --> node_venv_lib_python3_12_site-packages["site-packages"]\n    node_venv_lib_python3_12_site-packages --> node_venv_lib_python3_12_site-packages_PyQt6["PyQt6"]\n    node_venv_lib_python3_12_site-packages_PyQt6 --> node_venv_lib_python3_12_site-packages_PyQt6_Qt6["Qt6"]\n    node_venv_lib_python3_12_site-packages_PyQt6_Qt6 --> node_venv_lib_python3_12_site-packages_PyQt6_Qt6_qml["qml"]\n    node_venv_lib_python3_12_site-packages_PyQt6_Qt6_qml --> node_venv_lib_python3_12_site-packages_PyQt6_Qt6_qml_QtQuick["QtQuick"]\n    node_venv_lib_python3_12_site-packages_PyQt6_Qt6_qml_QtQuick --> node_venv_lib_python3_12_site-packages_PyQt6_Qt6_qml_QtQuick_Controls["Controls"]\n    node_venv_lib_python3_12_site-packages_PyQt6_Qt6_qml_QtQuick_Controls --> node_venv_lib_python3_12_site-packages_PyQt6_Qt6_qml_QtQuick_Controls_FluentWinUI3["FluentWinUI3"]\n    node_venv_lib_python3_12_site-packages_PyQt6_Qt6_qml_QtQuick_Controls_FluentWinUI3 --> node_venv_lib_python3_12_site-packages_PyQt6_Qt6_qml_QtQuick_Controls_FluentWinUI3_light["light"]\n    node_venv_lib_python3_12_site-packages_PyQt6_Qt6_qml_QtQuick_Controls_FluentWinUI3_light --> node_venv_lib_python3_12_site-packages_PyQt6_Qt6_qml_QtQuick_Controls_FluentWinUI3_light_images["images"]\n    node_venv_lib_python3_12_site-packages_PyQt6_Qt6_qml_QtQuick_Controls_FluentWinUI3_light_images --> node_venv_lib_python3_12_site-packages_PyQt6_Qt6_qml_QtQuick_Controls_FluentWinUI3_light_images_rangeslider-groove_png["rangeslider-groove.png"]\n    Root --> node_venv["venv"]\n    node_venv --> node_venv_lib["lib"]\n    node_venv_lib --> node_venv_lib_python3_12["python3.12"]\n    node_venv_lib_python3_12 --> node_venv_lib_python3_12_site-packages["site-packages"]\n    node_venv_lib_python3_12_site-packages --> node_venv_lib_python3_12_site-packages_PyQt6["PyQt6"]\n    node_venv_lib_python3_12_site-packages_PyQt6 --> node_venv_lib_python3_12_site-packages_PyQt6_Qt6["Qt6"]\n    node_venv_lib_python3_12_site-packages_PyQt6_Qt6 --> node_venv_lib_python3_12_site-packages_PyQt6_Qt6_qml["qml"]\n    node_venv_lib_python3_12_site-packages_PyQt6_Qt6_qml --> node_venv_lib_python3_12_site-packages_PyQt6_Qt6_qml_QtQuick["QtQuick"]\n    node_venv_lib_python3_12_site-packages_PyQt6_Qt6_qml_QtQuick --> node_venv_lib_python3_12_site-packages_PyQt6_Qt6_qml_QtQuick_Controls["Controls"]\n    node_venv_lib_python3_12_site-packages_PyQt6_Qt6_qml_QtQuick_Controls --> node_venv_lib_python3_12_site-packages_PyQt6_Qt6_qml_QtQuick_Controls_FluentWinUI3["FluentWinUI3"]\n    node_venv_lib_python3_12_site-packages_PyQt6_Qt6_qml_QtQuick_Controls_FluentWinUI3 --> node_venv_lib_python3_12_site-packages_PyQt6_Qt6_qml_QtQuick_Controls_FluentWinUI3_light["light"]\n    node_venv_lib_python3_12_site-packages_PyQt6_Qt6_qml_QtQuick_Controls_FluentWinUI3_light --> node_venv_lib_python3_12_site-packages_PyQt6_Qt6_qml_QtQuick_Controls_FluentWinUI3_light_images["images"]\n    node_venv_lib_python3_12_site-packages_PyQt6_Qt6_qml_QtQuick_Controls_FluentWinUI3_light_images --> node_venv_lib_python3_12_site-packages_PyQt6_Qt6_qml_QtQuick_Controls_FluentWinUI3_light_images_rangeslider-groove@2x_png["rangeslider-groove@2x.png"]\n    Root --> node_venv["venv"]\n    node_venv --> node_venv_lib["lib"]\n    node_venv_lib --> node_venv_lib_python3_12["python3.12"]\n    node_venv_lib_python3_12 --> node_venv_lib_python3_12_site-packages["site-packages"]\n    node_venv_lib_python3_12_site-packages --> node_venv_lib_python3_12_site-packages_PyQt6["PyQt6"]\n    node_venv_lib_python3_12_site-packages_PyQt6 --> node_venv_lib_python3_12_site-packages_PyQt6_Qt6["Qt6"]\n    node_venv_lib_python3_12_site-packages_PyQt6_Qt6 --> node_venv_lib_python3_12_site-packages_PyQt6_Qt6_qml["qml"]\n    node_venv_lib_python3_12_site-packages_PyQt6_Qt6_qml --> node_venv_lib_python3_12_site-packages_PyQt6_Qt6_qml_QtQuick["QtQuick"]\n    node_venv_lib_python3_12_site-packages_PyQt6_Qt6_qml_QtQuick --> node_venv_lib_python3_12_site-packages_PyQt6_Qt6_qml_QtQuick_Controls["Controls"]\n    node_venv_lib_python3_12_site-packages_PyQt6_Qt6_qml_QtQuick_Controls --> node_venv_lib_python3_12_site-packages_PyQt6_Qt6_qml_QtQuick_Controls_FluentWinUI3["FluentWinUI3"]\n    node_venv_lib_python3_12_site-packages_PyQt6_Qt6_qml_QtQuick_Controls_FluentWinUI3 --> node_venv_lib_python3_12_site-packages_PyQt6_Qt6_qml_QtQuick_Controls_FluentWinUI3_light["light"]\n    node_venv_lib_python3_12_site-packages_PyQt6_Qt6_qml_QtQuick_Controls_FluentWinUI3_light --> node_venv_lib_python3_12_site-packages_PyQt6_Qt6_qml_QtQuick_Controls_FluentWinUI3_light_images["images"]\n    node_venv_lib_python3_12_site-packages_PyQt6_Qt6_qml_QtQuick_Controls_FluentWinUI3_light_images --> node_venv_lib_python3_12_site-packages_PyQt6_Qt6_qml_QtQuick_Controls_FluentWinUI3_light_images_rangeslider-groove@3x_png["rangeslider-groove@3x.png"]\n    Root --> node_venv["venv"]\n    node_venv --> node_venv_lib["lib"]\n    node_venv_lib --> node_venv_lib_python3_12["python3.12"]\n    node_venv_lib_python3_12 --> node_venv_lib_python3_12_site-packages["site-packages"]\n    node_venv_lib_python3_12_site-packages --> node_venv_lib_python3_12_site-packages_PyQt6["PyQt6"]\n    node_venv_lib_python3_12_site-packages_PyQt6 --> node_venv_lib_python3_12_site-packages_PyQt6_Qt6["Qt6"]\n    node_venv_lib_python3_12_site-packages_PyQt6_Qt6 --> node_venv_lib_python3_12_site-packages_PyQt6_Qt6_qml["qml"]\n    node_venv_lib_python3_12_site-packages_PyQt6_Qt6_qml --> node_venv_lib_python3_12_site-packages_PyQt6_Qt6_qml_QtQuick["QtQuick"]\n    node_venv_lib_python3_12_site-packages_PyQt6_Qt6_qml_QtQuick --> node_venv_lib_python3_12_site-packages_PyQt6_Qt6_qml_QtQuick_Controls["Controls"]\n    node_venv_lib_python3_12_site-packages_PyQt6_Qt6_qml_QtQuick_Controls --> node_venv_lib_python3_12_site-packages_PyQt6_Qt6_qml_QtQuick_Controls_FluentWinUI3["FluentWinUI3"]\n    node_venv_lib_python3_12_site-packages_PyQt6_Qt6_qml_QtQuick_Controls_FluentWinUI3 --> node_venv_lib_python3_12_site-packages_PyQt6_Qt6_qml_QtQuick_Controls_FluentWinUI3_light["light"]\n    node_venv_lib_python3_12_site-packages_PyQt6_Qt6_qml_QtQuick_Controls_FluentWinUI3_light --> node_venv_lib_python3_12_site-packages_PyQt6_Qt6_qml_QtQuick_Controls_FluentWinUI3_light_images["images"]\n    node_venv_lib_python3_12_site-packages_PyQt6_Qt6_qml_QtQuick_Controls_FluentWinUI3_light_images --> node_venv_lib_python3_12_site-packages_PyQt6_Qt6_qml_QtQuick_Controls_FluentWinUI3_light_images_rangeslider-second-handle-disabled_png["rangeslider-second-handle-disabled.png"]\n    Root --> node_venv["venv"]\n    node_venv --> node_venv_lib["lib"]\n    node_venv_lib --> node_venv_lib_python3_12["python3.12"]\n    node_venv_lib_python3_12 --> node_venv_lib_python3_12_site-packages["site-packages"]\n    node_venv_lib_python3_12_site-packages --> node_venv_lib_python3_12_site-packages_PyQt6["PyQt6"]\n    node_venv_lib_python3_12_site-packages_PyQt6 --> node_venv_lib_python3_12_site-packages_PyQt6_Qt6["Qt6"]\n    node_venv_lib_python3_12_site-packages_PyQt6_Qt6 --> node_venv_lib_python3_12_site-packages_PyQt6_Qt6_qml["qml"]\n    node_venv_lib_python3_12_site-packages_PyQt6_Qt6_qml --> node_venv_lib_python3_12_site-packages_PyQt6_Qt6_qml_QtQuick["QtQuick"]\n    node_venv_lib_python3_12_site-packages_PyQt6_Qt6_qml_QtQuick --> node_venv_lib_python3_12_site-packages_PyQt6_Qt6_qml_QtQuick_Controls["Controls"]\n    node_venv_lib_python3_12_site-packages_PyQt6_Qt6_qml_QtQuick_Controls --> node_venv_lib_python3_12_site-packages_PyQt6_Qt6_qml_QtQuick_Controls_FluentWinUI3["FluentWinUI3"]\n    node_venv_lib_python3_12_site-packages_PyQt6_Qt6_qml_QtQuick_Controls_FluentWinUI3 --> node_venv_lib_python3_12_site-packages_PyQt6_Qt6_qml_QtQuick_Controls_FluentWinUI3_light["light"]\n    node_venv_lib_python3_12_site-packages_PyQt6_Qt6_qml_QtQuick_Controls_FluentWinUI3_light --> node_venv_lib_python3_12_site-packages_PyQt6_Qt6_qml_QtQuick_Controls_FluentWinUI3_light_images["images"]\n    node_venv_lib_python3_12_site-packages_PyQt6_Qt6_qml_QtQuick_Controls_FluentWinUI3_light_images --> node_venv_lib_python3_12_site-packages_PyQt6_Qt6_qml_QtQuick_Controls_FluentWinUI3_light_images_rangeslider-second-handle-disabled@2x_png["rangeslider-second-handle-disabled@2x.png"]\n    Root --> node_venv["venv"]\n    node_venv --> node_venv_lib["lib"]\n    node_venv_lib --> node_venv_lib_python3_12["python3.12"]\n    node_venv_lib_python3_12 --> node_venv_lib_python3_12_site-packages["site-packages"]\n    node_venv_lib_python3_12_site-packages --> node_venv_lib_python3_12_site-packages_PyQt6["PyQt6"]\n    node_venv_lib_python3_12_site-packages_PyQt6 --> node_venv_lib_python3_12_site-packages_PyQt6_Qt6["Qt6"]\n    node_venv_lib_python3_12_site-packages_PyQt6_Qt6 --> node_venv_lib_python3_12_site-packages_PyQt6_Qt6_qml["qml"]\n    node_venv_lib_python3_12_site-packages_PyQt6_Qt6_qml --> node_venv_lib_python3_12_site-packages_PyQt6_Qt6_qml_QtQuick["QtQuick"]\n    node_venv_lib_python3_12_site-packages_PyQt6_Qt6_qml_QtQuick --> node_venv_lib_python3_12_site-packages_PyQt6_Qt6_qml_QtQuick_Controls["Controls"]\n    node_venv_lib_python3_12_site-packages_PyQt6_Qt6_qml_QtQuick_Controls --> node_venv_lib_python3_12_site-packages_PyQt6_Qt6_qml_QtQuick_Controls_FluentWinUI3["FluentWinUI3"]\n    node_venv_lib_python3_12_site-packages_PyQt6_Qt6_qml_QtQuick_Controls_FluentWinUI3 --> node_venv_lib_python3_12_site-packages_PyQt6_Qt6_qml_QtQuick_Controls_FluentWinUI3_light["light"]\n    node_venv_lib_python3_12_site-packages_PyQt6_Qt6_qml_QtQuick_Controls_FluentWinUI3_light --> node_venv_lib_python3_12_site-packages_PyQt6_Qt6_qml_QtQuick_Controls_FluentWinUI3_light_images["images"]\n    node_venv_lib_python3_12_site-packages_PyQt6_Qt6_qml_QtQuick_Controls_FluentWinUI3_light_images --> node_venv_lib_python3_12_site-packages_PyQt6_Qt6_qml_QtQuick_Controls_FluentWinUI3_light_images_rangeslider-second-handle-disabled@3x_png["rangeslider-second-handle-disabled@3x.png"]\n    Root --> node_venv["venv"]\n    node_venv --> node_venv_lib["lib"]\n    node_venv_lib --> node_venv_lib_python3_12["python3.12"]\n    node_venv_lib_python3_12 --> node_venv_lib_python3_12_site-packages["site-packages"]\n    node_venv_lib_python3_12_site-packages --> node_venv_lib_python3_12_site-packages_PyQt6["PyQt6"]\n    node_venv_lib_python3_12_site-packages_PyQt6 --> node_venv_lib_python3_12_site-packages_PyQt6_Qt6["Qt6"]\n    node_venv_lib_python3_12_site-packages_PyQt6_Qt6 --> node_venv_lib_python3_12_site-packages_PyQt6_Qt6_qml["qml"]\n    node_venv_lib_python3_12_site-packages_PyQt6_Qt6_qml --> node_venv_lib_python3_12_site-packages_PyQt6_Qt6_qml_QtQuick["QtQuick"]\n    node_venv_lib_python3_12_site-packages_PyQt6_Qt6_qml_QtQuick --> node_venv_lib_python3_12_site-packages_PyQt6_Qt6_qml_QtQuick_Controls["Controls"]\n    node_venv_lib_python3_12_site-packages_PyQt6_Qt6_qml_QtQuick_Controls --> node_venv_lib_python3_12_site-packages_PyQt6_Qt6_qml_QtQuick_Controls_FluentWinUI3["FluentWinUI3"]\n    node_venv_lib_python3_12_site-packages_PyQt6_Qt6_qml_QtQuick_Controls_FluentWinUI3 --> node_venv_lib_python3_12_site-packages_PyQt6_Qt6_qml_QtQuick_Controls_FluentWinUI3_light["light"]\n    node_venv_lib_python3_12_site-packages_PyQt6_Qt6_qml_QtQuick_Controls_FluentWinUI3_light --> node_venv_lib_python3_12_site-packages_PyQt6_Qt6_qml_QtQuick_Controls_FluentWinUI3_light_images["images"]\n    node_venv_lib_python3_12_site-packages_PyQt6_Qt6_qml_QtQuick_Controls_FluentWinUI3_light_images --> node_venv_lib_python3_12_site-packages_PyQt6_Qt6_qml_QtQuick_Controls_FluentWinUI3_light_images_rangeslider-second-handle-handle-pressed_png["rangeslider-second-handle-handle-pressed.png"]\n    Root --> node_venv["venv"]\n    node_venv --> node_venv_lib["lib"]\n    node_venv_lib --> node_venv_lib_python3_12["python3.12"]\n    node_venv_lib_python3_12 --> node_venv_lib_python3_12_site-packages["site-packages"]\n    node_venv_lib_python3_12_site-packages --> node_venv_lib_python3_12_site-packages_PyQt6["PyQt6"]\n    node_venv_lib_python3_12_site-packages_PyQt6 --> node_venv_lib_python3_12_site-packages_PyQt6_Qt6["Qt6"]\n    node_venv_lib_python3_12_site-packages_PyQt6_Qt6 --> node_venv_lib_python3_12_site-packages_PyQt6_Qt6_qml["qml"]\n    node_venv_lib_python3_12_site-packages_PyQt6_Qt6_qml --> node_venv_lib_python3_12_site-packages_PyQt6_Qt6_qml_QtQuick["QtQuick"]\n    node_venv_lib_python3_12_site-packages_PyQt6_Qt6_qml_QtQuick --> node_venv_lib_python3_12_site-packages_PyQt6_Qt6_qml_QtQuick_Controls["Controls"]\n    node_venv_lib_python3_12_site-packages_PyQt6_Qt6_qml_QtQuick_Controls --> node_venv_lib_python3_12_site-packages_PyQt6_Qt6_qml_QtQuick_Controls_FluentWinUI3["FluentWinUI3"]\n    node_venv_lib_python3_12_site-packages_PyQt6_Qt6_qml_QtQuick_Controls_FluentWinUI3 --> node_venv_lib_python3_12_site-packages_PyQt6_Qt6_qml_QtQuick_Controls_FluentWinUI3_light["light"]\n    node_venv_lib_python3_12_site-packages_PyQt6_Qt6_qml_QtQuick_Controls_FluentWinUI3_light --> node_venv_lib_python3_12_site-packages_PyQt6_Qt6_qml_QtQuick_Controls_FluentWinUI3_light_images["images"]\n    node_venv_lib_python3_12_site-packages_PyQt6_Qt6_qml_QtQuick_Controls_FluentWinUI3_light_images --> node_venv_lib_python3_12_site-packages_PyQt6_Qt6_qml_QtQuick_Controls_FluentWinUI3_light_images_rangeslider-second-handle-handle-pressed@2x_png["rangeslider-second-handle-handle-pressed@2x.png"]\n    Root --> node_venv["venv"]\n    node_venv --> node_venv_lib["lib"]\n    node_venv_lib --> node_venv_lib_python3_12["python3.12"]\n    node_venv_lib_python3_12 --> node_venv_lib_python3_12_site-packages["site-packages"]\n    node_venv_lib_python3_12_site-packages --> node_venv_lib_python3_12_site-packages_PyQt6["PyQt6"]\n    node_venv_lib_python3_12_site-packages_PyQt6 --> node_venv_lib_python3_12_site-packages_PyQt6_Qt6["Qt6"]\n    node_venv_lib_python3_12_site-packages_PyQt6_Qt6 --> node_venv_lib_python3_12_site-packages_PyQt6_Qt6_qml["qml"]\n    node_venv_lib_python3_12_site-packages_PyQt6_Qt6_qml --> node_venv_lib_python3_12_site-packages_PyQt6_Qt6_qml_QtQuick["QtQuick"]\n    node_venv_lib_python3_12_site-packages_PyQt6_Qt6_qml_QtQuick --> node_venv_lib_python3_12_site-packages_PyQt6_Qt6_qml_QtQuick_Controls["Controls"]\n    node_venv_lib_python3_12_site-packages_PyQt6_Qt6_qml_QtQuick_Controls --> node_venv_lib_python3_12_site-packages_PyQt6_Qt6_qml_QtQuick_Controls_FluentWinUI3["FluentWinUI3"]\n    node_venv_lib_python3_12_site-packages_PyQt6_Qt6_qml_QtQuick_Controls_FluentWinUI3 --> node_venv_lib_python3_12_site-packages_PyQt6_Qt6_qml_QtQuick_Controls_FluentWinUI3_light["light"]\n    node_venv_lib_python3_12_site-packages_PyQt6_Qt6_qml_QtQuick_Controls_FluentWinUI3_light --> node_venv_lib_python3_12_site-packages_PyQt6_Qt6_qml_QtQuick_Controls_FluentWinUI3_light_images["images"]\n    node_venv_lib_python3_12_site-packages_PyQt6_Qt6_qml_QtQuick_Controls_FluentWinUI3_light_images --> node_venv_lib_python3_12_site-packages_PyQt6_Qt6_qml_QtQuick_Controls_FluentWinUI3_light_images_rangeslider-second-handle-handle-pressed@3x_png["rangeslider-second-handle-handle-pressed@3x.png"]\n    Root --> node_venv["venv"]\n    node_venv --> node_venv_lib["lib"]\n    node_venv_lib --> node_venv_lib_python3_12["python3.12"]\n    node_venv_lib_python3_12 --> node_venv_lib_python3_12_site-packages["site-packages"]\n    node_venv_lib_python3_12_site-packages --> node_venv_lib_python3_12_site-packages_PyQt6["PyQt6"]\n    node_venv_lib_python3_12_site-packages_PyQt6 --> node_venv_lib_python3_12_site-packages_PyQt6_Qt6["Qt6"]\n    node_venv_lib_python3_12_site-packages_PyQt6_Qt6 --> node_venv_lib_python3_12_site-packages_PyQt6_Qt6_qml["qml"]\n    node_venv_lib_python3_12_site-packages_PyQt6_Qt6_qml --> node_venv_lib_python3_12_site-packages_PyQt6_Qt6_qml_QtQuick["QtQuick"]\n    node_venv_lib_python3_12_site-packages_PyQt6_Qt6_qml_QtQuick --> node_venv_lib_python3_12_site-packages_PyQt6_Qt6_qml_QtQuick_Controls["Controls"]\n    node_venv_lib_python3_12_site-packages_PyQt6_Qt6_qml_QtQuick_Controls --> node_venv_lib_python3_12_site-packages_PyQt6_Qt6_qml_QtQuick_Controls_FluentWinUI3["FluentWinUI3"]\n    node_venv_lib_python3_12_site-packages_PyQt6_Qt6_qml_QtQuick_Controls_FluentWinUI3 --> node_venv_lib_python3_12_site-packages_PyQt6_Qt6_qml_QtQuick_Controls_FluentWinUI3_light["light"]\n    node_venv_lib_python3_12_site-packages_PyQt6_Qt6_qml_QtQuick_Controls_FluentWinUI3_light --> node_venv_lib_python3_12_site-packages_PyQt6_Qt6_qml_QtQuick_Controls_FluentWinUI3_light_images["images"]\n    node_venv_lib_python3_12_site-packages_PyQt6_Qt6_qml_QtQuick_Controls_FluentWinUI3_light_images --> node_venv_lib_python3_12_site-packages_PyQt6_Qt6_qml_QtQuick_Controls_FluentWinUI3_light_images_rangeslider-second-handle-hovered_png["rangeslider-second-handle-hovered.png"]\n    Root --> node_venv["venv"]\n    node_venv --> node_venv_lib["lib"]\n    node_venv_lib --> node_venv_lib_python3_12["python3.12"]\n    node_venv_lib_python3_12 --> node_venv_lib_python3_12_site-packages["site-packages"]\n    node_venv_lib_python3_12_site-packages --> node_venv_lib_python3_12_site-packages_PyQt6["PyQt6"]\n    node_venv_lib_python3_12_site-packages_PyQt6 --> node_venv_lib_python3_12_site-packages_PyQt6_Qt6["Qt6"]\n    node_venv_lib_python3_12_site-packages_PyQt6_Qt6 --> node_venv_lib_python3_12_site-packages_PyQt6_Qt6_qml["qml"]\n    node_venv_lib_python3_12_site-packages_PyQt6_Qt6_qml --> node_venv_lib_python3_12_site-packages_PyQt6_Qt6_qml_QtQuick["QtQuick"]\n    node_venv_lib_python3_12_site-packages_PyQt6_Qt6_qml_QtQuick --> node_venv_lib_python3_12_site-packages_PyQt6_Qt6_qml_QtQuick_Controls["Controls"]\n    node_venv_lib_python3_12_site-packages_PyQt6_Qt6_qml_QtQuick_Controls --> node_venv_lib_python3_12_site-packages_PyQt6_Qt6_qml_QtQuick_Controls_FluentWinUI3["FluentWinUI3"]\n    node_venv_lib_python3_12_site-packages_PyQt6_Qt6_qml_QtQuick_Controls_FluentWinUI3 --> node_venv_lib_python3_12_site-packages_PyQt6_Qt6_qml_QtQuick_Controls_FluentWinUI3_light["light"]\n    node_venv_lib_python3_12_site-packages_PyQt6_Qt6_qml_QtQuick_Controls_FluentWinUI3_light --> node_venv_lib_python3_12_site-packages_PyQt6_Qt6_qml_QtQuick_Controls_FluentWinUI3_light_images["images"]\n    node_venv_lib_python3_12_site-packages_PyQt6_Qt6_qml_QtQuick_Controls_FluentWinUI3_light_images --> node_venv_lib_python3_12_site-packages_PyQt6_Qt6_qml_QtQuick_Controls_FluentWinUI3_light_images_rangeslider-second-handle-hovered@2x_png["rangeslider-second-handle-hovered@2x.png"]\n    Root --> node_venv["venv"]\n    node_venv --> node_venv_lib["lib"]\n    node_venv_lib --> node_venv_lib_python3_12["python3.12"]\n    node_venv_lib_python3_12 --> node_venv_lib_python3_12_site-packages["site-packages"]\n    node_venv_lib_python3_12_site-packages --> node_venv_lib_python3_12_site-packages_PyQt6["PyQt6"]\n    node_venv_lib_python3_12_site-packages_PyQt6 --> node_venv_lib_python3_12_site-packages_PyQt6_Qt6["Qt6"]\n    node_venv_lib_python3_12_site-packages_PyQt6_Qt6 --> node_venv_lib_python3_12_site-packages_PyQt6_Qt6_qml["qml"]\n    node_venv_lib_python3_12_site-packages_PyQt6_Qt6_qml --> node_venv_lib_python3_12_site-packages_PyQt6_Qt6_qml_QtQuick["QtQuick"]\n    node_venv_lib_python3_12_site-packages_PyQt6_Qt6_qml_QtQuick --> node_venv_lib_python3_12_site-packages_PyQt6_Qt6_qml_QtQuick_Controls["Controls"]\n    node_venv_lib_python3_12_site-packages_PyQt6_Qt6_qml_QtQuick_Controls --> node_venv_lib_python3_12_site-packages_PyQt6_Qt6_qml_QtQuick_Controls_FluentWinUI3["FluentWinUI3"]\n    node_venv_lib_python3_12_site-packages_PyQt6_Qt6_qml_QtQuick_Controls_FluentWinUI3 --> node_venv_lib_python3_12_site-packages_PyQt6_Qt6_qml_QtQuick_Controls_FluentWinUI3_light["light"]\n    node_venv_lib_python3_12_site-packages_PyQt6_Qt6_qml_QtQuick_Controls_FluentWinUI3_light --> node_venv_lib_python3_12_site-packages_PyQt6_Qt6_qml_QtQuick_Controls_FluentWinUI3_light_images["images"]\n    node_venv_lib_python3_12_site-packages_PyQt6_Qt6_qml_QtQuick_Controls_FluentWinUI3_light_images --> node_venv_lib_python3_12_site-packages_PyQt6_Qt6_qml_QtQuick_Controls_FluentWinUI3_light_images_rangeslider-second-handle-hovered@3x_png["rangeslider-second-handle-hovered@3x.png"]\n    Root --> node_venv["venv"]\n    node_venv --> node_venv_lib["lib"]\n    node_venv_lib --> node_venv_lib_python3_12["python3.12"]\n    node_venv_lib_python3_12 --> node_venv_lib_python3_12_site-packages["site-packages"]\n    node_venv_lib_python3_12_site-packages --> node_venv_lib_python3_12_site-packages_PyQt6["PyQt6"]\n    node_venv_lib_python3_12_site-packages_PyQt6 --> node_venv_lib_python3_12_site-packages_PyQt6_Qt6["Qt6"]\n    node_venv_lib_python3_12_site-packages_PyQt6_Qt6 --> node_venv_lib_python3_12_site-packages_PyQt6_Qt6_qml["qml"]\n    node_venv_lib_python3_12_site-packages_PyQt6_Qt6_qml --> node_venv_lib_python3_12_site-packages_PyQt6_Qt6_qml_QtQuick["QtQuick"]\n    node_venv_lib_python3_12_site-packages_PyQt6_Qt6_qml_QtQuick --> node_venv_lib_python3_12_site-packages_PyQt6_Qt6_qml_QtQuick_Controls["Controls"]\n    node_venv_lib_python3_12_site-packages_PyQt6_Qt6_qml_QtQuick_Controls --> node_venv_lib_python3_12_site-packages_PyQt6_Qt6_qml_QtQuick_Controls_FluentWinUI3["FluentWinUI3"]\n    node_venv_lib_python3_12_site-packages_PyQt6_Qt6_qml_QtQuick_Controls_FluentWinUI3 --> node_venv_lib_python3_12_site-packages_PyQt6_Qt6_qml_QtQuick_Controls_FluentWinUI3_light["light"]\n    node_venv_lib_python3_12_site-packages_PyQt6_Qt6_qml_QtQuick_Controls_FluentWinUI3_light --> node_venv_lib_python3_12_site-packages_PyQt6_Qt6_qml_QtQuick_Controls_FluentWinUI3_light_images["images"]\n    node_venv_lib_python3_12_site-packages_PyQt6_Qt6_qml_QtQuick_Controls_FluentWinUI3_light_images --> node_venv_lib_python3_12_site-packages_PyQt6_Qt6_qml_QtQuick_Controls_FluentWinUI3_light_images_rangeslider-second-handle_png["rangeslider-second-handle.png"]\n    Root --> node_venv["venv"]\n    node_venv --> node_venv_lib["lib"]\n    node_venv_lib --> node_venv_lib_python3_12["python3.12"]\n    node_venv_lib_python3_12 --> node_venv_lib_python3_12_site-packages["site-packages"]\n    node_venv_lib_python3_12_site-packages --> node_venv_lib_python3_12_site-packages_PyQt6["PyQt6"]\n    node_venv_lib_python3_12_site-packages_PyQt6 --> node_venv_lib_python3_12_site-packages_PyQt6_Qt6["Qt6"]\n    node_venv_lib_python3_12_site-packages_PyQt6_Qt6 --> node_venv_lib_python3_12_site-packages_PyQt6_Qt6_qml["qml"]\n    node_venv_lib_python3_12_site-packages_PyQt6_Qt6_qml --> node_venv_lib_python3_12_site-packages_PyQt6_Qt6_qml_QtQuick["QtQuick"]\n    node_venv_lib_python3_12_site-packages_PyQt6_Qt6_qml_QtQuick --> node_venv_lib_python3_12_site-packages_PyQt6_Qt6_qml_QtQuick_Controls["Controls"]\n    node_venv_lib_python3_12_site-packages_PyQt6_Qt6_qml_QtQuick_Controls --> node_venv_lib_python3_12_site-packages_PyQt6_Qt6_qml_QtQuick_Controls_FluentWinUI3["FluentWinUI3"]\n    node_venv_lib_python3_12_site-packages_PyQt6_Qt6_qml_QtQuick_Controls_FluentWinUI3 --> node_venv_lib_python3_12_site-packages_PyQt6_Qt6_qml_QtQuick_Controls_FluentWinUI3_light["light"]\n    node_venv_lib_python3_12_site-packages_PyQt6_Qt6_qml_QtQuick_Controls_FluentWinUI3_light --> node_venv_lib_python3_12_site-packages_PyQt6_Qt6_qml_QtQuick_Controls_FluentWinUI3_light_images["images"]\n    node_venv_lib_python3_12_site-packages_PyQt6_Qt6_qml_QtQuick_Controls_FluentWinUI3_light_images --> node_venv_lib_python3_12_site-packages_PyQt6_Qt6_qml_QtQuick_Controls_FluentWinUI3_light_images_rangeslider-second-handle@2x_png["rangeslider-second-handle@2x.png"]\n    Root --> node_venv["venv"]\n    node_venv --> node_venv_lib["lib"]\n    node_venv_lib --> node_venv_lib_python3_12["python3.12"]\n    node_venv_lib_python3_12 --> node_venv_lib_python3_12_site-packages["site-packages"]\n    node_venv_lib_python3_12_site-packages --> node_venv_lib_python3_12_site-packages_PyQt6["PyQt6"]\n    node_venv_lib_python3_12_site-packages_PyQt6 --> node_venv_lib_python3_12_site-packages_PyQt6_Qt6["Qt6"]\n    node_venv_lib_python3_12_site-packages_PyQt6_Qt6 --> node_venv_lib_python3_12_site-packages_PyQt6_Qt6_qml["qml"]\n    node_venv_lib_python3_12_site-packages_PyQt6_Qt6_qml --> node_venv_lib_python3_12_site-packages_PyQt6_Qt6_qml_QtQuick["QtQuick"]\n    node_venv_lib_python3_12_site-packages_PyQt6_Qt6_qml_QtQuick --> node_venv_lib_python3_12_site-packages_PyQt6_Qt6_qml_QtQuick_Controls["Controls"]\n    node_venv_lib_python3_12_site-packages_PyQt6_Qt6_qml_QtQuick_Controls --> node_venv_lib_python3_12_site-packages_PyQt6_Qt6_qml_QtQuick_Controls_FluentWinUI3["FluentWinUI3"]\n    node_venv_lib_python3_12_site-packages_PyQt6_Qt6_qml_QtQuick_Controls_FluentWinUI3 --> node_venv_lib_python3_12_site-packages_PyQt6_Qt6_qml_QtQuick_Controls_FluentWinUI3_light["light"]\n    node_venv_lib_python3_12_site-packages_PyQt6_Qt6_qml_QtQuick_Controls_FluentWinUI3_light --> node_venv_lib_python3_12_site-packages_PyQt6_Qt6_qml_QtQuick_Controls_FluentWinUI3_light_images["images"]\n    node_venv_lib_python3_12_site-packages_PyQt6_Qt6_qml_QtQuick_Controls_FluentWinUI3_light_images --> node_venv_lib_python3_12_site-packages_PyQt6_Qt6_qml_QtQuick_Controls_FluentWinUI3_light_images_rangeslider-second-handle@3x_png["rangeslider-second-handle@3x.png"]\n    Root --> node_venv["venv"]\n    node_venv --> node_venv_lib["lib"]\n    node_venv_lib --> node_venv_lib_python3_12["python3.12"]\n    node_venv_lib_python3_12 --> node_venv_lib_python3_12_site-packages["site-packages"]\n    node_venv_lib_python3_12_site-packages --> node_venv_lib_python3_12_site-packages_PyQt6["PyQt6"]\n    node_venv_lib_python3_12_site-packages_PyQt6 --> node_venv_lib_python3_12_site-packages_PyQt6_Qt6["Qt6"]\n    node_venv_lib_python3_12_site-packages_PyQt6_Qt6 --> node_venv_lib_python3_12_site-packages_PyQt6_Qt6_qml["qml"]\n    node_venv_lib_python3_12_site-packages_PyQt6_Qt6_qml --> node_venv_lib_python3_12_site-packages_PyQt6_Qt6_qml_QtQuick["QtQuick"]\n    node_venv_lib_python3_12_site-packages_PyQt6_Qt6_qml_QtQuick --> node_venv_lib_python3_12_site-packages_PyQt6_Qt6_qml_QtQuick_Controls["Controls"]\n    node_venv_lib_python3_12_site-packages_PyQt6_Qt6_qml_QtQuick_Controls --> node_venv_lib_python3_12_site-packages_PyQt6_Qt6_qml_QtQuick_Controls_FluentWinUI3["FluentWinUI3"]\n    node_venv_lib_python3_12_site-packages_PyQt6_Qt6_qml_QtQuick_Controls_FluentWinUI3 --> node_venv_lib_python3_12_site-packages_PyQt6_Qt6_qml_QtQuick_Controls_FluentWinUI3_light["light"]\n    node_venv_lib_python3_12_site-packages_PyQt6_Qt6_qml_QtQuick_Controls_FluentWinUI3_light --> node_venv_lib_python3_12_site-packages_PyQt6_Qt6_qml_QtQuick_Controls_FluentWinUI3_light_images["images"]\n    node_venv_lib_python3_12_site-packages_PyQt6_Qt6_qml_QtQuick_Controls_FluentWinUI3_light_images --> node_venv_lib_python3_12_site-packages_PyQt6_Qt6_qml_QtQuick_Controls_FluentWinUI3_light_images_slider-groove-disabled_png["slider-groove-disabled.png"]\n    Root --> node_venv["venv"]\n    node_venv --> node_venv_lib["lib"]\n    node_venv_lib --> node_venv_lib_python3_12["python3.12"]\n    node_venv_lib_python3_12 --> node_venv_lib_python3_12_site-packages["site-packages"]\n    node_venv_lib_python3_12_site-packages --> node_venv_lib_python3_12_site-packages_PyQt6["PyQt6"]\n    node_venv_lib_python3_12_site-packages_PyQt6 --> node_venv_lib_python3_12_site-packages_PyQt6_Qt6["Qt6"]\n    node_venv_lib_python3_12_site-packages_PyQt6_Qt6 --> node_venv_lib_python3_12_site-packages_PyQt6_Qt6_qml["qml"]\n    node_venv_lib_python3_12_site-packages_PyQt6_Qt6_qml --> node_venv_lib_python3_12_site-packages_PyQt6_Qt6_qml_QtQuick["QtQuick"]\n    node_venv_lib_python3_12_site-packages_PyQt6_Qt6_qml_QtQuick --> node_venv_lib_python3_12_site-packages_PyQt6_Qt6_qml_QtQuick_Controls["Controls"]\n    node_venv_lib_python3_12_site-packages_PyQt6_Qt6_qml_QtQuick_Controls --> node_venv_lib_python3_12_site-packages_PyQt6_Qt6_qml_QtQuick_Controls_FluentWinUI3["FluentWinUI3"]\n    node_venv_lib_python3_12_site-packages_PyQt6_Qt6_qml_QtQuick_Controls_FluentWinUI3 --> node_venv_lib_python3_12_site-packages_PyQt6_Qt6_qml_QtQuick_Controls_FluentWinUI3_light["light"]\n    node_venv_lib_python3_12_site-packages_PyQt6_Qt6_qml_QtQuick_Controls_FluentWinUI3_light --> node_venv_lib_python3_12_site-packages_PyQt6_Qt6_qml_QtQuick_Controls_FluentWinUI3_light_images["images"]\n    node_venv_lib_python3_12_site-packages_PyQt6_Qt6_qml_QtQuick_Controls_FluentWinUI3_light_images --> node_venv_lib_python3_12_site-packages_PyQt6_Qt6_qml_QtQuick_Controls_FluentWinUI3_light_images_slider-groove-disabled@2x_png["slider-groove-disabled@2x.png"]\n    Root --> node_venv["venv"]\n    node_venv --> node_venv_lib["lib"]\n    node_venv_lib --> node_venv_lib_python3_12["python3.12"]\n    node_venv_lib_python3_12 --> node_venv_lib_python3_12_site-packages["site-packages"]\n    node_venv_lib_python3_12_site-packages --> node_venv_lib_python3_12_site-packages_PyQt6["PyQt6"]\n    node_venv_lib_python3_12_site-packages_PyQt6 --> node_venv_lib_python3_12_site-packages_PyQt6_Qt6["Qt6"]\n    node_venv_lib_python3_12_site-packages_PyQt6_Qt6 --> node_venv_lib_python3_12_site-packages_PyQt6_Qt6_qml["qml"]\n    node_venv_lib_python3_12_site-packages_PyQt6_Qt6_qml --> node_venv_lib_python3_12_site-packages_PyQt6_Qt6_qml_QtQuick["QtQuick"]\n    node_venv_lib_python3_12_site-packages_PyQt6_Qt6_qml_QtQuick --> node_venv_lib_python3_12_site-packages_PyQt6_Qt6_qml_QtQuick_Controls["Controls"]\n    node_venv_lib_python3_12_site-packages_PyQt6_Qt6_qml_QtQuick_Controls --> node_venv_lib_python3_12_site-packages_PyQt6_Qt6_qml_QtQuick_Controls_FluentWinUI3["FluentWinUI3"]\n    node_venv_lib_python3_12_site-packages_PyQt6_Qt6_qml_QtQuick_Controls_FluentWinUI3 --> node_venv_lib_python3_12_site-packages_PyQt6_Qt6_qml_QtQuick_Controls_FluentWinUI3_light["light"]\n    node_venv_lib_python3_12_site-packages_PyQt6_Qt6_qml_QtQuick_Controls_FluentWinUI3_light --> node_venv_lib_python3_12_site-packages_PyQt6_Qt6_qml_QtQuick_Controls_FluentWinUI3_light_images["images"]\n    node_venv_lib_python3_12_site-packages_PyQt6_Qt6_qml_QtQuick_Controls_FluentWinUI3_light_images --> node_venv_lib_python3_12_site-packages_PyQt6_Qt6_qml_QtQuick_Controls_FluentWinUI3_light_images_slider-groove-disabled@3x_png["slider-groove-disabled@3x.png"]\n    Root --> node_venv["venv"]\n    node_venv --> node_venv_lib["lib"]\n    node_venv_lib --> node_venv_lib_python3_12["python3.12"]\n    node_venv_lib_python3_12 --> node_venv_lib_python3_12_site-packages["site-packages"]\n    node_venv_lib_python3_12_site-packages --> node_venv_lib_python3_12_site-packages_PyQt6["PyQt6"]\n    node_venv_lib_python3_12_site-packages_PyQt6 --> node_venv_lib_python3_12_site-packages_PyQt6_Qt6["Qt6"]\n    node_venv_lib_python3_12_site-packages_PyQt6_Qt6 --> node_venv_lib_python3_12_site-packages_PyQt6_Qt6_qml["qml"]\n    node_venv_lib_python3_12_site-packages_PyQt6_Qt6_qml --> node_venv_lib_python3_12_site-packages_PyQt6_Qt6_qml_QtQuick["QtQuick"]\n    node_venv_lib_python3_12_site-packages_PyQt6_Qt6_qml_QtQuick --> node_venv_lib_python3_12_site-packages_PyQt6_Qt6_qml_QtQuick_Controls["Controls"]\n    node_venv_lib_python3_12_site-packages_PyQt6_Qt6_qml_QtQuick_Controls --> node_venv_lib_python3_12_site-packages_PyQt6_Qt6_qml_QtQuick_Controls_FluentWinUI3["FluentWinUI3"]\n    node_venv_lib_python3_12_site-packages_PyQt6_Qt6_qml_QtQuick_Controls_FluentWinUI3 --> node_venv_lib_python3_12_site-packages_PyQt6_Qt6_qml_QtQuick_Controls_FluentWinUI3_light["light"]\n    node_venv_lib_python3_12_site-packages_PyQt6_Qt6_qml_QtQuick_Controls_FluentWinUI3_light --> node_venv_lib_python3_12_site-packages_PyQt6_Qt6_qml_QtQuick_Controls_FluentWinUI3_light_images["images"]\n    node_venv_lib_python3_12_site-packages_PyQt6_Qt6_qml_QtQuick_Controls_FluentWinUI3_light_images --> node_venv_lib_python3_12_site-packages_PyQt6_Qt6_qml_QtQuick_Controls_FluentWinUI3_light_images_slider-groove-hovered_png["slider-groove-hovered.png"]\n    Root --> node_venv["venv"]\n    node_venv --> node_venv_lib["lib"]\n    node_venv_lib --> node_venv_lib_python3_12["python3.12"]\n    node_venv_lib_python3_12 --> node_venv_lib_python3_12_site-packages["site-packages"]\n    node_venv_lib_python3_12_site-packages --> node_venv_lib_python3_12_site-packages_PyQt6["PyQt6"]\n    node_venv_lib_python3_12_site-packages_PyQt6 --> node_venv_lib_python3_12_site-packages_PyQt6_Qt6["Qt6"]\n    node_venv_lib_python3_12_site-packages_PyQt6_Qt6 --> node_venv_lib_python3_12_site-packages_PyQt6_Qt6_qml["qml"]\n    node_venv_lib_python3_12_site-packages_PyQt6_Qt6_qml --> node_venv_lib_python3_12_site-packages_PyQt6_Qt6_qml_QtQuick["QtQuick"]\n    node_venv_lib_python3_12_site-packages_PyQt6_Qt6_qml_QtQuick --> node_venv_lib_python3_12_site-packages_PyQt6_Qt6_qml_QtQuick_Controls["Controls"]\n    node_venv_lib_python3_12_site-packages_PyQt6_Qt6_qml_QtQuick_Controls --> node_venv_lib_python3_12_site-packages_PyQt6_Qt6_qml_QtQuick_Controls_FluentWinUI3["FluentWinUI3"]\n    node_venv_lib_python3_12_site-packages_PyQt6_Qt6_qml_QtQuick_Controls_FluentWinUI3 --> node_venv_lib_python3_12_site-packages_PyQt6_Qt6_qml_QtQuick_Controls_FluentWinUI3_light["light"]\n    node_venv_lib_python3_12_site-packages_PyQt6_Qt6_qml_QtQuick_Controls_FluentWinUI3_light --> node_venv_lib_python3_12_site-packages_PyQt6_Qt6_qml_QtQuick_Controls_FluentWinUI3_light_images["images"]\n    node_venv_lib_python3_12_site-packages_PyQt6_Qt6_qml_QtQuick_Controls_FluentWinUI3_light_images --> node_venv_lib_python3_12_site-packages_PyQt6_Qt6_qml_QtQuick_Controls_FluentWinUI3_light_images_slider-groove-hovered@2x_png["slider-groove-hovered@2x.png"]\n    Root --> node_venv["venv"]\n    node_venv --> node_venv_lib["lib"]\n    node_venv_lib --> node_venv_lib_python3_12["python3.12"]\n    node_venv_lib_python3_12 --> node_venv_lib_python3_12_site-packages["site-packages"]\n    node_venv_lib_python3_12_site-packages --> node_venv_lib_python3_12_site-packages_PyQt6["PyQt6"]\n    node_venv_lib_python3_12_site-packages_PyQt6 --> node_venv_lib_python3_12_site-packages_PyQt6_Qt6["Qt6"]\n    node_venv_lib_python3_12_site-packages_PyQt6_Qt6 --> node_venv_lib_python3_12_site-packages_PyQt6_Qt6_qml["qml"]\n    node_venv_lib_python3_12_site-packages_PyQt6_Qt6_qml --> node_venv_lib_python3_12_site-packages_PyQt6_Qt6_qml_QtQuick["QtQuick"]\n    node_venv_lib_python3_12_site-packages_PyQt6_Qt6_qml_QtQuick --> node_venv_lib_python3_12_site-packages_PyQt6_Qt6_qml_QtQuick_Controls["Controls"]\n    node_venv_lib_python3_12_site-packages_PyQt6_Qt6_qml_QtQuick_Controls --> node_venv_lib_python3_12_site-packages_PyQt6_Qt6_qml_QtQuick_Controls_FluentWinUI3["FluentWinUI3"]\n    node_venv_lib_python3_12_site-packages_PyQt6_Qt6_qml_QtQuick_Controls_FluentWinUI3 --> node_venv_lib_python3_12_site-packages_PyQt6_Qt6_qml_QtQuick_Controls_FluentWinUI3_light["light"]\n    node_venv_lib_python3_12_site-packages_PyQt6_Qt6_qml_QtQuick_Controls_FluentWinUI3_light --> node_venv_lib_python3_12_site-packages_PyQt6_Qt6_qml_QtQuick_Controls_FluentWinUI3_light_images["images"]\n    node_venv_lib_python3_12_site-packages_PyQt6_Qt6_qml_QtQuick_Controls_FluentWinUI3_light_images --> node_venv_lib_python3_12_site-packages_PyQt6_Qt6_qml_QtQuick_Controls_FluentWinUI3_light_images_slider-groove-hovered@3x_png["slider-groove-hovered@3x.png"]\n    Root --> node_venv["venv"]\n    node_venv --> node_venv_lib["lib"]\n    node_venv_lib --> node_venv_lib_python3_12["python3.12"]\n    node_venv_lib_python3_12 --> node_venv_lib_python3_12_site-packages["site-packages"]\n    node_venv_lib_python3_12_site-packages --> node_venv_lib_python3_12_site-packages_PyQt6["PyQt6"]\n    node_venv_lib_python3_12_site-packages_PyQt6 --> node_venv_lib_python3_12_site-packages_PyQt6_Qt6["Qt6"]\n    node_venv_lib_python3_12_site-packages_PyQt6_Qt6 --> node_venv_lib_python3_12_site-packages_PyQt6_Qt6_qml["qml"]\n    node_venv_lib_python3_12_site-packages_PyQt6_Qt6_qml --> node_venv_lib_python3_12_site-packages_PyQt6_Qt6_qml_QtQuick["QtQuick"]\n    node_venv_lib_python3_12_site-packages_PyQt6_Qt6_qml_QtQuick --> node_venv_lib_python3_12_site-packages_PyQt6_Qt6_qml_QtQuick_Controls["Controls"]\n    node_venv_lib_python3_12_site-packages_PyQt6_Qt6_qml_QtQuick_Controls --> node_venv_lib_python3_12_site-packages_PyQt6_Qt6_qml_QtQuick_Controls_FluentWinUI3["FluentWinUI3"]\n    node_venv_lib_python3_12_site-packages_PyQt6_Qt6_qml_QtQuick_Controls_FluentWinUI3 --> node_venv_lib_python3_12_site-packages_PyQt6_Qt6_qml_QtQuick_Controls_FluentWinUI3_light["light"]\n    node_venv_lib_python3_12_site-packages_PyQt6_Qt6_qml_QtQuick_Controls_FluentWinUI3_light --> node_venv_lib_python3_12_site-packages_PyQt6_Qt6_qml_QtQuick_Controls_FluentWinUI3_light_images["images"]\n    node_venv_lib_python3_12_site-packages_PyQt6_Qt6_qml_QtQuick_Controls_FluentWinUI3_light_images --> node_venv_lib_python3_12_site-packages_PyQt6_Qt6_qml_QtQuick_Controls_FluentWinUI3_light_images_slider-groove-pressed_png["slider-groove-pressed.png"]\n    Root --> node_venv["venv"]\n    node_venv --> node_venv_lib["lib"]\n    node_venv_lib --> node_venv_lib_python3_12["python3.12"]\n    node_venv_lib_python3_12 --> node_venv_lib_python3_12_site-packages["site-packages"]\n    node_venv_lib_python3_12_site-packages --> node_venv_lib_python3_12_site-packages_PyQt6["PyQt6"]\n    node_venv_lib_python3_12_site-packages_PyQt6 --> node_venv_lib_python3_12_site-packages_PyQt6_Qt6["Qt6"]\n    node_venv_lib_python3_12_site-packages_PyQt6_Qt6 --> node_venv_lib_python3_12_site-packages_PyQt6_Qt6_qml["qml"]\n    node_venv_lib_python3_12_site-packages_PyQt6_Qt6_qml --> node_venv_lib_python3_12_site-packages_PyQt6_Qt6_qml_QtQuick["QtQuick"]\n    node_venv_lib_python3_12_site-packages_PyQt6_Qt6_qml_QtQuick --> node_venv_lib_python3_12_site-packages_PyQt6_Qt6_qml_QtQuick_Controls["Controls"]\n    node_venv_lib_python3_12_site-packages_PyQt6_Qt6_qml_QtQuick_Controls --> node_venv_lib_python3_12_site-packages_PyQt6_Qt6_qml_QtQuick_Controls_FluentWinUI3["FluentWinUI3"]\n    node_venv_lib_python3_12_site-packages_PyQt6_Qt6_qml_QtQuick_Controls_FluentWinUI3 --> node_venv_lib_python3_12_site-packages_PyQt6_Qt6_qml_QtQuick_Controls_FluentWinUI3_light["light"]\n    node_venv_lib_python3_12_site-packages_PyQt6_Qt6_qml_QtQuick_Controls_FluentWinUI3_light --> node_venv_lib_python3_12_site-packages_PyQt6_Qt6_qml_QtQuick_Controls_FluentWinUI3_light_images["images"]\n    node_venv_lib_python3_12_site-packages_PyQt6_Qt6_qml_QtQuick_Controls_FluentWinUI3_light_images --> node_venv_lib_python3_12_site-packages_PyQt6_Qt6_qml_QtQuick_Controls_FluentWinUI3_light_images_slider-groove-pressed@2x_png["slider-groove-pressed@2x.png"]\n    Root --> node_venv["venv"]\n    node_venv --> node_venv_lib["lib"]\n    node_venv_lib --> node_venv_lib_python3_12["python3.12"]\n    node_venv_lib_python3_12 --> node_venv_lib_python3_12_site-packages["site-packages"]\n    node_venv_lib_python3_12_site-packages --> node_venv_lib_python3_12_site-packages_PyQt6["PyQt6"]\n    node_venv_lib_python3_12_site-packages_PyQt6 --> node_venv_lib_python3_12_site-packages_PyQt6_Qt6["Qt6"]\n    node_venv_lib_python3_12_site-packages_PyQt6_Qt6 --> node_venv_lib_python3_12_site-packages_PyQt6_Qt6_qml["qml"]\n    node_venv_lib_python3_12_site-packages_PyQt6_Qt6_qml --> node_venv_lib_python3_12_site-packages_PyQt6_Qt6_qml_QtQuick["QtQuick"]\n    node_venv_lib_python3_12_site-packages_PyQt6_Qt6_qml_QtQuick --> node_venv_lib_python3_12_site-packages_PyQt6_Qt6_qml_QtQuick_Controls["Controls"]\n    node_venv_lib_python3_12_site-packages_PyQt6_Qt6_qml_QtQuick_Controls --> node_venv_lib_python3_12_site-packages_PyQt6_Qt6_qml_QtQuick_Controls_FluentWinUI3["FluentWinUI3"]\n    node_venv_lib_python3_12_site-packages_PyQt6_Qt6_qml_QtQuick_Controls_FluentWinUI3 --> node_venv_lib_python3_12_site-packages_PyQt6_Qt6_qml_QtQuick_Controls_FluentWinUI3_light["light"]\n    node_venv_lib_python3_12_site-packages_PyQt6_Qt6_qml_QtQuick_Controls_FluentWinUI3_light --> node_venv_lib_python3_12_site-packages_PyQt6_Qt6_qml_QtQuick_Controls_FluentWinUI3_light_images["images"]\n    node_venv_lib_python3_12_site-packages_PyQt6_Qt6_qml_QtQuick_Controls_FluentWinUI3_light_images --> node_venv_lib_python3_12_site-packages_PyQt6_Qt6_qml_QtQuick_Controls_FluentWinUI3_light_images_slider-groove-pressed@3x_png["slider-groove-pressed@3x.png"]\n    Root --> node_venv["venv"]\n    node_venv --> node_venv_lib["lib"]\n    node_venv_lib --> node_venv_lib_python3_12["python3.12"]\n    node_venv_lib_python3_12 --> node_venv_lib_python3_12_site-packages["site-packages"]\n    node_venv_lib_python3_12_site-packages --> node_venv_lib_python3_12_site-packages_PyQt6["PyQt6"]\n    node_venv_lib_python3_12_site-packages_PyQt6 --> node_venv_lib_python3_12_site-packages_PyQt6_Qt6["Qt6"]\n    node_venv_lib_python3_12_site-packages_PyQt6_Qt6 --> node_venv_lib_python3_12_site-packages_PyQt6_Qt6_qml["qml"]\n    node_venv_lib_python3_12_site-packages_PyQt6_Qt6_qml --> node_venv_lib_python3_12_site-packages_PyQt6_Qt6_qml_QtQuick["QtQuick"]\n    node_venv_lib_python3_12_site-packages_PyQt6_Qt6_qml_QtQuick --> node_venv_lib_python3_12_site-packages_PyQt6_Qt6_qml_QtQuick_Controls["Controls"]\n    node_venv_lib_python3_12_site-packages_PyQt6_Qt6_qml_QtQuick_Controls --> node_venv_lib_python3_12_site-packages_PyQt6_Qt6_qml_QtQuick_Controls_FluentWinUI3["FluentWinUI3"]\n    node_venv_lib_python3_12_site-packages_PyQt6_Qt6_qml_QtQuick_Controls_FluentWinUI3 --> node_venv_lib_python3_12_site-packages_PyQt6_Qt6_qml_QtQuick_Controls_FluentWinUI3_light["light"]\n    node_venv_lib_python3_12_site-packages_PyQt6_Qt6_qml_QtQuick_Controls_FluentWinUI3_light --> node_venv_lib_python3_12_site-packages_PyQt6_Qt6_qml_QtQuick_Controls_FluentWinUI3_light_images["images"]\n    node_venv_lib_python3_12_site-packages_PyQt6_Qt6_qml_QtQuick_Controls_FluentWinUI3_light_images --> node_venv_lib_python3_12_site-packages_PyQt6_Qt6_qml_QtQuick_Controls_FluentWinUI3_light_images_slider-groove_png["slider-groove.png"]\n    Root --> node_venv["venv"]\n    node_venv --> node_venv_lib["lib"]\n    node_venv_lib --> node_venv_lib_python3_12["python3.12"]\n    node_venv_lib_python3_12 --> node_venv_lib_python3_12_site-packages["site-packages"]\n    node_venv_lib_python3_12_site-packages --> node_venv_lib_python3_12_site-packages_PyQt6["PyQt6"]\n    node_venv_lib_python3_12_site-packages_PyQt6 --> node_venv_lib_python3_12_site-packages_PyQt6_Qt6["Qt6"]\n    node_venv_lib_python3_12_site-packages_PyQt6_Qt6 --> node_venv_lib_python3_12_site-packages_PyQt6_Qt6_qml["qml"]\n    node_venv_lib_python3_12_site-packages_PyQt6_Qt6_qml --> node_venv_lib_python3_12_site-packages_PyQt6_Qt6_qml_QtQuick["QtQuick"]\n    node_venv_lib_python3_12_site-packages_PyQt6_Qt6_qml_QtQuick --> node_venv_lib_python3_12_site-packages_PyQt6_Qt6_qml_QtQuick_Controls["Controls"]\n    node_venv_lib_python3_12_site-packages_PyQt6_Qt6_qml_QtQuick_Controls --> node_venv_lib_python3_12_site-packages_PyQt6_Qt6_qml_QtQuick_Controls_FluentWinUI3["FluentWinUI3"]\n    node_venv_lib_python3_12_site-packages_PyQt6_Qt6_qml_QtQuick_Controls_FluentWinUI3 --> node_venv_lib_python3_12_site-packages_PyQt6_Qt6_qml_QtQuick_Controls_FluentWinUI3_light["light"]\n    node_venv_lib_python3_12_site-packages_PyQt6_Qt6_qml_QtQuick_Controls_FluentWinUI3_light --> node_venv_lib_python3_12_site-packages_PyQt6_Qt6_qml_QtQuick_Controls_FluentWinUI3_light_images["images"]\n    node_venv_lib_python3_12_site-packages_PyQt6_Qt6_qml_QtQuick_Controls_FluentWinUI3_light_images --> node_venv_lib_python3_12_site-packages_PyQt6_Qt6_qml_QtQuick_Controls_FluentWinUI3_light_images_slider-groove@2x_png["slider-groove@2x.png"]\n    Root --> node_venv["venv"]\n    node_venv --> node_venv_lib["lib"]\n    node_venv_lib --> node_venv_lib_python3_12["python3.12"]\n    node_venv_lib_python3_12 --> node_venv_lib_python3_12_site-packages["site-packages"]\n    node_venv_lib_python3_12_site-packages --> node_venv_lib_python3_12_site-packages_PyQt6["PyQt6"]\n    node_venv_lib_python3_12_site-packages_PyQt6 --> node_venv_lib_python3_12_site-packages_PyQt6_Qt6["Qt6"]\n    node_venv_lib_python3_12_site-packages_PyQt6_Qt6 --> node_venv_lib_python3_12_site-packages_PyQt6_Qt6_qml["qml"]\n    node_venv_lib_python3_12_site-packages_PyQt6_Qt6_qml --> node_venv_lib_python3_12_site-packages_PyQt6_Qt6_qml_QtQuick["QtQuick"]\n    node_venv_lib_python3_12_site-packages_PyQt6_Qt6_qml_QtQuick --> node_venv_lib_python3_12_site-packages_PyQt6_Qt6_qml_QtQuick_Controls["Controls"]\n    node_venv_lib_python3_12_site-packages_PyQt6_Qt6_qml_QtQuick_Controls --> node_venv_lib_python3_12_site-packages_PyQt6_Qt6_qml_QtQuick_Controls_FluentWinUI3["FluentWinUI3"]\n    node_venv_lib_python3_12_site-packages_PyQt6_Qt6_qml_QtQuick_Controls_FluentWinUI3 --> node_venv_lib_python3_12_site-packages_PyQt6_Qt6_qml_QtQuick_Controls_FluentWinUI3_light["light"]\n    node_venv_lib_python3_12_site-packages_PyQt6_Qt6_qml_QtQuick_Controls_FluentWinUI3_light --> node_venv_lib_python3_12_site-packages_PyQt6_Qt6_qml_QtQuick_Controls_FluentWinUI3_light_images["images"]\n    node_venv_lib_python3_12_site-packages_PyQt6_Qt6_qml_QtQuick_Controls_FluentWinUI3_light_images --> node_venv_lib_python3_12_site-packages_PyQt6_Qt6_qml_QtQuick_Controls_FluentWinUI3_light_images_slider-groove@3x_png["slider-groove@3x.png"]\n    Root --> node_venv["venv"]\n    node_venv --> node_venv_lib["lib"]\n    node_venv_lib --> node_venv_lib_python3_12["python3.12"]\n    node_venv_lib_python3_12 --> node_venv_lib_python3_12_site-packages["site-packages"]\n    node_venv_lib_python3_12_site-packages --> node_venv_lib_python3_12_site-packages_PyQt6["PyQt6"]\n    node_venv_lib_python3_12_site-packages_PyQt6 --> node_venv_lib_python3_12_site-packages_PyQt6_Qt6["Qt6"]\n    node_venv_lib_python3_12_site-packages_PyQt6_Qt6 --> node_venv_lib_python3_12_site-packages_PyQt6_Qt6_qml["qml"]\n    node_venv_lib_python3_12_site-packages_PyQt6_Qt6_qml --> node_venv_lib_python3_12_site-packages_PyQt6_Qt6_qml_QtQuick["QtQuick"]\n    node_venv_lib_python3_12_site-packages_PyQt6_Qt6_qml_QtQuick --> node_venv_lib_python3_12_site-packages_PyQt6_Qt6_qml_QtQuick_Controls["Controls"]\n    node_venv_lib_python3_12_site-packages_PyQt6_Qt6_qml_QtQuick_Controls --> node_venv_lib_python3_12_site-packages_PyQt6_Qt6_qml_QtQuick_Controls_FluentWinUI3["FluentWinUI3"]\n    node_venv_lib_python3_12_site-packages_PyQt6_Qt6_qml_QtQuick_Controls_FluentWinUI3 --> node_venv_lib_python3_12_site-packages_PyQt6_Qt6_qml_QtQuick_Controls_FluentWinUI3_light["light"]\n    node_venv_lib_python3_12_site-packages_PyQt6_Qt6_qml_QtQuick_Controls_FluentWinUI3_light --> node_venv_lib_python3_12_site-packages_PyQt6_Qt6_qml_QtQuick_Controls_FluentWinUI3_light_images["images"]\n    node_venv_lib_python3_12_site-packages_PyQt6_Qt6_qml_QtQuick_Controls_FluentWinUI3_light_images --> node_venv_lib_python3_12_site-packages_PyQt6_Qt6_qml_QtQuick_Controls_FluentWinUI3_light_images_slider-handle-disabled_png["slider-handle-disabled.png"]\n    Root --> node_venv["venv"]\n    node_venv --> node_venv_lib["lib"]\n    node_venv_lib --> node_venv_lib_python3_12["python3.12"]\n    node_venv_lib_python3_12 --> node_venv_lib_python3_12_site-packages["site-packages"]\n    node_venv_lib_python3_12_site-packages --> node_venv_lib_python3_12_site-packages_PyQt6["PyQt6"]\n    node_venv_lib_python3_12_site-packages_PyQt6 --> node_venv_lib_python3_12_site-packages_PyQt6_Qt6["Qt6"]\n    node_venv_lib_python3_12_site-packages_PyQt6_Qt6 --> node_venv_lib_python3_12_site-packages_PyQt6_Qt6_qml["qml"]\n    node_venv_lib_python3_12_site-packages_PyQt6_Qt6_qml --> node_venv_lib_python3_12_site-packages_PyQt6_Qt6_qml_QtQuick["QtQuick"]\n    node_venv_lib_python3_12_site-packages_PyQt6_Qt6_qml_QtQuick --> node_venv_lib_python3_12_site-packages_PyQt6_Qt6_qml_QtQuick_Controls["Controls"]\n    node_venv_lib_python3_12_site-packages_PyQt6_Qt6_qml_QtQuick_Controls --> node_venv_lib_python3_12_site-packages_PyQt6_Qt6_qml_QtQuick_Controls_FluentWinUI3["FluentWinUI3"]\n    node_venv_lib_python3_12_site-packages_PyQt6_Qt6_qml_QtQuick_Controls_FluentWinUI3 --> node_venv_lib_python3_12_site-packages_PyQt6_Qt6_qml_QtQuick_Controls_FluentWinUI3_light["light"]\n    node_venv_lib_python3_12_site-packages_PyQt6_Qt6_qml_QtQuick_Controls_FluentWinUI3_light --> node_venv_lib_python3_12_site-packages_PyQt6_Qt6_qml_QtQuick_Controls_FluentWinUI3_light_images["images"]\n    node_venv_lib_python3_12_site-packages_PyQt6_Qt6_qml_QtQuick_Controls_FluentWinUI3_light_images --> node_venv_lib_python3_12_site-packages_PyQt6_Qt6_qml_QtQuick_Controls_FluentWinUI3_light_images_slider-handle-disabled@2x_png["slider-handle-disabled@2x.png"]\n    Root --> node_venv["venv"]\n    node_venv --> node_venv_lib["lib"]\n    node_venv_lib --> node_venv_lib_python3_12["python3.12"]\n    node_venv_lib_python3_12 --> node_venv_lib_python3_12_site-packages["site-packages"]\n    node_venv_lib_python3_12_site-packages --> node_venv_lib_python3_12_site-packages_PyQt6["PyQt6"]\n    node_venv_lib_python3_12_site-packages_PyQt6 --> node_venv_lib_python3_12_site-packages_PyQt6_Qt6["Qt6"]\n    node_venv_lib_python3_12_site-packages_PyQt6_Qt6 --> node_venv_lib_python3_12_site-packages_PyQt6_Qt6_qml["qml"]\n    node_venv_lib_python3_12_site-packages_PyQt6_Qt6_qml --> node_venv_lib_python3_12_site-packages_PyQt6_Qt6_qml_QtQuick["QtQuick"]\n    node_venv_lib_python3_12_site-packages_PyQt6_Qt6_qml_QtQuick --> node_venv_lib_python3_12_site-packages_PyQt6_Qt6_qml_QtQuick_Controls["Controls"]\n    node_venv_lib_python3_12_site-packages_PyQt6_Qt6_qml_QtQuick_Controls --> node_venv_lib_python3_12_site-packages_PyQt6_Qt6_qml_QtQuick_Controls_FluentWinUI3["FluentWinUI3"]\n    node_venv_lib_python3_12_site-packages_PyQt6_Qt6_qml_QtQuick_Controls_FluentWinUI3 --> node_venv_lib_python3_12_site-packages_PyQt6_Qt6_qml_QtQuick_Controls_FluentWinUI3_light["light"]\n    node_venv_lib_python3_12_site-packages_PyQt6_Qt6_qml_QtQuick_Controls_FluentWinUI3_light --> node_venv_lib_python3_12_site-packages_PyQt6_Qt6_qml_QtQuick_Controls_FluentWinUI3_light_images["images"]\n    node_venv_lib_python3_12_site-packages_PyQt6_Qt6_qml_QtQuick_Controls_FluentWinUI3_light_images --> node_venv_lib_python3_12_site-packages_PyQt6_Qt6_qml_QtQuick_Controls_FluentWinUI3_light_images_slider-handle-disabled@3x_png["slider-handle-disabled@3x.png"]\n    Root --> node_venv["venv"]\n    node_venv --> node_venv_lib["lib"]\n    node_venv_lib --> node_venv_lib_python3_12["python3.12"]\n    node_venv_lib_python3_12 --> node_venv_lib_python3_12_site-packages["site-packages"]\n    node_venv_lib_python3_12_site-packages --> node_venv_lib_python3_12_site-packages_PyQt6["PyQt6"]\n    node_venv_lib_python3_12_site-packages_PyQt6 --> node_venv_lib_python3_12_site-packages_PyQt6_Qt6["Qt6"]\n    node_venv_lib_python3_12_site-packages_PyQt6_Qt6 --> node_venv_lib_python3_12_site-packages_PyQt6_Qt6_qml["qml"]\n    node_venv_lib_python3_12_site-packages_PyQt6_Qt6_qml --> node_venv_lib_python3_12_site-packages_PyQt6_Qt6_qml_QtQuick["QtQuick"]\n    node_venv_lib_python3_12_site-packages_PyQt6_Qt6_qml_QtQuick --> node_venv_lib_python3_12_site-packages_PyQt6_Qt6_qml_QtQuick_Controls["Controls"]\n    node_venv_lib_python3_12_site-packages_PyQt6_Qt6_qml_QtQuick_Controls --> node_venv_lib_python3_12_site-packages_PyQt6_Qt6_qml_QtQuick_Controls_FluentWinUI3["FluentWinUI3"]\n    node_venv_lib_python3_12_site-packages_PyQt6_Qt6_qml_QtQuick_Controls_FluentWinUI3 --> node_venv_lib_python3_12_site-packages_PyQt6_Qt6_qml_QtQuick_Controls_FluentWinUI3_light["light"]\n    node_venv_lib_python3_12_site-packages_PyQt6_Qt6_qml_QtQuick_Controls_FluentWinUI3_light --> node_venv_lib_python3_12_site-packages_PyQt6_Qt6_qml_QtQuick_Controls_FluentWinUI3_light_images["images"]\n    node_venv_lib_python3_12_site-packages_PyQt6_Qt6_qml_QtQuick_Controls_FluentWinUI3_light_images --> node_venv_lib_python3_12_site-packages_PyQt6_Qt6_qml_QtQuick_Controls_FluentWinUI3_light_images_slider-handle-hovered_png["slider-handle-hovered.png"]\n    Root --> node_venv["venv"]\n    node_venv --> node_venv_lib["lib"]\n    node_venv_lib --> node_venv_lib_python3_12["python3.12"]\n    node_venv_lib_python3_12 --> node_venv_lib_python3_12_site-packages["site-packages"]\n    node_venv_lib_python3_12_site-packages --> node_venv_lib_python3_12_site-packages_PyQt6["PyQt6"]\n    node_venv_lib_python3_12_site-packages_PyQt6 --> node_venv_lib_python3_12_site-packages_PyQt6_Qt6["Qt6"]\n    node_venv_lib_python3_12_site-packages_PyQt6_Qt6 --> node_venv_lib_python3_12_site-packages_PyQt6_Qt6_qml["qml"]\n    node_venv_lib_python3_12_site-packages_PyQt6_Qt6_qml --> node_venv_lib_python3_12_site-packages_PyQt6_Qt6_qml_QtQuick["QtQuick"]\n    node_venv_lib_python3_12_site-packages_PyQt6_Qt6_qml_QtQuick --> node_venv_lib_python3_12_site-packages_PyQt6_Qt6_qml_QtQuick_Controls["Controls"]\n    node_venv_lib_python3_12_site-packages_PyQt6_Qt6_qml_QtQuick_Controls --> node_venv_lib_python3_12_site-packages_PyQt6_Qt6_qml_QtQuick_Controls_FluentWinUI3["FluentWinUI3"]\n    node_venv_lib_python3_12_site-packages_PyQt6_Qt6_qml_QtQuick_Controls_FluentWinUI3 --> node_venv_lib_python3_12_site-packages_PyQt6_Qt6_qml_QtQuick_Controls_FluentWinUI3_light["light"]\n    node_venv_lib_python3_12_site-packages_PyQt6_Qt6_qml_QtQuick_Controls_FluentWinUI3_light --> node_venv_lib_python3_12_site-packages_PyQt6_Qt6_qml_QtQuick_Controls_FluentWinUI3_light_images["images"]\n    node_venv_lib_python3_12_site-packages_PyQt6_Qt6_qml_QtQuick_Controls_FluentWinUI3_light_images --> node_venv_lib_python3_12_site-packages_PyQt6_Qt6_qml_QtQuick_Controls_FluentWinUI3_light_images_slider-handle-hovered@2x_png["slider-handle-hovered@2x.png"]\n    Root --> node_venv["venv"]\n    node_venv --> node_venv_lib["lib"]\n    node_venv_lib --> node_venv_lib_python3_12["python3.12"]\n    node_venv_lib_python3_12 --> node_venv_lib_python3_12_site-packages["site-packages"]\n    node_venv_lib_python3_12_site-packages --> node_venv_lib_python3_12_site-packages_PyQt6["PyQt6"]\n    node_venv_lib_python3_12_site-packages_PyQt6 --> node_venv_lib_python3_12_site-packages_PyQt6_Qt6["Qt6"]\n    node_venv_lib_python3_12_site-packages_PyQt6_Qt6 --> node_venv_lib_python3_12_site-packages_PyQt6_Qt6_qml["qml"]\n    node_venv_lib_python3_12_site-packages_PyQt6_Qt6_qml --> node_venv_lib_python3_12_site-packages_PyQt6_Qt6_qml_QtQuick["QtQuick"]\n    node_venv_lib_python3_12_site-packages_PyQt6_Qt6_qml_QtQuick --> node_venv_lib_python3_12_site-packages_PyQt6_Qt6_qml_QtQuick_Controls["Controls"]\n    node_venv_lib_python3_12_site-packages_PyQt6_Qt6_qml_QtQuick_Controls --> node_venv_lib_python3_12_site-packages_PyQt6_Qt6_qml_QtQuick_Controls_FluentWinUI3["FluentWinUI3"]\n    node_venv_lib_python3_12_site-packages_PyQt6_Qt6_qml_QtQuick_Controls_FluentWinUI3 --> node_venv_lib_python3_12_site-packages_PyQt6_Qt6_qml_QtQuick_Controls_FluentWinUI3_light["light"]\n    node_venv_lib_python3_12_site-packages_PyQt6_Qt6_qml_QtQuick_Controls_FluentWinUI3_light --> node_venv_lib_python3_12_site-packages_PyQt6_Qt6_qml_QtQuick_Controls_FluentWinUI3_light_images["images"]\n    node_venv_lib_python3_12_site-packages_PyQt6_Qt6_qml_QtQuick_Controls_FluentWinUI3_light_images --> node_venv_lib_python3_12_site-packages_PyQt6_Qt6_qml_QtQuick_Controls_FluentWinUI3_light_images_slider-handle-hovered@3x_png["slider-handle-hovered@3x.png"]\n    Root --> node_venv["venv"]\n    node_venv --> node_venv_lib["lib"]\n    node_venv_lib --> node_venv_lib_python3_12["python3.12"]\n    node_venv_lib_python3_12 --> node_venv_lib_python3_12_site-packages["site-packages"]\n    node_venv_lib_python3_12_site-packages --> node_venv_lib_python3_12_site-packages_PyQt6["PyQt6"]\n    node_venv_lib_python3_12_site-packages_PyQt6 --> node_venv_lib_python3_12_site-packages_PyQt6_Qt6["Qt6"]\n    node_venv_lib_python3_12_site-packages_PyQt6_Qt6 --> node_venv_lib_python3_12_site-packages_PyQt6_Qt6_qml["qml"]\n    node_venv_lib_python3_12_site-packages_PyQt6_Qt6_qml --> node_venv_lib_python3_12_site-packages_PyQt6_Qt6_qml_QtQuick["QtQuick"]\n    node_venv_lib_python3_12_site-packages_PyQt6_Qt6_qml_QtQuick --> node_venv_lib_python3_12_site-packages_PyQt6_Qt6_qml_QtQuick_Controls["Controls"]\n    node_venv_lib_python3_12_site-packages_PyQt6_Qt6_qml_QtQuick_Controls --> node_venv_lib_python3_12_site-packages_PyQt6_Qt6_qml_QtQuick_Controls_FluentWinUI3["FluentWinUI3"]\n    node_venv_lib_python3_12_site-packages_PyQt6_Qt6_qml_QtQuick_Controls_FluentWinUI3 --> node_venv_lib_python3_12_site-packages_PyQt6_Qt6_qml_QtQuick_Controls_FluentWinUI3_light["light"]\n    node_venv_lib_python3_12_site-packages_PyQt6_Qt6_qml_QtQuick_Controls_FluentWinUI3_light --> node_venv_lib_python3_12_site-packages_PyQt6_Qt6_qml_QtQuick_Controls_FluentWinUI3_light_images["images"]\n    node_venv_lib_python3_12_site-packages_PyQt6_Qt6_qml_QtQuick_Controls_FluentWinUI3_light_images --> node_venv_lib_python3_12_site-packages_PyQt6_Qt6_qml_QtQuick_Controls_FluentWinUI3_light_images_slider-handle-pressed_png["slider-handle-pressed.png"]\n    Root --> node_venv["venv"]\n    node_venv --> node_venv_lib["lib"]\n    node_venv_lib --> node_venv_lib_python3_12["python3.12"]\n    node_venv_lib_python3_12 --> node_venv_lib_python3_12_site-packages["site-packages"]\n    node_venv_lib_python3_12_site-packages --> node_venv_lib_python3_12_site-packages_PyQt6["PyQt6"]\n    node_venv_lib_python3_12_site-packages_PyQt6 --> node_venv_lib_python3_12_site-packages_PyQt6_Qt6["Qt6"]\n    node_venv_lib_python3_12_site-packages_PyQt6_Qt6 --> node_venv_lib_python3_12_site-packages_PyQt6_Qt6_qml["qml"]\n    node_venv_lib_python3_12_site-packages_PyQt6_Qt6_qml --> node_venv_lib_python3_12_site-packages_PyQt6_Qt6_qml_QtQuick["QtQuick"]\n    node_venv_lib_python3_12_site-packages_PyQt6_Qt6_qml_QtQuick --> node_venv_lib_python3_12_site-packages_PyQt6_Qt6_qml_QtQuick_Controls["Controls"]\n    node_venv_lib_python3_12_site-packages_PyQt6_Qt6_qml_QtQuick_Controls --> node_venv_lib_python3_12_site-packages_PyQt6_Qt6_qml_QtQuick_Controls_FluentWinUI3["FluentWinUI3"]\n    node_venv_lib_python3_12_site-packages_PyQt6_Qt6_qml_QtQuick_Controls_FluentWinUI3 --> node_venv_lib_python3_12_site-packages_PyQt6_Qt6_qml_QtQuick_Controls_FluentWinUI3_light["light"]\n    node_venv_lib_python3_12_site-packages_PyQt6_Qt6_qml_QtQuick_Controls_FluentWinUI3_light --> node_venv_lib_python3_12_site-packages_PyQt6_Qt6_qml_QtQuick_Controls_FluentWinUI3_light_images["images"]\n    node_venv_lib_python3_12_site-packages_PyQt6_Qt6_qml_QtQuick_Controls_FluentWinUI3_light_images --> node_venv_lib_python3_12_site-packages_PyQt6_Qt6_qml_QtQuick_Controls_FluentWinUI3_light_images_slider-handle-pressed@2x_png["slider-handle-pressed@2x.png"]\n    Root --> node_venv["venv"]\n    node_venv --> node_venv_lib["lib"]\n    node_venv_lib --> node_venv_lib_python3_12["python3.12"]\n    node_venv_lib_python3_12 --> node_venv_lib_python3_12_site-packages["site-packages"]\n    node_venv_lib_python3_12_site-packages --> node_venv_lib_python3_12_site-packages_PyQt6["PyQt6"]\n    node_venv_lib_python3_12_site-packages_PyQt6 --> node_venv_lib_python3_12_site-packages_PyQt6_Qt6["Qt6"]\n    node_venv_lib_python3_12_site-packages_PyQt6_Qt6 --> node_venv_lib_python3_12_site-packages_PyQt6_Qt6_qml["qml"]\n    node_venv_lib_python3_12_site-packages_PyQt6_Qt6_qml --> node_venv_lib_python3_12_site-packages_PyQt6_Qt6_qml_QtQuick["QtQuick"]\n    node_venv_lib_python3_12_site-packages_PyQt6_Qt6_qml_QtQuick --> node_venv_lib_python3_12_site-packages_PyQt6_Qt6_qml_QtQuick_Controls["Controls"]\n    node_venv_lib_python3_12_site-packages_PyQt6_Qt6_qml_QtQuick_Controls --> node_venv_lib_python3_12_site-packages_PyQt6_Qt6_qml_QtQuick_Controls_FluentWinUI3["FluentWinUI3"]\n    node_venv_lib_python3_12_site-packages_PyQt6_Qt6_qml_QtQuick_Controls_FluentWinUI3 --> node_venv_lib_python3_12_site-packages_PyQt6_Qt6_qml_QtQuick_Controls_FluentWinUI3_light["light"]\n    node_venv_lib_python3_12_site-packages_PyQt6_Qt6_qml_QtQuick_Controls_FluentWinUI3_light --> node_venv_lib_python3_12_site-packages_PyQt6_Qt6_qml_QtQuick_Controls_FluentWinUI3_light_images["images"]\n    node_venv_lib_python3_12_site-packages_PyQt6_Qt6_qml_QtQuick_Controls_FluentWinUI3_light_images --> node_venv_lib_python3_12_site-packages_PyQt6_Qt6_qml_QtQuick_Controls_FluentWinUI3_light_images_slider-handle-pressed@3x_png["slider-handle-pressed@3x.png"]\n    Root --> node_venv["venv"]\n    node_venv --> node_venv_lib["lib"]\n    node_venv_lib --> node_venv_lib_python3_12["python3.12"]\n    node_venv_lib_python3_12 --> node_venv_lib_python3_12_site-packages["site-packages"]\n    node_venv_lib_python3_12_site-packages --> node_venv_lib_python3_12_site-packages_PyQt6["PyQt6"]\n    node_venv_lib_python3_12_site-packages_PyQt6 --> node_venv_lib_python3_12_site-packages_PyQt6_Qt6["Qt6"]\n    node_venv_lib_python3_12_site-packages_PyQt6_Qt6 --> node_venv_lib_python3_12_site-packages_PyQt6_Qt6_qml["qml"]\n    node_venv_lib_python3_12_site-packages_PyQt6_Qt6_qml --> node_venv_lib_python3_12_site-packages_PyQt6_Qt6_qml_QtQuick["QtQuick"]\n    node_venv_lib_python3_12_site-packages_PyQt6_Qt6_qml_QtQuick --> node_venv_lib_python3_12_site-packages_PyQt6_Qt6_qml_QtQuick_Controls["Controls"]\n    node_venv_lib_python3_12_site-packages_PyQt6_Qt6_qml_QtQuick_Controls --> node_venv_lib_python3_12_site-packages_PyQt6_Qt6_qml_QtQuick_Controls_FluentWinUI3["FluentWinUI3"]\n    node_venv_lib_python3_12_site-packages_PyQt6_Qt6_qml_QtQuick_Controls_FluentWinUI3 --> node_venv_lib_python3_12_site-packages_PyQt6_Qt6_qml_QtQuick_Controls_FluentWinUI3_light["light"]\n    node_venv_lib_python3_12_site-packages_PyQt6_Qt6_qml_QtQuick_Controls_FluentWinUI3_light --> node_venv_lib_python3_12_site-packages_PyQt6_Qt6_qml_QtQuick_Controls_FluentWinUI3_light_images["images"]\n    node_venv_lib_python3_12_site-packages_PyQt6_Qt6_qml_QtQuick_Controls_FluentWinUI3_light_images --> node_venv_lib_python3_12_site-packages_PyQt6_Qt6_qml_QtQuick_Controls_FluentWinUI3_light_images_slider-handle_png["slider-handle.png"]\n    Root --> node_venv["venv"]\n    node_venv --> node_venv_lib["lib"]\n    node_venv_lib --> node_venv_lib_python3_12["python3.12"]\n    node_venv_lib_python3_12 --> node_venv_lib_python3_12_site-packages["site-packages"]\n    node_venv_lib_python3_12_site-packages --> node_venv_lib_python3_12_site-packages_PyQt6["PyQt6"]\n    node_venv_lib_python3_12_site-packages_PyQt6 --> node_venv_lib_python3_12_site-packages_PyQt6_Qt6["Qt6"]\n    node_venv_lib_python3_12_site-packages_PyQt6_Qt6 --> node_venv_lib_python3_12_site-packages_PyQt6_Qt6_qml["qml"]\n    node_venv_lib_python3_12_site-packages_PyQt6_Qt6_qml --> node_venv_lib_python3_12_site-packages_PyQt6_Qt6_qml_QtQuick["QtQuick"]\n    node_venv_lib_python3_12_site-packages_PyQt6_Qt6_qml_QtQuick --> node_venv_lib_python3_12_site-packages_PyQt6_Qt6_qml_QtQuick_Controls["Controls"]\n    node_venv_lib_python3_12_site-packages_PyQt6_Qt6_qml_QtQuick_Controls --> node_venv_lib_python3_12_site-packages_PyQt6_Qt6_qml_QtQuick_Controls_FluentWinUI3["FluentWinUI3"]\n    node_venv_lib_python3_12_site-packages_PyQt6_Qt6_qml_QtQuick_Controls_FluentWinUI3 --> node_venv_lib_python3_12_site-packages_PyQt6_Qt6_qml_QtQuick_Controls_FluentWinUI3_light["light"]\n    node_venv_lib_python3_12_site-packages_PyQt6_Qt6_qml_QtQuick_Controls_FluentWinUI3_light --> node_venv_lib_python3_12_site-packages_PyQt6_Qt6_qml_QtQuick_Controls_FluentWinUI3_light_images["images"]\n    node_venv_lib_python3_12_site-packages_PyQt6_Qt6_qml_QtQuick_Controls_FluentWinUI3_light_images --> node_venv_lib_python3_12_site-packages_PyQt6_Qt6_qml_QtQuick_Controls_FluentWinUI3_light_images_slider-handle@2x_png["slider-handle@2x.png"]\n    Root --> node_venv["venv"]\n    node_venv --> node_venv_lib["lib"]\n    node_venv_lib --> node_venv_lib_python3_12["python3.12"]\n    node_venv_lib_python3_12 --> node_venv_lib_python3_12_site-packages["site-packages"]\n    node_venv_lib_python3_12_site-packages --> node_venv_lib_python3_12_site-packages_PyQt6["PyQt6"]\n    node_venv_lib_python3_12_site-packages_PyQt6 --> node_venv_lib_python3_12_site-packages_PyQt6_Qt6["Qt6"]\n    node_venv_lib_python3_12_site-packages_PyQt6_Qt6 --> node_venv_lib_python3_12_site-packages_PyQt6_Qt6_qml["qml"]\n    node_venv_lib_python3_12_site-packages_PyQt6_Qt6_qml --> node_venv_lib_python3_12_site-packages_PyQt6_Qt6_qml_QtQuick["QtQuick"]\n    node_venv_lib_python3_12_site-packages_PyQt6_Qt6_qml_QtQuick --> node_venv_lib_python3_12_site-packages_PyQt6_Qt6_qml_QtQuick_Controls["Controls"]\n    node_venv_lib_python3_12_site-packages_PyQt6_Qt6_qml_QtQuick_Controls --> node_venv_lib_python3_12_site-packages_PyQt6_Qt6_qml_QtQuick_Controls_FluentWinUI3["FluentWinUI3"]\n    node_venv_lib_python3_12_site-packages_PyQt6_Qt6_qml_QtQuick_Controls_FluentWinUI3 --> node_venv_lib_python3_12_site-packages_PyQt6_Qt6_qml_QtQuick_Controls_FluentWinUI3_light["light"]\n    node_venv_lib_python3_12_site-packages_PyQt6_Qt6_qml_QtQuick_Controls_FluentWinUI3_light --> node_venv_lib_python3_12_site-packages_PyQt6_Qt6_qml_QtQuick_Controls_FluentWinUI3_light_images["images"]\n    node_venv_lib_python3_12_site-packages_PyQt6_Qt6_qml_QtQuick_Controls_FluentWinUI3_light_images --> node_venv_lib_python3_12_site-packages_PyQt6_Qt6_qml_QtQuick_Controls_FluentWinUI3_light_images_slider-handle@3x_png["slider-handle@3x.png"]\n    Root --> node_venv["venv"]\n    node_venv --> node_venv_lib["lib"]\n    node_venv_lib --> node_venv_lib_python3_12["python3.12"]\n    node_venv_lib_python3_12 --> node_venv_lib_python3_12_site-packages["site-packages"]\n    node_venv_lib_python3_12_site-packages --> node_venv_lib_python3_12_site-packages_PyQt6["PyQt6"]\n    node_venv_lib_python3_12_site-packages_PyQt6 --> node_venv_lib_python3_12_site-packages_PyQt6_Qt6["Qt6"]\n    node_venv_lib_python3_12_site-packages_PyQt6_Qt6 --> node_venv_lib_python3_12_site-packages_PyQt6_Qt6_qml["qml"]\n    node_venv_lib_python3_12_site-packages_PyQt6_Qt6_qml --> node_venv_lib_python3_12_site-packages_PyQt6_Qt6_qml_QtQuick["QtQuick"]\n    node_venv_lib_python3_12_site-packages_PyQt6_Qt6_qml_QtQuick --> node_venv_lib_python3_12_site-packages_PyQt6_Qt6_qml_QtQuick_Controls["Controls"]\n    node_venv_lib_python3_12_site-packages_PyQt6_Qt6_qml_QtQuick_Controls --> node_venv_lib_python3_12_site-packages_PyQt6_Qt6_qml_QtQuick_Controls_FluentWinUI3["FluentWinUI3"]\n    node_venv_lib_python3_12_site-packages_PyQt6_Qt6_qml_QtQuick_Controls_FluentWinUI3 --> node_venv_lib_python3_12_site-packages_PyQt6_Qt6_qml_QtQuick_Controls_FluentWinUI3_light["light"]\n    node_venv_lib_python3_12_site-packages_PyQt6_Qt6_qml_QtQuick_Controls_FluentWinUI3_light --> node_venv_lib_python3_12_site-packages_PyQt6_Qt6_qml_QtQuick_Controls_FluentWinUI3_light_images["images"]\n    node_venv_lib_python3_12_site-packages_PyQt6_Qt6_qml_QtQuick_Controls_FluentWinUI3_light_images --> node_venv_lib_python3_12_site-packages_PyQt6_Qt6_qml_QtQuick_Controls_FluentWinUI3_light_images_spinbox-background-atlimit_png["spinbox-background-atlimit.png"]\n    Root --> node_venv["venv"]\n    node_venv --> node_venv_lib["lib"]\n    node_venv_lib --> node_venv_lib_python3_12["python3.12"]\n    node_venv_lib_python3_12 --> node_venv_lib_python3_12_site-packages["site-packages"]\n    node_venv_lib_python3_12_site-packages --> node_venv_lib_python3_12_site-packages_PyQt6["PyQt6"]\n    node_venv_lib_python3_12_site-packages_PyQt6 --> node_venv_lib_python3_12_site-packages_PyQt6_Qt6["Qt6"]\n    node_venv_lib_python3_12_site-packages_PyQt6_Qt6 --> node_venv_lib_python3_12_site-packages_PyQt6_Qt6_qml["qml"]\n    node_venv_lib_python3_12_site-packages_PyQt6_Qt6_qml --> node_venv_lib_python3_12_site-packages_PyQt6_Qt6_qml_QtQuick["QtQuick"]\n    node_venv_lib_python3_12_site-packages_PyQt6_Qt6_qml_QtQuick --> node_venv_lib_python3_12_site-packages_PyQt6_Qt6_qml_QtQuick_Controls["Controls"]\n    node_venv_lib_python3_12_site-packages_PyQt6_Qt6_qml_QtQuick_Controls --> node_venv_lib_python3_12_site-packages_PyQt6_Qt6_qml_QtQuick_Controls_FluentWinUI3["FluentWinUI3"]\n    node_venv_lib_python3_12_site-packages_PyQt6_Qt6_qml_QtQuick_Controls_FluentWinUI3 --> node_venv_lib_python3_12_site-packages_PyQt6_Qt6_qml_QtQuick_Controls_FluentWinUI3_light["light"]\n    node_venv_lib_python3_12_site-packages_PyQt6_Qt6_qml_QtQuick_Controls_FluentWinUI3_light --> node_venv_lib_python3_12_site-packages_PyQt6_Qt6_qml_QtQuick_Controls_FluentWinUI3_light_images["images"]\n    node_venv_lib_python3_12_site-packages_PyQt6_Qt6_qml_QtQuick_Controls_FluentWinUI3_light_images --> node_venv_lib_python3_12_site-packages_PyQt6_Qt6_qml_QtQuick_Controls_FluentWinUI3_light_images_spinbox-background-atlimit@2x_png["spinbox-background-atlimit@2x.png"]\n    Root --> node_venv["venv"]\n    node_venv --> node_venv_lib["lib"]\n    node_venv_lib --> node_venv_lib_python3_12["python3.12"]\n    node_venv_lib_python3_12 --> node_venv_lib_python3_12_site-packages["site-packages"]\n    node_venv_lib_python3_12_site-packages --> node_venv_lib_python3_12_site-packages_PyQt6["PyQt6"]\n    node_venv_lib_python3_12_site-packages_PyQt6 --> node_venv_lib_python3_12_site-packages_PyQt6_Qt6["Qt6"]\n    node_venv_lib_python3_12_site-packages_PyQt6_Qt6 --> node_venv_lib_python3_12_site-packages_PyQt6_Qt6_qml["qml"]\n    node_venv_lib_python3_12_site-packages_PyQt6_Qt6_qml --> node_venv_lib_python3_12_site-packages_PyQt6_Qt6_qml_QtQuick["QtQuick"]\n    node_venv_lib_python3_12_site-packages_PyQt6_Qt6_qml_QtQuick --> node_venv_lib_python3_12_site-packages_PyQt6_Qt6_qml_QtQuick_Controls["Controls"]\n    node_venv_lib_python3_12_site-packages_PyQt6_Qt6_qml_QtQuick_Controls --> node_venv_lib_python3_12_site-packages_PyQt6_Qt6_qml_QtQuick_Controls_FluentWinUI3["FluentWinUI3"]\n    node_venv_lib_python3_12_site-packages_PyQt6_Qt6_qml_QtQuick_Controls_FluentWinUI3 --> node_venv_lib_python3_12_site-packages_PyQt6_Qt6_qml_QtQuick_Controls_FluentWinUI3_light["light"]\n    node_venv_lib_python3_12_site-packages_PyQt6_Qt6_qml_QtQuick_Controls_FluentWinUI3_light --> node_venv_lib_python3_12_site-packages_PyQt6_Qt6_qml_QtQuick_Controls_FluentWinUI3_light_images["images"]\n    node_venv_lib_python3_12_site-packages_PyQt6_Qt6_qml_QtQuick_Controls_FluentWinUI3_light_images --> node_venv_lib_python3_12_site-packages_PyQt6_Qt6_qml_QtQuick_Controls_FluentWinUI3_light_images_spinbox-background-atlimit@3x_png["spinbox-background-atlimit@3x.png"]\n    Root --> node_venv["venv"]\n    node_venv --> node_venv_lib["lib"]\n    node_venv_lib --> node_venv_lib_python3_12["python3.12"]\n    node_venv_lib_python3_12 --> node_venv_lib_python3_12_site-packages["site-packages"]\n    node_venv_lib_python3_12_site-packages --> node_venv_lib_python3_12_site-packages_PyQt6["PyQt6"]\n    node_venv_lib_python3_12_site-packages_PyQt6 --> node_venv_lib_python3_12_site-packages_PyQt6_Qt6["Qt6"]\n    node_venv_lib_python3_12_site-packages_PyQt6_Qt6 --> node_venv_lib_python3_12_site-packages_PyQt6_Qt6_qml["qml"]\n    node_venv_lib_python3_12_site-packages_PyQt6_Qt6_qml --> node_venv_lib_python3_12_site-packages_PyQt6_Qt6_qml_QtQuick["QtQuick"]\n    node_venv_lib_python3_12_site-packages_PyQt6_Qt6_qml_QtQuick --> node_venv_lib_python3_12_site-packages_PyQt6_Qt6_qml_QtQuick_Controls["Controls"]\n    node_venv_lib_python3_12_site-packages_PyQt6_Qt6_qml_QtQuick_Controls --> node_venv_lib_python3_12_site-packages_PyQt6_Qt6_qml_QtQuick_Controls_FluentWinUI3["FluentWinUI3"]\n    node_venv_lib_python3_12_site-packages_PyQt6_Qt6_qml_QtQuick_Controls_FluentWinUI3 --> node_venv_lib_python3_12_site-packages_PyQt6_Qt6_qml_QtQuick_Controls_FluentWinUI3_light["light"]\n    node_venv_lib_python3_12_site-packages_PyQt6_Qt6_qml_QtQuick_Controls_FluentWinUI3_light --> node_venv_lib_python3_12_site-packages_PyQt6_Qt6_qml_QtQuick_Controls_FluentWinUI3_light_images["images"]\n    node_venv_lib_python3_12_site-packages_PyQt6_Qt6_qml_QtQuick_Controls_FluentWinUI3_light_images --> node_venv_lib_python3_12_site-packages_PyQt6_Qt6_qml_QtQuick_Controls_FluentWinUI3_light_images_spinbox-background-disabled_png["spinbox-background-disabled.png"]\n    Root --> node_venv["venv"]\n    node_venv --> node_venv_lib["lib"]\n    node_venv_lib --> node_venv_lib_python3_12["python3.12"]\n    node_venv_lib_python3_12 --> node_venv_lib_python3_12_site-packages["site-packages"]\n    node_venv_lib_python3_12_site-packages --> node_venv_lib_python3_12_site-packages_PyQt6["PyQt6"]\n    node_venv_lib_python3_12_site-packages_PyQt6 --> node_venv_lib_python3_12_site-packages_PyQt6_Qt6["Qt6"]\n    node_venv_lib_python3_12_site-packages_PyQt6_Qt6 --> node_venv_lib_python3_12_site-packages_PyQt6_Qt6_qml["qml"]\n    node_venv_lib_python3_12_site-packages_PyQt6_Qt6_qml --> node_venv_lib_python3_12_site-packages_PyQt6_Qt6_qml_QtQuick["QtQuick"]\n    node_venv_lib_python3_12_site-packages_PyQt6_Qt6_qml_QtQuick --> node_venv_lib_python3_12_site-packages_PyQt6_Qt6_qml_QtQuick_Controls["Controls"]\n    node_venv_lib_python3_12_site-packages_PyQt6_Qt6_qml_QtQuick_Controls --> node_venv_lib_python3_12_site-packages_PyQt6_Qt6_qml_QtQuick_Controls_FluentWinUI3["FluentWinUI3"]\n    node_venv_lib_python3_12_site-packages_PyQt6_Qt6_qml_QtQuick_Controls_FluentWinUI3 --> node_venv_lib_python3_12_site-packages_PyQt6_Qt6_qml_QtQuick_Controls_FluentWinUI3_light["light"]\n    node_venv_lib_python3_12_site-packages_PyQt6_Qt6_qml_QtQuick_Controls_FluentWinUI3_light --> node_venv_lib_python3_12_site-packages_PyQt6_Qt6_qml_QtQuick_Controls_FluentWinUI3_light_images["images"]\n    node_venv_lib_python3_12_site-packages_PyQt6_Qt6_qml_QtQuick_Controls_FluentWinUI3_light_images --> node_venv_lib_python3_12_site-packages_PyQt6_Qt6_qml_QtQuick_Controls_FluentWinUI3_light_images_spinbox-background-disabled@2x_png["spinbox-background-disabled@2x.png"]\n    Root --> node_venv["venv"]\n    node_venv --> node_venv_lib["lib"]\n    node_venv_lib --> node_venv_lib_python3_12["python3.12"]\n    node_venv_lib_python3_12 --> node_venv_lib_python3_12_site-packages["site-packages"]\n    node_venv_lib_python3_12_site-packages --> node_venv_lib_python3_12_site-packages_PyQt6["PyQt6"]\n    node_venv_lib_python3_12_site-packages_PyQt6 --> node_venv_lib_python3_12_site-packages_PyQt6_Qt6["Qt6"]\n    node_venv_lib_python3_12_site-packages_PyQt6_Qt6 --> node_venv_lib_python3_12_site-packages_PyQt6_Qt6_qml["qml"]\n    node_venv_lib_python3_12_site-packages_PyQt6_Qt6_qml --> node_venv_lib_python3_12_site-packages_PyQt6_Qt6_qml_QtQuick["QtQuick"]\n    node_venv_lib_python3_12_site-packages_PyQt6_Qt6_qml_QtQuick --> node_venv_lib_python3_12_site-packages_PyQt6_Qt6_qml_QtQuick_Controls["Controls"]\n    node_venv_lib_python3_12_site-packages_PyQt6_Qt6_qml_QtQuick_Controls --> node_venv_lib_python3_12_site-packages_PyQt6_Qt6_qml_QtQuick_Controls_FluentWinUI3["FluentWinUI3"]\n    node_venv_lib_python3_12_site-packages_PyQt6_Qt6_qml_QtQuick_Controls_FluentWinUI3 --> node_venv_lib_python3_12_site-packages_PyQt6_Qt6_qml_QtQuick_Controls_FluentWinUI3_light["light"]\n    node_venv_lib_python3_12_site-packages_PyQt6_Qt6_qml_QtQuick_Controls_FluentWinUI3_light --> node_venv_lib_python3_12_site-packages_PyQt6_Qt6_qml_QtQuick_Controls_FluentWinUI3_light_images["images"]\n    node_venv_lib_python3_12_site-packages_PyQt6_Qt6_qml_QtQuick_Controls_FluentWinUI3_light_images --> node_venv_lib_python3_12_site-packages_PyQt6_Qt6_qml_QtQuick_Controls_FluentWinUI3_light_images_spinbox-background-disabled@3x_png["spinbox-background-disabled@3x.png"]\n    Root --> node_venv["venv"]\n    node_venv --> node_venv_lib["lib"]\n    node_venv_lib --> node_venv_lib_python3_12["python3.12"]\n    node_venv_lib_python3_12 --> node_venv_lib_python3_12_site-packages["site-packages"]\n    node_venv_lib_python3_12_site-packages --> node_venv_lib_python3_12_site-packages_PyQt6["PyQt6"]\n    node_venv_lib_python3_12_site-packages_PyQt6 --> node_venv_lib_python3_12_site-packages_PyQt6_Qt6["Qt6"]\n    node_venv_lib_python3_12_site-packages_PyQt6_Qt6 --> node_venv_lib_python3_12_site-packages_PyQt6_Qt6_qml["qml"]\n    node_venv_lib_python3_12_site-packages_PyQt6_Qt6_qml --> node_venv_lib_python3_12_site-packages_PyQt6_Qt6_qml_QtQuick["QtQuick"]\n    node_venv_lib_python3_12_site-packages_PyQt6_Qt6_qml_QtQuick --> node_venv_lib_python3_12_site-packages_PyQt6_Qt6_qml_QtQuick_Controls["Controls"]\n    node_venv_lib_python3_12_site-packages_PyQt6_Qt6_qml_QtQuick_Controls --> node_venv_lib_python3_12_site-packages_PyQt6_Qt6_qml_QtQuick_Controls_FluentWinUI3["FluentWinUI3"]\n    node_venv_lib_python3_12_site-packages_PyQt6_Qt6_qml_QtQuick_Controls_FluentWinUI3 --> node_venv_lib_python3_12_site-packages_PyQt6_Qt6_qml_QtQuick_Controls_FluentWinUI3_light["light"]\n    node_venv_lib_python3_12_site-packages_PyQt6_Qt6_qml_QtQuick_Controls_FluentWinUI3_light --> node_venv_lib_python3_12_site-packages_PyQt6_Qt6_qml_QtQuick_Controls_FluentWinUI3_light_images["images"]\n    node_venv_lib_python3_12_site-packages_PyQt6_Qt6_qml_QtQuick_Controls_FluentWinUI3_light_images --> node_venv_lib_python3_12_site-packages_PyQt6_Qt6_qml_QtQuick_Controls_FluentWinUI3_light_images_spinbox-background-down-hovered_png["spinbox-background-down-hovered.png"]\n    Root --> node_venv["venv"]\n    node_venv --> node_venv_lib["lib"]\n    node_venv_lib --> node_venv_lib_python3_12["python3.12"]\n    node_venv_lib_python3_12 --> node_venv_lib_python3_12_site-packages["site-packages"]\n    node_venv_lib_python3_12_site-packages --> node_venv_lib_python3_12_site-packages_PyQt6["PyQt6"]\n    node_venv_lib_python3_12_site-packages_PyQt6 --> node_venv_lib_python3_12_site-packages_PyQt6_Qt6["Qt6"]\n    node_venv_lib_python3_12_site-packages_PyQt6_Qt6 --> node_venv_lib_python3_12_site-packages_PyQt6_Qt6_qml["qml"]\n    node_venv_lib_python3_12_site-packages_PyQt6_Qt6_qml --> node_venv_lib_python3_12_site-packages_PyQt6_Qt6_qml_QtQuick["QtQuick"]\n    node_venv_lib_python3_12_site-packages_PyQt6_Qt6_qml_QtQuick --> node_venv_lib_python3_12_site-packages_PyQt6_Qt6_qml_QtQuick_Controls["Controls"]\n    node_venv_lib_python3_12_site-packages_PyQt6_Qt6_qml_QtQuick_Controls --> node_venv_lib_python3_12_site-packages_PyQt6_Qt6_qml_QtQuick_Controls_FluentWinUI3["FluentWinUI3"]\n    node_venv_lib_python3_12_site-packages_PyQt6_Qt6_qml_QtQuick_Controls_FluentWinUI3 --> node_venv_lib_python3_12_site-packages_PyQt6_Qt6_qml_QtQuick_Controls_FluentWinUI3_light["light"]\n    node_venv_lib_python3_12_site-packages_PyQt6_Qt6_qml_QtQuick_Controls_FluentWinUI3_light --> node_venv_lib_python3_12_site-packages_PyQt6_Qt6_qml_QtQuick_Controls_FluentWinUI3_light_images["images"]\n    node_venv_lib_python3_12_site-packages_PyQt6_Qt6_qml_QtQuick_Controls_FluentWinUI3_light_images --> node_venv_lib_python3_12_site-packages_PyQt6_Qt6_qml_QtQuick_Controls_FluentWinUI3_light_images_spinbox-background-down-hovered@2x_png["spinbox-background-down-hovered@2x.png"]\n    Root --> node_venv["venv"]\n    node_venv --> node_venv_lib["lib"]\n    node_venv_lib --> node_venv_lib_python3_12["python3.12"]\n    node_venv_lib_python3_12 --> node_venv_lib_python3_12_site-packages["site-packages"]\n    node_venv_lib_python3_12_site-packages --> node_venv_lib_python3_12_site-packages_PyQt6["PyQt6"]\n    node_venv_lib_python3_12_site-packages_PyQt6 --> node_venv_lib_python3_12_site-packages_PyQt6_Qt6["Qt6"]\n    node_venv_lib_python3_12_site-packages_PyQt6_Qt6 --> node_venv_lib_python3_12_site-packages_PyQt6_Qt6_qml["qml"]\n    node_venv_lib_python3_12_site-packages_PyQt6_Qt6_qml --> node_venv_lib_python3_12_site-packages_PyQt6_Qt6_qml_QtQuick["QtQuick"]\n    node_venv_lib_python3_12_site-packages_PyQt6_Qt6_qml_QtQuick --> node_venv_lib_python3_12_site-packages_PyQt6_Qt6_qml_QtQuick_Controls["Controls"]\n    node_venv_lib_python3_12_site-packages_PyQt6_Qt6_qml_QtQuick_Controls --> node_venv_lib_python3_12_site-packages_PyQt6_Qt6_qml_QtQuick_Controls_FluentWinUI3["FluentWinUI3"]\n    node_venv_lib_python3_12_site-packages_PyQt6_Qt6_qml_QtQuick_Controls_FluentWinUI3 --> node_venv_lib_python3_12_site-packages_PyQt6_Qt6_qml_QtQuick_Controls_FluentWinUI3_light["light"]\n    node_venv_lib_python3_12_site-packages_PyQt6_Qt6_qml_QtQuick_Controls_FluentWinUI3_light --> node_venv_lib_python3_12_site-packages_PyQt6_Qt6_qml_QtQuick_Controls_FluentWinUI3_light_images["images"]\n    node_venv_lib_python3_12_site-packages_PyQt6_Qt6_qml_QtQuick_Controls_FluentWinUI3_light_images --> node_venv_lib_python3_12_site-packages_PyQt6_Qt6_qml_QtQuick_Controls_FluentWinUI3_light_images_spinbox-background-down-hovered@3x_png["spinbox-background-down-hovered@3x.png"]\n    Root --> node_venv["venv"]\n    node_venv --> node_venv_lib["lib"]\n    node_venv_lib --> node_venv_lib_python3_12["python3.12"]\n    node_venv_lib_python3_12 --> node_venv_lib_python3_12_site-packages["site-packages"]\n    node_venv_lib_python3_12_site-packages --> node_venv_lib_python3_12_site-packages_PyQt6["PyQt6"]\n    node_venv_lib_python3_12_site-packages_PyQt6 --> node_venv_lib_python3_12_site-packages_PyQt6_Qt6["Qt6"]\n    node_venv_lib_python3_12_site-packages_PyQt6_Qt6 --> node_venv_lib_python3_12_site-packages_PyQt6_Qt6_qml["qml"]\n    node_venv_lib_python3_12_site-packages_PyQt6_Qt6_qml --> node_venv_lib_python3_12_site-packages_PyQt6_Qt6_qml_QtQuick["QtQuick"]\n    node_venv_lib_python3_12_site-packages_PyQt6_Qt6_qml_QtQuick --> node_venv_lib_python3_12_site-packages_PyQt6_Qt6_qml_QtQuick_Controls["Controls"]\n    node_venv_lib_python3_12_site-packages_PyQt6_Qt6_qml_QtQuick_Controls --> node_venv_lib_python3_12_site-packages_PyQt6_Qt6_qml_QtQuick_Controls_FluentWinUI3["FluentWinUI3"]\n    node_venv_lib_python3_12_site-packages_PyQt6_Qt6_qml_QtQuick_Controls_FluentWinUI3 --> node_venv_lib_python3_12_site-packages_PyQt6_Qt6_qml_QtQuick_Controls_FluentWinUI3_light["light"]\n    node_venv_lib_python3_12_site-packages_PyQt6_Qt6_qml_QtQuick_Controls_FluentWinUI3_light --> node_venv_lib_python3_12_site-packages_PyQt6_Qt6_qml_QtQuick_Controls_FluentWinUI3_light_images["images"]\n    node_venv_lib_python3_12_site-packages_PyQt6_Qt6_qml_QtQuick_Controls_FluentWinUI3_light_images --> node_venv_lib_python3_12_site-packages_PyQt6_Qt6_qml_QtQuick_Controls_FluentWinUI3_light_images_spinbox-background-down-pressed_png["spinbox-background-down-pressed.png"]\n    Root --> node_venv["venv"]\n    node_venv --> node_venv_lib["lib"]\n    node_venv_lib --> node_venv_lib_python3_12["python3.12"]\n    node_venv_lib_python3_12 --> node_venv_lib_python3_12_site-packages["site-packages"]\n    node_venv_lib_python3_12_site-packages --> node_venv_lib_python3_12_site-packages_PyQt6["PyQt6"]\n    node_venv_lib_python3_12_site-packages_PyQt6 --> node_venv_lib_python3_12_site-packages_PyQt6_Qt6["Qt6"]\n    node_venv_lib_python3_12_site-packages_PyQt6_Qt6 --> node_venv_lib_python3_12_site-packages_PyQt6_Qt6_qml["qml"]\n    node_venv_lib_python3_12_site-packages_PyQt6_Qt6_qml --> node_venv_lib_python3_12_site-packages_PyQt6_Qt6_qml_QtQuick["QtQuick"]\n    node_venv_lib_python3_12_site-packages_PyQt6_Qt6_qml_QtQuick --> node_venv_lib_python3_12_site-packages_PyQt6_Qt6_qml_QtQuick_Controls["Controls"]\n    node_venv_lib_python3_12_site-packages_PyQt6_Qt6_qml_QtQuick_Controls --> node_venv_lib_python3_12_site-packages_PyQt6_Qt6_qml_QtQuick_Controls_FluentWinUI3["FluentWinUI3"]\n    node_venv_lib_python3_12_site-packages_PyQt6_Qt6_qml_QtQuick_Controls_FluentWinUI3 --> node_venv_lib_python3_12_site-packages_PyQt6_Qt6_qml_QtQuick_Controls_FluentWinUI3_light["light"]\n    node_venv_lib_python3_12_site-packages_PyQt6_Qt6_qml_QtQuick_Controls_FluentWinUI3_light --> node_venv_lib_python3_12_site-packages_PyQt6_Qt6_qml_QtQuick_Controls_FluentWinUI3_light_images["images"]\n    node_venv_lib_python3_12_site-packages_PyQt6_Qt6_qml_QtQuick_Controls_FluentWinUI3_light_images --> node_venv_lib_python3_12_site-packages_PyQt6_Qt6_qml_QtQuick_Controls_FluentWinUI3_light_images_spinbox-background-down-pressed@2x_png["spinbox-background-down-pressed@2x.png"]\n    Root --> node_venv["venv"]\n    node_venv --> node_venv_lib["lib"]\n    node_venv_lib --> node_venv_lib_python3_12["python3.12"]\n    node_venv_lib_python3_12 --> node_venv_lib_python3_12_site-packages["site-packages"]\n    node_venv_lib_python3_12_site-packages --> node_venv_lib_python3_12_site-packages_PyQt6["PyQt6"]\n    node_venv_lib_python3_12_site-packages_PyQt6 --> node_venv_lib_python3_12_site-packages_PyQt6_Qt6["Qt6"]\n    node_venv_lib_python3_12_site-packages_PyQt6_Qt6 --> node_venv_lib_python3_12_site-packages_PyQt6_Qt6_qml["qml"]\n    node_venv_lib_python3_12_site-packages_PyQt6_Qt6_qml --> node_venv_lib_python3_12_site-packages_PyQt6_Qt6_qml_QtQuick["QtQuick"]\n    node_venv_lib_python3_12_site-packages_PyQt6_Qt6_qml_QtQuick --> node_venv_lib_python3_12_site-packages_PyQt6_Qt6_qml_QtQuick_Controls["Controls"]\n    node_venv_lib_python3_12_site-packages_PyQt6_Qt6_qml_QtQuick_Controls --> node_venv_lib_python3_12_site-packages_PyQt6_Qt6_qml_QtQuick_Controls_FluentWinUI3["FluentWinUI3"]\n    node_venv_lib_python3_12_site-packages_PyQt6_Qt6_qml_QtQuick_Controls_FluentWinUI3 --> node_venv_lib_python3_12_site-packages_PyQt6_Qt6_qml_QtQuick_Controls_FluentWinUI3_light["light"]\n    node_venv_lib_python3_12_site-packages_PyQt6_Qt6_qml_QtQuick_Controls_FluentWinUI3_light --> node_venv_lib_python3_12_site-packages_PyQt6_Qt6_qml_QtQuick_Controls_FluentWinUI3_light_images["images"]\n    node_venv_lib_python3_12_site-packages_PyQt6_Qt6_qml_QtQuick_Controls_FluentWinUI3_light_images --> node_venv_lib_python3_12_site-packages_PyQt6_Qt6_qml_QtQuick_Controls_FluentWinUI3_light_images_spinbox-background-down-pressed@3x_png["spinbox-background-down-pressed@3x.png"]\n    Root --> node_venv["venv"]\n    node_venv --> node_venv_lib["lib"]\n    node_venv_lib --> node_venv_lib_python3_12["python3.12"]\n    node_venv_lib_python3_12 --> node_venv_lib_python3_12_site-packages["site-packages"]\n    node_venv_lib_python3_12_site-packages --> node_venv_lib_python3_12_site-packages_PyQt6["PyQt6"]\n    node_venv_lib_python3_12_site-packages_PyQt6 --> node_venv_lib_python3_12_site-packages_PyQt6_Qt6["Qt6"]\n    node_venv_lib_python3_12_site-packages_PyQt6_Qt6 --> node_venv_lib_python3_12_site-packages_PyQt6_Qt6_qml["qml"]\n    node_venv_lib_python3_12_site-packages_PyQt6_Qt6_qml --> node_venv_lib_python3_12_site-packages_PyQt6_Qt6_qml_QtQuick["QtQuick"]\n    node_venv_lib_python3_12_site-packages_PyQt6_Qt6_qml_QtQuick --> node_venv_lib_python3_12_site-packages_PyQt6_Qt6_qml_QtQuick_Controls["Controls"]\n    node_venv_lib_python3_12_site-packages_PyQt6_Qt6_qml_QtQuick_Controls --> node_venv_lib_python3_12_site-packages_PyQt6_Qt6_qml_QtQuick_Controls_FluentWinUI3["FluentWinUI3"]\n    node_venv_lib_python3_12_site-packages_PyQt6_Qt6_qml_QtQuick_Controls_FluentWinUI3 --> node_venv_lib_python3_12_site-packages_PyQt6_Qt6_qml_QtQuick_Controls_FluentWinUI3_light["light"]\n    node_venv_lib_python3_12_site-packages_PyQt6_Qt6_qml_QtQuick_Controls_FluentWinUI3_light --> node_venv_lib_python3_12_site-packages_PyQt6_Qt6_qml_QtQuick_Controls_FluentWinUI3_light_images["images"]\n    node_venv_lib_python3_12_site-packages_PyQt6_Qt6_qml_QtQuick_Controls_FluentWinUI3_light_images --> node_venv_lib_python3_12_site-packages_PyQt6_Qt6_qml_QtQuick_Controls_FluentWinUI3_light_images_spinbox-background-hovered_png["spinbox-background-hovered.png"]\n    Root --> node_venv["venv"]\n    node_venv --> node_venv_lib["lib"]\n    node_venv_lib --> node_venv_lib_python3_12["python3.12"]\n    node_venv_lib_python3_12 --> node_venv_lib_python3_12_site-packages["site-packages"]\n    node_venv_lib_python3_12_site-packages --> node_venv_lib_python3_12_site-packages_PyQt6["PyQt6"]\n    node_venv_lib_python3_12_site-packages_PyQt6 --> node_venv_lib_python3_12_site-packages_PyQt6_Qt6["Qt6"]\n    node_venv_lib_python3_12_site-packages_PyQt6_Qt6 --> node_venv_lib_python3_12_site-packages_PyQt6_Qt6_qml["qml"]\n    node_venv_lib_python3_12_site-packages_PyQt6_Qt6_qml --> node_venv_lib_python3_12_site-packages_PyQt6_Qt6_qml_QtQuick["QtQuick"]\n    node_venv_lib_python3_12_site-packages_PyQt6_Qt6_qml_QtQuick --> node_venv_lib_python3_12_site-packages_PyQt6_Qt6_qml_QtQuick_Controls["Controls"]\n    node_venv_lib_python3_12_site-packages_PyQt6_Qt6_qml_QtQuick_Controls --> node_venv_lib_python3_12_site-packages_PyQt6_Qt6_qml_QtQuick_Controls_FluentWinUI3["FluentWinUI3"]\n    node_venv_lib_python3_12_site-packages_PyQt6_Qt6_qml_QtQuick_Controls_FluentWinUI3 --> node_venv_lib_python3_12_site-packages_PyQt6_Qt6_qml_QtQuick_Controls_FluentWinUI3_light["light"]\n    node_venv_lib_python3_12_site-packages_PyQt6_Qt6_qml_QtQuick_Controls_FluentWinUI3_light --> node_venv_lib_python3_12_site-packages_PyQt6_Qt6_qml_QtQuick_Controls_FluentWinUI3_light_images["images"]\n    node_venv_lib_python3_12_site-packages_PyQt6_Qt6_qml_QtQuick_Controls_FluentWinUI3_light_images --> node_venv_lib_python3_12_site-packages_PyQt6_Qt6_qml_QtQuick_Controls_FluentWinUI3_light_images_spinbox-background-hovered@2x_png["spinbox-background-hovered@2x.png"]\n    Root --> node_venv["venv"]\n    node_venv --> node_venv_lib["lib"]\n    node_venv_lib --> node_venv_lib_python3_12["python3.12"]\n    node_venv_lib_python3_12 --> node_venv_lib_python3_12_site-packages["site-packages"]\n    node_venv_lib_python3_12_site-packages --> node_venv_lib_python3_12_site-packages_PyQt6["PyQt6"]\n    node_venv_lib_python3_12_site-packages_PyQt6 --> node_venv_lib_python3_12_site-packages_PyQt6_Qt6["Qt6"]\n    node_venv_lib_python3_12_site-packages_PyQt6_Qt6 --> node_venv_lib_python3_12_site-packages_PyQt6_Qt6_qml["qml"]\n    node_venv_lib_python3_12_site-packages_PyQt6_Qt6_qml --> node_venv_lib_python3_12_site-packages_PyQt6_Qt6_qml_QtQuick["QtQuick"]\n    node_venv_lib_python3_12_site-packages_PyQt6_Qt6_qml_QtQuick --> node_venv_lib_python3_12_site-packages_PyQt6_Qt6_qml_QtQuick_Controls["Controls"]\n    node_venv_lib_python3_12_site-packages_PyQt6_Qt6_qml_QtQuick_Controls --> node_venv_lib_python3_12_site-packages_PyQt6_Qt6_qml_QtQuick_Controls_FluentWinUI3["FluentWinUI3"]\n    node_venv_lib_python3_12_site-packages_PyQt6_Qt6_qml_QtQuick_Controls_FluentWinUI3 --> node_venv_lib_python3_12_site-packages_PyQt6_Qt6_qml_QtQuick_Controls_FluentWinUI3_light["light"]\n    node_venv_lib_python3_12_site-packages_PyQt6_Qt6_qml_QtQuick_Controls_FluentWinUI3_light --> node_venv_lib_python3_12_site-packages_PyQt6_Qt6_qml_QtQuick_Controls_FluentWinUI3_light_images["images"]\n    node_venv_lib_python3_12_site-packages_PyQt6_Qt6_qml_QtQuick_Controls_FluentWinUI3_light_images --> node_venv_lib_python3_12_site-packages_PyQt6_Qt6_qml_QtQuick_Controls_FluentWinUI3_light_images_spinbox-background-hovered@3x_png["spinbox-background-hovered@3x.png"]\n    Root --> node_venv["venv"]\n    node_venv --> node_venv_lib["lib"]\n    node_venv_lib --> node_venv_lib_python3_12["python3.12"]\n    node_venv_lib_python3_12 --> node_venv_lib_python3_12_site-packages["site-packages"]\n    node_venv_lib_python3_12_site-packages --> node_venv_lib_python3_12_site-packages_PyQt6["PyQt6"]\n    node_venv_lib_python3_12_site-packages_PyQt6 --> node_venv_lib_python3_12_site-packages_PyQt6_Qt6["Qt6"]\n    node_venv_lib_python3_12_site-packages_PyQt6_Qt6 --> node_venv_lib_python3_12_site-packages_PyQt6_Qt6_qml["qml"]\n    node_venv_lib_python3_12_site-packages_PyQt6_Qt6_qml --> node_venv_lib_python3_12_site-packages_PyQt6_Qt6_qml_QtQuick["QtQuick"]\n    node_venv_lib_python3_12_site-packages_PyQt6_Qt6_qml_QtQuick --> node_venv_lib_python3_12_site-packages_PyQt6_Qt6_qml_QtQuick_Controls["Controls"]\n    node_venv_lib_python3_12_site-packages_PyQt6_Qt6_qml_QtQuick_Controls --> node_venv_lib_python3_12_site-packages_PyQt6_Qt6_qml_QtQuick_Controls_FluentWinUI3["FluentWinUI3"]\n    node_venv_lib_python3_12_site-packages_PyQt6_Qt6_qml_QtQuick_Controls_FluentWinUI3 --> node_venv_lib_python3_12_site-packages_PyQt6_Qt6_qml_QtQuick_Controls_FluentWinUI3_light["light"]\n    node_venv_lib_python3_12_site-packages_PyQt6_Qt6_qml_QtQuick_Controls_FluentWinUI3_light --> node_venv_lib_python3_12_site-packages_PyQt6_Qt6_qml_QtQuick_Controls_FluentWinUI3_light_images["images"]\n    node_venv_lib_python3_12_site-packages_PyQt6_Qt6_qml_QtQuick_Controls_FluentWinUI3_light_images --> node_venv_lib_python3_12_site-packages_PyQt6_Qt6_qml_QtQuick_Controls_FluentWinUI3_light_images_spinbox-background-up-hovered_png["spinbox-background-up-hovered.png"]\n    Root --> node_venv["venv"]\n    node_venv --> node_venv_lib["lib"]\n    node_venv_lib --> node_venv_lib_python3_12["python3.12"]\n    node_venv_lib_python3_12 --> node_venv_lib_python3_12_site-packages["site-packages"]\n    node_venv_lib_python3_12_site-packages --> node_venv_lib_python3_12_site-packages_PyQt6["PyQt6"]\n    node_venv_lib_python3_12_site-packages_PyQt6 --> node_venv_lib_python3_12_site-packages_PyQt6_Qt6["Qt6"]\n    node_venv_lib_python3_12_site-packages_PyQt6_Qt6 --> node_venv_lib_python3_12_site-packages_PyQt6_Qt6_qml["qml"]\n    node_venv_lib_python3_12_site-packages_PyQt6_Qt6_qml --> node_venv_lib_python3_12_site-packages_PyQt6_Qt6_qml_QtQuick["QtQuick"]\n    node_venv_lib_python3_12_site-packages_PyQt6_Qt6_qml_QtQuick --> node_venv_lib_python3_12_site-packages_PyQt6_Qt6_qml_QtQuick_Controls["Controls"]\n    node_venv_lib_python3_12_site-packages_PyQt6_Qt6_qml_QtQuick_Controls --> node_venv_lib_python3_12_site-packages_PyQt6_Qt6_qml_QtQuick_Controls_FluentWinUI3["FluentWinUI3"]\n    node_venv_lib_python3_12_site-packages_PyQt6_Qt6_qml_QtQuick_Controls_FluentWinUI3 --> node_venv_lib_python3_12_site-packages_PyQt6_Qt6_qml_QtQuick_Controls_FluentWinUI3_light["light"]\n    node_venv_lib_python3_12_site-packages_PyQt6_Qt6_qml_QtQuick_Controls_FluentWinUI3_light --> node_venv_lib_python3_12_site-packages_PyQt6_Qt6_qml_QtQuick_Controls_FluentWinUI3_light_images["images"]\n    node_venv_lib_python3_12_site-packages_PyQt6_Qt6_qml_QtQuick_Controls_FluentWinUI3_light_images --> node_venv_lib_python3_12_site-packages_PyQt6_Qt6_qml_QtQuick_Controls_FluentWinUI3_light_images_spinbox-background-up-hovered@2x_png["spinbox-background-up-hovered@2x.png"]\n    Root --> node_venv["venv"]\n    node_venv --> node_venv_lib["lib"]\n    node_venv_lib --> node_venv_lib_python3_12["python3.12"]\n    node_venv_lib_python3_12 --> node_venv_lib_python3_12_site-packages["site-packages"]\n    node_venv_lib_python3_12_site-packages --> node_venv_lib_python3_12_site-packages_PyQt6["PyQt6"]\n    node_venv_lib_python3_12_site-packages_PyQt6 --> node_venv_lib_python3_12_site-packages_PyQt6_Qt6["Qt6"]\n    node_venv_lib_python3_12_site-packages_PyQt6_Qt6 --> node_venv_lib_python3_12_site-packages_PyQt6_Qt6_qml["qml"]\n    node_venv_lib_python3_12_site-packages_PyQt6_Qt6_qml --> node_venv_lib_python3_12_site-packages_PyQt6_Qt6_qml_QtQuick["QtQuick"]\n    node_venv_lib_python3_12_site-packages_PyQt6_Qt6_qml_QtQuick --> node_venv_lib_python3_12_site-packages_PyQt6_Qt6_qml_QtQuick_Controls["Controls"]\n    node_venv_lib_python3_12_site-packages_PyQt6_Qt6_qml_QtQuick_Controls --> node_venv_lib_python3_12_site-packages_PyQt6_Qt6_qml_QtQuick_Controls_FluentWinUI3["FluentWinUI3"]\n    node_venv_lib_python3_12_site-packages_PyQt6_Qt6_qml_QtQuick_Controls_FluentWinUI3 --> node_venv_lib_python3_12_site-packages_PyQt6_Qt6_qml_QtQuick_Controls_FluentWinUI3_light["light"]\n    node_venv_lib_python3_12_site-packages_PyQt6_Qt6_qml_QtQuick_Controls_FluentWinUI3_light --> node_venv_lib_python3_12_site-packages_PyQt6_Qt6_qml_QtQuick_Controls_FluentWinUI3_light_images["images"]\n    node_venv_lib_python3_12_site-packages_PyQt6_Qt6_qml_QtQuick_Controls_FluentWinUI3_light_images --> node_venv_lib_python3_12_site-packages_PyQt6_Qt6_qml_QtQuick_Controls_FluentWinUI3_light_images_spinbox-background-up-hovered@3x_png["spinbox-background-up-hovered@3x.png"]\n    Root --> node_venv["venv"]\n    node_venv --> node_venv_lib["lib"]\n    node_venv_lib --> node_venv_lib_python3_12["python3.12"]\n    node_venv_lib_python3_12 --> node_venv_lib_python3_12_site-packages["site-packages"]\n    node_venv_lib_python3_12_site-packages --> node_venv_lib_python3_12_site-packages_PyQt6["PyQt6"]\n    node_venv_lib_python3_12_site-packages_PyQt6 --> node_venv_lib_python3_12_site-packages_PyQt6_Qt6["Qt6"]\n    node_venv_lib_python3_12_site-packages_PyQt6_Qt6 --> node_venv_lib_python3_12_site-packages_PyQt6_Qt6_qml["qml"]\n    node_venv_lib_python3_12_site-packages_PyQt6_Qt6_qml --> node_venv_lib_python3_12_site-packages_PyQt6_Qt6_qml_QtQuick["QtQuick"]\n    node_venv_lib_python3_12_site-packages_PyQt6_Qt6_qml_QtQuick --> node_venv_lib_python3_12_site-packages_PyQt6_Qt6_qml_QtQuick_Controls["Controls"]\n    node_venv_lib_python3_12_site-packages_PyQt6_Qt6_qml_QtQuick_Controls --> node_venv_lib_python3_12_site-packages_PyQt6_Qt6_qml_QtQuick_Controls_FluentWinUI3["FluentWinUI3"]\n    node_venv_lib_python3_12_site-packages_PyQt6_Qt6_qml_QtQuick_Controls_FluentWinUI3 --> node_venv_lib_python3_12_site-packages_PyQt6_Qt6_qml_QtQuick_Controls_FluentWinUI3_light["light"]\n    node_venv_lib_python3_12_site-packages_PyQt6_Qt6_qml_QtQuick_Controls_FluentWinUI3_light --> node_venv_lib_python3_12_site-packages_PyQt6_Qt6_qml_QtQuick_Controls_FluentWinUI3_light_images["images"]\n    node_venv_lib_python3_12_site-packages_PyQt6_Qt6_qml_QtQuick_Controls_FluentWinUI3_light_images --> node_venv_lib_python3_12_site-packages_PyQt6_Qt6_qml_QtQuick_Controls_FluentWinUI3_light_images_spinbox-background-up-pressed_png["spinbox-background-up-pressed.png"]\n    Root --> node_venv["venv"]\n    node_venv --> node_venv_lib["lib"]\n    node_venv_lib --> node_venv_lib_python3_12["python3.12"]\n    node_venv_lib_python3_12 --> node_venv_lib_python3_12_site-packages["site-packages"]\n    node_venv_lib_python3_12_site-packages --> node_venv_lib_python3_12_site-packages_PyQt6["PyQt6"]\n    node_venv_lib_python3_12_site-packages_PyQt6 --> node_venv_lib_python3_12_site-packages_PyQt6_Qt6["Qt6"]\n    node_venv_lib_python3_12_site-packages_PyQt6_Qt6 --> node_venv_lib_python3_12_site-packages_PyQt6_Qt6_qml["qml"]\n    node_venv_lib_python3_12_site-packages_PyQt6_Qt6_qml --> node_venv_lib_python3_12_site-packages_PyQt6_Qt6_qml_QtQuick["QtQuick"]\n    node_venv_lib_python3_12_site-packages_PyQt6_Qt6_qml_QtQuick --> node_venv_lib_python3_12_site-packages_PyQt6_Qt6_qml_QtQuick_Controls["Controls"]\n    node_venv_lib_python3_12_site-packages_PyQt6_Qt6_qml_QtQuick_Controls --> node_venv_lib_python3_12_site-packages_PyQt6_Qt6_qml_QtQuick_Controls_FluentWinUI3["FluentWinUI3"]\n    node_venv_lib_python3_12_site-packages_PyQt6_Qt6_qml_QtQuick_Controls_FluentWinUI3 --> node_venv_lib_python3_12_site-packages_PyQt6_Qt6_qml_QtQuick_Controls_FluentWinUI3_light["light"]\n    node_venv_lib_python3_12_site-packages_PyQt6_Qt6_qml_QtQuick_Controls_FluentWinUI3_light --> node_venv_lib_python3_12_site-packages_PyQt6_Qt6_qml_QtQuick_Controls_FluentWinUI3_light_images["images"]\n    node_venv_lib_python3_12_site-packages_PyQt6_Qt6_qml_QtQuick_Controls_FluentWinUI3_light_images --> node_venv_lib_python3_12_site-packages_PyQt6_Qt6_qml_QtQuick_Controls_FluentWinUI3_light_images_spinbox-background-up-pressed@2x_png["spinbox-background-up-pressed@2x.png"]\n    Root --> node_venv["venv"]\n    node_venv --> node_venv_lib["lib"]\n    node_venv_lib --> node_venv_lib_python3_12["python3.12"]\n    node_venv_lib_python3_12 --> node_venv_lib_python3_12_site-packages["site-packages"]\n    node_venv_lib_python3_12_site-packages --> node_venv_lib_python3_12_site-packages_PyQt6["PyQt6"]\n    node_venv_lib_python3_12_site-packages_PyQt6 --> node_venv_lib_python3_12_site-packages_PyQt6_Qt6["Qt6"]\n    node_venv_lib_python3_12_site-packages_PyQt6_Qt6 --> node_venv_lib_python3_12_site-packages_PyQt6_Qt6_qml["qml"]\n    node_venv_lib_python3_12_site-packages_PyQt6_Qt6_qml --> node_venv_lib_python3_12_site-packages_PyQt6_Qt6_qml_QtQuick["QtQuick"]\n    node_venv_lib_python3_12_site-packages_PyQt6_Qt6_qml_QtQuick --> node_venv_lib_python3_12_site-packages_PyQt6_Qt6_qml_QtQuick_Controls["Controls"]\n    node_venv_lib_python3_12_site-packages_PyQt6_Qt6_qml_QtQuick_Controls --> node_venv_lib_python3_12_site-packages_PyQt6_Qt6_qml_QtQuick_Controls_FluentWinUI3["FluentWinUI3"]\n    node_venv_lib_python3_12_site-packages_PyQt6_Qt6_qml_QtQuick_Controls_FluentWinUI3 --> node_venv_lib_python3_12_site-packages_PyQt6_Qt6_qml_QtQuick_Controls_FluentWinUI3_light["light"]\n    node_venv_lib_python3_12_site-packages_PyQt6_Qt6_qml_QtQuick_Controls_FluentWinUI3_light --> node_venv_lib_python3_12_site-packages_PyQt6_Qt6_qml_QtQuick_Controls_FluentWinUI3_light_images["images"]\n    node_venv_lib_python3_12_site-packages_PyQt6_Qt6_qml_QtQuick_Controls_FluentWinUI3_light_images --> node_venv_lib_python3_12_site-packages_PyQt6_Qt6_qml_QtQuick_Controls_FluentWinUI3_light_images_spinbox-background-up-pressed@3x_png["spinbox-background-up-pressed@3x.png"]\n    Root --> node_venv["venv"]\n    node_venv --> node_venv_lib["lib"]\n    node_venv_lib --> node_venv_lib_python3_12["python3.12"]\n    node_venv_lib_python3_12 --> node_venv_lib_python3_12_site-packages["site-packages"]\n    node_venv_lib_python3_12_site-packages --> node_venv_lib_python3_12_site-packages_PyQt6["PyQt6"]\n    node_venv_lib_python3_12_site-packages_PyQt6 --> node_venv_lib_python3_12_site-packages_PyQt6_Qt6["Qt6"]\n    node_venv_lib_python3_12_site-packages_PyQt6_Qt6 --> node_venv_lib_python3_12_site-packages_PyQt6_Qt6_qml["qml"]\n    node_venv_lib_python3_12_site-packages_PyQt6_Qt6_qml --> node_venv_lib_python3_12_site-packages_PyQt6_Qt6_qml_QtQuick["QtQuick"]\n    node_venv_lib_python3_12_site-packages_PyQt6_Qt6_qml_QtQuick --> node_venv_lib_python3_12_site-packages_PyQt6_Qt6_qml_QtQuick_Controls["Controls"]\n    node_venv_lib_python3_12_site-packages_PyQt6_Qt6_qml_QtQuick_Controls --> node_venv_lib_python3_12_site-packages_PyQt6_Qt6_qml_QtQuick_Controls_FluentWinUI3["FluentWinUI3"]\n    node_venv_lib_python3_12_site-packages_PyQt6_Qt6_qml_QtQuick_Controls_FluentWinUI3 --> node_venv_lib_python3_12_site-packages_PyQt6_Qt6_qml_QtQuick_Controls_FluentWinUI3_light["light"]\n    node_venv_lib_python3_12_site-packages_PyQt6_Qt6_qml_QtQuick_Controls_FluentWinUI3_light --> node_venv_lib_python3_12_site-packages_PyQt6_Qt6_qml_QtQuick_Controls_FluentWinUI3_light_images["images"]\n    node_venv_lib_python3_12_site-packages_PyQt6_Qt6_qml_QtQuick_Controls_FluentWinUI3_light_images --> node_venv_lib_python3_12_site-packages_PyQt6_Qt6_qml_QtQuick_Controls_FluentWinUI3_light_images_spinbox-background_png["spinbox-background.png"]\n    Root --> node_venv["venv"]\n    node_venv --> node_venv_lib["lib"]\n    node_venv_lib --> node_venv_lib_python3_12["python3.12"]\n    node_venv_lib_python3_12 --> node_venv_lib_python3_12_site-packages["site-packages"]\n    node_venv_lib_python3_12_site-packages --> node_venv_lib_python3_12_site-packages_PyQt6["PyQt6"]\n    node_venv_lib_python3_12_site-packages_PyQt6 --> node_venv_lib_python3_12_site-packages_PyQt6_Qt6["Qt6"]\n    node_venv_lib_python3_12_site-packages_PyQt6_Qt6 --> node_venv_lib_python3_12_site-packages_PyQt6_Qt6_qml["qml"]\n    node_venv_lib_python3_12_site-packages_PyQt6_Qt6_qml --> node_venv_lib_python3_12_site-packages_PyQt6_Qt6_qml_QtQuick["QtQuick"]\n    node_venv_lib_python3_12_site-packages_PyQt6_Qt6_qml_QtQuick --> node_venv_lib_python3_12_site-packages_PyQt6_Qt6_qml_QtQuick_Controls["Controls"]\n    node_venv_lib_python3_12_site-packages_PyQt6_Qt6_qml_QtQuick_Controls --> node_venv_lib_python3_12_site-packages_PyQt6_Qt6_qml_QtQuick_Controls_FluentWinUI3["FluentWinUI3"]\n    node_venv_lib_python3_12_site-packages_PyQt6_Qt6_qml_QtQuick_Controls_FluentWinUI3 --> node_venv_lib_python3_12_site-packages_PyQt6_Qt6_qml_QtQuick_Controls_FluentWinUI3_light["light"]\n    node_venv_lib_python3_12_site-packages_PyQt6_Qt6_qml_QtQuick_Controls_FluentWinUI3_light --> node_venv_lib_python3_12_site-packages_PyQt6_Qt6_qml_QtQuick_Controls_FluentWinUI3_light_images["images"]\n    node_venv_lib_python3_12_site-packages_PyQt6_Qt6_qml_QtQuick_Controls_FluentWinUI3_light_images --> node_venv_lib_python3_12_site-packages_PyQt6_Qt6_qml_QtQuick_Controls_FluentWinUI3_light_images_spinbox-background@2x_png["spinbox-background@2x.png"]\n    Root --> node_venv["venv"]\n    node_venv --> node_venv_lib["lib"]\n    node_venv_lib --> node_venv_lib_python3_12["python3.12"]\n    node_venv_lib_python3_12 --> node_venv_lib_python3_12_site-packages["site-packages"]\n    node_venv_lib_python3_12_site-packages --> node_venv_lib_python3_12_site-packages_PyQt6["PyQt6"]\n    node_venv_lib_python3_12_site-packages_PyQt6 --> node_venv_lib_python3_12_site-packages_PyQt6_Qt6["Qt6"]\n    node_venv_lib_python3_12_site-packages_PyQt6_Qt6 --> node_venv_lib_python3_12_site-packages_PyQt6_Qt6_qml["qml"]\n    node_venv_lib_python3_12_site-packages_PyQt6_Qt6_qml --> node_venv_lib_python3_12_site-packages_PyQt6_Qt6_qml_QtQuick["QtQuick"]\n    node_venv_lib_python3_12_site-packages_PyQt6_Qt6_qml_QtQuick --> node_venv_lib_python3_12_site-packages_PyQt6_Qt6_qml_QtQuick_Controls["Controls"]\n    node_venv_lib_python3_12_site-packages_PyQt6_Qt6_qml_QtQuick_Controls --> node_venv_lib_python3_12_site-packages_PyQt6_Qt6_qml_QtQuick_Controls_FluentWinUI3["FluentWinUI3"]\n    node_venv_lib_python3_12_site-packages_PyQt6_Qt6_qml_QtQuick_Controls_FluentWinUI3 --> node_venv_lib_python3_12_site-packages_PyQt6_Qt6_qml_QtQuick_Controls_FluentWinUI3_light["light"]\n    node_venv_lib_python3_12_site-packages_PyQt6_Qt6_qml_QtQuick_Controls_FluentWinUI3_light --> node_venv_lib_python3_12_site-packages_PyQt6_Qt6_qml_QtQuick_Controls_FluentWinUI3_light_images["images"]\n    node_venv_lib_python3_12_site-packages_PyQt6_Qt6_qml_QtQuick_Controls_FluentWinUI3_light_images --> node_venv_lib_python3_12_site-packages_PyQt6_Qt6_qml_QtQuick_Controls_FluentWinUI3_light_images_spinbox-background@3x_png["spinbox-background@3x.png"]\n    Root --> node_venv["venv"]\n    node_venv --> node_venv_lib["lib"]\n    node_venv_lib --> node_venv_lib_python3_12["python3.12"]\n    node_venv_lib_python3_12 --> node_venv_lib_python3_12_site-packages["site-packages"]\n    node_venv_lib_python3_12_site-packages --> node_venv_lib_python3_12_site-packages_PyQt6["PyQt6"]\n    node_venv_lib_python3_12_site-packages_PyQt6 --> node_venv_lib_python3_12_site-packages_PyQt6_Qt6["Qt6"]\n    node_venv_lib_python3_12_site-packages_PyQt6_Qt6 --> node_venv_lib_python3_12_site-packages_PyQt6_Qt6_qml["qml"]\n    node_venv_lib_python3_12_site-packages_PyQt6_Qt6_qml --> node_venv_lib_python3_12_site-packages_PyQt6_Qt6_qml_QtQuick["QtQuick"]\n    node_venv_lib_python3_12_site-packages_PyQt6_Qt6_qml_QtQuick --> node_venv_lib_python3_12_site-packages_PyQt6_Qt6_qml_QtQuick_Controls["Controls"]\n    node_venv_lib_python3_12_site-packages_PyQt6_Qt6_qml_QtQuick_Controls --> node_venv_lib_python3_12_site-packages_PyQt6_Qt6_qml_QtQuick_Controls_FluentWinUI3["FluentWinUI3"]\n    node_venv_lib_python3_12_site-packages_PyQt6_Qt6_qml_QtQuick_Controls_FluentWinUI3 --> node_venv_lib_python3_12_site-packages_PyQt6_Qt6_qml_QtQuick_Controls_FluentWinUI3_light["light"]\n    node_venv_lib_python3_12_site-packages_PyQt6_Qt6_qml_QtQuick_Controls_FluentWinUI3_light --> node_venv_lib_python3_12_site-packages_PyQt6_Qt6_qml_QtQuick_Controls_FluentWinUI3_light_images["images"]\n    node_venv_lib_python3_12_site-packages_PyQt6_Qt6_qml_QtQuick_Controls_FluentWinUI3_light_images --> node_venv_lib_python3_12_site-packages_PyQt6_Qt6_qml_QtQuick_Controls_FluentWinUI3_light_images_spinbox-indicator-down-background-atlimit_png["spinbox-indicator-down-background-atlimit.png"]\n    Root --> node_venv["venv"]\n    node_venv --> node_venv_lib["lib"]\n    node_venv_lib --> node_venv_lib_python3_12["python3.12"]\n    node_venv_lib_python3_12 --> node_venv_lib_python3_12_site-packages["site-packages"]\n    node_venv_lib_python3_12_site-packages --> node_venv_lib_python3_12_site-packages_PyQt6["PyQt6"]\n    node_venv_lib_python3_12_site-packages_PyQt6 --> node_venv_lib_python3_12_site-packages_PyQt6_Qt6["Qt6"]\n    node_venv_lib_python3_12_site-packages_PyQt6_Qt6 --> node_venv_lib_python3_12_site-packages_PyQt6_Qt6_qml["qml"]\n    node_venv_lib_python3_12_site-packages_PyQt6_Qt6_qml --> node_venv_lib_python3_12_site-packages_PyQt6_Qt6_qml_QtQuick["QtQuick"]\n    node_venv_lib_python3_12_site-packages_PyQt6_Qt6_qml_QtQuick --> node_venv_lib_python3_12_site-packages_PyQt6_Qt6_qml_QtQuick_Controls["Controls"]\n    node_venv_lib_python3_12_site-packages_PyQt6_Qt6_qml_QtQuick_Controls --> node_venv_lib_python3_12_site-packages_PyQt6_Qt6_qml_QtQuick_Controls_FluentWinUI3["FluentWinUI3"]\n    node_venv_lib_python3_12_site-packages_PyQt6_Qt6_qml_QtQuick_Controls_FluentWinUI3 --> node_venv_lib_python3_12_site-packages_PyQt6_Qt6_qml_QtQuick_Controls_FluentWinUI3_light["light"]\n    node_venv_lib_python3_12_site-packages_PyQt6_Qt6_qml_QtQuick_Controls_FluentWinUI3_light --> node_venv_lib_python3_12_site-packages_PyQt6_Qt6_qml_QtQuick_Controls_FluentWinUI3_light_images["images"]\n    node_venv_lib_python3_12_site-packages_PyQt6_Qt6_qml_QtQuick_Controls_FluentWinUI3_light_images --> node_venv_lib_python3_12_site-packages_PyQt6_Qt6_qml_QtQuick_Controls_FluentWinUI3_light_images_spinbox-indicator-down-background-atlimit@2x_png["spinbox-indicator-down-background-atlimit@2x.png"]\n    Root --> node_venv["venv"]\n    node_venv --> node_venv_lib["lib"]\n    node_venv_lib --> node_venv_lib_python3_12["python3.12"]\n    node_venv_lib_python3_12 --> node_venv_lib_python3_12_site-packages["site-packages"]\n    node_venv_lib_python3_12_site-packages --> node_venv_lib_python3_12_site-packages_PyQt6["PyQt6"]\n    node_venv_lib_python3_12_site-packages_PyQt6 --> node_venv_lib_python3_12_site-packages_PyQt6_Qt6["Qt6"]\n    node_venv_lib_python3_12_site-packages_PyQt6_Qt6 --> node_venv_lib_python3_12_site-packages_PyQt6_Qt6_qml["qml"]\n    node_venv_lib_python3_12_site-packages_PyQt6_Qt6_qml --> node_venv_lib_python3_12_site-packages_PyQt6_Qt6_qml_QtQuick["QtQuick"]\n    node_venv_lib_python3_12_site-packages_PyQt6_Qt6_qml_QtQuick --> node_venv_lib_python3_12_site-packages_PyQt6_Qt6_qml_QtQuick_Controls["Controls"]\n    node_venv_lib_python3_12_site-packages_PyQt6_Qt6_qml_QtQuick_Controls --> node_venv_lib_python3_12_site-packages_PyQt6_Qt6_qml_QtQuick_Controls_FluentWinUI3["FluentWinUI3"]\n    node_venv_lib_python3_12_site-packages_PyQt6_Qt6_qml_QtQuick_Controls_FluentWinUI3 --> node_venv_lib_python3_12_site-packages_PyQt6_Qt6_qml_QtQuick_Controls_FluentWinUI3_light["light"]\n    node_venv_lib_python3_12_site-packages_PyQt6_Qt6_qml_QtQuick_Controls_FluentWinUI3_light --> node_venv_lib_python3_12_site-packages_PyQt6_Qt6_qml_QtQuick_Controls_FluentWinUI3_light_images["images"]\n    node_venv_lib_python3_12_site-packages_PyQt6_Qt6_qml_QtQuick_Controls_FluentWinUI3_light_images --> node_venv_lib_python3_12_site-packages_PyQt6_Qt6_qml_QtQuick_Controls_FluentWinUI3_light_images_spinbox-indicator-down-background-atlimit@3x_png["spinbox-indicator-down-background-atlimit@3x.png"]\n    Root --> node_venv["venv"]\n    node_venv --> node_venv_lib["lib"]\n    node_venv_lib --> node_venv_lib_python3_12["python3.12"]\n    node_venv_lib_python3_12 --> node_venv_lib_python3_12_site-packages["site-packages"]\n    node_venv_lib_python3_12_site-packages --> node_venv_lib_python3_12_site-packages_PyQt6["PyQt6"]\n    node_venv_lib_python3_12_site-packages_PyQt6 --> node_venv_lib_python3_12_site-packages_PyQt6_Qt6["Qt6"]\n    node_venv_lib_python3_12_site-packages_PyQt6_Qt6 --> node_venv_lib_python3_12_site-packages_PyQt6_Qt6_qml["qml"]\n    node_venv_lib_python3_12_site-packages_PyQt6_Qt6_qml --> node_venv_lib_python3_12_site-packages_PyQt6_Qt6_qml_QtQuick["QtQuick"]\n    node_venv_lib_python3_12_site-packages_PyQt6_Qt6_qml_QtQuick --> node_venv_lib_python3_12_site-packages_PyQt6_Qt6_qml_QtQuick_Controls["Controls"]\n    node_venv_lib_python3_12_site-packages_PyQt6_Qt6_qml_QtQuick_Controls --> node_venv_lib_python3_12_site-packages_PyQt6_Qt6_qml_QtQuick_Controls_FluentWinUI3["FluentWinUI3"]\n    node_venv_lib_python3_12_site-packages_PyQt6_Qt6_qml_QtQuick_Controls_FluentWinUI3 --> node_venv_lib_python3_12_site-packages_PyQt6_Qt6_qml_QtQuick_Controls_FluentWinUI3_light["light"]\n    node_venv_lib_python3_12_site-packages_PyQt6_Qt6_qml_QtQuick_Controls_FluentWinUI3_light --> node_venv_lib_python3_12_site-packages_PyQt6_Qt6_qml_QtQuick_Controls_FluentWinUI3_light_images["images"]\n    node_venv_lib_python3_12_site-packages_PyQt6_Qt6_qml_QtQuick_Controls_FluentWinUI3_light_images --> node_venv_lib_python3_12_site-packages_PyQt6_Qt6_qml_QtQuick_Controls_FluentWinUI3_light_images_spinbox-indicator-down-background-disabled_png["spinbox-indicator-down-background-disabled.png"]\n    Root --> node_venv["venv"]\n    node_venv --> node_venv_lib["lib"]\n    node_venv_lib --> node_venv_lib_python3_12["python3.12"]\n    node_venv_lib_python3_12 --> node_venv_lib_python3_12_site-packages["site-packages"]\n    node_venv_lib_python3_12_site-packages --> node_venv_lib_python3_12_site-packages_PyQt6["PyQt6"]\n    node_venv_lib_python3_12_site-packages_PyQt6 --> node_venv_lib_python3_12_site-packages_PyQt6_Qt6["Qt6"]\n    node_venv_lib_python3_12_site-packages_PyQt6_Qt6 --> node_venv_lib_python3_12_site-packages_PyQt6_Qt6_qml["qml"]\n    node_venv_lib_python3_12_site-packages_PyQt6_Qt6_qml --> node_venv_lib_python3_12_site-packages_PyQt6_Qt6_qml_QtQuick["QtQuick"]\n    node_venv_lib_python3_12_site-packages_PyQt6_Qt6_qml_QtQuick --> node_venv_lib_python3_12_site-packages_PyQt6_Qt6_qml_QtQuick_Controls["Controls"]\n    node_venv_lib_python3_12_site-packages_PyQt6_Qt6_qml_QtQuick_Controls --> node_venv_lib_python3_12_site-packages_PyQt6_Qt6_qml_QtQuick_Controls_FluentWinUI3["FluentWinUI3"]\n    node_venv_lib_python3_12_site-packages_PyQt6_Qt6_qml_QtQuick_Controls_FluentWinUI3 --> node_venv_lib_python3_12_site-packages_PyQt6_Qt6_qml_QtQuick_Controls_FluentWinUI3_light["light"]\n    node_venv_lib_python3_12_site-packages_PyQt6_Qt6_qml_QtQuick_Controls_FluentWinUI3_light --> node_venv_lib_python3_12_site-packages_PyQt6_Qt6_qml_QtQuick_Controls_FluentWinUI3_light_images["images"]\n    node_venv_lib_python3_12_site-packages_PyQt6_Qt6_qml_QtQuick_Controls_FluentWinUI3_light_images --> node_venv_lib_python3_12_site-packages_PyQt6_Qt6_qml_QtQuick_Controls_FluentWinUI3_light_images_spinbox-indicator-down-background-disabled@2x_png["spinbox-indicator-down-background-disabled@2x.png"]\n    Root --> node_venv["venv"]\n    node_venv --> node_venv_lib["lib"]\n    node_venv_lib --> node_venv_lib_python3_12["python3.12"]\n    node_venv_lib_python3_12 --> node_venv_lib_python3_12_site-packages["site-packages"]\n    node_venv_lib_python3_12_site-packages --> node_venv_lib_python3_12_site-packages_PyQt6["PyQt6"]\n    node_venv_lib_python3_12_site-packages_PyQt6 --> node_venv_lib_python3_12_site-packages_PyQt6_Qt6["Qt6"]\n    node_venv_lib_python3_12_site-packages_PyQt6_Qt6 --> node_venv_lib_python3_12_site-packages_PyQt6_Qt6_qml["qml"]\n    node_venv_lib_python3_12_site-packages_PyQt6_Qt6_qml --> node_venv_lib_python3_12_site-packages_PyQt6_Qt6_qml_QtQuick["QtQuick"]\n    node_venv_lib_python3_12_site-packages_PyQt6_Qt6_qml_QtQuick --> node_venv_lib_python3_12_site-packages_PyQt6_Qt6_qml_QtQuick_Controls["Controls"]\n    node_venv_lib_python3_12_site-packages_PyQt6_Qt6_qml_QtQuick_Controls --> node_venv_lib_python3_12_site-packages_PyQt6_Qt6_qml_QtQuick_Controls_FluentWinUI3["FluentWinUI3"]\n    node_venv_lib_python3_12_site-packages_PyQt6_Qt6_qml_QtQuick_Controls_FluentWinUI3 --> node_venv_lib_python3_12_site-packages_PyQt6_Qt6_qml_QtQuick_Controls_FluentWinUI3_light["light"]\n    node_venv_lib_python3_12_site-packages_PyQt6_Qt6_qml_QtQuick_Controls_FluentWinUI3_light --> node_venv_lib_python3_12_site-packages_PyQt6_Qt6_qml_QtQuick_Controls_FluentWinUI3_light_images["images"]\n    node_venv_lib_python3_12_site-packages_PyQt6_Qt6_qml_QtQuick_Controls_FluentWinUI3_light_images --> node_venv_lib_python3_12_site-packages_PyQt6_Qt6_qml_QtQuick_Controls_FluentWinUI3_light_images_spinbox-indicator-down-background-disabled@3x_png["spinbox-indicator-down-background-disabled@3x.png"]\n    Root --> node_venv["venv"]\n    node_venv --> node_venv_lib["lib"]\n    node_venv_lib --> node_venv_lib_python3_12["python3.12"]\n    node_venv_lib_python3_12 --> node_venv_lib_python3_12_site-packages["site-packages"]\n    node_venv_lib_python3_12_site-packages --> node_venv_lib_python3_12_site-packages_PyQt6["PyQt6"]\n    node_venv_lib_python3_12_site-packages_PyQt6 --> node_venv_lib_python3_12_site-packages_PyQt6_Qt6["Qt6"]\n    node_venv_lib_python3_12_site-packages_PyQt6_Qt6 --> node_venv_lib_python3_12_site-packages_PyQt6_Qt6_qml["qml"]\n    node_venv_lib_python3_12_site-packages_PyQt6_Qt6_qml --> node_venv_lib_python3_12_site-packages_PyQt6_Qt6_qml_QtQuick["QtQuick"]\n    node_venv_lib_python3_12_site-packages_PyQt6_Qt6_qml_QtQuick --> node_venv_lib_python3_12_site-packages_PyQt6_Qt6_qml_QtQuick_Controls["Controls"]\n    node_venv_lib_python3_12_site-packages_PyQt6_Qt6_qml_QtQuick_Controls --> node_venv_lib_python3_12_site-packages_PyQt6_Qt6_qml_QtQuick_Controls_FluentWinUI3["FluentWinUI3"]\n    node_venv_lib_python3_12_site-packages_PyQt6_Qt6_qml_QtQuick_Controls_FluentWinUI3 --> node_venv_lib_python3_12_site-packages_PyQt6_Qt6_qml_QtQuick_Controls_FluentWinUI3_light["light"]\n    node_venv_lib_python3_12_site-packages_PyQt6_Qt6_qml_QtQuick_Controls_FluentWinUI3_light --> node_venv_lib_python3_12_site-packages_PyQt6_Qt6_qml_QtQuick_Controls_FluentWinUI3_light_images["images"]\n    node_venv_lib_python3_12_site-packages_PyQt6_Qt6_qml_QtQuick_Controls_FluentWinUI3_light_images --> node_venv_lib_python3_12_site-packages_PyQt6_Qt6_qml_QtQuick_Controls_FluentWinUI3_light_images_spinbox-indicator-down-background-down-hovered_png["spinbox-indicator-down-background-down-hovered.png"]\n    Root --> node_venv["venv"]\n    node_venv --> node_venv_lib["lib"]\n    node_venv_lib --> node_venv_lib_python3_12["python3.12"]\n    node_venv_lib_python3_12 --> node_venv_lib_python3_12_site-packages["site-packages"]\n    node_venv_lib_python3_12_site-packages --> node_venv_lib_python3_12_site-packages_PyQt6["PyQt6"]\n    node_venv_lib_python3_12_site-packages_PyQt6 --> node_venv_lib_python3_12_site-packages_PyQt6_Qt6["Qt6"]\n    node_venv_lib_python3_12_site-packages_PyQt6_Qt6 --> node_venv_lib_python3_12_site-packages_PyQt6_Qt6_qml["qml"]\n    node_venv_lib_python3_12_site-packages_PyQt6_Qt6_qml --> node_venv_lib_python3_12_site-packages_PyQt6_Qt6_qml_QtQuick["QtQuick"]\n    node_venv_lib_python3_12_site-packages_PyQt6_Qt6_qml_QtQuick --> node_venv_lib_python3_12_site-packages_PyQt6_Qt6_qml_QtQuick_Controls["Controls"]\n    node_venv_lib_python3_12_site-packages_PyQt6_Qt6_qml_QtQuick_Controls --> node_venv_lib_python3_12_site-packages_PyQt6_Qt6_qml_QtQuick_Controls_FluentWinUI3["FluentWinUI3"]\n    node_venv_lib_python3_12_site-packages_PyQt6_Qt6_qml_QtQuick_Controls_FluentWinUI3 --> node_venv_lib_python3_12_site-packages_PyQt6_Qt6_qml_QtQuick_Controls_FluentWinUI3_light["light"]\n    node_venv_lib_python3_12_site-packages_PyQt6_Qt6_qml_QtQuick_Controls_FluentWinUI3_light --> node_venv_lib_python3_12_site-packages_PyQt6_Qt6_qml_QtQuick_Controls_FluentWinUI3_light_images["images"]\n    node_venv_lib_python3_12_site-packages_PyQt6_Qt6_qml_QtQuick_Controls_FluentWinUI3_light_images --> node_venv_lib_python3_12_site-packages_PyQt6_Qt6_qml_QtQuick_Controls_FluentWinUI3_light_images_spinbox-indicator-down-background-down-hovered@2x_png["spinbox-indicator-down-background-down-hovered@2x.png"]\n    Root --> node_venv["venv"]\n    node_venv --> node_venv_lib["lib"]\n    node_venv_lib --> node_venv_lib_python3_12["python3.12"]\n    node_venv_lib_python3_12 --> node_venv_lib_python3_12_site-packages["site-packages"]\n    node_venv_lib_python3_12_site-packages --> node_venv_lib_python3_12_site-packages_PyQt6["PyQt6"]\n    node_venv_lib_python3_12_site-packages_PyQt6 --> node_venv_lib_python3_12_site-packages_PyQt6_Qt6["Qt6"]\n    node_venv_lib_python3_12_site-packages_PyQt6_Qt6 --> node_venv_lib_python3_12_site-packages_PyQt6_Qt6_qml["qml"]\n    node_venv_lib_python3_12_site-packages_PyQt6_Qt6_qml --> node_venv_lib_python3_12_site-packages_PyQt6_Qt6_qml_QtQuick["QtQuick"]\n    node_venv_lib_python3_12_site-packages_PyQt6_Qt6_qml_QtQuick --> node_venv_lib_python3_12_site-packages_PyQt6_Qt6_qml_QtQuick_Controls["Controls"]\n    node_venv_lib_python3_12_site-packages_PyQt6_Qt6_qml_QtQuick_Controls --> node_venv_lib_python3_12_site-packages_PyQt6_Qt6_qml_QtQuick_Controls_FluentWinUI3["FluentWinUI3"]\n    node_venv_lib_python3_12_site-packages_PyQt6_Qt6_qml_QtQuick_Controls_FluentWinUI3 --> node_venv_lib_python3_12_site-packages_PyQt6_Qt6_qml_QtQuick_Controls_FluentWinUI3_light["light"]\n    node_venv_lib_python3_12_site-packages_PyQt6_Qt6_qml_QtQuick_Controls_FluentWinUI3_light --> node_venv_lib_python3_12_site-packages_PyQt6_Qt6_qml_QtQuick_Controls_FluentWinUI3_light_images["images"]\n    node_venv_lib_python3_12_site-packages_PyQt6_Qt6_qml_QtQuick_Controls_FluentWinUI3_light_images --> node_venv_lib_python3_12_site-packages_PyQt6_Qt6_qml_QtQuick_Controls_FluentWinUI3_light_images_spinbox-indicator-down-background-down-hovered@3x_png["spinbox-indicator-down-background-down-hovered@3x.png"]\n    Root --> node_venv["venv"]\n    node_venv --> node_venv_lib["lib"]\n    node_venv_lib --> node_venv_lib_python3_12["python3.12"]\n    node_venv_lib_python3_12 --> node_venv_lib_python3_12_site-packages["site-packages"]\n    node_venv_lib_python3_12_site-packages --> node_venv_lib_python3_12_site-packages_PyQt6["PyQt6"]\n    node_venv_lib_python3_12_site-packages_PyQt6 --> node_venv_lib_python3_12_site-packages_PyQt6_Qt6["Qt6"]\n    node_venv_lib_python3_12_site-packages_PyQt6_Qt6 --> node_venv_lib_python3_12_site-packages_PyQt6_Qt6_qml["qml"]\n    node_venv_lib_python3_12_site-packages_PyQt6_Qt6_qml --> node_venv_lib_python3_12_site-packages_PyQt6_Qt6_qml_QtQuick["QtQuick"]\n    node_venv_lib_python3_12_site-packages_PyQt6_Qt6_qml_QtQuick --> node_venv_lib_python3_12_site-packages_PyQt6_Qt6_qml_QtQuick_Controls["Controls"]\n    node_venv_lib_python3_12_site-packages_PyQt6_Qt6_qml_QtQuick_Controls --> node_venv_lib_python3_12_site-packages_PyQt6_Qt6_qml_QtQuick_Controls_FluentWinUI3["FluentWinUI3"]\n    node_venv_lib_python3_12_site-packages_PyQt6_Qt6_qml_QtQuick_Controls_FluentWinUI3 --> node_venv_lib_python3_12_site-packages_PyQt6_Qt6_qml_QtQuick_Controls_FluentWinUI3_light["light"]\n    node_venv_lib_python3_12_site-packages_PyQt6_Qt6_qml_QtQuick_Controls_FluentWinUI3_light --> node_venv_lib_python3_12_site-packages_PyQt6_Qt6_qml_QtQuick_Controls_FluentWinUI3_light_images["images"]\n    node_venv_lib_python3_12_site-packages_PyQt6_Qt6_qml_QtQuick_Controls_FluentWinUI3_light_images --> node_venv_lib_python3_12_site-packages_PyQt6_Qt6_qml_QtQuick_Controls_FluentWinUI3_light_images_spinbox-indicator-down-background-down-pressed_png["spinbox-indicator-down-background-down-pressed.png"]\n    Root --> node_venv["venv"]\n    node_venv --> node_venv_lib["lib"]\n    node_venv_lib --> node_venv_lib_python3_12["python3.12"]\n    node_venv_lib_python3_12 --> node_venv_lib_python3_12_site-packages["site-packages"]\n    node_venv_lib_python3_12_site-packages --> node_venv_lib_python3_12_site-packages_PyQt6["PyQt6"]\n    node_venv_lib_python3_12_site-packages_PyQt6 --> node_venv_lib_python3_12_site-packages_PyQt6_Qt6["Qt6"]\n    node_venv_lib_python3_12_site-packages_PyQt6_Qt6 --> node_venv_lib_python3_12_site-packages_PyQt6_Qt6_qml["qml"]\n    node_venv_lib_python3_12_site-packages_PyQt6_Qt6_qml --> node_venv_lib_python3_12_site-packages_PyQt6_Qt6_qml_QtQuick["QtQuick"]\n    node_venv_lib_python3_12_site-packages_PyQt6_Qt6_qml_QtQuick --> node_venv_lib_python3_12_site-packages_PyQt6_Qt6_qml_QtQuick_Controls["Controls"]\n    node_venv_lib_python3_12_site-packages_PyQt6_Qt6_qml_QtQuick_Controls --> node_venv_lib_python3_12_site-packages_PyQt6_Qt6_qml_QtQuick_Controls_FluentWinUI3["FluentWinUI3"]\n    node_venv_lib_python3_12_site-packages_PyQt6_Qt6_qml_QtQuick_Controls_FluentWinUI3 --> node_venv_lib_python3_12_site-packages_PyQt6_Qt6_qml_QtQuick_Controls_FluentWinUI3_light["light"]\n    node_venv_lib_python3_12_site-packages_PyQt6_Qt6_qml_QtQuick_Controls_FluentWinUI3_light --> node_venv_lib_python3_12_site-packages_PyQt6_Qt6_qml_QtQuick_Controls_FluentWinUI3_light_images["images"]\n    node_venv_lib_python3_12_site-packages_PyQt6_Qt6_qml_QtQuick_Controls_FluentWinUI3_light_images --> node_venv_lib_python3_12_site-packages_PyQt6_Qt6_qml_QtQuick_Controls_FluentWinUI3_light_images_spinbox-indicator-down-background-down-pressed@2x_png["spinbox-indicator-down-background-down-pressed@2x.png"]\n    Root --> node_venv["venv"]\n    node_venv --> node_venv_lib["lib"]\n    node_venv_lib --> node_venv_lib_python3_12["python3.12"]\n    node_venv_lib_python3_12 --> node_venv_lib_python3_12_site-packages["site-packages"]\n    node_venv_lib_python3_12_site-packages --> node_venv_lib_python3_12_site-packages_PyQt6["PyQt6"]\n    node_venv_lib_python3_12_site-packages_PyQt6 --> node_venv_lib_python3_12_site-packages_PyQt6_Qt6["Qt6"]\n    node_venv_lib_python3_12_site-packages_PyQt6_Qt6 --> node_venv_lib_python3_12_site-packages_PyQt6_Qt6_qml["qml"]\n    node_venv_lib_python3_12_site-packages_PyQt6_Qt6_qml --> node_venv_lib_python3_12_site-packages_PyQt6_Qt6_qml_QtQuick["QtQuick"]\n    node_venv_lib_python3_12_site-packages_PyQt6_Qt6_qml_QtQuick --> node_venv_lib_python3_12_site-packages_PyQt6_Qt6_qml_QtQuick_Controls["Controls"]\n    node_venv_lib_python3_12_site-packages_PyQt6_Qt6_qml_QtQuick_Controls --> node_venv_lib_python3_12_site-packages_PyQt6_Qt6_qml_QtQuick_Controls_FluentWinUI3["FluentWinUI3"]\n    node_venv_lib_python3_12_site-packages_PyQt6_Qt6_qml_QtQuick_Controls_FluentWinUI3 --> node_venv_lib_python3_12_site-packages_PyQt6_Qt6_qml_QtQuick_Controls_FluentWinUI3_light["light"]\n    node_venv_lib_python3_12_site-packages_PyQt6_Qt6_qml_QtQuick_Controls_FluentWinUI3_light --> node_venv_lib_python3_12_site-packages_PyQt6_Qt6_qml_QtQuick_Controls_FluentWinUI3_light_images["images"]\n    node_venv_lib_python3_12_site-packages_PyQt6_Qt6_qml_QtQuick_Controls_FluentWinUI3_light_images --> node_venv_lib_python3_12_site-packages_PyQt6_Qt6_qml_QtQuick_Controls_FluentWinUI3_light_images_spinbox-indicator-down-background-down-pressed@3x_png["spinbox-indicator-down-background-down-pressed@3x.png"]\n    Root --> node_venv["venv"]\n    node_venv --> node_venv_lib["lib"]\n    node_venv_lib --> node_venv_lib_python3_12["python3.12"]\n    node_venv_lib_python3_12 --> node_venv_lib_python3_12_site-packages["site-packages"]\n    node_venv_lib_python3_12_site-packages --> node_venv_lib_python3_12_site-packages_PyQt6["PyQt6"]\n    node_venv_lib_python3_12_site-packages_PyQt6 --> node_venv_lib_python3_12_site-packages_PyQt6_Qt6["Qt6"]\n    node_venv_lib_python3_12_site-packages_PyQt6_Qt6 --> node_venv_lib_python3_12_site-packages_PyQt6_Qt6_qml["qml"]\n    node_venv_lib_python3_12_site-packages_PyQt6_Qt6_qml --> node_venv_lib_python3_12_site-packages_PyQt6_Qt6_qml_QtQuick["QtQuick"]\n    node_venv_lib_python3_12_site-packages_PyQt6_Qt6_qml_QtQuick --> node_venv_lib_python3_12_site-packages_PyQt6_Qt6_qml_QtQuick_Controls["Controls"]\n    node_venv_lib_python3_12_site-packages_PyQt6_Qt6_qml_QtQuick_Controls --> node_venv_lib_python3_12_site-packages_PyQt6_Qt6_qml_QtQuick_Controls_FluentWinUI3["FluentWinUI3"]\n    node_venv_lib_python3_12_site-packages_PyQt6_Qt6_qml_QtQuick_Controls_FluentWinUI3 --> node_venv_lib_python3_12_site-packages_PyQt6_Qt6_qml_QtQuick_Controls_FluentWinUI3_light["light"]\n    node_venv_lib_python3_12_site-packages_PyQt6_Qt6_qml_QtQuick_Controls_FluentWinUI3_light --> node_venv_lib_python3_12_site-packages_PyQt6_Qt6_qml_QtQuick_Controls_FluentWinUI3_light_images["images"]\n    node_venv_lib_python3_12_site-packages_PyQt6_Qt6_qml_QtQuick_Controls_FluentWinUI3_light_images --> node_venv_lib_python3_12_site-packages_PyQt6_Qt6_qml_QtQuick_Controls_FluentWinUI3_light_images_spinbox-indicator-down-background-hovered_png["spinbox-indicator-down-background-hovered.png"]\n    Root --> node_venv["venv"]\n    node_venv --> node_venv_lib["lib"]\n    node_venv_lib --> node_venv_lib_python3_12["python3.12"]\n    node_venv_lib_python3_12 --> node_venv_lib_python3_12_site-packages["site-packages"]\n    node_venv_lib_python3_12_site-packages --> node_venv_lib_python3_12_site-packages_PyQt6["PyQt6"]\n    node_venv_lib_python3_12_site-packages_PyQt6 --> node_venv_lib_python3_12_site-packages_PyQt6_Qt6["Qt6"]\n    node_venv_lib_python3_12_site-packages_PyQt6_Qt6 --> node_venv_lib_python3_12_site-packages_PyQt6_Qt6_qml["qml"]\n    node_venv_lib_python3_12_site-packages_PyQt6_Qt6_qml --> node_venv_lib_python3_12_site-packages_PyQt6_Qt6_qml_QtQuick["QtQuick"]\n    node_venv_lib_python3_12_site-packages_PyQt6_Qt6_qml_QtQuick --> node_venv_lib_python3_12_site-packages_PyQt6_Qt6_qml_QtQuick_Controls["Controls"]\n    node_venv_lib_python3_12_site-packages_PyQt6_Qt6_qml_QtQuick_Controls --> node_venv_lib_python3_12_site-packages_PyQt6_Qt6_qml_QtQuick_Controls_FluentWinUI3["FluentWinUI3"]\n    node_venv_lib_python3_12_site-packages_PyQt6_Qt6_qml_QtQuick_Controls_FluentWinUI3 --> node_venv_lib_python3_12_site-packages_PyQt6_Qt6_qml_QtQuick_Controls_FluentWinUI3_light["light"]\n    node_venv_lib_python3_12_site-packages_PyQt6_Qt6_qml_QtQuick_Controls_FluentWinUI3_light --> node_venv_lib_python3_12_site-packages_PyQt6_Qt6_qml_QtQuick_Controls_FluentWinUI3_light_images["images"]\n    node_venv_lib_python3_12_site-packages_PyQt6_Qt6_qml_QtQuick_Controls_FluentWinUI3_light_images --> node_venv_lib_python3_12_site-packages_PyQt6_Qt6_qml_QtQuick_Controls_FluentWinUI3_light_images_spinbox-indicator-down-background-hovered@2x_png["spinbox-indicator-down-background-hovered@2x.png"]\n    Root --> node_venv["venv"]\n    node_venv --> node_venv_lib["lib"]\n    node_venv_lib --> node_venv_lib_python3_12["python3.12"]\n    node_venv_lib_python3_12 --> node_venv_lib_python3_12_site-packages["site-packages"]\n    node_venv_lib_python3_12_site-packages --> node_venv_lib_python3_12_site-packages_PyQt6["PyQt6"]\n    node_venv_lib_python3_12_site-packages_PyQt6 --> node_venv_lib_python3_12_site-packages_PyQt6_Qt6["Qt6"]\n    node_venv_lib_python3_12_site-packages_PyQt6_Qt6 --> node_venv_lib_python3_12_site-packages_PyQt6_Qt6_qml["qml"]\n    node_venv_lib_python3_12_site-packages_PyQt6_Qt6_qml --> node_venv_lib_python3_12_site-packages_PyQt6_Qt6_qml_QtQuick["QtQuick"]\n    node_venv_lib_python3_12_site-packages_PyQt6_Qt6_qml_QtQuick --> node_venv_lib_python3_12_site-packages_PyQt6_Qt6_qml_QtQuick_Controls["Controls"]\n    node_venv_lib_python3_12_site-packages_PyQt6_Qt6_qml_QtQuick_Controls --> node_venv_lib_python3_12_site-packages_PyQt6_Qt6_qml_QtQuick_Controls_FluentWinUI3["FluentWinUI3"]\n    node_venv_lib_python3_12_site-packages_PyQt6_Qt6_qml_QtQuick_Controls_FluentWinUI3 --> node_venv_lib_python3_12_site-packages_PyQt6_Qt6_qml_QtQuick_Controls_FluentWinUI3_light["light"]\n    node_venv_lib_python3_12_site-packages_PyQt6_Qt6_qml_QtQuick_Controls_FluentWinUI3_light --> node_venv_lib_python3_12_site-packages_PyQt6_Qt6_qml_QtQuick_Controls_FluentWinUI3_light_images["images"]\n    node_venv_lib_python3_12_site-packages_PyQt6_Qt6_qml_QtQuick_Controls_FluentWinUI3_light_images --> node_venv_lib_python3_12_site-packages_PyQt6_Qt6_qml_QtQuick_Controls_FluentWinUI3_light_images_spinbox-indicator-down-background-hovered@3x_png["spinbox-indicator-down-background-hovered@3x.png"]\n    Root --> node_venv["venv"]\n    node_venv --> node_venv_lib["lib"]\n    node_venv_lib --> node_venv_lib_python3_12["python3.12"]\n    node_venv_lib_python3_12 --> node_venv_lib_python3_12_site-packages["site-packages"]\n    node_venv_lib_python3_12_site-packages --> node_venv_lib_python3_12_site-packages_PyQt6["PyQt6"]\n    node_venv_lib_python3_12_site-packages_PyQt6 --> node_venv_lib_python3_12_site-packages_PyQt6_Qt6["Qt6"]\n    node_venv_lib_python3_12_site-packages_PyQt6_Qt6 --> node_venv_lib_python3_12_site-packages_PyQt6_Qt6_qml["qml"]\n    node_venv_lib_python3_12_site-packages_PyQt6_Qt6_qml --> node_venv_lib_python3_12_site-packages_PyQt6_Qt6_qml_QtQuick["QtQuick"]\n    node_venv_lib_python3_12_site-packages_PyQt6_Qt6_qml_QtQuick --> node_venv_lib_python3_12_site-packages_PyQt6_Qt6_qml_QtQuick_Controls["Controls"]\n    node_venv_lib_python3_12_site-packages_PyQt6_Qt6_qml_QtQuick_Controls --> node_venv_lib_python3_12_site-packages_PyQt6_Qt6_qml_QtQuick_Controls_FluentWinUI3["FluentWinUI3"]\n    node_venv_lib_python3_12_site-packages_PyQt6_Qt6_qml_QtQuick_Controls_FluentWinUI3 --> node_venv_lib_python3_12_site-packages_PyQt6_Qt6_qml_QtQuick_Controls_FluentWinUI3_light["light"]\n    node_venv_lib_python3_12_site-packages_PyQt6_Qt6_qml_QtQuick_Controls_FluentWinUI3_light --> node_venv_lib_python3_12_site-packages_PyQt6_Qt6_qml_QtQuick_Controls_FluentWinUI3_light_images["images"]\n    node_venv_lib_python3_12_site-packages_PyQt6_Qt6_qml_QtQuick_Controls_FluentWinUI3_light_images --> node_venv_lib_python3_12_site-packages_PyQt6_Qt6_qml_QtQuick_Controls_FluentWinUI3_light_images_spinbox-indicator-down-background-up-hovered_png["spinbox-indicator-down-background-up-hovered.png"]\n    Root --> node_venv["venv"]\n    node_venv --> node_venv_lib["lib"]\n    node_venv_lib --> node_venv_lib_python3_12["python3.12"]\n    node_venv_lib_python3_12 --> node_venv_lib_python3_12_site-packages["site-packages"]\n    node_venv_lib_python3_12_site-packages --> node_venv_lib_python3_12_site-packages_PyQt6["PyQt6"]\n    node_venv_lib_python3_12_site-packages_PyQt6 --> node_venv_lib_python3_12_site-packages_PyQt6_Qt6["Qt6"]\n    node_venv_lib_python3_12_site-packages_PyQt6_Qt6 --> node_venv_lib_python3_12_site-packages_PyQt6_Qt6_qml["qml"]\n    node_venv_lib_python3_12_site-packages_PyQt6_Qt6_qml --> node_venv_lib_python3_12_site-packages_PyQt6_Qt6_qml_QtQuick["QtQuick"]\n    node_venv_lib_python3_12_site-packages_PyQt6_Qt6_qml_QtQuick --> node_venv_lib_python3_12_site-packages_PyQt6_Qt6_qml_QtQuick_Controls["Controls"]\n    node_venv_lib_python3_12_site-packages_PyQt6_Qt6_qml_QtQuick_Controls --> node_venv_lib_python3_12_site-packages_PyQt6_Qt6_qml_QtQuick_Controls_FluentWinUI3["FluentWinUI3"]\n    node_venv_lib_python3_12_site-packages_PyQt6_Qt6_qml_QtQuick_Controls_FluentWinUI3 --> node_venv_lib_python3_12_site-packages_PyQt6_Qt6_qml_QtQuick_Controls_FluentWinUI3_light["light"]\n    node_venv_lib_python3_12_site-packages_PyQt6_Qt6_qml_QtQuick_Controls_FluentWinUI3_light --> node_venv_lib_python3_12_site-packages_PyQt6_Qt6_qml_QtQuick_Controls_FluentWinUI3_light_images["images"]\n    node_venv_lib_python3_12_site-packages_PyQt6_Qt6_qml_QtQuick_Controls_FluentWinUI3_light_images --> node_venv_lib_python3_12_site-packages_PyQt6_Qt6_qml_QtQuick_Controls_FluentWinUI3_light_images_spinbox-indicator-down-background-up-hovered@2x_png["spinbox-indicator-down-background-up-hovered@2x.png"]\n    Root --> node_venv["venv"]\n    node_venv --> node_venv_lib["lib"]\n    node_venv_lib --> node_venv_lib_python3_12["python3.12"]\n    node_venv_lib_python3_12 --> node_venv_lib_python3_12_site-packages["site-packages"]\n    node_venv_lib_python3_12_site-packages --> node_venv_lib_python3_12_site-packages_PyQt6["PyQt6"]\n    node_venv_lib_python3_12_site-packages_PyQt6 --> node_venv_lib_python3_12_site-packages_PyQt6_Qt6["Qt6"]\n    node_venv_lib_python3_12_site-packages_PyQt6_Qt6 --> node_venv_lib_python3_12_site-packages_PyQt6_Qt6_qml["qml"]\n    node_venv_lib_python3_12_site-packages_PyQt6_Qt6_qml --> node_venv_lib_python3_12_site-packages_PyQt6_Qt6_qml_QtQuick["QtQuick"]\n    node_venv_lib_python3_12_site-packages_PyQt6_Qt6_qml_QtQuick --> node_venv_lib_python3_12_site-packages_PyQt6_Qt6_qml_QtQuick_Controls["Controls"]\n    node_venv_lib_python3_12_site-packages_PyQt6_Qt6_qml_QtQuick_Controls --> node_venv_lib_python3_12_site-packages_PyQt6_Qt6_qml_QtQuick_Controls_FluentWinUI3["FluentWinUI3"]\n    node_venv_lib_python3_12_site-packages_PyQt6_Qt6_qml_QtQuick_Controls_FluentWinUI3 --> node_venv_lib_python3_12_site-packages_PyQt6_Qt6_qml_QtQuick_Controls_FluentWinUI3_light["light"]\n    node_venv_lib_python3_12_site-packages_PyQt6_Qt6_qml_QtQuick_Controls_FluentWinUI3_light --> node_venv_lib_python3_12_site-packages_PyQt6_Qt6_qml_QtQuick_Controls_FluentWinUI3_light_images["images"]\n    node_venv_lib_python3_12_site-packages_PyQt6_Qt6_qml_QtQuick_Controls_FluentWinUI3_light_images --> node_venv_lib_python3_12_site-packages_PyQt6_Qt6_qml_QtQuick_Controls_FluentWinUI3_light_images_spinbox-indicator-down-background-up-hovered@3x_png["spinbox-indicator-down-background-up-hovered@3x.png"]\n    Root --> node_venv["venv"]\n    node_venv --> node_venv_lib["lib"]\n    node_venv_lib --> node_venv_lib_python3_12["python3.12"]\n    node_venv_lib_python3_12 --> node_venv_lib_python3_12_site-packages["site-packages"]\n    node_venv_lib_python3_12_site-packages --> node_venv_lib_python3_12_site-packages_PyQt6["PyQt6"]\n    node_venv_lib_python3_12_site-packages_PyQt6 --> node_venv_lib_python3_12_site-packages_PyQt6_Qt6["Qt6"]\n    node_venv_lib_python3_12_site-packages_PyQt6_Qt6 --> node_venv_lib_python3_12_site-packages_PyQt6_Qt6_qml["qml"]\n    node_venv_lib_python3_12_site-packages_PyQt6_Qt6_qml --> node_venv_lib_python3_12_site-packages_PyQt6_Qt6_qml_QtQuick["QtQuick"]\n    node_venv_lib_python3_12_site-packages_PyQt6_Qt6_qml_QtQuick --> node_venv_lib_python3_12_site-packages_PyQt6_Qt6_qml_QtQuick_Controls["Controls"]\n    node_venv_lib_python3_12_site-packages_PyQt6_Qt6_qml_QtQuick_Controls --> node_venv_lib_python3_12_site-packages_PyQt6_Qt6_qml_QtQuick_Controls_FluentWinUI3["FluentWinUI3"]\n    node_venv_lib_python3_12_site-packages_PyQt6_Qt6_qml_QtQuick_Controls_FluentWinUI3 --> node_venv_lib_python3_12_site-packages_PyQt6_Qt6_qml_QtQuick_Controls_FluentWinUI3_light["light"]\n    node_venv_lib_python3_12_site-packages_PyQt6_Qt6_qml_QtQuick_Controls_FluentWinUI3_light --> node_venv_lib_python3_12_site-packages_PyQt6_Qt6_qml_QtQuick_Controls_FluentWinUI3_light_images["images"]\n    node_venv_lib_python3_12_site-packages_PyQt6_Qt6_qml_QtQuick_Controls_FluentWinUI3_light_images --> node_venv_lib_python3_12_site-packages_PyQt6_Qt6_qml_QtQuick_Controls_FluentWinUI3_light_images_spinbox-indicator-down-background-up-pressed_png["spinbox-indicator-down-background-up-pressed.png"]\n    Root --> node_venv["venv"]\n    node_venv --> node_venv_lib["lib"]\n    node_venv_lib --> node_venv_lib_python3_12["python3.12"]\n    node_venv_lib_python3_12 --> node_venv_lib_python3_12_site-packages["site-packages"]\n    node_venv_lib_python3_12_site-packages --> node_venv_lib_python3_12_site-packages_PyQt6["PyQt6"]\n    node_venv_lib_python3_12_site-packages_PyQt6 --> node_venv_lib_python3_12_site-packages_PyQt6_Qt6["Qt6"]\n    node_venv_lib_python3_12_site-packages_PyQt6_Qt6 --> node_venv_lib_python3_12_site-packages_PyQt6_Qt6_qml["qml"]\n    node_venv_lib_python3_12_site-packages_PyQt6_Qt6_qml --> node_venv_lib_python3_12_site-packages_PyQt6_Qt6_qml_QtQuick["QtQuick"]\n    node_venv_lib_python3_12_site-packages_PyQt6_Qt6_qml_QtQuick --> node_venv_lib_python3_12_site-packages_PyQt6_Qt6_qml_QtQuick_Controls["Controls"]\n    node_venv_lib_python3_12_site-packages_PyQt6_Qt6_qml_QtQuick_Controls --> node_venv_lib_python3_12_site-packages_PyQt6_Qt6_qml_QtQuick_Controls_FluentWinUI3["FluentWinUI3"]\n    node_venv_lib_python3_12_site-packages_PyQt6_Qt6_qml_QtQuick_Controls_FluentWinUI3 --> node_venv_lib_python3_12_site-packages_PyQt6_Qt6_qml_QtQuick_Controls_FluentWinUI3_light["light"]\n    node_venv_lib_python3_12_site-packages_PyQt6_Qt6_qml_QtQuick_Controls_FluentWinUI3_light --> node_venv_lib_python3_12_site-packages_PyQt6_Qt6_qml_QtQuick_Controls_FluentWinUI3_light_images["images"]\n    node_venv_lib_python3_12_site-packages_PyQt6_Qt6_qml_QtQuick_Controls_FluentWinUI3_light_images --> node_venv_lib_python3_12_site-packages_PyQt6_Qt6_qml_QtQuick_Controls_FluentWinUI3_light_images_spinbox-indicator-down-background-up-pressed@2x_png["spinbox-indicator-down-background-up-pressed@2x.png"]\n    Root --> node_venv["venv"]\n    node_venv --> node_venv_lib["lib"]\n    node_venv_lib --> node_venv_lib_python3_12["python3.12"]\n    node_venv_lib_python3_12 --> node_venv_lib_python3_12_site-packages["site-packages"]\n    node_venv_lib_python3_12_site-packages --> node_venv_lib_python3_12_site-packages_PyQt6["PyQt6"]\n    node_venv_lib_python3_12_site-packages_PyQt6 --> node_venv_lib_python3_12_site-packages_PyQt6_Qt6["Qt6"]\n    node_venv_lib_python3_12_site-packages_PyQt6_Qt6 --> node_venv_lib_python3_12_site-packages_PyQt6_Qt6_qml["qml"]\n    node_venv_lib_python3_12_site-packages_PyQt6_Qt6_qml --> node_venv_lib_python3_12_site-packages_PyQt6_Qt6_qml_QtQuick["QtQuick"]\n    node_venv_lib_python3_12_site-packages_PyQt6_Qt6_qml_QtQuick --> node_venv_lib_python3_12_site-packages_PyQt6_Qt6_qml_QtQuick_Controls["Controls"]\n    node_venv_lib_python3_12_site-packages_PyQt6_Qt6_qml_QtQuick_Controls --> node_venv_lib_python3_12_site-packages_PyQt6_Qt6_qml_QtQuick_Controls_FluentWinUI3["FluentWinUI3"]\n    node_venv_lib_python3_12_site-packages_PyQt6_Qt6_qml_QtQuick_Controls_FluentWinUI3 --> node_venv_lib_python3_12_site-packages_PyQt6_Qt6_qml_QtQuick_Controls_FluentWinUI3_light["light"]\n    node_venv_lib_python3_12_site-packages_PyQt6_Qt6_qml_QtQuick_Controls_FluentWinUI3_light --> node_venv_lib_python3_12_site-packages_PyQt6_Qt6_qml_QtQuick_Controls_FluentWinUI3_light_images["images"]\n    node_venv_lib_python3_12_site-packages_PyQt6_Qt6_qml_QtQuick_Controls_FluentWinUI3_light_images --> node_venv_lib_python3_12_site-packages_PyQt6_Qt6_qml_QtQuick_Controls_FluentWinUI3_light_images_spinbox-indicator-down-background-up-pressed@3x_png["spinbox-indicator-down-background-up-pressed@3x.png"]\n    Root --> node_venv["venv"]\n    node_venv --> node_venv_lib["lib"]\n    node_venv_lib --> node_venv_lib_python3_12["python3.12"]\n    node_venv_lib_python3_12 --> node_venv_lib_python3_12_site-packages["site-packages"]\n    node_venv_lib_python3_12_site-packages --> node_venv_lib_python3_12_site-packages_PyQt6["PyQt6"]\n    node_venv_lib_python3_12_site-packages_PyQt6 --> node_venv_lib_python3_12_site-packages_PyQt6_Qt6["Qt6"]\n    node_venv_lib_python3_12_site-packages_PyQt6_Qt6 --> node_venv_lib_python3_12_site-packages_PyQt6_Qt6_qml["qml"]\n    node_venv_lib_python3_12_site-packages_PyQt6_Qt6_qml --> node_venv_lib_python3_12_site-packages_PyQt6_Qt6_qml_QtQuick["QtQuick"]\n    node_venv_lib_python3_12_site-packages_PyQt6_Qt6_qml_QtQuick --> node_venv_lib_python3_12_site-packages_PyQt6_Qt6_qml_QtQuick_Controls["Controls"]\n    node_venv_lib_python3_12_site-packages_PyQt6_Qt6_qml_QtQuick_Controls --> node_venv_lib_python3_12_site-packages_PyQt6_Qt6_qml_QtQuick_Controls_FluentWinUI3["FluentWinUI3"]\n    node_venv_lib_python3_12_site-packages_PyQt6_Qt6_qml_QtQuick_Controls_FluentWinUI3 --> node_venv_lib_python3_12_site-packages_PyQt6_Qt6_qml_QtQuick_Controls_FluentWinUI3_light["light"]\n    node_venv_lib_python3_12_site-packages_PyQt6_Qt6_qml_QtQuick_Controls_FluentWinUI3_light --> node_venv_lib_python3_12_site-packages_PyQt6_Qt6_qml_QtQuick_Controls_FluentWinUI3_light_images["images"]\n    node_venv_lib_python3_12_site-packages_PyQt6_Qt6_qml_QtQuick_Controls_FluentWinUI3_light_images --> node_venv_lib_python3_12_site-packages_PyQt6_Qt6_qml_QtQuick_Controls_FluentWinUI3_light_images_spinbox-indicator-down-background_png["spinbox-indicator-down-background.png"]\n    Root --> node_venv["venv"]\n    node_venv --> node_venv_lib["lib"]\n    node_venv_lib --> node_venv_lib_python3_12["python3.12"]\n    node_venv_lib_python3_12 --> node_venv_lib_python3_12_site-packages["site-packages"]\n    node_venv_lib_python3_12_site-packages --> node_venv_lib_python3_12_site-packages_PyQt6["PyQt6"]\n    node_venv_lib_python3_12_site-packages_PyQt6 --> node_venv_lib_python3_12_site-packages_PyQt6_Qt6["Qt6"]\n    node_venv_lib_python3_12_site-packages_PyQt6_Qt6 --> node_venv_lib_python3_12_site-packages_PyQt6_Qt6_qml["qml"]\n    node_venv_lib_python3_12_site-packages_PyQt6_Qt6_qml --> node_venv_lib_python3_12_site-packages_PyQt6_Qt6_qml_QtQuick["QtQuick"]\n    node_venv_lib_python3_12_site-packages_PyQt6_Qt6_qml_QtQuick --> node_venv_lib_python3_12_site-packages_PyQt6_Qt6_qml_QtQuick_Controls["Controls"]\n    node_venv_lib_python3_12_site-packages_PyQt6_Qt6_qml_QtQuick_Controls --> node_venv_lib_python3_12_site-packages_PyQt6_Qt6_qml_QtQuick_Controls_FluentWinUI3["FluentWinUI3"]\n    node_venv_lib_python3_12_site-packages_PyQt6_Qt6_qml_QtQuick_Controls_FluentWinUI3 --> node_venv_lib_python3_12_site-packages_PyQt6_Qt6_qml_QtQuick_Controls_FluentWinUI3_light["light"]\n    node_venv_lib_python3_12_site-packages_PyQt6_Qt6_qml_QtQuick_Controls_FluentWinUI3_light --> node_venv_lib_python3_12_site-packages_PyQt6_Qt6_qml_QtQuick_Controls_FluentWinUI3_light_images["images"]\n    node_venv_lib_python3_12_site-packages_PyQt6_Qt6_qml_QtQuick_Controls_FluentWinUI3_light_images --> node_venv_lib_python3_12_site-packages_PyQt6_Qt6_qml_QtQuick_Controls_FluentWinUI3_light_images_spinbox-indicator-down-background@2x_png["spinbox-indicator-down-background@2x.png"]\n    Root --> node_venv["venv"]\n    node_venv --> node_venv_lib["lib"]\n    node_venv_lib --> node_venv_lib_python3_12["python3.12"]\n    node_venv_lib_python3_12 --> node_venv_lib_python3_12_site-packages["site-packages"]\n    node_venv_lib_python3_12_site-packages --> node_venv_lib_python3_12_site-packages_PyQt6["PyQt6"]\n    node_venv_lib_python3_12_site-packages_PyQt6 --> node_venv_lib_python3_12_site-packages_PyQt6_Qt6["Qt6"]\n    node_venv_lib_python3_12_site-packages_PyQt6_Qt6 --> node_venv_lib_python3_12_site-packages_PyQt6_Qt6_qml["qml"]\n    node_venv_lib_python3_12_site-packages_PyQt6_Qt6_qml --> node_venv_lib_python3_12_site-packages_PyQt6_Qt6_qml_QtQuick["QtQuick"]\n    node_venv_lib_python3_12_site-packages_PyQt6_Qt6_qml_QtQuick --> node_venv_lib_python3_12_site-packages_PyQt6_Qt6_qml_QtQuick_Controls["Controls"]\n    node_venv_lib_python3_12_site-packages_PyQt6_Qt6_qml_QtQuick_Controls --> node_venv_lib_python3_12_site-packages_PyQt6_Qt6_qml_QtQuick_Controls_FluentWinUI3["FluentWinUI3"]\n    node_venv_lib_python3_12_site-packages_PyQt6_Qt6_qml_QtQuick_Controls_FluentWinUI3 --> node_venv_lib_python3_12_site-packages_PyQt6_Qt6_qml_QtQuick_Controls_FluentWinUI3_light["light"]\n    node_venv_lib_python3_12_site-packages_PyQt6_Qt6_qml_QtQuick_Controls_FluentWinUI3_light --> node_venv_lib_python3_12_site-packages_PyQt6_Qt6_qml_QtQuick_Controls_FluentWinUI3_light_images["images"]\n    node_venv_lib_python3_12_site-packages_PyQt6_Qt6_qml_QtQuick_Controls_FluentWinUI3_light_images --> node_venv_lib_python3_12_site-packages_PyQt6_Qt6_qml_QtQuick_Controls_FluentWinUI3_light_images_spinbox-indicator-down-background@3x_png["spinbox-indicator-down-background@3x.png"]\n    Root --> node_venv["venv"]\n    node_venv --> node_venv_lib["lib"]\n    node_venv_lib --> node_venv_lib_python3_12["python3.12"]\n    node_venv_lib_python3_12 --> node_venv_lib_python3_12_site-packages["site-packages"]\n    node_venv_lib_python3_12_site-packages --> node_venv_lib_python3_12_site-packages_PyQt6["PyQt6"]\n    node_venv_lib_python3_12_site-packages_PyQt6 --> node_venv_lib_python3_12_site-packages_PyQt6_Qt6["Qt6"]\n    node_venv_lib_python3_12_site-packages_PyQt6_Qt6 --> node_venv_lib_python3_12_site-packages_PyQt6_Qt6_qml["qml"]\n    node_venv_lib_python3_12_site-packages_PyQt6_Qt6_qml --> node_venv_lib_python3_12_site-packages_PyQt6_Qt6_qml_QtQuick["QtQuick"]\n    node_venv_lib_python3_12_site-packages_PyQt6_Qt6_qml_QtQuick --> node_venv_lib_python3_12_site-packages_PyQt6_Qt6_qml_QtQuick_Controls["Controls"]\n    node_venv_lib_python3_12_site-packages_PyQt6_Qt6_qml_QtQuick_Controls --> node_venv_lib_python3_12_site-packages_PyQt6_Qt6_qml_QtQuick_Controls_FluentWinUI3["FluentWinUI3"]\n    node_venv_lib_python3_12_site-packages_PyQt6_Qt6_qml_QtQuick_Controls_FluentWinUI3 --> node_venv_lib_python3_12_site-packages_PyQt6_Qt6_qml_QtQuick_Controls_FluentWinUI3_light["light"]\n    node_venv_lib_python3_12_site-packages_PyQt6_Qt6_qml_QtQuick_Controls_FluentWinUI3_light --> node_venv_lib_python3_12_site-packages_PyQt6_Qt6_qml_QtQuick_Controls_FluentWinUI3_light_images["images"]\n    node_venv_lib_python3_12_site-packages_PyQt6_Qt6_qml_QtQuick_Controls_FluentWinUI3_light_images --> node_venv_lib_python3_12_site-packages_PyQt6_Qt6_qml_QtQuick_Controls_FluentWinUI3_light_images_spinbox-indicator-down-icon-atlimit_png["spinbox-indicator-down-icon-atlimit.png"]\n    Root --> node_venv["venv"]\n    node_venv --> node_venv_lib["lib"]\n    node_venv_lib --> node_venv_lib_python3_12["python3.12"]\n    node_venv_lib_python3_12 --> node_venv_lib_python3_12_site-packages["site-packages"]\n    node_venv_lib_python3_12_site-packages --> node_venv_lib_python3_12_site-packages_PyQt6["PyQt6"]\n    node_venv_lib_python3_12_site-packages_PyQt6 --> node_venv_lib_python3_12_site-packages_PyQt6_Qt6["Qt6"]\n    node_venv_lib_python3_12_site-packages_PyQt6_Qt6 --> node_venv_lib_python3_12_site-packages_PyQt6_Qt6_qml["qml"]\n    node_venv_lib_python3_12_site-packages_PyQt6_Qt6_qml --> node_venv_lib_python3_12_site-packages_PyQt6_Qt6_qml_QtQuick["QtQuick"]\n    node_venv_lib_python3_12_site-packages_PyQt6_Qt6_qml_QtQuick --> node_venv_lib_python3_12_site-packages_PyQt6_Qt6_qml_QtQuick_Controls["Controls"]\n    node_venv_lib_python3_12_site-packages_PyQt6_Qt6_qml_QtQuick_Controls --> node_venv_lib_python3_12_site-packages_PyQt6_Qt6_qml_QtQuick_Controls_FluentWinUI3["FluentWinUI3"]\n    node_venv_lib_python3_12_site-packages_PyQt6_Qt6_qml_QtQuick_Controls_FluentWinUI3 --> node_venv_lib_python3_12_site-packages_PyQt6_Qt6_qml_QtQuick_Controls_FluentWinUI3_light["light"]\n    node_venv_lib_python3_12_site-packages_PyQt6_Qt6_qml_QtQuick_Controls_FluentWinUI3_light --> node_venv_lib_python3_12_site-packages_PyQt6_Qt6_qml_QtQuick_Controls_FluentWinUI3_light_images["images"]\n    node_venv_lib_python3_12_site-packages_PyQt6_Qt6_qml_QtQuick_Controls_FluentWinUI3_light_images --> node_venv_lib_python3_12_site-packages_PyQt6_Qt6_qml_QtQuick_Controls_FluentWinUI3_light_images_spinbox-indicator-down-icon-atlimit@2x_png["spinbox-indicator-down-icon-atlimit@2x.png"]\n    Root --> node_venv["venv"]\n    node_venv --> node_venv_lib["lib"]\n    node_venv_lib --> node_venv_lib_python3_12["python3.12"]\n    node_venv_lib_python3_12 --> node_venv_lib_python3_12_site-packages["site-packages"]\n    node_venv_lib_python3_12_site-packages --> node_venv_lib_python3_12_site-packages_PyQt6["PyQt6"]\n    node_venv_lib_python3_12_site-packages_PyQt6 --> node_venv_lib_python3_12_site-packages_PyQt6_Qt6["Qt6"]\n    node_venv_lib_python3_12_site-packages_PyQt6_Qt6 --> node_venv_lib_python3_12_site-packages_PyQt6_Qt6_qml["qml"]\n    node_venv_lib_python3_12_site-packages_PyQt6_Qt6_qml --> node_venv_lib_python3_12_site-packages_PyQt6_Qt6_qml_QtQuick["QtQuick"]\n    node_venv_lib_python3_12_site-packages_PyQt6_Qt6_qml_QtQuick --> node_venv_lib_python3_12_site-packages_PyQt6_Qt6_qml_QtQuick_Controls["Controls"]\n    node_venv_lib_python3_12_site-packages_PyQt6_Qt6_qml_QtQuick_Controls --> node_venv_lib_python3_12_site-packages_PyQt6_Qt6_qml_QtQuick_Controls_FluentWinUI3["FluentWinUI3"]\n    node_venv_lib_python3_12_site-packages_PyQt6_Qt6_qml_QtQuick_Controls_FluentWinUI3 --> node_venv_lib_python3_12_site-packages_PyQt6_Qt6_qml_QtQuick_Controls_FluentWinUI3_light["light"]\n    node_venv_lib_python3_12_site-packages_PyQt6_Qt6_qml_QtQuick_Controls_FluentWinUI3_light --> node_venv_lib_python3_12_site-packages_PyQt6_Qt6_qml_QtQuick_Controls_FluentWinUI3_light_images["images"]\n    node_venv_lib_python3_12_site-packages_PyQt6_Qt6_qml_QtQuick_Controls_FluentWinUI3_light_images --> node_venv_lib_python3_12_site-packages_PyQt6_Qt6_qml_QtQuick_Controls_FluentWinUI3_light_images_spinbox-indicator-down-icon-atlimit@3x_png["spinbox-indicator-down-icon-atlimit@3x.png"]\n    Root --> node_venv["venv"]\n    node_venv --> node_venv_lib["lib"]\n    node_venv_lib --> node_venv_lib_python3_12["python3.12"]\n    node_venv_lib_python3_12 --> node_venv_lib_python3_12_site-packages["site-packages"]\n    node_venv_lib_python3_12_site-packages --> node_venv_lib_python3_12_site-packages_PyQt6["PyQt6"]\n    node_venv_lib_python3_12_site-packages_PyQt6 --> node_venv_lib_python3_12_site-packages_PyQt6_Qt6["Qt6"]\n    node_venv_lib_python3_12_site-packages_PyQt6_Qt6 --> node_venv_lib_python3_12_site-packages_PyQt6_Qt6_qml["qml"]\n    node_venv_lib_python3_12_site-packages_PyQt6_Qt6_qml --> node_venv_lib_python3_12_site-packages_PyQt6_Qt6_qml_QtQuick["QtQuick"]\n    node_venv_lib_python3_12_site-packages_PyQt6_Qt6_qml_QtQuick --> node_venv_lib_python3_12_site-packages_PyQt6_Qt6_qml_QtQuick_Controls["Controls"]\n    node_venv_lib_python3_12_site-packages_PyQt6_Qt6_qml_QtQuick_Controls --> node_venv_lib_python3_12_site-packages_PyQt6_Qt6_qml_QtQuick_Controls_FluentWinUI3["FluentWinUI3"]\n    node_venv_lib_python3_12_site-packages_PyQt6_Qt6_qml_QtQuick_Controls_FluentWinUI3 --> node_venv_lib_python3_12_site-packages_PyQt6_Qt6_qml_QtQuick_Controls_FluentWinUI3_light["light"]\n    node_venv_lib_python3_12_site-packages_PyQt6_Qt6_qml_QtQuick_Controls_FluentWinUI3_light --> node_venv_lib_python3_12_site-packages_PyQt6_Qt6_qml_QtQuick_Controls_FluentWinUI3_light_images["images"]\n    node_venv_lib_python3_12_site-packages_PyQt6_Qt6_qml_QtQuick_Controls_FluentWinUI3_light_images --> node_venv_lib_python3_12_site-packages_PyQt6_Qt6_qml_QtQuick_Controls_FluentWinUI3_light_images_spinbox-indicator-down-icon-disabled_png["spinbox-indicator-down-icon-disabled.png"]\n    Root --> node_venv["venv"]\n    node_venv --> node_venv_lib["lib"]\n    node_venv_lib --> node_venv_lib_python3_12["python3.12"]\n    node_venv_lib_python3_12 --> node_venv_lib_python3_12_site-packages["site-packages"]\n    node_venv_lib_python3_12_site-packages --> node_venv_lib_python3_12_site-packages_PyQt6["PyQt6"]\n    node_venv_lib_python3_12_site-packages_PyQt6 --> node_venv_lib_python3_12_site-packages_PyQt6_Qt6["Qt6"]\n    node_venv_lib_python3_12_site-packages_PyQt6_Qt6 --> node_venv_lib_python3_12_site-packages_PyQt6_Qt6_qml["qml"]\n    node_venv_lib_python3_12_site-packages_PyQt6_Qt6_qml --> node_venv_lib_python3_12_site-packages_PyQt6_Qt6_qml_QtQuick["QtQuick"]\n    node_venv_lib_python3_12_site-packages_PyQt6_Qt6_qml_QtQuick --> node_venv_lib_python3_12_site-packages_PyQt6_Qt6_qml_QtQuick_Controls["Controls"]\n    node_venv_lib_python3_12_site-packages_PyQt6_Qt6_qml_QtQuick_Controls --> node_venv_lib_python3_12_site-packages_PyQt6_Qt6_qml_QtQuick_Controls_FluentWinUI3["FluentWinUI3"]\n    node_venv_lib_python3_12_site-packages_PyQt6_Qt6_qml_QtQuick_Controls_FluentWinUI3 --> node_venv_lib_python3_12_site-packages_PyQt6_Qt6_qml_QtQuick_Controls_FluentWinUI3_light["light"]\n    node_venv_lib_python3_12_site-packages_PyQt6_Qt6_qml_QtQuick_Controls_FluentWinUI3_light --> node_venv_lib_python3_12_site-packages_PyQt6_Qt6_qml_QtQuick_Controls_FluentWinUI3_light_images["images"]\n    node_venv_lib_python3_12_site-packages_PyQt6_Qt6_qml_QtQuick_Controls_FluentWinUI3_light_images --> node_venv_lib_python3_12_site-packages_PyQt6_Qt6_qml_QtQuick_Controls_FluentWinUI3_light_images_spinbox-indicator-down-icon-disabled@2x_png["spinbox-indicator-down-icon-disabled@2x.png"]\n    Root --> node_venv["venv"]\n    node_venv --> node_venv_lib["lib"]\n    node_venv_lib --> node_venv_lib_python3_12["python3.12"]\n    node_venv_lib_python3_12 --> node_venv_lib_python3_12_site-packages["site-packages"]\n    node_venv_lib_python3_12_site-packages --> node_venv_lib_python3_12_site-packages_PyQt6["PyQt6"]\n    node_venv_lib_python3_12_site-packages_PyQt6 --> node_venv_lib_python3_12_site-packages_PyQt6_Qt6["Qt6"]\n    node_venv_lib_python3_12_site-packages_PyQt6_Qt6 --> node_venv_lib_python3_12_site-packages_PyQt6_Qt6_qml["qml"]\n    node_venv_lib_python3_12_site-packages_PyQt6_Qt6_qml --> node_venv_lib_python3_12_site-packages_PyQt6_Qt6_qml_QtQuick["QtQuick"]\n    node_venv_lib_python3_12_site-packages_PyQt6_Qt6_qml_QtQuick --> node_venv_lib_python3_12_site-packages_PyQt6_Qt6_qml_QtQuick_Controls["Controls"]\n    node_venv_lib_python3_12_site-packages_PyQt6_Qt6_qml_QtQuick_Controls --> node_venv_lib_python3_12_site-packages_PyQt6_Qt6_qml_QtQuick_Controls_FluentWinUI3["FluentWinUI3"]\n    node_venv_lib_python3_12_site-packages_PyQt6_Qt6_qml_QtQuick_Controls_FluentWinUI3 --> node_venv_lib_python3_12_site-packages_PyQt6_Qt6_qml_QtQuick_Controls_FluentWinUI3_light["light"]\n    node_venv_lib_python3_12_site-packages_PyQt6_Qt6_qml_QtQuick_Controls_FluentWinUI3_light --> node_venv_lib_python3_12_site-packages_PyQt6_Qt6_qml_QtQuick_Controls_FluentWinUI3_light_images["images"]\n    node_venv_lib_python3_12_site-packages_PyQt6_Qt6_qml_QtQuick_Controls_FluentWinUI3_light_images --> node_venv_lib_python3_12_site-packages_PyQt6_Qt6_qml_QtQuick_Controls_FluentWinUI3_light_images_spinbox-indicator-down-icon-disabled@3x_png["spinbox-indicator-down-icon-disabled@3x.png"]\n    Root --> node_venv["venv"]\n    node_venv --> node_venv_lib["lib"]\n    node_venv_lib --> node_venv_lib_python3_12["python3.12"]\n    node_venv_lib_python3_12 --> node_venv_lib_python3_12_site-packages["site-packages"]\n    node_venv_lib_python3_12_site-packages --> node_venv_lib_python3_12_site-packages_PyQt6["PyQt6"]\n    node_venv_lib_python3_12_site-packages_PyQt6 --> node_venv_lib_python3_12_site-packages_PyQt6_Qt6["Qt6"]\n    node_venv_lib_python3_12_site-packages_PyQt6_Qt6 --> node_venv_lib_python3_12_site-packages_PyQt6_Qt6_qml["qml"]\n    node_venv_lib_python3_12_site-packages_PyQt6_Qt6_qml --> node_venv_lib_python3_12_site-packages_PyQt6_Qt6_qml_QtQuick["QtQuick"]\n    node_venv_lib_python3_12_site-packages_PyQt6_Qt6_qml_QtQuick --> node_venv_lib_python3_12_site-packages_PyQt6_Qt6_qml_QtQuick_Controls["Controls"]\n    node_venv_lib_python3_12_site-packages_PyQt6_Qt6_qml_QtQuick_Controls --> node_venv_lib_python3_12_site-packages_PyQt6_Qt6_qml_QtQuick_Controls_FluentWinUI3["FluentWinUI3"]\n    node_venv_lib_python3_12_site-packages_PyQt6_Qt6_qml_QtQuick_Controls_FluentWinUI3 --> node_venv_lib_python3_12_site-packages_PyQt6_Qt6_qml_QtQuick_Controls_FluentWinUI3_light["light"]\n    node_venv_lib_python3_12_site-packages_PyQt6_Qt6_qml_QtQuick_Controls_FluentWinUI3_light --> node_venv_lib_python3_12_site-packages_PyQt6_Qt6_qml_QtQuick_Controls_FluentWinUI3_light_images["images"]\n    node_venv_lib_python3_12_site-packages_PyQt6_Qt6_qml_QtQuick_Controls_FluentWinUI3_light_images --> node_venv_lib_python3_12_site-packages_PyQt6_Qt6_qml_QtQuick_Controls_FluentWinUI3_light_images_spinbox-indicator-down-icon-down-hovered_png["spinbox-indicator-down-icon-down-hovered.png"]\n    Root --> node_venv["venv"]\n    node_venv --> node_venv_lib["lib"]\n    node_venv_lib --> node_venv_lib_python3_12["python3.12"]\n    node_venv_lib_python3_12 --> node_venv_lib_python3_12_site-packages["site-packages"]\n    node_venv_lib_python3_12_site-packages --> node_venv_lib_python3_12_site-packages_PyQt6["PyQt6"]\n    node_venv_lib_python3_12_site-packages_PyQt6 --> node_venv_lib_python3_12_site-packages_PyQt6_Qt6["Qt6"]\n    node_venv_lib_python3_12_site-packages_PyQt6_Qt6 --> node_venv_lib_python3_12_site-packages_PyQt6_Qt6_qml["qml"]\n    node_venv_lib_python3_12_site-packages_PyQt6_Qt6_qml --> node_venv_lib_python3_12_site-packages_PyQt6_Qt6_qml_QtQuick["QtQuick"]\n    node_venv_lib_python3_12_site-packages_PyQt6_Qt6_qml_QtQuick --> node_venv_lib_python3_12_site-packages_PyQt6_Qt6_qml_QtQuick_Controls["Controls"]\n    node_venv_lib_python3_12_site-packages_PyQt6_Qt6_qml_QtQuick_Controls --> node_venv_lib_python3_12_site-packages_PyQt6_Qt6_qml_QtQuick_Controls_FluentWinUI3["FluentWinUI3"]\n    node_venv_lib_python3_12_site-packages_PyQt6_Qt6_qml_QtQuick_Controls_FluentWinUI3 --> node_venv_lib_python3_12_site-packages_PyQt6_Qt6_qml_QtQuick_Controls_FluentWinUI3_light["light"]\n    node_venv_lib_python3_12_site-packages_PyQt6_Qt6_qml_QtQuick_Controls_FluentWinUI3_light --> node_venv_lib_python3_12_site-packages_PyQt6_Qt6_qml_QtQuick_Controls_FluentWinUI3_light_images["images"]\n    node_venv_lib_python3_12_site-packages_PyQt6_Qt6_qml_QtQuick_Controls_FluentWinUI3_light_images --> node_venv_lib_python3_12_site-packages_PyQt6_Qt6_qml_QtQuick_Controls_FluentWinUI3_light_images_spinbox-indicator-down-icon-down-hovered@2x_png["spinbox-indicator-down-icon-down-hovered@2x.png"]\n    Root --> node_venv["venv"]\n    node_venv --> node_venv_lib["lib"]\n    node_venv_lib --> node_venv_lib_python3_12["python3.12"]\n    node_venv_lib_python3_12 --> node_venv_lib_python3_12_site-packages["site-packages"]\n    node_venv_lib_python3_12_site-packages --> node_venv_lib_python3_12_site-packages_PyQt6["PyQt6"]\n    node_venv_lib_python3_12_site-packages_PyQt6 --> node_venv_lib_python3_12_site-packages_PyQt6_Qt6["Qt6"]\n    node_venv_lib_python3_12_site-packages_PyQt6_Qt6 --> node_venv_lib_python3_12_site-packages_PyQt6_Qt6_qml["qml"]\n    node_venv_lib_python3_12_site-packages_PyQt6_Qt6_qml --> node_venv_lib_python3_12_site-packages_PyQt6_Qt6_qml_QtQuick["QtQuick"]\n    node_venv_lib_python3_12_site-packages_PyQt6_Qt6_qml_QtQuick --> node_venv_lib_python3_12_site-packages_PyQt6_Qt6_qml_QtQuick_Controls["Controls"]\n    node_venv_lib_python3_12_site-packages_PyQt6_Qt6_qml_QtQuick_Controls --> node_venv_lib_python3_12_site-packages_PyQt6_Qt6_qml_QtQuick_Controls_FluentWinUI3["FluentWinUI3"]\n    node_venv_lib_python3_12_site-packages_PyQt6_Qt6_qml_QtQuick_Controls_FluentWinUI3 --> node_venv_lib_python3_12_site-packages_PyQt6_Qt6_qml_QtQuick_Controls_FluentWinUI3_light["light"]\n    node_venv_lib_python3_12_site-packages_PyQt6_Qt6_qml_QtQuick_Controls_FluentWinUI3_light --> node_venv_lib_python3_12_site-packages_PyQt6_Qt6_qml_QtQuick_Controls_FluentWinUI3_light_images["images"]\n    node_venv_lib_python3_12_site-packages_PyQt6_Qt6_qml_QtQuick_Controls_FluentWinUI3_light_images --> node_venv_lib_python3_12_site-packages_PyQt6_Qt6_qml_QtQuick_Controls_FluentWinUI3_light_images_spinbox-indicator-down-icon-down-hovered@3x_png["spinbox-indicator-down-icon-down-hovered@3x.png"]\n    Root --> node_venv["venv"]\n    node_venv --> node_venv_lib["lib"]\n    node_venv_lib --> node_venv_lib_python3_12["python3.12"]\n    node_venv_lib_python3_12 --> node_venv_lib_python3_12_site-packages["site-packages"]\n    node_venv_lib_python3_12_site-packages --> node_venv_lib_python3_12_site-packages_PyQt6["PyQt6"]\n    node_venv_lib_python3_12_site-packages_PyQt6 --> node_venv_lib_python3_12_site-packages_PyQt6_Qt6["Qt6"]\n    node_venv_lib_python3_12_site-packages_PyQt6_Qt6 --> node_venv_lib_python3_12_site-packages_PyQt6_Qt6_qml["qml"]\n    node_venv_lib_python3_12_site-packages_PyQt6_Qt6_qml --> node_venv_lib_python3_12_site-packages_PyQt6_Qt6_qml_QtQuick["QtQuick"]\n    node_venv_lib_python3_12_site-packages_PyQt6_Qt6_qml_QtQuick --> node_venv_lib_python3_12_site-packages_PyQt6_Qt6_qml_QtQuick_Controls["Controls"]\n    node_venv_lib_python3_12_site-packages_PyQt6_Qt6_qml_QtQuick_Controls --> node_venv_lib_python3_12_site-packages_PyQt6_Qt6_qml_QtQuick_Controls_FluentWinUI3["FluentWinUI3"]\n    node_venv_lib_python3_12_site-packages_PyQt6_Qt6_qml_QtQuick_Controls_FluentWinUI3 --> node_venv_lib_python3_12_site-packages_PyQt6_Qt6_qml_QtQuick_Controls_FluentWinUI3_light["light"]\n    node_venv_lib_python3_12_site-packages_PyQt6_Qt6_qml_QtQuick_Controls_FluentWinUI3_light --> node_venv_lib_python3_12_site-packages_PyQt6_Qt6_qml_QtQuick_Controls_FluentWinUI3_light_images["images"]\n    node_venv_lib_python3_12_site-packages_PyQt6_Qt6_qml_QtQuick_Controls_FluentWinUI3_light_images --> node_venv_lib_python3_12_site-packages_PyQt6_Qt6_qml_QtQuick_Controls_FluentWinUI3_light_images_spinbox-indicator-down-icon-down-pressed_png["spinbox-indicator-down-icon-down-pressed.png"]\n    Root --> node_venv["venv"]\n    node_venv --> node_venv_lib["lib"]\n    node_venv_lib --> node_venv_lib_python3_12["python3.12"]\n    node_venv_lib_python3_12 --> node_venv_lib_python3_12_site-packages["site-packages"]\n    node_venv_lib_python3_12_site-packages --> node_venv_lib_python3_12_site-packages_PyQt6["PyQt6"]\n    node_venv_lib_python3_12_site-packages_PyQt6 --> node_venv_lib_python3_12_site-packages_PyQt6_Qt6["Qt6"]\n    node_venv_lib_python3_12_site-packages_PyQt6_Qt6 --> node_venv_lib_python3_12_site-packages_PyQt6_Qt6_qml["qml"]\n    node_venv_lib_python3_12_site-packages_PyQt6_Qt6_qml --> node_venv_lib_python3_12_site-packages_PyQt6_Qt6_qml_QtQuick["QtQuick"]\n    node_venv_lib_python3_12_site-packages_PyQt6_Qt6_qml_QtQuick --> node_venv_lib_python3_12_site-packages_PyQt6_Qt6_qml_QtQuick_Controls["Controls"]\n    node_venv_lib_python3_12_site-packages_PyQt6_Qt6_qml_QtQuick_Controls --> node_venv_lib_python3_12_site-packages_PyQt6_Qt6_qml_QtQuick_Controls_FluentWinUI3["FluentWinUI3"]\n    node_venv_lib_python3_12_site-packages_PyQt6_Qt6_qml_QtQuick_Controls_FluentWinUI3 --> node_venv_lib_python3_12_site-packages_PyQt6_Qt6_qml_QtQuick_Controls_FluentWinUI3_light["light"]\n    node_venv_lib_python3_12_site-packages_PyQt6_Qt6_qml_QtQuick_Controls_FluentWinUI3_light --> node_venv_lib_python3_12_site-packages_PyQt6_Qt6_qml_QtQuick_Controls_FluentWinUI3_light_images["images"]\n    node_venv_lib_python3_12_site-packages_PyQt6_Qt6_qml_QtQuick_Controls_FluentWinUI3_light_images --> node_venv_lib_python3_12_site-packages_PyQt6_Qt6_qml_QtQuick_Controls_FluentWinUI3_light_images_spinbox-indicator-down-icon-down-pressed@2x_png["spinbox-indicator-down-icon-down-pressed@2x.png"]\n    Root --> node_venv["venv"]\n    node_venv --> node_venv_lib["lib"]\n    node_venv_lib --> node_venv_lib_python3_12["python3.12"]\n    node_venv_lib_python3_12 --> node_venv_lib_python3_12_site-packages["site-packages"]\n    node_venv_lib_python3_12_site-packages --> node_venv_lib_python3_12_site-packages_PyQt6["PyQt6"]\n    node_venv_lib_python3_12_site-packages_PyQt6 --> node_venv_lib_python3_12_site-packages_PyQt6_Qt6["Qt6"]\n    node_venv_lib_python3_12_site-packages_PyQt6_Qt6 --> node_venv_lib_python3_12_site-packages_PyQt6_Qt6_qml["qml"]\n    node_venv_lib_python3_12_site-packages_PyQt6_Qt6_qml --> node_venv_lib_python3_12_site-packages_PyQt6_Qt6_qml_QtQuick["QtQuick"]\n    node_venv_lib_python3_12_site-packages_PyQt6_Qt6_qml_QtQuick --> node_venv_lib_python3_12_site-packages_PyQt6_Qt6_qml_QtQuick_Controls["Controls"]\n    node_venv_lib_python3_12_site-packages_PyQt6_Qt6_qml_QtQuick_Controls --> node_venv_lib_python3_12_site-packages_PyQt6_Qt6_qml_QtQuick_Controls_FluentWinUI3["FluentWinUI3"]\n    node_venv_lib_python3_12_site-packages_PyQt6_Qt6_qml_QtQuick_Controls_FluentWinUI3 --> node_venv_lib_python3_12_site-packages_PyQt6_Qt6_qml_QtQuick_Controls_FluentWinUI3_light["light"]\n    node_venv_lib_python3_12_site-packages_PyQt6_Qt6_qml_QtQuick_Controls_FluentWinUI3_light --> node_venv_lib_python3_12_site-packages_PyQt6_Qt6_qml_QtQuick_Controls_FluentWinUI3_light_images["images"]\n    node_venv_lib_python3_12_site-packages_PyQt6_Qt6_qml_QtQuick_Controls_FluentWinUI3_light_images --> node_venv_lib_python3_12_site-packages_PyQt6_Qt6_qml_QtQuick_Controls_FluentWinUI3_light_images_spinbox-indicator-down-icon-down-pressed@3x_png["spinbox-indicator-down-icon-down-pressed@3x.png"]\n    Root --> node_venv["venv"]\n    node_venv --> node_venv_lib["lib"]\n    node_venv_lib --> node_venv_lib_python3_12["python3.12"]\n    node_venv_lib_python3_12 --> node_venv_lib_python3_12_site-packages["site-packages"]\n    node_venv_lib_python3_12_site-packages --> node_venv_lib_python3_12_site-packages_PyQt6["PyQt6"]\n    node_venv_lib_python3_12_site-packages_PyQt6 --> node_venv_lib_python3_12_site-packages_PyQt6_Qt6["Qt6"]\n    node_venv_lib_python3_12_site-packages_PyQt6_Qt6 --> node_venv_lib_python3_12_site-packages_PyQt6_Qt6_qml["qml"]\n    node_venv_lib_python3_12_site-packages_PyQt6_Qt6_qml --> node_venv_lib_python3_12_site-packages_PyQt6_Qt6_qml_QtQuick["QtQuick"]\n    node_venv_lib_python3_12_site-packages_PyQt6_Qt6_qml_QtQuick --> node_venv_lib_python3_12_site-packages_PyQt6_Qt6_qml_QtQuick_Controls["Controls"]\n    node_venv_lib_python3_12_site-packages_PyQt6_Qt6_qml_QtQuick_Controls --> node_venv_lib_python3_12_site-packages_PyQt6_Qt6_qml_QtQuick_Controls_FluentWinUI3["FluentWinUI3"]\n    node_venv_lib_python3_12_site-packages_PyQt6_Qt6_qml_QtQuick_Controls_FluentWinUI3 --> node_venv_lib_python3_12_site-packages_PyQt6_Qt6_qml_QtQuick_Controls_FluentWinUI3_light["light"]\n    node_venv_lib_python3_12_site-packages_PyQt6_Qt6_qml_QtQuick_Controls_FluentWinUI3_light --> node_venv_lib_python3_12_site-packages_PyQt6_Qt6_qml_QtQuick_Controls_FluentWinUI3_light_images["images"]\n    node_venv_lib_python3_12_site-packages_PyQt6_Qt6_qml_QtQuick_Controls_FluentWinUI3_light_images --> node_venv_lib_python3_12_site-packages_PyQt6_Qt6_qml_QtQuick_Controls_FluentWinUI3_light_images_spinbox-indicator-down-icon-hovered_png["spinbox-indicator-down-icon-hovered.png"]\n    Root --> node_venv["venv"]\n    node_venv --> node_venv_lib["lib"]\n    node_venv_lib --> node_venv_lib_python3_12["python3.12"]\n    node_venv_lib_python3_12 --> node_venv_lib_python3_12_site-packages["site-packages"]\n    node_venv_lib_python3_12_site-packages --> node_venv_lib_python3_12_site-packages_PyQt6["PyQt6"]\n    node_venv_lib_python3_12_site-packages_PyQt6 --> node_venv_lib_python3_12_site-packages_PyQt6_Qt6["Qt6"]\n    node_venv_lib_python3_12_site-packages_PyQt6_Qt6 --> node_venv_lib_python3_12_site-packages_PyQt6_Qt6_qml["qml"]\n    node_venv_lib_python3_12_site-packages_PyQt6_Qt6_qml --> node_venv_lib_python3_12_site-packages_PyQt6_Qt6_qml_QtQuick["QtQuick"]\n    node_venv_lib_python3_12_site-packages_PyQt6_Qt6_qml_QtQuick --> node_venv_lib_python3_12_site-packages_PyQt6_Qt6_qml_QtQuick_Controls["Controls"]\n    node_venv_lib_python3_12_site-packages_PyQt6_Qt6_qml_QtQuick_Controls --> node_venv_lib_python3_12_site-packages_PyQt6_Qt6_qml_QtQuick_Controls_FluentWinUI3["FluentWinUI3"]\n    node_venv_lib_python3_12_site-packages_PyQt6_Qt6_qml_QtQuick_Controls_FluentWinUI3 --> node_venv_lib_python3_12_site-packages_PyQt6_Qt6_qml_QtQuick_Controls_FluentWinUI3_light["light"]\n    node_venv_lib_python3_12_site-packages_PyQt6_Qt6_qml_QtQuick_Controls_FluentWinUI3_light --> node_venv_lib_python3_12_site-packages_PyQt6_Qt6_qml_QtQuick_Controls_FluentWinUI3_light_images["images"]\n    node_venv_lib_python3_12_site-packages_PyQt6_Qt6_qml_QtQuick_Controls_FluentWinUI3_light_images --> node_venv_lib_python3_12_site-packages_PyQt6_Qt6_qml_QtQuick_Controls_FluentWinUI3_light_images_spinbox-indicator-down-icon-hovered@2x_png["spinbox-indicator-down-icon-hovered@2x.png"]\n    Root --> node_venv["venv"]\n    node_venv --> node_venv_lib["lib"]\n    node_venv_lib --> node_venv_lib_python3_12["python3.12"]\n    node_venv_lib_python3_12 --> node_venv_lib_python3_12_site-packages["site-packages"]\n    node_venv_lib_python3_12_site-packages --> node_venv_lib_python3_12_site-packages_PyQt6["PyQt6"]\n    node_venv_lib_python3_12_site-packages_PyQt6 --> node_venv_lib_python3_12_site-packages_PyQt6_Qt6["Qt6"]\n    node_venv_lib_python3_12_site-packages_PyQt6_Qt6 --> node_venv_lib_python3_12_site-packages_PyQt6_Qt6_qml["qml"]\n    node_venv_lib_python3_12_site-packages_PyQt6_Qt6_qml --> node_venv_lib_python3_12_site-packages_PyQt6_Qt6_qml_QtQuick["QtQuick"]\n    node_venv_lib_python3_12_site-packages_PyQt6_Qt6_qml_QtQuick --> node_venv_lib_python3_12_site-packages_PyQt6_Qt6_qml_QtQuick_Controls["Controls"]\n    node_venv_lib_python3_12_site-packages_PyQt6_Qt6_qml_QtQuick_Controls --> node_venv_lib_python3_12_site-packages_PyQt6_Qt6_qml_QtQuick_Controls_FluentWinUI3["FluentWinUI3"]\n    node_venv_lib_python3_12_site-packages_PyQt6_Qt6_qml_QtQuick_Controls_FluentWinUI3 --> node_venv_lib_python3_12_site-packages_PyQt6_Qt6_qml_QtQuick_Controls_FluentWinUI3_light["light"]\n    node_venv_lib_python3_12_site-packages_PyQt6_Qt6_qml_QtQuick_Controls_FluentWinUI3_light --> node_venv_lib_python3_12_site-packages_PyQt6_Qt6_qml_QtQuick_Controls_FluentWinUI3_light_images["images"]\n    node_venv_lib_python3_12_site-packages_PyQt6_Qt6_qml_QtQuick_Controls_FluentWinUI3_light_images --> node_venv_lib_python3_12_site-packages_PyQt6_Qt6_qml_QtQuick_Controls_FluentWinUI3_light_images_spinbox-indicator-down-icon-hovered@3x_png["spinbox-indicator-down-icon-hovered@3x.png"]\n    Root --> node_venv["venv"]\n    node_venv --> node_venv_lib["lib"]\n    node_venv_lib --> node_venv_lib_python3_12["python3.12"]\n    node_venv_lib_python3_12 --> node_venv_lib_python3_12_site-packages["site-packages"]\n    node_venv_lib_python3_12_site-packages --> node_venv_lib_python3_12_site-packages_PyQt6["PyQt6"]\n    node_venv_lib_python3_12_site-packages_PyQt6 --> node_venv_lib_python3_12_site-packages_PyQt6_Qt6["Qt6"]\n    node_venv_lib_python3_12_site-packages_PyQt6_Qt6 --> node_venv_lib_python3_12_site-packages_PyQt6_Qt6_qml["qml"]\n    node_venv_lib_python3_12_site-packages_PyQt6_Qt6_qml --> node_venv_lib_python3_12_site-packages_PyQt6_Qt6_qml_QtQuick["QtQuick"]\n    node_venv_lib_python3_12_site-packages_PyQt6_Qt6_qml_QtQuick --> node_venv_lib_python3_12_site-packages_PyQt6_Qt6_qml_QtQuick_Controls["Controls"]\n    node_venv_lib_python3_12_site-packages_PyQt6_Qt6_qml_QtQuick_Controls --> node_venv_lib_python3_12_site-packages_PyQt6_Qt6_qml_QtQuick_Controls_FluentWinUI3["FluentWinUI3"]\n    node_venv_lib_python3_12_site-packages_PyQt6_Qt6_qml_QtQuick_Controls_FluentWinUI3 --> node_venv_lib_python3_12_site-packages_PyQt6_Qt6_qml_QtQuick_Controls_FluentWinUI3_light["light"]\n    node_venv_lib_python3_12_site-packages_PyQt6_Qt6_qml_QtQuick_Controls_FluentWinUI3_light --> node_venv_lib_python3_12_site-packages_PyQt6_Qt6_qml_QtQuick_Controls_FluentWinUI3_light_images["images"]\n    node_venv_lib_python3_12_site-packages_PyQt6_Qt6_qml_QtQuick_Controls_FluentWinUI3_light_images --> node_venv_lib_python3_12_site-packages_PyQt6_Qt6_qml_QtQuick_Controls_FluentWinUI3_light_images_spinbox-indicator-down-icon-up-hovered_png["spinbox-indicator-down-icon-up-hovered.png"]\n    Root --> node_venv["venv"]\n    node_venv --> node_venv_lib["lib"]\n    node_venv_lib --> node_venv_lib_python3_12["python3.12"]\n    node_venv_lib_python3_12 --> node_venv_lib_python3_12_site-packages["site-packages"]\n    node_venv_lib_python3_12_site-packages --> node_venv_lib_python3_12_site-packages_PyQt6["PyQt6"]\n    node_venv_lib_python3_12_site-packages_PyQt6 --> node_venv_lib_python3_12_site-packages_PyQt6_Qt6["Qt6"]\n    node_venv_lib_python3_12_site-packages_PyQt6_Qt6 --> node_venv_lib_python3_12_site-packages_PyQt6_Qt6_qml["qml"]\n    node_venv_lib_python3_12_site-packages_PyQt6_Qt6_qml --> node_venv_lib_python3_12_site-packages_PyQt6_Qt6_qml_QtQuick["QtQuick"]\n    node_venv_lib_python3_12_site-packages_PyQt6_Qt6_qml_QtQuick --> node_venv_lib_python3_12_site-packages_PyQt6_Qt6_qml_QtQuick_Controls["Controls"]\n    node_venv_lib_python3_12_site-packages_PyQt6_Qt6_qml_QtQuick_Controls --> node_venv_lib_python3_12_site-packages_PyQt6_Qt6_qml_QtQuick_Controls_FluentWinUI3["FluentWinUI3"]\n    node_venv_lib_python3_12_site-packages_PyQt6_Qt6_qml_QtQuick_Controls_FluentWinUI3 --> node_venv_lib_python3_12_site-packages_PyQt6_Qt6_qml_QtQuick_Controls_FluentWinUI3_light["light"]\n    node_venv_lib_python3_12_site-packages_PyQt6_Qt6_qml_QtQuick_Controls_FluentWinUI3_light --> node_venv_lib_python3_12_site-packages_PyQt6_Qt6_qml_QtQuick_Controls_FluentWinUI3_light_images["images"]\n    node_venv_lib_python3_12_site-packages_PyQt6_Qt6_qml_QtQuick_Controls_FluentWinUI3_light_images --> node_venv_lib_python3_12_site-packages_PyQt6_Qt6_qml_QtQuick_Controls_FluentWinUI3_light_images_spinbox-indicator-down-icon-up-hovered@2x_png["spinbox-indicator-down-icon-up-hovered@2x.png"]\n    Root --> node_venv["venv"]\n    node_venv --> node_venv_lib["lib"]\n    node_venv_lib --> node_venv_lib_python3_12["python3.12"]\n    node_venv_lib_python3_12 --> node_venv_lib_python3_12_site-packages["site-packages"]\n    node_venv_lib_python3_12_site-packages --> node_venv_lib_python3_12_site-packages_PyQt6["PyQt6"]\n    node_venv_lib_python3_12_site-packages_PyQt6 --> node_venv_lib_python3_12_site-packages_PyQt6_Qt6["Qt6"]\n    node_venv_lib_python3_12_site-packages_PyQt6_Qt6 --> node_venv_lib_python3_12_site-packages_PyQt6_Qt6_qml["qml"]\n    node_venv_lib_python3_12_site-packages_PyQt6_Qt6_qml --> node_venv_lib_python3_12_site-packages_PyQt6_Qt6_qml_QtQuick["QtQuick"]\n    node_venv_lib_python3_12_site-packages_PyQt6_Qt6_qml_QtQuick --> node_venv_lib_python3_12_site-packages_PyQt6_Qt6_qml_QtQuick_Controls["Controls"]\n    node_venv_lib_python3_12_site-packages_PyQt6_Qt6_qml_QtQuick_Controls --> node_venv_lib_python3_12_site-packages_PyQt6_Qt6_qml_QtQuick_Controls_FluentWinUI3["FluentWinUI3"]\n    node_venv_lib_python3_12_site-packages_PyQt6_Qt6_qml_QtQuick_Controls_FluentWinUI3 --> node_venv_lib_python3_12_site-packages_PyQt6_Qt6_qml_QtQuick_Controls_FluentWinUI3_light["light"]\n    node_venv_lib_python3_12_site-packages_PyQt6_Qt6_qml_QtQuick_Controls_FluentWinUI3_light --> node_venv_lib_python3_12_site-packages_PyQt6_Qt6_qml_QtQuick_Controls_FluentWinUI3_light_images["images"]\n    node_venv_lib_python3_12_site-packages_PyQt6_Qt6_qml_QtQuick_Controls_FluentWinUI3_light_images --> node_venv_lib_python3_12_site-packages_PyQt6_Qt6_qml_QtQuick_Controls_FluentWinUI3_light_images_spinbox-indicator-down-icon-up-hovered@3x_png["spinbox-indicator-down-icon-up-hovered@3x.png"]\n    Root --> node_venv["venv"]\n    node_venv --> node_venv_lib["lib"]\n    node_venv_lib --> node_venv_lib_python3_12["python3.12"]\n    node_venv_lib_python3_12 --> node_venv_lib_python3_12_site-packages["site-packages"]\n    node_venv_lib_python3_12_site-packages --> node_venv_lib_python3_12_site-packages_PyQt6["PyQt6"]\n    node_venv_lib_python3_12_site-packages_PyQt6 --> node_venv_lib_python3_12_site-packages_PyQt6_Qt6["Qt6"]\n    node_venv_lib_python3_12_site-packages_PyQt6_Qt6 --> node_venv_lib_python3_12_site-packages_PyQt6_Qt6_qml["qml"]\n    node_venv_lib_python3_12_site-packages_PyQt6_Qt6_qml --> node_venv_lib_python3_12_site-packages_PyQt6_Qt6_qml_QtQuick["QtQuick"]\n    node_venv_lib_python3_12_site-packages_PyQt6_Qt6_qml_QtQuick --> node_venv_lib_python3_12_site-packages_PyQt6_Qt6_qml_QtQuick_Controls["Controls"]\n    node_venv_lib_python3_12_site-packages_PyQt6_Qt6_qml_QtQuick_Controls --> node_venv_lib_python3_12_site-packages_PyQt6_Qt6_qml_QtQuick_Controls_FluentWinUI3["FluentWinUI3"]\n    node_venv_lib_python3_12_site-packages_PyQt6_Qt6_qml_QtQuick_Controls_FluentWinUI3 --> node_venv_lib_python3_12_site-packages_PyQt6_Qt6_qml_QtQuick_Controls_FluentWinUI3_light["light"]\n    node_venv_lib_python3_12_site-packages_PyQt6_Qt6_qml_QtQuick_Controls_FluentWinUI3_light --> node_venv_lib_python3_12_site-packages_PyQt6_Qt6_qml_QtQuick_Controls_FluentWinUI3_light_images["images"]\n    node_venv_lib_python3_12_site-packages_PyQt6_Qt6_qml_QtQuick_Controls_FluentWinUI3_light_images --> node_venv_lib_python3_12_site-packages_PyQt6_Qt6_qml_QtQuick_Controls_FluentWinUI3_light_images_spinbox-indicator-down-icon-up-pressed_png["spinbox-indicator-down-icon-up-pressed.png"]\n    Root --> node_venv["venv"]\n    node_venv --> node_venv_lib["lib"]\n    node_venv_lib --> node_venv_lib_python3_12["python3.12"]\n    node_venv_lib_python3_12 --> node_venv_lib_python3_12_site-packages["site-packages"]\n    node_venv_lib_python3_12_site-packages --> node_venv_lib_python3_12_site-packages_PyQt6["PyQt6"]\n    node_venv_lib_python3_12_site-packages_PyQt6 --> node_venv_lib_python3_12_site-packages_PyQt6_Qt6["Qt6"]\n    node_venv_lib_python3_12_site-packages_PyQt6_Qt6 --> node_venv_lib_python3_12_site-packages_PyQt6_Qt6_qml["qml"]\n    node_venv_lib_python3_12_site-packages_PyQt6_Qt6_qml --> node_venv_lib_python3_12_site-packages_PyQt6_Qt6_qml_QtQuick["QtQuick"]\n    node_venv_lib_python3_12_site-packages_PyQt6_Qt6_qml_QtQuick --> node_venv_lib_python3_12_site-packages_PyQt6_Qt6_qml_QtQuick_Controls["Controls"]\n    node_venv_lib_python3_12_site-packages_PyQt6_Qt6_qml_QtQuick_Controls --> node_venv_lib_python3_12_site-packages_PyQt6_Qt6_qml_QtQuick_Controls_FluentWinUI3["FluentWinUI3"]\n    node_venv_lib_python3_12_site-packages_PyQt6_Qt6_qml_QtQuick_Controls_FluentWinUI3 --> node_venv_lib_python3_12_site-packages_PyQt6_Qt6_qml_QtQuick_Controls_FluentWinUI3_light["light"]\n    node_venv_lib_python3_12_site-packages_PyQt6_Qt6_qml_QtQuick_Controls_FluentWinUI3_light --> node_venv_lib_python3_12_site-packages_PyQt6_Qt6_qml_QtQuick_Controls_FluentWinUI3_light_images["images"]\n    node_venv_lib_python3_12_site-packages_PyQt6_Qt6_qml_QtQuick_Controls_FluentWinUI3_light_images --> node_venv_lib_python3_12_site-packages_PyQt6_Qt6_qml_QtQuick_Controls_FluentWinUI3_light_images_spinbox-indicator-down-icon-up-pressed@2x_png["spinbox-indicator-down-icon-up-pressed@2x.png"]\n    Root --> node_venv["venv"]\n    node_venv --> node_venv_lib["lib"]\n    node_venv_lib --> node_venv_lib_python3_12["python3.12"]\n    node_venv_lib_python3_12 --> node_venv_lib_python3_12_site-packages["site-packages"]\n    node_venv_lib_python3_12_site-packages --> node_venv_lib_python3_12_site-packages_PyQt6["PyQt6"]\n    node_venv_lib_python3_12_site-packages_PyQt6 --> node_venv_lib_python3_12_site-packages_PyQt6_Qt6["Qt6"]\n    node_venv_lib_python3_12_site-packages_PyQt6_Qt6 --> node_venv_lib_python3_12_site-packages_PyQt6_Qt6_qml["qml"]\n    node_venv_lib_python3_12_site-packages_PyQt6_Qt6_qml --> node_venv_lib_python3_12_site-packages_PyQt6_Qt6_qml_QtQuick["QtQuick"]\n    node_venv_lib_python3_12_site-packages_PyQt6_Qt6_qml_QtQuick --> node_venv_lib_python3_12_site-packages_PyQt6_Qt6_qml_QtQuick_Controls["Controls"]\n    node_venv_lib_python3_12_site-packages_PyQt6_Qt6_qml_QtQuick_Controls --> node_venv_lib_python3_12_site-packages_PyQt6_Qt6_qml_QtQuick_Controls_FluentWinUI3["FluentWinUI3"]\n    node_venv_lib_python3_12_site-packages_PyQt6_Qt6_qml_QtQuick_Controls_FluentWinUI3 --> node_venv_lib_python3_12_site-packages_PyQt6_Qt6_qml_QtQuick_Controls_FluentWinUI3_light["light"]\n    node_venv_lib_python3_12_site-packages_PyQt6_Qt6_qml_QtQuick_Controls_FluentWinUI3_light --> node_venv_lib_python3_12_site-packages_PyQt6_Qt6_qml_QtQuick_Controls_FluentWinUI3_light_images["images"]\n    node_venv_lib_python3_12_site-packages_PyQt6_Qt6_qml_QtQuick_Controls_FluentWinUI3_light_images --> node_venv_lib_python3_12_site-packages_PyQt6_Qt6_qml_QtQuick_Controls_FluentWinUI3_light_images_spinbox-indicator-down-icon-up-pressed@3x_png["spinbox-indicator-down-icon-up-pressed@3x.png"]\n    Root --> node_venv["venv"]\n    node_venv --> node_venv_lib["lib"]\n    node_venv_lib --> node_venv_lib_python3_12["python3.12"]\n    node_venv_lib_python3_12 --> node_venv_lib_python3_12_site-packages["site-packages"]\n    node_venv_lib_python3_12_site-packages --> node_venv_lib_python3_12_site-packages_PyQt6["PyQt6"]\n    node_venv_lib_python3_12_site-packages_PyQt6 --> node_venv_lib_python3_12_site-packages_PyQt6_Qt6["Qt6"]\n    node_venv_lib_python3_12_site-packages_PyQt6_Qt6 --> node_venv_lib_python3_12_site-packages_PyQt6_Qt6_qml["qml"]\n    node_venv_lib_python3_12_site-packages_PyQt6_Qt6_qml --> node_venv_lib_python3_12_site-packages_PyQt6_Qt6_qml_QtQuick["QtQuick"]\n    node_venv_lib_python3_12_site-packages_PyQt6_Qt6_qml_QtQuick --> node_venv_lib_python3_12_site-packages_PyQt6_Qt6_qml_QtQuick_Controls["Controls"]\n    node_venv_lib_python3_12_site-packages_PyQt6_Qt6_qml_QtQuick_Controls --> node_venv_lib_python3_12_site-packages_PyQt6_Qt6_qml_QtQuick_Controls_FluentWinUI3["FluentWinUI3"]\n    node_venv_lib_python3_12_site-packages_PyQt6_Qt6_qml_QtQuick_Controls_FluentWinUI3 --> node_venv_lib_python3_12_site-packages_PyQt6_Qt6_qml_QtQuick_Controls_FluentWinUI3_light["light"]\n    node_venv_lib_python3_12_site-packages_PyQt6_Qt6_qml_QtQuick_Controls_FluentWinUI3_light --> node_venv_lib_python3_12_site-packages_PyQt6_Qt6_qml_QtQuick_Controls_FluentWinUI3_light_images["images"]\n    node_venv_lib_python3_12_site-packages_PyQt6_Qt6_qml_QtQuick_Controls_FluentWinUI3_light_images --> node_venv_lib_python3_12_site-packages_PyQt6_Qt6_qml_QtQuick_Controls_FluentWinUI3_light_images_spinbox-indicator-down-icon_png["spinbox-indicator-down-icon.png"]\n    Root --> node_venv["venv"]\n    node_venv --> node_venv_lib["lib"]\n    node_venv_lib --> node_venv_lib_python3_12["python3.12"]\n    node_venv_lib_python3_12 --> node_venv_lib_python3_12_site-packages["site-packages"]\n    node_venv_lib_python3_12_site-packages --> node_venv_lib_python3_12_site-packages_PyQt6["PyQt6"]\n    node_venv_lib_python3_12_site-packages_PyQt6 --> node_venv_lib_python3_12_site-packages_PyQt6_Qt6["Qt6"]\n    node_venv_lib_python3_12_site-packages_PyQt6_Qt6 --> node_venv_lib_python3_12_site-packages_PyQt6_Qt6_qml["qml"]\n    node_venv_lib_python3_12_site-packages_PyQt6_Qt6_qml --> node_venv_lib_python3_12_site-packages_PyQt6_Qt6_qml_QtQuick["QtQuick"]\n    node_venv_lib_python3_12_site-packages_PyQt6_Qt6_qml_QtQuick --> node_venv_lib_python3_12_site-packages_PyQt6_Qt6_qml_QtQuick_Controls["Controls"]\n    node_venv_lib_python3_12_site-packages_PyQt6_Qt6_qml_QtQuick_Controls --> node_venv_lib_python3_12_site-packages_PyQt6_Qt6_qml_QtQuick_Controls_FluentWinUI3["FluentWinUI3"]\n    node_venv_lib_python3_12_site-packages_PyQt6_Qt6_qml_QtQuick_Controls_FluentWinUI3 --> node_venv_lib_python3_12_site-packages_PyQt6_Qt6_qml_QtQuick_Controls_FluentWinUI3_light["light"]\n    node_venv_lib_python3_12_site-packages_PyQt6_Qt6_qml_QtQuick_Controls_FluentWinUI3_light --> node_venv_lib_python3_12_site-packages_PyQt6_Qt6_qml_QtQuick_Controls_FluentWinUI3_light_images["images"]\n    node_venv_lib_python3_12_site-packages_PyQt6_Qt6_qml_QtQuick_Controls_FluentWinUI3_light_images --> node_venv_lib_python3_12_site-packages_PyQt6_Qt6_qml_QtQuick_Controls_FluentWinUI3_light_images_spinbox-indicator-down-icon@2x_png["spinbox-indicator-down-icon@2x.png"]\n    Root --> node_venv["venv"]\n    node_venv --> node_venv_lib["lib"]\n    node_venv_lib --> node_venv_lib_python3_12["python3.12"]\n    node_venv_lib_python3_12 --> node_venv_lib_python3_12_site-packages["site-packages"]\n    node_venv_lib_python3_12_site-packages --> node_venv_lib_python3_12_site-packages_PyQt6["PyQt6"]\n    node_venv_lib_python3_12_site-packages_PyQt6 --> node_venv_lib_python3_12_site-packages_PyQt6_Qt6["Qt6"]\n    node_venv_lib_python3_12_site-packages_PyQt6_Qt6 --> node_venv_lib_python3_12_site-packages_PyQt6_Qt6_qml["qml"]\n    node_venv_lib_python3_12_site-packages_PyQt6_Qt6_qml --> node_venv_lib_python3_12_site-packages_PyQt6_Qt6_qml_QtQuick["QtQuick"]\n    node_venv_lib_python3_12_site-packages_PyQt6_Qt6_qml_QtQuick --> node_venv_lib_python3_12_site-packages_PyQt6_Qt6_qml_QtQuick_Controls["Controls"]\n    node_venv_lib_python3_12_site-packages_PyQt6_Qt6_qml_QtQuick_Controls --> node_venv_lib_python3_12_site-packages_PyQt6_Qt6_qml_QtQuick_Controls_FluentWinUI3["FluentWinUI3"]\n    node_venv_lib_python3_12_site-packages_PyQt6_Qt6_qml_QtQuick_Controls_FluentWinUI3 --> node_venv_lib_python3_12_site-packages_PyQt6_Qt6_qml_QtQuick_Controls_FluentWinUI3_light["light"]\n    node_venv_lib_python3_12_site-packages_PyQt6_Qt6_qml_QtQuick_Controls_FluentWinUI3_light --> node_venv_lib_python3_12_site-packages_PyQt6_Qt6_qml_QtQuick_Controls_FluentWinUI3_light_images["images"]\n    node_venv_lib_python3_12_site-packages_PyQt6_Qt6_qml_QtQuick_Controls_FluentWinUI3_light_images --> node_venv_lib_python3_12_site-packages_PyQt6_Qt6_qml_QtQuick_Controls_FluentWinUI3_light_images_spinbox-indicator-down-icon@3x_png["spinbox-indicator-down-icon@3x.png"]\n    Root --> node_venv["venv"]\n    node_venv --> node_venv_lib["lib"]\n    node_venv_lib --> node_venv_lib_python3_12["python3.12"]\n    node_venv_lib_python3_12 --> node_venv_lib_python3_12_site-packages["site-packages"]\n    node_venv_lib_python3_12_site-packages --> node_venv_lib_python3_12_site-packages_PyQt6["PyQt6"]\n    node_venv_lib_python3_12_site-packages_PyQt6 --> node_venv_lib_python3_12_site-packages_PyQt6_Qt6["Qt6"]\n    node_venv_lib_python3_12_site-packages_PyQt6_Qt6 --> node_venv_lib_python3_12_site-packages_PyQt6_Qt6_qml["qml"]\n    node_venv_lib_python3_12_site-packages_PyQt6_Qt6_qml --> node_venv_lib_python3_12_site-packages_PyQt6_Qt6_qml_QtQuick["QtQuick"]\n    node_venv_lib_python3_12_site-packages_PyQt6_Qt6_qml_QtQuick --> node_venv_lib_python3_12_site-packages_PyQt6_Qt6_qml_QtQuick_Controls["Controls"]\n    node_venv_lib_python3_12_site-packages_PyQt6_Qt6_qml_QtQuick_Controls --> node_venv_lib_python3_12_site-packages_PyQt6_Qt6_qml_QtQuick_Controls_FluentWinUI3["FluentWinUI3"]\n    node_venv_lib_python3_12_site-packages_PyQt6_Qt6_qml_QtQuick_Controls_FluentWinUI3 --> node_venv_lib_python3_12_site-packages_PyQt6_Qt6_qml_QtQuick_Controls_FluentWinUI3_light["light"]\n    node_venv_lib_python3_12_site-packages_PyQt6_Qt6_qml_QtQuick_Controls_FluentWinUI3_light --> node_venv_lib_python3_12_site-packages_PyQt6_Qt6_qml_QtQuick_Controls_FluentWinUI3_light_images["images"]\n    node_venv_lib_python3_12_site-packages_PyQt6_Qt6_qml_QtQuick_Controls_FluentWinUI3_light_images --> node_venv_lib_python3_12_site-packages_PyQt6_Qt6_qml_QtQuick_Controls_FluentWinUI3_light_images_spinbox-indicator-up-background-atlimit_png["spinbox-indicator-up-background-atlimit.png"]\n    Root --> node_venv["venv"]\n    node_venv --> node_venv_lib["lib"]\n    node_venv_lib --> node_venv_lib_python3_12["python3.12"]\n    node_venv_lib_python3_12 --> node_venv_lib_python3_12_site-packages["site-packages"]\n    node_venv_lib_python3_12_site-packages --> node_venv_lib_python3_12_site-packages_PyQt6["PyQt6"]\n    node_venv_lib_python3_12_site-packages_PyQt6 --> node_venv_lib_python3_12_site-packages_PyQt6_Qt6["Qt6"]\n    node_venv_lib_python3_12_site-packages_PyQt6_Qt6 --> node_venv_lib_python3_12_site-packages_PyQt6_Qt6_qml["qml"]\n    node_venv_lib_python3_12_site-packages_PyQt6_Qt6_qml --> node_venv_lib_python3_12_site-packages_PyQt6_Qt6_qml_QtQuick["QtQuick"]\n    node_venv_lib_python3_12_site-packages_PyQt6_Qt6_qml_QtQuick --> node_venv_lib_python3_12_site-packages_PyQt6_Qt6_qml_QtQuick_Controls["Controls"]\n    node_venv_lib_python3_12_site-packages_PyQt6_Qt6_qml_QtQuick_Controls --> node_venv_lib_python3_12_site-packages_PyQt6_Qt6_qml_QtQuick_Controls_FluentWinUI3["FluentWinUI3"]\n    node_venv_lib_python3_12_site-packages_PyQt6_Qt6_qml_QtQuick_Controls_FluentWinUI3 --> node_venv_lib_python3_12_site-packages_PyQt6_Qt6_qml_QtQuick_Controls_FluentWinUI3_light["light"]\n    node_venv_lib_python3_12_site-packages_PyQt6_Qt6_qml_QtQuick_Controls_FluentWinUI3_light --> node_venv_lib_python3_12_site-packages_PyQt6_Qt6_qml_QtQuick_Controls_FluentWinUI3_light_images["images"]\n    node_venv_lib_python3_12_site-packages_PyQt6_Qt6_qml_QtQuick_Controls_FluentWinUI3_light_images --> node_venv_lib_python3_12_site-packages_PyQt6_Qt6_qml_QtQuick_Controls_FluentWinUI3_light_images_spinbox-indicator-up-background-atlimit@2x_png["spinbox-indicator-up-background-atlimit@2x.png"]\n    Root --> node_venv["venv"]\n    node_venv --> node_venv_lib["lib"]\n    node_venv_lib --> node_venv_lib_python3_12["python3.12"]\n    node_venv_lib_python3_12 --> node_venv_lib_python3_12_site-packages["site-packages"]\n    node_venv_lib_python3_12_site-packages --> node_venv_lib_python3_12_site-packages_PyQt6["PyQt6"]\n    node_venv_lib_python3_12_site-packages_PyQt6 --> node_venv_lib_python3_12_site-packages_PyQt6_Qt6["Qt6"]\n    node_venv_lib_python3_12_site-packages_PyQt6_Qt6 --> node_venv_lib_python3_12_site-packages_PyQt6_Qt6_qml["qml"]\n    node_venv_lib_python3_12_site-packages_PyQt6_Qt6_qml --> node_venv_lib_python3_12_site-packages_PyQt6_Qt6_qml_QtQuick["QtQuick"]\n    node_venv_lib_python3_12_site-packages_PyQt6_Qt6_qml_QtQuick --> node_venv_lib_python3_12_site-packages_PyQt6_Qt6_qml_QtQuick_Controls["Controls"]\n    node_venv_lib_python3_12_site-packages_PyQt6_Qt6_qml_QtQuick_Controls --> node_venv_lib_python3_12_site-packages_PyQt6_Qt6_qml_QtQuick_Controls_FluentWinUI3["FluentWinUI3"]\n    node_venv_lib_python3_12_site-packages_PyQt6_Qt6_qml_QtQuick_Controls_FluentWinUI3 --> node_venv_lib_python3_12_site-packages_PyQt6_Qt6_qml_QtQuick_Controls_FluentWinUI3_light["light"]\n    node_venv_lib_python3_12_site-packages_PyQt6_Qt6_qml_QtQuick_Controls_FluentWinUI3_light --> node_venv_lib_python3_12_site-packages_PyQt6_Qt6_qml_QtQuick_Controls_FluentWinUI3_light_images["images"]\n    node_venv_lib_python3_12_site-packages_PyQt6_Qt6_qml_QtQuick_Controls_FluentWinUI3_light_images --> node_venv_lib_python3_12_site-packages_PyQt6_Qt6_qml_QtQuick_Controls_FluentWinUI3_light_images_spinbox-indicator-up-background-atlimit@3x_png["spinbox-indicator-up-background-atlimit@3x.png"]\n    Root --> node_venv["venv"]\n    node_venv --> node_venv_lib["lib"]\n    node_venv_lib --> node_venv_lib_python3_12["python3.12"]\n    node_venv_lib_python3_12 --> node_venv_lib_python3_12_site-packages["site-packages"]\n    node_venv_lib_python3_12_site-packages --> node_venv_lib_python3_12_site-packages_PyQt6["PyQt6"]\n    node_venv_lib_python3_12_site-packages_PyQt6 --> node_venv_lib_python3_12_site-packages_PyQt6_Qt6["Qt6"]\n    node_venv_lib_python3_12_site-packages_PyQt6_Qt6 --> node_venv_lib_python3_12_site-packages_PyQt6_Qt6_qml["qml"]\n    node_venv_lib_python3_12_site-packages_PyQt6_Qt6_qml --> node_venv_lib_python3_12_site-packages_PyQt6_Qt6_qml_QtQuick["QtQuick"]\n    node_venv_lib_python3_12_site-packages_PyQt6_Qt6_qml_QtQuick --> node_venv_lib_python3_12_site-packages_PyQt6_Qt6_qml_QtQuick_Controls["Controls"]\n    node_venv_lib_python3_12_site-packages_PyQt6_Qt6_qml_QtQuick_Controls --> node_venv_lib_python3_12_site-packages_PyQt6_Qt6_qml_QtQuick_Controls_FluentWinUI3["FluentWinUI3"]\n    node_venv_lib_python3_12_site-packages_PyQt6_Qt6_qml_QtQuick_Controls_FluentWinUI3 --> node_venv_lib_python3_12_site-packages_PyQt6_Qt6_qml_QtQuick_Controls_FluentWinUI3_light["light"]\n    node_venv_lib_python3_12_site-packages_PyQt6_Qt6_qml_QtQuick_Controls_FluentWinUI3_light --> node_venv_lib_python3_12_site-packages_PyQt6_Qt6_qml_QtQuick_Controls_FluentWinUI3_light_images["images"]\n    node_venv_lib_python3_12_site-packages_PyQt6_Qt6_qml_QtQuick_Controls_FluentWinUI3_light_images --> node_venv_lib_python3_12_site-packages_PyQt6_Qt6_qml_QtQuick_Controls_FluentWinUI3_light_images_spinbox-indicator-up-background-disabled_png["spinbox-indicator-up-background-disabled.png"]\n    Root --> node_venv["venv"]\n    node_venv --> node_venv_lib["lib"]\n    node_venv_lib --> node_venv_lib_python3_12["python3.12"]\n    node_venv_lib_python3_12 --> node_venv_lib_python3_12_site-packages["site-packages"]\n    node_venv_lib_python3_12_site-packages --> node_venv_lib_python3_12_site-packages_PyQt6["PyQt6"]\n    node_venv_lib_python3_12_site-packages_PyQt6 --> node_venv_lib_python3_12_site-packages_PyQt6_Qt6["Qt6"]\n    node_venv_lib_python3_12_site-packages_PyQt6_Qt6 --> node_venv_lib_python3_12_site-packages_PyQt6_Qt6_qml["qml"]\n    node_venv_lib_python3_12_site-packages_PyQt6_Qt6_qml --> node_venv_lib_python3_12_site-packages_PyQt6_Qt6_qml_QtQuick["QtQuick"]\n    node_venv_lib_python3_12_site-packages_PyQt6_Qt6_qml_QtQuick --> node_venv_lib_python3_12_site-packages_PyQt6_Qt6_qml_QtQuick_Controls["Controls"]\n    node_venv_lib_python3_12_site-packages_PyQt6_Qt6_qml_QtQuick_Controls --> node_venv_lib_python3_12_site-packages_PyQt6_Qt6_qml_QtQuick_Controls_FluentWinUI3["FluentWinUI3"]\n    node_venv_lib_python3_12_site-packages_PyQt6_Qt6_qml_QtQuick_Controls_FluentWinUI3 --> node_venv_lib_python3_12_site-packages_PyQt6_Qt6_qml_QtQuick_Controls_FluentWinUI3_light["light"]\n    node_venv_lib_python3_12_site-packages_PyQt6_Qt6_qml_QtQuick_Controls_FluentWinUI3_light --> node_venv_lib_python3_12_site-packages_PyQt6_Qt6_qml_QtQuick_Controls_FluentWinUI3_light_images["images"]\n    node_venv_lib_python3_12_site-packages_PyQt6_Qt6_qml_QtQuick_Controls_FluentWinUI3_light_images --> node_venv_lib_python3_12_site-packages_PyQt6_Qt6_qml_QtQuick_Controls_FluentWinUI3_light_images_spinbox-indicator-up-background-disabled@2x_png["spinbox-indicator-up-background-disabled@2x.png"]\n    Root --> node_venv["venv"]\n    node_venv --> node_venv_lib["lib"]\n    node_venv_lib --> node_venv_lib_python3_12["python3.12"]\n    node_venv_lib_python3_12 --> node_venv_lib_python3_12_site-packages["site-packages"]\n    node_venv_lib_python3_12_site-packages --> node_venv_lib_python3_12_site-packages_PyQt6["PyQt6"]\n    node_venv_lib_python3_12_site-packages_PyQt6 --> node_venv_lib_python3_12_site-packages_PyQt6_Qt6["Qt6"]\n    node_venv_lib_python3_12_site-packages_PyQt6_Qt6 --> node_venv_lib_python3_12_site-packages_PyQt6_Qt6_qml["qml"]\n    node_venv_lib_python3_12_site-packages_PyQt6_Qt6_qml --> node_venv_lib_python3_12_site-packages_PyQt6_Qt6_qml_QtQuick["QtQuick"]\n    node_venv_lib_python3_12_site-packages_PyQt6_Qt6_qml_QtQuick --> node_venv_lib_python3_12_site-packages_PyQt6_Qt6_qml_QtQuick_Controls["Controls"]\n    node_venv_lib_python3_12_site-packages_PyQt6_Qt6_qml_QtQuick_Controls --> node_venv_lib_python3_12_site-packages_PyQt6_Qt6_qml_QtQuick_Controls_FluentWinUI3["FluentWinUI3"]\n    node_venv_lib_python3_12_site-packages_PyQt6_Qt6_qml_QtQuick_Controls_FluentWinUI3 --> node_venv_lib_python3_12_site-packages_PyQt6_Qt6_qml_QtQuick_Controls_FluentWinUI3_light["light"]\n    node_venv_lib_python3_12_site-packages_PyQt6_Qt6_qml_QtQuick_Controls_FluentWinUI3_light --> node_venv_lib_python3_12_site-packages_PyQt6_Qt6_qml_QtQuick_Controls_FluentWinUI3_light_images["images"]\n    node_venv_lib_python3_12_site-packages_PyQt6_Qt6_qml_QtQuick_Controls_FluentWinUI3_light_images --> node_venv_lib_python3_12_site-packages_PyQt6_Qt6_qml_QtQuick_Controls_FluentWinUI3_light_images_spinbox-indicator-up-background-disabled@3x_png["spinbox-indicator-up-background-disabled@3x.png"]\n    Root --> node_venv["venv"]\n    node_venv --> node_venv_lib["lib"]\n    node_venv_lib --> node_venv_lib_python3_12["python3.12"]\n    node_venv_lib_python3_12 --> node_venv_lib_python3_12_site-packages["site-packages"]\n    node_venv_lib_python3_12_site-packages --> node_venv_lib_python3_12_site-packages_PyQt6["PyQt6"]\n    node_venv_lib_python3_12_site-packages_PyQt6 --> node_venv_lib_python3_12_site-packages_PyQt6_Qt6["Qt6"]\n    node_venv_lib_python3_12_site-packages_PyQt6_Qt6 --> node_venv_lib_python3_12_site-packages_PyQt6_Qt6_qml["qml"]\n    node_venv_lib_python3_12_site-packages_PyQt6_Qt6_qml --> node_venv_lib_python3_12_site-packages_PyQt6_Qt6_qml_QtQuick["QtQuick"]\n    node_venv_lib_python3_12_site-packages_PyQt6_Qt6_qml_QtQuick --> node_venv_lib_python3_12_site-packages_PyQt6_Qt6_qml_QtQuick_Controls["Controls"]\n    node_venv_lib_python3_12_site-packages_PyQt6_Qt6_qml_QtQuick_Controls --> node_venv_lib_python3_12_site-packages_PyQt6_Qt6_qml_QtQuick_Controls_FluentWinUI3["FluentWinUI3"]\n    node_venv_lib_python3_12_site-packages_PyQt6_Qt6_qml_QtQuick_Controls_FluentWinUI3 --> node_venv_lib_python3_12_site-packages_PyQt6_Qt6_qml_QtQuick_Controls_FluentWinUI3_light["light"]\n    node_venv_lib_python3_12_site-packages_PyQt6_Qt6_qml_QtQuick_Controls_FluentWinUI3_light --> node_venv_lib_python3_12_site-packages_PyQt6_Qt6_qml_QtQuick_Controls_FluentWinUI3_light_images["images"]\n    node_venv_lib_python3_12_site-packages_PyQt6_Qt6_qml_QtQuick_Controls_FluentWinUI3_light_images --> node_venv_lib_python3_12_site-packages_PyQt6_Qt6_qml_QtQuick_Controls_FluentWinUI3_light_images_spinbox-indicator-up-background-down-hovered_png["spinbox-indicator-up-background-down-hovered.png"]\n    Root --> node_venv["venv"]\n    node_venv --> node_venv_lib["lib"]\n    node_venv_lib --> node_venv_lib_python3_12["python3.12"]\n    node_venv_lib_python3_12 --> node_venv_lib_python3_12_site-packages["site-packages"]\n    node_venv_lib_python3_12_site-packages --> node_venv_lib_python3_12_site-packages_PyQt6["PyQt6"]\n    node_venv_lib_python3_12_site-packages_PyQt6 --> node_venv_lib_python3_12_site-packages_PyQt6_Qt6["Qt6"]\n    node_venv_lib_python3_12_site-packages_PyQt6_Qt6 --> node_venv_lib_python3_12_site-packages_PyQt6_Qt6_qml["qml"]\n    node_venv_lib_python3_12_site-packages_PyQt6_Qt6_qml --> node_venv_lib_python3_12_site-packages_PyQt6_Qt6_qml_QtQuick["QtQuick"]\n    node_venv_lib_python3_12_site-packages_PyQt6_Qt6_qml_QtQuick --> node_venv_lib_python3_12_site-packages_PyQt6_Qt6_qml_QtQuick_Controls["Controls"]\n    node_venv_lib_python3_12_site-packages_PyQt6_Qt6_qml_QtQuick_Controls --> node_venv_lib_python3_12_site-packages_PyQt6_Qt6_qml_QtQuick_Controls_FluentWinUI3["FluentWinUI3"]\n    node_venv_lib_python3_12_site-packages_PyQt6_Qt6_qml_QtQuick_Controls_FluentWinUI3 --> node_venv_lib_python3_12_site-packages_PyQt6_Qt6_qml_QtQuick_Controls_FluentWinUI3_light["light"]\n    node_venv_lib_python3_12_site-packages_PyQt6_Qt6_qml_QtQuick_Controls_FluentWinUI3_light --> node_venv_lib_python3_12_site-packages_PyQt6_Qt6_qml_QtQuick_Controls_FluentWinUI3_light_images["images"]\n    node_venv_lib_python3_12_site-packages_PyQt6_Qt6_qml_QtQuick_Controls_FluentWinUI3_light_images --> node_venv_lib_python3_12_site-packages_PyQt6_Qt6_qml_QtQuick_Controls_FluentWinUI3_light_images_spinbox-indicator-up-background-down-hovered@2x_png["spinbox-indicator-up-background-down-hovered@2x.png"]\n    Root --> node_venv["venv"]\n    node_venv --> node_venv_lib["lib"]\n    node_venv_lib --> node_venv_lib_python3_12["python3.12"]\n    node_venv_lib_python3_12 --> node_venv_lib_python3_12_site-packages["site-packages"]\n    node_venv_lib_python3_12_site-packages --> node_venv_lib_python3_12_site-packages_PyQt6["PyQt6"]\n    node_venv_lib_python3_12_site-packages_PyQt6 --> node_venv_lib_python3_12_site-packages_PyQt6_Qt6["Qt6"]\n    node_venv_lib_python3_12_site-packages_PyQt6_Qt6 --> node_venv_lib_python3_12_site-packages_PyQt6_Qt6_qml["qml"]\n    node_venv_lib_python3_12_site-packages_PyQt6_Qt6_qml --> node_venv_lib_python3_12_site-packages_PyQt6_Qt6_qml_QtQuick["QtQuick"]\n    node_venv_lib_python3_12_site-packages_PyQt6_Qt6_qml_QtQuick --> node_venv_lib_python3_12_site-packages_PyQt6_Qt6_qml_QtQuick_Controls["Controls"]\n    node_venv_lib_python3_12_site-packages_PyQt6_Qt6_qml_QtQuick_Controls --> node_venv_lib_python3_12_site-packages_PyQt6_Qt6_qml_QtQuick_Controls_FluentWinUI3["FluentWinUI3"]\n    node_venv_lib_python3_12_site-packages_PyQt6_Qt6_qml_QtQuick_Controls_FluentWinUI3 --> node_venv_lib_python3_12_site-packages_PyQt6_Qt6_qml_QtQuick_Controls_FluentWinUI3_light["light"]\n    node_venv_lib_python3_12_site-packages_PyQt6_Qt6_qml_QtQuick_Controls_FluentWinUI3_light --> node_venv_lib_python3_12_site-packages_PyQt6_Qt6_qml_QtQuick_Controls_FluentWinUI3_light_images["images"]\n    node_venv_lib_python3_12_site-packages_PyQt6_Qt6_qml_QtQuick_Controls_FluentWinUI3_light_images --> node_venv_lib_python3_12_site-packages_PyQt6_Qt6_qml_QtQuick_Controls_FluentWinUI3_light_images_spinbox-indicator-up-background-down-hovered@3x_png["spinbox-indicator-up-background-down-hovered@3x.png"]\n    Root --> node_venv["venv"]\n    node_venv --> node_venv_lib["lib"]\n    node_venv_lib --> node_venv_lib_python3_12["python3.12"]\n    node_venv_lib_python3_12 --> node_venv_lib_python3_12_site-packages["site-packages"]\n    node_venv_lib_python3_12_site-packages --> node_venv_lib_python3_12_site-packages_PyQt6["PyQt6"]\n    node_venv_lib_python3_12_site-packages_PyQt6 --> node_venv_lib_python3_12_site-packages_PyQt6_Qt6["Qt6"]\n    node_venv_lib_python3_12_site-packages_PyQt6_Qt6 --> node_venv_lib_python3_12_site-packages_PyQt6_Qt6_qml["qml"]\n    node_venv_lib_python3_12_site-packages_PyQt6_Qt6_qml --> node_venv_lib_python3_12_site-packages_PyQt6_Qt6_qml_QtQuick["QtQuick"]\n    node_venv_lib_python3_12_site-packages_PyQt6_Qt6_qml_QtQuick --> node_venv_lib_python3_12_site-packages_PyQt6_Qt6_qml_QtQuick_Controls["Controls"]\n    node_venv_lib_python3_12_site-packages_PyQt6_Qt6_qml_QtQuick_Controls --> node_venv_lib_python3_12_site-packages_PyQt6_Qt6_qml_QtQuick_Controls_FluentWinUI3["FluentWinUI3"]\n    node_venv_lib_python3_12_site-packages_PyQt6_Qt6_qml_QtQuick_Controls_FluentWinUI3 --> node_venv_lib_python3_12_site-packages_PyQt6_Qt6_qml_QtQuick_Controls_FluentWinUI3_light["light"]\n    node_venv_lib_python3_12_site-packages_PyQt6_Qt6_qml_QtQuick_Controls_FluentWinUI3_light --> node_venv_lib_python3_12_site-packages_PyQt6_Qt6_qml_QtQuick_Controls_FluentWinUI3_light_images["images"]\n    node_venv_lib_python3_12_site-packages_PyQt6_Qt6_qml_QtQuick_Controls_FluentWinUI3_light_images --> node_venv_lib_python3_12_site-packages_PyQt6_Qt6_qml_QtQuick_Controls_FluentWinUI3_light_images_spinbox-indicator-up-background-down-pressed_png["spinbox-indicator-up-background-down-pressed.png"]\n    Root --> node_venv["venv"]\n    node_venv --> node_venv_lib["lib"]\n    node_venv_lib --> node_venv_lib_python3_12["python3.12"]\n    node_venv_lib_python3_12 --> node_venv_lib_python3_12_site-packages["site-packages"]\n    node_venv_lib_python3_12_site-packages --> node_venv_lib_python3_12_site-packages_PyQt6["PyQt6"]\n    node_venv_lib_python3_12_site-packages_PyQt6 --> node_venv_lib_python3_12_site-packages_PyQt6_Qt6["Qt6"]\n    node_venv_lib_python3_12_site-packages_PyQt6_Qt6 --> node_venv_lib_python3_12_site-packages_PyQt6_Qt6_qml["qml"]\n    node_venv_lib_python3_12_site-packages_PyQt6_Qt6_qml --> node_venv_lib_python3_12_site-packages_PyQt6_Qt6_qml_QtQuick["QtQuick"]\n    node_venv_lib_python3_12_site-packages_PyQt6_Qt6_qml_QtQuick --> node_venv_lib_python3_12_site-packages_PyQt6_Qt6_qml_QtQuick_Controls["Controls"]\n    node_venv_lib_python3_12_site-packages_PyQt6_Qt6_qml_QtQuick_Controls --> node_venv_lib_python3_12_site-packages_PyQt6_Qt6_qml_QtQuick_Controls_FluentWinUI3["FluentWinUI3"]\n    node_venv_lib_python3_12_site-packages_PyQt6_Qt6_qml_QtQuick_Controls_FluentWinUI3 --> node_venv_lib_python3_12_site-packages_PyQt6_Qt6_qml_QtQuick_Controls_FluentWinUI3_light["light"]\n    node_venv_lib_python3_12_site-packages_PyQt6_Qt6_qml_QtQuick_Controls_FluentWinUI3_light --> node_venv_lib_python3_12_site-packages_PyQt6_Qt6_qml_QtQuick_Controls_FluentWinUI3_light_images["images"]\n    node_venv_lib_python3_12_site-packages_PyQt6_Qt6_qml_QtQuick_Controls_FluentWinUI3_light_images --> node_venv_lib_python3_12_site-packages_PyQt6_Qt6_qml_QtQuick_Controls_FluentWinUI3_light_images_spinbox-indicator-up-background-down-pressed@2x_png["spinbox-indicator-up-background-down-pressed@2x.png"]\n    Root --> node_venv["venv"]\n    node_venv --> node_venv_lib["lib"]\n    node_venv_lib --> node_venv_lib_python3_12["python3.12"]\n    node_venv_lib_python3_12 --> node_venv_lib_python3_12_site-packages["site-packages"]\n    node_venv_lib_python3_12_site-packages --> node_venv_lib_python3_12_site-packages_PyQt6["PyQt6"]\n    node_venv_lib_python3_12_site-packages_PyQt6 --> node_venv_lib_python3_12_site-packages_PyQt6_Qt6["Qt6"]\n    node_venv_lib_python3_12_site-packages_PyQt6_Qt6 --> node_venv_lib_python3_12_site-packages_PyQt6_Qt6_qml["qml"]\n    node_venv_lib_python3_12_site-packages_PyQt6_Qt6_qml --> node_venv_lib_python3_12_site-packages_PyQt6_Qt6_qml_QtQuick["QtQuick"]\n    node_venv_lib_python3_12_site-packages_PyQt6_Qt6_qml_QtQuick --> node_venv_lib_python3_12_site-packages_PyQt6_Qt6_qml_QtQuick_Controls["Controls"]\n    node_venv_lib_python3_12_site-packages_PyQt6_Qt6_qml_QtQuick_Controls --> node_venv_lib_python3_12_site-packages_PyQt6_Qt6_qml_QtQuick_Controls_FluentWinUI3["FluentWinUI3"]\n    node_venv_lib_python3_12_site-packages_PyQt6_Qt6_qml_QtQuick_Controls_FluentWinUI3 --> node_venv_lib_python3_12_site-packages_PyQt6_Qt6_qml_QtQuick_Controls_FluentWinUI3_light["light"]\n    node_venv_lib_python3_12_site-packages_PyQt6_Qt6_qml_QtQuick_Controls_FluentWinUI3_light --> node_venv_lib_python3_12_site-packages_PyQt6_Qt6_qml_QtQuick_Controls_FluentWinUI3_light_images["images"]\n    node_venv_lib_python3_12_site-packages_PyQt6_Qt6_qml_QtQuick_Controls_FluentWinUI3_light_images --> node_venv_lib_python3_12_site-packages_PyQt6_Qt6_qml_QtQuick_Controls_FluentWinUI3_light_images_spinbox-indicator-up-background-down-pressed@3x_png["spinbox-indicator-up-background-down-pressed@3x.png"]\n    Root --> node_venv["venv"]\n    node_venv --> node_venv_lib["lib"]\n    node_venv_lib --> node_venv_lib_python3_12["python3.12"]\n    node_venv_lib_python3_12 --> node_venv_lib_python3_12_site-packages["site-packages"]\n    node_venv_lib_python3_12_site-packages --> node_venv_lib_python3_12_site-packages_PyQt6["PyQt6"]\n    node_venv_lib_python3_12_site-packages_PyQt6 --> node_venv_lib_python3_12_site-packages_PyQt6_Qt6["Qt6"]\n    node_venv_lib_python3_12_site-packages_PyQt6_Qt6 --> node_venv_lib_python3_12_site-packages_PyQt6_Qt6_qml["qml"]\n    node_venv_lib_python3_12_site-packages_PyQt6_Qt6_qml --> node_venv_lib_python3_12_site-packages_PyQt6_Qt6_qml_QtQuick["QtQuick"]\n    node_venv_lib_python3_12_site-packages_PyQt6_Qt6_qml_QtQuick --> node_venv_lib_python3_12_site-packages_PyQt6_Qt6_qml_QtQuick_Controls["Controls"]\n    node_venv_lib_python3_12_site-packages_PyQt6_Qt6_qml_QtQuick_Controls --> node_venv_lib_python3_12_site-packages_PyQt6_Qt6_qml_QtQuick_Controls_FluentWinUI3["FluentWinUI3"]\n    node_venv_lib_python3_12_site-packages_PyQt6_Qt6_qml_QtQuick_Controls_FluentWinUI3 --> node_venv_lib_python3_12_site-packages_PyQt6_Qt6_qml_QtQuick_Controls_FluentWinUI3_light["light"]\n    node_venv_lib_python3_12_site-packages_PyQt6_Qt6_qml_QtQuick_Controls_FluentWinUI3_light --> node_venv_lib_python3_12_site-packages_PyQt6_Qt6_qml_QtQuick_Controls_FluentWinUI3_light_images["images"]\n    node_venv_lib_python3_12_site-packages_PyQt6_Qt6_qml_QtQuick_Controls_FluentWinUI3_light_images --> node_venv_lib_python3_12_site-packages_PyQt6_Qt6_qml_QtQuick_Controls_FluentWinUI3_light_images_spinbox-indicator-up-background-hovered_png["spinbox-indicator-up-background-hovered.png"]\n    Root --> node_venv["venv"]\n    node_venv --> node_venv_lib["lib"]\n    node_venv_lib --> node_venv_lib_python3_12["python3.12"]\n    node_venv_lib_python3_12 --> node_venv_lib_python3_12_site-packages["site-packages"]\n    node_venv_lib_python3_12_site-packages --> node_venv_lib_python3_12_site-packages_PyQt6["PyQt6"]\n    node_venv_lib_python3_12_site-packages_PyQt6 --> node_venv_lib_python3_12_site-packages_PyQt6_Qt6["Qt6"]\n    node_venv_lib_python3_12_site-packages_PyQt6_Qt6 --> node_venv_lib_python3_12_site-packages_PyQt6_Qt6_qml["qml"]\n    node_venv_lib_python3_12_site-packages_PyQt6_Qt6_qml --> node_venv_lib_python3_12_site-packages_PyQt6_Qt6_qml_QtQuick["QtQuick"]\n    node_venv_lib_python3_12_site-packages_PyQt6_Qt6_qml_QtQuick --> node_venv_lib_python3_12_site-packages_PyQt6_Qt6_qml_QtQuick_Controls["Controls"]\n    node_venv_lib_python3_12_site-packages_PyQt6_Qt6_qml_QtQuick_Controls --> node_venv_lib_python3_12_site-packages_PyQt6_Qt6_qml_QtQuick_Controls_FluentWinUI3["FluentWinUI3"]\n    node_venv_lib_python3_12_site-packages_PyQt6_Qt6_qml_QtQuick_Controls_FluentWinUI3 --> node_venv_lib_python3_12_site-packages_PyQt6_Qt6_qml_QtQuick_Controls_FluentWinUI3_light["light"]\n    node_venv_lib_python3_12_site-packages_PyQt6_Qt6_qml_QtQuick_Controls_FluentWinUI3_light --> node_venv_lib_python3_12_site-packages_PyQt6_Qt6_qml_QtQuick_Controls_FluentWinUI3_light_images["images"]\n    node_venv_lib_python3_12_site-packages_PyQt6_Qt6_qml_QtQuick_Controls_FluentWinUI3_light_images --> node_venv_lib_python3_12_site-packages_PyQt6_Qt6_qml_QtQuick_Controls_FluentWinUI3_light_images_spinbox-indicator-up-background-hovered@2x_png["spinbox-indicator-up-background-hovered@2x.png"]\n    Root --> node_venv["venv"]\n    node_venv --> node_venv_lib["lib"]\n    node_venv_lib --> node_venv_lib_python3_12["python3.12"]\n    node_venv_lib_python3_12 --> node_venv_lib_python3_12_site-packages["site-packages"]\n    node_venv_lib_python3_12_site-packages --> node_venv_lib_python3_12_site-packages_PyQt6["PyQt6"]\n    node_venv_lib_python3_12_site-packages_PyQt6 --> node_venv_lib_python3_12_site-packages_PyQt6_Qt6["Qt6"]\n    node_venv_lib_python3_12_site-packages_PyQt6_Qt6 --> node_venv_lib_python3_12_site-packages_PyQt6_Qt6_qml["qml"]\n    node_venv_lib_python3_12_site-packages_PyQt6_Qt6_qml --> node_venv_lib_python3_12_site-packages_PyQt6_Qt6_qml_QtQuick["QtQuick"]\n    node_venv_lib_python3_12_site-packages_PyQt6_Qt6_qml_QtQuick --> node_venv_lib_python3_12_site-packages_PyQt6_Qt6_qml_QtQuick_Controls["Controls"]\n    node_venv_lib_python3_12_site-packages_PyQt6_Qt6_qml_QtQuick_Controls --> node_venv_lib_python3_12_site-packages_PyQt6_Qt6_qml_QtQuick_Controls_FluentWinUI3["FluentWinUI3"]\n    node_venv_lib_python3_12_site-packages_PyQt6_Qt6_qml_QtQuick_Controls_FluentWinUI3 --> node_venv_lib_python3_12_site-packages_PyQt6_Qt6_qml_QtQuick_Controls_FluentWinUI3_light["light"]\n    node_venv_lib_python3_12_site-packages_PyQt6_Qt6_qml_QtQuick_Controls_FluentWinUI3_light --> node_venv_lib_python3_12_site-packages_PyQt6_Qt6_qml_QtQuick_Controls_FluentWinUI3_light_images["images"]\n    node_venv_lib_python3_12_site-packages_PyQt6_Qt6_qml_QtQuick_Controls_FluentWinUI3_light_images --> node_venv_lib_python3_12_site-packages_PyQt6_Qt6_qml_QtQuick_Controls_FluentWinUI3_light_images_spinbox-indicator-up-background-hovered@3x_png["spinbox-indicator-up-background-hovered@3x.png"]\n    Root --> node_venv["venv"]\n    node_venv --> node_venv_lib["lib"]\n    node_venv_lib --> node_venv_lib_python3_12["python3.12"]\n    node_venv_lib_python3_12 --> node_venv_lib_python3_12_site-packages["site-packages"]\n    node_venv_lib_python3_12_site-packages --> node_venv_lib_python3_12_site-packages_PyQt6["PyQt6"]\n    node_venv_lib_python3_12_site-packages_PyQt6 --> node_venv_lib_python3_12_site-packages_PyQt6_Qt6["Qt6"]\n    node_venv_lib_python3_12_site-packages_PyQt6_Qt6 --> node_venv_lib_python3_12_site-packages_PyQt6_Qt6_qml["qml"]\n    node_venv_lib_python3_12_site-packages_PyQt6_Qt6_qml --> node_venv_lib_python3_12_site-packages_PyQt6_Qt6_qml_QtQuick["QtQuick"]\n    node_venv_lib_python3_12_site-packages_PyQt6_Qt6_qml_QtQuick --> node_venv_lib_python3_12_site-packages_PyQt6_Qt6_qml_QtQuick_Controls["Controls"]\n    node_venv_lib_python3_12_site-packages_PyQt6_Qt6_qml_QtQuick_Controls --> node_venv_lib_python3_12_site-packages_PyQt6_Qt6_qml_QtQuick_Controls_FluentWinUI3["FluentWinUI3"]\n    node_venv_lib_python3_12_site-packages_PyQt6_Qt6_qml_QtQuick_Controls_FluentWinUI3 --> node_venv_lib_python3_12_site-packages_PyQt6_Qt6_qml_QtQuick_Controls_FluentWinUI3_light["light"]\n    node_venv_lib_python3_12_site-packages_PyQt6_Qt6_qml_QtQuick_Controls_FluentWinUI3_light --> node_venv_lib_python3_12_site-packages_PyQt6_Qt6_qml_QtQuick_Controls_FluentWinUI3_light_images["images"]\n    node_venv_lib_python3_12_site-packages_PyQt6_Qt6_qml_QtQuick_Controls_FluentWinUI3_light_images --> node_venv_lib_python3_12_site-packages_PyQt6_Qt6_qml_QtQuick_Controls_FluentWinUI3_light_images_spinbox-indicator-up-background-up-hovered_png["spinbox-indicator-up-background-up-hovered.png"]\n    Root --> node_venv["venv"]\n    node_venv --> node_venv_lib["lib"]\n    node_venv_lib --> node_venv_lib_python3_12["python3.12"]\n    node_venv_lib_python3_12 --> node_venv_lib_python3_12_site-packages["site-packages"]\n    node_venv_lib_python3_12_site-packages --> node_venv_lib_python3_12_site-packages_PyQt6["PyQt6"]\n    node_venv_lib_python3_12_site-packages_PyQt6 --> node_venv_lib_python3_12_site-packages_PyQt6_Qt6["Qt6"]\n    node_venv_lib_python3_12_site-packages_PyQt6_Qt6 --> node_venv_lib_python3_12_site-packages_PyQt6_Qt6_qml["qml"]\n    node_venv_lib_python3_12_site-packages_PyQt6_Qt6_qml --> node_venv_lib_python3_12_site-packages_PyQt6_Qt6_qml_QtQuick["QtQuick"]\n    node_venv_lib_python3_12_site-packages_PyQt6_Qt6_qml_QtQuick --> node_venv_lib_python3_12_site-packages_PyQt6_Qt6_qml_QtQuick_Controls["Controls"]\n    node_venv_lib_python3_12_site-packages_PyQt6_Qt6_qml_QtQuick_Controls --> node_venv_lib_python3_12_site-packages_PyQt6_Qt6_qml_QtQuick_Controls_FluentWinUI3["FluentWinUI3"]\n    node_venv_lib_python3_12_site-packages_PyQt6_Qt6_qml_QtQuick_Controls_FluentWinUI3 --> node_venv_lib_python3_12_site-packages_PyQt6_Qt6_qml_QtQuick_Controls_FluentWinUI3_light["light"]\n    node_venv_lib_python3_12_site-packages_PyQt6_Qt6_qml_QtQuick_Controls_FluentWinUI3_light --> node_venv_lib_python3_12_site-packages_PyQt6_Qt6_qml_QtQuick_Controls_FluentWinUI3_light_images["images"]\n    node_venv_lib_python3_12_site-packages_PyQt6_Qt6_qml_QtQuick_Controls_FluentWinUI3_light_images --> node_venv_lib_python3_12_site-packages_PyQt6_Qt6_qml_QtQuick_Controls_FluentWinUI3_light_images_spinbox-indicator-up-background-up-hovered@2x_png["spinbox-indicator-up-background-up-hovered@2x.png"]\n    Root --> node_venv["venv"]\n    node_venv --> node_venv_lib["lib"]\n    node_venv_lib --> node_venv_lib_python3_12["python3.12"]\n    node_venv_lib_python3_12 --> node_venv_lib_python3_12_site-packages["site-packages"]\n    node_venv_lib_python3_12_site-packages --> node_venv_lib_python3_12_site-packages_PyQt6["PyQt6"]\n    node_venv_lib_python3_12_site-packages_PyQt6 --> node_venv_lib_python3_12_site-packages_PyQt6_Qt6["Qt6"]\n    node_venv_lib_python3_12_site-packages_PyQt6_Qt6 --> node_venv_lib_python3_12_site-packages_PyQt6_Qt6_qml["qml"]\n    node_venv_lib_python3_12_site-packages_PyQt6_Qt6_qml --> node_venv_lib_python3_12_site-packages_PyQt6_Qt6_qml_QtQuick["QtQuick"]\n    node_venv_lib_python3_12_site-packages_PyQt6_Qt6_qml_QtQuick --> node_venv_lib_python3_12_site-packages_PyQt6_Qt6_qml_QtQuick_Controls["Controls"]\n    node_venv_lib_python3_12_site-packages_PyQt6_Qt6_qml_QtQuick_Controls --> node_venv_lib_python3_12_site-packages_PyQt6_Qt6_qml_QtQuick_Controls_FluentWinUI3["FluentWinUI3"]\n    node_venv_lib_python3_12_site-packages_PyQt6_Qt6_qml_QtQuick_Controls_FluentWinUI3 --> node_venv_lib_python3_12_site-packages_PyQt6_Qt6_qml_QtQuick_Controls_FluentWinUI3_light["light"]\n    node_venv_lib_python3_12_site-packages_PyQt6_Qt6_qml_QtQuick_Controls_FluentWinUI3_light --> node_venv_lib_python3_12_site-packages_PyQt6_Qt6_qml_QtQuick_Controls_FluentWinUI3_light_images["images"]\n    node_venv_lib_python3_12_site-packages_PyQt6_Qt6_qml_QtQuick_Controls_FluentWinUI3_light_images --> node_venv_lib_python3_12_site-packages_PyQt6_Qt6_qml_QtQuick_Controls_FluentWinUI3_light_images_spinbox-indicator-up-background-up-hovered@3x_png["spinbox-indicator-up-background-up-hovered@3x.png"]\n    Root --> node_venv["venv"]\n    node_venv --> node_venv_lib["lib"]\n    node_venv_lib --> node_venv_lib_python3_12["python3.12"]\n    node_venv_lib_python3_12 --> node_venv_lib_python3_12_site-packages["site-packages"]\n    node_venv_lib_python3_12_site-packages --> node_venv_lib_python3_12_site-packages_PyQt6["PyQt6"]\n    node_venv_lib_python3_12_site-packages_PyQt6 --> node_venv_lib_python3_12_site-packages_PyQt6_Qt6["Qt6"]\n    node_venv_lib_python3_12_site-packages_PyQt6_Qt6 --> node_venv_lib_python3_12_site-packages_PyQt6_Qt6_qml["qml"]\n    node_venv_lib_python3_12_site-packages_PyQt6_Qt6_qml --> node_venv_lib_python3_12_site-packages_PyQt6_Qt6_qml_QtQuick["QtQuick"]\n    node_venv_lib_python3_12_site-packages_PyQt6_Qt6_qml_QtQuick --> node_venv_lib_python3_12_site-packages_PyQt6_Qt6_qml_QtQuick_Controls["Controls"]\n    node_venv_lib_python3_12_site-packages_PyQt6_Qt6_qml_QtQuick_Controls --> node_venv_lib_python3_12_site-packages_PyQt6_Qt6_qml_QtQuick_Controls_FluentWinUI3["FluentWinUI3"]\n    node_venv_lib_python3_12_site-packages_PyQt6_Qt6_qml_QtQuick_Controls_FluentWinUI3 --> node_venv_lib_python3_12_site-packages_PyQt6_Qt6_qml_QtQuick_Controls_FluentWinUI3_light["light"]\n    node_venv_lib_python3_12_site-packages_PyQt6_Qt6_qml_QtQuick_Controls_FluentWinUI3_light --> node_venv_lib_python3_12_site-packages_PyQt6_Qt6_qml_QtQuick_Controls_FluentWinUI3_light_images["images"]\n    node_venv_lib_python3_12_site-packages_PyQt6_Qt6_qml_QtQuick_Controls_FluentWinUI3_light_images --> node_venv_lib_python3_12_site-packages_PyQt6_Qt6_qml_QtQuick_Controls_FluentWinUI3_light_images_spinbox-indicator-up-background-up-pressed_png["spinbox-indicator-up-background-up-pressed.png"]\n    Root --> node_venv["venv"]\n    node_venv --> node_venv_lib["lib"]\n    node_venv_lib --> node_venv_lib_python3_12["python3.12"]\n    node_venv_lib_python3_12 --> node_venv_lib_python3_12_site-packages["site-packages"]\n    node_venv_lib_python3_12_site-packages --> node_venv_lib_python3_12_site-packages_PyQt6["PyQt6"]\n    node_venv_lib_python3_12_site-packages_PyQt6 --> node_venv_lib_python3_12_site-packages_PyQt6_Qt6["Qt6"]\n    node_venv_lib_python3_12_site-packages_PyQt6_Qt6 --> node_venv_lib_python3_12_site-packages_PyQt6_Qt6_qml["qml"]\n    node_venv_lib_python3_12_site-packages_PyQt6_Qt6_qml --> node_venv_lib_python3_12_site-packages_PyQt6_Qt6_qml_QtQuick["QtQuick"]\n    node_venv_lib_python3_12_site-packages_PyQt6_Qt6_qml_QtQuick --> node_venv_lib_python3_12_site-packages_PyQt6_Qt6_qml_QtQuick_Controls["Controls"]\n    node_venv_lib_python3_12_site-packages_PyQt6_Qt6_qml_QtQuick_Controls --> node_venv_lib_python3_12_site-packages_PyQt6_Qt6_qml_QtQuick_Controls_FluentWinUI3["FluentWinUI3"]\n    node_venv_lib_python3_12_site-packages_PyQt6_Qt6_qml_QtQuick_Controls_FluentWinUI3 --> node_venv_lib_python3_12_site-packages_PyQt6_Qt6_qml_QtQuick_Controls_FluentWinUI3_light["light"]\n    node_venv_lib_python3_12_site-packages_PyQt6_Qt6_qml_QtQuick_Controls_FluentWinUI3_light --> node_venv_lib_python3_12_site-packages_PyQt6_Qt6_qml_QtQuick_Controls_FluentWinUI3_light_images["images"]\n    node_venv_lib_python3_12_site-packages_PyQt6_Qt6_qml_QtQuick_Controls_FluentWinUI3_light_images --> node_venv_lib_python3_12_site-packages_PyQt6_Qt6_qml_QtQuick_Controls_FluentWinUI3_light_images_spinbox-indicator-up-background-up-pressed@2x_png["spinbox-indicator-up-background-up-pressed@2x.png"]\n    Root --> node_venv["venv"]\n    node_venv --> node_venv_lib["lib"]\n    node_venv_lib --> node_venv_lib_python3_12["python3.12"]\n    node_venv_lib_python3_12 --> node_venv_lib_python3_12_site-packages["site-packages"]\n    node_venv_lib_python3_12_site-packages --> node_venv_lib_python3_12_site-packages_PyQt6["PyQt6"]\n    node_venv_lib_python3_12_site-packages_PyQt6 --> node_venv_lib_python3_12_site-packages_PyQt6_Qt6["Qt6"]\n    node_venv_lib_python3_12_site-packages_PyQt6_Qt6 --> node_venv_lib_python3_12_site-packages_PyQt6_Qt6_qml["qml"]\n    node_venv_lib_python3_12_site-packages_PyQt6_Qt6_qml --> node_venv_lib_python3_12_site-packages_PyQt6_Qt6_qml_QtQuick["QtQuick"]\n    node_venv_lib_python3_12_site-packages_PyQt6_Qt6_qml_QtQuick --> node_venv_lib_python3_12_site-packages_PyQt6_Qt6_qml_QtQuick_Controls["Controls"]\n    node_venv_lib_python3_12_site-packages_PyQt6_Qt6_qml_QtQuick_Controls --> node_venv_lib_python3_12_site-packages_PyQt6_Qt6_qml_QtQuick_Controls_FluentWinUI3["FluentWinUI3"]\n    node_venv_lib_python3_12_site-packages_PyQt6_Qt6_qml_QtQuick_Controls_FluentWinUI3 --> node_venv_lib_python3_12_site-packages_PyQt6_Qt6_qml_QtQuick_Controls_FluentWinUI3_light["light"]\n    node_venv_lib_python3_12_site-packages_PyQt6_Qt6_qml_QtQuick_Controls_FluentWinUI3_light --> node_venv_lib_python3_12_site-packages_PyQt6_Qt6_qml_QtQuick_Controls_FluentWinUI3_light_images["images"]\n    node_venv_lib_python3_12_site-packages_PyQt6_Qt6_qml_QtQuick_Controls_FluentWinUI3_light_images --> node_venv_lib_python3_12_site-packages_PyQt6_Qt6_qml_QtQuick_Controls_FluentWinUI3_light_images_spinbox-indicator-up-background-up-pressed@3x_png["spinbox-indicator-up-background-up-pressed@3x.png"]\n    Root --> node_venv["venv"]\n    node_venv --> node_venv_lib["lib"]\n    node_venv_lib --> node_venv_lib_python3_12["python3.12"]\n    node_venv_lib_python3_12 --> node_venv_lib_python3_12_site-packages["site-packages"]\n    node_venv_lib_python3_12_site-packages --> node_venv_lib_python3_12_site-packages_PyQt6["PyQt6"]\n    node_venv_lib_python3_12_site-packages_PyQt6 --> node_venv_lib_python3_12_site-packages_PyQt6_Qt6["Qt6"]\n    node_venv_lib_python3_12_site-packages_PyQt6_Qt6 --> node_venv_lib_python3_12_site-packages_PyQt6_Qt6_qml["qml"]\n    node_venv_lib_python3_12_site-packages_PyQt6_Qt6_qml --> node_venv_lib_python3_12_site-packages_PyQt6_Qt6_qml_QtQuick["QtQuick"]\n    node_venv_lib_python3_12_site-packages_PyQt6_Qt6_qml_QtQuick --> node_venv_lib_python3_12_site-packages_PyQt6_Qt6_qml_QtQuick_Controls["Controls"]\n    node_venv_lib_python3_12_site-packages_PyQt6_Qt6_qml_QtQuick_Controls --> node_venv_lib_python3_12_site-packages_PyQt6_Qt6_qml_QtQuick_Controls_FluentWinUI3["FluentWinUI3"]\n    node_venv_lib_python3_12_site-packages_PyQt6_Qt6_qml_QtQuick_Controls_FluentWinUI3 --> node_venv_lib_python3_12_site-packages_PyQt6_Qt6_qml_QtQuick_Controls_FluentWinUI3_light["light"]\n    node_venv_lib_python3_12_site-packages_PyQt6_Qt6_qml_QtQuick_Controls_FluentWinUI3_light --> node_venv_lib_python3_12_site-packages_PyQt6_Qt6_qml_QtQuick_Controls_FluentWinUI3_light_images["images"]\n    node_venv_lib_python3_12_site-packages_PyQt6_Qt6_qml_QtQuick_Controls_FluentWinUI3_light_images --> node_venv_lib_python3_12_site-packages_PyQt6_Qt6_qml_QtQuick_Controls_FluentWinUI3_light_images_spinbox-indicator-up-background_png["spinbox-indicator-up-background.png"]\n    Root --> node_venv["venv"]\n    node_venv --> node_venv_lib["lib"]\n    node_venv_lib --> node_venv_lib_python3_12["python3.12"]\n    node_venv_lib_python3_12 --> node_venv_lib_python3_12_site-packages["site-packages"]\n    node_venv_lib_python3_12_site-packages --> node_venv_lib_python3_12_site-packages_PyQt6["PyQt6"]\n    node_venv_lib_python3_12_site-packages_PyQt6 --> node_venv_lib_python3_12_site-packages_PyQt6_Qt6["Qt6"]\n    node_venv_lib_python3_12_site-packages_PyQt6_Qt6 --> node_venv_lib_python3_12_site-packages_PyQt6_Qt6_qml["qml"]\n    node_venv_lib_python3_12_site-packages_PyQt6_Qt6_qml --> node_venv_lib_python3_12_site-packages_PyQt6_Qt6_qml_QtQuick["QtQuick"]\n    node_venv_lib_python3_12_site-packages_PyQt6_Qt6_qml_QtQuick --> node_venv_lib_python3_12_site-packages_PyQt6_Qt6_qml_QtQuick_Controls["Controls"]\n    node_venv_lib_python3_12_site-packages_PyQt6_Qt6_qml_QtQuick_Controls --> node_venv_lib_python3_12_site-packages_PyQt6_Qt6_qml_QtQuick_Controls_FluentWinUI3["FluentWinUI3"]\n    node_venv_lib_python3_12_site-packages_PyQt6_Qt6_qml_QtQuick_Controls_FluentWinUI3 --> node_venv_lib_python3_12_site-packages_PyQt6_Qt6_qml_QtQuick_Controls_FluentWinUI3_light["light"]\n    node_venv_lib_python3_12_site-packages_PyQt6_Qt6_qml_QtQuick_Controls_FluentWinUI3_light --> node_venv_lib_python3_12_site-packages_PyQt6_Qt6_qml_QtQuick_Controls_FluentWinUI3_light_images["images"]\n    node_venv_lib_python3_12_site-packages_PyQt6_Qt6_qml_QtQuick_Controls_FluentWinUI3_light_images --> node_venv_lib_python3_12_site-packages_PyQt6_Qt6_qml_QtQuick_Controls_FluentWinUI3_light_images_spinbox-indicator-up-background@2x_png["spinbox-indicator-up-background@2x.png"]\n    Root --> node_venv["venv"]\n    node_venv --> node_venv_lib["lib"]\n    node_venv_lib --> node_venv_lib_python3_12["python3.12"]\n    node_venv_lib_python3_12 --> node_venv_lib_python3_12_site-packages["site-packages"]\n    node_venv_lib_python3_12_site-packages --> node_venv_lib_python3_12_site-packages_PyQt6["PyQt6"]\n    node_venv_lib_python3_12_site-packages_PyQt6 --> node_venv_lib_python3_12_site-packages_PyQt6_Qt6["Qt6"]\n    node_venv_lib_python3_12_site-packages_PyQt6_Qt6 --> node_venv_lib_python3_12_site-packages_PyQt6_Qt6_qml["qml"]\n    node_venv_lib_python3_12_site-packages_PyQt6_Qt6_qml --> node_venv_lib_python3_12_site-packages_PyQt6_Qt6_qml_QtQuick["QtQuick"]\n    node_venv_lib_python3_12_site-packages_PyQt6_Qt6_qml_QtQuick --> node_venv_lib_python3_12_site-packages_PyQt6_Qt6_qml_QtQuick_Controls["Controls"]\n    node_venv_lib_python3_12_site-packages_PyQt6_Qt6_qml_QtQuick_Controls --> node_venv_lib_python3_12_site-packages_PyQt6_Qt6_qml_QtQuick_Controls_FluentWinUI3["FluentWinUI3"]\n    node_venv_lib_python3_12_site-packages_PyQt6_Qt6_qml_QtQuick_Controls_FluentWinUI3 --> node_venv_lib_python3_12_site-packages_PyQt6_Qt6_qml_QtQuick_Controls_FluentWinUI3_light["light"]\n    node_venv_lib_python3_12_site-packages_PyQt6_Qt6_qml_QtQuick_Controls_FluentWinUI3_light --> node_venv_lib_python3_12_site-packages_PyQt6_Qt6_qml_QtQuick_Controls_FluentWinUI3_light_images["images"]\n    node_venv_lib_python3_12_site-packages_PyQt6_Qt6_qml_QtQuick_Controls_FluentWinUI3_light_images --> node_venv_lib_python3_12_site-packages_PyQt6_Qt6_qml_QtQuick_Controls_FluentWinUI3_light_images_spinbox-indicator-up-background@3x_png["spinbox-indicator-up-background@3x.png"]\n    Root --> node_venv["venv"]\n    node_venv --> node_venv_lib["lib"]\n    node_venv_lib --> node_venv_lib_python3_12["python3.12"]\n    node_venv_lib_python3_12 --> node_venv_lib_python3_12_site-packages["site-packages"]\n    node_venv_lib_python3_12_site-packages --> node_venv_lib_python3_12_site-packages_PyQt6["PyQt6"]\n    node_venv_lib_python3_12_site-packages_PyQt6 --> node_venv_lib_python3_12_site-packages_PyQt6_Qt6["Qt6"]\n    node_venv_lib_python3_12_site-packages_PyQt6_Qt6 --> node_venv_lib_python3_12_site-packages_PyQt6_Qt6_qml["qml"]\n    node_venv_lib_python3_12_site-packages_PyQt6_Qt6_qml --> node_venv_lib_python3_12_site-packages_PyQt6_Qt6_qml_QtQuick["QtQuick"]\n    node_venv_lib_python3_12_site-packages_PyQt6_Qt6_qml_QtQuick --> node_venv_lib_python3_12_site-packages_PyQt6_Qt6_qml_QtQuick_Controls["Controls"]\n    node_venv_lib_python3_12_site-packages_PyQt6_Qt6_qml_QtQuick_Controls --> node_venv_lib_python3_12_site-packages_PyQt6_Qt6_qml_QtQuick_Controls_FluentWinUI3["FluentWinUI3"]\n    node_venv_lib_python3_12_site-packages_PyQt6_Qt6_qml_QtQuick_Controls_FluentWinUI3 --> node_venv_lib_python3_12_site-packages_PyQt6_Qt6_qml_QtQuick_Controls_FluentWinUI3_light["light"]\n    node_venv_lib_python3_12_site-packages_PyQt6_Qt6_qml_QtQuick_Controls_FluentWinUI3_light --> node_venv_lib_python3_12_site-packages_PyQt6_Qt6_qml_QtQuick_Controls_FluentWinUI3_light_images["images"]\n    node_venv_lib_python3_12_site-packages_PyQt6_Qt6_qml_QtQuick_Controls_FluentWinUI3_light_images --> node_venv_lib_python3_12_site-packages_PyQt6_Qt6_qml_QtQuick_Controls_FluentWinUI3_light_images_spinbox-indicator-up-icon-atlimit_png["spinbox-indicator-up-icon-atlimit.png"]\n    Root --> node_venv["venv"]\n    node_venv --> node_venv_lib["lib"]\n    node_venv_lib --> node_venv_lib_python3_12["python3.12"]\n    node_venv_lib_python3_12 --> node_venv_lib_python3_12_site-packages["site-packages"]\n    node_venv_lib_python3_12_site-packages --> node_venv_lib_python3_12_site-packages_PyQt6["PyQt6"]\n    node_venv_lib_python3_12_site-packages_PyQt6 --> node_venv_lib_python3_12_site-packages_PyQt6_Qt6["Qt6"]\n    node_venv_lib_python3_12_site-packages_PyQt6_Qt6 --> node_venv_lib_python3_12_site-packages_PyQt6_Qt6_qml["qml"]\n    node_venv_lib_python3_12_site-packages_PyQt6_Qt6_qml --> node_venv_lib_python3_12_site-packages_PyQt6_Qt6_qml_QtQuick["QtQuick"]\n    node_venv_lib_python3_12_site-packages_PyQt6_Qt6_qml_QtQuick --> node_venv_lib_python3_12_site-packages_PyQt6_Qt6_qml_QtQuick_Controls["Controls"]\n    node_venv_lib_python3_12_site-packages_PyQt6_Qt6_qml_QtQuick_Controls --> node_venv_lib_python3_12_site-packages_PyQt6_Qt6_qml_QtQuick_Controls_FluentWinUI3["FluentWinUI3"]\n    node_venv_lib_python3_12_site-packages_PyQt6_Qt6_qml_QtQuick_Controls_FluentWinUI3 --> node_venv_lib_python3_12_site-packages_PyQt6_Qt6_qml_QtQuick_Controls_FluentWinUI3_light["light"]\n    node_venv_lib_python3_12_site-packages_PyQt6_Qt6_qml_QtQuick_Controls_FluentWinUI3_light --> node_venv_lib_python3_12_site-packages_PyQt6_Qt6_qml_QtQuick_Controls_FluentWinUI3_light_images["images"]\n    node_venv_lib_python3_12_site-packages_PyQt6_Qt6_qml_QtQuick_Controls_FluentWinUI3_light_images --> node_venv_lib_python3_12_site-packages_PyQt6_Qt6_qml_QtQuick_Controls_FluentWinUI3_light_images_spinbox-indicator-up-icon-atlimit@2x_png["spinbox-indicator-up-icon-atlimit@2x.png"]\n    Root --> node_venv["venv"]\n    node_venv --> node_venv_lib["lib"]\n    node_venv_lib --> node_venv_lib_python3_12["python3.12"]\n    node_venv_lib_python3_12 --> node_venv_lib_python3_12_site-packages["site-packages"]\n    node_venv_lib_python3_12_site-packages --> node_venv_lib_python3_12_site-packages_PyQt6["PyQt6"]\n    node_venv_lib_python3_12_site-packages_PyQt6 --> node_venv_lib_python3_12_site-packages_PyQt6_Qt6["Qt6"]\n    node_venv_lib_python3_12_site-packages_PyQt6_Qt6 --> node_venv_lib_python3_12_site-packages_PyQt6_Qt6_qml["qml"]\n    node_venv_lib_python3_12_site-packages_PyQt6_Qt6_qml --> node_venv_lib_python3_12_site-packages_PyQt6_Qt6_qml_QtQuick["QtQuick"]\n    node_venv_lib_python3_12_site-packages_PyQt6_Qt6_qml_QtQuick --> node_venv_lib_python3_12_site-packages_PyQt6_Qt6_qml_QtQuick_Controls["Controls"]\n    node_venv_lib_python3_12_site-packages_PyQt6_Qt6_qml_QtQuick_Controls --> node_venv_lib_python3_12_site-packages_PyQt6_Qt6_qml_QtQuick_Controls_FluentWinUI3["FluentWinUI3"]\n    node_venv_lib_python3_12_site-packages_PyQt6_Qt6_qml_QtQuick_Controls_FluentWinUI3 --> node_venv_lib_python3_12_site-packages_PyQt6_Qt6_qml_QtQuick_Controls_FluentWinUI3_light["light"]\n    node_venv_lib_python3_12_site-packages_PyQt6_Qt6_qml_QtQuick_Controls_FluentWinUI3_light --> node_venv_lib_python3_12_site-packages_PyQt6_Qt6_qml_QtQuick_Controls_FluentWinUI3_light_images["images"]\n    node_venv_lib_python3_12_site-packages_PyQt6_Qt6_qml_QtQuick_Controls_FluentWinUI3_light_images --> node_venv_lib_python3_12_site-packages_PyQt6_Qt6_qml_QtQuick_Controls_FluentWinUI3_light_images_spinbox-indicator-up-icon-atlimit@3x_png["spinbox-indicator-up-icon-atlimit@3x.png"]\n    Root --> node_venv["venv"]\n    node_venv --> node_venv_lib["lib"]\n    node_venv_lib --> node_venv_lib_python3_12["python3.12"]\n    node_venv_lib_python3_12 --> node_venv_lib_python3_12_site-packages["site-packages"]\n    node_venv_lib_python3_12_site-packages --> node_venv_lib_python3_12_site-packages_PyQt6["PyQt6"]\n    node_venv_lib_python3_12_site-packages_PyQt6 --> node_venv_lib_python3_12_site-packages_PyQt6_Qt6["Qt6"]\n    node_venv_lib_python3_12_site-packages_PyQt6_Qt6 --> node_venv_lib_python3_12_site-packages_PyQt6_Qt6_qml["qml"]\n    node_venv_lib_python3_12_site-packages_PyQt6_Qt6_qml --> node_venv_lib_python3_12_site-packages_PyQt6_Qt6_qml_QtQuick["QtQuick"]\n    node_venv_lib_python3_12_site-packages_PyQt6_Qt6_qml_QtQuick --> node_venv_lib_python3_12_site-packages_PyQt6_Qt6_qml_QtQuick_Controls["Controls"]\n    node_venv_lib_python3_12_site-packages_PyQt6_Qt6_qml_QtQuick_Controls --> node_venv_lib_python3_12_site-packages_PyQt6_Qt6_qml_QtQuick_Controls_FluentWinUI3["FluentWinUI3"]\n    node_venv_lib_python3_12_site-packages_PyQt6_Qt6_qml_QtQuick_Controls_FluentWinUI3 --> node_venv_lib_python3_12_site-packages_PyQt6_Qt6_qml_QtQuick_Controls_FluentWinUI3_light["light"]\n    node_venv_lib_python3_12_site-packages_PyQt6_Qt6_qml_QtQuick_Controls_FluentWinUI3_light --> node_venv_lib_python3_12_site-packages_PyQt6_Qt6_qml_QtQuick_Controls_FluentWinUI3_light_images["images"]\n    node_venv_lib_python3_12_site-packages_PyQt6_Qt6_qml_QtQuick_Controls_FluentWinUI3_light_images --> node_venv_lib_python3_12_site-packages_PyQt6_Qt6_qml_QtQuick_Controls_FluentWinUI3_light_images_spinbox-indicator-up-icon-disabled_png["spinbox-indicator-up-icon-disabled.png"]\n    Root --> node_venv["venv"]\n    node_venv --> node_venv_lib["lib"]\n    node_venv_lib --> node_venv_lib_python3_12["python3.12"]\n    node_venv_lib_python3_12 --> node_venv_lib_python3_12_site-packages["site-packages"]\n    node_venv_lib_python3_12_site-packages --> node_venv_lib_python3_12_site-packages_PyQt6["PyQt6"]\n    node_venv_lib_python3_12_site-packages_PyQt6 --> node_venv_lib_python3_12_site-packages_PyQt6_Qt6["Qt6"]\n    node_venv_lib_python3_12_site-packages_PyQt6_Qt6 --> node_venv_lib_python3_12_site-packages_PyQt6_Qt6_qml["qml"]\n    node_venv_lib_python3_12_site-packages_PyQt6_Qt6_qml --> node_venv_lib_python3_12_site-packages_PyQt6_Qt6_qml_QtQuick["QtQuick"]\n    node_venv_lib_python3_12_site-packages_PyQt6_Qt6_qml_QtQuick --> node_venv_lib_python3_12_site-packages_PyQt6_Qt6_qml_QtQuick_Controls["Controls"]\n    node_venv_lib_python3_12_site-packages_PyQt6_Qt6_qml_QtQuick_Controls --> node_venv_lib_python3_12_site-packages_PyQt6_Qt6_qml_QtQuick_Controls_FluentWinUI3["FluentWinUI3"]\n    node_venv_lib_python3_12_site-packages_PyQt6_Qt6_qml_QtQuick_Controls_FluentWinUI3 --> node_venv_lib_python3_12_site-packages_PyQt6_Qt6_qml_QtQuick_Controls_FluentWinUI3_light["light"]\n    node_venv_lib_python3_12_site-packages_PyQt6_Qt6_qml_QtQuick_Controls_FluentWinUI3_light --> node_venv_lib_python3_12_site-packages_PyQt6_Qt6_qml_QtQuick_Controls_FluentWinUI3_light_images["images"]\n    node_venv_lib_python3_12_site-packages_PyQt6_Qt6_qml_QtQuick_Controls_FluentWinUI3_light_images --> node_venv_lib_python3_12_site-packages_PyQt6_Qt6_qml_QtQuick_Controls_FluentWinUI3_light_images_spinbox-indicator-up-icon-disabled@2x_png["spinbox-indicator-up-icon-disabled@2x.png"]\n    Root --> node_venv["venv"]\n    node_venv --> node_venv_lib["lib"]\n    node_venv_lib --> node_venv_lib_python3_12["python3.12"]\n    node_venv_lib_python3_12 --> node_venv_lib_python3_12_site-packages["site-packages"]\n    node_venv_lib_python3_12_site-packages --> node_venv_lib_python3_12_site-packages_PyQt6["PyQt6"]\n    node_venv_lib_python3_12_site-packages_PyQt6 --> node_venv_lib_python3_12_site-packages_PyQt6_Qt6["Qt6"]\n    node_venv_lib_python3_12_site-packages_PyQt6_Qt6 --> node_venv_lib_python3_12_site-packages_PyQt6_Qt6_qml["qml"]\n    node_venv_lib_python3_12_site-packages_PyQt6_Qt6_qml --> node_venv_lib_python3_12_site-packages_PyQt6_Qt6_qml_QtQuick["QtQuick"]\n    node_venv_lib_python3_12_site-packages_PyQt6_Qt6_qml_QtQuick --> node_venv_lib_python3_12_site-packages_PyQt6_Qt6_qml_QtQuick_Controls["Controls"]\n    node_venv_lib_python3_12_site-packages_PyQt6_Qt6_qml_QtQuick_Controls --> node_venv_lib_python3_12_site-packages_PyQt6_Qt6_qml_QtQuick_Controls_FluentWinUI3["FluentWinUI3"]\n    node_venv_lib_python3_12_site-packages_PyQt6_Qt6_qml_QtQuick_Controls_FluentWinUI3 --> node_venv_lib_python3_12_site-packages_PyQt6_Qt6_qml_QtQuick_Controls_FluentWinUI3_light["light"]\n    node_venv_lib_python3_12_site-packages_PyQt6_Qt6_qml_QtQuick_Controls_FluentWinUI3_light --> node_venv_lib_python3_12_site-packages_PyQt6_Qt6_qml_QtQuick_Controls_FluentWinUI3_light_images["images"]\n    node_venv_lib_python3_12_site-packages_PyQt6_Qt6_qml_QtQuick_Controls_FluentWinUI3_light_images --> node_venv_lib_python3_12_site-packages_PyQt6_Qt6_qml_QtQuick_Controls_FluentWinUI3_light_images_spinbox-indicator-up-icon-disabled@3x_png["spinbox-indicator-up-icon-disabled@3x.png"]\n    Root --> node_venv["venv"]\n    node_venv --> node_venv_lib["lib"]\n    node_venv_lib --> node_venv_lib_python3_12["python3.12"]\n    node_venv_lib_python3_12 --> node_venv_lib_python3_12_site-packages["site-packages"]\n    node_venv_lib_python3_12_site-packages --> node_venv_lib_python3_12_site-packages_PyQt6["PyQt6"]\n    node_venv_lib_python3_12_site-packages_PyQt6 --> node_venv_lib_python3_12_site-packages_PyQt6_Qt6["Qt6"]\n    node_venv_lib_python3_12_site-packages_PyQt6_Qt6 --> node_venv_lib_python3_12_site-packages_PyQt6_Qt6_qml["qml"]\n    node_venv_lib_python3_12_site-packages_PyQt6_Qt6_qml --> node_venv_lib_python3_12_site-packages_PyQt6_Qt6_qml_QtQuick["QtQuick"]\n    node_venv_lib_python3_12_site-packages_PyQt6_Qt6_qml_QtQuick --> node_venv_lib_python3_12_site-packages_PyQt6_Qt6_qml_QtQuick_Controls["Controls"]\n    node_venv_lib_python3_12_site-packages_PyQt6_Qt6_qml_QtQuick_Controls --> node_venv_lib_python3_12_site-packages_PyQt6_Qt6_qml_QtQuick_Controls_FluentWinUI3["FluentWinUI3"]\n    node_venv_lib_python3_12_site-packages_PyQt6_Qt6_qml_QtQuick_Controls_FluentWinUI3 --> node_venv_lib_python3_12_site-packages_PyQt6_Qt6_qml_QtQuick_Controls_FluentWinUI3_light["light"]\n    node_venv_lib_python3_12_site-packages_PyQt6_Qt6_qml_QtQuick_Controls_FluentWinUI3_light --> node_venv_lib_python3_12_site-packages_PyQt6_Qt6_qml_QtQuick_Controls_FluentWinUI3_light_images["images"]\n    node_venv_lib_python3_12_site-packages_PyQt6_Qt6_qml_QtQuick_Controls_FluentWinUI3_light_images --> node_venv_lib_python3_12_site-packages_PyQt6_Qt6_qml_QtQuick_Controls_FluentWinUI3_light_images_spinbox-indicator-up-icon-down-hovered_png["spinbox-indicator-up-icon-down-hovered.png"]\n    Root --> node_venv["venv"]\n    node_venv --> node_venv_lib["lib"]\n    node_venv_lib --> node_venv_lib_python3_12["python3.12"]\n    node_venv_lib_python3_12 --> node_venv_lib_python3_12_site-packages["site-packages"]\n    node_venv_lib_python3_12_site-packages --> node_venv_lib_python3_12_site-packages_PyQt6["PyQt6"]\n    node_venv_lib_python3_12_site-packages_PyQt6 --> node_venv_lib_python3_12_site-packages_PyQt6_Qt6["Qt6"]\n    node_venv_lib_python3_12_site-packages_PyQt6_Qt6 --> node_venv_lib_python3_12_site-packages_PyQt6_Qt6_qml["qml"]\n    node_venv_lib_python3_12_site-packages_PyQt6_Qt6_qml --> node_venv_lib_python3_12_site-packages_PyQt6_Qt6_qml_QtQuick["QtQuick"]\n    node_venv_lib_python3_12_site-packages_PyQt6_Qt6_qml_QtQuick --> node_venv_lib_python3_12_site-packages_PyQt6_Qt6_qml_QtQuick_Controls["Controls"]\n    node_venv_lib_python3_12_site-packages_PyQt6_Qt6_qml_QtQuick_Controls --> node_venv_lib_python3_12_site-packages_PyQt6_Qt6_qml_QtQuick_Controls_FluentWinUI3["FluentWinUI3"]\n    node_venv_lib_python3_12_site-packages_PyQt6_Qt6_qml_QtQuick_Controls_FluentWinUI3 --> node_venv_lib_python3_12_site-packages_PyQt6_Qt6_qml_QtQuick_Controls_FluentWinUI3_light["light"]\n    node_venv_lib_python3_12_site-packages_PyQt6_Qt6_qml_QtQuick_Controls_FluentWinUI3_light --> node_venv_lib_python3_12_site-packages_PyQt6_Qt6_qml_QtQuick_Controls_FluentWinUI3_light_images["images"]\n    node_venv_lib_python3_12_site-packages_PyQt6_Qt6_qml_QtQuick_Controls_FluentWinUI3_light_images --> node_venv_lib_python3_12_site-packages_PyQt6_Qt6_qml_QtQuick_Controls_FluentWinUI3_light_images_spinbox-indicator-up-icon-down-hovered@2x_png["spinbox-indicator-up-icon-down-hovered@2x.png"]\n    Root --> node_venv["venv"]\n    node_venv --> node_venv_lib["lib"]\n    node_venv_lib --> node_venv_lib_python3_12["python3.12"]\n    node_venv_lib_python3_12 --> node_venv_lib_python3_12_site-packages["site-packages"]\n    node_venv_lib_python3_12_site-packages --> node_venv_lib_python3_12_site-packages_PyQt6["PyQt6"]\n    node_venv_lib_python3_12_site-packages_PyQt6 --> node_venv_lib_python3_12_site-packages_PyQt6_Qt6["Qt6"]\n    node_venv_lib_python3_12_site-packages_PyQt6_Qt6 --> node_venv_lib_python3_12_site-packages_PyQt6_Qt6_qml["qml"]\n    node_venv_lib_python3_12_site-packages_PyQt6_Qt6_qml --> node_venv_lib_python3_12_site-packages_PyQt6_Qt6_qml_QtQuick["QtQuick"]\n    node_venv_lib_python3_12_site-packages_PyQt6_Qt6_qml_QtQuick --> node_venv_lib_python3_12_site-packages_PyQt6_Qt6_qml_QtQuick_Controls["Controls"]\n    node_venv_lib_python3_12_site-packages_PyQt6_Qt6_qml_QtQuick_Controls --> node_venv_lib_python3_12_site-packages_PyQt6_Qt6_qml_QtQuick_Controls_FluentWinUI3["FluentWinUI3"]\n    node_venv_lib_python3_12_site-packages_PyQt6_Qt6_qml_QtQuick_Controls_FluentWinUI3 --> node_venv_lib_python3_12_site-packages_PyQt6_Qt6_qml_QtQuick_Controls_FluentWinUI3_light["light"]\n    node_venv_lib_python3_12_site-packages_PyQt6_Qt6_qml_QtQuick_Controls_FluentWinUI3_light --> node_venv_lib_python3_12_site-packages_PyQt6_Qt6_qml_QtQuick_Controls_FluentWinUI3_light_images["images"]\n    node_venv_lib_python3_12_site-packages_PyQt6_Qt6_qml_QtQuick_Controls_FluentWinUI3_light_images --> node_venv_lib_python3_12_site-packages_PyQt6_Qt6_qml_QtQuick_Controls_FluentWinUI3_light_images_spinbox-indicator-up-icon-down-hovered@3x_png["spinbox-indicator-up-icon-down-hovered@3x.png"]\n    Root --> node_venv["venv"]\n    node_venv --> node_venv_lib["lib"]\n    node_venv_lib --> node_venv_lib_python3_12["python3.12"]\n    node_venv_lib_python3_12 --> node_venv_lib_python3_12_site-packages["site-packages"]\n    node_venv_lib_python3_12_site-packages --> node_venv_lib_python3_12_site-packages_PyQt6["PyQt6"]\n    node_venv_lib_python3_12_site-packages_PyQt6 --> node_venv_lib_python3_12_site-packages_PyQt6_Qt6["Qt6"]\n    node_venv_lib_python3_12_site-packages_PyQt6_Qt6 --> node_venv_lib_python3_12_site-packages_PyQt6_Qt6_qml["qml"]\n    node_venv_lib_python3_12_site-packages_PyQt6_Qt6_qml --> node_venv_lib_python3_12_site-packages_PyQt6_Qt6_qml_QtQuick["QtQuick"]\n    node_venv_lib_python3_12_site-packages_PyQt6_Qt6_qml_QtQuick --> node_venv_lib_python3_12_site-packages_PyQt6_Qt6_qml_QtQuick_Controls["Controls"]\n    node_venv_lib_python3_12_site-packages_PyQt6_Qt6_qml_QtQuick_Controls --> node_venv_lib_python3_12_site-packages_PyQt6_Qt6_qml_QtQuick_Controls_FluentWinUI3["FluentWinUI3"]\n    node_venv_lib_python3_12_site-packages_PyQt6_Qt6_qml_QtQuick_Controls_FluentWinUI3 --> node_venv_lib_python3_12_site-packages_PyQt6_Qt6_qml_QtQuick_Controls_FluentWinUI3_light["light"]\n    node_venv_lib_python3_12_site-packages_PyQt6_Qt6_qml_QtQuick_Controls_FluentWinUI3_light --> node_venv_lib_python3_12_site-packages_PyQt6_Qt6_qml_QtQuick_Controls_FluentWinUI3_light_images["images"]\n    node_venv_lib_python3_12_site-packages_PyQt6_Qt6_qml_QtQuick_Controls_FluentWinUI3_light_images --> node_venv_lib_python3_12_site-packages_PyQt6_Qt6_qml_QtQuick_Controls_FluentWinUI3_light_images_spinbox-indicator-up-icon-down-pressed_png["spinbox-indicator-up-icon-down-pressed.png"]\n    Root --> node_venv["venv"]\n    node_venv --> node_venv_lib["lib"]\n    node_venv_lib --> node_venv_lib_python3_12["python3.12"]\n    node_venv_lib_python3_12 --> node_venv_lib_python3_12_site-packages["site-packages"]\n    node_venv_lib_python3_12_site-packages --> node_venv_lib_python3_12_site-packages_PyQt6["PyQt6"]\n    node_venv_lib_python3_12_site-packages_PyQt6 --> node_venv_lib_python3_12_site-packages_PyQt6_Qt6["Qt6"]\n    node_venv_lib_python3_12_site-packages_PyQt6_Qt6 --> node_venv_lib_python3_12_site-packages_PyQt6_Qt6_qml["qml"]\n    node_venv_lib_python3_12_site-packages_PyQt6_Qt6_qml --> node_venv_lib_python3_12_site-packages_PyQt6_Qt6_qml_QtQuick["QtQuick"]\n    node_venv_lib_python3_12_site-packages_PyQt6_Qt6_qml_QtQuick --> node_venv_lib_python3_12_site-packages_PyQt6_Qt6_qml_QtQuick_Controls["Controls"]\n    node_venv_lib_python3_12_site-packages_PyQt6_Qt6_qml_QtQuick_Controls --> node_venv_lib_python3_12_site-packages_PyQt6_Qt6_qml_QtQuick_Controls_FluentWinUI3["FluentWinUI3"]\n    node_venv_lib_python3_12_site-packages_PyQt6_Qt6_qml_QtQuick_Controls_FluentWinUI3 --> node_venv_lib_python3_12_site-packages_PyQt6_Qt6_qml_QtQuick_Controls_FluentWinUI3_light["light"]\n    node_venv_lib_python3_12_site-packages_PyQt6_Qt6_qml_QtQuick_Controls_FluentWinUI3_light --> node_venv_lib_python3_12_site-packages_PyQt6_Qt6_qml_QtQuick_Controls_FluentWinUI3_light_images["images"]\n    node_venv_lib_python3_12_site-packages_PyQt6_Qt6_qml_QtQuick_Controls_FluentWinUI3_light_images --> node_venv_lib_python3_12_site-packages_PyQt6_Qt6_qml_QtQuick_Controls_FluentWinUI3_light_images_spinbox-indicator-up-icon-down-pressed@2x_png["spinbox-indicator-up-icon-down-pressed@2x.png"]\n    Root --> node_venv["venv"]\n    node_venv --> node_venv_lib["lib"]\n    node_venv_lib --> node_venv_lib_python3_12["python3.12"]\n    node_venv_lib_python3_12 --> node_venv_lib_python3_12_site-packages["site-packages"]\n    node_venv_lib_python3_12_site-packages --> node_venv_lib_python3_12_site-packages_PyQt6["PyQt6"]\n    node_venv_lib_python3_12_site-packages_PyQt6 --> node_venv_lib_python3_12_site-packages_PyQt6_Qt6["Qt6"]\n    node_venv_lib_python3_12_site-packages_PyQt6_Qt6 --> node_venv_lib_python3_12_site-packages_PyQt6_Qt6_qml["qml"]\n    node_venv_lib_python3_12_site-packages_PyQt6_Qt6_qml --> node_venv_lib_python3_12_site-packages_PyQt6_Qt6_qml_QtQuick["QtQuick"]\n    node_venv_lib_python3_12_site-packages_PyQt6_Qt6_qml_QtQuick --> node_venv_lib_python3_12_site-packages_PyQt6_Qt6_qml_QtQuick_Controls["Controls"]\n    node_venv_lib_python3_12_site-packages_PyQt6_Qt6_qml_QtQuick_Controls --> node_venv_lib_python3_12_site-packages_PyQt6_Qt6_qml_QtQuick_Controls_FluentWinUI3["FluentWinUI3"]\n    node_venv_lib_python3_12_site-packages_PyQt6_Qt6_qml_QtQuick_Controls_FluentWinUI3 --> node_venv_lib_python3_12_site-packages_PyQt6_Qt6_qml_QtQuick_Controls_FluentWinUI3_light["light"]\n    node_venv_lib_python3_12_site-packages_PyQt6_Qt6_qml_QtQuick_Controls_FluentWinUI3_light --> node_venv_lib_python3_12_site-packages_PyQt6_Qt6_qml_QtQuick_Controls_FluentWinUI3_light_images["images"]\n    node_venv_lib_python3_12_site-packages_PyQt6_Qt6_qml_QtQuick_Controls_FluentWinUI3_light_images --> node_venv_lib_python3_12_site-packages_PyQt6_Qt6_qml_QtQuick_Controls_FluentWinUI3_light_images_spinbox-indicator-up-icon-down-pressed@3x_png["spinbox-indicator-up-icon-down-pressed@3x.png"]\n    Root --> node_venv["venv"]\n    node_venv --> node_venv_lib["lib"]\n    node_venv_lib --> node_venv_lib_python3_12["python3.12"]\n    node_venv_lib_python3_12 --> node_venv_lib_python3_12_site-packages["site-packages"]\n    node_venv_lib_python3_12_site-packages --> node_venv_lib_python3_12_site-packages_PyQt6["PyQt6"]\n    node_venv_lib_python3_12_site-packages_PyQt6 --> node_venv_lib_python3_12_site-packages_PyQt6_Qt6["Qt6"]\n    node_venv_lib_python3_12_site-packages_PyQt6_Qt6 --> node_venv_lib_python3_12_site-packages_PyQt6_Qt6_qml["qml"]\n    node_venv_lib_python3_12_site-packages_PyQt6_Qt6_qml --> node_venv_lib_python3_12_site-packages_PyQt6_Qt6_qml_QtQuick["QtQuick"]\n    node_venv_lib_python3_12_site-packages_PyQt6_Qt6_qml_QtQuick --> node_venv_lib_python3_12_site-packages_PyQt6_Qt6_qml_QtQuick_Controls["Controls"]\n    node_venv_lib_python3_12_site-packages_PyQt6_Qt6_qml_QtQuick_Controls --> node_venv_lib_python3_12_site-packages_PyQt6_Qt6_qml_QtQuick_Controls_FluentWinUI3["FluentWinUI3"]\n    node_venv_lib_python3_12_site-packages_PyQt6_Qt6_qml_QtQuick_Controls_FluentWinUI3 --> node_venv_lib_python3_12_site-packages_PyQt6_Qt6_qml_QtQuick_Controls_FluentWinUI3_light["light"]\n    node_venv_lib_python3_12_site-packages_PyQt6_Qt6_qml_QtQuick_Controls_FluentWinUI3_light --> node_venv_lib_python3_12_site-packages_PyQt6_Qt6_qml_QtQuick_Controls_FluentWinUI3_light_images["images"]\n    node_venv_lib_python3_12_site-packages_PyQt6_Qt6_qml_QtQuick_Controls_FluentWinUI3_light_images --> node_venv_lib_python3_12_site-packages_PyQt6_Qt6_qml_QtQuick_Controls_FluentWinUI3_light_images_spinbox-indicator-up-icon-hovered_png["spinbox-indicator-up-icon-hovered.png"]\n    Root --> node_venv["venv"]\n    node_venv --> node_venv_lib["lib"]\n    node_venv_lib --> node_venv_lib_python3_12["python3.12"]\n    node_venv_lib_python3_12 --> node_venv_lib_python3_12_site-packages["site-packages"]\n    node_venv_lib_python3_12_site-packages --> node_venv_lib_python3_12_site-packages_PyQt6["PyQt6"]\n    node_venv_lib_python3_12_site-packages_PyQt6 --> node_venv_lib_python3_12_site-packages_PyQt6_Qt6["Qt6"]\n    node_venv_lib_python3_12_site-packages_PyQt6_Qt6 --> node_venv_lib_python3_12_site-packages_PyQt6_Qt6_qml["qml"]\n    node_venv_lib_python3_12_site-packages_PyQt6_Qt6_qml --> node_venv_lib_python3_12_site-packages_PyQt6_Qt6_qml_QtQuick["QtQuick"]\n    node_venv_lib_python3_12_site-packages_PyQt6_Qt6_qml_QtQuick --> node_venv_lib_python3_12_site-packages_PyQt6_Qt6_qml_QtQuick_Controls["Controls"]\n    node_venv_lib_python3_12_site-packages_PyQt6_Qt6_qml_QtQuick_Controls --> node_venv_lib_python3_12_site-packages_PyQt6_Qt6_qml_QtQuick_Controls_FluentWinUI3["FluentWinUI3"]\n    node_venv_lib_python3_12_site-packages_PyQt6_Qt6_qml_QtQuick_Controls_FluentWinUI3 --> node_venv_lib_python3_12_site-packages_PyQt6_Qt6_qml_QtQuick_Controls_FluentWinUI3_light["light"]\n    node_venv_lib_python3_12_site-packages_PyQt6_Qt6_qml_QtQuick_Controls_FluentWinUI3_light --> node_venv_lib_python3_12_site-packages_PyQt6_Qt6_qml_QtQuick_Controls_FluentWinUI3_light_images["images"]\n    node_venv_lib_python3_12_site-packages_PyQt6_Qt6_qml_QtQuick_Controls_FluentWinUI3_light_images --> node_venv_lib_python3_12_site-packages_PyQt6_Qt6_qml_QtQuick_Controls_FluentWinUI3_light_images_spinbox-indicator-up-icon-hovered@2x_png["spinbox-indicator-up-icon-hovered@2x.png"]\n    Root --> node_venv["venv"]\n    node_venv --> node_venv_lib["lib"]\n    node_venv_lib --> node_venv_lib_python3_12["python3.12"]\n    node_venv_lib_python3_12 --> node_venv_lib_python3_12_site-packages["site-packages"]\n    node_venv_lib_python3_12_site-packages --> node_venv_lib_python3_12_site-packages_PyQt6["PyQt6"]\n    node_venv_lib_python3_12_site-packages_PyQt6 --> node_venv_lib_python3_12_site-packages_PyQt6_Qt6["Qt6"]\n    node_venv_lib_python3_12_site-packages_PyQt6_Qt6 --> node_venv_lib_python3_12_site-packages_PyQt6_Qt6_qml["qml"]\n    node_venv_lib_python3_12_site-packages_PyQt6_Qt6_qml --> node_venv_lib_python3_12_site-packages_PyQt6_Qt6_qml_QtQuick["QtQuick"]\n    node_venv_lib_python3_12_site-packages_PyQt6_Qt6_qml_QtQuick --> node_venv_lib_python3_12_site-packages_PyQt6_Qt6_qml_QtQuick_Controls["Controls"]\n    node_venv_lib_python3_12_site-packages_PyQt6_Qt6_qml_QtQuick_Controls --> node_venv_lib_python3_12_site-packages_PyQt6_Qt6_qml_QtQuick_Controls_FluentWinUI3["FluentWinUI3"]\n    node_venv_lib_python3_12_site-packages_PyQt6_Qt6_qml_QtQuick_Controls_FluentWinUI3 --> node_venv_lib_python3_12_site-packages_PyQt6_Qt6_qml_QtQuick_Controls_FluentWinUI3_light["light"]\n    node_venv_lib_python3_12_site-packages_PyQt6_Qt6_qml_QtQuick_Controls_FluentWinUI3_light --> node_venv_lib_python3_12_site-packages_PyQt6_Qt6_qml_QtQuick_Controls_FluentWinUI3_light_images["images"]\n    node_venv_lib_python3_12_site-packages_PyQt6_Qt6_qml_QtQuick_Controls_FluentWinUI3_light_images --> node_venv_lib_python3_12_site-packages_PyQt6_Qt6_qml_QtQuick_Controls_FluentWinUI3_light_images_spinbox-indicator-up-icon-hovered@3x_png["spinbox-indicator-up-icon-hovered@3x.png"]\n    Root --> node_venv["venv"]\n    node_venv --> node_venv_lib["lib"]\n    node_venv_lib --> node_venv_lib_python3_12["python3.12"]\n    node_venv_lib_python3_12 --> node_venv_lib_python3_12_site-packages["site-packages"]\n    node_venv_lib_python3_12_site-packages --> node_venv_lib_python3_12_site-packages_PyQt6["PyQt6"]\n    node_venv_lib_python3_12_site-packages_PyQt6 --> node_venv_lib_python3_12_site-packages_PyQt6_Qt6["Qt6"]\n    node_venv_lib_python3_12_site-packages_PyQt6_Qt6 --> node_venv_lib_python3_12_site-packages_PyQt6_Qt6_qml["qml"]\n    node_venv_lib_python3_12_site-packages_PyQt6_Qt6_qml --> node_venv_lib_python3_12_site-packages_PyQt6_Qt6_qml_QtQuick["QtQuick"]\n    node_venv_lib_python3_12_site-packages_PyQt6_Qt6_qml_QtQuick --> node_venv_lib_python3_12_site-packages_PyQt6_Qt6_qml_QtQuick_Controls["Controls"]\n    node_venv_lib_python3_12_site-packages_PyQt6_Qt6_qml_QtQuick_Controls --> node_venv_lib_python3_12_site-packages_PyQt6_Qt6_qml_QtQuick_Controls_FluentWinUI3["FluentWinUI3"]\n    node_venv_lib_python3_12_site-packages_PyQt6_Qt6_qml_QtQuick_Controls_FluentWinUI3 --> node_venv_lib_python3_12_site-packages_PyQt6_Qt6_qml_QtQuick_Controls_FluentWinUI3_light["light"]\n    node_venv_lib_python3_12_site-packages_PyQt6_Qt6_qml_QtQuick_Controls_FluentWinUI3_light --> node_venv_lib_python3_12_site-packages_PyQt6_Qt6_qml_QtQuick_Controls_FluentWinUI3_light_images["images"]\n    node_venv_lib_python3_12_site-packages_PyQt6_Qt6_qml_QtQuick_Controls_FluentWinUI3_light_images --> node_venv_lib_python3_12_site-packages_PyQt6_Qt6_qml_QtQuick_Controls_FluentWinUI3_light_images_spinbox-indicator-up-icon-up-hovered_png["spinbox-indicator-up-icon-up-hovered.png"]\n    Root --> node_venv["venv"]\n    node_venv --> node_venv_lib["lib"]\n    node_venv_lib --> node_venv_lib_python3_12["python3.12"]\n    node_venv_lib_python3_12 --> node_venv_lib_python3_12_site-packages["site-packages"]\n    node_venv_lib_python3_12_site-packages --> node_venv_lib_python3_12_site-packages_PyQt6["PyQt6"]\n    node_venv_lib_python3_12_site-packages_PyQt6 --> node_venv_lib_python3_12_site-packages_PyQt6_Qt6["Qt6"]\n    node_venv_lib_python3_12_site-packages_PyQt6_Qt6 --> node_venv_lib_python3_12_site-packages_PyQt6_Qt6_qml["qml"]\n    node_venv_lib_python3_12_site-packages_PyQt6_Qt6_qml --> node_venv_lib_python3_12_site-packages_PyQt6_Qt6_qml_QtQuick["QtQuick"]\n    node_venv_lib_python3_12_site-packages_PyQt6_Qt6_qml_QtQuick --> node_venv_lib_python3_12_site-packages_PyQt6_Qt6_qml_QtQuick_Controls["Controls"]\n    node_venv_lib_python3_12_site-packages_PyQt6_Qt6_qml_QtQuick_Controls --> node_venv_lib_python3_12_site-packages_PyQt6_Qt6_qml_QtQuick_Controls_FluentWinUI3["FluentWinUI3"]\n    node_venv_lib_python3_12_site-packages_PyQt6_Qt6_qml_QtQuick_Controls_FluentWinUI3 --> node_venv_lib_python3_12_site-packages_PyQt6_Qt6_qml_QtQuick_Controls_FluentWinUI3_light["light"]\n    node_venv_lib_python3_12_site-packages_PyQt6_Qt6_qml_QtQuick_Controls_FluentWinUI3_light --> node_venv_lib_python3_12_site-packages_PyQt6_Qt6_qml_QtQuick_Controls_FluentWinUI3_light_images["images"]\n    node_venv_lib_python3_12_site-packages_PyQt6_Qt6_qml_QtQuick_Controls_FluentWinUI3_light_images --> node_venv_lib_python3_12_site-packages_PyQt6_Qt6_qml_QtQuick_Controls_FluentWinUI3_light_images_spinbox-indicator-up-icon-up-hovered@2x_png["spinbox-indicator-up-icon-up-hovered@2x.png"]\n    Root --> node_venv["venv"]\n    node_venv --> node_venv_lib["lib"]\n    node_venv_lib --> node_venv_lib_python3_12["python3.12"]\n    node_venv_lib_python3_12 --> node_venv_lib_python3_12_site-packages["site-packages"]\n    node_venv_lib_python3_12_site-packages --> node_venv_lib_python3_12_site-packages_PyQt6["PyQt6"]\n    node_venv_lib_python3_12_site-packages_PyQt6 --> node_venv_lib_python3_12_site-packages_PyQt6_Qt6["Qt6"]\n    node_venv_lib_python3_12_site-packages_PyQt6_Qt6 --> node_venv_lib_python3_12_site-packages_PyQt6_Qt6_qml["qml"]\n    node_venv_lib_python3_12_site-packages_PyQt6_Qt6_qml --> node_venv_lib_python3_12_site-packages_PyQt6_Qt6_qml_QtQuick["QtQuick"]\n    node_venv_lib_python3_12_site-packages_PyQt6_Qt6_qml_QtQuick --> node_venv_lib_python3_12_site-packages_PyQt6_Qt6_qml_QtQuick_Controls["Controls"]\n    node_venv_lib_python3_12_site-packages_PyQt6_Qt6_qml_QtQuick_Controls --> node_venv_lib_python3_12_site-packages_PyQt6_Qt6_qml_QtQuick_Controls_FluentWinUI3["FluentWinUI3"]\n    node_venv_lib_python3_12_site-packages_PyQt6_Qt6_qml_QtQuick_Controls_FluentWinUI3 --> node_venv_lib_python3_12_site-packages_PyQt6_Qt6_qml_QtQuick_Controls_FluentWinUI3_light["light"]\n    node_venv_lib_python3_12_site-packages_PyQt6_Qt6_qml_QtQuick_Controls_FluentWinUI3_light --> node_venv_lib_python3_12_site-packages_PyQt6_Qt6_qml_QtQuick_Controls_FluentWinUI3_light_images["images"]\n    node_venv_lib_python3_12_site-packages_PyQt6_Qt6_qml_QtQuick_Controls_FluentWinUI3_light_images --> node_venv_lib_python3_12_site-packages_PyQt6_Qt6_qml_QtQuick_Controls_FluentWinUI3_light_images_spinbox-indicator-up-icon-up-hovered@3x_png["spinbox-indicator-up-icon-up-hovered@3x.png"]\n    Root --> node_venv["venv"]\n    node_venv --> node_venv_lib["lib"]\n    node_venv_lib --> node_venv_lib_python3_12["python3.12"]\n    node_venv_lib_python3_12 --> node_venv_lib_python3_12_site-packages["site-packages"]\n    node_venv_lib_python3_12_site-packages --> node_venv_lib_python3_12_site-packages_PyQt6["PyQt6"]\n    node_venv_lib_python3_12_site-packages_PyQt6 --> node_venv_lib_python3_12_site-packages_PyQt6_Qt6["Qt6"]\n    node_venv_lib_python3_12_site-packages_PyQt6_Qt6 --> node_venv_lib_python3_12_site-packages_PyQt6_Qt6_qml["qml"]\n    node_venv_lib_python3_12_site-packages_PyQt6_Qt6_qml --> node_venv_lib_python3_12_site-packages_PyQt6_Qt6_qml_QtQuick["QtQuick"]\n    node_venv_lib_python3_12_site-packages_PyQt6_Qt6_qml_QtQuick --> node_venv_lib_python3_12_site-packages_PyQt6_Qt6_qml_QtQuick_Controls["Controls"]\n    node_venv_lib_python3_12_site-packages_PyQt6_Qt6_qml_QtQuick_Controls --> node_venv_lib_python3_12_site-packages_PyQt6_Qt6_qml_QtQuick_Controls_FluentWinUI3["FluentWinUI3"]\n    node_venv_lib_python3_12_site-packages_PyQt6_Qt6_qml_QtQuick_Controls_FluentWinUI3 --> node_venv_lib_python3_12_site-packages_PyQt6_Qt6_qml_QtQuick_Controls_FluentWinUI3_light["light"]\n    node_venv_lib_python3_12_site-packages_PyQt6_Qt6_qml_QtQuick_Controls_FluentWinUI3_light --> node_venv_lib_python3_12_site-packages_PyQt6_Qt6_qml_QtQuick_Controls_FluentWinUI3_light_images["images"]\n    node_venv_lib_python3_12_site-packages_PyQt6_Qt6_qml_QtQuick_Controls_FluentWinUI3_light_images --> node_venv_lib_python3_12_site-packages_PyQt6_Qt6_qml_QtQuick_Controls_FluentWinUI3_light_images_spinbox-indicator-up-icon-up-pressed_png["spinbox-indicator-up-icon-up-pressed.png"]\n    Root --> node_venv["venv"]\n    node_venv --> node_venv_lib["lib"]\n    node_venv_lib --> node_venv_lib_python3_12["python3.12"]\n    node_venv_lib_python3_12 --> node_venv_lib_python3_12_site-packages["site-packages"]\n    node_venv_lib_python3_12_site-packages --> node_venv_lib_python3_12_site-packages_PyQt6["PyQt6"]\n    node_venv_lib_python3_12_site-packages_PyQt6 --> node_venv_lib_python3_12_site-packages_PyQt6_Qt6["Qt6"]\n    node_venv_lib_python3_12_site-packages_PyQt6_Qt6 --> node_venv_lib_python3_12_site-packages_PyQt6_Qt6_qml["qml"]\n    node_venv_lib_python3_12_site-packages_PyQt6_Qt6_qml --> node_venv_lib_python3_12_site-packages_PyQt6_Qt6_qml_QtQuick["QtQuick"]\n    node_venv_lib_python3_12_site-packages_PyQt6_Qt6_qml_QtQuick --> node_venv_lib_python3_12_site-packages_PyQt6_Qt6_qml_QtQuick_Controls["Controls"]\n    node_venv_lib_python3_12_site-packages_PyQt6_Qt6_qml_QtQuick_Controls --> node_venv_lib_python3_12_site-packages_PyQt6_Qt6_qml_QtQuick_Controls_FluentWinUI3["FluentWinUI3"]\n    node_venv_lib_python3_12_site-packages_PyQt6_Qt6_qml_QtQuick_Controls_FluentWinUI3 --> node_venv_lib_python3_12_site-packages_PyQt6_Qt6_qml_QtQuick_Controls_FluentWinUI3_light["light"]\n    node_venv_lib_python3_12_site-packages_PyQt6_Qt6_qml_QtQuick_Controls_FluentWinUI3_light --> node_venv_lib_python3_12_site-packages_PyQt6_Qt6_qml_QtQuick_Controls_FluentWinUI3_light_images["images"]\n    node_venv_lib_python3_12_site-packages_PyQt6_Qt6_qml_QtQuick_Controls_FluentWinUI3_light_images --> node_venv_lib_python3_12_site-packages_PyQt6_Qt6_qml_QtQuick_Controls_FluentWinUI3_light_images_spinbox-indicator-up-icon-up-pressed@2x_png["spinbox-indicator-up-icon-up-pressed@2x.png"]\n    Root --> node_venv["venv"]\n    node_venv --> node_venv_lib["lib"]\n    node_venv_lib --> node_venv_lib_python3_12["python3.12"]\n    node_venv_lib_python3_12 --> node_venv_lib_python3_12_site-packages["site-packages"]\n    node_venv_lib_python3_12_site-packages --> node_venv_lib_python3_12_site-packages_PyQt6["PyQt6"]\n    node_venv_lib_python3_12_site-packages_PyQt6 --> node_venv_lib_python3_12_site-packages_PyQt6_Qt6["Qt6"]\n    node_venv_lib_python3_12_site-packages_PyQt6_Qt6 --> node_venv_lib_python3_12_site-packages_PyQt6_Qt6_qml["qml"]\n    node_venv_lib_python3_12_site-packages_PyQt6_Qt6_qml --> node_venv_lib_python3_12_site-packages_PyQt6_Qt6_qml_QtQuick["QtQuick"]\n    node_venv_lib_python3_12_site-packages_PyQt6_Qt6_qml_QtQuick --> node_venv_lib_python3_12_site-packages_PyQt6_Qt6_qml_QtQuick_Controls["Controls"]\n    node_venv_lib_python3_12_site-packages_PyQt6_Qt6_qml_QtQuick_Controls --> node_venv_lib_python3_12_site-packages_PyQt6_Qt6_qml_QtQuick_Controls_FluentWinUI3["FluentWinUI3"]\n    node_venv_lib_python3_12_site-packages_PyQt6_Qt6_qml_QtQuick_Controls_FluentWinUI3 --> node_venv_lib_python3_12_site-packages_PyQt6_Qt6_qml_QtQuick_Controls_FluentWinUI3_light["light"]\n    node_venv_lib_python3_12_site-packages_PyQt6_Qt6_qml_QtQuick_Controls_FluentWinUI3_light --> node_venv_lib_python3_12_site-packages_PyQt6_Qt6_qml_QtQuick_Controls_FluentWinUI3_light_images["images"]\n    node_venv_lib_python3_12_site-packages_PyQt6_Qt6_qml_QtQuick_Controls_FluentWinUI3_light_images --> node_venv_lib_python3_12_site-packages_PyQt6_Qt6_qml_QtQuick_Controls_FluentWinUI3_light_images_spinbox-indicator-up-icon-up-pressed@3x_png["spinbox-indicator-up-icon-up-pressed@3x.png"]\n    Root --> node_venv["venv"]\n    node_venv --> node_venv_lib["lib"]\n    node_venv_lib --> node_venv_lib_python3_12["python3.12"]\n    node_venv_lib_python3_12 --> node_venv_lib_python3_12_site-packages["site-packages"]\n    node_venv_lib_python3_12_site-packages --> node_venv_lib_python3_12_site-packages_PyQt6["PyQt6"]\n    node_venv_lib_python3_12_site-packages_PyQt6 --> node_venv_lib_python3_12_site-packages_PyQt6_Qt6["Qt6"]\n    node_venv_lib_python3_12_site-packages_PyQt6_Qt6 --> node_venv_lib_python3_12_site-packages_PyQt6_Qt6_qml["qml"]\n    node_venv_lib_python3_12_site-packages_PyQt6_Qt6_qml --> node_venv_lib_python3_12_site-packages_PyQt6_Qt6_qml_QtQuick["QtQuick"]\n    node_venv_lib_python3_12_site-packages_PyQt6_Qt6_qml_QtQuick --> node_venv_lib_python3_12_site-packages_PyQt6_Qt6_qml_QtQuick_Controls["Controls"]\n    node_venv_lib_python3_12_site-packages_PyQt6_Qt6_qml_QtQuick_Controls --> node_venv_lib_python3_12_site-packages_PyQt6_Qt6_qml_QtQuick_Controls_FluentWinUI3["FluentWinUI3"]\n    node_venv_lib_python3_12_site-packages_PyQt6_Qt6_qml_QtQuick_Controls_FluentWinUI3 --> node_venv_lib_python3_12_site-packages_PyQt6_Qt6_qml_QtQuick_Controls_FluentWinUI3_light["light"]\n    node_venv_lib_python3_12_site-packages_PyQt6_Qt6_qml_QtQuick_Controls_FluentWinUI3_light --> node_venv_lib_python3_12_site-packages_PyQt6_Qt6_qml_QtQuick_Controls_FluentWinUI3_light_images["images"]\n    node_venv_lib_python3_12_site-packages_PyQt6_Qt6_qml_QtQuick_Controls_FluentWinUI3_light_images --> node_venv_lib_python3_12_site-packages_PyQt6_Qt6_qml_QtQuick_Controls_FluentWinUI3_light_images_spinbox-indicator-up-icon_png["spinbox-indicator-up-icon.png"]\n    Root --> node_venv["venv"]\n    node_venv --> node_venv_lib["lib"]\n    node_venv_lib --> node_venv_lib_python3_12["python3.12"]\n    node_venv_lib_python3_12 --> node_venv_lib_python3_12_site-packages["site-packages"]\n    node_venv_lib_python3_12_site-packages --> node_venv_lib_python3_12_site-packages_PyQt6["PyQt6"]\n    node_venv_lib_python3_12_site-packages_PyQt6 --> node_venv_lib_python3_12_site-packages_PyQt6_Qt6["Qt6"]\n    node_venv_lib_python3_12_site-packages_PyQt6_Qt6 --> node_venv_lib_python3_12_site-packages_PyQt6_Qt6_qml["qml"]\n    node_venv_lib_python3_12_site-packages_PyQt6_Qt6_qml --> node_venv_lib_python3_12_site-packages_PyQt6_Qt6_qml_QtQuick["QtQuick"]\n    node_venv_lib_python3_12_site-packages_PyQt6_Qt6_qml_QtQuick --> node_venv_lib_python3_12_site-packages_PyQt6_Qt6_qml_QtQuick_Controls["Controls"]\n    node_venv_lib_python3_12_site-packages_PyQt6_Qt6_qml_QtQuick_Controls --> node_venv_lib_python3_12_site-packages_PyQt6_Qt6_qml_QtQuick_Controls_FluentWinUI3["FluentWinUI3"]\n    node_venv_lib_python3_12_site-packages_PyQt6_Qt6_qml_QtQuick_Controls_FluentWinUI3 --> node_venv_lib_python3_12_site-packages_PyQt6_Qt6_qml_QtQuick_Controls_FluentWinUI3_light["light"]\n    node_venv_lib_python3_12_site-packages_PyQt6_Qt6_qml_QtQuick_Controls_FluentWinUI3_light --> node_venv_lib_python3_12_site-packages_PyQt6_Qt6_qml_QtQuick_Controls_FluentWinUI3_light_images["images"]\n    node_venv_lib_python3_12_site-packages_PyQt6_Qt6_qml_QtQuick_Controls_FluentWinUI3_light_images --> node_venv_lib_python3_12_site-packages_PyQt6_Qt6_qml_QtQuick_Controls_FluentWinUI3_light_images_spinbox-indicator-up-icon@2x_png["spinbox-indicator-up-icon@2x.png"]\n    Root --> node_venv["venv"]\n    node_venv --> node_venv_lib["lib"]\n    node_venv_lib --> node_venv_lib_python3_12["python3.12"]\n    node_venv_lib_python3_12 --> node_venv_lib_python3_12_site-packages["site-packages"]\n    node_venv_lib_python3_12_site-packages --> node_venv_lib_python3_12_site-packages_PyQt6["PyQt6"]\n    node_venv_lib_python3_12_site-packages_PyQt6 --> node_venv_lib_python3_12_site-packages_PyQt6_Qt6["Qt6"]\n    node_venv_lib_python3_12_site-packages_PyQt6_Qt6 --> node_venv_lib_python3_12_site-packages_PyQt6_Qt6_qml["qml"]\n    node_venv_lib_python3_12_site-packages_PyQt6_Qt6_qml --> node_venv_lib_python3_12_site-packages_PyQt6_Qt6_qml_QtQuick["QtQuick"]\n    node_venv_lib_python3_12_site-packages_PyQt6_Qt6_qml_QtQuick --> node_venv_lib_python3_12_site-packages_PyQt6_Qt6_qml_QtQuick_Controls["Controls"]\n    node_venv_lib_python3_12_site-packages_PyQt6_Qt6_qml_QtQuick_Controls --> node_venv_lib_python3_12_site-packages_PyQt6_Qt6_qml_QtQuick_Controls_FluentWinUI3["FluentWinUI3"]\n    node_venv_lib_python3_12_site-packages_PyQt6_Qt6_qml_QtQuick_Controls_FluentWinUI3 --> node_venv_lib_python3_12_site-packages_PyQt6_Qt6_qml_QtQuick_Controls_FluentWinUI3_light["light"]\n    node_venv_lib_python3_12_site-packages_PyQt6_Qt6_qml_QtQuick_Controls_FluentWinUI3_light --> node_venv_lib_python3_12_site-packages_PyQt6_Qt6_qml_QtQuick_Controls_FluentWinUI3_light_images["images"]\n    node_venv_lib_python3_12_site-packages_PyQt6_Qt6_qml_QtQuick_Controls_FluentWinUI3_light_images --> node_venv_lib_python3_12_site-packages_PyQt6_Qt6_qml_QtQuick_Controls_FluentWinUI3_light_images_spinbox-indicator-up-icon@3x_png["spinbox-indicator-up-icon@3x.png"]\n    Root --> node_venv["venv"]\n    node_venv --> node_venv_lib["lib"]\n    node_venv_lib --> node_venv_lib_python3_12["python3.12"]\n    node_venv_lib_python3_12 --> node_venv_lib_python3_12_site-packages["site-packages"]\n    node_venv_lib_python3_12_site-packages --> node_venv_lib_python3_12_site-packages_PyQt6["PyQt6"]\n    node_venv_lib_python3_12_site-packages_PyQt6 --> node_venv_lib_python3_12_site-packages_PyQt6_Qt6["Qt6"]\n    node_venv_lib_python3_12_site-packages_PyQt6_Qt6 --> node_venv_lib_python3_12_site-packages_PyQt6_Qt6_qml["qml"]\n    node_venv_lib_python3_12_site-packages_PyQt6_Qt6_qml --> node_venv_lib_python3_12_site-packages_PyQt6_Qt6_qml_QtQuick["QtQuick"]\n    node_venv_lib_python3_12_site-packages_PyQt6_Qt6_qml_QtQuick --> node_venv_lib_python3_12_site-packages_PyQt6_Qt6_qml_QtQuick_Controls["Controls"]\n    node_venv_lib_python3_12_site-packages_PyQt6_Qt6_qml_QtQuick_Controls --> node_venv_lib_python3_12_site-packages_PyQt6_Qt6_qml_QtQuick_Controls_FluentWinUI3["FluentWinUI3"]\n    node_venv_lib_python3_12_site-packages_PyQt6_Qt6_qml_QtQuick_Controls_FluentWinUI3 --> node_venv_lib_python3_12_site-packages_PyQt6_Qt6_qml_QtQuick_Controls_FluentWinUI3_light["light"]\n    node_venv_lib_python3_12_site-packages_PyQt6_Qt6_qml_QtQuick_Controls_FluentWinUI3_light --> node_venv_lib_python3_12_site-packages_PyQt6_Qt6_qml_QtQuick_Controls_FluentWinUI3_light_images["images"]\n    node_venv_lib_python3_12_site-packages_PyQt6_Qt6_qml_QtQuick_Controls_FluentWinUI3_light_images --> node_venv_lib_python3_12_site-packages_PyQt6_Qt6_qml_QtQuick_Controls_FluentWinUI3_light_images_textarea-background-disabled_png["textarea-background-disabled.png"]\n    Root --> node_venv["venv"]\n    node_venv --> node_venv_lib["lib"]\n    node_venv_lib --> node_venv_lib_python3_12["python3.12"]\n    node_venv_lib_python3_12 --> node_venv_lib_python3_12_site-packages["site-packages"]\n    node_venv_lib_python3_12_site-packages --> node_venv_lib_python3_12_site-packages_PyQt6["PyQt6"]\n    node_venv_lib_python3_12_site-packages_PyQt6 --> node_venv_lib_python3_12_site-packages_PyQt6_Qt6["Qt6"]\n    node_venv_lib_python3_12_site-packages_PyQt6_Qt6 --> node_venv_lib_python3_12_site-packages_PyQt6_Qt6_qml["qml"]\n    node_venv_lib_python3_12_site-packages_PyQt6_Qt6_qml --> node_venv_lib_python3_12_site-packages_PyQt6_Qt6_qml_QtQuick["QtQuick"]\n    node_venv_lib_python3_12_site-packages_PyQt6_Qt6_qml_QtQuick --> node_venv_lib_python3_12_site-packages_PyQt6_Qt6_qml_QtQuick_Controls["Controls"]\n    node_venv_lib_python3_12_site-packages_PyQt6_Qt6_qml_QtQuick_Controls --> node_venv_lib_python3_12_site-packages_PyQt6_Qt6_qml_QtQuick_Controls_FluentWinUI3["FluentWinUI3"]\n    node_venv_lib_python3_12_site-packages_PyQt6_Qt6_qml_QtQuick_Controls_FluentWinUI3 --> node_venv_lib_python3_12_site-packages_PyQt6_Qt6_qml_QtQuick_Controls_FluentWinUI3_light["light"]\n    node_venv_lib_python3_12_site-packages_PyQt6_Qt6_qml_QtQuick_Controls_FluentWinUI3_light --> node_venv_lib_python3_12_site-packages_PyQt6_Qt6_qml_QtQuick_Controls_FluentWinUI3_light_images["images"]\n    node_venv_lib_python3_12_site-packages_PyQt6_Qt6_qml_QtQuick_Controls_FluentWinUI3_light_images --> node_venv_lib_python3_12_site-packages_PyQt6_Qt6_qml_QtQuick_Controls_FluentWinUI3_light_images_textarea-background-disabled@2x_png["textarea-background-disabled@2x.png"]\n    Root --> node_venv["venv"]\n    node_venv --> node_venv_lib["lib"]\n    node_venv_lib --> node_venv_lib_python3_12["python3.12"]\n    node_venv_lib_python3_12 --> node_venv_lib_python3_12_site-packages["site-packages"]\n    node_venv_lib_python3_12_site-packages --> node_venv_lib_python3_12_site-packages_PyQt6["PyQt6"]\n    node_venv_lib_python3_12_site-packages_PyQt6 --> node_venv_lib_python3_12_site-packages_PyQt6_Qt6["Qt6"]\n    node_venv_lib_python3_12_site-packages_PyQt6_Qt6 --> node_venv_lib_python3_12_site-packages_PyQt6_Qt6_qml["qml"]\n    node_venv_lib_python3_12_site-packages_PyQt6_Qt6_qml --> node_venv_lib_python3_12_site-packages_PyQt6_Qt6_qml_QtQuick["QtQuick"]\n    node_venv_lib_python3_12_site-packages_PyQt6_Qt6_qml_QtQuick --> node_venv_lib_python3_12_site-packages_PyQt6_Qt6_qml_QtQuick_Controls["Controls"]\n    node_venv_lib_python3_12_site-packages_PyQt6_Qt6_qml_QtQuick_Controls --> node_venv_lib_python3_12_site-packages_PyQt6_Qt6_qml_QtQuick_Controls_FluentWinUI3["FluentWinUI3"]\n    node_venv_lib_python3_12_site-packages_PyQt6_Qt6_qml_QtQuick_Controls_FluentWinUI3 --> node_venv_lib_python3_12_site-packages_PyQt6_Qt6_qml_QtQuick_Controls_FluentWinUI3_light["light"]\n    node_venv_lib_python3_12_site-packages_PyQt6_Qt6_qml_QtQuick_Controls_FluentWinUI3_light --> node_venv_lib_python3_12_site-packages_PyQt6_Qt6_qml_QtQuick_Controls_FluentWinUI3_light_images["images"]\n    node_venv_lib_python3_12_site-packages_PyQt6_Qt6_qml_QtQuick_Controls_FluentWinUI3_light_images --> node_venv_lib_python3_12_site-packages_PyQt6_Qt6_qml_QtQuick_Controls_FluentWinUI3_light_images_textarea-background-disabled@3x_png["textarea-background-disabled@3x.png"]\n    Root --> node_venv["venv"]\n    node_venv --> node_venv_lib["lib"]\n    node_venv_lib --> node_venv_lib_python3_12["python3.12"]\n    node_venv_lib_python3_12 --> node_venv_lib_python3_12_site-packages["site-packages"]\n    node_venv_lib_python3_12_site-packages --> node_venv_lib_python3_12_site-packages_PyQt6["PyQt6"]\n    node_venv_lib_python3_12_site-packages_PyQt6 --> node_venv_lib_python3_12_site-packages_PyQt6_Qt6["Qt6"]\n    node_venv_lib_python3_12_site-packages_PyQt6_Qt6 --> node_venv_lib_python3_12_site-packages_PyQt6_Qt6_qml["qml"]\n    node_venv_lib_python3_12_site-packages_PyQt6_Qt6_qml --> node_venv_lib_python3_12_site-packages_PyQt6_Qt6_qml_QtQuick["QtQuick"]\n    node_venv_lib_python3_12_site-packages_PyQt6_Qt6_qml_QtQuick --> node_venv_lib_python3_12_site-packages_PyQt6_Qt6_qml_QtQuick_Controls["Controls"]\n    node_venv_lib_python3_12_site-packages_PyQt6_Qt6_qml_QtQuick_Controls --> node_venv_lib_python3_12_site-packages_PyQt6_Qt6_qml_QtQuick_Controls_FluentWinUI3["FluentWinUI3"]\n    node_venv_lib_python3_12_site-packages_PyQt6_Qt6_qml_QtQuick_Controls_FluentWinUI3 --> node_venv_lib_python3_12_site-packages_PyQt6_Qt6_qml_QtQuick_Controls_FluentWinUI3_light["light"]\n    node_venv_lib_python3_12_site-packages_PyQt6_Qt6_qml_QtQuick_Controls_FluentWinUI3_light --> node_venv_lib_python3_12_site-packages_PyQt6_Qt6_qml_QtQuick_Controls_FluentWinUI3_light_images["images"]\n    node_venv_lib_python3_12_site-packages_PyQt6_Qt6_qml_QtQuick_Controls_FluentWinUI3_light_images --> node_venv_lib_python3_12_site-packages_PyQt6_Qt6_qml_QtQuick_Controls_FluentWinUI3_light_images_textarea-background-focused_png["textarea-background-focused.png"]\n    Root --> node_venv["venv"]\n    node_venv --> node_venv_lib["lib"]\n    node_venv_lib --> node_venv_lib_python3_12["python3.12"]\n    node_venv_lib_python3_12 --> node_venv_lib_python3_12_site-packages["site-packages"]\n    node_venv_lib_python3_12_site-packages --> node_venv_lib_python3_12_site-packages_PyQt6["PyQt6"]\n    node_venv_lib_python3_12_site-packages_PyQt6 --> node_venv_lib_python3_12_site-packages_PyQt6_Qt6["Qt6"]\n    node_venv_lib_python3_12_site-packages_PyQt6_Qt6 --> node_venv_lib_python3_12_site-packages_PyQt6_Qt6_qml["qml"]\n    node_venv_lib_python3_12_site-packages_PyQt6_Qt6_qml --> node_venv_lib_python3_12_site-packages_PyQt6_Qt6_qml_QtQuick["QtQuick"]\n    node_venv_lib_python3_12_site-packages_PyQt6_Qt6_qml_QtQuick --> node_venv_lib_python3_12_site-packages_PyQt6_Qt6_qml_QtQuick_Controls["Controls"]\n    node_venv_lib_python3_12_site-packages_PyQt6_Qt6_qml_QtQuick_Controls --> node_venv_lib_python3_12_site-packages_PyQt6_Qt6_qml_QtQuick_Controls_FluentWinUI3["FluentWinUI3"]\n    node_venv_lib_python3_12_site-packages_PyQt6_Qt6_qml_QtQuick_Controls_FluentWinUI3 --> node_venv_lib_python3_12_site-packages_PyQt6_Qt6_qml_QtQuick_Controls_FluentWinUI3_light["light"]\n    node_venv_lib_python3_12_site-packages_PyQt6_Qt6_qml_QtQuick_Controls_FluentWinUI3_light --> node_venv_lib_python3_12_site-packages_PyQt6_Qt6_qml_QtQuick_Controls_FluentWinUI3_light_images["images"]\n    node_venv_lib_python3_12_site-packages_PyQt6_Qt6_qml_QtQuick_Controls_FluentWinUI3_light_images --> node_venv_lib_python3_12_site-packages_PyQt6_Qt6_qml_QtQuick_Controls_FluentWinUI3_light_images_textarea-background-focused@2x_png["textarea-background-focused@2x.png"]\n    Root --> node_venv["venv"]\n    node_venv --> node_venv_lib["lib"]\n    node_venv_lib --> node_venv_lib_python3_12["python3.12"]\n    node_venv_lib_python3_12 --> node_venv_lib_python3_12_site-packages["site-packages"]\n    node_venv_lib_python3_12_site-packages --> node_venv_lib_python3_12_site-packages_PyQt6["PyQt6"]\n    node_venv_lib_python3_12_site-packages_PyQt6 --> node_venv_lib_python3_12_site-packages_PyQt6_Qt6["Qt6"]\n    node_venv_lib_python3_12_site-packages_PyQt6_Qt6 --> node_venv_lib_python3_12_site-packages_PyQt6_Qt6_qml["qml"]\n    node_venv_lib_python3_12_site-packages_PyQt6_Qt6_qml --> node_venv_lib_python3_12_site-packages_PyQt6_Qt6_qml_QtQuick["QtQuick"]\n    node_venv_lib_python3_12_site-packages_PyQt6_Qt6_qml_QtQuick --> node_venv_lib_python3_12_site-packages_PyQt6_Qt6_qml_QtQuick_Controls["Controls"]\n    node_venv_lib_python3_12_site-packages_PyQt6_Qt6_qml_QtQuick_Controls --> node_venv_lib_python3_12_site-packages_PyQt6_Qt6_qml_QtQuick_Controls_FluentWinUI3["FluentWinUI3"]\n    node_venv_lib_python3_12_site-packages_PyQt6_Qt6_qml_QtQuick_Controls_FluentWinUI3 --> node_venv_lib_python3_12_site-packages_PyQt6_Qt6_qml_QtQuick_Controls_FluentWinUI3_light["light"]\n    node_venv_lib_python3_12_site-packages_PyQt6_Qt6_qml_QtQuick_Controls_FluentWinUI3_light --> node_venv_lib_python3_12_site-packages_PyQt6_Qt6_qml_QtQuick_Controls_FluentWinUI3_light_images["images"]\n    node_venv_lib_python3_12_site-packages_PyQt6_Qt6_qml_QtQuick_Controls_FluentWinUI3_light_images --> node_venv_lib_python3_12_site-packages_PyQt6_Qt6_qml_QtQuick_Controls_FluentWinUI3_light_images_textarea-background-focused@3x_png["textarea-background-focused@3x.png"]\n    Root --> node_venv["venv"]\n    node_venv --> node_venv_lib["lib"]\n    node_venv_lib --> node_venv_lib_python3_12["python3.12"]\n    node_venv_lib_python3_12 --> node_venv_lib_python3_12_site-packages["site-packages"]\n    node_venv_lib_python3_12_site-packages --> node_venv_lib_python3_12_site-packages_PyQt6["PyQt6"]\n    node_venv_lib_python3_12_site-packages_PyQt6 --> node_venv_lib_python3_12_site-packages_PyQt6_Qt6["Qt6"]\n    node_venv_lib_python3_12_site-packages_PyQt6_Qt6 --> node_venv_lib_python3_12_site-packages_PyQt6_Qt6_qml["qml"]\n    node_venv_lib_python3_12_site-packages_PyQt6_Qt6_qml --> node_venv_lib_python3_12_site-packages_PyQt6_Qt6_qml_QtQuick["QtQuick"]\n    node_venv_lib_python3_12_site-packages_PyQt6_Qt6_qml_QtQuick --> node_venv_lib_python3_12_site-packages_PyQt6_Qt6_qml_QtQuick_Controls["Controls"]\n    node_venv_lib_python3_12_site-packages_PyQt6_Qt6_qml_QtQuick_Controls --> node_venv_lib_python3_12_site-packages_PyQt6_Qt6_qml_QtQuick_Controls_FluentWinUI3["FluentWinUI3"]\n    node_venv_lib_python3_12_site-packages_PyQt6_Qt6_qml_QtQuick_Controls_FluentWinUI3 --> node_venv_lib_python3_12_site-packages_PyQt6_Qt6_qml_QtQuick_Controls_FluentWinUI3_light["light"]\n    node_venv_lib_python3_12_site-packages_PyQt6_Qt6_qml_QtQuick_Controls_FluentWinUI3_light --> node_venv_lib_python3_12_site-packages_PyQt6_Qt6_qml_QtQuick_Controls_FluentWinUI3_light_images["images"]\n    node_venv_lib_python3_12_site-packages_PyQt6_Qt6_qml_QtQuick_Controls_FluentWinUI3_light_images --> node_venv_lib_python3_12_site-packages_PyQt6_Qt6_qml_QtQuick_Controls_FluentWinUI3_light_images_textarea-background-hovered_png["textarea-background-hovered.png"]\n    Root --> node_venv["venv"]\n    node_venv --> node_venv_lib["lib"]\n    node_venv_lib --> node_venv_lib_python3_12["python3.12"]\n    node_venv_lib_python3_12 --> node_venv_lib_python3_12_site-packages["site-packages"]\n    node_venv_lib_python3_12_site-packages --> node_venv_lib_python3_12_site-packages_PyQt6["PyQt6"]\n    node_venv_lib_python3_12_site-packages_PyQt6 --> node_venv_lib_python3_12_site-packages_PyQt6_Qt6["Qt6"]\n    node_venv_lib_python3_12_site-packages_PyQt6_Qt6 --> node_venv_lib_python3_12_site-packages_PyQt6_Qt6_qml["qml"]\n    node_venv_lib_python3_12_site-packages_PyQt6_Qt6_qml --> node_venv_lib_python3_12_site-packages_PyQt6_Qt6_qml_QtQuick["QtQuick"]\n    node_venv_lib_python3_12_site-packages_PyQt6_Qt6_qml_QtQuick --> node_venv_lib_python3_12_site-packages_PyQt6_Qt6_qml_QtQuick_Controls["Controls"]\n    node_venv_lib_python3_12_site-packages_PyQt6_Qt6_qml_QtQuick_Controls --> node_venv_lib_python3_12_site-packages_PyQt6_Qt6_qml_QtQuick_Controls_FluentWinUI3["FluentWinUI3"]\n    node_venv_lib_python3_12_site-packages_PyQt6_Qt6_qml_QtQuick_Controls_FluentWinUI3 --> node_venv_lib_python3_12_site-packages_PyQt6_Qt6_qml_QtQuick_Controls_FluentWinUI3_light["light"]\n    node_venv_lib_python3_12_site-packages_PyQt6_Qt6_qml_QtQuick_Controls_FluentWinUI3_light --> node_venv_lib_python3_12_site-packages_PyQt6_Qt6_qml_QtQuick_Controls_FluentWinUI3_light_images["images"]\n    node_venv_lib_python3_12_site-packages_PyQt6_Qt6_qml_QtQuick_Controls_FluentWinUI3_light_images --> node_venv_lib_python3_12_site-packages_PyQt6_Qt6_qml_QtQuick_Controls_FluentWinUI3_light_images_textarea-background-hovered@2x_png["textarea-background-hovered@2x.png"]\n    Root --> node_venv["venv"]\n    node_venv --> node_venv_lib["lib"]\n    node_venv_lib --> node_venv_lib_python3_12["python3.12"]\n    node_venv_lib_python3_12 --> node_venv_lib_python3_12_site-packages["site-packages"]\n    node_venv_lib_python3_12_site-packages --> node_venv_lib_python3_12_site-packages_PyQt6["PyQt6"]\n    node_venv_lib_python3_12_site-packages_PyQt6 --> node_venv_lib_python3_12_site-packages_PyQt6_Qt6["Qt6"]\n    node_venv_lib_python3_12_site-packages_PyQt6_Qt6 --> node_venv_lib_python3_12_site-packages_PyQt6_Qt6_qml["qml"]\n    node_venv_lib_python3_12_site-packages_PyQt6_Qt6_qml --> node_venv_lib_python3_12_site-packages_PyQt6_Qt6_qml_QtQuick["QtQuick"]\n    node_venv_lib_python3_12_site-packages_PyQt6_Qt6_qml_QtQuick --> node_venv_lib_python3_12_site-packages_PyQt6_Qt6_qml_QtQuick_Controls["Controls"]\n    node_venv_lib_python3_12_site-packages_PyQt6_Qt6_qml_QtQuick_Controls --> node_venv_lib_python3_12_site-packages_PyQt6_Qt6_qml_QtQuick_Controls_FluentWinUI3["FluentWinUI3"]\n    node_venv_lib_python3_12_site-packages_PyQt6_Qt6_qml_QtQuick_Controls_FluentWinUI3 --> node_venv_lib_python3_12_site-packages_PyQt6_Qt6_qml_QtQuick_Controls_FluentWinUI3_light["light"]\n    node_venv_lib_python3_12_site-packages_PyQt6_Qt6_qml_QtQuick_Controls_FluentWinUI3_light --> node_venv_lib_python3_12_site-packages_PyQt6_Qt6_qml_QtQuick_Controls_FluentWinUI3_light_images["images"]\n    node_venv_lib_python3_12_site-packages_PyQt6_Qt6_qml_QtQuick_Controls_FluentWinUI3_light_images --> node_venv_lib_python3_12_site-packages_PyQt6_Qt6_qml_QtQuick_Controls_FluentWinUI3_light_images_textarea-background-hovered@3x_png["textarea-background-hovered@3x.png"]\n    Root --> node_venv["venv"]\n    node_venv --> node_venv_lib["lib"]\n    node_venv_lib --> node_venv_lib_python3_12["python3.12"]\n    node_venv_lib_python3_12 --> node_venv_lib_python3_12_site-packages["site-packages"]\n    node_venv_lib_python3_12_site-packages --> node_venv_lib_python3_12_site-packages_PyQt6["PyQt6"]\n    node_venv_lib_python3_12_site-packages_PyQt6 --> node_venv_lib_python3_12_site-packages_PyQt6_Qt6["Qt6"]\n    node_venv_lib_python3_12_site-packages_PyQt6_Qt6 --> node_venv_lib_python3_12_site-packages_PyQt6_Qt6_qml["qml"]\n    node_venv_lib_python3_12_site-packages_PyQt6_Qt6_qml --> node_venv_lib_python3_12_site-packages_PyQt6_Qt6_qml_QtQuick["QtQuick"]\n    node_venv_lib_python3_12_site-packages_PyQt6_Qt6_qml_QtQuick --> node_venv_lib_python3_12_site-packages_PyQt6_Qt6_qml_QtQuick_Controls["Controls"]\n    node_venv_lib_python3_12_site-packages_PyQt6_Qt6_qml_QtQuick_Controls --> node_venv_lib_python3_12_site-packages_PyQt6_Qt6_qml_QtQuick_Controls_FluentWinUI3["FluentWinUI3"]\n    node_venv_lib_python3_12_site-packages_PyQt6_Qt6_qml_QtQuick_Controls_FluentWinUI3 --> node_venv_lib_python3_12_site-packages_PyQt6_Qt6_qml_QtQuick_Controls_FluentWinUI3_light["light"]\n    node_venv_lib_python3_12_site-packages_PyQt6_Qt6_qml_QtQuick_Controls_FluentWinUI3_light --> node_venv_lib_python3_12_site-packages_PyQt6_Qt6_qml_QtQuick_Controls_FluentWinUI3_light_images["images"]\n    node_venv_lib_python3_12_site-packages_PyQt6_Qt6_qml_QtQuick_Controls_FluentWinUI3_light_images --> node_venv_lib_python3_12_site-packages_PyQt6_Qt6_qml_QtQuick_Controls_FluentWinUI3_light_images_textarea-background_png["textarea-background.png"]\n    Root --> node_venv["venv"]\n    node_venv --> node_venv_lib["lib"]\n    node_venv_lib --> node_venv_lib_python3_12["python3.12"]\n    node_venv_lib_python3_12 --> node_venv_lib_python3_12_site-packages["site-packages"]\n    node_venv_lib_python3_12_site-packages --> node_venv_lib_python3_12_site-packages_PyQt6["PyQt6"]\n    node_venv_lib_python3_12_site-packages_PyQt6 --> node_venv_lib_python3_12_site-packages_PyQt6_Qt6["Qt6"]\n    node_venv_lib_python3_12_site-packages_PyQt6_Qt6 --> node_venv_lib_python3_12_site-packages_PyQt6_Qt6_qml["qml"]\n    node_venv_lib_python3_12_site-packages_PyQt6_Qt6_qml --> node_venv_lib_python3_12_site-packages_PyQt6_Qt6_qml_QtQuick["QtQuick"]\n    node_venv_lib_python3_12_site-packages_PyQt6_Qt6_qml_QtQuick --> node_venv_lib_python3_12_site-packages_PyQt6_Qt6_qml_QtQuick_Controls["Controls"]\n    node_venv_lib_python3_12_site-packages_PyQt6_Qt6_qml_QtQuick_Controls --> node_venv_lib_python3_12_site-packages_PyQt6_Qt6_qml_QtQuick_Controls_FluentWinUI3["FluentWinUI3"]\n    node_venv_lib_python3_12_site-packages_PyQt6_Qt6_qml_QtQuick_Controls_FluentWinUI3 --> node_venv_lib_python3_12_site-packages_PyQt6_Qt6_qml_QtQuick_Controls_FluentWinUI3_light["light"]\n    node_venv_lib_python3_12_site-packages_PyQt6_Qt6_qml_QtQuick_Controls_FluentWinUI3_light --> node_venv_lib_python3_12_site-packages_PyQt6_Qt6_qml_QtQuick_Controls_FluentWinUI3_light_images["images"]\n    node_venv_lib_python3_12_site-packages_PyQt6_Qt6_qml_QtQuick_Controls_FluentWinUI3_light_images --> node_venv_lib_python3_12_site-packages_PyQt6_Qt6_qml_QtQuick_Controls_FluentWinUI3_light_images_textarea-background@2x_png["textarea-background@2x.png"]\n    Root --> node_venv["venv"]\n    node_venv --> node_venv_lib["lib"]\n    node_venv_lib --> node_venv_lib_python3_12["python3.12"]\n    node_venv_lib_python3_12 --> node_venv_lib_python3_12_site-packages["site-packages"]\n    node_venv_lib_python3_12_site-packages --> node_venv_lib_python3_12_site-packages_PyQt6["PyQt6"]\n    node_venv_lib_python3_12_site-packages_PyQt6 --> node_venv_lib_python3_12_site-packages_PyQt6_Qt6["Qt6"]\n    node_venv_lib_python3_12_site-packages_PyQt6_Qt6 --> node_venv_lib_python3_12_site-packages_PyQt6_Qt6_qml["qml"]\n    node_venv_lib_python3_12_site-packages_PyQt6_Qt6_qml --> node_venv_lib_python3_12_site-packages_PyQt6_Qt6_qml_QtQuick["QtQuick"]\n    node_venv_lib_python3_12_site-packages_PyQt6_Qt6_qml_QtQuick --> node_venv_lib_python3_12_site-packages_PyQt6_Qt6_qml_QtQuick_Controls["Controls"]\n    node_venv_lib_python3_12_site-packages_PyQt6_Qt6_qml_QtQuick_Controls --> node_venv_lib_python3_12_site-packages_PyQt6_Qt6_qml_QtQuick_Controls_FluentWinUI3["FluentWinUI3"]\n    node_venv_lib_python3_12_site-packages_PyQt6_Qt6_qml_QtQuick_Controls_FluentWinUI3 --> node_venv_lib_python3_12_site-packages_PyQt6_Qt6_qml_QtQuick_Controls_FluentWinUI3_light["light"]\n    node_venv_lib_python3_12_site-packages_PyQt6_Qt6_qml_QtQuick_Controls_FluentWinUI3_light --> node_venv_lib_python3_12_site-packages_PyQt6_Qt6_qml_QtQuick_Controls_FluentWinUI3_light_images["images"]\n    node_venv_lib_python3_12_site-packages_PyQt6_Qt6_qml_QtQuick_Controls_FluentWinUI3_light_images --> node_venv_lib_python3_12_site-packages_PyQt6_Qt6_qml_QtQuick_Controls_FluentWinUI3_light_images_textarea-background@3x_png["textarea-background@3x.png"]\n    Root --> node_venv["venv"]\n    node_venv --> node_venv_lib["lib"]\n    node_venv_lib --> node_venv_lib_python3_12["python3.12"]\n    node_venv_lib_python3_12 --> node_venv_lib_python3_12_site-packages["site-packages"]\n    node_venv_lib_python3_12_site-packages --> node_venv_lib_python3_12_site-packages_PyQt6["PyQt6"]\n    node_venv_lib_python3_12_site-packages_PyQt6 --> node_venv_lib_python3_12_site-packages_PyQt6_Qt6["Qt6"]\n    node_venv_lib_python3_12_site-packages_PyQt6_Qt6 --> node_venv_lib_python3_12_site-packages_PyQt6_Qt6_qml["qml"]\n    node_venv_lib_python3_12_site-packages_PyQt6_Qt6_qml --> node_venv_lib_python3_12_site-packages_PyQt6_Qt6_qml_QtQuick["QtQuick"]\n    node_venv_lib_python3_12_site-packages_PyQt6_Qt6_qml_QtQuick --> node_venv_lib_python3_12_site-packages_PyQt6_Qt6_qml_QtQuick_Controls["Controls"]\n    node_venv_lib_python3_12_site-packages_PyQt6_Qt6_qml_QtQuick_Controls --> node_venv_lib_python3_12_site-packages_PyQt6_Qt6_qml_QtQuick_Controls_FluentWinUI3["FluentWinUI3"]\n    node_venv_lib_python3_12_site-packages_PyQt6_Qt6_qml_QtQuick_Controls_FluentWinUI3 --> node_venv_lib_python3_12_site-packages_PyQt6_Qt6_qml_QtQuick_Controls_FluentWinUI3_light["light"]\n    node_venv_lib_python3_12_site-packages_PyQt6_Qt6_qml_QtQuick_Controls_FluentWinUI3_light --> node_venv_lib_python3_12_site-packages_PyQt6_Qt6_qml_QtQuick_Controls_FluentWinUI3_light_images["images"]\n    node_venv_lib_python3_12_site-packages_PyQt6_Qt6_qml_QtQuick_Controls_FluentWinUI3_light_images --> node_venv_lib_python3_12_site-packages_PyQt6_Qt6_qml_QtQuick_Controls_FluentWinUI3_light_images_textfield-background-disabled_png["textfield-background-disabled.png"]\n    Root --> node_venv["venv"]\n    node_venv --> node_venv_lib["lib"]\n    node_venv_lib --> node_venv_lib_python3_12["python3.12"]\n    node_venv_lib_python3_12 --> node_venv_lib_python3_12_site-packages["site-packages"]\n    node_venv_lib_python3_12_site-packages --> node_venv_lib_python3_12_site-packages_PyQt6["PyQt6"]\n    node_venv_lib_python3_12_site-packages_PyQt6 --> node_venv_lib_python3_12_site-packages_PyQt6_Qt6["Qt6"]\n    node_venv_lib_python3_12_site-packages_PyQt6_Qt6 --> node_venv_lib_python3_12_site-packages_PyQt6_Qt6_qml["qml"]\n    node_venv_lib_python3_12_site-packages_PyQt6_Qt6_qml --> node_venv_lib_python3_12_site-packages_PyQt6_Qt6_qml_QtQuick["QtQuick"]\n    node_venv_lib_python3_12_site-packages_PyQt6_Qt6_qml_QtQuick --> node_venv_lib_python3_12_site-packages_PyQt6_Qt6_qml_QtQuick_Controls["Controls"]\n    node_venv_lib_python3_12_site-packages_PyQt6_Qt6_qml_QtQuick_Controls --> node_venv_lib_python3_12_site-packages_PyQt6_Qt6_qml_QtQuick_Controls_FluentWinUI3["FluentWinUI3"]\n    node_venv_lib_python3_12_site-packages_PyQt6_Qt6_qml_QtQuick_Controls_FluentWinUI3 --> node_venv_lib_python3_12_site-packages_PyQt6_Qt6_qml_QtQuick_Controls_FluentWinUI3_light["light"]\n    node_venv_lib_python3_12_site-packages_PyQt6_Qt6_qml_QtQuick_Controls_FluentWinUI3_light --> node_venv_lib_python3_12_site-packages_PyQt6_Qt6_qml_QtQuick_Controls_FluentWinUI3_light_images["images"]\n    node_venv_lib_python3_12_site-packages_PyQt6_Qt6_qml_QtQuick_Controls_FluentWinUI3_light_images --> node_venv_lib_python3_12_site-packages_PyQt6_Qt6_qml_QtQuick_Controls_FluentWinUI3_light_images_textfield-background-disabled@2x_png["textfield-background-disabled@2x.png"]\n    Root --> node_venv["venv"]\n    node_venv --> node_venv_lib["lib"]\n    node_venv_lib --> node_venv_lib_python3_12["python3.12"]\n    node_venv_lib_python3_12 --> node_venv_lib_python3_12_site-packages["site-packages"]\n    node_venv_lib_python3_12_site-packages --> node_venv_lib_python3_12_site-packages_PyQt6["PyQt6"]\n    node_venv_lib_python3_12_site-packages_PyQt6 --> node_venv_lib_python3_12_site-packages_PyQt6_Qt6["Qt6"]\n    node_venv_lib_python3_12_site-packages_PyQt6_Qt6 --> node_venv_lib_python3_12_site-packages_PyQt6_Qt6_qml["qml"]\n    node_venv_lib_python3_12_site-packages_PyQt6_Qt6_qml --> node_venv_lib_python3_12_site-packages_PyQt6_Qt6_qml_QtQuick["QtQuick"]\n    node_venv_lib_python3_12_site-packages_PyQt6_Qt6_qml_QtQuick --> node_venv_lib_python3_12_site-packages_PyQt6_Qt6_qml_QtQuick_Controls["Controls"]\n    node_venv_lib_python3_12_site-packages_PyQt6_Qt6_qml_QtQuick_Controls --> node_venv_lib_python3_12_site-packages_PyQt6_Qt6_qml_QtQuick_Controls_FluentWinUI3["FluentWinUI3"]\n    node_venv_lib_python3_12_site-packages_PyQt6_Qt6_qml_QtQuick_Controls_FluentWinUI3 --> node_venv_lib_python3_12_site-packages_PyQt6_Qt6_qml_QtQuick_Controls_FluentWinUI3_light["light"]\n    node_venv_lib_python3_12_site-packages_PyQt6_Qt6_qml_QtQuick_Controls_FluentWinUI3_light --> node_venv_lib_python3_12_site-packages_PyQt6_Qt6_qml_QtQuick_Controls_FluentWinUI3_light_images["images"]\n    node_venv_lib_python3_12_site-packages_PyQt6_Qt6_qml_QtQuick_Controls_FluentWinUI3_light_images --> node_venv_lib_python3_12_site-packages_PyQt6_Qt6_qml_QtQuick_Controls_FluentWinUI3_light_images_textfield-background-disabled@3x_png["textfield-background-disabled@3x.png"]\n    Root --> node_venv["venv"]\n    node_venv --> node_venv_lib["lib"]\n    node_venv_lib --> node_venv_lib_python3_12["python3.12"]\n    node_venv_lib_python3_12 --> node_venv_lib_python3_12_site-packages["site-packages"]\n    node_venv_lib_python3_12_site-packages --> node_venv_lib_python3_12_site-packages_PyQt6["PyQt6"]\n    node_venv_lib_python3_12_site-packages_PyQt6 --> node_venv_lib_python3_12_site-packages_PyQt6_Qt6["Qt6"]\n    node_venv_lib_python3_12_site-packages_PyQt6_Qt6 --> node_venv_lib_python3_12_site-packages_PyQt6_Qt6_qml["qml"]\n    node_venv_lib_python3_12_site-packages_PyQt6_Qt6_qml --> node_venv_lib_python3_12_site-packages_PyQt6_Qt6_qml_QtQuick["QtQuick"]\n    node_venv_lib_python3_12_site-packages_PyQt6_Qt6_qml_QtQuick --> node_venv_lib_python3_12_site-packages_PyQt6_Qt6_qml_QtQuick_Controls["Controls"]\n    node_venv_lib_python3_12_site-packages_PyQt6_Qt6_qml_QtQuick_Controls --> node_venv_lib_python3_12_site-packages_PyQt6_Qt6_qml_QtQuick_Controls_FluentWinUI3["FluentWinUI3"]\n    node_venv_lib_python3_12_site-packages_PyQt6_Qt6_qml_QtQuick_Controls_FluentWinUI3 --> node_venv_lib_python3_12_site-packages_PyQt6_Qt6_qml_QtQuick_Controls_FluentWinUI3_light["light"]\n    node_venv_lib_python3_12_site-packages_PyQt6_Qt6_qml_QtQuick_Controls_FluentWinUI3_light --> node_venv_lib_python3_12_site-packages_PyQt6_Qt6_qml_QtQuick_Controls_FluentWinUI3_light_images["images"]\n    node_venv_lib_python3_12_site-packages_PyQt6_Qt6_qml_QtQuick_Controls_FluentWinUI3_light_images --> node_venv_lib_python3_12_site-packages_PyQt6_Qt6_qml_QtQuick_Controls_FluentWinUI3_light_images_textfield-background-focused_png["textfield-background-focused.png"]\n    Root --> node_venv["venv"]\n    node_venv --> node_venv_lib["lib"]\n    node_venv_lib --> node_venv_lib_python3_12["python3.12"]\n    node_venv_lib_python3_12 --> node_venv_lib_python3_12_site-packages["site-packages"]\n    node_venv_lib_python3_12_site-packages --> node_venv_lib_python3_12_site-packages_PyQt6["PyQt6"]\n    node_venv_lib_python3_12_site-packages_PyQt6 --> node_venv_lib_python3_12_site-packages_PyQt6_Qt6["Qt6"]\n    node_venv_lib_python3_12_site-packages_PyQt6_Qt6 --> node_venv_lib_python3_12_site-packages_PyQt6_Qt6_qml["qml"]\n    node_venv_lib_python3_12_site-packages_PyQt6_Qt6_qml --> node_venv_lib_python3_12_site-packages_PyQt6_Qt6_qml_QtQuick["QtQuick"]\n    node_venv_lib_python3_12_site-packages_PyQt6_Qt6_qml_QtQuick --> node_venv_lib_python3_12_site-packages_PyQt6_Qt6_qml_QtQuick_Controls["Controls"]\n    node_venv_lib_python3_12_site-packages_PyQt6_Qt6_qml_QtQuick_Controls --> node_venv_lib_python3_12_site-packages_PyQt6_Qt6_qml_QtQuick_Controls_FluentWinUI3["FluentWinUI3"]\n    node_venv_lib_python3_12_site-packages_PyQt6_Qt6_qml_QtQuick_Controls_FluentWinUI3 --> node_venv_lib_python3_12_site-packages_PyQt6_Qt6_qml_QtQuick_Controls_FluentWinUI3_light["light"]\n    node_venv_lib_python3_12_site-packages_PyQt6_Qt6_qml_QtQuick_Controls_FluentWinUI3_light --> node_venv_lib_python3_12_site-packages_PyQt6_Qt6_qml_QtQuick_Controls_FluentWinUI3_light_images["images"]\n    node_venv_lib_python3_12_site-packages_PyQt6_Qt6_qml_QtQuick_Controls_FluentWinUI3_light_images --> node_venv_lib_python3_12_site-packages_PyQt6_Qt6_qml_QtQuick_Controls_FluentWinUI3_light_images_textfield-background-focused@2x_png["textfield-background-focused@2x.png"]\n    Root --> node_venv["venv"]\n    node_venv --> node_venv_lib["lib"]\n    node_venv_lib --> node_venv_lib_python3_12["python3.12"]\n    node_venv_lib_python3_12 --> node_venv_lib_python3_12_site-packages["site-packages"]\n    node_venv_lib_python3_12_site-packages --> node_venv_lib_python3_12_site-packages_PyQt6["PyQt6"]\n    node_venv_lib_python3_12_site-packages_PyQt6 --> node_venv_lib_python3_12_site-packages_PyQt6_Qt6["Qt6"]\n    node_venv_lib_python3_12_site-packages_PyQt6_Qt6 --> node_venv_lib_python3_12_site-packages_PyQt6_Qt6_qml["qml"]\n    node_venv_lib_python3_12_site-packages_PyQt6_Qt6_qml --> node_venv_lib_python3_12_site-packages_PyQt6_Qt6_qml_QtQuick["QtQuick"]\n    node_venv_lib_python3_12_site-packages_PyQt6_Qt6_qml_QtQuick --> node_venv_lib_python3_12_site-packages_PyQt6_Qt6_qml_QtQuick_Controls["Controls"]\n    node_venv_lib_python3_12_site-packages_PyQt6_Qt6_qml_QtQuick_Controls --> node_venv_lib_python3_12_site-packages_PyQt6_Qt6_qml_QtQuick_Controls_FluentWinUI3["FluentWinUI3"]\n    node_venv_lib_python3_12_site-packages_PyQt6_Qt6_qml_QtQuick_Controls_FluentWinUI3 --> node_venv_lib_python3_12_site-packages_PyQt6_Qt6_qml_QtQuick_Controls_FluentWinUI3_light["light"]\n    node_venv_lib_python3_12_site-packages_PyQt6_Qt6_qml_QtQuick_Controls_FluentWinUI3_light --> node_venv_lib_python3_12_site-packages_PyQt6_Qt6_qml_QtQuick_Controls_FluentWinUI3_light_images["images"]\n    node_venv_lib_python3_12_site-packages_PyQt6_Qt6_qml_QtQuick_Controls_FluentWinUI3_light_images --> node_venv_lib_python3_12_site-packages_PyQt6_Qt6_qml_QtQuick_Controls_FluentWinUI3_light_images_textfield-background-focused@3x_png["textfield-background-focused@3x.png"]\n    Root --> node_venv["venv"]\n    node_venv --> node_venv_lib["lib"]\n    node_venv_lib --> node_venv_lib_python3_12["python3.12"]\n    node_venv_lib_python3_12 --> node_venv_lib_python3_12_site-packages["site-packages"]\n    node_venv_lib_python3_12_site-packages --> node_venv_lib_python3_12_site-packages_PyQt6["PyQt6"]\n    node_venv_lib_python3_12_site-packages_PyQt6 --> node_venv_lib_python3_12_site-packages_PyQt6_Qt6["Qt6"]\n    node_venv_lib_python3_12_site-packages_PyQt6_Qt6 --> node_venv_lib_python3_12_site-packages_PyQt6_Qt6_qml["qml"]\n    node_venv_lib_python3_12_site-packages_PyQt6_Qt6_qml --> node_venv_lib_python3_12_site-packages_PyQt6_Qt6_qml_QtQuick["QtQuick"]\n    node_venv_lib_python3_12_site-packages_PyQt6_Qt6_qml_QtQuick --> node_venv_lib_python3_12_site-packages_PyQt6_Qt6_qml_QtQuick_Controls["Controls"]\n    node_venv_lib_python3_12_site-packages_PyQt6_Qt6_qml_QtQuick_Controls --> node_venv_lib_python3_12_site-packages_PyQt6_Qt6_qml_QtQuick_Controls_FluentWinUI3["FluentWinUI3"]\n    node_venv_lib_python3_12_site-packages_PyQt6_Qt6_qml_QtQuick_Controls_FluentWinUI3 --> node_venv_lib_python3_12_site-packages_PyQt6_Qt6_qml_QtQuick_Controls_FluentWinUI3_light["light"]\n    node_venv_lib_python3_12_site-packages_PyQt6_Qt6_qml_QtQuick_Controls_FluentWinUI3_light --> node_venv_lib_python3_12_site-packages_PyQt6_Qt6_qml_QtQuick_Controls_FluentWinUI3_light_images["images"]\n    node_venv_lib_python3_12_site-packages_PyQt6_Qt6_qml_QtQuick_Controls_FluentWinUI3_light_images --> node_venv_lib_python3_12_site-packages_PyQt6_Qt6_qml_QtQuick_Controls_FluentWinUI3_light_images_textfield-background-hovered_png["textfield-background-hovered.png"]\n    Root --> node_venv["venv"]\n    node_venv --> node_venv_lib["lib"]\n    node_venv_lib --> node_venv_lib_python3_12["python3.12"]\n    node_venv_lib_python3_12 --> node_venv_lib_python3_12_site-packages["site-packages"]\n    node_venv_lib_python3_12_site-packages --> node_venv_lib_python3_12_site-packages_PyQt6["PyQt6"]\n    node_venv_lib_python3_12_site-packages_PyQt6 --> node_venv_lib_python3_12_site-packages_PyQt6_Qt6["Qt6"]\n    node_venv_lib_python3_12_site-packages_PyQt6_Qt6 --> node_venv_lib_python3_12_site-packages_PyQt6_Qt6_qml["qml"]\n    node_venv_lib_python3_12_site-packages_PyQt6_Qt6_qml --> node_venv_lib_python3_12_site-packages_PyQt6_Qt6_qml_QtQuick["QtQuick"]\n    node_venv_lib_python3_12_site-packages_PyQt6_Qt6_qml_QtQuick --> node_venv_lib_python3_12_site-packages_PyQt6_Qt6_qml_QtQuick_Controls["Controls"]\n    node_venv_lib_python3_12_site-packages_PyQt6_Qt6_qml_QtQuick_Controls --> node_venv_lib_python3_12_site-packages_PyQt6_Qt6_qml_QtQuick_Controls_FluentWinUI3["FluentWinUI3"]\n    node_venv_lib_python3_12_site-packages_PyQt6_Qt6_qml_QtQuick_Controls_FluentWinUI3 --> node_venv_lib_python3_12_site-packages_PyQt6_Qt6_qml_QtQuick_Controls_FluentWinUI3_light["light"]\n    node_venv_lib_python3_12_site-packages_PyQt6_Qt6_qml_QtQuick_Controls_FluentWinUI3_light --> node_venv_lib_python3_12_site-packages_PyQt6_Qt6_qml_QtQuick_Controls_FluentWinUI3_light_images["images"]\n    node_venv_lib_python3_12_site-packages_PyQt6_Qt6_qml_QtQuick_Controls_FluentWinUI3_light_images --> node_venv_lib_python3_12_site-packages_PyQt6_Qt6_qml_QtQuick_Controls_FluentWinUI3_light_images_textfield-background-hovered@2x_png["textfield-background-hovered@2x.png"]\n    Root --> node_venv["venv"]\n    node_venv --> node_venv_lib["lib"]\n    node_venv_lib --> node_venv_lib_python3_12["python3.12"]\n    node_venv_lib_python3_12 --> node_venv_lib_python3_12_site-packages["site-packages"]\n    node_venv_lib_python3_12_site-packages --> node_venv_lib_python3_12_site-packages_PyQt6["PyQt6"]\n    node_venv_lib_python3_12_site-packages_PyQt6 --> node_venv_lib_python3_12_site-packages_PyQt6_Qt6["Qt6"]\n    node_venv_lib_python3_12_site-packages_PyQt6_Qt6 --> node_venv_lib_python3_12_site-packages_PyQt6_Qt6_qml["qml"]\n    node_venv_lib_python3_12_site-packages_PyQt6_Qt6_qml --> node_venv_lib_python3_12_site-packages_PyQt6_Qt6_qml_QtQuick["QtQuick"]\n    node_venv_lib_python3_12_site-packages_PyQt6_Qt6_qml_QtQuick --> node_venv_lib_python3_12_site-packages_PyQt6_Qt6_qml_QtQuick_Controls["Controls"]\n    node_venv_lib_python3_12_site-packages_PyQt6_Qt6_qml_QtQuick_Controls --> node_venv_lib_python3_12_site-packages_PyQt6_Qt6_qml_QtQuick_Controls_FluentWinUI3["FluentWinUI3"]\n    node_venv_lib_python3_12_site-packages_PyQt6_Qt6_qml_QtQuick_Controls_FluentWinUI3 --> node_venv_lib_python3_12_site-packages_PyQt6_Qt6_qml_QtQuick_Controls_FluentWinUI3_light["light"]\n    node_venv_lib_python3_12_site-packages_PyQt6_Qt6_qml_QtQuick_Controls_FluentWinUI3_light --> node_venv_lib_python3_12_site-packages_PyQt6_Qt6_qml_QtQuick_Controls_FluentWinUI3_light_images["images"]\n    node_venv_lib_python3_12_site-packages_PyQt6_Qt6_qml_QtQuick_Controls_FluentWinUI3_light_images --> node_venv_lib_python3_12_site-packages_PyQt6_Qt6_qml_QtQuick_Controls_FluentWinUI3_light_images_textfield-background-hovered@3x_png["textfield-background-hovered@3x.png"]\n    Root --> node_venv["venv"]\n    node_venv --> node_venv_lib["lib"]\n    node_venv_lib --> node_venv_lib_python3_12["python3.12"]\n    node_venv_lib_python3_12 --> node_venv_lib_python3_12_site-packages["site-packages"]\n    node_venv_lib_python3_12_site-packages --> node_venv_lib_python3_12_site-packages_PyQt6["PyQt6"]\n    node_venv_lib_python3_12_site-packages_PyQt6 --> node_venv_lib_python3_12_site-packages_PyQt6_Qt6["Qt6"]\n    node_venv_lib_python3_12_site-packages_PyQt6_Qt6 --> node_venv_lib_python3_12_site-packages_PyQt6_Qt6_qml["qml"]\n    node_venv_lib_python3_12_site-packages_PyQt6_Qt6_qml --> node_venv_lib_python3_12_site-packages_PyQt6_Qt6_qml_QtQuick["QtQuick"]\n    node_venv_lib_python3_12_site-packages_PyQt6_Qt6_qml_QtQuick --> node_venv_lib_python3_12_site-packages_PyQt6_Qt6_qml_QtQuick_Controls["Controls"]\n    node_venv_lib_python3_12_site-packages_PyQt6_Qt6_qml_QtQuick_Controls --> node_venv_lib_python3_12_site-packages_PyQt6_Qt6_qml_QtQuick_Controls_FluentWinUI3["FluentWinUI3"]\n    node_venv_lib_python3_12_site-packages_PyQt6_Qt6_qml_QtQuick_Controls_FluentWinUI3 --> node_venv_lib_python3_12_site-packages_PyQt6_Qt6_qml_QtQuick_Controls_FluentWinUI3_light["light"]\n    node_venv_lib_python3_12_site-packages_PyQt6_Qt6_qml_QtQuick_Controls_FluentWinUI3_light --> node_venv_lib_python3_12_site-packages_PyQt6_Qt6_qml_QtQuick_Controls_FluentWinUI3_light_images["images"]\n    node_venv_lib_python3_12_site-packages_PyQt6_Qt6_qml_QtQuick_Controls_FluentWinUI3_light_images --> node_venv_lib_python3_12_site-packages_PyQt6_Qt6_qml_QtQuick_Controls_FluentWinUI3_light_images_textfield-background_png["textfield-background.png"]\n    Root --> node_venv["venv"]\n    node_venv --> node_venv_lib["lib"]\n    node_venv_lib --> node_venv_lib_python3_12["python3.12"]\n    node_venv_lib_python3_12 --> node_venv_lib_python3_12_site-packages["site-packages"]\n    node_venv_lib_python3_12_site-packages --> node_venv_lib_python3_12_site-packages_PyQt6["PyQt6"]\n    node_venv_lib_python3_12_site-packages_PyQt6 --> node_venv_lib_python3_12_site-packages_PyQt6_Qt6["Qt6"]\n    node_venv_lib_python3_12_site-packages_PyQt6_Qt6 --> node_venv_lib_python3_12_site-packages_PyQt6_Qt6_qml["qml"]\n    node_venv_lib_python3_12_site-packages_PyQt6_Qt6_qml --> node_venv_lib_python3_12_site-packages_PyQt6_Qt6_qml_QtQuick["QtQuick"]\n    node_venv_lib_python3_12_site-packages_PyQt6_Qt6_qml_QtQuick --> node_venv_lib_python3_12_site-packages_PyQt6_Qt6_qml_QtQuick_Controls["Controls"]\n    node_venv_lib_python3_12_site-packages_PyQt6_Qt6_qml_QtQuick_Controls --> node_venv_lib_python3_12_site-packages_PyQt6_Qt6_qml_QtQuick_Controls_FluentWinUI3["FluentWinUI3"]\n    node_venv_lib_python3_12_site-packages_PyQt6_Qt6_qml_QtQuick_Controls_FluentWinUI3 --> node_venv_lib_python3_12_site-packages_PyQt6_Qt6_qml_QtQuick_Controls_FluentWinUI3_light["light"]\n    node_venv_lib_python3_12_site-packages_PyQt6_Qt6_qml_QtQuick_Controls_FluentWinUI3_light --> node_venv_lib_python3_12_site-packages_PyQt6_Qt6_qml_QtQuick_Controls_FluentWinUI3_light_images["images"]\n    node_venv_lib_python3_12_site-packages_PyQt6_Qt6_qml_QtQuick_Controls_FluentWinUI3_light_images --> node_venv_lib_python3_12_site-packages_PyQt6_Qt6_qml_QtQuick_Controls_FluentWinUI3_light_images_textfield-background@2x_png["textfield-background@2x.png"]\n    Root --> node_venv["venv"]\n    node_venv --> node_venv_lib["lib"]\n    node_venv_lib --> node_venv_lib_python3_12["python3.12"]\n    node_venv_lib_python3_12 --> node_venv_lib_python3_12_site-packages["site-packages"]\n    node_venv_lib_python3_12_site-packages --> node_venv_lib_python3_12_site-packages_PyQt6["PyQt6"]\n    node_venv_lib_python3_12_site-packages_PyQt6 --> node_venv_lib_python3_12_site-packages_PyQt6_Qt6["Qt6"]\n    node_venv_lib_python3_12_site-packages_PyQt6_Qt6 --> node_venv_lib_python3_12_site-packages_PyQt6_Qt6_qml["qml"]\n    node_venv_lib_python3_12_site-packages_PyQt6_Qt6_qml --> node_venv_lib_python3_12_site-packages_PyQt6_Qt6_qml_QtQuick["QtQuick"]\n    node_venv_lib_python3_12_site-packages_PyQt6_Qt6_qml_QtQuick --> node_venv_lib_python3_12_site-packages_PyQt6_Qt6_qml_QtQuick_Controls["Controls"]\n    node_venv_lib_python3_12_site-packages_PyQt6_Qt6_qml_QtQuick_Controls --> node_venv_lib_python3_12_site-packages_PyQt6_Qt6_qml_QtQuick_Controls_FluentWinUI3["FluentWinUI3"]\n    node_venv_lib_python3_12_site-packages_PyQt6_Qt6_qml_QtQuick_Controls_FluentWinUI3 --> node_venv_lib_python3_12_site-packages_PyQt6_Qt6_qml_QtQuick_Controls_FluentWinUI3_light["light"]\n    node_venv_lib_python3_12_site-packages_PyQt6_Qt6_qml_QtQuick_Controls_FluentWinUI3_light --> node_venv_lib_python3_12_site-packages_PyQt6_Qt6_qml_QtQuick_Controls_FluentWinUI3_light_images["images"]\n    node_venv_lib_python3_12_site-packages_PyQt6_Qt6_qml_QtQuick_Controls_FluentWinUI3_light_images --> node_venv_lib_python3_12_site-packages_PyQt6_Qt6_qml_QtQuick_Controls_FluentWinUI3_light_images_textfield-background@3x_png["textfield-background@3x.png"]\n    Root --> node_venv["venv"]\n    node_venv --> node_venv_lib["lib"]\n    node_venv_lib --> node_venv_lib_python3_12["python3.12"]\n    node_venv_lib_python3_12 --> node_venv_lib_python3_12_site-packages["site-packages"]\n    node_venv_lib_python3_12_site-packages --> node_venv_lib_python3_12_site-packages_PyQt6["PyQt6"]\n    node_venv_lib_python3_12_site-packages_PyQt6 --> node_venv_lib_python3_12_site-packages_PyQt6_Qt6["Qt6"]\n    node_venv_lib_python3_12_site-packages_PyQt6_Qt6 --> node_venv_lib_python3_12_site-packages_PyQt6_Qt6_qml["qml"]\n    node_venv_lib_python3_12_site-packages_PyQt6_Qt6_qml --> node_venv_lib_python3_12_site-packages_PyQt6_Qt6_qml_QtQuick["QtQuick"]\n    node_venv_lib_python3_12_site-packages_PyQt6_Qt6_qml_QtQuick --> node_venv_lib_python3_12_site-packages_PyQt6_Qt6_qml_QtQuick_Controls["Controls"]\n    node_venv_lib_python3_12_site-packages_PyQt6_Qt6_qml_QtQuick_Controls --> node_venv_lib_python3_12_site-packages_PyQt6_Qt6_qml_QtQuick_Controls_FluentWinUI3["FluentWinUI3"]\n    node_venv_lib_python3_12_site-packages_PyQt6_Qt6_qml_QtQuick_Controls_FluentWinUI3 --> node_venv_lib_python3_12_site-packages_PyQt6_Qt6_qml_QtQuick_Controls_FluentWinUI3_dark["dark"]\n    node_venv_lib_python3_12_site-packages_PyQt6_Qt6_qml_QtQuick_Controls_FluentWinUI3_dark --> node_venv_lib_python3_12_site-packages_PyQt6_Qt6_qml_QtQuick_Controls_FluentWinUI3_dark_images["images"]\n    node_venv_lib_python3_12_site-packages_PyQt6_Qt6_qml_QtQuick_Controls_FluentWinUI3_dark_images --> node_venv_lib_python3_12_site-packages_PyQt6_Qt6_qml_QtQuick_Controls_FluentWinUI3_dark_images_checkbox-indicator-checked-disabled_png["checkbox-indicator-checked-disabled.png"]\n    Root --> node_venv["venv"]\n    node_venv --> node_venv_lib["lib"]\n    node_venv_lib --> node_venv_lib_python3_12["python3.12"]\n    node_venv_lib_python3_12 --> node_venv_lib_python3_12_site-packages["site-packages"]\n    node_venv_lib_python3_12_site-packages --> node_venv_lib_python3_12_site-packages_PyQt6["PyQt6"]\n    node_venv_lib_python3_12_site-packages_PyQt6 --> node_venv_lib_python3_12_site-packages_PyQt6_Qt6["Qt6"]\n    node_venv_lib_python3_12_site-packages_PyQt6_Qt6 --> node_venv_lib_python3_12_site-packages_PyQt6_Qt6_qml["qml"]\n    node_venv_lib_python3_12_site-packages_PyQt6_Qt6_qml --> node_venv_lib_python3_12_site-packages_PyQt6_Qt6_qml_QtQuick["QtQuick"]\n    node_venv_lib_python3_12_site-packages_PyQt6_Qt6_qml_QtQuick --> node_venv_lib_python3_12_site-packages_PyQt6_Qt6_qml_QtQuick_Controls["Controls"]\n    node_venv_lib_python3_12_site-packages_PyQt6_Qt6_qml_QtQuick_Controls --> node_venv_lib_python3_12_site-packages_PyQt6_Qt6_qml_QtQuick_Controls_FluentWinUI3["FluentWinUI3"]\n    node_venv_lib_python3_12_site-packages_PyQt6_Qt6_qml_QtQuick_Controls_FluentWinUI3 --> node_venv_lib_python3_12_site-packages_PyQt6_Qt6_qml_QtQuick_Controls_FluentWinUI3_dark["dark"]\n    node_venv_lib_python3_12_site-packages_PyQt6_Qt6_qml_QtQuick_Controls_FluentWinUI3_dark --> node_venv_lib_python3_12_site-packages_PyQt6_Qt6_qml_QtQuick_Controls_FluentWinUI3_dark_images["images"]\n    node_venv_lib_python3_12_site-packages_PyQt6_Qt6_qml_QtQuick_Controls_FluentWinUI3_dark_images --> node_venv_lib_python3_12_site-packages_PyQt6_Qt6_qml_QtQuick_Controls_FluentWinUI3_dark_images_checkbox-indicator-checked-disabled@2x_png["checkbox-indicator-checked-disabled@2x.png"]\n    Root --> node_venv["venv"]\n    node_venv --> node_venv_lib["lib"]\n    node_venv_lib --> node_venv_lib_python3_12["python3.12"]\n    node_venv_lib_python3_12 --> node_venv_lib_python3_12_site-packages["site-packages"]\n    node_venv_lib_python3_12_site-packages --> node_venv_lib_python3_12_site-packages_PyQt6["PyQt6"]\n    node_venv_lib_python3_12_site-packages_PyQt6 --> node_venv_lib_python3_12_site-packages_PyQt6_Qt6["Qt6"]\n    node_venv_lib_python3_12_site-packages_PyQt6_Qt6 --> node_venv_lib_python3_12_site-packages_PyQt6_Qt6_qml["qml"]\n    node_venv_lib_python3_12_site-packages_PyQt6_Qt6_qml --> node_venv_lib_python3_12_site-packages_PyQt6_Qt6_qml_QtQuick["QtQuick"]\n    node_venv_lib_python3_12_site-packages_PyQt6_Qt6_qml_QtQuick --> node_venv_lib_python3_12_site-packages_PyQt6_Qt6_qml_QtQuick_Controls["Controls"]\n    node_venv_lib_python3_12_site-packages_PyQt6_Qt6_qml_QtQuick_Controls --> node_venv_lib_python3_12_site-packages_PyQt6_Qt6_qml_QtQuick_Controls_FluentWinUI3["FluentWinUI3"]\n    node_venv_lib_python3_12_site-packages_PyQt6_Qt6_qml_QtQuick_Controls_FluentWinUI3 --> node_venv_lib_python3_12_site-packages_PyQt6_Qt6_qml_QtQuick_Controls_FluentWinUI3_dark["dark"]\n    node_venv_lib_python3_12_site-packages_PyQt6_Qt6_qml_QtQuick_Controls_FluentWinUI3_dark --> node_venv_lib_python3_12_site-packages_PyQt6_Qt6_qml_QtQuick_Controls_FluentWinUI3_dark_images["images"]\n    node_venv_lib_python3_12_site-packages_PyQt6_Qt6_qml_QtQuick_Controls_FluentWinUI3_dark_images --> node_venv_lib_python3_12_site-packages_PyQt6_Qt6_qml_QtQuick_Controls_FluentWinUI3_dark_images_checkbox-indicator-checked-disabled@3x_png["checkbox-indicator-checked-disabled@3x.png"]\n    Root --> node_venv["venv"]\n    node_venv --> node_venv_lib["lib"]\n    node_venv_lib --> node_venv_lib_python3_12["python3.12"]\n    node_venv_lib_python3_12 --> node_venv_lib_python3_12_site-packages["site-packages"]\n    node_venv_lib_python3_12_site-packages --> node_venv_lib_python3_12_site-packages_PyQt6["PyQt6"]\n    node_venv_lib_python3_12_site-packages_PyQt6 --> node_venv_lib_python3_12_site-packages_PyQt6_Qt6["Qt6"]\n    node_venv_lib_python3_12_site-packages_PyQt6_Qt6 --> node_venv_lib_python3_12_site-packages_PyQt6_Qt6_qml["qml"]\n    node_venv_lib_python3_12_site-packages_PyQt6_Qt6_qml --> node_venv_lib_python3_12_site-packages_PyQt6_Qt6_qml_QtQuick["QtQuick"]\n    node_venv_lib_python3_12_site-packages_PyQt6_Qt6_qml_QtQuick --> node_venv_lib_python3_12_site-packages_PyQt6_Qt6_qml_QtQuick_Controls["Controls"]\n    node_venv_lib_python3_12_site-packages_PyQt6_Qt6_qml_QtQuick_Controls --> node_venv_lib_python3_12_site-packages_PyQt6_Qt6_qml_QtQuick_Controls_FluentWinUI3["FluentWinUI3"]\n    node_venv_lib_python3_12_site-packages_PyQt6_Qt6_qml_QtQuick_Controls_FluentWinUI3 --> node_venv_lib_python3_12_site-packages_PyQt6_Qt6_qml_QtQuick_Controls_FluentWinUI3_dark["dark"]\n    node_venv_lib_python3_12_site-packages_PyQt6_Qt6_qml_QtQuick_Controls_FluentWinUI3_dark --> node_venv_lib_python3_12_site-packages_PyQt6_Qt6_qml_QtQuick_Controls_FluentWinUI3_dark_images["images"]\n    node_venv_lib_python3_12_site-packages_PyQt6_Qt6_qml_QtQuick_Controls_FluentWinUI3_dark_images --> node_venv_lib_python3_12_site-packages_PyQt6_Qt6_qml_QtQuick_Controls_FluentWinUI3_dark_images_checkbox-indicator-checked-hovered_png["checkbox-indicator-checked-hovered.png"]\n    Root --> node_venv["venv"]\n    node_venv --> node_venv_lib["lib"]\n    node_venv_lib --> node_venv_lib_python3_12["python3.12"]\n    node_venv_lib_python3_12 --> node_venv_lib_python3_12_site-packages["site-packages"]\n    node_venv_lib_python3_12_site-packages --> node_venv_lib_python3_12_site-packages_PyQt6["PyQt6"]\n    node_venv_lib_python3_12_site-packages_PyQt6 --> node_venv_lib_python3_12_site-packages_PyQt6_Qt6["Qt6"]\n    node_venv_lib_python3_12_site-packages_PyQt6_Qt6 --> node_venv_lib_python3_12_site-packages_PyQt6_Qt6_qml["qml"]\n    node_venv_lib_python3_12_site-packages_PyQt6_Qt6_qml --> node_venv_lib_python3_12_site-packages_PyQt6_Qt6_qml_QtQuick["QtQuick"]\n    node_venv_lib_python3_12_site-packages_PyQt6_Qt6_qml_QtQuick --> node_venv_lib_python3_12_site-packages_PyQt6_Qt6_qml_QtQuick_Controls["Controls"]\n    node_venv_lib_python3_12_site-packages_PyQt6_Qt6_qml_QtQuick_Controls --> node_venv_lib_python3_12_site-packages_PyQt6_Qt6_qml_QtQuick_Controls_FluentWinUI3["FluentWinUI3"]\n    node_venv_lib_python3_12_site-packages_PyQt6_Qt6_qml_QtQuick_Controls_FluentWinUI3 --> node_venv_lib_python3_12_site-packages_PyQt6_Qt6_qml_QtQuick_Controls_FluentWinUI3_dark["dark"]\n    node_venv_lib_python3_12_site-packages_PyQt6_Qt6_qml_QtQuick_Controls_FluentWinUI3_dark --> node_venv_lib_python3_12_site-packages_PyQt6_Qt6_qml_QtQuick_Controls_FluentWinUI3_dark_images["images"]\n    node_venv_lib_python3_12_site-packages_PyQt6_Qt6_qml_QtQuick_Controls_FluentWinUI3_dark_images --> node_venv_lib_python3_12_site-packages_PyQt6_Qt6_qml_QtQuick_Controls_FluentWinUI3_dark_images_checkbox-indicator-checked-hovered@2x_png["checkbox-indicator-checked-hovered@2x.png"]\n    Root --> node_venv["venv"]\n    node_venv --> node_venv_lib["lib"]\n    node_venv_lib --> node_venv_lib_python3_12["python3.12"]\n    node_venv_lib_python3_12 --> node_venv_lib_python3_12_site-packages["site-packages"]\n    node_venv_lib_python3_12_site-packages --> node_venv_lib_python3_12_site-packages_PyQt6["PyQt6"]\n    node_venv_lib_python3_12_site-packages_PyQt6 --> node_venv_lib_python3_12_site-packages_PyQt6_Qt6["Qt6"]\n    node_venv_lib_python3_12_site-packages_PyQt6_Qt6 --> node_venv_lib_python3_12_site-packages_PyQt6_Qt6_qml["qml"]\n    node_venv_lib_python3_12_site-packages_PyQt6_Qt6_qml --> node_venv_lib_python3_12_site-packages_PyQt6_Qt6_qml_QtQuick["QtQuick"]\n    node_venv_lib_python3_12_site-packages_PyQt6_Qt6_qml_QtQuick --> node_venv_lib_python3_12_site-packages_PyQt6_Qt6_qml_QtQuick_Controls["Controls"]\n    node_venv_lib_python3_12_site-packages_PyQt6_Qt6_qml_QtQuick_Controls --> node_venv_lib_python3_12_site-packages_PyQt6_Qt6_qml_QtQuick_Controls_FluentWinUI3["FluentWinUI3"]\n    node_venv_lib_python3_12_site-packages_PyQt6_Qt6_qml_QtQuick_Controls_FluentWinUI3 --> node_venv_lib_python3_12_site-packages_PyQt6_Qt6_qml_QtQuick_Controls_FluentWinUI3_dark["dark"]\n    node_venv_lib_python3_12_site-packages_PyQt6_Qt6_qml_QtQuick_Controls_FluentWinUI3_dark --> node_venv_lib_python3_12_site-packages_PyQt6_Qt6_qml_QtQuick_Controls_FluentWinUI3_dark_images["images"]\n    node_venv_lib_python3_12_site-packages_PyQt6_Qt6_qml_QtQuick_Controls_FluentWinUI3_dark_images --> node_venv_lib_python3_12_site-packages_PyQt6_Qt6_qml_QtQuick_Controls_FluentWinUI3_dark_images_checkbox-indicator-checked-hovered@3x_png["checkbox-indicator-checked-hovered@3x.png"]\n    Root --> node_venv["venv"]\n    node_venv --> node_venv_lib["lib"]\n    node_venv_lib --> node_venv_lib_python3_12["python3.12"]\n    node_venv_lib_python3_12 --> node_venv_lib_python3_12_site-packages["site-packages"]\n    node_venv_lib_python3_12_site-packages --> node_venv_lib_python3_12_site-packages_PyQt6["PyQt6"]\n    node_venv_lib_python3_12_site-packages_PyQt6 --> node_venv_lib_python3_12_site-packages_PyQt6_Qt6["Qt6"]\n    node_venv_lib_python3_12_site-packages_PyQt6_Qt6 --> node_venv_lib_python3_12_site-packages_PyQt6_Qt6_qml["qml"]\n    node_venv_lib_python3_12_site-packages_PyQt6_Qt6_qml --> node_venv_lib_python3_12_site-packages_PyQt6_Qt6_qml_QtQuick["QtQuick"]\n    node_venv_lib_python3_12_site-packages_PyQt6_Qt6_qml_QtQuick --> node_venv_lib_python3_12_site-packages_PyQt6_Qt6_qml_QtQuick_Controls["Controls"]\n    node_venv_lib_python3_12_site-packages_PyQt6_Qt6_qml_QtQuick_Controls --> node_venv_lib_python3_12_site-packages_PyQt6_Qt6_qml_QtQuick_Controls_FluentWinUI3["FluentWinUI3"]\n    node_venv_lib_python3_12_site-packages_PyQt6_Qt6_qml_QtQuick_Controls_FluentWinUI3 --> node_venv_lib_python3_12_site-packages_PyQt6_Qt6_qml_QtQuick_Controls_FluentWinUI3_dark["dark"]\n    node_venv_lib_python3_12_site-packages_PyQt6_Qt6_qml_QtQuick_Controls_FluentWinUI3_dark --> node_venv_lib_python3_12_site-packages_PyQt6_Qt6_qml_QtQuick_Controls_FluentWinUI3_dark_images["images"]\n    node_venv_lib_python3_12_site-packages_PyQt6_Qt6_qml_QtQuick_Controls_FluentWinUI3_dark_images --> node_venv_lib_python3_12_site-packages_PyQt6_Qt6_qml_QtQuick_Controls_FluentWinUI3_dark_images_checkbox-indicator-checked-pressed_png["checkbox-indicator-checked-pressed.png"]\n    Root --> node_venv["venv"]\n    node_venv --> node_venv_lib["lib"]\n    node_venv_lib --> node_venv_lib_python3_12["python3.12"]\n    node_venv_lib_python3_12 --> node_venv_lib_python3_12_site-packages["site-packages"]\n    node_venv_lib_python3_12_site-packages --> node_venv_lib_python3_12_site-packages_PyQt6["PyQt6"]\n    node_venv_lib_python3_12_site-packages_PyQt6 --> node_venv_lib_python3_12_site-packages_PyQt6_Qt6["Qt6"]\n    node_venv_lib_python3_12_site-packages_PyQt6_Qt6 --> node_venv_lib_python3_12_site-packages_PyQt6_Qt6_qml["qml"]\n    node_venv_lib_python3_12_site-packages_PyQt6_Qt6_qml --> node_venv_lib_python3_12_site-packages_PyQt6_Qt6_qml_QtQuick["QtQuick"]\n    node_venv_lib_python3_12_site-packages_PyQt6_Qt6_qml_QtQuick --> node_venv_lib_python3_12_site-packages_PyQt6_Qt6_qml_QtQuick_Controls["Controls"]\n    node_venv_lib_python3_12_site-packages_PyQt6_Qt6_qml_QtQuick_Controls --> node_venv_lib_python3_12_site-packages_PyQt6_Qt6_qml_QtQuick_Controls_FluentWinUI3["FluentWinUI3"]\n    node_venv_lib_python3_12_site-packages_PyQt6_Qt6_qml_QtQuick_Controls_FluentWinUI3 --> node_venv_lib_python3_12_site-packages_PyQt6_Qt6_qml_QtQuick_Controls_FluentWinUI3_dark["dark"]\n    node_venv_lib_python3_12_site-packages_PyQt6_Qt6_qml_QtQuick_Controls_FluentWinUI3_dark --> node_venv_lib_python3_12_site-packages_PyQt6_Qt6_qml_QtQuick_Controls_FluentWinUI3_dark_images["images"]\n    node_venv_lib_python3_12_site-packages_PyQt6_Qt6_qml_QtQuick_Controls_FluentWinUI3_dark_images --> node_venv_lib_python3_12_site-packages_PyQt6_Qt6_qml_QtQuick_Controls_FluentWinUI3_dark_images_checkbox-indicator-checked-pressed@2x_png["checkbox-indicator-checked-pressed@2x.png"]\n    Root --> node_venv["venv"]\n    node_venv --> node_venv_lib["lib"]\n    node_venv_lib --> node_venv_lib_python3_12["python3.12"]\n    node_venv_lib_python3_12 --> node_venv_lib_python3_12_site-packages["site-packages"]\n    node_venv_lib_python3_12_site-packages --> node_venv_lib_python3_12_site-packages_PyQt6["PyQt6"]\n    node_venv_lib_python3_12_site-packages_PyQt6 --> node_venv_lib_python3_12_site-packages_PyQt6_Qt6["Qt6"]\n    node_venv_lib_python3_12_site-packages_PyQt6_Qt6 --> node_venv_lib_python3_12_site-packages_PyQt6_Qt6_qml["qml"]\n    node_venv_lib_python3_12_site-packages_PyQt6_Qt6_qml --> node_venv_lib_python3_12_site-packages_PyQt6_Qt6_qml_QtQuick["QtQuick"]\n    node_venv_lib_python3_12_site-packages_PyQt6_Qt6_qml_QtQuick --> node_venv_lib_python3_12_site-packages_PyQt6_Qt6_qml_QtQuick_Controls["Controls"]\n    node_venv_lib_python3_12_site-packages_PyQt6_Qt6_qml_QtQuick_Controls --> node_venv_lib_python3_12_site-packages_PyQt6_Qt6_qml_QtQuick_Controls_FluentWinUI3["FluentWinUI3"]\n    node_venv_lib_python3_12_site-packages_PyQt6_Qt6_qml_QtQuick_Controls_FluentWinUI3 --> node_venv_lib_python3_12_site-packages_PyQt6_Qt6_qml_QtQuick_Controls_FluentWinUI3_dark["dark"]\n    node_venv_lib_python3_12_site-packages_PyQt6_Qt6_qml_QtQuick_Controls_FluentWinUI3_dark --> node_venv_lib_python3_12_site-packages_PyQt6_Qt6_qml_QtQuick_Controls_FluentWinUI3_dark_images["images"]\n    node_venv_lib_python3_12_site-packages_PyQt6_Qt6_qml_QtQuick_Controls_FluentWinUI3_dark_images --> node_venv_lib_python3_12_site-packages_PyQt6_Qt6_qml_QtQuick_Controls_FluentWinUI3_dark_images_checkbox-indicator-checked-pressed@3x_png["checkbox-indicator-checked-pressed@3x.png"]\n    Root --> node_venv["venv"]\n    node_venv --> node_venv_lib["lib"]\n    node_venv_lib --> node_venv_lib_python3_12["python3.12"]\n    node_venv_lib_python3_12 --> node_venv_lib_python3_12_site-packages["site-packages"]\n    node_venv_lib_python3_12_site-packages --> node_venv_lib_python3_12_site-packages_PyQt6["PyQt6"]\n    node_venv_lib_python3_12_site-packages_PyQt6 --> node_venv_lib_python3_12_site-packages_PyQt6_Qt6["Qt6"]\n    node_venv_lib_python3_12_site-packages_PyQt6_Qt6 --> node_venv_lib_python3_12_site-packages_PyQt6_Qt6_qml["qml"]\n    node_venv_lib_python3_12_site-packages_PyQt6_Qt6_qml --> node_venv_lib_python3_12_site-packages_PyQt6_Qt6_qml_QtQuick["QtQuick"]\n    node_venv_lib_python3_12_site-packages_PyQt6_Qt6_qml_QtQuick --> node_venv_lib_python3_12_site-packages_PyQt6_Qt6_qml_QtQuick_Controls["Controls"]\n    node_venv_lib_python3_12_site-packages_PyQt6_Qt6_qml_QtQuick_Controls --> node_venv_lib_python3_12_site-packages_PyQt6_Qt6_qml_QtQuick_Controls_FluentWinUI3["FluentWinUI3"]\n    node_venv_lib_python3_12_site-packages_PyQt6_Qt6_qml_QtQuick_Controls_FluentWinUI3 --> node_venv_lib_python3_12_site-packages_PyQt6_Qt6_qml_QtQuick_Controls_FluentWinUI3_dark["dark"]\n    node_venv_lib_python3_12_site-packages_PyQt6_Qt6_qml_QtQuick_Controls_FluentWinUI3_dark --> node_venv_lib_python3_12_site-packages_PyQt6_Qt6_qml_QtQuick_Controls_FluentWinUI3_dark_images["images"]\n    node_venv_lib_python3_12_site-packages_PyQt6_Qt6_qml_QtQuick_Controls_FluentWinUI3_dark_images --> node_venv_lib_python3_12_site-packages_PyQt6_Qt6_qml_QtQuick_Controls_FluentWinUI3_dark_images_checkbox-indicator-checked_png["checkbox-indicator-checked.png"]\n    Root --> node_venv["venv"]\n    node_venv --> node_venv_lib["lib"]\n    node_venv_lib --> node_venv_lib_python3_12["python3.12"]\n    node_venv_lib_python3_12 --> node_venv_lib_python3_12_site-packages["site-packages"]\n    node_venv_lib_python3_12_site-packages --> node_venv_lib_python3_12_site-packages_PyQt6["PyQt6"]\n    node_venv_lib_python3_12_site-packages_PyQt6 --> node_venv_lib_python3_12_site-packages_PyQt6_Qt6["Qt6"]\n    node_venv_lib_python3_12_site-packages_PyQt6_Qt6 --> node_venv_lib_python3_12_site-packages_PyQt6_Qt6_qml["qml"]\n    node_venv_lib_python3_12_site-packages_PyQt6_Qt6_qml --> node_venv_lib_python3_12_site-packages_PyQt6_Qt6_qml_QtQuick["QtQuick"]\n    node_venv_lib_python3_12_site-packages_PyQt6_Qt6_qml_QtQuick --> node_venv_lib_python3_12_site-packages_PyQt6_Qt6_qml_QtQuick_Controls["Controls"]\n    node_venv_lib_python3_12_site-packages_PyQt6_Qt6_qml_QtQuick_Controls --> node_venv_lib_python3_12_site-packages_PyQt6_Qt6_qml_QtQuick_Controls_FluentWinUI3["FluentWinUI3"]\n    node_venv_lib_python3_12_site-packages_PyQt6_Qt6_qml_QtQuick_Controls_FluentWinUI3 --> node_venv_lib_python3_12_site-packages_PyQt6_Qt6_qml_QtQuick_Controls_FluentWinUI3_dark["dark"]\n    node_venv_lib_python3_12_site-packages_PyQt6_Qt6_qml_QtQuick_Controls_FluentWinUI3_dark --> node_venv_lib_python3_12_site-packages_PyQt6_Qt6_qml_QtQuick_Controls_FluentWinUI3_dark_images["images"]\n    node_venv_lib_python3_12_site-packages_PyQt6_Qt6_qml_QtQuick_Controls_FluentWinUI3_dark_images --> node_venv_lib_python3_12_site-packages_PyQt6_Qt6_qml_QtQuick_Controls_FluentWinUI3_dark_images_checkbox-indicator-checked@2x_png["checkbox-indicator-checked@2x.png"]\n    Root --> node_venv["venv"]\n    node_venv --> node_venv_lib["lib"]\n    node_venv_lib --> node_venv_lib_python3_12["python3.12"]\n    node_venv_lib_python3_12 --> node_venv_lib_python3_12_site-packages["site-packages"]\n    node_venv_lib_python3_12_site-packages --> node_venv_lib_python3_12_site-packages_PyQt6["PyQt6"]\n    node_venv_lib_python3_12_site-packages_PyQt6 --> node_venv_lib_python3_12_site-packages_PyQt6_Qt6["Qt6"]\n    node_venv_lib_python3_12_site-packages_PyQt6_Qt6 --> node_venv_lib_python3_12_site-packages_PyQt6_Qt6_qml["qml"]\n    node_venv_lib_python3_12_site-packages_PyQt6_Qt6_qml --> node_venv_lib_python3_12_site-packages_PyQt6_Qt6_qml_QtQuick["QtQuick"]\n    node_venv_lib_python3_12_site-packages_PyQt6_Qt6_qml_QtQuick --> node_venv_lib_python3_12_site-packages_PyQt6_Qt6_qml_QtQuick_Controls["Controls"]\n    node_venv_lib_python3_12_site-packages_PyQt6_Qt6_qml_QtQuick_Controls --> node_venv_lib_python3_12_site-packages_PyQt6_Qt6_qml_QtQuick_Controls_FluentWinUI3["FluentWinUI3"]\n    node_venv_lib_python3_12_site-packages_PyQt6_Qt6_qml_QtQuick_Controls_FluentWinUI3 --> node_venv_lib_python3_12_site-packages_PyQt6_Qt6_qml_QtQuick_Controls_FluentWinUI3_dark["dark"]\n    node_venv_lib_python3_12_site-packages_PyQt6_Qt6_qml_QtQuick_Controls_FluentWinUI3_dark --> node_venv_lib_python3_12_site-packages_PyQt6_Qt6_qml_QtQuick_Controls_FluentWinUI3_dark_images["images"]\n    node_venv_lib_python3_12_site-packages_PyQt6_Qt6_qml_QtQuick_Controls_FluentWinUI3_dark_images --> node_venv_lib_python3_12_site-packages_PyQt6_Qt6_qml_QtQuick_Controls_FluentWinUI3_dark_images_checkbox-indicator-checked@3x_png["checkbox-indicator-checked@3x.png"]\n    Root --> node_venv["venv"]\n    node_venv --> node_venv_lib["lib"]\n    node_venv_lib --> node_venv_lib_python3_12["python3.12"]\n    node_venv_lib_python3_12 --> node_venv_lib_python3_12_site-packages["site-packages"]\n    node_venv_lib_python3_12_site-packages --> node_venv_lib_python3_12_site-packages_PyQt6["PyQt6"]\n    node_venv_lib_python3_12_site-packages_PyQt6 --> node_venv_lib_python3_12_site-packages_PyQt6_Qt6["Qt6"]\n    node_venv_lib_python3_12_site-packages_PyQt6_Qt6 --> node_venv_lib_python3_12_site-packages_PyQt6_Qt6_qml["qml"]\n    node_venv_lib_python3_12_site-packages_PyQt6_Qt6_qml --> node_venv_lib_python3_12_site-packages_PyQt6_Qt6_qml_QtQuick["QtQuick"]\n    node_venv_lib_python3_12_site-packages_PyQt6_Qt6_qml_QtQuick --> node_venv_lib_python3_12_site-packages_PyQt6_Qt6_qml_QtQuick_Controls["Controls"]\n    node_venv_lib_python3_12_site-packages_PyQt6_Qt6_qml_QtQuick_Controls --> node_venv_lib_python3_12_site-packages_PyQt6_Qt6_qml_QtQuick_Controls_FluentWinUI3["FluentWinUI3"]\n    node_venv_lib_python3_12_site-packages_PyQt6_Qt6_qml_QtQuick_Controls_FluentWinUI3 --> node_venv_lib_python3_12_site-packages_PyQt6_Qt6_qml_QtQuick_Controls_FluentWinUI3_dark["dark"]\n    node_venv_lib_python3_12_site-packages_PyQt6_Qt6_qml_QtQuick_Controls_FluentWinUI3_dark --> node_venv_lib_python3_12_site-packages_PyQt6_Qt6_qml_QtQuick_Controls_FluentWinUI3_dark_images["images"]\n    node_venv_lib_python3_12_site-packages_PyQt6_Qt6_qml_QtQuick_Controls_FluentWinUI3_dark_images --> node_venv_lib_python3_12_site-packages_PyQt6_Qt6_qml_QtQuick_Controls_FluentWinUI3_dark_images_checkbox-indicator-disabled-partiallyChecked_png["checkbox-indicator-disabled-partiallyChecked.png"]\n    Root --> node_venv["venv"]\n    node_venv --> node_venv_lib["lib"]\n    node_venv_lib --> node_venv_lib_python3_12["python3.12"]\n    node_venv_lib_python3_12 --> node_venv_lib_python3_12_site-packages["site-packages"]\n    node_venv_lib_python3_12_site-packages --> node_venv_lib_python3_12_site-packages_PyQt6["PyQt6"]\n    node_venv_lib_python3_12_site-packages_PyQt6 --> node_venv_lib_python3_12_site-packages_PyQt6_Qt6["Qt6"]\n    node_venv_lib_python3_12_site-packages_PyQt6_Qt6 --> node_venv_lib_python3_12_site-packages_PyQt6_Qt6_qml["qml"]\n    node_venv_lib_python3_12_site-packages_PyQt6_Qt6_qml --> node_venv_lib_python3_12_site-packages_PyQt6_Qt6_qml_QtQuick["QtQuick"]\n    node_venv_lib_python3_12_site-packages_PyQt6_Qt6_qml_QtQuick --> node_venv_lib_python3_12_site-packages_PyQt6_Qt6_qml_QtQuick_Controls["Controls"]\n    node_venv_lib_python3_12_site-packages_PyQt6_Qt6_qml_QtQuick_Controls --> node_venv_lib_python3_12_site-packages_PyQt6_Qt6_qml_QtQuick_Controls_FluentWinUI3["FluentWinUI3"]\n    node_venv_lib_python3_12_site-packages_PyQt6_Qt6_qml_QtQuick_Controls_FluentWinUI3 --> node_venv_lib_python3_12_site-packages_PyQt6_Qt6_qml_QtQuick_Controls_FluentWinUI3_dark["dark"]\n    node_venv_lib_python3_12_site-packages_PyQt6_Qt6_qml_QtQuick_Controls_FluentWinUI3_dark --> node_venv_lib_python3_12_site-packages_PyQt6_Qt6_qml_QtQuick_Controls_FluentWinUI3_dark_images["images"]\n    node_venv_lib_python3_12_site-packages_PyQt6_Qt6_qml_QtQuick_Controls_FluentWinUI3_dark_images --> node_venv_lib_python3_12_site-packages_PyQt6_Qt6_qml_QtQuick_Controls_FluentWinUI3_dark_images_checkbox-indicator-disabled-partiallyChecked@2x_png["checkbox-indicator-disabled-partiallyChecked@2x.png"]\n    Root --> node_venv["venv"]\n    node_venv --> node_venv_lib["lib"]\n    node_venv_lib --> node_venv_lib_python3_12["python3.12"]\n    node_venv_lib_python3_12 --> node_venv_lib_python3_12_site-packages["site-packages"]\n    node_venv_lib_python3_12_site-packages --> node_venv_lib_python3_12_site-packages_PyQt6["PyQt6"]\n    node_venv_lib_python3_12_site-packages_PyQt6 --> node_venv_lib_python3_12_site-packages_PyQt6_Qt6["Qt6"]\n    node_venv_lib_python3_12_site-packages_PyQt6_Qt6 --> node_venv_lib_python3_12_site-packages_PyQt6_Qt6_qml["qml"]\n    node_venv_lib_python3_12_site-packages_PyQt6_Qt6_qml --> node_venv_lib_python3_12_site-packages_PyQt6_Qt6_qml_QtQuick["QtQuick"]\n    node_venv_lib_python3_12_site-packages_PyQt6_Qt6_qml_QtQuick --> node_venv_lib_python3_12_site-packages_PyQt6_Qt6_qml_QtQuick_Controls["Controls"]\n    node_venv_lib_python3_12_site-packages_PyQt6_Qt6_qml_QtQuick_Controls --> node_venv_lib_python3_12_site-packages_PyQt6_Qt6_qml_QtQuick_Controls_FluentWinUI3["FluentWinUI3"]\n    node_venv_lib_python3_12_site-packages_PyQt6_Qt6_qml_QtQuick_Controls_FluentWinUI3 --> node_venv_lib_python3_12_site-packages_PyQt6_Qt6_qml_QtQuick_Controls_FluentWinUI3_dark["dark"]\n    node_venv_lib_python3_12_site-packages_PyQt6_Qt6_qml_QtQuick_Controls_FluentWinUI3_dark --> node_venv_lib_python3_12_site-packages_PyQt6_Qt6_qml_QtQuick_Controls_FluentWinUI3_dark_images["images"]\n    node_venv_lib_python3_12_site-packages_PyQt6_Qt6_qml_QtQuick_Controls_FluentWinUI3_dark_images --> node_venv_lib_python3_12_site-packages_PyQt6_Qt6_qml_QtQuick_Controls_FluentWinUI3_dark_images_checkbox-indicator-disabled-partiallyChecked@3x_png["checkbox-indicator-disabled-partiallyChecked@3x.png"]\n    Root --> node_venv["venv"]\n    node_venv --> node_venv_lib["lib"]\n    node_venv_lib --> node_venv_lib_python3_12["python3.12"]\n    node_venv_lib_python3_12 --> node_venv_lib_python3_12_site-packages["site-packages"]\n    node_venv_lib_python3_12_site-packages --> node_venv_lib_python3_12_site-packages_PyQt6["PyQt6"]\n    node_venv_lib_python3_12_site-packages_PyQt6 --> node_venv_lib_python3_12_site-packages_PyQt6_Qt6["Qt6"]\n    node_venv_lib_python3_12_site-packages_PyQt6_Qt6 --> node_venv_lib_python3_12_site-packages_PyQt6_Qt6_qml["qml"]\n    node_venv_lib_python3_12_site-packages_PyQt6_Qt6_qml --> node_venv_lib_python3_12_site-packages_PyQt6_Qt6_qml_QtQuick["QtQuick"]\n    node_venv_lib_python3_12_site-packages_PyQt6_Qt6_qml_QtQuick --> node_venv_lib_python3_12_site-packages_PyQt6_Qt6_qml_QtQuick_Controls["Controls"]\n    node_venv_lib_python3_12_site-packages_PyQt6_Qt6_qml_QtQuick_Controls --> node_venv_lib_python3_12_site-packages_PyQt6_Qt6_qml_QtQuick_Controls_FluentWinUI3["FluentWinUI3"]\n    node_venv_lib_python3_12_site-packages_PyQt6_Qt6_qml_QtQuick_Controls_FluentWinUI3 --> node_venv_lib_python3_12_site-packages_PyQt6_Qt6_qml_QtQuick_Controls_FluentWinUI3_dark["dark"]\n    node_venv_lib_python3_12_site-packages_PyQt6_Qt6_qml_QtQuick_Controls_FluentWinUI3_dark --> node_venv_lib_python3_12_site-packages_PyQt6_Qt6_qml_QtQuick_Controls_FluentWinUI3_dark_images["images"]\n    node_venv_lib_python3_12_site-packages_PyQt6_Qt6_qml_QtQuick_Controls_FluentWinUI3_dark_images --> node_venv_lib_python3_12_site-packages_PyQt6_Qt6_qml_QtQuick_Controls_FluentWinUI3_dark_images_checkbox-indicator-disabled_png["checkbox-indicator-disabled.png"]\n    Root --> node_venv["venv"]\n    node_venv --> node_venv_lib["lib"]\n    node_venv_lib --> node_venv_lib_python3_12["python3.12"]\n    node_venv_lib_python3_12 --> node_venv_lib_python3_12_site-packages["site-packages"]\n    node_venv_lib_python3_12_site-packages --> node_venv_lib_python3_12_site-packages_PyQt6["PyQt6"]\n    node_venv_lib_python3_12_site-packages_PyQt6 --> node_venv_lib_python3_12_site-packages_PyQt6_Qt6["Qt6"]\n    node_venv_lib_python3_12_site-packages_PyQt6_Qt6 --> node_venv_lib_python3_12_site-packages_PyQt6_Qt6_qml["qml"]\n    node_venv_lib_python3_12_site-packages_PyQt6_Qt6_qml --> node_venv_lib_python3_12_site-packages_PyQt6_Qt6_qml_QtQuick["QtQuick"]\n    node_venv_lib_python3_12_site-packages_PyQt6_Qt6_qml_QtQuick --> node_venv_lib_python3_12_site-packages_PyQt6_Qt6_qml_QtQuick_Controls["Controls"]\n    node_venv_lib_python3_12_site-packages_PyQt6_Qt6_qml_QtQuick_Controls --> node_venv_lib_python3_12_site-packages_PyQt6_Qt6_qml_QtQuick_Controls_FluentWinUI3["FluentWinUI3"]\n    node_venv_lib_python3_12_site-packages_PyQt6_Qt6_qml_QtQuick_Controls_FluentWinUI3 --> node_venv_lib_python3_12_site-packages_PyQt6_Qt6_qml_QtQuick_Controls_FluentWinUI3_dark["dark"]\n    node_venv_lib_python3_12_site-packages_PyQt6_Qt6_qml_QtQuick_Controls_FluentWinUI3_dark --> node_venv_lib_python3_12_site-packages_PyQt6_Qt6_qml_QtQuick_Controls_FluentWinUI3_dark_images["images"]\n    node_venv_lib_python3_12_site-packages_PyQt6_Qt6_qml_QtQuick_Controls_FluentWinUI3_dark_images --> node_venv_lib_python3_12_site-packages_PyQt6_Qt6_qml_QtQuick_Controls_FluentWinUI3_dark_images_checkbox-indicator-disabled@2x_png["checkbox-indicator-disabled@2x.png"]\n    Root --> node_venv["venv"]\n    node_venv --> node_venv_lib["lib"]\n    node_venv_lib --> node_venv_lib_python3_12["python3.12"]\n    node_venv_lib_python3_12 --> node_venv_lib_python3_12_site-packages["site-packages"]\n    node_venv_lib_python3_12_site-packages --> node_venv_lib_python3_12_site-packages_PyQt6["PyQt6"]\n    node_venv_lib_python3_12_site-packages_PyQt6 --> node_venv_lib_python3_12_site-packages_PyQt6_Qt6["Qt6"]\n    node_venv_lib_python3_12_site-packages_PyQt6_Qt6 --> node_venv_lib_python3_12_site-packages_PyQt6_Qt6_qml["qml"]\n    node_venv_lib_python3_12_site-packages_PyQt6_Qt6_qml --> node_venv_lib_python3_12_site-packages_PyQt6_Qt6_qml_QtQuick["QtQuick"]\n    node_venv_lib_python3_12_site-packages_PyQt6_Qt6_qml_QtQuick --> node_venv_lib_python3_12_site-packages_PyQt6_Qt6_qml_QtQuick_Controls["Controls"]\n    node_venv_lib_python3_12_site-packages_PyQt6_Qt6_qml_QtQuick_Controls --> node_venv_lib_python3_12_site-packages_PyQt6_Qt6_qml_QtQuick_Controls_FluentWinUI3["FluentWinUI3"]\n    node_venv_lib_python3_12_site-packages_PyQt6_Qt6_qml_QtQuick_Controls_FluentWinUI3 --> node_venv_lib_python3_12_site-packages_PyQt6_Qt6_qml_QtQuick_Controls_FluentWinUI3_dark["dark"]\n    node_venv_lib_python3_12_site-packages_PyQt6_Qt6_qml_QtQuick_Controls_FluentWinUI3_dark --> node_venv_lib_python3_12_site-packages_PyQt6_Qt6_qml_QtQuick_Controls_FluentWinUI3_dark_images["images"]\n    node_venv_lib_python3_12_site-packages_PyQt6_Qt6_qml_QtQuick_Controls_FluentWinUI3_dark_images --> node_venv_lib_python3_12_site-packages_PyQt6_Qt6_qml_QtQuick_Controls_FluentWinUI3_dark_images_checkbox-indicator-disabled@3x_png["checkbox-indicator-disabled@3x.png"]\n    Root --> node_venv["venv"]\n    node_venv --> node_venv_lib["lib"]\n    node_venv_lib --> node_venv_lib_python3_12["python3.12"]\n    node_venv_lib_python3_12 --> node_venv_lib_python3_12_site-packages["site-packages"]\n    node_venv_lib_python3_12_site-packages --> node_venv_lib_python3_12_site-packages_PyQt6["PyQt6"]\n    node_venv_lib_python3_12_site-packages_PyQt6 --> node_venv_lib_python3_12_site-packages_PyQt6_Qt6["Qt6"]\n    node_venv_lib_python3_12_site-packages_PyQt6_Qt6 --> node_venv_lib_python3_12_site-packages_PyQt6_Qt6_qml["qml"]\n    node_venv_lib_python3_12_site-packages_PyQt6_Qt6_qml --> node_venv_lib_python3_12_site-packages_PyQt6_Qt6_qml_QtQuick["QtQuick"]\n    node_venv_lib_python3_12_site-packages_PyQt6_Qt6_qml_QtQuick --> node_venv_lib_python3_12_site-packages_PyQt6_Qt6_qml_QtQuick_Controls["Controls"]\n    node_venv_lib_python3_12_site-packages_PyQt6_Qt6_qml_QtQuick_Controls --> node_venv_lib_python3_12_site-packages_PyQt6_Qt6_qml_QtQuick_Controls_FluentWinUI3["FluentWinUI3"]\n    node_venv_lib_python3_12_site-packages_PyQt6_Qt6_qml_QtQuick_Controls_FluentWinUI3 --> node_venv_lib_python3_12_site-packages_PyQt6_Qt6_qml_QtQuick_Controls_FluentWinUI3_dark["dark"]\n    node_venv_lib_python3_12_site-packages_PyQt6_Qt6_qml_QtQuick_Controls_FluentWinUI3_dark --> node_venv_lib_python3_12_site-packages_PyQt6_Qt6_qml_QtQuick_Controls_FluentWinUI3_dark_images["images"]\n    node_venv_lib_python3_12_site-packages_PyQt6_Qt6_qml_QtQuick_Controls_FluentWinUI3_dark_images --> node_venv_lib_python3_12_site-packages_PyQt6_Qt6_qml_QtQuick_Controls_FluentWinUI3_dark_images_checkbox-indicator-hovered-partiallyChecked_png["checkbox-indicator-hovered-partiallyChecked.png"]\n    Root --> node_venv["venv"]\n    node_venv --> node_venv_lib["lib"]\n    node_venv_lib --> node_venv_lib_python3_12["python3.12"]\n    node_venv_lib_python3_12 --> node_venv_lib_python3_12_site-packages["site-packages"]\n    node_venv_lib_python3_12_site-packages --> node_venv_lib_python3_12_site-packages_PyQt6["PyQt6"]\n    node_venv_lib_python3_12_site-packages_PyQt6 --> node_venv_lib_python3_12_site-packages_PyQt6_Qt6["Qt6"]\n    node_venv_lib_python3_12_site-packages_PyQt6_Qt6 --> node_venv_lib_python3_12_site-packages_PyQt6_Qt6_qml["qml"]\n    node_venv_lib_python3_12_site-packages_PyQt6_Qt6_qml --> node_venv_lib_python3_12_site-packages_PyQt6_Qt6_qml_QtQuick["QtQuick"]\n    node_venv_lib_python3_12_site-packages_PyQt6_Qt6_qml_QtQuick --> node_venv_lib_python3_12_site-packages_PyQt6_Qt6_qml_QtQuick_Controls["Controls"]\n    node_venv_lib_python3_12_site-packages_PyQt6_Qt6_qml_QtQuick_Controls --> node_venv_lib_python3_12_site-packages_PyQt6_Qt6_qml_QtQuick_Controls_FluentWinUI3["FluentWinUI3"]\n    node_venv_lib_python3_12_site-packages_PyQt6_Qt6_qml_QtQuick_Controls_FluentWinUI3 --> node_venv_lib_python3_12_site-packages_PyQt6_Qt6_qml_QtQuick_Controls_FluentWinUI3_dark["dark"]\n    node_venv_lib_python3_12_site-packages_PyQt6_Qt6_qml_QtQuick_Controls_FluentWinUI3_dark --> node_venv_lib_python3_12_site-packages_PyQt6_Qt6_qml_QtQuick_Controls_FluentWinUI3_dark_images["images"]\n    node_venv_lib_python3_12_site-packages_PyQt6_Qt6_qml_QtQuick_Controls_FluentWinUI3_dark_images --> node_venv_lib_python3_12_site-packages_PyQt6_Qt6_qml_QtQuick_Controls_FluentWinUI3_dark_images_checkbox-indicator-hovered-partiallyChecked@2x_png["checkbox-indicator-hovered-partiallyChecked@2x.png"]\n    Root --> node_venv["venv"]\n    node_venv --> node_venv_lib["lib"]\n    node_venv_lib --> node_venv_lib_python3_12["python3.12"]\n    node_venv_lib_python3_12 --> node_venv_lib_python3_12_site-packages["site-packages"]\n    node_venv_lib_python3_12_site-packages --> node_venv_lib_python3_12_site-packages_PyQt6["PyQt6"]\n    node_venv_lib_python3_12_site-packages_PyQt6 --> node_venv_lib_python3_12_site-packages_PyQt6_Qt6["Qt6"]\n    node_venv_lib_python3_12_site-packages_PyQt6_Qt6 --> node_venv_lib_python3_12_site-packages_PyQt6_Qt6_qml["qml"]\n    node_venv_lib_python3_12_site-packages_PyQt6_Qt6_qml --> node_venv_lib_python3_12_site-packages_PyQt6_Qt6_qml_QtQuick["QtQuick"]\n    node_venv_lib_python3_12_site-packages_PyQt6_Qt6_qml_QtQuick --> node_venv_lib_python3_12_site-packages_PyQt6_Qt6_qml_QtQuick_Controls["Controls"]\n    node_venv_lib_python3_12_site-packages_PyQt6_Qt6_qml_QtQuick_Controls --> node_venv_lib_python3_12_site-packages_PyQt6_Qt6_qml_QtQuick_Controls_FluentWinUI3["FluentWinUI3"]\n    node_venv_lib_python3_12_site-packages_PyQt6_Qt6_qml_QtQuick_Controls_FluentWinUI3 --> node_venv_lib_python3_12_site-packages_PyQt6_Qt6_qml_QtQuick_Controls_FluentWinUI3_dark["dark"]\n    node_venv_lib_python3_12_site-packages_PyQt6_Qt6_qml_QtQuick_Controls_FluentWinUI3_dark --> node_venv_lib_python3_12_site-packages_PyQt6_Qt6_qml_QtQuick_Controls_FluentWinUI3_dark_images["images"]\n    node_venv_lib_python3_12_site-packages_PyQt6_Qt6_qml_QtQuick_Controls_FluentWinUI3_dark_images --> node_venv_lib_python3_12_site-packages_PyQt6_Qt6_qml_QtQuick_Controls_FluentWinUI3_dark_images_checkbox-indicator-hovered-partiallyChecked@3x_png["checkbox-indicator-hovered-partiallyChecked@3x.png"]\n    Root --> node_venv["venv"]\n    node_venv --> node_venv_lib["lib"]\n    node_venv_lib --> node_venv_lib_python3_12["python3.12"]\n    node_venv_lib_python3_12 --> node_venv_lib_python3_12_site-packages["site-packages"]\n    node_venv_lib_python3_12_site-packages --> node_venv_lib_python3_12_site-packages_PyQt6["PyQt6"]\n    node_venv_lib_python3_12_site-packages_PyQt6 --> node_venv_lib_python3_12_site-packages_PyQt6_Qt6["Qt6"]\n    node_venv_lib_python3_12_site-packages_PyQt6_Qt6 --> node_venv_lib_python3_12_site-packages_PyQt6_Qt6_qml["qml"]\n    node_venv_lib_python3_12_site-packages_PyQt6_Qt6_qml --> node_venv_lib_python3_12_site-packages_PyQt6_Qt6_qml_QtQuick["QtQuick"]\n    node_venv_lib_python3_12_site-packages_PyQt6_Qt6_qml_QtQuick --> node_venv_lib_python3_12_site-packages_PyQt6_Qt6_qml_QtQuick_Controls["Controls"]\n    node_venv_lib_python3_12_site-packages_PyQt6_Qt6_qml_QtQuick_Controls --> node_venv_lib_python3_12_site-packages_PyQt6_Qt6_qml_QtQuick_Controls_FluentWinUI3["FluentWinUI3"]\n    node_venv_lib_python3_12_site-packages_PyQt6_Qt6_qml_QtQuick_Controls_FluentWinUI3 --> node_venv_lib_python3_12_site-packages_PyQt6_Qt6_qml_QtQuick_Controls_FluentWinUI3_dark["dark"]\n    node_venv_lib_python3_12_site-packages_PyQt6_Qt6_qml_QtQuick_Controls_FluentWinUI3_dark --> node_venv_lib_python3_12_site-packages_PyQt6_Qt6_qml_QtQuick_Controls_FluentWinUI3_dark_images["images"]\n    node_venv_lib_python3_12_site-packages_PyQt6_Qt6_qml_QtQuick_Controls_FluentWinUI3_dark_images --> node_venv_lib_python3_12_site-packages_PyQt6_Qt6_qml_QtQuick_Controls_FluentWinUI3_dark_images_checkbox-indicator-hovered_png["checkbox-indicator-hovered.png"]\n    Root --> node_venv["venv"]\n    node_venv --> node_venv_lib["lib"]\n    node_venv_lib --> node_venv_lib_python3_12["python3.12"]\n    node_venv_lib_python3_12 --> node_venv_lib_python3_12_site-packages["site-packages"]\n    node_venv_lib_python3_12_site-packages --> node_venv_lib_python3_12_site-packages_PyQt6["PyQt6"]\n    node_venv_lib_python3_12_site-packages_PyQt6 --> node_venv_lib_python3_12_site-packages_PyQt6_Qt6["Qt6"]\n    node_venv_lib_python3_12_site-packages_PyQt6_Qt6 --> node_venv_lib_python3_12_site-packages_PyQt6_Qt6_qml["qml"]\n    node_venv_lib_python3_12_site-packages_PyQt6_Qt6_qml --> node_venv_lib_python3_12_site-packages_PyQt6_Qt6_qml_QtQuick["QtQuick"]\n    node_venv_lib_python3_12_site-packages_PyQt6_Qt6_qml_QtQuick --> node_venv_lib_python3_12_site-packages_PyQt6_Qt6_qml_QtQuick_Controls["Controls"]\n    node_venv_lib_python3_12_site-packages_PyQt6_Qt6_qml_QtQuick_Controls --> node_venv_lib_python3_12_site-packages_PyQt6_Qt6_qml_QtQuick_Controls_FluentWinUI3["FluentWinUI3"]\n    node_venv_lib_python3_12_site-packages_PyQt6_Qt6_qml_QtQuick_Controls_FluentWinUI3 --> node_venv_lib_python3_12_site-packages_PyQt6_Qt6_qml_QtQuick_Controls_FluentWinUI3_dark["dark"]\n    node_venv_lib_python3_12_site-packages_PyQt6_Qt6_qml_QtQuick_Controls_FluentWinUI3_dark --> node_venv_lib_python3_12_site-packages_PyQt6_Qt6_qml_QtQuick_Controls_FluentWinUI3_dark_images["images"]\n    node_venv_lib_python3_12_site-packages_PyQt6_Qt6_qml_QtQuick_Controls_FluentWinUI3_dark_images --> node_venv_lib_python3_12_site-packages_PyQt6_Qt6_qml_QtQuick_Controls_FluentWinUI3_dark_images_checkbox-indicator-hovered@2x_png["checkbox-indicator-hovered@2x.png"]\n    Root --> node_venv["venv"]\n    node_venv --> node_venv_lib["lib"]\n    node_venv_lib --> node_venv_lib_python3_12["python3.12"]\n    node_venv_lib_python3_12 --> node_venv_lib_python3_12_site-packages["site-packages"]\n    node_venv_lib_python3_12_site-packages --> node_venv_lib_python3_12_site-packages_PyQt6["PyQt6"]\n    node_venv_lib_python3_12_site-packages_PyQt6 --> node_venv_lib_python3_12_site-packages_PyQt6_Qt6["Qt6"]\n    node_venv_lib_python3_12_site-packages_PyQt6_Qt6 --> node_venv_lib_python3_12_site-packages_PyQt6_Qt6_qml["qml"]\n    node_venv_lib_python3_12_site-packages_PyQt6_Qt6_qml --> node_venv_lib_python3_12_site-packages_PyQt6_Qt6_qml_QtQuick["QtQuick"]\n    node_venv_lib_python3_12_site-packages_PyQt6_Qt6_qml_QtQuick --> node_venv_lib_python3_12_site-packages_PyQt6_Qt6_qml_QtQuick_Controls["Controls"]\n    node_venv_lib_python3_12_site-packages_PyQt6_Qt6_qml_QtQuick_Controls --> node_venv_lib_python3_12_site-packages_PyQt6_Qt6_qml_QtQuick_Controls_FluentWinUI3["FluentWinUI3"]\n    node_venv_lib_python3_12_site-packages_PyQt6_Qt6_qml_QtQuick_Controls_FluentWinUI3 --> node_venv_lib_python3_12_site-packages_PyQt6_Qt6_qml_QtQuick_Controls_FluentWinUI3_dark["dark"]\n    node_venv_lib_python3_12_site-packages_PyQt6_Qt6_qml_QtQuick_Controls_FluentWinUI3_dark --> node_venv_lib_python3_12_site-packages_PyQt6_Qt6_qml_QtQuick_Controls_FluentWinUI3_dark_images["images"]\n    node_venv_lib_python3_12_site-packages_PyQt6_Qt6_qml_QtQuick_Controls_FluentWinUI3_dark_images --> node_venv_lib_python3_12_site-packages_PyQt6_Qt6_qml_QtQuick_Controls_FluentWinUI3_dark_images_checkbox-indicator-hovered@3x_png["checkbox-indicator-hovered@3x.png"]\n    Root --> node_venv["venv"]\n    node_venv --> node_venv_lib["lib"]\n    node_venv_lib --> node_venv_lib_python3_12["python3.12"]\n    node_venv_lib_python3_12 --> node_venv_lib_python3_12_site-packages["site-packages"]\n    node_venv_lib_python3_12_site-packages --> node_venv_lib_python3_12_site-packages_PyQt6["PyQt6"]\n    node_venv_lib_python3_12_site-packages_PyQt6 --> node_venv_lib_python3_12_site-packages_PyQt6_Qt6["Qt6"]\n    node_venv_lib_python3_12_site-packages_PyQt6_Qt6 --> node_venv_lib_python3_12_site-packages_PyQt6_Qt6_qml["qml"]\n    node_venv_lib_python3_12_site-packages_PyQt6_Qt6_qml --> node_venv_lib_python3_12_site-packages_PyQt6_Qt6_qml_QtQuick["QtQuick"]\n    node_venv_lib_python3_12_site-packages_PyQt6_Qt6_qml_QtQuick --> node_venv_lib_python3_12_site-packages_PyQt6_Qt6_qml_QtQuick_Controls["Controls"]\n    node_venv_lib_python3_12_site-packages_PyQt6_Qt6_qml_QtQuick_Controls --> node_venv_lib_python3_12_site-packages_PyQt6_Qt6_qml_QtQuick_Controls_FluentWinUI3["FluentWinUI3"]\n    node_venv_lib_python3_12_site-packages_PyQt6_Qt6_qml_QtQuick_Controls_FluentWinUI3 --> node_venv_lib_python3_12_site-packages_PyQt6_Qt6_qml_QtQuick_Controls_FluentWinUI3_dark["dark"]\n    node_venv_lib_python3_12_site-packages_PyQt6_Qt6_qml_QtQuick_Controls_FluentWinUI3_dark --> node_venv_lib_python3_12_site-packages_PyQt6_Qt6_qml_QtQuick_Controls_FluentWinUI3_dark_images["images"]\n    node_venv_lib_python3_12_site-packages_PyQt6_Qt6_qml_QtQuick_Controls_FluentWinUI3_dark_images --> node_venv_lib_python3_12_site-packages_PyQt6_Qt6_qml_QtQuick_Controls_FluentWinUI3_dark_images_checkbox-indicator-partiallyChecked-pressed_png["checkbox-indicator-partiallyChecked-pressed.png"]\n    Root --> node_venv["venv"]\n    node_venv --> node_venv_lib["lib"]\n    node_venv_lib --> node_venv_lib_python3_12["python3.12"]\n    node_venv_lib_python3_12 --> node_venv_lib_python3_12_site-packages["site-packages"]\n    node_venv_lib_python3_12_site-packages --> node_venv_lib_python3_12_site-packages_PyQt6["PyQt6"]\n    node_venv_lib_python3_12_site-packages_PyQt6 --> node_venv_lib_python3_12_site-packages_PyQt6_Qt6["Qt6"]\n    node_venv_lib_python3_12_site-packages_PyQt6_Qt6 --> node_venv_lib_python3_12_site-packages_PyQt6_Qt6_qml["qml"]\n    node_venv_lib_python3_12_site-packages_PyQt6_Qt6_qml --> node_venv_lib_python3_12_site-packages_PyQt6_Qt6_qml_QtQuick["QtQuick"]\n    node_venv_lib_python3_12_site-packages_PyQt6_Qt6_qml_QtQuick --> node_venv_lib_python3_12_site-packages_PyQt6_Qt6_qml_QtQuick_Controls["Controls"]\n    node_venv_lib_python3_12_site-packages_PyQt6_Qt6_qml_QtQuick_Controls --> node_venv_lib_python3_12_site-packages_PyQt6_Qt6_qml_QtQuick_Controls_FluentWinUI3["FluentWinUI3"]\n    node_venv_lib_python3_12_site-packages_PyQt6_Qt6_qml_QtQuick_Controls_FluentWinUI3 --> node_venv_lib_python3_12_site-packages_PyQt6_Qt6_qml_QtQuick_Controls_FluentWinUI3_dark["dark"]\n    node_venv_lib_python3_12_site-packages_PyQt6_Qt6_qml_QtQuick_Controls_FluentWinUI3_dark --> node_venv_lib_python3_12_site-packages_PyQt6_Qt6_qml_QtQuick_Controls_FluentWinUI3_dark_images["images"]\n    node_venv_lib_python3_12_site-packages_PyQt6_Qt6_qml_QtQuick_Controls_FluentWinUI3_dark_images --> node_venv_lib_python3_12_site-packages_PyQt6_Qt6_qml_QtQuick_Controls_FluentWinUI3_dark_images_checkbox-indicator-partiallyChecked-pressed@2x_png["checkbox-indicator-partiallyChecked-pressed@2x.png"]\n    Root --> node_venv["venv"]\n    node_venv --> node_venv_lib["lib"]\n    node_venv_lib --> node_venv_lib_python3_12["python3.12"]\n    node_venv_lib_python3_12 --> node_venv_lib_python3_12_site-packages["site-packages"]\n    node_venv_lib_python3_12_site-packages --> node_venv_lib_python3_12_site-packages_PyQt6["PyQt6"]\n    node_venv_lib_python3_12_site-packages_PyQt6 --> node_venv_lib_python3_12_site-packages_PyQt6_Qt6["Qt6"]\n    node_venv_lib_python3_12_site-packages_PyQt6_Qt6 --> node_venv_lib_python3_12_site-packages_PyQt6_Qt6_qml["qml"]\n    node_venv_lib_python3_12_site-packages_PyQt6_Qt6_qml --> node_venv_lib_python3_12_site-packages_PyQt6_Qt6_qml_QtQuick["QtQuick"]\n    node_venv_lib_python3_12_site-packages_PyQt6_Qt6_qml_QtQuick --> node_venv_lib_python3_12_site-packages_PyQt6_Qt6_qml_QtQuick_Controls["Controls"]\n    node_venv_lib_python3_12_site-packages_PyQt6_Qt6_qml_QtQuick_Controls --> node_venv_lib_python3_12_site-packages_PyQt6_Qt6_qml_QtQuick_Controls_FluentWinUI3["FluentWinUI3"]\n    node_venv_lib_python3_12_site-packages_PyQt6_Qt6_qml_QtQuick_Controls_FluentWinUI3 --> node_venv_lib_python3_12_site-packages_PyQt6_Qt6_qml_QtQuick_Controls_FluentWinUI3_dark["dark"]\n    node_venv_lib_python3_12_site-packages_PyQt6_Qt6_qml_QtQuick_Controls_FluentWinUI3_dark --> node_venv_lib_python3_12_site-packages_PyQt6_Qt6_qml_QtQuick_Controls_FluentWinUI3_dark_images["images"]\n    node_venv_lib_python3_12_site-packages_PyQt6_Qt6_qml_QtQuick_Controls_FluentWinUI3_dark_images --> node_venv_lib_python3_12_site-packages_PyQt6_Qt6_qml_QtQuick_Controls_FluentWinUI3_dark_images_checkbox-indicator-partiallyChecked-pressed@3x_png["checkbox-indicator-partiallyChecked-pressed@3x.png"]\n    Root --> node_venv["venv"]\n    node_venv --> node_venv_lib["lib"]\n    node_venv_lib --> node_venv_lib_python3_12["python3.12"]\n    node_venv_lib_python3_12 --> node_venv_lib_python3_12_site-packages["site-packages"]\n    node_venv_lib_python3_12_site-packages --> node_venv_lib_python3_12_site-packages_PyQt6["PyQt6"]\n    node_venv_lib_python3_12_site-packages_PyQt6 --> node_venv_lib_python3_12_site-packages_PyQt6_Qt6["Qt6"]\n    node_venv_lib_python3_12_site-packages_PyQt6_Qt6 --> node_venv_lib_python3_12_site-packages_PyQt6_Qt6_qml["qml"]\n    node_venv_lib_python3_12_site-packages_PyQt6_Qt6_qml --> node_venv_lib_python3_12_site-packages_PyQt6_Qt6_qml_QtQuick["QtQuick"]\n    node_venv_lib_python3_12_site-packages_PyQt6_Qt6_qml_QtQuick --> node_venv_lib_python3_12_site-packages_PyQt6_Qt6_qml_QtQuick_Controls["Controls"]\n    node_venv_lib_python3_12_site-packages_PyQt6_Qt6_qml_QtQuick_Controls --> node_venv_lib_python3_12_site-packages_PyQt6_Qt6_qml_QtQuick_Controls_FluentWinUI3["FluentWinUI3"]\n    node_venv_lib_python3_12_site-packages_PyQt6_Qt6_qml_QtQuick_Controls_FluentWinUI3 --> node_venv_lib_python3_12_site-packages_PyQt6_Qt6_qml_QtQuick_Controls_FluentWinUI3_dark["dark"]\n    node_venv_lib_python3_12_site-packages_PyQt6_Qt6_qml_QtQuick_Controls_FluentWinUI3_dark --> node_venv_lib_python3_12_site-packages_PyQt6_Qt6_qml_QtQuick_Controls_FluentWinUI3_dark_images["images"]\n    node_venv_lib_python3_12_site-packages_PyQt6_Qt6_qml_QtQuick_Controls_FluentWinUI3_dark_images --> node_venv_lib_python3_12_site-packages_PyQt6_Qt6_qml_QtQuick_Controls_FluentWinUI3_dark_images_checkbox-indicator-partiallyChecked_png["checkbox-indicator-partiallyChecked.png"]\n    Root --> node_venv["venv"]\n    node_venv --> node_venv_lib["lib"]\n    node_venv_lib --> node_venv_lib_python3_12["python3.12"]\n    node_venv_lib_python3_12 --> node_venv_lib_python3_12_site-packages["site-packages"]\n    node_venv_lib_python3_12_site-packages --> node_venv_lib_python3_12_site-packages_PyQt6["PyQt6"]\n    node_venv_lib_python3_12_site-packages_PyQt6 --> node_venv_lib_python3_12_site-packages_PyQt6_Qt6["Qt6"]\n    node_venv_lib_python3_12_site-packages_PyQt6_Qt6 --> node_venv_lib_python3_12_site-packages_PyQt6_Qt6_qml["qml"]\n    node_venv_lib_python3_12_site-packages_PyQt6_Qt6_qml --> node_venv_lib_python3_12_site-packages_PyQt6_Qt6_qml_QtQuick["QtQuick"]\n    node_venv_lib_python3_12_site-packages_PyQt6_Qt6_qml_QtQuick --> node_venv_lib_python3_12_site-packages_PyQt6_Qt6_qml_QtQuick_Controls["Controls"]\n    node_venv_lib_python3_12_site-packages_PyQt6_Qt6_qml_QtQuick_Controls --> node_venv_lib_python3_12_site-packages_PyQt6_Qt6_qml_QtQuick_Controls_FluentWinUI3["FluentWinUI3"]\n    node_venv_lib_python3_12_site-packages_PyQt6_Qt6_qml_QtQuick_Controls_FluentWinUI3 --> node_venv_lib_python3_12_site-packages_PyQt6_Qt6_qml_QtQuick_Controls_FluentWinUI3_dark["dark"]\n    node_venv_lib_python3_12_site-packages_PyQt6_Qt6_qml_QtQuick_Controls_FluentWinUI3_dark --> node_venv_lib_python3_12_site-packages_PyQt6_Qt6_qml_QtQuick_Controls_FluentWinUI3_dark_images["images"]\n    node_venv_lib_python3_12_site-packages_PyQt6_Qt6_qml_QtQuick_Controls_FluentWinUI3_dark_images --> node_venv_lib_python3_12_site-packages_PyQt6_Qt6_qml_QtQuick_Controls_FluentWinUI3_dark_images_checkbox-indicator-partiallyChecked@2x_png["checkbox-indicator-partiallyChecked@2x.png"]\n    Root --> node_venv["venv"]\n    node_venv --> node_venv_lib["lib"]\n    node_venv_lib --> node_venv_lib_python3_12["python3.12"]\n    node_venv_lib_python3_12 --> node_venv_lib_python3_12_site-packages["site-packages"]\n    node_venv_lib_python3_12_site-packages --> node_venv_lib_python3_12_site-packages_PyQt6["PyQt6"]\n    node_venv_lib_python3_12_site-packages_PyQt6 --> node_venv_lib_python3_12_site-packages_PyQt6_Qt6["Qt6"]\n    node_venv_lib_python3_12_site-packages_PyQt6_Qt6 --> node_venv_lib_python3_12_site-packages_PyQt6_Qt6_qml["qml"]\n    node_venv_lib_python3_12_site-packages_PyQt6_Qt6_qml --> node_venv_lib_python3_12_site-packages_PyQt6_Qt6_qml_QtQuick["QtQuick"]\n    node_venv_lib_python3_12_site-packages_PyQt6_Qt6_qml_QtQuick --> node_venv_lib_python3_12_site-packages_PyQt6_Qt6_qml_QtQuick_Controls["Controls"]\n    node_venv_lib_python3_12_site-packages_PyQt6_Qt6_qml_QtQuick_Controls --> node_venv_lib_python3_12_site-packages_PyQt6_Qt6_qml_QtQuick_Controls_FluentWinUI3["FluentWinUI3"]\n    node_venv_lib_python3_12_site-packages_PyQt6_Qt6_qml_QtQuick_Controls_FluentWinUI3 --> node_venv_lib_python3_12_site-packages_PyQt6_Qt6_qml_QtQuick_Controls_FluentWinUI3_dark["dark"]\n    node_venv_lib_python3_12_site-packages_PyQt6_Qt6_qml_QtQuick_Controls_FluentWinUI3_dark --> node_venv_lib_python3_12_site-packages_PyQt6_Qt6_qml_QtQuick_Controls_FluentWinUI3_dark_images["images"]\n    node_venv_lib_python3_12_site-packages_PyQt6_Qt6_qml_QtQuick_Controls_FluentWinUI3_dark_images --> node_venv_lib_python3_12_site-packages_PyQt6_Qt6_qml_QtQuick_Controls_FluentWinUI3_dark_images_checkbox-indicator-partiallyChecked@3x_png["checkbox-indicator-partiallyChecked@3x.png"]\n    Root --> node_venv["venv"]\n    node_venv --> node_venv_lib["lib"]\n    node_venv_lib --> node_venv_lib_python3_12["python3.12"]\n    node_venv_lib_python3_12 --> node_venv_lib_python3_12_site-packages["site-packages"]\n    node_venv_lib_python3_12_site-packages --> node_venv_lib_python3_12_site-packages_PyQt6["PyQt6"]\n    node_venv_lib_python3_12_site-packages_PyQt6 --> node_venv_lib_python3_12_site-packages_PyQt6_Qt6["Qt6"]\n    node_venv_lib_python3_12_site-packages_PyQt6_Qt6 --> node_venv_lib_python3_12_site-packages_PyQt6_Qt6_qml["qml"]\n    node_venv_lib_python3_12_site-packages_PyQt6_Qt6_qml --> node_venv_lib_python3_12_site-packages_PyQt6_Qt6_qml_QtQuick["QtQuick"]\n    node_venv_lib_python3_12_site-packages_PyQt6_Qt6_qml_QtQuick --> node_venv_lib_python3_12_site-packages_PyQt6_Qt6_qml_QtQuick_Controls["Controls"]\n    node_venv_lib_python3_12_site-packages_PyQt6_Qt6_qml_QtQuick_Controls --> node_venv_lib_python3_12_site-packages_PyQt6_Qt6_qml_QtQuick_Controls_FluentWinUI3["FluentWinUI3"]\n    node_venv_lib_python3_12_site-packages_PyQt6_Qt6_qml_QtQuick_Controls_FluentWinUI3 --> node_venv_lib_python3_12_site-packages_PyQt6_Qt6_qml_QtQuick_Controls_FluentWinUI3_dark["dark"]\n    node_venv_lib_python3_12_site-packages_PyQt6_Qt6_qml_QtQuick_Controls_FluentWinUI3_dark --> node_venv_lib_python3_12_site-packages_PyQt6_Qt6_qml_QtQuick_Controls_FluentWinUI3_dark_images["images"]\n    node_venv_lib_python3_12_site-packages_PyQt6_Qt6_qml_QtQuick_Controls_FluentWinUI3_dark_images --> node_venv_lib_python3_12_site-packages_PyQt6_Qt6_qml_QtQuick_Controls_FluentWinUI3_dark_images_checkbox-indicator-pressed_png["checkbox-indicator-pressed.png"]\n    Root --> node_venv["venv"]\n    node_venv --> node_venv_lib["lib"]\n    node_venv_lib --> node_venv_lib_python3_12["python3.12"]\n    node_venv_lib_python3_12 --> node_venv_lib_python3_12_site-packages["site-packages"]\n    node_venv_lib_python3_12_site-packages --> node_venv_lib_python3_12_site-packages_PyQt6["PyQt6"]\n    node_venv_lib_python3_12_site-packages_PyQt6 --> node_venv_lib_python3_12_site-packages_PyQt6_Qt6["Qt6"]\n    node_venv_lib_python3_12_site-packages_PyQt6_Qt6 --> node_venv_lib_python3_12_site-packages_PyQt6_Qt6_qml["qml"]\n    node_venv_lib_python3_12_site-packages_PyQt6_Qt6_qml --> node_venv_lib_python3_12_site-packages_PyQt6_Qt6_qml_QtQuick["QtQuick"]\n    node_venv_lib_python3_12_site-packages_PyQt6_Qt6_qml_QtQuick --> node_venv_lib_python3_12_site-packages_PyQt6_Qt6_qml_QtQuick_Controls["Controls"]\n    node_venv_lib_python3_12_site-packages_PyQt6_Qt6_qml_QtQuick_Controls --> node_venv_lib_python3_12_site-packages_PyQt6_Qt6_qml_QtQuick_Controls_FluentWinUI3["FluentWinUI3"]\n    node_venv_lib_python3_12_site-packages_PyQt6_Qt6_qml_QtQuick_Controls_FluentWinUI3 --> node_venv_lib_python3_12_site-packages_PyQt6_Qt6_qml_QtQuick_Controls_FluentWinUI3_dark["dark"]\n    node_venv_lib_python3_12_site-packages_PyQt6_Qt6_qml_QtQuick_Controls_FluentWinUI3_dark --> node_venv_lib_python3_12_site-packages_PyQt6_Qt6_qml_QtQuick_Controls_FluentWinUI3_dark_images["images"]\n    node_venv_lib_python3_12_site-packages_PyQt6_Qt6_qml_QtQuick_Controls_FluentWinUI3_dark_images --> node_venv_lib_python3_12_site-packages_PyQt6_Qt6_qml_QtQuick_Controls_FluentWinUI3_dark_images_checkbox-indicator-pressed@2x_png["checkbox-indicator-pressed@2x.png"]\n    Root --> node_venv["venv"]\n    node_venv --> node_venv_lib["lib"]\n    node_venv_lib --> node_venv_lib_python3_12["python3.12"]\n    node_venv_lib_python3_12 --> node_venv_lib_python3_12_site-packages["site-packages"]\n    node_venv_lib_python3_12_site-packages --> node_venv_lib_python3_12_site-packages_PyQt6["PyQt6"]\n    node_venv_lib_python3_12_site-packages_PyQt6 --> node_venv_lib_python3_12_site-packages_PyQt6_Qt6["Qt6"]\n    node_venv_lib_python3_12_site-packages_PyQt6_Qt6 --> node_venv_lib_python3_12_site-packages_PyQt6_Qt6_qml["qml"]\n    node_venv_lib_python3_12_site-packages_PyQt6_Qt6_qml --> node_venv_lib_python3_12_site-packages_PyQt6_Qt6_qml_QtQuick["QtQuick"]\n    node_venv_lib_python3_12_site-packages_PyQt6_Qt6_qml_QtQuick --> node_venv_lib_python3_12_site-packages_PyQt6_Qt6_qml_QtQuick_Controls["Controls"]\n    node_venv_lib_python3_12_site-packages_PyQt6_Qt6_qml_QtQuick_Controls --> node_venv_lib_python3_12_site-packages_PyQt6_Qt6_qml_QtQuick_Controls_FluentWinUI3["FluentWinUI3"]\n    node_venv_lib_python3_12_site-packages_PyQt6_Qt6_qml_QtQuick_Controls_FluentWinUI3 --> node_venv_lib_python3_12_site-packages_PyQt6_Qt6_qml_QtQuick_Controls_FluentWinUI3_dark["dark"]\n    node_venv_lib_python3_12_site-packages_PyQt6_Qt6_qml_QtQuick_Controls_FluentWinUI3_dark --> node_venv_lib_python3_12_site-packages_PyQt6_Qt6_qml_QtQuick_Controls_FluentWinUI3_dark_images["images"]\n    node_venv_lib_python3_12_site-packages_PyQt6_Qt6_qml_QtQuick_Controls_FluentWinUI3_dark_images --> node_venv_lib_python3_12_site-packages_PyQt6_Qt6_qml_QtQuick_Controls_FluentWinUI3_dark_images_checkbox-indicator-pressed@3x_png["checkbox-indicator-pressed@3x.png"]\n    Root --> node_venv["venv"]\n    node_venv --> node_venv_lib["lib"]\n    node_venv_lib --> node_venv_lib_python3_12["python3.12"]\n    node_venv_lib_python3_12 --> node_venv_lib_python3_12_site-packages["site-packages"]\n    node_venv_lib_python3_12_site-packages --> node_venv_lib_python3_12_site-packages_PyQt6["PyQt6"]\n    node_venv_lib_python3_12_site-packages_PyQt6 --> node_venv_lib_python3_12_site-packages_PyQt6_Qt6["Qt6"]\n    node_venv_lib_python3_12_site-packages_PyQt6_Qt6 --> node_venv_lib_python3_12_site-packages_PyQt6_Qt6_qml["qml"]\n    node_venv_lib_python3_12_site-packages_PyQt6_Qt6_qml --> node_venv_lib_python3_12_site-packages_PyQt6_Qt6_qml_QtQuick["QtQuick"]\n    node_venv_lib_python3_12_site-packages_PyQt6_Qt6_qml_QtQuick --> node_venv_lib_python3_12_site-packages_PyQt6_Qt6_qml_QtQuick_Controls["Controls"]\n    node_venv_lib_python3_12_site-packages_PyQt6_Qt6_qml_QtQuick_Controls --> node_venv_lib_python3_12_site-packages_PyQt6_Qt6_qml_QtQuick_Controls_FluentWinUI3["FluentWinUI3"]\n    node_venv_lib_python3_12_site-packages_PyQt6_Qt6_qml_QtQuick_Controls_FluentWinUI3 --> node_venv_lib_python3_12_site-packages_PyQt6_Qt6_qml_QtQuick_Controls_FluentWinUI3_dark["dark"]\n    node_venv_lib_python3_12_site-packages_PyQt6_Qt6_qml_QtQuick_Controls_FluentWinUI3_dark --> node_venv_lib_python3_12_site-packages_PyQt6_Qt6_qml_QtQuick_Controls_FluentWinUI3_dark_images["images"]\n    node_venv_lib_python3_12_site-packages_PyQt6_Qt6_qml_QtQuick_Controls_FluentWinUI3_dark_images --> node_venv_lib_python3_12_site-packages_PyQt6_Qt6_qml_QtQuick_Controls_FluentWinUI3_dark_images_checkbox-indicator_png["checkbox-indicator.png"]\n    Root --> node_venv["venv"]\n    node_venv --> node_venv_lib["lib"]\n    node_venv_lib --> node_venv_lib_python3_12["python3.12"]\n    node_venv_lib_python3_12 --> node_venv_lib_python3_12_site-packages["site-packages"]\n    node_venv_lib_python3_12_site-packages --> node_venv_lib_python3_12_site-packages_PyQt6["PyQt6"]\n    node_venv_lib_python3_12_site-packages_PyQt6 --> node_venv_lib_python3_12_site-packages_PyQt6_Qt6["Qt6"]\n    node_venv_lib_python3_12_site-packages_PyQt6_Qt6 --> node_venv_lib_python3_12_site-packages_PyQt6_Qt6_qml["qml"]\n    node_venv_lib_python3_12_site-packages_PyQt6_Qt6_qml --> node_venv_lib_python3_12_site-packages_PyQt6_Qt6_qml_QtQuick["QtQuick"]\n    node_venv_lib_python3_12_site-packages_PyQt6_Qt6_qml_QtQuick --> node_venv_lib_python3_12_site-packages_PyQt6_Qt6_qml_QtQuick_Controls["Controls"]\n    node_venv_lib_python3_12_site-packages_PyQt6_Qt6_qml_QtQuick_Controls --> node_venv_lib_python3_12_site-packages_PyQt6_Qt6_qml_QtQuick_Controls_FluentWinUI3["FluentWinUI3"]\n    node_venv_lib_python3_12_site-packages_PyQt6_Qt6_qml_QtQuick_Controls_FluentWinUI3 --> node_venv_lib_python3_12_site-packages_PyQt6_Qt6_qml_QtQuick_Controls_FluentWinUI3_dark["dark"]\n    node_venv_lib_python3_12_site-packages_PyQt6_Qt6_qml_QtQuick_Controls_FluentWinUI3_dark --> node_venv_lib_python3_12_site-packages_PyQt6_Qt6_qml_QtQuick_Controls_FluentWinUI3_dark_images["images"]\n    node_venv_lib_python3_12_site-packages_PyQt6_Qt6_qml_QtQuick_Controls_FluentWinUI3_dark_images --> node_venv_lib_python3_12_site-packages_PyQt6_Qt6_qml_QtQuick_Controls_FluentWinUI3_dark_images_checkbox-indicator@2x_png["checkbox-indicator@2x.png"]\n    Root --> node_venv["venv"]\n    node_venv --> node_venv_lib["lib"]\n    node_venv_lib --> node_venv_lib_python3_12["python3.12"]\n    node_venv_lib_python3_12 --> node_venv_lib_python3_12_site-packages["site-packages"]\n    node_venv_lib_python3_12_site-packages --> node_venv_lib_python3_12_site-packages_PyQt6["PyQt6"]\n    node_venv_lib_python3_12_site-packages_PyQt6 --> node_venv_lib_python3_12_site-packages_PyQt6_Qt6["Qt6"]\n    node_venv_lib_python3_12_site-packages_PyQt6_Qt6 --> node_venv_lib_python3_12_site-packages_PyQt6_Qt6_qml["qml"]\n    node_venv_lib_python3_12_site-packages_PyQt6_Qt6_qml --> node_venv_lib_python3_12_site-packages_PyQt6_Qt6_qml_QtQuick["QtQuick"]\n    node_venv_lib_python3_12_site-packages_PyQt6_Qt6_qml_QtQuick --> node_venv_lib_python3_12_site-packages_PyQt6_Qt6_qml_QtQuick_Controls["Controls"]\n    node_venv_lib_python3_12_site-packages_PyQt6_Qt6_qml_QtQuick_Controls --> node_venv_lib_python3_12_site-packages_PyQt6_Qt6_qml_QtQuick_Controls_FluentWinUI3["FluentWinUI3"]\n    node_venv_lib_python3_12_site-packages_PyQt6_Qt6_qml_QtQuick_Controls_FluentWinUI3 --> node_venv_lib_python3_12_site-packages_PyQt6_Qt6_qml_QtQuick_Controls_FluentWinUI3_dark["dark"]\n    node_venv_lib_python3_12_site-packages_PyQt6_Qt6_qml_QtQuick_Controls_FluentWinUI3_dark --> node_venv_lib_python3_12_site-packages_PyQt6_Qt6_qml_QtQuick_Controls_FluentWinUI3_dark_images["images"]\n    node_venv_lib_python3_12_site-packages_PyQt6_Qt6_qml_QtQuick_Controls_FluentWinUI3_dark_images --> node_venv_lib_python3_12_site-packages_PyQt6_Qt6_qml_QtQuick_Controls_FluentWinUI3_dark_images_checkbox-indicator@3x_png["checkbox-indicator@3x.png"]\n    Root --> node_venv["venv"]\n    node_venv --> node_venv_lib["lib"]\n    node_venv_lib --> node_venv_lib_python3_12["python3.12"]\n    node_venv_lib_python3_12 --> node_venv_lib_python3_12_site-packages["site-packages"]\n    node_venv_lib_python3_12_site-packages --> node_venv_lib_python3_12_site-packages_PyQt6["PyQt6"]\n    node_venv_lib_python3_12_site-packages_PyQt6 --> node_venv_lib_python3_12_site-packages_PyQt6_Qt6["Qt6"]\n    node_venv_lib_python3_12_site-packages_PyQt6_Qt6 --> node_venv_lib_python3_12_site-packages_PyQt6_Qt6_qml["qml"]\n    node_venv_lib_python3_12_site-packages_PyQt6_Qt6_qml --> node_venv_lib_python3_12_site-packages_PyQt6_Qt6_qml_QtQuick["QtQuick"]\n    node_venv_lib_python3_12_site-packages_PyQt6_Qt6_qml_QtQuick --> node_venv_lib_python3_12_site-packages_PyQt6_Qt6_qml_QtQuick_Controls["Controls"]\n    node_venv_lib_python3_12_site-packages_PyQt6_Qt6_qml_QtQuick_Controls --> node_venv_lib_python3_12_site-packages_PyQt6_Qt6_qml_QtQuick_Controls_FluentWinUI3["FluentWinUI3"]\n    node_venv_lib_python3_12_site-packages_PyQt6_Qt6_qml_QtQuick_Controls_FluentWinUI3 --> node_venv_lib_python3_12_site-packages_PyQt6_Qt6_qml_QtQuick_Controls_FluentWinUI3_dark["dark"]\n    node_venv_lib_python3_12_site-packages_PyQt6_Qt6_qml_QtQuick_Controls_FluentWinUI3_dark --> node_venv_lib_python3_12_site-packages_PyQt6_Qt6_qml_QtQuick_Controls_FluentWinUI3_dark_images["images"]\n    node_venv_lib_python3_12_site-packages_PyQt6_Qt6_qml_QtQuick_Controls_FluentWinUI3_dark_images --> node_venv_lib_python3_12_site-packages_PyQt6_Qt6_qml_QtQuick_Controls_FluentWinUI3_dark_images_combobox-background-disabled_png["combobox-background-disabled.png"]\n    Root --> node_venv["venv"]\n    node_venv --> node_venv_lib["lib"]\n    node_venv_lib --> node_venv_lib_python3_12["python3.12"]\n    node_venv_lib_python3_12 --> node_venv_lib_python3_12_site-packages["site-packages"]\n    node_venv_lib_python3_12_site-packages --> node_venv_lib_python3_12_site-packages_PyQt6["PyQt6"]\n    node_venv_lib_python3_12_site-packages_PyQt6 --> node_venv_lib_python3_12_site-packages_PyQt6_Qt6["Qt6"]\n    node_venv_lib_python3_12_site-packages_PyQt6_Qt6 --> node_venv_lib_python3_12_site-packages_PyQt6_Qt6_qml["qml"]\n    node_venv_lib_python3_12_site-packages_PyQt6_Qt6_qml --> node_venv_lib_python3_12_site-packages_PyQt6_Qt6_qml_QtQuick["QtQuick"]\n    node_venv_lib_python3_12_site-packages_PyQt6_Qt6_qml_QtQuick --> node_venv_lib_python3_12_site-packages_PyQt6_Qt6_qml_QtQuick_Controls["Controls"]\n    node_venv_lib_python3_12_site-packages_PyQt6_Qt6_qml_QtQuick_Controls --> node_venv_lib_python3_12_site-packages_PyQt6_Qt6_qml_QtQuick_Controls_FluentWinUI3["FluentWinUI3"]\n    node_venv_lib_python3_12_site-packages_PyQt6_Qt6_qml_QtQuick_Controls_FluentWinUI3 --> node_venv_lib_python3_12_site-packages_PyQt6_Qt6_qml_QtQuick_Controls_FluentWinUI3_dark["dark"]\n    node_venv_lib_python3_12_site-packages_PyQt6_Qt6_qml_QtQuick_Controls_FluentWinUI3_dark --> node_venv_lib_python3_12_site-packages_PyQt6_Qt6_qml_QtQuick_Controls_FluentWinUI3_dark_images["images"]\n    node_venv_lib_python3_12_site-packages_PyQt6_Qt6_qml_QtQuick_Controls_FluentWinUI3_dark_images --> node_venv_lib_python3_12_site-packages_PyQt6_Qt6_qml_QtQuick_Controls_FluentWinUI3_dark_images_combobox-background-disabled@2x_png["combobox-background-disabled@2x.png"]\n    Root --> node_venv["venv"]\n    node_venv --> node_venv_lib["lib"]\n    node_venv_lib --> node_venv_lib_python3_12["python3.12"]\n    node_venv_lib_python3_12 --> node_venv_lib_python3_12_site-packages["site-packages"]\n    node_venv_lib_python3_12_site-packages --> node_venv_lib_python3_12_site-packages_PyQt6["PyQt6"]\n    node_venv_lib_python3_12_site-packages_PyQt6 --> node_venv_lib_python3_12_site-packages_PyQt6_Qt6["Qt6"]\n    node_venv_lib_python3_12_site-packages_PyQt6_Qt6 --> node_venv_lib_python3_12_site-packages_PyQt6_Qt6_qml["qml"]\n    node_venv_lib_python3_12_site-packages_PyQt6_Qt6_qml --> node_venv_lib_python3_12_site-packages_PyQt6_Qt6_qml_QtQuick["QtQuick"]\n    node_venv_lib_python3_12_site-packages_PyQt6_Qt6_qml_QtQuick --> node_venv_lib_python3_12_site-packages_PyQt6_Qt6_qml_QtQuick_Controls["Controls"]\n    node_venv_lib_python3_12_site-packages_PyQt6_Qt6_qml_QtQuick_Controls --> node_venv_lib_python3_12_site-packages_PyQt6_Qt6_qml_QtQuick_Controls_FluentWinUI3["FluentWinUI3"]\n    node_venv_lib_python3_12_site-packages_PyQt6_Qt6_qml_QtQuick_Controls_FluentWinUI3 --> node_venv_lib_python3_12_site-packages_PyQt6_Qt6_qml_QtQuick_Controls_FluentWinUI3_dark["dark"]\n    node_venv_lib_python3_12_site-packages_PyQt6_Qt6_qml_QtQuick_Controls_FluentWinUI3_dark --> node_venv_lib_python3_12_site-packages_PyQt6_Qt6_qml_QtQuick_Controls_FluentWinUI3_dark_images["images"]\n    node_venv_lib_python3_12_site-packages_PyQt6_Qt6_qml_QtQuick_Controls_FluentWinUI3_dark_images --> node_venv_lib_python3_12_site-packages_PyQt6_Qt6_qml_QtQuick_Controls_FluentWinUI3_dark_images_combobox-background-disabled@3x_png["combobox-background-disabled@3x.png"]\n    Root --> node_venv["venv"]\n    node_venv --> node_venv_lib["lib"]\n    node_venv_lib --> node_venv_lib_python3_12["python3.12"]\n    node_venv_lib_python3_12 --> node_venv_lib_python3_12_site-packages["site-packages"]\n    node_venv_lib_python3_12_site-packages --> node_venv_lib_python3_12_site-packages_PyQt6["PyQt6"]\n    node_venv_lib_python3_12_site-packages_PyQt6 --> node_venv_lib_python3_12_site-packages_PyQt6_Qt6["Qt6"]\n    node_venv_lib_python3_12_site-packages_PyQt6_Qt6 --> node_venv_lib_python3_12_site-packages_PyQt6_Qt6_qml["qml"]\n    node_venv_lib_python3_12_site-packages_PyQt6_Qt6_qml --> node_venv_lib_python3_12_site-packages_PyQt6_Qt6_qml_QtQuick["QtQuick"]\n    node_venv_lib_python3_12_site-packages_PyQt6_Qt6_qml_QtQuick --> node_venv_lib_python3_12_site-packages_PyQt6_Qt6_qml_QtQuick_Controls["Controls"]\n    node_venv_lib_python3_12_site-packages_PyQt6_Qt6_qml_QtQuick_Controls --> node_venv_lib_python3_12_site-packages_PyQt6_Qt6_qml_QtQuick_Controls_FluentWinUI3["FluentWinUI3"]\n    node_venv_lib_python3_12_site-packages_PyQt6_Qt6_qml_QtQuick_Controls_FluentWinUI3 --> node_venv_lib_python3_12_site-packages_PyQt6_Qt6_qml_QtQuick_Controls_FluentWinUI3_dark["dark"]\n    node_venv_lib_python3_12_site-packages_PyQt6_Qt6_qml_QtQuick_Controls_FluentWinUI3_dark --> node_venv_lib_python3_12_site-packages_PyQt6_Qt6_qml_QtQuick_Controls_FluentWinUI3_dark_images["images"]\n    node_venv_lib_python3_12_site-packages_PyQt6_Qt6_qml_QtQuick_Controls_FluentWinUI3_dark_images --> node_venv_lib_python3_12_site-packages_PyQt6_Qt6_qml_QtQuick_Controls_FluentWinUI3_dark_images_combobox-background-focused_png["combobox-background-focused.png"]\n    Root --> node_venv["venv"]\n    node_venv --> node_venv_lib["lib"]\n    node_venv_lib --> node_venv_lib_python3_12["python3.12"]\n    node_venv_lib_python3_12 --> node_venv_lib_python3_12_site-packages["site-packages"]\n    node_venv_lib_python3_12_site-packages --> node_venv_lib_python3_12_site-packages_PyQt6["PyQt6"]\n    node_venv_lib_python3_12_site-packages_PyQt6 --> node_venv_lib_python3_12_site-packages_PyQt6_Qt6["Qt6"]\n    node_venv_lib_python3_12_site-packages_PyQt6_Qt6 --> node_venv_lib_python3_12_site-packages_PyQt6_Qt6_qml["qml"]\n    node_venv_lib_python3_12_site-packages_PyQt6_Qt6_qml --> node_venv_lib_python3_12_site-packages_PyQt6_Qt6_qml_QtQuick["QtQuick"]\n    node_venv_lib_python3_12_site-packages_PyQt6_Qt6_qml_QtQuick --> node_venv_lib_python3_12_site-packages_PyQt6_Qt6_qml_QtQuick_Controls["Controls"]\n    node_venv_lib_python3_12_site-packages_PyQt6_Qt6_qml_QtQuick_Controls --> node_venv_lib_python3_12_site-packages_PyQt6_Qt6_qml_QtQuick_Controls_FluentWinUI3["FluentWinUI3"]\n    node_venv_lib_python3_12_site-packages_PyQt6_Qt6_qml_QtQuick_Controls_FluentWinUI3 --> node_venv_lib_python3_12_site-packages_PyQt6_Qt6_qml_QtQuick_Controls_FluentWinUI3_dark["dark"]\n    node_venv_lib_python3_12_site-packages_PyQt6_Qt6_qml_QtQuick_Controls_FluentWinUI3_dark --> node_venv_lib_python3_12_site-packages_PyQt6_Qt6_qml_QtQuick_Controls_FluentWinUI3_dark_images["images"]\n    node_venv_lib_python3_12_site-packages_PyQt6_Qt6_qml_QtQuick_Controls_FluentWinUI3_dark_images --> node_venv_lib_python3_12_site-packages_PyQt6_Qt6_qml_QtQuick_Controls_FluentWinUI3_dark_images_combobox-background-focused@2x_png["combobox-background-focused@2x.png"]\n    Root --> node_venv["venv"]\n    node_venv --> node_venv_lib["lib"]\n    node_venv_lib --> node_venv_lib_python3_12["python3.12"]\n    node_venv_lib_python3_12 --> node_venv_lib_python3_12_site-packages["site-packages"]\n    node_venv_lib_python3_12_site-packages --> node_venv_lib_python3_12_site-packages_PyQt6["PyQt6"]\n    node_venv_lib_python3_12_site-packages_PyQt6 --> node_venv_lib_python3_12_site-packages_PyQt6_Qt6["Qt6"]\n    node_venv_lib_python3_12_site-packages_PyQt6_Qt6 --> node_venv_lib_python3_12_site-packages_PyQt6_Qt6_qml["qml"]\n    node_venv_lib_python3_12_site-packages_PyQt6_Qt6_qml --> node_venv_lib_python3_12_site-packages_PyQt6_Qt6_qml_QtQuick["QtQuick"]\n    node_venv_lib_python3_12_site-packages_PyQt6_Qt6_qml_QtQuick --> node_venv_lib_python3_12_site-packages_PyQt6_Qt6_qml_QtQuick_Controls["Controls"]\n    node_venv_lib_python3_12_site-packages_PyQt6_Qt6_qml_QtQuick_Controls --> node_venv_lib_python3_12_site-packages_PyQt6_Qt6_qml_QtQuick_Controls_FluentWinUI3["FluentWinUI3"]\n    node_venv_lib_python3_12_site-packages_PyQt6_Qt6_qml_QtQuick_Controls_FluentWinUI3 --> node_venv_lib_python3_12_site-packages_PyQt6_Qt6_qml_QtQuick_Controls_FluentWinUI3_dark["dark"]\n    node_venv_lib_python3_12_site-packages_PyQt6_Qt6_qml_QtQuick_Controls_FluentWinUI3_dark --> node_venv_lib_python3_12_site-packages_PyQt6_Qt6_qml_QtQuick_Controls_FluentWinUI3_dark_images["images"]\n    node_venv_lib_python3_12_site-packages_PyQt6_Qt6_qml_QtQuick_Controls_FluentWinUI3_dark_images --> node_venv_lib_python3_12_site-packages_PyQt6_Qt6_qml_QtQuick_Controls_FluentWinUI3_dark_images_combobox-background-focused@3x_png["combobox-background-focused@3x.png"]\n    Root --> node_venv["venv"]\n    node_venv --> node_venv_lib["lib"]\n    node_venv_lib --> node_venv_lib_python3_12["python3.12"]\n    node_venv_lib_python3_12 --> node_venv_lib_python3_12_site-packages["site-packages"]\n    node_venv_lib_python3_12_site-packages --> node_venv_lib_python3_12_site-packages_PyQt6["PyQt6"]\n    node_venv_lib_python3_12_site-packages_PyQt6 --> node_venv_lib_python3_12_site-packages_PyQt6_Qt6["Qt6"]\n    node_venv_lib_python3_12_site-packages_PyQt6_Qt6 --> node_venv_lib_python3_12_site-packages_PyQt6_Qt6_qml["qml"]\n    node_venv_lib_python3_12_site-packages_PyQt6_Qt6_qml --> node_venv_lib_python3_12_site-packages_PyQt6_Qt6_qml_QtQuick["QtQuick"]\n    node_venv_lib_python3_12_site-packages_PyQt6_Qt6_qml_QtQuick --> node_venv_lib_python3_12_site-packages_PyQt6_Qt6_qml_QtQuick_Controls["Controls"]\n    node_venv_lib_python3_12_site-packages_PyQt6_Qt6_qml_QtQuick_Controls --> node_venv_lib_python3_12_site-packages_PyQt6_Qt6_qml_QtQuick_Controls_FluentWinUI3["FluentWinUI3"]\n    node_venv_lib_python3_12_site-packages_PyQt6_Qt6_qml_QtQuick_Controls_FluentWinUI3 --> node_venv_lib_python3_12_site-packages_PyQt6_Qt6_qml_QtQuick_Controls_FluentWinUI3_dark["dark"]\n    node_venv_lib_python3_12_site-packages_PyQt6_Qt6_qml_QtQuick_Controls_FluentWinUI3_dark --> node_venv_lib_python3_12_site-packages_PyQt6_Qt6_qml_QtQuick_Controls_FluentWinUI3_dark_images["images"]\n    node_venv_lib_python3_12_site-packages_PyQt6_Qt6_qml_QtQuick_Controls_FluentWinUI3_dark_images --> node_venv_lib_python3_12_site-packages_PyQt6_Qt6_qml_QtQuick_Controls_FluentWinUI3_dark_images_combobox-background-hovered-open_png["combobox-background-hovered-open.png"]\n    Root --> node_venv["venv"]\n    node_venv --> node_venv_lib["lib"]\n    node_venv_lib --> node_venv_lib_python3_12["python3.12"]\n    node_venv_lib_python3_12 --> node_venv_lib_python3_12_site-packages["site-packages"]\n    node_venv_lib_python3_12_site-packages --> node_venv_lib_python3_12_site-packages_PyQt6["PyQt6"]\n    node_venv_lib_python3_12_site-packages_PyQt6 --> node_venv_lib_python3_12_site-packages_PyQt6_Qt6["Qt6"]\n    node_venv_lib_python3_12_site-packages_PyQt6_Qt6 --> node_venv_lib_python3_12_site-packages_PyQt6_Qt6_qml["qml"]\n    node_venv_lib_python3_12_site-packages_PyQt6_Qt6_qml --> node_venv_lib_python3_12_site-packages_PyQt6_Qt6_qml_QtQuick["QtQuick"]\n    node_venv_lib_python3_12_site-packages_PyQt6_Qt6_qml_QtQuick --> node_venv_lib_python3_12_site-packages_PyQt6_Qt6_qml_QtQuick_Controls["Controls"]\n    node_venv_lib_python3_12_site-packages_PyQt6_Qt6_qml_QtQuick_Controls --> node_venv_lib_python3_12_site-packages_PyQt6_Qt6_qml_QtQuick_Controls_FluentWinUI3["FluentWinUI3"]\n    node_venv_lib_python3_12_site-packages_PyQt6_Qt6_qml_QtQuick_Controls_FluentWinUI3 --> node_venv_lib_python3_12_site-packages_PyQt6_Qt6_qml_QtQuick_Controls_FluentWinUI3_dark["dark"]\n    node_venv_lib_python3_12_site-packages_PyQt6_Qt6_qml_QtQuick_Controls_FluentWinUI3_dark --> node_venv_lib_python3_12_site-packages_PyQt6_Qt6_qml_QtQuick_Controls_FluentWinUI3_dark_images["images"]\n    node_venv_lib_python3_12_site-packages_PyQt6_Qt6_qml_QtQuick_Controls_FluentWinUI3_dark_images --> node_venv_lib_python3_12_site-packages_PyQt6_Qt6_qml_QtQuick_Controls_FluentWinUI3_dark_images_combobox-background-hovered-open@2x_png["combobox-background-hovered-open@2x.png"]\n    Root --> node_venv["venv"]\n    node_venv --> node_venv_lib["lib"]\n    node_venv_lib --> node_venv_lib_python3_12["python3.12"]\n    node_venv_lib_python3_12 --> node_venv_lib_python3_12_site-packages["site-packages"]\n    node_venv_lib_python3_12_site-packages --> node_venv_lib_python3_12_site-packages_PyQt6["PyQt6"]\n    node_venv_lib_python3_12_site-packages_PyQt6 --> node_venv_lib_python3_12_site-packages_PyQt6_Qt6["Qt6"]\n    node_venv_lib_python3_12_site-packages_PyQt6_Qt6 --> node_venv_lib_python3_12_site-packages_PyQt6_Qt6_qml["qml"]\n    node_venv_lib_python3_12_site-packages_PyQt6_Qt6_qml --> node_venv_lib_python3_12_site-packages_PyQt6_Qt6_qml_QtQuick["QtQuick"]\n    node_venv_lib_python3_12_site-packages_PyQt6_Qt6_qml_QtQuick --> node_venv_lib_python3_12_site-packages_PyQt6_Qt6_qml_QtQuick_Controls["Controls"]\n    node_venv_lib_python3_12_site-packages_PyQt6_Qt6_qml_QtQuick_Controls --> node_venv_lib_python3_12_site-packages_PyQt6_Qt6_qml_QtQuick_Controls_FluentWinUI3["FluentWinUI3"]\n    node_venv_lib_python3_12_site-packages_PyQt6_Qt6_qml_QtQuick_Controls_FluentWinUI3 --> node_venv_lib_python3_12_site-packages_PyQt6_Qt6_qml_QtQuick_Controls_FluentWinUI3_dark["dark"]\n    node_venv_lib_python3_12_site-packages_PyQt6_Qt6_qml_QtQuick_Controls_FluentWinUI3_dark --> node_venv_lib_python3_12_site-packages_PyQt6_Qt6_qml_QtQuick_Controls_FluentWinUI3_dark_images["images"]\n    node_venv_lib_python3_12_site-packages_PyQt6_Qt6_qml_QtQuick_Controls_FluentWinUI3_dark_images --> node_venv_lib_python3_12_site-packages_PyQt6_Qt6_qml_QtQuick_Controls_FluentWinUI3_dark_images_combobox-background-hovered-open@3x_png["combobox-background-hovered-open@3x.png"]\n    Root --> node_venv["venv"]\n    node_venv --> node_venv_lib["lib"]\n    node_venv_lib --> node_venv_lib_python3_12["python3.12"]\n    node_venv_lib_python3_12 --> node_venv_lib_python3_12_site-packages["site-packages"]\n    node_venv_lib_python3_12_site-packages --> node_venv_lib_python3_12_site-packages_PyQt6["PyQt6"]\n    node_venv_lib_python3_12_site-packages_PyQt6 --> node_venv_lib_python3_12_site-packages_PyQt6_Qt6["Qt6"]\n    node_venv_lib_python3_12_site-packages_PyQt6_Qt6 --> node_venv_lib_python3_12_site-packages_PyQt6_Qt6_qml["qml"]\n    node_venv_lib_python3_12_site-packages_PyQt6_Qt6_qml --> node_venv_lib_python3_12_site-packages_PyQt6_Qt6_qml_QtQuick["QtQuick"]\n    node_venv_lib_python3_12_site-packages_PyQt6_Qt6_qml_QtQuick --> node_venv_lib_python3_12_site-packages_PyQt6_Qt6_qml_QtQuick_Controls["Controls"]\n    node_venv_lib_python3_12_site-packages_PyQt6_Qt6_qml_QtQuick_Controls --> node_venv_lib_python3_12_site-packages_PyQt6_Qt6_qml_QtQuick_Controls_FluentWinUI3["FluentWinUI3"]\n    node_venv_lib_python3_12_site-packages_PyQt6_Qt6_qml_QtQuick_Controls_FluentWinUI3 --> node_venv_lib_python3_12_site-packages_PyQt6_Qt6_qml_QtQuick_Controls_FluentWinUI3_dark["dark"]\n    node_venv_lib_python3_12_site-packages_PyQt6_Qt6_qml_QtQuick_Controls_FluentWinUI3_dark --> node_venv_lib_python3_12_site-packages_PyQt6_Qt6_qml_QtQuick_Controls_FluentWinUI3_dark_images["images"]\n    node_venv_lib_python3_12_site-packages_PyQt6_Qt6_qml_QtQuick_Controls_FluentWinUI3_dark_images --> node_venv_lib_python3_12_site-packages_PyQt6_Qt6_qml_QtQuick_Controls_FluentWinUI3_dark_images_combobox-background-hovered_png["combobox-background-hovered.png"]\n    Root --> node_venv["venv"]\n    node_venv --> node_venv_lib["lib"]\n    node_venv_lib --> node_venv_lib_python3_12["python3.12"]\n    node_venv_lib_python3_12 --> node_venv_lib_python3_12_site-packages["site-packages"]\n    node_venv_lib_python3_12_site-packages --> node_venv_lib_python3_12_site-packages_PyQt6["PyQt6"]\n    node_venv_lib_python3_12_site-packages_PyQt6 --> node_venv_lib_python3_12_site-packages_PyQt6_Qt6["Qt6"]\n    node_venv_lib_python3_12_site-packages_PyQt6_Qt6 --> node_venv_lib_python3_12_site-packages_PyQt6_Qt6_qml["qml"]\n    node_venv_lib_python3_12_site-packages_PyQt6_Qt6_qml --> node_venv_lib_python3_12_site-packages_PyQt6_Qt6_qml_QtQuick["QtQuick"]\n    node_venv_lib_python3_12_site-packages_PyQt6_Qt6_qml_QtQuick --> node_venv_lib_python3_12_site-packages_PyQt6_Qt6_qml_QtQuick_Controls["Controls"]\n    node_venv_lib_python3_12_site-packages_PyQt6_Qt6_qml_QtQuick_Controls --> node_venv_lib_python3_12_site-packages_PyQt6_Qt6_qml_QtQuick_Controls_FluentWinUI3["FluentWinUI3"]\n    node_venv_lib_python3_12_site-packages_PyQt6_Qt6_qml_QtQuick_Controls_FluentWinUI3 --> node_venv_lib_python3_12_site-packages_PyQt6_Qt6_qml_QtQuick_Controls_FluentWinUI3_dark["dark"]\n    node_venv_lib_python3_12_site-packages_PyQt6_Qt6_qml_QtQuick_Controls_FluentWinUI3_dark --> node_venv_lib_python3_12_site-packages_PyQt6_Qt6_qml_QtQuick_Controls_FluentWinUI3_dark_images["images"]\n    node_venv_lib_python3_12_site-packages_PyQt6_Qt6_qml_QtQuick_Controls_FluentWinUI3_dark_images --> node_venv_lib_python3_12_site-packages_PyQt6_Qt6_qml_QtQuick_Controls_FluentWinUI3_dark_images_combobox-background-hovered@2x_png["combobox-background-hovered@2x.png"]\n    Root --> node_venv["venv"]\n    node_venv --> node_venv_lib["lib"]\n    node_venv_lib --> node_venv_lib_python3_12["python3.12"]\n    node_venv_lib_python3_12 --> node_venv_lib_python3_12_site-packages["site-packages"]\n    node_venv_lib_python3_12_site-packages --> node_venv_lib_python3_12_site-packages_PyQt6["PyQt6"]\n    node_venv_lib_python3_12_site-packages_PyQt6 --> node_venv_lib_python3_12_site-packages_PyQt6_Qt6["Qt6"]\n    node_venv_lib_python3_12_site-packages_PyQt6_Qt6 --> node_venv_lib_python3_12_site-packages_PyQt6_Qt6_qml["qml"]\n    node_venv_lib_python3_12_site-packages_PyQt6_Qt6_qml --> node_venv_lib_python3_12_site-packages_PyQt6_Qt6_qml_QtQuick["QtQuick"]\n    node_venv_lib_python3_12_site-packages_PyQt6_Qt6_qml_QtQuick --> node_venv_lib_python3_12_site-packages_PyQt6_Qt6_qml_QtQuick_Controls["Controls"]\n    node_venv_lib_python3_12_site-packages_PyQt6_Qt6_qml_QtQuick_Controls --> node_venv_lib_python3_12_site-packages_PyQt6_Qt6_qml_QtQuick_Controls_FluentWinUI3["FluentWinUI3"]\n    node_venv_lib_python3_12_site-packages_PyQt6_Qt6_qml_QtQuick_Controls_FluentWinUI3 --> node_venv_lib_python3_12_site-packages_PyQt6_Qt6_qml_QtQuick_Controls_FluentWinUI3_dark["dark"]\n    node_venv_lib_python3_12_site-packages_PyQt6_Qt6_qml_QtQuick_Controls_FluentWinUI3_dark --> node_venv_lib_python3_12_site-packages_PyQt6_Qt6_qml_QtQuick_Controls_FluentWinUI3_dark_images["images"]\n    node_venv_lib_python3_12_site-packages_PyQt6_Qt6_qml_QtQuick_Controls_FluentWinUI3_dark_images --> node_venv_lib_python3_12_site-packages_PyQt6_Qt6_qml_QtQuick_Controls_FluentWinUI3_dark_images_combobox-background-hovered@3x_png["combobox-background-hovered@3x.png"]\n    Root --> node_venv["venv"]\n    node_venv --> node_venv_lib["lib"]\n    node_venv_lib --> node_venv_lib_python3_12["python3.12"]\n    node_venv_lib_python3_12 --> node_venv_lib_python3_12_site-packages["site-packages"]\n    node_venv_lib_python3_12_site-packages --> node_venv_lib_python3_12_site-packages_PyQt6["PyQt6"]\n    node_venv_lib_python3_12_site-packages_PyQt6 --> node_venv_lib_python3_12_site-packages_PyQt6_Qt6["Qt6"]\n    node_venv_lib_python3_12_site-packages_PyQt6_Qt6 --> node_venv_lib_python3_12_site-packages_PyQt6_Qt6_qml["qml"]\n    node_venv_lib_python3_12_site-packages_PyQt6_Qt6_qml --> node_venv_lib_python3_12_site-packages_PyQt6_Qt6_qml_QtQuick["QtQuick"]\n    node_venv_lib_python3_12_site-packages_PyQt6_Qt6_qml_QtQuick --> node_venv_lib_python3_12_site-packages_PyQt6_Qt6_qml_QtQuick_Controls["Controls"]\n    node_venv_lib_python3_12_site-packages_PyQt6_Qt6_qml_QtQuick_Controls --> node_venv_lib_python3_12_site-packages_PyQt6_Qt6_qml_QtQuick_Controls_FluentWinUI3["FluentWinUI3"]\n    node_venv_lib_python3_12_site-packages_PyQt6_Qt6_qml_QtQuick_Controls_FluentWinUI3 --> node_venv_lib_python3_12_site-packages_PyQt6_Qt6_qml_QtQuick_Controls_FluentWinUI3_dark["dark"]\n    node_venv_lib_python3_12_site-packages_PyQt6_Qt6_qml_QtQuick_Controls_FluentWinUI3_dark --> node_venv_lib_python3_12_site-packages_PyQt6_Qt6_qml_QtQuick_Controls_FluentWinUI3_dark_images["images"]\n    node_venv_lib_python3_12_site-packages_PyQt6_Qt6_qml_QtQuick_Controls_FluentWinUI3_dark_images --> node_venv_lib_python3_12_site-packages_PyQt6_Qt6_qml_QtQuick_Controls_FluentWinUI3_dark_images_combobox-background-open-pressed_png["combobox-background-open-pressed.png"]\n    Root --> node_venv["venv"]\n    node_venv --> node_venv_lib["lib"]\n    node_venv_lib --> node_venv_lib_python3_12["python3.12"]\n    node_venv_lib_python3_12 --> node_venv_lib_python3_12_site-packages["site-packages"]\n    node_venv_lib_python3_12_site-packages --> node_venv_lib_python3_12_site-packages_PyQt6["PyQt6"]\n    node_venv_lib_python3_12_site-packages_PyQt6 --> node_venv_lib_python3_12_site-packages_PyQt6_Qt6["Qt6"]\n    node_venv_lib_python3_12_site-packages_PyQt6_Qt6 --> node_venv_lib_python3_12_site-packages_PyQt6_Qt6_qml["qml"]\n    node_venv_lib_python3_12_site-packages_PyQt6_Qt6_qml --> node_venv_lib_python3_12_site-packages_PyQt6_Qt6_qml_QtQuick["QtQuick"]\n    node_venv_lib_python3_12_site-packages_PyQt6_Qt6_qml_QtQuick --> node_venv_lib_python3_12_site-packages_PyQt6_Qt6_qml_QtQuick_Controls["Controls"]\n    node_venv_lib_python3_12_site-packages_PyQt6_Qt6_qml_QtQuick_Controls --> node_venv_lib_python3_12_site-packages_PyQt6_Qt6_qml_QtQuick_Controls_FluentWinUI3["FluentWinUI3"]\n    node_venv_lib_python3_12_site-packages_PyQt6_Qt6_qml_QtQuick_Controls_FluentWinUI3 --> node_venv_lib_python3_12_site-packages_PyQt6_Qt6_qml_QtQuick_Controls_FluentWinUI3_dark["dark"]\n    node_venv_lib_python3_12_site-packages_PyQt6_Qt6_qml_QtQuick_Controls_FluentWinUI3_dark --> node_venv_lib_python3_12_site-packages_PyQt6_Qt6_qml_QtQuick_Controls_FluentWinUI3_dark_images["images"]\n    node_venv_lib_python3_12_site-packages_PyQt6_Qt6_qml_QtQuick_Controls_FluentWinUI3_dark_images --> node_venv_lib_python3_12_site-packages_PyQt6_Qt6_qml_QtQuick_Controls_FluentWinUI3_dark_images_combobox-background-open-pressed@2x_png["combobox-background-open-pressed@2x.png"]\n    Root --> node_venv["venv"]\n    node_venv --> node_venv_lib["lib"]\n    node_venv_lib --> node_venv_lib_python3_12["python3.12"]\n    node_venv_lib_python3_12 --> node_venv_lib_python3_12_site-packages["site-packages"]\n    node_venv_lib_python3_12_site-packages --> node_venv_lib_python3_12_site-packages_PyQt6["PyQt6"]\n    node_venv_lib_python3_12_site-packages_PyQt6 --> node_venv_lib_python3_12_site-packages_PyQt6_Qt6["Qt6"]\n    node_venv_lib_python3_12_site-packages_PyQt6_Qt6 --> node_venv_lib_python3_12_site-packages_PyQt6_Qt6_qml["qml"]\n    node_venv_lib_python3_12_site-packages_PyQt6_Qt6_qml --> node_venv_lib_python3_12_site-packages_PyQt6_Qt6_qml_QtQuick["QtQuick"]\n    node_venv_lib_python3_12_site-packages_PyQt6_Qt6_qml_QtQuick --> node_venv_lib_python3_12_site-packages_PyQt6_Qt6_qml_QtQuick_Controls["Controls"]\n    node_venv_lib_python3_12_site-packages_PyQt6_Qt6_qml_QtQuick_Controls --> node_venv_lib_python3_12_site-packages_PyQt6_Qt6_qml_QtQuick_Controls_FluentWinUI3["FluentWinUI3"]\n    node_venv_lib_python3_12_site-packages_PyQt6_Qt6_qml_QtQuick_Controls_FluentWinUI3 --> node_venv_lib_python3_12_site-packages_PyQt6_Qt6_qml_QtQuick_Controls_FluentWinUI3_dark["dark"]\n    node_venv_lib_python3_12_site-packages_PyQt6_Qt6_qml_QtQuick_Controls_FluentWinUI3_dark --> node_venv_lib_python3_12_site-packages_PyQt6_Qt6_qml_QtQuick_Controls_FluentWinUI3_dark_images["images"]\n    node_venv_lib_python3_12_site-packages_PyQt6_Qt6_qml_QtQuick_Controls_FluentWinUI3_dark_images --> node_venv_lib_python3_12_site-packages_PyQt6_Qt6_qml_QtQuick_Controls_FluentWinUI3_dark_images_combobox-background-open-pressed@3x_png["combobox-background-open-pressed@3x.png"]\n    Root --> node_venv["venv"]\n    node_venv --> node_venv_lib["lib"]\n    node_venv_lib --> node_venv_lib_python3_12["python3.12"]\n    node_venv_lib_python3_12 --> node_venv_lib_python3_12_site-packages["site-packages"]\n    node_venv_lib_python3_12_site-packages --> node_venv_lib_python3_12_site-packages_PyQt6["PyQt6"]\n    node_venv_lib_python3_12_site-packages_PyQt6 --> node_venv_lib_python3_12_site-packages_PyQt6_Qt6["Qt6"]\n    node_venv_lib_python3_12_site-packages_PyQt6_Qt6 --> node_venv_lib_python3_12_site-packages_PyQt6_Qt6_qml["qml"]\n    node_venv_lib_python3_12_site-packages_PyQt6_Qt6_qml --> node_venv_lib_python3_12_site-packages_PyQt6_Qt6_qml_QtQuick["QtQuick"]\n    node_venv_lib_python3_12_site-packages_PyQt6_Qt6_qml_QtQuick --> node_venv_lib_python3_12_site-packages_PyQt6_Qt6_qml_QtQuick_Controls["Controls"]\n    node_venv_lib_python3_12_site-packages_PyQt6_Qt6_qml_QtQuick_Controls --> node_venv_lib_python3_12_site-packages_PyQt6_Qt6_qml_QtQuick_Controls_FluentWinUI3["FluentWinUI3"]\n    node_venv_lib_python3_12_site-packages_PyQt6_Qt6_qml_QtQuick_Controls_FluentWinUI3 --> node_venv_lib_python3_12_site-packages_PyQt6_Qt6_qml_QtQuick_Controls_FluentWinUI3_dark["dark"]\n    node_venv_lib_python3_12_site-packages_PyQt6_Qt6_qml_QtQuick_Controls_FluentWinUI3_dark --> node_venv_lib_python3_12_site-packages_PyQt6_Qt6_qml_QtQuick_Controls_FluentWinUI3_dark_images["images"]\n    node_venv_lib_python3_12_site-packages_PyQt6_Qt6_qml_QtQuick_Controls_FluentWinUI3_dark_images --> node_venv_lib_python3_12_site-packages_PyQt6_Qt6_qml_QtQuick_Controls_FluentWinUI3_dark_images_combobox-background-open_png["combobox-background-open.png"]\n    Root --> node_venv["venv"]\n    node_venv --> node_venv_lib["lib"]\n    node_venv_lib --> node_venv_lib_python3_12["python3.12"]\n    node_venv_lib_python3_12 --> node_venv_lib_python3_12_site-packages["site-packages"]\n    node_venv_lib_python3_12_site-packages --> node_venv_lib_python3_12_site-packages_PyQt6["PyQt6"]\n    node_venv_lib_python3_12_site-packages_PyQt6 --> node_venv_lib_python3_12_site-packages_PyQt6_Qt6["Qt6"]\n    node_venv_lib_python3_12_site-packages_PyQt6_Qt6 --> node_venv_lib_python3_12_site-packages_PyQt6_Qt6_qml["qml"]\n    node_venv_lib_python3_12_site-packages_PyQt6_Qt6_qml --> node_venv_lib_python3_12_site-packages_PyQt6_Qt6_qml_QtQuick["QtQuick"]\n    node_venv_lib_python3_12_site-packages_PyQt6_Qt6_qml_QtQuick --> node_venv_lib_python3_12_site-packages_PyQt6_Qt6_qml_QtQuick_Controls["Controls"]\n    node_venv_lib_python3_12_site-packages_PyQt6_Qt6_qml_QtQuick_Controls --> node_venv_lib_python3_12_site-packages_PyQt6_Qt6_qml_QtQuick_Controls_FluentWinUI3["FluentWinUI3"]\n    node_venv_lib_python3_12_site-packages_PyQt6_Qt6_qml_QtQuick_Controls_FluentWinUI3 --> node_venv_lib_python3_12_site-packages_PyQt6_Qt6_qml_QtQuick_Controls_FluentWinUI3_dark["dark"]\n    node_venv_lib_python3_12_site-packages_PyQt6_Qt6_qml_QtQuick_Controls_FluentWinUI3_dark --> node_venv_lib_python3_12_site-packages_PyQt6_Qt6_qml_QtQuick_Controls_FluentWinUI3_dark_images["images"]\n    node_venv_lib_python3_12_site-packages_PyQt6_Qt6_qml_QtQuick_Controls_FluentWinUI3_dark_images --> node_venv_lib_python3_12_site-packages_PyQt6_Qt6_qml_QtQuick_Controls_FluentWinUI3_dark_images_combobox-background-open@2x_png["combobox-background-open@2x.png"]\n    Root --> node_venv["venv"]\n    node_venv --> node_venv_lib["lib"]\n    node_venv_lib --> node_venv_lib_python3_12["python3.12"]\n    node_venv_lib_python3_12 --> node_venv_lib_python3_12_site-packages["site-packages"]\n    node_venv_lib_python3_12_site-packages --> node_venv_lib_python3_12_site-packages_PyQt6["PyQt6"]\n    node_venv_lib_python3_12_site-packages_PyQt6 --> node_venv_lib_python3_12_site-packages_PyQt6_Qt6["Qt6"]\n    node_venv_lib_python3_12_site-packages_PyQt6_Qt6 --> node_venv_lib_python3_12_site-packages_PyQt6_Qt6_qml["qml"]\n    node_venv_lib_python3_12_site-packages_PyQt6_Qt6_qml --> node_venv_lib_python3_12_site-packages_PyQt6_Qt6_qml_QtQuick["QtQuick"]\n    node_venv_lib_python3_12_site-packages_PyQt6_Qt6_qml_QtQuick --> node_venv_lib_python3_12_site-packages_PyQt6_Qt6_qml_QtQuick_Controls["Controls"]\n    node_venv_lib_python3_12_site-packages_PyQt6_Qt6_qml_QtQuick_Controls --> node_venv_lib_python3_12_site-packages_PyQt6_Qt6_qml_QtQuick_Controls_FluentWinUI3["FluentWinUI3"]\n    node_venv_lib_python3_12_site-packages_PyQt6_Qt6_qml_QtQuick_Controls_FluentWinUI3 --> node_venv_lib_python3_12_site-packages_PyQt6_Qt6_qml_QtQuick_Controls_FluentWinUI3_dark["dark"]\n    node_venv_lib_python3_12_site-packages_PyQt6_Qt6_qml_QtQuick_Controls_FluentWinUI3_dark --> node_venv_lib_python3_12_site-packages_PyQt6_Qt6_qml_QtQuick_Controls_FluentWinUI3_dark_images["images"]\n    node_venv_lib_python3_12_site-packages_PyQt6_Qt6_qml_QtQuick_Controls_FluentWinUI3_dark_images --> node_venv_lib_python3_12_site-packages_PyQt6_Qt6_qml_QtQuick_Controls_FluentWinUI3_dark_images_combobox-background-open@3x_png["combobox-background-open@3x.png"]\n    Root --> node_venv["venv"]\n    node_venv --> node_venv_lib["lib"]\n    node_venv_lib --> node_venv_lib_python3_12["python3.12"]\n    node_venv_lib_python3_12 --> node_venv_lib_python3_12_site-packages["site-packages"]\n    node_venv_lib_python3_12_site-packages --> node_venv_lib_python3_12_site-packages_PyQt6["PyQt6"]\n    node_venv_lib_python3_12_site-packages_PyQt6 --> node_venv_lib_python3_12_site-packages_PyQt6_Qt6["Qt6"]\n    node_venv_lib_python3_12_site-packages_PyQt6_Qt6 --> node_venv_lib_python3_12_site-packages_PyQt6_Qt6_qml["qml"]\n    node_venv_lib_python3_12_site-packages_PyQt6_Qt6_qml --> node_venv_lib_python3_12_site-packages_PyQt6_Qt6_qml_QtQuick["QtQuick"]\n    node_venv_lib_python3_12_site-packages_PyQt6_Qt6_qml_QtQuick --> node_venv_lib_python3_12_site-packages_PyQt6_Qt6_qml_QtQuick_Controls["Controls"]\n    node_venv_lib_python3_12_site-packages_PyQt6_Qt6_qml_QtQuick_Controls --> node_venv_lib_python3_12_site-packages_PyQt6_Qt6_qml_QtQuick_Controls_FluentWinUI3["FluentWinUI3"]\n    node_venv_lib_python3_12_site-packages_PyQt6_Qt6_qml_QtQuick_Controls_FluentWinUI3 --> node_venv_lib_python3_12_site-packages_PyQt6_Qt6_qml_QtQuick_Controls_FluentWinUI3_dark["dark"]\n    node_venv_lib_python3_12_site-packages_PyQt6_Qt6_qml_QtQuick_Controls_FluentWinUI3_dark --> node_venv_lib_python3_12_site-packages_PyQt6_Qt6_qml_QtQuick_Controls_FluentWinUI3_dark_images["images"]\n    node_venv_lib_python3_12_site-packages_PyQt6_Qt6_qml_QtQuick_Controls_FluentWinUI3_dark_images --> node_venv_lib_python3_12_site-packages_PyQt6_Qt6_qml_QtQuick_Controls_FluentWinUI3_dark_images_combobox-background-pressed_png["combobox-background-pressed.png"]\n    Root --> node_venv["venv"]\n    node_venv --> node_venv_lib["lib"]\n    node_venv_lib --> node_venv_lib_python3_12["python3.12"]\n    node_venv_lib_python3_12 --> node_venv_lib_python3_12_site-packages["site-packages"]\n    node_venv_lib_python3_12_site-packages --> node_venv_lib_python3_12_site-packages_PyQt6["PyQt6"]\n    node_venv_lib_python3_12_site-packages_PyQt6 --> node_venv_lib_python3_12_site-packages_PyQt6_Qt6["Qt6"]\n    node_venv_lib_python3_12_site-packages_PyQt6_Qt6 --> node_venv_lib_python3_12_site-packages_PyQt6_Qt6_qml["qml"]\n    node_venv_lib_python3_12_site-packages_PyQt6_Qt6_qml --> node_venv_lib_python3_12_site-packages_PyQt6_Qt6_qml_QtQuick["QtQuick"]\n    node_venv_lib_python3_12_site-packages_PyQt6_Qt6_qml_QtQuick --> node_venv_lib_python3_12_site-packages_PyQt6_Qt6_qml_QtQuick_Controls["Controls"]\n    node_venv_lib_python3_12_site-packages_PyQt6_Qt6_qml_QtQuick_Controls --> node_venv_lib_python3_12_site-packages_PyQt6_Qt6_qml_QtQuick_Controls_FluentWinUI3["FluentWinUI3"]\n    node_venv_lib_python3_12_site-packages_PyQt6_Qt6_qml_QtQuick_Controls_FluentWinUI3 --> node_venv_lib_python3_12_site-packages_PyQt6_Qt6_qml_QtQuick_Controls_FluentWinUI3_dark["dark"]\n    node_venv_lib_python3_12_site-packages_PyQt6_Qt6_qml_QtQuick_Controls_FluentWinUI3_dark --> node_venv_lib_python3_12_site-packages_PyQt6_Qt6_qml_QtQuick_Controls_FluentWinUI3_dark_images["images"]\n    node_venv_lib_python3_12_site-packages_PyQt6_Qt6_qml_QtQuick_Controls_FluentWinUI3_dark_images --> node_venv_lib_python3_12_site-packages_PyQt6_Qt6_qml_QtQuick_Controls_FluentWinUI3_dark_images_combobox-background-pressed@2x_png["combobox-background-pressed@2x.png"]\n    Root --> node_venv["venv"]\n    node_venv --> node_venv_lib["lib"]\n    node_venv_lib --> node_venv_lib_python3_12["python3.12"]\n    node_venv_lib_python3_12 --> node_venv_lib_python3_12_site-packages["site-packages"]\n    node_venv_lib_python3_12_site-packages --> node_venv_lib_python3_12_site-packages_PyQt6["PyQt6"]\n    node_venv_lib_python3_12_site-packages_PyQt6 --> node_venv_lib_python3_12_site-packages_PyQt6_Qt6["Qt6"]\n    node_venv_lib_python3_12_site-packages_PyQt6_Qt6 --> node_venv_lib_python3_12_site-packages_PyQt6_Qt6_qml["qml"]\n    node_venv_lib_python3_12_site-packages_PyQt6_Qt6_qml --> node_venv_lib_python3_12_site-packages_PyQt6_Qt6_qml_QtQuick["QtQuick"]\n    node_venv_lib_python3_12_site-packages_PyQt6_Qt6_qml_QtQuick --> node_venv_lib_python3_12_site-packages_PyQt6_Qt6_qml_QtQuick_Controls["Controls"]\n    node_venv_lib_python3_12_site-packages_PyQt6_Qt6_qml_QtQuick_Controls --> node_venv_lib_python3_12_site-packages_PyQt6_Qt6_qml_QtQuick_Controls_FluentWinUI3["FluentWinUI3"]\n    node_venv_lib_python3_12_site-packages_PyQt6_Qt6_qml_QtQuick_Controls_FluentWinUI3 --> node_venv_lib_python3_12_site-packages_PyQt6_Qt6_qml_QtQuick_Controls_FluentWinUI3_dark["dark"]\n    node_venv_lib_python3_12_site-packages_PyQt6_Qt6_qml_QtQuick_Controls_FluentWinUI3_dark --> node_venv_lib_python3_12_site-packages_PyQt6_Qt6_qml_QtQuick_Controls_FluentWinUI3_dark_images["images"]\n    node_venv_lib_python3_12_site-packages_PyQt6_Qt6_qml_QtQuick_Controls_FluentWinUI3_dark_images --> node_venv_lib_python3_12_site-packages_PyQt6_Qt6_qml_QtQuick_Controls_FluentWinUI3_dark_images_combobox-background-pressed@3x_png["combobox-background-pressed@3x.png"]\n    Root --> node_venv["venv"]\n    node_venv --> node_venv_lib["lib"]\n    node_venv_lib --> node_venv_lib_python3_12["python3.12"]\n    node_venv_lib_python3_12 --> node_venv_lib_python3_12_site-packages["site-packages"]\n    node_venv_lib_python3_12_site-packages --> node_venv_lib_python3_12_site-packages_PyQt6["PyQt6"]\n    node_venv_lib_python3_12_site-packages_PyQt6 --> node_venv_lib_python3_12_site-packages_PyQt6_Qt6["Qt6"]\n    node_venv_lib_python3_12_site-packages_PyQt6_Qt6 --> node_venv_lib_python3_12_site-packages_PyQt6_Qt6_qml["qml"]\n    node_venv_lib_python3_12_site-packages_PyQt6_Qt6_qml --> node_venv_lib_python3_12_site-packages_PyQt6_Qt6_qml_QtQuick["QtQuick"]\n    node_venv_lib_python3_12_site-packages_PyQt6_Qt6_qml_QtQuick --> node_venv_lib_python3_12_site-packages_PyQt6_Qt6_qml_QtQuick_Controls["Controls"]\n    node_venv_lib_python3_12_site-packages_PyQt6_Qt6_qml_QtQuick_Controls --> node_venv_lib_python3_12_site-packages_PyQt6_Qt6_qml_QtQuick_Controls_FluentWinUI3["FluentWinUI3"]\n    node_venv_lib_python3_12_site-packages_PyQt6_Qt6_qml_QtQuick_Controls_FluentWinUI3 --> node_venv_lib_python3_12_site-packages_PyQt6_Qt6_qml_QtQuick_Controls_FluentWinUI3_dark["dark"]\n    node_venv_lib_python3_12_site-packages_PyQt6_Qt6_qml_QtQuick_Controls_FluentWinUI3_dark --> node_venv_lib_python3_12_site-packages_PyQt6_Qt6_qml_QtQuick_Controls_FluentWinUI3_dark_images["images"]\n    node_venv_lib_python3_12_site-packages_PyQt6_Qt6_qml_QtQuick_Controls_FluentWinUI3_dark_images --> node_venv_lib_python3_12_site-packages_PyQt6_Qt6_qml_QtQuick_Controls_FluentWinUI3_dark_images_combobox-background_png["combobox-background.png"]\n    Root --> node_venv["venv"]\n    node_venv --> node_venv_lib["lib"]\n    node_venv_lib --> node_venv_lib_python3_12["python3.12"]\n    node_venv_lib_python3_12 --> node_venv_lib_python3_12_site-packages["site-packages"]\n    node_venv_lib_python3_12_site-packages --> node_venv_lib_python3_12_site-packages_PyQt6["PyQt6"]\n    node_venv_lib_python3_12_site-packages_PyQt6 --> node_venv_lib_python3_12_site-packages_PyQt6_Qt6["Qt6"]\n    node_venv_lib_python3_12_site-packages_PyQt6_Qt6 --> node_venv_lib_python3_12_site-packages_PyQt6_Qt6_qml["qml"]\n    node_venv_lib_python3_12_site-packages_PyQt6_Qt6_qml --> node_venv_lib_python3_12_site-packages_PyQt6_Qt6_qml_QtQuick["QtQuick"]\n    node_venv_lib_python3_12_site-packages_PyQt6_Qt6_qml_QtQuick --> node_venv_lib_python3_12_site-packages_PyQt6_Qt6_qml_QtQuick_Controls["Controls"]\n    node_venv_lib_python3_12_site-packages_PyQt6_Qt6_qml_QtQuick_Controls --> node_venv_lib_python3_12_site-packages_PyQt6_Qt6_qml_QtQuick_Controls_FluentWinUI3["FluentWinUI3"]\n    node_venv_lib_python3_12_site-packages_PyQt6_Qt6_qml_QtQuick_Controls_FluentWinUI3 --> node_venv_lib_python3_12_site-packages_PyQt6_Qt6_qml_QtQuick_Controls_FluentWinUI3_dark["dark"]\n    node_venv_lib_python3_12_site-packages_PyQt6_Qt6_qml_QtQuick_Controls_FluentWinUI3_dark --> node_venv_lib_python3_12_site-packages_PyQt6_Qt6_qml_QtQuick_Controls_FluentWinUI3_dark_images["images"]\n    node_venv_lib_python3_12_site-packages_PyQt6_Qt6_qml_QtQuick_Controls_FluentWinUI3_dark_images --> node_venv_lib_python3_12_site-packages_PyQt6_Qt6_qml_QtQuick_Controls_FluentWinUI3_dark_images_combobox-background@2x_png["combobox-background@2x.png"]\n    Root --> node_venv["venv"]\n    node_venv --> node_venv_lib["lib"]\n    node_venv_lib --> node_venv_lib_python3_12["python3.12"]\n    node_venv_lib_python3_12 --> node_venv_lib_python3_12_site-packages["site-packages"]\n    node_venv_lib_python3_12_site-packages --> node_venv_lib_python3_12_site-packages_PyQt6["PyQt6"]\n    node_venv_lib_python3_12_site-packages_PyQt6 --> node_venv_lib_python3_12_site-packages_PyQt6_Qt6["Qt6"]\n    node_venv_lib_python3_12_site-packages_PyQt6_Qt6 --> node_venv_lib_python3_12_site-packages_PyQt6_Qt6_qml["qml"]\n    node_venv_lib_python3_12_site-packages_PyQt6_Qt6_qml --> node_venv_lib_python3_12_site-packages_PyQt6_Qt6_qml_QtQuick["QtQuick"]\n    node_venv_lib_python3_12_site-packages_PyQt6_Qt6_qml_QtQuick --> node_venv_lib_python3_12_site-packages_PyQt6_Qt6_qml_QtQuick_Controls["Controls"]\n    node_venv_lib_python3_12_site-packages_PyQt6_Qt6_qml_QtQuick_Controls --> node_venv_lib_python3_12_site-packages_PyQt6_Qt6_qml_QtQuick_Controls_FluentWinUI3["FluentWinUI3"]\n    node_venv_lib_python3_12_site-packages_PyQt6_Qt6_qml_QtQuick_Controls_FluentWinUI3 --> node_venv_lib_python3_12_site-packages_PyQt6_Qt6_qml_QtQuick_Controls_FluentWinUI3_dark["dark"]\n    node_venv_lib_python3_12_site-packages_PyQt6_Qt6_qml_QtQuick_Controls_FluentWinUI3_dark --> node_venv_lib_python3_12_site-packages_PyQt6_Qt6_qml_QtQuick_Controls_FluentWinUI3_dark_images["images"]\n    node_venv_lib_python3_12_site-packages_PyQt6_Qt6_qml_QtQuick_Controls_FluentWinUI3_dark_images --> node_venv_lib_python3_12_site-packages_PyQt6_Qt6_qml_QtQuick_Controls_FluentWinUI3_dark_images_combobox-background@3x_png["combobox-background@3x.png"]\n    Root --> node_venv["venv"]\n    node_venv --> node_venv_lib["lib"]\n    node_venv_lib --> node_venv_lib_python3_12["python3.12"]\n    node_venv_lib_python3_12 --> node_venv_lib_python3_12_site-packages["site-packages"]\n    node_venv_lib_python3_12_site-packages --> node_venv_lib_python3_12_site-packages_PyQt6["PyQt6"]\n    node_venv_lib_python3_12_site-packages_PyQt6 --> node_venv_lib_python3_12_site-packages_PyQt6_Qt6["Qt6"]\n    node_venv_lib_python3_12_site-packages_PyQt6_Qt6 --> node_venv_lib_python3_12_site-packages_PyQt6_Qt6_qml["qml"]\n    node_venv_lib_python3_12_site-packages_PyQt6_Qt6_qml --> node_venv_lib_python3_12_site-packages_PyQt6_Qt6_qml_QtQuick["QtQuick"]\n    node_venv_lib_python3_12_site-packages_PyQt6_Qt6_qml_QtQuick --> node_venv_lib_python3_12_site-packages_PyQt6_Qt6_qml_QtQuick_Controls["Controls"]\n    node_venv_lib_python3_12_site-packages_PyQt6_Qt6_qml_QtQuick_Controls --> node_venv_lib_python3_12_site-packages_PyQt6_Qt6_qml_QtQuick_Controls_FluentWinUI3["FluentWinUI3"]\n    node_venv_lib_python3_12_site-packages_PyQt6_Qt6_qml_QtQuick_Controls_FluentWinUI3 --> node_venv_lib_python3_12_site-packages_PyQt6_Qt6_qml_QtQuick_Controls_FluentWinUI3_dark["dark"]\n    node_venv_lib_python3_12_site-packages_PyQt6_Qt6_qml_QtQuick_Controls_FluentWinUI3_dark --> node_venv_lib_python3_12_site-packages_PyQt6_Qt6_qml_QtQuick_Controls_FluentWinUI3_dark_images["images"]\n    node_venv_lib_python3_12_site-packages_PyQt6_Qt6_qml_QtQuick_Controls_FluentWinUI3_dark_images --> node_venv_lib_python3_12_site-packages_PyQt6_Qt6_qml_QtQuick_Controls_FluentWinUI3_dark_images_combobox-indicator-disabled_png["combobox-indicator-disabled.png"]\n    Root --> node_venv["venv"]\n    node_venv --> node_venv_lib["lib"]\n    node_venv_lib --> node_venv_lib_python3_12["python3.12"]\n    node_venv_lib_python3_12 --> node_venv_lib_python3_12_site-packages["site-packages"]\n    node_venv_lib_python3_12_site-packages --> node_venv_lib_python3_12_site-packages_PyQt6["PyQt6"]\n    node_venv_lib_python3_12_site-packages_PyQt6 --> node_venv_lib_python3_12_site-packages_PyQt6_Qt6["Qt6"]\n    node_venv_lib_python3_12_site-packages_PyQt6_Qt6 --> node_venv_lib_python3_12_site-packages_PyQt6_Qt6_qml["qml"]\n    node_venv_lib_python3_12_site-packages_PyQt6_Qt6_qml --> node_venv_lib_python3_12_site-packages_PyQt6_Qt6_qml_QtQuick["QtQuick"]\n    node_venv_lib_python3_12_site-packages_PyQt6_Qt6_qml_QtQuick --> node_venv_lib_python3_12_site-packages_PyQt6_Qt6_qml_QtQuick_Controls["Controls"]\n    node_venv_lib_python3_12_site-packages_PyQt6_Qt6_qml_QtQuick_Controls --> node_venv_lib_python3_12_site-packages_PyQt6_Qt6_qml_QtQuick_Controls_FluentWinUI3["FluentWinUI3"]\n    node_venv_lib_python3_12_site-packages_PyQt6_Qt6_qml_QtQuick_Controls_FluentWinUI3 --> node_venv_lib_python3_12_site-packages_PyQt6_Qt6_qml_QtQuick_Controls_FluentWinUI3_dark["dark"]\n    node_venv_lib_python3_12_site-packages_PyQt6_Qt6_qml_QtQuick_Controls_FluentWinUI3_dark --> node_venv_lib_python3_12_site-packages_PyQt6_Qt6_qml_QtQuick_Controls_FluentWinUI3_dark_images["images"]\n    node_venv_lib_python3_12_site-packages_PyQt6_Qt6_qml_QtQuick_Controls_FluentWinUI3_dark_images --> node_venv_lib_python3_12_site-packages_PyQt6_Qt6_qml_QtQuick_Controls_FluentWinUI3_dark_images_combobox-indicator-disabled@2x_png["combobox-indicator-disabled@2x.png"]\n    Root --> node_venv["venv"]\n    node_venv --> node_venv_lib["lib"]\n    node_venv_lib --> node_venv_lib_python3_12["python3.12"]\n    node_venv_lib_python3_12 --> node_venv_lib_python3_12_site-packages["site-packages"]\n    node_venv_lib_python3_12_site-packages --> node_venv_lib_python3_12_site-packages_PyQt6["PyQt6"]\n    node_venv_lib_python3_12_site-packages_PyQt6 --> node_venv_lib_python3_12_site-packages_PyQt6_Qt6["Qt6"]\n    node_venv_lib_python3_12_site-packages_PyQt6_Qt6 --> node_venv_lib_python3_12_site-packages_PyQt6_Qt6_qml["qml"]\n    node_venv_lib_python3_12_site-packages_PyQt6_Qt6_qml --> node_venv_lib_python3_12_site-packages_PyQt6_Qt6_qml_QtQuick["QtQuick"]\n    node_venv_lib_python3_12_site-packages_PyQt6_Qt6_qml_QtQuick --> node_venv_lib_python3_12_site-packages_PyQt6_Qt6_qml_QtQuick_Controls["Controls"]\n    node_venv_lib_python3_12_site-packages_PyQt6_Qt6_qml_QtQuick_Controls --> node_venv_lib_python3_12_site-packages_PyQt6_Qt6_qml_QtQuick_Controls_FluentWinUI3["FluentWinUI3"]\n    node_venv_lib_python3_12_site-packages_PyQt6_Qt6_qml_QtQuick_Controls_FluentWinUI3 --> node_venv_lib_python3_12_site-packages_PyQt6_Qt6_qml_QtQuick_Controls_FluentWinUI3_dark["dark"]\n    node_venv_lib_python3_12_site-packages_PyQt6_Qt6_qml_QtQuick_Controls_FluentWinUI3_dark --> node_venv_lib_python3_12_site-packages_PyQt6_Qt6_qml_QtQuick_Controls_FluentWinUI3_dark_images["images"]\n    node_venv_lib_python3_12_site-packages_PyQt6_Qt6_qml_QtQuick_Controls_FluentWinUI3_dark_images --> node_venv_lib_python3_12_site-packages_PyQt6_Qt6_qml_QtQuick_Controls_FluentWinUI3_dark_images_combobox-indicator-disabled@3x_png["combobox-indicator-disabled@3x.png"]\n    Root --> node_venv["venv"]\n    node_venv --> node_venv_lib["lib"]\n    node_venv_lib --> node_venv_lib_python3_12["python3.12"]\n    node_venv_lib_python3_12 --> node_venv_lib_python3_12_site-packages["site-packages"]\n    node_venv_lib_python3_12_site-packages --> node_venv_lib_python3_12_site-packages_PyQt6["PyQt6"]\n    node_venv_lib_python3_12_site-packages_PyQt6 --> node_venv_lib_python3_12_site-packages_PyQt6_Qt6["Qt6"]\n    node_venv_lib_python3_12_site-packages_PyQt6_Qt6 --> node_venv_lib_python3_12_site-packages_PyQt6_Qt6_qml["qml"]\n    node_venv_lib_python3_12_site-packages_PyQt6_Qt6_qml --> node_venv_lib_python3_12_site-packages_PyQt6_Qt6_qml_QtQuick["QtQuick"]\n    node_venv_lib_python3_12_site-packages_PyQt6_Qt6_qml_QtQuick --> node_venv_lib_python3_12_site-packages_PyQt6_Qt6_qml_QtQuick_Controls["Controls"]\n    node_venv_lib_python3_12_site-packages_PyQt6_Qt6_qml_QtQuick_Controls --> node_venv_lib_python3_12_site-packages_PyQt6_Qt6_qml_QtQuick_Controls_FluentWinUI3["FluentWinUI3"]\n    node_venv_lib_python3_12_site-packages_PyQt6_Qt6_qml_QtQuick_Controls_FluentWinUI3 --> node_venv_lib_python3_12_site-packages_PyQt6_Qt6_qml_QtQuick_Controls_FluentWinUI3_dark["dark"]\n    node_venv_lib_python3_12_site-packages_PyQt6_Qt6_qml_QtQuick_Controls_FluentWinUI3_dark --> node_venv_lib_python3_12_site-packages_PyQt6_Qt6_qml_QtQuick_Controls_FluentWinUI3_dark_images["images"]\n    node_venv_lib_python3_12_site-packages_PyQt6_Qt6_qml_QtQuick_Controls_FluentWinUI3_dark_images --> node_venv_lib_python3_12_site-packages_PyQt6_Qt6_qml_QtQuick_Controls_FluentWinUI3_dark_images_combobox-indicator-focused_png["combobox-indicator-focused.png"]\n    Root --> node_venv["venv"]\n    node_venv --> node_venv_lib["lib"]\n    node_venv_lib --> node_venv_lib_python3_12["python3.12"]\n    node_venv_lib_python3_12 --> node_venv_lib_python3_12_site-packages["site-packages"]\n    node_venv_lib_python3_12_site-packages --> node_venv_lib_python3_12_site-packages_PyQt6["PyQt6"]\n    node_venv_lib_python3_12_site-packages_PyQt6 --> node_venv_lib_python3_12_site-packages_PyQt6_Qt6["Qt6"]\n    node_venv_lib_python3_12_site-packages_PyQt6_Qt6 --> node_venv_lib_python3_12_site-packages_PyQt6_Qt6_qml["qml"]\n    node_venv_lib_python3_12_site-packages_PyQt6_Qt6_qml --> node_venv_lib_python3_12_site-packages_PyQt6_Qt6_qml_QtQuick["QtQuick"]\n    node_venv_lib_python3_12_site-packages_PyQt6_Qt6_qml_QtQuick --> node_venv_lib_python3_12_site-packages_PyQt6_Qt6_qml_QtQuick_Controls["Controls"]\n    node_venv_lib_python3_12_site-packages_PyQt6_Qt6_qml_QtQuick_Controls --> node_venv_lib_python3_12_site-packages_PyQt6_Qt6_qml_QtQuick_Controls_FluentWinUI3["FluentWinUI3"]\n    node_venv_lib_python3_12_site-packages_PyQt6_Qt6_qml_QtQuick_Controls_FluentWinUI3 --> node_venv_lib_python3_12_site-packages_PyQt6_Qt6_qml_QtQuick_Controls_FluentWinUI3_dark["dark"]\n    node_venv_lib_python3_12_site-packages_PyQt6_Qt6_qml_QtQuick_Controls_FluentWinUI3_dark --> node_venv_lib_python3_12_site-packages_PyQt6_Qt6_qml_QtQuick_Controls_FluentWinUI3_dark_images["images"]\n    node_venv_lib_python3_12_site-packages_PyQt6_Qt6_qml_QtQuick_Controls_FluentWinUI3_dark_images --> node_venv_lib_python3_12_site-packages_PyQt6_Qt6_qml_QtQuick_Controls_FluentWinUI3_dark_images_combobox-indicator-focused@2x_png["combobox-indicator-focused@2x.png"]\n    Root --> node_venv["venv"]\n    node_venv --> node_venv_lib["lib"]\n    node_venv_lib --> node_venv_lib_python3_12["python3.12"]\n    node_venv_lib_python3_12 --> node_venv_lib_python3_12_site-packages["site-packages"]\n    node_venv_lib_python3_12_site-packages --> node_venv_lib_python3_12_site-packages_PyQt6["PyQt6"]\n    node_venv_lib_python3_12_site-packages_PyQt6 --> node_venv_lib_python3_12_site-packages_PyQt6_Qt6["Qt6"]\n    node_venv_lib_python3_12_site-packages_PyQt6_Qt6 --> node_venv_lib_python3_12_site-packages_PyQt6_Qt6_qml["qml"]\n    node_venv_lib_python3_12_site-packages_PyQt6_Qt6_qml --> node_venv_lib_python3_12_site-packages_PyQt6_Qt6_qml_QtQuick["QtQuick"]\n    node_venv_lib_python3_12_site-packages_PyQt6_Qt6_qml_QtQuick --> node_venv_lib_python3_12_site-packages_PyQt6_Qt6_qml_QtQuick_Controls["Controls"]\n    node_venv_lib_python3_12_site-packages_PyQt6_Qt6_qml_QtQuick_Controls --> node_venv_lib_python3_12_site-packages_PyQt6_Qt6_qml_QtQuick_Controls_FluentWinUI3["FluentWinUI3"]\n    node_venv_lib_python3_12_site-packages_PyQt6_Qt6_qml_QtQuick_Controls_FluentWinUI3 --> node_venv_lib_python3_12_site-packages_PyQt6_Qt6_qml_QtQuick_Controls_FluentWinUI3_dark["dark"]\n    node_venv_lib_python3_12_site-packages_PyQt6_Qt6_qml_QtQuick_Controls_FluentWinUI3_dark --> node_venv_lib_python3_12_site-packages_PyQt6_Qt6_qml_QtQuick_Controls_FluentWinUI3_dark_images["images"]\n    node_venv_lib_python3_12_site-packages_PyQt6_Qt6_qml_QtQuick_Controls_FluentWinUI3_dark_images --> node_venv_lib_python3_12_site-packages_PyQt6_Qt6_qml_QtQuick_Controls_FluentWinUI3_dark_images_combobox-indicator-focused@3x_png["combobox-indicator-focused@3x.png"]\n    Root --> node_venv["venv"]\n    node_venv --> node_venv_lib["lib"]\n    node_venv_lib --> node_venv_lib_python3_12["python3.12"]\n    node_venv_lib_python3_12 --> node_venv_lib_python3_12_site-packages["site-packages"]\n    node_venv_lib_python3_12_site-packages --> node_venv_lib_python3_12_site-packages_PyQt6["PyQt6"]\n    node_venv_lib_python3_12_site-packages_PyQt6 --> node_venv_lib_python3_12_site-packages_PyQt6_Qt6["Qt6"]\n    node_venv_lib_python3_12_site-packages_PyQt6_Qt6 --> node_venv_lib_python3_12_site-packages_PyQt6_Qt6_qml["qml"]\n    node_venv_lib_python3_12_site-packages_PyQt6_Qt6_qml --> node_venv_lib_python3_12_site-packages_PyQt6_Qt6_qml_QtQuick["QtQuick"]\n    node_venv_lib_python3_12_site-packages_PyQt6_Qt6_qml_QtQuick --> node_venv_lib_python3_12_site-packages_PyQt6_Qt6_qml_QtQuick_Controls["Controls"]\n    node_venv_lib_python3_12_site-packages_PyQt6_Qt6_qml_QtQuick_Controls --> node_venv_lib_python3_12_site-packages_PyQt6_Qt6_qml_QtQuick_Controls_FluentWinUI3["FluentWinUI3"]\n    node_venv_lib_python3_12_site-packages_PyQt6_Qt6_qml_QtQuick_Controls_FluentWinUI3 --> node_venv_lib_python3_12_site-packages_PyQt6_Qt6_qml_QtQuick_Controls_FluentWinUI3_dark["dark"]\n    node_venv_lib_python3_12_site-packages_PyQt6_Qt6_qml_QtQuick_Controls_FluentWinUI3_dark --> node_venv_lib_python3_12_site-packages_PyQt6_Qt6_qml_QtQuick_Controls_FluentWinUI3_dark_images["images"]\n    node_venv_lib_python3_12_site-packages_PyQt6_Qt6_qml_QtQuick_Controls_FluentWinUI3_dark_images --> node_venv_lib_python3_12_site-packages_PyQt6_Qt6_qml_QtQuick_Controls_FluentWinUI3_dark_images_combobox-indicator-hovered-open_png["combobox-indicator-hovered-open.png"]\n    Root --> node_venv["venv"]\n    node_venv --> node_venv_lib["lib"]\n    node_venv_lib --> node_venv_lib_python3_12["python3.12"]\n    node_venv_lib_python3_12 --> node_venv_lib_python3_12_site-packages["site-packages"]\n    node_venv_lib_python3_12_site-packages --> node_venv_lib_python3_12_site-packages_PyQt6["PyQt6"]\n    node_venv_lib_python3_12_site-packages_PyQt6 --> node_venv_lib_python3_12_site-packages_PyQt6_Qt6["Qt6"]\n    node_venv_lib_python3_12_site-packages_PyQt6_Qt6 --> node_venv_lib_python3_12_site-packages_PyQt6_Qt6_qml["qml"]\n    node_venv_lib_python3_12_site-packages_PyQt6_Qt6_qml --> node_venv_lib_python3_12_site-packages_PyQt6_Qt6_qml_QtQuick["QtQuick"]\n    node_venv_lib_python3_12_site-packages_PyQt6_Qt6_qml_QtQuick --> node_venv_lib_python3_12_site-packages_PyQt6_Qt6_qml_QtQuick_Controls["Controls"]\n    node_venv_lib_python3_12_site-packages_PyQt6_Qt6_qml_QtQuick_Controls --> node_venv_lib_python3_12_site-packages_PyQt6_Qt6_qml_QtQuick_Controls_FluentWinUI3["FluentWinUI3"]\n    node_venv_lib_python3_12_site-packages_PyQt6_Qt6_qml_QtQuick_Controls_FluentWinUI3 --> node_venv_lib_python3_12_site-packages_PyQt6_Qt6_qml_QtQuick_Controls_FluentWinUI3_dark["dark"]\n    node_venv_lib_python3_12_site-packages_PyQt6_Qt6_qml_QtQuick_Controls_FluentWinUI3_dark --> node_venv_lib_python3_12_site-packages_PyQt6_Qt6_qml_QtQuick_Controls_FluentWinUI3_dark_images["images"]\n    node_venv_lib_python3_12_site-packages_PyQt6_Qt6_qml_QtQuick_Controls_FluentWinUI3_dark_images --> node_venv_lib_python3_12_site-packages_PyQt6_Qt6_qml_QtQuick_Controls_FluentWinUI3_dark_images_combobox-indicator-hovered-open@2x_png["combobox-indicator-hovered-open@2x.png"]\n    Root --> node_venv["venv"]\n    node_venv --> node_venv_lib["lib"]\n    node_venv_lib --> node_venv_lib_python3_12["python3.12"]\n    node_venv_lib_python3_12 --> node_venv_lib_python3_12_site-packages["site-packages"]\n    node_venv_lib_python3_12_site-packages --> node_venv_lib_python3_12_site-packages_PyQt6["PyQt6"]\n    node_venv_lib_python3_12_site-packages_PyQt6 --> node_venv_lib_python3_12_site-packages_PyQt6_Qt6["Qt6"]\n    node_venv_lib_python3_12_site-packages_PyQt6_Qt6 --> node_venv_lib_python3_12_site-packages_PyQt6_Qt6_qml["qml"]\n    node_venv_lib_python3_12_site-packages_PyQt6_Qt6_qml --> node_venv_lib_python3_12_site-packages_PyQt6_Qt6_qml_QtQuick["QtQuick"]\n    node_venv_lib_python3_12_site-packages_PyQt6_Qt6_qml_QtQuick --> node_venv_lib_python3_12_site-packages_PyQt6_Qt6_qml_QtQuick_Controls["Controls"]\n    node_venv_lib_python3_12_site-packages_PyQt6_Qt6_qml_QtQuick_Controls --> node_venv_lib_python3_12_site-packages_PyQt6_Qt6_qml_QtQuick_Controls_FluentWinUI3["FluentWinUI3"]\n    node_venv_lib_python3_12_site-packages_PyQt6_Qt6_qml_QtQuick_Controls_FluentWinUI3 --> node_venv_lib_python3_12_site-packages_PyQt6_Qt6_qml_QtQuick_Controls_FluentWinUI3_dark["dark"]\n    node_venv_lib_python3_12_site-packages_PyQt6_Qt6_qml_QtQuick_Controls_FluentWinUI3_dark --> node_venv_lib_python3_12_site-packages_PyQt6_Qt6_qml_QtQuick_Controls_FluentWinUI3_dark_images["images"]\n    node_venv_lib_python3_12_site-packages_PyQt6_Qt6_qml_QtQuick_Controls_FluentWinUI3_dark_images --> node_venv_lib_python3_12_site-packages_PyQt6_Qt6_qml_QtQuick_Controls_FluentWinUI3_dark_images_combobox-indicator-hovered-open@3x_png["combobox-indicator-hovered-open@3x.png"]\n    Root --> node_venv["venv"]\n    node_venv --> node_venv_lib["lib"]\n    node_venv_lib --> node_venv_lib_python3_12["python3.12"]\n    node_venv_lib_python3_12 --> node_venv_lib_python3_12_site-packages["site-packages"]\n    node_venv_lib_python3_12_site-packages --> node_venv_lib_python3_12_site-packages_PyQt6["PyQt6"]\n    node_venv_lib_python3_12_site-packages_PyQt6 --> node_venv_lib_python3_12_site-packages_PyQt6_Qt6["Qt6"]\n    node_venv_lib_python3_12_site-packages_PyQt6_Qt6 --> node_venv_lib_python3_12_site-packages_PyQt6_Qt6_qml["qml"]\n    node_venv_lib_python3_12_site-packages_PyQt6_Qt6_qml --> node_venv_lib_python3_12_site-packages_PyQt6_Qt6_qml_QtQuick["QtQuick"]\n    node_venv_lib_python3_12_site-packages_PyQt6_Qt6_qml_QtQuick --> node_venv_lib_python3_12_site-packages_PyQt6_Qt6_qml_QtQuick_Controls["Controls"]\n    node_venv_lib_python3_12_site-packages_PyQt6_Qt6_qml_QtQuick_Controls --> node_venv_lib_python3_12_site-packages_PyQt6_Qt6_qml_QtQuick_Controls_FluentWinUI3["FluentWinUI3"]\n    node_venv_lib_python3_12_site-packages_PyQt6_Qt6_qml_QtQuick_Controls_FluentWinUI3 --> node_venv_lib_python3_12_site-packages_PyQt6_Qt6_qml_QtQuick_Controls_FluentWinUI3_dark["dark"]\n    node_venv_lib_python3_12_site-packages_PyQt6_Qt6_qml_QtQuick_Controls_FluentWinUI3_dark --> node_venv_lib_python3_12_site-packages_PyQt6_Qt6_qml_QtQuick_Controls_FluentWinUI3_dark_images["images"]\n    node_venv_lib_python3_12_site-packages_PyQt6_Qt6_qml_QtQuick_Controls_FluentWinUI3_dark_images --> node_venv_lib_python3_12_site-packages_PyQt6_Qt6_qml_QtQuick_Controls_FluentWinUI3_dark_images_combobox-indicator-hovered_png["combobox-indicator-hovered.png"]\n    Root --> node_venv["venv"]\n    node_venv --> node_venv_lib["lib"]\n    node_venv_lib --> node_venv_lib_python3_12["python3.12"]\n    node_venv_lib_python3_12 --> node_venv_lib_python3_12_site-packages["site-packages"]\n    node_venv_lib_python3_12_site-packages --> node_venv_lib_python3_12_site-packages_PyQt6["PyQt6"]\n    node_venv_lib_python3_12_site-packages_PyQt6 --> node_venv_lib_python3_12_site-packages_PyQt6_Qt6["Qt6"]\n    node_venv_lib_python3_12_site-packages_PyQt6_Qt6 --> node_venv_lib_python3_12_site-packages_PyQt6_Qt6_qml["qml"]\n    node_venv_lib_python3_12_site-packages_PyQt6_Qt6_qml --> node_venv_lib_python3_12_site-packages_PyQt6_Qt6_qml_QtQuick["QtQuick"]\n    node_venv_lib_python3_12_site-packages_PyQt6_Qt6_qml_QtQuick --> node_venv_lib_python3_12_site-packages_PyQt6_Qt6_qml_QtQuick_Controls["Controls"]\n    node_venv_lib_python3_12_site-packages_PyQt6_Qt6_qml_QtQuick_Controls --> node_venv_lib_python3_12_site-packages_PyQt6_Qt6_qml_QtQuick_Controls_FluentWinUI3["FluentWinUI3"]\n    node_venv_lib_python3_12_site-packages_PyQt6_Qt6_qml_QtQuick_Controls_FluentWinUI3 --> node_venv_lib_python3_12_site-packages_PyQt6_Qt6_qml_QtQuick_Controls_FluentWinUI3_dark["dark"]\n    node_venv_lib_python3_12_site-packages_PyQt6_Qt6_qml_QtQuick_Controls_FluentWinUI3_dark --> node_venv_lib_python3_12_site-packages_PyQt6_Qt6_qml_QtQuick_Controls_FluentWinUI3_dark_images["images"]\n    node_venv_lib_python3_12_site-packages_PyQt6_Qt6_qml_QtQuick_Controls_FluentWinUI3_dark_images --> node_venv_lib_python3_12_site-packages_PyQt6_Qt6_qml_QtQuick_Controls_FluentWinUI3_dark_images_combobox-indicator-hovered@2x_png["combobox-indicator-hovered@2x.png"]\n    Root --> node_venv["venv"]\n    node_venv --> node_venv_lib["lib"]\n    node_venv_lib --> node_venv_lib_python3_12["python3.12"]\n    node_venv_lib_python3_12 --> node_venv_lib_python3_12_site-packages["site-packages"]\n    node_venv_lib_python3_12_site-packages --> node_venv_lib_python3_12_site-packages_PyQt6["PyQt6"]\n    node_venv_lib_python3_12_site-packages_PyQt6 --> node_venv_lib_python3_12_site-packages_PyQt6_Qt6["Qt6"]\n    node_venv_lib_python3_12_site-packages_PyQt6_Qt6 --> node_venv_lib_python3_12_site-packages_PyQt6_Qt6_qml["qml"]\n    node_venv_lib_python3_12_site-packages_PyQt6_Qt6_qml --> node_venv_lib_python3_12_site-packages_PyQt6_Qt6_qml_QtQuick["QtQuick"]\n    node_venv_lib_python3_12_site-packages_PyQt6_Qt6_qml_QtQuick --> node_venv_lib_python3_12_site-packages_PyQt6_Qt6_qml_QtQuick_Controls["Controls"]\n    node_venv_lib_python3_12_site-packages_PyQt6_Qt6_qml_QtQuick_Controls --> node_venv_lib_python3_12_site-packages_PyQt6_Qt6_qml_QtQuick_Controls_FluentWinUI3["FluentWinUI3"]\n    node_venv_lib_python3_12_site-packages_PyQt6_Qt6_qml_QtQuick_Controls_FluentWinUI3 --> node_venv_lib_python3_12_site-packages_PyQt6_Qt6_qml_QtQuick_Controls_FluentWinUI3_dark["dark"]\n    node_venv_lib_python3_12_site-packages_PyQt6_Qt6_qml_QtQuick_Controls_FluentWinUI3_dark --> node_venv_lib_python3_12_site-packages_PyQt6_Qt6_qml_QtQuick_Controls_FluentWinUI3_dark_images["images"]\n    node_venv_lib_python3_12_site-packages_PyQt6_Qt6_qml_QtQuick_Controls_FluentWinUI3_dark_images --> node_venv_lib_python3_12_site-packages_PyQt6_Qt6_qml_QtQuick_Controls_FluentWinUI3_dark_images_combobox-indicator-hovered@3x_png["combobox-indicator-hovered@3x.png"]\n    Root --> node_venv["venv"]\n    node_venv --> node_venv_lib["lib"]\n    node_venv_lib --> node_venv_lib_python3_12["python3.12"]\n    node_venv_lib_python3_12 --> node_venv_lib_python3_12_site-packages["site-packages"]\n    node_venv_lib_python3_12_site-packages --> node_venv_lib_python3_12_site-packages_PyQt6["PyQt6"]\n    node_venv_lib_python3_12_site-packages_PyQt6 --> node_venv_lib_python3_12_site-packages_PyQt6_Qt6["Qt6"]\n    node_venv_lib_python3_12_site-packages_PyQt6_Qt6 --> node_venv_lib_python3_12_site-packages_PyQt6_Qt6_qml["qml"]\n    node_venv_lib_python3_12_site-packages_PyQt6_Qt6_qml --> node_venv_lib_python3_12_site-packages_PyQt6_Qt6_qml_QtQuick["QtQuick"]\n    node_venv_lib_python3_12_site-packages_PyQt6_Qt6_qml_QtQuick --> node_venv_lib_python3_12_site-packages_PyQt6_Qt6_qml_QtQuick_Controls["Controls"]\n    node_venv_lib_python3_12_site-packages_PyQt6_Qt6_qml_QtQuick_Controls --> node_venv_lib_python3_12_site-packages_PyQt6_Qt6_qml_QtQuick_Controls_FluentWinUI3["FluentWinUI3"]\n    node_venv_lib_python3_12_site-packages_PyQt6_Qt6_qml_QtQuick_Controls_FluentWinUI3 --> node_venv_lib_python3_12_site-packages_PyQt6_Qt6_qml_QtQuick_Controls_FluentWinUI3_dark["dark"]\n    node_venv_lib_python3_12_site-packages_PyQt6_Qt6_qml_QtQuick_Controls_FluentWinUI3_dark --> node_venv_lib_python3_12_site-packages_PyQt6_Qt6_qml_QtQuick_Controls_FluentWinUI3_dark_images["images"]\n    node_venv_lib_python3_12_site-packages_PyQt6_Qt6_qml_QtQuick_Controls_FluentWinUI3_dark_images --> node_venv_lib_python3_12_site-packages_PyQt6_Qt6_qml_QtQuick_Controls_FluentWinUI3_dark_images_combobox-indicator-open-pressed_png["combobox-indicator-open-pressed.png"]\n    Root --> node_venv["venv"]\n    node_venv --> node_venv_lib["lib"]\n    node_venv_lib --> node_venv_lib_python3_12["python3.12"]\n    node_venv_lib_python3_12 --> node_venv_lib_python3_12_site-packages["site-packages"]\n    node_venv_lib_python3_12_site-packages --> node_venv_lib_python3_12_site-packages_PyQt6["PyQt6"]\n    node_venv_lib_python3_12_site-packages_PyQt6 --> node_venv_lib_python3_12_site-packages_PyQt6_Qt6["Qt6"]\n    node_venv_lib_python3_12_site-packages_PyQt6_Qt6 --> node_venv_lib_python3_12_site-packages_PyQt6_Qt6_qml["qml"]\n    node_venv_lib_python3_12_site-packages_PyQt6_Qt6_qml --> node_venv_lib_python3_12_site-packages_PyQt6_Qt6_qml_QtQuick["QtQuick"]\n    node_venv_lib_python3_12_site-packages_PyQt6_Qt6_qml_QtQuick --> node_venv_lib_python3_12_site-packages_PyQt6_Qt6_qml_QtQuick_Controls["Controls"]\n    node_venv_lib_python3_12_site-packages_PyQt6_Qt6_qml_QtQuick_Controls --> node_venv_lib_python3_12_site-packages_PyQt6_Qt6_qml_QtQuick_Controls_FluentWinUI3["FluentWinUI3"]\n    node_venv_lib_python3_12_site-packages_PyQt6_Qt6_qml_QtQuick_Controls_FluentWinUI3 --> node_venv_lib_python3_12_site-packages_PyQt6_Qt6_qml_QtQuick_Controls_FluentWinUI3_dark["dark"]\n    node_venv_lib_python3_12_site-packages_PyQt6_Qt6_qml_QtQuick_Controls_FluentWinUI3_dark --> node_venv_lib_python3_12_site-packages_PyQt6_Qt6_qml_QtQuick_Controls_FluentWinUI3_dark_images["images"]\n    node_venv_lib_python3_12_site-packages_PyQt6_Qt6_qml_QtQuick_Controls_FluentWinUI3_dark_images --> node_venv_lib_python3_12_site-packages_PyQt6_Qt6_qml_QtQuick_Controls_FluentWinUI3_dark_images_combobox-indicator-open-pressed@2x_png["combobox-indicator-open-pressed@2x.png"]\n    Root --> node_venv["venv"]\n    node_venv --> node_venv_lib["lib"]\n    node_venv_lib --> node_venv_lib_python3_12["python3.12"]\n    node_venv_lib_python3_12 --> node_venv_lib_python3_12_site-packages["site-packages"]\n    node_venv_lib_python3_12_site-packages --> node_venv_lib_python3_12_site-packages_PyQt6["PyQt6"]\n    node_venv_lib_python3_12_site-packages_PyQt6 --> node_venv_lib_python3_12_site-packages_PyQt6_Qt6["Qt6"]\n    node_venv_lib_python3_12_site-packages_PyQt6_Qt6 --> node_venv_lib_python3_12_site-packages_PyQt6_Qt6_qml["qml"]\n    node_venv_lib_python3_12_site-packages_PyQt6_Qt6_qml --> node_venv_lib_python3_12_site-packages_PyQt6_Qt6_qml_QtQuick["QtQuick"]\n    node_venv_lib_python3_12_site-packages_PyQt6_Qt6_qml_QtQuick --> node_venv_lib_python3_12_site-packages_PyQt6_Qt6_qml_QtQuick_Controls["Controls"]\n    node_venv_lib_python3_12_site-packages_PyQt6_Qt6_qml_QtQuick_Controls --> node_venv_lib_python3_12_site-packages_PyQt6_Qt6_qml_QtQuick_Controls_FluentWinUI3["FluentWinUI3"]\n    node_venv_lib_python3_12_site-packages_PyQt6_Qt6_qml_QtQuick_Controls_FluentWinUI3 --> node_venv_lib_python3_12_site-packages_PyQt6_Qt6_qml_QtQuick_Controls_FluentWinUI3_dark["dark"]\n    node_venv_lib_python3_12_site-packages_PyQt6_Qt6_qml_QtQuick_Controls_FluentWinUI3_dark --> node_venv_lib_python3_12_site-packages_PyQt6_Qt6_qml_QtQuick_Controls_FluentWinUI3_dark_images["images"]\n    node_venv_lib_python3_12_site-packages_PyQt6_Qt6_qml_QtQuick_Controls_FluentWinUI3_dark_images --> node_venv_lib_python3_12_site-packages_PyQt6_Qt6_qml_QtQuick_Controls_FluentWinUI3_dark_images_combobox-indicator-open-pressed@3x_png["combobox-indicator-open-pressed@3x.png"]\n    Root --> node_venv["venv"]\n    node_venv --> node_venv_lib["lib"]\n    node_venv_lib --> node_venv_lib_python3_12["python3.12"]\n    node_venv_lib_python3_12 --> node_venv_lib_python3_12_site-packages["site-packages"]\n    node_venv_lib_python3_12_site-packages --> node_venv_lib_python3_12_site-packages_PyQt6["PyQt6"]\n    node_venv_lib_python3_12_site-packages_PyQt6 --> node_venv_lib_python3_12_site-packages_PyQt6_Qt6["Qt6"]\n    node_venv_lib_python3_12_site-packages_PyQt6_Qt6 --> node_venv_lib_python3_12_site-packages_PyQt6_Qt6_qml["qml"]\n    node_venv_lib_python3_12_site-packages_PyQt6_Qt6_qml --> node_venv_lib_python3_12_site-packages_PyQt6_Qt6_qml_QtQuick["QtQuick"]\n    node_venv_lib_python3_12_site-packages_PyQt6_Qt6_qml_QtQuick --> node_venv_lib_python3_12_site-packages_PyQt6_Qt6_qml_QtQuick_Controls["Controls"]\n    node_venv_lib_python3_12_site-packages_PyQt6_Qt6_qml_QtQuick_Controls --> node_venv_lib_python3_12_site-packages_PyQt6_Qt6_qml_QtQuick_Controls_FluentWinUI3["FluentWinUI3"]\n    node_venv_lib_python3_12_site-packages_PyQt6_Qt6_qml_QtQuick_Controls_FluentWinUI3 --> node_venv_lib_python3_12_site-packages_PyQt6_Qt6_qml_QtQuick_Controls_FluentWinUI3_dark["dark"]\n    node_venv_lib_python3_12_site-packages_PyQt6_Qt6_qml_QtQuick_Controls_FluentWinUI3_dark --> node_venv_lib_python3_12_site-packages_PyQt6_Qt6_qml_QtQuick_Controls_FluentWinUI3_dark_images["images"]\n    node_venv_lib_python3_12_site-packages_PyQt6_Qt6_qml_QtQuick_Controls_FluentWinUI3_dark_images --> node_venv_lib_python3_12_site-packages_PyQt6_Qt6_qml_QtQuick_Controls_FluentWinUI3_dark_images_combobox-indicator-open_png["combobox-indicator-open.png"]\n    Root --> node_venv["venv"]\n    node_venv --> node_venv_lib["lib"]\n    node_venv_lib --> node_venv_lib_python3_12["python3.12"]\n    node_venv_lib_python3_12 --> node_venv_lib_python3_12_site-packages["site-packages"]\n    node_venv_lib_python3_12_site-packages --> node_venv_lib_python3_12_site-packages_PyQt6["PyQt6"]\n    node_venv_lib_python3_12_site-packages_PyQt6 --> node_venv_lib_python3_12_site-packages_PyQt6_Qt6["Qt6"]\n    node_venv_lib_python3_12_site-packages_PyQt6_Qt6 --> node_venv_lib_python3_12_site-packages_PyQt6_Qt6_qml["qml"]\n    node_venv_lib_python3_12_site-packages_PyQt6_Qt6_qml --> node_venv_lib_python3_12_site-packages_PyQt6_Qt6_qml_QtQuick["QtQuick"]\n    node_venv_lib_python3_12_site-packages_PyQt6_Qt6_qml_QtQuick --> node_venv_lib_python3_12_site-packages_PyQt6_Qt6_qml_QtQuick_Controls["Controls"]\n    node_venv_lib_python3_12_site-packages_PyQt6_Qt6_qml_QtQuick_Controls --> node_venv_lib_python3_12_site-packages_PyQt6_Qt6_qml_QtQuick_Controls_FluentWinUI3["FluentWinUI3"]\n    node_venv_lib_python3_12_site-packages_PyQt6_Qt6_qml_QtQuick_Controls_FluentWinUI3 --> node_venv_lib_python3_12_site-packages_PyQt6_Qt6_qml_QtQuick_Controls_FluentWinUI3_dark["dark"]\n    node_venv_lib_python3_12_site-packages_PyQt6_Qt6_qml_QtQuick_Controls_FluentWinUI3_dark --> node_venv_lib_python3_12_site-packages_PyQt6_Qt6_qml_QtQuick_Controls_FluentWinUI3_dark_images["images"]\n    node_venv_lib_python3_12_site-packages_PyQt6_Qt6_qml_QtQuick_Controls_FluentWinUI3_dark_images --> node_venv_lib_python3_12_site-packages_PyQt6_Qt6_qml_QtQuick_Controls_FluentWinUI3_dark_images_combobox-indicator-open@2x_png["combobox-indicator-open@2x.png"]\n    Root --> node_venv["venv"]\n    node_venv --> node_venv_lib["lib"]\n    node_venv_lib --> node_venv_lib_python3_12["python3.12"]\n    node_venv_lib_python3_12 --> node_venv_lib_python3_12_site-packages["site-packages"]\n    node_venv_lib_python3_12_site-packages --> node_venv_lib_python3_12_site-packages_PyQt6["PyQt6"]\n    node_venv_lib_python3_12_site-packages_PyQt6 --> node_venv_lib_python3_12_site-packages_PyQt6_Qt6["Qt6"]\n    node_venv_lib_python3_12_site-packages_PyQt6_Qt6 --> node_venv_lib_python3_12_site-packages_PyQt6_Qt6_qml["qml"]\n    node_venv_lib_python3_12_site-packages_PyQt6_Qt6_qml --> node_venv_lib_python3_12_site-packages_PyQt6_Qt6_qml_QtQuick["QtQuick"]\n    node_venv_lib_python3_12_site-packages_PyQt6_Qt6_qml_QtQuick --> node_venv_lib_python3_12_site-packages_PyQt6_Qt6_qml_QtQuick_Controls["Controls"]\n    node_venv_lib_python3_12_site-packages_PyQt6_Qt6_qml_QtQuick_Controls --> node_venv_lib_python3_12_site-packages_PyQt6_Qt6_qml_QtQuick_Controls_FluentWinUI3["FluentWinUI3"]\n    node_venv_lib_python3_12_site-packages_PyQt6_Qt6_qml_QtQuick_Controls_FluentWinUI3 --> node_venv_lib_python3_12_site-packages_PyQt6_Qt6_qml_QtQuick_Controls_FluentWinUI3_dark["dark"]\n    node_venv_lib_python3_12_site-packages_PyQt6_Qt6_qml_QtQuick_Controls_FluentWinUI3_dark --> node_venv_lib_python3_12_site-packages_PyQt6_Qt6_qml_QtQuick_Controls_FluentWinUI3_dark_images["images"]\n    node_venv_lib_python3_12_site-packages_PyQt6_Qt6_qml_QtQuick_Controls_FluentWinUI3_dark_images --> node_venv_lib_python3_12_site-packages_PyQt6_Qt6_qml_QtQuick_Controls_FluentWinUI3_dark_images_combobox-indicator-open@3x_png["combobox-indicator-open@3x.png"]\n    Root --> node_venv["venv"]\n    node_venv --> node_venv_lib["lib"]\n    node_venv_lib --> node_venv_lib_python3_12["python3.12"]\n    node_venv_lib_python3_12 --> node_venv_lib_python3_12_site-packages["site-packages"]\n    node_venv_lib_python3_12_site-packages --> node_venv_lib_python3_12_site-packages_PyQt6["PyQt6"]\n    node_venv_lib_python3_12_site-packages_PyQt6 --> node_venv_lib_python3_12_site-packages_PyQt6_Qt6["Qt6"]\n    node_venv_lib_python3_12_site-packages_PyQt6_Qt6 --> node_venv_lib_python3_12_site-packages_PyQt6_Qt6_qml["qml"]\n    node_venv_lib_python3_12_site-packages_PyQt6_Qt6_qml --> node_venv_lib_python3_12_site-packages_PyQt6_Qt6_qml_QtQuick["QtQuick"]\n    node_venv_lib_python3_12_site-packages_PyQt6_Qt6_qml_QtQuick --> node_venv_lib_python3_12_site-packages_PyQt6_Qt6_qml_QtQuick_Controls["Controls"]\n    node_venv_lib_python3_12_site-packages_PyQt6_Qt6_qml_QtQuick_Controls --> node_venv_lib_python3_12_site-packages_PyQt6_Qt6_qml_QtQuick_Controls_FluentWinUI3["FluentWinUI3"]\n    node_venv_lib_python3_12_site-packages_PyQt6_Qt6_qml_QtQuick_Controls_FluentWinUI3 --> node_venv_lib_python3_12_site-packages_PyQt6_Qt6_qml_QtQuick_Controls_FluentWinUI3_dark["dark"]\n    node_venv_lib_python3_12_site-packages_PyQt6_Qt6_qml_QtQuick_Controls_FluentWinUI3_dark --> node_venv_lib_python3_12_site-packages_PyQt6_Qt6_qml_QtQuick_Controls_FluentWinUI3_dark_images["images"]\n    node_venv_lib_python3_12_site-packages_PyQt6_Qt6_qml_QtQuick_Controls_FluentWinUI3_dark_images --> node_venv_lib_python3_12_site-packages_PyQt6_Qt6_qml_QtQuick_Controls_FluentWinUI3_dark_images_combobox-indicator-pressed_png["combobox-indicator-pressed.png"]\n    Root --> node_venv["venv"]\n    node_venv --> node_venv_lib["lib"]\n    node_venv_lib --> node_venv_lib_python3_12["python3.12"]\n    node_venv_lib_python3_12 --> node_venv_lib_python3_12_site-packages["site-packages"]\n    node_venv_lib_python3_12_site-packages --> node_venv_lib_python3_12_site-packages_PyQt6["PyQt6"]\n    node_venv_lib_python3_12_site-packages_PyQt6 --> node_venv_lib_python3_12_site-packages_PyQt6_Qt6["Qt6"]\n    node_venv_lib_python3_12_site-packages_PyQt6_Qt6 --> node_venv_lib_python3_12_site-packages_PyQt6_Qt6_qml["qml"]\n    node_venv_lib_python3_12_site-packages_PyQt6_Qt6_qml --> node_venv_lib_python3_12_site-packages_PyQt6_Qt6_qml_QtQuick["QtQuick"]\n    node_venv_lib_python3_12_site-packages_PyQt6_Qt6_qml_QtQuick --> node_venv_lib_python3_12_site-packages_PyQt6_Qt6_qml_QtQuick_Controls["Controls"]\n    node_venv_lib_python3_12_site-packages_PyQt6_Qt6_qml_QtQuick_Controls --> node_venv_lib_python3_12_site-packages_PyQt6_Qt6_qml_QtQuick_Controls_FluentWinUI3["FluentWinUI3"]\n    node_venv_lib_python3_12_site-packages_PyQt6_Qt6_qml_QtQuick_Controls_FluentWinUI3 --> node_venv_lib_python3_12_site-packages_PyQt6_Qt6_qml_QtQuick_Controls_FluentWinUI3_dark["dark"]\n    node_venv_lib_python3_12_site-packages_PyQt6_Qt6_qml_QtQuick_Controls_FluentWinUI3_dark --> node_venv_lib_python3_12_site-packages_PyQt6_Qt6_qml_QtQuick_Controls_FluentWinUI3_dark_images["images"]\n    node_venv_lib_python3_12_site-packages_PyQt6_Qt6_qml_QtQuick_Controls_FluentWinUI3_dark_images --> node_venv_lib_python3_12_site-packages_PyQt6_Qt6_qml_QtQuick_Controls_FluentWinUI3_dark_images_combobox-indicator-pressed@2x_png["combobox-indicator-pressed@2x.png"]\n    Root --> node_venv["venv"]\n    node_venv --> node_venv_lib["lib"]\n    node_venv_lib --> node_venv_lib_python3_12["python3.12"]\n    node_venv_lib_python3_12 --> node_venv_lib_python3_12_site-packages["site-packages"]\n    node_venv_lib_python3_12_site-packages --> node_venv_lib_python3_12_site-packages_PyQt6["PyQt6"]\n    node_venv_lib_python3_12_site-packages_PyQt6 --> node_venv_lib_python3_12_site-packages_PyQt6_Qt6["Qt6"]\n    node_venv_lib_python3_12_site-packages_PyQt6_Qt6 --> node_venv_lib_python3_12_site-packages_PyQt6_Qt6_qml["qml"]\n    node_venv_lib_python3_12_site-packages_PyQt6_Qt6_qml --> node_venv_lib_python3_12_site-packages_PyQt6_Qt6_qml_QtQuick["QtQuick"]\n    node_venv_lib_python3_12_site-packages_PyQt6_Qt6_qml_QtQuick --> node_venv_lib_python3_12_site-packages_PyQt6_Qt6_qml_QtQuick_Controls["Controls"]\n    node_venv_lib_python3_12_site-packages_PyQt6_Qt6_qml_QtQuick_Controls --> node_venv_lib_python3_12_site-packages_PyQt6_Qt6_qml_QtQuick_Controls_FluentWinUI3["FluentWinUI3"]\n    node_venv_lib_python3_12_site-packages_PyQt6_Qt6_qml_QtQuick_Controls_FluentWinUI3 --> node_venv_lib_python3_12_site-packages_PyQt6_Qt6_qml_QtQuick_Controls_FluentWinUI3_dark["dark"]\n    node_venv_lib_python3_12_site-packages_PyQt6_Qt6_qml_QtQuick_Controls_FluentWinUI3_dark --> node_venv_lib_python3_12_site-packages_PyQt6_Qt6_qml_QtQuick_Controls_FluentWinUI3_dark_images["images"]\n    node_venv_lib_python3_12_site-packages_PyQt6_Qt6_qml_QtQuick_Controls_FluentWinUI3_dark_images --> node_venv_lib_python3_12_site-packages_PyQt6_Qt6_qml_QtQuick_Controls_FluentWinUI3_dark_images_combobox-indicator-pressed@3x_png["combobox-indicator-pressed@3x.png"]\n    Root --> node_venv["venv"]\n    node_venv --> node_venv_lib["lib"]\n    node_venv_lib --> node_venv_lib_python3_12["python3.12"]\n    node_venv_lib_python3_12 --> node_venv_lib_python3_12_site-packages["site-packages"]\n    node_venv_lib_python3_12_site-packages --> node_venv_lib_python3_12_site-packages_PyQt6["PyQt6"]\n    node_venv_lib_python3_12_site-packages_PyQt6 --> node_venv_lib_python3_12_site-packages_PyQt6_Qt6["Qt6"]\n    node_venv_lib_python3_12_site-packages_PyQt6_Qt6 --> node_venv_lib_python3_12_site-packages_PyQt6_Qt6_qml["qml"]\n    node_venv_lib_python3_12_site-packages_PyQt6_Qt6_qml --> node_venv_lib_python3_12_site-packages_PyQt6_Qt6_qml_QtQuick["QtQuick"]\n    node_venv_lib_python3_12_site-packages_PyQt6_Qt6_qml_QtQuick --> node_venv_lib_python3_12_site-packages_PyQt6_Qt6_qml_QtQuick_Controls["Controls"]\n    node_venv_lib_python3_12_site-packages_PyQt6_Qt6_qml_QtQuick_Controls --> node_venv_lib_python3_12_site-packages_PyQt6_Qt6_qml_QtQuick_Controls_FluentWinUI3["FluentWinUI3"]\n    node_venv_lib_python3_12_site-packages_PyQt6_Qt6_qml_QtQuick_Controls_FluentWinUI3 --> node_venv_lib_python3_12_site-packages_PyQt6_Qt6_qml_QtQuick_Controls_FluentWinUI3_dark["dark"]\n    node_venv_lib_python3_12_site-packages_PyQt6_Qt6_qml_QtQuick_Controls_FluentWinUI3_dark --> node_venv_lib_python3_12_site-packages_PyQt6_Qt6_qml_QtQuick_Controls_FluentWinUI3_dark_images["images"]\n    node_venv_lib_python3_12_site-packages_PyQt6_Qt6_qml_QtQuick_Controls_FluentWinUI3_dark_images --> node_venv_lib_python3_12_site-packages_PyQt6_Qt6_qml_QtQuick_Controls_FluentWinUI3_dark_images_combobox-indicator_png["combobox-indicator.png"]\n    Root --> node_venv["venv"]\n    node_venv --> node_venv_lib["lib"]\n    node_venv_lib --> node_venv_lib_python3_12["python3.12"]\n    node_venv_lib_python3_12 --> node_venv_lib_python3_12_site-packages["site-packages"]\n    node_venv_lib_python3_12_site-packages --> node_venv_lib_python3_12_site-packages_PyQt6["PyQt6"]\n    node_venv_lib_python3_12_site-packages_PyQt6 --> node_venv_lib_python3_12_site-packages_PyQt6_Qt6["Qt6"]\n    node_venv_lib_python3_12_site-packages_PyQt6_Qt6 --> node_venv_lib_python3_12_site-packages_PyQt6_Qt6_qml["qml"]\n    node_venv_lib_python3_12_site-packages_PyQt6_Qt6_qml --> node_venv_lib_python3_12_site-packages_PyQt6_Qt6_qml_QtQuick["QtQuick"]\n    node_venv_lib_python3_12_site-packages_PyQt6_Qt6_qml_QtQuick --> node_venv_lib_python3_12_site-packages_PyQt6_Qt6_qml_QtQuick_Controls["Controls"]\n    node_venv_lib_python3_12_site-packages_PyQt6_Qt6_qml_QtQuick_Controls --> node_venv_lib_python3_12_site-packages_PyQt6_Qt6_qml_QtQuick_Controls_FluentWinUI3["FluentWinUI3"]\n    node_venv_lib_python3_12_site-packages_PyQt6_Qt6_qml_QtQuick_Controls_FluentWinUI3 --> node_venv_lib_python3_12_site-packages_PyQt6_Qt6_qml_QtQuick_Controls_FluentWinUI3_dark["dark"]\n    node_venv_lib_python3_12_site-packages_PyQt6_Qt6_qml_QtQuick_Controls_FluentWinUI3_dark --> node_venv_lib_python3_12_site-packages_PyQt6_Qt6_qml_QtQuick_Controls_FluentWinUI3_dark_images["images"]\n    node_venv_lib_python3_12_site-packages_PyQt6_Qt6_qml_QtQuick_Controls_FluentWinUI3_dark_images --> node_venv_lib_python3_12_site-packages_PyQt6_Qt6_qml_QtQuick_Controls_FluentWinUI3_dark_images_combobox-indicator@2x_png["combobox-indicator@2x.png"]\n    Root --> node_venv["venv"]\n    node_venv --> node_venv_lib["lib"]\n    node_venv_lib --> node_venv_lib_python3_12["python3.12"]\n    node_venv_lib_python3_12 --> node_venv_lib_python3_12_site-packages["site-packages"]\n    node_venv_lib_python3_12_site-packages --> node_venv_lib_python3_12_site-packages_PyQt6["PyQt6"]\n    node_venv_lib_python3_12_site-packages_PyQt6 --> node_venv_lib_python3_12_site-packages_PyQt6_Qt6["Qt6"]\n    node_venv_lib_python3_12_site-packages_PyQt6_Qt6 --> node_venv_lib_python3_12_site-packages_PyQt6_Qt6_qml["qml"]\n    node_venv_lib_python3_12_site-packages_PyQt6_Qt6_qml --> node_venv_lib_python3_12_site-packages_PyQt6_Qt6_qml_QtQuick["QtQuick"]\n    node_venv_lib_python3_12_site-packages_PyQt6_Qt6_qml_QtQuick --> node_venv_lib_python3_12_site-packages_PyQt6_Qt6_qml_QtQuick_Controls["Controls"]\n    node_venv_lib_python3_12_site-packages_PyQt6_Qt6_qml_QtQuick_Controls --> node_venv_lib_python3_12_site-packages_PyQt6_Qt6_qml_QtQuick_Controls_FluentWinUI3["FluentWinUI3"]\n    node_venv_lib_python3_12_site-packages_PyQt6_Qt6_qml_QtQuick_Controls_FluentWinUI3 --> node_venv_lib_python3_12_site-packages_PyQt6_Qt6_qml_QtQuick_Controls_FluentWinUI3_dark["dark"]\n    node_venv_lib_python3_12_site-packages_PyQt6_Qt6_qml_QtQuick_Controls_FluentWinUI3_dark --> node_venv_lib_python3_12_site-packages_PyQt6_Qt6_qml_QtQuick_Controls_FluentWinUI3_dark_images["images"]\n    node_venv_lib_python3_12_site-packages_PyQt6_Qt6_qml_QtQuick_Controls_FluentWinUI3_dark_images --> node_venv_lib_python3_12_site-packages_PyQt6_Qt6_qml_QtQuick_Controls_FluentWinUI3_dark_images_combobox-indicator@3x_png["combobox-indicator@3x.png"]\n    Root --> node_venv["venv"]\n    node_venv --> node_venv_lib["lib"]\n    node_venv_lib --> node_venv_lib_python3_12["python3.12"]\n    node_venv_lib_python3_12 --> node_venv_lib_python3_12_site-packages["site-packages"]\n    node_venv_lib_python3_12_site-packages --> node_venv_lib_python3_12_site-packages_PyQt6["PyQt6"]\n    node_venv_lib_python3_12_site-packages_PyQt6 --> node_venv_lib_python3_12_site-packages_PyQt6_Qt6["Qt6"]\n    node_venv_lib_python3_12_site-packages_PyQt6_Qt6 --> node_venv_lib_python3_12_site-packages_PyQt6_Qt6_qml["qml"]\n    node_venv_lib_python3_12_site-packages_PyQt6_Qt6_qml --> node_venv_lib_python3_12_site-packages_PyQt6_Qt6_qml_QtQuick["QtQuick"]\n    node_venv_lib_python3_12_site-packages_PyQt6_Qt6_qml_QtQuick --> node_venv_lib_python3_12_site-packages_PyQt6_Qt6_qml_QtQuick_Controls["Controls"]\n    node_venv_lib_python3_12_site-packages_PyQt6_Qt6_qml_QtQuick_Controls --> node_venv_lib_python3_12_site-packages_PyQt6_Qt6_qml_QtQuick_Controls_FluentWinUI3["FluentWinUI3"]\n    node_venv_lib_python3_12_site-packages_PyQt6_Qt6_qml_QtQuick_Controls_FluentWinUI3 --> node_venv_lib_python3_12_site-packages_PyQt6_Qt6_qml_QtQuick_Controls_FluentWinUI3_dark["dark"]\n    node_venv_lib_python3_12_site-packages_PyQt6_Qt6_qml_QtQuick_Controls_FluentWinUI3_dark --> node_venv_lib_python3_12_site-packages_PyQt6_Qt6_qml_QtQuick_Controls_FluentWinUI3_dark_images["images"]\n    node_venv_lib_python3_12_site-packages_PyQt6_Qt6_qml_QtQuick_Controls_FluentWinUI3_dark_images --> node_venv_lib_python3_12_site-packages_PyQt6_Qt6_qml_QtQuick_Controls_FluentWinUI3_dark_images_editablecombobox-background-hovered-open_png["editablecombobox-background-hovered-open.png"]\n    Root --> node_venv["venv"]\n    node_venv --> node_venv_lib["lib"]\n    node_venv_lib --> node_venv_lib_python3_12["python3.12"]\n    node_venv_lib_python3_12 --> node_venv_lib_python3_12_site-packages["site-packages"]\n    node_venv_lib_python3_12_site-packages --> node_venv_lib_python3_12_site-packages_PyQt6["PyQt6"]\n    node_venv_lib_python3_12_site-packages_PyQt6 --> node_venv_lib_python3_12_site-packages_PyQt6_Qt6["Qt6"]\n    node_venv_lib_python3_12_site-packages_PyQt6_Qt6 --> node_venv_lib_python3_12_site-packages_PyQt6_Qt6_qml["qml"]\n    node_venv_lib_python3_12_site-packages_PyQt6_Qt6_qml --> node_venv_lib_python3_12_site-packages_PyQt6_Qt6_qml_QtQuick["QtQuick"]\n    node_venv_lib_python3_12_site-packages_PyQt6_Qt6_qml_QtQuick --> node_venv_lib_python3_12_site-packages_PyQt6_Qt6_qml_QtQuick_Controls["Controls"]\n    node_venv_lib_python3_12_site-packages_PyQt6_Qt6_qml_QtQuick_Controls --> node_venv_lib_python3_12_site-packages_PyQt6_Qt6_qml_QtQuick_Controls_FluentWinUI3["FluentWinUI3"]\n    node_venv_lib_python3_12_site-packages_PyQt6_Qt6_qml_QtQuick_Controls_FluentWinUI3 --> node_venv_lib_python3_12_site-packages_PyQt6_Qt6_qml_QtQuick_Controls_FluentWinUI3_dark["dark"]\n    node_venv_lib_python3_12_site-packages_PyQt6_Qt6_qml_QtQuick_Controls_FluentWinUI3_dark --> node_venv_lib_python3_12_site-packages_PyQt6_Qt6_qml_QtQuick_Controls_FluentWinUI3_dark_images["images"]\n    node_venv_lib_python3_12_site-packages_PyQt6_Qt6_qml_QtQuick_Controls_FluentWinUI3_dark_images --> node_venv_lib_python3_12_site-packages_PyQt6_Qt6_qml_QtQuick_Controls_FluentWinUI3_dark_images_editablecombobox-background-hovered-open@2x_png["editablecombobox-background-hovered-open@2x.png"]\n    Root --> node_venv["venv"]\n    node_venv --> node_venv_lib["lib"]\n    node_venv_lib --> node_venv_lib_python3_12["python3.12"]\n    node_venv_lib_python3_12 --> node_venv_lib_python3_12_site-packages["site-packages"]\n    node_venv_lib_python3_12_site-packages --> node_venv_lib_python3_12_site-packages_PyQt6["PyQt6"]\n    node_venv_lib_python3_12_site-packages_PyQt6 --> node_venv_lib_python3_12_site-packages_PyQt6_Qt6["Qt6"]\n    node_venv_lib_python3_12_site-packages_PyQt6_Qt6 --> node_venv_lib_python3_12_site-packages_PyQt6_Qt6_qml["qml"]\n    node_venv_lib_python3_12_site-packages_PyQt6_Qt6_qml --> node_venv_lib_python3_12_site-packages_PyQt6_Qt6_qml_QtQuick["QtQuick"]\n    node_venv_lib_python3_12_site-packages_PyQt6_Qt6_qml_QtQuick --> node_venv_lib_python3_12_site-packages_PyQt6_Qt6_qml_QtQuick_Controls["Controls"]\n    node_venv_lib_python3_12_site-packages_PyQt6_Qt6_qml_QtQuick_Controls --> node_venv_lib_python3_12_site-packages_PyQt6_Qt6_qml_QtQuick_Controls_FluentWinUI3["FluentWinUI3"]\n    node_venv_lib_python3_12_site-packages_PyQt6_Qt6_qml_QtQuick_Controls_FluentWinUI3 --> node_venv_lib_python3_12_site-packages_PyQt6_Qt6_qml_QtQuick_Controls_FluentWinUI3_dark["dark"]\n    node_venv_lib_python3_12_site-packages_PyQt6_Qt6_qml_QtQuick_Controls_FluentWinUI3_dark --> node_venv_lib_python3_12_site-packages_PyQt6_Qt6_qml_QtQuick_Controls_FluentWinUI3_dark_images["images"]\n    node_venv_lib_python3_12_site-packages_PyQt6_Qt6_qml_QtQuick_Controls_FluentWinUI3_dark_images --> node_venv_lib_python3_12_site-packages_PyQt6_Qt6_qml_QtQuick_Controls_FluentWinUI3_dark_images_editablecombobox-background-hovered-open@3x_png["editablecombobox-background-hovered-open@3x.png"]\n    Root --> node_venv["venv"]\n    node_venv --> node_venv_lib["lib"]\n    node_venv_lib --> node_venv_lib_python3_12["python3.12"]\n    node_venv_lib_python3_12 --> node_venv_lib_python3_12_site-packages["site-packages"]\n    node_venv_lib_python3_12_site-packages --> node_venv_lib_python3_12_site-packages_PyQt6["PyQt6"]\n    node_venv_lib_python3_12_site-packages_PyQt6 --> node_venv_lib_python3_12_site-packages_PyQt6_Qt6["Qt6"]\n    node_venv_lib_python3_12_site-packages_PyQt6_Qt6 --> node_venv_lib_python3_12_site-packages_PyQt6_Qt6_qml["qml"]\n    node_venv_lib_python3_12_site-packages_PyQt6_Qt6_qml --> node_venv_lib_python3_12_site-packages_PyQt6_Qt6_qml_QtQuick["QtQuick"]\n    node_venv_lib_python3_12_site-packages_PyQt6_Qt6_qml_QtQuick --> node_venv_lib_python3_12_site-packages_PyQt6_Qt6_qml_QtQuick_Controls["Controls"]\n    node_venv_lib_python3_12_site-packages_PyQt6_Qt6_qml_QtQuick_Controls --> node_venv_lib_python3_12_site-packages_PyQt6_Qt6_qml_QtQuick_Controls_FluentWinUI3["FluentWinUI3"]\n    node_venv_lib_python3_12_site-packages_PyQt6_Qt6_qml_QtQuick_Controls_FluentWinUI3 --> node_venv_lib_python3_12_site-packages_PyQt6_Qt6_qml_QtQuick_Controls_FluentWinUI3_dark["dark"]\n    node_venv_lib_python3_12_site-packages_PyQt6_Qt6_qml_QtQuick_Controls_FluentWinUI3_dark --> node_venv_lib_python3_12_site-packages_PyQt6_Qt6_qml_QtQuick_Controls_FluentWinUI3_dark_images["images"]\n    node_venv_lib_python3_12_site-packages_PyQt6_Qt6_qml_QtQuick_Controls_FluentWinUI3_dark_images --> node_venv_lib_python3_12_site-packages_PyQt6_Qt6_qml_QtQuick_Controls_FluentWinUI3_dark_images_editablecombobox-background-open-pressed_png["editablecombobox-background-open-pressed.png"]\n    Root --> node_venv["venv"]\n    node_venv --> node_venv_lib["lib"]\n    node_venv_lib --> node_venv_lib_python3_12["python3.12"]\n    node_venv_lib_python3_12 --> node_venv_lib_python3_12_site-packages["site-packages"]\n    node_venv_lib_python3_12_site-packages --> node_venv_lib_python3_12_site-packages_PyQt6["PyQt6"]\n    node_venv_lib_python3_12_site-packages_PyQt6 --> node_venv_lib_python3_12_site-packages_PyQt6_Qt6["Qt6"]\n    node_venv_lib_python3_12_site-packages_PyQt6_Qt6 --> node_venv_lib_python3_12_site-packages_PyQt6_Qt6_qml["qml"]\n    node_venv_lib_python3_12_site-packages_PyQt6_Qt6_qml --> node_venv_lib_python3_12_site-packages_PyQt6_Qt6_qml_QtQuick["QtQuick"]\n    node_venv_lib_python3_12_site-packages_PyQt6_Qt6_qml_QtQuick --> node_venv_lib_python3_12_site-packages_PyQt6_Qt6_qml_QtQuick_Controls["Controls"]\n    node_venv_lib_python3_12_site-packages_PyQt6_Qt6_qml_QtQuick_Controls --> node_venv_lib_python3_12_site-packages_PyQt6_Qt6_qml_QtQuick_Controls_FluentWinUI3["FluentWinUI3"]\n    node_venv_lib_python3_12_site-packages_PyQt6_Qt6_qml_QtQuick_Controls_FluentWinUI3 --> node_venv_lib_python3_12_site-packages_PyQt6_Qt6_qml_QtQuick_Controls_FluentWinUI3_dark["dark"]\n    node_venv_lib_python3_12_site-packages_PyQt6_Qt6_qml_QtQuick_Controls_FluentWinUI3_dark --> node_venv_lib_python3_12_site-packages_PyQt6_Qt6_qml_QtQuick_Controls_FluentWinUI3_dark_images["images"]\n    node_venv_lib_python3_12_site-packages_PyQt6_Qt6_qml_QtQuick_Controls_FluentWinUI3_dark_images --> node_venv_lib_python3_12_site-packages_PyQt6_Qt6_qml_QtQuick_Controls_FluentWinUI3_dark_images_editablecombobox-background-open-pressed@2x_png["editablecombobox-background-open-pressed@2x.png"]\n    Root --> node_venv["venv"]\n    node_venv --> node_venv_lib["lib"]\n    node_venv_lib --> node_venv_lib_python3_12["python3.12"]\n    node_venv_lib_python3_12 --> node_venv_lib_python3_12_site-packages["site-packages"]\n    node_venv_lib_python3_12_site-packages --> node_venv_lib_python3_12_site-packages_PyQt6["PyQt6"]\n    node_venv_lib_python3_12_site-packages_PyQt6 --> node_venv_lib_python3_12_site-packages_PyQt6_Qt6["Qt6"]\n    node_venv_lib_python3_12_site-packages_PyQt6_Qt6 --> node_venv_lib_python3_12_site-packages_PyQt6_Qt6_qml["qml"]\n    node_venv_lib_python3_12_site-packages_PyQt6_Qt6_qml --> node_venv_lib_python3_12_site-packages_PyQt6_Qt6_qml_QtQuick["QtQuick"]\n    node_venv_lib_python3_12_site-packages_PyQt6_Qt6_qml_QtQuick --> node_venv_lib_python3_12_site-packages_PyQt6_Qt6_qml_QtQuick_Controls["Controls"]\n    node_venv_lib_python3_12_site-packages_PyQt6_Qt6_qml_QtQuick_Controls --> node_venv_lib_python3_12_site-packages_PyQt6_Qt6_qml_QtQuick_Controls_FluentWinUI3["FluentWinUI3"]\n    node_venv_lib_python3_12_site-packages_PyQt6_Qt6_qml_QtQuick_Controls_FluentWinUI3 --> node_venv_lib_python3_12_site-packages_PyQt6_Qt6_qml_QtQuick_Controls_FluentWinUI3_dark["dark"]\n    node_venv_lib_python3_12_site-packages_PyQt6_Qt6_qml_QtQuick_Controls_FluentWinUI3_dark --> node_venv_lib_python3_12_site-packages_PyQt6_Qt6_qml_QtQuick_Controls_FluentWinUI3_dark_images["images"]\n    node_venv_lib_python3_12_site-packages_PyQt6_Qt6_qml_QtQuick_Controls_FluentWinUI3_dark_images --> node_venv_lib_python3_12_site-packages_PyQt6_Qt6_qml_QtQuick_Controls_FluentWinUI3_dark_images_editablecombobox-background-open-pressed@3x_png["editablecombobox-background-open-pressed@3x.png"]\n    Root --> node_venv["venv"]\n    node_venv --> node_venv_lib["lib"]\n    node_venv_lib --> node_venv_lib_python3_12["python3.12"]\n    node_venv_lib_python3_12 --> node_venv_lib_python3_12_site-packages["site-packages"]\n    node_venv_lib_python3_12_site-packages --> node_venv_lib_python3_12_site-packages_PyQt6["PyQt6"]\n    node_venv_lib_python3_12_site-packages_PyQt6 --> node_venv_lib_python3_12_site-packages_PyQt6_Qt6["Qt6"]\n    node_venv_lib_python3_12_site-packages_PyQt6_Qt6 --> node_venv_lib_python3_12_site-packages_PyQt6_Qt6_qml["qml"]\n    node_venv_lib_python3_12_site-packages_PyQt6_Qt6_qml --> node_venv_lib_python3_12_site-packages_PyQt6_Qt6_qml_QtQuick["QtQuick"]\n    node_venv_lib_python3_12_site-packages_PyQt6_Qt6_qml_QtQuick --> node_venv_lib_python3_12_site-packages_PyQt6_Qt6_qml_QtQuick_Controls["Controls"]\n    node_venv_lib_python3_12_site-packages_PyQt6_Qt6_qml_QtQuick_Controls --> node_venv_lib_python3_12_site-packages_PyQt6_Qt6_qml_QtQuick_Controls_FluentWinUI3["FluentWinUI3"]\n    node_venv_lib_python3_12_site-packages_PyQt6_Qt6_qml_QtQuick_Controls_FluentWinUI3 --> node_venv_lib_python3_12_site-packages_PyQt6_Qt6_qml_QtQuick_Controls_FluentWinUI3_dark["dark"]\n    node_venv_lib_python3_12_site-packages_PyQt6_Qt6_qml_QtQuick_Controls_FluentWinUI3_dark --> node_venv_lib_python3_12_site-packages_PyQt6_Qt6_qml_QtQuick_Controls_FluentWinUI3_dark_images["images"]\n    node_venv_lib_python3_12_site-packages_PyQt6_Qt6_qml_QtQuick_Controls_FluentWinUI3_dark_images --> node_venv_lib_python3_12_site-packages_PyQt6_Qt6_qml_QtQuick_Controls_FluentWinUI3_dark_images_editablecombobox-background-open_png["editablecombobox-background-open.png"]\n    Root --> node_venv["venv"]\n    node_venv --> node_venv_lib["lib"]\n    node_venv_lib --> node_venv_lib_python3_12["python3.12"]\n    node_venv_lib_python3_12 --> node_venv_lib_python3_12_site-packages["site-packages"]\n    node_venv_lib_python3_12_site-packages --> node_venv_lib_python3_12_site-packages_PyQt6["PyQt6"]\n    node_venv_lib_python3_12_site-packages_PyQt6 --> node_venv_lib_python3_12_site-packages_PyQt6_Qt6["Qt6"]\n    node_venv_lib_python3_12_site-packages_PyQt6_Qt6 --> node_venv_lib_python3_12_site-packages_PyQt6_Qt6_qml["qml"]\n    node_venv_lib_python3_12_site-packages_PyQt6_Qt6_qml --> node_venv_lib_python3_12_site-packages_PyQt6_Qt6_qml_QtQuick["QtQuick"]\n    node_venv_lib_python3_12_site-packages_PyQt6_Qt6_qml_QtQuick --> node_venv_lib_python3_12_site-packages_PyQt6_Qt6_qml_QtQuick_Controls["Controls"]\n    node_venv_lib_python3_12_site-packages_PyQt6_Qt6_qml_QtQuick_Controls --> node_venv_lib_python3_12_site-packages_PyQt6_Qt6_qml_QtQuick_Controls_FluentWinUI3["FluentWinUI3"]\n    node_venv_lib_python3_12_site-packages_PyQt6_Qt6_qml_QtQuick_Controls_FluentWinUI3 --> node_venv_lib_python3_12_site-packages_PyQt6_Qt6_qml_QtQuick_Controls_FluentWinUI3_dark["dark"]\n    node_venv_lib_python3_12_site-packages_PyQt6_Qt6_qml_QtQuick_Controls_FluentWinUI3_dark --> node_venv_lib_python3_12_site-packages_PyQt6_Qt6_qml_QtQuick_Controls_FluentWinUI3_dark_images["images"]\n    node_venv_lib_python3_12_site-packages_PyQt6_Qt6_qml_QtQuick_Controls_FluentWinUI3_dark_images --> node_venv_lib_python3_12_site-packages_PyQt6_Qt6_qml_QtQuick_Controls_FluentWinUI3_dark_images_editablecombobox-background-open@2x_png["editablecombobox-background-open@2x.png"]\n    Root --> node_venv["venv"]\n    node_venv --> node_venv_lib["lib"]\n    node_venv_lib --> node_venv_lib_python3_12["python3.12"]\n    node_venv_lib_python3_12 --> node_venv_lib_python3_12_site-packages["site-packages"]\n    node_venv_lib_python3_12_site-packages --> node_venv_lib_python3_12_site-packages_PyQt6["PyQt6"]\n    node_venv_lib_python3_12_site-packages_PyQt6 --> node_venv_lib_python3_12_site-packages_PyQt6_Qt6["Qt6"]\n    node_venv_lib_python3_12_site-packages_PyQt6_Qt6 --> node_venv_lib_python3_12_site-packages_PyQt6_Qt6_qml["qml"]\n    node_venv_lib_python3_12_site-packages_PyQt6_Qt6_qml --> node_venv_lib_python3_12_site-packages_PyQt6_Qt6_qml_QtQuick["QtQuick"]\n    node_venv_lib_python3_12_site-packages_PyQt6_Qt6_qml_QtQuick --> node_venv_lib_python3_12_site-packages_PyQt6_Qt6_qml_QtQuick_Controls["Controls"]\n    node_venv_lib_python3_12_site-packages_PyQt6_Qt6_qml_QtQuick_Controls --> node_venv_lib_python3_12_site-packages_PyQt6_Qt6_qml_QtQuick_Controls_FluentWinUI3["FluentWinUI3"]\n    node_venv_lib_python3_12_site-packages_PyQt6_Qt6_qml_QtQuick_Controls_FluentWinUI3 --> node_venv_lib_python3_12_site-packages_PyQt6_Qt6_qml_QtQuick_Controls_FluentWinUI3_dark["dark"]\n    node_venv_lib_python3_12_site-packages_PyQt6_Qt6_qml_QtQuick_Controls_FluentWinUI3_dark --> node_venv_lib_python3_12_site-packages_PyQt6_Qt6_qml_QtQuick_Controls_FluentWinUI3_dark_images["images"]\n    node_venv_lib_python3_12_site-packages_PyQt6_Qt6_qml_QtQuick_Controls_FluentWinUI3_dark_images --> node_venv_lib_python3_12_site-packages_PyQt6_Qt6_qml_QtQuick_Controls_FluentWinUI3_dark_images_editablecombobox-background-open@3x_png["editablecombobox-background-open@3x.png"]\n    Root --> node_venv["venv"]\n    node_venv --> node_venv_lib["lib"]\n    node_venv_lib --> node_venv_lib_python3_12["python3.12"]\n    node_venv_lib_python3_12 --> node_venv_lib_python3_12_site-packages["site-packages"]\n    node_venv_lib_python3_12_site-packages --> node_venv_lib_python3_12_site-packages_PyQt6["PyQt6"]\n    node_venv_lib_python3_12_site-packages_PyQt6 --> node_venv_lib_python3_12_site-packages_PyQt6_Qt6["Qt6"]\n    node_venv_lib_python3_12_site-packages_PyQt6_Qt6 --> node_venv_lib_python3_12_site-packages_PyQt6_Qt6_qml["qml"]\n    node_venv_lib_python3_12_site-packages_PyQt6_Qt6_qml --> node_venv_lib_python3_12_site-packages_PyQt6_Qt6_qml_QtQuick["QtQuick"]\n    node_venv_lib_python3_12_site-packages_PyQt6_Qt6_qml_QtQuick --> node_venv_lib_python3_12_site-packages_PyQt6_Qt6_qml_QtQuick_Controls["Controls"]\n    node_venv_lib_python3_12_site-packages_PyQt6_Qt6_qml_QtQuick_Controls --> node_venv_lib_python3_12_site-packages_PyQt6_Qt6_qml_QtQuick_Controls_FluentWinUI3["FluentWinUI3"]\n    node_venv_lib_python3_12_site-packages_PyQt6_Qt6_qml_QtQuick_Controls_FluentWinUI3 --> node_venv_lib_python3_12_site-packages_PyQt6_Qt6_qml_QtQuick_Controls_FluentWinUI3_dark["dark"]\n    node_venv_lib_python3_12_site-packages_PyQt6_Qt6_qml_QtQuick_Controls_FluentWinUI3_dark --> node_venv_lib_python3_12_site-packages_PyQt6_Qt6_qml_QtQuick_Controls_FluentWinUI3_dark_images["images"]\n    node_venv_lib_python3_12_site-packages_PyQt6_Qt6_qml_QtQuick_Controls_FluentWinUI3_dark_images --> node_venv_lib_python3_12_site-packages_PyQt6_Qt6_qml_QtQuick_Controls_FluentWinUI3_dark_images_editablecombobox-indicator-hovered-open_png["editablecombobox-indicator-hovered-open.png"]\n    Root --> node_venv["venv"]\n    node_venv --> node_venv_lib["lib"]\n    node_venv_lib --> node_venv_lib_python3_12["python3.12"]\n    node_venv_lib_python3_12 --> node_venv_lib_python3_12_site-packages["site-packages"]\n    node_venv_lib_python3_12_site-packages --> node_venv_lib_python3_12_site-packages_PyQt6["PyQt6"]\n    node_venv_lib_python3_12_site-packages_PyQt6 --> node_venv_lib_python3_12_site-packages_PyQt6_Qt6["Qt6"]\n    node_venv_lib_python3_12_site-packages_PyQt6_Qt6 --> node_venv_lib_python3_12_site-packages_PyQt6_Qt6_qml["qml"]\n    node_venv_lib_python3_12_site-packages_PyQt6_Qt6_qml --> node_venv_lib_python3_12_site-packages_PyQt6_Qt6_qml_QtQuick["QtQuick"]\n    node_venv_lib_python3_12_site-packages_PyQt6_Qt6_qml_QtQuick --> node_venv_lib_python3_12_site-packages_PyQt6_Qt6_qml_QtQuick_Controls["Controls"]\n    node_venv_lib_python3_12_site-packages_PyQt6_Qt6_qml_QtQuick_Controls --> node_venv_lib_python3_12_site-packages_PyQt6_Qt6_qml_QtQuick_Controls_FluentWinUI3["FluentWinUI3"]\n    node_venv_lib_python3_12_site-packages_PyQt6_Qt6_qml_QtQuick_Controls_FluentWinUI3 --> node_venv_lib_python3_12_site-packages_PyQt6_Qt6_qml_QtQuick_Controls_FluentWinUI3_dark["dark"]\n    node_venv_lib_python3_12_site-packages_PyQt6_Qt6_qml_QtQuick_Controls_FluentWinUI3_dark --> node_venv_lib_python3_12_site-packages_PyQt6_Qt6_qml_QtQuick_Controls_FluentWinUI3_dark_images["images"]\n    node_venv_lib_python3_12_site-packages_PyQt6_Qt6_qml_QtQuick_Controls_FluentWinUI3_dark_images --> node_venv_lib_python3_12_site-packages_PyQt6_Qt6_qml_QtQuick_Controls_FluentWinUI3_dark_images_editablecombobox-indicator-hovered-open@2x_png["editablecombobox-indicator-hovered-open@2x.png"]\n    Root --> node_venv["venv"]\n    node_venv --> node_venv_lib["lib"]\n    node_venv_lib --> node_venv_lib_python3_12["python3.12"]\n    node_venv_lib_python3_12 --> node_venv_lib_python3_12_site-packages["site-packages"]\n    node_venv_lib_python3_12_site-packages --> node_venv_lib_python3_12_site-packages_PyQt6["PyQt6"]\n    node_venv_lib_python3_12_site-packages_PyQt6 --> node_venv_lib_python3_12_site-packages_PyQt6_Qt6["Qt6"]\n    node_venv_lib_python3_12_site-packages_PyQt6_Qt6 --> node_venv_lib_python3_12_site-packages_PyQt6_Qt6_qml["qml"]\n    node_venv_lib_python3_12_site-packages_PyQt6_Qt6_qml --> node_venv_lib_python3_12_site-packages_PyQt6_Qt6_qml_QtQuick["QtQuick"]\n    node_venv_lib_python3_12_site-packages_PyQt6_Qt6_qml_QtQuick --> node_venv_lib_python3_12_site-packages_PyQt6_Qt6_qml_QtQuick_Controls["Controls"]\n    node_venv_lib_python3_12_site-packages_PyQt6_Qt6_qml_QtQuick_Controls --> node_venv_lib_python3_12_site-packages_PyQt6_Qt6_qml_QtQuick_Controls_FluentWinUI3["FluentWinUI3"]\n    node_venv_lib_python3_12_site-packages_PyQt6_Qt6_qml_QtQuick_Controls_FluentWinUI3 --> node_venv_lib_python3_12_site-packages_PyQt6_Qt6_qml_QtQuick_Controls_FluentWinUI3_dark["dark"]\n    node_venv_lib_python3_12_site-packages_PyQt6_Qt6_qml_QtQuick_Controls_FluentWinUI3_dark --> node_venv_lib_python3_12_site-packages_PyQt6_Qt6_qml_QtQuick_Controls_FluentWinUI3_dark_images["images"]\n    node_venv_lib_python3_12_site-packages_PyQt6_Qt6_qml_QtQuick_Controls_FluentWinUI3_dark_images --> node_venv_lib_python3_12_site-packages_PyQt6_Qt6_qml_QtQuick_Controls_FluentWinUI3_dark_images_editablecombobox-indicator-hovered-open@3x_png["editablecombobox-indicator-hovered-open@3x.png"]\n    Root --> node_venv["venv"]\n    node_venv --> node_venv_lib["lib"]\n    node_venv_lib --> node_venv_lib_python3_12["python3.12"]\n    node_venv_lib_python3_12 --> node_venv_lib_python3_12_site-packages["site-packages"]\n    node_venv_lib_python3_12_site-packages --> node_venv_lib_python3_12_site-packages_PyQt6["PyQt6"]\n    node_venv_lib_python3_12_site-packages_PyQt6 --> node_venv_lib_python3_12_site-packages_PyQt6_Qt6["Qt6"]\n    node_venv_lib_python3_12_site-packages_PyQt6_Qt6 --> node_venv_lib_python3_12_site-packages_PyQt6_Qt6_qml["qml"]\n    node_venv_lib_python3_12_site-packages_PyQt6_Qt6_qml --> node_venv_lib_python3_12_site-packages_PyQt6_Qt6_qml_QtQuick["QtQuick"]\n    node_venv_lib_python3_12_site-packages_PyQt6_Qt6_qml_QtQuick --> node_venv_lib_python3_12_site-packages_PyQt6_Qt6_qml_QtQuick_Controls["Controls"]\n    node_venv_lib_python3_12_site-packages_PyQt6_Qt6_qml_QtQuick_Controls --> node_venv_lib_python3_12_site-packages_PyQt6_Qt6_qml_QtQuick_Controls_FluentWinUI3["FluentWinUI3"]\n    node_venv_lib_python3_12_site-packages_PyQt6_Qt6_qml_QtQuick_Controls_FluentWinUI3 --> node_venv_lib_python3_12_site-packages_PyQt6_Qt6_qml_QtQuick_Controls_FluentWinUI3_dark["dark"]\n    node_venv_lib_python3_12_site-packages_PyQt6_Qt6_qml_QtQuick_Controls_FluentWinUI3_dark --> node_venv_lib_python3_12_site-packages_PyQt6_Qt6_qml_QtQuick_Controls_FluentWinUI3_dark_images["images"]\n    node_venv_lib_python3_12_site-packages_PyQt6_Qt6_qml_QtQuick_Controls_FluentWinUI3_dark_images --> node_venv_lib_python3_12_site-packages_PyQt6_Qt6_qml_QtQuick_Controls_FluentWinUI3_dark_images_editablecombobox-indicator-open-pressed_png["editablecombobox-indicator-open-pressed.png"]\n    Root --> node_venv["venv"]\n    node_venv --> node_venv_lib["lib"]\n    node_venv_lib --> node_venv_lib_python3_12["python3.12"]\n    node_venv_lib_python3_12 --> node_venv_lib_python3_12_site-packages["site-packages"]\n    node_venv_lib_python3_12_site-packages --> node_venv_lib_python3_12_site-packages_PyQt6["PyQt6"]\n    node_venv_lib_python3_12_site-packages_PyQt6 --> node_venv_lib_python3_12_site-packages_PyQt6_Qt6["Qt6"]\n    node_venv_lib_python3_12_site-packages_PyQt6_Qt6 --> node_venv_lib_python3_12_site-packages_PyQt6_Qt6_qml["qml"]\n    node_venv_lib_python3_12_site-packages_PyQt6_Qt6_qml --> node_venv_lib_python3_12_site-packages_PyQt6_Qt6_qml_QtQuick["QtQuick"]\n    node_venv_lib_python3_12_site-packages_PyQt6_Qt6_qml_QtQuick --> node_venv_lib_python3_12_site-packages_PyQt6_Qt6_qml_QtQuick_Controls["Controls"]\n    node_venv_lib_python3_12_site-packages_PyQt6_Qt6_qml_QtQuick_Controls --> node_venv_lib_python3_12_site-packages_PyQt6_Qt6_qml_QtQuick_Controls_FluentWinUI3["FluentWinUI3"]\n    node_venv_lib_python3_12_site-packages_PyQt6_Qt6_qml_QtQuick_Controls_FluentWinUI3 --> node_venv_lib_python3_12_site-packages_PyQt6_Qt6_qml_QtQuick_Controls_FluentWinUI3_dark["dark"]\n    node_venv_lib_python3_12_site-packages_PyQt6_Qt6_qml_QtQuick_Controls_FluentWinUI3_dark --> node_venv_lib_python3_12_site-packages_PyQt6_Qt6_qml_QtQuick_Controls_FluentWinUI3_dark_images["images"]\n    node_venv_lib_python3_12_site-packages_PyQt6_Qt6_qml_QtQuick_Controls_FluentWinUI3_dark_images --> node_venv_lib_python3_12_site-packages_PyQt6_Qt6_qml_QtQuick_Controls_FluentWinUI3_dark_images_editablecombobox-indicator-open-pressed@2x_png["editablecombobox-indicator-open-pressed@2x.png"]\n    Root --> node_venv["venv"]\n    node_venv --> node_venv_lib["lib"]\n    node_venv_lib --> node_venv_lib_python3_12["python3.12"]\n    node_venv_lib_python3_12 --> node_venv_lib_python3_12_site-packages["site-packages"]\n    node_venv_lib_python3_12_site-packages --> node_venv_lib_python3_12_site-packages_PyQt6["PyQt6"]\n    node_venv_lib_python3_12_site-packages_PyQt6 --> node_venv_lib_python3_12_site-packages_PyQt6_Qt6["Qt6"]\n    node_venv_lib_python3_12_site-packages_PyQt6_Qt6 --> node_venv_lib_python3_12_site-packages_PyQt6_Qt6_qml["qml"]\n    node_venv_lib_python3_12_site-packages_PyQt6_Qt6_qml --> node_venv_lib_python3_12_site-packages_PyQt6_Qt6_qml_QtQuick["QtQuick"]\n    node_venv_lib_python3_12_site-packages_PyQt6_Qt6_qml_QtQuick --> node_venv_lib_python3_12_site-packages_PyQt6_Qt6_qml_QtQuick_Controls["Controls"]\n    node_venv_lib_python3_12_site-packages_PyQt6_Qt6_qml_QtQuick_Controls --> node_venv_lib_python3_12_site-packages_PyQt6_Qt6_qml_QtQuick_Controls_FluentWinUI3["FluentWinUI3"]\n    node_venv_lib_python3_12_site-packages_PyQt6_Qt6_qml_QtQuick_Controls_FluentWinUI3 --> node_venv_lib_python3_12_site-packages_PyQt6_Qt6_qml_QtQuick_Controls_FluentWinUI3_dark["dark"]\n    node_venv_lib_python3_12_site-packages_PyQt6_Qt6_qml_QtQuick_Controls_FluentWinUI3_dark --> node_venv_lib_python3_12_site-packages_PyQt6_Qt6_qml_QtQuick_Controls_FluentWinUI3_dark_images["images"]\n    node_venv_lib_python3_12_site-packages_PyQt6_Qt6_qml_QtQuick_Controls_FluentWinUI3_dark_images --> node_venv_lib_python3_12_site-packages_PyQt6_Qt6_qml_QtQuick_Controls_FluentWinUI3_dark_images_editablecombobox-indicator-open-pressed@3x_png["editablecombobox-indicator-open-pressed@3x.png"]\n    Root --> node_venv["venv"]\n    node_venv --> node_venv_lib["lib"]\n    node_venv_lib --> node_venv_lib_python3_12["python3.12"]\n    node_venv_lib_python3_12 --> node_venv_lib_python3_12_site-packages["site-packages"]\n    node_venv_lib_python3_12_site-packages --> node_venv_lib_python3_12_site-packages_PyQt6["PyQt6"]\n    node_venv_lib_python3_12_site-packages_PyQt6 --> node_venv_lib_python3_12_site-packages_PyQt6_Qt6["Qt6"]\n    node_venv_lib_python3_12_site-packages_PyQt6_Qt6 --> node_venv_lib_python3_12_site-packages_PyQt6_Qt6_qml["qml"]\n    node_venv_lib_python3_12_site-packages_PyQt6_Qt6_qml --> node_venv_lib_python3_12_site-packages_PyQt6_Qt6_qml_QtQuick["QtQuick"]\n    node_venv_lib_python3_12_site-packages_PyQt6_Qt6_qml_QtQuick --> node_venv_lib_python3_12_site-packages_PyQt6_Qt6_qml_QtQuick_Controls["Controls"]\n    node_venv_lib_python3_12_site-packages_PyQt6_Qt6_qml_QtQuick_Controls --> node_venv_lib_python3_12_site-packages_PyQt6_Qt6_qml_QtQuick_Controls_FluentWinUI3["FluentWinUI3"]\n    node_venv_lib_python3_12_site-packages_PyQt6_Qt6_qml_QtQuick_Controls_FluentWinUI3 --> node_venv_lib_python3_12_site-packages_PyQt6_Qt6_qml_QtQuick_Controls_FluentWinUI3_dark["dark"]\n    node_venv_lib_python3_12_site-packages_PyQt6_Qt6_qml_QtQuick_Controls_FluentWinUI3_dark --> node_venv_lib_python3_12_site-packages_PyQt6_Qt6_qml_QtQuick_Controls_FluentWinUI3_dark_images["images"]\n    node_venv_lib_python3_12_site-packages_PyQt6_Qt6_qml_QtQuick_Controls_FluentWinUI3_dark_images --> node_venv_lib_python3_12_site-packages_PyQt6_Qt6_qml_QtQuick_Controls_FluentWinUI3_dark_images_editablecombobox-indicator-open_png["editablecombobox-indicator-open.png"]\n    Root --> node_venv["venv"]\n    node_venv --> node_venv_lib["lib"]\n    node_venv_lib --> node_venv_lib_python3_12["python3.12"]\n    node_venv_lib_python3_12 --> node_venv_lib_python3_12_site-packages["site-packages"]\n    node_venv_lib_python3_12_site-packages --> node_venv_lib_python3_12_site-packages_PyQt6["PyQt6"]\n    node_venv_lib_python3_12_site-packages_PyQt6 --> node_venv_lib_python3_12_site-packages_PyQt6_Qt6["Qt6"]\n    node_venv_lib_python3_12_site-packages_PyQt6_Qt6 --> node_venv_lib_python3_12_site-packages_PyQt6_Qt6_qml["qml"]\n    node_venv_lib_python3_12_site-packages_PyQt6_Qt6_qml --> node_venv_lib_python3_12_site-packages_PyQt6_Qt6_qml_QtQuick["QtQuick"]\n    node_venv_lib_python3_12_site-packages_PyQt6_Qt6_qml_QtQuick --> node_venv_lib_python3_12_site-packages_PyQt6_Qt6_qml_QtQuick_Controls["Controls"]\n    node_venv_lib_python3_12_site-packages_PyQt6_Qt6_qml_QtQuick_Controls --> node_venv_lib_python3_12_site-packages_PyQt6_Qt6_qml_QtQuick_Controls_FluentWinUI3["FluentWinUI3"]\n    node_venv_lib_python3_12_site-packages_PyQt6_Qt6_qml_QtQuick_Controls_FluentWinUI3 --> node_venv_lib_python3_12_site-packages_PyQt6_Qt6_qml_QtQuick_Controls_FluentWinUI3_dark["dark"]\n    node_venv_lib_python3_12_site-packages_PyQt6_Qt6_qml_QtQuick_Controls_FluentWinUI3_dark --> node_venv_lib_python3_12_site-packages_PyQt6_Qt6_qml_QtQuick_Controls_FluentWinUI3_dark_images["images"]\n    node_venv_lib_python3_12_site-packages_PyQt6_Qt6_qml_QtQuick_Controls_FluentWinUI3_dark_images --> node_venv_lib_python3_12_site-packages_PyQt6_Qt6_qml_QtQuick_Controls_FluentWinUI3_dark_images_editablecombobox-indicator-open@2x_png["editablecombobox-indicator-open@2x.png"]\n    Root --> node_venv["venv"]\n    node_venv --> node_venv_lib["lib"]\n    node_venv_lib --> node_venv_lib_python3_12["python3.12"]\n    node_venv_lib_python3_12 --> node_venv_lib_python3_12_site-packages["site-packages"]\n    node_venv_lib_python3_12_site-packages --> node_venv_lib_python3_12_site-packages_PyQt6["PyQt6"]\n    node_venv_lib_python3_12_site-packages_PyQt6 --> node_venv_lib_python3_12_site-packages_PyQt6_Qt6["Qt6"]\n    node_venv_lib_python3_12_site-packages_PyQt6_Qt6 --> node_venv_lib_python3_12_site-packages_PyQt6_Qt6_qml["qml"]\n    node_venv_lib_python3_12_site-packages_PyQt6_Qt6_qml --> node_venv_lib_python3_12_site-packages_PyQt6_Qt6_qml_QtQuick["QtQuick"]\n    node_venv_lib_python3_12_site-packages_PyQt6_Qt6_qml_QtQuick --> node_venv_lib_python3_12_site-packages_PyQt6_Qt6_qml_QtQuick_Controls["Controls"]\n    node_venv_lib_python3_12_site-packages_PyQt6_Qt6_qml_QtQuick_Controls --> node_venv_lib_python3_12_site-packages_PyQt6_Qt6_qml_QtQuick_Controls_FluentWinUI3["FluentWinUI3"]\n    node_venv_lib_python3_12_site-packages_PyQt6_Qt6_qml_QtQuick_Controls_FluentWinUI3 --> node_venv_lib_python3_12_site-packages_PyQt6_Qt6_qml_QtQuick_Controls_FluentWinUI3_dark["dark"]\n    node_venv_lib_python3_12_site-packages_PyQt6_Qt6_qml_QtQuick_Controls_FluentWinUI3_dark --> node_venv_lib_python3_12_site-packages_PyQt6_Qt6_qml_QtQuick_Controls_FluentWinUI3_dark_images["images"]\n    node_venv_lib_python3_12_site-packages_PyQt6_Qt6_qml_QtQuick_Controls_FluentWinUI3_dark_images --> node_venv_lib_python3_12_site-packages_PyQt6_Qt6_qml_QtQuick_Controls_FluentWinUI3_dark_images_editablecombobox-indicator-open@3x_png["editablecombobox-indicator-open@3x.png"]\n    Root --> node_venv["venv"]\n    node_venv --> node_venv_lib["lib"]\n    node_venv_lib --> node_venv_lib_python3_12["python3.12"]\n    node_venv_lib_python3_12 --> node_venv_lib_python3_12_site-packages["site-packages"]\n    node_venv_lib_python3_12_site-packages --> node_venv_lib_python3_12_site-packages_PyQt6["PyQt6"]\n    node_venv_lib_python3_12_site-packages_PyQt6 --> node_venv_lib_python3_12_site-packages_PyQt6_Qt6["Qt6"]\n    node_venv_lib_python3_12_site-packages_PyQt6_Qt6 --> node_venv_lib_python3_12_site-packages_PyQt6_Qt6_qml["qml"]\n    node_venv_lib_python3_12_site-packages_PyQt6_Qt6_qml --> node_venv_lib_python3_12_site-packages_PyQt6_Qt6_qml_QtQuick["QtQuick"]\n    node_venv_lib_python3_12_site-packages_PyQt6_Qt6_qml_QtQuick --> node_venv_lib_python3_12_site-packages_PyQt6_Qt6_qml_QtQuick_Controls["Controls"]\n    node_venv_lib_python3_12_site-packages_PyQt6_Qt6_qml_QtQuick_Controls --> node_venv_lib_python3_12_site-packages_PyQt6_Qt6_qml_QtQuick_Controls_FluentWinUI3["FluentWinUI3"]\n    node_venv_lib_python3_12_site-packages_PyQt6_Qt6_qml_QtQuick_Controls_FluentWinUI3 --> node_venv_lib_python3_12_site-packages_PyQt6_Qt6_qml_QtQuick_Controls_FluentWinUI3_dark["dark"]\n    node_venv_lib_python3_12_site-packages_PyQt6_Qt6_qml_QtQuick_Controls_FluentWinUI3_dark --> node_venv_lib_python3_12_site-packages_PyQt6_Qt6_qml_QtQuick_Controls_FluentWinUI3_dark_images["images"]\n    node_venv_lib_python3_12_site-packages_PyQt6_Qt6_qml_QtQuick_Controls_FluentWinUI3_dark_images --> node_venv_lib_python3_12_site-packages_PyQt6_Qt6_qml_QtQuick_Controls_FluentWinUI3_dark_images_editablecombobox-popup-background-hovered-open_png["editablecombobox-popup-background-hovered-open.png"]\n    Root --> node_venv["venv"]\n    node_venv --> node_venv_lib["lib"]\n    node_venv_lib --> node_venv_lib_python3_12["python3.12"]\n    node_venv_lib_python3_12 --> node_venv_lib_python3_12_site-packages["site-packages"]\n    node_venv_lib_python3_12_site-packages --> node_venv_lib_python3_12_site-packages_PyQt6["PyQt6"]\n    node_venv_lib_python3_12_site-packages_PyQt6 --> node_venv_lib_python3_12_site-packages_PyQt6_Qt6["Qt6"]\n    node_venv_lib_python3_12_site-packages_PyQt6_Qt6 --> node_venv_lib_python3_12_site-packages_PyQt6_Qt6_qml["qml"]\n    node_venv_lib_python3_12_site-packages_PyQt6_Qt6_qml --> node_venv_lib_python3_12_site-packages_PyQt6_Qt6_qml_QtQuick["QtQuick"]\n    node_venv_lib_python3_12_site-packages_PyQt6_Qt6_qml_QtQuick --> node_venv_lib_python3_12_site-packages_PyQt6_Qt6_qml_QtQuick_Controls["Controls"]\n    node_venv_lib_python3_12_site-packages_PyQt6_Qt6_qml_QtQuick_Controls --> node_venv_lib_python3_12_site-packages_PyQt6_Qt6_qml_QtQuick_Controls_FluentWinUI3["FluentWinUI3"]\n    node_venv_lib_python3_12_site-packages_PyQt6_Qt6_qml_QtQuick_Controls_FluentWinUI3 --> node_venv_lib_python3_12_site-packages_PyQt6_Qt6_qml_QtQuick_Controls_FluentWinUI3_dark["dark"]\n    node_venv_lib_python3_12_site-packages_PyQt6_Qt6_qml_QtQuick_Controls_FluentWinUI3_dark --> node_venv_lib_python3_12_site-packages_PyQt6_Qt6_qml_QtQuick_Controls_FluentWinUI3_dark_images["images"]\n    node_venv_lib_python3_12_site-packages_PyQt6_Qt6_qml_QtQuick_Controls_FluentWinUI3_dark_images --> node_venv_lib_python3_12_site-packages_PyQt6_Qt6_qml_QtQuick_Controls_FluentWinUI3_dark_images_editablecombobox-popup-background-hovered-open@2x_png["editablecombobox-popup-background-hovered-open@2x.png"]\n    Root --> node_venv["venv"]\n    node_venv --> node_venv_lib["lib"]\n    node_venv_lib --> node_venv_lib_python3_12["python3.12"]\n    node_venv_lib_python3_12 --> node_venv_lib_python3_12_site-packages["site-packages"]\n    node_venv_lib_python3_12_site-packages --> node_venv_lib_python3_12_site-packages_PyQt6["PyQt6"]\n    node_venv_lib_python3_12_site-packages_PyQt6 --> node_venv_lib_python3_12_site-packages_PyQt6_Qt6["Qt6"]\n    node_venv_lib_python3_12_site-packages_PyQt6_Qt6 --> node_venv_lib_python3_12_site-packages_PyQt6_Qt6_qml["qml"]\n    node_venv_lib_python3_12_site-packages_PyQt6_Qt6_qml --> node_venv_lib_python3_12_site-packages_PyQt6_Qt6_qml_QtQuick["QtQuick"]\n    node_venv_lib_python3_12_site-packages_PyQt6_Qt6_qml_QtQuick --> node_venv_lib_python3_12_site-packages_PyQt6_Qt6_qml_QtQuick_Controls["Controls"]\n    node_venv_lib_python3_12_site-packages_PyQt6_Qt6_qml_QtQuick_Controls --> node_venv_lib_python3_12_site-packages_PyQt6_Qt6_qml_QtQuick_Controls_FluentWinUI3["FluentWinUI3"]\n    node_venv_lib_python3_12_site-packages_PyQt6_Qt6_qml_QtQuick_Controls_FluentWinUI3 --> node_venv_lib_python3_12_site-packages_PyQt6_Qt6_qml_QtQuick_Controls_FluentWinUI3_dark["dark"]\n    node_venv_lib_python3_12_site-packages_PyQt6_Qt6_qml_QtQuick_Controls_FluentWinUI3_dark --> node_venv_lib_python3_12_site-packages_PyQt6_Qt6_qml_QtQuick_Controls_FluentWinUI3_dark_images["images"]\n    node_venv_lib_python3_12_site-packages_PyQt6_Qt6_qml_QtQuick_Controls_FluentWinUI3_dark_images --> node_venv_lib_python3_12_site-packages_PyQt6_Qt6_qml_QtQuick_Controls_FluentWinUI3_dark_images_editablecombobox-popup-background-hovered-open@3x_png["editablecombobox-popup-background-hovered-open@3x.png"]\n    Root --> node_venv["venv"]\n    node_venv --> node_venv_lib["lib"]\n    node_venv_lib --> node_venv_lib_python3_12["python3.12"]\n    node_venv_lib_python3_12 --> node_venv_lib_python3_12_site-packages["site-packages"]\n    node_venv_lib_python3_12_site-packages --> node_venv_lib_python3_12_site-packages_PyQt6["PyQt6"]\n    node_venv_lib_python3_12_site-packages_PyQt6 --> node_venv_lib_python3_12_site-packages_PyQt6_Qt6["Qt6"]\n    node_venv_lib_python3_12_site-packages_PyQt6_Qt6 --> node_venv_lib_python3_12_site-packages_PyQt6_Qt6_qml["qml"]\n    node_venv_lib_python3_12_site-packages_PyQt6_Qt6_qml --> node_venv_lib_python3_12_site-packages_PyQt6_Qt6_qml_QtQuick["QtQuick"]\n    node_venv_lib_python3_12_site-packages_PyQt6_Qt6_qml_QtQuick --> node_venv_lib_python3_12_site-packages_PyQt6_Qt6_qml_QtQuick_Controls["Controls"]\n    node_venv_lib_python3_12_site-packages_PyQt6_Qt6_qml_QtQuick_Controls --> node_venv_lib_python3_12_site-packages_PyQt6_Qt6_qml_QtQuick_Controls_FluentWinUI3["FluentWinUI3"]\n    node_venv_lib_python3_12_site-packages_PyQt6_Qt6_qml_QtQuick_Controls_FluentWinUI3 --> node_venv_lib_python3_12_site-packages_PyQt6_Qt6_qml_QtQuick_Controls_FluentWinUI3_dark["dark"]\n    node_venv_lib_python3_12_site-packages_PyQt6_Qt6_qml_QtQuick_Controls_FluentWinUI3_dark --> node_venv_lib_python3_12_site-packages_PyQt6_Qt6_qml_QtQuick_Controls_FluentWinUI3_dark_images["images"]\n    node_venv_lib_python3_12_site-packages_PyQt6_Qt6_qml_QtQuick_Controls_FluentWinUI3_dark_images --> node_venv_lib_python3_12_site-packages_PyQt6_Qt6_qml_QtQuick_Controls_FluentWinUI3_dark_images_editablecombobox-popup-background-open-pressed_png["editablecombobox-popup-background-open-pressed.png"]\n    Root --> node_venv["venv"]\n    node_venv --> node_venv_lib["lib"]\n    node_venv_lib --> node_venv_lib_python3_12["python3.12"]\n    node_venv_lib_python3_12 --> node_venv_lib_python3_12_site-packages["site-packages"]\n    node_venv_lib_python3_12_site-packages --> node_venv_lib_python3_12_site-packages_PyQt6["PyQt6"]\n    node_venv_lib_python3_12_site-packages_PyQt6 --> node_venv_lib_python3_12_site-packages_PyQt6_Qt6["Qt6"]\n    node_venv_lib_python3_12_site-packages_PyQt6_Qt6 --> node_venv_lib_python3_12_site-packages_PyQt6_Qt6_qml["qml"]\n    node_venv_lib_python3_12_site-packages_PyQt6_Qt6_qml --> node_venv_lib_python3_12_site-packages_PyQt6_Qt6_qml_QtQuick["QtQuick"]\n    node_venv_lib_python3_12_site-packages_PyQt6_Qt6_qml_QtQuick --> node_venv_lib_python3_12_site-packages_PyQt6_Qt6_qml_QtQuick_Controls["Controls"]\n    node_venv_lib_python3_12_site-packages_PyQt6_Qt6_qml_QtQuick_Controls --> node_venv_lib_python3_12_site-packages_PyQt6_Qt6_qml_QtQuick_Controls_FluentWinUI3["FluentWinUI3"]\n    node_venv_lib_python3_12_site-packages_PyQt6_Qt6_qml_QtQuick_Controls_FluentWinUI3 --> node_venv_lib_python3_12_site-packages_PyQt6_Qt6_qml_QtQuick_Controls_FluentWinUI3_dark["dark"]\n    node_venv_lib_python3_12_site-packages_PyQt6_Qt6_qml_QtQuick_Controls_FluentWinUI3_dark --> node_venv_lib_python3_12_site-packages_PyQt6_Qt6_qml_QtQuick_Controls_FluentWinUI3_dark_images["images"]\n    node_venv_lib_python3_12_site-packages_PyQt6_Qt6_qml_QtQuick_Controls_FluentWinUI3_dark_images --> node_venv_lib_python3_12_site-packages_PyQt6_Qt6_qml_QtQuick_Controls_FluentWinUI3_dark_images_editablecombobox-popup-background-open-pressed@2x_png["editablecombobox-popup-background-open-pressed@2x.png"]\n    Root --> node_venv["venv"]\n    node_venv --> node_venv_lib["lib"]\n    node_venv_lib --> node_venv_lib_python3_12["python3.12"]\n    node_venv_lib_python3_12 --> node_venv_lib_python3_12_site-packages["site-packages"]\n    node_venv_lib_python3_12_site-packages --> node_venv_lib_python3_12_site-packages_PyQt6["PyQt6"]\n    node_venv_lib_python3_12_site-packages_PyQt6 --> node_venv_lib_python3_12_site-packages_PyQt6_Qt6["Qt6"]\n    node_venv_lib_python3_12_site-packages_PyQt6_Qt6 --> node_venv_lib_python3_12_site-packages_PyQt6_Qt6_qml["qml"]\n    node_venv_lib_python3_12_site-packages_PyQt6_Qt6_qml --> node_venv_lib_python3_12_site-packages_PyQt6_Qt6_qml_QtQuick["QtQuick"]\n    node_venv_lib_python3_12_site-packages_PyQt6_Qt6_qml_QtQuick --> node_venv_lib_python3_12_site-packages_PyQt6_Qt6_qml_QtQuick_Controls["Controls"]\n    node_venv_lib_python3_12_site-packages_PyQt6_Qt6_qml_QtQuick_Controls --> node_venv_lib_python3_12_site-packages_PyQt6_Qt6_qml_QtQuick_Controls_FluentWinUI3["FluentWinUI3"]\n    node_venv_lib_python3_12_site-packages_PyQt6_Qt6_qml_QtQuick_Controls_FluentWinUI3 --> node_venv_lib_python3_12_site-packages_PyQt6_Qt6_qml_QtQuick_Controls_FluentWinUI3_dark["dark"]\n    node_venv_lib_python3_12_site-packages_PyQt6_Qt6_qml_QtQuick_Controls_FluentWinUI3_dark --> node_venv_lib_python3_12_site-packages_PyQt6_Qt6_qml_QtQuick_Controls_FluentWinUI3_dark_images["images"]\n    node_venv_lib_python3_12_site-packages_PyQt6_Qt6_qml_QtQuick_Controls_FluentWinUI3_dark_images --> node_venv_lib_python3_12_site-packages_PyQt6_Qt6_qml_QtQuick_Controls_FluentWinUI3_dark_images_editablecombobox-popup-background-open-pressed@3x_png["editablecombobox-popup-background-open-pressed@3x.png"]\n    Root --> node_venv["venv"]\n    node_venv --> node_venv_lib["lib"]\n    node_venv_lib --> node_venv_lib_python3_12["python3.12"]\n    node_venv_lib_python3_12 --> node_venv_lib_python3_12_site-packages["site-packages"]\n    node_venv_lib_python3_12_site-packages --> node_venv_lib_python3_12_site-packages_PyQt6["PyQt6"]\n    node_venv_lib_python3_12_site-packages_PyQt6 --> node_venv_lib_python3_12_site-packages_PyQt6_Qt6["Qt6"]\n    node_venv_lib_python3_12_site-packages_PyQt6_Qt6 --> node_venv_lib_python3_12_site-packages_PyQt6_Qt6_qml["qml"]\n    node_venv_lib_python3_12_site-packages_PyQt6_Qt6_qml --> node_venv_lib_python3_12_site-packages_PyQt6_Qt6_qml_QtQuick["QtQuick"]\n    node_venv_lib_python3_12_site-packages_PyQt6_Qt6_qml_QtQuick --> node_venv_lib_python3_12_site-packages_PyQt6_Qt6_qml_QtQuick_Controls["Controls"]\n    node_venv_lib_python3_12_site-packages_PyQt6_Qt6_qml_QtQuick_Controls --> node_venv_lib_python3_12_site-packages_PyQt6_Qt6_qml_QtQuick_Controls_FluentWinUI3["FluentWinUI3"]\n    node_venv_lib_python3_12_site-packages_PyQt6_Qt6_qml_QtQuick_Controls_FluentWinUI3 --> node_venv_lib_python3_12_site-packages_PyQt6_Qt6_qml_QtQuick_Controls_FluentWinUI3_dark["dark"]\n    node_venv_lib_python3_12_site-packages_PyQt6_Qt6_qml_QtQuick_Controls_FluentWinUI3_dark --> node_venv_lib_python3_12_site-packages_PyQt6_Qt6_qml_QtQuick_Controls_FluentWinUI3_dark_images["images"]\n    node_venv_lib_python3_12_site-packages_PyQt6_Qt6_qml_QtQuick_Controls_FluentWinUI3_dark_images --> node_venv_lib_python3_12_site-packages_PyQt6_Qt6_qml_QtQuick_Controls_FluentWinUI3_dark_images_editablecombobox-popup-background-open_png["editablecombobox-popup-background-open.png"]\n    Root --> node_venv["venv"]\n    node_venv --> node_venv_lib["lib"]\n    node_venv_lib --> node_venv_lib_python3_12["python3.12"]\n    node_venv_lib_python3_12 --> node_venv_lib_python3_12_site-packages["site-packages"]\n    node_venv_lib_python3_12_site-packages --> node_venv_lib_python3_12_site-packages_PyQt6["PyQt6"]\n    node_venv_lib_python3_12_site-packages_PyQt6 --> node_venv_lib_python3_12_site-packages_PyQt6_Qt6["Qt6"]\n    node_venv_lib_python3_12_site-packages_PyQt6_Qt6 --> node_venv_lib_python3_12_site-packages_PyQt6_Qt6_qml["qml"]\n    node_venv_lib_python3_12_site-packages_PyQt6_Qt6_qml --> node_venv_lib_python3_12_site-packages_PyQt6_Qt6_qml_QtQuick["QtQuick"]\n    node_venv_lib_python3_12_site-packages_PyQt6_Qt6_qml_QtQuick --> node_venv_lib_python3_12_site-packages_PyQt6_Qt6_qml_QtQuick_Controls["Controls"]\n    node_venv_lib_python3_12_site-packages_PyQt6_Qt6_qml_QtQuick_Controls --> node_venv_lib_python3_12_site-packages_PyQt6_Qt6_qml_QtQuick_Controls_FluentWinUI3["FluentWinUI3"]\n    node_venv_lib_python3_12_site-packages_PyQt6_Qt6_qml_QtQuick_Controls_FluentWinUI3 --> node_venv_lib_python3_12_site-packages_PyQt6_Qt6_qml_QtQuick_Controls_FluentWinUI3_dark["dark"]\n    node_venv_lib_python3_12_site-packages_PyQt6_Qt6_qml_QtQuick_Controls_FluentWinUI3_dark --> node_venv_lib_python3_12_site-packages_PyQt6_Qt6_qml_QtQuick_Controls_FluentWinUI3_dark_images["images"]\n    node_venv_lib_python3_12_site-packages_PyQt6_Qt6_qml_QtQuick_Controls_FluentWinUI3_dark_images --> node_venv_lib_python3_12_site-packages_PyQt6_Qt6_qml_QtQuick_Controls_FluentWinUI3_dark_images_editablecombobox-popup-background-open@2x_png["editablecombobox-popup-background-open@2x.png"]\n    Root --> node_venv["venv"]\n    node_venv --> node_venv_lib["lib"]\n    node_venv_lib --> node_venv_lib_python3_12["python3.12"]\n    node_venv_lib_python3_12 --> node_venv_lib_python3_12_site-packages["site-packages"]\n    node_venv_lib_python3_12_site-packages --> node_venv_lib_python3_12_site-packages_PyQt6["PyQt6"]\n    node_venv_lib_python3_12_site-packages_PyQt6 --> node_venv_lib_python3_12_site-packages_PyQt6_Qt6["Qt6"]\n    node_venv_lib_python3_12_site-packages_PyQt6_Qt6 --> node_venv_lib_python3_12_site-packages_PyQt6_Qt6_qml["qml"]\n    node_venv_lib_python3_12_site-packages_PyQt6_Qt6_qml --> node_venv_lib_python3_12_site-packages_PyQt6_Qt6_qml_QtQuick["QtQuick"]\n    node_venv_lib_python3_12_site-packages_PyQt6_Qt6_qml_QtQuick --> node_venv_lib_python3_12_site-packages_PyQt6_Qt6_qml_QtQuick_Controls["Controls"]\n    node_venv_lib_python3_12_site-packages_PyQt6_Qt6_qml_QtQuick_Controls --> node_venv_lib_python3_12_site-packages_PyQt6_Qt6_qml_QtQuick_Controls_FluentWinUI3["FluentWinUI3"]\n    node_venv_lib_python3_12_site-packages_PyQt6_Qt6_qml_QtQuick_Controls_FluentWinUI3 --> node_venv_lib_python3_12_site-packages_PyQt6_Qt6_qml_QtQuick_Controls_FluentWinUI3_dark["dark"]\n    node_venv_lib_python3_12_site-packages_PyQt6_Qt6_qml_QtQuick_Controls_FluentWinUI3_dark --> node_venv_lib_python3_12_site-packages_PyQt6_Qt6_qml_QtQuick_Controls_FluentWinUI3_dark_images["images"]\n    node_venv_lib_python3_12_site-packages_PyQt6_Qt6_qml_QtQuick_Controls_FluentWinUI3_dark_images --> node_venv_lib_python3_12_site-packages_PyQt6_Qt6_qml_QtQuick_Controls_FluentWinUI3_dark_images_editablecombobox-popup-background-open@3x_png["editablecombobox-popup-background-open@3x.png"]\n    Root --> node_venv["venv"]\n    node_venv --> node_venv_lib["lib"]\n    node_venv_lib --> node_venv_lib_python3_12["python3.12"]\n    node_venv_lib_python3_12 --> node_venv_lib_python3_12_site-packages["site-packages"]\n    node_venv_lib_python3_12_site-packages --> node_venv_lib_python3_12_site-packages_PyQt6["PyQt6"]\n    node_venv_lib_python3_12_site-packages_PyQt6 --> node_venv_lib_python3_12_site-packages_PyQt6_Qt6["Qt6"]\n    node_venv_lib_python3_12_site-packages_PyQt6_Qt6 --> node_venv_lib_python3_12_site-packages_PyQt6_Qt6_qml["qml"]\n    node_venv_lib_python3_12_site-packages_PyQt6_Qt6_qml --> node_venv_lib_python3_12_site-packages_PyQt6_Qt6_qml_QtQuick["QtQuick"]\n    node_venv_lib_python3_12_site-packages_PyQt6_Qt6_qml_QtQuick --> node_venv_lib_python3_12_site-packages_PyQt6_Qt6_qml_QtQuick_Controls["Controls"]\n    node_venv_lib_python3_12_site-packages_PyQt6_Qt6_qml_QtQuick_Controls --> node_venv_lib_python3_12_site-packages_PyQt6_Qt6_qml_QtQuick_Controls_FluentWinUI3["FluentWinUI3"]\n    node_venv_lib_python3_12_site-packages_PyQt6_Qt6_qml_QtQuick_Controls_FluentWinUI3 --> node_venv_lib_python3_12_site-packages_PyQt6_Qt6_qml_QtQuick_Controls_FluentWinUI3_dark["dark"]\n    node_venv_lib_python3_12_site-packages_PyQt6_Qt6_qml_QtQuick_Controls_FluentWinUI3_dark --> node_venv_lib_python3_12_site-packages_PyQt6_Qt6_qml_QtQuick_Controls_FluentWinUI3_dark_images["images"]\n    node_venv_lib_python3_12_site-packages_PyQt6_Qt6_qml_QtQuick_Controls_FluentWinUI3_dark_images --> node_venv_lib_python3_12_site-packages_PyQt6_Qt6_qml_QtQuick_Controls_FluentWinUI3_dark_images_frame-background-disabled_png["frame-background-disabled.png"]\n    Root --> node_venv["venv"]\n    node_venv --> node_venv_lib["lib"]\n    node_venv_lib --> node_venv_lib_python3_12["python3.12"]\n    node_venv_lib_python3_12 --> node_venv_lib_python3_12_site-packages["site-packages"]\n    node_venv_lib_python3_12_site-packages --> node_venv_lib_python3_12_site-packages_PyQt6["PyQt6"]\n    node_venv_lib_python3_12_site-packages_PyQt6 --> node_venv_lib_python3_12_site-packages_PyQt6_Qt6["Qt6"]\n    node_venv_lib_python3_12_site-packages_PyQt6_Qt6 --> node_venv_lib_python3_12_site-packages_PyQt6_Qt6_qml["qml"]\n    node_venv_lib_python3_12_site-packages_PyQt6_Qt6_qml --> node_venv_lib_python3_12_site-packages_PyQt6_Qt6_qml_QtQuick["QtQuick"]\n    node_venv_lib_python3_12_site-packages_PyQt6_Qt6_qml_QtQuick --> node_venv_lib_python3_12_site-packages_PyQt6_Qt6_qml_QtQuick_Controls["Controls"]\n    node_venv_lib_python3_12_site-packages_PyQt6_Qt6_qml_QtQuick_Controls --> node_venv_lib_python3_12_site-packages_PyQt6_Qt6_qml_QtQuick_Controls_FluentWinUI3["FluentWinUI3"]\n    node_venv_lib_python3_12_site-packages_PyQt6_Qt6_qml_QtQuick_Controls_FluentWinUI3 --> node_venv_lib_python3_12_site-packages_PyQt6_Qt6_qml_QtQuick_Controls_FluentWinUI3_dark["dark"]\n    node_venv_lib_python3_12_site-packages_PyQt6_Qt6_qml_QtQuick_Controls_FluentWinUI3_dark --> node_venv_lib_python3_12_site-packages_PyQt6_Qt6_qml_QtQuick_Controls_FluentWinUI3_dark_images["images"]\n    node_venv_lib_python3_12_site-packages_PyQt6_Qt6_qml_QtQuick_Controls_FluentWinUI3_dark_images --> node_venv_lib_python3_12_site-packages_PyQt6_Qt6_qml_QtQuick_Controls_FluentWinUI3_dark_images_frame-background-disabled@2x_png["frame-background-disabled@2x.png"]\n    Root --> node_venv["venv"]\n    node_venv --> node_venv_lib["lib"]\n    node_venv_lib --> node_venv_lib_python3_12["python3.12"]\n    node_venv_lib_python3_12 --> node_venv_lib_python3_12_site-packages["site-packages"]\n    node_venv_lib_python3_12_site-packages --> node_venv_lib_python3_12_site-packages_PyQt6["PyQt6"]\n    node_venv_lib_python3_12_site-packages_PyQt6 --> node_venv_lib_python3_12_site-packages_PyQt6_Qt6["Qt6"]\n    node_venv_lib_python3_12_site-packages_PyQt6_Qt6 --> node_venv_lib_python3_12_site-packages_PyQt6_Qt6_qml["qml"]\n    node_venv_lib_python3_12_site-packages_PyQt6_Qt6_qml --> node_venv_lib_python3_12_site-packages_PyQt6_Qt6_qml_QtQuick["QtQuick"]\n    node_venv_lib_python3_12_site-packages_PyQt6_Qt6_qml_QtQuick --> node_venv_lib_python3_12_site-packages_PyQt6_Qt6_qml_QtQuick_Controls["Controls"]\n    node_venv_lib_python3_12_site-packages_PyQt6_Qt6_qml_QtQuick_Controls --> node_venv_lib_python3_12_site-packages_PyQt6_Qt6_qml_QtQuick_Controls_FluentWinUI3["FluentWinUI3"]\n    node_venv_lib_python3_12_site-packages_PyQt6_Qt6_qml_QtQuick_Controls_FluentWinUI3 --> node_venv_lib_python3_12_site-packages_PyQt6_Qt6_qml_QtQuick_Controls_FluentWinUI3_dark["dark"]\n    node_venv_lib_python3_12_site-packages_PyQt6_Qt6_qml_QtQuick_Controls_FluentWinUI3_dark --> node_venv_lib_python3_12_site-packages_PyQt6_Qt6_qml_QtQuick_Controls_FluentWinUI3_dark_images["images"]\n    node_venv_lib_python3_12_site-packages_PyQt6_Qt6_qml_QtQuick_Controls_FluentWinUI3_dark_images --> node_venv_lib_python3_12_site-packages_PyQt6_Qt6_qml_QtQuick_Controls_FluentWinUI3_dark_images_frame-background-disabled@3x_png["frame-background-disabled@3x.png"]\n    Root --> node_venv["venv"]\n    node_venv --> node_venv_lib["lib"]\n    node_venv_lib --> node_venv_lib_python3_12["python3.12"]\n    node_venv_lib_python3_12 --> node_venv_lib_python3_12_site-packages["site-packages"]\n    node_venv_lib_python3_12_site-packages --> node_venv_lib_python3_12_site-packages_PyQt6["PyQt6"]\n    node_venv_lib_python3_12_site-packages_PyQt6 --> node_venv_lib_python3_12_site-packages_PyQt6_Qt6["Qt6"]\n    node_venv_lib_python3_12_site-packages_PyQt6_Qt6 --> node_venv_lib_python3_12_site-packages_PyQt6_Qt6_qml["qml"]\n    node_venv_lib_python3_12_site-packages_PyQt6_Qt6_qml --> node_venv_lib_python3_12_site-packages_PyQt6_Qt6_qml_QtQuick["QtQuick"]\n    node_venv_lib_python3_12_site-packages_PyQt6_Qt6_qml_QtQuick --> node_venv_lib_python3_12_site-packages_PyQt6_Qt6_qml_QtQuick_Controls["Controls"]\n    node_venv_lib_python3_12_site-packages_PyQt6_Qt6_qml_QtQuick_Controls --> node_venv_lib_python3_12_site-packages_PyQt6_Qt6_qml_QtQuick_Controls_FluentWinUI3["FluentWinUI3"]\n    node_venv_lib_python3_12_site-packages_PyQt6_Qt6_qml_QtQuick_Controls_FluentWinUI3 --> node_venv_lib_python3_12_site-packages_PyQt6_Qt6_qml_QtQuick_Controls_FluentWinUI3_dark["dark"]\n    node_venv_lib_python3_12_site-packages_PyQt6_Qt6_qml_QtQuick_Controls_FluentWinUI3_dark --> node_venv_lib_python3_12_site-packages_PyQt6_Qt6_qml_QtQuick_Controls_FluentWinUI3_dark_images["images"]\n    node_venv_lib_python3_12_site-packages_PyQt6_Qt6_qml_QtQuick_Controls_FluentWinUI3_dark_images --> node_venv_lib_python3_12_site-packages_PyQt6_Qt6_qml_QtQuick_Controls_FluentWinUI3_dark_images_frame-background_png["frame-background.png"]\n    Root --> node_venv["venv"]\n    node_venv --> node_venv_lib["lib"]\n    node_venv_lib --> node_venv_lib_python3_12["python3.12"]\n    node_venv_lib_python3_12 --> node_venv_lib_python3_12_site-packages["site-packages"]\n    node_venv_lib_python3_12_site-packages --> node_venv_lib_python3_12_site-packages_PyQt6["PyQt6"]\n    node_venv_lib_python3_12_site-packages_PyQt6 --> node_venv_lib_python3_12_site-packages_PyQt6_Qt6["Qt6"]\n    node_venv_lib_python3_12_site-packages_PyQt6_Qt6 --> node_venv_lib_python3_12_site-packages_PyQt6_Qt6_qml["qml"]\n    node_venv_lib_python3_12_site-packages_PyQt6_Qt6_qml --> node_venv_lib_python3_12_site-packages_PyQt6_Qt6_qml_QtQuick["QtQuick"]\n    node_venv_lib_python3_12_site-packages_PyQt6_Qt6_qml_QtQuick --> node_venv_lib_python3_12_site-packages_PyQt6_Qt6_qml_QtQuick_Controls["Controls"]\n    node_venv_lib_python3_12_site-packages_PyQt6_Qt6_qml_QtQuick_Controls --> node_venv_lib_python3_12_site-packages_PyQt6_Qt6_qml_QtQuick_Controls_FluentWinUI3["FluentWinUI3"]\n    node_venv_lib_python3_12_site-packages_PyQt6_Qt6_qml_QtQuick_Controls_FluentWinUI3 --> node_venv_lib_python3_12_site-packages_PyQt6_Qt6_qml_QtQuick_Controls_FluentWinUI3_dark["dark"]\n    node_venv_lib_python3_12_site-packages_PyQt6_Qt6_qml_QtQuick_Controls_FluentWinUI3_dark --> node_venv_lib_python3_12_site-packages_PyQt6_Qt6_qml_QtQuick_Controls_FluentWinUI3_dark_images["images"]\n    node_venv_lib_python3_12_site-packages_PyQt6_Qt6_qml_QtQuick_Controls_FluentWinUI3_dark_images --> node_venv_lib_python3_12_site-packages_PyQt6_Qt6_qml_QtQuick_Controls_FluentWinUI3_dark_images_frame-background@2x_png["frame-background@2x.png"]\n    Root --> node_venv["venv"]\n    node_venv --> node_venv_lib["lib"]\n    node_venv_lib --> node_venv_lib_python3_12["python3.12"]\n    node_venv_lib_python3_12 --> node_venv_lib_python3_12_site-packages["site-packages"]\n    node_venv_lib_python3_12_site-packages --> node_venv_lib_python3_12_site-packages_PyQt6["PyQt6"]\n    node_venv_lib_python3_12_site-packages_PyQt6 --> node_venv_lib_python3_12_site-packages_PyQt6_Qt6["Qt6"]\n    node_venv_lib_python3_12_site-packages_PyQt6_Qt6 --> node_venv_lib_python3_12_site-packages_PyQt6_Qt6_qml["qml"]\n    node_venv_lib_python3_12_site-packages_PyQt6_Qt6_qml --> node_venv_lib_python3_12_site-packages_PyQt6_Qt6_qml_QtQuick["QtQuick"]\n    node_venv_lib_python3_12_site-packages_PyQt6_Qt6_qml_QtQuick --> node_venv_lib_python3_12_site-packages_PyQt6_Qt6_qml_QtQuick_Controls["Controls"]\n    node_venv_lib_python3_12_site-packages_PyQt6_Qt6_qml_QtQuick_Controls --> node_venv_lib_python3_12_site-packages_PyQt6_Qt6_qml_QtQuick_Controls_FluentWinUI3["FluentWinUI3"]\n    node_venv_lib_python3_12_site-packages_PyQt6_Qt6_qml_QtQuick_Controls_FluentWinUI3 --> node_venv_lib_python3_12_site-packages_PyQt6_Qt6_qml_QtQuick_Controls_FluentWinUI3_dark["dark"]\n    node_venv_lib_python3_12_site-packages_PyQt6_Qt6_qml_QtQuick_Controls_FluentWinUI3_dark --> node_venv_lib_python3_12_site-packages_PyQt6_Qt6_qml_QtQuick_Controls_FluentWinUI3_dark_images["images"]\n    node_venv_lib_python3_12_site-packages_PyQt6_Qt6_qml_QtQuick_Controls_FluentWinUI3_dark_images --> node_venv_lib_python3_12_site-packages_PyQt6_Qt6_qml_QtQuick_Controls_FluentWinUI3_dark_images_frame-background@3x_png["frame-background@3x.png"]\n    Root --> node_venv["venv"]\n    node_venv --> node_venv_lib["lib"]\n    node_venv_lib --> node_venv_lib_python3_12["python3.12"]\n    node_venv_lib_python3_12 --> node_venv_lib_python3_12_site-packages["site-packages"]\n    node_venv_lib_python3_12_site-packages --> node_venv_lib_python3_12_site-packages_PyQt6["PyQt6"]\n    node_venv_lib_python3_12_site-packages_PyQt6 --> node_venv_lib_python3_12_site-packages_PyQt6_Qt6["Qt6"]\n    node_venv_lib_python3_12_site-packages_PyQt6_Qt6 --> node_venv_lib_python3_12_site-packages_PyQt6_Qt6_qml["qml"]\n    node_venv_lib_python3_12_site-packages_PyQt6_Qt6_qml --> node_venv_lib_python3_12_site-packages_PyQt6_Qt6_qml_QtQuick["QtQuick"]\n    node_venv_lib_python3_12_site-packages_PyQt6_Qt6_qml_QtQuick --> node_venv_lib_python3_12_site-packages_PyQt6_Qt6_qml_QtQuick_Controls["Controls"]\n    node_venv_lib_python3_12_site-packages_PyQt6_Qt6_qml_QtQuick_Controls --> node_venv_lib_python3_12_site-packages_PyQt6_Qt6_qml_QtQuick_Controls_FluentWinUI3["FluentWinUI3"]\n    node_venv_lib_python3_12_site-packages_PyQt6_Qt6_qml_QtQuick_Controls_FluentWinUI3 --> node_venv_lib_python3_12_site-packages_PyQt6_Qt6_qml_QtQuick_Controls_FluentWinUI3_dark["dark"]\n    node_venv_lib_python3_12_site-packages_PyQt6_Qt6_qml_QtQuick_Controls_FluentWinUI3_dark --> node_venv_lib_python3_12_site-packages_PyQt6_Qt6_qml_QtQuick_Controls_FluentWinUI3_dark_images["images"]\n    node_venv_lib_python3_12_site-packages_PyQt6_Qt6_qml_QtQuick_Controls_FluentWinUI3_dark_images --> node_venv_lib_python3_12_site-packages_PyQt6_Qt6_qml_QtQuick_Controls_FluentWinUI3_dark_images_itemdelegate-background-highlighted-hovered_png["itemdelegate-background-highlighted-hovered.png"]\n    Root --> node_venv["venv"]\n    node_venv --> node_venv_lib["lib"]\n    node_venv_lib --> node_venv_lib_python3_12["python3.12"]\n    node_venv_lib_python3_12 --> node_venv_lib_python3_12_site-packages["site-packages"]\n    node_venv_lib_python3_12_site-packages --> node_venv_lib_python3_12_site-packages_PyQt6["PyQt6"]\n    node_venv_lib_python3_12_site-packages_PyQt6 --> node_venv_lib_python3_12_site-packages_PyQt6_Qt6["Qt6"]\n    node_venv_lib_python3_12_site-packages_PyQt6_Qt6 --> node_venv_lib_python3_12_site-packages_PyQt6_Qt6_qml["qml"]\n    node_venv_lib_python3_12_site-packages_PyQt6_Qt6_qml --> node_venv_lib_python3_12_site-packages_PyQt6_Qt6_qml_QtQuick["QtQuick"]\n    node_venv_lib_python3_12_site-packages_PyQt6_Qt6_qml_QtQuick --> node_venv_lib_python3_12_site-packages_PyQt6_Qt6_qml_QtQuick_Controls["Controls"]\n    node_venv_lib_python3_12_site-packages_PyQt6_Qt6_qml_QtQuick_Controls --> node_venv_lib_python3_12_site-packages_PyQt6_Qt6_qml_QtQuick_Controls_FluentWinUI3["FluentWinUI3"]\n    node_venv_lib_python3_12_site-packages_PyQt6_Qt6_qml_QtQuick_Controls_FluentWinUI3 --> node_venv_lib_python3_12_site-packages_PyQt6_Qt6_qml_QtQuick_Controls_FluentWinUI3_dark["dark"]\n    node_venv_lib_python3_12_site-packages_PyQt6_Qt6_qml_QtQuick_Controls_FluentWinUI3_dark --> node_venv_lib_python3_12_site-packages_PyQt6_Qt6_qml_QtQuick_Controls_FluentWinUI3_dark_images["images"]\n    node_venv_lib_python3_12_site-packages_PyQt6_Qt6_qml_QtQuick_Controls_FluentWinUI3_dark_images --> node_venv_lib_python3_12_site-packages_PyQt6_Qt6_qml_QtQuick_Controls_FluentWinUI3_dark_images_itemdelegate-background-highlighted-hovered@2x_png["itemdelegate-background-highlighted-hovered@2x.png"]\n    Root --> node_venv["venv"]\n    node_venv --> node_venv_lib["lib"]\n    node_venv_lib --> node_venv_lib_python3_12["python3.12"]\n    node_venv_lib_python3_12 --> node_venv_lib_python3_12_site-packages["site-packages"]\n    node_venv_lib_python3_12_site-packages --> node_venv_lib_python3_12_site-packages_PyQt6["PyQt6"]\n    node_venv_lib_python3_12_site-packages_PyQt6 --> node_venv_lib_python3_12_site-packages_PyQt6_Qt6["Qt6"]\n    node_venv_lib_python3_12_site-packages_PyQt6_Qt6 --> node_venv_lib_python3_12_site-packages_PyQt6_Qt6_qml["qml"]\n    node_venv_lib_python3_12_site-packages_PyQt6_Qt6_qml --> node_venv_lib_python3_12_site-packages_PyQt6_Qt6_qml_QtQuick["QtQuick"]\n    node_venv_lib_python3_12_site-packages_PyQt6_Qt6_qml_QtQuick --> node_venv_lib_python3_12_site-packages_PyQt6_Qt6_qml_QtQuick_Controls["Controls"]\n    node_venv_lib_python3_12_site-packages_PyQt6_Qt6_qml_QtQuick_Controls --> node_venv_lib_python3_12_site-packages_PyQt6_Qt6_qml_QtQuick_Controls_FluentWinUI3["FluentWinUI3"]\n    node_venv_lib_python3_12_site-packages_PyQt6_Qt6_qml_QtQuick_Controls_FluentWinUI3 --> node_venv_lib_python3_12_site-packages_PyQt6_Qt6_qml_QtQuick_Controls_FluentWinUI3_dark["dark"]\n    node_venv_lib_python3_12_site-packages_PyQt6_Qt6_qml_QtQuick_Controls_FluentWinUI3_dark --> node_venv_lib_python3_12_site-packages_PyQt6_Qt6_qml_QtQuick_Controls_FluentWinUI3_dark_images["images"]\n    node_venv_lib_python3_12_site-packages_PyQt6_Qt6_qml_QtQuick_Controls_FluentWinUI3_dark_images --> node_venv_lib_python3_12_site-packages_PyQt6_Qt6_qml_QtQuick_Controls_FluentWinUI3_dark_images_itemdelegate-background-highlighted-hovered@3x_png["itemdelegate-background-highlighted-hovered@3x.png"]\n    Root --> node_venv["venv"]\n    node_venv --> node_venv_lib["lib"]\n    node_venv_lib --> node_venv_lib_python3_12["python3.12"]\n    node_venv_lib_python3_12 --> node_venv_lib_python3_12_site-packages["site-packages"]\n    node_venv_lib_python3_12_site-packages --> node_venv_lib_python3_12_site-packages_PyQt6["PyQt6"]\n    node_venv_lib_python3_12_site-packages_PyQt6 --> node_venv_lib_python3_12_site-packages_PyQt6_Qt6["Qt6"]\n    node_venv_lib_python3_12_site-packages_PyQt6_Qt6 --> node_venv_lib_python3_12_site-packages_PyQt6_Qt6_qml["qml"]\n    node_venv_lib_python3_12_site-packages_PyQt6_Qt6_qml --> node_venv_lib_python3_12_site-packages_PyQt6_Qt6_qml_QtQuick["QtQuick"]\n    node_venv_lib_python3_12_site-packages_PyQt6_Qt6_qml_QtQuick --> node_venv_lib_python3_12_site-packages_PyQt6_Qt6_qml_QtQuick_Controls["Controls"]\n    node_venv_lib_python3_12_site-packages_PyQt6_Qt6_qml_QtQuick_Controls --> node_venv_lib_python3_12_site-packages_PyQt6_Qt6_qml_QtQuick_Controls_FluentWinUI3["FluentWinUI3"]\n    node_venv_lib_python3_12_site-packages_PyQt6_Qt6_qml_QtQuick_Controls_FluentWinUI3 --> node_venv_lib_python3_12_site-packages_PyQt6_Qt6_qml_QtQuick_Controls_FluentWinUI3_dark["dark"]\n    node_venv_lib_python3_12_site-packages_PyQt6_Qt6_qml_QtQuick_Controls_FluentWinUI3_dark --> node_venv_lib_python3_12_site-packages_PyQt6_Qt6_qml_QtQuick_Controls_FluentWinUI3_dark_images["images"]\n    node_venv_lib_python3_12_site-packages_PyQt6_Qt6_qml_QtQuick_Controls_FluentWinUI3_dark_images --> node_venv_lib_python3_12_site-packages_PyQt6_Qt6_qml_QtQuick_Controls_FluentWinUI3_dark_images_itemdelegate-background-highlighted-pressed_png["itemdelegate-background-highlighted-pressed.png"]\n    Root --> node_venv["venv"]\n    node_venv --> node_venv_lib["lib"]\n    node_venv_lib --> node_venv_lib_python3_12["python3.12"]\n    node_venv_lib_python3_12 --> node_venv_lib_python3_12_site-packages["site-packages"]\n    node_venv_lib_python3_12_site-packages --> node_venv_lib_python3_12_site-packages_PyQt6["PyQt6"]\n    node_venv_lib_python3_12_site-packages_PyQt6 --> node_venv_lib_python3_12_site-packages_PyQt6_Qt6["Qt6"]\n    node_venv_lib_python3_12_site-packages_PyQt6_Qt6 --> node_venv_lib_python3_12_site-packages_PyQt6_Qt6_qml["qml"]\n    node_venv_lib_python3_12_site-packages_PyQt6_Qt6_qml --> node_venv_lib_python3_12_site-packages_PyQt6_Qt6_qml_QtQuick["QtQuick"]\n    node_venv_lib_python3_12_site-packages_PyQt6_Qt6_qml_QtQuick --> node_venv_lib_python3_12_site-packages_PyQt6_Qt6_qml_QtQuick_Controls["Controls"]\n    node_venv_lib_python3_12_site-packages_PyQt6_Qt6_qml_QtQuick_Controls --> node_venv_lib_python3_12_site-packages_PyQt6_Qt6_qml_QtQuick_Controls_FluentWinUI3["FluentWinUI3"]\n    node_venv_lib_python3_12_site-packages_PyQt6_Qt6_qml_QtQuick_Controls_FluentWinUI3 --> node_venv_lib_python3_12_site-packages_PyQt6_Qt6_qml_QtQuick_Controls_FluentWinUI3_dark["dark"]\n    node_venv_lib_python3_12_site-packages_PyQt6_Qt6_qml_QtQuick_Controls_FluentWinUI3_dark --> node_venv_lib_python3_12_site-packages_PyQt6_Qt6_qml_QtQuick_Controls_FluentWinUI3_dark_images["images"]\n    node_venv_lib_python3_12_site-packages_PyQt6_Qt6_qml_QtQuick_Controls_FluentWinUI3_dark_images --> node_venv_lib_python3_12_site-packages_PyQt6_Qt6_qml_QtQuick_Controls_FluentWinUI3_dark_images_itemdelegate-background-highlighted-pressed@2x_png["itemdelegate-background-highlighted-pressed@2x.png"]\n    Root --> node_venv["venv"]\n    node_venv --> node_venv_lib["lib"]\n    node_venv_lib --> node_venv_lib_python3_12["python3.12"]\n    node_venv_lib_python3_12 --> node_venv_lib_python3_12_site-packages["site-packages"]\n    node_venv_lib_python3_12_site-packages --> node_venv_lib_python3_12_site-packages_PyQt6["PyQt6"]\n    node_venv_lib_python3_12_site-packages_PyQt6 --> node_venv_lib_python3_12_site-packages_PyQt6_Qt6["Qt6"]\n    node_venv_lib_python3_12_site-packages_PyQt6_Qt6 --> node_venv_lib_python3_12_site-packages_PyQt6_Qt6_qml["qml"]\n    node_venv_lib_python3_12_site-packages_PyQt6_Qt6_qml --> node_venv_lib_python3_12_site-packages_PyQt6_Qt6_qml_QtQuick["QtQuick"]\n    node_venv_lib_python3_12_site-packages_PyQt6_Qt6_qml_QtQuick --> node_venv_lib_python3_12_site-packages_PyQt6_Qt6_qml_QtQuick_Controls["Controls"]\n    node_venv_lib_python3_12_site-packages_PyQt6_Qt6_qml_QtQuick_Controls --> node_venv_lib_python3_12_site-packages_PyQt6_Qt6_qml_QtQuick_Controls_FluentWinUI3["FluentWinUI3"]\n    node_venv_lib_python3_12_site-packages_PyQt6_Qt6_qml_QtQuick_Controls_FluentWinUI3 --> node_venv_lib_python3_12_site-packages_PyQt6_Qt6_qml_QtQuick_Controls_FluentWinUI3_dark["dark"]\n    node_venv_lib_python3_12_site-packages_PyQt6_Qt6_qml_QtQuick_Controls_FluentWinUI3_dark --> node_venv_lib_python3_12_site-packages_PyQt6_Qt6_qml_QtQuick_Controls_FluentWinUI3_dark_images["images"]\n    node_venv_lib_python3_12_site-packages_PyQt6_Qt6_qml_QtQuick_Controls_FluentWinUI3_dark_images --> node_venv_lib_python3_12_site-packages_PyQt6_Qt6_qml_QtQuick_Controls_FluentWinUI3_dark_images_itemdelegate-background-highlighted-pressed@3x_png["itemdelegate-background-highlighted-pressed@3x.png"]\n    Root --> node_venv["venv"]\n    node_venv --> node_venv_lib["lib"]\n    node_venv_lib --> node_venv_lib_python3_12["python3.12"]\n    node_venv_lib_python3_12 --> node_venv_lib_python3_12_site-packages["site-packages"]\n    node_venv_lib_python3_12_site-packages --> node_venv_lib_python3_12_site-packages_PyQt6["PyQt6"]\n    node_venv_lib_python3_12_site-packages_PyQt6 --> node_venv_lib_python3_12_site-packages_PyQt6_Qt6["Qt6"]\n    node_venv_lib_python3_12_site-packages_PyQt6_Qt6 --> node_venv_lib_python3_12_site-packages_PyQt6_Qt6_qml["qml"]\n    node_venv_lib_python3_12_site-packages_PyQt6_Qt6_qml --> node_venv_lib_python3_12_site-packages_PyQt6_Qt6_qml_QtQuick["QtQuick"]\n    node_venv_lib_python3_12_site-packages_PyQt6_Qt6_qml_QtQuick --> node_venv_lib_python3_12_site-packages_PyQt6_Qt6_qml_QtQuick_Controls["Controls"]\n    node_venv_lib_python3_12_site-packages_PyQt6_Qt6_qml_QtQuick_Controls --> node_venv_lib_python3_12_site-packages_PyQt6_Qt6_qml_QtQuick_Controls_FluentWinUI3["FluentWinUI3"]\n    node_venv_lib_python3_12_site-packages_PyQt6_Qt6_qml_QtQuick_Controls_FluentWinUI3 --> node_venv_lib_python3_12_site-packages_PyQt6_Qt6_qml_QtQuick_Controls_FluentWinUI3_dark["dark"]\n    node_venv_lib_python3_12_site-packages_PyQt6_Qt6_qml_QtQuick_Controls_FluentWinUI3_dark --> node_venv_lib_python3_12_site-packages_PyQt6_Qt6_qml_QtQuick_Controls_FluentWinUI3_dark_images["images"]\n    node_venv_lib_python3_12_site-packages_PyQt6_Qt6_qml_QtQuick_Controls_FluentWinUI3_dark_images --> node_venv_lib_python3_12_site-packages_PyQt6_Qt6_qml_QtQuick_Controls_FluentWinUI3_dark_images_itemdelegate-background-highlighted_png["itemdelegate-background-highlighted.png"]\n    Root --> node_venv["venv"]\n    node_venv --> node_venv_lib["lib"]\n    node_venv_lib --> node_venv_lib_python3_12["python3.12"]\n    node_venv_lib_python3_12 --> node_venv_lib_python3_12_site-packages["site-packages"]\n    node_venv_lib_python3_12_site-packages --> node_venv_lib_python3_12_site-packages_PyQt6["PyQt6"]\n    node_venv_lib_python3_12_site-packages_PyQt6 --> node_venv_lib_python3_12_site-packages_PyQt6_Qt6["Qt6"]\n    node_venv_lib_python3_12_site-packages_PyQt6_Qt6 --> node_venv_lib_python3_12_site-packages_PyQt6_Qt6_qml["qml"]\n    node_venv_lib_python3_12_site-packages_PyQt6_Qt6_qml --> node_venv_lib_python3_12_site-packages_PyQt6_Qt6_qml_QtQuick["QtQuick"]\n    node_venv_lib_python3_12_site-packages_PyQt6_Qt6_qml_QtQuick --> node_venv_lib_python3_12_site-packages_PyQt6_Qt6_qml_QtQuick_Controls["Controls"]\n    node_venv_lib_python3_12_site-packages_PyQt6_Qt6_qml_QtQuick_Controls --> node_venv_lib_python3_12_site-packages_PyQt6_Qt6_qml_QtQuick_Controls_FluentWinUI3["FluentWinUI3"]\n    node_venv_lib_python3_12_site-packages_PyQt6_Qt6_qml_QtQuick_Controls_FluentWinUI3 --> node_venv_lib_python3_12_site-packages_PyQt6_Qt6_qml_QtQuick_Controls_FluentWinUI3_dark["dark"]\n    node_venv_lib_python3_12_site-packages_PyQt6_Qt6_qml_QtQuick_Controls_FluentWinUI3_dark --> node_venv_lib_python3_12_site-packages_PyQt6_Qt6_qml_QtQuick_Controls_FluentWinUI3_dark_images["images"]\n    node_venv_lib_python3_12_site-packages_PyQt6_Qt6_qml_QtQuick_Controls_FluentWinUI3_dark_images --> node_venv_lib_python3_12_site-packages_PyQt6_Qt6_qml_QtQuick_Controls_FluentWinUI3_dark_images_itemdelegate-background-highlighted@2x_png["itemdelegate-background-highlighted@2x.png"]\n    Root --> node_venv["venv"]\n    node_venv --> node_venv_lib["lib"]\n    node_venv_lib --> node_venv_lib_python3_12["python3.12"]\n    node_venv_lib_python3_12 --> node_venv_lib_python3_12_site-packages["site-packages"]\n    node_venv_lib_python3_12_site-packages --> node_venv_lib_python3_12_site-packages_PyQt6["PyQt6"]\n    node_venv_lib_python3_12_site-packages_PyQt6 --> node_venv_lib_python3_12_site-packages_PyQt6_Qt6["Qt6"]\n    node_venv_lib_python3_12_site-packages_PyQt6_Qt6 --> node_venv_lib_python3_12_site-packages_PyQt6_Qt6_qml["qml"]\n    node_venv_lib_python3_12_site-packages_PyQt6_Qt6_qml --> node_venv_lib_python3_12_site-packages_PyQt6_Qt6_qml_QtQuick["QtQuick"]\n    node_venv_lib_python3_12_site-packages_PyQt6_Qt6_qml_QtQuick --> node_venv_lib_python3_12_site-packages_PyQt6_Qt6_qml_QtQuick_Controls["Controls"]\n    node_venv_lib_python3_12_site-packages_PyQt6_Qt6_qml_QtQuick_Controls --> node_venv_lib_python3_12_site-packages_PyQt6_Qt6_qml_QtQuick_Controls_FluentWinUI3["FluentWinUI3"]\n    node_venv_lib_python3_12_site-packages_PyQt6_Qt6_qml_QtQuick_Controls_FluentWinUI3 --> node_venv_lib_python3_12_site-packages_PyQt6_Qt6_qml_QtQuick_Controls_FluentWinUI3_dark["dark"]\n    node_venv_lib_python3_12_site-packages_PyQt6_Qt6_qml_QtQuick_Controls_FluentWinUI3_dark --> node_venv_lib_python3_12_site-packages_PyQt6_Qt6_qml_QtQuick_Controls_FluentWinUI3_dark_images["images"]\n    node_venv_lib_python3_12_site-packages_PyQt6_Qt6_qml_QtQuick_Controls_FluentWinUI3_dark_images --> node_venv_lib_python3_12_site-packages_PyQt6_Qt6_qml_QtQuick_Controls_FluentWinUI3_dark_images_itemdelegate-background-highlighted@3x_png["itemdelegate-background-highlighted@3x.png"]\n    Root --> node_venv["venv"]\n    node_venv --> node_venv_lib["lib"]\n    node_venv_lib --> node_venv_lib_python3_12["python3.12"]\n    node_venv_lib_python3_12 --> node_venv_lib_python3_12_site-packages["site-packages"]\n    node_venv_lib_python3_12_site-packages --> node_venv_lib_python3_12_site-packages_PyQt6["PyQt6"]\n    node_venv_lib_python3_12_site-packages_PyQt6 --> node_venv_lib_python3_12_site-packages_PyQt6_Qt6["Qt6"]\n    node_venv_lib_python3_12_site-packages_PyQt6_Qt6 --> node_venv_lib_python3_12_site-packages_PyQt6_Qt6_qml["qml"]\n    node_venv_lib_python3_12_site-packages_PyQt6_Qt6_qml --> node_venv_lib_python3_12_site-packages_PyQt6_Qt6_qml_QtQuick["QtQuick"]\n    node_venv_lib_python3_12_site-packages_PyQt6_Qt6_qml_QtQuick --> node_venv_lib_python3_12_site-packages_PyQt6_Qt6_qml_QtQuick_Controls["Controls"]\n    node_venv_lib_python3_12_site-packages_PyQt6_Qt6_qml_QtQuick_Controls --> node_venv_lib_python3_12_site-packages_PyQt6_Qt6_qml_QtQuick_Controls_FluentWinUI3["FluentWinUI3"]\n    node_venv_lib_python3_12_site-packages_PyQt6_Qt6_qml_QtQuick_Controls_FluentWinUI3 --> node_venv_lib_python3_12_site-packages_PyQt6_Qt6_qml_QtQuick_Controls_FluentWinUI3_dark["dark"]\n    node_venv_lib_python3_12_site-packages_PyQt6_Qt6_qml_QtQuick_Controls_FluentWinUI3_dark --> node_venv_lib_python3_12_site-packages_PyQt6_Qt6_qml_QtQuick_Controls_FluentWinUI3_dark_images["images"]\n    node_venv_lib_python3_12_site-packages_PyQt6_Qt6_qml_QtQuick_Controls_FluentWinUI3_dark_images --> node_venv_lib_python3_12_site-packages_PyQt6_Qt6_qml_QtQuick_Controls_FluentWinUI3_dark_images_itemdelegate-background-hovered_png["itemdelegate-background-hovered.png"]\n    Root --> node_venv["venv"]\n    node_venv --> node_venv_lib["lib"]\n    node_venv_lib --> node_venv_lib_python3_12["python3.12"]\n    node_venv_lib_python3_12 --> node_venv_lib_python3_12_site-packages["site-packages"]\n    node_venv_lib_python3_12_site-packages --> node_venv_lib_python3_12_site-packages_PyQt6["PyQt6"]\n    node_venv_lib_python3_12_site-packages_PyQt6 --> node_venv_lib_python3_12_site-packages_PyQt6_Qt6["Qt6"]\n    node_venv_lib_python3_12_site-packages_PyQt6_Qt6 --> node_venv_lib_python3_12_site-packages_PyQt6_Qt6_qml["qml"]\n    node_venv_lib_python3_12_site-packages_PyQt6_Qt6_qml --> node_venv_lib_python3_12_site-packages_PyQt6_Qt6_qml_QtQuick["QtQuick"]\n    node_venv_lib_python3_12_site-packages_PyQt6_Qt6_qml_QtQuick --> node_venv_lib_python3_12_site-packages_PyQt6_Qt6_qml_QtQuick_Controls["Controls"]\n    node_venv_lib_python3_12_site-packages_PyQt6_Qt6_qml_QtQuick_Controls --> node_venv_lib_python3_12_site-packages_PyQt6_Qt6_qml_QtQuick_Controls_FluentWinUI3["FluentWinUI3"]\n    node_venv_lib_python3_12_site-packages_PyQt6_Qt6_qml_QtQuick_Controls_FluentWinUI3 --> node_venv_lib_python3_12_site-packages_PyQt6_Qt6_qml_QtQuick_Controls_FluentWinUI3_dark["dark"]\n    node_venv_lib_python3_12_site-packages_PyQt6_Qt6_qml_QtQuick_Controls_FluentWinUI3_dark --> node_venv_lib_python3_12_site-packages_PyQt6_Qt6_qml_QtQuick_Controls_FluentWinUI3_dark_images["images"]\n    node_venv_lib_python3_12_site-packages_PyQt6_Qt6_qml_QtQuick_Controls_FluentWinUI3_dark_images --> node_venv_lib_python3_12_site-packages_PyQt6_Qt6_qml_QtQuick_Controls_FluentWinUI3_dark_images_itemdelegate-background-hovered@2x_png["itemdelegate-background-hovered@2x.png"]\n    Root --> node_venv["venv"]\n    node_venv --> node_venv_lib["lib"]\n    node_venv_lib --> node_venv_lib_python3_12["python3.12"]\n    node_venv_lib_python3_12 --> node_venv_lib_python3_12_site-packages["site-packages"]\n    node_venv_lib_python3_12_site-packages --> node_venv_lib_python3_12_site-packages_PyQt6["PyQt6"]\n    node_venv_lib_python3_12_site-packages_PyQt6 --> node_venv_lib_python3_12_site-packages_PyQt6_Qt6["Qt6"]\n    node_venv_lib_python3_12_site-packages_PyQt6_Qt6 --> node_venv_lib_python3_12_site-packages_PyQt6_Qt6_qml["qml"]\n    node_venv_lib_python3_12_site-packages_PyQt6_Qt6_qml --> node_venv_lib_python3_12_site-packages_PyQt6_Qt6_qml_QtQuick["QtQuick"]\n    node_venv_lib_python3_12_site-packages_PyQt6_Qt6_qml_QtQuick --> node_venv_lib_python3_12_site-packages_PyQt6_Qt6_qml_QtQuick_Controls["Controls"]\n    node_venv_lib_python3_12_site-packages_PyQt6_Qt6_qml_QtQuick_Controls --> node_venv_lib_python3_12_site-packages_PyQt6_Qt6_qml_QtQuick_Controls_FluentWinUI3["FluentWinUI3"]\n    node_venv_lib_python3_12_site-packages_PyQt6_Qt6_qml_QtQuick_Controls_FluentWinUI3 --> node_venv_lib_python3_12_site-packages_PyQt6_Qt6_qml_QtQuick_Controls_FluentWinUI3_dark["dark"]\n    node_venv_lib_python3_12_site-packages_PyQt6_Qt6_qml_QtQuick_Controls_FluentWinUI3_dark --> node_venv_lib_python3_12_site-packages_PyQt6_Qt6_qml_QtQuick_Controls_FluentWinUI3_dark_images["images"]\n    node_venv_lib_python3_12_site-packages_PyQt6_Qt6_qml_QtQuick_Controls_FluentWinUI3_dark_images --> node_venv_lib_python3_12_site-packages_PyQt6_Qt6_qml_QtQuick_Controls_FluentWinUI3_dark_images_itemdelegate-background-hovered@3x_png["itemdelegate-background-hovered@3x.png"]\n    Root --> node_venv["venv"]\n    node_venv --> node_venv_lib["lib"]\n    node_venv_lib --> node_venv_lib_python3_12["python3.12"]\n    node_venv_lib_python3_12 --> node_venv_lib_python3_12_site-packages["site-packages"]\n    node_venv_lib_python3_12_site-packages --> node_venv_lib_python3_12_site-packages_PyQt6["PyQt6"]\n    node_venv_lib_python3_12_site-packages_PyQt6 --> node_venv_lib_python3_12_site-packages_PyQt6_Qt6["Qt6"]\n    node_venv_lib_python3_12_site-packages_PyQt6_Qt6 --> node_venv_lib_python3_12_site-packages_PyQt6_Qt6_qml["qml"]\n    node_venv_lib_python3_12_site-packages_PyQt6_Qt6_qml --> node_venv_lib_python3_12_site-packages_PyQt6_Qt6_qml_QtQuick["QtQuick"]\n    node_venv_lib_python3_12_site-packages_PyQt6_Qt6_qml_QtQuick --> node_venv_lib_python3_12_site-packages_PyQt6_Qt6_qml_QtQuick_Controls["Controls"]\n    node_venv_lib_python3_12_site-packages_PyQt6_Qt6_qml_QtQuick_Controls --> node_venv_lib_python3_12_site-packages_PyQt6_Qt6_qml_QtQuick_Controls_FluentWinUI3["FluentWinUI3"]\n    node_venv_lib_python3_12_site-packages_PyQt6_Qt6_qml_QtQuick_Controls_FluentWinUI3 --> node_venv_lib_python3_12_site-packages_PyQt6_Qt6_qml_QtQuick_Controls_FluentWinUI3_dark["dark"]\n    node_venv_lib_python3_12_site-packages_PyQt6_Qt6_qml_QtQuick_Controls_FluentWinUI3_dark --> node_venv_lib_python3_12_site-packages_PyQt6_Qt6_qml_QtQuick_Controls_FluentWinUI3_dark_images["images"]\n    node_venv_lib_python3_12_site-packages_PyQt6_Qt6_qml_QtQuick_Controls_FluentWinUI3_dark_images --> node_venv_lib_python3_12_site-packages_PyQt6_Qt6_qml_QtQuick_Controls_FluentWinUI3_dark_images_itemdelegate-background-pressed_png["itemdelegate-background-pressed.png"]\n    Root --> node_venv["venv"]\n    node_venv --> node_venv_lib["lib"]\n    node_venv_lib --> node_venv_lib_python3_12["python3.12"]\n    node_venv_lib_python3_12 --> node_venv_lib_python3_12_site-packages["site-packages"]\n    node_venv_lib_python3_12_site-packages --> node_venv_lib_python3_12_site-packages_PyQt6["PyQt6"]\n    node_venv_lib_python3_12_site-packages_PyQt6 --> node_venv_lib_python3_12_site-packages_PyQt6_Qt6["Qt6"]\n    node_venv_lib_python3_12_site-packages_PyQt6_Qt6 --> node_venv_lib_python3_12_site-packages_PyQt6_Qt6_qml["qml"]\n    node_venv_lib_python3_12_site-packages_PyQt6_Qt6_qml --> node_venv_lib_python3_12_site-packages_PyQt6_Qt6_qml_QtQuick["QtQuick"]\n    node_venv_lib_python3_12_site-packages_PyQt6_Qt6_qml_QtQuick --> node_venv_lib_python3_12_site-packages_PyQt6_Qt6_qml_QtQuick_Controls["Controls"]\n    node_venv_lib_python3_12_site-packages_PyQt6_Qt6_qml_QtQuick_Controls --> node_venv_lib_python3_12_site-packages_PyQt6_Qt6_qml_QtQuick_Controls_FluentWinUI3["FluentWinUI3"]\n    node_venv_lib_python3_12_site-packages_PyQt6_Qt6_qml_QtQuick_Controls_FluentWinUI3 --> node_venv_lib_python3_12_site-packages_PyQt6_Qt6_qml_QtQuick_Controls_FluentWinUI3_dark["dark"]\n    node_venv_lib_python3_12_site-packages_PyQt6_Qt6_qml_QtQuick_Controls_FluentWinUI3_dark --> node_venv_lib_python3_12_site-packages_PyQt6_Qt6_qml_QtQuick_Controls_FluentWinUI3_dark_images["images"]\n    node_venv_lib_python3_12_site-packages_PyQt6_Qt6_qml_QtQuick_Controls_FluentWinUI3_dark_images --> node_venv_lib_python3_12_site-packages_PyQt6_Qt6_qml_QtQuick_Controls_FluentWinUI3_dark_images_itemdelegate-background-pressed@2x_png["itemdelegate-background-pressed@2x.png"]\n    Root --> node_venv["venv"]\n    node_venv --> node_venv_lib["lib"]\n    node_venv_lib --> node_venv_lib_python3_12["python3.12"]\n    node_venv_lib_python3_12 --> node_venv_lib_python3_12_site-packages["site-packages"]\n    node_venv_lib_python3_12_site-packages --> node_venv_lib_python3_12_site-packages_PyQt6["PyQt6"]\n    node_venv_lib_python3_12_site-packages_PyQt6 --> node_venv_lib_python3_12_site-packages_PyQt6_Qt6["Qt6"]\n    node_venv_lib_python3_12_site-packages_PyQt6_Qt6 --> node_venv_lib_python3_12_site-packages_PyQt6_Qt6_qml["qml"]\n    node_venv_lib_python3_12_site-packages_PyQt6_Qt6_qml --> node_venv_lib_python3_12_site-packages_PyQt6_Qt6_qml_QtQuick["QtQuick"]\n    node_venv_lib_python3_12_site-packages_PyQt6_Qt6_qml_QtQuick --> node_venv_lib_python3_12_site-packages_PyQt6_Qt6_qml_QtQuick_Controls["Controls"]\n    node_venv_lib_python3_12_site-packages_PyQt6_Qt6_qml_QtQuick_Controls --> node_venv_lib_python3_12_site-packages_PyQt6_Qt6_qml_QtQuick_Controls_FluentWinUI3["FluentWinUI3"]\n    node_venv_lib_python3_12_site-packages_PyQt6_Qt6_qml_QtQuick_Controls_FluentWinUI3 --> node_venv_lib_python3_12_site-packages_PyQt6_Qt6_qml_QtQuick_Controls_FluentWinUI3_dark["dark"]\n    node_venv_lib_python3_12_site-packages_PyQt6_Qt6_qml_QtQuick_Controls_FluentWinUI3_dark --> node_venv_lib_python3_12_site-packages_PyQt6_Qt6_qml_QtQuick_Controls_FluentWinUI3_dark_images["images"]\n    node_venv_lib_python3_12_site-packages_PyQt6_Qt6_qml_QtQuick_Controls_FluentWinUI3_dark_images --> node_venv_lib_python3_12_site-packages_PyQt6_Qt6_qml_QtQuick_Controls_FluentWinUI3_dark_images_itemdelegate-background-pressed@3x_png["itemdelegate-background-pressed@3x.png"]\n    Root --> node_venv["venv"]\n    node_venv --> node_venv_lib["lib"]\n    node_venv_lib --> node_venv_lib_python3_12["python3.12"]\n    node_venv_lib_python3_12 --> node_venv_lib_python3_12_site-packages["site-packages"]\n    node_venv_lib_python3_12_site-packages --> node_venv_lib_python3_12_site-packages_PyQt6["PyQt6"]\n    node_venv_lib_python3_12_site-packages_PyQt6 --> node_venv_lib_python3_12_site-packages_PyQt6_Qt6["Qt6"]\n    node_venv_lib_python3_12_site-packages_PyQt6_Qt6 --> node_venv_lib_python3_12_site-packages_PyQt6_Qt6_qml["qml"]\n    node_venv_lib_python3_12_site-packages_PyQt6_Qt6_qml --> node_venv_lib_python3_12_site-packages_PyQt6_Qt6_qml_QtQuick["QtQuick"]\n    node_venv_lib_python3_12_site-packages_PyQt6_Qt6_qml_QtQuick --> node_venv_lib_python3_12_site-packages_PyQt6_Qt6_qml_QtQuick_Controls["Controls"]\n    node_venv_lib_python3_12_site-packages_PyQt6_Qt6_qml_QtQuick_Controls --> node_venv_lib_python3_12_site-packages_PyQt6_Qt6_qml_QtQuick_Controls_FluentWinUI3["FluentWinUI3"]\n    node_venv_lib_python3_12_site-packages_PyQt6_Qt6_qml_QtQuick_Controls_FluentWinUI3 --> node_venv_lib_python3_12_site-packages_PyQt6_Qt6_qml_QtQuick_Controls_FluentWinUI3_dark["dark"]\n    node_venv_lib_python3_12_site-packages_PyQt6_Qt6_qml_QtQuick_Controls_FluentWinUI3_dark --> node_venv_lib_python3_12_site-packages_PyQt6_Qt6_qml_QtQuick_Controls_FluentWinUI3_dark_images["images"]\n    node_venv_lib_python3_12_site-packages_PyQt6_Qt6_qml_QtQuick_Controls_FluentWinUI3_dark_images --> node_venv_lib_python3_12_site-packages_PyQt6_Qt6_qml_QtQuick_Controls_FluentWinUI3_dark_images_pageindicatordelegate-indicator-delegate-current-hovered_png["pageindicatordelegate-indicator-delegate-current-hovered.png"]\n    Root --> node_venv["venv"]\n    node_venv --> node_venv_lib["lib"]\n    node_venv_lib --> node_venv_lib_python3_12["python3.12"]\n    node_venv_lib_python3_12 --> node_venv_lib_python3_12_site-packages["site-packages"]\n    node_venv_lib_python3_12_site-packages --> node_venv_lib_python3_12_site-packages_PyQt6["PyQt6"]\n    node_venv_lib_python3_12_site-packages_PyQt6 --> node_venv_lib_python3_12_site-packages_PyQt6_Qt6["Qt6"]\n    node_venv_lib_python3_12_site-packages_PyQt6_Qt6 --> node_venv_lib_python3_12_site-packages_PyQt6_Qt6_qml["qml"]\n    node_venv_lib_python3_12_site-packages_PyQt6_Qt6_qml --> node_venv_lib_python3_12_site-packages_PyQt6_Qt6_qml_QtQuick["QtQuick"]\n    node_venv_lib_python3_12_site-packages_PyQt6_Qt6_qml_QtQuick --> node_venv_lib_python3_12_site-packages_PyQt6_Qt6_qml_QtQuick_Controls["Controls"]\n    node_venv_lib_python3_12_site-packages_PyQt6_Qt6_qml_QtQuick_Controls --> node_venv_lib_python3_12_site-packages_PyQt6_Qt6_qml_QtQuick_Controls_FluentWinUI3["FluentWinUI3"]\n    node_venv_lib_python3_12_site-packages_PyQt6_Qt6_qml_QtQuick_Controls_FluentWinUI3 --> node_venv_lib_python3_12_site-packages_PyQt6_Qt6_qml_QtQuick_Controls_FluentWinUI3_dark["dark"]\n    node_venv_lib_python3_12_site-packages_PyQt6_Qt6_qml_QtQuick_Controls_FluentWinUI3_dark --> node_venv_lib_python3_12_site-packages_PyQt6_Qt6_qml_QtQuick_Controls_FluentWinUI3_dark_images["images"]\n    node_venv_lib_python3_12_site-packages_PyQt6_Qt6_qml_QtQuick_Controls_FluentWinUI3_dark_images --> node_venv_lib_python3_12_site-packages_PyQt6_Qt6_qml_QtQuick_Controls_FluentWinUI3_dark_images_pageindicatordelegate-indicator-delegate-current-hovered@2x_png["pageindicatordelegate-indicator-delegate-current-hovered@2x.png"]\n    Root --> node_venv["venv"]\n    node_venv --> node_venv_lib["lib"]\n    node_venv_lib --> node_venv_lib_python3_12["python3.12"]\n    node_venv_lib_python3_12 --> node_venv_lib_python3_12_site-packages["site-packages"]\n    node_venv_lib_python3_12_site-packages --> node_venv_lib_python3_12_site-packages_PyQt6["PyQt6"]\n    node_venv_lib_python3_12_site-packages_PyQt6 --> node_venv_lib_python3_12_site-packages_PyQt6_Qt6["Qt6"]\n    node_venv_lib_python3_12_site-packages_PyQt6_Qt6 --> node_venv_lib_python3_12_site-packages_PyQt6_Qt6_qml["qml"]\n    node_venv_lib_python3_12_site-packages_PyQt6_Qt6_qml --> node_venv_lib_python3_12_site-packages_PyQt6_Qt6_qml_QtQuick["QtQuick"]\n    node_venv_lib_python3_12_site-packages_PyQt6_Qt6_qml_QtQuick --> node_venv_lib_python3_12_site-packages_PyQt6_Qt6_qml_QtQuick_Controls["Controls"]\n    node_venv_lib_python3_12_site-packages_PyQt6_Qt6_qml_QtQuick_Controls --> node_venv_lib_python3_12_site-packages_PyQt6_Qt6_qml_QtQuick_Controls_FluentWinUI3["FluentWinUI3"]\n    node_venv_lib_python3_12_site-packages_PyQt6_Qt6_qml_QtQuick_Controls_FluentWinUI3 --> node_venv_lib_python3_12_site-packages_PyQt6_Qt6_qml_QtQuick_Controls_FluentWinUI3_dark["dark"]\n    node_venv_lib_python3_12_site-packages_PyQt6_Qt6_qml_QtQuick_Controls_FluentWinUI3_dark --> node_venv_lib_python3_12_site-packages_PyQt6_Qt6_qml_QtQuick_Controls_FluentWinUI3_dark_images["images"]\n    node_venv_lib_python3_12_site-packages_PyQt6_Qt6_qml_QtQuick_Controls_FluentWinUI3_dark_images --> node_venv_lib_python3_12_site-packages_PyQt6_Qt6_qml_QtQuick_Controls_FluentWinUI3_dark_images_pageindicatordelegate-indicator-delegate-current-hovered@3x_png["pageindicatordelegate-indicator-delegate-current-hovered@3x.png"]\n    Root --> node_venv["venv"]\n    node_venv --> node_venv_lib["lib"]\n    node_venv_lib --> node_venv_lib_python3_12["python3.12"]\n    node_venv_lib_python3_12 --> node_venv_lib_python3_12_site-packages["site-packages"]\n    node_venv_lib_python3_12_site-packages --> node_venv_lib_python3_12_site-packages_PyQt6["PyQt6"]\n    node_venv_lib_python3_12_site-packages_PyQt6 --> node_venv_lib_python3_12_site-packages_PyQt6_Qt6["Qt6"]\n    node_venv_lib_python3_12_site-packages_PyQt6_Qt6 --> node_venv_lib_python3_12_site-packages_PyQt6_Qt6_qml["qml"]\n    node_venv_lib_python3_12_site-packages_PyQt6_Qt6_qml --> node_venv_lib_python3_12_site-packages_PyQt6_Qt6_qml_QtQuick["QtQuick"]\n    node_venv_lib_python3_12_site-packages_PyQt6_Qt6_qml_QtQuick --> node_venv_lib_python3_12_site-packages_PyQt6_Qt6_qml_QtQuick_Controls["Controls"]\n    node_venv_lib_python3_12_site-packages_PyQt6_Qt6_qml_QtQuick_Controls --> node_venv_lib_python3_12_site-packages_PyQt6_Qt6_qml_QtQuick_Controls_FluentWinUI3["FluentWinUI3"]\n    node_venv_lib_python3_12_site-packages_PyQt6_Qt6_qml_QtQuick_Controls_FluentWinUI3 --> node_venv_lib_python3_12_site-packages_PyQt6_Qt6_qml_QtQuick_Controls_FluentWinUI3_dark["dark"]\n    node_venv_lib_python3_12_site-packages_PyQt6_Qt6_qml_QtQuick_Controls_FluentWinUI3_dark --> node_venv_lib_python3_12_site-packages_PyQt6_Qt6_qml_QtQuick_Controls_FluentWinUI3_dark_images["images"]\n    node_venv_lib_python3_12_site-packages_PyQt6_Qt6_qml_QtQuick_Controls_FluentWinUI3_dark_images --> node_venv_lib_python3_12_site-packages_PyQt6_Qt6_qml_QtQuick_Controls_FluentWinUI3_dark_images_pageindicatordelegate-indicator-delegate-current-pressed_png["pageindicatordelegate-indicator-delegate-current-pressed.png"]\n    Root --> node_venv["venv"]\n    node_venv --> node_venv_lib["lib"]\n    node_venv_lib --> node_venv_lib_python3_12["python3.12"]\n    node_venv_lib_python3_12 --> node_venv_lib_python3_12_site-packages["site-packages"]\n    node_venv_lib_python3_12_site-packages --> node_venv_lib_python3_12_site-packages_PyQt6["PyQt6"]\n    node_venv_lib_python3_12_site-packages_PyQt6 --> node_venv_lib_python3_12_site-packages_PyQt6_Qt6["Qt6"]\n    node_venv_lib_python3_12_site-packages_PyQt6_Qt6 --> node_venv_lib_python3_12_site-packages_PyQt6_Qt6_qml["qml"]\n    node_venv_lib_python3_12_site-packages_PyQt6_Qt6_qml --> node_venv_lib_python3_12_site-packages_PyQt6_Qt6_qml_QtQuick["QtQuick"]\n    node_venv_lib_python3_12_site-packages_PyQt6_Qt6_qml_QtQuick --> node_venv_lib_python3_12_site-packages_PyQt6_Qt6_qml_QtQuick_Controls["Controls"]\n    node_venv_lib_python3_12_site-packages_PyQt6_Qt6_qml_QtQuick_Controls --> node_venv_lib_python3_12_site-packages_PyQt6_Qt6_qml_QtQuick_Controls_FluentWinUI3["FluentWinUI3"]\n    node_venv_lib_python3_12_site-packages_PyQt6_Qt6_qml_QtQuick_Controls_FluentWinUI3 --> node_venv_lib_python3_12_site-packages_PyQt6_Qt6_qml_QtQuick_Controls_FluentWinUI3_dark["dark"]\n    node_venv_lib_python3_12_site-packages_PyQt6_Qt6_qml_QtQuick_Controls_FluentWinUI3_dark --> node_venv_lib_python3_12_site-packages_PyQt6_Qt6_qml_QtQuick_Controls_FluentWinUI3_dark_images["images"]\n    node_venv_lib_python3_12_site-packages_PyQt6_Qt6_qml_QtQuick_Controls_FluentWinUI3_dark_images --> node_venv_lib_python3_12_site-packages_PyQt6_Qt6_qml_QtQuick_Controls_FluentWinUI3_dark_images_pageindicatordelegate-indicator-delegate-current-pressed@2x_png["pageindicatordelegate-indicator-delegate-current-pressed@2x.png"]\n    Root --> node_venv["venv"]\n    node_venv --> node_venv_lib["lib"]\n    node_venv_lib --> node_venv_lib_python3_12["python3.12"]\n    node_venv_lib_python3_12 --> node_venv_lib_python3_12_site-packages["site-packages"]\n    node_venv_lib_python3_12_site-packages --> node_venv_lib_python3_12_site-packages_PyQt6["PyQt6"]\n    node_venv_lib_python3_12_site-packages_PyQt6 --> node_venv_lib_python3_12_site-packages_PyQt6_Qt6["Qt6"]\n    node_venv_lib_python3_12_site-packages_PyQt6_Qt6 --> node_venv_lib_python3_12_site-packages_PyQt6_Qt6_qml["qml"]\n    node_venv_lib_python3_12_site-packages_PyQt6_Qt6_qml --> node_venv_lib_python3_12_site-packages_PyQt6_Qt6_qml_QtQuick["QtQuick"]\n    node_venv_lib_python3_12_site-packages_PyQt6_Qt6_qml_QtQuick --> node_venv_lib_python3_12_site-packages_PyQt6_Qt6_qml_QtQuick_Controls["Controls"]\n    node_venv_lib_python3_12_site-packages_PyQt6_Qt6_qml_QtQuick_Controls --> node_venv_lib_python3_12_site-packages_PyQt6_Qt6_qml_QtQuick_Controls_FluentWinUI3["FluentWinUI3"]\n    node_venv_lib_python3_12_site-packages_PyQt6_Qt6_qml_QtQuick_Controls_FluentWinUI3 --> node_venv_lib_python3_12_site-packages_PyQt6_Qt6_qml_QtQuick_Controls_FluentWinUI3_dark["dark"]\n    node_venv_lib_python3_12_site-packages_PyQt6_Qt6_qml_QtQuick_Controls_FluentWinUI3_dark --> node_venv_lib_python3_12_site-packages_PyQt6_Qt6_qml_QtQuick_Controls_FluentWinUI3_dark_images["images"]\n    node_venv_lib_python3_12_site-packages_PyQt6_Qt6_qml_QtQuick_Controls_FluentWinUI3_dark_images --> node_venv_lib_python3_12_site-packages_PyQt6_Qt6_qml_QtQuick_Controls_FluentWinUI3_dark_images_pageindicatordelegate-indicator-delegate-current-pressed@3x_png["pageindicatordelegate-indicator-delegate-current-pressed@3x.png"]\n    Root --> node_venv["venv"]\n    node_venv --> node_venv_lib["lib"]\n    node_venv_lib --> node_venv_lib_python3_12["python3.12"]\n    node_venv_lib_python3_12 --> node_venv_lib_python3_12_site-packages["site-packages"]\n    node_venv_lib_python3_12_site-packages --> node_venv_lib_python3_12_site-packages_PyQt6["PyQt6"]\n    node_venv_lib_python3_12_site-packages_PyQt6 --> node_venv_lib_python3_12_site-packages_PyQt6_Qt6["Qt6"]\n    node_venv_lib_python3_12_site-packages_PyQt6_Qt6 --> node_venv_lib_python3_12_site-packages_PyQt6_Qt6_qml["qml"]\n    node_venv_lib_python3_12_site-packages_PyQt6_Qt6_qml --> node_venv_lib_python3_12_site-packages_PyQt6_Qt6_qml_QtQuick["QtQuick"]\n    node_venv_lib_python3_12_site-packages_PyQt6_Qt6_qml_QtQuick --> node_venv_lib_python3_12_site-packages_PyQt6_Qt6_qml_QtQuick_Controls["Controls"]\n    node_venv_lib_python3_12_site-packages_PyQt6_Qt6_qml_QtQuick_Controls --> node_venv_lib_python3_12_site-packages_PyQt6_Qt6_qml_QtQuick_Controls_FluentWinUI3["FluentWinUI3"]\n    node_venv_lib_python3_12_site-packages_PyQt6_Qt6_qml_QtQuick_Controls_FluentWinUI3 --> node_venv_lib_python3_12_site-packages_PyQt6_Qt6_qml_QtQuick_Controls_FluentWinUI3_dark["dark"]\n    node_venv_lib_python3_12_site-packages_PyQt6_Qt6_qml_QtQuick_Controls_FluentWinUI3_dark --> node_venv_lib_python3_12_site-packages_PyQt6_Qt6_qml_QtQuick_Controls_FluentWinUI3_dark_images["images"]\n    node_venv_lib_python3_12_site-packages_PyQt6_Qt6_qml_QtQuick_Controls_FluentWinUI3_dark_images --> node_venv_lib_python3_12_site-packages_PyQt6_Qt6_qml_QtQuick_Controls_FluentWinUI3_dark_images_pageindicatordelegate-indicator-delegate-current_png["pageindicatordelegate-indicator-delegate-current.png"]\n    Root --> node_venv["venv"]\n    node_venv --> node_venv_lib["lib"]\n    node_venv_lib --> node_venv_lib_python3_12["python3.12"]\n    node_venv_lib_python3_12 --> node_venv_lib_python3_12_site-packages["site-packages"]\n    node_venv_lib_python3_12_site-packages --> node_venv_lib_python3_12_site-packages_PyQt6["PyQt6"]\n    node_venv_lib_python3_12_site-packages_PyQt6 --> node_venv_lib_python3_12_site-packages_PyQt6_Qt6["Qt6"]\n    node_venv_lib_python3_12_site-packages_PyQt6_Qt6 --> node_venv_lib_python3_12_site-packages_PyQt6_Qt6_qml["qml"]\n    node_venv_lib_python3_12_site-packages_PyQt6_Qt6_qml --> node_venv_lib_python3_12_site-packages_PyQt6_Qt6_qml_QtQuick["QtQuick"]\n    node_venv_lib_python3_12_site-packages_PyQt6_Qt6_qml_QtQuick --> node_venv_lib_python3_12_site-packages_PyQt6_Qt6_qml_QtQuick_Controls["Controls"]\n    node_venv_lib_python3_12_site-packages_PyQt6_Qt6_qml_QtQuick_Controls --> node_venv_lib_python3_12_site-packages_PyQt6_Qt6_qml_QtQuick_Controls_FluentWinUI3["FluentWinUI3"]\n    node_venv_lib_python3_12_site-packages_PyQt6_Qt6_qml_QtQuick_Controls_FluentWinUI3 --> node_venv_lib_python3_12_site-packages_PyQt6_Qt6_qml_QtQuick_Controls_FluentWinUI3_dark["dark"]\n    node_venv_lib_python3_12_site-packages_PyQt6_Qt6_qml_QtQuick_Controls_FluentWinUI3_dark --> node_venv_lib_python3_12_site-packages_PyQt6_Qt6_qml_QtQuick_Controls_FluentWinUI3_dark_images["images"]\n    node_venv_lib_python3_12_site-packages_PyQt6_Qt6_qml_QtQuick_Controls_FluentWinUI3_dark_images --> node_venv_lib_python3_12_site-packages_PyQt6_Qt6_qml_QtQuick_Controls_FluentWinUI3_dark_images_pageindicatordelegate-indicator-delegate-current@2x_png["pageindicatordelegate-indicator-delegate-current@2x.png"]\n    Root --> node_venv["venv"]\n    node_venv --> node_venv_lib["lib"]\n    node_venv_lib --> node_venv_lib_python3_12["python3.12"]\n    node_venv_lib_python3_12 --> node_venv_lib_python3_12_site-packages["site-packages"]\n    node_venv_lib_python3_12_site-packages --> node_venv_lib_python3_12_site-packages_PyQt6["PyQt6"]\n    node_venv_lib_python3_12_site-packages_PyQt6 --> node_venv_lib_python3_12_site-packages_PyQt6_Qt6["Qt6"]\n    node_venv_lib_python3_12_site-packages_PyQt6_Qt6 --> node_venv_lib_python3_12_site-packages_PyQt6_Qt6_qml["qml"]\n    node_venv_lib_python3_12_site-packages_PyQt6_Qt6_qml --> node_venv_lib_python3_12_site-packages_PyQt6_Qt6_qml_QtQuick["QtQuick"]\n    node_venv_lib_python3_12_site-packages_PyQt6_Qt6_qml_QtQuick --> node_venv_lib_python3_12_site-packages_PyQt6_Qt6_qml_QtQuick_Controls["Controls"]\n    node_venv_lib_python3_12_site-packages_PyQt6_Qt6_qml_QtQuick_Controls --> node_venv_lib_python3_12_site-packages_PyQt6_Qt6_qml_QtQuick_Controls_FluentWinUI3["FluentWinUI3"]\n    node_venv_lib_python3_12_site-packages_PyQt6_Qt6_qml_QtQuick_Controls_FluentWinUI3 --> node_venv_lib_python3_12_site-packages_PyQt6_Qt6_qml_QtQuick_Controls_FluentWinUI3_dark["dark"]\n    node_venv_lib_python3_12_site-packages_PyQt6_Qt6_qml_QtQuick_Controls_FluentWinUI3_dark --> node_venv_lib_python3_12_site-packages_PyQt6_Qt6_qml_QtQuick_Controls_FluentWinUI3_dark_images["images"]\n    node_venv_lib_python3_12_site-packages_PyQt6_Qt6_qml_QtQuick_Controls_FluentWinUI3_dark_images --> node_venv_lib_python3_12_site-packages_PyQt6_Qt6_qml_QtQuick_Controls_FluentWinUI3_dark_images_pageindicatordelegate-indicator-delegate-current@3x_png["pageindicatordelegate-indicator-delegate-current@3x.png"]\n    Root --> node_venv["venv"]\n    node_venv --> node_venv_lib["lib"]\n    node_venv_lib --> node_venv_lib_python3_12["python3.12"]\n    node_venv_lib_python3_12 --> node_venv_lib_python3_12_site-packages["site-packages"]\n    node_venv_lib_python3_12_site-packages --> node_venv_lib_python3_12_site-packages_PyQt6["PyQt6"]\n    node_venv_lib_python3_12_site-packages_PyQt6 --> node_venv_lib_python3_12_site-packages_PyQt6_Qt6["Qt6"]\n    node_venv_lib_python3_12_site-packages_PyQt6_Qt6 --> node_venv_lib_python3_12_site-packages_PyQt6_Qt6_qml["qml"]\n    node_venv_lib_python3_12_site-packages_PyQt6_Qt6_qml --> node_venv_lib_python3_12_site-packages_PyQt6_Qt6_qml_QtQuick["QtQuick"]\n    node_venv_lib_python3_12_site-packages_PyQt6_Qt6_qml_QtQuick --> node_venv_lib_python3_12_site-packages_PyQt6_Qt6_qml_QtQuick_Controls["Controls"]\n    node_venv_lib_python3_12_site-packages_PyQt6_Qt6_qml_QtQuick_Controls --> node_venv_lib_python3_12_site-packages_PyQt6_Qt6_qml_QtQuick_Controls_FluentWinUI3["FluentWinUI3"]\n    node_venv_lib_python3_12_site-packages_PyQt6_Qt6_qml_QtQuick_Controls_FluentWinUI3 --> node_venv_lib_python3_12_site-packages_PyQt6_Qt6_qml_QtQuick_Controls_FluentWinUI3_dark["dark"]\n    node_venv_lib_python3_12_site-packages_PyQt6_Qt6_qml_QtQuick_Controls_FluentWinUI3_dark --> node_venv_lib_python3_12_site-packages_PyQt6_Qt6_qml_QtQuick_Controls_FluentWinUI3_dark_images["images"]\n    node_venv_lib_python3_12_site-packages_PyQt6_Qt6_qml_QtQuick_Controls_FluentWinUI3_dark_images --> node_venv_lib_python3_12_site-packages_PyQt6_Qt6_qml_QtQuick_Controls_FluentWinUI3_dark_images_pageindicatordelegate-indicator-delegate-pressed_png["pageindicatordelegate-indicator-delegate-pressed.png"]\n    Root --> node_venv["venv"]\n    node_venv --> node_venv_lib["lib"]\n    node_venv_lib --> node_venv_lib_python3_12["python3.12"]\n    node_venv_lib_python3_12 --> node_venv_lib_python3_12_site-packages["site-packages"]\n    node_venv_lib_python3_12_site-packages --> node_venv_lib_python3_12_site-packages_PyQt6["PyQt6"]\n    node_venv_lib_python3_12_site-packages_PyQt6 --> node_venv_lib_python3_12_site-packages_PyQt6_Qt6["Qt6"]\n    node_venv_lib_python3_12_site-packages_PyQt6_Qt6 --> node_venv_lib_python3_12_site-packages_PyQt6_Qt6_qml["qml"]\n    node_venv_lib_python3_12_site-packages_PyQt6_Qt6_qml --> node_venv_lib_python3_12_site-packages_PyQt6_Qt6_qml_QtQuick["QtQuick"]\n    node_venv_lib_python3_12_site-packages_PyQt6_Qt6_qml_QtQuick --> node_venv_lib_python3_12_site-packages_PyQt6_Qt6_qml_QtQuick_Controls["Controls"]\n    node_venv_lib_python3_12_site-packages_PyQt6_Qt6_qml_QtQuick_Controls --> node_venv_lib_python3_12_site-packages_PyQt6_Qt6_qml_QtQuick_Controls_FluentWinUI3["FluentWinUI3"]\n    node_venv_lib_python3_12_site-packages_PyQt6_Qt6_qml_QtQuick_Controls_FluentWinUI3 --> node_venv_lib_python3_12_site-packages_PyQt6_Qt6_qml_QtQuick_Controls_FluentWinUI3_dark["dark"]\n    node_venv_lib_python3_12_site-packages_PyQt6_Qt6_qml_QtQuick_Controls_FluentWinUI3_dark --> node_venv_lib_python3_12_site-packages_PyQt6_Qt6_qml_QtQuick_Controls_FluentWinUI3_dark_images["images"]\n    node_venv_lib_python3_12_site-packages_PyQt6_Qt6_qml_QtQuick_Controls_FluentWinUI3_dark_images --> node_venv_lib_python3_12_site-packages_PyQt6_Qt6_qml_QtQuick_Controls_FluentWinUI3_dark_images_pageindicatordelegate-indicator-delegate-pressed@2x_png["pageindicatordelegate-indicator-delegate-pressed@2x.png"]\n    Root --> node_venv["venv"]\n    node_venv --> node_venv_lib["lib"]\n    node_venv_lib --> node_venv_lib_python3_12["python3.12"]\n    node_venv_lib_python3_12 --> node_venv_lib_python3_12_site-packages["site-packages"]\n    node_venv_lib_python3_12_site-packages --> node_venv_lib_python3_12_site-packages_PyQt6["PyQt6"]\n    node_venv_lib_python3_12_site-packages_PyQt6 --> node_venv_lib_python3_12_site-packages_PyQt6_Qt6["Qt6"]\n    node_venv_lib_python3_12_site-packages_PyQt6_Qt6 --> node_venv_lib_python3_12_site-packages_PyQt6_Qt6_qml["qml"]\n    node_venv_lib_python3_12_site-packages_PyQt6_Qt6_qml --> node_venv_lib_python3_12_site-packages_PyQt6_Qt6_qml_QtQuick["QtQuick"]\n    node_venv_lib_python3_12_site-packages_PyQt6_Qt6_qml_QtQuick --> node_venv_lib_python3_12_site-packages_PyQt6_Qt6_qml_QtQuick_Controls["Controls"]\n    node_venv_lib_python3_12_site-packages_PyQt6_Qt6_qml_QtQuick_Controls --> node_venv_lib_python3_12_site-packages_PyQt6_Qt6_qml_QtQuick_Controls_FluentWinUI3["FluentWinUI3"]\n    node_venv_lib_python3_12_site-packages_PyQt6_Qt6_qml_QtQuick_Controls_FluentWinUI3 --> node_venv_lib_python3_12_site-packages_PyQt6_Qt6_qml_QtQuick_Controls_FluentWinUI3_dark["dark"]\n    node_venv_lib_python3_12_site-packages_PyQt6_Qt6_qml_QtQuick_Controls_FluentWinUI3_dark --> node_venv_lib_python3_12_site-packages_PyQt6_Qt6_qml_QtQuick_Controls_FluentWinUI3_dark_images["images"]\n    node_venv_lib_python3_12_site-packages_PyQt6_Qt6_qml_QtQuick_Controls_FluentWinUI3_dark_images --> node_venv_lib_python3_12_site-packages_PyQt6_Qt6_qml_QtQuick_Controls_FluentWinUI3_dark_images_pageindicatordelegate-indicator-delegate-pressed@3x_png["pageindicatordelegate-indicator-delegate-pressed@3x.png"]\n    Root --> node_venv["venv"]\n    node_venv --> node_venv_lib["lib"]\n    node_venv_lib --> node_venv_lib_python3_12["python3.12"]\n    node_venv_lib_python3_12 --> node_venv_lib_python3_12_site-packages["site-packages"]\n    node_venv_lib_python3_12_site-packages --> node_venv_lib_python3_12_site-packages_PyQt6["PyQt6"]\n    node_venv_lib_python3_12_site-packages_PyQt6 --> node_venv_lib_python3_12_site-packages_PyQt6_Qt6["Qt6"]\n    node_venv_lib_python3_12_site-packages_PyQt6_Qt6 --> node_venv_lib_python3_12_site-packages_PyQt6_Qt6_qml["qml"]\n    node_venv_lib_python3_12_site-packages_PyQt6_Qt6_qml --> node_venv_lib_python3_12_site-packages_PyQt6_Qt6_qml_QtQuick["QtQuick"]\n    node_venv_lib_python3_12_site-packages_PyQt6_Qt6_qml_QtQuick --> node_venv_lib_python3_12_site-packages_PyQt6_Qt6_qml_QtQuick_Controls["Controls"]\n    node_venv_lib_python3_12_site-packages_PyQt6_Qt6_qml_QtQuick_Controls --> node_venv_lib_python3_12_site-packages_PyQt6_Qt6_qml_QtQuick_Controls_FluentWinUI3["FluentWinUI3"]\n    node_venv_lib_python3_12_site-packages_PyQt6_Qt6_qml_QtQuick_Controls_FluentWinUI3 --> node_venv_lib_python3_12_site-packages_PyQt6_Qt6_qml_QtQuick_Controls_FluentWinUI3_dark["dark"]\n    node_venv_lib_python3_12_site-packages_PyQt6_Qt6_qml_QtQuick_Controls_FluentWinUI3_dark --> node_venv_lib_python3_12_site-packages_PyQt6_Qt6_qml_QtQuick_Controls_FluentWinUI3_dark_images["images"]\n    node_venv_lib_python3_12_site-packages_PyQt6_Qt6_qml_QtQuick_Controls_FluentWinUI3_dark_images --> node_venv_lib_python3_12_site-packages_PyQt6_Qt6_qml_QtQuick_Controls_FluentWinUI3_dark_images_pageindicatordelegate-indicator-disabled_png["pageindicatordelegate-indicator-disabled.png"]\n    Root --> node_venv["venv"]\n    node_venv --> node_venv_lib["lib"]\n    node_venv_lib --> node_venv_lib_python3_12["python3.12"]\n    node_venv_lib_python3_12 --> node_venv_lib_python3_12_site-packages["site-packages"]\n    node_venv_lib_python3_12_site-packages --> node_venv_lib_python3_12_site-packages_PyQt6["PyQt6"]\n    node_venv_lib_python3_12_site-packages_PyQt6 --> node_venv_lib_python3_12_site-packages_PyQt6_Qt6["Qt6"]\n    node_venv_lib_python3_12_site-packages_PyQt6_Qt6 --> node_venv_lib_python3_12_site-packages_PyQt6_Qt6_qml["qml"]\n    node_venv_lib_python3_12_site-packages_PyQt6_Qt6_qml --> node_venv_lib_python3_12_site-packages_PyQt6_Qt6_qml_QtQuick["QtQuick"]\n    node_venv_lib_python3_12_site-packages_PyQt6_Qt6_qml_QtQuick --> node_venv_lib_python3_12_site-packages_PyQt6_Qt6_qml_QtQuick_Controls["Controls"]\n    node_venv_lib_python3_12_site-packages_PyQt6_Qt6_qml_QtQuick_Controls --> node_venv_lib_python3_12_site-packages_PyQt6_Qt6_qml_QtQuick_Controls_FluentWinUI3["FluentWinUI3"]\n    node_venv_lib_python3_12_site-packages_PyQt6_Qt6_qml_QtQuick_Controls_FluentWinUI3 --> node_venv_lib_python3_12_site-packages_PyQt6_Qt6_qml_QtQuick_Controls_FluentWinUI3_dark["dark"]\n    node_venv_lib_python3_12_site-packages_PyQt6_Qt6_qml_QtQuick_Controls_FluentWinUI3_dark --> node_venv_lib_python3_12_site-packages_PyQt6_Qt6_qml_QtQuick_Controls_FluentWinUI3_dark_images["images"]\n    node_venv_lib_python3_12_site-packages_PyQt6_Qt6_qml_QtQuick_Controls_FluentWinUI3_dark_images --> node_venv_lib_python3_12_site-packages_PyQt6_Qt6_qml_QtQuick_Controls_FluentWinUI3_dark_images_pageindicatordelegate-indicator-disabled@2x_png["pageindicatordelegate-indicator-disabled@2x.png"]\n    Root --> node_venv["venv"]\n    node_venv --> node_venv_lib["lib"]\n    node_venv_lib --> node_venv_lib_python3_12["python3.12"]\n    node_venv_lib_python3_12 --> node_venv_lib_python3_12_site-packages["site-packages"]\n    node_venv_lib_python3_12_site-packages --> node_venv_lib_python3_12_site-packages_PyQt6["PyQt6"]\n    node_venv_lib_python3_12_site-packages_PyQt6 --> node_venv_lib_python3_12_site-packages_PyQt6_Qt6["Qt6"]\n    node_venv_lib_python3_12_site-packages_PyQt6_Qt6 --> node_venv_lib_python3_12_site-packages_PyQt6_Qt6_qml["qml"]\n    node_venv_lib_python3_12_site-packages_PyQt6_Qt6_qml --> node_venv_lib_python3_12_site-packages_PyQt6_Qt6_qml_QtQuick["QtQuick"]\n    node_venv_lib_python3_12_site-packages_PyQt6_Qt6_qml_QtQuick --> node_venv_lib_python3_12_site-packages_PyQt6_Qt6_qml_QtQuick_Controls["Controls"]\n    node_venv_lib_python3_12_site-packages_PyQt6_Qt6_qml_QtQuick_Controls --> node_venv_lib_python3_12_site-packages_PyQt6_Qt6_qml_QtQuick_Controls_FluentWinUI3["FluentWinUI3"]\n    node_venv_lib_python3_12_site-packages_PyQt6_Qt6_qml_QtQuick_Controls_FluentWinUI3 --> node_venv_lib_python3_12_site-packages_PyQt6_Qt6_qml_QtQuick_Controls_FluentWinUI3_dark["dark"]\n    node_venv_lib_python3_12_site-packages_PyQt6_Qt6_qml_QtQuick_Controls_FluentWinUI3_dark --> node_venv_lib_python3_12_site-packages_PyQt6_Qt6_qml_QtQuick_Controls_FluentWinUI3_dark_images["images"]\n    node_venv_lib_python3_12_site-packages_PyQt6_Qt6_qml_QtQuick_Controls_FluentWinUI3_dark_images --> node_venv_lib_python3_12_site-packages_PyQt6_Qt6_qml_QtQuick_Controls_FluentWinUI3_dark_images_pageindicatordelegate-indicator-disabled@3x_png["pageindicatordelegate-indicator-disabled@3x.png"]\n    Root --> node_venv["venv"]\n    node_venv --> node_venv_lib["lib"]\n    node_venv_lib --> node_venv_lib_python3_12["python3.12"]\n    node_venv_lib_python3_12 --> node_venv_lib_python3_12_site-packages["site-packages"]\n    node_venv_lib_python3_12_site-packages --> node_venv_lib_python3_12_site-packages_PyQt6["PyQt6"]\n    node_venv_lib_python3_12_site-packages_PyQt6 --> node_venv_lib_python3_12_site-packages_PyQt6_Qt6["Qt6"]\n    node_venv_lib_python3_12_site-packages_PyQt6_Qt6 --> node_venv_lib_python3_12_site-packages_PyQt6_Qt6_qml["qml"]\n    node_venv_lib_python3_12_site-packages_PyQt6_Qt6_qml --> node_venv_lib_python3_12_site-packages_PyQt6_Qt6_qml_QtQuick["QtQuick"]\n    node_venv_lib_python3_12_site-packages_PyQt6_Qt6_qml_QtQuick --> node_venv_lib_python3_12_site-packages_PyQt6_Qt6_qml_QtQuick_Controls["Controls"]\n    node_venv_lib_python3_12_site-packages_PyQt6_Qt6_qml_QtQuick_Controls --> node_venv_lib_python3_12_site-packages_PyQt6_Qt6_qml_QtQuick_Controls_FluentWinUI3["FluentWinUI3"]\n    node_venv_lib_python3_12_site-packages_PyQt6_Qt6_qml_QtQuick_Controls_FluentWinUI3 --> node_venv_lib_python3_12_site-packages_PyQt6_Qt6_qml_QtQuick_Controls_FluentWinUI3_dark["dark"]\n    node_venv_lib_python3_12_site-packages_PyQt6_Qt6_qml_QtQuick_Controls_FluentWinUI3_dark --> node_venv_lib_python3_12_site-packages_PyQt6_Qt6_qml_QtQuick_Controls_FluentWinUI3_dark_images["images"]\n    node_venv_lib_python3_12_site-packages_PyQt6_Qt6_qml_QtQuick_Controls_FluentWinUI3_dark_images --> node_venv_lib_python3_12_site-packages_PyQt6_Qt6_qml_QtQuick_Controls_FluentWinUI3_dark_images_pageindicatordelegate-indicator-hovered_png["pageindicatordelegate-indicator-hovered.png"]\n    Root --> node_venv["venv"]\n    node_venv --> node_venv_lib["lib"]\n    node_venv_lib --> node_venv_lib_python3_12["python3.12"]\n    node_venv_lib_python3_12 --> node_venv_lib_python3_12_site-packages["site-packages"]\n    node_venv_lib_python3_12_site-packages --> node_venv_lib_python3_12_site-packages_PyQt6["PyQt6"]\n    node_venv_lib_python3_12_site-packages_PyQt6 --> node_venv_lib_python3_12_site-packages_PyQt6_Qt6["Qt6"]\n    node_venv_lib_python3_12_site-packages_PyQt6_Qt6 --> node_venv_lib_python3_12_site-packages_PyQt6_Qt6_qml["qml"]\n    node_venv_lib_python3_12_site-packages_PyQt6_Qt6_qml --> node_venv_lib_python3_12_site-packages_PyQt6_Qt6_qml_QtQuick["QtQuick"]\n    node_venv_lib_python3_12_site-packages_PyQt6_Qt6_qml_QtQuick --> node_venv_lib_python3_12_site-packages_PyQt6_Qt6_qml_QtQuick_Controls["Controls"]\n    node_venv_lib_python3_12_site-packages_PyQt6_Qt6_qml_QtQuick_Controls --> node_venv_lib_python3_12_site-packages_PyQt6_Qt6_qml_QtQuick_Controls_FluentWinUI3["FluentWinUI3"]\n    node_venv_lib_python3_12_site-packages_PyQt6_Qt6_qml_QtQuick_Controls_FluentWinUI3 --> node_venv_lib_python3_12_site-packages_PyQt6_Qt6_qml_QtQuick_Controls_FluentWinUI3_dark["dark"]\n    node_venv_lib_python3_12_site-packages_PyQt6_Qt6_qml_QtQuick_Controls_FluentWinUI3_dark --> node_venv_lib_python3_12_site-packages_PyQt6_Qt6_qml_QtQuick_Controls_FluentWinUI3_dark_images["images"]\n    node_venv_lib_python3_12_site-packages_PyQt6_Qt6_qml_QtQuick_Controls_FluentWinUI3_dark_images --> node_venv_lib_python3_12_site-packages_PyQt6_Qt6_qml_QtQuick_Controls_FluentWinUI3_dark_images_pageindicatordelegate-indicator-hovered@2x_png["pageindicatordelegate-indicator-hovered@2x.png"]\n    Root --> node_venv["venv"]\n    node_venv --> node_venv_lib["lib"]\n    node_venv_lib --> node_venv_lib_python3_12["python3.12"]\n    node_venv_lib_python3_12 --> node_venv_lib_python3_12_site-packages["site-packages"]\n    node_venv_lib_python3_12_site-packages --> node_venv_lib_python3_12_site-packages_PyQt6["PyQt6"]\n    node_venv_lib_python3_12_site-packages_PyQt6 --> node_venv_lib_python3_12_site-packages_PyQt6_Qt6["Qt6"]\n    node_venv_lib_python3_12_site-packages_PyQt6_Qt6 --> node_venv_lib_python3_12_site-packages_PyQt6_Qt6_qml["qml"]\n    node_venv_lib_python3_12_site-packages_PyQt6_Qt6_qml --> node_venv_lib_python3_12_site-packages_PyQt6_Qt6_qml_QtQuick["QtQuick"]\n    node_venv_lib_python3_12_site-packages_PyQt6_Qt6_qml_QtQuick --> node_venv_lib_python3_12_site-packages_PyQt6_Qt6_qml_QtQuick_Controls["Controls"]\n    node_venv_lib_python3_12_site-packages_PyQt6_Qt6_qml_QtQuick_Controls --> node_venv_lib_python3_12_site-packages_PyQt6_Qt6_qml_QtQuick_Controls_FluentWinUI3["FluentWinUI3"]\n    node_venv_lib_python3_12_site-packages_PyQt6_Qt6_qml_QtQuick_Controls_FluentWinUI3 --> node_venv_lib_python3_12_site-packages_PyQt6_Qt6_qml_QtQuick_Controls_FluentWinUI3_dark["dark"]\n    node_venv_lib_python3_12_site-packages_PyQt6_Qt6_qml_QtQuick_Controls_FluentWinUI3_dark --> node_venv_lib_python3_12_site-packages_PyQt6_Qt6_qml_QtQuick_Controls_FluentWinUI3_dark_images["images"]\n    node_venv_lib_python3_12_site-packages_PyQt6_Qt6_qml_QtQuick_Controls_FluentWinUI3_dark_images --> node_venv_lib_python3_12_site-packages_PyQt6_Qt6_qml_QtQuick_Controls_FluentWinUI3_dark_images_pageindicatordelegate-indicator-hovered@3x_png["pageindicatordelegate-indicator-hovered@3x.png"]\n    Root --> node_venv["venv"]\n    node_venv --> node_venv_lib["lib"]\n    node_venv_lib --> node_venv_lib_python3_12["python3.12"]\n    node_venv_lib_python3_12 --> node_venv_lib_python3_12_site-packages["site-packages"]\n    node_venv_lib_python3_12_site-packages --> node_venv_lib_python3_12_site-packages_PyQt6["PyQt6"]\n    node_venv_lib_python3_12_site-packages_PyQt6 --> node_venv_lib_python3_12_site-packages_PyQt6_Qt6["Qt6"]\n    node_venv_lib_python3_12_site-packages_PyQt6_Qt6 --> node_venv_lib_python3_12_site-packages_PyQt6_Qt6_qml["qml"]\n    node_venv_lib_python3_12_site-packages_PyQt6_Qt6_qml --> node_venv_lib_python3_12_site-packages_PyQt6_Qt6_qml_QtQuick["QtQuick"]\n    node_venv_lib_python3_12_site-packages_PyQt6_Qt6_qml_QtQuick --> node_venv_lib_python3_12_site-packages_PyQt6_Qt6_qml_QtQuick_Controls["Controls"]\n    node_venv_lib_python3_12_site-packages_PyQt6_Qt6_qml_QtQuick_Controls --> node_venv_lib_python3_12_site-packages_PyQt6_Qt6_qml_QtQuick_Controls_FluentWinUI3["FluentWinUI3"]\n    node_venv_lib_python3_12_site-packages_PyQt6_Qt6_qml_QtQuick_Controls_FluentWinUI3 --> node_venv_lib_python3_12_site-packages_PyQt6_Qt6_qml_QtQuick_Controls_FluentWinUI3_dark["dark"]\n    node_venv_lib_python3_12_site-packages_PyQt6_Qt6_qml_QtQuick_Controls_FluentWinUI3_dark --> node_venv_lib_python3_12_site-packages_PyQt6_Qt6_qml_QtQuick_Controls_FluentWinUI3_dark_images["images"]\n    node_venv_lib_python3_12_site-packages_PyQt6_Qt6_qml_QtQuick_Controls_FluentWinUI3_dark_images --> node_venv_lib_python3_12_site-packages_PyQt6_Qt6_qml_QtQuick_Controls_FluentWinUI3_dark_images_pageindicatordelegate-indicator_png["pageindicatordelegate-indicator.png"]\n    Root --> node_venv["venv"]\n    node_venv --> node_venv_lib["lib"]\n    node_venv_lib --> node_venv_lib_python3_12["python3.12"]\n    node_venv_lib_python3_12 --> node_venv_lib_python3_12_site-packages["site-packages"]\n    node_venv_lib_python3_12_site-packages --> node_venv_lib_python3_12_site-packages_PyQt6["PyQt6"]\n    node_venv_lib_python3_12_site-packages_PyQt6 --> node_venv_lib_python3_12_site-packages_PyQt6_Qt6["Qt6"]\n    node_venv_lib_python3_12_site-packages_PyQt6_Qt6 --> node_venv_lib_python3_12_site-packages_PyQt6_Qt6_qml["qml"]\n    node_venv_lib_python3_12_site-packages_PyQt6_Qt6_qml --> node_venv_lib_python3_12_site-packages_PyQt6_Qt6_qml_QtQuick["QtQuick"]\n    node_venv_lib_python3_12_site-packages_PyQt6_Qt6_qml_QtQuick --> node_venv_lib_python3_12_site-packages_PyQt6_Qt6_qml_QtQuick_Controls["Controls"]\n    node_venv_lib_python3_12_site-packages_PyQt6_Qt6_qml_QtQuick_Controls --> node_venv_lib_python3_12_site-packages_PyQt6_Qt6_qml_QtQuick_Controls_FluentWinUI3["FluentWinUI3"]\n    node_venv_lib_python3_12_site-packages_PyQt6_Qt6_qml_QtQuick_Controls_FluentWinUI3 --> node_venv_lib_python3_12_site-packages_PyQt6_Qt6_qml_QtQuick_Controls_FluentWinUI3_dark["dark"]\n    node_venv_lib_python3_12_site-packages_PyQt6_Qt6_qml_QtQuick_Controls_FluentWinUI3_dark --> node_venv_lib_python3_12_site-packages_PyQt6_Qt6_qml_QtQuick_Controls_FluentWinUI3_dark_images["images"]\n    node_venv_lib_python3_12_site-packages_PyQt6_Qt6_qml_QtQuick_Controls_FluentWinUI3_dark_images --> node_venv_lib_python3_12_site-packages_PyQt6_Qt6_qml_QtQuick_Controls_FluentWinUI3_dark_images_pageindicatordelegate-indicator@2x_png["pageindicatordelegate-indicator@2x.png"]\n    Root --> node_venv["venv"]\n    node_venv --> node_venv_lib["lib"]\n    node_venv_lib --> node_venv_lib_python3_12["python3.12"]\n    node_venv_lib_python3_12 --> node_venv_lib_python3_12_site-packages["site-packages"]\n    node_venv_lib_python3_12_site-packages --> node_venv_lib_python3_12_site-packages_PyQt6["PyQt6"]\n    node_venv_lib_python3_12_site-packages_PyQt6 --> node_venv_lib_python3_12_site-packages_PyQt6_Qt6["Qt6"]\n    node_venv_lib_python3_12_site-packages_PyQt6_Qt6 --> node_venv_lib_python3_12_site-packages_PyQt6_Qt6_qml["qml"]\n    node_venv_lib_python3_12_site-packages_PyQt6_Qt6_qml --> node_venv_lib_python3_12_site-packages_PyQt6_Qt6_qml_QtQuick["QtQuick"]\n    node_venv_lib_python3_12_site-packages_PyQt6_Qt6_qml_QtQuick --> node_venv_lib_python3_12_site-packages_PyQt6_Qt6_qml_QtQuick_Controls["Controls"]\n    node_venv_lib_python3_12_site-packages_PyQt6_Qt6_qml_QtQuick_Controls --> node_venv_lib_python3_12_site-packages_PyQt6_Qt6_qml_QtQuick_Controls_FluentWinUI3["FluentWinUI3"]\n    node_venv_lib_python3_12_site-packages_PyQt6_Qt6_qml_QtQuick_Controls_FluentWinUI3 --> node_venv_lib_python3_12_site-packages_PyQt6_Qt6_qml_QtQuick_Controls_FluentWinUI3_dark["dark"]\n    node_venv_lib_python3_12_site-packages_PyQt6_Qt6_qml_QtQuick_Controls_FluentWinUI3_dark --> node_venv_lib_python3_12_site-packages_PyQt6_Qt6_qml_QtQuick_Controls_FluentWinUI3_dark_images["images"]\n    node_venv_lib_python3_12_site-packages_PyQt6_Qt6_qml_QtQuick_Controls_FluentWinUI3_dark_images --> node_venv_lib_python3_12_site-packages_PyQt6_Qt6_qml_QtQuick_Controls_FluentWinUI3_dark_images_pageindicatordelegate-indicator@3x_png["pageindicatordelegate-indicator@3x.png"]\n    Root --> node_venv["venv"]\n    node_venv --> node_venv_lib["lib"]\n    node_venv_lib --> node_venv_lib_python3_12["python3.12"]\n    node_venv_lib_python3_12 --> node_venv_lib_python3_12_site-packages["site-packages"]\n    node_venv_lib_python3_12_site-packages --> node_venv_lib_python3_12_site-packages_PyQt6["PyQt6"]\n    node_venv_lib_python3_12_site-packages_PyQt6 --> node_venv_lib_python3_12_site-packages_PyQt6_Qt6["Qt6"]\n    node_venv_lib_python3_12_site-packages_PyQt6_Qt6 --> node_venv_lib_python3_12_site-packages_PyQt6_Qt6_qml["qml"]\n    node_venv_lib_python3_12_site-packages_PyQt6_Qt6_qml --> node_venv_lib_python3_12_site-packages_PyQt6_Qt6_qml_QtQuick["QtQuick"]\n    node_venv_lib_python3_12_site-packages_PyQt6_Qt6_qml_QtQuick --> node_venv_lib_python3_12_site-packages_PyQt6_Qt6_qml_QtQuick_Controls["Controls"]\n    node_venv_lib_python3_12_site-packages_PyQt6_Qt6_qml_QtQuick_Controls --> node_venv_lib_python3_12_site-packages_PyQt6_Qt6_qml_QtQuick_Controls_FluentWinUI3["FluentWinUI3"]\n    node_venv_lib_python3_12_site-packages_PyQt6_Qt6_qml_QtQuick_Controls_FluentWinUI3 --> node_venv_lib_python3_12_site-packages_PyQt6_Qt6_qml_QtQuick_Controls_FluentWinUI3_dark["dark"]\n    node_venv_lib_python3_12_site-packages_PyQt6_Qt6_qml_QtQuick_Controls_FluentWinUI3_dark --> node_venv_lib_python3_12_site-packages_PyQt6_Qt6_qml_QtQuick_Controls_FluentWinUI3_dark_images["images"]\n    node_venv_lib_python3_12_site-packages_PyQt6_Qt6_qml_QtQuick_Controls_FluentWinUI3_dark_images --> node_venv_lib_python3_12_site-packages_PyQt6_Qt6_qml_QtQuick_Controls_FluentWinUI3_dark_images_popup-background_png["popup-background.png"]\n    Root --> node_venv["venv"]\n    node_venv --> node_venv_lib["lib"]\n    node_venv_lib --> node_venv_lib_python3_12["python3.12"]\n    node_venv_lib_python3_12 --> node_venv_lib_python3_12_site-packages["site-packages"]\n    node_venv_lib_python3_12_site-packages --> node_venv_lib_python3_12_site-packages_PyQt6["PyQt6"]\n    node_venv_lib_python3_12_site-packages_PyQt6 --> node_venv_lib_python3_12_site-packages_PyQt6_Qt6["Qt6"]\n    node_venv_lib_python3_12_site-packages_PyQt6_Qt6 --> node_venv_lib_python3_12_site-packages_PyQt6_Qt6_qml["qml"]\n    node_venv_lib_python3_12_site-packages_PyQt6_Qt6_qml --> node_venv_lib_python3_12_site-packages_PyQt6_Qt6_qml_QtQuick["QtQuick"]\n    node_venv_lib_python3_12_site-packages_PyQt6_Qt6_qml_QtQuick --> node_venv_lib_python3_12_site-packages_PyQt6_Qt6_qml_QtQuick_Controls["Controls"]\n    node_venv_lib_python3_12_site-packages_PyQt6_Qt6_qml_QtQuick_Controls --> node_venv_lib_python3_12_site-packages_PyQt6_Qt6_qml_QtQuick_Controls_FluentWinUI3["FluentWinUI3"]\n    node_venv_lib_python3_12_site-packages_PyQt6_Qt6_qml_QtQuick_Controls_FluentWinUI3 --> node_venv_lib_python3_12_site-packages_PyQt6_Qt6_qml_QtQuick_Controls_FluentWinUI3_dark["dark"]\n    node_venv_lib_python3_12_site-packages_PyQt6_Qt6_qml_QtQuick_Controls_FluentWinUI3_dark --> node_venv_lib_python3_12_site-packages_PyQt6_Qt6_qml_QtQuick_Controls_FluentWinUI3_dark_images["images"]\n    node_venv_lib_python3_12_site-packages_PyQt6_Qt6_qml_QtQuick_Controls_FluentWinUI3_dark_images --> node_venv_lib_python3_12_site-packages_PyQt6_Qt6_qml_QtQuick_Controls_FluentWinUI3_dark_images_popup-background@2x_png["popup-background@2x.png"]\n    Root --> node_venv["venv"]\n    node_venv --> node_venv_lib["lib"]\n    node_venv_lib --> node_venv_lib_python3_12["python3.12"]\n    node_venv_lib_python3_12 --> node_venv_lib_python3_12_site-packages["site-packages"]\n    node_venv_lib_python3_12_site-packages --> node_venv_lib_python3_12_site-packages_PyQt6["PyQt6"]\n    node_venv_lib_python3_12_site-packages_PyQt6 --> node_venv_lib_python3_12_site-packages_PyQt6_Qt6["Qt6"]\n    node_venv_lib_python3_12_site-packages_PyQt6_Qt6 --> node_venv_lib_python3_12_site-packages_PyQt6_Qt6_qml["qml"]\n    node_venv_lib_python3_12_site-packages_PyQt6_Qt6_qml --> node_venv_lib_python3_12_site-packages_PyQt6_Qt6_qml_QtQuick["QtQuick"]\n    node_venv_lib_python3_12_site-packages_PyQt6_Qt6_qml_QtQuick --> node_venv_lib_python3_12_site-packages_PyQt6_Qt6_qml_QtQuick_Controls["Controls"]\n    node_venv_lib_python3_12_site-packages_PyQt6_Qt6_qml_QtQuick_Controls --> node_venv_lib_python3_12_site-packages_PyQt6_Qt6_qml_QtQuick_Controls_FluentWinUI3["FluentWinUI3"]\n    node_venv_lib_python3_12_site-packages_PyQt6_Qt6_qml_QtQuick_Controls_FluentWinUI3 --> node_venv_lib_python3_12_site-packages_PyQt6_Qt6_qml_QtQuick_Controls_FluentWinUI3_dark["dark"]\n    node_venv_lib_python3_12_site-packages_PyQt6_Qt6_qml_QtQuick_Controls_FluentWinUI3_dark --> node_venv_lib_python3_12_site-packages_PyQt6_Qt6_qml_QtQuick_Controls_FluentWinUI3_dark_images["images"]\n    node_venv_lib_python3_12_site-packages_PyQt6_Qt6_qml_QtQuick_Controls_FluentWinUI3_dark_images --> node_venv_lib_python3_12_site-packages_PyQt6_Qt6_qml_QtQuick_Controls_FluentWinUI3_dark_images_popup-background@3x_png["popup-background@3x.png"]\n    Root --> node_venv["venv"]\n    node_venv --> node_venv_lib["lib"]\n    node_venv_lib --> node_venv_lib_python3_12["python3.12"]\n    node_venv_lib_python3_12 --> node_venv_lib_python3_12_site-packages["site-packages"]\n    node_venv_lib_python3_12_site-packages --> node_venv_lib_python3_12_site-packages_PyQt6["PyQt6"]\n    node_venv_lib_python3_12_site-packages_PyQt6 --> node_venv_lib_python3_12_site-packages_PyQt6_Qt6["Qt6"]\n    node_venv_lib_python3_12_site-packages_PyQt6_Qt6 --> node_venv_lib_python3_12_site-packages_PyQt6_Qt6_qml["qml"]\n    node_venv_lib_python3_12_site-packages_PyQt6_Qt6_qml --> node_venv_lib_python3_12_site-packages_PyQt6_Qt6_qml_QtQuick["QtQuick"]\n    node_venv_lib_python3_12_site-packages_PyQt6_Qt6_qml_QtQuick --> node_venv_lib_python3_12_site-packages_PyQt6_Qt6_qml_QtQuick_Controls["Controls"]\n    node_venv_lib_python3_12_site-packages_PyQt6_Qt6_qml_QtQuick_Controls --> node_venv_lib_python3_12_site-packages_PyQt6_Qt6_qml_QtQuick_Controls_FluentWinUI3["FluentWinUI3"]\n    node_venv_lib_python3_12_site-packages_PyQt6_Qt6_qml_QtQuick_Controls_FluentWinUI3 --> node_venv_lib_python3_12_site-packages_PyQt6_Qt6_qml_QtQuick_Controls_FluentWinUI3_dark["dark"]\n    node_venv_lib_python3_12_site-packages_PyQt6_Qt6_qml_QtQuick_Controls_FluentWinUI3_dark --> node_venv_lib_python3_12_site-packages_PyQt6_Qt6_qml_QtQuick_Controls_FluentWinUI3_dark_images["images"]\n    node_venv_lib_python3_12_site-packages_PyQt6_Qt6_qml_QtQuick_Controls_FluentWinUI3_dark_images --> node_venv_lib_python3_12_site-packages_PyQt6_Qt6_qml_QtQuick_Controls_FluentWinUI3_dark_images_progressbar-groove-disabled_png["progressbar-groove-disabled.png"]\n    Root --> node_venv["venv"]\n    node_venv --> node_venv_lib["lib"]\n    node_venv_lib --> node_venv_lib_python3_12["python3.12"]\n    node_venv_lib_python3_12 --> node_venv_lib_python3_12_site-packages["site-packages"]\n    node_venv_lib_python3_12_site-packages --> node_venv_lib_python3_12_site-packages_PyQt6["PyQt6"]\n    node_venv_lib_python3_12_site-packages_PyQt6 --> node_venv_lib_python3_12_site-packages_PyQt6_Qt6["Qt6"]\n    node_venv_lib_python3_12_site-packages_PyQt6_Qt6 --> node_venv_lib_python3_12_site-packages_PyQt6_Qt6_qml["qml"]\n    node_venv_lib_python3_12_site-packages_PyQt6_Qt6_qml --> node_venv_lib_python3_12_site-packages_PyQt6_Qt6_qml_QtQuick["QtQuick"]\n    node_venv_lib_python3_12_site-packages_PyQt6_Qt6_qml_QtQuick --> node_venv_lib_python3_12_site-packages_PyQt6_Qt6_qml_QtQuick_Controls["Controls"]\n    node_venv_lib_python3_12_site-packages_PyQt6_Qt6_qml_QtQuick_Controls --> node_venv_lib_python3_12_site-packages_PyQt6_Qt6_qml_QtQuick_Controls_FluentWinUI3["FluentWinUI3"]\n    node_venv_lib_python3_12_site-packages_PyQt6_Qt6_qml_QtQuick_Controls_FluentWinUI3 --> node_venv_lib_python3_12_site-packages_PyQt6_Qt6_qml_QtQuick_Controls_FluentWinUI3_dark["dark"]\n    node_venv_lib_python3_12_site-packages_PyQt6_Qt6_qml_QtQuick_Controls_FluentWinUI3_dark --> node_venv_lib_python3_12_site-packages_PyQt6_Qt6_qml_QtQuick_Controls_FluentWinUI3_dark_images["images"]\n    node_venv_lib_python3_12_site-packages_PyQt6_Qt6_qml_QtQuick_Controls_FluentWinUI3_dark_images --> node_venv_lib_python3_12_site-packages_PyQt6_Qt6_qml_QtQuick_Controls_FluentWinUI3_dark_images_progressbar-groove-disabled@2x_png["progressbar-groove-disabled@2x.png"]\n    Root --> node_venv["venv"]\n    node_venv --> node_venv_lib["lib"]\n    node_venv_lib --> node_venv_lib_python3_12["python3.12"]\n    node_venv_lib_python3_12 --> node_venv_lib_python3_12_site-packages["site-packages"]\n    node_venv_lib_python3_12_site-packages --> node_venv_lib_python3_12_site-packages_PyQt6["PyQt6"]\n    node_venv_lib_python3_12_site-packages_PyQt6 --> node_venv_lib_python3_12_site-packages_PyQt6_Qt6["Qt6"]\n    node_venv_lib_python3_12_site-packages_PyQt6_Qt6 --> node_venv_lib_python3_12_site-packages_PyQt6_Qt6_qml["qml"]\n    node_venv_lib_python3_12_site-packages_PyQt6_Qt6_qml --> node_venv_lib_python3_12_site-packages_PyQt6_Qt6_qml_QtQuick["QtQuick"]\n    node_venv_lib_python3_12_site-packages_PyQt6_Qt6_qml_QtQuick --> node_venv_lib_python3_12_site-packages_PyQt6_Qt6_qml_QtQuick_Controls["Controls"]\n    node_venv_lib_python3_12_site-packages_PyQt6_Qt6_qml_QtQuick_Controls --> node_venv_lib_python3_12_site-packages_PyQt6_Qt6_qml_QtQuick_Controls_FluentWinUI3["FluentWinUI3"]\n    node_venv_lib_python3_12_site-packages_PyQt6_Qt6_qml_QtQuick_Controls_FluentWinUI3 --> node_venv_lib_python3_12_site-packages_PyQt6_Qt6_qml_QtQuick_Controls_FluentWinUI3_dark["dark"]\n    node_venv_lib_python3_12_site-packages_PyQt6_Qt6_qml_QtQuick_Controls_FluentWinUI3_dark --> node_venv_lib_python3_12_site-packages_PyQt6_Qt6_qml_QtQuick_Controls_FluentWinUI3_dark_images["images"]\n    node_venv_lib_python3_12_site-packages_PyQt6_Qt6_qml_QtQuick_Controls_FluentWinUI3_dark_images --> node_venv_lib_python3_12_site-packages_PyQt6_Qt6_qml_QtQuick_Controls_FluentWinUI3_dark_images_progressbar-groove-disabled@3x_png["progressbar-groove-disabled@3x.png"]\n    Root --> node_venv["venv"]\n    node_venv --> node_venv_lib["lib"]\n    node_venv_lib --> node_venv_lib_python3_12["python3.12"]\n    node_venv_lib_python3_12 --> node_venv_lib_python3_12_site-packages["site-packages"]\n    node_venv_lib_python3_12_site-packages --> node_venv_lib_python3_12_site-packages_PyQt6["PyQt6"]\n    node_venv_lib_python3_12_site-packages_PyQt6 --> node_venv_lib_python3_12_site-packages_PyQt6_Qt6["Qt6"]\n    node_venv_lib_python3_12_site-packages_PyQt6_Qt6 --> node_venv_lib_python3_12_site-packages_PyQt6_Qt6_qml["qml"]\n    node_venv_lib_python3_12_site-packages_PyQt6_Qt6_qml --> node_venv_lib_python3_12_site-packages_PyQt6_Qt6_qml_QtQuick["QtQuick"]\n    node_venv_lib_python3_12_site-packages_PyQt6_Qt6_qml_QtQuick --> node_venv_lib_python3_12_site-packages_PyQt6_Qt6_qml_QtQuick_Controls["Controls"]\n    node_venv_lib_python3_12_site-packages_PyQt6_Qt6_qml_QtQuick_Controls --> node_venv_lib_python3_12_site-packages_PyQt6_Qt6_qml_QtQuick_Controls_FluentWinUI3["FluentWinUI3"]\n    node_venv_lib_python3_12_site-packages_PyQt6_Qt6_qml_QtQuick_Controls_FluentWinUI3 --> node_venv_lib_python3_12_site-packages_PyQt6_Qt6_qml_QtQuick_Controls_FluentWinUI3_dark["dark"]\n    node_venv_lib_python3_12_site-packages_PyQt6_Qt6_qml_QtQuick_Controls_FluentWinUI3_dark --> node_venv_lib_python3_12_site-packages_PyQt6_Qt6_qml_QtQuick_Controls_FluentWinUI3_dark_images["images"]\n    node_venv_lib_python3_12_site-packages_PyQt6_Qt6_qml_QtQuick_Controls_FluentWinUI3_dark_images --> node_venv_lib_python3_12_site-packages_PyQt6_Qt6_qml_QtQuick_Controls_FluentWinUI3_dark_images_progressbar-groove_png["progressbar-groove.png"]\n    Root --> node_venv["venv"]\n    node_venv --> node_venv_lib["lib"]\n    node_venv_lib --> node_venv_lib_python3_12["python3.12"]\n    node_venv_lib_python3_12 --> node_venv_lib_python3_12_site-packages["site-packages"]\n    node_venv_lib_python3_12_site-packages --> node_venv_lib_python3_12_site-packages_PyQt6["PyQt6"]\n    node_venv_lib_python3_12_site-packages_PyQt6 --> node_venv_lib_python3_12_site-packages_PyQt6_Qt6["Qt6"]\n    node_venv_lib_python3_12_site-packages_PyQt6_Qt6 --> node_venv_lib_python3_12_site-packages_PyQt6_Qt6_qml["qml"]\n    node_venv_lib_python3_12_site-packages_PyQt6_Qt6_qml --> node_venv_lib_python3_12_site-packages_PyQt6_Qt6_qml_QtQuick["QtQuick"]\n    node_venv_lib_python3_12_site-packages_PyQt6_Qt6_qml_QtQuick --> node_venv_lib_python3_12_site-packages_PyQt6_Qt6_qml_QtQuick_Controls["Controls"]\n    node_venv_lib_python3_12_site-packages_PyQt6_Qt6_qml_QtQuick_Controls --> node_venv_lib_python3_12_site-packages_PyQt6_Qt6_qml_QtQuick_Controls_FluentWinUI3["FluentWinUI3"]\n    node_venv_lib_python3_12_site-packages_PyQt6_Qt6_qml_QtQuick_Controls_FluentWinUI3 --> node_venv_lib_python3_12_site-packages_PyQt6_Qt6_qml_QtQuick_Controls_FluentWinUI3_dark["dark"]\n    node_venv_lib_python3_12_site-packages_PyQt6_Qt6_qml_QtQuick_Controls_FluentWinUI3_dark --> node_venv_lib_python3_12_site-packages_PyQt6_Qt6_qml_QtQuick_Controls_FluentWinUI3_dark_images["images"]\n    node_venv_lib_python3_12_site-packages_PyQt6_Qt6_qml_QtQuick_Controls_FluentWinUI3_dark_images --> node_venv_lib_python3_12_site-packages_PyQt6_Qt6_qml_QtQuick_Controls_FluentWinUI3_dark_images_progressbar-groove@2x_png["progressbar-groove@2x.png"]\n    Root --> node_venv["venv"]\n    node_venv --> node_venv_lib["lib"]\n    node_venv_lib --> node_venv_lib_python3_12["python3.12"]\n    node_venv_lib_python3_12 --> node_venv_lib_python3_12_site-packages["site-packages"]\n    node_venv_lib_python3_12_site-packages --> node_venv_lib_python3_12_site-packages_PyQt6["PyQt6"]\n    node_venv_lib_python3_12_site-packages_PyQt6 --> node_venv_lib_python3_12_site-packages_PyQt6_Qt6["Qt6"]\n    node_venv_lib_python3_12_site-packages_PyQt6_Qt6 --> node_venv_lib_python3_12_site-packages_PyQt6_Qt6_qml["qml"]\n    node_venv_lib_python3_12_site-packages_PyQt6_Qt6_qml --> node_venv_lib_python3_12_site-packages_PyQt6_Qt6_qml_QtQuick["QtQuick"]\n    node_venv_lib_python3_12_site-packages_PyQt6_Qt6_qml_QtQuick --> node_venv_lib_python3_12_site-packages_PyQt6_Qt6_qml_QtQuick_Controls["Controls"]\n    node_venv_lib_python3_12_site-packages_PyQt6_Qt6_qml_QtQuick_Controls --> node_venv_lib_python3_12_site-packages_PyQt6_Qt6_qml_QtQuick_Controls_FluentWinUI3["FluentWinUI3"]\n    node_venv_lib_python3_12_site-packages_PyQt6_Qt6_qml_QtQuick_Controls_FluentWinUI3 --> node_venv_lib_python3_12_site-packages_PyQt6_Qt6_qml_QtQuick_Controls_FluentWinUI3_dark["dark"]\n    node_venv_lib_python3_12_site-packages_PyQt6_Qt6_qml_QtQuick_Controls_FluentWinUI3_dark --> node_venv_lib_python3_12_site-packages_PyQt6_Qt6_qml_QtQuick_Controls_FluentWinUI3_dark_images["images"]\n    node_venv_lib_python3_12_site-packages_PyQt6_Qt6_qml_QtQuick_Controls_FluentWinUI3_dark_images --> node_venv_lib_python3_12_site-packages_PyQt6_Qt6_qml_QtQuick_Controls_FluentWinUI3_dark_images_progressbar-groove@3x_png["progressbar-groove@3x.png"]\n    Root --> node_venv["venv"]\n    node_venv --> node_venv_lib["lib"]\n    node_venv_lib --> node_venv_lib_python3_12["python3.12"]\n    node_venv_lib_python3_12 --> node_venv_lib_python3_12_site-packages["site-packages"]\n    node_venv_lib_python3_12_site-packages --> node_venv_lib_python3_12_site-packages_PyQt6["PyQt6"]\n    node_venv_lib_python3_12_site-packages_PyQt6 --> node_venv_lib_python3_12_site-packages_PyQt6_Qt6["Qt6"]\n    node_venv_lib_python3_12_site-packages_PyQt6_Qt6 --> node_venv_lib_python3_12_site-packages_PyQt6_Qt6_qml["qml"]\n    node_venv_lib_python3_12_site-packages_PyQt6_Qt6_qml --> node_venv_lib_python3_12_site-packages_PyQt6_Qt6_qml_QtQuick["QtQuick"]\n    node_venv_lib_python3_12_site-packages_PyQt6_Qt6_qml_QtQuick --> node_venv_lib_python3_12_site-packages_PyQt6_Qt6_qml_QtQuick_Controls["Controls"]\n    node_venv_lib_python3_12_site-packages_PyQt6_Qt6_qml_QtQuick_Controls --> node_venv_lib_python3_12_site-packages_PyQt6_Qt6_qml_QtQuick_Controls_FluentWinUI3["FluentWinUI3"]\n    node_venv_lib_python3_12_site-packages_PyQt6_Qt6_qml_QtQuick_Controls_FluentWinUI3 --> node_venv_lib_python3_12_site-packages_PyQt6_Qt6_qml_QtQuick_Controls_FluentWinUI3_dark["dark"]\n    node_venv_lib_python3_12_site-packages_PyQt6_Qt6_qml_QtQuick_Controls_FluentWinUI3_dark --> node_venv_lib_python3_12_site-packages_PyQt6_Qt6_qml_QtQuick_Controls_FluentWinUI3_dark_images["images"]\n    node_venv_lib_python3_12_site-packages_PyQt6_Qt6_qml_QtQuick_Controls_FluentWinUI3_dark_images --> node_venv_lib_python3_12_site-packages_PyQt6_Qt6_qml_QtQuick_Controls_FluentWinUI3_dark_images_radiobutton-indicator-checked-disabled_png["radiobutton-indicator-checked-disabled.png"]\n    Root --> node_venv["venv"]\n    node_venv --> node_venv_lib["lib"]\n    node_venv_lib --> node_venv_lib_python3_12["python3.12"]\n    node_venv_lib_python3_12 --> node_venv_lib_python3_12_site-packages["site-packages"]\n    node_venv_lib_python3_12_site-packages --> node_venv_lib_python3_12_site-packages_PyQt6["PyQt6"]\n    node_venv_lib_python3_12_site-packages_PyQt6 --> node_venv_lib_python3_12_site-packages_PyQt6_Qt6["Qt6"]\n    node_venv_lib_python3_12_site-packages_PyQt6_Qt6 --> node_venv_lib_python3_12_site-packages_PyQt6_Qt6_qml["qml"]\n    node_venv_lib_python3_12_site-packages_PyQt6_Qt6_qml --> node_venv_lib_python3_12_site-packages_PyQt6_Qt6_qml_QtQuick["QtQuick"]\n    node_venv_lib_python3_12_site-packages_PyQt6_Qt6_qml_QtQuick --> node_venv_lib_python3_12_site-packages_PyQt6_Qt6_qml_QtQuick_Controls["Controls"]\n    node_venv_lib_python3_12_site-packages_PyQt6_Qt6_qml_QtQuick_Controls --> node_venv_lib_python3_12_site-packages_PyQt6_Qt6_qml_QtQuick_Controls_FluentWinUI3["FluentWinUI3"]\n    node_venv_lib_python3_12_site-packages_PyQt6_Qt6_qml_QtQuick_Controls_FluentWinUI3 --> node_venv_lib_python3_12_site-packages_PyQt6_Qt6_qml_QtQuick_Controls_FluentWinUI3_dark["dark"]\n    node_venv_lib_python3_12_site-packages_PyQt6_Qt6_qml_QtQuick_Controls_FluentWinUI3_dark --> node_venv_lib_python3_12_site-packages_PyQt6_Qt6_qml_QtQuick_Controls_FluentWinUI3_dark_images["images"]\n    node_venv_lib_python3_12_site-packages_PyQt6_Qt6_qml_QtQuick_Controls_FluentWinUI3_dark_images --> node_venv_lib_python3_12_site-packages_PyQt6_Qt6_qml_QtQuick_Controls_FluentWinUI3_dark_images_radiobutton-indicator-checked-disabled@2x_png["radiobutton-indicator-checked-disabled@2x.png"]\n    Root --> node_venv["venv"]\n    node_venv --> node_venv_lib["lib"]\n    node_venv_lib --> node_venv_lib_python3_12["python3.12"]\n    node_venv_lib_python3_12 --> node_venv_lib_python3_12_site-packages["site-packages"]\n    node_venv_lib_python3_12_site-packages --> node_venv_lib_python3_12_site-packages_PyQt6["PyQt6"]\n    node_venv_lib_python3_12_site-packages_PyQt6 --> node_venv_lib_python3_12_site-packages_PyQt6_Qt6["Qt6"]\n    node_venv_lib_python3_12_site-packages_PyQt6_Qt6 --> node_venv_lib_python3_12_site-packages_PyQt6_Qt6_qml["qml"]\n    node_venv_lib_python3_12_site-packages_PyQt6_Qt6_qml --> node_venv_lib_python3_12_site-packages_PyQt6_Qt6_qml_QtQuick["QtQuick"]\n    node_venv_lib_python3_12_site-packages_PyQt6_Qt6_qml_QtQuick --> node_venv_lib_python3_12_site-packages_PyQt6_Qt6_qml_QtQuick_Controls["Controls"]\n    node_venv_lib_python3_12_site-packages_PyQt6_Qt6_qml_QtQuick_Controls --> node_venv_lib_python3_12_site-packages_PyQt6_Qt6_qml_QtQuick_Controls_FluentWinUI3["FluentWinUI3"]\n    node_venv_lib_python3_12_site-packages_PyQt6_Qt6_qml_QtQuick_Controls_FluentWinUI3 --> node_venv_lib_python3_12_site-packages_PyQt6_Qt6_qml_QtQuick_Controls_FluentWinUI3_dark["dark"]\n    node_venv_lib_python3_12_site-packages_PyQt6_Qt6_qml_QtQuick_Controls_FluentWinUI3_dark --> node_venv_lib_python3_12_site-packages_PyQt6_Qt6_qml_QtQuick_Controls_FluentWinUI3_dark_images["images"]\n    node_venv_lib_python3_12_site-packages_PyQt6_Qt6_qml_QtQuick_Controls_FluentWinUI3_dark_images --> node_venv_lib_python3_12_site-packages_PyQt6_Qt6_qml_QtQuick_Controls_FluentWinUI3_dark_images_radiobutton-indicator-checked-disabled@3x_png["radiobutton-indicator-checked-disabled@3x.png"]\n    Root --> node_venv["venv"]\n    node_venv --> node_venv_lib["lib"]\n    node_venv_lib --> node_venv_lib_python3_12["python3.12"]\n    node_venv_lib_python3_12 --> node_venv_lib_python3_12_site-packages["site-packages"]\n    node_venv_lib_python3_12_site-packages --> node_venv_lib_python3_12_site-packages_PyQt6["PyQt6"]\n    node_venv_lib_python3_12_site-packages_PyQt6 --> node_venv_lib_python3_12_site-packages_PyQt6_Qt6["Qt6"]\n    node_venv_lib_python3_12_site-packages_PyQt6_Qt6 --> node_venv_lib_python3_12_site-packages_PyQt6_Qt6_qml["qml"]\n    node_venv_lib_python3_12_site-packages_PyQt6_Qt6_qml --> node_venv_lib_python3_12_site-packages_PyQt6_Qt6_qml_QtQuick["QtQuick"]\n    node_venv_lib_python3_12_site-packages_PyQt6_Qt6_qml_QtQuick --> node_venv_lib_python3_12_site-packages_PyQt6_Qt6_qml_QtQuick_Controls["Controls"]\n    node_venv_lib_python3_12_site-packages_PyQt6_Qt6_qml_QtQuick_Controls --> node_venv_lib_python3_12_site-packages_PyQt6_Qt6_qml_QtQuick_Controls_FluentWinUI3["FluentWinUI3"]\n    node_venv_lib_python3_12_site-packages_PyQt6_Qt6_qml_QtQuick_Controls_FluentWinUI3 --> node_venv_lib_python3_12_site-packages_PyQt6_Qt6_qml_QtQuick_Controls_FluentWinUI3_dark["dark"]\n    node_venv_lib_python3_12_site-packages_PyQt6_Qt6_qml_QtQuick_Controls_FluentWinUI3_dark --> node_venv_lib_python3_12_site-packages_PyQt6_Qt6_qml_QtQuick_Controls_FluentWinUI3_dark_images["images"]\n    node_venv_lib_python3_12_site-packages_PyQt6_Qt6_qml_QtQuick_Controls_FluentWinUI3_dark_images --> node_venv_lib_python3_12_site-packages_PyQt6_Qt6_qml_QtQuick_Controls_FluentWinUI3_dark_images_radiobutton-indicator-checked-hovered_png["radiobutton-indicator-checked-hovered.png"]\n    Root --> node_venv["venv"]\n    node_venv --> node_venv_lib["lib"]\n    node_venv_lib --> node_venv_lib_python3_12["python3.12"]\n    node_venv_lib_python3_12 --> node_venv_lib_python3_12_site-packages["site-packages"]\n    node_venv_lib_python3_12_site-packages --> node_venv_lib_python3_12_site-packages_PyQt6["PyQt6"]\n    node_venv_lib_python3_12_site-packages_PyQt6 --> node_venv_lib_python3_12_site-packages_PyQt6_Qt6["Qt6"]\n    node_venv_lib_python3_12_site-packages_PyQt6_Qt6 --> node_venv_lib_python3_12_site-packages_PyQt6_Qt6_qml["qml"]\n    node_venv_lib_python3_12_site-packages_PyQt6_Qt6_qml --> node_venv_lib_python3_12_site-packages_PyQt6_Qt6_qml_QtQuick["QtQuick"]\n    node_venv_lib_python3_12_site-packages_PyQt6_Qt6_qml_QtQuick --> node_venv_lib_python3_12_site-packages_PyQt6_Qt6_qml_QtQuick_Controls["Controls"]\n    node_venv_lib_python3_12_site-packages_PyQt6_Qt6_qml_QtQuick_Controls --> node_venv_lib_python3_12_site-packages_PyQt6_Qt6_qml_QtQuick_Controls_FluentWinUI3["FluentWinUI3"]\n    node_venv_lib_python3_12_site-packages_PyQt6_Qt6_qml_QtQuick_Controls_FluentWinUI3 --> node_venv_lib_python3_12_site-packages_PyQt6_Qt6_qml_QtQuick_Controls_FluentWinUI3_dark["dark"]\n    node_venv_lib_python3_12_site-packages_PyQt6_Qt6_qml_QtQuick_Controls_FluentWinUI3_dark --> node_venv_lib_python3_12_site-packages_PyQt6_Qt6_qml_QtQuick_Controls_FluentWinUI3_dark_images["images"]\n    node_venv_lib_python3_12_site-packages_PyQt6_Qt6_qml_QtQuick_Controls_FluentWinUI3_dark_images --> node_venv_lib_python3_12_site-packages_PyQt6_Qt6_qml_QtQuick_Controls_FluentWinUI3_dark_images_radiobutton-indicator-checked-hovered@2x_png["radiobutton-indicator-checked-hovered@2x.png"]\n    Root --> node_venv["venv"]\n    node_venv --> node_venv_lib["lib"]\n    node_venv_lib --> node_venv_lib_python3_12["python3.12"]\n    node_venv_lib_python3_12 --> node_venv_lib_python3_12_site-packages["site-packages"]\n    node_venv_lib_python3_12_site-packages --> node_venv_lib_python3_12_site-packages_PyQt6["PyQt6"]\n    node_venv_lib_python3_12_site-packages_PyQt6 --> node_venv_lib_python3_12_site-packages_PyQt6_Qt6["Qt6"]\n    node_venv_lib_python3_12_site-packages_PyQt6_Qt6 --> node_venv_lib_python3_12_site-packages_PyQt6_Qt6_qml["qml"]\n    node_venv_lib_python3_12_site-packages_PyQt6_Qt6_qml --> node_venv_lib_python3_12_site-packages_PyQt6_Qt6_qml_QtQuick["QtQuick"]\n    node_venv_lib_python3_12_site-packages_PyQt6_Qt6_qml_QtQuick --> node_venv_lib_python3_12_site-packages_PyQt6_Qt6_qml_QtQuick_Controls["Controls"]\n    node_venv_lib_python3_12_site-packages_PyQt6_Qt6_qml_QtQuick_Controls --> node_venv_lib_python3_12_site-packages_PyQt6_Qt6_qml_QtQuick_Controls_FluentWinUI3["FluentWinUI3"]\n    node_venv_lib_python3_12_site-packages_PyQt6_Qt6_qml_QtQuick_Controls_FluentWinUI3 --> node_venv_lib_python3_12_site-packages_PyQt6_Qt6_qml_QtQuick_Controls_FluentWinUI3_dark["dark"]\n    node_venv_lib_python3_12_site-packages_PyQt6_Qt6_qml_QtQuick_Controls_FluentWinUI3_dark --> node_venv_lib_python3_12_site-packages_PyQt6_Qt6_qml_QtQuick_Controls_FluentWinUI3_dark_images["images"]\n    node_venv_lib_python3_12_site-packages_PyQt6_Qt6_qml_QtQuick_Controls_FluentWinUI3_dark_images --> node_venv_lib_python3_12_site-packages_PyQt6_Qt6_qml_QtQuick_Controls_FluentWinUI3_dark_images_radiobutton-indicator-checked-hovered@3x_png["radiobutton-indicator-checked-hovered@3x.png"]\n    Root --> node_venv["venv"]\n    node_venv --> node_venv_lib["lib"]\n    node_venv_lib --> node_venv_lib_python3_12["python3.12"]\n    node_venv_lib_python3_12 --> node_venv_lib_python3_12_site-packages["site-packages"]\n    node_venv_lib_python3_12_site-packages --> node_venv_lib_python3_12_site-packages_PyQt6["PyQt6"]\n    node_venv_lib_python3_12_site-packages_PyQt6 --> node_venv_lib_python3_12_site-packages_PyQt6_Qt6["Qt6"]\n    node_venv_lib_python3_12_site-packages_PyQt6_Qt6 --> node_venv_lib_python3_12_site-packages_PyQt6_Qt6_qml["qml"]\n    node_venv_lib_python3_12_site-packages_PyQt6_Qt6_qml --> node_venv_lib_python3_12_site-packages_PyQt6_Qt6_qml_QtQuick["QtQuick"]\n    node_venv_lib_python3_12_site-packages_PyQt6_Qt6_qml_QtQuick --> node_venv_lib_python3_12_site-packages_PyQt6_Qt6_qml_QtQuick_Controls["Controls"]\n    node_venv_lib_python3_12_site-packages_PyQt6_Qt6_qml_QtQuick_Controls --> node_venv_lib_python3_12_site-packages_PyQt6_Qt6_qml_QtQuick_Controls_FluentWinUI3["FluentWinUI3"]\n    node_venv_lib_python3_12_site-packages_PyQt6_Qt6_qml_QtQuick_Controls_FluentWinUI3 --> node_venv_lib_python3_12_site-packages_PyQt6_Qt6_qml_QtQuick_Controls_FluentWinUI3_dark["dark"]\n    node_venv_lib_python3_12_site-packages_PyQt6_Qt6_qml_QtQuick_Controls_FluentWinUI3_dark --> node_venv_lib_python3_12_site-packages_PyQt6_Qt6_qml_QtQuick_Controls_FluentWinUI3_dark_images["images"]\n    node_venv_lib_python3_12_site-packages_PyQt6_Qt6_qml_QtQuick_Controls_FluentWinUI3_dark_images --> node_venv_lib_python3_12_site-packages_PyQt6_Qt6_qml_QtQuick_Controls_FluentWinUI3_dark_images_radiobutton-indicator-checked-pressed_png["radiobutton-indicator-checked-pressed.png"]\n    Root --> node_venv["venv"]\n    node_venv --> node_venv_lib["lib"]\n    node_venv_lib --> node_venv_lib_python3_12["python3.12"]\n    node_venv_lib_python3_12 --> node_venv_lib_python3_12_site-packages["site-packages"]\n    node_venv_lib_python3_12_site-packages --> node_venv_lib_python3_12_site-packages_PyQt6["PyQt6"]\n    node_venv_lib_python3_12_site-packages_PyQt6 --> node_venv_lib_python3_12_site-packages_PyQt6_Qt6["Qt6"]\n    node_venv_lib_python3_12_site-packages_PyQt6_Qt6 --> node_venv_lib_python3_12_site-packages_PyQt6_Qt6_qml["qml"]\n    node_venv_lib_python3_12_site-packages_PyQt6_Qt6_qml --> node_venv_lib_python3_12_site-packages_PyQt6_Qt6_qml_QtQuick["QtQuick"]\n    node_venv_lib_python3_12_site-packages_PyQt6_Qt6_qml_QtQuick --> node_venv_lib_python3_12_site-packages_PyQt6_Qt6_qml_QtQuick_Controls["Controls"]\n    node_venv_lib_python3_12_site-packages_PyQt6_Qt6_qml_QtQuick_Controls --> node_venv_lib_python3_12_site-packages_PyQt6_Qt6_qml_QtQuick_Controls_FluentWinUI3["FluentWinUI3"]\n    node_venv_lib_python3_12_site-packages_PyQt6_Qt6_qml_QtQuick_Controls_FluentWinUI3 --> node_venv_lib_python3_12_site-packages_PyQt6_Qt6_qml_QtQuick_Controls_FluentWinUI3_dark["dark"]\n    node_venv_lib_python3_12_site-packages_PyQt6_Qt6_qml_QtQuick_Controls_FluentWinUI3_dark --> node_venv_lib_python3_12_site-packages_PyQt6_Qt6_qml_QtQuick_Controls_FluentWinUI3_dark_images["images"]\n    node_venv_lib_python3_12_site-packages_PyQt6_Qt6_qml_QtQuick_Controls_FluentWinUI3_dark_images --> node_venv_lib_python3_12_site-packages_PyQt6_Qt6_qml_QtQuick_Controls_FluentWinUI3_dark_images_radiobutton-indicator-checked-pressed@2x_png["radiobutton-indicator-checked-pressed@2x.png"]\n    Root --> node_venv["venv"]\n    node_venv --> node_venv_lib["lib"]\n    node_venv_lib --> node_venv_lib_python3_12["python3.12"]\n    node_venv_lib_python3_12 --> node_venv_lib_python3_12_site-packages["site-packages"]\n    node_venv_lib_python3_12_site-packages --> node_venv_lib_python3_12_site-packages_PyQt6["PyQt6"]\n    node_venv_lib_python3_12_site-packages_PyQt6 --> node_venv_lib_python3_12_site-packages_PyQt6_Qt6["Qt6"]\n    node_venv_lib_python3_12_site-packages_PyQt6_Qt6 --> node_venv_lib_python3_12_site-packages_PyQt6_Qt6_qml["qml"]\n    node_venv_lib_python3_12_site-packages_PyQt6_Qt6_qml --> node_venv_lib_python3_12_site-packages_PyQt6_Qt6_qml_QtQuick["QtQuick"]\n    node_venv_lib_python3_12_site-packages_PyQt6_Qt6_qml_QtQuick --> node_venv_lib_python3_12_site-packages_PyQt6_Qt6_qml_QtQuick_Controls["Controls"]\n    node_venv_lib_python3_12_site-packages_PyQt6_Qt6_qml_QtQuick_Controls --> node_venv_lib_python3_12_site-packages_PyQt6_Qt6_qml_QtQuick_Controls_FluentWinUI3["FluentWinUI3"]\n    node_venv_lib_python3_12_site-packages_PyQt6_Qt6_qml_QtQuick_Controls_FluentWinUI3 --> node_venv_lib_python3_12_site-packages_PyQt6_Qt6_qml_QtQuick_Controls_FluentWinUI3_dark["dark"]\n    node_venv_lib_python3_12_site-packages_PyQt6_Qt6_qml_QtQuick_Controls_FluentWinUI3_dark --> node_venv_lib_python3_12_site-packages_PyQt6_Qt6_qml_QtQuick_Controls_FluentWinUI3_dark_images["images"]\n    node_venv_lib_python3_12_site-packages_PyQt6_Qt6_qml_QtQuick_Controls_FluentWinUI3_dark_images --> node_venv_lib_python3_12_site-packages_PyQt6_Qt6_qml_QtQuick_Controls_FluentWinUI3_dark_images_radiobutton-indicator-checked-pressed@3x_png["radiobutton-indicator-checked-pressed@3x.png"]\n    Root --> node_venv["venv"]\n    node_venv --> node_venv_lib["lib"]\n    node_venv_lib --> node_venv_lib_python3_12["python3.12"]\n    node_venv_lib_python3_12 --> node_venv_lib_python3_12_site-packages["site-packages"]\n    node_venv_lib_python3_12_site-packages --> node_venv_lib_python3_12_site-packages_PyQt6["PyQt6"]\n    node_venv_lib_python3_12_site-packages_PyQt6 --> node_venv_lib_python3_12_site-packages_PyQt6_Qt6["Qt6"]\n    node_venv_lib_python3_12_site-packages_PyQt6_Qt6 --> node_venv_lib_python3_12_site-packages_PyQt6_Qt6_qml["qml"]\n    node_venv_lib_python3_12_site-packages_PyQt6_Qt6_qml --> node_venv_lib_python3_12_site-packages_PyQt6_Qt6_qml_QtQuick["QtQuick"]\n    node_venv_lib_python3_12_site-packages_PyQt6_Qt6_qml_QtQuick --> node_venv_lib_python3_12_site-packages_PyQt6_Qt6_qml_QtQuick_Controls["Controls"]\n    node_venv_lib_python3_12_site-packages_PyQt6_Qt6_qml_QtQuick_Controls --> node_venv_lib_python3_12_site-packages_PyQt6_Qt6_qml_QtQuick_Controls_FluentWinUI3["FluentWinUI3"]\n    node_venv_lib_python3_12_site-packages_PyQt6_Qt6_qml_QtQuick_Controls_FluentWinUI3 --> node_venv_lib_python3_12_site-packages_PyQt6_Qt6_qml_QtQuick_Controls_FluentWinUI3_dark["dark"]\n    node_venv_lib_python3_12_site-packages_PyQt6_Qt6_qml_QtQuick_Controls_FluentWinUI3_dark --> node_venv_lib_python3_12_site-packages_PyQt6_Qt6_qml_QtQuick_Controls_FluentWinUI3_dark_images["images"]\n    node_venv_lib_python3_12_site-packages_PyQt6_Qt6_qml_QtQuick_Controls_FluentWinUI3_dark_images --> node_venv_lib_python3_12_site-packages_PyQt6_Qt6_qml_QtQuick_Controls_FluentWinUI3_dark_images_radiobutton-indicator-checked_png["radiobutton-indicator-checked.png"]\n    Root --> node_venv["venv"]\n    node_venv --> node_venv_lib["lib"]\n    node_venv_lib --> node_venv_lib_python3_12["python3.12"]\n    node_venv_lib_python3_12 --> node_venv_lib_python3_12_site-packages["site-packages"]\n    node_venv_lib_python3_12_site-packages --> node_venv_lib_python3_12_site-packages_PyQt6["PyQt6"]\n    node_venv_lib_python3_12_site-packages_PyQt6 --> node_venv_lib_python3_12_site-packages_PyQt6_Qt6["Qt6"]\n    node_venv_lib_python3_12_site-packages_PyQt6_Qt6 --> node_venv_lib_python3_12_site-packages_PyQt6_Qt6_qml["qml"]\n    node_venv_lib_python3_12_site-packages_PyQt6_Qt6_qml --> node_venv_lib_python3_12_site-packages_PyQt6_Qt6_qml_QtQuick["QtQuick"]\n    node_venv_lib_python3_12_site-packages_PyQt6_Qt6_qml_QtQuick --> node_venv_lib_python3_12_site-packages_PyQt6_Qt6_qml_QtQuick_Controls["Controls"]\n    node_venv_lib_python3_12_site-packages_PyQt6_Qt6_qml_QtQuick_Controls --> node_venv_lib_python3_12_site-packages_PyQt6_Qt6_qml_QtQuick_Controls_FluentWinUI3["FluentWinUI3"]\n    node_venv_lib_python3_12_site-packages_PyQt6_Qt6_qml_QtQuick_Controls_FluentWinUI3 --> node_venv_lib_python3_12_site-packages_PyQt6_Qt6_qml_QtQuick_Controls_FluentWinUI3_dark["dark"]\n    node_venv_lib_python3_12_site-packages_PyQt6_Qt6_qml_QtQuick_Controls_FluentWinUI3_dark --> node_venv_lib_python3_12_site-packages_PyQt6_Qt6_qml_QtQuick_Controls_FluentWinUI3_dark_images["images"]\n    node_venv_lib_python3_12_site-packages_PyQt6_Qt6_qml_QtQuick_Controls_FluentWinUI3_dark_images --> node_venv_lib_python3_12_site-packages_PyQt6_Qt6_qml_QtQuick_Controls_FluentWinUI3_dark_images_radiobutton-indicator-checked@2x_png["radiobutton-indicator-checked@2x.png"]\n    Root --> node_venv["venv"]\n    node_venv --> node_venv_lib["lib"]\n    node_venv_lib --> node_venv_lib_python3_12["python3.12"]\n    node_venv_lib_python3_12 --> node_venv_lib_python3_12_site-packages["site-packages"]\n    node_venv_lib_python3_12_site-packages --> node_venv_lib_python3_12_site-packages_PyQt6["PyQt6"]\n    node_venv_lib_python3_12_site-packages_PyQt6 --> node_venv_lib_python3_12_site-packages_PyQt6_Qt6["Qt6"]\n    node_venv_lib_python3_12_site-packages_PyQt6_Qt6 --> node_venv_lib_python3_12_site-packages_PyQt6_Qt6_qml["qml"]\n    node_venv_lib_python3_12_site-packages_PyQt6_Qt6_qml --> node_venv_lib_python3_12_site-packages_PyQt6_Qt6_qml_QtQuick["QtQuick"]\n    node_venv_lib_python3_12_site-packages_PyQt6_Qt6_qml_QtQuick --> node_venv_lib_python3_12_site-packages_PyQt6_Qt6_qml_QtQuick_Controls["Controls"]\n    node_venv_lib_python3_12_site-packages_PyQt6_Qt6_qml_QtQuick_Controls --> node_venv_lib_python3_12_site-packages_PyQt6_Qt6_qml_QtQuick_Controls_FluentWinUI3["FluentWinUI3"]\n    node_venv_lib_python3_12_site-packages_PyQt6_Qt6_qml_QtQuick_Controls_FluentWinUI3 --> node_venv_lib_python3_12_site-packages_PyQt6_Qt6_qml_QtQuick_Controls_FluentWinUI3_dark["dark"]\n    node_venv_lib_python3_12_site-packages_PyQt6_Qt6_qml_QtQuick_Controls_FluentWinUI3_dark --> node_venv_lib_python3_12_site-packages_PyQt6_Qt6_qml_QtQuick_Controls_FluentWinUI3_dark_images["images"]\n    node_venv_lib_python3_12_site-packages_PyQt6_Qt6_qml_QtQuick_Controls_FluentWinUI3_dark_images --> node_venv_lib_python3_12_site-packages_PyQt6_Qt6_qml_QtQuick_Controls_FluentWinUI3_dark_images_radiobutton-indicator-checked@3x_png["radiobutton-indicator-checked@3x.png"]\n    Root --> node_venv["venv"]\n    node_venv --> node_venv_lib["lib"]\n    node_venv_lib --> node_venv_lib_python3_12["python3.12"]\n    node_venv_lib_python3_12 --> node_venv_lib_python3_12_site-packages["site-packages"]\n    node_venv_lib_python3_12_site-packages --> node_venv_lib_python3_12_site-packages_PyQt6["PyQt6"]\n    node_venv_lib_python3_12_site-packages_PyQt6 --> node_venv_lib_python3_12_site-packages_PyQt6_Qt6["Qt6"]\n    node_venv_lib_python3_12_site-packages_PyQt6_Qt6 --> node_venv_lib_python3_12_site-packages_PyQt6_Qt6_qml["qml"]\n    node_venv_lib_python3_12_site-packages_PyQt6_Qt6_qml --> node_venv_lib_python3_12_site-packages_PyQt6_Qt6_qml_QtQuick["QtQuick"]\n    node_venv_lib_python3_12_site-packages_PyQt6_Qt6_qml_QtQuick --> node_venv_lib_python3_12_site-packages_PyQt6_Qt6_qml_QtQuick_Controls["Controls"]\n    node_venv_lib_python3_12_site-packages_PyQt6_Qt6_qml_QtQuick_Controls --> node_venv_lib_python3_12_site-packages_PyQt6_Qt6_qml_QtQuick_Controls_FluentWinUI3["FluentWinUI3"]\n    node_venv_lib_python3_12_site-packages_PyQt6_Qt6_qml_QtQuick_Controls_FluentWinUI3 --> node_venv_lib_python3_12_site-packages_PyQt6_Qt6_qml_QtQuick_Controls_FluentWinUI3_dark["dark"]\n    node_venv_lib_python3_12_site-packages_PyQt6_Qt6_qml_QtQuick_Controls_FluentWinUI3_dark --> node_venv_lib_python3_12_site-packages_PyQt6_Qt6_qml_QtQuick_Controls_FluentWinUI3_dark_images["images"]\n    node_venv_lib_python3_12_site-packages_PyQt6_Qt6_qml_QtQuick_Controls_FluentWinUI3_dark_images --> node_venv_lib_python3_12_site-packages_PyQt6_Qt6_qml_QtQuick_Controls_FluentWinUI3_dark_images_radiobutton-indicator-disabled_png["radiobutton-indicator-disabled.png"]\n    Root --> node_venv["venv"]\n    node_venv --> node_venv_lib["lib"]\n    node_venv_lib --> node_venv_lib_python3_12["python3.12"]\n    node_venv_lib_python3_12 --> node_venv_lib_python3_12_site-packages["site-packages"]\n    node_venv_lib_python3_12_site-packages --> node_venv_lib_python3_12_site-packages_PyQt6["PyQt6"]\n    node_venv_lib_python3_12_site-packages_PyQt6 --> node_venv_lib_python3_12_site-packages_PyQt6_Qt6["Qt6"]\n    node_venv_lib_python3_12_site-packages_PyQt6_Qt6 --> node_venv_lib_python3_12_site-packages_PyQt6_Qt6_qml["qml"]\n    node_venv_lib_python3_12_site-packages_PyQt6_Qt6_qml --> node_venv_lib_python3_12_site-packages_PyQt6_Qt6_qml_QtQuick["QtQuick"]\n    node_venv_lib_python3_12_site-packages_PyQt6_Qt6_qml_QtQuick --> node_venv_lib_python3_12_site-packages_PyQt6_Qt6_qml_QtQuick_Controls["Controls"]\n    node_venv_lib_python3_12_site-packages_PyQt6_Qt6_qml_QtQuick_Controls --> node_venv_lib_python3_12_site-packages_PyQt6_Qt6_qml_QtQuick_Controls_FluentWinUI3["FluentWinUI3"]\n    node_venv_lib_python3_12_site-packages_PyQt6_Qt6_qml_QtQuick_Controls_FluentWinUI3 --> node_venv_lib_python3_12_site-packages_PyQt6_Qt6_qml_QtQuick_Controls_FluentWinUI3_dark["dark"]\n    node_venv_lib_python3_12_site-packages_PyQt6_Qt6_qml_QtQuick_Controls_FluentWinUI3_dark --> node_venv_lib_python3_12_site-packages_PyQt6_Qt6_qml_QtQuick_Controls_FluentWinUI3_dark_images["images"]\n    node_venv_lib_python3_12_site-packages_PyQt6_Qt6_qml_QtQuick_Controls_FluentWinUI3_dark_images --> node_venv_lib_python3_12_site-packages_PyQt6_Qt6_qml_QtQuick_Controls_FluentWinUI3_dark_images_radiobutton-indicator-disabled@2x_png["radiobutton-indicator-disabled@2x.png"]\n    Root --> node_venv["venv"]\n    node_venv --> node_venv_lib["lib"]\n    node_venv_lib --> node_venv_lib_python3_12["python3.12"]\n    node_venv_lib_python3_12 --> node_venv_lib_python3_12_site-packages["site-packages"]\n    node_venv_lib_python3_12_site-packages --> node_venv_lib_python3_12_site-packages_PyQt6["PyQt6"]\n    node_venv_lib_python3_12_site-packages_PyQt6 --> node_venv_lib_python3_12_site-packages_PyQt6_Qt6["Qt6"]\n    node_venv_lib_python3_12_site-packages_PyQt6_Qt6 --> node_venv_lib_python3_12_site-packages_PyQt6_Qt6_qml["qml"]\n    node_venv_lib_python3_12_site-packages_PyQt6_Qt6_qml --> node_venv_lib_python3_12_site-packages_PyQt6_Qt6_qml_QtQuick["QtQuick"]\n    node_venv_lib_python3_12_site-packages_PyQt6_Qt6_qml_QtQuick --> node_venv_lib_python3_12_site-packages_PyQt6_Qt6_qml_QtQuick_Controls["Controls"]\n    node_venv_lib_python3_12_site-packages_PyQt6_Qt6_qml_QtQuick_Controls --> node_venv_lib_python3_12_site-packages_PyQt6_Qt6_qml_QtQuick_Controls_FluentWinUI3["FluentWinUI3"]\n    node_venv_lib_python3_12_site-packages_PyQt6_Qt6_qml_QtQuick_Controls_FluentWinUI3 --> node_venv_lib_python3_12_site-packages_PyQt6_Qt6_qml_QtQuick_Controls_FluentWinUI3_dark["dark"]\n    node_venv_lib_python3_12_site-packages_PyQt6_Qt6_qml_QtQuick_Controls_FluentWinUI3_dark --> node_venv_lib_python3_12_site-packages_PyQt6_Qt6_qml_QtQuick_Controls_FluentWinUI3_dark_images["images"]\n    node_venv_lib_python3_12_site-packages_PyQt6_Qt6_qml_QtQuick_Controls_FluentWinUI3_dark_images --> node_venv_lib_python3_12_site-packages_PyQt6_Qt6_qml_QtQuick_Controls_FluentWinUI3_dark_images_radiobutton-indicator-disabled@3x_png["radiobutton-indicator-disabled@3x.png"]\n    Root --> node_venv["venv"]\n    node_venv --> node_venv_lib["lib"]\n    node_venv_lib --> node_venv_lib_python3_12["python3.12"]\n    node_venv_lib_python3_12 --> node_venv_lib_python3_12_site-packages["site-packages"]\n    node_venv_lib_python3_12_site-packages --> node_venv_lib_python3_12_site-packages_PyQt6["PyQt6"]\n    node_venv_lib_python3_12_site-packages_PyQt6 --> node_venv_lib_python3_12_site-packages_PyQt6_Qt6["Qt6"]\n    node_venv_lib_python3_12_site-packages_PyQt6_Qt6 --> node_venv_lib_python3_12_site-packages_PyQt6_Qt6_qml["qml"]\n    node_venv_lib_python3_12_site-packages_PyQt6_Qt6_qml --> node_venv_lib_python3_12_site-packages_PyQt6_Qt6_qml_QtQuick["QtQuick"]\n    node_venv_lib_python3_12_site-packages_PyQt6_Qt6_qml_QtQuick --> node_venv_lib_python3_12_site-packages_PyQt6_Qt6_qml_QtQuick_Controls["Controls"]\n    node_venv_lib_python3_12_site-packages_PyQt6_Qt6_qml_QtQuick_Controls --> node_venv_lib_python3_12_site-packages_PyQt6_Qt6_qml_QtQuick_Controls_FluentWinUI3["FluentWinUI3"]\n    node_venv_lib_python3_12_site-packages_PyQt6_Qt6_qml_QtQuick_Controls_FluentWinUI3 --> node_venv_lib_python3_12_site-packages_PyQt6_Qt6_qml_QtQuick_Controls_FluentWinUI3_dark["dark"]\n    node_venv_lib_python3_12_site-packages_PyQt6_Qt6_qml_QtQuick_Controls_FluentWinUI3_dark --> node_venv_lib_python3_12_site-packages_PyQt6_Qt6_qml_QtQuick_Controls_FluentWinUI3_dark_images["images"]\n    node_venv_lib_python3_12_site-packages_PyQt6_Qt6_qml_QtQuick_Controls_FluentWinUI3_dark_images --> node_venv_lib_python3_12_site-packages_PyQt6_Qt6_qml_QtQuick_Controls_FluentWinUI3_dark_images_radiobutton-indicator-hovered_png["radiobutton-indicator-hovered.png"]\n    Root --> node_venv["venv"]\n    node_venv --> node_venv_lib["lib"]\n    node_venv_lib --> node_venv_lib_python3_12["python3.12"]\n    node_venv_lib_python3_12 --> node_venv_lib_python3_12_site-packages["site-packages"]\n    node_venv_lib_python3_12_site-packages --> node_venv_lib_python3_12_site-packages_PyQt6["PyQt6"]\n    node_venv_lib_python3_12_site-packages_PyQt6 --> node_venv_lib_python3_12_site-packages_PyQt6_Qt6["Qt6"]\n    node_venv_lib_python3_12_site-packages_PyQt6_Qt6 --> node_venv_lib_python3_12_site-packages_PyQt6_Qt6_qml["qml"]\n    node_venv_lib_python3_12_site-packages_PyQt6_Qt6_qml --> node_venv_lib_python3_12_site-packages_PyQt6_Qt6_qml_QtQuick["QtQuick"]\n    node_venv_lib_python3_12_site-packages_PyQt6_Qt6_qml_QtQuick --> node_venv_lib_python3_12_site-packages_PyQt6_Qt6_qml_QtQuick_Controls["Controls"]\n    node_venv_lib_python3_12_site-packages_PyQt6_Qt6_qml_QtQuick_Controls --> node_venv_lib_python3_12_site-packages_PyQt6_Qt6_qml_QtQuick_Controls_FluentWinUI3["FluentWinUI3"]\n    node_venv_lib_python3_12_site-packages_PyQt6_Qt6_qml_QtQuick_Controls_FluentWinUI3 --> node_venv_lib_python3_12_site-packages_PyQt6_Qt6_qml_QtQuick_Controls_FluentWinUI3_dark["dark"]\n    node_venv_lib_python3_12_site-packages_PyQt6_Qt6_qml_QtQuick_Controls_FluentWinUI3_dark --> node_venv_lib_python3_12_site-packages_PyQt6_Qt6_qml_QtQuick_Controls_FluentWinUI3_dark_images["images"]\n    node_venv_lib_python3_12_site-packages_PyQt6_Qt6_qml_QtQuick_Controls_FluentWinUI3_dark_images --> node_venv_lib_python3_12_site-packages_PyQt6_Qt6_qml_QtQuick_Controls_FluentWinUI3_dark_images_radiobutton-indicator-hovered@2x_png["radiobutton-indicator-hovered@2x.png"]\n    Root --> node_venv["venv"]\n    node_venv --> node_venv_lib["lib"]\n    node_venv_lib --> node_venv_lib_python3_12["python3.12"]\n    node_venv_lib_python3_12 --> node_venv_lib_python3_12_site-packages["site-packages"]\n    node_venv_lib_python3_12_site-packages --> node_venv_lib_python3_12_site-packages_PyQt6["PyQt6"]\n    node_venv_lib_python3_12_site-packages_PyQt6 --> node_venv_lib_python3_12_site-packages_PyQt6_Qt6["Qt6"]\n    node_venv_lib_python3_12_site-packages_PyQt6_Qt6 --> node_venv_lib_python3_12_site-packages_PyQt6_Qt6_qml["qml"]\n    node_venv_lib_python3_12_site-packages_PyQt6_Qt6_qml --> node_venv_lib_python3_12_site-packages_PyQt6_Qt6_qml_QtQuick["QtQuick"]\n    node_venv_lib_python3_12_site-packages_PyQt6_Qt6_qml_QtQuick --> node_venv_lib_python3_12_site-packages_PyQt6_Qt6_qml_QtQuick_Controls["Controls"]\n    node_venv_lib_python3_12_site-packages_PyQt6_Qt6_qml_QtQuick_Controls --> node_venv_lib_python3_12_site-packages_PyQt6_Qt6_qml_QtQuick_Controls_FluentWinUI3["FluentWinUI3"]\n    node_venv_lib_python3_12_site-packages_PyQt6_Qt6_qml_QtQuick_Controls_FluentWinUI3 --> node_venv_lib_python3_12_site-packages_PyQt6_Qt6_qml_QtQuick_Controls_FluentWinUI3_dark["dark"]\n    node_venv_lib_python3_12_site-packages_PyQt6_Qt6_qml_QtQuick_Controls_FluentWinUI3_dark --> node_venv_lib_python3_12_site-packages_PyQt6_Qt6_qml_QtQuick_Controls_FluentWinUI3_dark_images["images"]\n    node_venv_lib_python3_12_site-packages_PyQt6_Qt6_qml_QtQuick_Controls_FluentWinUI3_dark_images --> node_venv_lib_python3_12_site-packages_PyQt6_Qt6_qml_QtQuick_Controls_FluentWinUI3_dark_images_radiobutton-indicator-hovered@3x_png["radiobutton-indicator-hovered@3x.png"]\n    Root --> node_venv["venv"]\n    node_venv --> node_venv_lib["lib"]\n    node_venv_lib --> node_venv_lib_python3_12["python3.12"]\n    node_venv_lib_python3_12 --> node_venv_lib_python3_12_site-packages["site-packages"]\n    node_venv_lib_python3_12_site-packages --> node_venv_lib_python3_12_site-packages_PyQt6["PyQt6"]\n    node_venv_lib_python3_12_site-packages_PyQt6 --> node_venv_lib_python3_12_site-packages_PyQt6_Qt6["Qt6"]\n    node_venv_lib_python3_12_site-packages_PyQt6_Qt6 --> node_venv_lib_python3_12_site-packages_PyQt6_Qt6_qml["qml"]\n    node_venv_lib_python3_12_site-packages_PyQt6_Qt6_qml --> node_venv_lib_python3_12_site-packages_PyQt6_Qt6_qml_QtQuick["QtQuick"]\n    node_venv_lib_python3_12_site-packages_PyQt6_Qt6_qml_QtQuick --> node_venv_lib_python3_12_site-packages_PyQt6_Qt6_qml_QtQuick_Controls["Controls"]\n    node_venv_lib_python3_12_site-packages_PyQt6_Qt6_qml_QtQuick_Controls --> node_venv_lib_python3_12_site-packages_PyQt6_Qt6_qml_QtQuick_Controls_FluentWinUI3["FluentWinUI3"]\n    node_venv_lib_python3_12_site-packages_PyQt6_Qt6_qml_QtQuick_Controls_FluentWinUI3 --> node_venv_lib_python3_12_site-packages_PyQt6_Qt6_qml_QtQuick_Controls_FluentWinUI3_dark["dark"]\n    node_venv_lib_python3_12_site-packages_PyQt6_Qt6_qml_QtQuick_Controls_FluentWinUI3_dark --> node_venv_lib_python3_12_site-packages_PyQt6_Qt6_qml_QtQuick_Controls_FluentWinUI3_dark_images["images"]\n    node_venv_lib_python3_12_site-packages_PyQt6_Qt6_qml_QtQuick_Controls_FluentWinUI3_dark_images --> node_venv_lib_python3_12_site-packages_PyQt6_Qt6_qml_QtQuick_Controls_FluentWinUI3_dark_images_radiobutton-indicator-pressed_png["radiobutton-indicator-pressed.png"]\n    Root --> node_venv["venv"]\n    node_venv --> node_venv_lib["lib"]\n    node_venv_lib --> node_venv_lib_python3_12["python3.12"]\n    node_venv_lib_python3_12 --> node_venv_lib_python3_12_site-packages["site-packages"]\n    node_venv_lib_python3_12_site-packages --> node_venv_lib_python3_12_site-packages_PyQt6["PyQt6"]\n    node_venv_lib_python3_12_site-packages_PyQt6 --> node_venv_lib_python3_12_site-packages_PyQt6_Qt6["Qt6"]\n    node_venv_lib_python3_12_site-packages_PyQt6_Qt6 --> node_venv_lib_python3_12_site-packages_PyQt6_Qt6_qml["qml"]\n    node_venv_lib_python3_12_site-packages_PyQt6_Qt6_qml --> node_venv_lib_python3_12_site-packages_PyQt6_Qt6_qml_QtQuick["QtQuick"]\n    node_venv_lib_python3_12_site-packages_PyQt6_Qt6_qml_QtQuick --> node_venv_lib_python3_12_site-packages_PyQt6_Qt6_qml_QtQuick_Controls["Controls"]\n    node_venv_lib_python3_12_site-packages_PyQt6_Qt6_qml_QtQuick_Controls --> node_venv_lib_python3_12_site-packages_PyQt6_Qt6_qml_QtQuick_Controls_FluentWinUI3["FluentWinUI3"]\n    node_venv_lib_python3_12_site-packages_PyQt6_Qt6_qml_QtQuick_Controls_FluentWinUI3 --> node_venv_lib_python3_12_site-packages_PyQt6_Qt6_qml_QtQuick_Controls_FluentWinUI3_dark["dark"]\n    node_venv_lib_python3_12_site-packages_PyQt6_Qt6_qml_QtQuick_Controls_FluentWinUI3_dark --> node_venv_lib_python3_12_site-packages_PyQt6_Qt6_qml_QtQuick_Controls_FluentWinUI3_dark_images["images"]\n    node_venv_lib_python3_12_site-packages_PyQt6_Qt6_qml_QtQuick_Controls_FluentWinUI3_dark_images --> node_venv_lib_python3_12_site-packages_PyQt6_Qt6_qml_QtQuick_Controls_FluentWinUI3_dark_images_radiobutton-indicator-pressed@2x_png["radiobutton-indicator-pressed@2x.png"]\n    Root --> node_venv["venv"]\n    node_venv --> node_venv_lib["lib"]\n    node_venv_lib --> node_venv_lib_python3_12["python3.12"]\n    node_venv_lib_python3_12 --> node_venv_lib_python3_12_site-packages["site-packages"]\n    node_venv_lib_python3_12_site-packages --> node_venv_lib_python3_12_site-packages_PyQt6["PyQt6"]\n    node_venv_lib_python3_12_site-packages_PyQt6 --> node_venv_lib_python3_12_site-packages_PyQt6_Qt6["Qt6"]\n    node_venv_lib_python3_12_site-packages_PyQt6_Qt6 --> node_venv_lib_python3_12_site-packages_PyQt6_Qt6_qml["qml"]\n    node_venv_lib_python3_12_site-packages_PyQt6_Qt6_qml --> node_venv_lib_python3_12_site-packages_PyQt6_Qt6_qml_QtQuick["QtQuick"]\n    node_venv_lib_python3_12_site-packages_PyQt6_Qt6_qml_QtQuick --> node_venv_lib_python3_12_site-packages_PyQt6_Qt6_qml_QtQuick_Controls["Controls"]\n    node_venv_lib_python3_12_site-packages_PyQt6_Qt6_qml_QtQuick_Controls --> node_venv_lib_python3_12_site-packages_PyQt6_Qt6_qml_QtQuick_Controls_FluentWinUI3["FluentWinUI3"]\n    node_venv_lib_python3_12_site-packages_PyQt6_Qt6_qml_QtQuick_Controls_FluentWinUI3 --> node_venv_lib_python3_12_site-packages_PyQt6_Qt6_qml_QtQuick_Controls_FluentWinUI3_dark["dark"]\n    node_venv_lib_python3_12_site-packages_PyQt6_Qt6_qml_QtQuick_Controls_FluentWinUI3_dark --> node_venv_lib_python3_12_site-packages_PyQt6_Qt6_qml_QtQuick_Controls_FluentWinUI3_dark_images["images"]\n    node_venv_lib_python3_12_site-packages_PyQt6_Qt6_qml_QtQuick_Controls_FluentWinUI3_dark_images --> node_venv_lib_python3_12_site-packages_PyQt6_Qt6_qml_QtQuick_Controls_FluentWinUI3_dark_images_radiobutton-indicator-pressed@3x_png["radiobutton-indicator-pressed@3x.png"]\n    Root --> node_venv["venv"]\n    node_venv --> node_venv_lib["lib"]\n    node_venv_lib --> node_venv_lib_python3_12["python3.12"]\n    node_venv_lib_python3_12 --> node_venv_lib_python3_12_site-packages["site-packages"]\n    node_venv_lib_python3_12_site-packages --> node_venv_lib_python3_12_site-packages_PyQt6["PyQt6"]\n    node_venv_lib_python3_12_site-packages_PyQt6 --> node_venv_lib_python3_12_site-packages_PyQt6_Qt6["Qt6"]\n    node_venv_lib_python3_12_site-packages_PyQt6_Qt6 --> node_venv_lib_python3_12_site-packages_PyQt6_Qt6_qml["qml"]\n    node_venv_lib_python3_12_site-packages_PyQt6_Qt6_qml --> node_venv_lib_python3_12_site-packages_PyQt6_Qt6_qml_QtQuick["QtQuick"]\n    node_venv_lib_python3_12_site-packages_PyQt6_Qt6_qml_QtQuick --> node_venv_lib_python3_12_site-packages_PyQt6_Qt6_qml_QtQuick_Controls["Controls"]\n    node_venv_lib_python3_12_site-packages_PyQt6_Qt6_qml_QtQuick_Controls --> node_venv_lib_python3_12_site-packages_PyQt6_Qt6_qml_QtQuick_Controls_FluentWinUI3["FluentWinUI3"]\n    node_venv_lib_python3_12_site-packages_PyQt6_Qt6_qml_QtQuick_Controls_FluentWinUI3 --> node_venv_lib_python3_12_site-packages_PyQt6_Qt6_qml_QtQuick_Controls_FluentWinUI3_dark["dark"]\n    node_venv_lib_python3_12_site-packages_PyQt6_Qt6_qml_QtQuick_Controls_FluentWinUI3_dark --> node_venv_lib_python3_12_site-packages_PyQt6_Qt6_qml_QtQuick_Controls_FluentWinUI3_dark_images["images"]\n    node_venv_lib_python3_12_site-packages_PyQt6_Qt6_qml_QtQuick_Controls_FluentWinUI3_dark_images --> node_venv_lib_python3_12_site-packages_PyQt6_Qt6_qml_QtQuick_Controls_FluentWinUI3_dark_images_radiobutton-indicator_png["radiobutton-indicator.png"]\n    Root --> node_venv["venv"]\n    node_venv --> node_venv_lib["lib"]\n    node_venv_lib --> node_venv_lib_python3_12["python3.12"]\n    node_venv_lib_python3_12 --> node_venv_lib_python3_12_site-packages["site-packages"]\n    node_venv_lib_python3_12_site-packages --> node_venv_lib_python3_12_site-packages_PyQt6["PyQt6"]\n    node_venv_lib_python3_12_site-packages_PyQt6 --> node_venv_lib_python3_12_site-packages_PyQt6_Qt6["Qt6"]\n    node_venv_lib_python3_12_site-packages_PyQt6_Qt6 --> node_venv_lib_python3_12_site-packages_PyQt6_Qt6_qml["qml"]\n    node_venv_lib_python3_12_site-packages_PyQt6_Qt6_qml --> node_venv_lib_python3_12_site-packages_PyQt6_Qt6_qml_QtQuick["QtQuick"]\n    node_venv_lib_python3_12_site-packages_PyQt6_Qt6_qml_QtQuick --> node_venv_lib_python3_12_site-packages_PyQt6_Qt6_qml_QtQuick_Controls["Controls"]\n    node_venv_lib_python3_12_site-packages_PyQt6_Qt6_qml_QtQuick_Controls --> node_venv_lib_python3_12_site-packages_PyQt6_Qt6_qml_QtQuick_Controls_FluentWinUI3["FluentWinUI3"]\n    node_venv_lib_python3_12_site-packages_PyQt6_Qt6_qml_QtQuick_Controls_FluentWinUI3 --> node_venv_lib_python3_12_site-packages_PyQt6_Qt6_qml_QtQuick_Controls_FluentWinUI3_dark["dark"]\n    node_venv_lib_python3_12_site-packages_PyQt6_Qt6_qml_QtQuick_Controls_FluentWinUI3_dark --> node_venv_lib_python3_12_site-packages_PyQt6_Qt6_qml_QtQuick_Controls_FluentWinUI3_dark_images["images"]\n    node_venv_lib_python3_12_site-packages_PyQt6_Qt6_qml_QtQuick_Controls_FluentWinUI3_dark_images --> node_venv_lib_python3_12_site-packages_PyQt6_Qt6_qml_QtQuick_Controls_FluentWinUI3_dark_images_radiobutton-indicator@2x_png["radiobutton-indicator@2x.png"]\n    Root --> node_venv["venv"]\n    node_venv --> node_venv_lib["lib"]\n    node_venv_lib --> node_venv_lib_python3_12["python3.12"]\n    node_venv_lib_python3_12 --> node_venv_lib_python3_12_site-packages["site-packages"]\n    node_venv_lib_python3_12_site-packages --> node_venv_lib_python3_12_site-packages_PyQt6["PyQt6"]\n    node_venv_lib_python3_12_site-packages_PyQt6 --> node_venv_lib_python3_12_site-packages_PyQt6_Qt6["Qt6"]\n    node_venv_lib_python3_12_site-packages_PyQt6_Qt6 --> node_venv_lib_python3_12_site-packages_PyQt6_Qt6_qml["qml"]\n    node_venv_lib_python3_12_site-packages_PyQt6_Qt6_qml --> node_venv_lib_python3_12_site-packages_PyQt6_Qt6_qml_QtQuick["QtQuick"]\n    node_venv_lib_python3_12_site-packages_PyQt6_Qt6_qml_QtQuick --> node_venv_lib_python3_12_site-packages_PyQt6_Qt6_qml_QtQuick_Controls["Controls"]\n    node_venv_lib_python3_12_site-packages_PyQt6_Qt6_qml_QtQuick_Controls --> node_venv_lib_python3_12_site-packages_PyQt6_Qt6_qml_QtQuick_Controls_FluentWinUI3["FluentWinUI3"]\n    node_venv_lib_python3_12_site-packages_PyQt6_Qt6_qml_QtQuick_Controls_FluentWinUI3 --> node_venv_lib_python3_12_site-packages_PyQt6_Qt6_qml_QtQuick_Controls_FluentWinUI3_dark["dark"]\n    node_venv_lib_python3_12_site-packages_PyQt6_Qt6_qml_QtQuick_Controls_FluentWinUI3_dark --> node_venv_lib_python3_12_site-packages_PyQt6_Qt6_qml_QtQuick_Controls_FluentWinUI3_dark_images["images"]\n    node_venv_lib_python3_12_site-packages_PyQt6_Qt6_qml_QtQuick_Controls_FluentWinUI3_dark_images --> node_venv_lib_python3_12_site-packages_PyQt6_Qt6_qml_QtQuick_Controls_FluentWinUI3_dark_images_radiobutton-indicator@3x_png["radiobutton-indicator@3x.png"]\n    Root --> node_venv["venv"]\n    node_venv --> node_venv_lib["lib"]\n    node_venv_lib --> node_venv_lib_python3_12["python3.12"]\n    node_venv_lib_python3_12 --> node_venv_lib_python3_12_site-packages["site-packages"]\n    node_venv_lib_python3_12_site-packages --> node_venv_lib_python3_12_site-packages_PyQt6["PyQt6"]\n    node_venv_lib_python3_12_site-packages_PyQt6 --> node_venv_lib_python3_12_site-packages_PyQt6_Qt6["Qt6"]\n    node_venv_lib_python3_12_site-packages_PyQt6_Qt6 --> node_venv_lib_python3_12_site-packages_PyQt6_Qt6_qml["qml"]\n    node_venv_lib_python3_12_site-packages_PyQt6_Qt6_qml --> node_venv_lib_python3_12_site-packages_PyQt6_Qt6_qml_QtQuick["QtQuick"]\n    node_venv_lib_python3_12_site-packages_PyQt6_Qt6_qml_QtQuick --> node_venv_lib_python3_12_site-packages_PyQt6_Qt6_qml_QtQuick_Controls["Controls"]\n    node_venv_lib_python3_12_site-packages_PyQt6_Qt6_qml_QtQuick_Controls --> node_venv_lib_python3_12_site-packages_PyQt6_Qt6_qml_QtQuick_Controls_FluentWinUI3["FluentWinUI3"]\n    node_venv_lib_python3_12_site-packages_PyQt6_Qt6_qml_QtQuick_Controls_FluentWinUI3 --> node_venv_lib_python3_12_site-packages_PyQt6_Qt6_qml_QtQuick_Controls_FluentWinUI3_dark["dark"]\n    node_venv_lib_python3_12_site-packages_PyQt6_Qt6_qml_QtQuick_Controls_FluentWinUI3_dark --> node_venv_lib_python3_12_site-packages_PyQt6_Qt6_qml_QtQuick_Controls_FluentWinUI3_dark_images["images"]\n    node_venv_lib_python3_12_site-packages_PyQt6_Qt6_qml_QtQuick_Controls_FluentWinUI3_dark_images --> node_venv_lib_python3_12_site-packages_PyQt6_Qt6_qml_QtQuick_Controls_FluentWinUI3_dark_images_rangeslider-first-handle-disabled_png["rangeslider-first-handle-disabled.png"]\n    Root --> node_venv["venv"]\n    node_venv --> node_venv_lib["lib"]\n    node_venv_lib --> node_venv_lib_python3_12["python3.12"]\n    node_venv_lib_python3_12 --> node_venv_lib_python3_12_site-packages["site-packages"]\n    node_venv_lib_python3_12_site-packages --> node_venv_lib_python3_12_site-packages_PyQt6["PyQt6"]\n    node_venv_lib_python3_12_site-packages_PyQt6 --> node_venv_lib_python3_12_site-packages_PyQt6_Qt6["Qt6"]\n    node_venv_lib_python3_12_site-packages_PyQt6_Qt6 --> node_venv_lib_python3_12_site-packages_PyQt6_Qt6_qml["qml"]\n    node_venv_lib_python3_12_site-packages_PyQt6_Qt6_qml --> node_venv_lib_python3_12_site-packages_PyQt6_Qt6_qml_QtQuick["QtQuick"]\n    node_venv_lib_python3_12_site-packages_PyQt6_Qt6_qml_QtQuick --> node_venv_lib_python3_12_site-packages_PyQt6_Qt6_qml_QtQuick_Controls["Controls"]\n    node_venv_lib_python3_12_site-packages_PyQt6_Qt6_qml_QtQuick_Controls --> node_venv_lib_python3_12_site-packages_PyQt6_Qt6_qml_QtQuick_Controls_FluentWinUI3["FluentWinUI3"]\n    node_venv_lib_python3_12_site-packages_PyQt6_Qt6_qml_QtQuick_Controls_FluentWinUI3 --> node_venv_lib_python3_12_site-packages_PyQt6_Qt6_qml_QtQuick_Controls_FluentWinUI3_dark["dark"]\n    node_venv_lib_python3_12_site-packages_PyQt6_Qt6_qml_QtQuick_Controls_FluentWinUI3_dark --> node_venv_lib_python3_12_site-packages_PyQt6_Qt6_qml_QtQuick_Controls_FluentWinUI3_dark_images["images"]\n    node_venv_lib_python3_12_site-packages_PyQt6_Qt6_qml_QtQuick_Controls_FluentWinUI3_dark_images --> node_venv_lib_python3_12_site-packages_PyQt6_Qt6_qml_QtQuick_Controls_FluentWinUI3_dark_images_rangeslider-first-handle-disabled@2x_png["rangeslider-first-handle-disabled@2x.png"]\n    Root --> node_venv["venv"]\n    node_venv --> node_venv_lib["lib"]\n    node_venv_lib --> node_venv_lib_python3_12["python3.12"]\n    node_venv_lib_python3_12 --> node_venv_lib_python3_12_site-packages["site-packages"]\n    node_venv_lib_python3_12_site-packages --> node_venv_lib_python3_12_site-packages_PyQt6["PyQt6"]\n    node_venv_lib_python3_12_site-packages_PyQt6 --> node_venv_lib_python3_12_site-packages_PyQt6_Qt6["Qt6"]\n    node_venv_lib_python3_12_site-packages_PyQt6_Qt6 --> node_venv_lib_python3_12_site-packages_PyQt6_Qt6_qml["qml"]\n    node_venv_lib_python3_12_site-packages_PyQt6_Qt6_qml --> node_venv_lib_python3_12_site-packages_PyQt6_Qt6_qml_QtQuick["QtQuick"]\n    node_venv_lib_python3_12_site-packages_PyQt6_Qt6_qml_QtQuick --> node_venv_lib_python3_12_site-packages_PyQt6_Qt6_qml_QtQuick_Controls["Controls"]\n    node_venv_lib_python3_12_site-packages_PyQt6_Qt6_qml_QtQuick_Controls --> node_venv_lib_python3_12_site-packages_PyQt6_Qt6_qml_QtQuick_Controls_FluentWinUI3["FluentWinUI3"]\n    node_venv_lib_python3_12_site-packages_PyQt6_Qt6_qml_QtQuick_Controls_FluentWinUI3 --> node_venv_lib_python3_12_site-packages_PyQt6_Qt6_qml_QtQuick_Controls_FluentWinUI3_dark["dark"]\n    node_venv_lib_python3_12_site-packages_PyQt6_Qt6_qml_QtQuick_Controls_FluentWinUI3_dark --> node_venv_lib_python3_12_site-packages_PyQt6_Qt6_qml_QtQuick_Controls_FluentWinUI3_dark_images["images"]\n    node_venv_lib_python3_12_site-packages_PyQt6_Qt6_qml_QtQuick_Controls_FluentWinUI3_dark_images --> node_venv_lib_python3_12_site-packages_PyQt6_Qt6_qml_QtQuick_Controls_FluentWinUI3_dark_images_rangeslider-first-handle-disabled@3x_png["rangeslider-first-handle-disabled@3x.png"]\n    Root --> node_venv["venv"]\n    node_venv --> node_venv_lib["lib"]\n    node_venv_lib --> node_venv_lib_python3_12["python3.12"]\n    node_venv_lib_python3_12 --> node_venv_lib_python3_12_site-packages["site-packages"]\n    node_venv_lib_python3_12_site-packages --> node_venv_lib_python3_12_site-packages_PyQt6["PyQt6"]\n    node_venv_lib_python3_12_site-packages_PyQt6 --> node_venv_lib_python3_12_site-packages_PyQt6_Qt6["Qt6"]\n    node_venv_lib_python3_12_site-packages_PyQt6_Qt6 --> node_venv_lib_python3_12_site-packages_PyQt6_Qt6_qml["qml"]\n    node_venv_lib_python3_12_site-packages_PyQt6_Qt6_qml --> node_venv_lib_python3_12_site-packages_PyQt6_Qt6_qml_QtQuick["QtQuick"]\n    node_venv_lib_python3_12_site-packages_PyQt6_Qt6_qml_QtQuick --> node_venv_lib_python3_12_site-packages_PyQt6_Qt6_qml_QtQuick_Controls["Controls"]\n    node_venv_lib_python3_12_site-packages_PyQt6_Qt6_qml_QtQuick_Controls --> node_venv_lib_python3_12_site-packages_PyQt6_Qt6_qml_QtQuick_Controls_FluentWinUI3["FluentWinUI3"]\n    node_venv_lib_python3_12_site-packages_PyQt6_Qt6_qml_QtQuick_Controls_FluentWinUI3 --> node_venv_lib_python3_12_site-packages_PyQt6_Qt6_qml_QtQuick_Controls_FluentWinUI3_dark["dark"]\n    node_venv_lib_python3_12_site-packages_PyQt6_Qt6_qml_QtQuick_Controls_FluentWinUI3_dark --> node_venv_lib_python3_12_site-packages_PyQt6_Qt6_qml_QtQuick_Controls_FluentWinUI3_dark_images["images"]\n    node_venv_lib_python3_12_site-packages_PyQt6_Qt6_qml_QtQuick_Controls_FluentWinUI3_dark_images --> node_venv_lib_python3_12_site-packages_PyQt6_Qt6_qml_QtQuick_Controls_FluentWinUI3_dark_images_rangeslider-first-handle-handle-pressed_png["rangeslider-first-handle-handle-pressed.png"]\n    Root --> node_venv["venv"]\n    node_venv --> node_venv_lib["lib"]\n    node_venv_lib --> node_venv_lib_python3_12["python3.12"]\n    node_venv_lib_python3_12 --> node_venv_lib_python3_12_site-packages["site-packages"]\n    node_venv_lib_python3_12_site-packages --> node_venv_lib_python3_12_site-packages_PyQt6["PyQt6"]\n    node_venv_lib_python3_12_site-packages_PyQt6 --> node_venv_lib_python3_12_site-packages_PyQt6_Qt6["Qt6"]\n    node_venv_lib_python3_12_site-packages_PyQt6_Qt6 --> node_venv_lib_python3_12_site-packages_PyQt6_Qt6_qml["qml"]\n    node_venv_lib_python3_12_site-packages_PyQt6_Qt6_qml --> node_venv_lib_python3_12_site-packages_PyQt6_Qt6_qml_QtQuick["QtQuick"]\n    node_venv_lib_python3_12_site-packages_PyQt6_Qt6_qml_QtQuick --> node_venv_lib_python3_12_site-packages_PyQt6_Qt6_qml_QtQuick_Controls["Controls"]\n    node_venv_lib_python3_12_site-packages_PyQt6_Qt6_qml_QtQuick_Controls --> node_venv_lib_python3_12_site-packages_PyQt6_Qt6_qml_QtQuick_Controls_FluentWinUI3["FluentWinUI3"]\n    node_venv_lib_python3_12_site-packages_PyQt6_Qt6_qml_QtQuick_Controls_FluentWinUI3 --> node_venv_lib_python3_12_site-packages_PyQt6_Qt6_qml_QtQuick_Controls_FluentWinUI3_dark["dark"]\n    node_venv_lib_python3_12_site-packages_PyQt6_Qt6_qml_QtQuick_Controls_FluentWinUI3_dark --> node_venv_lib_python3_12_site-packages_PyQt6_Qt6_qml_QtQuick_Controls_FluentWinUI3_dark_images["images"]\n    node_venv_lib_python3_12_site-packages_PyQt6_Qt6_qml_QtQuick_Controls_FluentWinUI3_dark_images --> node_venv_lib_python3_12_site-packages_PyQt6_Qt6_qml_QtQuick_Controls_FluentWinUI3_dark_images_rangeslider-first-handle-handle-pressed@2x_png["rangeslider-first-handle-handle-pressed@2x.png"]\n    Root --> node_venv["venv"]\n    node_venv --> node_venv_lib["lib"]\n    node_venv_lib --> node_venv_lib_python3_12["python3.12"]\n    node_venv_lib_python3_12 --> node_venv_lib_python3_12_site-packages["site-packages"]\n    node_venv_lib_python3_12_site-packages --> node_venv_lib_python3_12_site-packages_PyQt6["PyQt6"]\n    node_venv_lib_python3_12_site-packages_PyQt6 --> node_venv_lib_python3_12_site-packages_PyQt6_Qt6["Qt6"]\n    node_venv_lib_python3_12_site-packages_PyQt6_Qt6 --> node_venv_lib_python3_12_site-packages_PyQt6_Qt6_qml["qml"]\n    node_venv_lib_python3_12_site-packages_PyQt6_Qt6_qml --> node_venv_lib_python3_12_site-packages_PyQt6_Qt6_qml_QtQuick["QtQuick"]\n    node_venv_lib_python3_12_site-packages_PyQt6_Qt6_qml_QtQuick --> node_venv_lib_python3_12_site-packages_PyQt6_Qt6_qml_QtQuick_Controls["Controls"]\n    node_venv_lib_python3_12_site-packages_PyQt6_Qt6_qml_QtQuick_Controls --> node_venv_lib_python3_12_site-packages_PyQt6_Qt6_qml_QtQuick_Controls_FluentWinUI3["FluentWinUI3"]\n    node_venv_lib_python3_12_site-packages_PyQt6_Qt6_qml_QtQuick_Controls_FluentWinUI3 --> node_venv_lib_python3_12_site-packages_PyQt6_Qt6_qml_QtQuick_Controls_FluentWinUI3_dark["dark"]\n    node_venv_lib_python3_12_site-packages_PyQt6_Qt6_qml_QtQuick_Controls_FluentWinUI3_dark --> node_venv_lib_python3_12_site-packages_PyQt6_Qt6_qml_QtQuick_Controls_FluentWinUI3_dark_images["images"]\n    node_venv_lib_python3_12_site-packages_PyQt6_Qt6_qml_QtQuick_Controls_FluentWinUI3_dark_images --> node_venv_lib_python3_12_site-packages_PyQt6_Qt6_qml_QtQuick_Controls_FluentWinUI3_dark_images_rangeslider-first-handle-handle-pressed@3x_png["rangeslider-first-handle-handle-pressed@3x.png"]\n    Root --> node_venv["venv"]\n    node_venv --> node_venv_lib["lib"]\n    node_venv_lib --> node_venv_lib_python3_12["python3.12"]\n    node_venv_lib_python3_12 --> node_venv_lib_python3_12_site-packages["site-packages"]\n    node_venv_lib_python3_12_site-packages --> node_venv_lib_python3_12_site-packages_PyQt6["PyQt6"]\n    node_venv_lib_python3_12_site-packages_PyQt6 --> node_venv_lib_python3_12_site-packages_PyQt6_Qt6["Qt6"]\n    node_venv_lib_python3_12_site-packages_PyQt6_Qt6 --> node_venv_lib_python3_12_site-packages_PyQt6_Qt6_qml["qml"]\n    node_venv_lib_python3_12_site-packages_PyQt6_Qt6_qml --> node_venv_lib_python3_12_site-packages_PyQt6_Qt6_qml_QtQuick["QtQuick"]\n    node_venv_lib_python3_12_site-packages_PyQt6_Qt6_qml_QtQuick --> node_venv_lib_python3_12_site-packages_PyQt6_Qt6_qml_QtQuick_Controls["Controls"]\n    node_venv_lib_python3_12_site-packages_PyQt6_Qt6_qml_QtQuick_Controls --> node_venv_lib_python3_12_site-packages_PyQt6_Qt6_qml_QtQuick_Controls_FluentWinUI3["FluentWinUI3"]\n    node_venv_lib_python3_12_site-packages_PyQt6_Qt6_qml_QtQuick_Controls_FluentWinUI3 --> node_venv_lib_python3_12_site-packages_PyQt6_Qt6_qml_QtQuick_Controls_FluentWinUI3_dark["dark"]\n    node_venv_lib_python3_12_site-packages_PyQt6_Qt6_qml_QtQuick_Controls_FluentWinUI3_dark --> node_venv_lib_python3_12_site-packages_PyQt6_Qt6_qml_QtQuick_Controls_FluentWinUI3_dark_images["images"]\n    node_venv_lib_python3_12_site-packages_PyQt6_Qt6_qml_QtQuick_Controls_FluentWinUI3_dark_images --> node_venv_lib_python3_12_site-packages_PyQt6_Qt6_qml_QtQuick_Controls_FluentWinUI3_dark_images_rangeslider-first-handle-hovered_png["rangeslider-first-handle-hovered.png"]\n    Root --> node_venv["venv"]\n    node_venv --> node_venv_lib["lib"]\n    node_venv_lib --> node_venv_lib_python3_12["python3.12"]\n    node_venv_lib_python3_12 --> node_venv_lib_python3_12_site-packages["site-packages"]\n    node_venv_lib_python3_12_site-packages --> node_venv_lib_python3_12_site-packages_PyQt6["PyQt6"]\n    node_venv_lib_python3_12_site-packages_PyQt6 --> node_venv_lib_python3_12_site-packages_PyQt6_Qt6["Qt6"]\n    node_venv_lib_python3_12_site-packages_PyQt6_Qt6 --> node_venv_lib_python3_12_site-packages_PyQt6_Qt6_qml["qml"]\n    node_venv_lib_python3_12_site-packages_PyQt6_Qt6_qml --> node_venv_lib_python3_12_site-packages_PyQt6_Qt6_qml_QtQuick["QtQuick"]\n    node_venv_lib_python3_12_site-packages_PyQt6_Qt6_qml_QtQuick --> node_venv_lib_python3_12_site-packages_PyQt6_Qt6_qml_QtQuick_Controls["Controls"]\n    node_venv_lib_python3_12_site-packages_PyQt6_Qt6_qml_QtQuick_Controls --> node_venv_lib_python3_12_site-packages_PyQt6_Qt6_qml_QtQuick_Controls_FluentWinUI3["FluentWinUI3"]\n    node_venv_lib_python3_12_site-packages_PyQt6_Qt6_qml_QtQuick_Controls_FluentWinUI3 --> node_venv_lib_python3_12_site-packages_PyQt6_Qt6_qml_QtQuick_Controls_FluentWinUI3_dark["dark"]\n    node_venv_lib_python3_12_site-packages_PyQt6_Qt6_qml_QtQuick_Controls_FluentWinUI3_dark --> node_venv_lib_python3_12_site-packages_PyQt6_Qt6_qml_QtQuick_Controls_FluentWinUI3_dark_images["images"]\n    node_venv_lib_python3_12_site-packages_PyQt6_Qt6_qml_QtQuick_Controls_FluentWinUI3_dark_images --> node_venv_lib_python3_12_site-packages_PyQt6_Qt6_qml_QtQuick_Controls_FluentWinUI3_dark_images_rangeslider-first-handle-hovered@2x_png["rangeslider-first-handle-hovered@2x.png"]\n    Root --> node_venv["venv"]\n    node_venv --> node_venv_lib["lib"]\n    node_venv_lib --> node_venv_lib_python3_12["python3.12"]\n    node_venv_lib_python3_12 --> node_venv_lib_python3_12_site-packages["site-packages"]\n    node_venv_lib_python3_12_site-packages --> node_venv_lib_python3_12_site-packages_PyQt6["PyQt6"]\n    node_venv_lib_python3_12_site-packages_PyQt6 --> node_venv_lib_python3_12_site-packages_PyQt6_Qt6["Qt6"]\n    node_venv_lib_python3_12_site-packages_PyQt6_Qt6 --> node_venv_lib_python3_12_site-packages_PyQt6_Qt6_qml["qml"]\n    node_venv_lib_python3_12_site-packages_PyQt6_Qt6_qml --> node_venv_lib_python3_12_site-packages_PyQt6_Qt6_qml_QtQuick["QtQuick"]\n    node_venv_lib_python3_12_site-packages_PyQt6_Qt6_qml_QtQuick --> node_venv_lib_python3_12_site-packages_PyQt6_Qt6_qml_QtQuick_Controls["Controls"]\n    node_venv_lib_python3_12_site-packages_PyQt6_Qt6_qml_QtQuick_Controls --> node_venv_lib_python3_12_site-packages_PyQt6_Qt6_qml_QtQuick_Controls_FluentWinUI3["FluentWinUI3"]\n    node_venv_lib_python3_12_site-packages_PyQt6_Qt6_qml_QtQuick_Controls_FluentWinUI3 --> node_venv_lib_python3_12_site-packages_PyQt6_Qt6_qml_QtQuick_Controls_FluentWinUI3_dark["dark"]\n    node_venv_lib_python3_12_site-packages_PyQt6_Qt6_qml_QtQuick_Controls_FluentWinUI3_dark --> node_venv_lib_python3_12_site-packages_PyQt6_Qt6_qml_QtQuick_Controls_FluentWinUI3_dark_images["images"]\n    node_venv_lib_python3_12_site-packages_PyQt6_Qt6_qml_QtQuick_Controls_FluentWinUI3_dark_images --> node_venv_lib_python3_12_site-packages_PyQt6_Qt6_qml_QtQuick_Controls_FluentWinUI3_dark_images_rangeslider-first-handle-hovered@3x_png["rangeslider-first-handle-hovered@3x.png"]\n    Root --> node_venv["venv"]\n    node_venv --> node_venv_lib["lib"]\n    node_venv_lib --> node_venv_lib_python3_12["python3.12"]\n    node_venv_lib_python3_12 --> node_venv_lib_python3_12_site-packages["site-packages"]\n    node_venv_lib_python3_12_site-packages --> node_venv_lib_python3_12_site-packages_PyQt6["PyQt6"]\n    node_venv_lib_python3_12_site-packages_PyQt6 --> node_venv_lib_python3_12_site-packages_PyQt6_Qt6["Qt6"]\n    node_venv_lib_python3_12_site-packages_PyQt6_Qt6 --> node_venv_lib_python3_12_site-packages_PyQt6_Qt6_qml["qml"]\n    node_venv_lib_python3_12_site-packages_PyQt6_Qt6_qml --> node_venv_lib_python3_12_site-packages_PyQt6_Qt6_qml_QtQuick["QtQuick"]\n    node_venv_lib_python3_12_site-packages_PyQt6_Qt6_qml_QtQuick --> node_venv_lib_python3_12_site-packages_PyQt6_Qt6_qml_QtQuick_Controls["Controls"]\n    node_venv_lib_python3_12_site-packages_PyQt6_Qt6_qml_QtQuick_Controls --> node_venv_lib_python3_12_site-packages_PyQt6_Qt6_qml_QtQuick_Controls_FluentWinUI3["FluentWinUI3"]\n    node_venv_lib_python3_12_site-packages_PyQt6_Qt6_qml_QtQuick_Controls_FluentWinUI3 --> node_venv_lib_python3_12_site-packages_PyQt6_Qt6_qml_QtQuick_Controls_FluentWinUI3_dark["dark"]\n    node_venv_lib_python3_12_site-packages_PyQt6_Qt6_qml_QtQuick_Controls_FluentWinUI3_dark --> node_venv_lib_python3_12_site-packages_PyQt6_Qt6_qml_QtQuick_Controls_FluentWinUI3_dark_images["images"]\n    node_venv_lib_python3_12_site-packages_PyQt6_Qt6_qml_QtQuick_Controls_FluentWinUI3_dark_images --> node_venv_lib_python3_12_site-packages_PyQt6_Qt6_qml_QtQuick_Controls_FluentWinUI3_dark_images_rangeslider-first-handle_png["rangeslider-first-handle.png"]\n    Root --> node_venv["venv"]\n    node_venv --> node_venv_lib["lib"]\n    node_venv_lib --> node_venv_lib_python3_12["python3.12"]\n    node_venv_lib_python3_12 --> node_venv_lib_python3_12_site-packages["site-packages"]\n    node_venv_lib_python3_12_site-packages --> node_venv_lib_python3_12_site-packages_PyQt6["PyQt6"]\n    node_venv_lib_python3_12_site-packages_PyQt6 --> node_venv_lib_python3_12_site-packages_PyQt6_Qt6["Qt6"]\n    node_venv_lib_python3_12_site-packages_PyQt6_Qt6 --> node_venv_lib_python3_12_site-packages_PyQt6_Qt6_qml["qml"]\n    node_venv_lib_python3_12_site-packages_PyQt6_Qt6_qml --> node_venv_lib_python3_12_site-packages_PyQt6_Qt6_qml_QtQuick["QtQuick"]\n    node_venv_lib_python3_12_site-packages_PyQt6_Qt6_qml_QtQuick --> node_venv_lib_python3_12_site-packages_PyQt6_Qt6_qml_QtQuick_Controls["Controls"]\n    node_venv_lib_python3_12_site-packages_PyQt6_Qt6_qml_QtQuick_Controls --> node_venv_lib_python3_12_site-packages_PyQt6_Qt6_qml_QtQuick_Controls_FluentWinUI3["FluentWinUI3"]\n    node_venv_lib_python3_12_site-packages_PyQt6_Qt6_qml_QtQuick_Controls_FluentWinUI3 --> node_venv_lib_python3_12_site-packages_PyQt6_Qt6_qml_QtQuick_Controls_FluentWinUI3_dark["dark"]\n    node_venv_lib_python3_12_site-packages_PyQt6_Qt6_qml_QtQuick_Controls_FluentWinUI3_dark --> node_venv_lib_python3_12_site-packages_PyQt6_Qt6_qml_QtQuick_Controls_FluentWinUI3_dark_images["images"]\n    node_venv_lib_python3_12_site-packages_PyQt6_Qt6_qml_QtQuick_Controls_FluentWinUI3_dark_images --> node_venv_lib_python3_12_site-packages_PyQt6_Qt6_qml_QtQuick_Controls_FluentWinUI3_dark_images_rangeslider-first-handle@2x_png["rangeslider-first-handle@2x.png"]\n    Root --> node_venv["venv"]\n    node_venv --> node_venv_lib["lib"]\n    node_venv_lib --> node_venv_lib_python3_12["python3.12"]\n    node_venv_lib_python3_12 --> node_venv_lib_python3_12_site-packages["site-packages"]\n    node_venv_lib_python3_12_site-packages --> node_venv_lib_python3_12_site-packages_PyQt6["PyQt6"]\n    node_venv_lib_python3_12_site-packages_PyQt6 --> node_venv_lib_python3_12_site-packages_PyQt6_Qt6["Qt6"]\n    node_venv_lib_python3_12_site-packages_PyQt6_Qt6 --> node_venv_lib_python3_12_site-packages_PyQt6_Qt6_qml["qml"]\n    node_venv_lib_python3_12_site-packages_PyQt6_Qt6_qml --> node_venv_lib_python3_12_site-packages_PyQt6_Qt6_qml_QtQuick["QtQuick"]\n    node_venv_lib_python3_12_site-packages_PyQt6_Qt6_qml_QtQuick --> node_venv_lib_python3_12_site-packages_PyQt6_Qt6_qml_QtQuick_Controls["Controls"]\n    node_venv_lib_python3_12_site-packages_PyQt6_Qt6_qml_QtQuick_Controls --> node_venv_lib_python3_12_site-packages_PyQt6_Qt6_qml_QtQuick_Controls_FluentWinUI3["FluentWinUI3"]\n    node_venv_lib_python3_12_site-packages_PyQt6_Qt6_qml_QtQuick_Controls_FluentWinUI3 --> node_venv_lib_python3_12_site-packages_PyQt6_Qt6_qml_QtQuick_Controls_FluentWinUI3_dark["dark"]\n    node_venv_lib_python3_12_site-packages_PyQt6_Qt6_qml_QtQuick_Controls_FluentWinUI3_dark --> node_venv_lib_python3_12_site-packages_PyQt6_Qt6_qml_QtQuick_Controls_FluentWinUI3_dark_images["images"]\n    node_venv_lib_python3_12_site-packages_PyQt6_Qt6_qml_QtQuick_Controls_FluentWinUI3_dark_images --> node_venv_lib_python3_12_site-packages_PyQt6_Qt6_qml_QtQuick_Controls_FluentWinUI3_dark_images_rangeslider-first-handle@3x_png["rangeslider-first-handle@3x.png"]\n    Root --> node_venv["venv"]\n    node_venv --> node_venv_lib["lib"]\n    node_venv_lib --> node_venv_lib_python3_12["python3.12"]\n    node_venv_lib_python3_12 --> node_venv_lib_python3_12_site-packages["site-packages"]\n    node_venv_lib_python3_12_site-packages --> node_venv_lib_python3_12_site-packages_PyQt6["PyQt6"]\n    node_venv_lib_python3_12_site-packages_PyQt6 --> node_venv_lib_python3_12_site-packages_PyQt6_Qt6["Qt6"]\n    node_venv_lib_python3_12_site-packages_PyQt6_Qt6 --> node_venv_lib_python3_12_site-packages_PyQt6_Qt6_qml["qml"]\n    node_venv_lib_python3_12_site-packages_PyQt6_Qt6_qml --> node_venv_lib_python3_12_site-packages_PyQt6_Qt6_qml_QtQuick["QtQuick"]\n    node_venv_lib_python3_12_site-packages_PyQt6_Qt6_qml_QtQuick --> node_venv_lib_python3_12_site-packages_PyQt6_Qt6_qml_QtQuick_Controls["Controls"]\n    node_venv_lib_python3_12_site-packages_PyQt6_Qt6_qml_QtQuick_Controls --> node_venv_lib_python3_12_site-packages_PyQt6_Qt6_qml_QtQuick_Controls_FluentWinUI3["FluentWinUI3"]\n    node_venv_lib_python3_12_site-packages_PyQt6_Qt6_qml_QtQuick_Controls_FluentWinUI3 --> node_venv_lib_python3_12_site-packages_PyQt6_Qt6_qml_QtQuick_Controls_FluentWinUI3_dark["dark"]\n    node_venv_lib_python3_12_site-packages_PyQt6_Qt6_qml_QtQuick_Controls_FluentWinUI3_dark --> node_venv_lib_python3_12_site-packages_PyQt6_Qt6_qml_QtQuick_Controls_FluentWinUI3_dark_images["images"]\n    node_venv_lib_python3_12_site-packages_PyQt6_Qt6_qml_QtQuick_Controls_FluentWinUI3_dark_images --> node_venv_lib_python3_12_site-packages_PyQt6_Qt6_qml_QtQuick_Controls_FluentWinUI3_dark_images_rangeslider-groove-disabled_png["rangeslider-groove-disabled.png"]\n    Root --> node_venv["venv"]\n    node_venv --> node_venv_lib["lib"]\n    node_venv_lib --> node_venv_lib_python3_12["python3.12"]\n    node_venv_lib_python3_12 --> node_venv_lib_python3_12_site-packages["site-packages"]\n    node_venv_lib_python3_12_site-packages --> node_venv_lib_python3_12_site-packages_PyQt6["PyQt6"]\n    node_venv_lib_python3_12_site-packages_PyQt6 --> node_venv_lib_python3_12_site-packages_PyQt6_Qt6["Qt6"]\n    node_venv_lib_python3_12_site-packages_PyQt6_Qt6 --> node_venv_lib_python3_12_site-packages_PyQt6_Qt6_qml["qml"]\n    node_venv_lib_python3_12_site-packages_PyQt6_Qt6_qml --> node_venv_lib_python3_12_site-packages_PyQt6_Qt6_qml_QtQuick["QtQuick"]\n    node_venv_lib_python3_12_site-packages_PyQt6_Qt6_qml_QtQuick --> node_venv_lib_python3_12_site-packages_PyQt6_Qt6_qml_QtQuick_Controls["Controls"]\n    node_venv_lib_python3_12_site-packages_PyQt6_Qt6_qml_QtQuick_Controls --> node_venv_lib_python3_12_site-packages_PyQt6_Qt6_qml_QtQuick_Controls_FluentWinUI3["FluentWinUI3"]\n    node_venv_lib_python3_12_site-packages_PyQt6_Qt6_qml_QtQuick_Controls_FluentWinUI3 --> node_venv_lib_python3_12_site-packages_PyQt6_Qt6_qml_QtQuick_Controls_FluentWinUI3_dark["dark"]\n    node_venv_lib_python3_12_site-packages_PyQt6_Qt6_qml_QtQuick_Controls_FluentWinUI3_dark --> node_venv_lib_python3_12_site-packages_PyQt6_Qt6_qml_QtQuick_Controls_FluentWinUI3_dark_images["images"]\n    node_venv_lib_python3_12_site-packages_PyQt6_Qt6_qml_QtQuick_Controls_FluentWinUI3_dark_images --> node_venv_lib_python3_12_site-packages_PyQt6_Qt6_qml_QtQuick_Controls_FluentWinUI3_dark_images_rangeslider-groove-disabled@2x_png["rangeslider-groove-disabled@2x.png"]\n    Root --> node_venv["venv"]\n    node_venv --> node_venv_lib["lib"]\n    node_venv_lib --> node_venv_lib_python3_12["python3.12"]\n    node_venv_lib_python3_12 --> node_venv_lib_python3_12_site-packages["site-packages"]\n    node_venv_lib_python3_12_site-packages --> node_venv_lib_python3_12_site-packages_PyQt6["PyQt6"]\n    node_venv_lib_python3_12_site-packages_PyQt6 --> node_venv_lib_python3_12_site-packages_PyQt6_Qt6["Qt6"]\n    node_venv_lib_python3_12_site-packages_PyQt6_Qt6 --> node_venv_lib_python3_12_site-packages_PyQt6_Qt6_qml["qml"]\n    node_venv_lib_python3_12_site-packages_PyQt6_Qt6_qml --> node_venv_lib_python3_12_site-packages_PyQt6_Qt6_qml_QtQuick["QtQuick"]\n    node_venv_lib_python3_12_site-packages_PyQt6_Qt6_qml_QtQuick --> node_venv_lib_python3_12_site-packages_PyQt6_Qt6_qml_QtQuick_Controls["Controls"]\n    node_venv_lib_python3_12_site-packages_PyQt6_Qt6_qml_QtQuick_Controls --> node_venv_lib_python3_12_site-packages_PyQt6_Qt6_qml_QtQuick_Controls_FluentWinUI3["FluentWinUI3"]\n    node_venv_lib_python3_12_site-packages_PyQt6_Qt6_qml_QtQuick_Controls_FluentWinUI3 --> node_venv_lib_python3_12_site-packages_PyQt6_Qt6_qml_QtQuick_Controls_FluentWinUI3_dark["dark"]\n    node_venv_lib_python3_12_site-packages_PyQt6_Qt6_qml_QtQuick_Controls_FluentWinUI3_dark --> node_venv_lib_python3_12_site-packages_PyQt6_Qt6_qml_QtQuick_Controls_FluentWinUI3_dark_images["images"]\n    node_venv_lib_python3_12_site-packages_PyQt6_Qt6_qml_QtQuick_Controls_FluentWinUI3_dark_images --> node_venv_lib_python3_12_site-packages_PyQt6_Qt6_qml_QtQuick_Controls_FluentWinUI3_dark_images_rangeslider-groove-disabled@3x_png["rangeslider-groove-disabled@3x.png"]\n    Root --> node_venv["venv"]\n    node_venv --> node_venv_lib["lib"]\n    node_venv_lib --> node_venv_lib_python3_12["python3.12"]\n    node_venv_lib_python3_12 --> node_venv_lib_python3_12_site-packages["site-packages"]\n    node_venv_lib_python3_12_site-packages --> node_venv_lib_python3_12_site-packages_PyQt6["PyQt6"]\n    node_venv_lib_python3_12_site-packages_PyQt6 --> node_venv_lib_python3_12_site-packages_PyQt6_Qt6["Qt6"]\n    node_venv_lib_python3_12_site-packages_PyQt6_Qt6 --> node_venv_lib_python3_12_site-packages_PyQt6_Qt6_qml["qml"]\n    node_venv_lib_python3_12_site-packages_PyQt6_Qt6_qml --> node_venv_lib_python3_12_site-packages_PyQt6_Qt6_qml_QtQuick["QtQuick"]\n    node_venv_lib_python3_12_site-packages_PyQt6_Qt6_qml_QtQuick --> node_venv_lib_python3_12_site-packages_PyQt6_Qt6_qml_QtQuick_Controls["Controls"]\n    node_venv_lib_python3_12_site-packages_PyQt6_Qt6_qml_QtQuick_Controls --> node_venv_lib_python3_12_site-packages_PyQt6_Qt6_qml_QtQuick_Controls_FluentWinUI3["FluentWinUI3"]\n    node_venv_lib_python3_12_site-packages_PyQt6_Qt6_qml_QtQuick_Controls_FluentWinUI3 --> node_venv_lib_python3_12_site-packages_PyQt6_Qt6_qml_QtQuick_Controls_FluentWinUI3_dark["dark"]\n    node_venv_lib_python3_12_site-packages_PyQt6_Qt6_qml_QtQuick_Controls_FluentWinUI3_dark --> node_venv_lib_python3_12_site-packages_PyQt6_Qt6_qml_QtQuick_Controls_FluentWinUI3_dark_images["images"]\n    node_venv_lib_python3_12_site-packages_PyQt6_Qt6_qml_QtQuick_Controls_FluentWinUI3_dark_images --> node_venv_lib_python3_12_site-packages_PyQt6_Qt6_qml_QtQuick_Controls_FluentWinUI3_dark_images_rangeslider-groove-handle-pressed_png["rangeslider-groove-handle-pressed.png"]\n    Root --> node_venv["venv"]\n    node_venv --> node_venv_lib["lib"]\n    node_venv_lib --> node_venv_lib_python3_12["python3.12"]\n    node_venv_lib_python3_12 --> node_venv_lib_python3_12_site-packages["site-packages"]\n    node_venv_lib_python3_12_site-packages --> node_venv_lib_python3_12_site-packages_PyQt6["PyQt6"]\n    node_venv_lib_python3_12_site-packages_PyQt6 --> node_venv_lib_python3_12_site-packages_PyQt6_Qt6["Qt6"]\n    node_venv_lib_python3_12_site-packages_PyQt6_Qt6 --> node_venv_lib_python3_12_site-packages_PyQt6_Qt6_qml["qml"]\n    node_venv_lib_python3_12_site-packages_PyQt6_Qt6_qml --> node_venv_lib_python3_12_site-packages_PyQt6_Qt6_qml_QtQuick["QtQuick"]\n    node_venv_lib_python3_12_site-packages_PyQt6_Qt6_qml_QtQuick --> node_venv_lib_python3_12_site-packages_PyQt6_Qt6_qml_QtQuick_Controls["Controls"]\n    node_venv_lib_python3_12_site-packages_PyQt6_Qt6_qml_QtQuick_Controls --> node_venv_lib_python3_12_site-packages_PyQt6_Qt6_qml_QtQuick_Controls_FluentWinUI3["FluentWinUI3"]\n    node_venv_lib_python3_12_site-packages_PyQt6_Qt6_qml_QtQuick_Controls_FluentWinUI3 --> node_venv_lib_python3_12_site-packages_PyQt6_Qt6_qml_QtQuick_Controls_FluentWinUI3_dark["dark"]\n    node_venv_lib_python3_12_site-packages_PyQt6_Qt6_qml_QtQuick_Controls_FluentWinUI3_dark --> node_venv_lib_python3_12_site-packages_PyQt6_Qt6_qml_QtQuick_Controls_FluentWinUI3_dark_images["images"]\n    node_venv_lib_python3_12_site-packages_PyQt6_Qt6_qml_QtQuick_Controls_FluentWinUI3_dark_images --> node_venv_lib_python3_12_site-packages_PyQt6_Qt6_qml_QtQuick_Controls_FluentWinUI3_dark_images_rangeslider-groove-handle-pressed@2x_png["rangeslider-groove-handle-pressed@2x.png"]\n    Root --> node_venv["venv"]\n    node_venv --> node_venv_lib["lib"]\n    node_venv_lib --> node_venv_lib_python3_12["python3.12"]\n    node_venv_lib_python3_12 --> node_venv_lib_python3_12_site-packages["site-packages"]\n    node_venv_lib_python3_12_site-packages --> node_venv_lib_python3_12_site-packages_PyQt6["PyQt6"]\n    node_venv_lib_python3_12_site-packages_PyQt6 --> node_venv_lib_python3_12_site-packages_PyQt6_Qt6["Qt6"]\n    node_venv_lib_python3_12_site-packages_PyQt6_Qt6 --> node_venv_lib_python3_12_site-packages_PyQt6_Qt6_qml["qml"]\n    node_venv_lib_python3_12_site-packages_PyQt6_Qt6_qml --> node_venv_lib_python3_12_site-packages_PyQt6_Qt6_qml_QtQuick["QtQuick"]\n    node_venv_lib_python3_12_site-packages_PyQt6_Qt6_qml_QtQuick --> node_venv_lib_python3_12_site-packages_PyQt6_Qt6_qml_QtQuick_Controls["Controls"]\n    node_venv_lib_python3_12_site-packages_PyQt6_Qt6_qml_QtQuick_Controls --> node_venv_lib_python3_12_site-packages_PyQt6_Qt6_qml_QtQuick_Controls_FluentWinUI3["FluentWinUI3"]\n    node_venv_lib_python3_12_site-packages_PyQt6_Qt6_qml_QtQuick_Controls_FluentWinUI3 --> node_venv_lib_python3_12_site-packages_PyQt6_Qt6_qml_QtQuick_Controls_FluentWinUI3_dark["dark"]\n    node_venv_lib_python3_12_site-packages_PyQt6_Qt6_qml_QtQuick_Controls_FluentWinUI3_dark --> node_venv_lib_python3_12_site-packages_PyQt6_Qt6_qml_QtQuick_Controls_FluentWinUI3_dark_images["images"]\n    node_venv_lib_python3_12_site-packages_PyQt6_Qt6_qml_QtQuick_Controls_FluentWinUI3_dark_images --> node_venv_lib_python3_12_site-packages_PyQt6_Qt6_qml_QtQuick_Controls_FluentWinUI3_dark_images_rangeslider-groove-handle-pressed@3x_png["rangeslider-groove-handle-pressed@3x.png"]\n    Root --> node_venv["venv"]\n    node_venv --> node_venv_lib["lib"]\n    node_venv_lib --> node_venv_lib_python3_12["python3.12"]\n    node_venv_lib_python3_12 --> node_venv_lib_python3_12_site-packages["site-packages"]\n    node_venv_lib_python3_12_site-packages --> node_venv_lib_python3_12_site-packages_PyQt6["PyQt6"]\n    node_venv_lib_python3_12_site-packages_PyQt6 --> node_venv_lib_python3_12_site-packages_PyQt6_Qt6["Qt6"]\n    node_venv_lib_python3_12_site-packages_PyQt6_Qt6 --> node_venv_lib_python3_12_site-packages_PyQt6_Qt6_qml["qml"]\n    node_venv_lib_python3_12_site-packages_PyQt6_Qt6_qml --> node_venv_lib_python3_12_site-packages_PyQt6_Qt6_qml_QtQuick["QtQuick"]\n    node_venv_lib_python3_12_site-packages_PyQt6_Qt6_qml_QtQuick --> node_venv_lib_python3_12_site-packages_PyQt6_Qt6_qml_QtQuick_Controls["Controls"]\n    node_venv_lib_python3_12_site-packages_PyQt6_Qt6_qml_QtQuick_Controls --> node_venv_lib_python3_12_site-packages_PyQt6_Qt6_qml_QtQuick_Controls_FluentWinUI3["FluentWinUI3"]\n    node_venv_lib_python3_12_site-packages_PyQt6_Qt6_qml_QtQuick_Controls_FluentWinUI3 --> node_venv_lib_python3_12_site-packages_PyQt6_Qt6_qml_QtQuick_Controls_FluentWinUI3_dark["dark"]\n    node_venv_lib_python3_12_site-packages_PyQt6_Qt6_qml_QtQuick_Controls_FluentWinUI3_dark --> node_venv_lib_python3_12_site-packages_PyQt6_Qt6_qml_QtQuick_Controls_FluentWinUI3_dark_images["images"]\n    node_venv_lib_python3_12_site-packages_PyQt6_Qt6_qml_QtQuick_Controls_FluentWinUI3_dark_images --> node_venv_lib_python3_12_site-packages_PyQt6_Qt6_qml_QtQuick_Controls_FluentWinUI3_dark_images_rangeslider-groove-hovered_png["rangeslider-groove-hovered.png"]\n    Root --> node_venv["venv"]\n    node_venv --> node_venv_lib["lib"]\n    node_venv_lib --> node_venv_lib_python3_12["python3.12"]\n    node_venv_lib_python3_12 --> node_venv_lib_python3_12_site-packages["site-packages"]\n    node_venv_lib_python3_12_site-packages --> node_venv_lib_python3_12_site-packages_PyQt6["PyQt6"]\n    node_venv_lib_python3_12_site-packages_PyQt6 --> node_venv_lib_python3_12_site-packages_PyQt6_Qt6["Qt6"]\n    node_venv_lib_python3_12_site-packages_PyQt6_Qt6 --> node_venv_lib_python3_12_site-packages_PyQt6_Qt6_qml["qml"]\n    node_venv_lib_python3_12_site-packages_PyQt6_Qt6_qml --> node_venv_lib_python3_12_site-packages_PyQt6_Qt6_qml_QtQuick["QtQuick"]\n    node_venv_lib_python3_12_site-packages_PyQt6_Qt6_qml_QtQuick --> node_venv_lib_python3_12_site-packages_PyQt6_Qt6_qml_QtQuick_Controls["Controls"]\n    node_venv_lib_python3_12_site-packages_PyQt6_Qt6_qml_QtQuick_Controls --> node_venv_lib_python3_12_site-packages_PyQt6_Qt6_qml_QtQuick_Controls_FluentWinUI3["FluentWinUI3"]\n    node_venv_lib_python3_12_site-packages_PyQt6_Qt6_qml_QtQuick_Controls_FluentWinUI3 --> node_venv_lib_python3_12_site-packages_PyQt6_Qt6_qml_QtQuick_Controls_FluentWinUI3_dark["dark"]\n    node_venv_lib_python3_12_site-packages_PyQt6_Qt6_qml_QtQuick_Controls_FluentWinUI3_dark --> node_venv_lib_python3_12_site-packages_PyQt6_Qt6_qml_QtQuick_Controls_FluentWinUI3_dark_images["images"]\n    node_venv_lib_python3_12_site-packages_PyQt6_Qt6_qml_QtQuick_Controls_FluentWinUI3_dark_images --> node_venv_lib_python3_12_site-packages_PyQt6_Qt6_qml_QtQuick_Controls_FluentWinUI3_dark_images_rangeslider-groove-hovered@2x_png["rangeslider-groove-hovered@2x.png"]\n    Root --> node_venv["venv"]\n    node_venv --> node_venv_lib["lib"]\n    node_venv_lib --> node_venv_lib_python3_12["python3.12"]\n    node_venv_lib_python3_12 --> node_venv_lib_python3_12_site-packages["site-packages"]\n    node_venv_lib_python3_12_site-packages --> node_venv_lib_python3_12_site-packages_PyQt6["PyQt6"]\n    node_venv_lib_python3_12_site-packages_PyQt6 --> node_venv_lib_python3_12_site-packages_PyQt6_Qt6["Qt6"]\n    node_venv_lib_python3_12_site-packages_PyQt6_Qt6 --> node_venv_lib_python3_12_site-packages_PyQt6_Qt6_qml["qml"]\n    node_venv_lib_python3_12_site-packages_PyQt6_Qt6_qml --> node_venv_lib_python3_12_site-packages_PyQt6_Qt6_qml_QtQuick["QtQuick"]\n    node_venv_lib_python3_12_site-packages_PyQt6_Qt6_qml_QtQuick --> node_venv_lib_python3_12_site-packages_PyQt6_Qt6_qml_QtQuick_Controls["Controls"]\n    node_venv_lib_python3_12_site-packages_PyQt6_Qt6_qml_QtQuick_Controls --> node_venv_lib_python3_12_site-packages_PyQt6_Qt6_qml_QtQuick_Controls_FluentWinUI3["FluentWinUI3"]\n    node_venv_lib_python3_12_site-packages_PyQt6_Qt6_qml_QtQuick_Controls_FluentWinUI3 --> node_venv_lib_python3_12_site-packages_PyQt6_Qt6_qml_QtQuick_Controls_FluentWinUI3_dark["dark"]\n    node_venv_lib_python3_12_site-packages_PyQt6_Qt6_qml_QtQuick_Controls_FluentWinUI3_dark --> node_venv_lib_python3_12_site-packages_PyQt6_Qt6_qml_QtQuick_Controls_FluentWinUI3_dark_images["images"]\n    node_venv_lib_python3_12_site-packages_PyQt6_Qt6_qml_QtQuick_Controls_FluentWinUI3_dark_images --> node_venv_lib_python3_12_site-packages_PyQt6_Qt6_qml_QtQuick_Controls_FluentWinUI3_dark_images_rangeslider-groove-hovered@3x_png["rangeslider-groove-hovered@3x.png"]\n    Root --> node_venv["venv"]\n    node_venv --> node_venv_lib["lib"]\n    node_venv_lib --> node_venv_lib_python3_12["python3.12"]\n    node_venv_lib_python3_12 --> node_venv_lib_python3_12_site-packages["site-packages"]\n    node_venv_lib_python3_12_site-packages --> node_venv_lib_python3_12_site-packages_PyQt6["PyQt6"]\n    node_venv_lib_python3_12_site-packages_PyQt6 --> node_venv_lib_python3_12_site-packages_PyQt6_Qt6["Qt6"]\n    node_venv_lib_python3_12_site-packages_PyQt6_Qt6 --> node_venv_lib_python3_12_site-packages_PyQt6_Qt6_qml["qml"]\n    node_venv_lib_python3_12_site-packages_PyQt6_Qt6_qml --> node_venv_lib_python3_12_site-packages_PyQt6_Qt6_qml_QtQuick["QtQuick"]\n    node_venv_lib_python3_12_site-packages_PyQt6_Qt6_qml_QtQuick --> node_venv_lib_python3_12_site-packages_PyQt6_Qt6_qml_QtQuick_Controls["Controls"]\n    node_venv_lib_python3_12_site-packages_PyQt6_Qt6_qml_QtQuick_Controls --> node_venv_lib_python3_12_site-packages_PyQt6_Qt6_qml_QtQuick_Controls_FluentWinUI3["FluentWinUI3"]\n    node_venv_lib_python3_12_site-packages_PyQt6_Qt6_qml_QtQuick_Controls_FluentWinUI3 --> node_venv_lib_python3_12_site-packages_PyQt6_Qt6_qml_QtQuick_Controls_FluentWinUI3_dark["dark"]\n    node_venv_lib_python3_12_site-packages_PyQt6_Qt6_qml_QtQuick_Controls_FluentWinUI3_dark --> node_venv_lib_python3_12_site-packages_PyQt6_Qt6_qml_QtQuick_Controls_FluentWinUI3_dark_images["images"]\n    node_venv_lib_python3_12_site-packages_PyQt6_Qt6_qml_QtQuick_Controls_FluentWinUI3_dark_images --> node_venv_lib_python3_12_site-packages_PyQt6_Qt6_qml_QtQuick_Controls_FluentWinUI3_dark_images_rangeslider-groove_png["rangeslider-groove.png"]\n    Root --> node_venv["venv"]\n    node_venv --> node_venv_lib["lib"]\n    node_venv_lib --> node_venv_lib_python3_12["python3.12"]\n    node_venv_lib_python3_12 --> node_venv_lib_python3_12_site-packages["site-packages"]\n    node_venv_lib_python3_12_site-packages --> node_venv_lib_python3_12_site-packages_PyQt6["PyQt6"]\n    node_venv_lib_python3_12_site-packages_PyQt6 --> node_venv_lib_python3_12_site-packages_PyQt6_Qt6["Qt6"]\n    node_venv_lib_python3_12_site-packages_PyQt6_Qt6 --> node_venv_lib_python3_12_site-packages_PyQt6_Qt6_qml["qml"]\n    node_venv_lib_python3_12_site-packages_PyQt6_Qt6_qml --> node_venv_lib_python3_12_site-packages_PyQt6_Qt6_qml_QtQuick["QtQuick"]\n    node_venv_lib_python3_12_site-packages_PyQt6_Qt6_qml_QtQuick --> node_venv_lib_python3_12_site-packages_PyQt6_Qt6_qml_QtQuick_Controls["Controls"]\n    node_venv_lib_python3_12_site-packages_PyQt6_Qt6_qml_QtQuick_Controls --> node_venv_lib_python3_12_site-packages_PyQt6_Qt6_qml_QtQuick_Controls_FluentWinUI3["FluentWinUI3"]\n    node_venv_lib_python3_12_site-packages_PyQt6_Qt6_qml_QtQuick_Controls_FluentWinUI3 --> node_venv_lib_python3_12_site-packages_PyQt6_Qt6_qml_QtQuick_Controls_FluentWinUI3_dark["dark"]\n    node_venv_lib_python3_12_site-packages_PyQt6_Qt6_qml_QtQuick_Controls_FluentWinUI3_dark --> node_venv_lib_python3_12_site-packages_PyQt6_Qt6_qml_QtQuick_Controls_FluentWinUI3_dark_images["images"]\n    node_venv_lib_python3_12_site-packages_PyQt6_Qt6_qml_QtQuick_Controls_FluentWinUI3_dark_images --> node_venv_lib_python3_12_site-packages_PyQt6_Qt6_qml_QtQuick_Controls_FluentWinUI3_dark_images_rangeslider-groove@2x_png["rangeslider-groove@2x.png"]\n    Root --> node_venv["venv"]\n    node_venv --> node_venv_lib["lib"]\n    node_venv_lib --> node_venv_lib_python3_12["python3.12"]\n    node_venv_lib_python3_12 --> node_venv_lib_python3_12_site-packages["site-packages"]\n    node_venv_lib_python3_12_site-packages --> node_venv_lib_python3_12_site-packages_PyQt6["PyQt6"]\n    node_venv_lib_python3_12_site-packages_PyQt6 --> node_venv_lib_python3_12_site-packages_PyQt6_Qt6["Qt6"]\n    node_venv_lib_python3_12_site-packages_PyQt6_Qt6 --> node_venv_lib_python3_12_site-packages_PyQt6_Qt6_qml["qml"]\n    node_venv_lib_python3_12_site-packages_PyQt6_Qt6_qml --> node_venv_lib_python3_12_site-packages_PyQt6_Qt6_qml_QtQuick["QtQuick"]\n    node_venv_lib_python3_12_site-packages_PyQt6_Qt6_qml_QtQuick --> node_venv_lib_python3_12_site-packages_PyQt6_Qt6_qml_QtQuick_Controls["Controls"]\n    node_venv_lib_python3_12_site-packages_PyQt6_Qt6_qml_QtQuick_Controls --> node_venv_lib_python3_12_site-packages_PyQt6_Qt6_qml_QtQuick_Controls_FluentWinUI3["FluentWinUI3"]\n    node_venv_lib_python3_12_site-packages_PyQt6_Qt6_qml_QtQuick_Controls_FluentWinUI3 --> node_venv_lib_python3_12_site-packages_PyQt6_Qt6_qml_QtQuick_Controls_FluentWinUI3_dark["dark"]\n    node_venv_lib_python3_12_site-packages_PyQt6_Qt6_qml_QtQuick_Controls_FluentWinUI3_dark --> node_venv_lib_python3_12_site-packages_PyQt6_Qt6_qml_QtQuick_Controls_FluentWinUI3_dark_images["images"]\n    node_venv_lib_python3_12_site-packages_PyQt6_Qt6_qml_QtQuick_Controls_FluentWinUI3_dark_images --> node_venv_lib_python3_12_site-packages_PyQt6_Qt6_qml_QtQuick_Controls_FluentWinUI3_dark_images_rangeslider-groove@3x_png["rangeslider-groove@3x.png"]\n    Root --> node_venv["venv"]\n    node_venv --> node_venv_lib["lib"]\n    node_venv_lib --> node_venv_lib_python3_12["python3.12"]\n    node_venv_lib_python3_12 --> node_venv_lib_python3_12_site-packages["site-packages"]\n    node_venv_lib_python3_12_site-packages --> node_venv_lib_python3_12_site-packages_PyQt6["PyQt6"]\n    node_venv_lib_python3_12_site-packages_PyQt6 --> node_venv_lib_python3_12_site-packages_PyQt6_Qt6["Qt6"]\n    node_venv_lib_python3_12_site-packages_PyQt6_Qt6 --> node_venv_lib_python3_12_site-packages_PyQt6_Qt6_qml["qml"]\n    node_venv_lib_python3_12_site-packages_PyQt6_Qt6_qml --> node_venv_lib_python3_12_site-packages_PyQt6_Qt6_qml_QtQuick["QtQuick"]\n    node_venv_lib_python3_12_site-packages_PyQt6_Qt6_qml_QtQuick --> node_venv_lib_python3_12_site-packages_PyQt6_Qt6_qml_QtQuick_Controls["Controls"]\n    node_venv_lib_python3_12_site-packages_PyQt6_Qt6_qml_QtQuick_Controls --> node_venv_lib_python3_12_site-packages_PyQt6_Qt6_qml_QtQuick_Controls_FluentWinUI3["FluentWinUI3"]\n    node_venv_lib_python3_12_site-packages_PyQt6_Qt6_qml_QtQuick_Controls_FluentWinUI3 --> node_venv_lib_python3_12_site-packages_PyQt6_Qt6_qml_QtQuick_Controls_FluentWinUI3_dark["dark"]\n    node_venv_lib_python3_12_site-packages_PyQt6_Qt6_qml_QtQuick_Controls_FluentWinUI3_dark --> node_venv_lib_python3_12_site-packages_PyQt6_Qt6_qml_QtQuick_Controls_FluentWinUI3_dark_images["images"]\n    node_venv_lib_python3_12_site-packages_PyQt6_Qt6_qml_QtQuick_Controls_FluentWinUI3_dark_images --> node_venv_lib_python3_12_site-packages_PyQt6_Qt6_qml_QtQuick_Controls_FluentWinUI3_dark_images_rangeslider-second-handle-disabled_png["rangeslider-second-handle-disabled.png"]\n    Root --> node_venv["venv"]\n    node_venv --> node_venv_lib["lib"]\n    node_venv_lib --> node_venv_lib_python3_12["python3.12"]\n    node_venv_lib_python3_12 --> node_venv_lib_python3_12_site-packages["site-packages"]\n    node_venv_lib_python3_12_site-packages --> node_venv_lib_python3_12_site-packages_PyQt6["PyQt6"]\n    node_venv_lib_python3_12_site-packages_PyQt6 --> node_venv_lib_python3_12_site-packages_PyQt6_Qt6["Qt6"]\n    node_venv_lib_python3_12_site-packages_PyQt6_Qt6 --> node_venv_lib_python3_12_site-packages_PyQt6_Qt6_qml["qml"]\n    node_venv_lib_python3_12_site-packages_PyQt6_Qt6_qml --> node_venv_lib_python3_12_site-packages_PyQt6_Qt6_qml_QtQuick["QtQuick"]\n    node_venv_lib_python3_12_site-packages_PyQt6_Qt6_qml_QtQuick --> node_venv_lib_python3_12_site-packages_PyQt6_Qt6_qml_QtQuick_Controls["Controls"]\n    node_venv_lib_python3_12_site-packages_PyQt6_Qt6_qml_QtQuick_Controls --> node_venv_lib_python3_12_site-packages_PyQt6_Qt6_qml_QtQuick_Controls_FluentWinUI3["FluentWinUI3"]\n    node_venv_lib_python3_12_site-packages_PyQt6_Qt6_qml_QtQuick_Controls_FluentWinUI3 --> node_venv_lib_python3_12_site-packages_PyQt6_Qt6_qml_QtQuick_Controls_FluentWinUI3_dark["dark"]\n    node_venv_lib_python3_12_site-packages_PyQt6_Qt6_qml_QtQuick_Controls_FluentWinUI3_dark --> node_venv_lib_python3_12_site-packages_PyQt6_Qt6_qml_QtQuick_Controls_FluentWinUI3_dark_images["images"]\n    node_venv_lib_python3_12_site-packages_PyQt6_Qt6_qml_QtQuick_Controls_FluentWinUI3_dark_images --> node_venv_lib_python3_12_site-packages_PyQt6_Qt6_qml_QtQuick_Controls_FluentWinUI3_dark_images_rangeslider-second-handle-disabled@2x_png["rangeslider-second-handle-disabled@2x.png"]\n    Root --> node_venv["venv"]\n    node_venv --> node_venv_lib["lib"]\n    node_venv_lib --> node_venv_lib_python3_12["python3.12"]\n    node_venv_lib_python3_12 --> node_venv_lib_python3_12_site-packages["site-packages"]\n    node_venv_lib_python3_12_site-packages --> node_venv_lib_python3_12_site-packages_PyQt6["PyQt6"]\n    node_venv_lib_python3_12_site-packages_PyQt6 --> node_venv_lib_python3_12_site-packages_PyQt6_Qt6["Qt6"]\n    node_venv_lib_python3_12_site-packages_PyQt6_Qt6 --> node_venv_lib_python3_12_site-packages_PyQt6_Qt6_qml["qml"]\n    node_venv_lib_python3_12_site-packages_PyQt6_Qt6_qml --> node_venv_lib_python3_12_site-packages_PyQt6_Qt6_qml_QtQuick["QtQuick"]\n    node_venv_lib_python3_12_site-packages_PyQt6_Qt6_qml_QtQuick --> node_venv_lib_python3_12_site-packages_PyQt6_Qt6_qml_QtQuick_Controls["Controls"]\n    node_venv_lib_python3_12_site-packages_PyQt6_Qt6_qml_QtQuick_Controls --> node_venv_lib_python3_12_site-packages_PyQt6_Qt6_qml_QtQuick_Controls_FluentWinUI3["FluentWinUI3"]\n    node_venv_lib_python3_12_site-packages_PyQt6_Qt6_qml_QtQuick_Controls_FluentWinUI3 --> node_venv_lib_python3_12_site-packages_PyQt6_Qt6_qml_QtQuick_Controls_FluentWinUI3_dark["dark"]\n    node_venv_lib_python3_12_site-packages_PyQt6_Qt6_qml_QtQuick_Controls_FluentWinUI3_dark --> node_venv_lib_python3_12_site-packages_PyQt6_Qt6_qml_QtQuick_Controls_FluentWinUI3_dark_images["images"]\n    node_venv_lib_python3_12_site-packages_PyQt6_Qt6_qml_QtQuick_Controls_FluentWinUI3_dark_images --> node_venv_lib_python3_12_site-packages_PyQt6_Qt6_qml_QtQuick_Controls_FluentWinUI3_dark_images_rangeslider-second-handle-disabled@3x_png["rangeslider-second-handle-disabled@3x.png"]\n    Root --> node_venv["venv"]\n    node_venv --> node_venv_lib["lib"]\n    node_venv_lib --> node_venv_lib_python3_12["python3.12"]\n    node_venv_lib_python3_12 --> node_venv_lib_python3_12_site-packages["site-packages"]\n    node_venv_lib_python3_12_site-packages --> node_venv_lib_python3_12_site-packages_PyQt6["PyQt6"]\n    node_venv_lib_python3_12_site-packages_PyQt6 --> node_venv_lib_python3_12_site-packages_PyQt6_Qt6["Qt6"]\n    node_venv_lib_python3_12_site-packages_PyQt6_Qt6 --> node_venv_lib_python3_12_site-packages_PyQt6_Qt6_qml["qml"]\n    node_venv_lib_python3_12_site-packages_PyQt6_Qt6_qml --> node_venv_lib_python3_12_site-packages_PyQt6_Qt6_qml_QtQuick["QtQuick"]\n    node_venv_lib_python3_12_site-packages_PyQt6_Qt6_qml_QtQuick --> node_venv_lib_python3_12_site-packages_PyQt6_Qt6_qml_QtQuick_Controls["Controls"]\n    node_venv_lib_python3_12_site-packages_PyQt6_Qt6_qml_QtQuick_Controls --> node_venv_lib_python3_12_site-packages_PyQt6_Qt6_qml_QtQuick_Controls_FluentWinUI3["FluentWinUI3"]\n    node_venv_lib_python3_12_site-packages_PyQt6_Qt6_qml_QtQuick_Controls_FluentWinUI3 --> node_venv_lib_python3_12_site-packages_PyQt6_Qt6_qml_QtQuick_Controls_FluentWinUI3_dark["dark"]\n    node_venv_lib_python3_12_site-packages_PyQt6_Qt6_qml_QtQuick_Controls_FluentWinUI3_dark --> node_venv_lib_python3_12_site-packages_PyQt6_Qt6_qml_QtQuick_Controls_FluentWinUI3_dark_images["images"]\n    node_venv_lib_python3_12_site-packages_PyQt6_Qt6_qml_QtQuick_Controls_FluentWinUI3_dark_images --> node_venv_lib_python3_12_site-packages_PyQt6_Qt6_qml_QtQuick_Controls_FluentWinUI3_dark_images_rangeslider-second-handle-handle-pressed_png["rangeslider-second-handle-handle-pressed.png"]\n    Root --> node_venv["venv"]\n    node_venv --> node_venv_lib["lib"]\n    node_venv_lib --> node_venv_lib_python3_12["python3.12"]\n    node_venv_lib_python3_12 --> node_venv_lib_python3_12_site-packages["site-packages"]\n    node_venv_lib_python3_12_site-packages --> node_venv_lib_python3_12_site-packages_PyQt6["PyQt6"]\n    node_venv_lib_python3_12_site-packages_PyQt6 --> node_venv_lib_python3_12_site-packages_PyQt6_Qt6["Qt6"]\n    node_venv_lib_python3_12_site-packages_PyQt6_Qt6 --> node_venv_lib_python3_12_site-packages_PyQt6_Qt6_qml["qml"]\n    node_venv_lib_python3_12_site-packages_PyQt6_Qt6_qml --> node_venv_lib_python3_12_site-packages_PyQt6_Qt6_qml_QtQuick["QtQuick"]\n    node_venv_lib_python3_12_site-packages_PyQt6_Qt6_qml_QtQuick --> node_venv_lib_python3_12_site-packages_PyQt6_Qt6_qml_QtQuick_Controls["Controls"]\n    node_venv_lib_python3_12_site-packages_PyQt6_Qt6_qml_QtQuick_Controls --> node_venv_lib_python3_12_site-packages_PyQt6_Qt6_qml_QtQuick_Controls_FluentWinUI3["FluentWinUI3"]\n    node_venv_lib_python3_12_site-packages_PyQt6_Qt6_qml_QtQuick_Controls_FluentWinUI3 --> node_venv_lib_python3_12_site-packages_PyQt6_Qt6_qml_QtQuick_Controls_FluentWinUI3_dark["dark"]\n    node_venv_lib_python3_12_site-packages_PyQt6_Qt6_qml_QtQuick_Controls_FluentWinUI3_dark --> node_venv_lib_python3_12_site-packages_PyQt6_Qt6_qml_QtQuick_Controls_FluentWinUI3_dark_images["images"]\n    node_venv_lib_python3_12_site-packages_PyQt6_Qt6_qml_QtQuick_Controls_FluentWinUI3_dark_images --> node_venv_lib_python3_12_site-packages_PyQt6_Qt6_qml_QtQuick_Controls_FluentWinUI3_dark_images_rangeslider-second-handle-handle-pressed@2x_png["rangeslider-second-handle-handle-pressed@2x.png"]\n    Root --> node_venv["venv"]\n    node_venv --> node_venv_lib["lib"]\n    node_venv_lib --> node_venv_lib_python3_12["python3.12"]\n    node_venv_lib_python3_12 --> node_venv_lib_python3_12_site-packages["site-packages"]\n    node_venv_lib_python3_12_site-packages --> node_venv_lib_python3_12_site-packages_PyQt6["PyQt6"]\n    node_venv_lib_python3_12_site-packages_PyQt6 --> node_venv_lib_python3_12_site-packages_PyQt6_Qt6["Qt6"]\n    node_venv_lib_python3_12_site-packages_PyQt6_Qt6 --> node_venv_lib_python3_12_site-packages_PyQt6_Qt6_qml["qml"]\n    node_venv_lib_python3_12_site-packages_PyQt6_Qt6_qml --> node_venv_lib_python3_12_site-packages_PyQt6_Qt6_qml_QtQuick["QtQuick"]\n    node_venv_lib_python3_12_site-packages_PyQt6_Qt6_qml_QtQuick --> node_venv_lib_python3_12_site-packages_PyQt6_Qt6_qml_QtQuick_Controls["Controls"]\n    node_venv_lib_python3_12_site-packages_PyQt6_Qt6_qml_QtQuick_Controls --> node_venv_lib_python3_12_site-packages_PyQt6_Qt6_qml_QtQuick_Controls_FluentWinUI3["FluentWinUI3"]\n    node_venv_lib_python3_12_site-packages_PyQt6_Qt6_qml_QtQuick_Controls_FluentWinUI3 --> node_venv_lib_python3_12_site-packages_PyQt6_Qt6_qml_QtQuick_Controls_FluentWinUI3_dark["dark"]\n    node_venv_lib_python3_12_site-packages_PyQt6_Qt6_qml_QtQuick_Controls_FluentWinUI3_dark --> node_venv_lib_python3_12_site-packages_PyQt6_Qt6_qml_QtQuick_Controls_FluentWinUI3_dark_images["images"]\n    node_venv_lib_python3_12_site-packages_PyQt6_Qt6_qml_QtQuick_Controls_FluentWinUI3_dark_images --> node_venv_lib_python3_12_site-packages_PyQt6_Qt6_qml_QtQuick_Controls_FluentWinUI3_dark_images_rangeslider-second-handle-handle-pressed@3x_png["rangeslider-second-handle-handle-pressed@3x.png"]\n    Root --> node_venv["venv"]\n    node_venv --> node_venv_lib["lib"]\n    node_venv_lib --> node_venv_lib_python3_12["python3.12"]\n    node_venv_lib_python3_12 --> node_venv_lib_python3_12_site-packages["site-packages"]\n    node_venv_lib_python3_12_site-packages --> node_venv_lib_python3_12_site-packages_PyQt6["PyQt6"]\n    node_venv_lib_python3_12_site-packages_PyQt6 --> node_venv_lib_python3_12_site-packages_PyQt6_Qt6["Qt6"]\n    node_venv_lib_python3_12_site-packages_PyQt6_Qt6 --> node_venv_lib_python3_12_site-packages_PyQt6_Qt6_qml["qml"]\n    node_venv_lib_python3_12_site-packages_PyQt6_Qt6_qml --> node_venv_lib_python3_12_site-packages_PyQt6_Qt6_qml_QtQuick["QtQuick"]\n    node_venv_lib_python3_12_site-packages_PyQt6_Qt6_qml_QtQuick --> node_venv_lib_python3_12_site-packages_PyQt6_Qt6_qml_QtQuick_Controls["Controls"]\n    node_venv_lib_python3_12_site-packages_PyQt6_Qt6_qml_QtQuick_Controls --> node_venv_lib_python3_12_site-packages_PyQt6_Qt6_qml_QtQuick_Controls_FluentWinUI3["FluentWinUI3"]\n    node_venv_lib_python3_12_site-packages_PyQt6_Qt6_qml_QtQuick_Controls_FluentWinUI3 --> node_venv_lib_python3_12_site-packages_PyQt6_Qt6_qml_QtQuick_Controls_FluentWinUI3_dark["dark"]\n    node_venv_lib_python3_12_site-packages_PyQt6_Qt6_qml_QtQuick_Controls_FluentWinUI3_dark --> node_venv_lib_python3_12_site-packages_PyQt6_Qt6_qml_QtQuick_Controls_FluentWinUI3_dark_images["images"]\n    node_venv_lib_python3_12_site-packages_PyQt6_Qt6_qml_QtQuick_Controls_FluentWinUI3_dark_images --> node_venv_lib_python3_12_site-packages_PyQt6_Qt6_qml_QtQuick_Controls_FluentWinUI3_dark_images_rangeslider-second-handle-hovered_png["rangeslider-second-handle-hovered.png"]\n    Root --> node_venv["venv"]\n    node_venv --> node_venv_lib["lib"]\n    node_venv_lib --> node_venv_lib_python3_12["python3.12"]\n    node_venv_lib_python3_12 --> node_venv_lib_python3_12_site-packages["site-packages"]\n    node_venv_lib_python3_12_site-packages --> node_venv_lib_python3_12_site-packages_PyQt6["PyQt6"]\n    node_venv_lib_python3_12_site-packages_PyQt6 --> node_venv_lib_python3_12_site-packages_PyQt6_Qt6["Qt6"]\n    node_venv_lib_python3_12_site-packages_PyQt6_Qt6 --> node_venv_lib_python3_12_site-packages_PyQt6_Qt6_qml["qml"]\n    node_venv_lib_python3_12_site-packages_PyQt6_Qt6_qml --> node_venv_lib_python3_12_site-packages_PyQt6_Qt6_qml_QtQuick["QtQuick"]\n    node_venv_lib_python3_12_site-packages_PyQt6_Qt6_qml_QtQuick --> node_venv_lib_python3_12_site-packages_PyQt6_Qt6_qml_QtQuick_Controls["Controls"]\n    node_venv_lib_python3_12_site-packages_PyQt6_Qt6_qml_QtQuick_Controls --> node_venv_lib_python3_12_site-packages_PyQt6_Qt6_qml_QtQuick_Controls_FluentWinUI3["FluentWinUI3"]\n    node_venv_lib_python3_12_site-packages_PyQt6_Qt6_qml_QtQuick_Controls_FluentWinUI3 --> node_venv_lib_python3_12_site-packages_PyQt6_Qt6_qml_QtQuick_Controls_FluentWinUI3_dark["dark"]\n    node_venv_lib_python3_12_site-packages_PyQt6_Qt6_qml_QtQuick_Controls_FluentWinUI3_dark --> node_venv_lib_python3_12_site-packages_PyQt6_Qt6_qml_QtQuick_Controls_FluentWinUI3_dark_images["images"]\n    node_venv_lib_python3_12_site-packages_PyQt6_Qt6_qml_QtQuick_Controls_FluentWinUI3_dark_images --> node_venv_lib_python3_12_site-packages_PyQt6_Qt6_qml_QtQuick_Controls_FluentWinUI3_dark_images_rangeslider-second-handle-hovered@2x_png["rangeslider-second-handle-hovered@2x.png"]\n    Root --> node_venv["venv"]\n    node_venv --> node_venv_lib["lib"]\n    node_venv_lib --> node_venv_lib_python3_12["python3.12"]\n    node_venv_lib_python3_12 --> node_venv_lib_python3_12_site-packages["site-packages"]\n    node_venv_lib_python3_12_site-packages --> node_venv_lib_python3_12_site-packages_PyQt6["PyQt6"]\n    node_venv_lib_python3_12_site-packages_PyQt6 --> node_venv_lib_python3_12_site-packages_PyQt6_Qt6["Qt6"]\n    node_venv_lib_python3_12_site-packages_PyQt6_Qt6 --> node_venv_lib_python3_12_site-packages_PyQt6_Qt6_qml["qml"]\n    node_venv_lib_python3_12_site-packages_PyQt6_Qt6_qml --> node_venv_lib_python3_12_site-packages_PyQt6_Qt6_qml_QtQuick["QtQuick"]\n    node_venv_lib_python3_12_site-packages_PyQt6_Qt6_qml_QtQuick --> node_venv_lib_python3_12_site-packages_PyQt6_Qt6_qml_QtQuick_Controls["Controls"]\n    node_venv_lib_python3_12_site-packages_PyQt6_Qt6_qml_QtQuick_Controls --> node_venv_lib_python3_12_site-packages_PyQt6_Qt6_qml_QtQuick_Controls_FluentWinUI3["FluentWinUI3"]\n    node_venv_lib_python3_12_site-packages_PyQt6_Qt6_qml_QtQuick_Controls_FluentWinUI3 --> node_venv_lib_python3_12_site-packages_PyQt6_Qt6_qml_QtQuick_Controls_FluentWinUI3_dark["dark"]\n    node_venv_lib_python3_12_site-packages_PyQt6_Qt6_qml_QtQuick_Controls_FluentWinUI3_dark --> node_venv_lib_python3_12_site-packages_PyQt6_Qt6_qml_QtQuick_Controls_FluentWinUI3_dark_images["images"]\n    node_venv_lib_python3_12_site-packages_PyQt6_Qt6_qml_QtQuick_Controls_FluentWinUI3_dark_images --> node_venv_lib_python3_12_site-packages_PyQt6_Qt6_qml_QtQuick_Controls_FluentWinUI3_dark_images_rangeslider-second-handle-hovered@3x_png["rangeslider-second-handle-hovered@3x.png"]\n    Root --> node_venv["venv"]\n    node_venv --> node_venv_lib["lib"]\n    node_venv_lib --> node_venv_lib_python3_12["python3.12"]\n    node_venv_lib_python3_12 --> node_venv_lib_python3_12_site-packages["site-packages"]\n    node_venv_lib_python3_12_site-packages --> node_venv_lib_python3_12_site-packages_PyQt6["PyQt6"]\n    node_venv_lib_python3_12_site-packages_PyQt6 --> node_venv_lib_python3_12_site-packages_PyQt6_Qt6["Qt6"]\n    node_venv_lib_python3_12_site-packages_PyQt6_Qt6 --> node_venv_lib_python3_12_site-packages_PyQt6_Qt6_qml["qml"]\n    node_venv_lib_python3_12_site-packages_PyQt6_Qt6_qml --> node_venv_lib_python3_12_site-packages_PyQt6_Qt6_qml_QtQuick["QtQuick"]\n    node_venv_lib_python3_12_site-packages_PyQt6_Qt6_qml_QtQuick --> node_venv_lib_python3_12_site-packages_PyQt6_Qt6_qml_QtQuick_Controls["Controls"]\n    node_venv_lib_python3_12_site-packages_PyQt6_Qt6_qml_QtQuick_Controls --> node_venv_lib_python3_12_site-packages_PyQt6_Qt6_qml_QtQuick_Controls_FluentWinUI3["FluentWinUI3"]\n    node_venv_lib_python3_12_site-packages_PyQt6_Qt6_qml_QtQuick_Controls_FluentWinUI3 --> node_venv_lib_python3_12_site-packages_PyQt6_Qt6_qml_QtQuick_Controls_FluentWinUI3_dark["dark"]\n    node_venv_lib_python3_12_site-packages_PyQt6_Qt6_qml_QtQuick_Controls_FluentWinUI3_dark --> node_venv_lib_python3_12_site-packages_PyQt6_Qt6_qml_QtQuick_Controls_FluentWinUI3_dark_images["images"]\n    node_venv_lib_python3_12_site-packages_PyQt6_Qt6_qml_QtQuick_Controls_FluentWinUI3_dark_images --> node_venv_lib_python3_12_site-packages_PyQt6_Qt6_qml_QtQuick_Controls_FluentWinUI3_dark_images_rangeslider-second-handle_png["rangeslider-second-handle.png"]\n    Root --> node_venv["venv"]\n    node_venv --> node_venv_lib["lib"]\n    node_venv_lib --> node_venv_lib_python3_12["python3.12"]\n    node_venv_lib_python3_12 --> node_venv_lib_python3_12_site-packages["site-packages"]\n    node_venv_lib_python3_12_site-packages --> node_venv_lib_python3_12_site-packages_PyQt6["PyQt6"]\n    node_venv_lib_python3_12_site-packages_PyQt6 --> node_venv_lib_python3_12_site-packages_PyQt6_Qt6["Qt6"]\n    node_venv_lib_python3_12_site-packages_PyQt6_Qt6 --> node_venv_lib_python3_12_site-packages_PyQt6_Qt6_qml["qml"]\n    node_venv_lib_python3_12_site-packages_PyQt6_Qt6_qml --> node_venv_lib_python3_12_site-packages_PyQt6_Qt6_qml_QtQuick["QtQuick"]\n    node_venv_lib_python3_12_site-packages_PyQt6_Qt6_qml_QtQuick --> node_venv_lib_python3_12_site-packages_PyQt6_Qt6_qml_QtQuick_Controls["Controls"]\n    node_venv_lib_python3_12_site-packages_PyQt6_Qt6_qml_QtQuick_Controls --> node_venv_lib_python3_12_site-packages_PyQt6_Qt6_qml_QtQuick_Controls_FluentWinUI3["FluentWinUI3"]\n    node_venv_lib_python3_12_site-packages_PyQt6_Qt6_qml_QtQuick_Controls_FluentWinUI3 --> node_venv_lib_python3_12_site-packages_PyQt6_Qt6_qml_QtQuick_Controls_FluentWinUI3_dark["dark"]\n    node_venv_lib_python3_12_site-packages_PyQt6_Qt6_qml_QtQuick_Controls_FluentWinUI3_dark --> node_venv_lib_python3_12_site-packages_PyQt6_Qt6_qml_QtQuick_Controls_FluentWinUI3_dark_images["images"]\n    node_venv_lib_python3_12_site-packages_PyQt6_Qt6_qml_QtQuick_Controls_FluentWinUI3_dark_images --> node_venv_lib_python3_12_site-packages_PyQt6_Qt6_qml_QtQuick_Controls_FluentWinUI3_dark_images_rangeslider-second-handle@2x_png["rangeslider-second-handle@2x.png"]\n    Root --> node_venv["venv"]\n    node_venv --> node_venv_lib["lib"]\n    node_venv_lib --> node_venv_lib_python3_12["python3.12"]\n    node_venv_lib_python3_12 --> node_venv_lib_python3_12_site-packages["site-packages"]\n    node_venv_lib_python3_12_site-packages --> node_venv_lib_python3_12_site-packages_PyQt6["PyQt6"]\n    node_venv_lib_python3_12_site-packages_PyQt6 --> node_venv_lib_python3_12_site-packages_PyQt6_Qt6["Qt6"]\n    node_venv_lib_python3_12_site-packages_PyQt6_Qt6 --> node_venv_lib_python3_12_site-packages_PyQt6_Qt6_qml["qml"]\n    node_venv_lib_python3_12_site-packages_PyQt6_Qt6_qml --> node_venv_lib_python3_12_site-packages_PyQt6_Qt6_qml_QtQuick["QtQuick"]\n    node_venv_lib_python3_12_site-packages_PyQt6_Qt6_qml_QtQuick --> node_venv_lib_python3_12_site-packages_PyQt6_Qt6_qml_QtQuick_Controls["Controls"]\n    node_venv_lib_python3_12_site-packages_PyQt6_Qt6_qml_QtQuick_Controls --> node_venv_lib_python3_12_site-packages_PyQt6_Qt6_qml_QtQuick_Controls_FluentWinUI3["FluentWinUI3"]\n    node_venv_lib_python3_12_site-packages_PyQt6_Qt6_qml_QtQuick_Controls_FluentWinUI3 --> node_venv_lib_python3_12_site-packages_PyQt6_Qt6_qml_QtQuick_Controls_FluentWinUI3_dark["dark"]\n    node_venv_lib_python3_12_site-packages_PyQt6_Qt6_qml_QtQuick_Controls_FluentWinUI3_dark --> node_venv_lib_python3_12_site-packages_PyQt6_Qt6_qml_QtQuick_Controls_FluentWinUI3_dark_images["images"]\n    node_venv_lib_python3_12_site-packages_PyQt6_Qt6_qml_QtQuick_Controls_FluentWinUI3_dark_images --> node_venv_lib_python3_12_site-packages_PyQt6_Qt6_qml_QtQuick_Controls_FluentWinUI3_dark_images_rangeslider-second-handle@3x_png["rangeslider-second-handle@3x.png"]\n    Root --> node_venv["venv"]\n    node_venv --> node_venv_lib["lib"]\n    node_venv_lib --> node_venv_lib_python3_12["python3.12"]\n    node_venv_lib_python3_12 --> node_venv_lib_python3_12_site-packages["site-packages"]\n    node_venv_lib_python3_12_site-packages --> node_venv_lib_python3_12_site-packages_PyQt6["PyQt6"]\n    node_venv_lib_python3_12_site-packages_PyQt6 --> node_venv_lib_python3_12_site-packages_PyQt6_Qt6["Qt6"]\n    node_venv_lib_python3_12_site-packages_PyQt6_Qt6 --> node_venv_lib_python3_12_site-packages_PyQt6_Qt6_qml["qml"]\n    node_venv_lib_python3_12_site-packages_PyQt6_Qt6_qml --> node_venv_lib_python3_12_site-packages_PyQt6_Qt6_qml_QtQuick["QtQuick"]\n    node_venv_lib_python3_12_site-packages_PyQt6_Qt6_qml_QtQuick --> node_venv_lib_python3_12_site-packages_PyQt6_Qt6_qml_QtQuick_Controls["Controls"]\n    node_venv_lib_python3_12_site-packages_PyQt6_Qt6_qml_QtQuick_Controls --> node_venv_lib_python3_12_site-packages_PyQt6_Qt6_qml_QtQuick_Controls_FluentWinUI3["FluentWinUI3"]\n    node_venv_lib_python3_12_site-packages_PyQt6_Qt6_qml_QtQuick_Controls_FluentWinUI3 --> node_venv_lib_python3_12_site-packages_PyQt6_Qt6_qml_QtQuick_Controls_FluentWinUI3_dark["dark"]\n    node_venv_lib_python3_12_site-packages_PyQt6_Qt6_qml_QtQuick_Controls_FluentWinUI3_dark --> node_venv_lib_python3_12_site-packages_PyQt6_Qt6_qml_QtQuick_Controls_FluentWinUI3_dark_images["images"]\n    node_venv_lib_python3_12_site-packages_PyQt6_Qt6_qml_QtQuick_Controls_FluentWinUI3_dark_images --> node_venv_lib_python3_12_site-packages_PyQt6_Qt6_qml_QtQuick_Controls_FluentWinUI3_dark_images_slider-groove-disabled_png["slider-groove-disabled.png"]\n    Root --> node_venv["venv"]\n    node_venv --> node_venv_lib["lib"]\n    node_venv_lib --> node_venv_lib_python3_12["python3.12"]\n    node_venv_lib_python3_12 --> node_venv_lib_python3_12_site-packages["site-packages"]\n    node_venv_lib_python3_12_site-packages --> node_venv_lib_python3_12_site-packages_PyQt6["PyQt6"]\n    node_venv_lib_python3_12_site-packages_PyQt6 --> node_venv_lib_python3_12_site-packages_PyQt6_Qt6["Qt6"]\n    node_venv_lib_python3_12_site-packages_PyQt6_Qt6 --> node_venv_lib_python3_12_site-packages_PyQt6_Qt6_qml["qml"]\n    node_venv_lib_python3_12_site-packages_PyQt6_Qt6_qml --> node_venv_lib_python3_12_site-packages_PyQt6_Qt6_qml_QtQuick["QtQuick"]\n    node_venv_lib_python3_12_site-packages_PyQt6_Qt6_qml_QtQuick --> node_venv_lib_python3_12_site-packages_PyQt6_Qt6_qml_QtQuick_Controls["Controls"]\n    node_venv_lib_python3_12_site-packages_PyQt6_Qt6_qml_QtQuick_Controls --> node_venv_lib_python3_12_site-packages_PyQt6_Qt6_qml_QtQuick_Controls_FluentWinUI3["FluentWinUI3"]\n    node_venv_lib_python3_12_site-packages_PyQt6_Qt6_qml_QtQuick_Controls_FluentWinUI3 --> node_venv_lib_python3_12_site-packages_PyQt6_Qt6_qml_QtQuick_Controls_FluentWinUI3_dark["dark"]\n    node_venv_lib_python3_12_site-packages_PyQt6_Qt6_qml_QtQuick_Controls_FluentWinUI3_dark --> node_venv_lib_python3_12_site-packages_PyQt6_Qt6_qml_QtQuick_Controls_FluentWinUI3_dark_images["images"]\n    node_venv_lib_python3_12_site-packages_PyQt6_Qt6_qml_QtQuick_Controls_FluentWinUI3_dark_images --> node_venv_lib_python3_12_site-packages_PyQt6_Qt6_qml_QtQuick_Controls_FluentWinUI3_dark_images_slider-groove-disabled@2x_png["slider-groove-disabled@2x.png"]\n    Root --> node_venv["venv"]\n    node_venv --> node_venv_lib["lib"]\n    node_venv_lib --> node_venv_lib_python3_12["python3.12"]\n    node_venv_lib_python3_12 --> node_venv_lib_python3_12_site-packages["site-packages"]\n    node_venv_lib_python3_12_site-packages --> node_venv_lib_python3_12_site-packages_PyQt6["PyQt6"]\n    node_venv_lib_python3_12_site-packages_PyQt6 --> node_venv_lib_python3_12_site-packages_PyQt6_Qt6["Qt6"]\n    node_venv_lib_python3_12_site-packages_PyQt6_Qt6 --> node_venv_lib_python3_12_site-packages_PyQt6_Qt6_qml["qml"]\n    node_venv_lib_python3_12_site-packages_PyQt6_Qt6_qml --> node_venv_lib_python3_12_site-packages_PyQt6_Qt6_qml_QtQuick["QtQuick"]\n    node_venv_lib_python3_12_site-packages_PyQt6_Qt6_qml_QtQuick --> node_venv_lib_python3_12_site-packages_PyQt6_Qt6_qml_QtQuick_Controls["Controls"]\n    node_venv_lib_python3_12_site-packages_PyQt6_Qt6_qml_QtQuick_Controls --> node_venv_lib_python3_12_site-packages_PyQt6_Qt6_qml_QtQuick_Controls_FluentWinUI3["FluentWinUI3"]\n    node_venv_lib_python3_12_site-packages_PyQt6_Qt6_qml_QtQuick_Controls_FluentWinUI3 --> node_venv_lib_python3_12_site-packages_PyQt6_Qt6_qml_QtQuick_Controls_FluentWinUI3_dark["dark"]\n    node_venv_lib_python3_12_site-packages_PyQt6_Qt6_qml_QtQuick_Controls_FluentWinUI3_dark --> node_venv_lib_python3_12_site-packages_PyQt6_Qt6_qml_QtQuick_Controls_FluentWinUI3_dark_images["images"]\n    node_venv_lib_python3_12_site-packages_PyQt6_Qt6_qml_QtQuick_Controls_FluentWinUI3_dark_images --> node_venv_lib_python3_12_site-packages_PyQt6_Qt6_qml_QtQuick_Controls_FluentWinUI3_dark_images_slider-groove-disabled@3x_png["slider-groove-disabled@3x.png"]\n    Root --> node_venv["venv"]\n    node_venv --> node_venv_lib["lib"]\n    node_venv_lib --> node_venv_lib_python3_12["python3.12"]\n    node_venv_lib_python3_12 --> node_venv_lib_python3_12_site-packages["site-packages"]\n    node_venv_lib_python3_12_site-packages --> node_venv_lib_python3_12_site-packages_PyQt6["PyQt6"]\n    node_venv_lib_python3_12_site-packages_PyQt6 --> node_venv_lib_python3_12_site-packages_PyQt6_Qt6["Qt6"]\n    node_venv_lib_python3_12_site-packages_PyQt6_Qt6 --> node_venv_lib_python3_12_site-packages_PyQt6_Qt6_qml["qml"]\n    node_venv_lib_python3_12_site-packages_PyQt6_Qt6_qml --> node_venv_lib_python3_12_site-packages_PyQt6_Qt6_qml_QtQuick["QtQuick"]\n    node_venv_lib_python3_12_site-packages_PyQt6_Qt6_qml_QtQuick --> node_venv_lib_python3_12_site-packages_PyQt6_Qt6_qml_QtQuick_Controls["Controls"]\n    node_venv_lib_python3_12_site-packages_PyQt6_Qt6_qml_QtQuick_Controls --> node_venv_lib_python3_12_site-packages_PyQt6_Qt6_qml_QtQuick_Controls_FluentWinUI3["FluentWinUI3"]\n    node_venv_lib_python3_12_site-packages_PyQt6_Qt6_qml_QtQuick_Controls_FluentWinUI3 --> node_venv_lib_python3_12_site-packages_PyQt6_Qt6_qml_QtQuick_Controls_FluentWinUI3_dark["dark"]\n    node_venv_lib_python3_12_site-packages_PyQt6_Qt6_qml_QtQuick_Controls_FluentWinUI3_dark --> node_venv_lib_python3_12_site-packages_PyQt6_Qt6_qml_QtQuick_Controls_FluentWinUI3_dark_images["images"]\n    node_venv_lib_python3_12_site-packages_PyQt6_Qt6_qml_QtQuick_Controls_FluentWinUI3_dark_images --> node_venv_lib_python3_12_site-packages_PyQt6_Qt6_qml_QtQuick_Controls_FluentWinUI3_dark_images_slider-groove-hovered_png["slider-groove-hovered.png"]\n    Root --> node_venv["venv"]\n    node_venv --> node_venv_lib["lib"]\n    node_venv_lib --> node_venv_lib_python3_12["python3.12"]\n    node_venv_lib_python3_12 --> node_venv_lib_python3_12_site-packages["site-packages"]\n    node_venv_lib_python3_12_site-packages --> node_venv_lib_python3_12_site-packages_PyQt6["PyQt6"]\n    node_venv_lib_python3_12_site-packages_PyQt6 --> node_venv_lib_python3_12_site-packages_PyQt6_Qt6["Qt6"]\n    node_venv_lib_python3_12_site-packages_PyQt6_Qt6 --> node_venv_lib_python3_12_site-packages_PyQt6_Qt6_qml["qml"]\n    node_venv_lib_python3_12_site-packages_PyQt6_Qt6_qml --> node_venv_lib_python3_12_site-packages_PyQt6_Qt6_qml_QtQuick["QtQuick"]\n    node_venv_lib_python3_12_site-packages_PyQt6_Qt6_qml_QtQuick --> node_venv_lib_python3_12_site-packages_PyQt6_Qt6_qml_QtQuick_Controls["Controls"]\n    node_venv_lib_python3_12_site-packages_PyQt6_Qt6_qml_QtQuick_Controls --> node_venv_lib_python3_12_site-packages_PyQt6_Qt6_qml_QtQuick_Controls_FluentWinUI3["FluentWinUI3"]\n    node_venv_lib_python3_12_site-packages_PyQt6_Qt6_qml_QtQuick_Controls_FluentWinUI3 --> node_venv_lib_python3_12_site-packages_PyQt6_Qt6_qml_QtQuick_Controls_FluentWinUI3_dark["dark"]\n    node_venv_lib_python3_12_site-packages_PyQt6_Qt6_qml_QtQuick_Controls_FluentWinUI3_dark --> node_venv_lib_python3_12_site-packages_PyQt6_Qt6_qml_QtQuick_Controls_FluentWinUI3_dark_images["images"]\n    node_venv_lib_python3_12_site-packages_PyQt6_Qt6_qml_QtQuick_Controls_FluentWinUI3_dark_images --> node_venv_lib_python3_12_site-packages_PyQt6_Qt6_qml_QtQuick_Controls_FluentWinUI3_dark_images_slider-groove-hovered@2x_png["slider-groove-hovered@2x.png"]\n    Root --> node_venv["venv"]\n    node_venv --> node_venv_lib["lib"]\n    node_venv_lib --> node_venv_lib_python3_12["python3.12"]\n    node_venv_lib_python3_12 --> node_venv_lib_python3_12_site-packages["site-packages"]\n    node_venv_lib_python3_12_site-packages --> node_venv_lib_python3_12_site-packages_PyQt6["PyQt6"]\n    node_venv_lib_python3_12_site-packages_PyQt6 --> node_venv_lib_python3_12_site-packages_PyQt6_Qt6["Qt6"]\n    node_venv_lib_python3_12_site-packages_PyQt6_Qt6 --> node_venv_lib_python3_12_site-packages_PyQt6_Qt6_qml["qml"]\n    node_venv_lib_python3_12_site-packages_PyQt6_Qt6_qml --> node_venv_lib_python3_12_site-packages_PyQt6_Qt6_qml_QtQuick["QtQuick"]\n    node_venv_lib_python3_12_site-packages_PyQt6_Qt6_qml_QtQuick --> node_venv_lib_python3_12_site-packages_PyQt6_Qt6_qml_QtQuick_Controls["Controls"]\n    node_venv_lib_python3_12_site-packages_PyQt6_Qt6_qml_QtQuick_Controls --> node_venv_lib_python3_12_site-packages_PyQt6_Qt6_qml_QtQuick_Controls_FluentWinUI3["FluentWinUI3"]\n    node_venv_lib_python3_12_site-packages_PyQt6_Qt6_qml_QtQuick_Controls_FluentWinUI3 --> node_venv_lib_python3_12_site-packages_PyQt6_Qt6_qml_QtQuick_Controls_FluentWinUI3_dark["dark"]\n    node_venv_lib_python3_12_site-packages_PyQt6_Qt6_qml_QtQuick_Controls_FluentWinUI3_dark --> node_venv_lib_python3_12_site-packages_PyQt6_Qt6_qml_QtQuick_Controls_FluentWinUI3_dark_images["images"]\n    node_venv_lib_python3_12_site-packages_PyQt6_Qt6_qml_QtQuick_Controls_FluentWinUI3_dark_images --> node_venv_lib_python3_12_site-packages_PyQt6_Qt6_qml_QtQuick_Controls_FluentWinUI3_dark_images_slider-groove-hovered@3x_png["slider-groove-hovered@3x.png"]\n    Root --> node_venv["venv"]\n    node_venv --> node_venv_lib["lib"]\n    node_venv_lib --> node_venv_lib_python3_12["python3.12"]\n    node_venv_lib_python3_12 --> node_venv_lib_python3_12_site-packages["site-packages"]\n    node_venv_lib_python3_12_site-packages --> node_venv_lib_python3_12_site-packages_PyQt6["PyQt6"]\n    node_venv_lib_python3_12_site-packages_PyQt6 --> node_venv_lib_python3_12_site-packages_PyQt6_Qt6["Qt6"]\n    node_venv_lib_python3_12_site-packages_PyQt6_Qt6 --> node_venv_lib_python3_12_site-packages_PyQt6_Qt6_qml["qml"]\n    node_venv_lib_python3_12_site-packages_PyQt6_Qt6_qml --> node_venv_lib_python3_12_site-packages_PyQt6_Qt6_qml_QtQuick["QtQuick"]\n    node_venv_lib_python3_12_site-packages_PyQt6_Qt6_qml_QtQuick --> node_venv_lib_python3_12_site-packages_PyQt6_Qt6_qml_QtQuick_Controls["Controls"]\n    node_venv_lib_python3_12_site-packages_PyQt6_Qt6_qml_QtQuick_Controls --> node_venv_lib_python3_12_site-packages_PyQt6_Qt6_qml_QtQuick_Controls_FluentWinUI3["FluentWinUI3"]\n    node_venv_lib_python3_12_site-packages_PyQt6_Qt6_qml_QtQuick_Controls_FluentWinUI3 --> node_venv_lib_python3_12_site-packages_PyQt6_Qt6_qml_QtQuick_Controls_FluentWinUI3_dark["dark"]\n    node_venv_lib_python3_12_site-packages_PyQt6_Qt6_qml_QtQuick_Controls_FluentWinUI3_dark --> node_venv_lib_python3_12_site-packages_PyQt6_Qt6_qml_QtQuick_Controls_FluentWinUI3_dark_images["images"]\n    node_venv_lib_python3_12_site-packages_PyQt6_Qt6_qml_QtQuick_Controls_FluentWinUI3_dark_images --> node_venv_lib_python3_12_site-packages_PyQt6_Qt6_qml_QtQuick_Controls_FluentWinUI3_dark_images_slider-groove-pressed_png["slider-groove-pressed.png"]\n    Root --> node_venv["venv"]\n    node_venv --> node_venv_lib["lib"]\n    node_venv_lib --> node_venv_lib_python3_12["python3.12"]\n    node_venv_lib_python3_12 --> node_venv_lib_python3_12_site-packages["site-packages"]\n    node_venv_lib_python3_12_site-packages --> node_venv_lib_python3_12_site-packages_PyQt6["PyQt6"]\n    node_venv_lib_python3_12_site-packages_PyQt6 --> node_venv_lib_python3_12_site-packages_PyQt6_Qt6["Qt6"]\n    node_venv_lib_python3_12_site-packages_PyQt6_Qt6 --> node_venv_lib_python3_12_site-packages_PyQt6_Qt6_qml["qml"]\n    node_venv_lib_python3_12_site-packages_PyQt6_Qt6_qml --> node_venv_lib_python3_12_site-packages_PyQt6_Qt6_qml_QtQuick["QtQuick"]\n    node_venv_lib_python3_12_site-packages_PyQt6_Qt6_qml_QtQuick --> node_venv_lib_python3_12_site-packages_PyQt6_Qt6_qml_QtQuick_Controls["Controls"]\n    node_venv_lib_python3_12_site-packages_PyQt6_Qt6_qml_QtQuick_Controls --> node_venv_lib_python3_12_site-packages_PyQt6_Qt6_qml_QtQuick_Controls_FluentWinUI3["FluentWinUI3"]\n    node_venv_lib_python3_12_site-packages_PyQt6_Qt6_qml_QtQuick_Controls_FluentWinUI3 --> node_venv_lib_python3_12_site-packages_PyQt6_Qt6_qml_QtQuick_Controls_FluentWinUI3_dark["dark"]\n    node_venv_lib_python3_12_site-packages_PyQt6_Qt6_qml_QtQuick_Controls_FluentWinUI3_dark --> node_venv_lib_python3_12_site-packages_PyQt6_Qt6_qml_QtQuick_Controls_FluentWinUI3_dark_images["images"]\n    node_venv_lib_python3_12_site-packages_PyQt6_Qt6_qml_QtQuick_Controls_FluentWinUI3_dark_images --> node_venv_lib_python3_12_site-packages_PyQt6_Qt6_qml_QtQuick_Controls_FluentWinUI3_dark_images_slider-groove-pressed@2x_png["slider-groove-pressed@2x.png"]\n    Root --> node_venv["venv"]\n    node_venv --> node_venv_lib["lib"]\n    node_venv_lib --> node_venv_lib_python3_12["python3.12"]\n    node_venv_lib_python3_12 --> node_venv_lib_python3_12_site-packages["site-packages"]\n    node_venv_lib_python3_12_site-packages --> node_venv_lib_python3_12_site-packages_PyQt6["PyQt6"]\n    node_venv_lib_python3_12_site-packages_PyQt6 --> node_venv_lib_python3_12_site-packages_PyQt6_Qt6["Qt6"]\n    node_venv_lib_python3_12_site-packages_PyQt6_Qt6 --> node_venv_lib_python3_12_site-packages_PyQt6_Qt6_qml["qml"]\n    node_venv_lib_python3_12_site-packages_PyQt6_Qt6_qml --> node_venv_lib_python3_12_site-packages_PyQt6_Qt6_qml_QtQuick["QtQuick"]\n    node_venv_lib_python3_12_site-packages_PyQt6_Qt6_qml_QtQuick --> node_venv_lib_python3_12_site-packages_PyQt6_Qt6_qml_QtQuick_Controls["Controls"]\n    node_venv_lib_python3_12_site-packages_PyQt6_Qt6_qml_QtQuick_Controls --> node_venv_lib_python3_12_site-packages_PyQt6_Qt6_qml_QtQuick_Controls_FluentWinUI3["FluentWinUI3"]\n    node_venv_lib_python3_12_site-packages_PyQt6_Qt6_qml_QtQuick_Controls_FluentWinUI3 --> node_venv_lib_python3_12_site-packages_PyQt6_Qt6_qml_QtQuick_Controls_FluentWinUI3_dark["dark"]\n    node_venv_lib_python3_12_site-packages_PyQt6_Qt6_qml_QtQuick_Controls_FluentWinUI3_dark --> node_venv_lib_python3_12_site-packages_PyQt6_Qt6_qml_QtQuick_Controls_FluentWinUI3_dark_images["images"]\n    node_venv_lib_python3_12_site-packages_PyQt6_Qt6_qml_QtQuick_Controls_FluentWinUI3_dark_images --> node_venv_lib_python3_12_site-packages_PyQt6_Qt6_qml_QtQuick_Controls_FluentWinUI3_dark_images_slider-groove-pressed@3x_png["slider-groove-pressed@3x.png"]\n    Root --> node_venv["venv"]\n    node_venv --> node_venv_lib["lib"]\n    node_venv_lib --> node_venv_lib_python3_12["python3.12"]\n    node_venv_lib_python3_12 --> node_venv_lib_python3_12_site-packages["site-packages"]\n    node_venv_lib_python3_12_site-packages --> node_venv_lib_python3_12_site-packages_PyQt6["PyQt6"]\n    node_venv_lib_python3_12_site-packages_PyQt6 --> node_venv_lib_python3_12_site-packages_PyQt6_Qt6["Qt6"]\n    node_venv_lib_python3_12_site-packages_PyQt6_Qt6 --> node_venv_lib_python3_12_site-packages_PyQt6_Qt6_qml["qml"]\n    node_venv_lib_python3_12_site-packages_PyQt6_Qt6_qml --> node_venv_lib_python3_12_site-packages_PyQt6_Qt6_qml_QtQuick["QtQuick"]\n    node_venv_lib_python3_12_site-packages_PyQt6_Qt6_qml_QtQuick --> node_venv_lib_python3_12_site-packages_PyQt6_Qt6_qml_QtQuick_Controls["Controls"]\n    node_venv_lib_python3_12_site-packages_PyQt6_Qt6_qml_QtQuick_Controls --> node_venv_lib_python3_12_site-packages_PyQt6_Qt6_qml_QtQuick_Controls_FluentWinUI3["FluentWinUI3"]\n    node_venv_lib_python3_12_site-packages_PyQt6_Qt6_qml_QtQuick_Controls_FluentWinUI3 --> node_venv_lib_python3_12_site-packages_PyQt6_Qt6_qml_QtQuick_Controls_FluentWinUI3_dark["dark"]\n    node_venv_lib_python3_12_site-packages_PyQt6_Qt6_qml_QtQuick_Controls_FluentWinUI3_dark --> node_venv_lib_python3_12_site-packages_PyQt6_Qt6_qml_QtQuick_Controls_FluentWinUI3_dark_images["images"]\n    node_venv_lib_python3_12_site-packages_PyQt6_Qt6_qml_QtQuick_Controls_FluentWinUI3_dark_images --> node_venv_lib_python3_12_site-packages_PyQt6_Qt6_qml_QtQuick_Controls_FluentWinUI3_dark_images_slider-groove_png["slider-groove.png"]\n    Root --> node_venv["venv"]\n    node_venv --> node_venv_lib["lib"]\n    node_venv_lib --> node_venv_lib_python3_12["python3.12"]\n    node_venv_lib_python3_12 --> node_venv_lib_python3_12_site-packages["site-packages"]\n    node_venv_lib_python3_12_site-packages --> node_venv_lib_python3_12_site-packages_PyQt6["PyQt6"]\n    node_venv_lib_python3_12_site-packages_PyQt6 --> node_venv_lib_python3_12_site-packages_PyQt6_Qt6["Qt6"]\n    node_venv_lib_python3_12_site-packages_PyQt6_Qt6 --> node_venv_lib_python3_12_site-packages_PyQt6_Qt6_qml["qml"]\n    node_venv_lib_python3_12_site-packages_PyQt6_Qt6_qml --> node_venv_lib_python3_12_site-packages_PyQt6_Qt6_qml_QtQuick["QtQuick"]\n    node_venv_lib_python3_12_site-packages_PyQt6_Qt6_qml_QtQuick --> node_venv_lib_python3_12_site-packages_PyQt6_Qt6_qml_QtQuick_Controls["Controls"]\n    node_venv_lib_python3_12_site-packages_PyQt6_Qt6_qml_QtQuick_Controls --> node_venv_lib_python3_12_site-packages_PyQt6_Qt6_qml_QtQuick_Controls_FluentWinUI3["FluentWinUI3"]\n    node_venv_lib_python3_12_site-packages_PyQt6_Qt6_qml_QtQuick_Controls_FluentWinUI3 --> node_venv_lib_python3_12_site-packages_PyQt6_Qt6_qml_QtQuick_Controls_FluentWinUI3_dark["dark"]\n    node_venv_lib_python3_12_site-packages_PyQt6_Qt6_qml_QtQuick_Controls_FluentWinUI3_dark --> node_venv_lib_python3_12_site-packages_PyQt6_Qt6_qml_QtQuick_Controls_FluentWinUI3_dark_images["images"]\n    node_venv_lib_python3_12_site-packages_PyQt6_Qt6_qml_QtQuick_Controls_FluentWinUI3_dark_images --> node_venv_lib_python3_12_site-packages_PyQt6_Qt6_qml_QtQuick_Controls_FluentWinUI3_dark_images_slider-groove@2x_png["slider-groove@2x.png"]\n    Root --> node_venv["venv"]\n    node_venv --> node_venv_lib["lib"]\n    node_venv_lib --> node_venv_lib_python3_12["python3.12"]\n    node_venv_lib_python3_12 --> node_venv_lib_python3_12_site-packages["site-packages"]\n    node_venv_lib_python3_12_site-packages --> node_venv_lib_python3_12_site-packages_PyQt6["PyQt6"]\n    node_venv_lib_python3_12_site-packages_PyQt6 --> node_venv_lib_python3_12_site-packages_PyQt6_Qt6["Qt6"]\n    node_venv_lib_python3_12_site-packages_PyQt6_Qt6 --> node_venv_lib_python3_12_site-packages_PyQt6_Qt6_qml["qml"]\n    node_venv_lib_python3_12_site-packages_PyQt6_Qt6_qml --> node_venv_lib_python3_12_site-packages_PyQt6_Qt6_qml_QtQuick["QtQuick"]\n    node_venv_lib_python3_12_site-packages_PyQt6_Qt6_qml_QtQuick --> node_venv_lib_python3_12_site-packages_PyQt6_Qt6_qml_QtQuick_Controls["Controls"]\n    node_venv_lib_python3_12_site-packages_PyQt6_Qt6_qml_QtQuick_Controls --> node_venv_lib_python3_12_site-packages_PyQt6_Qt6_qml_QtQuick_Controls_FluentWinUI3["FluentWinUI3"]\n    node_venv_lib_python3_12_site-packages_PyQt6_Qt6_qml_QtQuick_Controls_FluentWinUI3 --> node_venv_lib_python3_12_site-packages_PyQt6_Qt6_qml_QtQuick_Controls_FluentWinUI3_dark["dark"]\n    node_venv_lib_python3_12_site-packages_PyQt6_Qt6_qml_QtQuick_Controls_FluentWinUI3_dark --> node_venv_lib_python3_12_site-packages_PyQt6_Qt6_qml_QtQuick_Controls_FluentWinUI3_dark_images["images"]\n    node_venv_lib_python3_12_site-packages_PyQt6_Qt6_qml_QtQuick_Controls_FluentWinUI3_dark_images --> node_venv_lib_python3_12_site-packages_PyQt6_Qt6_qml_QtQuick_Controls_FluentWinUI3_dark_images_slider-groove@3x_png["slider-groove@3x.png"]\n    Root --> node_venv["venv"]\n    node_venv --> node_venv_lib["lib"]\n    node_venv_lib --> node_venv_lib_python3_12["python3.12"]\n    node_venv_lib_python3_12 --> node_venv_lib_python3_12_site-packages["site-packages"]\n    node_venv_lib_python3_12_site-packages --> node_venv_lib_python3_12_site-packages_PyQt6["PyQt6"]\n    node_venv_lib_python3_12_site-packages_PyQt6 --> node_venv_lib_python3_12_site-packages_PyQt6_Qt6["Qt6"]\n    node_venv_lib_python3_12_site-packages_PyQt6_Qt6 --> node_venv_lib_python3_12_site-packages_PyQt6_Qt6_qml["qml"]\n    node_venv_lib_python3_12_site-packages_PyQt6_Qt6_qml --> node_venv_lib_python3_12_site-packages_PyQt6_Qt6_qml_QtQuick["QtQuick"]\n    node_venv_lib_python3_12_site-packages_PyQt6_Qt6_qml_QtQuick --> node_venv_lib_python3_12_site-packages_PyQt6_Qt6_qml_QtQuick_Controls["Controls"]\n    node_venv_lib_python3_12_site-packages_PyQt6_Qt6_qml_QtQuick_Controls --> node_venv_lib_python3_12_site-packages_PyQt6_Qt6_qml_QtQuick_Controls_FluentWinUI3["FluentWinUI3"]\n    node_venv_lib_python3_12_site-packages_PyQt6_Qt6_qml_QtQuick_Controls_FluentWinUI3 --> node_venv_lib_python3_12_site-packages_PyQt6_Qt6_qml_QtQuick_Controls_FluentWinUI3_dark["dark"]\n    node_venv_lib_python3_12_site-packages_PyQt6_Qt6_qml_QtQuick_Controls_FluentWinUI3_dark --> node_venv_lib_python3_12_site-packages_PyQt6_Qt6_qml_QtQuick_Controls_FluentWinUI3_dark_images["images"]\n    node_venv_lib_python3_12_site-packages_PyQt6_Qt6_qml_QtQuick_Controls_FluentWinUI3_dark_images --> node_venv_lib_python3_12_site-packages_PyQt6_Qt6_qml_QtQuick_Controls_FluentWinUI3_dark_images_slider-handle-disabled_png["slider-handle-disabled.png"]\n    Root --> node_venv["venv"]\n    node_venv --> node_venv_lib["lib"]\n    node_venv_lib --> node_venv_lib_python3_12["python3.12"]\n    node_venv_lib_python3_12 --> node_venv_lib_python3_12_site-packages["site-packages"]\n    node_venv_lib_python3_12_site-packages --> node_venv_lib_python3_12_site-packages_PyQt6["PyQt6"]\n    node_venv_lib_python3_12_site-packages_PyQt6 --> node_venv_lib_python3_12_site-packages_PyQt6_Qt6["Qt6"]\n    node_venv_lib_python3_12_site-packages_PyQt6_Qt6 --> node_venv_lib_python3_12_site-packages_PyQt6_Qt6_qml["qml"]\n    node_venv_lib_python3_12_site-packages_PyQt6_Qt6_qml --> node_venv_lib_python3_12_site-packages_PyQt6_Qt6_qml_QtQuick["QtQuick"]\n    node_venv_lib_python3_12_site-packages_PyQt6_Qt6_qml_QtQuick --> node_venv_lib_python3_12_site-packages_PyQt6_Qt6_qml_QtQuick_Controls["Controls"]\n    node_venv_lib_python3_12_site-packages_PyQt6_Qt6_qml_QtQuick_Controls --> node_venv_lib_python3_12_site-packages_PyQt6_Qt6_qml_QtQuick_Controls_FluentWinUI3["FluentWinUI3"]\n    node_venv_lib_python3_12_site-packages_PyQt6_Qt6_qml_QtQuick_Controls_FluentWinUI3 --> node_venv_lib_python3_12_site-packages_PyQt6_Qt6_qml_QtQuick_Controls_FluentWinUI3_dark["dark"]\n    node_venv_lib_python3_12_site-packages_PyQt6_Qt6_qml_QtQuick_Controls_FluentWinUI3_dark --> node_venv_lib_python3_12_site-packages_PyQt6_Qt6_qml_QtQuick_Controls_FluentWinUI3_dark_images["images"]\n    node_venv_lib_python3_12_site-packages_PyQt6_Qt6_qml_QtQuick_Controls_FluentWinUI3_dark_images --> node_venv_lib_python3_12_site-packages_PyQt6_Qt6_qml_QtQuick_Controls_FluentWinUI3_dark_images_slider-handle-disabled@2x_png["slider-handle-disabled@2x.png"]\n    Root --> node_venv["venv"]\n    node_venv --> node_venv_lib["lib"]\n    node_venv_lib --> node_venv_lib_python3_12["python3.12"]\n    node_venv_lib_python3_12 --> node_venv_lib_python3_12_site-packages["site-packages"]\n    node_venv_lib_python3_12_site-packages --> node_venv_lib_python3_12_site-packages_PyQt6["PyQt6"]\n    node_venv_lib_python3_12_site-packages_PyQt6 --> node_venv_lib_python3_12_site-packages_PyQt6_Qt6["Qt6"]\n    node_venv_lib_python3_12_site-packages_PyQt6_Qt6 --> node_venv_lib_python3_12_site-packages_PyQt6_Qt6_qml["qml"]\n    node_venv_lib_python3_12_site-packages_PyQt6_Qt6_qml --> node_venv_lib_python3_12_site-packages_PyQt6_Qt6_qml_QtQuick["QtQuick"]\n    node_venv_lib_python3_12_site-packages_PyQt6_Qt6_qml_QtQuick --> node_venv_lib_python3_12_site-packages_PyQt6_Qt6_qml_QtQuick_Controls["Controls"]\n    node_venv_lib_python3_12_site-packages_PyQt6_Qt6_qml_QtQuick_Controls --> node_venv_lib_python3_12_site-packages_PyQt6_Qt6_qml_QtQuick_Controls_FluentWinUI3["FluentWinUI3"]\n    node_venv_lib_python3_12_site-packages_PyQt6_Qt6_qml_QtQuick_Controls_FluentWinUI3 --> node_venv_lib_python3_12_site-packages_PyQt6_Qt6_qml_QtQuick_Controls_FluentWinUI3_dark["dark"]\n    node_venv_lib_python3_12_site-packages_PyQt6_Qt6_qml_QtQuick_Controls_FluentWinUI3_dark --> node_venv_lib_python3_12_site-packages_PyQt6_Qt6_qml_QtQuick_Controls_FluentWinUI3_dark_images["images"]\n    node_venv_lib_python3_12_site-packages_PyQt6_Qt6_qml_QtQuick_Controls_FluentWinUI3_dark_images --> node_venv_lib_python3_12_site-packages_PyQt6_Qt6_qml_QtQuick_Controls_FluentWinUI3_dark_images_slider-handle-disabled@3x_png["slider-handle-disabled@3x.png"]\n    Root --> node_venv["venv"]\n    node_venv --> node_venv_lib["lib"]\n    node_venv_lib --> node_venv_lib_python3_12["python3.12"]\n    node_venv_lib_python3_12 --> node_venv_lib_python3_12_site-packages["site-packages"]\n    node_venv_lib_python3_12_site-packages --> node_venv_lib_python3_12_site-packages_PyQt6["PyQt6"]\n    node_venv_lib_python3_12_site-packages_PyQt6 --> node_venv_lib_python3_12_site-packages_PyQt6_Qt6["Qt6"]\n    node_venv_lib_python3_12_site-packages_PyQt6_Qt6 --> node_venv_lib_python3_12_site-packages_PyQt6_Qt6_qml["qml"]\n    node_venv_lib_python3_12_site-packages_PyQt6_Qt6_qml --> node_venv_lib_python3_12_site-packages_PyQt6_Qt6_qml_QtQuick["QtQuick"]\n    node_venv_lib_python3_12_site-packages_PyQt6_Qt6_qml_QtQuick --> node_venv_lib_python3_12_site-packages_PyQt6_Qt6_qml_QtQuick_Controls["Controls"]\n    node_venv_lib_python3_12_site-packages_PyQt6_Qt6_qml_QtQuick_Controls --> node_venv_lib_python3_12_site-packages_PyQt6_Qt6_qml_QtQuick_Controls_FluentWinUI3["FluentWinUI3"]\n    node_venv_lib_python3_12_site-packages_PyQt6_Qt6_qml_QtQuick_Controls_FluentWinUI3 --> node_venv_lib_python3_12_site-packages_PyQt6_Qt6_qml_QtQuick_Controls_FluentWinUI3_dark["dark"]\n    node_venv_lib_python3_12_site-packages_PyQt6_Qt6_qml_QtQuick_Controls_FluentWinUI3_dark --> node_venv_lib_python3_12_site-packages_PyQt6_Qt6_qml_QtQuick_Controls_FluentWinUI3_dark_images["images"]\n    node_venv_lib_python3_12_site-packages_PyQt6_Qt6_qml_QtQuick_Controls_FluentWinUI3_dark_images --> node_venv_lib_python3_12_site-packages_PyQt6_Qt6_qml_QtQuick_Controls_FluentWinUI3_dark_images_slider-handle-hovered_png["slider-handle-hovered.png"]\n    Root --> node_venv["venv"]\n    node_venv --> node_venv_lib["lib"]\n    node_venv_lib --> node_venv_lib_python3_12["python3.12"]\n    node_venv_lib_python3_12 --> node_venv_lib_python3_12_site-packages["site-packages"]\n    node_venv_lib_python3_12_site-packages --> node_venv_lib_python3_12_site-packages_PyQt6["PyQt6"]\n    node_venv_lib_python3_12_site-packages_PyQt6 --> node_venv_lib_python3_12_site-packages_PyQt6_Qt6["Qt6"]\n    node_venv_lib_python3_12_site-packages_PyQt6_Qt6 --> node_venv_lib_python3_12_site-packages_PyQt6_Qt6_qml["qml"]\n    node_venv_lib_python3_12_site-packages_PyQt6_Qt6_qml --> node_venv_lib_python3_12_site-packages_PyQt6_Qt6_qml_QtQuick["QtQuick"]\n    node_venv_lib_python3_12_site-packages_PyQt6_Qt6_qml_QtQuick --> node_venv_lib_python3_12_site-packages_PyQt6_Qt6_qml_QtQuick_Controls["Controls"]\n    node_venv_lib_python3_12_site-packages_PyQt6_Qt6_qml_QtQuick_Controls --> node_venv_lib_python3_12_site-packages_PyQt6_Qt6_qml_QtQuick_Controls_FluentWinUI3["FluentWinUI3"]\n    node_venv_lib_python3_12_site-packages_PyQt6_Qt6_qml_QtQuick_Controls_FluentWinUI3 --> node_venv_lib_python3_12_site-packages_PyQt6_Qt6_qml_QtQuick_Controls_FluentWinUI3_dark["dark"]\n    node_venv_lib_python3_12_site-packages_PyQt6_Qt6_qml_QtQuick_Controls_FluentWinUI3_dark --> node_venv_lib_python3_12_site-packages_PyQt6_Qt6_qml_QtQuick_Controls_FluentWinUI3_dark_images["images"]\n    node_venv_lib_python3_12_site-packages_PyQt6_Qt6_qml_QtQuick_Controls_FluentWinUI3_dark_images --> node_venv_lib_python3_12_site-packages_PyQt6_Qt6_qml_QtQuick_Controls_FluentWinUI3_dark_images_slider-handle-hovered@2x_png["slider-handle-hovered@2x.png"]\n    Root --> node_venv["venv"]\n    node_venv --> node_venv_lib["lib"]\n    node_venv_lib --> node_venv_lib_python3_12["python3.12"]\n    node_venv_lib_python3_12 --> node_venv_lib_python3_12_site-packages["site-packages"]\n    node_venv_lib_python3_12_site-packages --> node_venv_lib_python3_12_site-packages_PyQt6["PyQt6"]\n    node_venv_lib_python3_12_site-packages_PyQt6 --> node_venv_lib_python3_12_site-packages_PyQt6_Qt6["Qt6"]\n    node_venv_lib_python3_12_site-packages_PyQt6_Qt6 --> node_venv_lib_python3_12_site-packages_PyQt6_Qt6_qml["qml"]\n    node_venv_lib_python3_12_site-packages_PyQt6_Qt6_qml --> node_venv_lib_python3_12_site-packages_PyQt6_Qt6_qml_QtQuick["QtQuick"]\n    node_venv_lib_python3_12_site-packages_PyQt6_Qt6_qml_QtQuick --> node_venv_lib_python3_12_site-packages_PyQt6_Qt6_qml_QtQuick_Controls["Controls"]\n    node_venv_lib_python3_12_site-packages_PyQt6_Qt6_qml_QtQuick_Controls --> node_venv_lib_python3_12_site-packages_PyQt6_Qt6_qml_QtQuick_Controls_FluentWinUI3["FluentWinUI3"]\n    node_venv_lib_python3_12_site-packages_PyQt6_Qt6_qml_QtQuick_Controls_FluentWinUI3 --> node_venv_lib_python3_12_site-packages_PyQt6_Qt6_qml_QtQuick_Controls_FluentWinUI3_dark["dark"]\n    node_venv_lib_python3_12_site-packages_PyQt6_Qt6_qml_QtQuick_Controls_FluentWinUI3_dark --> node_venv_lib_python3_12_site-packages_PyQt6_Qt6_qml_QtQuick_Controls_FluentWinUI3_dark_images["images"]\n    node_venv_lib_python3_12_site-packages_PyQt6_Qt6_qml_QtQuick_Controls_FluentWinUI3_dark_images --> node_venv_lib_python3_12_site-packages_PyQt6_Qt6_qml_QtQuick_Controls_FluentWinUI3_dark_images_slider-handle-hovered@3x_png["slider-handle-hovered@3x.png"]\n    Root --> node_venv["venv"]\n    node_venv --> node_venv_lib["lib"]\n    node_venv_lib --> node_venv_lib_python3_12["python3.12"]\n    node_venv_lib_python3_12 --> node_venv_lib_python3_12_site-packages["site-packages"]\n    node_venv_lib_python3_12_site-packages --> node_venv_lib_python3_12_site-packages_PyQt6["PyQt6"]\n    node_venv_lib_python3_12_site-packages_PyQt6 --> node_venv_lib_python3_12_site-packages_PyQt6_Qt6["Qt6"]\n    node_venv_lib_python3_12_site-packages_PyQt6_Qt6 --> node_venv_lib_python3_12_site-packages_PyQt6_Qt6_qml["qml"]\n    node_venv_lib_python3_12_site-packages_PyQt6_Qt6_qml --> node_venv_lib_python3_12_site-packages_PyQt6_Qt6_qml_QtQuick["QtQuick"]\n    node_venv_lib_python3_12_site-packages_PyQt6_Qt6_qml_QtQuick --> node_venv_lib_python3_12_site-packages_PyQt6_Qt6_qml_QtQuick_Controls["Controls"]\n    node_venv_lib_python3_12_site-packages_PyQt6_Qt6_qml_QtQuick_Controls --> node_venv_lib_python3_12_site-packages_PyQt6_Qt6_qml_QtQuick_Controls_FluentWinUI3["FluentWinUI3"]\n    node_venv_lib_python3_12_site-packages_PyQt6_Qt6_qml_QtQuick_Controls_FluentWinUI3 --> node_venv_lib_python3_12_site-packages_PyQt6_Qt6_qml_QtQuick_Controls_FluentWinUI3_dark["dark"]\n    node_venv_lib_python3_12_site-packages_PyQt6_Qt6_qml_QtQuick_Controls_FluentWinUI3_dark --> node_venv_lib_python3_12_site-packages_PyQt6_Qt6_qml_QtQuick_Controls_FluentWinUI3_dark_images["images"]\n    node_venv_lib_python3_12_site-packages_PyQt6_Qt6_qml_QtQuick_Controls_FluentWinUI3_dark_images --> node_venv_lib_python3_12_site-packages_PyQt6_Qt6_qml_QtQuick_Controls_FluentWinUI3_dark_images_slider-handle-pressed_png["slider-handle-pressed.png"]\n    Root --> node_venv["venv"]\n    node_venv --> node_venv_lib["lib"]\n    node_venv_lib --> node_venv_lib_python3_12["python3.12"]\n    node_venv_lib_python3_12 --> node_venv_lib_python3_12_site-packages["site-packages"]\n    node_venv_lib_python3_12_site-packages --> node_venv_lib_python3_12_site-packages_PyQt6["PyQt6"]\n    node_venv_lib_python3_12_site-packages_PyQt6 --> node_venv_lib_python3_12_site-packages_PyQt6_Qt6["Qt6"]\n    node_venv_lib_python3_12_site-packages_PyQt6_Qt6 --> node_venv_lib_python3_12_site-packages_PyQt6_Qt6_qml["qml"]\n    node_venv_lib_python3_12_site-packages_PyQt6_Qt6_qml --> node_venv_lib_python3_12_site-packages_PyQt6_Qt6_qml_QtQuick["QtQuick"]\n    node_venv_lib_python3_12_site-packages_PyQt6_Qt6_qml_QtQuick --> node_venv_lib_python3_12_site-packages_PyQt6_Qt6_qml_QtQuick_Controls["Controls"]\n    node_venv_lib_python3_12_site-packages_PyQt6_Qt6_qml_QtQuick_Controls --> node_venv_lib_python3_12_site-packages_PyQt6_Qt6_qml_QtQuick_Controls_FluentWinUI3["FluentWinUI3"]\n    node_venv_lib_python3_12_site-packages_PyQt6_Qt6_qml_QtQuick_Controls_FluentWinUI3 --> node_venv_lib_python3_12_site-packages_PyQt6_Qt6_qml_QtQuick_Controls_FluentWinUI3_dark["dark"]\n    node_venv_lib_python3_12_site-packages_PyQt6_Qt6_qml_QtQuick_Controls_FluentWinUI3_dark --> node_venv_lib_python3_12_site-packages_PyQt6_Qt6_qml_QtQuick_Controls_FluentWinUI3_dark_images["images"]\n    node_venv_lib_python3_12_site-packages_PyQt6_Qt6_qml_QtQuick_Controls_FluentWinUI3_dark_images --> node_venv_lib_python3_12_site-packages_PyQt6_Qt6_qml_QtQuick_Controls_FluentWinUI3_dark_images_slider-handle-pressed@2x_png["slider-handle-pressed@2x.png"]\n    Root --> node_venv["venv"]\n    node_venv --> node_venv_lib["lib"]\n    node_venv_lib --> node_venv_lib_python3_12["python3.12"]\n    node_venv_lib_python3_12 --> node_venv_lib_python3_12_site-packages["site-packages"]\n    node_venv_lib_python3_12_site-packages --> node_venv_lib_python3_12_site-packages_PyQt6["PyQt6"]\n    node_venv_lib_python3_12_site-packages_PyQt6 --> node_venv_lib_python3_12_site-packages_PyQt6_Qt6["Qt6"]\n    node_venv_lib_python3_12_site-packages_PyQt6_Qt6 --> node_venv_lib_python3_12_site-packages_PyQt6_Qt6_qml["qml"]\n    node_venv_lib_python3_12_site-packages_PyQt6_Qt6_qml --> node_venv_lib_python3_12_site-packages_PyQt6_Qt6_qml_QtQuick["QtQuick"]\n    node_venv_lib_python3_12_site-packages_PyQt6_Qt6_qml_QtQuick --> node_venv_lib_python3_12_site-packages_PyQt6_Qt6_qml_QtQuick_Controls["Controls"]\n    node_venv_lib_python3_12_site-packages_PyQt6_Qt6_qml_QtQuick_Controls --> node_venv_lib_python3_12_site-packages_PyQt6_Qt6_qml_QtQuick_Controls_FluentWinUI3["FluentWinUI3"]\n    node_venv_lib_python3_12_site-packages_PyQt6_Qt6_qml_QtQuick_Controls_FluentWinUI3 --> node_venv_lib_python3_12_site-packages_PyQt6_Qt6_qml_QtQuick_Controls_FluentWinUI3_dark["dark"]\n    node_venv_lib_python3_12_site-packages_PyQt6_Qt6_qml_QtQuick_Controls_FluentWinUI3_dark --> node_venv_lib_python3_12_site-packages_PyQt6_Qt6_qml_QtQuick_Controls_FluentWinUI3_dark_images["images"]\n    node_venv_lib_python3_12_site-packages_PyQt6_Qt6_qml_QtQuick_Controls_FluentWinUI3_dark_images --> node_venv_lib_python3_12_site-packages_PyQt6_Qt6_qml_QtQuick_Controls_FluentWinUI3_dark_images_slider-handle-pressed@3x_png["slider-handle-pressed@3x.png"]\n    Root --> node_venv["venv"]\n    node_venv --> node_venv_lib["lib"]\n    node_venv_lib --> node_venv_lib_python3_12["python3.12"]\n    node_venv_lib_python3_12 --> node_venv_lib_python3_12_site-packages["site-packages"]\n    node_venv_lib_python3_12_site-packages --> node_venv_lib_python3_12_site-packages_PyQt6["PyQt6"]\n    node_venv_lib_python3_12_site-packages_PyQt6 --> node_venv_lib_python3_12_site-packages_PyQt6_Qt6["Qt6"]\n    node_venv_lib_python3_12_site-packages_PyQt6_Qt6 --> node_venv_lib_python3_12_site-packages_PyQt6_Qt6_qml["qml"]\n    node_venv_lib_python3_12_site-packages_PyQt6_Qt6_qml --> node_venv_lib_python3_12_site-packages_PyQt6_Qt6_qml_QtQuick["QtQuick"]\n    node_venv_lib_python3_12_site-packages_PyQt6_Qt6_qml_QtQuick --> node_venv_lib_python3_12_site-packages_PyQt6_Qt6_qml_QtQuick_Controls["Controls"]\n    node_venv_lib_python3_12_site-packages_PyQt6_Qt6_qml_QtQuick_Controls --> node_venv_lib_python3_12_site-packages_PyQt6_Qt6_qml_QtQuick_Controls_FluentWinUI3["FluentWinUI3"]\n    node_venv_lib_python3_12_site-packages_PyQt6_Qt6_qml_QtQuick_Controls_FluentWinUI3 --> node_venv_lib_python3_12_site-packages_PyQt6_Qt6_qml_QtQuick_Controls_FluentWinUI3_dark["dark"]\n    node_venv_lib_python3_12_site-packages_PyQt6_Qt6_qml_QtQuick_Controls_FluentWinUI3_dark --> node_venv_lib_python3_12_site-packages_PyQt6_Qt6_qml_QtQuick_Controls_FluentWinUI3_dark_images["images"]\n    node_venv_lib_python3_12_site-packages_PyQt6_Qt6_qml_QtQuick_Controls_FluentWinUI3_dark_images --> node_venv_lib_python3_12_site-packages_PyQt6_Qt6_qml_QtQuick_Controls_FluentWinUI3_dark_images_slider-handle_png["slider-handle.png"]\n    Root --> node_venv["venv"]\n    node_venv --> node_venv_lib["lib"]\n    node_venv_lib --> node_venv_lib_python3_12["python3.12"]\n    node_venv_lib_python3_12 --> node_venv_lib_python3_12_site-packages["site-packages"]\n    node_venv_lib_python3_12_site-packages --> node_venv_lib_python3_12_site-packages_PyQt6["PyQt6"]\n    node_venv_lib_python3_12_site-packages_PyQt6 --> node_venv_lib_python3_12_site-packages_PyQt6_Qt6["Qt6"]\n    node_venv_lib_python3_12_site-packages_PyQt6_Qt6 --> node_venv_lib_python3_12_site-packages_PyQt6_Qt6_qml["qml"]\n    node_venv_lib_python3_12_site-packages_PyQt6_Qt6_qml --> node_venv_lib_python3_12_site-packages_PyQt6_Qt6_qml_QtQuick["QtQuick"]\n    node_venv_lib_python3_12_site-packages_PyQt6_Qt6_qml_QtQuick --> node_venv_lib_python3_12_site-packages_PyQt6_Qt6_qml_QtQuick_Controls["Controls"]\n    node_venv_lib_python3_12_site-packages_PyQt6_Qt6_qml_QtQuick_Controls --> node_venv_lib_python3_12_site-packages_PyQt6_Qt6_qml_QtQuick_Controls_FluentWinUI3["FluentWinUI3"]\n    node_venv_lib_python3_12_site-packages_PyQt6_Qt6_qml_QtQuick_Controls_FluentWinUI3 --> node_venv_lib_python3_12_site-packages_PyQt6_Qt6_qml_QtQuick_Controls_FluentWinUI3_dark["dark"]\n    node_venv_lib_python3_12_site-packages_PyQt6_Qt6_qml_QtQuick_Controls_FluentWinUI3_dark --> node_venv_lib_python3_12_site-packages_PyQt6_Qt6_qml_QtQuick_Controls_FluentWinUI3_dark_images["images"]\n    node_venv_lib_python3_12_site-packages_PyQt6_Qt6_qml_QtQuick_Controls_FluentWinUI3_dark_images --> node_venv_lib_python3_12_site-packages_PyQt6_Qt6_qml_QtQuick_Controls_FluentWinUI3_dark_images_slider-handle@2x_png["slider-handle@2x.png"]\n    Root --> node_venv["venv"]\n    node_venv --> node_venv_lib["lib"]\n    node_venv_lib --> node_venv_lib_python3_12["python3.12"]\n    node_venv_lib_python3_12 --> node_venv_lib_python3_12_site-packages["site-packages"]\n    node_venv_lib_python3_12_site-packages --> node_venv_lib_python3_12_site-packages_PyQt6["PyQt6"]\n    node_venv_lib_python3_12_site-packages_PyQt6 --> node_venv_lib_python3_12_site-packages_PyQt6_Qt6["Qt6"]\n    node_venv_lib_python3_12_site-packages_PyQt6_Qt6 --> node_venv_lib_python3_12_site-packages_PyQt6_Qt6_qml["qml"]\n    node_venv_lib_python3_12_site-packages_PyQt6_Qt6_qml --> node_venv_lib_python3_12_site-packages_PyQt6_Qt6_qml_QtQuick["QtQuick"]\n    node_venv_lib_python3_12_site-packages_PyQt6_Qt6_qml_QtQuick --> node_venv_lib_python3_12_site-packages_PyQt6_Qt6_qml_QtQuick_Controls["Controls"]\n    node_venv_lib_python3_12_site-packages_PyQt6_Qt6_qml_QtQuick_Controls --> node_venv_lib_python3_12_site-packages_PyQt6_Qt6_qml_QtQuick_Controls_FluentWinUI3["FluentWinUI3"]\n    node_venv_lib_python3_12_site-packages_PyQt6_Qt6_qml_QtQuick_Controls_FluentWinUI3 --> node_venv_lib_python3_12_site-packages_PyQt6_Qt6_qml_QtQuick_Controls_FluentWinUI3_dark["dark"]\n    node_venv_lib_python3_12_site-packages_PyQt6_Qt6_qml_QtQuick_Controls_FluentWinUI3_dark --> node_venv_lib_python3_12_site-packages_PyQt6_Qt6_qml_QtQuick_Controls_FluentWinUI3_dark_images["images"]\n    node_venv_lib_python3_12_site-packages_PyQt6_Qt6_qml_QtQuick_Controls_FluentWinUI3_dark_images --> node_venv_lib_python3_12_site-packages_PyQt6_Qt6_qml_QtQuick_Controls_FluentWinUI3_dark_images_slider-handle@3x_png["slider-handle@3x.png"]\n    Root --> node_venv["venv"]\n    node_venv --> node_venv_lib["lib"]\n    node_venv_lib --> node_venv_lib_python3_12["python3.12"]\n    node_venv_lib_python3_12 --> node_venv_lib_python3_12_site-packages["site-packages"]\n    node_venv_lib_python3_12_site-packages --> node_venv_lib_python3_12_site-packages_PyQt6["PyQt6"]\n    node_venv_lib_python3_12_site-packages_PyQt6 --> node_venv_lib_python3_12_site-packages_PyQt6_Qt6["Qt6"]\n    node_venv_lib_python3_12_site-packages_PyQt6_Qt6 --> node_venv_lib_python3_12_site-packages_PyQt6_Qt6_qml["qml"]\n    node_venv_lib_python3_12_site-packages_PyQt6_Qt6_qml --> node_venv_lib_python3_12_site-packages_PyQt6_Qt6_qml_QtQuick["QtQuick"]\n    node_venv_lib_python3_12_site-packages_PyQt6_Qt6_qml_QtQuick --> node_venv_lib_python3_12_site-packages_PyQt6_Qt6_qml_QtQuick_Controls["Controls"]\n    node_venv_lib_python3_12_site-packages_PyQt6_Qt6_qml_QtQuick_Controls --> node_venv_lib_python3_12_site-packages_PyQt6_Qt6_qml_QtQuick_Controls_FluentWinUI3["FluentWinUI3"]\n    node_venv_lib_python3_12_site-packages_PyQt6_Qt6_qml_QtQuick_Controls_FluentWinUI3 --> node_venv_lib_python3_12_site-packages_PyQt6_Qt6_qml_QtQuick_Controls_FluentWinUI3_dark["dark"]\n    node_venv_lib_python3_12_site-packages_PyQt6_Qt6_qml_QtQuick_Controls_FluentWinUI3_dark --> node_venv_lib_python3_12_site-packages_PyQt6_Qt6_qml_QtQuick_Controls_FluentWinUI3_dark_images["images"]\n    node_venv_lib_python3_12_site-packages_PyQt6_Qt6_qml_QtQuick_Controls_FluentWinUI3_dark_images --> node_venv_lib_python3_12_site-packages_PyQt6_Qt6_qml_QtQuick_Controls_FluentWinUI3_dark_images_spinbox-background-atlimit_png["spinbox-background-atlimit.png"]\n    Root --> node_venv["venv"]\n    node_venv --> node_venv_lib["lib"]\n    node_venv_lib --> node_venv_lib_python3_12["python3.12"]\n    node_venv_lib_python3_12 --> node_venv_lib_python3_12_site-packages["site-packages"]\n    node_venv_lib_python3_12_site-packages --> node_venv_lib_python3_12_site-packages_PyQt6["PyQt6"]\n    node_venv_lib_python3_12_site-packages_PyQt6 --> node_venv_lib_python3_12_site-packages_PyQt6_Qt6["Qt6"]\n    node_venv_lib_python3_12_site-packages_PyQt6_Qt6 --> node_venv_lib_python3_12_site-packages_PyQt6_Qt6_qml["qml"]\n    node_venv_lib_python3_12_site-packages_PyQt6_Qt6_qml --> node_venv_lib_python3_12_site-packages_PyQt6_Qt6_qml_QtQuick["QtQuick"]\n    node_venv_lib_python3_12_site-packages_PyQt6_Qt6_qml_QtQuick --> node_venv_lib_python3_12_site-packages_PyQt6_Qt6_qml_QtQuick_Controls["Controls"]\n    node_venv_lib_python3_12_site-packages_PyQt6_Qt6_qml_QtQuick_Controls --> node_venv_lib_python3_12_site-packages_PyQt6_Qt6_qml_QtQuick_Controls_FluentWinUI3["FluentWinUI3"]\n    node_venv_lib_python3_12_site-packages_PyQt6_Qt6_qml_QtQuick_Controls_FluentWinUI3 --> node_venv_lib_python3_12_site-packages_PyQt6_Qt6_qml_QtQuick_Controls_FluentWinUI3_dark["dark"]\n    node_venv_lib_python3_12_site-packages_PyQt6_Qt6_qml_QtQuick_Controls_FluentWinUI3_dark --> node_venv_lib_python3_12_site-packages_PyQt6_Qt6_qml_QtQuick_Controls_FluentWinUI3_dark_images["images"]\n    node_venv_lib_python3_12_site-packages_PyQt6_Qt6_qml_QtQuick_Controls_FluentWinUI3_dark_images --> node_venv_lib_python3_12_site-packages_PyQt6_Qt6_qml_QtQuick_Controls_FluentWinUI3_dark_images_spinbox-background-atlimit@2x_png["spinbox-background-atlimit@2x.png"]\n    Root --> node_venv["venv"]\n    node_venv --> node_venv_lib["lib"]\n    node_venv_lib --> node_venv_lib_python3_12["python3.12"]\n    node_venv_lib_python3_12 --> node_venv_lib_python3_12_site-packages["site-packages"]\n    node_venv_lib_python3_12_site-packages --> node_venv_lib_python3_12_site-packages_PyQt6["PyQt6"]\n    node_venv_lib_python3_12_site-packages_PyQt6 --> node_venv_lib_python3_12_site-packages_PyQt6_Qt6["Qt6"]\n    node_venv_lib_python3_12_site-packages_PyQt6_Qt6 --> node_venv_lib_python3_12_site-packages_PyQt6_Qt6_qml["qml"]\n    node_venv_lib_python3_12_site-packages_PyQt6_Qt6_qml --> node_venv_lib_python3_12_site-packages_PyQt6_Qt6_qml_QtQuick["QtQuick"]\n    node_venv_lib_python3_12_site-packages_PyQt6_Qt6_qml_QtQuick --> node_venv_lib_python3_12_site-packages_PyQt6_Qt6_qml_QtQuick_Controls["Controls"]\n    node_venv_lib_python3_12_site-packages_PyQt6_Qt6_qml_QtQuick_Controls --> node_venv_lib_python3_12_site-packages_PyQt6_Qt6_qml_QtQuick_Controls_FluentWinUI3["FluentWinUI3"]\n    node_venv_lib_python3_12_site-packages_PyQt6_Qt6_qml_QtQuick_Controls_FluentWinUI3 --> node_venv_lib_python3_12_site-packages_PyQt6_Qt6_qml_QtQuick_Controls_FluentWinUI3_dark["dark"]\n    node_venv_lib_python3_12_site-packages_PyQt6_Qt6_qml_QtQuick_Controls_FluentWinUI3_dark --> node_venv_lib_python3_12_site-packages_PyQt6_Qt6_qml_QtQuick_Controls_FluentWinUI3_dark_images["images"]\n    node_venv_lib_python3_12_site-packages_PyQt6_Qt6_qml_QtQuick_Controls_FluentWinUI3_dark_images --> node_venv_lib_python3_12_site-packages_PyQt6_Qt6_qml_QtQuick_Controls_FluentWinUI3_dark_images_spinbox-background-atlimit@3x_png["spinbox-background-atlimit@3x.png"]\n    Root --> node_venv["venv"]\n    node_venv --> node_venv_lib["lib"]\n    node_venv_lib --> node_venv_lib_python3_12["python3.12"]\n    node_venv_lib_python3_12 --> node_venv_lib_python3_12_site-packages["site-packages"]\n    node_venv_lib_python3_12_site-packages --> node_venv_lib_python3_12_site-packages_PyQt6["PyQt6"]\n    node_venv_lib_python3_12_site-packages_PyQt6 --> node_venv_lib_python3_12_site-packages_PyQt6_Qt6["Qt6"]\n    node_venv_lib_python3_12_site-packages_PyQt6_Qt6 --> node_venv_lib_python3_12_site-packages_PyQt6_Qt6_qml["qml"]\n    node_venv_lib_python3_12_site-packages_PyQt6_Qt6_qml --> node_venv_lib_python3_12_site-packages_PyQt6_Qt6_qml_QtQuick["QtQuick"]\n    node_venv_lib_python3_12_site-packages_PyQt6_Qt6_qml_QtQuick --> node_venv_lib_python3_12_site-packages_PyQt6_Qt6_qml_QtQuick_Controls["Controls"]\n    node_venv_lib_python3_12_site-packages_PyQt6_Qt6_qml_QtQuick_Controls --> node_venv_lib_python3_12_site-packages_PyQt6_Qt6_qml_QtQuick_Controls_FluentWinUI3["FluentWinUI3"]\n    node_venv_lib_python3_12_site-packages_PyQt6_Qt6_qml_QtQuick_Controls_FluentWinUI3 --> node_venv_lib_python3_12_site-packages_PyQt6_Qt6_qml_QtQuick_Controls_FluentWinUI3_dark["dark"]\n    node_venv_lib_python3_12_site-packages_PyQt6_Qt6_qml_QtQuick_Controls_FluentWinUI3_dark --> node_venv_lib_python3_12_site-packages_PyQt6_Qt6_qml_QtQuick_Controls_FluentWinUI3_dark_images["images"]\n    node_venv_lib_python3_12_site-packages_PyQt6_Qt6_qml_QtQuick_Controls_FluentWinUI3_dark_images --> node_venv_lib_python3_12_site-packages_PyQt6_Qt6_qml_QtQuick_Controls_FluentWinUI3_dark_images_spinbox-background-disabled_png["spinbox-background-disabled.png"]\n    Root --> node_venv["venv"]\n    node_venv --> node_venv_lib["lib"]\n    node_venv_lib --> node_venv_lib_python3_12["python3.12"]\n    node_venv_lib_python3_12 --> node_venv_lib_python3_12_site-packages["site-packages"]\n    node_venv_lib_python3_12_site-packages --> node_venv_lib_python3_12_site-packages_PyQt6["PyQt6"]\n    node_venv_lib_python3_12_site-packages_PyQt6 --> node_venv_lib_python3_12_site-packages_PyQt6_Qt6["Qt6"]\n    node_venv_lib_python3_12_site-packages_PyQt6_Qt6 --> node_venv_lib_python3_12_site-packages_PyQt6_Qt6_qml["qml"]\n    node_venv_lib_python3_12_site-packages_PyQt6_Qt6_qml --> node_venv_lib_python3_12_site-packages_PyQt6_Qt6_qml_QtQuick["QtQuick"]\n    node_venv_lib_python3_12_site-packages_PyQt6_Qt6_qml_QtQuick --> node_venv_lib_python3_12_site-packages_PyQt6_Qt6_qml_QtQuick_Controls["Controls"]\n    node_venv_lib_python3_12_site-packages_PyQt6_Qt6_qml_QtQuick_Controls --> node_venv_lib_python3_12_site-packages_PyQt6_Qt6_qml_QtQuick_Controls_FluentWinUI3["FluentWinUI3"]\n    node_venv_lib_python3_12_site-packages_PyQt6_Qt6_qml_QtQuick_Controls_FluentWinUI3 --> node_venv_lib_python3_12_site-packages_PyQt6_Qt6_qml_QtQuick_Controls_FluentWinUI3_dark["dark"]\n    node_venv_lib_python3_12_site-packages_PyQt6_Qt6_qml_QtQuick_Controls_FluentWinUI3_dark --> node_venv_lib_python3_12_site-packages_PyQt6_Qt6_qml_QtQuick_Controls_FluentWinUI3_dark_images["images"]\n    node_venv_lib_python3_12_site-packages_PyQt6_Qt6_qml_QtQuick_Controls_FluentWinUI3_dark_images --> node_venv_lib_python3_12_site-packages_PyQt6_Qt6_qml_QtQuick_Controls_FluentWinUI3_dark_images_spinbox-background-disabled@2x_png["spinbox-background-disabled@2x.png"]\n    Root --> node_venv["venv"]\n    node_venv --> node_venv_lib["lib"]\n    node_venv_lib --> node_venv_lib_python3_12["python3.12"]\n    node_venv_lib_python3_12 --> node_venv_lib_python3_12_site-packages["site-packages"]\n    node_venv_lib_python3_12_site-packages --> node_venv_lib_python3_12_site-packages_PyQt6["PyQt6"]\n    node_venv_lib_python3_12_site-packages_PyQt6 --> node_venv_lib_python3_12_site-packages_PyQt6_Qt6["Qt6"]\n    node_venv_lib_python3_12_site-packages_PyQt6_Qt6 --> node_venv_lib_python3_12_site-packages_PyQt6_Qt6_qml["qml"]\n    node_venv_lib_python3_12_site-packages_PyQt6_Qt6_qml --> node_venv_lib_python3_12_site-packages_PyQt6_Qt6_qml_QtQuick["QtQuick"]\n    node_venv_lib_python3_12_site-packages_PyQt6_Qt6_qml_QtQuick --> node_venv_lib_python3_12_site-packages_PyQt6_Qt6_qml_QtQuick_Controls["Controls"]\n    node_venv_lib_python3_12_site-packages_PyQt6_Qt6_qml_QtQuick_Controls --> node_venv_lib_python3_12_site-packages_PyQt6_Qt6_qml_QtQuick_Controls_FluentWinUI3["FluentWinUI3"]\n    node_venv_lib_python3_12_site-packages_PyQt6_Qt6_qml_QtQuick_Controls_FluentWinUI3 --> node_venv_lib_python3_12_site-packages_PyQt6_Qt6_qml_QtQuick_Controls_FluentWinUI3_dark["dark"]\n    node_venv_lib_python3_12_site-packages_PyQt6_Qt6_qml_QtQuick_Controls_FluentWinUI3_dark --> node_venv_lib_python3_12_site-packages_PyQt6_Qt6_qml_QtQuick_Controls_FluentWinUI3_dark_images["images"]\n    node_venv_lib_python3_12_site-packages_PyQt6_Qt6_qml_QtQuick_Controls_FluentWinUI3_dark_images --> node_venv_lib_python3_12_site-packages_PyQt6_Qt6_qml_QtQuick_Controls_FluentWinUI3_dark_images_spinbox-background-disabled@3x_png["spinbox-background-disabled@3x.png"]\n    Root --> node_venv["venv"]\n    node_venv --> node_venv_lib["lib"]\n    node_venv_lib --> node_venv_lib_python3_12["python3.12"]\n    node_venv_lib_python3_12 --> node_venv_lib_python3_12_site-packages["site-packages"]\n    node_venv_lib_python3_12_site-packages --> node_venv_lib_python3_12_site-packages_PyQt6["PyQt6"]\n    node_venv_lib_python3_12_site-packages_PyQt6 --> node_venv_lib_python3_12_site-packages_PyQt6_Qt6["Qt6"]\n    node_venv_lib_python3_12_site-packages_PyQt6_Qt6 --> node_venv_lib_python3_12_site-packages_PyQt6_Qt6_qml["qml"]\n    node_venv_lib_python3_12_site-packages_PyQt6_Qt6_qml --> node_venv_lib_python3_12_site-packages_PyQt6_Qt6_qml_QtQuick["QtQuick"]\n    node_venv_lib_python3_12_site-packages_PyQt6_Qt6_qml_QtQuick --> node_venv_lib_python3_12_site-packages_PyQt6_Qt6_qml_QtQuick_Controls["Controls"]\n    node_venv_lib_python3_12_site-packages_PyQt6_Qt6_qml_QtQuick_Controls --> node_venv_lib_python3_12_site-packages_PyQt6_Qt6_qml_QtQuick_Controls_FluentWinUI3["FluentWinUI3"]\n    node_venv_lib_python3_12_site-packages_PyQt6_Qt6_qml_QtQuick_Controls_FluentWinUI3 --> node_venv_lib_python3_12_site-packages_PyQt6_Qt6_qml_QtQuick_Controls_FluentWinUI3_dark["dark"]\n    node_venv_lib_python3_12_site-packages_PyQt6_Qt6_qml_QtQuick_Controls_FluentWinUI3_dark --> node_venv_lib_python3_12_site-packages_PyQt6_Qt6_qml_QtQuick_Controls_FluentWinUI3_dark_images["images"]\n    node_venv_lib_python3_12_site-packages_PyQt6_Qt6_qml_QtQuick_Controls_FluentWinUI3_dark_images --> node_venv_lib_python3_12_site-packages_PyQt6_Qt6_qml_QtQuick_Controls_FluentWinUI3_dark_images_spinbox-background-down-hovered_png["spinbox-background-down-hovered.png"]\n    Root --> node_venv["venv"]\n    node_venv --> node_venv_lib["lib"]\n    node_venv_lib --> node_venv_lib_python3_12["python3.12"]\n    node_venv_lib_python3_12 --> node_venv_lib_python3_12_site-packages["site-packages"]\n    node_venv_lib_python3_12_site-packages --> node_venv_lib_python3_12_site-packages_PyQt6["PyQt6"]\n    node_venv_lib_python3_12_site-packages_PyQt6 --> node_venv_lib_python3_12_site-packages_PyQt6_Qt6["Qt6"]\n    node_venv_lib_python3_12_site-packages_PyQt6_Qt6 --> node_venv_lib_python3_12_site-packages_PyQt6_Qt6_qml["qml"]\n    node_venv_lib_python3_12_site-packages_PyQt6_Qt6_qml --> node_venv_lib_python3_12_site-packages_PyQt6_Qt6_qml_QtQuick["QtQuick"]\n    node_venv_lib_python3_12_site-packages_PyQt6_Qt6_qml_QtQuick --> node_venv_lib_python3_12_site-packages_PyQt6_Qt6_qml_QtQuick_Controls["Controls"]\n    node_venv_lib_python3_12_site-packages_PyQt6_Qt6_qml_QtQuick_Controls --> node_venv_lib_python3_12_site-packages_PyQt6_Qt6_qml_QtQuick_Controls_FluentWinUI3["FluentWinUI3"]\n    node_venv_lib_python3_12_site-packages_PyQt6_Qt6_qml_QtQuick_Controls_FluentWinUI3 --> node_venv_lib_python3_12_site-packages_PyQt6_Qt6_qml_QtQuick_Controls_FluentWinUI3_dark["dark"]\n    node_venv_lib_python3_12_site-packages_PyQt6_Qt6_qml_QtQuick_Controls_FluentWinUI3_dark --> node_venv_lib_python3_12_site-packages_PyQt6_Qt6_qml_QtQuick_Controls_FluentWinUI3_dark_images["images"]\n    node_venv_lib_python3_12_site-packages_PyQt6_Qt6_qml_QtQuick_Controls_FluentWinUI3_dark_images --> node_venv_lib_python3_12_site-packages_PyQt6_Qt6_qml_QtQuick_Controls_FluentWinUI3_dark_images_spinbox-background-down-hovered@2x_png["spinbox-background-down-hovered@2x.png"]\n    Root --> node_venv["venv"]\n    node_venv --> node_venv_lib["lib"]\n    node_venv_lib --> node_venv_lib_python3_12["python3.12"]\n    node_venv_lib_python3_12 --> node_venv_lib_python3_12_site-packages["site-packages"]\n    node_venv_lib_python3_12_site-packages --> node_venv_lib_python3_12_site-packages_PyQt6["PyQt6"]\n    node_venv_lib_python3_12_site-packages_PyQt6 --> node_venv_lib_python3_12_site-packages_PyQt6_Qt6["Qt6"]\n    node_venv_lib_python3_12_site-packages_PyQt6_Qt6 --> node_venv_lib_python3_12_site-packages_PyQt6_Qt6_qml["qml"]\n    node_venv_lib_python3_12_site-packages_PyQt6_Qt6_qml --> node_venv_lib_python3_12_site-packages_PyQt6_Qt6_qml_QtQuick["QtQuick"]\n    node_venv_lib_python3_12_site-packages_PyQt6_Qt6_qml_QtQuick --> node_venv_lib_python3_12_site-packages_PyQt6_Qt6_qml_QtQuick_Controls["Controls"]\n    node_venv_lib_python3_12_site-packages_PyQt6_Qt6_qml_QtQuick_Controls --> node_venv_lib_python3_12_site-packages_PyQt6_Qt6_qml_QtQuick_Controls_FluentWinUI3["FluentWinUI3"]\n    node_venv_lib_python3_12_site-packages_PyQt6_Qt6_qml_QtQuick_Controls_FluentWinUI3 --> node_venv_lib_python3_12_site-packages_PyQt6_Qt6_qml_QtQuick_Controls_FluentWinUI3_dark["dark"]\n    node_venv_lib_python3_12_site-packages_PyQt6_Qt6_qml_QtQuick_Controls_FluentWinUI3_dark --> node_venv_lib_python3_12_site-packages_PyQt6_Qt6_qml_QtQuick_Controls_FluentWinUI3_dark_images["images"]\n    node_venv_lib_python3_12_site-packages_PyQt6_Qt6_qml_QtQuick_Controls_FluentWinUI3_dark_images --> node_venv_lib_python3_12_site-packages_PyQt6_Qt6_qml_QtQuick_Controls_FluentWinUI3_dark_images_spinbox-background-down-hovered@3x_png["spinbox-background-down-hovered@3x.png"]\n    Root --> node_venv["venv"]\n    node_venv --> node_venv_lib["lib"]\n    node_venv_lib --> node_venv_lib_python3_12["python3.12"]\n    node_venv_lib_python3_12 --> node_venv_lib_python3_12_site-packages["site-packages"]\n    node_venv_lib_python3_12_site-packages --> node_venv_lib_python3_12_site-packages_PyQt6["PyQt6"]\n    node_venv_lib_python3_12_site-packages_PyQt6 --> node_venv_lib_python3_12_site-packages_PyQt6_Qt6["Qt6"]\n    node_venv_lib_python3_12_site-packages_PyQt6_Qt6 --> node_venv_lib_python3_12_site-packages_PyQt6_Qt6_qml["qml"]\n    node_venv_lib_python3_12_site-packages_PyQt6_Qt6_qml --> node_venv_lib_python3_12_site-packages_PyQt6_Qt6_qml_QtQuick["QtQuick"]\n    node_venv_lib_python3_12_site-packages_PyQt6_Qt6_qml_QtQuick --> node_venv_lib_python3_12_site-packages_PyQt6_Qt6_qml_QtQuick_Controls["Controls"]\n    node_venv_lib_python3_12_site-packages_PyQt6_Qt6_qml_QtQuick_Controls --> node_venv_lib_python3_12_site-packages_PyQt6_Qt6_qml_QtQuick_Controls_FluentWinUI3["FluentWinUI3"]\n    node_venv_lib_python3_12_site-packages_PyQt6_Qt6_qml_QtQuick_Controls_FluentWinUI3 --> node_venv_lib_python3_12_site-packages_PyQt6_Qt6_qml_QtQuick_Controls_FluentWinUI3_dark["dark"]\n    node_venv_lib_python3_12_site-packages_PyQt6_Qt6_qml_QtQuick_Controls_FluentWinUI3_dark --> node_venv_lib_python3_12_site-packages_PyQt6_Qt6_qml_QtQuick_Controls_FluentWinUI3_dark_images["images"]\n    node_venv_lib_python3_12_site-packages_PyQt6_Qt6_qml_QtQuick_Controls_FluentWinUI3_dark_images --> node_venv_lib_python3_12_site-packages_PyQt6_Qt6_qml_QtQuick_Controls_FluentWinUI3_dark_images_spinbox-background-down-pressed_png["spinbox-background-down-pressed.png"]\n    Root --> node_venv["venv"]\n    node_venv --> node_venv_lib["lib"]\n    node_venv_lib --> node_venv_lib_python3_12["python3.12"]\n    node_venv_lib_python3_12 --> node_venv_lib_python3_12_site-packages["site-packages"]\n    node_venv_lib_python3_12_site-packages --> node_venv_lib_python3_12_site-packages_PyQt6["PyQt6"]\n    node_venv_lib_python3_12_site-packages_PyQt6 --> node_venv_lib_python3_12_site-packages_PyQt6_Qt6["Qt6"]\n    node_venv_lib_python3_12_site-packages_PyQt6_Qt6 --> node_venv_lib_python3_12_site-packages_PyQt6_Qt6_qml["qml"]\n    node_venv_lib_python3_12_site-packages_PyQt6_Qt6_qml --> node_venv_lib_python3_12_site-packages_PyQt6_Qt6_qml_QtQuick["QtQuick"]\n    node_venv_lib_python3_12_site-packages_PyQt6_Qt6_qml_QtQuick --> node_venv_lib_python3_12_site-packages_PyQt6_Qt6_qml_QtQuick_Controls["Controls"]\n    node_venv_lib_python3_12_site-packages_PyQt6_Qt6_qml_QtQuick_Controls --> node_venv_lib_python3_12_site-packages_PyQt6_Qt6_qml_QtQuick_Controls_FluentWinUI3["FluentWinUI3"]\n    node_venv_lib_python3_12_site-packages_PyQt6_Qt6_qml_QtQuick_Controls_FluentWinUI3 --> node_venv_lib_python3_12_site-packages_PyQt6_Qt6_qml_QtQuick_Controls_FluentWinUI3_dark["dark"]\n    node_venv_lib_python3_12_site-packages_PyQt6_Qt6_qml_QtQuick_Controls_FluentWinUI3_dark --> node_venv_lib_python3_12_site-packages_PyQt6_Qt6_qml_QtQuick_Controls_FluentWinUI3_dark_images["images"]\n    node_venv_lib_python3_12_site-packages_PyQt6_Qt6_qml_QtQuick_Controls_FluentWinUI3_dark_images --> node_venv_lib_python3_12_site-packages_PyQt6_Qt6_qml_QtQuick_Controls_FluentWinUI3_dark_images_spinbox-background-down-pressed@2x_png["spinbox-background-down-pressed@2x.png"]\n    Root --> node_venv["venv"]\n    node_venv --> node_venv_lib["lib"]\n    node_venv_lib --> node_venv_lib_python3_12["python3.12"]\n    node_venv_lib_python3_12 --> node_venv_lib_python3_12_site-packages["site-packages"]\n    node_venv_lib_python3_12_site-packages --> node_venv_lib_python3_12_site-packages_PyQt6["PyQt6"]\n    node_venv_lib_python3_12_site-packages_PyQt6 --> node_venv_lib_python3_12_site-packages_PyQt6_Qt6["Qt6"]\n    node_venv_lib_python3_12_site-packages_PyQt6_Qt6 --> node_venv_lib_python3_12_site-packages_PyQt6_Qt6_qml["qml"]\n    node_venv_lib_python3_12_site-packages_PyQt6_Qt6_qml --> node_venv_lib_python3_12_site-packages_PyQt6_Qt6_qml_QtQuick["QtQuick"]\n    node_venv_lib_python3_12_site-packages_PyQt6_Qt6_qml_QtQuick --> node_venv_lib_python3_12_site-packages_PyQt6_Qt6_qml_QtQuick_Controls["Controls"]\n    node_venv_lib_python3_12_site-packages_PyQt6_Qt6_qml_QtQuick_Controls --> node_venv_lib_python3_12_site-packages_PyQt6_Qt6_qml_QtQuick_Controls_FluentWinUI3["FluentWinUI3"]\n    node_venv_lib_python3_12_site-packages_PyQt6_Qt6_qml_QtQuick_Controls_FluentWinUI3 --> node_venv_lib_python3_12_site-packages_PyQt6_Qt6_qml_QtQuick_Controls_FluentWinUI3_dark["dark"]\n    node_venv_lib_python3_12_site-packages_PyQt6_Qt6_qml_QtQuick_Controls_FluentWinUI3_dark --> node_venv_lib_python3_12_site-packages_PyQt6_Qt6_qml_QtQuick_Controls_FluentWinUI3_dark_images["images"]\n    node_venv_lib_python3_12_site-packages_PyQt6_Qt6_qml_QtQuick_Controls_FluentWinUI3_dark_images --> node_venv_lib_python3_12_site-packages_PyQt6_Qt6_qml_QtQuick_Controls_FluentWinUI3_dark_images_spinbox-background-down-pressed@3x_png["spinbox-background-down-pressed@3x.png"]\n    Root --> node_venv["venv"]\n    node_venv --> node_venv_lib["lib"]\n    node_venv_lib --> node_venv_lib_python3_12["python3.12"]\n    node_venv_lib_python3_12 --> node_venv_lib_python3_12_site-packages["site-packages"]\n    node_venv_lib_python3_12_site-packages --> node_venv_lib_python3_12_site-packages_PyQt6["PyQt6"]\n    node_venv_lib_python3_12_site-packages_PyQt6 --> node_venv_lib_python3_12_site-packages_PyQt6_Qt6["Qt6"]\n    node_venv_lib_python3_12_site-packages_PyQt6_Qt6 --> node_venv_lib_python3_12_site-packages_PyQt6_Qt6_qml["qml"]\n    node_venv_lib_python3_12_site-packages_PyQt6_Qt6_qml --> node_venv_lib_python3_12_site-packages_PyQt6_Qt6_qml_QtQuick["QtQuick"]\n    node_venv_lib_python3_12_site-packages_PyQt6_Qt6_qml_QtQuick --> node_venv_lib_python3_12_site-packages_PyQt6_Qt6_qml_QtQuick_Controls["Controls"]\n    node_venv_lib_python3_12_site-packages_PyQt6_Qt6_qml_QtQuick_Controls --> node_venv_lib_python3_12_site-packages_PyQt6_Qt6_qml_QtQuick_Controls_FluentWinUI3["FluentWinUI3"]\n    node_venv_lib_python3_12_site-packages_PyQt6_Qt6_qml_QtQuick_Controls_FluentWinUI3 --> node_venv_lib_python3_12_site-packages_PyQt6_Qt6_qml_QtQuick_Controls_FluentWinUI3_dark["dark"]\n    node_venv_lib_python3_12_site-packages_PyQt6_Qt6_qml_QtQuick_Controls_FluentWinUI3_dark --> node_venv_lib_python3_12_site-packages_PyQt6_Qt6_qml_QtQuick_Controls_FluentWinUI3_dark_images["images"]\n    node_venv_lib_python3_12_site-packages_PyQt6_Qt6_qml_QtQuick_Controls_FluentWinUI3_dark_images --> node_venv_lib_python3_12_site-packages_PyQt6_Qt6_qml_QtQuick_Controls_FluentWinUI3_dark_images_spinbox-background-hovered_png["spinbox-background-hovered.png"]\n    Root --> node_venv["venv"]\n    node_venv --> node_venv_lib["lib"]\n    node_venv_lib --> node_venv_lib_python3_12["python3.12"]\n    node_venv_lib_python3_12 --> node_venv_lib_python3_12_site-packages["site-packages"]\n    node_venv_lib_python3_12_site-packages --> node_venv_lib_python3_12_site-packages_PyQt6["PyQt6"]\n    node_venv_lib_python3_12_site-packages_PyQt6 --> node_venv_lib_python3_12_site-packages_PyQt6_Qt6["Qt6"]\n    node_venv_lib_python3_12_site-packages_PyQt6_Qt6 --> node_venv_lib_python3_12_site-packages_PyQt6_Qt6_qml["qml"]\n    node_venv_lib_python3_12_site-packages_PyQt6_Qt6_qml --> node_venv_lib_python3_12_site-packages_PyQt6_Qt6_qml_QtQuick["QtQuick"]\n    node_venv_lib_python3_12_site-packages_PyQt6_Qt6_qml_QtQuick --> node_venv_lib_python3_12_site-packages_PyQt6_Qt6_qml_QtQuick_Controls["Controls"]\n    node_venv_lib_python3_12_site-packages_PyQt6_Qt6_qml_QtQuick_Controls --> node_venv_lib_python3_12_site-packages_PyQt6_Qt6_qml_QtQuick_Controls_FluentWinUI3["FluentWinUI3"]\n    node_venv_lib_python3_12_site-packages_PyQt6_Qt6_qml_QtQuick_Controls_FluentWinUI3 --> node_venv_lib_python3_12_site-packages_PyQt6_Qt6_qml_QtQuick_Controls_FluentWinUI3_dark["dark"]\n    node_venv_lib_python3_12_site-packages_PyQt6_Qt6_qml_QtQuick_Controls_FluentWinUI3_dark --> node_venv_lib_python3_12_site-packages_PyQt6_Qt6_qml_QtQuick_Controls_FluentWinUI3_dark_images["images"]\n    node_venv_lib_python3_12_site-packages_PyQt6_Qt6_qml_QtQuick_Controls_FluentWinUI3_dark_images --> node_venv_lib_python3_12_site-packages_PyQt6_Qt6_qml_QtQuick_Controls_FluentWinUI3_dark_images_spinbox-background-hovered@2x_png["spinbox-background-hovered@2x.png"]\n    Root --> node_venv["venv"]\n    node_venv --> node_venv_lib["lib"]\n    node_venv_lib --> node_venv_lib_python3_12["python3.12"]\n    node_venv_lib_python3_12 --> node_venv_lib_python3_12_site-packages["site-packages"]\n    node_venv_lib_python3_12_site-packages --> node_venv_lib_python3_12_site-packages_PyQt6["PyQt6"]\n    node_venv_lib_python3_12_site-packages_PyQt6 --> node_venv_lib_python3_12_site-packages_PyQt6_Qt6["Qt6"]\n    node_venv_lib_python3_12_site-packages_PyQt6_Qt6 --> node_venv_lib_python3_12_site-packages_PyQt6_Qt6_qml["qml"]\n    node_venv_lib_python3_12_site-packages_PyQt6_Qt6_qml --> node_venv_lib_python3_12_site-packages_PyQt6_Qt6_qml_QtQuick["QtQuick"]\n    node_venv_lib_python3_12_site-packages_PyQt6_Qt6_qml_QtQuick --> node_venv_lib_python3_12_site-packages_PyQt6_Qt6_qml_QtQuick_Controls["Controls"]\n    node_venv_lib_python3_12_site-packages_PyQt6_Qt6_qml_QtQuick_Controls --> node_venv_lib_python3_12_site-packages_PyQt6_Qt6_qml_QtQuick_Controls_FluentWinUI3["FluentWinUI3"]\n    node_venv_lib_python3_12_site-packages_PyQt6_Qt6_qml_QtQuick_Controls_FluentWinUI3 --> node_venv_lib_python3_12_site-packages_PyQt6_Qt6_qml_QtQuick_Controls_FluentWinUI3_dark["dark"]\n    node_venv_lib_python3_12_site-packages_PyQt6_Qt6_qml_QtQuick_Controls_FluentWinUI3_dark --> node_venv_lib_python3_12_site-packages_PyQt6_Qt6_qml_QtQuick_Controls_FluentWinUI3_dark_images["images"]\n    node_venv_lib_python3_12_site-packages_PyQt6_Qt6_qml_QtQuick_Controls_FluentWinUI3_dark_images --> node_venv_lib_python3_12_site-packages_PyQt6_Qt6_qml_QtQuick_Controls_FluentWinUI3_dark_images_spinbox-background-hovered@3x_png["spinbox-background-hovered@3x.png"]\n    Root --> node_venv["venv"]\n    node_venv --> node_venv_lib["lib"]\n    node_venv_lib --> node_venv_lib_python3_12["python3.12"]\n    node_venv_lib_python3_12 --> node_venv_lib_python3_12_site-packages["site-packages"]\n    node_venv_lib_python3_12_site-packages --> node_venv_lib_python3_12_site-packages_PyQt6["PyQt6"]\n    node_venv_lib_python3_12_site-packages_PyQt6 --> node_venv_lib_python3_12_site-packages_PyQt6_Qt6["Qt6"]\n    node_venv_lib_python3_12_site-packages_PyQt6_Qt6 --> node_venv_lib_python3_12_site-packages_PyQt6_Qt6_qml["qml"]\n    node_venv_lib_python3_12_site-packages_PyQt6_Qt6_qml --> node_venv_lib_python3_12_site-packages_PyQt6_Qt6_qml_QtQuick["QtQuick"]\n    node_venv_lib_python3_12_site-packages_PyQt6_Qt6_qml_QtQuick --> node_venv_lib_python3_12_site-packages_PyQt6_Qt6_qml_QtQuick_Controls["Controls"]\n    node_venv_lib_python3_12_site-packages_PyQt6_Qt6_qml_QtQuick_Controls --> node_venv_lib_python3_12_site-packages_PyQt6_Qt6_qml_QtQuick_Controls_FluentWinUI3["FluentWinUI3"]\n    node_venv_lib_python3_12_site-packages_PyQt6_Qt6_qml_QtQuick_Controls_FluentWinUI3 --> node_venv_lib_python3_12_site-packages_PyQt6_Qt6_qml_QtQuick_Controls_FluentWinUI3_dark["dark"]\n    node_venv_lib_python3_12_site-packages_PyQt6_Qt6_qml_QtQuick_Controls_FluentWinUI3_dark --> node_venv_lib_python3_12_site-packages_PyQt6_Qt6_qml_QtQuick_Controls_FluentWinUI3_dark_images["images"]\n    node_venv_lib_python3_12_site-packages_PyQt6_Qt6_qml_QtQuick_Controls_FluentWinUI3_dark_images --> node_venv_lib_python3_12_site-packages_PyQt6_Qt6_qml_QtQuick_Controls_FluentWinUI3_dark_images_spinbox-background-up-hovered_png["spinbox-background-up-hovered.png"]\n    Root --> node_venv["venv"]\n    node_venv --> node_venv_lib["lib"]\n    node_venv_lib --> node_venv_lib_python3_12["python3.12"]\n    node_venv_lib_python3_12 --> node_venv_lib_python3_12_site-packages["site-packages"]\n    node_venv_lib_python3_12_site-packages --> node_venv_lib_python3_12_site-packages_PyQt6["PyQt6"]\n    node_venv_lib_python3_12_site-packages_PyQt6 --> node_venv_lib_python3_12_site-packages_PyQt6_Qt6["Qt6"]\n    node_venv_lib_python3_12_site-packages_PyQt6_Qt6 --> node_venv_lib_python3_12_site-packages_PyQt6_Qt6_qml["qml"]\n    node_venv_lib_python3_12_site-packages_PyQt6_Qt6_qml --> node_venv_lib_python3_12_site-packages_PyQt6_Qt6_qml_QtQuick["QtQuick"]\n    node_venv_lib_python3_12_site-packages_PyQt6_Qt6_qml_QtQuick --> node_venv_lib_python3_12_site-packages_PyQt6_Qt6_qml_QtQuick_Controls["Controls"]\n    node_venv_lib_python3_12_site-packages_PyQt6_Qt6_qml_QtQuick_Controls --> node_venv_lib_python3_12_site-packages_PyQt6_Qt6_qml_QtQuick_Controls_FluentWinUI3["FluentWinUI3"]\n    node_venv_lib_python3_12_site-packages_PyQt6_Qt6_qml_QtQuick_Controls_FluentWinUI3 --> node_venv_lib_python3_12_site-packages_PyQt6_Qt6_qml_QtQuick_Controls_FluentWinUI3_dark["dark"]\n    node_venv_lib_python3_12_site-packages_PyQt6_Qt6_qml_QtQuick_Controls_FluentWinUI3_dark --> node_venv_lib_python3_12_site-packages_PyQt6_Qt6_qml_QtQuick_Controls_FluentWinUI3_dark_images["images"]\n    node_venv_lib_python3_12_site-packages_PyQt6_Qt6_qml_QtQuick_Controls_FluentWinUI3_dark_images --> node_venv_lib_python3_12_site-packages_PyQt6_Qt6_qml_QtQuick_Controls_FluentWinUI3_dark_images_spinbox-background-up-hovered@2x_png["spinbox-background-up-hovered@2x.png"]\n    Root --> node_venv["venv"]\n    node_venv --> node_venv_lib["lib"]\n    node_venv_lib --> node_venv_lib_python3_12["python3.12"]\n    node_venv_lib_python3_12 --> node_venv_lib_python3_12_site-packages["site-packages"]\n    node_venv_lib_python3_12_site-packages --> node_venv_lib_python3_12_site-packages_PyQt6["PyQt6"]\n    node_venv_lib_python3_12_site-packages_PyQt6 --> node_venv_lib_python3_12_site-packages_PyQt6_Qt6["Qt6"]\n    node_venv_lib_python3_12_site-packages_PyQt6_Qt6 --> node_venv_lib_python3_12_site-packages_PyQt6_Qt6_qml["qml"]\n    node_venv_lib_python3_12_site-packages_PyQt6_Qt6_qml --> node_venv_lib_python3_12_site-packages_PyQt6_Qt6_qml_QtQuick["QtQuick"]\n    node_venv_lib_python3_12_site-packages_PyQt6_Qt6_qml_QtQuick --> node_venv_lib_python3_12_site-packages_PyQt6_Qt6_qml_QtQuick_Controls["Controls"]\n    node_venv_lib_python3_12_site-packages_PyQt6_Qt6_qml_QtQuick_Controls --> node_venv_lib_python3_12_site-packages_PyQt6_Qt6_qml_QtQuick_Controls_FluentWinUI3["FluentWinUI3"]\n    node_venv_lib_python3_12_site-packages_PyQt6_Qt6_qml_QtQuick_Controls_FluentWinUI3 --> node_venv_lib_python3_12_site-packages_PyQt6_Qt6_qml_QtQuick_Controls_FluentWinUI3_dark["dark"]\n    node_venv_lib_python3_12_site-packages_PyQt6_Qt6_qml_QtQuick_Controls_FluentWinUI3_dark --> node_venv_lib_python3_12_site-packages_PyQt6_Qt6_qml_QtQuick_Controls_FluentWinUI3_dark_images["images"]\n    node_venv_lib_python3_12_site-packages_PyQt6_Qt6_qml_QtQuick_Controls_FluentWinUI3_dark_images --> node_venv_lib_python3_12_site-packages_PyQt6_Qt6_qml_QtQuick_Controls_FluentWinUI3_dark_images_spinbox-background-up-hovered@3x_png["spinbox-background-up-hovered@3x.png"]\n    Root --> node_venv["venv"]\n    node_venv --> node_venv_lib["lib"]\n    node_venv_lib --> node_venv_lib_python3_12["python3.12"]\n    node_venv_lib_python3_12 --> node_venv_lib_python3_12_site-packages["site-packages"]\n    node_venv_lib_python3_12_site-packages --> node_venv_lib_python3_12_site-packages_PyQt6["PyQt6"]\n    node_venv_lib_python3_12_site-packages_PyQt6 --> node_venv_lib_python3_12_site-packages_PyQt6_Qt6["Qt6"]\n    node_venv_lib_python3_12_site-packages_PyQt6_Qt6 --> node_venv_lib_python3_12_site-packages_PyQt6_Qt6_qml["qml"]\n    node_venv_lib_python3_12_site-packages_PyQt6_Qt6_qml --> node_venv_lib_python3_12_site-packages_PyQt6_Qt6_qml_QtQuick["QtQuick"]\n    node_venv_lib_python3_12_site-packages_PyQt6_Qt6_qml_QtQuick --> node_venv_lib_python3_12_site-packages_PyQt6_Qt6_qml_QtQuick_Controls["Controls"]\n    node_venv_lib_python3_12_site-packages_PyQt6_Qt6_qml_QtQuick_Controls --> node_venv_lib_python3_12_site-packages_PyQt6_Qt6_qml_QtQuick_Controls_FluentWinUI3["FluentWinUI3"]\n    node_venv_lib_python3_12_site-packages_PyQt6_Qt6_qml_QtQuick_Controls_FluentWinUI3 --> node_venv_lib_python3_12_site-packages_PyQt6_Qt6_qml_QtQuick_Controls_FluentWinUI3_dark["dark"]\n    node_venv_lib_python3_12_site-packages_PyQt6_Qt6_qml_QtQuick_Controls_FluentWinUI3_dark --> node_venv_lib_python3_12_site-packages_PyQt6_Qt6_qml_QtQuick_Controls_FluentWinUI3_dark_images["images"]\n    node_venv_lib_python3_12_site-packages_PyQt6_Qt6_qml_QtQuick_Controls_FluentWinUI3_dark_images --> node_venv_lib_python3_12_site-packages_PyQt6_Qt6_qml_QtQuick_Controls_FluentWinUI3_dark_images_spinbox-background-up-pressed_png["spinbox-background-up-pressed.png"]\n    Root --> node_venv["venv"]\n    node_venv --> node_venv_lib["lib"]\n    node_venv_lib --> node_venv_lib_python3_12["python3.12"]\n    node_venv_lib_python3_12 --> node_venv_lib_python3_12_site-packages["site-packages"]\n    node_venv_lib_python3_12_site-packages --> node_venv_lib_python3_12_site-packages_PyQt6["PyQt6"]\n    node_venv_lib_python3_12_site-packages_PyQt6 --> node_venv_lib_python3_12_site-packages_PyQt6_Qt6["Qt6"]\n    node_venv_lib_python3_12_site-packages_PyQt6_Qt6 --> node_venv_lib_python3_12_site-packages_PyQt6_Qt6_qml["qml"]\n    node_venv_lib_python3_12_site-packages_PyQt6_Qt6_qml --> node_venv_lib_python3_12_site-packages_PyQt6_Qt6_qml_QtQuick["QtQuick"]\n    node_venv_lib_python3_12_site-packages_PyQt6_Qt6_qml_QtQuick --> node_venv_lib_python3_12_site-packages_PyQt6_Qt6_qml_QtQuick_Controls["Controls"]\n    node_venv_lib_python3_12_site-packages_PyQt6_Qt6_qml_QtQuick_Controls --> node_venv_lib_python3_12_site-packages_PyQt6_Qt6_qml_QtQuick_Controls_FluentWinUI3["FluentWinUI3"]\n    node_venv_lib_python3_12_site-packages_PyQt6_Qt6_qml_QtQuick_Controls_FluentWinUI3 --> node_venv_lib_python3_12_site-packages_PyQt6_Qt6_qml_QtQuick_Controls_FluentWinUI3_dark["dark"]\n    node_venv_lib_python3_12_site-packages_PyQt6_Qt6_qml_QtQuick_Controls_FluentWinUI3_dark --> node_venv_lib_python3_12_site-packages_PyQt6_Qt6_qml_QtQuick_Controls_FluentWinUI3_dark_images["images"]\n    node_venv_lib_python3_12_site-packages_PyQt6_Qt6_qml_QtQuick_Controls_FluentWinUI3_dark_images --> node_venv_lib_python3_12_site-packages_PyQt6_Qt6_qml_QtQuick_Controls_FluentWinUI3_dark_images_spinbox-background-up-pressed@2x_png["spinbox-background-up-pressed@2x.png"]\n    Root --> node_venv["venv"]\n    node_venv --> node_venv_lib["lib"]\n    node_venv_lib --> node_venv_lib_python3_12["python3.12"]\n    node_venv_lib_python3_12 --> node_venv_lib_python3_12_site-packages["site-packages"]\n    node_venv_lib_python3_12_site-packages --> node_venv_lib_python3_12_site-packages_PyQt6["PyQt6"]\n    node_venv_lib_python3_12_site-packages_PyQt6 --> node_venv_lib_python3_12_site-packages_PyQt6_Qt6["Qt6"]\n    node_venv_lib_python3_12_site-packages_PyQt6_Qt6 --> node_venv_lib_python3_12_site-packages_PyQt6_Qt6_qml["qml"]\n    node_venv_lib_python3_12_site-packages_PyQt6_Qt6_qml --> node_venv_lib_python3_12_site-packages_PyQt6_Qt6_qml_QtQuick["QtQuick"]\n    node_venv_lib_python3_12_site-packages_PyQt6_Qt6_qml_QtQuick --> node_venv_lib_python3_12_site-packages_PyQt6_Qt6_qml_QtQuick_Controls["Controls"]\n    node_venv_lib_python3_12_site-packages_PyQt6_Qt6_qml_QtQuick_Controls --> node_venv_lib_python3_12_site-packages_PyQt6_Qt6_qml_QtQuick_Controls_FluentWinUI3["FluentWinUI3"]\n    node_venv_lib_python3_12_site-packages_PyQt6_Qt6_qml_QtQuick_Controls_FluentWinUI3 --> node_venv_lib_python3_12_site-packages_PyQt6_Qt6_qml_QtQuick_Controls_FluentWinUI3_dark["dark"]\n    node_venv_lib_python3_12_site-packages_PyQt6_Qt6_qml_QtQuick_Controls_FluentWinUI3_dark --> node_venv_lib_python3_12_site-packages_PyQt6_Qt6_qml_QtQuick_Controls_FluentWinUI3_dark_images["images"]\n    node_venv_lib_python3_12_site-packages_PyQt6_Qt6_qml_QtQuick_Controls_FluentWinUI3_dark_images --> node_venv_lib_python3_12_site-packages_PyQt6_Qt6_qml_QtQuick_Controls_FluentWinUI3_dark_images_spinbox-background-up-pressed@3x_png["spinbox-background-up-pressed@3x.png"]\n    Root --> node_venv["venv"]\n    node_venv --> node_venv_lib["lib"]\n    node_venv_lib --> node_venv_lib_python3_12["python3.12"]\n    node_venv_lib_python3_12 --> node_venv_lib_python3_12_site-packages["site-packages"]\n    node_venv_lib_python3_12_site-packages --> node_venv_lib_python3_12_site-packages_PyQt6["PyQt6"]\n    node_venv_lib_python3_12_site-packages_PyQt6 --> node_venv_lib_python3_12_site-packages_PyQt6_Qt6["Qt6"]\n    node_venv_lib_python3_12_site-packages_PyQt6_Qt6 --> node_venv_lib_python3_12_site-packages_PyQt6_Qt6_qml["qml"]\n    node_venv_lib_python3_12_site-packages_PyQt6_Qt6_qml --> node_venv_lib_python3_12_site-packages_PyQt6_Qt6_qml_QtQuick["QtQuick"]\n    node_venv_lib_python3_12_site-packages_PyQt6_Qt6_qml_QtQuick --> node_venv_lib_python3_12_site-packages_PyQt6_Qt6_qml_QtQuick_Controls["Controls"]\n    node_venv_lib_python3_12_site-packages_PyQt6_Qt6_qml_QtQuick_Controls --> node_venv_lib_python3_12_site-packages_PyQt6_Qt6_qml_QtQuick_Controls_FluentWinUI3["FluentWinUI3"]\n    node_venv_lib_python3_12_site-packages_PyQt6_Qt6_qml_QtQuick_Controls_FluentWinUI3 --> node_venv_lib_python3_12_site-packages_PyQt6_Qt6_qml_QtQuick_Controls_FluentWinUI3_dark["dark"]\n    node_venv_lib_python3_12_site-packages_PyQt6_Qt6_qml_QtQuick_Controls_FluentWinUI3_dark --> node_venv_lib_python3_12_site-packages_PyQt6_Qt6_qml_QtQuick_Controls_FluentWinUI3_dark_images["images"]\n    node_venv_lib_python3_12_site-packages_PyQt6_Qt6_qml_QtQuick_Controls_FluentWinUI3_dark_images --> node_venv_lib_python3_12_site-packages_PyQt6_Qt6_qml_QtQuick_Controls_FluentWinUI3_dark_images_spinbox-background_png["spinbox-background.png"]\n    Root --> node_venv["venv"]\n    node_venv --> node_venv_lib["lib"]\n    node_venv_lib --> node_venv_lib_python3_12["python3.12"]\n    node_venv_lib_python3_12 --> node_venv_lib_python3_12_site-packages["site-packages"]\n    node_venv_lib_python3_12_site-packages --> node_venv_lib_python3_12_site-packages_PyQt6["PyQt6"]\n    node_venv_lib_python3_12_site-packages_PyQt6 --> node_venv_lib_python3_12_site-packages_PyQt6_Qt6["Qt6"]\n    node_venv_lib_python3_12_site-packages_PyQt6_Qt6 --> node_venv_lib_python3_12_site-packages_PyQt6_Qt6_qml["qml"]\n    node_venv_lib_python3_12_site-packages_PyQt6_Qt6_qml --> node_venv_lib_python3_12_site-packages_PyQt6_Qt6_qml_QtQuick["QtQuick"]\n    node_venv_lib_python3_12_site-packages_PyQt6_Qt6_qml_QtQuick --> node_venv_lib_python3_12_site-packages_PyQt6_Qt6_qml_QtQuick_Controls["Controls"]\n    node_venv_lib_python3_12_site-packages_PyQt6_Qt6_qml_QtQuick_Controls --> node_venv_lib_python3_12_site-packages_PyQt6_Qt6_qml_QtQuick_Controls_FluentWinUI3["FluentWinUI3"]\n    node_venv_lib_python3_12_site-packages_PyQt6_Qt6_qml_QtQuick_Controls_FluentWinUI3 --> node_venv_lib_python3_12_site-packages_PyQt6_Qt6_qml_QtQuick_Controls_FluentWinUI3_dark["dark"]\n    node_venv_lib_python3_12_site-packages_PyQt6_Qt6_qml_QtQuick_Controls_FluentWinUI3_dark --> node_venv_lib_python3_12_site-packages_PyQt6_Qt6_qml_QtQuick_Controls_FluentWinUI3_dark_images["images"]\n    node_venv_lib_python3_12_site-packages_PyQt6_Qt6_qml_QtQuick_Controls_FluentWinUI3_dark_images --> node_venv_lib_python3_12_site-packages_PyQt6_Qt6_qml_QtQuick_Controls_FluentWinUI3_dark_images_spinbox-background@2x_png["spinbox-background@2x.png"]\n    Root --> node_venv["venv"]\n    node_venv --> node_venv_lib["lib"]\n    node_venv_lib --> node_venv_lib_python3_12["python3.12"]\n    node_venv_lib_python3_12 --> node_venv_lib_python3_12_site-packages["site-packages"]\n    node_venv_lib_python3_12_site-packages --> node_venv_lib_python3_12_site-packages_PyQt6["PyQt6"]\n    node_venv_lib_python3_12_site-packages_PyQt6 --> node_venv_lib_python3_12_site-packages_PyQt6_Qt6["Qt6"]\n    node_venv_lib_python3_12_site-packages_PyQt6_Qt6 --> node_venv_lib_python3_12_site-packages_PyQt6_Qt6_qml["qml"]\n    node_venv_lib_python3_12_site-packages_PyQt6_Qt6_qml --> node_venv_lib_python3_12_site-packages_PyQt6_Qt6_qml_QtQuick["QtQuick"]\n    node_venv_lib_python3_12_site-packages_PyQt6_Qt6_qml_QtQuick --> node_venv_lib_python3_12_site-packages_PyQt6_Qt6_qml_QtQuick_Controls["Controls"]\n    node_venv_lib_python3_12_site-packages_PyQt6_Qt6_qml_QtQuick_Controls --> node_venv_lib_python3_12_site-packages_PyQt6_Qt6_qml_QtQuick_Controls_FluentWinUI3["FluentWinUI3"]\n    node_venv_lib_python3_12_site-packages_PyQt6_Qt6_qml_QtQuick_Controls_FluentWinUI3 --> node_venv_lib_python3_12_site-packages_PyQt6_Qt6_qml_QtQuick_Controls_FluentWinUI3_dark["dark"]\n    node_venv_lib_python3_12_site-packages_PyQt6_Qt6_qml_QtQuick_Controls_FluentWinUI3_dark --> node_venv_lib_python3_12_site-packages_PyQt6_Qt6_qml_QtQuick_Controls_FluentWinUI3_dark_images["images"]\n    node_venv_lib_python3_12_site-packages_PyQt6_Qt6_qml_QtQuick_Controls_FluentWinUI3_dark_images --> node_venv_lib_python3_12_site-packages_PyQt6_Qt6_qml_QtQuick_Controls_FluentWinUI3_dark_images_spinbox-background@3x_png["spinbox-background@3x.png"]\n    Root --> node_venv["venv"]\n    node_venv --> node_venv_lib["lib"]\n    node_venv_lib --> node_venv_lib_python3_12["python3.12"]\n    node_venv_lib_python3_12 --> node_venv_lib_python3_12_site-packages["site-packages"]\n    node_venv_lib_python3_12_site-packages --> node_venv_lib_python3_12_site-packages_PyQt6["PyQt6"]\n    node_venv_lib_python3_12_site-packages_PyQt6 --> node_venv_lib_python3_12_site-packages_PyQt6_Qt6["Qt6"]\n    node_venv_lib_python3_12_site-packages_PyQt6_Qt6 --> node_venv_lib_python3_12_site-packages_PyQt6_Qt6_qml["qml"]\n    node_venv_lib_python3_12_site-packages_PyQt6_Qt6_qml --> node_venv_lib_python3_12_site-packages_PyQt6_Qt6_qml_QtQuick["QtQuick"]\n    node_venv_lib_python3_12_site-packages_PyQt6_Qt6_qml_QtQuick --> node_venv_lib_python3_12_site-packages_PyQt6_Qt6_qml_QtQuick_Controls["Controls"]\n    node_venv_lib_python3_12_site-packages_PyQt6_Qt6_qml_QtQuick_Controls --> node_venv_lib_python3_12_site-packages_PyQt6_Qt6_qml_QtQuick_Controls_FluentWinUI3["FluentWinUI3"]\n    node_venv_lib_python3_12_site-packages_PyQt6_Qt6_qml_QtQuick_Controls_FluentWinUI3 --> node_venv_lib_python3_12_site-packages_PyQt6_Qt6_qml_QtQuick_Controls_FluentWinUI3_dark["dark"]\n    node_venv_lib_python3_12_site-packages_PyQt6_Qt6_qml_QtQuick_Controls_FluentWinUI3_dark --> node_venv_lib_python3_12_site-packages_PyQt6_Qt6_qml_QtQuick_Controls_FluentWinUI3_dark_images["images"]\n    node_venv_lib_python3_12_site-packages_PyQt6_Qt6_qml_QtQuick_Controls_FluentWinUI3_dark_images --> node_venv_lib_python3_12_site-packages_PyQt6_Qt6_qml_QtQuick_Controls_FluentWinUI3_dark_images_spinbox-indicator-down-background-atlimit_png["spinbox-indicator-down-background-atlimit.png"]\n    Root --> node_venv["venv"]\n    node_venv --> node_venv_lib["lib"]\n    node_venv_lib --> node_venv_lib_python3_12["python3.12"]\n    node_venv_lib_python3_12 --> node_venv_lib_python3_12_site-packages["site-packages"]\n    node_venv_lib_python3_12_site-packages --> node_venv_lib_python3_12_site-packages_PyQt6["PyQt6"]\n    node_venv_lib_python3_12_site-packages_PyQt6 --> node_venv_lib_python3_12_site-packages_PyQt6_Qt6["Qt6"]\n    node_venv_lib_python3_12_site-packages_PyQt6_Qt6 --> node_venv_lib_python3_12_site-packages_PyQt6_Qt6_qml["qml"]\n    node_venv_lib_python3_12_site-packages_PyQt6_Qt6_qml --> node_venv_lib_python3_12_site-packages_PyQt6_Qt6_qml_QtQuick["QtQuick"]\n    node_venv_lib_python3_12_site-packages_PyQt6_Qt6_qml_QtQuick --> node_venv_lib_python3_12_site-packages_PyQt6_Qt6_qml_QtQuick_Controls["Controls"]\n    node_venv_lib_python3_12_site-packages_PyQt6_Qt6_qml_QtQuick_Controls --> node_venv_lib_python3_12_site-packages_PyQt6_Qt6_qml_QtQuick_Controls_FluentWinUI3["FluentWinUI3"]\n    node_venv_lib_python3_12_site-packages_PyQt6_Qt6_qml_QtQuick_Controls_FluentWinUI3 --> node_venv_lib_python3_12_site-packages_PyQt6_Qt6_qml_QtQuick_Controls_FluentWinUI3_dark["dark"]\n    node_venv_lib_python3_12_site-packages_PyQt6_Qt6_qml_QtQuick_Controls_FluentWinUI3_dark --> node_venv_lib_python3_12_site-packages_PyQt6_Qt6_qml_QtQuick_Controls_FluentWinUI3_dark_images["images"]\n    node_venv_lib_python3_12_site-packages_PyQt6_Qt6_qml_QtQuick_Controls_FluentWinUI3_dark_images --> node_venv_lib_python3_12_site-packages_PyQt6_Qt6_qml_QtQuick_Controls_FluentWinUI3_dark_images_spinbox-indicator-down-background-atlimit@2x_png["spinbox-indicator-down-background-atlimit@2x.png"]\n    Root --> node_venv["venv"]\n    node_venv --> node_venv_lib["lib"]\n    node_venv_lib --> node_venv_lib_python3_12["python3.12"]\n    node_venv_lib_python3_12 --> node_venv_lib_python3_12_site-packages["site-packages"]\n    node_venv_lib_python3_12_site-packages --> node_venv_lib_python3_12_site-packages_PyQt6["PyQt6"]\n    node_venv_lib_python3_12_site-packages_PyQt6 --> node_venv_lib_python3_12_site-packages_PyQt6_Qt6["Qt6"]\n    node_venv_lib_python3_12_site-packages_PyQt6_Qt6 --> node_venv_lib_python3_12_site-packages_PyQt6_Qt6_qml["qml"]\n    node_venv_lib_python3_12_site-packages_PyQt6_Qt6_qml --> node_venv_lib_python3_12_site-packages_PyQt6_Qt6_qml_QtQuick["QtQuick"]\n    node_venv_lib_python3_12_site-packages_PyQt6_Qt6_qml_QtQuick --> node_venv_lib_python3_12_site-packages_PyQt6_Qt6_qml_QtQuick_Controls["Controls"]\n    node_venv_lib_python3_12_site-packages_PyQt6_Qt6_qml_QtQuick_Controls --> node_venv_lib_python3_12_site-packages_PyQt6_Qt6_qml_QtQuick_Controls_FluentWinUI3["FluentWinUI3"]\n    node_venv_lib_python3_12_site-packages_PyQt6_Qt6_qml_QtQuick_Controls_FluentWinUI3 --> node_venv_lib_python3_12_site-packages_PyQt6_Qt6_qml_QtQuick_Controls_FluentWinUI3_dark["dark"]\n    node_venv_lib_python3_12_site-packages_PyQt6_Qt6_qml_QtQuick_Controls_FluentWinUI3_dark --> node_venv_lib_python3_12_site-packages_PyQt6_Qt6_qml_QtQuick_Controls_FluentWinUI3_dark_images["images"]\n    node_venv_lib_python3_12_site-packages_PyQt6_Qt6_qml_QtQuick_Controls_FluentWinUI3_dark_images --> node_venv_lib_python3_12_site-packages_PyQt6_Qt6_qml_QtQuick_Controls_FluentWinUI3_dark_images_spinbox-indicator-down-background-atlimit@3x_png["spinbox-indicator-down-background-atlimit@3x.png"]\n    Root --> node_venv["venv"]\n    node_venv --> node_venv_lib["lib"]\n    node_venv_lib --> node_venv_lib_python3_12["python3.12"]\n    node_venv_lib_python3_12 --> node_venv_lib_python3_12_site-packages["site-packages"]\n    node_venv_lib_python3_12_site-packages --> node_venv_lib_python3_12_site-packages_PyQt6["PyQt6"]\n    node_venv_lib_python3_12_site-packages_PyQt6 --> node_venv_lib_python3_12_site-packages_PyQt6_Qt6["Qt6"]\n    node_venv_lib_python3_12_site-packages_PyQt6_Qt6 --> node_venv_lib_python3_12_site-packages_PyQt6_Qt6_qml["qml"]\n    node_venv_lib_python3_12_site-packages_PyQt6_Qt6_qml --> node_venv_lib_python3_12_site-packages_PyQt6_Qt6_qml_QtQuick["QtQuick"]\n    node_venv_lib_python3_12_site-packages_PyQt6_Qt6_qml_QtQuick --> node_venv_lib_python3_12_site-packages_PyQt6_Qt6_qml_QtQuick_Controls["Controls"]\n    node_venv_lib_python3_12_site-packages_PyQt6_Qt6_qml_QtQuick_Controls --> node_venv_lib_python3_12_site-packages_PyQt6_Qt6_qml_QtQuick_Controls_FluentWinUI3["FluentWinUI3"]\n    node_venv_lib_python3_12_site-packages_PyQt6_Qt6_qml_QtQuick_Controls_FluentWinUI3 --> node_venv_lib_python3_12_site-packages_PyQt6_Qt6_qml_QtQuick_Controls_FluentWinUI3_dark["dark"]\n    node_venv_lib_python3_12_site-packages_PyQt6_Qt6_qml_QtQuick_Controls_FluentWinUI3_dark --> node_venv_lib_python3_12_site-packages_PyQt6_Qt6_qml_QtQuick_Controls_FluentWinUI3_dark_images["images"]\n    node_venv_lib_python3_12_site-packages_PyQt6_Qt6_qml_QtQuick_Controls_FluentWinUI3_dark_images --> node_venv_lib_python3_12_site-packages_PyQt6_Qt6_qml_QtQuick_Controls_FluentWinUI3_dark_images_spinbox-indicator-down-background-disabled_png["spinbox-indicator-down-background-disabled.png"]\n    Root --> node_venv["venv"]\n    node_venv --> node_venv_lib["lib"]\n    node_venv_lib --> node_venv_lib_python3_12["python3.12"]\n    node_venv_lib_python3_12 --> node_venv_lib_python3_12_site-packages["site-packages"]\n    node_venv_lib_python3_12_site-packages --> node_venv_lib_python3_12_site-packages_PyQt6["PyQt6"]\n    node_venv_lib_python3_12_site-packages_PyQt6 --> node_venv_lib_python3_12_site-packages_PyQt6_Qt6["Qt6"]\n    node_venv_lib_python3_12_site-packages_PyQt6_Qt6 --> node_venv_lib_python3_12_site-packages_PyQt6_Qt6_qml["qml"]\n    node_venv_lib_python3_12_site-packages_PyQt6_Qt6_qml --> node_venv_lib_python3_12_site-packages_PyQt6_Qt6_qml_QtQuick["QtQuick"]\n    node_venv_lib_python3_12_site-packages_PyQt6_Qt6_qml_QtQuick --> node_venv_lib_python3_12_site-packages_PyQt6_Qt6_qml_QtQuick_Controls["Controls"]\n    node_venv_lib_python3_12_site-packages_PyQt6_Qt6_qml_QtQuick_Controls --> node_venv_lib_python3_12_site-packages_PyQt6_Qt6_qml_QtQuick_Controls_FluentWinUI3["FluentWinUI3"]\n    node_venv_lib_python3_12_site-packages_PyQt6_Qt6_qml_QtQuick_Controls_FluentWinUI3 --> node_venv_lib_python3_12_site-packages_PyQt6_Qt6_qml_QtQuick_Controls_FluentWinUI3_dark["dark"]\n    node_venv_lib_python3_12_site-packages_PyQt6_Qt6_qml_QtQuick_Controls_FluentWinUI3_dark --> node_venv_lib_python3_12_site-packages_PyQt6_Qt6_qml_QtQuick_Controls_FluentWinUI3_dark_images["images"]\n    node_venv_lib_python3_12_site-packages_PyQt6_Qt6_qml_QtQuick_Controls_FluentWinUI3_dark_images --> node_venv_lib_python3_12_site-packages_PyQt6_Qt6_qml_QtQuick_Controls_FluentWinUI3_dark_images_spinbox-indicator-down-background-disabled@2x_png["spinbox-indicator-down-background-disabled@2x.png"]\n    Root --> node_venv["venv"]\n    node_venv --> node_venv_lib["lib"]\n    node_venv_lib --> node_venv_lib_python3_12["python3.12"]\n    node_venv_lib_python3_12 --> node_venv_lib_python3_12_site-packages["site-packages"]\n    node_venv_lib_python3_12_site-packages --> node_venv_lib_python3_12_site-packages_PyQt6["PyQt6"]\n    node_venv_lib_python3_12_site-packages_PyQt6 --> node_venv_lib_python3_12_site-packages_PyQt6_Qt6["Qt6"]\n    node_venv_lib_python3_12_site-packages_PyQt6_Qt6 --> node_venv_lib_python3_12_site-packages_PyQt6_Qt6_qml["qml"]\n    node_venv_lib_python3_12_site-packages_PyQt6_Qt6_qml --> node_venv_lib_python3_12_site-packages_PyQt6_Qt6_qml_QtQuick["QtQuick"]\n    node_venv_lib_python3_12_site-packages_PyQt6_Qt6_qml_QtQuick --> node_venv_lib_python3_12_site-packages_PyQt6_Qt6_qml_QtQuick_Controls["Controls"]\n    node_venv_lib_python3_12_site-packages_PyQt6_Qt6_qml_QtQuick_Controls --> node_venv_lib_python3_12_site-packages_PyQt6_Qt6_qml_QtQuick_Controls_FluentWinUI3["FluentWinUI3"]\n    node_venv_lib_python3_12_site-packages_PyQt6_Qt6_qml_QtQuick_Controls_FluentWinUI3 --> node_venv_lib_python3_12_site-packages_PyQt6_Qt6_qml_QtQuick_Controls_FluentWinUI3_dark["dark"]\n    node_venv_lib_python3_12_site-packages_PyQt6_Qt6_qml_QtQuick_Controls_FluentWinUI3_dark --> node_venv_lib_python3_12_site-packages_PyQt6_Qt6_qml_QtQuick_Controls_FluentWinUI3_dark_images["images"]\n    node_venv_lib_python3_12_site-packages_PyQt6_Qt6_qml_QtQuick_Controls_FluentWinUI3_dark_images --> node_venv_lib_python3_12_site-packages_PyQt6_Qt6_qml_QtQuick_Controls_FluentWinUI3_dark_images_spinbox-indicator-down-background-disabled@3x_png["spinbox-indicator-down-background-disabled@3x.png"]\n    Root --> node_venv["venv"]\n    node_venv --> node_venv_lib["lib"]\n    node_venv_lib --> node_venv_lib_python3_12["python3.12"]\n    node_venv_lib_python3_12 --> node_venv_lib_python3_12_site-packages["site-packages"]\n    node_venv_lib_python3_12_site-packages --> node_venv_lib_python3_12_site-packages_PyQt6["PyQt6"]\n    node_venv_lib_python3_12_site-packages_PyQt6 --> node_venv_lib_python3_12_site-packages_PyQt6_Qt6["Qt6"]\n    node_venv_lib_python3_12_site-packages_PyQt6_Qt6 --> node_venv_lib_python3_12_site-packages_PyQt6_Qt6_qml["qml"]\n    node_venv_lib_python3_12_site-packages_PyQt6_Qt6_qml --> node_venv_lib_python3_12_site-packages_PyQt6_Qt6_qml_QtQuick["QtQuick"]\n    node_venv_lib_python3_12_site-packages_PyQt6_Qt6_qml_QtQuick --> node_venv_lib_python3_12_site-packages_PyQt6_Qt6_qml_QtQuick_Controls["Controls"]\n    node_venv_lib_python3_12_site-packages_PyQt6_Qt6_qml_QtQuick_Controls --> node_venv_lib_python3_12_site-packages_PyQt6_Qt6_qml_QtQuick_Controls_FluentWinUI3["FluentWinUI3"]\n    node_venv_lib_python3_12_site-packages_PyQt6_Qt6_qml_QtQuick_Controls_FluentWinUI3 --> node_venv_lib_python3_12_site-packages_PyQt6_Qt6_qml_QtQuick_Controls_FluentWinUI3_dark["dark"]\n    node_venv_lib_python3_12_site-packages_PyQt6_Qt6_qml_QtQuick_Controls_FluentWinUI3_dark --> node_venv_lib_python3_12_site-packages_PyQt6_Qt6_qml_QtQuick_Controls_FluentWinUI3_dark_images["images"]\n    node_venv_lib_python3_12_site-packages_PyQt6_Qt6_qml_QtQuick_Controls_FluentWinUI3_dark_images --> node_venv_lib_python3_12_site-packages_PyQt6_Qt6_qml_QtQuick_Controls_FluentWinUI3_dark_images_spinbox-indicator-down-background-down-hovered_png["spinbox-indicator-down-background-down-hovered.png"]\n    Root --> node_venv["venv"]\n    node_venv --> node_venv_lib["lib"]\n    node_venv_lib --> node_venv_lib_python3_12["python3.12"]\n    node_venv_lib_python3_12 --> node_venv_lib_python3_12_site-packages["site-packages"]\n    node_venv_lib_python3_12_site-packages --> node_venv_lib_python3_12_site-packages_PyQt6["PyQt6"]\n    node_venv_lib_python3_12_site-packages_PyQt6 --> node_venv_lib_python3_12_site-packages_PyQt6_Qt6["Qt6"]\n    node_venv_lib_python3_12_site-packages_PyQt6_Qt6 --> node_venv_lib_python3_12_site-packages_PyQt6_Qt6_qml["qml"]\n    node_venv_lib_python3_12_site-packages_PyQt6_Qt6_qml --> node_venv_lib_python3_12_site-packages_PyQt6_Qt6_qml_QtQuick["QtQuick"]\n    node_venv_lib_python3_12_site-packages_PyQt6_Qt6_qml_QtQuick --> node_venv_lib_python3_12_site-packages_PyQt6_Qt6_qml_QtQuick_Controls["Controls"]\n    node_venv_lib_python3_12_site-packages_PyQt6_Qt6_qml_QtQuick_Controls --> node_venv_lib_python3_12_site-packages_PyQt6_Qt6_qml_QtQuick_Controls_FluentWinUI3["FluentWinUI3"]\n    node_venv_lib_python3_12_site-packages_PyQt6_Qt6_qml_QtQuick_Controls_FluentWinUI3 --> node_venv_lib_python3_12_site-packages_PyQt6_Qt6_qml_QtQuick_Controls_FluentWinUI3_dark["dark"]\n    node_venv_lib_python3_12_site-packages_PyQt6_Qt6_qml_QtQuick_Controls_FluentWinUI3_dark --> node_venv_lib_python3_12_site-packages_PyQt6_Qt6_qml_QtQuick_Controls_FluentWinUI3_dark_images["images"]\n    node_venv_lib_python3_12_site-packages_PyQt6_Qt6_qml_QtQuick_Controls_FluentWinUI3_dark_images --> node_venv_lib_python3_12_site-packages_PyQt6_Qt6_qml_QtQuick_Controls_FluentWinUI3_dark_images_spinbox-indicator-down-background-down-hovered@2x_png["spinbox-indicator-down-background-down-hovered@2x.png"]\n    Root --> node_venv["venv"]\n    node_venv --> node_venv_lib["lib"]\n    node_venv_lib --> node_venv_lib_python3_12["python3.12"]\n    node_venv_lib_python3_12 --> node_venv_lib_python3_12_site-packages["site-packages"]\n    node_venv_lib_python3_12_site-packages --> node_venv_lib_python3_12_site-packages_PyQt6["PyQt6"]\n    node_venv_lib_python3_12_site-packages_PyQt6 --> node_venv_lib_python3_12_site-packages_PyQt6_Qt6["Qt6"]\n    node_venv_lib_python3_12_site-packages_PyQt6_Qt6 --> node_venv_lib_python3_12_site-packages_PyQt6_Qt6_qml["qml"]\n    node_venv_lib_python3_12_site-packages_PyQt6_Qt6_qml --> node_venv_lib_python3_12_site-packages_PyQt6_Qt6_qml_QtQuick["QtQuick"]\n    node_venv_lib_python3_12_site-packages_PyQt6_Qt6_qml_QtQuick --> node_venv_lib_python3_12_site-packages_PyQt6_Qt6_qml_QtQuick_Controls["Controls"]\n    node_venv_lib_python3_12_site-packages_PyQt6_Qt6_qml_QtQuick_Controls --> node_venv_lib_python3_12_site-packages_PyQt6_Qt6_qml_QtQuick_Controls_FluentWinUI3["FluentWinUI3"]\n    node_venv_lib_python3_12_site-packages_PyQt6_Qt6_qml_QtQuick_Controls_FluentWinUI3 --> node_venv_lib_python3_12_site-packages_PyQt6_Qt6_qml_QtQuick_Controls_FluentWinUI3_dark["dark"]\n    node_venv_lib_python3_12_site-packages_PyQt6_Qt6_qml_QtQuick_Controls_FluentWinUI3_dark --> node_venv_lib_python3_12_site-packages_PyQt6_Qt6_qml_QtQuick_Controls_FluentWinUI3_dark_images["images"]\n    node_venv_lib_python3_12_site-packages_PyQt6_Qt6_qml_QtQuick_Controls_FluentWinUI3_dark_images --> node_venv_lib_python3_12_site-packages_PyQt6_Qt6_qml_QtQuick_Controls_FluentWinUI3_dark_images_spinbox-indicator-down-background-down-hovered@3x_png["spinbox-indicator-down-background-down-hovered@3x.png"]\n    Root --> node_venv["venv"]\n    node_venv --> node_venv_lib["lib"]\n    node_venv_lib --> node_venv_lib_python3_12["python3.12"]\n    node_venv_lib_python3_12 --> node_venv_lib_python3_12_site-packages["site-packages"]\n    node_venv_lib_python3_12_site-packages --> node_venv_lib_python3_12_site-packages_PyQt6["PyQt6"]\n    node_venv_lib_python3_12_site-packages_PyQt6 --> node_venv_lib_python3_12_site-packages_PyQt6_Qt6["Qt6"]\n    node_venv_lib_python3_12_site-packages_PyQt6_Qt6 --> node_venv_lib_python3_12_site-packages_PyQt6_Qt6_qml["qml"]\n    node_venv_lib_python3_12_site-packages_PyQt6_Qt6_qml --> node_venv_lib_python3_12_site-packages_PyQt6_Qt6_qml_QtQuick["QtQuick"]\n    node_venv_lib_python3_12_site-packages_PyQt6_Qt6_qml_QtQuick --> node_venv_lib_python3_12_site-packages_PyQt6_Qt6_qml_QtQuick_Controls["Controls"]\n    node_venv_lib_python3_12_site-packages_PyQt6_Qt6_qml_QtQuick_Controls --> node_venv_lib_python3_12_site-packages_PyQt6_Qt6_qml_QtQuick_Controls_FluentWinUI3["FluentWinUI3"]\n    node_venv_lib_python3_12_site-packages_PyQt6_Qt6_qml_QtQuick_Controls_FluentWinUI3 --> node_venv_lib_python3_12_site-packages_PyQt6_Qt6_qml_QtQuick_Controls_FluentWinUI3_dark["dark"]\n    node_venv_lib_python3_12_site-packages_PyQt6_Qt6_qml_QtQuick_Controls_FluentWinUI3_dark --> node_venv_lib_python3_12_site-packages_PyQt6_Qt6_qml_QtQuick_Controls_FluentWinUI3_dark_images["images"]\n    node_venv_lib_python3_12_site-packages_PyQt6_Qt6_qml_QtQuick_Controls_FluentWinUI3_dark_images --> node_venv_lib_python3_12_site-packages_PyQt6_Qt6_qml_QtQuick_Controls_FluentWinUI3_dark_images_spinbox-indicator-down-background-down-pressed_png["spinbox-indicator-down-background-down-pressed.png"]\n    Root --> node_venv["venv"]\n    node_venv --> node_venv_lib["lib"]\n    node_venv_lib --> node_venv_lib_python3_12["python3.12"]\n    node_venv_lib_python3_12 --> node_venv_lib_python3_12_site-packages["site-packages"]\n    node_venv_lib_python3_12_site-packages --> node_venv_lib_python3_12_site-packages_PyQt6["PyQt6"]\n    node_venv_lib_python3_12_site-packages_PyQt6 --> node_venv_lib_python3_12_site-packages_PyQt6_Qt6["Qt6"]\n    node_venv_lib_python3_12_site-packages_PyQt6_Qt6 --> node_venv_lib_python3_12_site-packages_PyQt6_Qt6_qml["qml"]\n    node_venv_lib_python3_12_site-packages_PyQt6_Qt6_qml --> node_venv_lib_python3_12_site-packages_PyQt6_Qt6_qml_QtQuick["QtQuick"]\n    node_venv_lib_python3_12_site-packages_PyQt6_Qt6_qml_QtQuick --> node_venv_lib_python3_12_site-packages_PyQt6_Qt6_qml_QtQuick_Controls["Controls"]\n    node_venv_lib_python3_12_site-packages_PyQt6_Qt6_qml_QtQuick_Controls --> node_venv_lib_python3_12_site-packages_PyQt6_Qt6_qml_QtQuick_Controls_FluentWinUI3["FluentWinUI3"]\n    node_venv_lib_python3_12_site-packages_PyQt6_Qt6_qml_QtQuick_Controls_FluentWinUI3 --> node_venv_lib_python3_12_site-packages_PyQt6_Qt6_qml_QtQuick_Controls_FluentWinUI3_dark["dark"]\n    node_venv_lib_python3_12_site-packages_PyQt6_Qt6_qml_QtQuick_Controls_FluentWinUI3_dark --> node_venv_lib_python3_12_site-packages_PyQt6_Qt6_qml_QtQuick_Controls_FluentWinUI3_dark_images["images"]\n    node_venv_lib_python3_12_site-packages_PyQt6_Qt6_qml_QtQuick_Controls_FluentWinUI3_dark_images --> node_venv_lib_python3_12_site-packages_PyQt6_Qt6_qml_QtQuick_Controls_FluentWinUI3_dark_images_spinbox-indicator-down-background-down-pressed@2x_png["spinbox-indicator-down-background-down-pressed@2x.png"]\n    Root --> node_venv["venv"]\n    node_venv --> node_venv_lib["lib"]\n    node_venv_lib --> node_venv_lib_python3_12["python3.12"]\n    node_venv_lib_python3_12 --> node_venv_lib_python3_12_site-packages["site-packages"]\n    node_venv_lib_python3_12_site-packages --> node_venv_lib_python3_12_site-packages_PyQt6["PyQt6"]\n    node_venv_lib_python3_12_site-packages_PyQt6 --> node_venv_lib_python3_12_site-packages_PyQt6_Qt6["Qt6"]\n    node_venv_lib_python3_12_site-packages_PyQt6_Qt6 --> node_venv_lib_python3_12_site-packages_PyQt6_Qt6_qml["qml"]\n    node_venv_lib_python3_12_site-packages_PyQt6_Qt6_qml --> node_venv_lib_python3_12_site-packages_PyQt6_Qt6_qml_QtQuick["QtQuick"]\n    node_venv_lib_python3_12_site-packages_PyQt6_Qt6_qml_QtQuick --> node_venv_lib_python3_12_site-packages_PyQt6_Qt6_qml_QtQuick_Controls["Controls"]\n    node_venv_lib_python3_12_site-packages_PyQt6_Qt6_qml_QtQuick_Controls --> node_venv_lib_python3_12_site-packages_PyQt6_Qt6_qml_QtQuick_Controls_FluentWinUI3["FluentWinUI3"]\n    node_venv_lib_python3_12_site-packages_PyQt6_Qt6_qml_QtQuick_Controls_FluentWinUI3 --> node_venv_lib_python3_12_site-packages_PyQt6_Qt6_qml_QtQuick_Controls_FluentWinUI3_dark["dark"]\n    node_venv_lib_python3_12_site-packages_PyQt6_Qt6_qml_QtQuick_Controls_FluentWinUI3_dark --> node_venv_lib_python3_12_site-packages_PyQt6_Qt6_qml_QtQuick_Controls_FluentWinUI3_dark_images["images"]\n    node_venv_lib_python3_12_site-packages_PyQt6_Qt6_qml_QtQuick_Controls_FluentWinUI3_dark_images --> node_venv_lib_python3_12_site-packages_PyQt6_Qt6_qml_QtQuick_Controls_FluentWinUI3_dark_images_spinbox-indicator-down-background-down-pressed@3x_png["spinbox-indicator-down-background-down-pressed@3x.png"]\n    Root --> node_venv["venv"]\n    node_venv --> node_venv_lib["lib"]\n    node_venv_lib --> node_venv_lib_python3_12["python3.12"]\n    node_venv_lib_python3_12 --> node_venv_lib_python3_12_site-packages["site-packages"]\n    node_venv_lib_python3_12_site-packages --> node_venv_lib_python3_12_site-packages_PyQt6["PyQt6"]\n    node_venv_lib_python3_12_site-packages_PyQt6 --> node_venv_lib_python3_12_site-packages_PyQt6_Qt6["Qt6"]\n    node_venv_lib_python3_12_site-packages_PyQt6_Qt6 --> node_venv_lib_python3_12_site-packages_PyQt6_Qt6_qml["qml"]\n    node_venv_lib_python3_12_site-packages_PyQt6_Qt6_qml --> node_venv_lib_python3_12_site-packages_PyQt6_Qt6_qml_QtQuick["QtQuick"]\n    node_venv_lib_python3_12_site-packages_PyQt6_Qt6_qml_QtQuick --> node_venv_lib_python3_12_site-packages_PyQt6_Qt6_qml_QtQuick_Controls["Controls"]\n    node_venv_lib_python3_12_site-packages_PyQt6_Qt6_qml_QtQuick_Controls --> node_venv_lib_python3_12_site-packages_PyQt6_Qt6_qml_QtQuick_Controls_FluentWinUI3["FluentWinUI3"]\n    node_venv_lib_python3_12_site-packages_PyQt6_Qt6_qml_QtQuick_Controls_FluentWinUI3 --> node_venv_lib_python3_12_site-packages_PyQt6_Qt6_qml_QtQuick_Controls_FluentWinUI3_dark["dark"]\n    node_venv_lib_python3_12_site-packages_PyQt6_Qt6_qml_QtQuick_Controls_FluentWinUI3_dark --> node_venv_lib_python3_12_site-packages_PyQt6_Qt6_qml_QtQuick_Controls_FluentWinUI3_dark_images["images"]\n    node_venv_lib_python3_12_site-packages_PyQt6_Qt6_qml_QtQuick_Controls_FluentWinUI3_dark_images --> node_venv_lib_python3_12_site-packages_PyQt6_Qt6_qml_QtQuick_Controls_FluentWinUI3_dark_images_spinbox-indicator-down-background-hovered_png["spinbox-indicator-down-background-hovered.png"]\n    Root --> node_venv["venv"]\n    node_venv --> node_venv_lib["lib"]\n    node_venv_lib --> node_venv_lib_python3_12["python3.12"]\n    node_venv_lib_python3_12 --> node_venv_lib_python3_12_site-packages["site-packages"]\n    node_venv_lib_python3_12_site-packages --> node_venv_lib_python3_12_site-packages_PyQt6["PyQt6"]\n    node_venv_lib_python3_12_site-packages_PyQt6 --> node_venv_lib_python3_12_site-packages_PyQt6_Qt6["Qt6"]\n    node_venv_lib_python3_12_site-packages_PyQt6_Qt6 --> node_venv_lib_python3_12_site-packages_PyQt6_Qt6_qml["qml"]\n    node_venv_lib_python3_12_site-packages_PyQt6_Qt6_qml --> node_venv_lib_python3_12_site-packages_PyQt6_Qt6_qml_QtQuick["QtQuick"]\n    node_venv_lib_python3_12_site-packages_PyQt6_Qt6_qml_QtQuick --> node_venv_lib_python3_12_site-packages_PyQt6_Qt6_qml_QtQuick_Controls["Controls"]\n    node_venv_lib_python3_12_site-packages_PyQt6_Qt6_qml_QtQuick_Controls --> node_venv_lib_python3_12_site-packages_PyQt6_Qt6_qml_QtQuick_Controls_FluentWinUI3["FluentWinUI3"]\n    node_venv_lib_python3_12_site-packages_PyQt6_Qt6_qml_QtQuick_Controls_FluentWinUI3 --> node_venv_lib_python3_12_site-packages_PyQt6_Qt6_qml_QtQuick_Controls_FluentWinUI3_dark["dark"]\n    node_venv_lib_python3_12_site-packages_PyQt6_Qt6_qml_QtQuick_Controls_FluentWinUI3_dark --> node_venv_lib_python3_12_site-packages_PyQt6_Qt6_qml_QtQuick_Controls_FluentWinUI3_dark_images["images"]\n    node_venv_lib_python3_12_site-packages_PyQt6_Qt6_qml_QtQuick_Controls_FluentWinUI3_dark_images --> node_venv_lib_python3_12_site-packages_PyQt6_Qt6_qml_QtQuick_Controls_FluentWinUI3_dark_images_spinbox-indicator-down-background-hovered@2x_png["spinbox-indicator-down-background-hovered@2x.png"]\n    Root --> node_venv["venv"]\n    node_venv --> node_venv_lib["lib"]\n    node_venv_lib --> node_venv_lib_python3_12["python3.12"]\n    node_venv_lib_python3_12 --> node_venv_lib_python3_12_site-packages["site-packages"]\n    node_venv_lib_python3_12_site-packages --> node_venv_lib_python3_12_site-packages_PyQt6["PyQt6"]\n    node_venv_lib_python3_12_site-packages_PyQt6 --> node_venv_lib_python3_12_site-packages_PyQt6_Qt6["Qt6"]\n    node_venv_lib_python3_12_site-packages_PyQt6_Qt6 --> node_venv_lib_python3_12_site-packages_PyQt6_Qt6_qml["qml"]\n    node_venv_lib_python3_12_site-packages_PyQt6_Qt6_qml --> node_venv_lib_python3_12_site-packages_PyQt6_Qt6_qml_QtQuick["QtQuick"]\n    node_venv_lib_python3_12_site-packages_PyQt6_Qt6_qml_QtQuick --> node_venv_lib_python3_12_site-packages_PyQt6_Qt6_qml_QtQuick_Controls["Controls"]\n    node_venv_lib_python3_12_site-packages_PyQt6_Qt6_qml_QtQuick_Controls --> node_venv_lib_python3_12_site-packages_PyQt6_Qt6_qml_QtQuick_Controls_FluentWinUI3["FluentWinUI3"]\n    node_venv_lib_python3_12_site-packages_PyQt6_Qt6_qml_QtQuick_Controls_FluentWinUI3 --> node_venv_lib_python3_12_site-packages_PyQt6_Qt6_qml_QtQuick_Controls_FluentWinUI3_dark["dark"]\n    node_venv_lib_python3_12_site-packages_PyQt6_Qt6_qml_QtQuick_Controls_FluentWinUI3_dark --> node_venv_lib_python3_12_site-packages_PyQt6_Qt6_qml_QtQuick_Controls_FluentWinUI3_dark_images["images"]\n    node_venv_lib_python3_12_site-packages_PyQt6_Qt6_qml_QtQuick_Controls_FluentWinUI3_dark_images --> node_venv_lib_python3_12_site-packages_PyQt6_Qt6_qml_QtQuick_Controls_FluentWinUI3_dark_images_spinbox-indicator-down-background-hovered@3x_png["spinbox-indicator-down-background-hovered@3x.png"]\n    Root --> node_venv["venv"]\n    node_venv --> node_venv_lib["lib"]\n    node_venv_lib --> node_venv_lib_python3_12["python3.12"]\n    node_venv_lib_python3_12 --> node_venv_lib_python3_12_site-packages["site-packages"]\n    node_venv_lib_python3_12_site-packages --> node_venv_lib_python3_12_site-packages_PyQt6["PyQt6"]\n    node_venv_lib_python3_12_site-packages_PyQt6 --> node_venv_lib_python3_12_site-packages_PyQt6_Qt6["Qt6"]\n    node_venv_lib_python3_12_site-packages_PyQt6_Qt6 --> node_venv_lib_python3_12_site-packages_PyQt6_Qt6_qml["qml"]\n    node_venv_lib_python3_12_site-packages_PyQt6_Qt6_qml --> node_venv_lib_python3_12_site-packages_PyQt6_Qt6_qml_QtQuick["QtQuick"]\n    node_venv_lib_python3_12_site-packages_PyQt6_Qt6_qml_QtQuick --> node_venv_lib_python3_12_site-packages_PyQt6_Qt6_qml_QtQuick_Controls["Controls"]\n    node_venv_lib_python3_12_site-packages_PyQt6_Qt6_qml_QtQuick_Controls --> node_venv_lib_python3_12_site-packages_PyQt6_Qt6_qml_QtQuick_Controls_FluentWinUI3["FluentWinUI3"]\n    node_venv_lib_python3_12_site-packages_PyQt6_Qt6_qml_QtQuick_Controls_FluentWinUI3 --> node_venv_lib_python3_12_site-packages_PyQt6_Qt6_qml_QtQuick_Controls_FluentWinUI3_dark["dark"]\n    node_venv_lib_python3_12_site-packages_PyQt6_Qt6_qml_QtQuick_Controls_FluentWinUI3_dark --> node_venv_lib_python3_12_site-packages_PyQt6_Qt6_qml_QtQuick_Controls_FluentWinUI3_dark_images["images"]\n    node_venv_lib_python3_12_site-packages_PyQt6_Qt6_qml_QtQuick_Controls_FluentWinUI3_dark_images --> node_venv_lib_python3_12_site-packages_PyQt6_Qt6_qml_QtQuick_Controls_FluentWinUI3_dark_images_spinbox-indicator-down-background-up-hovered_png["spinbox-indicator-down-background-up-hovered.png"]\n    Root --> node_venv["venv"]\n    node_venv --> node_venv_lib["lib"]\n    node_venv_lib --> node_venv_lib_python3_12["python3.12"]\n    node_venv_lib_python3_12 --> node_venv_lib_python3_12_site-packages["site-packages"]\n    node_venv_lib_python3_12_site-packages --> node_venv_lib_python3_12_site-packages_PyQt6["PyQt6"]\n    node_venv_lib_python3_12_site-packages_PyQt6 --> node_venv_lib_python3_12_site-packages_PyQt6_Qt6["Qt6"]\n    node_venv_lib_python3_12_site-packages_PyQt6_Qt6 --> node_venv_lib_python3_12_site-packages_PyQt6_Qt6_qml["qml"]\n    node_venv_lib_python3_12_site-packages_PyQt6_Qt6_qml --> node_venv_lib_python3_12_site-packages_PyQt6_Qt6_qml_QtQuick["QtQuick"]\n    node_venv_lib_python3_12_site-packages_PyQt6_Qt6_qml_QtQuick --> node_venv_lib_python3_12_site-packages_PyQt6_Qt6_qml_QtQuick_Controls["Controls"]\n    node_venv_lib_python3_12_site-packages_PyQt6_Qt6_qml_QtQuick_Controls --> node_venv_lib_python3_12_site-packages_PyQt6_Qt6_qml_QtQuick_Controls_FluentWinUI3["FluentWinUI3"]\n    node_venv_lib_python3_12_site-packages_PyQt6_Qt6_qml_QtQuick_Controls_FluentWinUI3 --> node_venv_lib_python3_12_site-packages_PyQt6_Qt6_qml_QtQuick_Controls_FluentWinUI3_dark["dark"]\n    node_venv_lib_python3_12_site-packages_PyQt6_Qt6_qml_QtQuick_Controls_FluentWinUI3_dark --> node_venv_lib_python3_12_site-packages_PyQt6_Qt6_qml_QtQuick_Controls_FluentWinUI3_dark_images["images"]\n    node_venv_lib_python3_12_site-packages_PyQt6_Qt6_qml_QtQuick_Controls_FluentWinUI3_dark_images --> node_venv_lib_python3_12_site-packages_PyQt6_Qt6_qml_QtQuick_Controls_FluentWinUI3_dark_images_spinbox-indicator-down-background-up-hovered@2x_png["spinbox-indicator-down-background-up-hovered@2x.png"]\n    Root --> node_venv["venv"]\n    node_venv --> node_venv_lib["lib"]\n    node_venv_lib --> node_venv_lib_python3_12["python3.12"]\n    node_venv_lib_python3_12 --> node_venv_lib_python3_12_site-packages["site-packages"]\n    node_venv_lib_python3_12_site-packages --> node_venv_lib_python3_12_site-packages_PyQt6["PyQt6"]\n    node_venv_lib_python3_12_site-packages_PyQt6 --> node_venv_lib_python3_12_site-packages_PyQt6_Qt6["Qt6"]\n    node_venv_lib_python3_12_site-packages_PyQt6_Qt6 --> node_venv_lib_python3_12_site-packages_PyQt6_Qt6_qml["qml"]\n    node_venv_lib_python3_12_site-packages_PyQt6_Qt6_qml --> node_venv_lib_python3_12_site-packages_PyQt6_Qt6_qml_QtQuick["QtQuick"]\n    node_venv_lib_python3_12_site-packages_PyQt6_Qt6_qml_QtQuick --> node_venv_lib_python3_12_site-packages_PyQt6_Qt6_qml_QtQuick_Controls["Controls"]\n    node_venv_lib_python3_12_site-packages_PyQt6_Qt6_qml_QtQuick_Controls --> node_venv_lib_python3_12_site-packages_PyQt6_Qt6_qml_QtQuick_Controls_FluentWinUI3["FluentWinUI3"]\n    node_venv_lib_python3_12_site-packages_PyQt6_Qt6_qml_QtQuick_Controls_FluentWinUI3 --> node_venv_lib_python3_12_site-packages_PyQt6_Qt6_qml_QtQuick_Controls_FluentWinUI3_dark["dark"]\n    node_venv_lib_python3_12_site-packages_PyQt6_Qt6_qml_QtQuick_Controls_FluentWinUI3_dark --> node_venv_lib_python3_12_site-packages_PyQt6_Qt6_qml_QtQuick_Controls_FluentWinUI3_dark_images["images"]\n    node_venv_lib_python3_12_site-packages_PyQt6_Qt6_qml_QtQuick_Controls_FluentWinUI3_dark_images --> node_venv_lib_python3_12_site-packages_PyQt6_Qt6_qml_QtQuick_Controls_FluentWinUI3_dark_images_spinbox-indicator-down-background-up-hovered@3x_png["spinbox-indicator-down-background-up-hovered@3x.png"]\n    Root --> node_venv["venv"]\n    node_venv --> node_venv_lib["lib"]\n    node_venv_lib --> node_venv_lib_python3_12["python3.12"]\n    node_venv_lib_python3_12 --> node_venv_lib_python3_12_site-packages["site-packages"]\n    node_venv_lib_python3_12_site-packages --> node_venv_lib_python3_12_site-packages_PyQt6["PyQt6"]\n    node_venv_lib_python3_12_site-packages_PyQt6 --> node_venv_lib_python3_12_site-packages_PyQt6_Qt6["Qt6"]\n    node_venv_lib_python3_12_site-packages_PyQt6_Qt6 --> node_venv_lib_python3_12_site-packages_PyQt6_Qt6_qml["qml"]\n    node_venv_lib_python3_12_site-packages_PyQt6_Qt6_qml --> node_venv_lib_python3_12_site-packages_PyQt6_Qt6_qml_QtQuick["QtQuick"]\n    node_venv_lib_python3_12_site-packages_PyQt6_Qt6_qml_QtQuick --> node_venv_lib_python3_12_site-packages_PyQt6_Qt6_qml_QtQuick_Controls["Controls"]\n    node_venv_lib_python3_12_site-packages_PyQt6_Qt6_qml_QtQuick_Controls --> node_venv_lib_python3_12_site-packages_PyQt6_Qt6_qml_QtQuick_Controls_FluentWinUI3["FluentWinUI3"]\n    node_venv_lib_python3_12_site-packages_PyQt6_Qt6_qml_QtQuick_Controls_FluentWinUI3 --> node_venv_lib_python3_12_site-packages_PyQt6_Qt6_qml_QtQuick_Controls_FluentWinUI3_dark["dark"]\n    node_venv_lib_python3_12_site-packages_PyQt6_Qt6_qml_QtQuick_Controls_FluentWinUI3_dark --> node_venv_lib_python3_12_site-packages_PyQt6_Qt6_qml_QtQuick_Controls_FluentWinUI3_dark_images["images"]\n    node_venv_lib_python3_12_site-packages_PyQt6_Qt6_qml_QtQuick_Controls_FluentWinUI3_dark_images --> node_venv_lib_python3_12_site-packages_PyQt6_Qt6_qml_QtQuick_Controls_FluentWinUI3_dark_images_spinbox-indicator-down-background-up-pressed_png["spinbox-indicator-down-background-up-pressed.png"]\n    Root --> node_venv["venv"]\n    node_venv --> node_venv_lib["lib"]\n    node_venv_lib --> node_venv_lib_python3_12["python3.12"]\n    node_venv_lib_python3_12 --> node_venv_lib_python3_12_site-packages["site-packages"]\n    node_venv_lib_python3_12_site-packages --> node_venv_lib_python3_12_site-packages_PyQt6["PyQt6"]\n    node_venv_lib_python3_12_site-packages_PyQt6 --> node_venv_lib_python3_12_site-packages_PyQt6_Qt6["Qt6"]\n    node_venv_lib_python3_12_site-packages_PyQt6_Qt6 --> node_venv_lib_python3_12_site-packages_PyQt6_Qt6_qml["qml"]\n    node_venv_lib_python3_12_site-packages_PyQt6_Qt6_qml --> node_venv_lib_python3_12_site-packages_PyQt6_Qt6_qml_QtQuick["QtQuick"]\n    node_venv_lib_python3_12_site-packages_PyQt6_Qt6_qml_QtQuick --> node_venv_lib_python3_12_site-packages_PyQt6_Qt6_qml_QtQuick_Controls["Controls"]\n    node_venv_lib_python3_12_site-packages_PyQt6_Qt6_qml_QtQuick_Controls --> node_venv_lib_python3_12_site-packages_PyQt6_Qt6_qml_QtQuick_Controls_FluentWinUI3["FluentWinUI3"]\n    node_venv_lib_python3_12_site-packages_PyQt6_Qt6_qml_QtQuick_Controls_FluentWinUI3 --> node_venv_lib_python3_12_site-packages_PyQt6_Qt6_qml_QtQuick_Controls_FluentWinUI3_dark["dark"]\n    node_venv_lib_python3_12_site-packages_PyQt6_Qt6_qml_QtQuick_Controls_FluentWinUI3_dark --> node_venv_lib_python3_12_site-packages_PyQt6_Qt6_qml_QtQuick_Controls_FluentWinUI3_dark_images["images"]\n    node_venv_lib_python3_12_site-packages_PyQt6_Qt6_qml_QtQuick_Controls_FluentWinUI3_dark_images --> node_venv_lib_python3_12_site-packages_PyQt6_Qt6_qml_QtQuick_Controls_FluentWinUI3_dark_images_spinbox-indicator-down-background-up-pressed@2x_png["spinbox-indicator-down-background-up-pressed@2x.png"]\n    Root --> node_venv["venv"]\n    node_venv --> node_venv_lib["lib"]\n    node_venv_lib --> node_venv_lib_python3_12["python3.12"]\n    node_venv_lib_python3_12 --> node_venv_lib_python3_12_site-packages["site-packages"]\n    node_venv_lib_python3_12_site-packages --> node_venv_lib_python3_12_site-packages_PyQt6["PyQt6"]\n    node_venv_lib_python3_12_site-packages_PyQt6 --> node_venv_lib_python3_12_site-packages_PyQt6_Qt6["Qt6"]\n    node_venv_lib_python3_12_site-packages_PyQt6_Qt6 --> node_venv_lib_python3_12_site-packages_PyQt6_Qt6_qml["qml"]\n    node_venv_lib_python3_12_site-packages_PyQt6_Qt6_qml --> node_venv_lib_python3_12_site-packages_PyQt6_Qt6_qml_QtQuick["QtQuick"]\n    node_venv_lib_python3_12_site-packages_PyQt6_Qt6_qml_QtQuick --> node_venv_lib_python3_12_site-packages_PyQt6_Qt6_qml_QtQuick_Controls["Controls"]\n    node_venv_lib_python3_12_site-packages_PyQt6_Qt6_qml_QtQuick_Controls --> node_venv_lib_python3_12_site-packages_PyQt6_Qt6_qml_QtQuick_Controls_FluentWinUI3["FluentWinUI3"]\n    node_venv_lib_python3_12_site-packages_PyQt6_Qt6_qml_QtQuick_Controls_FluentWinUI3 --> node_venv_lib_python3_12_site-packages_PyQt6_Qt6_qml_QtQuick_Controls_FluentWinUI3_dark["dark"]\n    node_venv_lib_python3_12_site-packages_PyQt6_Qt6_qml_QtQuick_Controls_FluentWinUI3_dark --> node_venv_lib_python3_12_site-packages_PyQt6_Qt6_qml_QtQuick_Controls_FluentWinUI3_dark_images["images"]\n    node_venv_lib_python3_12_site-packages_PyQt6_Qt6_qml_QtQuick_Controls_FluentWinUI3_dark_images --> node_venv_lib_python3_12_site-packages_PyQt6_Qt6_qml_QtQuick_Controls_FluentWinUI3_dark_images_spinbox-indicator-down-background-up-pressed@3x_png["spinbox-indicator-down-background-up-pressed@3x.png"]\n    Root --> node_venv["venv"]\n    node_venv --> node_venv_lib["lib"]\n    node_venv_lib --> node_venv_lib_python3_12["python3.12"]\n    node_venv_lib_python3_12 --> node_venv_lib_python3_12_site-packages["site-packages"]\n    node_venv_lib_python3_12_site-packages --> node_venv_lib_python3_12_site-packages_PyQt6["PyQt6"]\n    node_venv_lib_python3_12_site-packages_PyQt6 --> node_venv_lib_python3_12_site-packages_PyQt6_Qt6["Qt6"]\n    node_venv_lib_python3_12_site-packages_PyQt6_Qt6 --> node_venv_lib_python3_12_site-packages_PyQt6_Qt6_qml["qml"]\n    node_venv_lib_python3_12_site-packages_PyQt6_Qt6_qml --> node_venv_lib_python3_12_site-packages_PyQt6_Qt6_qml_QtQuick["QtQuick"]\n    node_venv_lib_python3_12_site-packages_PyQt6_Qt6_qml_QtQuick --> node_venv_lib_python3_12_site-packages_PyQt6_Qt6_qml_QtQuick_Controls["Controls"]\n    node_venv_lib_python3_12_site-packages_PyQt6_Qt6_qml_QtQuick_Controls --> node_venv_lib_python3_12_site-packages_PyQt6_Qt6_qml_QtQuick_Controls_FluentWinUI3["FluentWinUI3"]\n    node_venv_lib_python3_12_site-packages_PyQt6_Qt6_qml_QtQuick_Controls_FluentWinUI3 --> node_venv_lib_python3_12_site-packages_PyQt6_Qt6_qml_QtQuick_Controls_FluentWinUI3_dark["dark"]\n    node_venv_lib_python3_12_site-packages_PyQt6_Qt6_qml_QtQuick_Controls_FluentWinUI3_dark --> node_venv_lib_python3_12_site-packages_PyQt6_Qt6_qml_QtQuick_Controls_FluentWinUI3_dark_images["images"]\n    node_venv_lib_python3_12_site-packages_PyQt6_Qt6_qml_QtQuick_Controls_FluentWinUI3_dark_images --> node_venv_lib_python3_12_site-packages_PyQt6_Qt6_qml_QtQuick_Controls_FluentWinUI3_dark_images_spinbox-indicator-down-background_png["spinbox-indicator-down-background.png"]\n    Root --> node_venv["venv"]\n    node_venv --> node_venv_lib["lib"]\n    node_venv_lib --> node_venv_lib_python3_12["python3.12"]\n    node_venv_lib_python3_12 --> node_venv_lib_python3_12_site-packages["site-packages"]\n    node_venv_lib_python3_12_site-packages --> node_venv_lib_python3_12_site-packages_PyQt6["PyQt6"]\n    node_venv_lib_python3_12_site-packages_PyQt6 --> node_venv_lib_python3_12_site-packages_PyQt6_Qt6["Qt6"]\n    node_venv_lib_python3_12_site-packages_PyQt6_Qt6 --> node_venv_lib_python3_12_site-packages_PyQt6_Qt6_qml["qml"]\n    node_venv_lib_python3_12_site-packages_PyQt6_Qt6_qml --> node_venv_lib_python3_12_site-packages_PyQt6_Qt6_qml_QtQuick["QtQuick"]\n    node_venv_lib_python3_12_site-packages_PyQt6_Qt6_qml_QtQuick --> node_venv_lib_python3_12_site-packages_PyQt6_Qt6_qml_QtQuick_Controls["Controls"]\n    node_venv_lib_python3_12_site-packages_PyQt6_Qt6_qml_QtQuick_Controls --> node_venv_lib_python3_12_site-packages_PyQt6_Qt6_qml_QtQuick_Controls_FluentWinUI3["FluentWinUI3"]\n    node_venv_lib_python3_12_site-packages_PyQt6_Qt6_qml_QtQuick_Controls_FluentWinUI3 --> node_venv_lib_python3_12_site-packages_PyQt6_Qt6_qml_QtQuick_Controls_FluentWinUI3_dark["dark"]\n    node_venv_lib_python3_12_site-packages_PyQt6_Qt6_qml_QtQuick_Controls_FluentWinUI3_dark --> node_venv_lib_python3_12_site-packages_PyQt6_Qt6_qml_QtQuick_Controls_FluentWinUI3_dark_images["images"]\n    node_venv_lib_python3_12_site-packages_PyQt6_Qt6_qml_QtQuick_Controls_FluentWinUI3_dark_images --> node_venv_lib_python3_12_site-packages_PyQt6_Qt6_qml_QtQuick_Controls_FluentWinUI3_dark_images_spinbox-indicator-down-background@2x_png["spinbox-indicator-down-background@2x.png"]\n    Root --> node_venv["venv"]\n    node_venv --> node_venv_lib["lib"]\n    node_venv_lib --> node_venv_lib_python3_12["python3.12"]\n    node_venv_lib_python3_12 --> node_venv_lib_python3_12_site-packages["site-packages"]\n    node_venv_lib_python3_12_site-packages --> node_venv_lib_python3_12_site-packages_PyQt6["PyQt6"]\n    node_venv_lib_python3_12_site-packages_PyQt6 --> node_venv_lib_python3_12_site-packages_PyQt6_Qt6["Qt6"]\n    node_venv_lib_python3_12_site-packages_PyQt6_Qt6 --> node_venv_lib_python3_12_site-packages_PyQt6_Qt6_qml["qml"]\n    node_venv_lib_python3_12_site-packages_PyQt6_Qt6_qml --> node_venv_lib_python3_12_site-packages_PyQt6_Qt6_qml_QtQuick["QtQuick"]\n    node_venv_lib_python3_12_site-packages_PyQt6_Qt6_qml_QtQuick --> node_venv_lib_python3_12_site-packages_PyQt6_Qt6_qml_QtQuick_Controls["Controls"]\n    node_venv_lib_python3_12_site-packages_PyQt6_Qt6_qml_QtQuick_Controls --> node_venv_lib_python3_12_site-packages_PyQt6_Qt6_qml_QtQuick_Controls_FluentWinUI3["FluentWinUI3"]\n    node_venv_lib_python3_12_site-packages_PyQt6_Qt6_qml_QtQuick_Controls_FluentWinUI3 --> node_venv_lib_python3_12_site-packages_PyQt6_Qt6_qml_QtQuick_Controls_FluentWinUI3_dark["dark"]\n    node_venv_lib_python3_12_site-packages_PyQt6_Qt6_qml_QtQuick_Controls_FluentWinUI3_dark --> node_venv_lib_python3_12_site-packages_PyQt6_Qt6_qml_QtQuick_Controls_FluentWinUI3_dark_images["images"]\n    node_venv_lib_python3_12_site-packages_PyQt6_Qt6_qml_QtQuick_Controls_FluentWinUI3_dark_images --> node_venv_lib_python3_12_site-packages_PyQt6_Qt6_qml_QtQuick_Controls_FluentWinUI3_dark_images_spinbox-indicator-down-background@3x_png["spinbox-indicator-down-background@3x.png"]\n    Root --> node_venv["venv"]\n    node_venv --> node_venv_lib["lib"]\n    node_venv_lib --> node_venv_lib_python3_12["python3.12"]\n    node_venv_lib_python3_12 --> node_venv_lib_python3_12_site-packages["site-packages"]\n    node_venv_lib_python3_12_site-packages --> node_venv_lib_python3_12_site-packages_PyQt6["PyQt6"]\n    node_venv_lib_python3_12_site-packages_PyQt6 --> node_venv_lib_python3_12_site-packages_PyQt6_Qt6["Qt6"]\n    node_venv_lib_python3_12_site-packages_PyQt6_Qt6 --> node_venv_lib_python3_12_site-packages_PyQt6_Qt6_qml["qml"]\n    node_venv_lib_python3_12_site-packages_PyQt6_Qt6_qml --> node_venv_lib_python3_12_site-packages_PyQt6_Qt6_qml_QtQuick["QtQuick"]\n    node_venv_lib_python3_12_site-packages_PyQt6_Qt6_qml_QtQuick --> node_venv_lib_python3_12_site-packages_PyQt6_Qt6_qml_QtQuick_Controls["Controls"]\n    node_venv_lib_python3_12_site-packages_PyQt6_Qt6_qml_QtQuick_Controls --> node_venv_lib_python3_12_site-packages_PyQt6_Qt6_qml_QtQuick_Controls_FluentWinUI3["FluentWinUI3"]\n    node_venv_lib_python3_12_site-packages_PyQt6_Qt6_qml_QtQuick_Controls_FluentWinUI3 --> node_venv_lib_python3_12_site-packages_PyQt6_Qt6_qml_QtQuick_Controls_FluentWinUI3_dark["dark"]\n    node_venv_lib_python3_12_site-packages_PyQt6_Qt6_qml_QtQuick_Controls_FluentWinUI3_dark --> node_venv_lib_python3_12_site-packages_PyQt6_Qt6_qml_QtQuick_Controls_FluentWinUI3_dark_images["images"]\n    node_venv_lib_python3_12_site-packages_PyQt6_Qt6_qml_QtQuick_Controls_FluentWinUI3_dark_images --> node_venv_lib_python3_12_site-packages_PyQt6_Qt6_qml_QtQuick_Controls_FluentWinUI3_dark_images_spinbox-indicator-down-icon-atlimit_png["spinbox-indicator-down-icon-atlimit.png"]\n    Root --> node_venv["venv"]\n    node_venv --> node_venv_lib["lib"]\n    node_venv_lib --> node_venv_lib_python3_12["python3.12"]\n    node_venv_lib_python3_12 --> node_venv_lib_python3_12_site-packages["site-packages"]\n    node_venv_lib_python3_12_site-packages --> node_venv_lib_python3_12_site-packages_PyQt6["PyQt6"]\n    node_venv_lib_python3_12_site-packages_PyQt6 --> node_venv_lib_python3_12_site-packages_PyQt6_Qt6["Qt6"]\n    node_venv_lib_python3_12_site-packages_PyQt6_Qt6 --> node_venv_lib_python3_12_site-packages_PyQt6_Qt6_qml["qml"]\n    node_venv_lib_python3_12_site-packages_PyQt6_Qt6_qml --> node_venv_lib_python3_12_site-packages_PyQt6_Qt6_qml_QtQuick["QtQuick"]\n    node_venv_lib_python3_12_site-packages_PyQt6_Qt6_qml_QtQuick --> node_venv_lib_python3_12_site-packages_PyQt6_Qt6_qml_QtQuick_Controls["Controls"]\n    node_venv_lib_python3_12_site-packages_PyQt6_Qt6_qml_QtQuick_Controls --> node_venv_lib_python3_12_site-packages_PyQt6_Qt6_qml_QtQuick_Controls_FluentWinUI3["FluentWinUI3"]\n    node_venv_lib_python3_12_site-packages_PyQt6_Qt6_qml_QtQuick_Controls_FluentWinUI3 --> node_venv_lib_python3_12_site-packages_PyQt6_Qt6_qml_QtQuick_Controls_FluentWinUI3_dark["dark"]\n    node_venv_lib_python3_12_site-packages_PyQt6_Qt6_qml_QtQuick_Controls_FluentWinUI3_dark --> node_venv_lib_python3_12_site-packages_PyQt6_Qt6_qml_QtQuick_Controls_FluentWinUI3_dark_images["images"]\n    node_venv_lib_python3_12_site-packages_PyQt6_Qt6_qml_QtQuick_Controls_FluentWinUI3_dark_images --> node_venv_lib_python3_12_site-packages_PyQt6_Qt6_qml_QtQuick_Controls_FluentWinUI3_dark_images_spinbox-indicator-down-icon-atlimit@2x_png["spinbox-indicator-down-icon-atlimit@2x.png"]\n    Root --> node_venv["venv"]\n    node_venv --> node_venv_lib["lib"]\n    node_venv_lib --> node_venv_lib_python3_12["python3.12"]\n    node_venv_lib_python3_12 --> node_venv_lib_python3_12_site-packages["site-packages"]\n    node_venv_lib_python3_12_site-packages --> node_venv_lib_python3_12_site-packages_PyQt6["PyQt6"]\n    node_venv_lib_python3_12_site-packages_PyQt6 --> node_venv_lib_python3_12_site-packages_PyQt6_Qt6["Qt6"]\n    node_venv_lib_python3_12_site-packages_PyQt6_Qt6 --> node_venv_lib_python3_12_site-packages_PyQt6_Qt6_qml["qml"]\n    node_venv_lib_python3_12_site-packages_PyQt6_Qt6_qml --> node_venv_lib_python3_12_site-packages_PyQt6_Qt6_qml_QtQuick["QtQuick"]\n    node_venv_lib_python3_12_site-packages_PyQt6_Qt6_qml_QtQuick --> node_venv_lib_python3_12_site-packages_PyQt6_Qt6_qml_QtQuick_Controls["Controls"]\n    node_venv_lib_python3_12_site-packages_PyQt6_Qt6_qml_QtQuick_Controls --> node_venv_lib_python3_12_site-packages_PyQt6_Qt6_qml_QtQuick_Controls_FluentWinUI3["FluentWinUI3"]\n    node_venv_lib_python3_12_site-packages_PyQt6_Qt6_qml_QtQuick_Controls_FluentWinUI3 --> node_venv_lib_python3_12_site-packages_PyQt6_Qt6_qml_QtQuick_Controls_FluentWinUI3_dark["dark"]\n    node_venv_lib_python3_12_site-packages_PyQt6_Qt6_qml_QtQuick_Controls_FluentWinUI3_dark --> node_venv_lib_python3_12_site-packages_PyQt6_Qt6_qml_QtQuick_Controls_FluentWinUI3_dark_images["images"]\n    node_venv_lib_python3_12_site-packages_PyQt6_Qt6_qml_QtQuick_Controls_FluentWinUI3_dark_images --> node_venv_lib_python3_12_site-packages_PyQt6_Qt6_qml_QtQuick_Controls_FluentWinUI3_dark_images_spinbox-indicator-down-icon-atlimit@3x_png["spinbox-indicator-down-icon-atlimit@3x.png"]\n    Root --> node_venv["venv"]\n    node_venv --> node_venv_lib["lib"]\n    node_venv_lib --> node_venv_lib_python3_12["python3.12"]\n    node_venv_lib_python3_12 --> node_venv_lib_python3_12_site-packages["site-packages"]\n    node_venv_lib_python3_12_site-packages --> node_venv_lib_python3_12_site-packages_PyQt6["PyQt6"]\n    node_venv_lib_python3_12_site-packages_PyQt6 --> node_venv_lib_python3_12_site-packages_PyQt6_Qt6["Qt6"]\n    node_venv_lib_python3_12_site-packages_PyQt6_Qt6 --> node_venv_lib_python3_12_site-packages_PyQt6_Qt6_qml["qml"]\n    node_venv_lib_python3_12_site-packages_PyQt6_Qt6_qml --> node_venv_lib_python3_12_site-packages_PyQt6_Qt6_qml_QtQuick["QtQuick"]\n    node_venv_lib_python3_12_site-packages_PyQt6_Qt6_qml_QtQuick --> node_venv_lib_python3_12_site-packages_PyQt6_Qt6_qml_QtQuick_Controls["Controls"]\n    node_venv_lib_python3_12_site-packages_PyQt6_Qt6_qml_QtQuick_Controls --> node_venv_lib_python3_12_site-packages_PyQt6_Qt6_qml_QtQuick_Controls_FluentWinUI3["FluentWinUI3"]\n    node_venv_lib_python3_12_site-packages_PyQt6_Qt6_qml_QtQuick_Controls_FluentWinUI3 --> node_venv_lib_python3_12_site-packages_PyQt6_Qt6_qml_QtQuick_Controls_FluentWinUI3_dark["dark"]\n    node_venv_lib_python3_12_site-packages_PyQt6_Qt6_qml_QtQuick_Controls_FluentWinUI3_dark --> node_venv_lib_python3_12_site-packages_PyQt6_Qt6_qml_QtQuick_Controls_FluentWinUI3_dark_images["images"]\n    node_venv_lib_python3_12_site-packages_PyQt6_Qt6_qml_QtQuick_Controls_FluentWinUI3_dark_images --> node_venv_lib_python3_12_site-packages_PyQt6_Qt6_qml_QtQuick_Controls_FluentWinUI3_dark_images_spinbox-indicator-down-icon-disabled_png["spinbox-indicator-down-icon-disabled.png"]\n    Root --> node_venv["venv"]\n    node_venv --> node_venv_lib["lib"]\n    node_venv_lib --> node_venv_lib_python3_12["python3.12"]\n    node_venv_lib_python3_12 --> node_venv_lib_python3_12_site-packages["site-packages"]\n    node_venv_lib_python3_12_site-packages --> node_venv_lib_python3_12_site-packages_PyQt6["PyQt6"]\n    node_venv_lib_python3_12_site-packages_PyQt6 --> node_venv_lib_python3_12_site-packages_PyQt6_Qt6["Qt6"]\n    node_venv_lib_python3_12_site-packages_PyQt6_Qt6 --> node_venv_lib_python3_12_site-packages_PyQt6_Qt6_qml["qml"]\n    node_venv_lib_python3_12_site-packages_PyQt6_Qt6_qml --> node_venv_lib_python3_12_site-packages_PyQt6_Qt6_qml_QtQuick["QtQuick"]\n    node_venv_lib_python3_12_site-packages_PyQt6_Qt6_qml_QtQuick --> node_venv_lib_python3_12_site-packages_PyQt6_Qt6_qml_QtQuick_Controls["Controls"]\n    node_venv_lib_python3_12_site-packages_PyQt6_Qt6_qml_QtQuick_Controls --> node_venv_lib_python3_12_site-packages_PyQt6_Qt6_qml_QtQuick_Controls_FluentWinUI3["FluentWinUI3"]\n    node_venv_lib_python3_12_site-packages_PyQt6_Qt6_qml_QtQuick_Controls_FluentWinUI3 --> node_venv_lib_python3_12_site-packages_PyQt6_Qt6_qml_QtQuick_Controls_FluentWinUI3_dark["dark"]\n    node_venv_lib_python3_12_site-packages_PyQt6_Qt6_qml_QtQuick_Controls_FluentWinUI3_dark --> node_venv_lib_python3_12_site-packages_PyQt6_Qt6_qml_QtQuick_Controls_FluentWinUI3_dark_images["images"]\n    node_venv_lib_python3_12_site-packages_PyQt6_Qt6_qml_QtQuick_Controls_FluentWinUI3_dark_images --> node_venv_lib_python3_12_site-packages_PyQt6_Qt6_qml_QtQuick_Controls_FluentWinUI3_dark_images_spinbox-indicator-down-icon-disabled@2x_png["spinbox-indicator-down-icon-disabled@2x.png"]\n    Root --> node_venv["venv"]\n    node_venv --> node_venv_lib["lib"]\n    node_venv_lib --> node_venv_lib_python3_12["python3.12"]\n    node_venv_lib_python3_12 --> node_venv_lib_python3_12_site-packages["site-packages"]\n    node_venv_lib_python3_12_site-packages --> node_venv_lib_python3_12_site-packages_PyQt6["PyQt6"]\n    node_venv_lib_python3_12_site-packages_PyQt6 --> node_venv_lib_python3_12_site-packages_PyQt6_Qt6["Qt6"]\n    node_venv_lib_python3_12_site-packages_PyQt6_Qt6 --> node_venv_lib_python3_12_site-packages_PyQt6_Qt6_qml["qml"]\n    node_venv_lib_python3_12_site-packages_PyQt6_Qt6_qml --> node_venv_lib_python3_12_site-packages_PyQt6_Qt6_qml_QtQuick["QtQuick"]\n    node_venv_lib_python3_12_site-packages_PyQt6_Qt6_qml_QtQuick --> node_venv_lib_python3_12_site-packages_PyQt6_Qt6_qml_QtQuick_Controls["Controls"]\n    node_venv_lib_python3_12_site-packages_PyQt6_Qt6_qml_QtQuick_Controls --> node_venv_lib_python3_12_site-packages_PyQt6_Qt6_qml_QtQuick_Controls_FluentWinUI3["FluentWinUI3"]\n    node_venv_lib_python3_12_site-packages_PyQt6_Qt6_qml_QtQuick_Controls_FluentWinUI3 --> node_venv_lib_python3_12_site-packages_PyQt6_Qt6_qml_QtQuick_Controls_FluentWinUI3_dark["dark"]\n    node_venv_lib_python3_12_site-packages_PyQt6_Qt6_qml_QtQuick_Controls_FluentWinUI3_dark --> node_venv_lib_python3_12_site-packages_PyQt6_Qt6_qml_QtQuick_Controls_FluentWinUI3_dark_images["images"]\n    node_venv_lib_python3_12_site-packages_PyQt6_Qt6_qml_QtQuick_Controls_FluentWinUI3_dark_images --> node_venv_lib_python3_12_site-packages_PyQt6_Qt6_qml_QtQuick_Controls_FluentWinUI3_dark_images_spinbox-indicator-down-icon-disabled@3x_png["spinbox-indicator-down-icon-disabled@3x.png"]\n    Root --> node_venv["venv"]\n    node_venv --> node_venv_lib["lib"]\n    node_venv_lib --> node_venv_lib_python3_12["python3.12"]\n    node_venv_lib_python3_12 --> node_venv_lib_python3_12_site-packages["site-packages"]\n    node_venv_lib_python3_12_site-packages --> node_venv_lib_python3_12_site-packages_PyQt6["PyQt6"]\n    node_venv_lib_python3_12_site-packages_PyQt6 --> node_venv_lib_python3_12_site-packages_PyQt6_Qt6["Qt6"]\n    node_venv_lib_python3_12_site-packages_PyQt6_Qt6 --> node_venv_lib_python3_12_site-packages_PyQt6_Qt6_qml["qml"]\n    node_venv_lib_python3_12_site-packages_PyQt6_Qt6_qml --> node_venv_lib_python3_12_site-packages_PyQt6_Qt6_qml_QtQuick["QtQuick"]\n    node_venv_lib_python3_12_site-packages_PyQt6_Qt6_qml_QtQuick --> node_venv_lib_python3_12_site-packages_PyQt6_Qt6_qml_QtQuick_Controls["Controls"]\n    node_venv_lib_python3_12_site-packages_PyQt6_Qt6_qml_QtQuick_Controls --> node_venv_lib_python3_12_site-packages_PyQt6_Qt6_qml_QtQuick_Controls_FluentWinUI3["FluentWinUI3"]\n    node_venv_lib_python3_12_site-packages_PyQt6_Qt6_qml_QtQuick_Controls_FluentWinUI3 --> node_venv_lib_python3_12_site-packages_PyQt6_Qt6_qml_QtQuick_Controls_FluentWinUI3_dark["dark"]\n    node_venv_lib_python3_12_site-packages_PyQt6_Qt6_qml_QtQuick_Controls_FluentWinUI3_dark --> node_venv_lib_python3_12_site-packages_PyQt6_Qt6_qml_QtQuick_Controls_FluentWinUI3_dark_images["images"]\n    node_venv_lib_python3_12_site-packages_PyQt6_Qt6_qml_QtQuick_Controls_FluentWinUI3_dark_images --> node_venv_lib_python3_12_site-packages_PyQt6_Qt6_qml_QtQuick_Controls_FluentWinUI3_dark_images_spinbox-indicator-down-icon-down-hovered_png["spinbox-indicator-down-icon-down-hovered.png"]\n    Root --> node_venv["venv"]\n    node_venv --> node_venv_lib["lib"]\n    node_venv_lib --> node_venv_lib_python3_12["python3.12"]\n    node_venv_lib_python3_12 --> node_venv_lib_python3_12_site-packages["site-packages"]\n    node_venv_lib_python3_12_site-packages --> node_venv_lib_python3_12_site-packages_PyQt6["PyQt6"]\n    node_venv_lib_python3_12_site-packages_PyQt6 --> node_venv_lib_python3_12_site-packages_PyQt6_Qt6["Qt6"]\n    node_venv_lib_python3_12_site-packages_PyQt6_Qt6 --> node_venv_lib_python3_12_site-packages_PyQt6_Qt6_qml["qml"]\n    node_venv_lib_python3_12_site-packages_PyQt6_Qt6_qml --> node_venv_lib_python3_12_site-packages_PyQt6_Qt6_qml_QtQuick["QtQuick"]\n    node_venv_lib_python3_12_site-packages_PyQt6_Qt6_qml_QtQuick --> node_venv_lib_python3_12_site-packages_PyQt6_Qt6_qml_QtQuick_Controls["Controls"]\n    node_venv_lib_python3_12_site-packages_PyQt6_Qt6_qml_QtQuick_Controls --> node_venv_lib_python3_12_site-packages_PyQt6_Qt6_qml_QtQuick_Controls_FluentWinUI3["FluentWinUI3"]\n    node_venv_lib_python3_12_site-packages_PyQt6_Qt6_qml_QtQuick_Controls_FluentWinUI3 --> node_venv_lib_python3_12_site-packages_PyQt6_Qt6_qml_QtQuick_Controls_FluentWinUI3_dark["dark"]\n    node_venv_lib_python3_12_site-packages_PyQt6_Qt6_qml_QtQuick_Controls_FluentWinUI3_dark --> node_venv_lib_python3_12_site-packages_PyQt6_Qt6_qml_QtQuick_Controls_FluentWinUI3_dark_images["images"]\n    node_venv_lib_python3_12_site-packages_PyQt6_Qt6_qml_QtQuick_Controls_FluentWinUI3_dark_images --> node_venv_lib_python3_12_site-packages_PyQt6_Qt6_qml_QtQuick_Controls_FluentWinUI3_dark_images_spinbox-indicator-down-icon-down-hovered@2x_png["spinbox-indicator-down-icon-down-hovered@2x.png"]\n    Root --> node_venv["venv"]\n    node_venv --> node_venv_lib["lib"]\n    node_venv_lib --> node_venv_lib_python3_12["python3.12"]\n    node_venv_lib_python3_12 --> node_venv_lib_python3_12_site-packages["site-packages"]\n    node_venv_lib_python3_12_site-packages --> node_venv_lib_python3_12_site-packages_PyQt6["PyQt6"]\n    node_venv_lib_python3_12_site-packages_PyQt6 --> node_venv_lib_python3_12_site-packages_PyQt6_Qt6["Qt6"]\n    node_venv_lib_python3_12_site-packages_PyQt6_Qt6 --> node_venv_lib_python3_12_site-packages_PyQt6_Qt6_qml["qml"]\n    node_venv_lib_python3_12_site-packages_PyQt6_Qt6_qml --> node_venv_lib_python3_12_site-packages_PyQt6_Qt6_qml_QtQuick["QtQuick"]\n    node_venv_lib_python3_12_site-packages_PyQt6_Qt6_qml_QtQuick --> node_venv_lib_python3_12_site-packages_PyQt6_Qt6_qml_QtQuick_Controls["Controls"]\n    node_venv_lib_python3_12_site-packages_PyQt6_Qt6_qml_QtQuick_Controls --> node_venv_lib_python3_12_site-packages_PyQt6_Qt6_qml_QtQuick_Controls_FluentWinUI3["FluentWinUI3"]\n    node_venv_lib_python3_12_site-packages_PyQt6_Qt6_qml_QtQuick_Controls_FluentWinUI3 --> node_venv_lib_python3_12_site-packages_PyQt6_Qt6_qml_QtQuick_Controls_FluentWinUI3_dark["dark"]\n    node_venv_lib_python3_12_site-packages_PyQt6_Qt6_qml_QtQuick_Controls_FluentWinUI3_dark --> node_venv_lib_python3_12_site-packages_PyQt6_Qt6_qml_QtQuick_Controls_FluentWinUI3_dark_images["images"]\n    node_venv_lib_python3_12_site-packages_PyQt6_Qt6_qml_QtQuick_Controls_FluentWinUI3_dark_images --> node_venv_lib_python3_12_site-packages_PyQt6_Qt6_qml_QtQuick_Controls_FluentWinUI3_dark_images_spinbox-indicator-down-icon-down-hovered@3x_png["spinbox-indicator-down-icon-down-hovered@3x.png"]\n    Root --> node_venv["venv"]\n    node_venv --> node_venv_lib["lib"]\n    node_venv_lib --> node_venv_lib_python3_12["python3.12"]\n    node_venv_lib_python3_12 --> node_venv_lib_python3_12_site-packages["site-packages"]\n    node_venv_lib_python3_12_site-packages --> node_venv_lib_python3_12_site-packages_PyQt6["PyQt6"]\n    node_venv_lib_python3_12_site-packages_PyQt6 --> node_venv_lib_python3_12_site-packages_PyQt6_Qt6["Qt6"]\n    node_venv_lib_python3_12_site-packages_PyQt6_Qt6 --> node_venv_lib_python3_12_site-packages_PyQt6_Qt6_qml["qml"]\n    node_venv_lib_python3_12_site-packages_PyQt6_Qt6_qml --> node_venv_lib_python3_12_site-packages_PyQt6_Qt6_qml_QtQuick["QtQuick"]\n    node_venv_lib_python3_12_site-packages_PyQt6_Qt6_qml_QtQuick --> node_venv_lib_python3_12_site-packages_PyQt6_Qt6_qml_QtQuick_Controls["Controls"]\n    node_venv_lib_python3_12_site-packages_PyQt6_Qt6_qml_QtQuick_Controls --> node_venv_lib_python3_12_site-packages_PyQt6_Qt6_qml_QtQuick_Controls_FluentWinUI3["FluentWinUI3"]\n    node_venv_lib_python3_12_site-packages_PyQt6_Qt6_qml_QtQuick_Controls_FluentWinUI3 --> node_venv_lib_python3_12_site-packages_PyQt6_Qt6_qml_QtQuick_Controls_FluentWinUI3_dark["dark"]\n    node_venv_lib_python3_12_site-packages_PyQt6_Qt6_qml_QtQuick_Controls_FluentWinUI3_dark --> node_venv_lib_python3_12_site-packages_PyQt6_Qt6_qml_QtQuick_Controls_FluentWinUI3_dark_images["images"]\n    node_venv_lib_python3_12_site-packages_PyQt6_Qt6_qml_QtQuick_Controls_FluentWinUI3_dark_images --> node_venv_lib_python3_12_site-packages_PyQt6_Qt6_qml_QtQuick_Controls_FluentWinUI3_dark_images_spinbox-indicator-down-icon-down-pressed_png["spinbox-indicator-down-icon-down-pressed.png"]\n    Root --> node_venv["venv"]\n    node_venv --> node_venv_lib["lib"]\n    node_venv_lib --> node_venv_lib_python3_12["python3.12"]\n    node_venv_lib_python3_12 --> node_venv_lib_python3_12_site-packages["site-packages"]\n    node_venv_lib_python3_12_site-packages --> node_venv_lib_python3_12_site-packages_PyQt6["PyQt6"]\n    node_venv_lib_python3_12_site-packages_PyQt6 --> node_venv_lib_python3_12_site-packages_PyQt6_Qt6["Qt6"]\n    node_venv_lib_python3_12_site-packages_PyQt6_Qt6 --> node_venv_lib_python3_12_site-packages_PyQt6_Qt6_qml["qml"]\n    node_venv_lib_python3_12_site-packages_PyQt6_Qt6_qml --> node_venv_lib_python3_12_site-packages_PyQt6_Qt6_qml_QtQuick["QtQuick"]\n    node_venv_lib_python3_12_site-packages_PyQt6_Qt6_qml_QtQuick --> node_venv_lib_python3_12_site-packages_PyQt6_Qt6_qml_QtQuick_Controls["Controls"]\n    node_venv_lib_python3_12_site-packages_PyQt6_Qt6_qml_QtQuick_Controls --> node_venv_lib_python3_12_site-packages_PyQt6_Qt6_qml_QtQuick_Controls_FluentWinUI3["FluentWinUI3"]\n    node_venv_lib_python3_12_site-packages_PyQt6_Qt6_qml_QtQuick_Controls_FluentWinUI3 --> node_venv_lib_python3_12_site-packages_PyQt6_Qt6_qml_QtQuick_Controls_FluentWinUI3_dark["dark"]\n    node_venv_lib_python3_12_site-packages_PyQt6_Qt6_qml_QtQuick_Controls_FluentWinUI3_dark --> node_venv_lib_python3_12_site-packages_PyQt6_Qt6_qml_QtQuick_Controls_FluentWinUI3_dark_images["images"]\n    node_venv_lib_python3_12_site-packages_PyQt6_Qt6_qml_QtQuick_Controls_FluentWinUI3_dark_images --> node_venv_lib_python3_12_site-packages_PyQt6_Qt6_qml_QtQuick_Controls_FluentWinUI3_dark_images_spinbox-indicator-down-icon-down-pressed@2x_png["spinbox-indicator-down-icon-down-pressed@2x.png"]\n    Root --> node_venv["venv"]\n    node_venv --> node_venv_lib["lib"]\n    node_venv_lib --> node_venv_lib_python3_12["python3.12"]\n    node_venv_lib_python3_12 --> node_venv_lib_python3_12_site-packages["site-packages"]\n    node_venv_lib_python3_12_site-packages --> node_venv_lib_python3_12_site-packages_PyQt6["PyQt6"]\n    node_venv_lib_python3_12_site-packages_PyQt6 --> node_venv_lib_python3_12_site-packages_PyQt6_Qt6["Qt6"]\n    node_venv_lib_python3_12_site-packages_PyQt6_Qt6 --> node_venv_lib_python3_12_site-packages_PyQt6_Qt6_qml["qml"]\n    node_venv_lib_python3_12_site-packages_PyQt6_Qt6_qml --> node_venv_lib_python3_12_site-packages_PyQt6_Qt6_qml_QtQuick["QtQuick"]\n    node_venv_lib_python3_12_site-packages_PyQt6_Qt6_qml_QtQuick --> node_venv_lib_python3_12_site-packages_PyQt6_Qt6_qml_QtQuick_Controls["Controls"]\n    node_venv_lib_python3_12_site-packages_PyQt6_Qt6_qml_QtQuick_Controls --> node_venv_lib_python3_12_site-packages_PyQt6_Qt6_qml_QtQuick_Controls_FluentWinUI3["FluentWinUI3"]\n    node_venv_lib_python3_12_site-packages_PyQt6_Qt6_qml_QtQuick_Controls_FluentWinUI3 --> node_venv_lib_python3_12_site-packages_PyQt6_Qt6_qml_QtQuick_Controls_FluentWinUI3_dark["dark"]\n    node_venv_lib_python3_12_site-packages_PyQt6_Qt6_qml_QtQuick_Controls_FluentWinUI3_dark --> node_venv_lib_python3_12_site-packages_PyQt6_Qt6_qml_QtQuick_Controls_FluentWinUI3_dark_images["images"]\n    node_venv_lib_python3_12_site-packages_PyQt6_Qt6_qml_QtQuick_Controls_FluentWinUI3_dark_images --> node_venv_lib_python3_12_site-packages_PyQt6_Qt6_qml_QtQuick_Controls_FluentWinUI3_dark_images_spinbox-indicator-down-icon-down-pressed@3x_png["spinbox-indicator-down-icon-down-pressed@3x.png"]\n    Root --> node_venv["venv"]\n    node_venv --> node_venv_lib["lib"]\n    node_venv_lib --> node_venv_lib_python3_12["python3.12"]\n    node_venv_lib_python3_12 --> node_venv_lib_python3_12_site-packages["site-packages"]\n    node_venv_lib_python3_12_site-packages --> node_venv_lib_python3_12_site-packages_PyQt6["PyQt6"]\n    node_venv_lib_python3_12_site-packages_PyQt6 --> node_venv_lib_python3_12_site-packages_PyQt6_Qt6["Qt6"]\n    node_venv_lib_python3_12_site-packages_PyQt6_Qt6 --> node_venv_lib_python3_12_site-packages_PyQt6_Qt6_qml["qml"]\n    node_venv_lib_python3_12_site-packages_PyQt6_Qt6_qml --> node_venv_lib_python3_12_site-packages_PyQt6_Qt6_qml_QtQuick["QtQuick"]\n    node_venv_lib_python3_12_site-packages_PyQt6_Qt6_qml_QtQuick --> node_venv_lib_python3_12_site-packages_PyQt6_Qt6_qml_QtQuick_Controls["Controls"]\n    node_venv_lib_python3_12_site-packages_PyQt6_Qt6_qml_QtQuick_Controls --> node_venv_lib_python3_12_site-packages_PyQt6_Qt6_qml_QtQuick_Controls_FluentWinUI3["FluentWinUI3"]\n    node_venv_lib_python3_12_site-packages_PyQt6_Qt6_qml_QtQuick_Controls_FluentWinUI3 --> node_venv_lib_python3_12_site-packages_PyQt6_Qt6_qml_QtQuick_Controls_FluentWinUI3_dark["dark"]\n    node_venv_lib_python3_12_site-packages_PyQt6_Qt6_qml_QtQuick_Controls_FluentWinUI3_dark --> node_venv_lib_python3_12_site-packages_PyQt6_Qt6_qml_QtQuick_Controls_FluentWinUI3_dark_images["images"]\n    node_venv_lib_python3_12_site-packages_PyQt6_Qt6_qml_QtQuick_Controls_FluentWinUI3_dark_images --> node_venv_lib_python3_12_site-packages_PyQt6_Qt6_qml_QtQuick_Controls_FluentWinUI3_dark_images_spinbox-indicator-down-icon-hovered_png["spinbox-indicator-down-icon-hovered.png"]\n    Root --> node_venv["venv"]\n    node_venv --> node_venv_lib["lib"]\n    node_venv_lib --> node_venv_lib_python3_12["python3.12"]\n    node_venv_lib_python3_12 --> node_venv_lib_python3_12_site-packages["site-packages"]\n    node_venv_lib_python3_12_site-packages --> node_venv_lib_python3_12_site-packages_PyQt6["PyQt6"]\n    node_venv_lib_python3_12_site-packages_PyQt6 --> node_venv_lib_python3_12_site-packages_PyQt6_Qt6["Qt6"]\n    node_venv_lib_python3_12_site-packages_PyQt6_Qt6 --> node_venv_lib_python3_12_site-packages_PyQt6_Qt6_qml["qml"]\n    node_venv_lib_python3_12_site-packages_PyQt6_Qt6_qml --> node_venv_lib_python3_12_site-packages_PyQt6_Qt6_qml_QtQuick["QtQuick"]\n    node_venv_lib_python3_12_site-packages_PyQt6_Qt6_qml_QtQuick --> node_venv_lib_python3_12_site-packages_PyQt6_Qt6_qml_QtQuick_Controls["Controls"]\n    node_venv_lib_python3_12_site-packages_PyQt6_Qt6_qml_QtQuick_Controls --> node_venv_lib_python3_12_site-packages_PyQt6_Qt6_qml_QtQuick_Controls_FluentWinUI3["FluentWinUI3"]\n    node_venv_lib_python3_12_site-packages_PyQt6_Qt6_qml_QtQuick_Controls_FluentWinUI3 --> node_venv_lib_python3_12_site-packages_PyQt6_Qt6_qml_QtQuick_Controls_FluentWinUI3_dark["dark"]\n    node_venv_lib_python3_12_site-packages_PyQt6_Qt6_qml_QtQuick_Controls_FluentWinUI3_dark --> node_venv_lib_python3_12_site-packages_PyQt6_Qt6_qml_QtQuick_Controls_FluentWinUI3_dark_images["images"]\n    node_venv_lib_python3_12_site-packages_PyQt6_Qt6_qml_QtQuick_Controls_FluentWinUI3_dark_images --> node_venv_lib_python3_12_site-packages_PyQt6_Qt6_qml_QtQuick_Controls_FluentWinUI3_dark_images_spinbox-indicator-down-icon-hovered@2x_png["spinbox-indicator-down-icon-hovered@2x.png"]\n    Root --> node_venv["venv"]\n    node_venv --> node_venv_lib["lib"]\n    node_venv_lib --> node_venv_lib_python3_12["python3.12"]\n    node_venv_lib_python3_12 --> node_venv_lib_python3_12_site-packages["site-packages"]\n    node_venv_lib_python3_12_site-packages --> node_venv_lib_python3_12_site-packages_PyQt6["PyQt6"]\n    node_venv_lib_python3_12_site-packages_PyQt6 --> node_venv_lib_python3_12_site-packages_PyQt6_Qt6["Qt6"]\n    node_venv_lib_python3_12_site-packages_PyQt6_Qt6 --> node_venv_lib_python3_12_site-packages_PyQt6_Qt6_qml["qml"]\n    node_venv_lib_python3_12_site-packages_PyQt6_Qt6_qml --> node_venv_lib_python3_12_site-packages_PyQt6_Qt6_qml_QtQuick["QtQuick"]\n    node_venv_lib_python3_12_site-packages_PyQt6_Qt6_qml_QtQuick --> node_venv_lib_python3_12_site-packages_PyQt6_Qt6_qml_QtQuick_Controls["Controls"]\n    node_venv_lib_python3_12_site-packages_PyQt6_Qt6_qml_QtQuick_Controls --> node_venv_lib_python3_12_site-packages_PyQt6_Qt6_qml_QtQuick_Controls_FluentWinUI3["FluentWinUI3"]\n    node_venv_lib_python3_12_site-packages_PyQt6_Qt6_qml_QtQuick_Controls_FluentWinUI3 --> node_venv_lib_python3_12_site-packages_PyQt6_Qt6_qml_QtQuick_Controls_FluentWinUI3_dark["dark"]\n    node_venv_lib_python3_12_site-packages_PyQt6_Qt6_qml_QtQuick_Controls_FluentWinUI3_dark --> node_venv_lib_python3_12_site-packages_PyQt6_Qt6_qml_QtQuick_Controls_FluentWinUI3_dark_images["images"]\n    node_venv_lib_python3_12_site-packages_PyQt6_Qt6_qml_QtQuick_Controls_FluentWinUI3_dark_images --> node_venv_lib_python3_12_site-packages_PyQt6_Qt6_qml_QtQuick_Controls_FluentWinUI3_dark_images_spinbox-indicator-down-icon-hovered@3x_png["spinbox-indicator-down-icon-hovered@3x.png"]\n    Root --> node_venv["venv"]\n    node_venv --> node_venv_lib["lib"]\n    node_venv_lib --> node_venv_lib_python3_12["python3.12"]\n    node_venv_lib_python3_12 --> node_venv_lib_python3_12_site-packages["site-packages"]\n    node_venv_lib_python3_12_site-packages --> node_venv_lib_python3_12_site-packages_PyQt6["PyQt6"]\n    node_venv_lib_python3_12_site-packages_PyQt6 --> node_venv_lib_python3_12_site-packages_PyQt6_Qt6["Qt6"]\n    node_venv_lib_python3_12_site-packages_PyQt6_Qt6 --> node_venv_lib_python3_12_site-packages_PyQt6_Qt6_qml["qml"]\n    node_venv_lib_python3_12_site-packages_PyQt6_Qt6_qml --> node_venv_lib_python3_12_site-packages_PyQt6_Qt6_qml_QtQuick["QtQuick"]\n    node_venv_lib_python3_12_site-packages_PyQt6_Qt6_qml_QtQuick --> node_venv_lib_python3_12_site-packages_PyQt6_Qt6_qml_QtQuick_Controls["Controls"]\n    node_venv_lib_python3_12_site-packages_PyQt6_Qt6_qml_QtQuick_Controls --> node_venv_lib_python3_12_site-packages_PyQt6_Qt6_qml_QtQuick_Controls_FluentWinUI3["FluentWinUI3"]\n    node_venv_lib_python3_12_site-packages_PyQt6_Qt6_qml_QtQuick_Controls_FluentWinUI3 --> node_venv_lib_python3_12_site-packages_PyQt6_Qt6_qml_QtQuick_Controls_FluentWinUI3_dark["dark"]\n    node_venv_lib_python3_12_site-packages_PyQt6_Qt6_qml_QtQuick_Controls_FluentWinUI3_dark --> node_venv_lib_python3_12_site-packages_PyQt6_Qt6_qml_QtQuick_Controls_FluentWinUI3_dark_images["images"]\n    node_venv_lib_python3_12_site-packages_PyQt6_Qt6_qml_QtQuick_Controls_FluentWinUI3_dark_images --> node_venv_lib_python3_12_site-packages_PyQt6_Qt6_qml_QtQuick_Controls_FluentWinUI3_dark_images_spinbox-indicator-down-icon-up-hovered_png["spinbox-indicator-down-icon-up-hovered.png"]\n    Root --> node_venv["venv"]\n    node_venv --> node_venv_lib["lib"]\n    node_venv_lib --> node_venv_lib_python3_12["python3.12"]\n    node_venv_lib_python3_12 --> node_venv_lib_python3_12_site-packages["site-packages"]\n    node_venv_lib_python3_12_site-packages --> node_venv_lib_python3_12_site-packages_PyQt6["PyQt6"]\n    node_venv_lib_python3_12_site-packages_PyQt6 --> node_venv_lib_python3_12_site-packages_PyQt6_Qt6["Qt6"]\n    node_venv_lib_python3_12_site-packages_PyQt6_Qt6 --> node_venv_lib_python3_12_site-packages_PyQt6_Qt6_qml["qml"]\n    node_venv_lib_python3_12_site-packages_PyQt6_Qt6_qml --> node_venv_lib_python3_12_site-packages_PyQt6_Qt6_qml_QtQuick["QtQuick"]\n    node_venv_lib_python3_12_site-packages_PyQt6_Qt6_qml_QtQuick --> node_venv_lib_python3_12_site-packages_PyQt6_Qt6_qml_QtQuick_Controls["Controls"]\n    node_venv_lib_python3_12_site-packages_PyQt6_Qt6_qml_QtQuick_Controls --> node_venv_lib_python3_12_site-packages_PyQt6_Qt6_qml_QtQuick_Controls_FluentWinUI3["FluentWinUI3"]\n    node_venv_lib_python3_12_site-packages_PyQt6_Qt6_qml_QtQuick_Controls_FluentWinUI3 --> node_venv_lib_python3_12_site-packages_PyQt6_Qt6_qml_QtQuick_Controls_FluentWinUI3_dark["dark"]\n    node_venv_lib_python3_12_site-packages_PyQt6_Qt6_qml_QtQuick_Controls_FluentWinUI3_dark --> node_venv_lib_python3_12_site-packages_PyQt6_Qt6_qml_QtQuick_Controls_FluentWinUI3_dark_images["images"]\n    node_venv_lib_python3_12_site-packages_PyQt6_Qt6_qml_QtQuick_Controls_FluentWinUI3_dark_images --> node_venv_lib_python3_12_site-packages_PyQt6_Qt6_qml_QtQuick_Controls_FluentWinUI3_dark_images_spinbox-indicator-down-icon-up-hovered@2x_png["spinbox-indicator-down-icon-up-hovered@2x.png"]\n    Root --> node_venv["venv"]\n    node_venv --> node_venv_lib["lib"]\n    node_venv_lib --> node_venv_lib_python3_12["python3.12"]\n    node_venv_lib_python3_12 --> node_venv_lib_python3_12_site-packages["site-packages"]\n    node_venv_lib_python3_12_site-packages --> node_venv_lib_python3_12_site-packages_PyQt6["PyQt6"]\n    node_venv_lib_python3_12_site-packages_PyQt6 --> node_venv_lib_python3_12_site-packages_PyQt6_Qt6["Qt6"]\n    node_venv_lib_python3_12_site-packages_PyQt6_Qt6 --> node_venv_lib_python3_12_site-packages_PyQt6_Qt6_qml["qml"]\n    node_venv_lib_python3_12_site-packages_PyQt6_Qt6_qml --> node_venv_lib_python3_12_site-packages_PyQt6_Qt6_qml_QtQuick["QtQuick"]\n    node_venv_lib_python3_12_site-packages_PyQt6_Qt6_qml_QtQuick --> node_venv_lib_python3_12_site-packages_PyQt6_Qt6_qml_QtQuick_Controls["Controls"]\n    node_venv_lib_python3_12_site-packages_PyQt6_Qt6_qml_QtQuick_Controls --> node_venv_lib_python3_12_site-packages_PyQt6_Qt6_qml_QtQuick_Controls_FluentWinUI3["FluentWinUI3"]\n    node_venv_lib_python3_12_site-packages_PyQt6_Qt6_qml_QtQuick_Controls_FluentWinUI3 --> node_venv_lib_python3_12_site-packages_PyQt6_Qt6_qml_QtQuick_Controls_FluentWinUI3_dark["dark"]\n    node_venv_lib_python3_12_site-packages_PyQt6_Qt6_qml_QtQuick_Controls_FluentWinUI3_dark --> node_venv_lib_python3_12_site-packages_PyQt6_Qt6_qml_QtQuick_Controls_FluentWinUI3_dark_images["images"]\n    node_venv_lib_python3_12_site-packages_PyQt6_Qt6_qml_QtQuick_Controls_FluentWinUI3_dark_images --> node_venv_lib_python3_12_site-packages_PyQt6_Qt6_qml_QtQuick_Controls_FluentWinUI3_dark_images_spinbox-indicator-down-icon-up-hovered@3x_png["spinbox-indicator-down-icon-up-hovered@3x.png"]\n    Root --> node_venv["venv"]\n    node_venv --> node_venv_lib["lib"]\n    node_venv_lib --> node_venv_lib_python3_12["python3.12"]\n    node_venv_lib_python3_12 --> node_venv_lib_python3_12_site-packages["site-packages"]\n    node_venv_lib_python3_12_site-packages --> node_venv_lib_python3_12_site-packages_PyQt6["PyQt6"]\n    node_venv_lib_python3_12_site-packages_PyQt6 --> node_venv_lib_python3_12_site-packages_PyQt6_Qt6["Qt6"]\n    node_venv_lib_python3_12_site-packages_PyQt6_Qt6 --> node_venv_lib_python3_12_site-packages_PyQt6_Qt6_qml["qml"]\n    node_venv_lib_python3_12_site-packages_PyQt6_Qt6_qml --> node_venv_lib_python3_12_site-packages_PyQt6_Qt6_qml_QtQuick["QtQuick"]\n    node_venv_lib_python3_12_site-packages_PyQt6_Qt6_qml_QtQuick --> node_venv_lib_python3_12_site-packages_PyQt6_Qt6_qml_QtQuick_Controls["Controls"]\n    node_venv_lib_python3_12_site-packages_PyQt6_Qt6_qml_QtQuick_Controls --> node_venv_lib_python3_12_site-packages_PyQt6_Qt6_qml_QtQuick_Controls_FluentWinUI3["FluentWinUI3"]\n    node_venv_lib_python3_12_site-packages_PyQt6_Qt6_qml_QtQuick_Controls_FluentWinUI3 --> node_venv_lib_python3_12_site-packages_PyQt6_Qt6_qml_QtQuick_Controls_FluentWinUI3_dark["dark"]\n    node_venv_lib_python3_12_site-packages_PyQt6_Qt6_qml_QtQuick_Controls_FluentWinUI3_dark --> node_venv_lib_python3_12_site-packages_PyQt6_Qt6_qml_QtQuick_Controls_FluentWinUI3_dark_images["images"]\n    node_venv_lib_python3_12_site-packages_PyQt6_Qt6_qml_QtQuick_Controls_FluentWinUI3_dark_images --> node_venv_lib_python3_12_site-packages_PyQt6_Qt6_qml_QtQuick_Controls_FluentWinUI3_dark_images_spinbox-indicator-down-icon-up-pressed_png["spinbox-indicator-down-icon-up-pressed.png"]\n    Root --> node_venv["venv"]\n    node_venv --> node_venv_lib["lib"]\n    node_venv_lib --> node_venv_lib_python3_12["python3.12"]\n    node_venv_lib_python3_12 --> node_venv_lib_python3_12_site-packages["site-packages"]\n    node_venv_lib_python3_12_site-packages --> node_venv_lib_python3_12_site-packages_PyQt6["PyQt6"]\n    node_venv_lib_python3_12_site-packages_PyQt6 --> node_venv_lib_python3_12_site-packages_PyQt6_Qt6["Qt6"]\n    node_venv_lib_python3_12_site-packages_PyQt6_Qt6 --> node_venv_lib_python3_12_site-packages_PyQt6_Qt6_qml["qml"]\n    node_venv_lib_python3_12_site-packages_PyQt6_Qt6_qml --> node_venv_lib_python3_12_site-packages_PyQt6_Qt6_qml_QtQuick["QtQuick"]\n    node_venv_lib_python3_12_site-packages_PyQt6_Qt6_qml_QtQuick --> node_venv_lib_python3_12_site-packages_PyQt6_Qt6_qml_QtQuick_Controls["Controls"]\n    node_venv_lib_python3_12_site-packages_PyQt6_Qt6_qml_QtQuick_Controls --> node_venv_lib_python3_12_site-packages_PyQt6_Qt6_qml_QtQuick_Controls_FluentWinUI3["FluentWinUI3"]\n    node_venv_lib_python3_12_site-packages_PyQt6_Qt6_qml_QtQuick_Controls_FluentWinUI3 --> node_venv_lib_python3_12_site-packages_PyQt6_Qt6_qml_QtQuick_Controls_FluentWinUI3_dark["dark"]\n    node_venv_lib_python3_12_site-packages_PyQt6_Qt6_qml_QtQuick_Controls_FluentWinUI3_dark --> node_venv_lib_python3_12_site-packages_PyQt6_Qt6_qml_QtQuick_Controls_FluentWinUI3_dark_images["images"]\n    node_venv_lib_python3_12_site-packages_PyQt6_Qt6_qml_QtQuick_Controls_FluentWinUI3_dark_images --> node_venv_lib_python3_12_site-packages_PyQt6_Qt6_qml_QtQuick_Controls_FluentWinUI3_dark_images_spinbox-indicator-down-icon-up-pressed@2x_png["spinbox-indicator-down-icon-up-pressed@2x.png"]\n    Root --> node_venv["venv"]\n    node_venv --> node_venv_lib["lib"]\n    node_venv_lib --> node_venv_lib_python3_12["python3.12"]\n    node_venv_lib_python3_12 --> node_venv_lib_python3_12_site-packages["site-packages"]\n    node_venv_lib_python3_12_site-packages --> node_venv_lib_python3_12_site-packages_PyQt6["PyQt6"]\n    node_venv_lib_python3_12_site-packages_PyQt6 --> node_venv_lib_python3_12_site-packages_PyQt6_Qt6["Qt6"]\n    node_venv_lib_python3_12_site-packages_PyQt6_Qt6 --> node_venv_lib_python3_12_site-packages_PyQt6_Qt6_qml["qml"]\n    node_venv_lib_python3_12_site-packages_PyQt6_Qt6_qml --> node_venv_lib_python3_12_site-packages_PyQt6_Qt6_qml_QtQuick["QtQuick"]\n    node_venv_lib_python3_12_site-packages_PyQt6_Qt6_qml_QtQuick --> node_venv_lib_python3_12_site-packages_PyQt6_Qt6_qml_QtQuick_Controls["Controls"]\n    node_venv_lib_python3_12_site-packages_PyQt6_Qt6_qml_QtQuick_Controls --> node_venv_lib_python3_12_site-packages_PyQt6_Qt6_qml_QtQuick_Controls_FluentWinUI3["FluentWinUI3"]\n    node_venv_lib_python3_12_site-packages_PyQt6_Qt6_qml_QtQuick_Controls_FluentWinUI3 --> node_venv_lib_python3_12_site-packages_PyQt6_Qt6_qml_QtQuick_Controls_FluentWinUI3_dark["dark"]\n    node_venv_lib_python3_12_site-packages_PyQt6_Qt6_qml_QtQuick_Controls_FluentWinUI3_dark --> node_venv_lib_python3_12_site-packages_PyQt6_Qt6_qml_QtQuick_Controls_FluentWinUI3_dark_images["images"]\n    node_venv_lib_python3_12_site-packages_PyQt6_Qt6_qml_QtQuick_Controls_FluentWinUI3_dark_images --> node_venv_lib_python3_12_site-packages_PyQt6_Qt6_qml_QtQuick_Controls_FluentWinUI3_dark_images_spinbox-indicator-down-icon-up-pressed@3x_png["spinbox-indicator-down-icon-up-pressed@3x.png"]\n    Root --> node_venv["venv"]\n    node_venv --> node_venv_lib["lib"]\n    node_venv_lib --> node_venv_lib_python3_12["python3.12"]\n    node_venv_lib_python3_12 --> node_venv_lib_python3_12_site-packages["site-packages"]\n    node_venv_lib_python3_12_site-packages --> node_venv_lib_python3_12_site-packages_PyQt6["PyQt6"]\n    node_venv_lib_python3_12_site-packages_PyQt6 --> node_venv_lib_python3_12_site-packages_PyQt6_Qt6["Qt6"]\n    node_venv_lib_python3_12_site-packages_PyQt6_Qt6 --> node_venv_lib_python3_12_site-packages_PyQt6_Qt6_qml["qml"]\n    node_venv_lib_python3_12_site-packages_PyQt6_Qt6_qml --> node_venv_lib_python3_12_site-packages_PyQt6_Qt6_qml_QtQuick["QtQuick"]\n    node_venv_lib_python3_12_site-packages_PyQt6_Qt6_qml_QtQuick --> node_venv_lib_python3_12_site-packages_PyQt6_Qt6_qml_QtQuick_Controls["Controls"]\n    node_venv_lib_python3_12_site-packages_PyQt6_Qt6_qml_QtQuick_Controls --> node_venv_lib_python3_12_site-packages_PyQt6_Qt6_qml_QtQuick_Controls_FluentWinUI3["FluentWinUI3"]\n    node_venv_lib_python3_12_site-packages_PyQt6_Qt6_qml_QtQuick_Controls_FluentWinUI3 --> node_venv_lib_python3_12_site-packages_PyQt6_Qt6_qml_QtQuick_Controls_FluentWinUI3_dark["dark"]\n    node_venv_lib_python3_12_site-packages_PyQt6_Qt6_qml_QtQuick_Controls_FluentWinUI3_dark --> node_venv_lib_python3_12_site-packages_PyQt6_Qt6_qml_QtQuick_Controls_FluentWinUI3_dark_images["images"]\n    node_venv_lib_python3_12_site-packages_PyQt6_Qt6_qml_QtQuick_Controls_FluentWinUI3_dark_images --> node_venv_lib_python3_12_site-packages_PyQt6_Qt6_qml_QtQuick_Controls_FluentWinUI3_dark_images_spinbox-indicator-down-icon_png["spinbox-indicator-down-icon.png"]\n    Root --> node_venv["venv"]\n    node_venv --> node_venv_lib["lib"]\n    node_venv_lib --> node_venv_lib_python3_12["python3.12"]\n    node_venv_lib_python3_12 --> node_venv_lib_python3_12_site-packages["site-packages"]\n    node_venv_lib_python3_12_site-packages --> node_venv_lib_python3_12_site-packages_PyQt6["PyQt6"]\n    node_venv_lib_python3_12_site-packages_PyQt6 --> node_venv_lib_python3_12_site-packages_PyQt6_Qt6["Qt6"]\n    node_venv_lib_python3_12_site-packages_PyQt6_Qt6 --> node_venv_lib_python3_12_site-packages_PyQt6_Qt6_qml["qml"]\n    node_venv_lib_python3_12_site-packages_PyQt6_Qt6_qml --> node_venv_lib_python3_12_site-packages_PyQt6_Qt6_qml_QtQuick["QtQuick"]\n    node_venv_lib_python3_12_site-packages_PyQt6_Qt6_qml_QtQuick --> node_venv_lib_python3_12_site-packages_PyQt6_Qt6_qml_QtQuick_Controls["Controls"]\n    node_venv_lib_python3_12_site-packages_PyQt6_Qt6_qml_QtQuick_Controls --> node_venv_lib_python3_12_site-packages_PyQt6_Qt6_qml_QtQuick_Controls_FluentWinUI3["FluentWinUI3"]\n    node_venv_lib_python3_12_site-packages_PyQt6_Qt6_qml_QtQuick_Controls_FluentWinUI3 --> node_venv_lib_python3_12_site-packages_PyQt6_Qt6_qml_QtQuick_Controls_FluentWinUI3_dark["dark"]\n    node_venv_lib_python3_12_site-packages_PyQt6_Qt6_qml_QtQuick_Controls_FluentWinUI3_dark --> node_venv_lib_python3_12_site-packages_PyQt6_Qt6_qml_QtQuick_Controls_FluentWinUI3_dark_images["images"]\n    node_venv_lib_python3_12_site-packages_PyQt6_Qt6_qml_QtQuick_Controls_FluentWinUI3_dark_images --> node_venv_lib_python3_12_site-packages_PyQt6_Qt6_qml_QtQuick_Controls_FluentWinUI3_dark_images_spinbox-indicator-down-icon@2x_png["spinbox-indicator-down-icon@2x.png"]\n    Root --> node_venv["venv"]\n    node_venv --> node_venv_lib["lib"]\n    node_venv_lib --> node_venv_lib_python3_12["python3.12"]\n    node_venv_lib_python3_12 --> node_venv_lib_python3_12_site-packages["site-packages"]\n    node_venv_lib_python3_12_site-packages --> node_venv_lib_python3_12_site-packages_PyQt6["PyQt6"]\n    node_venv_lib_python3_12_site-packages_PyQt6 --> node_venv_lib_python3_12_site-packages_PyQt6_Qt6["Qt6"]\n    node_venv_lib_python3_12_site-packages_PyQt6_Qt6 --> node_venv_lib_python3_12_site-packages_PyQt6_Qt6_qml["qml"]\n    node_venv_lib_python3_12_site-packages_PyQt6_Qt6_qml --> node_venv_lib_python3_12_site-packages_PyQt6_Qt6_qml_QtQuick["QtQuick"]\n    node_venv_lib_python3_12_site-packages_PyQt6_Qt6_qml_QtQuick --> node_venv_lib_python3_12_site-packages_PyQt6_Qt6_qml_QtQuick_Controls["Controls"]\n    node_venv_lib_python3_12_site-packages_PyQt6_Qt6_qml_QtQuick_Controls --> node_venv_lib_python3_12_site-packages_PyQt6_Qt6_qml_QtQuick_Controls_FluentWinUI3["FluentWinUI3"]\n    node_venv_lib_python3_12_site-packages_PyQt6_Qt6_qml_QtQuick_Controls_FluentWinUI3 --> node_venv_lib_python3_12_site-packages_PyQt6_Qt6_qml_QtQuick_Controls_FluentWinUI3_dark["dark"]\n    node_venv_lib_python3_12_site-packages_PyQt6_Qt6_qml_QtQuick_Controls_FluentWinUI3_dark --> node_venv_lib_python3_12_site-packages_PyQt6_Qt6_qml_QtQuick_Controls_FluentWinUI3_dark_images["images"]\n    node_venv_lib_python3_12_site-packages_PyQt6_Qt6_qml_QtQuick_Controls_FluentWinUI3_dark_images --> node_venv_lib_python3_12_site-packages_PyQt6_Qt6_qml_QtQuick_Controls_FluentWinUI3_dark_images_spinbox-indicator-down-icon@3x_png["spinbox-indicator-down-icon@3x.png"]\n    Root --> node_venv["venv"]\n    node_venv --> node_venv_lib["lib"]\n    node_venv_lib --> node_venv_lib_python3_12["python3.12"]\n    node_venv_lib_python3_12 --> node_venv_lib_python3_12_site-packages["site-packages"]\n    node_venv_lib_python3_12_site-packages --> node_venv_lib_python3_12_site-packages_PyQt6["PyQt6"]\n    node_venv_lib_python3_12_site-packages_PyQt6 --> node_venv_lib_python3_12_site-packages_PyQt6_Qt6["Qt6"]\n    node_venv_lib_python3_12_site-packages_PyQt6_Qt6 --> node_venv_lib_python3_12_site-packages_PyQt6_Qt6_qml["qml"]\n    node_venv_lib_python3_12_site-packages_PyQt6_Qt6_qml --> node_venv_lib_python3_12_site-packages_PyQt6_Qt6_qml_QtQuick["QtQuick"]\n    node_venv_lib_python3_12_site-packages_PyQt6_Qt6_qml_QtQuick --> node_venv_lib_python3_12_site-packages_PyQt6_Qt6_qml_QtQuick_Controls["Controls"]\n    node_venv_lib_python3_12_site-packages_PyQt6_Qt6_qml_QtQuick_Controls --> node_venv_lib_python3_12_site-packages_PyQt6_Qt6_qml_QtQuick_Controls_FluentWinUI3["FluentWinUI3"]\n    node_venv_lib_python3_12_site-packages_PyQt6_Qt6_qml_QtQuick_Controls_FluentWinUI3 --> node_venv_lib_python3_12_site-packages_PyQt6_Qt6_qml_QtQuick_Controls_FluentWinUI3_dark["dark"]\n    node_venv_lib_python3_12_site-packages_PyQt6_Qt6_qml_QtQuick_Controls_FluentWinUI3_dark --> node_venv_lib_python3_12_site-packages_PyQt6_Qt6_qml_QtQuick_Controls_FluentWinUI3_dark_images["images"]\n    node_venv_lib_python3_12_site-packages_PyQt6_Qt6_qml_QtQuick_Controls_FluentWinUI3_dark_images --> node_venv_lib_python3_12_site-packages_PyQt6_Qt6_qml_QtQuick_Controls_FluentWinUI3_dark_images_spinbox-indicator-up-background-atlimit_png["spinbox-indicator-up-background-atlimit.png"]\n    Root --> node_venv["venv"]\n    node_venv --> node_venv_lib["lib"]\n    node_venv_lib --> node_venv_lib_python3_12["python3.12"]\n    node_venv_lib_python3_12 --> node_venv_lib_python3_12_site-packages["site-packages"]\n    node_venv_lib_python3_12_site-packages --> node_venv_lib_python3_12_site-packages_PyQt6["PyQt6"]\n    node_venv_lib_python3_12_site-packages_PyQt6 --> node_venv_lib_python3_12_site-packages_PyQt6_Qt6["Qt6"]\n    node_venv_lib_python3_12_site-packages_PyQt6_Qt6 --> node_venv_lib_python3_12_site-packages_PyQt6_Qt6_qml["qml"]\n    node_venv_lib_python3_12_site-packages_PyQt6_Qt6_qml --> node_venv_lib_python3_12_site-packages_PyQt6_Qt6_qml_QtQuick["QtQuick"]\n    node_venv_lib_python3_12_site-packages_PyQt6_Qt6_qml_QtQuick --> node_venv_lib_python3_12_site-packages_PyQt6_Qt6_qml_QtQuick_Controls["Controls"]\n    node_venv_lib_python3_12_site-packages_PyQt6_Qt6_qml_QtQuick_Controls --> node_venv_lib_python3_12_site-packages_PyQt6_Qt6_qml_QtQuick_Controls_FluentWinUI3["FluentWinUI3"]\n    node_venv_lib_python3_12_site-packages_PyQt6_Qt6_qml_QtQuick_Controls_FluentWinUI3 --> node_venv_lib_python3_12_site-packages_PyQt6_Qt6_qml_QtQuick_Controls_FluentWinUI3_dark["dark"]\n    node_venv_lib_python3_12_site-packages_PyQt6_Qt6_qml_QtQuick_Controls_FluentWinUI3_dark --> node_venv_lib_python3_12_site-packages_PyQt6_Qt6_qml_QtQuick_Controls_FluentWinUI3_dark_images["images"]\n    node_venv_lib_python3_12_site-packages_PyQt6_Qt6_qml_QtQuick_Controls_FluentWinUI3_dark_images --> node_venv_lib_python3_12_site-packages_PyQt6_Qt6_qml_QtQuick_Controls_FluentWinUI3_dark_images_spinbox-indicator-up-background-atlimit@2x_png["spinbox-indicator-up-background-atlimit@2x.png"]\n    Root --> node_venv["venv"]\n    node_venv --> node_venv_lib["lib"]\n    node_venv_lib --> node_venv_lib_python3_12["python3.12"]\n    node_venv_lib_python3_12 --> node_venv_lib_python3_12_site-packages["site-packages"]\n    node_venv_lib_python3_12_site-packages --> node_venv_lib_python3_12_site-packages_PyQt6["PyQt6"]\n    node_venv_lib_python3_12_site-packages_PyQt6 --> node_venv_lib_python3_12_site-packages_PyQt6_Qt6["Qt6"]\n    node_venv_lib_python3_12_site-packages_PyQt6_Qt6 --> node_venv_lib_python3_12_site-packages_PyQt6_Qt6_qml["qml"]\n    node_venv_lib_python3_12_site-packages_PyQt6_Qt6_qml --> node_venv_lib_python3_12_site-packages_PyQt6_Qt6_qml_QtQuick["QtQuick"]\n    node_venv_lib_python3_12_site-packages_PyQt6_Qt6_qml_QtQuick --> node_venv_lib_python3_12_site-packages_PyQt6_Qt6_qml_QtQuick_Controls["Controls"]\n    node_venv_lib_python3_12_site-packages_PyQt6_Qt6_qml_QtQuick_Controls --> node_venv_lib_python3_12_site-packages_PyQt6_Qt6_qml_QtQuick_Controls_FluentWinUI3["FluentWinUI3"]\n    node_venv_lib_python3_12_site-packages_PyQt6_Qt6_qml_QtQuick_Controls_FluentWinUI3 --> node_venv_lib_python3_12_site-packages_PyQt6_Qt6_qml_QtQuick_Controls_FluentWinUI3_dark["dark"]\n    node_venv_lib_python3_12_site-packages_PyQt6_Qt6_qml_QtQuick_Controls_FluentWinUI3_dark --> node_venv_lib_python3_12_site-packages_PyQt6_Qt6_qml_QtQuick_Controls_FluentWinUI3_dark_images["images"]\n    node_venv_lib_python3_12_site-packages_PyQt6_Qt6_qml_QtQuick_Controls_FluentWinUI3_dark_images --> node_venv_lib_python3_12_site-packages_PyQt6_Qt6_qml_QtQuick_Controls_FluentWinUI3_dark_images_spinbox-indicator-up-background-atlimit@3x_png["spinbox-indicator-up-background-atlimit@3x.png"]\n    Root --> node_venv["venv"]\n    node_venv --> node_venv_lib["lib"]\n    node_venv_lib --> node_venv_lib_python3_12["python3.12"]\n    node_venv_lib_python3_12 --> node_venv_lib_python3_12_site-packages["site-packages"]\n    node_venv_lib_python3_12_site-packages --> node_venv_lib_python3_12_site-packages_PyQt6["PyQt6"]\n    node_venv_lib_python3_12_site-packages_PyQt6 --> node_venv_lib_python3_12_site-packages_PyQt6_Qt6["Qt6"]\n    node_venv_lib_python3_12_site-packages_PyQt6_Qt6 --> node_venv_lib_python3_12_site-packages_PyQt6_Qt6_qml["qml"]\n    node_venv_lib_python3_12_site-packages_PyQt6_Qt6_qml --> node_venv_lib_python3_12_site-packages_PyQt6_Qt6_qml_QtQuick["QtQuick"]\n    node_venv_lib_python3_12_site-packages_PyQt6_Qt6_qml_QtQuick --> node_venv_lib_python3_12_site-packages_PyQt6_Qt6_qml_QtQuick_Controls["Controls"]\n    node_venv_lib_python3_12_site-packages_PyQt6_Qt6_qml_QtQuick_Controls --> node_venv_lib_python3_12_site-packages_PyQt6_Qt6_qml_QtQuick_Controls_FluentWinUI3["FluentWinUI3"]\n    node_venv_lib_python3_12_site-packages_PyQt6_Qt6_qml_QtQuick_Controls_FluentWinUI3 --> node_venv_lib_python3_12_site-packages_PyQt6_Qt6_qml_QtQuick_Controls_FluentWinUI3_dark["dark"]\n    node_venv_lib_python3_12_site-packages_PyQt6_Qt6_qml_QtQuick_Controls_FluentWinUI3_dark --> node_venv_lib_python3_12_site-packages_PyQt6_Qt6_qml_QtQuick_Controls_FluentWinUI3_dark_images["images"]\n    node_venv_lib_python3_12_site-packages_PyQt6_Qt6_qml_QtQuick_Controls_FluentWinUI3_dark_images --> node_venv_lib_python3_12_site-packages_PyQt6_Qt6_qml_QtQuick_Controls_FluentWinUI3_dark_images_spinbox-indicator-up-background-disabled_png["spinbox-indicator-up-background-disabled.png"]\n    Root --> node_venv["venv"]\n    node_venv --> node_venv_lib["lib"]\n    node_venv_lib --> node_venv_lib_python3_12["python3.12"]\n    node_venv_lib_python3_12 --> node_venv_lib_python3_12_site-packages["site-packages"]\n    node_venv_lib_python3_12_site-packages --> node_venv_lib_python3_12_site-packages_PyQt6["PyQt6"]\n    node_venv_lib_python3_12_site-packages_PyQt6 --> node_venv_lib_python3_12_site-packages_PyQt6_Qt6["Qt6"]\n    node_venv_lib_python3_12_site-packages_PyQt6_Qt6 --> node_venv_lib_python3_12_site-packages_PyQt6_Qt6_qml["qml"]\n    node_venv_lib_python3_12_site-packages_PyQt6_Qt6_qml --> node_venv_lib_python3_12_site-packages_PyQt6_Qt6_qml_QtQuick["QtQuick"]\n    node_venv_lib_python3_12_site-packages_PyQt6_Qt6_qml_QtQuick --> node_venv_lib_python3_12_site-packages_PyQt6_Qt6_qml_QtQuick_Controls["Controls"]\n    node_venv_lib_python3_12_site-packages_PyQt6_Qt6_qml_QtQuick_Controls --> node_venv_lib_python3_12_site-packages_PyQt6_Qt6_qml_QtQuick_Controls_FluentWinUI3["FluentWinUI3"]\n    node_venv_lib_python3_12_site-packages_PyQt6_Qt6_qml_QtQuick_Controls_FluentWinUI3 --> node_venv_lib_python3_12_site-packages_PyQt6_Qt6_qml_QtQuick_Controls_FluentWinUI3_dark["dark"]\n    node_venv_lib_python3_12_site-packages_PyQt6_Qt6_qml_QtQuick_Controls_FluentWinUI3_dark --> node_venv_lib_python3_12_site-packages_PyQt6_Qt6_qml_QtQuick_Controls_FluentWinUI3_dark_images["images"]\n    node_venv_lib_python3_12_site-packages_PyQt6_Qt6_qml_QtQuick_Controls_FluentWinUI3_dark_images --> node_venv_lib_python3_12_site-packages_PyQt6_Qt6_qml_QtQuick_Controls_FluentWinUI3_dark_images_spinbox-indicator-up-background-disabled@2x_png["spinbox-indicator-up-background-disabled@2x.png"]\n    Root --> node_venv["venv"]\n    node_venv --> node_venv_lib["lib"]\n    node_venv_lib --> node_venv_lib_python3_12["python3.12"]\n    node_venv_lib_python3_12 --> node_venv_lib_python3_12_site-packages["site-packages"]\n    node_venv_lib_python3_12_site-packages --> node_venv_lib_python3_12_site-packages_PyQt6["PyQt6"]\n    node_venv_lib_python3_12_site-packages_PyQt6 --> node_venv_lib_python3_12_site-packages_PyQt6_Qt6["Qt6"]\n    node_venv_lib_python3_12_site-packages_PyQt6_Qt6 --> node_venv_lib_python3_12_site-packages_PyQt6_Qt6_qml["qml"]\n    node_venv_lib_python3_12_site-packages_PyQt6_Qt6_qml --> node_venv_lib_python3_12_site-packages_PyQt6_Qt6_qml_QtQuick["QtQuick"]\n    node_venv_lib_python3_12_site-packages_PyQt6_Qt6_qml_QtQuick --> node_venv_lib_python3_12_site-packages_PyQt6_Qt6_qml_QtQuick_Controls["Controls"]\n    node_venv_lib_python3_12_site-packages_PyQt6_Qt6_qml_QtQuick_Controls --> node_venv_lib_python3_12_site-packages_PyQt6_Qt6_qml_QtQuick_Controls_FluentWinUI3["FluentWinUI3"]\n    node_venv_lib_python3_12_site-packages_PyQt6_Qt6_qml_QtQuick_Controls_FluentWinUI3 --> node_venv_lib_python3_12_site-packages_PyQt6_Qt6_qml_QtQuick_Controls_FluentWinUI3_dark["dark"]\n    node_venv_lib_python3_12_site-packages_PyQt6_Qt6_qml_QtQuick_Controls_FluentWinUI3_dark --> node_venv_lib_python3_12_site-packages_PyQt6_Qt6_qml_QtQuick_Controls_FluentWinUI3_dark_images["images"]\n    node_venv_lib_python3_12_site-packages_PyQt6_Qt6_qml_QtQuick_Controls_FluentWinUI3_dark_images --> node_venv_lib_python3_12_site-packages_PyQt6_Qt6_qml_QtQuick_Controls_FluentWinUI3_dark_images_spinbox-indicator-up-background-disabled@3x_png["spinbox-indicator-up-background-disabled@3x.png"]\n    Root --> node_venv["venv"]\n    node_venv --> node_venv_lib["lib"]\n    node_venv_lib --> node_venv_lib_python3_12["python3.12"]\n    node_venv_lib_python3_12 --> node_venv_lib_python3_12_site-packages["site-packages"]\n    node_venv_lib_python3_12_site-packages --> node_venv_lib_python3_12_site-packages_PyQt6["PyQt6"]\n    node_venv_lib_python3_12_site-packages_PyQt6 --> node_venv_lib_python3_12_site-packages_PyQt6_Qt6["Qt6"]\n    node_venv_lib_python3_12_site-packages_PyQt6_Qt6 --> node_venv_lib_python3_12_site-packages_PyQt6_Qt6_qml["qml"]\n    node_venv_lib_python3_12_site-packages_PyQt6_Qt6_qml --> node_venv_lib_python3_12_site-packages_PyQt6_Qt6_qml_QtQuick["QtQuick"]\n    node_venv_lib_python3_12_site-packages_PyQt6_Qt6_qml_QtQuick --> node_venv_lib_python3_12_site-packages_PyQt6_Qt6_qml_QtQuick_Controls["Controls"]\n    node_venv_lib_python3_12_site-packages_PyQt6_Qt6_qml_QtQuick_Controls --> node_venv_lib_python3_12_site-packages_PyQt6_Qt6_qml_QtQuick_Controls_FluentWinUI3["FluentWinUI3"]\n    node_venv_lib_python3_12_site-packages_PyQt6_Qt6_qml_QtQuick_Controls_FluentWinUI3 --> node_venv_lib_python3_12_site-packages_PyQt6_Qt6_qml_QtQuick_Controls_FluentWinUI3_dark["dark"]\n    node_venv_lib_python3_12_site-packages_PyQt6_Qt6_qml_QtQuick_Controls_FluentWinUI3_dark --> node_venv_lib_python3_12_site-packages_PyQt6_Qt6_qml_QtQuick_Controls_FluentWinUI3_dark_images["images"]\n    node_venv_lib_python3_12_site-packages_PyQt6_Qt6_qml_QtQuick_Controls_FluentWinUI3_dark_images --> node_venv_lib_python3_12_site-packages_PyQt6_Qt6_qml_QtQuick_Controls_FluentWinUI3_dark_images_spinbox-indicator-up-background-down-hovered_png["spinbox-indicator-up-background-down-hovered.png"]\n    Root --> node_venv["venv"]\n    node_venv --> node_venv_lib["lib"]\n    node_venv_lib --> node_venv_lib_python3_12["python3.12"]\n    node_venv_lib_python3_12 --> node_venv_lib_python3_12_site-packages["site-packages"]\n    node_venv_lib_python3_12_site-packages --> node_venv_lib_python3_12_site-packages_PyQt6["PyQt6"]\n    node_venv_lib_python3_12_site-packages_PyQt6 --> node_venv_lib_python3_12_site-packages_PyQt6_Qt6["Qt6"]\n    node_venv_lib_python3_12_site-packages_PyQt6_Qt6 --> node_venv_lib_python3_12_site-packages_PyQt6_Qt6_qml["qml"]\n    node_venv_lib_python3_12_site-packages_PyQt6_Qt6_qml --> node_venv_lib_python3_12_site-packages_PyQt6_Qt6_qml_QtQuick["QtQuick"]\n    node_venv_lib_python3_12_site-packages_PyQt6_Qt6_qml_QtQuick --> node_venv_lib_python3_12_site-packages_PyQt6_Qt6_qml_QtQuick_Controls["Controls"]\n    node_venv_lib_python3_12_site-packages_PyQt6_Qt6_qml_QtQuick_Controls --> node_venv_lib_python3_12_site-packages_PyQt6_Qt6_qml_QtQuick_Controls_FluentWinUI3["FluentWinUI3"]\n    node_venv_lib_python3_12_site-packages_PyQt6_Qt6_qml_QtQuick_Controls_FluentWinUI3 --> node_venv_lib_python3_12_site-packages_PyQt6_Qt6_qml_QtQuick_Controls_FluentWinUI3_dark["dark"]\n    node_venv_lib_python3_12_site-packages_PyQt6_Qt6_qml_QtQuick_Controls_FluentWinUI3_dark --> node_venv_lib_python3_12_site-packages_PyQt6_Qt6_qml_QtQuick_Controls_FluentWinUI3_dark_images["images"]\n    node_venv_lib_python3_12_site-packages_PyQt6_Qt6_qml_QtQuick_Controls_FluentWinUI3_dark_images --> node_venv_lib_python3_12_site-packages_PyQt6_Qt6_qml_QtQuick_Controls_FluentWinUI3_dark_images_spinbox-indicator-up-background-down-hovered@2x_png["spinbox-indicator-up-background-down-hovered@2x.png"]\n    Root --> node_venv["venv"]\n    node_venv --> node_venv_lib["lib"]\n    node_venv_lib --> node_venv_lib_python3_12["python3.12"]\n    node_venv_lib_python3_12 --> node_venv_lib_python3_12_site-packages["site-packages"]\n    node_venv_lib_python3_12_site-packages --> node_venv_lib_python3_12_site-packages_PyQt6["PyQt6"]\n    node_venv_lib_python3_12_site-packages_PyQt6 --> node_venv_lib_python3_12_site-packages_PyQt6_Qt6["Qt6"]\n    node_venv_lib_python3_12_site-packages_PyQt6_Qt6 --> node_venv_lib_python3_12_site-packages_PyQt6_Qt6_qml["qml"]\n    node_venv_lib_python3_12_site-packages_PyQt6_Qt6_qml --> node_venv_lib_python3_12_site-packages_PyQt6_Qt6_qml_QtQuick["QtQuick"]\n    node_venv_lib_python3_12_site-packages_PyQt6_Qt6_qml_QtQuick --> node_venv_lib_python3_12_site-packages_PyQt6_Qt6_qml_QtQuick_Controls["Controls"]\n    node_venv_lib_python3_12_site-packages_PyQt6_Qt6_qml_QtQuick_Controls --> node_venv_lib_python3_12_site-packages_PyQt6_Qt6_qml_QtQuick_Controls_FluentWinUI3["FluentWinUI3"]\n    node_venv_lib_python3_12_site-packages_PyQt6_Qt6_qml_QtQuick_Controls_FluentWinUI3 --> node_venv_lib_python3_12_site-packages_PyQt6_Qt6_qml_QtQuick_Controls_FluentWinUI3_dark["dark"]\n    node_venv_lib_python3_12_site-packages_PyQt6_Qt6_qml_QtQuick_Controls_FluentWinUI3_dark --> node_venv_lib_python3_12_site-packages_PyQt6_Qt6_qml_QtQuick_Controls_FluentWinUI3_dark_images["images"]\n    node_venv_lib_python3_12_site-packages_PyQt6_Qt6_qml_QtQuick_Controls_FluentWinUI3_dark_images --> node_venv_lib_python3_12_site-packages_PyQt6_Qt6_qml_QtQuick_Controls_FluentWinUI3_dark_images_spinbox-indicator-up-background-down-hovered@3x_png["spinbox-indicator-up-background-down-hovered@3x.png"]\n    Root --> node_venv["venv"]\n    node_venv --> node_venv_lib["lib"]\n    node_venv_lib --> node_venv_lib_python3_12["python3.12"]\n    node_venv_lib_python3_12 --> node_venv_lib_python3_12_site-packages["site-packages"]\n    node_venv_lib_python3_12_site-packages --> node_venv_lib_python3_12_site-packages_PyQt6["PyQt6"]\n    node_venv_lib_python3_12_site-packages_PyQt6 --> node_venv_lib_python3_12_site-packages_PyQt6_Qt6["Qt6"]\n    node_venv_lib_python3_12_site-packages_PyQt6_Qt6 --> node_venv_lib_python3_12_site-packages_PyQt6_Qt6_qml["qml"]\n    node_venv_lib_python3_12_site-packages_PyQt6_Qt6_qml --> node_venv_lib_python3_12_site-packages_PyQt6_Qt6_qml_QtQuick["QtQuick"]\n    node_venv_lib_python3_12_site-packages_PyQt6_Qt6_qml_QtQuick --> node_venv_lib_python3_12_site-packages_PyQt6_Qt6_qml_QtQuick_Controls["Controls"]\n    node_venv_lib_python3_12_site-packages_PyQt6_Qt6_qml_QtQuick_Controls --> node_venv_lib_python3_12_site-packages_PyQt6_Qt6_qml_QtQuick_Controls_FluentWinUI3["FluentWinUI3"]\n    node_venv_lib_python3_12_site-packages_PyQt6_Qt6_qml_QtQuick_Controls_FluentWinUI3 --> node_venv_lib_python3_12_site-packages_PyQt6_Qt6_qml_QtQuick_Controls_FluentWinUI3_dark["dark"]\n    node_venv_lib_python3_12_site-packages_PyQt6_Qt6_qml_QtQuick_Controls_FluentWinUI3_dark --> node_venv_lib_python3_12_site-packages_PyQt6_Qt6_qml_QtQuick_Controls_FluentWinUI3_dark_images["images"]\n    node_venv_lib_python3_12_site-packages_PyQt6_Qt6_qml_QtQuick_Controls_FluentWinUI3_dark_images --> node_venv_lib_python3_12_site-packages_PyQt6_Qt6_qml_QtQuick_Controls_FluentWinUI3_dark_images_spinbox-indicator-up-background-down-pressed_png["spinbox-indicator-up-background-down-pressed.png"]\n    Root --> node_venv["venv"]\n    node_venv --> node_venv_lib["lib"]\n    node_venv_lib --> node_venv_lib_python3_12["python3.12"]\n    node_venv_lib_python3_12 --> node_venv_lib_python3_12_site-packages["site-packages"]\n    node_venv_lib_python3_12_site-packages --> node_venv_lib_python3_12_site-packages_PyQt6["PyQt6"]\n    node_venv_lib_python3_12_site-packages_PyQt6 --> node_venv_lib_python3_12_site-packages_PyQt6_Qt6["Qt6"]\n    node_venv_lib_python3_12_site-packages_PyQt6_Qt6 --> node_venv_lib_python3_12_site-packages_PyQt6_Qt6_qml["qml"]\n    node_venv_lib_python3_12_site-packages_PyQt6_Qt6_qml --> node_venv_lib_python3_12_site-packages_PyQt6_Qt6_qml_QtQuick["QtQuick"]\n    node_venv_lib_python3_12_site-packages_PyQt6_Qt6_qml_QtQuick --> node_venv_lib_python3_12_site-packages_PyQt6_Qt6_qml_QtQuick_Controls["Controls"]\n    node_venv_lib_python3_12_site-packages_PyQt6_Qt6_qml_QtQuick_Controls --> node_venv_lib_python3_12_site-packages_PyQt6_Qt6_qml_QtQuick_Controls_FluentWinUI3["FluentWinUI3"]\n    node_venv_lib_python3_12_site-packages_PyQt6_Qt6_qml_QtQuick_Controls_FluentWinUI3 --> node_venv_lib_python3_12_site-packages_PyQt6_Qt6_qml_QtQuick_Controls_FluentWinUI3_dark["dark"]\n    node_venv_lib_python3_12_site-packages_PyQt6_Qt6_qml_QtQuick_Controls_FluentWinUI3_dark --> node_venv_lib_python3_12_site-packages_PyQt6_Qt6_qml_QtQuick_Controls_FluentWinUI3_dark_images["images"]\n    node_venv_lib_python3_12_site-packages_PyQt6_Qt6_qml_QtQuick_Controls_FluentWinUI3_dark_images --> node_venv_lib_python3_12_site-packages_PyQt6_Qt6_qml_QtQuick_Controls_FluentWinUI3_dark_images_spinbox-indicator-up-background-down-pressed@2x_png["spinbox-indicator-up-background-down-pressed@2x.png"]\n    Root --> node_venv["venv"]\n    node_venv --> node_venv_lib["lib"]\n    node_venv_lib --> node_venv_lib_python3_12["python3.12"]\n    node_venv_lib_python3_12 --> node_venv_lib_python3_12_site-packages["site-packages"]\n    node_venv_lib_python3_12_site-packages --> node_venv_lib_python3_12_site-packages_PyQt6["PyQt6"]\n    node_venv_lib_python3_12_site-packages_PyQt6 --> node_venv_lib_python3_12_site-packages_PyQt6_Qt6["Qt6"]\n    node_venv_lib_python3_12_site-packages_PyQt6_Qt6 --> node_venv_lib_python3_12_site-packages_PyQt6_Qt6_qml["qml"]\n    node_venv_lib_python3_12_site-packages_PyQt6_Qt6_qml --> node_venv_lib_python3_12_site-packages_PyQt6_Qt6_qml_QtQuick["QtQuick"]\n    node_venv_lib_python3_12_site-packages_PyQt6_Qt6_qml_QtQuick --> node_venv_lib_python3_12_site-packages_PyQt6_Qt6_qml_QtQuick_Controls["Controls"]\n    node_venv_lib_python3_12_site-packages_PyQt6_Qt6_qml_QtQuick_Controls --> node_venv_lib_python3_12_site-packages_PyQt6_Qt6_qml_QtQuick_Controls_FluentWinUI3["FluentWinUI3"]\n    node_venv_lib_python3_12_site-packages_PyQt6_Qt6_qml_QtQuick_Controls_FluentWinUI3 --> node_venv_lib_python3_12_site-packages_PyQt6_Qt6_qml_QtQuick_Controls_FluentWinUI3_dark["dark"]\n    node_venv_lib_python3_12_site-packages_PyQt6_Qt6_qml_QtQuick_Controls_FluentWinUI3_dark --> node_venv_lib_python3_12_site-packages_PyQt6_Qt6_qml_QtQuick_Controls_FluentWinUI3_dark_images["images"]\n    node_venv_lib_python3_12_site-packages_PyQt6_Qt6_qml_QtQuick_Controls_FluentWinUI3_dark_images --> node_venv_lib_python3_12_site-packages_PyQt6_Qt6_qml_QtQuick_Controls_FluentWinUI3_dark_images_spinbox-indicator-up-background-down-pressed@3x_png["spinbox-indicator-up-background-down-pressed@3x.png"]\n    Root --> node_venv["venv"]\n    node_venv --> node_venv_lib["lib"]\n    node_venv_lib --> node_venv_lib_python3_12["python3.12"]\n    node_venv_lib_python3_12 --> node_venv_lib_python3_12_site-packages["site-packages"]\n    node_venv_lib_python3_12_site-packages --> node_venv_lib_python3_12_site-packages_PyQt6["PyQt6"]\n    node_venv_lib_python3_12_site-packages_PyQt6 --> node_venv_lib_python3_12_site-packages_PyQt6_Qt6["Qt6"]\n    node_venv_lib_python3_12_site-packages_PyQt6_Qt6 --> node_venv_lib_python3_12_site-packages_PyQt6_Qt6_qml["qml"]\n    node_venv_lib_python3_12_site-packages_PyQt6_Qt6_qml --> node_venv_lib_python3_12_site-packages_PyQt6_Qt6_qml_QtQuick["QtQuick"]\n    node_venv_lib_python3_12_site-packages_PyQt6_Qt6_qml_QtQuick --> node_venv_lib_python3_12_site-packages_PyQt6_Qt6_qml_QtQuick_Controls["Controls"]\n    node_venv_lib_python3_12_site-packages_PyQt6_Qt6_qml_QtQuick_Controls --> node_venv_lib_python3_12_site-packages_PyQt6_Qt6_qml_QtQuick_Controls_FluentWinUI3["FluentWinUI3"]\n    node_venv_lib_python3_12_site-packages_PyQt6_Qt6_qml_QtQuick_Controls_FluentWinUI3 --> node_venv_lib_python3_12_site-packages_PyQt6_Qt6_qml_QtQuick_Controls_FluentWinUI3_dark["dark"]\n    node_venv_lib_python3_12_site-packages_PyQt6_Qt6_qml_QtQuick_Controls_FluentWinUI3_dark --> node_venv_lib_python3_12_site-packages_PyQt6_Qt6_qml_QtQuick_Controls_FluentWinUI3_dark_images["images"]\n    node_venv_lib_python3_12_site-packages_PyQt6_Qt6_qml_QtQuick_Controls_FluentWinUI3_dark_images --> node_venv_lib_python3_12_site-packages_PyQt6_Qt6_qml_QtQuick_Controls_FluentWinUI3_dark_images_spinbox-indicator-up-background-hovered_png["spinbox-indicator-up-background-hovered.png"]\n    Root --> node_venv["venv"]\n    node_venv --> node_venv_lib["lib"]\n    node_venv_lib --> node_venv_lib_python3_12["python3.12"]\n    node_venv_lib_python3_12 --> node_venv_lib_python3_12_site-packages["site-packages"]\n    node_venv_lib_python3_12_site-packages --> node_venv_lib_python3_12_site-packages_PyQt6["PyQt6"]\n    node_venv_lib_python3_12_site-packages_PyQt6 --> node_venv_lib_python3_12_site-packages_PyQt6_Qt6["Qt6"]\n    node_venv_lib_python3_12_site-packages_PyQt6_Qt6 --> node_venv_lib_python3_12_site-packages_PyQt6_Qt6_qml["qml"]\n    node_venv_lib_python3_12_site-packages_PyQt6_Qt6_qml --> node_venv_lib_python3_12_site-packages_PyQt6_Qt6_qml_QtQuick["QtQuick"]\n    node_venv_lib_python3_12_site-packages_PyQt6_Qt6_qml_QtQuick --> node_venv_lib_python3_12_site-packages_PyQt6_Qt6_qml_QtQuick_Controls["Controls"]\n    node_venv_lib_python3_12_site-packages_PyQt6_Qt6_qml_QtQuick_Controls --> node_venv_lib_python3_12_site-packages_PyQt6_Qt6_qml_QtQuick_Controls_FluentWinUI3["FluentWinUI3"]\n    node_venv_lib_python3_12_site-packages_PyQt6_Qt6_qml_QtQuick_Controls_FluentWinUI3 --> node_venv_lib_python3_12_site-packages_PyQt6_Qt6_qml_QtQuick_Controls_FluentWinUI3_dark["dark"]\n    node_venv_lib_python3_12_site-packages_PyQt6_Qt6_qml_QtQuick_Controls_FluentWinUI3_dark --> node_venv_lib_python3_12_site-packages_PyQt6_Qt6_qml_QtQuick_Controls_FluentWinUI3_dark_images["images"]\n    node_venv_lib_python3_12_site-packages_PyQt6_Qt6_qml_QtQuick_Controls_FluentWinUI3_dark_images --> node_venv_lib_python3_12_site-packages_PyQt6_Qt6_qml_QtQuick_Controls_FluentWinUI3_dark_images_spinbox-indicator-up-background-hovered@2x_png["spinbox-indicator-up-background-hovered@2x.png"]\n    Root --> node_venv["venv"]\n    node_venv --> node_venv_lib["lib"]\n    node_venv_lib --> node_venv_lib_python3_12["python3.12"]\n    node_venv_lib_python3_12 --> node_venv_lib_python3_12_site-packages["site-packages"]\n    node_venv_lib_python3_12_site-packages --> node_venv_lib_python3_12_site-packages_PyQt6["PyQt6"]\n    node_venv_lib_python3_12_site-packages_PyQt6 --> node_venv_lib_python3_12_site-packages_PyQt6_Qt6["Qt6"]\n    node_venv_lib_python3_12_site-packages_PyQt6_Qt6 --> node_venv_lib_python3_12_site-packages_PyQt6_Qt6_qml["qml"]\n    node_venv_lib_python3_12_site-packages_PyQt6_Qt6_qml --> node_venv_lib_python3_12_site-packages_PyQt6_Qt6_qml_QtQuick["QtQuick"]\n    node_venv_lib_python3_12_site-packages_PyQt6_Qt6_qml_QtQuick --> node_venv_lib_python3_12_site-packages_PyQt6_Qt6_qml_QtQuick_Controls["Controls"]\n    node_venv_lib_python3_12_site-packages_PyQt6_Qt6_qml_QtQuick_Controls --> node_venv_lib_python3_12_site-packages_PyQt6_Qt6_qml_QtQuick_Controls_FluentWinUI3["FluentWinUI3"]\n    node_venv_lib_python3_12_site-packages_PyQt6_Qt6_qml_QtQuick_Controls_FluentWinUI3 --> node_venv_lib_python3_12_site-packages_PyQt6_Qt6_qml_QtQuick_Controls_FluentWinUI3_dark["dark"]\n    node_venv_lib_python3_12_site-packages_PyQt6_Qt6_qml_QtQuick_Controls_FluentWinUI3_dark --> node_venv_lib_python3_12_site-packages_PyQt6_Qt6_qml_QtQuick_Controls_FluentWinUI3_dark_images["images"]\n    node_venv_lib_python3_12_site-packages_PyQt6_Qt6_qml_QtQuick_Controls_FluentWinUI3_dark_images --> node_venv_lib_python3_12_site-packages_PyQt6_Qt6_qml_QtQuick_Controls_FluentWinUI3_dark_images_spinbox-indicator-up-background-hovered@3x_png["spinbox-indicator-up-background-hovered@3x.png"]\n    Root --> node_venv["venv"]\n    node_venv --> node_venv_lib["lib"]\n    node_venv_lib --> node_venv_lib_python3_12["python3.12"]\n    node_venv_lib_python3_12 --> node_venv_lib_python3_12_site-packages["site-packages"]\n    node_venv_lib_python3_12_site-packages --> node_venv_lib_python3_12_site-packages_PyQt6["PyQt6"]\n    node_venv_lib_python3_12_site-packages_PyQt6 --> node_venv_lib_python3_12_site-packages_PyQt6_Qt6["Qt6"]\n    node_venv_lib_python3_12_site-packages_PyQt6_Qt6 --> node_venv_lib_python3_12_site-packages_PyQt6_Qt6_qml["qml"]\n    node_venv_lib_python3_12_site-packages_PyQt6_Qt6_qml --> node_venv_lib_python3_12_site-packages_PyQt6_Qt6_qml_QtQuick["QtQuick"]\n    node_venv_lib_python3_12_site-packages_PyQt6_Qt6_qml_QtQuick --> node_venv_lib_python3_12_site-packages_PyQt6_Qt6_qml_QtQuick_Controls["Controls"]\n    node_venv_lib_python3_12_site-packages_PyQt6_Qt6_qml_QtQuick_Controls --> node_venv_lib_python3_12_site-packages_PyQt6_Qt6_qml_QtQuick_Controls_FluentWinUI3["FluentWinUI3"]\n    node_venv_lib_python3_12_site-packages_PyQt6_Qt6_qml_QtQuick_Controls_FluentWinUI3 --> node_venv_lib_python3_12_site-packages_PyQt6_Qt6_qml_QtQuick_Controls_FluentWinUI3_dark["dark"]\n    node_venv_lib_python3_12_site-packages_PyQt6_Qt6_qml_QtQuick_Controls_FluentWinUI3_dark --> node_venv_lib_python3_12_site-packages_PyQt6_Qt6_qml_QtQuick_Controls_FluentWinUI3_dark_images["images"]\n    node_venv_lib_python3_12_site-packages_PyQt6_Qt6_qml_QtQuick_Controls_FluentWinUI3_dark_images --> node_venv_lib_python3_12_site-packages_PyQt6_Qt6_qml_QtQuick_Controls_FluentWinUI3_dark_images_spinbox-indicator-up-background-up-hovered_png["spinbox-indicator-up-background-up-hovered.png"]\n    Root --> node_venv["venv"]\n    node_venv --> node_venv_lib["lib"]\n    node_venv_lib --> node_venv_lib_python3_12["python3.12"]\n    node_venv_lib_python3_12 --> node_venv_lib_python3_12_site-packages["site-packages"]\n    node_venv_lib_python3_12_site-packages --> node_venv_lib_python3_12_site-packages_PyQt6["PyQt6"]\n    node_venv_lib_python3_12_site-packages_PyQt6 --> node_venv_lib_python3_12_site-packages_PyQt6_Qt6["Qt6"]\n    node_venv_lib_python3_12_site-packages_PyQt6_Qt6 --> node_venv_lib_python3_12_site-packages_PyQt6_Qt6_qml["qml"]\n    node_venv_lib_python3_12_site-packages_PyQt6_Qt6_qml --> node_venv_lib_python3_12_site-packages_PyQt6_Qt6_qml_QtQuick["QtQuick"]\n    node_venv_lib_python3_12_site-packages_PyQt6_Qt6_qml_QtQuick --> node_venv_lib_python3_12_site-packages_PyQt6_Qt6_qml_QtQuick_Controls["Controls"]\n    node_venv_lib_python3_12_site-packages_PyQt6_Qt6_qml_QtQuick_Controls --> node_venv_lib_python3_12_site-packages_PyQt6_Qt6_qml_QtQuick_Controls_FluentWinUI3["FluentWinUI3"]\n    node_venv_lib_python3_12_site-packages_PyQt6_Qt6_qml_QtQuick_Controls_FluentWinUI3 --> node_venv_lib_python3_12_site-packages_PyQt6_Qt6_qml_QtQuick_Controls_FluentWinUI3_dark["dark"]\n    node_venv_lib_python3_12_site-packages_PyQt6_Qt6_qml_QtQuick_Controls_FluentWinUI3_dark --> node_venv_lib_python3_12_site-packages_PyQt6_Qt6_qml_QtQuick_Controls_FluentWinUI3_dark_images["images"]\n    node_venv_lib_python3_12_site-packages_PyQt6_Qt6_qml_QtQuick_Controls_FluentWinUI3_dark_images --> node_venv_lib_python3_12_site-packages_PyQt6_Qt6_qml_QtQuick_Controls_FluentWinUI3_dark_images_spinbox-indicator-up-background-up-hovered@2x_png["spinbox-indicator-up-background-up-hovered@2x.png"]\n    Root --> node_venv["venv"]\n    node_venv --> node_venv_lib["lib"]\n    node_venv_lib --> node_venv_lib_python3_12["python3.12"]\n    node_venv_lib_python3_12 --> node_venv_lib_python3_12_site-packages["site-packages"]\n    node_venv_lib_python3_12_site-packages --> node_venv_lib_python3_12_site-packages_PyQt6["PyQt6"]\n    node_venv_lib_python3_12_site-packages_PyQt6 --> node_venv_lib_python3_12_site-packages_PyQt6_Qt6["Qt6"]\n    node_venv_lib_python3_12_site-packages_PyQt6_Qt6 --> node_venv_lib_python3_12_site-packages_PyQt6_Qt6_qml["qml"]\n    node_venv_lib_python3_12_site-packages_PyQt6_Qt6_qml --> node_venv_lib_python3_12_site-packages_PyQt6_Qt6_qml_QtQuick["QtQuick"]\n    node_venv_lib_python3_12_site-packages_PyQt6_Qt6_qml_QtQuick --> node_venv_lib_python3_12_site-packages_PyQt6_Qt6_qml_QtQuick_Controls["Controls"]\n    node_venv_lib_python3_12_site-packages_PyQt6_Qt6_qml_QtQuick_Controls --> node_venv_lib_python3_12_site-packages_PyQt6_Qt6_qml_QtQuick_Controls_FluentWinUI3["FluentWinUI3"]\n    node_venv_lib_python3_12_site-packages_PyQt6_Qt6_qml_QtQuick_Controls_FluentWinUI3 --> node_venv_lib_python3_12_site-packages_PyQt6_Qt6_qml_QtQuick_Controls_FluentWinUI3_dark["dark"]\n    node_venv_lib_python3_12_site-packages_PyQt6_Qt6_qml_QtQuick_Controls_FluentWinUI3_dark --> node_venv_lib_python3_12_site-packages_PyQt6_Qt6_qml_QtQuick_Controls_FluentWinUI3_dark_images["images"]\n    node_venv_lib_python3_12_site-packages_PyQt6_Qt6_qml_QtQuick_Controls_FluentWinUI3_dark_images --> node_venv_lib_python3_12_site-packages_PyQt6_Qt6_qml_QtQuick_Controls_FluentWinUI3_dark_images_spinbox-indicator-up-background-up-hovered@3x_png["spinbox-indicator-up-background-up-hovered@3x.png"]\n    Root --> node_venv["venv"]\n    node_venv --> node_venv_lib["lib"]\n    node_venv_lib --> node_venv_lib_python3_12["python3.12"]\n    node_venv_lib_python3_12 --> node_venv_lib_python3_12_site-packages["site-packages"]\n    node_venv_lib_python3_12_site-packages --> node_venv_lib_python3_12_site-packages_PyQt6["PyQt6"]\n    node_venv_lib_python3_12_site-packages_PyQt6 --> node_venv_lib_python3_12_site-packages_PyQt6_Qt6["Qt6"]\n    node_venv_lib_python3_12_site-packages_PyQt6_Qt6 --> node_venv_lib_python3_12_site-packages_PyQt6_Qt6_qml["qml"]\n    node_venv_lib_python3_12_site-packages_PyQt6_Qt6_qml --> node_venv_lib_python3_12_site-packages_PyQt6_Qt6_qml_QtQuick["QtQuick"]\n    node_venv_lib_python3_12_site-packages_PyQt6_Qt6_qml_QtQuick --> node_venv_lib_python3_12_site-packages_PyQt6_Qt6_qml_QtQuick_Controls["Controls"]\n    node_venv_lib_python3_12_site-packages_PyQt6_Qt6_qml_QtQuick_Controls --> node_venv_lib_python3_12_site-packages_PyQt6_Qt6_qml_QtQuick_Controls_FluentWinUI3["FluentWinUI3"]\n    node_venv_lib_python3_12_site-packages_PyQt6_Qt6_qml_QtQuick_Controls_FluentWinUI3 --> node_venv_lib_python3_12_site-packages_PyQt6_Qt6_qml_QtQuick_Controls_FluentWinUI3_dark["dark"]\n    node_venv_lib_python3_12_site-packages_PyQt6_Qt6_qml_QtQuick_Controls_FluentWinUI3_dark --> node_venv_lib_python3_12_site-packages_PyQt6_Qt6_qml_QtQuick_Controls_FluentWinUI3_dark_images["images"]\n    node_venv_lib_python3_12_site-packages_PyQt6_Qt6_qml_QtQuick_Controls_FluentWinUI3_dark_images --> node_venv_lib_python3_12_site-packages_PyQt6_Qt6_qml_QtQuick_Controls_FluentWinUI3_dark_images_spinbox-indicator-up-background-up-pressed_png["spinbox-indicator-up-background-up-pressed.png"]\n    Root --> node_venv["venv"]\n    node_venv --> node_venv_lib["lib"]\n    node_venv_lib --> node_venv_lib_python3_12["python3.12"]\n    node_venv_lib_python3_12 --> node_venv_lib_python3_12_site-packages["site-packages"]\n    node_venv_lib_python3_12_site-packages --> node_venv_lib_python3_12_site-packages_PyQt6["PyQt6"]\n    node_venv_lib_python3_12_site-packages_PyQt6 --> node_venv_lib_python3_12_site-packages_PyQt6_Qt6["Qt6"]\n    node_venv_lib_python3_12_site-packages_PyQt6_Qt6 --> node_venv_lib_python3_12_site-packages_PyQt6_Qt6_qml["qml"]\n    node_venv_lib_python3_12_site-packages_PyQt6_Qt6_qml --> node_venv_lib_python3_12_site-packages_PyQt6_Qt6_qml_QtQuick["QtQuick"]\n    node_venv_lib_python3_12_site-packages_PyQt6_Qt6_qml_QtQuick --> node_venv_lib_python3_12_site-packages_PyQt6_Qt6_qml_QtQuick_Controls["Controls"]\n    node_venv_lib_python3_12_site-packages_PyQt6_Qt6_qml_QtQuick_Controls --> node_venv_lib_python3_12_site-packages_PyQt6_Qt6_qml_QtQuick_Controls_FluentWinUI3["FluentWinUI3"]\n    node_venv_lib_python3_12_site-packages_PyQt6_Qt6_qml_QtQuick_Controls_FluentWinUI3 --> node_venv_lib_python3_12_site-packages_PyQt6_Qt6_qml_QtQuick_Controls_FluentWinUI3_dark["dark"]\n    node_venv_lib_python3_12_site-packages_PyQt6_Qt6_qml_QtQuick_Controls_FluentWinUI3_dark --> node_venv_lib_python3_12_site-packages_PyQt6_Qt6_qml_QtQuick_Controls_FluentWinUI3_dark_images["images"]\n    node_venv_lib_python3_12_site-packages_PyQt6_Qt6_qml_QtQuick_Controls_FluentWinUI3_dark_images --> node_venv_lib_python3_12_site-packages_PyQt6_Qt6_qml_QtQuick_Controls_FluentWinUI3_dark_images_spinbox-indicator-up-background-up-pressed@2x_png["spinbox-indicator-up-background-up-pressed@2x.png"]\n    Root --> node_venv["venv"]\n    node_venv --> node_venv_lib["lib"]\n    node_venv_lib --> node_venv_lib_python3_12["python3.12"]\n    node_venv_lib_python3_12 --> node_venv_lib_python3_12_site-packages["site-packages"]\n    node_venv_lib_python3_12_site-packages --> node_venv_lib_python3_12_site-packages_PyQt6["PyQt6"]\n    node_venv_lib_python3_12_site-packages_PyQt6 --> node_venv_lib_python3_12_site-packages_PyQt6_Qt6["Qt6"]\n    node_venv_lib_python3_12_site-packages_PyQt6_Qt6 --> node_venv_lib_python3_12_site-packages_PyQt6_Qt6_qml["qml"]\n    node_venv_lib_python3_12_site-packages_PyQt6_Qt6_qml --> node_venv_lib_python3_12_site-packages_PyQt6_Qt6_qml_QtQuick["QtQuick"]\n    node_venv_lib_python3_12_site-packages_PyQt6_Qt6_qml_QtQuick --> node_venv_lib_python3_12_site-packages_PyQt6_Qt6_qml_QtQuick_Controls["Controls"]\n    node_venv_lib_python3_12_site-packages_PyQt6_Qt6_qml_QtQuick_Controls --> node_venv_lib_python3_12_site-packages_PyQt6_Qt6_qml_QtQuick_Controls_FluentWinUI3["FluentWinUI3"]\n    node_venv_lib_python3_12_site-packages_PyQt6_Qt6_qml_QtQuick_Controls_FluentWinUI3 --> node_venv_lib_python3_12_site-packages_PyQt6_Qt6_qml_QtQuick_Controls_FluentWinUI3_dark["dark"]\n    node_venv_lib_python3_12_site-packages_PyQt6_Qt6_qml_QtQuick_Controls_FluentWinUI3_dark --> node_venv_lib_python3_12_site-packages_PyQt6_Qt6_qml_QtQuick_Controls_FluentWinUI3_dark_images["images"]\n    node_venv_lib_python3_12_site-packages_PyQt6_Qt6_qml_QtQuick_Controls_FluentWinUI3_dark_images --> node_venv_lib_python3_12_site-packages_PyQt6_Qt6_qml_QtQuick_Controls_FluentWinUI3_dark_images_spinbox-indicator-up-background-up-pressed@3x_png["spinbox-indicator-up-background-up-pressed@3x.png"]\n    Root --> node_venv["venv"]\n    node_venv --> node_venv_lib["lib"]\n    node_venv_lib --> node_venv_lib_python3_12["python3.12"]\n    node_venv_lib_python3_12 --> node_venv_lib_python3_12_site-packages["site-packages"]\n    node_venv_lib_python3_12_site-packages --> node_venv_lib_python3_12_site-packages_PyQt6["PyQt6"]\n    node_venv_lib_python3_12_site-packages_PyQt6 --> node_venv_lib_python3_12_site-packages_PyQt6_Qt6["Qt6"]\n    node_venv_lib_python3_12_site-packages_PyQt6_Qt6 --> node_venv_lib_python3_12_site-packages_PyQt6_Qt6_qml["qml"]\n    node_venv_lib_python3_12_site-packages_PyQt6_Qt6_qml --> node_venv_lib_python3_12_site-packages_PyQt6_Qt6_qml_QtQuick["QtQuick"]\n    node_venv_lib_python3_12_site-packages_PyQt6_Qt6_qml_QtQuick --> node_venv_lib_python3_12_site-packages_PyQt6_Qt6_qml_QtQuick_Controls["Controls"]\n    node_venv_lib_python3_12_site-packages_PyQt6_Qt6_qml_QtQuick_Controls --> node_venv_lib_python3_12_site-packages_PyQt6_Qt6_qml_QtQuick_Controls_FluentWinUI3["FluentWinUI3"]\n    node_venv_lib_python3_12_site-packages_PyQt6_Qt6_qml_QtQuick_Controls_FluentWinUI3 --> node_venv_lib_python3_12_site-packages_PyQt6_Qt6_qml_QtQuick_Controls_FluentWinUI3_dark["dark"]\n    node_venv_lib_python3_12_site-packages_PyQt6_Qt6_qml_QtQuick_Controls_FluentWinUI3_dark --> node_venv_lib_python3_12_site-packages_PyQt6_Qt6_qml_QtQuick_Controls_FluentWinUI3_dark_images["images"]\n    node_venv_lib_python3_12_site-packages_PyQt6_Qt6_qml_QtQuick_Controls_FluentWinUI3_dark_images --> node_venv_lib_python3_12_site-packages_PyQt6_Qt6_qml_QtQuick_Controls_FluentWinUI3_dark_images_spinbox-indicator-up-background_png["spinbox-indicator-up-background.png"]\n    Root --> node_venv["venv"]\n    node_venv --> node_venv_lib["lib"]\n    node_venv_lib --> node_venv_lib_python3_12["python3.12"]\n    node_venv_lib_python3_12 --> node_venv_lib_python3_12_site-packages["site-packages"]\n    node_venv_lib_python3_12_site-packages --> node_venv_lib_python3_12_site-packages_PyQt6["PyQt6"]\n    node_venv_lib_python3_12_site-packages_PyQt6 --> node_venv_lib_python3_12_site-packages_PyQt6_Qt6["Qt6"]\n    node_venv_lib_python3_12_site-packages_PyQt6_Qt6 --> node_venv_lib_python3_12_site-packages_PyQt6_Qt6_qml["qml"]\n    node_venv_lib_python3_12_site-packages_PyQt6_Qt6_qml --> node_venv_lib_python3_12_site-packages_PyQt6_Qt6_qml_QtQuick["QtQuick"]\n    node_venv_lib_python3_12_site-packages_PyQt6_Qt6_qml_QtQuick --> node_venv_lib_python3_12_site-packages_PyQt6_Qt6_qml_QtQuick_Controls["Controls"]\n    node_venv_lib_python3_12_site-packages_PyQt6_Qt6_qml_QtQuick_Controls --> node_venv_lib_python3_12_site-packages_PyQt6_Qt6_qml_QtQuick_Controls_FluentWinUI3["FluentWinUI3"]\n    node_venv_lib_python3_12_site-packages_PyQt6_Qt6_qml_QtQuick_Controls_FluentWinUI3 --> node_venv_lib_python3_12_site-packages_PyQt6_Qt6_qml_QtQuick_Controls_FluentWinUI3_dark["dark"]\n    node_venv_lib_python3_12_site-packages_PyQt6_Qt6_qml_QtQuick_Controls_FluentWinUI3_dark --> node_venv_lib_python3_12_site-packages_PyQt6_Qt6_qml_QtQuick_Controls_FluentWinUI3_dark_images["images"]\n    node_venv_lib_python3_12_site-packages_PyQt6_Qt6_qml_QtQuick_Controls_FluentWinUI3_dark_images --> node_venv_lib_python3_12_site-packages_PyQt6_Qt6_qml_QtQuick_Controls_FluentWinUI3_dark_images_spinbox-indicator-up-background@2x_png["spinbox-indicator-up-background@2x.png"]\n    Root --> node_venv["venv"]\n    node_venv --> node_venv_lib["lib"]\n    node_venv_lib --> node_venv_lib_python3_12["python3.12"]\n    node_venv_lib_python3_12 --> node_venv_lib_python3_12_site-packages["site-packages"]\n    node_venv_lib_python3_12_site-packages --> node_venv_lib_python3_12_site-packages_PyQt6["PyQt6"]\n    node_venv_lib_python3_12_site-packages_PyQt6 --> node_venv_lib_python3_12_site-packages_PyQt6_Qt6["Qt6"]\n    node_venv_lib_python3_12_site-packages_PyQt6_Qt6 --> node_venv_lib_python3_12_site-packages_PyQt6_Qt6_qml["qml"]\n    node_venv_lib_python3_12_site-packages_PyQt6_Qt6_qml --> node_venv_lib_python3_12_site-packages_PyQt6_Qt6_qml_QtQuick["QtQuick"]\n    node_venv_lib_python3_12_site-packages_PyQt6_Qt6_qml_QtQuick --> node_venv_lib_python3_12_site-packages_PyQt6_Qt6_qml_QtQuick_Controls["Controls"]\n    node_venv_lib_python3_12_site-packages_PyQt6_Qt6_qml_QtQuick_Controls --> node_venv_lib_python3_12_site-packages_PyQt6_Qt6_qml_QtQuick_Controls_FluentWinUI3["FluentWinUI3"]\n    node_venv_lib_python3_12_site-packages_PyQt6_Qt6_qml_QtQuick_Controls_FluentWinUI3 --> node_venv_lib_python3_12_site-packages_PyQt6_Qt6_qml_QtQuick_Controls_FluentWinUI3_dark["dark"]\n    node_venv_lib_python3_12_site-packages_PyQt6_Qt6_qml_QtQuick_Controls_FluentWinUI3_dark --> node_venv_lib_python3_12_site-packages_PyQt6_Qt6_qml_QtQuick_Controls_FluentWinUI3_dark_images["images"]\n    node_venv_lib_python3_12_site-packages_PyQt6_Qt6_qml_QtQuick_Controls_FluentWinUI3_dark_images --> node_venv_lib_python3_12_site-packages_PyQt6_Qt6_qml_QtQuick_Controls_FluentWinUI3_dark_images_spinbox-indicator-up-background@3x_png["spinbox-indicator-up-background@3x.png"]\n    Root --> node_venv["venv"]\n    node_venv --> node_venv_lib["lib"]\n    node_venv_lib --> node_venv_lib_python3_12["python3.12"]\n    node_venv_lib_python3_12 --> node_venv_lib_python3_12_site-packages["site-packages"]\n    node_venv_lib_python3_12_site-packages --> node_venv_lib_python3_12_site-packages_PyQt6["PyQt6"]\n    node_venv_lib_python3_12_site-packages_PyQt6 --> node_venv_lib_python3_12_site-packages_PyQt6_Qt6["Qt6"]\n    node_venv_lib_python3_12_site-packages_PyQt6_Qt6 --> node_venv_lib_python3_12_site-packages_PyQt6_Qt6_qml["qml"]\n    node_venv_lib_python3_12_site-packages_PyQt6_Qt6_qml --> node_venv_lib_python3_12_site-packages_PyQt6_Qt6_qml_QtQuick["QtQuick"]\n    node_venv_lib_python3_12_site-packages_PyQt6_Qt6_qml_QtQuick --> node_venv_lib_python3_12_site-packages_PyQt6_Qt6_qml_QtQuick_Controls["Controls"]\n    node_venv_lib_python3_12_site-packages_PyQt6_Qt6_qml_QtQuick_Controls --> node_venv_lib_python3_12_site-packages_PyQt6_Qt6_qml_QtQuick_Controls_FluentWinUI3["FluentWinUI3"]\n    node_venv_lib_python3_12_site-packages_PyQt6_Qt6_qml_QtQuick_Controls_FluentWinUI3 --> node_venv_lib_python3_12_site-packages_PyQt6_Qt6_qml_QtQuick_Controls_FluentWinUI3_dark["dark"]\n    node_venv_lib_python3_12_site-packages_PyQt6_Qt6_qml_QtQuick_Controls_FluentWinUI3_dark --> node_venv_lib_python3_12_site-packages_PyQt6_Qt6_qml_QtQuick_Controls_FluentWinUI3_dark_images["images"]\n    node_venv_lib_python3_12_site-packages_PyQt6_Qt6_qml_QtQuick_Controls_FluentWinUI3_dark_images --> node_venv_lib_python3_12_site-packages_PyQt6_Qt6_qml_QtQuick_Controls_FluentWinUI3_dark_images_spinbox-indicator-up-icon-atlimit_png["spinbox-indicator-up-icon-atlimit.png"]\n    Root --> node_venv["venv"]\n    node_venv --> node_venv_lib["lib"]\n    node_venv_lib --> node_venv_lib_python3_12["python3.12"]\n    node_venv_lib_python3_12 --> node_venv_lib_python3_12_site-packages["site-packages"]\n    node_venv_lib_python3_12_site-packages --> node_venv_lib_python3_12_site-packages_PyQt6["PyQt6"]\n    node_venv_lib_python3_12_site-packages_PyQt6 --> node_venv_lib_python3_12_site-packages_PyQt6_Qt6["Qt6"]\n    node_venv_lib_python3_12_site-packages_PyQt6_Qt6 --> node_venv_lib_python3_12_site-packages_PyQt6_Qt6_qml["qml"]\n    node_venv_lib_python3_12_site-packages_PyQt6_Qt6_qml --> node_venv_lib_python3_12_site-packages_PyQt6_Qt6_qml_QtQuick["QtQuick"]\n    node_venv_lib_python3_12_site-packages_PyQt6_Qt6_qml_QtQuick --> node_venv_lib_python3_12_site-packages_PyQt6_Qt6_qml_QtQuick_Controls["Controls"]\n    node_venv_lib_python3_12_site-packages_PyQt6_Qt6_qml_QtQuick_Controls --> node_venv_lib_python3_12_site-packages_PyQt6_Qt6_qml_QtQuick_Controls_FluentWinUI3["FluentWinUI3"]\n    node_venv_lib_python3_12_site-packages_PyQt6_Qt6_qml_QtQuick_Controls_FluentWinUI3 --> node_venv_lib_python3_12_site-packages_PyQt6_Qt6_qml_QtQuick_Controls_FluentWinUI3_dark["dark"]\n    node_venv_lib_python3_12_site-packages_PyQt6_Qt6_qml_QtQuick_Controls_FluentWinUI3_dark --> node_venv_lib_python3_12_site-packages_PyQt6_Qt6_qml_QtQuick_Controls_FluentWinUI3_dark_images["images"]\n    node_venv_lib_python3_12_site-packages_PyQt6_Qt6_qml_QtQuick_Controls_FluentWinUI3_dark_images --> node_venv_lib_python3_12_site-packages_PyQt6_Qt6_qml_QtQuick_Controls_FluentWinUI3_dark_images_spinbox-indicator-up-icon-atlimit@2x_png["spinbox-indicator-up-icon-atlimit@2x.png"]\n    Root --> node_venv["venv"]\n    node_venv --> node_venv_lib["lib"]\n    node_venv_lib --> node_venv_lib_python3_12["python3.12"]\n    node_venv_lib_python3_12 --> node_venv_lib_python3_12_site-packages["site-packages"]\n    node_venv_lib_python3_12_site-packages --> node_venv_lib_python3_12_site-packages_PyQt6["PyQt6"]\n    node_venv_lib_python3_12_site-packages_PyQt6 --> node_venv_lib_python3_12_site-packages_PyQt6_Qt6["Qt6"]\n    node_venv_lib_python3_12_site-packages_PyQt6_Qt6 --> node_venv_lib_python3_12_site-packages_PyQt6_Qt6_qml["qml"]\n    node_venv_lib_python3_12_site-packages_PyQt6_Qt6_qml --> node_venv_lib_python3_12_site-packages_PyQt6_Qt6_qml_QtQuick["QtQuick"]\n    node_venv_lib_python3_12_site-packages_PyQt6_Qt6_qml_QtQuick --> node_venv_lib_python3_12_site-packages_PyQt6_Qt6_qml_QtQuick_Controls["Controls"]\n    node_venv_lib_python3_12_site-packages_PyQt6_Qt6_qml_QtQuick_Controls --> node_venv_lib_python3_12_site-packages_PyQt6_Qt6_qml_QtQuick_Controls_FluentWinUI3["FluentWinUI3"]\n    node_venv_lib_python3_12_site-packages_PyQt6_Qt6_qml_QtQuick_Controls_FluentWinUI3 --> node_venv_lib_python3_12_site-packages_PyQt6_Qt6_qml_QtQuick_Controls_FluentWinUI3_dark["dark"]\n    node_venv_lib_python3_12_site-packages_PyQt6_Qt6_qml_QtQuick_Controls_FluentWinUI3_dark --> node_venv_lib_python3_12_site-packages_PyQt6_Qt6_qml_QtQuick_Controls_FluentWinUI3_dark_images["images"]\n    node_venv_lib_python3_12_site-packages_PyQt6_Qt6_qml_QtQuick_Controls_FluentWinUI3_dark_images --> node_venv_lib_python3_12_site-packages_PyQt6_Qt6_qml_QtQuick_Controls_FluentWinUI3_dark_images_spinbox-indicator-up-icon-atlimit@3x_png["spinbox-indicator-up-icon-atlimit@3x.png"]\n    Root --> node_venv["venv"]\n    node_venv --> node_venv_lib["lib"]\n    node_venv_lib --> node_venv_lib_python3_12["python3.12"]\n    node_venv_lib_python3_12 --> node_venv_lib_python3_12_site-packages["site-packages"]\n    node_venv_lib_python3_12_site-packages --> node_venv_lib_python3_12_site-packages_PyQt6["PyQt6"]\n    node_venv_lib_python3_12_site-packages_PyQt6 --> node_venv_lib_python3_12_site-packages_PyQt6_Qt6["Qt6"]\n    node_venv_lib_python3_12_site-packages_PyQt6_Qt6 --> node_venv_lib_python3_12_site-packages_PyQt6_Qt6_qml["qml"]\n    node_venv_lib_python3_12_site-packages_PyQt6_Qt6_qml --> node_venv_lib_python3_12_site-packages_PyQt6_Qt6_qml_QtQuick["QtQuick"]\n    node_venv_lib_python3_12_site-packages_PyQt6_Qt6_qml_QtQuick --> node_venv_lib_python3_12_site-packages_PyQt6_Qt6_qml_QtQuick_Controls["Controls"]\n    node_venv_lib_python3_12_site-packages_PyQt6_Qt6_qml_QtQuick_Controls --> node_venv_lib_python3_12_site-packages_PyQt6_Qt6_qml_QtQuick_Controls_FluentWinUI3["FluentWinUI3"]\n    node_venv_lib_python3_12_site-packages_PyQt6_Qt6_qml_QtQuick_Controls_FluentWinUI3 --> node_venv_lib_python3_12_site-packages_PyQt6_Qt6_qml_QtQuick_Controls_FluentWinUI3_dark["dark"]\n    node_venv_lib_python3_12_site-packages_PyQt6_Qt6_qml_QtQuick_Controls_FluentWinUI3_dark --> node_venv_lib_python3_12_site-packages_PyQt6_Qt6_qml_QtQuick_Controls_FluentWinUI3_dark_images["images"]\n    node_venv_lib_python3_12_site-packages_PyQt6_Qt6_qml_QtQuick_Controls_FluentWinUI3_dark_images --> node_venv_lib_python3_12_site-packages_PyQt6_Qt6_qml_QtQuick_Controls_FluentWinUI3_dark_images_spinbox-indicator-up-icon-disabled_png["spinbox-indicator-up-icon-disabled.png"]\n    Root --> node_venv["venv"]\n    node_venv --> node_venv_lib["lib"]\n    node_venv_lib --> node_venv_lib_python3_12["python3.12"]\n    node_venv_lib_python3_12 --> node_venv_lib_python3_12_site-packages["site-packages"]\n    node_venv_lib_python3_12_site-packages --> node_venv_lib_python3_12_site-packages_PyQt6["PyQt6"]\n    node_venv_lib_python3_12_site-packages_PyQt6 --> node_venv_lib_python3_12_site-packages_PyQt6_Qt6["Qt6"]\n    node_venv_lib_python3_12_site-packages_PyQt6_Qt6 --> node_venv_lib_python3_12_site-packages_PyQt6_Qt6_qml["qml"]\n    node_venv_lib_python3_12_site-packages_PyQt6_Qt6_qml --> node_venv_lib_python3_12_site-packages_PyQt6_Qt6_qml_QtQuick["QtQuick"]\n    node_venv_lib_python3_12_site-packages_PyQt6_Qt6_qml_QtQuick --> node_venv_lib_python3_12_site-packages_PyQt6_Qt6_qml_QtQuick_Controls["Controls"]\n    node_venv_lib_python3_12_site-packages_PyQt6_Qt6_qml_QtQuick_Controls --> node_venv_lib_python3_12_site-packages_PyQt6_Qt6_qml_QtQuick_Controls_FluentWinUI3["FluentWinUI3"]\n    node_venv_lib_python3_12_site-packages_PyQt6_Qt6_qml_QtQuick_Controls_FluentWinUI3 --> node_venv_lib_python3_12_site-packages_PyQt6_Qt6_qml_QtQuick_Controls_FluentWinUI3_dark["dark"]\n    node_venv_lib_python3_12_site-packages_PyQt6_Qt6_qml_QtQuick_Controls_FluentWinUI3_dark --> node_venv_lib_python3_12_site-packages_PyQt6_Qt6_qml_QtQuick_Controls_FluentWinUI3_dark_images["images"]\n    node_venv_lib_python3_12_site-packages_PyQt6_Qt6_qml_QtQuick_Controls_FluentWinUI3_dark_images --> node_venv_lib_python3_12_site-packages_PyQt6_Qt6_qml_QtQuick_Controls_FluentWinUI3_dark_images_spinbox-indicator-up-icon-disabled@2x_png["spinbox-indicator-up-icon-disabled@2x.png"]\n    Root --> node_venv["venv"]\n    node_venv --> node_venv_lib["lib"]\n    node_venv_lib --> node_venv_lib_python3_12["python3.12"]\n    node_venv_lib_python3_12 --> node_venv_lib_python3_12_site-packages["site-packages"]\n    node_venv_lib_python3_12_site-packages --> node_venv_lib_python3_12_site-packages_PyQt6["PyQt6"]\n    node_venv_lib_python3_12_site-packages_PyQt6 --> node_venv_lib_python3_12_site-packages_PyQt6_Qt6["Qt6"]\n    node_venv_lib_python3_12_site-packages_PyQt6_Qt6 --> node_venv_lib_python3_12_site-packages_PyQt6_Qt6_qml["qml"]\n    node_venv_lib_python3_12_site-packages_PyQt6_Qt6_qml --> node_venv_lib_python3_12_site-packages_PyQt6_Qt6_qml_QtQuick["QtQuick"]\n    node_venv_lib_python3_12_site-packages_PyQt6_Qt6_qml_QtQuick --> node_venv_lib_python3_12_site-packages_PyQt6_Qt6_qml_QtQuick_Controls["Controls"]\n    node_venv_lib_python3_12_site-packages_PyQt6_Qt6_qml_QtQuick_Controls --> node_venv_lib_python3_12_site-packages_PyQt6_Qt6_qml_QtQuick_Controls_FluentWinUI3["FluentWinUI3"]\n    node_venv_lib_python3_12_site-packages_PyQt6_Qt6_qml_QtQuick_Controls_FluentWinUI3 --> node_venv_lib_python3_12_site-packages_PyQt6_Qt6_qml_QtQuick_Controls_FluentWinUI3_dark["dark"]\n    node_venv_lib_python3_12_site-packages_PyQt6_Qt6_qml_QtQuick_Controls_FluentWinUI3_dark --> node_venv_lib_python3_12_site-packages_PyQt6_Qt6_qml_QtQuick_Controls_FluentWinUI3_dark_images["images"]\n    node_venv_lib_python3_12_site-packages_PyQt6_Qt6_qml_QtQuick_Controls_FluentWinUI3_dark_images --> node_venv_lib_python3_12_site-packages_PyQt6_Qt6_qml_QtQuick_Controls_FluentWinUI3_dark_images_spinbox-indicator-up-icon-disabled@3x_png["spinbox-indicator-up-icon-disabled@3x.png"]\n    Root --> node_venv["venv"]\n    node_venv --> node_venv_lib["lib"]\n    node_venv_lib --> node_venv_lib_python3_12["python3.12"]\n    node_venv_lib_python3_12 --> node_venv_lib_python3_12_site-packages["site-packages"]\n    node_venv_lib_python3_12_site-packages --> node_venv_lib_python3_12_site-packages_PyQt6["PyQt6"]\n    node_venv_lib_python3_12_site-packages_PyQt6 --> node_venv_lib_python3_12_site-packages_PyQt6_Qt6["Qt6"]\n    node_venv_lib_python3_12_site-packages_PyQt6_Qt6 --> node_venv_lib_python3_12_site-packages_PyQt6_Qt6_qml["qml"]\n    node_venv_lib_python3_12_site-packages_PyQt6_Qt6_qml --> node_venv_lib_python3_12_site-packages_PyQt6_Qt6_qml_QtQuick["QtQuick"]\n    node_venv_lib_python3_12_site-packages_PyQt6_Qt6_qml_QtQuick --> node_venv_lib_python3_12_site-packages_PyQt6_Qt6_qml_QtQuick_Controls["Controls"]\n    node_venv_lib_python3_12_site-packages_PyQt6_Qt6_qml_QtQuick_Controls --> node_venv_lib_python3_12_site-packages_PyQt6_Qt6_qml_QtQuick_Controls_FluentWinUI3["FluentWinUI3"]\n    node_venv_lib_python3_12_site-packages_PyQt6_Qt6_qml_QtQuick_Controls_FluentWinUI3 --> node_venv_lib_python3_12_site-packages_PyQt6_Qt6_qml_QtQuick_Controls_FluentWinUI3_dark["dark"]\n    node_venv_lib_python3_12_site-packages_PyQt6_Qt6_qml_QtQuick_Controls_FluentWinUI3_dark --> node_venv_lib_python3_12_site-packages_PyQt6_Qt6_qml_QtQuick_Controls_FluentWinUI3_dark_images["images"]\n    node_venv_lib_python3_12_site-packages_PyQt6_Qt6_qml_QtQuick_Controls_FluentWinUI3_dark_images --> node_venv_lib_python3_12_site-packages_PyQt6_Qt6_qml_QtQuick_Controls_FluentWinUI3_dark_images_spinbox-indicator-up-icon-down-hovered_png["spinbox-indicator-up-icon-down-hovered.png"]\n    Root --> node_venv["venv"]\n    node_venv --> node_venv_lib["lib"]\n    node_venv_lib --> node_venv_lib_python3_12["python3.12"]\n    node_venv_lib_python3_12 --> node_venv_lib_python3_12_site-packages["site-packages"]\n    node_venv_lib_python3_12_site-packages --> node_venv_lib_python3_12_site-packages_PyQt6["PyQt6"]\n    node_venv_lib_python3_12_site-packages_PyQt6 --> node_venv_lib_python3_12_site-packages_PyQt6_Qt6["Qt6"]\n    node_venv_lib_python3_12_site-packages_PyQt6_Qt6 --> node_venv_lib_python3_12_site-packages_PyQt6_Qt6_qml["qml"]\n    node_venv_lib_python3_12_site-packages_PyQt6_Qt6_qml --> node_venv_lib_python3_12_site-packages_PyQt6_Qt6_qml_QtQuick["QtQuick"]\n    node_venv_lib_python3_12_site-packages_PyQt6_Qt6_qml_QtQuick --> node_venv_lib_python3_12_site-packages_PyQt6_Qt6_qml_QtQuick_Controls["Controls"]\n    node_venv_lib_python3_12_site-packages_PyQt6_Qt6_qml_QtQuick_Controls --> node_venv_lib_python3_12_site-packages_PyQt6_Qt6_qml_QtQuick_Controls_FluentWinUI3["FluentWinUI3"]\n    node_venv_lib_python3_12_site-packages_PyQt6_Qt6_qml_QtQuick_Controls_FluentWinUI3 --> node_venv_lib_python3_12_site-packages_PyQt6_Qt6_qml_QtQuick_Controls_FluentWinUI3_dark["dark"]\n    node_venv_lib_python3_12_site-packages_PyQt6_Qt6_qml_QtQuick_Controls_FluentWinUI3_dark --> node_venv_lib_python3_12_site-packages_PyQt6_Qt6_qml_QtQuick_Controls_FluentWinUI3_dark_images["images"]\n    node_venv_lib_python3_12_site-packages_PyQt6_Qt6_qml_QtQuick_Controls_FluentWinUI3_dark_images --> node_venv_lib_python3_12_site-packages_PyQt6_Qt6_qml_QtQuick_Controls_FluentWinUI3_dark_images_spinbox-indicator-up-icon-down-hovered@2x_png["spinbox-indicator-up-icon-down-hovered@2x.png"]\n    Root --> node_venv["venv"]\n    node_venv --> node_venv_lib["lib"]\n    node_venv_lib --> node_venv_lib_python3_12["python3.12"]\n    node_venv_lib_python3_12 --> node_venv_lib_python3_12_site-packages["site-packages"]\n    node_venv_lib_python3_12_site-packages --> node_venv_lib_python3_12_site-packages_PyQt6["PyQt6"]\n    node_venv_lib_python3_12_site-packages_PyQt6 --> node_venv_lib_python3_12_site-packages_PyQt6_Qt6["Qt6"]\n    node_venv_lib_python3_12_site-packages_PyQt6_Qt6 --> node_venv_lib_python3_12_site-packages_PyQt6_Qt6_qml["qml"]\n    node_venv_lib_python3_12_site-packages_PyQt6_Qt6_qml --> node_venv_lib_python3_12_site-packages_PyQt6_Qt6_qml_QtQuick["QtQuick"]\n    node_venv_lib_python3_12_site-packages_PyQt6_Qt6_qml_QtQuick --> node_venv_lib_python3_12_site-packages_PyQt6_Qt6_qml_QtQuick_Controls["Controls"]\n    node_venv_lib_python3_12_site-packages_PyQt6_Qt6_qml_QtQuick_Controls --> node_venv_lib_python3_12_site-packages_PyQt6_Qt6_qml_QtQuick_Controls_FluentWinUI3["FluentWinUI3"]\n    node_venv_lib_python3_12_site-packages_PyQt6_Qt6_qml_QtQuick_Controls_FluentWinUI3 --> node_venv_lib_python3_12_site-packages_PyQt6_Qt6_qml_QtQuick_Controls_FluentWinUI3_dark["dark"]\n    node_venv_lib_python3_12_site-packages_PyQt6_Qt6_qml_QtQuick_Controls_FluentWinUI3_dark --> node_venv_lib_python3_12_site-packages_PyQt6_Qt6_qml_QtQuick_Controls_FluentWinUI3_dark_images["images"]\n    node_venv_lib_python3_12_site-packages_PyQt6_Qt6_qml_QtQuick_Controls_FluentWinUI3_dark_images --> node_venv_lib_python3_12_site-packages_PyQt6_Qt6_qml_QtQuick_Controls_FluentWinUI3_dark_images_spinbox-indicator-up-icon-down-hovered@3x_png["spinbox-indicator-up-icon-down-hovered@3x.png"]\n    Root --> node_venv["venv"]\n    node_venv --> node_venv_lib["lib"]\n    node_venv_lib --> node_venv_lib_python3_12["python3.12"]\n    node_venv_lib_python3_12 --> node_venv_lib_python3_12_site-packages["site-packages"]\n    node_venv_lib_python3_12_site-packages --> node_venv_lib_python3_12_site-packages_PyQt6["PyQt6"]\n    node_venv_lib_python3_12_site-packages_PyQt6 --> node_venv_lib_python3_12_site-packages_PyQt6_Qt6["Qt6"]\n    node_venv_lib_python3_12_site-packages_PyQt6_Qt6 --> node_venv_lib_python3_12_site-packages_PyQt6_Qt6_qml["qml"]\n    node_venv_lib_python3_12_site-packages_PyQt6_Qt6_qml --> node_venv_lib_python3_12_site-packages_PyQt6_Qt6_qml_QtQuick["QtQuick"]\n    node_venv_lib_python3_12_site-packages_PyQt6_Qt6_qml_QtQuick --> node_venv_lib_python3_12_site-packages_PyQt6_Qt6_qml_QtQuick_Controls["Controls"]\n    node_venv_lib_python3_12_site-packages_PyQt6_Qt6_qml_QtQuick_Controls --> node_venv_lib_python3_12_site-packages_PyQt6_Qt6_qml_QtQuick_Controls_FluentWinUI3["FluentWinUI3"]\n    node_venv_lib_python3_12_site-packages_PyQt6_Qt6_qml_QtQuick_Controls_FluentWinUI3 --> node_venv_lib_python3_12_site-packages_PyQt6_Qt6_qml_QtQuick_Controls_FluentWinUI3_dark["dark"]\n    node_venv_lib_python3_12_site-packages_PyQt6_Qt6_qml_QtQuick_Controls_FluentWinUI3_dark --> node_venv_lib_python3_12_site-packages_PyQt6_Qt6_qml_QtQuick_Controls_FluentWinUI3_dark_images["images"]\n    node_venv_lib_python3_12_site-packages_PyQt6_Qt6_qml_QtQuick_Controls_FluentWinUI3_dark_images --> node_venv_lib_python3_12_site-packages_PyQt6_Qt6_qml_QtQuick_Controls_FluentWinUI3_dark_images_spinbox-indicator-up-icon-down-pressed_png["spinbox-indicator-up-icon-down-pressed.png"]\n    Root --> node_venv["venv"]\n    node_venv --> node_venv_lib["lib"]\n    node_venv_lib --> node_venv_lib_python3_12["python3.12"]\n    node_venv_lib_python3_12 --> node_venv_lib_python3_12_site-packages["site-packages"]\n    node_venv_lib_python3_12_site-packages --> node_venv_lib_python3_12_site-packages_PyQt6["PyQt6"]\n    node_venv_lib_python3_12_site-packages_PyQt6 --> node_venv_lib_python3_12_site-packages_PyQt6_Qt6["Qt6"]\n    node_venv_lib_python3_12_site-packages_PyQt6_Qt6 --> node_venv_lib_python3_12_site-packages_PyQt6_Qt6_qml["qml"]\n    node_venv_lib_python3_12_site-packages_PyQt6_Qt6_qml --> node_venv_lib_python3_12_site-packages_PyQt6_Qt6_qml_QtQuick["QtQuick"]\n    node_venv_lib_python3_12_site-packages_PyQt6_Qt6_qml_QtQuick --> node_venv_lib_python3_12_site-packages_PyQt6_Qt6_qml_QtQuick_Controls["Controls"]\n    node_venv_lib_python3_12_site-packages_PyQt6_Qt6_qml_QtQuick_Controls --> node_venv_lib_python3_12_site-packages_PyQt6_Qt6_qml_QtQuick_Controls_FluentWinUI3["FluentWinUI3"]\n    node_venv_lib_python3_12_site-packages_PyQt6_Qt6_qml_QtQuick_Controls_FluentWinUI3 --> node_venv_lib_python3_12_site-packages_PyQt6_Qt6_qml_QtQuick_Controls_FluentWinUI3_dark["dark"]\n    node_venv_lib_python3_12_site-packages_PyQt6_Qt6_qml_QtQuick_Controls_FluentWinUI3_dark --> node_venv_lib_python3_12_site-packages_PyQt6_Qt6_qml_QtQuick_Controls_FluentWinUI3_dark_images["images"]\n    node_venv_lib_python3_12_site-packages_PyQt6_Qt6_qml_QtQuick_Controls_FluentWinUI3_dark_images --> node_venv_lib_python3_12_site-packages_PyQt6_Qt6_qml_QtQuick_Controls_FluentWinUI3_dark_images_spinbox-indicator-up-icon-down-pressed@2x_png["spinbox-indicator-up-icon-down-pressed@2x.png"]\n    Root --> node_venv["venv"]\n    node_venv --> node_venv_lib["lib"]\n    node_venv_lib --> node_venv_lib_python3_12["python3.12"]\n    node_venv_lib_python3_12 --> node_venv_lib_python3_12_site-packages["site-packages"]\n    node_venv_lib_python3_12_site-packages --> node_venv_lib_python3_12_site-packages_PyQt6["PyQt6"]\n    node_venv_lib_python3_12_site-packages_PyQt6 --> node_venv_lib_python3_12_site-packages_PyQt6_Qt6["Qt6"]\n    node_venv_lib_python3_12_site-packages_PyQt6_Qt6 --> node_venv_lib_python3_12_site-packages_PyQt6_Qt6_qml["qml"]\n    node_venv_lib_python3_12_site-packages_PyQt6_Qt6_qml --> node_venv_lib_python3_12_site-packages_PyQt6_Qt6_qml_QtQuick["QtQuick"]\n    node_venv_lib_python3_12_site-packages_PyQt6_Qt6_qml_QtQuick --> node_venv_lib_python3_12_site-packages_PyQt6_Qt6_qml_QtQuick_Controls["Controls"]\n    node_venv_lib_python3_12_site-packages_PyQt6_Qt6_qml_QtQuick_Controls --> node_venv_lib_python3_12_site-packages_PyQt6_Qt6_qml_QtQuick_Controls_FluentWinUI3["FluentWinUI3"]\n    node_venv_lib_python3_12_site-packages_PyQt6_Qt6_qml_QtQuick_Controls_FluentWinUI3 --> node_venv_lib_python3_12_site-packages_PyQt6_Qt6_qml_QtQuick_Controls_FluentWinUI3_dark["dark"]\n    node_venv_lib_python3_12_site-packages_PyQt6_Qt6_qml_QtQuick_Controls_FluentWinUI3_dark --> node_venv_lib_python3_12_site-packages_PyQt6_Qt6_qml_QtQuick_Controls_FluentWinUI3_dark_images["images"]\n    node_venv_lib_python3_12_site-packages_PyQt6_Qt6_qml_QtQuick_Controls_FluentWinUI3_dark_images --> node_venv_lib_python3_12_site-packages_PyQt6_Qt6_qml_QtQuick_Controls_FluentWinUI3_dark_images_spinbox-indicator-up-icon-down-pressed@3x_png["spinbox-indicator-up-icon-down-pressed@3x.png"]\n    Root --> node_venv["venv"]\n    node_venv --> node_venv_lib["lib"]\n    node_venv_lib --> node_venv_lib_python3_12["python3.12"]\n    node_venv_lib_python3_12 --> node_venv_lib_python3_12_site-packages["site-packages"]\n    node_venv_lib_python3_12_site-packages --> node_venv_lib_python3_12_site-packages_PyQt6["PyQt6"]\n    node_venv_lib_python3_12_site-packages_PyQt6 --> node_venv_lib_python3_12_site-packages_PyQt6_Qt6["Qt6"]\n    node_venv_lib_python3_12_site-packages_PyQt6_Qt6 --> node_venv_lib_python3_12_site-packages_PyQt6_Qt6_qml["qml"]\n    node_venv_lib_python3_12_site-packages_PyQt6_Qt6_qml --> node_venv_lib_python3_12_site-packages_PyQt6_Qt6_qml_QtQuick["QtQuick"]\n    node_venv_lib_python3_12_site-packages_PyQt6_Qt6_qml_QtQuick --> node_venv_lib_python3_12_site-packages_PyQt6_Qt6_qml_QtQuick_Controls["Controls"]\n    node_venv_lib_python3_12_site-packages_PyQt6_Qt6_qml_QtQuick_Controls --> node_venv_lib_python3_12_site-packages_PyQt6_Qt6_qml_QtQuick_Controls_FluentWinUI3["FluentWinUI3"]\n    node_venv_lib_python3_12_site-packages_PyQt6_Qt6_qml_QtQuick_Controls_FluentWinUI3 --> node_venv_lib_python3_12_site-packages_PyQt6_Qt6_qml_QtQuick_Controls_FluentWinUI3_dark["dark"]\n    node_venv_lib_python3_12_site-packages_PyQt6_Qt6_qml_QtQuick_Controls_FluentWinUI3_dark --> node_venv_lib_python3_12_site-packages_PyQt6_Qt6_qml_QtQuick_Controls_FluentWinUI3_dark_images["images"]\n    node_venv_lib_python3_12_site-packages_PyQt6_Qt6_qml_QtQuick_Controls_FluentWinUI3_dark_images --> node_venv_lib_python3_12_site-packages_PyQt6_Qt6_qml_QtQuick_Controls_FluentWinUI3_dark_images_spinbox-indicator-up-icon-hovered_png["spinbox-indicator-up-icon-hovered.png"]\n    Root --> node_venv["venv"]\n    node_venv --> node_venv_lib["lib"]\n    node_venv_lib --> node_venv_lib_python3_12["python3.12"]\n    node_venv_lib_python3_12 --> node_venv_lib_python3_12_site-packages["site-packages"]\n    node_venv_lib_python3_12_site-packages --> node_venv_lib_python3_12_site-packages_PyQt6["PyQt6"]\n    node_venv_lib_python3_12_site-packages_PyQt6 --> node_venv_lib_python3_12_site-packages_PyQt6_Qt6["Qt6"]\n    node_venv_lib_python3_12_site-packages_PyQt6_Qt6 --> node_venv_lib_python3_12_site-packages_PyQt6_Qt6_qml["qml"]\n    node_venv_lib_python3_12_site-packages_PyQt6_Qt6_qml --> node_venv_lib_python3_12_site-packages_PyQt6_Qt6_qml_QtQuick["QtQuick"]\n    node_venv_lib_python3_12_site-packages_PyQt6_Qt6_qml_QtQuick --> node_venv_lib_python3_12_site-packages_PyQt6_Qt6_qml_QtQuick_Controls["Controls"]\n    node_venv_lib_python3_12_site-packages_PyQt6_Qt6_qml_QtQuick_Controls --> node_venv_lib_python3_12_site-packages_PyQt6_Qt6_qml_QtQuick_Controls_FluentWinUI3["FluentWinUI3"]\n    node_venv_lib_python3_12_site-packages_PyQt6_Qt6_qml_QtQuick_Controls_FluentWinUI3 --> node_venv_lib_python3_12_site-packages_PyQt6_Qt6_qml_QtQuick_Controls_FluentWinUI3_dark["dark"]\n    node_venv_lib_python3_12_site-packages_PyQt6_Qt6_qml_QtQuick_Controls_FluentWinUI3_dark --> node_venv_lib_python3_12_site-packages_PyQt6_Qt6_qml_QtQuick_Controls_FluentWinUI3_dark_images["images"]\n    node_venv_lib_python3_12_site-packages_PyQt6_Qt6_qml_QtQuick_Controls_FluentWinUI3_dark_images --> node_venv_lib_python3_12_site-packages_PyQt6_Qt6_qml_QtQuick_Controls_FluentWinUI3_dark_images_spinbox-indicator-up-icon-hovered@2x_png["spinbox-indicator-up-icon-hovered@2x.png"]\n    Root --> node_venv["venv"]\n    node_venv --> node_venv_lib["lib"]\n    node_venv_lib --> node_venv_lib_python3_12["python3.12"]\n    node_venv_lib_python3_12 --> node_venv_lib_python3_12_site-packages["site-packages"]\n    node_venv_lib_python3_12_site-packages --> node_venv_lib_python3_12_site-packages_PyQt6["PyQt6"]\n    node_venv_lib_python3_12_site-packages_PyQt6 --> node_venv_lib_python3_12_site-packages_PyQt6_Qt6["Qt6"]\n    node_venv_lib_python3_12_site-packages_PyQt6_Qt6 --> node_venv_lib_python3_12_site-packages_PyQt6_Qt6_qml["qml"]\n    node_venv_lib_python3_12_site-packages_PyQt6_Qt6_qml --> node_venv_lib_python3_12_site-packages_PyQt6_Qt6_qml_QtQuick["QtQuick"]\n    node_venv_lib_python3_12_site-packages_PyQt6_Qt6_qml_QtQuick --> node_venv_lib_python3_12_site-packages_PyQt6_Qt6_qml_QtQuick_Controls["Controls"]\n    node_venv_lib_python3_12_site-packages_PyQt6_Qt6_qml_QtQuick_Controls --> node_venv_lib_python3_12_site-packages_PyQt6_Qt6_qml_QtQuick_Controls_FluentWinUI3["FluentWinUI3"]\n    node_venv_lib_python3_12_site-packages_PyQt6_Qt6_qml_QtQuick_Controls_FluentWinUI3 --> node_venv_lib_python3_12_site-packages_PyQt6_Qt6_qml_QtQuick_Controls_FluentWinUI3_dark["dark"]\n    node_venv_lib_python3_12_site-packages_PyQt6_Qt6_qml_QtQuick_Controls_FluentWinUI3_dark --> node_venv_lib_python3_12_site-packages_PyQt6_Qt6_qml_QtQuick_Controls_FluentWinUI3_dark_images["images"]\n    node_venv_lib_python3_12_site-packages_PyQt6_Qt6_qml_QtQuick_Controls_FluentWinUI3_dark_images --> node_venv_lib_python3_12_site-packages_PyQt6_Qt6_qml_QtQuick_Controls_FluentWinUI3_dark_images_spinbox-indicator-up-icon-hovered@3x_png["spinbox-indicator-up-icon-hovered@3x.png"]\n    Root --> node_venv["venv"]\n    node_venv --> node_venv_lib["lib"]\n    node_venv_lib --> node_venv_lib_python3_12["python3.12"]\n    node_venv_lib_python3_12 --> node_venv_lib_python3_12_site-packages["site-packages"]\n    node_venv_lib_python3_12_site-packages --> node_venv_lib_python3_12_site-packages_PyQt6["PyQt6"]\n    node_venv_lib_python3_12_site-packages_PyQt6 --> node_venv_lib_python3_12_site-packages_PyQt6_Qt6["Qt6"]\n    node_venv_lib_python3_12_site-packages_PyQt6_Qt6 --> node_venv_lib_python3_12_site-packages_PyQt6_Qt6_qml["qml"]\n    node_venv_lib_python3_12_site-packages_PyQt6_Qt6_qml --> node_venv_lib_python3_12_site-packages_PyQt6_Qt6_qml_QtQuick["QtQuick"]\n    node_venv_lib_python3_12_site-packages_PyQt6_Qt6_qml_QtQuick --> node_venv_lib_python3_12_site-packages_PyQt6_Qt6_qml_QtQuick_Controls["Controls"]\n    node_venv_lib_python3_12_site-packages_PyQt6_Qt6_qml_QtQuick_Controls --> node_venv_lib_python3_12_site-packages_PyQt6_Qt6_qml_QtQuick_Controls_FluentWinUI3["FluentWinUI3"]\n    node_venv_lib_python3_12_site-packages_PyQt6_Qt6_qml_QtQuick_Controls_FluentWinUI3 --> node_venv_lib_python3_12_site-packages_PyQt6_Qt6_qml_QtQuick_Controls_FluentWinUI3_dark["dark"]\n    node_venv_lib_python3_12_site-packages_PyQt6_Qt6_qml_QtQuick_Controls_FluentWinUI3_dark --> node_venv_lib_python3_12_site-packages_PyQt6_Qt6_qml_QtQuick_Controls_FluentWinUI3_dark_images["images"]\n    node_venv_lib_python3_12_site-packages_PyQt6_Qt6_qml_QtQuick_Controls_FluentWinUI3_dark_images --> node_venv_lib_python3_12_site-packages_PyQt6_Qt6_qml_QtQuick_Controls_FluentWinUI3_dark_images_spinbox-indicator-up-icon-up-hovered_png["spinbox-indicator-up-icon-up-hovered.png"]\n    Root --> node_venv["venv"]\n    node_venv --> node_venv_lib["lib"]\n    node_venv_lib --> node_venv_lib_python3_12["python3.12"]\n    node_venv_lib_python3_12 --> node_venv_lib_python3_12_site-packages["site-packages"]\n    node_venv_lib_python3_12_site-packages --> node_venv_lib_python3_12_site-packages_PyQt6["PyQt6"]\n    node_venv_lib_python3_12_site-packages_PyQt6 --> node_venv_lib_python3_12_site-packages_PyQt6_Qt6["Qt6"]\n    node_venv_lib_python3_12_site-packages_PyQt6_Qt6 --> node_venv_lib_python3_12_site-packages_PyQt6_Qt6_qml["qml"]\n    node_venv_lib_python3_12_site-packages_PyQt6_Qt6_qml --> node_venv_lib_python3_12_site-packages_PyQt6_Qt6_qml_QtQuick["QtQuick"]\n    node_venv_lib_python3_12_site-packages_PyQt6_Qt6_qml_QtQuick --> node_venv_lib_python3_12_site-packages_PyQt6_Qt6_qml_QtQuick_Controls["Controls"]\n    node_venv_lib_python3_12_site-packages_PyQt6_Qt6_qml_QtQuick_Controls --> node_venv_lib_python3_12_site-packages_PyQt6_Qt6_qml_QtQuick_Controls_FluentWinUI3["FluentWinUI3"]\n    node_venv_lib_python3_12_site-packages_PyQt6_Qt6_qml_QtQuick_Controls_FluentWinUI3 --> node_venv_lib_python3_12_site-packages_PyQt6_Qt6_qml_QtQuick_Controls_FluentWinUI3_dark["dark"]\n    node_venv_lib_python3_12_site-packages_PyQt6_Qt6_qml_QtQuick_Controls_FluentWinUI3_dark --> node_venv_lib_python3_12_site-packages_PyQt6_Qt6_qml_QtQuick_Controls_FluentWinUI3_dark_images["images"]\n    node_venv_lib_python3_12_site-packages_PyQt6_Qt6_qml_QtQuick_Controls_FluentWinUI3_dark_images --> node_venv_lib_python3_12_site-packages_PyQt6_Qt6_qml_QtQuick_Controls_FluentWinUI3_dark_images_spinbox-indicator-up-icon-up-hovered@2x_png["spinbox-indicator-up-icon-up-hovered@2x.png"]\n    Root --> node_venv["venv"]\n    node_venv --> node_venv_lib["lib"]\n    node_venv_lib --> node_venv_lib_python3_12["python3.12"]\n    node_venv_lib_python3_12 --> node_venv_lib_python3_12_site-packages["site-packages"]\n    node_venv_lib_python3_12_site-packages --> node_venv_lib_python3_12_site-packages_PyQt6["PyQt6"]\n    node_venv_lib_python3_12_site-packages_PyQt6 --> node_venv_lib_python3_12_site-packages_PyQt6_Qt6["Qt6"]\n    node_venv_lib_python3_12_site-packages_PyQt6_Qt6 --> node_venv_lib_python3_12_site-packages_PyQt6_Qt6_qml["qml"]\n    node_venv_lib_python3_12_site-packages_PyQt6_Qt6_qml --> node_venv_lib_python3_12_site-packages_PyQt6_Qt6_qml_QtQuick["QtQuick"]\n    node_venv_lib_python3_12_site-packages_PyQt6_Qt6_qml_QtQuick --> node_venv_lib_python3_12_site-packages_PyQt6_Qt6_qml_QtQuick_Controls["Controls"]\n    node_venv_lib_python3_12_site-packages_PyQt6_Qt6_qml_QtQuick_Controls --> node_venv_lib_python3_12_site-packages_PyQt6_Qt6_qml_QtQuick_Controls_FluentWinUI3["FluentWinUI3"]\n    node_venv_lib_python3_12_site-packages_PyQt6_Qt6_qml_QtQuick_Controls_FluentWinUI3 --> node_venv_lib_python3_12_site-packages_PyQt6_Qt6_qml_QtQuick_Controls_FluentWinUI3_dark["dark"]\n    node_venv_lib_python3_12_site-packages_PyQt6_Qt6_qml_QtQuick_Controls_FluentWinUI3_dark --> node_venv_lib_python3_12_site-packages_PyQt6_Qt6_qml_QtQuick_Controls_FluentWinUI3_dark_images["images"]\n    node_venv_lib_python3_12_site-packages_PyQt6_Qt6_qml_QtQuick_Controls_FluentWinUI3_dark_images --> node_venv_lib_python3_12_site-packages_PyQt6_Qt6_qml_QtQuick_Controls_FluentWinUI3_dark_images_spinbox-indicator-up-icon-up-hovered@3x_png["spinbox-indicator-up-icon-up-hovered@3x.png"]\n    Root --> node_venv["venv"]\n    node_venv --> node_venv_lib["lib"]\n    node_venv_lib --> node_venv_lib_python3_12["python3.12"]\n    node_venv_lib_python3_12 --> node_venv_lib_python3_12_site-packages["site-packages"]\n    node_venv_lib_python3_12_site-packages --> node_venv_lib_python3_12_site-packages_PyQt6["PyQt6"]\n    node_venv_lib_python3_12_site-packages_PyQt6 --> node_venv_lib_python3_12_site-packages_PyQt6_Qt6["Qt6"]\n    node_venv_lib_python3_12_site-packages_PyQt6_Qt6 --> node_venv_lib_python3_12_site-packages_PyQt6_Qt6_qml["qml"]\n    node_venv_lib_python3_12_site-packages_PyQt6_Qt6_qml --> node_venv_lib_python3_12_site-packages_PyQt6_Qt6_qml_QtQuick["QtQuick"]\n    node_venv_lib_python3_12_site-packages_PyQt6_Qt6_qml_QtQuick --> node_venv_lib_python3_12_site-packages_PyQt6_Qt6_qml_QtQuick_Controls["Controls"]\n    node_venv_lib_python3_12_site-packages_PyQt6_Qt6_qml_QtQuick_Controls --> node_venv_lib_python3_12_site-packages_PyQt6_Qt6_qml_QtQuick_Controls_FluentWinUI3["FluentWinUI3"]\n    node_venv_lib_python3_12_site-packages_PyQt6_Qt6_qml_QtQuick_Controls_FluentWinUI3 --> node_venv_lib_python3_12_site-packages_PyQt6_Qt6_qml_QtQuick_Controls_FluentWinUI3_dark["dark"]\n    node_venv_lib_python3_12_site-packages_PyQt6_Qt6_qml_QtQuick_Controls_FluentWinUI3_dark --> node_venv_lib_python3_12_site-packages_PyQt6_Qt6_qml_QtQuick_Controls_FluentWinUI3_dark_images["images"]\n    node_venv_lib_python3_12_site-packages_PyQt6_Qt6_qml_QtQuick_Controls_FluentWinUI3_dark_images --> node_venv_lib_python3_12_site-packages_PyQt6_Qt6_qml_QtQuick_Controls_FluentWinUI3_dark_images_spinbox-indicator-up-icon-up-pressed_png["spinbox-indicator-up-icon-up-pressed.png"]\n    Root --> node_venv["venv"]\n    node_venv --> node_venv_lib["lib"]\n    node_venv_lib --> node_venv_lib_python3_12["python3.12"]\n    node_venv_lib_python3_12 --> node_venv_lib_python3_12_site-packages["site-packages"]\n    node_venv_lib_python3_12_site-packages --> node_venv_lib_python3_12_site-packages_PyQt6["PyQt6"]\n    node_venv_lib_python3_12_site-packages_PyQt6 --> node_venv_lib_python3_12_site-packages_PyQt6_Qt6["Qt6"]\n    node_venv_lib_python3_12_site-packages_PyQt6_Qt6 --> node_venv_lib_python3_12_site-packages_PyQt6_Qt6_qml["qml"]\n    node_venv_lib_python3_12_site-packages_PyQt6_Qt6_qml --> node_venv_lib_python3_12_site-packages_PyQt6_Qt6_qml_QtQuick["QtQuick"]\n    node_venv_lib_python3_12_site-packages_PyQt6_Qt6_qml_QtQuick --> node_venv_lib_python3_12_site-packages_PyQt6_Qt6_qml_QtQuick_Controls["Controls"]\n    node_venv_lib_python3_12_site-packages_PyQt6_Qt6_qml_QtQuick_Controls --> node_venv_lib_python3_12_site-packages_PyQt6_Qt6_qml_QtQuick_Controls_FluentWinUI3["FluentWinUI3"]\n    node_venv_lib_python3_12_site-packages_PyQt6_Qt6_qml_QtQuick_Controls_FluentWinUI3 --> node_venv_lib_python3_12_site-packages_PyQt6_Qt6_qml_QtQuick_Controls_FluentWinUI3_dark["dark"]\n    node_venv_lib_python3_12_site-packages_PyQt6_Qt6_qml_QtQuick_Controls_FluentWinUI3_dark --> node_venv_lib_python3_12_site-packages_PyQt6_Qt6_qml_QtQuick_Controls_FluentWinUI3_dark_images["images"]\n    node_venv_lib_python3_12_site-packages_PyQt6_Qt6_qml_QtQuick_Controls_FluentWinUI3_dark_images --> node_venv_lib_python3_12_site-packages_PyQt6_Qt6_qml_QtQuick_Controls_FluentWinUI3_dark_images_spinbox-indicator-up-icon-up-pressed@2x_png["spinbox-indicator-up-icon-up-pressed@2x.png"]\n    Root --> node_venv["venv"]\n    node_venv --> node_venv_lib["lib"]\n    node_venv_lib --> node_venv_lib_python3_12["python3.12"]\n    node_venv_lib_python3_12 --> node_venv_lib_python3_12_site-packages["site-packages"]\n    node_venv_lib_python3_12_site-packages --> node_venv_lib_python3_12_site-packages_PyQt6["PyQt6"]\n    node_venv_lib_python3_12_site-packages_PyQt6 --> node_venv_lib_python3_12_site-packages_PyQt6_Qt6["Qt6"]\n    node_venv_lib_python3_12_site-packages_PyQt6_Qt6 --> node_venv_lib_python3_12_site-packages_PyQt6_Qt6_qml["qml"]\n    node_venv_lib_python3_12_site-packages_PyQt6_Qt6_qml --> node_venv_lib_python3_12_site-packages_PyQt6_Qt6_qml_QtQuick["QtQuick"]\n    node_venv_lib_python3_12_site-packages_PyQt6_Qt6_qml_QtQuick --> node_venv_lib_python3_12_site-packages_PyQt6_Qt6_qml_QtQuick_Controls["Controls"]\n    node_venv_lib_python3_12_site-packages_PyQt6_Qt6_qml_QtQuick_Controls --> node_venv_lib_python3_12_site-packages_PyQt6_Qt6_qml_QtQuick_Controls_FluentWinUI3["FluentWinUI3"]\n    node_venv_lib_python3_12_site-packages_PyQt6_Qt6_qml_QtQuick_Controls_FluentWinUI3 --> node_venv_lib_python3_12_site-packages_PyQt6_Qt6_qml_QtQuick_Controls_FluentWinUI3_dark["dark"]\n    node_venv_lib_python3_12_site-packages_PyQt6_Qt6_qml_QtQuick_Controls_FluentWinUI3_dark --> node_venv_lib_python3_12_site-packages_PyQt6_Qt6_qml_QtQuick_Controls_FluentWinUI3_dark_images["images"]\n    node_venv_lib_python3_12_site-packages_PyQt6_Qt6_qml_QtQuick_Controls_FluentWinUI3_dark_images --> node_venv_lib_python3_12_site-packages_PyQt6_Qt6_qml_QtQuick_Controls_FluentWinUI3_dark_images_spinbox-indicator-up-icon-up-pressed@3x_png["spinbox-indicator-up-icon-up-pressed@3x.png"]\n    Root --> node_venv["venv"]\n    node_venv --> node_venv_lib["lib"]\n    node_venv_lib --> node_venv_lib_python3_12["python3.12"]\n    node_venv_lib_python3_12 --> node_venv_lib_python3_12_site-packages["site-packages"]\n    node_venv_lib_python3_12_site-packages --> node_venv_lib_python3_12_site-packages_PyQt6["PyQt6"]\n    node_venv_lib_python3_12_site-packages_PyQt6 --> node_venv_lib_python3_12_site-packages_PyQt6_Qt6["Qt6"]\n    node_venv_lib_python3_12_site-packages_PyQt6_Qt6 --> node_venv_lib_python3_12_site-packages_PyQt6_Qt6_qml["qml"]\n    node_venv_lib_python3_12_site-packages_PyQt6_Qt6_qml --> node_venv_lib_python3_12_site-packages_PyQt6_Qt6_qml_QtQuick["QtQuick"]\n    node_venv_lib_python3_12_site-packages_PyQt6_Qt6_qml_QtQuick --> node_venv_lib_python3_12_site-packages_PyQt6_Qt6_qml_QtQuick_Controls["Controls"]\n    node_venv_lib_python3_12_site-packages_PyQt6_Qt6_qml_QtQuick_Controls --> node_venv_lib_python3_12_site-packages_PyQt6_Qt6_qml_QtQuick_Controls_FluentWinUI3["FluentWinUI3"]\n    node_venv_lib_python3_12_site-packages_PyQt6_Qt6_qml_QtQuick_Controls_FluentWinUI3 --> node_venv_lib_python3_12_site-packages_PyQt6_Qt6_qml_QtQuick_Controls_FluentWinUI3_dark["dark"]\n    node_venv_lib_python3_12_site-packages_PyQt6_Qt6_qml_QtQuick_Controls_FluentWinUI3_dark --> node_venv_lib_python3_12_site-packages_PyQt6_Qt6_qml_QtQuick_Controls_FluentWinUI3_dark_images["images"]\n    node_venv_lib_python3_12_site-packages_PyQt6_Qt6_qml_QtQuick_Controls_FluentWinUI3_dark_images --> node_venv_lib_python3_12_site-packages_PyQt6_Qt6_qml_QtQuick_Controls_FluentWinUI3_dark_images_spinbox-indicator-up-icon_png["spinbox-indicator-up-icon.png"]\n    Root --> node_venv["venv"]\n    node_venv --> node_venv_lib["lib"]\n    node_venv_lib --> node_venv_lib_python3_12["python3.12"]\n    node_venv_lib_python3_12 --> node_venv_lib_python3_12_site-packages["site-packages"]\n    node_venv_lib_python3_12_site-packages --> node_venv_lib_python3_12_site-packages_PyQt6["PyQt6"]\n    node_venv_lib_python3_12_site-packages_PyQt6 --> node_venv_lib_python3_12_site-packages_PyQt6_Qt6["Qt6"]\n    node_venv_lib_python3_12_site-packages_PyQt6_Qt6 --> node_venv_lib_python3_12_site-packages_PyQt6_Qt6_qml["qml"]\n    node_venv_lib_python3_12_site-packages_PyQt6_Qt6_qml --> node_venv_lib_python3_12_site-packages_PyQt6_Qt6_qml_QtQuick["QtQuick"]\n    node_venv_lib_python3_12_site-packages_PyQt6_Qt6_qml_QtQuick --> node_venv_lib_python3_12_site-packages_PyQt6_Qt6_qml_QtQuick_Controls["Controls"]\n    node_venv_lib_python3_12_site-packages_PyQt6_Qt6_qml_QtQuick_Controls --> node_venv_lib_python3_12_site-packages_PyQt6_Qt6_qml_QtQuick_Controls_FluentWinUI3["FluentWinUI3"]\n    node_venv_lib_python3_12_site-packages_PyQt6_Qt6_qml_QtQuick_Controls_FluentWinUI3 --> node_venv_lib_python3_12_site-packages_PyQt6_Qt6_qml_QtQuick_Controls_FluentWinUI3_dark["dark"]\n    node_venv_lib_python3_12_site-packages_PyQt6_Qt6_qml_QtQuick_Controls_FluentWinUI3_dark --> node_venv_lib_python3_12_site-packages_PyQt6_Qt6_qml_QtQuick_Controls_FluentWinUI3_dark_images["images"]\n    node_venv_lib_python3_12_site-packages_PyQt6_Qt6_qml_QtQuick_Controls_FluentWinUI3_dark_images --> node_venv_lib_python3_12_site-packages_PyQt6_Qt6_qml_QtQuick_Controls_FluentWinUI3_dark_images_spinbox-indicator-up-icon@2x_png["spinbox-indicator-up-icon@2x.png"]\n    Root --> node_venv["venv"]\n    node_venv --> node_venv_lib["lib"]\n    node_venv_lib --> node_venv_lib_python3_12["python3.12"]\n    node_venv_lib_python3_12 --> node_venv_lib_python3_12_site-packages["site-packages"]\n    node_venv_lib_python3_12_site-packages --> node_venv_lib_python3_12_site-packages_PyQt6["PyQt6"]\n    node_venv_lib_python3_12_site-packages_PyQt6 --> node_venv_lib_python3_12_site-packages_PyQt6_Qt6["Qt6"]\n    node_venv_lib_python3_12_site-packages_PyQt6_Qt6 --> node_venv_lib_python3_12_site-packages_PyQt6_Qt6_qml["qml"]\n    node_venv_lib_python3_12_site-packages_PyQt6_Qt6_qml --> node_venv_lib_python3_12_site-packages_PyQt6_Qt6_qml_QtQuick["QtQuick"]\n    node_venv_lib_python3_12_site-packages_PyQt6_Qt6_qml_QtQuick --> node_venv_lib_python3_12_site-packages_PyQt6_Qt6_qml_QtQuick_Controls["Controls"]\n    node_venv_lib_python3_12_site-packages_PyQt6_Qt6_qml_QtQuick_Controls --> node_venv_lib_python3_12_site-packages_PyQt6_Qt6_qml_QtQuick_Controls_FluentWinUI3["FluentWinUI3"]\n    node_venv_lib_python3_12_site-packages_PyQt6_Qt6_qml_QtQuick_Controls_FluentWinUI3 --> node_venv_lib_python3_12_site-packages_PyQt6_Qt6_qml_QtQuick_Controls_FluentWinUI3_dark["dark"]\n    node_venv_lib_python3_12_site-packages_PyQt6_Qt6_qml_QtQuick_Controls_FluentWinUI3_dark --> node_venv_lib_python3_12_site-packages_PyQt6_Qt6_qml_QtQuick_Controls_FluentWinUI3_dark_images["images"]\n    node_venv_lib_python3_12_site-packages_PyQt6_Qt6_qml_QtQuick_Controls_FluentWinUI3_dark_images --> node_venv_lib_python3_12_site-packages_PyQt6_Qt6_qml_QtQuick_Controls_FluentWinUI3_dark_images_spinbox-indicator-up-icon@3x_png["spinbox-indicator-up-icon@3x.png"]\n    Root --> node_venv["venv"]\n    node_venv --> node_venv_lib["lib"]\n    node_venv_lib --> node_venv_lib_python3_12["python3.12"]\n    node_venv_lib_python3_12 --> node_venv_lib_python3_12_site-packages["site-packages"]\n    node_venv_lib_python3_12_site-packages --> node_venv_lib_python3_12_site-packages_PyQt6["PyQt6"]\n    node_venv_lib_python3_12_site-packages_PyQt6 --> node_venv_lib_python3_12_site-packages_PyQt6_Qt6["Qt6"]\n    node_venv_lib_python3_12_site-packages_PyQt6_Qt6 --> node_venv_lib_python3_12_site-packages_PyQt6_Qt6_qml["qml"]\n    node_venv_lib_python3_12_site-packages_PyQt6_Qt6_qml --> node_venv_lib_python3_12_site-packages_PyQt6_Qt6_qml_QtQuick["QtQuick"]\n    node_venv_lib_python3_12_site-packages_PyQt6_Qt6_qml_QtQuick --> node_venv_lib_python3_12_site-packages_PyQt6_Qt6_qml_QtQuick_Controls["Controls"]\n    node_venv_lib_python3_12_site-packages_PyQt6_Qt6_qml_QtQuick_Controls --> node_venv_lib_python3_12_site-packages_PyQt6_Qt6_qml_QtQuick_Controls_FluentWinUI3["FluentWinUI3"]\n    node_venv_lib_python3_12_site-packages_PyQt6_Qt6_qml_QtQuick_Controls_FluentWinUI3 --> node_venv_lib_python3_12_site-packages_PyQt6_Qt6_qml_QtQuick_Controls_FluentWinUI3_dark["dark"]\n    node_venv_lib_python3_12_site-packages_PyQt6_Qt6_qml_QtQuick_Controls_FluentWinUI3_dark --> node_venv_lib_python3_12_site-packages_PyQt6_Qt6_qml_QtQuick_Controls_FluentWinUI3_dark_images["images"]\n    node_venv_lib_python3_12_site-packages_PyQt6_Qt6_qml_QtQuick_Controls_FluentWinUI3_dark_images --> node_venv_lib_python3_12_site-packages_PyQt6_Qt6_qml_QtQuick_Controls_FluentWinUI3_dark_images_textarea-background-disabled_png["textarea-background-disabled.png"]\n    Root --> node_venv["venv"]\n    node_venv --> node_venv_lib["lib"]\n    node_venv_lib --> node_venv_lib_python3_12["python3.12"]\n    node_venv_lib_python3_12 --> node_venv_lib_python3_12_site-packages["site-packages"]\n    node_venv_lib_python3_12_site-packages --> node_venv_lib_python3_12_site-packages_PyQt6["PyQt6"]\n    node_venv_lib_python3_12_site-packages_PyQt6 --> node_venv_lib_python3_12_site-packages_PyQt6_Qt6["Qt6"]\n    node_venv_lib_python3_12_site-packages_PyQt6_Qt6 --> node_venv_lib_python3_12_site-packages_PyQt6_Qt6_qml["qml"]\n    node_venv_lib_python3_12_site-packages_PyQt6_Qt6_qml --> node_venv_lib_python3_12_site-packages_PyQt6_Qt6_qml_QtQuick["QtQuick"]\n    node_venv_lib_python3_12_site-packages_PyQt6_Qt6_qml_QtQuick --> node_venv_lib_python3_12_site-packages_PyQt6_Qt6_qml_QtQuick_Controls["Controls"]\n    node_venv_lib_python3_12_site-packages_PyQt6_Qt6_qml_QtQuick_Controls --> node_venv_lib_python3_12_site-packages_PyQt6_Qt6_qml_QtQuick_Controls_FluentWinUI3["FluentWinUI3"]\n    node_venv_lib_python3_12_site-packages_PyQt6_Qt6_qml_QtQuick_Controls_FluentWinUI3 --> node_venv_lib_python3_12_site-packages_PyQt6_Qt6_qml_QtQuick_Controls_FluentWinUI3_dark["dark"]\n    node_venv_lib_python3_12_site-packages_PyQt6_Qt6_qml_QtQuick_Controls_FluentWinUI3_dark --> node_venv_lib_python3_12_site-packages_PyQt6_Qt6_qml_QtQuick_Controls_FluentWinUI3_dark_images["images"]\n    node_venv_lib_python3_12_site-packages_PyQt6_Qt6_qml_QtQuick_Controls_FluentWinUI3_dark_images --> node_venv_lib_python3_12_site-packages_PyQt6_Qt6_qml_QtQuick_Controls_FluentWinUI3_dark_images_textarea-background-disabled@2x_png["textarea-background-disabled@2x.png"]\n    Root --> node_venv["venv"]\n    node_venv --> node_venv_lib["lib"]\n    node_venv_lib --> node_venv_lib_python3_12["python3.12"]\n    node_venv_lib_python3_12 --> node_venv_lib_python3_12_site-packages["site-packages"]\n    node_venv_lib_python3_12_site-packages --> node_venv_lib_python3_12_site-packages_PyQt6["PyQt6"]\n    node_venv_lib_python3_12_site-packages_PyQt6 --> node_venv_lib_python3_12_site-packages_PyQt6_Qt6["Qt6"]\n    node_venv_lib_python3_12_site-packages_PyQt6_Qt6 --> node_venv_lib_python3_12_site-packages_PyQt6_Qt6_qml["qml"]\n    node_venv_lib_python3_12_site-packages_PyQt6_Qt6_qml --> node_venv_lib_python3_12_site-packages_PyQt6_Qt6_qml_QtQuick["QtQuick"]\n    node_venv_lib_python3_12_site-packages_PyQt6_Qt6_qml_QtQuick --> node_venv_lib_python3_12_site-packages_PyQt6_Qt6_qml_QtQuick_Controls["Controls"]\n    node_venv_lib_python3_12_site-packages_PyQt6_Qt6_qml_QtQuick_Controls --> node_venv_lib_python3_12_site-packages_PyQt6_Qt6_qml_QtQuick_Controls_FluentWinUI3["FluentWinUI3"]\n    node_venv_lib_python3_12_site-packages_PyQt6_Qt6_qml_QtQuick_Controls_FluentWinUI3 --> node_venv_lib_python3_12_site-packages_PyQt6_Qt6_qml_QtQuick_Controls_FluentWinUI3_dark["dark"]\n    node_venv_lib_python3_12_site-packages_PyQt6_Qt6_qml_QtQuick_Controls_FluentWinUI3_dark --> node_venv_lib_python3_12_site-packages_PyQt6_Qt6_qml_QtQuick_Controls_FluentWinUI3_dark_images["images"]\n    node_venv_lib_python3_12_site-packages_PyQt6_Qt6_qml_QtQuick_Controls_FluentWinUI3_dark_images --> node_venv_lib_python3_12_site-packages_PyQt6_Qt6_qml_QtQuick_Controls_FluentWinUI3_dark_images_textarea-background-disabled@3x_png["textarea-background-disabled@3x.png"]\n    Root --> node_venv["venv"]\n    node_venv --> node_venv_lib["lib"]\n    node_venv_lib --> node_venv_lib_python3_12["python3.12"]\n    node_venv_lib_python3_12 --> node_venv_lib_python3_12_site-packages["site-packages"]\n    node_venv_lib_python3_12_site-packages --> node_venv_lib_python3_12_site-packages_PyQt6["PyQt6"]\n    node_venv_lib_python3_12_site-packages_PyQt6 --> node_venv_lib_python3_12_site-packages_PyQt6_Qt6["Qt6"]\n    node_venv_lib_python3_12_site-packages_PyQt6_Qt6 --> node_venv_lib_python3_12_site-packages_PyQt6_Qt6_qml["qml"]\n    node_venv_lib_python3_12_site-packages_PyQt6_Qt6_qml --> node_venv_lib_python3_12_site-packages_PyQt6_Qt6_qml_QtQuick["QtQuick"]\n    node_venv_lib_python3_12_site-packages_PyQt6_Qt6_qml_QtQuick --> node_venv_lib_python3_12_site-packages_PyQt6_Qt6_qml_QtQuick_Controls["Controls"]\n    node_venv_lib_python3_12_site-packages_PyQt6_Qt6_qml_QtQuick_Controls --> node_venv_lib_python3_12_site-packages_PyQt6_Qt6_qml_QtQuick_Controls_FluentWinUI3["FluentWinUI3"]\n    node_venv_lib_python3_12_site-packages_PyQt6_Qt6_qml_QtQuick_Controls_FluentWinUI3 --> node_venv_lib_python3_12_site-packages_PyQt6_Qt6_qml_QtQuick_Controls_FluentWinUI3_dark["dark"]\n    node_venv_lib_python3_12_site-packages_PyQt6_Qt6_qml_QtQuick_Controls_FluentWinUI3_dark --> node_venv_lib_python3_12_site-packages_PyQt6_Qt6_qml_QtQuick_Controls_FluentWinUI3_dark_images["images"]\n    node_venv_lib_python3_12_site-packages_PyQt6_Qt6_qml_QtQuick_Controls_FluentWinUI3_dark_images --> node_venv_lib_python3_12_site-packages_PyQt6_Qt6_qml_QtQuick_Controls_FluentWinUI3_dark_images_textarea-background-focused_png["textarea-background-focused.png"]\n    Root --> node_venv["venv"]\n    node_venv --> node_venv_lib["lib"]\n    node_venv_lib --> node_venv_lib_python3_12["python3.12"]\n    node_venv_lib_python3_12 --> node_venv_lib_python3_12_site-packages["site-packages"]\n    node_venv_lib_python3_12_site-packages --> node_venv_lib_python3_12_site-packages_PyQt6["PyQt6"]\n    node_venv_lib_python3_12_site-packages_PyQt6 --> node_venv_lib_python3_12_site-packages_PyQt6_Qt6["Qt6"]\n    node_venv_lib_python3_12_site-packages_PyQt6_Qt6 --> node_venv_lib_python3_12_site-packages_PyQt6_Qt6_qml["qml"]\n    node_venv_lib_python3_12_site-packages_PyQt6_Qt6_qml --> node_venv_lib_python3_12_site-packages_PyQt6_Qt6_qml_QtQuick["QtQuick"]\n    node_venv_lib_python3_12_site-packages_PyQt6_Qt6_qml_QtQuick --> node_venv_lib_python3_12_site-packages_PyQt6_Qt6_qml_QtQuick_Controls["Controls"]\n    node_venv_lib_python3_12_site-packages_PyQt6_Qt6_qml_QtQuick_Controls --> node_venv_lib_python3_12_site-packages_PyQt6_Qt6_qml_QtQuick_Controls_FluentWinUI3["FluentWinUI3"]\n    node_venv_lib_python3_12_site-packages_PyQt6_Qt6_qml_QtQuick_Controls_FluentWinUI3 --> node_venv_lib_python3_12_site-packages_PyQt6_Qt6_qml_QtQuick_Controls_FluentWinUI3_dark["dark"]\n    node_venv_lib_python3_12_site-packages_PyQt6_Qt6_qml_QtQuick_Controls_FluentWinUI3_dark --> node_venv_lib_python3_12_site-packages_PyQt6_Qt6_qml_QtQuick_Controls_FluentWinUI3_dark_images["images"]\n    node_venv_lib_python3_12_site-packages_PyQt6_Qt6_qml_QtQuick_Controls_FluentWinUI3_dark_images --> node_venv_lib_python3_12_site-packages_PyQt6_Qt6_qml_QtQuick_Controls_FluentWinUI3_dark_images_textarea-background-focused@2x_png["textarea-background-focused@2x.png"]\n    Root --> node_venv["venv"]\n    node_venv --> node_venv_lib["lib"]\n    node_venv_lib --> node_venv_lib_python3_12["python3.12"]\n    node_venv_lib_python3_12 --> node_venv_lib_python3_12_site-packages["site-packages"]\n    node_venv_lib_python3_12_site-packages --> node_venv_lib_python3_12_site-packages_PyQt6["PyQt6"]\n    node_venv_lib_python3_12_site-packages_PyQt6 --> node_venv_lib_python3_12_site-packages_PyQt6_Qt6["Qt6"]\n    node_venv_lib_python3_12_site-packages_PyQt6_Qt6 --> node_venv_lib_python3_12_site-packages_PyQt6_Qt6_qml["qml"]\n    node_venv_lib_python3_12_site-packages_PyQt6_Qt6_qml --> node_venv_lib_python3_12_site-packages_PyQt6_Qt6_qml_QtQuick["QtQuick"]\n    node_venv_lib_python3_12_site-packages_PyQt6_Qt6_qml_QtQuick --> node_venv_lib_python3_12_site-packages_PyQt6_Qt6_qml_QtQuick_Controls["Controls"]\n    node_venv_lib_python3_12_site-packages_PyQt6_Qt6_qml_QtQuick_Controls --> node_venv_lib_python3_12_site-packages_PyQt6_Qt6_qml_QtQuick_Controls_FluentWinUI3["FluentWinUI3"]\n    node_venv_lib_python3_12_site-packages_PyQt6_Qt6_qml_QtQuick_Controls_FluentWinUI3 --> node_venv_lib_python3_12_site-packages_PyQt6_Qt6_qml_QtQuick_Controls_FluentWinUI3_dark["dark"]\n    node_venv_lib_python3_12_site-packages_PyQt6_Qt6_qml_QtQuick_Controls_FluentWinUI3_dark --> node_venv_lib_python3_12_site-packages_PyQt6_Qt6_qml_QtQuick_Controls_FluentWinUI3_dark_images["images"]\n    node_venv_lib_python3_12_site-packages_PyQt6_Qt6_qml_QtQuick_Controls_FluentWinUI3_dark_images --> node_venv_lib_python3_12_site-packages_PyQt6_Qt6_qml_QtQuick_Controls_FluentWinUI3_dark_images_textarea-background-focused@3x_png["textarea-background-focused@3x.png"]\n    Root --> node_venv["venv"]\n    node_venv --> node_venv_lib["lib"]\n    node_venv_lib --> node_venv_lib_python3_12["python3.12"]\n    node_venv_lib_python3_12 --> node_venv_lib_python3_12_site-packages["site-packages"]\n    node_venv_lib_python3_12_site-packages --> node_venv_lib_python3_12_site-packages_PyQt6["PyQt6"]\n    node_venv_lib_python3_12_site-packages_PyQt6 --> node_venv_lib_python3_12_site-packages_PyQt6_Qt6["Qt6"]\n    node_venv_lib_python3_12_site-packages_PyQt6_Qt6 --> node_venv_lib_python3_12_site-packages_PyQt6_Qt6_qml["qml"]\n    node_venv_lib_python3_12_site-packages_PyQt6_Qt6_qml --> node_venv_lib_python3_12_site-packages_PyQt6_Qt6_qml_QtQuick["QtQuick"]\n    node_venv_lib_python3_12_site-packages_PyQt6_Qt6_qml_QtQuick --> node_venv_lib_python3_12_site-packages_PyQt6_Qt6_qml_QtQuick_Controls["Controls"]\n    node_venv_lib_python3_12_site-packages_PyQt6_Qt6_qml_QtQuick_Controls --> node_venv_lib_python3_12_site-packages_PyQt6_Qt6_qml_QtQuick_Controls_FluentWinUI3["FluentWinUI3"]\n    node_venv_lib_python3_12_site-packages_PyQt6_Qt6_qml_QtQuick_Controls_FluentWinUI3 --> node_venv_lib_python3_12_site-packages_PyQt6_Qt6_qml_QtQuick_Controls_FluentWinUI3_dark["dark"]\n    node_venv_lib_python3_12_site-packages_PyQt6_Qt6_qml_QtQuick_Controls_FluentWinUI3_dark --> node_venv_lib_python3_12_site-packages_PyQt6_Qt6_qml_QtQuick_Controls_FluentWinUI3_dark_images["images"]\n    node_venv_lib_python3_12_site-packages_PyQt6_Qt6_qml_QtQuick_Controls_FluentWinUI3_dark_images --> node_venv_lib_python3_12_site-packages_PyQt6_Qt6_qml_QtQuick_Controls_FluentWinUI3_dark_images_textarea-background-hovered_png["textarea-background-hovered.png"]\n    Root --> node_venv["venv"]\n    node_venv --> node_venv_lib["lib"]\n    node_venv_lib --> node_venv_lib_python3_12["python3.12"]\n    node_venv_lib_python3_12 --> node_venv_lib_python3_12_site-packages["site-packages"]\n    node_venv_lib_python3_12_site-packages --> node_venv_lib_python3_12_site-packages_PyQt6["PyQt6"]\n    node_venv_lib_python3_12_site-packages_PyQt6 --> node_venv_lib_python3_12_site-packages_PyQt6_Qt6["Qt6"]\n    node_venv_lib_python3_12_site-packages_PyQt6_Qt6 --> node_venv_lib_python3_12_site-packages_PyQt6_Qt6_qml["qml"]\n    node_venv_lib_python3_12_site-packages_PyQt6_Qt6_qml --> node_venv_lib_python3_12_site-packages_PyQt6_Qt6_qml_QtQuick["QtQuick"]\n    node_venv_lib_python3_12_site-packages_PyQt6_Qt6_qml_QtQuick --> node_venv_lib_python3_12_site-packages_PyQt6_Qt6_qml_QtQuick_Controls["Controls"]\n    node_venv_lib_python3_12_site-packages_PyQt6_Qt6_qml_QtQuick_Controls --> node_venv_lib_python3_12_site-packages_PyQt6_Qt6_qml_QtQuick_Controls_FluentWinUI3["FluentWinUI3"]\n    node_venv_lib_python3_12_site-packages_PyQt6_Qt6_qml_QtQuick_Controls_FluentWinUI3 --> node_venv_lib_python3_12_site-packages_PyQt6_Qt6_qml_QtQuick_Controls_FluentWinUI3_dark["dark"]\n    node_venv_lib_python3_12_site-packages_PyQt6_Qt6_qml_QtQuick_Controls_FluentWinUI3_dark --> node_venv_lib_python3_12_site-packages_PyQt6_Qt6_qml_QtQuick_Controls_FluentWinUI3_dark_images["images"]\n    node_venv_lib_python3_12_site-packages_PyQt6_Qt6_qml_QtQuick_Controls_FluentWinUI3_dark_images --> node_venv_lib_python3_12_site-packages_PyQt6_Qt6_qml_QtQuick_Controls_FluentWinUI3_dark_images_textarea-background-hovered@2x_png["textarea-background-hovered@2x.png"]\n    Root --> node_venv["venv"]\n    node_venv --> node_venv_lib["lib"]\n    node_venv_lib --> node_venv_lib_python3_12["python3.12"]\n    node_venv_lib_python3_12 --> node_venv_lib_python3_12_site-packages["site-packages"]\n    node_venv_lib_python3_12_site-packages --> node_venv_lib_python3_12_site-packages_PyQt6["PyQt6"]\n    node_venv_lib_python3_12_site-packages_PyQt6 --> node_venv_lib_python3_12_site-packages_PyQt6_Qt6["Qt6"]\n    node_venv_lib_python3_12_site-packages_PyQt6_Qt6 --> node_venv_lib_python3_12_site-packages_PyQt6_Qt6_qml["qml"]\n    node_venv_lib_python3_12_site-packages_PyQt6_Qt6_qml --> node_venv_lib_python3_12_site-packages_PyQt6_Qt6_qml_QtQuick["QtQuick"]\n    node_venv_lib_python3_12_site-packages_PyQt6_Qt6_qml_QtQuick --> node_venv_lib_python3_12_site-packages_PyQt6_Qt6_qml_QtQuick_Controls["Controls"]\n    node_venv_lib_python3_12_site-packages_PyQt6_Qt6_qml_QtQuick_Controls --> node_venv_lib_python3_12_site-packages_PyQt6_Qt6_qml_QtQuick_Controls_FluentWinUI3["FluentWinUI3"]\n    node_venv_lib_python3_12_site-packages_PyQt6_Qt6_qml_QtQuick_Controls_FluentWinUI3 --> node_venv_lib_python3_12_site-packages_PyQt6_Qt6_qml_QtQuick_Controls_FluentWinUI3_dark["dark"]\n    node_venv_lib_python3_12_site-packages_PyQt6_Qt6_qml_QtQuick_Controls_FluentWinUI3_dark --> node_venv_lib_python3_12_site-packages_PyQt6_Qt6_qml_QtQuick_Controls_FluentWinUI3_dark_images["images"]\n    node_venv_lib_python3_12_site-packages_PyQt6_Qt6_qml_QtQuick_Controls_FluentWinUI3_dark_images --> node_venv_lib_python3_12_site-packages_PyQt6_Qt6_qml_QtQuick_Controls_FluentWinUI3_dark_images_textarea-background-hovered@3x_png["textarea-background-hovered@3x.png"]\n    Root --> node_venv["venv"]\n    node_venv --> node_venv_lib["lib"]\n    node_venv_lib --> node_venv_lib_python3_12["python3.12"]\n    node_venv_lib_python3_12 --> node_venv_lib_python3_12_site-packages["site-packages"]\n    node_venv_lib_python3_12_site-packages --> node_venv_lib_python3_12_site-packages_PyQt6["PyQt6"]\n    node_venv_lib_python3_12_site-packages_PyQt6 --> node_venv_lib_python3_12_site-packages_PyQt6_Qt6["Qt6"]\n    node_venv_lib_python3_12_site-packages_PyQt6_Qt6 --> node_venv_lib_python3_12_site-packages_PyQt6_Qt6_qml["qml"]\n    node_venv_lib_python3_12_site-packages_PyQt6_Qt6_qml --> node_venv_lib_python3_12_site-packages_PyQt6_Qt6_qml_QtQuick["QtQuick"]\n    node_venv_lib_python3_12_site-packages_PyQt6_Qt6_qml_QtQuick --> node_venv_lib_python3_12_site-packages_PyQt6_Qt6_qml_QtQuick_Controls["Controls"]\n    node_venv_lib_python3_12_site-packages_PyQt6_Qt6_qml_QtQuick_Controls --> node_venv_lib_python3_12_site-packages_PyQt6_Qt6_qml_QtQuick_Controls_FluentWinUI3["FluentWinUI3"]\n    node_venv_lib_python3_12_site-packages_PyQt6_Qt6_qml_QtQuick_Controls_FluentWinUI3 --> node_venv_lib_python3_12_site-packages_PyQt6_Qt6_qml_QtQuick_Controls_FluentWinUI3_dark["dark"]\n    node_venv_lib_python3_12_site-packages_PyQt6_Qt6_qml_QtQuick_Controls_FluentWinUI3_dark --> node_venv_lib_python3_12_site-packages_PyQt6_Qt6_qml_QtQuick_Controls_FluentWinUI3_dark_images["images"]\n    node_venv_lib_python3_12_site-packages_PyQt6_Qt6_qml_QtQuick_Controls_FluentWinUI3_dark_images --> node_venv_lib_python3_12_site-packages_PyQt6_Qt6_qml_QtQuick_Controls_FluentWinUI3_dark_images_textarea-background_png["textarea-background.png"]\n    Root --> node_venv["venv"]\n    node_venv --> node_venv_lib["lib"]\n    node_venv_lib --> node_venv_lib_python3_12["python3.12"]\n    node_venv_lib_python3_12 --> node_venv_lib_python3_12_site-packages["site-packages"]\n    node_venv_lib_python3_12_site-packages --> node_venv_lib_python3_12_site-packages_PyQt6["PyQt6"]\n    node_venv_lib_python3_12_site-packages_PyQt6 --> node_venv_lib_python3_12_site-packages_PyQt6_Qt6["Qt6"]\n    node_venv_lib_python3_12_site-packages_PyQt6_Qt6 --> node_venv_lib_python3_12_site-packages_PyQt6_Qt6_qml["qml"]\n    node_venv_lib_python3_12_site-packages_PyQt6_Qt6_qml --> node_venv_lib_python3_12_site-packages_PyQt6_Qt6_qml_QtQuick["QtQuick"]\n    node_venv_lib_python3_12_site-packages_PyQt6_Qt6_qml_QtQuick --> node_venv_lib_python3_12_site-packages_PyQt6_Qt6_qml_QtQuick_Controls["Controls"]\n    node_venv_lib_python3_12_site-packages_PyQt6_Qt6_qml_QtQuick_Controls --> node_venv_lib_python3_12_site-packages_PyQt6_Qt6_qml_QtQuick_Controls_FluentWinUI3["FluentWinUI3"]\n    node_venv_lib_python3_12_site-packages_PyQt6_Qt6_qml_QtQuick_Controls_FluentWinUI3 --> node_venv_lib_python3_12_site-packages_PyQt6_Qt6_qml_QtQuick_Controls_FluentWinUI3_dark["dark"]\n    node_venv_lib_python3_12_site-packages_PyQt6_Qt6_qml_QtQuick_Controls_FluentWinUI3_dark --> node_venv_lib_python3_12_site-packages_PyQt6_Qt6_qml_QtQuick_Controls_FluentWinUI3_dark_images["images"]\n    node_venv_lib_python3_12_site-packages_PyQt6_Qt6_qml_QtQuick_Controls_FluentWinUI3_dark_images --> node_venv_lib_python3_12_site-packages_PyQt6_Qt6_qml_QtQuick_Controls_FluentWinUI3_dark_images_textarea-background@2x_png["textarea-background@2x.png"]\n    Root --> node_venv["venv"]\n    node_venv --> node_venv_lib["lib"]\n    node_venv_lib --> node_venv_lib_python3_12["python3.12"]\n    node_venv_lib_python3_12 --> node_venv_lib_python3_12_site-packages["site-packages"]\n    node_venv_lib_python3_12_site-packages --> node_venv_lib_python3_12_site-packages_PyQt6["PyQt6"]\n    node_venv_lib_python3_12_site-packages_PyQt6 --> node_venv_lib_python3_12_site-packages_PyQt6_Qt6["Qt6"]\n    node_venv_lib_python3_12_site-packages_PyQt6_Qt6 --> node_venv_lib_python3_12_site-packages_PyQt6_Qt6_qml["qml"]\n    node_venv_lib_python3_12_site-packages_PyQt6_Qt6_qml --> node_venv_lib_python3_12_site-packages_PyQt6_Qt6_qml_QtQuick["QtQuick"]\n    node_venv_lib_python3_12_site-packages_PyQt6_Qt6_qml_QtQuick --> node_venv_lib_python3_12_site-packages_PyQt6_Qt6_qml_QtQuick_Controls["Controls"]\n    node_venv_lib_python3_12_site-packages_PyQt6_Qt6_qml_QtQuick_Controls --> node_venv_lib_python3_12_site-packages_PyQt6_Qt6_qml_QtQuick_Controls_FluentWinUI3["FluentWinUI3"]\n    node_venv_lib_python3_12_site-packages_PyQt6_Qt6_qml_QtQuick_Controls_FluentWinUI3 --> node_venv_lib_python3_12_site-packages_PyQt6_Qt6_qml_QtQuick_Controls_FluentWinUI3_dark["dark"]\n    node_venv_lib_python3_12_site-packages_PyQt6_Qt6_qml_QtQuick_Controls_FluentWinUI3_dark --> node_venv_lib_python3_12_site-packages_PyQt6_Qt6_qml_QtQuick_Controls_FluentWinUI3_dark_images["images"]\n    node_venv_lib_python3_12_site-packages_PyQt6_Qt6_qml_QtQuick_Controls_FluentWinUI3_dark_images --> node_venv_lib_python3_12_site-packages_PyQt6_Qt6_qml_QtQuick_Controls_FluentWinUI3_dark_images_textarea-background@3x_png["textarea-background@3x.png"]\n    Root --> node_venv["venv"]\n    node_venv --> node_venv_lib["lib"]\n    node_venv_lib --> node_venv_lib_python3_12["python3.12"]\n    node_venv_lib_python3_12 --> node_venv_lib_python3_12_site-packages["site-packages"]\n    node_venv_lib_python3_12_site-packages --> node_venv_lib_python3_12_site-packages_PyQt6["PyQt6"]\n    node_venv_lib_python3_12_site-packages_PyQt6 --> node_venv_lib_python3_12_site-packages_PyQt6_Qt6["Qt6"]\n    node_venv_lib_python3_12_site-packages_PyQt6_Qt6 --> node_venv_lib_python3_12_site-packages_PyQt6_Qt6_qml["qml"]\n    node_venv_lib_python3_12_site-packages_PyQt6_Qt6_qml --> node_venv_lib_python3_12_site-packages_PyQt6_Qt6_qml_QtQuick["QtQuick"]\n    node_venv_lib_python3_12_site-packages_PyQt6_Qt6_qml_QtQuick --> node_venv_lib_python3_12_site-packages_PyQt6_Qt6_qml_QtQuick_Controls["Controls"]\n    node_venv_lib_python3_12_site-packages_PyQt6_Qt6_qml_QtQuick_Controls --> node_venv_lib_python3_12_site-packages_PyQt6_Qt6_qml_QtQuick_Controls_FluentWinUI3["FluentWinUI3"]\n    node_venv_lib_python3_12_site-packages_PyQt6_Qt6_qml_QtQuick_Controls_FluentWinUI3 --> node_venv_lib_python3_12_site-packages_PyQt6_Qt6_qml_QtQuick_Controls_FluentWinUI3_dark["dark"]\n    node_venv_lib_python3_12_site-packages_PyQt6_Qt6_qml_QtQuick_Controls_FluentWinUI3_dark --> node_venv_lib_python3_12_site-packages_PyQt6_Qt6_qml_QtQuick_Controls_FluentWinUI3_dark_images["images"]\n    node_venv_lib_python3_12_site-packages_PyQt6_Qt6_qml_QtQuick_Controls_FluentWinUI3_dark_images --> node_venv_lib_python3_12_site-packages_PyQt6_Qt6_qml_QtQuick_Controls_FluentWinUI3_dark_images_textfield-background-disabled_png["textfield-background-disabled.png"]\n    Root --> node_venv["venv"]\n    node_venv --> node_venv_lib["lib"]\n    node_venv_lib --> node_venv_lib_python3_12["python3.12"]\n    node_venv_lib_python3_12 --> node_venv_lib_python3_12_site-packages["site-packages"]\n    node_venv_lib_python3_12_site-packages --> node_venv_lib_python3_12_site-packages_PyQt6["PyQt6"]\n    node_venv_lib_python3_12_site-packages_PyQt6 --> node_venv_lib_python3_12_site-packages_PyQt6_Qt6["Qt6"]\n    node_venv_lib_python3_12_site-packages_PyQt6_Qt6 --> node_venv_lib_python3_12_site-packages_PyQt6_Qt6_qml["qml"]\n    node_venv_lib_python3_12_site-packages_PyQt6_Qt6_qml --> node_venv_lib_python3_12_site-packages_PyQt6_Qt6_qml_QtQuick["QtQuick"]\n    node_venv_lib_python3_12_site-packages_PyQt6_Qt6_qml_QtQuick --> node_venv_lib_python3_12_site-packages_PyQt6_Qt6_qml_QtQuick_Controls["Controls"]\n    node_venv_lib_python3_12_site-packages_PyQt6_Qt6_qml_QtQuick_Controls --> node_venv_lib_python3_12_site-packages_PyQt6_Qt6_qml_QtQuick_Controls_FluentWinUI3["FluentWinUI3"]\n    node_venv_lib_python3_12_site-packages_PyQt6_Qt6_qml_QtQuick_Controls_FluentWinUI3 --> node_venv_lib_python3_12_site-packages_PyQt6_Qt6_qml_QtQuick_Controls_FluentWinUI3_dark["dark"]\n    node_venv_lib_python3_12_site-packages_PyQt6_Qt6_qml_QtQuick_Controls_FluentWinUI3_dark --> node_venv_lib_python3_12_site-packages_PyQt6_Qt6_qml_QtQuick_Controls_FluentWinUI3_dark_images["images"]\n    node_venv_lib_python3_12_site-packages_PyQt6_Qt6_qml_QtQuick_Controls_FluentWinUI3_dark_images --> node_venv_lib_python3_12_site-packages_PyQt6_Qt6_qml_QtQuick_Controls_FluentWinUI3_dark_images_textfield-background-disabled@2x_png["textfield-background-disabled@2x.png"]\n    Root --> node_venv["venv"]\n    node_venv --> node_venv_lib["lib"]\n    node_venv_lib --> node_venv_lib_python3_12["python3.12"]\n    node_venv_lib_python3_12 --> node_venv_lib_python3_12_site-packages["site-packages"]\n    node_venv_lib_python3_12_site-packages --> node_venv_lib_python3_12_site-packages_PyQt6["PyQt6"]\n    node_venv_lib_python3_12_site-packages_PyQt6 --> node_venv_lib_python3_12_site-packages_PyQt6_Qt6["Qt6"]\n    node_venv_lib_python3_12_site-packages_PyQt6_Qt6 --> node_venv_lib_python3_12_site-packages_PyQt6_Qt6_qml["qml"]\n    node_venv_lib_python3_12_site-packages_PyQt6_Qt6_qml --> node_venv_lib_python3_12_site-packages_PyQt6_Qt6_qml_QtQuick["QtQuick"]\n    node_venv_lib_python3_12_site-packages_PyQt6_Qt6_qml_QtQuick --> node_venv_lib_python3_12_site-packages_PyQt6_Qt6_qml_QtQuick_Controls["Controls"]\n    node_venv_lib_python3_12_site-packages_PyQt6_Qt6_qml_QtQuick_Controls --> node_venv_lib_python3_12_site-packages_PyQt6_Qt6_qml_QtQuick_Controls_FluentWinUI3["FluentWinUI3"]\n    node_venv_lib_python3_12_site-packages_PyQt6_Qt6_qml_QtQuick_Controls_FluentWinUI3 --> node_venv_lib_python3_12_site-packages_PyQt6_Qt6_qml_QtQuick_Controls_FluentWinUI3_dark["dark"]\n    node_venv_lib_python3_12_site-packages_PyQt6_Qt6_qml_QtQuick_Controls_FluentWinUI3_dark --> node_venv_lib_python3_12_site-packages_PyQt6_Qt6_qml_QtQuick_Controls_FluentWinUI3_dark_images["images"]\n    node_venv_lib_python3_12_site-packages_PyQt6_Qt6_qml_QtQuick_Controls_FluentWinUI3_dark_images --> node_venv_lib_python3_12_site-packages_PyQt6_Qt6_qml_QtQuick_Controls_FluentWinUI3_dark_images_textfield-background-disabled@3x_png["textfield-background-disabled@3x.png"]\n    Root --> node_venv["venv"]\n    node_venv --> node_venv_lib["lib"]\n    node_venv_lib --> node_venv_lib_python3_12["python3.12"]\n    node_venv_lib_python3_12 --> node_venv_lib_python3_12_site-packages["site-packages"]\n    node_venv_lib_python3_12_site-packages --> node_venv_lib_python3_12_site-packages_PyQt6["PyQt6"]\n    node_venv_lib_python3_12_site-packages_PyQt6 --> node_venv_lib_python3_12_site-packages_PyQt6_Qt6["Qt6"]\n    node_venv_lib_python3_12_site-packages_PyQt6_Qt6 --> node_venv_lib_python3_12_site-packages_PyQt6_Qt6_qml["qml"]\n    node_venv_lib_python3_12_site-packages_PyQt6_Qt6_qml --> node_venv_lib_python3_12_site-packages_PyQt6_Qt6_qml_QtQuick["QtQuick"]\n    node_venv_lib_python3_12_site-packages_PyQt6_Qt6_qml_QtQuick --> node_venv_lib_python3_12_site-packages_PyQt6_Qt6_qml_QtQuick_Controls["Controls"]\n    node_venv_lib_python3_12_site-packages_PyQt6_Qt6_qml_QtQuick_Controls --> node_venv_lib_python3_12_site-packages_PyQt6_Qt6_qml_QtQuick_Controls_FluentWinUI3["FluentWinUI3"]\n    node_venv_lib_python3_12_site-packages_PyQt6_Qt6_qml_QtQuick_Controls_FluentWinUI3 --> node_venv_lib_python3_12_site-packages_PyQt6_Qt6_qml_QtQuick_Controls_FluentWinUI3_dark["dark"]\n    node_venv_lib_python3_12_site-packages_PyQt6_Qt6_qml_QtQuick_Controls_FluentWinUI3_dark --> node_venv_lib_python3_12_site-packages_PyQt6_Qt6_qml_QtQuick_Controls_FluentWinUI3_dark_images["images"]\n    node_venv_lib_python3_12_site-packages_PyQt6_Qt6_qml_QtQuick_Controls_FluentWinUI3_dark_images --> node_venv_lib_python3_12_site-packages_PyQt6_Qt6_qml_QtQuick_Controls_FluentWinUI3_dark_images_textfield-background-focused_png["textfield-background-focused.png"]\n    Root --> node_venv["venv"]\n    node_venv --> node_venv_lib["lib"]\n    node_venv_lib --> node_venv_lib_python3_12["python3.12"]\n    node_venv_lib_python3_12 --> node_venv_lib_python3_12_site-packages["site-packages"]\n    node_venv_lib_python3_12_site-packages --> node_venv_lib_python3_12_site-packages_PyQt6["PyQt6"]\n    node_venv_lib_python3_12_site-packages_PyQt6 --> node_venv_lib_python3_12_site-packages_PyQt6_Qt6["Qt6"]\n    node_venv_lib_python3_12_site-packages_PyQt6_Qt6 --> node_venv_lib_python3_12_site-packages_PyQt6_Qt6_qml["qml"]\n    node_venv_lib_python3_12_site-packages_PyQt6_Qt6_qml --> node_venv_lib_python3_12_site-packages_PyQt6_Qt6_qml_QtQuick["QtQuick"]\n    node_venv_lib_python3_12_site-packages_PyQt6_Qt6_qml_QtQuick --> node_venv_lib_python3_12_site-packages_PyQt6_Qt6_qml_QtQuick_Controls["Controls"]\n    node_venv_lib_python3_12_site-packages_PyQt6_Qt6_qml_QtQuick_Controls --> node_venv_lib_python3_12_site-packages_PyQt6_Qt6_qml_QtQuick_Controls_FluentWinUI3["FluentWinUI3"]\n    node_venv_lib_python3_12_site-packages_PyQt6_Qt6_qml_QtQuick_Controls_FluentWinUI3 --> node_venv_lib_python3_12_site-packages_PyQt6_Qt6_qml_QtQuick_Controls_FluentWinUI3_dark["dark"]\n    node_venv_lib_python3_12_site-packages_PyQt6_Qt6_qml_QtQuick_Controls_FluentWinUI3_dark --> node_venv_lib_python3_12_site-packages_PyQt6_Qt6_qml_QtQuick_Controls_FluentWinUI3_dark_images["images"]\n    node_venv_lib_python3_12_site-packages_PyQt6_Qt6_qml_QtQuick_Controls_FluentWinUI3_dark_images --> node_venv_lib_python3_12_site-packages_PyQt6_Qt6_qml_QtQuick_Controls_FluentWinUI3_dark_images_textfield-background-focused@2x_png["textfield-background-focused@2x.png"]\n    Root --> node_venv["venv"]\n    node_venv --> node_venv_lib["lib"]\n    node_venv_lib --> node_venv_lib_python3_12["python3.12"]\n    node_venv_lib_python3_12 --> node_venv_lib_python3_12_site-packages["site-packages"]\n    node_venv_lib_python3_12_site-packages --> node_venv_lib_python3_12_site-packages_PyQt6["PyQt6"]\n    node_venv_lib_python3_12_site-packages_PyQt6 --> node_venv_lib_python3_12_site-packages_PyQt6_Qt6["Qt6"]\n    node_venv_lib_python3_12_site-packages_PyQt6_Qt6 --> node_venv_lib_python3_12_site-packages_PyQt6_Qt6_qml["qml"]\n    node_venv_lib_python3_12_site-packages_PyQt6_Qt6_qml --> node_venv_lib_python3_12_site-packages_PyQt6_Qt6_qml_QtQuick["QtQuick"]\n    node_venv_lib_python3_12_site-packages_PyQt6_Qt6_qml_QtQuick --> node_venv_lib_python3_12_site-packages_PyQt6_Qt6_qml_QtQuick_Controls["Controls"]\n    node_venv_lib_python3_12_site-packages_PyQt6_Qt6_qml_QtQuick_Controls --> node_venv_lib_python3_12_site-packages_PyQt6_Qt6_qml_QtQuick_Controls_FluentWinUI3["FluentWinUI3"]\n    node_venv_lib_python3_12_site-packages_PyQt6_Qt6_qml_QtQuick_Controls_FluentWinUI3 --> node_venv_lib_python3_12_site-packages_PyQt6_Qt6_qml_QtQuick_Controls_FluentWinUI3_dark["dark"]\n    node_venv_lib_python3_12_site-packages_PyQt6_Qt6_qml_QtQuick_Controls_FluentWinUI3_dark --> node_venv_lib_python3_12_site-packages_PyQt6_Qt6_qml_QtQuick_Controls_FluentWinUI3_dark_images["images"]\n    node_venv_lib_python3_12_site-packages_PyQt6_Qt6_qml_QtQuick_Controls_FluentWinUI3_dark_images --> node_venv_lib_python3_12_site-packages_PyQt6_Qt6_qml_QtQuick_Controls_FluentWinUI3_dark_images_textfield-background-focused@3x_png["textfield-background-focused@3x.png"]\n    Root --> node_venv["venv"]\n    node_venv --> node_venv_lib["lib"]\n    node_venv_lib --> node_venv_lib_python3_12["python3.12"]\n    node_venv_lib_python3_12 --> node_venv_lib_python3_12_site-packages["site-packages"]\n    node_venv_lib_python3_12_site-packages --> node_venv_lib_python3_12_site-packages_PyQt6["PyQt6"]\n    node_venv_lib_python3_12_site-packages_PyQt6 --> node_venv_lib_python3_12_site-packages_PyQt6_Qt6["Qt6"]\n    node_venv_lib_python3_12_site-packages_PyQt6_Qt6 --> node_venv_lib_python3_12_site-packages_PyQt6_Qt6_qml["qml"]\n    node_venv_lib_python3_12_site-packages_PyQt6_Qt6_qml --> node_venv_lib_python3_12_site-packages_PyQt6_Qt6_qml_QtQuick["QtQuick"]\n    node_venv_lib_python3_12_site-packages_PyQt6_Qt6_qml_QtQuick --> node_venv_lib_python3_12_site-packages_PyQt6_Qt6_qml_QtQuick_Controls["Controls"]\n    node_venv_lib_python3_12_site-packages_PyQt6_Qt6_qml_QtQuick_Controls --> node_venv_lib_python3_12_site-packages_PyQt6_Qt6_qml_QtQuick_Controls_FluentWinUI3["FluentWinUI3"]\n    node_venv_lib_python3_12_site-packages_PyQt6_Qt6_qml_QtQuick_Controls_FluentWinUI3 --> node_venv_lib_python3_12_site-packages_PyQt6_Qt6_qml_QtQuick_Controls_FluentWinUI3_dark["dark"]\n    node_venv_lib_python3_12_site-packages_PyQt6_Qt6_qml_QtQuick_Controls_FluentWinUI3_dark --> node_venv_lib_python3_12_site-packages_PyQt6_Qt6_qml_QtQuick_Controls_FluentWinUI3_dark_images["images"]\n    node_venv_lib_python3_12_site-packages_PyQt6_Qt6_qml_QtQuick_Controls_FluentWinUI3_dark_images --> node_venv_lib_python3_12_site-packages_PyQt6_Qt6_qml_QtQuick_Controls_FluentWinUI3_dark_images_textfield-background-hovered_png["textfield-background-hovered.png"]\n    Root --> node_venv["venv"]\n    node_venv --> node_venv_lib["lib"]\n    node_venv_lib --> node_venv_lib_python3_12["python3.12"]\n    node_venv_lib_python3_12 --> node_venv_lib_python3_12_site-packages["site-packages"]\n    node_venv_lib_python3_12_site-packages --> node_venv_lib_python3_12_site-packages_PyQt6["PyQt6"]\n    node_venv_lib_python3_12_site-packages_PyQt6 --> node_venv_lib_python3_12_site-packages_PyQt6_Qt6["Qt6"]\n    node_venv_lib_python3_12_site-packages_PyQt6_Qt6 --> node_venv_lib_python3_12_site-packages_PyQt6_Qt6_qml["qml"]\n    node_venv_lib_python3_12_site-packages_PyQt6_Qt6_qml --> node_venv_lib_python3_12_site-packages_PyQt6_Qt6_qml_QtQuick["QtQuick"]\n    node_venv_lib_python3_12_site-packages_PyQt6_Qt6_qml_QtQuick --> node_venv_lib_python3_12_site-packages_PyQt6_Qt6_qml_QtQuick_Controls["Controls"]\n    node_venv_lib_python3_12_site-packages_PyQt6_Qt6_qml_QtQuick_Controls --> node_venv_lib_python3_12_site-packages_PyQt6_Qt6_qml_QtQuick_Controls_FluentWinUI3["FluentWinUI3"]\n    node_venv_lib_python3_12_site-packages_PyQt6_Qt6_qml_QtQuick_Controls_FluentWinUI3 --> node_venv_lib_python3_12_site-packages_PyQt6_Qt6_qml_QtQuick_Controls_FluentWinUI3_dark["dark"]\n    node_venv_lib_python3_12_site-packages_PyQt6_Qt6_qml_QtQuick_Controls_FluentWinUI3_dark --> node_venv_lib_python3_12_site-packages_PyQt6_Qt6_qml_QtQuick_Controls_FluentWinUI3_dark_images["images"]\n    node_venv_lib_python3_12_site-packages_PyQt6_Qt6_qml_QtQuick_Controls_FluentWinUI3_dark_images --> node_venv_lib_python3_12_site-packages_PyQt6_Qt6_qml_QtQuick_Controls_FluentWinUI3_dark_images_textfield-background-hovered@2x_png["textfield-background-hovered@2x.png"]\n    Root --> node_venv["venv"]\n    node_venv --> node_venv_lib["lib"]\n    node_venv_lib --> node_venv_lib_python3_12["python3.12"]\n    node_venv_lib_python3_12 --> node_venv_lib_python3_12_site-packages["site-packages"]\n    node_venv_lib_python3_12_site-packages --> node_venv_lib_python3_12_site-packages_PyQt6["PyQt6"]\n    node_venv_lib_python3_12_site-packages_PyQt6 --> node_venv_lib_python3_12_site-packages_PyQt6_Qt6["Qt6"]\n    node_venv_lib_python3_12_site-packages_PyQt6_Qt6 --> node_venv_lib_python3_12_site-packages_PyQt6_Qt6_qml["qml"]\n    node_venv_lib_python3_12_site-packages_PyQt6_Qt6_qml --> node_venv_lib_python3_12_site-packages_PyQt6_Qt6_qml_QtQuick["QtQuick"]\n    node_venv_lib_python3_12_site-packages_PyQt6_Qt6_qml_QtQuick --> node_venv_lib_python3_12_site-packages_PyQt6_Qt6_qml_QtQuick_Controls["Controls"]\n    node_venv_lib_python3_12_site-packages_PyQt6_Qt6_qml_QtQuick_Controls --> node_venv_lib_python3_12_site-packages_PyQt6_Qt6_qml_QtQuick_Controls_FluentWinUI3["FluentWinUI3"]\n    node_venv_lib_python3_12_site-packages_PyQt6_Qt6_qml_QtQuick_Controls_FluentWinUI3 --> node_venv_lib_python3_12_site-packages_PyQt6_Qt6_qml_QtQuick_Controls_FluentWinUI3_dark["dark"]\n    node_venv_lib_python3_12_site-packages_PyQt6_Qt6_qml_QtQuick_Controls_FluentWinUI3_dark --> node_venv_lib_python3_12_site-packages_PyQt6_Qt6_qml_QtQuick_Controls_FluentWinUI3_dark_images["images"]\n    node_venv_lib_python3_12_site-packages_PyQt6_Qt6_qml_QtQuick_Controls_FluentWinUI3_dark_images --> node_venv_lib_python3_12_site-packages_PyQt6_Qt6_qml_QtQuick_Controls_FluentWinUI3_dark_images_textfield-background-hovered@3x_png["textfield-background-hovered@3x.png"]\n    Root --> node_venv["venv"]\n    node_venv --> node_venv_lib["lib"]\n    node_venv_lib --> node_venv_lib_python3_12["python3.12"]\n    node_venv_lib_python3_12 --> node_venv_lib_python3_12_site-packages["site-packages"]\n    node_venv_lib_python3_12_site-packages --> node_venv_lib_python3_12_site-packages_PyQt6["PyQt6"]\n    node_venv_lib_python3_12_site-packages_PyQt6 --> node_venv_lib_python3_12_site-packages_PyQt6_Qt6["Qt6"]\n    node_venv_lib_python3_12_site-packages_PyQt6_Qt6 --> node_venv_lib_python3_12_site-packages_PyQt6_Qt6_qml["qml"]\n    node_venv_lib_python3_12_site-packages_PyQt6_Qt6_qml --> node_venv_lib_python3_12_site-packages_PyQt6_Qt6_qml_QtQuick["QtQuick"]\n    node_venv_lib_python3_12_site-packages_PyQt6_Qt6_qml_QtQuick --> node_venv_lib_python3_12_site-packages_PyQt6_Qt6_qml_QtQuick_Controls["Controls"]\n    node_venv_lib_python3_12_site-packages_PyQt6_Qt6_qml_QtQuick_Controls --> node_venv_lib_python3_12_site-packages_PyQt6_Qt6_qml_QtQuick_Controls_FluentWinUI3["FluentWinUI3"]\n    node_venv_lib_python3_12_site-packages_PyQt6_Qt6_qml_QtQuick_Controls_FluentWinUI3 --> node_venv_lib_python3_12_site-packages_PyQt6_Qt6_qml_QtQuick_Controls_FluentWinUI3_dark["dark"]\n    node_venv_lib_python3_12_site-packages_PyQt6_Qt6_qml_QtQuick_Controls_FluentWinUI3_dark --> node_venv_lib_python3_12_site-packages_PyQt6_Qt6_qml_QtQuick_Controls_FluentWinUI3_dark_images["images"]\n    node_venv_lib_python3_12_site-packages_PyQt6_Qt6_qml_QtQuick_Controls_FluentWinUI3_dark_images --> node_venv_lib_python3_12_site-packages_PyQt6_Qt6_qml_QtQuick_Controls_FluentWinUI3_dark_images_textfield-background_png["textfield-background.png"]\n    Root --> node_venv["venv"]\n    node_venv --> node_venv_lib["lib"]\n    node_venv_lib --> node_venv_lib_python3_12["python3.12"]\n    node_venv_lib_python3_12 --> node_venv_lib_python3_12_site-packages["site-packages"]\n    node_venv_lib_python3_12_site-packages --> node_venv_lib_python3_12_site-packages_PyQt6["PyQt6"]\n    node_venv_lib_python3_12_site-packages_PyQt6 --> node_venv_lib_python3_12_site-packages_PyQt6_Qt6["Qt6"]\n    node_venv_lib_python3_12_site-packages_PyQt6_Qt6 --> node_venv_lib_python3_12_site-packages_PyQt6_Qt6_qml["qml"]\n    node_venv_lib_python3_12_site-packages_PyQt6_Qt6_qml --> node_venv_lib_python3_12_site-packages_PyQt6_Qt6_qml_QtQuick["QtQuick"]\n    node_venv_lib_python3_12_site-packages_PyQt6_Qt6_qml_QtQuick --> node_venv_lib_python3_12_site-packages_PyQt6_Qt6_qml_QtQuick_Controls["Controls"]\n    node_venv_lib_python3_12_site-packages_PyQt6_Qt6_qml_QtQuick_Controls --> node_venv_lib_python3_12_site-packages_PyQt6_Qt6_qml_QtQuick_Controls_FluentWinUI3["FluentWinUI3"]\n    node_venv_lib_python3_12_site-packages_PyQt6_Qt6_qml_QtQuick_Controls_FluentWinUI3 --> node_venv_lib_python3_12_site-packages_PyQt6_Qt6_qml_QtQuick_Controls_FluentWinUI3_dark["dark"]\n    node_venv_lib_python3_12_site-packages_PyQt6_Qt6_qml_QtQuick_Controls_FluentWinUI3_dark --> node_venv_lib_python3_12_site-packages_PyQt6_Qt6_qml_QtQuick_Controls_FluentWinUI3_dark_images["images"]\n    node_venv_lib_python3_12_site-packages_PyQt6_Qt6_qml_QtQuick_Controls_FluentWinUI3_dark_images --> node_venv_lib_python3_12_site-packages_PyQt6_Qt6_qml_QtQuick_Controls_FluentWinUI3_dark_images_textfield-background@2x_png["textfield-background@2x.png"]\n    Root --> node_venv["venv"]\n    node_venv --> node_venv_lib["lib"]\n    node_venv_lib --> node_venv_lib_python3_12["python3.12"]\n    node_venv_lib_python3_12 --> node_venv_lib_python3_12_site-packages["site-packages"]\n    node_venv_lib_python3_12_site-packages --> node_venv_lib_python3_12_site-packages_PyQt6["PyQt6"]\n    node_venv_lib_python3_12_site-packages_PyQt6 --> node_venv_lib_python3_12_site-packages_PyQt6_Qt6["Qt6"]\n    node_venv_lib_python3_12_site-packages_PyQt6_Qt6 --> node_venv_lib_python3_12_site-packages_PyQt6_Qt6_qml["qml"]\n    node_venv_lib_python3_12_site-packages_PyQt6_Qt6_qml --> node_venv_lib_python3_12_site-packages_PyQt6_Qt6_qml_QtQuick["QtQuick"]\n    node_venv_lib_python3_12_site-packages_PyQt6_Qt6_qml_QtQuick --> node_venv_lib_python3_12_site-packages_PyQt6_Qt6_qml_QtQuick_Controls["Controls"]\n    node_venv_lib_python3_12_site-packages_PyQt6_Qt6_qml_QtQuick_Controls --> node_venv_lib_python3_12_site-packages_PyQt6_Qt6_qml_QtQuick_Controls_FluentWinUI3["FluentWinUI3"]\n    node_venv_lib_python3_12_site-packages_PyQt6_Qt6_qml_QtQuick_Controls_FluentWinUI3 --> node_venv_lib_python3_12_site-packages_PyQt6_Qt6_qml_QtQuick_Controls_FluentWinUI3_dark["dark"]\n    node_venv_lib_python3_12_site-packages_PyQt6_Qt6_qml_QtQuick_Controls_FluentWinUI3_dark --> node_venv_lib_python3_12_site-packages_PyQt6_Qt6_qml_QtQuick_Controls_FluentWinUI3_dark_images["images"]\n    node_venv_lib_python3_12_site-packages_PyQt6_Qt6_qml_QtQuick_Controls_FluentWinUI3_dark_images --> node_venv_lib_python3_12_site-packages_PyQt6_Qt6_qml_QtQuick_Controls_FluentWinUI3_dark_images_textfield-background@3x_png["textfield-background@3x.png"]\n    Root --> node_venv["venv"]\n    node_venv --> node_venv_lib["lib"]\n    node_venv_lib --> node_venv_lib_python3_12["python3.12"]\n    node_venv_lib_python3_12 --> node_venv_lib_python3_12_site-packages["site-packages"]\n    node_venv_lib_python3_12_site-packages --> node_venv_lib_python3_12_site-packages_PyQt6["PyQt6"]\n    node_venv_lib_python3_12_site-packages_PyQt6 --> node_venv_lib_python3_12_site-packages_PyQt6_Qt6["Qt6"]\n    node_venv_lib_python3_12_site-packages_PyQt6_Qt6 --> node_venv_lib_python3_12_site-packages_PyQt6_Qt6_qml["qml"]\n    node_venv_lib_python3_12_site-packages_PyQt6_Qt6_qml --> node_venv_lib_python3_12_site-packages_PyQt6_Qt6_qml_QtQuick["QtQuick"]\n    node_venv_lib_python3_12_site-packages_PyQt6_Qt6_qml_QtQuick --> node_venv_lib_python3_12_site-packages_PyQt6_Qt6_qml_QtQuick_Controls["Controls"]\n    node_venv_lib_python3_12_site-packages_PyQt6_Qt6_qml_QtQuick_Controls --> node_venv_lib_python3_12_site-packages_PyQt6_Qt6_qml_QtQuick_Controls_macOS["macOS"]\n    node_venv_lib_python3_12_site-packages_PyQt6_Qt6_qml_QtQuick_Controls_macOS --> node_venv_lib_python3_12_site-packages_PyQt6_Qt6_qml_QtQuick_Controls_macOS_BusyIndicator_qml["BusyIndicator.qml"]\n    Root --> node_venv["venv"]\n    node_venv --> node_venv_lib["lib"]\n    node_venv_lib --> node_venv_lib_python3_12["python3.12"]\n    node_venv_lib_python3_12 --> node_venv_lib_python3_12_site-packages["site-packages"]\n    node_venv_lib_python3_12_site-packages --> node_venv_lib_python3_12_site-packages_PyQt6["PyQt6"]\n    node_venv_lib_python3_12_site-packages_PyQt6 --> node_venv_lib_python3_12_site-packages_PyQt6_Qt6["Qt6"]\n    node_venv_lib_python3_12_site-packages_PyQt6_Qt6 --> node_venv_lib_python3_12_site-packages_PyQt6_Qt6_qml["qml"]\n    node_venv_lib_python3_12_site-packages_PyQt6_Qt6_qml --> node_venv_lib_python3_12_site-packages_PyQt6_Qt6_qml_QtQuick["QtQuick"]\n    node_venv_lib_python3_12_site-packages_PyQt6_Qt6_qml_QtQuick --> node_venv_lib_python3_12_site-packages_PyQt6_Qt6_qml_QtQuick_Controls["Controls"]\n    node_venv_lib_python3_12_site-packages_PyQt6_Qt6_qml_QtQuick_Controls --> node_venv_lib_python3_12_site-packages_PyQt6_Qt6_qml_QtQuick_Controls_macOS["macOS"]\n    node_venv_lib_python3_12_site-packages_PyQt6_Qt6_qml_QtQuick_Controls_macOS --> node_venv_lib_python3_12_site-packages_PyQt6_Qt6_qml_QtQuick_Controls_macOS_Button_qml["Button.qml"]\n    Root --> node_venv["venv"]\n    node_venv --> node_venv_lib["lib"]\n    node_venv_lib --> node_venv_lib_python3_12["python3.12"]\n    node_venv_lib_python3_12 --> node_venv_lib_python3_12_site-packages["site-packages"]\n    node_venv_lib_python3_12_site-packages --> node_venv_lib_python3_12_site-packages_PyQt6["PyQt6"]\n    node_venv_lib_python3_12_site-packages_PyQt6 --> node_venv_lib_python3_12_site-packages_PyQt6_Qt6["Qt6"]\n    node_venv_lib_python3_12_site-packages_PyQt6_Qt6 --> node_venv_lib_python3_12_site-packages_PyQt6_Qt6_qml["qml"]\n    node_venv_lib_python3_12_site-packages_PyQt6_Qt6_qml --> node_venv_lib_python3_12_site-packages_PyQt6_Qt6_qml_QtQuick["QtQuick"]\n    node_venv_lib_python3_12_site-packages_PyQt6_Qt6_qml_QtQuick --> node_venv_lib_python3_12_site-packages_PyQt6_Qt6_qml_QtQuick_Controls["Controls"]\n    node_venv_lib_python3_12_site-packages_PyQt6_Qt6_qml_QtQuick_Controls --> node_venv_lib_python3_12_site-packages_PyQt6_Qt6_qml_QtQuick_Controls_macOS["macOS"]\n    node_venv_lib_python3_12_site-packages_PyQt6_Qt6_qml_QtQuick_Controls_macOS --> node_venv_lib_python3_12_site-packages_PyQt6_Qt6_qml_QtQuick_Controls_macOS_CheckBox_qml["CheckBox.qml"]\n    Root --> node_venv["venv"]\n    node_venv --> node_venv_lib["lib"]\n    node_venv_lib --> node_venv_lib_python3_12["python3.12"]\n    node_venv_lib_python3_12 --> node_venv_lib_python3_12_site-packages["site-packages"]\n    node_venv_lib_python3_12_site-packages --> node_venv_lib_python3_12_site-packages_PyQt6["PyQt6"]\n    node_venv_lib_python3_12_site-packages_PyQt6 --> node_venv_lib_python3_12_site-packages_PyQt6_Qt6["Qt6"]\n    node_venv_lib_python3_12_site-packages_PyQt6_Qt6 --> node_venv_lib_python3_12_site-packages_PyQt6_Qt6_qml["qml"]\n    node_venv_lib_python3_12_site-packages_PyQt6_Qt6_qml --> node_venv_lib_python3_12_site-packages_PyQt6_Qt6_qml_QtQuick["QtQuick"]\n    node_venv_lib_python3_12_site-packages_PyQt6_Qt6_qml_QtQuick --> node_venv_lib_python3_12_site-packages_PyQt6_Qt6_qml_QtQuick_Controls["Controls"]\n    node_venv_lib_python3_12_site-packages_PyQt6_Qt6_qml_QtQuick_Controls --> node_venv_lib_python3_12_site-packages_PyQt6_Qt6_qml_QtQuick_Controls_macOS["macOS"]\n    node_venv_lib_python3_12_site-packages_PyQt6_Qt6_qml_QtQuick_Controls_macOS --> node_venv_lib_python3_12_site-packages_PyQt6_Qt6_qml_QtQuick_Controls_macOS_CheckDelegate_qml["CheckDelegate.qml"]\n    Root --> node_venv["venv"]\n    node_venv --> node_venv_lib["lib"]\n    node_venv_lib --> node_venv_lib_python3_12["python3.12"]\n    node_venv_lib_python3_12 --> node_venv_lib_python3_12_site-packages["site-packages"]\n    node_venv_lib_python3_12_site-packages --> node_venv_lib_python3_12_site-packages_PyQt6["PyQt6"]\n    node_venv_lib_python3_12_site-packages_PyQt6 --> node_venv_lib_python3_12_site-packages_PyQt6_Qt6["Qt6"]\n    node_venv_lib_python3_12_site-packages_PyQt6_Qt6 --> node_venv_lib_python3_12_site-packages_PyQt6_Qt6_qml["qml"]\n    node_venv_lib_python3_12_site-packages_PyQt6_Qt6_qml --> node_venv_lib_python3_12_site-packages_PyQt6_Qt6_qml_QtQuick["QtQuick"]\n    node_venv_lib_python3_12_site-packages_PyQt6_Qt6_qml_QtQuick --> node_venv_lib_python3_12_site-packages_PyQt6_Qt6_qml_QtQuick_Controls["Controls"]\n    node_venv_lib_python3_12_site-packages_PyQt6_Qt6_qml_QtQuick_Controls --> node_venv_lib_python3_12_site-packages_PyQt6_Qt6_qml_QtQuick_Controls_macOS["macOS"]\n    node_venv_lib_python3_12_site-packages_PyQt6_Qt6_qml_QtQuick_Controls_macOS --> node_venv_lib_python3_12_site-packages_PyQt6_Qt6_qml_QtQuick_Controls_macOS_ComboBox_qml["ComboBox.qml"]\n    Root --> node_venv["venv"]\n    node_venv --> node_venv_lib["lib"]\n    node_venv_lib --> node_venv_lib_python3_12["python3.12"]\n    node_venv_lib_python3_12 --> node_venv_lib_python3_12_site-packages["site-packages"]\n    node_venv_lib_python3_12_site-packages --> node_venv_lib_python3_12_site-packages_PyQt6["PyQt6"]\n    node_venv_lib_python3_12_site-packages_PyQt6 --> node_venv_lib_python3_12_site-packages_PyQt6_Qt6["Qt6"]\n    node_venv_lib_python3_12_site-packages_PyQt6_Qt6 --> node_venv_lib_python3_12_site-packages_PyQt6_Qt6_qml["qml"]\n    node_venv_lib_python3_12_site-packages_PyQt6_Qt6_qml --> node_venv_lib_python3_12_site-packages_PyQt6_Qt6_qml_QtQuick["QtQuick"]\n    node_venv_lib_python3_12_site-packages_PyQt6_Qt6_qml_QtQuick --> node_venv_lib_python3_12_site-packages_PyQt6_Qt6_qml_QtQuick_Controls["Controls"]\n    node_venv_lib_python3_12_site-packages_PyQt6_Qt6_qml_QtQuick_Controls --> node_venv_lib_python3_12_site-packages_PyQt6_Qt6_qml_QtQuick_Controls_macOS["macOS"]\n    node_venv_lib_python3_12_site-packages_PyQt6_Qt6_qml_QtQuick_Controls_macOS --> node_venv_lib_python3_12_site-packages_PyQt6_Qt6_qml_QtQuick_Controls_macOS_DelayButton_qml["DelayButton.qml"]\n    Root --> node_venv["venv"]\n    node_venv --> node_venv_lib["lib"]\n    node_venv_lib --> node_venv_lib_python3_12["python3.12"]\n    node_venv_lib_python3_12 --> node_venv_lib_python3_12_site-packages["site-packages"]\n    node_venv_lib_python3_12_site-packages --> node_venv_lib_python3_12_site-packages_PyQt6["PyQt6"]\n    node_venv_lib_python3_12_site-packages_PyQt6 --> node_venv_lib_python3_12_site-packages_PyQt6_Qt6["Qt6"]\n    node_venv_lib_python3_12_site-packages_PyQt6_Qt6 --> node_venv_lib_python3_12_site-packages_PyQt6_Qt6_qml["qml"]\n    node_venv_lib_python3_12_site-packages_PyQt6_Qt6_qml --> node_venv_lib_python3_12_site-packages_PyQt6_Qt6_qml_QtQuick["QtQuick"]\n    node_venv_lib_python3_12_site-packages_PyQt6_Qt6_qml_QtQuick --> node_venv_lib_python3_12_site-packages_PyQt6_Qt6_qml_QtQuick_Controls["Controls"]\n    node_venv_lib_python3_12_site-packages_PyQt6_Qt6_qml_QtQuick_Controls --> node_venv_lib_python3_12_site-packages_PyQt6_Qt6_qml_QtQuick_Controls_macOS["macOS"]\n    node_venv_lib_python3_12_site-packages_PyQt6_Qt6_qml_QtQuick_Controls_macOS --> node_venv_lib_python3_12_site-packages_PyQt6_Qt6_qml_QtQuick_Controls_macOS_Dial_qml["Dial.qml"]\n    Root --> node_venv["venv"]\n    node_venv --> node_venv_lib["lib"]\n    node_venv_lib --> node_venv_lib_python3_12["python3.12"]\n    node_venv_lib_python3_12 --> node_venv_lib_python3_12_site-packages["site-packages"]\n    node_venv_lib_python3_12_site-packages --> node_venv_lib_python3_12_site-packages_PyQt6["PyQt6"]\n    node_venv_lib_python3_12_site-packages_PyQt6 --> node_venv_lib_python3_12_site-packages_PyQt6_Qt6["Qt6"]\n    node_venv_lib_python3_12_site-packages_PyQt6_Qt6 --> node_venv_lib_python3_12_site-packages_PyQt6_Qt6_qml["qml"]\n    node_venv_lib_python3_12_site-packages_PyQt6_Qt6_qml --> node_venv_lib_python3_12_site-packages_PyQt6_Qt6_qml_QtQuick["QtQuick"]\n    node_venv_lib_python3_12_site-packages_PyQt6_Qt6_qml_QtQuick --> node_venv_lib_python3_12_site-packages_PyQt6_Qt6_qml_QtQuick_Controls["Controls"]\n    node_venv_lib_python3_12_site-packages_PyQt6_Qt6_qml_QtQuick_Controls --> node_venv_lib_python3_12_site-packages_PyQt6_Qt6_qml_QtQuick_Controls_macOS["macOS"]\n    node_venv_lib_python3_12_site-packages_PyQt6_Qt6_qml_QtQuick_Controls_macOS --> node_venv_lib_python3_12_site-packages_PyQt6_Qt6_qml_QtQuick_Controls_macOS_Dialog_qml["Dialog.qml"]\n    Root --> node_venv["venv"]\n    node_venv --> node_venv_lib["lib"]\n    node_venv_lib --> node_venv_lib_python3_12["python3.12"]\n    node_venv_lib_python3_12 --> node_venv_lib_python3_12_site-packages["site-packages"]\n    node_venv_lib_python3_12_site-packages --> node_venv_lib_python3_12_site-packages_PyQt6["PyQt6"]\n    node_venv_lib_python3_12_site-packages_PyQt6 --> node_venv_lib_python3_12_site-packages_PyQt6_Qt6["Qt6"]\n    node_venv_lib_python3_12_site-packages_PyQt6_Qt6 --> node_venv_lib_python3_12_site-packages_PyQt6_Qt6_qml["qml"]\n    node_venv_lib_python3_12_site-packages_PyQt6_Qt6_qml --> node_venv_lib_python3_12_site-packages_PyQt6_Qt6_qml_QtQuick["QtQuick"]\n    node_venv_lib_python3_12_site-packages_PyQt6_Qt6_qml_QtQuick --> node_venv_lib_python3_12_site-packages_PyQt6_Qt6_qml_QtQuick_Controls["Controls"]\n    node_venv_lib_python3_12_site-packages_PyQt6_Qt6_qml_QtQuick_Controls --> node_venv_lib_python3_12_site-packages_PyQt6_Qt6_qml_QtQuick_Controls_macOS["macOS"]\n    node_venv_lib_python3_12_site-packages_PyQt6_Qt6_qml_QtQuick_Controls_macOS --> node_venv_lib_python3_12_site-packages_PyQt6_Qt6_qml_QtQuick_Controls_macOS_DialogButtonBox_qml["DialogButtonBox.qml"]\n    Root --> node_venv["venv"]\n    node_venv --> node_venv_lib["lib"]\n    node_venv_lib --> node_venv_lib_python3_12["python3.12"]\n    node_venv_lib_python3_12 --> node_venv_lib_python3_12_site-packages["site-packages"]\n    node_venv_lib_python3_12_site-packages --> node_venv_lib_python3_12_site-packages_PyQt6["PyQt6"]\n    node_venv_lib_python3_12_site-packages_PyQt6 --> node_venv_lib_python3_12_site-packages_PyQt6_Qt6["Qt6"]\n    node_venv_lib_python3_12_site-packages_PyQt6_Qt6 --> node_venv_lib_python3_12_site-packages_PyQt6_Qt6_qml["qml"]\n    node_venv_lib_python3_12_site-packages_PyQt6_Qt6_qml --> node_venv_lib_python3_12_site-packages_PyQt6_Qt6_qml_QtQuick["QtQuick"]\n    node_venv_lib_python3_12_site-packages_PyQt6_Qt6_qml_QtQuick --> node_venv_lib_python3_12_site-packages_PyQt6_Qt6_qml_QtQuick_Controls["Controls"]\n    node_venv_lib_python3_12_site-packages_PyQt6_Qt6_qml_QtQuick_Controls --> node_venv_lib_python3_12_site-packages_PyQt6_Qt6_qml_QtQuick_Controls_macOS["macOS"]\n    node_venv_lib_python3_12_site-packages_PyQt6_Qt6_qml_QtQuick_Controls_macOS --> node_venv_lib_python3_12_site-packages_PyQt6_Qt6_qml_QtQuick_Controls_macOS_Frame_qml["Frame.qml"]\n    Root --> node_venv["venv"]\n    node_venv --> node_venv_lib["lib"]\n    node_venv_lib --> node_venv_lib_python3_12["python3.12"]\n    node_venv_lib_python3_12 --> node_venv_lib_python3_12_site-packages["site-packages"]\n    node_venv_lib_python3_12_site-packages --> node_venv_lib_python3_12_site-packages_PyQt6["PyQt6"]\n    node_venv_lib_python3_12_site-packages_PyQt6 --> node_venv_lib_python3_12_site-packages_PyQt6_Qt6["Qt6"]\n    node_venv_lib_python3_12_site-packages_PyQt6_Qt6 --> node_venv_lib_python3_12_site-packages_PyQt6_Qt6_qml["qml"]\n    node_venv_lib_python3_12_site-packages_PyQt6_Qt6_qml --> node_venv_lib_python3_12_site-packages_PyQt6_Qt6_qml_QtQuick["QtQuick"]\n    node_venv_lib_python3_12_site-packages_PyQt6_Qt6_qml_QtQuick --> node_venv_lib_python3_12_site-packages_PyQt6_Qt6_qml_QtQuick_Controls["Controls"]\n    node_venv_lib_python3_12_site-packages_PyQt6_Qt6_qml_QtQuick_Controls --> node_venv_lib_python3_12_site-packages_PyQt6_Qt6_qml_QtQuick_Controls_macOS["macOS"]\n    node_venv_lib_python3_12_site-packages_PyQt6_Qt6_qml_QtQuick_Controls_macOS --> node_venv_lib_python3_12_site-packages_PyQt6_Qt6_qml_QtQuick_Controls_macOS_GroupBox_qml["GroupBox.qml"]\n    Root --> node_venv["venv"]\n    node_venv --> node_venv_lib["lib"]\n    node_venv_lib --> node_venv_lib_python3_12["python3.12"]\n    node_venv_lib_python3_12 --> node_venv_lib_python3_12_site-packages["site-packages"]\n    node_venv_lib_python3_12_site-packages --> node_venv_lib_python3_12_site-packages_PyQt6["PyQt6"]\n    node_venv_lib_python3_12_site-packages_PyQt6 --> node_venv_lib_python3_12_site-packages_PyQt6_Qt6["Qt6"]\n    node_venv_lib_python3_12_site-packages_PyQt6_Qt6 --> node_venv_lib_python3_12_site-packages_PyQt6_Qt6_qml["qml"]\n    node_venv_lib_python3_12_site-packages_PyQt6_Qt6_qml --> node_venv_lib_python3_12_site-packages_PyQt6_Qt6_qml_QtQuick["QtQuick"]\n    node_venv_lib_python3_12_site-packages_PyQt6_Qt6_qml_QtQuick --> node_venv_lib_python3_12_site-packages_PyQt6_Qt6_qml_QtQuick_Controls["Controls"]\n    node_venv_lib_python3_12_site-packages_PyQt6_Qt6_qml_QtQuick_Controls --> node_venv_lib_python3_12_site-packages_PyQt6_Qt6_qml_QtQuick_Controls_macOS["macOS"]\n    node_venv_lib_python3_12_site-packages_PyQt6_Qt6_qml_QtQuick_Controls_macOS --> node_venv_lib_python3_12_site-packages_PyQt6_Qt6_qml_QtQuick_Controls_macOS_ItemDelegate_qml["ItemDelegate.qml"]\n    Root --> node_venv["venv"]\n    node_venv --> node_venv_lib["lib"]\n    node_venv_lib --> node_venv_lib_python3_12["python3.12"]\n    node_venv_lib_python3_12 --> node_venv_lib_python3_12_site-packages["site-packages"]\n    node_venv_lib_python3_12_site-packages --> node_venv_lib_python3_12_site-packages_PyQt6["PyQt6"]\n    node_venv_lib_python3_12_site-packages_PyQt6 --> node_venv_lib_python3_12_site-packages_PyQt6_Qt6["Qt6"]\n    node_venv_lib_python3_12_site-packages_PyQt6_Qt6 --> node_venv_lib_python3_12_site-packages_PyQt6_Qt6_qml["qml"]\n    node_venv_lib_python3_12_site-packages_PyQt6_Qt6_qml --> node_venv_lib_python3_12_site-packages_PyQt6_Qt6_qml_QtQuick["QtQuick"]\n    node_venv_lib_python3_12_site-packages_PyQt6_Qt6_qml_QtQuick --> node_venv_lib_python3_12_site-packages_PyQt6_Qt6_qml_QtQuick_Controls["Controls"]\n    node_venv_lib_python3_12_site-packages_PyQt6_Qt6_qml_QtQuick_Controls --> node_venv_lib_python3_12_site-packages_PyQt6_Qt6_qml_QtQuick_Controls_macOS["macOS"]\n    node_venv_lib_python3_12_site-packages_PyQt6_Qt6_qml_QtQuick_Controls_macOS --> node_venv_lib_python3_12_site-packages_PyQt6_Qt6_qml_QtQuick_Controls_macOS_Menu_qml["Menu.qml"]\n    Root --> node_venv["venv"]\n    node_venv --> node_venv_lib["lib"]\n    node_venv_lib --> node_venv_lib_python3_12["python3.12"]\n    node_venv_lib_python3_12 --> node_venv_lib_python3_12_site-packages["site-packages"]\n    node_venv_lib_python3_12_site-packages --> node_venv_lib_python3_12_site-packages_PyQt6["PyQt6"]\n    node_venv_lib_python3_12_site-packages_PyQt6 --> node_venv_lib_python3_12_site-packages_PyQt6_Qt6["Qt6"]\n    node_venv_lib_python3_12_site-packages_PyQt6_Qt6 --> node_venv_lib_python3_12_site-packages_PyQt6_Qt6_qml["qml"]\n    node_venv_lib_python3_12_site-packages_PyQt6_Qt6_qml --> node_venv_lib_python3_12_site-packages_PyQt6_Qt6_qml_QtQuick["QtQuick"]\n    node_venv_lib_python3_12_site-packages_PyQt6_Qt6_qml_QtQuick --> node_venv_lib_python3_12_site-packages_PyQt6_Qt6_qml_QtQuick_Controls["Controls"]\n    node_venv_lib_python3_12_site-packages_PyQt6_Qt6_qml_QtQuick_Controls --> node_venv_lib_python3_12_site-packages_PyQt6_Qt6_qml_QtQuick_Controls_macOS["macOS"]\n    node_venv_lib_python3_12_site-packages_PyQt6_Qt6_qml_QtQuick_Controls_macOS --> node_venv_lib_python3_12_site-packages_PyQt6_Qt6_qml_QtQuick_Controls_macOS_MenuBar_qml["MenuBar.qml"]\n    Root --> node_venv["venv"]\n    node_venv --> node_venv_lib["lib"]\n    node_venv_lib --> node_venv_lib_python3_12["python3.12"]\n    node_venv_lib_python3_12 --> node_venv_lib_python3_12_site-packages["site-packages"]\n    node_venv_lib_python3_12_site-packages --> node_venv_lib_python3_12_site-packages_PyQt6["PyQt6"]\n    node_venv_lib_python3_12_site-packages_PyQt6 --> node_venv_lib_python3_12_site-packages_PyQt6_Qt6["Qt6"]\n    node_venv_lib_python3_12_site-packages_PyQt6_Qt6 --> node_venv_lib_python3_12_site-packages_PyQt6_Qt6_qml["qml"]\n    node_venv_lib_python3_12_site-packages_PyQt6_Qt6_qml --> node_venv_lib_python3_12_site-packages_PyQt6_Qt6_qml_QtQuick["QtQuick"]\n    node_venv_lib_python3_12_site-packages_PyQt6_Qt6_qml_QtQuick --> node_venv_lib_python3_12_site-packages_PyQt6_Qt6_qml_QtQuick_Controls["Controls"]\n    node_venv_lib_python3_12_site-packages_PyQt6_Qt6_qml_QtQuick_Controls --> node_venv_lib_python3_12_site-packages_PyQt6_Qt6_qml_QtQuick_Controls_macOS["macOS"]\n    node_venv_lib_python3_12_site-packages_PyQt6_Qt6_qml_QtQuick_Controls_macOS --> node_venv_lib_python3_12_site-packages_PyQt6_Qt6_qml_QtQuick_Controls_macOS_MenuBarItem_qml["MenuBarItem.qml"]\n    Root --> node_venv["venv"]\n    node_venv --> node_venv_lib["lib"]\n    node_venv_lib --> node_venv_lib_python3_12["python3.12"]\n    node_venv_lib_python3_12 --> node_venv_lib_python3_12_site-packages["site-packages"]\n    node_venv_lib_python3_12_site-packages --> node_venv_lib_python3_12_site-packages_PyQt6["PyQt6"]\n    node_venv_lib_python3_12_site-packages_PyQt6 --> node_venv_lib_python3_12_site-packages_PyQt6_Qt6["Qt6"]\n    node_venv_lib_python3_12_site-packages_PyQt6_Qt6 --> node_venv_lib_python3_12_site-packages_PyQt6_Qt6_qml["qml"]\n    node_venv_lib_python3_12_site-packages_PyQt6_Qt6_qml --> node_venv_lib_python3_12_site-packages_PyQt6_Qt6_qml_QtQuick["QtQuick"]\n    node_venv_lib_python3_12_site-packages_PyQt6_Qt6_qml_QtQuick --> node_venv_lib_python3_12_site-packages_PyQt6_Qt6_qml_QtQuick_Controls["Controls"]\n    node_venv_lib_python3_12_site-packages_PyQt6_Qt6_qml_QtQuick_Controls --> node_venv_lib_python3_12_site-packages_PyQt6_Qt6_qml_QtQuick_Controls_macOS["macOS"]\n    node_venv_lib_python3_12_site-packages_PyQt6_Qt6_qml_QtQuick_Controls_macOS --> node_venv_lib_python3_12_site-packages_PyQt6_Qt6_qml_QtQuick_Controls_macOS_MenuItem_qml["MenuItem.qml"]\n    Root --> node_venv["venv"]\n    node_venv --> node_venv_lib["lib"]\n    node_venv_lib --> node_venv_lib_python3_12["python3.12"]\n    node_venv_lib_python3_12 --> node_venv_lib_python3_12_site-packages["site-packages"]\n    node_venv_lib_python3_12_site-packages --> node_venv_lib_python3_12_site-packages_PyQt6["PyQt6"]\n    node_venv_lib_python3_12_site-packages_PyQt6 --> node_venv_lib_python3_12_site-packages_PyQt6_Qt6["Qt6"]\n    node_venv_lib_python3_12_site-packages_PyQt6_Qt6 --> node_venv_lib_python3_12_site-packages_PyQt6_Qt6_qml["qml"]\n    node_venv_lib_python3_12_site-packages_PyQt6_Qt6_qml --> node_venv_lib_python3_12_site-packages_PyQt6_Qt6_qml_QtQuick["QtQuick"]\n    node_venv_lib_python3_12_site-packages_PyQt6_Qt6_qml_QtQuick --> node_venv_lib_python3_12_site-packages_PyQt6_Qt6_qml_QtQuick_Controls["Controls"]\n    node_venv_lib_python3_12_site-packages_PyQt6_Qt6_qml_QtQuick_Controls --> node_venv_lib_python3_12_site-packages_PyQt6_Qt6_qml_QtQuick_Controls_macOS["macOS"]\n    node_venv_lib_python3_12_site-packages_PyQt6_Qt6_qml_QtQuick_Controls_macOS --> node_venv_lib_python3_12_site-packages_PyQt6_Qt6_qml_QtQuick_Controls_macOS_MenuSeparator_qml["MenuSeparator.qml"]\n    Root --> node_venv["venv"]\n    node_venv --> node_venv_lib["lib"]\n    node_venv_lib --> node_venv_lib_python3_12["python3.12"]\n    node_venv_lib_python3_12 --> node_venv_lib_python3_12_site-packages["site-packages"]\n    node_venv_lib_python3_12_site-packages --> node_venv_lib_python3_12_site-packages_PyQt6["PyQt6"]\n    node_venv_lib_python3_12_site-packages_PyQt6 --> node_venv_lib_python3_12_site-packages_PyQt6_Qt6["Qt6"]\n    node_venv_lib_python3_12_site-packages_PyQt6_Qt6 --> node_venv_lib_python3_12_site-packages_PyQt6_Qt6_qml["qml"]\n    node_venv_lib_python3_12_site-packages_PyQt6_Qt6_qml --> node_venv_lib_python3_12_site-packages_PyQt6_Qt6_qml_QtQuick["QtQuick"]\n    node_venv_lib_python3_12_site-packages_PyQt6_Qt6_qml_QtQuick --> node_venv_lib_python3_12_site-packages_PyQt6_Qt6_qml_QtQuick_Controls["Controls"]\n    node_venv_lib_python3_12_site-packages_PyQt6_Qt6_qml_QtQuick_Controls --> node_venv_lib_python3_12_site-packages_PyQt6_Qt6_qml_QtQuick_Controls_macOS["macOS"]\n    node_venv_lib_python3_12_site-packages_PyQt6_Qt6_qml_QtQuick_Controls_macOS --> node_venv_lib_python3_12_site-packages_PyQt6_Qt6_qml_QtQuick_Controls_macOS_ProgressBar_qml["ProgressBar.qml"]\n    Root --> node_venv["venv"]\n    node_venv --> node_venv_lib["lib"]\n    node_venv_lib --> node_venv_lib_python3_12["python3.12"]\n    node_venv_lib_python3_12 --> node_venv_lib_python3_12_site-packages["site-packages"]\n    node_venv_lib_python3_12_site-packages --> node_venv_lib_python3_12_site-packages_PyQt6["PyQt6"]\n    node_venv_lib_python3_12_site-packages_PyQt6 --> node_venv_lib_python3_12_site-packages_PyQt6_Qt6["Qt6"]\n    node_venv_lib_python3_12_site-packages_PyQt6_Qt6 --> node_venv_lib_python3_12_site-packages_PyQt6_Qt6_qml["qml"]\n    node_venv_lib_python3_12_site-packages_PyQt6_Qt6_qml --> node_venv_lib_python3_12_site-packages_PyQt6_Qt6_qml_QtQuick["QtQuick"]\n    node_venv_lib_python3_12_site-packages_PyQt6_Qt6_qml_QtQuick --> node_venv_lib_python3_12_site-packages_PyQt6_Qt6_qml_QtQuick_Controls["Controls"]\n    node_venv_lib_python3_12_site-packages_PyQt6_Qt6_qml_QtQuick_Controls --> node_venv_lib_python3_12_site-packages_PyQt6_Qt6_qml_QtQuick_Controls_macOS["macOS"]\n    node_venv_lib_python3_12_site-packages_PyQt6_Qt6_qml_QtQuick_Controls_macOS --> node_venv_lib_python3_12_site-packages_PyQt6_Qt6_qml_QtQuick_Controls_macOS_RadioButton_qml["RadioButton.qml"]\n    Root --> node_venv["venv"]\n    node_venv --> node_venv_lib["lib"]\n    node_venv_lib --> node_venv_lib_python3_12["python3.12"]\n    node_venv_lib_python3_12 --> node_venv_lib_python3_12_site-packages["site-packages"]\n    node_venv_lib_python3_12_site-packages --> node_venv_lib_python3_12_site-packages_PyQt6["PyQt6"]\n    node_venv_lib_python3_12_site-packages_PyQt6 --> node_venv_lib_python3_12_site-packages_PyQt6_Qt6["Qt6"]\n    node_venv_lib_python3_12_site-packages_PyQt6_Qt6 --> node_venv_lib_python3_12_site-packages_PyQt6_Qt6_qml["qml"]\n    node_venv_lib_python3_12_site-packages_PyQt6_Qt6_qml --> node_venv_lib_python3_12_site-packages_PyQt6_Qt6_qml_QtQuick["QtQuick"]\n    node_venv_lib_python3_12_site-packages_PyQt6_Qt6_qml_QtQuick --> node_venv_lib_python3_12_site-packages_PyQt6_Qt6_qml_QtQuick_Controls["Controls"]\n    node_venv_lib_python3_12_site-packages_PyQt6_Qt6_qml_QtQuick_Controls --> node_venv_lib_python3_12_site-packages_PyQt6_Qt6_qml_QtQuick_Controls_macOS["macOS"]\n    node_venv_lib_python3_12_site-packages_PyQt6_Qt6_qml_QtQuick_Controls_macOS --> node_venv_lib_python3_12_site-packages_PyQt6_Qt6_qml_QtQuick_Controls_macOS_RadioDelegate_qml["RadioDelegate.qml"]\n    Root --> node_venv["venv"]\n    node_venv --> node_venv_lib["lib"]\n    node_venv_lib --> node_venv_lib_python3_12["python3.12"]\n    node_venv_lib_python3_12 --> node_venv_lib_python3_12_site-packages["site-packages"]\n    node_venv_lib_python3_12_site-packages --> node_venv_lib_python3_12_site-packages_PyQt6["PyQt6"]\n    node_venv_lib_python3_12_site-packages_PyQt6 --> node_venv_lib_python3_12_site-packages_PyQt6_Qt6["Qt6"]\n    node_venv_lib_python3_12_site-packages_PyQt6_Qt6 --> node_venv_lib_python3_12_site-packages_PyQt6_Qt6_qml["qml"]\n    node_venv_lib_python3_12_site-packages_PyQt6_Qt6_qml --> node_venv_lib_python3_12_site-packages_PyQt6_Qt6_qml_QtQuick["QtQuick"]\n    node_venv_lib_python3_12_site-packages_PyQt6_Qt6_qml_QtQuick --> node_venv_lib_python3_12_site-packages_PyQt6_Qt6_qml_QtQuick_Controls["Controls"]\n    node_venv_lib_python3_12_site-packages_PyQt6_Qt6_qml_QtQuick_Controls --> node_venv_lib_python3_12_site-packages_PyQt6_Qt6_qml_QtQuick_Controls_macOS["macOS"]\n    node_venv_lib_python3_12_site-packages_PyQt6_Qt6_qml_QtQuick_Controls_macOS --> node_venv_lib_python3_12_site-packages_PyQt6_Qt6_qml_QtQuick_Controls_macOS_RangeSlider_qml["RangeSlider.qml"]\n    Root --> node_venv["venv"]\n    node_venv --> node_venv_lib["lib"]\n    node_venv_lib --> node_venv_lib_python3_12["python3.12"]\n    node_venv_lib_python3_12 --> node_venv_lib_python3_12_site-packages["site-packages"]\n    node_venv_lib_python3_12_site-packages --> node_venv_lib_python3_12_site-packages_PyQt6["PyQt6"]\n    node_venv_lib_python3_12_site-packages_PyQt6 --> node_venv_lib_python3_12_site-packages_PyQt6_Qt6["Qt6"]\n    node_venv_lib_python3_12_site-packages_PyQt6_Qt6 --> node_venv_lib_python3_12_site-packages_PyQt6_Qt6_qml["qml"]\n    node_venv_lib_python3_12_site-packages_PyQt6_Qt6_qml --> node_venv_lib_python3_12_site-packages_PyQt6_Qt6_qml_QtQuick["QtQuick"]\n    node_venv_lib_python3_12_site-packages_PyQt6_Qt6_qml_QtQuick --> node_venv_lib_python3_12_site-packages_PyQt6_Qt6_qml_QtQuick_Controls["Controls"]\n    node_venv_lib_python3_12_site-packages_PyQt6_Qt6_qml_QtQuick_Controls --> node_venv_lib_python3_12_site-packages_PyQt6_Qt6_qml_QtQuick_Controls_macOS["macOS"]\n    node_venv_lib_python3_12_site-packages_PyQt6_Qt6_qml_QtQuick_Controls_macOS --> node_venv_lib_python3_12_site-packages_PyQt6_Qt6_qml_QtQuick_Controls_macOS_ScrollBar_qml["ScrollBar.qml"]\n    Root --> node_venv["venv"]\n    node_venv --> node_venv_lib["lib"]\n    node_venv_lib --> node_venv_lib_python3_12["python3.12"]\n    node_venv_lib_python3_12 --> node_venv_lib_python3_12_site-packages["site-packages"]\n    node_venv_lib_python3_12_site-packages --> node_venv_lib_python3_12_site-packages_PyQt6["PyQt6"]\n    node_venv_lib_python3_12_site-packages_PyQt6 --> node_venv_lib_python3_12_site-packages_PyQt6_Qt6["Qt6"]\n    node_venv_lib_python3_12_site-packages_PyQt6_Qt6 --> node_venv_lib_python3_12_site-packages_PyQt6_Qt6_qml["qml"]\n    node_venv_lib_python3_12_site-packages_PyQt6_Qt6_qml --> node_venv_lib_python3_12_site-packages_PyQt6_Qt6_qml_QtQuick["QtQuick"]\n    node_venv_lib_python3_12_site-packages_PyQt6_Qt6_qml_QtQuick --> node_venv_lib_python3_12_site-packages_PyQt6_Qt6_qml_QtQuick_Controls["Controls"]\n    node_venv_lib_python3_12_site-packages_PyQt6_Qt6_qml_QtQuick_Controls --> node_venv_lib_python3_12_site-packages_PyQt6_Qt6_qml_QtQuick_Controls_macOS["macOS"]\n    node_venv_lib_python3_12_site-packages_PyQt6_Qt6_qml_QtQuick_Controls_macOS --> node_venv_lib_python3_12_site-packages_PyQt6_Qt6_qml_QtQuick_Controls_macOS_ScrollIndicator_qml["ScrollIndicator.qml"]\n    Root --> node_venv["venv"]\n    node_venv --> node_venv_lib["lib"]\n    node_venv_lib --> node_venv_lib_python3_12["python3.12"]\n    node_venv_lib_python3_12 --> node_venv_lib_python3_12_site-packages["site-packages"]\n    node_venv_lib_python3_12_site-packages --> node_venv_lib_python3_12_site-packages_PyQt6["PyQt6"]\n    node_venv_lib_python3_12_site-packages_PyQt6 --> node_venv_lib_python3_12_site-packages_PyQt6_Qt6["Qt6"]\n    node_venv_lib_python3_12_site-packages_PyQt6_Qt6 --> node_venv_lib_python3_12_site-packages_PyQt6_Qt6_qml["qml"]\n    node_venv_lib_python3_12_site-packages_PyQt6_Qt6_qml --> node_venv_lib_python3_12_site-packages_PyQt6_Qt6_qml_QtQuick["QtQuick"]\n    node_venv_lib_python3_12_site-packages_PyQt6_Qt6_qml_QtQuick --> node_venv_lib_python3_12_site-packages_PyQt6_Qt6_qml_QtQuick_Controls["Controls"]\n    node_venv_lib_python3_12_site-packages_PyQt6_Qt6_qml_QtQuick_Controls --> node_venv_lib_python3_12_site-packages_PyQt6_Qt6_qml_QtQuick_Controls_macOS["macOS"]\n    node_venv_lib_python3_12_site-packages_PyQt6_Qt6_qml_QtQuick_Controls_macOS --> node_venv_lib_python3_12_site-packages_PyQt6_Qt6_qml_QtQuick_Controls_macOS_ScrollView_qml["ScrollView.qml"]\n    Root --> node_venv["venv"]\n    node_venv --> node_venv_lib["lib"]\n    node_venv_lib --> node_venv_lib_python3_12["python3.12"]\n    node_venv_lib_python3_12 --> node_venv_lib_python3_12_site-packages["site-packages"]\n    node_venv_lib_python3_12_site-packages --> node_venv_lib_python3_12_site-packages_PyQt6["PyQt6"]\n    node_venv_lib_python3_12_site-packages_PyQt6 --> node_venv_lib_python3_12_site-packages_PyQt6_Qt6["Qt6"]\n    node_venv_lib_python3_12_site-packages_PyQt6_Qt6 --> node_venv_lib_python3_12_site-packages_PyQt6_Qt6_qml["qml"]\n    node_venv_lib_python3_12_site-packages_PyQt6_Qt6_qml --> node_venv_lib_python3_12_site-packages_PyQt6_Qt6_qml_QtQuick["QtQuick"]\n    node_venv_lib_python3_12_site-packages_PyQt6_Qt6_qml_QtQuick --> node_venv_lib_python3_12_site-packages_PyQt6_Qt6_qml_QtQuick_Controls["Controls"]\n    node_venv_lib_python3_12_site-packages_PyQt6_Qt6_qml_QtQuick_Controls --> node_venv_lib_python3_12_site-packages_PyQt6_Qt6_qml_QtQuick_Controls_macOS["macOS"]\n    node_venv_lib_python3_12_site-packages_PyQt6_Qt6_qml_QtQuick_Controls_macOS --> node_venv_lib_python3_12_site-packages_PyQt6_Qt6_qml_QtQuick_Controls_macOS_SearchField_qml["SearchField.qml"]\n    Root --> node_venv["venv"]\n    node_venv --> node_venv_lib["lib"]\n    node_venv_lib --> node_venv_lib_python3_12["python3.12"]\n    node_venv_lib_python3_12 --> node_venv_lib_python3_12_site-packages["site-packages"]\n    node_venv_lib_python3_12_site-packages --> node_venv_lib_python3_12_site-packages_PyQt6["PyQt6"]\n    node_venv_lib_python3_12_site-packages_PyQt6 --> node_venv_lib_python3_12_site-packages_PyQt6_Qt6["Qt6"]\n    node_venv_lib_python3_12_site-packages_PyQt6_Qt6 --> node_venv_lib_python3_12_site-packages_PyQt6_Qt6_qml["qml"]\n    node_venv_lib_python3_12_site-packages_PyQt6_Qt6_qml --> node_venv_lib_python3_12_site-packages_PyQt6_Qt6_qml_QtQuick["QtQuick"]\n    node_venv_lib_python3_12_site-packages_PyQt6_Qt6_qml_QtQuick --> node_venv_lib_python3_12_site-packages_PyQt6_Qt6_qml_QtQuick_Controls["Controls"]\n    node_venv_lib_python3_12_site-packages_PyQt6_Qt6_qml_QtQuick_Controls --> node_venv_lib_python3_12_site-packages_PyQt6_Qt6_qml_QtQuick_Controls_macOS["macOS"]\n    node_venv_lib_python3_12_site-packages_PyQt6_Qt6_qml_QtQuick_Controls_macOS --> node_venv_lib_python3_12_site-packages_PyQt6_Qt6_qml_QtQuick_Controls_macOS_SelectionRectangle_qml["SelectionRectangle.qml"]\n    Root --> node_venv["venv"]\n    node_venv --> node_venv_lib["lib"]\n    node_venv_lib --> node_venv_lib_python3_12["python3.12"]\n    node_venv_lib_python3_12 --> node_venv_lib_python3_12_site-packages["site-packages"]\n    node_venv_lib_python3_12_site-packages --> node_venv_lib_python3_12_site-packages_PyQt6["PyQt6"]\n    node_venv_lib_python3_12_site-packages_PyQt6 --> node_venv_lib_python3_12_site-packages_PyQt6_Qt6["Qt6"]\n    node_venv_lib_python3_12_site-packages_PyQt6_Qt6 --> node_venv_lib_python3_12_site-packages_PyQt6_Qt6_qml["qml"]\n    node_venv_lib_python3_12_site-packages_PyQt6_Qt6_qml --> node_venv_lib_python3_12_site-packages_PyQt6_Qt6_qml_QtQuick["QtQuick"]\n    node_venv_lib_python3_12_site-packages_PyQt6_Qt6_qml_QtQuick --> node_venv_lib_python3_12_site-packages_PyQt6_Qt6_qml_QtQuick_Controls["Controls"]\n    node_venv_lib_python3_12_site-packages_PyQt6_Qt6_qml_QtQuick_Controls --> node_venv_lib_python3_12_site-packages_PyQt6_Qt6_qml_QtQuick_Controls_macOS["macOS"]\n    node_venv_lib_python3_12_site-packages_PyQt6_Qt6_qml_QtQuick_Controls_macOS --> node_venv_lib_python3_12_site-packages_PyQt6_Qt6_qml_QtQuick_Controls_macOS_Slider_qml["Slider.qml"]\n    Root --> node_venv["venv"]\n    node_venv --> node_venv_lib["lib"]\n    node_venv_lib --> node_venv_lib_python3_12["python3.12"]\n    node_venv_lib_python3_12 --> node_venv_lib_python3_12_site-packages["site-packages"]\n    node_venv_lib_python3_12_site-packages --> node_venv_lib_python3_12_site-packages_PyQt6["PyQt6"]\n    node_venv_lib_python3_12_site-packages_PyQt6 --> node_venv_lib_python3_12_site-packages_PyQt6_Qt6["Qt6"]\n    node_venv_lib_python3_12_site-packages_PyQt6_Qt6 --> node_venv_lib_python3_12_site-packages_PyQt6_Qt6_qml["qml"]\n    node_venv_lib_python3_12_site-packages_PyQt6_Qt6_qml --> node_venv_lib_python3_12_site-packages_PyQt6_Qt6_qml_QtQuick["QtQuick"]\n    node_venv_lib_python3_12_site-packages_PyQt6_Qt6_qml_QtQuick --> node_venv_lib_python3_12_site-packages_PyQt6_Qt6_qml_QtQuick_Controls["Controls"]\n    node_venv_lib_python3_12_site-packages_PyQt6_Qt6_qml_QtQuick_Controls --> node_venv_lib_python3_12_site-packages_PyQt6_Qt6_qml_QtQuick_Controls_macOS["macOS"]\n    node_venv_lib_python3_12_site-packages_PyQt6_Qt6_qml_QtQuick_Controls_macOS --> node_venv_lib_python3_12_site-packages_PyQt6_Qt6_qml_QtQuick_Controls_macOS_SpinBox_qml["SpinBox.qml"]\n    Root --> node_venv["venv"]\n    node_venv --> node_venv_lib["lib"]\n    node_venv_lib --> node_venv_lib_python3_12["python3.12"]\n    node_venv_lib_python3_12 --> node_venv_lib_python3_12_site-packages["site-packages"]\n    node_venv_lib_python3_12_site-packages --> node_venv_lib_python3_12_site-packages_PyQt6["PyQt6"]\n    node_venv_lib_python3_12_site-packages_PyQt6 --> node_venv_lib_python3_12_site-packages_PyQt6_Qt6["Qt6"]\n    node_venv_lib_python3_12_site-packages_PyQt6_Qt6 --> node_venv_lib_python3_12_site-packages_PyQt6_Qt6_qml["qml"]\n    node_venv_lib_python3_12_site-packages_PyQt6_Qt6_qml --> node_venv_lib_python3_12_site-packages_PyQt6_Qt6_qml_QtQuick["QtQuick"]\n    node_venv_lib_python3_12_site-packages_PyQt6_Qt6_qml_QtQuick --> node_venv_lib_python3_12_site-packages_PyQt6_Qt6_qml_QtQuick_Controls["Controls"]\n    node_venv_lib_python3_12_site-packages_PyQt6_Qt6_qml_QtQuick_Controls --> node_venv_lib_python3_12_site-packages_PyQt6_Qt6_qml_QtQuick_Controls_macOS["macOS"]\n    node_venv_lib_python3_12_site-packages_PyQt6_Qt6_qml_QtQuick_Controls_macOS --> node_venv_lib_python3_12_site-packages_PyQt6_Qt6_qml_QtQuick_Controls_macOS_Switch_qml["Switch.qml"]\n    Root --> node_venv["venv"]\n    node_venv --> node_venv_lib["lib"]\n    node_venv_lib --> node_venv_lib_python3_12["python3.12"]\n    node_venv_lib_python3_12 --> node_venv_lib_python3_12_site-packages["site-packages"]\n    node_venv_lib_python3_12_site-packages --> node_venv_lib_python3_12_site-packages_PyQt6["PyQt6"]\n    node_venv_lib_python3_12_site-packages_PyQt6 --> node_venv_lib_python3_12_site-packages_PyQt6_Qt6["Qt6"]\n    node_venv_lib_python3_12_site-packages_PyQt6_Qt6 --> node_venv_lib_python3_12_site-packages_PyQt6_Qt6_qml["qml"]\n    node_venv_lib_python3_12_site-packages_PyQt6_Qt6_qml --> node_venv_lib_python3_12_site-packages_PyQt6_Qt6_qml_QtQuick["QtQuick"]\n    node_venv_lib_python3_12_site-packages_PyQt6_Qt6_qml_QtQuick --> node_venv_lib_python3_12_site-packages_PyQt6_Qt6_qml_QtQuick_Controls["Controls"]\n    node_venv_lib_python3_12_site-packages_PyQt6_Qt6_qml_QtQuick_Controls --> node_venv_lib_python3_12_site-packages_PyQt6_Qt6_qml_QtQuick_Controls_macOS["macOS"]\n    node_venv_lib_python3_12_site-packages_PyQt6_Qt6_qml_QtQuick_Controls_macOS --> node_venv_lib_python3_12_site-packages_PyQt6_Qt6_qml_QtQuick_Controls_macOS_SwitchDelegate_qml["SwitchDelegate.qml"]\n    Root --> node_venv["venv"]\n    node_venv --> node_venv_lib["lib"]\n    node_venv_lib --> node_venv_lib_python3_12["python3.12"]\n    node_venv_lib_python3_12 --> node_venv_lib_python3_12_site-packages["site-packages"]\n    node_venv_lib_python3_12_site-packages --> node_venv_lib_python3_12_site-packages_PyQt6["PyQt6"]\n    node_venv_lib_python3_12_site-packages_PyQt6 --> node_venv_lib_python3_12_site-packages_PyQt6_Qt6["Qt6"]\n    node_venv_lib_python3_12_site-packages_PyQt6_Qt6 --> node_venv_lib_python3_12_site-packages_PyQt6_Qt6_qml["qml"]\n    node_venv_lib_python3_12_site-packages_PyQt6_Qt6_qml --> node_venv_lib_python3_12_site-packages_PyQt6_Qt6_qml_QtQuick["QtQuick"]\n    node_venv_lib_python3_12_site-packages_PyQt6_Qt6_qml_QtQuick --> node_venv_lib_python3_12_site-packages_PyQt6_Qt6_qml_QtQuick_Controls["Controls"]\n    node_venv_lib_python3_12_site-packages_PyQt6_Qt6_qml_QtQuick_Controls --> node_venv_lib_python3_12_site-packages_PyQt6_Qt6_qml_QtQuick_Controls_macOS["macOS"]\n    node_venv_lib_python3_12_site-packages_PyQt6_Qt6_qml_QtQuick_Controls_macOS --> node_venv_lib_python3_12_site-packages_PyQt6_Qt6_qml_QtQuick_Controls_macOS_TextArea_qml["TextArea.qml"]\n    Root --> node_venv["venv"]\n    node_venv --> node_venv_lib["lib"]\n    node_venv_lib --> node_venv_lib_python3_12["python3.12"]\n    node_venv_lib_python3_12 --> node_venv_lib_python3_12_site-packages["site-packages"]\n    node_venv_lib_python3_12_site-packages --> node_venv_lib_python3_12_site-packages_PyQt6["PyQt6"]\n    node_venv_lib_python3_12_site-packages_PyQt6 --> node_venv_lib_python3_12_site-packages_PyQt6_Qt6["Qt6"]\n    node_venv_lib_python3_12_site-packages_PyQt6_Qt6 --> node_venv_lib_python3_12_site-packages_PyQt6_Qt6_qml["qml"]\n    node_venv_lib_python3_12_site-packages_PyQt6_Qt6_qml --> node_venv_lib_python3_12_site-packages_PyQt6_Qt6_qml_QtQuick["QtQuick"]\n    node_venv_lib_python3_12_site-packages_PyQt6_Qt6_qml_QtQuick --> node_venv_lib_python3_12_site-packages_PyQt6_Qt6_qml_QtQuick_Controls["Controls"]\n    node_venv_lib_python3_12_site-packages_PyQt6_Qt6_qml_QtQuick_Controls --> node_venv_lib_python3_12_site-packages_PyQt6_Qt6_qml_QtQuick_Controls_macOS["macOS"]\n    node_venv_lib_python3_12_site-packages_PyQt6_Qt6_qml_QtQuick_Controls_macOS --> node_venv_lib_python3_12_site-packages_PyQt6_Qt6_qml_QtQuick_Controls_macOS_TextField_qml["TextField.qml"]\n    Root --> node_venv["venv"]\n    node_venv --> node_venv_lib["lib"]\n    node_venv_lib --> node_venv_lib_python3_12["python3.12"]\n    node_venv_lib_python3_12 --> node_venv_lib_python3_12_site-packages["site-packages"]\n    node_venv_lib_python3_12_site-packages --> node_venv_lib_python3_12_site-packages_PyQt6["PyQt6"]\n    node_venv_lib_python3_12_site-packages_PyQt6 --> node_venv_lib_python3_12_site-packages_PyQt6_Qt6["Qt6"]\n    node_venv_lib_python3_12_site-packages_PyQt6_Qt6 --> node_venv_lib_python3_12_site-packages_PyQt6_Qt6_qml["qml"]\n    node_venv_lib_python3_12_site-packages_PyQt6_Qt6_qml --> node_venv_lib_python3_12_site-packages_PyQt6_Qt6_qml_QtQuick["QtQuick"]\n    node_venv_lib_python3_12_site-packages_PyQt6_Qt6_qml_QtQuick --> node_venv_lib_python3_12_site-packages_PyQt6_Qt6_qml_QtQuick_Controls["Controls"]\n    node_venv_lib_python3_12_site-packages_PyQt6_Qt6_qml_QtQuick_Controls --> node_venv_lib_python3_12_site-packages_PyQt6_Qt6_qml_QtQuick_Controls_macOS["macOS"]\n    node_venv_lib_python3_12_site-packages_PyQt6_Qt6_qml_QtQuick_Controls_macOS --> node_venv_lib_python3_12_site-packages_PyQt6_Qt6_qml_QtQuick_Controls_macOS_TreeViewDelegate_qml["TreeViewDelegate.qml"]\n    Root --> node_venv["venv"]\n    node_venv --> node_venv_lib["lib"]\n    node_venv_lib --> node_venv_lib_python3_12["python3.12"]\n    node_venv_lib_python3_12 --> node_venv_lib_python3_12_site-packages["site-packages"]\n    node_venv_lib_python3_12_site-packages --> node_venv_lib_python3_12_site-packages_PyQt6["PyQt6"]\n    node_venv_lib_python3_12_site-packages_PyQt6 --> node_venv_lib_python3_12_site-packages_PyQt6_Qt6["Qt6"]\n    node_venv_lib_python3_12_site-packages_PyQt6_Qt6 --> node_venv_lib_python3_12_site-packages_PyQt6_Qt6_qml["qml"]\n    node_venv_lib_python3_12_site-packages_PyQt6_Qt6_qml --> node_venv_lib_python3_12_site-packages_PyQt6_Qt6_qml_QtQuick["QtQuick"]\n    node_venv_lib_python3_12_site-packages_PyQt6_Qt6_qml_QtQuick --> node_venv_lib_python3_12_site-packages_PyQt6_Qt6_qml_QtQuick_Controls["Controls"]\n    node_venv_lib_python3_12_site-packages_PyQt6_Qt6_qml_QtQuick_Controls --> node_venv_lib_python3_12_site-packages_PyQt6_Qt6_qml_QtQuick_Controls_macOS["macOS"]\n    node_venv_lib_python3_12_site-packages_PyQt6_Qt6_qml_QtQuick_Controls_macOS --> node_venv_lib_python3_12_site-packages_PyQt6_Qt6_qml_QtQuick_Controls_macOS_libqtquickcontrols2macosstyleplugin_dylib["libqtquickcontrols2macosstyleplugin.dylib"]\n    Root --> node_venv["venv"]\n    node_venv --> node_venv_lib["lib"]\n    node_venv_lib --> node_venv_lib_python3_12["python3.12"]\n    node_venv_lib_python3_12 --> node_venv_lib_python3_12_site-packages["site-packages"]\n    node_venv_lib_python3_12_site-packages --> node_venv_lib_python3_12_site-packages_PyQt6["PyQt6"]\n    node_venv_lib_python3_12_site-packages_PyQt6 --> node_venv_lib_python3_12_site-packages_PyQt6_Qt6["Qt6"]\n    node_venv_lib_python3_12_site-packages_PyQt6_Qt6 --> node_venv_lib_python3_12_site-packages_PyQt6_Qt6_qml["qml"]\n    node_venv_lib_python3_12_site-packages_PyQt6_Qt6_qml --> node_venv_lib_python3_12_site-packages_PyQt6_Qt6_qml_QtQuick["QtQuick"]\n    node_venv_lib_python3_12_site-packages_PyQt6_Qt6_qml_QtQuick --> node_venv_lib_python3_12_site-packages_PyQt6_Qt6_qml_QtQuick_Controls["Controls"]\n    node_venv_lib_python3_12_site-packages_PyQt6_Qt6_qml_QtQuick_Controls --> node_venv_lib_python3_12_site-packages_PyQt6_Qt6_qml_QtQuick_Controls_macOS["macOS"]\n    node_venv_lib_python3_12_site-packages_PyQt6_Qt6_qml_QtQuick_Controls_macOS --> node_venv_lib_python3_12_site-packages_PyQt6_Qt6_qml_QtQuick_Controls_macOS_plugins_qmltypes["plugins.qmltypes"]\n    Root --> node_venv["venv"]\n    node_venv --> node_venv_lib["lib"]\n    node_venv_lib --> node_venv_lib_python3_12["python3.12"]\n    node_venv_lib_python3_12 --> node_venv_lib_python3_12_site-packages["site-packages"]\n    node_venv_lib_python3_12_site-packages --> node_venv_lib_python3_12_site-packages_PyQt6["PyQt6"]\n    node_venv_lib_python3_12_site-packages_PyQt6 --> node_venv_lib_python3_12_site-packages_PyQt6_Qt6["Qt6"]\n    node_venv_lib_python3_12_site-packages_PyQt6_Qt6 --> node_venv_lib_python3_12_site-packages_PyQt6_Qt6_qml["qml"]\n    node_venv_lib_python3_12_site-packages_PyQt6_Qt6_qml --> node_venv_lib_python3_12_site-packages_PyQt6_Qt6_qml_QtQuick["QtQuick"]\n    node_venv_lib_python3_12_site-packages_PyQt6_Qt6_qml_QtQuick --> node_venv_lib_python3_12_site-packages_PyQt6_Qt6_qml_QtQuick_Controls["Controls"]\n    node_venv_lib_python3_12_site-packages_PyQt6_Qt6_qml_QtQuick_Controls --> node_venv_lib_python3_12_site-packages_PyQt6_Qt6_qml_QtQuick_Controls_macOS["macOS"]\n    node_venv_lib_python3_12_site-packages_PyQt6_Qt6_qml_QtQuick_Controls_macOS --> node_venv_lib_python3_12_site-packages_PyQt6_Qt6_qml_QtQuick_Controls_macOS_qmldir["qmldir"]\n    Root --> node_venv["venv"]\n    node_venv --> node_venv_lib["lib"]\n    node_venv_lib --> node_venv_lib_python3_12["python3.12"]\n    node_venv_lib_python3_12 --> node_venv_lib_python3_12_site-packages["site-packages"]\n    node_venv_lib_python3_12_site-packages --> node_venv_lib_python3_12_site-packages_PyQt6["PyQt6"]\n    node_venv_lib_python3_12_site-packages_PyQt6 --> node_venv_lib_python3_12_site-packages_PyQt6_Qt6["Qt6"]\n    node_venv_lib_python3_12_site-packages_PyQt6_Qt6 --> node_venv_lib_python3_12_site-packages_PyQt6_Qt6_qml["qml"]\n    node_venv_lib_python3_12_site-packages_PyQt6_Qt6_qml --> node_venv_lib_python3_12_site-packages_PyQt6_Qt6_qml_QtQuick["QtQuick"]\n    node_venv_lib_python3_12_site-packages_PyQt6_Qt6_qml_QtQuick --> node_venv_lib_python3_12_site-packages_PyQt6_Qt6_qml_QtQuick_Controls["Controls"]\n    node_venv_lib_python3_12_site-packages_PyQt6_Qt6_qml_QtQuick_Controls --> node_venv_lib_python3_12_site-packages_PyQt6_Qt6_qml_QtQuick_Controls_macOS["macOS"]\n    node_venv_lib_python3_12_site-packages_PyQt6_Qt6_qml_QtQuick_Controls_macOS --> node_venv_lib_python3_12_site-packages_PyQt6_Qt6_qml_QtQuick_Controls_macOS_impl["impl"]\n    node_venv_lib_python3_12_site-packages_PyQt6_Qt6_qml_QtQuick_Controls_macOS_impl --> node_venv_lib_python3_12_site-packages_PyQt6_Qt6_qml_QtQuick_Controls_macOS_impl_CheckIndicator_qml["CheckIndicator.qml"]\n    Root --> node_venv["venv"]\n    node_venv --> node_venv_lib["lib"]\n    node_venv_lib --> node_venv_lib_python3_12["python3.12"]\n    node_venv_lib_python3_12 --> node_venv_lib_python3_12_site-packages["site-packages"]\n    node_venv_lib_python3_12_site-packages --> node_venv_lib_python3_12_site-packages_PyQt6["PyQt6"]\n    node_venv_lib_python3_12_site-packages_PyQt6 --> node_venv_lib_python3_12_site-packages_PyQt6_Qt6["Qt6"]\n    node_venv_lib_python3_12_site-packages_PyQt6_Qt6 --> node_venv_lib_python3_12_site-packages_PyQt6_Qt6_qml["qml"]\n    node_venv_lib_python3_12_site-packages_PyQt6_Qt6_qml --> node_venv_lib_python3_12_site-packages_PyQt6_Qt6_qml_QtQuick["QtQuick"]\n    node_venv_lib_python3_12_site-packages_PyQt6_Qt6_qml_QtQuick --> node_venv_lib_python3_12_site-packages_PyQt6_Qt6_qml_QtQuick_Controls["Controls"]\n    node_venv_lib_python3_12_site-packages_PyQt6_Qt6_qml_QtQuick_Controls --> node_venv_lib_python3_12_site-packages_PyQt6_Qt6_qml_QtQuick_Controls_macOS["macOS"]\n    node_venv_lib_python3_12_site-packages_PyQt6_Qt6_qml_QtQuick_Controls_macOS --> node_venv_lib_python3_12_site-packages_PyQt6_Qt6_qml_QtQuick_Controls_macOS_impl["impl"]\n    node_venv_lib_python3_12_site-packages_PyQt6_Qt6_qml_QtQuick_Controls_macOS_impl --> node_venv_lib_python3_12_site-packages_PyQt6_Qt6_qml_QtQuick_Controls_macOS_impl_QuickControls2MacOSStyleImpl_qmltypes["QuickControls2MacOSStyleImpl.qmltypes"]\n    Root --> node_venv["venv"]\n    node_venv --> node_venv_lib["lib"]\n    node_venv_lib --> node_venv_lib_python3_12["python3.12"]\n    node_venv_lib_python3_12 --> node_venv_lib_python3_12_site-packages["site-packages"]\n    node_venv_lib_python3_12_site-packages --> node_venv_lib_python3_12_site-packages_PyQt6["PyQt6"]\n    node_venv_lib_python3_12_site-packages_PyQt6 --> node_venv_lib_python3_12_site-packages_PyQt6_Qt6["Qt6"]\n    node_venv_lib_python3_12_site-packages_PyQt6_Qt6 --> node_venv_lib_python3_12_site-packages_PyQt6_Qt6_qml["qml"]\n    node_venv_lib_python3_12_site-packages_PyQt6_Qt6_qml --> node_venv_lib_python3_12_site-packages_PyQt6_Qt6_qml_QtQuick["QtQuick"]\n    node_venv_lib_python3_12_site-packages_PyQt6_Qt6_qml_QtQuick --> node_venv_lib_python3_12_site-packages_PyQt6_Qt6_qml_QtQuick_Controls["Controls"]\n    node_venv_lib_python3_12_site-packages_PyQt6_Qt6_qml_QtQuick_Controls --> node_venv_lib_python3_12_site-packages_PyQt6_Qt6_qml_QtQuick_Controls_macOS["macOS"]\n    node_venv_lib_python3_12_site-packages_PyQt6_Qt6_qml_QtQuick_Controls_macOS --> node_venv_lib_python3_12_site-packages_PyQt6_Qt6_qml_QtQuick_Controls_macOS_impl["impl"]\n    node_venv_lib_python3_12_site-packages_PyQt6_Qt6_qml_QtQuick_Controls_macOS_impl --> node_venv_lib_python3_12_site-packages_PyQt6_Qt6_qml_QtQuick_Controls_macOS_impl_SliderHandle_qml["SliderHandle.qml"]\n    Root --> node_venv["venv"]\n    node_venv --> node_venv_lib["lib"]\n    node_venv_lib --> node_venv_lib_python3_12["python3.12"]\n    node_venv_lib_python3_12 --> node_venv_lib_python3_12_site-packages["site-packages"]\n    node_venv_lib_python3_12_site-packages --> node_venv_lib_python3_12_site-packages_PyQt6["PyQt6"]\n    node_venv_lib_python3_12_site-packages_PyQt6 --> node_venv_lib_python3_12_site-packages_PyQt6_Qt6["Qt6"]\n    node_venv_lib_python3_12_site-packages_PyQt6_Qt6 --> node_venv_lib_python3_12_site-packages_PyQt6_Qt6_qml["qml"]\n    node_venv_lib_python3_12_site-packages_PyQt6_Qt6_qml --> node_venv_lib_python3_12_site-packages_PyQt6_Qt6_qml_QtQuick["QtQuick"]\n    node_venv_lib_python3_12_site-packages_PyQt6_Qt6_qml_QtQuick --> node_venv_lib_python3_12_site-packages_PyQt6_Qt6_qml_QtQuick_Controls["Controls"]\n    node_venv_lib_python3_12_site-packages_PyQt6_Qt6_qml_QtQuick_Controls --> node_venv_lib_python3_12_site-packages_PyQt6_Qt6_qml_QtQuick_Controls_macOS["macOS"]\n    node_venv_lib_python3_12_site-packages_PyQt6_Qt6_qml_QtQuick_Controls_macOS --> node_venv_lib_python3_12_site-packages_PyQt6_Qt6_qml_QtQuick_Controls_macOS_impl["impl"]\n    node_venv_lib_python3_12_site-packages_PyQt6_Qt6_qml_QtQuick_Controls_macOS_impl --> node_venv_lib_python3_12_site-packages_PyQt6_Qt6_qml_QtQuick_Controls_macOS_impl_SwitchHandle_qml["SwitchHandle.qml"]\n    Root --> node_venv["venv"]\n    node_venv --> node_venv_lib["lib"]\n    node_venv_lib --> node_venv_lib_python3_12["python3.12"]\n    node_venv_lib_python3_12 --> node_venv_lib_python3_12_site-packages["site-packages"]\n    node_venv_lib_python3_12_site-packages --> node_venv_lib_python3_12_site-packages_PyQt6["PyQt6"]\n    node_venv_lib_python3_12_site-packages_PyQt6 --> node_venv_lib_python3_12_site-packages_PyQt6_Qt6["Qt6"]\n    node_venv_lib_python3_12_site-packages_PyQt6_Qt6 --> node_venv_lib_python3_12_site-packages_PyQt6_Qt6_qml["qml"]\n    node_venv_lib_python3_12_site-packages_PyQt6_Qt6_qml --> node_venv_lib_python3_12_site-packages_PyQt6_Qt6_qml_QtQuick["QtQuick"]\n    node_venv_lib_python3_12_site-packages_PyQt6_Qt6_qml_QtQuick --> node_venv_lib_python3_12_site-packages_PyQt6_Qt6_qml_QtQuick_Controls["Controls"]\n    node_venv_lib_python3_12_site-packages_PyQt6_Qt6_qml_QtQuick_Controls --> node_venv_lib_python3_12_site-packages_PyQt6_Qt6_qml_QtQuick_Controls_macOS["macOS"]\n    node_venv_lib_python3_12_site-packages_PyQt6_Qt6_qml_QtQuick_Controls_macOS --> node_venv_lib_python3_12_site-packages_PyQt6_Qt6_qml_QtQuick_Controls_macOS_impl["impl"]\n    node_venv_lib_python3_12_site-packages_PyQt6_Qt6_qml_QtQuick_Controls_macOS_impl --> node_venv_lib_python3_12_site-packages_PyQt6_Qt6_qml_QtQuick_Controls_macOS_impl_SwitchIndicator_qml["SwitchIndicator.qml"]\n    Root --> node_venv["venv"]\n    node_venv --> node_venv_lib["lib"]\n    node_venv_lib --> node_venv_lib_python3_12["python3.12"]\n    node_venv_lib_python3_12 --> node_venv_lib_python3_12_site-packages["site-packages"]\n    node_venv_lib_python3_12_site-packages --> node_venv_lib_python3_12_site-packages_PyQt6["PyQt6"]\n    node_venv_lib_python3_12_site-packages_PyQt6 --> node_venv_lib_python3_12_site-packages_PyQt6_Qt6["Qt6"]\n    node_venv_lib_python3_12_site-packages_PyQt6_Qt6 --> node_venv_lib_python3_12_site-packages_PyQt6_Qt6_qml["qml"]\n    node_venv_lib_python3_12_site-packages_PyQt6_Qt6_qml --> node_venv_lib_python3_12_site-packages_PyQt6_Qt6_qml_QtQuick["QtQuick"]\n    node_venv_lib_python3_12_site-packages_PyQt6_Qt6_qml_QtQuick --> node_venv_lib_python3_12_site-packages_PyQt6_Qt6_qml_QtQuick_Controls["Controls"]\n    node_venv_lib_python3_12_site-packages_PyQt6_Qt6_qml_QtQuick_Controls --> node_venv_lib_python3_12_site-packages_PyQt6_Qt6_qml_QtQuick_Controls_macOS["macOS"]\n    node_venv_lib_python3_12_site-packages_PyQt6_Qt6_qml_QtQuick_Controls_macOS --> node_venv_lib_python3_12_site-packages_PyQt6_Qt6_qml_QtQuick_Controls_macOS_impl["impl"]\n    node_venv_lib_python3_12_site-packages_PyQt6_Qt6_qml_QtQuick_Controls_macOS_impl --> node_venv_lib_python3_12_site-packages_PyQt6_Qt6_qml_QtQuick_Controls_macOS_impl_libqtquickcontrols2macosstyleimplplugin_dylib["libqtquickcontrols2macosstyleimplplugin.dylib"]\n    Root --> node_venv["venv"]\n    node_venv --> node_venv_lib["lib"]\n    node_venv_lib --> node_venv_lib_python3_12["python3.12"]\n    node_venv_lib_python3_12 --> node_venv_lib_python3_12_site-packages["site-packages"]\n    node_venv_lib_python3_12_site-packages --> node_venv_lib_python3_12_site-packages_PyQt6["PyQt6"]\n    node_venv_lib_python3_12_site-packages_PyQt6 --> node_venv_lib_python3_12_site-packages_PyQt6_Qt6["Qt6"]\n    node_venv_lib_python3_12_site-packages_PyQt6_Qt6 --> node_venv_lib_python3_12_site-packages_PyQt6_Qt6_qml["qml"]\n    node_venv_lib_python3_12_site-packages_PyQt6_Qt6_qml --> node_venv_lib_python3_12_site-packages_PyQt6_Qt6_qml_QtQuick["QtQuick"]\n    node_venv_lib_python3_12_site-packages_PyQt6_Qt6_qml_QtQuick --> node_venv_lib_python3_12_site-packages_PyQt6_Qt6_qml_QtQuick_Controls["Controls"]\n    node_venv_lib_python3_12_site-packages_PyQt6_Qt6_qml_QtQuick_Controls --> node_venv_lib_python3_12_site-packages_PyQt6_Qt6_qml_QtQuick_Controls_macOS["macOS"]\n    node_venv_lib_python3_12_site-packages_PyQt6_Qt6_qml_QtQuick_Controls_macOS --> node_venv_lib_python3_12_site-packages_PyQt6_Qt6_qml_QtQuick_Controls_macOS_impl["impl"]\n    node_venv_lib_python3_12_site-packages_PyQt6_Qt6_qml_QtQuick_Controls_macOS_impl --> node_venv_lib_python3_12_site-packages_PyQt6_Qt6_qml_QtQuick_Controls_macOS_impl_qmldir["qmldir"]\n    Root --> node_venv["venv"]\n    node_venv --> node_venv_lib["lib"]\n    node_venv_lib --> node_venv_lib_python3_12["python3.12"]\n    node_venv_lib_python3_12 --> node_venv_lib_python3_12_site-packages["site-packages"]\n    node_venv_lib_python3_12_site-packages --> node_venv_lib_python3_12_site-packages_PyQt6["PyQt6"]\n    node_venv_lib_python3_12_site-packages_PyQt6 --> node_venv_lib_python3_12_site-packages_PyQt6_Qt6["Qt6"]\n    node_venv_lib_python3_12_site-packages_PyQt6_Qt6 --> node_venv_lib_python3_12_site-packages_PyQt6_Qt6_qml["qml"]\n    node_venv_lib_python3_12_site-packages_PyQt6_Qt6_qml --> node_venv_lib_python3_12_site-packages_PyQt6_Qt6_qml_QtQuick["QtQuick"]\n    node_venv_lib_python3_12_site-packages_PyQt6_Qt6_qml_QtQuick --> node_venv_lib_python3_12_site-packages_PyQt6_Qt6_qml_QtQuick_Controls["Controls"]\n    node_venv_lib_python3_12_site-packages_PyQt6_Qt6_qml_QtQuick_Controls --> node_venv_lib_python3_12_site-packages_PyQt6_Qt6_qml_QtQuick_Controls_macOS["macOS"]\n    node_venv_lib_python3_12_site-packages_PyQt6_Qt6_qml_QtQuick_Controls_macOS --> node_venv_lib_python3_12_site-packages_PyQt6_Qt6_qml_QtQuick_Controls_macOS_images["images"]\n    node_venv_lib_python3_12_site-packages_PyQt6_Qt6_qml_QtQuick_Controls_macOS_images --> node_venv_lib_python3_12_site-packages_PyQt6_Qt6_qml_QtQuick_Controls_macOS_images_busyindicator-dark_webp["busyindicator-dark.webp"]\n    Root --> node_venv["venv"]\n    node_venv --> node_venv_lib["lib"]\n    node_venv_lib --> node_venv_lib_python3_12["python3.12"]\n    node_venv_lib_python3_12 --> node_venv_lib_python3_12_site-packages["site-packages"]\n    node_venv_lib_python3_12_site-packages --> node_venv_lib_python3_12_site-packages_PyQt6["PyQt6"]\n    node_venv_lib_python3_12_site-packages_PyQt6 --> node_venv_lib_python3_12_site-packages_PyQt6_Qt6["Qt6"]\n    node_venv_lib_python3_12_site-packages_PyQt6_Qt6 --> node_venv_lib_python3_12_site-packages_PyQt6_Qt6_qml["qml"]\n    node_venv_lib_python3_12_site-packages_PyQt6_Qt6_qml --> node_venv_lib_python3_12_site-packages_PyQt6_Qt6_qml_QtQuick["QtQuick"]\n    node_venv_lib_python3_12_site-packages_PyQt6_Qt6_qml_QtQuick --> node_venv_lib_python3_12_site-packages_PyQt6_Qt6_qml_QtQuick_Controls["Controls"]\n    node_venv_lib_python3_12_site-packages_PyQt6_Qt6_qml_QtQuick_Controls --> node_venv_lib_python3_12_site-packages_PyQt6_Qt6_qml_QtQuick_Controls_macOS["macOS"]\n    node_venv_lib_python3_12_site-packages_PyQt6_Qt6_qml_QtQuick_Controls_macOS --> node_venv_lib_python3_12_site-packages_PyQt6_Qt6_qml_QtQuick_Controls_macOS_images["images"]\n    node_venv_lib_python3_12_site-packages_PyQt6_Qt6_qml_QtQuick_Controls_macOS_images --> node_venv_lib_python3_12_site-packages_PyQt6_Qt6_qml_QtQuick_Controls_macOS_images_busyindicator-dark@2x_webp["busyindicator-dark@2x.webp"]\n    Root --> node_venv["venv"]\n    node_venv --> node_venv_lib["lib"]\n    node_venv_lib --> node_venv_lib_python3_12["python3.12"]\n    node_venv_lib_python3_12 --> node_venv_lib_python3_12_site-packages["site-packages"]\n    node_venv_lib_python3_12_site-packages --> node_venv_lib_python3_12_site-packages_PyQt6["PyQt6"]\n    node_venv_lib_python3_12_site-packages_PyQt6 --> node_venv_lib_python3_12_site-packages_PyQt6_Qt6["Qt6"]\n    node_venv_lib_python3_12_site-packages_PyQt6_Qt6 --> node_venv_lib_python3_12_site-packages_PyQt6_Qt6_qml["qml"]\n    node_venv_lib_python3_12_site-packages_PyQt6_Qt6_qml --> node_venv_lib_python3_12_site-packages_PyQt6_Qt6_qml_QtQuick["QtQuick"]\n    node_venv_lib_python3_12_site-packages_PyQt6_Qt6_qml_QtQuick --> node_venv_lib_python3_12_site-packages_PyQt6_Qt6_qml_QtQuick_Controls["Controls"]\n    node_venv_lib_python3_12_site-packages_PyQt6_Qt6_qml_QtQuick_Controls --> node_venv_lib_python3_12_site-packages_PyQt6_Qt6_qml_QtQuick_Controls_macOS["macOS"]\n    node_venv_lib_python3_12_site-packages_PyQt6_Qt6_qml_QtQuick_Controls_macOS --> node_venv_lib_python3_12_site-packages_PyQt6_Qt6_qml_QtQuick_Controls_macOS_images["images"]\n    node_venv_lib_python3_12_site-packages_PyQt6_Qt6_qml_QtQuick_Controls_macOS_images --> node_venv_lib_python3_12_site-packages_PyQt6_Qt6_qml_QtQuick_Controls_macOS_images_busyindicator-dark@3x_webp["busyindicator-dark@3x.webp"]\n    Root --> node_venv["venv"]\n    node_venv --> node_venv_lib["lib"]\n    node_venv_lib --> node_venv_lib_python3_12["python3.12"]\n    node_venv_lib_python3_12 --> node_venv_lib_python3_12_site-packages["site-packages"]\n    node_venv_lib_python3_12_site-packages --> node_venv_lib_python3_12_site-packages_PyQt6["PyQt6"]\n    node_venv_lib_python3_12_site-packages_PyQt6 --> node_venv_lib_python3_12_site-packages_PyQt6_Qt6["Qt6"]\n    node_venv_lib_python3_12_site-packages_PyQt6_Qt6 --> node_venv_lib_python3_12_site-packages_PyQt6_Qt6_qml["qml"]\n    node_venv_lib_python3_12_site-packages_PyQt6_Qt6_qml --> node_venv_lib_python3_12_site-packages_PyQt6_Qt6_qml_QtQuick["QtQuick"]\n    node_venv_lib_python3_12_site-packages_PyQt6_Qt6_qml_QtQuick --> node_venv_lib_python3_12_site-packages_PyQt6_Qt6_qml_QtQuick_Controls["Controls"]\n    node_venv_lib_python3_12_site-packages_PyQt6_Qt6_qml_QtQuick_Controls --> node_venv_lib_python3_12_site-packages_PyQt6_Qt6_qml_QtQuick_Controls_macOS["macOS"]\n    node_venv_lib_python3_12_site-packages_PyQt6_Qt6_qml_QtQuick_Controls_macOS --> node_venv_lib_python3_12_site-packages_PyQt6_Qt6_qml_QtQuick_Controls_macOS_images["images"]\n    node_venv_lib_python3_12_site-packages_PyQt6_Qt6_qml_QtQuick_Controls_macOS_images --> node_venv_lib_python3_12_site-packages_PyQt6_Qt6_qml_QtQuick_Controls_macOS_images_busyindicator-light_webp["busyindicator-light.webp"]\n    Root --> node_venv["venv"]\n    node_venv --> node_venv_lib["lib"]\n    node_venv_lib --> node_venv_lib_python3_12["python3.12"]\n    node_venv_lib_python3_12 --> node_venv_lib_python3_12_site-packages["site-packages"]\n    node_venv_lib_python3_12_site-packages --> node_venv_lib_python3_12_site-packages_PyQt6["PyQt6"]\n    node_venv_lib_python3_12_site-packages_PyQt6 --> node_venv_lib_python3_12_site-packages_PyQt6_Qt6["Qt6"]\n    node_venv_lib_python3_12_site-packages_PyQt6_Qt6 --> node_venv_lib_python3_12_site-packages_PyQt6_Qt6_qml["qml"]\n    node_venv_lib_python3_12_site-packages_PyQt6_Qt6_qml --> node_venv_lib_python3_12_site-packages_PyQt6_Qt6_qml_QtQuick["QtQuick"]\n    node_venv_lib_python3_12_site-packages_PyQt6_Qt6_qml_QtQuick --> node_venv_lib_python3_12_site-packages_PyQt6_Qt6_qml_QtQuick_Controls["Controls"]\n    node_venv_lib_python3_12_site-packages_PyQt6_Qt6_qml_QtQuick_Controls --> node_venv_lib_python3_12_site-packages_PyQt6_Qt6_qml_QtQuick_Controls_macOS["macOS"]\n    node_venv_lib_python3_12_site-packages_PyQt6_Qt6_qml_QtQuick_Controls_macOS --> node_venv_lib_python3_12_site-packages_PyQt6_Qt6_qml_QtQuick_Controls_macOS_images["images"]\n    node_venv_lib_python3_12_site-packages_PyQt6_Qt6_qml_QtQuick_Controls_macOS_images --> node_venv_lib_python3_12_site-packages_PyQt6_Qt6_qml_QtQuick_Controls_macOS_images_busyindicator-light@2x_webp["busyindicator-light@2x.webp"]\n    Root --> node_venv["venv"]\n    node_venv --> node_venv_lib["lib"]\n    node_venv_lib --> node_venv_lib_python3_12["python3.12"]\n    node_venv_lib_python3_12 --> node_venv_lib_python3_12_site-packages["site-packages"]\n    node_venv_lib_python3_12_site-packages --> node_venv_lib_python3_12_site-packages_PyQt6["PyQt6"]\n    node_venv_lib_python3_12_site-packages_PyQt6 --> node_venv_lib_python3_12_site-packages_PyQt6_Qt6["Qt6"]\n    node_venv_lib_python3_12_site-packages_PyQt6_Qt6 --> node_venv_lib_python3_12_site-packages_PyQt6_Qt6_qml["qml"]\n    node_venv_lib_python3_12_site-packages_PyQt6_Qt6_qml --> node_venv_lib_python3_12_site-packages_PyQt6_Qt6_qml_QtQuick["QtQuick"]\n    node_venv_lib_python3_12_site-packages_PyQt6_Qt6_qml_QtQuick --> node_venv_lib_python3_12_site-packages_PyQt6_Qt6_qml_QtQuick_Controls["Controls"]\n    node_venv_lib_python3_12_site-packages_PyQt6_Qt6_qml_QtQuick_Controls --> node_venv_lib_python3_12_site-packages_PyQt6_Qt6_qml_QtQuick_Controls_macOS["macOS"]\n    node_venv_lib_python3_12_site-packages_PyQt6_Qt6_qml_QtQuick_Controls_macOS --> node_venv_lib_python3_12_site-packages_PyQt6_Qt6_qml_QtQuick_Controls_macOS_images["images"]\n    node_venv_lib_python3_12_site-packages_PyQt6_Qt6_qml_QtQuick_Controls_macOS_images --> node_venv_lib_python3_12_site-packages_PyQt6_Qt6_qml_QtQuick_Controls_macOS_images_busyindicator-light@3x_webp["busyindicator-light@3x.webp"]\n    Root --> node_venv["venv"]\n    node_venv --> node_venv_lib["lib"]\n    node_venv_lib --> node_venv_lib_python3_12["python3.12"]\n    node_venv_lib_python3_12 --> node_venv_lib_python3_12_site-packages["site-packages"]\n    node_venv_lib_python3_12_site-packages --> node_venv_lib_python3_12_site-packages_PyQt6["PyQt6"]\n    node_venv_lib_python3_12_site-packages_PyQt6 --> node_venv_lib_python3_12_site-packages_PyQt6_Qt6["Qt6"]\n    node_venv_lib_python3_12_site-packages_PyQt6_Qt6 --> node_venv_lib_python3_12_site-packages_PyQt6_Qt6_qml["qml"]\n    node_venv_lib_python3_12_site-packages_PyQt6_Qt6_qml --> node_venv_lib_python3_12_site-packages_PyQt6_Qt6_qml_QtQuick["QtQuick"]\n    node_venv_lib_python3_12_site-packages_PyQt6_Qt6_qml_QtQuick --> node_venv_lib_python3_12_site-packages_PyQt6_Qt6_qml_QtQuick_Controls["Controls"]\n    node_venv_lib_python3_12_site-packages_PyQt6_Qt6_qml_QtQuick_Controls --> node_venv_lib_python3_12_site-packages_PyQt6_Qt6_qml_QtQuick_Controls_macOS["macOS"]\n    node_venv_lib_python3_12_site-packages_PyQt6_Qt6_qml_QtQuick_Controls_macOS --> node_venv_lib_python3_12_site-packages_PyQt6_Qt6_qml_QtQuick_Controls_macOS_images["images"]\n    node_venv_lib_python3_12_site-packages_PyQt6_Qt6_qml_QtQuick_Controls_macOS_images --> node_venv_lib_python3_12_site-packages_PyQt6_Qt6_qml_QtQuick_Controls_macOS_images_checkmark_png["checkmark.png"]\n    Root --> node_venv["venv"]\n    node_venv --> node_venv_lib["lib"]\n    node_venv_lib --> node_venv_lib_python3_12["python3.12"]\n    node_venv_lib_python3_12 --> node_venv_lib_python3_12_site-packages["site-packages"]\n    node_venv_lib_python3_12_site-packages --> node_venv_lib_python3_12_site-packages_PyQt6["PyQt6"]\n    node_venv_lib_python3_12_site-packages_PyQt6 --> node_venv_lib_python3_12_site-packages_PyQt6_Qt6["Qt6"]\n    node_venv_lib_python3_12_site-packages_PyQt6_Qt6 --> node_venv_lib_python3_12_site-packages_PyQt6_Qt6_qml["qml"]\n    node_venv_lib_python3_12_site-packages_PyQt6_Qt6_qml --> node_venv_lib_python3_12_site-packages_PyQt6_Qt6_qml_QtQuick["QtQuick"]\n    node_venv_lib_python3_12_site-packages_PyQt6_Qt6_qml_QtQuick --> node_venv_lib_python3_12_site-packages_PyQt6_Qt6_qml_QtQuick_Controls["Controls"]\n    node_venv_lib_python3_12_site-packages_PyQt6_Qt6_qml_QtQuick_Controls --> node_venv_lib_python3_12_site-packages_PyQt6_Qt6_qml_QtQuick_Controls_macOS["macOS"]\n    node_venv_lib_python3_12_site-packages_PyQt6_Qt6_qml_QtQuick_Controls_macOS --> node_venv_lib_python3_12_site-packages_PyQt6_Qt6_qml_QtQuick_Controls_macOS_images["images"]\n    node_venv_lib_python3_12_site-packages_PyQt6_Qt6_qml_QtQuick_Controls_macOS_images --> node_venv_lib_python3_12_site-packages_PyQt6_Qt6_qml_QtQuick_Controls_macOS_images_checkmark@2x_png["checkmark@2x.png"]\n    Root --> node_venv["venv"]\n    node_venv --> node_venv_lib["lib"]\n    node_venv_lib --> node_venv_lib_python3_12["python3.12"]\n    node_venv_lib_python3_12 --> node_venv_lib_python3_12_site-packages["site-packages"]\n    node_venv_lib_python3_12_site-packages --> node_venv_lib_python3_12_site-packages_PyQt6["PyQt6"]\n    node_venv_lib_python3_12_site-packages_PyQt6 --> node_venv_lib_python3_12_site-packages_PyQt6_Qt6["Qt6"]\n    node_venv_lib_python3_12_site-packages_PyQt6_Qt6 --> node_venv_lib_python3_12_site-packages_PyQt6_Qt6_qml["qml"]\n    node_venv_lib_python3_12_site-packages_PyQt6_Qt6_qml --> node_venv_lib_python3_12_site-packages_PyQt6_Qt6_qml_QtQuick["QtQuick"]\n    node_venv_lib_python3_12_site-packages_PyQt6_Qt6_qml_QtQuick --> node_venv_lib_python3_12_site-packages_PyQt6_Qt6_qml_QtQuick_Controls["Controls"]\n    node_venv_lib_python3_12_site-packages_PyQt6_Qt6_qml_QtQuick_Controls --> node_venv_lib_python3_12_site-packages_PyQt6_Qt6_qml_QtQuick_Controls_macOS["macOS"]\n    node_venv_lib_python3_12_site-packages_PyQt6_Qt6_qml_QtQuick_Controls_macOS --> node_venv_lib_python3_12_site-packages_PyQt6_Qt6_qml_QtQuick_Controls_macOS_images["images"]\n    node_venv_lib_python3_12_site-packages_PyQt6_Qt6_qml_QtQuick_Controls_macOS_images --> node_venv_lib_python3_12_site-packages_PyQt6_Qt6_qml_QtQuick_Controls_macOS_images_checkmark@3x_png["checkmark@3x.png"]\n    Root --> node_venv["venv"]\n    node_venv --> node_venv_lib["lib"]\n    node_venv_lib --> node_venv_lib_python3_12["python3.12"]\n    node_venv_lib_python3_12 --> node_venv_lib_python3_12_site-packages["site-packages"]\n    node_venv_lib_python3_12_site-packages --> node_venv_lib_python3_12_site-packages_PyQt6["PyQt6"]\n    node_venv_lib_python3_12_site-packages_PyQt6 --> node_venv_lib_python3_12_site-packages_PyQt6_Qt6["Qt6"]\n    node_venv_lib_python3_12_site-packages_PyQt6_Qt6 --> node_venv_lib_python3_12_site-packages_PyQt6_Qt6_qml["qml"]\n    node_venv_lib_python3_12_site-packages_PyQt6_Qt6_qml --> node_venv_lib_python3_12_site-packages_PyQt6_Qt6_qml_QtQuick["QtQuick"]\n    node_venv_lib_python3_12_site-packages_PyQt6_Qt6_qml_QtQuick --> node_venv_lib_python3_12_site-packages_PyQt6_Qt6_qml_QtQuick_Controls["Controls"]\n    node_venv_lib_python3_12_site-packages_PyQt6_Qt6_qml_QtQuick_Controls --> node_venv_lib_python3_12_site-packages_PyQt6_Qt6_qml_QtQuick_Controls_macOS["macOS"]\n    node_venv_lib_python3_12_site-packages_PyQt6_Qt6_qml_QtQuick_Controls_macOS --> node_venv_lib_python3_12_site-packages_PyQt6_Qt6_qml_QtQuick_Controls_macOS_images["images"]\n    node_venv_lib_python3_12_site-packages_PyQt6_Qt6_qml_QtQuick_Controls_macOS_images --> node_venv_lib_python3_12_site-packages_PyQt6_Qt6_qml_QtQuick_Controls_macOS_images_menuarrow_png["menuarrow.png"]\n    Root --> node_venv["venv"]\n    node_venv --> node_venv_lib["lib"]\n    node_venv_lib --> node_venv_lib_python3_12["python3.12"]\n    node_venv_lib_python3_12 --> node_venv_lib_python3_12_site-packages["site-packages"]\n    node_venv_lib_python3_12_site-packages --> node_venv_lib_python3_12_site-packages_PyQt6["PyQt6"]\n    node_venv_lib_python3_12_site-packages_PyQt6 --> node_venv_lib_python3_12_site-packages_PyQt6_Qt6["Qt6"]\n    node_venv_lib_python3_12_site-packages_PyQt6_Qt6 --> node_venv_lib_python3_12_site-packages_PyQt6_Qt6_qml["qml"]\n    node_venv_lib_python3_12_site-packages_PyQt6_Qt6_qml --> node_venv_lib_python3_12_site-packages_PyQt6_Qt6_qml_QtQuick["QtQuick"]\n    node_venv_lib_python3_12_site-packages_PyQt6_Qt6_qml_QtQuick --> node_venv_lib_python3_12_site-packages_PyQt6_Qt6_qml_QtQuick_Controls["Controls"]\n    node_venv_lib_python3_12_site-packages_PyQt6_Qt6_qml_QtQuick_Controls --> node_venv_lib_python3_12_site-packages_PyQt6_Qt6_qml_QtQuick_Controls_macOS["macOS"]\n    node_venv_lib_python3_12_site-packages_PyQt6_Qt6_qml_QtQuick_Controls_macOS --> node_venv_lib_python3_12_site-packages_PyQt6_Qt6_qml_QtQuick_Controls_macOS_images["images"]\n    node_venv_lib_python3_12_site-packages_PyQt6_Qt6_qml_QtQuick_Controls_macOS_images --> node_venv_lib_python3_12_site-packages_PyQt6_Qt6_qml_QtQuick_Controls_macOS_images_menuarrow@2x_png["menuarrow@2x.png"]\n    Root --> node_venv["venv"]\n    node_venv --> node_venv_lib["lib"]\n    node_venv_lib --> node_venv_lib_python3_12["python3.12"]\n    node_venv_lib_python3_12 --> node_venv_lib_python3_12_site-packages["site-packages"]\n    node_venv_lib_python3_12_site-packages --> node_venv_lib_python3_12_site-packages_PyQt6["PyQt6"]\n    node_venv_lib_python3_12_site-packages_PyQt6 --> node_venv_lib_python3_12_site-packages_PyQt6_Qt6["Qt6"]\n    node_venv_lib_python3_12_site-packages_PyQt6_Qt6 --> node_venv_lib_python3_12_site-packages_PyQt6_Qt6_qml["qml"]\n    node_venv_lib_python3_12_site-packages_PyQt6_Qt6_qml --> node_venv_lib_python3_12_site-packages_PyQt6_Qt6_qml_QtQuick["QtQuick"]\n    node_venv_lib_python3_12_site-packages_PyQt6_Qt6_qml_QtQuick --> node_venv_lib_python3_12_site-packages_PyQt6_Qt6_qml_QtQuick_Controls["Controls"]\n    node_venv_lib_python3_12_site-packages_PyQt6_Qt6_qml_QtQuick_Controls --> node_venv_lib_python3_12_site-packages_PyQt6_Qt6_qml_QtQuick_Controls_macOS["macOS"]\n    node_venv_lib_python3_12_site-packages_PyQt6_Qt6_qml_QtQuick_Controls_macOS --> node_venv_lib_python3_12_site-packages_PyQt6_Qt6_qml_QtQuick_Controls_macOS_images["images"]\n    node_venv_lib_python3_12_site-packages_PyQt6_Qt6_qml_QtQuick_Controls_macOS_images --> node_venv_lib_python3_12_site-packages_PyQt6_Qt6_qml_QtQuick_Controls_macOS_images_menuarrow@3x_png["menuarrow@3x.png"]\n    Root --> node_venv["venv"]\n    node_venv --> node_venv_lib["lib"]\n    node_venv_lib --> node_venv_lib_python3_12["python3.12"]\n    node_venv_lib_python3_12 --> node_venv_lib_python3_12_site-packages["site-packages"]\n    node_venv_lib_python3_12_site-packages --> node_venv_lib_python3_12_site-packages_PyQt6["PyQt6"]\n    node_venv_lib_python3_12_site-packages_PyQt6 --> node_venv_lib_python3_12_site-packages_PyQt6_Qt6["Qt6"]\n    node_venv_lib_python3_12_site-packages_PyQt6_Qt6 --> node_venv_lib_python3_12_site-packages_PyQt6_Qt6_qml["qml"]\n    node_venv_lib_python3_12_site-packages_PyQt6_Qt6_qml --> node_venv_lib_python3_12_site-packages_PyQt6_Qt6_qml_QtQuick["QtQuick"]\n    node_venv_lib_python3_12_site-packages_PyQt6_Qt6_qml_QtQuick --> node_venv_lib_python3_12_site-packages_PyQt6_Qt6_qml_QtQuick_Controls["Controls"]\n    node_venv_lib_python3_12_site-packages_PyQt6_Qt6_qml_QtQuick_Controls --> node_venv_lib_python3_12_site-packages_PyQt6_Qt6_qml_QtQuick_Controls_Universal["Universal"]\n    node_venv_lib_python3_12_site-packages_PyQt6_Qt6_qml_QtQuick_Controls_Universal --> node_venv_lib_python3_12_site-packages_PyQt6_Qt6_qml_QtQuick_Controls_Universal_ApplicationWindow_qml["ApplicationWindow.qml"]\n    Root --> node_venv["venv"]\n    node_venv --> node_venv_lib["lib"]\n    node_venv_lib --> node_venv_lib_python3_12["python3.12"]\n    node_venv_lib_python3_12 --> node_venv_lib_python3_12_site-packages["site-packages"]\n    node_venv_lib_python3_12_site-packages --> node_venv_lib_python3_12_site-packages_PyQt6["PyQt6"]\n    node_venv_lib_python3_12_site-packages_PyQt6 --> node_venv_lib_python3_12_site-packages_PyQt6_Qt6["Qt6"]\n    node_venv_lib_python3_12_site-packages_PyQt6_Qt6 --> node_venv_lib_python3_12_site-packages_PyQt6_Qt6_qml["qml"]\n    node_venv_lib_python3_12_site-packages_PyQt6_Qt6_qml --> node_venv_lib_python3_12_site-packages_PyQt6_Qt6_qml_QtQuick["QtQuick"]\n    node_venv_lib_python3_12_site-packages_PyQt6_Qt6_qml_QtQuick --> node_venv_lib_python3_12_site-packages_PyQt6_Qt6_qml_QtQuick_Controls["Controls"]\n    node_venv_lib_python3_12_site-packages_PyQt6_Qt6_qml_QtQuick_Controls --> node_venv_lib_python3_12_site-packages_PyQt6_Qt6_qml_QtQuick_Controls_Universal["Universal"]\n    node_venv_lib_python3_12_site-packages_PyQt6_Qt6_qml_QtQuick_Controls_Universal --> node_venv_lib_python3_12_site-packages_PyQt6_Qt6_qml_QtQuick_Controls_Universal_BusyIndicator_qml["BusyIndicator.qml"]\n    Root --> node_venv["venv"]\n    node_venv --> node_venv_lib["lib"]\n    node_venv_lib --> node_venv_lib_python3_12["python3.12"]\n    node_venv_lib_python3_12 --> node_venv_lib_python3_12_site-packages["site-packages"]\n    node_venv_lib_python3_12_site-packages --> node_venv_lib_python3_12_site-packages_PyQt6["PyQt6"]\n    node_venv_lib_python3_12_site-packages_PyQt6 --> node_venv_lib_python3_12_site-packages_PyQt6_Qt6["Qt6"]\n    node_venv_lib_python3_12_site-packages_PyQt6_Qt6 --> node_venv_lib_python3_12_site-packages_PyQt6_Qt6_qml["qml"]\n    node_venv_lib_python3_12_site-packages_PyQt6_Qt6_qml --> node_venv_lib_python3_12_site-packages_PyQt6_Qt6_qml_QtQuick["QtQuick"]\n    node_venv_lib_python3_12_site-packages_PyQt6_Qt6_qml_QtQuick --> node_venv_lib_python3_12_site-packages_PyQt6_Qt6_qml_QtQuick_Controls["Controls"]\n    node_venv_lib_python3_12_site-packages_PyQt6_Qt6_qml_QtQuick_Controls --> node_venv_lib_python3_12_site-packages_PyQt6_Qt6_qml_QtQuick_Controls_Universal["Universal"]\n    node_venv_lib_python3_12_site-packages_PyQt6_Qt6_qml_QtQuick_Controls_Universal --> node_venv_lib_python3_12_site-packages_PyQt6_Qt6_qml_QtQuick_Controls_Universal_Button_qml["Button.qml"]\n    Root --> node_venv["venv"]\n    node_venv --> node_venv_lib["lib"]\n    node_venv_lib --> node_venv_lib_python3_12["python3.12"]\n    node_venv_lib_python3_12 --> node_venv_lib_python3_12_site-packages["site-packages"]\n    node_venv_lib_python3_12_site-packages --> node_venv_lib_python3_12_site-packages_PyQt6["PyQt6"]\n    node_venv_lib_python3_12_site-packages_PyQt6 --> node_venv_lib_python3_12_site-packages_PyQt6_Qt6["Qt6"]\n    node_venv_lib_python3_12_site-packages_PyQt6_Qt6 --> node_venv_lib_python3_12_site-packages_PyQt6_Qt6_qml["qml"]\n    node_venv_lib_python3_12_site-packages_PyQt6_Qt6_qml --> node_venv_lib_python3_12_site-packages_PyQt6_Qt6_qml_QtQuick["QtQuick"]\n    node_venv_lib_python3_12_site-packages_PyQt6_Qt6_qml_QtQuick --> node_venv_lib_python3_12_site-packages_PyQt6_Qt6_qml_QtQuick_Controls["Controls"]\n    node_venv_lib_python3_12_site-packages_PyQt6_Qt6_qml_QtQuick_Controls --> node_venv_lib_python3_12_site-packages_PyQt6_Qt6_qml_QtQuick_Controls_Universal["Universal"]\n    node_venv_lib_python3_12_site-packages_PyQt6_Qt6_qml_QtQuick_Controls_Universal --> node_venv_lib_python3_12_site-packages_PyQt6_Qt6_qml_QtQuick_Controls_Universal_CheckBox_qml["CheckBox.qml"]\n    Root --> node_venv["venv"]\n    node_venv --> node_venv_lib["lib"]\n    node_venv_lib --> node_venv_lib_python3_12["python3.12"]\n    node_venv_lib_python3_12 --> node_venv_lib_python3_12_site-packages["site-packages"]\n    node_venv_lib_python3_12_site-packages --> node_venv_lib_python3_12_site-packages_PyQt6["PyQt6"]\n    node_venv_lib_python3_12_site-packages_PyQt6 --> node_venv_lib_python3_12_site-packages_PyQt6_Qt6["Qt6"]\n    node_venv_lib_python3_12_site-packages_PyQt6_Qt6 --> node_venv_lib_python3_12_site-packages_PyQt6_Qt6_qml["qml"]\n    node_venv_lib_python3_12_site-packages_PyQt6_Qt6_qml --> node_venv_lib_python3_12_site-packages_PyQt6_Qt6_qml_QtQuick["QtQuick"]\n    node_venv_lib_python3_12_site-packages_PyQt6_Qt6_qml_QtQuick --> node_venv_lib_python3_12_site-packages_PyQt6_Qt6_qml_QtQuick_Controls["Controls"]\n    node_venv_lib_python3_12_site-packages_PyQt6_Qt6_qml_QtQuick_Controls --> node_venv_lib_python3_12_site-packages_PyQt6_Qt6_qml_QtQuick_Controls_Universal["Universal"]\n    node_venv_lib_python3_12_site-packages_PyQt6_Qt6_qml_QtQuick_Controls_Universal --> node_venv_lib_python3_12_site-packages_PyQt6_Qt6_qml_QtQuick_Controls_Universal_CheckDelegate_qml["CheckDelegate.qml"]\n    Root --> node_venv["venv"]\n    node_venv --> node_venv_lib["lib"]\n    node_venv_lib --> node_venv_lib_python3_12["python3.12"]\n    node_venv_lib_python3_12 --> node_venv_lib_python3_12_site-packages["site-packages"]\n    node_venv_lib_python3_12_site-packages --> node_venv_lib_python3_12_site-packages_PyQt6["PyQt6"]\n    node_venv_lib_python3_12_site-packages_PyQt6 --> node_venv_lib_python3_12_site-packages_PyQt6_Qt6["Qt6"]\n    node_venv_lib_python3_12_site-packages_PyQt6_Qt6 --> node_venv_lib_python3_12_site-packages_PyQt6_Qt6_qml["qml"]\n    node_venv_lib_python3_12_site-packages_PyQt6_Qt6_qml --> node_venv_lib_python3_12_site-packages_PyQt6_Qt6_qml_QtQuick["QtQuick"]\n    node_venv_lib_python3_12_site-packages_PyQt6_Qt6_qml_QtQuick --> node_venv_lib_python3_12_site-packages_PyQt6_Qt6_qml_QtQuick_Controls["Controls"]\n    node_venv_lib_python3_12_site-packages_PyQt6_Qt6_qml_QtQuick_Controls --> node_venv_lib_python3_12_site-packages_PyQt6_Qt6_qml_QtQuick_Controls_Universal["Universal"]\n    node_venv_lib_python3_12_site-packages_PyQt6_Qt6_qml_QtQuick_Controls_Universal --> node_venv_lib_python3_12_site-packages_PyQt6_Qt6_qml_QtQuick_Controls_Universal_ComboBox_qml["ComboBox.qml"]\n    Root --> node_venv["venv"]\n    node_venv --> node_venv_lib["lib"]\n    node_venv_lib --> node_venv_lib_python3_12["python3.12"]\n    node_venv_lib_python3_12 --> node_venv_lib_python3_12_site-packages["site-packages"]\n    node_venv_lib_python3_12_site-packages --> node_venv_lib_python3_12_site-packages_PyQt6["PyQt6"]\n    node_venv_lib_python3_12_site-packages_PyQt6 --> node_venv_lib_python3_12_site-packages_PyQt6_Qt6["Qt6"]\n    node_venv_lib_python3_12_site-packages_PyQt6_Qt6 --> node_venv_lib_python3_12_site-packages_PyQt6_Qt6_qml["qml"]\n    node_venv_lib_python3_12_site-packages_PyQt6_Qt6_qml --> node_venv_lib_python3_12_site-packages_PyQt6_Qt6_qml_QtQuick["QtQuick"]\n    node_venv_lib_python3_12_site-packages_PyQt6_Qt6_qml_QtQuick --> node_venv_lib_python3_12_site-packages_PyQt6_Qt6_qml_QtQuick_Controls["Controls"]\n    node_venv_lib_python3_12_site-packages_PyQt6_Qt6_qml_QtQuick_Controls --> node_venv_lib_python3_12_site-packages_PyQt6_Qt6_qml_QtQuick_Controls_Universal["Universal"]\n    node_venv_lib_python3_12_site-packages_PyQt6_Qt6_qml_QtQuick_Controls_Universal --> node_venv_lib_python3_12_site-packages_PyQt6_Qt6_qml_QtQuick_Controls_Universal_DelayButton_qml["DelayButton.qml"]\n    Root --> node_venv["venv"]\n    node_venv --> node_venv_lib["lib"]\n    node_venv_lib --> node_venv_lib_python3_12["python3.12"]\n    node_venv_lib_python3_12 --> node_venv_lib_python3_12_site-packages["site-packages"]\n    node_venv_lib_python3_12_site-packages --> node_venv_lib_python3_12_site-packages_PyQt6["PyQt6"]\n    node_venv_lib_python3_12_site-packages_PyQt6 --> node_venv_lib_python3_12_site-packages_PyQt6_Qt6["Qt6"]\n    node_venv_lib_python3_12_site-packages_PyQt6_Qt6 --> node_venv_lib_python3_12_site-packages_PyQt6_Qt6_qml["qml"]\n    node_venv_lib_python3_12_site-packages_PyQt6_Qt6_qml --> node_venv_lib_python3_12_site-packages_PyQt6_Qt6_qml_QtQuick["QtQuick"]\n    node_venv_lib_python3_12_site-packages_PyQt6_Qt6_qml_QtQuick --> node_venv_lib_python3_12_site-packages_PyQt6_Qt6_qml_QtQuick_Controls["Controls"]\n    node_venv_lib_python3_12_site-packages_PyQt6_Qt6_qml_QtQuick_Controls --> node_venv_lib_python3_12_site-packages_PyQt6_Qt6_qml_QtQuick_Controls_Universal["Universal"]\n    node_venv_lib_python3_12_site-packages_PyQt6_Qt6_qml_QtQuick_Controls_Universal --> node_venv_lib_python3_12_site-packages_PyQt6_Qt6_qml_QtQuick_Controls_Universal_Dial_qml["Dial.qml"]\n    Root --> node_venv["venv"]\n    node_venv --> node_venv_lib["lib"]\n    node_venv_lib --> node_venv_lib_python3_12["python3.12"]\n    node_venv_lib_python3_12 --> node_venv_lib_python3_12_site-packages["site-packages"]\n    node_venv_lib_python3_12_site-packages --> node_venv_lib_python3_12_site-packages_PyQt6["PyQt6"]\n    node_venv_lib_python3_12_site-packages_PyQt6 --> node_venv_lib_python3_12_site-packages_PyQt6_Qt6["Qt6"]\n    node_venv_lib_python3_12_site-packages_PyQt6_Qt6 --> node_venv_lib_python3_12_site-packages_PyQt6_Qt6_qml["qml"]\n    node_venv_lib_python3_12_site-packages_PyQt6_Qt6_qml --> node_venv_lib_python3_12_site-packages_PyQt6_Qt6_qml_QtQuick["QtQuick"]\n    node_venv_lib_python3_12_site-packages_PyQt6_Qt6_qml_QtQuick --> node_venv_lib_python3_12_site-packages_PyQt6_Qt6_qml_QtQuick_Controls["Controls"]\n    node_venv_lib_python3_12_site-packages_PyQt6_Qt6_qml_QtQuick_Controls --> node_venv_lib_python3_12_site-packages_PyQt6_Qt6_qml_QtQuick_Controls_Universal["Universal"]\n    node_venv_lib_python3_12_site-packages_PyQt6_Qt6_qml_QtQuick_Controls_Universal --> node_venv_lib_python3_12_site-packages_PyQt6_Qt6_qml_QtQuick_Controls_Universal_Dialog_qml["Dialog.qml"]\n    Root --> node_venv["venv"]\n    node_venv --> node_venv_lib["lib"]\n    node_venv_lib --> node_venv_lib_python3_12["python3.12"]\n    node_venv_lib_python3_12 --> node_venv_lib_python3_12_site-packages["site-packages"]\n    node_venv_lib_python3_12_site-packages --> node_venv_lib_python3_12_site-packages_PyQt6["PyQt6"]\n    node_venv_lib_python3_12_site-packages_PyQt6 --> node_venv_lib_python3_12_site-packages_PyQt6_Qt6["Qt6"]\n    node_venv_lib_python3_12_site-packages_PyQt6_Qt6 --> node_venv_lib_python3_12_site-packages_PyQt6_Qt6_qml["qml"]\n    node_venv_lib_python3_12_site-packages_PyQt6_Qt6_qml --> node_venv_lib_python3_12_site-packages_PyQt6_Qt6_qml_QtQuick["QtQuick"]\n    node_venv_lib_python3_12_site-packages_PyQt6_Qt6_qml_QtQuick --> node_venv_lib_python3_12_site-packages_PyQt6_Qt6_qml_QtQuick_Controls["Controls"]\n    node_venv_lib_python3_12_site-packages_PyQt6_Qt6_qml_QtQuick_Controls --> node_venv_lib_python3_12_site-packages_PyQt6_Qt6_qml_QtQuick_Controls_Universal["Universal"]\n    node_venv_lib_python3_12_site-packages_PyQt6_Qt6_qml_QtQuick_Controls_Universal --> node_venv_lib_python3_12_site-packages_PyQt6_Qt6_qml_QtQuick_Controls_Universal_DialogButtonBox_qml["DialogButtonBox.qml"]\n    Root --> node_venv["venv"]\n    node_venv --> node_venv_lib["lib"]\n    node_venv_lib --> node_venv_lib_python3_12["python3.12"]\n    node_venv_lib_python3_12 --> node_venv_lib_python3_12_site-packages["site-packages"]\n    node_venv_lib_python3_12_site-packages --> node_venv_lib_python3_12_site-packages_PyQt6["PyQt6"]\n    node_venv_lib_python3_12_site-packages_PyQt6 --> node_venv_lib_python3_12_site-packages_PyQt6_Qt6["Qt6"]\n    node_venv_lib_python3_12_site-packages_PyQt6_Qt6 --> node_venv_lib_python3_12_site-packages_PyQt6_Qt6_qml["qml"]\n    node_venv_lib_python3_12_site-packages_PyQt6_Qt6_qml --> node_venv_lib_python3_12_site-packages_PyQt6_Qt6_qml_QtQuick["QtQuick"]\n    node_venv_lib_python3_12_site-packages_PyQt6_Qt6_qml_QtQuick --> node_venv_lib_python3_12_site-packages_PyQt6_Qt6_qml_QtQuick_Controls["Controls"]\n    node_venv_lib_python3_12_site-packages_PyQt6_Qt6_qml_QtQuick_Controls --> node_venv_lib_python3_12_site-packages_PyQt6_Qt6_qml_QtQuick_Controls_Universal["Universal"]\n    node_venv_lib_python3_12_site-packages_PyQt6_Qt6_qml_QtQuick_Controls_Universal --> node_venv_lib_python3_12_site-packages_PyQt6_Qt6_qml_QtQuick_Controls_Universal_Drawer_qml["Drawer.qml"]\n    Root --> node_venv["venv"]\n    node_venv --> node_venv_lib["lib"]\n    node_venv_lib --> node_venv_lib_python3_12["python3.12"]\n    node_venv_lib_python3_12 --> node_venv_lib_python3_12_site-packages["site-packages"]\n    node_venv_lib_python3_12_site-packages --> node_venv_lib_python3_12_site-packages_PyQt6["PyQt6"]\n    node_venv_lib_python3_12_site-packages_PyQt6 --> node_venv_lib_python3_12_site-packages_PyQt6_Qt6["Qt6"]\n    node_venv_lib_python3_12_site-packages_PyQt6_Qt6 --> node_venv_lib_python3_12_site-packages_PyQt6_Qt6_qml["qml"]\n    node_venv_lib_python3_12_site-packages_PyQt6_Qt6_qml --> node_venv_lib_python3_12_site-packages_PyQt6_Qt6_qml_QtQuick["QtQuick"]\n    node_venv_lib_python3_12_site-packages_PyQt6_Qt6_qml_QtQuick --> node_venv_lib_python3_12_site-packages_PyQt6_Qt6_qml_QtQuick_Controls["Controls"]\n    node_venv_lib_python3_12_site-packages_PyQt6_Qt6_qml_QtQuick_Controls --> node_venv_lib_python3_12_site-packages_PyQt6_Qt6_qml_QtQuick_Controls_Universal["Universal"]\n    node_venv_lib_python3_12_site-packages_PyQt6_Qt6_qml_QtQuick_Controls_Universal --> node_venv_lib_python3_12_site-packages_PyQt6_Qt6_qml_QtQuick_Controls_Universal_Frame_qml["Frame.qml"]\n    Root --> node_venv["venv"]\n    node_venv --> node_venv_lib["lib"]\n    node_venv_lib --> node_venv_lib_python3_12["python3.12"]\n    node_venv_lib_python3_12 --> node_venv_lib_python3_12_site-packages["site-packages"]\n    node_venv_lib_python3_12_site-packages --> node_venv_lib_python3_12_site-packages_PyQt6["PyQt6"]\n    node_venv_lib_python3_12_site-packages_PyQt6 --> node_venv_lib_python3_12_site-packages_PyQt6_Qt6["Qt6"]\n    node_venv_lib_python3_12_site-packages_PyQt6_Qt6 --> node_venv_lib_python3_12_site-packages_PyQt6_Qt6_qml["qml"]\n    node_venv_lib_python3_12_site-packages_PyQt6_Qt6_qml --> node_venv_lib_python3_12_site-packages_PyQt6_Qt6_qml_QtQuick["QtQuick"]\n    node_venv_lib_python3_12_site-packages_PyQt6_Qt6_qml_QtQuick --> node_venv_lib_python3_12_site-packages_PyQt6_Qt6_qml_QtQuick_Controls["Controls"]\n    node_venv_lib_python3_12_site-packages_PyQt6_Qt6_qml_QtQuick_Controls --> node_venv_lib_python3_12_site-packages_PyQt6_Qt6_qml_QtQuick_Controls_Universal["Universal"]\n    node_venv_lib_python3_12_site-packages_PyQt6_Qt6_qml_QtQuick_Controls_Universal --> node_venv_lib_python3_12_site-packages_PyQt6_Qt6_qml_QtQuick_Controls_Universal_GroupBox_qml["GroupBox.qml"]\n    Root --> node_venv["venv"]\n    node_venv --> node_venv_lib["lib"]\n    node_venv_lib --> node_venv_lib_python3_12["python3.12"]\n    node_venv_lib_python3_12 --> node_venv_lib_python3_12_site-packages["site-packages"]\n    node_venv_lib_python3_12_site-packages --> node_venv_lib_python3_12_site-packages_PyQt6["PyQt6"]\n    node_venv_lib_python3_12_site-packages_PyQt6 --> node_venv_lib_python3_12_site-packages_PyQt6_Qt6["Qt6"]\n    node_venv_lib_python3_12_site-packages_PyQt6_Qt6 --> node_venv_lib_python3_12_site-packages_PyQt6_Qt6_qml["qml"]\n    node_venv_lib_python3_12_site-packages_PyQt6_Qt6_qml --> node_venv_lib_python3_12_site-packages_PyQt6_Qt6_qml_QtQuick["QtQuick"]\n    node_venv_lib_python3_12_site-packages_PyQt6_Qt6_qml_QtQuick --> node_venv_lib_python3_12_site-packages_PyQt6_Qt6_qml_QtQuick_Controls["Controls"]\n    node_venv_lib_python3_12_site-packages_PyQt6_Qt6_qml_QtQuick_Controls --> node_venv_lib_python3_12_site-packages_PyQt6_Qt6_qml_QtQuick_Controls_Universal["Universal"]\n    node_venv_lib_python3_12_site-packages_PyQt6_Qt6_qml_QtQuick_Controls_Universal --> node_venv_lib_python3_12_site-packages_PyQt6_Qt6_qml_QtQuick_Controls_Universal_HorizontalHeaderView_qml["HorizontalHeaderView.qml"]\n    Root --> node_venv["venv"]\n    node_venv --> node_venv_lib["lib"]\n    node_venv_lib --> node_venv_lib_python3_12["python3.12"]\n    node_venv_lib_python3_12 --> node_venv_lib_python3_12_site-packages["site-packages"]\n    node_venv_lib_python3_12_site-packages --> node_venv_lib_python3_12_site-packages_PyQt6["PyQt6"]\n    node_venv_lib_python3_12_site-packages_PyQt6 --> node_venv_lib_python3_12_site-packages_PyQt6_Qt6["Qt6"]\n    node_venv_lib_python3_12_site-packages_PyQt6_Qt6 --> node_venv_lib_python3_12_site-packages_PyQt6_Qt6_qml["qml"]\n    node_venv_lib_python3_12_site-packages_PyQt6_Qt6_qml --> node_venv_lib_python3_12_site-packages_PyQt6_Qt6_qml_QtQuick["QtQuick"]\n    node_venv_lib_python3_12_site-packages_PyQt6_Qt6_qml_QtQuick --> node_venv_lib_python3_12_site-packages_PyQt6_Qt6_qml_QtQuick_Controls["Controls"]\n    node_venv_lib_python3_12_site-packages_PyQt6_Qt6_qml_QtQuick_Controls --> node_venv_lib_python3_12_site-packages_PyQt6_Qt6_qml_QtQuick_Controls_Universal["Universal"]\n    node_venv_lib_python3_12_site-packages_PyQt6_Qt6_qml_QtQuick_Controls_Universal --> node_venv_lib_python3_12_site-packages_PyQt6_Qt6_qml_QtQuick_Controls_Universal_HorizontalHeaderViewDelegate_qml["HorizontalHeaderViewDelegate.qml"]\n    Root --> node_venv["venv"]\n    node_venv --> node_venv_lib["lib"]\n    node_venv_lib --> node_venv_lib_python3_12["python3.12"]\n    node_venv_lib_python3_12 --> node_venv_lib_python3_12_site-packages["site-packages"]\n    node_venv_lib_python3_12_site-packages --> node_venv_lib_python3_12_site-packages_PyQt6["PyQt6"]\n    node_venv_lib_python3_12_site-packages_PyQt6 --> node_venv_lib_python3_12_site-packages_PyQt6_Qt6["Qt6"]\n    node_venv_lib_python3_12_site-packages_PyQt6_Qt6 --> node_venv_lib_python3_12_site-packages_PyQt6_Qt6_qml["qml"]\n    node_venv_lib_python3_12_site-packages_PyQt6_Qt6_qml --> node_venv_lib_python3_12_site-packages_PyQt6_Qt6_qml_QtQuick["QtQuick"]\n    node_venv_lib_python3_12_site-packages_PyQt6_Qt6_qml_QtQuick --> node_venv_lib_python3_12_site-packages_PyQt6_Qt6_qml_QtQuick_Controls["Controls"]\n    node_venv_lib_python3_12_site-packages_PyQt6_Qt6_qml_QtQuick_Controls --> node_venv_lib_python3_12_site-packages_PyQt6_Qt6_qml_QtQuick_Controls_Universal["Universal"]\n    node_venv_lib_python3_12_site-packages_PyQt6_Qt6_qml_QtQuick_Controls_Universal --> node_venv_lib_python3_12_site-packages_PyQt6_Qt6_qml_QtQuick_Controls_Universal_ItemDelegate_qml["ItemDelegate.qml"]\n    Root --> node_venv["venv"]\n    node_venv --> node_venv_lib["lib"]\n    node_venv_lib --> node_venv_lib_python3_12["python3.12"]\n    node_venv_lib_python3_12 --> node_venv_lib_python3_12_site-packages["site-packages"]\n    node_venv_lib_python3_12_site-packages --> node_venv_lib_python3_12_site-packages_PyQt6["PyQt6"]\n    node_venv_lib_python3_12_site-packages_PyQt6 --> node_venv_lib_python3_12_site-packages_PyQt6_Qt6["Qt6"]\n    node_venv_lib_python3_12_site-packages_PyQt6_Qt6 --> node_venv_lib_python3_12_site-packages_PyQt6_Qt6_qml["qml"]\n    node_venv_lib_python3_12_site-packages_PyQt6_Qt6_qml --> node_venv_lib_python3_12_site-packages_PyQt6_Qt6_qml_QtQuick["QtQuick"]\n    node_venv_lib_python3_12_site-packages_PyQt6_Qt6_qml_QtQuick --> node_venv_lib_python3_12_site-packages_PyQt6_Qt6_qml_QtQuick_Controls["Controls"]\n    node_venv_lib_python3_12_site-packages_PyQt6_Qt6_qml_QtQuick_Controls --> node_venv_lib_python3_12_site-packages_PyQt6_Qt6_qml_QtQuick_Controls_Universal["Universal"]\n    node_venv_lib_python3_12_site-packages_PyQt6_Qt6_qml_QtQuick_Controls_Universal --> node_venv_lib_python3_12_site-packages_PyQt6_Qt6_qml_QtQuick_Controls_Universal_Label_qml["Label.qml"]\n    Root --> node_venv["venv"]\n    node_venv --> node_venv_lib["lib"]\n    node_venv_lib --> node_venv_lib_python3_12["python3.12"]\n    node_venv_lib_python3_12 --> node_venv_lib_python3_12_site-packages["site-packages"]\n    node_venv_lib_python3_12_site-packages --> node_venv_lib_python3_12_site-packages_PyQt6["PyQt6"]\n    node_venv_lib_python3_12_site-packages_PyQt6 --> node_venv_lib_python3_12_site-packages_PyQt6_Qt6["Qt6"]\n    node_venv_lib_python3_12_site-packages_PyQt6_Qt6 --> node_venv_lib_python3_12_site-packages_PyQt6_Qt6_qml["qml"]\n    node_venv_lib_python3_12_site-packages_PyQt6_Qt6_qml --> node_venv_lib_python3_12_site-packages_PyQt6_Qt6_qml_QtQuick["QtQuick"]\n    node_venv_lib_python3_12_site-packages_PyQt6_Qt6_qml_QtQuick --> node_venv_lib_python3_12_site-packages_PyQt6_Qt6_qml_QtQuick_Controls["Controls"]\n    node_venv_lib_python3_12_site-packages_PyQt6_Qt6_qml_QtQuick_Controls --> node_venv_lib_python3_12_site-packages_PyQt6_Qt6_qml_QtQuick_Controls_Universal["Universal"]\n    node_venv_lib_python3_12_site-packages_PyQt6_Qt6_qml_QtQuick_Controls_Universal --> node_venv_lib_python3_12_site-packages_PyQt6_Qt6_qml_QtQuick_Controls_Universal_Menu_qml["Menu.qml"]\n    Root --> node_venv["venv"]\n    node_venv --> node_venv_lib["lib"]\n    node_venv_lib --> node_venv_lib_python3_12["python3.12"]\n    node_venv_lib_python3_12 --> node_venv_lib_python3_12_site-packages["site-packages"]\n    node_venv_lib_python3_12_site-packages --> node_venv_lib_python3_12_site-packages_PyQt6["PyQt6"]\n    node_venv_lib_python3_12_site-packages_PyQt6 --> node_venv_lib_python3_12_site-packages_PyQt6_Qt6["Qt6"]\n    node_venv_lib_python3_12_site-packages_PyQt6_Qt6 --> node_venv_lib_python3_12_site-packages_PyQt6_Qt6_qml["qml"]\n    node_venv_lib_python3_12_site-packages_PyQt6_Qt6_qml --> node_venv_lib_python3_12_site-packages_PyQt6_Qt6_qml_QtQuick["QtQuick"]\n    node_venv_lib_python3_12_site-packages_PyQt6_Qt6_qml_QtQuick --> node_venv_lib_python3_12_site-packages_PyQt6_Qt6_qml_QtQuick_Controls["Controls"]\n    node_venv_lib_python3_12_site-packages_PyQt6_Qt6_qml_QtQuick_Controls --> node_venv_lib_python3_12_site-packages_PyQt6_Qt6_qml_QtQuick_Controls_Universal["Universal"]\n    node_venv_lib_python3_12_site-packages_PyQt6_Qt6_qml_QtQuick_Controls_Universal --> node_venv_lib_python3_12_site-packages_PyQt6_Qt6_qml_QtQuick_Controls_Universal_MenuBar_qml["MenuBar.qml"]\n    Root --> node_venv["venv"]\n    node_venv --> node_venv_lib["lib"]\n    node_venv_lib --> node_venv_lib_python3_12["python3.12"]\n    node_venv_lib_python3_12 --> node_venv_lib_python3_12_site-packages["site-packages"]\n    node_venv_lib_python3_12_site-packages --> node_venv_lib_python3_12_site-packages_PyQt6["PyQt6"]\n    node_venv_lib_python3_12_site-packages_PyQt6 --> node_venv_lib_python3_12_site-packages_PyQt6_Qt6["Qt6"]\n    node_venv_lib_python3_12_site-packages_PyQt6_Qt6 --> node_venv_lib_python3_12_site-packages_PyQt6_Qt6_qml["qml"]\n    node_venv_lib_python3_12_site-packages_PyQt6_Qt6_qml --> node_venv_lib_python3_12_site-packages_PyQt6_Qt6_qml_QtQuick["QtQuick"]\n    node_venv_lib_python3_12_site-packages_PyQt6_Qt6_qml_QtQuick --> node_venv_lib_python3_12_site-packages_PyQt6_Qt6_qml_QtQuick_Controls["Controls"]\n    node_venv_lib_python3_12_site-packages_PyQt6_Qt6_qml_QtQuick_Controls --> node_venv_lib_python3_12_site-packages_PyQt6_Qt6_qml_QtQuick_Controls_Universal["Universal"]\n    node_venv_lib_python3_12_site-packages_PyQt6_Qt6_qml_QtQuick_Controls_Universal --> node_venv_lib_python3_12_site-packages_PyQt6_Qt6_qml_QtQuick_Controls_Universal_MenuBarItem_qml["MenuBarItem.qml"]\n    Root --> node_venv["venv"]\n    node_venv --> node_venv_lib["lib"]\n    node_venv_lib --> node_venv_lib_python3_12["python3.12"]\n    node_venv_lib_python3_12 --> node_venv_lib_python3_12_site-packages["site-packages"]\n    node_venv_lib_python3_12_site-packages --> node_venv_lib_python3_12_site-packages_PyQt6["PyQt6"]\n    node_venv_lib_python3_12_site-packages_PyQt6 --> node_venv_lib_python3_12_site-packages_PyQt6_Qt6["Qt6"]\n    node_venv_lib_python3_12_site-packages_PyQt6_Qt6 --> node_venv_lib_python3_12_site-packages_PyQt6_Qt6_qml["qml"]\n    node_venv_lib_python3_12_site-packages_PyQt6_Qt6_qml --> node_venv_lib_python3_12_site-packages_PyQt6_Qt6_qml_QtQuick["QtQuick"]\n    node_venv_lib_python3_12_site-packages_PyQt6_Qt6_qml_QtQuick --> node_venv_lib_python3_12_site-packages_PyQt6_Qt6_qml_QtQuick_Controls["Controls"]\n    node_venv_lib_python3_12_site-packages_PyQt6_Qt6_qml_QtQuick_Controls --> node_venv_lib_python3_12_site-packages_PyQt6_Qt6_qml_QtQuick_Controls_Universal["Universal"]\n    node_venv_lib_python3_12_site-packages_PyQt6_Qt6_qml_QtQuick_Controls_Universal --> node_venv_lib_python3_12_site-packages_PyQt6_Qt6_qml_QtQuick_Controls_Universal_MenuItem_qml["MenuItem.qml"]\n    Root --> node_venv["venv"]\n    node_venv --> node_venv_lib["lib"]\n    node_venv_lib --> node_venv_lib_python3_12["python3.12"]\n    node_venv_lib_python3_12 --> node_venv_lib_python3_12_site-packages["site-packages"]\n    node_venv_lib_python3_12_site-packages --> node_venv_lib_python3_12_site-packages_PyQt6["PyQt6"]\n    node_venv_lib_python3_12_site-packages_PyQt6 --> node_venv_lib_python3_12_site-packages_PyQt6_Qt6["Qt6"]\n    node_venv_lib_python3_12_site-packages_PyQt6_Qt6 --> node_venv_lib_python3_12_site-packages_PyQt6_Qt6_qml["qml"]\n    node_venv_lib_python3_12_site-packages_PyQt6_Qt6_qml --> node_venv_lib_python3_12_site-packages_PyQt6_Qt6_qml_QtQuick["QtQuick"]\n    node_venv_lib_python3_12_site-packages_PyQt6_Qt6_qml_QtQuick --> node_venv_lib_python3_12_site-packages_PyQt6_Qt6_qml_QtQuick_Controls["Controls"]\n    node_venv_lib_python3_12_site-packages_PyQt6_Qt6_qml_QtQuick_Controls --> node_venv_lib_python3_12_site-packages_PyQt6_Qt6_qml_QtQuick_Controls_Universal["Universal"]\n    node_venv_lib_python3_12_site-packages_PyQt6_Qt6_qml_QtQuick_Controls_Universal --> node_venv_lib_python3_12_site-packages_PyQt6_Qt6_qml_QtQuick_Controls_Universal_MenuSeparator_qml["MenuSeparator.qml"]\n    Root --> node_venv["venv"]\n    node_venv --> node_venv_lib["lib"]\n    node_venv_lib --> node_venv_lib_python3_12["python3.12"]\n    node_venv_lib_python3_12 --> node_venv_lib_python3_12_site-packages["site-packages"]\n    node_venv_lib_python3_12_site-packages --> node_venv_lib_python3_12_site-packages_PyQt6["PyQt6"]\n    node_venv_lib_python3_12_site-packages_PyQt6 --> node_venv_lib_python3_12_site-packages_PyQt6_Qt6["Qt6"]\n    node_venv_lib_python3_12_site-packages_PyQt6_Qt6 --> node_venv_lib_python3_12_site-packages_PyQt6_Qt6_qml["qml"]\n    node_venv_lib_python3_12_site-packages_PyQt6_Qt6_qml --> node_venv_lib_python3_12_site-packages_PyQt6_Qt6_qml_QtQuick["QtQuick"]\n    node_venv_lib_python3_12_site-packages_PyQt6_Qt6_qml_QtQuick --> node_venv_lib_python3_12_site-packages_PyQt6_Qt6_qml_QtQuick_Controls["Controls"]\n    node_venv_lib_python3_12_site-packages_PyQt6_Qt6_qml_QtQuick_Controls --> node_venv_lib_python3_12_site-packages_PyQt6_Qt6_qml_QtQuick_Controls_Universal["Universal"]\n    node_venv_lib_python3_12_site-packages_PyQt6_Qt6_qml_QtQuick_Controls_Universal --> node_venv_lib_python3_12_site-packages_PyQt6_Qt6_qml_QtQuick_Controls_Universal_Page_qml["Page.qml"]\n    Root --> node_venv["venv"]\n    node_venv --> node_venv_lib["lib"]\n    node_venv_lib --> node_venv_lib_python3_12["python3.12"]\n    node_venv_lib_python3_12 --> node_venv_lib_python3_12_site-packages["site-packages"]\n    node_venv_lib_python3_12_site-packages --> node_venv_lib_python3_12_site-packages_PyQt6["PyQt6"]\n    node_venv_lib_python3_12_site-packages_PyQt6 --> node_venv_lib_python3_12_site-packages_PyQt6_Qt6["Qt6"]\n    node_venv_lib_python3_12_site-packages_PyQt6_Qt6 --> node_venv_lib_python3_12_site-packages_PyQt6_Qt6_qml["qml"]\n    node_venv_lib_python3_12_site-packages_PyQt6_Qt6_qml --> node_venv_lib_python3_12_site-packages_PyQt6_Qt6_qml_QtQuick["QtQuick"]\n    node_venv_lib_python3_12_site-packages_PyQt6_Qt6_qml_QtQuick --> node_venv_lib_python3_12_site-packages_PyQt6_Qt6_qml_QtQuick_Controls["Controls"]\n    node_venv_lib_python3_12_site-packages_PyQt6_Qt6_qml_QtQuick_Controls --> node_venv_lib_python3_12_site-packages_PyQt6_Qt6_qml_QtQuick_Controls_Universal["Universal"]\n    node_venv_lib_python3_12_site-packages_PyQt6_Qt6_qml_QtQuick_Controls_Universal --> node_venv_lib_python3_12_site-packages_PyQt6_Qt6_qml_QtQuick_Controls_Universal_PageIndicator_qml["PageIndicator.qml"]\n    Root --> node_venv["venv"]\n    node_venv --> node_venv_lib["lib"]\n    node_venv_lib --> node_venv_lib_python3_12["python3.12"]\n    node_venv_lib_python3_12 --> node_venv_lib_python3_12_site-packages["site-packages"]\n    node_venv_lib_python3_12_site-packages --> node_venv_lib_python3_12_site-packages_PyQt6["PyQt6"]\n    node_venv_lib_python3_12_site-packages_PyQt6 --> node_venv_lib_python3_12_site-packages_PyQt6_Qt6["Qt6"]\n    node_venv_lib_python3_12_site-packages_PyQt6_Qt6 --> node_venv_lib_python3_12_site-packages_PyQt6_Qt6_qml["qml"]\n    node_venv_lib_python3_12_site-packages_PyQt6_Qt6_qml --> node_venv_lib_python3_12_site-packages_PyQt6_Qt6_qml_QtQuick["QtQuick"]\n    node_venv_lib_python3_12_site-packages_PyQt6_Qt6_qml_QtQuick --> node_venv_lib_python3_12_site-packages_PyQt6_Qt6_qml_QtQuick_Controls["Controls"]\n    node_venv_lib_python3_12_site-packages_PyQt6_Qt6_qml_QtQuick_Controls --> node_venv_lib_python3_12_site-packages_PyQt6_Qt6_qml_QtQuick_Controls_Universal["Universal"]\n    node_venv_lib_python3_12_site-packages_PyQt6_Qt6_qml_QtQuick_Controls_Universal --> node_venv_lib_python3_12_site-packages_PyQt6_Qt6_qml_QtQuick_Controls_Universal_Pane_qml["Pane.qml"]\n    Root --> node_venv["venv"]\n    node_venv --> node_venv_lib["lib"]\n    node_venv_lib --> node_venv_lib_python3_12["python3.12"]\n    node_venv_lib_python3_12 --> node_venv_lib_python3_12_site-packages["site-packages"]\n    node_venv_lib_python3_12_site-packages --> node_venv_lib_python3_12_site-packages_PyQt6["PyQt6"]\n    node_venv_lib_python3_12_site-packages_PyQt6 --> node_venv_lib_python3_12_site-packages_PyQt6_Qt6["Qt6"]\n    node_venv_lib_python3_12_site-packages_PyQt6_Qt6 --> node_venv_lib_python3_12_site-packages_PyQt6_Qt6_qml["qml"]\n    node_venv_lib_python3_12_site-packages_PyQt6_Qt6_qml --> node_venv_lib_python3_12_site-packages_PyQt6_Qt6_qml_QtQuick["QtQuick"]\n    node_venv_lib_python3_12_site-packages_PyQt6_Qt6_qml_QtQuick --> node_venv_lib_python3_12_site-packages_PyQt6_Qt6_qml_QtQuick_Controls["Controls"]\n    node_venv_lib_python3_12_site-packages_PyQt6_Qt6_qml_QtQuick_Controls --> node_venv_lib_python3_12_site-packages_PyQt6_Qt6_qml_QtQuick_Controls_Universal["Universal"]\n    node_venv_lib_python3_12_site-packages_PyQt6_Qt6_qml_QtQuick_Controls_Universal --> node_venv_lib_python3_12_site-packages_PyQt6_Qt6_qml_QtQuick_Controls_Universal_Popup_qml["Popup.qml"]\n    Root --> node_venv["venv"]\n    node_venv --> node_venv_lib["lib"]\n    node_venv_lib --> node_venv_lib_python3_12["python3.12"]\n    node_venv_lib_python3_12 --> node_venv_lib_python3_12_site-packages["site-packages"]\n    node_venv_lib_python3_12_site-packages --> node_venv_lib_python3_12_site-packages_PyQt6["PyQt6"]\n    node_venv_lib_python3_12_site-packages_PyQt6 --> node_venv_lib_python3_12_site-packages_PyQt6_Qt6["Qt6"]\n    node_venv_lib_python3_12_site-packages_PyQt6_Qt6 --> node_venv_lib_python3_12_site-packages_PyQt6_Qt6_qml["qml"]\n    node_venv_lib_python3_12_site-packages_PyQt6_Qt6_qml --> node_venv_lib_python3_12_site-packages_PyQt6_Qt6_qml_QtQuick["QtQuick"]\n    node_venv_lib_python3_12_site-packages_PyQt6_Qt6_qml_QtQuick --> node_venv_lib_python3_12_site-packages_PyQt6_Qt6_qml_QtQuick_Controls["Controls"]\n    node_venv_lib_python3_12_site-packages_PyQt6_Qt6_qml_QtQuick_Controls --> node_venv_lib_python3_12_site-packages_PyQt6_Qt6_qml_QtQuick_Controls_Universal["Universal"]\n    node_venv_lib_python3_12_site-packages_PyQt6_Qt6_qml_QtQuick_Controls_Universal --> node_venv_lib_python3_12_site-packages_PyQt6_Qt6_qml_QtQuick_Controls_Universal_ProgressBar_qml["ProgressBar.qml"]\n    Root --> node_venv["venv"]\n    node_venv --> node_venv_lib["lib"]\n    node_venv_lib --> node_venv_lib_python3_12["python3.12"]\n    node_venv_lib_python3_12 --> node_venv_lib_python3_12_site-packages["site-packages"]\n    node_venv_lib_python3_12_site-packages --> node_venv_lib_python3_12_site-packages_PyQt6["PyQt6"]\n    node_venv_lib_python3_12_site-packages_PyQt6 --> node_venv_lib_python3_12_site-packages_PyQt6_Qt6["Qt6"]\n    node_venv_lib_python3_12_site-packages_PyQt6_Qt6 --> node_venv_lib_python3_12_site-packages_PyQt6_Qt6_qml["qml"]\n    node_venv_lib_python3_12_site-packages_PyQt6_Qt6_qml --> node_venv_lib_python3_12_site-packages_PyQt6_Qt6_qml_QtQuick["QtQuick"]\n    node_venv_lib_python3_12_site-packages_PyQt6_Qt6_qml_QtQuick --> node_venv_lib_python3_12_site-packages_PyQt6_Qt6_qml_QtQuick_Controls["Controls"]\n    node_venv_lib_python3_12_site-packages_PyQt6_Qt6_qml_QtQuick_Controls --> node_venv_lib_python3_12_site-packages_PyQt6_Qt6_qml_QtQuick_Controls_Universal["Universal"]\n    node_venv_lib_python3_12_site-packages_PyQt6_Qt6_qml_QtQuick_Controls_Universal --> node_venv_lib_python3_12_site-packages_PyQt6_Qt6_qml_QtQuick_Controls_Universal_RadioButton_qml["RadioButton.qml"]\n    Root --> node_venv["venv"]\n    node_venv --> node_venv_lib["lib"]\n    node_venv_lib --> node_venv_lib_python3_12["python3.12"]\n    node_venv_lib_python3_12 --> node_venv_lib_python3_12_site-packages["site-packages"]\n    node_venv_lib_python3_12_site-packages --> node_venv_lib_python3_12_site-packages_PyQt6["PyQt6"]\n    node_venv_lib_python3_12_site-packages_PyQt6 --> node_venv_lib_python3_12_site-packages_PyQt6_Qt6["Qt6"]\n    node_venv_lib_python3_12_site-packages_PyQt6_Qt6 --> node_venv_lib_python3_12_site-packages_PyQt6_Qt6_qml["qml"]\n    node_venv_lib_python3_12_site-packages_PyQt6_Qt6_qml --> node_venv_lib_python3_12_site-packages_PyQt6_Qt6_qml_QtQuick["QtQuick"]\n    node_venv_lib_python3_12_site-packages_PyQt6_Qt6_qml_QtQuick --> node_venv_lib_python3_12_site-packages_PyQt6_Qt6_qml_QtQuick_Controls["Controls"]\n    node_venv_lib_python3_12_site-packages_PyQt6_Qt6_qml_QtQuick_Controls --> node_venv_lib_python3_12_site-packages_PyQt6_Qt6_qml_QtQuick_Controls_Universal["Universal"]\n    node_venv_lib_python3_12_site-packages_PyQt6_Qt6_qml_QtQuick_Controls_Universal --> node_venv_lib_python3_12_site-packages_PyQt6_Qt6_qml_QtQuick_Controls_Universal_RadioDelegate_qml["RadioDelegate.qml"]\n    Root --> node_venv["venv"]\n    node_venv --> node_venv_lib["lib"]\n    node_venv_lib --> node_venv_lib_python3_12["python3.12"]\n    node_venv_lib_python3_12 --> node_venv_lib_python3_12_site-packages["site-packages"]\n    node_venv_lib_python3_12_site-packages --> node_venv_lib_python3_12_site-packages_PyQt6["PyQt6"]\n    node_venv_lib_python3_12_site-packages_PyQt6 --> node_venv_lib_python3_12_site-packages_PyQt6_Qt6["Qt6"]\n    node_venv_lib_python3_12_site-packages_PyQt6_Qt6 --> node_venv_lib_python3_12_site-packages_PyQt6_Qt6_qml["qml"]\n    node_venv_lib_python3_12_site-packages_PyQt6_Qt6_qml --> node_venv_lib_python3_12_site-packages_PyQt6_Qt6_qml_QtQuick["QtQuick"]\n    node_venv_lib_python3_12_site-packages_PyQt6_Qt6_qml_QtQuick --> node_venv_lib_python3_12_site-packages_PyQt6_Qt6_qml_QtQuick_Controls["Controls"]\n    node_venv_lib_python3_12_site-packages_PyQt6_Qt6_qml_QtQuick_Controls --> node_venv_lib_python3_12_site-packages_PyQt6_Qt6_qml_QtQuick_Controls_Universal["Universal"]\n    node_venv_lib_python3_12_site-packages_PyQt6_Qt6_qml_QtQuick_Controls_Universal --> node_venv_lib_python3_12_site-packages_PyQt6_Qt6_qml_QtQuick_Controls_Universal_RangeSlider_qml["RangeSlider.qml"]\n    Root --> node_venv["venv"]\n    node_venv --> node_venv_lib["lib"]\n    node_venv_lib --> node_venv_lib_python3_12["python3.12"]\n    node_venv_lib_python3_12 --> node_venv_lib_python3_12_site-packages["site-packages"]\n    node_venv_lib_python3_12_site-packages --> node_venv_lib_python3_12_site-packages_PyQt6["PyQt6"]\n    node_venv_lib_python3_12_site-packages_PyQt6 --> node_venv_lib_python3_12_site-packages_PyQt6_Qt6["Qt6"]\n    node_venv_lib_python3_12_site-packages_PyQt6_Qt6 --> node_venv_lib_python3_12_site-packages_PyQt6_Qt6_qml["qml"]\n    node_venv_lib_python3_12_site-packages_PyQt6_Qt6_qml --> node_venv_lib_python3_12_site-packages_PyQt6_Qt6_qml_QtQuick["QtQuick"]\n    node_venv_lib_python3_12_site-packages_PyQt6_Qt6_qml_QtQuick --> node_venv_lib_python3_12_site-packages_PyQt6_Qt6_qml_QtQuick_Controls["Controls"]\n    node_venv_lib_python3_12_site-packages_PyQt6_Qt6_qml_QtQuick_Controls --> node_venv_lib_python3_12_site-packages_PyQt6_Qt6_qml_QtQuick_Controls_Universal["Universal"]\n    node_venv_lib_python3_12_site-packages_PyQt6_Qt6_qml_QtQuick_Controls_Universal --> node_venv_lib_python3_12_site-packages_PyQt6_Qt6_qml_QtQuick_Controls_Universal_RoundButton_qml["RoundButton.qml"]\n    Root --> node_venv["venv"]\n    node_venv --> node_venv_lib["lib"]\n    node_venv_lib --> node_venv_lib_python3_12["python3.12"]\n    node_venv_lib_python3_12 --> node_venv_lib_python3_12_site-packages["site-packages"]\n    node_venv_lib_python3_12_site-packages --> node_venv_lib_python3_12_site-packages_PyQt6["PyQt6"]\n    node_venv_lib_python3_12_site-packages_PyQt6 --> node_venv_lib_python3_12_site-packages_PyQt6_Qt6["Qt6"]\n    node_venv_lib_python3_12_site-packages_PyQt6_Qt6 --> node_venv_lib_python3_12_site-packages_PyQt6_Qt6_qml["qml"]\n    node_venv_lib_python3_12_site-packages_PyQt6_Qt6_qml --> node_venv_lib_python3_12_site-packages_PyQt6_Qt6_qml_QtQuick["QtQuick"]\n    node_venv_lib_python3_12_site-packages_PyQt6_Qt6_qml_QtQuick --> node_venv_lib_python3_12_site-packages_PyQt6_Qt6_qml_QtQuick_Controls["Controls"]\n    node_venv_lib_python3_12_site-packages_PyQt6_Qt6_qml_QtQuick_Controls --> node_venv_lib_python3_12_site-packages_PyQt6_Qt6_qml_QtQuick_Controls_Universal["Universal"]\n    node_venv_lib_python3_12_site-packages_PyQt6_Qt6_qml_QtQuick_Controls_Universal --> node_venv_lib_python3_12_site-packages_PyQt6_Qt6_qml_QtQuick_Controls_Universal_ScrollBar_qml["ScrollBar.qml"]\n    Root --> node_venv["venv"]\n    node_venv --> node_venv_lib["lib"]\n    node_venv_lib --> node_venv_lib_python3_12["python3.12"]\n    node_venv_lib_python3_12 --> node_venv_lib_python3_12_site-packages["site-packages"]\n    node_venv_lib_python3_12_site-packages --> node_venv_lib_python3_12_site-packages_PyQt6["PyQt6"]\n    node_venv_lib_python3_12_site-packages_PyQt6 --> node_venv_lib_python3_12_site-packages_PyQt6_Qt6["Qt6"]\n    node_venv_lib_python3_12_site-packages_PyQt6_Qt6 --> node_venv_lib_python3_12_site-packages_PyQt6_Qt6_qml["qml"]\n    node_venv_lib_python3_12_site-packages_PyQt6_Qt6_qml --> node_venv_lib_python3_12_site-packages_PyQt6_Qt6_qml_QtQuick["QtQuick"]\n    node_venv_lib_python3_12_site-packages_PyQt6_Qt6_qml_QtQuick --> node_venv_lib_python3_12_site-packages_PyQt6_Qt6_qml_QtQuick_Controls["Controls"]\n    node_venv_lib_python3_12_site-packages_PyQt6_Qt6_qml_QtQuick_Controls --> node_venv_lib_python3_12_site-packages_PyQt6_Qt6_qml_QtQuick_Controls_Universal["Universal"]\n    node_venv_lib_python3_12_site-packages_PyQt6_Qt6_qml_QtQuick_Controls_Universal --> node_venv_lib_python3_12_site-packages_PyQt6_Qt6_qml_QtQuick_Controls_Universal_ScrollIndicator_qml["ScrollIndicator.qml"]\n    Root --> node_venv["venv"]\n    node_venv --> node_venv_lib["lib"]\n    node_venv_lib --> node_venv_lib_python3_12["python3.12"]\n    node_venv_lib_python3_12 --> node_venv_lib_python3_12_site-packages["site-packages"]\n    node_venv_lib_python3_12_site-packages --> node_venv_lib_python3_12_site-packages_PyQt6["PyQt6"]\n    node_venv_lib_python3_12_site-packages_PyQt6 --> node_venv_lib_python3_12_site-packages_PyQt6_Qt6["Qt6"]\n    node_venv_lib_python3_12_site-packages_PyQt6_Qt6 --> node_venv_lib_python3_12_site-packages_PyQt6_Qt6_qml["qml"]\n    node_venv_lib_python3_12_site-packages_PyQt6_Qt6_qml --> node_venv_lib_python3_12_site-packages_PyQt6_Qt6_qml_QtQuick["QtQuick"]\n    node_venv_lib_python3_12_site-packages_PyQt6_Qt6_qml_QtQuick --> node_venv_lib_python3_12_site-packages_PyQt6_Qt6_qml_QtQuick_Controls["Controls"]\n    node_venv_lib_python3_12_site-packages_PyQt6_Qt6_qml_QtQuick_Controls --> node_venv_lib_python3_12_site-packages_PyQt6_Qt6_qml_QtQuick_Controls_Universal["Universal"]\n    node_venv_lib_python3_12_site-packages_PyQt6_Qt6_qml_QtQuick_Controls_Universal --> node_venv_lib_python3_12_site-packages_PyQt6_Qt6_qml_QtQuick_Controls_Universal_ScrollView_qml["ScrollView.qml"]\n    Root --> node_venv["venv"]\n    node_venv --> node_venv_lib["lib"]\n    node_venv_lib --> node_venv_lib_python3_12["python3.12"]\n    node_venv_lib_python3_12 --> node_venv_lib_python3_12_site-packages["site-packages"]\n    node_venv_lib_python3_12_site-packages --> node_venv_lib_python3_12_site-packages_PyQt6["PyQt6"]\n    node_venv_lib_python3_12_site-packages_PyQt6 --> node_venv_lib_python3_12_site-packages_PyQt6_Qt6["Qt6"]\n    node_venv_lib_python3_12_site-packages_PyQt6_Qt6 --> node_venv_lib_python3_12_site-packages_PyQt6_Qt6_qml["qml"]\n    node_venv_lib_python3_12_site-packages_PyQt6_Qt6_qml --> node_venv_lib_python3_12_site-packages_PyQt6_Qt6_qml_QtQuick["QtQuick"]\n    node_venv_lib_python3_12_site-packages_PyQt6_Qt6_qml_QtQuick --> node_venv_lib_python3_12_site-packages_PyQt6_Qt6_qml_QtQuick_Controls["Controls"]\n    node_venv_lib_python3_12_site-packages_PyQt6_Qt6_qml_QtQuick_Controls --> node_venv_lib_python3_12_site-packages_PyQt6_Qt6_qml_QtQuick_Controls_Universal["Universal"]\n    node_venv_lib_python3_12_site-packages_PyQt6_Qt6_qml_QtQuick_Controls_Universal --> node_venv_lib_python3_12_site-packages_PyQt6_Qt6_qml_QtQuick_Controls_Universal_SearchField_qml["SearchField.qml"]\n    Root --> node_venv["venv"]\n    node_venv --> node_venv_lib["lib"]\n    node_venv_lib --> node_venv_lib_python3_12["python3.12"]\n    node_venv_lib_python3_12 --> node_venv_lib_python3_12_site-packages["site-packages"]\n    node_venv_lib_python3_12_site-packages --> node_venv_lib_python3_12_site-packages_PyQt6["PyQt6"]\n    node_venv_lib_python3_12_site-packages_PyQt6 --> node_venv_lib_python3_12_site-packages_PyQt6_Qt6["Qt6"]\n    node_venv_lib_python3_12_site-packages_PyQt6_Qt6 --> node_venv_lib_python3_12_site-packages_PyQt6_Qt6_qml["qml"]\n    node_venv_lib_python3_12_site-packages_PyQt6_Qt6_qml --> node_venv_lib_python3_12_site-packages_PyQt6_Qt6_qml_QtQuick["QtQuick"]\n    node_venv_lib_python3_12_site-packages_PyQt6_Qt6_qml_QtQuick --> node_venv_lib_python3_12_site-packages_PyQt6_Qt6_qml_QtQuick_Controls["Controls"]\n    node_venv_lib_python3_12_site-packages_PyQt6_Qt6_qml_QtQuick_Controls --> node_venv_lib_python3_12_site-packages_PyQt6_Qt6_qml_QtQuick_Controls_Universal["Universal"]\n    node_venv_lib_python3_12_site-packages_PyQt6_Qt6_qml_QtQuick_Controls_Universal --> node_venv_lib_python3_12_site-packages_PyQt6_Qt6_qml_QtQuick_Controls_Universal_SelectionRectangle_qml["SelectionRectangle.qml"]\n    Root --> node_venv["venv"]\n    node_venv --> node_venv_lib["lib"]\n    node_venv_lib --> node_venv_lib_python3_12["python3.12"]\n    node_venv_lib_python3_12 --> node_venv_lib_python3_12_site-packages["site-packages"]\n    node_venv_lib_python3_12_site-packages --> node_venv_lib_python3_12_site-packages_PyQt6["PyQt6"]\n    node_venv_lib_python3_12_site-packages_PyQt6 --> node_venv_lib_python3_12_site-packages_PyQt6_Qt6["Qt6"]\n    node_venv_lib_python3_12_site-packages_PyQt6_Qt6 --> node_venv_lib_python3_12_site-packages_PyQt6_Qt6_qml["qml"]\n    node_venv_lib_python3_12_site-packages_PyQt6_Qt6_qml --> node_venv_lib_python3_12_site-packages_PyQt6_Qt6_qml_QtQuick["QtQuick"]\n    node_venv_lib_python3_12_site-packages_PyQt6_Qt6_qml_QtQuick --> node_venv_lib_python3_12_site-packages_PyQt6_Qt6_qml_QtQuick_Controls["Controls"]\n    node_venv_lib_python3_12_site-packages_PyQt6_Qt6_qml_QtQuick_Controls --> node_venv_lib_python3_12_site-packages_PyQt6_Qt6_qml_QtQuick_Controls_Universal["Universal"]\n    node_venv_lib_python3_12_site-packages_PyQt6_Qt6_qml_QtQuick_Controls_Universal --> node_venv_lib_python3_12_site-packages_PyQt6_Qt6_qml_QtQuick_Controls_Universal_Slider_qml["Slider.qml"]\n    Root --> node_venv["venv"]\n    node_venv --> node_venv_lib["lib"]\n    node_venv_lib --> node_venv_lib_python3_12["python3.12"]\n    node_venv_lib_python3_12 --> node_venv_lib_python3_12_site-packages["site-packages"]\n    node_venv_lib_python3_12_site-packages --> node_venv_lib_python3_12_site-packages_PyQt6["PyQt6"]\n    node_venv_lib_python3_12_site-packages_PyQt6 --> node_venv_lib_python3_12_site-packages_PyQt6_Qt6["Qt6"]\n    node_venv_lib_python3_12_site-packages_PyQt6_Qt6 --> node_venv_lib_python3_12_site-packages_PyQt6_Qt6_qml["qml"]\n    node_venv_lib_python3_12_site-packages_PyQt6_Qt6_qml --> node_venv_lib_python3_12_site-packages_PyQt6_Qt6_qml_QtQuick["QtQuick"]\n    node_venv_lib_python3_12_site-packages_PyQt6_Qt6_qml_QtQuick --> node_venv_lib_python3_12_site-packages_PyQt6_Qt6_qml_QtQuick_Controls["Controls"]\n    node_venv_lib_python3_12_site-packages_PyQt6_Qt6_qml_QtQuick_Controls --> node_venv_lib_python3_12_site-packages_PyQt6_Qt6_qml_QtQuick_Controls_Universal["Universal"]\n    node_venv_lib_python3_12_site-packages_PyQt6_Qt6_qml_QtQuick_Controls_Universal --> node_venv_lib_python3_12_site-packages_PyQt6_Qt6_qml_QtQuick_Controls_Universal_SpinBox_qml["SpinBox.qml"]\n    Root --> node_venv["venv"]\n    node_venv --> node_venv_lib["lib"]\n    node_venv_lib --> node_venv_lib_python3_12["python3.12"]\n    node_venv_lib_python3_12 --> node_venv_lib_python3_12_site-packages["site-packages"]\n    node_venv_lib_python3_12_site-packages --> node_venv_lib_python3_12_site-packages_PyQt6["PyQt6"]\n    node_venv_lib_python3_12_site-packages_PyQt6 --> node_venv_lib_python3_12_site-packages_PyQt6_Qt6["Qt6"]\n    node_venv_lib_python3_12_site-packages_PyQt6_Qt6 --> node_venv_lib_python3_12_site-packages_PyQt6_Qt6_qml["qml"]\n    node_venv_lib_python3_12_site-packages_PyQt6_Qt6_qml --> node_venv_lib_python3_12_site-packages_PyQt6_Qt6_qml_QtQuick["QtQuick"]\n    node_venv_lib_python3_12_site-packages_PyQt6_Qt6_qml_QtQuick --> node_venv_lib_python3_12_site-packages_PyQt6_Qt6_qml_QtQuick_Controls["Controls"]\n    node_venv_lib_python3_12_site-packages_PyQt6_Qt6_qml_QtQuick_Controls --> node_venv_lib_python3_12_site-packages_PyQt6_Qt6_qml_QtQuick_Controls_Universal["Universal"]\n    node_venv_lib_python3_12_site-packages_PyQt6_Qt6_qml_QtQuick_Controls_Universal --> node_venv_lib_python3_12_site-packages_PyQt6_Qt6_qml_QtQuick_Controls_Universal_SplitView_qml["SplitView.qml"]\n    Root --> node_venv["venv"]\n    node_venv --> node_venv_lib["lib"]\n    node_venv_lib --> node_venv_lib_python3_12["python3.12"]\n    node_venv_lib_python3_12 --> node_venv_lib_python3_12_site-packages["site-packages"]\n    node_venv_lib_python3_12_site-packages --> node_venv_lib_python3_12_site-packages_PyQt6["PyQt6"]\n    node_venv_lib_python3_12_site-packages_PyQt6 --> node_venv_lib_python3_12_site-packages_PyQt6_Qt6["Qt6"]\n    node_venv_lib_python3_12_site-packages_PyQt6_Qt6 --> node_venv_lib_python3_12_site-packages_PyQt6_Qt6_qml["qml"]\n    node_venv_lib_python3_12_site-packages_PyQt6_Qt6_qml --> node_venv_lib_python3_12_site-packages_PyQt6_Qt6_qml_QtQuick["QtQuick"]\n    node_venv_lib_python3_12_site-packages_PyQt6_Qt6_qml_QtQuick --> node_venv_lib_python3_12_site-packages_PyQt6_Qt6_qml_QtQuick_Controls["Controls"]\n    node_venv_lib_python3_12_site-packages_PyQt6_Qt6_qml_QtQuick_Controls --> node_venv_lib_python3_12_site-packages_PyQt6_Qt6_qml_QtQuick_Controls_Universal["Universal"]\n    node_venv_lib_python3_12_site-packages_PyQt6_Qt6_qml_QtQuick_Controls_Universal --> node_venv_lib_python3_12_site-packages_PyQt6_Qt6_qml_QtQuick_Controls_Universal_StackView_qml["StackView.qml"]\n    Root --> node_venv["venv"]\n    node_venv --> node_venv_lib["lib"]\n    node_venv_lib --> node_venv_lib_python3_12["python3.12"]\n    node_venv_lib_python3_12 --> node_venv_lib_python3_12_site-packages["site-packages"]\n    node_venv_lib_python3_12_site-packages --> node_venv_lib_python3_12_site-packages_PyQt6["PyQt6"]\n    node_venv_lib_python3_12_site-packages_PyQt6 --> node_venv_lib_python3_12_site-packages_PyQt6_Qt6["Qt6"]\n    node_venv_lib_python3_12_site-packages_PyQt6_Qt6 --> node_venv_lib_python3_12_site-packages_PyQt6_Qt6_qml["qml"]\n    node_venv_lib_python3_12_site-packages_PyQt6_Qt6_qml --> node_venv_lib_python3_12_site-packages_PyQt6_Qt6_qml_QtQuick["QtQuick"]\n    node_venv_lib_python3_12_site-packages_PyQt6_Qt6_qml_QtQuick --> node_venv_lib_python3_12_site-packages_PyQt6_Qt6_qml_QtQuick_Controls["Controls"]\n    node_venv_lib_python3_12_site-packages_PyQt6_Qt6_qml_QtQuick_Controls --> node_venv_lib_python3_12_site-packages_PyQt6_Qt6_qml_QtQuick_Controls_Universal["Universal"]\n    node_venv_lib_python3_12_site-packages_PyQt6_Qt6_qml_QtQuick_Controls_Universal --> node_venv_lib_python3_12_site-packages_PyQt6_Qt6_qml_QtQuick_Controls_Universal_SwipeDelegate_qml["SwipeDelegate.qml"]\n    Root --> node_venv["venv"]\n    node_venv --> node_venv_lib["lib"]\n    node_venv_lib --> node_venv_lib_python3_12["python3.12"]\n    node_venv_lib_python3_12 --> node_venv_lib_python3_12_site-packages["site-packages"]\n    node_venv_lib_python3_12_site-packages --> node_venv_lib_python3_12_site-packages_PyQt6["PyQt6"]\n    node_venv_lib_python3_12_site-packages_PyQt6 --> node_venv_lib_python3_12_site-packages_PyQt6_Qt6["Qt6"]\n    node_venv_lib_python3_12_site-packages_PyQt6_Qt6 --> node_venv_lib_python3_12_site-packages_PyQt6_Qt6_qml["qml"]\n    node_venv_lib_python3_12_site-packages_PyQt6_Qt6_qml --> node_venv_lib_python3_12_site-packages_PyQt6_Qt6_qml_QtQuick["QtQuick"]\n    node_venv_lib_python3_12_site-packages_PyQt6_Qt6_qml_QtQuick --> node_venv_lib_python3_12_site-packages_PyQt6_Qt6_qml_QtQuick_Controls["Controls"]\n    node_venv_lib_python3_12_site-packages_PyQt6_Qt6_qml_QtQuick_Controls --> node_venv_lib_python3_12_site-packages_PyQt6_Qt6_qml_QtQuick_Controls_Universal["Universal"]\n    node_venv_lib_python3_12_site-packages_PyQt6_Qt6_qml_QtQuick_Controls_Universal --> node_venv_lib_python3_12_site-packages_PyQt6_Qt6_qml_QtQuick_Controls_Universal_Switch_qml["Switch.qml"]\n    Root --> node_venv["venv"]\n    node_venv --> node_venv_lib["lib"]\n    node_venv_lib --> node_venv_lib_python3_12["python3.12"]\n    node_venv_lib_python3_12 --> node_venv_lib_python3_12_site-packages["site-packages"]\n    node_venv_lib_python3_12_site-packages --> node_venv_lib_python3_12_site-packages_PyQt6["PyQt6"]\n    node_venv_lib_python3_12_site-packages_PyQt6 --> node_venv_lib_python3_12_site-packages_PyQt6_Qt6["Qt6"]\n    node_venv_lib_python3_12_site-packages_PyQt6_Qt6 --> node_venv_lib_python3_12_site-packages_PyQt6_Qt6_qml["qml"]\n    node_venv_lib_python3_12_site-packages_PyQt6_Qt6_qml --> node_venv_lib_python3_12_site-packages_PyQt6_Qt6_qml_QtQuick["QtQuick"]\n    node_venv_lib_python3_12_site-packages_PyQt6_Qt6_qml_QtQuick --> node_venv_lib_python3_12_site-packages_PyQt6_Qt6_qml_QtQuick_Controls["Controls"]\n    node_venv_lib_python3_12_site-packages_PyQt6_Qt6_qml_QtQuick_Controls --> node_venv_lib_python3_12_site-packages_PyQt6_Qt6_qml_QtQuick_Controls_Universal["Universal"]\n    node_venv_lib_python3_12_site-packages_PyQt6_Qt6_qml_QtQuick_Controls_Universal --> node_venv_lib_python3_12_site-packages_PyQt6_Qt6_qml_QtQuick_Controls_Universal_SwitchDelegate_qml["SwitchDelegate.qml"]\n    Root --> node_venv["venv"]\n    node_venv --> node_venv_lib["lib"]\n    node_venv_lib --> node_venv_lib_python3_12["python3.12"]\n    node_venv_lib_python3_12 --> node_venv_lib_python3_12_site-packages["site-packages"]\n    node_venv_lib_python3_12_site-packages --> node_venv_lib_python3_12_site-packages_PyQt6["PyQt6"]\n    node_venv_lib_python3_12_site-packages_PyQt6 --> node_venv_lib_python3_12_site-packages_PyQt6_Qt6["Qt6"]\n    node_venv_lib_python3_12_site-packages_PyQt6_Qt6 --> node_venv_lib_python3_12_site-packages_PyQt6_Qt6_qml["qml"]\n    node_venv_lib_python3_12_site-packages_PyQt6_Qt6_qml --> node_venv_lib_python3_12_site-packages_PyQt6_Qt6_qml_QtQuick["QtQuick"]\n    node_venv_lib_python3_12_site-packages_PyQt6_Qt6_qml_QtQuick --> node_venv_lib_python3_12_site-packages_PyQt6_Qt6_qml_QtQuick_Controls["Controls"]\n    node_venv_lib_python3_12_site-packages_PyQt6_Qt6_qml_QtQuick_Controls --> node_venv_lib_python3_12_site-packages_PyQt6_Qt6_qml_QtQuick_Controls_Universal["Universal"]\n    node_venv_lib_python3_12_site-packages_PyQt6_Qt6_qml_QtQuick_Controls_Universal --> node_venv_lib_python3_12_site-packages_PyQt6_Qt6_qml_QtQuick_Controls_Universal_TabBar_qml["TabBar.qml"]\n    Root --> node_venv["venv"]\n    node_venv --> node_venv_lib["lib"]\n    node_venv_lib --> node_venv_lib_python3_12["python3.12"]\n    node_venv_lib_python3_12 --> node_venv_lib_python3_12_site-packages["site-packages"]\n    node_venv_lib_python3_12_site-packages --> node_venv_lib_python3_12_site-packages_PyQt6["PyQt6"]\n    node_venv_lib_python3_12_site-packages_PyQt6 --> node_venv_lib_python3_12_site-packages_PyQt6_Qt6["Qt6"]\n    node_venv_lib_python3_12_site-packages_PyQt6_Qt6 --> node_venv_lib_python3_12_site-packages_PyQt6_Qt6_qml["qml"]\n    node_venv_lib_python3_12_site-packages_PyQt6_Qt6_qml --> node_venv_lib_python3_12_site-packages_PyQt6_Qt6_qml_QtQuick["QtQuick"]\n    node_venv_lib_python3_12_site-packages_PyQt6_Qt6_qml_QtQuick --> node_venv_lib_python3_12_site-packages_PyQt6_Qt6_qml_QtQuick_Controls["Controls"]\n    node_venv_lib_python3_12_site-packages_PyQt6_Qt6_qml_QtQuick_Controls --> node_venv_lib_python3_12_site-packages_PyQt6_Qt6_qml_QtQuick_Controls_Universal["Universal"]\n    node_venv_lib_python3_12_site-packages_PyQt6_Qt6_qml_QtQuick_Controls_Universal --> node_venv_lib_python3_12_site-packages_PyQt6_Qt6_qml_QtQuick_Controls_Universal_TabButton_qml["TabButton.qml"]\n    Root --> node_venv["venv"]\n    node_venv --> node_venv_lib["lib"]\n    node_venv_lib --> node_venv_lib_python3_12["python3.12"]\n    node_venv_lib_python3_12 --> node_venv_lib_python3_12_site-packages["site-packages"]\n    node_venv_lib_python3_12_site-packages --> node_venv_lib_python3_12_site-packages_PyQt6["PyQt6"]\n    node_venv_lib_python3_12_site-packages_PyQt6 --> node_venv_lib_python3_12_site-packages_PyQt6_Qt6["Qt6"]\n    node_venv_lib_python3_12_site-packages_PyQt6_Qt6 --> node_venv_lib_python3_12_site-packages_PyQt6_Qt6_qml["qml"]\n    node_venv_lib_python3_12_site-packages_PyQt6_Qt6_qml --> node_venv_lib_python3_12_site-packages_PyQt6_Qt6_qml_QtQuick["QtQuick"]\n    node_venv_lib_python3_12_site-packages_PyQt6_Qt6_qml_QtQuick --> node_venv_lib_python3_12_site-packages_PyQt6_Qt6_qml_QtQuick_Controls["Controls"]\n    node_venv_lib_python3_12_site-packages_PyQt6_Qt6_qml_QtQuick_Controls --> node_venv_lib_python3_12_site-packages_PyQt6_Qt6_qml_QtQuick_Controls_Universal["Universal"]\n    node_venv_lib_python3_12_site-packages_PyQt6_Qt6_qml_QtQuick_Controls_Universal --> node_venv_lib_python3_12_site-packages_PyQt6_Qt6_qml_QtQuick_Controls_Universal_TextArea_qml["TextArea.qml"]\n    Root --> node_venv["venv"]\n    node_venv --> node_venv_lib["lib"]\n    node_venv_lib --> node_venv_lib_python3_12["python3.12"]\n    node_venv_lib_python3_12 --> node_venv_lib_python3_12_site-packages["site-packages"]\n    node_venv_lib_python3_12_site-packages --> node_venv_lib_python3_12_site-packages_PyQt6["PyQt6"]\n    node_venv_lib_python3_12_site-packages_PyQt6 --> node_venv_lib_python3_12_site-packages_PyQt6_Qt6["Qt6"]\n    node_venv_lib_python3_12_site-packages_PyQt6_Qt6 --> node_venv_lib_python3_12_site-packages_PyQt6_Qt6_qml["qml"]\n    node_venv_lib_python3_12_site-packages_PyQt6_Qt6_qml --> node_venv_lib_python3_12_site-packages_PyQt6_Qt6_qml_QtQuick["QtQuick"]\n    node_venv_lib_python3_12_site-packages_PyQt6_Qt6_qml_QtQuick --> node_venv_lib_python3_12_site-packages_PyQt6_Qt6_qml_QtQuick_Controls["Controls"]\n    node_venv_lib_python3_12_site-packages_PyQt6_Qt6_qml_QtQuick_Controls --> node_venv_lib_python3_12_site-packages_PyQt6_Qt6_qml_QtQuick_Controls_Universal["Universal"]\n    node_venv_lib_python3_12_site-packages_PyQt6_Qt6_qml_QtQuick_Controls_Universal --> node_venv_lib_python3_12_site-packages_PyQt6_Qt6_qml_QtQuick_Controls_Universal_TextField_qml["TextField.qml"]\n    Root --> node_venv["venv"]\n    node_venv --> node_venv_lib["lib"]\n    node_venv_lib --> node_venv_lib_python3_12["python3.12"]\n    node_venv_lib_python3_12 --> node_venv_lib_python3_12_site-packages["site-packages"]\n    node_venv_lib_python3_12_site-packages --> node_venv_lib_python3_12_site-packages_PyQt6["PyQt6"]\n    node_venv_lib_python3_12_site-packages_PyQt6 --> node_venv_lib_python3_12_site-packages_PyQt6_Qt6["Qt6"]\n    node_venv_lib_python3_12_site-packages_PyQt6_Qt6 --> node_venv_lib_python3_12_site-packages_PyQt6_Qt6_qml["qml"]\n    node_venv_lib_python3_12_site-packages_PyQt6_Qt6_qml --> node_venv_lib_python3_12_site-packages_PyQt6_Qt6_qml_QtQuick["QtQuick"]\n    node_venv_lib_python3_12_site-packages_PyQt6_Qt6_qml_QtQuick --> node_venv_lib_python3_12_site-packages_PyQt6_Qt6_qml_QtQuick_Controls["Controls"]\n    node_venv_lib_python3_12_site-packages_PyQt6_Qt6_qml_QtQuick_Controls --> node_venv_lib_python3_12_site-packages_PyQt6_Qt6_qml_QtQuick_Controls_Universal["Universal"]\n    node_venv_lib_python3_12_site-packages_PyQt6_Qt6_qml_QtQuick_Controls_Universal --> node_venv_lib_python3_12_site-packages_PyQt6_Qt6_qml_QtQuick_Controls_Universal_ToolBar_qml["ToolBar.qml"]\n    Root --> node_venv["venv"]\n    node_venv --> node_venv_lib["lib"]\n    node_venv_lib --> node_venv_lib_python3_12["python3.12"]\n    node_venv_lib_python3_12 --> node_venv_lib_python3_12_site-packages["site-packages"]\n    node_venv_lib_python3_12_site-packages --> node_venv_lib_python3_12_site-packages_PyQt6["PyQt6"]\n    node_venv_lib_python3_12_site-packages_PyQt6 --> node_venv_lib_python3_12_site-packages_PyQt6_Qt6["Qt6"]\n    node_venv_lib_python3_12_site-packages_PyQt6_Qt6 --> node_venv_lib_python3_12_site-packages_PyQt6_Qt6_qml["qml"]\n    node_venv_lib_python3_12_site-packages_PyQt6_Qt6_qml --> node_venv_lib_python3_12_site-packages_PyQt6_Qt6_qml_QtQuick["QtQuick"]\n    node_venv_lib_python3_12_site-packages_PyQt6_Qt6_qml_QtQuick --> node_venv_lib_python3_12_site-packages_PyQt6_Qt6_qml_QtQuick_Controls["Controls"]\n    node_venv_lib_python3_12_site-packages_PyQt6_Qt6_qml_QtQuick_Controls --> node_venv_lib_python3_12_site-packages_PyQt6_Qt6_qml_QtQuick_Controls_Universal["Universal"]\n    node_venv_lib_python3_12_site-packages_PyQt6_Qt6_qml_QtQuick_Controls_Universal --> node_venv_lib_python3_12_site-packages_PyQt6_Qt6_qml_QtQuick_Controls_Universal_ToolButton_qml["ToolButton.qml"]\n    Root --> node_venv["venv"]\n    node_venv --> node_venv_lib["lib"]\n    node_venv_lib --> node_venv_lib_python3_12["python3.12"]\n    node_venv_lib_python3_12 --> node_venv_lib_python3_12_site-packages["site-packages"]\n    node_venv_lib_python3_12_site-packages --> node_venv_lib_python3_12_site-packages_PyQt6["PyQt6"]\n    node_venv_lib_python3_12_site-packages_PyQt6 --> node_venv_lib_python3_12_site-packages_PyQt6_Qt6["Qt6"]\n    node_venv_lib_python3_12_site-packages_PyQt6_Qt6 --> node_venv_lib_python3_12_site-packages_PyQt6_Qt6_qml["qml"]\n    node_venv_lib_python3_12_site-packages_PyQt6_Qt6_qml --> node_venv_lib_python3_12_site-packages_PyQt6_Qt6_qml_QtQuick["QtQuick"]\n    node_venv_lib_python3_12_site-packages_PyQt6_Qt6_qml_QtQuick --> node_venv_lib_python3_12_site-packages_PyQt6_Qt6_qml_QtQuick_Controls["Controls"]\n    node_venv_lib_python3_12_site-packages_PyQt6_Qt6_qml_QtQuick_Controls --> node_venv_lib_python3_12_site-packages_PyQt6_Qt6_qml_QtQuick_Controls_Universal["Universal"]\n    node_venv_lib_python3_12_site-packages_PyQt6_Qt6_qml_QtQuick_Controls_Universal --> node_venv_lib_python3_12_site-packages_PyQt6_Qt6_qml_QtQuick_Controls_Universal_ToolSeparator_qml["ToolSeparator.qml"]\n    Root --> node_venv["venv"]\n    node_venv --> node_venv_lib["lib"]\n    node_venv_lib --> node_venv_lib_python3_12["python3.12"]\n    node_venv_lib_python3_12 --> node_venv_lib_python3_12_site-packages["site-packages"]\n    node_venv_lib_python3_12_site-packages --> node_venv_lib_python3_12_site-packages_PyQt6["PyQt6"]\n    node_venv_lib_python3_12_site-packages_PyQt6 --> node_venv_lib_python3_12_site-packages_PyQt6_Qt6["Qt6"]\n    node_venv_lib_python3_12_site-packages_PyQt6_Qt6 --> node_venv_lib_python3_12_site-packages_PyQt6_Qt6_qml["qml"]\n    node_venv_lib_python3_12_site-packages_PyQt6_Qt6_qml --> node_venv_lib_python3_12_site-packages_PyQt6_Qt6_qml_QtQuick["QtQuick"]\n    node_venv_lib_python3_12_site-packages_PyQt6_Qt6_qml_QtQuick --> node_venv_lib_python3_12_site-packages_PyQt6_Qt6_qml_QtQuick_Controls["Controls"]\n    node_venv_lib_python3_12_site-packages_PyQt6_Qt6_qml_QtQuick_Controls --> node_venv_lib_python3_12_site-packages_PyQt6_Qt6_qml_QtQuick_Controls_Universal["Universal"]\n    node_venv_lib_python3_12_site-packages_PyQt6_Qt6_qml_QtQuick_Controls_Universal --> node_venv_lib_python3_12_site-packages_PyQt6_Qt6_qml_QtQuick_Controls_Universal_ToolTip_qml["ToolTip.qml"]\n    Root --> node_venv["venv"]\n    node_venv --> node_venv_lib["lib"]\n    node_venv_lib --> node_venv_lib_python3_12["python3.12"]\n    node_venv_lib_python3_12 --> node_venv_lib_python3_12_site-packages["site-packages"]\n    node_venv_lib_python3_12_site-packages --> node_venv_lib_python3_12_site-packages_PyQt6["PyQt6"]\n    node_venv_lib_python3_12_site-packages_PyQt6 --> node_venv_lib_python3_12_site-packages_PyQt6_Qt6["Qt6"]\n    node_venv_lib_python3_12_site-packages_PyQt6_Qt6 --> node_venv_lib_python3_12_site-packages_PyQt6_Qt6_qml["qml"]\n    node_venv_lib_python3_12_site-packages_PyQt6_Qt6_qml --> node_venv_lib_python3_12_site-packages_PyQt6_Qt6_qml_QtQuick["QtQuick"]\n    node_venv_lib_python3_12_site-packages_PyQt6_Qt6_qml_QtQuick --> node_venv_lib_python3_12_site-packages_PyQt6_Qt6_qml_QtQuick_Controls["Controls"]\n    node_venv_lib_python3_12_site-packages_PyQt6_Qt6_qml_QtQuick_Controls --> node_venv_lib_python3_12_site-packages_PyQt6_Qt6_qml_QtQuick_Controls_Universal["Universal"]\n    node_venv_lib_python3_12_site-packages_PyQt6_Qt6_qml_QtQuick_Controls_Universal --> node_venv_lib_python3_12_site-packages_PyQt6_Qt6_qml_QtQuick_Controls_Universal_Tumbler_qml["Tumbler.qml"]\n    Root --> node_venv["venv"]\n    node_venv --> node_venv_lib["lib"]\n    node_venv_lib --> node_venv_lib_python3_12["python3.12"]\n    node_venv_lib_python3_12 --> node_venv_lib_python3_12_site-packages["site-packages"]\n    node_venv_lib_python3_12_site-packages --> node_venv_lib_python3_12_site-packages_PyQt6["PyQt6"]\n    node_venv_lib_python3_12_site-packages_PyQt6 --> node_venv_lib_python3_12_site-packages_PyQt6_Qt6["Qt6"]\n    node_venv_lib_python3_12_site-packages_PyQt6_Qt6 --> node_venv_lib_python3_12_site-packages_PyQt6_Qt6_qml["qml"]\n    node_venv_lib_python3_12_site-packages_PyQt6_Qt6_qml --> node_venv_lib_python3_12_site-packages_PyQt6_Qt6_qml_QtQuick["QtQuick"]\n    node_venv_lib_python3_12_site-packages_PyQt6_Qt6_qml_QtQuick --> node_venv_lib_python3_12_site-packages_PyQt6_Qt6_qml_QtQuick_Controls["Controls"]\n    node_venv_lib_python3_12_site-packages_PyQt6_Qt6_qml_QtQuick_Controls --> node_venv_lib_python3_12_site-packages_PyQt6_Qt6_qml_QtQuick_Controls_Universal["Universal"]\n    node_venv_lib_python3_12_site-packages_PyQt6_Qt6_qml_QtQuick_Controls_Universal --> node_venv_lib_python3_12_site-packages_PyQt6_Qt6_qml_QtQuick_Controls_Universal_VerticalHeaderView_qml["VerticalHeaderView.qml"]\n    Root --> node_venv["venv"]\n    node_venv --> node_venv_lib["lib"]\n    node_venv_lib --> node_venv_lib_python3_12["python3.12"]\n    node_venv_lib_python3_12 --> node_venv_lib_python3_12_site-packages["site-packages"]\n    node_venv_lib_python3_12_site-packages --> node_venv_lib_python3_12_site-packages_PyQt6["PyQt6"]\n    node_venv_lib_python3_12_site-packages_PyQt6 --> node_venv_lib_python3_12_site-packages_PyQt6_Qt6["Qt6"]\n    node_venv_lib_python3_12_site-packages_PyQt6_Qt6 --> node_venv_lib_python3_12_site-packages_PyQt6_Qt6_qml["qml"]\n    node_venv_lib_python3_12_site-packages_PyQt6_Qt6_qml --> node_venv_lib_python3_12_site-packages_PyQt6_Qt6_qml_QtQuick["QtQuick"]\n    node_venv_lib_python3_12_site-packages_PyQt6_Qt6_qml_QtQuick --> node_venv_lib_python3_12_site-packages_PyQt6_Qt6_qml_QtQuick_Controls["Controls"]\n    node_venv_lib_python3_12_site-packages_PyQt6_Qt6_qml_QtQuick_Controls --> node_venv_lib_python3_12_site-packages_PyQt6_Qt6_qml_QtQuick_Controls_Universal["Universal"]\n    node_venv_lib_python3_12_site-packages_PyQt6_Qt6_qml_QtQuick_Controls_Universal --> node_venv_lib_python3_12_site-packages_PyQt6_Qt6_qml_QtQuick_Controls_Universal_VerticalHeaderViewDelegate_qml["VerticalHeaderViewDelegate.qml"]\n    Root --> node_venv["venv"]\n    node_venv --> node_venv_lib["lib"]\n    node_venv_lib --> node_venv_lib_python3_12["python3.12"]\n    node_venv_lib_python3_12 --> node_venv_lib_python3_12_site-packages["site-packages"]\n    node_venv_lib_python3_12_site-packages --> node_venv_lib_python3_12_site-packages_PyQt6["PyQt6"]\n    node_venv_lib_python3_12_site-packages_PyQt6 --> node_venv_lib_python3_12_site-packages_PyQt6_Qt6["Qt6"]\n    node_venv_lib_python3_12_site-packages_PyQt6_Qt6 --> node_venv_lib_python3_12_site-packages_PyQt6_Qt6_qml["qml"]\n    node_venv_lib_python3_12_site-packages_PyQt6_Qt6_qml --> node_venv_lib_python3_12_site-packages_PyQt6_Qt6_qml_QtQuick["QtQuick"]\n    node_venv_lib_python3_12_site-packages_PyQt6_Qt6_qml_QtQuick --> node_venv_lib_python3_12_site-packages_PyQt6_Qt6_qml_QtQuick_Controls["Controls"]\n    node_venv_lib_python3_12_site-packages_PyQt6_Qt6_qml_QtQuick_Controls --> node_venv_lib_python3_12_site-packages_PyQt6_Qt6_qml_QtQuick_Controls_Universal["Universal"]\n    node_venv_lib_python3_12_site-packages_PyQt6_Qt6_qml_QtQuick_Controls_Universal --> node_venv_lib_python3_12_site-packages_PyQt6_Qt6_qml_QtQuick_Controls_Universal_libqtquickcontrols2universalstyleplugin_dylib["libqtquickcontrols2universalstyleplugin.dylib"]\n    Root --> node_venv["venv"]\n    node_venv --> node_venv_lib["lib"]\n    node_venv_lib --> node_venv_lib_python3_12["python3.12"]\n    node_venv_lib_python3_12 --> node_venv_lib_python3_12_site-packages["site-packages"]\n    node_venv_lib_python3_12_site-packages --> node_venv_lib_python3_12_site-packages_PyQt6["PyQt6"]\n    node_venv_lib_python3_12_site-packages_PyQt6 --> node_venv_lib_python3_12_site-packages_PyQt6_Qt6["Qt6"]\n    node_venv_lib_python3_12_site-packages_PyQt6_Qt6 --> node_venv_lib_python3_12_site-packages_PyQt6_Qt6_qml["qml"]\n    node_venv_lib_python3_12_site-packages_PyQt6_Qt6_qml --> node_venv_lib_python3_12_site-packages_PyQt6_Qt6_qml_QtQuick["QtQuick"]\n    node_venv_lib_python3_12_site-packages_PyQt6_Qt6_qml_QtQuick --> node_venv_lib_python3_12_site-packages_PyQt6_Qt6_qml_QtQuick_Controls["Controls"]\n    node_venv_lib_python3_12_site-packages_PyQt6_Qt6_qml_QtQuick_Controls --> node_venv_lib_python3_12_site-packages_PyQt6_Qt6_qml_QtQuick_Controls_Universal["Universal"]\n    node_venv_lib_python3_12_site-packages_PyQt6_Qt6_qml_QtQuick_Controls_Universal --> node_venv_lib_python3_12_site-packages_PyQt6_Qt6_qml_QtQuick_Controls_Universal_plugins_qmltypes["plugins.qmltypes"]\n    Root --> node_venv["venv"]\n    node_venv --> node_venv_lib["lib"]\n    node_venv_lib --> node_venv_lib_python3_12["python3.12"]\n    node_venv_lib_python3_12 --> node_venv_lib_python3_12_site-packages["site-packages"]\n    node_venv_lib_python3_12_site-packages --> node_venv_lib_python3_12_site-packages_PyQt6["PyQt6"]\n    node_venv_lib_python3_12_site-packages_PyQt6 --> node_venv_lib_python3_12_site-packages_PyQt6_Qt6["Qt6"]\n    node_venv_lib_python3_12_site-packages_PyQt6_Qt6 --> node_venv_lib_python3_12_site-packages_PyQt6_Qt6_qml["qml"]\n    node_venv_lib_python3_12_site-packages_PyQt6_Qt6_qml --> node_venv_lib_python3_12_site-packages_PyQt6_Qt6_qml_QtQuick["QtQuick"]\n    node_venv_lib_python3_12_site-packages_PyQt6_Qt6_qml_QtQuick --> node_venv_lib_python3_12_site-packages_PyQt6_Qt6_qml_QtQuick_Controls["Controls"]\n    node_venv_lib_python3_12_site-packages_PyQt6_Qt6_qml_QtQuick_Controls --> node_venv_lib_python3_12_site-packages_PyQt6_Qt6_qml_QtQuick_Controls_Universal["Universal"]\n    node_venv_lib_python3_12_site-packages_PyQt6_Qt6_qml_QtQuick_Controls_Universal --> node_venv_lib_python3_12_site-packages_PyQt6_Qt6_qml_QtQuick_Controls_Universal_qmldir["qmldir"]\n    Root --> node_venv["venv"]\n    node_venv --> node_venv_lib["lib"]\n    node_venv_lib --> node_venv_lib_python3_12["python3.12"]\n    node_venv_lib_python3_12 --> node_venv_lib_python3_12_site-packages["site-packages"]\n    node_venv_lib_python3_12_site-packages --> node_venv_lib_python3_12_site-packages_PyQt6["PyQt6"]\n    node_venv_lib_python3_12_site-packages_PyQt6 --> node_venv_lib_python3_12_site-packages_PyQt6_Qt6["Qt6"]\n    node_venv_lib_python3_12_site-packages_PyQt6_Qt6 --> node_venv_lib_python3_12_site-packages_PyQt6_Qt6_qml["qml"]\n    node_venv_lib_python3_12_site-packages_PyQt6_Qt6_qml --> node_venv_lib_python3_12_site-packages_PyQt6_Qt6_qml_QtQuick["QtQuick"]\n    node_venv_lib_python3_12_site-packages_PyQt6_Qt6_qml_QtQuick --> node_venv_lib_python3_12_site-packages_PyQt6_Qt6_qml_QtQuick_Controls["Controls"]\n    node_venv_lib_python3_12_site-packages_PyQt6_Qt6_qml_QtQuick_Controls --> node_venv_lib_python3_12_site-packages_PyQt6_Qt6_qml_QtQuick_Controls_Universal["Universal"]\n    node_venv_lib_python3_12_site-packages_PyQt6_Qt6_qml_QtQuick_Controls_Universal --> node_venv_lib_python3_12_site-packages_PyQt6_Qt6_qml_QtQuick_Controls_Universal_impl["impl"]\n    node_venv_lib_python3_12_site-packages_PyQt6_Qt6_qml_QtQuick_Controls_Universal_impl --> node_venv_lib_python3_12_site-packages_PyQt6_Qt6_qml_QtQuick_Controls_Universal_impl_CheckIndicator_qml["CheckIndicator.qml"]\n    Root --> node_venv["venv"]\n    node_venv --> node_venv_lib["lib"]\n    node_venv_lib --> node_venv_lib_python3_12["python3.12"]\n    node_venv_lib_python3_12 --> node_venv_lib_python3_12_site-packages["site-packages"]\n    node_venv_lib_python3_12_site-packages --> node_venv_lib_python3_12_site-packages_PyQt6["PyQt6"]\n    node_venv_lib_python3_12_site-packages_PyQt6 --> node_venv_lib_python3_12_site-packages_PyQt6_Qt6["Qt6"]\n    node_venv_lib_python3_12_site-packages_PyQt6_Qt6 --> node_venv_lib_python3_12_site-packages_PyQt6_Qt6_qml["qml"]\n    node_venv_lib_python3_12_site-packages_PyQt6_Qt6_qml --> node_venv_lib_python3_12_site-packages_PyQt6_Qt6_qml_QtQuick["QtQuick"]\n    node_venv_lib_python3_12_site-packages_PyQt6_Qt6_qml_QtQuick --> node_venv_lib_python3_12_site-packages_PyQt6_Qt6_qml_QtQuick_Controls["Controls"]\n    node_venv_lib_python3_12_site-packages_PyQt6_Qt6_qml_QtQuick_Controls --> node_venv_lib_python3_12_site-packages_PyQt6_Qt6_qml_QtQuick_Controls_Universal["Universal"]\n    node_venv_lib_python3_12_site-packages_PyQt6_Qt6_qml_QtQuick_Controls_Universal --> node_venv_lib_python3_12_site-packages_PyQt6_Qt6_qml_QtQuick_Controls_Universal_impl["impl"]\n    node_venv_lib_python3_12_site-packages_PyQt6_Qt6_qml_QtQuick_Controls_Universal_impl --> node_venv_lib_python3_12_site-packages_PyQt6_Qt6_qml_QtQuick_Controls_Universal_impl_RadioIndicator_qml["RadioIndicator.qml"]\n    Root --> node_venv["venv"]\n    node_venv --> node_venv_lib["lib"]\n    node_venv_lib --> node_venv_lib_python3_12["python3.12"]\n    node_venv_lib_python3_12 --> node_venv_lib_python3_12_site-packages["site-packages"]\n    node_venv_lib_python3_12_site-packages --> node_venv_lib_python3_12_site-packages_PyQt6["PyQt6"]\n    node_venv_lib_python3_12_site-packages_PyQt6 --> node_venv_lib_python3_12_site-packages_PyQt6_Qt6["Qt6"]\n    node_venv_lib_python3_12_site-packages_PyQt6_Qt6 --> node_venv_lib_python3_12_site-packages_PyQt6_Qt6_qml["qml"]\n    node_venv_lib_python3_12_site-packages_PyQt6_Qt6_qml --> node_venv_lib_python3_12_site-packages_PyQt6_Qt6_qml_QtQuick["QtQuick"]\n    node_venv_lib_python3_12_site-packages_PyQt6_Qt6_qml_QtQuick --> node_venv_lib_python3_12_site-packages_PyQt6_Qt6_qml_QtQuick_Controls["Controls"]\n    node_venv_lib_python3_12_site-packages_PyQt6_Qt6_qml_QtQuick_Controls --> node_venv_lib_python3_12_site-packages_PyQt6_Qt6_qml_QtQuick_Controls_Universal["Universal"]\n    node_venv_lib_python3_12_site-packages_PyQt6_Qt6_qml_QtQuick_Controls_Universal --> node_venv_lib_python3_12_site-packages_PyQt6_Qt6_qml_QtQuick_Controls_Universal_impl["impl"]\n    node_venv_lib_python3_12_site-packages_PyQt6_Qt6_qml_QtQuick_Controls_Universal_impl --> node_venv_lib_python3_12_site-packages_PyQt6_Qt6_qml_QtQuick_Controls_Universal_impl_SwitchIndicator_qml["SwitchIndicator.qml"]\n    Root --> node_venv["venv"]\n    node_venv --> node_venv_lib["lib"]\n    node_venv_lib --> node_venv_lib_python3_12["python3.12"]\n    node_venv_lib_python3_12 --> node_venv_lib_python3_12_site-packages["site-packages"]\n    node_venv_lib_python3_12_site-packages --> node_venv_lib_python3_12_site-packages_PyQt6["PyQt6"]\n    node_venv_lib_python3_12_site-packages_PyQt6 --> node_venv_lib_python3_12_site-packages_PyQt6_Qt6["Qt6"]\n    node_venv_lib_python3_12_site-packages_PyQt6_Qt6 --> node_venv_lib_python3_12_site-packages_PyQt6_Qt6_qml["qml"]\n    node_venv_lib_python3_12_site-packages_PyQt6_Qt6_qml --> node_venv_lib_python3_12_site-packages_PyQt6_Qt6_qml_QtQuick["QtQuick"]\n    node_venv_lib_python3_12_site-packages_PyQt6_Qt6_qml_QtQuick --> node_venv_lib_python3_12_site-packages_PyQt6_Qt6_qml_QtQuick_Controls["Controls"]\n    node_venv_lib_python3_12_site-packages_PyQt6_Qt6_qml_QtQuick_Controls --> node_venv_lib_python3_12_site-packages_PyQt6_Qt6_qml_QtQuick_Controls_Universal["Universal"]\n    node_venv_lib_python3_12_site-packages_PyQt6_Qt6_qml_QtQuick_Controls_Universal --> node_venv_lib_python3_12_site-packages_PyQt6_Qt6_qml_QtQuick_Controls_Universal_impl["impl"]\n    node_venv_lib_python3_12_site-packages_PyQt6_Qt6_qml_QtQuick_Controls_Universal_impl --> node_venv_lib_python3_12_site-packages_PyQt6_Qt6_qml_QtQuick_Controls_Universal_impl_libqtquickcontrols2universalstyleimplplugin_dylib["libqtquickcontrols2universalstyleimplplugin.dylib"]\n    Root --> node_venv["venv"]\n    node_venv --> node_venv_lib["lib"]\n    node_venv_lib --> node_venv_lib_python3_12["python3.12"]\n    node_venv_lib_python3_12 --> node_venv_lib_python3_12_site-packages["site-packages"]\n    node_venv_lib_python3_12_site-packages --> node_venv_lib_python3_12_site-packages_PyQt6["PyQt6"]\n    node_venv_lib_python3_12_site-packages_PyQt6 --> node_venv_lib_python3_12_site-packages_PyQt6_Qt6["Qt6"]\n    node_venv_lib_python3_12_site-packages_PyQt6_Qt6 --> node_venv_lib_python3_12_site-packages_PyQt6_Qt6_qml["qml"]\n    node_venv_lib_python3_12_site-packages_PyQt6_Qt6_qml --> node_venv_lib_python3_12_site-packages_PyQt6_Qt6_qml_QtQuick["QtQuick"]\n    node_venv_lib_python3_12_site-packages_PyQt6_Qt6_qml_QtQuick --> node_venv_lib_python3_12_site-packages_PyQt6_Qt6_qml_QtQuick_Controls["Controls"]\n    node_venv_lib_python3_12_site-packages_PyQt6_Qt6_qml_QtQuick_Controls --> node_venv_lib_python3_12_site-packages_PyQt6_Qt6_qml_QtQuick_Controls_Universal["Universal"]\n    node_venv_lib_python3_12_site-packages_PyQt6_Qt6_qml_QtQuick_Controls_Universal --> node_venv_lib_python3_12_site-packages_PyQt6_Qt6_qml_QtQuick_Controls_Universal_impl["impl"]\n    node_venv_lib_python3_12_site-packages_PyQt6_Qt6_qml_QtQuick_Controls_Universal_impl --> node_venv_lib_python3_12_site-packages_PyQt6_Qt6_qml_QtQuick_Controls_Universal_impl_plugins_qmltypes["plugins.qmltypes"]\n    Root --> node_venv["venv"]\n    node_venv --> node_venv_lib["lib"]\n    node_venv_lib --> node_venv_lib_python3_12["python3.12"]\n    node_venv_lib_python3_12 --> node_venv_lib_python3_12_site-packages["site-packages"]\n    node_venv_lib_python3_12_site-packages --> node_venv_lib_python3_12_site-packages_PyQt6["PyQt6"]\n    node_venv_lib_python3_12_site-packages_PyQt6 --> node_venv_lib_python3_12_site-packages_PyQt6_Qt6["Qt6"]\n    node_venv_lib_python3_12_site-packages_PyQt6_Qt6 --> node_venv_lib_python3_12_site-packages_PyQt6_Qt6_qml["qml"]\n    node_venv_lib_python3_12_site-packages_PyQt6_Qt6_qml --> node_venv_lib_python3_12_site-packages_PyQt6_Qt6_qml_QtQuick["QtQuick"]\n    node_venv_lib_python3_12_site-packages_PyQt6_Qt6_qml_QtQuick --> node_venv_lib_python3_12_site-packages_PyQt6_Qt6_qml_QtQuick_Controls["Controls"]\n    node_venv_lib_python3_12_site-packages_PyQt6_Qt6_qml_QtQuick_Controls --> node_venv_lib_python3_12_site-packages_PyQt6_Qt6_qml_QtQuick_Controls_Universal["Universal"]\n    node_venv_lib_python3_12_site-packages_PyQt6_Qt6_qml_QtQuick_Controls_Universal --> node_venv_lib_python3_12_site-packages_PyQt6_Qt6_qml_QtQuick_Controls_Universal_impl["impl"]\n    node_venv_lib_python3_12_site-packages_PyQt6_Qt6_qml_QtQuick_Controls_Universal_impl --> node_venv_lib_python3_12_site-packages_PyQt6_Qt6_qml_QtQuick_Controls_Universal_impl_qmldir["qmldir"]\n    Root --> node_venv["venv"]\n    node_venv --> node_venv_lib["lib"]\n    node_venv_lib --> node_venv_lib_python3_12["python3.12"]\n    node_venv_lib_python3_12 --> node_venv_lib_python3_12_site-packages["site-packages"]\n    node_venv_lib_python3_12_site-packages --> node_venv_lib_python3_12_site-packages_PyQt6["PyQt6"]\n    node_venv_lib_python3_12_site-packages_PyQt6 --> node_venv_lib_python3_12_site-packages_PyQt6_Qt6["Qt6"]\n    node_venv_lib_python3_12_site-packages_PyQt6_Qt6 --> node_venv_lib_python3_12_site-packages_PyQt6_Qt6_qml["qml"]\n    node_venv_lib_python3_12_site-packages_PyQt6_Qt6_qml --> node_venv_lib_python3_12_site-packages_PyQt6_Qt6_qml_QtQuick["QtQuick"]\n    node_venv_lib_python3_12_site-packages_PyQt6_Qt6_qml_QtQuick --> node_venv_lib_python3_12_site-packages_PyQt6_Qt6_qml_QtQuick_Controls["Controls"]\n    node_venv_lib_python3_12_site-packages_PyQt6_Qt6_qml_QtQuick_Controls --> node_venv_lib_python3_12_site-packages_PyQt6_Qt6_qml_QtQuick_Controls_Basic["Basic"]\n    node_venv_lib_python3_12_site-packages_PyQt6_Qt6_qml_QtQuick_Controls_Basic --> node_venv_lib_python3_12_site-packages_PyQt6_Qt6_qml_QtQuick_Controls_Basic_AbstractButton_qml["AbstractButton.qml"]\n    Root --> node_venv["venv"]\n    node_venv --> node_venv_lib["lib"]\n    node_venv_lib --> node_venv_lib_python3_12["python3.12"]\n    node_venv_lib_python3_12 --> node_venv_lib_python3_12_site-packages["site-packages"]\n    node_venv_lib_python3_12_site-packages --> node_venv_lib_python3_12_site-packages_PyQt6["PyQt6"]\n    node_venv_lib_python3_12_site-packages_PyQt6 --> node_venv_lib_python3_12_site-packages_PyQt6_Qt6["Qt6"]\n    node_venv_lib_python3_12_site-packages_PyQt6_Qt6 --> node_venv_lib_python3_12_site-packages_PyQt6_Qt6_qml["qml"]\n    node_venv_lib_python3_12_site-packages_PyQt6_Qt6_qml --> node_venv_lib_python3_12_site-packages_PyQt6_Qt6_qml_QtQuick["QtQuick"]\n    node_venv_lib_python3_12_site-packages_PyQt6_Qt6_qml_QtQuick --> node_venv_lib_python3_12_site-packages_PyQt6_Qt6_qml_QtQuick_Controls["Controls"]\n    node_venv_lib_python3_12_site-packages_PyQt6_Qt6_qml_QtQuick_Controls --> node_venv_lib_python3_12_site-packages_PyQt6_Qt6_qml_QtQuick_Controls_Basic["Basic"]\n    node_venv_lib_python3_12_site-packages_PyQt6_Qt6_qml_QtQuick_Controls_Basic --> node_venv_lib_python3_12_site-packages_PyQt6_Qt6_qml_QtQuick_Controls_Basic_Action_qml["Action.qml"]\n    Root --> node_venv["venv"]\n    node_venv --> node_venv_lib["lib"]\n    node_venv_lib --> node_venv_lib_python3_12["python3.12"]\n    node_venv_lib_python3_12 --> node_venv_lib_python3_12_site-packages["site-packages"]\n    node_venv_lib_python3_12_site-packages --> node_venv_lib_python3_12_site-packages_PyQt6["PyQt6"]\n    node_venv_lib_python3_12_site-packages_PyQt6 --> node_venv_lib_python3_12_site-packages_PyQt6_Qt6["Qt6"]\n    node_venv_lib_python3_12_site-packages_PyQt6_Qt6 --> node_venv_lib_python3_12_site-packages_PyQt6_Qt6_qml["qml"]\n    node_venv_lib_python3_12_site-packages_PyQt6_Qt6_qml --> node_venv_lib_python3_12_site-packages_PyQt6_Qt6_qml_QtQuick["QtQuick"]\n    node_venv_lib_python3_12_site-packages_PyQt6_Qt6_qml_QtQuick --> node_venv_lib_python3_12_site-packages_PyQt6_Qt6_qml_QtQuick_Controls["Controls"]\n    node_venv_lib_python3_12_site-packages_PyQt6_Qt6_qml_QtQuick_Controls --> node_venv_lib_python3_12_site-packages_PyQt6_Qt6_qml_QtQuick_Controls_Basic["Basic"]\n    node_venv_lib_python3_12_site-packages_PyQt6_Qt6_qml_QtQuick_Controls_Basic --> node_venv_lib_python3_12_site-packages_PyQt6_Qt6_qml_QtQuick_Controls_Basic_ActionGroup_qml["ActionGroup.qml"]\n    Root --> node_venv["venv"]\n    node_venv --> node_venv_lib["lib"]\n    node_venv_lib --> node_venv_lib_python3_12["python3.12"]\n    node_venv_lib_python3_12 --> node_venv_lib_python3_12_site-packages["site-packages"]\n    node_venv_lib_python3_12_site-packages --> node_venv_lib_python3_12_site-packages_PyQt6["PyQt6"]\n    node_venv_lib_python3_12_site-packages_PyQt6 --> node_venv_lib_python3_12_site-packages_PyQt6_Qt6["Qt6"]\n    node_venv_lib_python3_12_site-packages_PyQt6_Qt6 --> node_venv_lib_python3_12_site-packages_PyQt6_Qt6_qml["qml"]\n    node_venv_lib_python3_12_site-packages_PyQt6_Qt6_qml --> node_venv_lib_python3_12_site-packages_PyQt6_Qt6_qml_QtQuick["QtQuick"]\n    node_venv_lib_python3_12_site-packages_PyQt6_Qt6_qml_QtQuick --> node_venv_lib_python3_12_site-packages_PyQt6_Qt6_qml_QtQuick_Controls["Controls"]\n    node_venv_lib_python3_12_site-packages_PyQt6_Qt6_qml_QtQuick_Controls --> node_venv_lib_python3_12_site-packages_PyQt6_Qt6_qml_QtQuick_Controls_Basic["Basic"]\n    node_venv_lib_python3_12_site-packages_PyQt6_Qt6_qml_QtQuick_Controls_Basic --> node_venv_lib_python3_12_site-packages_PyQt6_Qt6_qml_QtQuick_Controls_Basic_ApplicationWindow_qml["ApplicationWindow.qml"]\n    Root --> node_venv["venv"]\n    node_venv --> node_venv_lib["lib"]\n    node_venv_lib --> node_venv_lib_python3_12["python3.12"]\n    node_venv_lib_python3_12 --> node_venv_lib_python3_12_site-packages["site-packages"]\n    node_venv_lib_python3_12_site-packages --> node_venv_lib_python3_12_site-packages_PyQt6["PyQt6"]\n    node_venv_lib_python3_12_site-packages_PyQt6 --> node_venv_lib_python3_12_site-packages_PyQt6_Qt6["Qt6"]\n    node_venv_lib_python3_12_site-packages_PyQt6_Qt6 --> node_venv_lib_python3_12_site-packages_PyQt6_Qt6_qml["qml"]\n    node_venv_lib_python3_12_site-packages_PyQt6_Qt6_qml --> node_venv_lib_python3_12_site-packages_PyQt6_Qt6_qml_QtQuick["QtQuick"]\n    node_venv_lib_python3_12_site-packages_PyQt6_Qt6_qml_QtQuick --> node_venv_lib_python3_12_site-packages_PyQt6_Qt6_qml_QtQuick_Controls["Controls"]\n    node_venv_lib_python3_12_site-packages_PyQt6_Qt6_qml_QtQuick_Controls --> node_venv_lib_python3_12_site-packages_PyQt6_Qt6_qml_QtQuick_Controls_Basic["Basic"]\n    node_venv_lib_python3_12_site-packages_PyQt6_Qt6_qml_QtQuick_Controls_Basic --> node_venv_lib_python3_12_site-packages_PyQt6_Qt6_qml_QtQuick_Controls_Basic_BusyIndicator_qml["BusyIndicator.qml"]\n    Root --> node_venv["venv"]\n    node_venv --> node_venv_lib["lib"]\n    node_venv_lib --> node_venv_lib_python3_12["python3.12"]\n    node_venv_lib_python3_12 --> node_venv_lib_python3_12_site-packages["site-packages"]\n    node_venv_lib_python3_12_site-packages --> node_venv_lib_python3_12_site-packages_PyQt6["PyQt6"]\n    node_venv_lib_python3_12_site-packages_PyQt6 --> node_venv_lib_python3_12_site-packages_PyQt6_Qt6["Qt6"]\n    node_venv_lib_python3_12_site-packages_PyQt6_Qt6 --> node_venv_lib_python3_12_site-packages_PyQt6_Qt6_qml["qml"]\n    node_venv_lib_python3_12_site-packages_PyQt6_Qt6_qml --> node_venv_lib_python3_12_site-packages_PyQt6_Qt6_qml_QtQuick["QtQuick"]\n    node_venv_lib_python3_12_site-packages_PyQt6_Qt6_qml_QtQuick --> node_venv_lib_python3_12_site-packages_PyQt6_Qt6_qml_QtQuick_Controls["Controls"]\n    node_venv_lib_python3_12_site-packages_PyQt6_Qt6_qml_QtQuick_Controls --> node_venv_lib_python3_12_site-packages_PyQt6_Qt6_qml_QtQuick_Controls_Basic["Basic"]\n    node_venv_lib_python3_12_site-packages_PyQt6_Qt6_qml_QtQuick_Controls_Basic --> node_venv_lib_python3_12_site-packages_PyQt6_Qt6_qml_QtQuick_Controls_Basic_Button_qml["Button.qml"]\n    Root --> node_venv["venv"]\n    node_venv --> node_venv_lib["lib"]\n    node_venv_lib --> node_venv_lib_python3_12["python3.12"]\n    node_venv_lib_python3_12 --> node_venv_lib_python3_12_site-packages["site-packages"]\n    node_venv_lib_python3_12_site-packages --> node_venv_lib_python3_12_site-packages_PyQt6["PyQt6"]\n    node_venv_lib_python3_12_site-packages_PyQt6 --> node_venv_lib_python3_12_site-packages_PyQt6_Qt6["Qt6"]\n    node_venv_lib_python3_12_site-packages_PyQt6_Qt6 --> node_venv_lib_python3_12_site-packages_PyQt6_Qt6_qml["qml"]\n    node_venv_lib_python3_12_site-packages_PyQt6_Qt6_qml --> node_venv_lib_python3_12_site-packages_PyQt6_Qt6_qml_QtQuick["QtQuick"]\n    node_venv_lib_python3_12_site-packages_PyQt6_Qt6_qml_QtQuick --> node_venv_lib_python3_12_site-packages_PyQt6_Qt6_qml_QtQuick_Controls["Controls"]\n    node_venv_lib_python3_12_site-packages_PyQt6_Qt6_qml_QtQuick_Controls --> node_venv_lib_python3_12_site-packages_PyQt6_Qt6_qml_QtQuick_Controls_Basic["Basic"]\n    node_venv_lib_python3_12_site-packages_PyQt6_Qt6_qml_QtQuick_Controls_Basic --> node_venv_lib_python3_12_site-packages_PyQt6_Qt6_qml_QtQuick_Controls_Basic_ButtonGroup_qml["ButtonGroup.qml"]\n    Root --> node_venv["venv"]\n    node_venv --> node_venv_lib["lib"]\n    node_venv_lib --> node_venv_lib_python3_12["python3.12"]\n    node_venv_lib_python3_12 --> node_venv_lib_python3_12_site-packages["site-packages"]\n    node_venv_lib_python3_12_site-packages --> node_venv_lib_python3_12_site-packages_PyQt6["PyQt6"]\n    node_venv_lib_python3_12_site-packages_PyQt6 --> node_venv_lib_python3_12_site-packages_PyQt6_Qt6["Qt6"]\n    node_venv_lib_python3_12_site-packages_PyQt6_Qt6 --> node_venv_lib_python3_12_site-packages_PyQt6_Qt6_qml["qml"]\n    node_venv_lib_python3_12_site-packages_PyQt6_Qt6_qml --> node_venv_lib_python3_12_site-packages_PyQt6_Qt6_qml_QtQuick["QtQuick"]\n    node_venv_lib_python3_12_site-packages_PyQt6_Qt6_qml_QtQuick --> node_venv_lib_python3_12_site-packages_PyQt6_Qt6_qml_QtQuick_Controls["Controls"]\n    node_venv_lib_python3_12_site-packages_PyQt6_Qt6_qml_QtQuick_Controls --> node_venv_lib_python3_12_site-packages_PyQt6_Qt6_qml_QtQuick_Controls_Basic["Basic"]\n    node_venv_lib_python3_12_site-packages_PyQt6_Qt6_qml_QtQuick_Controls_Basic --> node_venv_lib_python3_12_site-packages_PyQt6_Qt6_qml_QtQuick_Controls_Basic_Calendar_qml["Calendar.qml"]\n    Root --> node_venv["venv"]\n    node_venv --> node_venv_lib["lib"]\n    node_venv_lib --> node_venv_lib_python3_12["python3.12"]\n    node_venv_lib_python3_12 --> node_venv_lib_python3_12_site-packages["site-packages"]\n    node_venv_lib_python3_12_site-packages --> node_venv_lib_python3_12_site-packages_PyQt6["PyQt6"]\n    node_venv_lib_python3_12_site-packages_PyQt6 --> node_venv_lib_python3_12_site-packages_PyQt6_Qt6["Qt6"]\n    node_venv_lib_python3_12_site-packages_PyQt6_Qt6 --> node_venv_lib_python3_12_site-packages_PyQt6_Qt6_qml["qml"]\n    node_venv_lib_python3_12_site-packages_PyQt6_Qt6_qml --> node_venv_lib_python3_12_site-packages_PyQt6_Qt6_qml_QtQuick["QtQuick"]\n    node_venv_lib_python3_12_site-packages_PyQt6_Qt6_qml_QtQuick --> node_venv_lib_python3_12_site-packages_PyQt6_Qt6_qml_QtQuick_Controls["Controls"]\n    node_venv_lib_python3_12_site-packages_PyQt6_Qt6_qml_QtQuick_Controls --> node_venv_lib_python3_12_site-packages_PyQt6_Qt6_qml_QtQuick_Controls_Basic["Basic"]\n    node_venv_lib_python3_12_site-packages_PyQt6_Qt6_qml_QtQuick_Controls_Basic --> node_venv_lib_python3_12_site-packages_PyQt6_Qt6_qml_QtQuick_Controls_Basic_CalendarModel_qml["CalendarModel.qml"]\n    Root --> node_venv["venv"]\n    node_venv --> node_venv_lib["lib"]\n    node_venv_lib --> node_venv_lib_python3_12["python3.12"]\n    node_venv_lib_python3_12 --> node_venv_lib_python3_12_site-packages["site-packages"]\n    node_venv_lib_python3_12_site-packages --> node_venv_lib_python3_12_site-packages_PyQt6["PyQt6"]\n    node_venv_lib_python3_12_site-packages_PyQt6 --> node_venv_lib_python3_12_site-packages_PyQt6_Qt6["Qt6"]\n    node_venv_lib_python3_12_site-packages_PyQt6_Qt6 --> node_venv_lib_python3_12_site-packages_PyQt6_Qt6_qml["qml"]\n    node_venv_lib_python3_12_site-packages_PyQt6_Qt6_qml --> node_venv_lib_python3_12_site-packages_PyQt6_Qt6_qml_QtQuick["QtQuick"]\n    node_venv_lib_python3_12_site-packages_PyQt6_Qt6_qml_QtQuick --> node_venv_lib_python3_12_site-packages_PyQt6_Qt6_qml_QtQuick_Controls["Controls"]\n    node_venv_lib_python3_12_site-packages_PyQt6_Qt6_qml_QtQuick_Controls --> node_venv_lib_python3_12_site-packages_PyQt6_Qt6_qml_QtQuick_Controls_Basic["Basic"]\n    node_venv_lib_python3_12_site-packages_PyQt6_Qt6_qml_QtQuick_Controls_Basic --> node_venv_lib_python3_12_site-packages_PyQt6_Qt6_qml_QtQuick_Controls_Basic_CheckBox_qml["CheckBox.qml"]\n    Root --> node_venv["venv"]\n    node_venv --> node_venv_lib["lib"]\n    node_venv_lib --> node_venv_lib_python3_12["python3.12"]\n    node_venv_lib_python3_12 --> node_venv_lib_python3_12_site-packages["site-packages"]\n    node_venv_lib_python3_12_site-packages --> node_venv_lib_python3_12_site-packages_PyQt6["PyQt6"]\n    node_venv_lib_python3_12_site-packages_PyQt6 --> node_venv_lib_python3_12_site-packages_PyQt6_Qt6["Qt6"]\n    node_venv_lib_python3_12_site-packages_PyQt6_Qt6 --> node_venv_lib_python3_12_site-packages_PyQt6_Qt6_qml["qml"]\n    node_venv_lib_python3_12_site-packages_PyQt6_Qt6_qml --> node_venv_lib_python3_12_site-packages_PyQt6_Qt6_qml_QtQuick["QtQuick"]\n    node_venv_lib_python3_12_site-packages_PyQt6_Qt6_qml_QtQuick --> node_venv_lib_python3_12_site-packages_PyQt6_Qt6_qml_QtQuick_Controls["Controls"]\n    node_venv_lib_python3_12_site-packages_PyQt6_Qt6_qml_QtQuick_Controls --> node_venv_lib_python3_12_site-packages_PyQt6_Qt6_qml_QtQuick_Controls_Basic["Basic"]\n    node_venv_lib_python3_12_site-packages_PyQt6_Qt6_qml_QtQuick_Controls_Basic --> node_venv_lib_python3_12_site-packages_PyQt6_Qt6_qml_QtQuick_Controls_Basic_CheckDelegate_qml["CheckDelegate.qml"]\n    Root --> node_venv["venv"]\n    node_venv --> node_venv_lib["lib"]\n    node_venv_lib --> node_venv_lib_python3_12["python3.12"]\n    node_venv_lib_python3_12 --> node_venv_lib_python3_12_site-packages["site-packages"]\n    node_venv_lib_python3_12_site-packages --> node_venv_lib_python3_12_site-packages_PyQt6["PyQt6"]\n    node_venv_lib_python3_12_site-packages_PyQt6 --> node_venv_lib_python3_12_site-packages_PyQt6_Qt6["Qt6"]\n    node_venv_lib_python3_12_site-packages_PyQt6_Qt6 --> node_venv_lib_python3_12_site-packages_PyQt6_Qt6_qml["qml"]\n    node_venv_lib_python3_12_site-packages_PyQt6_Qt6_qml --> node_venv_lib_python3_12_site-packages_PyQt6_Qt6_qml_QtQuick["QtQuick"]\n    node_venv_lib_python3_12_site-packages_PyQt6_Qt6_qml_QtQuick --> node_venv_lib_python3_12_site-packages_PyQt6_Qt6_qml_QtQuick_Controls["Controls"]\n    node_venv_lib_python3_12_site-packages_PyQt6_Qt6_qml_QtQuick_Controls --> node_venv_lib_python3_12_site-packages_PyQt6_Qt6_qml_QtQuick_Controls_Basic["Basic"]\n    node_venv_lib_python3_12_site-packages_PyQt6_Qt6_qml_QtQuick_Controls_Basic --> node_venv_lib_python3_12_site-packages_PyQt6_Qt6_qml_QtQuick_Controls_Basic_ComboBox_qml["ComboBox.qml"]\n    Root --> node_venv["venv"]\n    node_venv --> node_venv_lib["lib"]\n    node_venv_lib --> node_venv_lib_python3_12["python3.12"]\n    node_venv_lib_python3_12 --> node_venv_lib_python3_12_site-packages["site-packages"]\n    node_venv_lib_python3_12_site-packages --> node_venv_lib_python3_12_site-packages_PyQt6["PyQt6"]\n    node_venv_lib_python3_12_site-packages_PyQt6 --> node_venv_lib_python3_12_site-packages_PyQt6_Qt6["Qt6"]\n    node_venv_lib_python3_12_site-packages_PyQt6_Qt6 --> node_venv_lib_python3_12_site-packages_PyQt6_Qt6_qml["qml"]\n    node_venv_lib_python3_12_site-packages_PyQt6_Qt6_qml --> node_venv_lib_python3_12_site-packages_PyQt6_Qt6_qml_QtQuick["QtQuick"]\n    node_venv_lib_python3_12_site-packages_PyQt6_Qt6_qml_QtQuick --> node_venv_lib_python3_12_site-packages_PyQt6_Qt6_qml_QtQuick_Controls["Controls"]\n    node_venv_lib_python3_12_site-packages_PyQt6_Qt6_qml_QtQuick_Controls --> node_venv_lib_python3_12_site-packages_PyQt6_Qt6_qml_QtQuick_Controls_Basic["Basic"]\n    node_venv_lib_python3_12_site-packages_PyQt6_Qt6_qml_QtQuick_Controls_Basic --> node_venv_lib_python3_12_site-packages_PyQt6_Qt6_qml_QtQuick_Controls_Basic_Container_qml["Container.qml"]\n    Root --> node_venv["venv"]\n    node_venv --> node_venv_lib["lib"]\n    node_venv_lib --> node_venv_lib_python3_12["python3.12"]\n    node_venv_lib_python3_12 --> node_venv_lib_python3_12_site-packages["site-packages"]\n    node_venv_lib_python3_12_site-packages --> node_venv_lib_python3_12_site-packages_PyQt6["PyQt6"]\n    node_venv_lib_python3_12_site-packages_PyQt6 --> node_venv_lib_python3_12_site-packages_PyQt6_Qt6["Qt6"]\n    node_venv_lib_python3_12_site-packages_PyQt6_Qt6 --> node_venv_lib_python3_12_site-packages_PyQt6_Qt6_qml["qml"]\n    node_venv_lib_python3_12_site-packages_PyQt6_Qt6_qml --> node_venv_lib_python3_12_site-packages_PyQt6_Qt6_qml_QtQuick["QtQuick"]\n    node_venv_lib_python3_12_site-packages_PyQt6_Qt6_qml_QtQuick --> node_venv_lib_python3_12_site-packages_PyQt6_Qt6_qml_QtQuick_Controls["Controls"]\n    node_venv_lib_python3_12_site-packages_PyQt6_Qt6_qml_QtQuick_Controls --> node_venv_lib_python3_12_site-packages_PyQt6_Qt6_qml_QtQuick_Controls_Basic["Basic"]\n    node_venv_lib_python3_12_site-packages_PyQt6_Qt6_qml_QtQuick_Controls_Basic --> node_venv_lib_python3_12_site-packages_PyQt6_Qt6_qml_QtQuick_Controls_Basic_Control_qml["Control.qml"]\n    Root --> node_venv["venv"]\n    node_venv --> node_venv_lib["lib"]\n    node_venv_lib --> node_venv_lib_python3_12["python3.12"]\n    node_venv_lib_python3_12 --> node_venv_lib_python3_12_site-packages["site-packages"]\n    node_venv_lib_python3_12_site-packages --> node_venv_lib_python3_12_site-packages_PyQt6["PyQt6"]\n    node_venv_lib_python3_12_site-packages_PyQt6 --> node_venv_lib_python3_12_site-packages_PyQt6_Qt6["Qt6"]\n    node_venv_lib_python3_12_site-packages_PyQt6_Qt6 --> node_venv_lib_python3_12_site-packages_PyQt6_Qt6_qml["qml"]\n    node_venv_lib_python3_12_site-packages_PyQt6_Qt6_qml --> node_venv_lib_python3_12_site-packages_PyQt6_Qt6_qml_QtQuick["QtQuick"]\n    node_venv_lib_python3_12_site-packages_PyQt6_Qt6_qml_QtQuick --> node_venv_lib_python3_12_site-packages_PyQt6_Qt6_qml_QtQuick_Controls["Controls"]\n    node_venv_lib_python3_12_site-packages_PyQt6_Qt6_qml_QtQuick_Controls --> node_venv_lib_python3_12_site-packages_PyQt6_Qt6_qml_QtQuick_Controls_Basic["Basic"]\n    node_venv_lib_python3_12_site-packages_PyQt6_Qt6_qml_QtQuick_Controls_Basic --> node_venv_lib_python3_12_site-packages_PyQt6_Qt6_qml_QtQuick_Controls_Basic_DayOfWeekRow_qml["DayOfWeekRow.qml"]\n    Root --> node_venv["venv"]\n    node_venv --> node_venv_lib["lib"]\n    node_venv_lib --> node_venv_lib_python3_12["python3.12"]\n    node_venv_lib_python3_12 --> node_venv_lib_python3_12_site-packages["site-packages"]\n    node_venv_lib_python3_12_site-packages --> node_venv_lib_python3_12_site-packages_PyQt6["PyQt6"]\n    node_venv_lib_python3_12_site-packages_PyQt6 --> node_venv_lib_python3_12_site-packages_PyQt6_Qt6["Qt6"]\n    node_venv_lib_python3_12_site-packages_PyQt6_Qt6 --> node_venv_lib_python3_12_site-packages_PyQt6_Qt6_qml["qml"]\n    node_venv_lib_python3_12_site-packages_PyQt6_Qt6_qml --> node_venv_lib_python3_12_site-packages_PyQt6_Qt6_qml_QtQuick["QtQuick"]\n    node_venv_lib_python3_12_site-packages_PyQt6_Qt6_qml_QtQuick --> node_venv_lib_python3_12_site-packages_PyQt6_Qt6_qml_QtQuick_Controls["Controls"]\n    node_venv_lib_python3_12_site-packages_PyQt6_Qt6_qml_QtQuick_Controls --> node_venv_lib_python3_12_site-packages_PyQt6_Qt6_qml_QtQuick_Controls_Basic["Basic"]\n    node_venv_lib_python3_12_site-packages_PyQt6_Qt6_qml_QtQuick_Controls_Basic --> node_venv_lib_python3_12_site-packages_PyQt6_Qt6_qml_QtQuick_Controls_Basic_DelayButton_qml["DelayButton.qml"]\n    Root --> node_venv["venv"]\n    node_venv --> node_venv_lib["lib"]\n    node_venv_lib --> node_venv_lib_python3_12["python3.12"]\n    node_venv_lib_python3_12 --> node_venv_lib_python3_12_site-packages["site-packages"]\n    node_venv_lib_python3_12_site-packages --> node_venv_lib_python3_12_site-packages_PyQt6["PyQt6"]\n    node_venv_lib_python3_12_site-packages_PyQt6 --> node_venv_lib_python3_12_site-packages_PyQt6_Qt6["Qt6"]\n    node_venv_lib_python3_12_site-packages_PyQt6_Qt6 --> node_venv_lib_python3_12_site-packages_PyQt6_Qt6_qml["qml"]\n    node_venv_lib_python3_12_site-packages_PyQt6_Qt6_qml --> node_venv_lib_python3_12_site-packages_PyQt6_Qt6_qml_QtQuick["QtQuick"]\n    node_venv_lib_python3_12_site-packages_PyQt6_Qt6_qml_QtQuick --> node_venv_lib_python3_12_site-packages_PyQt6_Qt6_qml_QtQuick_Controls["Controls"]\n    node_venv_lib_python3_12_site-packages_PyQt6_Qt6_qml_QtQuick_Controls --> node_venv_lib_python3_12_site-packages_PyQt6_Qt6_qml_QtQuick_Controls_Basic["Basic"]\n    node_venv_lib_python3_12_site-packages_PyQt6_Qt6_qml_QtQuick_Controls_Basic --> node_venv_lib_python3_12_site-packages_PyQt6_Qt6_qml_QtQuick_Controls_Basic_Dial_qml["Dial.qml"]\n    Root --> node_venv["venv"]\n    node_venv --> node_venv_lib["lib"]\n    node_venv_lib --> node_venv_lib_python3_12["python3.12"]\n    node_venv_lib_python3_12 --> node_venv_lib_python3_12_site-packages["site-packages"]\n    node_venv_lib_python3_12_site-packages --> node_venv_lib_python3_12_site-packages_PyQt6["PyQt6"]\n    node_venv_lib_python3_12_site-packages_PyQt6 --> node_venv_lib_python3_12_site-packages_PyQt6_Qt6["Qt6"]\n    node_venv_lib_python3_12_site-packages_PyQt6_Qt6 --> node_venv_lib_python3_12_site-packages_PyQt6_Qt6_qml["qml"]\n    node_venv_lib_python3_12_site-packages_PyQt6_Qt6_qml --> node_venv_lib_python3_12_site-packages_PyQt6_Qt6_qml_QtQuick["QtQuick"]\n    node_venv_lib_python3_12_site-packages_PyQt6_Qt6_qml_QtQuick --> node_venv_lib_python3_12_site-packages_PyQt6_Qt6_qml_QtQuick_Controls["Controls"]\n    node_venv_lib_python3_12_site-packages_PyQt6_Qt6_qml_QtQuick_Controls --> node_venv_lib_python3_12_site-packages_PyQt6_Qt6_qml_QtQuick_Controls_Basic["Basic"]\n    node_venv_lib_python3_12_site-packages_PyQt6_Qt6_qml_QtQuick_Controls_Basic --> node_venv_lib_python3_12_site-packages_PyQt6_Qt6_qml_QtQuick_Controls_Basic_Dialog_qml["Dialog.qml"]\n    Root --> node_venv["venv"]\n    node_venv --> node_venv_lib["lib"]\n    node_venv_lib --> node_venv_lib_python3_12["python3.12"]\n    node_venv_lib_python3_12 --> node_venv_lib_python3_12_site-packages["site-packages"]\n    node_venv_lib_python3_12_site-packages --> node_venv_lib_python3_12_site-packages_PyQt6["PyQt6"]\n    node_venv_lib_python3_12_site-packages_PyQt6 --> node_venv_lib_python3_12_site-packages_PyQt6_Qt6["Qt6"]\n    node_venv_lib_python3_12_site-packages_PyQt6_Qt6 --> node_venv_lib_python3_12_site-packages_PyQt6_Qt6_qml["qml"]\n    node_venv_lib_python3_12_site-packages_PyQt6_Qt6_qml --> node_venv_lib_python3_12_site-packages_PyQt6_Qt6_qml_QtQuick["QtQuick"]\n    node_venv_lib_python3_12_site-packages_PyQt6_Qt6_qml_QtQuick --> node_venv_lib_python3_12_site-packages_PyQt6_Qt6_qml_QtQuick_Controls["Controls"]\n    node_venv_lib_python3_12_site-packages_PyQt6_Qt6_qml_QtQuick_Controls --> node_venv_lib_python3_12_site-packages_PyQt6_Qt6_qml_QtQuick_Controls_Basic["Basic"]\n    node_venv_lib_python3_12_site-packages_PyQt6_Qt6_qml_QtQuick_Controls_Basic --> node_venv_lib_python3_12_site-packages_PyQt6_Qt6_qml_QtQuick_Controls_Basic_DialogButtonBox_qml["DialogButtonBox.qml"]\n    Root --> node_venv["venv"]\n    node_venv --> node_venv_lib["lib"]\n    node_venv_lib --> node_venv_lib_python3_12["python3.12"]\n    node_venv_lib_python3_12 --> node_venv_lib_python3_12_site-packages["site-packages"]\n    node_venv_lib_python3_12_site-packages --> node_venv_lib_python3_12_site-packages_PyQt6["PyQt6"]\n    node_venv_lib_python3_12_site-packages_PyQt6 --> node_venv_lib_python3_12_site-packages_PyQt6_Qt6["Qt6"]\n    node_venv_lib_python3_12_site-packages_PyQt6_Qt6 --> node_venv_lib_python3_12_site-packages_PyQt6_Qt6_qml["qml"]\n    node_venv_lib_python3_12_site-packages_PyQt6_Qt6_qml --> node_venv_lib_python3_12_site-packages_PyQt6_Qt6_qml_QtQuick["QtQuick"]\n    node_venv_lib_python3_12_site-packages_PyQt6_Qt6_qml_QtQuick --> node_venv_lib_python3_12_site-packages_PyQt6_Qt6_qml_QtQuick_Controls["Controls"]\n    node_venv_lib_python3_12_site-packages_PyQt6_Qt6_qml_QtQuick_Controls --> node_venv_lib_python3_12_site-packages_PyQt6_Qt6_qml_QtQuick_Controls_Basic["Basic"]\n    node_venv_lib_python3_12_site-packages_PyQt6_Qt6_qml_QtQuick_Controls_Basic --> node_venv_lib_python3_12_site-packages_PyQt6_Qt6_qml_QtQuick_Controls_Basic_Drawer_qml["Drawer.qml"]\n    Root --> node_venv["venv"]\n    node_venv --> node_venv_lib["lib"]\n    node_venv_lib --> node_venv_lib_python3_12["python3.12"]\n    node_venv_lib_python3_12 --> node_venv_lib_python3_12_site-packages["site-packages"]\n    node_venv_lib_python3_12_site-packages --> node_venv_lib_python3_12_site-packages_PyQt6["PyQt6"]\n    node_venv_lib_python3_12_site-packages_PyQt6 --> node_venv_lib_python3_12_site-packages_PyQt6_Qt6["Qt6"]\n    node_venv_lib_python3_12_site-packages_PyQt6_Qt6 --> node_venv_lib_python3_12_site-packages_PyQt6_Qt6_qml["qml"]\n    node_venv_lib_python3_12_site-packages_PyQt6_Qt6_qml --> node_venv_lib_python3_12_site-packages_PyQt6_Qt6_qml_QtQuick["QtQuick"]\n    node_venv_lib_python3_12_site-packages_PyQt6_Qt6_qml_QtQuick --> node_venv_lib_python3_12_site-packages_PyQt6_Qt6_qml_QtQuick_Controls["Controls"]\n    node_venv_lib_python3_12_site-packages_PyQt6_Qt6_qml_QtQuick_Controls --> node_venv_lib_python3_12_site-packages_PyQt6_Qt6_qml_QtQuick_Controls_Basic["Basic"]\n    node_venv_lib_python3_12_site-packages_PyQt6_Qt6_qml_QtQuick_Controls_Basic --> node_venv_lib_python3_12_site-packages_PyQt6_Qt6_qml_QtQuick_Controls_Basic_Frame_qml["Frame.qml"]\n    Root --> node_venv["venv"]\n    node_venv --> node_venv_lib["lib"]\n    node_venv_lib --> node_venv_lib_python3_12["python3.12"]\n    node_venv_lib_python3_12 --> node_venv_lib_python3_12_site-packages["site-packages"]\n    node_venv_lib_python3_12_site-packages --> node_venv_lib_python3_12_site-packages_PyQt6["PyQt6"]\n    node_venv_lib_python3_12_site-packages_PyQt6 --> node_venv_lib_python3_12_site-packages_PyQt6_Qt6["Qt6"]\n    node_venv_lib_python3_12_site-packages_PyQt6_Qt6 --> node_venv_lib_python3_12_site-packages_PyQt6_Qt6_qml["qml"]\n    node_venv_lib_python3_12_site-packages_PyQt6_Qt6_qml --> node_venv_lib_python3_12_site-packages_PyQt6_Qt6_qml_QtQuick["QtQuick"]\n    node_venv_lib_python3_12_site-packages_PyQt6_Qt6_qml_QtQuick --> node_venv_lib_python3_12_site-packages_PyQt6_Qt6_qml_QtQuick_Controls["Controls"]\n    node_venv_lib_python3_12_site-packages_PyQt6_Qt6_qml_QtQuick_Controls --> node_venv_lib_python3_12_site-packages_PyQt6_Qt6_qml_QtQuick_Controls_Basic["Basic"]\n    node_venv_lib_python3_12_site-packages_PyQt6_Qt6_qml_QtQuick_Controls_Basic --> node_venv_lib_python3_12_site-packages_PyQt6_Qt6_qml_QtQuick_Controls_Basic_GroupBox_qml["GroupBox.qml"]\n    Root --> node_venv["venv"]\n    node_venv --> node_venv_lib["lib"]\n    node_venv_lib --> node_venv_lib_python3_12["python3.12"]\n    node_venv_lib_python3_12 --> node_venv_lib_python3_12_site-packages["site-packages"]\n    node_venv_lib_python3_12_site-packages --> node_venv_lib_python3_12_site-packages_PyQt6["PyQt6"]\n    node_venv_lib_python3_12_site-packages_PyQt6 --> node_venv_lib_python3_12_site-packages_PyQt6_Qt6["Qt6"]\n    node_venv_lib_python3_12_site-packages_PyQt6_Qt6 --> node_venv_lib_python3_12_site-packages_PyQt6_Qt6_qml["qml"]\n    node_venv_lib_python3_12_site-packages_PyQt6_Qt6_qml --> node_venv_lib_python3_12_site-packages_PyQt6_Qt6_qml_QtQuick["QtQuick"]\n    node_venv_lib_python3_12_site-packages_PyQt6_Qt6_qml_QtQuick --> node_venv_lib_python3_12_site-packages_PyQt6_Qt6_qml_QtQuick_Controls["Controls"]\n    node_venv_lib_python3_12_site-packages_PyQt6_Qt6_qml_QtQuick_Controls --> node_venv_lib_python3_12_site-packages_PyQt6_Qt6_qml_QtQuick_Controls_Basic["Basic"]\n    node_venv_lib_python3_12_site-packages_PyQt6_Qt6_qml_QtQuick_Controls_Basic --> node_venv_lib_python3_12_site-packages_PyQt6_Qt6_qml_QtQuick_Controls_Basic_HorizontalHeaderView_qml["HorizontalHeaderView.qml"]\n    Root --> node_venv["venv"]\n    node_venv --> node_venv_lib["lib"]\n    node_venv_lib --> node_venv_lib_python3_12["python3.12"]\n    node_venv_lib_python3_12 --> node_venv_lib_python3_12_site-packages["site-packages"]\n    node_venv_lib_python3_12_site-packages --> node_venv_lib_python3_12_site-packages_PyQt6["PyQt6"]\n    node_venv_lib_python3_12_site-packages_PyQt6 --> node_venv_lib_python3_12_site-packages_PyQt6_Qt6["Qt6"]\n    node_venv_lib_python3_12_site-packages_PyQt6_Qt6 --> node_venv_lib_python3_12_site-packages_PyQt6_Qt6_qml["qml"]\n    node_venv_lib_python3_12_site-packages_PyQt6_Qt6_qml --> node_venv_lib_python3_12_site-packages_PyQt6_Qt6_qml_QtQuick["QtQuick"]\n    node_venv_lib_python3_12_site-packages_PyQt6_Qt6_qml_QtQuick --> node_venv_lib_python3_12_site-packages_PyQt6_Qt6_qml_QtQuick_Controls["Controls"]\n    node_venv_lib_python3_12_site-packages_PyQt6_Qt6_qml_QtQuick_Controls --> node_venv_lib_python3_12_site-packages_PyQt6_Qt6_qml_QtQuick_Controls_Basic["Basic"]\n    node_venv_lib_python3_12_site-packages_PyQt6_Qt6_qml_QtQuick_Controls_Basic --> node_venv_lib_python3_12_site-packages_PyQt6_Qt6_qml_QtQuick_Controls_Basic_HorizontalHeaderViewDelegate_qml["HorizontalHeaderViewDelegate.qml"]\n    Root --> node_venv["venv"]\n    node_venv --> node_venv_lib["lib"]\n    node_venv_lib --> node_venv_lib_python3_12["python3.12"]\n    node_venv_lib_python3_12 --> node_venv_lib_python3_12_site-packages["site-packages"]\n    node_venv_lib_python3_12_site-packages --> node_venv_lib_python3_12_site-packages_PyQt6["PyQt6"]\n    node_venv_lib_python3_12_site-packages_PyQt6 --> node_venv_lib_python3_12_site-packages_PyQt6_Qt6["Qt6"]\n    node_venv_lib_python3_12_site-packages_PyQt6_Qt6 --> node_venv_lib_python3_12_site-packages_PyQt6_Qt6_qml["qml"]\n    node_venv_lib_python3_12_site-packages_PyQt6_Qt6_qml --> node_venv_lib_python3_12_site-packages_PyQt6_Qt6_qml_QtQuick["QtQuick"]\n    node_venv_lib_python3_12_site-packages_PyQt6_Qt6_qml_QtQuick --> node_venv_lib_python3_12_site-packages_PyQt6_Qt6_qml_QtQuick_Controls["Controls"]\n    node_venv_lib_python3_12_site-packages_PyQt6_Qt6_qml_QtQuick_Controls --> node_venv_lib_python3_12_site-packages_PyQt6_Qt6_qml_QtQuick_Controls_Basic["Basic"]\n    node_venv_lib_python3_12_site-packages_PyQt6_Qt6_qml_QtQuick_Controls_Basic --> node_venv_lib_python3_12_site-packages_PyQt6_Qt6_qml_QtQuick_Controls_Basic_ItemDelegate_qml["ItemDelegate.qml"]\n    Root --> node_venv["venv"]\n    node_venv --> node_venv_lib["lib"]\n    node_venv_lib --> node_venv_lib_python3_12["python3.12"]\n    node_venv_lib_python3_12 --> node_venv_lib_python3_12_site-packages["site-packages"]\n    node_venv_lib_python3_12_site-packages --> node_venv_lib_python3_12_site-packages_PyQt6["PyQt6"]\n    node_venv_lib_python3_12_site-packages_PyQt6 --> node_venv_lib_python3_12_site-packages_PyQt6_Qt6["Qt6"]\n    node_venv_lib_python3_12_site-packages_PyQt6_Qt6 --> node_venv_lib_python3_12_site-packages_PyQt6_Qt6_qml["qml"]\n    node_venv_lib_python3_12_site-packages_PyQt6_Qt6_qml --> node_venv_lib_python3_12_site-packages_PyQt6_Qt6_qml_QtQuick["QtQuick"]\n    node_venv_lib_python3_12_site-packages_PyQt6_Qt6_qml_QtQuick --> node_venv_lib_python3_12_site-packages_PyQt6_Qt6_qml_QtQuick_Controls["Controls"]\n    node_venv_lib_python3_12_site-packages_PyQt6_Qt6_qml_QtQuick_Controls --> node_venv_lib_python3_12_site-packages_PyQt6_Qt6_qml_QtQuick_Controls_Basic["Basic"]\n    node_venv_lib_python3_12_site-packages_PyQt6_Qt6_qml_QtQuick_Controls_Basic --> node_venv_lib_python3_12_site-packages_PyQt6_Qt6_qml_QtQuick_Controls_Basic_Label_qml["Label.qml"]\n    Root --> node_venv["venv"]\n    node_venv --> node_venv_lib["lib"]\n    node_venv_lib --> node_venv_lib_python3_12["python3.12"]\n    node_venv_lib_python3_12 --> node_venv_lib_python3_12_site-packages["site-packages"]\n    node_venv_lib_python3_12_site-packages --> node_venv_lib_python3_12_site-packages_PyQt6["PyQt6"]\n    node_venv_lib_python3_12_site-packages_PyQt6 --> node_venv_lib_python3_12_site-packages_PyQt6_Qt6["Qt6"]\n    node_venv_lib_python3_12_site-packages_PyQt6_Qt6 --> node_venv_lib_python3_12_site-packages_PyQt6_Qt6_qml["qml"]\n    node_venv_lib_python3_12_site-packages_PyQt6_Qt6_qml --> node_venv_lib_python3_12_site-packages_PyQt6_Qt6_qml_QtQuick["QtQuick"]\n    node_venv_lib_python3_12_site-packages_PyQt6_Qt6_qml_QtQuick --> node_venv_lib_python3_12_site-packages_PyQt6_Qt6_qml_QtQuick_Controls["Controls"]\n    node_venv_lib_python3_12_site-packages_PyQt6_Qt6_qml_QtQuick_Controls --> node_venv_lib_python3_12_site-packages_PyQt6_Qt6_qml_QtQuick_Controls_Basic["Basic"]\n    node_venv_lib_python3_12_site-packages_PyQt6_Qt6_qml_QtQuick_Controls_Basic --> node_venv_lib_python3_12_site-packages_PyQt6_Qt6_qml_QtQuick_Controls_Basic_Menu_qml["Menu.qml"]\n    Root --> node_venv["venv"]\n    node_venv --> node_venv_lib["lib"]\n    node_venv_lib --> node_venv_lib_python3_12["python3.12"]\n    node_venv_lib_python3_12 --> node_venv_lib_python3_12_site-packages["site-packages"]\n    node_venv_lib_python3_12_site-packages --> node_venv_lib_python3_12_site-packages_PyQt6["PyQt6"]\n    node_venv_lib_python3_12_site-packages_PyQt6 --> node_venv_lib_python3_12_site-packages_PyQt6_Qt6["Qt6"]\n    node_venv_lib_python3_12_site-packages_PyQt6_Qt6 --> node_venv_lib_python3_12_site-packages_PyQt6_Qt6_qml["qml"]\n    node_venv_lib_python3_12_site-packages_PyQt6_Qt6_qml --> node_venv_lib_python3_12_site-packages_PyQt6_Qt6_qml_QtQuick["QtQuick"]\n    node_venv_lib_python3_12_site-packages_PyQt6_Qt6_qml_QtQuick --> node_venv_lib_python3_12_site-packages_PyQt6_Qt6_qml_QtQuick_Controls["Controls"]\n    node_venv_lib_python3_12_site-packages_PyQt6_Qt6_qml_QtQuick_Controls --> node_venv_lib_python3_12_site-packages_PyQt6_Qt6_qml_QtQuick_Controls_Basic["Basic"]\n    node_venv_lib_python3_12_site-packages_PyQt6_Qt6_qml_QtQuick_Controls_Basic --> node_venv_lib_python3_12_site-packages_PyQt6_Qt6_qml_QtQuick_Controls_Basic_MenuBar_qml["MenuBar.qml"]\n    Root --> node_venv["venv"]\n    node_venv --> node_venv_lib["lib"]\n    node_venv_lib --> node_venv_lib_python3_12["python3.12"]\n    node_venv_lib_python3_12 --> node_venv_lib_python3_12_site-packages["site-packages"]\n    node_venv_lib_python3_12_site-packages --> node_venv_lib_python3_12_site-packages_PyQt6["PyQt6"]\n    node_venv_lib_python3_12_site-packages_PyQt6 --> node_venv_lib_python3_12_site-packages_PyQt6_Qt6["Qt6"]\n    node_venv_lib_python3_12_site-packages_PyQt6_Qt6 --> node_venv_lib_python3_12_site-packages_PyQt6_Qt6_qml["qml"]\n    node_venv_lib_python3_12_site-packages_PyQt6_Qt6_qml --> node_venv_lib_python3_12_site-packages_PyQt6_Qt6_qml_QtQuick["QtQuick"]\n    node_venv_lib_python3_12_site-packages_PyQt6_Qt6_qml_QtQuick --> node_venv_lib_python3_12_site-packages_PyQt6_Qt6_qml_QtQuick_Controls["Controls"]\n    node_venv_lib_python3_12_site-packages_PyQt6_Qt6_qml_QtQuick_Controls --> node_venv_lib_python3_12_site-packages_PyQt6_Qt6_qml_QtQuick_Controls_Basic["Basic"]\n    node_venv_lib_python3_12_site-packages_PyQt6_Qt6_qml_QtQuick_Controls_Basic --> node_venv_lib_python3_12_site-packages_PyQt6_Qt6_qml_QtQuick_Controls_Basic_MenuBarItem_qml["MenuBarItem.qml"]\n    Root --> node_venv["venv"]\n    node_venv --> node_venv_lib["lib"]\n    node_venv_lib --> node_venv_lib_python3_12["python3.12"]\n    node_venv_lib_python3_12 --> node_venv_lib_python3_12_site-packages["site-packages"]\n    node_venv_lib_python3_12_site-packages --> node_venv_lib_python3_12_site-packages_PyQt6["PyQt6"]\n    node_venv_lib_python3_12_site-packages_PyQt6 --> node_venv_lib_python3_12_site-packages_PyQt6_Qt6["Qt6"]\n    node_venv_lib_python3_12_site-packages_PyQt6_Qt6 --> node_venv_lib_python3_12_site-packages_PyQt6_Qt6_qml["qml"]\n    node_venv_lib_python3_12_site-packages_PyQt6_Qt6_qml --> node_venv_lib_python3_12_site-packages_PyQt6_Qt6_qml_QtQuick["QtQuick"]\n    node_venv_lib_python3_12_site-packages_PyQt6_Qt6_qml_QtQuick --> node_venv_lib_python3_12_site-packages_PyQt6_Qt6_qml_QtQuick_Controls["Controls"]\n    node_venv_lib_python3_12_site-packages_PyQt6_Qt6_qml_QtQuick_Controls --> node_venv_lib_python3_12_site-packages_PyQt6_Qt6_qml_QtQuick_Controls_Basic["Basic"]\n    node_venv_lib_python3_12_site-packages_PyQt6_Qt6_qml_QtQuick_Controls_Basic --> node_venv_lib_python3_12_site-packages_PyQt6_Qt6_qml_QtQuick_Controls_Basic_MenuItem_qml["MenuItem.qml"]\n    Root --> node_venv["venv"]\n    node_venv --> node_venv_lib["lib"]\n    node_venv_lib --> node_venv_lib_python3_12["python3.12"]\n    node_venv_lib_python3_12 --> node_venv_lib_python3_12_site-packages["site-packages"]\n    node_venv_lib_python3_12_site-packages --> node_venv_lib_python3_12_site-packages_PyQt6["PyQt6"]\n    node_venv_lib_python3_12_site-packages_PyQt6 --> node_venv_lib_python3_12_site-packages_PyQt6_Qt6["Qt6"]\n    node_venv_lib_python3_12_site-packages_PyQt6_Qt6 --> node_venv_lib_python3_12_site-packages_PyQt6_Qt6_qml["qml"]\n    node_venv_lib_python3_12_site-packages_PyQt6_Qt6_qml --> node_venv_lib_python3_12_site-packages_PyQt6_Qt6_qml_QtQuick["QtQuick"]\n    node_venv_lib_python3_12_site-packages_PyQt6_Qt6_qml_QtQuick --> node_venv_lib_python3_12_site-packages_PyQt6_Qt6_qml_QtQuick_Controls["Controls"]\n    node_venv_lib_python3_12_site-packages_PyQt6_Qt6_qml_QtQuick_Controls --> node_venv_lib_python3_12_site-packages_PyQt6_Qt6_qml_QtQuick_Controls_Basic["Basic"]\n    node_venv_lib_python3_12_site-packages_PyQt6_Qt6_qml_QtQuick_Controls_Basic --> node_venv_lib_python3_12_site-packages_PyQt6_Qt6_qml_QtQuick_Controls_Basic_MenuSeparator_qml["MenuSeparator.qml"]\n    Root --> node_venv["venv"]\n    node_venv --> node_venv_lib["lib"]\n    node_venv_lib --> node_venv_lib_python3_12["python3.12"]\n    node_venv_lib_python3_12 --> node_venv_lib_python3_12_site-packages["site-packages"]\n    node_venv_lib_python3_12_site-packages --> node_venv_lib_python3_12_site-packages_PyQt6["PyQt6"]\n    node_venv_lib_python3_12_site-packages_PyQt6 --> node_venv_lib_python3_12_site-packages_PyQt6_Qt6["Qt6"]\n    node_venv_lib_python3_12_site-packages_PyQt6_Qt6 --> node_venv_lib_python3_12_site-packages_PyQt6_Qt6_qml["qml"]\n    node_venv_lib_python3_12_site-packages_PyQt6_Qt6_qml --> node_venv_lib_python3_12_site-packages_PyQt6_Qt6_qml_QtQuick["QtQuick"]\n    node_venv_lib_python3_12_site-packages_PyQt6_Qt6_qml_QtQuick --> node_venv_lib_python3_12_site-packages_PyQt6_Qt6_qml_QtQuick_Controls["Controls"]\n    node_venv_lib_python3_12_site-packages_PyQt6_Qt6_qml_QtQuick_Controls --> node_venv_lib_python3_12_site-packages_PyQt6_Qt6_qml_QtQuick_Controls_Basic["Basic"]\n    node_venv_lib_python3_12_site-packages_PyQt6_Qt6_qml_QtQuick_Controls_Basic --> node_venv_lib_python3_12_site-packages_PyQt6_Qt6_qml_QtQuick_Controls_Basic_MonthGrid_qml["MonthGrid.qml"]\n    Root --> node_venv["venv"]\n    node_venv --> node_venv_lib["lib"]\n    node_venv_lib --> node_venv_lib_python3_12["python3.12"]\n    node_venv_lib_python3_12 --> node_venv_lib_python3_12_site-packages["site-packages"]\n    node_venv_lib_python3_12_site-packages --> node_venv_lib_python3_12_site-packages_PyQt6["PyQt6"]\n    node_venv_lib_python3_12_site-packages_PyQt6 --> node_venv_lib_python3_12_site-packages_PyQt6_Qt6["Qt6"]\n    node_venv_lib_python3_12_site-packages_PyQt6_Qt6 --> node_venv_lib_python3_12_site-packages_PyQt6_Qt6_qml["qml"]\n    node_venv_lib_python3_12_site-packages_PyQt6_Qt6_qml --> node_venv_lib_python3_12_site-packages_PyQt6_Qt6_qml_QtQuick["QtQuick"]\n    node_venv_lib_python3_12_site-packages_PyQt6_Qt6_qml_QtQuick --> node_venv_lib_python3_12_site-packages_PyQt6_Qt6_qml_QtQuick_Controls["Controls"]\n    node_venv_lib_python3_12_site-packages_PyQt6_Qt6_qml_QtQuick_Controls --> node_venv_lib_python3_12_site-packages_PyQt6_Qt6_qml_QtQuick_Controls_Basic["Basic"]\n    node_venv_lib_python3_12_site-packages_PyQt6_Qt6_qml_QtQuick_Controls_Basic --> node_venv_lib_python3_12_site-packages_PyQt6_Qt6_qml_QtQuick_Controls_Basic_Page_qml["Page.qml"]\n    Root --> node_venv["venv"]\n    node_venv --> node_venv_lib["lib"]\n    node_venv_lib --> node_venv_lib_python3_12["python3.12"]\n    node_venv_lib_python3_12 --> node_venv_lib_python3_12_site-packages["site-packages"]\n    node_venv_lib_python3_12_site-packages --> node_venv_lib_python3_12_site-packages_PyQt6["PyQt6"]\n    node_venv_lib_python3_12_site-packages_PyQt6 --> node_venv_lib_python3_12_site-packages_PyQt6_Qt6["Qt6"]\n    node_venv_lib_python3_12_site-packages_PyQt6_Qt6 --> node_venv_lib_python3_12_site-packages_PyQt6_Qt6_qml["qml"]\n    node_venv_lib_python3_12_site-packages_PyQt6_Qt6_qml --> node_venv_lib_python3_12_site-packages_PyQt6_Qt6_qml_QtQuick["QtQuick"]\n    node_venv_lib_python3_12_site-packages_PyQt6_Qt6_qml_QtQuick --> node_venv_lib_python3_12_site-packages_PyQt6_Qt6_qml_QtQuick_Controls["Controls"]\n    node_venv_lib_python3_12_site-packages_PyQt6_Qt6_qml_QtQuick_Controls --> node_venv_lib_python3_12_site-packages_PyQt6_Qt6_qml_QtQuick_Controls_Basic["Basic"]\n    node_venv_lib_python3_12_site-packages_PyQt6_Qt6_qml_QtQuick_Controls_Basic --> node_venv_lib_python3_12_site-packages_PyQt6_Qt6_qml_QtQuick_Controls_Basic_PageIndicator_qml["PageIndicator.qml"]\n    Root --> node_venv["venv"]\n    node_venv --> node_venv_lib["lib"]\n    node_venv_lib --> node_venv_lib_python3_12["python3.12"]\n    node_venv_lib_python3_12 --> node_venv_lib_python3_12_site-packages["site-packages"]\n    node_venv_lib_python3_12_site-packages --> node_venv_lib_python3_12_site-packages_PyQt6["PyQt6"]\n    node_venv_lib_python3_12_site-packages_PyQt6 --> node_venv_lib_python3_12_site-packages_PyQt6_Qt6["Qt6"]\n    node_venv_lib_python3_12_site-packages_PyQt6_Qt6 --> node_venv_lib_python3_12_site-packages_PyQt6_Qt6_qml["qml"]\n    node_venv_lib_python3_12_site-packages_PyQt6_Qt6_qml --> node_venv_lib_python3_12_site-packages_PyQt6_Qt6_qml_QtQuick["QtQuick"]\n    node_venv_lib_python3_12_site-packages_PyQt6_Qt6_qml_QtQuick --> node_venv_lib_python3_12_site-packages_PyQt6_Qt6_qml_QtQuick_Controls["Controls"]\n    node_venv_lib_python3_12_site-packages_PyQt6_Qt6_qml_QtQuick_Controls --> node_venv_lib_python3_12_site-packages_PyQt6_Qt6_qml_QtQuick_Controls_Basic["Basic"]\n    node_venv_lib_python3_12_site-packages_PyQt6_Qt6_qml_QtQuick_Controls_Basic --> node_venv_lib_python3_12_site-packages_PyQt6_Qt6_qml_QtQuick_Controls_Basic_Pane_qml["Pane.qml"]\n    Root --> node_venv["venv"]\n    node_venv --> node_venv_lib["lib"]\n    node_venv_lib --> node_venv_lib_python3_12["python3.12"]\n    node_venv_lib_python3_12 --> node_venv_lib_python3_12_site-packages["site-packages"]\n    node_venv_lib_python3_12_site-packages --> node_venv_lib_python3_12_site-packages_PyQt6["PyQt6"]\n    node_venv_lib_python3_12_site-packages_PyQt6 --> node_venv_lib_python3_12_site-packages_PyQt6_Qt6["Qt6"]\n    node_venv_lib_python3_12_site-packages_PyQt6_Qt6 --> node_venv_lib_python3_12_site-packages_PyQt6_Qt6_qml["qml"]\n    node_venv_lib_python3_12_site-packages_PyQt6_Qt6_qml --> node_venv_lib_python3_12_site-packages_PyQt6_Qt6_qml_QtQuick["QtQuick"]\n    node_venv_lib_python3_12_site-packages_PyQt6_Qt6_qml_QtQuick --> node_venv_lib_python3_12_site-packages_PyQt6_Qt6_qml_QtQuick_Controls["Controls"]\n    node_venv_lib_python3_12_site-packages_PyQt6_Qt6_qml_QtQuick_Controls --> node_venv_lib_python3_12_site-packages_PyQt6_Qt6_qml_QtQuick_Controls_Basic["Basic"]\n    node_venv_lib_python3_12_site-packages_PyQt6_Qt6_qml_QtQuick_Controls_Basic --> node_venv_lib_python3_12_site-packages_PyQt6_Qt6_qml_QtQuick_Controls_Basic_Popup_qml["Popup.qml"]\n    Root --> node_venv["venv"]\n    node_venv --> node_venv_lib["lib"]\n    node_venv_lib --> node_venv_lib_python3_12["python3.12"]\n    node_venv_lib_python3_12 --> node_venv_lib_python3_12_site-packages["site-packages"]\n    node_venv_lib_python3_12_site-packages --> node_venv_lib_python3_12_site-packages_PyQt6["PyQt6"]\n    node_venv_lib_python3_12_site-packages_PyQt6 --> node_venv_lib_python3_12_site-packages_PyQt6_Qt6["Qt6"]\n    node_venv_lib_python3_12_site-packages_PyQt6_Qt6 --> node_venv_lib_python3_12_site-packages_PyQt6_Qt6_qml["qml"]\n    node_venv_lib_python3_12_site-packages_PyQt6_Qt6_qml --> node_venv_lib_python3_12_site-packages_PyQt6_Qt6_qml_QtQuick["QtQuick"]\n    node_venv_lib_python3_12_site-packages_PyQt6_Qt6_qml_QtQuick --> node_venv_lib_python3_12_site-packages_PyQt6_Qt6_qml_QtQuick_Controls["Controls"]\n    node_venv_lib_python3_12_site-packages_PyQt6_Qt6_qml_QtQuick_Controls --> node_venv_lib_python3_12_site-packages_PyQt6_Qt6_qml_QtQuick_Controls_Basic["Basic"]\n    node_venv_lib_python3_12_site-packages_PyQt6_Qt6_qml_QtQuick_Controls_Basic --> node_venv_lib_python3_12_site-packages_PyQt6_Qt6_qml_QtQuick_Controls_Basic_ProgressBar_qml["ProgressBar.qml"]\n    Root --> node_venv["venv"]\n    node_venv --> node_venv_lib["lib"]\n    node_venv_lib --> node_venv_lib_python3_12["python3.12"]\n    node_venv_lib_python3_12 --> node_venv_lib_python3_12_site-packages["site-packages"]\n    node_venv_lib_python3_12_site-packages --> node_venv_lib_python3_12_site-packages_PyQt6["PyQt6"]\n    node_venv_lib_python3_12_site-packages_PyQt6 --> node_venv_lib_python3_12_site-packages_PyQt6_Qt6["Qt6"]\n    node_venv_lib_python3_12_site-packages_PyQt6_Qt6 --> node_venv_lib_python3_12_site-packages_PyQt6_Qt6_qml["qml"]\n    node_venv_lib_python3_12_site-packages_PyQt6_Qt6_qml --> node_venv_lib_python3_12_site-packages_PyQt6_Qt6_qml_QtQuick["QtQuick"]\n    node_venv_lib_python3_12_site-packages_PyQt6_Qt6_qml_QtQuick --> node_venv_lib_python3_12_site-packages_PyQt6_Qt6_qml_QtQuick_Controls["Controls"]\n    node_venv_lib_python3_12_site-packages_PyQt6_Qt6_qml_QtQuick_Controls --> node_venv_lib_python3_12_site-packages_PyQt6_Qt6_qml_QtQuick_Controls_Basic["Basic"]\n    node_venv_lib_python3_12_site-packages_PyQt6_Qt6_qml_QtQuick_Controls_Basic --> node_venv_lib_python3_12_site-packages_PyQt6_Qt6_qml_QtQuick_Controls_Basic_RadioButton_qml["RadioButton.qml"]\n    Root --> node_venv["venv"]\n    node_venv --> node_venv_lib["lib"]\n    node_venv_lib --> node_venv_lib_python3_12["python3.12"]\n    node_venv_lib_python3_12 --> node_venv_lib_python3_12_site-packages["site-packages"]\n    node_venv_lib_python3_12_site-packages --> node_venv_lib_python3_12_site-packages_PyQt6["PyQt6"]\n    node_venv_lib_python3_12_site-packages_PyQt6 --> node_venv_lib_python3_12_site-packages_PyQt6_Qt6["Qt6"]\n    node_venv_lib_python3_12_site-packages_PyQt6_Qt6 --> node_venv_lib_python3_12_site-packages_PyQt6_Qt6_qml["qml"]\n    node_venv_lib_python3_12_site-packages_PyQt6_Qt6_qml --> node_venv_lib_python3_12_site-packages_PyQt6_Qt6_qml_QtQuick["QtQuick"]\n    node_venv_lib_python3_12_site-packages_PyQt6_Qt6_qml_QtQuick --> node_venv_lib_python3_12_site-packages_PyQt6_Qt6_qml_QtQuick_Controls["Controls"]\n    node_venv_lib_python3_12_site-packages_PyQt6_Qt6_qml_QtQuick_Controls --> node_venv_lib_python3_12_site-packages_PyQt6_Qt6_qml_QtQuick_Controls_Basic["Basic"]\n    node_venv_lib_python3_12_site-packages_PyQt6_Qt6_qml_QtQuick_Controls_Basic --> node_venv_lib_python3_12_site-packages_PyQt6_Qt6_qml_QtQuick_Controls_Basic_RadioDelegate_qml["RadioDelegate.qml"]\n    Root --> node_venv["venv"]\n    node_venv --> node_venv_lib["lib"]\n    node_venv_lib --> node_venv_lib_python3_12["python3.12"]\n    node_venv_lib_python3_12 --> node_venv_lib_python3_12_site-packages["site-packages"]\n    node_venv_lib_python3_12_site-packages --> node_venv_lib_python3_12_site-packages_PyQt6["PyQt6"]\n    node_venv_lib_python3_12_site-packages_PyQt6 --> node_venv_lib_python3_12_site-packages_PyQt6_Qt6["Qt6"]\n    node_venv_lib_python3_12_site-packages_PyQt6_Qt6 --> node_venv_lib_python3_12_site-packages_PyQt6_Qt6_qml["qml"]\n    node_venv_lib_python3_12_site-packages_PyQt6_Qt6_qml --> node_venv_lib_python3_12_site-packages_PyQt6_Qt6_qml_QtQuick["QtQuick"]\n    node_venv_lib_python3_12_site-packages_PyQt6_Qt6_qml_QtQuick --> node_venv_lib_python3_12_site-packages_PyQt6_Qt6_qml_QtQuick_Controls["Controls"]\n    node_venv_lib_python3_12_site-packages_PyQt6_Qt6_qml_QtQuick_Controls --> node_venv_lib_python3_12_site-packages_PyQt6_Qt6_qml_QtQuick_Controls_Basic["Basic"]\n    node_venv_lib_python3_12_site-packages_PyQt6_Qt6_qml_QtQuick_Controls_Basic --> node_venv_lib_python3_12_site-packages_PyQt6_Qt6_qml_QtQuick_Controls_Basic_RangeSlider_qml["RangeSlider.qml"]\n    Root --> node_venv["venv"]\n    node_venv --> node_venv_lib["lib"]\n    node_venv_lib --> node_venv_lib_python3_12["python3.12"]\n    node_venv_lib_python3_12 --> node_venv_lib_python3_12_site-packages["site-packages"]\n    node_venv_lib_python3_12_site-packages --> node_venv_lib_python3_12_site-packages_PyQt6["PyQt6"]\n    node_venv_lib_python3_12_site-packages_PyQt6 --> node_venv_lib_python3_12_site-packages_PyQt6_Qt6["Qt6"]\n    node_venv_lib_python3_12_site-packages_PyQt6_Qt6 --> node_venv_lib_python3_12_site-packages_PyQt6_Qt6_qml["qml"]\n    node_venv_lib_python3_12_site-packages_PyQt6_Qt6_qml --> node_venv_lib_python3_12_site-packages_PyQt6_Qt6_qml_QtQuick["QtQuick"]\n    node_venv_lib_python3_12_site-packages_PyQt6_Qt6_qml_QtQuick --> node_venv_lib_python3_12_site-packages_PyQt6_Qt6_qml_QtQuick_Controls["Controls"]\n    node_venv_lib_python3_12_site-packages_PyQt6_Qt6_qml_QtQuick_Controls --> node_venv_lib_python3_12_site-packages_PyQt6_Qt6_qml_QtQuick_Controls_Basic["Basic"]\n    node_venv_lib_python3_12_site-packages_PyQt6_Qt6_qml_QtQuick_Controls_Basic --> node_venv_lib_python3_12_site-packages_PyQt6_Qt6_qml_QtQuick_Controls_Basic_RoundButton_qml["RoundButton.qml"]\n    Root --> node_venv["venv"]\n    node_venv --> node_venv_lib["lib"]\n    node_venv_lib --> node_venv_lib_python3_12["python3.12"]\n    node_venv_lib_python3_12 --> node_venv_lib_python3_12_site-packages["site-packages"]\n    node_venv_lib_python3_12_site-packages --> node_venv_lib_python3_12_site-packages_PyQt6["PyQt6"]\n    node_venv_lib_python3_12_site-packages_PyQt6 --> node_venv_lib_python3_12_site-packages_PyQt6_Qt6["Qt6"]\n    node_venv_lib_python3_12_site-packages_PyQt6_Qt6 --> node_venv_lib_python3_12_site-packages_PyQt6_Qt6_qml["qml"]\n    node_venv_lib_python3_12_site-packages_PyQt6_Qt6_qml --> node_venv_lib_python3_12_site-packages_PyQt6_Qt6_qml_QtQuick["QtQuick"]\n    node_venv_lib_python3_12_site-packages_PyQt6_Qt6_qml_QtQuick --> node_venv_lib_python3_12_site-packages_PyQt6_Qt6_qml_QtQuick_Controls["Controls"]\n    node_venv_lib_python3_12_site-packages_PyQt6_Qt6_qml_QtQuick_Controls --> node_venv_lib_python3_12_site-packages_PyQt6_Qt6_qml_QtQuick_Controls_Basic["Basic"]\n    node_venv_lib_python3_12_site-packages_PyQt6_Qt6_qml_QtQuick_Controls_Basic --> node_venv_lib_python3_12_site-packages_PyQt6_Qt6_qml_QtQuick_Controls_Basic_ScrollBar_qml["ScrollBar.qml"]\n    Root --> node_venv["venv"]\n    node_venv --> node_venv_lib["lib"]\n    node_venv_lib --> node_venv_lib_python3_12["python3.12"]\n    node_venv_lib_python3_12 --> node_venv_lib_python3_12_site-packages["site-packages"]\n    node_venv_lib_python3_12_site-packages --> node_venv_lib_python3_12_site-packages_PyQt6["PyQt6"]\n    node_venv_lib_python3_12_site-packages_PyQt6 --> node_venv_lib_python3_12_site-packages_PyQt6_Qt6["Qt6"]\n    node_venv_lib_python3_12_site-packages_PyQt6_Qt6 --> node_venv_lib_python3_12_site-packages_PyQt6_Qt6_qml["qml"]\n    node_venv_lib_python3_12_site-packages_PyQt6_Qt6_qml --> node_venv_lib_python3_12_site-packages_PyQt6_Qt6_qml_QtQuick["QtQuick"]\n    node_venv_lib_python3_12_site-packages_PyQt6_Qt6_qml_QtQuick --> node_venv_lib_python3_12_site-packages_PyQt6_Qt6_qml_QtQuick_Controls["Controls"]\n    node_venv_lib_python3_12_site-packages_PyQt6_Qt6_qml_QtQuick_Controls --> node_venv_lib_python3_12_site-packages_PyQt6_Qt6_qml_QtQuick_Controls_Basic["Basic"]\n    node_venv_lib_python3_12_site-packages_PyQt6_Qt6_qml_QtQuick_Controls_Basic --> node_venv_lib_python3_12_site-packages_PyQt6_Qt6_qml_QtQuick_Controls_Basic_ScrollIndicator_qml["ScrollIndicator.qml"]\n    Root --> node_venv["venv"]\n    node_venv --> node_venv_lib["lib"]\n    node_venv_lib --> node_venv_lib_python3_12["python3.12"]\n    node_venv_lib_python3_12 --> node_venv_lib_python3_12_site-packages["site-packages"]\n    node_venv_lib_python3_12_site-packages --> node_venv_lib_python3_12_site-packages_PyQt6["PyQt6"]\n    node_venv_lib_python3_12_site-packages_PyQt6 --> node_venv_lib_python3_12_site-packages_PyQt6_Qt6["Qt6"]\n    node_venv_lib_python3_12_site-packages_PyQt6_Qt6 --> node_venv_lib_python3_12_site-packages_PyQt6_Qt6_qml["qml"]\n    node_venv_lib_python3_12_site-packages_PyQt6_Qt6_qml --> node_venv_lib_python3_12_site-packages_PyQt6_Qt6_qml_QtQuick["QtQuick"]\n    node_venv_lib_python3_12_site-packages_PyQt6_Qt6_qml_QtQuick --> node_venv_lib_python3_12_site-packages_PyQt6_Qt6_qml_QtQuick_Controls["Controls"]\n    node_venv_lib_python3_12_site-packages_PyQt6_Qt6_qml_QtQuick_Controls --> node_venv_lib_python3_12_site-packages_PyQt6_Qt6_qml_QtQuick_Controls_Basic["Basic"]\n    node_venv_lib_python3_12_site-packages_PyQt6_Qt6_qml_QtQuick_Controls_Basic --> node_venv_lib_python3_12_site-packages_PyQt6_Qt6_qml_QtQuick_Controls_Basic_ScrollView_qml["ScrollView.qml"]\n    Root --> node_venv["venv"]\n    node_venv --> node_venv_lib["lib"]\n    node_venv_lib --> node_venv_lib_python3_12["python3.12"]\n    node_venv_lib_python3_12 --> node_venv_lib_python3_12_site-packages["site-packages"]\n    node_venv_lib_python3_12_site-packages --> node_venv_lib_python3_12_site-packages_PyQt6["PyQt6"]\n    node_venv_lib_python3_12_site-packages_PyQt6 --> node_venv_lib_python3_12_site-packages_PyQt6_Qt6["Qt6"]\n    node_venv_lib_python3_12_site-packages_PyQt6_Qt6 --> node_venv_lib_python3_12_site-packages_PyQt6_Qt6_qml["qml"]\n    node_venv_lib_python3_12_site-packages_PyQt6_Qt6_qml --> node_venv_lib_python3_12_site-packages_PyQt6_Qt6_qml_QtQuick["QtQuick"]\n    node_venv_lib_python3_12_site-packages_PyQt6_Qt6_qml_QtQuick --> node_venv_lib_python3_12_site-packages_PyQt6_Qt6_qml_QtQuick_Controls["Controls"]\n    node_venv_lib_python3_12_site-packages_PyQt6_Qt6_qml_QtQuick_Controls --> node_venv_lib_python3_12_site-packages_PyQt6_Qt6_qml_QtQuick_Controls_Basic["Basic"]\n    node_venv_lib_python3_12_site-packages_PyQt6_Qt6_qml_QtQuick_Controls_Basic --> node_venv_lib_python3_12_site-packages_PyQt6_Qt6_qml_QtQuick_Controls_Basic_SearchField_qml["SearchField.qml"]\n    Root --> node_venv["venv"]\n    node_venv --> node_venv_lib["lib"]\n    node_venv_lib --> node_venv_lib_python3_12["python3.12"]\n    node_venv_lib_python3_12 --> node_venv_lib_python3_12_site-packages["site-packages"]\n    node_venv_lib_python3_12_site-packages --> node_venv_lib_python3_12_site-packages_PyQt6["PyQt6"]\n    node_venv_lib_python3_12_site-packages_PyQt6 --> node_venv_lib_python3_12_site-packages_PyQt6_Qt6["Qt6"]\n    node_venv_lib_python3_12_site-packages_PyQt6_Qt6 --> node_venv_lib_python3_12_site-packages_PyQt6_Qt6_qml["qml"]\n    node_venv_lib_python3_12_site-packages_PyQt6_Qt6_qml --> node_venv_lib_python3_12_site-packages_PyQt6_Qt6_qml_QtQuick["QtQuick"]\n    node_venv_lib_python3_12_site-packages_PyQt6_Qt6_qml_QtQuick --> node_venv_lib_python3_12_site-packages_PyQt6_Qt6_qml_QtQuick_Controls["Controls"]\n    node_venv_lib_python3_12_site-packages_PyQt6_Qt6_qml_QtQuick_Controls --> node_venv_lib_python3_12_site-packages_PyQt6_Qt6_qml_QtQuick_Controls_Basic["Basic"]\n    node_venv_lib_python3_12_site-packages_PyQt6_Qt6_qml_QtQuick_Controls_Basic --> node_venv_lib_python3_12_site-packages_PyQt6_Qt6_qml_QtQuick_Controls_Basic_SelectionRectangle_qml["SelectionRectangle.qml"]\n    Root --> node_venv["venv"]\n    node_venv --> node_venv_lib["lib"]\n    node_venv_lib --> node_venv_lib_python3_12["python3.12"]\n    node_venv_lib_python3_12 --> node_venv_lib_python3_12_site-packages["site-packages"]\n    node_venv_lib_python3_12_site-packages --> node_venv_lib_python3_12_site-packages_PyQt6["PyQt6"]\n    node_venv_lib_python3_12_site-packages_PyQt6 --> node_venv_lib_python3_12_site-packages_PyQt6_Qt6["Qt6"]\n    node_venv_lib_python3_12_site-packages_PyQt6_Qt6 --> node_venv_lib_python3_12_site-packages_PyQt6_Qt6_qml["qml"]\n    node_venv_lib_python3_12_site-packages_PyQt6_Qt6_qml --> node_venv_lib_python3_12_site-packages_PyQt6_Qt6_qml_QtQuick["QtQuick"]\n    node_venv_lib_python3_12_site-packages_PyQt6_Qt6_qml_QtQuick --> node_venv_lib_python3_12_site-packages_PyQt6_Qt6_qml_QtQuick_Controls["Controls"]\n    node_venv_lib_python3_12_site-packages_PyQt6_Qt6_qml_QtQuick_Controls --> node_venv_lib_python3_12_site-packages_PyQt6_Qt6_qml_QtQuick_Controls_Basic["Basic"]\n    node_venv_lib_python3_12_site-packages_PyQt6_Qt6_qml_QtQuick_Controls_Basic --> node_venv_lib_python3_12_site-packages_PyQt6_Qt6_qml_QtQuick_Controls_Basic_Slider_qml["Slider.qml"]\n    Root --> node_venv["venv"]\n    node_venv --> node_venv_lib["lib"]\n    node_venv_lib --> node_venv_lib_python3_12["python3.12"]\n    node_venv_lib_python3_12 --> node_venv_lib_python3_12_site-packages["site-packages"]\n    node_venv_lib_python3_12_site-packages --> node_venv_lib_python3_12_site-packages_PyQt6["PyQt6"]\n    node_venv_lib_python3_12_site-packages_PyQt6 --> node_venv_lib_python3_12_site-packages_PyQt6_Qt6["Qt6"]\n    node_venv_lib_python3_12_site-packages_PyQt6_Qt6 --> node_venv_lib_python3_12_site-packages_PyQt6_Qt6_qml["qml"]\n    node_venv_lib_python3_12_site-packages_PyQt6_Qt6_qml --> node_venv_lib_python3_12_site-packages_PyQt6_Qt6_qml_QtQuick["QtQuick"]\n    node_venv_lib_python3_12_site-packages_PyQt6_Qt6_qml_QtQuick --> node_venv_lib_python3_12_site-packages_PyQt6_Qt6_qml_QtQuick_Controls["Controls"]\n    node_venv_lib_python3_12_site-packages_PyQt6_Qt6_qml_QtQuick_Controls --> node_venv_lib_python3_12_site-packages_PyQt6_Qt6_qml_QtQuick_Controls_Basic["Basic"]\n    node_venv_lib_python3_12_site-packages_PyQt6_Qt6_qml_QtQuick_Controls_Basic --> node_venv_lib_python3_12_site-packages_PyQt6_Qt6_qml_QtQuick_Controls_Basic_SpinBox_qml["SpinBox.qml"]\n    Root --> node_venv["venv"]\n    node_venv --> node_venv_lib["lib"]\n    node_venv_lib --> node_venv_lib_python3_12["python3.12"]\n    node_venv_lib_python3_12 --> node_venv_lib_python3_12_site-packages["site-packages"]\n    node_venv_lib_python3_12_site-packages --> node_venv_lib_python3_12_site-packages_PyQt6["PyQt6"]\n    node_venv_lib_python3_12_site-packages_PyQt6 --> node_venv_lib_python3_12_site-packages_PyQt6_Qt6["Qt6"]\n    node_venv_lib_python3_12_site-packages_PyQt6_Qt6 --> node_venv_lib_python3_12_site-packages_PyQt6_Qt6_qml["qml"]\n    node_venv_lib_python3_12_site-packages_PyQt6_Qt6_qml --> node_venv_lib_python3_12_site-packages_PyQt6_Qt6_qml_QtQuick["QtQuick"]\n    node_venv_lib_python3_12_site-packages_PyQt6_Qt6_qml_QtQuick --> node_venv_lib_python3_12_site-packages_PyQt6_Qt6_qml_QtQuick_Controls["Controls"]\n    node_venv_lib_python3_12_site-packages_PyQt6_Qt6_qml_QtQuick_Controls --> node_venv_lib_python3_12_site-packages_PyQt6_Qt6_qml_QtQuick_Controls_Basic["Basic"]\n    node_venv_lib_python3_12_site-packages_PyQt6_Qt6_qml_QtQuick_Controls_Basic --> node_venv_lib_python3_12_site-packages_PyQt6_Qt6_qml_QtQuick_Controls_Basic_SplitView_qml["SplitView.qml"]\n    Root --> node_venv["venv"]\n    node_venv --> node_venv_lib["lib"]\n    node_venv_lib --> node_venv_lib_python3_12["python3.12"]\n    node_venv_lib_python3_12 --> node_venv_lib_python3_12_site-packages["site-packages"]\n    node_venv_lib_python3_12_site-packages --> node_venv_lib_python3_12_site-packages_PyQt6["PyQt6"]\n    node_venv_lib_python3_12_site-packages_PyQt6 --> node_venv_lib_python3_12_site-packages_PyQt6_Qt6["Qt6"]\n    node_venv_lib_python3_12_site-packages_PyQt6_Qt6 --> node_venv_lib_python3_12_site-packages_PyQt6_Qt6_qml["qml"]\n    node_venv_lib_python3_12_site-packages_PyQt6_Qt6_qml --> node_venv_lib_python3_12_site-packages_PyQt6_Qt6_qml_QtQuick["QtQuick"]\n    node_venv_lib_python3_12_site-packages_PyQt6_Qt6_qml_QtQuick --> node_venv_lib_python3_12_site-packages_PyQt6_Qt6_qml_QtQuick_Controls["Controls"]\n    node_venv_lib_python3_12_site-packages_PyQt6_Qt6_qml_QtQuick_Controls --> node_venv_lib_python3_12_site-packages_PyQt6_Qt6_qml_QtQuick_Controls_Basic["Basic"]\n    node_venv_lib_python3_12_site-packages_PyQt6_Qt6_qml_QtQuick_Controls_Basic --> node_venv_lib_python3_12_site-packages_PyQt6_Qt6_qml_QtQuick_Controls_Basic_StackView_qml["StackView.qml"]\n    Root --> node_venv["venv"]\n    node_venv --> node_venv_lib["lib"]\n    node_venv_lib --> node_venv_lib_python3_12["python3.12"]\n    node_venv_lib_python3_12 --> node_venv_lib_python3_12_site-packages["site-packages"]\n    node_venv_lib_python3_12_site-packages --> node_venv_lib_python3_12_site-packages_PyQt6["PyQt6"]\n    node_venv_lib_python3_12_site-packages_PyQt6 --> node_venv_lib_python3_12_site-packages_PyQt6_Qt6["Qt6"]\n    node_venv_lib_python3_12_site-packages_PyQt6_Qt6 --> node_venv_lib_python3_12_site-packages_PyQt6_Qt6_qml["qml"]\n    node_venv_lib_python3_12_site-packages_PyQt6_Qt6_qml --> node_venv_lib_python3_12_site-packages_PyQt6_Qt6_qml_QtQuick["QtQuick"]\n    node_venv_lib_python3_12_site-packages_PyQt6_Qt6_qml_QtQuick --> node_venv_lib_python3_12_site-packages_PyQt6_Qt6_qml_QtQuick_Controls["Controls"]\n    node_venv_lib_python3_12_site-packages_PyQt6_Qt6_qml_QtQuick_Controls --> node_venv_lib_python3_12_site-packages_PyQt6_Qt6_qml_QtQuick_Controls_Basic["Basic"]\n    node_venv_lib_python3_12_site-packages_PyQt6_Qt6_qml_QtQuick_Controls_Basic --> node_venv_lib_python3_12_site-packages_PyQt6_Qt6_qml_QtQuick_Controls_Basic_SwipeDelegate_qml["SwipeDelegate.qml"]\n    Root --> node_venv["venv"]\n    node_venv --> node_venv_lib["lib"]\n    node_venv_lib --> node_venv_lib_python3_12["python3.12"]\n    node_venv_lib_python3_12 --> node_venv_lib_python3_12_site-packages["site-packages"]\n    node_venv_lib_python3_12_site-packages --> node_venv_lib_python3_12_site-packages_PyQt6["PyQt6"]\n    node_venv_lib_python3_12_site-packages_PyQt6 --> node_venv_lib_python3_12_site-packages_PyQt6_Qt6["Qt6"]\n    node_venv_lib_python3_12_site-packages_PyQt6_Qt6 --> node_venv_lib_python3_12_site-packages_PyQt6_Qt6_qml["qml"]\n    node_venv_lib_python3_12_site-packages_PyQt6_Qt6_qml --> node_venv_lib_python3_12_site-packages_PyQt6_Qt6_qml_QtQuick["QtQuick"]\n    node_venv_lib_python3_12_site-packages_PyQt6_Qt6_qml_QtQuick --> node_venv_lib_python3_12_site-packages_PyQt6_Qt6_qml_QtQuick_Controls["Controls"]\n    node_venv_lib_python3_12_site-packages_PyQt6_Qt6_qml_QtQuick_Controls --> node_venv_lib_python3_12_site-packages_PyQt6_Qt6_qml_QtQuick_Controls_Basic["Basic"]\n    node_venv_lib_python3_12_site-packages_PyQt6_Qt6_qml_QtQuick_Controls_Basic --> node_venv_lib_python3_12_site-packages_PyQt6_Qt6_qml_QtQuick_Controls_Basic_SwipeView_qml["SwipeView.qml"]\n    Root --> node_venv["venv"]\n    node_venv --> node_venv_lib["lib"]\n    node_venv_lib --> node_venv_lib_python3_12["python3.12"]\n    node_venv_lib_python3_12 --> node_venv_lib_python3_12_site-packages["site-packages"]\n    node_venv_lib_python3_12_site-packages --> node_venv_lib_python3_12_site-packages_PyQt6["PyQt6"]\n    node_venv_lib_python3_12_site-packages_PyQt6 --> node_venv_lib_python3_12_site-packages_PyQt6_Qt6["Qt6"]\n    node_venv_lib_python3_12_site-packages_PyQt6_Qt6 --> node_venv_lib_python3_12_site-packages_PyQt6_Qt6_qml["qml"]\n    node_venv_lib_python3_12_site-packages_PyQt6_Qt6_qml --> node_venv_lib_python3_12_site-packages_PyQt6_Qt6_qml_QtQuick["QtQuick"]\n    node_venv_lib_python3_12_site-packages_PyQt6_Qt6_qml_QtQuick --> node_venv_lib_python3_12_site-packages_PyQt6_Qt6_qml_QtQuick_Controls["Controls"]\n    node_venv_lib_python3_12_site-packages_PyQt6_Qt6_qml_QtQuick_Controls --> node_venv_lib_python3_12_site-packages_PyQt6_Qt6_qml_QtQuick_Controls_Basic["Basic"]\n    node_venv_lib_python3_12_site-packages_PyQt6_Qt6_qml_QtQuick_Controls_Basic --> node_venv_lib_python3_12_site-packages_PyQt6_Qt6_qml_QtQuick_Controls_Basic_Switch_qml["Switch.qml"]\n    Root --> node_venv["venv"]\n    node_venv --> node_venv_lib["lib"]\n    node_venv_lib --> node_venv_lib_python3_12["python3.12"]\n    node_venv_lib_python3_12 --> node_venv_lib_python3_12_site-packages["site-packages"]\n    node_venv_lib_python3_12_site-packages --> node_venv_lib_python3_12_site-packages_PyQt6["PyQt6"]\n    node_venv_lib_python3_12_site-packages_PyQt6 --> node_venv_lib_python3_12_site-packages_PyQt6_Qt6["Qt6"]\n    node_venv_lib_python3_12_site-packages_PyQt6_Qt6 --> node_venv_lib_python3_12_site-packages_PyQt6_Qt6_qml["qml"]\n    node_venv_lib_python3_12_site-packages_PyQt6_Qt6_qml --> node_venv_lib_python3_12_site-packages_PyQt6_Qt6_qml_QtQuick["QtQuick"]\n    node_venv_lib_python3_12_site-packages_PyQt6_Qt6_qml_QtQuick --> node_venv_lib_python3_12_site-packages_PyQt6_Qt6_qml_QtQuick_Controls["Controls"]\n    node_venv_lib_python3_12_site-packages_PyQt6_Qt6_qml_QtQuick_Controls --> node_venv_lib_python3_12_site-packages_PyQt6_Qt6_qml_QtQuick_Controls_Basic["Basic"]\n    node_venv_lib_python3_12_site-packages_PyQt6_Qt6_qml_QtQuick_Controls_Basic --> node_venv_lib_python3_12_site-packages_PyQt6_Qt6_qml_QtQuick_Controls_Basic_SwitchDelegate_qml["SwitchDelegate.qml"]\n    Root --> node_venv["venv"]\n    node_venv --> node_venv_lib["lib"]\n    node_venv_lib --> node_venv_lib_python3_12["python3.12"]\n    node_venv_lib_python3_12 --> node_venv_lib_python3_12_site-packages["site-packages"]\n    node_venv_lib_python3_12_site-packages --> node_venv_lib_python3_12_site-packages_PyQt6["PyQt6"]\n    node_venv_lib_python3_12_site-packages_PyQt6 --> node_venv_lib_python3_12_site-packages_PyQt6_Qt6["Qt6"]\n    node_venv_lib_python3_12_site-packages_PyQt6_Qt6 --> node_venv_lib_python3_12_site-packages_PyQt6_Qt6_qml["qml"]\n    node_venv_lib_python3_12_site-packages_PyQt6_Qt6_qml --> node_venv_lib_python3_12_site-packages_PyQt6_Qt6_qml_QtQuick["QtQuick"]\n    node_venv_lib_python3_12_site-packages_PyQt6_Qt6_qml_QtQuick --> node_venv_lib_python3_12_site-packages_PyQt6_Qt6_qml_QtQuick_Controls["Controls"]\n    node_venv_lib_python3_12_site-packages_PyQt6_Qt6_qml_QtQuick_Controls --> node_venv_lib_python3_12_site-packages_PyQt6_Qt6_qml_QtQuick_Controls_Basic["Basic"]\n    node_venv_lib_python3_12_site-packages_PyQt6_Qt6_qml_QtQuick_Controls_Basic --> node_venv_lib_python3_12_site-packages_PyQt6_Qt6_qml_QtQuick_Controls_Basic_TabBar_qml["TabBar.qml"]\n    Root --> node_venv["venv"]\n    node_venv --> node_venv_lib["lib"]\n    node_venv_lib --> node_venv_lib_python3_12["python3.12"]\n    node_venv_lib_python3_12 --> node_venv_lib_python3_12_site-packages["site-packages"]\n    node_venv_lib_python3_12_site-packages --> node_venv_lib_python3_12_site-packages_PyQt6["PyQt6"]\n    node_venv_lib_python3_12_site-packages_PyQt6 --> node_venv_lib_python3_12_site-packages_PyQt6_Qt6["Qt6"]\n    node_venv_lib_python3_12_site-packages_PyQt6_Qt6 --> node_venv_lib_python3_12_site-packages_PyQt6_Qt6_qml["qml"]\n    node_venv_lib_python3_12_site-packages_PyQt6_Qt6_qml --> node_venv_lib_python3_12_site-packages_PyQt6_Qt6_qml_QtQuick["QtQuick"]\n    node_venv_lib_python3_12_site-packages_PyQt6_Qt6_qml_QtQuick --> node_venv_lib_python3_12_site-packages_PyQt6_Qt6_qml_QtQuick_Controls["Controls"]\n    node_venv_lib_python3_12_site-packages_PyQt6_Qt6_qml_QtQuick_Controls --> node_venv_lib_python3_12_site-packages_PyQt6_Qt6_qml_QtQuick_Controls_Basic["Basic"]\n    node_venv_lib_python3_12_site-packages_PyQt6_Qt6_qml_QtQuick_Controls_Basic --> node_venv_lib_python3_12_site-packages_PyQt6_Qt6_qml_QtQuick_Controls_Basic_TabButton_qml["TabButton.qml"]\n    Root --> node_venv["venv"]\n    node_venv --> node_venv_lib["lib"]\n    node_venv_lib --> node_venv_lib_python3_12["python3.12"]\n    node_venv_lib_python3_12 --> node_venv_lib_python3_12_site-packages["site-packages"]\n    node_venv_lib_python3_12_site-packages --> node_venv_lib_python3_12_site-packages_PyQt6["PyQt6"]\n    node_venv_lib_python3_12_site-packages_PyQt6 --> node_venv_lib_python3_12_site-packages_PyQt6_Qt6["Qt6"]\n    node_venv_lib_python3_12_site-packages_PyQt6_Qt6 --> node_venv_lib_python3_12_site-packages_PyQt6_Qt6_qml["qml"]\n    node_venv_lib_python3_12_site-packages_PyQt6_Qt6_qml --> node_venv_lib_python3_12_site-packages_PyQt6_Qt6_qml_QtQuick["QtQuick"]\n    node_venv_lib_python3_12_site-packages_PyQt6_Qt6_qml_QtQuick --> node_venv_lib_python3_12_site-packages_PyQt6_Qt6_qml_QtQuick_Controls["Controls"]\n    node_venv_lib_python3_12_site-packages_PyQt6_Qt6_qml_QtQuick_Controls --> node_venv_lib_python3_12_site-packages_PyQt6_Qt6_qml_QtQuick_Controls_Basic["Basic"]\n    node_venv_lib_python3_12_site-packages_PyQt6_Qt6_qml_QtQuick_Controls_Basic --> node_venv_lib_python3_12_site-packages_PyQt6_Qt6_qml_QtQuick_Controls_Basic_TableViewDelegate_qml["TableViewDelegate.qml"]\n    Root --> node_venv["venv"]\n    node_venv --> node_venv_lib["lib"]\n    node_venv_lib --> node_venv_lib_python3_12["python3.12"]\n    node_venv_lib_python3_12 --> node_venv_lib_python3_12_site-packages["site-packages"]\n    node_venv_lib_python3_12_site-packages --> node_venv_lib_python3_12_site-packages_PyQt6["PyQt6"]\n    node_venv_lib_python3_12_site-packages_PyQt6 --> node_venv_lib_python3_12_site-packages_PyQt6_Qt6["Qt6"]\n    node_venv_lib_python3_12_site-packages_PyQt6_Qt6 --> node_venv_lib_python3_12_site-packages_PyQt6_Qt6_qml["qml"]\n    node_venv_lib_python3_12_site-packages_PyQt6_Qt6_qml --> node_venv_lib_python3_12_site-packages_PyQt6_Qt6_qml_QtQuick["QtQuick"]\n    node_venv_lib_python3_12_site-packages_PyQt6_Qt6_qml_QtQuick --> node_venv_lib_python3_12_site-packages_PyQt6_Qt6_qml_QtQuick_Controls["Controls"]\n    node_venv_lib_python3_12_site-packages_PyQt6_Qt6_qml_QtQuick_Controls --> node_venv_lib_python3_12_site-packages_PyQt6_Qt6_qml_QtQuick_Controls_Basic["Basic"]\n    node_venv_lib_python3_12_site-packages_PyQt6_Qt6_qml_QtQuick_Controls_Basic --> node_venv_lib_python3_12_site-packages_PyQt6_Qt6_qml_QtQuick_Controls_Basic_TextArea_qml["TextArea.qml"]\n    Root --> node_venv["venv"]\n    node_venv --> node_venv_lib["lib"]\n    node_venv_lib --> node_venv_lib_python3_12["python3.12"]\n    node_venv_lib_python3_12 --> node_venv_lib_python3_12_site-packages["site-packages"]\n    node_venv_lib_python3_12_site-packages --> node_venv_lib_python3_12_site-packages_PyQt6["PyQt6"]\n    node_venv_lib_python3_12_site-packages_PyQt6 --> node_venv_lib_python3_12_site-packages_PyQt6_Qt6["Qt6"]\n    node_venv_lib_python3_12_site-packages_PyQt6_Qt6 --> node_venv_lib_python3_12_site-packages_PyQt6_Qt6_qml["qml"]\n    node_venv_lib_python3_12_site-packages_PyQt6_Qt6_qml --> node_venv_lib_python3_12_site-packages_PyQt6_Qt6_qml_QtQuick["QtQuick"]\n    node_venv_lib_python3_12_site-packages_PyQt6_Qt6_qml_QtQuick --> node_venv_lib_python3_12_site-packages_PyQt6_Qt6_qml_QtQuick_Controls["Controls"]\n    node_venv_lib_python3_12_site-packages_PyQt6_Qt6_qml_QtQuick_Controls --> node_venv_lib_python3_12_site-packages_PyQt6_Qt6_qml_QtQuick_Controls_Basic["Basic"]\n    node_venv_lib_python3_12_site-packages_PyQt6_Qt6_qml_QtQuick_Controls_Basic --> node_venv_lib_python3_12_site-packages_PyQt6_Qt6_qml_QtQuick_Controls_Basic_TextField_qml["TextField.qml"]\n    Root --> node_venv["venv"]\n    node_venv --> node_venv_lib["lib"]\n    node_venv_lib --> node_venv_lib_python3_12["python3.12"]\n    node_venv_lib_python3_12 --> node_venv_lib_python3_12_site-packages["site-packages"]\n    node_venv_lib_python3_12_site-packages --> node_venv_lib_python3_12_site-packages_PyQt6["PyQt6"]\n    node_venv_lib_python3_12_site-packages_PyQt6 --> node_venv_lib_python3_12_site-packages_PyQt6_Qt6["Qt6"]\n    node_venv_lib_python3_12_site-packages_PyQt6_Qt6 --> node_venv_lib_python3_12_site-packages_PyQt6_Qt6_qml["qml"]\n    node_venv_lib_python3_12_site-packages_PyQt6_Qt6_qml --> node_venv_lib_python3_12_site-packages_PyQt6_Qt6_qml_QtQuick["QtQuick"]\n    node_venv_lib_python3_12_site-packages_PyQt6_Qt6_qml_QtQuick --> node_venv_lib_python3_12_site-packages_PyQt6_Qt6_qml_QtQuick_Controls["Controls"]\n    node_venv_lib_python3_12_site-packages_PyQt6_Qt6_qml_QtQuick_Controls --> node_venv_lib_python3_12_site-packages_PyQt6_Qt6_qml_QtQuick_Controls_Basic["Basic"]\n    node_venv_lib_python3_12_site-packages_PyQt6_Qt6_qml_QtQuick_Controls_Basic --> node_venv_lib_python3_12_site-packages_PyQt6_Qt6_qml_QtQuick_Controls_Basic_ToolBar_qml["ToolBar.qml"]\n    Root --> node_venv["venv"]\n    node_venv --> node_venv_lib["lib"]\n    node_venv_lib --> node_venv_lib_python3_12["python3.12"]\n    node_venv_lib_python3_12 --> node_venv_lib_python3_12_site-packages["site-packages"]\n    node_venv_lib_python3_12_site-packages --> node_venv_lib_python3_12_site-packages_PyQt6["PyQt6"]\n    node_venv_lib_python3_12_site-packages_PyQt6 --> node_venv_lib_python3_12_site-packages_PyQt6_Qt6["Qt6"]\n    node_venv_lib_python3_12_site-packages_PyQt6_Qt6 --> node_venv_lib_python3_12_site-packages_PyQt6_Qt6_qml["qml"]\n    node_venv_lib_python3_12_site-packages_PyQt6_Qt6_qml --> node_venv_lib_python3_12_site-packages_PyQt6_Qt6_qml_QtQuick["QtQuick"]\n    node_venv_lib_python3_12_site-packages_PyQt6_Qt6_qml_QtQuick --> node_venv_lib_python3_12_site-packages_PyQt6_Qt6_qml_QtQuick_Controls["Controls"]\n    node_venv_lib_python3_12_site-packages_PyQt6_Qt6_qml_QtQuick_Controls --> node_venv_lib_python3_12_site-packages_PyQt6_Qt6_qml_QtQuick_Controls_Basic["Basic"]\n    node_venv_lib_python3_12_site-packages_PyQt6_Qt6_qml_QtQuick_Controls_Basic --> node_venv_lib_python3_12_site-packages_PyQt6_Qt6_qml_QtQuick_Controls_Basic_ToolButton_qml["ToolButton.qml"]\n    Root --> node_venv["venv"]\n    node_venv --> node_venv_lib["lib"]\n    node_venv_lib --> node_venv_lib_python3_12["python3.12"]\n    node_venv_lib_python3_12 --> node_venv_lib_python3_12_site-packages["site-packages"]\n    node_venv_lib_python3_12_site-packages --> node_venv_lib_python3_12_site-packages_PyQt6["PyQt6"]\n    node_venv_lib_python3_12_site-packages_PyQt6 --> node_venv_lib_python3_12_site-packages_PyQt6_Qt6["Qt6"]\n    node_venv_lib_python3_12_site-packages_PyQt6_Qt6 --> node_venv_lib_python3_12_site-packages_PyQt6_Qt6_qml["qml"]\n    node_venv_lib_python3_12_site-packages_PyQt6_Qt6_qml --> node_venv_lib_python3_12_site-packages_PyQt6_Qt6_qml_QtQuick["QtQuick"]\n    node_venv_lib_python3_12_site-packages_PyQt6_Qt6_qml_QtQuick --> node_venv_lib_python3_12_site-packages_PyQt6_Qt6_qml_QtQuick_Controls["Controls"]\n    node_venv_lib_python3_12_site-packages_PyQt6_Qt6_qml_QtQuick_Controls --> node_venv_lib_python3_12_site-packages_PyQt6_Qt6_qml_QtQuick_Controls_Basic["Basic"]\n    node_venv_lib_python3_12_site-packages_PyQt6_Qt6_qml_QtQuick_Controls_Basic --> node_venv_lib_python3_12_site-packages_PyQt6_Qt6_qml_QtQuick_Controls_Basic_ToolSeparator_qml["ToolSeparator.qml"]\n    Root --> node_venv["venv"]\n    node_venv --> node_venv_lib["lib"]\n    node_venv_lib --> node_venv_lib_python3_12["python3.12"]\n    node_venv_lib_python3_12 --> node_venv_lib_python3_12_site-packages["site-packages"]\n    node_venv_lib_python3_12_site-packages --> node_venv_lib_python3_12_site-packages_PyQt6["PyQt6"]\n    node_venv_lib_python3_12_site-packages_PyQt6 --> node_venv_lib_python3_12_site-packages_PyQt6_Qt6["Qt6"]\n    node_venv_lib_python3_12_site-packages_PyQt6_Qt6 --> node_venv_lib_python3_12_site-packages_PyQt6_Qt6_qml["qml"]\n    node_venv_lib_python3_12_site-packages_PyQt6_Qt6_qml --> node_venv_lib_python3_12_site-packages_PyQt6_Qt6_qml_QtQuick["QtQuick"]\n    node_venv_lib_python3_12_site-packages_PyQt6_Qt6_qml_QtQuick --> node_venv_lib_python3_12_site-packages_PyQt6_Qt6_qml_QtQuick_Controls["Controls"]\n    node_venv_lib_python3_12_site-packages_PyQt6_Qt6_qml_QtQuick_Controls --> node_venv_lib_python3_12_site-packages_PyQt6_Qt6_qml_QtQuick_Controls_Basic["Basic"]\n    node_venv_lib_python3_12_site-packages_PyQt6_Qt6_qml_QtQuick_Controls_Basic --> node_venv_lib_python3_12_site-packages_PyQt6_Qt6_qml_QtQuick_Controls_Basic_ToolTip_qml["ToolTip.qml"]\n    Root --> node_venv["venv"]\n    node_venv --> node_venv_lib["lib"]\n    node_venv_lib --> node_venv_lib_python3_12["python3.12"]\n    node_venv_lib_python3_12 --> node_venv_lib_python3_12_site-packages["site-packages"]\n    node_venv_lib_python3_12_site-packages --> node_venv_lib_python3_12_site-packages_PyQt6["PyQt6"]\n    node_venv_lib_python3_12_site-packages_PyQt6 --> node_venv_lib_python3_12_site-packages_PyQt6_Qt6["Qt6"]\n    node_venv_lib_python3_12_site-packages_PyQt6_Qt6 --> node_venv_lib_python3_12_site-packages_PyQt6_Qt6_qml["qml"]\n    node_venv_lib_python3_12_site-packages_PyQt6_Qt6_qml --> node_venv_lib_python3_12_site-packages_PyQt6_Qt6_qml_QtQuick["QtQuick"]\n    node_venv_lib_python3_12_site-packages_PyQt6_Qt6_qml_QtQuick --> node_venv_lib_python3_12_site-packages_PyQt6_Qt6_qml_QtQuick_Controls["Controls"]\n    node_venv_lib_python3_12_site-packages_PyQt6_Qt6_qml_QtQuick_Controls --> node_venv_lib_python3_12_site-packages_PyQt6_Qt6_qml_QtQuick_Controls_Basic["Basic"]\n    node_venv_lib_python3_12_site-packages_PyQt6_Qt6_qml_QtQuick_Controls_Basic --> node_venv_lib_python3_12_site-packages_PyQt6_Qt6_qml_QtQuick_Controls_Basic_TreeViewDelegate_qml["TreeViewDelegate.qml"]\n    Root --> node_venv["venv"]\n    node_venv --> node_venv_lib["lib"]\n    node_venv_lib --> node_venv_lib_python3_12["python3.12"]\n    node_venv_lib_python3_12 --> node_venv_lib_python3_12_site-packages["site-packages"]\n    node_venv_lib_python3_12_site-packages --> node_venv_lib_python3_12_site-packages_PyQt6["PyQt6"]\n    node_venv_lib_python3_12_site-packages_PyQt6 --> node_venv_lib_python3_12_site-packages_PyQt6_Qt6["Qt6"]\n    node_venv_lib_python3_12_site-packages_PyQt6_Qt6 --> node_venv_lib_python3_12_site-packages_PyQt6_Qt6_qml["qml"]\n    node_venv_lib_python3_12_site-packages_PyQt6_Qt6_qml --> node_venv_lib_python3_12_site-packages_PyQt6_Qt6_qml_QtQuick["QtQuick"]\n    node_venv_lib_python3_12_site-packages_PyQt6_Qt6_qml_QtQuick --> node_venv_lib_python3_12_site-packages_PyQt6_Qt6_qml_QtQuick_Controls["Controls"]\n    node_venv_lib_python3_12_site-packages_PyQt6_Qt6_qml_QtQuick_Controls --> node_venv_lib_python3_12_site-packages_PyQt6_Qt6_qml_QtQuick_Controls_Basic["Basic"]\n    node_venv_lib_python3_12_site-packages_PyQt6_Qt6_qml_QtQuick_Controls_Basic --> node_venv_lib_python3_12_site-packages_PyQt6_Qt6_qml_QtQuick_Controls_Basic_Tumbler_qml["Tumbler.qml"]\n    Root --> node_venv["venv"]\n    node_venv --> node_venv_lib["lib"]\n    node_venv_lib --> node_venv_lib_python3_12["python3.12"]\n    node_venv_lib_python3_12 --> node_venv_lib_python3_12_site-packages["site-packages"]\n    node_venv_lib_python3_12_site-packages --> node_venv_lib_python3_12_site-packages_PyQt6["PyQt6"]\n    node_venv_lib_python3_12_site-packages_PyQt6 --> node_venv_lib_python3_12_site-packages_PyQt6_Qt6["Qt6"]\n    node_venv_lib_python3_12_site-packages_PyQt6_Qt6 --> node_venv_lib_python3_12_site-packages_PyQt6_Qt6_qml["qml"]\n    node_venv_lib_python3_12_site-packages_PyQt6_Qt6_qml --> node_venv_lib_python3_12_site-packages_PyQt6_Qt6_qml_QtQuick["QtQuick"]\n    node_venv_lib_python3_12_site-packages_PyQt6_Qt6_qml_QtQuick --> node_venv_lib_python3_12_site-packages_PyQt6_Qt6_qml_QtQuick_Controls["Controls"]\n    node_venv_lib_python3_12_site-packages_PyQt6_Qt6_qml_QtQuick_Controls --> node_venv_lib_python3_12_site-packages_PyQt6_Qt6_qml_QtQuick_Controls_Basic["Basic"]\n    node_venv_lib_python3_12_site-packages_PyQt6_Qt6_qml_QtQuick_Controls_Basic --> node_venv_lib_python3_12_site-packages_PyQt6_Qt6_qml_QtQuick_Controls_Basic_VerticalHeaderView_qml["VerticalHeaderView.qml"]\n    Root --> node_venv["venv"]\n    node_venv --> node_venv_lib["lib"]\n    node_venv_lib --> node_venv_lib_python3_12["python3.12"]\n    node_venv_lib_python3_12 --> node_venv_lib_python3_12_site-packages["site-packages"]\n    node_venv_lib_python3_12_site-packages --> node_venv_lib_python3_12_site-packages_PyQt6["PyQt6"]\n    node_venv_lib_python3_12_site-packages_PyQt6 --> node_venv_lib_python3_12_site-packages_PyQt6_Qt6["Qt6"]\n    node_venv_lib_python3_12_site-packages_PyQt6_Qt6 --> node_venv_lib_python3_12_site-packages_PyQt6_Qt6_qml["qml"]\n    node_venv_lib_python3_12_site-packages_PyQt6_Qt6_qml --> node_venv_lib_python3_12_site-packages_PyQt6_Qt6_qml_QtQuick["QtQuick"]\n    node_venv_lib_python3_12_site-packages_PyQt6_Qt6_qml_QtQuick --> node_venv_lib_python3_12_site-packages_PyQt6_Qt6_qml_QtQuick_Controls["Controls"]\n    node_venv_lib_python3_12_site-packages_PyQt6_Qt6_qml_QtQuick_Controls --> node_venv_lib_python3_12_site-packages_PyQt6_Qt6_qml_QtQuick_Controls_Basic["Basic"]\n    node_venv_lib_python3_12_site-packages_PyQt6_Qt6_qml_QtQuick_Controls_Basic --> node_venv_lib_python3_12_site-packages_PyQt6_Qt6_qml_QtQuick_Controls_Basic_VerticalHeaderViewDelegate_qml["VerticalHeaderViewDelegate.qml"]\n    Root --> node_venv["venv"]\n    node_venv --> node_venv_lib["lib"]\n    node_venv_lib --> node_venv_lib_python3_12["python3.12"]\n    node_venv_lib_python3_12 --> node_venv_lib_python3_12_site-packages["site-packages"]\n    node_venv_lib_python3_12_site-packages --> node_venv_lib_python3_12_site-packages_PyQt6["PyQt6"]\n    node_venv_lib_python3_12_site-packages_PyQt6 --> node_venv_lib_python3_12_site-packages_PyQt6_Qt6["Qt6"]\n    node_venv_lib_python3_12_site-packages_PyQt6_Qt6 --> node_venv_lib_python3_12_site-packages_PyQt6_Qt6_qml["qml"]\n    node_venv_lib_python3_12_site-packages_PyQt6_Qt6_qml --> node_venv_lib_python3_12_site-packages_PyQt6_Qt6_qml_QtQuick["QtQuick"]\n    node_venv_lib_python3_12_site-packages_PyQt6_Qt6_qml_QtQuick --> node_venv_lib_python3_12_site-packages_PyQt6_Qt6_qml_QtQuick_Controls["Controls"]\n    node_venv_lib_python3_12_site-packages_PyQt6_Qt6_qml_QtQuick_Controls --> node_venv_lib_python3_12_site-packages_PyQt6_Qt6_qml_QtQuick_Controls_Basic["Basic"]\n    node_venv_lib_python3_12_site-packages_PyQt6_Qt6_qml_QtQuick_Controls_Basic --> node_venv_lib_python3_12_site-packages_PyQt6_Qt6_qml_QtQuick_Controls_Basic_WeekNumberColumn_qml["WeekNumberColumn.qml"]\n    Root --> node_venv["venv"]\n    node_venv --> node_venv_lib["lib"]\n    node_venv_lib --> node_venv_lib_python3_12["python3.12"]\n    node_venv_lib_python3_12 --> node_venv_lib_python3_12_site-packages["site-packages"]\n    node_venv_lib_python3_12_site-packages --> node_venv_lib_python3_12_site-packages_PyQt6["PyQt6"]\n    node_venv_lib_python3_12_site-packages_PyQt6 --> node_venv_lib_python3_12_site-packages_PyQt6_Qt6["Qt6"]\n    node_venv_lib_python3_12_site-packages_PyQt6_Qt6 --> node_venv_lib_python3_12_site-packages_PyQt6_Qt6_qml["qml"]\n    node_venv_lib_python3_12_site-packages_PyQt6_Qt6_qml --> node_venv_lib_python3_12_site-packages_PyQt6_Qt6_qml_QtQuick["QtQuick"]\n    node_venv_lib_python3_12_site-packages_PyQt6_Qt6_qml_QtQuick --> node_venv_lib_python3_12_site-packages_PyQt6_Qt6_qml_QtQuick_Controls["Controls"]\n    node_venv_lib_python3_12_site-packages_PyQt6_Qt6_qml_QtQuick_Controls --> node_venv_lib_python3_12_site-packages_PyQt6_Qt6_qml_QtQuick_Controls_Basic["Basic"]\n    node_venv_lib_python3_12_site-packages_PyQt6_Qt6_qml_QtQuick_Controls_Basic --> node_venv_lib_python3_12_site-packages_PyQt6_Qt6_qml_QtQuick_Controls_Basic_libqtquickcontrols2basicstyleplugin_dylib["libqtquickcontrols2basicstyleplugin.dylib"]\n    Root --> node_venv["venv"]\n    node_venv --> node_venv_lib["lib"]\n    node_venv_lib --> node_venv_lib_python3_12["python3.12"]\n    node_venv_lib_python3_12 --> node_venv_lib_python3_12_site-packages["site-packages"]\n    node_venv_lib_python3_12_site-packages --> node_venv_lib_python3_12_site-packages_PyQt6["PyQt6"]\n    node_venv_lib_python3_12_site-packages_PyQt6 --> node_venv_lib_python3_12_site-packages_PyQt6_Qt6["Qt6"]\n    node_venv_lib_python3_12_site-packages_PyQt6_Qt6 --> node_venv_lib_python3_12_site-packages_PyQt6_Qt6_qml["qml"]\n    node_venv_lib_python3_12_site-packages_PyQt6_Qt6_qml --> node_venv_lib_python3_12_site-packages_PyQt6_Qt6_qml_QtQuick["QtQuick"]\n    node_venv_lib_python3_12_site-packages_PyQt6_Qt6_qml_QtQuick --> node_venv_lib_python3_12_site-packages_PyQt6_Qt6_qml_QtQuick_Controls["Controls"]\n    node_venv_lib_python3_12_site-packages_PyQt6_Qt6_qml_QtQuick_Controls --> node_venv_lib_python3_12_site-packages_PyQt6_Qt6_qml_QtQuick_Controls_Basic["Basic"]\n    node_venv_lib_python3_12_site-packages_PyQt6_Qt6_qml_QtQuick_Controls_Basic --> node_venv_lib_python3_12_site-packages_PyQt6_Qt6_qml_QtQuick_Controls_Basic_plugins_qmltypes["plugins.qmltypes"]\n    Root --> node_venv["venv"]\n    node_venv --> node_venv_lib["lib"]\n    node_venv_lib --> node_venv_lib_python3_12["python3.12"]\n    node_venv_lib_python3_12 --> node_venv_lib_python3_12_site-packages["site-packages"]\n    node_venv_lib_python3_12_site-packages --> node_venv_lib_python3_12_site-packages_PyQt6["PyQt6"]\n    node_venv_lib_python3_12_site-packages_PyQt6 --> node_venv_lib_python3_12_site-packages_PyQt6_Qt6["Qt6"]\n    node_venv_lib_python3_12_site-packages_PyQt6_Qt6 --> node_venv_lib_python3_12_site-packages_PyQt6_Qt6_qml["qml"]\n    node_venv_lib_python3_12_site-packages_PyQt6_Qt6_qml --> node_venv_lib_python3_12_site-packages_PyQt6_Qt6_qml_QtQuick["QtQuick"]\n    node_venv_lib_python3_12_site-packages_PyQt6_Qt6_qml_QtQuick --> node_venv_lib_python3_12_site-packages_PyQt6_Qt6_qml_QtQuick_Controls["Controls"]\n    node_venv_lib_python3_12_site-packages_PyQt6_Qt6_qml_QtQuick_Controls --> node_venv_lib_python3_12_site-packages_PyQt6_Qt6_qml_QtQuick_Controls_Basic["Basic"]\n    node_venv_lib_python3_12_site-packages_PyQt6_Qt6_qml_QtQuick_Controls_Basic --> node_venv_lib_python3_12_site-packages_PyQt6_Qt6_qml_QtQuick_Controls_Basic_qmldir["qmldir"]\n    Root --> node_venv["venv"]\n    node_venv --> node_venv_lib["lib"]\n    node_venv_lib --> node_venv_lib_python3_12["python3.12"]\n    node_venv_lib_python3_12 --> node_venv_lib_python3_12_site-packages["site-packages"]\n    node_venv_lib_python3_12_site-packages --> node_venv_lib_python3_12_site-packages_PyQt6["PyQt6"]\n    node_venv_lib_python3_12_site-packages_PyQt6 --> node_venv_lib_python3_12_site-packages_PyQt6_Qt6["Qt6"]\n    node_venv_lib_python3_12_site-packages_PyQt6_Qt6 --> node_venv_lib_python3_12_site-packages_PyQt6_Qt6_qml["qml"]\n    node_venv_lib_python3_12_site-packages_PyQt6_Qt6_qml --> node_venv_lib_python3_12_site-packages_PyQt6_Qt6_qml_QtQuick["QtQuick"]\n    node_venv_lib_python3_12_site-packages_PyQt6_Qt6_qml_QtQuick --> node_venv_lib_python3_12_site-packages_PyQt6_Qt6_qml_QtQuick_Controls["Controls"]\n    node_venv_lib_python3_12_site-packages_PyQt6_Qt6_qml_QtQuick_Controls --> node_venv_lib_python3_12_site-packages_PyQt6_Qt6_qml_QtQuick_Controls_Basic["Basic"]\n    node_venv_lib_python3_12_site-packages_PyQt6_Qt6_qml_QtQuick_Controls_Basic --> node_venv_lib_python3_12_site-packages_PyQt6_Qt6_qml_QtQuick_Controls_Basic_impl["impl"]\n    node_venv_lib_python3_12_site-packages_PyQt6_Qt6_qml_QtQuick_Controls_Basic_impl --> node_venv_lib_python3_12_site-packages_PyQt6_Qt6_qml_QtQuick_Controls_Basic_impl_libqtquickcontrols2basicstyleimplplugin_dylib["libqtquickcontrols2basicstyleimplplugin.dylib"]\n    Root --> node_venv["venv"]\n    node_venv --> node_venv_lib["lib"]\n    node_venv_lib --> node_venv_lib_python3_12["python3.12"]\n    node_venv_lib_python3_12 --> node_venv_lib_python3_12_site-packages["site-packages"]\n    node_venv_lib_python3_12_site-packages --> node_venv_lib_python3_12_site-packages_PyQt6["PyQt6"]\n    node_venv_lib_python3_12_site-packages_PyQt6 --> node_venv_lib_python3_12_site-packages_PyQt6_Qt6["Qt6"]\n    node_venv_lib_python3_12_site-packages_PyQt6_Qt6 --> node_venv_lib_python3_12_site-packages_PyQt6_Qt6_qml["qml"]\n    node_venv_lib_python3_12_site-packages_PyQt6_Qt6_qml --> node_venv_lib_python3_12_site-packages_PyQt6_Qt6_qml_QtQuick["QtQuick"]\n    node_venv_lib_python3_12_site-packages_PyQt6_Qt6_qml_QtQuick --> node_venv_lib_python3_12_site-packages_PyQt6_Qt6_qml_QtQuick_Controls["Controls"]\n    node_venv_lib_python3_12_site-packages_PyQt6_Qt6_qml_QtQuick_Controls --> node_venv_lib_python3_12_site-packages_PyQt6_Qt6_qml_QtQuick_Controls_Basic["Basic"]\n    node_venv_lib_python3_12_site-packages_PyQt6_Qt6_qml_QtQuick_Controls_Basic --> node_venv_lib_python3_12_site-packages_PyQt6_Qt6_qml_QtQuick_Controls_Basic_impl["impl"]\n    node_venv_lib_python3_12_site-packages_PyQt6_Qt6_qml_QtQuick_Controls_Basic_impl --> node_venv_lib_python3_12_site-packages_PyQt6_Qt6_qml_QtQuick_Controls_Basic_impl_plugins_qmltypes["plugins.qmltypes"]\n    Root --> node_venv["venv"]\n    node_venv --> node_venv_lib["lib"]\n    node_venv_lib --> node_venv_lib_python3_12["python3.12"]\n    node_venv_lib_python3_12 --> node_venv_lib_python3_12_site-packages["site-packages"]\n    node_venv_lib_python3_12_site-packages --> node_venv_lib_python3_12_site-packages_PyQt6["PyQt6"]\n    node_venv_lib_python3_12_site-packages_PyQt6 --> node_venv_lib_python3_12_site-packages_PyQt6_Qt6["Qt6"]\n    node_venv_lib_python3_12_site-packages_PyQt6_Qt6 --> node_venv_lib_python3_12_site-packages_PyQt6_Qt6_qml["qml"]\n    node_venv_lib_python3_12_site-packages_PyQt6_Qt6_qml --> node_venv_lib_python3_12_site-packages_PyQt6_Qt6_qml_QtQuick["QtQuick"]\n    node_venv_lib_python3_12_site-packages_PyQt6_Qt6_qml_QtQuick --> node_venv_lib_python3_12_site-packages_PyQt6_Qt6_qml_QtQuick_Controls["Controls"]\n    node_venv_lib_python3_12_site-packages_PyQt6_Qt6_qml_QtQuick_Controls --> node_venv_lib_python3_12_site-packages_PyQt6_Qt6_qml_QtQuick_Controls_Basic["Basic"]\n    node_venv_lib_python3_12_site-packages_PyQt6_Qt6_qml_QtQuick_Controls_Basic --> node_venv_lib_python3_12_site-packages_PyQt6_Qt6_qml_QtQuick_Controls_Basic_impl["impl"]\n    node_venv_lib_python3_12_site-packages_PyQt6_Qt6_qml_QtQuick_Controls_Basic_impl --> node_venv_lib_python3_12_site-packages_PyQt6_Qt6_qml_QtQuick_Controls_Basic_impl_qmldir["qmldir"]\n    Root --> node_venv["venv"]\n    node_venv --> node_venv_lib["lib"]\n    node_venv_lib --> node_venv_lib_python3_12["python3.12"]\n    node_venv_lib_python3_12 --> node_venv_lib_python3_12_site-packages["site-packages"]\n    node_venv_lib_python3_12_site-packages --> node_venv_lib_python3_12_site-packages_PyQt6["PyQt6"]\n    node_venv_lib_python3_12_site-packages_PyQt6 --> node_venv_lib_python3_12_site-packages_PyQt6_Qt6["Qt6"]\n    node_venv_lib_python3_12_site-packages_PyQt6_Qt6 --> node_venv_lib_python3_12_site-packages_PyQt6_Qt6_qml["qml"]\n    node_venv_lib_python3_12_site-packages_PyQt6_Qt6_qml --> node_venv_lib_python3_12_site-packages_PyQt6_Qt6_qml_QtQuick["QtQuick"]\n    node_venv_lib_python3_12_site-packages_PyQt6_Qt6_qml_QtQuick --> node_venv_lib_python3_12_site-packages_PyQt6_Qt6_qml_QtQuick_Controls["Controls"]\n    node_venv_lib_python3_12_site-packages_PyQt6_Qt6_qml_QtQuick_Controls --> node_venv_lib_python3_12_site-packages_PyQt6_Qt6_qml_QtQuick_Controls_iOS["iOS"]\n    node_venv_lib_python3_12_site-packages_PyQt6_Qt6_qml_QtQuick_Controls_iOS --> node_venv_lib_python3_12_site-packages_PyQt6_Qt6_qml_QtQuick_Controls_iOS_ApplicationWindow_qml["ApplicationWindow.qml"]\n    Root --> node_venv["venv"]\n    node_venv --> node_venv_lib["lib"]\n    node_venv_lib --> node_venv_lib_python3_12["python3.12"]\n    node_venv_lib_python3_12 --> node_venv_lib_python3_12_site-packages["site-packages"]\n    node_venv_lib_python3_12_site-packages --> node_venv_lib_python3_12_site-packages_PyQt6["PyQt6"]\n    node_venv_lib_python3_12_site-packages_PyQt6 --> node_venv_lib_python3_12_site-packages_PyQt6_Qt6["Qt6"]\n    node_venv_lib_python3_12_site-packages_PyQt6_Qt6 --> node_venv_lib_python3_12_site-packages_PyQt6_Qt6_qml["qml"]\n    node_venv_lib_python3_12_site-packages_PyQt6_Qt6_qml --> node_venv_lib_python3_12_site-packages_PyQt6_Qt6_qml_QtQuick["QtQuick"]\n    node_venv_lib_python3_12_site-packages_PyQt6_Qt6_qml_QtQuick --> node_venv_lib_python3_12_site-packages_PyQt6_Qt6_qml_QtQuick_Controls["Controls"]\n    node_venv_lib_python3_12_site-packages_PyQt6_Qt6_qml_QtQuick_Controls --> node_venv_lib_python3_12_site-packages_PyQt6_Qt6_qml_QtQuick_Controls_iOS["iOS"]\n    node_venv_lib_python3_12_site-packages_PyQt6_Qt6_qml_QtQuick_Controls_iOS --> node_venv_lib_python3_12_site-packages_PyQt6_Qt6_qml_QtQuick_Controls_iOS_BusyIndicator_qml["BusyIndicator.qml"]\n    Root --> node_venv["venv"]\n    node_venv --> node_venv_lib["lib"]\n    node_venv_lib --> node_venv_lib_python3_12["python3.12"]\n    node_venv_lib_python3_12 --> node_venv_lib_python3_12_site-packages["site-packages"]\n    node_venv_lib_python3_12_site-packages --> node_venv_lib_python3_12_site-packages_PyQt6["PyQt6"]\n    node_venv_lib_python3_12_site-packages_PyQt6 --> node_venv_lib_python3_12_site-packages_PyQt6_Qt6["Qt6"]\n    node_venv_lib_python3_12_site-packages_PyQt6_Qt6 --> node_venv_lib_python3_12_site-packages_PyQt6_Qt6_qml["qml"]\n    node_venv_lib_python3_12_site-packages_PyQt6_Qt6_qml --> node_venv_lib_python3_12_site-packages_PyQt6_Qt6_qml_QtQuick["QtQuick"]\n    node_venv_lib_python3_12_site-packages_PyQt6_Qt6_qml_QtQuick --> node_venv_lib_python3_12_site-packages_PyQt6_Qt6_qml_QtQuick_Controls["Controls"]\n    node_venv_lib_python3_12_site-packages_PyQt6_Qt6_qml_QtQuick_Controls --> node_venv_lib_python3_12_site-packages_PyQt6_Qt6_qml_QtQuick_Controls_iOS["iOS"]\n    node_venv_lib_python3_12_site-packages_PyQt6_Qt6_qml_QtQuick_Controls_iOS --> node_venv_lib_python3_12_site-packages_PyQt6_Qt6_qml_QtQuick_Controls_iOS_Button_qml["Button.qml"]\n    Root --> node_venv["venv"]\n    node_venv --> node_venv_lib["lib"]\n    node_venv_lib --> node_venv_lib_python3_12["python3.12"]\n    node_venv_lib_python3_12 --> node_venv_lib_python3_12_site-packages["site-packages"]\n    node_venv_lib_python3_12_site-packages --> node_venv_lib_python3_12_site-packages_PyQt6["PyQt6"]\n    node_venv_lib_python3_12_site-packages_PyQt6 --> node_venv_lib_python3_12_site-packages_PyQt6_Qt6["Qt6"]\n    node_venv_lib_python3_12_site-packages_PyQt6_Qt6 --> node_venv_lib_python3_12_site-packages_PyQt6_Qt6_qml["qml"]\n    node_venv_lib_python3_12_site-packages_PyQt6_Qt6_qml --> node_venv_lib_python3_12_site-packages_PyQt6_Qt6_qml_QtQuick["QtQuick"]\n    node_venv_lib_python3_12_site-packages_PyQt6_Qt6_qml_QtQuick --> node_venv_lib_python3_12_site-packages_PyQt6_Qt6_qml_QtQuick_Controls["Controls"]\n    node_venv_lib_python3_12_site-packages_PyQt6_Qt6_qml_QtQuick_Controls --> node_venv_lib_python3_12_site-packages_PyQt6_Qt6_qml_QtQuick_Controls_iOS["iOS"]\n    node_venv_lib_python3_12_site-packages_PyQt6_Qt6_qml_QtQuick_Controls_iOS --> node_venv_lib_python3_12_site-packages_PyQt6_Qt6_qml_QtQuick_Controls_iOS_CheckBox_qml["CheckBox.qml"]\n    Root --> node_venv["venv"]\n    node_venv --> node_venv_lib["lib"]\n    node_venv_lib --> node_venv_lib_python3_12["python3.12"]\n    node_venv_lib_python3_12 --> node_venv_lib_python3_12_site-packages["site-packages"]\n    node_venv_lib_python3_12_site-packages --> node_venv_lib_python3_12_site-packages_PyQt6["PyQt6"]\n    node_venv_lib_python3_12_site-packages_PyQt6 --> node_venv_lib_python3_12_site-packages_PyQt6_Qt6["Qt6"]\n    node_venv_lib_python3_12_site-packages_PyQt6_Qt6 --> node_venv_lib_python3_12_site-packages_PyQt6_Qt6_qml["qml"]\n    node_venv_lib_python3_12_site-packages_PyQt6_Qt6_qml --> node_venv_lib_python3_12_site-packages_PyQt6_Qt6_qml_QtQuick["QtQuick"]\n    node_venv_lib_python3_12_site-packages_PyQt6_Qt6_qml_QtQuick --> node_venv_lib_python3_12_site-packages_PyQt6_Qt6_qml_QtQuick_Controls["Controls"]\n    node_venv_lib_python3_12_site-packages_PyQt6_Qt6_qml_QtQuick_Controls --> node_venv_lib_python3_12_site-packages_PyQt6_Qt6_qml_QtQuick_Controls_iOS["iOS"]\n    node_venv_lib_python3_12_site-packages_PyQt6_Qt6_qml_QtQuick_Controls_iOS --> node_venv_lib_python3_12_site-packages_PyQt6_Qt6_qml_QtQuick_Controls_iOS_CheckDelegate_qml["CheckDelegate.qml"]\n    Root --> node_venv["venv"]\n    node_venv --> node_venv_lib["lib"]\n    node_venv_lib --> node_venv_lib_python3_12["python3.12"]\n    node_venv_lib_python3_12 --> node_venv_lib_python3_12_site-packages["site-packages"]\n    node_venv_lib_python3_12_site-packages --> node_venv_lib_python3_12_site-packages_PyQt6["PyQt6"]\n    node_venv_lib_python3_12_site-packages_PyQt6 --> node_venv_lib_python3_12_site-packages_PyQt6_Qt6["Qt6"]\n    node_venv_lib_python3_12_site-packages_PyQt6_Qt6 --> node_venv_lib_python3_12_site-packages_PyQt6_Qt6_qml["qml"]\n    node_venv_lib_python3_12_site-packages_PyQt6_Qt6_qml --> node_venv_lib_python3_12_site-packages_PyQt6_Qt6_qml_QtQuick["QtQuick"]\n    node_venv_lib_python3_12_site-packages_PyQt6_Qt6_qml_QtQuick --> node_venv_lib_python3_12_site-packages_PyQt6_Qt6_qml_QtQuick_Controls["Controls"]\n    node_venv_lib_python3_12_site-packages_PyQt6_Qt6_qml_QtQuick_Controls --> node_venv_lib_python3_12_site-packages_PyQt6_Qt6_qml_QtQuick_Controls_iOS["iOS"]\n    node_venv_lib_python3_12_site-packages_PyQt6_Qt6_qml_QtQuick_Controls_iOS --> node_venv_lib_python3_12_site-packages_PyQt6_Qt6_qml_QtQuick_Controls_iOS_ComboBox_qml["ComboBox.qml"]\n    Root --> node_venv["venv"]\n    node_venv --> node_venv_lib["lib"]\n    node_venv_lib --> node_venv_lib_python3_12["python3.12"]\n    node_venv_lib_python3_12 --> node_venv_lib_python3_12_site-packages["site-packages"]\n    node_venv_lib_python3_12_site-packages --> node_venv_lib_python3_12_site-packages_PyQt6["PyQt6"]\n    node_venv_lib_python3_12_site-packages_PyQt6 --> node_venv_lib_python3_12_site-packages_PyQt6_Qt6["Qt6"]\n    node_venv_lib_python3_12_site-packages_PyQt6_Qt6 --> node_venv_lib_python3_12_site-packages_PyQt6_Qt6_qml["qml"]\n    node_venv_lib_python3_12_site-packages_PyQt6_Qt6_qml --> node_venv_lib_python3_12_site-packages_PyQt6_Qt6_qml_QtQuick["QtQuick"]\n    node_venv_lib_python3_12_site-packages_PyQt6_Qt6_qml_QtQuick --> node_venv_lib_python3_12_site-packages_PyQt6_Qt6_qml_QtQuick_Controls["Controls"]\n    node_venv_lib_python3_12_site-packages_PyQt6_Qt6_qml_QtQuick_Controls --> node_venv_lib_python3_12_site-packages_PyQt6_Qt6_qml_QtQuick_Controls_iOS["iOS"]\n    node_venv_lib_python3_12_site-packages_PyQt6_Qt6_qml_QtQuick_Controls_iOS --> node_venv_lib_python3_12_site-packages_PyQt6_Qt6_qml_QtQuick_Controls_iOS_DelayButton_qml["DelayButton.qml"]\n    Root --> node_venv["venv"]\n    node_venv --> node_venv_lib["lib"]\n    node_venv_lib --> node_venv_lib_python3_12["python3.12"]\n    node_venv_lib_python3_12 --> node_venv_lib_python3_12_site-packages["site-packages"]\n    node_venv_lib_python3_12_site-packages --> node_venv_lib_python3_12_site-packages_PyQt6["PyQt6"]\n    node_venv_lib_python3_12_site-packages_PyQt6 --> node_venv_lib_python3_12_site-packages_PyQt6_Qt6["Qt6"]\n    node_venv_lib_python3_12_site-packages_PyQt6_Qt6 --> node_venv_lib_python3_12_site-packages_PyQt6_Qt6_qml["qml"]\n    node_venv_lib_python3_12_site-packages_PyQt6_Qt6_qml --> node_venv_lib_python3_12_site-packages_PyQt6_Qt6_qml_QtQuick["QtQuick"]\n    node_venv_lib_python3_12_site-packages_PyQt6_Qt6_qml_QtQuick --> node_venv_lib_python3_12_site-packages_PyQt6_Qt6_qml_QtQuick_Controls["Controls"]\n    node_venv_lib_python3_12_site-packages_PyQt6_Qt6_qml_QtQuick_Controls --> node_venv_lib_python3_12_site-packages_PyQt6_Qt6_qml_QtQuick_Controls_iOS["iOS"]\n    node_venv_lib_python3_12_site-packages_PyQt6_Qt6_qml_QtQuick_Controls_iOS --> node_venv_lib_python3_12_site-packages_PyQt6_Qt6_qml_QtQuick_Controls_iOS_Dial_qml["Dial.qml"]\n    Root --> node_venv["venv"]\n    node_venv --> node_venv_lib["lib"]\n    node_venv_lib --> node_venv_lib_python3_12["python3.12"]\n    node_venv_lib_python3_12 --> node_venv_lib_python3_12_site-packages["site-packages"]\n    node_venv_lib_python3_12_site-packages --> node_venv_lib_python3_12_site-packages_PyQt6["PyQt6"]\n    node_venv_lib_python3_12_site-packages_PyQt6 --> node_venv_lib_python3_12_site-packages_PyQt6_Qt6["Qt6"]\n    node_venv_lib_python3_12_site-packages_PyQt6_Qt6 --> node_venv_lib_python3_12_site-packages_PyQt6_Qt6_qml["qml"]\n    node_venv_lib_python3_12_site-packages_PyQt6_Qt6_qml --> node_venv_lib_python3_12_site-packages_PyQt6_Qt6_qml_QtQuick["QtQuick"]\n    node_venv_lib_python3_12_site-packages_PyQt6_Qt6_qml_QtQuick --> node_venv_lib_python3_12_site-packages_PyQt6_Qt6_qml_QtQuick_Controls["Controls"]\n    node_venv_lib_python3_12_site-packages_PyQt6_Qt6_qml_QtQuick_Controls --> node_venv_lib_python3_12_site-packages_PyQt6_Qt6_qml_QtQuick_Controls_iOS["iOS"]\n    node_venv_lib_python3_12_site-packages_PyQt6_Qt6_qml_QtQuick_Controls_iOS --> node_venv_lib_python3_12_site-packages_PyQt6_Qt6_qml_QtQuick_Controls_iOS_Dialog_qml["Dialog.qml"]\n    Root --> node_venv["venv"]\n    node_venv --> node_venv_lib["lib"]\n    node_venv_lib --> node_venv_lib_python3_12["python3.12"]\n    node_venv_lib_python3_12 --> node_venv_lib_python3_12_site-packages["site-packages"]\n    node_venv_lib_python3_12_site-packages --> node_venv_lib_python3_12_site-packages_PyQt6["PyQt6"]\n    node_venv_lib_python3_12_site-packages_PyQt6 --> node_venv_lib_python3_12_site-packages_PyQt6_Qt6["Qt6"]\n    node_venv_lib_python3_12_site-packages_PyQt6_Qt6 --> node_venv_lib_python3_12_site-packages_PyQt6_Qt6_qml["qml"]\n    node_venv_lib_python3_12_site-packages_PyQt6_Qt6_qml --> node_venv_lib_python3_12_site-packages_PyQt6_Qt6_qml_QtQuick["QtQuick"]\n    node_venv_lib_python3_12_site-packages_PyQt6_Qt6_qml_QtQuick --> node_venv_lib_python3_12_site-packages_PyQt6_Qt6_qml_QtQuick_Controls["Controls"]\n    node_venv_lib_python3_12_site-packages_PyQt6_Qt6_qml_QtQuick_Controls --> node_venv_lib_python3_12_site-packages_PyQt6_Qt6_qml_QtQuick_Controls_iOS["iOS"]\n    node_venv_lib_python3_12_site-packages_PyQt6_Qt6_qml_QtQuick_Controls_iOS --> node_venv_lib_python3_12_site-packages_PyQt6_Qt6_qml_QtQuick_Controls_iOS_DialogButtonBox_qml["DialogButtonBox.qml"]\n    Root --> node_venv["venv"]\n    node_venv --> node_venv_lib["lib"]\n    node_venv_lib --> node_venv_lib_python3_12["python3.12"]\n    node_venv_lib_python3_12 --> node_venv_lib_python3_12_site-packages["site-packages"]\n    node_venv_lib_python3_12_site-packages --> node_venv_lib_python3_12_site-packages_PyQt6["PyQt6"]\n    node_venv_lib_python3_12_site-packages_PyQt6 --> node_venv_lib_python3_12_site-packages_PyQt6_Qt6["Qt6"]\n    node_venv_lib_python3_12_site-packages_PyQt6_Qt6 --> node_venv_lib_python3_12_site-packages_PyQt6_Qt6_qml["qml"]\n    node_venv_lib_python3_12_site-packages_PyQt6_Qt6_qml --> node_venv_lib_python3_12_site-packages_PyQt6_Qt6_qml_QtQuick["QtQuick"]\n    node_venv_lib_python3_12_site-packages_PyQt6_Qt6_qml_QtQuick --> node_venv_lib_python3_12_site-packages_PyQt6_Qt6_qml_QtQuick_Controls["Controls"]\n    node_venv_lib_python3_12_site-packages_PyQt6_Qt6_qml_QtQuick_Controls --> node_venv_lib_python3_12_site-packages_PyQt6_Qt6_qml_QtQuick_Controls_iOS["iOS"]\n    node_venv_lib_python3_12_site-packages_PyQt6_Qt6_qml_QtQuick_Controls_iOS --> node_venv_lib_python3_12_site-packages_PyQt6_Qt6_qml_QtQuick_Controls_iOS_Drawer_qml["Drawer.qml"]\n    Root --> node_venv["venv"]\n    node_venv --> node_venv_lib["lib"]\n    node_venv_lib --> node_venv_lib_python3_12["python3.12"]\n    node_venv_lib_python3_12 --> node_venv_lib_python3_12_site-packages["site-packages"]\n    node_venv_lib_python3_12_site-packages --> node_venv_lib_python3_12_site-packages_PyQt6["PyQt6"]\n    node_venv_lib_python3_12_site-packages_PyQt6 --> node_venv_lib_python3_12_site-packages_PyQt6_Qt6["Qt6"]\n    node_venv_lib_python3_12_site-packages_PyQt6_Qt6 --> node_venv_lib_python3_12_site-packages_PyQt6_Qt6_qml["qml"]\n    node_venv_lib_python3_12_site-packages_PyQt6_Qt6_qml --> node_venv_lib_python3_12_site-packages_PyQt6_Qt6_qml_QtQuick["QtQuick"]\n    node_venv_lib_python3_12_site-packages_PyQt6_Qt6_qml_QtQuick --> node_venv_lib_python3_12_site-packages_PyQt6_Qt6_qml_QtQuick_Controls["Controls"]\n    node_venv_lib_python3_12_site-packages_PyQt6_Qt6_qml_QtQuick_Controls --> node_venv_lib_python3_12_site-packages_PyQt6_Qt6_qml_QtQuick_Controls_iOS["iOS"]\n    node_venv_lib_python3_12_site-packages_PyQt6_Qt6_qml_QtQuick_Controls_iOS --> node_venv_lib_python3_12_site-packages_PyQt6_Qt6_qml_QtQuick_Controls_iOS_Frame_qml["Frame.qml"]\n    Root --> node_venv["venv"]\n    node_venv --> node_venv_lib["lib"]\n    node_venv_lib --> node_venv_lib_python3_12["python3.12"]\n    node_venv_lib_python3_12 --> node_venv_lib_python3_12_site-packages["site-packages"]\n    node_venv_lib_python3_12_site-packages --> node_venv_lib_python3_12_site-packages_PyQt6["PyQt6"]\n    node_venv_lib_python3_12_site-packages_PyQt6 --> node_venv_lib_python3_12_site-packages_PyQt6_Qt6["Qt6"]\n    node_venv_lib_python3_12_site-packages_PyQt6_Qt6 --> node_venv_lib_python3_12_site-packages_PyQt6_Qt6_qml["qml"]\n    node_venv_lib_python3_12_site-packages_PyQt6_Qt6_qml --> node_venv_lib_python3_12_site-packages_PyQt6_Qt6_qml_QtQuick["QtQuick"]\n    node_venv_lib_python3_12_site-packages_PyQt6_Qt6_qml_QtQuick --> node_venv_lib_python3_12_site-packages_PyQt6_Qt6_qml_QtQuick_Controls["Controls"]\n    node_venv_lib_python3_12_site-packages_PyQt6_Qt6_qml_QtQuick_Controls --> node_venv_lib_python3_12_site-packages_PyQt6_Qt6_qml_QtQuick_Controls_iOS["iOS"]\n    node_venv_lib_python3_12_site-packages_PyQt6_Qt6_qml_QtQuick_Controls_iOS --> node_venv_lib_python3_12_site-packages_PyQt6_Qt6_qml_QtQuick_Controls_iOS_GroupBox_qml["GroupBox.qml"]\n    Root --> node_venv["venv"]\n    node_venv --> node_venv_lib["lib"]\n    node_venv_lib --> node_venv_lib_python3_12["python3.12"]\n    node_venv_lib_python3_12 --> node_venv_lib_python3_12_site-packages["site-packages"]\n    node_venv_lib_python3_12_site-packages --> node_venv_lib_python3_12_site-packages_PyQt6["PyQt6"]\n    node_venv_lib_python3_12_site-packages_PyQt6 --> node_venv_lib_python3_12_site-packages_PyQt6_Qt6["Qt6"]\n    node_venv_lib_python3_12_site-packages_PyQt6_Qt6 --> node_venv_lib_python3_12_site-packages_PyQt6_Qt6_qml["qml"]\n    node_venv_lib_python3_12_site-packages_PyQt6_Qt6_qml --> node_venv_lib_python3_12_site-packages_PyQt6_Qt6_qml_QtQuick["QtQuick"]\n    node_venv_lib_python3_12_site-packages_PyQt6_Qt6_qml_QtQuick --> node_venv_lib_python3_12_site-packages_PyQt6_Qt6_qml_QtQuick_Controls["Controls"]\n    node_venv_lib_python3_12_site-packages_PyQt6_Qt6_qml_QtQuick_Controls --> node_venv_lib_python3_12_site-packages_PyQt6_Qt6_qml_QtQuick_Controls_iOS["iOS"]\n    node_venv_lib_python3_12_site-packages_PyQt6_Qt6_qml_QtQuick_Controls_iOS --> node_venv_lib_python3_12_site-packages_PyQt6_Qt6_qml_QtQuick_Controls_iOS_HorizontalHeaderView_qml["HorizontalHeaderView.qml"]\n    Root --> node_venv["venv"]\n    node_venv --> node_venv_lib["lib"]\n    node_venv_lib --> node_venv_lib_python3_12["python3.12"]\n    node_venv_lib_python3_12 --> node_venv_lib_python3_12_site-packages["site-packages"]\n    node_venv_lib_python3_12_site-packages --> node_venv_lib_python3_12_site-packages_PyQt6["PyQt6"]\n    node_venv_lib_python3_12_site-packages_PyQt6 --> node_venv_lib_python3_12_site-packages_PyQt6_Qt6["Qt6"]\n    node_venv_lib_python3_12_site-packages_PyQt6_Qt6 --> node_venv_lib_python3_12_site-packages_PyQt6_Qt6_qml["qml"]\n    node_venv_lib_python3_12_site-packages_PyQt6_Qt6_qml --> node_venv_lib_python3_12_site-packages_PyQt6_Qt6_qml_QtQuick["QtQuick"]\n    node_venv_lib_python3_12_site-packages_PyQt6_Qt6_qml_QtQuick --> node_venv_lib_python3_12_site-packages_PyQt6_Qt6_qml_QtQuick_Controls["Controls"]\n    node_venv_lib_python3_12_site-packages_PyQt6_Qt6_qml_QtQuick_Controls --> node_venv_lib_python3_12_site-packages_PyQt6_Qt6_qml_QtQuick_Controls_iOS["iOS"]\n    node_venv_lib_python3_12_site-packages_PyQt6_Qt6_qml_QtQuick_Controls_iOS --> node_venv_lib_python3_12_site-packages_PyQt6_Qt6_qml_QtQuick_Controls_iOS_HorizontalHeaderViewDelegate_qml["HorizontalHeaderViewDelegate.qml"]\n    Root --> node_venv["venv"]\n    node_venv --> node_venv_lib["lib"]\n    node_venv_lib --> node_venv_lib_python3_12["python3.12"]\n    node_venv_lib_python3_12 --> node_venv_lib_python3_12_site-packages["site-packages"]\n    node_venv_lib_python3_12_site-packages --> node_venv_lib_python3_12_site-packages_PyQt6["PyQt6"]\n    node_venv_lib_python3_12_site-packages_PyQt6 --> node_venv_lib_python3_12_site-packages_PyQt6_Qt6["Qt6"]\n    node_venv_lib_python3_12_site-packages_PyQt6_Qt6 --> node_venv_lib_python3_12_site-packages_PyQt6_Qt6_qml["qml"]\n    node_venv_lib_python3_12_site-packages_PyQt6_Qt6_qml --> node_venv_lib_python3_12_site-packages_PyQt6_Qt6_qml_QtQuick["QtQuick"]\n    node_venv_lib_python3_12_site-packages_PyQt6_Qt6_qml_QtQuick --> node_venv_lib_python3_12_site-packages_PyQt6_Qt6_qml_QtQuick_Controls["Controls"]\n    node_venv_lib_python3_12_site-packages_PyQt6_Qt6_qml_QtQuick_Controls --> node_venv_lib_python3_12_site-packages_PyQt6_Qt6_qml_QtQuick_Controls_iOS["iOS"]\n    node_venv_lib_python3_12_site-packages_PyQt6_Qt6_qml_QtQuick_Controls_iOS --> node_venv_lib_python3_12_site-packages_PyQt6_Qt6_qml_QtQuick_Controls_iOS_ItemDelegate_qml["ItemDelegate.qml"]\n    Root --> node_venv["venv"]\n    node_venv --> node_venv_lib["lib"]\n    node_venv_lib --> node_venv_lib_python3_12["python3.12"]\n    node_venv_lib_python3_12 --> node_venv_lib_python3_12_site-packages["site-packages"]\n    node_venv_lib_python3_12_site-packages --> node_venv_lib_python3_12_site-packages_PyQt6["PyQt6"]\n    node_venv_lib_python3_12_site-packages_PyQt6 --> node_venv_lib_python3_12_site-packages_PyQt6_Qt6["Qt6"]\n    node_venv_lib_python3_12_site-packages_PyQt6_Qt6 --> node_venv_lib_python3_12_site-packages_PyQt6_Qt6_qml["qml"]\n    node_venv_lib_python3_12_site-packages_PyQt6_Qt6_qml --> node_venv_lib_python3_12_site-packages_PyQt6_Qt6_qml_QtQuick["QtQuick"]\n    node_venv_lib_python3_12_site-packages_PyQt6_Qt6_qml_QtQuick --> node_venv_lib_python3_12_site-packages_PyQt6_Qt6_qml_QtQuick_Controls["Controls"]\n    node_venv_lib_python3_12_site-packages_PyQt6_Qt6_qml_QtQuick_Controls --> node_venv_lib_python3_12_site-packages_PyQt6_Qt6_qml_QtQuick_Controls_iOS["iOS"]\n    node_venv_lib_python3_12_site-packages_PyQt6_Qt6_qml_QtQuick_Controls_iOS --> node_venv_lib_python3_12_site-packages_PyQt6_Qt6_qml_QtQuick_Controls_iOS_Menu_qml["Menu.qml"]\n    Root --> node_venv["venv"]\n    node_venv --> node_venv_lib["lib"]\n    node_venv_lib --> node_venv_lib_python3_12["python3.12"]\n    node_venv_lib_python3_12 --> node_venv_lib_python3_12_site-packages["site-packages"]\n    node_venv_lib_python3_12_site-packages --> node_venv_lib_python3_12_site-packages_PyQt6["PyQt6"]\n    node_venv_lib_python3_12_site-packages_PyQt6 --> node_venv_lib_python3_12_site-packages_PyQt6_Qt6["Qt6"]\n    node_venv_lib_python3_12_site-packages_PyQt6_Qt6 --> node_venv_lib_python3_12_site-packages_PyQt6_Qt6_qml["qml"]\n    node_venv_lib_python3_12_site-packages_PyQt6_Qt6_qml --> node_venv_lib_python3_12_site-packages_PyQt6_Qt6_qml_QtQuick["QtQuick"]\n    node_venv_lib_python3_12_site-packages_PyQt6_Qt6_qml_QtQuick --> node_venv_lib_python3_12_site-packages_PyQt6_Qt6_qml_QtQuick_Controls["Controls"]\n    node_venv_lib_python3_12_site-packages_PyQt6_Qt6_qml_QtQuick_Controls --> node_venv_lib_python3_12_site-packages_PyQt6_Qt6_qml_QtQuick_Controls_iOS["iOS"]\n    node_venv_lib_python3_12_site-packages_PyQt6_Qt6_qml_QtQuick_Controls_iOS --> node_venv_lib_python3_12_site-packages_PyQt6_Qt6_qml_QtQuick_Controls_iOS_MenuBar_qml["MenuBar.qml"]\n    Root --> node_venv["venv"]\n    node_venv --> node_venv_lib["lib"]\n    node_venv_lib --> node_venv_lib_python3_12["python3.12"]\n    node_venv_lib_python3_12 --> node_venv_lib_python3_12_site-packages["site-packages"]\n    node_venv_lib_python3_12_site-packages --> node_venv_lib_python3_12_site-packages_PyQt6["PyQt6"]\n    node_venv_lib_python3_12_site-packages_PyQt6 --> node_venv_lib_python3_12_site-packages_PyQt6_Qt6["Qt6"]\n    node_venv_lib_python3_12_site-packages_PyQt6_Qt6 --> node_venv_lib_python3_12_site-packages_PyQt6_Qt6_qml["qml"]\n    node_venv_lib_python3_12_site-packages_PyQt6_Qt6_qml --> node_venv_lib_python3_12_site-packages_PyQt6_Qt6_qml_QtQuick["QtQuick"]\n    node_venv_lib_python3_12_site-packages_PyQt6_Qt6_qml_QtQuick --> node_venv_lib_python3_12_site-packages_PyQt6_Qt6_qml_QtQuick_Controls["Controls"]\n    node_venv_lib_python3_12_site-packages_PyQt6_Qt6_qml_QtQuick_Controls --> node_venv_lib_python3_12_site-packages_PyQt6_Qt6_qml_QtQuick_Controls_iOS["iOS"]\n    node_venv_lib_python3_12_site-packages_PyQt6_Qt6_qml_QtQuick_Controls_iOS --> node_venv_lib_python3_12_site-packages_PyQt6_Qt6_qml_QtQuick_Controls_iOS_MenuBarItem_qml["MenuBarItem.qml"]\n    Root --> node_venv["venv"]\n    node_venv --> node_venv_lib["lib"]\n    node_venv_lib --> node_venv_lib_python3_12["python3.12"]\n    node_venv_lib_python3_12 --> node_venv_lib_python3_12_site-packages["site-packages"]\n    node_venv_lib_python3_12_site-packages --> node_venv_lib_python3_12_site-packages_PyQt6["PyQt6"]\n    node_venv_lib_python3_12_site-packages_PyQt6 --> node_venv_lib_python3_12_site-packages_PyQt6_Qt6["Qt6"]\n    node_venv_lib_python3_12_site-packages_PyQt6_Qt6 --> node_venv_lib_python3_12_site-packages_PyQt6_Qt6_qml["qml"]\n    node_venv_lib_python3_12_site-packages_PyQt6_Qt6_qml --> node_venv_lib_python3_12_site-packages_PyQt6_Qt6_qml_QtQuick["QtQuick"]\n    node_venv_lib_python3_12_site-packages_PyQt6_Qt6_qml_QtQuick --> node_venv_lib_python3_12_site-packages_PyQt6_Qt6_qml_QtQuick_Controls["Controls"]\n    node_venv_lib_python3_12_site-packages_PyQt6_Qt6_qml_QtQuick_Controls --> node_venv_lib_python3_12_site-packages_PyQt6_Qt6_qml_QtQuick_Controls_iOS["iOS"]\n    node_venv_lib_python3_12_site-packages_PyQt6_Qt6_qml_QtQuick_Controls_iOS --> node_venv_lib_python3_12_site-packages_PyQt6_Qt6_qml_QtQuick_Controls_iOS_MenuItem_qml["MenuItem.qml"]\n    Root --> node_venv["venv"]\n    node_venv --> node_venv_lib["lib"]\n    node_venv_lib --> node_venv_lib_python3_12["python3.12"]\n    node_venv_lib_python3_12 --> node_venv_lib_python3_12_site-packages["site-packages"]\n    node_venv_lib_python3_12_site-packages --> node_venv_lib_python3_12_site-packages_PyQt6["PyQt6"]\n    node_venv_lib_python3_12_site-packages_PyQt6 --> node_venv_lib_python3_12_site-packages_PyQt6_Qt6["Qt6"]\n    node_venv_lib_python3_12_site-packages_PyQt6_Qt6 --> node_venv_lib_python3_12_site-packages_PyQt6_Qt6_qml["qml"]\n    node_venv_lib_python3_12_site-packages_PyQt6_Qt6_qml --> node_venv_lib_python3_12_site-packages_PyQt6_Qt6_qml_QtQuick["QtQuick"]\n    node_venv_lib_python3_12_site-packages_PyQt6_Qt6_qml_QtQuick --> node_venv_lib_python3_12_site-packages_PyQt6_Qt6_qml_QtQuick_Controls["Controls"]\n    node_venv_lib_python3_12_site-packages_PyQt6_Qt6_qml_QtQuick_Controls --> node_venv_lib_python3_12_site-packages_PyQt6_Qt6_qml_QtQuick_Controls_iOS["iOS"]\n    node_venv_lib_python3_12_site-packages_PyQt6_Qt6_qml_QtQuick_Controls_iOS --> node_venv_lib_python3_12_site-packages_PyQt6_Qt6_qml_QtQuick_Controls_iOS_MenuSeparator_qml["MenuSeparator.qml"]\n    Root --> node_venv["venv"]\n    node_venv --> node_venv_lib["lib"]\n    node_venv_lib --> node_venv_lib_python3_12["python3.12"]\n    node_venv_lib_python3_12 --> node_venv_lib_python3_12_site-packages["site-packages"]\n    node_venv_lib_python3_12_site-packages --> node_venv_lib_python3_12_site-packages_PyQt6["PyQt6"]\n    node_venv_lib_python3_12_site-packages_PyQt6 --> node_venv_lib_python3_12_site-packages_PyQt6_Qt6["Qt6"]\n    node_venv_lib_python3_12_site-packages_PyQt6_Qt6 --> node_venv_lib_python3_12_site-packages_PyQt6_Qt6_qml["qml"]\n    node_venv_lib_python3_12_site-packages_PyQt6_Qt6_qml --> node_venv_lib_python3_12_site-packages_PyQt6_Qt6_qml_QtQuick["QtQuick"]\n    node_venv_lib_python3_12_site-packages_PyQt6_Qt6_qml_QtQuick --> node_venv_lib_python3_12_site-packages_PyQt6_Qt6_qml_QtQuick_Controls["Controls"]\n    node_venv_lib_python3_12_site-packages_PyQt6_Qt6_qml_QtQuick_Controls --> node_venv_lib_python3_12_site-packages_PyQt6_Qt6_qml_QtQuick_Controls_iOS["iOS"]\n    node_venv_lib_python3_12_site-packages_PyQt6_Qt6_qml_QtQuick_Controls_iOS --> node_venv_lib_python3_12_site-packages_PyQt6_Qt6_qml_QtQuick_Controls_iOS_PageIndicator_qml["PageIndicator.qml"]\n    Root --> node_venv["venv"]\n    node_venv --> node_venv_lib["lib"]\n    node_venv_lib --> node_venv_lib_python3_12["python3.12"]\n    node_venv_lib_python3_12 --> node_venv_lib_python3_12_site-packages["site-packages"]\n    node_venv_lib_python3_12_site-packages --> node_venv_lib_python3_12_site-packages_PyQt6["PyQt6"]\n    node_venv_lib_python3_12_site-packages_PyQt6 --> node_venv_lib_python3_12_site-packages_PyQt6_Qt6["Qt6"]\n    node_venv_lib_python3_12_site-packages_PyQt6_Qt6 --> node_venv_lib_python3_12_site-packages_PyQt6_Qt6_qml["qml"]\n    node_venv_lib_python3_12_site-packages_PyQt6_Qt6_qml --> node_venv_lib_python3_12_site-packages_PyQt6_Qt6_qml_QtQuick["QtQuick"]\n    node_venv_lib_python3_12_site-packages_PyQt6_Qt6_qml_QtQuick --> node_venv_lib_python3_12_site-packages_PyQt6_Qt6_qml_QtQuick_Controls["Controls"]\n    node_venv_lib_python3_12_site-packages_PyQt6_Qt6_qml_QtQuick_Controls --> node_venv_lib_python3_12_site-packages_PyQt6_Qt6_qml_QtQuick_Controls_iOS["iOS"]\n    node_venv_lib_python3_12_site-packages_PyQt6_Qt6_qml_QtQuick_Controls_iOS --> node_venv_lib_python3_12_site-packages_PyQt6_Qt6_qml_QtQuick_Controls_iOS_Popup_qml["Popup.qml"]\n    Root --> node_venv["venv"]\n    node_venv --> node_venv_lib["lib"]\n    node_venv_lib --> node_venv_lib_python3_12["python3.12"]\n    node_venv_lib_python3_12 --> node_venv_lib_python3_12_site-packages["site-packages"]\n    node_venv_lib_python3_12_site-packages --> node_venv_lib_python3_12_site-packages_PyQt6["PyQt6"]\n    node_venv_lib_python3_12_site-packages_PyQt6 --> node_venv_lib_python3_12_site-packages_PyQt6_Qt6["Qt6"]\n    node_venv_lib_python3_12_site-packages_PyQt6_Qt6 --> node_venv_lib_python3_12_site-packages_PyQt6_Qt6_qml["qml"]\n    node_venv_lib_python3_12_site-packages_PyQt6_Qt6_qml --> node_venv_lib_python3_12_site-packages_PyQt6_Qt6_qml_QtQuick["QtQuick"]\n    node_venv_lib_python3_12_site-packages_PyQt6_Qt6_qml_QtQuick --> node_venv_lib_python3_12_site-packages_PyQt6_Qt6_qml_QtQuick_Controls["Controls"]\n    node_venv_lib_python3_12_site-packages_PyQt6_Qt6_qml_QtQuick_Controls --> node_venv_lib_python3_12_site-packages_PyQt6_Qt6_qml_QtQuick_Controls_iOS["iOS"]\n    node_venv_lib_python3_12_site-packages_PyQt6_Qt6_qml_QtQuick_Controls_iOS --> node_venv_lib_python3_12_site-packages_PyQt6_Qt6_qml_QtQuick_Controls_iOS_ProgressBar_qml["ProgressBar.qml"]\n    Root --> node_venv["venv"]\n    node_venv --> node_venv_lib["lib"]\n    node_venv_lib --> node_venv_lib_python3_12["python3.12"]\n    node_venv_lib_python3_12 --> node_venv_lib_python3_12_site-packages["site-packages"]\n    node_venv_lib_python3_12_site-packages --> node_venv_lib_python3_12_site-packages_PyQt6["PyQt6"]\n    node_venv_lib_python3_12_site-packages_PyQt6 --> node_venv_lib_python3_12_site-packages_PyQt6_Qt6["Qt6"]\n    node_venv_lib_python3_12_site-packages_PyQt6_Qt6 --> node_venv_lib_python3_12_site-packages_PyQt6_Qt6_qml["qml"]\n    node_venv_lib_python3_12_site-packages_PyQt6_Qt6_qml --> node_venv_lib_python3_12_site-packages_PyQt6_Qt6_qml_QtQuick["QtQuick"]\n    node_venv_lib_python3_12_site-packages_PyQt6_Qt6_qml_QtQuick --> node_venv_lib_python3_12_site-packages_PyQt6_Qt6_qml_QtQuick_Controls["Controls"]\n    node_venv_lib_python3_12_site-packages_PyQt6_Qt6_qml_QtQuick_Controls --> node_venv_lib_python3_12_site-packages_PyQt6_Qt6_qml_QtQuick_Controls_iOS["iOS"]\n    node_venv_lib_python3_12_site-packages_PyQt6_Qt6_qml_QtQuick_Controls_iOS --> node_venv_lib_python3_12_site-packages_PyQt6_Qt6_qml_QtQuick_Controls_iOS_RadioButton_qml["RadioButton.qml"]\n    Root --> node_venv["venv"]\n    node_venv --> node_venv_lib["lib"]\n    node_venv_lib --> node_venv_lib_python3_12["python3.12"]\n    node_venv_lib_python3_12 --> node_venv_lib_python3_12_site-packages["site-packages"]\n    node_venv_lib_python3_12_site-packages --> node_venv_lib_python3_12_site-packages_PyQt6["PyQt6"]\n    node_venv_lib_python3_12_site-packages_PyQt6 --> node_venv_lib_python3_12_site-packages_PyQt6_Qt6["Qt6"]\n    node_venv_lib_python3_12_site-packages_PyQt6_Qt6 --> node_venv_lib_python3_12_site-packages_PyQt6_Qt6_qml["qml"]\n    node_venv_lib_python3_12_site-packages_PyQt6_Qt6_qml --> node_venv_lib_python3_12_site-packages_PyQt6_Qt6_qml_QtQuick["QtQuick"]\n    node_venv_lib_python3_12_site-packages_PyQt6_Qt6_qml_QtQuick --> node_venv_lib_python3_12_site-packages_PyQt6_Qt6_qml_QtQuick_Controls["Controls"]\n    node_venv_lib_python3_12_site-packages_PyQt6_Qt6_qml_QtQuick_Controls --> node_venv_lib_python3_12_site-packages_PyQt6_Qt6_qml_QtQuick_Controls_iOS["iOS"]\n    node_venv_lib_python3_12_site-packages_PyQt6_Qt6_qml_QtQuick_Controls_iOS --> node_venv_lib_python3_12_site-packages_PyQt6_Qt6_qml_QtQuick_Controls_iOS_RadioDelegate_qml["RadioDelegate.qml"]\n    Root --> node_venv["venv"]\n    node_venv --> node_venv_lib["lib"]\n    node_venv_lib --> node_venv_lib_python3_12["python3.12"]\n    node_venv_lib_python3_12 --> node_venv_lib_python3_12_site-packages["site-packages"]\n    node_venv_lib_python3_12_site-packages --> node_venv_lib_python3_12_site-packages_PyQt6["PyQt6"]\n    node_venv_lib_python3_12_site-packages_PyQt6 --> node_venv_lib_python3_12_site-packages_PyQt6_Qt6["Qt6"]\n    node_venv_lib_python3_12_site-packages_PyQt6_Qt6 --> node_venv_lib_python3_12_site-packages_PyQt6_Qt6_qml["qml"]\n    node_venv_lib_python3_12_site-packages_PyQt6_Qt6_qml --> node_venv_lib_python3_12_site-packages_PyQt6_Qt6_qml_QtQuick["QtQuick"]\n    node_venv_lib_python3_12_site-packages_PyQt6_Qt6_qml_QtQuick --> node_venv_lib_python3_12_site-packages_PyQt6_Qt6_qml_QtQuick_Controls["Controls"]\n    node_venv_lib_python3_12_site-packages_PyQt6_Qt6_qml_QtQuick_Controls --> node_venv_lib_python3_12_site-packages_PyQt6_Qt6_qml_QtQuick_Controls_iOS["iOS"]\n    node_venv_lib_python3_12_site-packages_PyQt6_Qt6_qml_QtQuick_Controls_iOS --> node_venv_lib_python3_12_site-packages_PyQt6_Qt6_qml_QtQuick_Controls_iOS_RangeSlider_qml["RangeSlider.qml"]\n    Root --> node_venv["venv"]\n    node_venv --> node_venv_lib["lib"]\n    node_venv_lib --> node_venv_lib_python3_12["python3.12"]\n    node_venv_lib_python3_12 --> node_venv_lib_python3_12_site-packages["site-packages"]\n    node_venv_lib_python3_12_site-packages --> node_venv_lib_python3_12_site-packages_PyQt6["PyQt6"]\n    node_venv_lib_python3_12_site-packages_PyQt6 --> node_venv_lib_python3_12_site-packages_PyQt6_Qt6["Qt6"]\n    node_venv_lib_python3_12_site-packages_PyQt6_Qt6 --> node_venv_lib_python3_12_site-packages_PyQt6_Qt6_qml["qml"]\n    node_venv_lib_python3_12_site-packages_PyQt6_Qt6_qml --> node_venv_lib_python3_12_site-packages_PyQt6_Qt6_qml_QtQuick["QtQuick"]\n    node_venv_lib_python3_12_site-packages_PyQt6_Qt6_qml_QtQuick --> node_venv_lib_python3_12_site-packages_PyQt6_Qt6_qml_QtQuick_Controls["Controls"]\n    node_venv_lib_python3_12_site-packages_PyQt6_Qt6_qml_QtQuick_Controls --> node_venv_lib_python3_12_site-packages_PyQt6_Qt6_qml_QtQuick_Controls_iOS["iOS"]\n    node_venv_lib_python3_12_site-packages_PyQt6_Qt6_qml_QtQuick_Controls_iOS --> node_venv_lib_python3_12_site-packages_PyQt6_Qt6_qml_QtQuick_Controls_iOS_ScrollBar_qml["ScrollBar.qml"]\n    Root --> node_venv["venv"]\n    node_venv --> node_venv_lib["lib"]\n    node_venv_lib --> node_venv_lib_python3_12["python3.12"]\n    node_venv_lib_python3_12 --> node_venv_lib_python3_12_site-packages["site-packages"]\n    node_venv_lib_python3_12_site-packages --> node_venv_lib_python3_12_site-packages_PyQt6["PyQt6"]\n    node_venv_lib_python3_12_site-packages_PyQt6 --> node_venv_lib_python3_12_site-packages_PyQt6_Qt6["Qt6"]\n    node_venv_lib_python3_12_site-packages_PyQt6_Qt6 --> node_venv_lib_python3_12_site-packages_PyQt6_Qt6_qml["qml"]\n    node_venv_lib_python3_12_site-packages_PyQt6_Qt6_qml --> node_venv_lib_python3_12_site-packages_PyQt6_Qt6_qml_QtQuick["QtQuick"]\n    node_venv_lib_python3_12_site-packages_PyQt6_Qt6_qml_QtQuick --> node_venv_lib_python3_12_site-packages_PyQt6_Qt6_qml_QtQuick_Controls["Controls"]\n    node_venv_lib_python3_12_site-packages_PyQt6_Qt6_qml_QtQuick_Controls --> node_venv_lib_python3_12_site-packages_PyQt6_Qt6_qml_QtQuick_Controls_iOS["iOS"]\n    node_venv_lib_python3_12_site-packages_PyQt6_Qt6_qml_QtQuick_Controls_iOS --> node_venv_lib_python3_12_site-packages_PyQt6_Qt6_qml_QtQuick_Controls_iOS_ScrollIndicator_qml["ScrollIndicator.qml"]\n    Root --> node_venv["venv"]\n    node_venv --> node_venv_lib["lib"]\n    node_venv_lib --> node_venv_lib_python3_12["python3.12"]\n    node_venv_lib_python3_12 --> node_venv_lib_python3_12_site-packages["site-packages"]\n    node_venv_lib_python3_12_site-packages --> node_venv_lib_python3_12_site-packages_PyQt6["PyQt6"]\n    node_venv_lib_python3_12_site-packages_PyQt6 --> node_venv_lib_python3_12_site-packages_PyQt6_Qt6["Qt6"]\n    node_venv_lib_python3_12_site-packages_PyQt6_Qt6 --> node_venv_lib_python3_12_site-packages_PyQt6_Qt6_qml["qml"]\n    node_venv_lib_python3_12_site-packages_PyQt6_Qt6_qml --> node_venv_lib_python3_12_site-packages_PyQt6_Qt6_qml_QtQuick["QtQuick"]\n    node_venv_lib_python3_12_site-packages_PyQt6_Qt6_qml_QtQuick --> node_venv_lib_python3_12_site-packages_PyQt6_Qt6_qml_QtQuick_Controls["Controls"]\n    node_venv_lib_python3_12_site-packages_PyQt6_Qt6_qml_QtQuick_Controls --> node_venv_lib_python3_12_site-packages_PyQt6_Qt6_qml_QtQuick_Controls_iOS["iOS"]\n    node_venv_lib_python3_12_site-packages_PyQt6_Qt6_qml_QtQuick_Controls_iOS --> node_venv_lib_python3_12_site-packages_PyQt6_Qt6_qml_QtQuick_Controls_iOS_SearchField_qml["SearchField.qml"]\n    Root --> node_venv["venv"]\n    node_venv --> node_venv_lib["lib"]\n    node_venv_lib --> node_venv_lib_python3_12["python3.12"]\n    node_venv_lib_python3_12 --> node_venv_lib_python3_12_site-packages["site-packages"]\n    node_venv_lib_python3_12_site-packages --> node_venv_lib_python3_12_site-packages_PyQt6["PyQt6"]\n    node_venv_lib_python3_12_site-packages_PyQt6 --> node_venv_lib_python3_12_site-packages_PyQt6_Qt6["Qt6"]\n    node_venv_lib_python3_12_site-packages_PyQt6_Qt6 --> node_venv_lib_python3_12_site-packages_PyQt6_Qt6_qml["qml"]\n    node_venv_lib_python3_12_site-packages_PyQt6_Qt6_qml --> node_venv_lib_python3_12_site-packages_PyQt6_Qt6_qml_QtQuick["QtQuick"]\n    node_venv_lib_python3_12_site-packages_PyQt6_Qt6_qml_QtQuick --> node_venv_lib_python3_12_site-packages_PyQt6_Qt6_qml_QtQuick_Controls["Controls"]\n    node_venv_lib_python3_12_site-packages_PyQt6_Qt6_qml_QtQuick_Controls --> node_venv_lib_python3_12_site-packages_PyQt6_Qt6_qml_QtQuick_Controls_iOS["iOS"]\n    node_venv_lib_python3_12_site-packages_PyQt6_Qt6_qml_QtQuick_Controls_iOS --> node_venv_lib_python3_12_site-packages_PyQt6_Qt6_qml_QtQuick_Controls_iOS_SelectionRectangle_qml["SelectionRectangle.qml"]\n    Root --> node_venv["venv"]\n    node_venv --> node_venv_lib["lib"]\n    node_venv_lib --> node_venv_lib_python3_12["python3.12"]\n    node_venv_lib_python3_12 --> node_venv_lib_python3_12_site-packages["site-packages"]\n    node_venv_lib_python3_12_site-packages --> node_venv_lib_python3_12_site-packages_PyQt6["PyQt6"]\n    node_venv_lib_python3_12_site-packages_PyQt6 --> node_venv_lib_python3_12_site-packages_PyQt6_Qt6["Qt6"]\n    node_venv_lib_python3_12_site-packages_PyQt6_Qt6 --> node_venv_lib_python3_12_site-packages_PyQt6_Qt6_qml["qml"]\n    node_venv_lib_python3_12_site-packages_PyQt6_Qt6_qml --> node_venv_lib_python3_12_site-packages_PyQt6_Qt6_qml_QtQuick["QtQuick"]\n    node_venv_lib_python3_12_site-packages_PyQt6_Qt6_qml_QtQuick --> node_venv_lib_python3_12_site-packages_PyQt6_Qt6_qml_QtQuick_Controls["Controls"]\n    node_venv_lib_python3_12_site-packages_PyQt6_Qt6_qml_QtQuick_Controls --> node_venv_lib_python3_12_site-packages_PyQt6_Qt6_qml_QtQuick_Controls_iOS["iOS"]\n    node_venv_lib_python3_12_site-packages_PyQt6_Qt6_qml_QtQuick_Controls_iOS --> node_venv_lib_python3_12_site-packages_PyQt6_Qt6_qml_QtQuick_Controls_iOS_Slider_qml["Slider.qml"]\n    Root --> node_venv["venv"]\n    node_venv --> node_venv_lib["lib"]\n    node_venv_lib --> node_venv_lib_python3_12["python3.12"]\n    node_venv_lib_python3_12 --> node_venv_lib_python3_12_site-packages["site-packages"]\n    node_venv_lib_python3_12_site-packages --> node_venv_lib_python3_12_site-packages_PyQt6["PyQt6"]\n    node_venv_lib_python3_12_site-packages_PyQt6 --> node_venv_lib_python3_12_site-packages_PyQt6_Qt6["Qt6"]\n    node_venv_lib_python3_12_site-packages_PyQt6_Qt6 --> node_venv_lib_python3_12_site-packages_PyQt6_Qt6_qml["qml"]\n    node_venv_lib_python3_12_site-packages_PyQt6_Qt6_qml --> node_venv_lib_python3_12_site-packages_PyQt6_Qt6_qml_QtQuick["QtQuick"]\n    node_venv_lib_python3_12_site-packages_PyQt6_Qt6_qml_QtQuick --> node_venv_lib_python3_12_site-packages_PyQt6_Qt6_qml_QtQuick_Controls["Controls"]\n    node_venv_lib_python3_12_site-packages_PyQt6_Qt6_qml_QtQuick_Controls --> node_venv_lib_python3_12_site-packages_PyQt6_Qt6_qml_QtQuick_Controls_iOS["iOS"]\n    node_venv_lib_python3_12_site-packages_PyQt6_Qt6_qml_QtQuick_Controls_iOS --> node_venv_lib_python3_12_site-packages_PyQt6_Qt6_qml_QtQuick_Controls_iOS_SpinBox_qml["SpinBox.qml"]\n    Root --> node_venv["venv"]\n    node_venv --> node_venv_lib["lib"]\n    node_venv_lib --> node_venv_lib_python3_12["python3.12"]\n    node_venv_lib_python3_12 --> node_venv_lib_python3_12_site-packages["site-packages"]\n    node_venv_lib_python3_12_site-packages --> node_venv_lib_python3_12_site-packages_PyQt6["PyQt6"]\n    node_venv_lib_python3_12_site-packages_PyQt6 --> node_venv_lib_python3_12_site-packages_PyQt6_Qt6["Qt6"]\n    node_venv_lib_python3_12_site-packages_PyQt6_Qt6 --> node_venv_lib_python3_12_site-packages_PyQt6_Qt6_qml["qml"]\n    node_venv_lib_python3_12_site-packages_PyQt6_Qt6_qml --> node_venv_lib_python3_12_site-packages_PyQt6_Qt6_qml_QtQuick["QtQuick"]\n    node_venv_lib_python3_12_site-packages_PyQt6_Qt6_qml_QtQuick --> node_venv_lib_python3_12_site-packages_PyQt6_Qt6_qml_QtQuick_Controls["Controls"]\n    node_venv_lib_python3_12_site-packages_PyQt6_Qt6_qml_QtQuick_Controls --> node_venv_lib_python3_12_site-packages_PyQt6_Qt6_qml_QtQuick_Controls_iOS["iOS"]\n    node_venv_lib_python3_12_site-packages_PyQt6_Qt6_qml_QtQuick_Controls_iOS --> node_venv_lib_python3_12_site-packages_PyQt6_Qt6_qml_QtQuick_Controls_iOS_SplitView_qml["SplitView.qml"]\n    Root --> node_venv["venv"]\n    node_venv --> node_venv_lib["lib"]\n    node_venv_lib --> node_venv_lib_python3_12["python3.12"]\n    node_venv_lib_python3_12 --> node_venv_lib_python3_12_site-packages["site-packages"]\n    node_venv_lib_python3_12_site-packages --> node_venv_lib_python3_12_site-packages_PyQt6["PyQt6"]\n    node_venv_lib_python3_12_site-packages_PyQt6 --> node_venv_lib_python3_12_site-packages_PyQt6_Qt6["Qt6"]\n    node_venv_lib_python3_12_site-packages_PyQt6_Qt6 --> node_venv_lib_python3_12_site-packages_PyQt6_Qt6_qml["qml"]\n    node_venv_lib_python3_12_site-packages_PyQt6_Qt6_qml --> node_venv_lib_python3_12_site-packages_PyQt6_Qt6_qml_QtQuick["QtQuick"]\n    node_venv_lib_python3_12_site-packages_PyQt6_Qt6_qml_QtQuick --> node_venv_lib_python3_12_site-packages_PyQt6_Qt6_qml_QtQuick_Controls["Controls"]\n    node_venv_lib_python3_12_site-packages_PyQt6_Qt6_qml_QtQuick_Controls --> node_venv_lib_python3_12_site-packages_PyQt6_Qt6_qml_QtQuick_Controls_iOS["iOS"]\n    node_venv_lib_python3_12_site-packages_PyQt6_Qt6_qml_QtQuick_Controls_iOS --> node_venv_lib_python3_12_site-packages_PyQt6_Qt6_qml_QtQuick_Controls_iOS_StackView_qml["StackView.qml"]\n    Root --> node_venv["venv"]\n    node_venv --> node_venv_lib["lib"]\n    node_venv_lib --> node_venv_lib_python3_12["python3.12"]\n    node_venv_lib_python3_12 --> node_venv_lib_python3_12_site-packages["site-packages"]\n    node_venv_lib_python3_12_site-packages --> node_venv_lib_python3_12_site-packages_PyQt6["PyQt6"]\n    node_venv_lib_python3_12_site-packages_PyQt6 --> node_venv_lib_python3_12_site-packages_PyQt6_Qt6["Qt6"]\n    node_venv_lib_python3_12_site-packages_PyQt6_Qt6 --> node_venv_lib_python3_12_site-packages_PyQt6_Qt6_qml["qml"]\n    node_venv_lib_python3_12_site-packages_PyQt6_Qt6_qml --> node_venv_lib_python3_12_site-packages_PyQt6_Qt6_qml_QtQuick["QtQuick"]\n    node_venv_lib_python3_12_site-packages_PyQt6_Qt6_qml_QtQuick --> node_venv_lib_python3_12_site-packages_PyQt6_Qt6_qml_QtQuick_Controls["Controls"]\n    node_venv_lib_python3_12_site-packages_PyQt6_Qt6_qml_QtQuick_Controls --> node_venv_lib_python3_12_site-packages_PyQt6_Qt6_qml_QtQuick_Controls_iOS["iOS"]\n    node_venv_lib_python3_12_site-packages_PyQt6_Qt6_qml_QtQuick_Controls_iOS --> node_venv_lib_python3_12_site-packages_PyQt6_Qt6_qml_QtQuick_Controls_iOS_SwipeDelegate_qml["SwipeDelegate.qml"]\n    Root --> node_venv["venv"]\n    node_venv --> node_venv_lib["lib"]\n    node_venv_lib --> node_venv_lib_python3_12["python3.12"]\n    node_venv_lib_python3_12 --> node_venv_lib_python3_12_site-packages["site-packages"]\n    node_venv_lib_python3_12_site-packages --> node_venv_lib_python3_12_site-packages_PyQt6["PyQt6"]\n    node_venv_lib_python3_12_site-packages_PyQt6 --> node_venv_lib_python3_12_site-packages_PyQt6_Qt6["Qt6"]\n    node_venv_lib_python3_12_site-packages_PyQt6_Qt6 --> node_venv_lib_python3_12_site-packages_PyQt6_Qt6_qml["qml"]\n    node_venv_lib_python3_12_site-packages_PyQt6_Qt6_qml --> node_venv_lib_python3_12_site-packages_PyQt6_Qt6_qml_QtQuick["QtQuick"]\n    node_venv_lib_python3_12_site-packages_PyQt6_Qt6_qml_QtQuick --> node_venv_lib_python3_12_site-packages_PyQt6_Qt6_qml_QtQuick_Controls["Controls"]\n    node_venv_lib_python3_12_site-packages_PyQt6_Qt6_qml_QtQuick_Controls --> node_venv_lib_python3_12_site-packages_PyQt6_Qt6_qml_QtQuick_Controls_iOS["iOS"]\n    node_venv_lib_python3_12_site-packages_PyQt6_Qt6_qml_QtQuick_Controls_iOS --> node_venv_lib_python3_12_site-packages_PyQt6_Qt6_qml_QtQuick_Controls_iOS_Switch_qml["Switch.qml"]\n    Root --> node_venv["venv"]\n    node_venv --> node_venv_lib["lib"]\n    node_venv_lib --> node_venv_lib_python3_12["python3.12"]\n    node_venv_lib_python3_12 --> node_venv_lib_python3_12_site-packages["site-packages"]\n    node_venv_lib_python3_12_site-packages --> node_venv_lib_python3_12_site-packages_PyQt6["PyQt6"]\n    node_venv_lib_python3_12_site-packages_PyQt6 --> node_venv_lib_python3_12_site-packages_PyQt6_Qt6["Qt6"]\n    node_venv_lib_python3_12_site-packages_PyQt6_Qt6 --> node_venv_lib_python3_12_site-packages_PyQt6_Qt6_qml["qml"]\n    node_venv_lib_python3_12_site-packages_PyQt6_Qt6_qml --> node_venv_lib_python3_12_site-packages_PyQt6_Qt6_qml_QtQuick["QtQuick"]\n    node_venv_lib_python3_12_site-packages_PyQt6_Qt6_qml_QtQuick --> node_venv_lib_python3_12_site-packages_PyQt6_Qt6_qml_QtQuick_Controls["Controls"]\n    node_venv_lib_python3_12_site-packages_PyQt6_Qt6_qml_QtQuick_Controls --> node_venv_lib_python3_12_site-packages_PyQt6_Qt6_qml_QtQuick_Controls_iOS["iOS"]\n    node_venv_lib_python3_12_site-packages_PyQt6_Qt6_qml_QtQuick_Controls_iOS --> node_venv_lib_python3_12_site-packages_PyQt6_Qt6_qml_QtQuick_Controls_iOS_SwitchDelegate_qml["SwitchDelegate.qml"]\n    Root --> node_venv["venv"]\n    node_venv --> node_venv_lib["lib"]\n    node_venv_lib --> node_venv_lib_python3_12["python3.12"]\n    node_venv_lib_python3_12 --> node_venv_lib_python3_12_site-packages["site-packages"]\n    node_venv_lib_python3_12_site-packages --> node_venv_lib_python3_12_site-packages_PyQt6["PyQt6"]\n    node_venv_lib_python3_12_site-packages_PyQt6 --> node_venv_lib_python3_12_site-packages_PyQt6_Qt6["Qt6"]\n    node_venv_lib_python3_12_site-packages_PyQt6_Qt6 --> node_venv_lib_python3_12_site-packages_PyQt6_Qt6_qml["qml"]\n    node_venv_lib_python3_12_site-packages_PyQt6_Qt6_qml --> node_venv_lib_python3_12_site-packages_PyQt6_Qt6_qml_QtQuick["QtQuick"]\n    node_venv_lib_python3_12_site-packages_PyQt6_Qt6_qml_QtQuick --> node_venv_lib_python3_12_site-packages_PyQt6_Qt6_qml_QtQuick_Controls["Controls"]\n    node_venv_lib_python3_12_site-packages_PyQt6_Qt6_qml_QtQuick_Controls --> node_venv_lib_python3_12_site-packages_PyQt6_Qt6_qml_QtQuick_Controls_iOS["iOS"]\n    node_venv_lib_python3_12_site-packages_PyQt6_Qt6_qml_QtQuick_Controls_iOS --> node_venv_lib_python3_12_site-packages_PyQt6_Qt6_qml_QtQuick_Controls_iOS_TabBar_qml["TabBar.qml"]\n    Root --> node_venv["venv"]\n    node_venv --> node_venv_lib["lib"]\n    node_venv_lib --> node_venv_lib_python3_12["python3.12"]\n    node_venv_lib_python3_12 --> node_venv_lib_python3_12_site-packages["site-packages"]\n    node_venv_lib_python3_12_site-packages --> node_venv_lib_python3_12_site-packages_PyQt6["PyQt6"]\n    node_venv_lib_python3_12_site-packages_PyQt6 --> node_venv_lib_python3_12_site-packages_PyQt6_Qt6["Qt6"]\n    node_venv_lib_python3_12_site-packages_PyQt6_Qt6 --> node_venv_lib_python3_12_site-packages_PyQt6_Qt6_qml["qml"]\n    node_venv_lib_python3_12_site-packages_PyQt6_Qt6_qml --> node_venv_lib_python3_12_site-packages_PyQt6_Qt6_qml_QtQuick["QtQuick"]\n    node_venv_lib_python3_12_site-packages_PyQt6_Qt6_qml_QtQuick --> node_venv_lib_python3_12_site-packages_PyQt6_Qt6_qml_QtQuick_Controls["Controls"]\n    node_venv_lib_python3_12_site-packages_PyQt6_Qt6_qml_QtQuick_Controls --> node_venv_lib_python3_12_site-packages_PyQt6_Qt6_qml_QtQuick_Controls_iOS["iOS"]\n    node_venv_lib_python3_12_site-packages_PyQt6_Qt6_qml_QtQuick_Controls_iOS --> node_venv_lib_python3_12_site-packages_PyQt6_Qt6_qml_QtQuick_Controls_iOS_TabButton_qml["TabButton.qml"]\n    Root --> node_venv["venv"]\n    node_venv --> node_venv_lib["lib"]\n    node_venv_lib --> node_venv_lib_python3_12["python3.12"]\n    node_venv_lib_python3_12 --> node_venv_lib_python3_12_site-packages["site-packages"]\n    node_venv_lib_python3_12_site-packages --> node_venv_lib_python3_12_site-packages_PyQt6["PyQt6"]\n    node_venv_lib_python3_12_site-packages_PyQt6 --> node_venv_lib_python3_12_site-packages_PyQt6_Qt6["Qt6"]\n    node_venv_lib_python3_12_site-packages_PyQt6_Qt6 --> node_venv_lib_python3_12_site-packages_PyQt6_Qt6_qml["qml"]\n    node_venv_lib_python3_12_site-packages_PyQt6_Qt6_qml --> node_venv_lib_python3_12_site-packages_PyQt6_Qt6_qml_QtQuick["QtQuick"]\n    node_venv_lib_python3_12_site-packages_PyQt6_Qt6_qml_QtQuick --> node_venv_lib_python3_12_site-packages_PyQt6_Qt6_qml_QtQuick_Controls["Controls"]\n    node_venv_lib_python3_12_site-packages_PyQt6_Qt6_qml_QtQuick_Controls --> node_venv_lib_python3_12_site-packages_PyQt6_Qt6_qml_QtQuick_Controls_iOS["iOS"]\n    node_venv_lib_python3_12_site-packages_PyQt6_Qt6_qml_QtQuick_Controls_iOS --> node_venv_lib_python3_12_site-packages_PyQt6_Qt6_qml_QtQuick_Controls_iOS_TextArea_qml["TextArea.qml"]\n    Root --> node_venv["venv"]\n    node_venv --> node_venv_lib["lib"]\n    node_venv_lib --> node_venv_lib_python3_12["python3.12"]\n    node_venv_lib_python3_12 --> node_venv_lib_python3_12_site-packages["site-packages"]\n    node_venv_lib_python3_12_site-packages --> node_venv_lib_python3_12_site-packages_PyQt6["PyQt6"]\n    node_venv_lib_python3_12_site-packages_PyQt6 --> node_venv_lib_python3_12_site-packages_PyQt6_Qt6["Qt6"]\n    node_venv_lib_python3_12_site-packages_PyQt6_Qt6 --> node_venv_lib_python3_12_site-packages_PyQt6_Qt6_qml["qml"]\n    node_venv_lib_python3_12_site-packages_PyQt6_Qt6_qml --> node_venv_lib_python3_12_site-packages_PyQt6_Qt6_qml_QtQuick["QtQuick"]\n    node_venv_lib_python3_12_site-packages_PyQt6_Qt6_qml_QtQuick --> node_venv_lib_python3_12_site-packages_PyQt6_Qt6_qml_QtQuick_Controls["Controls"]\n    node_venv_lib_python3_12_site-packages_PyQt6_Qt6_qml_QtQuick_Controls --> node_venv_lib_python3_12_site-packages_PyQt6_Qt6_qml_QtQuick_Controls_iOS["iOS"]\n    node_venv_lib_python3_12_site-packages_PyQt6_Qt6_qml_QtQuick_Controls_iOS --> node_venv_lib_python3_12_site-packages_PyQt6_Qt6_qml_QtQuick_Controls_iOS_TextField_qml["TextField.qml"]\n    Root --> node_venv["venv"]\n    node_venv --> node_venv_lib["lib"]\n    node_venv_lib --> node_venv_lib_python3_12["python3.12"]\n    node_venv_lib_python3_12 --> node_venv_lib_python3_12_site-packages["site-packages"]\n    node_venv_lib_python3_12_site-packages --> node_venv_lib_python3_12_site-packages_PyQt6["PyQt6"]\n    node_venv_lib_python3_12_site-packages_PyQt6 --> node_venv_lib_python3_12_site-packages_PyQt6_Qt6["Qt6"]\n    node_venv_lib_python3_12_site-packages_PyQt6_Qt6 --> node_venv_lib_python3_12_site-packages_PyQt6_Qt6_qml["qml"]\n    node_venv_lib_python3_12_site-packages_PyQt6_Qt6_qml --> node_venv_lib_python3_12_site-packages_PyQt6_Qt6_qml_QtQuick["QtQuick"]\n    node_venv_lib_python3_12_site-packages_PyQt6_Qt6_qml_QtQuick --> node_venv_lib_python3_12_site-packages_PyQt6_Qt6_qml_QtQuick_Controls["Controls"]\n    node_venv_lib_python3_12_site-packages_PyQt6_Qt6_qml_QtQuick_Controls --> node_venv_lib_python3_12_site-packages_PyQt6_Qt6_qml_QtQuick_Controls_iOS["iOS"]\n    node_venv_lib_python3_12_site-packages_PyQt6_Qt6_qml_QtQuick_Controls_iOS --> node_venv_lib_python3_12_site-packages_PyQt6_Qt6_qml_QtQuick_Controls_iOS_ToolBar_qml["ToolBar.qml"]\n    Root --> node_venv["venv"]\n    node_venv --> node_venv_lib["lib"]\n    node_venv_lib --> node_venv_lib_python3_12["python3.12"]\n    node_venv_lib_python3_12 --> node_venv_lib_python3_12_site-packages["site-packages"]\n    node_venv_lib_python3_12_site-packages --> node_venv_lib_python3_12_site-packages_PyQt6["PyQt6"]\n    node_venv_lib_python3_12_site-packages_PyQt6 --> node_venv_lib_python3_12_site-packages_PyQt6_Qt6["Qt6"]\n    node_venv_lib_python3_12_site-packages_PyQt6_Qt6 --> node_venv_lib_python3_12_site-packages_PyQt6_Qt6_qml["qml"]\n    node_venv_lib_python3_12_site-packages_PyQt6_Qt6_qml --> node_venv_lib_python3_12_site-packages_PyQt6_Qt6_qml_QtQuick["QtQuick"]\n    node_venv_lib_python3_12_site-packages_PyQt6_Qt6_qml_QtQuick --> node_venv_lib_python3_12_site-packages_PyQt6_Qt6_qml_QtQuick_Controls["Controls"]\n    node_venv_lib_python3_12_site-packages_PyQt6_Qt6_qml_QtQuick_Controls --> node_venv_lib_python3_12_site-packages_PyQt6_Qt6_qml_QtQuick_Controls_iOS["iOS"]\n    node_venv_lib_python3_12_site-packages_PyQt6_Qt6_qml_QtQuick_Controls_iOS --> node_venv_lib_python3_12_site-packages_PyQt6_Qt6_qml_QtQuick_Controls_iOS_ToolButton_qml["ToolButton.qml"]\n    Root --> node_venv["venv"]\n    node_venv --> node_venv_lib["lib"]\n    node_venv_lib --> node_venv_lib_python3_12["python3.12"]\n    node_venv_lib_python3_12 --> node_venv_lib_python3_12_site-packages["site-packages"]\n    node_venv_lib_python3_12_site-packages --> node_venv_lib_python3_12_site-packages_PyQt6["PyQt6"]\n    node_venv_lib_python3_12_site-packages_PyQt6 --> node_venv_lib_python3_12_site-packages_PyQt6_Qt6["Qt6"]\n    node_venv_lib_python3_12_site-packages_PyQt6_Qt6 --> node_venv_lib_python3_12_site-packages_PyQt6_Qt6_qml["qml"]\n    node_venv_lib_python3_12_site-packages_PyQt6_Qt6_qml --> node_venv_lib_python3_12_site-packages_PyQt6_Qt6_qml_QtQuick["QtQuick"]\n    node_venv_lib_python3_12_site-packages_PyQt6_Qt6_qml_QtQuick --> node_venv_lib_python3_12_site-packages_PyQt6_Qt6_qml_QtQuick_Controls["Controls"]\n    node_venv_lib_python3_12_site-packages_PyQt6_Qt6_qml_QtQuick_Controls --> node_venv_lib_python3_12_site-packages_PyQt6_Qt6_qml_QtQuick_Controls_iOS["iOS"]\n    node_venv_lib_python3_12_site-packages_PyQt6_Qt6_qml_QtQuick_Controls_iOS --> node_venv_lib_python3_12_site-packages_PyQt6_Qt6_qml_QtQuick_Controls_iOS_ToolSeparator_qml["ToolSeparator.qml"]\n    Root --> node_venv["venv"]\n    node_venv --> node_venv_lib["lib"]\n    node_venv_lib --> node_venv_lib_python3_12["python3.12"]\n    node_venv_lib_python3_12 --> node_venv_lib_python3_12_site-packages["site-packages"]\n    node_venv_lib_python3_12_site-packages --> node_venv_lib_python3_12_site-packages_PyQt6["PyQt6"]\n    node_venv_lib_python3_12_site-packages_PyQt6 --> node_venv_lib_python3_12_site-packages_PyQt6_Qt6["Qt6"]\n    node_venv_lib_python3_12_site-packages_PyQt6_Qt6 --> node_venv_lib_python3_12_site-packages_PyQt6_Qt6_qml["qml"]\n    node_venv_lib_python3_12_site-packages_PyQt6_Qt6_qml --> node_venv_lib_python3_12_site-packages_PyQt6_Qt6_qml_QtQuick["QtQuick"]\n    node_venv_lib_python3_12_site-packages_PyQt6_Qt6_qml_QtQuick --> node_venv_lib_python3_12_site-packages_PyQt6_Qt6_qml_QtQuick_Controls["Controls"]\n    node_venv_lib_python3_12_site-packages_PyQt6_Qt6_qml_QtQuick_Controls --> node_venv_lib_python3_12_site-packages_PyQt6_Qt6_qml_QtQuick_Controls_iOS["iOS"]\n    node_venv_lib_python3_12_site-packages_PyQt6_Qt6_qml_QtQuick_Controls_iOS --> node_venv_lib_python3_12_site-packages_PyQt6_Qt6_qml_QtQuick_Controls_iOS_ToolTip_qml["ToolTip.qml"]\n    Root --> node_venv["venv"]\n    node_venv --> node_venv_lib["lib"]\n    node_venv_lib --> node_venv_lib_python3_12["python3.12"]\n    node_venv_lib_python3_12 --> node_venv_lib_python3_12_site-packages["site-packages"]\n    node_venv_lib_python3_12_site-packages --> node_venv_lib_python3_12_site-packages_PyQt6["PyQt6"]\n    node_venv_lib_python3_12_site-packages_PyQt6 --> node_venv_lib_python3_12_site-packages_PyQt6_Qt6["Qt6"]\n    node_venv_lib_python3_12_site-packages_PyQt6_Qt6 --> node_venv_lib_python3_12_site-packages_PyQt6_Qt6_qml["qml"]\n    node_venv_lib_python3_12_site-packages_PyQt6_Qt6_qml --> node_venv_lib_python3_12_site-packages_PyQt6_Qt6_qml_QtQuick["QtQuick"]\n    node_venv_lib_python3_12_site-packages_PyQt6_Qt6_qml_QtQuick --> node_venv_lib_python3_12_site-packages_PyQt6_Qt6_qml_QtQuick_Controls["Controls"]\n    node_venv_lib_python3_12_site-packages_PyQt6_Qt6_qml_QtQuick_Controls --> node_venv_lib_python3_12_site-packages_PyQt6_Qt6_qml_QtQuick_Controls_iOS["iOS"]\n    node_venv_lib_python3_12_site-packages_PyQt6_Qt6_qml_QtQuick_Controls_iOS --> node_venv_lib_python3_12_site-packages_PyQt6_Qt6_qml_QtQuick_Controls_iOS_TreeViewDelegate_qml["TreeViewDelegate.qml"]\n    Root --> node_venv["venv"]\n    node_venv --> node_venv_lib["lib"]\n    node_venv_lib --> node_venv_lib_python3_12["python3.12"]\n    node_venv_lib_python3_12 --> node_venv_lib_python3_12_site-packages["site-packages"]\n    node_venv_lib_python3_12_site-packages --> node_venv_lib_python3_12_site-packages_PyQt6["PyQt6"]\n    node_venv_lib_python3_12_site-packages_PyQt6 --> node_venv_lib_python3_12_site-packages_PyQt6_Qt6["Qt6"]\n    node_venv_lib_python3_12_site-packages_PyQt6_Qt6 --> node_venv_lib_python3_12_site-packages_PyQt6_Qt6_qml["qml"]\n    node_venv_lib_python3_12_site-packages_PyQt6_Qt6_qml --> node_venv_lib_python3_12_site-packages_PyQt6_Qt6_qml_QtQuick["QtQuick"]\n    node_venv_lib_python3_12_site-packages_PyQt6_Qt6_qml_QtQuick --> node_venv_lib_python3_12_site-packages_PyQt6_Qt6_qml_QtQuick_Controls["Controls"]\n    node_venv_lib_python3_12_site-packages_PyQt6_Qt6_qml_QtQuick_Controls --> node_venv_lib_python3_12_site-packages_PyQt6_Qt6_qml_QtQuick_Controls_iOS["iOS"]\n    node_venv_lib_python3_12_site-packages_PyQt6_Qt6_qml_QtQuick_Controls_iOS --> node_venv_lib_python3_12_site-packages_PyQt6_Qt6_qml_QtQuick_Controls_iOS_VerticalHeaderView_qml["VerticalHeaderView.qml"]\n    Root --> node_venv["venv"]\n    node_venv --> node_venv_lib["lib"]\n    node_venv_lib --> node_venv_lib_python3_12["python3.12"]\n    node_venv_lib_python3_12 --> node_venv_lib_python3_12_site-packages["site-packages"]\n    node_venv_lib_python3_12_site-packages --> node_venv_lib_python3_12_site-packages_PyQt6["PyQt6"]\n    node_venv_lib_python3_12_site-packages_PyQt6 --> node_venv_lib_python3_12_site-packages_PyQt6_Qt6["Qt6"]\n    node_venv_lib_python3_12_site-packages_PyQt6_Qt6 --> node_venv_lib_python3_12_site-packages_PyQt6_Qt6_qml["qml"]\n    node_venv_lib_python3_12_site-packages_PyQt6_Qt6_qml --> node_venv_lib_python3_12_site-packages_PyQt6_Qt6_qml_QtQuick["QtQuick"]\n    node_venv_lib_python3_12_site-packages_PyQt6_Qt6_qml_QtQuick --> node_venv_lib_python3_12_site-packages_PyQt6_Qt6_qml_QtQuick_Controls["Controls"]\n    node_venv_lib_python3_12_site-packages_PyQt6_Qt6_qml_QtQuick_Controls --> node_venv_lib_python3_12_site-packages_PyQt6_Qt6_qml_QtQuick_Controls_iOS["iOS"]\n    node_venv_lib_python3_12_site-packages_PyQt6_Qt6_qml_QtQuick_Controls_iOS --> node_venv_lib_python3_12_site-packages_PyQt6_Qt6_qml_QtQuick_Controls_iOS_VerticalHeaderViewDelegate_qml["VerticalHeaderViewDelegate.qml"]\n    Root --> node_venv["venv"]\n    node_venv --> node_venv_lib["lib"]\n    node_venv_lib --> node_venv_lib_python3_12["python3.12"]\n    node_venv_lib_python3_12 --> node_venv_lib_python3_12_site-packages["site-packages"]\n    node_venv_lib_python3_12_site-packages --> node_venv_lib_python3_12_site-packages_PyQt6["PyQt6"]\n    node_venv_lib_python3_12_site-packages_PyQt6 --> node_venv_lib_python3_12_site-packages_PyQt6_Qt6["Qt6"]\n    node_venv_lib_python3_12_site-packages_PyQt6_Qt6 --> node_venv_lib_python3_12_site-packages_PyQt6_Qt6_qml["qml"]\n    node_venv_lib_python3_12_site-packages_PyQt6_Qt6_qml --> node_venv_lib_python3_12_site-packages_PyQt6_Qt6_qml_QtQuick["QtQuick"]\n    node_venv_lib_python3_12_site-packages_PyQt6_Qt6_qml_QtQuick --> node_venv_lib_python3_12_site-packages_PyQt6_Qt6_qml_QtQuick_Controls["Controls"]\n    node_venv_lib_python3_12_site-packages_PyQt6_Qt6_qml_QtQuick_Controls --> node_venv_lib_python3_12_site-packages_PyQt6_Qt6_qml_QtQuick_Controls_iOS["iOS"]\n    node_venv_lib_python3_12_site-packages_PyQt6_Qt6_qml_QtQuick_Controls_iOS --> node_venv_lib_python3_12_site-packages_PyQt6_Qt6_qml_QtQuick_Controls_iOS_libqtquickcontrols2iosstyleplugin_dylib["libqtquickcontrols2iosstyleplugin.dylib"]\n    Root --> node_venv["venv"]\n    node_venv --> node_venv_lib["lib"]\n    node_venv_lib --> node_venv_lib_python3_12["python3.12"]\n    node_venv_lib_python3_12 --> node_venv_lib_python3_12_site-packages["site-packages"]\n    node_venv_lib_python3_12_site-packages --> node_venv_lib_python3_12_site-packages_PyQt6["PyQt6"]\n    node_venv_lib_python3_12_site-packages_PyQt6 --> node_venv_lib_python3_12_site-packages_PyQt6_Qt6["Qt6"]\n    node_venv_lib_python3_12_site-packages_PyQt6_Qt6 --> node_venv_lib_python3_12_site-packages_PyQt6_Qt6_qml["qml"]\n    node_venv_lib_python3_12_site-packages_PyQt6_Qt6_qml --> node_venv_lib_python3_12_site-packages_PyQt6_Qt6_qml_QtQuick["QtQuick"]\n    node_venv_lib_python3_12_site-packages_PyQt6_Qt6_qml_QtQuick --> node_venv_lib_python3_12_site-packages_PyQt6_Qt6_qml_QtQuick_Controls["Controls"]\n    node_venv_lib_python3_12_site-packages_PyQt6_Qt6_qml_QtQuick_Controls --> node_venv_lib_python3_12_site-packages_PyQt6_Qt6_qml_QtQuick_Controls_iOS["iOS"]\n    node_venv_lib_python3_12_site-packages_PyQt6_Qt6_qml_QtQuick_Controls_iOS --> node_venv_lib_python3_12_site-packages_PyQt6_Qt6_qml_QtQuick_Controls_iOS_plugins_qmltypes["plugins.qmltypes"]\n    Root --> node_venv["venv"]\n    node_venv --> node_venv_lib["lib"]\n    node_venv_lib --> node_venv_lib_python3_12["python3.12"]\n    node_venv_lib_python3_12 --> node_venv_lib_python3_12_site-packages["site-packages"]\n    node_venv_lib_python3_12_site-packages --> node_venv_lib_python3_12_site-packages_PyQt6["PyQt6"]\n    node_venv_lib_python3_12_site-packages_PyQt6 --> node_venv_lib_python3_12_site-packages_PyQt6_Qt6["Qt6"]\n    node_venv_lib_python3_12_site-packages_PyQt6_Qt6 --> node_venv_lib_python3_12_site-packages_PyQt6_Qt6_qml["qml"]\n    node_venv_lib_python3_12_site-packages_PyQt6_Qt6_qml --> node_venv_lib_python3_12_site-packages_PyQt6_Qt6_qml_QtQuick["QtQuick"]\n    node_venv_lib_python3_12_site-packages_PyQt6_Qt6_qml_QtQuick --> node_venv_lib_python3_12_site-packages_PyQt6_Qt6_qml_QtQuick_Controls["Controls"]\n    node_venv_lib_python3_12_site-packages_PyQt6_Qt6_qml_QtQuick_Controls --> node_venv_lib_python3_12_site-packages_PyQt6_Qt6_qml_QtQuick_Controls_iOS["iOS"]\n    node_venv_lib_python3_12_site-packages_PyQt6_Qt6_qml_QtQuick_Controls_iOS --> node_venv_lib_python3_12_site-packages_PyQt6_Qt6_qml_QtQuick_Controls_iOS_qmldir["qmldir"]\n    Root --> node_venv["venv"]\n    node_venv --> node_venv_lib["lib"]\n    node_venv_lib --> node_venv_lib_python3_12["python3.12"]\n    node_venv_lib_python3_12 --> node_venv_lib_python3_12_site-packages["site-packages"]\n    node_venv_lib_python3_12_site-packages --> node_venv_lib_python3_12_site-packages_PyQt6["PyQt6"]\n    node_venv_lib_python3_12_site-packages_PyQt6 --> node_venv_lib_python3_12_site-packages_PyQt6_Qt6["Qt6"]\n    node_venv_lib_python3_12_site-packages_PyQt6_Qt6 --> node_venv_lib_python3_12_site-packages_PyQt6_Qt6_qml["qml"]\n    node_venv_lib_python3_12_site-packages_PyQt6_Qt6_qml --> node_venv_lib_python3_12_site-packages_PyQt6_Qt6_qml_QtQuick["QtQuick"]\n    node_venv_lib_python3_12_site-packages_PyQt6_Qt6_qml_QtQuick --> node_venv_lib_python3_12_site-packages_PyQt6_Qt6_qml_QtQuick_Controls["Controls"]\n    node_venv_lib_python3_12_site-packages_PyQt6_Qt6_qml_QtQuick_Controls --> node_venv_lib_python3_12_site-packages_PyQt6_Qt6_qml_QtQuick_Controls_iOS["iOS"]\n    node_venv_lib_python3_12_site-packages_PyQt6_Qt6_qml_QtQuick_Controls_iOS --> node_venv_lib_python3_12_site-packages_PyQt6_Qt6_qml_QtQuick_Controls_iOS_impl["impl"]\n    node_venv_lib_python3_12_site-packages_PyQt6_Qt6_qml_QtQuick_Controls_iOS_impl --> node_venv_lib_python3_12_site-packages_PyQt6_Qt6_qml_QtQuick_Controls_iOS_impl_CursorDelegate_qml["CursorDelegate.qml"]\n    Root --> node_venv["venv"]\n    node_venv --> node_venv_lib["lib"]\n    node_venv_lib --> node_venv_lib_python3_12["python3.12"]\n    node_venv_lib_python3_12 --> node_venv_lib_python3_12_site-packages["site-packages"]\n    node_venv_lib_python3_12_site-packages --> node_venv_lib_python3_12_site-packages_PyQt6["PyQt6"]\n    node_venv_lib_python3_12_site-packages_PyQt6 --> node_venv_lib_python3_12_site-packages_PyQt6_Qt6["Qt6"]\n    node_venv_lib_python3_12_site-packages_PyQt6_Qt6 --> node_venv_lib_python3_12_site-packages_PyQt6_Qt6_qml["qml"]\n    node_venv_lib_python3_12_site-packages_PyQt6_Qt6_qml --> node_venv_lib_python3_12_site-packages_PyQt6_Qt6_qml_QtQuick["QtQuick"]\n    node_venv_lib_python3_12_site-packages_PyQt6_Qt6_qml_QtQuick --> node_venv_lib_python3_12_site-packages_PyQt6_Qt6_qml_QtQuick_Controls["Controls"]\n    node_venv_lib_python3_12_site-packages_PyQt6_Qt6_qml_QtQuick_Controls --> node_venv_lib_python3_12_site-packages_PyQt6_Qt6_qml_QtQuick_Controls_iOS["iOS"]\n    node_venv_lib_python3_12_site-packages_PyQt6_Qt6_qml_QtQuick_Controls_iOS --> node_venv_lib_python3_12_site-packages_PyQt6_Qt6_qml_QtQuick_Controls_iOS_impl["impl"]\n    node_venv_lib_python3_12_site-packages_PyQt6_Qt6_qml_QtQuick_Controls_iOS_impl --> node_venv_lib_python3_12_site-packages_PyQt6_Qt6_qml_QtQuick_Controls_iOS_impl_DialogButtonBoxDelegate_qml["DialogButtonBoxDelegate.qml"]\n    Root --> node_venv["venv"]\n    node_venv --> node_venv_lib["lib"]\n    node_venv_lib --> node_venv_lib_python3_12["python3.12"]\n    node_venv_lib_python3_12 --> node_venv_lib_python3_12_site-packages["site-packages"]\n    node_venv_lib_python3_12_site-packages --> node_venv_lib_python3_12_site-packages_PyQt6["PyQt6"]\n    node_venv_lib_python3_12_site-packages_PyQt6 --> node_venv_lib_python3_12_site-packages_PyQt6_Qt6["Qt6"]\n    node_venv_lib_python3_12_site-packages_PyQt6_Qt6 --> node_venv_lib_python3_12_site-packages_PyQt6_Qt6_qml["qml"]\n    node_venv_lib_python3_12_site-packages_PyQt6_Qt6_qml --> node_venv_lib_python3_12_site-packages_PyQt6_Qt6_qml_QtQuick["QtQuick"]\n    node_venv_lib_python3_12_site-packages_PyQt6_Qt6_qml_QtQuick --> node_venv_lib_python3_12_site-packages_PyQt6_Qt6_qml_QtQuick_Controls["Controls"]\n    node_venv_lib_python3_12_site-packages_PyQt6_Qt6_qml_QtQuick_Controls --> node_venv_lib_python3_12_site-packages_PyQt6_Qt6_qml_QtQuick_Controls_iOS["iOS"]\n    node_venv_lib_python3_12_site-packages_PyQt6_Qt6_qml_QtQuick_Controls_iOS --> node_venv_lib_python3_12_site-packages_PyQt6_Qt6_qml_QtQuick_Controls_iOS_impl["impl"]\n    node_venv_lib_python3_12_site-packages_PyQt6_Qt6_qml_QtQuick_Controls_iOS_impl --> node_venv_lib_python3_12_site-packages_PyQt6_Qt6_qml_QtQuick_Controls_iOS_impl_libqtquickcontrols2iosstyleimplplugin_dylib["libqtquickcontrols2iosstyleimplplugin.dylib"]\n    Root --> node_venv["venv"]\n    node_venv --> node_venv_lib["lib"]\n    node_venv_lib --> node_venv_lib_python3_12["python3.12"]\n    node_venv_lib_python3_12 --> node_venv_lib_python3_12_site-packages["site-packages"]\n    node_venv_lib_python3_12_site-packages --> node_venv_lib_python3_12_site-packages_PyQt6["PyQt6"]\n    node_venv_lib_python3_12_site-packages_PyQt6 --> node_venv_lib_python3_12_site-packages_PyQt6_Qt6["Qt6"]\n    node_venv_lib_python3_12_site-packages_PyQt6_Qt6 --> node_venv_lib_python3_12_site-packages_PyQt6_Qt6_qml["qml"]\n    node_venv_lib_python3_12_site-packages_PyQt6_Qt6_qml --> node_venv_lib_python3_12_site-packages_PyQt6_Qt6_qml_QtQuick["QtQuick"]\n    node_venv_lib_python3_12_site-packages_PyQt6_Qt6_qml_QtQuick --> node_venv_lib_python3_12_site-packages_PyQt6_Qt6_qml_QtQuick_Controls["Controls"]\n    node_venv_lib_python3_12_site-packages_PyQt6_Qt6_qml_QtQuick_Controls --> node_venv_lib_python3_12_site-packages_PyQt6_Qt6_qml_QtQuick_Controls_iOS["iOS"]\n    node_venv_lib_python3_12_site-packages_PyQt6_Qt6_qml_QtQuick_Controls_iOS --> node_venv_lib_python3_12_site-packages_PyQt6_Qt6_qml_QtQuick_Controls_iOS_impl["impl"]\n    node_venv_lib_python3_12_site-packages_PyQt6_Qt6_qml_QtQuick_Controls_iOS_impl --> node_venv_lib_python3_12_site-packages_PyQt6_Qt6_qml_QtQuick_Controls_iOS_impl_plugins_qmltypes["plugins.qmltypes"]\n    Root --> node_venv["venv"]\n    node_venv --> node_venv_lib["lib"]\n    node_venv_lib --> node_venv_lib_python3_12["python3.12"]\n    node_venv_lib_python3_12 --> node_venv_lib_python3_12_site-packages["site-packages"]\n    node_venv_lib_python3_12_site-packages --> node_venv_lib_python3_12_site-packages_PyQt6["PyQt6"]\n    node_venv_lib_python3_12_site-packages_PyQt6 --> node_venv_lib_python3_12_site-packages_PyQt6_Qt6["Qt6"]\n    node_venv_lib_python3_12_site-packages_PyQt6_Qt6 --> node_venv_lib_python3_12_site-packages_PyQt6_Qt6_qml["qml"]\n    node_venv_lib_python3_12_site-packages_PyQt6_Qt6_qml --> node_venv_lib_python3_12_site-packages_PyQt6_Qt6_qml_QtQuick["QtQuick"]\n    node_venv_lib_python3_12_site-packages_PyQt6_Qt6_qml_QtQuick --> node_venv_lib_python3_12_site-packages_PyQt6_Qt6_qml_QtQuick_Controls["Controls"]\n    node_venv_lib_python3_12_site-packages_PyQt6_Qt6_qml_QtQuick_Controls --> node_venv_lib_python3_12_site-packages_PyQt6_Qt6_qml_QtQuick_Controls_iOS["iOS"]\n    node_venv_lib_python3_12_site-packages_PyQt6_Qt6_qml_QtQuick_Controls_iOS --> node_venv_lib_python3_12_site-packages_PyQt6_Qt6_qml_QtQuick_Controls_iOS_impl["impl"]\n    node_venv_lib_python3_12_site-packages_PyQt6_Qt6_qml_QtQuick_Controls_iOS_impl --> node_venv_lib_python3_12_site-packages_PyQt6_Qt6_qml_QtQuick_Controls_iOS_impl_qmldir["qmldir"]\n    Root --> node_venv["venv"]\n    node_venv --> node_venv_lib["lib"]\n    node_venv_lib --> node_venv_lib_python3_12["python3.12"]\n    node_venv_lib_python3_12 --> node_venv_lib_python3_12_site-packages["site-packages"]\n    node_venv_lib_python3_12_site-packages --> node_venv_lib_python3_12_site-packages_PyQt6["PyQt6"]\n    node_venv_lib_python3_12_site-packages_PyQt6 --> node_venv_lib_python3_12_site-packages_PyQt6_Qt6["Qt6"]\n    node_venv_lib_python3_12_site-packages_PyQt6_Qt6 --> node_venv_lib_python3_12_site-packages_PyQt6_Qt6_qml["qml"]\n    node_venv_lib_python3_12_site-packages_PyQt6_Qt6_qml --> node_venv_lib_python3_12_site-packages_PyQt6_Qt6_qml_QtQuick["QtQuick"]\n    node_venv_lib_python3_12_site-packages_PyQt6_Qt6_qml_QtQuick --> node_venv_lib_python3_12_site-packages_PyQt6_Qt6_qml_QtQuick_Controls["Controls"]\n    node_venv_lib_python3_12_site-packages_PyQt6_Qt6_qml_QtQuick_Controls --> node_venv_lib_python3_12_site-packages_PyQt6_Qt6_qml_QtQuick_Controls_designer["designer"]\n    node_venv_lib_python3_12_site-packages_PyQt6_Qt6_qml_QtQuick_Controls_designer --> node_venv_lib_python3_12_site-packages_PyQt6_Qt6_qml_QtQuick_Controls_designer_AbstractButtonSection_qml["AbstractButtonSection.qml"]\n    Root --> node_venv["venv"]\n    node_venv --> node_venv_lib["lib"]\n    node_venv_lib --> node_venv_lib_python3_12["python3.12"]\n    node_venv_lib_python3_12 --> node_venv_lib_python3_12_site-packages["site-packages"]\n    node_venv_lib_python3_12_site-packages --> node_venv_lib_python3_12_site-packages_PyQt6["PyQt6"]\n    node_venv_lib_python3_12_site-packages_PyQt6 --> node_venv_lib_python3_12_site-packages_PyQt6_Qt6["Qt6"]\n    node_venv_lib_python3_12_site-packages_PyQt6_Qt6 --> node_venv_lib_python3_12_site-packages_PyQt6_Qt6_qml["qml"]\n    node_venv_lib_python3_12_site-packages_PyQt6_Qt6_qml --> node_venv_lib_python3_12_site-packages_PyQt6_Qt6_qml_QtQuick["QtQuick"]\n    node_venv_lib_python3_12_site-packages_PyQt6_Qt6_qml_QtQuick --> node_venv_lib_python3_12_site-packages_PyQt6_Qt6_qml_QtQuick_Controls["Controls"]\n    node_venv_lib_python3_12_site-packages_PyQt6_Qt6_qml_QtQuick_Controls --> node_venv_lib_python3_12_site-packages_PyQt6_Qt6_qml_QtQuick_Controls_designer["designer"]\n    node_venv_lib_python3_12_site-packages_PyQt6_Qt6_qml_QtQuick_Controls_designer --> node_venv_lib_python3_12_site-packages_PyQt6_Qt6_qml_QtQuick_Controls_designer_BusyIndicatorSpecifics_qml["BusyIndicatorSpecifics.qml"]\n    Root --> node_venv["venv"]\n    node_venv --> node_venv_lib["lib"]\n    node_venv_lib --> node_venv_lib_python3_12["python3.12"]\n    node_venv_lib_python3_12 --> node_venv_lib_python3_12_site-packages["site-packages"]\n    node_venv_lib_python3_12_site-packages --> node_venv_lib_python3_12_site-packages_PyQt6["PyQt6"]\n    node_venv_lib_python3_12_site-packages_PyQt6 --> node_venv_lib_python3_12_site-packages_PyQt6_Qt6["Qt6"]\n    node_venv_lib_python3_12_site-packages_PyQt6_Qt6 --> node_venv_lib_python3_12_site-packages_PyQt6_Qt6_qml["qml"]\n    node_venv_lib_python3_12_site-packages_PyQt6_Qt6_qml --> node_venv_lib_python3_12_site-packages_PyQt6_Qt6_qml_QtQuick["QtQuick"]\n    node_venv_lib_python3_12_site-packages_PyQt6_Qt6_qml_QtQuick --> node_venv_lib_python3_12_site-packages_PyQt6_Qt6_qml_QtQuick_Controls["Controls"]\n    node_venv_lib_python3_12_site-packages_PyQt6_Qt6_qml_QtQuick_Controls --> node_venv_lib_python3_12_site-packages_PyQt6_Qt6_qml_QtQuick_Controls_designer["designer"]\n    node_venv_lib_python3_12_site-packages_PyQt6_Qt6_qml_QtQuick_Controls_designer --> node_venv_lib_python3_12_site-packages_PyQt6_Qt6_qml_QtQuick_Controls_designer_ButtonSection_qml["ButtonSection.qml"]\n    Root --> node_venv["venv"]\n    node_venv --> node_venv_lib["lib"]\n    node_venv_lib --> node_venv_lib_python3_12["python3.12"]\n    node_venv_lib_python3_12 --> node_venv_lib_python3_12_site-packages["site-packages"]\n    node_venv_lib_python3_12_site-packages --> node_venv_lib_python3_12_site-packages_PyQt6["PyQt6"]\n    node_venv_lib_python3_12_site-packages_PyQt6 --> node_venv_lib_python3_12_site-packages_PyQt6_Qt6["Qt6"]\n    node_venv_lib_python3_12_site-packages_PyQt6_Qt6 --> node_venv_lib_python3_12_site-packages_PyQt6_Qt6_qml["qml"]\n    node_venv_lib_python3_12_site-packages_PyQt6_Qt6_qml --> node_venv_lib_python3_12_site-packages_PyQt6_Qt6_qml_QtQuick["QtQuick"]\n    node_venv_lib_python3_12_site-packages_PyQt6_Qt6_qml_QtQuick --> node_venv_lib_python3_12_site-packages_PyQt6_Qt6_qml_QtQuick_Controls["Controls"]\n    node_venv_lib_python3_12_site-packages_PyQt6_Qt6_qml_QtQuick_Controls --> node_venv_lib_python3_12_site-packages_PyQt6_Qt6_qml_QtQuick_Controls_designer["designer"]\n    node_venv_lib_python3_12_site-packages_PyQt6_Qt6_qml_QtQuick_Controls_designer --> node_venv_lib_python3_12_site-packages_PyQt6_Qt6_qml_QtQuick_Controls_designer_ButtonSpecifics_qml["ButtonSpecifics.qml"]\n    Root --> node_venv["venv"]\n    node_venv --> node_venv_lib["lib"]\n    node_venv_lib --> node_venv_lib_python3_12["python3.12"]\n    node_venv_lib_python3_12 --> node_venv_lib_python3_12_site-packages["site-packages"]\n    node_venv_lib_python3_12_site-packages --> node_venv_lib_python3_12_site-packages_PyQt6["PyQt6"]\n    node_venv_lib_python3_12_site-packages_PyQt6 --> node_venv_lib_python3_12_site-packages_PyQt6_Qt6["Qt6"]\n    node_venv_lib_python3_12_site-packages_PyQt6_Qt6 --> node_venv_lib_python3_12_site-packages_PyQt6_Qt6_qml["qml"]\n    node_venv_lib_python3_12_site-packages_PyQt6_Qt6_qml --> node_venv_lib_python3_12_site-packages_PyQt6_Qt6_qml_QtQuick["QtQuick"]\n    node_venv_lib_python3_12_site-packages_PyQt6_Qt6_qml_QtQuick --> node_venv_lib_python3_12_site-packages_PyQt6_Qt6_qml_QtQuick_Controls["Controls"]\n    node_venv_lib_python3_12_site-packages_PyQt6_Qt6_qml_QtQuick_Controls --> node_venv_lib_python3_12_site-packages_PyQt6_Qt6_qml_QtQuick_Controls_designer["designer"]\n    node_venv_lib_python3_12_site-packages_PyQt6_Qt6_qml_QtQuick_Controls_designer --> node_venv_lib_python3_12_site-packages_PyQt6_Qt6_qml_QtQuick_Controls_designer_CheckBoxSpecifics_qml["CheckBoxSpecifics.qml"]\n    Root --> node_venv["venv"]\n    node_venv --> node_venv_lib["lib"]\n    node_venv_lib --> node_venv_lib_python3_12["python3.12"]\n    node_venv_lib_python3_12 --> node_venv_lib_python3_12_site-packages["site-packages"]\n    node_venv_lib_python3_12_site-packages --> node_venv_lib_python3_12_site-packages_PyQt6["PyQt6"]\n    node_venv_lib_python3_12_site-packages_PyQt6 --> node_venv_lib_python3_12_site-packages_PyQt6_Qt6["Qt6"]\n    node_venv_lib_python3_12_site-packages_PyQt6_Qt6 --> node_venv_lib_python3_12_site-packages_PyQt6_Qt6_qml["qml"]\n    node_venv_lib_python3_12_site-packages_PyQt6_Qt6_qml --> node_venv_lib_python3_12_site-packages_PyQt6_Qt6_qml_QtQuick["QtQuick"]\n    node_venv_lib_python3_12_site-packages_PyQt6_Qt6_qml_QtQuick --> node_venv_lib_python3_12_site-packages_PyQt6_Qt6_qml_QtQuick_Controls["Controls"]\n    node_venv_lib_python3_12_site-packages_PyQt6_Qt6_qml_QtQuick_Controls --> node_venv_lib_python3_12_site-packages_PyQt6_Qt6_qml_QtQuick_Controls_designer["designer"]\n    node_venv_lib_python3_12_site-packages_PyQt6_Qt6_qml_QtQuick_Controls_designer --> node_venv_lib_python3_12_site-packages_PyQt6_Qt6_qml_QtQuick_Controls_designer_CheckDelegateSpecifics_qml["CheckDelegateSpecifics.qml"]\n    Root --> node_venv["venv"]\n    node_venv --> node_venv_lib["lib"]\n    node_venv_lib --> node_venv_lib_python3_12["python3.12"]\n    node_venv_lib_python3_12 --> node_venv_lib_python3_12_site-packages["site-packages"]\n    node_venv_lib_python3_12_site-packages --> node_venv_lib_python3_12_site-packages_PyQt6["PyQt6"]\n    node_venv_lib_python3_12_site-packages_PyQt6 --> node_venv_lib_python3_12_site-packages_PyQt6_Qt6["Qt6"]\n    node_venv_lib_python3_12_site-packages_PyQt6_Qt6 --> node_venv_lib_python3_12_site-packages_PyQt6_Qt6_qml["qml"]\n    node_venv_lib_python3_12_site-packages_PyQt6_Qt6_qml --> node_venv_lib_python3_12_site-packages_PyQt6_Qt6_qml_QtQuick["QtQuick"]\n    node_venv_lib_python3_12_site-packages_PyQt6_Qt6_qml_QtQuick --> node_venv_lib_python3_12_site-packages_PyQt6_Qt6_qml_QtQuick_Controls["Controls"]\n    node_venv_lib_python3_12_site-packages_PyQt6_Qt6_qml_QtQuick_Controls --> node_venv_lib_python3_12_site-packages_PyQt6_Qt6_qml_QtQuick_Controls_designer["designer"]\n    node_venv_lib_python3_12_site-packages_PyQt6_Qt6_qml_QtQuick_Controls_designer --> node_venv_lib_python3_12_site-packages_PyQt6_Qt6_qml_QtQuick_Controls_designer_CheckSection_qml["CheckSection.qml"]\n    Root --> node_venv["venv"]\n    node_venv --> node_venv_lib["lib"]\n    node_venv_lib --> node_venv_lib_python3_12["python3.12"]\n    node_venv_lib_python3_12 --> node_venv_lib_python3_12_site-packages["site-packages"]\n    node_venv_lib_python3_12_site-packages --> node_venv_lib_python3_12_site-packages_PyQt6["PyQt6"]\n    node_venv_lib_python3_12_site-packages_PyQt6 --> node_venv_lib_python3_12_site-packages_PyQt6_Qt6["Qt6"]\n    node_venv_lib_python3_12_site-packages_PyQt6_Qt6 --> node_venv_lib_python3_12_site-packages_PyQt6_Qt6_qml["qml"]\n    node_venv_lib_python3_12_site-packages_PyQt6_Qt6_qml --> node_venv_lib_python3_12_site-packages_PyQt6_Qt6_qml_QtQuick["QtQuick"]\n    node_venv_lib_python3_12_site-packages_PyQt6_Qt6_qml_QtQuick --> node_venv_lib_python3_12_site-packages_PyQt6_Qt6_qml_QtQuick_Controls["Controls"]\n    node_venv_lib_python3_12_site-packages_PyQt6_Qt6_qml_QtQuick_Controls --> node_venv_lib_python3_12_site-packages_PyQt6_Qt6_qml_QtQuick_Controls_designer["designer"]\n    node_venv_lib_python3_12_site-packages_PyQt6_Qt6_qml_QtQuick_Controls_designer --> node_venv_lib_python3_12_site-packages_PyQt6_Qt6_qml_QtQuick_Controls_designer_ComboBoxSpecifics_qml["ComboBoxSpecifics.qml"]\n    Root --> node_venv["venv"]\n    node_venv --> node_venv_lib["lib"]\n    node_venv_lib --> node_venv_lib_python3_12["python3.12"]\n    node_venv_lib_python3_12 --> node_venv_lib_python3_12_site-packages["site-packages"]\n    node_venv_lib_python3_12_site-packages --> node_venv_lib_python3_12_site-packages_PyQt6["PyQt6"]\n    node_venv_lib_python3_12_site-packages_PyQt6 --> node_venv_lib_python3_12_site-packages_PyQt6_Qt6["Qt6"]\n    node_venv_lib_python3_12_site-packages_PyQt6_Qt6 --> node_venv_lib_python3_12_site-packages_PyQt6_Qt6_qml["qml"]\n    node_venv_lib_python3_12_site-packages_PyQt6_Qt6_qml --> node_venv_lib_python3_12_site-packages_PyQt6_Qt6_qml_QtQuick["QtQuick"]\n    node_venv_lib_python3_12_site-packages_PyQt6_Qt6_qml_QtQuick --> node_venv_lib_python3_12_site-packages_PyQt6_Qt6_qml_QtQuick_Controls["Controls"]\n    node_venv_lib_python3_12_site-packages_PyQt6_Qt6_qml_QtQuick_Controls --> node_venv_lib_python3_12_site-packages_PyQt6_Qt6_qml_QtQuick_Controls_designer["designer"]\n    node_venv_lib_python3_12_site-packages_PyQt6_Qt6_qml_QtQuick_Controls_designer --> node_venv_lib_python3_12_site-packages_PyQt6_Qt6_qml_QtQuick_Controls_designer_ContainerSection_qml["ContainerSection.qml"]\n    Root --> node_venv["venv"]\n    node_venv --> node_venv_lib["lib"]\n    node_venv_lib --> node_venv_lib_python3_12["python3.12"]\n    node_venv_lib_python3_12 --> node_venv_lib_python3_12_site-packages["site-packages"]\n    node_venv_lib_python3_12_site-packages --> node_venv_lib_python3_12_site-packages_PyQt6["PyQt6"]\n    node_venv_lib_python3_12_site-packages_PyQt6 --> node_venv_lib_python3_12_site-packages_PyQt6_Qt6["Qt6"]\n    node_venv_lib_python3_12_site-packages_PyQt6_Qt6 --> node_venv_lib_python3_12_site-packages_PyQt6_Qt6_qml["qml"]\n    node_venv_lib_python3_12_site-packages_PyQt6_Qt6_qml --> node_venv_lib_python3_12_site-packages_PyQt6_Qt6_qml_QtQuick["QtQuick"]\n    node_venv_lib_python3_12_site-packages_PyQt6_Qt6_qml_QtQuick --> node_venv_lib_python3_12_site-packages_PyQt6_Qt6_qml_QtQuick_Controls["Controls"]\n    node_venv_lib_python3_12_site-packages_PyQt6_Qt6_qml_QtQuick_Controls --> node_venv_lib_python3_12_site-packages_PyQt6_Qt6_qml_QtQuick_Controls_designer["designer"]\n    node_venv_lib_python3_12_site-packages_PyQt6_Qt6_qml_QtQuick_Controls_designer --> node_venv_lib_python3_12_site-packages_PyQt6_Qt6_qml_QtQuick_Controls_designer_ControlSection_qml["ControlSection.qml"]\n    Root --> node_venv["venv"]\n    node_venv --> node_venv_lib["lib"]\n    node_venv_lib --> node_venv_lib_python3_12["python3.12"]\n    node_venv_lib_python3_12 --> node_venv_lib_python3_12_site-packages["site-packages"]\n    node_venv_lib_python3_12_site-packages --> node_venv_lib_python3_12_site-packages_PyQt6["PyQt6"]\n    node_venv_lib_python3_12_site-packages_PyQt6 --> node_venv_lib_python3_12_site-packages_PyQt6_Qt6["Qt6"]\n    node_venv_lib_python3_12_site-packages_PyQt6_Qt6 --> node_venv_lib_python3_12_site-packages_PyQt6_Qt6_qml["qml"]\n    node_venv_lib_python3_12_site-packages_PyQt6_Qt6_qml --> node_venv_lib_python3_12_site-packages_PyQt6_Qt6_qml_QtQuick["QtQuick"]\n    node_venv_lib_python3_12_site-packages_PyQt6_Qt6_qml_QtQuick --> node_venv_lib_python3_12_site-packages_PyQt6_Qt6_qml_QtQuick_Controls["Controls"]\n    node_venv_lib_python3_12_site-packages_PyQt6_Qt6_qml_QtQuick_Controls --> node_venv_lib_python3_12_site-packages_PyQt6_Qt6_qml_QtQuick_Controls_designer["designer"]\n    node_venv_lib_python3_12_site-packages_PyQt6_Qt6_qml_QtQuick_Controls_designer --> node_venv_lib_python3_12_site-packages_PyQt6_Qt6_qml_QtQuick_Controls_designer_ControlSpecifics_qml["ControlSpecifics.qml"]\n    Root --> node_venv["venv"]\n    node_venv --> node_venv_lib["lib"]\n    node_venv_lib --> node_venv_lib_python3_12["python3.12"]\n    node_venv_lib_python3_12 --> node_venv_lib_python3_12_site-packages["site-packages"]\n    node_venv_lib_python3_12_site-packages --> node_venv_lib_python3_12_site-packages_PyQt6["PyQt6"]\n    node_venv_lib_python3_12_site-packages_PyQt6 --> node_venv_lib_python3_12_site-packages_PyQt6_Qt6["Qt6"]\n    node_venv_lib_python3_12_site-packages_PyQt6_Qt6 --> node_venv_lib_python3_12_site-packages_PyQt6_Qt6_qml["qml"]\n    node_venv_lib_python3_12_site-packages_PyQt6_Qt6_qml --> node_venv_lib_python3_12_site-packages_PyQt6_Qt6_qml_QtQuick["QtQuick"]\n    node_venv_lib_python3_12_site-packages_PyQt6_Qt6_qml_QtQuick --> node_venv_lib_python3_12_site-packages_PyQt6_Qt6_qml_QtQuick_Controls["Controls"]\n    node_venv_lib_python3_12_site-packages_PyQt6_Qt6_qml_QtQuick_Controls --> node_venv_lib_python3_12_site-packages_PyQt6_Qt6_qml_QtQuick_Controls_designer["designer"]\n    node_venv_lib_python3_12_site-packages_PyQt6_Qt6_qml_QtQuick_Controls_designer --> node_venv_lib_python3_12_site-packages_PyQt6_Qt6_qml_QtQuick_Controls_designer_DelayButtonSpecifics_qml["DelayButtonSpecifics.qml"]\n    Root --> node_venv["venv"]\n    node_venv --> node_venv_lib["lib"]\n    node_venv_lib --> node_venv_lib_python3_12["python3.12"]\n    node_venv_lib_python3_12 --> node_venv_lib_python3_12_site-packages["site-packages"]\n    node_venv_lib_python3_12_site-packages --> node_venv_lib_python3_12_site-packages_PyQt6["PyQt6"]\n    node_venv_lib_python3_12_site-packages_PyQt6 --> node_venv_lib_python3_12_site-packages_PyQt6_Qt6["Qt6"]\n    node_venv_lib_python3_12_site-packages_PyQt6_Qt6 --> node_venv_lib_python3_12_site-packages_PyQt6_Qt6_qml["qml"]\n    node_venv_lib_python3_12_site-packages_PyQt6_Qt6_qml --> node_venv_lib_python3_12_site-packages_PyQt6_Qt6_qml_QtQuick["QtQuick"]\n    node_venv_lib_python3_12_site-packages_PyQt6_Qt6_qml_QtQuick --> node_venv_lib_python3_12_site-packages_PyQt6_Qt6_qml_QtQuick_Controls["Controls"]\n    node_venv_lib_python3_12_site-packages_PyQt6_Qt6_qml_QtQuick_Controls --> node_venv_lib_python3_12_site-packages_PyQt6_Qt6_qml_QtQuick_Controls_designer["designer"]\n    node_venv_lib_python3_12_site-packages_PyQt6_Qt6_qml_QtQuick_Controls_designer --> node_venv_lib_python3_12_site-packages_PyQt6_Qt6_qml_QtQuick_Controls_designer_DialSpecifics_qml["DialSpecifics.qml"]\n    Root --> node_venv["venv"]\n    node_venv --> node_venv_lib["lib"]\n    node_venv_lib --> node_venv_lib_python3_12["python3.12"]\n    node_venv_lib_python3_12 --> node_venv_lib_python3_12_site-packages["site-packages"]\n    node_venv_lib_python3_12_site-packages --> node_venv_lib_python3_12_site-packages_PyQt6["PyQt6"]\n    node_venv_lib_python3_12_site-packages_PyQt6 --> node_venv_lib_python3_12_site-packages_PyQt6_Qt6["Qt6"]\n    node_venv_lib_python3_12_site-packages_PyQt6_Qt6 --> node_venv_lib_python3_12_site-packages_PyQt6_Qt6_qml["qml"]\n    node_venv_lib_python3_12_site-packages_PyQt6_Qt6_qml --> node_venv_lib_python3_12_site-packages_PyQt6_Qt6_qml_QtQuick["QtQuick"]\n    node_venv_lib_python3_12_site-packages_PyQt6_Qt6_qml_QtQuick --> node_venv_lib_python3_12_site-packages_PyQt6_Qt6_qml_QtQuick_Controls["Controls"]\n    node_venv_lib_python3_12_site-packages_PyQt6_Qt6_qml_QtQuick_Controls --> node_venv_lib_python3_12_site-packages_PyQt6_Qt6_qml_QtQuick_Controls_designer["designer"]\n    node_venv_lib_python3_12_site-packages_PyQt6_Qt6_qml_QtQuick_Controls_designer --> node_venv_lib_python3_12_site-packages_PyQt6_Qt6_qml_QtQuick_Controls_designer_FrameSpecifics_qml["FrameSpecifics.qml"]\n    Root --> node_venv["venv"]\n    node_venv --> node_venv_lib["lib"]\n    node_venv_lib --> node_venv_lib_python3_12["python3.12"]\n    node_venv_lib_python3_12 --> node_venv_lib_python3_12_site-packages["site-packages"]\n    node_venv_lib_python3_12_site-packages --> node_venv_lib_python3_12_site-packages_PyQt6["PyQt6"]\n    node_venv_lib_python3_12_site-packages_PyQt6 --> node_venv_lib_python3_12_site-packages_PyQt6_Qt6["Qt6"]\n    node_venv_lib_python3_12_site-packages_PyQt6_Qt6 --> node_venv_lib_python3_12_site-packages_PyQt6_Qt6_qml["qml"]\n    node_venv_lib_python3_12_site-packages_PyQt6_Qt6_qml --> node_venv_lib_python3_12_site-packages_PyQt6_Qt6_qml_QtQuick["QtQuick"]\n    node_venv_lib_python3_12_site-packages_PyQt6_Qt6_qml_QtQuick --> node_venv_lib_python3_12_site-packages_PyQt6_Qt6_qml_QtQuick_Controls["Controls"]\n    node_venv_lib_python3_12_site-packages_PyQt6_Qt6_qml_QtQuick_Controls --> node_venv_lib_python3_12_site-packages_PyQt6_Qt6_qml_QtQuick_Controls_designer["designer"]\n    node_venv_lib_python3_12_site-packages_PyQt6_Qt6_qml_QtQuick_Controls_designer --> node_venv_lib_python3_12_site-packages_PyQt6_Qt6_qml_QtQuick_Controls_designer_GroupBoxSpecifics_qml["GroupBoxSpecifics.qml"]\n    Root --> node_venv["venv"]\n    node_venv --> node_venv_lib["lib"]\n    node_venv_lib --> node_venv_lib_python3_12["python3.12"]\n    node_venv_lib_python3_12 --> node_venv_lib_python3_12_site-packages["site-packages"]\n    node_venv_lib_python3_12_site-packages --> node_venv_lib_python3_12_site-packages_PyQt6["PyQt6"]\n    node_venv_lib_python3_12_site-packages_PyQt6 --> node_venv_lib_python3_12_site-packages_PyQt6_Qt6["Qt6"]\n    node_venv_lib_python3_12_site-packages_PyQt6_Qt6 --> node_venv_lib_python3_12_site-packages_PyQt6_Qt6_qml["qml"]\n    node_venv_lib_python3_12_site-packages_PyQt6_Qt6_qml --> node_venv_lib_python3_12_site-packages_PyQt6_Qt6_qml_QtQuick["QtQuick"]\n    node_venv_lib_python3_12_site-packages_PyQt6_Qt6_qml_QtQuick --> node_venv_lib_python3_12_site-packages_PyQt6_Qt6_qml_QtQuick_Controls["Controls"]\n    node_venv_lib_python3_12_site-packages_PyQt6_Qt6_qml_QtQuick_Controls --> node_venv_lib_python3_12_site-packages_PyQt6_Qt6_qml_QtQuick_Controls_designer["designer"]\n    node_venv_lib_python3_12_site-packages_PyQt6_Qt6_qml_QtQuick_Controls_designer --> node_venv_lib_python3_12_site-packages_PyQt6_Qt6_qml_QtQuick_Controls_designer_InsetSection_qml["InsetSection.qml"]\n    Root --> node_venv["venv"]\n    node_venv --> node_venv_lib["lib"]\n    node_venv_lib --> node_venv_lib_python3_12["python3.12"]\n    node_venv_lib_python3_12 --> node_venv_lib_python3_12_site-packages["site-packages"]\n    node_venv_lib_python3_12_site-packages --> node_venv_lib_python3_12_site-packages_PyQt6["PyQt6"]\n    node_venv_lib_python3_12_site-packages_PyQt6 --> node_venv_lib_python3_12_site-packages_PyQt6_Qt6["Qt6"]\n    node_venv_lib_python3_12_site-packages_PyQt6_Qt6 --> node_venv_lib_python3_12_site-packages_PyQt6_Qt6_qml["qml"]\n    node_venv_lib_python3_12_site-packages_PyQt6_Qt6_qml --> node_venv_lib_python3_12_site-packages_PyQt6_Qt6_qml_QtQuick["QtQuick"]\n    node_venv_lib_python3_12_site-packages_PyQt6_Qt6_qml_QtQuick --> node_venv_lib_python3_12_site-packages_PyQt6_Qt6_qml_QtQuick_Controls["Controls"]\n    node_venv_lib_python3_12_site-packages_PyQt6_Qt6_qml_QtQuick_Controls --> node_venv_lib_python3_12_site-packages_PyQt6_Qt6_qml_QtQuick_Controls_designer["designer"]\n    node_venv_lib_python3_12_site-packages_PyQt6_Qt6_qml_QtQuick_Controls_designer --> node_venv_lib_python3_12_site-packages_PyQt6_Qt6_qml_QtQuick_Controls_designer_ItemDelegateSection_qml["ItemDelegateSection.qml"]\n    Root --> node_venv["venv"]\n    node_venv --> node_venv_lib["lib"]\n    node_venv_lib --> node_venv_lib_python3_12["python3.12"]\n    node_venv_lib_python3_12 --> node_venv_lib_python3_12_site-packages["site-packages"]\n    node_venv_lib_python3_12_site-packages --> node_venv_lib_python3_12_site-packages_PyQt6["PyQt6"]\n    node_venv_lib_python3_12_site-packages_PyQt6 --> node_venv_lib_python3_12_site-packages_PyQt6_Qt6["Qt6"]\n    node_venv_lib_python3_12_site-packages_PyQt6_Qt6 --> node_venv_lib_python3_12_site-packages_PyQt6_Qt6_qml["qml"]\n    node_venv_lib_python3_12_site-packages_PyQt6_Qt6_qml --> node_venv_lib_python3_12_site-packages_PyQt6_Qt6_qml_QtQuick["QtQuick"]\n    node_venv_lib_python3_12_site-packages_PyQt6_Qt6_qml_QtQuick --> node_venv_lib_python3_12_site-packages_PyQt6_Qt6_qml_QtQuick_Controls["Controls"]\n    node_venv_lib_python3_12_site-packages_PyQt6_Qt6_qml_QtQuick_Controls --> node_venv_lib_python3_12_site-packages_PyQt6_Qt6_qml_QtQuick_Controls_designer["designer"]\n    node_venv_lib_python3_12_site-packages_PyQt6_Qt6_qml_QtQuick_Controls_designer --> node_venv_lib_python3_12_site-packages_PyQt6_Qt6_qml_QtQuick_Controls_designer_ItemDelegateSpecifics_qml["ItemDelegateSpecifics.qml"]\n    Root --> node_venv["venv"]\n    node_venv --> node_venv_lib["lib"]\n    node_venv_lib --> node_venv_lib_python3_12["python3.12"]\n    node_venv_lib_python3_12 --> node_venv_lib_python3_12_site-packages["site-packages"]\n    node_venv_lib_python3_12_site-packages --> node_venv_lib_python3_12_site-packages_PyQt6["PyQt6"]\n    node_venv_lib_python3_12_site-packages_PyQt6 --> node_venv_lib_python3_12_site-packages_PyQt6_Qt6["Qt6"]\n    node_venv_lib_python3_12_site-packages_PyQt6_Qt6 --> node_venv_lib_python3_12_site-packages_PyQt6_Qt6_qml["qml"]\n    node_venv_lib_python3_12_site-packages_PyQt6_Qt6_qml --> node_venv_lib_python3_12_site-packages_PyQt6_Qt6_qml_QtQuick["QtQuick"]\n    node_venv_lib_python3_12_site-packages_PyQt6_Qt6_qml_QtQuick --> node_venv_lib_python3_12_site-packages_PyQt6_Qt6_qml_QtQuick_Controls["Controls"]\n    node_venv_lib_python3_12_site-packages_PyQt6_Qt6_qml_QtQuick_Controls --> node_venv_lib_python3_12_site-packages_PyQt6_Qt6_qml_QtQuick_Controls_designer["designer"]\n    node_venv_lib_python3_12_site-packages_PyQt6_Qt6_qml_QtQuick_Controls_designer --> node_venv_lib_python3_12_site-packages_PyQt6_Qt6_qml_QtQuick_Controls_designer_LabelSpecifics_qml["LabelSpecifics.qml"]\n    Root --> node_venv["venv"]\n    node_venv --> node_venv_lib["lib"]\n    node_venv_lib --> node_venv_lib_python3_12["python3.12"]\n    node_venv_lib_python3_12 --> node_venv_lib_python3_12_site-packages["site-packages"]\n    node_venv_lib_python3_12_site-packages --> node_venv_lib_python3_12_site-packages_PyQt6["PyQt6"]\n    node_venv_lib_python3_12_site-packages_PyQt6 --> node_venv_lib_python3_12_site-packages_PyQt6_Qt6["Qt6"]\n    node_venv_lib_python3_12_site-packages_PyQt6_Qt6 --> node_venv_lib_python3_12_site-packages_PyQt6_Qt6_qml["qml"]\n    node_venv_lib_python3_12_site-packages_PyQt6_Qt6_qml --> node_venv_lib_python3_12_site-packages_PyQt6_Qt6_qml_QtQuick["QtQuick"]\n    node_venv_lib_python3_12_site-packages_PyQt6_Qt6_qml_QtQuick --> node_venv_lib_python3_12_site-packages_PyQt6_Qt6_qml_QtQuick_Controls["Controls"]\n    node_venv_lib_python3_12_site-packages_PyQt6_Qt6_qml_QtQuick_Controls --> node_venv_lib_python3_12_site-packages_PyQt6_Qt6_qml_QtQuick_Controls_designer["designer"]\n    node_venv_lib_python3_12_site-packages_PyQt6_Qt6_qml_QtQuick_Controls_designer --> node_venv_lib_python3_12_site-packages_PyQt6_Qt6_qml_QtQuick_Controls_designer_PaddingSection_qml["PaddingSection.qml"]\n    Root --> node_venv["venv"]\n    node_venv --> node_venv_lib["lib"]\n    node_venv_lib --> node_venv_lib_python3_12["python3.12"]\n    node_venv_lib_python3_12 --> node_venv_lib_python3_12_site-packages["site-packages"]\n    node_venv_lib_python3_12_site-packages --> node_venv_lib_python3_12_site-packages_PyQt6["PyQt6"]\n    node_venv_lib_python3_12_site-packages_PyQt6 --> node_venv_lib_python3_12_site-packages_PyQt6_Qt6["Qt6"]\n    node_venv_lib_python3_12_site-packages_PyQt6_Qt6 --> node_venv_lib_python3_12_site-packages_PyQt6_Qt6_qml["qml"]\n    node_venv_lib_python3_12_site-packages_PyQt6_Qt6_qml --> node_venv_lib_python3_12_site-packages_PyQt6_Qt6_qml_QtQuick["QtQuick"]\n    node_venv_lib_python3_12_site-packages_PyQt6_Qt6_qml_QtQuick --> node_venv_lib_python3_12_site-packages_PyQt6_Qt6_qml_QtQuick_Controls["Controls"]\n    node_venv_lib_python3_12_site-packages_PyQt6_Qt6_qml_QtQuick_Controls --> node_venv_lib_python3_12_site-packages_PyQt6_Qt6_qml_QtQuick_Controls_designer["designer"]\n    node_venv_lib_python3_12_site-packages_PyQt6_Qt6_qml_QtQuick_Controls_designer --> node_venv_lib_python3_12_site-packages_PyQt6_Qt6_qml_QtQuick_Controls_designer_PageIndicatorSpecifics_qml["PageIndicatorSpecifics.qml"]\n    Root --> node_venv["venv"]\n    node_venv --> node_venv_lib["lib"]\n    node_venv_lib --> node_venv_lib_python3_12["python3.12"]\n    node_venv_lib_python3_12 --> node_venv_lib_python3_12_site-packages["site-packages"]\n    node_venv_lib_python3_12_site-packages --> node_venv_lib_python3_12_site-packages_PyQt6["PyQt6"]\n    node_venv_lib_python3_12_site-packages_PyQt6 --> node_venv_lib_python3_12_site-packages_PyQt6_Qt6["Qt6"]\n    node_venv_lib_python3_12_site-packages_PyQt6_Qt6 --> node_venv_lib_python3_12_site-packages_PyQt6_Qt6_qml["qml"]\n    node_venv_lib_python3_12_site-packages_PyQt6_Qt6_qml --> node_venv_lib_python3_12_site-packages_PyQt6_Qt6_qml_QtQuick["QtQuick"]\n    node_venv_lib_python3_12_site-packages_PyQt6_Qt6_qml_QtQuick --> node_venv_lib_python3_12_site-packages_PyQt6_Qt6_qml_QtQuick_Controls["Controls"]\n    node_venv_lib_python3_12_site-packages_PyQt6_Qt6_qml_QtQuick_Controls --> node_venv_lib_python3_12_site-packages_PyQt6_Qt6_qml_QtQuick_Controls_designer["designer"]\n    node_venv_lib_python3_12_site-packages_PyQt6_Qt6_qml_QtQuick_Controls_designer --> node_venv_lib_python3_12_site-packages_PyQt6_Qt6_qml_QtQuick_Controls_designer_PageSpecifics_qml["PageSpecifics.qml"]\n    Root --> node_venv["venv"]\n    node_venv --> node_venv_lib["lib"]\n    node_venv_lib --> node_venv_lib_python3_12["python3.12"]\n    node_venv_lib_python3_12 --> node_venv_lib_python3_12_site-packages["site-packages"]\n    node_venv_lib_python3_12_site-packages --> node_venv_lib_python3_12_site-packages_PyQt6["PyQt6"]\n    node_venv_lib_python3_12_site-packages_PyQt6 --> node_venv_lib_python3_12_site-packages_PyQt6_Qt6["Qt6"]\n    node_venv_lib_python3_12_site-packages_PyQt6_Qt6 --> node_venv_lib_python3_12_site-packages_PyQt6_Qt6_qml["qml"]\n    node_venv_lib_python3_12_site-packages_PyQt6_Qt6_qml --> node_venv_lib_python3_12_site-packages_PyQt6_Qt6_qml_QtQuick["QtQuick"]\n    node_venv_lib_python3_12_site-packages_PyQt6_Qt6_qml_QtQuick --> node_venv_lib_python3_12_site-packages_PyQt6_Qt6_qml_QtQuick_Controls["Controls"]\n    node_venv_lib_python3_12_site-packages_PyQt6_Qt6_qml_QtQuick_Controls --> node_venv_lib_python3_12_site-packages_PyQt6_Qt6_qml_QtQuick_Controls_designer["designer"]\n    node_venv_lib_python3_12_site-packages_PyQt6_Qt6_qml_QtQuick_Controls_designer --> node_venv_lib_python3_12_site-packages_PyQt6_Qt6_qml_QtQuick_Controls_designer_PaneSection_qml["PaneSection.qml"]\n    Root --> node_venv["venv"]\n    node_venv --> node_venv_lib["lib"]\n    node_venv_lib --> node_venv_lib_python3_12["python3.12"]\n    node_venv_lib_python3_12 --> node_venv_lib_python3_12_site-packages["site-packages"]\n    node_venv_lib_python3_12_site-packages --> node_venv_lib_python3_12_site-packages_PyQt6["PyQt6"]\n    node_venv_lib_python3_12_site-packages_PyQt6 --> node_venv_lib_python3_12_site-packages_PyQt6_Qt6["Qt6"]\n    node_venv_lib_python3_12_site-packages_PyQt6_Qt6 --> node_venv_lib_python3_12_site-packages_PyQt6_Qt6_qml["qml"]\n    node_venv_lib_python3_12_site-packages_PyQt6_Qt6_qml --> node_venv_lib_python3_12_site-packages_PyQt6_Qt6_qml_QtQuick["QtQuick"]\n    node_venv_lib_python3_12_site-packages_PyQt6_Qt6_qml_QtQuick --> node_venv_lib_python3_12_site-packages_PyQt6_Qt6_qml_QtQuick_Controls["Controls"]\n    node_venv_lib_python3_12_site-packages_PyQt6_Qt6_qml_QtQuick_Controls --> node_venv_lib_python3_12_site-packages_PyQt6_Qt6_qml_QtQuick_Controls_designer["designer"]\n    node_venv_lib_python3_12_site-packages_PyQt6_Qt6_qml_QtQuick_Controls_designer --> node_venv_lib_python3_12_site-packages_PyQt6_Qt6_qml_QtQuick_Controls_designer_PaneSpecifics_qml["PaneSpecifics.qml"]\n    Root --> node_venv["venv"]\n    node_venv --> node_venv_lib["lib"]\n    node_venv_lib --> node_venv_lib_python3_12["python3.12"]\n    node_venv_lib_python3_12 --> node_venv_lib_python3_12_site-packages["site-packages"]\n    node_venv_lib_python3_12_site-packages --> node_venv_lib_python3_12_site-packages_PyQt6["PyQt6"]\n    node_venv_lib_python3_12_site-packages_PyQt6 --> node_venv_lib_python3_12_site-packages_PyQt6_Qt6["Qt6"]\n    node_venv_lib_python3_12_site-packages_PyQt6_Qt6 --> node_venv_lib_python3_12_site-packages_PyQt6_Qt6_qml["qml"]\n    node_venv_lib_python3_12_site-packages_PyQt6_Qt6_qml --> node_venv_lib_python3_12_site-packages_PyQt6_Qt6_qml_QtQuick["QtQuick"]\n    node_venv_lib_python3_12_site-packages_PyQt6_Qt6_qml_QtQuick --> node_venv_lib_python3_12_site-packages_PyQt6_Qt6_qml_QtQuick_Controls["Controls"]\n    node_venv_lib_python3_12_site-packages_PyQt6_Qt6_qml_QtQuick_Controls --> node_venv_lib_python3_12_site-packages_PyQt6_Qt6_qml_QtQuick_Controls_designer["designer"]\n    node_venv_lib_python3_12_site-packages_PyQt6_Qt6_qml_QtQuick_Controls_designer --> node_venv_lib_python3_12_site-packages_PyQt6_Qt6_qml_QtQuick_Controls_designer_ProgressBarSpecifics_qml["ProgressBarSpecifics.qml"]\n    Root --> node_venv["venv"]\n    node_venv --> node_venv_lib["lib"]\n    node_venv_lib --> node_venv_lib_python3_12["python3.12"]\n    node_venv_lib_python3_12 --> node_venv_lib_python3_12_site-packages["site-packages"]\n    node_venv_lib_python3_12_site-packages --> node_venv_lib_python3_12_site-packages_PyQt6["PyQt6"]\n    node_venv_lib_python3_12_site-packages_PyQt6 --> node_venv_lib_python3_12_site-packages_PyQt6_Qt6["Qt6"]\n    node_venv_lib_python3_12_site-packages_PyQt6_Qt6 --> node_venv_lib_python3_12_site-packages_PyQt6_Qt6_qml["qml"]\n    node_venv_lib_python3_12_site-packages_PyQt6_Qt6_qml --> node_venv_lib_python3_12_site-packages_PyQt6_Qt6_qml_QtQuick["QtQuick"]\n    node_venv_lib_python3_12_site-packages_PyQt6_Qt6_qml_QtQuick --> node_venv_lib_python3_12_site-packages_PyQt6_Qt6_qml_QtQuick_Controls["Controls"]\n    node_venv_lib_python3_12_site-packages_PyQt6_Qt6_qml_QtQuick_Controls --> node_venv_lib_python3_12_site-packages_PyQt6_Qt6_qml_QtQuick_Controls_designer["designer"]\n    node_venv_lib_python3_12_site-packages_PyQt6_Qt6_qml_QtQuick_Controls_designer --> node_venv_lib_python3_12_site-packages_PyQt6_Qt6_qml_QtQuick_Controls_designer_RadioButtonSpecifics_qml["RadioButtonSpecifics.qml"]\n    Root --> node_venv["venv"]\n    node_venv --> node_venv_lib["lib"]\n    node_venv_lib --> node_venv_lib_python3_12["python3.12"]\n    node_venv_lib_python3_12 --> node_venv_lib_python3_12_site-packages["site-packages"]\n    node_venv_lib_python3_12_site-packages --> node_venv_lib_python3_12_site-packages_PyQt6["PyQt6"]\n    node_venv_lib_python3_12_site-packages_PyQt6 --> node_venv_lib_python3_12_site-packages_PyQt6_Qt6["Qt6"]\n    node_venv_lib_python3_12_site-packages_PyQt6_Qt6 --> node_venv_lib_python3_12_site-packages_PyQt6_Qt6_qml["qml"]\n    node_venv_lib_python3_12_site-packages_PyQt6_Qt6_qml --> node_venv_lib_python3_12_site-packages_PyQt6_Qt6_qml_QtQuick["QtQuick"]\n    node_venv_lib_python3_12_site-packages_PyQt6_Qt6_qml_QtQuick --> node_venv_lib_python3_12_site-packages_PyQt6_Qt6_qml_QtQuick_Controls["Controls"]\n    node_venv_lib_python3_12_site-packages_PyQt6_Qt6_qml_QtQuick_Controls --> node_venv_lib_python3_12_site-packages_PyQt6_Qt6_qml_QtQuick_Controls_designer["designer"]\n    node_venv_lib_python3_12_site-packages_PyQt6_Qt6_qml_QtQuick_Controls_designer --> node_venv_lib_python3_12_site-packages_PyQt6_Qt6_qml_QtQuick_Controls_designer_RadioDelegateSpecifics_qml["RadioDelegateSpecifics.qml"]\n    Root --> node_venv["venv"]\n    node_venv --> node_venv_lib["lib"]\n    node_venv_lib --> node_venv_lib_python3_12["python3.12"]\n    node_venv_lib_python3_12 --> node_venv_lib_python3_12_site-packages["site-packages"]\n    node_venv_lib_python3_12_site-packages --> node_venv_lib_python3_12_site-packages_PyQt6["PyQt6"]\n    node_venv_lib_python3_12_site-packages_PyQt6 --> node_venv_lib_python3_12_site-packages_PyQt6_Qt6["Qt6"]\n    node_venv_lib_python3_12_site-packages_PyQt6_Qt6 --> node_venv_lib_python3_12_site-packages_PyQt6_Qt6_qml["qml"]\n    node_venv_lib_python3_12_site-packages_PyQt6_Qt6_qml --> node_venv_lib_python3_12_site-packages_PyQt6_Qt6_qml_QtQuick["QtQuick"]\n    node_venv_lib_python3_12_site-packages_PyQt6_Qt6_qml_QtQuick --> node_venv_lib_python3_12_site-packages_PyQt6_Qt6_qml_QtQuick_Controls["Controls"]\n    node_venv_lib_python3_12_site-packages_PyQt6_Qt6_qml_QtQuick_Controls --> node_venv_lib_python3_12_site-packages_PyQt6_Qt6_qml_QtQuick_Controls_designer["designer"]\n    node_venv_lib_python3_12_site-packages_PyQt6_Qt6_qml_QtQuick_Controls_designer --> node_venv_lib_python3_12_site-packages_PyQt6_Qt6_qml_QtQuick_Controls_designer_RangeSliderSpecifics_qml["RangeSliderSpecifics.qml"]\n    Root --> node_venv["venv"]\n    node_venv --> node_venv_lib["lib"]\n    node_venv_lib --> node_venv_lib_python3_12["python3.12"]\n    node_venv_lib_python3_12 --> node_venv_lib_python3_12_site-packages["site-packages"]\n    node_venv_lib_python3_12_site-packages --> node_venv_lib_python3_12_site-packages_PyQt6["PyQt6"]\n    node_venv_lib_python3_12_site-packages_PyQt6 --> node_venv_lib_python3_12_site-packages_PyQt6_Qt6["Qt6"]\n    node_venv_lib_python3_12_site-packages_PyQt6_Qt6 --> node_venv_lib_python3_12_site-packages_PyQt6_Qt6_qml["qml"]\n    node_venv_lib_python3_12_site-packages_PyQt6_Qt6_qml --> node_venv_lib_python3_12_site-packages_PyQt6_Qt6_qml_QtQuick["QtQuick"]\n    node_venv_lib_python3_12_site-packages_PyQt6_Qt6_qml_QtQuick --> node_venv_lib_python3_12_site-packages_PyQt6_Qt6_qml_QtQuick_Controls["Controls"]\n    node_venv_lib_python3_12_site-packages_PyQt6_Qt6_qml_QtQuick_Controls --> node_venv_lib_python3_12_site-packages_PyQt6_Qt6_qml_QtQuick_Controls_designer["designer"]\n    node_venv_lib_python3_12_site-packages_PyQt6_Qt6_qml_QtQuick_Controls_designer --> node_venv_lib_python3_12_site-packages_PyQt6_Qt6_qml_QtQuick_Controls_designer_RoundButtonSpecifics_qml["RoundButtonSpecifics.qml"]\n    Root --> node_venv["venv"]\n    node_venv --> node_venv_lib["lib"]\n    node_venv_lib --> node_venv_lib_python3_12["python3.12"]\n    node_venv_lib_python3_12 --> node_venv_lib_python3_12_site-packages["site-packages"]\n    node_venv_lib_python3_12_site-packages --> node_venv_lib_python3_12_site-packages_PyQt6["PyQt6"]\n    node_venv_lib_python3_12_site-packages_PyQt6 --> node_venv_lib_python3_12_site-packages_PyQt6_Qt6["Qt6"]\n    node_venv_lib_python3_12_site-packages_PyQt6_Qt6 --> node_venv_lib_python3_12_site-packages_PyQt6_Qt6_qml["qml"]\n    node_venv_lib_python3_12_site-packages_PyQt6_Qt6_qml --> node_venv_lib_python3_12_site-packages_PyQt6_Qt6_qml_QtQuick["QtQuick"]\n    node_venv_lib_python3_12_site-packages_PyQt6_Qt6_qml_QtQuick --> node_venv_lib_python3_12_site-packages_PyQt6_Qt6_qml_QtQuick_Controls["Controls"]\n    node_venv_lib_python3_12_site-packages_PyQt6_Qt6_qml_QtQuick_Controls --> node_venv_lib_python3_12_site-packages_PyQt6_Qt6_qml_QtQuick_Controls_designer["designer"]\n    node_venv_lib_python3_12_site-packages_PyQt6_Qt6_qml_QtQuick_Controls_designer --> node_venv_lib_python3_12_site-packages_PyQt6_Qt6_qml_QtQuick_Controls_designer_ScrollViewSpecifics_qml["ScrollViewSpecifics.qml"]\n    Root --> node_venv["venv"]\n    node_venv --> node_venv_lib["lib"]\n    node_venv_lib --> node_venv_lib_python3_12["python3.12"]\n    node_venv_lib_python3_12 --> node_venv_lib_python3_12_site-packages["site-packages"]\n    node_venv_lib_python3_12_site-packages --> node_venv_lib_python3_12_site-packages_PyQt6["PyQt6"]\n    node_venv_lib_python3_12_site-packages_PyQt6 --> node_venv_lib_python3_12_site-packages_PyQt6_Qt6["Qt6"]\n    node_venv_lib_python3_12_site-packages_PyQt6_Qt6 --> node_venv_lib_python3_12_site-packages_PyQt6_Qt6_qml["qml"]\n    node_venv_lib_python3_12_site-packages_PyQt6_Qt6_qml --> node_venv_lib_python3_12_site-packages_PyQt6_Qt6_qml_QtQuick["QtQuick"]\n    node_venv_lib_python3_12_site-packages_PyQt6_Qt6_qml_QtQuick --> node_venv_lib_python3_12_site-packages_PyQt6_Qt6_qml_QtQuick_Controls["Controls"]\n    node_venv_lib_python3_12_site-packages_PyQt6_Qt6_qml_QtQuick_Controls --> node_venv_lib_python3_12_site-packages_PyQt6_Qt6_qml_QtQuick_Controls_designer["designer"]\n    node_venv_lib_python3_12_site-packages_PyQt6_Qt6_qml_QtQuick_Controls_designer --> node_venv_lib_python3_12_site-packages_PyQt6_Qt6_qml_QtQuick_Controls_designer_SliderSpecifics_qml["SliderSpecifics.qml"]\n    Root --> node_venv["venv"]\n    node_venv --> node_venv_lib["lib"]\n    node_venv_lib --> node_venv_lib_python3_12["python3.12"]\n    node_venv_lib_python3_12 --> node_venv_lib_python3_12_site-packages["site-packages"]\n    node_venv_lib_python3_12_site-packages --> node_venv_lib_python3_12_site-packages_PyQt6["PyQt6"]\n    node_venv_lib_python3_12_site-packages_PyQt6 --> node_venv_lib_python3_12_site-packages_PyQt6_Qt6["Qt6"]\n    node_venv_lib_python3_12_site-packages_PyQt6_Qt6 --> node_venv_lib_python3_12_site-packages_PyQt6_Qt6_qml["qml"]\n    node_venv_lib_python3_12_site-packages_PyQt6_Qt6_qml --> node_venv_lib_python3_12_site-packages_PyQt6_Qt6_qml_QtQuick["QtQuick"]\n    node_venv_lib_python3_12_site-packages_PyQt6_Qt6_qml_QtQuick --> node_venv_lib_python3_12_site-packages_PyQt6_Qt6_qml_QtQuick_Controls["Controls"]\n    node_venv_lib_python3_12_site-packages_PyQt6_Qt6_qml_QtQuick_Controls --> node_venv_lib_python3_12_site-packages_PyQt6_Qt6_qml_QtQuick_Controls_designer["designer"]\n    node_venv_lib_python3_12_site-packages_PyQt6_Qt6_qml_QtQuick_Controls_designer --> node_venv_lib_python3_12_site-packages_PyQt6_Qt6_qml_QtQuick_Controls_designer_SpinBoxSpecifics_qml["SpinBoxSpecifics.qml"]\n    Root --> node_venv["venv"]\n    node_venv --> node_venv_lib["lib"]\n    node_venv_lib --> node_venv_lib_python3_12["python3.12"]\n    node_venv_lib_python3_12 --> node_venv_lib_python3_12_site-packages["site-packages"]\n    node_venv_lib_python3_12_site-packages --> node_venv_lib_python3_12_site-packages_PyQt6["PyQt6"]\n    node_venv_lib_python3_12_site-packages_PyQt6 --> node_venv_lib_python3_12_site-packages_PyQt6_Qt6["Qt6"]\n    node_venv_lib_python3_12_site-packages_PyQt6_Qt6 --> node_venv_lib_python3_12_site-packages_PyQt6_Qt6_qml["qml"]\n    node_venv_lib_python3_12_site-packages_PyQt6_Qt6_qml --> node_venv_lib_python3_12_site-packages_PyQt6_Qt6_qml_QtQuick["QtQuick"]\n    node_venv_lib_python3_12_site-packages_PyQt6_Qt6_qml_QtQuick --> node_venv_lib_python3_12_site-packages_PyQt6_Qt6_qml_QtQuick_Controls["Controls"]\n    node_venv_lib_python3_12_site-packages_PyQt6_Qt6_qml_QtQuick_Controls --> node_venv_lib_python3_12_site-packages_PyQt6_Qt6_qml_QtQuick_Controls_designer["designer"]\n    node_venv_lib_python3_12_site-packages_PyQt6_Qt6_qml_QtQuick_Controls_designer --> node_venv_lib_python3_12_site-packages_PyQt6_Qt6_qml_QtQuick_Controls_designer_StackViewSpecifics_qml["StackViewSpecifics.qml"]\n    Root --> node_venv["venv"]\n    node_venv --> node_venv_lib["lib"]\n    node_venv_lib --> node_venv_lib_python3_12["python3.12"]\n    node_venv_lib_python3_12 --> node_venv_lib_python3_12_site-packages["site-packages"]\n    node_venv_lib_python3_12_site-packages --> node_venv_lib_python3_12_site-packages_PyQt6["PyQt6"]\n    node_venv_lib_python3_12_site-packages_PyQt6 --> node_venv_lib_python3_12_site-packages_PyQt6_Qt6["Qt6"]\n    node_venv_lib_python3_12_site-packages_PyQt6_Qt6 --> node_venv_lib_python3_12_site-packages_PyQt6_Qt6_qml["qml"]\n    node_venv_lib_python3_12_site-packages_PyQt6_Qt6_qml --> node_venv_lib_python3_12_site-packages_PyQt6_Qt6_qml_QtQuick["QtQuick"]\n    node_venv_lib_python3_12_site-packages_PyQt6_Qt6_qml_QtQuick --> node_venv_lib_python3_12_site-packages_PyQt6_Qt6_qml_QtQuick_Controls["Controls"]\n    node_venv_lib_python3_12_site-packages_PyQt6_Qt6_qml_QtQuick_Controls --> node_venv_lib_python3_12_site-packages_PyQt6_Qt6_qml_QtQuick_Controls_designer["designer"]\n    node_venv_lib_python3_12_site-packages_PyQt6_Qt6_qml_QtQuick_Controls_designer --> node_venv_lib_python3_12_site-packages_PyQt6_Qt6_qml_QtQuick_Controls_designer_SwipeDelegateSpecifics_qml["SwipeDelegateSpecifics.qml"]\n    Root --> node_venv["venv"]\n    node_venv --> node_venv_lib["lib"]\n    node_venv_lib --> node_venv_lib_python3_12["python3.12"]\n    node_venv_lib_python3_12 --> node_venv_lib_python3_12_site-packages["site-packages"]\n    node_venv_lib_python3_12_site-packages --> node_venv_lib_python3_12_site-packages_PyQt6["PyQt6"]\n    node_venv_lib_python3_12_site-packages_PyQt6 --> node_venv_lib_python3_12_site-packages_PyQt6_Qt6["Qt6"]\n    node_venv_lib_python3_12_site-packages_PyQt6_Qt6 --> node_venv_lib_python3_12_site-packages_PyQt6_Qt6_qml["qml"]\n    node_venv_lib_python3_12_site-packages_PyQt6_Qt6_qml --> node_venv_lib_python3_12_site-packages_PyQt6_Qt6_qml_QtQuick["QtQuick"]\n    node_venv_lib_python3_12_site-packages_PyQt6_Qt6_qml_QtQuick --> node_venv_lib_python3_12_site-packages_PyQt6_Qt6_qml_QtQuick_Controls["Controls"]\n    node_venv_lib_python3_12_site-packages_PyQt6_Qt6_qml_QtQuick_Controls --> node_venv_lib_python3_12_site-packages_PyQt6_Qt6_qml_QtQuick_Controls_designer["designer"]\n    node_venv_lib_python3_12_site-packages_PyQt6_Qt6_qml_QtQuick_Controls_designer --> node_venv_lib_python3_12_site-packages_PyQt6_Qt6_qml_QtQuick_Controls_designer_SwipeViewSpecifics_qml["SwipeViewSpecifics.qml"]\n    Root --> node_venv["venv"]\n    node_venv --> node_venv_lib["lib"]\n    node_venv_lib --> node_venv_lib_python3_12["python3.12"]\n    node_venv_lib_python3_12 --> node_venv_lib_python3_12_site-packages["site-packages"]\n    node_venv_lib_python3_12_site-packages --> node_venv_lib_python3_12_site-packages_PyQt6["PyQt6"]\n    node_venv_lib_python3_12_site-packages_PyQt6 --> node_venv_lib_python3_12_site-packages_PyQt6_Qt6["Qt6"]\n    node_venv_lib_python3_12_site-packages_PyQt6_Qt6 --> node_venv_lib_python3_12_site-packages_PyQt6_Qt6_qml["qml"]\n    node_venv_lib_python3_12_site-packages_PyQt6_Qt6_qml --> node_venv_lib_python3_12_site-packages_PyQt6_Qt6_qml_QtQuick["QtQuick"]\n    node_venv_lib_python3_12_site-packages_PyQt6_Qt6_qml_QtQuick --> node_venv_lib_python3_12_site-packages_PyQt6_Qt6_qml_QtQuick_Controls["Controls"]\n    node_venv_lib_python3_12_site-packages_PyQt6_Qt6_qml_QtQuick_Controls --> node_venv_lib_python3_12_site-packages_PyQt6_Qt6_qml_QtQuick_Controls_designer["designer"]\n    node_venv_lib_python3_12_site-packages_PyQt6_Qt6_qml_QtQuick_Controls_designer --> node_venv_lib_python3_12_site-packages_PyQt6_Qt6_qml_QtQuick_Controls_designer_SwitchDelegateSpecifics_qml["SwitchDelegateSpecifics.qml"]\n    Root --> node_venv["venv"]\n    node_venv --> node_venv_lib["lib"]\n    node_venv_lib --> node_venv_lib_python3_12["python3.12"]\n    node_venv_lib_python3_12 --> node_venv_lib_python3_12_site-packages["site-packages"]\n    node_venv_lib_python3_12_site-packages --> node_venv_lib_python3_12_site-packages_PyQt6["PyQt6"]\n    node_venv_lib_python3_12_site-packages_PyQt6 --> node_venv_lib_python3_12_site-packages_PyQt6_Qt6["Qt6"]\n    node_venv_lib_python3_12_site-packages_PyQt6_Qt6 --> node_venv_lib_python3_12_site-packages_PyQt6_Qt6_qml["qml"]\n    node_venv_lib_python3_12_site-packages_PyQt6_Qt6_qml --> node_venv_lib_python3_12_site-packages_PyQt6_Qt6_qml_QtQuick["QtQuick"]\n    node_venv_lib_python3_12_site-packages_PyQt6_Qt6_qml_QtQuick --> node_venv_lib_python3_12_site-packages_PyQt6_Qt6_qml_QtQuick_Controls["Controls"]\n    node_venv_lib_python3_12_site-packages_PyQt6_Qt6_qml_QtQuick_Controls --> node_venv_lib_python3_12_site-packages_PyQt6_Qt6_qml_QtQuick_Controls_designer["designer"]\n    node_venv_lib_python3_12_site-packages_PyQt6_Qt6_qml_QtQuick_Controls_designer --> node_venv_lib_python3_12_site-packages_PyQt6_Qt6_qml_QtQuick_Controls_designer_SwitchSpecifics_qml["SwitchSpecifics.qml"]\n    Root --> node_venv["venv"]\n    node_venv --> node_venv_lib["lib"]\n    node_venv_lib --> node_venv_lib_python3_12["python3.12"]\n    node_venv_lib_python3_12 --> node_venv_lib_python3_12_site-packages["site-packages"]\n    node_venv_lib_python3_12_site-packages --> node_venv_lib_python3_12_site-packages_PyQt6["PyQt6"]\n    node_venv_lib_python3_12_site-packages_PyQt6 --> node_venv_lib_python3_12_site-packages_PyQt6_Qt6["Qt6"]\n    node_venv_lib_python3_12_site-packages_PyQt6_Qt6 --> node_venv_lib_python3_12_site-packages_PyQt6_Qt6_qml["qml"]\n    node_venv_lib_python3_12_site-packages_PyQt6_Qt6_qml --> node_venv_lib_python3_12_site-packages_PyQt6_Qt6_qml_QtQuick["QtQuick"]\n    node_venv_lib_python3_12_site-packages_PyQt6_Qt6_qml_QtQuick --> node_venv_lib_python3_12_site-packages_PyQt6_Qt6_qml_QtQuick_Controls["Controls"]\n    node_venv_lib_python3_12_site-packages_PyQt6_Qt6_qml_QtQuick_Controls --> node_venv_lib_python3_12_site-packages_PyQt6_Qt6_qml_QtQuick_Controls_designer["designer"]\n    node_venv_lib_python3_12_site-packages_PyQt6_Qt6_qml_QtQuick_Controls_designer --> node_venv_lib_python3_12_site-packages_PyQt6_Qt6_qml_QtQuick_Controls_designer_TabBarSpecifics_qml["TabBarSpecifics.qml"]\n    Root --> node_venv["venv"]\n    node_venv --> node_venv_lib["lib"]\n    node_venv_lib --> node_venv_lib_python3_12["python3.12"]\n    node_venv_lib_python3_12 --> node_venv_lib_python3_12_site-packages["site-packages"]\n    node_venv_lib_python3_12_site-packages --> node_venv_lib_python3_12_site-packages_PyQt6["PyQt6"]\n    node_venv_lib_python3_12_site-packages_PyQt6 --> node_venv_lib_python3_12_site-packages_PyQt6_Qt6["Qt6"]\n    node_venv_lib_python3_12_site-packages_PyQt6_Qt6 --> node_venv_lib_python3_12_site-packages_PyQt6_Qt6_qml["qml"]\n    node_venv_lib_python3_12_site-packages_PyQt6_Qt6_qml --> node_venv_lib_python3_12_site-packages_PyQt6_Qt6_qml_QtQuick["QtQuick"]\n    node_venv_lib_python3_12_site-packages_PyQt6_Qt6_qml_QtQuick --> node_venv_lib_python3_12_site-packages_PyQt6_Qt6_qml_QtQuick_Controls["Controls"]\n    node_venv_lib_python3_12_site-packages_PyQt6_Qt6_qml_QtQuick_Controls --> node_venv_lib_python3_12_site-packages_PyQt6_Qt6_qml_QtQuick_Controls_designer["designer"]\n    node_venv_lib_python3_12_site-packages_PyQt6_Qt6_qml_QtQuick_Controls_designer --> node_venv_lib_python3_12_site-packages_PyQt6_Qt6_qml_QtQuick_Controls_designer_TabButtonSpecifics_qml["TabButtonSpecifics.qml"]\n    Root --> node_venv["venv"]\n    node_venv --> node_venv_lib["lib"]\n    node_venv_lib --> node_venv_lib_python3_12["python3.12"]\n    node_venv_lib_python3_12 --> node_venv_lib_python3_12_site-packages["site-packages"]\n    node_venv_lib_python3_12_site-packages --> node_venv_lib_python3_12_site-packages_PyQt6["PyQt6"]\n    node_venv_lib_python3_12_site-packages_PyQt6 --> node_venv_lib_python3_12_site-packages_PyQt6_Qt6["Qt6"]\n    node_venv_lib_python3_12_site-packages_PyQt6_Qt6 --> node_venv_lib_python3_12_site-packages_PyQt6_Qt6_qml["qml"]\n    node_venv_lib_python3_12_site-packages_PyQt6_Qt6_qml --> node_venv_lib_python3_12_site-packages_PyQt6_Qt6_qml_QtQuick["QtQuick"]\n    node_venv_lib_python3_12_site-packages_PyQt6_Qt6_qml_QtQuick --> node_venv_lib_python3_12_site-packages_PyQt6_Qt6_qml_QtQuick_Controls["Controls"]\n    node_venv_lib_python3_12_site-packages_PyQt6_Qt6_qml_QtQuick_Controls --> node_venv_lib_python3_12_site-packages_PyQt6_Qt6_qml_QtQuick_Controls_designer["designer"]\n    node_venv_lib_python3_12_site-packages_PyQt6_Qt6_qml_QtQuick_Controls_designer --> node_venv_lib_python3_12_site-packages_PyQt6_Qt6_qml_QtQuick_Controls_designer_TextAreaSpecifics_qml["TextAreaSpecifics.qml"]\n    Root --> node_venv["venv"]\n    node_venv --> node_venv_lib["lib"]\n    node_venv_lib --> node_venv_lib_python3_12["python3.12"]\n    node_venv_lib_python3_12 --> node_venv_lib_python3_12_site-packages["site-packages"]\n    node_venv_lib_python3_12_site-packages --> node_venv_lib_python3_12_site-packages_PyQt6["PyQt6"]\n    node_venv_lib_python3_12_site-packages_PyQt6 --> node_venv_lib_python3_12_site-packages_PyQt6_Qt6["Qt6"]\n    node_venv_lib_python3_12_site-packages_PyQt6_Qt6 --> node_venv_lib_python3_12_site-packages_PyQt6_Qt6_qml["qml"]\n    node_venv_lib_python3_12_site-packages_PyQt6_Qt6_qml --> node_venv_lib_python3_12_site-packages_PyQt6_Qt6_qml_QtQuick["QtQuick"]\n    node_venv_lib_python3_12_site-packages_PyQt6_Qt6_qml_QtQuick --> node_venv_lib_python3_12_site-packages_PyQt6_Qt6_qml_QtQuick_Controls["Controls"]\n    node_venv_lib_python3_12_site-packages_PyQt6_Qt6_qml_QtQuick_Controls --> node_venv_lib_python3_12_site-packages_PyQt6_Qt6_qml_QtQuick_Controls_designer["designer"]\n    node_venv_lib_python3_12_site-packages_PyQt6_Qt6_qml_QtQuick_Controls_designer --> node_venv_lib_python3_12_site-packages_PyQt6_Qt6_qml_QtQuick_Controls_designer_TextFieldSpecifics_qml["TextFieldSpecifics.qml"]\n    Root --> node_venv["venv"]\n    node_venv --> node_venv_lib["lib"]\n    node_venv_lib --> node_venv_lib_python3_12["python3.12"]\n    node_venv_lib_python3_12 --> node_venv_lib_python3_12_site-packages["site-packages"]\n    node_venv_lib_python3_12_site-packages --> node_venv_lib_python3_12_site-packages_PyQt6["PyQt6"]\n    node_venv_lib_python3_12_site-packages_PyQt6 --> node_venv_lib_python3_12_site-packages_PyQt6_Qt6["Qt6"]\n    node_venv_lib_python3_12_site-packages_PyQt6_Qt6 --> node_venv_lib_python3_12_site-packages_PyQt6_Qt6_qml["qml"]\n    node_venv_lib_python3_12_site-packages_PyQt6_Qt6_qml --> node_venv_lib_python3_12_site-packages_PyQt6_Qt6_qml_QtQuick["QtQuick"]\n    node_venv_lib_python3_12_site-packages_PyQt6_Qt6_qml_QtQuick --> node_venv_lib_python3_12_site-packages_PyQt6_Qt6_qml_QtQuick_Controls["Controls"]\n    node_venv_lib_python3_12_site-packages_PyQt6_Qt6_qml_QtQuick_Controls --> node_venv_lib_python3_12_site-packages_PyQt6_Qt6_qml_QtQuick_Controls_designer["designer"]\n    node_venv_lib_python3_12_site-packages_PyQt6_Qt6_qml_QtQuick_Controls_designer --> node_venv_lib_python3_12_site-packages_PyQt6_Qt6_qml_QtQuick_Controls_designer_ToolBarSpecifics_qml["ToolBarSpecifics.qml"]\n    Root --> node_venv["venv"]\n    node_venv --> node_venv_lib["lib"]\n    node_venv_lib --> node_venv_lib_python3_12["python3.12"]\n    node_venv_lib_python3_12 --> node_venv_lib_python3_12_site-packages["site-packages"]\n    node_venv_lib_python3_12_site-packages --> node_venv_lib_python3_12_site-packages_PyQt6["PyQt6"]\n    node_venv_lib_python3_12_site-packages_PyQt6 --> node_venv_lib_python3_12_site-packages_PyQt6_Qt6["Qt6"]\n    node_venv_lib_python3_12_site-packages_PyQt6_Qt6 --> node_venv_lib_python3_12_site-packages_PyQt6_Qt6_qml["qml"]\n    node_venv_lib_python3_12_site-packages_PyQt6_Qt6_qml --> node_venv_lib_python3_12_site-packages_PyQt6_Qt6_qml_QtQuick["QtQuick"]\n    node_venv_lib_python3_12_site-packages_PyQt6_Qt6_qml_QtQuick --> node_venv_lib_python3_12_site-packages_PyQt6_Qt6_qml_QtQuick_Controls["Controls"]\n    node_venv_lib_python3_12_site-packages_PyQt6_Qt6_qml_QtQuick_Controls --> node_venv_lib_python3_12_site-packages_PyQt6_Qt6_qml_QtQuick_Controls_designer["designer"]\n    node_venv_lib_python3_12_site-packages_PyQt6_Qt6_qml_QtQuick_Controls_designer --> node_venv_lib_python3_12_site-packages_PyQt6_Qt6_qml_QtQuick_Controls_designer_ToolButtonSpecifics_qml["ToolButtonSpecifics.qml"]\n    Root --> node_venv["venv"]\n    node_venv --> node_venv_lib["lib"]\n    node_venv_lib --> node_venv_lib_python3_12["python3.12"]\n    node_venv_lib_python3_12 --> node_venv_lib_python3_12_site-packages["site-packages"]\n    node_venv_lib_python3_12_site-packages --> node_venv_lib_python3_12_site-packages_PyQt6["PyQt6"]\n    node_venv_lib_python3_12_site-packages_PyQt6 --> node_venv_lib_python3_12_site-packages_PyQt6_Qt6["Qt6"]\n    node_venv_lib_python3_12_site-packages_PyQt6_Qt6 --> node_venv_lib_python3_12_site-packages_PyQt6_Qt6_qml["qml"]\n    node_venv_lib_python3_12_site-packages_PyQt6_Qt6_qml --> node_venv_lib_python3_12_site-packages_PyQt6_Qt6_qml_QtQuick["QtQuick"]\n    node_venv_lib_python3_12_site-packages_PyQt6_Qt6_qml_QtQuick --> node_venv_lib_python3_12_site-packages_PyQt6_Qt6_qml_QtQuick_Controls["Controls"]\n    node_venv_lib_python3_12_site-packages_PyQt6_Qt6_qml_QtQuick_Controls --> node_venv_lib_python3_12_site-packages_PyQt6_Qt6_qml_QtQuick_Controls_designer["designer"]\n    node_venv_lib_python3_12_site-packages_PyQt6_Qt6_qml_QtQuick_Controls_designer --> node_venv_lib_python3_12_site-packages_PyQt6_Qt6_qml_QtQuick_Controls_designer_ToolSeparatorSpecifics_qml["ToolSeparatorSpecifics.qml"]\n    Root --> node_venv["venv"]\n    node_venv --> node_venv_lib["lib"]\n    node_venv_lib --> node_venv_lib_python3_12["python3.12"]\n    node_venv_lib_python3_12 --> node_venv_lib_python3_12_site-packages["site-packages"]\n    node_venv_lib_python3_12_site-packages --> node_venv_lib_python3_12_site-packages_PyQt6["PyQt6"]\n    node_venv_lib_python3_12_site-packages_PyQt6 --> node_venv_lib_python3_12_site-packages_PyQt6_Qt6["Qt6"]\n    node_venv_lib_python3_12_site-packages_PyQt6_Qt6 --> node_venv_lib_python3_12_site-packages_PyQt6_Qt6_qml["qml"]\n    node_venv_lib_python3_12_site-packages_PyQt6_Qt6_qml --> node_venv_lib_python3_12_site-packages_PyQt6_Qt6_qml_QtQuick["QtQuick"]\n    node_venv_lib_python3_12_site-packages_PyQt6_Qt6_qml_QtQuick --> node_venv_lib_python3_12_site-packages_PyQt6_Qt6_qml_QtQuick_Controls["Controls"]\n    node_venv_lib_python3_12_site-packages_PyQt6_Qt6_qml_QtQuick_Controls --> node_venv_lib_python3_12_site-packages_PyQt6_Qt6_qml_QtQuick_Controls_designer["designer"]\n    node_venv_lib_python3_12_site-packages_PyQt6_Qt6_qml_QtQuick_Controls_designer --> node_venv_lib_python3_12_site-packages_PyQt6_Qt6_qml_QtQuick_Controls_designer_TumblerSpecifics_qml["TumblerSpecifics.qml"]\n    Root --> node_venv["venv"]\n    node_venv --> node_venv_lib["lib"]\n    node_venv_lib --> node_venv_lib_python3_12["python3.12"]\n    node_venv_lib_python3_12 --> node_venv_lib_python3_12_site-packages["site-packages"]\n    node_venv_lib_python3_12_site-packages --> node_venv_lib_python3_12_site-packages_PyQt6["PyQt6"]\n    node_venv_lib_python3_12_site-packages_PyQt6 --> node_venv_lib_python3_12_site-packages_PyQt6_Qt6["Qt6"]\n    node_venv_lib_python3_12_site-packages_PyQt6_Qt6 --> node_venv_lib_python3_12_site-packages_PyQt6_Qt6_qml["qml"]\n    node_venv_lib_python3_12_site-packages_PyQt6_Qt6_qml --> node_venv_lib_python3_12_site-packages_PyQt6_Qt6_qml_QtQuick["QtQuick"]\n    node_venv_lib_python3_12_site-packages_PyQt6_Qt6_qml_QtQuick --> node_venv_lib_python3_12_site-packages_PyQt6_Qt6_qml_QtQuick_Controls["Controls"]\n    node_venv_lib_python3_12_site-packages_PyQt6_Qt6_qml_QtQuick_Controls --> node_venv_lib_python3_12_site-packages_PyQt6_Qt6_qml_QtQuick_Controls_designer["designer"]\n    node_venv_lib_python3_12_site-packages_PyQt6_Qt6_qml_QtQuick_Controls_designer --> node_venv_lib_python3_12_site-packages_PyQt6_Qt6_qml_QtQuick_Controls_designer_qtquickcontrols2_metainfo["qtquickcontrols2.metainfo"]\n    Root --> node_venv["venv"]\n    node_venv --> node_venv_lib["lib"]\n    node_venv_lib --> node_venv_lib_python3_12["python3.12"]\n    node_venv_lib_python3_12 --> node_venv_lib_python3_12_site-packages["site-packages"]\n    node_venv_lib_python3_12_site-packages --> node_venv_lib_python3_12_site-packages_PyQt6["PyQt6"]\n    node_venv_lib_python3_12_site-packages_PyQt6 --> node_venv_lib_python3_12_site-packages_PyQt6_Qt6["Qt6"]\n    node_venv_lib_python3_12_site-packages_PyQt6_Qt6 --> node_venv_lib_python3_12_site-packages_PyQt6_Qt6_qml["qml"]\n    node_venv_lib_python3_12_site-packages_PyQt6_Qt6_qml --> node_venv_lib_python3_12_site-packages_PyQt6_Qt6_qml_QtQuick["QtQuick"]\n    node_venv_lib_python3_12_site-packages_PyQt6_Qt6_qml_QtQuick --> node_venv_lib_python3_12_site-packages_PyQt6_Qt6_qml_QtQuick_Controls["Controls"]\n    node_venv_lib_python3_12_site-packages_PyQt6_Qt6_qml_QtQuick_Controls --> node_venv_lib_python3_12_site-packages_PyQt6_Qt6_qml_QtQuick_Controls_designer["designer"]\n    node_venv_lib_python3_12_site-packages_PyQt6_Qt6_qml_QtQuick_Controls_designer --> node_venv_lib_python3_12_site-packages_PyQt6_Qt6_qml_QtQuick_Controls_designer_images["images"]\n    node_venv_lib_python3_12_site-packages_PyQt6_Qt6_qml_QtQuick_Controls_designer_images --> node_venv_lib_python3_12_site-packages_PyQt6_Qt6_qml_QtQuick_Controls_designer_images_busyindicator-icon_png["busyindicator-icon.png"]\n    Root --> node_venv["venv"]\n    node_venv --> node_venv_lib["lib"]\n    node_venv_lib --> node_venv_lib_python3_12["python3.12"]\n    node_venv_lib_python3_12 --> node_venv_lib_python3_12_site-packages["site-packages"]\n    node_venv_lib_python3_12_site-packages --> node_venv_lib_python3_12_site-packages_PyQt6["PyQt6"]\n    node_venv_lib_python3_12_site-packages_PyQt6 --> node_venv_lib_python3_12_site-packages_PyQt6_Qt6["Qt6"]\n    node_venv_lib_python3_12_site-packages_PyQt6_Qt6 --> node_venv_lib_python3_12_site-packages_PyQt6_Qt6_qml["qml"]\n    node_venv_lib_python3_12_site-packages_PyQt6_Qt6_qml --> node_venv_lib_python3_12_site-packages_PyQt6_Qt6_qml_QtQuick["QtQuick"]\n    node_venv_lib_python3_12_site-packages_PyQt6_Qt6_qml_QtQuick --> node_venv_lib_python3_12_site-packages_PyQt6_Qt6_qml_QtQuick_Controls["Controls"]\n    node_venv_lib_python3_12_site-packages_PyQt6_Qt6_qml_QtQuick_Controls --> node_venv_lib_python3_12_site-packages_PyQt6_Qt6_qml_QtQuick_Controls_designer["designer"]\n    node_venv_lib_python3_12_site-packages_PyQt6_Qt6_qml_QtQuick_Controls_designer --> node_venv_lib_python3_12_site-packages_PyQt6_Qt6_qml_QtQuick_Controls_designer_images["images"]\n    node_venv_lib_python3_12_site-packages_PyQt6_Qt6_qml_QtQuick_Controls_designer_images --> node_venv_lib_python3_12_site-packages_PyQt6_Qt6_qml_QtQuick_Controls_designer_images_busyindicator-icon16_png["busyindicator-icon16.png"]\n    Root --> node_venv["venv"]\n    node_venv --> node_venv_lib["lib"]\n    node_venv_lib --> node_venv_lib_python3_12["python3.12"]\n    node_venv_lib_python3_12 --> node_venv_lib_python3_12_site-packages["site-packages"]\n    node_venv_lib_python3_12_site-packages --> node_venv_lib_python3_12_site-packages_PyQt6["PyQt6"]\n    node_venv_lib_python3_12_site-packages_PyQt6 --> node_venv_lib_python3_12_site-packages_PyQt6_Qt6["Qt6"]\n    node_venv_lib_python3_12_site-packages_PyQt6_Qt6 --> node_venv_lib_python3_12_site-packages_PyQt6_Qt6_qml["qml"]\n    node_venv_lib_python3_12_site-packages_PyQt6_Qt6_qml --> node_venv_lib_python3_12_site-packages_PyQt6_Qt6_qml_QtQuick["QtQuick"]\n    node_venv_lib_python3_12_site-packages_PyQt6_Qt6_qml_QtQuick --> node_venv_lib_python3_12_site-packages_PyQt6_Qt6_qml_QtQuick_Controls["Controls"]\n    node_venv_lib_python3_12_site-packages_PyQt6_Qt6_qml_QtQuick_Controls --> node_venv_lib_python3_12_site-packages_PyQt6_Qt6_qml_QtQuick_Controls_designer["designer"]\n    node_venv_lib_python3_12_site-packages_PyQt6_Qt6_qml_QtQuick_Controls_designer --> node_venv_lib_python3_12_site-packages_PyQt6_Qt6_qml_QtQuick_Controls_designer_images["images"]\n    node_venv_lib_python3_12_site-packages_PyQt6_Qt6_qml_QtQuick_Controls_designer_images --> node_venv_lib_python3_12_site-packages_PyQt6_Qt6_qml_QtQuick_Controls_designer_images_busyindicator-icon@2x_png["busyindicator-icon@2x.png"]\n    Root --> node_venv["venv"]\n    node_venv --> node_venv_lib["lib"]\n    node_venv_lib --> node_venv_lib_python3_12["python3.12"]\n    node_venv_lib_python3_12 --> node_venv_lib_python3_12_site-packages["site-packages"]\n    node_venv_lib_python3_12_site-packages --> node_venv_lib_python3_12_site-packages_PyQt6["PyQt6"]\n    node_venv_lib_python3_12_site-packages_PyQt6 --> node_venv_lib_python3_12_site-packages_PyQt6_Qt6["Qt6"]\n    node_venv_lib_python3_12_site-packages_PyQt6_Qt6 --> node_venv_lib_python3_12_site-packages_PyQt6_Qt6_qml["qml"]\n    node_venv_lib_python3_12_site-packages_PyQt6_Qt6_qml --> node_venv_lib_python3_12_site-packages_PyQt6_Qt6_qml_QtQuick["QtQuick"]\n    node_venv_lib_python3_12_site-packages_PyQt6_Qt6_qml_QtQuick --> node_venv_lib_python3_12_site-packages_PyQt6_Qt6_qml_QtQuick_Controls["Controls"]\n    node_venv_lib_python3_12_site-packages_PyQt6_Qt6_qml_QtQuick_Controls --> node_venv_lib_python3_12_site-packages_PyQt6_Qt6_qml_QtQuick_Controls_designer["designer"]\n    node_venv_lib_python3_12_site-packages_PyQt6_Qt6_qml_QtQuick_Controls_designer --> node_venv_lib_python3_12_site-packages_PyQt6_Qt6_qml_QtQuick_Controls_designer_images["images"]\n    node_venv_lib_python3_12_site-packages_PyQt6_Qt6_qml_QtQuick_Controls_designer_images --> node_venv_lib_python3_12_site-packages_PyQt6_Qt6_qml_QtQuick_Controls_designer_images_button-icon_png["button-icon.png"]\n    Root --> node_venv["venv"]\n    node_venv --> node_venv_lib["lib"]\n    node_venv_lib --> node_venv_lib_python3_12["python3.12"]\n    node_venv_lib_python3_12 --> node_venv_lib_python3_12_site-packages["site-packages"]\n    node_venv_lib_python3_12_site-packages --> node_venv_lib_python3_12_site-packages_PyQt6["PyQt6"]\n    node_venv_lib_python3_12_site-packages_PyQt6 --> node_venv_lib_python3_12_site-packages_PyQt6_Qt6["Qt6"]\n    node_venv_lib_python3_12_site-packages_PyQt6_Qt6 --> node_venv_lib_python3_12_site-packages_PyQt6_Qt6_qml["qml"]\n    node_venv_lib_python3_12_site-packages_PyQt6_Qt6_qml --> node_venv_lib_python3_12_site-packages_PyQt6_Qt6_qml_QtQuick["QtQuick"]\n    node_venv_lib_python3_12_site-packages_PyQt6_Qt6_qml_QtQuick --> node_venv_lib_python3_12_site-packages_PyQt6_Qt6_qml_QtQuick_Controls["Controls"]\n    node_venv_lib_python3_12_site-packages_PyQt6_Qt6_qml_QtQuick_Controls --> node_venv_lib_python3_12_site-packages_PyQt6_Qt6_qml_QtQuick_Controls_designer["designer"]\n    node_venv_lib_python3_12_site-packages_PyQt6_Qt6_qml_QtQuick_Controls_designer --> node_venv_lib_python3_12_site-packages_PyQt6_Qt6_qml_QtQuick_Controls_designer_images["images"]\n    node_venv_lib_python3_12_site-packages_PyQt6_Qt6_qml_QtQuick_Controls_designer_images --> node_venv_lib_python3_12_site-packages_PyQt6_Qt6_qml_QtQuick_Controls_designer_images_button-icon16_png["button-icon16.png"]\n    Root --> node_venv["venv"]\n    node_venv --> node_venv_lib["lib"]\n    node_venv_lib --> node_venv_lib_python3_12["python3.12"]\n    node_venv_lib_python3_12 --> node_venv_lib_python3_12_site-packages["site-packages"]\n    node_venv_lib_python3_12_site-packages --> node_venv_lib_python3_12_site-packages_PyQt6["PyQt6"]\n    node_venv_lib_python3_12_site-packages_PyQt6 --> node_venv_lib_python3_12_site-packages_PyQt6_Qt6["Qt6"]\n    node_venv_lib_python3_12_site-packages_PyQt6_Qt6 --> node_venv_lib_python3_12_site-packages_PyQt6_Qt6_qml["qml"]\n    node_venv_lib_python3_12_site-packages_PyQt6_Qt6_qml --> node_venv_lib_python3_12_site-packages_PyQt6_Qt6_qml_QtQuick["QtQuick"]\n    node_venv_lib_python3_12_site-packages_PyQt6_Qt6_qml_QtQuick --> node_venv_lib_python3_12_site-packages_PyQt6_Qt6_qml_QtQuick_Controls["Controls"]\n    node_venv_lib_python3_12_site-packages_PyQt6_Qt6_qml_QtQuick_Controls --> node_venv_lib_python3_12_site-packages_PyQt6_Qt6_qml_QtQuick_Controls_designer["designer"]\n    node_venv_lib_python3_12_site-packages_PyQt6_Qt6_qml_QtQuick_Controls_designer --> node_venv_lib_python3_12_site-packages_PyQt6_Qt6_qml_QtQuick_Controls_designer_images["images"]\n    node_venv_lib_python3_12_site-packages_PyQt6_Qt6_qml_QtQuick_Controls_designer_images --> node_venv_lib_python3_12_site-packages_PyQt6_Qt6_qml_QtQuick_Controls_designer_images_button-icon@2x_png["button-icon@2x.png"]\n    Root --> node_venv["venv"]\n    node_venv --> node_venv_lib["lib"]\n    node_venv_lib --> node_venv_lib_python3_12["python3.12"]\n    node_venv_lib_python3_12 --> node_venv_lib_python3_12_site-packages["site-packages"]\n    node_venv_lib_python3_12_site-packages --> node_venv_lib_python3_12_site-packages_PyQt6["PyQt6"]\n    node_venv_lib_python3_12_site-packages_PyQt6 --> node_venv_lib_python3_12_site-packages_PyQt6_Qt6["Qt6"]\n    node_venv_lib_python3_12_site-packages_PyQt6_Qt6 --> node_venv_lib_python3_12_site-packages_PyQt6_Qt6_qml["qml"]\n    node_venv_lib_python3_12_site-packages_PyQt6_Qt6_qml --> node_venv_lib_python3_12_site-packages_PyQt6_Qt6_qml_QtQuick["QtQuick"]\n    node_venv_lib_python3_12_site-packages_PyQt6_Qt6_qml_QtQuick --> node_venv_lib_python3_12_site-packages_PyQt6_Qt6_qml_QtQuick_Controls["Controls"]\n    node_venv_lib_python3_12_site-packages_PyQt6_Qt6_qml_QtQuick_Controls --> node_venv_lib_python3_12_site-packages_PyQt6_Qt6_qml_QtQuick_Controls_designer["designer"]\n    node_venv_lib_python3_12_site-packages_PyQt6_Qt6_qml_QtQuick_Controls_designer --> node_venv_lib_python3_12_site-packages_PyQt6_Qt6_qml_QtQuick_Controls_designer_images["images"]\n    node_venv_lib_python3_12_site-packages_PyQt6_Qt6_qml_QtQuick_Controls_designer_images --> node_venv_lib_python3_12_site-packages_PyQt6_Qt6_qml_QtQuick_Controls_designer_images_checkbox-icon_png["checkbox-icon.png"]\n    Root --> node_venv["venv"]\n    node_venv --> node_venv_lib["lib"]\n    node_venv_lib --> node_venv_lib_python3_12["python3.12"]\n    node_venv_lib_python3_12 --> node_venv_lib_python3_12_site-packages["site-packages"]\n    node_venv_lib_python3_12_site-packages --> node_venv_lib_python3_12_site-packages_PyQt6["PyQt6"]\n    node_venv_lib_python3_12_site-packages_PyQt6 --> node_venv_lib_python3_12_site-packages_PyQt6_Qt6["Qt6"]\n    node_venv_lib_python3_12_site-packages_PyQt6_Qt6 --> node_venv_lib_python3_12_site-packages_PyQt6_Qt6_qml["qml"]\n    node_venv_lib_python3_12_site-packages_PyQt6_Qt6_qml --> node_venv_lib_python3_12_site-packages_PyQt6_Qt6_qml_QtQuick["QtQuick"]\n    node_venv_lib_python3_12_site-packages_PyQt6_Qt6_qml_QtQuick --> node_venv_lib_python3_12_site-packages_PyQt6_Qt6_qml_QtQuick_Controls["Controls"]\n    node_venv_lib_python3_12_site-packages_PyQt6_Qt6_qml_QtQuick_Controls --> node_venv_lib_python3_12_site-packages_PyQt6_Qt6_qml_QtQuick_Controls_designer["designer"]\n    node_venv_lib_python3_12_site-packages_PyQt6_Qt6_qml_QtQuick_Controls_designer --> node_venv_lib_python3_12_site-packages_PyQt6_Qt6_qml_QtQuick_Controls_designer_images["images"]\n    node_venv_lib_python3_12_site-packages_PyQt6_Qt6_qml_QtQuick_Controls_designer_images --> node_venv_lib_python3_12_site-packages_PyQt6_Qt6_qml_QtQuick_Controls_designer_images_checkbox-icon16_png["checkbox-icon16.png"]\n    Root --> node_venv["venv"]\n    node_venv --> node_venv_lib["lib"]\n    node_venv_lib --> node_venv_lib_python3_12["python3.12"]\n    node_venv_lib_python3_12 --> node_venv_lib_python3_12_site-packages["site-packages"]\n    node_venv_lib_python3_12_site-packages --> node_venv_lib_python3_12_site-packages_PyQt6["PyQt6"]\n    node_venv_lib_python3_12_site-packages_PyQt6 --> node_venv_lib_python3_12_site-packages_PyQt6_Qt6["Qt6"]\n    node_venv_lib_python3_12_site-packages_PyQt6_Qt6 --> node_venv_lib_python3_12_site-packages_PyQt6_Qt6_qml["qml"]\n    node_venv_lib_python3_12_site-packages_PyQt6_Qt6_qml --> node_venv_lib_python3_12_site-packages_PyQt6_Qt6_qml_QtQuick["QtQuick"]\n    node_venv_lib_python3_12_site-packages_PyQt6_Qt6_qml_QtQuick --> node_venv_lib_python3_12_site-packages_PyQt6_Qt6_qml_QtQuick_Controls["Controls"]\n    node_venv_lib_python3_12_site-packages_PyQt6_Qt6_qml_QtQuick_Controls --> node_venv_lib_python3_12_site-packages_PyQt6_Qt6_qml_QtQuick_Controls_designer["designer"]\n    node_venv_lib_python3_12_site-packages_PyQt6_Qt6_qml_QtQuick_Controls_designer --> node_venv_lib_python3_12_site-packages_PyQt6_Qt6_qml_QtQuick_Controls_designer_images["images"]\n    node_venv_lib_python3_12_site-packages_PyQt6_Qt6_qml_QtQuick_Controls_designer_images --> node_venv_lib_python3_12_site-packages_PyQt6_Qt6_qml_QtQuick_Controls_designer_images_checkbox-icon@2x_png["checkbox-icon@2x.png"]\n    Root --> node_venv["venv"]\n    node_venv --> node_venv_lib["lib"]\n    node_venv_lib --> node_venv_lib_python3_12["python3.12"]\n    node_venv_lib_python3_12 --> node_venv_lib_python3_12_site-packages["site-packages"]\n    node_venv_lib_python3_12_site-packages --> node_venv_lib_python3_12_site-packages_PyQt6["PyQt6"]\n    node_venv_lib_python3_12_site-packages_PyQt6 --> node_venv_lib_python3_12_site-packages_PyQt6_Qt6["Qt6"]\n    node_venv_lib_python3_12_site-packages_PyQt6_Qt6 --> node_venv_lib_python3_12_site-packages_PyQt6_Qt6_qml["qml"]\n    node_venv_lib_python3_12_site-packages_PyQt6_Qt6_qml --> node_venv_lib_python3_12_site-packages_PyQt6_Qt6_qml_QtQuick["QtQuick"]\n    node_venv_lib_python3_12_site-packages_PyQt6_Qt6_qml_QtQuick --> node_venv_lib_python3_12_site-packages_PyQt6_Qt6_qml_QtQuick_Controls["Controls"]\n    node_venv_lib_python3_12_site-packages_PyQt6_Qt6_qml_QtQuick_Controls --> node_venv_lib_python3_12_site-packages_PyQt6_Qt6_qml_QtQuick_Controls_designer["designer"]\n    node_venv_lib_python3_12_site-packages_PyQt6_Qt6_qml_QtQuick_Controls_designer --> node_venv_lib_python3_12_site-packages_PyQt6_Qt6_qml_QtQuick_Controls_designer_images["images"]\n    node_venv_lib_python3_12_site-packages_PyQt6_Qt6_qml_QtQuick_Controls_designer_images --> node_venv_lib_python3_12_site-packages_PyQt6_Qt6_qml_QtQuick_Controls_designer_images_combobox-icon_png["combobox-icon.png"]\n    Root --> node_venv["venv"]\n    node_venv --> node_venv_lib["lib"]\n    node_venv_lib --> node_venv_lib_python3_12["python3.12"]\n    node_venv_lib_python3_12 --> node_venv_lib_python3_12_site-packages["site-packages"]\n    node_venv_lib_python3_12_site-packages --> node_venv_lib_python3_12_site-packages_PyQt6["PyQt6"]\n    node_venv_lib_python3_12_site-packages_PyQt6 --> node_venv_lib_python3_12_site-packages_PyQt6_Qt6["Qt6"]\n    node_venv_lib_python3_12_site-packages_PyQt6_Qt6 --> node_venv_lib_python3_12_site-packages_PyQt6_Qt6_qml["qml"]\n    node_venv_lib_python3_12_site-packages_PyQt6_Qt6_qml --> node_venv_lib_python3_12_site-packages_PyQt6_Qt6_qml_QtQuick["QtQuick"]\n    node_venv_lib_python3_12_site-packages_PyQt6_Qt6_qml_QtQuick --> node_venv_lib_python3_12_site-packages_PyQt6_Qt6_qml_QtQuick_Controls["Controls"]\n    node_venv_lib_python3_12_site-packages_PyQt6_Qt6_qml_QtQuick_Controls --> node_venv_lib_python3_12_site-packages_PyQt6_Qt6_qml_QtQuick_Controls_designer["designer"]\n    node_venv_lib_python3_12_site-packages_PyQt6_Qt6_qml_QtQuick_Controls_designer --> node_venv_lib_python3_12_site-packages_PyQt6_Qt6_qml_QtQuick_Controls_designer_images["images"]\n    node_venv_lib_python3_12_site-packages_PyQt6_Qt6_qml_QtQuick_Controls_designer_images --> node_venv_lib_python3_12_site-packages_PyQt6_Qt6_qml_QtQuick_Controls_designer_images_combobox-icon16_png["combobox-icon16.png"]\n    Root --> node_venv["venv"]\n    node_venv --> node_venv_lib["lib"]\n    node_venv_lib --> node_venv_lib_python3_12["python3.12"]\n    node_venv_lib_python3_12 --> node_venv_lib_python3_12_site-packages["site-packages"]\n    node_venv_lib_python3_12_site-packages --> node_venv_lib_python3_12_site-packages_PyQt6["PyQt6"]\n    node_venv_lib_python3_12_site-packages_PyQt6 --> node_venv_lib_python3_12_site-packages_PyQt6_Qt6["Qt6"]\n    node_venv_lib_python3_12_site-packages_PyQt6_Qt6 --> node_venv_lib_python3_12_site-packages_PyQt6_Qt6_qml["qml"]\n    node_venv_lib_python3_12_site-packages_PyQt6_Qt6_qml --> node_venv_lib_python3_12_site-packages_PyQt6_Qt6_qml_QtQuick["QtQuick"]\n    node_venv_lib_python3_12_site-packages_PyQt6_Qt6_qml_QtQuick --> node_venv_lib_python3_12_site-packages_PyQt6_Qt6_qml_QtQuick_Controls["Controls"]\n    node_venv_lib_python3_12_site-packages_PyQt6_Qt6_qml_QtQuick_Controls --> node_venv_lib_python3_12_site-packages_PyQt6_Qt6_qml_QtQuick_Controls_designer["designer"]\n    node_venv_lib_python3_12_site-packages_PyQt6_Qt6_qml_QtQuick_Controls_designer --> node_venv_lib_python3_12_site-packages_PyQt6_Qt6_qml_QtQuick_Controls_designer_images["images"]\n    node_venv_lib_python3_12_site-packages_PyQt6_Qt6_qml_QtQuick_Controls_designer_images --> node_venv_lib_python3_12_site-packages_PyQt6_Qt6_qml_QtQuick_Controls_designer_images_combobox-icon@2x_png["combobox-icon@2x.png"]\n    Root --> node_venv["venv"]\n    node_venv --> node_venv_lib["lib"]\n    node_venv_lib --> node_venv_lib_python3_12["python3.12"]\n    node_venv_lib_python3_12 --> node_venv_lib_python3_12_site-packages["site-packages"]\n    node_venv_lib_python3_12_site-packages --> node_venv_lib_python3_12_site-packages_PyQt6["PyQt6"]\n    node_venv_lib_python3_12_site-packages_PyQt6 --> node_venv_lib_python3_12_site-packages_PyQt6_Qt6["Qt6"]\n    node_venv_lib_python3_12_site-packages_PyQt6_Qt6 --> node_venv_lib_python3_12_site-packages_PyQt6_Qt6_qml["qml"]\n    node_venv_lib_python3_12_site-packages_PyQt6_Qt6_qml --> node_venv_lib_python3_12_site-packages_PyQt6_Qt6_qml_QtQuick["QtQuick"]\n    node_venv_lib_python3_12_site-packages_PyQt6_Qt6_qml_QtQuick --> node_venv_lib_python3_12_site-packages_PyQt6_Qt6_qml_QtQuick_Controls["Controls"]\n    node_venv_lib_python3_12_site-packages_PyQt6_Qt6_qml_QtQuick_Controls --> node_venv_lib_python3_12_site-packages_PyQt6_Qt6_qml_QtQuick_Controls_designer["designer"]\n    node_venv_lib_python3_12_site-packages_PyQt6_Qt6_qml_QtQuick_Controls_designer --> node_venv_lib_python3_12_site-packages_PyQt6_Qt6_qml_QtQuick_Controls_designer_images["images"]\n    node_venv_lib_python3_12_site-packages_PyQt6_Qt6_qml_QtQuick_Controls_designer_images --> node_venv_lib_python3_12_site-packages_PyQt6_Qt6_qml_QtQuick_Controls_designer_images_control-icon_png["control-icon.png"]\n    Root --> node_venv["venv"]\n    node_venv --> node_venv_lib["lib"]\n    node_venv_lib --> node_venv_lib_python3_12["python3.12"]\n    node_venv_lib_python3_12 --> node_venv_lib_python3_12_site-packages["site-packages"]\n    node_venv_lib_python3_12_site-packages --> node_venv_lib_python3_12_site-packages_PyQt6["PyQt6"]\n    node_venv_lib_python3_12_site-packages_PyQt6 --> node_venv_lib_python3_12_site-packages_PyQt6_Qt6["Qt6"]\n    node_venv_lib_python3_12_site-packages_PyQt6_Qt6 --> node_venv_lib_python3_12_site-packages_PyQt6_Qt6_qml["qml"]\n    node_venv_lib_python3_12_site-packages_PyQt6_Qt6_qml --> node_venv_lib_python3_12_site-packages_PyQt6_Qt6_qml_QtQuick["QtQuick"]\n    node_venv_lib_python3_12_site-packages_PyQt6_Qt6_qml_QtQuick --> node_venv_lib_python3_12_site-packages_PyQt6_Qt6_qml_QtQuick_Controls["Controls"]\n    node_venv_lib_python3_12_site-packages_PyQt6_Qt6_qml_QtQuick_Controls --> node_venv_lib_python3_12_site-packages_PyQt6_Qt6_qml_QtQuick_Controls_designer["designer"]\n    node_venv_lib_python3_12_site-packages_PyQt6_Qt6_qml_QtQuick_Controls_designer --> node_venv_lib_python3_12_site-packages_PyQt6_Qt6_qml_QtQuick_Controls_designer_images["images"]\n    node_venv_lib_python3_12_site-packages_PyQt6_Qt6_qml_QtQuick_Controls_designer_images --> node_venv_lib_python3_12_site-packages_PyQt6_Qt6_qml_QtQuick_Controls_designer_images_control-icon16_png["control-icon16.png"]\n    Root --> node_venv["venv"]\n    node_venv --> node_venv_lib["lib"]\n    node_venv_lib --> node_venv_lib_python3_12["python3.12"]\n    node_venv_lib_python3_12 --> node_venv_lib_python3_12_site-packages["site-packages"]\n    node_venv_lib_python3_12_site-packages --> node_venv_lib_python3_12_site-packages_PyQt6["PyQt6"]\n    node_venv_lib_python3_12_site-packages_PyQt6 --> node_venv_lib_python3_12_site-packages_PyQt6_Qt6["Qt6"]\n    node_venv_lib_python3_12_site-packages_PyQt6_Qt6 --> node_venv_lib_python3_12_site-packages_PyQt6_Qt6_qml["qml"]\n    node_venv_lib_python3_12_site-packages_PyQt6_Qt6_qml --> node_venv_lib_python3_12_site-packages_PyQt6_Qt6_qml_QtQuick["QtQuick"]\n    node_venv_lib_python3_12_site-packages_PyQt6_Qt6_qml_QtQuick --> node_venv_lib_python3_12_site-packages_PyQt6_Qt6_qml_QtQuick_Controls["Controls"]\n    node_venv_lib_python3_12_site-packages_PyQt6_Qt6_qml_QtQuick_Controls --> node_venv_lib_python3_12_site-packages_PyQt6_Qt6_qml_QtQuick_Controls_designer["designer"]\n    node_venv_lib_python3_12_site-packages_PyQt6_Qt6_qml_QtQuick_Controls_designer --> node_venv_lib_python3_12_site-packages_PyQt6_Qt6_qml_QtQuick_Controls_designer_images["images"]\n    node_venv_lib_python3_12_site-packages_PyQt6_Qt6_qml_QtQuick_Controls_designer_images --> node_venv_lib_python3_12_site-packages_PyQt6_Qt6_qml_QtQuick_Controls_designer_images_control-icon@2x_png["control-icon@2x.png"]\n    Root --> node_venv["venv"]\n    node_venv --> node_venv_lib["lib"]\n    node_venv_lib --> node_venv_lib_python3_12["python3.12"]\n    node_venv_lib_python3_12 --> node_venv_lib_python3_12_site-packages["site-packages"]\n    node_venv_lib_python3_12_site-packages --> node_venv_lib_python3_12_site-packages_PyQt6["PyQt6"]\n    node_venv_lib_python3_12_site-packages_PyQt6 --> node_venv_lib_python3_12_site-packages_PyQt6_Qt6["Qt6"]\n    node_venv_lib_python3_12_site-packages_PyQt6_Qt6 --> node_venv_lib_python3_12_site-packages_PyQt6_Qt6_qml["qml"]\n    node_venv_lib_python3_12_site-packages_PyQt6_Qt6_qml --> node_venv_lib_python3_12_site-packages_PyQt6_Qt6_qml_QtQuick["QtQuick"]\n    node_venv_lib_python3_12_site-packages_PyQt6_Qt6_qml_QtQuick --> node_venv_lib_python3_12_site-packages_PyQt6_Qt6_qml_QtQuick_Controls["Controls"]\n    node_venv_lib_python3_12_site-packages_PyQt6_Qt6_qml_QtQuick_Controls --> node_venv_lib_python3_12_site-packages_PyQt6_Qt6_qml_QtQuick_Controls_designer["designer"]\n    node_venv_lib_python3_12_site-packages_PyQt6_Qt6_qml_QtQuick_Controls_designer --> node_venv_lib_python3_12_site-packages_PyQt6_Qt6_qml_QtQuick_Controls_designer_images["images"]\n    node_venv_lib_python3_12_site-packages_PyQt6_Qt6_qml_QtQuick_Controls_designer_images --> node_venv_lib_python3_12_site-packages_PyQt6_Qt6_qml_QtQuick_Controls_designer_images_delaybutton-icon_png["delaybutton-icon.png"]\n    Root --> node_venv["venv"]\n    node_venv --> node_venv_lib["lib"]\n    node_venv_lib --> node_venv_lib_python3_12["python3.12"]\n    node_venv_lib_python3_12 --> node_venv_lib_python3_12_site-packages["site-packages"]\n    node_venv_lib_python3_12_site-packages --> node_venv_lib_python3_12_site-packages_PyQt6["PyQt6"]\n    node_venv_lib_python3_12_site-packages_PyQt6 --> node_venv_lib_python3_12_site-packages_PyQt6_Qt6["Qt6"]\n    node_venv_lib_python3_12_site-packages_PyQt6_Qt6 --> node_venv_lib_python3_12_site-packages_PyQt6_Qt6_qml["qml"]\n    node_venv_lib_python3_12_site-packages_PyQt6_Qt6_qml --> node_venv_lib_python3_12_site-packages_PyQt6_Qt6_qml_QtQuick["QtQuick"]\n    node_venv_lib_python3_12_site-packages_PyQt6_Qt6_qml_QtQuick --> node_venv_lib_python3_12_site-packages_PyQt6_Qt6_qml_QtQuick_Controls["Controls"]\n    node_venv_lib_python3_12_site-packages_PyQt6_Qt6_qml_QtQuick_Controls --> node_venv_lib_python3_12_site-packages_PyQt6_Qt6_qml_QtQuick_Controls_designer["designer"]\n    node_venv_lib_python3_12_site-packages_PyQt6_Qt6_qml_QtQuick_Controls_designer --> node_venv_lib_python3_12_site-packages_PyQt6_Qt6_qml_QtQuick_Controls_designer_images["images"]\n    node_venv_lib_python3_12_site-packages_PyQt6_Qt6_qml_QtQuick_Controls_designer_images --> node_venv_lib_python3_12_site-packages_PyQt6_Qt6_qml_QtQuick_Controls_designer_images_delaybutton-icon16_png["delaybutton-icon16.png"]\n    Root --> node_venv["venv"]\n    node_venv --> node_venv_lib["lib"]\n    node_venv_lib --> node_venv_lib_python3_12["python3.12"]\n    node_venv_lib_python3_12 --> node_venv_lib_python3_12_site-packages["site-packages"]\n    node_venv_lib_python3_12_site-packages --> node_venv_lib_python3_12_site-packages_PyQt6["PyQt6"]\n    node_venv_lib_python3_12_site-packages_PyQt6 --> node_venv_lib_python3_12_site-packages_PyQt6_Qt6["Qt6"]\n    node_venv_lib_python3_12_site-packages_PyQt6_Qt6 --> node_venv_lib_python3_12_site-packages_PyQt6_Qt6_qml["qml"]\n    node_venv_lib_python3_12_site-packages_PyQt6_Qt6_qml --> node_venv_lib_python3_12_site-packages_PyQt6_Qt6_qml_QtQuick["QtQuick"]\n    node_venv_lib_python3_12_site-packages_PyQt6_Qt6_qml_QtQuick --> node_venv_lib_python3_12_site-packages_PyQt6_Qt6_qml_QtQuick_Controls["Controls"]\n    node_venv_lib_python3_12_site-packages_PyQt6_Qt6_qml_QtQuick_Controls --> node_venv_lib_python3_12_site-packages_PyQt6_Qt6_qml_QtQuick_Controls_designer["designer"]\n    node_venv_lib_python3_12_site-packages_PyQt6_Qt6_qml_QtQuick_Controls_designer --> node_venv_lib_python3_12_site-packages_PyQt6_Qt6_qml_QtQuick_Controls_designer_images["images"]\n    node_venv_lib_python3_12_site-packages_PyQt6_Qt6_qml_QtQuick_Controls_designer_images --> node_venv_lib_python3_12_site-packages_PyQt6_Qt6_qml_QtQuick_Controls_designer_images_delaybutton-icon@2x_png["delaybutton-icon@2x.png"]\n    Root --> node_venv["venv"]\n    node_venv --> node_venv_lib["lib"]\n    node_venv_lib --> node_venv_lib_python3_12["python3.12"]\n    node_venv_lib_python3_12 --> node_venv_lib_python3_12_site-packages["site-packages"]\n    node_venv_lib_python3_12_site-packages --> node_venv_lib_python3_12_site-packages_PyQt6["PyQt6"]\n    node_venv_lib_python3_12_site-packages_PyQt6 --> node_venv_lib_python3_12_site-packages_PyQt6_Qt6["Qt6"]\n    node_venv_lib_python3_12_site-packages_PyQt6_Qt6 --> node_venv_lib_python3_12_site-packages_PyQt6_Qt6_qml["qml"]\n    node_venv_lib_python3_12_site-packages_PyQt6_Qt6_qml --> node_venv_lib_python3_12_site-packages_PyQt6_Qt6_qml_QtQuick["QtQuick"]\n    node_venv_lib_python3_12_site-packages_PyQt6_Qt6_qml_QtQuick --> node_venv_lib_python3_12_site-packages_PyQt6_Qt6_qml_QtQuick_Controls["Controls"]\n    node_venv_lib_python3_12_site-packages_PyQt6_Qt6_qml_QtQuick_Controls --> node_venv_lib_python3_12_site-packages_PyQt6_Qt6_qml_QtQuick_Controls_designer["designer"]\n    node_venv_lib_python3_12_site-packages_PyQt6_Qt6_qml_QtQuick_Controls_designer --> node_venv_lib_python3_12_site-packages_PyQt6_Qt6_qml_QtQuick_Controls_designer_images["images"]\n    node_venv_lib_python3_12_site-packages_PyQt6_Qt6_qml_QtQuick_Controls_designer_images --> node_venv_lib_python3_12_site-packages_PyQt6_Qt6_qml_QtQuick_Controls_designer_images_dial-icon_png["dial-icon.png"]\n    Root --> node_venv["venv"]\n    node_venv --> node_venv_lib["lib"]\n    node_venv_lib --> node_venv_lib_python3_12["python3.12"]\n    node_venv_lib_python3_12 --> node_venv_lib_python3_12_site-packages["site-packages"]\n    node_venv_lib_python3_12_site-packages --> node_venv_lib_python3_12_site-packages_PyQt6["PyQt6"]\n    node_venv_lib_python3_12_site-packages_PyQt6 --> node_venv_lib_python3_12_site-packages_PyQt6_Qt6["Qt6"]\n    node_venv_lib_python3_12_site-packages_PyQt6_Qt6 --> node_venv_lib_python3_12_site-packages_PyQt6_Qt6_qml["qml"]\n    node_venv_lib_python3_12_site-packages_PyQt6_Qt6_qml --> node_venv_lib_python3_12_site-packages_PyQt6_Qt6_qml_QtQuick["QtQuick"]\n    node_venv_lib_python3_12_site-packages_PyQt6_Qt6_qml_QtQuick --> node_venv_lib_python3_12_site-packages_PyQt6_Qt6_qml_QtQuick_Controls["Controls"]\n    node_venv_lib_python3_12_site-packages_PyQt6_Qt6_qml_QtQuick_Controls --> node_venv_lib_python3_12_site-packages_PyQt6_Qt6_qml_QtQuick_Controls_designer["designer"]\n    node_venv_lib_python3_12_site-packages_PyQt6_Qt6_qml_QtQuick_Controls_designer --> node_venv_lib_python3_12_site-packages_PyQt6_Qt6_qml_QtQuick_Controls_designer_images["images"]\n    node_venv_lib_python3_12_site-packages_PyQt6_Qt6_qml_QtQuick_Controls_designer_images --> node_venv_lib_python3_12_site-packages_PyQt6_Qt6_qml_QtQuick_Controls_designer_images_dial-icon16_png["dial-icon16.png"]\n    Root --> node_venv["venv"]\n    node_venv --> node_venv_lib["lib"]\n    node_venv_lib --> node_venv_lib_python3_12["python3.12"]\n    node_venv_lib_python3_12 --> node_venv_lib_python3_12_site-packages["site-packages"]\n    node_venv_lib_python3_12_site-packages --> node_venv_lib_python3_12_site-packages_PyQt6["PyQt6"]\n    node_venv_lib_python3_12_site-packages_PyQt6 --> node_venv_lib_python3_12_site-packages_PyQt6_Qt6["Qt6"]\n    node_venv_lib_python3_12_site-packages_PyQt6_Qt6 --> node_venv_lib_python3_12_site-packages_PyQt6_Qt6_qml["qml"]\n    node_venv_lib_python3_12_site-packages_PyQt6_Qt6_qml --> node_venv_lib_python3_12_site-packages_PyQt6_Qt6_qml_QtQuick["QtQuick"]\n    node_venv_lib_python3_12_site-packages_PyQt6_Qt6_qml_QtQuick --> node_venv_lib_python3_12_site-packages_PyQt6_Qt6_qml_QtQuick_Controls["Controls"]\n    node_venv_lib_python3_12_site-packages_PyQt6_Qt6_qml_QtQuick_Controls --> node_venv_lib_python3_12_site-packages_PyQt6_Qt6_qml_QtQuick_Controls_designer["designer"]\n    node_venv_lib_python3_12_site-packages_PyQt6_Qt6_qml_QtQuick_Controls_designer --> node_venv_lib_python3_12_site-packages_PyQt6_Qt6_qml_QtQuick_Controls_designer_images["images"]\n    node_venv_lib_python3_12_site-packages_PyQt6_Qt6_qml_QtQuick_Controls_designer_images --> node_venv_lib_python3_12_site-packages_PyQt6_Qt6_qml_QtQuick_Controls_designer_images_dial-icon@2x_png["dial-icon@2x.png"]\n    Root --> node_venv["venv"]\n    node_venv --> node_venv_lib["lib"]\n    node_venv_lib --> node_venv_lib_python3_12["python3.12"]\n    node_venv_lib_python3_12 --> node_venv_lib_python3_12_site-packages["site-packages"]\n    node_venv_lib_python3_12_site-packages --> node_venv_lib_python3_12_site-packages_PyQt6["PyQt6"]\n    node_venv_lib_python3_12_site-packages_PyQt6 --> node_venv_lib_python3_12_site-packages_PyQt6_Qt6["Qt6"]\n    node_venv_lib_python3_12_site-packages_PyQt6_Qt6 --> node_venv_lib_python3_12_site-packages_PyQt6_Qt6_qml["qml"]\n    node_venv_lib_python3_12_site-packages_PyQt6_Qt6_qml --> node_venv_lib_python3_12_site-packages_PyQt6_Qt6_qml_QtQuick["QtQuick"]\n    node_venv_lib_python3_12_site-packages_PyQt6_Qt6_qml_QtQuick --> node_venv_lib_python3_12_site-packages_PyQt6_Qt6_qml_QtQuick_Controls["Controls"]\n    node_venv_lib_python3_12_site-packages_PyQt6_Qt6_qml_QtQuick_Controls --> node_venv_lib_python3_12_site-packages_PyQt6_Qt6_qml_QtQuick_Controls_designer["designer"]\n    node_venv_lib_python3_12_site-packages_PyQt6_Qt6_qml_QtQuick_Controls_designer --> node_venv_lib_python3_12_site-packages_PyQt6_Qt6_qml_QtQuick_Controls_designer_images["images"]\n    node_venv_lib_python3_12_site-packages_PyQt6_Qt6_qml_QtQuick_Controls_designer_images --> node_venv_lib_python3_12_site-packages_PyQt6_Qt6_qml_QtQuick_Controls_designer_images_frame-icon_png["frame-icon.png"]\n    Root --> node_venv["venv"]\n    node_venv --> node_venv_lib["lib"]\n    node_venv_lib --> node_venv_lib_python3_12["python3.12"]\n    node_venv_lib_python3_12 --> node_venv_lib_python3_12_site-packages["site-packages"]\n    node_venv_lib_python3_12_site-packages --> node_venv_lib_python3_12_site-packages_PyQt6["PyQt6"]\n    node_venv_lib_python3_12_site-packages_PyQt6 --> node_venv_lib_python3_12_site-packages_PyQt6_Qt6["Qt6"]\n    node_venv_lib_python3_12_site-packages_PyQt6_Qt6 --> node_venv_lib_python3_12_site-packages_PyQt6_Qt6_qml["qml"]\n    node_venv_lib_python3_12_site-packages_PyQt6_Qt6_qml --> node_venv_lib_python3_12_site-packages_PyQt6_Qt6_qml_QtQuick["QtQuick"]\n    node_venv_lib_python3_12_site-packages_PyQt6_Qt6_qml_QtQuick --> node_venv_lib_python3_12_site-packages_PyQt6_Qt6_qml_QtQuick_Controls["Controls"]\n    node_venv_lib_python3_12_site-packages_PyQt6_Qt6_qml_QtQuick_Controls --> node_venv_lib_python3_12_site-packages_PyQt6_Qt6_qml_QtQuick_Controls_designer["designer"]\n    node_venv_lib_python3_12_site-packages_PyQt6_Qt6_qml_QtQuick_Controls_designer --> node_venv_lib_python3_12_site-packages_PyQt6_Qt6_qml_QtQuick_Controls_designer_images["images"]\n    node_venv_lib_python3_12_site-packages_PyQt6_Qt6_qml_QtQuick_Controls_designer_images --> node_venv_lib_python3_12_site-packages_PyQt6_Qt6_qml_QtQuick_Controls_designer_images_frame-icon16_png["frame-icon16.png"]\n    Root --> node_venv["venv"]\n    node_venv --> node_venv_lib["lib"]\n    node_venv_lib --> node_venv_lib_python3_12["python3.12"]\n    node_venv_lib_python3_12 --> node_venv_lib_python3_12_site-packages["site-packages"]\n    node_venv_lib_python3_12_site-packages --> node_venv_lib_python3_12_site-packages_PyQt6["PyQt6"]\n    node_venv_lib_python3_12_site-packages_PyQt6 --> node_venv_lib_python3_12_site-packages_PyQt6_Qt6["Qt6"]\n    node_venv_lib_python3_12_site-packages_PyQt6_Qt6 --> node_venv_lib_python3_12_site-packages_PyQt6_Qt6_qml["qml"]\n    node_venv_lib_python3_12_site-packages_PyQt6_Qt6_qml --> node_venv_lib_python3_12_site-packages_PyQt6_Qt6_qml_QtQuick["QtQuick"]\n    node_venv_lib_python3_12_site-packages_PyQt6_Qt6_qml_QtQuick --> node_venv_lib_python3_12_site-packages_PyQt6_Qt6_qml_QtQuick_Controls["Controls"]\n    node_venv_lib_python3_12_site-packages_PyQt6_Qt6_qml_QtQuick_Controls --> node_venv_lib_python3_12_site-packages_PyQt6_Qt6_qml_QtQuick_Controls_designer["designer"]\n    node_venv_lib_python3_12_site-packages_PyQt6_Qt6_qml_QtQuick_Controls_designer --> node_venv_lib_python3_12_site-packages_PyQt6_Qt6_qml_QtQuick_Controls_designer_images["images"]\n    node_venv_lib_python3_12_site-packages_PyQt6_Qt6_qml_QtQuick_Controls_designer_images --> node_venv_lib_python3_12_site-packages_PyQt6_Qt6_qml_QtQuick_Controls_designer_images_frame-icon@2x_png["frame-icon@2x.png"]\n    Root --> node_venv["venv"]\n    node_venv --> node_venv_lib["lib"]\n    node_venv_lib --> node_venv_lib_python3_12["python3.12"]\n    node_venv_lib_python3_12 --> node_venv_lib_python3_12_site-packages["site-packages"]\n    node_venv_lib_python3_12_site-packages --> node_venv_lib_python3_12_site-packages_PyQt6["PyQt6"]\n    node_venv_lib_python3_12_site-packages_PyQt6 --> node_venv_lib_python3_12_site-packages_PyQt6_Qt6["Qt6"]\n    node_venv_lib_python3_12_site-packages_PyQt6_Qt6 --> node_venv_lib_python3_12_site-packages_PyQt6_Qt6_qml["qml"]\n    node_venv_lib_python3_12_site-packages_PyQt6_Qt6_qml --> node_venv_lib_python3_12_site-packages_PyQt6_Qt6_qml_QtQuick["QtQuick"]\n    node_venv_lib_python3_12_site-packages_PyQt6_Qt6_qml_QtQuick --> node_venv_lib_python3_12_site-packages_PyQt6_Qt6_qml_QtQuick_Controls["Controls"]\n    node_venv_lib_python3_12_site-packages_PyQt6_Qt6_qml_QtQuick_Controls --> node_venv_lib_python3_12_site-packages_PyQt6_Qt6_qml_QtQuick_Controls_designer["designer"]\n    node_venv_lib_python3_12_site-packages_PyQt6_Qt6_qml_QtQuick_Controls_designer --> node_venv_lib_python3_12_site-packages_PyQt6_Qt6_qml_QtQuick_Controls_designer_images["images"]\n    node_venv_lib_python3_12_site-packages_PyQt6_Qt6_qml_QtQuick_Controls_designer_images --> node_venv_lib_python3_12_site-packages_PyQt6_Qt6_qml_QtQuick_Controls_designer_images_groupbox-icon_png["groupbox-icon.png"]\n    Root --> node_venv["venv"]\n    node_venv --> node_venv_lib["lib"]\n    node_venv_lib --> node_venv_lib_python3_12["python3.12"]\n    node_venv_lib_python3_12 --> node_venv_lib_python3_12_site-packages["site-packages"]\n    node_venv_lib_python3_12_site-packages --> node_venv_lib_python3_12_site-packages_PyQt6["PyQt6"]\n    node_venv_lib_python3_12_site-packages_PyQt6 --> node_venv_lib_python3_12_site-packages_PyQt6_Qt6["Qt6"]\n    node_venv_lib_python3_12_site-packages_PyQt6_Qt6 --> node_venv_lib_python3_12_site-packages_PyQt6_Qt6_qml["qml"]\n    node_venv_lib_python3_12_site-packages_PyQt6_Qt6_qml --> node_venv_lib_python3_12_site-packages_PyQt6_Qt6_qml_QtQuick["QtQuick"]\n    node_venv_lib_python3_12_site-packages_PyQt6_Qt6_qml_QtQuick --> node_venv_lib_python3_12_site-packages_PyQt6_Qt6_qml_QtQuick_Controls["Controls"]\n    node_venv_lib_python3_12_site-packages_PyQt6_Qt6_qml_QtQuick_Controls --> node_venv_lib_python3_12_site-packages_PyQt6_Qt6_qml_QtQuick_Controls_designer["designer"]\n    node_venv_lib_python3_12_site-packages_PyQt6_Qt6_qml_QtQuick_Controls_designer --> node_venv_lib_python3_12_site-packages_PyQt6_Qt6_qml_QtQuick_Controls_designer_images["images"]\n    node_venv_lib_python3_12_site-packages_PyQt6_Qt6_qml_QtQuick_Controls_designer_images --> node_venv_lib_python3_12_site-packages_PyQt6_Qt6_qml_QtQuick_Controls_designer_images_groupbox-icon16_png["groupbox-icon16.png"]\n    Root --> node_venv["venv"]\n    node_venv --> node_venv_lib["lib"]\n    node_venv_lib --> node_venv_lib_python3_12["python3.12"]\n    node_venv_lib_python3_12 --> node_venv_lib_python3_12_site-packages["site-packages"]\n    node_venv_lib_python3_12_site-packages --> node_venv_lib_python3_12_site-packages_PyQt6["PyQt6"]\n    node_venv_lib_python3_12_site-packages_PyQt6 --> node_venv_lib_python3_12_site-packages_PyQt6_Qt6["Qt6"]\n    node_venv_lib_python3_12_site-packages_PyQt6_Qt6 --> node_venv_lib_python3_12_site-packages_PyQt6_Qt6_qml["qml"]\n    node_venv_lib_python3_12_site-packages_PyQt6_Qt6_qml --> node_venv_lib_python3_12_site-packages_PyQt6_Qt6_qml_QtQuick["QtQuick"]\n    node_venv_lib_python3_12_site-packages_PyQt6_Qt6_qml_QtQuick --> node_venv_lib_python3_12_site-packages_PyQt6_Qt6_qml_QtQuick_Controls["Controls"]\n    node_venv_lib_python3_12_site-packages_PyQt6_Qt6_qml_QtQuick_Controls --> node_venv_lib_python3_12_site-packages_PyQt6_Qt6_qml_QtQuick_Controls_designer["designer"]\n    node_venv_lib_python3_12_site-packages_PyQt6_Qt6_qml_QtQuick_Controls_designer --> node_venv_lib_python3_12_site-packages_PyQt6_Qt6_qml_QtQuick_Controls_designer_images["images"]\n    node_venv_lib_python3_12_site-packages_PyQt6_Qt6_qml_QtQuick_Controls_designer_images --> node_venv_lib_python3_12_site-packages_PyQt6_Qt6_qml_QtQuick_Controls_designer_images_groupbox-icon@2x_png["groupbox-icon@2x.png"]\n    Root --> node_venv["venv"]\n    node_venv --> node_venv_lib["lib"]\n    node_venv_lib --> node_venv_lib_python3_12["python3.12"]\n    node_venv_lib_python3_12 --> node_venv_lib_python3_12_site-packages["site-packages"]\n    node_venv_lib_python3_12_site-packages --> node_venv_lib_python3_12_site-packages_PyQt6["PyQt6"]\n    node_venv_lib_python3_12_site-packages_PyQt6 --> node_venv_lib_python3_12_site-packages_PyQt6_Qt6["Qt6"]\n    node_venv_lib_python3_12_site-packages_PyQt6_Qt6 --> node_venv_lib_python3_12_site-packages_PyQt6_Qt6_qml["qml"]\n    node_venv_lib_python3_12_site-packages_PyQt6_Qt6_qml --> node_venv_lib_python3_12_site-packages_PyQt6_Qt6_qml_QtQuick["QtQuick"]\n    node_venv_lib_python3_12_site-packages_PyQt6_Qt6_qml_QtQuick --> node_venv_lib_python3_12_site-packages_PyQt6_Qt6_qml_QtQuick_Controls["Controls"]\n    node_venv_lib_python3_12_site-packages_PyQt6_Qt6_qml_QtQuick_Controls --> node_venv_lib_python3_12_site-packages_PyQt6_Qt6_qml_QtQuick_Controls_designer["designer"]\n    node_venv_lib_python3_12_site-packages_PyQt6_Qt6_qml_QtQuick_Controls_designer --> node_venv_lib_python3_12_site-packages_PyQt6_Qt6_qml_QtQuick_Controls_designer_images["images"]\n    node_venv_lib_python3_12_site-packages_PyQt6_Qt6_qml_QtQuick_Controls_designer_images --> node_venv_lib_python3_12_site-packages_PyQt6_Qt6_qml_QtQuick_Controls_designer_images_itemdelegate-icon_png["itemdelegate-icon.png"]\n    Root --> node_venv["venv"]\n    node_venv --> node_venv_lib["lib"]\n    node_venv_lib --> node_venv_lib_python3_12["python3.12"]\n    node_venv_lib_python3_12 --> node_venv_lib_python3_12_site-packages["site-packages"]\n    node_venv_lib_python3_12_site-packages --> node_venv_lib_python3_12_site-packages_PyQt6["PyQt6"]\n    node_venv_lib_python3_12_site-packages_PyQt6 --> node_venv_lib_python3_12_site-packages_PyQt6_Qt6["Qt6"]\n    node_venv_lib_python3_12_site-packages_PyQt6_Qt6 --> node_venv_lib_python3_12_site-packages_PyQt6_Qt6_qml["qml"]\n    node_venv_lib_python3_12_site-packages_PyQt6_Qt6_qml --> node_venv_lib_python3_12_site-packages_PyQt6_Qt6_qml_QtQuick["QtQuick"]\n    node_venv_lib_python3_12_site-packages_PyQt6_Qt6_qml_QtQuick --> node_venv_lib_python3_12_site-packages_PyQt6_Qt6_qml_QtQuick_Controls["Controls"]\n    node_venv_lib_python3_12_site-packages_PyQt6_Qt6_qml_QtQuick_Controls --> node_venv_lib_python3_12_site-packages_PyQt6_Qt6_qml_QtQuick_Controls_designer["designer"]\n    node_venv_lib_python3_12_site-packages_PyQt6_Qt6_qml_QtQuick_Controls_designer --> node_venv_lib_python3_12_site-packages_PyQt6_Qt6_qml_QtQuick_Controls_designer_images["images"]\n    node_venv_lib_python3_12_site-packages_PyQt6_Qt6_qml_QtQuick_Controls_designer_images --> node_venv_lib_python3_12_site-packages_PyQt6_Qt6_qml_QtQuick_Controls_designer_images_itemdelegate-icon16_png["itemdelegate-icon16.png"]\n    Root --> node_venv["venv"]\n    node_venv --> node_venv_lib["lib"]\n    node_venv_lib --> node_venv_lib_python3_12["python3.12"]\n    node_venv_lib_python3_12 --> node_venv_lib_python3_12_site-packages["site-packages"]\n    node_venv_lib_python3_12_site-packages --> node_venv_lib_python3_12_site-packages_PyQt6["PyQt6"]\n    node_venv_lib_python3_12_site-packages_PyQt6 --> node_venv_lib_python3_12_site-packages_PyQt6_Qt6["Qt6"]\n    node_venv_lib_python3_12_site-packages_PyQt6_Qt6 --> node_venv_lib_python3_12_site-packages_PyQt6_Qt6_qml["qml"]\n    node_venv_lib_python3_12_site-packages_PyQt6_Qt6_qml --> node_venv_lib_python3_12_site-packages_PyQt6_Qt6_qml_QtQuick["QtQuick"]\n    node_venv_lib_python3_12_site-packages_PyQt6_Qt6_qml_QtQuick --> node_venv_lib_python3_12_site-packages_PyQt6_Qt6_qml_QtQuick_Controls["Controls"]\n    node_venv_lib_python3_12_site-packages_PyQt6_Qt6_qml_QtQuick_Controls --> node_venv_lib_python3_12_site-packages_PyQt6_Qt6_qml_QtQuick_Controls_designer["designer"]\n    node_venv_lib_python3_12_site-packages_PyQt6_Qt6_qml_QtQuick_Controls_designer --> node_venv_lib_python3_12_site-packages_PyQt6_Qt6_qml_QtQuick_Controls_designer_images["images"]\n    node_venv_lib_python3_12_site-packages_PyQt6_Qt6_qml_QtQuick_Controls_designer_images --> node_venv_lib_python3_12_site-packages_PyQt6_Qt6_qml_QtQuick_Controls_designer_images_itemdelegate-icon@2x_png["itemdelegate-icon@2x.png"]\n    Root --> node_venv["venv"]\n    node_venv --> node_venv_lib["lib"]\n    node_venv_lib --> node_venv_lib_python3_12["python3.12"]\n    node_venv_lib_python3_12 --> node_venv_lib_python3_12_site-packages["site-packages"]\n    node_venv_lib_python3_12_site-packages --> node_venv_lib_python3_12_site-packages_PyQt6["PyQt6"]\n    node_venv_lib_python3_12_site-packages_PyQt6 --> node_venv_lib_python3_12_site-packages_PyQt6_Qt6["Qt6"]\n    node_venv_lib_python3_12_site-packages_PyQt6_Qt6 --> node_venv_lib_python3_12_site-packages_PyQt6_Qt6_qml["qml"]\n    node_venv_lib_python3_12_site-packages_PyQt6_Qt6_qml --> node_venv_lib_python3_12_site-packages_PyQt6_Qt6_qml_QtQuick["QtQuick"]\n    node_venv_lib_python3_12_site-packages_PyQt6_Qt6_qml_QtQuick --> node_venv_lib_python3_12_site-packages_PyQt6_Qt6_qml_QtQuick_Controls["Controls"]\n    node_venv_lib_python3_12_site-packages_PyQt6_Qt6_qml_QtQuick_Controls --> node_venv_lib_python3_12_site-packages_PyQt6_Qt6_qml_QtQuick_Controls_designer["designer"]\n    node_venv_lib_python3_12_site-packages_PyQt6_Qt6_qml_QtQuick_Controls_designer --> node_venv_lib_python3_12_site-packages_PyQt6_Qt6_qml_QtQuick_Controls_designer_images["images"]\n    node_venv_lib_python3_12_site-packages_PyQt6_Qt6_qml_QtQuick_Controls_designer_images --> node_venv_lib_python3_12_site-packages_PyQt6_Qt6_qml_QtQuick_Controls_designer_images_label-icon_png["label-icon.png"]\n    Root --> node_venv["venv"]\n    node_venv --> node_venv_lib["lib"]\n    node_venv_lib --> node_venv_lib_python3_12["python3.12"]\n    node_venv_lib_python3_12 --> node_venv_lib_python3_12_site-packages["site-packages"]\n    node_venv_lib_python3_12_site-packages --> node_venv_lib_python3_12_site-packages_PyQt6["PyQt6"]\n    node_venv_lib_python3_12_site-packages_PyQt6 --> node_venv_lib_python3_12_site-packages_PyQt6_Qt6["Qt6"]\n    node_venv_lib_python3_12_site-packages_PyQt6_Qt6 --> node_venv_lib_python3_12_site-packages_PyQt6_Qt6_qml["qml"]\n    node_venv_lib_python3_12_site-packages_PyQt6_Qt6_qml --> node_venv_lib_python3_12_site-packages_PyQt6_Qt6_qml_QtQuick["QtQuick"]\n    node_venv_lib_python3_12_site-packages_PyQt6_Qt6_qml_QtQuick --> node_venv_lib_python3_12_site-packages_PyQt6_Qt6_qml_QtQuick_Controls["Controls"]\n    node_venv_lib_python3_12_site-packages_PyQt6_Qt6_qml_QtQuick_Controls --> node_venv_lib_python3_12_site-packages_PyQt6_Qt6_qml_QtQuick_Controls_designer["designer"]\n    node_venv_lib_python3_12_site-packages_PyQt6_Qt6_qml_QtQuick_Controls_designer --> node_venv_lib_python3_12_site-packages_PyQt6_Qt6_qml_QtQuick_Controls_designer_images["images"]\n    node_venv_lib_python3_12_site-packages_PyQt6_Qt6_qml_QtQuick_Controls_designer_images --> node_venv_lib_python3_12_site-packages_PyQt6_Qt6_qml_QtQuick_Controls_designer_images_label-icon16_png["label-icon16.png"]\n    Root --> node_venv["venv"]\n    node_venv --> node_venv_lib["lib"]\n    node_venv_lib --> node_venv_lib_python3_12["python3.12"]\n    node_venv_lib_python3_12 --> node_venv_lib_python3_12_site-packages["site-packages"]\n    node_venv_lib_python3_12_site-packages --> node_venv_lib_python3_12_site-packages_PyQt6["PyQt6"]\n    node_venv_lib_python3_12_site-packages_PyQt6 --> node_venv_lib_python3_12_site-packages_PyQt6_Qt6["Qt6"]\n    node_venv_lib_python3_12_site-packages_PyQt6_Qt6 --> node_venv_lib_python3_12_site-packages_PyQt6_Qt6_qml["qml"]\n    node_venv_lib_python3_12_site-packages_PyQt6_Qt6_qml --> node_venv_lib_python3_12_site-packages_PyQt6_Qt6_qml_QtQuick["QtQuick"]\n    node_venv_lib_python3_12_site-packages_PyQt6_Qt6_qml_QtQuick --> node_venv_lib_python3_12_site-packages_PyQt6_Qt6_qml_QtQuick_Controls["Controls"]\n    node_venv_lib_python3_12_site-packages_PyQt6_Qt6_qml_QtQuick_Controls --> node_venv_lib_python3_12_site-packages_PyQt6_Qt6_qml_QtQuick_Controls_designer["designer"]\n    node_venv_lib_python3_12_site-packages_PyQt6_Qt6_qml_QtQuick_Controls_designer --> node_venv_lib_python3_12_site-packages_PyQt6_Qt6_qml_QtQuick_Controls_designer_images["images"]\n    node_venv_lib_python3_12_site-packages_PyQt6_Qt6_qml_QtQuick_Controls_designer_images --> node_venv_lib_python3_12_site-packages_PyQt6_Qt6_qml_QtQuick_Controls_designer_images_label-icon@2x_png["label-icon@2x.png"]\n    Root --> node_venv["venv"]\n    node_venv --> node_venv_lib["lib"]\n    node_venv_lib --> node_venv_lib_python3_12["python3.12"]\n    node_venv_lib_python3_12 --> node_venv_lib_python3_12_site-packages["site-packages"]\n    node_venv_lib_python3_12_site-packages --> node_venv_lib_python3_12_site-packages_PyQt6["PyQt6"]\n    node_venv_lib_python3_12_site-packages_PyQt6 --> node_venv_lib_python3_12_site-packages_PyQt6_Qt6["Qt6"]\n    node_venv_lib_python3_12_site-packages_PyQt6_Qt6 --> node_venv_lib_python3_12_site-packages_PyQt6_Qt6_qml["qml"]\n    node_venv_lib_python3_12_site-packages_PyQt6_Qt6_qml --> node_venv_lib_python3_12_site-packages_PyQt6_Qt6_qml_QtQuick["QtQuick"]\n    node_venv_lib_python3_12_site-packages_PyQt6_Qt6_qml_QtQuick --> node_venv_lib_python3_12_site-packages_PyQt6_Qt6_qml_QtQuick_Controls["Controls"]\n    node_venv_lib_python3_12_site-packages_PyQt6_Qt6_qml_QtQuick_Controls --> node_venv_lib_python3_12_site-packages_PyQt6_Qt6_qml_QtQuick_Controls_designer["designer"]\n    node_venv_lib_python3_12_site-packages_PyQt6_Qt6_qml_QtQuick_Controls_designer --> node_venv_lib_python3_12_site-packages_PyQt6_Qt6_qml_QtQuick_Controls_designer_images["images"]\n    node_venv_lib_python3_12_site-packages_PyQt6_Qt6_qml_QtQuick_Controls_designer_images --> node_venv_lib_python3_12_site-packages_PyQt6_Qt6_qml_QtQuick_Controls_designer_images_page-icon_png["page-icon.png"]\n    Root --> node_venv["venv"]\n    node_venv --> node_venv_lib["lib"]\n    node_venv_lib --> node_venv_lib_python3_12["python3.12"]\n    node_venv_lib_python3_12 --> node_venv_lib_python3_12_site-packages["site-packages"]\n    node_venv_lib_python3_12_site-packages --> node_venv_lib_python3_12_site-packages_PyQt6["PyQt6"]\n    node_venv_lib_python3_12_site-packages_PyQt6 --> node_venv_lib_python3_12_site-packages_PyQt6_Qt6["Qt6"]\n    node_venv_lib_python3_12_site-packages_PyQt6_Qt6 --> node_venv_lib_python3_12_site-packages_PyQt6_Qt6_qml["qml"]\n    node_venv_lib_python3_12_site-packages_PyQt6_Qt6_qml --> node_venv_lib_python3_12_site-packages_PyQt6_Qt6_qml_QtQuick["QtQuick"]\n    node_venv_lib_python3_12_site-packages_PyQt6_Qt6_qml_QtQuick --> node_venv_lib_python3_12_site-packages_PyQt6_Qt6_qml_QtQuick_Controls["Controls"]\n    node_venv_lib_python3_12_site-packages_PyQt6_Qt6_qml_QtQuick_Controls --> node_venv_lib_python3_12_site-packages_PyQt6_Qt6_qml_QtQuick_Controls_designer["designer"]\n    node_venv_lib_python3_12_site-packages_PyQt6_Qt6_qml_QtQuick_Controls_designer --> node_venv_lib_python3_12_site-packages_PyQt6_Qt6_qml_QtQuick_Controls_designer_images["images"]\n    node_venv_lib_python3_12_site-packages_PyQt6_Qt6_qml_QtQuick_Controls_designer_images --> node_venv_lib_python3_12_site-packages_PyQt6_Qt6_qml_QtQuick_Controls_designer_images_page-icon16_png["page-icon16.png"]\n    Root --> node_venv["venv"]\n    node_venv --> node_venv_lib["lib"]\n    node_venv_lib --> node_venv_lib_python3_12["python3.12"]\n    node_venv_lib_python3_12 --> node_venv_lib_python3_12_site-packages["site-packages"]\n    node_venv_lib_python3_12_site-packages --> node_venv_lib_python3_12_site-packages_PyQt6["PyQt6"]\n    node_venv_lib_python3_12_site-packages_PyQt6 --> node_venv_lib_python3_12_site-packages_PyQt6_Qt6["Qt6"]\n    node_venv_lib_python3_12_site-packages_PyQt6_Qt6 --> node_venv_lib_python3_12_site-packages_PyQt6_Qt6_qml["qml"]\n    node_venv_lib_python3_12_site-packages_PyQt6_Qt6_qml --> node_venv_lib_python3_12_site-packages_PyQt6_Qt6_qml_QtQuick["QtQuick"]\n    node_venv_lib_python3_12_site-packages_PyQt6_Qt6_qml_QtQuick --> node_venv_lib_python3_12_site-packages_PyQt6_Qt6_qml_QtQuick_Controls["Controls"]\n    node_venv_lib_python3_12_site-packages_PyQt6_Qt6_qml_QtQuick_Controls --> node_venv_lib_python3_12_site-packages_PyQt6_Qt6_qml_QtQuick_Controls_designer["designer"]\n    node_venv_lib_python3_12_site-packages_PyQt6_Qt6_qml_QtQuick_Controls_designer --> node_venv_lib_python3_12_site-packages_PyQt6_Qt6_qml_QtQuick_Controls_designer_images["images"]\n    node_venv_lib_python3_12_site-packages_PyQt6_Qt6_qml_QtQuick_Controls_designer_images --> node_venv_lib_python3_12_site-packages_PyQt6_Qt6_qml_QtQuick_Controls_designer_images_page-icon@2x_png["page-icon@2x.png"]\n    Root --> node_venv["venv"]\n    node_venv --> node_venv_lib["lib"]\n    node_venv_lib --> node_venv_lib_python3_12["python3.12"]\n    node_venv_lib_python3_12 --> node_venv_lib_python3_12_site-packages["site-packages"]\n    node_venv_lib_python3_12_site-packages --> node_venv_lib_python3_12_site-packages_PyQt6["PyQt6"]\n    node_venv_lib_python3_12_site-packages_PyQt6 --> node_venv_lib_python3_12_site-packages_PyQt6_Qt6["Qt6"]\n    node_venv_lib_python3_12_site-packages_PyQt6_Qt6 --> node_venv_lib_python3_12_site-packages_PyQt6_Qt6_qml["qml"]\n    node_venv_lib_python3_12_site-packages_PyQt6_Qt6_qml --> node_venv_lib_python3_12_site-packages_PyQt6_Qt6_qml_QtQuick["QtQuick"]\n    node_venv_lib_python3_12_site-packages_PyQt6_Qt6_qml_QtQuick --> node_venv_lib_python3_12_site-packages_PyQt6_Qt6_qml_QtQuick_Controls["Controls"]\n    node_venv_lib_python3_12_site-packages_PyQt6_Qt6_qml_QtQuick_Controls --> node_venv_lib_python3_12_site-packages_PyQt6_Qt6_qml_QtQuick_Controls_designer["designer"]\n    node_venv_lib_python3_12_site-packages_PyQt6_Qt6_qml_QtQuick_Controls_designer --> node_venv_lib_python3_12_site-packages_PyQt6_Qt6_qml_QtQuick_Controls_designer_images["images"]\n    node_venv_lib_python3_12_site-packages_PyQt6_Qt6_qml_QtQuick_Controls_designer_images --> node_venv_lib_python3_12_site-packages_PyQt6_Qt6_qml_QtQuick_Controls_designer_images_pageindicator-icon_png["pageindicator-icon.png"]\n    Root --> node_venv["venv"]\n    node_venv --> node_venv_lib["lib"]\n    node_venv_lib --> node_venv_lib_python3_12["python3.12"]\n    node_venv_lib_python3_12 --> node_venv_lib_python3_12_site-packages["site-packages"]\n    node_venv_lib_python3_12_site-packages --> node_venv_lib_python3_12_site-packages_PyQt6["PyQt6"]\n    node_venv_lib_python3_12_site-packages_PyQt6 --> node_venv_lib_python3_12_site-packages_PyQt6_Qt6["Qt6"]\n    node_venv_lib_python3_12_site-packages_PyQt6_Qt6 --> node_venv_lib_python3_12_site-packages_PyQt6_Qt6_qml["qml"]\n    node_venv_lib_python3_12_site-packages_PyQt6_Qt6_qml --> node_venv_lib_python3_12_site-packages_PyQt6_Qt6_qml_QtQuick["QtQuick"]\n    node_venv_lib_python3_12_site-packages_PyQt6_Qt6_qml_QtQuick --> node_venv_lib_python3_12_site-packages_PyQt6_Qt6_qml_QtQuick_Controls["Controls"]\n    node_venv_lib_python3_12_site-packages_PyQt6_Qt6_qml_QtQuick_Controls --> node_venv_lib_python3_12_site-packages_PyQt6_Qt6_qml_QtQuick_Controls_designer["designer"]\n    node_venv_lib_python3_12_site-packages_PyQt6_Qt6_qml_QtQuick_Controls_designer --> node_venv_lib_python3_12_site-packages_PyQt6_Qt6_qml_QtQuick_Controls_designer_images["images"]\n    node_venv_lib_python3_12_site-packages_PyQt6_Qt6_qml_QtQuick_Controls_designer_images --> node_venv_lib_python3_12_site-packages_PyQt6_Qt6_qml_QtQuick_Controls_designer_images_pageindicator-icon16_png["pageindicator-icon16.png"]\n    Root --> node_venv["venv"]\n    node_venv --> node_venv_lib["lib"]\n    node_venv_lib --> node_venv_lib_python3_12["python3.12"]\n    node_venv_lib_python3_12 --> node_venv_lib_python3_12_site-packages["site-packages"]\n    node_venv_lib_python3_12_site-packages --> node_venv_lib_python3_12_site-packages_PyQt6["PyQt6"]\n    node_venv_lib_python3_12_site-packages_PyQt6 --> node_venv_lib_python3_12_site-packages_PyQt6_Qt6["Qt6"]\n    node_venv_lib_python3_12_site-packages_PyQt6_Qt6 --> node_venv_lib_python3_12_site-packages_PyQt6_Qt6_qml["qml"]\n    node_venv_lib_python3_12_site-packages_PyQt6_Qt6_qml --> node_venv_lib_python3_12_site-packages_PyQt6_Qt6_qml_QtQuick["QtQuick"]\n    node_venv_lib_python3_12_site-packages_PyQt6_Qt6_qml_QtQuick --> node_venv_lib_python3_12_site-packages_PyQt6_Qt6_qml_QtQuick_Controls["Controls"]\n    node_venv_lib_python3_12_site-packages_PyQt6_Qt6_qml_QtQuick_Controls --> node_venv_lib_python3_12_site-packages_PyQt6_Qt6_qml_QtQuick_Controls_designer["designer"]\n    node_venv_lib_python3_12_site-packages_PyQt6_Qt6_qml_QtQuick_Controls_designer --> node_venv_lib_python3_12_site-packages_PyQt6_Qt6_qml_QtQuick_Controls_designer_images["images"]\n    node_venv_lib_python3_12_site-packages_PyQt6_Qt6_qml_QtQuick_Controls_designer_images --> node_venv_lib_python3_12_site-packages_PyQt6_Qt6_qml_QtQuick_Controls_designer_images_pageindicator-icon@2x_png["pageindicator-icon@2x.png"]\n    Root --> node_venv["venv"]\n    node_venv --> node_venv_lib["lib"]\n    node_venv_lib --> node_venv_lib_python3_12["python3.12"]\n    node_venv_lib_python3_12 --> node_venv_lib_python3_12_site-packages["site-packages"]\n    node_venv_lib_python3_12_site-packages --> node_venv_lib_python3_12_site-packages_PyQt6["PyQt6"]\n    node_venv_lib_python3_12_site-packages_PyQt6 --> node_venv_lib_python3_12_site-packages_PyQt6_Qt6["Qt6"]\n    node_venv_lib_python3_12_site-packages_PyQt6_Qt6 --> node_venv_lib_python3_12_site-packages_PyQt6_Qt6_qml["qml"]\n    node_venv_lib_python3_12_site-packages_PyQt6_Qt6_qml --> node_venv_lib_python3_12_site-packages_PyQt6_Qt6_qml_QtQuick["QtQuick"]\n    node_venv_lib_python3_12_site-packages_PyQt6_Qt6_qml_QtQuick --> node_venv_lib_python3_12_site-packages_PyQt6_Qt6_qml_QtQuick_Controls["Controls"]\n    node_venv_lib_python3_12_site-packages_PyQt6_Qt6_qml_QtQuick_Controls --> node_venv_lib_python3_12_site-packages_PyQt6_Qt6_qml_QtQuick_Controls_designer["designer"]\n    node_venv_lib_python3_12_site-packages_PyQt6_Qt6_qml_QtQuick_Controls_designer --> node_venv_lib_python3_12_site-packages_PyQt6_Qt6_qml_QtQuick_Controls_designer_images["images"]\n    node_venv_lib_python3_12_site-packages_PyQt6_Qt6_qml_QtQuick_Controls_designer_images --> node_venv_lib_python3_12_site-packages_PyQt6_Qt6_qml_QtQuick_Controls_designer_images_pane-icon_png["pane-icon.png"]\n    Root --> node_venv["venv"]\n    node_venv --> node_venv_lib["lib"]\n    node_venv_lib --> node_venv_lib_python3_12["python3.12"]\n    node_venv_lib_python3_12 --> node_venv_lib_python3_12_site-packages["site-packages"]\n    node_venv_lib_python3_12_site-packages --> node_venv_lib_python3_12_site-packages_PyQt6["PyQt6"]\n    node_venv_lib_python3_12_site-packages_PyQt6 --> node_venv_lib_python3_12_site-packages_PyQt6_Qt6["Qt6"]\n    node_venv_lib_python3_12_site-packages_PyQt6_Qt6 --> node_venv_lib_python3_12_site-packages_PyQt6_Qt6_qml["qml"]\n    node_venv_lib_python3_12_site-packages_PyQt6_Qt6_qml --> node_venv_lib_python3_12_site-packages_PyQt6_Qt6_qml_QtQuick["QtQuick"]\n    node_venv_lib_python3_12_site-packages_PyQt6_Qt6_qml_QtQuick --> node_venv_lib_python3_12_site-packages_PyQt6_Qt6_qml_QtQuick_Controls["Controls"]\n    node_venv_lib_python3_12_site-packages_PyQt6_Qt6_qml_QtQuick_Controls --> node_venv_lib_python3_12_site-packages_PyQt6_Qt6_qml_QtQuick_Controls_designer["designer"]\n    node_venv_lib_python3_12_site-packages_PyQt6_Qt6_qml_QtQuick_Controls_designer --> node_venv_lib_python3_12_site-packages_PyQt6_Qt6_qml_QtQuick_Controls_designer_images["images"]\n    node_venv_lib_python3_12_site-packages_PyQt6_Qt6_qml_QtQuick_Controls_designer_images --> node_venv_lib_python3_12_site-packages_PyQt6_Qt6_qml_QtQuick_Controls_designer_images_pane-icon16_png["pane-icon16.png"]\n    Root --> node_venv["venv"]\n    node_venv --> node_venv_lib["lib"]\n    node_venv_lib --> node_venv_lib_python3_12["python3.12"]\n    node_venv_lib_python3_12 --> node_venv_lib_python3_12_site-packages["site-packages"]\n    node_venv_lib_python3_12_site-packages --> node_venv_lib_python3_12_site-packages_PyQt6["PyQt6"]\n    node_venv_lib_python3_12_site-packages_PyQt6 --> node_venv_lib_python3_12_site-packages_PyQt6_Qt6["Qt6"]\n    node_venv_lib_python3_12_site-packages_PyQt6_Qt6 --> node_venv_lib_python3_12_site-packages_PyQt6_Qt6_qml["qml"]\n    node_venv_lib_python3_12_site-packages_PyQt6_Qt6_qml --> node_venv_lib_python3_12_site-packages_PyQt6_Qt6_qml_QtQuick["QtQuick"]\n    node_venv_lib_python3_12_site-packages_PyQt6_Qt6_qml_QtQuick --> node_venv_lib_python3_12_site-packages_PyQt6_Qt6_qml_QtQuick_Controls["Controls"]\n    node_venv_lib_python3_12_site-packages_PyQt6_Qt6_qml_QtQuick_Controls --> node_venv_lib_python3_12_site-packages_PyQt6_Qt6_qml_QtQuick_Controls_designer["designer"]\n    node_venv_lib_python3_12_site-packages_PyQt6_Qt6_qml_QtQuick_Controls_designer --> node_venv_lib_python3_12_site-packages_PyQt6_Qt6_qml_QtQuick_Controls_designer_images["images"]\n    node_venv_lib_python3_12_site-packages_PyQt6_Qt6_qml_QtQuick_Controls_designer_images --> node_venv_lib_python3_12_site-packages_PyQt6_Qt6_qml_QtQuick_Controls_designer_images_pane-icon@2x_png["pane-icon@2x.png"]\n    Root --> node_venv["venv"]\n    node_venv --> node_venv_lib["lib"]\n    node_venv_lib --> node_venv_lib_python3_12["python3.12"]\n    node_venv_lib_python3_12 --> node_venv_lib_python3_12_site-packages["site-packages"]\n    node_venv_lib_python3_12_site-packages --> node_venv_lib_python3_12_site-packages_PyQt6["PyQt6"]\n    node_venv_lib_python3_12_site-packages_PyQt6 --> node_venv_lib_python3_12_site-packages_PyQt6_Qt6["Qt6"]\n    node_venv_lib_python3_12_site-packages_PyQt6_Qt6 --> node_venv_lib_python3_12_site-packages_PyQt6_Qt6_qml["qml"]\n    node_venv_lib_python3_12_site-packages_PyQt6_Qt6_qml --> node_venv_lib_python3_12_site-packages_PyQt6_Qt6_qml_QtQuick["QtQuick"]\n    node_venv_lib_python3_12_site-packages_PyQt6_Qt6_qml_QtQuick --> node_venv_lib_python3_12_site-packages_PyQt6_Qt6_qml_QtQuick_Controls["Controls"]\n    node_venv_lib_python3_12_site-packages_PyQt6_Qt6_qml_QtQuick_Controls --> node_venv_lib_python3_12_site-packages_PyQt6_Qt6_qml_QtQuick_Controls_designer["designer"]\n    node_venv_lib_python3_12_site-packages_PyQt6_Qt6_qml_QtQuick_Controls_designer --> node_venv_lib_python3_12_site-packages_PyQt6_Qt6_qml_QtQuick_Controls_designer_images["images"]\n    node_venv_lib_python3_12_site-packages_PyQt6_Qt6_qml_QtQuick_Controls_designer_images --> node_venv_lib_python3_12_site-packages_PyQt6_Qt6_qml_QtQuick_Controls_designer_images_progressbar-icon_png["progressbar-icon.png"]\n    Root --> node_venv["venv"]\n    node_venv --> node_venv_lib["lib"]\n    node_venv_lib --> node_venv_lib_python3_12["python3.12"]\n    node_venv_lib_python3_12 --> node_venv_lib_python3_12_site-packages["site-packages"]\n    node_venv_lib_python3_12_site-packages --> node_venv_lib_python3_12_site-packages_PyQt6["PyQt6"]\n    node_venv_lib_python3_12_site-packages_PyQt6 --> node_venv_lib_python3_12_site-packages_PyQt6_Qt6["Qt6"]\n    node_venv_lib_python3_12_site-packages_PyQt6_Qt6 --> node_venv_lib_python3_12_site-packages_PyQt6_Qt6_qml["qml"]\n    node_venv_lib_python3_12_site-packages_PyQt6_Qt6_qml --> node_venv_lib_python3_12_site-packages_PyQt6_Qt6_qml_QtQuick["QtQuick"]\n    node_venv_lib_python3_12_site-packages_PyQt6_Qt6_qml_QtQuick --> node_venv_lib_python3_12_site-packages_PyQt6_Qt6_qml_QtQuick_Controls["Controls"]\n    node_venv_lib_python3_12_site-packages_PyQt6_Qt6_qml_QtQuick_Controls --> node_venv_lib_python3_12_site-packages_PyQt6_Qt6_qml_QtQuick_Controls_designer["designer"]\n    node_venv_lib_python3_12_site-packages_PyQt6_Qt6_qml_QtQuick_Controls_designer --> node_venv_lib_python3_12_site-packages_PyQt6_Qt6_qml_QtQuick_Controls_designer_images["images"]\n    node_venv_lib_python3_12_site-packages_PyQt6_Qt6_qml_QtQuick_Controls_designer_images --> node_venv_lib_python3_12_site-packages_PyQt6_Qt6_qml_QtQuick_Controls_designer_images_progressbar-icon16_png["progressbar-icon16.png"]\n    Root --> node_venv["venv"]\n    node_venv --> node_venv_lib["lib"]\n    node_venv_lib --> node_venv_lib_python3_12["python3.12"]\n    node_venv_lib_python3_12 --> node_venv_lib_python3_12_site-packages["site-packages"]\n    node_venv_lib_python3_12_site-packages --> node_venv_lib_python3_12_site-packages_PyQt6["PyQt6"]\n    node_venv_lib_python3_12_site-packages_PyQt6 --> node_venv_lib_python3_12_site-packages_PyQt6_Qt6["Qt6"]\n    node_venv_lib_python3_12_site-packages_PyQt6_Qt6 --> node_venv_lib_python3_12_site-packages_PyQt6_Qt6_qml["qml"]\n    node_venv_lib_python3_12_site-packages_PyQt6_Qt6_qml --> node_venv_lib_python3_12_site-packages_PyQt6_Qt6_qml_QtQuick["QtQuick"]\n    node_venv_lib_python3_12_site-packages_PyQt6_Qt6_qml_QtQuick --> node_venv_lib_python3_12_site-packages_PyQt6_Qt6_qml_QtQuick_Controls["Controls"]\n    node_venv_lib_python3_12_site-packages_PyQt6_Qt6_qml_QtQuick_Controls --> node_venv_lib_python3_12_site-packages_PyQt6_Qt6_qml_QtQuick_Controls_designer["designer"]\n    node_venv_lib_python3_12_site-packages_PyQt6_Qt6_qml_QtQuick_Controls_designer --> node_venv_lib_python3_12_site-packages_PyQt6_Qt6_qml_QtQuick_Controls_designer_images["images"]\n    node_venv_lib_python3_12_site-packages_PyQt6_Qt6_qml_QtQuick_Controls_designer_images --> node_venv_lib_python3_12_site-packages_PyQt6_Qt6_qml_QtQuick_Controls_designer_images_progressbar-icon@2x_png["progressbar-icon@2x.png"]\n    Root --> node_venv["venv"]\n    node_venv --> node_venv_lib["lib"]\n    node_venv_lib --> node_venv_lib_python3_12["python3.12"]\n    node_venv_lib_python3_12 --> node_venv_lib_python3_12_site-packages["site-packages"]\n    node_venv_lib_python3_12_site-packages --> node_venv_lib_python3_12_site-packages_PyQt6["PyQt6"]\n    node_venv_lib_python3_12_site-packages_PyQt6 --> node_venv_lib_python3_12_site-packages_PyQt6_Qt6["Qt6"]\n    node_venv_lib_python3_12_site-packages_PyQt6_Qt6 --> node_venv_lib_python3_12_site-packages_PyQt6_Qt6_qml["qml"]\n    node_venv_lib_python3_12_site-packages_PyQt6_Qt6_qml --> node_venv_lib_python3_12_site-packages_PyQt6_Qt6_qml_QtQuick["QtQuick"]\n    node_venv_lib_python3_12_site-packages_PyQt6_Qt6_qml_QtQuick --> node_venv_lib_python3_12_site-packages_PyQt6_Qt6_qml_QtQuick_Controls["Controls"]\n    node_venv_lib_python3_12_site-packages_PyQt6_Qt6_qml_QtQuick_Controls --> node_venv_lib_python3_12_site-packages_PyQt6_Qt6_qml_QtQuick_Controls_designer["designer"]\n    node_venv_lib_python3_12_site-packages_PyQt6_Qt6_qml_QtQuick_Controls_designer --> node_venv_lib_python3_12_site-packages_PyQt6_Qt6_qml_QtQuick_Controls_designer_images["images"]\n    node_venv_lib_python3_12_site-packages_PyQt6_Qt6_qml_QtQuick_Controls_designer_images --> node_venv_lib_python3_12_site-packages_PyQt6_Qt6_qml_QtQuick_Controls_designer_images_radiobutton-icon_png["radiobutton-icon.png"]\n    Root --> node_venv["venv"]\n    node_venv --> node_venv_lib["lib"]\n    node_venv_lib --> node_venv_lib_python3_12["python3.12"]\n    node_venv_lib_python3_12 --> node_venv_lib_python3_12_site-packages["site-packages"]\n    node_venv_lib_python3_12_site-packages --> node_venv_lib_python3_12_site-packages_PyQt6["PyQt6"]\n    node_venv_lib_python3_12_site-packages_PyQt6 --> node_venv_lib_python3_12_site-packages_PyQt6_Qt6["Qt6"]\n    node_venv_lib_python3_12_site-packages_PyQt6_Qt6 --> node_venv_lib_python3_12_site-packages_PyQt6_Qt6_qml["qml"]\n    node_venv_lib_python3_12_site-packages_PyQt6_Qt6_qml --> node_venv_lib_python3_12_site-packages_PyQt6_Qt6_qml_QtQuick["QtQuick"]\n    node_venv_lib_python3_12_site-packages_PyQt6_Qt6_qml_QtQuick --> node_venv_lib_python3_12_site-packages_PyQt6_Qt6_qml_QtQuick_Controls["Controls"]\n    node_venv_lib_python3_12_site-packages_PyQt6_Qt6_qml_QtQuick_Controls --> node_venv_lib_python3_12_site-packages_PyQt6_Qt6_qml_QtQuick_Controls_designer["designer"]\n    node_venv_lib_python3_12_site-packages_PyQt6_Qt6_qml_QtQuick_Controls_designer --> node_venv_lib_python3_12_site-packages_PyQt6_Qt6_qml_QtQuick_Controls_designer_images["images"]\n    node_venv_lib_python3_12_site-packages_PyQt6_Qt6_qml_QtQuick_Controls_designer_images --> node_venv_lib_python3_12_site-packages_PyQt6_Qt6_qml_QtQuick_Controls_designer_images_radiobutton-icon16_png["radiobutton-icon16.png"]\n    Root --> node_venv["venv"]\n    node_venv --> node_venv_lib["lib"]\n    node_venv_lib --> node_venv_lib_python3_12["python3.12"]\n    node_venv_lib_python3_12 --> node_venv_lib_python3_12_site-packages["site-packages"]\n    node_venv_lib_python3_12_site-packages --> node_venv_lib_python3_12_site-packages_PyQt6["PyQt6"]\n    node_venv_lib_python3_12_site-packages_PyQt6 --> node_venv_lib_python3_12_site-packages_PyQt6_Qt6["Qt6"]\n    node_venv_lib_python3_12_site-packages_PyQt6_Qt6 --> node_venv_lib_python3_12_site-packages_PyQt6_Qt6_qml["qml"]\n    node_venv_lib_python3_12_site-packages_PyQt6_Qt6_qml --> node_venv_lib_python3_12_site-packages_PyQt6_Qt6_qml_QtQuick["QtQuick"]\n    node_venv_lib_python3_12_site-packages_PyQt6_Qt6_qml_QtQuick --> node_venv_lib_python3_12_site-packages_PyQt6_Qt6_qml_QtQuick_Controls["Controls"]\n    node_venv_lib_python3_12_site-packages_PyQt6_Qt6_qml_QtQuick_Controls --> node_venv_lib_python3_12_site-packages_PyQt6_Qt6_qml_QtQuick_Controls_designer["designer"]\n    node_venv_lib_python3_12_site-packages_PyQt6_Qt6_qml_QtQuick_Controls_designer --> node_venv_lib_python3_12_site-packages_PyQt6_Qt6_qml_QtQuick_Controls_designer_images["images"]\n    node_venv_lib_python3_12_site-packages_PyQt6_Qt6_qml_QtQuick_Controls_designer_images --> node_venv_lib_python3_12_site-packages_PyQt6_Qt6_qml_QtQuick_Controls_designer_images_radiobutton-icon@2x_png["radiobutton-icon@2x.png"]\n    Root --> node_venv["venv"]\n    node_venv --> node_venv_lib["lib"]\n    node_venv_lib --> node_venv_lib_python3_12["python3.12"]\n    node_venv_lib_python3_12 --> node_venv_lib_python3_12_site-packages["site-packages"]\n    node_venv_lib_python3_12_site-packages --> node_venv_lib_python3_12_site-packages_PyQt6["PyQt6"]\n    node_venv_lib_python3_12_site-packages_PyQt6 --> node_venv_lib_python3_12_site-packages_PyQt6_Qt6["Qt6"]\n    node_venv_lib_python3_12_site-packages_PyQt6_Qt6 --> node_venv_lib_python3_12_site-packages_PyQt6_Qt6_qml["qml"]\n    node_venv_lib_python3_12_site-packages_PyQt6_Qt6_qml --> node_venv_lib_python3_12_site-packages_PyQt6_Qt6_qml_QtQuick["QtQuick"]\n    node_venv_lib_python3_12_site-packages_PyQt6_Qt6_qml_QtQuick --> node_venv_lib_python3_12_site-packages_PyQt6_Qt6_qml_QtQuick_Controls["Controls"]\n    node_venv_lib_python3_12_site-packages_PyQt6_Qt6_qml_QtQuick_Controls --> node_venv_lib_python3_12_site-packages_PyQt6_Qt6_qml_QtQuick_Controls_designer["designer"]\n    node_venv_lib_python3_12_site-packages_PyQt6_Qt6_qml_QtQuick_Controls_designer --> node_venv_lib_python3_12_site-packages_PyQt6_Qt6_qml_QtQuick_Controls_designer_images["images"]\n    node_venv_lib_python3_12_site-packages_PyQt6_Qt6_qml_QtQuick_Controls_designer_images --> node_venv_lib_python3_12_site-packages_PyQt6_Qt6_qml_QtQuick_Controls_designer_images_rangeslider-icon_png["rangeslider-icon.png"]\n    Root --> node_venv["venv"]\n    node_venv --> node_venv_lib["lib"]\n    node_venv_lib --> node_venv_lib_python3_12["python3.12"]\n    node_venv_lib_python3_12 --> node_venv_lib_python3_12_site-packages["site-packages"]\n    node_venv_lib_python3_12_site-packages --> node_venv_lib_python3_12_site-packages_PyQt6["PyQt6"]\n    node_venv_lib_python3_12_site-packages_PyQt6 --> node_venv_lib_python3_12_site-packages_PyQt6_Qt6["Qt6"]\n    node_venv_lib_python3_12_site-packages_PyQt6_Qt6 --> node_venv_lib_python3_12_site-packages_PyQt6_Qt6_qml["qml"]\n    node_venv_lib_python3_12_site-packages_PyQt6_Qt6_qml --> node_venv_lib_python3_12_site-packages_PyQt6_Qt6_qml_QtQuick["QtQuick"]\n    node_venv_lib_python3_12_site-packages_PyQt6_Qt6_qml_QtQuick --> node_venv_lib_python3_12_site-packages_PyQt6_Qt6_qml_QtQuick_Controls["Controls"]\n    node_venv_lib_python3_12_site-packages_PyQt6_Qt6_qml_QtQuick_Controls --> node_venv_lib_python3_12_site-packages_PyQt6_Qt6_qml_QtQuick_Controls_designer["designer"]\n    node_venv_lib_python3_12_site-packages_PyQt6_Qt6_qml_QtQuick_Controls_designer --> node_venv_lib_python3_12_site-packages_PyQt6_Qt6_qml_QtQuick_Controls_designer_images["images"]\n    node_venv_lib_python3_12_site-packages_PyQt6_Qt6_qml_QtQuick_Controls_designer_images --> node_venv_lib_python3_12_site-packages_PyQt6_Qt6_qml_QtQuick_Controls_designer_images_rangeslider-icon16_png["rangeslider-icon16.png"]\n    Root --> node_venv["venv"]\n    node_venv --> node_venv_lib["lib"]\n    node_venv_lib --> node_venv_lib_python3_12["python3.12"]\n    node_venv_lib_python3_12 --> node_venv_lib_python3_12_site-packages["site-packages"]\n    node_venv_lib_python3_12_site-packages --> node_venv_lib_python3_12_site-packages_PyQt6["PyQt6"]\n    node_venv_lib_python3_12_site-packages_PyQt6 --> node_venv_lib_python3_12_site-packages_PyQt6_Qt6["Qt6"]\n    node_venv_lib_python3_12_site-packages_PyQt6_Qt6 --> node_venv_lib_python3_12_site-packages_PyQt6_Qt6_qml["qml"]\n    node_venv_lib_python3_12_site-packages_PyQt6_Qt6_qml --> node_venv_lib_python3_12_site-packages_PyQt6_Qt6_qml_QtQuick["QtQuick"]\n    node_venv_lib_python3_12_site-packages_PyQt6_Qt6_qml_QtQuick --> node_venv_lib_python3_12_site-packages_PyQt6_Qt6_qml_QtQuick_Controls["Controls"]\n    node_venv_lib_python3_12_site-packages_PyQt6_Qt6_qml_QtQuick_Controls --> node_venv_lib_python3_12_site-packages_PyQt6_Qt6_qml_QtQuick_Controls_designer["designer"]\n    node_venv_lib_python3_12_site-packages_PyQt6_Qt6_qml_QtQuick_Controls_designer --> node_venv_lib_python3_12_site-packages_PyQt6_Qt6_qml_QtQuick_Controls_designer_images["images"]\n    node_venv_lib_python3_12_site-packages_PyQt6_Qt6_qml_QtQuick_Controls_designer_images --> node_venv_lib_python3_12_site-packages_PyQt6_Qt6_qml_QtQuick_Controls_designer_images_rangeslider-icon@2x_png["rangeslider-icon@2x.png"]\n    Root --> node_venv["venv"]\n    node_venv --> node_venv_lib["lib"]\n    node_venv_lib --> node_venv_lib_python3_12["python3.12"]\n    node_venv_lib_python3_12 --> node_venv_lib_python3_12_site-packages["site-packages"]\n    node_venv_lib_python3_12_site-packages --> node_venv_lib_python3_12_site-packages_PyQt6["PyQt6"]\n    node_venv_lib_python3_12_site-packages_PyQt6 --> node_venv_lib_python3_12_site-packages_PyQt6_Qt6["Qt6"]\n    node_venv_lib_python3_12_site-packages_PyQt6_Qt6 --> node_venv_lib_python3_12_site-packages_PyQt6_Qt6_qml["qml"]\n    node_venv_lib_python3_12_site-packages_PyQt6_Qt6_qml --> node_venv_lib_python3_12_site-packages_PyQt6_Qt6_qml_QtQuick["QtQuick"]\n    node_venv_lib_python3_12_site-packages_PyQt6_Qt6_qml_QtQuick --> node_venv_lib_python3_12_site-packages_PyQt6_Qt6_qml_QtQuick_Controls["Controls"]\n    node_venv_lib_python3_12_site-packages_PyQt6_Qt6_qml_QtQuick_Controls --> node_venv_lib_python3_12_site-packages_PyQt6_Qt6_qml_QtQuick_Controls_designer["designer"]\n    node_venv_lib_python3_12_site-packages_PyQt6_Qt6_qml_QtQuick_Controls_designer --> node_venv_lib_python3_12_site-packages_PyQt6_Qt6_qml_QtQuick_Controls_designer_images["images"]\n    node_venv_lib_python3_12_site-packages_PyQt6_Qt6_qml_QtQuick_Controls_designer_images --> node_venv_lib_python3_12_site-packages_PyQt6_Qt6_qml_QtQuick_Controls_designer_images_roundbutton-icon_png["roundbutton-icon.png"]\n    Root --> node_venv["venv"]\n    node_venv --> node_venv_lib["lib"]\n    node_venv_lib --> node_venv_lib_python3_12["python3.12"]\n    node_venv_lib_python3_12 --> node_venv_lib_python3_12_site-packages["site-packages"]\n    node_venv_lib_python3_12_site-packages --> node_venv_lib_python3_12_site-packages_PyQt6["PyQt6"]\n    node_venv_lib_python3_12_site-packages_PyQt6 --> node_venv_lib_python3_12_site-packages_PyQt6_Qt6["Qt6"]\n    node_venv_lib_python3_12_site-packages_PyQt6_Qt6 --> node_venv_lib_python3_12_site-packages_PyQt6_Qt6_qml["qml"]\n    node_venv_lib_python3_12_site-packages_PyQt6_Qt6_qml --> node_venv_lib_python3_12_site-packages_PyQt6_Qt6_qml_QtQuick["QtQuick"]\n    node_venv_lib_python3_12_site-packages_PyQt6_Qt6_qml_QtQuick --> node_venv_lib_python3_12_site-packages_PyQt6_Qt6_qml_QtQuick_Controls["Controls"]\n    node_venv_lib_python3_12_site-packages_PyQt6_Qt6_qml_QtQuick_Controls --> node_venv_lib_python3_12_site-packages_PyQt6_Qt6_qml_QtQuick_Controls_designer["designer"]\n    node_venv_lib_python3_12_site-packages_PyQt6_Qt6_qml_QtQuick_Controls_designer --> node_venv_lib_python3_12_site-packages_PyQt6_Qt6_qml_QtQuick_Controls_designer_images["images"]\n    node_venv_lib_python3_12_site-packages_PyQt6_Qt6_qml_QtQuick_Controls_designer_images --> node_venv_lib_python3_12_site-packages_PyQt6_Qt6_qml_QtQuick_Controls_designer_images_roundbutton-icon16_png["roundbutton-icon16.png"]\n    Root --> node_venv["venv"]\n    node_venv --> node_venv_lib["lib"]\n    node_venv_lib --> node_venv_lib_python3_12["python3.12"]\n    node_venv_lib_python3_12 --> node_venv_lib_python3_12_site-packages["site-packages"]\n    node_venv_lib_python3_12_site-packages --> node_venv_lib_python3_12_site-packages_PyQt6["PyQt6"]\n    node_venv_lib_python3_12_site-packages_PyQt6 --> node_venv_lib_python3_12_site-packages_PyQt6_Qt6["Qt6"]\n    node_venv_lib_python3_12_site-packages_PyQt6_Qt6 --> node_venv_lib_python3_12_site-packages_PyQt6_Qt6_qml["qml"]\n    node_venv_lib_python3_12_site-packages_PyQt6_Qt6_qml --> node_venv_lib_python3_12_site-packages_PyQt6_Qt6_qml_QtQuick["QtQuick"]\n    node_venv_lib_python3_12_site-packages_PyQt6_Qt6_qml_QtQuick --> node_venv_lib_python3_12_site-packages_PyQt6_Qt6_qml_QtQuick_Controls["Controls"]\n    node_venv_lib_python3_12_site-packages_PyQt6_Qt6_qml_QtQuick_Controls --> node_venv_lib_python3_12_site-packages_PyQt6_Qt6_qml_QtQuick_Controls_designer["designer"]\n    node_venv_lib_python3_12_site-packages_PyQt6_Qt6_qml_QtQuick_Controls_designer --> node_venv_lib_python3_12_site-packages_PyQt6_Qt6_qml_QtQuick_Controls_designer_images["images"]\n    node_venv_lib_python3_12_site-packages_PyQt6_Qt6_qml_QtQuick_Controls_designer_images --> node_venv_lib_python3_12_site-packages_PyQt6_Qt6_qml_QtQuick_Controls_designer_images_roundbutton-icon@2x_png["roundbutton-icon@2x.png"]\n    Root --> node_venv["venv"]\n    node_venv --> node_venv_lib["lib"]\n    node_venv_lib --> node_venv_lib_python3_12["python3.12"]\n    node_venv_lib_python3_12 --> node_venv_lib_python3_12_site-packages["site-packages"]\n    node_venv_lib_python3_12_site-packages --> node_venv_lib_python3_12_site-packages_PyQt6["PyQt6"]\n    node_venv_lib_python3_12_site-packages_PyQt6 --> node_venv_lib_python3_12_site-packages_PyQt6_Qt6["Qt6"]\n    node_venv_lib_python3_12_site-packages_PyQt6_Qt6 --> node_venv_lib_python3_12_site-packages_PyQt6_Qt6_qml["qml"]\n    node_venv_lib_python3_12_site-packages_PyQt6_Qt6_qml --> node_venv_lib_python3_12_site-packages_PyQt6_Qt6_qml_QtQuick["QtQuick"]\n    node_venv_lib_python3_12_site-packages_PyQt6_Qt6_qml_QtQuick --> node_venv_lib_python3_12_site-packages_PyQt6_Qt6_qml_QtQuick_Controls["Controls"]\n    node_venv_lib_python3_12_site-packages_PyQt6_Qt6_qml_QtQuick_Controls --> node_venv_lib_python3_12_site-packages_PyQt6_Qt6_qml_QtQuick_Controls_designer["designer"]\n    node_venv_lib_python3_12_site-packages_PyQt6_Qt6_qml_QtQuick_Controls_designer --> node_venv_lib_python3_12_site-packages_PyQt6_Qt6_qml_QtQuick_Controls_designer_images["images"]\n    node_venv_lib_python3_12_site-packages_PyQt6_Qt6_qml_QtQuick_Controls_designer_images --> node_venv_lib_python3_12_site-packages_PyQt6_Qt6_qml_QtQuick_Controls_designer_images_scrollview-icon_png["scrollview-icon.png"]\n    Root --> node_venv["venv"]\n    node_venv --> node_venv_lib["lib"]\n    node_venv_lib --> node_venv_lib_python3_12["python3.12"]\n    node_venv_lib_python3_12 --> node_venv_lib_python3_12_site-packages["site-packages"]\n    node_venv_lib_python3_12_site-packages --> node_venv_lib_python3_12_site-packages_PyQt6["PyQt6"]\n    node_venv_lib_python3_12_site-packages_PyQt6 --> node_venv_lib_python3_12_site-packages_PyQt6_Qt6["Qt6"]\n    node_venv_lib_python3_12_site-packages_PyQt6_Qt6 --> node_venv_lib_python3_12_site-packages_PyQt6_Qt6_qml["qml"]\n    node_venv_lib_python3_12_site-packages_PyQt6_Qt6_qml --> node_venv_lib_python3_12_site-packages_PyQt6_Qt6_qml_QtQuick["QtQuick"]\n    node_venv_lib_python3_12_site-packages_PyQt6_Qt6_qml_QtQuick --> node_venv_lib_python3_12_site-packages_PyQt6_Qt6_qml_QtQuick_Controls["Controls"]\n    node_venv_lib_python3_12_site-packages_PyQt6_Qt6_qml_QtQuick_Controls --> node_venv_lib_python3_12_site-packages_PyQt6_Qt6_qml_QtQuick_Controls_designer["designer"]\n    node_venv_lib_python3_12_site-packages_PyQt6_Qt6_qml_QtQuick_Controls_designer --> node_venv_lib_python3_12_site-packages_PyQt6_Qt6_qml_QtQuick_Controls_designer_images["images"]\n    node_venv_lib_python3_12_site-packages_PyQt6_Qt6_qml_QtQuick_Controls_designer_images --> node_venv_lib_python3_12_site-packages_PyQt6_Qt6_qml_QtQuick_Controls_designer_images_scrollview-icon16_png["scrollview-icon16.png"]\n    Root --> node_venv["venv"]\n    node_venv --> node_venv_lib["lib"]\n    node_venv_lib --> node_venv_lib_python3_12["python3.12"]\n    node_venv_lib_python3_12 --> node_venv_lib_python3_12_site-packages["site-packages"]\n    node_venv_lib_python3_12_site-packages --> node_venv_lib_python3_12_site-packages_PyQt6["PyQt6"]\n    node_venv_lib_python3_12_site-packages_PyQt6 --> node_venv_lib_python3_12_site-packages_PyQt6_Qt6["Qt6"]\n    node_venv_lib_python3_12_site-packages_PyQt6_Qt6 --> node_venv_lib_python3_12_site-packages_PyQt6_Qt6_qml["qml"]\n    node_venv_lib_python3_12_site-packages_PyQt6_Qt6_qml --> node_venv_lib_python3_12_site-packages_PyQt6_Qt6_qml_QtQuick["QtQuick"]\n    node_venv_lib_python3_12_site-packages_PyQt6_Qt6_qml_QtQuick --> node_venv_lib_python3_12_site-packages_PyQt6_Qt6_qml_QtQuick_Controls["Controls"]\n    node_venv_lib_python3_12_site-packages_PyQt6_Qt6_qml_QtQuick_Controls --> node_venv_lib_python3_12_site-packages_PyQt6_Qt6_qml_QtQuick_Controls_designer["designer"]\n    node_venv_lib_python3_12_site-packages_PyQt6_Qt6_qml_QtQuick_Controls_designer --> node_venv_lib_python3_12_site-packages_PyQt6_Qt6_qml_QtQuick_Controls_designer_images["images"]\n    node_venv_lib_python3_12_site-packages_PyQt6_Qt6_qml_QtQuick_Controls_designer_images --> node_venv_lib_python3_12_site-packages_PyQt6_Qt6_qml_QtQuick_Controls_designer_images_scrollview-icon@2x_png["scrollview-icon@2x.png"]\n    Root --> node_venv["venv"]\n    node_venv --> node_venv_lib["lib"]\n    node_venv_lib --> node_venv_lib_python3_12["python3.12"]\n    node_venv_lib_python3_12 --> node_venv_lib_python3_12_site-packages["site-packages"]\n    node_venv_lib_python3_12_site-packages --> node_venv_lib_python3_12_site-packages_PyQt6["PyQt6"]\n    node_venv_lib_python3_12_site-packages_PyQt6 --> node_venv_lib_python3_12_site-packages_PyQt6_Qt6["Qt6"]\n    node_venv_lib_python3_12_site-packages_PyQt6_Qt6 --> node_venv_lib_python3_12_site-packages_PyQt6_Qt6_qml["qml"]\n    node_venv_lib_python3_12_site-packages_PyQt6_Qt6_qml --> node_venv_lib_python3_12_site-packages_PyQt6_Qt6_qml_QtQuick["QtQuick"]\n    node_venv_lib_python3_12_site-packages_PyQt6_Qt6_qml_QtQuick --> node_venv_lib_python3_12_site-packages_PyQt6_Qt6_qml_QtQuick_Controls["Controls"]\n    node_venv_lib_python3_12_site-packages_PyQt6_Qt6_qml_QtQuick_Controls --> node_venv_lib_python3_12_site-packages_PyQt6_Qt6_qml_QtQuick_Controls_designer["designer"]\n    node_venv_lib_python3_12_site-packages_PyQt6_Qt6_qml_QtQuick_Controls_designer --> node_venv_lib_python3_12_site-packages_PyQt6_Qt6_qml_QtQuick_Controls_designer_images["images"]\n    node_venv_lib_python3_12_site-packages_PyQt6_Qt6_qml_QtQuick_Controls_designer_images --> node_venv_lib_python3_12_site-packages_PyQt6_Qt6_qml_QtQuick_Controls_designer_images_slider-icon_png["slider-icon.png"]\n    Root --> node_venv["venv"]\n    node_venv --> node_venv_lib["lib"]\n    node_venv_lib --> node_venv_lib_python3_12["python3.12"]\n    node_venv_lib_python3_12 --> node_venv_lib_python3_12_site-packages["site-packages"]\n    node_venv_lib_python3_12_site-packages --> node_venv_lib_python3_12_site-packages_PyQt6["PyQt6"]\n    node_venv_lib_python3_12_site-packages_PyQt6 --> node_venv_lib_python3_12_site-packages_PyQt6_Qt6["Qt6"]\n    node_venv_lib_python3_12_site-packages_PyQt6_Qt6 --> node_venv_lib_python3_12_site-packages_PyQt6_Qt6_qml["qml"]\n    node_venv_lib_python3_12_site-packages_PyQt6_Qt6_qml --> node_venv_lib_python3_12_site-packages_PyQt6_Qt6_qml_QtQuick["QtQuick"]\n    node_venv_lib_python3_12_site-packages_PyQt6_Qt6_qml_QtQuick --> node_venv_lib_python3_12_site-packages_PyQt6_Qt6_qml_QtQuick_Controls["Controls"]\n    node_venv_lib_python3_12_site-packages_PyQt6_Qt6_qml_QtQuick_Controls --> node_venv_lib_python3_12_site-packages_PyQt6_Qt6_qml_QtQuick_Controls_designer["designer"]\n    node_venv_lib_python3_12_site-packages_PyQt6_Qt6_qml_QtQuick_Controls_designer --> node_venv_lib_python3_12_site-packages_PyQt6_Qt6_qml_QtQuick_Controls_designer_images["images"]\n    node_venv_lib_python3_12_site-packages_PyQt6_Qt6_qml_QtQuick_Controls_designer_images --> node_venv_lib_python3_12_site-packages_PyQt6_Qt6_qml_QtQuick_Controls_designer_images_slider-icon16_png["slider-icon16.png"]\n    Root --> node_venv["venv"]\n    node_venv --> node_venv_lib["lib"]\n    node_venv_lib --> node_venv_lib_python3_12["python3.12"]\n    node_venv_lib_python3_12 --> node_venv_lib_python3_12_site-packages["site-packages"]\n    node_venv_lib_python3_12_site-packages --> node_venv_lib_python3_12_site-packages_PyQt6["PyQt6"]\n    node_venv_lib_python3_12_site-packages_PyQt6 --> node_venv_lib_python3_12_site-packages_PyQt6_Qt6["Qt6"]\n    node_venv_lib_python3_12_site-packages_PyQt6_Qt6 --> node_venv_lib_python3_12_site-packages_PyQt6_Qt6_qml["qml"]\n    node_venv_lib_python3_12_site-packages_PyQt6_Qt6_qml --> node_venv_lib_python3_12_site-packages_PyQt6_Qt6_qml_QtQuick["QtQuick"]\n    node_venv_lib_python3_12_site-packages_PyQt6_Qt6_qml_QtQuick --> node_venv_lib_python3_12_site-packages_PyQt6_Qt6_qml_QtQuick_Controls["Controls"]\n    node_venv_lib_python3_12_site-packages_PyQt6_Qt6_qml_QtQuick_Controls --> node_venv_lib_python3_12_site-packages_PyQt6_Qt6_qml_QtQuick_Controls_designer["designer"]\n    node_venv_lib_python3_12_site-packages_PyQt6_Qt6_qml_QtQuick_Controls_designer --> node_venv_lib_python3_12_site-packages_PyQt6_Qt6_qml_QtQuick_Controls_designer_images["images"]\n    node_venv_lib_python3_12_site-packages_PyQt6_Qt6_qml_QtQuick_Controls_designer_images --> node_venv_lib_python3_12_site-packages_PyQt6_Qt6_qml_QtQuick_Controls_designer_images_slider-icon@2x_png["slider-icon@2x.png"]\n    Root --> node_venv["venv"]\n    node_venv --> node_venv_lib["lib"]\n    node_venv_lib --> node_venv_lib_python3_12["python3.12"]\n    node_venv_lib_python3_12 --> node_venv_lib_python3_12_site-packages["site-packages"]\n    node_venv_lib_python3_12_site-packages --> node_venv_lib_python3_12_site-packages_PyQt6["PyQt6"]\n    node_venv_lib_python3_12_site-packages_PyQt6 --> node_venv_lib_python3_12_site-packages_PyQt6_Qt6["Qt6"]\n    node_venv_lib_python3_12_site-packages_PyQt6_Qt6 --> node_venv_lib_python3_12_site-packages_PyQt6_Qt6_qml["qml"]\n    node_venv_lib_python3_12_site-packages_PyQt6_Qt6_qml --> node_venv_lib_python3_12_site-packages_PyQt6_Qt6_qml_QtQuick["QtQuick"]\n    node_venv_lib_python3_12_site-packages_PyQt6_Qt6_qml_QtQuick --> node_venv_lib_python3_12_site-packages_PyQt6_Qt6_qml_QtQuick_Controls["Controls"]\n    node_venv_lib_python3_12_site-packages_PyQt6_Qt6_qml_QtQuick_Controls --> node_venv_lib_python3_12_site-packages_PyQt6_Qt6_qml_QtQuick_Controls_designer["designer"]\n    node_venv_lib_python3_12_site-packages_PyQt6_Qt6_qml_QtQuick_Controls_designer --> node_venv_lib_python3_12_site-packages_PyQt6_Qt6_qml_QtQuick_Controls_designer_images["images"]\n    node_venv_lib_python3_12_site-packages_PyQt6_Qt6_qml_QtQuick_Controls_designer_images --> node_venv_lib_python3_12_site-packages_PyQt6_Qt6_qml_QtQuick_Controls_designer_images_spinbox-icon_png["spinbox-icon.png"]\n    Root --> node_venv["venv"]\n    node_venv --> node_venv_lib["lib"]\n    node_venv_lib --> node_venv_lib_python3_12["python3.12"]\n    node_venv_lib_python3_12 --> node_venv_lib_python3_12_site-packages["site-packages"]\n    node_venv_lib_python3_12_site-packages --> node_venv_lib_python3_12_site-packages_PyQt6["PyQt6"]\n    node_venv_lib_python3_12_site-packages_PyQt6 --> node_venv_lib_python3_12_site-packages_PyQt6_Qt6["Qt6"]\n    node_venv_lib_python3_12_site-packages_PyQt6_Qt6 --> node_venv_lib_python3_12_site-packages_PyQt6_Qt6_qml["qml"]\n    node_venv_lib_python3_12_site-packages_PyQt6_Qt6_qml --> node_venv_lib_python3_12_site-packages_PyQt6_Qt6_qml_QtQuick["QtQuick"]\n    node_venv_lib_python3_12_site-packages_PyQt6_Qt6_qml_QtQuick --> node_venv_lib_python3_12_site-packages_PyQt6_Qt6_qml_QtQuick_Controls["Controls"]\n    node_venv_lib_python3_12_site-packages_PyQt6_Qt6_qml_QtQuick_Controls --> node_venv_lib_python3_12_site-packages_PyQt6_Qt6_qml_QtQuick_Controls_designer["designer"]\n    node_venv_lib_python3_12_site-packages_PyQt6_Qt6_qml_QtQuick_Controls_designer --> node_venv_lib_python3_12_site-packages_PyQt6_Qt6_qml_QtQuick_Controls_designer_images["images"]\n    node_venv_lib_python3_12_site-packages_PyQt6_Qt6_qml_QtQuick_Controls_designer_images --> node_venv_lib_python3_12_site-packages_PyQt6_Qt6_qml_QtQuick_Controls_designer_images_spinbox-icon16_png["spinbox-icon16.png"]\n    Root --> node_venv["venv"]\n    node_venv --> node_venv_lib["lib"]\n    node_venv_lib --> node_venv_lib_python3_12["python3.12"]\n    node_venv_lib_python3_12 --> node_venv_lib_python3_12_site-packages["site-packages"]\n    node_venv_lib_python3_12_site-packages --> node_venv_lib_python3_12_site-packages_PyQt6["PyQt6"]\n    node_venv_lib_python3_12_site-packages_PyQt6 --> node_venv_lib_python3_12_site-packages_PyQt6_Qt6["Qt6"]\n    node_venv_lib_python3_12_site-packages_PyQt6_Qt6 --> node_venv_lib_python3_12_site-packages_PyQt6_Qt6_qml["qml"]\n    node_venv_lib_python3_12_site-packages_PyQt6_Qt6_qml --> node_venv_lib_python3_12_site-packages_PyQt6_Qt6_qml_QtQuick["QtQuick"]\n    node_venv_lib_python3_12_site-packages_PyQt6_Qt6_qml_QtQuick --> node_venv_lib_python3_12_site-packages_PyQt6_Qt6_qml_QtQuick_Controls["Controls"]\n    node_venv_lib_python3_12_site-packages_PyQt6_Qt6_qml_QtQuick_Controls --> node_venv_lib_python3_12_site-packages_PyQt6_Qt6_qml_QtQuick_Controls_designer["designer"]\n    node_venv_lib_python3_12_site-packages_PyQt6_Qt6_qml_QtQuick_Controls_designer --> node_venv_lib_python3_12_site-packages_PyQt6_Qt6_qml_QtQuick_Controls_designer_images["images"]\n    node_venv_lib_python3_12_site-packages_PyQt6_Qt6_qml_QtQuick_Controls_designer_images --> node_venv_lib_python3_12_site-packages_PyQt6_Qt6_qml_QtQuick_Controls_designer_images_spinbox-icon@2x_png["spinbox-icon@2x.png"]\n    Root --> node_venv["venv"]\n    node_venv --> node_venv_lib["lib"]\n    node_venv_lib --> node_venv_lib_python3_12["python3.12"]\n    node_venv_lib_python3_12 --> node_venv_lib_python3_12_site-packages["site-packages"]\n    node_venv_lib_python3_12_site-packages --> node_venv_lib_python3_12_site-packages_PyQt6["PyQt6"]\n    node_venv_lib_python3_12_site-packages_PyQt6 --> node_venv_lib_python3_12_site-packages_PyQt6_Qt6["Qt6"]\n    node_venv_lib_python3_12_site-packages_PyQt6_Qt6 --> node_venv_lib_python3_12_site-packages_PyQt6_Qt6_qml["qml"]\n    node_venv_lib_python3_12_site-packages_PyQt6_Qt6_qml --> node_venv_lib_python3_12_site-packages_PyQt6_Qt6_qml_QtQuick["QtQuick"]\n    node_venv_lib_python3_12_site-packages_PyQt6_Qt6_qml_QtQuick --> node_venv_lib_python3_12_site-packages_PyQt6_Qt6_qml_QtQuick_Controls["Controls"]\n    node_venv_lib_python3_12_site-packages_PyQt6_Qt6_qml_QtQuick_Controls --> node_venv_lib_python3_12_site-packages_PyQt6_Qt6_qml_QtQuick_Controls_designer["designer"]\n    node_venv_lib_python3_12_site-packages_PyQt6_Qt6_qml_QtQuick_Controls_designer --> node_venv_lib_python3_12_site-packages_PyQt6_Qt6_qml_QtQuick_Controls_designer_images["images"]\n    node_venv_lib_python3_12_site-packages_PyQt6_Qt6_qml_QtQuick_Controls_designer_images --> node_venv_lib_python3_12_site-packages_PyQt6_Qt6_qml_QtQuick_Controls_designer_images_stackview-icon_png["stackview-icon.png"]\n    Root --> node_venv["venv"]\n    node_venv --> node_venv_lib["lib"]\n    node_venv_lib --> node_venv_lib_python3_12["python3.12"]\n    node_venv_lib_python3_12 --> node_venv_lib_python3_12_site-packages["site-packages"]\n    node_venv_lib_python3_12_site-packages --> node_venv_lib_python3_12_site-packages_PyQt6["PyQt6"]\n    node_venv_lib_python3_12_site-packages_PyQt6 --> node_venv_lib_python3_12_site-packages_PyQt6_Qt6["Qt6"]\n    node_venv_lib_python3_12_site-packages_PyQt6_Qt6 --> node_venv_lib_python3_12_site-packages_PyQt6_Qt6_qml["qml"]\n    node_venv_lib_python3_12_site-packages_PyQt6_Qt6_qml --> node_venv_lib_python3_12_site-packages_PyQt6_Qt6_qml_QtQuick["QtQuick"]\n    node_venv_lib_python3_12_site-packages_PyQt6_Qt6_qml_QtQuick --> node_venv_lib_python3_12_site-packages_PyQt6_Qt6_qml_QtQuick_Controls["Controls"]\n    node_venv_lib_python3_12_site-packages_PyQt6_Qt6_qml_QtQuick_Controls --> node_venv_lib_python3_12_site-packages_PyQt6_Qt6_qml_QtQuick_Controls_designer["designer"]\n    node_venv_lib_python3_12_site-packages_PyQt6_Qt6_qml_QtQuick_Controls_designer --> node_venv_lib_python3_12_site-packages_PyQt6_Qt6_qml_QtQuick_Controls_designer_images["images"]\n    node_venv_lib_python3_12_site-packages_PyQt6_Qt6_qml_QtQuick_Controls_designer_images --> node_venv_lib_python3_12_site-packages_PyQt6_Qt6_qml_QtQuick_Controls_designer_images_stackview-icon16_png["stackview-icon16.png"]\n    Root --> node_venv["venv"]\n    node_venv --> node_venv_lib["lib"]\n    node_venv_lib --> node_venv_lib_python3_12["python3.12"]\n    node_venv_lib_python3_12 --> node_venv_lib_python3_12_site-packages["site-packages"]\n    node_venv_lib_python3_12_site-packages --> node_venv_lib_python3_12_site-packages_PyQt6["PyQt6"]\n    node_venv_lib_python3_12_site-packages_PyQt6 --> node_venv_lib_python3_12_site-packages_PyQt6_Qt6["Qt6"]\n    node_venv_lib_python3_12_site-packages_PyQt6_Qt6 --> node_venv_lib_python3_12_site-packages_PyQt6_Qt6_qml["qml"]\n    node_venv_lib_python3_12_site-packages_PyQt6_Qt6_qml --> node_venv_lib_python3_12_site-packages_PyQt6_Qt6_qml_QtQuick["QtQuick"]\n    node_venv_lib_python3_12_site-packages_PyQt6_Qt6_qml_QtQuick --> node_venv_lib_python3_12_site-packages_PyQt6_Qt6_qml_QtQuick_Controls["Controls"]\n    node_venv_lib_python3_12_site-packages_PyQt6_Qt6_qml_QtQuick_Controls --> node_venv_lib_python3_12_site-packages_PyQt6_Qt6_qml_QtQuick_Controls_designer["designer"]\n    node_venv_lib_python3_12_site-packages_PyQt6_Qt6_qml_QtQuick_Controls_designer --> node_venv_lib_python3_12_site-packages_PyQt6_Qt6_qml_QtQuick_Controls_designer_images["images"]\n    node_venv_lib_python3_12_site-packages_PyQt6_Qt6_qml_QtQuick_Controls_designer_images --> node_venv_lib_python3_12_site-packages_PyQt6_Qt6_qml_QtQuick_Controls_designer_images_stackview-icon@2x_png["stackview-icon@2x.png"]\n    Root --> node_venv["venv"]\n    node_venv --> node_venv_lib["lib"]\n    node_venv_lib --> node_venv_lib_python3_12["python3.12"]\n    node_venv_lib_python3_12 --> node_venv_lib_python3_12_site-packages["site-packages"]\n    node_venv_lib_python3_12_site-packages --> node_venv_lib_python3_12_site-packages_PyQt6["PyQt6"]\n    node_venv_lib_python3_12_site-packages_PyQt6 --> node_venv_lib_python3_12_site-packages_PyQt6_Qt6["Qt6"]\n    node_venv_lib_python3_12_site-packages_PyQt6_Qt6 --> node_venv_lib_python3_12_site-packages_PyQt6_Qt6_qml["qml"]\n    node_venv_lib_python3_12_site-packages_PyQt6_Qt6_qml --> node_venv_lib_python3_12_site-packages_PyQt6_Qt6_qml_QtQuick["QtQuick"]\n    node_venv_lib_python3_12_site-packages_PyQt6_Qt6_qml_QtQuick --> node_venv_lib_python3_12_site-packages_PyQt6_Qt6_qml_QtQuick_Controls["Controls"]\n    node_venv_lib_python3_12_site-packages_PyQt6_Qt6_qml_QtQuick_Controls --> node_venv_lib_python3_12_site-packages_PyQt6_Qt6_qml_QtQuick_Controls_designer["designer"]\n    node_venv_lib_python3_12_site-packages_PyQt6_Qt6_qml_QtQuick_Controls_designer --> node_venv_lib_python3_12_site-packages_PyQt6_Qt6_qml_QtQuick_Controls_designer_images["images"]\n    node_venv_lib_python3_12_site-packages_PyQt6_Qt6_qml_QtQuick_Controls_designer_images --> node_venv_lib_python3_12_site-packages_PyQt6_Qt6_qml_QtQuick_Controls_designer_images_swipeview-icon_png["swipeview-icon.png"]\n    Root --> node_venv["venv"]\n    node_venv --> node_venv_lib["lib"]\n    node_venv_lib --> node_venv_lib_python3_12["python3.12"]\n    node_venv_lib_python3_12 --> node_venv_lib_python3_12_site-packages["site-packages"]\n    node_venv_lib_python3_12_site-packages --> node_venv_lib_python3_12_site-packages_PyQt6["PyQt6"]\n    node_venv_lib_python3_12_site-packages_PyQt6 --> node_venv_lib_python3_12_site-packages_PyQt6_Qt6["Qt6"]\n    node_venv_lib_python3_12_site-packages_PyQt6_Qt6 --> node_venv_lib_python3_12_site-packages_PyQt6_Qt6_qml["qml"]\n    node_venv_lib_python3_12_site-packages_PyQt6_Qt6_qml --> node_venv_lib_python3_12_site-packages_PyQt6_Qt6_qml_QtQuick["QtQuick"]\n    node_venv_lib_python3_12_site-packages_PyQt6_Qt6_qml_QtQuick --> node_venv_lib_python3_12_site-packages_PyQt6_Qt6_qml_QtQuick_Controls["Controls"]\n    node_venv_lib_python3_12_site-packages_PyQt6_Qt6_qml_QtQuick_Controls --> node_venv_lib_python3_12_site-packages_PyQt6_Qt6_qml_QtQuick_Controls_designer["designer"]\n    node_venv_lib_python3_12_site-packages_PyQt6_Qt6_qml_QtQuick_Controls_designer --> node_venv_lib_python3_12_site-packages_PyQt6_Qt6_qml_QtQuick_Controls_designer_images["images"]\n    node_venv_lib_python3_12_site-packages_PyQt6_Qt6_qml_QtQuick_Controls_designer_images --> node_venv_lib_python3_12_site-packages_PyQt6_Qt6_qml_QtQuick_Controls_designer_images_swipeview-icon16_png["swipeview-icon16.png"]\n    Root --> node_venv["venv"]\n    node_venv --> node_venv_lib["lib"]\n    node_venv_lib --> node_venv_lib_python3_12["python3.12"]\n    node_venv_lib_python3_12 --> node_venv_lib_python3_12_site-packages["site-packages"]\n    node_venv_lib_python3_12_site-packages --> node_venv_lib_python3_12_site-packages_PyQt6["PyQt6"]\n    node_venv_lib_python3_12_site-packages_PyQt6 --> node_venv_lib_python3_12_site-packages_PyQt6_Qt6["Qt6"]\n    node_venv_lib_python3_12_site-packages_PyQt6_Qt6 --> node_venv_lib_python3_12_site-packages_PyQt6_Qt6_qml["qml"]\n    node_venv_lib_python3_12_site-packages_PyQt6_Qt6_qml --> node_venv_lib_python3_12_site-packages_PyQt6_Qt6_qml_QtQuick["QtQuick"]\n    node_venv_lib_python3_12_site-packages_PyQt6_Qt6_qml_QtQuick --> node_venv_lib_python3_12_site-packages_PyQt6_Qt6_qml_QtQuick_Controls["Controls"]\n    node_venv_lib_python3_12_site-packages_PyQt6_Qt6_qml_QtQuick_Controls --> node_venv_lib_python3_12_site-packages_PyQt6_Qt6_qml_QtQuick_Controls_designer["designer"]\n    node_venv_lib_python3_12_site-packages_PyQt6_Qt6_qml_QtQuick_Controls_designer --> node_venv_lib_python3_12_site-packages_PyQt6_Qt6_qml_QtQuick_Controls_designer_images["images"]\n    node_venv_lib_python3_12_site-packages_PyQt6_Qt6_qml_QtQuick_Controls_designer_images --> node_venv_lib_python3_12_site-packages_PyQt6_Qt6_qml_QtQuick_Controls_designer_images_swipeview-icon@2x_png["swipeview-icon@2x.png"]\n    Root --> node_venv["venv"]\n    node_venv --> node_venv_lib["lib"]\n    node_venv_lib --> node_venv_lib_python3_12["python3.12"]\n    node_venv_lib_python3_12 --> node_venv_lib_python3_12_site-packages["site-packages"]\n    node_venv_lib_python3_12_site-packages --> node_venv_lib_python3_12_site-packages_PyQt6["PyQt6"]\n    node_venv_lib_python3_12_site-packages_PyQt6 --> node_venv_lib_python3_12_site-packages_PyQt6_Qt6["Qt6"]\n    node_venv_lib_python3_12_site-packages_PyQt6_Qt6 --> node_venv_lib_python3_12_site-packages_PyQt6_Qt6_qml["qml"]\n    node_venv_lib_python3_12_site-packages_PyQt6_Qt6_qml --> node_venv_lib_python3_12_site-packages_PyQt6_Qt6_qml_QtQuick["QtQuick"]\n    node_venv_lib_python3_12_site-packages_PyQt6_Qt6_qml_QtQuick --> node_venv_lib_python3_12_site-packages_PyQt6_Qt6_qml_QtQuick_Controls["Controls"]\n    node_venv_lib_python3_12_site-packages_PyQt6_Qt6_qml_QtQuick_Controls --> node_venv_lib_python3_12_site-packages_PyQt6_Qt6_qml_QtQuick_Controls_designer["designer"]\n    node_venv_lib_python3_12_site-packages_PyQt6_Qt6_qml_QtQuick_Controls_designer --> node_venv_lib_python3_12_site-packages_PyQt6_Qt6_qml_QtQuick_Controls_designer_images["images"]\n    node_venv_lib_python3_12_site-packages_PyQt6_Qt6_qml_QtQuick_Controls_designer_images --> node_venv_lib_python3_12_site-packages_PyQt6_Qt6_qml_QtQuick_Controls_designer_images_switch-icon_png["switch-icon.png"]\n    Root --> node_venv["venv"]\n    node_venv --> node_venv_lib["lib"]\n    node_venv_lib --> node_venv_lib_python3_12["python3.12"]\n    node_venv_lib_python3_12 --> node_venv_lib_python3_12_site-packages["site-packages"]\n    node_venv_lib_python3_12_site-packages --> node_venv_lib_python3_12_site-packages_PyQt6["PyQt6"]\n    node_venv_lib_python3_12_site-packages_PyQt6 --> node_venv_lib_python3_12_site-packages_PyQt6_Qt6["Qt6"]\n    node_venv_lib_python3_12_site-packages_PyQt6_Qt6 --> node_venv_lib_python3_12_site-packages_PyQt6_Qt6_qml["qml"]\n    node_venv_lib_python3_12_site-packages_PyQt6_Qt6_qml --> node_venv_lib_python3_12_site-packages_PyQt6_Qt6_qml_QtQuick["QtQuick"]\n    node_venv_lib_python3_12_site-packages_PyQt6_Qt6_qml_QtQuick --> node_venv_lib_python3_12_site-packages_PyQt6_Qt6_qml_QtQuick_Controls["Controls"]\n    node_venv_lib_python3_12_site-packages_PyQt6_Qt6_qml_QtQuick_Controls --> node_venv_lib_python3_12_site-packages_PyQt6_Qt6_qml_QtQuick_Controls_designer["designer"]\n    node_venv_lib_python3_12_site-packages_PyQt6_Qt6_qml_QtQuick_Controls_designer --> node_venv_lib_python3_12_site-packages_PyQt6_Qt6_qml_QtQuick_Controls_designer_images["images"]\n    node_venv_lib_python3_12_site-packages_PyQt6_Qt6_qml_QtQuick_Controls_designer_images --> node_venv_lib_python3_12_site-packages_PyQt6_Qt6_qml_QtQuick_Controls_designer_images_switch-icon16_png["switch-icon16.png"]\n    Root --> node_venv["venv"]\n    node_venv --> node_venv_lib["lib"]\n    node_venv_lib --> node_venv_lib_python3_12["python3.12"]\n    node_venv_lib_python3_12 --> node_venv_lib_python3_12_site-packages["site-packages"]\n    node_venv_lib_python3_12_site-packages --> node_venv_lib_python3_12_site-packages_PyQt6["PyQt6"]\n    node_venv_lib_python3_12_site-packages_PyQt6 --> node_venv_lib_python3_12_site-packages_PyQt6_Qt6["Qt6"]\n    node_venv_lib_python3_12_site-packages_PyQt6_Qt6 --> node_venv_lib_python3_12_site-packages_PyQt6_Qt6_qml["qml"]\n    node_venv_lib_python3_12_site-packages_PyQt6_Qt6_qml --> node_venv_lib_python3_12_site-packages_PyQt6_Qt6_qml_QtQuick["QtQuick"]\n    node_venv_lib_python3_12_site-packages_PyQt6_Qt6_qml_QtQuick --> node_venv_lib_python3_12_site-packages_PyQt6_Qt6_qml_QtQuick_Controls["Controls"]\n    node_venv_lib_python3_12_site-packages_PyQt6_Qt6_qml_QtQuick_Controls --> node_venv_lib_python3_12_site-packages_PyQt6_Qt6_qml_QtQuick_Controls_designer["designer"]\n    node_venv_lib_python3_12_site-packages_PyQt6_Qt6_qml_QtQuick_Controls_designer --> node_venv_lib_python3_12_site-packages_PyQt6_Qt6_qml_QtQuick_Controls_designer_images["images"]\n    node_venv_lib_python3_12_site-packages_PyQt6_Qt6_qml_QtQuick_Controls_designer_images --> node_venv_lib_python3_12_site-packages_PyQt6_Qt6_qml_QtQuick_Controls_designer_images_switch-icon@2x_png["switch-icon@2x.png"]\n    Root --> node_venv["venv"]\n    node_venv --> node_venv_lib["lib"]\n    node_venv_lib --> node_venv_lib_python3_12["python3.12"]\n    node_venv_lib_python3_12 --> node_venv_lib_python3_12_site-packages["site-packages"]\n    node_venv_lib_python3_12_site-packages --> node_venv_lib_python3_12_site-packages_PyQt6["PyQt6"]\n    node_venv_lib_python3_12_site-packages_PyQt6 --> node_venv_lib_python3_12_site-packages_PyQt6_Qt6["Qt6"]\n    node_venv_lib_python3_12_site-packages_PyQt6_Qt6 --> node_venv_lib_python3_12_site-packages_PyQt6_Qt6_qml["qml"]\n    node_venv_lib_python3_12_site-packages_PyQt6_Qt6_qml --> node_venv_lib_python3_12_site-packages_PyQt6_Qt6_qml_QtQuick["QtQuick"]\n    node_venv_lib_python3_12_site-packages_PyQt6_Qt6_qml_QtQuick --> node_venv_lib_python3_12_site-packages_PyQt6_Qt6_qml_QtQuick_Controls["Controls"]\n    node_venv_lib_python3_12_site-packages_PyQt6_Qt6_qml_QtQuick_Controls --> node_venv_lib_python3_12_site-packages_PyQt6_Qt6_qml_QtQuick_Controls_designer["designer"]\n    node_venv_lib_python3_12_site-packages_PyQt6_Qt6_qml_QtQuick_Controls_designer --> node_venv_lib_python3_12_site-packages_PyQt6_Qt6_qml_QtQuick_Controls_designer_images["images"]\n    node_venv_lib_python3_12_site-packages_PyQt6_Qt6_qml_QtQuick_Controls_designer_images --> node_venv_lib_python3_12_site-packages_PyQt6_Qt6_qml_QtQuick_Controls_designer_images_textarea-icon_png["textarea-icon.png"]\n    Root --> node_venv["venv"]\n    node_venv --> node_venv_lib["lib"]\n    node_venv_lib --> node_venv_lib_python3_12["python3.12"]\n    node_venv_lib_python3_12 --> node_venv_lib_python3_12_site-packages["site-packages"]\n    node_venv_lib_python3_12_site-packages --> node_venv_lib_python3_12_site-packages_PyQt6["PyQt6"]\n    node_venv_lib_python3_12_site-packages_PyQt6 --> node_venv_lib_python3_12_site-packages_PyQt6_Qt6["Qt6"]\n    node_venv_lib_python3_12_site-packages_PyQt6_Qt6 --> node_venv_lib_python3_12_site-packages_PyQt6_Qt6_qml["qml"]\n    node_venv_lib_python3_12_site-packages_PyQt6_Qt6_qml --> node_venv_lib_python3_12_site-packages_PyQt6_Qt6_qml_QtQuick["QtQuick"]\n    node_venv_lib_python3_12_site-packages_PyQt6_Qt6_qml_QtQuick --> node_venv_lib_python3_12_site-packages_PyQt6_Qt6_qml_QtQuick_Controls["Controls"]\n    node_venv_lib_python3_12_site-packages_PyQt6_Qt6_qml_QtQuick_Controls --> node_venv_lib_python3_12_site-packages_PyQt6_Qt6_qml_QtQuick_Controls_designer["designer"]\n    node_venv_lib_python3_12_site-packages_PyQt6_Qt6_qml_QtQuick_Controls_designer --> node_venv_lib_python3_12_site-packages_PyQt6_Qt6_qml_QtQuick_Controls_designer_images["images"]\n    node_venv_lib_python3_12_site-packages_PyQt6_Qt6_qml_QtQuick_Controls_designer_images --> node_venv_lib_python3_12_site-packages_PyQt6_Qt6_qml_QtQuick_Controls_designer_images_textarea-icon16_png["textarea-icon16.png"]\n    Root --> node_venv["venv"]\n    node_venv --> node_venv_lib["lib"]\n    node_venv_lib --> node_venv_lib_python3_12["python3.12"]\n    node_venv_lib_python3_12 --> node_venv_lib_python3_12_site-packages["site-packages"]\n    node_venv_lib_python3_12_site-packages --> node_venv_lib_python3_12_site-packages_PyQt6["PyQt6"]\n    node_venv_lib_python3_12_site-packages_PyQt6 --> node_venv_lib_python3_12_site-packages_PyQt6_Qt6["Qt6"]\n    node_venv_lib_python3_12_site-packages_PyQt6_Qt6 --> node_venv_lib_python3_12_site-packages_PyQt6_Qt6_qml["qml"]\n    node_venv_lib_python3_12_site-packages_PyQt6_Qt6_qml --> node_venv_lib_python3_12_site-packages_PyQt6_Qt6_qml_QtQuick["QtQuick"]\n    node_venv_lib_python3_12_site-packages_PyQt6_Qt6_qml_QtQuick --> node_venv_lib_python3_12_site-packages_PyQt6_Qt6_qml_QtQuick_Controls["Controls"]\n    node_venv_lib_python3_12_site-packages_PyQt6_Qt6_qml_QtQuick_Controls --> node_venv_lib_python3_12_site-packages_PyQt6_Qt6_qml_QtQuick_Controls_designer["designer"]\n    node_venv_lib_python3_12_site-packages_PyQt6_Qt6_qml_QtQuick_Controls_designer --> node_venv_lib_python3_12_site-packages_PyQt6_Qt6_qml_QtQuick_Controls_designer_images["images"]\n    node_venv_lib_python3_12_site-packages_PyQt6_Qt6_qml_QtQuick_Controls_designer_images --> node_venv_lib_python3_12_site-packages_PyQt6_Qt6_qml_QtQuick_Controls_designer_images_textarea-icon@2x_png["textarea-icon@2x.png"]\n    Root --> node_venv["venv"]\n    node_venv --> node_venv_lib["lib"]\n    node_venv_lib --> node_venv_lib_python3_12["python3.12"]\n    node_venv_lib_python3_12 --> node_venv_lib_python3_12_site-packages["site-packages"]\n    node_venv_lib_python3_12_site-packages --> node_venv_lib_python3_12_site-packages_PyQt6["PyQt6"]\n    node_venv_lib_python3_12_site-packages_PyQt6 --> node_venv_lib_python3_12_site-packages_PyQt6_Qt6["Qt6"]\n    node_venv_lib_python3_12_site-packages_PyQt6_Qt6 --> node_venv_lib_python3_12_site-packages_PyQt6_Qt6_qml["qml"]\n    node_venv_lib_python3_12_site-packages_PyQt6_Qt6_qml --> node_venv_lib_python3_12_site-packages_PyQt6_Qt6_qml_QtQuick["QtQuick"]\n    node_venv_lib_python3_12_site-packages_PyQt6_Qt6_qml_QtQuick --> node_venv_lib_python3_12_site-packages_PyQt6_Qt6_qml_QtQuick_Controls["Controls"]\n    node_venv_lib_python3_12_site-packages_PyQt6_Qt6_qml_QtQuick_Controls --> node_venv_lib_python3_12_site-packages_PyQt6_Qt6_qml_QtQuick_Controls_designer["designer"]\n    node_venv_lib_python3_12_site-packages_PyQt6_Qt6_qml_QtQuick_Controls_designer --> node_venv_lib_python3_12_site-packages_PyQt6_Qt6_qml_QtQuick_Controls_designer_images["images"]\n    node_venv_lib_python3_12_site-packages_PyQt6_Qt6_qml_QtQuick_Controls_designer_images --> node_venv_lib_python3_12_site-packages_PyQt6_Qt6_qml_QtQuick_Controls_designer_images_textfield-icon_png["textfield-icon.png"]\n    Root --> node_venv["venv"]\n    node_venv --> node_venv_lib["lib"]\n    node_venv_lib --> node_venv_lib_python3_12["python3.12"]\n    node_venv_lib_python3_12 --> node_venv_lib_python3_12_site-packages["site-packages"]\n    node_venv_lib_python3_12_site-packages --> node_venv_lib_python3_12_site-packages_PyQt6["PyQt6"]\n    node_venv_lib_python3_12_site-packages_PyQt6 --> node_venv_lib_python3_12_site-packages_PyQt6_Qt6["Qt6"]\n    node_venv_lib_python3_12_site-packages_PyQt6_Qt6 --> node_venv_lib_python3_12_site-packages_PyQt6_Qt6_qml["qml"]\n    node_venv_lib_python3_12_site-packages_PyQt6_Qt6_qml --> node_venv_lib_python3_12_site-packages_PyQt6_Qt6_qml_QtQuick["QtQuick"]\n    node_venv_lib_python3_12_site-packages_PyQt6_Qt6_qml_QtQuick --> node_venv_lib_python3_12_site-packages_PyQt6_Qt6_qml_QtQuick_Controls["Controls"]\n    node_venv_lib_python3_12_site-packages_PyQt6_Qt6_qml_QtQuick_Controls --> node_venv_lib_python3_12_site-packages_PyQt6_Qt6_qml_QtQuick_Controls_designer["designer"]\n    node_venv_lib_python3_12_site-packages_PyQt6_Qt6_qml_QtQuick_Controls_designer --> node_venv_lib_python3_12_site-packages_PyQt6_Qt6_qml_QtQuick_Controls_designer_images["images"]\n    node_venv_lib_python3_12_site-packages_PyQt6_Qt6_qml_QtQuick_Controls_designer_images --> node_venv_lib_python3_12_site-packages_PyQt6_Qt6_qml_QtQuick_Controls_designer_images_textfield-icon16_png["textfield-icon16.png"]\n    Root --> node_venv["venv"]\n    node_venv --> node_venv_lib["lib"]\n    node_venv_lib --> node_venv_lib_python3_12["python3.12"]\n    node_venv_lib_python3_12 --> node_venv_lib_python3_12_site-packages["site-packages"]\n    node_venv_lib_python3_12_site-packages --> node_venv_lib_python3_12_site-packages_PyQt6["PyQt6"]\n    node_venv_lib_python3_12_site-packages_PyQt6 --> node_venv_lib_python3_12_site-packages_PyQt6_Qt6["Qt6"]\n    node_venv_lib_python3_12_site-packages_PyQt6_Qt6 --> node_venv_lib_python3_12_site-packages_PyQt6_Qt6_qml["qml"]\n    node_venv_lib_python3_12_site-packages_PyQt6_Qt6_qml --> node_venv_lib_python3_12_site-packages_PyQt6_Qt6_qml_QtQuick["QtQuick"]\n    node_venv_lib_python3_12_site-packages_PyQt6_Qt6_qml_QtQuick --> node_venv_lib_python3_12_site-packages_PyQt6_Qt6_qml_QtQuick_Controls["Controls"]\n    node_venv_lib_python3_12_site-packages_PyQt6_Qt6_qml_QtQuick_Controls --> node_venv_lib_python3_12_site-packages_PyQt6_Qt6_qml_QtQuick_Controls_designer["designer"]\n    node_venv_lib_python3_12_site-packages_PyQt6_Qt6_qml_QtQuick_Controls_designer --> node_venv_lib_python3_12_site-packages_PyQt6_Qt6_qml_QtQuick_Controls_designer_images["images"]\n    node_venv_lib_python3_12_site-packages_PyQt6_Qt6_qml_QtQuick_Controls_designer_images --> node_venv_lib_python3_12_site-packages_PyQt6_Qt6_qml_QtQuick_Controls_designer_images_textfield-icon@2x_png["textfield-icon@2x.png"]\n    Root --> node_venv["venv"]\n    node_venv --> node_venv_lib["lib"]\n    node_venv_lib --> node_venv_lib_python3_12["python3.12"]\n    node_venv_lib_python3_12 --> node_venv_lib_python3_12_site-packages["site-packages"]\n    node_venv_lib_python3_12_site-packages --> node_venv_lib_python3_12_site-packages_PyQt6["PyQt6"]\n    node_venv_lib_python3_12_site-packages_PyQt6 --> node_venv_lib_python3_12_site-packages_PyQt6_Qt6["Qt6"]\n    node_venv_lib_python3_12_site-packages_PyQt6_Qt6 --> node_venv_lib_python3_12_site-packages_PyQt6_Qt6_qml["qml"]\n    node_venv_lib_python3_12_site-packages_PyQt6_Qt6_qml --> node_venv_lib_python3_12_site-packages_PyQt6_Qt6_qml_QtQuick["QtQuick"]\n    node_venv_lib_python3_12_site-packages_PyQt6_Qt6_qml_QtQuick --> node_venv_lib_python3_12_site-packages_PyQt6_Qt6_qml_QtQuick_Controls["Controls"]\n    node_venv_lib_python3_12_site-packages_PyQt6_Qt6_qml_QtQuick_Controls --> node_venv_lib_python3_12_site-packages_PyQt6_Qt6_qml_QtQuick_Controls_designer["designer"]\n    node_venv_lib_python3_12_site-packages_PyQt6_Qt6_qml_QtQuick_Controls_designer --> node_venv_lib_python3_12_site-packages_PyQt6_Qt6_qml_QtQuick_Controls_designer_images["images"]\n    node_venv_lib_python3_12_site-packages_PyQt6_Qt6_qml_QtQuick_Controls_designer_images --> node_venv_lib_python3_12_site-packages_PyQt6_Qt6_qml_QtQuick_Controls_designer_images_toolbar-icon_png["toolbar-icon.png"]\n    Root --> node_venv["venv"]\n    node_venv --> node_venv_lib["lib"]\n    node_venv_lib --> node_venv_lib_python3_12["python3.12"]\n    node_venv_lib_python3_12 --> node_venv_lib_python3_12_site-packages["site-packages"]\n    node_venv_lib_python3_12_site-packages --> node_venv_lib_python3_12_site-packages_PyQt6["PyQt6"]\n    node_venv_lib_python3_12_site-packages_PyQt6 --> node_venv_lib_python3_12_site-packages_PyQt6_Qt6["Qt6"]\n    node_venv_lib_python3_12_site-packages_PyQt6_Qt6 --> node_venv_lib_python3_12_site-packages_PyQt6_Qt6_qml["qml"]\n    node_venv_lib_python3_12_site-packages_PyQt6_Qt6_qml --> node_venv_lib_python3_12_site-packages_PyQt6_Qt6_qml_QtQuick["QtQuick"]\n    node_venv_lib_python3_12_site-packages_PyQt6_Qt6_qml_QtQuick --> node_venv_lib_python3_12_site-packages_PyQt6_Qt6_qml_QtQuick_Controls["Controls"]\n    node_venv_lib_python3_12_site-packages_PyQt6_Qt6_qml_QtQuick_Controls --> node_venv_lib_python3_12_site-packages_PyQt6_Qt6_qml_QtQuick_Controls_designer["designer"]\n    node_venv_lib_python3_12_site-packages_PyQt6_Qt6_qml_QtQuick_Controls_designer --> node_venv_lib_python3_12_site-packages_PyQt6_Qt6_qml_QtQuick_Controls_designer_images["images"]\n    node_venv_lib_python3_12_site-packages_PyQt6_Qt6_qml_QtQuick_Controls_designer_images --> node_venv_lib_python3_12_site-packages_PyQt6_Qt6_qml_QtQuick_Controls_designer_images_toolbar-icon16_png["toolbar-icon16.png"]\n    Root --> node_venv["venv"]\n    node_venv --> node_venv_lib["lib"]\n    node_venv_lib --> node_venv_lib_python3_12["python3.12"]\n    node_venv_lib_python3_12 --> node_venv_lib_python3_12_site-packages["site-packages"]\n    node_venv_lib_python3_12_site-packages --> node_venv_lib_python3_12_site-packages_PyQt6["PyQt6"]\n    node_venv_lib_python3_12_site-packages_PyQt6 --> node_venv_lib_python3_12_site-packages_PyQt6_Qt6["Qt6"]\n    node_venv_lib_python3_12_site-packages_PyQt6_Qt6 --> node_venv_lib_python3_12_site-packages_PyQt6_Qt6_qml["qml"]\n    node_venv_lib_python3_12_site-packages_PyQt6_Qt6_qml --> node_venv_lib_python3_12_site-packages_PyQt6_Qt6_qml_QtQuick["QtQuick"]\n    node_venv_lib_python3_12_site-packages_PyQt6_Qt6_qml_QtQuick --> node_venv_lib_python3_12_site-packages_PyQt6_Qt6_qml_QtQuick_Controls["Controls"]\n    node_venv_lib_python3_12_site-packages_PyQt6_Qt6_qml_QtQuick_Controls --> node_venv_lib_python3_12_site-packages_PyQt6_Qt6_qml_QtQuick_Controls_designer["designer"]\n    node_venv_lib_python3_12_site-packages_PyQt6_Qt6_qml_QtQuick_Controls_designer --> node_venv_lib_python3_12_site-packages_PyQt6_Qt6_qml_QtQuick_Controls_designer_images["images"]\n    node_venv_lib_python3_12_site-packages_PyQt6_Qt6_qml_QtQuick_Controls_designer_images --> node_venv_lib_python3_12_site-packages_PyQt6_Qt6_qml_QtQuick_Controls_designer_images_toolbar-icon@2x_png["toolbar-icon@2x.png"]\n    Root --> node_venv["venv"]\n    node_venv --> node_venv_lib["lib"]\n    node_venv_lib --> node_venv_lib_python3_12["python3.12"]\n    node_venv_lib_python3_12 --> node_venv_lib_python3_12_site-packages["site-packages"]\n    node_venv_lib_python3_12_site-packages --> node_venv_lib_python3_12_site-packages_PyQt6["PyQt6"]\n    node_venv_lib_python3_12_site-packages_PyQt6 --> node_venv_lib_python3_12_site-packages_PyQt6_Qt6["Qt6"]\n    node_venv_lib_python3_12_site-packages_PyQt6_Qt6 --> node_venv_lib_python3_12_site-packages_PyQt6_Qt6_qml["qml"]\n    node_venv_lib_python3_12_site-packages_PyQt6_Qt6_qml --> node_venv_lib_python3_12_site-packages_PyQt6_Qt6_qml_QtQuick["QtQuick"]\n    node_venv_lib_python3_12_site-packages_PyQt6_Qt6_qml_QtQuick --> node_venv_lib_python3_12_site-packages_PyQt6_Qt6_qml_QtQuick_Controls["Controls"]\n    node_venv_lib_python3_12_site-packages_PyQt6_Qt6_qml_QtQuick_Controls --> node_venv_lib_python3_12_site-packages_PyQt6_Qt6_qml_QtQuick_Controls_designer["designer"]\n    node_venv_lib_python3_12_site-packages_PyQt6_Qt6_qml_QtQuick_Controls_designer --> node_venv_lib_python3_12_site-packages_PyQt6_Qt6_qml_QtQuick_Controls_designer_images["images"]\n    node_venv_lib_python3_12_site-packages_PyQt6_Qt6_qml_QtQuick_Controls_designer_images --> node_venv_lib_python3_12_site-packages_PyQt6_Qt6_qml_QtQuick_Controls_designer_images_toolbutton-icon_png["toolbutton-icon.png"]\n    Root --> node_venv["venv"]\n    node_venv --> node_venv_lib["lib"]\n    node_venv_lib --> node_venv_lib_python3_12["python3.12"]\n    node_venv_lib_python3_12 --> node_venv_lib_python3_12_site-packages["site-packages"]\n    node_venv_lib_python3_12_site-packages --> node_venv_lib_python3_12_site-packages_PyQt6["PyQt6"]\n    node_venv_lib_python3_12_site-packages_PyQt6 --> node_venv_lib_python3_12_site-packages_PyQt6_Qt6["Qt6"]\n    node_venv_lib_python3_12_site-packages_PyQt6_Qt6 --> node_venv_lib_python3_12_site-packages_PyQt6_Qt6_qml["qml"]\n    node_venv_lib_python3_12_site-packages_PyQt6_Qt6_qml --> node_venv_lib_python3_12_site-packages_PyQt6_Qt6_qml_QtQuick["QtQuick"]\n    node_venv_lib_python3_12_site-packages_PyQt6_Qt6_qml_QtQuick --> node_venv_lib_python3_12_site-packages_PyQt6_Qt6_qml_QtQuick_Controls["Controls"]\n    node_venv_lib_python3_12_site-packages_PyQt6_Qt6_qml_QtQuick_Controls --> node_venv_lib_python3_12_site-packages_PyQt6_Qt6_qml_QtQuick_Controls_designer["designer"]\n    node_venv_lib_python3_12_site-packages_PyQt6_Qt6_qml_QtQuick_Controls_designer --> node_venv_lib_python3_12_site-packages_PyQt6_Qt6_qml_QtQuick_Controls_designer_images["images"]\n    node_venv_lib_python3_12_site-packages_PyQt6_Qt6_qml_QtQuick_Controls_designer_images --> node_venv_lib_python3_12_site-packages_PyQt6_Qt6_qml_QtQuick_Controls_designer_images_toolbutton-icon16_png["toolbutton-icon16.png"]\n    Root --> node_venv["venv"]\n    node_venv --> node_venv_lib["lib"]\n    node_venv_lib --> node_venv_lib_python3_12["python3.12"]\n    node_venv_lib_python3_12 --> node_venv_lib_python3_12_site-packages["site-packages"]\n    node_venv_lib_python3_12_site-packages --> node_venv_lib_python3_12_site-packages_PyQt6["PyQt6"]\n    node_venv_lib_python3_12_site-packages_PyQt6 --> node_venv_lib_python3_12_site-packages_PyQt6_Qt6["Qt6"]\n    node_venv_lib_python3_12_site-packages_PyQt6_Qt6 --> node_venv_lib_python3_12_site-packages_PyQt6_Qt6_qml["qml"]\n    node_venv_lib_python3_12_site-packages_PyQt6_Qt6_qml --> node_venv_lib_python3_12_site-packages_PyQt6_Qt6_qml_QtQuick["QtQuick"]\n    node_venv_lib_python3_12_site-packages_PyQt6_Qt6_qml_QtQuick --> node_venv_lib_python3_12_site-packages_PyQt6_Qt6_qml_QtQuick_Controls["Controls"]\n    node_venv_lib_python3_12_site-packages_PyQt6_Qt6_qml_QtQuick_Controls --> node_venv_lib_python3_12_site-packages_PyQt6_Qt6_qml_QtQuick_Controls_designer["designer"]\n    node_venv_lib_python3_12_site-packages_PyQt6_Qt6_qml_QtQuick_Controls_designer --> node_venv_lib_python3_12_site-packages_PyQt6_Qt6_qml_QtQuick_Controls_designer_images["images"]\n    node_venv_lib_python3_12_site-packages_PyQt6_Qt6_qml_QtQuick_Controls_designer_images --> node_venv_lib_python3_12_site-packages_PyQt6_Qt6_qml_QtQuick_Controls_designer_images_toolbutton-icon@2x_png["toolbutton-icon@2x.png"]\n    Root --> node_venv["venv"]\n    node_venv --> node_venv_lib["lib"]\n    node_venv_lib --> node_venv_lib_python3_12["python3.12"]\n    node_venv_lib_python3_12 --> node_venv_lib_python3_12_site-packages["site-packages"]\n    node_venv_lib_python3_12_site-packages --> node_venv_lib_python3_12_site-packages_PyQt6["PyQt6"]\n    node_venv_lib_python3_12_site-packages_PyQt6 --> node_venv_lib_python3_12_site-packages_PyQt6_Qt6["Qt6"]\n    node_venv_lib_python3_12_site-packages_PyQt6_Qt6 --> node_venv_lib_python3_12_site-packages_PyQt6_Qt6_qml["qml"]\n    node_venv_lib_python3_12_site-packages_PyQt6_Qt6_qml --> node_venv_lib_python3_12_site-packages_PyQt6_Qt6_qml_QtQuick["QtQuick"]\n    node_venv_lib_python3_12_site-packages_PyQt6_Qt6_qml_QtQuick --> node_venv_lib_python3_12_site-packages_PyQt6_Qt6_qml_QtQuick_Controls["Controls"]\n    node_venv_lib_python3_12_site-packages_PyQt6_Qt6_qml_QtQuick_Controls --> node_venv_lib_python3_12_site-packages_PyQt6_Qt6_qml_QtQuick_Controls_designer["designer"]\n    node_venv_lib_python3_12_site-packages_PyQt6_Qt6_qml_QtQuick_Controls_designer --> node_venv_lib_python3_12_site-packages_PyQt6_Qt6_qml_QtQuick_Controls_designer_images["images"]\n    node_venv_lib_python3_12_site-packages_PyQt6_Qt6_qml_QtQuick_Controls_designer_images --> node_venv_lib_python3_12_site-packages_PyQt6_Qt6_qml_QtQuick_Controls_designer_images_toolseparator-icon_png["toolseparator-icon.png"]\n    Root --> node_venv["venv"]\n    node_venv --> node_venv_lib["lib"]\n    node_venv_lib --> node_venv_lib_python3_12["python3.12"]\n    node_venv_lib_python3_12 --> node_venv_lib_python3_12_site-packages["site-packages"]\n    node_venv_lib_python3_12_site-packages --> node_venv_lib_python3_12_site-packages_PyQt6["PyQt6"]\n    node_venv_lib_python3_12_site-packages_PyQt6 --> node_venv_lib_python3_12_site-packages_PyQt6_Qt6["Qt6"]\n    node_venv_lib_python3_12_site-packages_PyQt6_Qt6 --> node_venv_lib_python3_12_site-packages_PyQt6_Qt6_qml["qml"]\n    node_venv_lib_python3_12_site-packages_PyQt6_Qt6_qml --> node_venv_lib_python3_12_site-packages_PyQt6_Qt6_qml_QtQuick["QtQuick"]\n    node_venv_lib_python3_12_site-packages_PyQt6_Qt6_qml_QtQuick --> node_venv_lib_python3_12_site-packages_PyQt6_Qt6_qml_QtQuick_Controls["Controls"]\n    node_venv_lib_python3_12_site-packages_PyQt6_Qt6_qml_QtQuick_Controls --> node_venv_lib_python3_12_site-packages_PyQt6_Qt6_qml_QtQuick_Controls_designer["designer"]\n    node_venv_lib_python3_12_site-packages_PyQt6_Qt6_qml_QtQuick_Controls_designer --> node_venv_lib_python3_12_site-packages_PyQt6_Qt6_qml_QtQuick_Controls_designer_images["images"]\n    node_venv_lib_python3_12_site-packages_PyQt6_Qt6_qml_QtQuick_Controls_designer_images --> node_venv_lib_python3_12_site-packages_PyQt6_Qt6_qml_QtQuick_Controls_designer_images_toolseparator-icon16_png["toolseparator-icon16.png"]\n    Root --> node_venv["venv"]\n    node_venv --> node_venv_lib["lib"]\n    node_venv_lib --> node_venv_lib_python3_12["python3.12"]\n    node_venv_lib_python3_12 --> node_venv_lib_python3_12_site-packages["site-packages"]\n    node_venv_lib_python3_12_site-packages --> node_venv_lib_python3_12_site-packages_PyQt6["PyQt6"]\n    node_venv_lib_python3_12_site-packages_PyQt6 --> node_venv_lib_python3_12_site-packages_PyQt6_Qt6["Qt6"]\n    node_venv_lib_python3_12_site-packages_PyQt6_Qt6 --> node_venv_lib_python3_12_site-packages_PyQt6_Qt6_qml["qml"]\n    node_venv_lib_python3_12_site-packages_PyQt6_Qt6_qml --> node_venv_lib_python3_12_site-packages_PyQt6_Qt6_qml_QtQuick["QtQuick"]\n    node_venv_lib_python3_12_site-packages_PyQt6_Qt6_qml_QtQuick --> node_venv_lib_python3_12_site-packages_PyQt6_Qt6_qml_QtQuick_Controls["Controls"]\n    node_venv_lib_python3_12_site-packages_PyQt6_Qt6_qml_QtQuick_Controls --> node_venv_lib_python3_12_site-packages_PyQt6_Qt6_qml_QtQuick_Controls_designer["designer"]\n    node_venv_lib_python3_12_site-packages_PyQt6_Qt6_qml_QtQuick_Controls_designer --> node_venv_lib_python3_12_site-packages_PyQt6_Qt6_qml_QtQuick_Controls_designer_images["images"]\n    node_venv_lib_python3_12_site-packages_PyQt6_Qt6_qml_QtQuick_Controls_designer_images --> node_venv_lib_python3_12_site-packages_PyQt6_Qt6_qml_QtQuick_Controls_designer_images_toolseparator-icon@2x_png["toolseparator-icon@2x.png"]\n    Root --> node_venv["venv"]\n    node_venv --> node_venv_lib["lib"]\n    node_venv_lib --> node_venv_lib_python3_12["python3.12"]\n    node_venv_lib_python3_12 --> node_venv_lib_python3_12_site-packages["site-packages"]\n    node_venv_lib_python3_12_site-packages --> node_venv_lib_python3_12_site-packages_PyQt6["PyQt6"]\n    node_venv_lib_python3_12_site-packages_PyQt6 --> node_venv_lib_python3_12_site-packages_PyQt6_Qt6["Qt6"]\n    node_venv_lib_python3_12_site-packages_PyQt6_Qt6 --> node_venv_lib_python3_12_site-packages_PyQt6_Qt6_qml["qml"]\n    node_venv_lib_python3_12_site-packages_PyQt6_Qt6_qml --> node_venv_lib_python3_12_site-packages_PyQt6_Qt6_qml_QtQuick["QtQuick"]\n    node_venv_lib_python3_12_site-packages_PyQt6_Qt6_qml_QtQuick --> node_venv_lib_python3_12_site-packages_PyQt6_Qt6_qml_QtQuick_Controls["Controls"]\n    node_venv_lib_python3_12_site-packages_PyQt6_Qt6_qml_QtQuick_Controls --> node_venv_lib_python3_12_site-packages_PyQt6_Qt6_qml_QtQuick_Controls_designer["designer"]\n    node_venv_lib_python3_12_site-packages_PyQt6_Qt6_qml_QtQuick_Controls_designer --> node_venv_lib_python3_12_site-packages_PyQt6_Qt6_qml_QtQuick_Controls_designer_images["images"]\n    node_venv_lib_python3_12_site-packages_PyQt6_Qt6_qml_QtQuick_Controls_designer_images --> node_venv_lib_python3_12_site-packages_PyQt6_Qt6_qml_QtQuick_Controls_designer_images_tumbler-icon_png["tumbler-icon.png"]\n    Root --> node_venv["venv"]\n    node_venv --> node_venv_lib["lib"]\n    node_venv_lib --> node_venv_lib_python3_12["python3.12"]\n    node_venv_lib_python3_12 --> node_venv_lib_python3_12_site-packages["site-packages"]\n    node_venv_lib_python3_12_site-packages --> node_venv_lib_python3_12_site-packages_PyQt6["PyQt6"]\n    node_venv_lib_python3_12_site-packages_PyQt6 --> node_venv_lib_python3_12_site-packages_PyQt6_Qt6["Qt6"]\n    node_venv_lib_python3_12_site-packages_PyQt6_Qt6 --> node_venv_lib_python3_12_site-packages_PyQt6_Qt6_qml["qml"]\n    node_venv_lib_python3_12_site-packages_PyQt6_Qt6_qml --> node_venv_lib_python3_12_site-packages_PyQt6_Qt6_qml_QtQuick["QtQuick"]\n    node_venv_lib_python3_12_site-packages_PyQt6_Qt6_qml_QtQuick --> node_venv_lib_python3_12_site-packages_PyQt6_Qt6_qml_QtQuick_Controls["Controls"]\n    node_venv_lib_python3_12_site-packages_PyQt6_Qt6_qml_QtQuick_Controls --> node_venv_lib_python3_12_site-packages_PyQt6_Qt6_qml_QtQuick_Controls_designer["designer"]\n    node_venv_lib_python3_12_site-packages_PyQt6_Qt6_qml_QtQuick_Controls_designer --> node_venv_lib_python3_12_site-packages_PyQt6_Qt6_qml_QtQuick_Controls_designer_images["images"]\n    node_venv_lib_python3_12_site-packages_PyQt6_Qt6_qml_QtQuick_Controls_designer_images --> node_venv_lib_python3_12_site-packages_PyQt6_Qt6_qml_QtQuick_Controls_designer_images_tumbler-icon16_png["tumbler-icon16.png"]\n    Root --> node_venv["venv"]\n    node_venv --> node_venv_lib["lib"]\n    node_venv_lib --> node_venv_lib_python3_12["python3.12"]\n    node_venv_lib_python3_12 --> node_venv_lib_python3_12_site-packages["site-packages"]\n    node_venv_lib_python3_12_site-packages --> node_venv_lib_python3_12_site-packages_PyQt6["PyQt6"]\n    node_venv_lib_python3_12_site-packages_PyQt6 --> node_venv_lib_python3_12_site-packages_PyQt6_Qt6["Qt6"]\n    node_venv_lib_python3_12_site-packages_PyQt6_Qt6 --> node_venv_lib_python3_12_site-packages_PyQt6_Qt6_qml["qml"]\n    node_venv_lib_python3_12_site-packages_PyQt6_Qt6_qml --> node_venv_lib_python3_12_site-packages_PyQt6_Qt6_qml_QtQuick["QtQuick"]\n    node_venv_lib_python3_12_site-packages_PyQt6_Qt6_qml_QtQuick --> node_venv_lib_python3_12_site-packages_PyQt6_Qt6_qml_QtQuick_Controls["Controls"]\n    node_venv_lib_python3_12_site-packages_PyQt6_Qt6_qml_QtQuick_Controls --> node_venv_lib_python3_12_site-packages_PyQt6_Qt6_qml_QtQuick_Controls_designer["designer"]\n    node_venv_lib_python3_12_site-packages_PyQt6_Qt6_qml_QtQuick_Controls_designer --> node_venv_lib_python3_12_site-packages_PyQt6_Qt6_qml_QtQuick_Controls_designer_images["images"]\n    node_venv_lib_python3_12_site-packages_PyQt6_Qt6_qml_QtQuick_Controls_designer_images --> node_venv_lib_python3_12_site-packages_PyQt6_Qt6_qml_QtQuick_Controls_designer_images_tumbler-icon@2x_png["tumbler-icon@2x.png"]\n    Root --> node_venv["venv"]\n    node_venv --> node_venv_lib["lib"]\n    node_venv_lib --> node_venv_lib_python3_12["python3.12"]\n    node_venv_lib_python3_12 --> node_venv_lib_python3_12_site-packages["site-packages"]\n    node_venv_lib_python3_12_site-packages --> node_venv_lib_python3_12_site-packages_PyQt6["PyQt6"]\n    node_venv_lib_python3_12_site-packages_PyQt6 --> node_venv_lib_python3_12_site-packages_PyQt6_Qt6["Qt6"]\n    node_venv_lib_python3_12_site-packages_PyQt6_Qt6 --> node_venv_lib_python3_12_site-packages_PyQt6_Qt6_qml["qml"]\n    node_venv_lib_python3_12_site-packages_PyQt6_Qt6_qml --> node_venv_lib_python3_12_site-packages_PyQt6_Qt6_qml_QtQuick["QtQuick"]\n    node_venv_lib_python3_12_site-packages_PyQt6_Qt6_qml_QtQuick --> node_venv_lib_python3_12_site-packages_PyQt6_Qt6_qml_QtQuick_Controls["Controls"]\n    node_venv_lib_python3_12_site-packages_PyQt6_Qt6_qml_QtQuick_Controls --> node_venv_lib_python3_12_site-packages_PyQt6_Qt6_qml_QtQuick_Controls_Material["Material"]\n    node_venv_lib_python3_12_site-packages_PyQt6_Qt6_qml_QtQuick_Controls_Material --> node_venv_lib_python3_12_site-packages_PyQt6_Qt6_qml_QtQuick_Controls_Material_ApplicationWindow_qml["ApplicationWindow.qml"]\n    Root --> node_venv["venv"]\n    node_venv --> node_venv_lib["lib"]\n    node_venv_lib --> node_venv_lib_python3_12["python3.12"]\n    node_venv_lib_python3_12 --> node_venv_lib_python3_12_site-packages["site-packages"]\n    node_venv_lib_python3_12_site-packages --> node_venv_lib_python3_12_site-packages_PyQt6["PyQt6"]\n    node_venv_lib_python3_12_site-packages_PyQt6 --> node_venv_lib_python3_12_site-packages_PyQt6_Qt6["Qt6"]\n    node_venv_lib_python3_12_site-packages_PyQt6_Qt6 --> node_venv_lib_python3_12_site-packages_PyQt6_Qt6_qml["qml"]\n    node_venv_lib_python3_12_site-packages_PyQt6_Qt6_qml --> node_venv_lib_python3_12_site-packages_PyQt6_Qt6_qml_QtQuick["QtQuick"]\n    node_venv_lib_python3_12_site-packages_PyQt6_Qt6_qml_QtQuick --> node_venv_lib_python3_12_site-packages_PyQt6_Qt6_qml_QtQuick_Controls["Controls"]\n    node_venv_lib_python3_12_site-packages_PyQt6_Qt6_qml_QtQuick_Controls --> node_venv_lib_python3_12_site-packages_PyQt6_Qt6_qml_QtQuick_Controls_Material["Material"]\n    node_venv_lib_python3_12_site-packages_PyQt6_Qt6_qml_QtQuick_Controls_Material --> node_venv_lib_python3_12_site-packages_PyQt6_Qt6_qml_QtQuick_Controls_Material_BusyIndicator_qml["BusyIndicator.qml"]\n    Root --> node_venv["venv"]\n    node_venv --> node_venv_lib["lib"]\n    node_venv_lib --> node_venv_lib_python3_12["python3.12"]\n    node_venv_lib_python3_12 --> node_venv_lib_python3_12_site-packages["site-packages"]\n    node_venv_lib_python3_12_site-packages --> node_venv_lib_python3_12_site-packages_PyQt6["PyQt6"]\n    node_venv_lib_python3_12_site-packages_PyQt6 --> node_venv_lib_python3_12_site-packages_PyQt6_Qt6["Qt6"]\n    node_venv_lib_python3_12_site-packages_PyQt6_Qt6 --> node_venv_lib_python3_12_site-packages_PyQt6_Qt6_qml["qml"]\n    node_venv_lib_python3_12_site-packages_PyQt6_Qt6_qml --> node_venv_lib_python3_12_site-packages_PyQt6_Qt6_qml_QtQuick["QtQuick"]\n    node_venv_lib_python3_12_site-packages_PyQt6_Qt6_qml_QtQuick --> node_venv_lib_python3_12_site-packages_PyQt6_Qt6_qml_QtQuick_Controls["Controls"]\n    node_venv_lib_python3_12_site-packages_PyQt6_Qt6_qml_QtQuick_Controls --> node_venv_lib_python3_12_site-packages_PyQt6_Qt6_qml_QtQuick_Controls_Material["Material"]\n    node_venv_lib_python3_12_site-packages_PyQt6_Qt6_qml_QtQuick_Controls_Material --> node_venv_lib_python3_12_site-packages_PyQt6_Qt6_qml_QtQuick_Controls_Material_Button_qml["Button.qml"]\n    Root --> node_venv["venv"]\n    node_venv --> node_venv_lib["lib"]\n    node_venv_lib --> node_venv_lib_python3_12["python3.12"]\n    node_venv_lib_python3_12 --> node_venv_lib_python3_12_site-packages["site-packages"]\n    node_venv_lib_python3_12_site-packages --> node_venv_lib_python3_12_site-packages_PyQt6["PyQt6"]\n    node_venv_lib_python3_12_site-packages_PyQt6 --> node_venv_lib_python3_12_site-packages_PyQt6_Qt6["Qt6"]\n    node_venv_lib_python3_12_site-packages_PyQt6_Qt6 --> node_venv_lib_python3_12_site-packages_PyQt6_Qt6_qml["qml"]\n    node_venv_lib_python3_12_site-packages_PyQt6_Qt6_qml --> node_venv_lib_python3_12_site-packages_PyQt6_Qt6_qml_QtQuick["QtQuick"]\n    node_venv_lib_python3_12_site-packages_PyQt6_Qt6_qml_QtQuick --> node_venv_lib_python3_12_site-packages_PyQt6_Qt6_qml_QtQuick_Controls["Controls"]\n    node_venv_lib_python3_12_site-packages_PyQt6_Qt6_qml_QtQuick_Controls --> node_venv_lib_python3_12_site-packages_PyQt6_Qt6_qml_QtQuick_Controls_Material["Material"]\n    node_venv_lib_python3_12_site-packages_PyQt6_Qt6_qml_QtQuick_Controls_Material --> node_venv_lib_python3_12_site-packages_PyQt6_Qt6_qml_QtQuick_Controls_Material_CheckBox_qml["CheckBox.qml"]\n    Root --> node_venv["venv"]\n    node_venv --> node_venv_lib["lib"]\n    node_venv_lib --> node_venv_lib_python3_12["python3.12"]\n    node_venv_lib_python3_12 --> node_venv_lib_python3_12_site-packages["site-packages"]\n    node_venv_lib_python3_12_site-packages --> node_venv_lib_python3_12_site-packages_PyQt6["PyQt6"]\n    node_venv_lib_python3_12_site-packages_PyQt6 --> node_venv_lib_python3_12_site-packages_PyQt6_Qt6["Qt6"]\n    node_venv_lib_python3_12_site-packages_PyQt6_Qt6 --> node_venv_lib_python3_12_site-packages_PyQt6_Qt6_qml["qml"]\n    node_venv_lib_python3_12_site-packages_PyQt6_Qt6_qml --> node_venv_lib_python3_12_site-packages_PyQt6_Qt6_qml_QtQuick["QtQuick"]\n    node_venv_lib_python3_12_site-packages_PyQt6_Qt6_qml_QtQuick --> node_venv_lib_python3_12_site-packages_PyQt6_Qt6_qml_QtQuick_Controls["Controls"]\n    node_venv_lib_python3_12_site-packages_PyQt6_Qt6_qml_QtQuick_Controls --> node_venv_lib_python3_12_site-packages_PyQt6_Qt6_qml_QtQuick_Controls_Material["Material"]\n    node_venv_lib_python3_12_site-packages_PyQt6_Qt6_qml_QtQuick_Controls_Material --> node_venv_lib_python3_12_site-packages_PyQt6_Qt6_qml_QtQuick_Controls_Material_CheckDelegate_qml["CheckDelegate.qml"]\n    Root --> node_venv["venv"]\n    node_venv --> node_venv_lib["lib"]\n    node_venv_lib --> node_venv_lib_python3_12["python3.12"]\n    node_venv_lib_python3_12 --> node_venv_lib_python3_12_site-packages["site-packages"]\n    node_venv_lib_python3_12_site-packages --> node_venv_lib_python3_12_site-packages_PyQt6["PyQt6"]\n    node_venv_lib_python3_12_site-packages_PyQt6 --> node_venv_lib_python3_12_site-packages_PyQt6_Qt6["Qt6"]\n    node_venv_lib_python3_12_site-packages_PyQt6_Qt6 --> node_venv_lib_python3_12_site-packages_PyQt6_Qt6_qml["qml"]\n    node_venv_lib_python3_12_site-packages_PyQt6_Qt6_qml --> node_venv_lib_python3_12_site-packages_PyQt6_Qt6_qml_QtQuick["QtQuick"]\n    node_venv_lib_python3_12_site-packages_PyQt6_Qt6_qml_QtQuick --> node_venv_lib_python3_12_site-packages_PyQt6_Qt6_qml_QtQuick_Controls["Controls"]\n    node_venv_lib_python3_12_site-packages_PyQt6_Qt6_qml_QtQuick_Controls --> node_venv_lib_python3_12_site-packages_PyQt6_Qt6_qml_QtQuick_Controls_Material["Material"]\n    node_venv_lib_python3_12_site-packages_PyQt6_Qt6_qml_QtQuick_Controls_Material --> node_venv_lib_python3_12_site-packages_PyQt6_Qt6_qml_QtQuick_Controls_Material_ComboBox_qml["ComboBox.qml"]\n    Root --> node_venv["venv"]\n    node_venv --> node_venv_lib["lib"]\n    node_venv_lib --> node_venv_lib_python3_12["python3.12"]\n    node_venv_lib_python3_12 --> node_venv_lib_python3_12_site-packages["site-packages"]\n    node_venv_lib_python3_12_site-packages --> node_venv_lib_python3_12_site-packages_PyQt6["PyQt6"]\n    node_venv_lib_python3_12_site-packages_PyQt6 --> node_venv_lib_python3_12_site-packages_PyQt6_Qt6["Qt6"]\n    node_venv_lib_python3_12_site-packages_PyQt6_Qt6 --> node_venv_lib_python3_12_site-packages_PyQt6_Qt6_qml["qml"]\n    node_venv_lib_python3_12_site-packages_PyQt6_Qt6_qml --> node_venv_lib_python3_12_site-packages_PyQt6_Qt6_qml_QtQuick["QtQuick"]\n    node_venv_lib_python3_12_site-packages_PyQt6_Qt6_qml_QtQuick --> node_venv_lib_python3_12_site-packages_PyQt6_Qt6_qml_QtQuick_Controls["Controls"]\n    node_venv_lib_python3_12_site-packages_PyQt6_Qt6_qml_QtQuick_Controls --> node_venv_lib_python3_12_site-packages_PyQt6_Qt6_qml_QtQuick_Controls_Material["Material"]\n    node_venv_lib_python3_12_site-packages_PyQt6_Qt6_qml_QtQuick_Controls_Material --> node_venv_lib_python3_12_site-packages_PyQt6_Qt6_qml_QtQuick_Controls_Material_DelayButton_qml["DelayButton.qml"]\n    Root --> node_venv["venv"]\n    node_venv --> node_venv_lib["lib"]\n    node_venv_lib --> node_venv_lib_python3_12["python3.12"]\n    node_venv_lib_python3_12 --> node_venv_lib_python3_12_site-packages["site-packages"]\n    node_venv_lib_python3_12_site-packages --> node_venv_lib_python3_12_site-packages_PyQt6["PyQt6"]\n    node_venv_lib_python3_12_site-packages_PyQt6 --> node_venv_lib_python3_12_site-packages_PyQt6_Qt6["Qt6"]\n    node_venv_lib_python3_12_site-packages_PyQt6_Qt6 --> node_venv_lib_python3_12_site-packages_PyQt6_Qt6_qml["qml"]\n    node_venv_lib_python3_12_site-packages_PyQt6_Qt6_qml --> node_venv_lib_python3_12_site-packages_PyQt6_Qt6_qml_QtQuick["QtQuick"]\n    node_venv_lib_python3_12_site-packages_PyQt6_Qt6_qml_QtQuick --> node_venv_lib_python3_12_site-packages_PyQt6_Qt6_qml_QtQuick_Controls["Controls"]\n    node_venv_lib_python3_12_site-packages_PyQt6_Qt6_qml_QtQuick_Controls --> node_venv_lib_python3_12_site-packages_PyQt6_Qt6_qml_QtQuick_Controls_Material["Material"]\n    node_venv_lib_python3_12_site-packages_PyQt6_Qt6_qml_QtQuick_Controls_Material --> node_venv_lib_python3_12_site-packages_PyQt6_Qt6_qml_QtQuick_Controls_Material_Dial_qml["Dial.qml"]\n    Root --> node_venv["venv"]\n    node_venv --> node_venv_lib["lib"]\n    node_venv_lib --> node_venv_lib_python3_12["python3.12"]\n    node_venv_lib_python3_12 --> node_venv_lib_python3_12_site-packages["site-packages"]\n    node_venv_lib_python3_12_site-packages --> node_venv_lib_python3_12_site-packages_PyQt6["PyQt6"]\n    node_venv_lib_python3_12_site-packages_PyQt6 --> node_venv_lib_python3_12_site-packages_PyQt6_Qt6["Qt6"]\n    node_venv_lib_python3_12_site-packages_PyQt6_Qt6 --> node_venv_lib_python3_12_site-packages_PyQt6_Qt6_qml["qml"]\n    node_venv_lib_python3_12_site-packages_PyQt6_Qt6_qml --> node_venv_lib_python3_12_site-packages_PyQt6_Qt6_qml_QtQuick["QtQuick"]\n    node_venv_lib_python3_12_site-packages_PyQt6_Qt6_qml_QtQuick --> node_venv_lib_python3_12_site-packages_PyQt6_Qt6_qml_QtQuick_Controls["Controls"]\n    node_venv_lib_python3_12_site-packages_PyQt6_Qt6_qml_QtQuick_Controls --> node_venv_lib_python3_12_site-packages_PyQt6_Qt6_qml_QtQuick_Controls_Material["Material"]\n    node_venv_lib_python3_12_site-packages_PyQt6_Qt6_qml_QtQuick_Controls_Material --> node_venv_lib_python3_12_site-packages_PyQt6_Qt6_qml_QtQuick_Controls_Material_Dialog_qml["Dialog.qml"]\n    Root --> node_venv["venv"]\n    node_venv --> node_venv_lib["lib"]\n    node_venv_lib --> node_venv_lib_python3_12["python3.12"]\n    node_venv_lib_python3_12 --> node_venv_lib_python3_12_site-packages["site-packages"]\n    node_venv_lib_python3_12_site-packages --> node_venv_lib_python3_12_site-packages_PyQt6["PyQt6"]\n    node_venv_lib_python3_12_site-packages_PyQt6 --> node_venv_lib_python3_12_site-packages_PyQt6_Qt6["Qt6"]\n    node_venv_lib_python3_12_site-packages_PyQt6_Qt6 --> node_venv_lib_python3_12_site-packages_PyQt6_Qt6_qml["qml"]\n    node_venv_lib_python3_12_site-packages_PyQt6_Qt6_qml --> node_venv_lib_python3_12_site-packages_PyQt6_Qt6_qml_QtQuick["QtQuick"]\n    node_venv_lib_python3_12_site-packages_PyQt6_Qt6_qml_QtQuick --> node_venv_lib_python3_12_site-packages_PyQt6_Qt6_qml_QtQuick_Controls["Controls"]\n    node_venv_lib_python3_12_site-packages_PyQt6_Qt6_qml_QtQuick_Controls --> node_venv_lib_python3_12_site-packages_PyQt6_Qt6_qml_QtQuick_Controls_Material["Material"]\n    node_venv_lib_python3_12_site-packages_PyQt6_Qt6_qml_QtQuick_Controls_Material --> node_venv_lib_python3_12_site-packages_PyQt6_Qt6_qml_QtQuick_Controls_Material_DialogButtonBox_qml["DialogButtonBox.qml"]\n    Root --> node_venv["venv"]\n    node_venv --> node_venv_lib["lib"]\n    node_venv_lib --> node_venv_lib_python3_12["python3.12"]\n    node_venv_lib_python3_12 --> node_venv_lib_python3_12_site-packages["site-packages"]\n    node_venv_lib_python3_12_site-packages --> node_venv_lib_python3_12_site-packages_PyQt6["PyQt6"]\n    node_venv_lib_python3_12_site-packages_PyQt6 --> node_venv_lib_python3_12_site-packages_PyQt6_Qt6["Qt6"]\n    node_venv_lib_python3_12_site-packages_PyQt6_Qt6 --> node_venv_lib_python3_12_site-packages_PyQt6_Qt6_qml["qml"]\n    node_venv_lib_python3_12_site-packages_PyQt6_Qt6_qml --> node_venv_lib_python3_12_site-packages_PyQt6_Qt6_qml_QtQuick["QtQuick"]\n    node_venv_lib_python3_12_site-packages_PyQt6_Qt6_qml_QtQuick --> node_venv_lib_python3_12_site-packages_PyQt6_Qt6_qml_QtQuick_Controls["Controls"]\n    node_venv_lib_python3_12_site-packages_PyQt6_Qt6_qml_QtQuick_Controls --> node_venv_lib_python3_12_site-packages_PyQt6_Qt6_qml_QtQuick_Controls_Material["Material"]\n    node_venv_lib_python3_12_site-packages_PyQt6_Qt6_qml_QtQuick_Controls_Material --> node_venv_lib_python3_12_site-packages_PyQt6_Qt6_qml_QtQuick_Controls_Material_Drawer_qml["Drawer.qml"]\n    Root --> node_venv["venv"]\n    node_venv --> node_venv_lib["lib"]\n    node_venv_lib --> node_venv_lib_python3_12["python3.12"]\n    node_venv_lib_python3_12 --> node_venv_lib_python3_12_site-packages["site-packages"]\n    node_venv_lib_python3_12_site-packages --> node_venv_lib_python3_12_site-packages_PyQt6["PyQt6"]\n    node_venv_lib_python3_12_site-packages_PyQt6 --> node_venv_lib_python3_12_site-packages_PyQt6_Qt6["Qt6"]\n    node_venv_lib_python3_12_site-packages_PyQt6_Qt6 --> node_venv_lib_python3_12_site-packages_PyQt6_Qt6_qml["qml"]\n    node_venv_lib_python3_12_site-packages_PyQt6_Qt6_qml --> node_venv_lib_python3_12_site-packages_PyQt6_Qt6_qml_QtQuick["QtQuick"]\n    node_venv_lib_python3_12_site-packages_PyQt6_Qt6_qml_QtQuick --> node_venv_lib_python3_12_site-packages_PyQt6_Qt6_qml_QtQuick_Controls["Controls"]\n    node_venv_lib_python3_12_site-packages_PyQt6_Qt6_qml_QtQuick_Controls --> node_venv_lib_python3_12_site-packages_PyQt6_Qt6_qml_QtQuick_Controls_Material["Material"]\n    node_venv_lib_python3_12_site-packages_PyQt6_Qt6_qml_QtQuick_Controls_Material --> node_venv_lib_python3_12_site-packages_PyQt6_Qt6_qml_QtQuick_Controls_Material_Frame_qml["Frame.qml"]\n    Root --> node_venv["venv"]\n    node_venv --> node_venv_lib["lib"]\n    node_venv_lib --> node_venv_lib_python3_12["python3.12"]\n    node_venv_lib_python3_12 --> node_venv_lib_python3_12_site-packages["site-packages"]\n    node_venv_lib_python3_12_site-packages --> node_venv_lib_python3_12_site-packages_PyQt6["PyQt6"]\n    node_venv_lib_python3_12_site-packages_PyQt6 --> node_venv_lib_python3_12_site-packages_PyQt6_Qt6["Qt6"]\n    node_venv_lib_python3_12_site-packages_PyQt6_Qt6 --> node_venv_lib_python3_12_site-packages_PyQt6_Qt6_qml["qml"]\n    node_venv_lib_python3_12_site-packages_PyQt6_Qt6_qml --> node_venv_lib_python3_12_site-packages_PyQt6_Qt6_qml_QtQuick["QtQuick"]\n    node_venv_lib_python3_12_site-packages_PyQt6_Qt6_qml_QtQuick --> node_venv_lib_python3_12_site-packages_PyQt6_Qt6_qml_QtQuick_Controls["Controls"]\n    node_venv_lib_python3_12_site-packages_PyQt6_Qt6_qml_QtQuick_Controls --> node_venv_lib_python3_12_site-packages_PyQt6_Qt6_qml_QtQuick_Controls_Material["Material"]\n    node_venv_lib_python3_12_site-packages_PyQt6_Qt6_qml_QtQuick_Controls_Material --> node_venv_lib_python3_12_site-packages_PyQt6_Qt6_qml_QtQuick_Controls_Material_GroupBox_qml["GroupBox.qml"]\n    Root --> node_venv["venv"]\n    node_venv --> node_venv_lib["lib"]\n    node_venv_lib --> node_venv_lib_python3_12["python3.12"]\n    node_venv_lib_python3_12 --> node_venv_lib_python3_12_site-packages["site-packages"]\n    node_venv_lib_python3_12_site-packages --> node_venv_lib_python3_12_site-packages_PyQt6["PyQt6"]\n    node_venv_lib_python3_12_site-packages_PyQt6 --> node_venv_lib_python3_12_site-packages_PyQt6_Qt6["Qt6"]\n    node_venv_lib_python3_12_site-packages_PyQt6_Qt6 --> node_venv_lib_python3_12_site-packages_PyQt6_Qt6_qml["qml"]\n    node_venv_lib_python3_12_site-packages_PyQt6_Qt6_qml --> node_venv_lib_python3_12_site-packages_PyQt6_Qt6_qml_QtQuick["QtQuick"]\n    node_venv_lib_python3_12_site-packages_PyQt6_Qt6_qml_QtQuick --> node_venv_lib_python3_12_site-packages_PyQt6_Qt6_qml_QtQuick_Controls["Controls"]\n    node_venv_lib_python3_12_site-packages_PyQt6_Qt6_qml_QtQuick_Controls --> node_venv_lib_python3_12_site-packages_PyQt6_Qt6_qml_QtQuick_Controls_Material["Material"]\n    node_venv_lib_python3_12_site-packages_PyQt6_Qt6_qml_QtQuick_Controls_Material --> node_venv_lib_python3_12_site-packages_PyQt6_Qt6_qml_QtQuick_Controls_Material_HorizontalHeaderView_qml["HorizontalHeaderView.qml"]\n    Root --> node_venv["venv"]\n    node_venv --> node_venv_lib["lib"]\n    node_venv_lib --> node_venv_lib_python3_12["python3.12"]\n    node_venv_lib_python3_12 --> node_venv_lib_python3_12_site-packages["site-packages"]\n    node_venv_lib_python3_12_site-packages --> node_venv_lib_python3_12_site-packages_PyQt6["PyQt6"]\n    node_venv_lib_python3_12_site-packages_PyQt6 --> node_venv_lib_python3_12_site-packages_PyQt6_Qt6["Qt6"]\n    node_venv_lib_python3_12_site-packages_PyQt6_Qt6 --> node_venv_lib_python3_12_site-packages_PyQt6_Qt6_qml["qml"]\n    node_venv_lib_python3_12_site-packages_PyQt6_Qt6_qml --> node_venv_lib_python3_12_site-packages_PyQt6_Qt6_qml_QtQuick["QtQuick"]\n    node_venv_lib_python3_12_site-packages_PyQt6_Qt6_qml_QtQuick --> node_venv_lib_python3_12_site-packages_PyQt6_Qt6_qml_QtQuick_Controls["Controls"]\n    node_venv_lib_python3_12_site-packages_PyQt6_Qt6_qml_QtQuick_Controls --> node_venv_lib_python3_12_site-packages_PyQt6_Qt6_qml_QtQuick_Controls_Material["Material"]\n    node_venv_lib_python3_12_site-packages_PyQt6_Qt6_qml_QtQuick_Controls_Material --> node_venv_lib_python3_12_site-packages_PyQt6_Qt6_qml_QtQuick_Controls_Material_HorizontalHeaderViewDelegate_qml["HorizontalHeaderViewDelegate.qml"]\n    Root --> node_venv["venv"]\n    node_venv --> node_venv_lib["lib"]\n    node_venv_lib --> node_venv_lib_python3_12["python3.12"]\n    node_venv_lib_python3_12 --> node_venv_lib_python3_12_site-packages["site-packages"]\n    node_venv_lib_python3_12_site-packages --> node_venv_lib_python3_12_site-packages_PyQt6["PyQt6"]\n    node_venv_lib_python3_12_site-packages_PyQt6 --> node_venv_lib_python3_12_site-packages_PyQt6_Qt6["Qt6"]\n    node_venv_lib_python3_12_site-packages_PyQt6_Qt6 --> node_venv_lib_python3_12_site-packages_PyQt6_Qt6_qml["qml"]\n    node_venv_lib_python3_12_site-packages_PyQt6_Qt6_qml --> node_venv_lib_python3_12_site-packages_PyQt6_Qt6_qml_QtQuick["QtQuick"]\n    node_venv_lib_python3_12_site-packages_PyQt6_Qt6_qml_QtQuick --> node_venv_lib_python3_12_site-packages_PyQt6_Qt6_qml_QtQuick_Controls["Controls"]\n    node_venv_lib_python3_12_site-packages_PyQt6_Qt6_qml_QtQuick_Controls --> node_venv_lib_python3_12_site-packages_PyQt6_Qt6_qml_QtQuick_Controls_Material["Material"]\n    node_venv_lib_python3_12_site-packages_PyQt6_Qt6_qml_QtQuick_Controls_Material --> node_venv_lib_python3_12_site-packages_PyQt6_Qt6_qml_QtQuick_Controls_Material_ItemDelegate_qml["ItemDelegate.qml"]\n    Root --> node_venv["venv"]\n    node_venv --> node_venv_lib["lib"]\n    node_venv_lib --> node_venv_lib_python3_12["python3.12"]\n    node_venv_lib_python3_12 --> node_venv_lib_python3_12_site-packages["site-packages"]\n    node_venv_lib_python3_12_site-packages --> node_venv_lib_python3_12_site-packages_PyQt6["PyQt6"]\n    node_venv_lib_python3_12_site-packages_PyQt6 --> node_venv_lib_python3_12_site-packages_PyQt6_Qt6["Qt6"]\n    node_venv_lib_python3_12_site-packages_PyQt6_Qt6 --> node_venv_lib_python3_12_site-packages_PyQt6_Qt6_qml["qml"]\n    node_venv_lib_python3_12_site-packages_PyQt6_Qt6_qml --> node_venv_lib_python3_12_site-packages_PyQt6_Qt6_qml_QtQuick["QtQuick"]\n    node_venv_lib_python3_12_site-packages_PyQt6_Qt6_qml_QtQuick --> node_venv_lib_python3_12_site-packages_PyQt6_Qt6_qml_QtQuick_Controls["Controls"]\n    node_venv_lib_python3_12_site-packages_PyQt6_Qt6_qml_QtQuick_Controls --> node_venv_lib_python3_12_site-packages_PyQt6_Qt6_qml_QtQuick_Controls_Material["Material"]\n    node_venv_lib_python3_12_site-packages_PyQt6_Qt6_qml_QtQuick_Controls_Material --> node_venv_lib_python3_12_site-packages_PyQt6_Qt6_qml_QtQuick_Controls_Material_Label_qml["Label.qml"]\n    Root --> node_venv["venv"]\n    node_venv --> node_venv_lib["lib"]\n    node_venv_lib --> node_venv_lib_python3_12["python3.12"]\n    node_venv_lib_python3_12 --> node_venv_lib_python3_12_site-packages["site-packages"]\n    node_venv_lib_python3_12_site-packages --> node_venv_lib_python3_12_site-packages_PyQt6["PyQt6"]\n    node_venv_lib_python3_12_site-packages_PyQt6 --> node_venv_lib_python3_12_site-packages_PyQt6_Qt6["Qt6"]\n    node_venv_lib_python3_12_site-packages_PyQt6_Qt6 --> node_venv_lib_python3_12_site-packages_PyQt6_Qt6_qml["qml"]\n    node_venv_lib_python3_12_site-packages_PyQt6_Qt6_qml --> node_venv_lib_python3_12_site-packages_PyQt6_Qt6_qml_QtQuick["QtQuick"]\n    node_venv_lib_python3_12_site-packages_PyQt6_Qt6_qml_QtQuick --> node_venv_lib_python3_12_site-packages_PyQt6_Qt6_qml_QtQuick_Controls["Controls"]\n    node_venv_lib_python3_12_site-packages_PyQt6_Qt6_qml_QtQuick_Controls --> node_venv_lib_python3_12_site-packages_PyQt6_Qt6_qml_QtQuick_Controls_Material["Material"]\n    node_venv_lib_python3_12_site-packages_PyQt6_Qt6_qml_QtQuick_Controls_Material --> node_venv_lib_python3_12_site-packages_PyQt6_Qt6_qml_QtQuick_Controls_Material_Menu_qml["Menu.qml"]\n    Root --> node_venv["venv"]\n    node_venv --> node_venv_lib["lib"]\n    node_venv_lib --> node_venv_lib_python3_12["python3.12"]\n    node_venv_lib_python3_12 --> node_venv_lib_python3_12_site-packages["site-packages"]\n    node_venv_lib_python3_12_site-packages --> node_venv_lib_python3_12_site-packages_PyQt6["PyQt6"]\n    node_venv_lib_python3_12_site-packages_PyQt6 --> node_venv_lib_python3_12_site-packages_PyQt6_Qt6["Qt6"]\n    node_venv_lib_python3_12_site-packages_PyQt6_Qt6 --> node_venv_lib_python3_12_site-packages_PyQt6_Qt6_qml["qml"]\n    node_venv_lib_python3_12_site-packages_PyQt6_Qt6_qml --> node_venv_lib_python3_12_site-packages_PyQt6_Qt6_qml_QtQuick["QtQuick"]\n    node_venv_lib_python3_12_site-packages_PyQt6_Qt6_qml_QtQuick --> node_venv_lib_python3_12_site-packages_PyQt6_Qt6_qml_QtQuick_Controls["Controls"]\n    node_venv_lib_python3_12_site-packages_PyQt6_Qt6_qml_QtQuick_Controls --> node_venv_lib_python3_12_site-packages_PyQt6_Qt6_qml_QtQuick_Controls_Material["Material"]\n    node_venv_lib_python3_12_site-packages_PyQt6_Qt6_qml_QtQuick_Controls_Material --> node_venv_lib_python3_12_site-packages_PyQt6_Qt6_qml_QtQuick_Controls_Material_MenuBar_qml["MenuBar.qml"]\n    Root --> node_venv["venv"]\n    node_venv --> node_venv_lib["lib"]\n    node_venv_lib --> node_venv_lib_python3_12["python3.12"]\n    node_venv_lib_python3_12 --> node_venv_lib_python3_12_site-packages["site-packages"]\n    node_venv_lib_python3_12_site-packages --> node_venv_lib_python3_12_site-packages_PyQt6["PyQt6"]\n    node_venv_lib_python3_12_site-packages_PyQt6 --> node_venv_lib_python3_12_site-packages_PyQt6_Qt6["Qt6"]\n    node_venv_lib_python3_12_site-packages_PyQt6_Qt6 --> node_venv_lib_python3_12_site-packages_PyQt6_Qt6_qml["qml"]\n    node_venv_lib_python3_12_site-packages_PyQt6_Qt6_qml --> node_venv_lib_python3_12_site-packages_PyQt6_Qt6_qml_QtQuick["QtQuick"]\n    node_venv_lib_python3_12_site-packages_PyQt6_Qt6_qml_QtQuick --> node_venv_lib_python3_12_site-packages_PyQt6_Qt6_qml_QtQuick_Controls["Controls"]\n    node_venv_lib_python3_12_site-packages_PyQt6_Qt6_qml_QtQuick_Controls --> node_venv_lib_python3_12_site-packages_PyQt6_Qt6_qml_QtQuick_Controls_Material["Material"]\n    node_venv_lib_python3_12_site-packages_PyQt6_Qt6_qml_QtQuick_Controls_Material --> node_venv_lib_python3_12_site-packages_PyQt6_Qt6_qml_QtQuick_Controls_Material_MenuBarItem_qml["MenuBarItem.qml"]\n    Root --> node_venv["venv"]\n    node_venv --> node_venv_lib["lib"]\n    node_venv_lib --> node_venv_lib_python3_12["python3.12"]\n    node_venv_lib_python3_12 --> node_venv_lib_python3_12_site-packages["site-packages"]\n    node_venv_lib_python3_12_site-packages --> node_venv_lib_python3_12_site-packages_PyQt6["PyQt6"]\n    node_venv_lib_python3_12_site-packages_PyQt6 --> node_venv_lib_python3_12_site-packages_PyQt6_Qt6["Qt6"]\n    node_venv_lib_python3_12_site-packages_PyQt6_Qt6 --> node_venv_lib_python3_12_site-packages_PyQt6_Qt6_qml["qml"]\n    node_venv_lib_python3_12_site-packages_PyQt6_Qt6_qml --> node_venv_lib_python3_12_site-packages_PyQt6_Qt6_qml_QtQuick["QtQuick"]\n    node_venv_lib_python3_12_site-packages_PyQt6_Qt6_qml_QtQuick --> node_venv_lib_python3_12_site-packages_PyQt6_Qt6_qml_QtQuick_Controls["Controls"]\n    node_venv_lib_python3_12_site-packages_PyQt6_Qt6_qml_QtQuick_Controls --> node_venv_lib_python3_12_site-packages_PyQt6_Qt6_qml_QtQuick_Controls_Material["Material"]\n    node_venv_lib_python3_12_site-packages_PyQt6_Qt6_qml_QtQuick_Controls_Material --> node_venv_lib_python3_12_site-packages_PyQt6_Qt6_qml_QtQuick_Controls_Material_MenuItem_qml["MenuItem.qml"]\n    Root --> node_venv["venv"]\n    node_venv --> node_venv_lib["lib"]\n    node_venv_lib --> node_venv_lib_python3_12["python3.12"]\n    node_venv_lib_python3_12 --> node_venv_lib_python3_12_site-packages["site-packages"]\n    node_venv_lib_python3_12_site-packages --> node_venv_lib_python3_12_site-packages_PyQt6["PyQt6"]\n    node_venv_lib_python3_12_site-packages_PyQt6 --> node_venv_lib_python3_12_site-packages_PyQt6_Qt6["Qt6"]\n    node_venv_lib_python3_12_site-packages_PyQt6_Qt6 --> node_venv_lib_python3_12_site-packages_PyQt6_Qt6_qml["qml"]\n    node_venv_lib_python3_12_site-packages_PyQt6_Qt6_qml --> node_venv_lib_python3_12_site-packages_PyQt6_Qt6_qml_QtQuick["QtQuick"]\n    node_venv_lib_python3_12_site-packages_PyQt6_Qt6_qml_QtQuick --> node_venv_lib_python3_12_site-packages_PyQt6_Qt6_qml_QtQuick_Controls["Controls"]\n    node_venv_lib_python3_12_site-packages_PyQt6_Qt6_qml_QtQuick_Controls --> node_venv_lib_python3_12_site-packages_PyQt6_Qt6_qml_QtQuick_Controls_Material["Material"]\n    node_venv_lib_python3_12_site-packages_PyQt6_Qt6_qml_QtQuick_Controls_Material --> node_venv_lib_python3_12_site-packages_PyQt6_Qt6_qml_QtQuick_Controls_Material_MenuSeparator_qml["MenuSeparator.qml"]\n    Root --> node_venv["venv"]\n    node_venv --> node_venv_lib["lib"]\n    node_venv_lib --> node_venv_lib_python3_12["python3.12"]\n    node_venv_lib_python3_12 --> node_venv_lib_python3_12_site-packages["site-packages"]\n    node_venv_lib_python3_12_site-packages --> node_venv_lib_python3_12_site-packages_PyQt6["PyQt6"]\n    node_venv_lib_python3_12_site-packages_PyQt6 --> node_venv_lib_python3_12_site-packages_PyQt6_Qt6["Qt6"]\n    node_venv_lib_python3_12_site-packages_PyQt6_Qt6 --> node_venv_lib_python3_12_site-packages_PyQt6_Qt6_qml["qml"]\n    node_venv_lib_python3_12_site-packages_PyQt6_Qt6_qml --> node_venv_lib_python3_12_site-packages_PyQt6_Qt6_qml_QtQuick["QtQuick"]\n    node_venv_lib_python3_12_site-packages_PyQt6_Qt6_qml_QtQuick --> node_venv_lib_python3_12_site-packages_PyQt6_Qt6_qml_QtQuick_Controls["Controls"]\n    node_venv_lib_python3_12_site-packages_PyQt6_Qt6_qml_QtQuick_Controls --> node_venv_lib_python3_12_site-packages_PyQt6_Qt6_qml_QtQuick_Controls_Material["Material"]\n    node_venv_lib_python3_12_site-packages_PyQt6_Qt6_qml_QtQuick_Controls_Material --> node_venv_lib_python3_12_site-packages_PyQt6_Qt6_qml_QtQuick_Controls_Material_Page_qml["Page.qml"]\n    Root --> node_venv["venv"]\n    node_venv --> node_venv_lib["lib"]\n    node_venv_lib --> node_venv_lib_python3_12["python3.12"]\n    node_venv_lib_python3_12 --> node_venv_lib_python3_12_site-packages["site-packages"]\n    node_venv_lib_python3_12_site-packages --> node_venv_lib_python3_12_site-packages_PyQt6["PyQt6"]\n    node_venv_lib_python3_12_site-packages_PyQt6 --> node_venv_lib_python3_12_site-packages_PyQt6_Qt6["Qt6"]\n    node_venv_lib_python3_12_site-packages_PyQt6_Qt6 --> node_venv_lib_python3_12_site-packages_PyQt6_Qt6_qml["qml"]\n    node_venv_lib_python3_12_site-packages_PyQt6_Qt6_qml --> node_venv_lib_python3_12_site-packages_PyQt6_Qt6_qml_QtQuick["QtQuick"]\n    node_venv_lib_python3_12_site-packages_PyQt6_Qt6_qml_QtQuick --> node_venv_lib_python3_12_site-packages_PyQt6_Qt6_qml_QtQuick_Controls["Controls"]\n    node_venv_lib_python3_12_site-packages_PyQt6_Qt6_qml_QtQuick_Controls --> node_venv_lib_python3_12_site-packages_PyQt6_Qt6_qml_QtQuick_Controls_Material["Material"]\n    node_venv_lib_python3_12_site-packages_PyQt6_Qt6_qml_QtQuick_Controls_Material --> node_venv_lib_python3_12_site-packages_PyQt6_Qt6_qml_QtQuick_Controls_Material_PageIndicator_qml["PageIndicator.qml"]\n    Root --> node_venv["venv"]\n    node_venv --> node_venv_lib["lib"]\n    node_venv_lib --> node_venv_lib_python3_12["python3.12"]\n    node_venv_lib_python3_12 --> node_venv_lib_python3_12_site-packages["site-packages"]\n    node_venv_lib_python3_12_site-packages --> node_venv_lib_python3_12_site-packages_PyQt6["PyQt6"]\n    node_venv_lib_python3_12_site-packages_PyQt6 --> node_venv_lib_python3_12_site-packages_PyQt6_Qt6["Qt6"]\n    node_venv_lib_python3_12_site-packages_PyQt6_Qt6 --> node_venv_lib_python3_12_site-packages_PyQt6_Qt6_qml["qml"]\n    node_venv_lib_python3_12_site-packages_PyQt6_Qt6_qml --> node_venv_lib_python3_12_site-packages_PyQt6_Qt6_qml_QtQuick["QtQuick"]\n    node_venv_lib_python3_12_site-packages_PyQt6_Qt6_qml_QtQuick --> node_venv_lib_python3_12_site-packages_PyQt6_Qt6_qml_QtQuick_Controls["Controls"]\n    node_venv_lib_python3_12_site-packages_PyQt6_Qt6_qml_QtQuick_Controls --> node_venv_lib_python3_12_site-packages_PyQt6_Qt6_qml_QtQuick_Controls_Material["Material"]\n    node_venv_lib_python3_12_site-packages_PyQt6_Qt6_qml_QtQuick_Controls_Material --> node_venv_lib_python3_12_site-packages_PyQt6_Qt6_qml_QtQuick_Controls_Material_Pane_qml["Pane.qml"]\n    Root --> node_venv["venv"]\n    node_venv --> node_venv_lib["lib"]\n    node_venv_lib --> node_venv_lib_python3_12["python3.12"]\n    node_venv_lib_python3_12 --> node_venv_lib_python3_12_site-packages["site-packages"]\n    node_venv_lib_python3_12_site-packages --> node_venv_lib_python3_12_site-packages_PyQt6["PyQt6"]\n    node_venv_lib_python3_12_site-packages_PyQt6 --> node_venv_lib_python3_12_site-packages_PyQt6_Qt6["Qt6"]\n    node_venv_lib_python3_12_site-packages_PyQt6_Qt6 --> node_venv_lib_python3_12_site-packages_PyQt6_Qt6_qml["qml"]\n    node_venv_lib_python3_12_site-packages_PyQt6_Qt6_qml --> node_venv_lib_python3_12_site-packages_PyQt6_Qt6_qml_QtQuick["QtQuick"]\n    node_venv_lib_python3_12_site-packages_PyQt6_Qt6_qml_QtQuick --> node_venv_lib_python3_12_site-packages_PyQt6_Qt6_qml_QtQuick_Controls["Controls"]\n    node_venv_lib_python3_12_site-packages_PyQt6_Qt6_qml_QtQuick_Controls --> node_venv_lib_python3_12_site-packages_PyQt6_Qt6_qml_QtQuick_Controls_Material["Material"]\n    node_venv_lib_python3_12_site-packages_PyQt6_Qt6_qml_QtQuick_Controls_Material --> node_venv_lib_python3_12_site-packages_PyQt6_Qt6_qml_QtQuick_Controls_Material_Popup_qml["Popup.qml"]\n    Root --> node_venv["venv"]\n    node_venv --> node_venv_lib["lib"]\n    node_venv_lib --> node_venv_lib_python3_12["python3.12"]\n    node_venv_lib_python3_12 --> node_venv_lib_python3_12_site-packages["site-packages"]\n    node_venv_lib_python3_12_site-packages --> node_venv_lib_python3_12_site-packages_PyQt6["PyQt6"]\n    node_venv_lib_python3_12_site-packages_PyQt6 --> node_venv_lib_python3_12_site-packages_PyQt6_Qt6["Qt6"]\n    node_venv_lib_python3_12_site-packages_PyQt6_Qt6 --> node_venv_lib_python3_12_site-packages_PyQt6_Qt6_qml["qml"]\n    node_venv_lib_python3_12_site-packages_PyQt6_Qt6_qml --> node_venv_lib_python3_12_site-packages_PyQt6_Qt6_qml_QtQuick["QtQuick"]\n    node_venv_lib_python3_12_site-packages_PyQt6_Qt6_qml_QtQuick --> node_venv_lib_python3_12_site-packages_PyQt6_Qt6_qml_QtQuick_Controls["Controls"]\n    node_venv_lib_python3_12_site-packages_PyQt6_Qt6_qml_QtQuick_Controls --> node_venv_lib_python3_12_site-packages_PyQt6_Qt6_qml_QtQuick_Controls_Material["Material"]\n    node_venv_lib_python3_12_site-packages_PyQt6_Qt6_qml_QtQuick_Controls_Material --> node_venv_lib_python3_12_site-packages_PyQt6_Qt6_qml_QtQuick_Controls_Material_ProgressBar_qml["ProgressBar.qml"]\n    Root --> node_venv["venv"]\n    node_venv --> node_venv_lib["lib"]\n    node_venv_lib --> node_venv_lib_python3_12["python3.12"]\n    node_venv_lib_python3_12 --> node_venv_lib_python3_12_site-packages["site-packages"]\n    node_venv_lib_python3_12_site-packages --> node_venv_lib_python3_12_site-packages_PyQt6["PyQt6"]\n    node_venv_lib_python3_12_site-packages_PyQt6 --> node_venv_lib_python3_12_site-packages_PyQt6_Qt6["Qt6"]\n    node_venv_lib_python3_12_site-packages_PyQt6_Qt6 --> node_venv_lib_python3_12_site-packages_PyQt6_Qt6_qml["qml"]\n    node_venv_lib_python3_12_site-packages_PyQt6_Qt6_qml --> node_venv_lib_python3_12_site-packages_PyQt6_Qt6_qml_QtQuick["QtQuick"]\n    node_venv_lib_python3_12_site-packages_PyQt6_Qt6_qml_QtQuick --> node_venv_lib_python3_12_site-packages_PyQt6_Qt6_qml_QtQuick_Controls["Controls"]\n    node_venv_lib_python3_12_site-packages_PyQt6_Qt6_qml_QtQuick_Controls --> node_venv_lib_python3_12_site-packages_PyQt6_Qt6_qml_QtQuick_Controls_Material["Material"]\n    node_venv_lib_python3_12_site-packages_PyQt6_Qt6_qml_QtQuick_Controls_Material --> node_venv_lib_python3_12_site-packages_PyQt6_Qt6_qml_QtQuick_Controls_Material_RadioButton_qml["RadioButton.qml"]\n    Root --> node_venv["venv"]\n    node_venv --> node_venv_lib["lib"]\n    node_venv_lib --> node_venv_lib_python3_12["python3.12"]\n    node_venv_lib_python3_12 --> node_venv_lib_python3_12_site-packages["site-packages"]\n    node_venv_lib_python3_12_site-packages --> node_venv_lib_python3_12_site-packages_PyQt6["PyQt6"]\n    node_venv_lib_python3_12_site-packages_PyQt6 --> node_venv_lib_python3_12_site-packages_PyQt6_Qt6["Qt6"]\n    node_venv_lib_python3_12_site-packages_PyQt6_Qt6 --> node_venv_lib_python3_12_site-packages_PyQt6_Qt6_qml["qml"]\n    node_venv_lib_python3_12_site-packages_PyQt6_Qt6_qml --> node_venv_lib_python3_12_site-packages_PyQt6_Qt6_qml_QtQuick["QtQuick"]\n    node_venv_lib_python3_12_site-packages_PyQt6_Qt6_qml_QtQuick --> node_venv_lib_python3_12_site-packages_PyQt6_Qt6_qml_QtQuick_Controls["Controls"]\n    node_venv_lib_python3_12_site-packages_PyQt6_Qt6_qml_QtQuick_Controls --> node_venv_lib_python3_12_site-packages_PyQt6_Qt6_qml_QtQuick_Controls_Material["Material"]\n    node_venv_lib_python3_12_site-packages_PyQt6_Qt6_qml_QtQuick_Controls_Material --> node_venv_lib_python3_12_site-packages_PyQt6_Qt6_qml_QtQuick_Controls_Material_RadioDelegate_qml["RadioDelegate.qml"]\n    Root --> node_venv["venv"]\n    node_venv --> node_venv_lib["lib"]\n    node_venv_lib --> node_venv_lib_python3_12["python3.12"]\n    node_venv_lib_python3_12 --> node_venv_lib_python3_12_site-packages["site-packages"]\n    node_venv_lib_python3_12_site-packages --> node_venv_lib_python3_12_site-packages_PyQt6["PyQt6"]\n    node_venv_lib_python3_12_site-packages_PyQt6 --> node_venv_lib_python3_12_site-packages_PyQt6_Qt6["Qt6"]\n    node_venv_lib_python3_12_site-packages_PyQt6_Qt6 --> node_venv_lib_python3_12_site-packages_PyQt6_Qt6_qml["qml"]\n    node_venv_lib_python3_12_site-packages_PyQt6_Qt6_qml --> node_venv_lib_python3_12_site-packages_PyQt6_Qt6_qml_QtQuick["QtQuick"]\n    node_venv_lib_python3_12_site-packages_PyQt6_Qt6_qml_QtQuick --> node_venv_lib_python3_12_site-packages_PyQt6_Qt6_qml_QtQuick_Controls["Controls"]\n    node_venv_lib_python3_12_site-packages_PyQt6_Qt6_qml_QtQuick_Controls --> node_venv_lib_python3_12_site-packages_PyQt6_Qt6_qml_QtQuick_Controls_Material["Material"]\n    node_venv_lib_python3_12_site-packages_PyQt6_Qt6_qml_QtQuick_Controls_Material --> node_venv_lib_python3_12_site-packages_PyQt6_Qt6_qml_QtQuick_Controls_Material_RangeSlider_qml["RangeSlider.qml"]\n    Root --> node_venv["venv"]\n    node_venv --> node_venv_lib["lib"]\n    node_venv_lib --> node_venv_lib_python3_12["python3.12"]\n    node_venv_lib_python3_12 --> node_venv_lib_python3_12_site-packages["site-packages"]\n    node_venv_lib_python3_12_site-packages --> node_venv_lib_python3_12_site-packages_PyQt6["PyQt6"]\n    node_venv_lib_python3_12_site-packages_PyQt6 --> node_venv_lib_python3_12_site-packages_PyQt6_Qt6["Qt6"]\n    node_venv_lib_python3_12_site-packages_PyQt6_Qt6 --> node_venv_lib_python3_12_site-packages_PyQt6_Qt6_qml["qml"]\n    node_venv_lib_python3_12_site-packages_PyQt6_Qt6_qml --> node_venv_lib_python3_12_site-packages_PyQt6_Qt6_qml_QtQuick["QtQuick"]\n    node_venv_lib_python3_12_site-packages_PyQt6_Qt6_qml_QtQuick --> node_venv_lib_python3_12_site-packages_PyQt6_Qt6_qml_QtQuick_Controls["Controls"]\n    node_venv_lib_python3_12_site-packages_PyQt6_Qt6_qml_QtQuick_Controls --> node_venv_lib_python3_12_site-packages_PyQt6_Qt6_qml_QtQuick_Controls_Material["Material"]\n    node_venv_lib_python3_12_site-packages_PyQt6_Qt6_qml_QtQuick_Controls_Material --> node_venv_lib_python3_12_site-packages_PyQt6_Qt6_qml_QtQuick_Controls_Material_RoundButton_qml["RoundButton.qml"]\n    Root --> node_venv["venv"]\n    node_venv --> node_venv_lib["lib"]\n    node_venv_lib --> node_venv_lib_python3_12["python3.12"]\n    node_venv_lib_python3_12 --> node_venv_lib_python3_12_site-packages["site-packages"]\n    node_venv_lib_python3_12_site-packages --> node_venv_lib_python3_12_site-packages_PyQt6["PyQt6"]\n    node_venv_lib_python3_12_site-packages_PyQt6 --> node_venv_lib_python3_12_site-packages_PyQt6_Qt6["Qt6"]\n    node_venv_lib_python3_12_site-packages_PyQt6_Qt6 --> node_venv_lib_python3_12_site-packages_PyQt6_Qt6_qml["qml"]\n    node_venv_lib_python3_12_site-packages_PyQt6_Qt6_qml --> node_venv_lib_python3_12_site-packages_PyQt6_Qt6_qml_QtQuick["QtQuick"]\n    node_venv_lib_python3_12_site-packages_PyQt6_Qt6_qml_QtQuick --> node_venv_lib_python3_12_site-packages_PyQt6_Qt6_qml_QtQuick_Controls["Controls"]\n    node_venv_lib_python3_12_site-packages_PyQt6_Qt6_qml_QtQuick_Controls --> node_venv_lib_python3_12_site-packages_PyQt6_Qt6_qml_QtQuick_Controls_Material["Material"]\n    node_venv_lib_python3_12_site-packages_PyQt6_Qt6_qml_QtQuick_Controls_Material --> node_venv_lib_python3_12_site-packages_PyQt6_Qt6_qml_QtQuick_Controls_Material_ScrollBar_qml["ScrollBar.qml"]\n    Root --> node_venv["venv"]\n    node_venv --> node_venv_lib["lib"]\n    node_venv_lib --> node_venv_lib_python3_12["python3.12"]\n    node_venv_lib_python3_12 --> node_venv_lib_python3_12_site-packages["site-packages"]\n    node_venv_lib_python3_12_site-packages --> node_venv_lib_python3_12_site-packages_PyQt6["PyQt6"]\n    node_venv_lib_python3_12_site-packages_PyQt6 --> node_venv_lib_python3_12_site-packages_PyQt6_Qt6["Qt6"]\n    node_venv_lib_python3_12_site-packages_PyQt6_Qt6 --> node_venv_lib_python3_12_site-packages_PyQt6_Qt6_qml["qml"]\n    node_venv_lib_python3_12_site-packages_PyQt6_Qt6_qml --> node_venv_lib_python3_12_site-packages_PyQt6_Qt6_qml_QtQuick["QtQuick"]\n    node_venv_lib_python3_12_site-packages_PyQt6_Qt6_qml_QtQuick --> node_venv_lib_python3_12_site-packages_PyQt6_Qt6_qml_QtQuick_Controls["Controls"]\n    node_venv_lib_python3_12_site-packages_PyQt6_Qt6_qml_QtQuick_Controls --> node_venv_lib_python3_12_site-packages_PyQt6_Qt6_qml_QtQuick_Controls_Material["Material"]\n    node_venv_lib_python3_12_site-packages_PyQt6_Qt6_qml_QtQuick_Controls_Material --> node_venv_lib_python3_12_site-packages_PyQt6_Qt6_qml_QtQuick_Controls_Material_ScrollIndicator_qml["ScrollIndicator.qml"]\n    Root --> node_venv["venv"]\n    node_venv --> node_venv_lib["lib"]\n    node_venv_lib --> node_venv_lib_python3_12["python3.12"]\n    node_venv_lib_python3_12 --> node_venv_lib_python3_12_site-packages["site-packages"]\n    node_venv_lib_python3_12_site-packages --> node_venv_lib_python3_12_site-packages_PyQt6["PyQt6"]\n    node_venv_lib_python3_12_site-packages_PyQt6 --> node_venv_lib_python3_12_site-packages_PyQt6_Qt6["Qt6"]\n    node_venv_lib_python3_12_site-packages_PyQt6_Qt6 --> node_venv_lib_python3_12_site-packages_PyQt6_Qt6_qml["qml"]\n    node_venv_lib_python3_12_site-packages_PyQt6_Qt6_qml --> node_venv_lib_python3_12_site-packages_PyQt6_Qt6_qml_QtQuick["QtQuick"]\n    node_venv_lib_python3_12_site-packages_PyQt6_Qt6_qml_QtQuick --> node_venv_lib_python3_12_site-packages_PyQt6_Qt6_qml_QtQuick_Controls["Controls"]\n    node_venv_lib_python3_12_site-packages_PyQt6_Qt6_qml_QtQuick_Controls --> node_venv_lib_python3_12_site-packages_PyQt6_Qt6_qml_QtQuick_Controls_Material["Material"]\n    node_venv_lib_python3_12_site-packages_PyQt6_Qt6_qml_QtQuick_Controls_Material --> node_venv_lib_python3_12_site-packages_PyQt6_Qt6_qml_QtQuick_Controls_Material_ScrollView_qml["ScrollView.qml"]\n    Root --> node_venv["venv"]\n    node_venv --> node_venv_lib["lib"]\n    node_venv_lib --> node_venv_lib_python3_12["python3.12"]\n    node_venv_lib_python3_12 --> node_venv_lib_python3_12_site-packages["site-packages"]\n    node_venv_lib_python3_12_site-packages --> node_venv_lib_python3_12_site-packages_PyQt6["PyQt6"]\n    node_venv_lib_python3_12_site-packages_PyQt6 --> node_venv_lib_python3_12_site-packages_PyQt6_Qt6["Qt6"]\n    node_venv_lib_python3_12_site-packages_PyQt6_Qt6 --> node_venv_lib_python3_12_site-packages_PyQt6_Qt6_qml["qml"]\n    node_venv_lib_python3_12_site-packages_PyQt6_Qt6_qml --> node_venv_lib_python3_12_site-packages_PyQt6_Qt6_qml_QtQuick["QtQuick"]\n    node_venv_lib_python3_12_site-packages_PyQt6_Qt6_qml_QtQuick --> node_venv_lib_python3_12_site-packages_PyQt6_Qt6_qml_QtQuick_Controls["Controls"]\n    node_venv_lib_python3_12_site-packages_PyQt6_Qt6_qml_QtQuick_Controls --> node_venv_lib_python3_12_site-packages_PyQt6_Qt6_qml_QtQuick_Controls_Material["Material"]\n    node_venv_lib_python3_12_site-packages_PyQt6_Qt6_qml_QtQuick_Controls_Material --> node_venv_lib_python3_12_site-packages_PyQt6_Qt6_qml_QtQuick_Controls_Material_SearchField_qml["SearchField.qml"]\n    Root --> node_venv["venv"]\n    node_venv --> node_venv_lib["lib"]\n    node_venv_lib --> node_venv_lib_python3_12["python3.12"]\n    node_venv_lib_python3_12 --> node_venv_lib_python3_12_site-packages["site-packages"]\n    node_venv_lib_python3_12_site-packages --> node_venv_lib_python3_12_site-packages_PyQt6["PyQt6"]\n    node_venv_lib_python3_12_site-packages_PyQt6 --> node_venv_lib_python3_12_site-packages_PyQt6_Qt6["Qt6"]\n    node_venv_lib_python3_12_site-packages_PyQt6_Qt6 --> node_venv_lib_python3_12_site-packages_PyQt6_Qt6_qml["qml"]\n    node_venv_lib_python3_12_site-packages_PyQt6_Qt6_qml --> node_venv_lib_python3_12_site-packages_PyQt6_Qt6_qml_QtQuick["QtQuick"]\n    node_venv_lib_python3_12_site-packages_PyQt6_Qt6_qml_QtQuick --> node_venv_lib_python3_12_site-packages_PyQt6_Qt6_qml_QtQuick_Controls["Controls"]\n    node_venv_lib_python3_12_site-packages_PyQt6_Qt6_qml_QtQuick_Controls --> node_venv_lib_python3_12_site-packages_PyQt6_Qt6_qml_QtQuick_Controls_Material["Material"]\n    node_venv_lib_python3_12_site-packages_PyQt6_Qt6_qml_QtQuick_Controls_Material --> node_venv_lib_python3_12_site-packages_PyQt6_Qt6_qml_QtQuick_Controls_Material_SelectionRectangle_qml["SelectionRectangle.qml"]\n    Root --> node_venv["venv"]\n    node_venv --> node_venv_lib["lib"]\n    node_venv_lib --> node_venv_lib_python3_12["python3.12"]\n    node_venv_lib_python3_12 --> node_venv_lib_python3_12_site-packages["site-packages"]\n    node_venv_lib_python3_12_site-packages --> node_venv_lib_python3_12_site-packages_PyQt6["PyQt6"]\n    node_venv_lib_python3_12_site-packages_PyQt6 --> node_venv_lib_python3_12_site-packages_PyQt6_Qt6["Qt6"]\n    node_venv_lib_python3_12_site-packages_PyQt6_Qt6 --> node_venv_lib_python3_12_site-packages_PyQt6_Qt6_qml["qml"]\n    node_venv_lib_python3_12_site-packages_PyQt6_Qt6_qml --> node_venv_lib_python3_12_site-packages_PyQt6_Qt6_qml_QtQuick["QtQuick"]\n    node_venv_lib_python3_12_site-packages_PyQt6_Qt6_qml_QtQuick --> node_venv_lib_python3_12_site-packages_PyQt6_Qt6_qml_QtQuick_Controls["Controls"]\n    node_venv_lib_python3_12_site-packages_PyQt6_Qt6_qml_QtQuick_Controls --> node_venv_lib_python3_12_site-packages_PyQt6_Qt6_qml_QtQuick_Controls_Material["Material"]\n    node_venv_lib_python3_12_site-packages_PyQt6_Qt6_qml_QtQuick_Controls_Material --> node_venv_lib_python3_12_site-packages_PyQt6_Qt6_qml_QtQuick_Controls_Material_Slider_qml["Slider.qml"]\n    Root --> node_venv["venv"]\n    node_venv --> node_venv_lib["lib"]\n    node_venv_lib --> node_venv_lib_python3_12["python3.12"]\n    node_venv_lib_python3_12 --> node_venv_lib_python3_12_site-packages["site-packages"]\n    node_venv_lib_python3_12_site-packages --> node_venv_lib_python3_12_site-packages_PyQt6["PyQt6"]\n    node_venv_lib_python3_12_site-packages_PyQt6 --> node_venv_lib_python3_12_site-packages_PyQt6_Qt6["Qt6"]\n    node_venv_lib_python3_12_site-packages_PyQt6_Qt6 --> node_venv_lib_python3_12_site-packages_PyQt6_Qt6_qml["qml"]\n    node_venv_lib_python3_12_site-packages_PyQt6_Qt6_qml --> node_venv_lib_python3_12_site-packages_PyQt6_Qt6_qml_QtQuick["QtQuick"]\n    node_venv_lib_python3_12_site-packages_PyQt6_Qt6_qml_QtQuick --> node_venv_lib_python3_12_site-packages_PyQt6_Qt6_qml_QtQuick_Controls["Controls"]\n    node_venv_lib_python3_12_site-packages_PyQt6_Qt6_qml_QtQuick_Controls --> node_venv_lib_python3_12_site-packages_PyQt6_Qt6_qml_QtQuick_Controls_Material["Material"]\n    node_venv_lib_python3_12_site-packages_PyQt6_Qt6_qml_QtQuick_Controls_Material --> node_venv_lib_python3_12_site-packages_PyQt6_Qt6_qml_QtQuick_Controls_Material_SpinBox_qml["SpinBox.qml"]\n    Root --> node_venv["venv"]\n    node_venv --> node_venv_lib["lib"]\n    node_venv_lib --> node_venv_lib_python3_12["python3.12"]\n    node_venv_lib_python3_12 --> node_venv_lib_python3_12_site-packages["site-packages"]\n    node_venv_lib_python3_12_site-packages --> node_venv_lib_python3_12_site-packages_PyQt6["PyQt6"]\n    node_venv_lib_python3_12_site-packages_PyQt6 --> node_venv_lib_python3_12_site-packages_PyQt6_Qt6["Qt6"]\n    node_venv_lib_python3_12_site-packages_PyQt6_Qt6 --> node_venv_lib_python3_12_site-packages_PyQt6_Qt6_qml["qml"]\n    node_venv_lib_python3_12_site-packages_PyQt6_Qt6_qml --> node_venv_lib_python3_12_site-packages_PyQt6_Qt6_qml_QtQuick["QtQuick"]\n    node_venv_lib_python3_12_site-packages_PyQt6_Qt6_qml_QtQuick --> node_venv_lib_python3_12_site-packages_PyQt6_Qt6_qml_QtQuick_Controls["Controls"]\n    node_venv_lib_python3_12_site-packages_PyQt6_Qt6_qml_QtQuick_Controls --> node_venv_lib_python3_12_site-packages_PyQt6_Qt6_qml_QtQuick_Controls_Material["Material"]\n    node_venv_lib_python3_12_site-packages_PyQt6_Qt6_qml_QtQuick_Controls_Material --> node_venv_lib_python3_12_site-packages_PyQt6_Qt6_qml_QtQuick_Controls_Material_SplitView_qml["SplitView.qml"]\n    Root --> node_venv["venv"]\n    node_venv --> node_venv_lib["lib"]\n    node_venv_lib --> node_venv_lib_python3_12["python3.12"]\n    node_venv_lib_python3_12 --> node_venv_lib_python3_12_site-packages["site-packages"]\n    node_venv_lib_python3_12_site-packages --> node_venv_lib_python3_12_site-packages_PyQt6["PyQt6"]\n    node_venv_lib_python3_12_site-packages_PyQt6 --> node_venv_lib_python3_12_site-packages_PyQt6_Qt6["Qt6"]\n    node_venv_lib_python3_12_site-packages_PyQt6_Qt6 --> node_venv_lib_python3_12_site-packages_PyQt6_Qt6_qml["qml"]\n    node_venv_lib_python3_12_site-packages_PyQt6_Qt6_qml --> node_venv_lib_python3_12_site-packages_PyQt6_Qt6_qml_QtQuick["QtQuick"]\n    node_venv_lib_python3_12_site-packages_PyQt6_Qt6_qml_QtQuick --> node_venv_lib_python3_12_site-packages_PyQt6_Qt6_qml_QtQuick_Controls["Controls"]\n    node_venv_lib_python3_12_site-packages_PyQt6_Qt6_qml_QtQuick_Controls --> node_venv_lib_python3_12_site-packages_PyQt6_Qt6_qml_QtQuick_Controls_Material["Material"]\n    node_venv_lib_python3_12_site-packages_PyQt6_Qt6_qml_QtQuick_Controls_Material --> node_venv_lib_python3_12_site-packages_PyQt6_Qt6_qml_QtQuick_Controls_Material_StackView_qml["StackView.qml"]\n    Root --> node_venv["venv"]\n    node_venv --> node_venv_lib["lib"]\n    node_venv_lib --> node_venv_lib_python3_12["python3.12"]\n    node_venv_lib_python3_12 --> node_venv_lib_python3_12_site-packages["site-packages"]\n    node_venv_lib_python3_12_site-packages --> node_venv_lib_python3_12_site-packages_PyQt6["PyQt6"]\n    node_venv_lib_python3_12_site-packages_PyQt6 --> node_venv_lib_python3_12_site-packages_PyQt6_Qt6["Qt6"]\n    node_venv_lib_python3_12_site-packages_PyQt6_Qt6 --> node_venv_lib_python3_12_site-packages_PyQt6_Qt6_qml["qml"]\n    node_venv_lib_python3_12_site-packages_PyQt6_Qt6_qml --> node_venv_lib_python3_12_site-packages_PyQt6_Qt6_qml_QtQuick["QtQuick"]\n    node_venv_lib_python3_12_site-packages_PyQt6_Qt6_qml_QtQuick --> node_venv_lib_python3_12_site-packages_PyQt6_Qt6_qml_QtQuick_Controls["Controls"]\n    node_venv_lib_python3_12_site-packages_PyQt6_Qt6_qml_QtQuick_Controls --> node_venv_lib_python3_12_site-packages_PyQt6_Qt6_qml_QtQuick_Controls_Material["Material"]\n    node_venv_lib_python3_12_site-packages_PyQt6_Qt6_qml_QtQuick_Controls_Material --> node_venv_lib_python3_12_site-packages_PyQt6_Qt6_qml_QtQuick_Controls_Material_SwipeDelegate_qml["SwipeDelegate.qml"]\n    Root --> node_venv["venv"]\n    node_venv --> node_venv_lib["lib"]\n    node_venv_lib --> node_venv_lib_python3_12["python3.12"]\n    node_venv_lib_python3_12 --> node_venv_lib_python3_12_site-packages["site-packages"]\n    node_venv_lib_python3_12_site-packages --> node_venv_lib_python3_12_site-packages_PyQt6["PyQt6"]\n    node_venv_lib_python3_12_site-packages_PyQt6 --> node_venv_lib_python3_12_site-packages_PyQt6_Qt6["Qt6"]\n    node_venv_lib_python3_12_site-packages_PyQt6_Qt6 --> node_venv_lib_python3_12_site-packages_PyQt6_Qt6_qml["qml"]\n    node_venv_lib_python3_12_site-packages_PyQt6_Qt6_qml --> node_venv_lib_python3_12_site-packages_PyQt6_Qt6_qml_QtQuick["QtQuick"]\n    node_venv_lib_python3_12_site-packages_PyQt6_Qt6_qml_QtQuick --> node_venv_lib_python3_12_site-packages_PyQt6_Qt6_qml_QtQuick_Controls["Controls"]\n    node_venv_lib_python3_12_site-packages_PyQt6_Qt6_qml_QtQuick_Controls --> node_venv_lib_python3_12_site-packages_PyQt6_Qt6_qml_QtQuick_Controls_Material["Material"]\n    node_venv_lib_python3_12_site-packages_PyQt6_Qt6_qml_QtQuick_Controls_Material --> node_venv_lib_python3_12_site-packages_PyQt6_Qt6_qml_QtQuick_Controls_Material_SwipeView_qml["SwipeView.qml"]\n    Root --> node_venv["venv"]\n    node_venv --> node_venv_lib["lib"]\n    node_venv_lib --> node_venv_lib_python3_12["python3.12"]\n    node_venv_lib_python3_12 --> node_venv_lib_python3_12_site-packages["site-packages"]\n    node_venv_lib_python3_12_site-packages --> node_venv_lib_python3_12_site-packages_PyQt6["PyQt6"]\n    node_venv_lib_python3_12_site-packages_PyQt6 --> node_venv_lib_python3_12_site-packages_PyQt6_Qt6["Qt6"]\n    node_venv_lib_python3_12_site-packages_PyQt6_Qt6 --> node_venv_lib_python3_12_site-packages_PyQt6_Qt6_qml["qml"]\n    node_venv_lib_python3_12_site-packages_PyQt6_Qt6_qml --> node_venv_lib_python3_12_site-packages_PyQt6_Qt6_qml_QtQuick["QtQuick"]\n    node_venv_lib_python3_12_site-packages_PyQt6_Qt6_qml_QtQuick --> node_venv_lib_python3_12_site-packages_PyQt6_Qt6_qml_QtQuick_Controls["Controls"]\n    node_venv_lib_python3_12_site-packages_PyQt6_Qt6_qml_QtQuick_Controls --> node_venv_lib_python3_12_site-packages_PyQt6_Qt6_qml_QtQuick_Controls_Material["Material"]\n    node_venv_lib_python3_12_site-packages_PyQt6_Qt6_qml_QtQuick_Controls_Material --> node_venv_lib_python3_12_site-packages_PyQt6_Qt6_qml_QtQuick_Controls_Material_Switch_qml["Switch.qml"]\n    Root --> node_venv["venv"]\n    node_venv --> node_venv_lib["lib"]\n    node_venv_lib --> node_venv_lib_python3_12["python3.12"]\n    node_venv_lib_python3_12 --> node_venv_lib_python3_12_site-packages["site-packages"]\n    node_venv_lib_python3_12_site-packages --> node_venv_lib_python3_12_site-packages_PyQt6["PyQt6"]\n    node_venv_lib_python3_12_site-packages_PyQt6 --> node_venv_lib_python3_12_site-packages_PyQt6_Qt6["Qt6"]\n    node_venv_lib_python3_12_site-packages_PyQt6_Qt6 --> node_venv_lib_python3_12_site-packages_PyQt6_Qt6_qml["qml"]\n    node_venv_lib_python3_12_site-packages_PyQt6_Qt6_qml --> node_venv_lib_python3_12_site-packages_PyQt6_Qt6_qml_QtQuick["QtQuick"]\n    node_venv_lib_python3_12_site-packages_PyQt6_Qt6_qml_QtQuick --> node_venv_lib_python3_12_site-packages_PyQt6_Qt6_qml_QtQuick_Controls["Controls"]\n    node_venv_lib_python3_12_site-packages_PyQt6_Qt6_qml_QtQuick_Controls --> node_venv_lib_python3_12_site-packages_PyQt6_Qt6_qml_QtQuick_Controls_Material["Material"]\n    node_venv_lib_python3_12_site-packages_PyQt6_Qt6_qml_QtQuick_Controls_Material --> node_venv_lib_python3_12_site-packages_PyQt6_Qt6_qml_QtQuick_Controls_Material_SwitchDelegate_qml["SwitchDelegate.qml"]\n    Root --> node_venv["venv"]\n    node_venv --> node_venv_lib["lib"]\n    node_venv_lib --> node_venv_lib_python3_12["python3.12"]\n    node_venv_lib_python3_12 --> node_venv_lib_python3_12_site-packages["site-packages"]\n    node_venv_lib_python3_12_site-packages --> node_venv_lib_python3_12_site-packages_PyQt6["PyQt6"]\n    node_venv_lib_python3_12_site-packages_PyQt6 --> node_venv_lib_python3_12_site-packages_PyQt6_Qt6["Qt6"]\n    node_venv_lib_python3_12_site-packages_PyQt6_Qt6 --> node_venv_lib_python3_12_site-packages_PyQt6_Qt6_qml["qml"]\n    node_venv_lib_python3_12_site-packages_PyQt6_Qt6_qml --> node_venv_lib_python3_12_site-packages_PyQt6_Qt6_qml_QtQuick["QtQuick"]\n    node_venv_lib_python3_12_site-packages_PyQt6_Qt6_qml_QtQuick --> node_venv_lib_python3_12_site-packages_PyQt6_Qt6_qml_QtQuick_Controls["Controls"]\n    node_venv_lib_python3_12_site-packages_PyQt6_Qt6_qml_QtQuick_Controls --> node_venv_lib_python3_12_site-packages_PyQt6_Qt6_qml_QtQuick_Controls_Material["Material"]\n    node_venv_lib_python3_12_site-packages_PyQt6_Qt6_qml_QtQuick_Controls_Material --> node_venv_lib_python3_12_site-packages_PyQt6_Qt6_qml_QtQuick_Controls_Material_TabBar_qml["TabBar.qml"]\n    Root --> node_venv["venv"]\n    node_venv --> node_venv_lib["lib"]\n    node_venv_lib --> node_venv_lib_python3_12["python3.12"]\n    node_venv_lib_python3_12 --> node_venv_lib_python3_12_site-packages["site-packages"]\n    node_venv_lib_python3_12_site-packages --> node_venv_lib_python3_12_site-packages_PyQt6["PyQt6"]\n    node_venv_lib_python3_12_site-packages_PyQt6 --> node_venv_lib_python3_12_site-packages_PyQt6_Qt6["Qt6"]\n    node_venv_lib_python3_12_site-packages_PyQt6_Qt6 --> node_venv_lib_python3_12_site-packages_PyQt6_Qt6_qml["qml"]\n    node_venv_lib_python3_12_site-packages_PyQt6_Qt6_qml --> node_venv_lib_python3_12_site-packages_PyQt6_Qt6_qml_QtQuick["QtQuick"]\n    node_venv_lib_python3_12_site-packages_PyQt6_Qt6_qml_QtQuick --> node_venv_lib_python3_12_site-packages_PyQt6_Qt6_qml_QtQuick_Controls["Controls"]\n    node_venv_lib_python3_12_site-packages_PyQt6_Qt6_qml_QtQuick_Controls --> node_venv_lib_python3_12_site-packages_PyQt6_Qt6_qml_QtQuick_Controls_Material["Material"]\n    node_venv_lib_python3_12_site-packages_PyQt6_Qt6_qml_QtQuick_Controls_Material --> node_venv_lib_python3_12_site-packages_PyQt6_Qt6_qml_QtQuick_Controls_Material_TabButton_qml["TabButton.qml"]\n    Root --> node_venv["venv"]\n    node_venv --> node_venv_lib["lib"]\n    node_venv_lib --> node_venv_lib_python3_12["python3.12"]\n    node_venv_lib_python3_12 --> node_venv_lib_python3_12_site-packages["site-packages"]\n    node_venv_lib_python3_12_site-packages --> node_venv_lib_python3_12_site-packages_PyQt6["PyQt6"]\n    node_venv_lib_python3_12_site-packages_PyQt6 --> node_venv_lib_python3_12_site-packages_PyQt6_Qt6["Qt6"]\n    node_venv_lib_python3_12_site-packages_PyQt6_Qt6 --> node_venv_lib_python3_12_site-packages_PyQt6_Qt6_qml["qml"]\n    node_venv_lib_python3_12_site-packages_PyQt6_Qt6_qml --> node_venv_lib_python3_12_site-packages_PyQt6_Qt6_qml_QtQuick["QtQuick"]\n    node_venv_lib_python3_12_site-packages_PyQt6_Qt6_qml_QtQuick --> node_venv_lib_python3_12_site-packages_PyQt6_Qt6_qml_QtQuick_Controls["Controls"]\n    node_venv_lib_python3_12_site-packages_PyQt6_Qt6_qml_QtQuick_Controls --> node_venv_lib_python3_12_site-packages_PyQt6_Qt6_qml_QtQuick_Controls_Material["Material"]\n    node_venv_lib_python3_12_site-packages_PyQt6_Qt6_qml_QtQuick_Controls_Material --> node_venv_lib_python3_12_site-packages_PyQt6_Qt6_qml_QtQuick_Controls_Material_TextArea_qml["TextArea.qml"]\n    Root --> node_venv["venv"]\n    node_venv --> node_venv_lib["lib"]\n    node_venv_lib --> node_venv_lib_python3_12["python3.12"]\n    node_venv_lib_python3_12 --> node_venv_lib_python3_12_site-packages["site-packages"]\n    node_venv_lib_python3_12_site-packages --> node_venv_lib_python3_12_site-packages_PyQt6["PyQt6"]\n    node_venv_lib_python3_12_site-packages_PyQt6 --> node_venv_lib_python3_12_site-packages_PyQt6_Qt6["Qt6"]\n    node_venv_lib_python3_12_site-packages_PyQt6_Qt6 --> node_venv_lib_python3_12_site-packages_PyQt6_Qt6_qml["qml"]\n    node_venv_lib_python3_12_site-packages_PyQt6_Qt6_qml --> node_venv_lib_python3_12_site-packages_PyQt6_Qt6_qml_QtQuick["QtQuick"]\n    node_venv_lib_python3_12_site-packages_PyQt6_Qt6_qml_QtQuick --> node_venv_lib_python3_12_site-packages_PyQt6_Qt6_qml_QtQuick_Controls["Controls"]\n    node_venv_lib_python3_12_site-packages_PyQt6_Qt6_qml_QtQuick_Controls --> node_venv_lib_python3_12_site-packages_PyQt6_Qt6_qml_QtQuick_Controls_Material["Material"]\n    node_venv_lib_python3_12_site-packages_PyQt6_Qt6_qml_QtQuick_Controls_Material --> node_venv_lib_python3_12_site-packages_PyQt6_Qt6_qml_QtQuick_Controls_Material_TextField_qml["TextField.qml"]\n    Root --> node_venv["venv"]\n    node_venv --> node_venv_lib["lib"]\n    node_venv_lib --> node_venv_lib_python3_12["python3.12"]\n    node_venv_lib_python3_12 --> node_venv_lib_python3_12_site-packages["site-packages"]\n    node_venv_lib_python3_12_site-packages --> node_venv_lib_python3_12_site-packages_PyQt6["PyQt6"]\n    node_venv_lib_python3_12_site-packages_PyQt6 --> node_venv_lib_python3_12_site-packages_PyQt6_Qt6["Qt6"]\n    node_venv_lib_python3_12_site-packages_PyQt6_Qt6 --> node_venv_lib_python3_12_site-packages_PyQt6_Qt6_qml["qml"]\n    node_venv_lib_python3_12_site-packages_PyQt6_Qt6_qml --> node_venv_lib_python3_12_site-packages_PyQt6_Qt6_qml_QtQuick["QtQuick"]\n    node_venv_lib_python3_12_site-packages_PyQt6_Qt6_qml_QtQuick --> node_venv_lib_python3_12_site-packages_PyQt6_Qt6_qml_QtQuick_Controls["Controls"]\n    node_venv_lib_python3_12_site-packages_PyQt6_Qt6_qml_QtQuick_Controls --> node_venv_lib_python3_12_site-packages_PyQt6_Qt6_qml_QtQuick_Controls_Material["Material"]\n    node_venv_lib_python3_12_site-packages_PyQt6_Qt6_qml_QtQuick_Controls_Material --> node_venv_lib_python3_12_site-packages_PyQt6_Qt6_qml_QtQuick_Controls_Material_ToolBar_qml["ToolBar.qml"]\n    Root --> node_venv["venv"]\n    node_venv --> node_venv_lib["lib"]\n    node_venv_lib --> node_venv_lib_python3_12["python3.12"]\n    node_venv_lib_python3_12 --> node_venv_lib_python3_12_site-packages["site-packages"]\n    node_venv_lib_python3_12_site-packages --> node_venv_lib_python3_12_site-packages_PyQt6["PyQt6"]\n    node_venv_lib_python3_12_site-packages_PyQt6 --> node_venv_lib_python3_12_site-packages_PyQt6_Qt6["Qt6"]\n    node_venv_lib_python3_12_site-packages_PyQt6_Qt6 --> node_venv_lib_python3_12_site-packages_PyQt6_Qt6_qml["qml"]\n    node_venv_lib_python3_12_site-packages_PyQt6_Qt6_qml --> node_venv_lib_python3_12_site-packages_PyQt6_Qt6_qml_QtQuick["QtQuick"]\n    node_venv_lib_python3_12_site-packages_PyQt6_Qt6_qml_QtQuick --> node_venv_lib_python3_12_site-packages_PyQt6_Qt6_qml_QtQuick_Controls["Controls"]\n    node_venv_lib_python3_12_site-packages_PyQt6_Qt6_qml_QtQuick_Controls --> node_venv_lib_python3_12_site-packages_PyQt6_Qt6_qml_QtQuick_Controls_Material["Material"]\n    node_venv_lib_python3_12_site-packages_PyQt6_Qt6_qml_QtQuick_Controls_Material --> node_venv_lib_python3_12_site-packages_PyQt6_Qt6_qml_QtQuick_Controls_Material_ToolButton_qml["ToolButton.qml"]\n    Root --> node_venv["venv"]\n    node_venv --> node_venv_lib["lib"]\n    node_venv_lib --> node_venv_lib_python3_12["python3.12"]\n    node_venv_lib_python3_12 --> node_venv_lib_python3_12_site-packages["site-packages"]\n    node_venv_lib_python3_12_site-packages --> node_venv_lib_python3_12_site-packages_PyQt6["PyQt6"]\n    node_venv_lib_python3_12_site-packages_PyQt6 --> node_venv_lib_python3_12_site-packages_PyQt6_Qt6["Qt6"]\n    node_venv_lib_python3_12_site-packages_PyQt6_Qt6 --> node_venv_lib_python3_12_site-packages_PyQt6_Qt6_qml["qml"]\n    node_venv_lib_python3_12_site-packages_PyQt6_Qt6_qml --> node_venv_lib_python3_12_site-packages_PyQt6_Qt6_qml_QtQuick["QtQuick"]\n    node_venv_lib_python3_12_site-packages_PyQt6_Qt6_qml_QtQuick --> node_venv_lib_python3_12_site-packages_PyQt6_Qt6_qml_QtQuick_Controls["Controls"]\n    node_venv_lib_python3_12_site-packages_PyQt6_Qt6_qml_QtQuick_Controls --> node_venv_lib_python3_12_site-packages_PyQt6_Qt6_qml_QtQuick_Controls_Material["Material"]\n    node_venv_lib_python3_12_site-packages_PyQt6_Qt6_qml_QtQuick_Controls_Material --> node_venv_lib_python3_12_site-packages_PyQt6_Qt6_qml_QtQuick_Controls_Material_ToolSeparator_qml["ToolSeparator.qml"]\n    Root --> node_venv["venv"]\n    node_venv --> node_venv_lib["lib"]\n    node_venv_lib --> node_venv_lib_python3_12["python3.12"]\n    node_venv_lib_python3_12 --> node_venv_lib_python3_12_site-packages["site-packages"]\n    node_venv_lib_python3_12_site-packages --> node_venv_lib_python3_12_site-packages_PyQt6["PyQt6"]\n    node_venv_lib_python3_12_site-packages_PyQt6 --> node_venv_lib_python3_12_site-packages_PyQt6_Qt6["Qt6"]\n    node_venv_lib_python3_12_site-packages_PyQt6_Qt6 --> node_venv_lib_python3_12_site-packages_PyQt6_Qt6_qml["qml"]\n    node_venv_lib_python3_12_site-packages_PyQt6_Qt6_qml --> node_venv_lib_python3_12_site-packages_PyQt6_Qt6_qml_QtQuick["QtQuick"]\n    node_venv_lib_python3_12_site-packages_PyQt6_Qt6_qml_QtQuick --> node_venv_lib_python3_12_site-packages_PyQt6_Qt6_qml_QtQuick_Controls["Controls"]\n    node_venv_lib_python3_12_site-packages_PyQt6_Qt6_qml_QtQuick_Controls --> node_venv_lib_python3_12_site-packages_PyQt6_Qt6_qml_QtQuick_Controls_Material["Material"]\n    node_venv_lib_python3_12_site-packages_PyQt6_Qt6_qml_QtQuick_Controls_Material --> node_venv_lib_python3_12_site-packages_PyQt6_Qt6_qml_QtQuick_Controls_Material_ToolTip_qml["ToolTip.qml"]\n    Root --> node_venv["venv"]\n    node_venv --> node_venv_lib["lib"]\n    node_venv_lib --> node_venv_lib_python3_12["python3.12"]\n    node_venv_lib_python3_12 --> node_venv_lib_python3_12_site-packages["site-packages"]\n    node_venv_lib_python3_12_site-packages --> node_venv_lib_python3_12_site-packages_PyQt6["PyQt6"]\n    node_venv_lib_python3_12_site-packages_PyQt6 --> node_venv_lib_python3_12_site-packages_PyQt6_Qt6["Qt6"]\n    node_venv_lib_python3_12_site-packages_PyQt6_Qt6 --> node_venv_lib_python3_12_site-packages_PyQt6_Qt6_qml["qml"]\n    node_venv_lib_python3_12_site-packages_PyQt6_Qt6_qml --> node_venv_lib_python3_12_site-packages_PyQt6_Qt6_qml_QtQuick["QtQuick"]\n    node_venv_lib_python3_12_site-packages_PyQt6_Qt6_qml_QtQuick --> node_venv_lib_python3_12_site-packages_PyQt6_Qt6_qml_QtQuick_Controls["Controls"]\n    node_venv_lib_python3_12_site-packages_PyQt6_Qt6_qml_QtQuick_Controls --> node_venv_lib_python3_12_site-packages_PyQt6_Qt6_qml_QtQuick_Controls_Material["Material"]\n    node_venv_lib_python3_12_site-packages_PyQt6_Qt6_qml_QtQuick_Controls_Material --> node_venv_lib_python3_12_site-packages_PyQt6_Qt6_qml_QtQuick_Controls_Material_TreeViewDelegate_qml["TreeViewDelegate.qml"]\n    Root --> node_venv["venv"]\n    node_venv --> node_venv_lib["lib"]\n    node_venv_lib --> node_venv_lib_python3_12["python3.12"]\n    node_venv_lib_python3_12 --> node_venv_lib_python3_12_site-packages["site-packages"]\n    node_venv_lib_python3_12_site-packages --> node_venv_lib_python3_12_site-packages_PyQt6["PyQt6"]\n    node_venv_lib_python3_12_site-packages_PyQt6 --> node_venv_lib_python3_12_site-packages_PyQt6_Qt6["Qt6"]\n    node_venv_lib_python3_12_site-packages_PyQt6_Qt6 --> node_venv_lib_python3_12_site-packages_PyQt6_Qt6_qml["qml"]\n    node_venv_lib_python3_12_site-packages_PyQt6_Qt6_qml --> node_venv_lib_python3_12_site-packages_PyQt6_Qt6_qml_QtQuick["QtQuick"]\n    node_venv_lib_python3_12_site-packages_PyQt6_Qt6_qml_QtQuick --> node_venv_lib_python3_12_site-packages_PyQt6_Qt6_qml_QtQuick_Controls["Controls"]\n    node_venv_lib_python3_12_site-packages_PyQt6_Qt6_qml_QtQuick_Controls --> node_venv_lib_python3_12_site-packages_PyQt6_Qt6_qml_QtQuick_Controls_Material["Material"]\n    node_venv_lib_python3_12_site-packages_PyQt6_Qt6_qml_QtQuick_Controls_Material --> node_venv_lib_python3_12_site-packages_PyQt6_Qt6_qml_QtQuick_Controls_Material_Tumbler_qml["Tumbler.qml"]\n    Root --> node_venv["venv"]\n    node_venv --> node_venv_lib["lib"]\n    node_venv_lib --> node_venv_lib_python3_12["python3.12"]\n    node_venv_lib_python3_12 --> node_venv_lib_python3_12_site-packages["site-packages"]\n    node_venv_lib_python3_12_site-packages --> node_venv_lib_python3_12_site-packages_PyQt6["PyQt6"]\n    node_venv_lib_python3_12_site-packages_PyQt6 --> node_venv_lib_python3_12_site-packages_PyQt6_Qt6["Qt6"]\n    node_venv_lib_python3_12_site-packages_PyQt6_Qt6 --> node_venv_lib_python3_12_site-packages_PyQt6_Qt6_qml["qml"]\n    node_venv_lib_python3_12_site-packages_PyQt6_Qt6_qml --> node_venv_lib_python3_12_site-packages_PyQt6_Qt6_qml_QtQuick["QtQuick"]\n    node_venv_lib_python3_12_site-packages_PyQt6_Qt6_qml_QtQuick --> node_venv_lib_python3_12_site-packages_PyQt6_Qt6_qml_QtQuick_Controls["Controls"]\n    node_venv_lib_python3_12_site-packages_PyQt6_Qt6_qml_QtQuick_Controls --> node_venv_lib_python3_12_site-packages_PyQt6_Qt6_qml_QtQuick_Controls_Material["Material"]\n    node_venv_lib_python3_12_site-packages_PyQt6_Qt6_qml_QtQuick_Controls_Material --> node_venv_lib_python3_12_site-packages_PyQt6_Qt6_qml_QtQuick_Controls_Material_VerticalHeaderView_qml["VerticalHeaderView.qml"]\n    Root --> node_venv["venv"]\n    node_venv --> node_venv_lib["lib"]\n    node_venv_lib --> node_venv_lib_python3_12["python3.12"]\n    node_venv_lib_python3_12 --> node_venv_lib_python3_12_site-packages["site-packages"]\n    node_venv_lib_python3_12_site-packages --> node_venv_lib_python3_12_site-packages_PyQt6["PyQt6"]\n    node_venv_lib_python3_12_site-packages_PyQt6 --> node_venv_lib_python3_12_site-packages_PyQt6_Qt6["Qt6"]\n    node_venv_lib_python3_12_site-packages_PyQt6_Qt6 --> node_venv_lib_python3_12_site-packages_PyQt6_Qt6_qml["qml"]\n    node_venv_lib_python3_12_site-packages_PyQt6_Qt6_qml --> node_venv_lib_python3_12_site-packages_PyQt6_Qt6_qml_QtQuick["QtQuick"]\n    node_venv_lib_python3_12_site-packages_PyQt6_Qt6_qml_QtQuick --> node_venv_lib_python3_12_site-packages_PyQt6_Qt6_qml_QtQuick_Controls["Controls"]\n    node_venv_lib_python3_12_site-packages_PyQt6_Qt6_qml_QtQuick_Controls --> node_venv_lib_python3_12_site-packages_PyQt6_Qt6_qml_QtQuick_Controls_Material["Material"]\n    node_venv_lib_python3_12_site-packages_PyQt6_Qt6_qml_QtQuick_Controls_Material --> node_venv_lib_python3_12_site-packages_PyQt6_Qt6_qml_QtQuick_Controls_Material_VerticalHeaderViewDelegate_qml["VerticalHeaderViewDelegate.qml"]\n    Root --> node_venv["venv"]\n    node_venv --> node_venv_lib["lib"]\n    node_venv_lib --> node_venv_lib_python3_12["python3.12"]\n    node_venv_lib_python3_12 --> node_venv_lib_python3_12_site-packages["site-packages"]\n    node_venv_lib_python3_12_site-packages --> node_venv_lib_python3_12_site-packages_PyQt6["PyQt6"]\n    node_venv_lib_python3_12_site-packages_PyQt6 --> node_venv_lib_python3_12_site-packages_PyQt6_Qt6["Qt6"]\n    node_venv_lib_python3_12_site-packages_PyQt6_Qt6 --> node_venv_lib_python3_12_site-packages_PyQt6_Qt6_qml["qml"]\n    node_venv_lib_python3_12_site-packages_PyQt6_Qt6_qml --> node_venv_lib_python3_12_site-packages_PyQt6_Qt6_qml_QtQuick["QtQuick"]\n    node_venv_lib_python3_12_site-packages_PyQt6_Qt6_qml_QtQuick --> node_venv_lib_python3_12_site-packages_PyQt6_Qt6_qml_QtQuick_Controls["Controls"]\n    node_venv_lib_python3_12_site-packages_PyQt6_Qt6_qml_QtQuick_Controls --> node_venv_lib_python3_12_site-packages_PyQt6_Qt6_qml_QtQuick_Controls_Material["Material"]\n    node_venv_lib_python3_12_site-packages_PyQt6_Qt6_qml_QtQuick_Controls_Material --> node_venv_lib_python3_12_site-packages_PyQt6_Qt6_qml_QtQuick_Controls_Material_libqtquickcontrols2materialstyleplugin_dylib["libqtquickcontrols2materialstyleplugin.dylib"]\n    Root --> node_venv["venv"]\n    node_venv --> node_venv_lib["lib"]\n    node_venv_lib --> node_venv_lib_python3_12["python3.12"]\n    node_venv_lib_python3_12 --> node_venv_lib_python3_12_site-packages["site-packages"]\n    node_venv_lib_python3_12_site-packages --> node_venv_lib_python3_12_site-packages_PyQt6["PyQt6"]\n    node_venv_lib_python3_12_site-packages_PyQt6 --> node_venv_lib_python3_12_site-packages_PyQt6_Qt6["Qt6"]\n    node_venv_lib_python3_12_site-packages_PyQt6_Qt6 --> node_venv_lib_python3_12_site-packages_PyQt6_Qt6_qml["qml"]\n    node_venv_lib_python3_12_site-packages_PyQt6_Qt6_qml --> node_venv_lib_python3_12_site-packages_PyQt6_Qt6_qml_QtQuick["QtQuick"]\n    node_venv_lib_python3_12_site-packages_PyQt6_Qt6_qml_QtQuick --> node_venv_lib_python3_12_site-packages_PyQt6_Qt6_qml_QtQuick_Controls["Controls"]\n    node_venv_lib_python3_12_site-packages_PyQt6_Qt6_qml_QtQuick_Controls --> node_venv_lib_python3_12_site-packages_PyQt6_Qt6_qml_QtQuick_Controls_Material["Material"]\n    node_venv_lib_python3_12_site-packages_PyQt6_Qt6_qml_QtQuick_Controls_Material --> node_venv_lib_python3_12_site-packages_PyQt6_Qt6_qml_QtQuick_Controls_Material_plugins_qmltypes["plugins.qmltypes"]\n    Root --> node_venv["venv"]\n    node_venv --> node_venv_lib["lib"]\n    node_venv_lib --> node_venv_lib_python3_12["python3.12"]\n    node_venv_lib_python3_12 --> node_venv_lib_python3_12_site-packages["site-packages"]\n    node_venv_lib_python3_12_site-packages --> node_venv_lib_python3_12_site-packages_PyQt6["PyQt6"]\n    node_venv_lib_python3_12_site-packages_PyQt6 --> node_venv_lib_python3_12_site-packages_PyQt6_Qt6["Qt6"]\n    node_venv_lib_python3_12_site-packages_PyQt6_Qt6 --> node_venv_lib_python3_12_site-packages_PyQt6_Qt6_qml["qml"]\n    node_venv_lib_python3_12_site-packages_PyQt6_Qt6_qml --> node_venv_lib_python3_12_site-packages_PyQt6_Qt6_qml_QtQuick["QtQuick"]\n    node_venv_lib_python3_12_site-packages_PyQt6_Qt6_qml_QtQuick --> node_venv_lib_python3_12_site-packages_PyQt6_Qt6_qml_QtQuick_Controls["Controls"]\n    node_venv_lib_python3_12_site-packages_PyQt6_Qt6_qml_QtQuick_Controls --> node_venv_lib_python3_12_site-packages_PyQt6_Qt6_qml_QtQuick_Controls_Material["Material"]\n    node_venv_lib_python3_12_site-packages_PyQt6_Qt6_qml_QtQuick_Controls_Material --> node_venv_lib_python3_12_site-packages_PyQt6_Qt6_qml_QtQuick_Controls_Material_qmldir["qmldir"]\n    Root --> node_venv["venv"]\n    node_venv --> node_venv_lib["lib"]\n    node_venv_lib --> node_venv_lib_python3_12["python3.12"]\n    node_venv_lib_python3_12 --> node_venv_lib_python3_12_site-packages["site-packages"]\n    node_venv_lib_python3_12_site-packages --> node_venv_lib_python3_12_site-packages_PyQt6["PyQt6"]\n    node_venv_lib_python3_12_site-packages_PyQt6 --> node_venv_lib_python3_12_site-packages_PyQt6_Qt6["Qt6"]\n    node_venv_lib_python3_12_site-packages_PyQt6_Qt6 --> node_venv_lib_python3_12_site-packages_PyQt6_Qt6_qml["qml"]\n    node_venv_lib_python3_12_site-packages_PyQt6_Qt6_qml --> node_venv_lib_python3_12_site-packages_PyQt6_Qt6_qml_QtQuick["QtQuick"]\n    node_venv_lib_python3_12_site-packages_PyQt6_Qt6_qml_QtQuick --> node_venv_lib_python3_12_site-packages_PyQt6_Qt6_qml_QtQuick_Controls["Controls"]\n    node_venv_lib_python3_12_site-packages_PyQt6_Qt6_qml_QtQuick_Controls --> node_venv_lib_python3_12_site-packages_PyQt6_Qt6_qml_QtQuick_Controls_Material["Material"]\n    node_venv_lib_python3_12_site-packages_PyQt6_Qt6_qml_QtQuick_Controls_Material --> node_venv_lib_python3_12_site-packages_PyQt6_Qt6_qml_QtQuick_Controls_Material_impl["impl"]\n    node_venv_lib_python3_12_site-packages_PyQt6_Qt6_qml_QtQuick_Controls_Material_impl --> node_venv_lib_python3_12_site-packages_PyQt6_Qt6_qml_QtQuick_Controls_Material_impl_BoxShadow_qml["BoxShadow.qml"]\n    Root --> node_venv["venv"]\n    node_venv --> node_venv_lib["lib"]\n    node_venv_lib --> node_venv_lib_python3_12["python3.12"]\n    node_venv_lib_python3_12 --> node_venv_lib_python3_12_site-packages["site-packages"]\n    node_venv_lib_python3_12_site-packages --> node_venv_lib_python3_12_site-packages_PyQt6["PyQt6"]\n    node_venv_lib_python3_12_site-packages_PyQt6 --> node_venv_lib_python3_12_site-packages_PyQt6_Qt6["Qt6"]\n    node_venv_lib_python3_12_site-packages_PyQt6_Qt6 --> node_venv_lib_python3_12_site-packages_PyQt6_Qt6_qml["qml"]\n    node_venv_lib_python3_12_site-packages_PyQt6_Qt6_qml --> node_venv_lib_python3_12_site-packages_PyQt6_Qt6_qml_QtQuick["QtQuick"]\n    node_venv_lib_python3_12_site-packages_PyQt6_Qt6_qml_QtQuick --> node_venv_lib_python3_12_site-packages_PyQt6_Qt6_qml_QtQuick_Controls["Controls"]\n    node_venv_lib_python3_12_site-packages_PyQt6_Qt6_qml_QtQuick_Controls --> node_venv_lib_python3_12_site-packages_PyQt6_Qt6_qml_QtQuick_Controls_Material["Material"]\n    node_venv_lib_python3_12_site-packages_PyQt6_Qt6_qml_QtQuick_Controls_Material --> node_venv_lib_python3_12_site-packages_PyQt6_Qt6_qml_QtQuick_Controls_Material_impl["impl"]\n    node_venv_lib_python3_12_site-packages_PyQt6_Qt6_qml_QtQuick_Controls_Material_impl --> node_venv_lib_python3_12_site-packages_PyQt6_Qt6_qml_QtQuick_Controls_Material_impl_CheckIndicator_qml["CheckIndicator.qml"]\n    Root --> node_venv["venv"]\n    node_venv --> node_venv_lib["lib"]\n    node_venv_lib --> node_venv_lib_python3_12["python3.12"]\n    node_venv_lib_python3_12 --> node_venv_lib_python3_12_site-packages["site-packages"]\n    node_venv_lib_python3_12_site-packages --> node_venv_lib_python3_12_site-packages_PyQt6["PyQt6"]\n    node_venv_lib_python3_12_site-packages_PyQt6 --> node_venv_lib_python3_12_site-packages_PyQt6_Qt6["Qt6"]\n    node_venv_lib_python3_12_site-packages_PyQt6_Qt6 --> node_venv_lib_python3_12_site-packages_PyQt6_Qt6_qml["qml"]\n    node_venv_lib_python3_12_site-packages_PyQt6_Qt6_qml --> node_venv_lib_python3_12_site-packages_PyQt6_Qt6_qml_QtQuick["QtQuick"]\n    node_venv_lib_python3_12_site-packages_PyQt6_Qt6_qml_QtQuick --> node_venv_lib_python3_12_site-packages_PyQt6_Qt6_qml_QtQuick_Controls["Controls"]\n    node_venv_lib_python3_12_site-packages_PyQt6_Qt6_qml_QtQuick_Controls --> node_venv_lib_python3_12_site-packages_PyQt6_Qt6_qml_QtQuick_Controls_Material["Material"]\n    node_venv_lib_python3_12_site-packages_PyQt6_Qt6_qml_QtQuick_Controls_Material --> node_venv_lib_python3_12_site-packages_PyQt6_Qt6_qml_QtQuick_Controls_Material_impl["impl"]\n    node_venv_lib_python3_12_site-packages_PyQt6_Qt6_qml_QtQuick_Controls_Material_impl --> node_venv_lib_python3_12_site-packages_PyQt6_Qt6_qml_QtQuick_Controls_Material_impl_CursorDelegate_qml["CursorDelegate.qml"]\n    Root --> node_venv["venv"]\n    node_venv --> node_venv_lib["lib"]\n    node_venv_lib --> node_venv_lib_python3_12["python3.12"]\n    node_venv_lib_python3_12 --> node_venv_lib_python3_12_site-packages["site-packages"]\n    node_venv_lib_python3_12_site-packages --> node_venv_lib_python3_12_site-packages_PyQt6["PyQt6"]\n    node_venv_lib_python3_12_site-packages_PyQt6 --> node_venv_lib_python3_12_site-packages_PyQt6_Qt6["Qt6"]\n    node_venv_lib_python3_12_site-packages_PyQt6_Qt6 --> node_venv_lib_python3_12_site-packages_PyQt6_Qt6_qml["qml"]\n    node_venv_lib_python3_12_site-packages_PyQt6_Qt6_qml --> node_venv_lib_python3_12_site-packages_PyQt6_Qt6_qml_QtQuick["QtQuick"]\n    node_venv_lib_python3_12_site-packages_PyQt6_Qt6_qml_QtQuick --> node_venv_lib_python3_12_site-packages_PyQt6_Qt6_qml_QtQuick_Controls["Controls"]\n    node_venv_lib_python3_12_site-packages_PyQt6_Qt6_qml_QtQuick_Controls --> node_venv_lib_python3_12_site-packages_PyQt6_Qt6_qml_QtQuick_Controls_Material["Material"]\n    node_venv_lib_python3_12_site-packages_PyQt6_Qt6_qml_QtQuick_Controls_Material --> node_venv_lib_python3_12_site-packages_PyQt6_Qt6_qml_QtQuick_Controls_Material_impl["impl"]\n    node_venv_lib_python3_12_site-packages_PyQt6_Qt6_qml_QtQuick_Controls_Material_impl --> node_venv_lib_python3_12_site-packages_PyQt6_Qt6_qml_QtQuick_Controls_Material_impl_ElevationEffect_qml["ElevationEffect.qml"]\n    Root --> node_venv["venv"]\n    node_venv --> node_venv_lib["lib"]\n    node_venv_lib --> node_venv_lib_python3_12["python3.12"]\n    node_venv_lib_python3_12 --> node_venv_lib_python3_12_site-packages["site-packages"]\n    node_venv_lib_python3_12_site-packages --> node_venv_lib_python3_12_site-packages_PyQt6["PyQt6"]\n    node_venv_lib_python3_12_site-packages_PyQt6 --> node_venv_lib_python3_12_site-packages_PyQt6_Qt6["Qt6"]\n    node_venv_lib_python3_12_site-packages_PyQt6_Qt6 --> node_venv_lib_python3_12_site-packages_PyQt6_Qt6_qml["qml"]\n    node_venv_lib_python3_12_site-packages_PyQt6_Qt6_qml --> node_venv_lib_python3_12_site-packages_PyQt6_Qt6_qml_QtQuick["QtQuick"]\n    node_venv_lib_python3_12_site-packages_PyQt6_Qt6_qml_QtQuick --> node_venv_lib_python3_12_site-packages_PyQt6_Qt6_qml_QtQuick_Controls["Controls"]\n    node_venv_lib_python3_12_site-packages_PyQt6_Qt6_qml_QtQuick_Controls --> node_venv_lib_python3_12_site-packages_PyQt6_Qt6_qml_QtQuick_Controls_Material["Material"]\n    node_venv_lib_python3_12_site-packages_PyQt6_Qt6_qml_QtQuick_Controls_Material --> node_venv_lib_python3_12_site-packages_PyQt6_Qt6_qml_QtQuick_Controls_Material_impl["impl"]\n    node_venv_lib_python3_12_site-packages_PyQt6_Qt6_qml_QtQuick_Controls_Material_impl --> node_venv_lib_python3_12_site-packages_PyQt6_Qt6_qml_QtQuick_Controls_Material_impl_RadioIndicator_qml["RadioIndicator.qml"]\n    Root --> node_venv["venv"]\n    node_venv --> node_venv_lib["lib"]\n    node_venv_lib --> node_venv_lib_python3_12["python3.12"]\n    node_venv_lib_python3_12 --> node_venv_lib_python3_12_site-packages["site-packages"]\n    node_venv_lib_python3_12_site-packages --> node_venv_lib_python3_12_site-packages_PyQt6["PyQt6"]\n    node_venv_lib_python3_12_site-packages_PyQt6 --> node_venv_lib_python3_12_site-packages_PyQt6_Qt6["Qt6"]\n    node_venv_lib_python3_12_site-packages_PyQt6_Qt6 --> node_venv_lib_python3_12_site-packages_PyQt6_Qt6_qml["qml"]\n    node_venv_lib_python3_12_site-packages_PyQt6_Qt6_qml --> node_venv_lib_python3_12_site-packages_PyQt6_Qt6_qml_QtQuick["QtQuick"]\n    node_venv_lib_python3_12_site-packages_PyQt6_Qt6_qml_QtQuick --> node_venv_lib_python3_12_site-packages_PyQt6_Qt6_qml_QtQuick_Controls["Controls"]\n    node_venv_lib_python3_12_site-packages_PyQt6_Qt6_qml_QtQuick_Controls --> node_venv_lib_python3_12_site-packages_PyQt6_Qt6_qml_QtQuick_Controls_Material["Material"]\n    node_venv_lib_python3_12_site-packages_PyQt6_Qt6_qml_QtQuick_Controls_Material --> node_venv_lib_python3_12_site-packages_PyQt6_Qt6_qml_QtQuick_Controls_Material_impl["impl"]\n    node_venv_lib_python3_12_site-packages_PyQt6_Qt6_qml_QtQuick_Controls_Material_impl --> node_venv_lib_python3_12_site-packages_PyQt6_Qt6_qml_QtQuick_Controls_Material_impl_RectangularGlow_qml["RectangularGlow.qml"]\n    Root --> node_venv["venv"]\n    node_venv --> node_venv_lib["lib"]\n    node_venv_lib --> node_venv_lib_python3_12["python3.12"]\n    node_venv_lib_python3_12 --> node_venv_lib_python3_12_site-packages["site-packages"]\n    node_venv_lib_python3_12_site-packages --> node_venv_lib_python3_12_site-packages_PyQt6["PyQt6"]\n    node_venv_lib_python3_12_site-packages_PyQt6 --> node_venv_lib_python3_12_site-packages_PyQt6_Qt6["Qt6"]\n    node_venv_lib_python3_12_site-packages_PyQt6_Qt6 --> node_venv_lib_python3_12_site-packages_PyQt6_Qt6_qml["qml"]\n    node_venv_lib_python3_12_site-packages_PyQt6_Qt6_qml --> node_venv_lib_python3_12_site-packages_PyQt6_Qt6_qml_QtQuick["QtQuick"]\n    node_venv_lib_python3_12_site-packages_PyQt6_Qt6_qml_QtQuick --> node_venv_lib_python3_12_site-packages_PyQt6_Qt6_qml_QtQuick_Controls["Controls"]\n    node_venv_lib_python3_12_site-packages_PyQt6_Qt6_qml_QtQuick_Controls --> node_venv_lib_python3_12_site-packages_PyQt6_Qt6_qml_QtQuick_Controls_Material["Material"]\n    node_venv_lib_python3_12_site-packages_PyQt6_Qt6_qml_QtQuick_Controls_Material --> node_venv_lib_python3_12_site-packages_PyQt6_Qt6_qml_QtQuick_Controls_Material_impl["impl"]\n    node_venv_lib_python3_12_site-packages_PyQt6_Qt6_qml_QtQuick_Controls_Material_impl --> node_venv_lib_python3_12_site-packages_PyQt6_Qt6_qml_QtQuick_Controls_Material_impl_RoundedElevationEffect_qml["RoundedElevationEffect.qml"]\n    Root --> node_venv["venv"]\n    node_venv --> node_venv_lib["lib"]\n    node_venv_lib --> node_venv_lib_python3_12["python3.12"]\n    node_venv_lib_python3_12 --> node_venv_lib_python3_12_site-packages["site-packages"]\n    node_venv_lib_python3_12_site-packages --> node_venv_lib_python3_12_site-packages_PyQt6["PyQt6"]\n    node_venv_lib_python3_12_site-packages_PyQt6 --> node_venv_lib_python3_12_site-packages_PyQt6_Qt6["Qt6"]\n    node_venv_lib_python3_12_site-packages_PyQt6_Qt6 --> node_venv_lib_python3_12_site-packages_PyQt6_Qt6_qml["qml"]\n    node_venv_lib_python3_12_site-packages_PyQt6_Qt6_qml --> node_venv_lib_python3_12_site-packages_PyQt6_Qt6_qml_QtQuick["QtQuick"]\n    node_venv_lib_python3_12_site-packages_PyQt6_Qt6_qml_QtQuick --> node_venv_lib_python3_12_site-packages_PyQt6_Qt6_qml_QtQuick_Controls["Controls"]\n    node_venv_lib_python3_12_site-packages_PyQt6_Qt6_qml_QtQuick_Controls --> node_venv_lib_python3_12_site-packages_PyQt6_Qt6_qml_QtQuick_Controls_Material["Material"]\n    node_venv_lib_python3_12_site-packages_PyQt6_Qt6_qml_QtQuick_Controls_Material --> node_venv_lib_python3_12_site-packages_PyQt6_Qt6_qml_QtQuick_Controls_Material_impl["impl"]\n    node_venv_lib_python3_12_site-packages_PyQt6_Qt6_qml_QtQuick_Controls_Material_impl --> node_venv_lib_python3_12_site-packages_PyQt6_Qt6_qml_QtQuick_Controls_Material_impl_SliderHandle_qml["SliderHandle.qml"]\n    Root --> node_venv["venv"]\n    node_venv --> node_venv_lib["lib"]\n    node_venv_lib --> node_venv_lib_python3_12["python3.12"]\n    node_venv_lib_python3_12 --> node_venv_lib_python3_12_site-packages["site-packages"]\n    node_venv_lib_python3_12_site-packages --> node_venv_lib_python3_12_site-packages_PyQt6["PyQt6"]\n    node_venv_lib_python3_12_site-packages_PyQt6 --> node_venv_lib_python3_12_site-packages_PyQt6_Qt6["Qt6"]\n    node_venv_lib_python3_12_site-packages_PyQt6_Qt6 --> node_venv_lib_python3_12_site-packages_PyQt6_Qt6_qml["qml"]\n    node_venv_lib_python3_12_site-packages_PyQt6_Qt6_qml --> node_venv_lib_python3_12_site-packages_PyQt6_Qt6_qml_QtQuick["QtQuick"]\n    node_venv_lib_python3_12_site-packages_PyQt6_Qt6_qml_QtQuick --> node_venv_lib_python3_12_site-packages_PyQt6_Qt6_qml_QtQuick_Controls["Controls"]\n    node_venv_lib_python3_12_site-packages_PyQt6_Qt6_qml_QtQuick_Controls --> node_venv_lib_python3_12_site-packages_PyQt6_Qt6_qml_QtQuick_Controls_Material["Material"]\n    node_venv_lib_python3_12_site-packages_PyQt6_Qt6_qml_QtQuick_Controls_Material --> node_venv_lib_python3_12_site-packages_PyQt6_Qt6_qml_QtQuick_Controls_Material_impl["impl"]\n    node_venv_lib_python3_12_site-packages_PyQt6_Qt6_qml_QtQuick_Controls_Material_impl --> node_venv_lib_python3_12_site-packages_PyQt6_Qt6_qml_QtQuick_Controls_Material_impl_SwitchIndicator_qml["SwitchIndicator.qml"]\n    Root --> node_venv["venv"]\n    node_venv --> node_venv_lib["lib"]\n    node_venv_lib --> node_venv_lib_python3_12["python3.12"]\n    node_venv_lib_python3_12 --> node_venv_lib_python3_12_site-packages["site-packages"]\n    node_venv_lib_python3_12_site-packages --> node_venv_lib_python3_12_site-packages_PyQt6["PyQt6"]\n    node_venv_lib_python3_12_site-packages_PyQt6 --> node_venv_lib_python3_12_site-packages_PyQt6_Qt6["Qt6"]\n    node_venv_lib_python3_12_site-packages_PyQt6_Qt6 --> node_venv_lib_python3_12_site-packages_PyQt6_Qt6_qml["qml"]\n    node_venv_lib_python3_12_site-packages_PyQt6_Qt6_qml --> node_venv_lib_python3_12_site-packages_PyQt6_Qt6_qml_QtQuick["QtQuick"]\n    node_venv_lib_python3_12_site-packages_PyQt6_Qt6_qml_QtQuick --> node_venv_lib_python3_12_site-packages_PyQt6_Qt6_qml_QtQuick_Controls["Controls"]\n    node_venv_lib_python3_12_site-packages_PyQt6_Qt6_qml_QtQuick_Controls --> node_venv_lib_python3_12_site-packages_PyQt6_Qt6_qml_QtQuick_Controls_Material["Material"]\n    node_venv_lib_python3_12_site-packages_PyQt6_Qt6_qml_QtQuick_Controls_Material --> node_venv_lib_python3_12_site-packages_PyQt6_Qt6_qml_QtQuick_Controls_Material_impl["impl"]\n    node_venv_lib_python3_12_site-packages_PyQt6_Qt6_qml_QtQuick_Controls_Material_impl --> node_venv_lib_python3_12_site-packages_PyQt6_Qt6_qml_QtQuick_Controls_Material_impl_libqtquickcontrols2materialstyleimplplugin_dylib["libqtquickcontrols2materialstyleimplplugin.dylib"]\n    Root --> node_venv["venv"]\n    node_venv --> node_venv_lib["lib"]\n    node_venv_lib --> node_venv_lib_python3_12["python3.12"]\n    node_venv_lib_python3_12 --> node_venv_lib_python3_12_site-packages["site-packages"]\n    node_venv_lib_python3_12_site-packages --> node_venv_lib_python3_12_site-packages_PyQt6["PyQt6"]\n    node_venv_lib_python3_12_site-packages_PyQt6 --> node_venv_lib_python3_12_site-packages_PyQt6_Qt6["Qt6"]\n    node_venv_lib_python3_12_site-packages_PyQt6_Qt6 --> node_venv_lib_python3_12_site-packages_PyQt6_Qt6_qml["qml"]\n    node_venv_lib_python3_12_site-packages_PyQt6_Qt6_qml --> node_venv_lib_python3_12_site-packages_PyQt6_Qt6_qml_QtQuick["QtQuick"]\n    node_venv_lib_python3_12_site-packages_PyQt6_Qt6_qml_QtQuick --> node_venv_lib_python3_12_site-packages_PyQt6_Qt6_qml_QtQuick_Controls["Controls"]\n    node_venv_lib_python3_12_site-packages_PyQt6_Qt6_qml_QtQuick_Controls --> node_venv_lib_python3_12_site-packages_PyQt6_Qt6_qml_QtQuick_Controls_Material["Material"]\n    node_venv_lib_python3_12_site-packages_PyQt6_Qt6_qml_QtQuick_Controls_Material --> node_venv_lib_python3_12_site-packages_PyQt6_Qt6_qml_QtQuick_Controls_Material_impl["impl"]\n    node_venv_lib_python3_12_site-packages_PyQt6_Qt6_qml_QtQuick_Controls_Material_impl --> node_venv_lib_python3_12_site-packages_PyQt6_Qt6_qml_QtQuick_Controls_Material_impl_plugins_qmltypes["plugins.qmltypes"]\n    Root --> node_venv["venv"]\n    node_venv --> node_venv_lib["lib"]\n    node_venv_lib --> node_venv_lib_python3_12["python3.12"]\n    node_venv_lib_python3_12 --> node_venv_lib_python3_12_site-packages["site-packages"]\n    node_venv_lib_python3_12_site-packages --> node_venv_lib_python3_12_site-packages_PyQt6["PyQt6"]\n    node_venv_lib_python3_12_site-packages_PyQt6 --> node_venv_lib_python3_12_site-packages_PyQt6_Qt6["Qt6"]\n    node_venv_lib_python3_12_site-packages_PyQt6_Qt6 --> node_venv_lib_python3_12_site-packages_PyQt6_Qt6_qml["qml"]\n    node_venv_lib_python3_12_site-packages_PyQt6_Qt6_qml --> node_venv_lib_python3_12_site-packages_PyQt6_Qt6_qml_QtQuick["QtQuick"]\n    node_venv_lib_python3_12_site-packages_PyQt6_Qt6_qml_QtQuick --> node_venv_lib_python3_12_site-packages_PyQt6_Qt6_qml_QtQuick_Controls["Controls"]\n    node_venv_lib_python3_12_site-packages_PyQt6_Qt6_qml_QtQuick_Controls --> node_venv_lib_python3_12_site-packages_PyQt6_Qt6_qml_QtQuick_Controls_Material["Material"]\n    node_venv_lib_python3_12_site-packages_PyQt6_Qt6_qml_QtQuick_Controls_Material --> node_venv_lib_python3_12_site-packages_PyQt6_Qt6_qml_QtQuick_Controls_Material_impl["impl"]\n    node_venv_lib_python3_12_site-packages_PyQt6_Qt6_qml_QtQuick_Controls_Material_impl --> node_venv_lib_python3_12_site-packages_PyQt6_Qt6_qml_QtQuick_Controls_Material_impl_qmldir["qmldir"]\n    Root --> node_venv["venv"]\n    node_venv --> node_venv_lib["lib"]\n    node_venv_lib --> node_venv_lib_python3_12["python3.12"]\n    node_venv_lib_python3_12 --> node_venv_lib_python3_12_site-packages["site-packages"]\n    node_venv_lib_python3_12_site-packages --> node_venv_lib_python3_12_site-packages_PyQt6["PyQt6"]\n    node_venv_lib_python3_12_site-packages_PyQt6 --> node_venv_lib_python3_12_site-packages_PyQt6_Qt6["Qt6"]\n    node_venv_lib_python3_12_site-packages_PyQt6_Qt6 --> node_venv_lib_python3_12_site-packages_PyQt6_Qt6_qml["qml"]\n    node_venv_lib_python3_12_site-packages_PyQt6_Qt6_qml --> node_venv_lib_python3_12_site-packages_PyQt6_Qt6_qml_QtQuick["QtQuick"]\n    node_venv_lib_python3_12_site-packages_PyQt6_Qt6_qml_QtQuick --> node_venv_lib_python3_12_site-packages_PyQt6_Qt6_qml_QtQuick_Controls["Controls"]\n    node_venv_lib_python3_12_site-packages_PyQt6_Qt6_qml_QtQuick_Controls --> node_venv_lib_python3_12_site-packages_PyQt6_Qt6_qml_QtQuick_Controls_Imagine["Imagine"]\n    node_venv_lib_python3_12_site-packages_PyQt6_Qt6_qml_QtQuick_Controls_Imagine --> node_venv_lib_python3_12_site-packages_PyQt6_Qt6_qml_QtQuick_Controls_Imagine_ApplicationWindow_qml["ApplicationWindow.qml"]\n    Root --> node_venv["venv"]\n    node_venv --> node_venv_lib["lib"]\n    node_venv_lib --> node_venv_lib_python3_12["python3.12"]\n    node_venv_lib_python3_12 --> node_venv_lib_python3_12_site-packages["site-packages"]\n    node_venv_lib_python3_12_site-packages --> node_venv_lib_python3_12_site-packages_PyQt6["PyQt6"]\n    node_venv_lib_python3_12_site-packages_PyQt6 --> node_venv_lib_python3_12_site-packages_PyQt6_Qt6["Qt6"]\n    node_venv_lib_python3_12_site-packages_PyQt6_Qt6 --> node_venv_lib_python3_12_site-packages_PyQt6_Qt6_qml["qml"]\n    node_venv_lib_python3_12_site-packages_PyQt6_Qt6_qml --> node_venv_lib_python3_12_site-packages_PyQt6_Qt6_qml_QtQuick["QtQuick"]\n    node_venv_lib_python3_12_site-packages_PyQt6_Qt6_qml_QtQuick --> node_venv_lib_python3_12_site-packages_PyQt6_Qt6_qml_QtQuick_Controls["Controls"]\n    node_venv_lib_python3_12_site-packages_PyQt6_Qt6_qml_QtQuick_Controls --> node_venv_lib_python3_12_site-packages_PyQt6_Qt6_qml_QtQuick_Controls_Imagine["Imagine"]\n    node_venv_lib_python3_12_site-packages_PyQt6_Qt6_qml_QtQuick_Controls_Imagine --> node_venv_lib_python3_12_site-packages_PyQt6_Qt6_qml_QtQuick_Controls_Imagine_BusyIndicator_qml["BusyIndicator.qml"]\n    Root --> node_venv["venv"]\n    node_venv --> node_venv_lib["lib"]\n    node_venv_lib --> node_venv_lib_python3_12["python3.12"]\n    node_venv_lib_python3_12 --> node_venv_lib_python3_12_site-packages["site-packages"]\n    node_venv_lib_python3_12_site-packages --> node_venv_lib_python3_12_site-packages_PyQt6["PyQt6"]\n    node_venv_lib_python3_12_site-packages_PyQt6 --> node_venv_lib_python3_12_site-packages_PyQt6_Qt6["Qt6"]\n    node_venv_lib_python3_12_site-packages_PyQt6_Qt6 --> node_venv_lib_python3_12_site-packages_PyQt6_Qt6_qml["qml"]\n    node_venv_lib_python3_12_site-packages_PyQt6_Qt6_qml --> node_venv_lib_python3_12_site-packages_PyQt6_Qt6_qml_QtQuick["QtQuick"]\n    node_venv_lib_python3_12_site-packages_PyQt6_Qt6_qml_QtQuick --> node_venv_lib_python3_12_site-packages_PyQt6_Qt6_qml_QtQuick_Controls["Controls"]\n    node_venv_lib_python3_12_site-packages_PyQt6_Qt6_qml_QtQuick_Controls --> node_venv_lib_python3_12_site-packages_PyQt6_Qt6_qml_QtQuick_Controls_Imagine["Imagine"]\n    node_venv_lib_python3_12_site-packages_PyQt6_Qt6_qml_QtQuick_Controls_Imagine --> node_venv_lib_python3_12_site-packages_PyQt6_Qt6_qml_QtQuick_Controls_Imagine_Button_qml["Button.qml"]\n    Root --> node_venv["venv"]\n    node_venv --> node_venv_lib["lib"]\n    node_venv_lib --> node_venv_lib_python3_12["python3.12"]\n    node_venv_lib_python3_12 --> node_venv_lib_python3_12_site-packages["site-packages"]\n    node_venv_lib_python3_12_site-packages --> node_venv_lib_python3_12_site-packages_PyQt6["PyQt6"]\n    node_venv_lib_python3_12_site-packages_PyQt6 --> node_venv_lib_python3_12_site-packages_PyQt6_Qt6["Qt6"]\n    node_venv_lib_python3_12_site-packages_PyQt6_Qt6 --> node_venv_lib_python3_12_site-packages_PyQt6_Qt6_qml["qml"]\n    node_venv_lib_python3_12_site-packages_PyQt6_Qt6_qml --> node_venv_lib_python3_12_site-packages_PyQt6_Qt6_qml_QtQuick["QtQuick"]\n    node_venv_lib_python3_12_site-packages_PyQt6_Qt6_qml_QtQuick --> node_venv_lib_python3_12_site-packages_PyQt6_Qt6_qml_QtQuick_Controls["Controls"]\n    node_venv_lib_python3_12_site-packages_PyQt6_Qt6_qml_QtQuick_Controls --> node_venv_lib_python3_12_site-packages_PyQt6_Qt6_qml_QtQuick_Controls_Imagine["Imagine"]\n    node_venv_lib_python3_12_site-packages_PyQt6_Qt6_qml_QtQuick_Controls_Imagine --> node_venv_lib_python3_12_site-packages_PyQt6_Qt6_qml_QtQuick_Controls_Imagine_CheckBox_qml["CheckBox.qml"]\n    Root --> node_venv["venv"]\n    node_venv --> node_venv_lib["lib"]\n    node_venv_lib --> node_venv_lib_python3_12["python3.12"]\n    node_venv_lib_python3_12 --> node_venv_lib_python3_12_site-packages["site-packages"]\n    node_venv_lib_python3_12_site-packages --> node_venv_lib_python3_12_site-packages_PyQt6["PyQt6"]\n    node_venv_lib_python3_12_site-packages_PyQt6 --> node_venv_lib_python3_12_site-packages_PyQt6_Qt6["Qt6"]\n    node_venv_lib_python3_12_site-packages_PyQt6_Qt6 --> node_venv_lib_python3_12_site-packages_PyQt6_Qt6_qml["qml"]\n    node_venv_lib_python3_12_site-packages_PyQt6_Qt6_qml --> node_venv_lib_python3_12_site-packages_PyQt6_Qt6_qml_QtQuick["QtQuick"]\n    node_venv_lib_python3_12_site-packages_PyQt6_Qt6_qml_QtQuick --> node_venv_lib_python3_12_site-packages_PyQt6_Qt6_qml_QtQuick_Controls["Controls"]\n    node_venv_lib_python3_12_site-packages_PyQt6_Qt6_qml_QtQuick_Controls --> node_venv_lib_python3_12_site-packages_PyQt6_Qt6_qml_QtQuick_Controls_Imagine["Imagine"]\n    node_venv_lib_python3_12_site-packages_PyQt6_Qt6_qml_QtQuick_Controls_Imagine --> node_venv_lib_python3_12_site-packages_PyQt6_Qt6_qml_QtQuick_Controls_Imagine_CheckDelegate_qml["CheckDelegate.qml"]\n    Root --> node_venv["venv"]\n    node_venv --> node_venv_lib["lib"]\n    node_venv_lib --> node_venv_lib_python3_12["python3.12"]\n    node_venv_lib_python3_12 --> node_venv_lib_python3_12_site-packages["site-packages"]\n    node_venv_lib_python3_12_site-packages --> node_venv_lib_python3_12_site-packages_PyQt6["PyQt6"]\n    node_venv_lib_python3_12_site-packages_PyQt6 --> node_venv_lib_python3_12_site-packages_PyQt6_Qt6["Qt6"]\n    node_venv_lib_python3_12_site-packages_PyQt6_Qt6 --> node_venv_lib_python3_12_site-packages_PyQt6_Qt6_qml["qml"]\n    node_venv_lib_python3_12_site-packages_PyQt6_Qt6_qml --> node_venv_lib_python3_12_site-packages_PyQt6_Qt6_qml_QtQuick["QtQuick"]\n    node_venv_lib_python3_12_site-packages_PyQt6_Qt6_qml_QtQuick --> node_venv_lib_python3_12_site-packages_PyQt6_Qt6_qml_QtQuick_Controls["Controls"]\n    node_venv_lib_python3_12_site-packages_PyQt6_Qt6_qml_QtQuick_Controls --> node_venv_lib_python3_12_site-packages_PyQt6_Qt6_qml_QtQuick_Controls_Imagine["Imagine"]\n    node_venv_lib_python3_12_site-packages_PyQt6_Qt6_qml_QtQuick_Controls_Imagine --> node_venv_lib_python3_12_site-packages_PyQt6_Qt6_qml_QtQuick_Controls_Imagine_ComboBox_qml["ComboBox.qml"]\n    Root --> node_venv["venv"]\n    node_venv --> node_venv_lib["lib"]\n    node_venv_lib --> node_venv_lib_python3_12["python3.12"]\n    node_venv_lib_python3_12 --> node_venv_lib_python3_12_site-packages["site-packages"]\n    node_venv_lib_python3_12_site-packages --> node_venv_lib_python3_12_site-packages_PyQt6["PyQt6"]\n    node_venv_lib_python3_12_site-packages_PyQt6 --> node_venv_lib_python3_12_site-packages_PyQt6_Qt6["Qt6"]\n    node_venv_lib_python3_12_site-packages_PyQt6_Qt6 --> node_venv_lib_python3_12_site-packages_PyQt6_Qt6_qml["qml"]\n    node_venv_lib_python3_12_site-packages_PyQt6_Qt6_qml --> node_venv_lib_python3_12_site-packages_PyQt6_Qt6_qml_QtQuick["QtQuick"]\n    node_venv_lib_python3_12_site-packages_PyQt6_Qt6_qml_QtQuick --> node_venv_lib_python3_12_site-packages_PyQt6_Qt6_qml_QtQuick_Controls["Controls"]\n    node_venv_lib_python3_12_site-packages_PyQt6_Qt6_qml_QtQuick_Controls --> node_venv_lib_python3_12_site-packages_PyQt6_Qt6_qml_QtQuick_Controls_Imagine["Imagine"]\n    node_venv_lib_python3_12_site-packages_PyQt6_Qt6_qml_QtQuick_Controls_Imagine --> node_venv_lib_python3_12_site-packages_PyQt6_Qt6_qml_QtQuick_Controls_Imagine_DelayButton_qml["DelayButton.qml"]\n    Root --> node_venv["venv"]\n    node_venv --> node_venv_lib["lib"]\n    node_venv_lib --> node_venv_lib_python3_12["python3.12"]\n    node_venv_lib_python3_12 --> node_venv_lib_python3_12_site-packages["site-packages"]\n    node_venv_lib_python3_12_site-packages --> node_venv_lib_python3_12_site-packages_PyQt6["PyQt6"]\n    node_venv_lib_python3_12_site-packages_PyQt6 --> node_venv_lib_python3_12_site-packages_PyQt6_Qt6["Qt6"]\n    node_venv_lib_python3_12_site-packages_PyQt6_Qt6 --> node_venv_lib_python3_12_site-packages_PyQt6_Qt6_qml["qml"]\n    node_venv_lib_python3_12_site-packages_PyQt6_Qt6_qml --> node_venv_lib_python3_12_site-packages_PyQt6_Qt6_qml_QtQuick["QtQuick"]\n    node_venv_lib_python3_12_site-packages_PyQt6_Qt6_qml_QtQuick --> node_venv_lib_python3_12_site-packages_PyQt6_Qt6_qml_QtQuick_Controls["Controls"]\n    node_venv_lib_python3_12_site-packages_PyQt6_Qt6_qml_QtQuick_Controls --> node_venv_lib_python3_12_site-packages_PyQt6_Qt6_qml_QtQuick_Controls_Imagine["Imagine"]\n    node_venv_lib_python3_12_site-packages_PyQt6_Qt6_qml_QtQuick_Controls_Imagine --> node_venv_lib_python3_12_site-packages_PyQt6_Qt6_qml_QtQuick_Controls_Imagine_Dial_qml["Dial.qml"]\n    Root --> node_venv["venv"]\n    node_venv --> node_venv_lib["lib"]\n    node_venv_lib --> node_venv_lib_python3_12["python3.12"]\n    node_venv_lib_python3_12 --> node_venv_lib_python3_12_site-packages["site-packages"]\n    node_venv_lib_python3_12_site-packages --> node_venv_lib_python3_12_site-packages_PyQt6["PyQt6"]\n    node_venv_lib_python3_12_site-packages_PyQt6 --> node_venv_lib_python3_12_site-packages_PyQt6_Qt6["Qt6"]\n    node_venv_lib_python3_12_site-packages_PyQt6_Qt6 --> node_venv_lib_python3_12_site-packages_PyQt6_Qt6_qml["qml"]\n    node_venv_lib_python3_12_site-packages_PyQt6_Qt6_qml --> node_venv_lib_python3_12_site-packages_PyQt6_Qt6_qml_QtQuick["QtQuick"]\n    node_venv_lib_python3_12_site-packages_PyQt6_Qt6_qml_QtQuick --> node_venv_lib_python3_12_site-packages_PyQt6_Qt6_qml_QtQuick_Controls["Controls"]\n    node_venv_lib_python3_12_site-packages_PyQt6_Qt6_qml_QtQuick_Controls --> node_venv_lib_python3_12_site-packages_PyQt6_Qt6_qml_QtQuick_Controls_Imagine["Imagine"]\n    node_venv_lib_python3_12_site-packages_PyQt6_Qt6_qml_QtQuick_Controls_Imagine --> node_venv_lib_python3_12_site-packages_PyQt6_Qt6_qml_QtQuick_Controls_Imagine_Dialog_qml["Dialog.qml"]\n    Root --> node_venv["venv"]\n    node_venv --> node_venv_lib["lib"]\n    node_venv_lib --> node_venv_lib_python3_12["python3.12"]\n    node_venv_lib_python3_12 --> node_venv_lib_python3_12_site-packages["site-packages"]\n    node_venv_lib_python3_12_site-packages --> node_venv_lib_python3_12_site-packages_PyQt6["PyQt6"]\n    node_venv_lib_python3_12_site-packages_PyQt6 --> node_venv_lib_python3_12_site-packages_PyQt6_Qt6["Qt6"]\n    node_venv_lib_python3_12_site-packages_PyQt6_Qt6 --> node_venv_lib_python3_12_site-packages_PyQt6_Qt6_qml["qml"]\n    node_venv_lib_python3_12_site-packages_PyQt6_Qt6_qml --> node_venv_lib_python3_12_site-packages_PyQt6_Qt6_qml_QtQuick["QtQuick"]\n    node_venv_lib_python3_12_site-packages_PyQt6_Qt6_qml_QtQuick --> node_venv_lib_python3_12_site-packages_PyQt6_Qt6_qml_QtQuick_Controls["Controls"]\n    node_venv_lib_python3_12_site-packages_PyQt6_Qt6_qml_QtQuick_Controls --> node_venv_lib_python3_12_site-packages_PyQt6_Qt6_qml_QtQuick_Controls_Imagine["Imagine"]\n    node_venv_lib_python3_12_site-packages_PyQt6_Qt6_qml_QtQuick_Controls_Imagine --> node_venv_lib_python3_12_site-packages_PyQt6_Qt6_qml_QtQuick_Controls_Imagine_DialogButtonBox_qml["DialogButtonBox.qml"]\n    Root --> node_venv["venv"]\n    node_venv --> node_venv_lib["lib"]\n    node_venv_lib --> node_venv_lib_python3_12["python3.12"]\n    node_venv_lib_python3_12 --> node_venv_lib_python3_12_site-packages["site-packages"]\n    node_venv_lib_python3_12_site-packages --> node_venv_lib_python3_12_site-packages_PyQt6["PyQt6"]\n    node_venv_lib_python3_12_site-packages_PyQt6 --> node_venv_lib_python3_12_site-packages_PyQt6_Qt6["Qt6"]\n    node_venv_lib_python3_12_site-packages_PyQt6_Qt6 --> node_venv_lib_python3_12_site-packages_PyQt6_Qt6_qml["qml"]\n    node_venv_lib_python3_12_site-packages_PyQt6_Qt6_qml --> node_venv_lib_python3_12_site-packages_PyQt6_Qt6_qml_QtQuick["QtQuick"]\n    node_venv_lib_python3_12_site-packages_PyQt6_Qt6_qml_QtQuick --> node_venv_lib_python3_12_site-packages_PyQt6_Qt6_qml_QtQuick_Controls["Controls"]\n    node_venv_lib_python3_12_site-packages_PyQt6_Qt6_qml_QtQuick_Controls --> node_venv_lib_python3_12_site-packages_PyQt6_Qt6_qml_QtQuick_Controls_Imagine["Imagine"]\n    node_venv_lib_python3_12_site-packages_PyQt6_Qt6_qml_QtQuick_Controls_Imagine --> node_venv_lib_python3_12_site-packages_PyQt6_Qt6_qml_QtQuick_Controls_Imagine_Drawer_qml["Drawer.qml"]\n    Root --> node_venv["venv"]\n    node_venv --> node_venv_lib["lib"]\n    node_venv_lib --> node_venv_lib_python3_12["python3.12"]\n    node_venv_lib_python3_12 --> node_venv_lib_python3_12_site-packages["site-packages"]\n    node_venv_lib_python3_12_site-packages --> node_venv_lib_python3_12_site-packages_PyQt6["PyQt6"]\n    node_venv_lib_python3_12_site-packages_PyQt6 --> node_venv_lib_python3_12_site-packages_PyQt6_Qt6["Qt6"]\n    node_venv_lib_python3_12_site-packages_PyQt6_Qt6 --> node_venv_lib_python3_12_site-packages_PyQt6_Qt6_qml["qml"]\n    node_venv_lib_python3_12_site-packages_PyQt6_Qt6_qml --> node_venv_lib_python3_12_site-packages_PyQt6_Qt6_qml_QtQuick["QtQuick"]\n    node_venv_lib_python3_12_site-packages_PyQt6_Qt6_qml_QtQuick --> node_venv_lib_python3_12_site-packages_PyQt6_Qt6_qml_QtQuick_Controls["Controls"]\n    node_venv_lib_python3_12_site-packages_PyQt6_Qt6_qml_QtQuick_Controls --> node_venv_lib_python3_12_site-packages_PyQt6_Qt6_qml_QtQuick_Controls_Imagine["Imagine"]\n    node_venv_lib_python3_12_site-packages_PyQt6_Qt6_qml_QtQuick_Controls_Imagine --> node_venv_lib_python3_12_site-packages_PyQt6_Qt6_qml_QtQuick_Controls_Imagine_Frame_qml["Frame.qml"]\n    Root --> node_venv["venv"]\n    node_venv --> node_venv_lib["lib"]\n    node_venv_lib --> node_venv_lib_python3_12["python3.12"]\n    node_venv_lib_python3_12 --> node_venv_lib_python3_12_site-packages["site-packages"]\n    node_venv_lib_python3_12_site-packages --> node_venv_lib_python3_12_site-packages_PyQt6["PyQt6"]\n    node_venv_lib_python3_12_site-packages_PyQt6 --> node_venv_lib_python3_12_site-packages_PyQt6_Qt6["Qt6"]\n    node_venv_lib_python3_12_site-packages_PyQt6_Qt6 --> node_venv_lib_python3_12_site-packages_PyQt6_Qt6_qml["qml"]\n    node_venv_lib_python3_12_site-packages_PyQt6_Qt6_qml --> node_venv_lib_python3_12_site-packages_PyQt6_Qt6_qml_QtQuick["QtQuick"]\n    node_venv_lib_python3_12_site-packages_PyQt6_Qt6_qml_QtQuick --> node_venv_lib_python3_12_site-packages_PyQt6_Qt6_qml_QtQuick_Controls["Controls"]\n    node_venv_lib_python3_12_site-packages_PyQt6_Qt6_qml_QtQuick_Controls --> node_venv_lib_python3_12_site-packages_PyQt6_Qt6_qml_QtQuick_Controls_Imagine["Imagine"]\n    node_venv_lib_python3_12_site-packages_PyQt6_Qt6_qml_QtQuick_Controls_Imagine --> node_venv_lib_python3_12_site-packages_PyQt6_Qt6_qml_QtQuick_Controls_Imagine_GroupBox_qml["GroupBox.qml"]\n    Root --> node_venv["venv"]\n    node_venv --> node_venv_lib["lib"]\n    node_venv_lib --> node_venv_lib_python3_12["python3.12"]\n    node_venv_lib_python3_12 --> node_venv_lib_python3_12_site-packages["site-packages"]\n    node_venv_lib_python3_12_site-packages --> node_venv_lib_python3_12_site-packages_PyQt6["PyQt6"]\n    node_venv_lib_python3_12_site-packages_PyQt6 --> node_venv_lib_python3_12_site-packages_PyQt6_Qt6["Qt6"]\n    node_venv_lib_python3_12_site-packages_PyQt6_Qt6 --> node_venv_lib_python3_12_site-packages_PyQt6_Qt6_qml["qml"]\n    node_venv_lib_python3_12_site-packages_PyQt6_Qt6_qml --> node_venv_lib_python3_12_site-packages_PyQt6_Qt6_qml_QtQuick["QtQuick"]\n    node_venv_lib_python3_12_site-packages_PyQt6_Qt6_qml_QtQuick --> node_venv_lib_python3_12_site-packages_PyQt6_Qt6_qml_QtQuick_Controls["Controls"]\n    node_venv_lib_python3_12_site-packages_PyQt6_Qt6_qml_QtQuick_Controls --> node_venv_lib_python3_12_site-packages_PyQt6_Qt6_qml_QtQuick_Controls_Imagine["Imagine"]\n    node_venv_lib_python3_12_site-packages_PyQt6_Qt6_qml_QtQuick_Controls_Imagine --> node_venv_lib_python3_12_site-packages_PyQt6_Qt6_qml_QtQuick_Controls_Imagine_HorizontalHeaderView_qml["HorizontalHeaderView.qml"]\n    Root --> node_venv["venv"]\n    node_venv --> node_venv_lib["lib"]\n    node_venv_lib --> node_venv_lib_python3_12["python3.12"]\n    node_venv_lib_python3_12 --> node_venv_lib_python3_12_site-packages["site-packages"]\n    node_venv_lib_python3_12_site-packages --> node_venv_lib_python3_12_site-packages_PyQt6["PyQt6"]\n    node_venv_lib_python3_12_site-packages_PyQt6 --> node_venv_lib_python3_12_site-packages_PyQt6_Qt6["Qt6"]\n    node_venv_lib_python3_12_site-packages_PyQt6_Qt6 --> node_venv_lib_python3_12_site-packages_PyQt6_Qt6_qml["qml"]\n    node_venv_lib_python3_12_site-packages_PyQt6_Qt6_qml --> node_venv_lib_python3_12_site-packages_PyQt6_Qt6_qml_QtQuick["QtQuick"]\n    node_venv_lib_python3_12_site-packages_PyQt6_Qt6_qml_QtQuick --> node_venv_lib_python3_12_site-packages_PyQt6_Qt6_qml_QtQuick_Controls["Controls"]\n    node_venv_lib_python3_12_site-packages_PyQt6_Qt6_qml_QtQuick_Controls --> node_venv_lib_python3_12_site-packages_PyQt6_Qt6_qml_QtQuick_Controls_Imagine["Imagine"]\n    node_venv_lib_python3_12_site-packages_PyQt6_Qt6_qml_QtQuick_Controls_Imagine --> node_venv_lib_python3_12_site-packages_PyQt6_Qt6_qml_QtQuick_Controls_Imagine_HorizontalHeaderViewDelegate_qml["HorizontalHeaderViewDelegate.qml"]\n    Root --> node_venv["venv"]\n    node_venv --> node_venv_lib["lib"]\n    node_venv_lib --> node_venv_lib_python3_12["python3.12"]\n    node_venv_lib_python3_12 --> node_venv_lib_python3_12_site-packages["site-packages"]\n    node_venv_lib_python3_12_site-packages --> node_venv_lib_python3_12_site-packages_PyQt6["PyQt6"]\n    node_venv_lib_python3_12_site-packages_PyQt6 --> node_venv_lib_python3_12_site-packages_PyQt6_Qt6["Qt6"]\n    node_venv_lib_python3_12_site-packages_PyQt6_Qt6 --> node_venv_lib_python3_12_site-packages_PyQt6_Qt6_qml["qml"]\n    node_venv_lib_python3_12_site-packages_PyQt6_Qt6_qml --> node_venv_lib_python3_12_site-packages_PyQt6_Qt6_qml_QtQuick["QtQuick"]\n    node_venv_lib_python3_12_site-packages_PyQt6_Qt6_qml_QtQuick --> node_venv_lib_python3_12_site-packages_PyQt6_Qt6_qml_QtQuick_Controls["Controls"]\n    node_venv_lib_python3_12_site-packages_PyQt6_Qt6_qml_QtQuick_Controls --> node_venv_lib_python3_12_site-packages_PyQt6_Qt6_qml_QtQuick_Controls_Imagine["Imagine"]\n    node_venv_lib_python3_12_site-packages_PyQt6_Qt6_qml_QtQuick_Controls_Imagine --> node_venv_lib_python3_12_site-packages_PyQt6_Qt6_qml_QtQuick_Controls_Imagine_ItemDelegate_qml["ItemDelegate.qml"]\n    Root --> node_venv["venv"]\n    node_venv --> node_venv_lib["lib"]\n    node_venv_lib --> node_venv_lib_python3_12["python3.12"]\n    node_venv_lib_python3_12 --> node_venv_lib_python3_12_site-packages["site-packages"]\n    node_venv_lib_python3_12_site-packages --> node_venv_lib_python3_12_site-packages_PyQt6["PyQt6"]\n    node_venv_lib_python3_12_site-packages_PyQt6 --> node_venv_lib_python3_12_site-packages_PyQt6_Qt6["Qt6"]\n    node_venv_lib_python3_12_site-packages_PyQt6_Qt6 --> node_venv_lib_python3_12_site-packages_PyQt6_Qt6_qml["qml"]\n    node_venv_lib_python3_12_site-packages_PyQt6_Qt6_qml --> node_venv_lib_python3_12_site-packages_PyQt6_Qt6_qml_QtQuick["QtQuick"]\n    node_venv_lib_python3_12_site-packages_PyQt6_Qt6_qml_QtQuick --> node_venv_lib_python3_12_site-packages_PyQt6_Qt6_qml_QtQuick_Controls["Controls"]\n    node_venv_lib_python3_12_site-packages_PyQt6_Qt6_qml_QtQuick_Controls --> node_venv_lib_python3_12_site-packages_PyQt6_Qt6_qml_QtQuick_Controls_Imagine["Imagine"]\n    node_venv_lib_python3_12_site-packages_PyQt6_Qt6_qml_QtQuick_Controls_Imagine --> node_venv_lib_python3_12_site-packages_PyQt6_Qt6_qml_QtQuick_Controls_Imagine_Label_qml["Label.qml"]\n    Root --> node_venv["venv"]\n    node_venv --> node_venv_lib["lib"]\n    node_venv_lib --> node_venv_lib_python3_12["python3.12"]\n    node_venv_lib_python3_12 --> node_venv_lib_python3_12_site-packages["site-packages"]\n    node_venv_lib_python3_12_site-packages --> node_venv_lib_python3_12_site-packages_PyQt6["PyQt6"]\n    node_venv_lib_python3_12_site-packages_PyQt6 --> node_venv_lib_python3_12_site-packages_PyQt6_Qt6["Qt6"]\n    node_venv_lib_python3_12_site-packages_PyQt6_Qt6 --> node_venv_lib_python3_12_site-packages_PyQt6_Qt6_qml["qml"]\n    node_venv_lib_python3_12_site-packages_PyQt6_Qt6_qml --> node_venv_lib_python3_12_site-packages_PyQt6_Qt6_qml_QtQuick["QtQuick"]\n    node_venv_lib_python3_12_site-packages_PyQt6_Qt6_qml_QtQuick --> node_venv_lib_python3_12_site-packages_PyQt6_Qt6_qml_QtQuick_Controls["Controls"]\n    node_venv_lib_python3_12_site-packages_PyQt6_Qt6_qml_QtQuick_Controls --> node_venv_lib_python3_12_site-packages_PyQt6_Qt6_qml_QtQuick_Controls_Imagine["Imagine"]\n    node_venv_lib_python3_12_site-packages_PyQt6_Qt6_qml_QtQuick_Controls_Imagine --> node_venv_lib_python3_12_site-packages_PyQt6_Qt6_qml_QtQuick_Controls_Imagine_Menu_qml["Menu.qml"]\n    Root --> node_venv["venv"]\n    node_venv --> node_venv_lib["lib"]\n    node_venv_lib --> node_venv_lib_python3_12["python3.12"]\n    node_venv_lib_python3_12 --> node_venv_lib_python3_12_site-packages["site-packages"]\n    node_venv_lib_python3_12_site-packages --> node_venv_lib_python3_12_site-packages_PyQt6["PyQt6"]\n    node_venv_lib_python3_12_site-packages_PyQt6 --> node_venv_lib_python3_12_site-packages_PyQt6_Qt6["Qt6"]\n    node_venv_lib_python3_12_site-packages_PyQt6_Qt6 --> node_venv_lib_python3_12_site-packages_PyQt6_Qt6_qml["qml"]\n    node_venv_lib_python3_12_site-packages_PyQt6_Qt6_qml --> node_venv_lib_python3_12_site-packages_PyQt6_Qt6_qml_QtQuick["QtQuick"]\n    node_venv_lib_python3_12_site-packages_PyQt6_Qt6_qml_QtQuick --> node_venv_lib_python3_12_site-packages_PyQt6_Qt6_qml_QtQuick_Controls["Controls"]\n    node_venv_lib_python3_12_site-packages_PyQt6_Qt6_qml_QtQuick_Controls --> node_venv_lib_python3_12_site-packages_PyQt6_Qt6_qml_QtQuick_Controls_Imagine["Imagine"]\n    node_venv_lib_python3_12_site-packages_PyQt6_Qt6_qml_QtQuick_Controls_Imagine --> node_venv_lib_python3_12_site-packages_PyQt6_Qt6_qml_QtQuick_Controls_Imagine_MenuItem_qml["MenuItem.qml"]\n    Root --> node_venv["venv"]\n    node_venv --> node_venv_lib["lib"]\n    node_venv_lib --> node_venv_lib_python3_12["python3.12"]\n    node_venv_lib_python3_12 --> node_venv_lib_python3_12_site-packages["site-packages"]\n    node_venv_lib_python3_12_site-packages --> node_venv_lib_python3_12_site-packages_PyQt6["PyQt6"]\n    node_venv_lib_python3_12_site-packages_PyQt6 --> node_venv_lib_python3_12_site-packages_PyQt6_Qt6["Qt6"]\n    node_venv_lib_python3_12_site-packages_PyQt6_Qt6 --> node_venv_lib_python3_12_site-packages_PyQt6_Qt6_qml["qml"]\n    node_venv_lib_python3_12_site-packages_PyQt6_Qt6_qml --> node_venv_lib_python3_12_site-packages_PyQt6_Qt6_qml_QtQuick["QtQuick"]\n    node_venv_lib_python3_12_site-packages_PyQt6_Qt6_qml_QtQuick --> node_venv_lib_python3_12_site-packages_PyQt6_Qt6_qml_QtQuick_Controls["Controls"]\n    node_venv_lib_python3_12_site-packages_PyQt6_Qt6_qml_QtQuick_Controls --> node_venv_lib_python3_12_site-packages_PyQt6_Qt6_qml_QtQuick_Controls_Imagine["Imagine"]\n    node_venv_lib_python3_12_site-packages_PyQt6_Qt6_qml_QtQuick_Controls_Imagine --> node_venv_lib_python3_12_site-packages_PyQt6_Qt6_qml_QtQuick_Controls_Imagine_MenuSeparator_qml["MenuSeparator.qml"]\n    Root --> node_venv["venv"]\n    node_venv --> node_venv_lib["lib"]\n    node_venv_lib --> node_venv_lib_python3_12["python3.12"]\n    node_venv_lib_python3_12 --> node_venv_lib_python3_12_site-packages["site-packages"]\n    node_venv_lib_python3_12_site-packages --> node_venv_lib_python3_12_site-packages_PyQt6["PyQt6"]\n    node_venv_lib_python3_12_site-packages_PyQt6 --> node_venv_lib_python3_12_site-packages_PyQt6_Qt6["Qt6"]\n    node_venv_lib_python3_12_site-packages_PyQt6_Qt6 --> node_venv_lib_python3_12_site-packages_PyQt6_Qt6_qml["qml"]\n    node_venv_lib_python3_12_site-packages_PyQt6_Qt6_qml --> node_venv_lib_python3_12_site-packages_PyQt6_Qt6_qml_QtQuick["QtQuick"]\n    node_venv_lib_python3_12_site-packages_PyQt6_Qt6_qml_QtQuick --> node_venv_lib_python3_12_site-packages_PyQt6_Qt6_qml_QtQuick_Controls["Controls"]\n    node_venv_lib_python3_12_site-packages_PyQt6_Qt6_qml_QtQuick_Controls --> node_venv_lib_python3_12_site-packages_PyQt6_Qt6_qml_QtQuick_Controls_Imagine["Imagine"]\n    node_venv_lib_python3_12_site-packages_PyQt6_Qt6_qml_QtQuick_Controls_Imagine --> node_venv_lib_python3_12_site-packages_PyQt6_Qt6_qml_QtQuick_Controls_Imagine_Page_qml["Page.qml"]\n    Root --> node_venv["venv"]\n    node_venv --> node_venv_lib["lib"]\n    node_venv_lib --> node_venv_lib_python3_12["python3.12"]\n    node_venv_lib_python3_12 --> node_venv_lib_python3_12_site-packages["site-packages"]\n    node_venv_lib_python3_12_site-packages --> node_venv_lib_python3_12_site-packages_PyQt6["PyQt6"]\n    node_venv_lib_python3_12_site-packages_PyQt6 --> node_venv_lib_python3_12_site-packages_PyQt6_Qt6["Qt6"]\n    node_venv_lib_python3_12_site-packages_PyQt6_Qt6 --> node_venv_lib_python3_12_site-packages_PyQt6_Qt6_qml["qml"]\n    node_venv_lib_python3_12_site-packages_PyQt6_Qt6_qml --> node_venv_lib_python3_12_site-packages_PyQt6_Qt6_qml_QtQuick["QtQuick"]\n    node_venv_lib_python3_12_site-packages_PyQt6_Qt6_qml_QtQuick --> node_venv_lib_python3_12_site-packages_PyQt6_Qt6_qml_QtQuick_Controls["Controls"]\n    node_venv_lib_python3_12_site-packages_PyQt6_Qt6_qml_QtQuick_Controls --> node_venv_lib_python3_12_site-packages_PyQt6_Qt6_qml_QtQuick_Controls_Imagine["Imagine"]\n    node_venv_lib_python3_12_site-packages_PyQt6_Qt6_qml_QtQuick_Controls_Imagine --> node_venv_lib_python3_12_site-packages_PyQt6_Qt6_qml_QtQuick_Controls_Imagine_PageIndicator_qml["PageIndicator.qml"]\n    Root --> node_venv["venv"]\n    node_venv --> node_venv_lib["lib"]\n    node_venv_lib --> node_venv_lib_python3_12["python3.12"]\n    node_venv_lib_python3_12 --> node_venv_lib_python3_12_site-packages["site-packages"]\n    node_venv_lib_python3_12_site-packages --> node_venv_lib_python3_12_site-packages_PyQt6["PyQt6"]\n    node_venv_lib_python3_12_site-packages_PyQt6 --> node_venv_lib_python3_12_site-packages_PyQt6_Qt6["Qt6"]\n    node_venv_lib_python3_12_site-packages_PyQt6_Qt6 --> node_venv_lib_python3_12_site-packages_PyQt6_Qt6_qml["qml"]\n    node_venv_lib_python3_12_site-packages_PyQt6_Qt6_qml --> node_venv_lib_python3_12_site-packages_PyQt6_Qt6_qml_QtQuick["QtQuick"]\n    node_venv_lib_python3_12_site-packages_PyQt6_Qt6_qml_QtQuick --> node_venv_lib_python3_12_site-packages_PyQt6_Qt6_qml_QtQuick_Controls["Controls"]\n    node_venv_lib_python3_12_site-packages_PyQt6_Qt6_qml_QtQuick_Controls --> node_venv_lib_python3_12_site-packages_PyQt6_Qt6_qml_QtQuick_Controls_Imagine["Imagine"]\n    node_venv_lib_python3_12_site-packages_PyQt6_Qt6_qml_QtQuick_Controls_Imagine --> node_venv_lib_python3_12_site-packages_PyQt6_Qt6_qml_QtQuick_Controls_Imagine_Pane_qml["Pane.qml"]\n    Root --> node_venv["venv"]\n    node_venv --> node_venv_lib["lib"]\n    node_venv_lib --> node_venv_lib_python3_12["python3.12"]\n    node_venv_lib_python3_12 --> node_venv_lib_python3_12_site-packages["site-packages"]\n    node_venv_lib_python3_12_site-packages --> node_venv_lib_python3_12_site-packages_PyQt6["PyQt6"]\n    node_venv_lib_python3_12_site-packages_PyQt6 --> node_venv_lib_python3_12_site-packages_PyQt6_Qt6["Qt6"]\n    node_venv_lib_python3_12_site-packages_PyQt6_Qt6 --> node_venv_lib_python3_12_site-packages_PyQt6_Qt6_qml["qml"]\n    node_venv_lib_python3_12_site-packages_PyQt6_Qt6_qml --> node_venv_lib_python3_12_site-packages_PyQt6_Qt6_qml_QtQuick["QtQuick"]\n    node_venv_lib_python3_12_site-packages_PyQt6_Qt6_qml_QtQuick --> node_venv_lib_python3_12_site-packages_PyQt6_Qt6_qml_QtQuick_Controls["Controls"]\n    node_venv_lib_python3_12_site-packages_PyQt6_Qt6_qml_QtQuick_Controls --> node_venv_lib_python3_12_site-packages_PyQt6_Qt6_qml_QtQuick_Controls_Imagine["Imagine"]\n    node_venv_lib_python3_12_site-packages_PyQt6_Qt6_qml_QtQuick_Controls_Imagine --> node_venv_lib_python3_12_site-packages_PyQt6_Qt6_qml_QtQuick_Controls_Imagine_Popup_qml["Popup.qml"]\n    Root --> node_venv["venv"]\n    node_venv --> node_venv_lib["lib"]\n    node_venv_lib --> node_venv_lib_python3_12["python3.12"]\n    node_venv_lib_python3_12 --> node_venv_lib_python3_12_site-packages["site-packages"]\n    node_venv_lib_python3_12_site-packages --> node_venv_lib_python3_12_site-packages_PyQt6["PyQt6"]\n    node_venv_lib_python3_12_site-packages_PyQt6 --> node_venv_lib_python3_12_site-packages_PyQt6_Qt6["Qt6"]\n    node_venv_lib_python3_12_site-packages_PyQt6_Qt6 --> node_venv_lib_python3_12_site-packages_PyQt6_Qt6_qml["qml"]\n    node_venv_lib_python3_12_site-packages_PyQt6_Qt6_qml --> node_venv_lib_python3_12_site-packages_PyQt6_Qt6_qml_QtQuick["QtQuick"]\n    node_venv_lib_python3_12_site-packages_PyQt6_Qt6_qml_QtQuick --> node_venv_lib_python3_12_site-packages_PyQt6_Qt6_qml_QtQuick_Controls["Controls"]\n    node_venv_lib_python3_12_site-packages_PyQt6_Qt6_qml_QtQuick_Controls --> node_venv_lib_python3_12_site-packages_PyQt6_Qt6_qml_QtQuick_Controls_Imagine["Imagine"]\n    node_venv_lib_python3_12_site-packages_PyQt6_Qt6_qml_QtQuick_Controls_Imagine --> node_venv_lib_python3_12_site-packages_PyQt6_Qt6_qml_QtQuick_Controls_Imagine_ProgressBar_qml["ProgressBar.qml"]\n    Root --> node_venv["venv"]\n    node_venv --> node_venv_lib["lib"]\n    node_venv_lib --> node_venv_lib_python3_12["python3.12"]\n    node_venv_lib_python3_12 --> node_venv_lib_python3_12_site-packages["site-packages"]\n    node_venv_lib_python3_12_site-packages --> node_venv_lib_python3_12_site-packages_PyQt6["PyQt6"]\n    node_venv_lib_python3_12_site-packages_PyQt6 --> node_venv_lib_python3_12_site-packages_PyQt6_Qt6["Qt6"]\n    node_venv_lib_python3_12_site-packages_PyQt6_Qt6 --> node_venv_lib_python3_12_site-packages_PyQt6_Qt6_qml["qml"]\n    node_venv_lib_python3_12_site-packages_PyQt6_Qt6_qml --> node_venv_lib_python3_12_site-packages_PyQt6_Qt6_qml_QtQuick["QtQuick"]\n    node_venv_lib_python3_12_site-packages_PyQt6_Qt6_qml_QtQuick --> node_venv_lib_python3_12_site-packages_PyQt6_Qt6_qml_QtQuick_Controls["Controls"]\n    node_venv_lib_python3_12_site-packages_PyQt6_Qt6_qml_QtQuick_Controls --> node_venv_lib_python3_12_site-packages_PyQt6_Qt6_qml_QtQuick_Controls_Imagine["Imagine"]\n    node_venv_lib_python3_12_site-packages_PyQt6_Qt6_qml_QtQuick_Controls_Imagine --> node_venv_lib_python3_12_site-packages_PyQt6_Qt6_qml_QtQuick_Controls_Imagine_RadioButton_qml["RadioButton.qml"]\n    Root --> node_venv["venv"]\n    node_venv --> node_venv_lib["lib"]\n    node_venv_lib --> node_venv_lib_python3_12["python3.12"]\n    node_venv_lib_python3_12 --> node_venv_lib_python3_12_site-packages["site-packages"]\n    node_venv_lib_python3_12_site-packages --> node_venv_lib_python3_12_site-packages_PyQt6["PyQt6"]\n    node_venv_lib_python3_12_site-packages_PyQt6 --> node_venv_lib_python3_12_site-packages_PyQt6_Qt6["Qt6"]\n    node_venv_lib_python3_12_site-packages_PyQt6_Qt6 --> node_venv_lib_python3_12_site-packages_PyQt6_Qt6_qml["qml"]\n    node_venv_lib_python3_12_site-packages_PyQt6_Qt6_qml --> node_venv_lib_python3_12_site-packages_PyQt6_Qt6_qml_QtQuick["QtQuick"]\n    node_venv_lib_python3_12_site-packages_PyQt6_Qt6_qml_QtQuick --> node_venv_lib_python3_12_site-packages_PyQt6_Qt6_qml_QtQuick_Controls["Controls"]\n    node_venv_lib_python3_12_site-packages_PyQt6_Qt6_qml_QtQuick_Controls --> node_venv_lib_python3_12_site-packages_PyQt6_Qt6_qml_QtQuick_Controls_Imagine["Imagine"]\n    node_venv_lib_python3_12_site-packages_PyQt6_Qt6_qml_QtQuick_Controls_Imagine --> node_venv_lib_python3_12_site-packages_PyQt6_Qt6_qml_QtQuick_Controls_Imagine_RadioDelegate_qml["RadioDelegate.qml"]\n    Root --> node_venv["venv"]\n    node_venv --> node_venv_lib["lib"]\n    node_venv_lib --> node_venv_lib_python3_12["python3.12"]\n    node_venv_lib_python3_12 --> node_venv_lib_python3_12_site-packages["site-packages"]\n    node_venv_lib_python3_12_site-packages --> node_venv_lib_python3_12_site-packages_PyQt6["PyQt6"]\n    node_venv_lib_python3_12_site-packages_PyQt6 --> node_venv_lib_python3_12_site-packages_PyQt6_Qt6["Qt6"]\n    node_venv_lib_python3_12_site-packages_PyQt6_Qt6 --> node_venv_lib_python3_12_site-packages_PyQt6_Qt6_qml["qml"]\n    node_venv_lib_python3_12_site-packages_PyQt6_Qt6_qml --> node_venv_lib_python3_12_site-packages_PyQt6_Qt6_qml_QtQuick["QtQuick"]\n    node_venv_lib_python3_12_site-packages_PyQt6_Qt6_qml_QtQuick --> node_venv_lib_python3_12_site-packages_PyQt6_Qt6_qml_QtQuick_Controls["Controls"]\n    node_venv_lib_python3_12_site-packages_PyQt6_Qt6_qml_QtQuick_Controls --> node_venv_lib_python3_12_site-packages_PyQt6_Qt6_qml_QtQuick_Controls_Imagine["Imagine"]\n    node_venv_lib_python3_12_site-packages_PyQt6_Qt6_qml_QtQuick_Controls_Imagine --> node_venv_lib_python3_12_site-packages_PyQt6_Qt6_qml_QtQuick_Controls_Imagine_RangeSlider_qml["RangeSlider.qml"]\n    Root --> node_venv["venv"]\n    node_venv --> node_venv_lib["lib"]\n    node_venv_lib --> node_venv_lib_python3_12["python3.12"]\n    node_venv_lib_python3_12 --> node_venv_lib_python3_12_site-packages["site-packages"]\n    node_venv_lib_python3_12_site-packages --> node_venv_lib_python3_12_site-packages_PyQt6["PyQt6"]\n    node_venv_lib_python3_12_site-packages_PyQt6 --> node_venv_lib_python3_12_site-packages_PyQt6_Qt6["Qt6"]\n    node_venv_lib_python3_12_site-packages_PyQt6_Qt6 --> node_venv_lib_python3_12_site-packages_PyQt6_Qt6_qml["qml"]\n    node_venv_lib_python3_12_site-packages_PyQt6_Qt6_qml --> node_venv_lib_python3_12_site-packages_PyQt6_Qt6_qml_QtQuick["QtQuick"]\n    node_venv_lib_python3_12_site-packages_PyQt6_Qt6_qml_QtQuick --> node_venv_lib_python3_12_site-packages_PyQt6_Qt6_qml_QtQuick_Controls["Controls"]\n    node_venv_lib_python3_12_site-packages_PyQt6_Qt6_qml_QtQuick_Controls --> node_venv_lib_python3_12_site-packages_PyQt6_Qt6_qml_QtQuick_Controls_Imagine["Imagine"]\n    node_venv_lib_python3_12_site-packages_PyQt6_Qt6_qml_QtQuick_Controls_Imagine --> node_venv_lib_python3_12_site-packages_PyQt6_Qt6_qml_QtQuick_Controls_Imagine_RoundButton_qml["RoundButton.qml"]\n    Root --> node_venv["venv"]\n    node_venv --> node_venv_lib["lib"]\n    node_venv_lib --> node_venv_lib_python3_12["python3.12"]\n    node_venv_lib_python3_12 --> node_venv_lib_python3_12_site-packages["site-packages"]\n    node_venv_lib_python3_12_site-packages --> node_venv_lib_python3_12_site-packages_PyQt6["PyQt6"]\n    node_venv_lib_python3_12_site-packages_PyQt6 --> node_venv_lib_python3_12_site-packages_PyQt6_Qt6["Qt6"]\n    node_venv_lib_python3_12_site-packages_PyQt6_Qt6 --> node_venv_lib_python3_12_site-packages_PyQt6_Qt6_qml["qml"]\n    node_venv_lib_python3_12_site-packages_PyQt6_Qt6_qml --> node_venv_lib_python3_12_site-packages_PyQt6_Qt6_qml_QtQuick["QtQuick"]\n    node_venv_lib_python3_12_site-packages_PyQt6_Qt6_qml_QtQuick --> node_venv_lib_python3_12_site-packages_PyQt6_Qt6_qml_QtQuick_Controls["Controls"]\n    node_venv_lib_python3_12_site-packages_PyQt6_Qt6_qml_QtQuick_Controls --> node_venv_lib_python3_12_site-packages_PyQt6_Qt6_qml_QtQuick_Controls_Imagine["Imagine"]\n    node_venv_lib_python3_12_site-packages_PyQt6_Qt6_qml_QtQuick_Controls_Imagine --> node_venv_lib_python3_12_site-packages_PyQt6_Qt6_qml_QtQuick_Controls_Imagine_ScrollBar_qml["ScrollBar.qml"]\n    Root --> node_venv["venv"]\n    node_venv --> node_venv_lib["lib"]\n    node_venv_lib --> node_venv_lib_python3_12["python3.12"]\n    node_venv_lib_python3_12 --> node_venv_lib_python3_12_site-packages["site-packages"]\n    node_venv_lib_python3_12_site-packages --> node_venv_lib_python3_12_site-packages_PyQt6["PyQt6"]\n    node_venv_lib_python3_12_site-packages_PyQt6 --> node_venv_lib_python3_12_site-packages_PyQt6_Qt6["Qt6"]\n    node_venv_lib_python3_12_site-packages_PyQt6_Qt6 --> node_venv_lib_python3_12_site-packages_PyQt6_Qt6_qml["qml"]\n    node_venv_lib_python3_12_site-packages_PyQt6_Qt6_qml --> node_venv_lib_python3_12_site-packages_PyQt6_Qt6_qml_QtQuick["QtQuick"]\n    node_venv_lib_python3_12_site-packages_PyQt6_Qt6_qml_QtQuick --> node_venv_lib_python3_12_site-packages_PyQt6_Qt6_qml_QtQuick_Controls["Controls"]\n    node_venv_lib_python3_12_site-packages_PyQt6_Qt6_qml_QtQuick_Controls --> node_venv_lib_python3_12_site-packages_PyQt6_Qt6_qml_QtQuick_Controls_Imagine["Imagine"]\n    node_venv_lib_python3_12_site-packages_PyQt6_Qt6_qml_QtQuick_Controls_Imagine --> node_venv_lib_python3_12_site-packages_PyQt6_Qt6_qml_QtQuick_Controls_Imagine_ScrollIndicator_qml["ScrollIndicator.qml"]\n    Root --> node_venv["venv"]\n    node_venv --> node_venv_lib["lib"]\n    node_venv_lib --> node_venv_lib_python3_12["python3.12"]\n    node_venv_lib_python3_12 --> node_venv_lib_python3_12_site-packages["site-packages"]\n    node_venv_lib_python3_12_site-packages --> node_venv_lib_python3_12_site-packages_PyQt6["PyQt6"]\n    node_venv_lib_python3_12_site-packages_PyQt6 --> node_venv_lib_python3_12_site-packages_PyQt6_Qt6["Qt6"]\n    node_venv_lib_python3_12_site-packages_PyQt6_Qt6 --> node_venv_lib_python3_12_site-packages_PyQt6_Qt6_qml["qml"]\n    node_venv_lib_python3_12_site-packages_PyQt6_Qt6_qml --> node_venv_lib_python3_12_site-packages_PyQt6_Qt6_qml_QtQuick["QtQuick"]\n    node_venv_lib_python3_12_site-packages_PyQt6_Qt6_qml_QtQuick --> node_venv_lib_python3_12_site-packages_PyQt6_Qt6_qml_QtQuick_Controls["Controls"]\n    node_venv_lib_python3_12_site-packages_PyQt6_Qt6_qml_QtQuick_Controls --> node_venv_lib_python3_12_site-packages_PyQt6_Qt6_qml_QtQuick_Controls_Imagine["Imagine"]\n    node_venv_lib_python3_12_site-packages_PyQt6_Qt6_qml_QtQuick_Controls_Imagine --> node_venv_lib_python3_12_site-packages_PyQt6_Qt6_qml_QtQuick_Controls_Imagine_ScrollView_qml["ScrollView.qml"]\n    Root --> node_venv["venv"]\n    node_venv --> node_venv_lib["lib"]\n    node_venv_lib --> node_venv_lib_python3_12["python3.12"]\n    node_venv_lib_python3_12 --> node_venv_lib_python3_12_site-packages["site-packages"]\n    node_venv_lib_python3_12_site-packages --> node_venv_lib_python3_12_site-packages_PyQt6["PyQt6"]\n    node_venv_lib_python3_12_site-packages_PyQt6 --> node_venv_lib_python3_12_site-packages_PyQt6_Qt6["Qt6"]\n    node_venv_lib_python3_12_site-packages_PyQt6_Qt6 --> node_venv_lib_python3_12_site-packages_PyQt6_Qt6_qml["qml"]\n    node_venv_lib_python3_12_site-packages_PyQt6_Qt6_qml --> node_venv_lib_python3_12_site-packages_PyQt6_Qt6_qml_QtQuick["QtQuick"]\n    node_venv_lib_python3_12_site-packages_PyQt6_Qt6_qml_QtQuick --> node_venv_lib_python3_12_site-packages_PyQt6_Qt6_qml_QtQuick_Controls["Controls"]\n    node_venv_lib_python3_12_site-packages_PyQt6_Qt6_qml_QtQuick_Controls --> node_venv_lib_python3_12_site-packages_PyQt6_Qt6_qml_QtQuick_Controls_Imagine["Imagine"]\n    node_venv_lib_python3_12_site-packages_PyQt6_Qt6_qml_QtQuick_Controls_Imagine --> node_venv_lib_python3_12_site-packages_PyQt6_Qt6_qml_QtQuick_Controls_Imagine_SearchField_qml["SearchField.qml"]\n    Root --> node_venv["venv"]\n    node_venv --> node_venv_lib["lib"]\n    node_venv_lib --> node_venv_lib_python3_12["python3.12"]\n    node_venv_lib_python3_12 --> node_venv_lib_python3_12_site-packages["site-packages"]\n    node_venv_lib_python3_12_site-packages --> node_venv_lib_python3_12_site-packages_PyQt6["PyQt6"]\n    node_venv_lib_python3_12_site-packages_PyQt6 --> node_venv_lib_python3_12_site-packages_PyQt6_Qt6["Qt6"]\n    node_venv_lib_python3_12_site-packages_PyQt6_Qt6 --> node_venv_lib_python3_12_site-packages_PyQt6_Qt6_qml["qml"]\n    node_venv_lib_python3_12_site-packages_PyQt6_Qt6_qml --> node_venv_lib_python3_12_site-packages_PyQt6_Qt6_qml_QtQuick["QtQuick"]\n    node_venv_lib_python3_12_site-packages_PyQt6_Qt6_qml_QtQuick --> node_venv_lib_python3_12_site-packages_PyQt6_Qt6_qml_QtQuick_Controls["Controls"]\n    node_venv_lib_python3_12_site-packages_PyQt6_Qt6_qml_QtQuick_Controls --> node_venv_lib_python3_12_site-packages_PyQt6_Qt6_qml_QtQuick_Controls_Imagine["Imagine"]\n    node_venv_lib_python3_12_site-packages_PyQt6_Qt6_qml_QtQuick_Controls_Imagine --> node_venv_lib_python3_12_site-packages_PyQt6_Qt6_qml_QtQuick_Controls_Imagine_SelectionRectangle_qml["SelectionRectangle.qml"]\n    Root --> node_venv["venv"]\n    node_venv --> node_venv_lib["lib"]\n    node_venv_lib --> node_venv_lib_python3_12["python3.12"]\n    node_venv_lib_python3_12 --> node_venv_lib_python3_12_site-packages["site-packages"]\n    node_venv_lib_python3_12_site-packages --> node_venv_lib_python3_12_site-packages_PyQt6["PyQt6"]\n    node_venv_lib_python3_12_site-packages_PyQt6 --> node_venv_lib_python3_12_site-packages_PyQt6_Qt6["Qt6"]\n    node_venv_lib_python3_12_site-packages_PyQt6_Qt6 --> node_venv_lib_python3_12_site-packages_PyQt6_Qt6_qml["qml"]\n    node_venv_lib_python3_12_site-packages_PyQt6_Qt6_qml --> node_venv_lib_python3_12_site-packages_PyQt6_Qt6_qml_QtQuick["QtQuick"]\n    node_venv_lib_python3_12_site-packages_PyQt6_Qt6_qml_QtQuick --> node_venv_lib_python3_12_site-packages_PyQt6_Qt6_qml_QtQuick_Controls["Controls"]\n    node_venv_lib_python3_12_site-packages_PyQt6_Qt6_qml_QtQuick_Controls --> node_venv_lib_python3_12_site-packages_PyQt6_Qt6_qml_QtQuick_Controls_Imagine["Imagine"]\n    node_venv_lib_python3_12_site-packages_PyQt6_Qt6_qml_QtQuick_Controls_Imagine --> node_venv_lib_python3_12_site-packages_PyQt6_Qt6_qml_QtQuick_Controls_Imagine_Slider_qml["Slider.qml"]\n    Root --> node_venv["venv"]\n    node_venv --> node_venv_lib["lib"]\n    node_venv_lib --> node_venv_lib_python3_12["python3.12"]\n    node_venv_lib_python3_12 --> node_venv_lib_python3_12_site-packages["site-packages"]\n    node_venv_lib_python3_12_site-packages --> node_venv_lib_python3_12_site-packages_PyQt6["PyQt6"]\n    node_venv_lib_python3_12_site-packages_PyQt6 --> node_venv_lib_python3_12_site-packages_PyQt6_Qt6["Qt6"]\n    node_venv_lib_python3_12_site-packages_PyQt6_Qt6 --> node_venv_lib_python3_12_site-packages_PyQt6_Qt6_qml["qml"]\n    node_venv_lib_python3_12_site-packages_PyQt6_Qt6_qml --> node_venv_lib_python3_12_site-packages_PyQt6_Qt6_qml_QtQuick["QtQuick"]\n    node_venv_lib_python3_12_site-packages_PyQt6_Qt6_qml_QtQuick --> node_venv_lib_python3_12_site-packages_PyQt6_Qt6_qml_QtQuick_Controls["Controls"]\n    node_venv_lib_python3_12_site-packages_PyQt6_Qt6_qml_QtQuick_Controls --> node_venv_lib_python3_12_site-packages_PyQt6_Qt6_qml_QtQuick_Controls_Imagine["Imagine"]\n    node_venv_lib_python3_12_site-packages_PyQt6_Qt6_qml_QtQuick_Controls_Imagine --> node_venv_lib_python3_12_site-packages_PyQt6_Qt6_qml_QtQuick_Controls_Imagine_SpinBox_qml["SpinBox.qml"]\n    Root --> node_venv["venv"]\n    node_venv --> node_venv_lib["lib"]\n    node_venv_lib --> node_venv_lib_python3_12["python3.12"]\n    node_venv_lib_python3_12 --> node_venv_lib_python3_12_site-packages["site-packages"]\n    node_venv_lib_python3_12_site-packages --> node_venv_lib_python3_12_site-packages_PyQt6["PyQt6"]\n    node_venv_lib_python3_12_site-packages_PyQt6 --> node_venv_lib_python3_12_site-packages_PyQt6_Qt6["Qt6"]\n    node_venv_lib_python3_12_site-packages_PyQt6_Qt6 --> node_venv_lib_python3_12_site-packages_PyQt6_Qt6_qml["qml"]\n    node_venv_lib_python3_12_site-packages_PyQt6_Qt6_qml --> node_venv_lib_python3_12_site-packages_PyQt6_Qt6_qml_QtQuick["QtQuick"]\n    node_venv_lib_python3_12_site-packages_PyQt6_Qt6_qml_QtQuick --> node_venv_lib_python3_12_site-packages_PyQt6_Qt6_qml_QtQuick_Controls["Controls"]\n    node_venv_lib_python3_12_site-packages_PyQt6_Qt6_qml_QtQuick_Controls --> node_venv_lib_python3_12_site-packages_PyQt6_Qt6_qml_QtQuick_Controls_Imagine["Imagine"]\n    node_venv_lib_python3_12_site-packages_PyQt6_Qt6_qml_QtQuick_Controls_Imagine --> node_venv_lib_python3_12_site-packages_PyQt6_Qt6_qml_QtQuick_Controls_Imagine_SplitView_qml["SplitView.qml"]\n    Root --> node_venv["venv"]\n    node_venv --> node_venv_lib["lib"]\n    node_venv_lib --> node_venv_lib_python3_12["python3.12"]\n    node_venv_lib_python3_12 --> node_venv_lib_python3_12_site-packages["site-packages"]\n    node_venv_lib_python3_12_site-packages --> node_venv_lib_python3_12_site-packages_PyQt6["PyQt6"]\n    node_venv_lib_python3_12_site-packages_PyQt6 --> node_venv_lib_python3_12_site-packages_PyQt6_Qt6["Qt6"]\n    node_venv_lib_python3_12_site-packages_PyQt6_Qt6 --> node_venv_lib_python3_12_site-packages_PyQt6_Qt6_qml["qml"]\n    node_venv_lib_python3_12_site-packages_PyQt6_Qt6_qml --> node_venv_lib_python3_12_site-packages_PyQt6_Qt6_qml_QtQuick["QtQuick"]\n    node_venv_lib_python3_12_site-packages_PyQt6_Qt6_qml_QtQuick --> node_venv_lib_python3_12_site-packages_PyQt6_Qt6_qml_QtQuick_Controls["Controls"]\n    node_venv_lib_python3_12_site-packages_PyQt6_Qt6_qml_QtQuick_Controls --> node_venv_lib_python3_12_site-packages_PyQt6_Qt6_qml_QtQuick_Controls_Imagine["Imagine"]\n    node_venv_lib_python3_12_site-packages_PyQt6_Qt6_qml_QtQuick_Controls_Imagine --> node_venv_lib_python3_12_site-packages_PyQt6_Qt6_qml_QtQuick_Controls_Imagine_StackView_qml["StackView.qml"]\n    Root --> node_venv["venv"]\n    node_venv --> node_venv_lib["lib"]\n    node_venv_lib --> node_venv_lib_python3_12["python3.12"]\n    node_venv_lib_python3_12 --> node_venv_lib_python3_12_site-packages["site-packages"]\n    node_venv_lib_python3_12_site-packages --> node_venv_lib_python3_12_site-packages_PyQt6["PyQt6"]\n    node_venv_lib_python3_12_site-packages_PyQt6 --> node_venv_lib_python3_12_site-packages_PyQt6_Qt6["Qt6"]\n    node_venv_lib_python3_12_site-packages_PyQt6_Qt6 --> node_venv_lib_python3_12_site-packages_PyQt6_Qt6_qml["qml"]\n    node_venv_lib_python3_12_site-packages_PyQt6_Qt6_qml --> node_venv_lib_python3_12_site-packages_PyQt6_Qt6_qml_QtQuick["QtQuick"]\n    node_venv_lib_python3_12_site-packages_PyQt6_Qt6_qml_QtQuick --> node_venv_lib_python3_12_site-packages_PyQt6_Qt6_qml_QtQuick_Controls["Controls"]\n    node_venv_lib_python3_12_site-packages_PyQt6_Qt6_qml_QtQuick_Controls --> node_venv_lib_python3_12_site-packages_PyQt6_Qt6_qml_QtQuick_Controls_Imagine["Imagine"]\n    node_venv_lib_python3_12_site-packages_PyQt6_Qt6_qml_QtQuick_Controls_Imagine --> node_venv_lib_python3_12_site-packages_PyQt6_Qt6_qml_QtQuick_Controls_Imagine_SwipeDelegate_qml["SwipeDelegate.qml"]\n    Root --> node_venv["venv"]\n    node_venv --> node_venv_lib["lib"]\n    node_venv_lib --> node_venv_lib_python3_12["python3.12"]\n    node_venv_lib_python3_12 --> node_venv_lib_python3_12_site-packages["site-packages"]\n    node_venv_lib_python3_12_site-packages --> node_venv_lib_python3_12_site-packages_PyQt6["PyQt6"]\n    node_venv_lib_python3_12_site-packages_PyQt6 --> node_venv_lib_python3_12_site-packages_PyQt6_Qt6["Qt6"]\n    node_venv_lib_python3_12_site-packages_PyQt6_Qt6 --> node_venv_lib_python3_12_site-packages_PyQt6_Qt6_qml["qml"]\n    node_venv_lib_python3_12_site-packages_PyQt6_Qt6_qml --> node_venv_lib_python3_12_site-packages_PyQt6_Qt6_qml_QtQuick["QtQuick"]\n    node_venv_lib_python3_12_site-packages_PyQt6_Qt6_qml_QtQuick --> node_venv_lib_python3_12_site-packages_PyQt6_Qt6_qml_QtQuick_Controls["Controls"]\n    node_venv_lib_python3_12_site-packages_PyQt6_Qt6_qml_QtQuick_Controls --> node_venv_lib_python3_12_site-packages_PyQt6_Qt6_qml_QtQuick_Controls_Imagine["Imagine"]\n    node_venv_lib_python3_12_site-packages_PyQt6_Qt6_qml_QtQuick_Controls_Imagine --> node_venv_lib_python3_12_site-packages_PyQt6_Qt6_qml_QtQuick_Controls_Imagine_SwipeView_qml["SwipeView.qml"]\n    Root --> node_venv["venv"]\n    node_venv --> node_venv_lib["lib"]\n    node_venv_lib --> node_venv_lib_python3_12["python3.12"]\n    node_venv_lib_python3_12 --> node_venv_lib_python3_12_site-packages["site-packages"]\n    node_venv_lib_python3_12_site-packages --> node_venv_lib_python3_12_site-packages_PyQt6["PyQt6"]\n    node_venv_lib_python3_12_site-packages_PyQt6 --> node_venv_lib_python3_12_site-packages_PyQt6_Qt6["Qt6"]\n    node_venv_lib_python3_12_site-packages_PyQt6_Qt6 --> node_venv_lib_python3_12_site-packages_PyQt6_Qt6_qml["qml"]\n    node_venv_lib_python3_12_site-packages_PyQt6_Qt6_qml --> node_venv_lib_python3_12_site-packages_PyQt6_Qt6_qml_QtQuick["QtQuick"]\n    node_venv_lib_python3_12_site-packages_PyQt6_Qt6_qml_QtQuick --> node_venv_lib_python3_12_site-packages_PyQt6_Qt6_qml_QtQuick_Controls["Controls"]\n    node_venv_lib_python3_12_site-packages_PyQt6_Qt6_qml_QtQuick_Controls --> node_venv_lib_python3_12_site-packages_PyQt6_Qt6_qml_QtQuick_Controls_Imagine["Imagine"]\n    node_venv_lib_python3_12_site-packages_PyQt6_Qt6_qml_QtQuick_Controls_Imagine --> node_venv_lib_python3_12_site-packages_PyQt6_Qt6_qml_QtQuick_Controls_Imagine_Switch_qml["Switch.qml"]\n    Root --> node_venv["venv"]\n    node_venv --> node_venv_lib["lib"]\n    node_venv_lib --> node_venv_lib_python3_12["python3.12"]\n    node_venv_lib_python3_12 --> node_venv_lib_python3_12_site-packages["site-packages"]\n    node_venv_lib_python3_12_site-packages --> node_venv_lib_python3_12_site-packages_PyQt6["PyQt6"]\n    node_venv_lib_python3_12_site-packages_PyQt6 --> node_venv_lib_python3_12_site-packages_PyQt6_Qt6["Qt6"]\n    node_venv_lib_python3_12_site-packages_PyQt6_Qt6 --> node_venv_lib_python3_12_site-packages_PyQt6_Qt6_qml["qml"]\n    node_venv_lib_python3_12_site-packages_PyQt6_Qt6_qml --> node_venv_lib_python3_12_site-packages_PyQt6_Qt6_qml_QtQuick["QtQuick"]\n    node_venv_lib_python3_12_site-packages_PyQt6_Qt6_qml_QtQuick --> node_venv_lib_python3_12_site-packages_PyQt6_Qt6_qml_QtQuick_Controls["Controls"]\n    node_venv_lib_python3_12_site-packages_PyQt6_Qt6_qml_QtQuick_Controls --> node_venv_lib_python3_12_site-packages_PyQt6_Qt6_qml_QtQuick_Controls_Imagine["Imagine"]\n    node_venv_lib_python3_12_site-packages_PyQt6_Qt6_qml_QtQuick_Controls_Imagine --> node_venv_lib_python3_12_site-packages_PyQt6_Qt6_qml_QtQuick_Controls_Imagine_SwitchDelegate_qml["SwitchDelegate.qml"]\n    Root --> node_venv["venv"]\n    node_venv --> node_venv_lib["lib"]\n    node_venv_lib --> node_venv_lib_python3_12["python3.12"]\n    node_venv_lib_python3_12 --> node_venv_lib_python3_12_site-packages["site-packages"]\n    node_venv_lib_python3_12_site-packages --> node_venv_lib_python3_12_site-packages_PyQt6["PyQt6"]\n    node_venv_lib_python3_12_site-packages_PyQt6 --> node_venv_lib_python3_12_site-packages_PyQt6_Qt6["Qt6"]\n    node_venv_lib_python3_12_site-packages_PyQt6_Qt6 --> node_venv_lib_python3_12_site-packages_PyQt6_Qt6_qml["qml"]\n    node_venv_lib_python3_12_site-packages_PyQt6_Qt6_qml --> node_venv_lib_python3_12_site-packages_PyQt6_Qt6_qml_QtQuick["QtQuick"]\n    node_venv_lib_python3_12_site-packages_PyQt6_Qt6_qml_QtQuick --> node_venv_lib_python3_12_site-packages_PyQt6_Qt6_qml_QtQuick_Controls["Controls"]\n    node_venv_lib_python3_12_site-packages_PyQt6_Qt6_qml_QtQuick_Controls --> node_venv_lib_python3_12_site-packages_PyQt6_Qt6_qml_QtQuick_Controls_Imagine["Imagine"]\n    node_venv_lib_python3_12_site-packages_PyQt6_Qt6_qml_QtQuick_Controls_Imagine --> node_venv_lib_python3_12_site-packages_PyQt6_Qt6_qml_QtQuick_Controls_Imagine_TabBar_qml["TabBar.qml"]\n    Root --> node_venv["venv"]\n    node_venv --> node_venv_lib["lib"]\n    node_venv_lib --> node_venv_lib_python3_12["python3.12"]\n    node_venv_lib_python3_12 --> node_venv_lib_python3_12_site-packages["site-packages"]\n    node_venv_lib_python3_12_site-packages --> node_venv_lib_python3_12_site-packages_PyQt6["PyQt6"]\n    node_venv_lib_python3_12_site-packages_PyQt6 --> node_venv_lib_python3_12_site-packages_PyQt6_Qt6["Qt6"]\n    node_venv_lib_python3_12_site-packages_PyQt6_Qt6 --> node_venv_lib_python3_12_site-packages_PyQt6_Qt6_qml["qml"]\n    node_venv_lib_python3_12_site-packages_PyQt6_Qt6_qml --> node_venv_lib_python3_12_site-packages_PyQt6_Qt6_qml_QtQuick["QtQuick"]\n    node_venv_lib_python3_12_site-packages_PyQt6_Qt6_qml_QtQuick --> node_venv_lib_python3_12_site-packages_PyQt6_Qt6_qml_QtQuick_Controls["Controls"]\n    node_venv_lib_python3_12_site-packages_PyQt6_Qt6_qml_QtQuick_Controls --> node_venv_lib_python3_12_site-packages_PyQt6_Qt6_qml_QtQuick_Controls_Imagine["Imagine"]\n    node_venv_lib_python3_12_site-packages_PyQt6_Qt6_qml_QtQuick_Controls_Imagine --> node_venv_lib_python3_12_site-packages_PyQt6_Qt6_qml_QtQuick_Controls_Imagine_TabButton_qml["TabButton.qml"]\n    Root --> node_venv["venv"]\n    node_venv --> node_venv_lib["lib"]\n    node_venv_lib --> node_venv_lib_python3_12["python3.12"]\n    node_venv_lib_python3_12 --> node_venv_lib_python3_12_site-packages["site-packages"]\n    node_venv_lib_python3_12_site-packages --> node_venv_lib_python3_12_site-packages_PyQt6["PyQt6"]\n    node_venv_lib_python3_12_site-packages_PyQt6 --> node_venv_lib_python3_12_site-packages_PyQt6_Qt6["Qt6"]\n    node_venv_lib_python3_12_site-packages_PyQt6_Qt6 --> node_venv_lib_python3_12_site-packages_PyQt6_Qt6_qml["qml"]\n    node_venv_lib_python3_12_site-packages_PyQt6_Qt6_qml --> node_venv_lib_python3_12_site-packages_PyQt6_Qt6_qml_QtQuick["QtQuick"]\n    node_venv_lib_python3_12_site-packages_PyQt6_Qt6_qml_QtQuick --> node_venv_lib_python3_12_site-packages_PyQt6_Qt6_qml_QtQuick_Controls["Controls"]\n    node_venv_lib_python3_12_site-packages_PyQt6_Qt6_qml_QtQuick_Controls --> node_venv_lib_python3_12_site-packages_PyQt6_Qt6_qml_QtQuick_Controls_Imagine["Imagine"]\n    node_venv_lib_python3_12_site-packages_PyQt6_Qt6_qml_QtQuick_Controls_Imagine --> node_venv_lib_python3_12_site-packages_PyQt6_Qt6_qml_QtQuick_Controls_Imagine_TextArea_qml["TextArea.qml"]\n    Root --> node_venv["venv"]\n    node_venv --> node_venv_lib["lib"]\n    node_venv_lib --> node_venv_lib_python3_12["python3.12"]\n    node_venv_lib_python3_12 --> node_venv_lib_python3_12_site-packages["site-packages"]\n    node_venv_lib_python3_12_site-packages --> node_venv_lib_python3_12_site-packages_PyQt6["PyQt6"]\n    node_venv_lib_python3_12_site-packages_PyQt6 --> node_venv_lib_python3_12_site-packages_PyQt6_Qt6["Qt6"]\n    node_venv_lib_python3_12_site-packages_PyQt6_Qt6 --> node_venv_lib_python3_12_site-packages_PyQt6_Qt6_qml["qml"]\n    node_venv_lib_python3_12_site-packages_PyQt6_Qt6_qml --> node_venv_lib_python3_12_site-packages_PyQt6_Qt6_qml_QtQuick["QtQuick"]\n    node_venv_lib_python3_12_site-packages_PyQt6_Qt6_qml_QtQuick --> node_venv_lib_python3_12_site-packages_PyQt6_Qt6_qml_QtQuick_Controls["Controls"]\n    node_venv_lib_python3_12_site-packages_PyQt6_Qt6_qml_QtQuick_Controls --> node_venv_lib_python3_12_site-packages_PyQt6_Qt6_qml_QtQuick_Controls_Imagine["Imagine"]\n    node_venv_lib_python3_12_site-packages_PyQt6_Qt6_qml_QtQuick_Controls_Imagine --> node_venv_lib_python3_12_site-packages_PyQt6_Qt6_qml_QtQuick_Controls_Imagine_TextField_qml["TextField.qml"]\n    Root --> node_venv["venv"]\n    node_venv --> node_venv_lib["lib"]\n    node_venv_lib --> node_venv_lib_python3_12["python3.12"]\n    node_venv_lib_python3_12 --> node_venv_lib_python3_12_site-packages["site-packages"]\n    node_venv_lib_python3_12_site-packages --> node_venv_lib_python3_12_site-packages_PyQt6["PyQt6"]\n    node_venv_lib_python3_12_site-packages_PyQt6 --> node_venv_lib_python3_12_site-packages_PyQt6_Qt6["Qt6"]\n    node_venv_lib_python3_12_site-packages_PyQt6_Qt6 --> node_venv_lib_python3_12_site-packages_PyQt6_Qt6_qml["qml"]\n    node_venv_lib_python3_12_site-packages_PyQt6_Qt6_qml --> node_venv_lib_python3_12_site-packages_PyQt6_Qt6_qml_QtQuick["QtQuick"]\n    node_venv_lib_python3_12_site-packages_PyQt6_Qt6_qml_QtQuick --> node_venv_lib_python3_12_site-packages_PyQt6_Qt6_qml_QtQuick_Controls["Controls"]\n    node_venv_lib_python3_12_site-packages_PyQt6_Qt6_qml_QtQuick_Controls --> node_venv_lib_python3_12_site-packages_PyQt6_Qt6_qml_QtQuick_Controls_Imagine["Imagine"]\n    node_venv_lib_python3_12_site-packages_PyQt6_Qt6_qml_QtQuick_Controls_Imagine --> node_venv_lib_python3_12_site-packages_PyQt6_Qt6_qml_QtQuick_Controls_Imagine_ToolBar_qml["ToolBar.qml"]\n    Root --> node_venv["venv"]\n    node_venv --> node_venv_lib["lib"]\n    node_venv_lib --> node_venv_lib_python3_12["python3.12"]\n    node_venv_lib_python3_12 --> node_venv_lib_python3_12_site-packages["site-packages"]\n    node_venv_lib_python3_12_site-packages --> node_venv_lib_python3_12_site-packages_PyQt6["PyQt6"]\n    node_venv_lib_python3_12_site-packages_PyQt6 --> node_venv_lib_python3_12_site-packages_PyQt6_Qt6["Qt6"]\n    node_venv_lib_python3_12_site-packages_PyQt6_Qt6 --> node_venv_lib_python3_12_site-packages_PyQt6_Qt6_qml["qml"]\n    node_venv_lib_python3_12_site-packages_PyQt6_Qt6_qml --> node_venv_lib_python3_12_site-packages_PyQt6_Qt6_qml_QtQuick["QtQuick"]\n    node_venv_lib_python3_12_site-packages_PyQt6_Qt6_qml_QtQuick --> node_venv_lib_python3_12_site-packages_PyQt6_Qt6_qml_QtQuick_Controls["Controls"]\n    node_venv_lib_python3_12_site-packages_PyQt6_Qt6_qml_QtQuick_Controls --> node_venv_lib_python3_12_site-packages_PyQt6_Qt6_qml_QtQuick_Controls_Imagine["Imagine"]\n    node_venv_lib_python3_12_site-packages_PyQt6_Qt6_qml_QtQuick_Controls_Imagine --> node_venv_lib_python3_12_site-packages_PyQt6_Qt6_qml_QtQuick_Controls_Imagine_ToolButton_qml["ToolButton.qml"]\n    Root --> node_venv["venv"]\n    node_venv --> node_venv_lib["lib"]\n    node_venv_lib --> node_venv_lib_python3_12["python3.12"]\n    node_venv_lib_python3_12 --> node_venv_lib_python3_12_site-packages["site-packages"]\n    node_venv_lib_python3_12_site-packages --> node_venv_lib_python3_12_site-packages_PyQt6["PyQt6"]\n    node_venv_lib_python3_12_site-packages_PyQt6 --> node_venv_lib_python3_12_site-packages_PyQt6_Qt6["Qt6"]\n    node_venv_lib_python3_12_site-packages_PyQt6_Qt6 --> node_venv_lib_python3_12_site-packages_PyQt6_Qt6_qml["qml"]\n    node_venv_lib_python3_12_site-packages_PyQt6_Qt6_qml --> node_venv_lib_python3_12_site-packages_PyQt6_Qt6_qml_QtQuick["QtQuick"]\n    node_venv_lib_python3_12_site-packages_PyQt6_Qt6_qml_QtQuick --> node_venv_lib_python3_12_site-packages_PyQt6_Qt6_qml_QtQuick_Controls["Controls"]\n    node_venv_lib_python3_12_site-packages_PyQt6_Qt6_qml_QtQuick_Controls --> node_venv_lib_python3_12_site-packages_PyQt6_Qt6_qml_QtQuick_Controls_Imagine["Imagine"]\n    node_venv_lib_python3_12_site-packages_PyQt6_Qt6_qml_QtQuick_Controls_Imagine --> node_venv_lib_python3_12_site-packages_PyQt6_Qt6_qml_QtQuick_Controls_Imagine_ToolSeparator_qml["ToolSeparator.qml"]\n    Root --> node_venv["venv"]\n    node_venv --> node_venv_lib["lib"]\n    node_venv_lib --> node_venv_lib_python3_12["python3.12"]\n    node_venv_lib_python3_12 --> node_venv_lib_python3_12_site-packages["site-packages"]\n    node_venv_lib_python3_12_site-packages --> node_venv_lib_python3_12_site-packages_PyQt6["PyQt6"]\n    node_venv_lib_python3_12_site-packages_PyQt6 --> node_venv_lib_python3_12_site-packages_PyQt6_Qt6["Qt6"]\n    node_venv_lib_python3_12_site-packages_PyQt6_Qt6 --> node_venv_lib_python3_12_site-packages_PyQt6_Qt6_qml["qml"]\n    node_venv_lib_python3_12_site-packages_PyQt6_Qt6_qml --> node_venv_lib_python3_12_site-packages_PyQt6_Qt6_qml_QtQuick["QtQuick"]\n    node_venv_lib_python3_12_site-packages_PyQt6_Qt6_qml_QtQuick --> node_venv_lib_python3_12_site-packages_PyQt6_Qt6_qml_QtQuick_Controls["Controls"]\n    node_venv_lib_python3_12_site-packages_PyQt6_Qt6_qml_QtQuick_Controls --> node_venv_lib_python3_12_site-packages_PyQt6_Qt6_qml_QtQuick_Controls_Imagine["Imagine"]\n    node_venv_lib_python3_12_site-packages_PyQt6_Qt6_qml_QtQuick_Controls_Imagine --> node_venv_lib_python3_12_site-packages_PyQt6_Qt6_qml_QtQuick_Controls_Imagine_ToolTip_qml["ToolTip.qml"]\n    Root --> node_venv["venv"]\n    node_venv --> node_venv_lib["lib"]\n    node_venv_lib --> node_venv_lib_python3_12["python3.12"]\n    node_venv_lib_python3_12 --> node_venv_lib_python3_12_site-packages["site-packages"]\n    node_venv_lib_python3_12_site-packages --> node_venv_lib_python3_12_site-packages_PyQt6["PyQt6"]\n    node_venv_lib_python3_12_site-packages_PyQt6 --> node_venv_lib_python3_12_site-packages_PyQt6_Qt6["Qt6"]\n    node_venv_lib_python3_12_site-packages_PyQt6_Qt6 --> node_venv_lib_python3_12_site-packages_PyQt6_Qt6_qml["qml"]\n    node_venv_lib_python3_12_site-packages_PyQt6_Qt6_qml --> node_venv_lib_python3_12_site-packages_PyQt6_Qt6_qml_QtQuick["QtQuick"]\n    node_venv_lib_python3_12_site-packages_PyQt6_Qt6_qml_QtQuick --> node_venv_lib_python3_12_site-packages_PyQt6_Qt6_qml_QtQuick_Controls["Controls"]\n    node_venv_lib_python3_12_site-packages_PyQt6_Qt6_qml_QtQuick_Controls --> node_venv_lib_python3_12_site-packages_PyQt6_Qt6_qml_QtQuick_Controls_Imagine["Imagine"]\n    node_venv_lib_python3_12_site-packages_PyQt6_Qt6_qml_QtQuick_Controls_Imagine --> node_venv_lib_python3_12_site-packages_PyQt6_Qt6_qml_QtQuick_Controls_Imagine_Tumbler_qml["Tumbler.qml"]\n    Root --> node_venv["venv"]\n    node_venv --> node_venv_lib["lib"]\n    node_venv_lib --> node_venv_lib_python3_12["python3.12"]\n    node_venv_lib_python3_12 --> node_venv_lib_python3_12_site-packages["site-packages"]\n    node_venv_lib_python3_12_site-packages --> node_venv_lib_python3_12_site-packages_PyQt6["PyQt6"]\n    node_venv_lib_python3_12_site-packages_PyQt6 --> node_venv_lib_python3_12_site-packages_PyQt6_Qt6["Qt6"]\n    node_venv_lib_python3_12_site-packages_PyQt6_Qt6 --> node_venv_lib_python3_12_site-packages_PyQt6_Qt6_qml["qml"]\n    node_venv_lib_python3_12_site-packages_PyQt6_Qt6_qml --> node_venv_lib_python3_12_site-packages_PyQt6_Qt6_qml_QtQuick["QtQuick"]\n    node_venv_lib_python3_12_site-packages_PyQt6_Qt6_qml_QtQuick --> node_venv_lib_python3_12_site-packages_PyQt6_Qt6_qml_QtQuick_Controls["Controls"]\n    node_venv_lib_python3_12_site-packages_PyQt6_Qt6_qml_QtQuick_Controls --> node_venv_lib_python3_12_site-packages_PyQt6_Qt6_qml_QtQuick_Controls_Imagine["Imagine"]\n    node_venv_lib_python3_12_site-packages_PyQt6_Qt6_qml_QtQuick_Controls_Imagine --> node_venv_lib_python3_12_site-packages_PyQt6_Qt6_qml_QtQuick_Controls_Imagine_VerticalHeaderView_qml["VerticalHeaderView.qml"]\n    Root --> node_venv["venv"]\n    node_venv --> node_venv_lib["lib"]\n    node_venv_lib --> node_venv_lib_python3_12["python3.12"]\n    node_venv_lib_python3_12 --> node_venv_lib_python3_12_site-packages["site-packages"]\n    node_venv_lib_python3_12_site-packages --> node_venv_lib_python3_12_site-packages_PyQt6["PyQt6"]\n    node_venv_lib_python3_12_site-packages_PyQt6 --> node_venv_lib_python3_12_site-packages_PyQt6_Qt6["Qt6"]\n    node_venv_lib_python3_12_site-packages_PyQt6_Qt6 --> node_venv_lib_python3_12_site-packages_PyQt6_Qt6_qml["qml"]\n    node_venv_lib_python3_12_site-packages_PyQt6_Qt6_qml --> node_venv_lib_python3_12_site-packages_PyQt6_Qt6_qml_QtQuick["QtQuick"]\n    node_venv_lib_python3_12_site-packages_PyQt6_Qt6_qml_QtQuick --> node_venv_lib_python3_12_site-packages_PyQt6_Qt6_qml_QtQuick_Controls["Controls"]\n    node_venv_lib_python3_12_site-packages_PyQt6_Qt6_qml_QtQuick_Controls --> node_venv_lib_python3_12_site-packages_PyQt6_Qt6_qml_QtQuick_Controls_Imagine["Imagine"]\n    node_venv_lib_python3_12_site-packages_PyQt6_Qt6_qml_QtQuick_Controls_Imagine --> node_venv_lib_python3_12_site-packages_PyQt6_Qt6_qml_QtQuick_Controls_Imagine_VerticalHeaderViewDelegate_qml["VerticalHeaderViewDelegate.qml"]\n    Root --> node_venv["venv"]\n    node_venv --> node_venv_lib["lib"]\n    node_venv_lib --> node_venv_lib_python3_12["python3.12"]\n    node_venv_lib_python3_12 --> node_venv_lib_python3_12_site-packages["site-packages"]\n    node_venv_lib_python3_12_site-packages --> node_venv_lib_python3_12_site-packages_PyQt6["PyQt6"]\n    node_venv_lib_python3_12_site-packages_PyQt6 --> node_venv_lib_python3_12_site-packages_PyQt6_Qt6["Qt6"]\n    node_venv_lib_python3_12_site-packages_PyQt6_Qt6 --> node_venv_lib_python3_12_site-packages_PyQt6_Qt6_qml["qml"]\n    node_venv_lib_python3_12_site-packages_PyQt6_Qt6_qml --> node_venv_lib_python3_12_site-packages_PyQt6_Qt6_qml_QtQuick["QtQuick"]\n    node_venv_lib_python3_12_site-packages_PyQt6_Qt6_qml_QtQuick --> node_venv_lib_python3_12_site-packages_PyQt6_Qt6_qml_QtQuick_Controls["Controls"]\n    node_venv_lib_python3_12_site-packages_PyQt6_Qt6_qml_QtQuick_Controls --> node_venv_lib_python3_12_site-packages_PyQt6_Qt6_qml_QtQuick_Controls_Imagine["Imagine"]\n    node_venv_lib_python3_12_site-packages_PyQt6_Qt6_qml_QtQuick_Controls_Imagine --> node_venv_lib_python3_12_site-packages_PyQt6_Qt6_qml_QtQuick_Controls_Imagine_libqtquickcontrols2imaginestyleplugin_dylib["libqtquickcontrols2imaginestyleplugin.dylib"]\n    Root --> node_venv["venv"]\n    node_venv --> node_venv_lib["lib"]\n    node_venv_lib --> node_venv_lib_python3_12["python3.12"]\n    node_venv_lib_python3_12 --> node_venv_lib_python3_12_site-packages["site-packages"]\n    node_venv_lib_python3_12_site-packages --> node_venv_lib_python3_12_site-packages_PyQt6["PyQt6"]\n    node_venv_lib_python3_12_site-packages_PyQt6 --> node_venv_lib_python3_12_site-packages_PyQt6_Qt6["Qt6"]\n    node_venv_lib_python3_12_site-packages_PyQt6_Qt6 --> node_venv_lib_python3_12_site-packages_PyQt6_Qt6_qml["qml"]\n    node_venv_lib_python3_12_site-packages_PyQt6_Qt6_qml --> node_venv_lib_python3_12_site-packages_PyQt6_Qt6_qml_QtQuick["QtQuick"]\n    node_venv_lib_python3_12_site-packages_PyQt6_Qt6_qml_QtQuick --> node_venv_lib_python3_12_site-packages_PyQt6_Qt6_qml_QtQuick_Controls["Controls"]\n    node_venv_lib_python3_12_site-packages_PyQt6_Qt6_qml_QtQuick_Controls --> node_venv_lib_python3_12_site-packages_PyQt6_Qt6_qml_QtQuick_Controls_Imagine["Imagine"]\n    node_venv_lib_python3_12_site-packages_PyQt6_Qt6_qml_QtQuick_Controls_Imagine --> node_venv_lib_python3_12_site-packages_PyQt6_Qt6_qml_QtQuick_Controls_Imagine_plugins_qmltypes["plugins.qmltypes"]\n    Root --> node_venv["venv"]\n    node_venv --> node_venv_lib["lib"]\n    node_venv_lib --> node_venv_lib_python3_12["python3.12"]\n    node_venv_lib_python3_12 --> node_venv_lib_python3_12_site-packages["site-packages"]\n    node_venv_lib_python3_12_site-packages --> node_venv_lib_python3_12_site-packages_PyQt6["PyQt6"]\n    node_venv_lib_python3_12_site-packages_PyQt6 --> node_venv_lib_python3_12_site-packages_PyQt6_Qt6["Qt6"]\n    node_venv_lib_python3_12_site-packages_PyQt6_Qt6 --> node_venv_lib_python3_12_site-packages_PyQt6_Qt6_qml["qml"]\n    node_venv_lib_python3_12_site-packages_PyQt6_Qt6_qml --> node_venv_lib_python3_12_site-packages_PyQt6_Qt6_qml_QtQuick["QtQuick"]\n    node_venv_lib_python3_12_site-packages_PyQt6_Qt6_qml_QtQuick --> node_venv_lib_python3_12_site-packages_PyQt6_Qt6_qml_QtQuick_Controls["Controls"]\n    node_venv_lib_python3_12_site-packages_PyQt6_Qt6_qml_QtQuick_Controls --> node_venv_lib_python3_12_site-packages_PyQt6_Qt6_qml_QtQuick_Controls_Imagine["Imagine"]\n    node_venv_lib_python3_12_site-packages_PyQt6_Qt6_qml_QtQuick_Controls_Imagine --> node_venv_lib_python3_12_site-packages_PyQt6_Qt6_qml_QtQuick_Controls_Imagine_qmldir["qmldir"]\n    Root --> node_venv["venv"]\n    node_venv --> node_venv_lib["lib"]\n    node_venv_lib --> node_venv_lib_python3_12["python3.12"]\n    node_venv_lib_python3_12 --> node_venv_lib_python3_12_site-packages["site-packages"]\n    node_venv_lib_python3_12_site-packages --> node_venv_lib_python3_12_site-packages_PyQt6["PyQt6"]\n    node_venv_lib_python3_12_site-packages_PyQt6 --> node_venv_lib_python3_12_site-packages_PyQt6_Qt6["Qt6"]\n    node_venv_lib_python3_12_site-packages_PyQt6_Qt6 --> node_venv_lib_python3_12_site-packages_PyQt6_Qt6_qml["qml"]\n    node_venv_lib_python3_12_site-packages_PyQt6_Qt6_qml --> node_venv_lib_python3_12_site-packages_PyQt6_Qt6_qml_QtQuick["QtQuick"]\n    node_venv_lib_python3_12_site-packages_PyQt6_Qt6_qml_QtQuick --> node_venv_lib_python3_12_site-packages_PyQt6_Qt6_qml_QtQuick_Controls["Controls"]\n    node_venv_lib_python3_12_site-packages_PyQt6_Qt6_qml_QtQuick_Controls --> node_venv_lib_python3_12_site-packages_PyQt6_Qt6_qml_QtQuick_Controls_Imagine["Imagine"]\n    node_venv_lib_python3_12_site-packages_PyQt6_Qt6_qml_QtQuick_Controls_Imagine --> node_venv_lib_python3_12_site-packages_PyQt6_Qt6_qml_QtQuick_Controls_Imagine_impl["impl"]\n    node_venv_lib_python3_12_site-packages_PyQt6_Qt6_qml_QtQuick_Controls_Imagine_impl --> node_venv_lib_python3_12_site-packages_PyQt6_Qt6_qml_QtQuick_Controls_Imagine_impl_OpacityMask_qml["OpacityMask.qml"]\n    Root --> node_venv["venv"]\n    node_venv --> node_venv_lib["lib"]\n    node_venv_lib --> node_venv_lib_python3_12["python3.12"]\n    node_venv_lib_python3_12 --> node_venv_lib_python3_12_site-packages["site-packages"]\n    node_venv_lib_python3_12_site-packages --> node_venv_lib_python3_12_site-packages_PyQt6["PyQt6"]\n    node_venv_lib_python3_12_site-packages_PyQt6 --> node_venv_lib_python3_12_site-packages_PyQt6_Qt6["Qt6"]\n    node_venv_lib_python3_12_site-packages_PyQt6_Qt6 --> node_venv_lib_python3_12_site-packages_PyQt6_Qt6_qml["qml"]\n    node_venv_lib_python3_12_site-packages_PyQt6_Qt6_qml --> node_venv_lib_python3_12_site-packages_PyQt6_Qt6_qml_QtQuick["QtQuick"]\n    node_venv_lib_python3_12_site-packages_PyQt6_Qt6_qml_QtQuick --> node_venv_lib_python3_12_site-packages_PyQt6_Qt6_qml_QtQuick_Controls["Controls"]\n    node_venv_lib_python3_12_site-packages_PyQt6_Qt6_qml_QtQuick_Controls --> node_venv_lib_python3_12_site-packages_PyQt6_Qt6_qml_QtQuick_Controls_Imagine["Imagine"]\n    node_venv_lib_python3_12_site-packages_PyQt6_Qt6_qml_QtQuick_Controls_Imagine --> node_venv_lib_python3_12_site-packages_PyQt6_Qt6_qml_QtQuick_Controls_Imagine_impl["impl"]\n    node_venv_lib_python3_12_site-packages_PyQt6_Qt6_qml_QtQuick_Controls_Imagine_impl --> node_venv_lib_python3_12_site-packages_PyQt6_Qt6_qml_QtQuick_Controls_Imagine_impl_QuickControls2ImagineStyleImpl_qmltypes["QuickControls2ImagineStyleImpl.qmltypes"]\n    Root --> node_venv["venv"]\n    node_venv --> node_venv_lib["lib"]\n    node_venv_lib --> node_venv_lib_python3_12["python3.12"]\n    node_venv_lib_python3_12 --> node_venv_lib_python3_12_site-packages["site-packages"]\n    node_venv_lib_python3_12_site-packages --> node_venv_lib_python3_12_site-packages_PyQt6["PyQt6"]\n    node_venv_lib_python3_12_site-packages_PyQt6 --> node_venv_lib_python3_12_site-packages_PyQt6_Qt6["Qt6"]\n    node_venv_lib_python3_12_site-packages_PyQt6_Qt6 --> node_venv_lib_python3_12_site-packages_PyQt6_Qt6_qml["qml"]\n    node_venv_lib_python3_12_site-packages_PyQt6_Qt6_qml --> node_venv_lib_python3_12_site-packages_PyQt6_Qt6_qml_QtQuick["QtQuick"]\n    node_venv_lib_python3_12_site-packages_PyQt6_Qt6_qml_QtQuick --> node_venv_lib_python3_12_site-packages_PyQt6_Qt6_qml_QtQuick_Controls["Controls"]\n    node_venv_lib_python3_12_site-packages_PyQt6_Qt6_qml_QtQuick_Controls --> node_venv_lib_python3_12_site-packages_PyQt6_Qt6_qml_QtQuick_Controls_Imagine["Imagine"]\n    node_venv_lib_python3_12_site-packages_PyQt6_Qt6_qml_QtQuick_Controls_Imagine --> node_venv_lib_python3_12_site-packages_PyQt6_Qt6_qml_QtQuick_Controls_Imagine_impl["impl"]\n    node_venv_lib_python3_12_site-packages_PyQt6_Qt6_qml_QtQuick_Controls_Imagine_impl --> node_venv_lib_python3_12_site-packages_PyQt6_Qt6_qml_QtQuick_Controls_Imagine_impl_libqtquickcontrols2imaginestyleimplplugin_dylib["libqtquickcontrols2imaginestyleimplplugin.dylib"]\n    Root --> node_venv["venv"]\n    node_venv --> node_venv_lib["lib"]\n    node_venv_lib --> node_venv_lib_python3_12["python3.12"]\n    node_venv_lib_python3_12 --> node_venv_lib_python3_12_site-packages["site-packages"]\n    node_venv_lib_python3_12_site-packages --> node_venv_lib_python3_12_site-packages_PyQt6["PyQt6"]\n    node_venv_lib_python3_12_site-packages_PyQt6 --> node_venv_lib_python3_12_site-packages_PyQt6_Qt6["Qt6"]\n    node_venv_lib_python3_12_site-packages_PyQt6_Qt6 --> node_venv_lib_python3_12_site-packages_PyQt6_Qt6_qml["qml"]\n    node_venv_lib_python3_12_site-packages_PyQt6_Qt6_qml --> node_venv_lib_python3_12_site-packages_PyQt6_Qt6_qml_QtQuick["QtQuick"]\n    node_venv_lib_python3_12_site-packages_PyQt6_Qt6_qml_QtQuick --> node_venv_lib_python3_12_site-packages_PyQt6_Qt6_qml_QtQuick_Controls["Controls"]\n    node_venv_lib_python3_12_site-packages_PyQt6_Qt6_qml_QtQuick_Controls --> node_venv_lib_python3_12_site-packages_PyQt6_Qt6_qml_QtQuick_Controls_Imagine["Imagine"]\n    node_venv_lib_python3_12_site-packages_PyQt6_Qt6_qml_QtQuick_Controls_Imagine --> node_venv_lib_python3_12_site-packages_PyQt6_Qt6_qml_QtQuick_Controls_Imagine_impl["impl"]\n    node_venv_lib_python3_12_site-packages_PyQt6_Qt6_qml_QtQuick_Controls_Imagine_impl --> node_venv_lib_python3_12_site-packages_PyQt6_Qt6_qml_QtQuick_Controls_Imagine_impl_qmldir["qmldir"]\n    Root --> node_venv["venv"]\n    node_venv --> node_venv_lib["lib"]\n    node_venv_lib --> node_venv_lib_python3_12["python3.12"]\n    node_venv_lib_python3_12 --> node_venv_lib_python3_12_site-packages["site-packages"]\n    node_venv_lib_python3_12_site-packages --> node_venv_lib_python3_12_site-packages_PyQt6["PyQt6"]\n    node_venv_lib_python3_12_site-packages_PyQt6 --> node_venv_lib_python3_12_site-packages_PyQt6_Qt6["Qt6"]\n    node_venv_lib_python3_12_site-packages_PyQt6_Qt6 --> node_venv_lib_python3_12_site-packages_PyQt6_Qt6_qml["qml"]\n    node_venv_lib_python3_12_site-packages_PyQt6_Qt6_qml --> node_venv_lib_python3_12_site-packages_PyQt6_Qt6_qml_QtQuick["QtQuick"]\n    node_venv_lib_python3_12_site-packages_PyQt6_Qt6_qml_QtQuick --> node_venv_lib_python3_12_site-packages_PyQt6_Qt6_qml_QtQuick_Layouts["Layouts"]\n    node_venv_lib_python3_12_site-packages_PyQt6_Qt6_qml_QtQuick_Layouts --> node_venv_lib_python3_12_site-packages_PyQt6_Qt6_qml_QtQuick_Layouts_libqquicklayoutsplugin_dylib["libqquicklayoutsplugin.dylib"]\n    Root --> node_venv["venv"]\n    node_venv --> node_venv_lib["lib"]\n    node_venv_lib --> node_venv_lib_python3_12["python3.12"]\n    node_venv_lib_python3_12 --> node_venv_lib_python3_12_site-packages["site-packages"]\n    node_venv_lib_python3_12_site-packages --> node_venv_lib_python3_12_site-packages_PyQt6["PyQt6"]\n    node_venv_lib_python3_12_site-packages_PyQt6 --> node_venv_lib_python3_12_site-packages_PyQt6_Qt6["Qt6"]\n    node_venv_lib_python3_12_site-packages_PyQt6_Qt6 --> node_venv_lib_python3_12_site-packages_PyQt6_Qt6_qml["qml"]\n    node_venv_lib_python3_12_site-packages_PyQt6_Qt6_qml --> node_venv_lib_python3_12_site-packages_PyQt6_Qt6_qml_QtQuick["QtQuick"]\n    node_venv_lib_python3_12_site-packages_PyQt6_Qt6_qml_QtQuick --> node_venv_lib_python3_12_site-packages_PyQt6_Qt6_qml_QtQuick_Layouts["Layouts"]\n    node_venv_lib_python3_12_site-packages_PyQt6_Qt6_qml_QtQuick_Layouts --> node_venv_lib_python3_12_site-packages_PyQt6_Qt6_qml_QtQuick_Layouts_plugins_qmltypes["plugins.qmltypes"]\n    Root --> node_venv["venv"]\n    node_venv --> node_venv_lib["lib"]\n    node_venv_lib --> node_venv_lib_python3_12["python3.12"]\n    node_venv_lib_python3_12 --> node_venv_lib_python3_12_site-packages["site-packages"]\n    node_venv_lib_python3_12_site-packages --> node_venv_lib_python3_12_site-packages_PyQt6["PyQt6"]\n    node_venv_lib_python3_12_site-packages_PyQt6 --> node_venv_lib_python3_12_site-packages_PyQt6_Qt6["Qt6"]\n    node_venv_lib_python3_12_site-packages_PyQt6_Qt6 --> node_venv_lib_python3_12_site-packages_PyQt6_Qt6_qml["qml"]\n    node_venv_lib_python3_12_site-packages_PyQt6_Qt6_qml --> node_venv_lib_python3_12_site-packages_PyQt6_Qt6_qml_QtQuick["QtQuick"]\n    node_venv_lib_python3_12_site-packages_PyQt6_Qt6_qml_QtQuick --> node_venv_lib_python3_12_site-packages_PyQt6_Qt6_qml_QtQuick_Layouts["Layouts"]\n    node_venv_lib_python3_12_site-packages_PyQt6_Qt6_qml_QtQuick_Layouts --> node_venv_lib_python3_12_site-packages_PyQt6_Qt6_qml_QtQuick_Layouts_qmldir["qmldir"]\n    Root --> node_venv["venv"]\n    node_venv --> node_venv_lib["lib"]\n    node_venv_lib --> node_venv_lib_python3_12["python3.12"]\n    node_venv_lib_python3_12 --> node_venv_lib_python3_12_site-packages["site-packages"]\n    node_venv_lib_python3_12_site-packages --> node_venv_lib_python3_12_site-packages_PyQt6["PyQt6"]\n    node_venv_lib_python3_12_site-packages_PyQt6 --> node_venv_lib_python3_12_site-packages_PyQt6_Qt6["Qt6"]\n    node_venv_lib_python3_12_site-packages_PyQt6_Qt6 --> node_venv_lib_python3_12_site-packages_PyQt6_Qt6_qml["qml"]\n    node_venv_lib_python3_12_site-packages_PyQt6_Qt6_qml --> node_venv_lib_python3_12_site-packages_PyQt6_Qt6_qml_QtQuick["QtQuick"]\n    node_venv_lib_python3_12_site-packages_PyQt6_Qt6_qml_QtQuick --> node_venv_lib_python3_12_site-packages_PyQt6_Qt6_qml_QtQuick_Window["Window"]\n    node_venv_lib_python3_12_site-packages_PyQt6_Qt6_qml_QtQuick_Window --> node_venv_lib_python3_12_site-packages_PyQt6_Qt6_qml_QtQuick_Window_libquickwindowplugin_dylib["libquickwindowplugin.dylib"]\n    Root --> node_venv["venv"]\n    node_venv --> node_venv_lib["lib"]\n    node_venv_lib --> node_venv_lib_python3_12["python3.12"]\n    node_venv_lib_python3_12 --> node_venv_lib_python3_12_site-packages["site-packages"]\n    node_venv_lib_python3_12_site-packages --> node_venv_lib_python3_12_site-packages_PyQt6["PyQt6"]\n    node_venv_lib_python3_12_site-packages_PyQt6 --> node_venv_lib_python3_12_site-packages_PyQt6_Qt6["Qt6"]\n    node_venv_lib_python3_12_site-packages_PyQt6_Qt6 --> node_venv_lib_python3_12_site-packages_PyQt6_Qt6_qml["qml"]\n    node_venv_lib_python3_12_site-packages_PyQt6_Qt6_qml --> node_venv_lib_python3_12_site-packages_PyQt6_Qt6_qml_QtQuick["QtQuick"]\n    node_venv_lib_python3_12_site-packages_PyQt6_Qt6_qml_QtQuick --> node_venv_lib_python3_12_site-packages_PyQt6_Qt6_qml_QtQuick_Window["Window"]\n    node_venv_lib_python3_12_site-packages_PyQt6_Qt6_qml_QtQuick_Window --> node_venv_lib_python3_12_site-packages_PyQt6_Qt6_qml_QtQuick_Window_qmldir["qmldir"]\n    Root --> node_venv["venv"]\n    node_venv --> node_venv_lib["lib"]\n    node_venv_lib --> node_venv_lib_python3_12["python3.12"]\n    node_venv_lib_python3_12 --> node_venv_lib_python3_12_site-packages["site-packages"]\n    node_venv_lib_python3_12_site-packages --> node_venv_lib_python3_12_site-packages_PyQt6["PyQt6"]\n    node_venv_lib_python3_12_site-packages_PyQt6 --> node_venv_lib_python3_12_site-packages_PyQt6_Qt6["Qt6"]\n    node_venv_lib_python3_12_site-packages_PyQt6_Qt6 --> node_venv_lib_python3_12_site-packages_PyQt6_Qt6_qml["qml"]\n    node_venv_lib_python3_12_site-packages_PyQt6_Qt6_qml --> node_venv_lib_python3_12_site-packages_PyQt6_Qt6_qml_QtQuick["QtQuick"]\n    node_venv_lib_python3_12_site-packages_PyQt6_Qt6_qml_QtQuick --> node_venv_lib_python3_12_site-packages_PyQt6_Qt6_qml_QtQuick_Window["Window"]\n    node_venv_lib_python3_12_site-packages_PyQt6_Qt6_qml_QtQuick_Window --> node_venv_lib_python3_12_site-packages_PyQt6_Qt6_qml_QtQuick_Window_quickwindow_qmltypes["quickwindow.qmltypes"]\n    Root --> node_venv["venv"]\n    node_venv --> node_venv_lib["lib"]\n    node_venv_lib --> node_venv_lib_python3_12["python3.12"]\n    node_venv_lib_python3_12 --> node_venv_lib_python3_12_site-packages["site-packages"]\n    node_venv_lib_python3_12_site-packages --> node_venv_lib_python3_12_site-packages_PyQt6["PyQt6"]\n    node_venv_lib_python3_12_site-packages_PyQt6 --> node_venv_lib_python3_12_site-packages_PyQt6_Qt6["Qt6"]\n    node_venv_lib_python3_12_site-packages_PyQt6_Qt6 --> node_venv_lib_python3_12_site-packages_PyQt6_Qt6_qml["qml"]\n    node_venv_lib_python3_12_site-packages_PyQt6_Qt6_qml --> node_venv_lib_python3_12_site-packages_PyQt6_Qt6_qml_QtQuick["QtQuick"]\n    node_venv_lib_python3_12_site-packages_PyQt6_Qt6_qml_QtQuick --> node_venv_lib_python3_12_site-packages_PyQt6_Qt6_qml_QtQuick_LocalStorage["LocalStorage"]\n    node_venv_lib_python3_12_site-packages_PyQt6_Qt6_qml_QtQuick_LocalStorage --> node_venv_lib_python3_12_site-packages_PyQt6_Qt6_qml_QtQuick_LocalStorage_libqmllocalstorageplugin_dylib["libqmllocalstorageplugin.dylib"]\n    Root --> node_venv["venv"]\n    node_venv --> node_venv_lib["lib"]\n    node_venv_lib --> node_venv_lib_python3_12["python3.12"]\n    node_venv_lib_python3_12 --> node_venv_lib_python3_12_site-packages["site-packages"]\n    node_venv_lib_python3_12_site-packages --> node_venv_lib_python3_12_site-packages_PyQt6["PyQt6"]\n    node_venv_lib_python3_12_site-packages_PyQt6 --> node_venv_lib_python3_12_site-packages_PyQt6_Qt6["Qt6"]\n    node_venv_lib_python3_12_site-packages_PyQt6_Qt6 --> node_venv_lib_python3_12_site-packages_PyQt6_Qt6_qml["qml"]\n    node_venv_lib_python3_12_site-packages_PyQt6_Qt6_qml --> node_venv_lib_python3_12_site-packages_PyQt6_Qt6_qml_QtQuick["QtQuick"]\n    node_venv_lib_python3_12_site-packages_PyQt6_Qt6_qml_QtQuick --> node_venv_lib_python3_12_site-packages_PyQt6_Qt6_qml_QtQuick_LocalStorage["LocalStorage"]\n    node_venv_lib_python3_12_site-packages_PyQt6_Qt6_qml_QtQuick_LocalStorage --> node_venv_lib_python3_12_site-packages_PyQt6_Qt6_qml_QtQuick_LocalStorage_plugins_qmltypes["plugins.qmltypes"]\n    Root --> node_venv["venv"]\n    node_venv --> node_venv_lib["lib"]\n    node_venv_lib --> node_venv_lib_python3_12["python3.12"]\n    node_venv_lib_python3_12 --> node_venv_lib_python3_12_site-packages["site-packages"]\n    node_venv_lib_python3_12_site-packages --> node_venv_lib_python3_12_site-packages_PyQt6["PyQt6"]\n    node_venv_lib_python3_12_site-packages_PyQt6 --> node_venv_lib_python3_12_site-packages_PyQt6_Qt6["Qt6"]\n    node_venv_lib_python3_12_site-packages_PyQt6_Qt6 --> node_venv_lib_python3_12_site-packages_PyQt6_Qt6_qml["qml"]\n    node_venv_lib_python3_12_site-packages_PyQt6_Qt6_qml --> node_venv_lib_python3_12_site-packages_PyQt6_Qt6_qml_QtQuick["QtQuick"]\n    node_venv_lib_python3_12_site-packages_PyQt6_Qt6_qml_QtQuick --> node_venv_lib_python3_12_site-packages_PyQt6_Qt6_qml_QtQuick_LocalStorage["LocalStorage"]\n    node_venv_lib_python3_12_site-packages_PyQt6_Qt6_qml_QtQuick_LocalStorage --> node_venv_lib_python3_12_site-packages_PyQt6_Qt6_qml_QtQuick_LocalStorage_qmldir["qmldir"]\n    Root --> node_venv["venv"]\n    node_venv --> node_venv_lib["lib"]\n    node_venv_lib --> node_venv_lib_python3_12["python3.12"]\n    node_venv_lib_python3_12 --> node_venv_lib_python3_12_site-packages["site-packages"]\n    node_venv_lib_python3_12_site-packages --> node_venv_lib_python3_12_site-packages_PyQt6["PyQt6"]\n    node_venv_lib_python3_12_site-packages_PyQt6 --> node_venv_lib_python3_12_site-packages_PyQt6_Qt6["Qt6"]\n    node_venv_lib_python3_12_site-packages_PyQt6_Qt6 --> node_venv_lib_python3_12_site-packages_PyQt6_Qt6_qml["qml"]\n    node_venv_lib_python3_12_site-packages_PyQt6_Qt6_qml --> node_venv_lib_python3_12_site-packages_PyQt6_Qt6_qml_QtQuick["QtQuick"]\n    node_venv_lib_python3_12_site-packages_PyQt6_Qt6_qml_QtQuick --> node_venv_lib_python3_12_site-packages_PyQt6_Qt6_qml_QtQuick_Templates["Templates"]\n    node_venv_lib_python3_12_site-packages_PyQt6_Qt6_qml_QtQuick_Templates --> node_venv_lib_python3_12_site-packages_PyQt6_Qt6_qml_QtQuick_Templates_libqtquicktemplates2plugin_dylib["libqtquicktemplates2plugin.dylib"]\n    Root --> node_venv["venv"]\n    node_venv --> node_venv_lib["lib"]\n    node_venv_lib --> node_venv_lib_python3_12["python3.12"]\n    node_venv_lib_python3_12 --> node_venv_lib_python3_12_site-packages["site-packages"]\n    node_venv_lib_python3_12_site-packages --> node_venv_lib_python3_12_site-packages_PyQt6["PyQt6"]\n    node_venv_lib_python3_12_site-packages_PyQt6 --> node_venv_lib_python3_12_site-packages_PyQt6_Qt6["Qt6"]\n    node_venv_lib_python3_12_site-packages_PyQt6_Qt6 --> node_venv_lib_python3_12_site-packages_PyQt6_Qt6_qml["qml"]\n    node_venv_lib_python3_12_site-packages_PyQt6_Qt6_qml --> node_venv_lib_python3_12_site-packages_PyQt6_Qt6_qml_QtQuick["QtQuick"]\n    node_venv_lib_python3_12_site-packages_PyQt6_Qt6_qml_QtQuick --> node_venv_lib_python3_12_site-packages_PyQt6_Qt6_qml_QtQuick_Templates["Templates"]\n    node_venv_lib_python3_12_site-packages_PyQt6_Qt6_qml_QtQuick_Templates --> node_venv_lib_python3_12_site-packages_PyQt6_Qt6_qml_QtQuick_Templates_plugins_qmltypes["plugins.qmltypes"]\n    Root --> node_venv["venv"]\n    node_venv --> node_venv_lib["lib"]\n    node_venv_lib --> node_venv_lib_python3_12["python3.12"]\n    node_venv_lib_python3_12 --> node_venv_lib_python3_12_site-packages["site-packages"]\n    node_venv_lib_python3_12_site-packages --> node_venv_lib_python3_12_site-packages_PyQt6["PyQt6"]\n    node_venv_lib_python3_12_site-packages_PyQt6 --> node_venv_lib_python3_12_site-packages_PyQt6_Qt6["Qt6"]\n    node_venv_lib_python3_12_site-packages_PyQt6_Qt6 --> node_venv_lib_python3_12_site-packages_PyQt6_Qt6_qml["qml"]\n    node_venv_lib_python3_12_site-packages_PyQt6_Qt6_qml --> node_venv_lib_python3_12_site-packages_PyQt6_Qt6_qml_QtQuick["QtQuick"]\n    node_venv_lib_python3_12_site-packages_PyQt6_Qt6_qml_QtQuick --> node_venv_lib_python3_12_site-packages_PyQt6_Qt6_qml_QtQuick_Templates["Templates"]\n    node_venv_lib_python3_12_site-packages_PyQt6_Qt6_qml_QtQuick_Templates --> node_venv_lib_python3_12_site-packages_PyQt6_Qt6_qml_QtQuick_Templates_qmldir["qmldir"]\n    Root --> node_venv["venv"]\n    node_venv --> node_venv_lib["lib"]\n    node_venv_lib --> node_venv_lib_python3_12["python3.12"]\n    node_venv_lib_python3_12 --> node_venv_lib_python3_12_site-packages["site-packages"]\n    node_venv_lib_python3_12_site-packages --> node_venv_lib_python3_12_site-packages_PyQt6["PyQt6"]\n    node_venv_lib_python3_12_site-packages_PyQt6 --> node_venv_lib_python3_12_site-packages_PyQt6_Qt6["Qt6"]\n    node_venv_lib_python3_12_site-packages_PyQt6_Qt6 --> node_venv_lib_python3_12_site-packages_PyQt6_Qt6_qml["qml"]\n    node_venv_lib_python3_12_site-packages_PyQt6_Qt6_qml --> node_venv_lib_python3_12_site-packages_PyQt6_Qt6_qml_QtQuick["QtQuick"]\n    node_venv_lib_python3_12_site-packages_PyQt6_Qt6_qml_QtQuick --> node_venv_lib_python3_12_site-packages_PyQt6_Qt6_qml_QtQuick_Dialogs["Dialogs"]\n    node_venv_lib_python3_12_site-packages_PyQt6_Qt6_qml_QtQuick_Dialogs --> node_venv_lib_python3_12_site-packages_PyQt6_Qt6_qml_QtQuick_Dialogs_libqtquickdialogsplugin_dylib["libqtquickdialogsplugin.dylib"]\n    Root --> node_venv["venv"]\n    node_venv --> node_venv_lib["lib"]\n    node_venv_lib --> node_venv_lib_python3_12["python3.12"]\n    node_venv_lib_python3_12 --> node_venv_lib_python3_12_site-packages["site-packages"]\n    node_venv_lib_python3_12_site-packages --> node_venv_lib_python3_12_site-packages_PyQt6["PyQt6"]\n    node_venv_lib_python3_12_site-packages_PyQt6 --> node_venv_lib_python3_12_site-packages_PyQt6_Qt6["Qt6"]\n    node_venv_lib_python3_12_site-packages_PyQt6_Qt6 --> node_venv_lib_python3_12_site-packages_PyQt6_Qt6_qml["qml"]\n    node_venv_lib_python3_12_site-packages_PyQt6_Qt6_qml --> node_venv_lib_python3_12_site-packages_PyQt6_Qt6_qml_QtQuick["QtQuick"]\n    node_venv_lib_python3_12_site-packages_PyQt6_Qt6_qml_QtQuick --> node_venv_lib_python3_12_site-packages_PyQt6_Qt6_qml_QtQuick_Dialogs["Dialogs"]\n    node_venv_lib_python3_12_site-packages_PyQt6_Qt6_qml_QtQuick_Dialogs --> node_venv_lib_python3_12_site-packages_PyQt6_Qt6_qml_QtQuick_Dialogs_plugins_qmltypes["plugins.qmltypes"]\n    Root --> node_venv["venv"]\n    node_venv --> node_venv_lib["lib"]\n    node_venv_lib --> node_venv_lib_python3_12["python3.12"]\n    node_venv_lib_python3_12 --> node_venv_lib_python3_12_site-packages["site-packages"]\n    node_venv_lib_python3_12_site-packages --> node_venv_lib_python3_12_site-packages_PyQt6["PyQt6"]\n    node_venv_lib_python3_12_site-packages_PyQt6 --> node_venv_lib_python3_12_site-packages_PyQt6_Qt6["Qt6"]\n    node_venv_lib_python3_12_site-packages_PyQt6_Qt6 --> node_venv_lib_python3_12_site-packages_PyQt6_Qt6_qml["qml"]\n    node_venv_lib_python3_12_site-packages_PyQt6_Qt6_qml --> node_venv_lib_python3_12_site-packages_PyQt6_Qt6_qml_QtQuick["QtQuick"]\n    node_venv_lib_python3_12_site-packages_PyQt6_Qt6_qml_QtQuick --> node_venv_lib_python3_12_site-packages_PyQt6_Qt6_qml_QtQuick_Dialogs["Dialogs"]\n    node_venv_lib_python3_12_site-packages_PyQt6_Qt6_qml_QtQuick_Dialogs --> node_venv_lib_python3_12_site-packages_PyQt6_Qt6_qml_QtQuick_Dialogs_qmldir["qmldir"]\n    Root --> node_venv["venv"]\n    node_venv --> node_venv_lib["lib"]\n    node_venv_lib --> node_venv_lib_python3_12["python3.12"]\n    node_venv_lib_python3_12 --> node_venv_lib_python3_12_site-packages["site-packages"]\n    node_venv_lib_python3_12_site-packages --> node_venv_lib_python3_12_site-packages_PyQt6["PyQt6"]\n    node_venv_lib_python3_12_site-packages_PyQt6 --> node_venv_lib_python3_12_site-packages_PyQt6_Qt6["Qt6"]\n    node_venv_lib_python3_12_site-packages_PyQt6_Qt6 --> node_venv_lib_python3_12_site-packages_PyQt6_Qt6_qml["qml"]\n    node_venv_lib_python3_12_site-packages_PyQt6_Qt6_qml --> node_venv_lib_python3_12_site-packages_PyQt6_Qt6_qml_QtQuick["QtQuick"]\n    node_venv_lib_python3_12_site-packages_PyQt6_Qt6_qml_QtQuick --> node_venv_lib_python3_12_site-packages_PyQt6_Qt6_qml_QtQuick_Dialogs["Dialogs"]\n    node_venv_lib_python3_12_site-packages_PyQt6_Qt6_qml_QtQuick_Dialogs --> node_venv_lib_python3_12_site-packages_PyQt6_Qt6_qml_QtQuick_Dialogs_quickimpl["quickimpl"]\n    node_venv_lib_python3_12_site-packages_PyQt6_Qt6_qml_QtQuick_Dialogs_quickimpl --> node_venv_lib_python3_12_site-packages_PyQt6_Qt6_qml_QtQuick_Dialogs_quickimpl_libqtquickdialogs2quickimplplugin_dylib["libqtquickdialogs2quickimplplugin.dylib"]\n    Root --> node_venv["venv"]\n    node_venv --> node_venv_lib["lib"]\n    node_venv_lib --> node_venv_lib_python3_12["python3.12"]\n    node_venv_lib_python3_12 --> node_venv_lib_python3_12_site-packages["site-packages"]\n    node_venv_lib_python3_12_site-packages --> node_venv_lib_python3_12_site-packages_PyQt6["PyQt6"]\n    node_venv_lib_python3_12_site-packages_PyQt6 --> node_venv_lib_python3_12_site-packages_PyQt6_Qt6["Qt6"]\n    node_venv_lib_python3_12_site-packages_PyQt6_Qt6 --> node_venv_lib_python3_12_site-packages_PyQt6_Qt6_qml["qml"]\n    node_venv_lib_python3_12_site-packages_PyQt6_Qt6_qml --> node_venv_lib_python3_12_site-packages_PyQt6_Qt6_qml_QtQuick["QtQuick"]\n    node_venv_lib_python3_12_site-packages_PyQt6_Qt6_qml_QtQuick --> node_venv_lib_python3_12_site-packages_PyQt6_Qt6_qml_QtQuick_Dialogs["Dialogs"]\n    node_venv_lib_python3_12_site-packages_PyQt6_Qt6_qml_QtQuick_Dialogs --> node_venv_lib_python3_12_site-packages_PyQt6_Qt6_qml_QtQuick_Dialogs_quickimpl["quickimpl"]\n    node_venv_lib_python3_12_site-packages_PyQt6_Qt6_qml_QtQuick_Dialogs_quickimpl --> node_venv_lib_python3_12_site-packages_PyQt6_Qt6_qml_QtQuick_Dialogs_quickimpl_plugins_qmltypes["plugins.qmltypes"]\n    Root --> node_venv["venv"]\n    node_venv --> node_venv_lib["lib"]\n    node_venv_lib --> node_venv_lib_python3_12["python3.12"]\n    node_venv_lib_python3_12 --> node_venv_lib_python3_12_site-packages["site-packages"]\n    node_venv_lib_python3_12_site-packages --> node_venv_lib_python3_12_site-packages_PyQt6["PyQt6"]\n    node_venv_lib_python3_12_site-packages_PyQt6 --> node_venv_lib_python3_12_site-packages_PyQt6_Qt6["Qt6"]\n    node_venv_lib_python3_12_site-packages_PyQt6_Qt6 --> node_venv_lib_python3_12_site-packages_PyQt6_Qt6_qml["qml"]\n    node_venv_lib_python3_12_site-packages_PyQt6_Qt6_qml --> node_venv_lib_python3_12_site-packages_PyQt6_Qt6_qml_QtQuick["QtQuick"]\n    node_venv_lib_python3_12_site-packages_PyQt6_Qt6_qml_QtQuick --> node_venv_lib_python3_12_site-packages_PyQt6_Qt6_qml_QtQuick_Dialogs["Dialogs"]\n    node_venv_lib_python3_12_site-packages_PyQt6_Qt6_qml_QtQuick_Dialogs --> node_venv_lib_python3_12_site-packages_PyQt6_Qt6_qml_QtQuick_Dialogs_quickimpl["quickimpl"]\n    node_venv_lib_python3_12_site-packages_PyQt6_Qt6_qml_QtQuick_Dialogs_quickimpl --> node_venv_lib_python3_12_site-packages_PyQt6_Qt6_qml_QtQuick_Dialogs_quickimpl_qmldir["qmldir"]\n    Root --> node_venv["venv"]\n    node_venv --> node_venv_lib["lib"]\n    node_venv_lib --> node_venv_lib_python3_12["python3.12"]\n    node_venv_lib_python3_12 --> node_venv_lib_python3_12_site-packages["site-packages"]\n    node_venv_lib_python3_12_site-packages --> node_venv_lib_python3_12_site-packages_PyQt6["PyQt6"]\n    node_venv_lib_python3_12_site-packages_PyQt6 --> node_venv_lib_python3_12_site-packages_PyQt6_Qt6["Qt6"]\n    node_venv_lib_python3_12_site-packages_PyQt6_Qt6 --> node_venv_lib_python3_12_site-packages_PyQt6_Qt6_qml["qml"]\n    node_venv_lib_python3_12_site-packages_PyQt6_Qt6_qml --> node_venv_lib_python3_12_site-packages_PyQt6_Qt6_qml_QtQuick["QtQuick"]\n    node_venv_lib_python3_12_site-packages_PyQt6_Qt6_qml_QtQuick --> node_venv_lib_python3_12_site-packages_PyQt6_Qt6_qml_QtQuick_Dialogs["Dialogs"]\n    node_venv_lib_python3_12_site-packages_PyQt6_Qt6_qml_QtQuick_Dialogs --> node_venv_lib_python3_12_site-packages_PyQt6_Qt6_qml_QtQuick_Dialogs_quickimpl["quickimpl"]\n    node_venv_lib_python3_12_site-packages_PyQt6_Qt6_qml_QtQuick_Dialogs_quickimpl --> node_venv_lib_python3_12_site-packages_PyQt6_Qt6_qml_QtQuick_Dialogs_quickimpl_qml["qml"]\n    node_venv_lib_python3_12_site-packages_PyQt6_Qt6_qml_QtQuick_Dialogs_quickimpl_qml --> node_venv_lib_python3_12_site-packages_PyQt6_Qt6_qml_QtQuick_Dialogs_quickimpl_qml_ColorDialog_qml["ColorDialog.qml"]\n    Root --> node_venv["venv"]\n    node_venv --> node_venv_lib["lib"]\n    node_venv_lib --> node_venv_lib_python3_12["python3.12"]\n    node_venv_lib_python3_12 --> node_venv_lib_python3_12_site-packages["site-packages"]\n    node_venv_lib_python3_12_site-packages --> node_venv_lib_python3_12_site-packages_PyQt6["PyQt6"]\n    node_venv_lib_python3_12_site-packages_PyQt6 --> node_venv_lib_python3_12_site-packages_PyQt6_Qt6["Qt6"]\n    node_venv_lib_python3_12_site-packages_PyQt6_Qt6 --> node_venv_lib_python3_12_site-packages_PyQt6_Qt6_qml["qml"]\n    node_venv_lib_python3_12_site-packages_PyQt6_Qt6_qml --> node_venv_lib_python3_12_site-packages_PyQt6_Qt6_qml_QtQuick["QtQuick"]\n    node_venv_lib_python3_12_site-packages_PyQt6_Qt6_qml_QtQuick --> node_venv_lib_python3_12_site-packages_PyQt6_Qt6_qml_QtQuick_Dialogs["Dialogs"]\n    node_venv_lib_python3_12_site-packages_PyQt6_Qt6_qml_QtQuick_Dialogs --> node_venv_lib_python3_12_site-packages_PyQt6_Qt6_qml_QtQuick_Dialogs_quickimpl["quickimpl"]\n    node_venv_lib_python3_12_site-packages_PyQt6_Qt6_qml_QtQuick_Dialogs_quickimpl --> node_venv_lib_python3_12_site-packages_PyQt6_Qt6_qml_QtQuick_Dialogs_quickimpl_qml["qml"]\n    node_venv_lib_python3_12_site-packages_PyQt6_Qt6_qml_QtQuick_Dialogs_quickimpl_qml --> node_venv_lib_python3_12_site-packages_PyQt6_Qt6_qml_QtQuick_Dialogs_quickimpl_qml_ColorInputs_qml["ColorInputs.qml"]\n    Root --> node_venv["venv"]\n    node_venv --> node_venv_lib["lib"]\n    node_venv_lib --> node_venv_lib_python3_12["python3.12"]\n    node_venv_lib_python3_12 --> node_venv_lib_python3_12_site-packages["site-packages"]\n    node_venv_lib_python3_12_site-packages --> node_venv_lib_python3_12_site-packages_PyQt6["PyQt6"]\n    node_venv_lib_python3_12_site-packages_PyQt6 --> node_venv_lib_python3_12_site-packages_PyQt6_Qt6["Qt6"]\n    node_venv_lib_python3_12_site-packages_PyQt6_Qt6 --> node_venv_lib_python3_12_site-packages_PyQt6_Qt6_qml["qml"]\n    node_venv_lib_python3_12_site-packages_PyQt6_Qt6_qml --> node_venv_lib_python3_12_site-packages_PyQt6_Qt6_qml_QtQuick["QtQuick"]\n    node_venv_lib_python3_12_site-packages_PyQt6_Qt6_qml_QtQuick --> node_venv_lib_python3_12_site-packages_PyQt6_Qt6_qml_QtQuick_Dialogs["Dialogs"]\n    node_venv_lib_python3_12_site-packages_PyQt6_Qt6_qml_QtQuick_Dialogs --> node_venv_lib_python3_12_site-packages_PyQt6_Qt6_qml_QtQuick_Dialogs_quickimpl["quickimpl"]\n    node_venv_lib_python3_12_site-packages_PyQt6_Qt6_qml_QtQuick_Dialogs_quickimpl --> node_venv_lib_python3_12_site-packages_PyQt6_Qt6_qml_QtQuick_Dialogs_quickimpl_qml["qml"]\n    node_venv_lib_python3_12_site-packages_PyQt6_Qt6_qml_QtQuick_Dialogs_quickimpl_qml --> node_venv_lib_python3_12_site-packages_PyQt6_Qt6_qml_QtQuick_Dialogs_quickimpl_qml_FileDialog_qml["FileDialog.qml"]\n    Root --> node_venv["venv"]\n    node_venv --> node_venv_lib["lib"]\n    node_venv_lib --> node_venv_lib_python3_12["python3.12"]\n    node_venv_lib_python3_12 --> node_venv_lib_python3_12_site-packages["site-packages"]\n    node_venv_lib_python3_12_site-packages --> node_venv_lib_python3_12_site-packages_PyQt6["PyQt6"]\n    node_venv_lib_python3_12_site-packages_PyQt6 --> node_venv_lib_python3_12_site-packages_PyQt6_Qt6["Qt6"]\n    node_venv_lib_python3_12_site-packages_PyQt6_Qt6 --> node_venv_lib_python3_12_site-packages_PyQt6_Qt6_qml["qml"]\n    node_venv_lib_python3_12_site-packages_PyQt6_Qt6_qml --> node_venv_lib_python3_12_site-packages_PyQt6_Qt6_qml_QtQuick["QtQuick"]\n    node_venv_lib_python3_12_site-packages_PyQt6_Qt6_qml_QtQuick --> node_venv_lib_python3_12_site-packages_PyQt6_Qt6_qml_QtQuick_Dialogs["Dialogs"]\n    node_venv_lib_python3_12_site-packages_PyQt6_Qt6_qml_QtQuick_Dialogs --> node_venv_lib_python3_12_site-packages_PyQt6_Qt6_qml_QtQuick_Dialogs_quickimpl["quickimpl"]\n    node_venv_lib_python3_12_site-packages_PyQt6_Qt6_qml_QtQuick_Dialogs_quickimpl --> node_venv_lib_python3_12_site-packages_PyQt6_Qt6_qml_QtQuick_Dialogs_quickimpl_qml["qml"]\n    node_venv_lib_python3_12_site-packages_PyQt6_Qt6_qml_QtQuick_Dialogs_quickimpl_qml --> node_venv_lib_python3_12_site-packages_PyQt6_Qt6_qml_QtQuick_Dialogs_quickimpl_qml_FileDialogDelegate_qml["FileDialogDelegate.qml"]\n    Root --> node_venv["venv"]\n    node_venv --> node_venv_lib["lib"]\n    node_venv_lib --> node_venv_lib_python3_12["python3.12"]\n    node_venv_lib_python3_12 --> node_venv_lib_python3_12_site-packages["site-packages"]\n    node_venv_lib_python3_12_site-packages --> node_venv_lib_python3_12_site-packages_PyQt6["PyQt6"]\n    node_venv_lib_python3_12_site-packages_PyQt6 --> node_venv_lib_python3_12_site-packages_PyQt6_Qt6["Qt6"]\n    node_venv_lib_python3_12_site-packages_PyQt6_Qt6 --> node_venv_lib_python3_12_site-packages_PyQt6_Qt6_qml["qml"]\n    node_venv_lib_python3_12_site-packages_PyQt6_Qt6_qml --> node_venv_lib_python3_12_site-packages_PyQt6_Qt6_qml_QtQuick["QtQuick"]\n    node_venv_lib_python3_12_site-packages_PyQt6_Qt6_qml_QtQuick --> node_venv_lib_python3_12_site-packages_PyQt6_Qt6_qml_QtQuick_Dialogs["Dialogs"]\n    node_venv_lib_python3_12_site-packages_PyQt6_Qt6_qml_QtQuick_Dialogs --> node_venv_lib_python3_12_site-packages_PyQt6_Qt6_qml_QtQuick_Dialogs_quickimpl["quickimpl"]\n    node_venv_lib_python3_12_site-packages_PyQt6_Qt6_qml_QtQuick_Dialogs_quickimpl --> node_venv_lib_python3_12_site-packages_PyQt6_Qt6_qml_QtQuick_Dialogs_quickimpl_qml["qml"]\n    node_venv_lib_python3_12_site-packages_PyQt6_Qt6_qml_QtQuick_Dialogs_quickimpl_qml --> node_venv_lib_python3_12_site-packages_PyQt6_Qt6_qml_QtQuick_Dialogs_quickimpl_qml_FileDialogDelegateLabel_qml["FileDialogDelegateLabel.qml"]\n    Root --> node_venv["venv"]\n    node_venv --> node_venv_lib["lib"]\n    node_venv_lib --> node_venv_lib_python3_12["python3.12"]\n    node_venv_lib_python3_12 --> node_venv_lib_python3_12_site-packages["site-packages"]\n    node_venv_lib_python3_12_site-packages --> node_venv_lib_python3_12_site-packages_PyQt6["PyQt6"]\n    node_venv_lib_python3_12_site-packages_PyQt6 --> node_venv_lib_python3_12_site-packages_PyQt6_Qt6["Qt6"]\n    node_venv_lib_python3_12_site-packages_PyQt6_Qt6 --> node_venv_lib_python3_12_site-packages_PyQt6_Qt6_qml["qml"]\n    node_venv_lib_python3_12_site-packages_PyQt6_Qt6_qml --> node_venv_lib_python3_12_site-packages_PyQt6_Qt6_qml_QtQuick["QtQuick"]\n    node_venv_lib_python3_12_site-packages_PyQt6_Qt6_qml_QtQuick --> node_venv_lib_python3_12_site-packages_PyQt6_Qt6_qml_QtQuick_Dialogs["Dialogs"]\n    node_venv_lib_python3_12_site-packages_PyQt6_Qt6_qml_QtQuick_Dialogs --> node_venv_lib_python3_12_site-packages_PyQt6_Qt6_qml_QtQuick_Dialogs_quickimpl["quickimpl"]\n    node_venv_lib_python3_12_site-packages_PyQt6_Qt6_qml_QtQuick_Dialogs_quickimpl --> node_venv_lib_python3_12_site-packages_PyQt6_Qt6_qml_QtQuick_Dialogs_quickimpl_qml["qml"]\n    node_venv_lib_python3_12_site-packages_PyQt6_Qt6_qml_QtQuick_Dialogs_quickimpl_qml --> node_venv_lib_python3_12_site-packages_PyQt6_Qt6_qml_QtQuick_Dialogs_quickimpl_qml_FolderBreadcrumbBar_qml["FolderBreadcrumbBar.qml"]\n    Root --> node_venv["venv"]\n    node_venv --> node_venv_lib["lib"]\n    node_venv_lib --> node_venv_lib_python3_12["python3.12"]\n    node_venv_lib_python3_12 --> node_venv_lib_python3_12_site-packages["site-packages"]\n    node_venv_lib_python3_12_site-packages --> node_venv_lib_python3_12_site-packages_PyQt6["PyQt6"]\n    node_venv_lib_python3_12_site-packages_PyQt6 --> node_venv_lib_python3_12_site-packages_PyQt6_Qt6["Qt6"]\n    node_venv_lib_python3_12_site-packages_PyQt6_Qt6 --> node_venv_lib_python3_12_site-packages_PyQt6_Qt6_qml["qml"]\n    node_venv_lib_python3_12_site-packages_PyQt6_Qt6_qml --> node_venv_lib_python3_12_site-packages_PyQt6_Qt6_qml_QtQuick["QtQuick"]\n    node_venv_lib_python3_12_site-packages_PyQt6_Qt6_qml_QtQuick --> node_venv_lib_python3_12_site-packages_PyQt6_Qt6_qml_QtQuick_Dialogs["Dialogs"]\n    node_venv_lib_python3_12_site-packages_PyQt6_Qt6_qml_QtQuick_Dialogs --> node_venv_lib_python3_12_site-packages_PyQt6_Qt6_qml_QtQuick_Dialogs_quickimpl["quickimpl"]\n    node_venv_lib_python3_12_site-packages_PyQt6_Qt6_qml_QtQuick_Dialogs_quickimpl --> node_venv_lib_python3_12_site-packages_PyQt6_Qt6_qml_QtQuick_Dialogs_quickimpl_qml["qml"]\n    node_venv_lib_python3_12_site-packages_PyQt6_Qt6_qml_QtQuick_Dialogs_quickimpl_qml --> node_venv_lib_python3_12_site-packages_PyQt6_Qt6_qml_QtQuick_Dialogs_quickimpl_qml_FolderDialog_qml["FolderDialog.qml"]\n    Root --> node_venv["venv"]\n    node_venv --> node_venv_lib["lib"]\n    node_venv_lib --> node_venv_lib_python3_12["python3.12"]\n    node_venv_lib_python3_12 --> node_venv_lib_python3_12_site-packages["site-packages"]\n    node_venv_lib_python3_12_site-packages --> node_venv_lib_python3_12_site-packages_PyQt6["PyQt6"]\n    node_venv_lib_python3_12_site-packages_PyQt6 --> node_venv_lib_python3_12_site-packages_PyQt6_Qt6["Qt6"]\n    node_venv_lib_python3_12_site-packages_PyQt6_Qt6 --> node_venv_lib_python3_12_site-packages_PyQt6_Qt6_qml["qml"]\n    node_venv_lib_python3_12_site-packages_PyQt6_Qt6_qml --> node_venv_lib_python3_12_site-packages_PyQt6_Qt6_qml_QtQuick["QtQuick"]\n    node_venv_lib_python3_12_site-packages_PyQt6_Qt6_qml_QtQuick --> node_venv_lib_python3_12_site-packages_PyQt6_Qt6_qml_QtQuick_Dialogs["Dialogs"]\n    node_venv_lib_python3_12_site-packages_PyQt6_Qt6_qml_QtQuick_Dialogs --> node_venv_lib_python3_12_site-packages_PyQt6_Qt6_qml_QtQuick_Dialogs_quickimpl["quickimpl"]\n    node_venv_lib_python3_12_site-packages_PyQt6_Qt6_qml_QtQuick_Dialogs_quickimpl --> node_venv_lib_python3_12_site-packages_PyQt6_Qt6_qml_QtQuick_Dialogs_quickimpl_qml["qml"]\n    node_venv_lib_python3_12_site-packages_PyQt6_Qt6_qml_QtQuick_Dialogs_quickimpl_qml --> node_venv_lib_python3_12_site-packages_PyQt6_Qt6_qml_QtQuick_Dialogs_quickimpl_qml_FolderDialogDelegate_qml["FolderDialogDelegate.qml"]\n    Root --> node_venv["venv"]\n    node_venv --> node_venv_lib["lib"]\n    node_venv_lib --> node_venv_lib_python3_12["python3.12"]\n    node_venv_lib_python3_12 --> node_venv_lib_python3_12_site-packages["site-packages"]\n    node_venv_lib_python3_12_site-packages --> node_venv_lib_python3_12_site-packages_PyQt6["PyQt6"]\n    node_venv_lib_python3_12_site-packages_PyQt6 --> node_venv_lib_python3_12_site-packages_PyQt6_Qt6["Qt6"]\n    node_venv_lib_python3_12_site-packages_PyQt6_Qt6 --> node_venv_lib_python3_12_site-packages_PyQt6_Qt6_qml["qml"]\n    node_venv_lib_python3_12_site-packages_PyQt6_Qt6_qml --> node_venv_lib_python3_12_site-packages_PyQt6_Qt6_qml_QtQuick["QtQuick"]\n    node_venv_lib_python3_12_site-packages_PyQt6_Qt6_qml_QtQuick --> node_venv_lib_python3_12_site-packages_PyQt6_Qt6_qml_QtQuick_Dialogs["Dialogs"]\n    node_venv_lib_python3_12_site-packages_PyQt6_Qt6_qml_QtQuick_Dialogs --> node_venv_lib_python3_12_site-packages_PyQt6_Qt6_qml_QtQuick_Dialogs_quickimpl["quickimpl"]\n    node_venv_lib_python3_12_site-packages_PyQt6_Qt6_qml_QtQuick_Dialogs_quickimpl --> node_venv_lib_python3_12_site-packages_PyQt6_Qt6_qml_QtQuick_Dialogs_quickimpl_qml["qml"]\n    node_venv_lib_python3_12_site-packages_PyQt6_Qt6_qml_QtQuick_Dialogs_quickimpl_qml --> node_venv_lib_python3_12_site-packages_PyQt6_Qt6_qml_QtQuick_Dialogs_quickimpl_qml_FolderDialogDelegateLabel_qml["FolderDialogDelegateLabel.qml"]\n    Root --> node_venv["venv"]\n    node_venv --> node_venv_lib["lib"]\n    node_venv_lib --> node_venv_lib_python3_12["python3.12"]\n    node_venv_lib_python3_12 --> node_venv_lib_python3_12_site-packages["site-packages"]\n    node_venv_lib_python3_12_site-packages --> node_venv_lib_python3_12_site-packages_PyQt6["PyQt6"]\n    node_venv_lib_python3_12_site-packages_PyQt6 --> node_venv_lib_python3_12_site-packages_PyQt6_Qt6["Qt6"]\n    node_venv_lib_python3_12_site-packages_PyQt6_Qt6 --> node_venv_lib_python3_12_site-packages_PyQt6_Qt6_qml["qml"]\n    node_venv_lib_python3_12_site-packages_PyQt6_Qt6_qml --> node_venv_lib_python3_12_site-packages_PyQt6_Qt6_qml_QtQuick["QtQuick"]\n    node_venv_lib_python3_12_site-packages_PyQt6_Qt6_qml_QtQuick --> node_venv_lib_python3_12_site-packages_PyQt6_Qt6_qml_QtQuick_Dialogs["Dialogs"]\n    node_venv_lib_python3_12_site-packages_PyQt6_Qt6_qml_QtQuick_Dialogs --> node_venv_lib_python3_12_site-packages_PyQt6_Qt6_qml_QtQuick_Dialogs_quickimpl["quickimpl"]\n    node_venv_lib_python3_12_site-packages_PyQt6_Qt6_qml_QtQuick_Dialogs_quickimpl --> node_venv_lib_python3_12_site-packages_PyQt6_Qt6_qml_QtQuick_Dialogs_quickimpl_qml["qml"]\n    node_venv_lib_python3_12_site-packages_PyQt6_Qt6_qml_QtQuick_Dialogs_quickimpl_qml --> node_venv_lib_python3_12_site-packages_PyQt6_Qt6_qml_QtQuick_Dialogs_quickimpl_qml_FontDialog_qml["FontDialog.qml"]\n    Root --> node_venv["venv"]\n    node_venv --> node_venv_lib["lib"]\n    node_venv_lib --> node_venv_lib_python3_12["python3.12"]\n    node_venv_lib_python3_12 --> node_venv_lib_python3_12_site-packages["site-packages"]\n    node_venv_lib_python3_12_site-packages --> node_venv_lib_python3_12_site-packages_PyQt6["PyQt6"]\n    node_venv_lib_python3_12_site-packages_PyQt6 --> node_venv_lib_python3_12_site-packages_PyQt6_Qt6["Qt6"]\n    node_venv_lib_python3_12_site-packages_PyQt6_Qt6 --> node_venv_lib_python3_12_site-packages_PyQt6_Qt6_qml["qml"]\n    node_venv_lib_python3_12_site-packages_PyQt6_Qt6_qml --> node_venv_lib_python3_12_site-packages_PyQt6_Qt6_qml_QtQuick["QtQuick"]\n    node_venv_lib_python3_12_site-packages_PyQt6_Qt6_qml_QtQuick --> node_venv_lib_python3_12_site-packages_PyQt6_Qt6_qml_QtQuick_Dialogs["Dialogs"]\n    node_venv_lib_python3_12_site-packages_PyQt6_Qt6_qml_QtQuick_Dialogs --> node_venv_lib_python3_12_site-packages_PyQt6_Qt6_qml_QtQuick_Dialogs_quickimpl["quickimpl"]\n    node_venv_lib_python3_12_site-packages_PyQt6_Qt6_qml_QtQuick_Dialogs_quickimpl --> node_venv_lib_python3_12_site-packages_PyQt6_Qt6_qml_QtQuick_Dialogs_quickimpl_qml["qml"]\n    node_venv_lib_python3_12_site-packages_PyQt6_Qt6_qml_QtQuick_Dialogs_quickimpl_qml --> node_venv_lib_python3_12_site-packages_PyQt6_Qt6_qml_QtQuick_Dialogs_quickimpl_qml_FontDialogContent_qml["FontDialogContent.qml"]\n    Root --> node_venv["venv"]\n    node_venv --> node_venv_lib["lib"]\n    node_venv_lib --> node_venv_lib_python3_12["python3.12"]\n    node_venv_lib_python3_12 --> node_venv_lib_python3_12_site-packages["site-packages"]\n    node_venv_lib_python3_12_site-packages --> node_venv_lib_python3_12_site-packages_PyQt6["PyQt6"]\n    node_venv_lib_python3_12_site-packages_PyQt6 --> node_venv_lib_python3_12_site-packages_PyQt6_Qt6["Qt6"]\n    node_venv_lib_python3_12_site-packages_PyQt6_Qt6 --> node_venv_lib_python3_12_site-packages_PyQt6_Qt6_qml["qml"]\n    node_venv_lib_python3_12_site-packages_PyQt6_Qt6_qml --> node_venv_lib_python3_12_site-packages_PyQt6_Qt6_qml_QtQuick["QtQuick"]\n    node_venv_lib_python3_12_site-packages_PyQt6_Qt6_qml_QtQuick --> node_venv_lib_python3_12_site-packages_PyQt6_Qt6_qml_QtQuick_Dialogs["Dialogs"]\n    node_venv_lib_python3_12_site-packages_PyQt6_Qt6_qml_QtQuick_Dialogs --> node_venv_lib_python3_12_site-packages_PyQt6_Qt6_qml_QtQuick_Dialogs_quickimpl["quickimpl"]\n    node_venv_lib_python3_12_site-packages_PyQt6_Qt6_qml_QtQuick_Dialogs_quickimpl --> node_venv_lib_python3_12_site-packages_PyQt6_Qt6_qml_QtQuick_Dialogs_quickimpl_qml["qml"]\n    node_venv_lib_python3_12_site-packages_PyQt6_Qt6_qml_QtQuick_Dialogs_quickimpl_qml --> node_venv_lib_python3_12_site-packages_PyQt6_Qt6_qml_QtQuick_Dialogs_quickimpl_qml_HueGradient_qml["HueGradient.qml"]\n    Root --> node_venv["venv"]\n    node_venv --> node_venv_lib["lib"]\n    node_venv_lib --> node_venv_lib_python3_12["python3.12"]\n    node_venv_lib_python3_12 --> node_venv_lib_python3_12_site-packages["site-packages"]\n    node_venv_lib_python3_12_site-packages --> node_venv_lib_python3_12_site-packages_PyQt6["PyQt6"]\n    node_venv_lib_python3_12_site-packages_PyQt6 --> node_venv_lib_python3_12_site-packages_PyQt6_Qt6["Qt6"]\n    node_venv_lib_python3_12_site-packages_PyQt6_Qt6 --> node_venv_lib_python3_12_site-packages_PyQt6_Qt6_qml["qml"]\n    node_venv_lib_python3_12_site-packages_PyQt6_Qt6_qml --> node_venv_lib_python3_12_site-packages_PyQt6_Qt6_qml_QtQuick["QtQuick"]\n    node_venv_lib_python3_12_site-packages_PyQt6_Qt6_qml_QtQuick --> node_venv_lib_python3_12_site-packages_PyQt6_Qt6_qml_QtQuick_Dialogs["Dialogs"]\n    node_venv_lib_python3_12_site-packages_PyQt6_Qt6_qml_QtQuick_Dialogs --> node_venv_lib_python3_12_site-packages_PyQt6_Qt6_qml_QtQuick_Dialogs_quickimpl["quickimpl"]\n    node_venv_lib_python3_12_site-packages_PyQt6_Qt6_qml_QtQuick_Dialogs_quickimpl --> node_venv_lib_python3_12_site-packages_PyQt6_Qt6_qml_QtQuick_Dialogs_quickimpl_qml["qml"]\n    node_venv_lib_python3_12_site-packages_PyQt6_Qt6_qml_QtQuick_Dialogs_quickimpl_qml --> node_venv_lib_python3_12_site-packages_PyQt6_Qt6_qml_QtQuick_Dialogs_quickimpl_qml_MessageDialog_qml["MessageDialog.qml"]\n    Root --> node_venv["venv"]\n    node_venv --> node_venv_lib["lib"]\n    node_venv_lib --> node_venv_lib_python3_12["python3.12"]\n    node_venv_lib_python3_12 --> node_venv_lib_python3_12_site-packages["site-packages"]\n    node_venv_lib_python3_12_site-packages --> node_venv_lib_python3_12_site-packages_PyQt6["PyQt6"]\n    node_venv_lib_python3_12_site-packages_PyQt6 --> node_venv_lib_python3_12_site-packages_PyQt6_Qt6["Qt6"]\n    node_venv_lib_python3_12_site-packages_PyQt6_Qt6 --> node_venv_lib_python3_12_site-packages_PyQt6_Qt6_qml["qml"]\n    node_venv_lib_python3_12_site-packages_PyQt6_Qt6_qml --> node_venv_lib_python3_12_site-packages_PyQt6_Qt6_qml_QtQuick["QtQuick"]\n    node_venv_lib_python3_12_site-packages_PyQt6_Qt6_qml_QtQuick --> node_venv_lib_python3_12_site-packages_PyQt6_Qt6_qml_QtQuick_Dialogs["Dialogs"]\n    node_venv_lib_python3_12_site-packages_PyQt6_Qt6_qml_QtQuick_Dialogs --> node_venv_lib_python3_12_site-packages_PyQt6_Qt6_qml_QtQuick_Dialogs_quickimpl["quickimpl"]\n    node_venv_lib_python3_12_site-packages_PyQt6_Qt6_qml_QtQuick_Dialogs_quickimpl --> node_venv_lib_python3_12_site-packages_PyQt6_Qt6_qml_QtQuick_Dialogs_quickimpl_qml["qml"]\n    node_venv_lib_python3_12_site-packages_PyQt6_Qt6_qml_QtQuick_Dialogs_quickimpl_qml --> node_venv_lib_python3_12_site-packages_PyQt6_Qt6_qml_QtQuick_Dialogs_quickimpl_qml_PickerHandle_qml["PickerHandle.qml"]\n    Root --> node_venv["venv"]\n    node_venv --> node_venv_lib["lib"]\n    node_venv_lib --> node_venv_lib_python3_12["python3.12"]\n    node_venv_lib_python3_12 --> node_venv_lib_python3_12_site-packages["site-packages"]\n    node_venv_lib_python3_12_site-packages --> node_venv_lib_python3_12_site-packages_PyQt6["PyQt6"]\n    node_venv_lib_python3_12_site-packages_PyQt6 --> node_venv_lib_python3_12_site-packages_PyQt6_Qt6["Qt6"]\n    node_venv_lib_python3_12_site-packages_PyQt6_Qt6 --> node_venv_lib_python3_12_site-packages_PyQt6_Qt6_qml["qml"]\n    node_venv_lib_python3_12_site-packages_PyQt6_Qt6_qml --> node_venv_lib_python3_12_site-packages_PyQt6_Qt6_qml_QtQuick["QtQuick"]\n    node_venv_lib_python3_12_site-packages_PyQt6_Qt6_qml_QtQuick --> node_venv_lib_python3_12_site-packages_PyQt6_Qt6_qml_QtQuick_Dialogs["Dialogs"]\n    node_venv_lib_python3_12_site-packages_PyQt6_Qt6_qml_QtQuick_Dialogs --> node_venv_lib_python3_12_site-packages_PyQt6_Qt6_qml_QtQuick_Dialogs_quickimpl["quickimpl"]\n    node_venv_lib_python3_12_site-packages_PyQt6_Qt6_qml_QtQuick_Dialogs_quickimpl --> node_venv_lib_python3_12_site-packages_PyQt6_Qt6_qml_QtQuick_Dialogs_quickimpl_qml["qml"]\n    node_venv_lib_python3_12_site-packages_PyQt6_Qt6_qml_QtQuick_Dialogs_quickimpl_qml --> node_venv_lib_python3_12_site-packages_PyQt6_Qt6_qml_QtQuick_Dialogs_quickimpl_qml_SaturationLightnessPicker_qml["SaturationLightnessPicker.qml"]\n    Root --> node_venv["venv"]\n    node_venv --> node_venv_lib["lib"]\n    node_venv_lib --> node_venv_lib_python3_12["python3.12"]\n    node_venv_lib_python3_12 --> node_venv_lib_python3_12_site-packages["site-packages"]\n    node_venv_lib_python3_12_site-packages --> node_venv_lib_python3_12_site-packages_PyQt6["PyQt6"]\n    node_venv_lib_python3_12_site-packages_PyQt6 --> node_venv_lib_python3_12_site-packages_PyQt6_Qt6["Qt6"]\n    node_venv_lib_python3_12_site-packages_PyQt6_Qt6 --> node_venv_lib_python3_12_site-packages_PyQt6_Qt6_qml["qml"]\n    node_venv_lib_python3_12_site-packages_PyQt6_Qt6_qml --> node_venv_lib_python3_12_site-packages_PyQt6_Qt6_qml_QtQuick["QtQuick"]\n    node_venv_lib_python3_12_site-packages_PyQt6_Qt6_qml_QtQuick --> node_venv_lib_python3_12_site-packages_PyQt6_Qt6_qml_QtQuick_Dialogs["Dialogs"]\n    node_venv_lib_python3_12_site-packages_PyQt6_Qt6_qml_QtQuick_Dialogs --> node_venv_lib_python3_12_site-packages_PyQt6_Qt6_qml_QtQuick_Dialogs_quickimpl["quickimpl"]\n    node_venv_lib_python3_12_site-packages_PyQt6_Qt6_qml_QtQuick_Dialogs_quickimpl --> node_venv_lib_python3_12_site-packages_PyQt6_Qt6_qml_QtQuick_Dialogs_quickimpl_qml["qml"]\n    node_venv_lib_python3_12_site-packages_PyQt6_Qt6_qml_QtQuick_Dialogs_quickimpl_qml --> node_venv_lib_python3_12_site-packages_PyQt6_Qt6_qml_QtQuick_Dialogs_quickimpl_qml_SideBar_qml["SideBar.qml"]\n    Root --> node_venv["venv"]\n    node_venv --> node_venv_lib["lib"]\n    node_venv_lib --> node_venv_lib_python3_12["python3.12"]\n    node_venv_lib_python3_12 --> node_venv_lib_python3_12_site-packages["site-packages"]\n    node_venv_lib_python3_12_site-packages --> node_venv_lib_python3_12_site-packages_PyQt6["PyQt6"]\n    node_venv_lib_python3_12_site-packages_PyQt6 --> node_venv_lib_python3_12_site-packages_PyQt6_Qt6["Qt6"]\n    node_venv_lib_python3_12_site-packages_PyQt6_Qt6 --> node_venv_lib_python3_12_site-packages_PyQt6_Qt6_qml["qml"]\n    node_venv_lib_python3_12_site-packages_PyQt6_Qt6_qml --> node_venv_lib_python3_12_site-packages_PyQt6_Qt6_qml_QtQuick["QtQuick"]\n    node_venv_lib_python3_12_site-packages_PyQt6_Qt6_qml_QtQuick --> node_venv_lib_python3_12_site-packages_PyQt6_Qt6_qml_QtQuick_Dialogs["Dialogs"]\n    node_venv_lib_python3_12_site-packages_PyQt6_Qt6_qml_QtQuick_Dialogs --> node_venv_lib_python3_12_site-packages_PyQt6_Qt6_qml_QtQuick_Dialogs_quickimpl["quickimpl"]\n    node_venv_lib_python3_12_site-packages_PyQt6_Qt6_qml_QtQuick_Dialogs_quickimpl --> node_venv_lib_python3_12_site-packages_PyQt6_Qt6_qml_QtQuick_Dialogs_quickimpl_qml["qml"]\n    node_venv_lib_python3_12_site-packages_PyQt6_Qt6_qml_QtQuick_Dialogs_quickimpl_qml --> node_venv_lib_python3_12_site-packages_PyQt6_Qt6_qml_QtQuick_Dialogs_quickimpl_qml_+Imagine["+Imagine"]\n    node_venv_lib_python3_12_site-packages_PyQt6_Qt6_qml_QtQuick_Dialogs_quickimpl_qml_+Imagine --> node_venv_lib_python3_12_site-packages_PyQt6_Qt6_qml_QtQuick_Dialogs_quickimpl_qml_+Imagine_ColorDialog_qml["ColorDialog.qml"]\n    Root --> node_venv["venv"]\n    node_venv --> node_venv_lib["lib"]\n    node_venv_lib --> node_venv_lib_python3_12["python3.12"]\n    node_venv_lib_python3_12 --> node_venv_lib_python3_12_site-packages["site-packages"]\n    node_venv_lib_python3_12_site-packages --> node_venv_lib_python3_12_site-packages_PyQt6["PyQt6"]\n    node_venv_lib_python3_12_site-packages_PyQt6 --> node_venv_lib_python3_12_site-packages_PyQt6_Qt6["Qt6"]\n    node_venv_lib_python3_12_site-packages_PyQt6_Qt6 --> node_venv_lib_python3_12_site-packages_PyQt6_Qt6_qml["qml"]\n    node_venv_lib_python3_12_site-packages_PyQt6_Qt6_qml --> node_venv_lib_python3_12_site-packages_PyQt6_Qt6_qml_QtQuick["QtQuick"]\n    node_venv_lib_python3_12_site-packages_PyQt6_Qt6_qml_QtQuick --> node_venv_lib_python3_12_site-packages_PyQt6_Qt6_qml_QtQuick_Dialogs["Dialogs"]\n    node_venv_lib_python3_12_site-packages_PyQt6_Qt6_qml_QtQuick_Dialogs --> node_venv_lib_python3_12_site-packages_PyQt6_Qt6_qml_QtQuick_Dialogs_quickimpl["quickimpl"]\n    node_venv_lib_python3_12_site-packages_PyQt6_Qt6_qml_QtQuick_Dialogs_quickimpl --> node_venv_lib_python3_12_site-packages_PyQt6_Qt6_qml_QtQuick_Dialogs_quickimpl_qml["qml"]\n    node_venv_lib_python3_12_site-packages_PyQt6_Qt6_qml_QtQuick_Dialogs_quickimpl_qml --> node_venv_lib_python3_12_site-packages_PyQt6_Qt6_qml_QtQuick_Dialogs_quickimpl_qml_+Imagine["+Imagine"]\n    node_venv_lib_python3_12_site-packages_PyQt6_Qt6_qml_QtQuick_Dialogs_quickimpl_qml_+Imagine --> node_venv_lib_python3_12_site-packages_PyQt6_Qt6_qml_QtQuick_Dialogs_quickimpl_qml_+Imagine_ColorInputs_qml["ColorInputs.qml"]\n    Root --> node_venv["venv"]\n    node_venv --> node_venv_lib["lib"]\n    node_venv_lib --> node_venv_lib_python3_12["python3.12"]\n    node_venv_lib_python3_12 --> node_venv_lib_python3_12_site-packages["site-packages"]\n    node_venv_lib_python3_12_site-packages --> node_venv_lib_python3_12_site-packages_PyQt6["PyQt6"]\n    node_venv_lib_python3_12_site-packages_PyQt6 --> node_venv_lib_python3_12_site-packages_PyQt6_Qt6["Qt6"]\n    node_venv_lib_python3_12_site-packages_PyQt6_Qt6 --> node_venv_lib_python3_12_site-packages_PyQt6_Qt6_qml["qml"]\n    node_venv_lib_python3_12_site-packages_PyQt6_Qt6_qml --> node_venv_lib_python3_12_site-packages_PyQt6_Qt6_qml_QtQuick["QtQuick"]\n    node_venv_lib_python3_12_site-packages_PyQt6_Qt6_qml_QtQuick --> node_venv_lib_python3_12_site-packages_PyQt6_Qt6_qml_QtQuick_Dialogs["Dialogs"]\n    node_venv_lib_python3_12_site-packages_PyQt6_Qt6_qml_QtQuick_Dialogs --> node_venv_lib_python3_12_site-packages_PyQt6_Qt6_qml_QtQuick_Dialogs_quickimpl["quickimpl"]\n    node_venv_lib_python3_12_site-packages_PyQt6_Qt6_qml_QtQuick_Dialogs_quickimpl --> node_venv_lib_python3_12_site-packages_PyQt6_Qt6_qml_QtQuick_Dialogs_quickimpl_qml["qml"]\n    node_venv_lib_python3_12_site-packages_PyQt6_Qt6_qml_QtQuick_Dialogs_quickimpl_qml --> node_venv_lib_python3_12_site-packages_PyQt6_Qt6_qml_QtQuick_Dialogs_quickimpl_qml_+Imagine["+Imagine"]\n    node_venv_lib_python3_12_site-packages_PyQt6_Qt6_qml_QtQuick_Dialogs_quickimpl_qml_+Imagine --> node_venv_lib_python3_12_site-packages_PyQt6_Qt6_qml_QtQuick_Dialogs_quickimpl_qml_+Imagine_FileDialog_qml["FileDialog.qml"]\n    Root --> node_venv["venv"]\n    node_venv --> node_venv_lib["lib"]\n    node_venv_lib --> node_venv_lib_python3_12["python3.12"]\n    node_venv_lib_python3_12 --> node_venv_lib_python3_12_site-packages["site-packages"]\n    node_venv_lib_python3_12_site-packages --> node_venv_lib_python3_12_site-packages_PyQt6["PyQt6"]\n    node_venv_lib_python3_12_site-packages_PyQt6 --> node_venv_lib_python3_12_site-packages_PyQt6_Qt6["Qt6"]\n    node_venv_lib_python3_12_site-packages_PyQt6_Qt6 --> node_venv_lib_python3_12_site-packages_PyQt6_Qt6_qml["qml"]\n    node_venv_lib_python3_12_site-packages_PyQt6_Qt6_qml --> node_venv_lib_python3_12_site-packages_PyQt6_Qt6_qml_QtQuick["QtQuick"]\n    node_venv_lib_python3_12_site-packages_PyQt6_Qt6_qml_QtQuick --> node_venv_lib_python3_12_site-packages_PyQt6_Qt6_qml_QtQuick_Dialogs["Dialogs"]\n    node_venv_lib_python3_12_site-packages_PyQt6_Qt6_qml_QtQuick_Dialogs --> node_venv_lib_python3_12_site-packages_PyQt6_Qt6_qml_QtQuick_Dialogs_quickimpl["quickimpl"]\n    node_venv_lib_python3_12_site-packages_PyQt6_Qt6_qml_QtQuick_Dialogs_quickimpl --> node_venv_lib_python3_12_site-packages_PyQt6_Qt6_qml_QtQuick_Dialogs_quickimpl_qml["qml"]\n    node_venv_lib_python3_12_site-packages_PyQt6_Qt6_qml_QtQuick_Dialogs_quickimpl_qml --> node_venv_lib_python3_12_site-packages_PyQt6_Qt6_qml_QtQuick_Dialogs_quickimpl_qml_+Imagine["+Imagine"]\n    node_venv_lib_python3_12_site-packages_PyQt6_Qt6_qml_QtQuick_Dialogs_quickimpl_qml_+Imagine --> node_venv_lib_python3_12_site-packages_PyQt6_Qt6_qml_QtQuick_Dialogs_quickimpl_qml_+Imagine_FileDialogDelegate_qml["FileDialogDelegate.qml"]\n    Root --> node_venv["venv"]\n    node_venv --> node_venv_lib["lib"]\n    node_venv_lib --> node_venv_lib_python3_12["python3.12"]\n    node_venv_lib_python3_12 --> node_venv_lib_python3_12_site-packages["site-packages"]\n    node_venv_lib_python3_12_site-packages --> node_venv_lib_python3_12_site-packages_PyQt6["PyQt6"]\n    node_venv_lib_python3_12_site-packages_PyQt6 --> node_venv_lib_python3_12_site-packages_PyQt6_Qt6["Qt6"]\n    node_venv_lib_python3_12_site-packages_PyQt6_Qt6 --> node_venv_lib_python3_12_site-packages_PyQt6_Qt6_qml["qml"]\n    node_venv_lib_python3_12_site-packages_PyQt6_Qt6_qml --> node_venv_lib_python3_12_site-packages_PyQt6_Qt6_qml_QtQuick["QtQuick"]\n    node_venv_lib_python3_12_site-packages_PyQt6_Qt6_qml_QtQuick --> node_venv_lib_python3_12_site-packages_PyQt6_Qt6_qml_QtQuick_Dialogs["Dialogs"]\n    node_venv_lib_python3_12_site-packages_PyQt6_Qt6_qml_QtQuick_Dialogs --> node_venv_lib_python3_12_site-packages_PyQt6_Qt6_qml_QtQuick_Dialogs_quickimpl["quickimpl"]\n    node_venv_lib_python3_12_site-packages_PyQt6_Qt6_qml_QtQuick_Dialogs_quickimpl --> node_venv_lib_python3_12_site-packages_PyQt6_Qt6_qml_QtQuick_Dialogs_quickimpl_qml["qml"]\n    node_venv_lib_python3_12_site-packages_PyQt6_Qt6_qml_QtQuick_Dialogs_quickimpl_qml --> node_venv_lib_python3_12_site-packages_PyQt6_Qt6_qml_QtQuick_Dialogs_quickimpl_qml_+Imagine["+Imagine"]\n    node_venv_lib_python3_12_site-packages_PyQt6_Qt6_qml_QtQuick_Dialogs_quickimpl_qml_+Imagine --> node_venv_lib_python3_12_site-packages_PyQt6_Qt6_qml_QtQuick_Dialogs_quickimpl_qml_+Imagine_FolderBreadcrumbBar_qml["FolderBreadcrumbBar.qml"]\n    Root --> node_venv["venv"]\n    node_venv --> node_venv_lib["lib"]\n    node_venv_lib --> node_venv_lib_python3_12["python3.12"]\n    node_venv_lib_python3_12 --> node_venv_lib_python3_12_site-packages["site-packages"]\n    node_venv_lib_python3_12_site-packages --> node_venv_lib_python3_12_site-packages_PyQt6["PyQt6"]\n    node_venv_lib_python3_12_site-packages_PyQt6 --> node_venv_lib_python3_12_site-packages_PyQt6_Qt6["Qt6"]\n    node_venv_lib_python3_12_site-packages_PyQt6_Qt6 --> node_venv_lib_python3_12_site-packages_PyQt6_Qt6_qml["qml"]\n    node_venv_lib_python3_12_site-packages_PyQt6_Qt6_qml --> node_venv_lib_python3_12_site-packages_PyQt6_Qt6_qml_QtQuick["QtQuick"]\n    node_venv_lib_python3_12_site-packages_PyQt6_Qt6_qml_QtQuick --> node_venv_lib_python3_12_site-packages_PyQt6_Qt6_qml_QtQuick_Dialogs["Dialogs"]\n    node_venv_lib_python3_12_site-packages_PyQt6_Qt6_qml_QtQuick_Dialogs --> node_venv_lib_python3_12_site-packages_PyQt6_Qt6_qml_QtQuick_Dialogs_quickimpl["quickimpl"]\n    node_venv_lib_python3_12_site-packages_PyQt6_Qt6_qml_QtQuick_Dialogs_quickimpl --> node_venv_lib_python3_12_site-packages_PyQt6_Qt6_qml_QtQuick_Dialogs_quickimpl_qml["qml"]\n    node_venv_lib_python3_12_site-packages_PyQt6_Qt6_qml_QtQuick_Dialogs_quickimpl_qml --> node_venv_lib_python3_12_site-packages_PyQt6_Qt6_qml_QtQuick_Dialogs_quickimpl_qml_+Imagine["+Imagine"]\n    node_venv_lib_python3_12_site-packages_PyQt6_Qt6_qml_QtQuick_Dialogs_quickimpl_qml_+Imagine --> node_venv_lib_python3_12_site-packages_PyQt6_Qt6_qml_QtQuick_Dialogs_quickimpl_qml_+Imagine_FolderDialog_qml["FolderDialog.qml"]\n    Root --> node_venv["venv"]\n    node_venv --> node_venv_lib["lib"]\n    node_venv_lib --> node_venv_lib_python3_12["python3.12"]\n    node_venv_lib_python3_12 --> node_venv_lib_python3_12_site-packages["site-packages"]\n    node_venv_lib_python3_12_site-packages --> node_venv_lib_python3_12_site-packages_PyQt6["PyQt6"]\n    node_venv_lib_python3_12_site-packages_PyQt6 --> node_venv_lib_python3_12_site-packages_PyQt6_Qt6["Qt6"]\n    node_venv_lib_python3_12_site-packages_PyQt6_Qt6 --> node_venv_lib_python3_12_site-packages_PyQt6_Qt6_qml["qml"]\n    node_venv_lib_python3_12_site-packages_PyQt6_Qt6_qml --> node_venv_lib_python3_12_site-packages_PyQt6_Qt6_qml_QtQuick["QtQuick"]\n    node_venv_lib_python3_12_site-packages_PyQt6_Qt6_qml_QtQuick --> node_venv_lib_python3_12_site-packages_PyQt6_Qt6_qml_QtQuick_Dialogs["Dialogs"]\n    node_venv_lib_python3_12_site-packages_PyQt6_Qt6_qml_QtQuick_Dialogs --> node_venv_lib_python3_12_site-packages_PyQt6_Qt6_qml_QtQuick_Dialogs_quickimpl["quickimpl"]\n    node_venv_lib_python3_12_site-packages_PyQt6_Qt6_qml_QtQuick_Dialogs_quickimpl --> node_venv_lib_python3_12_site-packages_PyQt6_Qt6_qml_QtQuick_Dialogs_quickimpl_qml["qml"]\n    node_venv_lib_python3_12_site-packages_PyQt6_Qt6_qml_QtQuick_Dialogs_quickimpl_qml --> node_venv_lib_python3_12_site-packages_PyQt6_Qt6_qml_QtQuick_Dialogs_quickimpl_qml_+Imagine["+Imagine"]\n    node_venv_lib_python3_12_site-packages_PyQt6_Qt6_qml_QtQuick_Dialogs_quickimpl_qml_+Imagine --> node_venv_lib_python3_12_site-packages_PyQt6_Qt6_qml_QtQuick_Dialogs_quickimpl_qml_+Imagine_FolderDialogDelegate_qml["FolderDialogDelegate.qml"]\n    Root --> node_venv["venv"]\n    node_venv --> node_venv_lib["lib"]\n    node_venv_lib --> node_venv_lib_python3_12["python3.12"]\n    node_venv_lib_python3_12 --> node_venv_lib_python3_12_site-packages["site-packages"]\n    node_venv_lib_python3_12_site-packages --> node_venv_lib_python3_12_site-packages_PyQt6["PyQt6"]\n    node_venv_lib_python3_12_site-packages_PyQt6 --> node_venv_lib_python3_12_site-packages_PyQt6_Qt6["Qt6"]\n    node_venv_lib_python3_12_site-packages_PyQt6_Qt6 --> node_venv_lib_python3_12_site-packages_PyQt6_Qt6_qml["qml"]\n    node_venv_lib_python3_12_site-packages_PyQt6_Qt6_qml --> node_venv_lib_python3_12_site-packages_PyQt6_Qt6_qml_QtQuick["QtQuick"]\n    node_venv_lib_python3_12_site-packages_PyQt6_Qt6_qml_QtQuick --> node_venv_lib_python3_12_site-packages_PyQt6_Qt6_qml_QtQuick_Dialogs["Dialogs"]\n    node_venv_lib_python3_12_site-packages_PyQt6_Qt6_qml_QtQuick_Dialogs --> node_venv_lib_python3_12_site-packages_PyQt6_Qt6_qml_QtQuick_Dialogs_quickimpl["quickimpl"]\n    node_venv_lib_python3_12_site-packages_PyQt6_Qt6_qml_QtQuick_Dialogs_quickimpl --> node_venv_lib_python3_12_site-packages_PyQt6_Qt6_qml_QtQuick_Dialogs_quickimpl_qml["qml"]\n    node_venv_lib_python3_12_site-packages_PyQt6_Qt6_qml_QtQuick_Dialogs_quickimpl_qml --> node_venv_lib_python3_12_site-packages_PyQt6_Qt6_qml_QtQuick_Dialogs_quickimpl_qml_+Imagine["+Imagine"]\n    node_venv_lib_python3_12_site-packages_PyQt6_Qt6_qml_QtQuick_Dialogs_quickimpl_qml_+Imagine --> node_venv_lib_python3_12_site-packages_PyQt6_Qt6_qml_QtQuick_Dialogs_quickimpl_qml_+Imagine_FontDialog_qml["FontDialog.qml"]\n    Root --> node_venv["venv"]\n    node_venv --> node_venv_lib["lib"]\n    node_venv_lib --> node_venv_lib_python3_12["python3.12"]\n    node_venv_lib_python3_12 --> node_venv_lib_python3_12_site-packages["site-packages"]\n    node_venv_lib_python3_12_site-packages --> node_venv_lib_python3_12_site-packages_PyQt6["PyQt6"]\n    node_venv_lib_python3_12_site-packages_PyQt6 --> node_venv_lib_python3_12_site-packages_PyQt6_Qt6["Qt6"]\n    node_venv_lib_python3_12_site-packages_PyQt6_Qt6 --> node_venv_lib_python3_12_site-packages_PyQt6_Qt6_qml["qml"]\n    node_venv_lib_python3_12_site-packages_PyQt6_Qt6_qml --> node_venv_lib_python3_12_site-packages_PyQt6_Qt6_qml_QtQuick["QtQuick"]\n    node_venv_lib_python3_12_site-packages_PyQt6_Qt6_qml_QtQuick --> node_venv_lib_python3_12_site-packages_PyQt6_Qt6_qml_QtQuick_Dialogs["Dialogs"]\n    node_venv_lib_python3_12_site-packages_PyQt6_Qt6_qml_QtQuick_Dialogs --> node_venv_lib_python3_12_site-packages_PyQt6_Qt6_qml_QtQuick_Dialogs_quickimpl["quickimpl"]\n    node_venv_lib_python3_12_site-packages_PyQt6_Qt6_qml_QtQuick_Dialogs_quickimpl --> node_venv_lib_python3_12_site-packages_PyQt6_Qt6_qml_QtQuick_Dialogs_quickimpl_qml["qml"]\n    node_venv_lib_python3_12_site-packages_PyQt6_Qt6_qml_QtQuick_Dialogs_quickimpl_qml --> node_venv_lib_python3_12_site-packages_PyQt6_Qt6_qml_QtQuick_Dialogs_quickimpl_qml_+Imagine["+Imagine"]\n    node_venv_lib_python3_12_site-packages_PyQt6_Qt6_qml_QtQuick_Dialogs_quickimpl_qml_+Imagine --> node_venv_lib_python3_12_site-packages_PyQt6_Qt6_qml_QtQuick_Dialogs_quickimpl_qml_+Imagine_MessageDialog_qml["MessageDialog.qml"]\n    Root --> node_venv["venv"]\n    node_venv --> node_venv_lib["lib"]\n    node_venv_lib --> node_venv_lib_python3_12["python3.12"]\n    node_venv_lib_python3_12 --> node_venv_lib_python3_12_site-packages["site-packages"]\n    node_venv_lib_python3_12_site-packages --> node_venv_lib_python3_12_site-packages_PyQt6["PyQt6"]\n    node_venv_lib_python3_12_site-packages_PyQt6 --> node_venv_lib_python3_12_site-packages_PyQt6_Qt6["Qt6"]\n    node_venv_lib_python3_12_site-packages_PyQt6_Qt6 --> node_venv_lib_python3_12_site-packages_PyQt6_Qt6_qml["qml"]\n    node_venv_lib_python3_12_site-packages_PyQt6_Qt6_qml --> node_venv_lib_python3_12_site-packages_PyQt6_Qt6_qml_QtQuick["QtQuick"]\n    node_venv_lib_python3_12_site-packages_PyQt6_Qt6_qml_QtQuick --> node_venv_lib_python3_12_site-packages_PyQt6_Qt6_qml_QtQuick_Dialogs["Dialogs"]\n    node_venv_lib_python3_12_site-packages_PyQt6_Qt6_qml_QtQuick_Dialogs --> node_venv_lib_python3_12_site-packages_PyQt6_Qt6_qml_QtQuick_Dialogs_quickimpl["quickimpl"]\n    node_venv_lib_python3_12_site-packages_PyQt6_Qt6_qml_QtQuick_Dialogs_quickimpl --> node_venv_lib_python3_12_site-packages_PyQt6_Qt6_qml_QtQuick_Dialogs_quickimpl_qml["qml"]\n    node_venv_lib_python3_12_site-packages_PyQt6_Qt6_qml_QtQuick_Dialogs_quickimpl_qml --> node_venv_lib_python3_12_site-packages_PyQt6_Qt6_qml_QtQuick_Dialogs_quickimpl_qml_+Imagine["+Imagine"]\n    node_venv_lib_python3_12_site-packages_PyQt6_Qt6_qml_QtQuick_Dialogs_quickimpl_qml_+Imagine --> node_venv_lib_python3_12_site-packages_PyQt6_Qt6_qml_QtQuick_Dialogs_quickimpl_qml_+Imagine_SideBar_qml["SideBar.qml"]\n    Root --> node_venv["venv"]\n    node_venv --> node_venv_lib["lib"]\n    node_venv_lib --> node_venv_lib_python3_12["python3.12"]\n    node_venv_lib_python3_12 --> node_venv_lib_python3_12_site-packages["site-packages"]\n    node_venv_lib_python3_12_site-packages --> node_venv_lib_python3_12_site-packages_PyQt6["PyQt6"]\n    node_venv_lib_python3_12_site-packages_PyQt6 --> node_venv_lib_python3_12_site-packages_PyQt6_Qt6["Qt6"]\n    node_venv_lib_python3_12_site-packages_PyQt6_Qt6 --> node_venv_lib_python3_12_site-packages_PyQt6_Qt6_qml["qml"]\n    node_venv_lib_python3_12_site-packages_PyQt6_Qt6_qml --> node_venv_lib_python3_12_site-packages_PyQt6_Qt6_qml_QtQuick["QtQuick"]\n    node_venv_lib_python3_12_site-packages_PyQt6_Qt6_qml_QtQuick --> node_venv_lib_python3_12_site-packages_PyQt6_Qt6_qml_QtQuick_Dialogs["Dialogs"]\n    node_venv_lib_python3_12_site-packages_PyQt6_Qt6_qml_QtQuick_Dialogs --> node_venv_lib_python3_12_site-packages_PyQt6_Qt6_qml_QtQuick_Dialogs_quickimpl["quickimpl"]\n    node_venv_lib_python3_12_site-packages_PyQt6_Qt6_qml_QtQuick_Dialogs_quickimpl --> node_venv_lib_python3_12_site-packages_PyQt6_Qt6_qml_QtQuick_Dialogs_quickimpl_qml["qml"]\n    node_venv_lib_python3_12_site-packages_PyQt6_Qt6_qml_QtQuick_Dialogs_quickimpl_qml --> node_venv_lib_python3_12_site-packages_PyQt6_Qt6_qml_QtQuick_Dialogs_quickimpl_qml_+Fusion["+Fusion"]\n    node_venv_lib_python3_12_site-packages_PyQt6_Qt6_qml_QtQuick_Dialogs_quickimpl_qml_+Fusion --> node_venv_lib_python3_12_site-packages_PyQt6_Qt6_qml_QtQuick_Dialogs_quickimpl_qml_+Fusion_ColorDialog_qml["ColorDialog.qml"]\n    Root --> node_venv["venv"]\n    node_venv --> node_venv_lib["lib"]\n    node_venv_lib --> node_venv_lib_python3_12["python3.12"]\n    node_venv_lib_python3_12 --> node_venv_lib_python3_12_site-packages["site-packages"]\n    node_venv_lib_python3_12_site-packages --> node_venv_lib_python3_12_site-packages_PyQt6["PyQt6"]\n    node_venv_lib_python3_12_site-packages_PyQt6 --> node_venv_lib_python3_12_site-packages_PyQt6_Qt6["Qt6"]\n    node_venv_lib_python3_12_site-packages_PyQt6_Qt6 --> node_venv_lib_python3_12_site-packages_PyQt6_Qt6_qml["qml"]\n    node_venv_lib_python3_12_site-packages_PyQt6_Qt6_qml --> node_venv_lib_python3_12_site-packages_PyQt6_Qt6_qml_QtQuick["QtQuick"]\n    node_venv_lib_python3_12_site-packages_PyQt6_Qt6_qml_QtQuick --> node_venv_lib_python3_12_site-packages_PyQt6_Qt6_qml_QtQuick_Dialogs["Dialogs"]\n    node_venv_lib_python3_12_site-packages_PyQt6_Qt6_qml_QtQuick_Dialogs --> node_venv_lib_python3_12_site-packages_PyQt6_Qt6_qml_QtQuick_Dialogs_quickimpl["quickimpl"]\n    node_venv_lib_python3_12_site-packages_PyQt6_Qt6_qml_QtQuick_Dialogs_quickimpl --> node_venv_lib_python3_12_site-packages_PyQt6_Qt6_qml_QtQuick_Dialogs_quickimpl_qml["qml"]\n    node_venv_lib_python3_12_site-packages_PyQt6_Qt6_qml_QtQuick_Dialogs_quickimpl_qml --> node_venv_lib_python3_12_site-packages_PyQt6_Qt6_qml_QtQuick_Dialogs_quickimpl_qml_+Fusion["+Fusion"]\n    node_venv_lib_python3_12_site-packages_PyQt6_Qt6_qml_QtQuick_Dialogs_quickimpl_qml_+Fusion --> node_venv_lib_python3_12_site-packages_PyQt6_Qt6_qml_QtQuick_Dialogs_quickimpl_qml_+Fusion_ColorInputs_qml["ColorInputs.qml"]\n    Root --> node_venv["venv"]\n    node_venv --> node_venv_lib["lib"]\n    node_venv_lib --> node_venv_lib_python3_12["python3.12"]\n    node_venv_lib_python3_12 --> node_venv_lib_python3_12_site-packages["site-packages"]\n    node_venv_lib_python3_12_site-packages --> node_venv_lib_python3_12_site-packages_PyQt6["PyQt6"]\n    node_venv_lib_python3_12_site-packages_PyQt6 --> node_venv_lib_python3_12_site-packages_PyQt6_Qt6["Qt6"]\n    node_venv_lib_python3_12_site-packages_PyQt6_Qt6 --> node_venv_lib_python3_12_site-packages_PyQt6_Qt6_qml["qml"]\n    node_venv_lib_python3_12_site-packages_PyQt6_Qt6_qml --> node_venv_lib_python3_12_site-packages_PyQt6_Qt6_qml_QtQuick["QtQuick"]\n    node_venv_lib_python3_12_site-packages_PyQt6_Qt6_qml_QtQuick --> node_venv_lib_python3_12_site-packages_PyQt6_Qt6_qml_QtQuick_Dialogs["Dialogs"]\n    node_venv_lib_python3_12_site-packages_PyQt6_Qt6_qml_QtQuick_Dialogs --> node_venv_lib_python3_12_site-packages_PyQt6_Qt6_qml_QtQuick_Dialogs_quickimpl["quickimpl"]\n    node_venv_lib_python3_12_site-packages_PyQt6_Qt6_qml_QtQuick_Dialogs_quickimpl --> node_venv_lib_python3_12_site-packages_PyQt6_Qt6_qml_QtQuick_Dialogs_quickimpl_qml["qml"]\n    node_venv_lib_python3_12_site-packages_PyQt6_Qt6_qml_QtQuick_Dialogs_quickimpl_qml --> node_venv_lib_python3_12_site-packages_PyQt6_Qt6_qml_QtQuick_Dialogs_quickimpl_qml_+Fusion["+Fusion"]\n    node_venv_lib_python3_12_site-packages_PyQt6_Qt6_qml_QtQuick_Dialogs_quickimpl_qml_+Fusion --> node_venv_lib_python3_12_site-packages_PyQt6_Qt6_qml_QtQuick_Dialogs_quickimpl_qml_+Fusion_FileDialog_qml["FileDialog.qml"]\n    Root --> node_venv["venv"]\n    node_venv --> node_venv_lib["lib"]\n    node_venv_lib --> node_venv_lib_python3_12["python3.12"]\n    node_venv_lib_python3_12 --> node_venv_lib_python3_12_site-packages["site-packages"]\n    node_venv_lib_python3_12_site-packages --> node_venv_lib_python3_12_site-packages_PyQt6["PyQt6"]\n    node_venv_lib_python3_12_site-packages_PyQt6 --> node_venv_lib_python3_12_site-packages_PyQt6_Qt6["Qt6"]\n    node_venv_lib_python3_12_site-packages_PyQt6_Qt6 --> node_venv_lib_python3_12_site-packages_PyQt6_Qt6_qml["qml"]\n    node_venv_lib_python3_12_site-packages_PyQt6_Qt6_qml --> node_venv_lib_python3_12_site-packages_PyQt6_Qt6_qml_QtQuick["QtQuick"]\n    node_venv_lib_python3_12_site-packages_PyQt6_Qt6_qml_QtQuick --> node_venv_lib_python3_12_site-packages_PyQt6_Qt6_qml_QtQuick_Dialogs["Dialogs"]\n    node_venv_lib_python3_12_site-packages_PyQt6_Qt6_qml_QtQuick_Dialogs --> node_venv_lib_python3_12_site-packages_PyQt6_Qt6_qml_QtQuick_Dialogs_quickimpl["quickimpl"]\n    node_venv_lib_python3_12_site-packages_PyQt6_Qt6_qml_QtQuick_Dialogs_quickimpl --> node_venv_lib_python3_12_site-packages_PyQt6_Qt6_qml_QtQuick_Dialogs_quickimpl_qml["qml"]\n    node_venv_lib_python3_12_site-packages_PyQt6_Qt6_qml_QtQuick_Dialogs_quickimpl_qml --> node_venv_lib_python3_12_site-packages_PyQt6_Qt6_qml_QtQuick_Dialogs_quickimpl_qml_+Fusion["+Fusion"]\n    node_venv_lib_python3_12_site-packages_PyQt6_Qt6_qml_QtQuick_Dialogs_quickimpl_qml_+Fusion --> node_venv_lib_python3_12_site-packages_PyQt6_Qt6_qml_QtQuick_Dialogs_quickimpl_qml_+Fusion_FileDialogDelegate_qml["FileDialogDelegate.qml"]\n    Root --> node_venv["venv"]\n    node_venv --> node_venv_lib["lib"]\n    node_venv_lib --> node_venv_lib_python3_12["python3.12"]\n    node_venv_lib_python3_12 --> node_venv_lib_python3_12_site-packages["site-packages"]\n    node_venv_lib_python3_12_site-packages --> node_venv_lib_python3_12_site-packages_PyQt6["PyQt6"]\n    node_venv_lib_python3_12_site-packages_PyQt6 --> node_venv_lib_python3_12_site-packages_PyQt6_Qt6["Qt6"]\n    node_venv_lib_python3_12_site-packages_PyQt6_Qt6 --> node_venv_lib_python3_12_site-packages_PyQt6_Qt6_qml["qml"]\n    node_venv_lib_python3_12_site-packages_PyQt6_Qt6_qml --> node_venv_lib_python3_12_site-packages_PyQt6_Qt6_qml_QtQuick["QtQuick"]\n    node_venv_lib_python3_12_site-packages_PyQt6_Qt6_qml_QtQuick --> node_venv_lib_python3_12_site-packages_PyQt6_Qt6_qml_QtQuick_Dialogs["Dialogs"]\n    node_venv_lib_python3_12_site-packages_PyQt6_Qt6_qml_QtQuick_Dialogs --> node_venv_lib_python3_12_site-packages_PyQt6_Qt6_qml_QtQuick_Dialogs_quickimpl["quickimpl"]\n    node_venv_lib_python3_12_site-packages_PyQt6_Qt6_qml_QtQuick_Dialogs_quickimpl --> node_venv_lib_python3_12_site-packages_PyQt6_Qt6_qml_QtQuick_Dialogs_quickimpl_qml["qml"]\n    node_venv_lib_python3_12_site-packages_PyQt6_Qt6_qml_QtQuick_Dialogs_quickimpl_qml --> node_venv_lib_python3_12_site-packages_PyQt6_Qt6_qml_QtQuick_Dialogs_quickimpl_qml_+Fusion["+Fusion"]\n    node_venv_lib_python3_12_site-packages_PyQt6_Qt6_qml_QtQuick_Dialogs_quickimpl_qml_+Fusion --> node_venv_lib_python3_12_site-packages_PyQt6_Qt6_qml_QtQuick_Dialogs_quickimpl_qml_+Fusion_FolderBreadcrumbBar_qml["FolderBreadcrumbBar.qml"]\n    Root --> node_venv["venv"]\n    node_venv --> node_venv_lib["lib"]\n    node_venv_lib --> node_venv_lib_python3_12["python3.12"]\n    node_venv_lib_python3_12 --> node_venv_lib_python3_12_site-packages["site-packages"]\n    node_venv_lib_python3_12_site-packages --> node_venv_lib_python3_12_site-packages_PyQt6["PyQt6"]\n    node_venv_lib_python3_12_site-packages_PyQt6 --> node_venv_lib_python3_12_site-packages_PyQt6_Qt6["Qt6"]\n    node_venv_lib_python3_12_site-packages_PyQt6_Qt6 --> node_venv_lib_python3_12_site-packages_PyQt6_Qt6_qml["qml"]\n    node_venv_lib_python3_12_site-packages_PyQt6_Qt6_qml --> node_venv_lib_python3_12_site-packages_PyQt6_Qt6_qml_QtQuick["QtQuick"]\n    node_venv_lib_python3_12_site-packages_PyQt6_Qt6_qml_QtQuick --> node_venv_lib_python3_12_site-packages_PyQt6_Qt6_qml_QtQuick_Dialogs["Dialogs"]\n    node_venv_lib_python3_12_site-packages_PyQt6_Qt6_qml_QtQuick_Dialogs --> node_venv_lib_python3_12_site-packages_PyQt6_Qt6_qml_QtQuick_Dialogs_quickimpl["quickimpl"]\n    node_venv_lib_python3_12_site-packages_PyQt6_Qt6_qml_QtQuick_Dialogs_quickimpl --> node_venv_lib_python3_12_site-packages_PyQt6_Qt6_qml_QtQuick_Dialogs_quickimpl_qml["qml"]\n    node_venv_lib_python3_12_site-packages_PyQt6_Qt6_qml_QtQuick_Dialogs_quickimpl_qml --> node_venv_lib_python3_12_site-packages_PyQt6_Qt6_qml_QtQuick_Dialogs_quickimpl_qml_+Fusion["+Fusion"]\n    node_venv_lib_python3_12_site-packages_PyQt6_Qt6_qml_QtQuick_Dialogs_quickimpl_qml_+Fusion --> node_venv_lib_python3_12_site-packages_PyQt6_Qt6_qml_QtQuick_Dialogs_quickimpl_qml_+Fusion_FolderDialog_qml["FolderDialog.qml"]\n    Root --> node_venv["venv"]\n    node_venv --> node_venv_lib["lib"]\n    node_venv_lib --> node_venv_lib_python3_12["python3.12"]\n    node_venv_lib_python3_12 --> node_venv_lib_python3_12_site-packages["site-packages"]\n    node_venv_lib_python3_12_site-packages --> node_venv_lib_python3_12_site-packages_PyQt6["PyQt6"]\n    node_venv_lib_python3_12_site-packages_PyQt6 --> node_venv_lib_python3_12_site-packages_PyQt6_Qt6["Qt6"]\n    node_venv_lib_python3_12_site-packages_PyQt6_Qt6 --> node_venv_lib_python3_12_site-packages_PyQt6_Qt6_qml["qml"]\n    node_venv_lib_python3_12_site-packages_PyQt6_Qt6_qml --> node_venv_lib_python3_12_site-packages_PyQt6_Qt6_qml_QtQuick["QtQuick"]\n    node_venv_lib_python3_12_site-packages_PyQt6_Qt6_qml_QtQuick --> node_venv_lib_python3_12_site-packages_PyQt6_Qt6_qml_QtQuick_Dialogs["Dialogs"]\n    node_venv_lib_python3_12_site-packages_PyQt6_Qt6_qml_QtQuick_Dialogs --> node_venv_lib_python3_12_site-packages_PyQt6_Qt6_qml_QtQuick_Dialogs_quickimpl["quickimpl"]\n    node_venv_lib_python3_12_site-packages_PyQt6_Qt6_qml_QtQuick_Dialogs_quickimpl --> node_venv_lib_python3_12_site-packages_PyQt6_Qt6_qml_QtQuick_Dialogs_quickimpl_qml["qml"]\n    node_venv_lib_python3_12_site-packages_PyQt6_Qt6_qml_QtQuick_Dialogs_quickimpl_qml --> node_venv_lib_python3_12_site-packages_PyQt6_Qt6_qml_QtQuick_Dialogs_quickimpl_qml_+Fusion["+Fusion"]\n    node_venv_lib_python3_12_site-packages_PyQt6_Qt6_qml_QtQuick_Dialogs_quickimpl_qml_+Fusion --> node_venv_lib_python3_12_site-packages_PyQt6_Qt6_qml_QtQuick_Dialogs_quickimpl_qml_+Fusion_FolderDialogDelegate_qml["FolderDialogDelegate.qml"]\n    Root --> node_venv["venv"]\n    node_venv --> node_venv_lib["lib"]\n    node_venv_lib --> node_venv_lib_python3_12["python3.12"]\n    node_venv_lib_python3_12 --> node_venv_lib_python3_12_site-packages["site-packages"]\n    node_venv_lib_python3_12_site-packages --> node_venv_lib_python3_12_site-packages_PyQt6["PyQt6"]\n    node_venv_lib_python3_12_site-packages_PyQt6 --> node_venv_lib_python3_12_site-packages_PyQt6_Qt6["Qt6"]\n    node_venv_lib_python3_12_site-packages_PyQt6_Qt6 --> node_venv_lib_python3_12_site-packages_PyQt6_Qt6_qml["qml"]\n    node_venv_lib_python3_12_site-packages_PyQt6_Qt6_qml --> node_venv_lib_python3_12_site-packages_PyQt6_Qt6_qml_QtQuick["QtQuick"]\n    node_venv_lib_python3_12_site-packages_PyQt6_Qt6_qml_QtQuick --> node_venv_lib_python3_12_site-packages_PyQt6_Qt6_qml_QtQuick_Dialogs["Dialogs"]\n    node_venv_lib_python3_12_site-packages_PyQt6_Qt6_qml_QtQuick_Dialogs --> node_venv_lib_python3_12_site-packages_PyQt6_Qt6_qml_QtQuick_Dialogs_quickimpl["quickimpl"]\n    node_venv_lib_python3_12_site-packages_PyQt6_Qt6_qml_QtQuick_Dialogs_quickimpl --> node_venv_lib_python3_12_site-packages_PyQt6_Qt6_qml_QtQuick_Dialogs_quickimpl_qml["qml"]\n    node_venv_lib_python3_12_site-packages_PyQt6_Qt6_qml_QtQuick_Dialogs_quickimpl_qml --> node_venv_lib_python3_12_site-packages_PyQt6_Qt6_qml_QtQuick_Dialogs_quickimpl_qml_+Fusion["+Fusion"]\n    node_venv_lib_python3_12_site-packages_PyQt6_Qt6_qml_QtQuick_Dialogs_quickimpl_qml_+Fusion --> node_venv_lib_python3_12_site-packages_PyQt6_Qt6_qml_QtQuick_Dialogs_quickimpl_qml_+Fusion_FontDialog_qml["FontDialog.qml"]\n    Root --> node_venv["venv"]\n    node_venv --> node_venv_lib["lib"]\n    node_venv_lib --> node_venv_lib_python3_12["python3.12"]\n    node_venv_lib_python3_12 --> node_venv_lib_python3_12_site-packages["site-packages"]\n    node_venv_lib_python3_12_site-packages --> node_venv_lib_python3_12_site-packages_PyQt6["PyQt6"]\n    node_venv_lib_python3_12_site-packages_PyQt6 --> node_venv_lib_python3_12_site-packages_PyQt6_Qt6["Qt6"]\n    node_venv_lib_python3_12_site-packages_PyQt6_Qt6 --> node_venv_lib_python3_12_site-packages_PyQt6_Qt6_qml["qml"]\n    node_venv_lib_python3_12_site-packages_PyQt6_Qt6_qml --> node_venv_lib_python3_12_site-packages_PyQt6_Qt6_qml_QtQuick["QtQuick"]\n    node_venv_lib_python3_12_site-packages_PyQt6_Qt6_qml_QtQuick --> node_venv_lib_python3_12_site-packages_PyQt6_Qt6_qml_QtQuick_Dialogs["Dialogs"]\n    node_venv_lib_python3_12_site-packages_PyQt6_Qt6_qml_QtQuick_Dialogs --> node_venv_lib_python3_12_site-packages_PyQt6_Qt6_qml_QtQuick_Dialogs_quickimpl["quickimpl"]\n    node_venv_lib_python3_12_site-packages_PyQt6_Qt6_qml_QtQuick_Dialogs_quickimpl --> node_venv_lib_python3_12_site-packages_PyQt6_Qt6_qml_QtQuick_Dialogs_quickimpl_qml["qml"]\n    node_venv_lib_python3_12_site-packages_PyQt6_Qt6_qml_QtQuick_Dialogs_quickimpl_qml --> node_venv_lib_python3_12_site-packages_PyQt6_Qt6_qml_QtQuick_Dialogs_quickimpl_qml_+Fusion["+Fusion"]\n    node_venv_lib_python3_12_site-packages_PyQt6_Qt6_qml_QtQuick_Dialogs_quickimpl_qml_+Fusion --> node_venv_lib_python3_12_site-packages_PyQt6_Qt6_qml_QtQuick_Dialogs_quickimpl_qml_+Fusion_MessageDialog_qml["MessageDialog.qml"]\n    Root --> node_venv["venv"]\n    node_venv --> node_venv_lib["lib"]\n    node_venv_lib --> node_venv_lib_python3_12["python3.12"]\n    node_venv_lib_python3_12 --> node_venv_lib_python3_12_site-packages["site-packages"]\n    node_venv_lib_python3_12_site-packages --> node_venv_lib_python3_12_site-packages_PyQt6["PyQt6"]\n    node_venv_lib_python3_12_site-packages_PyQt6 --> node_venv_lib_python3_12_site-packages_PyQt6_Qt6["Qt6"]\n    node_venv_lib_python3_12_site-packages_PyQt6_Qt6 --> node_venv_lib_python3_12_site-packages_PyQt6_Qt6_qml["qml"]\n    node_venv_lib_python3_12_site-packages_PyQt6_Qt6_qml --> node_venv_lib_python3_12_site-packages_PyQt6_Qt6_qml_QtQuick["QtQuick"]\n    node_venv_lib_python3_12_site-packages_PyQt6_Qt6_qml_QtQuick --> node_venv_lib_python3_12_site-packages_PyQt6_Qt6_qml_QtQuick_Dialogs["Dialogs"]\n    node_venv_lib_python3_12_site-packages_PyQt6_Qt6_qml_QtQuick_Dialogs --> node_venv_lib_python3_12_site-packages_PyQt6_Qt6_qml_QtQuick_Dialogs_quickimpl["quickimpl"]\n    node_venv_lib_python3_12_site-packages_PyQt6_Qt6_qml_QtQuick_Dialogs_quickimpl --> node_venv_lib_python3_12_site-packages_PyQt6_Qt6_qml_QtQuick_Dialogs_quickimpl_qml["qml"]\n    node_venv_lib_python3_12_site-packages_PyQt6_Qt6_qml_QtQuick_Dialogs_quickimpl_qml --> node_venv_lib_python3_12_site-packages_PyQt6_Qt6_qml_QtQuick_Dialogs_quickimpl_qml_+Fusion["+Fusion"]\n    node_venv_lib_python3_12_site-packages_PyQt6_Qt6_qml_QtQuick_Dialogs_quickimpl_qml_+Fusion --> node_venv_lib_python3_12_site-packages_PyQt6_Qt6_qml_QtQuick_Dialogs_quickimpl_qml_+Fusion_SideBar_qml["SideBar.qml"]\n    Root --> node_venv["venv"]\n    node_venv --> node_venv_lib["lib"]\n    node_venv_lib --> node_venv_lib_python3_12["python3.12"]\n    node_venv_lib_python3_12 --> node_venv_lib_python3_12_site-packages["site-packages"]\n    node_venv_lib_python3_12_site-packages --> node_venv_lib_python3_12_site-packages_PyQt6["PyQt6"]\n    node_venv_lib_python3_12_site-packages_PyQt6 --> node_venv_lib_python3_12_site-packages_PyQt6_Qt6["Qt6"]\n    node_venv_lib_python3_12_site-packages_PyQt6_Qt6 --> node_venv_lib_python3_12_site-packages_PyQt6_Qt6_qml["qml"]\n    node_venv_lib_python3_12_site-packages_PyQt6_Qt6_qml --> node_venv_lib_python3_12_site-packages_PyQt6_Qt6_qml_QtQuick["QtQuick"]\n    node_venv_lib_python3_12_site-packages_PyQt6_Qt6_qml_QtQuick --> node_venv_lib_python3_12_site-packages_PyQt6_Qt6_qml_QtQuick_Dialogs["Dialogs"]\n    node_venv_lib_python3_12_site-packages_PyQt6_Qt6_qml_QtQuick_Dialogs --> node_venv_lib_python3_12_site-packages_PyQt6_Qt6_qml_QtQuick_Dialogs_quickimpl["quickimpl"]\n    node_venv_lib_python3_12_site-packages_PyQt6_Qt6_qml_QtQuick_Dialogs_quickimpl --> node_venv_lib_python3_12_site-packages_PyQt6_Qt6_qml_QtQuick_Dialogs_quickimpl_qml["qml"]\n    node_venv_lib_python3_12_site-packages_PyQt6_Qt6_qml_QtQuick_Dialogs_quickimpl_qml --> node_venv_lib_python3_12_site-packages_PyQt6_Qt6_qml_QtQuick_Dialogs_quickimpl_qml_+Universal["+Universal"]\n    node_venv_lib_python3_12_site-packages_PyQt6_Qt6_qml_QtQuick_Dialogs_quickimpl_qml_+Universal --> node_venv_lib_python3_12_site-packages_PyQt6_Qt6_qml_QtQuick_Dialogs_quickimpl_qml_+Universal_ColorDialog_qml["ColorDialog.qml"]\n    Root --> node_venv["venv"]\n    node_venv --> node_venv_lib["lib"]\n    node_venv_lib --> node_venv_lib_python3_12["python3.12"]\n    node_venv_lib_python3_12 --> node_venv_lib_python3_12_site-packages["site-packages"]\n    node_venv_lib_python3_12_site-packages --> node_venv_lib_python3_12_site-packages_PyQt6["PyQt6"]\n    node_venv_lib_python3_12_site-packages_PyQt6 --> node_venv_lib_python3_12_site-packages_PyQt6_Qt6["Qt6"]\n    node_venv_lib_python3_12_site-packages_PyQt6_Qt6 --> node_venv_lib_python3_12_site-packages_PyQt6_Qt6_qml["qml"]\n    node_venv_lib_python3_12_site-packages_PyQt6_Qt6_qml --> node_venv_lib_python3_12_site-packages_PyQt6_Qt6_qml_QtQuick["QtQuick"]\n    node_venv_lib_python3_12_site-packages_PyQt6_Qt6_qml_QtQuick --> node_venv_lib_python3_12_site-packages_PyQt6_Qt6_qml_QtQuick_Dialogs["Dialogs"]\n    node_venv_lib_python3_12_site-packages_PyQt6_Qt6_qml_QtQuick_Dialogs --> node_venv_lib_python3_12_site-packages_PyQt6_Qt6_qml_QtQuick_Dialogs_quickimpl["quickimpl"]\n    node_venv_lib_python3_12_site-packages_PyQt6_Qt6_qml_QtQuick_Dialogs_quickimpl --> node_venv_lib_python3_12_site-packages_PyQt6_Qt6_qml_QtQuick_Dialogs_quickimpl_qml["qml"]\n    node_venv_lib_python3_12_site-packages_PyQt6_Qt6_qml_QtQuick_Dialogs_quickimpl_qml --> node_venv_lib_python3_12_site-packages_PyQt6_Qt6_qml_QtQuick_Dialogs_quickimpl_qml_+Universal["+Universal"]\n    node_venv_lib_python3_12_site-packages_PyQt6_Qt6_qml_QtQuick_Dialogs_quickimpl_qml_+Universal --> node_venv_lib_python3_12_site-packages_PyQt6_Qt6_qml_QtQuick_Dialogs_quickimpl_qml_+Universal_ColorInputs_qml["ColorInputs.qml"]\n    Root --> node_venv["venv"]\n    node_venv --> node_venv_lib["lib"]\n    node_venv_lib --> node_venv_lib_python3_12["python3.12"]\n    node_venv_lib_python3_12 --> node_venv_lib_python3_12_site-packages["site-packages"]\n    node_venv_lib_python3_12_site-packages --> node_venv_lib_python3_12_site-packages_PyQt6["PyQt6"]\n    node_venv_lib_python3_12_site-packages_PyQt6 --> node_venv_lib_python3_12_site-packages_PyQt6_Qt6["Qt6"]\n    node_venv_lib_python3_12_site-packages_PyQt6_Qt6 --> node_venv_lib_python3_12_site-packages_PyQt6_Qt6_qml["qml"]\n    node_venv_lib_python3_12_site-packages_PyQt6_Qt6_qml --> node_venv_lib_python3_12_site-packages_PyQt6_Qt6_qml_QtQuick["QtQuick"]\n    node_venv_lib_python3_12_site-packages_PyQt6_Qt6_qml_QtQuick --> node_venv_lib_python3_12_site-packages_PyQt6_Qt6_qml_QtQuick_Dialogs["Dialogs"]\n    node_venv_lib_python3_12_site-packages_PyQt6_Qt6_qml_QtQuick_Dialogs --> node_venv_lib_python3_12_site-packages_PyQt6_Qt6_qml_QtQuick_Dialogs_quickimpl["quickimpl"]\n    node_venv_lib_python3_12_site-packages_PyQt6_Qt6_qml_QtQuick_Dialogs_quickimpl --> node_venv_lib_python3_12_site-packages_PyQt6_Qt6_qml_QtQuick_Dialogs_quickimpl_qml["qml"]\n    node_venv_lib_python3_12_site-packages_PyQt6_Qt6_qml_QtQuick_Dialogs_quickimpl_qml --> node_venv_lib_python3_12_site-packages_PyQt6_Qt6_qml_QtQuick_Dialogs_quickimpl_qml_+Universal["+Universal"]\n    node_venv_lib_python3_12_site-packages_PyQt6_Qt6_qml_QtQuick_Dialogs_quickimpl_qml_+Universal --> node_venv_lib_python3_12_site-packages_PyQt6_Qt6_qml_QtQuick_Dialogs_quickimpl_qml_+Universal_FileDialog_qml["FileDialog.qml"]\n    Root --> node_venv["venv"]\n    node_venv --> node_venv_lib["lib"]\n    node_venv_lib --> node_venv_lib_python3_12["python3.12"]\n    node_venv_lib_python3_12 --> node_venv_lib_python3_12_site-packages["site-packages"]\n    node_venv_lib_python3_12_site-packages --> node_venv_lib_python3_12_site-packages_PyQt6["PyQt6"]\n    node_venv_lib_python3_12_site-packages_PyQt6 --> node_venv_lib_python3_12_site-packages_PyQt6_Qt6["Qt6"]\n    node_venv_lib_python3_12_site-packages_PyQt6_Qt6 --> node_venv_lib_python3_12_site-packages_PyQt6_Qt6_qml["qml"]\n    node_venv_lib_python3_12_site-packages_PyQt6_Qt6_qml --> node_venv_lib_python3_12_site-packages_PyQt6_Qt6_qml_QtQuick["QtQuick"]\n    node_venv_lib_python3_12_site-packages_PyQt6_Qt6_qml_QtQuick --> node_venv_lib_python3_12_site-packages_PyQt6_Qt6_qml_QtQuick_Dialogs["Dialogs"]\n    node_venv_lib_python3_12_site-packages_PyQt6_Qt6_qml_QtQuick_Dialogs --> node_venv_lib_python3_12_site-packages_PyQt6_Qt6_qml_QtQuick_Dialogs_quickimpl["quickimpl"]\n    node_venv_lib_python3_12_site-packages_PyQt6_Qt6_qml_QtQuick_Dialogs_quickimpl --> node_venv_lib_python3_12_site-packages_PyQt6_Qt6_qml_QtQuick_Dialogs_quickimpl_qml["qml"]\n    node_venv_lib_python3_12_site-packages_PyQt6_Qt6_qml_QtQuick_Dialogs_quickimpl_qml --> node_venv_lib_python3_12_site-packages_PyQt6_Qt6_qml_QtQuick_Dialogs_quickimpl_qml_+Universal["+Universal"]\n    node_venv_lib_python3_12_site-packages_PyQt6_Qt6_qml_QtQuick_Dialogs_quickimpl_qml_+Universal --> node_venv_lib_python3_12_site-packages_PyQt6_Qt6_qml_QtQuick_Dialogs_quickimpl_qml_+Universal_FileDialogDelegate_qml["FileDialogDelegate.qml"]\n    Root --> node_venv["venv"]\n    node_venv --> node_venv_lib["lib"]\n    node_venv_lib --> node_venv_lib_python3_12["python3.12"]\n    node_venv_lib_python3_12 --> node_venv_lib_python3_12_site-packages["site-packages"]\n    node_venv_lib_python3_12_site-packages --> node_venv_lib_python3_12_site-packages_PyQt6["PyQt6"]\n    node_venv_lib_python3_12_site-packages_PyQt6 --> node_venv_lib_python3_12_site-packages_PyQt6_Qt6["Qt6"]\n    node_venv_lib_python3_12_site-packages_PyQt6_Qt6 --> node_venv_lib_python3_12_site-packages_PyQt6_Qt6_qml["qml"]\n    node_venv_lib_python3_12_site-packages_PyQt6_Qt6_qml --> node_venv_lib_python3_12_site-packages_PyQt6_Qt6_qml_QtQuick["QtQuick"]\n    node_venv_lib_python3_12_site-packages_PyQt6_Qt6_qml_QtQuick --> node_venv_lib_python3_12_site-packages_PyQt6_Qt6_qml_QtQuick_Dialogs["Dialogs"]\n    node_venv_lib_python3_12_site-packages_PyQt6_Qt6_qml_QtQuick_Dialogs --> node_venv_lib_python3_12_site-packages_PyQt6_Qt6_qml_QtQuick_Dialogs_quickimpl["quickimpl"]\n    node_venv_lib_python3_12_site-packages_PyQt6_Qt6_qml_QtQuick_Dialogs_quickimpl --> node_venv_lib_python3_12_site-packages_PyQt6_Qt6_qml_QtQuick_Dialogs_quickimpl_qml["qml"]\n    node_venv_lib_python3_12_site-packages_PyQt6_Qt6_qml_QtQuick_Dialogs_quickimpl_qml --> node_venv_lib_python3_12_site-packages_PyQt6_Qt6_qml_QtQuick_Dialogs_quickimpl_qml_+Universal["+Universal"]\n    node_venv_lib_python3_12_site-packages_PyQt6_Qt6_qml_QtQuick_Dialogs_quickimpl_qml_+Universal --> node_venv_lib_python3_12_site-packages_PyQt6_Qt6_qml_QtQuick_Dialogs_quickimpl_qml_+Universal_FolderBreadcrumbBar_qml["FolderBreadcrumbBar.qml"]\n    Root --> node_venv["venv"]\n    node_venv --> node_venv_lib["lib"]\n    node_venv_lib --> node_venv_lib_python3_12["python3.12"]\n    node_venv_lib_python3_12 --> node_venv_lib_python3_12_site-packages["site-packages"]\n    node_venv_lib_python3_12_site-packages --> node_venv_lib_python3_12_site-packages_PyQt6["PyQt6"]\n    node_venv_lib_python3_12_site-packages_PyQt6 --> node_venv_lib_python3_12_site-packages_PyQt6_Qt6["Qt6"]\n    node_venv_lib_python3_12_site-packages_PyQt6_Qt6 --> node_venv_lib_python3_12_site-packages_PyQt6_Qt6_qml["qml"]\n    node_venv_lib_python3_12_site-packages_PyQt6_Qt6_qml --> node_venv_lib_python3_12_site-packages_PyQt6_Qt6_qml_QtQuick["QtQuick"]\n    node_venv_lib_python3_12_site-packages_PyQt6_Qt6_qml_QtQuick --> node_venv_lib_python3_12_site-packages_PyQt6_Qt6_qml_QtQuick_Dialogs["Dialogs"]\n    node_venv_lib_python3_12_site-packages_PyQt6_Qt6_qml_QtQuick_Dialogs --> node_venv_lib_python3_12_site-packages_PyQt6_Qt6_qml_QtQuick_Dialogs_quickimpl["quickimpl"]\n    node_venv_lib_python3_12_site-packages_PyQt6_Qt6_qml_QtQuick_Dialogs_quickimpl --> node_venv_lib_python3_12_site-packages_PyQt6_Qt6_qml_QtQuick_Dialogs_quickimpl_qml["qml"]\n    node_venv_lib_python3_12_site-packages_PyQt6_Qt6_qml_QtQuick_Dialogs_quickimpl_qml --> node_venv_lib_python3_12_site-packages_PyQt6_Qt6_qml_QtQuick_Dialogs_quickimpl_qml_+Universal["+Universal"]\n    node_venv_lib_python3_12_site-packages_PyQt6_Qt6_qml_QtQuick_Dialogs_quickimpl_qml_+Universal --> node_venv_lib_python3_12_site-packages_PyQt6_Qt6_qml_QtQuick_Dialogs_quickimpl_qml_+Universal_FolderDialog_qml["FolderDialog.qml"]\n    Root --> node_venv["venv"]\n    node_venv --> node_venv_lib["lib"]\n    node_venv_lib --> node_venv_lib_python3_12["python3.12"]\n    node_venv_lib_python3_12 --> node_venv_lib_python3_12_site-packages["site-packages"]\n    node_venv_lib_python3_12_site-packages --> node_venv_lib_python3_12_site-packages_PyQt6["PyQt6"]\n    node_venv_lib_python3_12_site-packages_PyQt6 --> node_venv_lib_python3_12_site-packages_PyQt6_Qt6["Qt6"]\n    node_venv_lib_python3_12_site-packages_PyQt6_Qt6 --> node_venv_lib_python3_12_site-packages_PyQt6_Qt6_qml["qml"]\n    node_venv_lib_python3_12_site-packages_PyQt6_Qt6_qml --> node_venv_lib_python3_12_site-packages_PyQt6_Qt6_qml_QtQuick["QtQuick"]\n    node_venv_lib_python3_12_site-packages_PyQt6_Qt6_qml_QtQuick --> node_venv_lib_python3_12_site-packages_PyQt6_Qt6_qml_QtQuick_Dialogs["Dialogs"]\n    node_venv_lib_python3_12_site-packages_PyQt6_Qt6_qml_QtQuick_Dialogs --> node_venv_lib_python3_12_site-packages_PyQt6_Qt6_qml_QtQuick_Dialogs_quickimpl["quickimpl"]\n    node_venv_lib_python3_12_site-packages_PyQt6_Qt6_qml_QtQuick_Dialogs_quickimpl --> node_venv_lib_python3_12_site-packages_PyQt6_Qt6_qml_QtQuick_Dialogs_quickimpl_qml["qml"]\n    node_venv_lib_python3_12_site-packages_PyQt6_Qt6_qml_QtQuick_Dialogs_quickimpl_qml --> node_venv_lib_python3_12_site-packages_PyQt6_Qt6_qml_QtQuick_Dialogs_quickimpl_qml_+Universal["+Universal"]\n    node_venv_lib_python3_12_site-packages_PyQt6_Qt6_qml_QtQuick_Dialogs_quickimpl_qml_+Universal --> node_venv_lib_python3_12_site-packages_PyQt6_Qt6_qml_QtQuick_Dialogs_quickimpl_qml_+Universal_FolderDialogDelegate_qml["FolderDialogDelegate.qml"]\n    Root --> node_venv["venv"]\n    node_venv --> node_venv_lib["lib"]\n    node_venv_lib --> node_venv_lib_python3_12["python3.12"]\n    node_venv_lib_python3_12 --> node_venv_lib_python3_12_site-packages["site-packages"]\n    node_venv_lib_python3_12_site-packages --> node_venv_lib_python3_12_site-packages_PyQt6["PyQt6"]\n    node_venv_lib_python3_12_site-packages_PyQt6 --> node_venv_lib_python3_12_site-packages_PyQt6_Qt6["Qt6"]\n    node_venv_lib_python3_12_site-packages_PyQt6_Qt6 --> node_venv_lib_python3_12_site-packages_PyQt6_Qt6_qml["qml"]\n    node_venv_lib_python3_12_site-packages_PyQt6_Qt6_qml --> node_venv_lib_python3_12_site-packages_PyQt6_Qt6_qml_QtQuick["QtQuick"]\n    node_venv_lib_python3_12_site-packages_PyQt6_Qt6_qml_QtQuick --> node_venv_lib_python3_12_site-packages_PyQt6_Qt6_qml_QtQuick_Dialogs["Dialogs"]\n    node_venv_lib_python3_12_site-packages_PyQt6_Qt6_qml_QtQuick_Dialogs --> node_venv_lib_python3_12_site-packages_PyQt6_Qt6_qml_QtQuick_Dialogs_quickimpl["quickimpl"]\n    node_venv_lib_python3_12_site-packages_PyQt6_Qt6_qml_QtQuick_Dialogs_quickimpl --> node_venv_lib_python3_12_site-packages_PyQt6_Qt6_qml_QtQuick_Dialogs_quickimpl_qml["qml"]\n    node_venv_lib_python3_12_site-packages_PyQt6_Qt6_qml_QtQuick_Dialogs_quickimpl_qml --> node_venv_lib_python3_12_site-packages_PyQt6_Qt6_qml_QtQuick_Dialogs_quickimpl_qml_+Universal["+Universal"]\n    node_venv_lib_python3_12_site-packages_PyQt6_Qt6_qml_QtQuick_Dialogs_quickimpl_qml_+Universal --> node_venv_lib_python3_12_site-packages_PyQt6_Qt6_qml_QtQuick_Dialogs_quickimpl_qml_+Universal_FontDialog_qml["FontDialog.qml"]\n    Root --> node_venv["venv"]\n    node_venv --> node_venv_lib["lib"]\n    node_venv_lib --> node_venv_lib_python3_12["python3.12"]\n    node_venv_lib_python3_12 --> node_venv_lib_python3_12_site-packages["site-packages"]\n    node_venv_lib_python3_12_site-packages --> node_venv_lib_python3_12_site-packages_PyQt6["PyQt6"]\n    node_venv_lib_python3_12_site-packages_PyQt6 --> node_venv_lib_python3_12_site-packages_PyQt6_Qt6["Qt6"]\n    node_venv_lib_python3_12_site-packages_PyQt6_Qt6 --> node_venv_lib_python3_12_site-packages_PyQt6_Qt6_qml["qml"]\n    node_venv_lib_python3_12_site-packages_PyQt6_Qt6_qml --> node_venv_lib_python3_12_site-packages_PyQt6_Qt6_qml_QtQuick["QtQuick"]\n    node_venv_lib_python3_12_site-packages_PyQt6_Qt6_qml_QtQuick --> node_venv_lib_python3_12_site-packages_PyQt6_Qt6_qml_QtQuick_Dialogs["Dialogs"]\n    node_venv_lib_python3_12_site-packages_PyQt6_Qt6_qml_QtQuick_Dialogs --> node_venv_lib_python3_12_site-packages_PyQt6_Qt6_qml_QtQuick_Dialogs_quickimpl["quickimpl"]\n    node_venv_lib_python3_12_site-packages_PyQt6_Qt6_qml_QtQuick_Dialogs_quickimpl --> node_venv_lib_python3_12_site-packages_PyQt6_Qt6_qml_QtQuick_Dialogs_quickimpl_qml["qml"]\n    node_venv_lib_python3_12_site-packages_PyQt6_Qt6_qml_QtQuick_Dialogs_quickimpl_qml --> node_venv_lib_python3_12_site-packages_PyQt6_Qt6_qml_QtQuick_Dialogs_quickimpl_qml_+Universal["+Universal"]\n    node_venv_lib_python3_12_site-packages_PyQt6_Qt6_qml_QtQuick_Dialogs_quickimpl_qml_+Universal --> node_venv_lib_python3_12_site-packages_PyQt6_Qt6_qml_QtQuick_Dialogs_quickimpl_qml_+Universal_MessageDialog_qml["MessageDialog.qml"]\n    Root --> node_venv["venv"]\n    node_venv --> node_venv_lib["lib"]\n    node_venv_lib --> node_venv_lib_python3_12["python3.12"]\n    node_venv_lib_python3_12 --> node_venv_lib_python3_12_site-packages["site-packages"]\n    node_venv_lib_python3_12_site-packages --> node_venv_lib_python3_12_site-packages_PyQt6["PyQt6"]\n    node_venv_lib_python3_12_site-packages_PyQt6 --> node_venv_lib_python3_12_site-packages_PyQt6_Qt6["Qt6"]\n    node_venv_lib_python3_12_site-packages_PyQt6_Qt6 --> node_venv_lib_python3_12_site-packages_PyQt6_Qt6_qml["qml"]\n    node_venv_lib_python3_12_site-packages_PyQt6_Qt6_qml --> node_venv_lib_python3_12_site-packages_PyQt6_Qt6_qml_QtQuick["QtQuick"]\n    node_venv_lib_python3_12_site-packages_PyQt6_Qt6_qml_QtQuick --> node_venv_lib_python3_12_site-packages_PyQt6_Qt6_qml_QtQuick_Dialogs["Dialogs"]\n    node_venv_lib_python3_12_site-packages_PyQt6_Qt6_qml_QtQuick_Dialogs --> node_venv_lib_python3_12_site-packages_PyQt6_Qt6_qml_QtQuick_Dialogs_quickimpl["quickimpl"]\n    node_venv_lib_python3_12_site-packages_PyQt6_Qt6_qml_QtQuick_Dialogs_quickimpl --> node_venv_lib_python3_12_site-packages_PyQt6_Qt6_qml_QtQuick_Dialogs_quickimpl_qml["qml"]\n    node_venv_lib_python3_12_site-packages_PyQt6_Qt6_qml_QtQuick_Dialogs_quickimpl_qml --> node_venv_lib_python3_12_site-packages_PyQt6_Qt6_qml_QtQuick_Dialogs_quickimpl_qml_+Universal["+Universal"]\n    node_venv_lib_python3_12_site-packages_PyQt6_Qt6_qml_QtQuick_Dialogs_quickimpl_qml_+Universal --> node_venv_lib_python3_12_site-packages_PyQt6_Qt6_qml_QtQuick_Dialogs_quickimpl_qml_+Universal_SideBar_qml["SideBar.qml"]\n    Root --> node_venv["venv"]\n    node_venv --> node_venv_lib["lib"]\n    node_venv_lib --> node_venv_lib_python3_12["python3.12"]\n    node_venv_lib_python3_12 --> node_venv_lib_python3_12_site-packages["site-packages"]\n    node_venv_lib_python3_12_site-packages --> node_venv_lib_python3_12_site-packages_PyQt6["PyQt6"]\n    node_venv_lib_python3_12_site-packages_PyQt6 --> node_venv_lib_python3_12_site-packages_PyQt6_Qt6["Qt6"]\n    node_venv_lib_python3_12_site-packages_PyQt6_Qt6 --> node_venv_lib_python3_12_site-packages_PyQt6_Qt6_qml["qml"]\n    node_venv_lib_python3_12_site-packages_PyQt6_Qt6_qml --> node_venv_lib_python3_12_site-packages_PyQt6_Qt6_qml_QtQuick["QtQuick"]\n    node_venv_lib_python3_12_site-packages_PyQt6_Qt6_qml_QtQuick --> node_venv_lib_python3_12_site-packages_PyQt6_Qt6_qml_QtQuick_Dialogs["Dialogs"]\n    node_venv_lib_python3_12_site-packages_PyQt6_Qt6_qml_QtQuick_Dialogs --> node_venv_lib_python3_12_site-packages_PyQt6_Qt6_qml_QtQuick_Dialogs_quickimpl["quickimpl"]\n    node_venv_lib_python3_12_site-packages_PyQt6_Qt6_qml_QtQuick_Dialogs_quickimpl --> node_venv_lib_python3_12_site-packages_PyQt6_Qt6_qml_QtQuick_Dialogs_quickimpl_qml["qml"]\n    node_venv_lib_python3_12_site-packages_PyQt6_Qt6_qml_QtQuick_Dialogs_quickimpl_qml --> node_venv_lib_python3_12_site-packages_PyQt6_Qt6_qml_QtQuick_Dialogs_quickimpl_qml_+Material["+Material"]\n    node_venv_lib_python3_12_site-packages_PyQt6_Qt6_qml_QtQuick_Dialogs_quickimpl_qml_+Material --> node_venv_lib_python3_12_site-packages_PyQt6_Qt6_qml_QtQuick_Dialogs_quickimpl_qml_+Material_ColorDialog_qml["ColorDialog.qml"]\n    Root --> node_venv["venv"]\n    node_venv --> node_venv_lib["lib"]\n    node_venv_lib --> node_venv_lib_python3_12["python3.12"]\n    node_venv_lib_python3_12 --> node_venv_lib_python3_12_site-packages["site-packages"]\n    node_venv_lib_python3_12_site-packages --> node_venv_lib_python3_12_site-packages_PyQt6["PyQt6"]\n    node_venv_lib_python3_12_site-packages_PyQt6 --> node_venv_lib_python3_12_site-packages_PyQt6_Qt6["Qt6"]\n    node_venv_lib_python3_12_site-packages_PyQt6_Qt6 --> node_venv_lib_python3_12_site-packages_PyQt6_Qt6_qml["qml"]\n    node_venv_lib_python3_12_site-packages_PyQt6_Qt6_qml --> node_venv_lib_python3_12_site-packages_PyQt6_Qt6_qml_QtQuick["QtQuick"]\n    node_venv_lib_python3_12_site-packages_PyQt6_Qt6_qml_QtQuick --> node_venv_lib_python3_12_site-packages_PyQt6_Qt6_qml_QtQuick_Dialogs["Dialogs"]\n    node_venv_lib_python3_12_site-packages_PyQt6_Qt6_qml_QtQuick_Dialogs --> node_venv_lib_python3_12_site-packages_PyQt6_Qt6_qml_QtQuick_Dialogs_quickimpl["quickimpl"]\n    node_venv_lib_python3_12_site-packages_PyQt6_Qt6_qml_QtQuick_Dialogs_quickimpl --> node_venv_lib_python3_12_site-packages_PyQt6_Qt6_qml_QtQuick_Dialogs_quickimpl_qml["qml"]\n    node_venv_lib_python3_12_site-packages_PyQt6_Qt6_qml_QtQuick_Dialogs_quickimpl_qml --> node_venv_lib_python3_12_site-packages_PyQt6_Qt6_qml_QtQuick_Dialogs_quickimpl_qml_+Material["+Material"]\n    node_venv_lib_python3_12_site-packages_PyQt6_Qt6_qml_QtQuick_Dialogs_quickimpl_qml_+Material --> node_venv_lib_python3_12_site-packages_PyQt6_Qt6_qml_QtQuick_Dialogs_quickimpl_qml_+Material_ColorInputs_qml["ColorInputs.qml"]\n    Root --> node_venv["venv"]\n    node_venv --> node_venv_lib["lib"]\n    node_venv_lib --> node_venv_lib_python3_12["python3.12"]\n    node_venv_lib_python3_12 --> node_venv_lib_python3_12_site-packages["site-packages"]\n    node_venv_lib_python3_12_site-packages --> node_venv_lib_python3_12_site-packages_PyQt6["PyQt6"]\n    node_venv_lib_python3_12_site-packages_PyQt6 --> node_venv_lib_python3_12_site-packages_PyQt6_Qt6["Qt6"]\n    node_venv_lib_python3_12_site-packages_PyQt6_Qt6 --> node_venv_lib_python3_12_site-packages_PyQt6_Qt6_qml["qml"]\n    node_venv_lib_python3_12_site-packages_PyQt6_Qt6_qml --> node_venv_lib_python3_12_site-packages_PyQt6_Qt6_qml_QtQuick["QtQuick"]\n    node_venv_lib_python3_12_site-packages_PyQt6_Qt6_qml_QtQuick --> node_venv_lib_python3_12_site-packages_PyQt6_Qt6_qml_QtQuick_Dialogs["Dialogs"]\n    node_venv_lib_python3_12_site-packages_PyQt6_Qt6_qml_QtQuick_Dialogs --> node_venv_lib_python3_12_site-packages_PyQt6_Qt6_qml_QtQuick_Dialogs_quickimpl["quickimpl"]\n    node_venv_lib_python3_12_site-packages_PyQt6_Qt6_qml_QtQuick_Dialogs_quickimpl --> node_venv_lib_python3_12_site-packages_PyQt6_Qt6_qml_QtQuick_Dialogs_quickimpl_qml["qml"]\n    node_venv_lib_python3_12_site-packages_PyQt6_Qt6_qml_QtQuick_Dialogs_quickimpl_qml --> node_venv_lib_python3_12_site-packages_PyQt6_Qt6_qml_QtQuick_Dialogs_quickimpl_qml_+Material["+Material"]\n    node_venv_lib_python3_12_site-packages_PyQt6_Qt6_qml_QtQuick_Dialogs_quickimpl_qml_+Material --> node_venv_lib_python3_12_site-packages_PyQt6_Qt6_qml_QtQuick_Dialogs_quickimpl_qml_+Material_FileDialog_qml["FileDialog.qml"]\n    Root --> node_venv["venv"]\n    node_venv --> node_venv_lib["lib"]\n    node_venv_lib --> node_venv_lib_python3_12["python3.12"]\n    node_venv_lib_python3_12 --> node_venv_lib_python3_12_site-packages["site-packages"]\n    node_venv_lib_python3_12_site-packages --> node_venv_lib_python3_12_site-packages_PyQt6["PyQt6"]\n    node_venv_lib_python3_12_site-packages_PyQt6 --> node_venv_lib_python3_12_site-packages_PyQt6_Qt6["Qt6"]\n    node_venv_lib_python3_12_site-packages_PyQt6_Qt6 --> node_venv_lib_python3_12_site-packages_PyQt6_Qt6_qml["qml"]\n    node_venv_lib_python3_12_site-packages_PyQt6_Qt6_qml --> node_venv_lib_python3_12_site-packages_PyQt6_Qt6_qml_QtQuick["QtQuick"]\n    node_venv_lib_python3_12_site-packages_PyQt6_Qt6_qml_QtQuick --> node_venv_lib_python3_12_site-packages_PyQt6_Qt6_qml_QtQuick_Dialogs["Dialogs"]\n    node_venv_lib_python3_12_site-packages_PyQt6_Qt6_qml_QtQuick_Dialogs --> node_venv_lib_python3_12_site-packages_PyQt6_Qt6_qml_QtQuick_Dialogs_quickimpl["quickimpl"]\n    node_venv_lib_python3_12_site-packages_PyQt6_Qt6_qml_QtQuick_Dialogs_quickimpl --> node_venv_lib_python3_12_site-packages_PyQt6_Qt6_qml_QtQuick_Dialogs_quickimpl_qml["qml"]\n    node_venv_lib_python3_12_site-packages_PyQt6_Qt6_qml_QtQuick_Dialogs_quickimpl_qml --> node_venv_lib_python3_12_site-packages_PyQt6_Qt6_qml_QtQuick_Dialogs_quickimpl_qml_+Material["+Material"]\n    node_venv_lib_python3_12_site-packages_PyQt6_Qt6_qml_QtQuick_Dialogs_quickimpl_qml_+Material --> node_venv_lib_python3_12_site-packages_PyQt6_Qt6_qml_QtQuick_Dialogs_quickimpl_qml_+Material_FileDialogDelegate_qml["FileDialogDelegate.qml"]\n    Root --> node_venv["venv"]\n    node_venv --> node_venv_lib["lib"]\n    node_venv_lib --> node_venv_lib_python3_12["python3.12"]\n    node_venv_lib_python3_12 --> node_venv_lib_python3_12_site-packages["site-packages"]\n    node_venv_lib_python3_12_site-packages --> node_venv_lib_python3_12_site-packages_PyQt6["PyQt6"]\n    node_venv_lib_python3_12_site-packages_PyQt6 --> node_venv_lib_python3_12_site-packages_PyQt6_Qt6["Qt6"]\n    node_venv_lib_python3_12_site-packages_PyQt6_Qt6 --> node_venv_lib_python3_12_site-packages_PyQt6_Qt6_qml["qml"]\n    node_venv_lib_python3_12_site-packages_PyQt6_Qt6_qml --> node_venv_lib_python3_12_site-packages_PyQt6_Qt6_qml_QtQuick["QtQuick"]\n    node_venv_lib_python3_12_site-packages_PyQt6_Qt6_qml_QtQuick --> node_venv_lib_python3_12_site-packages_PyQt6_Qt6_qml_QtQuick_Dialogs["Dialogs"]\n    node_venv_lib_python3_12_site-packages_PyQt6_Qt6_qml_QtQuick_Dialogs --> node_venv_lib_python3_12_site-packages_PyQt6_Qt6_qml_QtQuick_Dialogs_quickimpl["quickimpl"]\n    node_venv_lib_python3_12_site-packages_PyQt6_Qt6_qml_QtQuick_Dialogs_quickimpl --> node_venv_lib_python3_12_site-packages_PyQt6_Qt6_qml_QtQuick_Dialogs_quickimpl_qml["qml"]\n    node_venv_lib_python3_12_site-packages_PyQt6_Qt6_qml_QtQuick_Dialogs_quickimpl_qml --> node_venv_lib_python3_12_site-packages_PyQt6_Qt6_qml_QtQuick_Dialogs_quickimpl_qml_+Material["+Material"]\n    node_venv_lib_python3_12_site-packages_PyQt6_Qt6_qml_QtQuick_Dialogs_quickimpl_qml_+Material --> node_venv_lib_python3_12_site-packages_PyQt6_Qt6_qml_QtQuick_Dialogs_quickimpl_qml_+Material_FolderBreadcrumbBar_qml["FolderBreadcrumbBar.qml"]\n    Root --> node_venv["venv"]\n    node_venv --> node_venv_lib["lib"]\n    node_venv_lib --> node_venv_lib_python3_12["python3.12"]\n    node_venv_lib_python3_12 --> node_venv_lib_python3_12_site-packages["site-packages"]\n    node_venv_lib_python3_12_site-packages --> node_venv_lib_python3_12_site-packages_PyQt6["PyQt6"]\n    node_venv_lib_python3_12_site-packages_PyQt6 --> node_venv_lib_python3_12_site-packages_PyQt6_Qt6["Qt6"]\n    node_venv_lib_python3_12_site-packages_PyQt6_Qt6 --> node_venv_lib_python3_12_site-packages_PyQt6_Qt6_qml["qml"]\n    node_venv_lib_python3_12_site-packages_PyQt6_Qt6_qml --> node_venv_lib_python3_12_site-packages_PyQt6_Qt6_qml_QtQuick["QtQuick"]\n    node_venv_lib_python3_12_site-packages_PyQt6_Qt6_qml_QtQuick --> node_venv_lib_python3_12_site-packages_PyQt6_Qt6_qml_QtQuick_Dialogs["Dialogs"]\n    node_venv_lib_python3_12_site-packages_PyQt6_Qt6_qml_QtQuick_Dialogs --> node_venv_lib_python3_12_site-packages_PyQt6_Qt6_qml_QtQuick_Dialogs_quickimpl["quickimpl"]\n    node_venv_lib_python3_12_site-packages_PyQt6_Qt6_qml_QtQuick_Dialogs_quickimpl --> node_venv_lib_python3_12_site-packages_PyQt6_Qt6_qml_QtQuick_Dialogs_quickimpl_qml["qml"]\n    node_venv_lib_python3_12_site-packages_PyQt6_Qt6_qml_QtQuick_Dialogs_quickimpl_qml --> node_venv_lib_python3_12_site-packages_PyQt6_Qt6_qml_QtQuick_Dialogs_quickimpl_qml_+Material["+Material"]\n    node_venv_lib_python3_12_site-packages_PyQt6_Qt6_qml_QtQuick_Dialogs_quickimpl_qml_+Material --> node_venv_lib_python3_12_site-packages_PyQt6_Qt6_qml_QtQuick_Dialogs_quickimpl_qml_+Material_FolderDialog_qml["FolderDialog.qml"]\n    Root --> node_venv["venv"]\n    node_venv --> node_venv_lib["lib"]\n    node_venv_lib --> node_venv_lib_python3_12["python3.12"]\n    node_venv_lib_python3_12 --> node_venv_lib_python3_12_site-packages["site-packages"]\n    node_venv_lib_python3_12_site-packages --> node_venv_lib_python3_12_site-packages_PyQt6["PyQt6"]\n    node_venv_lib_python3_12_site-packages_PyQt6 --> node_venv_lib_python3_12_site-packages_PyQt6_Qt6["Qt6"]\n    node_venv_lib_python3_12_site-packages_PyQt6_Qt6 --> node_venv_lib_python3_12_site-packages_PyQt6_Qt6_qml["qml"]\n    node_venv_lib_python3_12_site-packages_PyQt6_Qt6_qml --> node_venv_lib_python3_12_site-packages_PyQt6_Qt6_qml_QtQuick["QtQuick"]\n    node_venv_lib_python3_12_site-packages_PyQt6_Qt6_qml_QtQuick --> node_venv_lib_python3_12_site-packages_PyQt6_Qt6_qml_QtQuick_Dialogs["Dialogs"]\n    node_venv_lib_python3_12_site-packages_PyQt6_Qt6_qml_QtQuick_Dialogs --> node_venv_lib_python3_12_site-packages_PyQt6_Qt6_qml_QtQuick_Dialogs_quickimpl["quickimpl"]\n    node_venv_lib_python3_12_site-packages_PyQt6_Qt6_qml_QtQuick_Dialogs_quickimpl --> node_venv_lib_python3_12_site-packages_PyQt6_Qt6_qml_QtQuick_Dialogs_quickimpl_qml["qml"]\n    node_venv_lib_python3_12_site-packages_PyQt6_Qt6_qml_QtQuick_Dialogs_quickimpl_qml --> node_venv_lib_python3_12_site-packages_PyQt6_Qt6_qml_QtQuick_Dialogs_quickimpl_qml_+Material["+Material"]\n    node_venv_lib_python3_12_site-packages_PyQt6_Qt6_qml_QtQuick_Dialogs_quickimpl_qml_+Material --> node_venv_lib_python3_12_site-packages_PyQt6_Qt6_qml_QtQuick_Dialogs_quickimpl_qml_+Material_FolderDialogDelegate_qml["FolderDialogDelegate.qml"]\n    Root --> node_venv["venv"]\n    node_venv --> node_venv_lib["lib"]\n    node_venv_lib --> node_venv_lib_python3_12["python3.12"]\n    node_venv_lib_python3_12 --> node_venv_lib_python3_12_site-packages["site-packages"]\n    node_venv_lib_python3_12_site-packages --> node_venv_lib_python3_12_site-packages_PyQt6["PyQt6"]\n    node_venv_lib_python3_12_site-packages_PyQt6 --> node_venv_lib_python3_12_site-packages_PyQt6_Qt6["Qt6"]\n    node_venv_lib_python3_12_site-packages_PyQt6_Qt6 --> node_venv_lib_python3_12_site-packages_PyQt6_Qt6_qml["qml"]\n    node_venv_lib_python3_12_site-packages_PyQt6_Qt6_qml --> node_venv_lib_python3_12_site-packages_PyQt6_Qt6_qml_QtQuick["QtQuick"]\n    node_venv_lib_python3_12_site-packages_PyQt6_Qt6_qml_QtQuick --> node_venv_lib_python3_12_site-packages_PyQt6_Qt6_qml_QtQuick_Dialogs["Dialogs"]\n    node_venv_lib_python3_12_site-packages_PyQt6_Qt6_qml_QtQuick_Dialogs --> node_venv_lib_python3_12_site-packages_PyQt6_Qt6_qml_QtQuick_Dialogs_quickimpl["quickimpl"]\n    node_venv_lib_python3_12_site-packages_PyQt6_Qt6_qml_QtQuick_Dialogs_quickimpl --> node_venv_lib_python3_12_site-packages_PyQt6_Qt6_qml_QtQuick_Dialogs_quickimpl_qml["qml"]\n    node_venv_lib_python3_12_site-packages_PyQt6_Qt6_qml_QtQuick_Dialogs_quickimpl_qml --> node_venv_lib_python3_12_site-packages_PyQt6_Qt6_qml_QtQuick_Dialogs_quickimpl_qml_+Material["+Material"]\n    node_venv_lib_python3_12_site-packages_PyQt6_Qt6_qml_QtQuick_Dialogs_quickimpl_qml_+Material --> node_venv_lib_python3_12_site-packages_PyQt6_Qt6_qml_QtQuick_Dialogs_quickimpl_qml_+Material_FontDialog_qml["FontDialog.qml"]\n    Root --> node_venv["venv"]\n    node_venv --> node_venv_lib["lib"]\n    node_venv_lib --> node_venv_lib_python3_12["python3.12"]\n    node_venv_lib_python3_12 --> node_venv_lib_python3_12_site-packages["site-packages"]\n    node_venv_lib_python3_12_site-packages --> node_venv_lib_python3_12_site-packages_PyQt6["PyQt6"]\n    node_venv_lib_python3_12_site-packages_PyQt6 --> node_venv_lib_python3_12_site-packages_PyQt6_Qt6["Qt6"]\n    node_venv_lib_python3_12_site-packages_PyQt6_Qt6 --> node_venv_lib_python3_12_site-packages_PyQt6_Qt6_qml["qml"]\n    node_venv_lib_python3_12_site-packages_PyQt6_Qt6_qml --> node_venv_lib_python3_12_site-packages_PyQt6_Qt6_qml_QtQuick["QtQuick"]\n    node_venv_lib_python3_12_site-packages_PyQt6_Qt6_qml_QtQuick --> node_venv_lib_python3_12_site-packages_PyQt6_Qt6_qml_QtQuick_Dialogs["Dialogs"]\n    node_venv_lib_python3_12_site-packages_PyQt6_Qt6_qml_QtQuick_Dialogs --> node_venv_lib_python3_12_site-packages_PyQt6_Qt6_qml_QtQuick_Dialogs_quickimpl["quickimpl"]\n    node_venv_lib_python3_12_site-packages_PyQt6_Qt6_qml_QtQuick_Dialogs_quickimpl --> node_venv_lib_python3_12_site-packages_PyQt6_Qt6_qml_QtQuick_Dialogs_quickimpl_qml["qml"]\n    node_venv_lib_python3_12_site-packages_PyQt6_Qt6_qml_QtQuick_Dialogs_quickimpl_qml --> node_venv_lib_python3_12_site-packages_PyQt6_Qt6_qml_QtQuick_Dialogs_quickimpl_qml_+Material["+Material"]\n    node_venv_lib_python3_12_site-packages_PyQt6_Qt6_qml_QtQuick_Dialogs_quickimpl_qml_+Material --> node_venv_lib_python3_12_site-packages_PyQt6_Qt6_qml_QtQuick_Dialogs_quickimpl_qml_+Material_MessageDialog_qml["MessageDialog.qml"]\n    Root --> node_venv["venv"]\n    node_venv --> node_venv_lib["lib"]\n    node_venv_lib --> node_venv_lib_python3_12["python3.12"]\n    node_venv_lib_python3_12 --> node_venv_lib_python3_12_site-packages["site-packages"]\n    node_venv_lib_python3_12_site-packages --> node_venv_lib_python3_12_site-packages_PyQt6["PyQt6"]\n    node_venv_lib_python3_12_site-packages_PyQt6 --> node_venv_lib_python3_12_site-packages_PyQt6_Qt6["Qt6"]\n    node_venv_lib_python3_12_site-packages_PyQt6_Qt6 --> node_venv_lib_python3_12_site-packages_PyQt6_Qt6_qml["qml"]\n    node_venv_lib_python3_12_site-packages_PyQt6_Qt6_qml --> node_venv_lib_python3_12_site-packages_PyQt6_Qt6_qml_QtQuick["QtQuick"]\n    node_venv_lib_python3_12_site-packages_PyQt6_Qt6_qml_QtQuick --> node_venv_lib_python3_12_site-packages_PyQt6_Qt6_qml_QtQuick_Dialogs["Dialogs"]\n    node_venv_lib_python3_12_site-packages_PyQt6_Qt6_qml_QtQuick_Dialogs --> node_venv_lib_python3_12_site-packages_PyQt6_Qt6_qml_QtQuick_Dialogs_quickimpl["quickimpl"]\n    node_venv_lib_python3_12_site-packages_PyQt6_Qt6_qml_QtQuick_Dialogs_quickimpl --> node_venv_lib_python3_12_site-packages_PyQt6_Qt6_qml_QtQuick_Dialogs_quickimpl_qml["qml"]\n    node_venv_lib_python3_12_site-packages_PyQt6_Qt6_qml_QtQuick_Dialogs_quickimpl_qml --> node_venv_lib_python3_12_site-packages_PyQt6_Qt6_qml_QtQuick_Dialogs_quickimpl_qml_+Material["+Material"]\n    node_venv_lib_python3_12_site-packages_PyQt6_Qt6_qml_QtQuick_Dialogs_quickimpl_qml_+Material --> node_venv_lib_python3_12_site-packages_PyQt6_Qt6_qml_QtQuick_Dialogs_quickimpl_qml_+Material_SideBar_qml["SideBar.qml"]\n    Root --> node_venv["venv"]\n    node_venv --> node_venv_lib["lib"]\n    node_venv_lib --> node_venv_lib_python3_12["python3.12"]\n    node_venv_lib_python3_12 --> node_venv_lib_python3_12_site-packages["site-packages"]\n    node_venv_lib_python3_12_site-packages --> node_venv_lib_python3_12_site-packages_PyQt6["PyQt6"]\n    node_venv_lib_python3_12_site-packages_PyQt6 --> node_venv_lib_python3_12_site-packages_PyQt6_Qt6["Qt6"]\n    node_venv_lib_python3_12_site-packages_PyQt6_Qt6 --> node_venv_lib_python3_12_site-packages_PyQt6_Qt6_qml["qml"]\n    node_venv_lib_python3_12_site-packages_PyQt6_Qt6_qml --> node_venv_lib_python3_12_site-packages_PyQt6_Qt6_qml_QtQuick["QtQuick"]\n    node_venv_lib_python3_12_site-packages_PyQt6_Qt6_qml_QtQuick --> node_venv_lib_python3_12_site-packages_PyQt6_Qt6_qml_QtQuick_Scene3D["Scene3D"]\n    node_venv_lib_python3_12_site-packages_PyQt6_Qt6_qml_QtQuick_Scene3D --> node_venv_lib_python3_12_site-packages_PyQt6_Qt6_qml_QtQuick_Scene3D_libqtquickscene3dplugin_dylib["libqtquickscene3dplugin.dylib"]\n    Root --> node_venv["venv"]\n    node_venv --> node_venv_lib["lib"]\n    node_venv_lib --> node_venv_lib_python3_12["python3.12"]\n    node_venv_lib_python3_12 --> node_venv_lib_python3_12_site-packages["site-packages"]\n    node_venv_lib_python3_12_site-packages --> node_venv_lib_python3_12_site-packages_PyQt6["PyQt6"]\n    node_venv_lib_python3_12_site-packages_PyQt6 --> node_venv_lib_python3_12_site-packages_PyQt6_Qt6["Qt6"]\n    node_venv_lib_python3_12_site-packages_PyQt6_Qt6 --> node_venv_lib_python3_12_site-packages_PyQt6_Qt6_qml["qml"]\n    node_venv_lib_python3_12_site-packages_PyQt6_Qt6_qml --> node_venv_lib_python3_12_site-packages_PyQt6_Qt6_qml_QtQuick["QtQuick"]\n    node_venv_lib_python3_12_site-packages_PyQt6_Qt6_qml_QtQuick --> node_venv_lib_python3_12_site-packages_PyQt6_Qt6_qml_QtQuick_Scene3D["Scene3D"]\n    node_venv_lib_python3_12_site-packages_PyQt6_Qt6_qml_QtQuick_Scene3D --> node_venv_lib_python3_12_site-packages_PyQt6_Qt6_qml_QtQuick_Scene3D_plugins_qmltypes["plugins.qmltypes"]\n    Root --> node_venv["venv"]\n    node_venv --> node_venv_lib["lib"]\n    node_venv_lib --> node_venv_lib_python3_12["python3.12"]\n    node_venv_lib_python3_12 --> node_venv_lib_python3_12_site-packages["site-packages"]\n    node_venv_lib_python3_12_site-packages --> node_venv_lib_python3_12_site-packages_PyQt6["PyQt6"]\n    node_venv_lib_python3_12_site-packages_PyQt6 --> node_venv_lib_python3_12_site-packages_PyQt6_Qt6["Qt6"]\n    node_venv_lib_python3_12_site-packages_PyQt6_Qt6 --> node_venv_lib_python3_12_site-packages_PyQt6_Qt6_qml["qml"]\n    node_venv_lib_python3_12_site-packages_PyQt6_Qt6_qml --> node_venv_lib_python3_12_site-packages_PyQt6_Qt6_qml_QtQuick["QtQuick"]\n    node_venv_lib_python3_12_site-packages_PyQt6_Qt6_qml_QtQuick --> node_venv_lib_python3_12_site-packages_PyQt6_Qt6_qml_QtQuick_Scene3D["Scene3D"]\n    node_venv_lib_python3_12_site-packages_PyQt6_Qt6_qml_QtQuick_Scene3D --> node_venv_lib_python3_12_site-packages_PyQt6_Qt6_qml_QtQuick_Scene3D_qmldir["qmldir"]\n    Root --> node_venv["venv"]\n    node_venv --> node_venv_lib["lib"]\n    node_venv_lib --> node_venv_lib_python3_12["python3.12"]\n    node_venv_lib_python3_12 --> node_venv_lib_python3_12_site-packages["site-packages"]\n    node_venv_lib_python3_12_site-packages --> node_venv_lib_python3_12_site-packages_PyQt6["PyQt6"]\n    node_venv_lib_python3_12_site-packages_PyQt6 --> node_venv_lib_python3_12_site-packages_PyQt6_Qt6["Qt6"]\n    node_venv_lib_python3_12_site-packages_PyQt6_Qt6 --> node_venv_lib_python3_12_site-packages_PyQt6_Qt6_qml["qml"]\n    node_venv_lib_python3_12_site-packages_PyQt6_Qt6_qml --> node_venv_lib_python3_12_site-packages_PyQt6_Qt6_qml_QtQuick["QtQuick"]\n    node_venv_lib_python3_12_site-packages_PyQt6_Qt6_qml_QtQuick --> node_venv_lib_python3_12_site-packages_PyQt6_Qt6_qml_QtQuick_Effects["Effects"]\n    node_venv_lib_python3_12_site-packages_PyQt6_Qt6_qml_QtQuick_Effects --> node_venv_lib_python3_12_site-packages_PyQt6_Qt6_qml_QtQuick_Effects_libeffectsplugin_dylib["libeffectsplugin.dylib"]\n    Root --> node_venv["venv"]\n    node_venv --> node_venv_lib["lib"]\n    node_venv_lib --> node_venv_lib_python3_12["python3.12"]\n    node_venv_lib_python3_12 --> node_venv_lib_python3_12_site-packages["site-packages"]\n    node_venv_lib_python3_12_site-packages --> node_venv_lib_python3_12_site-packages_PyQt6["PyQt6"]\n    node_venv_lib_python3_12_site-packages_PyQt6 --> node_venv_lib_python3_12_site-packages_PyQt6_Qt6["Qt6"]\n    node_venv_lib_python3_12_site-packages_PyQt6_Qt6 --> node_venv_lib_python3_12_site-packages_PyQt6_Qt6_qml["qml"]\n    node_venv_lib_python3_12_site-packages_PyQt6_Qt6_qml --> node_venv_lib_python3_12_site-packages_PyQt6_Qt6_qml_QtQuick["QtQuick"]\n    node_venv_lib_python3_12_site-packages_PyQt6_Qt6_qml_QtQuick --> node_venv_lib_python3_12_site-packages_PyQt6_Qt6_qml_QtQuick_Effects["Effects"]\n    node_venv_lib_python3_12_site-packages_PyQt6_Qt6_qml_QtQuick_Effects --> node_venv_lib_python3_12_site-packages_PyQt6_Qt6_qml_QtQuick_Effects_plugins_qmltypes["plugins.qmltypes"]\n    Root --> node_venv["venv"]\n    node_venv --> node_venv_lib["lib"]\n    node_venv_lib --> node_venv_lib_python3_12["python3.12"]\n    node_venv_lib_python3_12 --> node_venv_lib_python3_12_site-packages["site-packages"]\n    node_venv_lib_python3_12_site-packages --> node_venv_lib_python3_12_site-packages_PyQt6["PyQt6"]\n    node_venv_lib_python3_12_site-packages_PyQt6 --> node_venv_lib_python3_12_site-packages_PyQt6_Qt6["Qt6"]\n    node_venv_lib_python3_12_site-packages_PyQt6_Qt6 --> node_venv_lib_python3_12_site-packages_PyQt6_Qt6_qml["qml"]\n    node_venv_lib_python3_12_site-packages_PyQt6_Qt6_qml --> node_venv_lib_python3_12_site-packages_PyQt6_Qt6_qml_QtQuick["QtQuick"]\n    node_venv_lib_python3_12_site-packages_PyQt6_Qt6_qml_QtQuick --> node_venv_lib_python3_12_site-packages_PyQt6_Qt6_qml_QtQuick_Effects["Effects"]\n    node_venv_lib_python3_12_site-packages_PyQt6_Qt6_qml_QtQuick_Effects --> node_venv_lib_python3_12_site-packages_PyQt6_Qt6_qml_QtQuick_Effects_qmldir["qmldir"]\n    Root --> node_venv["venv"]\n    node_venv --> node_venv_lib["lib"]\n    node_venv_lib --> node_venv_lib_python3_12["python3.12"]\n    node_venv_lib_python3_12 --> node_venv_lib_python3_12_site-packages["site-packages"]\n    node_venv_lib_python3_12_site-packages --> node_venv_lib_python3_12_site-packages_PyQt6["PyQt6"]\n    node_venv_lib_python3_12_site-packages_PyQt6 --> node_venv_lib_python3_12_site-packages_PyQt6_Qt6["Qt6"]\n    node_venv_lib_python3_12_site-packages_PyQt6_Qt6 --> node_venv_lib_python3_12_site-packages_PyQt6_Qt6_qml["qml"]\n    node_venv_lib_python3_12_site-packages_PyQt6_Qt6_qml --> node_venv_lib_python3_12_site-packages_PyQt6_Qt6_qml_QtQuick["QtQuick"]\n    node_venv_lib_python3_12_site-packages_PyQt6_Qt6_qml_QtQuick --> node_venv_lib_python3_12_site-packages_PyQt6_Qt6_qml_QtQuick_Timeline["Timeline"]\n    node_venv_lib_python3_12_site-packages_PyQt6_Qt6_qml_QtQuick_Timeline --> node_venv_lib_python3_12_site-packages_PyQt6_Qt6_qml_QtQuick_Timeline_libqtquicktimelineplugin_dylib["libqtquicktimelineplugin.dylib"]\n    Root --> node_venv["venv"]\n    node_venv --> node_venv_lib["lib"]\n    node_venv_lib --> node_venv_lib_python3_12["python3.12"]\n    node_venv_lib_python3_12 --> node_venv_lib_python3_12_site-packages["site-packages"]\n    node_venv_lib_python3_12_site-packages --> node_venv_lib_python3_12_site-packages_PyQt6["PyQt6"]\n    node_venv_lib_python3_12_site-packages_PyQt6 --> node_venv_lib_python3_12_site-packages_PyQt6_Qt6["Qt6"]\n    node_venv_lib_python3_12_site-packages_PyQt6_Qt6 --> node_venv_lib_python3_12_site-packages_PyQt6_Qt6_qml["qml"]\n    node_venv_lib_python3_12_site-packages_PyQt6_Qt6_qml --> node_venv_lib_python3_12_site-packages_PyQt6_Qt6_qml_QtQuick["QtQuick"]\n    node_venv_lib_python3_12_site-packages_PyQt6_Qt6_qml_QtQuick --> node_venv_lib_python3_12_site-packages_PyQt6_Qt6_qml_QtQuick_Timeline["Timeline"]\n    node_venv_lib_python3_12_site-packages_PyQt6_Qt6_qml_QtQuick_Timeline --> node_venv_lib_python3_12_site-packages_PyQt6_Qt6_qml_QtQuick_Timeline_plugins_qmltypes["plugins.qmltypes"]\n    Root --> node_venv["venv"]\n    node_venv --> node_venv_lib["lib"]\n    node_venv_lib --> node_venv_lib_python3_12["python3.12"]\n    node_venv_lib_python3_12 --> node_venv_lib_python3_12_site-packages["site-packages"]\n    node_venv_lib_python3_12_site-packages --> node_venv_lib_python3_12_site-packages_PyQt6["PyQt6"]\n    node_venv_lib_python3_12_site-packages_PyQt6 --> node_venv_lib_python3_12_site-packages_PyQt6_Qt6["Qt6"]\n    node_venv_lib_python3_12_site-packages_PyQt6_Qt6 --> node_venv_lib_python3_12_site-packages_PyQt6_Qt6_qml["qml"]\n    node_venv_lib_python3_12_site-packages_PyQt6_Qt6_qml --> node_venv_lib_python3_12_site-packages_PyQt6_Qt6_qml_QtQuick["QtQuick"]\n    node_venv_lib_python3_12_site-packages_PyQt6_Qt6_qml_QtQuick --> node_venv_lib_python3_12_site-packages_PyQt6_Qt6_qml_QtQuick_Timeline["Timeline"]\n    node_venv_lib_python3_12_site-packages_PyQt6_Qt6_qml_QtQuick_Timeline --> node_venv_lib_python3_12_site-packages_PyQt6_Qt6_qml_QtQuick_Timeline_qmldir["qmldir"]\n    Root --> node_venv["venv"]\n    node_venv --> node_venv_lib["lib"]\n    node_venv_lib --> node_venv_lib_python3_12["python3.12"]\n    node_venv_lib_python3_12 --> node_venv_lib_python3_12_site-packages["site-packages"]\n    node_venv_lib_python3_12_site-packages --> node_venv_lib_python3_12_site-packages_PyQt6["PyQt6"]\n    node_venv_lib_python3_12_site-packages_PyQt6 --> node_venv_lib_python3_12_site-packages_PyQt6_Qt6["Qt6"]\n    node_venv_lib_python3_12_site-packages_PyQt6_Qt6 --> node_venv_lib_python3_12_site-packages_PyQt6_Qt6_qml["qml"]\n    node_venv_lib_python3_12_site-packages_PyQt6_Qt6_qml --> node_venv_lib_python3_12_site-packages_PyQt6_Qt6_qml_QtQuick["QtQuick"]\n    node_venv_lib_python3_12_site-packages_PyQt6_Qt6_qml_QtQuick --> node_venv_lib_python3_12_site-packages_PyQt6_Qt6_qml_QtQuick_Timeline["Timeline"]\n    node_venv_lib_python3_12_site-packages_PyQt6_Qt6_qml_QtQuick_Timeline --> node_venv_lib_python3_12_site-packages_PyQt6_Qt6_qml_QtQuick_Timeline_BlendTrees["BlendTrees"]\n    node_venv_lib_python3_12_site-packages_PyQt6_Qt6_qml_QtQuick_Timeline_BlendTrees --> node_venv_lib_python3_12_site-packages_PyQt6_Qt6_qml_QtQuick_Timeline_BlendTrees_libqtquicktimelineblendtreesplugin_dylib["libqtquicktimelineblendtreesplugin.dylib"]\n    Root --> node_venv["venv"]\n    node_venv --> node_venv_lib["lib"]\n    node_venv_lib --> node_venv_lib_python3_12["python3.12"]\n    node_venv_lib_python3_12 --> node_venv_lib_python3_12_site-packages["site-packages"]\n    node_venv_lib_python3_12_site-packages --> node_venv_lib_python3_12_site-packages_PyQt6["PyQt6"]\n    node_venv_lib_python3_12_site-packages_PyQt6 --> node_venv_lib_python3_12_site-packages_PyQt6_Qt6["Qt6"]\n    node_venv_lib_python3_12_site-packages_PyQt6_Qt6 --> node_venv_lib_python3_12_site-packages_PyQt6_Qt6_qml["qml"]\n    node_venv_lib_python3_12_site-packages_PyQt6_Qt6_qml --> node_venv_lib_python3_12_site-packages_PyQt6_Qt6_qml_QtQuick["QtQuick"]\n    node_venv_lib_python3_12_site-packages_PyQt6_Qt6_qml_QtQuick --> node_venv_lib_python3_12_site-packages_PyQt6_Qt6_qml_QtQuick_Timeline["Timeline"]\n    node_venv_lib_python3_12_site-packages_PyQt6_Qt6_qml_QtQuick_Timeline --> node_venv_lib_python3_12_site-packages_PyQt6_Qt6_qml_QtQuick_Timeline_BlendTrees["BlendTrees"]\n    node_venv_lib_python3_12_site-packages_PyQt6_Qt6_qml_QtQuick_Timeline_BlendTrees --> node_venv_lib_python3_12_site-packages_PyQt6_Qt6_qml_QtQuick_Timeline_BlendTrees_plugins_qmltypes["plugins.qmltypes"]\n    Root --> node_venv["venv"]\n    node_venv --> node_venv_lib["lib"]\n    node_venv_lib --> node_venv_lib_python3_12["python3.12"]\n    node_venv_lib_python3_12 --> node_venv_lib_python3_12_site-packages["site-packages"]\n    node_venv_lib_python3_12_site-packages --> node_venv_lib_python3_12_site-packages_PyQt6["PyQt6"]\n    node_venv_lib_python3_12_site-packages_PyQt6 --> node_venv_lib_python3_12_site-packages_PyQt6_Qt6["Qt6"]\n    node_venv_lib_python3_12_site-packages_PyQt6_Qt6 --> node_venv_lib_python3_12_site-packages_PyQt6_Qt6_qml["qml"]\n    node_venv_lib_python3_12_site-packages_PyQt6_Qt6_qml --> node_venv_lib_python3_12_site-packages_PyQt6_Qt6_qml_QtQuick["QtQuick"]\n    node_venv_lib_python3_12_site-packages_PyQt6_Qt6_qml_QtQuick --> node_venv_lib_python3_12_site-packages_PyQt6_Qt6_qml_QtQuick_Timeline["Timeline"]\n    node_venv_lib_python3_12_site-packages_PyQt6_Qt6_qml_QtQuick_Timeline --> node_venv_lib_python3_12_site-packages_PyQt6_Qt6_qml_QtQuick_Timeline_BlendTrees["BlendTrees"]\n    node_venv_lib_python3_12_site-packages_PyQt6_Qt6_qml_QtQuick_Timeline_BlendTrees --> node_venv_lib_python3_12_site-packages_PyQt6_Qt6_qml_QtQuick_Timeline_BlendTrees_qmldir["qmldir"]\n    Root --> node_venv["venv"]\n    node_venv --> node_venv_lib["lib"]\n    node_venv_lib --> node_venv_lib_python3_12["python3.12"]\n    node_venv_lib_python3_12 --> node_venv_lib_python3_12_site-packages["site-packages"]\n    node_venv_lib_python3_12_site-packages --> node_venv_lib_python3_12_site-packages_PyQt6["PyQt6"]\n    node_venv_lib_python3_12_site-packages_PyQt6 --> node_venv_lib_python3_12_site-packages_PyQt6_Qt6["Qt6"]\n    node_venv_lib_python3_12_site-packages_PyQt6_Qt6 --> node_venv_lib_python3_12_site-packages_PyQt6_Qt6_qml["qml"]\n    node_venv_lib_python3_12_site-packages_PyQt6_Qt6_qml --> node_venv_lib_python3_12_site-packages_PyQt6_Qt6_qml_QtQuick["QtQuick"]\n    node_venv_lib_python3_12_site-packages_PyQt6_Qt6_qml_QtQuick --> node_venv_lib_python3_12_site-packages_PyQt6_Qt6_qml_QtQuick_NativeStyle["NativeStyle"]\n    node_venv_lib_python3_12_site-packages_PyQt6_Qt6_qml_QtQuick_NativeStyle --> node_venv_lib_python3_12_site-packages_PyQt6_Qt6_qml_QtQuick_NativeStyle_libqtquickcontrols2nativestyleplugin_dylib["libqtquickcontrols2nativestyleplugin.dylib"]\n    Root --> node_venv["venv"]\n    node_venv --> node_venv_lib["lib"]\n    node_venv_lib --> node_venv_lib_python3_12["python3.12"]\n    node_venv_lib_python3_12 --> node_venv_lib_python3_12_site-packages["site-packages"]\n    node_venv_lib_python3_12_site-packages --> node_venv_lib_python3_12_site-packages_PyQt6["PyQt6"]\n    node_venv_lib_python3_12_site-packages_PyQt6 --> node_venv_lib_python3_12_site-packages_PyQt6_Qt6["Qt6"]\n    node_venv_lib_python3_12_site-packages_PyQt6_Qt6 --> node_venv_lib_python3_12_site-packages_PyQt6_Qt6_qml["qml"]\n    node_venv_lib_python3_12_site-packages_PyQt6_Qt6_qml --> node_venv_lib_python3_12_site-packages_PyQt6_Qt6_qml_QtQuick["QtQuick"]\n    node_venv_lib_python3_12_site-packages_PyQt6_Qt6_qml_QtQuick --> node_venv_lib_python3_12_site-packages_PyQt6_Qt6_qml_QtQuick_NativeStyle["NativeStyle"]\n    node_venv_lib_python3_12_site-packages_PyQt6_Qt6_qml_QtQuick_NativeStyle --> node_venv_lib_python3_12_site-packages_PyQt6_Qt6_qml_QtQuick_NativeStyle_plugins_qmltypes["plugins.qmltypes"]\n    Root --> node_venv["venv"]\n    node_venv --> node_venv_lib["lib"]\n    node_venv_lib --> node_venv_lib_python3_12["python3.12"]\n    node_venv_lib_python3_12 --> node_venv_lib_python3_12_site-packages["site-packages"]\n    node_venv_lib_python3_12_site-packages --> node_venv_lib_python3_12_site-packages_PyQt6["PyQt6"]\n    node_venv_lib_python3_12_site-packages_PyQt6 --> node_venv_lib_python3_12_site-packages_PyQt6_Qt6["Qt6"]\n    node_venv_lib_python3_12_site-packages_PyQt6_Qt6 --> node_venv_lib_python3_12_site-packages_PyQt6_Qt6_qml["qml"]\n    node_venv_lib_python3_12_site-packages_PyQt6_Qt6_qml --> node_venv_lib_python3_12_site-packages_PyQt6_Qt6_qml_QtQuick["QtQuick"]\n    node_venv_lib_python3_12_site-packages_PyQt6_Qt6_qml_QtQuick --> node_venv_lib_python3_12_site-packages_PyQt6_Qt6_qml_QtQuick_NativeStyle["NativeStyle"]\n    node_venv_lib_python3_12_site-packages_PyQt6_Qt6_qml_QtQuick_NativeStyle --> node_venv_lib_python3_12_site-packages_PyQt6_Qt6_qml_QtQuick_NativeStyle_qmldir["qmldir"]\n    Root --> node_venv["venv"]\n    node_venv --> node_venv_lib["lib"]\n    node_venv_lib --> node_venv_lib_python3_12["python3.12"]\n    node_venv_lib_python3_12 --> node_venv_lib_python3_12_site-packages["site-packages"]\n    node_venv_lib_python3_12_site-packages --> node_venv_lib_python3_12_site-packages_PyQt6["PyQt6"]\n    node_venv_lib_python3_12_site-packages_PyQt6 --> node_venv_lib_python3_12_site-packages_PyQt6_Qt6["Qt6"]\n    node_venv_lib_python3_12_site-packages_PyQt6_Qt6 --> node_venv_lib_python3_12_site-packages_PyQt6_Qt6_qml["qml"]\n    node_venv_lib_python3_12_site-packages_PyQt6_Qt6_qml --> node_venv_lib_python3_12_site-packages_PyQt6_Qt6_qml_QtQuick["QtQuick"]\n    node_venv_lib_python3_12_site-packages_PyQt6_Qt6_qml_QtQuick --> node_venv_lib_python3_12_site-packages_PyQt6_Qt6_qml_QtQuick_NativeStyle["NativeStyle"]\n    node_venv_lib_python3_12_site-packages_PyQt6_Qt6_qml_QtQuick_NativeStyle --> node_venv_lib_python3_12_site-packages_PyQt6_Qt6_qml_QtQuick_NativeStyle_util["util"]\n    node_venv_lib_python3_12_site-packages_PyQt6_Qt6_qml_QtQuick_NativeStyle_util --> node_venv_lib_python3_12_site-packages_PyQt6_Qt6_qml_QtQuick_NativeStyle_util_MacFocusFrame_qml["MacFocusFrame.qml"]\n    Root --> node_venv["venv"]\n    node_venv --> node_venv_lib["lib"]\n    node_venv_lib --> node_venv_lib_python3_12["python3.12"]\n    node_venv_lib_python3_12 --> node_venv_lib_python3_12_site-packages["site-packages"]\n    node_venv_lib_python3_12_site-packages --> node_venv_lib_python3_12_site-packages_PyQt6["PyQt6"]\n    node_venv_lib_python3_12_site-packages_PyQt6 --> node_venv_lib_python3_12_site-packages_PyQt6_Qt6["Qt6"]\n    node_venv_lib_python3_12_site-packages_PyQt6_Qt6 --> node_venv_lib_python3_12_site-packages_PyQt6_Qt6_qml["qml"]\n    node_venv_lib_python3_12_site-packages_PyQt6_Qt6_qml --> node_venv_lib_python3_12_site-packages_PyQt6_Qt6_qml_QtQuick["QtQuick"]\n    node_venv_lib_python3_12_site-packages_PyQt6_Qt6_qml_QtQuick --> node_venv_lib_python3_12_site-packages_PyQt6_Qt6_qml_QtQuick_NativeStyle["NativeStyle"]\n    node_venv_lib_python3_12_site-packages_PyQt6_Qt6_qml_QtQuick_NativeStyle --> node_venv_lib_python3_12_site-packages_PyQt6_Qt6_qml_QtQuick_NativeStyle_util["util"]\n    node_venv_lib_python3_12_site-packages_PyQt6_Qt6_qml_QtQuick_NativeStyle_util --> node_venv_lib_python3_12_site-packages_PyQt6_Qt6_qml_QtQuick_NativeStyle_util_qmldir["qmldir"]\n    Root --> node_venv["venv"]\n    node_venv --> node_venv_lib["lib"]\n    node_venv_lib --> node_venv_lib_python3_12["python3.12"]\n    node_venv_lib_python3_12 --> node_venv_lib_python3_12_site-packages["site-packages"]\n    node_venv_lib_python3_12_site-packages --> node_venv_lib_python3_12_site-packages_PyQt6["PyQt6"]\n    node_venv_lib_python3_12_site-packages_PyQt6 --> node_venv_lib_python3_12_site-packages_PyQt6_Qt6["Qt6"]\n    node_venv_lib_python3_12_site-packages_PyQt6_Qt6 --> node_venv_lib_python3_12_site-packages_PyQt6_Qt6_qml["qml"]\n    node_venv_lib_python3_12_site-packages_PyQt6_Qt6_qml --> node_venv_lib_python3_12_site-packages_PyQt6_Qt6_qml_QtQuick["QtQuick"]\n    node_venv_lib_python3_12_site-packages_PyQt6_Qt6_qml_QtQuick --> node_venv_lib_python3_12_site-packages_PyQt6_Qt6_qml_QtQuick_NativeStyle["NativeStyle"]\n    node_venv_lib_python3_12_site-packages_PyQt6_Qt6_qml_QtQuick_NativeStyle --> node_venv_lib_python3_12_site-packages_PyQt6_Qt6_qml_QtQuick_NativeStyle_controls["controls"]\n    node_venv_lib_python3_12_site-packages_PyQt6_Qt6_qml_QtQuick_NativeStyle_controls --> node_venv_lib_python3_12_site-packages_PyQt6_Qt6_qml_QtQuick_NativeStyle_controls_DefaultButton_qml["DefaultButton.qml"]\n    Root --> node_venv["venv"]\n    node_venv --> node_venv_lib["lib"]\n    node_venv_lib --> node_venv_lib_python3_12["python3.12"]\n    node_venv_lib_python3_12 --> node_venv_lib_python3_12_site-packages["site-packages"]\n    node_venv_lib_python3_12_site-packages --> node_venv_lib_python3_12_site-packages_PyQt6["PyQt6"]\n    node_venv_lib_python3_12_site-packages_PyQt6 --> node_venv_lib_python3_12_site-packages_PyQt6_Qt6["Qt6"]\n    node_venv_lib_python3_12_site-packages_PyQt6_Qt6 --> node_venv_lib_python3_12_site-packages_PyQt6_Qt6_qml["qml"]\n    node_venv_lib_python3_12_site-packages_PyQt6_Qt6_qml --> node_venv_lib_python3_12_site-packages_PyQt6_Qt6_qml_QtQuick["QtQuick"]\n    node_venv_lib_python3_12_site-packages_PyQt6_Qt6_qml_QtQuick --> node_venv_lib_python3_12_site-packages_PyQt6_Qt6_qml_QtQuick_NativeStyle["NativeStyle"]\n    node_venv_lib_python3_12_site-packages_PyQt6_Qt6_qml_QtQuick_NativeStyle --> node_venv_lib_python3_12_site-packages_PyQt6_Qt6_qml_QtQuick_NativeStyle_controls["controls"]\n    node_venv_lib_python3_12_site-packages_PyQt6_Qt6_qml_QtQuick_NativeStyle_controls --> node_venv_lib_python3_12_site-packages_PyQt6_Qt6_qml_QtQuick_NativeStyle_controls_DefaultCheckBox_qml["DefaultCheckBox.qml"]\n    Root --> node_venv["venv"]\n    node_venv --> node_venv_lib["lib"]\n    node_venv_lib --> node_venv_lib_python3_12["python3.12"]\n    node_venv_lib_python3_12 --> node_venv_lib_python3_12_site-packages["site-packages"]\n    node_venv_lib_python3_12_site-packages --> node_venv_lib_python3_12_site-packages_PyQt6["PyQt6"]\n    node_venv_lib_python3_12_site-packages_PyQt6 --> node_venv_lib_python3_12_site-packages_PyQt6_Qt6["Qt6"]\n    node_venv_lib_python3_12_site-packages_PyQt6_Qt6 --> node_venv_lib_python3_12_site-packages_PyQt6_Qt6_qml["qml"]\n    node_venv_lib_python3_12_site-packages_PyQt6_Qt6_qml --> node_venv_lib_python3_12_site-packages_PyQt6_Qt6_qml_QtQuick["QtQuick"]\n    node_venv_lib_python3_12_site-packages_PyQt6_Qt6_qml_QtQuick --> node_venv_lib_python3_12_site-packages_PyQt6_Qt6_qml_QtQuick_NativeStyle["NativeStyle"]\n    node_venv_lib_python3_12_site-packages_PyQt6_Qt6_qml_QtQuick_NativeStyle --> node_venv_lib_python3_12_site-packages_PyQt6_Qt6_qml_QtQuick_NativeStyle_controls["controls"]\n    node_venv_lib_python3_12_site-packages_PyQt6_Qt6_qml_QtQuick_NativeStyle_controls --> node_venv_lib_python3_12_site-packages_PyQt6_Qt6_qml_QtQuick_NativeStyle_controls_DefaultComboBox_qml["DefaultComboBox.qml"]\n    Root --> node_venv["venv"]\n    node_venv --> node_venv_lib["lib"]\n    node_venv_lib --> node_venv_lib_python3_12["python3.12"]\n    node_venv_lib_python3_12 --> node_venv_lib_python3_12_site-packages["site-packages"]\n    node_venv_lib_python3_12_site-packages --> node_venv_lib_python3_12_site-packages_PyQt6["PyQt6"]\n    node_venv_lib_python3_12_site-packages_PyQt6 --> node_venv_lib_python3_12_site-packages_PyQt6_Qt6["Qt6"]\n    node_venv_lib_python3_12_site-packages_PyQt6_Qt6 --> node_venv_lib_python3_12_site-packages_PyQt6_Qt6_qml["qml"]\n    node_venv_lib_python3_12_site-packages_PyQt6_Qt6_qml --> node_venv_lib_python3_12_site-packages_PyQt6_Qt6_qml_QtQuick["QtQuick"]\n    node_venv_lib_python3_12_site-packages_PyQt6_Qt6_qml_QtQuick --> node_venv_lib_python3_12_site-packages_PyQt6_Qt6_qml_QtQuick_NativeStyle["NativeStyle"]\n    node_venv_lib_python3_12_site-packages_PyQt6_Qt6_qml_QtQuick_NativeStyle --> node_venv_lib_python3_12_site-packages_PyQt6_Qt6_qml_QtQuick_NativeStyle_controls["controls"]\n    node_venv_lib_python3_12_site-packages_PyQt6_Qt6_qml_QtQuick_NativeStyle_controls --> node_venv_lib_python3_12_site-packages_PyQt6_Qt6_qml_QtQuick_NativeStyle_controls_DefaultDial_qml["DefaultDial.qml"]\n    Root --> node_venv["venv"]\n    node_venv --> node_venv_lib["lib"]\n    node_venv_lib --> node_venv_lib_python3_12["python3.12"]\n    node_venv_lib_python3_12 --> node_venv_lib_python3_12_site-packages["site-packages"]\n    node_venv_lib_python3_12_site-packages --> node_venv_lib_python3_12_site-packages_PyQt6["PyQt6"]\n    node_venv_lib_python3_12_site-packages_PyQt6 --> node_venv_lib_python3_12_site-packages_PyQt6_Qt6["Qt6"]\n    node_venv_lib_python3_12_site-packages_PyQt6_Qt6 --> node_venv_lib_python3_12_site-packages_PyQt6_Qt6_qml["qml"]\n    node_venv_lib_python3_12_site-packages_PyQt6_Qt6_qml --> node_venv_lib_python3_12_site-packages_PyQt6_Qt6_qml_QtQuick["QtQuick"]\n    node_venv_lib_python3_12_site-packages_PyQt6_Qt6_qml_QtQuick --> node_venv_lib_python3_12_site-packages_PyQt6_Qt6_qml_QtQuick_NativeStyle["NativeStyle"]\n    node_venv_lib_python3_12_site-packages_PyQt6_Qt6_qml_QtQuick_NativeStyle --> node_venv_lib_python3_12_site-packages_PyQt6_Qt6_qml_QtQuick_NativeStyle_controls["controls"]\n    node_venv_lib_python3_12_site-packages_PyQt6_Qt6_qml_QtQuick_NativeStyle_controls --> node_venv_lib_python3_12_site-packages_PyQt6_Qt6_qml_QtQuick_NativeStyle_controls_DefaultFrame_qml["DefaultFrame.qml"]\n    Root --> node_venv["venv"]\n    node_venv --> node_venv_lib["lib"]\n    node_venv_lib --> node_venv_lib_python3_12["python3.12"]\n    node_venv_lib_python3_12 --> node_venv_lib_python3_12_site-packages["site-packages"]\n    node_venv_lib_python3_12_site-packages --> node_venv_lib_python3_12_site-packages_PyQt6["PyQt6"]\n    node_venv_lib_python3_12_site-packages_PyQt6 --> node_venv_lib_python3_12_site-packages_PyQt6_Qt6["Qt6"]\n    node_venv_lib_python3_12_site-packages_PyQt6_Qt6 --> node_venv_lib_python3_12_site-packages_PyQt6_Qt6_qml["qml"]\n    node_venv_lib_python3_12_site-packages_PyQt6_Qt6_qml --> node_venv_lib_python3_12_site-packages_PyQt6_Qt6_qml_QtQuick["QtQuick"]\n    node_venv_lib_python3_12_site-packages_PyQt6_Qt6_qml_QtQuick --> node_venv_lib_python3_12_site-packages_PyQt6_Qt6_qml_QtQuick_NativeStyle["NativeStyle"]\n    node_venv_lib_python3_12_site-packages_PyQt6_Qt6_qml_QtQuick_NativeStyle --> node_venv_lib_python3_12_site-packages_PyQt6_Qt6_qml_QtQuick_NativeStyle_controls["controls"]\n    node_venv_lib_python3_12_site-packages_PyQt6_Qt6_qml_QtQuick_NativeStyle_controls --> node_venv_lib_python3_12_site-packages_PyQt6_Qt6_qml_QtQuick_NativeStyle_controls_DefaultGroupBox_qml["DefaultGroupBox.qml"]\n    Root --> node_venv["venv"]\n    node_venv --> node_venv_lib["lib"]\n    node_venv_lib --> node_venv_lib_python3_12["python3.12"]\n    node_venv_lib_python3_12 --> node_venv_lib_python3_12_site-packages["site-packages"]\n    node_venv_lib_python3_12_site-packages --> node_venv_lib_python3_12_site-packages_PyQt6["PyQt6"]\n    node_venv_lib_python3_12_site-packages_PyQt6 --> node_venv_lib_python3_12_site-packages_PyQt6_Qt6["Qt6"]\n    node_venv_lib_python3_12_site-packages_PyQt6_Qt6 --> node_venv_lib_python3_12_site-packages_PyQt6_Qt6_qml["qml"]\n    node_venv_lib_python3_12_site-packages_PyQt6_Qt6_qml --> node_venv_lib_python3_12_site-packages_PyQt6_Qt6_qml_QtQuick["QtQuick"]\n    node_venv_lib_python3_12_site-packages_PyQt6_Qt6_qml_QtQuick --> node_venv_lib_python3_12_site-packages_PyQt6_Qt6_qml_QtQuick_NativeStyle["NativeStyle"]\n    node_venv_lib_python3_12_site-packages_PyQt6_Qt6_qml_QtQuick_NativeStyle --> node_venv_lib_python3_12_site-packages_PyQt6_Qt6_qml_QtQuick_NativeStyle_controls["controls"]\n    node_venv_lib_python3_12_site-packages_PyQt6_Qt6_qml_QtQuick_NativeStyle_controls --> node_venv_lib_python3_12_site-packages_PyQt6_Qt6_qml_QtQuick_NativeStyle_controls_DefaultItemDelegate_qml["DefaultItemDelegate.qml"]\n    Root --> node_venv["venv"]\n    node_venv --> node_venv_lib["lib"]\n    node_venv_lib --> node_venv_lib_python3_12["python3.12"]\n    node_venv_lib_python3_12 --> node_venv_lib_python3_12_site-packages["site-packages"]\n    node_venv_lib_python3_12_site-packages --> node_venv_lib_python3_12_site-packages_PyQt6["PyQt6"]\n    node_venv_lib_python3_12_site-packages_PyQt6 --> node_venv_lib_python3_12_site-packages_PyQt6_Qt6["Qt6"]\n    node_venv_lib_python3_12_site-packages_PyQt6_Qt6 --> node_venv_lib_python3_12_site-packages_PyQt6_Qt6_qml["qml"]\n    node_venv_lib_python3_12_site-packages_PyQt6_Qt6_qml --> node_venv_lib_python3_12_site-packages_PyQt6_Qt6_qml_QtQuick["QtQuick"]\n    node_venv_lib_python3_12_site-packages_PyQt6_Qt6_qml_QtQuick --> node_venv_lib_python3_12_site-packages_PyQt6_Qt6_qml_QtQuick_NativeStyle["NativeStyle"]\n    node_venv_lib_python3_12_site-packages_PyQt6_Qt6_qml_QtQuick_NativeStyle --> node_venv_lib_python3_12_site-packages_PyQt6_Qt6_qml_QtQuick_NativeStyle_controls["controls"]\n    node_venv_lib_python3_12_site-packages_PyQt6_Qt6_qml_QtQuick_NativeStyle_controls --> node_venv_lib_python3_12_site-packages_PyQt6_Qt6_qml_QtQuick_NativeStyle_controls_DefaultItemDelegateIconLabel_qml["DefaultItemDelegateIconLabel.qml"]\n    Root --> node_venv["venv"]\n    node_venv --> node_venv_lib["lib"]\n    node_venv_lib --> node_venv_lib_python3_12["python3.12"]\n    node_venv_lib_python3_12 --> node_venv_lib_python3_12_site-packages["site-packages"]\n    node_venv_lib_python3_12_site-packages --> node_venv_lib_python3_12_site-packages_PyQt6["PyQt6"]\n    node_venv_lib_python3_12_site-packages_PyQt6 --> node_venv_lib_python3_12_site-packages_PyQt6_Qt6["Qt6"]\n    node_venv_lib_python3_12_site-packages_PyQt6_Qt6 --> node_venv_lib_python3_12_site-packages_PyQt6_Qt6_qml["qml"]\n    node_venv_lib_python3_12_site-packages_PyQt6_Qt6_qml --> node_venv_lib_python3_12_site-packages_PyQt6_Qt6_qml_QtQuick["QtQuick"]\n    node_venv_lib_python3_12_site-packages_PyQt6_Qt6_qml_QtQuick --> node_venv_lib_python3_12_site-packages_PyQt6_Qt6_qml_QtQuick_NativeStyle["NativeStyle"]\n    node_venv_lib_python3_12_site-packages_PyQt6_Qt6_qml_QtQuick_NativeStyle --> node_venv_lib_python3_12_site-packages_PyQt6_Qt6_qml_QtQuick_NativeStyle_controls["controls"]\n    node_venv_lib_python3_12_site-packages_PyQt6_Qt6_qml_QtQuick_NativeStyle_controls --> node_venv_lib_python3_12_site-packages_PyQt6_Qt6_qml_QtQuick_NativeStyle_controls_DefaultProgressBar_qml["DefaultProgressBar.qml"]\n    Root --> node_venv["venv"]\n    node_venv --> node_venv_lib["lib"]\n    node_venv_lib --> node_venv_lib_python3_12["python3.12"]\n    node_venv_lib_python3_12 --> node_venv_lib_python3_12_site-packages["site-packages"]\n    node_venv_lib_python3_12_site-packages --> node_venv_lib_python3_12_site-packages_PyQt6["PyQt6"]\n    node_venv_lib_python3_12_site-packages_PyQt6 --> node_venv_lib_python3_12_site-packages_PyQt6_Qt6["Qt6"]\n    node_venv_lib_python3_12_site-packages_PyQt6_Qt6 --> node_venv_lib_python3_12_site-packages_PyQt6_Qt6_qml["qml"]\n    node_venv_lib_python3_12_site-packages_PyQt6_Qt6_qml --> node_venv_lib_python3_12_site-packages_PyQt6_Qt6_qml_QtQuick["QtQuick"]\n    node_venv_lib_python3_12_site-packages_PyQt6_Qt6_qml_QtQuick --> node_venv_lib_python3_12_site-packages_PyQt6_Qt6_qml_QtQuick_NativeStyle["NativeStyle"]\n    node_venv_lib_python3_12_site-packages_PyQt6_Qt6_qml_QtQuick_NativeStyle --> node_venv_lib_python3_12_site-packages_PyQt6_Qt6_qml_QtQuick_NativeStyle_controls["controls"]\n    node_venv_lib_python3_12_site-packages_PyQt6_Qt6_qml_QtQuick_NativeStyle_controls --> node_venv_lib_python3_12_site-packages_PyQt6_Qt6_qml_QtQuick_NativeStyle_controls_DefaultRadioButton_qml["DefaultRadioButton.qml"]\n    Root --> node_venv["venv"]\n    node_venv --> node_venv_lib["lib"]\n    node_venv_lib --> node_venv_lib_python3_12["python3.12"]\n    node_venv_lib_python3_12 --> node_venv_lib_python3_12_site-packages["site-packages"]\n    node_venv_lib_python3_12_site-packages --> node_venv_lib_python3_12_site-packages_PyQt6["PyQt6"]\n    node_venv_lib_python3_12_site-packages_PyQt6 --> node_venv_lib_python3_12_site-packages_PyQt6_Qt6["Qt6"]\n    node_venv_lib_python3_12_site-packages_PyQt6_Qt6 --> node_venv_lib_python3_12_site-packages_PyQt6_Qt6_qml["qml"]\n    node_venv_lib_python3_12_site-packages_PyQt6_Qt6_qml --> node_venv_lib_python3_12_site-packages_PyQt6_Qt6_qml_QtQuick["QtQuick"]\n    node_venv_lib_python3_12_site-packages_PyQt6_Qt6_qml_QtQuick --> node_venv_lib_python3_12_site-packages_PyQt6_Qt6_qml_QtQuick_NativeStyle["NativeStyle"]\n    node_venv_lib_python3_12_site-packages_PyQt6_Qt6_qml_QtQuick_NativeStyle --> node_venv_lib_python3_12_site-packages_PyQt6_Qt6_qml_QtQuick_NativeStyle_controls["controls"]\n    node_venv_lib_python3_12_site-packages_PyQt6_Qt6_qml_QtQuick_NativeStyle_controls --> node_venv_lib_python3_12_site-packages_PyQt6_Qt6_qml_QtQuick_NativeStyle_controls_DefaultRadioDelegate_qml["DefaultRadioDelegate.qml"]\n    Root --> node_venv["venv"]\n    node_venv --> node_venv_lib["lib"]\n    node_venv_lib --> node_venv_lib_python3_12["python3.12"]\n    node_venv_lib_python3_12 --> node_venv_lib_python3_12_site-packages["site-packages"]\n    node_venv_lib_python3_12_site-packages --> node_venv_lib_python3_12_site-packages_PyQt6["PyQt6"]\n    node_venv_lib_python3_12_site-packages_PyQt6 --> node_venv_lib_python3_12_site-packages_PyQt6_Qt6["Qt6"]\n    node_venv_lib_python3_12_site-packages_PyQt6_Qt6 --> node_venv_lib_python3_12_site-packages_PyQt6_Qt6_qml["qml"]\n    node_venv_lib_python3_12_site-packages_PyQt6_Qt6_qml --> node_venv_lib_python3_12_site-packages_PyQt6_Qt6_qml_QtQuick["QtQuick"]\n    node_venv_lib_python3_12_site-packages_PyQt6_Qt6_qml_QtQuick --> node_venv_lib_python3_12_site-packages_PyQt6_Qt6_qml_QtQuick_NativeStyle["NativeStyle"]\n    node_venv_lib_python3_12_site-packages_PyQt6_Qt6_qml_QtQuick_NativeStyle --> node_venv_lib_python3_12_site-packages_PyQt6_Qt6_qml_QtQuick_NativeStyle_controls["controls"]\n    node_venv_lib_python3_12_site-packages_PyQt6_Qt6_qml_QtQuick_NativeStyle_controls --> node_venv_lib_python3_12_site-packages_PyQt6_Qt6_qml_QtQuick_NativeStyle_controls_DefaultScrollBar_qml["DefaultScrollBar.qml"]\n    Root --> node_venv["venv"]\n    node_venv --> node_venv_lib["lib"]\n    node_venv_lib --> node_venv_lib_python3_12["python3.12"]\n    node_venv_lib_python3_12 --> node_venv_lib_python3_12_site-packages["site-packages"]\n    node_venv_lib_python3_12_site-packages --> node_venv_lib_python3_12_site-packages_PyQt6["PyQt6"]\n    node_venv_lib_python3_12_site-packages_PyQt6 --> node_venv_lib_python3_12_site-packages_PyQt6_Qt6["Qt6"]\n    node_venv_lib_python3_12_site-packages_PyQt6_Qt6 --> node_venv_lib_python3_12_site-packages_PyQt6_Qt6_qml["qml"]\n    node_venv_lib_python3_12_site-packages_PyQt6_Qt6_qml --> node_venv_lib_python3_12_site-packages_PyQt6_Qt6_qml_QtQuick["QtQuick"]\n    node_venv_lib_python3_12_site-packages_PyQt6_Qt6_qml_QtQuick --> node_venv_lib_python3_12_site-packages_PyQt6_Qt6_qml_QtQuick_NativeStyle["NativeStyle"]\n    node_venv_lib_python3_12_site-packages_PyQt6_Qt6_qml_QtQuick_NativeStyle --> node_venv_lib_python3_12_site-packages_PyQt6_Qt6_qml_QtQuick_NativeStyle_controls["controls"]\n    node_venv_lib_python3_12_site-packages_PyQt6_Qt6_qml_QtQuick_NativeStyle_controls --> node_venv_lib_python3_12_site-packages_PyQt6_Qt6_qml_QtQuick_NativeStyle_controls_DefaultSearchField_qml["DefaultSearchField.qml"]\n    Root --> node_venv["venv"]\n    node_venv --> node_venv_lib["lib"]\n    node_venv_lib --> node_venv_lib_python3_12["python3.12"]\n    node_venv_lib_python3_12 --> node_venv_lib_python3_12_site-packages["site-packages"]\n    node_venv_lib_python3_12_site-packages --> node_venv_lib_python3_12_site-packages_PyQt6["PyQt6"]\n    node_venv_lib_python3_12_site-packages_PyQt6 --> node_venv_lib_python3_12_site-packages_PyQt6_Qt6["Qt6"]\n    node_venv_lib_python3_12_site-packages_PyQt6_Qt6 --> node_venv_lib_python3_12_site-packages_PyQt6_Qt6_qml["qml"]\n    node_venv_lib_python3_12_site-packages_PyQt6_Qt6_qml --> node_venv_lib_python3_12_site-packages_PyQt6_Qt6_qml_QtQuick["QtQuick"]\n    node_venv_lib_python3_12_site-packages_PyQt6_Qt6_qml_QtQuick --> node_venv_lib_python3_12_site-packages_PyQt6_Qt6_qml_QtQuick_NativeStyle["NativeStyle"]\n    node_venv_lib_python3_12_site-packages_PyQt6_Qt6_qml_QtQuick_NativeStyle --> node_venv_lib_python3_12_site-packages_PyQt6_Qt6_qml_QtQuick_NativeStyle_controls["controls"]\n    node_venv_lib_python3_12_site-packages_PyQt6_Qt6_qml_QtQuick_NativeStyle_controls --> node_venv_lib_python3_12_site-packages_PyQt6_Qt6_qml_QtQuick_NativeStyle_controls_DefaultSlider_qml["DefaultSlider.qml"]\n    Root --> node_venv["venv"]\n    node_venv --> node_venv_lib["lib"]\n    node_venv_lib --> node_venv_lib_python3_12["python3.12"]\n    node_venv_lib_python3_12 --> node_venv_lib_python3_12_site-packages["site-packages"]\n    node_venv_lib_python3_12_site-packages --> node_venv_lib_python3_12_site-packages_PyQt6["PyQt6"]\n    node_venv_lib_python3_12_site-packages_PyQt6 --> node_venv_lib_python3_12_site-packages_PyQt6_Qt6["Qt6"]\n    node_venv_lib_python3_12_site-packages_PyQt6_Qt6 --> node_venv_lib_python3_12_site-packages_PyQt6_Qt6_qml["qml"]\n    node_venv_lib_python3_12_site-packages_PyQt6_Qt6_qml --> node_venv_lib_python3_12_site-packages_PyQt6_Qt6_qml_QtQuick["QtQuick"]\n    node_venv_lib_python3_12_site-packages_PyQt6_Qt6_qml_QtQuick --> node_venv_lib_python3_12_site-packages_PyQt6_Qt6_qml_QtQuick_NativeStyle["NativeStyle"]\n    node_venv_lib_python3_12_site-packages_PyQt6_Qt6_qml_QtQuick_NativeStyle --> node_venv_lib_python3_12_site-packages_PyQt6_Qt6_qml_QtQuick_NativeStyle_controls["controls"]\n    node_venv_lib_python3_12_site-packages_PyQt6_Qt6_qml_QtQuick_NativeStyle_controls --> node_venv_lib_python3_12_site-packages_PyQt6_Qt6_qml_QtQuick_NativeStyle_controls_DefaultSpinBox_qml["DefaultSpinBox.qml"]\n    Root --> node_venv["venv"]\n    node_venv --> node_venv_lib["lib"]\n    node_venv_lib --> node_venv_lib_python3_12["python3.12"]\n    node_venv_lib_python3_12 --> node_venv_lib_python3_12_site-packages["site-packages"]\n    node_venv_lib_python3_12_site-packages --> node_venv_lib_python3_12_site-packages_PyQt6["PyQt6"]\n    node_venv_lib_python3_12_site-packages_PyQt6 --> node_venv_lib_python3_12_site-packages_PyQt6_Qt6["Qt6"]\n    node_venv_lib_python3_12_site-packages_PyQt6_Qt6 --> node_venv_lib_python3_12_site-packages_PyQt6_Qt6_qml["qml"]\n    node_venv_lib_python3_12_site-packages_PyQt6_Qt6_qml --> node_venv_lib_python3_12_site-packages_PyQt6_Qt6_qml_QtQuick["QtQuick"]\n    node_venv_lib_python3_12_site-packages_PyQt6_Qt6_qml_QtQuick --> node_venv_lib_python3_12_site-packages_PyQt6_Qt6_qml_QtQuick_NativeStyle["NativeStyle"]\n    node_venv_lib_python3_12_site-packages_PyQt6_Qt6_qml_QtQuick_NativeStyle --> node_venv_lib_python3_12_site-packages_PyQt6_Qt6_qml_QtQuick_NativeStyle_controls["controls"]\n    node_venv_lib_python3_12_site-packages_PyQt6_Qt6_qml_QtQuick_NativeStyle_controls --> node_venv_lib_python3_12_site-packages_PyQt6_Qt6_qml_QtQuick_NativeStyle_controls_DefaultTextArea_qml["DefaultTextArea.qml"]\n    Root --> node_venv["venv"]\n    node_venv --> node_venv_lib["lib"]\n    node_venv_lib --> node_venv_lib_python3_12["python3.12"]\n    node_venv_lib_python3_12 --> node_venv_lib_python3_12_site-packages["site-packages"]\n    node_venv_lib_python3_12_site-packages --> node_venv_lib_python3_12_site-packages_PyQt6["PyQt6"]\n    node_venv_lib_python3_12_site-packages_PyQt6 --> node_venv_lib_python3_12_site-packages_PyQt6_Qt6["Qt6"]\n    node_venv_lib_python3_12_site-packages_PyQt6_Qt6 --> node_venv_lib_python3_12_site-packages_PyQt6_Qt6_qml["qml"]\n    node_venv_lib_python3_12_site-packages_PyQt6_Qt6_qml --> node_venv_lib_python3_12_site-packages_PyQt6_Qt6_qml_QtQuick["QtQuick"]\n    node_venv_lib_python3_12_site-packages_PyQt6_Qt6_qml_QtQuick --> node_venv_lib_python3_12_site-packages_PyQt6_Qt6_qml_QtQuick_NativeStyle["NativeStyle"]\n    node_venv_lib_python3_12_site-packages_PyQt6_Qt6_qml_QtQuick_NativeStyle --> node_venv_lib_python3_12_site-packages_PyQt6_Qt6_qml_QtQuick_NativeStyle_controls["controls"]\n    node_venv_lib_python3_12_site-packages_PyQt6_Qt6_qml_QtQuick_NativeStyle_controls --> node_venv_lib_python3_12_site-packages_PyQt6_Qt6_qml_QtQuick_NativeStyle_controls_DefaultTextField_qml["DefaultTextField.qml"]\n    Root --> node_venv["venv"]\n    node_venv --> node_venv_lib["lib"]\n    node_venv_lib --> node_venv_lib_python3_12["python3.12"]\n    node_venv_lib_python3_12 --> node_venv_lib_python3_12_site-packages["site-packages"]\n    node_venv_lib_python3_12_site-packages --> node_venv_lib_python3_12_site-packages_PyQt6["PyQt6"]\n    node_venv_lib_python3_12_site-packages_PyQt6 --> node_venv_lib_python3_12_site-packages_PyQt6_Qt6["Qt6"]\n    node_venv_lib_python3_12_site-packages_PyQt6_Qt6 --> node_venv_lib_python3_12_site-packages_PyQt6_Qt6_qml["qml"]\n    node_venv_lib_python3_12_site-packages_PyQt6_Qt6_qml --> node_venv_lib_python3_12_site-packages_PyQt6_Qt6_qml_QtQuick["QtQuick"]\n    node_venv_lib_python3_12_site-packages_PyQt6_Qt6_qml_QtQuick --> node_venv_lib_python3_12_site-packages_PyQt6_Qt6_qml_QtQuick_NativeStyle["NativeStyle"]\n    node_venv_lib_python3_12_site-packages_PyQt6_Qt6_qml_QtQuick_NativeStyle --> node_venv_lib_python3_12_site-packages_PyQt6_Qt6_qml_QtQuick_NativeStyle_controls["controls"]\n    node_venv_lib_python3_12_site-packages_PyQt6_Qt6_qml_QtQuick_NativeStyle_controls --> node_venv_lib_python3_12_site-packages_PyQt6_Qt6_qml_QtQuick_NativeStyle_controls_DefaultTreeViewDelegate_qml["DefaultTreeViewDelegate.qml"]\n    Root --> node_venv["venv"]\n    node_venv --> node_venv_lib["lib"]\n    node_venv_lib --> node_venv_lib_python3_12["python3.12"]\n    node_venv_lib_python3_12 --> node_venv_lib_python3_12_site-packages["site-packages"]\n    node_venv_lib_python3_12_site-packages --> node_venv_lib_python3_12_site-packages_PyQt6["PyQt6"]\n    node_venv_lib_python3_12_site-packages_PyQt6 --> node_venv_lib_python3_12_site-packages_PyQt6_Qt6["Qt6"]\n    node_venv_lib_python3_12_site-packages_PyQt6_Qt6 --> node_venv_lib_python3_12_site-packages_PyQt6_Qt6_qml["qml"]\n    node_venv_lib_python3_12_site-packages_PyQt6_Qt6_qml --> node_venv_lib_python3_12_site-packages_PyQt6_Qt6_qml_QtQuick["QtQuick"]\n    node_venv_lib_python3_12_site-packages_PyQt6_Qt6_qml_QtQuick --> node_venv_lib_python3_12_site-packages_PyQt6_Qt6_qml_QtQuick_NativeStyle["NativeStyle"]\n    node_venv_lib_python3_12_site-packages_PyQt6_Qt6_qml_QtQuick_NativeStyle --> node_venv_lib_python3_12_site-packages_PyQt6_Qt6_qml_QtQuick_NativeStyle_controls["controls"]\n    node_venv_lib_python3_12_site-packages_PyQt6_Qt6_qml_QtQuick_NativeStyle_controls --> node_venv_lib_python3_12_site-packages_PyQt6_Qt6_qml_QtQuick_NativeStyle_controls_qmldir["qmldir"]\n    Root --> node_venv["venv"]\n    node_venv --> node_venv_lib["lib"]\n    node_venv_lib --> node_venv_lib_python3_12["python3.12"]\n    node_venv_lib_python3_12 --> node_venv_lib_python3_12_site-packages["site-packages"]\n    node_venv_lib_python3_12_site-packages --> node_venv_lib_python3_12_site-packages_PyQt6["PyQt6"]\n    node_venv_lib_python3_12_site-packages_PyQt6 --> node_venv_lib_python3_12_site-packages_PyQt6_Qt6["Qt6"]\n    node_venv_lib_python3_12_site-packages_PyQt6_Qt6 --> node_venv_lib_python3_12_site-packages_PyQt6_Qt6_qml["qml"]\n    node_venv_lib_python3_12_site-packages_PyQt6_Qt6_qml --> node_venv_lib_python3_12_site-packages_PyQt6_Qt6_qml_QtWebChannel["QtWebChannel"]\n    node_venv_lib_python3_12_site-packages_PyQt6_Qt6_qml_QtWebChannel --> node_venv_lib_python3_12_site-packages_PyQt6_Qt6_qml_QtWebChannel_libwebchannelquickplugin_dylib["libwebchannelquickplugin.dylib"]\n    Root --> node_venv["venv"]\n    node_venv --> node_venv_lib["lib"]\n    node_venv_lib --> node_venv_lib_python3_12["python3.12"]\n    node_venv_lib_python3_12 --> node_venv_lib_python3_12_site-packages["site-packages"]\n    node_venv_lib_python3_12_site-packages --> node_venv_lib_python3_12_site-packages_PyQt6["PyQt6"]\n    node_venv_lib_python3_12_site-packages_PyQt6 --> node_venv_lib_python3_12_site-packages_PyQt6_Qt6["Qt6"]\n    node_venv_lib_python3_12_site-packages_PyQt6_Qt6 --> node_venv_lib_python3_12_site-packages_PyQt6_Qt6_qml["qml"]\n    node_venv_lib_python3_12_site-packages_PyQt6_Qt6_qml --> node_venv_lib_python3_12_site-packages_PyQt6_Qt6_qml_QtWebChannel["QtWebChannel"]\n    node_venv_lib_python3_12_site-packages_PyQt6_Qt6_qml_QtWebChannel --> node_venv_lib_python3_12_site-packages_PyQt6_Qt6_qml_QtWebChannel_plugins_qmltypes["plugins.qmltypes"]\n    Root --> node_venv["venv"]\n    node_venv --> node_venv_lib["lib"]\n    node_venv_lib --> node_venv_lib_python3_12["python3.12"]\n    node_venv_lib_python3_12 --> node_venv_lib_python3_12_site-packages["site-packages"]\n    node_venv_lib_python3_12_site-packages --> node_venv_lib_python3_12_site-packages_PyQt6["PyQt6"]\n    node_venv_lib_python3_12_site-packages_PyQt6 --> node_venv_lib_python3_12_site-packages_PyQt6_Qt6["Qt6"]\n    node_venv_lib_python3_12_site-packages_PyQt6_Qt6 --> node_venv_lib_python3_12_site-packages_PyQt6_Qt6_qml["qml"]\n    node_venv_lib_python3_12_site-packages_PyQt6_Qt6_qml --> node_venv_lib_python3_12_site-packages_PyQt6_Qt6_qml_QtWebChannel["QtWebChannel"]\n    node_venv_lib_python3_12_site-packages_PyQt6_Qt6_qml_QtWebChannel --> node_venv_lib_python3_12_site-packages_PyQt6_Qt6_qml_QtWebChannel_qmldir["qmldir"]\n    Root --> node_venv["venv"]\n    node_venv --> node_venv_lib["lib"]\n    node_venv_lib --> node_venv_lib_python3_12["python3.12"]\n    node_venv_lib_python3_12 --> node_venv_lib_python3_12_site-packages["site-packages"]\n    node_venv_lib_python3_12_site-packages --> node_venv_lib_python3_12_site-packages_PyQt6["PyQt6"]\n    node_venv_lib_python3_12_site-packages_PyQt6 --> node_venv_lib_python3_12_site-packages_PyQt6_Qt6["Qt6"]\n    node_venv_lib_python3_12_site-packages_PyQt6_Qt6 --> node_venv_lib_python3_12_site-packages_PyQt6_Qt6_qml["qml"]\n    node_venv_lib_python3_12_site-packages_PyQt6_Qt6_qml --> node_venv_lib_python3_12_site-packages_PyQt6_Qt6_qml_QtMultimedia["QtMultimedia"]\n    node_venv_lib_python3_12_site-packages_PyQt6_Qt6_qml_QtMultimedia --> node_venv_lib_python3_12_site-packages_PyQt6_Qt6_qml_QtMultimedia_Video_qml["Video.qml"]\n    Root --> node_venv["venv"]\n    node_venv --> node_venv_lib["lib"]\n    node_venv_lib --> node_venv_lib_python3_12["python3.12"]\n    node_venv_lib_python3_12 --> node_venv_lib_python3_12_site-packages["site-packages"]\n    node_venv_lib_python3_12_site-packages --> node_venv_lib_python3_12_site-packages_PyQt6["PyQt6"]\n    node_venv_lib_python3_12_site-packages_PyQt6 --> node_venv_lib_python3_12_site-packages_PyQt6_Qt6["Qt6"]\n    node_venv_lib_python3_12_site-packages_PyQt6_Qt6 --> node_venv_lib_python3_12_site-packages_PyQt6_Qt6_qml["qml"]\n    node_venv_lib_python3_12_site-packages_PyQt6_Qt6_qml --> node_venv_lib_python3_12_site-packages_PyQt6_Qt6_qml_QtMultimedia["QtMultimedia"]\n    node_venv_lib_python3_12_site-packages_PyQt6_Qt6_qml_QtMultimedia --> node_venv_lib_python3_12_site-packages_PyQt6_Qt6_qml_QtMultimedia_libquickmultimediaplugin_dylib["libquickmultimediaplugin.dylib"]\n    Root --> node_venv["venv"]\n    node_venv --> node_venv_lib["lib"]\n    node_venv_lib --> node_venv_lib_python3_12["python3.12"]\n    node_venv_lib_python3_12 --> node_venv_lib_python3_12_site-packages["site-packages"]\n    node_venv_lib_python3_12_site-packages --> node_venv_lib_python3_12_site-packages_PyQt6["PyQt6"]\n    node_venv_lib_python3_12_site-packages_PyQt6 --> node_venv_lib_python3_12_site-packages_PyQt6_Qt6["Qt6"]\n    node_venv_lib_python3_12_site-packages_PyQt6_Qt6 --> node_venv_lib_python3_12_site-packages_PyQt6_Qt6_qml["qml"]\n    node_venv_lib_python3_12_site-packages_PyQt6_Qt6_qml --> node_venv_lib_python3_12_site-packages_PyQt6_Qt6_qml_QtMultimedia["QtMultimedia"]\n    node_venv_lib_python3_12_site-packages_PyQt6_Qt6_qml_QtMultimedia --> node_venv_lib_python3_12_site-packages_PyQt6_Qt6_qml_QtMultimedia_plugins_qmltypes["plugins.qmltypes"]\n    Root --> node_venv["venv"]\n    node_venv --> node_venv_lib["lib"]\n    node_venv_lib --> node_venv_lib_python3_12["python3.12"]\n    node_venv_lib_python3_12 --> node_venv_lib_python3_12_site-packages["site-packages"]\n    node_venv_lib_python3_12_site-packages --> node_venv_lib_python3_12_site-packages_PyQt6["PyQt6"]\n    node_venv_lib_python3_12_site-packages_PyQt6 --> node_venv_lib_python3_12_site-packages_PyQt6_Qt6["Qt6"]\n    node_venv_lib_python3_12_site-packages_PyQt6_Qt6 --> node_venv_lib_python3_12_site-packages_PyQt6_Qt6_qml["qml"]\n    node_venv_lib_python3_12_site-packages_PyQt6_Qt6_qml --> node_venv_lib_python3_12_site-packages_PyQt6_Qt6_qml_QtMultimedia["QtMultimedia"]\n    node_venv_lib_python3_12_site-packages_PyQt6_Qt6_qml_QtMultimedia --> node_venv_lib_python3_12_site-packages_PyQt6_Qt6_qml_QtMultimedia_qmldir["qmldir"]\n    Root --> node_venv["venv"]\n    node_venv --> node_venv_lib["lib"]\n    node_venv_lib --> node_venv_lib_python3_12["python3.12"]\n    node_venv_lib_python3_12 --> node_venv_lib_python3_12_site-packages["site-packages"]\n    node_venv_lib_python3_12_site-packages --> node_venv_lib_python3_12_site-packages_PyQt6["PyQt6"]\n    node_venv_lib_python3_12_site-packages_PyQt6 --> node_venv_lib_python3_12_site-packages_PyQt6_Qt6["Qt6"]\n    node_venv_lib_python3_12_site-packages_PyQt6_Qt6 --> node_venv_lib_python3_12_site-packages_PyQt6_Qt6_qml["qml"]\n    node_venv_lib_python3_12_site-packages_PyQt6_Qt6_qml --> node_venv_lib_python3_12_site-packages_PyQt6_Qt6_qml_QtPositioning["QtPositioning"]\n    node_venv_lib_python3_12_site-packages_PyQt6_Qt6_qml_QtPositioning --> node_venv_lib_python3_12_site-packages_PyQt6_Qt6_qml_QtPositioning_libpositioningquickplugin_dylib["libpositioningquickplugin.dylib"]\n    Root --> node_venv["venv"]\n    node_venv --> node_venv_lib["lib"]\n    node_venv_lib --> node_venv_lib_python3_12["python3.12"]\n    node_venv_lib_python3_12 --> node_venv_lib_python3_12_site-packages["site-packages"]\n    node_venv_lib_python3_12_site-packages --> node_venv_lib_python3_12_site-packages_PyQt6["PyQt6"]\n    node_venv_lib_python3_12_site-packages_PyQt6 --> node_venv_lib_python3_12_site-packages_PyQt6_Qt6["Qt6"]\n    node_venv_lib_python3_12_site-packages_PyQt6_Qt6 --> node_venv_lib_python3_12_site-packages_PyQt6_Qt6_qml["qml"]\n    node_venv_lib_python3_12_site-packages_PyQt6_Qt6_qml --> node_venv_lib_python3_12_site-packages_PyQt6_Qt6_qml_QtPositioning["QtPositioning"]\n    node_venv_lib_python3_12_site-packages_PyQt6_Qt6_qml_QtPositioning --> node_venv_lib_python3_12_site-packages_PyQt6_Qt6_qml_QtPositioning_plugins_qmltypes["plugins.qmltypes"]\n    Root --> node_venv["venv"]\n    node_venv --> node_venv_lib["lib"]\n    node_venv_lib --> node_venv_lib_python3_12["python3.12"]\n    node_venv_lib_python3_12 --> node_venv_lib_python3_12_site-packages["site-packages"]\n    node_venv_lib_python3_12_site-packages --> node_venv_lib_python3_12_site-packages_PyQt6["PyQt6"]\n    node_venv_lib_python3_12_site-packages_PyQt6 --> node_venv_lib_python3_12_site-packages_PyQt6_Qt6["Qt6"]\n    node_venv_lib_python3_12_site-packages_PyQt6_Qt6 --> node_venv_lib_python3_12_site-packages_PyQt6_Qt6_qml["qml"]\n    node_venv_lib_python3_12_site-packages_PyQt6_Qt6_qml --> node_venv_lib_python3_12_site-packages_PyQt6_Qt6_qml_QtPositioning["QtPositioning"]\n    node_venv_lib_python3_12_site-packages_PyQt6_Qt6_qml_QtPositioning --> node_venv_lib_python3_12_site-packages_PyQt6_Qt6_qml_QtPositioning_qmldir["qmldir"]\n    Root --> node_venv["venv"]\n    node_venv --> node_venv_lib["lib"]\n    node_venv_lib --> node_venv_lib_python3_12["python3.12"]\n    node_venv_lib_python3_12 --> node_venv_lib_python3_12_site-packages["site-packages"]\n    node_venv_lib_python3_12_site-packages --> node_venv_lib_python3_12_site-packages_PyQt6["PyQt6"]\n    node_venv_lib_python3_12_site-packages_PyQt6 --> node_venv_lib_python3_12_site-packages_PyQt6_Qt6["Qt6"]\n    node_venv_lib_python3_12_site-packages_PyQt6_Qt6 --> node_venv_lib_python3_12_site-packages_PyQt6_Qt6_qml["qml"]\n    node_venv_lib_python3_12_site-packages_PyQt6_Qt6_qml --> node_venv_lib_python3_12_site-packages_PyQt6_Qt6_qml_QtTextToSpeech["QtTextToSpeech"]\n    node_venv_lib_python3_12_site-packages_PyQt6_Qt6_qml_QtTextToSpeech --> node_venv_lib_python3_12_site-packages_PyQt6_Qt6_qml_QtTextToSpeech_libtexttospeechqmlplugin_dylib["libtexttospeechqmlplugin.dylib"]\n    Root --> node_venv["venv"]\n    node_venv --> node_venv_lib["lib"]\n    node_venv_lib --> node_venv_lib_python3_12["python3.12"]\n    node_venv_lib_python3_12 --> node_venv_lib_python3_12_site-packages["site-packages"]\n    node_venv_lib_python3_12_site-packages --> node_venv_lib_python3_12_site-packages_PyQt6["PyQt6"]\n    node_venv_lib_python3_12_site-packages_PyQt6 --> node_venv_lib_python3_12_site-packages_PyQt6_Qt6["Qt6"]\n    node_venv_lib_python3_12_site-packages_PyQt6_Qt6 --> node_venv_lib_python3_12_site-packages_PyQt6_Qt6_qml["qml"]\n    node_venv_lib_python3_12_site-packages_PyQt6_Qt6_qml --> node_venv_lib_python3_12_site-packages_PyQt6_Qt6_qml_QtTextToSpeech["QtTextToSpeech"]\n    node_venv_lib_python3_12_site-packages_PyQt6_Qt6_qml_QtTextToSpeech --> node_venv_lib_python3_12_site-packages_PyQt6_Qt6_qml_QtTextToSpeech_plugins_qmltypes["plugins.qmltypes"]\n    Root --> node_venv["venv"]\n    node_venv --> node_venv_lib["lib"]\n    node_venv_lib --> node_venv_lib_python3_12["python3.12"]\n    node_venv_lib_python3_12 --> node_venv_lib_python3_12_site-packages["site-packages"]\n    node_venv_lib_python3_12_site-packages --> node_venv_lib_python3_12_site-packages_PyQt6["PyQt6"]\n    node_venv_lib_python3_12_site-packages_PyQt6 --> node_venv_lib_python3_12_site-packages_PyQt6_Qt6["Qt6"]\n    node_venv_lib_python3_12_site-packages_PyQt6_Qt6 --> node_venv_lib_python3_12_site-packages_PyQt6_Qt6_qml["qml"]\n    node_venv_lib_python3_12_site-packages_PyQt6_Qt6_qml --> node_venv_lib_python3_12_site-packages_PyQt6_Qt6_qml_QtTextToSpeech["QtTextToSpeech"]\n    node_venv_lib_python3_12_site-packages_PyQt6_Qt6_qml_QtTextToSpeech --> node_venv_lib_python3_12_site-packages_PyQt6_Qt6_qml_QtTextToSpeech_qmldir["qmldir"]\n    Root --> node_venv["venv"]\n    node_venv --> node_venv_lib["lib"]\n    node_venv_lib --> node_venv_lib_python3_12["python3.12"]\n    node_venv_lib_python3_12 --> node_venv_lib_python3_12_site-packages["site-packages"]\n    node_venv_lib_python3_12_site-packages --> node_venv_lib_python3_12_site-packages_PyQt6["PyQt6"]\n    node_venv_lib_python3_12_site-packages_PyQt6 --> node_venv_lib_python3_12_site-packages_PyQt6_Qt6["Qt6"]\n    node_venv_lib_python3_12_site-packages_PyQt6_Qt6 --> node_venv_lib_python3_12_site-packages_PyQt6_Qt6_qml["qml"]\n    node_venv_lib_python3_12_site-packages_PyQt6_Qt6_qml --> node_venv_lib_python3_12_site-packages_PyQt6_Qt6_qml_QtCore["QtCore"]\n    node_venv_lib_python3_12_site-packages_PyQt6_Qt6_qml_QtCore --> node_venv_lib_python3_12_site-packages_PyQt6_Qt6_qml_QtCore_libqtqmlcoreplugin_dylib["libqtqmlcoreplugin.dylib"]\n    Root --> node_venv["venv"]\n    node_venv --> node_venv_lib["lib"]\n    node_venv_lib --> node_venv_lib_python3_12["python3.12"]\n    node_venv_lib_python3_12 --> node_venv_lib_python3_12_site-packages["site-packages"]\n    node_venv_lib_python3_12_site-packages --> node_venv_lib_python3_12_site-packages_PyQt6["PyQt6"]\n    node_venv_lib_python3_12_site-packages_PyQt6 --> node_venv_lib_python3_12_site-packages_PyQt6_Qt6["Qt6"]\n    node_venv_lib_python3_12_site-packages_PyQt6_Qt6 --> node_venv_lib_python3_12_site-packages_PyQt6_Qt6_qml["qml"]\n    node_venv_lib_python3_12_site-packages_PyQt6_Qt6_qml --> node_venv_lib_python3_12_site-packages_PyQt6_Qt6_qml_QtCore["QtCore"]\n    node_venv_lib_python3_12_site-packages_PyQt6_Qt6_qml_QtCore --> node_venv_lib_python3_12_site-packages_PyQt6_Qt6_qml_QtCore_plugins_qmltypes["plugins.qmltypes"]\n    Root --> node_venv["venv"]\n    node_venv --> node_venv_lib["lib"]\n    node_venv_lib --> node_venv_lib_python3_12["python3.12"]\n    node_venv_lib_python3_12 --> node_venv_lib_python3_12_site-packages["site-packages"]\n    node_venv_lib_python3_12_site-packages --> node_venv_lib_python3_12_site-packages_PyQt6["PyQt6"]\n    node_venv_lib_python3_12_site-packages_PyQt6 --> node_venv_lib_python3_12_site-packages_PyQt6_Qt6["Qt6"]\n    node_venv_lib_python3_12_site-packages_PyQt6_Qt6 --> node_venv_lib_python3_12_site-packages_PyQt6_Qt6_qml["qml"]\n    node_venv_lib_python3_12_site-packages_PyQt6_Qt6_qml --> node_venv_lib_python3_12_site-packages_PyQt6_Qt6_qml_QtCore["QtCore"]\n    node_venv_lib_python3_12_site-packages_PyQt6_Qt6_qml_QtCore --> node_venv_lib_python3_12_site-packages_PyQt6_Qt6_qml_QtCore_qmldir["qmldir"]\n    Root --> node_venv["venv"]\n    node_venv --> node_venv_lib["lib"]\n    node_venv_lib --> node_venv_lib_python3_12["python3.12"]\n    node_venv_lib_python3_12 --> node_venv_lib_python3_12_site-packages["site-packages"]\n    node_venv_lib_python3_12_site-packages --> node_venv_lib_python3_12_site-packages_PyQt6["PyQt6"]\n    node_venv_lib_python3_12_site-packages_PyQt6 --> node_venv_lib_python3_12_site-packages_PyQt6_Qt6["Qt6"]\n    node_venv_lib_python3_12_site-packages_PyQt6_Qt6 --> node_venv_lib_python3_12_site-packages_PyQt6_Qt6_qml["qml"]\n    node_venv_lib_python3_12_site-packages_PyQt6_Qt6_qml --> node_venv_lib_python3_12_site-packages_PyQt6_Qt6_qml_QtTest["QtTest"]\n    node_venv_lib_python3_12_site-packages_PyQt6_Qt6_qml_QtTest --> node_venv_lib_python3_12_site-packages_PyQt6_Qt6_qml_QtTest_SignalSpy_qml["SignalSpy.qml"]\n    Root --> node_venv["venv"]\n    node_venv --> node_venv_lib["lib"]\n    node_venv_lib --> node_venv_lib_python3_12["python3.12"]\n    node_venv_lib_python3_12 --> node_venv_lib_python3_12_site-packages["site-packages"]\n    node_venv_lib_python3_12_site-packages --> node_venv_lib_python3_12_site-packages_PyQt6["PyQt6"]\n    node_venv_lib_python3_12_site-packages_PyQt6 --> node_venv_lib_python3_12_site-packages_PyQt6_Qt6["Qt6"]\n    node_venv_lib_python3_12_site-packages_PyQt6_Qt6 --> node_venv_lib_python3_12_site-packages_PyQt6_Qt6_qml["qml"]\n    node_venv_lib_python3_12_site-packages_PyQt6_Qt6_qml --> node_venv_lib_python3_12_site-packages_PyQt6_Qt6_qml_QtTest["QtTest"]\n    node_venv_lib_python3_12_site-packages_PyQt6_Qt6_qml_QtTest --> node_venv_lib_python3_12_site-packages_PyQt6_Qt6_qml_QtTest_TestCase_qml["TestCase.qml"]\n    Root --> node_venv["venv"]\n    node_venv --> node_venv_lib["lib"]\n    node_venv_lib --> node_venv_lib_python3_12["python3.12"]\n    node_venv_lib_python3_12 --> node_venv_lib_python3_12_site-packages["site-packages"]\n    node_venv_lib_python3_12_site-packages --> node_venv_lib_python3_12_site-packages_PyQt6["PyQt6"]\n    node_venv_lib_python3_12_site-packages_PyQt6 --> node_venv_lib_python3_12_site-packages_PyQt6_Qt6["Qt6"]\n    node_venv_lib_python3_12_site-packages_PyQt6_Qt6 --> node_venv_lib_python3_12_site-packages_PyQt6_Qt6_qml["qml"]\n    node_venv_lib_python3_12_site-packages_PyQt6_Qt6_qml --> node_venv_lib_python3_12_site-packages_PyQt6_Qt6_qml_QtTest["QtTest"]\n    node_venv_lib_python3_12_site-packages_PyQt6_Qt6_qml_QtTest --> node_venv_lib_python3_12_site-packages_PyQt6_Qt6_qml_QtTest_TestSchedule_qml["TestSchedule.qml"]\n    Root --> node_venv["venv"]\n    node_venv --> node_venv_lib["lib"]\n    node_venv_lib --> node_venv_lib_python3_12["python3.12"]\n    node_venv_lib_python3_12 --> node_venv_lib_python3_12_site-packages["site-packages"]\n    node_venv_lib_python3_12_site-packages --> node_venv_lib_python3_12_site-packages_PyQt6["PyQt6"]\n    node_venv_lib_python3_12_site-packages_PyQt6 --> node_venv_lib_python3_12_site-packages_PyQt6_Qt6["Qt6"]\n    node_venv_lib_python3_12_site-packages_PyQt6_Qt6 --> node_venv_lib_python3_12_site-packages_PyQt6_Qt6_qml["qml"]\n    node_venv_lib_python3_12_site-packages_PyQt6_Qt6_qml --> node_venv_lib_python3_12_site-packages_PyQt6_Qt6_qml_QtTest["QtTest"]\n    node_venv_lib_python3_12_site-packages_PyQt6_Qt6_qml_QtTest --> node_venv_lib_python3_12_site-packages_PyQt6_Qt6_qml_QtTest_libquicktestplugin_dylib["libquicktestplugin.dylib"]\n    Root --> node_venv["venv"]\n    node_venv --> node_venv_lib["lib"]\n    node_venv_lib --> node_venv_lib_python3_12["python3.12"]\n    node_venv_lib_python3_12 --> node_venv_lib_python3_12_site-packages["site-packages"]\n    node_venv_lib_python3_12_site-packages --> node_venv_lib_python3_12_site-packages_PyQt6["PyQt6"]\n    node_venv_lib_python3_12_site-packages_PyQt6 --> node_venv_lib_python3_12_site-packages_PyQt6_Qt6["Qt6"]\n    node_venv_lib_python3_12_site-packages_PyQt6_Qt6 --> node_venv_lib_python3_12_site-packages_PyQt6_Qt6_qml["qml"]\n    node_venv_lib_python3_12_site-packages_PyQt6_Qt6_qml --> node_venv_lib_python3_12_site-packages_PyQt6_Qt6_qml_QtTest["QtTest"]\n    node_venv_lib_python3_12_site-packages_PyQt6_Qt6_qml_QtTest --> node_venv_lib_python3_12_site-packages_PyQt6_Qt6_qml_QtTest_plugins_qmltypes["plugins.qmltypes"]\n    Root --> node_venv["venv"]\n    node_venv --> node_venv_lib["lib"]\n    node_venv_lib --> node_venv_lib_python3_12["python3.12"]\n    node_venv_lib_python3_12 --> node_venv_lib_python3_12_site-packages["site-packages"]\n    node_venv_lib_python3_12_site-packages --> node_venv_lib_python3_12_site-packages_PyQt6["PyQt6"]\n    node_venv_lib_python3_12_site-packages_PyQt6 --> node_venv_lib_python3_12_site-packages_PyQt6_Qt6["Qt6"]\n    node_venv_lib_python3_12_site-packages_PyQt6_Qt6 --> node_venv_lib_python3_12_site-packages_PyQt6_Qt6_qml["qml"]\n    node_venv_lib_python3_12_site-packages_PyQt6_Qt6_qml --> node_venv_lib_python3_12_site-packages_PyQt6_Qt6_qml_QtTest["QtTest"]\n    node_venv_lib_python3_12_site-packages_PyQt6_Qt6_qml_QtTest --> node_venv_lib_python3_12_site-packages_PyQt6_Qt6_qml_QtTest_qmldir["qmldir"]\n    Root --> node_venv["venv"]\n    node_venv --> node_venv_lib["lib"]\n    node_venv_lib --> node_venv_lib_python3_12["python3.12"]\n    node_venv_lib_python3_12 --> node_venv_lib_python3_12_site-packages["site-packages"]\n    node_venv_lib_python3_12_site-packages --> node_venv_lib_python3_12_site-packages_PyQt6["PyQt6"]\n    node_venv_lib_python3_12_site-packages_PyQt6 --> node_venv_lib_python3_12_site-packages_PyQt6_Qt6["Qt6"]\n    node_venv_lib_python3_12_site-packages_PyQt6_Qt6 --> node_venv_lib_python3_12_site-packages_PyQt6_Qt6_qml["qml"]\n    node_venv_lib_python3_12_site-packages_PyQt6_Qt6_qml --> node_venv_lib_python3_12_site-packages_PyQt6_Qt6_qml_QtTest["QtTest"]\n    node_venv_lib_python3_12_site-packages_PyQt6_Qt6_qml_QtTest --> node_venv_lib_python3_12_site-packages_PyQt6_Qt6_qml_QtTest_testlogger_js["testlogger.js"]\n    Root --> node_venv["venv"]\n    node_venv --> node_venv_lib["lib"]\n    node_venv_lib --> node_venv_lib_python3_12["python3.12"]\n    node_venv_lib_python3_12 --> node_venv_lib_python3_12_site-packages["site-packages"]\n    node_venv_lib_python3_12_site-packages --> node_venv_lib_python3_12_site-packages_PyQt6["PyQt6"]\n    node_venv_lib_python3_12_site-packages_PyQt6 --> node_venv_lib_python3_12_site-packages_PyQt6_Qt6["Qt6"]\n    node_venv_lib_python3_12_site-packages_PyQt6_Qt6 --> node_venv_lib_python3_12_site-packages_PyQt6_Qt6_plugins["plugins"]\n    node_venv_lib_python3_12_site-packages_PyQt6_Qt6_plugins --> node_venv_lib_python3_12_site-packages_PyQt6_Qt6_plugins_renderers["renderers"]\n    node_venv_lib_python3_12_site-packages_PyQt6_Qt6_plugins_renderers --> node_venv_lib_python3_12_site-packages_PyQt6_Qt6_plugins_renderers_libopenglrenderer_dylib["libopenglrenderer.dylib"]\n    Root --> node_venv["venv"]\n    node_venv --> node_venv_lib["lib"]\n    node_venv_lib --> node_venv_lib_python3_12["python3.12"]\n    node_venv_lib_python3_12 --> node_venv_lib_python3_12_site-packages["site-packages"]\n    node_venv_lib_python3_12_site-packages --> node_venv_lib_python3_12_site-packages_PyQt6["PyQt6"]\n    node_venv_lib_python3_12_site-packages_PyQt6 --> node_venv_lib_python3_12_site-packages_PyQt6_Qt6["Qt6"]\n    node_venv_lib_python3_12_site-packages_PyQt6_Qt6 --> node_venv_lib_python3_12_site-packages_PyQt6_Qt6_plugins["plugins"]\n    node_venv_lib_python3_12_site-packages_PyQt6_Qt6_plugins --> node_venv_lib_python3_12_site-packages_PyQt6_Qt6_plugins_renderers["renderers"]\n    node_venv_lib_python3_12_site-packages_PyQt6_Qt6_plugins_renderers --> node_venv_lib_python3_12_site-packages_PyQt6_Qt6_plugins_renderers_librhirenderer_dylib["librhirenderer.dylib"]\n    Root --> node_venv["venv"]\n    node_venv --> node_venv_lib["lib"]\n    node_venv_lib --> node_venv_lib_python3_12["python3.12"]\n    node_venv_lib_python3_12 --> node_venv_lib_python3_12_site-packages["site-packages"]\n    node_venv_lib_python3_12_site-packages --> node_venv_lib_python3_12_site-packages_PyQt6["PyQt6"]\n    node_venv_lib_python3_12_site-packages_PyQt6 --> node_venv_lib_python3_12_site-packages_PyQt6_Qt6["Qt6"]\n    node_venv_lib_python3_12_site-packages_PyQt6_Qt6 --> node_venv_lib_python3_12_site-packages_PyQt6_Qt6_plugins["plugins"]\n    node_venv_lib_python3_12_site-packages_PyQt6_Qt6_plugins --> node_venv_lib_python3_12_site-packages_PyQt6_Qt6_plugins_sensors["sensors"]\n    node_venv_lib_python3_12_site-packages_PyQt6_Qt6_plugins_sensors --> node_venv_lib_python3_12_site-packages_PyQt6_Qt6_plugins_sensors_libqtsensors_generic_dylib["libqtsensors_generic.dylib"]\n    Root --> node_venv["venv"]\n    node_venv --> node_venv_lib["lib"]\n    node_venv_lib --> node_venv_lib_python3_12["python3.12"]\n    node_venv_lib_python3_12 --> node_venv_lib_python3_12_site-packages["site-packages"]\n    node_venv_lib_python3_12_site-packages --> node_venv_lib_python3_12_site-packages_PyQt6["PyQt6"]\n    node_venv_lib_python3_12_site-packages_PyQt6 --> node_venv_lib_python3_12_site-packages_PyQt6_Qt6["Qt6"]\n    node_venv_lib_python3_12_site-packages_PyQt6_Qt6 --> node_venv_lib_python3_12_site-packages_PyQt6_Qt6_plugins["plugins"]\n    node_venv_lib_python3_12_site-packages_PyQt6_Qt6_plugins --> node_venv_lib_python3_12_site-packages_PyQt6_Qt6_plugins_sceneparsers["sceneparsers"]\n    node_venv_lib_python3_12_site-packages_PyQt6_Qt6_plugins_sceneparsers --> node_venv_lib_python3_12_site-packages_PyQt6_Qt6_plugins_sceneparsers_libassimpsceneimport_dylib["libassimpsceneimport.dylib"]\n    Root --> node_venv["venv"]\n    node_venv --> node_venv_lib["lib"]\n    node_venv_lib --> node_venv_lib_python3_12["python3.12"]\n    node_venv_lib_python3_12 --> node_venv_lib_python3_12_site-packages["site-packages"]\n    node_venv_lib_python3_12_site-packages --> node_venv_lib_python3_12_site-packages_PyQt6["PyQt6"]\n    node_venv_lib_python3_12_site-packages_PyQt6 --> node_venv_lib_python3_12_site-packages_PyQt6_Qt6["Qt6"]\n    node_venv_lib_python3_12_site-packages_PyQt6_Qt6 --> node_venv_lib_python3_12_site-packages_PyQt6_Qt6_plugins["plugins"]\n    node_venv_lib_python3_12_site-packages_PyQt6_Qt6_plugins --> node_venv_lib_python3_12_site-packages_PyQt6_Qt6_plugins_sceneparsers["sceneparsers"]\n    node_venv_lib_python3_12_site-packages_PyQt6_Qt6_plugins_sceneparsers --> node_venv_lib_python3_12_site-packages_PyQt6_Qt6_plugins_sceneparsers_libgltfsceneexport_dylib["libgltfsceneexport.dylib"]\n    Root --> node_venv["venv"]\n    node_venv --> node_venv_lib["lib"]\n    node_venv_lib --> node_venv_lib_python3_12["python3.12"]\n    node_venv_lib_python3_12 --> node_venv_lib_python3_12_site-packages["site-packages"]\n    node_venv_lib_python3_12_site-packages --> node_venv_lib_python3_12_site-packages_PyQt6["PyQt6"]\n    node_venv_lib_python3_12_site-packages_PyQt6 --> node_venv_lib_python3_12_site-packages_PyQt6_Qt6["Qt6"]\n    node_venv_lib_python3_12_site-packages_PyQt6_Qt6 --> node_venv_lib_python3_12_site-packages_PyQt6_Qt6_plugins["plugins"]\n    node_venv_lib_python3_12_site-packages_PyQt6_Qt6_plugins --> node_venv_lib_python3_12_site-packages_PyQt6_Qt6_plugins_sceneparsers["sceneparsers"]\n    node_venv_lib_python3_12_site-packages_PyQt6_Qt6_plugins_sceneparsers --> node_venv_lib_python3_12_site-packages_PyQt6_Qt6_plugins_sceneparsers_libgltfsceneimport_dylib["libgltfsceneimport.dylib"]\n    Root --> node_venv["venv"]\n    node_venv --> node_venv_lib["lib"]\n    node_venv_lib --> node_venv_lib_python3_12["python3.12"]\n    node_venv_lib_python3_12 --> node_venv_lib_python3_12_site-packages["site-packages"]\n    node_venv_lib_python3_12_site-packages --> node_venv_lib_python3_12_site-packages_PyQt6["PyQt6"]\n    node_venv_lib_python3_12_site-packages_PyQt6 --> node_venv_lib_python3_12_site-packages_PyQt6_Qt6["Qt6"]\n    node_venv_lib_python3_12_site-packages_PyQt6_Qt6 --> node_venv_lib_python3_12_site-packages_PyQt6_Qt6_plugins["plugins"]\n    node_venv_lib_python3_12_site-packages_PyQt6_Qt6_plugins --> node_venv_lib_python3_12_site-packages_PyQt6_Qt6_plugins_platforms["platforms"]\n    node_venv_lib_python3_12_site-packages_PyQt6_Qt6_plugins_platforms --> node_venv_lib_python3_12_site-packages_PyQt6_Qt6_plugins_platforms_libqcocoa_dylib["libqcocoa.dylib"]\n    Root --> node_venv["venv"]\n    node_venv --> node_venv_lib["lib"]\n    node_venv_lib --> node_venv_lib_python3_12["python3.12"]\n    node_venv_lib_python3_12 --> node_venv_lib_python3_12_site-packages["site-packages"]\n    node_venv_lib_python3_12_site-packages --> node_venv_lib_python3_12_site-packages_PyQt6["PyQt6"]\n    node_venv_lib_python3_12_site-packages_PyQt6 --> node_venv_lib_python3_12_site-packages_PyQt6_Qt6["Qt6"]\n    node_venv_lib_python3_12_site-packages_PyQt6_Qt6 --> node_venv_lib_python3_12_site-packages_PyQt6_Qt6_plugins["plugins"]\n    node_venv_lib_python3_12_site-packages_PyQt6_Qt6_plugins --> node_venv_lib_python3_12_site-packages_PyQt6_Qt6_plugins_platforms["platforms"]\n    node_venv_lib_python3_12_site-packages_PyQt6_Qt6_plugins_platforms --> node_venv_lib_python3_12_site-packages_PyQt6_Qt6_plugins_platforms_libqminimal_dylib["libqminimal.dylib"]\n    Root --> node_venv["venv"]\n    node_venv --> node_venv_lib["lib"]\n    node_venv_lib --> node_venv_lib_python3_12["python3.12"]\n    node_venv_lib_python3_12 --> node_venv_lib_python3_12_site-packages["site-packages"]\n    node_venv_lib_python3_12_site-packages --> node_venv_lib_python3_12_site-packages_PyQt6["PyQt6"]\n    node_venv_lib_python3_12_site-packages_PyQt6 --> node_venv_lib_python3_12_site-packages_PyQt6_Qt6["Qt6"]\n    node_venv_lib_python3_12_site-packages_PyQt6_Qt6 --> node_venv_lib_python3_12_site-packages_PyQt6_Qt6_plugins["plugins"]\n    node_venv_lib_python3_12_site-packages_PyQt6_Qt6_plugins --> node_venv_lib_python3_12_site-packages_PyQt6_Qt6_plugins_platforms["platforms"]\n    node_venv_lib_python3_12_site-packages_PyQt6_Qt6_plugins_platforms --> node_venv_lib_python3_12_site-packages_PyQt6_Qt6_plugins_platforms_libqoffscreen_dylib["libqoffscreen.dylib"]\n    Root --> node_venv["venv"]\n    node_venv --> node_venv_lib["lib"]\n    node_venv_lib --> node_venv_lib_python3_12["python3.12"]\n    node_venv_lib_python3_12 --> node_venv_lib_python3_12_site-packages["site-packages"]\n    node_venv_lib_python3_12_site-packages --> node_venv_lib_python3_12_site-packages_PyQt6["PyQt6"]\n    node_venv_lib_python3_12_site-packages_PyQt6 --> node_venv_lib_python3_12_site-packages_PyQt6_Qt6["Qt6"]\n    node_venv_lib_python3_12_site-packages_PyQt6_Qt6 --> node_venv_lib_python3_12_site-packages_PyQt6_Qt6_plugins["plugins"]\n    node_venv_lib_python3_12_site-packages_PyQt6_Qt6_plugins --> node_venv_lib_python3_12_site-packages_PyQt6_Qt6_plugins_assetimporters["assetimporters"]\n    node_venv_lib_python3_12_site-packages_PyQt6_Qt6_plugins_assetimporters --> node_venv_lib_python3_12_site-packages_PyQt6_Qt6_plugins_assetimporters_libassimp_dylib["libassimp.dylib"]\n    Root --> node_venv["venv"]\n    node_venv --> node_venv_lib["lib"]\n    node_venv_lib --> node_venv_lib_python3_12["python3.12"]\n    node_venv_lib_python3_12 --> node_venv_lib_python3_12_site-packages["site-packages"]\n    node_venv_lib_python3_12_site-packages --> node_venv_lib_python3_12_site-packages_PyQt6["PyQt6"]\n    node_venv_lib_python3_12_site-packages_PyQt6 --> node_venv_lib_python3_12_site-packages_PyQt6_Qt6["Qt6"]\n    node_venv_lib_python3_12_site-packages_PyQt6_Qt6 --> node_venv_lib_python3_12_site-packages_PyQt6_Qt6_plugins["plugins"]\n    node_venv_lib_python3_12_site-packages_PyQt6_Qt6_plugins --> node_venv_lib_python3_12_site-packages_PyQt6_Qt6_plugins_position["position"]\n    node_venv_lib_python3_12_site-packages_PyQt6_Qt6_plugins_position --> node_venv_lib_python3_12_site-packages_PyQt6_Qt6_plugins_position_libqtposition_cl_dylib["libqtposition_cl.dylib"]\n    Root --> node_venv["venv"]\n    node_venv --> node_venv_lib["lib"]\n    node_venv_lib --> node_venv_lib_python3_12["python3.12"]\n    node_venv_lib_python3_12 --> node_venv_lib_python3_12_site-packages["site-packages"]\n    node_venv_lib_python3_12_site-packages --> node_venv_lib_python3_12_site-packages_PyQt6["PyQt6"]\n    node_venv_lib_python3_12_site-packages_PyQt6 --> node_venv_lib_python3_12_site-packages_PyQt6_Qt6["Qt6"]\n    node_venv_lib_python3_12_site-packages_PyQt6_Qt6 --> node_venv_lib_python3_12_site-packages_PyQt6_Qt6_plugins["plugins"]\n    node_venv_lib_python3_12_site-packages_PyQt6_Qt6_plugins --> node_venv_lib_python3_12_site-packages_PyQt6_Qt6_plugins_position["position"]\n    node_venv_lib_python3_12_site-packages_PyQt6_Qt6_plugins_position --> node_venv_lib_python3_12_site-packages_PyQt6_Qt6_plugins_position_libqtposition_nmea_dylib["libqtposition_nmea.dylib"]\n    Root --> node_venv["venv"]\n    node_venv --> node_venv_lib["lib"]\n    node_venv_lib --> node_venv_lib_python3_12["python3.12"]\n    node_venv_lib_python3_12 --> node_venv_lib_python3_12_site-packages["site-packages"]\n    node_venv_lib_python3_12_site-packages --> node_venv_lib_python3_12_site-packages_PyQt6["PyQt6"]\n    node_venv_lib_python3_12_site-packages_PyQt6 --> node_venv_lib_python3_12_site-packages_PyQt6_Qt6["Qt6"]\n    node_venv_lib_python3_12_site-packages_PyQt6_Qt6 --> node_venv_lib_python3_12_site-packages_PyQt6_Qt6_plugins["plugins"]\n    node_venv_lib_python3_12_site-packages_PyQt6_Qt6_plugins --> node_venv_lib_python3_12_site-packages_PyQt6_Qt6_plugins_position["position"]\n    node_venv_lib_python3_12_site-packages_PyQt6_Qt6_plugins_position --> node_venv_lib_python3_12_site-packages_PyQt6_Qt6_plugins_position_libqtposition_positionpoll_dylib["libqtposition_positionpoll.dylib"]\n    Root --> node_venv["venv"]\n    node_venv --> node_venv_lib["lib"]\n    node_venv_lib --> node_venv_lib_python3_12["python3.12"]\n    node_venv_lib_python3_12 --> node_venv_lib_python3_12_site-packages["site-packages"]\n    node_venv_lib_python3_12_site-packages --> node_venv_lib_python3_12_site-packages_PyQt6["PyQt6"]\n    node_venv_lib_python3_12_site-packages_PyQt6 --> node_venv_lib_python3_12_site-packages_PyQt6_Qt6["Qt6"]\n    node_venv_lib_python3_12_site-packages_PyQt6_Qt6 --> node_venv_lib_python3_12_site-packages_PyQt6_Qt6_plugins["plugins"]\n    node_venv_lib_python3_12_site-packages_PyQt6_Qt6_plugins --> node_venv_lib_python3_12_site-packages_PyQt6_Qt6_plugins_webview["webview"]\n    node_venv_lib_python3_12_site-packages_PyQt6_Qt6_plugins_webview --> node_venv_lib_python3_12_site-packages_PyQt6_Qt6_plugins_webview_libqtwebview_darwin_dylib["libqtwebview_darwin.dylib"]\n    Root --> node_venv["venv"]\n    node_venv --> node_venv_lib["lib"]\n    node_venv_lib --> node_venv_lib_python3_12["python3.12"]\n    node_venv_lib_python3_12 --> node_venv_lib_python3_12_site-packages["site-packages"]\n    node_venv_lib_python3_12_site-packages --> node_venv_lib_python3_12_site-packages_PyQt6["PyQt6"]\n    node_venv_lib_python3_12_site-packages_PyQt6 --> node_venv_lib_python3_12_site-packages_PyQt6_Qt6["Qt6"]\n    node_venv_lib_python3_12_site-packages_PyQt6_Qt6 --> node_venv_lib_python3_12_site-packages_PyQt6_Qt6_plugins["plugins"]\n    node_venv_lib_python3_12_site-packages_PyQt6_Qt6_plugins --> node_venv_lib_python3_12_site-packages_PyQt6_Qt6_plugins_webview["webview"]\n    node_venv_lib_python3_12_site-packages_PyQt6_Qt6_plugins_webview --> node_venv_lib_python3_12_site-packages_PyQt6_Qt6_plugins_webview_libqtwebview_webengine_dylib["libqtwebview_webengine.dylib"]\n    Root --> node_venv["venv"]\n    node_venv --> node_venv_lib["lib"]\n    node_venv_lib --> node_venv_lib_python3_12["python3.12"]\n    node_venv_lib_python3_12 --> node_venv_lib_python3_12_site-packages["site-packages"]\n    node_venv_lib_python3_12_site-packages --> node_venv_lib_python3_12_site-packages_PyQt6["PyQt6"]\n    node_venv_lib_python3_12_site-packages_PyQt6 --> node_venv_lib_python3_12_site-packages_PyQt6_Qt6["Qt6"]\n    node_venv_lib_python3_12_site-packages_PyQt6_Qt6 --> node_venv_lib_python3_12_site-packages_PyQt6_Qt6_plugins["plugins"]\n    node_venv_lib_python3_12_site-packages_PyQt6_Qt6_plugins --> node_venv_lib_python3_12_site-packages_PyQt6_Qt6_plugins_geometryloaders["geometryloaders"]\n    node_venv_lib_python3_12_site-packages_PyQt6_Qt6_plugins_geometryloaders --> node_venv_lib_python3_12_site-packages_PyQt6_Qt6_plugins_geometryloaders_libdefaultgeometryloader_dylib["libdefaultgeometryloader.dylib"]\n    Root --> node_venv["venv"]\n    node_venv --> node_venv_lib["lib"]\n    node_venv_lib --> node_venv_lib_python3_12["python3.12"]\n    node_venv_lib_python3_12 --> node_venv_lib_python3_12_site-packages["site-packages"]\n    node_venv_lib_python3_12_site-packages --> node_venv_lib_python3_12_site-packages_PyQt6["PyQt6"]\n    node_venv_lib_python3_12_site-packages_PyQt6 --> node_venv_lib_python3_12_site-packages_PyQt6_Qt6["Qt6"]\n    node_venv_lib_python3_12_site-packages_PyQt6_Qt6 --> node_venv_lib_python3_12_site-packages_PyQt6_Qt6_plugins["plugins"]\n    node_venv_lib_python3_12_site-packages_PyQt6_Qt6_plugins --> node_venv_lib_python3_12_site-packages_PyQt6_Qt6_plugins_geometryloaders["geometryloaders"]\n    node_venv_lib_python3_12_site-packages_PyQt6_Qt6_plugins_geometryloaders --> node_venv_lib_python3_12_site-packages_PyQt6_Qt6_plugins_geometryloaders_libgltfgeometryloader_dylib["libgltfgeometryloader.dylib"]\n    Root --> node_venv["venv"]\n    node_venv --> node_venv_lib["lib"]\n    node_venv_lib --> node_venv_lib_python3_12["python3.12"]\n    node_venv_lib_python3_12 --> node_venv_lib_python3_12_site-packages["site-packages"]\n    node_venv_lib_python3_12_site-packages --> node_venv_lib_python3_12_site-packages_PyQt6["PyQt6"]\n    node_venv_lib_python3_12_site-packages_PyQt6 --> node_venv_lib_python3_12_site-packages_PyQt6_Qt6["Qt6"]\n    node_venv_lib_python3_12_site-packages_PyQt6_Qt6 --> node_venv_lib_python3_12_site-packages_PyQt6_Qt6_plugins["plugins"]\n    node_venv_lib_python3_12_site-packages_PyQt6_Qt6_plugins --> node_venv_lib_python3_12_site-packages_PyQt6_Qt6_plugins_permissions["permissions"]\n    node_venv_lib_python3_12_site-packages_PyQt6_Qt6_plugins_permissions --> node_venv_lib_python3_12_site-packages_PyQt6_Qt6_plugins_permissions_libqdarwinbluetoothpermission_a["libqdarwinbluetoothpermission.a"]\n    Root --> node_venv["venv"]\n    node_venv --> node_venv_lib["lib"]\n    node_venv_lib --> node_venv_lib_python3_12["python3.12"]\n    node_venv_lib_python3_12 --> node_venv_lib_python3_12_site-packages["site-packages"]\n    node_venv_lib_python3_12_site-packages --> node_venv_lib_python3_12_site-packages_PyQt6["PyQt6"]\n    node_venv_lib_python3_12_site-packages_PyQt6 --> node_venv_lib_python3_12_site-packages_PyQt6_Qt6["Qt6"]\n    node_venv_lib_python3_12_site-packages_PyQt6_Qt6 --> node_venv_lib_python3_12_site-packages_PyQt6_Qt6_plugins["plugins"]\n    node_venv_lib_python3_12_site-packages_PyQt6_Qt6_plugins --> node_venv_lib_python3_12_site-packages_PyQt6_Qt6_plugins_permissions["permissions"]\n    node_venv_lib_python3_12_site-packages_PyQt6_Qt6_plugins_permissions --> node_venv_lib_python3_12_site-packages_PyQt6_Qt6_plugins_permissions_libqdarwinbluetoothpermission_prl["libqdarwinbluetoothpermission.prl"]\n    Root --> node_venv["venv"]\n    node_venv --> node_venv_lib["lib"]\n    node_venv_lib --> node_venv_lib_python3_12["python3.12"]\n    node_venv_lib_python3_12 --> node_venv_lib_python3_12_site-packages["site-packages"]\n    node_venv_lib_python3_12_site-packages --> node_venv_lib_python3_12_site-packages_PyQt6["PyQt6"]\n    node_venv_lib_python3_12_site-packages_PyQt6 --> node_venv_lib_python3_12_site-packages_PyQt6_Qt6["Qt6"]\n    node_venv_lib_python3_12_site-packages_PyQt6_Qt6 --> node_venv_lib_python3_12_site-packages_PyQt6_Qt6_plugins["plugins"]\n    node_venv_lib_python3_12_site-packages_PyQt6_Qt6_plugins --> node_venv_lib_python3_12_site-packages_PyQt6_Qt6_plugins_permissions["permissions"]\n    node_venv_lib_python3_12_site-packages_PyQt6_Qt6_plugins_permissions --> node_venv_lib_python3_12_site-packages_PyQt6_Qt6_plugins_permissions_libqdarwincalendarpermission_a["libqdarwincalendarpermission.a"]\n    Root --> node_venv["venv"]\n    node_venv --> node_venv_lib["lib"]\n    node_venv_lib --> node_venv_lib_python3_12["python3.12"]\n    node_venv_lib_python3_12 --> node_venv_lib_python3_12_site-packages["site-packages"]\n    node_venv_lib_python3_12_site-packages --> node_venv_lib_python3_12_site-packages_PyQt6["PyQt6"]\n    node_venv_lib_python3_12_site-packages_PyQt6 --> node_venv_lib_python3_12_site-packages_PyQt6_Qt6["Qt6"]\n    node_venv_lib_python3_12_site-packages_PyQt6_Qt6 --> node_venv_lib_python3_12_site-packages_PyQt6_Qt6_plugins["plugins"]\n    node_venv_lib_python3_12_site-packages_PyQt6_Qt6_plugins --> node_venv_lib_python3_12_site-packages_PyQt6_Qt6_plugins_permissions["permissions"]\n    node_venv_lib_python3_12_site-packages_PyQt6_Qt6_plugins_permissions --> node_venv_lib_python3_12_site-packages_PyQt6_Qt6_plugins_permissions_libqdarwincalendarpermission_prl["libqdarwincalendarpermission.prl"]\n    Root --> node_venv["venv"]\n    node_venv --> node_venv_lib["lib"]\n    node_venv_lib --> node_venv_lib_python3_12["python3.12"]\n    node_venv_lib_python3_12 --> node_venv_lib_python3_12_site-packages["site-packages"]\n    node_venv_lib_python3_12_site-packages --> node_venv_lib_python3_12_site-packages_PyQt6["PyQt6"]\n    node_venv_lib_python3_12_site-packages_PyQt6 --> node_venv_lib_python3_12_site-packages_PyQt6_Qt6["Qt6"]\n    node_venv_lib_python3_12_site-packages_PyQt6_Qt6 --> node_venv_lib_python3_12_site-packages_PyQt6_Qt6_plugins["plugins"]\n    node_venv_lib_python3_12_site-packages_PyQt6_Qt6_plugins --> node_venv_lib_python3_12_site-packages_PyQt6_Qt6_plugins_permissions["permissions"]\n    node_venv_lib_python3_12_site-packages_PyQt6_Qt6_plugins_permissions --> node_venv_lib_python3_12_site-packages_PyQt6_Qt6_plugins_permissions_libqdarwincamerapermission_a["libqdarwincamerapermission.a"]\n    Root --> node_venv["venv"]\n    node_venv --> node_venv_lib["lib"]\n    node_venv_lib --> node_venv_lib_python3_12["python3.12"]\n    node_venv_lib_python3_12 --> node_venv_lib_python3_12_site-packages["site-packages"]\n    node_venv_lib_python3_12_site-packages --> node_venv_lib_python3_12_site-packages_PyQt6["PyQt6"]\n    node_venv_lib_python3_12_site-packages_PyQt6 --> node_venv_lib_python3_12_site-packages_PyQt6_Qt6["Qt6"]\n    node_venv_lib_python3_12_site-packages_PyQt6_Qt6 --> node_venv_lib_python3_12_site-packages_PyQt6_Qt6_plugins["plugins"]\n    node_venv_lib_python3_12_site-packages_PyQt6_Qt6_plugins --> node_venv_lib_python3_12_site-packages_PyQt6_Qt6_plugins_permissions["permissions"]\n    node_venv_lib_python3_12_site-packages_PyQt6_Qt6_plugins_permissions --> node_venv_lib_python3_12_site-packages_PyQt6_Qt6_plugins_permissions_libqdarwincamerapermission_prl["libqdarwincamerapermission.prl"]\n    Root --> node_venv["venv"]\n    node_venv --> node_venv_lib["lib"]\n    node_venv_lib --> node_venv_lib_python3_12["python3.12"]\n    node_venv_lib_python3_12 --> node_venv_lib_python3_12_site-packages["site-packages"]\n    node_venv_lib_python3_12_site-packages --> node_venv_lib_python3_12_site-packages_PyQt6["PyQt6"]\n    node_venv_lib_python3_12_site-packages_PyQt6 --> node_venv_lib_python3_12_site-packages_PyQt6_Qt6["Qt6"]\n    node_venv_lib_python3_12_site-packages_PyQt6_Qt6 --> node_venv_lib_python3_12_site-packages_PyQt6_Qt6_plugins["plugins"]\n    node_venv_lib_python3_12_site-packages_PyQt6_Qt6_plugins --> node_venv_lib_python3_12_site-packages_PyQt6_Qt6_plugins_permissions["permissions"]\n    node_venv_lib_python3_12_site-packages_PyQt6_Qt6_plugins_permissions --> node_venv_lib_python3_12_site-packages_PyQt6_Qt6_plugins_permissions_libqdarwincontactspermission_a["libqdarwincontactspermission.a"]\n    Root --> node_venv["venv"]\n    node_venv --> node_venv_lib["lib"]\n    node_venv_lib --> node_venv_lib_python3_12["python3.12"]\n    node_venv_lib_python3_12 --> node_venv_lib_python3_12_site-packages["site-packages"]\n    node_venv_lib_python3_12_site-packages --> node_venv_lib_python3_12_site-packages_PyQt6["PyQt6"]\n    node_venv_lib_python3_12_site-packages_PyQt6 --> node_venv_lib_python3_12_site-packages_PyQt6_Qt6["Qt6"]\n    node_venv_lib_python3_12_site-packages_PyQt6_Qt6 --> node_venv_lib_python3_12_site-packages_PyQt6_Qt6_plugins["plugins"]\n    node_venv_lib_python3_12_site-packages_PyQt6_Qt6_plugins --> node_venv_lib_python3_12_site-packages_PyQt6_Qt6_plugins_permissions["permissions"]\n    node_venv_lib_python3_12_site-packages_PyQt6_Qt6_plugins_permissions --> node_venv_lib_python3_12_site-packages_PyQt6_Qt6_plugins_permissions_libqdarwincontactspermission_prl["libqdarwincontactspermission.prl"]\n    Root --> node_venv["venv"]\n    node_venv --> node_venv_lib["lib"]\n    node_venv_lib --> node_venv_lib_python3_12["python3.12"]\n    node_venv_lib_python3_12 --> node_venv_lib_python3_12_site-packages["site-packages"]\n    node_venv_lib_python3_12_site-packages --> node_venv_lib_python3_12_site-packages_PyQt6["PyQt6"]\n    node_venv_lib_python3_12_site-packages_PyQt6 --> node_venv_lib_python3_12_site-packages_PyQt6_Qt6["Qt6"]\n    node_venv_lib_python3_12_site-packages_PyQt6_Qt6 --> node_venv_lib_python3_12_site-packages_PyQt6_Qt6_plugins["plugins"]\n    node_venv_lib_python3_12_site-packages_PyQt6_Qt6_plugins --> node_venv_lib_python3_12_site-packages_PyQt6_Qt6_plugins_permissions["permissions"]\n    node_venv_lib_python3_12_site-packages_PyQt6_Qt6_plugins_permissions --> node_venv_lib_python3_12_site-packages_PyQt6_Qt6_plugins_permissions_libqdarwinlocationpermission_a["libqdarwinlocationpermission.a"]\n    Root --> node_venv["venv"]\n    node_venv --> node_venv_lib["lib"]\n    node_venv_lib --> node_venv_lib_python3_12["python3.12"]\n    node_venv_lib_python3_12 --> node_venv_lib_python3_12_site-packages["site-packages"]\n    node_venv_lib_python3_12_site-packages --> node_venv_lib_python3_12_site-packages_PyQt6["PyQt6"]\n    node_venv_lib_python3_12_site-packages_PyQt6 --> node_venv_lib_python3_12_site-packages_PyQt6_Qt6["Qt6"]\n    node_venv_lib_python3_12_site-packages_PyQt6_Qt6 --> node_venv_lib_python3_12_site-packages_PyQt6_Qt6_plugins["plugins"]\n    node_venv_lib_python3_12_site-packages_PyQt6_Qt6_plugins --> node_venv_lib_python3_12_site-packages_PyQt6_Qt6_plugins_permissions["permissions"]\n    node_venv_lib_python3_12_site-packages_PyQt6_Qt6_plugins_permissions --> node_venv_lib_python3_12_site-packages_PyQt6_Qt6_plugins_permissions_libqdarwinlocationpermission_prl["libqdarwinlocationpermission.prl"]\n    Root --> node_venv["venv"]\n    node_venv --> node_venv_lib["lib"]\n    node_venv_lib --> node_venv_lib_python3_12["python3.12"]\n    node_venv_lib_python3_12 --> node_venv_lib_python3_12_site-packages["site-packages"]\n    node_venv_lib_python3_12_site-packages --> node_venv_lib_python3_12_site-packages_PyQt6["PyQt6"]\n    node_venv_lib_python3_12_site-packages_PyQt6 --> node_venv_lib_python3_12_site-packages_PyQt6_Qt6["Qt6"]\n    node_venv_lib_python3_12_site-packages_PyQt6_Qt6 --> node_venv_lib_python3_12_site-packages_PyQt6_Qt6_plugins["plugins"]\n    node_venv_lib_python3_12_site-packages_PyQt6_Qt6_plugins --> node_venv_lib_python3_12_site-packages_PyQt6_Qt6_plugins_permissions["permissions"]\n    node_venv_lib_python3_12_site-packages_PyQt6_Qt6_plugins_permissions --> node_venv_lib_python3_12_site-packages_PyQt6_Qt6_plugins_permissions_libqdarwinmicrophonepermission_a["libqdarwinmicrophonepermission.a"]\n    Root --> node_venv["venv"]\n    node_venv --> node_venv_lib["lib"]\n    node_venv_lib --> node_venv_lib_python3_12["python3.12"]\n    node_venv_lib_python3_12 --> node_venv_lib_python3_12_site-packages["site-packages"]\n    node_venv_lib_python3_12_site-packages --> node_venv_lib_python3_12_site-packages_PyQt6["PyQt6"]\n    node_venv_lib_python3_12_site-packages_PyQt6 --> node_venv_lib_python3_12_site-packages_PyQt6_Qt6["Qt6"]\n    node_venv_lib_python3_12_site-packages_PyQt6_Qt6 --> node_venv_lib_python3_12_site-packages_PyQt6_Qt6_plugins["plugins"]\n    node_venv_lib_python3_12_site-packages_PyQt6_Qt6_plugins --> node_venv_lib_python3_12_site-packages_PyQt6_Qt6_plugins_permissions["permissions"]\n    node_venv_lib_python3_12_site-packages_PyQt6_Qt6_plugins_permissions --> node_venv_lib_python3_12_site-packages_PyQt6_Qt6_plugins_permissions_libqdarwinmicrophonepermission_prl["libqdarwinmicrophonepermission.prl"]\n    Root --> node_venv["venv"]\n    node_venv --> node_venv_lib["lib"]\n    node_venv_lib --> node_venv_lib_python3_12["python3.12"]\n    node_venv_lib_python3_12 --> node_venv_lib_python3_12_site-packages["site-packages"]\n    node_venv_lib_python3_12_site-packages --> node_venv_lib_python3_12_site-packages_PyQt6["PyQt6"]\n    node_venv_lib_python3_12_site-packages_PyQt6 --> node_venv_lib_python3_12_site-packages_PyQt6_Qt6["Qt6"]\n    node_venv_lib_python3_12_site-packages_PyQt6_Qt6 --> node_venv_lib_python3_12_site-packages_PyQt6_Qt6_plugins["plugins"]\n    node_venv_lib_python3_12_site-packages_PyQt6_Qt6_plugins --> node_venv_lib_python3_12_site-packages_PyQt6_Qt6_plugins_permissions["permissions"]\n    node_venv_lib_python3_12_site-packages_PyQt6_Qt6_plugins_permissions --> node_venv_lib_python3_12_site-packages_PyQt6_Qt6_plugins_permissions_objects-RelWithDebInfo["objects-RelWithDebInfo"]\n    node_venv_lib_python3_12_site-packages_PyQt6_Qt6_plugins_permissions_objects-RelWithDebInfo --> node_venv_lib_python3_12_site-packages_PyQt6_Qt6_plugins_permissions_objects-RelWithDebInfo_QDarwinCalendarPermissionPlugin_init["QDarwinCalendarPermissionPlugin_init"]\n    node_venv_lib_python3_12_site-packages_PyQt6_Qt6_plugins_permissions_objects-RelWithDebInfo_QDarwinCalendarPermissionPlugin_init --> node_venv_lib_python3_12_site-packages_PyQt6_Qt6_plugins_permissions_objects-RelWithDebInfo_QDarwinCalendarPermissionPlugin_init_QDarwinCalendarPermissionPlugin_init_cpp_o["QDarwinCalendarPermissionPlugin_init.cpp.o"]\n    Root --> node_venv["venv"]\n    node_venv --> node_venv_lib["lib"]\n    node_venv_lib --> node_venv_lib_python3_12["python3.12"]\n    node_venv_lib_python3_12 --> node_venv_lib_python3_12_site-packages["site-packages"]\n    node_venv_lib_python3_12_site-packages --> node_venv_lib_python3_12_site-packages_PyQt6["PyQt6"]\n    node_venv_lib_python3_12_site-packages_PyQt6 --> node_venv_lib_python3_12_site-packages_PyQt6_Qt6["Qt6"]\n    node_venv_lib_python3_12_site-packages_PyQt6_Qt6 --> node_venv_lib_python3_12_site-packages_PyQt6_Qt6_plugins["plugins"]\n    node_venv_lib_python3_12_site-packages_PyQt6_Qt6_plugins --> node_venv_lib_python3_12_site-packages_PyQt6_Qt6_plugins_permissions["permissions"]\n    node_venv_lib_python3_12_site-packages_PyQt6_Qt6_plugins_permissions --> node_venv_lib_python3_12_site-packages_PyQt6_Qt6_plugins_permissions_objects-RelWithDebInfo["objects-RelWithDebInfo"]\n    node_venv_lib_python3_12_site-packages_PyQt6_Qt6_plugins_permissions_objects-RelWithDebInfo --> node_venv_lib_python3_12_site-packages_PyQt6_Qt6_plugins_permissions_objects-RelWithDebInfo_QDarwinLocationPermissionPlugin_init["QDarwinLocationPermissionPlugin_init"]\n    node_venv_lib_python3_12_site-packages_PyQt6_Qt6_plugins_permissions_objects-RelWithDebInfo_QDarwinLocationPermissionPlugin_init --> node_venv_lib_python3_12_site-packages_PyQt6_Qt6_plugins_permissions_objects-RelWithDebInfo_QDarwinLocationPermissionPlugin_init_QDarwinLocationPermissionPlugin_init_cpp_o["QDarwinLocationPermissionPlugin_init.cpp.o"]\n    Root --> node_venv["venv"]\n    node_venv --> node_venv_lib["lib"]\n    node_venv_lib --> node_venv_lib_python3_12["python3.12"]\n    node_venv_lib_python3_12 --> node_venv_lib_python3_12_site-packages["site-packages"]\n    node_venv_lib_python3_12_site-packages --> node_venv_lib_python3_12_site-packages_PyQt6["PyQt6"]\n    node_venv_lib_python3_12_site-packages_PyQt6 --> node_venv_lib_python3_12_site-packages_PyQt6_Qt6["Qt6"]\n    node_venv_lib_python3_12_site-packages_PyQt6_Qt6 --> node_venv_lib_python3_12_site-packages_PyQt6_Qt6_plugins["plugins"]\n    node_venv_lib_python3_12_site-packages_PyQt6_Qt6_plugins --> node_venv_lib_python3_12_site-packages_PyQt6_Qt6_plugins_permissions["permissions"]\n    node_venv_lib_python3_12_site-packages_PyQt6_Qt6_plugins_permissions --> node_venv_lib_python3_12_site-packages_PyQt6_Qt6_plugins_permissions_objects-RelWithDebInfo["objects-RelWithDebInfo"]\n    node_venv_lib_python3_12_site-packages_PyQt6_Qt6_plugins_permissions_objects-RelWithDebInfo --> node_venv_lib_python3_12_site-packages_PyQt6_Qt6_plugins_permissions_objects-RelWithDebInfo_QDarwinCameraPermissionPlugin_init["QDarwinCameraPermissionPlugin_init"]\n    node_venv_lib_python3_12_site-packages_PyQt6_Qt6_plugins_permissions_objects-RelWithDebInfo_QDarwinCameraPermissionPlugin_init --> node_venv_lib_python3_12_site-packages_PyQt6_Qt6_plugins_permissions_objects-RelWithDebInfo_QDarwinCameraPermissionPlugin_init_QDarwinCameraPermissionPlugin_init_cpp_o["QDarwinCameraPermissionPlugin_init.cpp.o"]\n    Root --> node_venv["venv"]\n    node_venv --> node_venv_lib["lib"]\n    node_venv_lib --> node_venv_lib_python3_12["python3.12"]\n    node_venv_lib_python3_12 --> node_venv_lib_python3_12_site-packages["site-packages"]\n    node_venv_lib_python3_12_site-packages --> node_venv_lib_python3_12_site-packages_PyQt6["PyQt6"]\n    node_venv_lib_python3_12_site-packages_PyQt6 --> node_venv_lib_python3_12_site-packages_PyQt6_Qt6["Qt6"]\n    node_venv_lib_python3_12_site-packages_PyQt6_Qt6 --> node_venv_lib_python3_12_site-packages_PyQt6_Qt6_plugins["plugins"]\n    node_venv_lib_python3_12_site-packages_PyQt6_Qt6_plugins --> node_venv_lib_python3_12_site-packages_PyQt6_Qt6_plugins_permissions["permissions"]\n    node_venv_lib_python3_12_site-packages_PyQt6_Qt6_plugins_permissions --> node_venv_lib_python3_12_site-packages_PyQt6_Qt6_plugins_permissions_objects-RelWithDebInfo["objects-RelWithDebInfo"]\n    node_venv_lib_python3_12_site-packages_PyQt6_Qt6_plugins_permissions_objects-RelWithDebInfo --> node_venv_lib_python3_12_site-packages_PyQt6_Qt6_plugins_permissions_objects-RelWithDebInfo_QDarwinMicrophonePermissionPlugin_init["QDarwinMicrophonePermissionPlugin_init"]\n    node_venv_lib_python3_12_site-packages_PyQt6_Qt6_plugins_permissions_objects-RelWithDebInfo_QDarwinMicrophonePermissionPlugin_init --> node_venv_lib_python3_12_site-packages_PyQt6_Qt6_plugins_permissions_objects-RelWithDebInfo_QDarwinMicrophonePermissionPlugin_init_QDarwinMicrophonePermissionPlugin_init_cpp_o["QDarwinMicrophonePermissionPlugin_init.cpp.o"]\n    Root --> node_venv["venv"]\n    node_venv --> node_venv_lib["lib"]\n    node_venv_lib --> node_venv_lib_python3_12["python3.12"]\n    node_venv_lib_python3_12 --> node_venv_lib_python3_12_site-packages["site-packages"]\n    node_venv_lib_python3_12_site-packages --> node_venv_lib_python3_12_site-packages_PyQt6["PyQt6"]\n    node_venv_lib_python3_12_site-packages_PyQt6 --> node_venv_lib_python3_12_site-packages_PyQt6_Qt6["Qt6"]\n    node_venv_lib_python3_12_site-packages_PyQt6_Qt6 --> node_venv_lib_python3_12_site-packages_PyQt6_Qt6_plugins["plugins"]\n    node_venv_lib_python3_12_site-packages_PyQt6_Qt6_plugins --> node_venv_lib_python3_12_site-packages_PyQt6_Qt6_plugins_permissions["permissions"]\n    node_venv_lib_python3_12_site-packages_PyQt6_Qt6_plugins_permissions --> node_venv_lib_python3_12_site-packages_PyQt6_Qt6_plugins_permissions_objects-RelWithDebInfo["objects-RelWithDebInfo"]\n    node_venv_lib_python3_12_site-packages_PyQt6_Qt6_plugins_permissions_objects-RelWithDebInfo --> node_venv_lib_python3_12_site-packages_PyQt6_Qt6_plugins_permissions_objects-RelWithDebInfo_QDarwinContactsPermissionPlugin_init["QDarwinContactsPermissionPlugin_init"]\n    node_venv_lib_python3_12_site-packages_PyQt6_Qt6_plugins_permissions_objects-RelWithDebInfo_QDarwinContactsPermissionPlugin_init --> node_venv_lib_python3_12_site-packages_PyQt6_Qt6_plugins_permissions_objects-RelWithDebInfo_QDarwinContactsPermissionPlugin_init_QDarwinContactsPermissionPlugin_init_cpp_o["QDarwinContactsPermissionPlugin_init.cpp.o"]\n    Root --> node_venv["venv"]\n    node_venv --> node_venv_lib["lib"]\n    node_venv_lib --> node_venv_lib_python3_12["python3.12"]\n    node_venv_lib_python3_12 --> node_venv_lib_python3_12_site-packages["site-packages"]\n    node_venv_lib_python3_12_site-packages --> node_venv_lib_python3_12_site-packages_PyQt6["PyQt6"]\n    node_venv_lib_python3_12_site-packages_PyQt6 --> node_venv_lib_python3_12_site-packages_PyQt6_Qt6["Qt6"]\n    node_venv_lib_python3_12_site-packages_PyQt6_Qt6 --> node_venv_lib_python3_12_site-packages_PyQt6_Qt6_plugins["plugins"]\n    node_venv_lib_python3_12_site-packages_PyQt6_Qt6_plugins --> node_venv_lib_python3_12_site-packages_PyQt6_Qt6_plugins_permissions["permissions"]\n    node_venv_lib_python3_12_site-packages_PyQt6_Qt6_plugins_permissions --> node_venv_lib_python3_12_site-packages_PyQt6_Qt6_plugins_permissions_objects-RelWithDebInfo["objects-RelWithDebInfo"]\n    node_venv_lib_python3_12_site-packages_PyQt6_Qt6_plugins_permissions_objects-RelWithDebInfo --> node_venv_lib_python3_12_site-packages_PyQt6_Qt6_plugins_permissions_objects-RelWithDebInfo_QDarwinBluetoothPermissionPlugin_init["QDarwinBluetoothPermissionPlugin_init"]\n    node_venv_lib_python3_12_site-packages_PyQt6_Qt6_plugins_permissions_objects-RelWithDebInfo_QDarwinBluetoothPermissionPlugin_init --> node_venv_lib_python3_12_site-packages_PyQt6_Qt6_plugins_permissions_objects-RelWithDebInfo_QDarwinBluetoothPermissionPlugin_init_QDarwinBluetoothPermissionPlugin_init_cpp_o["QDarwinBluetoothPermissionPlugin_init.cpp.o"]\n    Root --> node_venv["venv"]\n    node_venv --> node_venv_lib["lib"]\n    node_venv_lib --> node_venv_lib_python3_12["python3.12"]\n    node_venv_lib_python3_12 --> node_venv_lib_python3_12_site-packages["site-packages"]\n    node_venv_lib_python3_12_site-packages --> node_venv_lib_python3_12_site-packages_PyQt6["PyQt6"]\n    node_venv_lib_python3_12_site-packages_PyQt6 --> node_venv_lib_python3_12_site-packages_PyQt6_Qt6["Qt6"]\n    node_venv_lib_python3_12_site-packages_PyQt6_Qt6 --> node_venv_lib_python3_12_site-packages_PyQt6_Qt6_plugins["plugins"]\n    node_venv_lib_python3_12_site-packages_PyQt6_Qt6_plugins --> node_venv_lib_python3_12_site-packages_PyQt6_Qt6_plugins_scxmldatamodel["scxmldatamodel"]\n    node_venv_lib_python3_12_site-packages_PyQt6_Qt6_plugins_scxmldatamodel --> node_venv_lib_python3_12_site-packages_PyQt6_Qt6_plugins_scxmldatamodel_libqscxmlecmascriptdatamodel_dylib["libqscxmlecmascriptdatamodel.dylib"]\n    Root --> node_venv["venv"]\n    node_venv --> node_venv_lib["lib"]\n    node_venv_lib --> node_venv_lib_python3_12["python3.12"]\n    node_venv_lib_python3_12 --> node_venv_lib_python3_12_site-packages["site-packages"]\n    node_venv_lib_python3_12_site-packages --> node_venv_lib_python3_12_site-packages_PyQt6["PyQt6"]\n    node_venv_lib_python3_12_site-packages_PyQt6 --> node_venv_lib_python3_12_site-packages_PyQt6_Qt6["Qt6"]\n    node_venv_lib_python3_12_site-packages_PyQt6_Qt6 --> node_venv_lib_python3_12_site-packages_PyQt6_Qt6_plugins["plugins"]\n    node_venv_lib_python3_12_site-packages_PyQt6_Qt6_plugins --> node_venv_lib_python3_12_site-packages_PyQt6_Qt6_plugins_styles["styles"]\n    node_venv_lib_python3_12_site-packages_PyQt6_Qt6_plugins_styles --> node_venv_lib_python3_12_site-packages_PyQt6_Qt6_plugins_styles_libqmacstyle_dylib["libqmacstyle.dylib"]\n    Root --> node_venv["venv"]\n    node_venv --> node_venv_lib["lib"]\n    node_venv_lib --> node_venv_lib_python3_12["python3.12"]\n    node_venv_lib_python3_12 --> node_venv_lib_python3_12_site-packages["site-packages"]\n    node_venv_lib_python3_12_site-packages --> node_venv_lib_python3_12_site-packages_PyQt6["PyQt6"]\n    node_venv_lib_python3_12_site-packages_PyQt6 --> node_venv_lib_python3_12_site-packages_PyQt6_Qt6["Qt6"]\n    node_venv_lib_python3_12_site-packages_PyQt6_Qt6 --> node_venv_lib_python3_12_site-packages_PyQt6_Qt6_plugins["plugins"]\n    node_venv_lib_python3_12_site-packages_PyQt6_Qt6_plugins --> node_venv_lib_python3_12_site-packages_PyQt6_Qt6_plugins_tls["tls"]\n    node_venv_lib_python3_12_site-packages_PyQt6_Qt6_plugins_tls --> node_venv_lib_python3_12_site-packages_PyQt6_Qt6_plugins_tls_libqcertonlybackend_dylib["libqcertonlybackend.dylib"]\n    Root --> node_venv["venv"]\n    node_venv --> node_venv_lib["lib"]\n    node_venv_lib --> node_venv_lib_python3_12["python3.12"]\n    node_venv_lib_python3_12 --> node_venv_lib_python3_12_site-packages["site-packages"]\n    node_venv_lib_python3_12_site-packages --> node_venv_lib_python3_12_site-packages_PyQt6["PyQt6"]\n    node_venv_lib_python3_12_site-packages_PyQt6 --> node_venv_lib_python3_12_site-packages_PyQt6_Qt6["Qt6"]\n    node_venv_lib_python3_12_site-packages_PyQt6_Qt6 --> node_venv_lib_python3_12_site-packages_PyQt6_Qt6_plugins["plugins"]\n    node_venv_lib_python3_12_site-packages_PyQt6_Qt6_plugins --> node_venv_lib_python3_12_site-packages_PyQt6_Qt6_plugins_tls["tls"]\n    node_venv_lib_python3_12_site-packages_PyQt6_Qt6_plugins_tls --> node_venv_lib_python3_12_site-packages_PyQt6_Qt6_plugins_tls_libqopensslbackend_dylib["libqopensslbackend.dylib"]\n    Root --> node_venv["venv"]\n    node_venv --> node_venv_lib["lib"]\n    node_venv_lib --> node_venv_lib_python3_12["python3.12"]\n    node_venv_lib_python3_12 --> node_venv_lib_python3_12_site-packages["site-packages"]\n    node_venv_lib_python3_12_site-packages --> node_venv_lib_python3_12_site-packages_PyQt6["PyQt6"]\n    node_venv_lib_python3_12_site-packages_PyQt6 --> node_venv_lib_python3_12_site-packages_PyQt6_Qt6["Qt6"]\n    node_venv_lib_python3_12_site-packages_PyQt6_Qt6 --> node_venv_lib_python3_12_site-packages_PyQt6_Qt6_plugins["plugins"]\n    node_venv_lib_python3_12_site-packages_PyQt6_Qt6_plugins --> node_venv_lib_python3_12_site-packages_PyQt6_Qt6_plugins_tls["tls"]\n    node_venv_lib_python3_12_site-packages_PyQt6_Qt6_plugins_tls --> node_venv_lib_python3_12_site-packages_PyQt6_Qt6_plugins_tls_libqsecuretransportbackend_dylib["libqsecuretransportbackend.dylib"]\n    Root --> node_venv["venv"]\n    node_venv --> node_venv_lib["lib"]\n    node_venv_lib --> node_venv_lib_python3_12["python3.12"]\n    node_venv_lib_python3_12 --> node_venv_lib_python3_12_site-packages["site-packages"]\n    node_venv_lib_python3_12_site-packages --> node_venv_lib_python3_12_site-packages_PyQt6["PyQt6"]\n    node_venv_lib_python3_12_site-packages_PyQt6 --> node_venv_lib_python3_12_site-packages_PyQt6_Qt6["Qt6"]\n    node_venv_lib_python3_12_site-packages_PyQt6_Qt6 --> node_venv_lib_python3_12_site-packages_PyQt6_Qt6_plugins["plugins"]\n    node_venv_lib_python3_12_site-packages_PyQt6_Qt6_plugins --> node_venv_lib_python3_12_site-packages_PyQt6_Qt6_plugins_iconengines["iconengines"]\n    node_venv_lib_python3_12_site-packages_PyQt6_Qt6_plugins_iconengines --> node_venv_lib_python3_12_site-packages_PyQt6_Qt6_plugins_iconengines_libqsvgicon_dylib["libqsvgicon.dylib"]\n    Root --> node_venv["venv"]\n    node_venv --> node_venv_lib["lib"]\n    node_venv_lib --> node_venv_lib_python3_12["python3.12"]\n    node_venv_lib_python3_12 --> node_venv_lib_python3_12_site-packages["site-packages"]\n    node_venv_lib_python3_12_site-packages --> node_venv_lib_python3_12_site-packages_PyQt6["PyQt6"]\n    node_venv_lib_python3_12_site-packages_PyQt6 --> node_venv_lib_python3_12_site-packages_PyQt6_Qt6["Qt6"]\n    node_venv_lib_python3_12_site-packages_PyQt6_Qt6 --> node_venv_lib_python3_12_site-packages_PyQt6_Qt6_plugins["plugins"]\n    node_venv_lib_python3_12_site-packages_PyQt6_Qt6_plugins --> node_venv_lib_python3_12_site-packages_PyQt6_Qt6_plugins_sqldrivers["sqldrivers"]\n    node_venv_lib_python3_12_site-packages_PyQt6_Qt6_plugins_sqldrivers --> node_venv_lib_python3_12_site-packages_PyQt6_Qt6_plugins_sqldrivers_libqsqlite_dylib["libqsqlite.dylib"]\n    Root --> node_venv["venv"]\n    node_venv --> node_venv_lib["lib"]\n    node_venv_lib --> node_venv_lib_python3_12["python3.12"]\n    node_venv_lib_python3_12 --> node_venv_lib_python3_12_site-packages["site-packages"]\n    node_venv_lib_python3_12_site-packages --> node_venv_lib_python3_12_site-packages_PyQt6["PyQt6"]\n    node_venv_lib_python3_12_site-packages_PyQt6 --> node_venv_lib_python3_12_site-packages_PyQt6_Qt6["Qt6"]\n    node_venv_lib_python3_12_site-packages_PyQt6_Qt6 --> node_venv_lib_python3_12_site-packages_PyQt6_Qt6_plugins["plugins"]\n    node_venv_lib_python3_12_site-packages_PyQt6_Qt6_plugins --> node_venv_lib_python3_12_site-packages_PyQt6_Qt6_plugins_sqldrivers["sqldrivers"]\n    node_venv_lib_python3_12_site-packages_PyQt6_Qt6_plugins_sqldrivers --> node_venv_lib_python3_12_site-packages_PyQt6_Qt6_plugins_sqldrivers_libqsqlmimer_dylib["libqsqlmimer.dylib"]\n    Root --> node_venv["venv"]\n    node_venv --> node_venv_lib["lib"]\n    node_venv_lib --> node_venv_lib_python3_12["python3.12"]\n    node_venv_lib_python3_12 --> node_venv_lib_python3_12_site-packages["site-packages"]\n    node_venv_lib_python3_12_site-packages --> node_venv_lib_python3_12_site-packages_PyQt6["PyQt6"]\n    node_venv_lib_python3_12_site-packages_PyQt6 --> node_venv_lib_python3_12_site-packages_PyQt6_Qt6["Qt6"]\n    node_venv_lib_python3_12_site-packages_PyQt6_Qt6 --> node_venv_lib_python3_12_site-packages_PyQt6_Qt6_plugins["plugins"]\n    node_venv_lib_python3_12_site-packages_PyQt6_Qt6_plugins --> node_venv_lib_python3_12_site-packages_PyQt6_Qt6_plugins_sqldrivers["sqldrivers"]\n    node_venv_lib_python3_12_site-packages_PyQt6_Qt6_plugins_sqldrivers --> node_venv_lib_python3_12_site-packages_PyQt6_Qt6_plugins_sqldrivers_libqsqlodbc_dylib["libqsqlodbc.dylib"]\n    Root --> node_venv["venv"]\n    node_venv --> node_venv_lib["lib"]\n    node_venv_lib --> node_venv_lib_python3_12["python3.12"]\n    node_venv_lib_python3_12 --> node_venv_lib_python3_12_site-packages["site-packages"]\n    node_venv_lib_python3_12_site-packages --> node_venv_lib_python3_12_site-packages_PyQt6["PyQt6"]\n    node_venv_lib_python3_12_site-packages_PyQt6 --> node_venv_lib_python3_12_site-packages_PyQt6_Qt6["Qt6"]\n    node_venv_lib_python3_12_site-packages_PyQt6_Qt6 --> node_venv_lib_python3_12_site-packages_PyQt6_Qt6_plugins["plugins"]\n    node_venv_lib_python3_12_site-packages_PyQt6_Qt6_plugins --> node_venv_lib_python3_12_site-packages_PyQt6_Qt6_plugins_sqldrivers["sqldrivers"]\n    node_venv_lib_python3_12_site-packages_PyQt6_Qt6_plugins_sqldrivers --> node_venv_lib_python3_12_site-packages_PyQt6_Qt6_plugins_sqldrivers_libqsqlpsql_dylib["libqsqlpsql.dylib"]\n    Root --> node_venv["venv"]\n    node_venv --> node_venv_lib["lib"]\n    node_venv_lib --> node_venv_lib_python3_12["python3.12"]\n    node_venv_lib_python3_12 --> node_venv_lib_python3_12_site-packages["site-packages"]\n    node_venv_lib_python3_12_site-packages --> node_venv_lib_python3_12_site-packages_PyQt6["PyQt6"]\n    node_venv_lib_python3_12_site-packages_PyQt6 --> node_venv_lib_python3_12_site-packages_PyQt6_Qt6["Qt6"]\n    node_venv_lib_python3_12_site-packages_PyQt6_Qt6 --> node_venv_lib_python3_12_site-packages_PyQt6_Qt6_plugins["plugins"]\n    node_venv_lib_python3_12_site-packages_PyQt6_Qt6_plugins --> node_venv_lib_python3_12_site-packages_PyQt6_Qt6_plugins_multimedia["multimedia"]\n    node_venv_lib_python3_12_site-packages_PyQt6_Qt6_plugins_multimedia --> node_venv_lib_python3_12_site-packages_PyQt6_Qt6_plugins_multimedia_libdarwinmediaplugin_dylib["libdarwinmediaplugin.dylib"]\n    Root --> node_venv["venv"]\n    node_venv --> node_venv_lib["lib"]\n    node_venv_lib --> node_venv_lib_python3_12["python3.12"]\n    node_venv_lib_python3_12 --> node_venv_lib_python3_12_site-packages["site-packages"]\n    node_venv_lib_python3_12_site-packages --> node_venv_lib_python3_12_site-packages_PyQt6["PyQt6"]\n    node_venv_lib_python3_12_site-packages_PyQt6 --> node_venv_lib_python3_12_site-packages_PyQt6_Qt6["Qt6"]\n    node_venv_lib_python3_12_site-packages_PyQt6_Qt6 --> node_venv_lib_python3_12_site-packages_PyQt6_Qt6_plugins["plugins"]\n    node_venv_lib_python3_12_site-packages_PyQt6_Qt6_plugins --> node_venv_lib_python3_12_site-packages_PyQt6_Qt6_plugins_multimedia["multimedia"]\n    node_venv_lib_python3_12_site-packages_PyQt6_Qt6_plugins_multimedia --> node_venv_lib_python3_12_site-packages_PyQt6_Qt6_plugins_multimedia_libffmpegmediaplugin_dylib["libffmpegmediaplugin.dylib"]\n    Root --> node_venv["venv"]\n    node_venv --> node_venv_lib["lib"]\n    node_venv_lib --> node_venv_lib_python3_12["python3.12"]\n    node_venv_lib_python3_12 --> node_venv_lib_python3_12_site-packages["site-packages"]\n    node_venv_lib_python3_12_site-packages --> node_venv_lib_python3_12_site-packages_PyQt6["PyQt6"]\n    node_venv_lib_python3_12_site-packages_PyQt6 --> node_venv_lib_python3_12_site-packages_PyQt6_Qt6["Qt6"]\n    node_venv_lib_python3_12_site-packages_PyQt6_Qt6 --> node_venv_lib_python3_12_site-packages_PyQt6_Qt6_plugins["plugins"]\n    node_venv_lib_python3_12_site-packages_PyQt6_Qt6_plugins --> node_venv_lib_python3_12_site-packages_PyQt6_Qt6_plugins_imageformats["imageformats"]\n    node_venv_lib_python3_12_site-packages_PyQt6_Qt6_plugins_imageformats --> node_venv_lib_python3_12_site-packages_PyQt6_Qt6_plugins_imageformats_libqgif_dylib["libqgif.dylib"]\n    Root --> node_venv["venv"]\n    node_venv --> node_venv_lib["lib"]\n    node_venv_lib --> node_venv_lib_python3_12["python3.12"]\n    node_venv_lib_python3_12 --> node_venv_lib_python3_12_site-packages["site-packages"]\n    node_venv_lib_python3_12_site-packages --> node_venv_lib_python3_12_site-packages_PyQt6["PyQt6"]\n    node_venv_lib_python3_12_site-packages_PyQt6 --> node_venv_lib_python3_12_site-packages_PyQt6_Qt6["Qt6"]\n    node_venv_lib_python3_12_site-packages_PyQt6_Qt6 --> node_venv_lib_python3_12_site-packages_PyQt6_Qt6_plugins["plugins"]\n    node_venv_lib_python3_12_site-packages_PyQt6_Qt6_plugins --> node_venv_lib_python3_12_site-packages_PyQt6_Qt6_plugins_imageformats["imageformats"]\n    node_venv_lib_python3_12_site-packages_PyQt6_Qt6_plugins_imageformats --> node_venv_lib_python3_12_site-packages_PyQt6_Qt6_plugins_imageformats_libqicns_dylib["libqicns.dylib"]\n    Root --> node_venv["venv"]\n    node_venv --> node_venv_lib["lib"]\n    node_venv_lib --> node_venv_lib_python3_12["python3.12"]\n    node_venv_lib_python3_12 --> node_venv_lib_python3_12_site-packages["site-packages"]\n    node_venv_lib_python3_12_site-packages --> node_venv_lib_python3_12_site-packages_PyQt6["PyQt6"]\n    node_venv_lib_python3_12_site-packages_PyQt6 --> node_venv_lib_python3_12_site-packages_PyQt6_Qt6["Qt6"]\n    node_venv_lib_python3_12_site-packages_PyQt6_Qt6 --> node_venv_lib_python3_12_site-packages_PyQt6_Qt6_plugins["plugins"]\n    node_venv_lib_python3_12_site-packages_PyQt6_Qt6_plugins --> node_venv_lib_python3_12_site-packages_PyQt6_Qt6_plugins_imageformats["imageformats"]\n    node_venv_lib_python3_12_site-packages_PyQt6_Qt6_plugins_imageformats --> node_venv_lib_python3_12_site-packages_PyQt6_Qt6_plugins_imageformats_libqico_dylib["libqico.dylib"]\n    Root --> node_venv["venv"]\n    node_venv --> node_venv_lib["lib"]\n    node_venv_lib --> node_venv_lib_python3_12["python3.12"]\n    node_venv_lib_python3_12 --> node_venv_lib_python3_12_site-packages["site-packages"]\n    node_venv_lib_python3_12_site-packages --> node_venv_lib_python3_12_site-packages_PyQt6["PyQt6"]\n    node_venv_lib_python3_12_site-packages_PyQt6 --> node_venv_lib_python3_12_site-packages_PyQt6_Qt6["Qt6"]\n    node_venv_lib_python3_12_site-packages_PyQt6_Qt6 --> node_venv_lib_python3_12_site-packages_PyQt6_Qt6_plugins["plugins"]\n    node_venv_lib_python3_12_site-packages_PyQt6_Qt6_plugins --> node_venv_lib_python3_12_site-packages_PyQt6_Qt6_plugins_imageformats["imageformats"]\n    node_venv_lib_python3_12_site-packages_PyQt6_Qt6_plugins_imageformats --> node_venv_lib_python3_12_site-packages_PyQt6_Qt6_plugins_imageformats_libqjpeg_dylib["libqjpeg.dylib"]\n    Root --> node_venv["venv"]\n    node_venv --> node_venv_lib["lib"]\n    node_venv_lib --> node_venv_lib_python3_12["python3.12"]\n    node_venv_lib_python3_12 --> node_venv_lib_python3_12_site-packages["site-packages"]\n    node_venv_lib_python3_12_site-packages --> node_venv_lib_python3_12_site-packages_PyQt6["PyQt6"]\n    node_venv_lib_python3_12_site-packages_PyQt6 --> node_venv_lib_python3_12_site-packages_PyQt6_Qt6["Qt6"]\n    node_venv_lib_python3_12_site-packages_PyQt6_Qt6 --> node_venv_lib_python3_12_site-packages_PyQt6_Qt6_plugins["plugins"]\n    node_venv_lib_python3_12_site-packages_PyQt6_Qt6_plugins --> node_venv_lib_python3_12_site-packages_PyQt6_Qt6_plugins_imageformats["imageformats"]\n    node_venv_lib_python3_12_site-packages_PyQt6_Qt6_plugins_imageformats --> node_venv_lib_python3_12_site-packages_PyQt6_Qt6_plugins_imageformats_libqmacheif_dylib["libqmacheif.dylib"]\n    Root --> node_venv["venv"]\n    node_venv --> node_venv_lib["lib"]\n    node_venv_lib --> node_venv_lib_python3_12["python3.12"]\n    node_venv_lib_python3_12 --> node_venv_lib_python3_12_site-packages["site-packages"]\n    node_venv_lib_python3_12_site-packages --> node_venv_lib_python3_12_site-packages_PyQt6["PyQt6"]\n    node_venv_lib_python3_12_site-packages_PyQt6 --> node_venv_lib_python3_12_site-packages_PyQt6_Qt6["Qt6"]\n    node_venv_lib_python3_12_site-packages_PyQt6_Qt6 --> node_venv_lib_python3_12_site-packages_PyQt6_Qt6_plugins["plugins"]\n    node_venv_lib_python3_12_site-packages_PyQt6_Qt6_plugins --> node_venv_lib_python3_12_site-packages_PyQt6_Qt6_plugins_imageformats["imageformats"]\n    node_venv_lib_python3_12_site-packages_PyQt6_Qt6_plugins_imageformats --> node_venv_lib_python3_12_site-packages_PyQt6_Qt6_plugins_imageformats_libqmacjp2_dylib["libqmacjp2.dylib"]\n    Root --> node_venv["venv"]\n    node_venv --> node_venv_lib["lib"]\n    node_venv_lib --> node_venv_lib_python3_12["python3.12"]\n    node_venv_lib_python3_12 --> node_venv_lib_python3_12_site-packages["site-packages"]\n    node_venv_lib_python3_12_site-packages --> node_venv_lib_python3_12_site-packages_PyQt6["PyQt6"]\n    node_venv_lib_python3_12_site-packages_PyQt6 --> node_venv_lib_python3_12_site-packages_PyQt6_Qt6["Qt6"]\n    node_venv_lib_python3_12_site-packages_PyQt6_Qt6 --> node_venv_lib_python3_12_site-packages_PyQt6_Qt6_plugins["plugins"]\n    node_venv_lib_python3_12_site-packages_PyQt6_Qt6_plugins --> node_venv_lib_python3_12_site-packages_PyQt6_Qt6_plugins_imageformats["imageformats"]\n    node_venv_lib_python3_12_site-packages_PyQt6_Qt6_plugins_imageformats --> node_venv_lib_python3_12_site-packages_PyQt6_Qt6_plugins_imageformats_libqpdf_dylib["libqpdf.dylib"]\n    Root --> node_venv["venv"]\n    node_venv --> node_venv_lib["lib"]\n    node_venv_lib --> node_venv_lib_python3_12["python3.12"]\n    node_venv_lib_python3_12 --> node_venv_lib_python3_12_site-packages["site-packages"]\n    node_venv_lib_python3_12_site-packages --> node_venv_lib_python3_12_site-packages_PyQt6["PyQt6"]\n    node_venv_lib_python3_12_site-packages_PyQt6 --> node_venv_lib_python3_12_site-packages_PyQt6_Qt6["Qt6"]\n    node_venv_lib_python3_12_site-packages_PyQt6_Qt6 --> node_venv_lib_python3_12_site-packages_PyQt6_Qt6_plugins["plugins"]\n    node_venv_lib_python3_12_site-packages_PyQt6_Qt6_plugins --> node_venv_lib_python3_12_site-packages_PyQt6_Qt6_plugins_imageformats["imageformats"]\n    node_venv_lib_python3_12_site-packages_PyQt6_Qt6_plugins_imageformats --> node_venv_lib_python3_12_site-packages_PyQt6_Qt6_plugins_imageformats_libqsvg_dylib["libqsvg.dylib"]\n    Root --> node_venv["venv"]\n    node_venv --> node_venv_lib["lib"]\n    node_venv_lib --> node_venv_lib_python3_12["python3.12"]\n    node_venv_lib_python3_12 --> node_venv_lib_python3_12_site-packages["site-packages"]\n    node_venv_lib_python3_12_site-packages --> node_venv_lib_python3_12_site-packages_PyQt6["PyQt6"]\n    node_venv_lib_python3_12_site-packages_PyQt6 --> node_venv_lib_python3_12_site-packages_PyQt6_Qt6["Qt6"]\n    node_venv_lib_python3_12_site-packages_PyQt6_Qt6 --> node_venv_lib_python3_12_site-packages_PyQt6_Qt6_plugins["plugins"]\n    node_venv_lib_python3_12_site-packages_PyQt6_Qt6_plugins --> node_venv_lib_python3_12_site-packages_PyQt6_Qt6_plugins_imageformats["imageformats"]\n    node_venv_lib_python3_12_site-packages_PyQt6_Qt6_plugins_imageformats --> node_venv_lib_python3_12_site-packages_PyQt6_Qt6_plugins_imageformats_libqtga_dylib["libqtga.dylib"]\n    Root --> node_venv["venv"]\n    node_venv --> node_venv_lib["lib"]\n    node_venv_lib --> node_venv_lib_python3_12["python3.12"]\n    node_venv_lib_python3_12 --> node_venv_lib_python3_12_site-packages["site-packages"]\n    node_venv_lib_python3_12_site-packages --> node_venv_lib_python3_12_site-packages_PyQt6["PyQt6"]\n    node_venv_lib_python3_12_site-packages_PyQt6 --> node_venv_lib_python3_12_site-packages_PyQt6_Qt6["Qt6"]\n    node_venv_lib_python3_12_site-packages_PyQt6_Qt6 --> node_venv_lib_python3_12_site-packages_PyQt6_Qt6_plugins["plugins"]\n    node_venv_lib_python3_12_site-packages_PyQt6_Qt6_plugins --> node_venv_lib_python3_12_site-packages_PyQt6_Qt6_plugins_imageformats["imageformats"]\n    node_venv_lib_python3_12_site-packages_PyQt6_Qt6_plugins_imageformats --> node_venv_lib_python3_12_site-packages_PyQt6_Qt6_plugins_imageformats_libqtiff_dylib["libqtiff.dylib"]\n    Root --> node_venv["venv"]\n    node_venv --> node_venv_lib["lib"]\n    node_venv_lib --> node_venv_lib_python3_12["python3.12"]\n    node_venv_lib_python3_12 --> node_venv_lib_python3_12_site-packages["site-packages"]\n    node_venv_lib_python3_12_site-packages --> node_venv_lib_python3_12_site-packages_PyQt6["PyQt6"]\n    node_venv_lib_python3_12_site-packages_PyQt6 --> node_venv_lib_python3_12_site-packages_PyQt6_Qt6["Qt6"]\n    node_venv_lib_python3_12_site-packages_PyQt6_Qt6 --> node_venv_lib_python3_12_site-packages_PyQt6_Qt6_plugins["plugins"]\n    node_venv_lib_python3_12_site-packages_PyQt6_Qt6_plugins --> node_venv_lib_python3_12_site-packages_PyQt6_Qt6_plugins_imageformats["imageformats"]\n    node_venv_lib_python3_12_site-packages_PyQt6_Qt6_plugins_imageformats --> node_venv_lib_python3_12_site-packages_PyQt6_Qt6_plugins_imageformats_libqwbmp_dylib["libqwbmp.dylib"]\n    Root --> node_venv["venv"]\n    node_venv --> node_venv_lib["lib"]\n    node_venv_lib --> node_venv_lib_python3_12["python3.12"]\n    node_venv_lib_python3_12 --> node_venv_lib_python3_12_site-packages["site-packages"]\n    node_venv_lib_python3_12_site-packages --> node_venv_lib_python3_12_site-packages_PyQt6["PyQt6"]\n    node_venv_lib_python3_12_site-packages_PyQt6 --> node_venv_lib_python3_12_site-packages_PyQt6_Qt6["Qt6"]\n    node_venv_lib_python3_12_site-packages_PyQt6_Qt6 --> node_venv_lib_python3_12_site-packages_PyQt6_Qt6_plugins["plugins"]\n    node_venv_lib_python3_12_site-packages_PyQt6_Qt6_plugins --> node_venv_lib_python3_12_site-packages_PyQt6_Qt6_plugins_imageformats["imageformats"]\n    node_venv_lib_python3_12_site-packages_PyQt6_Qt6_plugins_imageformats --> node_venv_lib_python3_12_site-packages_PyQt6_Qt6_plugins_imageformats_libqwebp_dylib["libqwebp.dylib"]\n    Root --> node_venv["venv"]\n    node_venv --> node_venv_lib["lib"]\n    node_venv_lib --> node_venv_lib_python3_12["python3.12"]\n    node_venv_lib_python3_12 --> node_venv_lib_python3_12_site-packages["site-packages"]\n    node_venv_lib_python3_12_site-packages --> node_venv_lib_python3_12_site-packages_PyQt6["PyQt6"]\n    node_venv_lib_python3_12_site-packages_PyQt6 --> node_venv_lib_python3_12_site-packages_PyQt6_Qt6["Qt6"]\n    node_venv_lib_python3_12_site-packages_PyQt6_Qt6 --> node_venv_lib_python3_12_site-packages_PyQt6_Qt6_plugins["plugins"]\n    node_venv_lib_python3_12_site-packages_PyQt6_Qt6_plugins --> node_venv_lib_python3_12_site-packages_PyQt6_Qt6_plugins_qmllint["qmllint"]\n    node_venv_lib_python3_12_site-packages_PyQt6_Qt6_plugins_qmllint --> node_venv_lib_python3_12_site-packages_PyQt6_Qt6_plugins_qmllint_libqdslintplugin_dylib["libqdslintplugin.dylib"]\n    Root --> node_venv["venv"]\n    node_venv --> node_venv_lib["lib"]\n    node_venv_lib --> node_venv_lib_python3_12["python3.12"]\n    node_venv_lib_python3_12 --> node_venv_lib_python3_12_site-packages["site-packages"]\n    node_venv_lib_python3_12_site-packages --> node_venv_lib_python3_12_site-packages_PyQt6["PyQt6"]\n    node_venv_lib_python3_12_site-packages_PyQt6 --> node_venv_lib_python3_12_site-packages_PyQt6_Qt6["Qt6"]\n    node_venv_lib_python3_12_site-packages_PyQt6_Qt6 --> node_venv_lib_python3_12_site-packages_PyQt6_Qt6_plugins["plugins"]\n    node_venv_lib_python3_12_site-packages_PyQt6_Qt6_plugins --> node_venv_lib_python3_12_site-packages_PyQt6_Qt6_plugins_qmllint["qmllint"]\n    node_venv_lib_python3_12_site-packages_PyQt6_Qt6_plugins_qmllint --> node_venv_lib_python3_12_site-packages_PyQt6_Qt6_plugins_qmllint_libquicklintplugin_dylib["libquicklintplugin.dylib"]\n    Root --> node_venv["venv"]\n    node_venv --> node_venv_lib["lib"]\n    node_venv_lib --> node_venv_lib_python3_12["python3.12"]\n    node_venv_lib_python3_12 --> node_venv_lib_python3_12_site-packages["site-packages"]\n    node_venv_lib_python3_12_site-packages --> node_venv_lib_python3_12_site-packages_PyQt6["PyQt6"]\n    node_venv_lib_python3_12_site-packages_PyQt6 --> node_venv_lib_python3_12_site-packages_PyQt6_Qt6["Qt6"]\n    node_venv_lib_python3_12_site-packages_PyQt6_Qt6 --> node_venv_lib_python3_12_site-packages_PyQt6_Qt6_plugins["plugins"]\n    node_venv_lib_python3_12_site-packages_PyQt6_Qt6_plugins --> node_venv_lib_python3_12_site-packages_PyQt6_Qt6_plugins_qmlls["qmlls"]\n    node_venv_lib_python3_12_site-packages_PyQt6_Qt6_plugins_qmlls --> node_venv_lib_python3_12_site-packages_PyQt6_Qt6_plugins_qmlls_libqmllsquickplugin_dylib["libqmllsquickplugin.dylib"]\n    Root --> node_venv["venv"]\n    node_venv --> node_venv_lib["lib"]\n    node_venv_lib --> node_venv_lib_python3_12["python3.12"]\n    node_venv_lib_python3_12 --> node_venv_lib_python3_12_site-packages["site-packages"]\n    node_venv_lib_python3_12_site-packages --> node_venv_lib_python3_12_site-packages_PyQt6["PyQt6"]\n    node_venv_lib_python3_12_site-packages_PyQt6 --> node_venv_lib_python3_12_site-packages_PyQt6_Qt6["Qt6"]\n    node_venv_lib_python3_12_site-packages_PyQt6_Qt6 --> node_venv_lib_python3_12_site-packages_PyQt6_Qt6_plugins["plugins"]\n    node_venv_lib_python3_12_site-packages_PyQt6_Qt6_plugins --> node_venv_lib_python3_12_site-packages_PyQt6_Qt6_plugins_texttospeech["texttospeech"]\n    node_venv_lib_python3_12_site-packages_PyQt6_Qt6_plugins_texttospeech --> node_venv_lib_python3_12_site-packages_PyQt6_Qt6_plugins_texttospeech_libqtexttospeech_mock_dylib["libqtexttospeech_mock.dylib"]\n    Root --> node_venv["venv"]\n    node_venv --> node_venv_lib["lib"]\n    node_venv_lib --> node_venv_lib_python3_12["python3.12"]\n    node_venv_lib_python3_12 --> node_venv_lib_python3_12_site-packages["site-packages"]\n    node_venv_lib_python3_12_site-packages --> node_venv_lib_python3_12_site-packages_PyQt6["PyQt6"]\n    node_venv_lib_python3_12_site-packages_PyQt6 --> node_venv_lib_python3_12_site-packages_PyQt6_Qt6["Qt6"]\n    node_venv_lib_python3_12_site-packages_PyQt6_Qt6 --> node_venv_lib_python3_12_site-packages_PyQt6_Qt6_plugins["plugins"]\n    node_venv_lib_python3_12_site-packages_PyQt6_Qt6_plugins --> node_venv_lib_python3_12_site-packages_PyQt6_Qt6_plugins_texttospeech["texttospeech"]\n    node_venv_lib_python3_12_site-packages_PyQt6_Qt6_plugins_texttospeech --> node_venv_lib_python3_12_site-packages_PyQt6_Qt6_plugins_texttospeech_libqtexttospeech_speechdarwin_dylib["libqtexttospeech_speechdarwin.dylib"]\n    Root --> node_venv["venv"]\n    node_venv --> node_venv_lib["lib"]\n    node_venv_lib --> node_venv_lib_python3_12["python3.12"]\n    node_venv_lib_python3_12 --> node_venv_lib_python3_12_site-packages["site-packages"]\n    node_venv_lib_python3_12_site-packages --> node_venv_lib_python3_12_site-packages_PyQt6["PyQt6"]\n    node_venv_lib_python3_12_site-packages_PyQt6 --> node_venv_lib_python3_12_site-packages_PyQt6_Qt6["Qt6"]\n    node_venv_lib_python3_12_site-packages_PyQt6_Qt6 --> node_venv_lib_python3_12_site-packages_PyQt6_Qt6_plugins["plugins"]\n    node_venv_lib_python3_12_site-packages_PyQt6_Qt6_plugins --> node_venv_lib_python3_12_site-packages_PyQt6_Qt6_plugins_generic["generic"]\n    node_venv_lib_python3_12_site-packages_PyQt6_Qt6_plugins_generic --> node_venv_lib_python3_12_site-packages_PyQt6_Qt6_plugins_generic_libqtuiotouchplugin_dylib["libqtuiotouchplugin.dylib"]\n    Root --> node_venv["venv"]\n    node_venv --> node_venv_lib["lib"]\n    node_venv_lib --> node_venv_lib_python3_12["python3.12"]\n    node_venv_lib_python3_12 --> node_venv_lib_python3_12_site-packages["site-packages"]\n    node_venv_lib_python3_12_site-packages --> node_venv_lib_python3_12_site-packages_PyQt6["PyQt6"]\n    node_venv_lib_python3_12_site-packages_PyQt6 --> node_venv_lib_python3_12_site-packages_PyQt6_Qt6["Qt6"]\n    node_venv_lib_python3_12_site-packages_PyQt6_Qt6 --> node_venv_lib_python3_12_site-packages_PyQt6_Qt6_plugins["plugins"]\n    node_venv_lib_python3_12_site-packages_PyQt6_Qt6_plugins --> node_venv_lib_python3_12_site-packages_PyQt6_Qt6_plugins_renderplugins["renderplugins"]\n    node_venv_lib_python3_12_site-packages_PyQt6_Qt6_plugins_renderplugins --> node_venv_lib_python3_12_site-packages_PyQt6_Qt6_plugins_renderplugins_libscene2d_dylib["libscene2d.dylib"]\n    Root --> node_venv["venv"]\n    node_venv --> node_venv_lib["lib"]\n    node_venv_lib --> node_venv_lib_python3_12["python3.12"]\n    node_venv_lib_python3_12 --> node_venv_lib_python3_12_site-packages["site-packages"]\n    node_venv_lib_python3_12_site-packages --> node_venv_lib_python3_12_site-packages_PyQt6["PyQt6"]\n    node_venv_lib_python3_12_site-packages_PyQt6 --> node_venv_lib_python3_12_site-packages_PyQt6_Qt6["Qt6"]\n    node_venv_lib_python3_12_site-packages_PyQt6_Qt6 --> node_venv_lib_python3_12_site-packages_PyQt6_Qt6_plugins["plugins"]\n    node_venv_lib_python3_12_site-packages_PyQt6_Qt6_plugins --> node_venv_lib_python3_12_site-packages_PyQt6_Qt6_plugins_help["help"]\n    node_venv_lib_python3_12_site-packages_PyQt6_Qt6_plugins_help --> node_venv_lib_python3_12_site-packages_PyQt6_Qt6_plugins_help_libhelpplugin_dylib["libhelpplugin.dylib"]\n    Root --> node_venv["venv"]\n    node_venv --> node_venv_lib["lib"]\n    node_venv_lib --> node_venv_lib_python3_12["python3.12"]\n    node_venv_lib_python3_12 --> node_venv_lib_python3_12_site-packages["site-packages"]\n    node_venv_lib_python3_12_site-packages --> node_venv_lib_python3_12_site-packages_PyQt6["PyQt6"]\n    node_venv_lib_python3_12_site-packages_PyQt6 --> node_venv_lib_python3_12_site-packages_PyQt6_Qt6["Qt6"]\n    node_venv_lib_python3_12_site-packages_PyQt6_Qt6 --> node_venv_lib_python3_12_site-packages_PyQt6_Qt6_plugins["plugins"]\n    node_venv_lib_python3_12_site-packages_PyQt6_Qt6_plugins --> node_venv_lib_python3_12_site-packages_PyQt6_Qt6_plugins_networkinformation["networkinformation"]\n    node_venv_lib_python3_12_site-packages_PyQt6_Qt6_plugins_networkinformation --> node_venv_lib_python3_12_site-packages_PyQt6_Qt6_plugins_networkinformation_libqapplenetworkinformation_dylib["libqapplenetworkinformation.dylib"]\n    Root --> node_venv["venv"]\n    node_venv --> node_venv_lib["lib"]\n    node_venv_lib --> node_venv_lib_python3_12["python3.12"]\n    node_venv_lib_python3_12 --> node_venv_lib_python3_12_site-packages["site-packages"]\n    node_venv_lib_python3_12_site-packages --> node_venv_lib_python3_12_site-packages_PyQt6["PyQt6"]\n    node_venv_lib_python3_12_site-packages_PyQt6 --> node_venv_lib_python3_12_site-packages_PyQt6_Qt6["Qt6"]\n    node_venv_lib_python3_12_site-packages_PyQt6_Qt6 --> node_venv_lib_python3_12_site-packages_PyQt6_Qt6_lib["lib"]\n    node_venv_lib_python3_12_site-packages_PyQt6_Qt6_lib --> node_venv_lib_python3_12_site-packages_PyQt6_Qt6_lib_libavcodec_61_dylib["libavcodec.61.dylib"]\n    Root --> node_venv["venv"]\n    node_venv --> node_venv_lib["lib"]\n    node_venv_lib --> node_venv_lib_python3_12["python3.12"]\n    node_venv_lib_python3_12 --> node_venv_lib_python3_12_site-packages["site-packages"]\n    node_venv_lib_python3_12_site-packages --> node_venv_lib_python3_12_site-packages_PyQt6["PyQt6"]\n    node_venv_lib_python3_12_site-packages_PyQt6 --> node_venv_lib_python3_12_site-packages_PyQt6_Qt6["Qt6"]\n    node_venv_lib_python3_12_site-packages_PyQt6_Qt6 --> node_venv_lib_python3_12_site-packages_PyQt6_Qt6_lib["lib"]\n    node_venv_lib_python3_12_site-packages_PyQt6_Qt6_lib --> node_venv_lib_python3_12_site-packages_PyQt6_Qt6_lib_libavformat_61_dylib["libavformat.61.dylib"]\n    Root --> node_venv["venv"]\n    node_venv --> node_venv_lib["lib"]\n    node_venv_lib --> node_venv_lib_python3_12["python3.12"]\n    node_venv_lib_python3_12 --> node_venv_lib_python3_12_site-packages["site-packages"]\n    node_venv_lib_python3_12_site-packages --> node_venv_lib_python3_12_site-packages_PyQt6["PyQt6"]\n    node_venv_lib_python3_12_site-packages_PyQt6 --> node_venv_lib_python3_12_site-packages_PyQt6_Qt6["Qt6"]\n    node_venv_lib_python3_12_site-packages_PyQt6_Qt6 --> node_venv_lib_python3_12_site-packages_PyQt6_Qt6_lib["lib"]\n    node_venv_lib_python3_12_site-packages_PyQt6_Qt6_lib --> node_venv_lib_python3_12_site-packages_PyQt6_Qt6_lib_libavutil_59_dylib["libavutil.59.dylib"]\n    Root --> node_venv["venv"]\n    node_venv --> node_venv_lib["lib"]\n    node_venv_lib --> node_venv_lib_python3_12["python3.12"]\n    node_venv_lib_python3_12 --> node_venv_lib_python3_12_site-packages["site-packages"]\n    node_venv_lib_python3_12_site-packages --> node_venv_lib_python3_12_site-packages_PyQt6["PyQt6"]\n    node_venv_lib_python3_12_site-packages_PyQt6 --> node_venv_lib_python3_12_site-packages_PyQt6_Qt6["Qt6"]\n    node_venv_lib_python3_12_site-packages_PyQt6_Qt6 --> node_venv_lib_python3_12_site-packages_PyQt6_Qt6_lib["lib"]\n    node_venv_lib_python3_12_site-packages_PyQt6_Qt6_lib --> node_venv_lib_python3_12_site-packages_PyQt6_Qt6_lib_libswresample_5_dylib["libswresample.5.dylib"]\n    Root --> node_venv["venv"]\n    node_venv --> node_venv_lib["lib"]\n    node_venv_lib --> node_venv_lib_python3_12["python3.12"]\n    node_venv_lib_python3_12 --> node_venv_lib_python3_12_site-packages["site-packages"]\n    node_venv_lib_python3_12_site-packages --> node_venv_lib_python3_12_site-packages_PyQt6["PyQt6"]\n    node_venv_lib_python3_12_site-packages_PyQt6 --> node_venv_lib_python3_12_site-packages_PyQt6_Qt6["Qt6"]\n    node_venv_lib_python3_12_site-packages_PyQt6_Qt6 --> node_venv_lib_python3_12_site-packages_PyQt6_Qt6_lib["lib"]\n    node_venv_lib_python3_12_site-packages_PyQt6_Qt6_lib --> node_venv_lib_python3_12_site-packages_PyQt6_Qt6_lib_libswscale_8_dylib["libswscale.8.dylib"]\n    Root --> node_venv["venv"]\n    node_venv --> node_venv_lib["lib"]\n    node_venv_lib --> node_venv_lib_python3_12["python3.12"]\n    node_venv_lib_python3_12 --> node_venv_lib_python3_12_site-packages["site-packages"]\n    node_venv_lib_python3_12_site-packages --> node_venv_lib_python3_12_site-packages_PyQt6["PyQt6"]\n    node_venv_lib_python3_12_site-packages_PyQt6 --> node_venv_lib_python3_12_site-packages_PyQt6_Qt6["Qt6"]\n    node_venv_lib_python3_12_site-packages_PyQt6_Qt6 --> node_venv_lib_python3_12_site-packages_PyQt6_Qt6_lib["lib"]\n    node_venv_lib_python3_12_site-packages_PyQt6_Qt6_lib --> node_venv_lib_python3_12_site-packages_PyQt6_Qt6_lib_QtMultimediaQuick_framework["QtMultimediaQuick.framework"]\n    node_venv_lib_python3_12_site-packages_PyQt6_Qt6_lib_QtMultimediaQuick_framework --> node_venv_lib_python3_12_site-packages_PyQt6_Qt6_lib_QtMultimediaQuick_framework_Resources["Resources"]\n    node_venv_lib_python3_12_site-packages_PyQt6_Qt6_lib_QtMultimediaQuick_framework_Resources --> node_venv_lib_python3_12_site-packages_PyQt6_Qt6_lib_QtMultimediaQuick_framework_Resources_Info_plist["Info.plist"]\n    Root --> node_venv["venv"]\n    node_venv --> node_venv_lib["lib"]\n    node_venv_lib --> node_venv_lib_python3_12["python3.12"]\n    node_venv_lib_python3_12 --> node_venv_lib_python3_12_site-packages["site-packages"]\n    node_venv_lib_python3_12_site-packages --> node_venv_lib_python3_12_site-packages_PyQt6["PyQt6"]\n    node_venv_lib_python3_12_site-packages_PyQt6 --> node_venv_lib_python3_12_site-packages_PyQt6_Qt6["Qt6"]\n    node_venv_lib_python3_12_site-packages_PyQt6_Qt6 --> node_venv_lib_python3_12_site-packages_PyQt6_Qt6_lib["lib"]\n    node_venv_lib_python3_12_site-packages_PyQt6_Qt6_lib --> node_venv_lib_python3_12_site-packages_PyQt6_Qt6_lib_QtMultimediaQuick_framework["QtMultimediaQuick.framework"]\n    node_venv_lib_python3_12_site-packages_PyQt6_Qt6_lib_QtMultimediaQuick_framework --> node_venv_lib_python3_12_site-packages_PyQt6_Qt6_lib_QtMultimediaQuick_framework_Resources["Resources"]\n    node_venv_lib_python3_12_site-packages_PyQt6_Qt6_lib_QtMultimediaQuick_framework_Resources --> node_venv_lib_python3_12_site-packages_PyQt6_Qt6_lib_QtMultimediaQuick_framework_Resources_PrivacyInfo_xcprivacy["PrivacyInfo.xcprivacy"]\n    Root --> node_venv["venv"]\n    node_venv --> node_venv_lib["lib"]\n    node_venv_lib --> node_venv_lib_python3_12["python3.12"]\n    node_venv_lib_python3_12 --> node_venv_lib_python3_12_site-packages["site-packages"]\n    node_venv_lib_python3_12_site-packages --> node_venv_lib_python3_12_site-packages_PyQt6["PyQt6"]\n    node_venv_lib_python3_12_site-packages_PyQt6 --> node_venv_lib_python3_12_site-packages_PyQt6_Qt6["Qt6"]\n    node_venv_lib_python3_12_site-packages_PyQt6_Qt6 --> node_venv_lib_python3_12_site-packages_PyQt6_Qt6_lib["lib"]\n    node_venv_lib_python3_12_site-packages_PyQt6_Qt6_lib --> node_venv_lib_python3_12_site-packages_PyQt6_Qt6_lib_QtMultimediaQuick_framework["QtMultimediaQuick.framework"]\n    node_venv_lib_python3_12_site-packages_PyQt6_Qt6_lib_QtMultimediaQuick_framework --> node_venv_lib_python3_12_site-packages_PyQt6_Qt6_lib_QtMultimediaQuick_framework_Versions["Versions"]\n    node_venv_lib_python3_12_site-packages_PyQt6_Qt6_lib_QtMultimediaQuick_framework_Versions --> node_venv_lib_python3_12_site-packages_PyQt6_Qt6_lib_QtMultimediaQuick_framework_Versions_A["A"]\n    node_venv_lib_python3_12_site-packages_PyQt6_Qt6_lib_QtMultimediaQuick_framework_Versions_A --> node_venv_lib_python3_12_site-packages_PyQt6_Qt6_lib_QtMultimediaQuick_framework_Versions_A_QtMultimediaQuick["QtMultimediaQuick"]\n    Root --> node_venv["venv"]\n    node_venv --> node_venv_lib["lib"]\n    node_venv_lib --> node_venv_lib_python3_12["python3.12"]\n    node_venv_lib_python3_12 --> node_venv_lib_python3_12_site-packages["site-packages"]\n    node_venv_lib_python3_12_site-packages --> node_venv_lib_python3_12_site-packages_PyQt6["PyQt6"]\n    node_venv_lib_python3_12_site-packages_PyQt6 --> node_venv_lib_python3_12_site-packages_PyQt6_Qt6["Qt6"]\n    node_venv_lib_python3_12_site-packages_PyQt6_Qt6 --> node_venv_lib_python3_12_site-packages_PyQt6_Qt6_lib["lib"]\n    node_venv_lib_python3_12_site-packages_PyQt6_Qt6_lib --> node_venv_lib_python3_12_site-packages_PyQt6_Qt6_lib_QtLabsPlatform_framework["QtLabsPlatform.framework"]\n    node_venv_lib_python3_12_site-packages_PyQt6_Qt6_lib_QtLabsPlatform_framework --> node_venv_lib_python3_12_site-packages_PyQt6_Qt6_lib_QtLabsPlatform_framework_Resources["Resources"]\n    node_venv_lib_python3_12_site-packages_PyQt6_Qt6_lib_QtLabsPlatform_framework_Resources --> node_venv_lib_python3_12_site-packages_PyQt6_Qt6_lib_QtLabsPlatform_framework_Resources_Info_plist["Info.plist"]\n    Root --> node_venv["venv"]\n    node_venv --> node_venv_lib["lib"]\n    node_venv_lib --> node_venv_lib_python3_12["python3.12"]\n    node_venv_lib_python3_12 --> node_venv_lib_python3_12_site-packages["site-packages"]\n    node_venv_lib_python3_12_site-packages --> node_venv_lib_python3_12_site-packages_PyQt6["PyQt6"]\n    node_venv_lib_python3_12_site-packages_PyQt6 --> node_venv_lib_python3_12_site-packages_PyQt6_Qt6["Qt6"]\n    node_venv_lib_python3_12_site-packages_PyQt6_Qt6 --> node_venv_lib_python3_12_site-packages_PyQt6_Qt6_lib["lib"]\n    node_venv_lib_python3_12_site-packages_PyQt6_Qt6_lib --> node_venv_lib_python3_12_site-packages_PyQt6_Qt6_lib_QtLabsPlatform_framework["QtLabsPlatform.framework"]\n    node_venv_lib_python3_12_site-packages_PyQt6_Qt6_lib_QtLabsPlatform_framework --> node_venv_lib_python3_12_site-packages_PyQt6_Qt6_lib_QtLabsPlatform_framework_Resources["Resources"]\n    node_venv_lib_python3_12_site-packages_PyQt6_Qt6_lib_QtLabsPlatform_framework_Resources --> node_venv_lib_python3_12_site-packages_PyQt6_Qt6_lib_QtLabsPlatform_framework_Resources_PrivacyInfo_xcprivacy["PrivacyInfo.xcprivacy"]\n    Root --> node_venv["venv"]\n    node_venv --> node_venv_lib["lib"]\n    node_venv_lib --> node_venv_lib_python3_12["python3.12"]\n    node_venv_lib_python3_12 --> node_venv_lib_python3_12_site-packages["site-packages"]\n    node_venv_lib_python3_12_site-packages --> node_venv_lib_python3_12_site-packages_PyQt6["PyQt6"]\n    node_venv_lib_python3_12_site-packages_PyQt6 --> node_venv_lib_python3_12_site-packages_PyQt6_Qt6["Qt6"]\n    node_venv_lib_python3_12_site-packages_PyQt6_Qt6 --> node_venv_lib_python3_12_site-packages_PyQt6_Qt6_lib["lib"]\n    node_venv_lib_python3_12_site-packages_PyQt6_Qt6_lib --> node_venv_lib_python3_12_site-packages_PyQt6_Qt6_lib_QtLabsPlatform_framework["QtLabsPlatform.framework"]\n    node_venv_lib_python3_12_site-packages_PyQt6_Qt6_lib_QtLabsPlatform_framework --> node_venv_lib_python3_12_site-packages_PyQt6_Qt6_lib_QtLabsPlatform_framework_Versions["Versions"]\n    node_venv_lib_python3_12_site-packages_PyQt6_Qt6_lib_QtLabsPlatform_framework_Versions --> node_venv_lib_python3_12_site-packages_PyQt6_Qt6_lib_QtLabsPlatform_framework_Versions_A["A"]\n    node_venv_lib_python3_12_site-packages_PyQt6_Qt6_lib_QtLabsPlatform_framework_Versions_A --> node_venv_lib_python3_12_site-packages_PyQt6_Qt6_lib_QtLabsPlatform_framework_Versions_A_QtLabsPlatform["QtLabsPlatform"]\n    Root --> node_venv["venv"]\n    node_venv --> node_venv_lib["lib"]\n    node_venv_lib --> node_venv_lib_python3_12["python3.12"]\n    node_venv_lib_python3_12 --> node_venv_lib_python3_12_site-packages["site-packages"]\n    node_venv_lib_python3_12_site-packages --> node_venv_lib_python3_12_site-packages_PyQt6["PyQt6"]\n    node_venv_lib_python3_12_site-packages_PyQt6 --> node_venv_lib_python3_12_site-packages_PyQt6_Qt6["Qt6"]\n    node_venv_lib_python3_12_site-packages_PyQt6_Qt6 --> node_venv_lib_python3_12_site-packages_PyQt6_Qt6_lib["lib"]\n    node_venv_lib_python3_12_site-packages_PyQt6_Qt6_lib --> node_venv_lib_python3_12_site-packages_PyQt6_Qt6_lib_QtQuickTimeline_framework["QtQuickTimeline.framework"]\n    node_venv_lib_python3_12_site-packages_PyQt6_Qt6_lib_QtQuickTimeline_framework --> node_venv_lib_python3_12_site-packages_PyQt6_Qt6_lib_QtQuickTimeline_framework_Resources["Resources"]\n    node_venv_lib_python3_12_site-packages_PyQt6_Qt6_lib_QtQuickTimeline_framework_Resources --> node_venv_lib_python3_12_site-packages_PyQt6_Qt6_lib_QtQuickTimeline_framework_Resources_Info_plist["Info.plist"]\n    Root --> node_venv["venv"]\n    node_venv --> node_venv_lib["lib"]\n    node_venv_lib --> node_venv_lib_python3_12["python3.12"]\n    node_venv_lib_python3_12 --> node_venv_lib_python3_12_site-packages["site-packages"]\n    node_venv_lib_python3_12_site-packages --> node_venv_lib_python3_12_site-packages_PyQt6["PyQt6"]\n    node_venv_lib_python3_12_site-packages_PyQt6 --> node_venv_lib_python3_12_site-packages_PyQt6_Qt6["Qt6"]\n    node_venv_lib_python3_12_site-packages_PyQt6_Qt6 --> node_venv_lib_python3_12_site-packages_PyQt6_Qt6_lib["lib"]\n    node_venv_lib_python3_12_site-packages_PyQt6_Qt6_lib --> node_venv_lib_python3_12_site-packages_PyQt6_Qt6_lib_QtQuickTimeline_framework["QtQuickTimeline.framework"]\n    node_venv_lib_python3_12_site-packages_PyQt6_Qt6_lib_QtQuickTimeline_framework --> node_venv_lib_python3_12_site-packages_PyQt6_Qt6_lib_QtQuickTimeline_framework_Resources["Resources"]\n    node_venv_lib_python3_12_site-packages_PyQt6_Qt6_lib_QtQuickTimeline_framework_Resources --> node_venv_lib_python3_12_site-packages_PyQt6_Qt6_lib_QtQuickTimeline_framework_Resources_PrivacyInfo_xcprivacy["PrivacyInfo.xcprivacy"]\n    Root --> node_venv["venv"]\n    node_venv --> node_venv_lib["lib"]\n    node_venv_lib --> node_venv_lib_python3_12["python3.12"]\n    node_venv_lib_python3_12 --> node_venv_lib_python3_12_site-packages["site-packages"]\n    node_venv_lib_python3_12_site-packages --> node_venv_lib_python3_12_site-packages_PyQt6["PyQt6"]\n    node_venv_lib_python3_12_site-packages_PyQt6 --> node_venv_lib_python3_12_site-packages_PyQt6_Qt6["Qt6"]\n    node_venv_lib_python3_12_site-packages_PyQt6_Qt6 --> node_venv_lib_python3_12_site-packages_PyQt6_Qt6_lib["lib"]\n    node_venv_lib_python3_12_site-packages_PyQt6_Qt6_lib --> node_venv_lib_python3_12_site-packages_PyQt6_Qt6_lib_QtQuickTimeline_framework["QtQuickTimeline.framework"]\n    node_venv_lib_python3_12_site-packages_PyQt6_Qt6_lib_QtQuickTimeline_framework --> node_venv_lib_python3_12_site-packages_PyQt6_Qt6_lib_QtQuickTimeline_framework_Versions["Versions"]\n    node_venv_lib_python3_12_site-packages_PyQt6_Qt6_lib_QtQuickTimeline_framework_Versions --> node_venv_lib_python3_12_site-packages_PyQt6_Qt6_lib_QtQuickTimeline_framework_Versions_A["A"]\n    node_venv_lib_python3_12_site-packages_PyQt6_Qt6_lib_QtQuickTimeline_framework_Versions_A --> node_venv_lib_python3_12_site-packages_PyQt6_Qt6_lib_QtQuickTimeline_framework_Versions_A_QtQuickTimeline["QtQuickTimeline"]\n    Root --> node_venv["venv"]\n    node_venv --> node_venv_lib["lib"]\n    node_venv_lib --> node_venv_lib_python3_12["python3.12"]\n    node_venv_lib_python3_12 --> node_venv_lib_python3_12_site-packages["site-packages"]\n    node_venv_lib_python3_12_site-packages --> node_venv_lib_python3_12_site-packages_PyQt6["PyQt6"]\n    node_venv_lib_python3_12_site-packages_PyQt6 --> node_venv_lib_python3_12_site-packages_PyQt6_Qt6["Qt6"]\n    node_venv_lib_python3_12_site-packages_PyQt6_Qt6 --> node_venv_lib_python3_12_site-packages_PyQt6_Qt6_lib["lib"]\n    node_venv_lib_python3_12_site-packages_PyQt6_Qt6_lib --> node_venv_lib_python3_12_site-packages_PyQt6_Qt6_lib_QtQuick3DXr_framework["QtQuick3DXr.framework"]\n    node_venv_lib_python3_12_site-packages_PyQt6_Qt6_lib_QtQuick3DXr_framework --> node_venv_lib_python3_12_site-packages_PyQt6_Qt6_lib_QtQuick3DXr_framework_Resources["Resources"]\n    node_venv_lib_python3_12_site-packages_PyQt6_Qt6_lib_QtQuick3DXr_framework_Resources --> node_venv_lib_python3_12_site-packages_PyQt6_Qt6_lib_QtQuick3DXr_framework_Resources_Info_plist["Info.plist"]\n    Root --> node_venv["venv"]\n    node_venv --> node_venv_lib["lib"]\n    node_venv_lib --> node_venv_lib_python3_12["python3.12"]\n    node_venv_lib_python3_12 --> node_venv_lib_python3_12_site-packages["site-packages"]\n    node_venv_lib_python3_12_site-packages --> node_venv_lib_python3_12_site-packages_PyQt6["PyQt6"]\n    node_venv_lib_python3_12_site-packages_PyQt6 --> node_venv_lib_python3_12_site-packages_PyQt6_Qt6["Qt6"]\n    node_venv_lib_python3_12_site-packages_PyQt6_Qt6 --> node_venv_lib_python3_12_site-packages_PyQt6_Qt6_lib["lib"]\n    node_venv_lib_python3_12_site-packages_PyQt6_Qt6_lib --> node_venv_lib_python3_12_site-packages_PyQt6_Qt6_lib_QtQuick3DXr_framework["QtQuick3DXr.framework"]\n    node_venv_lib_python3_12_site-packages_PyQt6_Qt6_lib_QtQuick3DXr_framework --> node_venv_lib_python3_12_site-packages_PyQt6_Qt6_lib_QtQuick3DXr_framework_Resources["Resources"]\n    node_venv_lib_python3_12_site-packages_PyQt6_Qt6_lib_QtQuick3DXr_framework_Resources --> node_venv_lib_python3_12_site-packages_PyQt6_Qt6_lib_QtQuick3DXr_framework_Resources_PrivacyInfo_xcprivacy["PrivacyInfo.xcprivacy"]\n    Root --> node_venv["venv"]\n    node_venv --> node_venv_lib["lib"]\n    node_venv_lib --> node_venv_lib_python3_12["python3.12"]\n    node_venv_lib_python3_12 --> node_venv_lib_python3_12_site-packages["site-packages"]\n    node_venv_lib_python3_12_site-packages --> node_venv_lib_python3_12_site-packages_PyQt6["PyQt6"]\n    node_venv_lib_python3_12_site-packages_PyQt6 --> node_venv_lib_python3_12_site-packages_PyQt6_Qt6["Qt6"]\n    node_venv_lib_python3_12_site-packages_PyQt6_Qt6 --> node_venv_lib_python3_12_site-packages_PyQt6_Qt6_lib["lib"]\n    node_venv_lib_python3_12_site-packages_PyQt6_Qt6_lib --> node_venv_lib_python3_12_site-packages_PyQt6_Qt6_lib_QtQuick3DXr_framework["QtQuick3DXr.framework"]\n    node_venv_lib_python3_12_site-packages_PyQt6_Qt6_lib_QtQuick3DXr_framework --> node_venv_lib_python3_12_site-packages_PyQt6_Qt6_lib_QtQuick3DXr_framework_Versions["Versions"]\n    node_venv_lib_python3_12_site-packages_PyQt6_Qt6_lib_QtQuick3DXr_framework_Versions --> node_venv_lib_python3_12_site-packages_PyQt6_Qt6_lib_QtQuick3DXr_framework_Versions_A["A"]\n    node_venv_lib_python3_12_site-packages_PyQt6_Qt6_lib_QtQuick3DXr_framework_Versions_A --> node_venv_lib_python3_12_site-packages_PyQt6_Qt6_lib_QtQuick3DXr_framework_Versions_A_QtQuick3DXr["QtQuick3DXr"]\n    Root --> node_venv["venv"]\n    node_venv --> node_venv_lib["lib"]\n    node_venv_lib --> node_venv_lib_python3_12["python3.12"]\n    node_venv_lib_python3_12 --> node_venv_lib_python3_12_site-packages["site-packages"]\n    node_venv_lib_python3_12_site-packages --> node_venv_lib_python3_12_site-packages_PyQt6["PyQt6"]\n    node_venv_lib_python3_12_site-packages_PyQt6 --> node_venv_lib_python3_12_site-packages_PyQt6_Qt6["Qt6"]\n    node_venv_lib_python3_12_site-packages_PyQt6_Qt6 --> node_venv_lib_python3_12_site-packages_PyQt6_Qt6_lib["lib"]\n    node_venv_lib_python3_12_site-packages_PyQt6_Qt6_lib --> node_venv_lib_python3_12_site-packages_PyQt6_Qt6_lib_QtQuickControls2_framework["QtQuickControls2.framework"]\n    node_venv_lib_python3_12_site-packages_PyQt6_Qt6_lib_QtQuickControls2_framework --> node_venv_lib_python3_12_site-packages_PyQt6_Qt6_lib_QtQuickControls2_framework_Resources["Resources"]\n    node_venv_lib_python3_12_site-packages_PyQt6_Qt6_lib_QtQuickControls2_framework_Resources --> node_venv_lib_python3_12_site-packages_PyQt6_Qt6_lib_QtQuickControls2_framework_Resources_Info_plist["Info.plist"]\n    Root --> node_venv["venv"]\n    node_venv --> node_venv_lib["lib"]\n    node_venv_lib --> node_venv_lib_python3_12["python3.12"]\n    node_venv_lib_python3_12 --> node_venv_lib_python3_12_site-packages["site-packages"]\n    node_venv_lib_python3_12_site-packages --> node_venv_lib_python3_12_site-packages_PyQt6["PyQt6"]\n    node_venv_lib_python3_12_site-packages_PyQt6 --> node_venv_lib_python3_12_site-packages_PyQt6_Qt6["Qt6"]\n    node_venv_lib_python3_12_site-packages_PyQt6_Qt6 --> node_venv_lib_python3_12_site-packages_PyQt6_Qt6_lib["lib"]\n    node_venv_lib_python3_12_site-packages_PyQt6_Qt6_lib --> node_venv_lib_python3_12_site-packages_PyQt6_Qt6_lib_QtQuickControls2_framework["QtQuickControls2.framework"]\n    node_venv_lib_python3_12_site-packages_PyQt6_Qt6_lib_QtQuickControls2_framework --> node_venv_lib_python3_12_site-packages_PyQt6_Qt6_lib_QtQuickControls2_framework_Resources["Resources"]\n    node_venv_lib_python3_12_site-packages_PyQt6_Qt6_lib_QtQuickControls2_framework_Resources --> node_venv_lib_python3_12_site-packages_PyQt6_Qt6_lib_QtQuickControls2_framework_Resources_PrivacyInfo_xcprivacy["PrivacyInfo.xcprivacy"]\n    Root --> node_venv["venv"]\n    node_venv --> node_venv_lib["lib"]\n    node_venv_lib --> node_venv_lib_python3_12["python3.12"]\n    node_venv_lib_python3_12 --> node_venv_lib_python3_12_site-packages["site-packages"]\n    node_venv_lib_python3_12_site-packages --> node_venv_lib_python3_12_site-packages_PyQt6["PyQt6"]\n    node_venv_lib_python3_12_site-packages_PyQt6 --> node_venv_lib_python3_12_site-packages_PyQt6_Qt6["Qt6"]\n    node_venv_lib_python3_12_site-packages_PyQt6_Qt6 --> node_venv_lib_python3_12_site-packages_PyQt6_Qt6_lib["lib"]\n    node_venv_lib_python3_12_site-packages_PyQt6_Qt6_lib --> node_venv_lib_python3_12_site-packages_PyQt6_Qt6_lib_QtQuickControls2_framework["QtQuickControls2.framework"]\n    node_venv_lib_python3_12_site-packages_PyQt6_Qt6_lib_QtQuickControls2_framework --> node_venv_lib_python3_12_site-packages_PyQt6_Qt6_lib_QtQuickControls2_framework_Versions["Versions"]\n    node_venv_lib_python3_12_site-packages_PyQt6_Qt6_lib_QtQuickControls2_framework_Versions --> node_venv_lib_python3_12_site-packages_PyQt6_Qt6_lib_QtQuickControls2_framework_Versions_A["A"]\n    node_venv_lib_python3_12_site-packages_PyQt6_Qt6_lib_QtQuickControls2_framework_Versions_A --> node_venv_lib_python3_12_site-packages_PyQt6_Qt6_lib_QtQuickControls2_framework_Versions_A_QtQuickControls2["QtQuickControls2"]\n    Root --> node_venv["venv"]\n    node_venv --> node_venv_lib["lib"]\n    node_venv_lib --> node_venv_lib_python3_12["python3.12"]\n    node_venv_lib_python3_12 --> node_venv_lib_python3_12_site-packages["site-packages"]\n    node_venv_lib_python3_12_site-packages --> node_venv_lib_python3_12_site-packages_PyQt6["PyQt6"]\n    node_venv_lib_python3_12_site-packages_PyQt6 --> node_venv_lib_python3_12_site-packages_PyQt6_Qt6["Qt6"]\n    node_venv_lib_python3_12_site-packages_PyQt6_Qt6 --> node_venv_lib_python3_12_site-packages_PyQt6_Qt6_lib["lib"]\n    node_venv_lib_python3_12_site-packages_PyQt6_Qt6_lib --> node_venv_lib_python3_12_site-packages_PyQt6_Qt6_lib_QtQuickParticles_framework["QtQuickParticles.framework"]\n    node_venv_lib_python3_12_site-packages_PyQt6_Qt6_lib_QtQuickParticles_framework --> node_venv_lib_python3_12_site-packages_PyQt6_Qt6_lib_QtQuickParticles_framework_Resources["Resources"]\n    node_venv_lib_python3_12_site-packages_PyQt6_Qt6_lib_QtQuickParticles_framework_Resources --> node_venv_lib_python3_12_site-packages_PyQt6_Qt6_lib_QtQuickParticles_framework_Resources_Info_plist["Info.plist"]\n    Root --> node_venv["venv"]\n    node_venv --> node_venv_lib["lib"]\n    node_venv_lib --> node_venv_lib_python3_12["python3.12"]\n    node_venv_lib_python3_12 --> node_venv_lib_python3_12_site-packages["site-packages"]\n    node_venv_lib_python3_12_site-packages --> node_venv_lib_python3_12_site-packages_PyQt6["PyQt6"]\n    node_venv_lib_python3_12_site-packages_PyQt6 --> node_venv_lib_python3_12_site-packages_PyQt6_Qt6["Qt6"]\n    node_venv_lib_python3_12_site-packages_PyQt6_Qt6 --> node_venv_lib_python3_12_site-packages_PyQt6_Qt6_lib["lib"]\n    node_venv_lib_python3_12_site-packages_PyQt6_Qt6_lib --> node_venv_lib_python3_12_site-packages_PyQt6_Qt6_lib_QtQuickParticles_framework["QtQuickParticles.framework"]\n    node_venv_lib_python3_12_site-packages_PyQt6_Qt6_lib_QtQuickParticles_framework --> node_venv_lib_python3_12_site-packages_PyQt6_Qt6_lib_QtQuickParticles_framework_Resources["Resources"]\n    node_venv_lib_python3_12_site-packages_PyQt6_Qt6_lib_QtQuickParticles_framework_Resources --> node_venv_lib_python3_12_site-packages_PyQt6_Qt6_lib_QtQuickParticles_framework_Resources_PrivacyInfo_xcprivacy["PrivacyInfo.xcprivacy"]\n    Root --> node_venv["venv"]\n    node_venv --> node_venv_lib["lib"]\n    node_venv_lib --> node_venv_lib_python3_12["python3.12"]\n    node_venv_lib_python3_12 --> node_venv_lib_python3_12_site-packages["site-packages"]\n    node_venv_lib_python3_12_site-packages --> node_venv_lib_python3_12_site-packages_PyQt6["PyQt6"]\n    node_venv_lib_python3_12_site-packages_PyQt6 --> node_venv_lib_python3_12_site-packages_PyQt6_Qt6["Qt6"]\n    node_venv_lib_python3_12_site-packages_PyQt6_Qt6 --> node_venv_lib_python3_12_site-packages_PyQt6_Qt6_lib["lib"]\n    node_venv_lib_python3_12_site-packages_PyQt6_Qt6_lib --> node_venv_lib_python3_12_site-packages_PyQt6_Qt6_lib_QtQuickParticles_framework["QtQuickParticles.framework"]\n    node_venv_lib_python3_12_site-packages_PyQt6_Qt6_lib_QtQuickParticles_framework --> node_venv_lib_python3_12_site-packages_PyQt6_Qt6_lib_QtQuickParticles_framework_Versions["Versions"]\n    node_venv_lib_python3_12_site-packages_PyQt6_Qt6_lib_QtQuickParticles_framework_Versions --> node_venv_lib_python3_12_site-packages_PyQt6_Qt6_lib_QtQuickParticles_framework_Versions_A["A"]\n    node_venv_lib_python3_12_site-packages_PyQt6_Qt6_lib_QtQuickParticles_framework_Versions_A --> node_venv_lib_python3_12_site-packages_PyQt6_Qt6_lib_QtQuickParticles_framework_Versions_A_QtQuickParticles["QtQuickParticles"]\n    Root --> node_venv["venv"]\n    node_venv --> node_venv_lib["lib"]\n    node_venv_lib --> node_venv_lib_python3_12["python3.12"]\n    node_venv_lib_python3_12 --> node_venv_lib_python3_12_site-packages["site-packages"]\n    node_venv_lib_python3_12_site-packages --> node_venv_lib_python3_12_site-packages_PyQt6["PyQt6"]\n    node_venv_lib_python3_12_site-packages_PyQt6 --> node_venv_lib_python3_12_site-packages_PyQt6_Qt6["Qt6"]\n    node_venv_lib_python3_12_site-packages_PyQt6_Qt6 --> node_venv_lib_python3_12_site-packages_PyQt6_Qt6_lib["lib"]\n    node_venv_lib_python3_12_site-packages_PyQt6_Qt6_lib --> node_venv_lib_python3_12_site-packages_PyQt6_Qt6_lib_QtRemoteObjects_framework["QtRemoteObjects.framework"]\n    node_venv_lib_python3_12_site-packages_PyQt6_Qt6_lib_QtRemoteObjects_framework --> node_venv_lib_python3_12_site-packages_PyQt6_Qt6_lib_QtRemoteObjects_framework_Resources["Resources"]\n    node_venv_lib_python3_12_site-packages_PyQt6_Qt6_lib_QtRemoteObjects_framework_Resources --> node_venv_lib_python3_12_site-packages_PyQt6_Qt6_lib_QtRemoteObjects_framework_Resources_Info_plist["Info.plist"]\n    Root --> node_venv["venv"]\n    node_venv --> node_venv_lib["lib"]\n    node_venv_lib --> node_venv_lib_python3_12["python3.12"]\n    node_venv_lib_python3_12 --> node_venv_lib_python3_12_site-packages["site-packages"]\n    node_venv_lib_python3_12_site-packages --> node_venv_lib_python3_12_site-packages_PyQt6["PyQt6"]\n    node_venv_lib_python3_12_site-packages_PyQt6 --> node_venv_lib_python3_12_site-packages_PyQt6_Qt6["Qt6"]\n    node_venv_lib_python3_12_site-packages_PyQt6_Qt6 --> node_venv_lib_python3_12_site-packages_PyQt6_Qt6_lib["lib"]\n    node_venv_lib_python3_12_site-packages_PyQt6_Qt6_lib --> node_venv_lib_python3_12_site-packages_PyQt6_Qt6_lib_QtRemoteObjects_framework["QtRemoteObjects.framework"]\n    node_venv_lib_python3_12_site-packages_PyQt6_Qt6_lib_QtRemoteObjects_framework --> node_venv_lib_python3_12_site-packages_PyQt6_Qt6_lib_QtRemoteObjects_framework_Resources["Resources"]\n    node_venv_lib_python3_12_site-packages_PyQt6_Qt6_lib_QtRemoteObjects_framework_Resources --> node_venv_lib_python3_12_site-packages_PyQt6_Qt6_lib_QtRemoteObjects_framework_Resources_PrivacyInfo_xcprivacy["PrivacyInfo.xcprivacy"]\n    Root --> node_venv["venv"]\n    node_venv --> node_venv_lib["lib"]\n    node_venv_lib --> node_venv_lib_python3_12["python3.12"]\n    node_venv_lib_python3_12 --> node_venv_lib_python3_12_site-packages["site-packages"]\n    node_venv_lib_python3_12_site-packages --> node_venv_lib_python3_12_site-packages_PyQt6["PyQt6"]\n    node_venv_lib_python3_12_site-packages_PyQt6 --> node_venv_lib_python3_12_site-packages_PyQt6_Qt6["Qt6"]\n    node_venv_lib_python3_12_site-packages_PyQt6_Qt6 --> node_venv_lib_python3_12_site-packages_PyQt6_Qt6_lib["lib"]\n    node_venv_lib_python3_12_site-packages_PyQt6_Qt6_lib --> node_venv_lib_python3_12_site-packages_PyQt6_Qt6_lib_QtRemoteObjects_framework["QtRemoteObjects.framework"]\n    node_venv_lib_python3_12_site-packages_PyQt6_Qt6_lib_QtRemoteObjects_framework --> node_venv_lib_python3_12_site-packages_PyQt6_Qt6_lib_QtRemoteObjects_framework_Versions["Versions"]\n    node_venv_lib_python3_12_site-packages_PyQt6_Qt6_lib_QtRemoteObjects_framework_Versions --> node_venv_lib_python3_12_site-packages_PyQt6_Qt6_lib_QtRemoteObjects_framework_Versions_A["A"]\n    node_venv_lib_python3_12_site-packages_PyQt6_Qt6_lib_QtRemoteObjects_framework_Versions_A --> node_venv_lib_python3_12_site-packages_PyQt6_Qt6_lib_QtRemoteObjects_framework_Versions_A_QtRemoteObjects["QtRemoteObjects"]\n    Root --> node_venv["venv"]\n    node_venv --> node_venv_lib["lib"]\n    node_venv_lib --> node_venv_lib_python3_12["python3.12"]\n    node_venv_lib_python3_12 --> node_venv_lib_python3_12_site-packages["site-packages"]\n    node_venv_lib_python3_12_site-packages --> node_venv_lib_python3_12_site-packages_PyQt6["PyQt6"]\n    node_venv_lib_python3_12_site-packages_PyQt6 --> node_venv_lib_python3_12_site-packages_PyQt6_Qt6["Qt6"]\n    node_venv_lib_python3_12_site-packages_PyQt6_Qt6 --> node_venv_lib_python3_12_site-packages_PyQt6_Qt6_lib["lib"]\n    node_venv_lib_python3_12_site-packages_PyQt6_Qt6_lib --> node_venv_lib_python3_12_site-packages_PyQt6_Qt6_lib_QtPdfWidgets_framework["QtPdfWidgets.framework"]\n    node_venv_lib_python3_12_site-packages_PyQt6_Qt6_lib_QtPdfWidgets_framework --> node_venv_lib_python3_12_site-packages_PyQt6_Qt6_lib_QtPdfWidgets_framework_Resources["Resources"]\n    node_venv_lib_python3_12_site-packages_PyQt6_Qt6_lib_QtPdfWidgets_framework_Resources --> node_venv_lib_python3_12_site-packages_PyQt6_Qt6_lib_QtPdfWidgets_framework_Resources_Info_plist["Info.plist"]\n    Root --> node_venv["venv"]\n    node_venv --> node_venv_lib["lib"]\n    node_venv_lib --> node_venv_lib_python3_12["python3.12"]\n    node_venv_lib_python3_12 --> node_venv_lib_python3_12_site-packages["site-packages"]\n    node_venv_lib_python3_12_site-packages --> node_venv_lib_python3_12_site-packages_PyQt6["PyQt6"]\n    node_venv_lib_python3_12_site-packages_PyQt6 --> node_venv_lib_python3_12_site-packages_PyQt6_Qt6["Qt6"]\n    node_venv_lib_python3_12_site-packages_PyQt6_Qt6 --> node_venv_lib_python3_12_site-packages_PyQt6_Qt6_lib["lib"]\n    node_venv_lib_python3_12_site-packages_PyQt6_Qt6_lib --> node_venv_lib_python3_12_site-packages_PyQt6_Qt6_lib_QtPdfWidgets_framework["QtPdfWidgets.framework"]\n    node_venv_lib_python3_12_site-packages_PyQt6_Qt6_lib_QtPdfWidgets_framework --> node_venv_lib_python3_12_site-packages_PyQt6_Qt6_lib_QtPdfWidgets_framework_Resources["Resources"]\n    node_venv_lib_python3_12_site-packages_PyQt6_Qt6_lib_QtPdfWidgets_framework_Resources --> node_venv_lib_python3_12_site-packages_PyQt6_Qt6_lib_QtPdfWidgets_framework_Resources_PrivacyInfo_xcprivacy["PrivacyInfo.xcprivacy"]\n    Root --> node_venv["venv"]\n    node_venv --> node_venv_lib["lib"]\n    node_venv_lib --> node_venv_lib_python3_12["python3.12"]\n    node_venv_lib_python3_12 --> node_venv_lib_python3_12_site-packages["site-packages"]\n    node_venv_lib_python3_12_site-packages --> node_venv_lib_python3_12_site-packages_PyQt6["PyQt6"]\n    node_venv_lib_python3_12_site-packages_PyQt6 --> node_venv_lib_python3_12_site-packages_PyQt6_Qt6["Qt6"]\n    node_venv_lib_python3_12_site-packages_PyQt6_Qt6 --> node_venv_lib_python3_12_site-packages_PyQt6_Qt6_lib["lib"]\n    node_venv_lib_python3_12_site-packages_PyQt6_Qt6_lib --> node_venv_lib_python3_12_site-packages_PyQt6_Qt6_lib_QtPdfWidgets_framework["QtPdfWidgets.framework"]\n    node_venv_lib_python3_12_site-packages_PyQt6_Qt6_lib_QtPdfWidgets_framework --> node_venv_lib_python3_12_site-packages_PyQt6_Qt6_lib_QtPdfWidgets_framework_Versions["Versions"]\n    node_venv_lib_python3_12_site-packages_PyQt6_Qt6_lib_QtPdfWidgets_framework_Versions --> node_venv_lib_python3_12_site-packages_PyQt6_Qt6_lib_QtPdfWidgets_framework_Versions_A["A"]\n    node_venv_lib_python3_12_site-packages_PyQt6_Qt6_lib_QtPdfWidgets_framework_Versions_A --> node_venv_lib_python3_12_site-packages_PyQt6_Qt6_lib_QtPdfWidgets_framework_Versions_A_QtPdfWidgets["QtPdfWidgets"]\n    Root --> node_venv["venv"]\n    node_venv --> node_venv_lib["lib"]\n    node_venv_lib --> node_venv_lib_python3_12["python3.12"]\n    node_venv_lib_python3_12 --> node_venv_lib_python3_12_site-packages["site-packages"]\n    node_venv_lib_python3_12_site-packages --> node_venv_lib_python3_12_site-packages_PyQt6["PyQt6"]\n    node_venv_lib_python3_12_site-packages_PyQt6 --> node_venv_lib_python3_12_site-packages_PyQt6_Qt6["Qt6"]\n    node_venv_lib_python3_12_site-packages_PyQt6_Qt6 --> node_venv_lib_python3_12_site-packages_PyQt6_Qt6_lib["lib"]\n    node_venv_lib_python3_12_site-packages_PyQt6_Qt6_lib --> node_venv_lib_python3_12_site-packages_PyQt6_Qt6_lib_QtQuickControls2ImagineStyleImpl_framework["QtQuickControls2ImagineStyleImpl.framework"]\n    node_venv_lib_python3_12_site-packages_PyQt6_Qt6_lib_QtQuickControls2ImagineStyleImpl_framework --> node_venv_lib_python3_12_site-packages_PyQt6_Qt6_lib_QtQuickControls2ImagineStyleImpl_framework_Resources["Resources"]\n    node_venv_lib_python3_12_site-packages_PyQt6_Qt6_lib_QtQuickControls2ImagineStyleImpl_framework_Resources --> node_venv_lib_python3_12_site-packages_PyQt6_Qt6_lib_QtQuickControls2ImagineStyleImpl_framework_Resources_Info_plist["Info.plist"]\n    Root --> node_venv["venv"]\n    node_venv --> node_venv_lib["lib"]\n    node_venv_lib --> node_venv_lib_python3_12["python3.12"]\n    node_venv_lib_python3_12 --> node_venv_lib_python3_12_site-packages["site-packages"]\n    node_venv_lib_python3_12_site-packages --> node_venv_lib_python3_12_site-packages_PyQt6["PyQt6"]\n    node_venv_lib_python3_12_site-packages_PyQt6 --> node_venv_lib_python3_12_site-packages_PyQt6_Qt6["Qt6"]\n    node_venv_lib_python3_12_site-packages_PyQt6_Qt6 --> node_venv_lib_python3_12_site-packages_PyQt6_Qt6_lib["lib"]\n    node_venv_lib_python3_12_site-packages_PyQt6_Qt6_lib --> node_venv_lib_python3_12_site-packages_PyQt6_Qt6_lib_QtQuickControls2ImagineStyleImpl_framework["QtQuickControls2ImagineStyleImpl.framework"]\n    node_venv_lib_python3_12_site-packages_PyQt6_Qt6_lib_QtQuickControls2ImagineStyleImpl_framework --> node_venv_lib_python3_12_site-packages_PyQt6_Qt6_lib_QtQuickControls2ImagineStyleImpl_framework_Resources["Resources"]\n    node_venv_lib_python3_12_site-packages_PyQt6_Qt6_lib_QtQuickControls2ImagineStyleImpl_framework_Resources --> node_venv_lib_python3_12_site-packages_PyQt6_Qt6_lib_QtQuickControls2ImagineStyleImpl_framework_Resources_PrivacyInfo_xcprivacy["PrivacyInfo.xcprivacy"]\n    Root --> node_venv["venv"]\n    node_venv --> node_venv_lib["lib"]\n    node_venv_lib --> node_venv_lib_python3_12["python3.12"]\n    node_venv_lib_python3_12 --> node_venv_lib_python3_12_site-packages["site-packages"]\n    node_venv_lib_python3_12_site-packages --> node_venv_lib_python3_12_site-packages_PyQt6["PyQt6"]\n    node_venv_lib_python3_12_site-packages_PyQt6 --> node_venv_lib_python3_12_site-packages_PyQt6_Qt6["Qt6"]\n    node_venv_lib_python3_12_site-packages_PyQt6_Qt6 --> node_venv_lib_python3_12_site-packages_PyQt6_Qt6_lib["lib"]\n    node_venv_lib_python3_12_site-packages_PyQt6_Qt6_lib --> node_venv_lib_python3_12_site-packages_PyQt6_Qt6_lib_QtQuickControls2ImagineStyleImpl_framework["QtQuickControls2ImagineStyleImpl.framework"]\n    node_venv_lib_python3_12_site-packages_PyQt6_Qt6_lib_QtQuickControls2ImagineStyleImpl_framework --> node_venv_lib_python3_12_site-packages_PyQt6_Qt6_lib_QtQuickControls2ImagineStyleImpl_framework_Versions["Versions"]\n    node_venv_lib_python3_12_site-packages_PyQt6_Qt6_lib_QtQuickControls2ImagineStyleImpl_framework_Versions --> node_venv_lib_python3_12_site-packages_PyQt6_Qt6_lib_QtQuickControls2ImagineStyleImpl_framework_Versions_A["A"]\n    node_venv_lib_python3_12_site-packages_PyQt6_Qt6_lib_QtQuickControls2ImagineStyleImpl_framework_Versions_A --> node_venv_lib_python3_12_site-packages_PyQt6_Qt6_lib_QtQuickControls2ImagineStyleImpl_framework_Versions_A_QtQuickControls2ImagineStyleImpl["QtQuickControls2ImagineStyleImpl"]\n    Root --> node_venv["venv"]\n    node_venv --> node_venv_lib["lib"]\n    node_venv_lib --> node_venv_lib_python3_12["python3.12"]\n    node_venv_lib_python3_12 --> node_venv_lib_python3_12_site-packages["site-packages"]\n    node_venv_lib_python3_12_site-packages --> node_venv_lib_python3_12_site-packages_PyQt6["PyQt6"]\n    node_venv_lib_python3_12_site-packages_PyQt6 --> node_venv_lib_python3_12_site-packages_PyQt6_Qt6["Qt6"]\n    node_venv_lib_python3_12_site-packages_PyQt6_Qt6 --> node_venv_lib_python3_12_site-packages_PyQt6_Qt6_lib["lib"]\n    node_venv_lib_python3_12_site-packages_PyQt6_Qt6_lib --> node_venv_lib_python3_12_site-packages_PyQt6_Qt6_lib_QtQuick3DAssetUtils_framework["QtQuick3DAssetUtils.framework"]\n    node_venv_lib_python3_12_site-packages_PyQt6_Qt6_lib_QtQuick3DAssetUtils_framework --> node_venv_lib_python3_12_site-packages_PyQt6_Qt6_lib_QtQuick3DAssetUtils_framework_Resources["Resources"]\n    node_venv_lib_python3_12_site-packages_PyQt6_Qt6_lib_QtQuick3DAssetUtils_framework_Resources --> node_venv_lib_python3_12_site-packages_PyQt6_Qt6_lib_QtQuick3DAssetUtils_framework_Resources_Info_plist["Info.plist"]\n    Root --> node_venv["venv"]\n    node_venv --> node_venv_lib["lib"]\n    node_venv_lib --> node_venv_lib_python3_12["python3.12"]\n    node_venv_lib_python3_12 --> node_venv_lib_python3_12_site-packages["site-packages"]\n    node_venv_lib_python3_12_site-packages --> node_venv_lib_python3_12_site-packages_PyQt6["PyQt6"]\n    node_venv_lib_python3_12_site-packages_PyQt6 --> node_venv_lib_python3_12_site-packages_PyQt6_Qt6["Qt6"]\n    node_venv_lib_python3_12_site-packages_PyQt6_Qt6 --> node_venv_lib_python3_12_site-packages_PyQt6_Qt6_lib["lib"]\n    node_venv_lib_python3_12_site-packages_PyQt6_Qt6_lib --> node_venv_lib_python3_12_site-packages_PyQt6_Qt6_lib_QtQuick3DAssetUtils_framework["QtQuick3DAssetUtils.framework"]\n    node_venv_lib_python3_12_site-packages_PyQt6_Qt6_lib_QtQuick3DAssetUtils_framework --> node_venv_lib_python3_12_site-packages_PyQt6_Qt6_lib_QtQuick3DAssetUtils_framework_Resources["Resources"]\n    node_venv_lib_python3_12_site-packages_PyQt6_Qt6_lib_QtQuick3DAssetUtils_framework_Resources --> node_venv_lib_python3_12_site-packages_PyQt6_Qt6_lib_QtQuick3DAssetUtils_framework_Resources_PrivacyInfo_xcprivacy["PrivacyInfo.xcprivacy"]\n    Root --> node_venv["venv"]\n    node_venv --> node_venv_lib["lib"]\n    node_venv_lib --> node_venv_lib_python3_12["python3.12"]\n    node_venv_lib_python3_12 --> node_venv_lib_python3_12_site-packages["site-packages"]\n    node_venv_lib_python3_12_site-packages --> node_venv_lib_python3_12_site-packages_PyQt6["PyQt6"]\n    node_venv_lib_python3_12_site-packages_PyQt6 --> node_venv_lib_python3_12_site-packages_PyQt6_Qt6["Qt6"]\n    node_venv_lib_python3_12_site-packages_PyQt6_Qt6 --> node_venv_lib_python3_12_site-packages_PyQt6_Qt6_lib["lib"]\n    node_venv_lib_python3_12_site-packages_PyQt6_Qt6_lib --> node_venv_lib_python3_12_site-packages_PyQt6_Qt6_lib_QtQuick3DAssetUtils_framework["QtQuick3DAssetUtils.framework"]\n    node_venv_lib_python3_12_site-packages_PyQt6_Qt6_lib_QtQuick3DAssetUtils_framework --> node_venv_lib_python3_12_site-packages_PyQt6_Qt6_lib_QtQuick3DAssetUtils_framework_Versions["Versions"]\n    node_venv_lib_python3_12_site-packages_PyQt6_Qt6_lib_QtQuick3DAssetUtils_framework_Versions --> node_venv_lib_python3_12_site-packages_PyQt6_Qt6_lib_QtQuick3DAssetUtils_framework_Versions_A["A"]\n    node_venv_lib_python3_12_site-packages_PyQt6_Qt6_lib_QtQuick3DAssetUtils_framework_Versions_A --> node_venv_lib_python3_12_site-packages_PyQt6_Qt6_lib_QtQuick3DAssetUtils_framework_Versions_A_QtQuick3DAssetUtils["QtQuick3DAssetUtils"]\n    Root --> node_venv["venv"]\n    node_venv --> node_venv_lib["lib"]\n    node_venv_lib --> node_venv_lib_python3_12["python3.12"]\n    node_venv_lib_python3_12 --> node_venv_lib_python3_12_site-packages["site-packages"]\n    node_venv_lib_python3_12_site-packages --> node_venv_lib_python3_12_site-packages_PyQt6["PyQt6"]\n    node_venv_lib_python3_12_site-packages_PyQt6 --> node_venv_lib_python3_12_site-packages_PyQt6_Qt6["Qt6"]\n    node_venv_lib_python3_12_site-packages_PyQt6_Qt6 --> node_venv_lib_python3_12_site-packages_PyQt6_Qt6_lib["lib"]\n    node_venv_lib_python3_12_site-packages_PyQt6_Qt6_lib --> node_venv_lib_python3_12_site-packages_PyQt6_Qt6_lib_QtQuickControls2BasicStyleImpl_framework["QtQuickControls2BasicStyleImpl.framework"]\n    node_venv_lib_python3_12_site-packages_PyQt6_Qt6_lib_QtQuickControls2BasicStyleImpl_framework --> node_venv_lib_python3_12_site-packages_PyQt6_Qt6_lib_QtQuickControls2BasicStyleImpl_framework_Resources["Resources"]\n    node_venv_lib_python3_12_site-packages_PyQt6_Qt6_lib_QtQuickControls2BasicStyleImpl_framework_Resources --> node_venv_lib_python3_12_site-packages_PyQt6_Qt6_lib_QtQuickControls2BasicStyleImpl_framework_Resources_Info_plist["Info.plist"]\n    Root --> node_venv["venv"]\n    node_venv --> node_venv_lib["lib"]\n    node_venv_lib --> node_venv_lib_python3_12["python3.12"]\n    node_venv_lib_python3_12 --> node_venv_lib_python3_12_site-packages["site-packages"]\n    node_venv_lib_python3_12_site-packages --> node_venv_lib_python3_12_site-packages_PyQt6["PyQt6"]\n    node_venv_lib_python3_12_site-packages_PyQt6 --> node_venv_lib_python3_12_site-packages_PyQt6_Qt6["Qt6"]\n    node_venv_lib_python3_12_site-packages_PyQt6_Qt6 --> node_venv_lib_python3_12_site-packages_PyQt6_Qt6_lib["lib"]\n    node_venv_lib_python3_12_site-packages_PyQt6_Qt6_lib --> node_venv_lib_python3_12_site-packages_PyQt6_Qt6_lib_QtQuickControls2BasicStyleImpl_framework["QtQuickControls2BasicStyleImpl.framework"]\n    node_venv_lib_python3_12_site-packages_PyQt6_Qt6_lib_QtQuickControls2BasicStyleImpl_framework --> node_venv_lib_python3_12_site-packages_PyQt6_Qt6_lib_QtQuickControls2BasicStyleImpl_framework_Resources["Resources"]\n    node_venv_lib_python3_12_site-packages_PyQt6_Qt6_lib_QtQuickControls2BasicStyleImpl_framework_Resources --> node_venv_lib_python3_12_site-packages_PyQt6_Qt6_lib_QtQuickControls2BasicStyleImpl_framework_Resources_PrivacyInfo_xcprivacy["PrivacyInfo.xcprivacy"]\n    Root --> node_venv["venv"]\n    node_venv --> node_venv_lib["lib"]\n    node_venv_lib --> node_venv_lib_python3_12["python3.12"]\n    node_venv_lib_python3_12 --> node_venv_lib_python3_12_site-packages["site-packages"]\n    node_venv_lib_python3_12_site-packages --> node_venv_lib_python3_12_site-packages_PyQt6["PyQt6"]\n    node_venv_lib_python3_12_site-packages_PyQt6 --> node_venv_lib_python3_12_site-packages_PyQt6_Qt6["Qt6"]\n    node_venv_lib_python3_12_site-packages_PyQt6_Qt6 --> node_venv_lib_python3_12_site-packages_PyQt6_Qt6_lib["lib"]\n    node_venv_lib_python3_12_site-packages_PyQt6_Qt6_lib --> node_venv_lib_python3_12_site-packages_PyQt6_Qt6_lib_QtQuickControls2BasicStyleImpl_framework["QtQuickControls2BasicStyleImpl.framework"]\n    node_venv_lib_python3_12_site-packages_PyQt6_Qt6_lib_QtQuickControls2BasicStyleImpl_framework --> node_venv_lib_python3_12_site-packages_PyQt6_Qt6_lib_QtQuickControls2BasicStyleImpl_framework_Versions["Versions"]\n    node_venv_lib_python3_12_site-packages_PyQt6_Qt6_lib_QtQuickControls2BasicStyleImpl_framework_Versions --> node_venv_lib_python3_12_site-packages_PyQt6_Qt6_lib_QtQuickControls2BasicStyleImpl_framework_Versions_A["A"]\n    node_venv_lib_python3_12_site-packages_PyQt6_Qt6_lib_QtQuickControls2BasicStyleImpl_framework_Versions_A --> node_venv_lib_python3_12_site-packages_PyQt6_Qt6_lib_QtQuickControls2BasicStyleImpl_framework_Versions_A_QtQuickControls2BasicStyleImpl["QtQuickControls2BasicStyleImpl"]\n    Root --> node_venv["venv"]\n    node_venv --> node_venv_lib["lib"]\n    node_venv_lib --> node_venv_lib_python3_12["python3.12"]\n    node_venv_lib_python3_12 --> node_venv_lib_python3_12_site-packages["site-packages"]\n    node_venv_lib_python3_12_site-packages --> node_venv_lib_python3_12_site-packages_PyQt6["PyQt6"]\n    node_venv_lib_python3_12_site-packages_PyQt6 --> node_venv_lib_python3_12_site-packages_PyQt6_Qt6["Qt6"]\n    node_venv_lib_python3_12_site-packages_PyQt6_Qt6 --> node_venv_lib_python3_12_site-packages_PyQt6_Qt6_lib["lib"]\n    node_venv_lib_python3_12_site-packages_PyQt6_Qt6_lib --> node_venv_lib_python3_12_site-packages_PyQt6_Qt6_lib_QtLabsSharedImage_framework["QtLabsSharedImage.framework"]\n    node_venv_lib_python3_12_site-packages_PyQt6_Qt6_lib_QtLabsSharedImage_framework --> node_venv_lib_python3_12_site-packages_PyQt6_Qt6_lib_QtLabsSharedImage_framework_Resources["Resources"]\n    node_venv_lib_python3_12_site-packages_PyQt6_Qt6_lib_QtLabsSharedImage_framework_Resources --> node_venv_lib_python3_12_site-packages_PyQt6_Qt6_lib_QtLabsSharedImage_framework_Resources_Info_plist["Info.plist"]\n    Root --> node_venv["venv"]\n    node_venv --> node_venv_lib["lib"]\n    node_venv_lib --> node_venv_lib_python3_12["python3.12"]\n    node_venv_lib_python3_12 --> node_venv_lib_python3_12_site-packages["site-packages"]\n    node_venv_lib_python3_12_site-packages --> node_venv_lib_python3_12_site-packages_PyQt6["PyQt6"]\n    node_venv_lib_python3_12_site-packages_PyQt6 --> node_venv_lib_python3_12_site-packages_PyQt6_Qt6["Qt6"]\n    node_venv_lib_python3_12_site-packages_PyQt6_Qt6 --> node_venv_lib_python3_12_site-packages_PyQt6_Qt6_lib["lib"]\n    node_venv_lib_python3_12_site-packages_PyQt6_Qt6_lib --> node_venv_lib_python3_12_site-packages_PyQt6_Qt6_lib_QtLabsSharedImage_framework["QtLabsSharedImage.framework"]\n    node_venv_lib_python3_12_site-packages_PyQt6_Qt6_lib_QtLabsSharedImage_framework --> node_venv_lib_python3_12_site-packages_PyQt6_Qt6_lib_QtLabsSharedImage_framework_Resources["Resources"]\n    node_venv_lib_python3_12_site-packages_PyQt6_Qt6_lib_QtLabsSharedImage_framework_Resources --> node_venv_lib_python3_12_site-packages_PyQt6_Qt6_lib_QtLabsSharedImage_framework_Resources_PrivacyInfo_xcprivacy["PrivacyInfo.xcprivacy"]\n    Root --> node_venv["venv"]\n    node_venv --> node_venv_lib["lib"]\n    node_venv_lib --> node_venv_lib_python3_12["python3.12"]\n    node_venv_lib_python3_12 --> node_venv_lib_python3_12_site-packages["site-packages"]\n    node_venv_lib_python3_12_site-packages --> node_venv_lib_python3_12_site-packages_PyQt6["PyQt6"]\n    node_venv_lib_python3_12_site-packages_PyQt6 --> node_venv_lib_python3_12_site-packages_PyQt6_Qt6["Qt6"]\n    node_venv_lib_python3_12_site-packages_PyQt6_Qt6 --> node_venv_lib_python3_12_site-packages_PyQt6_Qt6_lib["lib"]\n    node_venv_lib_python3_12_site-packages_PyQt6_Qt6_lib --> node_venv_lib_python3_12_site-packages_PyQt6_Qt6_lib_QtLabsSharedImage_framework["QtLabsSharedImage.framework"]\n    node_venv_lib_python3_12_site-packages_PyQt6_Qt6_lib_QtLabsSharedImage_framework --> node_venv_lib_python3_12_site-packages_PyQt6_Qt6_lib_QtLabsSharedImage_framework_Versions["Versions"]\n    node_venv_lib_python3_12_site-packages_PyQt6_Qt6_lib_QtLabsSharedImage_framework_Versions --> node_venv_lib_python3_12_site-packages_PyQt6_Qt6_lib_QtLabsSharedImage_framework_Versions_A["A"]\n    node_venv_lib_python3_12_site-packages_PyQt6_Qt6_lib_QtLabsSharedImage_framework_Versions_A --> node_venv_lib_python3_12_site-packages_PyQt6_Qt6_lib_QtLabsSharedImage_framework_Versions_A_QtLabsSharedImage["QtLabsSharedImage"]\n    Root --> node_venv["venv"]\n    node_venv --> node_venv_lib["lib"]\n    node_venv_lib --> node_venv_lib_python3_12["python3.12"]\n    node_venv_lib_python3_12 --> node_venv_lib_python3_12_site-packages["site-packages"]\n    node_venv_lib_python3_12_site-packages --> node_venv_lib_python3_12_site-packages_PyQt6["PyQt6"]\n    node_venv_lib_python3_12_site-packages_PyQt6 --> node_venv_lib_python3_12_site-packages_PyQt6_Qt6["Qt6"]\n    node_venv_lib_python3_12_site-packages_PyQt6_Qt6 --> node_venv_lib_python3_12_site-packages_PyQt6_Qt6_lib["lib"]\n    node_venv_lib_python3_12_site-packages_PyQt6_Qt6_lib --> node_venv_lib_python3_12_site-packages_PyQt6_Qt6_lib_QtQmlMeta_framework["QtQmlMeta.framework"]\n    node_venv_lib_python3_12_site-packages_PyQt6_Qt6_lib_QtQmlMeta_framework --> node_venv_lib_python3_12_site-packages_PyQt6_Qt6_lib_QtQmlMeta_framework_Resources["Resources"]\n    node_venv_lib_python3_12_site-packages_PyQt6_Qt6_lib_QtQmlMeta_framework_Resources --> node_venv_lib_python3_12_site-packages_PyQt6_Qt6_lib_QtQmlMeta_framework_Resources_Info_plist["Info.plist"]\n    Root --> node_venv["venv"]\n    node_venv --> node_venv_lib["lib"]\n    node_venv_lib --> node_venv_lib_python3_12["python3.12"]\n    node_venv_lib_python3_12 --> node_venv_lib_python3_12_site-packages["site-packages"]\n    node_venv_lib_python3_12_site-packages --> node_venv_lib_python3_12_site-packages_PyQt6["PyQt6"]\n    node_venv_lib_python3_12_site-packages_PyQt6 --> node_venv_lib_python3_12_site-packages_PyQt6_Qt6["Qt6"]\n    node_venv_lib_python3_12_site-packages_PyQt6_Qt6 --> node_venv_lib_python3_12_site-packages_PyQt6_Qt6_lib["lib"]\n    node_venv_lib_python3_12_site-packages_PyQt6_Qt6_lib --> node_venv_lib_python3_12_site-packages_PyQt6_Qt6_lib_QtQmlMeta_framework["QtQmlMeta.framework"]\n    node_venv_lib_python3_12_site-packages_PyQt6_Qt6_lib_QtQmlMeta_framework --> node_venv_lib_python3_12_site-packages_PyQt6_Qt6_lib_QtQmlMeta_framework_Resources["Resources"]\n    node_venv_lib_python3_12_site-packages_PyQt6_Qt6_lib_QtQmlMeta_framework_Resources --> node_venv_lib_python3_12_site-packages_PyQt6_Qt6_lib_QtQmlMeta_framework_Resources_PrivacyInfo_xcprivacy["PrivacyInfo.xcprivacy"]\n    Root --> node_venv["venv"]\n    node_venv --> node_venv_lib["lib"]\n    node_venv_lib --> node_venv_lib_python3_12["python3.12"]\n    node_venv_lib_python3_12 --> node_venv_lib_python3_12_site-packages["site-packages"]\n    node_venv_lib_python3_12_site-packages --> node_venv_lib_python3_12_site-packages_PyQt6["PyQt6"]\n    node_venv_lib_python3_12_site-packages_PyQt6 --> node_venv_lib_python3_12_site-packages_PyQt6_Qt6["Qt6"]\n    node_venv_lib_python3_12_site-packages_PyQt6_Qt6 --> node_venv_lib_python3_12_site-packages_PyQt6_Qt6_lib["lib"]\n    node_venv_lib_python3_12_site-packages_PyQt6_Qt6_lib --> node_venv_lib_python3_12_site-packages_PyQt6_Qt6_lib_QtQmlMeta_framework["QtQmlMeta.framework"]\n    node_venv_lib_python3_12_site-packages_PyQt6_Qt6_lib_QtQmlMeta_framework --> node_venv_lib_python3_12_site-packages_PyQt6_Qt6_lib_QtQmlMeta_framework_Versions["Versions"]\n    node_venv_lib_python3_12_site-packages_PyQt6_Qt6_lib_QtQmlMeta_framework_Versions --> node_venv_lib_python3_12_site-packages_PyQt6_Qt6_lib_QtQmlMeta_framework_Versions_A["A"]\n    node_venv_lib_python3_12_site-packages_PyQt6_Qt6_lib_QtQmlMeta_framework_Versions_A --> node_venv_lib_python3_12_site-packages_PyQt6_Qt6_lib_QtQmlMeta_framework_Versions_A_QtQmlMeta["QtQmlMeta"]\n    Root --> node_venv["venv"]\n    node_venv --> node_venv_lib["lib"]\n    node_venv_lib --> node_venv_lib_python3_12["python3.12"]\n    node_venv_lib_python3_12 --> node_venv_lib_python3_12_site-packages["site-packages"]\n    node_venv_lib_python3_12_site-packages --> node_venv_lib_python3_12_site-packages_PyQt6["PyQt6"]\n    node_venv_lib_python3_12_site-packages_PyQt6 --> node_venv_lib_python3_12_site-packages_PyQt6_Qt6["Qt6"]\n    node_venv_lib_python3_12_site-packages_PyQt6_Qt6 --> node_venv_lib_python3_12_site-packages_PyQt6_Qt6_lib["lib"]\n    node_venv_lib_python3_12_site-packages_PyQt6_Qt6_lib --> node_venv_lib_python3_12_site-packages_PyQt6_Qt6_lib_QtDesigner_framework["QtDesigner.framework"]\n    node_venv_lib_python3_12_site-packages_PyQt6_Qt6_lib_QtDesigner_framework --> node_venv_lib_python3_12_site-packages_PyQt6_Qt6_lib_QtDesigner_framework_Resources["Resources"]\n    node_venv_lib_python3_12_site-packages_PyQt6_Qt6_lib_QtDesigner_framework_Resources --> node_venv_lib_python3_12_site-packages_PyQt6_Qt6_lib_QtDesigner_framework_Resources_Info_plist["Info.plist"]\n    Root --> node_venv["venv"]\n    node_venv --> node_venv_lib["lib"]\n    node_venv_lib --> node_venv_lib_python3_12["python3.12"]\n    node_venv_lib_python3_12 --> node_venv_lib_python3_12_site-packages["site-packages"]\n    node_venv_lib_python3_12_site-packages --> node_venv_lib_python3_12_site-packages_PyQt6["PyQt6"]\n    node_venv_lib_python3_12_site-packages_PyQt6 --> node_venv_lib_python3_12_site-packages_PyQt6_Qt6["Qt6"]\n    node_venv_lib_python3_12_site-packages_PyQt6_Qt6 --> node_venv_lib_python3_12_site-packages_PyQt6_Qt6_lib["lib"]\n    node_venv_lib_python3_12_site-packages_PyQt6_Qt6_lib --> node_venv_lib_python3_12_site-packages_PyQt6_Qt6_lib_QtDesigner_framework["QtDesigner.framework"]\n    node_venv_lib_python3_12_site-packages_PyQt6_Qt6_lib_QtDesigner_framework --> node_venv_lib_python3_12_site-packages_PyQt6_Qt6_lib_QtDesigner_framework_Resources["Resources"]\n    node_venv_lib_python3_12_site-packages_PyQt6_Qt6_lib_QtDesigner_framework_Resources --> node_venv_lib_python3_12_site-packages_PyQt6_Qt6_lib_QtDesigner_framework_Resources_PrivacyInfo_xcprivacy["PrivacyInfo.xcprivacy"]\n    Root --> node_venv["venv"]\n    node_venv --> node_venv_lib["lib"]\n    node_venv_lib --> node_venv_lib_python3_12["python3.12"]\n    node_venv_lib_python3_12 --> node_venv_lib_python3_12_site-packages["site-packages"]\n    node_venv_lib_python3_12_site-packages --> node_venv_lib_python3_12_site-packages_PyQt6["PyQt6"]\n    node_venv_lib_python3_12_site-packages_PyQt6 --> node_venv_lib_python3_12_site-packages_PyQt6_Qt6["Qt6"]\n    node_venv_lib_python3_12_site-packages_PyQt6_Qt6 --> node_venv_lib_python3_12_site-packages_PyQt6_Qt6_lib["lib"]\n    node_venv_lib_python3_12_site-packages_PyQt6_Qt6_lib --> node_venv_lib_python3_12_site-packages_PyQt6_Qt6_lib_QtDesigner_framework["QtDesigner.framework"]\n    node_venv_lib_python3_12_site-packages_PyQt6_Qt6_lib_QtDesigner_framework --> node_venv_lib_python3_12_site-packages_PyQt6_Qt6_lib_QtDesigner_framework_Versions["Versions"]\n    node_venv_lib_python3_12_site-packages_PyQt6_Qt6_lib_QtDesigner_framework_Versions --> node_venv_lib_python3_12_site-packages_PyQt6_Qt6_lib_QtDesigner_framework_Versions_A["A"]\n    node_venv_lib_python3_12_site-packages_PyQt6_Qt6_lib_QtDesigner_framework_Versions_A --> node_venv_lib_python3_12_site-packages_PyQt6_Qt6_lib_QtDesigner_framework_Versions_A_QtDesigner["QtDesigner"]\n    Root --> node_venv["venv"]\n    node_venv --> node_venv_lib["lib"]\n    node_venv_lib --> node_venv_lib_python3_12["python3.12"]\n    node_venv_lib_python3_12 --> node_venv_lib_python3_12_site-packages["site-packages"]\n    node_venv_lib_python3_12_site-packages --> node_venv_lib_python3_12_site-packages_PyQt6["PyQt6"]\n    node_venv_lib_python3_12_site-packages_PyQt6 --> node_venv_lib_python3_12_site-packages_PyQt6_Qt6["Qt6"]\n    node_venv_lib_python3_12_site-packages_PyQt6_Qt6 --> node_venv_lib_python3_12_site-packages_PyQt6_Qt6_lib["lib"]\n    node_venv_lib_python3_12_site-packages_PyQt6_Qt6_lib --> node_venv_lib_python3_12_site-packages_PyQt6_Qt6_lib_QtNfc_framework["QtNfc.framework"]\n    node_venv_lib_python3_12_site-packages_PyQt6_Qt6_lib_QtNfc_framework --> node_venv_lib_python3_12_site-packages_PyQt6_Qt6_lib_QtNfc_framework_Resources["Resources"]\n    node_venv_lib_python3_12_site-packages_PyQt6_Qt6_lib_QtNfc_framework_Resources --> node_venv_lib_python3_12_site-packages_PyQt6_Qt6_lib_QtNfc_framework_Resources_Info_plist["Info.plist"]\n    Root --> node_venv["venv"]\n    node_venv --> node_venv_lib["lib"]\n    node_venv_lib --> node_venv_lib_python3_12["python3.12"]\n    node_venv_lib_python3_12 --> node_venv_lib_python3_12_site-packages["site-packages"]\n    node_venv_lib_python3_12_site-packages --> node_venv_lib_python3_12_site-packages_PyQt6["PyQt6"]\n    node_venv_lib_python3_12_site-packages_PyQt6 --> node_venv_lib_python3_12_site-packages_PyQt6_Qt6["Qt6"]\n    node_venv_lib_python3_12_site-packages_PyQt6_Qt6 --> node_venv_lib_python3_12_site-packages_PyQt6_Qt6_lib["lib"]\n    node_venv_lib_python3_12_site-packages_PyQt6_Qt6_lib --> node_venv_lib_python3_12_site-packages_PyQt6_Qt6_lib_QtNfc_framework["QtNfc.framework"]\n    node_venv_lib_python3_12_site-packages_PyQt6_Qt6_lib_QtNfc_framework --> node_venv_lib_python3_12_site-packages_PyQt6_Qt6_lib_QtNfc_framework_Resources["Resources"]\n    node_venv_lib_python3_12_site-packages_PyQt6_Qt6_lib_QtNfc_framework_Resources --> node_venv_lib_python3_12_site-packages_PyQt6_Qt6_lib_QtNfc_framework_Resources_PrivacyInfo_xcprivacy["PrivacyInfo.xcprivacy"]\n    Root --> node_venv["venv"]\n    node_venv --> node_venv_lib["lib"]\n    node_venv_lib --> node_venv_lib_python3_12["python3.12"]\n    node_venv_lib_python3_12 --> node_venv_lib_python3_12_site-packages["site-packages"]\n    node_venv_lib_python3_12_site-packages --> node_venv_lib_python3_12_site-packages_PyQt6["PyQt6"]\n    node_venv_lib_python3_12_site-packages_PyQt6 --> node_venv_lib_python3_12_site-packages_PyQt6_Qt6["Qt6"]\n    node_venv_lib_python3_12_site-packages_PyQt6_Qt6 --> node_venv_lib_python3_12_site-packages_PyQt6_Qt6_lib["lib"]\n    node_venv_lib_python3_12_site-packages_PyQt6_Qt6_lib --> node_venv_lib_python3_12_site-packages_PyQt6_Qt6_lib_QtNfc_framework["QtNfc.framework"]\n    node_venv_lib_python3_12_site-packages_PyQt6_Qt6_lib_QtNfc_framework --> node_venv_lib_python3_12_site-packages_PyQt6_Qt6_lib_QtNfc_framework_Versions["Versions"]\n    node_venv_lib_python3_12_site-packages_PyQt6_Qt6_lib_QtNfc_framework_Versions --> node_venv_lib_python3_12_site-packages_PyQt6_Qt6_lib_QtNfc_framework_Versions_A["A"]\n    node_venv_lib_python3_12_site-packages_PyQt6_Qt6_lib_QtNfc_framework_Versions_A --> node_venv_lib_python3_12_site-packages_PyQt6_Qt6_lib_QtNfc_framework_Versions_A_QtNfc["QtNfc"]\n    Root --> node_venv["venv"]\n    node_venv --> node_venv_lib["lib"]\n    node_venv_lib --> node_venv_lib_python3_12["python3.12"]\n    node_venv_lib_python3_12 --> node_venv_lib_python3_12_site-packages["site-packages"]\n    node_venv_lib_python3_12_site-packages --> node_venv_lib_python3_12_site-packages_PyQt6["PyQt6"]\n    node_venv_lib_python3_12_site-packages_PyQt6 --> node_venv_lib_python3_12_site-packages_PyQt6_Qt6["Qt6"]\n    node_venv_lib_python3_12_site-packages_PyQt6_Qt6 --> node_venv_lib_python3_12_site-packages_PyQt6_Qt6_lib["lib"]\n    node_venv_lib_python3_12_site-packages_PyQt6_Qt6_lib --> node_venv_lib_python3_12_site-packages_PyQt6_Qt6_lib_QtQuickControls2FusionStyleImpl_framework["QtQuickControls2FusionStyleImpl.framework"]\n    node_venv_lib_python3_12_site-packages_PyQt6_Qt6_lib_QtQuickControls2FusionStyleImpl_framework --> node_venv_lib_python3_12_site-packages_PyQt6_Qt6_lib_QtQuickControls2FusionStyleImpl_framework_Resources["Resources"]\n    node_venv_lib_python3_12_site-packages_PyQt6_Qt6_lib_QtQuickControls2FusionStyleImpl_framework_Resources --> node_venv_lib_python3_12_site-packages_PyQt6_Qt6_lib_QtQuickControls2FusionStyleImpl_framework_Resources_Info_plist["Info.plist"]\n    Root --> node_venv["venv"]\n    node_venv --> node_venv_lib["lib"]\n    node_venv_lib --> node_venv_lib_python3_12["python3.12"]\n    node_venv_lib_python3_12 --> node_venv_lib_python3_12_site-packages["site-packages"]\n    node_venv_lib_python3_12_site-packages --> node_venv_lib_python3_12_site-packages_PyQt6["PyQt6"]\n    node_venv_lib_python3_12_site-packages_PyQt6 --> node_venv_lib_python3_12_site-packages_PyQt6_Qt6["Qt6"]\n    node_venv_lib_python3_12_site-packages_PyQt6_Qt6 --> node_venv_lib_python3_12_site-packages_PyQt6_Qt6_lib["lib"]\n    node_venv_lib_python3_12_site-packages_PyQt6_Qt6_lib --> node_venv_lib_python3_12_site-packages_PyQt6_Qt6_lib_QtQuickControls2FusionStyleImpl_framework["QtQuickControls2FusionStyleImpl.framework"]\n    node_venv_lib_python3_12_site-packages_PyQt6_Qt6_lib_QtQuickControls2FusionStyleImpl_framework --> node_venv_lib_python3_12_site-packages_PyQt6_Qt6_lib_QtQuickControls2FusionStyleImpl_framework_Resources["Resources"]\n    node_venv_lib_python3_12_site-packages_PyQt6_Qt6_lib_QtQuickControls2FusionStyleImpl_framework_Resources --> node_venv_lib_python3_12_site-packages_PyQt6_Qt6_lib_QtQuickControls2FusionStyleImpl_framework_Resources_PrivacyInfo_xcprivacy["PrivacyInfo.xcprivacy"]\n    Root --> node_venv["venv"]\n    node_venv --> node_venv_lib["lib"]\n    node_venv_lib --> node_venv_lib_python3_12["python3.12"]\n    node_venv_lib_python3_12 --> node_venv_lib_python3_12_site-packages["site-packages"]\n    node_venv_lib_python3_12_site-packages --> node_venv_lib_python3_12_site-packages_PyQt6["PyQt6"]\n    node_venv_lib_python3_12_site-packages_PyQt6 --> node_venv_lib_python3_12_site-packages_PyQt6_Qt6["Qt6"]\n    node_venv_lib_python3_12_site-packages_PyQt6_Qt6 --> node_venv_lib_python3_12_site-packages_PyQt6_Qt6_lib["lib"]\n    node_venv_lib_python3_12_site-packages_PyQt6_Qt6_lib --> node_venv_lib_python3_12_site-packages_PyQt6_Qt6_lib_QtQuickControls2FusionStyleImpl_framework["QtQuickControls2FusionStyleImpl.framework"]\n    node_venv_lib_python3_12_site-packages_PyQt6_Qt6_lib_QtQuickControls2FusionStyleImpl_framework --> node_venv_lib_python3_12_site-packages_PyQt6_Qt6_lib_QtQuickControls2FusionStyleImpl_framework_Versions["Versions"]\n    node_venv_lib_python3_12_site-packages_PyQt6_Qt6_lib_QtQuickControls2FusionStyleImpl_framework_Versions --> node_venv_lib_python3_12_site-packages_PyQt6_Qt6_lib_QtQuickControls2FusionStyleImpl_framework_Versions_A["A"]\n    node_venv_lib_python3_12_site-packages_PyQt6_Qt6_lib_QtQuickControls2FusionStyleImpl_framework_Versions_A --> node_venv_lib_python3_12_site-packages_PyQt6_Qt6_lib_QtQuickControls2FusionStyleImpl_framework_Versions_A_QtQuickControls2FusionStyleImpl["QtQuickControls2FusionStyleImpl"]\n    Root --> node_venv["venv"]\n    node_venv --> node_venv_lib["lib"]\n    node_venv_lib --> node_venv_lib_python3_12["python3.12"]\n    node_venv_lib_python3_12 --> node_venv_lib_python3_12_site-packages["site-packages"]\n    node_venv_lib_python3_12_site-packages --> node_venv_lib_python3_12_site-packages_PyQt6["PyQt6"]\n    node_venv_lib_python3_12_site-packages_PyQt6 --> node_venv_lib_python3_12_site-packages_PyQt6_Qt6["Qt6"]\n    node_venv_lib_python3_12_site-packages_PyQt6_Qt6 --> node_venv_lib_python3_12_site-packages_PyQt6_Qt6_lib["lib"]\n    node_venv_lib_python3_12_site-packages_PyQt6_Qt6_lib --> node_venv_lib_python3_12_site-packages_PyQt6_Qt6_lib_QtQuick3DAssetImport_framework["QtQuick3DAssetImport.framework"]\n    node_venv_lib_python3_12_site-packages_PyQt6_Qt6_lib_QtQuick3DAssetImport_framework --> node_venv_lib_python3_12_site-packages_PyQt6_Qt6_lib_QtQuick3DAssetImport_framework_Resources["Resources"]\n    node_venv_lib_python3_12_site-packages_PyQt6_Qt6_lib_QtQuick3DAssetImport_framework_Resources --> node_venv_lib_python3_12_site-packages_PyQt6_Qt6_lib_QtQuick3DAssetImport_framework_Resources_Info_plist["Info.plist"]\n    Root --> node_venv["venv"]\n    node_venv --> node_venv_lib["lib"]\n    node_venv_lib --> node_venv_lib_python3_12["python3.12"]\n    node_venv_lib_python3_12 --> node_venv_lib_python3_12_site-packages["site-packages"]\n    node_venv_lib_python3_12_site-packages --> node_venv_lib_python3_12_site-packages_PyQt6["PyQt6"]\n    node_venv_lib_python3_12_site-packages_PyQt6 --> node_venv_lib_python3_12_site-packages_PyQt6_Qt6["Qt6"]\n    node_venv_lib_python3_12_site-packages_PyQt6_Qt6 --> node_venv_lib_python3_12_site-packages_PyQt6_Qt6_lib["lib"]\n    node_venv_lib_python3_12_site-packages_PyQt6_Qt6_lib --> node_venv_lib_python3_12_site-packages_PyQt6_Qt6_lib_QtQuick3DAssetImport_framework["QtQuick3DAssetImport.framework"]\n    node_venv_lib_python3_12_site-packages_PyQt6_Qt6_lib_QtQuick3DAssetImport_framework --> node_venv_lib_python3_12_site-packages_PyQt6_Qt6_lib_QtQuick3DAssetImport_framework_Resources["Resources"]\n    node_venv_lib_python3_12_site-packages_PyQt6_Qt6_lib_QtQuick3DAssetImport_framework_Resources --> node_venv_lib_python3_12_site-packages_PyQt6_Qt6_lib_QtQuick3DAssetImport_framework_Resources_PrivacyInfo_xcprivacy["PrivacyInfo.xcprivacy"]\n    Root --> node_venv["venv"]\n    node_venv --> node_venv_lib["lib"]\n    node_venv_lib --> node_venv_lib_python3_12["python3.12"]\n    node_venv_lib_python3_12 --> node_venv_lib_python3_12_site-packages["site-packages"]\n    node_venv_lib_python3_12_site-packages --> node_venv_lib_python3_12_site-packages_PyQt6["PyQt6"]\n    node_venv_lib_python3_12_site-packages_PyQt6 --> node_venv_lib_python3_12_site-packages_PyQt6_Qt6["Qt6"]\n    node_venv_lib_python3_12_site-packages_PyQt6_Qt6 --> node_venv_lib_python3_12_site-packages_PyQt6_Qt6_lib["lib"]\n    node_venv_lib_python3_12_site-packages_PyQt6_Qt6_lib --> node_venv_lib_python3_12_site-packages_PyQt6_Qt6_lib_QtQuick3DAssetImport_framework["QtQuick3DAssetImport.framework"]\n    node_venv_lib_python3_12_site-packages_PyQt6_Qt6_lib_QtQuick3DAssetImport_framework --> node_venv_lib_python3_12_site-packages_PyQt6_Qt6_lib_QtQuick3DAssetImport_framework_Versions["Versions"]\n    node_venv_lib_python3_12_site-packages_PyQt6_Qt6_lib_QtQuick3DAssetImport_framework_Versions --> node_venv_lib_python3_12_site-packages_PyQt6_Qt6_lib_QtQuick3DAssetImport_framework_Versions_A["A"]\n    node_venv_lib_python3_12_site-packages_PyQt6_Qt6_lib_QtQuick3DAssetImport_framework_Versions_A --> node_venv_lib_python3_12_site-packages_PyQt6_Qt6_lib_QtQuick3DAssetImport_framework_Versions_A_QtQuick3DAssetImport["QtQuick3DAssetImport"]\n    Root --> node_venv["venv"]\n    node_venv --> node_venv_lib["lib"]\n    node_venv_lib --> node_venv_lib_python3_12["python3.12"]\n    node_venv_lib_python3_12 --> node_venv_lib_python3_12_site-packages["site-packages"]\n    node_venv_lib_python3_12_site-packages --> node_venv_lib_python3_12_site-packages_PyQt6["PyQt6"]\n    node_venv_lib_python3_12_site-packages_PyQt6 --> node_venv_lib_python3_12_site-packages_PyQt6_Qt6["Qt6"]\n    node_venv_lib_python3_12_site-packages_PyQt6_Qt6 --> node_venv_lib_python3_12_site-packages_PyQt6_Qt6_lib["lib"]\n    node_venv_lib_python3_12_site-packages_PyQt6_Qt6_lib --> node_venv_lib_python3_12_site-packages_PyQt6_Qt6_lib_QtQuickWidgets_framework["QtQuickWidgets.framework"]\n    node_venv_lib_python3_12_site-packages_PyQt6_Qt6_lib_QtQuickWidgets_framework --> node_venv_lib_python3_12_site-packages_PyQt6_Qt6_lib_QtQuickWidgets_framework_Resources["Resources"]\n    node_venv_lib_python3_12_site-packages_PyQt6_Qt6_lib_QtQuickWidgets_framework_Resources --> node_venv_lib_python3_12_site-packages_PyQt6_Qt6_lib_QtQuickWidgets_framework_Resources_Info_plist["Info.plist"]\n    Root --> node_venv["venv"]\n    node_venv --> node_venv_lib["lib"]\n    node_venv_lib --> node_venv_lib_python3_12["python3.12"]\n    node_venv_lib_python3_12 --> node_venv_lib_python3_12_site-packages["site-packages"]\n    node_venv_lib_python3_12_site-packages --> node_venv_lib_python3_12_site-packages_PyQt6["PyQt6"]\n    node_venv_lib_python3_12_site-packages_PyQt6 --> node_venv_lib_python3_12_site-packages_PyQt6_Qt6["Qt6"]\n    node_venv_lib_python3_12_site-packages_PyQt6_Qt6 --> node_venv_lib_python3_12_site-packages_PyQt6_Qt6_lib["lib"]\n    node_venv_lib_python3_12_site-packages_PyQt6_Qt6_lib --> node_venv_lib_python3_12_site-packages_PyQt6_Qt6_lib_QtQuickWidgets_framework["QtQuickWidgets.framework"]\n    node_venv_lib_python3_12_site-packages_PyQt6_Qt6_lib_QtQuickWidgets_framework --> node_venv_lib_python3_12_site-packages_PyQt6_Qt6_lib_QtQuickWidgets_framework_Resources["Resources"]\n    node_venv_lib_python3_12_site-packages_PyQt6_Qt6_lib_QtQuickWidgets_framework_Resources --> node_venv_lib_python3_12_site-packages_PyQt6_Qt6_lib_QtQuickWidgets_framework_Resources_PrivacyInfo_xcprivacy["PrivacyInfo.xcprivacy"]\n    Root --> node_venv["venv"]\n    node_venv --> node_venv_lib["lib"]\n    node_venv_lib --> node_venv_lib_python3_12["python3.12"]\n    node_venv_lib_python3_12 --> node_venv_lib_python3_12_site-packages["site-packages"]\n    node_venv_lib_python3_12_site-packages --> node_venv_lib_python3_12_site-packages_PyQt6["PyQt6"]\n    node_venv_lib_python3_12_site-packages_PyQt6 --> node_venv_lib_python3_12_site-packages_PyQt6_Qt6["Qt6"]\n    node_venv_lib_python3_12_site-packages_PyQt6_Qt6 --> node_venv_lib_python3_12_site-packages_PyQt6_Qt6_lib["lib"]\n    node_venv_lib_python3_12_site-packages_PyQt6_Qt6_lib --> node_venv_lib_python3_12_site-packages_PyQt6_Qt6_lib_QtQuickWidgets_framework["QtQuickWidgets.framework"]\n    node_venv_lib_python3_12_site-packages_PyQt6_Qt6_lib_QtQuickWidgets_framework --> node_venv_lib_python3_12_site-packages_PyQt6_Qt6_lib_QtQuickWidgets_framework_Versions["Versions"]\n    node_venv_lib_python3_12_site-packages_PyQt6_Qt6_lib_QtQuickWidgets_framework_Versions --> node_venv_lib_python3_12_site-packages_PyQt6_Qt6_lib_QtQuickWidgets_framework_Versions_A["A"]\n    node_venv_lib_python3_12_site-packages_PyQt6_Qt6_lib_QtQuickWidgets_framework_Versions_A --> node_venv_lib_python3_12_site-packages_PyQt6_Qt6_lib_QtQuickWidgets_framework_Versions_A_QtQuickWidgets["QtQuickWidgets"]\n    Root --> node_venv["venv"]\n    node_venv --> node_venv_lib["lib"]\n    node_venv_lib --> node_venv_lib_python3_12["python3.12"]\n    node_venv_lib_python3_12 --> node_venv_lib_python3_12_site-packages["site-packages"]\n    node_venv_lib_python3_12_site-packages --> node_venv_lib_python3_12_site-packages_PyQt6["PyQt6"]\n    node_venv_lib_python3_12_site-packages_PyQt6 --> node_venv_lib_python3_12_site-packages_PyQt6_Qt6["Qt6"]\n    node_venv_lib_python3_12_site-packages_PyQt6_Qt6 --> node_venv_lib_python3_12_site-packages_PyQt6_Qt6_lib["lib"]\n    node_venv_lib_python3_12_site-packages_PyQt6_Qt6_lib --> node_venv_lib_python3_12_site-packages_PyQt6_Qt6_lib_QtQuickControls2Material_framework["QtQuickControls2Material.framework"]\n    node_venv_lib_python3_12_site-packages_PyQt6_Qt6_lib_QtQuickControls2Material_framework --> node_venv_lib_python3_12_site-packages_PyQt6_Qt6_lib_QtQuickControls2Material_framework_Resources["Resources"]\n    node_venv_lib_python3_12_site-packages_PyQt6_Qt6_lib_QtQuickControls2Material_framework_Resources --> node_venv_lib_python3_12_site-packages_PyQt6_Qt6_lib_QtQuickControls2Material_framework_Resources_Info_plist["Info.plist"]\n    Root --> node_venv["venv"]\n    node_venv --> node_venv_lib["lib"]\n    node_venv_lib --> node_venv_lib_python3_12["python3.12"]\n    node_venv_lib_python3_12 --> node_venv_lib_python3_12_site-packages["site-packages"]\n    node_venv_lib_python3_12_site-packages --> node_venv_lib_python3_12_site-packages_PyQt6["PyQt6"]\n    node_venv_lib_python3_12_site-packages_PyQt6 --> node_venv_lib_python3_12_site-packages_PyQt6_Qt6["Qt6"]\n    node_venv_lib_python3_12_site-packages_PyQt6_Qt6 --> node_venv_lib_python3_12_site-packages_PyQt6_Qt6_lib["lib"]\n    node_venv_lib_python3_12_site-packages_PyQt6_Qt6_lib --> node_venv_lib_python3_12_site-packages_PyQt6_Qt6_lib_QtQuickControls2Material_framework["QtQuickControls2Material.framework"]\n    node_venv_lib_python3_12_site-packages_PyQt6_Qt6_lib_QtQuickControls2Material_framework --> node_venv_lib_python3_12_site-packages_PyQt6_Qt6_lib_QtQuickControls2Material_framework_Resources["Resources"]\n    node_venv_lib_python3_12_site-packages_PyQt6_Qt6_lib_QtQuickControls2Material_framework_Resources --> node_venv_lib_python3_12_site-packages_PyQt6_Qt6_lib_QtQuickControls2Material_framework_Resources_PrivacyInfo_xcprivacy["PrivacyInfo.xcprivacy"]\n    Root --> node_venv["venv"]\n    node_venv --> node_venv_lib["lib"]\n    node_venv_lib --> node_venv_lib_python3_12["python3.12"]\n    node_venv_lib_python3_12 --> node_venv_lib_python3_12_site-packages["site-packages"]\n    node_venv_lib_python3_12_site-packages --> node_venv_lib_python3_12_site-packages_PyQt6["PyQt6"]\n    node_venv_lib_python3_12_site-packages_PyQt6 --> node_venv_lib_python3_12_site-packages_PyQt6_Qt6["Qt6"]\n    node_venv_lib_python3_12_site-packages_PyQt6_Qt6 --> node_venv_lib_python3_12_site-packages_PyQt6_Qt6_lib["lib"]\n    node_venv_lib_python3_12_site-packages_PyQt6_Qt6_lib --> node_venv_lib_python3_12_site-packages_PyQt6_Qt6_lib_QtQuickControls2Material_framework["QtQuickControls2Material.framework"]\n    node_venv_lib_python3_12_site-packages_PyQt6_Qt6_lib_QtQuickControls2Material_framework --> node_venv_lib_python3_12_site-packages_PyQt6_Qt6_lib_QtQuickControls2Material_framework_Versions["Versions"]\n    node_venv_lib_python3_12_site-packages_PyQt6_Qt6_lib_QtQuickControls2Material_framework_Versions --> node_venv_lib_python3_12_site-packages_PyQt6_Qt6_lib_QtQuickControls2Material_framework_Versions_A["A"]\n    node_venv_lib_python3_12_site-packages_PyQt6_Qt6_lib_QtQuickControls2Material_framework_Versions_A --> node_venv_lib_python3_12_site-packages_PyQt6_Qt6_lib_QtQuickControls2Material_framework_Versions_A_QtQuickControls2Material["QtQuickControls2Material"]\n    Root --> node_venv["venv"]\n    node_venv --> node_venv_lib["lib"]\n    node_venv_lib --> node_venv_lib_python3_12["python3.12"]\n    node_venv_lib_python3_12 --> node_venv_lib_python3_12_site-packages["site-packages"]\n    node_venv_lib_python3_12_site-packages --> node_venv_lib_python3_12_site-packages_PyQt6["PyQt6"]\n    node_venv_lib_python3_12_site-packages_PyQt6 --> node_venv_lib_python3_12_site-packages_PyQt6_Qt6["Qt6"]\n    node_venv_lib_python3_12_site-packages_PyQt6_Qt6 --> node_venv_lib_python3_12_site-packages_PyQt6_Qt6_lib["lib"]\n    node_venv_lib_python3_12_site-packages_PyQt6_Qt6_lib --> node_venv_lib_python3_12_site-packages_PyQt6_Qt6_lib_QtShaderTools_framework["QtShaderTools.framework"]\n    node_venv_lib_python3_12_site-packages_PyQt6_Qt6_lib_QtShaderTools_framework --> node_venv_lib_python3_12_site-packages_PyQt6_Qt6_lib_QtShaderTools_framework_Resources["Resources"]\n    node_venv_lib_python3_12_site-packages_PyQt6_Qt6_lib_QtShaderTools_framework_Resources --> node_venv_lib_python3_12_site-packages_PyQt6_Qt6_lib_QtShaderTools_framework_Resources_Info_plist["Info.plist"]\n    Root --> node_venv["venv"]\n    node_venv --> node_venv_lib["lib"]\n    node_venv_lib --> node_venv_lib_python3_12["python3.12"]\n    node_venv_lib_python3_12 --> node_venv_lib_python3_12_site-packages["site-packages"]\n    node_venv_lib_python3_12_site-packages --> node_venv_lib_python3_12_site-packages_PyQt6["PyQt6"]\n    node_venv_lib_python3_12_site-packages_PyQt6 --> node_venv_lib_python3_12_site-packages_PyQt6_Qt6["Qt6"]\n    node_venv_lib_python3_12_site-packages_PyQt6_Qt6 --> node_venv_lib_python3_12_site-packages_PyQt6_Qt6_lib["lib"]\n    node_venv_lib_python3_12_site-packages_PyQt6_Qt6_lib --> node_venv_lib_python3_12_site-packages_PyQt6_Qt6_lib_QtShaderTools_framework["QtShaderTools.framework"]\n    node_venv_lib_python3_12_site-packages_PyQt6_Qt6_lib_QtShaderTools_framework --> node_venv_lib_python3_12_site-packages_PyQt6_Qt6_lib_QtShaderTools_framework_Resources["Resources"]\n    node_venv_lib_python3_12_site-packages_PyQt6_Qt6_lib_QtShaderTools_framework_Resources --> node_venv_lib_python3_12_site-packages_PyQt6_Qt6_lib_QtShaderTools_framework_Resources_PrivacyInfo_xcprivacy["PrivacyInfo.xcprivacy"]\n    Root --> node_venv["venv"]\n    node_venv --> node_venv_lib["lib"]\n    node_venv_lib --> node_venv_lib_python3_12["python3.12"]\n    node_venv_lib_python3_12 --> node_venv_lib_python3_12_site-packages["site-packages"]\n    node_venv_lib_python3_12_site-packages --> node_venv_lib_python3_12_site-packages_PyQt6["PyQt6"]\n    node_venv_lib_python3_12_site-packages_PyQt6 --> node_venv_lib_python3_12_site-packages_PyQt6_Qt6["Qt6"]\n    node_venv_lib_python3_12_site-packages_PyQt6_Qt6 --> node_venv_lib_python3_12_site-packages_PyQt6_Qt6_lib["lib"]\n    node_venv_lib_python3_12_site-packages_PyQt6_Qt6_lib --> node_venv_lib_python3_12_site-packages_PyQt6_Qt6_lib_QtShaderTools_framework["QtShaderTools.framework"]\n    node_venv_lib_python3_12_site-packages_PyQt6_Qt6_lib_QtShaderTools_framework --> node_venv_lib_python3_12_site-packages_PyQt6_Qt6_lib_QtShaderTools_framework_Versions["Versions"]\n    node_venv_lib_python3_12_site-packages_PyQt6_Qt6_lib_QtShaderTools_framework_Versions --> node_venv_lib_python3_12_site-packages_PyQt6_Qt6_lib_QtShaderTools_framework_Versions_A["A"]\n    node_venv_lib_python3_12_site-packages_PyQt6_Qt6_lib_QtShaderTools_framework_Versions_A --> node_venv_lib_python3_12_site-packages_PyQt6_Qt6_lib_QtShaderTools_framework_Versions_A_QtShaderTools["QtShaderTools"]\n    Root --> node_venv["venv"]\n    node_venv --> node_venv_lib["lib"]\n    node_venv_lib --> node_venv_lib_python3_12["python3.12"]\n    node_venv_lib_python3_12 --> node_venv_lib_python3_12_site-packages["site-packages"]\n    node_venv_lib_python3_12_site-packages --> node_venv_lib_python3_12_site-packages_PyQt6["PyQt6"]\n    node_venv_lib_python3_12_site-packages_PyQt6 --> node_venv_lib_python3_12_site-packages_PyQt6_Qt6["Qt6"]\n    node_venv_lib_python3_12_site-packages_PyQt6_Qt6 --> node_venv_lib_python3_12_site-packages_PyQt6_Qt6_lib["lib"]\n    node_venv_lib_python3_12_site-packages_PyQt6_Qt6_lib --> node_venv_lib_python3_12_site-packages_PyQt6_Qt6_lib_QtPdf_framework["QtPdf.framework"]\n    node_venv_lib_python3_12_site-packages_PyQt6_Qt6_lib_QtPdf_framework --> node_venv_lib_python3_12_site-packages_PyQt6_Qt6_lib_QtPdf_framework_Resources["Resources"]\n    node_venv_lib_python3_12_site-packages_PyQt6_Qt6_lib_QtPdf_framework_Resources --> node_venv_lib_python3_12_site-packages_PyQt6_Qt6_lib_QtPdf_framework_Resources_Info_plist["Info.plist"]\n    Root --> node_venv["venv"]\n    node_venv --> node_venv_lib["lib"]\n    node_venv_lib --> node_venv_lib_python3_12["python3.12"]\n    node_venv_lib_python3_12 --> node_venv_lib_python3_12_site-packages["site-packages"]\n    node_venv_lib_python3_12_site-packages --> node_venv_lib_python3_12_site-packages_PyQt6["PyQt6"]\n    node_venv_lib_python3_12_site-packages_PyQt6 --> node_venv_lib_python3_12_site-packages_PyQt6_Qt6["Qt6"]\n    node_venv_lib_python3_12_site-packages_PyQt6_Qt6 --> node_venv_lib_python3_12_site-packages_PyQt6_Qt6_lib["lib"]\n    node_venv_lib_python3_12_site-packages_PyQt6_Qt6_lib --> node_venv_lib_python3_12_site-packages_PyQt6_Qt6_lib_QtPdf_framework["QtPdf.framework"]\n    node_venv_lib_python3_12_site-packages_PyQt6_Qt6_lib_QtPdf_framework --> node_venv_lib_python3_12_site-packages_PyQt6_Qt6_lib_QtPdf_framework_Resources["Resources"]\n    node_venv_lib_python3_12_site-packages_PyQt6_Qt6_lib_QtPdf_framework_Resources --> node_venv_lib_python3_12_site-packages_PyQt6_Qt6_lib_QtPdf_framework_Resources_PrivacyInfo_xcprivacy["PrivacyInfo.xcprivacy"]\n    Root --> node_venv["venv"]\n    node_venv --> node_venv_lib["lib"]\n    node_venv_lib --> node_venv_lib_python3_12["python3.12"]\n    node_venv_lib_python3_12 --> node_venv_lib_python3_12_site-packages["site-packages"]\n    node_venv_lib_python3_12_site-packages --> node_venv_lib_python3_12_site-packages_PyQt6["PyQt6"]\n    node_venv_lib_python3_12_site-packages_PyQt6 --> node_venv_lib_python3_12_site-packages_PyQt6_Qt6["Qt6"]\n    node_venv_lib_python3_12_site-packages_PyQt6_Qt6 --> node_venv_lib_python3_12_site-packages_PyQt6_Qt6_lib["lib"]\n    node_venv_lib_python3_12_site-packages_PyQt6_Qt6_lib --> node_venv_lib_python3_12_site-packages_PyQt6_Qt6_lib_QtPdf_framework["QtPdf.framework"]\n    node_venv_lib_python3_12_site-packages_PyQt6_Qt6_lib_QtPdf_framework --> node_venv_lib_python3_12_site-packages_PyQt6_Qt6_lib_QtPdf_framework_Versions["Versions"]\n    node_venv_lib_python3_12_site-packages_PyQt6_Qt6_lib_QtPdf_framework_Versions --> node_venv_lib_python3_12_site-packages_PyQt6_Qt6_lib_QtPdf_framework_Versions_A["A"]\n    node_venv_lib_python3_12_site-packages_PyQt6_Qt6_lib_QtPdf_framework_Versions_A --> node_venv_lib_python3_12_site-packages_PyQt6_Qt6_lib_QtPdf_framework_Versions_A_QtPdf["QtPdf"]\n    Root --> node_venv["venv"]\n    node_venv --> node_venv_lib["lib"]\n    node_venv_lib --> node_venv_lib_python3_12["python3.12"]\n    node_venv_lib_python3_12 --> node_venv_lib_python3_12_site-packages["site-packages"]\n    node_venv_lib_python3_12_site-packages --> node_venv_lib_python3_12_site-packages_PyQt6["PyQt6"]\n    node_venv_lib_python3_12_site-packages_PyQt6 --> node_venv_lib_python3_12_site-packages_PyQt6_Qt6["Qt6"]\n    node_venv_lib_python3_12_site-packages_PyQt6_Qt6 --> node_venv_lib_python3_12_site-packages_PyQt6_Qt6_lib["lib"]\n    node_venv_lib_python3_12_site-packages_PyQt6_Qt6_lib --> node_venv_lib_python3_12_site-packages_PyQt6_Qt6_lib_QtSpatialAudio_framework["QtSpatialAudio.framework"]\n    node_venv_lib_python3_12_site-packages_PyQt6_Qt6_lib_QtSpatialAudio_framework --> node_venv_lib_python3_12_site-packages_PyQt6_Qt6_lib_QtSpatialAudio_framework_Resources["Resources"]\n    node_venv_lib_python3_12_site-packages_PyQt6_Qt6_lib_QtSpatialAudio_framework_Resources --> node_venv_lib_python3_12_site-packages_PyQt6_Qt6_lib_QtSpatialAudio_framework_Resources_Info_plist["Info.plist"]\n    Root --> node_venv["venv"]\n    node_venv --> node_venv_lib["lib"]\n    node_venv_lib --> node_venv_lib_python3_12["python3.12"]\n    node_venv_lib_python3_12 --> node_venv_lib_python3_12_site-packages["site-packages"]\n    node_venv_lib_python3_12_site-packages --> node_venv_lib_python3_12_site-packages_PyQt6["PyQt6"]\n    node_venv_lib_python3_12_site-packages_PyQt6 --> node_venv_lib_python3_12_site-packages_PyQt6_Qt6["Qt6"]\n    node_venv_lib_python3_12_site-packages_PyQt6_Qt6 --> node_venv_lib_python3_12_site-packages_PyQt6_Qt6_lib["lib"]\n    node_venv_lib_python3_12_site-packages_PyQt6_Qt6_lib --> node_venv_lib_python3_12_site-packages_PyQt6_Qt6_lib_QtSpatialAudio_framework["QtSpatialAudio.framework"]\n    node_venv_lib_python3_12_site-packages_PyQt6_Qt6_lib_QtSpatialAudio_framework --> node_venv_lib_python3_12_site-packages_PyQt6_Qt6_lib_QtSpatialAudio_framework_Resources["Resources"]\n    node_venv_lib_python3_12_site-packages_PyQt6_Qt6_lib_QtSpatialAudio_framework_Resources --> node_venv_lib_python3_12_site-packages_PyQt6_Qt6_lib_QtSpatialAudio_framework_Resources_PrivacyInfo_xcprivacy["PrivacyInfo.xcprivacy"]\n    Root --> node_venv["venv"]\n    node_venv --> node_venv_lib["lib"]\n    node_venv_lib --> node_venv_lib_python3_12["python3.12"]\n    node_venv_lib_python3_12 --> node_venv_lib_python3_12_site-packages["site-packages"]\n    node_venv_lib_python3_12_site-packages --> node_venv_lib_python3_12_site-packages_PyQt6["PyQt6"]\n    node_venv_lib_python3_12_site-packages_PyQt6 --> node_venv_lib_python3_12_site-packages_PyQt6_Qt6["Qt6"]\n    node_venv_lib_python3_12_site-packages_PyQt6_Qt6 --> node_venv_lib_python3_12_site-packages_PyQt6_Qt6_lib["lib"]\n    node_venv_lib_python3_12_site-packages_PyQt6_Qt6_lib --> node_venv_lib_python3_12_site-packages_PyQt6_Qt6_lib_QtSpatialAudio_framework["QtSpatialAudio.framework"]\n    node_venv_lib_python3_12_site-packages_PyQt6_Qt6_lib_QtSpatialAudio_framework --> node_venv_lib_python3_12_site-packages_PyQt6_Qt6_lib_QtSpatialAudio_framework_Versions["Versions"]\n    node_venv_lib_python3_12_site-packages_PyQt6_Qt6_lib_QtSpatialAudio_framework_Versions --> node_venv_lib_python3_12_site-packages_PyQt6_Qt6_lib_QtSpatialAudio_framework_Versions_A["A"]\n    node_venv_lib_python3_12_site-packages_PyQt6_Qt6_lib_QtSpatialAudio_framework_Versions_A --> node_venv_lib_python3_12_site-packages_PyQt6_Qt6_lib_QtSpatialAudio_framework_Versions_A_QtSpatialAudio["QtSpatialAudio"]\n    Root --> node_venv["venv"]\n    node_venv --> node_venv_lib["lib"]\n    node_venv_lib --> node_venv_lib_python3_12["python3.12"]\n    node_venv_lib_python3_12 --> node_venv_lib_python3_12_site-packages["site-packages"]\n    node_venv_lib_python3_12_site-packages --> node_venv_lib_python3_12_site-packages_PyQt6["PyQt6"]\n    node_venv_lib_python3_12_site-packages_PyQt6 --> node_venv_lib_python3_12_site-packages_PyQt6_Qt6["Qt6"]\n    node_venv_lib_python3_12_site-packages_PyQt6_Qt6 --> node_venv_lib_python3_12_site-packages_PyQt6_Qt6_lib["lib"]\n    node_venv_lib_python3_12_site-packages_PyQt6_Qt6_lib --> node_venv_lib_python3_12_site-packages_PyQt6_Qt6_lib_QtQuickLayouts_framework["QtQuickLayouts.framework"]\n    node_venv_lib_python3_12_site-packages_PyQt6_Qt6_lib_QtQuickLayouts_framework --> node_venv_lib_python3_12_site-packages_PyQt6_Qt6_lib_QtQuickLayouts_framework_Resources["Resources"]\n    node_venv_lib_python3_12_site-packages_PyQt6_Qt6_lib_QtQuickLayouts_framework_Resources --> node_venv_lib_python3_12_site-packages_PyQt6_Qt6_lib_QtQuickLayouts_framework_Resources_Info_plist["Info.plist"]\n    Root --> node_venv["venv"]\n    node_venv --> node_venv_lib["lib"]\n    node_venv_lib --> node_venv_lib_python3_12["python3.12"]\n    node_venv_lib_python3_12 --> node_venv_lib_python3_12_site-packages["site-packages"]\n    node_venv_lib_python3_12_site-packages --> node_venv_lib_python3_12_site-packages_PyQt6["PyQt6"]\n    node_venv_lib_python3_12_site-packages_PyQt6 --> node_venv_lib_python3_12_site-packages_PyQt6_Qt6["Qt6"]\n    node_venv_lib_python3_12_site-packages_PyQt6_Qt6 --> node_venv_lib_python3_12_site-packages_PyQt6_Qt6_lib["lib"]\n    node_venv_lib_python3_12_site-packages_PyQt6_Qt6_lib --> node_venv_lib_python3_12_site-packages_PyQt6_Qt6_lib_QtQuickLayouts_framework["QtQuickLayouts.framework"]\n    node_venv_lib_python3_12_site-packages_PyQt6_Qt6_lib_QtQuickLayouts_framework --> node_venv_lib_python3_12_site-packages_PyQt6_Qt6_lib_QtQuickLayouts_framework_Resources["Resources"]\n    node_venv_lib_python3_12_site-packages_PyQt6_Qt6_lib_QtQuickLayouts_framework_Resources --> node_venv_lib_python3_12_site-packages_PyQt6_Qt6_lib_QtQuickLayouts_framework_Resources_PrivacyInfo_xcprivacy["PrivacyInfo.xcprivacy"]\n    Root --> node_venv["venv"]\n    node_venv --> node_venv_lib["lib"]\n    node_venv_lib --> node_venv_lib_python3_12["python3.12"]\n    node_venv_lib_python3_12 --> node_venv_lib_python3_12_site-packages["site-packages"]\n    node_venv_lib_python3_12_site-packages --> node_venv_lib_python3_12_site-packages_PyQt6["PyQt6"]\n    node_venv_lib_python3_12_site-packages_PyQt6 --> node_venv_lib_python3_12_site-packages_PyQt6_Qt6["Qt6"]\n    node_venv_lib_python3_12_site-packages_PyQt6_Qt6 --> node_venv_lib_python3_12_site-packages_PyQt6_Qt6_lib["lib"]\n    node_venv_lib_python3_12_site-packages_PyQt6_Qt6_lib --> node_venv_lib_python3_12_site-packages_PyQt6_Qt6_lib_QtQuickLayouts_framework["QtQuickLayouts.framework"]\n    node_venv_lib_python3_12_site-packages_PyQt6_Qt6_lib_QtQuickLayouts_framework --> node_venv_lib_python3_12_site-packages_PyQt6_Qt6_lib_QtQuickLayouts_framework_Versions["Versions"]\n    node_venv_lib_python3_12_site-packages_PyQt6_Qt6_lib_QtQuickLayouts_framework_Versions --> node_venv_lib_python3_12_site-packages_PyQt6_Qt6_lib_QtQuickLayouts_framework_Versions_A["A"]\n    node_venv_lib_python3_12_site-packages_PyQt6_Qt6_lib_QtQuickLayouts_framework_Versions_A --> node_venv_lib_python3_12_site-packages_PyQt6_Qt6_lib_QtQuickLayouts_framework_Versions_A_QtQuickLayouts["QtQuickLayouts"]\n    Root --> node_venv["venv"]\n    node_venv --> node_venv_lib["lib"]\n    node_venv_lib --> node_venv_lib_python3_12["python3.12"]\n    node_venv_lib_python3_12 --> node_venv_lib_python3_12_site-packages["site-packages"]\n    node_venv_lib_python3_12_site-packages --> node_venv_lib_python3_12_site-packages_PyQt6["PyQt6"]\n    node_venv_lib_python3_12_site-packages_PyQt6 --> node_venv_lib_python3_12_site-packages_PyQt6_Qt6["Qt6"]\n    node_venv_lib_python3_12_site-packages_PyQt6_Qt6 --> node_venv_lib_python3_12_site-packages_PyQt6_Qt6_lib["lib"]\n    node_venv_lib_python3_12_site-packages_PyQt6_Qt6_lib --> node_venv_lib_python3_12_site-packages_PyQt6_Qt6_lib_QtQuickControls2Basic_framework["QtQuickControls2Basic.framework"]\n    node_venv_lib_python3_12_site-packages_PyQt6_Qt6_lib_QtQuickControls2Basic_framework --> node_venv_lib_python3_12_site-packages_PyQt6_Qt6_lib_QtQuickControls2Basic_framework_Resources["Resources"]\n    node_venv_lib_python3_12_site-packages_PyQt6_Qt6_lib_QtQuickControls2Basic_framework_Resources --> node_venv_lib_python3_12_site-packages_PyQt6_Qt6_lib_QtQuickControls2Basic_framework_Resources_Info_plist["Info.plist"]\n    Root --> node_venv["venv"]\n    node_venv --> node_venv_lib["lib"]\n    node_venv_lib --> node_venv_lib_python3_12["python3.12"]\n    node_venv_lib_python3_12 --> node_venv_lib_python3_12_site-packages["site-packages"]\n    node_venv_lib_python3_12_site-packages --> node_venv_lib_python3_12_site-packages_PyQt6["PyQt6"]\n    node_venv_lib_python3_12_site-packages_PyQt6 --> node_venv_lib_python3_12_site-packages_PyQt6_Qt6["Qt6"]\n    node_venv_lib_python3_12_site-packages_PyQt6_Qt6 --> node_venv_lib_python3_12_site-packages_PyQt6_Qt6_lib["lib"]\n    node_venv_lib_python3_12_site-packages_PyQt6_Qt6_lib --> node_venv_lib_python3_12_site-packages_PyQt6_Qt6_lib_QtQuickControls2Basic_framework["QtQuickControls2Basic.framework"]\n    node_venv_lib_python3_12_site-packages_PyQt6_Qt6_lib_QtQuickControls2Basic_framework --> node_venv_lib_python3_12_site-packages_PyQt6_Qt6_lib_QtQuickControls2Basic_framework_Resources["Resources"]\n    node_venv_lib_python3_12_site-packages_PyQt6_Qt6_lib_QtQuickControls2Basic_framework_Resources --> node_venv_lib_python3_12_site-packages_PyQt6_Qt6_lib_QtQuickControls2Basic_framework_Resources_PrivacyInfo_xcprivacy["PrivacyInfo.xcprivacy"]\n    Root --> node_venv["venv"]\n    node_venv --> node_venv_lib["lib"]\n    node_venv_lib --> node_venv_lib_python3_12["python3.12"]\n    node_venv_lib_python3_12 --> node_venv_lib_python3_12_site-packages["site-packages"]\n    node_venv_lib_python3_12_site-packages --> node_venv_lib_python3_12_site-packages_PyQt6["PyQt6"]\n    node_venv_lib_python3_12_site-packages_PyQt6 --> node_venv_lib_python3_12_site-packages_PyQt6_Qt6["Qt6"]\n    node_venv_lib_python3_12_site-packages_PyQt6_Qt6 --> node_venv_lib_python3_12_site-packages_PyQt6_Qt6_lib["lib"]\n    node_venv_lib_python3_12_site-packages_PyQt6_Qt6_lib --> node_venv_lib_python3_12_site-packages_PyQt6_Qt6_lib_QtQuickControls2Basic_framework["QtQuickControls2Basic.framework"]\n    node_venv_lib_python3_12_site-packages_PyQt6_Qt6_lib_QtQuickControls2Basic_framework --> node_venv_lib_python3_12_site-packages_PyQt6_Qt6_lib_QtQuickControls2Basic_framework_Versions["Versions"]\n    node_venv_lib_python3_12_site-packages_PyQt6_Qt6_lib_QtQuickControls2Basic_framework_Versions --> node_venv_lib_python3_12_site-packages_PyQt6_Qt6_lib_QtQuickControls2Basic_framework_Versions_A["A"]\n    node_venv_lib_python3_12_site-packages_PyQt6_Qt6_lib_QtQuickControls2Basic_framework_Versions_A --> node_venv_lib_python3_12_site-packages_PyQt6_Qt6_lib_QtQuickControls2Basic_framework_Versions_A_QtQuickControls2Basic["QtQuickControls2Basic"]\n    Root --> node_venv["venv"]\n    node_venv --> node_venv_lib["lib"]\n    node_venv_lib --> node_venv_lib_python3_12["python3.12"]\n    node_venv_lib_python3_12 --> node_venv_lib_python3_12_site-packages["site-packages"]\n    node_venv_lib_python3_12_site-packages --> node_venv_lib_python3_12_site-packages_PyQt6["PyQt6"]\n    node_venv_lib_python3_12_site-packages_PyQt6 --> node_venv_lib_python3_12_site-packages_PyQt6_Qt6["Qt6"]\n    node_venv_lib_python3_12_site-packages_PyQt6_Qt6 --> node_venv_lib_python3_12_site-packages_PyQt6_Qt6_lib["lib"]\n    node_venv_lib_python3_12_site-packages_PyQt6_Qt6_lib --> node_venv_lib_python3_12_site-packages_PyQt6_Qt6_lib_QtQuick3DRuntimeRender_framework["QtQuick3DRuntimeRender.framework"]\n    node_venv_lib_python3_12_site-packages_PyQt6_Qt6_lib_QtQuick3DRuntimeRender_framework --> node_venv_lib_python3_12_site-packages_PyQt6_Qt6_lib_QtQuick3DRuntimeRender_framework_Resources["Resources"]\n    node_venv_lib_python3_12_site-packages_PyQt6_Qt6_lib_QtQuick3DRuntimeRender_framework_Resources --> node_venv_lib_python3_12_site-packages_PyQt6_Qt6_lib_QtQuick3DRuntimeRender_framework_Resources_Info_plist["Info.plist"]\n    Root --> node_venv["venv"]\n    node_venv --> node_venv_lib["lib"]\n    node_venv_lib --> node_venv_lib_python3_12["python3.12"]\n    node_venv_lib_python3_12 --> node_venv_lib_python3_12_site-packages["site-packages"]\n    node_venv_lib_python3_12_site-packages --> node_venv_lib_python3_12_site-packages_PyQt6["PyQt6"]\n    node_venv_lib_python3_12_site-packages_PyQt6 --> node_venv_lib_python3_12_site-packages_PyQt6_Qt6["Qt6"]\n    node_venv_lib_python3_12_site-packages_PyQt6_Qt6 --> node_venv_lib_python3_12_site-packages_PyQt6_Qt6_lib["lib"]\n    node_venv_lib_python3_12_site-packages_PyQt6_Qt6_lib --> node_venv_lib_python3_12_site-packages_PyQt6_Qt6_lib_QtQuick3DRuntimeRender_framework["QtQuick3DRuntimeRender.framework"]\n    node_venv_lib_python3_12_site-packages_PyQt6_Qt6_lib_QtQuick3DRuntimeRender_framework --> node_venv_lib_python3_12_site-packages_PyQt6_Qt6_lib_QtQuick3DRuntimeRender_framework_Resources["Resources"]\n    node_venv_lib_python3_12_site-packages_PyQt6_Qt6_lib_QtQuick3DRuntimeRender_framework_Resources --> node_venv_lib_python3_12_site-packages_PyQt6_Qt6_lib_QtQuick3DRuntimeRender_framework_Resources_PrivacyInfo_xcprivacy["PrivacyInfo.xcprivacy"]\n    Root --> node_venv["venv"]\n    node_venv --> node_venv_lib["lib"]\n    node_venv_lib --> node_venv_lib_python3_12["python3.12"]\n    node_venv_lib_python3_12 --> node_venv_lib_python3_12_site-packages["site-packages"]\n    node_venv_lib_python3_12_site-packages --> node_venv_lib_python3_12_site-packages_PyQt6["PyQt6"]\n    node_venv_lib_python3_12_site-packages_PyQt6 --> node_venv_lib_python3_12_site-packages_PyQt6_Qt6["Qt6"]\n    node_venv_lib_python3_12_site-packages_PyQt6_Qt6 --> node_venv_lib_python3_12_site-packages_PyQt6_Qt6_lib["lib"]\n    node_venv_lib_python3_12_site-packages_PyQt6_Qt6_lib --> node_venv_lib_python3_12_site-packages_PyQt6_Qt6_lib_QtQuick3DRuntimeRender_framework["QtQuick3DRuntimeRender.framework"]\n    node_venv_lib_python3_12_site-packages_PyQt6_Qt6_lib_QtQuick3DRuntimeRender_framework --> node_venv_lib_python3_12_site-packages_PyQt6_Qt6_lib_QtQuick3DRuntimeRender_framework_Versions["Versions"]\n    node_venv_lib_python3_12_site-packages_PyQt6_Qt6_lib_QtQuick3DRuntimeRender_framework_Versions --> node_venv_lib_python3_12_site-packages_PyQt6_Qt6_lib_QtQuick3DRuntimeRender_framework_Versions_A["A"]\n    node_venv_lib_python3_12_site-packages_PyQt6_Qt6_lib_QtQuick3DRuntimeRender_framework_Versions_A --> node_venv_lib_python3_12_site-packages_PyQt6_Qt6_lib_QtQuick3DRuntimeRender_framework_Versions_A_QtQuick3DRuntimeRender["QtQuick3DRuntimeRender"]\n    Root --> node_venv["venv"]\n    node_venv --> node_venv_lib["lib"]\n    node_venv_lib --> node_venv_lib_python3_12["python3.12"]\n    node_venv_lib_python3_12 --> node_venv_lib_python3_12_site-packages["site-packages"]\n    node_venv_lib_python3_12_site-packages --> node_venv_lib_python3_12_site-packages_PyQt6["PyQt6"]\n    node_venv_lib_python3_12_site-packages_PyQt6 --> node_venv_lib_python3_12_site-packages_PyQt6_Qt6["Qt6"]\n    node_venv_lib_python3_12_site-packages_PyQt6_Qt6 --> node_venv_lib_python3_12_site-packages_PyQt6_Qt6_lib["lib"]\n    node_venv_lib_python3_12_site-packages_PyQt6_Qt6_lib --> node_venv_lib_python3_12_site-packages_PyQt6_Qt6_lib_QtHelp_framework["QtHelp.framework"]\n    node_venv_lib_python3_12_site-packages_PyQt6_Qt6_lib_QtHelp_framework --> node_venv_lib_python3_12_site-packages_PyQt6_Qt6_lib_QtHelp_framework_Resources["Resources"]\n    node_venv_lib_python3_12_site-packages_PyQt6_Qt6_lib_QtHelp_framework_Resources --> node_venv_lib_python3_12_site-packages_PyQt6_Qt6_lib_QtHelp_framework_Resources_Info_plist["Info.plist"]\n    Root --> node_venv["venv"]\n    node_venv --> node_venv_lib["lib"]\n    node_venv_lib --> node_venv_lib_python3_12["python3.12"]\n    node_venv_lib_python3_12 --> node_venv_lib_python3_12_site-packages["site-packages"]\n    node_venv_lib_python3_12_site-packages --> node_venv_lib_python3_12_site-packages_PyQt6["PyQt6"]\n    node_venv_lib_python3_12_site-packages_PyQt6 --> node_venv_lib_python3_12_site-packages_PyQt6_Qt6["Qt6"]\n    node_venv_lib_python3_12_site-packages_PyQt6_Qt6 --> node_venv_lib_python3_12_site-packages_PyQt6_Qt6_lib["lib"]\n    node_venv_lib_python3_12_site-packages_PyQt6_Qt6_lib --> node_venv_lib_python3_12_site-packages_PyQt6_Qt6_lib_QtHelp_framework["QtHelp.framework"]\n    node_venv_lib_python3_12_site-packages_PyQt6_Qt6_lib_QtHelp_framework --> node_venv_lib_python3_12_site-packages_PyQt6_Qt6_lib_QtHelp_framework_Resources["Resources"]\n    node_venv_lib_python3_12_site-packages_PyQt6_Qt6_lib_QtHelp_framework_Resources --> node_venv_lib_python3_12_site-packages_PyQt6_Qt6_lib_QtHelp_framework_Resources_PrivacyInfo_xcprivacy["PrivacyInfo.xcprivacy"]\n    Root --> node_venv["venv"]\n    node_venv --> node_venv_lib["lib"]\n    node_venv_lib --> node_venv_lib_python3_12["python3.12"]\n    node_venv_lib_python3_12 --> node_venv_lib_python3_12_site-packages["site-packages"]\n    node_venv_lib_python3_12_site-packages --> node_venv_lib_python3_12_site-packages_PyQt6["PyQt6"]\n    node_venv_lib_python3_12_site-packages_PyQt6 --> node_venv_lib_python3_12_site-packages_PyQt6_Qt6["Qt6"]\n    node_venv_lib_python3_12_site-packages_PyQt6_Qt6 --> node_venv_lib_python3_12_site-packages_PyQt6_Qt6_lib["lib"]\n    node_venv_lib_python3_12_site-packages_PyQt6_Qt6_lib --> node_venv_lib_python3_12_site-packages_PyQt6_Qt6_lib_QtHelp_framework["QtHelp.framework"]\n    node_venv_lib_python3_12_site-packages_PyQt6_Qt6_lib_QtHelp_framework --> node_venv_lib_python3_12_site-packages_PyQt6_Qt6_lib_QtHelp_framework_Versions["Versions"]\n    node_venv_lib_python3_12_site-packages_PyQt6_Qt6_lib_QtHelp_framework_Versions --> node_venv_lib_python3_12_site-packages_PyQt6_Qt6_lib_QtHelp_framework_Versions_A["A"]\n    node_venv_lib_python3_12_site-packages_PyQt6_Qt6_lib_QtHelp_framework_Versions_A --> node_venv_lib_python3_12_site-packages_PyQt6_Qt6_lib_QtHelp_framework_Versions_A_QtHelp["QtHelp"]\n    Root --> node_venv["venv"]\n    node_venv --> node_venv_lib["lib"]\n    node_venv_lib --> node_venv_lib_python3_12["python3.12"]\n    node_venv_lib_python3_12 --> node_venv_lib_python3_12_site-packages["site-packages"]\n    node_venv_lib_python3_12_site-packages --> node_venv_lib_python3_12_site-packages_PyQt6["PyQt6"]\n    node_venv_lib_python3_12_site-packages_PyQt6 --> node_venv_lib_python3_12_site-packages_PyQt6_Qt6["Qt6"]\n    node_venv_lib_python3_12_site-packages_PyQt6_Qt6 --> node_venv_lib_python3_12_site-packages_PyQt6_Qt6_lib["lib"]\n    node_venv_lib_python3_12_site-packages_PyQt6_Qt6_lib --> node_venv_lib_python3_12_site-packages_PyQt6_Qt6_lib_QtQuickVectorImage_framework["QtQuickVectorImage.framework"]\n    node_venv_lib_python3_12_site-packages_PyQt6_Qt6_lib_QtQuickVectorImage_framework --> node_venv_lib_python3_12_site-packages_PyQt6_Qt6_lib_QtQuickVectorImage_framework_Resources["Resources"]\n    node_venv_lib_python3_12_site-packages_PyQt6_Qt6_lib_QtQuickVectorImage_framework_Resources --> node_venv_lib_python3_12_site-packages_PyQt6_Qt6_lib_QtQuickVectorImage_framework_Resources_Info_plist["Info.plist"]\n    Root --> node_venv["venv"]\n    node_venv --> node_venv_lib["lib"]\n    node_venv_lib --> node_venv_lib_python3_12["python3.12"]\n    node_venv_lib_python3_12 --> node_venv_lib_python3_12_site-packages["site-packages"]\n    node_venv_lib_python3_12_site-packages --> node_venv_lib_python3_12_site-packages_PyQt6["PyQt6"]\n    node_venv_lib_python3_12_site-packages_PyQt6 --> node_venv_lib_python3_12_site-packages_PyQt6_Qt6["Qt6"]\n    node_venv_lib_python3_12_site-packages_PyQt6_Qt6 --> node_venv_lib_python3_12_site-packages_PyQt6_Qt6_lib["lib"]\n    node_venv_lib_python3_12_site-packages_PyQt6_Qt6_lib --> node_venv_lib_python3_12_site-packages_PyQt6_Qt6_lib_QtQuickVectorImage_framework["QtQuickVectorImage.framework"]\n    node_venv_lib_python3_12_site-packages_PyQt6_Qt6_lib_QtQuickVectorImage_framework --> node_venv_lib_python3_12_site-packages_PyQt6_Qt6_lib_QtQuickVectorImage_framework_Resources["Resources"]\n    node_venv_lib_python3_12_site-packages_PyQt6_Qt6_lib_QtQuickVectorImage_framework_Resources --> node_venv_lib_python3_12_site-packages_PyQt6_Qt6_lib_QtQuickVectorImage_framework_Resources_PrivacyInfo_xcprivacy["PrivacyInfo.xcprivacy"]\n    Root --> node_venv["venv"]\n    node_venv --> node_venv_lib["lib"]\n    node_venv_lib --> node_venv_lib_python3_12["python3.12"]\n    node_venv_lib_python3_12 --> node_venv_lib_python3_12_site-packages["site-packages"]\n    node_venv_lib_python3_12_site-packages --> node_venv_lib_python3_12_site-packages_PyQt6["PyQt6"]\n    node_venv_lib_python3_12_site-packages_PyQt6 --> node_venv_lib_python3_12_site-packages_PyQt6_Qt6["Qt6"]\n    node_venv_lib_python3_12_site-packages_PyQt6_Qt6 --> node_venv_lib_python3_12_site-packages_PyQt6_Qt6_lib["lib"]\n    node_venv_lib_python3_12_site-packages_PyQt6_Qt6_lib --> node_venv_lib_python3_12_site-packages_PyQt6_Qt6_lib_QtQuickVectorImage_framework["QtQuickVectorImage.framework"]\n    node_venv_lib_python3_12_site-packages_PyQt6_Qt6_lib_QtQuickVectorImage_framework --> node_venv_lib_python3_12_site-packages_PyQt6_Qt6_lib_QtQuickVectorImage_framework_Versions["Versions"]\n    node_venv_lib_python3_12_site-packages_PyQt6_Qt6_lib_QtQuickVectorImage_framework_Versions --> node_venv_lib_python3_12_site-packages_PyQt6_Qt6_lib_QtQuickVectorImage_framework_Versions_A["A"]\n    node_venv_lib_python3_12_site-packages_PyQt6_Qt6_lib_QtQuickVectorImage_framework_Versions_A --> node_venv_lib_python3_12_site-packages_PyQt6_Qt6_lib_QtQuickVectorImage_framework_Versions_A_QtQuickVectorImage["QtQuickVectorImage"]\n    Root --> node_venv["venv"]\n    node_venv --> node_venv_lib["lib"]\n    node_venv_lib --> node_venv_lib_python3_12["python3.12"]\n    node_venv_lib_python3_12 --> node_venv_lib_python3_12_site-packages["site-packages"]\n    node_venv_lib_python3_12_site-packages --> node_venv_lib_python3_12_site-packages_PyQt6["PyQt6"]\n    node_venv_lib_python3_12_site-packages_PyQt6 --> node_venv_lib_python3_12_site-packages_PyQt6_Qt6["Qt6"]\n    node_venv_lib_python3_12_site-packages_PyQt6_Qt6 --> node_venv_lib_python3_12_site-packages_PyQt6_Qt6_lib["lib"]\n    node_venv_lib_python3_12_site-packages_PyQt6_Qt6_lib --> node_venv_lib_python3_12_site-packages_PyQt6_Qt6_lib_QtPrintSupport_framework["QtPrintSupport.framework"]\n    node_venv_lib_python3_12_site-packages_PyQt6_Qt6_lib_QtPrintSupport_framework --> node_venv_lib_python3_12_site-packages_PyQt6_Qt6_lib_QtPrintSupport_framework_Resources["Resources"]\n    node_venv_lib_python3_12_site-packages_PyQt6_Qt6_lib_QtPrintSupport_framework_Resources --> node_venv_lib_python3_12_site-packages_PyQt6_Qt6_lib_QtPrintSupport_framework_Resources_Info_plist["Info.plist"]\n    Root --> node_venv["venv"]\n    node_venv --> node_venv_lib["lib"]\n    node_venv_lib --> node_venv_lib_python3_12["python3.12"]\n    node_venv_lib_python3_12 --> node_venv_lib_python3_12_site-packages["site-packages"]\n    node_venv_lib_python3_12_site-packages --> node_venv_lib_python3_12_site-packages_PyQt6["PyQt6"]\n    node_venv_lib_python3_12_site-packages_PyQt6 --> node_venv_lib_python3_12_site-packages_PyQt6_Qt6["Qt6"]\n    node_venv_lib_python3_12_site-packages_PyQt6_Qt6 --> node_venv_lib_python3_12_site-packages_PyQt6_Qt6_lib["lib"]\n    node_venv_lib_python3_12_site-packages_PyQt6_Qt6_lib --> node_venv_lib_python3_12_site-packages_PyQt6_Qt6_lib_QtPrintSupport_framework["QtPrintSupport.framework"]\n    node_venv_lib_python3_12_site-packages_PyQt6_Qt6_lib_QtPrintSupport_framework --> node_venv_lib_python3_12_site-packages_PyQt6_Qt6_lib_QtPrintSupport_framework_Resources["Resources"]\n    node_venv_lib_python3_12_site-packages_PyQt6_Qt6_lib_QtPrintSupport_framework_Resources --> node_venv_lib_python3_12_site-packages_PyQt6_Qt6_lib_QtPrintSupport_framework_Resources_PrivacyInfo_xcprivacy["PrivacyInfo.xcprivacy"]\n    Root --> node_venv["venv"]\n    node_venv --> node_venv_lib["lib"]\n    node_venv_lib --> node_venv_lib_python3_12["python3.12"]\n    node_venv_lib_python3_12 --> node_venv_lib_python3_12_site-packages["site-packages"]\n    node_venv_lib_python3_12_site-packages --> node_venv_lib_python3_12_site-packages_PyQt6["PyQt6"]\n    node_venv_lib_python3_12_site-packages_PyQt6 --> node_venv_lib_python3_12_site-packages_PyQt6_Qt6["Qt6"]\n    node_venv_lib_python3_12_site-packages_PyQt6_Qt6 --> node_venv_lib_python3_12_site-packages_PyQt6_Qt6_lib["lib"]\n    node_venv_lib_python3_12_site-packages_PyQt6_Qt6_lib --> node_venv_lib_python3_12_site-packages_PyQt6_Qt6_lib_QtPrintSupport_framework["QtPrintSupport.framework"]\n    node_venv_lib_python3_12_site-packages_PyQt6_Qt6_lib_QtPrintSupport_framework --> node_venv_lib_python3_12_site-packages_PyQt6_Qt6_lib_QtPrintSupport_framework_Versions["Versions"]\n    node_venv_lib_python3_12_site-packages_PyQt6_Qt6_lib_QtPrintSupport_framework_Versions --> node_venv_lib_python3_12_site-packages_PyQt6_Qt6_lib_QtPrintSupport_framework_Versions_A["A"]\n    node_venv_lib_python3_12_site-packages_PyQt6_Qt6_lib_QtPrintSupport_framework_Versions_A --> node_venv_lib_python3_12_site-packages_PyQt6_Qt6_lib_QtPrintSupport_framework_Versions_A_QtPrintSupport["QtPrintSupport"]\n    Root --> node_venv["venv"]\n    node_venv --> node_venv_lib["lib"]\n    node_venv_lib --> node_venv_lib_python3_12["python3.12"]\n    node_venv_lib_python3_12 --> node_venv_lib_python3_12_site-packages["site-packages"]\n    node_venv_lib_python3_12_site-packages --> node_venv_lib_python3_12_site-packages_PyQt6["PyQt6"]\n    node_venv_lib_python3_12_site-packages_PyQt6 --> node_venv_lib_python3_12_site-packages_PyQt6_Qt6["Qt6"]\n    node_venv_lib_python3_12_site-packages_PyQt6_Qt6 --> node_venv_lib_python3_12_site-packages_PyQt6_Qt6_lib["lib"]\n    node_venv_lib_python3_12_site-packages_PyQt6_Qt6_lib --> node_venv_lib_python3_12_site-packages_PyQt6_Qt6_lib_QtGui_framework["QtGui.framework"]\n    node_venv_lib_python3_12_site-packages_PyQt6_Qt6_lib_QtGui_framework --> node_venv_lib_python3_12_site-packages_PyQt6_Qt6_lib_QtGui_framework_Resources["Resources"]\n    node_venv_lib_python3_12_site-packages_PyQt6_Qt6_lib_QtGui_framework_Resources --> node_venv_lib_python3_12_site-packages_PyQt6_Qt6_lib_QtGui_framework_Resources_Info_plist["Info.plist"]\n    Root --> node_venv["venv"]\n    node_venv --> node_venv_lib["lib"]\n    node_venv_lib --> node_venv_lib_python3_12["python3.12"]\n    node_venv_lib_python3_12 --> node_venv_lib_python3_12_site-packages["site-packages"]\n    node_venv_lib_python3_12_site-packages --> node_venv_lib_python3_12_site-packages_PyQt6["PyQt6"]\n    node_venv_lib_python3_12_site-packages_PyQt6 --> node_venv_lib_python3_12_site-packages_PyQt6_Qt6["Qt6"]\n    node_venv_lib_python3_12_site-packages_PyQt6_Qt6 --> node_venv_lib_python3_12_site-packages_PyQt6_Qt6_lib["lib"]\n    node_venv_lib_python3_12_site-packages_PyQt6_Qt6_lib --> node_venv_lib_python3_12_site-packages_PyQt6_Qt6_lib_QtGui_framework["QtGui.framework"]\n    node_venv_lib_python3_12_site-packages_PyQt6_Qt6_lib_QtGui_framework --> node_venv_lib_python3_12_site-packages_PyQt6_Qt6_lib_QtGui_framework_Resources["Resources"]\n    node_venv_lib_python3_12_site-packages_PyQt6_Qt6_lib_QtGui_framework_Resources --> node_venv_lib_python3_12_site-packages_PyQt6_Qt6_lib_QtGui_framework_Resources_PrivacyInfo_xcprivacy["PrivacyInfo.xcprivacy"]\n    Root --> node_venv["venv"]\n    node_venv --> node_venv_lib["lib"]\n    node_venv_lib --> node_venv_lib_python3_12["python3.12"]\n    node_venv_lib_python3_12 --> node_venv_lib_python3_12_site-packages["site-packages"]\n    node_venv_lib_python3_12_site-packages --> node_venv_lib_python3_12_site-packages_PyQt6["PyQt6"]\n    node_venv_lib_python3_12_site-packages_PyQt6 --> node_venv_lib_python3_12_site-packages_PyQt6_Qt6["Qt6"]\n    node_venv_lib_python3_12_site-packages_PyQt6_Qt6 --> node_venv_lib_python3_12_site-packages_PyQt6_Qt6_lib["lib"]\n    node_venv_lib_python3_12_site-packages_PyQt6_Qt6_lib --> node_venv_lib_python3_12_site-packages_PyQt6_Qt6_lib_QtGui_framework["QtGui.framework"]\n    node_venv_lib_python3_12_site-packages_PyQt6_Qt6_lib_QtGui_framework --> node_venv_lib_python3_12_site-packages_PyQt6_Qt6_lib_QtGui_framework_Versions["Versions"]\n    node_venv_lib_python3_12_site-packages_PyQt6_Qt6_lib_QtGui_framework_Versions --> node_venv_lib_python3_12_site-packages_PyQt6_Qt6_lib_QtGui_framework_Versions_A["A"]\n    node_venv_lib_python3_12_site-packages_PyQt6_Qt6_lib_QtGui_framework_Versions_A --> node_venv_lib_python3_12_site-packages_PyQt6_Qt6_lib_QtGui_framework_Versions_A_QtGui["QtGui"]\n    Root --> node_venv["venv"]\n    node_venv --> node_venv_lib["lib"]\n    node_venv_lib --> node_venv_lib_python3_12["python3.12"]\n    node_venv_lib_python3_12 --> node_venv_lib_python3_12_site-packages["site-packages"]\n    node_venv_lib_python3_12_site-packages --> node_venv_lib_python3_12_site-packages_PyQt6["PyQt6"]\n    node_venv_lib_python3_12_site-packages_PyQt6 --> node_venv_lib_python3_12_site-packages_PyQt6_Qt6["Qt6"]\n    node_venv_lib_python3_12_site-packages_PyQt6_Qt6 --> node_venv_lib_python3_12_site-packages_PyQt6_Qt6_lib["lib"]\n    node_venv_lib_python3_12_site-packages_PyQt6_Qt6_lib --> node_venv_lib_python3_12_site-packages_PyQt6_Qt6_lib_QtDBus_framework["QtDBus.framework"]\n    node_venv_lib_python3_12_site-packages_PyQt6_Qt6_lib_QtDBus_framework --> node_venv_lib_python3_12_site-packages_PyQt6_Qt6_lib_QtDBus_framework_Resources["Resources"]\n    node_venv_lib_python3_12_site-packages_PyQt6_Qt6_lib_QtDBus_framework_Resources --> node_venv_lib_python3_12_site-packages_PyQt6_Qt6_lib_QtDBus_framework_Resources_Info_plist["Info.plist"]\n    Root --> node_venv["venv"]\n    node_venv --> node_venv_lib["lib"]\n    node_venv_lib --> node_venv_lib_python3_12["python3.12"]\n    node_venv_lib_python3_12 --> node_venv_lib_python3_12_site-packages["site-packages"]\n    node_venv_lib_python3_12_site-packages --> node_venv_lib_python3_12_site-packages_PyQt6["PyQt6"]\n    node_venv_lib_python3_12_site-packages_PyQt6 --> node_venv_lib_python3_12_site-packages_PyQt6_Qt6["Qt6"]\n    node_venv_lib_python3_12_site-packages_PyQt6_Qt6 --> node_venv_lib_python3_12_site-packages_PyQt6_Qt6_lib["lib"]\n    node_venv_lib_python3_12_site-packages_PyQt6_Qt6_lib --> node_venv_lib_python3_12_site-packages_PyQt6_Qt6_lib_QtDBus_framework["QtDBus.framework"]\n    node_venv_lib_python3_12_site-packages_PyQt6_Qt6_lib_QtDBus_framework --> node_venv_lib_python3_12_site-packages_PyQt6_Qt6_lib_QtDBus_framework_Resources["Resources"]\n    node_venv_lib_python3_12_site-packages_PyQt6_Qt6_lib_QtDBus_framework_Resources --> node_venv_lib_python3_12_site-packages_PyQt6_Qt6_lib_QtDBus_framework_Resources_PrivacyInfo_xcprivacy["PrivacyInfo.xcprivacy"]\n    Root --> node_venv["venv"]\n    node_venv --> node_venv_lib["lib"]\n    node_venv_lib --> node_venv_lib_python3_12["python3.12"]\n    node_venv_lib_python3_12 --> node_venv_lib_python3_12_site-packages["site-packages"]\n    node_venv_lib_python3_12_site-packages --> node_venv_lib_python3_12_site-packages_PyQt6["PyQt6"]\n    node_venv_lib_python3_12_site-packages_PyQt6 --> node_venv_lib_python3_12_site-packages_PyQt6_Qt6["Qt6"]\n    node_venv_lib_python3_12_site-packages_PyQt6_Qt6 --> node_venv_lib_python3_12_site-packages_PyQt6_Qt6_lib["lib"]\n    node_venv_lib_python3_12_site-packages_PyQt6_Qt6_lib --> node_venv_lib_python3_12_site-packages_PyQt6_Qt6_lib_QtDBus_framework["QtDBus.framework"]\n    node_venv_lib_python3_12_site-packages_PyQt6_Qt6_lib_QtDBus_framework --> node_venv_lib_python3_12_site-packages_PyQt6_Qt6_lib_QtDBus_framework_Versions["Versions"]\n    node_venv_lib_python3_12_site-packages_PyQt6_Qt6_lib_QtDBus_framework_Versions --> node_venv_lib_python3_12_site-packages_PyQt6_Qt6_lib_QtDBus_framework_Versions_A["A"]\n    node_venv_lib_python3_12_site-packages_PyQt6_Qt6_lib_QtDBus_framework_Versions_A --> node_venv_lib_python3_12_site-packages_PyQt6_Qt6_lib_QtDBus_framework_Versions_A_QtDBus["QtDBus"]\n    Root --> node_venv["venv"]\n    node_venv --> node_venv_lib["lib"]\n    node_venv_lib --> node_venv_lib_python3_12["python3.12"]\n    node_venv_lib_python3_12 --> node_venv_lib_python3_12_site-packages["site-packages"]\n    node_venv_lib_python3_12_site-packages --> node_venv_lib_python3_12_site-packages_PyQt6["PyQt6"]\n    node_venv_lib_python3_12_site-packages_PyQt6 --> node_venv_lib_python3_12_site-packages_PyQt6_Qt6["Qt6"]\n    node_venv_lib_python3_12_site-packages_PyQt6_Qt6 --> node_venv_lib_python3_12_site-packages_PyQt6_Qt6_lib["lib"]\n    node_venv_lib_python3_12_site-packages_PyQt6_Qt6_lib --> node_venv_lib_python3_12_site-packages_PyQt6_Qt6_lib_QtWebSockets_framework["QtWebSockets.framework"]\n    node_venv_lib_python3_12_site-packages_PyQt6_Qt6_lib_QtWebSockets_framework --> node_venv_lib_python3_12_site-packages_PyQt6_Qt6_lib_QtWebSockets_framework_Resources["Resources"]\n    node_venv_lib_python3_12_site-packages_PyQt6_Qt6_lib_QtWebSockets_framework_Resources --> node_venv_lib_python3_12_site-packages_PyQt6_Qt6_lib_QtWebSockets_framework_Resources_Info_plist["Info.plist"]\n    Root --> node_venv["venv"]\n    node_venv --> node_venv_lib["lib"]\n    node_venv_lib --> node_venv_lib_python3_12["python3.12"]\n    node_venv_lib_python3_12 --> node_venv_lib_python3_12_site-packages["site-packages"]\n    node_venv_lib_python3_12_site-packages --> node_venv_lib_python3_12_site-packages_PyQt6["PyQt6"]\n    node_venv_lib_python3_12_site-packages_PyQt6 --> node_venv_lib_python3_12_site-packages_PyQt6_Qt6["Qt6"]\n    node_venv_lib_python3_12_site-packages_PyQt6_Qt6 --> node_venv_lib_python3_12_site-packages_PyQt6_Qt6_lib["lib"]\n    node_venv_lib_python3_12_site-packages_PyQt6_Qt6_lib --> node_venv_lib_python3_12_site-packages_PyQt6_Qt6_lib_QtWebSockets_framework["QtWebSockets.framework"]\n    node_venv_lib_python3_12_site-packages_PyQt6_Qt6_lib_QtWebSockets_framework --> node_venv_lib_python3_12_site-packages_PyQt6_Qt6_lib_QtWebSockets_framework_Resources["Resources"]\n    node_venv_lib_python3_12_site-packages_PyQt6_Qt6_lib_QtWebSockets_framework_Resources --> node_venv_lib_python3_12_site-packages_PyQt6_Qt6_lib_QtWebSockets_framework_Resources_PrivacyInfo_xcprivacy["PrivacyInfo.xcprivacy"]\n    Root --> node_venv["venv"]\n    node_venv --> node_venv_lib["lib"]\n    node_venv_lib --> node_venv_lib_python3_12["python3.12"]\n    node_venv_lib_python3_12 --> node_venv_lib_python3_12_site-packages["site-packages"]\n    node_venv_lib_python3_12_site-packages --> node_venv_lib_python3_12_site-packages_PyQt6["PyQt6"]\n    node_venv_lib_python3_12_site-packages_PyQt6 --> node_venv_lib_python3_12_site-packages_PyQt6_Qt6["Qt6"]\n    node_venv_lib_python3_12_site-packages_PyQt6_Qt6 --> node_venv_lib_python3_12_site-packages_PyQt6_Qt6_lib["lib"]\n    node_venv_lib_python3_12_site-packages_PyQt6_Qt6_lib --> node_venv_lib_python3_12_site-packages_PyQt6_Qt6_lib_QtWebSockets_framework["QtWebSockets.framework"]\n    node_venv_lib_python3_12_site-packages_PyQt6_Qt6_lib_QtWebSockets_framework --> node_venv_lib_python3_12_site-packages_PyQt6_Qt6_lib_QtWebSockets_framework_Versions["Versions"]\n    node_venv_lib_python3_12_site-packages_PyQt6_Qt6_lib_QtWebSockets_framework_Versions --> node_venv_lib_python3_12_site-packages_PyQt6_Qt6_lib_QtWebSockets_framework_Versions_A["A"]\n    node_venv_lib_python3_12_site-packages_PyQt6_Qt6_lib_QtWebSockets_framework_Versions_A --> node_venv_lib_python3_12_site-packages_PyQt6_Qt6_lib_QtWebSockets_framework_Versions_A_QtWebSockets["QtWebSockets"]\n    Root --> node_venv["venv"]\n    node_venv --> node_venv_lib["lib"]\n    node_venv_lib --> node_venv_lib_python3_12["python3.12"]\n    node_venv_lib_python3_12 --> node_venv_lib_python3_12_site-packages["site-packages"]\n    node_venv_lib_python3_12_site-packages --> node_venv_lib_python3_12_site-packages_PyQt6["PyQt6"]\n    node_venv_lib_python3_12_site-packages_PyQt6 --> node_venv_lib_python3_12_site-packages_PyQt6_Qt6["Qt6"]\n    node_venv_lib_python3_12_site-packages_PyQt6_Qt6 --> node_venv_lib_python3_12_site-packages_PyQt6_Qt6_lib["lib"]\n    node_venv_lib_python3_12_site-packages_PyQt6_Qt6_lib --> node_venv_lib_python3_12_site-packages_PyQt6_Qt6_lib_QtQuickControls2Fusion_framework["QtQuickControls2Fusion.framework"]\n    node_venv_lib_python3_12_site-packages_PyQt6_Qt6_lib_QtQuickControls2Fusion_framework --> node_venv_lib_python3_12_site-packages_PyQt6_Qt6_lib_QtQuickControls2Fusion_framework_Resources["Resources"]\n    node_venv_lib_python3_12_site-packages_PyQt6_Qt6_lib_QtQuickControls2Fusion_framework_Resources --> node_venv_lib_python3_12_site-packages_PyQt6_Qt6_lib_QtQuickControls2Fusion_framework_Resources_Info_plist["Info.plist"]\n    Root --> node_venv["venv"]\n    node_venv --> node_venv_lib["lib"]\n    node_venv_lib --> node_venv_lib_python3_12["python3.12"]\n    node_venv_lib_python3_12 --> node_venv_lib_python3_12_site-packages["site-packages"]\n    node_venv_lib_python3_12_site-packages --> node_venv_lib_python3_12_site-packages_PyQt6["PyQt6"]\n    node_venv_lib_python3_12_site-packages_PyQt6 --> node_venv_lib_python3_12_site-packages_PyQt6_Qt6["Qt6"]\n    node_venv_lib_python3_12_site-packages_PyQt6_Qt6 --> node_venv_lib_python3_12_site-packages_PyQt6_Qt6_lib["lib"]\n    node_venv_lib_python3_12_site-packages_PyQt6_Qt6_lib --> node_venv_lib_python3_12_site-packages_PyQt6_Qt6_lib_QtQuickControls2Fusion_framework["QtQuickControls2Fusion.framework"]\n    node_venv_lib_python3_12_site-packages_PyQt6_Qt6_lib_QtQuickControls2Fusion_framework --> node_venv_lib_python3_12_site-packages_PyQt6_Qt6_lib_QtQuickControls2Fusion_framework_Resources["Resources"]\n    node_venv_lib_python3_12_site-packages_PyQt6_Qt6_lib_QtQuickControls2Fusion_framework_Resources --> node_venv_lib_python3_12_site-packages_PyQt6_Qt6_lib_QtQuickControls2Fusion_framework_Resources_PrivacyInfo_xcprivacy["PrivacyInfo.xcprivacy"]\n    Root --> node_venv["venv"]\n    node_venv --> node_venv_lib["lib"]\n    node_venv_lib --> node_venv_lib_python3_12["python3.12"]\n    node_venv_lib_python3_12 --> node_venv_lib_python3_12_site-packages["site-packages"]\n    node_venv_lib_python3_12_site-packages --> node_venv_lib_python3_12_site-packages_PyQt6["PyQt6"]\n    node_venv_lib_python3_12_site-packages_PyQt6 --> node_venv_lib_python3_12_site-packages_PyQt6_Qt6["Qt6"]\n    node_venv_lib_python3_12_site-packages_PyQt6_Qt6 --> node_venv_lib_python3_12_site-packages_PyQt6_Qt6_lib["lib"]\n    node_venv_lib_python3_12_site-packages_PyQt6_Qt6_lib --> node_venv_lib_python3_12_site-packages_PyQt6_Qt6_lib_QtQuickControls2Fusion_framework["QtQuickControls2Fusion.framework"]\n    node_venv_lib_python3_12_site-packages_PyQt6_Qt6_lib_QtQuickControls2Fusion_framework --> node_venv_lib_python3_12_site-packages_PyQt6_Qt6_lib_QtQuickControls2Fusion_framework_Versions["Versions"]\n    node_venv_lib_python3_12_site-packages_PyQt6_Qt6_lib_QtQuickControls2Fusion_framework_Versions --> node_venv_lib_python3_12_site-packages_PyQt6_Qt6_lib_QtQuickControls2Fusion_framework_Versions_A["A"]\n    node_venv_lib_python3_12_site-packages_PyQt6_Qt6_lib_QtQuickControls2Fusion_framework_Versions_A --> node_venv_lib_python3_12_site-packages_PyQt6_Qt6_lib_QtQuickControls2Fusion_framework_Versions_A_QtQuickControls2Fusion["QtQuickControls2Fusion"]\n    Root --> node_venv["venv"]\n    node_venv --> node_venv_lib["lib"]\n    node_venv_lib --> node_venv_lib_python3_12["python3.12"]\n    node_venv_lib_python3_12 --> node_venv_lib_python3_12_site-packages["site-packages"]\n    node_venv_lib_python3_12_site-packages --> node_venv_lib_python3_12_site-packages_PyQt6["PyQt6"]\n    node_venv_lib_python3_12_site-packages_PyQt6 --> node_venv_lib_python3_12_site-packages_PyQt6_Qt6["Qt6"]\n    node_venv_lib_python3_12_site-packages_PyQt6_Qt6 --> node_venv_lib_python3_12_site-packages_PyQt6_Qt6_lib["lib"]\n    node_venv_lib_python3_12_site-packages_PyQt6_Qt6_lib --> node_venv_lib_python3_12_site-packages_PyQt6_Qt6_lib_QtQuick3DUtils_framework["QtQuick3DUtils.framework"]\n    node_venv_lib_python3_12_site-packages_PyQt6_Qt6_lib_QtQuick3DUtils_framework --> node_venv_lib_python3_12_site-packages_PyQt6_Qt6_lib_QtQuick3DUtils_framework_Resources["Resources"]\n    node_venv_lib_python3_12_site-packages_PyQt6_Qt6_lib_QtQuick3DUtils_framework_Resources --> node_venv_lib_python3_12_site-packages_PyQt6_Qt6_lib_QtQuick3DUtils_framework_Resources_Info_plist["Info.plist"]\n    Root --> node_venv["venv"]\n    node_venv --> node_venv_lib["lib"]\n    node_venv_lib --> node_venv_lib_python3_12["python3.12"]\n    node_venv_lib_python3_12 --> node_venv_lib_python3_12_site-packages["site-packages"]\n    node_venv_lib_python3_12_site-packages --> node_venv_lib_python3_12_site-packages_PyQt6["PyQt6"]\n    node_venv_lib_python3_12_site-packages_PyQt6 --> node_venv_lib_python3_12_site-packages_PyQt6_Qt6["Qt6"]\n    node_venv_lib_python3_12_site-packages_PyQt6_Qt6 --> node_venv_lib_python3_12_site-packages_PyQt6_Qt6_lib["lib"]\n    node_venv_lib_python3_12_site-packages_PyQt6_Qt6_lib --> node_venv_lib_python3_12_site-packages_PyQt6_Qt6_lib_QtQuick3DUtils_framework["QtQuick3DUtils.framework"]\n    node_venv_lib_python3_12_site-packages_PyQt6_Qt6_lib_QtQuick3DUtils_framework --> node_venv_lib_python3_12_site-packages_PyQt6_Qt6_lib_QtQuick3DUtils_framework_Resources["Resources"]\n    node_venv_lib_python3_12_site-packages_PyQt6_Qt6_lib_QtQuick3DUtils_framework_Resources --> node_venv_lib_python3_12_site-packages_PyQt6_Qt6_lib_QtQuick3DUtils_framework_Resources_PrivacyInfo_xcprivacy["PrivacyInfo.xcprivacy"]\n    Root --> node_venv["venv"]\n    node_venv --> node_venv_lib["lib"]\n    node_venv_lib --> node_venv_lib_python3_12["python3.12"]\n    node_venv_lib_python3_12 --> node_venv_lib_python3_12_site-packages["site-packages"]\n    node_venv_lib_python3_12_site-packages --> node_venv_lib_python3_12_site-packages_PyQt6["PyQt6"]\n    node_venv_lib_python3_12_site-packages_PyQt6 --> node_venv_lib_python3_12_site-packages_PyQt6_Qt6["Qt6"]\n    node_venv_lib_python3_12_site-packages_PyQt6_Qt6 --> node_venv_lib_python3_12_site-packages_PyQt6_Qt6_lib["lib"]\n    node_venv_lib_python3_12_site-packages_PyQt6_Qt6_lib --> node_venv_lib_python3_12_site-packages_PyQt6_Qt6_lib_QtQuick3DUtils_framework["QtQuick3DUtils.framework"]\n    node_venv_lib_python3_12_site-packages_PyQt6_Qt6_lib_QtQuick3DUtils_framework --> node_venv_lib_python3_12_site-packages_PyQt6_Qt6_lib_QtQuick3DUtils_framework_Versions["Versions"]\n    node_venv_lib_python3_12_site-packages_PyQt6_Qt6_lib_QtQuick3DUtils_framework_Versions --> node_venv_lib_python3_12_site-packages_PyQt6_Qt6_lib_QtQuick3DUtils_framework_Versions_A["A"]\n    node_venv_lib_python3_12_site-packages_PyQt6_Qt6_lib_QtQuick3DUtils_framework_Versions_A --> node_venv_lib_python3_12_site-packages_PyQt6_Qt6_lib_QtQuick3DUtils_framework_Versions_A_QtQuick3DUtils["QtQuick3DUtils"]\n    Root --> node_venv["venv"]\n    node_venv --> node_venv_lib["lib"]\n    node_venv_lib --> node_venv_lib_python3_12["python3.12"]\n    node_venv_lib_python3_12 --> node_venv_lib_python3_12_site-packages["site-packages"]\n    node_venv_lib_python3_12_site-packages --> node_venv_lib_python3_12_site-packages_PyQt6["PyQt6"]\n    node_venv_lib_python3_12_site-packages_PyQt6 --> node_venv_lib_python3_12_site-packages_PyQt6_Qt6["Qt6"]\n    node_venv_lib_python3_12_site-packages_PyQt6_Qt6 --> node_venv_lib_python3_12_site-packages_PyQt6_Qt6_lib["lib"]\n    node_venv_lib_python3_12_site-packages_PyQt6_Qt6_lib --> node_venv_lib_python3_12_site-packages_PyQt6_Qt6_lib_QtQuickTemplates2_framework["QtQuickTemplates2.framework"]\n    node_venv_lib_python3_12_site-packages_PyQt6_Qt6_lib_QtQuickTemplates2_framework --> node_venv_lib_python3_12_site-packages_PyQt6_Qt6_lib_QtQuickTemplates2_framework_Resources["Resources"]\n    node_venv_lib_python3_12_site-packages_PyQt6_Qt6_lib_QtQuickTemplates2_framework_Resources --> node_venv_lib_python3_12_site-packages_PyQt6_Qt6_lib_QtQuickTemplates2_framework_Resources_Info_plist["Info.plist"]\n    Root --> node_venv["venv"]\n    node_venv --> node_venv_lib["lib"]\n    node_venv_lib --> node_venv_lib_python3_12["python3.12"]\n    node_venv_lib_python3_12 --> node_venv_lib_python3_12_site-packages["site-packages"]\n    node_venv_lib_python3_12_site-packages --> node_venv_lib_python3_12_site-packages_PyQt6["PyQt6"]\n    node_venv_lib_python3_12_site-packages_PyQt6 --> node_venv_lib_python3_12_site-packages_PyQt6_Qt6["Qt6"]\n    node_venv_lib_python3_12_site-packages_PyQt6_Qt6 --> node_venv_lib_python3_12_site-packages_PyQt6_Qt6_lib["lib"]\n    node_venv_lib_python3_12_site-packages_PyQt6_Qt6_lib --> node_venv_lib_python3_12_site-packages_PyQt6_Qt6_lib_QtQuickTemplates2_framework["QtQuickTemplates2.framework"]\n    node_venv_lib_python3_12_site-packages_PyQt6_Qt6_lib_QtQuickTemplates2_framework --> node_venv_lib_python3_12_site-packages_PyQt6_Qt6_lib_QtQuickTemplates2_framework_Resources["Resources"]\n    node_venv_lib_python3_12_site-packages_PyQt6_Qt6_lib_QtQuickTemplates2_framework_Resources --> node_venv_lib_python3_12_site-packages_PyQt6_Qt6_lib_QtQuickTemplates2_framework_Resources_PrivacyInfo_xcprivacy["PrivacyInfo.xcprivacy"]\n    Root --> node_venv["venv"]\n    node_venv --> node_venv_lib["lib"]\n    node_venv_lib --> node_venv_lib_python3_12["python3.12"]\n    node_venv_lib_python3_12 --> node_venv_lib_python3_12_site-packages["site-packages"]\n    node_venv_lib_python3_12_site-packages --> node_venv_lib_python3_12_site-packages_PyQt6["PyQt6"]\n    node_venv_lib_python3_12_site-packages_PyQt6 --> node_venv_lib_python3_12_site-packages_PyQt6_Qt6["Qt6"]\n    node_venv_lib_python3_12_site-packages_PyQt6_Qt6 --> node_venv_lib_python3_12_site-packages_PyQt6_Qt6_lib["lib"]\n    node_venv_lib_python3_12_site-packages_PyQt6_Qt6_lib --> node_venv_lib_python3_12_site-packages_PyQt6_Qt6_lib_QtQuickTemplates2_framework["QtQuickTemplates2.framework"]\n    node_venv_lib_python3_12_site-packages_PyQt6_Qt6_lib_QtQuickTemplates2_framework --> node_venv_lib_python3_12_site-packages_PyQt6_Qt6_lib_QtQuickTemplates2_framework_Versions["Versions"]\n    node_venv_lib_python3_12_site-packages_PyQt6_Qt6_lib_QtQuickTemplates2_framework_Versions --> node_venv_lib_python3_12_site-packages_PyQt6_Qt6_lib_QtQuickTemplates2_framework_Versions_A["A"]\n    node_venv_lib_python3_12_site-packages_PyQt6_Qt6_lib_QtQuickTemplates2_framework_Versions_A --> node_venv_lib_python3_12_site-packages_PyQt6_Qt6_lib_QtQuickTemplates2_framework_Versions_A_QtQuickTemplates2["QtQuickTemplates2"]\n    Root --> node_venv["venv"]\n    node_venv --> node_venv_lib["lib"]\n    node_venv_lib --> node_venv_lib_python3_12["python3.12"]\n    node_venv_lib_python3_12 --> node_venv_lib_python3_12_site-packages["site-packages"]\n    node_venv_lib_python3_12_site-packages --> node_venv_lib_python3_12_site-packages_PyQt6["PyQt6"]\n    node_venv_lib_python3_12_site-packages_PyQt6 --> node_venv_lib_python3_12_site-packages_PyQt6_Qt6["Qt6"]\n    node_venv_lib_python3_12_site-packages_PyQt6_Qt6 --> node_venv_lib_python3_12_site-packages_PyQt6_Qt6_lib["lib"]\n    node_venv_lib_python3_12_site-packages_PyQt6_Qt6_lib --> node_venv_lib_python3_12_site-packages_PyQt6_Qt6_lib_QtPositioningQuick_framework["QtPositioningQuick.framework"]\n    node_venv_lib_python3_12_site-packages_PyQt6_Qt6_lib_QtPositioningQuick_framework --> node_venv_lib_python3_12_site-packages_PyQt6_Qt6_lib_QtPositioningQuick_framework_Resources["Resources"]\n    node_venv_lib_python3_12_site-packages_PyQt6_Qt6_lib_QtPositioningQuick_framework_Resources --> node_venv_lib_python3_12_site-packages_PyQt6_Qt6_lib_QtPositioningQuick_framework_Resources_Info_plist["Info.plist"]\n    Root --> node_venv["venv"]\n    node_venv --> node_venv_lib["lib"]\n    node_venv_lib --> node_venv_lib_python3_12["python3.12"]\n    node_venv_lib_python3_12 --> node_venv_lib_python3_12_site-packages["site-packages"]\n    node_venv_lib_python3_12_site-packages --> node_venv_lib_python3_12_site-packages_PyQt6["PyQt6"]\n    node_venv_lib_python3_12_site-packages_PyQt6 --> node_venv_lib_python3_12_site-packages_PyQt6_Qt6["Qt6"]\n    node_venv_lib_python3_12_site-packages_PyQt6_Qt6 --> node_venv_lib_python3_12_site-packages_PyQt6_Qt6_lib["lib"]\n    node_venv_lib_python3_12_site-packages_PyQt6_Qt6_lib --> node_venv_lib_python3_12_site-packages_PyQt6_Qt6_lib_QtPositioningQuick_framework["QtPositioningQuick.framework"]\n    node_venv_lib_python3_12_site-packages_PyQt6_Qt6_lib_QtPositioningQuick_framework --> node_venv_lib_python3_12_site-packages_PyQt6_Qt6_lib_QtPositioningQuick_framework_Resources["Resources"]\n    node_venv_lib_python3_12_site-packages_PyQt6_Qt6_lib_QtPositioningQuick_framework_Resources --> node_venv_lib_python3_12_site-packages_PyQt6_Qt6_lib_QtPositioningQuick_framework_Resources_PrivacyInfo_xcprivacy["PrivacyInfo.xcprivacy"]\n    Root --> node_venv["venv"]\n    node_venv --> node_venv_lib["lib"]\n    node_venv_lib --> node_venv_lib_python3_12["python3.12"]\n    node_venv_lib_python3_12 --> node_venv_lib_python3_12_site-packages["site-packages"]\n    node_venv_lib_python3_12_site-packages --> node_venv_lib_python3_12_site-packages_PyQt6["PyQt6"]\n    node_venv_lib_python3_12_site-packages_PyQt6 --> node_venv_lib_python3_12_site-packages_PyQt6_Qt6["Qt6"]\n    node_venv_lib_python3_12_site-packages_PyQt6_Qt6 --> node_venv_lib_python3_12_site-packages_PyQt6_Qt6_lib["lib"]\n    node_venv_lib_python3_12_site-packages_PyQt6_Qt6_lib --> node_venv_lib_python3_12_site-packages_PyQt6_Qt6_lib_QtPositioningQuick_framework["QtPositioningQuick.framework"]\n    node_venv_lib_python3_12_site-packages_PyQt6_Qt6_lib_QtPositioningQuick_framework --> node_venv_lib_python3_12_site-packages_PyQt6_Qt6_lib_QtPositioningQuick_framework_Versions["Versions"]\n    node_venv_lib_python3_12_site-packages_PyQt6_Qt6_lib_QtPositioningQuick_framework_Versions --> node_venv_lib_python3_12_site-packages_PyQt6_Qt6_lib_QtPositioningQuick_framework_Versions_A["A"]\n    node_venv_lib_python3_12_site-packages_PyQt6_Qt6_lib_QtPositioningQuick_framework_Versions_A --> node_venv_lib_python3_12_site-packages_PyQt6_Qt6_lib_QtPositioningQuick_framework_Versions_A_QtPositioningQuick["QtPositioningQuick"]\n    Root --> node_venv["venv"]\n    node_venv --> node_venv_lib["lib"]\n    node_venv_lib --> node_venv_lib_python3_12["python3.12"]\n    node_venv_lib_python3_12 --> node_venv_lib_python3_12_site-packages["site-packages"]\n    node_venv_lib_python3_12_site-packages --> node_venv_lib_python3_12_site-packages_PyQt6["PyQt6"]\n    node_venv_lib_python3_12_site-packages_PyQt6 --> node_venv_lib_python3_12_site-packages_PyQt6_Qt6["Qt6"]\n    node_venv_lib_python3_12_site-packages_PyQt6_Qt6 --> node_venv_lib_python3_12_site-packages_PyQt6_Qt6_lib["lib"]\n    node_venv_lib_python3_12_site-packages_PyQt6_Qt6_lib --> node_venv_lib_python3_12_site-packages_PyQt6_Qt6_lib_QtQuickDialogs2Utils_framework["QtQuickDialogs2Utils.framework"]\n    node_venv_lib_python3_12_site-packages_PyQt6_Qt6_lib_QtQuickDialogs2Utils_framework --> node_venv_lib_python3_12_site-packages_PyQt6_Qt6_lib_QtQuickDialogs2Utils_framework_Resources["Resources"]\n    node_venv_lib_python3_12_site-packages_PyQt6_Qt6_lib_QtQuickDialogs2Utils_framework_Resources --> node_venv_lib_python3_12_site-packages_PyQt6_Qt6_lib_QtQuickDialogs2Utils_framework_Resources_Info_plist["Info.plist"]\n    Root --> node_venv["venv"]\n    node_venv --> node_venv_lib["lib"]\n    node_venv_lib --> node_venv_lib_python3_12["python3.12"]\n    node_venv_lib_python3_12 --> node_venv_lib_python3_12_site-packages["site-packages"]\n    node_venv_lib_python3_12_site-packages --> node_venv_lib_python3_12_site-packages_PyQt6["PyQt6"]\n    node_venv_lib_python3_12_site-packages_PyQt6 --> node_venv_lib_python3_12_site-packages_PyQt6_Qt6["Qt6"]\n    node_venv_lib_python3_12_site-packages_PyQt6_Qt6 --> node_venv_lib_python3_12_site-packages_PyQt6_Qt6_lib["lib"]\n    node_venv_lib_python3_12_site-packages_PyQt6_Qt6_lib --> node_venv_lib_python3_12_site-packages_PyQt6_Qt6_lib_QtQuickDialogs2Utils_framework["QtQuickDialogs2Utils.framework"]\n    node_venv_lib_python3_12_site-packages_PyQt6_Qt6_lib_QtQuickDialogs2Utils_framework --> node_venv_lib_python3_12_site-packages_PyQt6_Qt6_lib_QtQuickDialogs2Utils_framework_Resources["Resources"]\n    node_venv_lib_python3_12_site-packages_PyQt6_Qt6_lib_QtQuickDialogs2Utils_framework_Resources --> node_venv_lib_python3_12_site-packages_PyQt6_Qt6_lib_QtQuickDialogs2Utils_framework_Resources_PrivacyInfo_xcprivacy["PrivacyInfo.xcprivacy"]\n    Root --> node_venv["venv"]\n    node_venv --> node_venv_lib["lib"]\n    node_venv_lib --> node_venv_lib_python3_12["python3.12"]\n    node_venv_lib_python3_12 --> node_venv_lib_python3_12_site-packages["site-packages"]\n    node_venv_lib_python3_12_site-packages --> node_venv_lib_python3_12_site-packages_PyQt6["PyQt6"]\n    node_venv_lib_python3_12_site-packages_PyQt6 --> node_venv_lib_python3_12_site-packages_PyQt6_Qt6["Qt6"]\n    node_venv_lib_python3_12_site-packages_PyQt6_Qt6 --> node_venv_lib_python3_12_site-packages_PyQt6_Qt6_lib["lib"]\n    node_venv_lib_python3_12_site-packages_PyQt6_Qt6_lib --> node_venv_lib_python3_12_site-packages_PyQt6_Qt6_lib_QtQuickDialogs2Utils_framework["QtQuickDialogs2Utils.framework"]\n    node_venv_lib_python3_12_site-packages_PyQt6_Qt6_lib_QtQuickDialogs2Utils_framework --> node_venv_lib_python3_12_site-packages_PyQt6_Qt6_lib_QtQuickDialogs2Utils_framework_Versions["Versions"]\n    node_venv_lib_python3_12_site-packages_PyQt6_Qt6_lib_QtQuickDialogs2Utils_framework_Versions --> node_venv_lib_python3_12_site-packages_PyQt6_Qt6_lib_QtQuickDialogs2Utils_framework_Versions_A["A"]\n    node_venv_lib_python3_12_site-packages_PyQt6_Qt6_lib_QtQuickDialogs2Utils_framework_Versions_A --> node_venv_lib_python3_12_site-packages_PyQt6_Qt6_lib_QtQuickDialogs2Utils_framework_Versions_A_QtQuickDialogs2Utils["QtQuickDialogs2Utils"]\n    Root --> node_venv["venv"]\n    node_venv --> node_venv_lib["lib"]\n    node_venv_lib --> node_venv_lib_python3_12["python3.12"]\n    node_venv_lib_python3_12 --> node_venv_lib_python3_12_site-packages["site-packages"]\n    node_venv_lib_python3_12_site-packages --> node_venv_lib_python3_12_site-packages_PyQt6["PyQt6"]\n    node_venv_lib_python3_12_site-packages_PyQt6 --> node_venv_lib_python3_12_site-packages_PyQt6_Qt6["Qt6"]\n    node_venv_lib_python3_12_site-packages_PyQt6_Qt6 --> node_venv_lib_python3_12_site-packages_PyQt6_Qt6_lib["lib"]\n    node_venv_lib_python3_12_site-packages_PyQt6_Qt6_lib --> node_venv_lib_python3_12_site-packages_PyQt6_Qt6_lib_QtXml_framework["QtXml.framework"]\n    node_venv_lib_python3_12_site-packages_PyQt6_Qt6_lib_QtXml_framework --> node_venv_lib_python3_12_site-packages_PyQt6_Qt6_lib_QtXml_framework_Resources["Resources"]\n    node_venv_lib_python3_12_site-packages_PyQt6_Qt6_lib_QtXml_framework_Resources --> node_venv_lib_python3_12_site-packages_PyQt6_Qt6_lib_QtXml_framework_Resources_Info_plist["Info.plist"]\n    Root --> node_venv["venv"]\n    node_venv --> node_venv_lib["lib"]\n    node_venv_lib --> node_venv_lib_python3_12["python3.12"]\n    node_venv_lib_python3_12 --> node_venv_lib_python3_12_site-packages["site-packages"]\n    node_venv_lib_python3_12_site-packages --> node_venv_lib_python3_12_site-packages_PyQt6["PyQt6"]\n    node_venv_lib_python3_12_site-packages_PyQt6 --> node_venv_lib_python3_12_site-packages_PyQt6_Qt6["Qt6"]\n    node_venv_lib_python3_12_site-packages_PyQt6_Qt6 --> node_venv_lib_python3_12_site-packages_PyQt6_Qt6_lib["lib"]\n    node_venv_lib_python3_12_site-packages_PyQt6_Qt6_lib --> node_venv_lib_python3_12_site-packages_PyQt6_Qt6_lib_QtXml_framework["QtXml.framework"]\n    node_venv_lib_python3_12_site-packages_PyQt6_Qt6_lib_QtXml_framework --> node_venv_lib_python3_12_site-packages_PyQt6_Qt6_lib_QtXml_framework_Resources["Resources"]\n    node_venv_lib_python3_12_site-packages_PyQt6_Qt6_lib_QtXml_framework_Resources --> node_venv_lib_python3_12_site-packages_PyQt6_Qt6_lib_QtXml_framework_Resources_PrivacyInfo_xcprivacy["PrivacyInfo.xcprivacy"]\n    Root --> node_venv["venv"]\n    node_venv --> node_venv_lib["lib"]\n    node_venv_lib --> node_venv_lib_python3_12["python3.12"]\n    node_venv_lib_python3_12 --> node_venv_lib_python3_12_site-packages["site-packages"]\n    node_venv_lib_python3_12_site-packages --> node_venv_lib_python3_12_site-packages_PyQt6["PyQt6"]\n    node_venv_lib_python3_12_site-packages_PyQt6 --> node_venv_lib_python3_12_site-packages_PyQt6_Qt6["Qt6"]\n    node_venv_lib_python3_12_site-packages_PyQt6_Qt6 --> node_venv_lib_python3_12_site-packages_PyQt6_Qt6_lib["lib"]\n    node_venv_lib_python3_12_site-packages_PyQt6_Qt6_lib --> node_venv_lib_python3_12_site-packages_PyQt6_Qt6_lib_QtXml_framework["QtXml.framework"]\n    node_venv_lib_python3_12_site-packages_PyQt6_Qt6_lib_QtXml_framework --> node_venv_lib_python3_12_site-packages_PyQt6_Qt6_lib_QtXml_framework_Versions["Versions"]\n    node_venv_lib_python3_12_site-packages_PyQt6_Qt6_lib_QtXml_framework_Versions --> node_venv_lib_python3_12_site-packages_PyQt6_Qt6_lib_QtXml_framework_Versions_A["A"]\n    node_venv_lib_python3_12_site-packages_PyQt6_Qt6_lib_QtXml_framework_Versions_A --> node_venv_lib_python3_12_site-packages_PyQt6_Qt6_lib_QtXml_framework_Versions_A_QtXml["QtXml"]\n    Root --> node_venv["venv"]\n    node_venv --> node_venv_lib["lib"]\n    node_venv_lib --> node_venv_lib_python3_12["python3.12"]\n    node_venv_lib_python3_12 --> node_venv_lib_python3_12_site-packages["site-packages"]\n    node_venv_lib_python3_12_site-packages --> node_venv_lib_python3_12_site-packages_PyQt6["PyQt6"]\n    node_venv_lib_python3_12_site-packages_PyQt6 --> node_venv_lib_python3_12_site-packages_PyQt6_Qt6["Qt6"]\n    node_venv_lib_python3_12_site-packages_PyQt6_Qt6 --> node_venv_lib_python3_12_site-packages_PyQt6_Qt6_lib["lib"]\n    node_venv_lib_python3_12_site-packages_PyQt6_Qt6_lib --> node_venv_lib_python3_12_site-packages_PyQt6_Qt6_lib_QtQuick3DParticles_framework["QtQuick3DParticles.framework"]\n    node_venv_lib_python3_12_site-packages_PyQt6_Qt6_lib_QtQuick3DParticles_framework --> node_venv_lib_python3_12_site-packages_PyQt6_Qt6_lib_QtQuick3DParticles_framework_Resources["Resources"]\n    node_venv_lib_python3_12_site-packages_PyQt6_Qt6_lib_QtQuick3DParticles_framework_Resources --> node_venv_lib_python3_12_site-packages_PyQt6_Qt6_lib_QtQuick3DParticles_framework_Resources_Info_plist["Info.plist"]\n    Root --> node_venv["venv"]\n    node_venv --> node_venv_lib["lib"]\n    node_venv_lib --> node_venv_lib_python3_12["python3.12"]\n    node_venv_lib_python3_12 --> node_venv_lib_python3_12_site-packages["site-packages"]\n    node_venv_lib_python3_12_site-packages --> node_venv_lib_python3_12_site-packages_PyQt6["PyQt6"]\n    node_venv_lib_python3_12_site-packages_PyQt6 --> node_venv_lib_python3_12_site-packages_PyQt6_Qt6["Qt6"]\n    node_venv_lib_python3_12_site-packages_PyQt6_Qt6 --> node_venv_lib_python3_12_site-packages_PyQt6_Qt6_lib["lib"]\n    node_venv_lib_python3_12_site-packages_PyQt6_Qt6_lib --> node_venv_lib_python3_12_site-packages_PyQt6_Qt6_lib_QtQuick3DParticles_framework["QtQuick3DParticles.framework"]\n    node_venv_lib_python3_12_site-packages_PyQt6_Qt6_lib_QtQuick3DParticles_framework --> node_venv_lib_python3_12_site-packages_PyQt6_Qt6_lib_QtQuick3DParticles_framework_Resources["Resources"]\n    node_venv_lib_python3_12_site-packages_PyQt6_Qt6_lib_QtQuick3DParticles_framework_Resources --> node_venv_lib_python3_12_site-packages_PyQt6_Qt6_lib_QtQuick3DParticles_framework_Resources_PrivacyInfo_xcprivacy["PrivacyInfo.xcprivacy"]\n    Root --> node_venv["venv"]\n    node_venv --> node_venv_lib["lib"]\n    node_venv_lib --> node_venv_lib_python3_12["python3.12"]\n    node_venv_lib_python3_12 --> node_venv_lib_python3_12_site-packages["site-packages"]\n    node_venv_lib_python3_12_site-packages --> node_venv_lib_python3_12_site-packages_PyQt6["PyQt6"]\n    node_venv_lib_python3_12_site-packages_PyQt6 --> node_venv_lib_python3_12_site-packages_PyQt6_Qt6["Qt6"]\n    node_venv_lib_python3_12_site-packages_PyQt6_Qt6 --> node_venv_lib_python3_12_site-packages_PyQt6_Qt6_lib["lib"]\n    node_venv_lib_python3_12_site-packages_PyQt6_Qt6_lib --> node_venv_lib_python3_12_site-packages_PyQt6_Qt6_lib_QtQuick3DParticles_framework["QtQuick3DParticles.framework"]\n    node_venv_lib_python3_12_site-packages_PyQt6_Qt6_lib_QtQuick3DParticles_framework --> node_venv_lib_python3_12_site-packages_PyQt6_Qt6_lib_QtQuick3DParticles_framework_Versions["Versions"]\n    node_venv_lib_python3_12_site-packages_PyQt6_Qt6_lib_QtQuick3DParticles_framework_Versions --> node_venv_lib_python3_12_site-packages_PyQt6_Qt6_lib_QtQuick3DParticles_framework_Versions_A["A"]\n    node_venv_lib_python3_12_site-packages_PyQt6_Qt6_lib_QtQuick3DParticles_framework_Versions_A --> node_venv_lib_python3_12_site-packages_PyQt6_Qt6_lib_QtQuick3DParticles_framework_Versions_A_QtQuick3DParticles["QtQuick3DParticles"]\n    Root --> node_venv["venv"]\n    node_venv --> node_venv_lib["lib"]\n    node_venv_lib --> node_venv_lib_python3_12["python3.12"]\n    node_venv_lib_python3_12 --> node_venv_lib_python3_12_site-packages["site-packages"]\n    node_venv_lib_python3_12_site-packages --> node_venv_lib_python3_12_site-packages_PyQt6["PyQt6"]\n    node_venv_lib_python3_12_site-packages_PyQt6 --> node_venv_lib_python3_12_site-packages_PyQt6_Qt6["Qt6"]\n    node_venv_lib_python3_12_site-packages_PyQt6_Qt6 --> node_venv_lib_python3_12_site-packages_PyQt6_Qt6_lib["lib"]\n    node_venv_lib_python3_12_site-packages_PyQt6_Qt6_lib --> node_venv_lib_python3_12_site-packages_PyQt6_Qt6_lib_QtSerialPort_framework["QtSerialPort.framework"]\n    node_venv_lib_python3_12_site-packages_PyQt6_Qt6_lib_QtSerialPort_framework --> node_venv_lib_python3_12_site-packages_PyQt6_Qt6_lib_QtSerialPort_framework_Resources["Resources"]\n    node_venv_lib_python3_12_site-packages_PyQt6_Qt6_lib_QtSerialPort_framework_Resources --> node_venv_lib_python3_12_site-packages_PyQt6_Qt6_lib_QtSerialPort_framework_Resources_Info_plist["Info.plist"]\n    Root --> node_venv["venv"]\n    node_venv --> node_venv_lib["lib"]\n    node_venv_lib --> node_venv_lib_python3_12["python3.12"]\n    node_venv_lib_python3_12 --> node_venv_lib_python3_12_site-packages["site-packages"]\n    node_venv_lib_python3_12_site-packages --> node_venv_lib_python3_12_site-packages_PyQt6["PyQt6"]\n    node_venv_lib_python3_12_site-packages_PyQt6 --> node_venv_lib_python3_12_site-packages_PyQt6_Qt6["Qt6"]\n    node_venv_lib_python3_12_site-packages_PyQt6_Qt6 --> node_venv_lib_python3_12_site-packages_PyQt6_Qt6_lib["lib"]\n    node_venv_lib_python3_12_site-packages_PyQt6_Qt6_lib --> node_venv_lib_python3_12_site-packages_PyQt6_Qt6_lib_QtSerialPort_framework["QtSerialPort.framework"]\n    node_venv_lib_python3_12_site-packages_PyQt6_Qt6_lib_QtSerialPort_framework --> node_venv_lib_python3_12_site-packages_PyQt6_Qt6_lib_QtSerialPort_framework_Resources["Resources"]\n    node_venv_lib_python3_12_site-packages_PyQt6_Qt6_lib_QtSerialPort_framework_Resources --> node_venv_lib_python3_12_site-packages_PyQt6_Qt6_lib_QtSerialPort_framework_Resources_PrivacyInfo_xcprivacy["PrivacyInfo.xcprivacy"]\n    Root --> node_venv["venv"]\n    node_venv --> node_venv_lib["lib"]\n    node_venv_lib --> node_venv_lib_python3_12["python3.12"]\n    node_venv_lib_python3_12 --> node_venv_lib_python3_12_site-packages["site-packages"]\n    node_venv_lib_python3_12_site-packages --> node_venv_lib_python3_12_site-packages_PyQt6["PyQt6"]\n    node_venv_lib_python3_12_site-packages_PyQt6 --> node_venv_lib_python3_12_site-packages_PyQt6_Qt6["Qt6"]\n    node_venv_lib_python3_12_site-packages_PyQt6_Qt6 --> node_venv_lib_python3_12_site-packages_PyQt6_Qt6_lib["lib"]\n    node_venv_lib_python3_12_site-packages_PyQt6_Qt6_lib --> node_venv_lib_python3_12_site-packages_PyQt6_Qt6_lib_QtSerialPort_framework["QtSerialPort.framework"]\n    node_venv_lib_python3_12_site-packages_PyQt6_Qt6_lib_QtSerialPort_framework --> node_venv_lib_python3_12_site-packages_PyQt6_Qt6_lib_QtSerialPort_framework_Versions["Versions"]\n    node_venv_lib_python3_12_site-packages_PyQt6_Qt6_lib_QtSerialPort_framework_Versions --> node_venv_lib_python3_12_site-packages_PyQt6_Qt6_lib_QtSerialPort_framework_Versions_A["A"]\n    node_venv_lib_python3_12_site-packages_PyQt6_Qt6_lib_QtSerialPort_framework_Versions_A --> node_venv_lib_python3_12_site-packages_PyQt6_Qt6_lib_QtSerialPort_framework_Versions_A_QtSerialPort["QtSerialPort"]\n    Root --> node_venv["venv"]\n    node_venv --> node_venv_lib["lib"]\n    node_venv_lib --> node_venv_lib_python3_12["python3.12"]\n    node_venv_lib_python3_12 --> node_venv_lib_python3_12_site-packages["site-packages"]\n    node_venv_lib_python3_12_site-packages --> node_venv_lib_python3_12_site-packages_PyQt6["PyQt6"]\n    node_venv_lib_python3_12_site-packages_PyQt6 --> node_venv_lib_python3_12_site-packages_PyQt6_Qt6["Qt6"]\n    node_venv_lib_python3_12_site-packages_PyQt6_Qt6 --> node_venv_lib_python3_12_site-packages_PyQt6_Qt6_lib["lib"]\n    node_venv_lib_python3_12_site-packages_PyQt6_Qt6_lib --> node_venv_lib_python3_12_site-packages_PyQt6_Qt6_lib_QtQuick_framework["QtQuick.framework"]\n    node_venv_lib_python3_12_site-packages_PyQt6_Qt6_lib_QtQuick_framework --> node_venv_lib_python3_12_site-packages_PyQt6_Qt6_lib_QtQuick_framework_Resources["Resources"]\n    node_venv_lib_python3_12_site-packages_PyQt6_Qt6_lib_QtQuick_framework_Resources --> node_venv_lib_python3_12_site-packages_PyQt6_Qt6_lib_QtQuick_framework_Resources_Info_plist["Info.plist"]\n    Root --> node_venv["venv"]\n    node_venv --> node_venv_lib["lib"]\n    node_venv_lib --> node_venv_lib_python3_12["python3.12"]\n    node_venv_lib_python3_12 --> node_venv_lib_python3_12_site-packages["site-packages"]\n    node_venv_lib_python3_12_site-packages --> node_venv_lib_python3_12_site-packages_PyQt6["PyQt6"]\n    node_venv_lib_python3_12_site-packages_PyQt6 --> node_venv_lib_python3_12_site-packages_PyQt6_Qt6["Qt6"]\n    node_venv_lib_python3_12_site-packages_PyQt6_Qt6 --> node_venv_lib_python3_12_site-packages_PyQt6_Qt6_lib["lib"]\n    node_venv_lib_python3_12_site-packages_PyQt6_Qt6_lib --> node_venv_lib_python3_12_site-packages_PyQt6_Qt6_lib_QtQuick_framework["QtQuick.framework"]\n    node_venv_lib_python3_12_site-packages_PyQt6_Qt6_lib_QtQuick_framework --> node_venv_lib_python3_12_site-packages_PyQt6_Qt6_lib_QtQuick_framework_Resources["Resources"]\n    node_venv_lib_python3_12_site-packages_PyQt6_Qt6_lib_QtQuick_framework_Resources --> node_venv_lib_python3_12_site-packages_PyQt6_Qt6_lib_QtQuick_framework_Resources_PrivacyInfo_xcprivacy["PrivacyInfo.xcprivacy"]\n    Root --> node_venv["venv"]\n    node_venv --> node_venv_lib["lib"]\n    node_venv_lib --> node_venv_lib_python3_12["python3.12"]\n    node_venv_lib_python3_12 --> node_venv_lib_python3_12_site-packages["site-packages"]\n    node_venv_lib_python3_12_site-packages --> node_venv_lib_python3_12_site-packages_PyQt6["PyQt6"]\n    node_venv_lib_python3_12_site-packages_PyQt6 --> node_venv_lib_python3_12_site-packages_PyQt6_Qt6["Qt6"]\n    node_venv_lib_python3_12_site-packages_PyQt6_Qt6 --> node_venv_lib_python3_12_site-packages_PyQt6_Qt6_lib["lib"]\n    node_venv_lib_python3_12_site-packages_PyQt6_Qt6_lib --> node_venv_lib_python3_12_site-packages_PyQt6_Qt6_lib_QtQuick_framework["QtQuick.framework"]\n    node_venv_lib_python3_12_site-packages_PyQt6_Qt6_lib_QtQuick_framework --> node_venv_lib_python3_12_site-packages_PyQt6_Qt6_lib_QtQuick_framework_Versions["Versions"]\n    node_venv_lib_python3_12_site-packages_PyQt6_Qt6_lib_QtQuick_framework_Versions --> node_venv_lib_python3_12_site-packages_PyQt6_Qt6_lib_QtQuick_framework_Versions_A["A"]\n    node_venv_lib_python3_12_site-packages_PyQt6_Qt6_lib_QtQuick_framework_Versions_A --> node_venv_lib_python3_12_site-packages_PyQt6_Qt6_lib_QtQuick_framework_Versions_A_QtQuick["QtQuick"]\n    Root --> node_venv["venv"]\n    node_venv --> node_venv_lib["lib"]\n    node_venv_lib --> node_venv_lib_python3_12["python3.12"]\n    node_venv_lib_python3_12 --> node_venv_lib_python3_12_site-packages["site-packages"]\n    node_venv_lib_python3_12_site-packages --> node_venv_lib_python3_12_site-packages_PyQt6["PyQt6"]\n    node_venv_lib_python3_12_site-packages_PyQt6 --> node_venv_lib_python3_12_site-packages_PyQt6_Qt6["Qt6"]\n    node_venv_lib_python3_12_site-packages_PyQt6_Qt6 --> node_venv_lib_python3_12_site-packages_PyQt6_Qt6_lib["lib"]\n    node_venv_lib_python3_12_site-packages_PyQt6_Qt6_lib --> node_venv_lib_python3_12_site-packages_PyQt6_Qt6_lib_QtQuickEffects_framework["QtQuickEffects.framework"]\n    node_venv_lib_python3_12_site-packages_PyQt6_Qt6_lib_QtQuickEffects_framework --> node_venv_lib_python3_12_site-packages_PyQt6_Qt6_lib_QtQuickEffects_framework_Resources["Resources"]\n    node_venv_lib_python3_12_site-packages_PyQt6_Qt6_lib_QtQuickEffects_framework_Resources --> node_venv_lib_python3_12_site-packages_PyQt6_Qt6_lib_QtQuickEffects_framework_Resources_Info_plist["Info.plist"]\n    Root --> node_venv["venv"]\n    node_venv --> node_venv_lib["lib"]\n    node_venv_lib --> node_venv_lib_python3_12["python3.12"]\n    node_venv_lib_python3_12 --> node_venv_lib_python3_12_site-packages["site-packages"]\n    node_venv_lib_python3_12_site-packages --> node_venv_lib_python3_12_site-packages_PyQt6["PyQt6"]\n    node_venv_lib_python3_12_site-packages_PyQt6 --> node_venv_lib_python3_12_site-packages_PyQt6_Qt6["Qt6"]\n    node_venv_lib_python3_12_site-packages_PyQt6_Qt6 --> node_venv_lib_python3_12_site-packages_PyQt6_Qt6_lib["lib"]\n    node_venv_lib_python3_12_site-packages_PyQt6_Qt6_lib --> node_venv_lib_python3_12_site-packages_PyQt6_Qt6_lib_QtQuickEffects_framework["QtQuickEffects.framework"]\n    node_venv_lib_python3_12_site-packages_PyQt6_Qt6_lib_QtQuickEffects_framework --> node_venv_lib_python3_12_site-packages_PyQt6_Qt6_lib_QtQuickEffects_framework_Resources["Resources"]\n    node_venv_lib_python3_12_site-packages_PyQt6_Qt6_lib_QtQuickEffects_framework_Resources --> node_venv_lib_python3_12_site-packages_PyQt6_Qt6_lib_QtQuickEffects_framework_Resources_PrivacyInfo_xcprivacy["PrivacyInfo.xcprivacy"]\n    Root --> node_venv["venv"]\n    node_venv --> node_venv_lib["lib"]\n    node_venv_lib --> node_venv_lib_python3_12["python3.12"]\n    node_venv_lib_python3_12 --> node_venv_lib_python3_12_site-packages["site-packages"]\n    node_venv_lib_python3_12_site-packages --> node_venv_lib_python3_12_site-packages_PyQt6["PyQt6"]\n    node_venv_lib_python3_12_site-packages_PyQt6 --> node_venv_lib_python3_12_site-packages_PyQt6_Qt6["Qt6"]\n    node_venv_lib_python3_12_site-packages_PyQt6_Qt6 --> node_venv_lib_python3_12_site-packages_PyQt6_Qt6_lib["lib"]\n    node_venv_lib_python3_12_site-packages_PyQt6_Qt6_lib --> node_venv_lib_python3_12_site-packages_PyQt6_Qt6_lib_QtQuickEffects_framework["QtQuickEffects.framework"]\n    node_venv_lib_python3_12_site-packages_PyQt6_Qt6_lib_QtQuickEffects_framework --> node_venv_lib_python3_12_site-packages_PyQt6_Qt6_lib_QtQuickEffects_framework_Versions["Versions"]\n    node_venv_lib_python3_12_site-packages_PyQt6_Qt6_lib_QtQuickEffects_framework_Versions --> node_venv_lib_python3_12_site-packages_PyQt6_Qt6_lib_QtQuickEffects_framework_Versions_A["A"]\n    node_venv_lib_python3_12_site-packages_PyQt6_Qt6_lib_QtQuickEffects_framework_Versions_A --> node_venv_lib_python3_12_site-packages_PyQt6_Qt6_lib_QtQuickEffects_framework_Versions_A_QtQuickEffects["QtQuickEffects"]\n    Root --> node_venv["venv"]\n    node_venv --> node_venv_lib["lib"]\n    node_venv_lib --> node_venv_lib_python3_12["python3.12"]\n    node_venv_lib_python3_12 --> node_venv_lib_python3_12_site-packages["site-packages"]\n    node_venv_lib_python3_12_site-packages --> node_venv_lib_python3_12_site-packages_PyQt6["PyQt6"]\n    node_venv_lib_python3_12_site-packages_PyQt6 --> node_venv_lib_python3_12_site-packages_PyQt6_Qt6["Qt6"]\n    node_venv_lib_python3_12_site-packages_PyQt6_Qt6 --> node_venv_lib_python3_12_site-packages_PyQt6_Qt6_lib["lib"]\n    node_venv_lib_python3_12_site-packages_PyQt6_Qt6_lib --> node_venv_lib_python3_12_site-packages_PyQt6_Qt6_lib_QtQuickTimelineBlendTrees_framework["QtQuickTimelineBlendTrees.framework"]\n    node_venv_lib_python3_12_site-packages_PyQt6_Qt6_lib_QtQuickTimelineBlendTrees_framework --> node_venv_lib_python3_12_site-packages_PyQt6_Qt6_lib_QtQuickTimelineBlendTrees_framework_Resources["Resources"]\n    node_venv_lib_python3_12_site-packages_PyQt6_Qt6_lib_QtQuickTimelineBlendTrees_framework_Resources --> node_venv_lib_python3_12_site-packages_PyQt6_Qt6_lib_QtQuickTimelineBlendTrees_framework_Resources_Info_plist["Info.plist"]\n    Root --> node_venv["venv"]\n    node_venv --> node_venv_lib["lib"]\n    node_venv_lib --> node_venv_lib_python3_12["python3.12"]\n    node_venv_lib_python3_12 --> node_venv_lib_python3_12_site-packages["site-packages"]\n    node_venv_lib_python3_12_site-packages --> node_venv_lib_python3_12_site-packages_PyQt6["PyQt6"]\n    node_venv_lib_python3_12_site-packages_PyQt6 --> node_venv_lib_python3_12_site-packages_PyQt6_Qt6["Qt6"]\n    node_venv_lib_python3_12_site-packages_PyQt6_Qt6 --> node_venv_lib_python3_12_site-packages_PyQt6_Qt6_lib["lib"]\n    node_venv_lib_python3_12_site-packages_PyQt6_Qt6_lib --> node_venv_lib_python3_12_site-packages_PyQt6_Qt6_lib_QtQuickTimelineBlendTrees_framework["QtQuickTimelineBlendTrees.framework"]\n    node_venv_lib_python3_12_site-packages_PyQt6_Qt6_lib_QtQuickTimelineBlendTrees_framework --> node_venv_lib_python3_12_site-packages_PyQt6_Qt6_lib_QtQuickTimelineBlendTrees_framework_Resources["Resources"]\n    node_venv_lib_python3_12_site-packages_PyQt6_Qt6_lib_QtQuickTimelineBlendTrees_framework_Resources --> node_venv_lib_python3_12_site-packages_PyQt6_Qt6_lib_QtQuickTimelineBlendTrees_framework_Resources_PrivacyInfo_xcprivacy["PrivacyInfo.xcprivacy"]\n    Root --> node_venv["venv"]\n    node_venv --> node_venv_lib["lib"]\n    node_venv_lib --> node_venv_lib_python3_12["python3.12"]\n    node_venv_lib_python3_12 --> node_venv_lib_python3_12_site-packages["site-packages"]\n    node_venv_lib_python3_12_site-packages --> node_venv_lib_python3_12_site-packages_PyQt6["PyQt6"]\n    node_venv_lib_python3_12_site-packages_PyQt6 --> node_venv_lib_python3_12_site-packages_PyQt6_Qt6["Qt6"]\n    node_venv_lib_python3_12_site-packages_PyQt6_Qt6 --> node_venv_lib_python3_12_site-packages_PyQt6_Qt6_lib["lib"]\n    node_venv_lib_python3_12_site-packages_PyQt6_Qt6_lib --> node_venv_lib_python3_12_site-packages_PyQt6_Qt6_lib_QtQuickTimelineBlendTrees_framework["QtQuickTimelineBlendTrees.framework"]\n    node_venv_lib_python3_12_site-packages_PyQt6_Qt6_lib_QtQuickTimelineBlendTrees_framework --> node_venv_lib_python3_12_site-packages_PyQt6_Qt6_lib_QtQuickTimelineBlendTrees_framework_Versions["Versions"]\n    node_venv_lib_python3_12_site-packages_PyQt6_Qt6_lib_QtQuickTimelineBlendTrees_framework_Versions --> node_venv_lib_python3_12_site-packages_PyQt6_Qt6_lib_QtQuickTimelineBlendTrees_framework_Versions_A["A"]\n    node_venv_lib_python3_12_site-packages_PyQt6_Qt6_lib_QtQuickTimelineBlendTrees_framework_Versions_A --> node_venv_lib_python3_12_site-packages_PyQt6_Qt6_lib_QtQuickTimelineBlendTrees_framework_Versions_A_QtQuickTimelineBlendTrees["QtQuickTimelineBlendTrees"]\n    Root --> node_venv["venv"]\n    node_venv --> node_venv_lib["lib"]\n    node_venv_lib --> node_venv_lib_python3_12["python3.12"]\n    node_venv_lib_python3_12 --> node_venv_lib_python3_12_site-packages["site-packages"]\n    node_venv_lib_python3_12_site-packages --> node_venv_lib_python3_12_site-packages_PyQt6["PyQt6"]\n    node_venv_lib_python3_12_site-packages_PyQt6 --> node_venv_lib_python3_12_site-packages_PyQt6_Qt6["Qt6"]\n    node_venv_lib_python3_12_site-packages_PyQt6_Qt6 --> node_venv_lib_python3_12_site-packages_PyQt6_Qt6_lib["lib"]\n    node_venv_lib_python3_12_site-packages_PyQt6_Qt6_lib --> node_venv_lib_python3_12_site-packages_PyQt6_Qt6_lib_QtCore_framework["QtCore.framework"]\n    node_venv_lib_python3_12_site-packages_PyQt6_Qt6_lib_QtCore_framework --> node_venv_lib_python3_12_site-packages_PyQt6_Qt6_lib_QtCore_framework_Resources["Resources"]\n    node_venv_lib_python3_12_site-packages_PyQt6_Qt6_lib_QtCore_framework_Resources --> node_venv_lib_python3_12_site-packages_PyQt6_Qt6_lib_QtCore_framework_Resources_Info_plist["Info.plist"]\n    Root --> node_venv["venv"]\n    node_venv --> node_venv_lib["lib"]\n    node_venv_lib --> node_venv_lib_python3_12["python3.12"]\n    node_venv_lib_python3_12 --> node_venv_lib_python3_12_site-packages["site-packages"]\n    node_venv_lib_python3_12_site-packages --> node_venv_lib_python3_12_site-packages_PyQt6["PyQt6"]\n    node_venv_lib_python3_12_site-packages_PyQt6 --> node_venv_lib_python3_12_site-packages_PyQt6_Qt6["Qt6"]\n    node_venv_lib_python3_12_site-packages_PyQt6_Qt6 --> node_venv_lib_python3_12_site-packages_PyQt6_Qt6_lib["lib"]\n    node_venv_lib_python3_12_site-packages_PyQt6_Qt6_lib --> node_venv_lib_python3_12_site-packages_PyQt6_Qt6_lib_QtCore_framework["QtCore.framework"]\n    node_venv_lib_python3_12_site-packages_PyQt6_Qt6_lib_QtCore_framework --> node_venv_lib_python3_12_site-packages_PyQt6_Qt6_lib_QtCore_framework_Resources["Resources"]\n    node_venv_lib_python3_12_site-packages_PyQt6_Qt6_lib_QtCore_framework_Resources --> node_venv_lib_python3_12_site-packages_PyQt6_Qt6_lib_QtCore_framework_Resources_PrivacyInfo_xcprivacy["PrivacyInfo.xcprivacy"]\n    Root --> node_venv["venv"]\n    node_venv --> node_venv_lib["lib"]\n    node_venv_lib --> node_venv_lib_python3_12["python3.12"]\n    node_venv_lib_python3_12 --> node_venv_lib_python3_12_site-packages["site-packages"]\n    node_venv_lib_python3_12_site-packages --> node_venv_lib_python3_12_site-packages_PyQt6["PyQt6"]\n    node_venv_lib_python3_12_site-packages_PyQt6 --> node_venv_lib_python3_12_site-packages_PyQt6_Qt6["Qt6"]\n    node_venv_lib_python3_12_site-packages_PyQt6_Qt6 --> node_venv_lib_python3_12_site-packages_PyQt6_Qt6_lib["lib"]\n    node_venv_lib_python3_12_site-packages_PyQt6_Qt6_lib --> node_venv_lib_python3_12_site-packages_PyQt6_Qt6_lib_QtCore_framework["QtCore.framework"]\n    node_venv_lib_python3_12_site-packages_PyQt6_Qt6_lib_QtCore_framework --> node_venv_lib_python3_12_site-packages_PyQt6_Qt6_lib_QtCore_framework_Versions["Versions"]\n    node_venv_lib_python3_12_site-packages_PyQt6_Qt6_lib_QtCore_framework_Versions --> node_venv_lib_python3_12_site-packages_PyQt6_Qt6_lib_QtCore_framework_Versions_A["A"]\n    node_venv_lib_python3_12_site-packages_PyQt6_Qt6_lib_QtCore_framework_Versions_A --> node_venv_lib_python3_12_site-packages_PyQt6_Qt6_lib_QtCore_framework_Versions_A_QtCore["QtCore"]\n    Root --> node_venv["venv"]\n    node_venv --> node_venv_lib["lib"]\n    node_venv_lib --> node_venv_lib_python3_12["python3.12"]\n    node_venv_lib_python3_12 --> node_venv_lib_python3_12_site-packages["site-packages"]\n    node_venv_lib_python3_12_site-packages --> node_venv_lib_python3_12_site-packages_PyQt6["PyQt6"]\n    node_venv_lib_python3_12_site-packages_PyQt6 --> node_venv_lib_python3_12_site-packages_PyQt6_Qt6["Qt6"]\n    node_venv_lib_python3_12_site-packages_PyQt6_Qt6 --> node_venv_lib_python3_12_site-packages_PyQt6_Qt6_lib["lib"]\n    node_venv_lib_python3_12_site-packages_PyQt6_Qt6_lib --> node_venv_lib_python3_12_site-packages_PyQt6_Qt6_lib_QtQuickDialogs2QuickImpl_framework["QtQuickDialogs2QuickImpl.framework"]\n    node_venv_lib_python3_12_site-packages_PyQt6_Qt6_lib_QtQuickDialogs2QuickImpl_framework --> node_venv_lib_python3_12_site-packages_PyQt6_Qt6_lib_QtQuickDialogs2QuickImpl_framework_Resources["Resources"]\n    node_venv_lib_python3_12_site-packages_PyQt6_Qt6_lib_QtQuickDialogs2QuickImpl_framework_Resources --> node_venv_lib_python3_12_site-packages_PyQt6_Qt6_lib_QtQuickDialogs2QuickImpl_framework_Resources_Info_plist["Info.plist"]\n    Root --> node_venv["venv"]\n    node_venv --> node_venv_lib["lib"]\n    node_venv_lib --> node_venv_lib_python3_12["python3.12"]\n    node_venv_lib_python3_12 --> node_venv_lib_python3_12_site-packages["site-packages"]\n    node_venv_lib_python3_12_site-packages --> node_venv_lib_python3_12_site-packages_PyQt6["PyQt6"]\n    node_venv_lib_python3_12_site-packages_PyQt6 --> node_venv_lib_python3_12_site-packages_PyQt6_Qt6["Qt6"]\n    node_venv_lib_python3_12_site-packages_PyQt6_Qt6 --> node_venv_lib_python3_12_site-packages_PyQt6_Qt6_lib["lib"]\n    node_venv_lib_python3_12_site-packages_PyQt6_Qt6_lib --> node_venv_lib_python3_12_site-packages_PyQt6_Qt6_lib_QtQuickDialogs2QuickImpl_framework["QtQuickDialogs2QuickImpl.framework"]\n    node_venv_lib_python3_12_site-packages_PyQt6_Qt6_lib_QtQuickDialogs2QuickImpl_framework --> node_venv_lib_python3_12_site-packages_PyQt6_Qt6_lib_QtQuickDialogs2QuickImpl_framework_Resources["Resources"]\n    node_venv_lib_python3_12_site-packages_PyQt6_Qt6_lib_QtQuickDialogs2QuickImpl_framework_Resources --> node_venv_lib_python3_12_site-packages_PyQt6_Qt6_lib_QtQuickDialogs2QuickImpl_framework_Resources_PrivacyInfo_xcprivacy["PrivacyInfo.xcprivacy"]\n    Root --> node_venv["venv"]\n    node_venv --> node_venv_lib["lib"]\n    node_venv_lib --> node_venv_lib_python3_12["python3.12"]\n    node_venv_lib_python3_12 --> node_venv_lib_python3_12_site-packages["site-packages"]\n    node_venv_lib_python3_12_site-packages --> node_venv_lib_python3_12_site-packages_PyQt6["PyQt6"]\n    node_venv_lib_python3_12_site-packages_PyQt6 --> node_venv_lib_python3_12_site-packages_PyQt6_Qt6["Qt6"]\n    node_venv_lib_python3_12_site-packages_PyQt6_Qt6 --> node_venv_lib_python3_12_site-packages_PyQt6_Qt6_lib["lib"]\n    node_venv_lib_python3_12_site-packages_PyQt6_Qt6_lib --> node_venv_lib_python3_12_site-packages_PyQt6_Qt6_lib_QtQuickDialogs2QuickImpl_framework["QtQuickDialogs2QuickImpl.framework"]\n    node_venv_lib_python3_12_site-packages_PyQt6_Qt6_lib_QtQuickDialogs2QuickImpl_framework --> node_venv_lib_python3_12_site-packages_PyQt6_Qt6_lib_QtQuickDialogs2QuickImpl_framework_Versions["Versions"]\n    node_venv_lib_python3_12_site-packages_PyQt6_Qt6_lib_QtQuickDialogs2QuickImpl_framework_Versions --> node_venv_lib_python3_12_site-packages_PyQt6_Qt6_lib_QtQuickDialogs2QuickImpl_framework_Versions_A["A"]\n    node_venv_lib_python3_12_site-packages_PyQt6_Qt6_lib_QtQuickDialogs2QuickImpl_framework_Versions_A --> node_venv_lib_python3_12_site-packages_PyQt6_Qt6_lib_QtQuickDialogs2QuickImpl_framework_Versions_A_QtQuickDialogs2QuickImpl["QtQuickDialogs2QuickImpl"]\n    Root --> node_venv["venv"]\n    node_venv --> node_venv_lib["lib"]\n    node_venv_lib --> node_venv_lib_python3_12["python3.12"]\n    node_venv_lib_python3_12 --> node_venv_lib_python3_12_site-packages["site-packages"]\n    node_venv_lib_python3_12_site-packages --> node_venv_lib_python3_12_site-packages_PyQt6["PyQt6"]\n    node_venv_lib_python3_12_site-packages_PyQt6 --> node_venv_lib_python3_12_site-packages_PyQt6_Qt6["Qt6"]\n    node_venv_lib_python3_12_site-packages_PyQt6_Qt6 --> node_venv_lib_python3_12_site-packages_PyQt6_Qt6_lib["lib"]\n    node_venv_lib_python3_12_site-packages_PyQt6_Qt6_lib --> node_venv_lib_python3_12_site-packages_PyQt6_Qt6_lib_QtQuick3DGlslParser_framework["QtQuick3DGlslParser.framework"]\n    node_venv_lib_python3_12_site-packages_PyQt6_Qt6_lib_QtQuick3DGlslParser_framework --> node_venv_lib_python3_12_site-packages_PyQt6_Qt6_lib_QtQuick3DGlslParser_framework_Resources["Resources"]\n    node_venv_lib_python3_12_site-packages_PyQt6_Qt6_lib_QtQuick3DGlslParser_framework_Resources --> node_venv_lib_python3_12_site-packages_PyQt6_Qt6_lib_QtQuick3DGlslParser_framework_Resources_Info_plist["Info.plist"]\n    Root --> node_venv["venv"]\n    node_venv --> node_venv_lib["lib"]\n    node_venv_lib --> node_venv_lib_python3_12["python3.12"]\n    node_venv_lib_python3_12 --> node_venv_lib_python3_12_site-packages["site-packages"]\n    node_venv_lib_python3_12_site-packages --> node_venv_lib_python3_12_site-packages_PyQt6["PyQt6"]\n    node_venv_lib_python3_12_site-packages_PyQt6 --> node_venv_lib_python3_12_site-packages_PyQt6_Qt6["Qt6"]\n    node_venv_lib_python3_12_site-packages_PyQt6_Qt6 --> node_venv_lib_python3_12_site-packages_PyQt6_Qt6_lib["lib"]\n    node_venv_lib_python3_12_site-packages_PyQt6_Qt6_lib --> node_venv_lib_python3_12_site-packages_PyQt6_Qt6_lib_QtQuick3DGlslParser_framework["QtQuick3DGlslParser.framework"]\n    node_venv_lib_python3_12_site-packages_PyQt6_Qt6_lib_QtQuick3DGlslParser_framework --> node_venv_lib_python3_12_site-packages_PyQt6_Qt6_lib_QtQuick3DGlslParser_framework_Resources["Resources"]\n    node_venv_lib_python3_12_site-packages_PyQt6_Qt6_lib_QtQuick3DGlslParser_framework_Resources --> node_venv_lib_python3_12_site-packages_PyQt6_Qt6_lib_QtQuick3DGlslParser_framework_Resources_PrivacyInfo_xcprivacy["PrivacyInfo.xcprivacy"]\n    Root --> node_venv["venv"]\n    node_venv --> node_venv_lib["lib"]\n    node_venv_lib --> node_venv_lib_python3_12["python3.12"]\n    node_venv_lib_python3_12 --> node_venv_lib_python3_12_site-packages["site-packages"]\n    node_venv_lib_python3_12_site-packages --> node_venv_lib_python3_12_site-packages_PyQt6["PyQt6"]\n    node_venv_lib_python3_12_site-packages_PyQt6 --> node_venv_lib_python3_12_site-packages_PyQt6_Qt6["Qt6"]\n    node_venv_lib_python3_12_site-packages_PyQt6_Qt6 --> node_venv_lib_python3_12_site-packages_PyQt6_Qt6_lib["lib"]\n    node_venv_lib_python3_12_site-packages_PyQt6_Qt6_lib --> node_venv_lib_python3_12_site-packages_PyQt6_Qt6_lib_QtQuick3DGlslParser_framework["QtQuick3DGlslParser.framework"]\n    node_venv_lib_python3_12_site-packages_PyQt6_Qt6_lib_QtQuick3DGlslParser_framework --> node_venv_lib_python3_12_site-packages_PyQt6_Qt6_lib_QtQuick3DGlslParser_framework_Versions["Versions"]\n    node_venv_lib_python3_12_site-packages_PyQt6_Qt6_lib_QtQuick3DGlslParser_framework_Versions --> node_venv_lib_python3_12_site-packages_PyQt6_Qt6_lib_QtQuick3DGlslParser_framework_Versions_A["A"]\n    node_venv_lib_python3_12_site-packages_PyQt6_Qt6_lib_QtQuick3DGlslParser_framework_Versions_A --> node_venv_lib_python3_12_site-packages_PyQt6_Qt6_lib_QtQuick3DGlslParser_framework_Versions_A_QtQuick3DGlslParser["QtQuick3DGlslParser"]\n    Root --> node_venv["venv"]\n    node_venv --> node_venv_lib["lib"]\n    node_venv_lib --> node_venv_lib_python3_12["python3.12"]\n    node_venv_lib_python3_12 --> node_venv_lib_python3_12_site-packages["site-packages"]\n    node_venv_lib_python3_12_site-packages --> node_venv_lib_python3_12_site-packages_PyQt6["PyQt6"]\n    node_venv_lib_python3_12_site-packages_PyQt6 --> node_venv_lib_python3_12_site-packages_PyQt6_Qt6["Qt6"]\n    node_venv_lib_python3_12_site-packages_PyQt6_Qt6 --> node_venv_lib_python3_12_site-packages_PyQt6_Qt6_lib["lib"]\n    node_venv_lib_python3_12_site-packages_PyQt6_Qt6_lib --> node_venv_lib_python3_12_site-packages_PyQt6_Qt6_lib_QtSensorsQuick_framework["QtSensorsQuick.framework"]\n    node_venv_lib_python3_12_site-packages_PyQt6_Qt6_lib_QtSensorsQuick_framework --> node_venv_lib_python3_12_site-packages_PyQt6_Qt6_lib_QtSensorsQuick_framework_Resources["Resources"]\n    node_venv_lib_python3_12_site-packages_PyQt6_Qt6_lib_QtSensorsQuick_framework_Resources --> node_venv_lib_python3_12_site-packages_PyQt6_Qt6_lib_QtSensorsQuick_framework_Resources_Info_plist["Info.plist"]\n    Root --> node_venv["venv"]\n    node_venv --> node_venv_lib["lib"]\n    node_venv_lib --> node_venv_lib_python3_12["python3.12"]\n    node_venv_lib_python3_12 --> node_venv_lib_python3_12_site-packages["site-packages"]\n    node_venv_lib_python3_12_site-packages --> node_venv_lib_python3_12_site-packages_PyQt6["PyQt6"]\n    node_venv_lib_python3_12_site-packages_PyQt6 --> node_venv_lib_python3_12_site-packages_PyQt6_Qt6["Qt6"]\n    node_venv_lib_python3_12_site-packages_PyQt6_Qt6 --> node_venv_lib_python3_12_site-packages_PyQt6_Qt6_lib["lib"]\n    node_venv_lib_python3_12_site-packages_PyQt6_Qt6_lib --> node_venv_lib_python3_12_site-packages_PyQt6_Qt6_lib_QtSensorsQuick_framework["QtSensorsQuick.framework"]\n    node_venv_lib_python3_12_site-packages_PyQt6_Qt6_lib_QtSensorsQuick_framework --> node_venv_lib_python3_12_site-packages_PyQt6_Qt6_lib_QtSensorsQuick_framework_Resources["Resources"]\n    node_venv_lib_python3_12_site-packages_PyQt6_Qt6_lib_QtSensorsQuick_framework_Resources --> node_venv_lib_python3_12_site-packages_PyQt6_Qt6_lib_QtSensorsQuick_framework_Resources_PrivacyInfo_xcprivacy["PrivacyInfo.xcprivacy"]\n    Root --> node_venv["venv"]\n    node_venv --> node_venv_lib["lib"]\n    node_venv_lib --> node_venv_lib_python3_12["python3.12"]\n    node_venv_lib_python3_12 --> node_venv_lib_python3_12_site-packages["site-packages"]\n    node_venv_lib_python3_12_site-packages --> node_venv_lib_python3_12_site-packages_PyQt6["PyQt6"]\n    node_venv_lib_python3_12_site-packages_PyQt6 --> node_venv_lib_python3_12_site-packages_PyQt6_Qt6["Qt6"]\n    node_venv_lib_python3_12_site-packages_PyQt6_Qt6 --> node_venv_lib_python3_12_site-packages_PyQt6_Qt6_lib["lib"]\n    node_venv_lib_python3_12_site-packages_PyQt6_Qt6_lib --> node_venv_lib_python3_12_site-packages_PyQt6_Qt6_lib_QtSensorsQuick_framework["QtSensorsQuick.framework"]\n    node_venv_lib_python3_12_site-packages_PyQt6_Qt6_lib_QtSensorsQuick_framework --> node_venv_lib_python3_12_site-packages_PyQt6_Qt6_lib_QtSensorsQuick_framework_Versions["Versions"]\n    node_venv_lib_python3_12_site-packages_PyQt6_Qt6_lib_QtSensorsQuick_framework_Versions --> node_venv_lib_python3_12_site-packages_PyQt6_Qt6_lib_QtSensorsQuick_framework_Versions_A["A"]\n    node_venv_lib_python3_12_site-packages_PyQt6_Qt6_lib_QtSensorsQuick_framework_Versions_A --> node_venv_lib_python3_12_site-packages_PyQt6_Qt6_lib_QtSensorsQuick_framework_Versions_A_QtSensorsQuick["QtSensorsQuick"]\n    Root --> node_venv["venv"]\n    node_venv --> node_venv_lib["lib"]\n    node_venv_lib --> node_venv_lib_python3_12["python3.12"]\n    node_venv_lib_python3_12 --> node_venv_lib_python3_12_site-packages["site-packages"]\n    node_venv_lib_python3_12_site-packages --> node_venv_lib_python3_12_site-packages_PyQt6["PyQt6"]\n    node_venv_lib_python3_12_site-packages_PyQt6 --> node_venv_lib_python3_12_site-packages_PyQt6_Qt6["Qt6"]\n    node_venv_lib_python3_12_site-packages_PyQt6_Qt6 --> node_venv_lib_python3_12_site-packages_PyQt6_Qt6_lib["lib"]\n    node_venv_lib_python3_12_site-packages_PyQt6_Qt6_lib --> node_venv_lib_python3_12_site-packages_PyQt6_Qt6_lib_QtQml_framework["QtQml.framework"]\n    node_venv_lib_python3_12_site-packages_PyQt6_Qt6_lib_QtQml_framework --> node_venv_lib_python3_12_site-packages_PyQt6_Qt6_lib_QtQml_framework_Resources["Resources"]\n    node_venv_lib_python3_12_site-packages_PyQt6_Qt6_lib_QtQml_framework_Resources --> node_venv_lib_python3_12_site-packages_PyQt6_Qt6_lib_QtQml_framework_Resources_Info_plist["Info.plist"]\n    Root --> node_venv["venv"]\n    node_venv --> node_venv_lib["lib"]\n    node_venv_lib --> node_venv_lib_python3_12["python3.12"]\n    node_venv_lib_python3_12 --> node_venv_lib_python3_12_site-packages["site-packages"]\n    node_venv_lib_python3_12_site-packages --> node_venv_lib_python3_12_site-packages_PyQt6["PyQt6"]\n    node_venv_lib_python3_12_site-packages_PyQt6 --> node_venv_lib_python3_12_site-packages_PyQt6_Qt6["Qt6"]\n    node_venv_lib_python3_12_site-packages_PyQt6_Qt6 --> node_venv_lib_python3_12_site-packages_PyQt6_Qt6_lib["lib"]\n    node_venv_lib_python3_12_site-packages_PyQt6_Qt6_lib --> node_venv_lib_python3_12_site-packages_PyQt6_Qt6_lib_QtQml_framework["QtQml.framework"]\n    node_venv_lib_python3_12_site-packages_PyQt6_Qt6_lib_QtQml_framework --> node_venv_lib_python3_12_site-packages_PyQt6_Qt6_lib_QtQml_framework_Resources["Resources"]\n    node_venv_lib_python3_12_site-packages_PyQt6_Qt6_lib_QtQml_framework_Resources --> node_venv_lib_python3_12_site-packages_PyQt6_Qt6_lib_QtQml_framework_Resources_PrivacyInfo_xcprivacy["PrivacyInfo.xcprivacy"]\n    Root --> node_venv["venv"]\n    node_venv --> node_venv_lib["lib"]\n    node_venv_lib --> node_venv_lib_python3_12["python3.12"]\n    node_venv_lib_python3_12 --> node_venv_lib_python3_12_site-packages["site-packages"]\n    node_venv_lib_python3_12_site-packages --> node_venv_lib_python3_12_site-packages_PyQt6["PyQt6"]\n    node_venv_lib_python3_12_site-packages_PyQt6 --> node_venv_lib_python3_12_site-packages_PyQt6_Qt6["Qt6"]\n    node_venv_lib_python3_12_site-packages_PyQt6_Qt6 --> node_venv_lib_python3_12_site-packages_PyQt6_Qt6_lib["lib"]\n    node_venv_lib_python3_12_site-packages_PyQt6_Qt6_lib --> node_venv_lib_python3_12_site-packages_PyQt6_Qt6_lib_QtQml_framework["QtQml.framework"]\n    node_venv_lib_python3_12_site-packages_PyQt6_Qt6_lib_QtQml_framework --> node_venv_lib_python3_12_site-packages_PyQt6_Qt6_lib_QtQml_framework_Versions["Versions"]\n    node_venv_lib_python3_12_site-packages_PyQt6_Qt6_lib_QtQml_framework_Versions --> node_venv_lib_python3_12_site-packages_PyQt6_Qt6_lib_QtQml_framework_Versions_A["A"]\n    node_venv_lib_python3_12_site-packages_PyQt6_Qt6_lib_QtQml_framework_Versions_A --> node_venv_lib_python3_12_site-packages_PyQt6_Qt6_lib_QtQml_framework_Versions_A_QtQml["QtQml"]\n    Root --> node_venv["venv"]\n    node_venv --> node_venv_lib["lib"]\n    node_venv_lib --> node_venv_lib_python3_12["python3.12"]\n    node_venv_lib_python3_12 --> node_venv_lib_python3_12_site-packages["site-packages"]\n    node_venv_lib_python3_12_site-packages --> node_venv_lib_python3_12_site-packages_PyQt6["PyQt6"]\n    node_venv_lib_python3_12_site-packages_PyQt6 --> node_venv_lib_python3_12_site-packages_PyQt6_Qt6["Qt6"]\n    node_venv_lib_python3_12_site-packages_PyQt6_Qt6 --> node_venv_lib_python3_12_site-packages_PyQt6_Qt6_lib["lib"]\n    node_venv_lib_python3_12_site-packages_PyQt6_Qt6_lib --> node_venv_lib_python3_12_site-packages_PyQt6_Qt6_lib_QtWebChannel_framework["QtWebChannel.framework"]\n    node_venv_lib_python3_12_site-packages_PyQt6_Qt6_lib_QtWebChannel_framework --> node_venv_lib_python3_12_site-packages_PyQt6_Qt6_lib_QtWebChannel_framework_Resources["Resources"]\n    node_venv_lib_python3_12_site-packages_PyQt6_Qt6_lib_QtWebChannel_framework_Resources --> node_venv_lib_python3_12_site-packages_PyQt6_Qt6_lib_QtWebChannel_framework_Resources_Info_plist["Info.plist"]\n    Root --> node_venv["venv"]\n    node_venv --> node_venv_lib["lib"]\n    node_venv_lib --> node_venv_lib_python3_12["python3.12"]\n    node_venv_lib_python3_12 --> node_venv_lib_python3_12_site-packages["site-packages"]\n    node_venv_lib_python3_12_site-packages --> node_venv_lib_python3_12_site-packages_PyQt6["PyQt6"]\n    node_venv_lib_python3_12_site-packages_PyQt6 --> node_venv_lib_python3_12_site-packages_PyQt6_Qt6["Qt6"]\n    node_venv_lib_python3_12_site-packages_PyQt6_Qt6 --> node_venv_lib_python3_12_site-packages_PyQt6_Qt6_lib["lib"]\n    node_venv_lib_python3_12_site-packages_PyQt6_Qt6_lib --> node_venv_lib_python3_12_site-packages_PyQt6_Qt6_lib_QtWebChannel_framework["QtWebChannel.framework"]\n    node_venv_lib_python3_12_site-packages_PyQt6_Qt6_lib_QtWebChannel_framework --> node_venv_lib_python3_12_site-packages_PyQt6_Qt6_lib_QtWebChannel_framework_Resources["Resources"]\n    node_venv_lib_python3_12_site-packages_PyQt6_Qt6_lib_QtWebChannel_framework_Resources --> node_venv_lib_python3_12_site-packages_PyQt6_Qt6_lib_QtWebChannel_framework_Resources_PrivacyInfo_xcprivacy["PrivacyInfo.xcprivacy"]\n    Root --> node_venv["venv"]\n    node_venv --> node_venv_lib["lib"]\n    node_venv_lib --> node_venv_lib_python3_12["python3.12"]\n    node_venv_lib_python3_12 --> node_venv_lib_python3_12_site-packages["site-packages"]\n    node_venv_lib_python3_12_site-packages --> node_venv_lib_python3_12_site-packages_PyQt6["PyQt6"]\n    node_venv_lib_python3_12_site-packages_PyQt6 --> node_venv_lib_python3_12_site-packages_PyQt6_Qt6["Qt6"]\n    node_venv_lib_python3_12_site-packages_PyQt6_Qt6 --> node_venv_lib_python3_12_site-packages_PyQt6_Qt6_lib["lib"]\n    node_venv_lib_python3_12_site-packages_PyQt6_Qt6_lib --> node_venv_lib_python3_12_site-packages_PyQt6_Qt6_lib_QtWebChannel_framework["QtWebChannel.framework"]\n    node_venv_lib_python3_12_site-packages_PyQt6_Qt6_lib_QtWebChannel_framework --> node_venv_lib_python3_12_site-packages_PyQt6_Qt6_lib_QtWebChannel_framework_Versions["Versions"]\n    node_venv_lib_python3_12_site-packages_PyQt6_Qt6_lib_QtWebChannel_framework_Versions --> node_venv_lib_python3_12_site-packages_PyQt6_Qt6_lib_QtWebChannel_framework_Versions_A["A"]\n    node_venv_lib_python3_12_site-packages_PyQt6_Qt6_lib_QtWebChannel_framework_Versions_A --> node_venv_lib_python3_12_site-packages_PyQt6_Qt6_lib_QtWebChannel_framework_Versions_A_QtWebChannel["QtWebChannel"]\n    Root --> node_venv["venv"]\n    node_venv --> node_venv_lib["lib"]\n    node_venv_lib --> node_venv_lib_python3_12["python3.12"]\n    node_venv_lib_python3_12 --> node_venv_lib_python3_12_site-packages["site-packages"]\n    node_venv_lib_python3_12_site-packages --> node_venv_lib_python3_12_site-packages_PyQt6["PyQt6"]\n    node_venv_lib_python3_12_site-packages_PyQt6 --> node_venv_lib_python3_12_site-packages_PyQt6_Qt6["Qt6"]\n    node_venv_lib_python3_12_site-packages_PyQt6_Qt6 --> node_venv_lib_python3_12_site-packages_PyQt6_Qt6_lib["lib"]\n    node_venv_lib_python3_12_site-packages_PyQt6_Qt6_lib --> node_venv_lib_python3_12_site-packages_PyQt6_Qt6_lib_QtQuickVectorImageGenerator_framework["QtQuickVectorImageGenerator.framework"]\n    node_venv_lib_python3_12_site-packages_PyQt6_Qt6_lib_QtQuickVectorImageGenerator_framework --> node_venv_lib_python3_12_site-packages_PyQt6_Qt6_lib_QtQuickVectorImageGenerator_framework_Resources["Resources"]\n    node_venv_lib_python3_12_site-packages_PyQt6_Qt6_lib_QtQuickVectorImageGenerator_framework_Resources --> node_venv_lib_python3_12_site-packages_PyQt6_Qt6_lib_QtQuickVectorImageGenerator_framework_Resources_Info_plist["Info.plist"]\n    Root --> node_venv["venv"]\n    node_venv --> node_venv_lib["lib"]\n    node_venv_lib --> node_venv_lib_python3_12["python3.12"]\n    node_venv_lib_python3_12 --> node_venv_lib_python3_12_site-packages["site-packages"]\n    node_venv_lib_python3_12_site-packages --> node_venv_lib_python3_12_site-packages_PyQt6["PyQt6"]\n    node_venv_lib_python3_12_site-packages_PyQt6 --> node_venv_lib_python3_12_site-packages_PyQt6_Qt6["Qt6"]\n    node_venv_lib_python3_12_site-packages_PyQt6_Qt6 --> node_venv_lib_python3_12_site-packages_PyQt6_Qt6_lib["lib"]\n    node_venv_lib_python3_12_site-packages_PyQt6_Qt6_lib --> node_venv_lib_python3_12_site-packages_PyQt6_Qt6_lib_QtQuickVectorImageGenerator_framework["QtQuickVectorImageGenerator.framework"]\n    node_venv_lib_python3_12_site-packages_PyQt6_Qt6_lib_QtQuickVectorImageGenerator_framework --> node_venv_lib_python3_12_site-packages_PyQt6_Qt6_lib_QtQuickVectorImageGenerator_framework_Resources["Resources"]\n    node_venv_lib_python3_12_site-packages_PyQt6_Qt6_lib_QtQuickVectorImageGenerator_framework_Resources --> node_venv_lib_python3_12_site-packages_PyQt6_Qt6_lib_QtQuickVectorImageGenerator_framework_Resources_PrivacyInfo_xcprivacy["PrivacyInfo.xcprivacy"]\n    Root --> node_venv["venv"]\n    node_venv --> node_venv_lib["lib"]\n    node_venv_lib --> node_venv_lib_python3_12["python3.12"]\n    node_venv_lib_python3_12 --> node_venv_lib_python3_12_site-packages["site-packages"]\n    node_venv_lib_python3_12_site-packages --> node_venv_lib_python3_12_site-packages_PyQt6["PyQt6"]\n    node_venv_lib_python3_12_site-packages_PyQt6 --> node_venv_lib_python3_12_site-packages_PyQt6_Qt6["Qt6"]\n    node_venv_lib_python3_12_site-packages_PyQt6_Qt6 --> node_venv_lib_python3_12_site-packages_PyQt6_Qt6_lib["lib"]\n    node_venv_lib_python3_12_site-packages_PyQt6_Qt6_lib --> node_venv_lib_python3_12_site-packages_PyQt6_Qt6_lib_QtQuickVectorImageGenerator_framework["QtQuickVectorImageGenerator.framework"]\n    node_venv_lib_python3_12_site-packages_PyQt6_Qt6_lib_QtQuickVectorImageGenerator_framework --> node_venv_lib_python3_12_site-packages_PyQt6_Qt6_lib_QtQuickVectorImageGenerator_framework_Versions["Versions"]\n    node_venv_lib_python3_12_site-packages_PyQt6_Qt6_lib_QtQuickVectorImageGenerator_framework_Versions --> node_venv_lib_python3_12_site-packages_PyQt6_Qt6_lib_QtQuickVectorImageGenerator_framework_Versions_A["A"]\n    node_venv_lib_python3_12_site-packages_PyQt6_Qt6_lib_QtQuickVectorImageGenerator_framework_Versions_A --> node_venv_lib_python3_12_site-packages_PyQt6_Qt6_lib_QtQuickVectorImageGenerator_framework_Versions_A_QtQuickVectorImageGenerator["QtQuickVectorImageGenerator"]\n    Root --> node_venv["venv"]\n    node_venv --> node_venv_lib["lib"]\n    node_venv_lib --> node_venv_lib_python3_12["python3.12"]\n    node_venv_lib_python3_12 --> node_venv_lib_python3_12_site-packages["site-packages"]\n    node_venv_lib_python3_12_site-packages --> node_venv_lib_python3_12_site-packages_PyQt6["PyQt6"]\n    node_venv_lib_python3_12_site-packages_PyQt6 --> node_venv_lib_python3_12_site-packages_PyQt6_Qt6["Qt6"]\n    node_venv_lib_python3_12_site-packages_PyQt6_Qt6 --> node_venv_lib_python3_12_site-packages_PyQt6_Qt6_lib["lib"]\n    node_venv_lib_python3_12_site-packages_PyQt6_Qt6_lib --> node_venv_lib_python3_12_site-packages_PyQt6_Qt6_lib_QtMultimedia_framework["QtMultimedia.framework"]\n    node_venv_lib_python3_12_site-packages_PyQt6_Qt6_lib_QtMultimedia_framework --> node_venv_lib_python3_12_site-packages_PyQt6_Qt6_lib_QtMultimedia_framework_Resources["Resources"]\n    node_venv_lib_python3_12_site-packages_PyQt6_Qt6_lib_QtMultimedia_framework_Resources --> node_venv_lib_python3_12_site-packages_PyQt6_Qt6_lib_QtMultimedia_framework_Resources_Info_plist["Info.plist"]\n    Root --> node_venv["venv"]\n    node_venv --> node_venv_lib["lib"]\n    node_venv_lib --> node_venv_lib_python3_12["python3.12"]\n    node_venv_lib_python3_12 --> node_venv_lib_python3_12_site-packages["site-packages"]\n    node_venv_lib_python3_12_site-packages --> node_venv_lib_python3_12_site-packages_PyQt6["PyQt6"]\n    node_venv_lib_python3_12_site-packages_PyQt6 --> node_venv_lib_python3_12_site-packages_PyQt6_Qt6["Qt6"]\n    node_venv_lib_python3_12_site-packages_PyQt6_Qt6 --> node_venv_lib_python3_12_site-packages_PyQt6_Qt6_lib["lib"]\n    node_venv_lib_python3_12_site-packages_PyQt6_Qt6_lib --> node_venv_lib_python3_12_site-packages_PyQt6_Qt6_lib_QtMultimedia_framework["QtMultimedia.framework"]\n    node_venv_lib_python3_12_site-packages_PyQt6_Qt6_lib_QtMultimedia_framework --> node_venv_lib_python3_12_site-packages_PyQt6_Qt6_lib_QtMultimedia_framework_Resources["Resources"]\n    node_venv_lib_python3_12_site-packages_PyQt6_Qt6_lib_QtMultimedia_framework_Resources --> node_venv_lib_python3_12_site-packages_PyQt6_Qt6_lib_QtMultimedia_framework_Resources_PrivacyInfo_xcprivacy["PrivacyInfo.xcprivacy"]\n    Root --> node_venv["venv"]\n    node_venv --> node_venv_lib["lib"]\n    node_venv_lib --> node_venv_lib_python3_12["python3.12"]\n    node_venv_lib_python3_12 --> node_venv_lib_python3_12_site-packages["site-packages"]\n    node_venv_lib_python3_12_site-packages --> node_venv_lib_python3_12_site-packages_PyQt6["PyQt6"]\n    node_venv_lib_python3_12_site-packages_PyQt6 --> node_venv_lib_python3_12_site-packages_PyQt6_Qt6["Qt6"]\n    node_venv_lib_python3_12_site-packages_PyQt6_Qt6 --> node_venv_lib_python3_12_site-packages_PyQt6_Qt6_lib["lib"]\n    node_venv_lib_python3_12_site-packages_PyQt6_Qt6_lib --> node_venv_lib_python3_12_site-packages_PyQt6_Qt6_lib_QtMultimedia_framework["QtMultimedia.framework"]\n    node_venv_lib_python3_12_site-packages_PyQt6_Qt6_lib_QtMultimedia_framework --> node_venv_lib_python3_12_site-packages_PyQt6_Qt6_lib_QtMultimedia_framework_Versions["Versions"]\n    node_venv_lib_python3_12_site-packages_PyQt6_Qt6_lib_QtMultimedia_framework_Versions --> node_venv_lib_python3_12_site-packages_PyQt6_Qt6_lib_QtMultimedia_framework_Versions_A["A"]\n    node_venv_lib_python3_12_site-packages_PyQt6_Qt6_lib_QtMultimedia_framework_Versions_A --> node_venv_lib_python3_12_site-packages_PyQt6_Qt6_lib_QtMultimedia_framework_Versions_A_QtMultimedia["QtMultimedia"]\n    Root --> node_venv["venv"]\n    node_venv --> node_venv_lib["lib"]\n    node_venv_lib --> node_venv_lib_python3_12["python3.12"]\n    node_venv_lib_python3_12 --> node_venv_lib_python3_12_site-packages["site-packages"]\n    node_venv_lib_python3_12_site-packages --> node_venv_lib_python3_12_site-packages_PyQt6["PyQt6"]\n    node_venv_lib_python3_12_site-packages_PyQt6 --> node_venv_lib_python3_12_site-packages_PyQt6_Qt6["Qt6"]\n    node_venv_lib_python3_12_site-packages_PyQt6_Qt6 --> node_venv_lib_python3_12_site-packages_PyQt6_Qt6_lib["lib"]\n    node_venv_lib_python3_12_site-packages_PyQt6_Qt6_lib --> node_venv_lib_python3_12_site-packages_PyQt6_Qt6_lib_QtQmlWorkerScript_framework["QtQmlWorkerScript.framework"]\n    node_venv_lib_python3_12_site-packages_PyQt6_Qt6_lib_QtQmlWorkerScript_framework --> node_venv_lib_python3_12_site-packages_PyQt6_Qt6_lib_QtQmlWorkerScript_framework_Resources["Resources"]\n    node_venv_lib_python3_12_site-packages_PyQt6_Qt6_lib_QtQmlWorkerScript_framework_Resources --> node_venv_lib_python3_12_site-packages_PyQt6_Qt6_lib_QtQmlWorkerScript_framework_Resources_Info_plist["Info.plist"]\n    Root --> node_venv["venv"]\n    node_venv --> node_venv_lib["lib"]\n    node_venv_lib --> node_venv_lib_python3_12["python3.12"]\n    node_venv_lib_python3_12 --> node_venv_lib_python3_12_site-packages["site-packages"]\n    node_venv_lib_python3_12_site-packages --> node_venv_lib_python3_12_site-packages_PyQt6["PyQt6"]\n    node_venv_lib_python3_12_site-packages_PyQt6 --> node_venv_lib_python3_12_site-packages_PyQt6_Qt6["Qt6"]\n    node_venv_lib_python3_12_site-packages_PyQt6_Qt6 --> node_venv_lib_python3_12_site-packages_PyQt6_Qt6_lib["lib"]\n    node_venv_lib_python3_12_site-packages_PyQt6_Qt6_lib --> node_venv_lib_python3_12_site-packages_PyQt6_Qt6_lib_QtQmlWorkerScript_framework["QtQmlWorkerScript.framework"]\n    node_venv_lib_python3_12_site-packages_PyQt6_Qt6_lib_QtQmlWorkerScript_framework --> node_venv_lib_python3_12_site-packages_PyQt6_Qt6_lib_QtQmlWorkerScript_framework_Resources["Resources"]\n    node_venv_lib_python3_12_site-packages_PyQt6_Qt6_lib_QtQmlWorkerScript_framework_Resources --> node_venv_lib_python3_12_site-packages_PyQt6_Qt6_lib_QtQmlWorkerScript_framework_Resources_PrivacyInfo_xcprivacy["PrivacyInfo.xcprivacy"]\n    Root --> node_venv["venv"]\n    node_venv --> node_venv_lib["lib"]\n    node_venv_lib --> node_venv_lib_python3_12["python3.12"]\n    node_venv_lib_python3_12 --> node_venv_lib_python3_12_site-packages["site-packages"]\n    node_venv_lib_python3_12_site-packages --> node_venv_lib_python3_12_site-packages_PyQt6["PyQt6"]\n    node_venv_lib_python3_12_site-packages_PyQt6 --> node_venv_lib_python3_12_site-packages_PyQt6_Qt6["Qt6"]\n    node_venv_lib_python3_12_site-packages_PyQt6_Qt6 --> node_venv_lib_python3_12_site-packages_PyQt6_Qt6_lib["lib"]\n    node_venv_lib_python3_12_site-packages_PyQt6_Qt6_lib --> node_venv_lib_python3_12_site-packages_PyQt6_Qt6_lib_QtQmlWorkerScript_framework["QtQmlWorkerScript.framework"]\n    node_venv_lib_python3_12_site-packages_PyQt6_Qt6_lib_QtQmlWorkerScript_framework --> node_venv_lib_python3_12_site-packages_PyQt6_Qt6_lib_QtQmlWorkerScript_framework_Versions["Versions"]\n    node_venv_lib_python3_12_site-packages_PyQt6_Qt6_lib_QtQmlWorkerScript_framework_Versions --> node_venv_lib_python3_12_site-packages_PyQt6_Qt6_lib_QtQmlWorkerScript_framework_Versions_A["A"]\n    node_venv_lib_python3_12_site-packages_PyQt6_Qt6_lib_QtQmlWorkerScript_framework_Versions_A --> node_venv_lib_python3_12_site-packages_PyQt6_Qt6_lib_QtQmlWorkerScript_framework_Versions_A_QtQmlWorkerScript["QtQmlWorkerScript"]\n    Root --> node_venv["venv"]\n    node_venv --> node_venv_lib["lib"]\n    node_venv_lib --> node_venv_lib_python3_12["python3.12"]\n    node_venv_lib_python3_12 --> node_venv_lib_python3_12_site-packages["site-packages"]\n    node_venv_lib_python3_12_site-packages --> node_venv_lib_python3_12_site-packages_PyQt6["PyQt6"]\n    node_venv_lib_python3_12_site-packages_PyQt6 --> node_venv_lib_python3_12_site-packages_PyQt6_Qt6["Qt6"]\n    node_venv_lib_python3_12_site-packages_PyQt6_Qt6 --> node_venv_lib_python3_12_site-packages_PyQt6_Qt6_lib["lib"]\n    node_venv_lib_python3_12_site-packages_PyQt6_Qt6_lib --> node_venv_lib_python3_12_site-packages_PyQt6_Qt6_lib_QtStateMachine_framework["QtStateMachine.framework"]\n    node_venv_lib_python3_12_site-packages_PyQt6_Qt6_lib_QtStateMachine_framework --> node_venv_lib_python3_12_site-packages_PyQt6_Qt6_lib_QtStateMachine_framework_Resources["Resources"]\n    node_venv_lib_python3_12_site-packages_PyQt6_Qt6_lib_QtStateMachine_framework_Resources --> node_venv_lib_python3_12_site-packages_PyQt6_Qt6_lib_QtStateMachine_framework_Resources_Info_plist["Info.plist"]\n    Root --> node_venv["venv"]\n    node_venv --> node_venv_lib["lib"]\n    node_venv_lib --> node_venv_lib_python3_12["python3.12"]\n    node_venv_lib_python3_12 --> node_venv_lib_python3_12_site-packages["site-packages"]\n    node_venv_lib_python3_12_site-packages --> node_venv_lib_python3_12_site-packages_PyQt6["PyQt6"]\n    node_venv_lib_python3_12_site-packages_PyQt6 --> node_venv_lib_python3_12_site-packages_PyQt6_Qt6["Qt6"]\n    node_venv_lib_python3_12_site-packages_PyQt6_Qt6 --> node_venv_lib_python3_12_site-packages_PyQt6_Qt6_lib["lib"]\n    node_venv_lib_python3_12_site-packages_PyQt6_Qt6_lib --> node_venv_lib_python3_12_site-packages_PyQt6_Qt6_lib_QtStateMachine_framework["QtStateMachine.framework"]\n    node_venv_lib_python3_12_site-packages_PyQt6_Qt6_lib_QtStateMachine_framework --> node_venv_lib_python3_12_site-packages_PyQt6_Qt6_lib_QtStateMachine_framework_Resources["Resources"]\n    node_venv_lib_python3_12_site-packages_PyQt6_Qt6_lib_QtStateMachine_framework_Resources --> node_venv_lib_python3_12_site-packages_PyQt6_Qt6_lib_QtStateMachine_framework_Resources_PrivacyInfo_xcprivacy["PrivacyInfo.xcprivacy"]\n    Root --> node_venv["venv"]\n    node_venv --> node_venv_lib["lib"]\n    node_venv_lib --> node_venv_lib_python3_12["python3.12"]\n    node_venv_lib_python3_12 --> node_venv_lib_python3_12_site-packages["site-packages"]\n    node_venv_lib_python3_12_site-packages --> node_venv_lib_python3_12_site-packages_PyQt6["PyQt6"]\n    node_venv_lib_python3_12_site-packages_PyQt6 --> node_venv_lib_python3_12_site-packages_PyQt6_Qt6["Qt6"]\n    node_venv_lib_python3_12_site-packages_PyQt6_Qt6 --> node_venv_lib_python3_12_site-packages_PyQt6_Qt6_lib["lib"]\n    node_venv_lib_python3_12_site-packages_PyQt6_Qt6_lib --> node_venv_lib_python3_12_site-packages_PyQt6_Qt6_lib_QtStateMachine_framework["QtStateMachine.framework"]\n    node_venv_lib_python3_12_site-packages_PyQt6_Qt6_lib_QtStateMachine_framework --> node_venv_lib_python3_12_site-packages_PyQt6_Qt6_lib_QtStateMachine_framework_Versions["Versions"]\n    node_venv_lib_python3_12_site-packages_PyQt6_Qt6_lib_QtStateMachine_framework_Versions --> node_venv_lib_python3_12_site-packages_PyQt6_Qt6_lib_QtStateMachine_framework_Versions_A["A"]\n    node_venv_lib_python3_12_site-packages_PyQt6_Qt6_lib_QtStateMachine_framework_Versions_A --> node_venv_lib_python3_12_site-packages_PyQt6_Qt6_lib_QtStateMachine_framework_Versions_A_QtStateMachine["QtStateMachine"]\n    Root --> node_venv["venv"]\n    node_venv --> node_venv_lib["lib"]\n    node_venv_lib --> node_venv_lib_python3_12["python3.12"]\n    node_venv_lib_python3_12 --> node_venv_lib_python3_12_site-packages["site-packages"]\n    node_venv_lib_python3_12_site-packages --> node_venv_lib_python3_12_site-packages_PyQt6["PyQt6"]\n    node_venv_lib_python3_12_site-packages_PyQt6 --> node_venv_lib_python3_12_site-packages_PyQt6_Qt6["Qt6"]\n    node_venv_lib_python3_12_site-packages_PyQt6_Qt6 --> node_venv_lib_python3_12_site-packages_PyQt6_Qt6_lib["lib"]\n    node_venv_lib_python3_12_site-packages_PyQt6_Qt6_lib --> node_venv_lib_python3_12_site-packages_PyQt6_Qt6_lib_QtQuickControls2Impl_framework["QtQuickControls2Impl.framework"]\n    node_venv_lib_python3_12_site-packages_PyQt6_Qt6_lib_QtQuickControls2Impl_framework --> node_venv_lib_python3_12_site-packages_PyQt6_Qt6_lib_QtQuickControls2Impl_framework_Resources["Resources"]\n    node_venv_lib_python3_12_site-packages_PyQt6_Qt6_lib_QtQuickControls2Impl_framework_Resources --> node_venv_lib_python3_12_site-packages_PyQt6_Qt6_lib_QtQuickControls2Impl_framework_Resources_Info_plist["Info.plist"]\n    Root --> node_venv["venv"]\n    node_venv --> node_venv_lib["lib"]\n    node_venv_lib --> node_venv_lib_python3_12["python3.12"]\n    node_venv_lib_python3_12 --> node_venv_lib_python3_12_site-packages["site-packages"]\n    node_venv_lib_python3_12_site-packages --> node_venv_lib_python3_12_site-packages_PyQt6["PyQt6"]\n    node_venv_lib_python3_12_site-packages_PyQt6 --> node_venv_lib_python3_12_site-packages_PyQt6_Qt6["Qt6"]\n    node_venv_lib_python3_12_site-packages_PyQt6_Qt6 --> node_venv_lib_python3_12_site-packages_PyQt6_Qt6_lib["lib"]\n    node_venv_lib_python3_12_site-packages_PyQt6_Qt6_lib --> node_venv_lib_python3_12_site-packages_PyQt6_Qt6_lib_QtQuickControls2Impl_framework["QtQuickControls2Impl.framework"]\n    node_venv_lib_python3_12_site-packages_PyQt6_Qt6_lib_QtQuickControls2Impl_framework --> node_venv_lib_python3_12_site-packages_PyQt6_Qt6_lib_QtQuickControls2Impl_framework_Resources["Resources"]\n    node_venv_lib_python3_12_site-packages_PyQt6_Qt6_lib_QtQuickControls2Impl_framework_Resources --> node_venv_lib_python3_12_site-packages_PyQt6_Qt6_lib_QtQuickControls2Impl_framework_Resources_PrivacyInfo_xcprivacy["PrivacyInfo.xcprivacy"]\n    Root --> node_venv["venv"]\n    node_venv --> node_venv_lib["lib"]\n    node_venv_lib --> node_venv_lib_python3_12["python3.12"]\n    node_venv_lib_python3_12 --> node_venv_lib_python3_12_site-packages["site-packages"]\n    node_venv_lib_python3_12_site-packages --> node_venv_lib_python3_12_site-packages_PyQt6["PyQt6"]\n    node_venv_lib_python3_12_site-packages_PyQt6 --> node_venv_lib_python3_12_site-packages_PyQt6_Qt6["Qt6"]\n    node_venv_lib_python3_12_site-packages_PyQt6_Qt6 --> node_venv_lib_python3_12_site-packages_PyQt6_Qt6_lib["lib"]\n    node_venv_lib_python3_12_site-packages_PyQt6_Qt6_lib --> node_venv_lib_python3_12_site-packages_PyQt6_Qt6_lib_QtQuickControls2Impl_framework["QtQuickControls2Impl.framework"]\n    node_venv_lib_python3_12_site-packages_PyQt6_Qt6_lib_QtQuickControls2Impl_framework --> node_venv_lib_python3_12_site-packages_PyQt6_Qt6_lib_QtQuickControls2Impl_framework_Versions["Versions"]\n    node_venv_lib_python3_12_site-packages_PyQt6_Qt6_lib_QtQuickControls2Impl_framework_Versions --> node_venv_lib_python3_12_site-packages_PyQt6_Qt6_lib_QtQuickControls2Impl_framework_Versions_A["A"]\n    node_venv_lib_python3_12_site-packages_PyQt6_Qt6_lib_QtQuickControls2Impl_framework_Versions_A --> node_venv_lib_python3_12_site-packages_PyQt6_Qt6_lib_QtQuickControls2Impl_framework_Versions_A_QtQuickControls2Impl["QtQuickControls2Impl"]\n    Root --> node_venv["venv"]\n    node_venv --> node_venv_lib["lib"]\n    node_venv_lib --> node_venv_lib_python3_12["python3.12"]\n    node_venv_lib_python3_12 --> node_venv_lib_python3_12_site-packages["site-packages"]\n    node_venv_lib_python3_12_site-packages --> node_venv_lib_python3_12_site-packages_PyQt6["PyQt6"]\n    node_venv_lib_python3_12_site-packages_PyQt6 --> node_venv_lib_python3_12_site-packages_PyQt6_Qt6["Qt6"]\n    node_venv_lib_python3_12_site-packages_PyQt6_Qt6 --> node_venv_lib_python3_12_site-packages_PyQt6_Qt6_lib["lib"]\n    node_venv_lib_python3_12_site-packages_PyQt6_Qt6_lib --> node_venv_lib_python3_12_site-packages_PyQt6_Qt6_lib_QtOpenGL_framework["QtOpenGL.framework"]\n    node_venv_lib_python3_12_site-packages_PyQt6_Qt6_lib_QtOpenGL_framework --> node_venv_lib_python3_12_site-packages_PyQt6_Qt6_lib_QtOpenGL_framework_Resources["Resources"]\n    node_venv_lib_python3_12_site-packages_PyQt6_Qt6_lib_QtOpenGL_framework_Resources --> node_venv_lib_python3_12_site-packages_PyQt6_Qt6_lib_QtOpenGL_framework_Resources_Info_plist["Info.plist"]\n    Root --> node_venv["venv"]\n    node_venv --> node_venv_lib["lib"]\n    node_venv_lib --> node_venv_lib_python3_12["python3.12"]\n    node_venv_lib_python3_12 --> node_venv_lib_python3_12_site-packages["site-packages"]\n    node_venv_lib_python3_12_site-packages --> node_venv_lib_python3_12_site-packages_PyQt6["PyQt6"]\n    node_venv_lib_python3_12_site-packages_PyQt6 --> node_venv_lib_python3_12_site-packages_PyQt6_Qt6["Qt6"]\n    node_venv_lib_python3_12_site-packages_PyQt6_Qt6 --> node_venv_lib_python3_12_site-packages_PyQt6_Qt6_lib["lib"]\n    node_venv_lib_python3_12_site-packages_PyQt6_Qt6_lib --> node_venv_lib_python3_12_site-packages_PyQt6_Qt6_lib_QtOpenGL_framework["QtOpenGL.framework"]\n    node_venv_lib_python3_12_site-packages_PyQt6_Qt6_lib_QtOpenGL_framework --> node_venv_lib_python3_12_site-packages_PyQt6_Qt6_lib_QtOpenGL_framework_Resources["Resources"]\n    node_venv_lib_python3_12_site-packages_PyQt6_Qt6_lib_QtOpenGL_framework_Resources --> node_venv_lib_python3_12_site-packages_PyQt6_Qt6_lib_QtOpenGL_framework_Resources_PrivacyInfo_xcprivacy["PrivacyInfo.xcprivacy"]\n    Root --> node_venv["venv"]\n    node_venv --> node_venv_lib["lib"]\n    node_venv_lib --> node_venv_lib_python3_12["python3.12"]\n    node_venv_lib_python3_12 --> node_venv_lib_python3_12_site-packages["site-packages"]\n    node_venv_lib_python3_12_site-packages --> node_venv_lib_python3_12_site-packages_PyQt6["PyQt6"]\n    node_venv_lib_python3_12_site-packages_PyQt6 --> node_venv_lib_python3_12_site-packages_PyQt6_Qt6["Qt6"]\n    node_venv_lib_python3_12_site-packages_PyQt6_Qt6 --> node_venv_lib_python3_12_site-packages_PyQt6_Qt6_lib["lib"]\n    node_venv_lib_python3_12_site-packages_PyQt6_Qt6_lib --> node_venv_lib_python3_12_site-packages_PyQt6_Qt6_lib_QtOpenGL_framework["QtOpenGL.framework"]\n    node_venv_lib_python3_12_site-packages_PyQt6_Qt6_lib_QtOpenGL_framework --> node_venv_lib_python3_12_site-packages_PyQt6_Qt6_lib_QtOpenGL_framework_Versions["Versions"]\n    node_venv_lib_python3_12_site-packages_PyQt6_Qt6_lib_QtOpenGL_framework_Versions --> node_venv_lib_python3_12_site-packages_PyQt6_Qt6_lib_QtOpenGL_framework_Versions_A["A"]\n    node_venv_lib_python3_12_site-packages_PyQt6_Qt6_lib_QtOpenGL_framework_Versions_A --> node_venv_lib_python3_12_site-packages_PyQt6_Qt6_lib_QtOpenGL_framework_Versions_A_QtOpenGL["QtOpenGL"]\n    Root --> node_venv["venv"]\n    node_venv --> node_venv_lib["lib"]\n    node_venv_lib --> node_venv_lib_python3_12["python3.12"]\n    node_venv_lib_python3_12 --> node_venv_lib_python3_12_site-packages["site-packages"]\n    node_venv_lib_python3_12_site-packages --> node_venv_lib_python3_12_site-packages_PyQt6["PyQt6"]\n    node_venv_lib_python3_12_site-packages_PyQt6 --> node_venv_lib_python3_12_site-packages_PyQt6_Qt6["Qt6"]\n    node_venv_lib_python3_12_site-packages_PyQt6_Qt6 --> node_venv_lib_python3_12_site-packages_PyQt6_Qt6_lib["lib"]\n    node_venv_lib_python3_12_site-packages_PyQt6_Qt6_lib --> node_venv_lib_python3_12_site-packages_PyQt6_Qt6_lib_QtQuick3DPhysicsHelpers_framework["QtQuick3DPhysicsHelpers.framework"]\n    node_venv_lib_python3_12_site-packages_PyQt6_Qt6_lib_QtQuick3DPhysicsHelpers_framework --> node_venv_lib_python3_12_site-packages_PyQt6_Qt6_lib_QtQuick3DPhysicsHelpers_framework_Resources["Resources"]\n    node_venv_lib_python3_12_site-packages_PyQt6_Qt6_lib_QtQuick3DPhysicsHelpers_framework_Resources --> node_venv_lib_python3_12_site-packages_PyQt6_Qt6_lib_QtQuick3DPhysicsHelpers_framework_Resources_Info_plist["Info.plist"]\n    Root --> node_venv["venv"]\n    node_venv --> node_venv_lib["lib"]\n    node_venv_lib --> node_venv_lib_python3_12["python3.12"]\n    node_venv_lib_python3_12 --> node_venv_lib_python3_12_site-packages["site-packages"]\n    node_venv_lib_python3_12_site-packages --> node_venv_lib_python3_12_site-packages_PyQt6["PyQt6"]\n    node_venv_lib_python3_12_site-packages_PyQt6 --> node_venv_lib_python3_12_site-packages_PyQt6_Qt6["Qt6"]\n    node_venv_lib_python3_12_site-packages_PyQt6_Qt6 --> node_venv_lib_python3_12_site-packages_PyQt6_Qt6_lib["lib"]\n    node_venv_lib_python3_12_site-packages_PyQt6_Qt6_lib --> node_venv_lib_python3_12_site-packages_PyQt6_Qt6_lib_QtQuick3DPhysicsHelpers_framework["QtQuick3DPhysicsHelpers.framework"]\n    node_venv_lib_python3_12_site-packages_PyQt6_Qt6_lib_QtQuick3DPhysicsHelpers_framework --> node_venv_lib_python3_12_site-packages_PyQt6_Qt6_lib_QtQuick3DPhysicsHelpers_framework_Resources["Resources"]\n    node_venv_lib_python3_12_site-packages_PyQt6_Qt6_lib_QtQuick3DPhysicsHelpers_framework_Resources --> node_venv_lib_python3_12_site-packages_PyQt6_Qt6_lib_QtQuick3DPhysicsHelpers_framework_Resources_PrivacyInfo_xcprivacy["PrivacyInfo.xcprivacy"]\n    Root --> node_venv["venv"]\n    node_venv --> node_venv_lib["lib"]\n    node_venv_lib --> node_venv_lib_python3_12["python3.12"]\n    node_venv_lib_python3_12 --> node_venv_lib_python3_12_site-packages["site-packages"]\n    node_venv_lib_python3_12_site-packages --> node_venv_lib_python3_12_site-packages_PyQt6["PyQt6"]\n    node_venv_lib_python3_12_site-packages_PyQt6 --> node_venv_lib_python3_12_site-packages_PyQt6_Qt6["Qt6"]\n    node_venv_lib_python3_12_site-packages_PyQt6_Qt6 --> node_venv_lib_python3_12_site-packages_PyQt6_Qt6_lib["lib"]\n    node_venv_lib_python3_12_site-packages_PyQt6_Qt6_lib --> node_venv_lib_python3_12_site-packages_PyQt6_Qt6_lib_QtQuick3DPhysicsHelpers_framework["QtQuick3DPhysicsHelpers.framework"]\n    node_venv_lib_python3_12_site-packages_PyQt6_Qt6_lib_QtQuick3DPhysicsHelpers_framework --> node_venv_lib_python3_12_site-packages_PyQt6_Qt6_lib_QtQuick3DPhysicsHelpers_framework_Versions["Versions"]\n    node_venv_lib_python3_12_site-packages_PyQt6_Qt6_lib_QtQuick3DPhysicsHelpers_framework_Versions --> node_venv_lib_python3_12_site-packages_PyQt6_Qt6_lib_QtQuick3DPhysicsHelpers_framework_Versions_A["A"]\n    node_venv_lib_python3_12_site-packages_PyQt6_Qt6_lib_QtQuick3DPhysicsHelpers_framework_Versions_A --> node_venv_lib_python3_12_site-packages_PyQt6_Qt6_lib_QtQuick3DPhysicsHelpers_framework_Versions_A_QtQuick3DPhysicsHelpers["QtQuick3DPhysicsHelpers"]\n    Root --> node_venv["venv"]\n    node_venv --> node_venv_lib["lib"]\n    node_venv_lib --> node_venv_lib_python3_12["python3.12"]\n    node_venv_lib_python3_12 --> node_venv_lib_python3_12_site-packages["site-packages"]\n    node_venv_lib_python3_12_site-packages --> node_venv_lib_python3_12_site-packages_PyQt6["PyQt6"]\n    node_venv_lib_python3_12_site-packages_PyQt6 --> node_venv_lib_python3_12_site-packages_PyQt6_Qt6["Qt6"]\n    node_venv_lib_python3_12_site-packages_PyQt6_Qt6 --> node_venv_lib_python3_12_site-packages_PyQt6_Qt6_lib["lib"]\n    node_venv_lib_python3_12_site-packages_PyQt6_Qt6_lib --> node_venv_lib_python3_12_site-packages_PyQt6_Qt6_lib_QtLabsQmlModels_framework["QtLabsQmlModels.framework"]\n    node_venv_lib_python3_12_site-packages_PyQt6_Qt6_lib_QtLabsQmlModels_framework --> node_venv_lib_python3_12_site-packages_PyQt6_Qt6_lib_QtLabsQmlModels_framework_Resources["Resources"]\n    node_venv_lib_python3_12_site-packages_PyQt6_Qt6_lib_QtLabsQmlModels_framework_Resources --> node_venv_lib_python3_12_site-packages_PyQt6_Qt6_lib_QtLabsQmlModels_framework_Resources_Info_plist["Info.plist"]\n    Root --> node_venv["venv"]\n    node_venv --> node_venv_lib["lib"]\n    node_venv_lib --> node_venv_lib_python3_12["python3.12"]\n    node_venv_lib_python3_12 --> node_venv_lib_python3_12_site-packages["site-packages"]\n    node_venv_lib_python3_12_site-packages --> node_venv_lib_python3_12_site-packages_PyQt6["PyQt6"]\n    node_venv_lib_python3_12_site-packages_PyQt6 --> node_venv_lib_python3_12_site-packages_PyQt6_Qt6["Qt6"]\n    node_venv_lib_python3_12_site-packages_PyQt6_Qt6 --> node_venv_lib_python3_12_site-packages_PyQt6_Qt6_lib["lib"]\n    node_venv_lib_python3_12_site-packages_PyQt6_Qt6_lib --> node_venv_lib_python3_12_site-packages_PyQt6_Qt6_lib_QtLabsQmlModels_framework["QtLabsQmlModels.framework"]\n    node_venv_lib_python3_12_site-packages_PyQt6_Qt6_lib_QtLabsQmlModels_framework --> node_venv_lib_python3_12_site-packages_PyQt6_Qt6_lib_QtLabsQmlModels_framework_Resources["Resources"]\n    node_venv_lib_python3_12_site-packages_PyQt6_Qt6_lib_QtLabsQmlModels_framework_Resources --> node_venv_lib_python3_12_site-packages_PyQt6_Qt6_lib_QtLabsQmlModels_framework_Resources_PrivacyInfo_xcprivacy["PrivacyInfo.xcprivacy"]\n    Root --> node_venv["venv"]\n    node_venv --> node_venv_lib["lib"]\n    node_venv_lib --> node_venv_lib_python3_12["python3.12"]\n    node_venv_lib_python3_12 --> node_venv_lib_python3_12_site-packages["site-packages"]\n    node_venv_lib_python3_12_site-packages --> node_venv_lib_python3_12_site-packages_PyQt6["PyQt6"]\n    node_venv_lib_python3_12_site-packages_PyQt6 --> node_venv_lib_python3_12_site-packages_PyQt6_Qt6["Qt6"]\n    node_venv_lib_python3_12_site-packages_PyQt6_Qt6 --> node_venv_lib_python3_12_site-packages_PyQt6_Qt6_lib["lib"]\n    node_venv_lib_python3_12_site-packages_PyQt6_Qt6_lib --> node_venv_lib_python3_12_site-packages_PyQt6_Qt6_lib_QtLabsQmlModels_framework["QtLabsQmlModels.framework"]\n    node_venv_lib_python3_12_site-packages_PyQt6_Qt6_lib_QtLabsQmlModels_framework --> node_venv_lib_python3_12_site-packages_PyQt6_Qt6_lib_QtLabsQmlModels_framework_Versions["Versions"]\n    node_venv_lib_python3_12_site-packages_PyQt6_Qt6_lib_QtLabsQmlModels_framework_Versions --> node_venv_lib_python3_12_site-packages_PyQt6_Qt6_lib_QtLabsQmlModels_framework_Versions_A["A"]\n    node_venv_lib_python3_12_site-packages_PyQt6_Qt6_lib_QtLabsQmlModels_framework_Versions_A --> node_venv_lib_python3_12_site-packages_PyQt6_Qt6_lib_QtLabsQmlModels_framework_Versions_A_QtLabsQmlModels["QtLabsQmlModels"]\n    Root --> node_venv["venv"]\n    node_venv --> node_venv_lib["lib"]\n    node_venv_lib --> node_venv_lib_python3_12["python3.12"]\n    node_venv_lib_python3_12 --> node_venv_lib_python3_12_site-packages["site-packages"]\n    node_venv_lib_python3_12_site-packages --> node_venv_lib_python3_12_site-packages_PyQt6["PyQt6"]\n    node_venv_lib_python3_12_site-packages_PyQt6 --> node_venv_lib_python3_12_site-packages_PyQt6_Qt6["Qt6"]\n    node_venv_lib_python3_12_site-packages_PyQt6_Qt6 --> node_venv_lib_python3_12_site-packages_PyQt6_Qt6_lib["lib"]\n    node_venv_lib_python3_12_site-packages_PyQt6_Qt6_lib --> node_venv_lib_python3_12_site-packages_PyQt6_Qt6_lib_QtQuickControls2Universal_framework["QtQuickControls2Universal.framework"]\n    node_venv_lib_python3_12_site-packages_PyQt6_Qt6_lib_QtQuickControls2Universal_framework --> node_venv_lib_python3_12_site-packages_PyQt6_Qt6_lib_QtQuickControls2Universal_framework_Resources["Resources"]\n    node_venv_lib_python3_12_site-packages_PyQt6_Qt6_lib_QtQuickControls2Universal_framework_Resources --> node_venv_lib_python3_12_site-packages_PyQt6_Qt6_lib_QtQuickControls2Universal_framework_Resources_Info_plist["Info.plist"]\n    Root --> node_venv["venv"]\n    node_venv --> node_venv_lib["lib"]\n    node_venv_lib --> node_venv_lib_python3_12["python3.12"]\n    node_venv_lib_python3_12 --> node_venv_lib_python3_12_site-packages["site-packages"]\n    node_venv_lib_python3_12_site-packages --> node_venv_lib_python3_12_site-packages_PyQt6["PyQt6"]\n    node_venv_lib_python3_12_site-packages_PyQt6 --> node_venv_lib_python3_12_site-packages_PyQt6_Qt6["Qt6"]\n    node_venv_lib_python3_12_site-packages_PyQt6_Qt6 --> node_venv_lib_python3_12_site-packages_PyQt6_Qt6_lib["lib"]\n    node_venv_lib_python3_12_site-packages_PyQt6_Qt6_lib --> node_venv_lib_python3_12_site-packages_PyQt6_Qt6_lib_QtQuickControls2Universal_framework["QtQuickControls2Universal.framework"]\n    node_venv_lib_python3_12_site-packages_PyQt6_Qt6_lib_QtQuickControls2Universal_framework --> node_venv_lib_python3_12_site-packages_PyQt6_Qt6_lib_QtQuickControls2Universal_framework_Resources["Resources"]\n    node_venv_lib_python3_12_site-packages_PyQt6_Qt6_lib_QtQuickControls2Universal_framework_Resources --> node_venv_lib_python3_12_site-packages_PyQt6_Qt6_lib_QtQuickControls2Universal_framework_Resources_PrivacyInfo_xcprivacy["PrivacyInfo.xcprivacy"]\n    Root --> node_venv["venv"]\n    node_venv --> node_venv_lib["lib"]\n    node_venv_lib --> node_venv_lib_python3_12["python3.12"]\n    node_venv_lib_python3_12 --> node_venv_lib_python3_12_site-packages["site-packages"]\n    node_venv_lib_python3_12_site-packages --> node_venv_lib_python3_12_site-packages_PyQt6["PyQt6"]\n    node_venv_lib_python3_12_site-packages_PyQt6 --> node_venv_lib_python3_12_site-packages_PyQt6_Qt6["Qt6"]\n    node_venv_lib_python3_12_site-packages_PyQt6_Qt6 --> node_venv_lib_python3_12_site-packages_PyQt6_Qt6_lib["lib"]\n    node_venv_lib_python3_12_site-packages_PyQt6_Qt6_lib --> node_venv_lib_python3_12_site-packages_PyQt6_Qt6_lib_QtQuickControls2Universal_framework["QtQuickControls2Universal.framework"]\n    node_venv_lib_python3_12_site-packages_PyQt6_Qt6_lib_QtQuickControls2Universal_framework --> node_venv_lib_python3_12_site-packages_PyQt6_Qt6_lib_QtQuickControls2Universal_framework_Versions["Versions"]\n    node_venv_lib_python3_12_site-packages_PyQt6_Qt6_lib_QtQuickControls2Universal_framework_Versions --> node_venv_lib_python3_12_site-packages_PyQt6_Qt6_lib_QtQuickControls2Universal_framework_Versions_A["A"]\n    node_venv_lib_python3_12_site-packages_PyQt6_Qt6_lib_QtQuickControls2Universal_framework_Versions_A --> node_venv_lib_python3_12_site-packages_PyQt6_Qt6_lib_QtQuickControls2Universal_framework_Versions_A_QtQuickControls2Universal["QtQuickControls2Universal"]\n    Root --> node_venv["venv"]\n    node_venv --> node_venv_lib["lib"]\n    node_venv_lib --> node_venv_lib_python3_12["python3.12"]\n    node_venv_lib_python3_12 --> node_venv_lib_python3_12_site-packages["site-packages"]\n    node_venv_lib_python3_12_site-packages --> node_venv_lib_python3_12_site-packages_PyQt6["PyQt6"]\n    node_venv_lib_python3_12_site-packages_PyQt6 --> node_venv_lib_python3_12_site-packages_PyQt6_Qt6["Qt6"]\n    node_venv_lib_python3_12_site-packages_PyQt6_Qt6 --> node_venv_lib_python3_12_site-packages_PyQt6_Qt6_lib["lib"]\n    node_venv_lib_python3_12_site-packages_PyQt6_Qt6_lib --> node_venv_lib_python3_12_site-packages_PyQt6_Qt6_lib_QtOpenGLWidgets_framework["QtOpenGLWidgets.framework"]\n    node_venv_lib_python3_12_site-packages_PyQt6_Qt6_lib_QtOpenGLWidgets_framework --> node_venv_lib_python3_12_site-packages_PyQt6_Qt6_lib_QtOpenGLWidgets_framework_Resources["Resources"]\n    node_venv_lib_python3_12_site-packages_PyQt6_Qt6_lib_QtOpenGLWidgets_framework_Resources --> node_venv_lib_python3_12_site-packages_PyQt6_Qt6_lib_QtOpenGLWidgets_framework_Resources_Info_plist["Info.plist"]\n    Root --> node_venv["venv"]\n    node_venv --> node_venv_lib["lib"]\n    node_venv_lib --> node_venv_lib_python3_12["python3.12"]\n    node_venv_lib_python3_12 --> node_venv_lib_python3_12_site-packages["site-packages"]\n    node_venv_lib_python3_12_site-packages --> node_venv_lib_python3_12_site-packages_PyQt6["PyQt6"]\n    node_venv_lib_python3_12_site-packages_PyQt6 --> node_venv_lib_python3_12_site-packages_PyQt6_Qt6["Qt6"]\n    node_venv_lib_python3_12_site-packages_PyQt6_Qt6 --> node_venv_lib_python3_12_site-packages_PyQt6_Qt6_lib["lib"]\n    node_venv_lib_python3_12_site-packages_PyQt6_Qt6_lib --> node_venv_lib_python3_12_site-packages_PyQt6_Qt6_lib_QtOpenGLWidgets_framework["QtOpenGLWidgets.framework"]\n    node_venv_lib_python3_12_site-packages_PyQt6_Qt6_lib_QtOpenGLWidgets_framework --> node_venv_lib_python3_12_site-packages_PyQt6_Qt6_lib_QtOpenGLWidgets_framework_Resources["Resources"]\n    node_venv_lib_python3_12_site-packages_PyQt6_Qt6_lib_QtOpenGLWidgets_framework_Resources --> node_venv_lib_python3_12_site-packages_PyQt6_Qt6_lib_QtOpenGLWidgets_framework_Resources_PrivacyInfo_xcprivacy["PrivacyInfo.xcprivacy"]\n    Root --> node_venv["venv"]\n    node_venv --> node_venv_lib["lib"]\n    node_venv_lib --> node_venv_lib_python3_12["python3.12"]\n    node_venv_lib_python3_12 --> node_venv_lib_python3_12_site-packages["site-packages"]\n    node_venv_lib_python3_12_site-packages --> node_venv_lib_python3_12_site-packages_PyQt6["PyQt6"]\n    node_venv_lib_python3_12_site-packages_PyQt6 --> node_venv_lib_python3_12_site-packages_PyQt6_Qt6["Qt6"]\n    node_venv_lib_python3_12_site-packages_PyQt6_Qt6 --> node_venv_lib_python3_12_site-packages_PyQt6_Qt6_lib["lib"]\n    node_venv_lib_python3_12_site-packages_PyQt6_Qt6_lib --> node_venv_lib_python3_12_site-packages_PyQt6_Qt6_lib_QtOpenGLWidgets_framework["QtOpenGLWidgets.framework"]\n    node_venv_lib_python3_12_site-packages_PyQt6_Qt6_lib_QtOpenGLWidgets_framework --> node_venv_lib_python3_12_site-packages_PyQt6_Qt6_lib_QtOpenGLWidgets_framework_Versions["Versions"]\n    node_venv_lib_python3_12_site-packages_PyQt6_Qt6_lib_QtOpenGLWidgets_framework_Versions --> node_venv_lib_python3_12_site-packages_PyQt6_Qt6_lib_QtOpenGLWidgets_framework_Versions_A["A"]\n    node_venv_lib_python3_12_site-packages_PyQt6_Qt6_lib_QtOpenGLWidgets_framework_Versions_A --> node_venv_lib_python3_12_site-packages_PyQt6_Qt6_lib_QtOpenGLWidgets_framework_Versions_A_QtOpenGLWidgets["QtOpenGLWidgets"]\n    Root --> node_venv["venv"]\n    node_venv --> node_venv_lib["lib"]\n    node_venv_lib --> node_venv_lib_python3_12["python3.12"]\n    node_venv_lib_python3_12 --> node_venv_lib_python3_12_site-packages["site-packages"]\n    node_venv_lib_python3_12_site-packages --> node_venv_lib_python3_12_site-packages_PyQt6["PyQt6"]\n    node_venv_lib_python3_12_site-packages_PyQt6 --> node_venv_lib_python3_12_site-packages_PyQt6_Qt6["Qt6"]\n    node_venv_lib_python3_12_site-packages_PyQt6_Qt6 --> node_venv_lib_python3_12_site-packages_PyQt6_Qt6_lib["lib"]\n    node_venv_lib_python3_12_site-packages_PyQt6_Qt6_lib --> node_venv_lib_python3_12_site-packages_PyQt6_Qt6_lib_QtLabsSettings_framework["QtLabsSettings.framework"]\n    node_venv_lib_python3_12_site-packages_PyQt6_Qt6_lib_QtLabsSettings_framework --> node_venv_lib_python3_12_site-packages_PyQt6_Qt6_lib_QtLabsSettings_framework_Resources["Resources"]\n    node_venv_lib_python3_12_site-packages_PyQt6_Qt6_lib_QtLabsSettings_framework_Resources --> node_venv_lib_python3_12_site-packages_PyQt6_Qt6_lib_QtLabsSettings_framework_Resources_Info_plist["Info.plist"]\n    Root --> node_venv["venv"]\n    node_venv --> node_venv_lib["lib"]\n    node_venv_lib --> node_venv_lib_python3_12["python3.12"]\n    node_venv_lib_python3_12 --> node_venv_lib_python3_12_site-packages["site-packages"]\n    node_venv_lib_python3_12_site-packages --> node_venv_lib_python3_12_site-packages_PyQt6["PyQt6"]\n    node_venv_lib_python3_12_site-packages_PyQt6 --> node_venv_lib_python3_12_site-packages_PyQt6_Qt6["Qt6"]\n    node_venv_lib_python3_12_site-packages_PyQt6_Qt6 --> node_venv_lib_python3_12_site-packages_PyQt6_Qt6_lib["lib"]\n    node_venv_lib_python3_12_site-packages_PyQt6_Qt6_lib --> node_venv_lib_python3_12_site-packages_PyQt6_Qt6_lib_QtLabsSettings_framework["QtLabsSettings.framework"]\n    node_venv_lib_python3_12_site-packages_PyQt6_Qt6_lib_QtLabsSettings_framework --> node_venv_lib_python3_12_site-packages_PyQt6_Qt6_lib_QtLabsSettings_framework_Resources["Resources"]\n    node_venv_lib_python3_12_site-packages_PyQt6_Qt6_lib_QtLabsSettings_framework_Resources --> node_venv_lib_python3_12_site-packages_PyQt6_Qt6_lib_QtLabsSettings_framework_Resources_PrivacyInfo_xcprivacy["PrivacyInfo.xcprivacy"]\n    Root --> node_venv["venv"]\n    node_venv --> node_venv_lib["lib"]\n    node_venv_lib --> node_venv_lib_python3_12["python3.12"]\n    node_venv_lib_python3_12 --> node_venv_lib_python3_12_site-packages["site-packages"]\n    node_venv_lib_python3_12_site-packages --> node_venv_lib_python3_12_site-packages_PyQt6["PyQt6"]\n    node_venv_lib_python3_12_site-packages_PyQt6 --> node_venv_lib_python3_12_site-packages_PyQt6_Qt6["Qt6"]\n    node_venv_lib_python3_12_site-packages_PyQt6_Qt6 --> node_venv_lib_python3_12_site-packages_PyQt6_Qt6_lib["lib"]\n    node_venv_lib_python3_12_site-packages_PyQt6_Qt6_lib --> node_venv_lib_python3_12_site-packages_PyQt6_Qt6_lib_QtLabsSettings_framework["QtLabsSettings.framework"]\n    node_venv_lib_python3_12_site-packages_PyQt6_Qt6_lib_QtLabsSettings_framework --> node_venv_lib_python3_12_site-packages_PyQt6_Qt6_lib_QtLabsSettings_framework_Versions["Versions"]\n    node_venv_lib_python3_12_site-packages_PyQt6_Qt6_lib_QtLabsSettings_framework_Versions --> node_venv_lib_python3_12_site-packages_PyQt6_Qt6_lib_QtLabsSettings_framework_Versions_A["A"]\n    node_venv_lib_python3_12_site-packages_PyQt6_Qt6_lib_QtLabsSettings_framework_Versions_A --> node_venv_lib_python3_12_site-packages_PyQt6_Qt6_lib_QtLabsSettings_framework_Versions_A_QtLabsSettings["QtLabsSettings"]\n    Root --> node_venv["venv"]\n    node_venv --> node_venv_lib["lib"]\n    node_venv_lib --> node_venv_lib_python3_12["python3.12"]\n    node_venv_lib_python3_12 --> node_venv_lib_python3_12_site-packages["site-packages"]\n    node_venv_lib_python3_12_site-packages --> node_venv_lib_python3_12_site-packages_PyQt6["PyQt6"]\n    node_venv_lib_python3_12_site-packages_PyQt6 --> node_venv_lib_python3_12_site-packages_PyQt6_Qt6["Qt6"]\n    node_venv_lib_python3_12_site-packages_PyQt6_Qt6 --> node_venv_lib_python3_12_site-packages_PyQt6_Qt6_lib["lib"]\n    node_venv_lib_python3_12_site-packages_PyQt6_Qt6_lib --> node_venv_lib_python3_12_site-packages_PyQt6_Qt6_lib_QtSvgWidgets_framework["QtSvgWidgets.framework"]\n    node_venv_lib_python3_12_site-packages_PyQt6_Qt6_lib_QtSvgWidgets_framework --> node_venv_lib_python3_12_site-packages_PyQt6_Qt6_lib_QtSvgWidgets_framework_Resources["Resources"]\n    node_venv_lib_python3_12_site-packages_PyQt6_Qt6_lib_QtSvgWidgets_framework_Resources --> node_venv_lib_python3_12_site-packages_PyQt6_Qt6_lib_QtSvgWidgets_framework_Resources_Info_plist["Info.plist"]\n    Root --> node_venv["venv"]\n    node_venv --> node_venv_lib["lib"]\n    node_venv_lib --> node_venv_lib_python3_12["python3.12"]\n    node_venv_lib_python3_12 --> node_venv_lib_python3_12_site-packages["site-packages"]\n    node_venv_lib_python3_12_site-packages --> node_venv_lib_python3_12_site-packages_PyQt6["PyQt6"]\n    node_venv_lib_python3_12_site-packages_PyQt6 --> node_venv_lib_python3_12_site-packages_PyQt6_Qt6["Qt6"]\n    node_venv_lib_python3_12_site-packages_PyQt6_Qt6 --> node_venv_lib_python3_12_site-packages_PyQt6_Qt6_lib["lib"]\n    node_venv_lib_python3_12_site-packages_PyQt6_Qt6_lib --> node_venv_lib_python3_12_site-packages_PyQt6_Qt6_lib_QtSvgWidgets_framework["QtSvgWidgets.framework"]\n    node_venv_lib_python3_12_site-packages_PyQt6_Qt6_lib_QtSvgWidgets_framework --> node_venv_lib_python3_12_site-packages_PyQt6_Qt6_lib_QtSvgWidgets_framework_Resources["Resources"]\n    node_venv_lib_python3_12_site-packages_PyQt6_Qt6_lib_QtSvgWidgets_framework_Resources --> node_venv_lib_python3_12_site-packages_PyQt6_Qt6_lib_QtSvgWidgets_framework_Resources_PrivacyInfo_xcprivacy["PrivacyInfo.xcprivacy"]\n    Root --> node_venv["venv"]\n    node_venv --> node_venv_lib["lib"]\n    node_venv_lib --> node_venv_lib_python3_12["python3.12"]\n    node_venv_lib_python3_12 --> node_venv_lib_python3_12_site-packages["site-packages"]\n    node_venv_lib_python3_12_site-packages --> node_venv_lib_python3_12_site-packages_PyQt6["PyQt6"]\n    node_venv_lib_python3_12_site-packages_PyQt6 --> node_venv_lib_python3_12_site-packages_PyQt6_Qt6["Qt6"]\n    node_venv_lib_python3_12_site-packages_PyQt6_Qt6 --> node_venv_lib_python3_12_site-packages_PyQt6_Qt6_lib["lib"]\n    node_venv_lib_python3_12_site-packages_PyQt6_Qt6_lib --> node_venv_lib_python3_12_site-packages_PyQt6_Qt6_lib_QtSvgWidgets_framework["QtSvgWidgets.framework"]\n    node_venv_lib_python3_12_site-packages_PyQt6_Qt6_lib_QtSvgWidgets_framework --> node_venv_lib_python3_12_site-packages_PyQt6_Qt6_lib_QtSvgWidgets_framework_Versions["Versions"]\n    node_venv_lib_python3_12_site-packages_PyQt6_Qt6_lib_QtSvgWidgets_framework_Versions --> node_venv_lib_python3_12_site-packages_PyQt6_Qt6_lib_QtSvgWidgets_framework_Versions_A["A"]\n    node_venv_lib_python3_12_site-packages_PyQt6_Qt6_lib_QtSvgWidgets_framework_Versions_A --> node_venv_lib_python3_12_site-packages_PyQt6_Qt6_lib_QtSvgWidgets_framework_Versions_A_QtSvgWidgets["QtSvgWidgets"]\n    Root --> node_venv["venv"]\n    node_venv --> node_venv_lib["lib"]\n    node_venv_lib --> node_venv_lib_python3_12["python3.12"]\n    node_venv_lib_python3_12 --> node_venv_lib_python3_12_site-packages["site-packages"]\n    node_venv_lib_python3_12_site-packages --> node_venv_lib_python3_12_site-packages_PyQt6["PyQt6"]\n    node_venv_lib_python3_12_site-packages_PyQt6 --> node_venv_lib_python3_12_site-packages_PyQt6_Qt6["Qt6"]\n    node_venv_lib_python3_12_site-packages_PyQt6_Qt6 --> node_venv_lib_python3_12_site-packages_PyQt6_Qt6_lib["lib"]\n    node_venv_lib_python3_12_site-packages_PyQt6_Qt6_lib --> node_venv_lib_python3_12_site-packages_PyQt6_Qt6_lib_QtQuickControls2MacOSStyleImpl_framework["QtQuickControls2MacOSStyleImpl.framework"]\n    node_venv_lib_python3_12_site-packages_PyQt6_Qt6_lib_QtQuickControls2MacOSStyleImpl_framework --> node_venv_lib_python3_12_site-packages_PyQt6_Qt6_lib_QtQuickControls2MacOSStyleImpl_framework_Resources["Resources"]\n    node_venv_lib_python3_12_site-packages_PyQt6_Qt6_lib_QtQuickControls2MacOSStyleImpl_framework_Resources --> node_venv_lib_python3_12_site-packages_PyQt6_Qt6_lib_QtQuickControls2MacOSStyleImpl_framework_Resources_Info_plist["Info.plist"]\n    Root --> node_venv["venv"]\n    node_venv --> node_venv_lib["lib"]\n    node_venv_lib --> node_venv_lib_python3_12["python3.12"]\n    node_venv_lib_python3_12 --> node_venv_lib_python3_12_site-packages["site-packages"]\n    node_venv_lib_python3_12_site-packages --> node_venv_lib_python3_12_site-packages_PyQt6["PyQt6"]\n    node_venv_lib_python3_12_site-packages_PyQt6 --> node_venv_lib_python3_12_site-packages_PyQt6_Qt6["Qt6"]\n    node_venv_lib_python3_12_site-packages_PyQt6_Qt6 --> node_venv_lib_python3_12_site-packages_PyQt6_Qt6_lib["lib"]\n    node_venv_lib_python3_12_site-packages_PyQt6_Qt6_lib --> node_venv_lib_python3_12_site-packages_PyQt6_Qt6_lib_QtQuickControls2MacOSStyleImpl_framework["QtQuickControls2MacOSStyleImpl.framework"]\n    node_venv_lib_python3_12_site-packages_PyQt6_Qt6_lib_QtQuickControls2MacOSStyleImpl_framework --> node_venv_lib_python3_12_site-packages_PyQt6_Qt6_lib_QtQuickControls2MacOSStyleImpl_framework_Resources["Resources"]\n    node_venv_lib_python3_12_site-packages_PyQt6_Qt6_lib_QtQuickControls2MacOSStyleImpl_framework_Resources --> node_venv_lib_python3_12_site-packages_PyQt6_Qt6_lib_QtQuickControls2MacOSStyleImpl_framework_Resources_PrivacyInfo_xcprivacy["PrivacyInfo.xcprivacy"]\n    Root --> node_venv["venv"]\n    node_venv --> node_venv_lib["lib"]\n    node_venv_lib --> node_venv_lib_python3_12["python3.12"]\n    node_venv_lib_python3_12 --> node_venv_lib_python3_12_site-packages["site-packages"]\n    node_venv_lib_python3_12_site-packages --> node_venv_lib_python3_12_site-packages_PyQt6["PyQt6"]\n    node_venv_lib_python3_12_site-packages_PyQt6 --> node_venv_lib_python3_12_site-packages_PyQt6_Qt6["Qt6"]\n    node_venv_lib_python3_12_site-packages_PyQt6_Qt6 --> node_venv_lib_python3_12_site-packages_PyQt6_Qt6_lib["lib"]\n    node_venv_lib_python3_12_site-packages_PyQt6_Qt6_lib --> node_venv_lib_python3_12_site-packages_PyQt6_Qt6_lib_QtQuickControls2MacOSStyleImpl_framework["QtQuickControls2MacOSStyleImpl.framework"]\n    node_venv_lib_python3_12_site-packages_PyQt6_Qt6_lib_QtQuickControls2MacOSStyleImpl_framework --> node_venv_lib_python3_12_site-packages_PyQt6_Qt6_lib_QtQuickControls2MacOSStyleImpl_framework_Versions["Versions"]\n    node_venv_lib_python3_12_site-packages_PyQt6_Qt6_lib_QtQuickControls2MacOSStyleImpl_framework_Versions --> node_venv_lib_python3_12_site-packages_PyQt6_Qt6_lib_QtQuickControls2MacOSStyleImpl_framework_Versions_A["A"]\n    node_venv_lib_python3_12_site-packages_PyQt6_Qt6_lib_QtQuickControls2MacOSStyleImpl_framework_Versions_A --> node_venv_lib_python3_12_site-packages_PyQt6_Qt6_lib_QtQuickControls2MacOSStyleImpl_framework_Versions_A_QtQuickControls2MacOSStyleImpl["QtQuickControls2MacOSStyleImpl"]\n    Root --> node_venv["venv"]\n    node_venv --> node_venv_lib["lib"]\n    node_venv_lib --> node_venv_lib_python3_12["python3.12"]\n    node_venv_lib_python3_12 --> node_venv_lib_python3_12_site-packages["site-packages"]\n    node_venv_lib_python3_12_site-packages --> node_venv_lib_python3_12_site-packages_PyQt6["PyQt6"]\n    node_venv_lib_python3_12_site-packages_PyQt6 --> node_venv_lib_python3_12_site-packages_PyQt6_Qt6["Qt6"]\n    node_venv_lib_python3_12_site-packages_PyQt6_Qt6 --> node_venv_lib_python3_12_site-packages_PyQt6_Qt6_lib["lib"]\n    node_venv_lib_python3_12_site-packages_PyQt6_Qt6_lib --> node_venv_lib_python3_12_site-packages_PyQt6_Qt6_lib_QtQuickControls2MaterialStyleImpl_framework["QtQuickControls2MaterialStyleImpl.framework"]\n    node_venv_lib_python3_12_site-packages_PyQt6_Qt6_lib_QtQuickControls2MaterialStyleImpl_framework --> node_venv_lib_python3_12_site-packages_PyQt6_Qt6_lib_QtQuickControls2MaterialStyleImpl_framework_Resources["Resources"]\n    node_venv_lib_python3_12_site-packages_PyQt6_Qt6_lib_QtQuickControls2MaterialStyleImpl_framework_Resources --> node_venv_lib_python3_12_site-packages_PyQt6_Qt6_lib_QtQuickControls2MaterialStyleImpl_framework_Resources_Info_plist["Info.plist"]\n    Root --> node_venv["venv"]\n    node_venv --> node_venv_lib["lib"]\n    node_venv_lib --> node_venv_lib_python3_12["python3.12"]\n    node_venv_lib_python3_12 --> node_venv_lib_python3_12_site-packages["site-packages"]\n    node_venv_lib_python3_12_site-packages --> node_venv_lib_python3_12_site-packages_PyQt6["PyQt6"]\n    node_venv_lib_python3_12_site-packages_PyQt6 --> node_venv_lib_python3_12_site-packages_PyQt6_Qt6["Qt6"]\n    node_venv_lib_python3_12_site-packages_PyQt6_Qt6 --> node_venv_lib_python3_12_site-packages_PyQt6_Qt6_lib["lib"]\n    node_venv_lib_python3_12_site-packages_PyQt6_Qt6_lib --> node_venv_lib_python3_12_site-packages_PyQt6_Qt6_lib_QtQuickControls2MaterialStyleImpl_framework["QtQuickControls2MaterialStyleImpl.framework"]\n    node_venv_lib_python3_12_site-packages_PyQt6_Qt6_lib_QtQuickControls2MaterialStyleImpl_framework --> node_venv_lib_python3_12_site-packages_PyQt6_Qt6_lib_QtQuickControls2MaterialStyleImpl_framework_Resources["Resources"]\n    node_venv_lib_python3_12_site-packages_PyQt6_Qt6_lib_QtQuickControls2MaterialStyleImpl_framework_Resources --> node_venv_lib_python3_12_site-packages_PyQt6_Qt6_lib_QtQuickControls2MaterialStyleImpl_framework_Resources_PrivacyInfo_xcprivacy["PrivacyInfo.xcprivacy"]\n    Root --> node_venv["venv"]\n    node_venv --> node_venv_lib["lib"]\n    node_venv_lib --> node_venv_lib_python3_12["python3.12"]\n    node_venv_lib_python3_12 --> node_venv_lib_python3_12_site-packages["site-packages"]\n    node_venv_lib_python3_12_site-packages --> node_venv_lib_python3_12_site-packages_PyQt6["PyQt6"]\n    node_venv_lib_python3_12_site-packages_PyQt6 --> node_venv_lib_python3_12_site-packages_PyQt6_Qt6["Qt6"]\n    node_venv_lib_python3_12_site-packages_PyQt6_Qt6 --> node_venv_lib_python3_12_site-packages_PyQt6_Qt6_lib["lib"]\n    node_venv_lib_python3_12_site-packages_PyQt6_Qt6_lib --> node_venv_lib_python3_12_site-packages_PyQt6_Qt6_lib_QtQuickControls2MaterialStyleImpl_framework["QtQuickControls2MaterialStyleImpl.framework"]\n    node_venv_lib_python3_12_site-packages_PyQt6_Qt6_lib_QtQuickControls2MaterialStyleImpl_framework --> node_venv_lib_python3_12_site-packages_PyQt6_Qt6_lib_QtQuickControls2MaterialStyleImpl_framework_Versions["Versions"]\n    node_venv_lib_python3_12_site-packages_PyQt6_Qt6_lib_QtQuickControls2MaterialStyleImpl_framework_Versions --> node_venv_lib_python3_12_site-packages_PyQt6_Qt6_lib_QtQuickControls2MaterialStyleImpl_framework_Versions_A["A"]\n    node_venv_lib_python3_12_site-packages_PyQt6_Qt6_lib_QtQuickControls2MaterialStyleImpl_framework_Versions_A --> node_venv_lib_python3_12_site-packages_PyQt6_Qt6_lib_QtQuickControls2MaterialStyleImpl_framework_Versions_A_QtQuickControls2MaterialStyleImpl["QtQuickControls2MaterialStyleImpl"]\n    Root --> node_venv["venv"]\n    node_venv --> node_venv_lib["lib"]\n    node_venv_lib --> node_venv_lib_python3_12["python3.12"]\n    node_venv_lib_python3_12 --> node_venv_lib_python3_12_site-packages["site-packages"]\n    node_venv_lib_python3_12_site-packages --> node_venv_lib_python3_12_site-packages_PyQt6["PyQt6"]\n    node_venv_lib_python3_12_site-packages_PyQt6 --> node_venv_lib_python3_12_site-packages_PyQt6_Qt6["Qt6"]\n    node_venv_lib_python3_12_site-packages_PyQt6_Qt6 --> node_venv_lib_python3_12_site-packages_PyQt6_Qt6_lib["lib"]\n    node_venv_lib_python3_12_site-packages_PyQt6_Qt6_lib --> node_venv_lib_python3_12_site-packages_PyQt6_Qt6_lib_QtTest_framework["QtTest.framework"]\n    node_venv_lib_python3_12_site-packages_PyQt6_Qt6_lib_QtTest_framework --> node_venv_lib_python3_12_site-packages_PyQt6_Qt6_lib_QtTest_framework_Resources["Resources"]\n    node_venv_lib_python3_12_site-packages_PyQt6_Qt6_lib_QtTest_framework_Resources --> node_venv_lib_python3_12_site-packages_PyQt6_Qt6_lib_QtTest_framework_Resources_Info_plist["Info.plist"]\n    Root --> node_venv["venv"]\n    node_venv --> node_venv_lib["lib"]\n    node_venv_lib --> node_venv_lib_python3_12["python3.12"]\n    node_venv_lib_python3_12 --> node_venv_lib_python3_12_site-packages["site-packages"]\n    node_venv_lib_python3_12_site-packages --> node_venv_lib_python3_12_site-packages_PyQt6["PyQt6"]\n    node_venv_lib_python3_12_site-packages_PyQt6 --> node_venv_lib_python3_12_site-packages_PyQt6_Qt6["Qt6"]\n    node_venv_lib_python3_12_site-packages_PyQt6_Qt6 --> node_venv_lib_python3_12_site-packages_PyQt6_Qt6_lib["lib"]\n    node_venv_lib_python3_12_site-packages_PyQt6_Qt6_lib --> node_venv_lib_python3_12_site-packages_PyQt6_Qt6_lib_QtTest_framework["QtTest.framework"]\n    node_venv_lib_python3_12_site-packages_PyQt6_Qt6_lib_QtTest_framework --> node_venv_lib_python3_12_site-packages_PyQt6_Qt6_lib_QtTest_framework_Resources["Resources"]\n    node_venv_lib_python3_12_site-packages_PyQt6_Qt6_lib_QtTest_framework_Resources --> node_venv_lib_python3_12_site-packages_PyQt6_Qt6_lib_QtTest_framework_Resources_PrivacyInfo_xcprivacy["PrivacyInfo.xcprivacy"]\n    Root --> node_venv["venv"]\n    node_venv --> node_venv_lib["lib"]\n    node_venv_lib --> node_venv_lib_python3_12["python3.12"]\n    node_venv_lib_python3_12 --> node_venv_lib_python3_12_site-packages["site-packages"]\n    node_venv_lib_python3_12_site-packages --> node_venv_lib_python3_12_site-packages_PyQt6["PyQt6"]\n    node_venv_lib_python3_12_site-packages_PyQt6 --> node_venv_lib_python3_12_site-packages_PyQt6_Qt6["Qt6"]\n    node_venv_lib_python3_12_site-packages_PyQt6_Qt6 --> node_venv_lib_python3_12_site-packages_PyQt6_Qt6_lib["lib"]\n    node_venv_lib_python3_12_site-packages_PyQt6_Qt6_lib --> node_venv_lib_python3_12_site-packages_PyQt6_Qt6_lib_QtTest_framework["QtTest.framework"]\n    node_venv_lib_python3_12_site-packages_PyQt6_Qt6_lib_QtTest_framework --> node_venv_lib_python3_12_site-packages_PyQt6_Qt6_lib_QtTest_framework_Versions["Versions"]\n    node_venv_lib_python3_12_site-packages_PyQt6_Qt6_lib_QtTest_framework_Versions --> node_venv_lib_python3_12_site-packages_PyQt6_Qt6_lib_QtTest_framework_Versions_A["A"]\n    node_venv_lib_python3_12_site-packages_PyQt6_Qt6_lib_QtTest_framework_Versions_A --> node_venv_lib_python3_12_site-packages_PyQt6_Qt6_lib_QtTest_framework_Versions_A_QtTest["QtTest"]\n    Root --> node_venv["venv"]\n    node_venv --> node_venv_lib["lib"]\n    node_venv_lib --> node_venv_lib_python3_12["python3.12"]\n    node_venv_lib_python3_12 --> node_venv_lib_python3_12_site-packages["site-packages"]\n    node_venv_lib_python3_12_site-packages --> node_venv_lib_python3_12_site-packages_PyQt6["PyQt6"]\n    node_venv_lib_python3_12_site-packages_PyQt6 --> node_venv_lib_python3_12_site-packages_PyQt6_Qt6["Qt6"]\n    node_venv_lib_python3_12_site-packages_PyQt6_Qt6 --> node_venv_lib_python3_12_site-packages_PyQt6_Qt6_lib["lib"]\n    node_venv_lib_python3_12_site-packages_PyQt6_Qt6_lib --> node_venv_lib_python3_12_site-packages_PyQt6_Qt6_lib_QtWidgets_framework["QtWidgets.framework"]\n    node_venv_lib_python3_12_site-packages_PyQt6_Qt6_lib_QtWidgets_framework --> node_venv_lib_python3_12_site-packages_PyQt6_Qt6_lib_QtWidgets_framework_Resources["Resources"]\n    node_venv_lib_python3_12_site-packages_PyQt6_Qt6_lib_QtWidgets_framework_Resources --> node_venv_lib_python3_12_site-packages_PyQt6_Qt6_lib_QtWidgets_framework_Resources_Info_plist["Info.plist"]\n    Root --> node_venv["venv"]\n    node_venv --> node_venv_lib["lib"]\n    node_venv_lib --> node_venv_lib_python3_12["python3.12"]\n    node_venv_lib_python3_12 --> node_venv_lib_python3_12_site-packages["site-packages"]\n    node_venv_lib_python3_12_site-packages --> node_venv_lib_python3_12_site-packages_PyQt6["PyQt6"]\n    node_venv_lib_python3_12_site-packages_PyQt6 --> node_venv_lib_python3_12_site-packages_PyQt6_Qt6["Qt6"]\n    node_venv_lib_python3_12_site-packages_PyQt6_Qt6 --> node_venv_lib_python3_12_site-packages_PyQt6_Qt6_lib["lib"]\n    node_venv_lib_python3_12_site-packages_PyQt6_Qt6_lib --> node_venv_lib_python3_12_site-packages_PyQt6_Qt6_lib_QtWidgets_framework["QtWidgets.framework"]\n    node_venv_lib_python3_12_site-packages_PyQt6_Qt6_lib_QtWidgets_framework --> node_venv_lib_python3_12_site-packages_PyQt6_Qt6_lib_QtWidgets_framework_Resources["Resources"]\n    node_venv_lib_python3_12_site-packages_PyQt6_Qt6_lib_QtWidgets_framework_Resources --> node_venv_lib_python3_12_site-packages_PyQt6_Qt6_lib_QtWidgets_framework_Resources_PrivacyInfo_xcprivacy["PrivacyInfo.xcprivacy"]\n    Root --> node_venv["venv"]\n    node_venv --> node_venv_lib["lib"]\n    node_venv_lib --> node_venv_lib_python3_12["python3.12"]\n    node_venv_lib_python3_12 --> node_venv_lib_python3_12_site-packages["site-packages"]\n    node_venv_lib_python3_12_site-packages --> node_venv_lib_python3_12_site-packages_PyQt6["PyQt6"]\n    node_venv_lib_python3_12_site-packages_PyQt6 --> node_venv_lib_python3_12_site-packages_PyQt6_Qt6["Qt6"]\n    node_venv_lib_python3_12_site-packages_PyQt6_Qt6 --> node_venv_lib_python3_12_site-packages_PyQt6_Qt6_lib["lib"]\n    node_venv_lib_python3_12_site-packages_PyQt6_Qt6_lib --> node_venv_lib_python3_12_site-packages_PyQt6_Qt6_lib_QtWidgets_framework["QtWidgets.framework"]\n    node_venv_lib_python3_12_site-packages_PyQt6_Qt6_lib_QtWidgets_framework --> node_venv_lib_python3_12_site-packages_PyQt6_Qt6_lib_QtWidgets_framework_Versions["Versions"]\n    node_venv_lib_python3_12_site-packages_PyQt6_Qt6_lib_QtWidgets_framework_Versions --> node_venv_lib_python3_12_site-packages_PyQt6_Qt6_lib_QtWidgets_framework_Versions_A["A"]\n    node_venv_lib_python3_12_site-packages_PyQt6_Qt6_lib_QtWidgets_framework_Versions_A --> node_venv_lib_python3_12_site-packages_PyQt6_Qt6_lib_QtWidgets_framework_Versions_A_QtWidgets["QtWidgets"]\n    Root --> node_venv["venv"]\n    node_venv --> node_venv_lib["lib"]\n    node_venv_lib --> node_venv_lib_python3_12["python3.12"]\n    node_venv_lib_python3_12 --> node_venv_lib_python3_12_site-packages["site-packages"]\n    node_venv_lib_python3_12_site-packages --> node_venv_lib_python3_12_site-packages_PyQt6["PyQt6"]\n    node_venv_lib_python3_12_site-packages_PyQt6 --> node_venv_lib_python3_12_site-packages_PyQt6_Qt6["Qt6"]\n    node_venv_lib_python3_12_site-packages_PyQt6_Qt6 --> node_venv_lib_python3_12_site-packages_PyQt6_Qt6_lib["lib"]\n    node_venv_lib_python3_12_site-packages_PyQt6_Qt6_lib --> node_venv_lib_python3_12_site-packages_PyQt6_Qt6_lib_QtPositioning_framework["QtPositioning.framework"]\n    node_venv_lib_python3_12_site-packages_PyQt6_Qt6_lib_QtPositioning_framework --> node_venv_lib_python3_12_site-packages_PyQt6_Qt6_lib_QtPositioning_framework_Resources["Resources"]\n    node_venv_lib_python3_12_site-packages_PyQt6_Qt6_lib_QtPositioning_framework_Resources --> node_venv_lib_python3_12_site-packages_PyQt6_Qt6_lib_QtPositioning_framework_Resources_Info_plist["Info.plist"]\n    Root --> node_venv["venv"]\n    node_venv --> node_venv_lib["lib"]\n    node_venv_lib --> node_venv_lib_python3_12["python3.12"]\n    node_venv_lib_python3_12 --> node_venv_lib_python3_12_site-packages["site-packages"]\n    node_venv_lib_python3_12_site-packages --> node_venv_lib_python3_12_site-packages_PyQt6["PyQt6"]\n    node_venv_lib_python3_12_site-packages_PyQt6 --> node_venv_lib_python3_12_site-packages_PyQt6_Qt6["Qt6"]\n    node_venv_lib_python3_12_site-packages_PyQt6_Qt6 --> node_venv_lib_python3_12_site-packages_PyQt6_Qt6_lib["lib"]\n    node_venv_lib_python3_12_site-packages_PyQt6_Qt6_lib --> node_venv_lib_python3_12_site-packages_PyQt6_Qt6_lib_QtPositioning_framework["QtPositioning.framework"]\n    node_venv_lib_python3_12_site-packages_PyQt6_Qt6_lib_QtPositioning_framework --> node_venv_lib_python3_12_site-packages_PyQt6_Qt6_lib_QtPositioning_framework_Resources["Resources"]\n    node_venv_lib_python3_12_site-packages_PyQt6_Qt6_lib_QtPositioning_framework_Resources --> node_venv_lib_python3_12_site-packages_PyQt6_Qt6_lib_QtPositioning_framework_Resources_PrivacyInfo_xcprivacy["PrivacyInfo.xcprivacy"]\n    Root --> node_venv["venv"]\n    node_venv --> node_venv_lib["lib"]\n    node_venv_lib --> node_venv_lib_python3_12["python3.12"]\n    node_venv_lib_python3_12 --> node_venv_lib_python3_12_site-packages["site-packages"]\n    node_venv_lib_python3_12_site-packages --> node_venv_lib_python3_12_site-packages_PyQt6["PyQt6"]\n    node_venv_lib_python3_12_site-packages_PyQt6 --> node_venv_lib_python3_12_site-packages_PyQt6_Qt6["Qt6"]\n    node_venv_lib_python3_12_site-packages_PyQt6_Qt6 --> node_venv_lib_python3_12_site-packages_PyQt6_Qt6_lib["lib"]\n    node_venv_lib_python3_12_site-packages_PyQt6_Qt6_lib --> node_venv_lib_python3_12_site-packages_PyQt6_Qt6_lib_QtPositioning_framework["QtPositioning.framework"]\n    node_venv_lib_python3_12_site-packages_PyQt6_Qt6_lib_QtPositioning_framework --> node_venv_lib_python3_12_site-packages_PyQt6_Qt6_lib_QtPositioning_framework_Versions["Versions"]\n    node_venv_lib_python3_12_site-packages_PyQt6_Qt6_lib_QtPositioning_framework_Versions --> node_venv_lib_python3_12_site-packages_PyQt6_Qt6_lib_QtPositioning_framework_Versions_A["A"]\n    node_venv_lib_python3_12_site-packages_PyQt6_Qt6_lib_QtPositioning_framework_Versions_A --> node_venv_lib_python3_12_site-packages_PyQt6_Qt6_lib_QtPositioning_framework_Versions_A_QtPositioning["QtPositioning"]\n    Root --> node_venv["venv"]\n    node_venv --> node_venv_lib["lib"]\n    node_venv_lib --> node_venv_lib_python3_12["python3.12"]\n    node_venv_lib_python3_12 --> node_venv_lib_python3_12_site-packages["site-packages"]\n    node_venv_lib_python3_12_site-packages --> node_venv_lib_python3_12_site-packages_PyQt6["PyQt6"]\n    node_venv_lib_python3_12_site-packages_PyQt6 --> node_venv_lib_python3_12_site-packages_PyQt6_Qt6["Qt6"]\n    node_venv_lib_python3_12_site-packages_PyQt6_Qt6 --> node_venv_lib_python3_12_site-packages_PyQt6_Qt6_lib["lib"]\n    node_venv_lib_python3_12_site-packages_PyQt6_Qt6_lib --> node_venv_lib_python3_12_site-packages_PyQt6_Qt6_lib_QtBluetooth_framework["QtBluetooth.framework"]\n    node_venv_lib_python3_12_site-packages_PyQt6_Qt6_lib_QtBluetooth_framework --> node_venv_lib_python3_12_site-packages_PyQt6_Qt6_lib_QtBluetooth_framework_Resources["Resources"]\n    node_venv_lib_python3_12_site-packages_PyQt6_Qt6_lib_QtBluetooth_framework_Resources --> node_venv_lib_python3_12_site-packages_PyQt6_Qt6_lib_QtBluetooth_framework_Resources_Info_plist["Info.plist"]\n    Root --> node_venv["venv"]\n    node_venv --> node_venv_lib["lib"]\n    node_venv_lib --> node_venv_lib_python3_12["python3.12"]\n    node_venv_lib_python3_12 --> node_venv_lib_python3_12_site-packages["site-packages"]\n    node_venv_lib_python3_12_site-packages --> node_venv_lib_python3_12_site-packages_PyQt6["PyQt6"]\n    node_venv_lib_python3_12_site-packages_PyQt6 --> node_venv_lib_python3_12_site-packages_PyQt6_Qt6["Qt6"]\n    node_venv_lib_python3_12_site-packages_PyQt6_Qt6 --> node_venv_lib_python3_12_site-packages_PyQt6_Qt6_lib["lib"]\n    node_venv_lib_python3_12_site-packages_PyQt6_Qt6_lib --> node_venv_lib_python3_12_site-packages_PyQt6_Qt6_lib_QtBluetooth_framework["QtBluetooth.framework"]\n    node_venv_lib_python3_12_site-packages_PyQt6_Qt6_lib_QtBluetooth_framework --> node_venv_lib_python3_12_site-packages_PyQt6_Qt6_lib_QtBluetooth_framework_Resources["Resources"]\n    node_venv_lib_python3_12_site-packages_PyQt6_Qt6_lib_QtBluetooth_framework_Resources --> node_venv_lib_python3_12_site-packages_PyQt6_Qt6_lib_QtBluetooth_framework_Resources_PrivacyInfo_xcprivacy["PrivacyInfo.xcprivacy"]\n    Root --> node_venv["venv"]\n    node_venv --> node_venv_lib["lib"]\n    node_venv_lib --> node_venv_lib_python3_12["python3.12"]\n    node_venv_lib_python3_12 --> node_venv_lib_python3_12_site-packages["site-packages"]\n    node_venv_lib_python3_12_site-packages --> node_venv_lib_python3_12_site-packages_PyQt6["PyQt6"]\n    node_venv_lib_python3_12_site-packages_PyQt6 --> node_venv_lib_python3_12_site-packages_PyQt6_Qt6["Qt6"]\n    node_venv_lib_python3_12_site-packages_PyQt6_Qt6 --> node_venv_lib_python3_12_site-packages_PyQt6_Qt6_lib["lib"]\n    node_venv_lib_python3_12_site-packages_PyQt6_Qt6_lib --> node_venv_lib_python3_12_site-packages_PyQt6_Qt6_lib_QtBluetooth_framework["QtBluetooth.framework"]\n    node_venv_lib_python3_12_site-packages_PyQt6_Qt6_lib_QtBluetooth_framework --> node_venv_lib_python3_12_site-packages_PyQt6_Qt6_lib_QtBluetooth_framework_Versions["Versions"]\n    node_venv_lib_python3_12_site-packages_PyQt6_Qt6_lib_QtBluetooth_framework_Versions --> node_venv_lib_python3_12_site-packages_PyQt6_Qt6_lib_QtBluetooth_framework_Versions_A["A"]\n    node_venv_lib_python3_12_site-packages_PyQt6_Qt6_lib_QtBluetooth_framework_Versions_A --> node_venv_lib_python3_12_site-packages_PyQt6_Qt6_lib_QtBluetooth_framework_Versions_A_QtBluetooth["QtBluetooth"]\n    Root --> node_venv["venv"]\n    node_venv --> node_venv_lib["lib"]\n    node_venv_lib --> node_venv_lib_python3_12["python3.12"]\n    node_venv_lib_python3_12 --> node_venv_lib_python3_12_site-packages["site-packages"]\n    node_venv_lib_python3_12_site-packages --> node_venv_lib_python3_12_site-packages_PyQt6["PyQt6"]\n    node_venv_lib_python3_12_site-packages_PyQt6 --> node_venv_lib_python3_12_site-packages_PyQt6_Qt6["Qt6"]\n    node_venv_lib_python3_12_site-packages_PyQt6_Qt6 --> node_venv_lib_python3_12_site-packages_PyQt6_Qt6_lib["lib"]\n    node_venv_lib_python3_12_site-packages_PyQt6_Qt6_lib --> node_venv_lib_python3_12_site-packages_PyQt6_Qt6_lib_QtQuick3D_framework["QtQuick3D.framework"]\n    node_venv_lib_python3_12_site-packages_PyQt6_Qt6_lib_QtQuick3D_framework --> node_venv_lib_python3_12_site-packages_PyQt6_Qt6_lib_QtQuick3D_framework_Resources["Resources"]\n    node_venv_lib_python3_12_site-packages_PyQt6_Qt6_lib_QtQuick3D_framework_Resources --> node_venv_lib_python3_12_site-packages_PyQt6_Qt6_lib_QtQuick3D_framework_Resources_Info_plist["Info.plist"]\n    Root --> node_venv["venv"]\n    node_venv --> node_venv_lib["lib"]\n    node_venv_lib --> node_venv_lib_python3_12["python3.12"]\n    node_venv_lib_python3_12 --> node_venv_lib_python3_12_site-packages["site-packages"]\n    node_venv_lib_python3_12_site-packages --> node_venv_lib_python3_12_site-packages_PyQt6["PyQt6"]\n    node_venv_lib_python3_12_site-packages_PyQt6 --> node_venv_lib_python3_12_site-packages_PyQt6_Qt6["Qt6"]\n    node_venv_lib_python3_12_site-packages_PyQt6_Qt6 --> node_venv_lib_python3_12_site-packages_PyQt6_Qt6_lib["lib"]\n    node_venv_lib_python3_12_site-packages_PyQt6_Qt6_lib --> node_venv_lib_python3_12_site-packages_PyQt6_Qt6_lib_QtQuick3D_framework["QtQuick3D.framework"]\n    node_venv_lib_python3_12_site-packages_PyQt6_Qt6_lib_QtQuick3D_framework --> node_venv_lib_python3_12_site-packages_PyQt6_Qt6_lib_QtQuick3D_framework_Resources["Resources"]\n    node_venv_lib_python3_12_site-packages_PyQt6_Qt6_lib_QtQuick3D_framework_Resources --> node_venv_lib_python3_12_site-packages_PyQt6_Qt6_lib_QtQuick3D_framework_Resources_PrivacyInfo_xcprivacy["PrivacyInfo.xcprivacy"]\n    Root --> node_venv["venv"]\n    node_venv --> node_venv_lib["lib"]\n    node_venv_lib --> node_venv_lib_python3_12["python3.12"]\n    node_venv_lib_python3_12 --> node_venv_lib_python3_12_site-packages["site-packages"]\n    node_venv_lib_python3_12_site-packages --> node_venv_lib_python3_12_site-packages_PyQt6["PyQt6"]\n    node_venv_lib_python3_12_site-packages_PyQt6 --> node_venv_lib_python3_12_site-packages_PyQt6_Qt6["Qt6"]\n    node_venv_lib_python3_12_site-packages_PyQt6_Qt6 --> node_venv_lib_python3_12_site-packages_PyQt6_Qt6_lib["lib"]\n    node_venv_lib_python3_12_site-packages_PyQt6_Qt6_lib --> node_venv_lib_python3_12_site-packages_PyQt6_Qt6_lib_QtQuick3D_framework["QtQuick3D.framework"]\n    node_venv_lib_python3_12_site-packages_PyQt6_Qt6_lib_QtQuick3D_framework --> node_venv_lib_python3_12_site-packages_PyQt6_Qt6_lib_QtQuick3D_framework_Versions["Versions"]\n    node_venv_lib_python3_12_site-packages_PyQt6_Qt6_lib_QtQuick3D_framework_Versions --> node_venv_lib_python3_12_site-packages_PyQt6_Qt6_lib_QtQuick3D_framework_Versions_A["A"]\n    node_venv_lib_python3_12_site-packages_PyQt6_Qt6_lib_QtQuick3D_framework_Versions_A --> node_venv_lib_python3_12_site-packages_PyQt6_Qt6_lib_QtQuick3D_framework_Versions_A_QtQuick3D["QtQuick3D"]\n    Root --> node_venv["venv"]\n    node_venv --> node_venv_lib["lib"]\n    node_venv_lib --> node_venv_lib_python3_12["python3.12"]\n    node_venv_lib_python3_12 --> node_venv_lib_python3_12_site-packages["site-packages"]\n    node_venv_lib_python3_12_site-packages --> node_venv_lib_python3_12_site-packages_PyQt6["PyQt6"]\n    node_venv_lib_python3_12_site-packages_PyQt6 --> node_venv_lib_python3_12_site-packages_PyQt6_Qt6["Qt6"]\n    node_venv_lib_python3_12_site-packages_PyQt6_Qt6 --> node_venv_lib_python3_12_site-packages_PyQt6_Qt6_lib["lib"]\n    node_venv_lib_python3_12_site-packages_PyQt6_Qt6_lib --> node_venv_lib_python3_12_site-packages_PyQt6_Qt6_lib_QtQuick3DHelpersImpl_framework["QtQuick3DHelpersImpl.framework"]\n    node_venv_lib_python3_12_site-packages_PyQt6_Qt6_lib_QtQuick3DHelpersImpl_framework --> node_venv_lib_python3_12_site-packages_PyQt6_Qt6_lib_QtQuick3DHelpersImpl_framework_Resources["Resources"]\n    node_venv_lib_python3_12_site-packages_PyQt6_Qt6_lib_QtQuick3DHelpersImpl_framework_Resources --> node_venv_lib_python3_12_site-packages_PyQt6_Qt6_lib_QtQuick3DHelpersImpl_framework_Resources_Info_plist["Info.plist"]\n    Root --> node_venv["venv"]\n    node_venv --> node_venv_lib["lib"]\n    node_venv_lib --> node_venv_lib_python3_12["python3.12"]\n    node_venv_lib_python3_12 --> node_venv_lib_python3_12_site-packages["site-packages"]\n    node_venv_lib_python3_12_site-packages --> node_venv_lib_python3_12_site-packages_PyQt6["PyQt6"]\n    node_venv_lib_python3_12_site-packages_PyQt6 --> node_venv_lib_python3_12_site-packages_PyQt6_Qt6["Qt6"]\n    node_venv_lib_python3_12_site-packages_PyQt6_Qt6 --> node_venv_lib_python3_12_site-packages_PyQt6_Qt6_lib["lib"]\n    node_venv_lib_python3_12_site-packages_PyQt6_Qt6_lib --> node_venv_lib_python3_12_site-packages_PyQt6_Qt6_lib_QtQuick3DHelpersImpl_framework["QtQuick3DHelpersImpl.framework"]\n    node_venv_lib_python3_12_site-packages_PyQt6_Qt6_lib_QtQuick3DHelpersImpl_framework --> node_venv_lib_python3_12_site-packages_PyQt6_Qt6_lib_QtQuick3DHelpersImpl_framework_Resources["Resources"]\n    node_venv_lib_python3_12_site-packages_PyQt6_Qt6_lib_QtQuick3DHelpersImpl_framework_Resources --> node_venv_lib_python3_12_site-packages_PyQt6_Qt6_lib_QtQuick3DHelpersImpl_framework_Resources_PrivacyInfo_xcprivacy["PrivacyInfo.xcprivacy"]\n    Root --> node_venv["venv"]\n    node_venv --> node_venv_lib["lib"]\n    node_venv_lib --> node_venv_lib_python3_12["python3.12"]\n    node_venv_lib_python3_12 --> node_venv_lib_python3_12_site-packages["site-packages"]\n    node_venv_lib_python3_12_site-packages --> node_venv_lib_python3_12_site-packages_PyQt6["PyQt6"]\n    node_venv_lib_python3_12_site-packages_PyQt6 --> node_venv_lib_python3_12_site-packages_PyQt6_Qt6["Qt6"]\n    node_venv_lib_python3_12_site-packages_PyQt6_Qt6 --> node_venv_lib_python3_12_site-packages_PyQt6_Qt6_lib["lib"]\n    node_venv_lib_python3_12_site-packages_PyQt6_Qt6_lib --> node_venv_lib_python3_12_site-packages_PyQt6_Qt6_lib_QtQuick3DHelpersImpl_framework["QtQuick3DHelpersImpl.framework"]\n    node_venv_lib_python3_12_site-packages_PyQt6_Qt6_lib_QtQuick3DHelpersImpl_framework --> node_venv_lib_python3_12_site-packages_PyQt6_Qt6_lib_QtQuick3DHelpersImpl_framework_Versions["Versions"]\n    node_venv_lib_python3_12_site-packages_PyQt6_Qt6_lib_QtQuick3DHelpersImpl_framework_Versions --> node_venv_lib_python3_12_site-packages_PyQt6_Qt6_lib_QtQuick3DHelpersImpl_framework_Versions_A["A"]\n    node_venv_lib_python3_12_site-packages_PyQt6_Qt6_lib_QtQuick3DHelpersImpl_framework_Versions_A --> node_venv_lib_python3_12_site-packages_PyQt6_Qt6_lib_QtQuick3DHelpersImpl_framework_Versions_A_QtQuick3DHelpersImpl["QtQuick3DHelpersImpl"]\n    Root --> node_venv["venv"]\n    node_venv --> node_venv_lib["lib"]\n    node_venv_lib --> node_venv_lib_python3_12["python3.12"]\n    node_venv_lib_python3_12 --> node_venv_lib_python3_12_site-packages["site-packages"]\n    node_venv_lib_python3_12_site-packages --> node_venv_lib_python3_12_site-packages_PyQt6["PyQt6"]\n    node_venv_lib_python3_12_site-packages_PyQt6 --> node_venv_lib_python3_12_site-packages_PyQt6_Qt6["Qt6"]\n    node_venv_lib_python3_12_site-packages_PyQt6_Qt6 --> node_venv_lib_python3_12_site-packages_PyQt6_Qt6_lib["lib"]\n    node_venv_lib_python3_12_site-packages_PyQt6_Qt6_lib --> node_venv_lib_python3_12_site-packages_PyQt6_Qt6_lib_QtQuickShapes_framework["QtQuickShapes.framework"]\n    node_venv_lib_python3_12_site-packages_PyQt6_Qt6_lib_QtQuickShapes_framework --> node_venv_lib_python3_12_site-packages_PyQt6_Qt6_lib_QtQuickShapes_framework_Resources["Resources"]\n    node_venv_lib_python3_12_site-packages_PyQt6_Qt6_lib_QtQuickShapes_framework_Resources --> node_venv_lib_python3_12_site-packages_PyQt6_Qt6_lib_QtQuickShapes_framework_Resources_Info_plist["Info.plist"]\n    Root --> node_venv["venv"]\n    node_venv --> node_venv_lib["lib"]\n    node_venv_lib --> node_venv_lib_python3_12["python3.12"]\n    node_venv_lib_python3_12 --> node_venv_lib_python3_12_site-packages["site-packages"]\n    node_venv_lib_python3_12_site-packages --> node_venv_lib_python3_12_site-packages_PyQt6["PyQt6"]\n    node_venv_lib_python3_12_site-packages_PyQt6 --> node_venv_lib_python3_12_site-packages_PyQt6_Qt6["Qt6"]\n    node_venv_lib_python3_12_site-packages_PyQt6_Qt6 --> node_venv_lib_python3_12_site-packages_PyQt6_Qt6_lib["lib"]\n    node_venv_lib_python3_12_site-packages_PyQt6_Qt6_lib --> node_venv_lib_python3_12_site-packages_PyQt6_Qt6_lib_QtQuickShapes_framework["QtQuickShapes.framework"]\n    node_venv_lib_python3_12_site-packages_PyQt6_Qt6_lib_QtQuickShapes_framework --> node_venv_lib_python3_12_site-packages_PyQt6_Qt6_lib_QtQuickShapes_framework_Resources["Resources"]\n    node_venv_lib_python3_12_site-packages_PyQt6_Qt6_lib_QtQuickShapes_framework_Resources --> node_venv_lib_python3_12_site-packages_PyQt6_Qt6_lib_QtQuickShapes_framework_Resources_PrivacyInfo_xcprivacy["PrivacyInfo.xcprivacy"]\n    Root --> node_venv["venv"]\n    node_venv --> node_venv_lib["lib"]\n    node_venv_lib --> node_venv_lib_python3_12["python3.12"]\n    node_venv_lib_python3_12 --> node_venv_lib_python3_12_site-packages["site-packages"]\n    node_venv_lib_python3_12_site-packages --> node_venv_lib_python3_12_site-packages_PyQt6["PyQt6"]\n    node_venv_lib_python3_12_site-packages_PyQt6 --> node_venv_lib_python3_12_site-packages_PyQt6_Qt6["Qt6"]\n    node_venv_lib_python3_12_site-packages_PyQt6_Qt6 --> node_venv_lib_python3_12_site-packages_PyQt6_Qt6_lib["lib"]\n    node_venv_lib_python3_12_site-packages_PyQt6_Qt6_lib --> node_venv_lib_python3_12_site-packages_PyQt6_Qt6_lib_QtQuickShapes_framework["QtQuickShapes.framework"]\n    node_venv_lib_python3_12_site-packages_PyQt6_Qt6_lib_QtQuickShapes_framework --> node_venv_lib_python3_12_site-packages_PyQt6_Qt6_lib_QtQuickShapes_framework_Versions["Versions"]\n    node_venv_lib_python3_12_site-packages_PyQt6_Qt6_lib_QtQuickShapes_framework_Versions --> node_venv_lib_python3_12_site-packages_PyQt6_Qt6_lib_QtQuickShapes_framework_Versions_A["A"]\n    node_venv_lib_python3_12_site-packages_PyQt6_Qt6_lib_QtQuickShapes_framework_Versions_A --> node_venv_lib_python3_12_site-packages_PyQt6_Qt6_lib_QtQuickShapes_framework_Versions_A_QtQuickShapes["QtQuickShapes"]\n    Root --> node_venv["venv"]\n    node_venv --> node_venv_lib["lib"]\n    node_venv_lib --> node_venv_lib_python3_12["python3.12"]\n    node_venv_lib_python3_12 --> node_venv_lib_python3_12_site-packages["site-packages"]\n    node_venv_lib_python3_12_site-packages --> node_venv_lib_python3_12_site-packages_PyQt6["PyQt6"]\n    node_venv_lib_python3_12_site-packages_PyQt6 --> node_venv_lib_python3_12_site-packages_PyQt6_Qt6["Qt6"]\n    node_venv_lib_python3_12_site-packages_PyQt6_Qt6 --> node_venv_lib_python3_12_site-packages_PyQt6_Qt6_lib["lib"]\n    node_venv_lib_python3_12_site-packages_PyQt6_Qt6_lib --> node_venv_lib_python3_12_site-packages_PyQt6_Qt6_lib_QtQuickTest_framework["QtQuickTest.framework"]\n    node_venv_lib_python3_12_site-packages_PyQt6_Qt6_lib_QtQuickTest_framework --> node_venv_lib_python3_12_site-packages_PyQt6_Qt6_lib_QtQuickTest_framework_Resources["Resources"]\n    node_venv_lib_python3_12_site-packages_PyQt6_Qt6_lib_QtQuickTest_framework_Resources --> node_venv_lib_python3_12_site-packages_PyQt6_Qt6_lib_QtQuickTest_framework_Resources_Info_plist["Info.plist"]\n    Root --> node_venv["venv"]\n    node_venv --> node_venv_lib["lib"]\n    node_venv_lib --> node_venv_lib_python3_12["python3.12"]\n    node_venv_lib_python3_12 --> node_venv_lib_python3_12_site-packages["site-packages"]\n    node_venv_lib_python3_12_site-packages --> node_venv_lib_python3_12_site-packages_PyQt6["PyQt6"]\n    node_venv_lib_python3_12_site-packages_PyQt6 --> node_venv_lib_python3_12_site-packages_PyQt6_Qt6["Qt6"]\n    node_venv_lib_python3_12_site-packages_PyQt6_Qt6 --> node_venv_lib_python3_12_site-packages_PyQt6_Qt6_lib["lib"]\n    node_venv_lib_python3_12_site-packages_PyQt6_Qt6_lib --> node_venv_lib_python3_12_site-packages_PyQt6_Qt6_lib_QtQuickTest_framework["QtQuickTest.framework"]\n    node_venv_lib_python3_12_site-packages_PyQt6_Qt6_lib_QtQuickTest_framework --> node_venv_lib_python3_12_site-packages_PyQt6_Qt6_lib_QtQuickTest_framework_Resources["Resources"]\n    node_venv_lib_python3_12_site-packages_PyQt6_Qt6_lib_QtQuickTest_framework_Resources --> node_venv_lib_python3_12_site-packages_PyQt6_Qt6_lib_QtQuickTest_framework_Resources_PrivacyInfo_xcprivacy["PrivacyInfo.xcprivacy"]\n    Root --> node_venv["venv"]\n    node_venv --> node_venv_lib["lib"]\n    node_venv_lib --> node_venv_lib_python3_12["python3.12"]\n    node_venv_lib_python3_12 --> node_venv_lib_python3_12_site-packages["site-packages"]\n    node_venv_lib_python3_12_site-packages --> node_venv_lib_python3_12_site-packages_PyQt6["PyQt6"]\n    node_venv_lib_python3_12_site-packages_PyQt6 --> node_venv_lib_python3_12_site-packages_PyQt6_Qt6["Qt6"]\n    node_venv_lib_python3_12_site-packages_PyQt6_Qt6 --> node_venv_lib_python3_12_site-packages_PyQt6_Qt6_lib["lib"]\n    node_venv_lib_python3_12_site-packages_PyQt6_Qt6_lib --> node_venv_lib_python3_12_site-packages_PyQt6_Qt6_lib_QtQuickTest_framework["QtQuickTest.framework"]\n    node_venv_lib_python3_12_site-packages_PyQt6_Qt6_lib_QtQuickTest_framework --> node_venv_lib_python3_12_site-packages_PyQt6_Qt6_lib_QtQuickTest_framework_Versions["Versions"]\n    node_venv_lib_python3_12_site-packages_PyQt6_Qt6_lib_QtQuickTest_framework_Versions --> node_venv_lib_python3_12_site-packages_PyQt6_Qt6_lib_QtQuickTest_framework_Versions_A["A"]\n    node_venv_lib_python3_12_site-packages_PyQt6_Qt6_lib_QtQuickTest_framework_Versions_A --> node_venv_lib_python3_12_site-packages_PyQt6_Qt6_lib_QtQuickTest_framework_Versions_A_QtQuickTest["QtQuickTest"]\n    Root --> node_venv["venv"]\n    node_venv --> node_venv_lib["lib"]\n    node_venv_lib --> node_venv_lib_python3_12["python3.12"]\n    node_venv_lib_python3_12 --> node_venv_lib_python3_12_site-packages["site-packages"]\n    node_venv_lib_python3_12_site-packages --> node_venv_lib_python3_12_site-packages_PyQt6["PyQt6"]\n    node_venv_lib_python3_12_site-packages_PyQt6 --> node_venv_lib_python3_12_site-packages_PyQt6_Qt6["Qt6"]\n    node_venv_lib_python3_12_site-packages_PyQt6_Qt6 --> node_venv_lib_python3_12_site-packages_PyQt6_Qt6_lib["lib"]\n    node_venv_lib_python3_12_site-packages_PyQt6_Qt6_lib --> node_venv_lib_python3_12_site-packages_PyQt6_Qt6_lib_QtNetwork_framework["QtNetwork.framework"]\n    node_venv_lib_python3_12_site-packages_PyQt6_Qt6_lib_QtNetwork_framework --> node_venv_lib_python3_12_site-packages_PyQt6_Qt6_lib_QtNetwork_framework_Resources["Resources"]\n    node_venv_lib_python3_12_site-packages_PyQt6_Qt6_lib_QtNetwork_framework_Resources --> node_venv_lib_python3_12_site-packages_PyQt6_Qt6_lib_QtNetwork_framework_Resources_Info_plist["Info.plist"]\n    Root --> node_venv["venv"]\n    node_venv --> node_venv_lib["lib"]\n    node_venv_lib --> node_venv_lib_python3_12["python3.12"]\n    node_venv_lib_python3_12 --> node_venv_lib_python3_12_site-packages["site-packages"]\n    node_venv_lib_python3_12_site-packages --> node_venv_lib_python3_12_site-packages_PyQt6["PyQt6"]\n    node_venv_lib_python3_12_site-packages_PyQt6 --> node_venv_lib_python3_12_site-packages_PyQt6_Qt6["Qt6"]\n    node_venv_lib_python3_12_site-packages_PyQt6_Qt6 --> node_venv_lib_python3_12_site-packages_PyQt6_Qt6_lib["lib"]\n    node_venv_lib_python3_12_site-packages_PyQt6_Qt6_lib --> node_venv_lib_python3_12_site-packages_PyQt6_Qt6_lib_QtNetwork_framework["QtNetwork.framework"]\n    node_venv_lib_python3_12_site-packages_PyQt6_Qt6_lib_QtNetwork_framework --> node_venv_lib_python3_12_site-packages_PyQt6_Qt6_lib_QtNetwork_framework_Resources["Resources"]\n    node_venv_lib_python3_12_site-packages_PyQt6_Qt6_lib_QtNetwork_framework_Resources --> node_venv_lib_python3_12_site-packages_PyQt6_Qt6_lib_QtNetwork_framework_Resources_PrivacyInfo_xcprivacy["PrivacyInfo.xcprivacy"]\n    Root --> node_venv["venv"]\n    node_venv --> node_venv_lib["lib"]\n    node_venv_lib --> node_venv_lib_python3_12["python3.12"]\n    node_venv_lib_python3_12 --> node_venv_lib_python3_12_site-packages["site-packages"]\n    node_venv_lib_python3_12_site-packages --> node_venv_lib_python3_12_site-packages_PyQt6["PyQt6"]\n    node_venv_lib_python3_12_site-packages_PyQt6 --> node_venv_lib_python3_12_site-packages_PyQt6_Qt6["Qt6"]\n    node_venv_lib_python3_12_site-packages_PyQt6_Qt6 --> node_venv_lib_python3_12_site-packages_PyQt6_Qt6_lib["lib"]\n    node_venv_lib_python3_12_site-packages_PyQt6_Qt6_lib --> node_venv_lib_python3_12_site-packages_PyQt6_Qt6_lib_QtNetwork_framework["QtNetwork.framework"]\n    node_venv_lib_python3_12_site-packages_PyQt6_Qt6_lib_QtNetwork_framework --> node_venv_lib_python3_12_site-packages_PyQt6_Qt6_lib_QtNetwork_framework_Versions["Versions"]\n    node_venv_lib_python3_12_site-packages_PyQt6_Qt6_lib_QtNetwork_framework_Versions --> node_venv_lib_python3_12_site-packages_PyQt6_Qt6_lib_QtNetwork_framework_Versions_A["A"]\n    node_venv_lib_python3_12_site-packages_PyQt6_Qt6_lib_QtNetwork_framework_Versions_A --> node_venv_lib_python3_12_site-packages_PyQt6_Qt6_lib_QtNetwork_framework_Versions_A_QtNetwork["QtNetwork"]\n    Root --> node_venv["venv"]\n    node_venv --> node_venv_lib["lib"]\n    node_venv_lib --> node_venv_lib_python3_12["python3.12"]\n    node_venv_lib_python3_12 --> node_venv_lib_python3_12_site-packages["site-packages"]\n    node_venv_lib_python3_12_site-packages --> node_venv_lib_python3_12_site-packages_PyQt6["PyQt6"]\n    node_venv_lib_python3_12_site-packages_PyQt6 --> node_venv_lib_python3_12_site-packages_PyQt6_Qt6["Qt6"]\n    node_venv_lib_python3_12_site-packages_PyQt6_Qt6 --> node_venv_lib_python3_12_site-packages_PyQt6_Qt6_lib["lib"]\n    node_venv_lib_python3_12_site-packages_PyQt6_Qt6_lib --> node_venv_lib_python3_12_site-packages_PyQt6_Qt6_lib_QtQuickControls2UniversalStyleImpl_framework["QtQuickControls2UniversalStyleImpl.framework"]\n    node_venv_lib_python3_12_site-packages_PyQt6_Qt6_lib_QtQuickControls2UniversalStyleImpl_framework --> node_venv_lib_python3_12_site-packages_PyQt6_Qt6_lib_QtQuickControls2UniversalStyleImpl_framework_Resources["Resources"]\n    node_venv_lib_python3_12_site-packages_PyQt6_Qt6_lib_QtQuickControls2UniversalStyleImpl_framework_Resources --> node_venv_lib_python3_12_site-packages_PyQt6_Qt6_lib_QtQuickControls2UniversalStyleImpl_framework_Resources_Info_plist["Info.plist"]\n    Root --> node_venv["venv"]\n    node_venv --> node_venv_lib["lib"]\n    node_venv_lib --> node_venv_lib_python3_12["python3.12"]\n    node_venv_lib_python3_12 --> node_venv_lib_python3_12_site-packages["site-packages"]\n    node_venv_lib_python3_12_site-packages --> node_venv_lib_python3_12_site-packages_PyQt6["PyQt6"]\n    node_venv_lib_python3_12_site-packages_PyQt6 --> node_venv_lib_python3_12_site-packages_PyQt6_Qt6["Qt6"]\n    node_venv_lib_python3_12_site-packages_PyQt6_Qt6 --> node_venv_lib_python3_12_site-packages_PyQt6_Qt6_lib["lib"]\n    node_venv_lib_python3_12_site-packages_PyQt6_Qt6_lib --> node_venv_lib_python3_12_site-packages_PyQt6_Qt6_lib_QtQuickControls2UniversalStyleImpl_framework["QtQuickControls2UniversalStyleImpl.framework"]\n    node_venv_lib_python3_12_site-packages_PyQt6_Qt6_lib_QtQuickControls2UniversalStyleImpl_framework --> node_venv_lib_python3_12_site-packages_PyQt6_Qt6_lib_QtQuickControls2UniversalStyleImpl_framework_Resources["Resources"]\n    node_venv_lib_python3_12_site-packages_PyQt6_Qt6_lib_QtQuickControls2UniversalStyleImpl_framework_Resources --> node_venv_lib_python3_12_site-packages_PyQt6_Qt6_lib_QtQuickControls2UniversalStyleImpl_framework_Resources_PrivacyInfo_xcprivacy["PrivacyInfo.xcprivacy"]\n    Root --> node_venv["venv"]\n    node_venv --> node_venv_lib["lib"]\n    node_venv_lib --> node_venv_lib_python3_12["python3.12"]\n    node_venv_lib_python3_12 --> node_venv_lib_python3_12_site-packages["site-packages"]\n    node_venv_lib_python3_12_site-packages --> node_venv_lib_python3_12_site-packages_PyQt6["PyQt6"]\n    node_venv_lib_python3_12_site-packages_PyQt6 --> node_venv_lib_python3_12_site-packages_PyQt6_Qt6["Qt6"]\n    node_venv_lib_python3_12_site-packages_PyQt6_Qt6 --> node_venv_lib_python3_12_site-packages_PyQt6_Qt6_lib["lib"]\n    node_venv_lib_python3_12_site-packages_PyQt6_Qt6_lib --> node_venv_lib_python3_12_site-packages_PyQt6_Qt6_lib_QtQuickControls2UniversalStyleImpl_framework["QtQuickControls2UniversalStyleImpl.framework"]\n    node_venv_lib_python3_12_site-packages_PyQt6_Qt6_lib_QtQuickControls2UniversalStyleImpl_framework --> node_venv_lib_python3_12_site-packages_PyQt6_Qt6_lib_QtQuickControls2UniversalStyleImpl_framework_Versions["Versions"]\n    node_venv_lib_python3_12_site-packages_PyQt6_Qt6_lib_QtQuickControls2UniversalStyleImpl_framework_Versions --> node_venv_lib_python3_12_site-packages_PyQt6_Qt6_lib_QtQuickControls2UniversalStyleImpl_framework_Versions_A["A"]\n    node_venv_lib_python3_12_site-packages_PyQt6_Qt6_lib_QtQuickControls2UniversalStyleImpl_framework_Versions_A --> node_venv_lib_python3_12_site-packages_PyQt6_Qt6_lib_QtQuickControls2UniversalStyleImpl_framework_Versions_A_QtQuickControls2UniversalStyleImpl["QtQuickControls2UniversalStyleImpl"]\n    Root --> node_venv["venv"]\n    node_venv --> node_venv_lib["lib"]\n    node_venv_lib --> node_venv_lib_python3_12["python3.12"]\n    node_venv_lib_python3_12 --> node_venv_lib_python3_12_site-packages["site-packages"]\n    node_venv_lib_python3_12_site-packages --> node_venv_lib_python3_12_site-packages_PyQt6["PyQt6"]\n    node_venv_lib_python3_12_site-packages_PyQt6 --> node_venv_lib_python3_12_site-packages_PyQt6_Qt6["Qt6"]\n    node_venv_lib_python3_12_site-packages_PyQt6_Qt6 --> node_venv_lib_python3_12_site-packages_PyQt6_Qt6_lib["lib"]\n    node_venv_lib_python3_12_site-packages_PyQt6_Qt6_lib --> node_venv_lib_python3_12_site-packages_PyQt6_Qt6_lib_QtQuick3DSpatialAudio_framework["QtQuick3DSpatialAudio.framework"]\n    node_venv_lib_python3_12_site-packages_PyQt6_Qt6_lib_QtQuick3DSpatialAudio_framework --> node_venv_lib_python3_12_site-packages_PyQt6_Qt6_lib_QtQuick3DSpatialAudio_framework_Resources["Resources"]\n    node_venv_lib_python3_12_site-packages_PyQt6_Qt6_lib_QtQuick3DSpatialAudio_framework_Resources --> node_venv_lib_python3_12_site-packages_PyQt6_Qt6_lib_QtQuick3DSpatialAudio_framework_Resources_Info_plist["Info.plist"]\n    Root --> node_venv["venv"]\n    node_venv --> node_venv_lib["lib"]\n    node_venv_lib --> node_venv_lib_python3_12["python3.12"]\n    node_venv_lib_python3_12 --> node_venv_lib_python3_12_site-packages["site-packages"]\n    node_venv_lib_python3_12_site-packages --> node_venv_lib_python3_12_site-packages_PyQt6["PyQt6"]\n    node_venv_lib_python3_12_site-packages_PyQt6 --> node_venv_lib_python3_12_site-packages_PyQt6_Qt6["Qt6"]\n    node_venv_lib_python3_12_site-packages_PyQt6_Qt6 --> node_venv_lib_python3_12_site-packages_PyQt6_Qt6_lib["lib"]\n    node_venv_lib_python3_12_site-packages_PyQt6_Qt6_lib --> node_venv_lib_python3_12_site-packages_PyQt6_Qt6_lib_QtQuick3DSpatialAudio_framework["QtQuick3DSpatialAudio.framework"]\n    node_venv_lib_python3_12_site-packages_PyQt6_Qt6_lib_QtQuick3DSpatialAudio_framework --> node_venv_lib_python3_12_site-packages_PyQt6_Qt6_lib_QtQuick3DSpatialAudio_framework_Resources["Resources"]\n    node_venv_lib_python3_12_site-packages_PyQt6_Qt6_lib_QtQuick3DSpatialAudio_framework_Resources --> node_venv_lib_python3_12_site-packages_PyQt6_Qt6_lib_QtQuick3DSpatialAudio_framework_Resources_PrivacyInfo_xcprivacy["PrivacyInfo.xcprivacy"]\n    Root --> node_venv["venv"]\n    node_venv --> node_venv_lib["lib"]\n    node_venv_lib --> node_venv_lib_python3_12["python3.12"]\n    node_venv_lib_python3_12 --> node_venv_lib_python3_12_site-packages["site-packages"]\n    node_venv_lib_python3_12_site-packages --> node_venv_lib_python3_12_site-packages_PyQt6["PyQt6"]\n    node_venv_lib_python3_12_site-packages_PyQt6 --> node_venv_lib_python3_12_site-packages_PyQt6_Qt6["Qt6"]\n    node_venv_lib_python3_12_site-packages_PyQt6_Qt6 --> node_venv_lib_python3_12_site-packages_PyQt6_Qt6_lib["lib"]\n    node_venv_lib_python3_12_site-packages_PyQt6_Qt6_lib --> node_venv_lib_python3_12_site-packages_PyQt6_Qt6_lib_QtQuick3DSpatialAudio_framework["QtQuick3DSpatialAudio.framework"]\n    node_venv_lib_python3_12_site-packages_PyQt6_Qt6_lib_QtQuick3DSpatialAudio_framework --> node_venv_lib_python3_12_site-packages_PyQt6_Qt6_lib_QtQuick3DSpatialAudio_framework_Versions["Versions"]\n    node_venv_lib_python3_12_site-packages_PyQt6_Qt6_lib_QtQuick3DSpatialAudio_framework_Versions --> node_venv_lib_python3_12_site-packages_PyQt6_Qt6_lib_QtQuick3DSpatialAudio_framework_Versions_A["A"]\n    node_venv_lib_python3_12_site-packages_PyQt6_Qt6_lib_QtQuick3DSpatialAudio_framework_Versions_A --> node_venv_lib_python3_12_site-packages_PyQt6_Qt6_lib_QtQuick3DSpatialAudio_framework_Versions_A_QtQuick3DSpatialAudio["QtQuick3DSpatialAudio"]\n    Root --> node_venv["venv"]\n    node_venv --> node_venv_lib["lib"]\n    node_venv_lib --> node_venv_lib_python3_12["python3.12"]\n    node_venv_lib_python3_12 --> node_venv_lib_python3_12_site-packages["site-packages"]\n    node_venv_lib_python3_12_site-packages --> node_venv_lib_python3_12_site-packages_PyQt6["PyQt6"]\n    node_venv_lib_python3_12_site-packages_PyQt6 --> node_venv_lib_python3_12_site-packages_PyQt6_Qt6["Qt6"]\n    node_venv_lib_python3_12_site-packages_PyQt6_Qt6 --> node_venv_lib_python3_12_site-packages_PyQt6_Qt6_lib["lib"]\n    node_venv_lib_python3_12_site-packages_PyQt6_Qt6_lib --> node_venv_lib_python3_12_site-packages_PyQt6_Qt6_lib_QtSvg_framework["QtSvg.framework"]\n    node_venv_lib_python3_12_site-packages_PyQt6_Qt6_lib_QtSvg_framework --> node_venv_lib_python3_12_site-packages_PyQt6_Qt6_lib_QtSvg_framework_Resources["Resources"]\n    node_venv_lib_python3_12_site-packages_PyQt6_Qt6_lib_QtSvg_framework_Resources --> node_venv_lib_python3_12_site-packages_PyQt6_Qt6_lib_QtSvg_framework_Resources_Info_plist["Info.plist"]\n    Root --> node_venv["venv"]\n    node_venv --> node_venv_lib["lib"]\n    node_venv_lib --> node_venv_lib_python3_12["python3.12"]\n    node_venv_lib_python3_12 --> node_venv_lib_python3_12_site-packages["site-packages"]\n    node_venv_lib_python3_12_site-packages --> node_venv_lib_python3_12_site-packages_PyQt6["PyQt6"]\n    node_venv_lib_python3_12_site-packages_PyQt6 --> node_venv_lib_python3_12_site-packages_PyQt6_Qt6["Qt6"]\n    node_venv_lib_python3_12_site-packages_PyQt6_Qt6 --> node_venv_lib_python3_12_site-packages_PyQt6_Qt6_lib["lib"]\n    node_venv_lib_python3_12_site-packages_PyQt6_Qt6_lib --> node_venv_lib_python3_12_site-packages_PyQt6_Qt6_lib_QtSvg_framework["QtSvg.framework"]\n    node_venv_lib_python3_12_site-packages_PyQt6_Qt6_lib_QtSvg_framework --> node_venv_lib_python3_12_site-packages_PyQt6_Qt6_lib_QtSvg_framework_Resources["Resources"]\n    node_venv_lib_python3_12_site-packages_PyQt6_Qt6_lib_QtSvg_framework_Resources --> node_venv_lib_python3_12_site-packages_PyQt6_Qt6_lib_QtSvg_framework_Resources_PrivacyInfo_xcprivacy["PrivacyInfo.xcprivacy"]\n    Root --> node_venv["venv"]\n    node_venv --> node_venv_lib["lib"]\n    node_venv_lib --> node_venv_lib_python3_12["python3.12"]\n    node_venv_lib_python3_12 --> node_venv_lib_python3_12_site-packages["site-packages"]\n    node_venv_lib_python3_12_site-packages --> node_venv_lib_python3_12_site-packages_PyQt6["PyQt6"]\n    node_venv_lib_python3_12_site-packages_PyQt6 --> node_venv_lib_python3_12_site-packages_PyQt6_Qt6["Qt6"]\n    node_venv_lib_python3_12_site-packages_PyQt6_Qt6 --> node_venv_lib_python3_12_site-packages_PyQt6_Qt6_lib["lib"]\n    node_venv_lib_python3_12_site-packages_PyQt6_Qt6_lib --> node_venv_lib_python3_12_site-packages_PyQt6_Qt6_lib_QtSvg_framework["QtSvg.framework"]\n    node_venv_lib_python3_12_site-packages_PyQt6_Qt6_lib_QtSvg_framework --> node_venv_lib_python3_12_site-packages_PyQt6_Qt6_lib_QtSvg_framework_Versions["Versions"]\n    node_venv_lib_python3_12_site-packages_PyQt6_Qt6_lib_QtSvg_framework_Versions --> node_venv_lib_python3_12_site-packages_PyQt6_Qt6_lib_QtSvg_framework_Versions_A["A"]\n    node_venv_lib_python3_12_site-packages_PyQt6_Qt6_lib_QtSvg_framework_Versions_A --> node_venv_lib_python3_12_site-packages_PyQt6_Qt6_lib_QtSvg_framework_Versions_A_QtSvg["QtSvg"]\n    Root --> node_venv["venv"]\n    node_venv --> node_venv_lib["lib"]\n    node_venv_lib --> node_venv_lib_python3_12["python3.12"]\n    node_venv_lib_python3_12 --> node_venv_lib_python3_12_site-packages["site-packages"]\n    node_venv_lib_python3_12_site-packages --> node_venv_lib_python3_12_site-packages_PyQt6["PyQt6"]\n    node_venv_lib_python3_12_site-packages_PyQt6 --> node_venv_lib_python3_12_site-packages_PyQt6_Qt6["Qt6"]\n    node_venv_lib_python3_12_site-packages_PyQt6_Qt6 --> node_venv_lib_python3_12_site-packages_PyQt6_Qt6_lib["lib"]\n    node_venv_lib_python3_12_site-packages_PyQt6_Qt6_lib --> node_venv_lib_python3_12_site-packages_PyQt6_Qt6_lib_QtQuickControls2IOSStyleImpl_framework["QtQuickControls2IOSStyleImpl.framework"]\n    node_venv_lib_python3_12_site-packages_PyQt6_Qt6_lib_QtQuickControls2IOSStyleImpl_framework --> node_venv_lib_python3_12_site-packages_PyQt6_Qt6_lib_QtQuickControls2IOSStyleImpl_framework_Resources["Resources"]\n    node_venv_lib_python3_12_site-packages_PyQt6_Qt6_lib_QtQuickControls2IOSStyleImpl_framework_Resources --> node_venv_lib_python3_12_site-packages_PyQt6_Qt6_lib_QtQuickControls2IOSStyleImpl_framework_Resources_Info_plist["Info.plist"]\n    Root --> node_venv["venv"]\n    node_venv --> node_venv_lib["lib"]\n    node_venv_lib --> node_venv_lib_python3_12["python3.12"]\n    node_venv_lib_python3_12 --> node_venv_lib_python3_12_site-packages["site-packages"]\n    node_venv_lib_python3_12_site-packages --> node_venv_lib_python3_12_site-packages_PyQt6["PyQt6"]\n    node_venv_lib_python3_12_site-packages_PyQt6 --> node_venv_lib_python3_12_site-packages_PyQt6_Qt6["Qt6"]\n    node_venv_lib_python3_12_site-packages_PyQt6_Qt6 --> node_venv_lib_python3_12_site-packages_PyQt6_Qt6_lib["lib"]\n    node_venv_lib_python3_12_site-packages_PyQt6_Qt6_lib --> node_venv_lib_python3_12_site-packages_PyQt6_Qt6_lib_QtQuickControls2IOSStyleImpl_framework["QtQuickControls2IOSStyleImpl.framework"]\n    node_venv_lib_python3_12_site-packages_PyQt6_Qt6_lib_QtQuickControls2IOSStyleImpl_framework --> node_venv_lib_python3_12_site-packages_PyQt6_Qt6_lib_QtQuickControls2IOSStyleImpl_framework_Resources["Resources"]\n    node_venv_lib_python3_12_site-packages_PyQt6_Qt6_lib_QtQuickControls2IOSStyleImpl_framework_Resources --> node_venv_lib_python3_12_site-packages_PyQt6_Qt6_lib_QtQuickControls2IOSStyleImpl_framework_Resources_PrivacyInfo_xcprivacy["PrivacyInfo.xcprivacy"]\n    Root --> node_venv["venv"]\n    node_venv --> node_venv_lib["lib"]\n    node_venv_lib --> node_venv_lib_python3_12["python3.12"]\n    node_venv_lib_python3_12 --> node_venv_lib_python3_12_site-packages["site-packages"]\n    node_venv_lib_python3_12_site-packages --> node_venv_lib_python3_12_site-packages_PyQt6["PyQt6"]\n    node_venv_lib_python3_12_site-packages_PyQt6 --> node_venv_lib_python3_12_site-packages_PyQt6_Qt6["Qt6"]\n    node_venv_lib_python3_12_site-packages_PyQt6_Qt6 --> node_venv_lib_python3_12_site-packages_PyQt6_Qt6_lib["lib"]\n    node_venv_lib_python3_12_site-packages_PyQt6_Qt6_lib --> node_venv_lib_python3_12_site-packages_PyQt6_Qt6_lib_QtQuickControls2IOSStyleImpl_framework["QtQuickControls2IOSStyleImpl.framework"]\n    node_venv_lib_python3_12_site-packages_PyQt6_Qt6_lib_QtQuickControls2IOSStyleImpl_framework --> node_venv_lib_python3_12_site-packages_PyQt6_Qt6_lib_QtQuickControls2IOSStyleImpl_framework_Versions["Versions"]\n    node_venv_lib_python3_12_site-packages_PyQt6_Qt6_lib_QtQuickControls2IOSStyleImpl_framework_Versions --> node_venv_lib_python3_12_site-packages_PyQt6_Qt6_lib_QtQuickControls2IOSStyleImpl_framework_Versions_A["A"]\n    node_venv_lib_python3_12_site-packages_PyQt6_Qt6_lib_QtQuickControls2IOSStyleImpl_framework_Versions_A --> node_venv_lib_python3_12_site-packages_PyQt6_Qt6_lib_QtQuickControls2IOSStyleImpl_framework_Versions_A_QtQuickControls2IOSStyleImpl["QtQuickControls2IOSStyleImpl"]\n    Root --> node_venv["venv"]\n    node_venv --> node_venv_lib["lib"]\n    node_venv_lib --> node_venv_lib_python3_12["python3.12"]\n    node_venv_lib_python3_12 --> node_venv_lib_python3_12_site-packages["site-packages"]\n    node_venv_lib_python3_12_site-packages --> node_venv_lib_python3_12_site-packages_PyQt6["PyQt6"]\n    node_venv_lib_python3_12_site-packages_PyQt6 --> node_venv_lib_python3_12_site-packages_PyQt6_Qt6["Qt6"]\n    node_venv_lib_python3_12_site-packages_PyQt6_Qt6 --> node_venv_lib_python3_12_site-packages_PyQt6_Qt6_lib["lib"]\n    node_venv_lib_python3_12_site-packages_PyQt6_Qt6_lib --> node_venv_lib_python3_12_site-packages_PyQt6_Qt6_lib_QtQuick3DIblBaker_framework["QtQuick3DIblBaker.framework"]\n    node_venv_lib_python3_12_site-packages_PyQt6_Qt6_lib_QtQuick3DIblBaker_framework --> node_venv_lib_python3_12_site-packages_PyQt6_Qt6_lib_QtQuick3DIblBaker_framework_Resources["Resources"]\n    node_venv_lib_python3_12_site-packages_PyQt6_Qt6_lib_QtQuick3DIblBaker_framework_Resources --> node_venv_lib_python3_12_site-packages_PyQt6_Qt6_lib_QtQuick3DIblBaker_framework_Resources_Info_plist["Info.plist"]\n    Root --> node_venv["venv"]\n    node_venv --> node_venv_lib["lib"]\n    node_venv_lib --> node_venv_lib_python3_12["python3.12"]\n    node_venv_lib_python3_12 --> node_venv_lib_python3_12_site-packages["site-packages"]\n    node_venv_lib_python3_12_site-packages --> node_venv_lib_python3_12_site-packages_PyQt6["PyQt6"]\n    node_venv_lib_python3_12_site-packages_PyQt6 --> node_venv_lib_python3_12_site-packages_PyQt6_Qt6["Qt6"]\n    node_venv_lib_python3_12_site-packages_PyQt6_Qt6 --> node_venv_lib_python3_12_site-packages_PyQt6_Qt6_lib["lib"]\n    node_venv_lib_python3_12_site-packages_PyQt6_Qt6_lib --> node_venv_lib_python3_12_site-packages_PyQt6_Qt6_lib_QtQuick3DIblBaker_framework["QtQuick3DIblBaker.framework"]\n    node_venv_lib_python3_12_site-packages_PyQt6_Qt6_lib_QtQuick3DIblBaker_framework --> node_venv_lib_python3_12_site-packages_PyQt6_Qt6_lib_QtQuick3DIblBaker_framework_Resources["Resources"]\n    node_venv_lib_python3_12_site-packages_PyQt6_Qt6_lib_QtQuick3DIblBaker_framework_Resources --> node_venv_lib_python3_12_site-packages_PyQt6_Qt6_lib_QtQuick3DIblBaker_framework_Resources_PrivacyInfo_xcprivacy["PrivacyInfo.xcprivacy"]\n    Root --> node_venv["venv"]\n    node_venv --> node_venv_lib["lib"]\n    node_venv_lib --> node_venv_lib_python3_12["python3.12"]\n    node_venv_lib_python3_12 --> node_venv_lib_python3_12_site-packages["site-packages"]\n    node_venv_lib_python3_12_site-packages --> node_venv_lib_python3_12_site-packages_PyQt6["PyQt6"]\n    node_venv_lib_python3_12_site-packages_PyQt6 --> node_venv_lib_python3_12_site-packages_PyQt6_Qt6["Qt6"]\n    node_venv_lib_python3_12_site-packages_PyQt6_Qt6 --> node_venv_lib_python3_12_site-packages_PyQt6_Qt6_lib["lib"]\n    node_venv_lib_python3_12_site-packages_PyQt6_Qt6_lib --> node_venv_lib_python3_12_site-packages_PyQt6_Qt6_lib_QtQuick3DIblBaker_framework["QtQuick3DIblBaker.framework"]\n    node_venv_lib_python3_12_site-packages_PyQt6_Qt6_lib_QtQuick3DIblBaker_framework --> node_venv_lib_python3_12_site-packages_PyQt6_Qt6_lib_QtQuick3DIblBaker_framework_Versions["Versions"]\n    node_venv_lib_python3_12_site-packages_PyQt6_Qt6_lib_QtQuick3DIblBaker_framework_Versions --> node_venv_lib_python3_12_site-packages_PyQt6_Qt6_lib_QtQuick3DIblBaker_framework_Versions_A["A"]\n    node_venv_lib_python3_12_site-packages_PyQt6_Qt6_lib_QtQuick3DIblBaker_framework_Versions_A --> node_venv_lib_python3_12_site-packages_PyQt6_Qt6_lib_QtQuick3DIblBaker_framework_Versions_A_QtQuick3DIblBaker["QtQuick3DIblBaker"]\n    Root --> node_venv["venv"]\n    node_venv --> node_venv_lib["lib"]\n    node_venv_lib --> node_venv_lib_python3_12["python3.12"]\n    node_venv_lib_python3_12 --> node_venv_lib_python3_12_site-packages["site-packages"]\n    node_venv_lib_python3_12_site-packages --> node_venv_lib_python3_12_site-packages_PyQt6["PyQt6"]\n    node_venv_lib_python3_12_site-packages_PyQt6 --> node_venv_lib_python3_12_site-packages_PyQt6_Qt6["Qt6"]\n    node_venv_lib_python3_12_site-packages_PyQt6_Qt6 --> node_venv_lib_python3_12_site-packages_PyQt6_Qt6_lib["lib"]\n    node_venv_lib_python3_12_site-packages_PyQt6_Qt6_lib --> node_venv_lib_python3_12_site-packages_PyQt6_Qt6_lib_QtQuickControls2Imagine_framework["QtQuickControls2Imagine.framework"]\n    node_venv_lib_python3_12_site-packages_PyQt6_Qt6_lib_QtQuickControls2Imagine_framework --> node_venv_lib_python3_12_site-packages_PyQt6_Qt6_lib_QtQuickControls2Imagine_framework_Resources["Resources"]\n    node_venv_lib_python3_12_site-packages_PyQt6_Qt6_lib_QtQuickControls2Imagine_framework_Resources --> node_venv_lib_python3_12_site-packages_PyQt6_Qt6_lib_QtQuickControls2Imagine_framework_Resources_Info_plist["Info.plist"]\n    Root --> node_venv["venv"]\n    node_venv --> node_venv_lib["lib"]\n    node_venv_lib --> node_venv_lib_python3_12["python3.12"]\n    node_venv_lib_python3_12 --> node_venv_lib_python3_12_site-packages["site-packages"]\n    node_venv_lib_python3_12_site-packages --> node_venv_lib_python3_12_site-packages_PyQt6["PyQt6"]\n    node_venv_lib_python3_12_site-packages_PyQt6 --> node_venv_lib_python3_12_site-packages_PyQt6_Qt6["Qt6"]\n    node_venv_lib_python3_12_site-packages_PyQt6_Qt6 --> node_venv_lib_python3_12_site-packages_PyQt6_Qt6_lib["lib"]\n    node_venv_lib_python3_12_site-packages_PyQt6_Qt6_lib --> node_venv_lib_python3_12_site-packages_PyQt6_Qt6_lib_QtQuickControls2Imagine_framework["QtQuickControls2Imagine.framework"]\n    node_venv_lib_python3_12_site-packages_PyQt6_Qt6_lib_QtQuickControls2Imagine_framework --> node_venv_lib_python3_12_site-packages_PyQt6_Qt6_lib_QtQuickControls2Imagine_framework_Resources["Resources"]\n    node_venv_lib_python3_12_site-packages_PyQt6_Qt6_lib_QtQuickControls2Imagine_framework_Resources --> node_venv_lib_python3_12_site-packages_PyQt6_Qt6_lib_QtQuickControls2Imagine_framework_Resources_PrivacyInfo_xcprivacy["PrivacyInfo.xcprivacy"]\n    Root --> node_venv["venv"]\n    node_venv --> node_venv_lib["lib"]\n    node_venv_lib --> node_venv_lib_python3_12["python3.12"]\n    node_venv_lib_python3_12 --> node_venv_lib_python3_12_site-packages["site-packages"]\n    node_venv_lib_python3_12_site-packages --> node_venv_lib_python3_12_site-packages_PyQt6["PyQt6"]\n    node_venv_lib_python3_12_site-packages_PyQt6 --> node_venv_lib_python3_12_site-packages_PyQt6_Qt6["Qt6"]\n    node_venv_lib_python3_12_site-packages_PyQt6_Qt6 --> node_venv_lib_python3_12_site-packages_PyQt6_Qt6_lib["lib"]\n    node_venv_lib_python3_12_site-packages_PyQt6_Qt6_lib --> node_venv_lib_python3_12_site-packages_PyQt6_Qt6_lib_QtQuickControls2Imagine_framework["QtQuickControls2Imagine.framework"]\n    node_venv_lib_python3_12_site-packages_PyQt6_Qt6_lib_QtQuickControls2Imagine_framework --> node_venv_lib_python3_12_site-packages_PyQt6_Qt6_lib_QtQuickControls2Imagine_framework_Versions["Versions"]\n    node_venv_lib_python3_12_site-packages_PyQt6_Qt6_lib_QtQuickControls2Imagine_framework_Versions --> node_venv_lib_python3_12_site-packages_PyQt6_Qt6_lib_QtQuickControls2Imagine_framework_Versions_A["A"]\n    node_venv_lib_python3_12_site-packages_PyQt6_Qt6_lib_QtQuickControls2Imagine_framework_Versions_A --> node_venv_lib_python3_12_site-packages_PyQt6_Qt6_lib_QtQuickControls2Imagine_framework_Versions_A_QtQuickControls2Imagine["QtQuickControls2Imagine"]\n    Root --> node_venv["venv"]\n    node_venv --> node_venv_lib["lib"]\n    node_venv_lib --> node_venv_lib_python3_12["python3.12"]\n    node_venv_lib_python3_12 --> node_venv_lib_python3_12_site-packages["site-packages"]\n    node_venv_lib_python3_12_site-packages --> node_venv_lib_python3_12_site-packages_PyQt6["PyQt6"]\n    node_venv_lib_python3_12_site-packages_PyQt6 --> node_venv_lib_python3_12_site-packages_PyQt6_Qt6["Qt6"]\n    node_venv_lib_python3_12_site-packages_PyQt6_Qt6 --> node_venv_lib_python3_12_site-packages_PyQt6_Qt6_lib["lib"]\n    node_venv_lib_python3_12_site-packages_PyQt6_Qt6_lib --> node_venv_lib_python3_12_site-packages_PyQt6_Qt6_lib_QtQuick3DEffects_framework["QtQuick3DEffects.framework"]\n    node_venv_lib_python3_12_site-packages_PyQt6_Qt6_lib_QtQuick3DEffects_framework --> node_venv_lib_python3_12_site-packages_PyQt6_Qt6_lib_QtQuick3DEffects_framework_Resources["Resources"]\n    node_venv_lib_python3_12_site-packages_PyQt6_Qt6_lib_QtQuick3DEffects_framework_Resources --> node_venv_lib_python3_12_site-packages_PyQt6_Qt6_lib_QtQuick3DEffects_framework_Resources_Info_plist["Info.plist"]\n    Root --> node_venv["venv"]\n    node_venv --> node_venv_lib["lib"]\n    node_venv_lib --> node_venv_lib_python3_12["python3.12"]\n    node_venv_lib_python3_12 --> node_venv_lib_python3_12_site-packages["site-packages"]\n    node_venv_lib_python3_12_site-packages --> node_venv_lib_python3_12_site-packages_PyQt6["PyQt6"]\n    node_venv_lib_python3_12_site-packages_PyQt6 --> node_venv_lib_python3_12_site-packages_PyQt6_Qt6["Qt6"]\n    node_venv_lib_python3_12_site-packages_PyQt6_Qt6 --> node_venv_lib_python3_12_site-packages_PyQt6_Qt6_lib["lib"]\n    node_venv_lib_python3_12_site-packages_PyQt6_Qt6_lib --> node_venv_lib_python3_12_site-packages_PyQt6_Qt6_lib_QtQuick3DEffects_framework["QtQuick3DEffects.framework"]\n    node_venv_lib_python3_12_site-packages_PyQt6_Qt6_lib_QtQuick3DEffects_framework --> node_venv_lib_python3_12_site-packages_PyQt6_Qt6_lib_QtQuick3DEffects_framework_Resources["Resources"]\n    node_venv_lib_python3_12_site-packages_PyQt6_Qt6_lib_QtQuick3DEffects_framework_Resources --> node_venv_lib_python3_12_site-packages_PyQt6_Qt6_lib_QtQuick3DEffects_framework_Resources_PrivacyInfo_xcprivacy["PrivacyInfo.xcprivacy"]\n    Root --> node_venv["venv"]\n    node_venv --> node_venv_lib["lib"]\n    node_venv_lib --> node_venv_lib_python3_12["python3.12"]\n    node_venv_lib_python3_12 --> node_venv_lib_python3_12_site-packages["site-packages"]\n    node_venv_lib_python3_12_site-packages --> node_venv_lib_python3_12_site-packages_PyQt6["PyQt6"]\n    node_venv_lib_python3_12_site-packages_PyQt6 --> node_venv_lib_python3_12_site-packages_PyQt6_Qt6["Qt6"]\n    node_venv_lib_python3_12_site-packages_PyQt6_Qt6 --> node_venv_lib_python3_12_site-packages_PyQt6_Qt6_lib["lib"]\n    node_venv_lib_python3_12_site-packages_PyQt6_Qt6_lib --> node_venv_lib_python3_12_site-packages_PyQt6_Qt6_lib_QtQuick3DEffects_framework["QtQuick3DEffects.framework"]\n    node_venv_lib_python3_12_site-packages_PyQt6_Qt6_lib_QtQuick3DEffects_framework --> node_venv_lib_python3_12_site-packages_PyQt6_Qt6_lib_QtQuick3DEffects_framework_Versions["Versions"]\n    node_venv_lib_python3_12_site-packages_PyQt6_Qt6_lib_QtQuick3DEffects_framework_Versions --> node_venv_lib_python3_12_site-packages_PyQt6_Qt6_lib_QtQuick3DEffects_framework_Versions_A["A"]\n    node_venv_lib_python3_12_site-packages_PyQt6_Qt6_lib_QtQuick3DEffects_framework_Versions_A --> node_venv_lib_python3_12_site-packages_PyQt6_Qt6_lib_QtQuick3DEffects_framework_Versions_A_QtQuick3DEffects["QtQuick3DEffects"]\n    Root --> node_venv["venv"]\n    node_venv --> node_venv_lib["lib"]\n    node_venv_lib --> node_venv_lib_python3_12["python3.12"]\n    node_venv_lib_python3_12 --> node_venv_lib_python3_12_site-packages["site-packages"]\n    node_venv_lib_python3_12_site-packages --> node_venv_lib_python3_12_site-packages_PyQt6["PyQt6"]\n    node_venv_lib_python3_12_site-packages_PyQt6 --> node_venv_lib_python3_12_site-packages_PyQt6_Qt6["Qt6"]\n    node_venv_lib_python3_12_site-packages_PyQt6_Qt6 --> node_venv_lib_python3_12_site-packages_PyQt6_Qt6_lib["lib"]\n    node_venv_lib_python3_12_site-packages_PyQt6_Qt6_lib --> node_venv_lib_python3_12_site-packages_PyQt6_Qt6_lib_QtMultimediaWidgets_framework["QtMultimediaWidgets.framework"]\n    node_venv_lib_python3_12_site-packages_PyQt6_Qt6_lib_QtMultimediaWidgets_framework --> node_venv_lib_python3_12_site-packages_PyQt6_Qt6_lib_QtMultimediaWidgets_framework_Resources["Resources"]\n    node_venv_lib_python3_12_site-packages_PyQt6_Qt6_lib_QtMultimediaWidgets_framework_Resources --> node_venv_lib_python3_12_site-packages_PyQt6_Qt6_lib_QtMultimediaWidgets_framework_Resources_Info_plist["Info.plist"]\n    Root --> node_venv["venv"]\n    node_venv --> node_venv_lib["lib"]\n    node_venv_lib --> node_venv_lib_python3_12["python3.12"]\n    node_venv_lib_python3_12 --> node_venv_lib_python3_12_site-packages["site-packages"]\n    node_venv_lib_python3_12_site-packages --> node_venv_lib_python3_12_site-packages_PyQt6["PyQt6"]\n    node_venv_lib_python3_12_site-packages_PyQt6 --> node_venv_lib_python3_12_site-packages_PyQt6_Qt6["Qt6"]\n    node_venv_lib_python3_12_site-packages_PyQt6_Qt6 --> node_venv_lib_python3_12_site-packages_PyQt6_Qt6_lib["lib"]\n    node_venv_lib_python3_12_site-packages_PyQt6_Qt6_lib --> node_venv_lib_python3_12_site-packages_PyQt6_Qt6_lib_QtMultimediaWidgets_framework["QtMultimediaWidgets.framework"]\n    node_venv_lib_python3_12_site-packages_PyQt6_Qt6_lib_QtMultimediaWidgets_framework --> node_venv_lib_python3_12_site-packages_PyQt6_Qt6_lib_QtMultimediaWidgets_framework_Resources["Resources"]\n    node_venv_lib_python3_12_site-packages_PyQt6_Qt6_lib_QtMultimediaWidgets_framework_Resources --> node_venv_lib_python3_12_site-packages_PyQt6_Qt6_lib_QtMultimediaWidgets_framework_Resources_PrivacyInfo_xcprivacy["PrivacyInfo.xcprivacy"]\n    Root --> node_venv["venv"]\n    node_venv --> node_venv_lib["lib"]\n    node_venv_lib --> node_venv_lib_python3_12["python3.12"]\n    node_venv_lib_python3_12 --> node_venv_lib_python3_12_site-packages["site-packages"]\n    node_venv_lib_python3_12_site-packages --> node_venv_lib_python3_12_site-packages_PyQt6["PyQt6"]\n    node_venv_lib_python3_12_site-packages_PyQt6 --> node_venv_lib_python3_12_site-packages_PyQt6_Qt6["Qt6"]\n    node_venv_lib_python3_12_site-packages_PyQt6_Qt6 --> node_venv_lib_python3_12_site-packages_PyQt6_Qt6_lib["lib"]\n    node_venv_lib_python3_12_site-packages_PyQt6_Qt6_lib --> node_venv_lib_python3_12_site-packages_PyQt6_Qt6_lib_QtMultimediaWidgets_framework["QtMultimediaWidgets.framework"]\n    node_venv_lib_python3_12_site-packages_PyQt6_Qt6_lib_QtMultimediaWidgets_framework --> node_venv_lib_python3_12_site-packages_PyQt6_Qt6_lib_QtMultimediaWidgets_framework_Versions["Versions"]\n    node_venv_lib_python3_12_site-packages_PyQt6_Qt6_lib_QtMultimediaWidgets_framework_Versions --> node_venv_lib_python3_12_site-packages_PyQt6_Qt6_lib_QtMultimediaWidgets_framework_Versions_A["A"]\n    node_venv_lib_python3_12_site-packages_PyQt6_Qt6_lib_QtMultimediaWidgets_framework_Versions_A --> node_venv_lib_python3_12_site-packages_PyQt6_Qt6_lib_QtMultimediaWidgets_framework_Versions_A_QtMultimediaWidgets["QtMultimediaWidgets"]\n    Root --> node_venv["venv"]\n    node_venv --> node_venv_lib["lib"]\n    node_venv_lib --> node_venv_lib_python3_12["python3.12"]\n    node_venv_lib_python3_12 --> node_venv_lib_python3_12_site-packages["site-packages"]\n    node_venv_lib_python3_12_site-packages --> node_venv_lib_python3_12_site-packages_PyQt6["PyQt6"]\n    node_venv_lib_python3_12_site-packages_PyQt6 --> node_venv_lib_python3_12_site-packages_PyQt6_Qt6["Qt6"]\n    node_venv_lib_python3_12_site-packages_PyQt6_Qt6 --> node_venv_lib_python3_12_site-packages_PyQt6_Qt6_lib["lib"]\n    node_venv_lib_python3_12_site-packages_PyQt6_Qt6_lib --> node_venv_lib_python3_12_site-packages_PyQt6_Qt6_lib_QtWebChannelQuick_framework["QtWebChannelQuick.framework"]\n    node_venv_lib_python3_12_site-packages_PyQt6_Qt6_lib_QtWebChannelQuick_framework --> node_venv_lib_python3_12_site-packages_PyQt6_Qt6_lib_QtWebChannelQuick_framework_Resources["Resources"]\n    node_venv_lib_python3_12_site-packages_PyQt6_Qt6_lib_QtWebChannelQuick_framework_Resources --> node_venv_lib_python3_12_site-packages_PyQt6_Qt6_lib_QtWebChannelQuick_framework_Resources_Info_plist["Info.plist"]\n    Root --> node_venv["venv"]\n    node_venv --> node_venv_lib["lib"]\n    node_venv_lib --> node_venv_lib_python3_12["python3.12"]\n    node_venv_lib_python3_12 --> node_venv_lib_python3_12_site-packages["site-packages"]\n    node_venv_lib_python3_12_site-packages --> node_venv_lib_python3_12_site-packages_PyQt6["PyQt6"]\n    node_venv_lib_python3_12_site-packages_PyQt6 --> node_venv_lib_python3_12_site-packages_PyQt6_Qt6["Qt6"]\n    node_venv_lib_python3_12_site-packages_PyQt6_Qt6 --> node_venv_lib_python3_12_site-packages_PyQt6_Qt6_lib["lib"]\n    node_venv_lib_python3_12_site-packages_PyQt6_Qt6_lib --> node_venv_lib_python3_12_site-packages_PyQt6_Qt6_lib_QtWebChannelQuick_framework["QtWebChannelQuick.framework"]\n    node_venv_lib_python3_12_site-packages_PyQt6_Qt6_lib_QtWebChannelQuick_framework --> node_venv_lib_python3_12_site-packages_PyQt6_Qt6_lib_QtWebChannelQuick_framework_Resources["Resources"]\n    node_venv_lib_python3_12_site-packages_PyQt6_Qt6_lib_QtWebChannelQuick_framework_Resources --> node_venv_lib_python3_12_site-packages_PyQt6_Qt6_lib_QtWebChannelQuick_framework_Resources_PrivacyInfo_xcprivacy["PrivacyInfo.xcprivacy"]\n    Root --> node_venv["venv"]\n    node_venv --> node_venv_lib["lib"]\n    node_venv_lib --> node_venv_lib_python3_12["python3.12"]\n    node_venv_lib_python3_12 --> node_venv_lib_python3_12_site-packages["site-packages"]\n    node_venv_lib_python3_12_site-packages --> node_venv_lib_python3_12_site-packages_PyQt6["PyQt6"]\n    node_venv_lib_python3_12_site-packages_PyQt6 --> node_venv_lib_python3_12_site-packages_PyQt6_Qt6["Qt6"]\n    node_venv_lib_python3_12_site-packages_PyQt6_Qt6 --> node_venv_lib_python3_12_site-packages_PyQt6_Qt6_lib["lib"]\n    node_venv_lib_python3_12_site-packages_PyQt6_Qt6_lib --> node_venv_lib_python3_12_site-packages_PyQt6_Qt6_lib_QtWebChannelQuick_framework["QtWebChannelQuick.framework"]\n    node_venv_lib_python3_12_site-packages_PyQt6_Qt6_lib_QtWebChannelQuick_framework --> node_venv_lib_python3_12_site-packages_PyQt6_Qt6_lib_QtWebChannelQuick_framework_Versions["Versions"]\n    node_venv_lib_python3_12_site-packages_PyQt6_Qt6_lib_QtWebChannelQuick_framework_Versions --> node_venv_lib_python3_12_site-packages_PyQt6_Qt6_lib_QtWebChannelQuick_framework_Versions_A["A"]\n    node_venv_lib_python3_12_site-packages_PyQt6_Qt6_lib_QtWebChannelQuick_framework_Versions_A --> node_venv_lib_python3_12_site-packages_PyQt6_Qt6_lib_QtWebChannelQuick_framework_Versions_A_QtWebChannelQuick["QtWebChannelQuick"]\n    Root --> node_venv["venv"]\n    node_venv --> node_venv_lib["lib"]\n    node_venv_lib --> node_venv_lib_python3_12["python3.12"]\n    node_venv_lib_python3_12 --> node_venv_lib_python3_12_site-packages["site-packages"]\n    node_venv_lib_python3_12_site-packages --> node_venv_lib_python3_12_site-packages_PyQt6["PyQt6"]\n    node_venv_lib_python3_12_site-packages_PyQt6 --> node_venv_lib_python3_12_site-packages_PyQt6_Qt6["Qt6"]\n    node_venv_lib_python3_12_site-packages_PyQt6_Qt6 --> node_venv_lib_python3_12_site-packages_PyQt6_Qt6_lib["lib"]\n    node_venv_lib_python3_12_site-packages_PyQt6_Qt6_lib --> node_venv_lib_python3_12_site-packages_PyQt6_Qt6_lib_QtQmlModels_framework["QtQmlModels.framework"]\n    node_venv_lib_python3_12_site-packages_PyQt6_Qt6_lib_QtQmlModels_framework --> node_venv_lib_python3_12_site-packages_PyQt6_Qt6_lib_QtQmlModels_framework_Resources["Resources"]\n    node_venv_lib_python3_12_site-packages_PyQt6_Qt6_lib_QtQmlModels_framework_Resources --> node_venv_lib_python3_12_site-packages_PyQt6_Qt6_lib_QtQmlModels_framework_Resources_Info_plist["Info.plist"]\n    Root --> node_venv["venv"]\n    node_venv --> node_venv_lib["lib"]\n    node_venv_lib --> node_venv_lib_python3_12["python3.12"]\n    node_venv_lib_python3_12 --> node_venv_lib_python3_12_site-packages["site-packages"]\n    node_venv_lib_python3_12_site-packages --> node_venv_lib_python3_12_site-packages_PyQt6["PyQt6"]\n    node_venv_lib_python3_12_site-packages_PyQt6 --> node_venv_lib_python3_12_site-packages_PyQt6_Qt6["Qt6"]\n    node_venv_lib_python3_12_site-packages_PyQt6_Qt6 --> node_venv_lib_python3_12_site-packages_PyQt6_Qt6_lib["lib"]\n    node_venv_lib_python3_12_site-packages_PyQt6_Qt6_lib --> node_venv_lib_python3_12_site-packages_PyQt6_Qt6_lib_QtQmlModels_framework["QtQmlModels.framework"]\n    node_venv_lib_python3_12_site-packages_PyQt6_Qt6_lib_QtQmlModels_framework --> node_venv_lib_python3_12_site-packages_PyQt6_Qt6_lib_QtQmlModels_framework_Resources["Resources"]\n    node_venv_lib_python3_12_site-packages_PyQt6_Qt6_lib_QtQmlModels_framework_Resources --> node_venv_lib_python3_12_site-packages_PyQt6_Qt6_lib_QtQmlModels_framework_Resources_PrivacyInfo_xcprivacy["PrivacyInfo.xcprivacy"]\n    Root --> node_venv["venv"]\n    node_venv --> node_venv_lib["lib"]\n    node_venv_lib --> node_venv_lib_python3_12["python3.12"]\n    node_venv_lib_python3_12 --> node_venv_lib_python3_12_site-packages["site-packages"]\n    node_venv_lib_python3_12_site-packages --> node_venv_lib_python3_12_site-packages_PyQt6["PyQt6"]\n    node_venv_lib_python3_12_site-packages_PyQt6 --> node_venv_lib_python3_12_site-packages_PyQt6_Qt6["Qt6"]\n    node_venv_lib_python3_12_site-packages_PyQt6_Qt6 --> node_venv_lib_python3_12_site-packages_PyQt6_Qt6_lib["lib"]\n    node_venv_lib_python3_12_site-packages_PyQt6_Qt6_lib --> node_venv_lib_python3_12_site-packages_PyQt6_Qt6_lib_QtQmlModels_framework["QtQmlModels.framework"]\n    node_venv_lib_python3_12_site-packages_PyQt6_Qt6_lib_QtQmlModels_framework --> node_venv_lib_python3_12_site-packages_PyQt6_Qt6_lib_QtQmlModels_framework_Versions["Versions"]\n    node_venv_lib_python3_12_site-packages_PyQt6_Qt6_lib_QtQmlModels_framework_Versions --> node_venv_lib_python3_12_site-packages_PyQt6_Qt6_lib_QtQmlModels_framework_Versions_A["A"]\n    node_venv_lib_python3_12_site-packages_PyQt6_Qt6_lib_QtQmlModels_framework_Versions_A --> node_venv_lib_python3_12_site-packages_PyQt6_Qt6_lib_QtQmlModels_framework_Versions_A_QtQmlModels["QtQmlModels"]\n    Root --> node_venv["venv"]\n    node_venv --> node_venv_lib["lib"]\n    node_venv_lib --> node_venv_lib_python3_12["python3.12"]\n    node_venv_lib_python3_12 --> node_venv_lib_python3_12_site-packages["site-packages"]\n    node_venv_lib_python3_12_site-packages --> node_venv_lib_python3_12_site-packages_PyQt6["PyQt6"]\n    node_venv_lib_python3_12_site-packages_PyQt6 --> node_venv_lib_python3_12_site-packages_PyQt6_Qt6["Qt6"]\n    node_venv_lib_python3_12_site-packages_PyQt6_Qt6 --> node_venv_lib_python3_12_site-packages_PyQt6_Qt6_lib["lib"]\n    node_venv_lib_python3_12_site-packages_PyQt6_Qt6_lib --> node_venv_lib_python3_12_site-packages_PyQt6_Qt6_lib_QtLabsAnimation_framework["QtLabsAnimation.framework"]\n    node_venv_lib_python3_12_site-packages_PyQt6_Qt6_lib_QtLabsAnimation_framework --> node_venv_lib_python3_12_site-packages_PyQt6_Qt6_lib_QtLabsAnimation_framework_Resources["Resources"]\n    node_venv_lib_python3_12_site-packages_PyQt6_Qt6_lib_QtLabsAnimation_framework_Resources --> node_venv_lib_python3_12_site-packages_PyQt6_Qt6_lib_QtLabsAnimation_framework_Resources_Info_plist["Info.plist"]\n    Root --> node_venv["venv"]\n    node_venv --> node_venv_lib["lib"]\n    node_venv_lib --> node_venv_lib_python3_12["python3.12"]\n    node_venv_lib_python3_12 --> node_venv_lib_python3_12_site-packages["site-packages"]\n    node_venv_lib_python3_12_site-packages --> node_venv_lib_python3_12_site-packages_PyQt6["PyQt6"]\n    node_venv_lib_python3_12_site-packages_PyQt6 --> node_venv_lib_python3_12_site-packages_PyQt6_Qt6["Qt6"]\n    node_venv_lib_python3_12_site-packages_PyQt6_Qt6 --> node_venv_lib_python3_12_site-packages_PyQt6_Qt6_lib["lib"]\n    node_venv_lib_python3_12_site-packages_PyQt6_Qt6_lib --> node_venv_lib_python3_12_site-packages_PyQt6_Qt6_lib_QtLabsAnimation_framework["QtLabsAnimation.framework"]\n    node_venv_lib_python3_12_site-packages_PyQt6_Qt6_lib_QtLabsAnimation_framework --> node_venv_lib_python3_12_site-packages_PyQt6_Qt6_lib_QtLabsAnimation_framework_Resources["Resources"]\n    node_venv_lib_python3_12_site-packages_PyQt6_Qt6_lib_QtLabsAnimation_framework_Resources --> node_venv_lib_python3_12_site-packages_PyQt6_Qt6_lib_QtLabsAnimation_framework_Resources_PrivacyInfo_xcprivacy["PrivacyInfo.xcprivacy"]\n    Root --> node_venv["venv"]\n    node_venv --> node_venv_lib["lib"]\n    node_venv_lib --> node_venv_lib_python3_12["python3.12"]\n    node_venv_lib_python3_12 --> node_venv_lib_python3_12_site-packages["site-packages"]\n    node_venv_lib_python3_12_site-packages --> node_venv_lib_python3_12_site-packages_PyQt6["PyQt6"]\n    node_venv_lib_python3_12_site-packages_PyQt6 --> node_venv_lib_python3_12_site-packages_PyQt6_Qt6["Qt6"]\n    node_venv_lib_python3_12_site-packages_PyQt6_Qt6 --> node_venv_lib_python3_12_site-packages_PyQt6_Qt6_lib["lib"]\n    node_venv_lib_python3_12_site-packages_PyQt6_Qt6_lib --> node_venv_lib_python3_12_site-packages_PyQt6_Qt6_lib_QtLabsAnimation_framework["QtLabsAnimation.framework"]\n    node_venv_lib_python3_12_site-packages_PyQt6_Qt6_lib_QtLabsAnimation_framework --> node_venv_lib_python3_12_site-packages_PyQt6_Qt6_lib_QtLabsAnimation_framework_Versions["Versions"]\n    node_venv_lib_python3_12_site-packages_PyQt6_Qt6_lib_QtLabsAnimation_framework_Versions --> node_venv_lib_python3_12_site-packages_PyQt6_Qt6_lib_QtLabsAnimation_framework_Versions_A["A"]\n    node_venv_lib_python3_12_site-packages_PyQt6_Qt6_lib_QtLabsAnimation_framework_Versions_A --> node_venv_lib_python3_12_site-packages_PyQt6_Qt6_lib_QtLabsAnimation_framework_Versions_A_QtLabsAnimation["QtLabsAnimation"]\n    Root --> node_venv["venv"]\n    node_venv --> node_venv_lib["lib"]\n    node_venv_lib --> node_venv_lib_python3_12["python3.12"]\n    node_venv_lib_python3_12 --> node_venv_lib_python3_12_site-packages["site-packages"]\n    node_venv_lib_python3_12_site-packages --> node_venv_lib_python3_12_site-packages_PyQt6["PyQt6"]\n    node_venv_lib_python3_12_site-packages_PyQt6 --> node_venv_lib_python3_12_site-packages_PyQt6_Qt6["Qt6"]\n    node_venv_lib_python3_12_site-packages_PyQt6_Qt6 --> node_venv_lib_python3_12_site-packages_PyQt6_Qt6_lib["lib"]\n    node_venv_lib_python3_12_site-packages_PyQt6_Qt6_lib --> node_venv_lib_python3_12_site-packages_PyQt6_Qt6_lib_QtPdfQuick_framework["QtPdfQuick.framework"]\n    node_venv_lib_python3_12_site-packages_PyQt6_Qt6_lib_QtPdfQuick_framework --> node_venv_lib_python3_12_site-packages_PyQt6_Qt6_lib_QtPdfQuick_framework_Resources["Resources"]\n    node_venv_lib_python3_12_site-packages_PyQt6_Qt6_lib_QtPdfQuick_framework_Resources --> node_venv_lib_python3_12_site-packages_PyQt6_Qt6_lib_QtPdfQuick_framework_Resources_Info_plist["Info.plist"]\n    Root --> node_venv["venv"]\n    node_venv --> node_venv_lib["lib"]\n    node_venv_lib --> node_venv_lib_python3_12["python3.12"]\n    node_venv_lib_python3_12 --> node_venv_lib_python3_12_site-packages["site-packages"]\n    node_venv_lib_python3_12_site-packages --> node_venv_lib_python3_12_site-packages_PyQt6["PyQt6"]\n    node_venv_lib_python3_12_site-packages_PyQt6 --> node_venv_lib_python3_12_site-packages_PyQt6_Qt6["Qt6"]\n    node_venv_lib_python3_12_site-packages_PyQt6_Qt6 --> node_venv_lib_python3_12_site-packages_PyQt6_Qt6_lib["lib"]\n    node_venv_lib_python3_12_site-packages_PyQt6_Qt6_lib --> node_venv_lib_python3_12_site-packages_PyQt6_Qt6_lib_QtPdfQuick_framework["QtPdfQuick.framework"]\n    node_venv_lib_python3_12_site-packages_PyQt6_Qt6_lib_QtPdfQuick_framework --> node_venv_lib_python3_12_site-packages_PyQt6_Qt6_lib_QtPdfQuick_framework_Resources["Resources"]\n    node_venv_lib_python3_12_site-packages_PyQt6_Qt6_lib_QtPdfQuick_framework_Resources --> node_venv_lib_python3_12_site-packages_PyQt6_Qt6_lib_QtPdfQuick_framework_Resources_PrivacyInfo_xcprivacy["PrivacyInfo.xcprivacy"]\n    Root --> node_venv["venv"]\n    node_venv --> node_venv_lib["lib"]\n    node_venv_lib --> node_venv_lib_python3_12["python3.12"]\n    node_venv_lib_python3_12 --> node_venv_lib_python3_12_site-packages["site-packages"]\n    node_venv_lib_python3_12_site-packages --> node_venv_lib_python3_12_site-packages_PyQt6["PyQt6"]\n    node_venv_lib_python3_12_site-packages_PyQt6 --> node_venv_lib_python3_12_site-packages_PyQt6_Qt6["Qt6"]\n    node_venv_lib_python3_12_site-packages_PyQt6_Qt6 --> node_venv_lib_python3_12_site-packages_PyQt6_Qt6_lib["lib"]\n    node_venv_lib_python3_12_site-packages_PyQt6_Qt6_lib --> node_venv_lib_python3_12_site-packages_PyQt6_Qt6_lib_QtPdfQuick_framework["QtPdfQuick.framework"]\n    node_venv_lib_python3_12_site-packages_PyQt6_Qt6_lib_QtPdfQuick_framework --> node_venv_lib_python3_12_site-packages_PyQt6_Qt6_lib_QtPdfQuick_framework_Versions["Versions"]\n    node_venv_lib_python3_12_site-packages_PyQt6_Qt6_lib_QtPdfQuick_framework_Versions --> node_venv_lib_python3_12_site-packages_PyQt6_Qt6_lib_QtPdfQuick_framework_Versions_A["A"]\n    node_venv_lib_python3_12_site-packages_PyQt6_Qt6_lib_QtPdfQuick_framework_Versions_A --> node_venv_lib_python3_12_site-packages_PyQt6_Qt6_lib_QtPdfQuick_framework_Versions_A_QtPdfQuick["QtPdfQuick"]\n    Root --> node_venv["venv"]\n    node_venv --> node_venv_lib["lib"]\n    node_venv_lib --> node_venv_lib_python3_12["python3.12"]\n    node_venv_lib_python3_12 --> node_venv_lib_python3_12_site-packages["site-packages"]\n    node_venv_lib_python3_12_site-packages --> node_venv_lib_python3_12_site-packages_PyQt6["PyQt6"]\n    node_venv_lib_python3_12_site-packages_PyQt6 --> node_venv_lib_python3_12_site-packages_PyQt6_Qt6["Qt6"]\n    node_venv_lib_python3_12_site-packages_PyQt6_Qt6 --> node_venv_lib_python3_12_site-packages_PyQt6_Qt6_lib["lib"]\n    node_venv_lib_python3_12_site-packages_PyQt6_Qt6_lib --> node_venv_lib_python3_12_site-packages_PyQt6_Qt6_lib_QtLabsFolderListModel_framework["QtLabsFolderListModel.framework"]\n    node_venv_lib_python3_12_site-packages_PyQt6_Qt6_lib_QtLabsFolderListModel_framework --> node_venv_lib_python3_12_site-packages_PyQt6_Qt6_lib_QtLabsFolderListModel_framework_Resources["Resources"]\n    node_venv_lib_python3_12_site-packages_PyQt6_Qt6_lib_QtLabsFolderListModel_framework_Resources --> node_venv_lib_python3_12_site-packages_PyQt6_Qt6_lib_QtLabsFolderListModel_framework_Resources_Info_plist["Info.plist"]\n    Root --> node_venv["venv"]\n    node_venv --> node_venv_lib["lib"]\n    node_venv_lib --> node_venv_lib_python3_12["python3.12"]\n    node_venv_lib_python3_12 --> node_venv_lib_python3_12_site-packages["site-packages"]\n    node_venv_lib_python3_12_site-packages --> node_venv_lib_python3_12_site-packages_PyQt6["PyQt6"]\n    node_venv_lib_python3_12_site-packages_PyQt6 --> node_venv_lib_python3_12_site-packages_PyQt6_Qt6["Qt6"]\n    node_venv_lib_python3_12_site-packages_PyQt6_Qt6 --> node_venv_lib_python3_12_site-packages_PyQt6_Qt6_lib["lib"]\n    node_venv_lib_python3_12_site-packages_PyQt6_Qt6_lib --> node_venv_lib_python3_12_site-packages_PyQt6_Qt6_lib_QtLabsFolderListModel_framework["QtLabsFolderListModel.framework"]\n    node_venv_lib_python3_12_site-packages_PyQt6_Qt6_lib_QtLabsFolderListModel_framework --> node_venv_lib_python3_12_site-packages_PyQt6_Qt6_lib_QtLabsFolderListModel_framework_Resources["Resources"]\n    node_venv_lib_python3_12_site-packages_PyQt6_Qt6_lib_QtLabsFolderListModel_framework_Resources --> node_venv_lib_python3_12_site-packages_PyQt6_Qt6_lib_QtLabsFolderListModel_framework_Resources_PrivacyInfo_xcprivacy["PrivacyInfo.xcprivacy"]\n    Root --> node_venv["venv"]\n    node_venv --> node_venv_lib["lib"]\n    node_venv_lib --> node_venv_lib_python3_12["python3.12"]\n    node_venv_lib_python3_12 --> node_venv_lib_python3_12_site-packages["site-packages"]\n    node_venv_lib_python3_12_site-packages --> node_venv_lib_python3_12_site-packages_PyQt6["PyQt6"]\n    node_venv_lib_python3_12_site-packages_PyQt6 --> node_venv_lib_python3_12_site-packages_PyQt6_Qt6["Qt6"]\n    node_venv_lib_python3_12_site-packages_PyQt6_Qt6 --> node_venv_lib_python3_12_site-packages_PyQt6_Qt6_lib["lib"]\n    node_venv_lib_python3_12_site-packages_PyQt6_Qt6_lib --> node_venv_lib_python3_12_site-packages_PyQt6_Qt6_lib_QtLabsFolderListModel_framework["QtLabsFolderListModel.framework"]\n    node_venv_lib_python3_12_site-packages_PyQt6_Qt6_lib_QtLabsFolderListModel_framework --> node_venv_lib_python3_12_site-packages_PyQt6_Qt6_lib_QtLabsFolderListModel_framework_Versions["Versions"]\n    node_venv_lib_python3_12_site-packages_PyQt6_Qt6_lib_QtLabsFolderListModel_framework_Versions --> node_venv_lib_python3_12_site-packages_PyQt6_Qt6_lib_QtLabsFolderListModel_framework_Versions_A["A"]\n    node_venv_lib_python3_12_site-packages_PyQt6_Qt6_lib_QtLabsFolderListModel_framework_Versions_A --> node_venv_lib_python3_12_site-packages_PyQt6_Qt6_lib_QtLabsFolderListModel_framework_Versions_A_QtLabsFolderListModel["QtLabsFolderListModel"]\n    Root --> node_venv["venv"]\n    node_venv --> node_venv_lib["lib"]\n    node_venv_lib --> node_venv_lib_python3_12["python3.12"]\n    node_venv_lib_python3_12 --> node_venv_lib_python3_12_site-packages["site-packages"]\n    node_venv_lib_python3_12_site-packages --> node_venv_lib_python3_12_site-packages_PyQt6["PyQt6"]\n    node_venv_lib_python3_12_site-packages_PyQt6 --> node_venv_lib_python3_12_site-packages_PyQt6_Qt6["Qt6"]\n    node_venv_lib_python3_12_site-packages_PyQt6_Qt6 --> node_venv_lib_python3_12_site-packages_PyQt6_Qt6_lib["lib"]\n    node_venv_lib_python3_12_site-packages_PyQt6_Qt6_lib --> node_venv_lib_python3_12_site-packages_PyQt6_Qt6_lib_QtQuick3DPhysics_framework["QtQuick3DPhysics.framework"]\n    node_venv_lib_python3_12_site-packages_PyQt6_Qt6_lib_QtQuick3DPhysics_framework --> node_venv_lib_python3_12_site-packages_PyQt6_Qt6_lib_QtQuick3DPhysics_framework_Resources["Resources"]\n    node_venv_lib_python3_12_site-packages_PyQt6_Qt6_lib_QtQuick3DPhysics_framework_Resources --> node_venv_lib_python3_12_site-packages_PyQt6_Qt6_lib_QtQuick3DPhysics_framework_Resources_Info_plist["Info.plist"]\n    Root --> node_venv["venv"]\n    node_venv --> node_venv_lib["lib"]\n    node_venv_lib --> node_venv_lib_python3_12["python3.12"]\n    node_venv_lib_python3_12 --> node_venv_lib_python3_12_site-packages["site-packages"]\n    node_venv_lib_python3_12_site-packages --> node_venv_lib_python3_12_site-packages_PyQt6["PyQt6"]\n    node_venv_lib_python3_12_site-packages_PyQt6 --> node_venv_lib_python3_12_site-packages_PyQt6_Qt6["Qt6"]\n    node_venv_lib_python3_12_site-packages_PyQt6_Qt6 --> node_venv_lib_python3_12_site-packages_PyQt6_Qt6_lib["lib"]\n    node_venv_lib_python3_12_site-packages_PyQt6_Qt6_lib --> node_venv_lib_python3_12_site-packages_PyQt6_Qt6_lib_QtQuick3DPhysics_framework["QtQuick3DPhysics.framework"]\n    node_venv_lib_python3_12_site-packages_PyQt6_Qt6_lib_QtQuick3DPhysics_framework --> node_venv_lib_python3_12_site-packages_PyQt6_Qt6_lib_QtQuick3DPhysics_framework_Resources["Resources"]\n    node_venv_lib_python3_12_site-packages_PyQt6_Qt6_lib_QtQuick3DPhysics_framework_Resources --> node_venv_lib_python3_12_site-packages_PyQt6_Qt6_lib_QtQuick3DPhysics_framework_Resources_PrivacyInfo_xcprivacy["PrivacyInfo.xcprivacy"]\n    Root --> node_venv["venv"]\n    node_venv --> node_venv_lib["lib"]\n    node_venv_lib --> node_venv_lib_python3_12["python3.12"]\n    node_venv_lib_python3_12 --> node_venv_lib_python3_12_site-packages["site-packages"]\n    node_venv_lib_python3_12_site-packages --> node_venv_lib_python3_12_site-packages_PyQt6["PyQt6"]\n    node_venv_lib_python3_12_site-packages_PyQt6 --> node_venv_lib_python3_12_site-packages_PyQt6_Qt6["Qt6"]\n    node_venv_lib_python3_12_site-packages_PyQt6_Qt6 --> node_venv_lib_python3_12_site-packages_PyQt6_Qt6_lib["lib"]\n    node_venv_lib_python3_12_site-packages_PyQt6_Qt6_lib --> node_venv_lib_python3_12_site-packages_PyQt6_Qt6_lib_QtQuick3DPhysics_framework["QtQuick3DPhysics.framework"]\n    node_venv_lib_python3_12_site-packages_PyQt6_Qt6_lib_QtQuick3DPhysics_framework --> node_venv_lib_python3_12_site-packages_PyQt6_Qt6_lib_QtQuick3DPhysics_framework_Versions["Versions"]\n    node_venv_lib_python3_12_site-packages_PyQt6_Qt6_lib_QtQuick3DPhysics_framework_Versions --> node_venv_lib_python3_12_site-packages_PyQt6_Qt6_lib_QtQuick3DPhysics_framework_Versions_A["A"]\n    node_venv_lib_python3_12_site-packages_PyQt6_Qt6_lib_QtQuick3DPhysics_framework_Versions_A --> node_venv_lib_python3_12_site-packages_PyQt6_Qt6_lib_QtQuick3DPhysics_framework_Versions_A_QtQuick3DPhysics["QtQuick3DPhysics"]\n    Root --> node_venv["venv"]\n    node_venv --> node_venv_lib["lib"]\n    node_venv_lib --> node_venv_lib_python3_12["python3.12"]\n    node_venv_lib_python3_12 --> node_venv_lib_python3_12_site-packages["site-packages"]\n    node_venv_lib_python3_12_site-packages --> node_venv_lib_python3_12_site-packages_PyQt6["PyQt6"]\n    node_venv_lib_python3_12_site-packages_PyQt6 --> node_venv_lib_python3_12_site-packages_PyQt6_Qt6["Qt6"]\n    node_venv_lib_python3_12_site-packages_PyQt6_Qt6 --> node_venv_lib_python3_12_site-packages_PyQt6_Qt6_lib["lib"]\n    node_venv_lib_python3_12_site-packages_PyQt6_Qt6_lib --> node_venv_lib_python3_12_site-packages_PyQt6_Qt6_lib_QtRemoteObjectsQml_framework["QtRemoteObjectsQml.framework"]\n    node_venv_lib_python3_12_site-packages_PyQt6_Qt6_lib_QtRemoteObjectsQml_framework --> node_venv_lib_python3_12_site-packages_PyQt6_Qt6_lib_QtRemoteObjectsQml_framework_Resources["Resources"]\n    node_venv_lib_python3_12_site-packages_PyQt6_Qt6_lib_QtRemoteObjectsQml_framework_Resources --> node_venv_lib_python3_12_site-packages_PyQt6_Qt6_lib_QtRemoteObjectsQml_framework_Resources_Info_plist["Info.plist"]\n    Root --> node_venv["venv"]\n    node_venv --> node_venv_lib["lib"]\n    node_venv_lib --> node_venv_lib_python3_12["python3.12"]\n    node_venv_lib_python3_12 --> node_venv_lib_python3_12_site-packages["site-packages"]\n    node_venv_lib_python3_12_site-packages --> node_venv_lib_python3_12_site-packages_PyQt6["PyQt6"]\n    node_venv_lib_python3_12_site-packages_PyQt6 --> node_venv_lib_python3_12_site-packages_PyQt6_Qt6["Qt6"]\n    node_venv_lib_python3_12_site-packages_PyQt6_Qt6 --> node_venv_lib_python3_12_site-packages_PyQt6_Qt6_lib["lib"]\n    node_venv_lib_python3_12_site-packages_PyQt6_Qt6_lib --> node_venv_lib_python3_12_site-packages_PyQt6_Qt6_lib_QtRemoteObjectsQml_framework["QtRemoteObjectsQml.framework"]\n    node_venv_lib_python3_12_site-packages_PyQt6_Qt6_lib_QtRemoteObjectsQml_framework --> node_venv_lib_python3_12_site-packages_PyQt6_Qt6_lib_QtRemoteObjectsQml_framework_Resources["Resources"]\n    node_venv_lib_python3_12_site-packages_PyQt6_Qt6_lib_QtRemoteObjectsQml_framework_Resources --> node_venv_lib_python3_12_site-packages_PyQt6_Qt6_lib_QtRemoteObjectsQml_framework_Resources_PrivacyInfo_xcprivacy["PrivacyInfo.xcprivacy"]\n    Root --> node_venv["venv"]\n    node_venv --> node_venv_lib["lib"]\n    node_venv_lib --> node_venv_lib_python3_12["python3.12"]\n    node_venv_lib_python3_12 --> node_venv_lib_python3_12_site-packages["site-packages"]\n    node_venv_lib_python3_12_site-packages --> node_venv_lib_python3_12_site-packages_PyQt6["PyQt6"]\n    node_venv_lib_python3_12_site-packages_PyQt6 --> node_venv_lib_python3_12_site-packages_PyQt6_Qt6["Qt6"]\n    node_venv_lib_python3_12_site-packages_PyQt6_Qt6 --> node_venv_lib_python3_12_site-packages_PyQt6_Qt6_lib["lib"]\n    node_venv_lib_python3_12_site-packages_PyQt6_Qt6_lib --> node_venv_lib_python3_12_site-packages_PyQt6_Qt6_lib_QtRemoteObjectsQml_framework["QtRemoteObjectsQml.framework"]\n    node_venv_lib_python3_12_site-packages_PyQt6_Qt6_lib_QtRemoteObjectsQml_framework --> node_venv_lib_python3_12_site-packages_PyQt6_Qt6_lib_QtRemoteObjectsQml_framework_Versions["Versions"]\n    node_venv_lib_python3_12_site-packages_PyQt6_Qt6_lib_QtRemoteObjectsQml_framework_Versions --> node_venv_lib_python3_12_site-packages_PyQt6_Qt6_lib_QtRemoteObjectsQml_framework_Versions_A["A"]\n    node_venv_lib_python3_12_site-packages_PyQt6_Qt6_lib_QtRemoteObjectsQml_framework_Versions_A --> node_venv_lib_python3_12_site-packages_PyQt6_Qt6_lib_QtRemoteObjectsQml_framework_Versions_A_QtRemoteObjectsQml["QtRemoteObjectsQml"]\n    Root --> node_venv["venv"]\n    node_venv --> node_venv_lib["lib"]\n    node_venv_lib --> node_venv_lib_python3_12["python3.12"]\n    node_venv_lib_python3_12 --> node_venv_lib_python3_12_site-packages["site-packages"]\n    node_venv_lib_python3_12_site-packages --> node_venv_lib_python3_12_site-packages_PyQt6["PyQt6"]\n    node_venv_lib_python3_12_site-packages_PyQt6 --> node_venv_lib_python3_12_site-packages_PyQt6_Qt6["Qt6"]\n    node_venv_lib_python3_12_site-packages_PyQt6_Qt6 --> node_venv_lib_python3_12_site-packages_PyQt6_Qt6_lib["lib"]\n    node_venv_lib_python3_12_site-packages_PyQt6_Qt6_lib --> node_venv_lib_python3_12_site-packages_PyQt6_Qt6_lib_QtSensors_framework["QtSensors.framework"]\n    node_venv_lib_python3_12_site-packages_PyQt6_Qt6_lib_QtSensors_framework --> node_venv_lib_python3_12_site-packages_PyQt6_Qt6_lib_QtSensors_framework_Resources["Resources"]\n    node_venv_lib_python3_12_site-packages_PyQt6_Qt6_lib_QtSensors_framework_Resources --> node_venv_lib_python3_12_site-packages_PyQt6_Qt6_lib_QtSensors_framework_Resources_Info_plist["Info.plist"]\n    Root --> node_venv["venv"]\n    node_venv --> node_venv_lib["lib"]\n    node_venv_lib --> node_venv_lib_python3_12["python3.12"]\n    node_venv_lib_python3_12 --> node_venv_lib_python3_12_site-packages["site-packages"]\n    node_venv_lib_python3_12_site-packages --> node_venv_lib_python3_12_site-packages_PyQt6["PyQt6"]\n    node_venv_lib_python3_12_site-packages_PyQt6 --> node_venv_lib_python3_12_site-packages_PyQt6_Qt6["Qt6"]\n    node_venv_lib_python3_12_site-packages_PyQt6_Qt6 --> node_venv_lib_python3_12_site-packages_PyQt6_Qt6_lib["lib"]\n    node_venv_lib_python3_12_site-packages_PyQt6_Qt6_lib --> node_venv_lib_python3_12_site-packages_PyQt6_Qt6_lib_QtSensors_framework["QtSensors.framework"]\n    node_venv_lib_python3_12_site-packages_PyQt6_Qt6_lib_QtSensors_framework --> node_venv_lib_python3_12_site-packages_PyQt6_Qt6_lib_QtSensors_framework_Resources["Resources"]\n    node_venv_lib_python3_12_site-packages_PyQt6_Qt6_lib_QtSensors_framework_Resources --> node_venv_lib_python3_12_site-packages_PyQt6_Qt6_lib_QtSensors_framework_Resources_PrivacyInfo_xcprivacy["PrivacyInfo.xcprivacy"]\n    Root --> node_venv["venv"]\n    node_venv --> node_venv_lib["lib"]\n    node_venv_lib --> node_venv_lib_python3_12["python3.12"]\n    node_venv_lib_python3_12 --> node_venv_lib_python3_12_site-packages["site-packages"]\n    node_venv_lib_python3_12_site-packages --> node_venv_lib_python3_12_site-packages_PyQt6["PyQt6"]\n    node_venv_lib_python3_12_site-packages_PyQt6 --> node_venv_lib_python3_12_site-packages_PyQt6_Qt6["Qt6"]\n    node_venv_lib_python3_12_site-packages_PyQt6_Qt6 --> node_venv_lib_python3_12_site-packages_PyQt6_Qt6_lib["lib"]\n    node_venv_lib_python3_12_site-packages_PyQt6_Qt6_lib --> node_venv_lib_python3_12_site-packages_PyQt6_Qt6_lib_QtSensors_framework["QtSensors.framework"]\n    node_venv_lib_python3_12_site-packages_PyQt6_Qt6_lib_QtSensors_framework --> node_venv_lib_python3_12_site-packages_PyQt6_Qt6_lib_QtSensors_framework_Versions["Versions"]\n    node_venv_lib_python3_12_site-packages_PyQt6_Qt6_lib_QtSensors_framework_Versions --> node_venv_lib_python3_12_site-packages_PyQt6_Qt6_lib_QtSensors_framework_Versions_A["A"]\n    node_venv_lib_python3_12_site-packages_PyQt6_Qt6_lib_QtSensors_framework_Versions_A --> node_venv_lib_python3_12_site-packages_PyQt6_Qt6_lib_QtSensors_framework_Versions_A_QtSensors["QtSensors"]\n    Root --> node_venv["venv"]\n    node_venv --> node_venv_lib["lib"]\n    node_venv_lib --> node_venv_lib_python3_12["python3.12"]\n    node_venv_lib_python3_12 --> node_venv_lib_python3_12_site-packages["site-packages"]\n    node_venv_lib_python3_12_site-packages --> node_venv_lib_python3_12_site-packages_PyQt6["PyQt6"]\n    node_venv_lib_python3_12_site-packages_PyQt6 --> node_venv_lib_python3_12_site-packages_PyQt6_Qt6["Qt6"]\n    node_venv_lib_python3_12_site-packages_PyQt6_Qt6 --> node_venv_lib_python3_12_site-packages_PyQt6_Qt6_lib["lib"]\n    node_venv_lib_python3_12_site-packages_PyQt6_Qt6_lib --> node_venv_lib_python3_12_site-packages_PyQt6_Qt6_lib_QtQuick3DHelpers_framework["QtQuick3DHelpers.framework"]\n    node_venv_lib_python3_12_site-packages_PyQt6_Qt6_lib_QtQuick3DHelpers_framework --> node_venv_lib_python3_12_site-packages_PyQt6_Qt6_lib_QtQuick3DHelpers_framework_Resources["Resources"]\n    node_venv_lib_python3_12_site-packages_PyQt6_Qt6_lib_QtQuick3DHelpers_framework_Resources --> node_venv_lib_python3_12_site-packages_PyQt6_Qt6_lib_QtQuick3DHelpers_framework_Resources_Info_plist["Info.plist"]\n    Root --> node_venv["venv"]\n    node_venv --> node_venv_lib["lib"]\n    node_venv_lib --> node_venv_lib_python3_12["python3.12"]\n    node_venv_lib_python3_12 --> node_venv_lib_python3_12_site-packages["site-packages"]\n    node_venv_lib_python3_12_site-packages --> node_venv_lib_python3_12_site-packages_PyQt6["PyQt6"]\n    node_venv_lib_python3_12_site-packages_PyQt6 --> node_venv_lib_python3_12_site-packages_PyQt6_Qt6["Qt6"]\n    node_venv_lib_python3_12_site-packages_PyQt6_Qt6 --> node_venv_lib_python3_12_site-packages_PyQt6_Qt6_lib["lib"]\n    node_venv_lib_python3_12_site-packages_PyQt6_Qt6_lib --> node_venv_lib_python3_12_site-packages_PyQt6_Qt6_lib_QtQuick3DHelpers_framework["QtQuick3DHelpers.framework"]\n    node_venv_lib_python3_12_site-packages_PyQt6_Qt6_lib_QtQuick3DHelpers_framework --> node_venv_lib_python3_12_site-packages_PyQt6_Qt6_lib_QtQuick3DHelpers_framework_Resources["Resources"]\n    node_venv_lib_python3_12_site-packages_PyQt6_Qt6_lib_QtQuick3DHelpers_framework_Resources --> node_venv_lib_python3_12_site-packages_PyQt6_Qt6_lib_QtQuick3DHelpers_framework_Resources_PrivacyInfo_xcprivacy["PrivacyInfo.xcprivacy"]\n    Root --> node_venv["venv"]\n    node_venv --> node_venv_lib["lib"]\n    node_venv_lib --> node_venv_lib_python3_12["python3.12"]\n    node_venv_lib_python3_12 --> node_venv_lib_python3_12_site-packages["site-packages"]\n    node_venv_lib_python3_12_site-packages --> node_venv_lib_python3_12_site-packages_PyQt6["PyQt6"]\n    node_venv_lib_python3_12_site-packages_PyQt6 --> node_venv_lib_python3_12_site-packages_PyQt6_Qt6["Qt6"]\n    node_venv_lib_python3_12_site-packages_PyQt6_Qt6 --> node_venv_lib_python3_12_site-packages_PyQt6_Qt6_lib["lib"]\n    node_venv_lib_python3_12_site-packages_PyQt6_Qt6_lib --> node_venv_lib_python3_12_site-packages_PyQt6_Qt6_lib_QtQuick3DHelpers_framework["QtQuick3DHelpers.framework"]\n    node_venv_lib_python3_12_site-packages_PyQt6_Qt6_lib_QtQuick3DHelpers_framework --> node_venv_lib_python3_12_site-packages_PyQt6_Qt6_lib_QtQuick3DHelpers_framework_Versions["Versions"]\n    node_venv_lib_python3_12_site-packages_PyQt6_Qt6_lib_QtQuick3DHelpers_framework_Versions --> node_venv_lib_python3_12_site-packages_PyQt6_Qt6_lib_QtQuick3DHelpers_framework_Versions_A["A"]\n    node_venv_lib_python3_12_site-packages_PyQt6_Qt6_lib_QtQuick3DHelpers_framework_Versions_A --> node_venv_lib_python3_12_site-packages_PyQt6_Qt6_lib_QtQuick3DHelpers_framework_Versions_A_QtQuick3DHelpers["QtQuick3DHelpers"]\n    Root --> node_venv["venv"]\n    node_venv --> node_venv_lib["lib"]\n    node_venv_lib --> node_venv_lib_python3_12["python3.12"]\n    node_venv_lib_python3_12 --> node_venv_lib_python3_12_site-packages["site-packages"]\n    node_venv_lib_python3_12_site-packages --> node_venv_lib_python3_12_site-packages_PyQt6["PyQt6"]\n    node_venv_lib_python3_12_site-packages_PyQt6 --> node_venv_lib_python3_12_site-packages_PyQt6_Qt6["Qt6"]\n    node_venv_lib_python3_12_site-packages_PyQt6_Qt6 --> node_venv_lib_python3_12_site-packages_PyQt6_Qt6_lib["lib"]\n    node_venv_lib_python3_12_site-packages_PyQt6_Qt6_lib --> node_venv_lib_python3_12_site-packages_PyQt6_Qt6_lib_QtQuickDialogs2_framework["QtQuickDialogs2.framework"]\n    node_venv_lib_python3_12_site-packages_PyQt6_Qt6_lib_QtQuickDialogs2_framework --> node_venv_lib_python3_12_site-packages_PyQt6_Qt6_lib_QtQuickDialogs2_framework_Resources["Resources"]\n    node_venv_lib_python3_12_site-packages_PyQt6_Qt6_lib_QtQuickDialogs2_framework_Resources --> node_venv_lib_python3_12_site-packages_PyQt6_Qt6_lib_QtQuickDialogs2_framework_Resources_Info_plist["Info.plist"]\n    Root --> node_venv["venv"]\n    node_venv --> node_venv_lib["lib"]\n    node_venv_lib --> node_venv_lib_python3_12["python3.12"]\n    node_venv_lib_python3_12 --> node_venv_lib_python3_12_site-packages["site-packages"]\n    node_venv_lib_python3_12_site-packages --> node_venv_lib_python3_12_site-packages_PyQt6["PyQt6"]\n    node_venv_lib_python3_12_site-packages_PyQt6 --> node_venv_lib_python3_12_site-packages_PyQt6_Qt6["Qt6"]\n    node_venv_lib_python3_12_site-packages_PyQt6_Qt6 --> node_venv_lib_python3_12_site-packages_PyQt6_Qt6_lib["lib"]\n    node_venv_lib_python3_12_site-packages_PyQt6_Qt6_lib --> node_venv_lib_python3_12_site-packages_PyQt6_Qt6_lib_QtQuickDialogs2_framework["QtQuickDialogs2.framework"]\n    node_venv_lib_python3_12_site-packages_PyQt6_Qt6_lib_QtQuickDialogs2_framework --> node_venv_lib_python3_12_site-packages_PyQt6_Qt6_lib_QtQuickDialogs2_framework_Resources["Resources"]\n    node_venv_lib_python3_12_site-packages_PyQt6_Qt6_lib_QtQuickDialogs2_framework_Resources --> node_venv_lib_python3_12_site-packages_PyQt6_Qt6_lib_QtQuickDialogs2_framework_Resources_PrivacyInfo_xcprivacy["PrivacyInfo.xcprivacy"]\n    Root --> node_venv["venv"]\n    node_venv --> node_venv_lib["lib"]\n    node_venv_lib --> node_venv_lib_python3_12["python3.12"]\n    node_venv_lib_python3_12 --> node_venv_lib_python3_12_site-packages["site-packages"]\n    node_venv_lib_python3_12_site-packages --> node_venv_lib_python3_12_site-packages_PyQt6["PyQt6"]\n    node_venv_lib_python3_12_site-packages_PyQt6 --> node_venv_lib_python3_12_site-packages_PyQt6_Qt6["Qt6"]\n    node_venv_lib_python3_12_site-packages_PyQt6_Qt6 --> node_venv_lib_python3_12_site-packages_PyQt6_Qt6_lib["lib"]\n    node_venv_lib_python3_12_site-packages_PyQt6_Qt6_lib --> node_venv_lib_python3_12_site-packages_PyQt6_Qt6_lib_QtQuickDialogs2_framework["QtQuickDialogs2.framework"]\n    node_venv_lib_python3_12_site-packages_PyQt6_Qt6_lib_QtQuickDialogs2_framework --> node_venv_lib_python3_12_site-packages_PyQt6_Qt6_lib_QtQuickDialogs2_framework_Versions["Versions"]\n    node_venv_lib_python3_12_site-packages_PyQt6_Qt6_lib_QtQuickDialogs2_framework_Versions --> node_venv_lib_python3_12_site-packages_PyQt6_Qt6_lib_QtQuickDialogs2_framework_Versions_A["A"]\n    node_venv_lib_python3_12_site-packages_PyQt6_Qt6_lib_QtQuickDialogs2_framework_Versions_A --> node_venv_lib_python3_12_site-packages_PyQt6_Qt6_lib_QtQuickDialogs2_framework_Versions_A_QtQuickDialogs2["QtQuickDialogs2"]\n    Root --> node_venv["venv"]\n    node_venv --> node_venv_lib["lib"]\n    node_venv_lib --> node_venv_lib_python3_12["python3.12"]\n    node_venv_lib_python3_12 --> node_venv_lib_python3_12_site-packages["site-packages"]\n    node_venv_lib_python3_12_site-packages --> node_venv_lib_python3_12_site-packages_PyQt6["PyQt6"]\n    node_venv_lib_python3_12_site-packages_PyQt6 --> node_venv_lib_python3_12_site-packages_PyQt6_Qt6["Qt6"]\n    node_venv_lib_python3_12_site-packages_PyQt6_Qt6 --> node_venv_lib_python3_12_site-packages_PyQt6_Qt6_lib["lib"]\n    node_venv_lib_python3_12_site-packages_PyQt6_Qt6_lib --> node_venv_lib_python3_12_site-packages_PyQt6_Qt6_lib_QtLabsWavefrontMesh_framework["QtLabsWavefrontMesh.framework"]\n    node_venv_lib_python3_12_site-packages_PyQt6_Qt6_lib_QtLabsWavefrontMesh_framework --> node_venv_lib_python3_12_site-packages_PyQt6_Qt6_lib_QtLabsWavefrontMesh_framework_Resources["Resources"]\n    node_venv_lib_python3_12_site-packages_PyQt6_Qt6_lib_QtLabsWavefrontMesh_framework_Resources --> node_venv_lib_python3_12_site-packages_PyQt6_Qt6_lib_QtLabsWavefrontMesh_framework_Resources_Info_plist["Info.plist"]\n    Root --> node_venv["venv"]\n    node_venv --> node_venv_lib["lib"]\n    node_venv_lib --> node_venv_lib_python3_12["python3.12"]\n    node_venv_lib_python3_12 --> node_venv_lib_python3_12_site-packages["site-packages"]\n    node_venv_lib_python3_12_site-packages --> node_venv_lib_python3_12_site-packages_PyQt6["PyQt6"]\n    node_venv_lib_python3_12_site-packages_PyQt6 --> node_venv_lib_python3_12_site-packages_PyQt6_Qt6["Qt6"]\n    node_venv_lib_python3_12_site-packages_PyQt6_Qt6 --> node_venv_lib_python3_12_site-packages_PyQt6_Qt6_lib["lib"]\n    node_venv_lib_python3_12_site-packages_PyQt6_Qt6_lib --> node_venv_lib_python3_12_site-packages_PyQt6_Qt6_lib_QtLabsWavefrontMesh_framework["QtLabsWavefrontMesh.framework"]\n    node_venv_lib_python3_12_site-packages_PyQt6_Qt6_lib_QtLabsWavefrontMesh_framework --> node_venv_lib_python3_12_site-packages_PyQt6_Qt6_lib_QtLabsWavefrontMesh_framework_Resources["Resources"]\n    node_venv_lib_python3_12_site-packages_PyQt6_Qt6_lib_QtLabsWavefrontMesh_framework_Resources --> node_venv_lib_python3_12_site-packages_PyQt6_Qt6_lib_QtLabsWavefrontMesh_framework_Resources_PrivacyInfo_xcprivacy["PrivacyInfo.xcprivacy"]\n    Root --> node_venv["venv"]\n    node_venv --> node_venv_lib["lib"]\n    node_venv_lib --> node_venv_lib_python3_12["python3.12"]\n    node_venv_lib_python3_12 --> node_venv_lib_python3_12_site-packages["site-packages"]\n    node_venv_lib_python3_12_site-packages --> node_venv_lib_python3_12_site-packages_PyQt6["PyQt6"]\n    node_venv_lib_python3_12_site-packages_PyQt6 --> node_venv_lib_python3_12_site-packages_PyQt6_Qt6["Qt6"]\n    node_venv_lib_python3_12_site-packages_PyQt6_Qt6 --> node_venv_lib_python3_12_site-packages_PyQt6_Qt6_lib["lib"]\n    node_venv_lib_python3_12_site-packages_PyQt6_Qt6_lib --> node_venv_lib_python3_12_site-packages_PyQt6_Qt6_lib_QtLabsWavefrontMesh_framework["QtLabsWavefrontMesh.framework"]\n    node_venv_lib_python3_12_site-packages_PyQt6_Qt6_lib_QtLabsWavefrontMesh_framework --> node_venv_lib_python3_12_site-packages_PyQt6_Qt6_lib_QtLabsWavefrontMesh_framework_Versions["Versions"]\n    node_venv_lib_python3_12_site-packages_PyQt6_Qt6_lib_QtLabsWavefrontMesh_framework_Versions --> node_venv_lib_python3_12_site-packages_PyQt6_Qt6_lib_QtLabsWavefrontMesh_framework_Versions_A["A"]\n    node_venv_lib_python3_12_site-packages_PyQt6_Qt6_lib_QtLabsWavefrontMesh_framework_Versions_A --> node_venv_lib_python3_12_site-packages_PyQt6_Qt6_lib_QtLabsWavefrontMesh_framework_Versions_A_QtLabsWavefrontMesh["QtLabsWavefrontMesh"]\n    Root --> node_venv["venv"]\n    node_venv --> node_venv_lib["lib"]\n    node_venv_lib --> node_venv_lib_python3_12["python3.12"]\n    node_venv_lib_python3_12 --> node_venv_lib_python3_12_site-packages["site-packages"]\n    node_venv_lib_python3_12_site-packages --> node_venv_lib_python3_12_site-packages_PyQt6["PyQt6"]\n    node_venv_lib_python3_12_site-packages_PyQt6 --> node_venv_lib_python3_12_site-packages_PyQt6_Qt6["Qt6"]\n    node_venv_lib_python3_12_site-packages_PyQt6_Qt6 --> node_venv_lib_python3_12_site-packages_PyQt6_Qt6_lib["lib"]\n    node_venv_lib_python3_12_site-packages_PyQt6_Qt6_lib --> node_venv_lib_python3_12_site-packages_PyQt6_Qt6_lib_QtTextToSpeech_framework["QtTextToSpeech.framework"]\n    node_venv_lib_python3_12_site-packages_PyQt6_Qt6_lib_QtTextToSpeech_framework --> node_venv_lib_python3_12_site-packages_PyQt6_Qt6_lib_QtTextToSpeech_framework_Resources["Resources"]\n    node_venv_lib_python3_12_site-packages_PyQt6_Qt6_lib_QtTextToSpeech_framework_Resources --> node_venv_lib_python3_12_site-packages_PyQt6_Qt6_lib_QtTextToSpeech_framework_Resources_Info_plist["Info.plist"]\n    Root --> node_venv["venv"]\n    node_venv --> node_venv_lib["lib"]\n    node_venv_lib --> node_venv_lib_python3_12["python3.12"]\n    node_venv_lib_python3_12 --> node_venv_lib_python3_12_site-packages["site-packages"]\n    node_venv_lib_python3_12_site-packages --> node_venv_lib_python3_12_site-packages_PyQt6["PyQt6"]\n    node_venv_lib_python3_12_site-packages_PyQt6 --> node_venv_lib_python3_12_site-packages_PyQt6_Qt6["Qt6"]\n    node_venv_lib_python3_12_site-packages_PyQt6_Qt6 --> node_venv_lib_python3_12_site-packages_PyQt6_Qt6_lib["lib"]\n    node_venv_lib_python3_12_site-packages_PyQt6_Qt6_lib --> node_venv_lib_python3_12_site-packages_PyQt6_Qt6_lib_QtTextToSpeech_framework["QtTextToSpeech.framework"]\n    node_venv_lib_python3_12_site-packages_PyQt6_Qt6_lib_QtTextToSpeech_framework --> node_venv_lib_python3_12_site-packages_PyQt6_Qt6_lib_QtTextToSpeech_framework_Resources["Resources"]\n    node_venv_lib_python3_12_site-packages_PyQt6_Qt6_lib_QtTextToSpeech_framework_Resources --> node_venv_lib_python3_12_site-packages_PyQt6_Qt6_lib_QtTextToSpeech_framework_Resources_PrivacyInfo_xcprivacy["PrivacyInfo.xcprivacy"]\n    Root --> node_venv["venv"]\n    node_venv --> node_venv_lib["lib"]\n    node_venv_lib --> node_venv_lib_python3_12["python3.12"]\n    node_venv_lib_python3_12 --> node_venv_lib_python3_12_site-packages["site-packages"]\n    node_venv_lib_python3_12_site-packages --> node_venv_lib_python3_12_site-packages_PyQt6["PyQt6"]\n    node_venv_lib_python3_12_site-packages_PyQt6 --> node_venv_lib_python3_12_site-packages_PyQt6_Qt6["Qt6"]\n    node_venv_lib_python3_12_site-packages_PyQt6_Qt6 --> node_venv_lib_python3_12_site-packages_PyQt6_Qt6_lib["lib"]\n    node_venv_lib_python3_12_site-packages_PyQt6_Qt6_lib --> node_venv_lib_python3_12_site-packages_PyQt6_Qt6_lib_QtTextToSpeech_framework["QtTextToSpeech.framework"]\n    node_venv_lib_python3_12_site-packages_PyQt6_Qt6_lib_QtTextToSpeech_framework --> node_venv_lib_python3_12_site-packages_PyQt6_Qt6_lib_QtTextToSpeech_framework_Versions["Versions"]\n    node_venv_lib_python3_12_site-packages_PyQt6_Qt6_lib_QtTextToSpeech_framework_Versions --> node_venv_lib_python3_12_site-packages_PyQt6_Qt6_lib_QtTextToSpeech_framework_Versions_A["A"]\n    node_venv_lib_python3_12_site-packages_PyQt6_Qt6_lib_QtTextToSpeech_framework_Versions_A --> node_venv_lib_python3_12_site-packages_PyQt6_Qt6_lib_QtTextToSpeech_framework_Versions_A_QtTextToSpeech["QtTextToSpeech"]\n    Root --> node_venv["venv"]\n    node_venv --> node_venv_lib["lib"]\n    node_venv_lib --> node_venv_lib_python3_12["python3.12"]\n    node_venv_lib_python3_12 --> node_venv_lib_python3_12_site-packages["site-packages"]\n    node_venv_lib_python3_12_site-packages --> node_venv_lib_python3_12_site-packages_PyQt6["PyQt6"]\n    node_venv_lib_python3_12_site-packages_PyQt6 --> node_venv_lib_python3_12_site-packages_PyQt6_Qt6["Qt6"]\n    node_venv_lib_python3_12_site-packages_PyQt6_Qt6 --> node_venv_lib_python3_12_site-packages_PyQt6_Qt6_lib["lib"]\n    node_venv_lib_python3_12_site-packages_PyQt6_Qt6_lib --> node_venv_lib_python3_12_site-packages_PyQt6_Qt6_lib_QtStateMachineQml_framework["QtStateMachineQml.framework"]\n    node_venv_lib_python3_12_site-packages_PyQt6_Qt6_lib_QtStateMachineQml_framework --> node_venv_lib_python3_12_site-packages_PyQt6_Qt6_lib_QtStateMachineQml_framework_Resources["Resources"]\n    node_venv_lib_python3_12_site-packages_PyQt6_Qt6_lib_QtStateMachineQml_framework_Resources --> node_venv_lib_python3_12_site-packages_PyQt6_Qt6_lib_QtStateMachineQml_framework_Resources_Info_plist["Info.plist"]\n    Root --> node_venv["venv"]\n    node_venv --> node_venv_lib["lib"]\n    node_venv_lib --> node_venv_lib_python3_12["python3.12"]\n    node_venv_lib_python3_12 --> node_venv_lib_python3_12_site-packages["site-packages"]\n    node_venv_lib_python3_12_site-packages --> node_venv_lib_python3_12_site-packages_PyQt6["PyQt6"]\n    node_venv_lib_python3_12_site-packages_PyQt6 --> node_venv_lib_python3_12_site-packages_PyQt6_Qt6["Qt6"]\n    node_venv_lib_python3_12_site-packages_PyQt6_Qt6 --> node_venv_lib_python3_12_site-packages_PyQt6_Qt6_lib["lib"]\n    node_venv_lib_python3_12_site-packages_PyQt6_Qt6_lib --> node_venv_lib_python3_12_site-packages_PyQt6_Qt6_lib_QtStateMachineQml_framework["QtStateMachineQml.framework"]\n    node_venv_lib_python3_12_site-packages_PyQt6_Qt6_lib_QtStateMachineQml_framework --> node_venv_lib_python3_12_site-packages_PyQt6_Qt6_lib_QtStateMachineQml_framework_Resources["Resources"]\n    node_venv_lib_python3_12_site-packages_PyQt6_Qt6_lib_QtStateMachineQml_framework_Resources --> node_venv_lib_python3_12_site-packages_PyQt6_Qt6_lib_QtStateMachineQml_framework_Resources_PrivacyInfo_xcprivacy["PrivacyInfo.xcprivacy"]\n    Root --> node_venv["venv"]\n    node_venv --> node_venv_lib["lib"]\n    node_venv_lib --> node_venv_lib_python3_12["python3.12"]\n    node_venv_lib_python3_12 --> node_venv_lib_python3_12_site-packages["site-packages"]\n    node_venv_lib_python3_12_site-packages --> node_venv_lib_python3_12_site-packages_PyQt6["PyQt6"]\n    node_venv_lib_python3_12_site-packages_PyQt6 --> node_venv_lib_python3_12_site-packages_PyQt6_Qt6["Qt6"]\n    node_venv_lib_python3_12_site-packages_PyQt6_Qt6 --> node_venv_lib_python3_12_site-packages_PyQt6_Qt6_lib["lib"]\n    node_venv_lib_python3_12_site-packages_PyQt6_Qt6_lib --> node_venv_lib_python3_12_site-packages_PyQt6_Qt6_lib_QtStateMachineQml_framework["QtStateMachineQml.framework"]\n    node_venv_lib_python3_12_site-packages_PyQt6_Qt6_lib_QtStateMachineQml_framework --> node_venv_lib_python3_12_site-packages_PyQt6_Qt6_lib_QtStateMachineQml_framework_Versions["Versions"]\n    node_venv_lib_python3_12_site-packages_PyQt6_Qt6_lib_QtStateMachineQml_framework_Versions --> node_venv_lib_python3_12_site-packages_PyQt6_Qt6_lib_QtStateMachineQml_framework_Versions_A["A"]\n    node_venv_lib_python3_12_site-packages_PyQt6_Qt6_lib_QtStateMachineQml_framework_Versions_A --> node_venv_lib_python3_12_site-packages_PyQt6_Qt6_lib_QtStateMachineQml_framework_Versions_A_QtStateMachineQml["QtStateMachineQml"]\n    Root --> node_venv["venv"]\n    node_venv --> node_venv_lib["lib"]\n    node_venv_lib --> node_venv_lib_python3_12["python3.12"]\n    node_venv_lib_python3_12 --> node_venv_lib_python3_12_site-packages["site-packages"]\n    node_venv_lib_python3_12_site-packages --> node_venv_lib_python3_12_site-packages_PyQt6["PyQt6"]\n    node_venv_lib_python3_12_site-packages_PyQt6 --> node_venv_lib_python3_12_site-packages_PyQt6_Qt6["Qt6"]\n    node_venv_lib_python3_12_site-packages_PyQt6_Qt6 --> node_venv_lib_python3_12_site-packages_PyQt6_Qt6_lib["lib"]\n    node_venv_lib_python3_12_site-packages_PyQt6_Qt6_lib --> node_venv_lib_python3_12_site-packages_PyQt6_Qt6_lib_QtSql_framework["QtSql.framework"]\n    node_venv_lib_python3_12_site-packages_PyQt6_Qt6_lib_QtSql_framework --> node_venv_lib_python3_12_site-packages_PyQt6_Qt6_lib_QtSql_framework_Resources["Resources"]\n    node_venv_lib_python3_12_site-packages_PyQt6_Qt6_lib_QtSql_framework_Resources --> node_venv_lib_python3_12_site-packages_PyQt6_Qt6_lib_QtSql_framework_Resources_Info_plist["Info.plist"]\n    Root --> node_venv["venv"]\n    node_venv --> node_venv_lib["lib"]\n    node_venv_lib --> node_venv_lib_python3_12["python3.12"]\n    node_venv_lib_python3_12 --> node_venv_lib_python3_12_site-packages["site-packages"]\n    node_venv_lib_python3_12_site-packages --> node_venv_lib_python3_12_site-packages_PyQt6["PyQt6"]\n    node_venv_lib_python3_12_site-packages_PyQt6 --> node_venv_lib_python3_12_site-packages_PyQt6_Qt6["Qt6"]\n    node_venv_lib_python3_12_site-packages_PyQt6_Qt6 --> node_venv_lib_python3_12_site-packages_PyQt6_Qt6_lib["lib"]\n    node_venv_lib_python3_12_site-packages_PyQt6_Qt6_lib --> node_venv_lib_python3_12_site-packages_PyQt6_Qt6_lib_QtSql_framework["QtSql.framework"]\n    node_venv_lib_python3_12_site-packages_PyQt6_Qt6_lib_QtSql_framework --> node_venv_lib_python3_12_site-packages_PyQt6_Qt6_lib_QtSql_framework_Resources["Resources"]\n    node_venv_lib_python3_12_site-packages_PyQt6_Qt6_lib_QtSql_framework_Resources --> node_venv_lib_python3_12_site-packages_PyQt6_Qt6_lib_QtSql_framework_Resources_PrivacyInfo_xcprivacy["PrivacyInfo.xcprivacy"]\n    Root --> node_venv["venv"]\n    node_venv --> node_venv_lib["lib"]\n    node_venv_lib --> node_venv_lib_python3_12["python3.12"]\n    node_venv_lib_python3_12 --> node_venv_lib_python3_12_site-packages["site-packages"]\n    node_venv_lib_python3_12_site-packages --> node_venv_lib_python3_12_site-packages_PyQt6["PyQt6"]\n    node_venv_lib_python3_12_site-packages_PyQt6 --> node_venv_lib_python3_12_site-packages_PyQt6_Qt6["Qt6"]\n    node_venv_lib_python3_12_site-packages_PyQt6_Qt6 --> node_venv_lib_python3_12_site-packages_PyQt6_Qt6_lib["lib"]\n    node_venv_lib_python3_12_site-packages_PyQt6_Qt6_lib --> node_venv_lib_python3_12_site-packages_PyQt6_Qt6_lib_QtSql_framework["QtSql.framework"]\n    node_venv_lib_python3_12_site-packages_PyQt6_Qt6_lib_QtSql_framework --> node_venv_lib_python3_12_site-packages_PyQt6_Qt6_lib_QtSql_framework_Versions["Versions"]\n    node_venv_lib_python3_12_site-packages_PyQt6_Qt6_lib_QtSql_framework_Versions --> node_venv_lib_python3_12_site-packages_PyQt6_Qt6_lib_QtSql_framework_Versions_A["A"]\n    node_venv_lib_python3_12_site-packages_PyQt6_Qt6_lib_QtSql_framework_Versions_A --> node_venv_lib_python3_12_site-packages_PyQt6_Qt6_lib_QtSql_framework_Versions_A_QtSql["QtSql"]\n    Root --> node_venv["venv"]\n    node_venv --> node_venv_lib["lib"]\n    node_venv_lib --> node_venv_lib_python3_12["python3.12"]\n    node_venv_lib_python3_12 --> node_venv_lib_python3_12_site-packages["site-packages"]\n    node_venv_lib_python3_12_site-packages --> node_venv_lib_python3_12_site-packages_PyQt6["PyQt6"]\n    node_venv_lib_python3_12_site-packages_PyQt6 --> node_venv_lib_python3_12_site-packages_PyQt6_Qt6["Qt6"]\n    node_venv_lib_python3_12_site-packages_PyQt6_Qt6 --> node_venv_lib_python3_12_site-packages_PyQt6_Qt6_lib["lib"]\n    node_venv_lib_python3_12_site-packages_PyQt6_Qt6_lib --> node_venv_lib_python3_12_site-packages_PyQt6_Qt6_lib_QtConcurrent_framework["QtConcurrent.framework"]\n    node_venv_lib_python3_12_site-packages_PyQt6_Qt6_lib_QtConcurrent_framework --> node_venv_lib_python3_12_site-packages_PyQt6_Qt6_lib_QtConcurrent_framework_Resources["Resources"]\n    node_venv_lib_python3_12_site-packages_PyQt6_Qt6_lib_QtConcurrent_framework_Resources --> node_venv_lib_python3_12_site-packages_PyQt6_Qt6_lib_QtConcurrent_framework_Resources_Info_plist["Info.plist"]\n    Root --> node_venv["venv"]\n    node_venv --> node_venv_lib["lib"]\n    node_venv_lib --> node_venv_lib_python3_12["python3.12"]\n    node_venv_lib_python3_12 --> node_venv_lib_python3_12_site-packages["site-packages"]\n    node_venv_lib_python3_12_site-packages --> node_venv_lib_python3_12_site-packages_PyQt6["PyQt6"]\n    node_venv_lib_python3_12_site-packages_PyQt6 --> node_venv_lib_python3_12_site-packages_PyQt6_Qt6["Qt6"]\n    node_venv_lib_python3_12_site-packages_PyQt6_Qt6 --> node_venv_lib_python3_12_site-packages_PyQt6_Qt6_lib["lib"]\n    node_venv_lib_python3_12_site-packages_PyQt6_Qt6_lib --> node_venv_lib_python3_12_site-packages_PyQt6_Qt6_lib_QtConcurrent_framework["QtConcurrent.framework"]\n    node_venv_lib_python3_12_site-packages_PyQt6_Qt6_lib_QtConcurrent_framework --> node_venv_lib_python3_12_site-packages_PyQt6_Qt6_lib_QtConcurrent_framework_Resources["Resources"]\n    node_venv_lib_python3_12_site-packages_PyQt6_Qt6_lib_QtConcurrent_framework_Resources --> node_venv_lib_python3_12_site-packages_PyQt6_Qt6_lib_QtConcurrent_framework_Resources_PrivacyInfo_xcprivacy["PrivacyInfo.xcprivacy"]\n    Root --> node_venv["venv"]\n    node_venv --> node_venv_lib["lib"]\n    node_venv_lib --> node_venv_lib_python3_12["python3.12"]\n    node_venv_lib_python3_12 --> node_venv_lib_python3_12_site-packages["site-packages"]\n    node_venv_lib_python3_12_site-packages --> node_venv_lib_python3_12_site-packages_PyQt6["PyQt6"]\n    node_venv_lib_python3_12_site-packages_PyQt6 --> node_venv_lib_python3_12_site-packages_PyQt6_Qt6["Qt6"]\n    node_venv_lib_python3_12_site-packages_PyQt6_Qt6 --> node_venv_lib_python3_12_site-packages_PyQt6_Qt6_lib["lib"]\n    node_venv_lib_python3_12_site-packages_PyQt6_Qt6_lib --> node_venv_lib_python3_12_site-packages_PyQt6_Qt6_lib_QtConcurrent_framework["QtConcurrent.framework"]\n    node_venv_lib_python3_12_site-packages_PyQt6_Qt6_lib_QtConcurrent_framework --> node_venv_lib_python3_12_site-packages_PyQt6_Qt6_lib_QtConcurrent_framework_Versions["Versions"]\n    node_venv_lib_python3_12_site-packages_PyQt6_Qt6_lib_QtConcurrent_framework_Versions --> node_venv_lib_python3_12_site-packages_PyQt6_Qt6_lib_QtConcurrent_framework_Versions_A["A"]\n    node_venv_lib_python3_12_site-packages_PyQt6_Qt6_lib_QtConcurrent_framework_Versions_A --> node_venv_lib_python3_12_site-packages_PyQt6_Qt6_lib_QtConcurrent_framework_Versions_A_QtConcurrent["QtConcurrent"]\n    Root --> node_venv["venv"]\n    node_venv --> node_venv_lib["lib"]\n    node_venv_lib --> node_venv_lib_python3_12["python3.12"]\n    node_venv_lib_python3_12 --> node_venv_lib_python3_12_site-packages["site-packages"]\n    node_venv_lib_python3_12_site-packages --> node_venv_lib_python3_12_site-packages_PyQt6["PyQt6"]\n    node_venv_lib_python3_12_site-packages_PyQt6 --> node_venv_lib_python3_12_site-packages_PyQt6_Qt6["Qt6"]\n    node_venv_lib_python3_12_site-packages_PyQt6_Qt6 --> node_venv_lib_python3_12_site-packages_PyQt6_Qt6_qsci["qsci"]\n    node_venv_lib_python3_12_site-packages_PyQt6_Qt6_qsci --> node_venv_lib_python3_12_site-packages_PyQt6_Qt6_qsci_api["api"]\n    node_venv_lib_python3_12_site-packages_PyQt6_Qt6_qsci_api --> node_venv_lib_python3_12_site-packages_PyQt6_Qt6_qsci_api_python["python"]\n    node_venv_lib_python3_12_site-packages_PyQt6_Qt6_qsci_api_python --> node_venv_lib_python3_12_site-packages_PyQt6_Qt6_qsci_api_python_PyQt6_api["PyQt6.api"]\n    Root --> node_venv["venv"]\n    node_venv --> node_venv_lib["lib"]\n    node_venv_lib --> node_venv_lib_python3_12["python3.12"]\n    node_venv_lib_python3_12 --> node_venv_lib_python3_12_site-packages["site-packages"]\n    node_venv_lib_python3_12_site-packages --> node_venv_lib_python3_12_site-packages_PyQt6["PyQt6"]\n    node_venv_lib_python3_12_site-packages_PyQt6 --> node_venv_lib_python3_12_site-packages_PyQt6_Qt6["Qt6"]\n    node_venv_lib_python3_12_site-packages_PyQt6_Qt6 --> node_venv_lib_python3_12_site-packages_PyQt6_Qt6_translations["translations"]\n    node_venv_lib_python3_12_site-packages_PyQt6_Qt6_translations --> node_venv_lib_python3_12_site-packages_PyQt6_Qt6_translations_qt_ar_qm["qt_ar.qm"]\n    Root --> node_venv["venv"]\n    node_venv --> node_venv_lib["lib"]\n    node_venv_lib --> node_venv_lib_python3_12["python3.12"]\n    node_venv_lib_python3_12 --> node_venv_lib_python3_12_site-packages["site-packages"]\n    node_venv_lib_python3_12_site-packages --> node_venv_lib_python3_12_site-packages_PyQt6["PyQt6"]\n    node_venv_lib_python3_12_site-packages_PyQt6 --> node_venv_lib_python3_12_site-packages_PyQt6_Qt6["Qt6"]\n    node_venv_lib_python3_12_site-packages_PyQt6_Qt6 --> node_venv_lib_python3_12_site-packages_PyQt6_Qt6_translations["translations"]\n    node_venv_lib_python3_12_site-packages_PyQt6_Qt6_translations --> node_venv_lib_python3_12_site-packages_PyQt6_Qt6_translations_qt_bg_qm["qt_bg.qm"]\n    Root --> node_venv["venv"]\n    node_venv --> node_venv_lib["lib"]\n    node_venv_lib --> node_venv_lib_python3_12["python3.12"]\n    node_venv_lib_python3_12 --> node_venv_lib_python3_12_site-packages["site-packages"]\n    node_venv_lib_python3_12_site-packages --> node_venv_lib_python3_12_site-packages_PyQt6["PyQt6"]\n    node_venv_lib_python3_12_site-packages_PyQt6 --> node_venv_lib_python3_12_site-packages_PyQt6_Qt6["Qt6"]\n    node_venv_lib_python3_12_site-packages_PyQt6_Qt6 --> node_venv_lib_python3_12_site-packages_PyQt6_Qt6_translations["translations"]\n    node_venv_lib_python3_12_site-packages_PyQt6_Qt6_translations --> node_venv_lib_python3_12_site-packages_PyQt6_Qt6_translations_qt_ca_qm["qt_ca.qm"]\n    Root --> node_venv["venv"]\n    node_venv --> node_venv_lib["lib"]\n    node_venv_lib --> node_venv_lib_python3_12["python3.12"]\n    node_venv_lib_python3_12 --> node_venv_lib_python3_12_site-packages["site-packages"]\n    node_venv_lib_python3_12_site-packages --> node_venv_lib_python3_12_site-packages_PyQt6["PyQt6"]\n    node_venv_lib_python3_12_site-packages_PyQt6 --> node_venv_lib_python3_12_site-packages_PyQt6_Qt6["Qt6"]\n    node_venv_lib_python3_12_site-packages_PyQt6_Qt6 --> node_venv_lib_python3_12_site-packages_PyQt6_Qt6_translations["translations"]\n    node_venv_lib_python3_12_site-packages_PyQt6_Qt6_translations --> node_venv_lib_python3_12_site-packages_PyQt6_Qt6_translations_qt_cs_qm["qt_cs.qm"]\n    Root --> node_venv["venv"]\n    node_venv --> node_venv_lib["lib"]\n    node_venv_lib --> node_venv_lib_python3_12["python3.12"]\n    node_venv_lib_python3_12 --> node_venv_lib_python3_12_site-packages["site-packages"]\n    node_venv_lib_python3_12_site-packages --> node_venv_lib_python3_12_site-packages_PyQt6["PyQt6"]\n    node_venv_lib_python3_12_site-packages_PyQt6 --> node_venv_lib_python3_12_site-packages_PyQt6_Qt6["Qt6"]\n    node_venv_lib_python3_12_site-packages_PyQt6_Qt6 --> node_venv_lib_python3_12_site-packages_PyQt6_Qt6_translations["translations"]\n    node_venv_lib_python3_12_site-packages_PyQt6_Qt6_translations --> node_venv_lib_python3_12_site-packages_PyQt6_Qt6_translations_qt_da_qm["qt_da.qm"]\n    Root --> node_venv["venv"]\n    node_venv --> node_venv_lib["lib"]\n    node_venv_lib --> node_venv_lib_python3_12["python3.12"]\n    node_venv_lib_python3_12 --> node_venv_lib_python3_12_site-packages["site-packages"]\n    node_venv_lib_python3_12_site-packages --> node_venv_lib_python3_12_site-packages_PyQt6["PyQt6"]\n    node_venv_lib_python3_12_site-packages_PyQt6 --> node_venv_lib_python3_12_site-packages_PyQt6_Qt6["Qt6"]\n    node_venv_lib_python3_12_site-packages_PyQt6_Qt6 --> node_venv_lib_python3_12_site-packages_PyQt6_Qt6_translations["translations"]\n    node_venv_lib_python3_12_site-packages_PyQt6_Qt6_translations --> node_venv_lib_python3_12_site-packages_PyQt6_Qt6_translations_qt_de_qm["qt_de.qm"]\n    Root --> node_venv["venv"]\n    node_venv --> node_venv_lib["lib"]\n    node_venv_lib --> node_venv_lib_python3_12["python3.12"]\n    node_venv_lib_python3_12 --> node_venv_lib_python3_12_site-packages["site-packages"]\n    node_venv_lib_python3_12_site-packages --> node_venv_lib_python3_12_site-packages_PyQt6["PyQt6"]\n    node_venv_lib_python3_12_site-packages_PyQt6 --> node_venv_lib_python3_12_site-packages_PyQt6_Qt6["Qt6"]\n    node_venv_lib_python3_12_site-packages_PyQt6_Qt6 --> node_venv_lib_python3_12_site-packages_PyQt6_Qt6_translations["translations"]\n    node_venv_lib_python3_12_site-packages_PyQt6_Qt6_translations --> node_venv_lib_python3_12_site-packages_PyQt6_Qt6_translations_qt_en_qm["qt_en.qm"]\n    Root --> node_venv["venv"]\n    node_venv --> node_venv_lib["lib"]\n    node_venv_lib --> node_venv_lib_python3_12["python3.12"]\n    node_venv_lib_python3_12 --> node_venv_lib_python3_12_site-packages["site-packages"]\n    node_venv_lib_python3_12_site-packages --> node_venv_lib_python3_12_site-packages_PyQt6["PyQt6"]\n    node_venv_lib_python3_12_site-packages_PyQt6 --> node_venv_lib_python3_12_site-packages_PyQt6_Qt6["Qt6"]\n    node_venv_lib_python3_12_site-packages_PyQt6_Qt6 --> node_venv_lib_python3_12_site-packages_PyQt6_Qt6_translations["translations"]\n    node_venv_lib_python3_12_site-packages_PyQt6_Qt6_translations --> node_venv_lib_python3_12_site-packages_PyQt6_Qt6_translations_qt_es_qm["qt_es.qm"]\n    Root --> node_venv["venv"]\n    node_venv --> node_venv_lib["lib"]\n    node_venv_lib --> node_venv_lib_python3_12["python3.12"]\n    node_venv_lib_python3_12 --> node_venv_lib_python3_12_site-packages["site-packages"]\n    node_venv_lib_python3_12_site-packages --> node_venv_lib_python3_12_site-packages_PyQt6["PyQt6"]\n    node_venv_lib_python3_12_site-packages_PyQt6 --> node_venv_lib_python3_12_site-packages_PyQt6_Qt6["Qt6"]\n    node_venv_lib_python3_12_site-packages_PyQt6_Qt6 --> node_venv_lib_python3_12_site-packages_PyQt6_Qt6_translations["translations"]\n    node_venv_lib_python3_12_site-packages_PyQt6_Qt6_translations --> node_venv_lib_python3_12_site-packages_PyQt6_Qt6_translations_qt_fa_qm["qt_fa.qm"]\n    Root --> node_venv["venv"]\n    node_venv --> node_venv_lib["lib"]\n    node_venv_lib --> node_venv_lib_python3_12["python3.12"]\n    node_venv_lib_python3_12 --> node_venv_lib_python3_12_site-packages["site-packages"]\n    node_venv_lib_python3_12_site-packages --> node_venv_lib_python3_12_site-packages_PyQt6["PyQt6"]\n    node_venv_lib_python3_12_site-packages_PyQt6 --> node_venv_lib_python3_12_site-packages_PyQt6_Qt6["Qt6"]\n    node_venv_lib_python3_12_site-packages_PyQt6_Qt6 --> node_venv_lib_python3_12_site-packages_PyQt6_Qt6_translations["translations"]\n    node_venv_lib_python3_12_site-packages_PyQt6_Qt6_translations --> node_venv_lib_python3_12_site-packages_PyQt6_Qt6_translations_qt_fi_qm["qt_fi.qm"]\n    Root --> node_venv["venv"]\n    node_venv --> node_venv_lib["lib"]\n    node_venv_lib --> node_venv_lib_python3_12["python3.12"]\n    node_venv_lib_python3_12 --> node_venv_lib_python3_12_site-packages["site-packages"]\n    node_venv_lib_python3_12_site-packages --> node_venv_lib_python3_12_site-packages_PyQt6["PyQt6"]\n    node_venv_lib_python3_12_site-packages_PyQt6 --> node_venv_lib_python3_12_site-packages_PyQt6_Qt6["Qt6"]\n    node_venv_lib_python3_12_site-packages_PyQt6_Qt6 --> node_venv_lib_python3_12_site-packages_PyQt6_Qt6_translations["translations"]\n    node_venv_lib_python3_12_site-packages_PyQt6_Qt6_translations --> node_venv_lib_python3_12_site-packages_PyQt6_Qt6_translations_qt_fr_qm["qt_fr.qm"]\n    Root --> node_venv["venv"]\n    node_venv --> node_venv_lib["lib"]\n    node_venv_lib --> node_venv_lib_python3_12["python3.12"]\n    node_venv_lib_python3_12 --> node_venv_lib_python3_12_site-packages["site-packages"]\n    node_venv_lib_python3_12_site-packages --> node_venv_lib_python3_12_site-packages_PyQt6["PyQt6"]\n    node_venv_lib_python3_12_site-packages_PyQt6 --> node_venv_lib_python3_12_site-packages_PyQt6_Qt6["Qt6"]\n    node_venv_lib_python3_12_site-packages_PyQt6_Qt6 --> node_venv_lib_python3_12_site-packages_PyQt6_Qt6_translations["translations"]\n    node_venv_lib_python3_12_site-packages_PyQt6_Qt6_translations --> node_venv_lib_python3_12_site-packages_PyQt6_Qt6_translations_qt_gd_qm["qt_gd.qm"]\n    Root --> node_venv["venv"]\n    node_venv --> node_venv_lib["lib"]\n    node_venv_lib --> node_venv_lib_python3_12["python3.12"]\n    node_venv_lib_python3_12 --> node_venv_lib_python3_12_site-packages["site-packages"]\n    node_venv_lib_python3_12_site-packages --> node_venv_lib_python3_12_site-packages_PyQt6["PyQt6"]\n    node_venv_lib_python3_12_site-packages_PyQt6 --> node_venv_lib_python3_12_site-packages_PyQt6_Qt6["Qt6"]\n    node_venv_lib_python3_12_site-packages_PyQt6_Qt6 --> node_venv_lib_python3_12_site-packages_PyQt6_Qt6_translations["translations"]\n    node_venv_lib_python3_12_site-packages_PyQt6_Qt6_translations --> node_venv_lib_python3_12_site-packages_PyQt6_Qt6_translations_qt_gl_qm["qt_gl.qm"]\n    Root --> node_venv["venv"]\n    node_venv --> node_venv_lib["lib"]\n    node_venv_lib --> node_venv_lib_python3_12["python3.12"]\n    node_venv_lib_python3_12 --> node_venv_lib_python3_12_site-packages["site-packages"]\n    node_venv_lib_python3_12_site-packages --> node_venv_lib_python3_12_site-packages_PyQt6["PyQt6"]\n    node_venv_lib_python3_12_site-packages_PyQt6 --> node_venv_lib_python3_12_site-packages_PyQt6_Qt6["Qt6"]\n    node_venv_lib_python3_12_site-packages_PyQt6_Qt6 --> node_venv_lib_python3_12_site-packages_PyQt6_Qt6_translations["translations"]\n    node_venv_lib_python3_12_site-packages_PyQt6_Qt6_translations --> node_venv_lib_python3_12_site-packages_PyQt6_Qt6_translations_qt_he_qm["qt_he.qm"]\n    Root --> node_venv["venv"]\n    node_venv --> node_venv_lib["lib"]\n    node_venv_lib --> node_venv_lib_python3_12["python3.12"]\n    node_venv_lib_python3_12 --> node_venv_lib_python3_12_site-packages["site-packages"]\n    node_venv_lib_python3_12_site-packages --> node_venv_lib_python3_12_site-packages_PyQt6["PyQt6"]\n    node_venv_lib_python3_12_site-packages_PyQt6 --> node_venv_lib_python3_12_site-packages_PyQt6_Qt6["Qt6"]\n    node_venv_lib_python3_12_site-packages_PyQt6_Qt6 --> node_venv_lib_python3_12_site-packages_PyQt6_Qt6_translations["translations"]\n    node_venv_lib_python3_12_site-packages_PyQt6_Qt6_translations --> node_venv_lib_python3_12_site-packages_PyQt6_Qt6_translations_qt_help_ar_qm["qt_help_ar.qm"]\n    Root --> node_venv["venv"]\n    node_venv --> node_venv_lib["lib"]\n    node_venv_lib --> node_venv_lib_python3_12["python3.12"]\n    node_venv_lib_python3_12 --> node_venv_lib_python3_12_site-packages["site-packages"]\n    node_venv_lib_python3_12_site-packages --> node_venv_lib_python3_12_site-packages_PyQt6["PyQt6"]\n    node_venv_lib_python3_12_site-packages_PyQt6 --> node_venv_lib_python3_12_site-packages_PyQt6_Qt6["Qt6"]\n    node_venv_lib_python3_12_site-packages_PyQt6_Qt6 --> node_venv_lib_python3_12_site-packages_PyQt6_Qt6_translations["translations"]\n    node_venv_lib_python3_12_site-packages_PyQt6_Qt6_translations --> node_venv_lib_python3_12_site-packages_PyQt6_Qt6_translations_qt_help_bg_qm["qt_help_bg.qm"]\n    Root --> node_venv["venv"]\n    node_venv --> node_venv_lib["lib"]\n    node_venv_lib --> node_venv_lib_python3_12["python3.12"]\n    node_venv_lib_python3_12 --> node_venv_lib_python3_12_site-packages["site-packages"]\n    node_venv_lib_python3_12_site-packages --> node_venv_lib_python3_12_site-packages_PyQt6["PyQt6"]\n    node_venv_lib_python3_12_site-packages_PyQt6 --> node_venv_lib_python3_12_site-packages_PyQt6_Qt6["Qt6"]\n    node_venv_lib_python3_12_site-packages_PyQt6_Qt6 --> node_venv_lib_python3_12_site-packages_PyQt6_Qt6_translations["translations"]\n    node_venv_lib_python3_12_site-packages_PyQt6_Qt6_translations --> node_venv_lib_python3_12_site-packages_PyQt6_Qt6_translations_qt_help_ca_qm["qt_help_ca.qm"]\n    Root --> node_venv["venv"]\n    node_venv --> node_venv_lib["lib"]\n    node_venv_lib --> node_venv_lib_python3_12["python3.12"]\n    node_venv_lib_python3_12 --> node_venv_lib_python3_12_site-packages["site-packages"]\n    node_venv_lib_python3_12_site-packages --> node_venv_lib_python3_12_site-packages_PyQt6["PyQt6"]\n    node_venv_lib_python3_12_site-packages_PyQt6 --> node_venv_lib_python3_12_site-packages_PyQt6_Qt6["Qt6"]\n    node_venv_lib_python3_12_site-packages_PyQt6_Qt6 --> node_venv_lib_python3_12_site-packages_PyQt6_Qt6_translations["translations"]\n    node_venv_lib_python3_12_site-packages_PyQt6_Qt6_translations --> node_venv_lib_python3_12_site-packages_PyQt6_Qt6_translations_qt_help_cs_qm["qt_help_cs.qm"]\n    Root --> node_venv["venv"]\n    node_venv --> node_venv_lib["lib"]\n    node_venv_lib --> node_venv_lib_python3_12["python3.12"]\n    node_venv_lib_python3_12 --> node_venv_lib_python3_12_site-packages["site-packages"]\n    node_venv_lib_python3_12_site-packages --> node_venv_lib_python3_12_site-packages_PyQt6["PyQt6"]\n    node_venv_lib_python3_12_site-packages_PyQt6 --> node_venv_lib_python3_12_site-packages_PyQt6_Qt6["Qt6"]\n    node_venv_lib_python3_12_site-packages_PyQt6_Qt6 --> node_venv_lib_python3_12_site-packages_PyQt6_Qt6_translations["translations"]\n    node_venv_lib_python3_12_site-packages_PyQt6_Qt6_translations --> node_venv_lib_python3_12_site-packages_PyQt6_Qt6_translations_qt_help_da_qm["qt_help_da.qm"]\n    Root --> node_venv["venv"]\n    node_venv --> node_venv_lib["lib"]\n    node_venv_lib --> node_venv_lib_python3_12["python3.12"]\n    node_venv_lib_python3_12 --> node_venv_lib_python3_12_site-packages["site-packages"]\n    node_venv_lib_python3_12_site-packages --> node_venv_lib_python3_12_site-packages_PyQt6["PyQt6"]\n    node_venv_lib_python3_12_site-packages_PyQt6 --> node_venv_lib_python3_12_site-packages_PyQt6_Qt6["Qt6"]\n    node_venv_lib_python3_12_site-packages_PyQt6_Qt6 --> node_venv_lib_python3_12_site-packages_PyQt6_Qt6_translations["translations"]\n    node_venv_lib_python3_12_site-packages_PyQt6_Qt6_translations --> node_venv_lib_python3_12_site-packages_PyQt6_Qt6_translations_qt_help_de_qm["qt_help_de.qm"]\n    Root --> node_venv["venv"]\n    node_venv --> node_venv_lib["lib"]\n    node_venv_lib --> node_venv_lib_python3_12["python3.12"]\n    node_venv_lib_python3_12 --> node_venv_lib_python3_12_site-packages["site-packages"]\n    node_venv_lib_python3_12_site-packages --> node_venv_lib_python3_12_site-packages_PyQt6["PyQt6"]\n    node_venv_lib_python3_12_site-packages_PyQt6 --> node_venv_lib_python3_12_site-packages_PyQt6_Qt6["Qt6"]\n    node_venv_lib_python3_12_site-packages_PyQt6_Qt6 --> node_venv_lib_python3_12_site-packages_PyQt6_Qt6_translations["translations"]\n    node_venv_lib_python3_12_site-packages_PyQt6_Qt6_translations --> node_venv_lib_python3_12_site-packages_PyQt6_Qt6_translations_qt_help_en_qm["qt_help_en.qm"]\n    Root --> node_venv["venv"]\n    node_venv --> node_venv_lib["lib"]\n    node_venv_lib --> node_venv_lib_python3_12["python3.12"]\n    node_venv_lib_python3_12 --> node_venv_lib_python3_12_site-packages["site-packages"]\n    node_venv_lib_python3_12_site-packages --> node_venv_lib_python3_12_site-packages_PyQt6["PyQt6"]\n    node_venv_lib_python3_12_site-packages_PyQt6 --> node_venv_lib_python3_12_site-packages_PyQt6_Qt6["Qt6"]\n    node_venv_lib_python3_12_site-packages_PyQt6_Qt6 --> node_venv_lib_python3_12_site-packages_PyQt6_Qt6_translations["translations"]\n    node_venv_lib_python3_12_site-packages_PyQt6_Qt6_translations --> node_venv_lib_python3_12_site-packages_PyQt6_Qt6_translations_qt_help_es_qm["qt_help_es.qm"]\n    Root --> node_venv["venv"]\n    node_venv --> node_venv_lib["lib"]\n    node_venv_lib --> node_venv_lib_python3_12["python3.12"]\n    node_venv_lib_python3_12 --> node_venv_lib_python3_12_site-packages["site-packages"]\n    node_venv_lib_python3_12_site-packages --> node_venv_lib_python3_12_site-packages_PyQt6["PyQt6"]\n    node_venv_lib_python3_12_site-packages_PyQt6 --> node_venv_lib_python3_12_site-packages_PyQt6_Qt6["Qt6"]\n    node_venv_lib_python3_12_site-packages_PyQt6_Qt6 --> node_venv_lib_python3_12_site-packages_PyQt6_Qt6_translations["translations"]\n    node_venv_lib_python3_12_site-packages_PyQt6_Qt6_translations --> node_venv_lib_python3_12_site-packages_PyQt6_Qt6_translations_qt_help_fr_qm["qt_help_fr.qm"]\n    Root --> node_venv["venv"]\n    node_venv --> node_venv_lib["lib"]\n    node_venv_lib --> node_venv_lib_python3_12["python3.12"]\n    node_venv_lib_python3_12 --> node_venv_lib_python3_12_site-packages["site-packages"]\n    node_venv_lib_python3_12_site-packages --> node_venv_lib_python3_12_site-packages_PyQt6["PyQt6"]\n    node_venv_lib_python3_12_site-packages_PyQt6 --> node_venv_lib_python3_12_site-packages_PyQt6_Qt6["Qt6"]\n    node_venv_lib_python3_12_site-packages_PyQt6_Qt6 --> node_venv_lib_python3_12_site-packages_PyQt6_Qt6_translations["translations"]\n    node_venv_lib_python3_12_site-packages_PyQt6_Qt6_translations --> node_venv_lib_python3_12_site-packages_PyQt6_Qt6_translations_qt_help_gl_qm["qt_help_gl.qm"]\n    Root --> node_venv["venv"]\n    node_venv --> node_venv_lib["lib"]\n    node_venv_lib --> node_venv_lib_python3_12["python3.12"]\n    node_venv_lib_python3_12 --> node_venv_lib_python3_12_site-packages["site-packages"]\n    node_venv_lib_python3_12_site-packages --> node_venv_lib_python3_12_site-packages_PyQt6["PyQt6"]\n    node_venv_lib_python3_12_site-packages_PyQt6 --> node_venv_lib_python3_12_site-packages_PyQt6_Qt6["Qt6"]\n    node_venv_lib_python3_12_site-packages_PyQt6_Qt6 --> node_venv_lib_python3_12_site-packages_PyQt6_Qt6_translations["translations"]\n    node_venv_lib_python3_12_site-packages_PyQt6_Qt6_translations --> node_venv_lib_python3_12_site-packages_PyQt6_Qt6_translations_qt_help_hr_qm["qt_help_hr.qm"]\n    Root --> node_venv["venv"]\n    node_venv --> node_venv_lib["lib"]\n    node_venv_lib --> node_venv_lib_python3_12["python3.12"]\n    node_venv_lib_python3_12 --> node_venv_lib_python3_12_site-packages["site-packages"]\n    node_venv_lib_python3_12_site-packages --> node_venv_lib_python3_12_site-packages_PyQt6["PyQt6"]\n    node_venv_lib_python3_12_site-packages_PyQt6 --> node_venv_lib_python3_12_site-packages_PyQt6_Qt6["Qt6"]\n    node_venv_lib_python3_12_site-packages_PyQt6_Qt6 --> node_venv_lib_python3_12_site-packages_PyQt6_Qt6_translations["translations"]\n    node_venv_lib_python3_12_site-packages_PyQt6_Qt6_translations --> node_venv_lib_python3_12_site-packages_PyQt6_Qt6_translations_qt_help_hu_qm["qt_help_hu.qm"]\n    Root --> node_venv["venv"]\n    node_venv --> node_venv_lib["lib"]\n    node_venv_lib --> node_venv_lib_python3_12["python3.12"]\n    node_venv_lib_python3_12 --> node_venv_lib_python3_12_site-packages["site-packages"]\n    node_venv_lib_python3_12_site-packages --> node_venv_lib_python3_12_site-packages_PyQt6["PyQt6"]\n    node_venv_lib_python3_12_site-packages_PyQt6 --> node_venv_lib_python3_12_site-packages_PyQt6_Qt6["Qt6"]\n    node_venv_lib_python3_12_site-packages_PyQt6_Qt6 --> node_venv_lib_python3_12_site-packages_PyQt6_Qt6_translations["translations"]\n    node_venv_lib_python3_12_site-packages_PyQt6_Qt6_translations --> node_venv_lib_python3_12_site-packages_PyQt6_Qt6_translations_qt_help_it_qm["qt_help_it.qm"]\n    Root --> node_venv["venv"]\n    node_venv --> node_venv_lib["lib"]\n    node_venv_lib --> node_venv_lib_python3_12["python3.12"]\n    node_venv_lib_python3_12 --> node_venv_lib_python3_12_site-packages["site-packages"]\n    node_venv_lib_python3_12_site-packages --> node_venv_lib_python3_12_site-packages_PyQt6["PyQt6"]\n    node_venv_lib_python3_12_site-packages_PyQt6 --> node_venv_lib_python3_12_site-packages_PyQt6_Qt6["Qt6"]\n    node_venv_lib_python3_12_site-packages_PyQt6_Qt6 --> node_venv_lib_python3_12_site-packages_PyQt6_Qt6_translations["translations"]\n    node_venv_lib_python3_12_site-packages_PyQt6_Qt6_translations --> node_venv_lib_python3_12_site-packages_PyQt6_Qt6_translations_qt_help_ja_qm["qt_help_ja.qm"]\n    Root --> node_venv["venv"]\n    node_venv --> node_venv_lib["lib"]\n    node_venv_lib --> node_venv_lib_python3_12["python3.12"]\n    node_venv_lib_python3_12 --> node_venv_lib_python3_12_site-packages["site-packages"]\n    node_venv_lib_python3_12_site-packages --> node_venv_lib_python3_12_site-packages_PyQt6["PyQt6"]\n    node_venv_lib_python3_12_site-packages_PyQt6 --> node_venv_lib_python3_12_site-packages_PyQt6_Qt6["Qt6"]\n    node_venv_lib_python3_12_site-packages_PyQt6_Qt6 --> node_venv_lib_python3_12_site-packages_PyQt6_Qt6_translations["translations"]\n    node_venv_lib_python3_12_site-packages_PyQt6_Qt6_translations --> node_venv_lib_python3_12_site-packages_PyQt6_Qt6_translations_qt_help_ka_qm["qt_help_ka.qm"]\n    Root --> node_venv["venv"]\n    node_venv --> node_venv_lib["lib"]\n    node_venv_lib --> node_venv_lib_python3_12["python3.12"]\n    node_venv_lib_python3_12 --> node_venv_lib_python3_12_site-packages["site-packages"]\n    node_venv_lib_python3_12_site-packages --> node_venv_lib_python3_12_site-packages_PyQt6["PyQt6"]\n    node_venv_lib_python3_12_site-packages_PyQt6 --> node_venv_lib_python3_12_site-packages_PyQt6_Qt6["Qt6"]\n    node_venv_lib_python3_12_site-packages_PyQt6_Qt6 --> node_venv_lib_python3_12_site-packages_PyQt6_Qt6_translations["translations"]\n    node_venv_lib_python3_12_site-packages_PyQt6_Qt6_translations --> node_venv_lib_python3_12_site-packages_PyQt6_Qt6_translations_qt_help_ko_qm["qt_help_ko.qm"]\n    Root --> node_venv["venv"]\n    node_venv --> node_venv_lib["lib"]\n    node_venv_lib --> node_venv_lib_python3_12["python3.12"]\n    node_venv_lib_python3_12 --> node_venv_lib_python3_12_site-packages["site-packages"]\n    node_venv_lib_python3_12_site-packages --> node_venv_lib_python3_12_site-packages_PyQt6["PyQt6"]\n    node_venv_lib_python3_12_site-packages_PyQt6 --> node_venv_lib_python3_12_site-packages_PyQt6_Qt6["Qt6"]\n    node_venv_lib_python3_12_site-packages_PyQt6_Qt6 --> node_venv_lib_python3_12_site-packages_PyQt6_Qt6_translations["translations"]\n    node_venv_lib_python3_12_site-packages_PyQt6_Qt6_translations --> node_venv_lib_python3_12_site-packages_PyQt6_Qt6_translations_qt_help_nl_qm["qt_help_nl.qm"]\n    Root --> node_venv["venv"]\n    node_venv --> node_venv_lib["lib"]\n    node_venv_lib --> node_venv_lib_python3_12["python3.12"]\n    node_venv_lib_python3_12 --> node_venv_lib_python3_12_site-packages["site-packages"]\n    node_venv_lib_python3_12_site-packages --> node_venv_lib_python3_12_site-packages_PyQt6["PyQt6"]\n    node_venv_lib_python3_12_site-packages_PyQt6 --> node_venv_lib_python3_12_site-packages_PyQt6_Qt6["Qt6"]\n    node_venv_lib_python3_12_site-packages_PyQt6_Qt6 --> node_venv_lib_python3_12_site-packages_PyQt6_Qt6_translations["translations"]\n    node_venv_lib_python3_12_site-packages_PyQt6_Qt6_translations --> node_venv_lib_python3_12_site-packages_PyQt6_Qt6_translations_qt_help_nn_qm["qt_help_nn.qm"]\n    Root --> node_venv["venv"]\n    node_venv --> node_venv_lib["lib"]\n    node_venv_lib --> node_venv_lib_python3_12["python3.12"]\n    node_venv_lib_python3_12 --> node_venv_lib_python3_12_site-packages["site-packages"]\n    node_venv_lib_python3_12_site-packages --> node_venv_lib_python3_12_site-packages_PyQt6["PyQt6"]\n    node_venv_lib_python3_12_site-packages_PyQt6 --> node_venv_lib_python3_12_site-packages_PyQt6_Qt6["Qt6"]\n    node_venv_lib_python3_12_site-packages_PyQt6_Qt6 --> node_venv_lib_python3_12_site-packages_PyQt6_Qt6_translations["translations"]\n    node_venv_lib_python3_12_site-packages_PyQt6_Qt6_translations --> node_venv_lib_python3_12_site-packages_PyQt6_Qt6_translations_qt_help_pl_qm["qt_help_pl.qm"]\n    Root --> node_venv["venv"]\n    node_venv --> node_venv_lib["lib"]\n    node_venv_lib --> node_venv_lib_python3_12["python3.12"]\n    node_venv_lib_python3_12 --> node_venv_lib_python3_12_site-packages["site-packages"]\n    node_venv_lib_python3_12_site-packages --> node_venv_lib_python3_12_site-packages_PyQt6["PyQt6"]\n    node_venv_lib_python3_12_site-packages_PyQt6 --> node_venv_lib_python3_12_site-packages_PyQt6_Qt6["Qt6"]\n    node_venv_lib_python3_12_site-packages_PyQt6_Qt6 --> node_venv_lib_python3_12_site-packages_PyQt6_Qt6_translations["translations"]\n    node_venv_lib_python3_12_site-packages_PyQt6_Qt6_translations --> node_venv_lib_python3_12_site-packages_PyQt6_Qt6_translations_qt_help_pt_BR_qm["qt_help_pt_BR.qm"]\n    Root --> node_venv["venv"]\n    node_venv --> node_venv_lib["lib"]\n    node_venv_lib --> node_venv_lib_python3_12["python3.12"]\n    node_venv_lib_python3_12 --> node_venv_lib_python3_12_site-packages["site-packages"]\n    node_venv_lib_python3_12_site-packages --> node_venv_lib_python3_12_site-packages_PyQt6["PyQt6"]\n    node_venv_lib_python3_12_site-packages_PyQt6 --> node_venv_lib_python3_12_site-packages_PyQt6_Qt6["Qt6"]\n    node_venv_lib_python3_12_site-packages_PyQt6_Qt6 --> node_venv_lib_python3_12_site-packages_PyQt6_Qt6_translations["translations"]\n    node_venv_lib_python3_12_site-packages_PyQt6_Qt6_translations --> node_venv_lib_python3_12_site-packages_PyQt6_Qt6_translations_qt_help_ru_qm["qt_help_ru.qm"]\n    Root --> node_venv["venv"]\n    node_venv --> node_venv_lib["lib"]\n    node_venv_lib --> node_venv_lib_python3_12["python3.12"]\n    node_venv_lib_python3_12 --> node_venv_lib_python3_12_site-packages["site-packages"]\n    node_venv_lib_python3_12_site-packages --> node_venv_lib_python3_12_site-packages_PyQt6["PyQt6"]\n    node_venv_lib_python3_12_site-packages_PyQt6 --> node_venv_lib_python3_12_site-packages_PyQt6_Qt6["Qt6"]\n    node_venv_lib_python3_12_site-packages_PyQt6_Qt6 --> node_venv_lib_python3_12_site-packages_PyQt6_Qt6_translations["translations"]\n    node_venv_lib_python3_12_site-packages_PyQt6_Qt6_translations --> node_venv_lib_python3_12_site-packages_PyQt6_Qt6_translations_qt_help_sk_qm["qt_help_sk.qm"]\n    Root --> node_venv["venv"]\n    node_venv --> node_venv_lib["lib"]\n    node_venv_lib --> node_venv_lib_python3_12["python3.12"]\n    node_venv_lib_python3_12 --> node_venv_lib_python3_12_site-packages["site-packages"]\n    node_venv_lib_python3_12_site-packages --> node_venv_lib_python3_12_site-packages_PyQt6["PyQt6"]\n    node_venv_lib_python3_12_site-packages_PyQt6 --> node_venv_lib_python3_12_site-packages_PyQt6_Qt6["Qt6"]\n    node_venv_lib_python3_12_site-packages_PyQt6_Qt6 --> node_venv_lib_python3_12_site-packages_PyQt6_Qt6_translations["translations"]\n    node_venv_lib_python3_12_site-packages_PyQt6_Qt6_translations --> node_venv_lib_python3_12_site-packages_PyQt6_Qt6_translations_qt_help_sl_qm["qt_help_sl.qm"]\n    Root --> node_venv["venv"]\n    node_venv --> node_venv_lib["lib"]\n    node_venv_lib --> node_venv_lib_python3_12["python3.12"]\n    node_venv_lib_python3_12 --> node_venv_lib_python3_12_site-packages["site-packages"]\n    node_venv_lib_python3_12_site-packages --> node_venv_lib_python3_12_site-packages_PyQt6["PyQt6"]\n    node_venv_lib_python3_12_site-packages_PyQt6 --> node_venv_lib_python3_12_site-packages_PyQt6_Qt6["Qt6"]\n    node_venv_lib_python3_12_site-packages_PyQt6_Qt6 --> node_venv_lib_python3_12_site-packages_PyQt6_Qt6_translations["translations"]\n    node_venv_lib_python3_12_site-packages_PyQt6_Qt6_translations --> node_venv_lib_python3_12_site-packages_PyQt6_Qt6_translations_qt_help_sv_qm["qt_help_sv.qm"]\n    Root --> node_venv["venv"]\n    node_venv --> node_venv_lib["lib"]\n    node_venv_lib --> node_venv_lib_python3_12["python3.12"]\n    node_venv_lib_python3_12 --> node_venv_lib_python3_12_site-packages["site-packages"]\n    node_venv_lib_python3_12_site-packages --> node_venv_lib_python3_12_site-packages_PyQt6["PyQt6"]\n    node_venv_lib_python3_12_site-packages_PyQt6 --> node_venv_lib_python3_12_site-packages_PyQt6_Qt6["Qt6"]\n    node_venv_lib_python3_12_site-packages_PyQt6_Qt6 --> node_venv_lib_python3_12_site-packages_PyQt6_Qt6_translations["translations"]\n    node_venv_lib_python3_12_site-packages_PyQt6_Qt6_translations --> node_venv_lib_python3_12_site-packages_PyQt6_Qt6_translations_qt_help_tr_qm["qt_help_tr.qm"]\n    Root --> node_venv["venv"]\n    node_venv --> node_venv_lib["lib"]\n    node_venv_lib --> node_venv_lib_python3_12["python3.12"]\n    node_venv_lib_python3_12 --> node_venv_lib_python3_12_site-packages["site-packages"]\n    node_venv_lib_python3_12_site-packages --> node_venv_lib_python3_12_site-packages_PyQt6["PyQt6"]\n    node_venv_lib_python3_12_site-packages_PyQt6 --> node_venv_lib_python3_12_site-packages_PyQt6_Qt6["Qt6"]\n    node_venv_lib_python3_12_site-packages_PyQt6_Qt6 --> node_venv_lib_python3_12_site-packages_PyQt6_Qt6_translations["translations"]\n    node_venv_lib_python3_12_site-packages_PyQt6_Qt6_translations --> node_venv_lib_python3_12_site-packages_PyQt6_Qt6_translations_qt_help_uk_qm["qt_help_uk.qm"]\n    Root --> node_venv["venv"]\n    node_venv --> node_venv_lib["lib"]\n    node_venv_lib --> node_venv_lib_python3_12["python3.12"]\n    node_venv_lib_python3_12 --> node_venv_lib_python3_12_site-packages["site-packages"]\n    node_venv_lib_python3_12_site-packages --> node_venv_lib_python3_12_site-packages_PyQt6["PyQt6"]\n    node_venv_lib_python3_12_site-packages_PyQt6 --> node_venv_lib_python3_12_site-packages_PyQt6_Qt6["Qt6"]\n    node_venv_lib_python3_12_site-packages_PyQt6_Qt6 --> node_venv_lib_python3_12_site-packages_PyQt6_Qt6_translations["translations"]\n    node_venv_lib_python3_12_site-packages_PyQt6_Qt6_translations --> node_venv_lib_python3_12_site-packages_PyQt6_Qt6_translations_qt_help_zh_CN_qm["qt_help_zh_CN.qm"]\n    Root --> node_venv["venv"]\n    node_venv --> node_venv_lib["lib"]\n    node_venv_lib --> node_venv_lib_python3_12["python3.12"]\n    node_venv_lib_python3_12 --> node_venv_lib_python3_12_site-packages["site-packages"]\n    node_venv_lib_python3_12_site-packages --> node_venv_lib_python3_12_site-packages_PyQt6["PyQt6"]\n    node_venv_lib_python3_12_site-packages_PyQt6 --> node_venv_lib_python3_12_site-packages_PyQt6_Qt6["Qt6"]\n    node_venv_lib_python3_12_site-packages_PyQt6_Qt6 --> node_venv_lib_python3_12_site-packages_PyQt6_Qt6_translations["translations"]\n    node_venv_lib_python3_12_site-packages_PyQt6_Qt6_translations --> node_venv_lib_python3_12_site-packages_PyQt6_Qt6_translations_qt_help_zh_TW_qm["qt_help_zh_TW.qm"]\n    Root --> node_venv["venv"]\n    node_venv --> node_venv_lib["lib"]\n    node_venv_lib --> node_venv_lib_python3_12["python3.12"]\n    node_venv_lib_python3_12 --> node_venv_lib_python3_12_site-packages["site-packages"]\n    node_venv_lib_python3_12_site-packages --> node_venv_lib_python3_12_site-packages_PyQt6["PyQt6"]\n    node_venv_lib_python3_12_site-packages_PyQt6 --> node_venv_lib_python3_12_site-packages_PyQt6_Qt6["Qt6"]\n    node_venv_lib_python3_12_site-packages_PyQt6_Qt6 --> node_venv_lib_python3_12_site-packages_PyQt6_Qt6_translations["translations"]\n    node_venv_lib_python3_12_site-packages_PyQt6_Qt6_translations --> node_venv_lib_python3_12_site-packages_PyQt6_Qt6_translations_qt_hr_qm["qt_hr.qm"]\n    Root --> node_venv["venv"]\n    node_venv --> node_venv_lib["lib"]\n    node_venv_lib --> node_venv_lib_python3_12["python3.12"]\n    node_venv_lib_python3_12 --> node_venv_lib_python3_12_site-packages["site-packages"]\n    node_venv_lib_python3_12_site-packages --> node_venv_lib_python3_12_site-packages_PyQt6["PyQt6"]\n    node_venv_lib_python3_12_site-packages_PyQt6 --> node_venv_lib_python3_12_site-packages_PyQt6_Qt6["Qt6"]\n    node_venv_lib_python3_12_site-packages_PyQt6_Qt6 --> node_venv_lib_python3_12_site-packages_PyQt6_Qt6_translations["translations"]\n    node_venv_lib_python3_12_site-packages_PyQt6_Qt6_translations --> node_venv_lib_python3_12_site-packages_PyQt6_Qt6_translations_qt_hu_qm["qt_hu.qm"]\n    Root --> node_venv["venv"]\n    node_venv --> node_venv_lib["lib"]\n    node_venv_lib --> node_venv_lib_python3_12["python3.12"]\n    node_venv_lib_python3_12 --> node_venv_lib_python3_12_site-packages["site-packages"]\n    node_venv_lib_python3_12_site-packages --> node_venv_lib_python3_12_site-packages_PyQt6["PyQt6"]\n    node_venv_lib_python3_12_site-packages_PyQt6 --> node_venv_lib_python3_12_site-packages_PyQt6_Qt6["Qt6"]\n    node_venv_lib_python3_12_site-packages_PyQt6_Qt6 --> node_venv_lib_python3_12_site-packages_PyQt6_Qt6_translations["translations"]\n    node_venv_lib_python3_12_site-packages_PyQt6_Qt6_translations --> node_venv_lib_python3_12_site-packages_PyQt6_Qt6_translations_qt_it_qm["qt_it.qm"]\n    Root --> node_venv["venv"]\n    node_venv --> node_venv_lib["lib"]\n    node_venv_lib --> node_venv_lib_python3_12["python3.12"]\n    node_venv_lib_python3_12 --> node_venv_lib_python3_12_site-packages["site-packages"]\n    node_venv_lib_python3_12_site-packages --> node_venv_lib_python3_12_site-packages_PyQt6["PyQt6"]\n    node_venv_lib_python3_12_site-packages_PyQt6 --> node_venv_lib_python3_12_site-packages_PyQt6_Qt6["Qt6"]\n    node_venv_lib_python3_12_site-packages_PyQt6_Qt6 --> node_venv_lib_python3_12_site-packages_PyQt6_Qt6_translations["translations"]\n    node_venv_lib_python3_12_site-packages_PyQt6_Qt6_translations --> node_venv_lib_python3_12_site-packages_PyQt6_Qt6_translations_qt_ja_qm["qt_ja.qm"]\n    Root --> node_venv["venv"]\n    node_venv --> node_venv_lib["lib"]\n    node_venv_lib --> node_venv_lib_python3_12["python3.12"]\n    node_venv_lib_python3_12 --> node_venv_lib_python3_12_site-packages["site-packages"]\n    node_venv_lib_python3_12_site-packages --> node_venv_lib_python3_12_site-packages_PyQt6["PyQt6"]\n    node_venv_lib_python3_12_site-packages_PyQt6 --> node_venv_lib_python3_12_site-packages_PyQt6_Qt6["Qt6"]\n    node_venv_lib_python3_12_site-packages_PyQt6_Qt6 --> node_venv_lib_python3_12_site-packages_PyQt6_Qt6_translations["translations"]\n    node_venv_lib_python3_12_site-packages_PyQt6_Qt6_translations --> node_venv_lib_python3_12_site-packages_PyQt6_Qt6_translations_qt_ka_qm["qt_ka.qm"]\n    Root --> node_venv["venv"]\n    node_venv --> node_venv_lib["lib"]\n    node_venv_lib --> node_venv_lib_python3_12["python3.12"]\n    node_venv_lib_python3_12 --> node_venv_lib_python3_12_site-packages["site-packages"]\n    node_venv_lib_python3_12_site-packages --> node_venv_lib_python3_12_site-packages_PyQt6["PyQt6"]\n    node_venv_lib_python3_12_site-packages_PyQt6 --> node_venv_lib_python3_12_site-packages_PyQt6_Qt6["Qt6"]\n    node_venv_lib_python3_12_site-packages_PyQt6_Qt6 --> node_venv_lib_python3_12_site-packages_PyQt6_Qt6_translations["translations"]\n    node_venv_lib_python3_12_site-packages_PyQt6_Qt6_translations --> node_venv_lib_python3_12_site-packages_PyQt6_Qt6_translations_qt_ko_qm["qt_ko.qm"]\n    Root --> node_venv["venv"]\n    node_venv --> node_venv_lib["lib"]\n    node_venv_lib --> node_venv_lib_python3_12["python3.12"]\n    node_venv_lib_python3_12 --> node_venv_lib_python3_12_site-packages["site-packages"]\n    node_venv_lib_python3_12_site-packages --> node_venv_lib_python3_12_site-packages_PyQt6["PyQt6"]\n    node_venv_lib_python3_12_site-packages_PyQt6 --> node_venv_lib_python3_12_site-packages_PyQt6_Qt6["Qt6"]\n    node_venv_lib_python3_12_site-packages_PyQt6_Qt6 --> node_venv_lib_python3_12_site-packages_PyQt6_Qt6_translations["translations"]\n    node_venv_lib_python3_12_site-packages_PyQt6_Qt6_translations --> node_venv_lib_python3_12_site-packages_PyQt6_Qt6_translations_qt_lg_qm["qt_lg.qm"]\n    Root --> node_venv["venv"]\n    node_venv --> node_venv_lib["lib"]\n    node_venv_lib --> node_venv_lib_python3_12["python3.12"]\n    node_venv_lib_python3_12 --> node_venv_lib_python3_12_site-packages["site-packages"]\n    node_venv_lib_python3_12_site-packages --> node_venv_lib_python3_12_site-packages_PyQt6["PyQt6"]\n    node_venv_lib_python3_12_site-packages_PyQt6 --> node_venv_lib_python3_12_site-packages_PyQt6_Qt6["Qt6"]\n    node_venv_lib_python3_12_site-packages_PyQt6_Qt6 --> node_venv_lib_python3_12_site-packages_PyQt6_Qt6_translations["translations"]\n    node_venv_lib_python3_12_site-packages_PyQt6_Qt6_translations --> node_venv_lib_python3_12_site-packages_PyQt6_Qt6_translations_qt_lt_qm["qt_lt.qm"]\n    Root --> node_venv["venv"]\n    node_venv --> node_venv_lib["lib"]\n    node_venv_lib --> node_venv_lib_python3_12["python3.12"]\n    node_venv_lib_python3_12 --> node_venv_lib_python3_12_site-packages["site-packages"]\n    node_venv_lib_python3_12_site-packages --> node_venv_lib_python3_12_site-packages_PyQt6["PyQt6"]\n    node_venv_lib_python3_12_site-packages_PyQt6 --> node_venv_lib_python3_12_site-packages_PyQt6_Qt6["Qt6"]\n    node_venv_lib_python3_12_site-packages_PyQt6_Qt6 --> node_venv_lib_python3_12_site-packages_PyQt6_Qt6_translations["translations"]\n    node_venv_lib_python3_12_site-packages_PyQt6_Qt6_translations --> node_venv_lib_python3_12_site-packages_PyQt6_Qt6_translations_qt_lv_qm["qt_lv.qm"]\n    Root --> node_venv["venv"]\n    node_venv --> node_venv_lib["lib"]\n    node_venv_lib --> node_venv_lib_python3_12["python3.12"]\n    node_venv_lib_python3_12 --> node_venv_lib_python3_12_site-packages["site-packages"]\n    node_venv_lib_python3_12_site-packages --> node_venv_lib_python3_12_site-packages_PyQt6["PyQt6"]\n    node_venv_lib_python3_12_site-packages_PyQt6 --> node_venv_lib_python3_12_site-packages_PyQt6_Qt6["Qt6"]\n    node_venv_lib_python3_12_site-packages_PyQt6_Qt6 --> node_venv_lib_python3_12_site-packages_PyQt6_Qt6_translations["translations"]\n    node_venv_lib_python3_12_site-packages_PyQt6_Qt6_translations --> node_venv_lib_python3_12_site-packages_PyQt6_Qt6_translations_qt_nl_qm["qt_nl.qm"]\n    Root --> node_venv["venv"]\n    node_venv --> node_venv_lib["lib"]\n    node_venv_lib --> node_venv_lib_python3_12["python3.12"]\n    node_venv_lib_python3_12 --> node_venv_lib_python3_12_site-packages["site-packages"]\n    node_venv_lib_python3_12_site-packages --> node_venv_lib_python3_12_site-packages_PyQt6["PyQt6"]\n    node_venv_lib_python3_12_site-packages_PyQt6 --> node_venv_lib_python3_12_site-packages_PyQt6_Qt6["Qt6"]\n    node_venv_lib_python3_12_site-packages_PyQt6_Qt6 --> node_venv_lib_python3_12_site-packages_PyQt6_Qt6_translations["translations"]\n    node_venv_lib_python3_12_site-packages_PyQt6_Qt6_translations --> node_venv_lib_python3_12_site-packages_PyQt6_Qt6_translations_qt_nn_qm["qt_nn.qm"]\n    Root --> node_venv["venv"]\n    node_venv --> node_venv_lib["lib"]\n    node_venv_lib --> node_venv_lib_python3_12["python3.12"]\n    node_venv_lib_python3_12 --> node_venv_lib_python3_12_site-packages["site-packages"]\n    node_venv_lib_python3_12_site-packages --> node_venv_lib_python3_12_site-packages_PyQt6["PyQt6"]\n    node_venv_lib_python3_12_site-packages_PyQt6 --> node_venv_lib_python3_12_site-packages_PyQt6_Qt6["Qt6"]\n    node_venv_lib_python3_12_site-packages_PyQt6_Qt6 --> node_venv_lib_python3_12_site-packages_PyQt6_Qt6_translations["translations"]\n    node_venv_lib_python3_12_site-packages_PyQt6_Qt6_translations --> node_venv_lib_python3_12_site-packages_PyQt6_Qt6_translations_qt_pl_qm["qt_pl.qm"]\n    Root --> node_venv["venv"]\n    node_venv --> node_venv_lib["lib"]\n    node_venv_lib --> node_venv_lib_python3_12["python3.12"]\n    node_venv_lib_python3_12 --> node_venv_lib_python3_12_site-packages["site-packages"]\n    node_venv_lib_python3_12_site-packages --> node_venv_lib_python3_12_site-packages_PyQt6["PyQt6"]\n    node_venv_lib_python3_12_site-packages_PyQt6 --> node_venv_lib_python3_12_site-packages_PyQt6_Qt6["Qt6"]\n    node_venv_lib_python3_12_site-packages_PyQt6_Qt6 --> node_venv_lib_python3_12_site-packages_PyQt6_Qt6_translations["translations"]\n    node_venv_lib_python3_12_site-packages_PyQt6_Qt6_translations --> node_venv_lib_python3_12_site-packages_PyQt6_Qt6_translations_qt_pt_BR_qm["qt_pt_BR.qm"]\n    Root --> node_venv["venv"]\n    node_venv --> node_venv_lib["lib"]\n    node_venv_lib --> node_venv_lib_python3_12["python3.12"]\n    node_venv_lib_python3_12 --> node_venv_lib_python3_12_site-packages["site-packages"]\n    node_venv_lib_python3_12_site-packages --> node_venv_lib_python3_12_site-packages_PyQt6["PyQt6"]\n    node_venv_lib_python3_12_site-packages_PyQt6 --> node_venv_lib_python3_12_site-packages_PyQt6_Qt6["Qt6"]\n    node_venv_lib_python3_12_site-packages_PyQt6_Qt6 --> node_venv_lib_python3_12_site-packages_PyQt6_Qt6_translations["translations"]\n    node_venv_lib_python3_12_site-packages_PyQt6_Qt6_translations --> node_venv_lib_python3_12_site-packages_PyQt6_Qt6_translations_qt_pt_PT_qm["qt_pt_PT.qm"]\n    Root --> node_venv["venv"]\n    node_venv --> node_venv_lib["lib"]\n    node_venv_lib --> node_venv_lib_python3_12["python3.12"]\n    node_venv_lib_python3_12 --> node_venv_lib_python3_12_site-packages["site-packages"]\n    node_venv_lib_python3_12_site-packages --> node_venv_lib_python3_12_site-packages_PyQt6["PyQt6"]\n    node_venv_lib_python3_12_site-packages_PyQt6 --> node_venv_lib_python3_12_site-packages_PyQt6_Qt6["Qt6"]\n    node_venv_lib_python3_12_site-packages_PyQt6_Qt6 --> node_venv_lib_python3_12_site-packages_PyQt6_Qt6_translations["translations"]\n    node_venv_lib_python3_12_site-packages_PyQt6_Qt6_translations --> node_venv_lib_python3_12_site-packages_PyQt6_Qt6_translations_qt_ru_qm["qt_ru.qm"]\n    Root --> node_venv["venv"]\n    node_venv --> node_venv_lib["lib"]\n    node_venv_lib --> node_venv_lib_python3_12["python3.12"]\n    node_venv_lib_python3_12 --> node_venv_lib_python3_12_site-packages["site-packages"]\n    node_venv_lib_python3_12_site-packages --> node_venv_lib_python3_12_site-packages_PyQt6["PyQt6"]\n    node_venv_lib_python3_12_site-packages_PyQt6 --> node_venv_lib_python3_12_site-packages_PyQt6_Qt6["Qt6"]\n    node_venv_lib_python3_12_site-packages_PyQt6_Qt6 --> node_venv_lib_python3_12_site-packages_PyQt6_Qt6_translations["translations"]\n    node_venv_lib_python3_12_site-packages_PyQt6_Qt6_translations --> node_venv_lib_python3_12_site-packages_PyQt6_Qt6_translations_qt_sk_qm["qt_sk.qm"]\n    Root --> node_venv["venv"]\n    node_venv --> node_venv_lib["lib"]\n    node_venv_lib --> node_venv_lib_python3_12["python3.12"]\n    node_venv_lib_python3_12 --> node_venv_lib_python3_12_site-packages["site-packages"]\n    node_venv_lib_python3_12_site-packages --> node_venv_lib_python3_12_site-packages_PyQt6["PyQt6"]\n    node_venv_lib_python3_12_site-packages_PyQt6 --> node_venv_lib_python3_12_site-packages_PyQt6_Qt6["Qt6"]\n    node_venv_lib_python3_12_site-packages_PyQt6_Qt6 --> node_venv_lib_python3_12_site-packages_PyQt6_Qt6_translations["translations"]\n    node_venv_lib_python3_12_site-packages_PyQt6_Qt6_translations --> node_venv_lib_python3_12_site-packages_PyQt6_Qt6_translations_qt_sl_qm["qt_sl.qm"]\n    Root --> node_venv["venv"]\n    node_venv --> node_venv_lib["lib"]\n    node_venv_lib --> node_venv_lib_python3_12["python3.12"]\n    node_venv_lib_python3_12 --> node_venv_lib_python3_12_site-packages["site-packages"]\n    node_venv_lib_python3_12_site-packages --> node_venv_lib_python3_12_site-packages_PyQt6["PyQt6"]\n    node_venv_lib_python3_12_site-packages_PyQt6 --> node_venv_lib_python3_12_site-packages_PyQt6_Qt6["Qt6"]\n    node_venv_lib_python3_12_site-packages_PyQt6_Qt6 --> node_venv_lib_python3_12_site-packages_PyQt6_Qt6_translations["translations"]\n    node_venv_lib_python3_12_site-packages_PyQt6_Qt6_translations --> node_venv_lib_python3_12_site-packages_PyQt6_Qt6_translations_qt_sv_qm["qt_sv.qm"]\n    Root --> node_venv["venv"]\n    node_venv --> node_venv_lib["lib"]\n    node_venv_lib --> node_venv_lib_python3_12["python3.12"]\n    node_venv_lib_python3_12 --> node_venv_lib_python3_12_site-packages["site-packages"]\n    node_venv_lib_python3_12_site-packages --> node_venv_lib_python3_12_site-packages_PyQt6["PyQt6"]\n    node_venv_lib_python3_12_site-packages_PyQt6 --> node_venv_lib_python3_12_site-packages_PyQt6_Qt6["Qt6"]\n    node_venv_lib_python3_12_site-packages_PyQt6_Qt6 --> node_venv_lib_python3_12_site-packages_PyQt6_Qt6_translations["translations"]\n    node_venv_lib_python3_12_site-packages_PyQt6_Qt6_translations --> node_venv_lib_python3_12_site-packages_PyQt6_Qt6_translations_qt_tr_qm["qt_tr.qm"]\n    Root --> node_venv["venv"]\n    node_venv --> node_venv_lib["lib"]\n    node_venv_lib --> node_venv_lib_python3_12["python3.12"]\n    node_venv_lib_python3_12 --> node_venv_lib_python3_12_site-packages["site-packages"]\n    node_venv_lib_python3_12_site-packages --> node_venv_lib_python3_12_site-packages_PyQt6["PyQt6"]\n    node_venv_lib_python3_12_site-packages_PyQt6 --> node_venv_lib_python3_12_site-packages_PyQt6_Qt6["Qt6"]\n    node_venv_lib_python3_12_site-packages_PyQt6_Qt6 --> node_venv_lib_python3_12_site-packages_PyQt6_Qt6_translations["translations"]\n    node_venv_lib_python3_12_site-packages_PyQt6_Qt6_translations --> node_venv_lib_python3_12_site-packages_PyQt6_Qt6_translations_qt_uk_qm["qt_uk.qm"]\n    Root --> node_venv["venv"]\n    node_venv --> node_venv_lib["lib"]\n    node_venv_lib --> node_venv_lib_python3_12["python3.12"]\n    node_venv_lib_python3_12 --> node_venv_lib_python3_12_site-packages["site-packages"]\n    node_venv_lib_python3_12_site-packages --> node_venv_lib_python3_12_site-packages_PyQt6["PyQt6"]\n    node_venv_lib_python3_12_site-packages_PyQt6 --> node_venv_lib_python3_12_site-packages_PyQt6_Qt6["Qt6"]\n    node_venv_lib_python3_12_site-packages_PyQt6_Qt6 --> node_venv_lib_python3_12_site-packages_PyQt6_Qt6_translations["translations"]\n    node_venv_lib_python3_12_site-packages_PyQt6_Qt6_translations --> node_venv_lib_python3_12_site-packages_PyQt6_Qt6_translations_qt_zh_CN_qm["qt_zh_CN.qm"]\n    Root --> node_venv["venv"]\n    node_venv --> node_venv_lib["lib"]\n    node_venv_lib --> node_venv_lib_python3_12["python3.12"]\n    node_venv_lib_python3_12 --> node_venv_lib_python3_12_site-packages["site-packages"]\n    node_venv_lib_python3_12_site-packages --> node_venv_lib_python3_12_site-packages_PyQt6["PyQt6"]\n    node_venv_lib_python3_12_site-packages_PyQt6 --> node_venv_lib_python3_12_site-packages_PyQt6_Qt6["Qt6"]\n    node_venv_lib_python3_12_site-packages_PyQt6_Qt6 --> node_venv_lib_python3_12_site-packages_PyQt6_Qt6_translations["translations"]\n    node_venv_lib_python3_12_site-packages_PyQt6_Qt6_translations --> node_venv_lib_python3_12_site-packages_PyQt6_Qt6_translations_qt_zh_TW_qm["qt_zh_TW.qm"]\n    Root --> node_venv["venv"]\n    node_venv --> node_venv_lib["lib"]\n    node_venv_lib --> node_venv_lib_python3_12["python3.12"]\n    node_venv_lib_python3_12 --> node_venv_lib_python3_12_site-packages["site-packages"]\n    node_venv_lib_python3_12_site-packages --> node_venv_lib_python3_12_site-packages_PyQt6["PyQt6"]\n    node_venv_lib_python3_12_site-packages_PyQt6 --> node_venv_lib_python3_12_site-packages_PyQt6_Qt6["Qt6"]\n    node_venv_lib_python3_12_site-packages_PyQt6_Qt6 --> node_venv_lib_python3_12_site-packages_PyQt6_Qt6_translations["translations"]\n    node_venv_lib_python3_12_site-packages_PyQt6_Qt6_translations --> node_venv_lib_python3_12_site-packages_PyQt6_Qt6_translations_qtbase_ar_qm["qtbase_ar.qm"]\n    Root --> node_venv["venv"]\n    node_venv --> node_venv_lib["lib"]\n    node_venv_lib --> node_venv_lib_python3_12["python3.12"]\n    node_venv_lib_python3_12 --> node_venv_lib_python3_12_site-packages["site-packages"]\n    node_venv_lib_python3_12_site-packages --> node_venv_lib_python3_12_site-packages_PyQt6["PyQt6"]\n    node_venv_lib_python3_12_site-packages_PyQt6 --> node_venv_lib_python3_12_site-packages_PyQt6_Qt6["Qt6"]\n    node_venv_lib_python3_12_site-packages_PyQt6_Qt6 --> node_venv_lib_python3_12_site-packages_PyQt6_Qt6_translations["translations"]\n    node_venv_lib_python3_12_site-packages_PyQt6_Qt6_translations --> node_venv_lib_python3_12_site-packages_PyQt6_Qt6_translations_qtbase_bg_qm["qtbase_bg.qm"]\n    Root --> node_venv["venv"]\n    node_venv --> node_venv_lib["lib"]\n    node_venv_lib --> node_venv_lib_python3_12["python3.12"]\n    node_venv_lib_python3_12 --> node_venv_lib_python3_12_site-packages["site-packages"]\n    node_venv_lib_python3_12_site-packages --> node_venv_lib_python3_12_site-packages_PyQt6["PyQt6"]\n    node_venv_lib_python3_12_site-packages_PyQt6 --> node_venv_lib_python3_12_site-packages_PyQt6_Qt6["Qt6"]\n    node_venv_lib_python3_12_site-packages_PyQt6_Qt6 --> node_venv_lib_python3_12_site-packages_PyQt6_Qt6_translations["translations"]\n    node_venv_lib_python3_12_site-packages_PyQt6_Qt6_translations --> node_venv_lib_python3_12_site-packages_PyQt6_Qt6_translations_qtbase_ca_qm["qtbase_ca.qm"]\n    Root --> node_venv["venv"]\n    node_venv --> node_venv_lib["lib"]\n    node_venv_lib --> node_venv_lib_python3_12["python3.12"]\n    node_venv_lib_python3_12 --> node_venv_lib_python3_12_site-packages["site-packages"]\n    node_venv_lib_python3_12_site-packages --> node_venv_lib_python3_12_site-packages_PyQt6["PyQt6"]\n    node_venv_lib_python3_12_site-packages_PyQt6 --> node_venv_lib_python3_12_site-packages_PyQt6_Qt6["Qt6"]\n    node_venv_lib_python3_12_site-packages_PyQt6_Qt6 --> node_venv_lib_python3_12_site-packages_PyQt6_Qt6_translations["translations"]\n    node_venv_lib_python3_12_site-packages_PyQt6_Qt6_translations --> node_venv_lib_python3_12_site-packages_PyQt6_Qt6_translations_qtbase_cs_qm["qtbase_cs.qm"]\n    Root --> node_venv["venv"]\n    node_venv --> node_venv_lib["lib"]\n    node_venv_lib --> node_venv_lib_python3_12["python3.12"]\n    node_venv_lib_python3_12 --> node_venv_lib_python3_12_site-packages["site-packages"]\n    node_venv_lib_python3_12_site-packages --> node_venv_lib_python3_12_site-packages_PyQt6["PyQt6"]\n    node_venv_lib_python3_12_site-packages_PyQt6 --> node_venv_lib_python3_12_site-packages_PyQt6_Qt6["Qt6"]\n    node_venv_lib_python3_12_site-packages_PyQt6_Qt6 --> node_venv_lib_python3_12_site-packages_PyQt6_Qt6_translations["translations"]\n    node_venv_lib_python3_12_site-packages_PyQt6_Qt6_translations --> node_venv_lib_python3_12_site-packages_PyQt6_Qt6_translations_qtbase_da_qm["qtbase_da.qm"]\n    Root --> node_venv["venv"]\n    node_venv --> node_venv_lib["lib"]\n    node_venv_lib --> node_venv_lib_python3_12["python3.12"]\n    node_venv_lib_python3_12 --> node_venv_lib_python3_12_site-packages["site-packages"]\n    node_venv_lib_python3_12_site-packages --> node_venv_lib_python3_12_site-packages_PyQt6["PyQt6"]\n    node_venv_lib_python3_12_site-packages_PyQt6 --> node_venv_lib_python3_12_site-packages_PyQt6_Qt6["Qt6"]\n    node_venv_lib_python3_12_site-packages_PyQt6_Qt6 --> node_venv_lib_python3_12_site-packages_PyQt6_Qt6_translations["translations"]\n    node_venv_lib_python3_12_site-packages_PyQt6_Qt6_translations --> node_venv_lib_python3_12_site-packages_PyQt6_Qt6_translations_qtbase_de_qm["qtbase_de.qm"]\n    Root --> node_venv["venv"]\n    node_venv --> node_venv_lib["lib"]\n    node_venv_lib --> node_venv_lib_python3_12["python3.12"]\n    node_venv_lib_python3_12 --> node_venv_lib_python3_12_site-packages["site-packages"]\n    node_venv_lib_python3_12_site-packages --> node_venv_lib_python3_12_site-packages_PyQt6["PyQt6"]\n    node_venv_lib_python3_12_site-packages_PyQt6 --> node_venv_lib_python3_12_site-packages_PyQt6_Qt6["Qt6"]\n    node_venv_lib_python3_12_site-packages_PyQt6_Qt6 --> node_venv_lib_python3_12_site-packages_PyQt6_Qt6_translations["translations"]\n    node_venv_lib_python3_12_site-packages_PyQt6_Qt6_translations --> node_venv_lib_python3_12_site-packages_PyQt6_Qt6_translations_qtbase_en_qm["qtbase_en.qm"]\n    Root --> node_venv["venv"]\n    node_venv --> node_venv_lib["lib"]\n    node_venv_lib --> node_venv_lib_python3_12["python3.12"]\n    node_venv_lib_python3_12 --> node_venv_lib_python3_12_site-packages["site-packages"]\n    node_venv_lib_python3_12_site-packages --> node_venv_lib_python3_12_site-packages_PyQt6["PyQt6"]\n    node_venv_lib_python3_12_site-packages_PyQt6 --> node_venv_lib_python3_12_site-packages_PyQt6_Qt6["Qt6"]\n    node_venv_lib_python3_12_site-packages_PyQt6_Qt6 --> node_venv_lib_python3_12_site-packages_PyQt6_Qt6_translations["translations"]\n    node_venv_lib_python3_12_site-packages_PyQt6_Qt6_translations --> node_venv_lib_python3_12_site-packages_PyQt6_Qt6_translations_qtbase_es_qm["qtbase_es.qm"]\n    Root --> node_venv["venv"]\n    node_venv --> node_venv_lib["lib"]\n    node_venv_lib --> node_venv_lib_python3_12["python3.12"]\n    node_venv_lib_python3_12 --> node_venv_lib_python3_12_site-packages["site-packages"]\n    node_venv_lib_python3_12_site-packages --> node_venv_lib_python3_12_site-packages_PyQt6["PyQt6"]\n    node_venv_lib_python3_12_site-packages_PyQt6 --> node_venv_lib_python3_12_site-packages_PyQt6_Qt6["Qt6"]\n    node_venv_lib_python3_12_site-packages_PyQt6_Qt6 --> node_venv_lib_python3_12_site-packages_PyQt6_Qt6_translations["translations"]\n    node_venv_lib_python3_12_site-packages_PyQt6_Qt6_translations --> node_venv_lib_python3_12_site-packages_PyQt6_Qt6_translations_qtbase_fa_qm["qtbase_fa.qm"]\n    Root --> node_venv["venv"]\n    node_venv --> node_venv_lib["lib"]\n    node_venv_lib --> node_venv_lib_python3_12["python3.12"]\n    node_venv_lib_python3_12 --> node_venv_lib_python3_12_site-packages["site-packages"]\n    node_venv_lib_python3_12_site-packages --> node_venv_lib_python3_12_site-packages_PyQt6["PyQt6"]\n    node_venv_lib_python3_12_site-packages_PyQt6 --> node_venv_lib_python3_12_site-packages_PyQt6_Qt6["Qt6"]\n    node_venv_lib_python3_12_site-packages_PyQt6_Qt6 --> node_venv_lib_python3_12_site-packages_PyQt6_Qt6_translations["translations"]\n    node_venv_lib_python3_12_site-packages_PyQt6_Qt6_translations --> node_venv_lib_python3_12_site-packages_PyQt6_Qt6_translations_qtbase_fi_qm["qtbase_fi.qm"]\n    Root --> node_venv["venv"]\n    node_venv --> node_venv_lib["lib"]\n    node_venv_lib --> node_venv_lib_python3_12["python3.12"]\n    node_venv_lib_python3_12 --> node_venv_lib_python3_12_site-packages["site-packages"]\n    node_venv_lib_python3_12_site-packages --> node_venv_lib_python3_12_site-packages_PyQt6["PyQt6"]\n    node_venv_lib_python3_12_site-packages_PyQt6 --> node_venv_lib_python3_12_site-packages_PyQt6_Qt6["Qt6"]\n    node_venv_lib_python3_12_site-packages_PyQt6_Qt6 --> node_venv_lib_python3_12_site-packages_PyQt6_Qt6_translations["translations"]\n    node_venv_lib_python3_12_site-packages_PyQt6_Qt6_translations --> node_venv_lib_python3_12_site-packages_PyQt6_Qt6_translations_qtbase_fr_qm["qtbase_fr.qm"]\n    Root --> node_venv["venv"]\n    node_venv --> node_venv_lib["lib"]\n    node_venv_lib --> node_venv_lib_python3_12["python3.12"]\n    node_venv_lib_python3_12 --> node_venv_lib_python3_12_site-packages["site-packages"]\n    node_venv_lib_python3_12_site-packages --> node_venv_lib_python3_12_site-packages_PyQt6["PyQt6"]\n    node_venv_lib_python3_12_site-packages_PyQt6 --> node_venv_lib_python3_12_site-packages_PyQt6_Qt6["Qt6"]\n    node_venv_lib_python3_12_site-packages_PyQt6_Qt6 --> node_venv_lib_python3_12_site-packages_PyQt6_Qt6_translations["translations"]\n    node_venv_lib_python3_12_site-packages_PyQt6_Qt6_translations --> node_venv_lib_python3_12_site-packages_PyQt6_Qt6_translations_qtbase_gd_qm["qtbase_gd.qm"]\n    Root --> node_venv["venv"]\n    node_venv --> node_venv_lib["lib"]\n    node_venv_lib --> node_venv_lib_python3_12["python3.12"]\n    node_venv_lib_python3_12 --> node_venv_lib_python3_12_site-packages["site-packages"]\n    node_venv_lib_python3_12_site-packages --> node_venv_lib_python3_12_site-packages_PyQt6["PyQt6"]\n    node_venv_lib_python3_12_site-packages_PyQt6 --> node_venv_lib_python3_12_site-packages_PyQt6_Qt6["Qt6"]\n    node_venv_lib_python3_12_site-packages_PyQt6_Qt6 --> node_venv_lib_python3_12_site-packages_PyQt6_Qt6_translations["translations"]\n    node_venv_lib_python3_12_site-packages_PyQt6_Qt6_translations --> node_venv_lib_python3_12_site-packages_PyQt6_Qt6_translations_qtbase_he_qm["qtbase_he.qm"]\n    Root --> node_venv["venv"]\n    node_venv --> node_venv_lib["lib"]\n    node_venv_lib --> node_venv_lib_python3_12["python3.12"]\n    node_venv_lib_python3_12 --> node_venv_lib_python3_12_site-packages["site-packages"]\n    node_venv_lib_python3_12_site-packages --> node_venv_lib_python3_12_site-packages_PyQt6["PyQt6"]\n    node_venv_lib_python3_12_site-packages_PyQt6 --> node_venv_lib_python3_12_site-packages_PyQt6_Qt6["Qt6"]\n    node_venv_lib_python3_12_site-packages_PyQt6_Qt6 --> node_venv_lib_python3_12_site-packages_PyQt6_Qt6_translations["translations"]\n    node_venv_lib_python3_12_site-packages_PyQt6_Qt6_translations --> node_venv_lib_python3_12_site-packages_PyQt6_Qt6_translations_qtbase_hr_qm["qtbase_hr.qm"]\n    Root --> node_venv["venv"]\n    node_venv --> node_venv_lib["lib"]\n    node_venv_lib --> node_venv_lib_python3_12["python3.12"]\n    node_venv_lib_python3_12 --> node_venv_lib_python3_12_site-packages["site-packages"]\n    node_venv_lib_python3_12_site-packages --> node_venv_lib_python3_12_site-packages_PyQt6["PyQt6"]\n    node_venv_lib_python3_12_site-packages_PyQt6 --> node_venv_lib_python3_12_site-packages_PyQt6_Qt6["Qt6"]\n    node_venv_lib_python3_12_site-packages_PyQt6_Qt6 --> node_venv_lib_python3_12_site-packages_PyQt6_Qt6_translations["translations"]\n    node_venv_lib_python3_12_site-packages_PyQt6_Qt6_translations --> node_venv_lib_python3_12_site-packages_PyQt6_Qt6_translations_qtbase_hu_qm["qtbase_hu.qm"]\n    Root --> node_venv["venv"]\n    node_venv --> node_venv_lib["lib"]\n    node_venv_lib --> node_venv_lib_python3_12["python3.12"]\n    node_venv_lib_python3_12 --> node_venv_lib_python3_12_site-packages["site-packages"]\n    node_venv_lib_python3_12_site-packages --> node_venv_lib_python3_12_site-packages_PyQt6["PyQt6"]\n    node_venv_lib_python3_12_site-packages_PyQt6 --> node_venv_lib_python3_12_site-packages_PyQt6_Qt6["Qt6"]\n    node_venv_lib_python3_12_site-packages_PyQt6_Qt6 --> node_venv_lib_python3_12_site-packages_PyQt6_Qt6_translations["translations"]\n    node_venv_lib_python3_12_site-packages_PyQt6_Qt6_translations --> node_venv_lib_python3_12_site-packages_PyQt6_Qt6_translations_qtbase_it_qm["qtbase_it.qm"]\n    Root --> node_venv["venv"]\n    node_venv --> node_venv_lib["lib"]\n    node_venv_lib --> node_venv_lib_python3_12["python3.12"]\n    node_venv_lib_python3_12 --> node_venv_lib_python3_12_site-packages["site-packages"]\n    node_venv_lib_python3_12_site-packages --> node_venv_lib_python3_12_site-packages_PyQt6["PyQt6"]\n    node_venv_lib_python3_12_site-packages_PyQt6 --> node_venv_lib_python3_12_site-packages_PyQt6_Qt6["Qt6"]\n    node_venv_lib_python3_12_site-packages_PyQt6_Qt6 --> node_venv_lib_python3_12_site-packages_PyQt6_Qt6_translations["translations"]\n    node_venv_lib_python3_12_site-packages_PyQt6_Qt6_translations --> node_venv_lib_python3_12_site-packages_PyQt6_Qt6_translations_qtbase_ja_qm["qtbase_ja.qm"]\n    Root --> node_venv["venv"]\n    node_venv --> node_venv_lib["lib"]\n    node_venv_lib --> node_venv_lib_python3_12["python3.12"]\n    node_venv_lib_python3_12 --> node_venv_lib_python3_12_site-packages["site-packages"]\n    node_venv_lib_python3_12_site-packages --> node_venv_lib_python3_12_site-packages_PyQt6["PyQt6"]\n    node_venv_lib_python3_12_site-packages_PyQt6 --> node_venv_lib_python3_12_site-packages_PyQt6_Qt6["Qt6"]\n    node_venv_lib_python3_12_site-packages_PyQt6_Qt6 --> node_venv_lib_python3_12_site-packages_PyQt6_Qt6_translations["translations"]\n    node_venv_lib_python3_12_site-packages_PyQt6_Qt6_translations --> node_venv_lib_python3_12_site-packages_PyQt6_Qt6_translations_qtbase_ka_qm["qtbase_ka.qm"]\n    Root --> node_venv["venv"]\n    node_venv --> node_venv_lib["lib"]\n    node_venv_lib --> node_venv_lib_python3_12["python3.12"]\n    node_venv_lib_python3_12 --> node_venv_lib_python3_12_site-packages["site-packages"]\n    node_venv_lib_python3_12_site-packages --> node_venv_lib_python3_12_site-packages_PyQt6["PyQt6"]\n    node_venv_lib_python3_12_site-packages_PyQt6 --> node_venv_lib_python3_12_site-packages_PyQt6_Qt6["Qt6"]\n    node_venv_lib_python3_12_site-packages_PyQt6_Qt6 --> node_venv_lib_python3_12_site-packages_PyQt6_Qt6_translations["translations"]\n    node_venv_lib_python3_12_site-packages_PyQt6_Qt6_translations --> node_venv_lib_python3_12_site-packages_PyQt6_Qt6_translations_qtbase_ko_qm["qtbase_ko.qm"]\n    Root --> node_venv["venv"]\n    node_venv --> node_venv_lib["lib"]\n    node_venv_lib --> node_venv_lib_python3_12["python3.12"]\n    node_venv_lib_python3_12 --> node_venv_lib_python3_12_site-packages["site-packages"]\n    node_venv_lib_python3_12_site-packages --> node_venv_lib_python3_12_site-packages_PyQt6["PyQt6"]\n    node_venv_lib_python3_12_site-packages_PyQt6 --> node_venv_lib_python3_12_site-packages_PyQt6_Qt6["Qt6"]\n    node_venv_lib_python3_12_site-packages_PyQt6_Qt6 --> node_venv_lib_python3_12_site-packages_PyQt6_Qt6_translations["translations"]\n    node_venv_lib_python3_12_site-packages_PyQt6_Qt6_translations --> node_venv_lib_python3_12_site-packages_PyQt6_Qt6_translations_qtbase_lg_qm["qtbase_lg.qm"]\n    Root --> node_venv["venv"]\n    node_venv --> node_venv_lib["lib"]\n    node_venv_lib --> node_venv_lib_python3_12["python3.12"]\n    node_venv_lib_python3_12 --> node_venv_lib_python3_12_site-packages["site-packages"]\n    node_venv_lib_python3_12_site-packages --> node_venv_lib_python3_12_site-packages_PyQt6["PyQt6"]\n    node_venv_lib_python3_12_site-packages_PyQt6 --> node_venv_lib_python3_12_site-packages_PyQt6_Qt6["Qt6"]\n    node_venv_lib_python3_12_site-packages_PyQt6_Qt6 --> node_venv_lib_python3_12_site-packages_PyQt6_Qt6_translations["translations"]\n    node_venv_lib_python3_12_site-packages_PyQt6_Qt6_translations --> node_venv_lib_python3_12_site-packages_PyQt6_Qt6_translations_qtbase_lv_qm["qtbase_lv.qm"]\n    Root --> node_venv["venv"]\n    node_venv --> node_venv_lib["lib"]\n    node_venv_lib --> node_venv_lib_python3_12["python3.12"]\n    node_venv_lib_python3_12 --> node_venv_lib_python3_12_site-packages["site-packages"]\n    node_venv_lib_python3_12_site-packages --> node_venv_lib_python3_12_site-packages_PyQt6["PyQt6"]\n    node_venv_lib_python3_12_site-packages_PyQt6 --> node_venv_lib_python3_12_site-packages_PyQt6_Qt6["Qt6"]\n    node_venv_lib_python3_12_site-packages_PyQt6_Qt6 --> node_venv_lib_python3_12_site-packages_PyQt6_Qt6_translations["translations"]\n    node_venv_lib_python3_12_site-packages_PyQt6_Qt6_translations --> node_venv_lib_python3_12_site-packages_PyQt6_Qt6_translations_qtbase_nl_qm["qtbase_nl.qm"]\n    Root --> node_venv["venv"]\n    node_venv --> node_venv_lib["lib"]\n    node_venv_lib --> node_venv_lib_python3_12["python3.12"]\n    node_venv_lib_python3_12 --> node_venv_lib_python3_12_site-packages["site-packages"]\n    node_venv_lib_python3_12_site-packages --> node_venv_lib_python3_12_site-packages_PyQt6["PyQt6"]\n    node_venv_lib_python3_12_site-packages_PyQt6 --> node_venv_lib_python3_12_site-packages_PyQt6_Qt6["Qt6"]\n    node_venv_lib_python3_12_site-packages_PyQt6_Qt6 --> node_venv_lib_python3_12_site-packages_PyQt6_Qt6_translations["translations"]\n    node_venv_lib_python3_12_site-packages_PyQt6_Qt6_translations --> node_venv_lib_python3_12_site-packages_PyQt6_Qt6_translations_qtbase_nn_qm["qtbase_nn.qm"]\n    Root --> node_venv["venv"]\n    node_venv --> node_venv_lib["lib"]\n    node_venv_lib --> node_venv_lib_python3_12["python3.12"]\n    node_venv_lib_python3_12 --> node_venv_lib_python3_12_site-packages["site-packages"]\n    node_venv_lib_python3_12_site-packages --> node_venv_lib_python3_12_site-packages_PyQt6["PyQt6"]\n    node_venv_lib_python3_12_site-packages_PyQt6 --> node_venv_lib_python3_12_site-packages_PyQt6_Qt6["Qt6"]\n    node_venv_lib_python3_12_site-packages_PyQt6_Qt6 --> node_venv_lib_python3_12_site-packages_PyQt6_Qt6_translations["translations"]\n    node_venv_lib_python3_12_site-packages_PyQt6_Qt6_translations --> node_venv_lib_python3_12_site-packages_PyQt6_Qt6_translations_qtbase_pl_qm["qtbase_pl.qm"]\n    Root --> node_venv["venv"]\n    node_venv --> node_venv_lib["lib"]\n    node_venv_lib --> node_venv_lib_python3_12["python3.12"]\n    node_venv_lib_python3_12 --> node_venv_lib_python3_12_site-packages["site-packages"]\n    node_venv_lib_python3_12_site-packages --> node_venv_lib_python3_12_site-packages_PyQt6["PyQt6"]\n    node_venv_lib_python3_12_site-packages_PyQt6 --> node_venv_lib_python3_12_site-packages_PyQt6_Qt6["Qt6"]\n    node_venv_lib_python3_12_site-packages_PyQt6_Qt6 --> node_venv_lib_python3_12_site-packages_PyQt6_Qt6_translations["translations"]\n    node_venv_lib_python3_12_site-packages_PyQt6_Qt6_translations --> node_venv_lib_python3_12_site-packages_PyQt6_Qt6_translations_qtbase_pt_BR_qm["qtbase_pt_BR.qm"]\n    Root --> node_venv["venv"]\n    node_venv --> node_venv_lib["lib"]\n    node_venv_lib --> node_venv_lib_python3_12["python3.12"]\n    node_venv_lib_python3_12 --> node_venv_lib_python3_12_site-packages["site-packages"]\n    node_venv_lib_python3_12_site-packages --> node_venv_lib_python3_12_site-packages_PyQt6["PyQt6"]\n    node_venv_lib_python3_12_site-packages_PyQt6 --> node_venv_lib_python3_12_site-packages_PyQt6_Qt6["Qt6"]\n    node_venv_lib_python3_12_site-packages_PyQt6_Qt6 --> node_venv_lib_python3_12_site-packages_PyQt6_Qt6_translations["translations"]\n    node_venv_lib_python3_12_site-packages_PyQt6_Qt6_translations --> node_venv_lib_python3_12_site-packages_PyQt6_Qt6_translations_qtbase_ru_qm["qtbase_ru.qm"]\n    Root --> node_venv["venv"]\n    node_venv --> node_venv_lib["lib"]\n    node_venv_lib --> node_venv_lib_python3_12["python3.12"]\n    node_venv_lib_python3_12 --> node_venv_lib_python3_12_site-packages["site-packages"]\n    node_venv_lib_python3_12_site-packages --> node_venv_lib_python3_12_site-packages_PyQt6["PyQt6"]\n    node_venv_lib_python3_12_site-packages_PyQt6 --> node_venv_lib_python3_12_site-packages_PyQt6_Qt6["Qt6"]\n    node_venv_lib_python3_12_site-packages_PyQt6_Qt6 --> node_venv_lib_python3_12_site-packages_PyQt6_Qt6_translations["translations"]\n    node_venv_lib_python3_12_site-packages_PyQt6_Qt6_translations --> node_venv_lib_python3_12_site-packages_PyQt6_Qt6_translations_qtbase_sk_qm["qtbase_sk.qm"]\n    Root --> node_venv["venv"]\n    node_venv --> node_venv_lib["lib"]\n    node_venv_lib --> node_venv_lib_python3_12["python3.12"]\n    node_venv_lib_python3_12 --> node_venv_lib_python3_12_site-packages["site-packages"]\n    node_venv_lib_python3_12_site-packages --> node_venv_lib_python3_12_site-packages_PyQt6["PyQt6"]\n    node_venv_lib_python3_12_site-packages_PyQt6 --> node_venv_lib_python3_12_site-packages_PyQt6_Qt6["Qt6"]\n    node_venv_lib_python3_12_site-packages_PyQt6_Qt6 --> node_venv_lib_python3_12_site-packages_PyQt6_Qt6_translations["translations"]\n    node_venv_lib_python3_12_site-packages_PyQt6_Qt6_translations --> node_venv_lib_python3_12_site-packages_PyQt6_Qt6_translations_qtbase_sv_qm["qtbase_sv.qm"]\n    Root --> node_venv["venv"]\n    node_venv --> node_venv_lib["lib"]\n    node_venv_lib --> node_venv_lib_python3_12["python3.12"]\n    node_venv_lib_python3_12 --> node_venv_lib_python3_12_site-packages["site-packages"]\n    node_venv_lib_python3_12_site-packages --> node_venv_lib_python3_12_site-packages_PyQt6["PyQt6"]\n    node_venv_lib_python3_12_site-packages_PyQt6 --> node_venv_lib_python3_12_site-packages_PyQt6_Qt6["Qt6"]\n    node_venv_lib_python3_12_site-packages_PyQt6_Qt6 --> node_venv_lib_python3_12_site-packages_PyQt6_Qt6_translations["translations"]\n    node_venv_lib_python3_12_site-packages_PyQt6_Qt6_translations --> node_venv_lib_python3_12_site-packages_PyQt6_Qt6_translations_qtbase_tr_qm["qtbase_tr.qm"]\n    Root --> node_venv["venv"]\n    node_venv --> node_venv_lib["lib"]\n    node_venv_lib --> node_venv_lib_python3_12["python3.12"]\n    node_venv_lib_python3_12 --> node_venv_lib_python3_12_site-packages["site-packages"]\n    node_venv_lib_python3_12_site-packages --> node_venv_lib_python3_12_site-packages_PyQt6["PyQt6"]\n    node_venv_lib_python3_12_site-packages_PyQt6 --> node_venv_lib_python3_12_site-packages_PyQt6_Qt6["Qt6"]\n    node_venv_lib_python3_12_site-packages_PyQt6_Qt6 --> node_venv_lib_python3_12_site-packages_PyQt6_Qt6_translations["translations"]\n    node_venv_lib_python3_12_site-packages_PyQt6_Qt6_translations --> node_venv_lib_python3_12_site-packages_PyQt6_Qt6_translations_qtbase_uk_qm["qtbase_uk.qm"]\n    Root --> node_venv["venv"]\n    node_venv --> node_venv_lib["lib"]\n    node_venv_lib --> node_venv_lib_python3_12["python3.12"]\n    node_venv_lib_python3_12 --> node_venv_lib_python3_12_site-packages["site-packages"]\n    node_venv_lib_python3_12_site-packages --> node_venv_lib_python3_12_site-packages_PyQt6["PyQt6"]\n    node_venv_lib_python3_12_site-packages_PyQt6 --> node_venv_lib_python3_12_site-packages_PyQt6_Qt6["Qt6"]\n    node_venv_lib_python3_12_site-packages_PyQt6_Qt6 --> node_venv_lib_python3_12_site-packages_PyQt6_Qt6_translations["translations"]\n    node_venv_lib_python3_12_site-packages_PyQt6_Qt6_translations --> node_venv_lib_python3_12_site-packages_PyQt6_Qt6_translations_qtbase_zh_CN_qm["qtbase_zh_CN.qm"]\n    Root --> node_venv["venv"]\n    node_venv --> node_venv_lib["lib"]\n    node_venv_lib --> node_venv_lib_python3_12["python3.12"]\n    node_venv_lib_python3_12 --> node_venv_lib_python3_12_site-packages["site-packages"]\n    node_venv_lib_python3_12_site-packages --> node_venv_lib_python3_12_site-packages_PyQt6["PyQt6"]\n    node_venv_lib_python3_12_site-packages_PyQt6 --> node_venv_lib_python3_12_site-packages_PyQt6_Qt6["Qt6"]\n    node_venv_lib_python3_12_site-packages_PyQt6_Qt6 --> node_venv_lib_python3_12_site-packages_PyQt6_Qt6_translations["translations"]\n    node_venv_lib_python3_12_site-packages_PyQt6_Qt6_translations --> node_venv_lib_python3_12_site-packages_PyQt6_Qt6_translations_qtbase_zh_TW_qm["qtbase_zh_TW.qm"]\n    Root --> node_venv["venv"]\n    node_venv --> node_venv_lib["lib"]\n    node_venv_lib --> node_venv_lib_python3_12["python3.12"]\n    node_venv_lib_python3_12 --> node_venv_lib_python3_12_site-packages["site-packages"]\n    node_venv_lib_python3_12_site-packages --> node_venv_lib_python3_12_site-packages_PyQt6["PyQt6"]\n    node_venv_lib_python3_12_site-packages_PyQt6 --> node_venv_lib_python3_12_site-packages_PyQt6_Qt6["Qt6"]\n    node_venv_lib_python3_12_site-packages_PyQt6_Qt6 --> node_venv_lib_python3_12_site-packages_PyQt6_Qt6_translations["translations"]\n    node_venv_lib_python3_12_site-packages_PyQt6_Qt6_translations --> node_venv_lib_python3_12_site-packages_PyQt6_Qt6_translations_qtconnectivity_bg_qm["qtconnectivity_bg.qm"]\n    Root --> node_venv["venv"]\n    node_venv --> node_venv_lib["lib"]\n    node_venv_lib --> node_venv_lib_python3_12["python3.12"]\n    node_venv_lib_python3_12 --> node_venv_lib_python3_12_site-packages["site-packages"]\n    node_venv_lib_python3_12_site-packages --> node_venv_lib_python3_12_site-packages_PyQt6["PyQt6"]\n    node_venv_lib_python3_12_site-packages_PyQt6 --> node_venv_lib_python3_12_site-packages_PyQt6_Qt6["Qt6"]\n    node_venv_lib_python3_12_site-packages_PyQt6_Qt6 --> node_venv_lib_python3_12_site-packages_PyQt6_Qt6_translations["translations"]\n    node_venv_lib_python3_12_site-packages_PyQt6_Qt6_translations --> node_venv_lib_python3_12_site-packages_PyQt6_Qt6_translations_qtconnectivity_ca_qm["qtconnectivity_ca.qm"]\n    Root --> node_venv["venv"]\n    node_venv --> node_venv_lib["lib"]\n    node_venv_lib --> node_venv_lib_python3_12["python3.12"]\n    node_venv_lib_python3_12 --> node_venv_lib_python3_12_site-packages["site-packages"]\n    node_venv_lib_python3_12_site-packages --> node_venv_lib_python3_12_site-packages_PyQt6["PyQt6"]\n    node_venv_lib_python3_12_site-packages_PyQt6 --> node_venv_lib_python3_12_site-packages_PyQt6_Qt6["Qt6"]\n    node_venv_lib_python3_12_site-packages_PyQt6_Qt6 --> node_venv_lib_python3_12_site-packages_PyQt6_Qt6_translations["translations"]\n    node_venv_lib_python3_12_site-packages_PyQt6_Qt6_translations --> node_venv_lib_python3_12_site-packages_PyQt6_Qt6_translations_qtconnectivity_da_qm["qtconnectivity_da.qm"]\n    Root --> node_venv["venv"]\n    node_venv --> node_venv_lib["lib"]\n    node_venv_lib --> node_venv_lib_python3_12["python3.12"]\n    node_venv_lib_python3_12 --> node_venv_lib_python3_12_site-packages["site-packages"]\n    node_venv_lib_python3_12_site-packages --> node_venv_lib_python3_12_site-packages_PyQt6["PyQt6"]\n    node_venv_lib_python3_12_site-packages_PyQt6 --> node_venv_lib_python3_12_site-packages_PyQt6_Qt6["Qt6"]\n    node_venv_lib_python3_12_site-packages_PyQt6_Qt6 --> node_venv_lib_python3_12_site-packages_PyQt6_Qt6_translations["translations"]\n    node_venv_lib_python3_12_site-packages_PyQt6_Qt6_translations --> node_venv_lib_python3_12_site-packages_PyQt6_Qt6_translations_qtconnectivity_de_qm["qtconnectivity_de.qm"]\n    Root --> node_venv["venv"]\n    node_venv --> node_venv_lib["lib"]\n    node_venv_lib --> node_venv_lib_python3_12["python3.12"]\n    node_venv_lib_python3_12 --> node_venv_lib_python3_12_site-packages["site-packages"]\n    node_venv_lib_python3_12_site-packages --> node_venv_lib_python3_12_site-packages_PyQt6["PyQt6"]\n    node_venv_lib_python3_12_site-packages_PyQt6 --> node_venv_lib_python3_12_site-packages_PyQt6_Qt6["Qt6"]\n    node_venv_lib_python3_12_site-packages_PyQt6_Qt6 --> node_venv_lib_python3_12_site-packages_PyQt6_Qt6_translations["translations"]\n    node_venv_lib_python3_12_site-packages_PyQt6_Qt6_translations --> node_venv_lib_python3_12_site-packages_PyQt6_Qt6_translations_qtconnectivity_en_qm["qtconnectivity_en.qm"]\n    Root --> node_venv["venv"]\n    node_venv --> node_venv_lib["lib"]\n    node_venv_lib --> node_venv_lib_python3_12["python3.12"]\n    node_venv_lib_python3_12 --> node_venv_lib_python3_12_site-packages["site-packages"]\n    node_venv_lib_python3_12_site-packages --> node_venv_lib_python3_12_site-packages_PyQt6["PyQt6"]\n    node_venv_lib_python3_12_site-packages_PyQt6 --> node_venv_lib_python3_12_site-packages_PyQt6_Qt6["Qt6"]\n    node_venv_lib_python3_12_site-packages_PyQt6_Qt6 --> node_venv_lib_python3_12_site-packages_PyQt6_Qt6_translations["translations"]\n    node_venv_lib_python3_12_site-packages_PyQt6_Qt6_translations --> node_venv_lib_python3_12_site-packages_PyQt6_Qt6_translations_qtconnectivity_es_qm["qtconnectivity_es.qm"]\n    Root --> node_venv["venv"]\n    node_venv --> node_venv_lib["lib"]\n    node_venv_lib --> node_venv_lib_python3_12["python3.12"]\n    node_venv_lib_python3_12 --> node_venv_lib_python3_12_site-packages["site-packages"]\n    node_venv_lib_python3_12_site-packages --> node_venv_lib_python3_12_site-packages_PyQt6["PyQt6"]\n    node_venv_lib_python3_12_site-packages_PyQt6 --> node_venv_lib_python3_12_site-packages_PyQt6_Qt6["Qt6"]\n    node_venv_lib_python3_12_site-packages_PyQt6_Qt6 --> node_venv_lib_python3_12_site-packages_PyQt6_Qt6_translations["translations"]\n    node_venv_lib_python3_12_site-packages_PyQt6_Qt6_translations --> node_venv_lib_python3_12_site-packages_PyQt6_Qt6_translations_qtconnectivity_hr_qm["qtconnectivity_hr.qm"]\n    Root --> node_venv["venv"]\n    node_venv --> node_venv_lib["lib"]\n    node_venv_lib --> node_venv_lib_python3_12["python3.12"]\n    node_venv_lib_python3_12 --> node_venv_lib_python3_12_site-packages["site-packages"]\n    node_venv_lib_python3_12_site-packages --> node_venv_lib_python3_12_site-packages_PyQt6["PyQt6"]\n    node_venv_lib_python3_12_site-packages_PyQt6 --> node_venv_lib_python3_12_site-packages_PyQt6_Qt6["Qt6"]\n    node_venv_lib_python3_12_site-packages_PyQt6_Qt6 --> node_venv_lib_python3_12_site-packages_PyQt6_Qt6_translations["translations"]\n    node_venv_lib_python3_12_site-packages_PyQt6_Qt6_translations --> node_venv_lib_python3_12_site-packages_PyQt6_Qt6_translations_qtconnectivity_hu_qm["qtconnectivity_hu.qm"]\n    Root --> node_venv["venv"]\n    node_venv --> node_venv_lib["lib"]\n    node_venv_lib --> node_venv_lib_python3_12["python3.12"]\n    node_venv_lib_python3_12 --> node_venv_lib_python3_12_site-packages["site-packages"]\n    node_venv_lib_python3_12_site-packages --> node_venv_lib_python3_12_site-packages_PyQt6["PyQt6"]\n    node_venv_lib_python3_12_site-packages_PyQt6 --> node_venv_lib_python3_12_site-packages_PyQt6_Qt6["Qt6"]\n    node_venv_lib_python3_12_site-packages_PyQt6_Qt6 --> node_venv_lib_python3_12_site-packages_PyQt6_Qt6_translations["translations"]\n    node_venv_lib_python3_12_site-packages_PyQt6_Qt6_translations --> node_venv_lib_python3_12_site-packages_PyQt6_Qt6_translations_qtconnectivity_ka_qm["qtconnectivity_ka.qm"]\n    Root --> node_venv["venv"]\n    node_venv --> node_venv_lib["lib"]\n    node_venv_lib --> node_venv_lib_python3_12["python3.12"]\n    node_venv_lib_python3_12 --> node_venv_lib_python3_12_site-packages["site-packages"]\n    node_venv_lib_python3_12_site-packages --> node_venv_lib_python3_12_site-packages_PyQt6["PyQt6"]\n    node_venv_lib_python3_12_site-packages_PyQt6 --> node_venv_lib_python3_12_site-packages_PyQt6_Qt6["Qt6"]\n    node_venv_lib_python3_12_site-packages_PyQt6_Qt6 --> node_venv_lib_python3_12_site-packages_PyQt6_Qt6_translations["translations"]\n    node_venv_lib_python3_12_site-packages_PyQt6_Qt6_translations --> node_venv_lib_python3_12_site-packages_PyQt6_Qt6_translations_qtconnectivity_ko_qm["qtconnectivity_ko.qm"]\n    Root --> node_venv["venv"]\n    node_venv --> node_venv_lib["lib"]\n    node_venv_lib --> node_venv_lib_python3_12["python3.12"]\n    node_venv_lib_python3_12 --> node_venv_lib_python3_12_site-packages["site-packages"]\n    node_venv_lib_python3_12_site-packages --> node_venv_lib_python3_12_site-packages_PyQt6["PyQt6"]\n    node_venv_lib_python3_12_site-packages_PyQt6 --> node_venv_lib_python3_12_site-packages_PyQt6_Qt6["Qt6"]\n    node_venv_lib_python3_12_site-packages_PyQt6_Qt6 --> node_venv_lib_python3_12_site-packages_PyQt6_Qt6_translations["translations"]\n    node_venv_lib_python3_12_site-packages_PyQt6_Qt6_translations --> node_venv_lib_python3_12_site-packages_PyQt6_Qt6_translations_qtconnectivity_nl_qm["qtconnectivity_nl.qm"]\n    Root --> node_venv["venv"]\n    node_venv --> node_venv_lib["lib"]\n    node_venv_lib --> node_venv_lib_python3_12["python3.12"]\n    node_venv_lib_python3_12 --> node_venv_lib_python3_12_site-packages["site-packages"]\n    node_venv_lib_python3_12_site-packages --> node_venv_lib_python3_12_site-packages_PyQt6["PyQt6"]\n    node_venv_lib_python3_12_site-packages_PyQt6 --> node_venv_lib_python3_12_site-packages_PyQt6_Qt6["Qt6"]\n    node_venv_lib_python3_12_site-packages_PyQt6_Qt6 --> node_venv_lib_python3_12_site-packages_PyQt6_Qt6_translations["translations"]\n    node_venv_lib_python3_12_site-packages_PyQt6_Qt6_translations --> node_venv_lib_python3_12_site-packages_PyQt6_Qt6_translations_qtconnectivity_pl_qm["qtconnectivity_pl.qm"]\n    Root --> node_venv["venv"]\n    node_venv --> node_venv_lib["lib"]\n    node_venv_lib --> node_venv_lib_python3_12["python3.12"]\n    node_venv_lib_python3_12 --> node_venv_lib_python3_12_site-packages["site-packages"]\n    node_venv_lib_python3_12_site-packages --> node_venv_lib_python3_12_site-packages_PyQt6["PyQt6"]\n    node_venv_lib_python3_12_site-packages_PyQt6 --> node_venv_lib_python3_12_site-packages_PyQt6_Qt6["Qt6"]\n    node_venv_lib_python3_12_site-packages_PyQt6_Qt6 --> node_venv_lib_python3_12_site-packages_PyQt6_Qt6_translations["translations"]\n    node_venv_lib_python3_12_site-packages_PyQt6_Qt6_translations --> node_venv_lib_python3_12_site-packages_PyQt6_Qt6_translations_qtconnectivity_pt_BR_qm["qtconnectivity_pt_BR.qm"]\n    Root --> node_venv["venv"]\n    node_venv --> node_venv_lib["lib"]\n    node_venv_lib --> node_venv_lib_python3_12["python3.12"]\n    node_venv_lib_python3_12 --> node_venv_lib_python3_12_site-packages["site-packages"]\n    node_venv_lib_python3_12_site-packages --> node_venv_lib_python3_12_site-packages_PyQt6["PyQt6"]\n    node_venv_lib_python3_12_site-packages_PyQt6 --> node_venv_lib_python3_12_site-packages_PyQt6_Qt6["Qt6"]\n    node_venv_lib_python3_12_site-packages_PyQt6_Qt6 --> node_venv_lib_python3_12_site-packages_PyQt6_Qt6_translations["translations"]\n    node_venv_lib_python3_12_site-packages_PyQt6_Qt6_translations --> node_venv_lib_python3_12_site-packages_PyQt6_Qt6_translations_qtconnectivity_ru_qm["qtconnectivity_ru.qm"]\n    Root --> node_venv["venv"]\n    node_venv --> node_venv_lib["lib"]\n    node_venv_lib --> node_venv_lib_python3_12["python3.12"]\n    node_venv_lib_python3_12 --> node_venv_lib_python3_12_site-packages["site-packages"]\n    node_venv_lib_python3_12_site-packages --> node_venv_lib_python3_12_site-packages_PyQt6["PyQt6"]\n    node_venv_lib_python3_12_site-packages_PyQt6 --> node_venv_lib_python3_12_site-packages_PyQt6_Qt6["Qt6"]\n    node_venv_lib_python3_12_site-packages_PyQt6_Qt6 --> node_venv_lib_python3_12_site-packages_PyQt6_Qt6_translations["translations"]\n    node_venv_lib_python3_12_site-packages_PyQt6_Qt6_translations --> node_venv_lib_python3_12_site-packages_PyQt6_Qt6_translations_qtconnectivity_sv_qm["qtconnectivity_sv.qm"]\n    Root --> node_venv["venv"]\n    node_venv --> node_venv_lib["lib"]\n    node_venv_lib --> node_venv_lib_python3_12["python3.12"]\n    node_venv_lib_python3_12 --> node_venv_lib_python3_12_site-packages["site-packages"]\n    node_venv_lib_python3_12_site-packages --> node_venv_lib_python3_12_site-packages_PyQt6["PyQt6"]\n    node_venv_lib_python3_12_site-packages_PyQt6 --> node_venv_lib_python3_12_site-packages_PyQt6_Qt6["Qt6"]\n    node_venv_lib_python3_12_site-packages_PyQt6_Qt6 --> node_venv_lib_python3_12_site-packages_PyQt6_Qt6_translations["translations"]\n    node_venv_lib_python3_12_site-packages_PyQt6_Qt6_translations --> node_venv_lib_python3_12_site-packages_PyQt6_Qt6_translations_qtconnectivity_tr_qm["qtconnectivity_tr.qm"]\n    Root --> node_venv["venv"]\n    node_venv --> node_venv_lib["lib"]\n    node_venv_lib --> node_venv_lib_python3_12["python3.12"]\n    node_venv_lib_python3_12 --> node_venv_lib_python3_12_site-packages["site-packages"]\n    node_venv_lib_python3_12_site-packages --> node_venv_lib_python3_12_site-packages_PyQt6["PyQt6"]\n    node_venv_lib_python3_12_site-packages_PyQt6 --> node_venv_lib_python3_12_site-packages_PyQt6_Qt6["Qt6"]\n    node_venv_lib_python3_12_site-packages_PyQt6_Qt6 --> node_venv_lib_python3_12_site-packages_PyQt6_Qt6_translations["translations"]\n    node_venv_lib_python3_12_site-packages_PyQt6_Qt6_translations --> node_venv_lib_python3_12_site-packages_PyQt6_Qt6_translations_qtconnectivity_uk_qm["qtconnectivity_uk.qm"]\n    Root --> node_venv["venv"]\n    node_venv --> node_venv_lib["lib"]\n    node_venv_lib --> node_venv_lib_python3_12["python3.12"]\n    node_venv_lib_python3_12 --> node_venv_lib_python3_12_site-packages["site-packages"]\n    node_venv_lib_python3_12_site-packages --> node_venv_lib_python3_12_site-packages_PyQt6["PyQt6"]\n    node_venv_lib_python3_12_site-packages_PyQt6 --> node_venv_lib_python3_12_site-packages_PyQt6_Qt6["Qt6"]\n    node_venv_lib_python3_12_site-packages_PyQt6_Qt6 --> node_venv_lib_python3_12_site-packages_PyQt6_Qt6_translations["translations"]\n    node_venv_lib_python3_12_site-packages_PyQt6_Qt6_translations --> node_venv_lib_python3_12_site-packages_PyQt6_Qt6_translations_qtconnectivity_zh_CN_qm["qtconnectivity_zh_CN.qm"]\n    Root --> node_venv["venv"]\n    node_venv --> node_venv_lib["lib"]\n    node_venv_lib --> node_venv_lib_python3_12["python3.12"]\n    node_venv_lib_python3_12 --> node_venv_lib_python3_12_site-packages["site-packages"]\n    node_venv_lib_python3_12_site-packages --> node_venv_lib_python3_12_site-packages_PyQt6["PyQt6"]\n    node_venv_lib_python3_12_site-packages_PyQt6 --> node_venv_lib_python3_12_site-packages_PyQt6_Qt6["Qt6"]\n    node_venv_lib_python3_12_site-packages_PyQt6_Qt6 --> node_venv_lib_python3_12_site-packages_PyQt6_Qt6_translations["translations"]\n    node_venv_lib_python3_12_site-packages_PyQt6_Qt6_translations --> node_venv_lib_python3_12_site-packages_PyQt6_Qt6_translations_qtdeclarative_ar_qm["qtdeclarative_ar.qm"]\n    Root --> node_venv["venv"]\n    node_venv --> node_venv_lib["lib"]\n    node_venv_lib --> node_venv_lib_python3_12["python3.12"]\n    node_venv_lib_python3_12 --> node_venv_lib_python3_12_site-packages["site-packages"]\n    node_venv_lib_python3_12_site-packages --> node_venv_lib_python3_12_site-packages_PyQt6["PyQt6"]\n    node_venv_lib_python3_12_site-packages_PyQt6 --> node_venv_lib_python3_12_site-packages_PyQt6_Qt6["Qt6"]\n    node_venv_lib_python3_12_site-packages_PyQt6_Qt6 --> node_venv_lib_python3_12_site-packages_PyQt6_Qt6_translations["translations"]\n    node_venv_lib_python3_12_site-packages_PyQt6_Qt6_translations --> node_venv_lib_python3_12_site-packages_PyQt6_Qt6_translations_qtdeclarative_bg_qm["qtdeclarative_bg.qm"]\n    Root --> node_venv["venv"]\n    node_venv --> node_venv_lib["lib"]\n    node_venv_lib --> node_venv_lib_python3_12["python3.12"]\n    node_venv_lib_python3_12 --> node_venv_lib_python3_12_site-packages["site-packages"]\n    node_venv_lib_python3_12_site-packages --> node_venv_lib_python3_12_site-packages_PyQt6["PyQt6"]\n    node_venv_lib_python3_12_site-packages_PyQt6 --> node_venv_lib_python3_12_site-packages_PyQt6_Qt6["Qt6"]\n    node_venv_lib_python3_12_site-packages_PyQt6_Qt6 --> node_venv_lib_python3_12_site-packages_PyQt6_Qt6_translations["translations"]\n    node_venv_lib_python3_12_site-packages_PyQt6_Qt6_translations --> node_venv_lib_python3_12_site-packages_PyQt6_Qt6_translations_qtdeclarative_ca_qm["qtdeclarative_ca.qm"]\n    Root --> node_venv["venv"]\n    node_venv --> node_venv_lib["lib"]\n    node_venv_lib --> node_venv_lib_python3_12["python3.12"]\n    node_venv_lib_python3_12 --> node_venv_lib_python3_12_site-packages["site-packages"]\n    node_venv_lib_python3_12_site-packages --> node_venv_lib_python3_12_site-packages_PyQt6["PyQt6"]\n    node_venv_lib_python3_12_site-packages_PyQt6 --> node_venv_lib_python3_12_site-packages_PyQt6_Qt6["Qt6"]\n    node_venv_lib_python3_12_site-packages_PyQt6_Qt6 --> node_venv_lib_python3_12_site-packages_PyQt6_Qt6_translations["translations"]\n    node_venv_lib_python3_12_site-packages_PyQt6_Qt6_translations --> node_venv_lib_python3_12_site-packages_PyQt6_Qt6_translations_qtdeclarative_da_qm["qtdeclarative_da.qm"]\n    Root --> node_venv["venv"]\n    node_venv --> node_venv_lib["lib"]\n    node_venv_lib --> node_venv_lib_python3_12["python3.12"]\n    node_venv_lib_python3_12 --> node_venv_lib_python3_12_site-packages["site-packages"]\n    node_venv_lib_python3_12_site-packages --> node_venv_lib_python3_12_site-packages_PyQt6["PyQt6"]\n    node_venv_lib_python3_12_site-packages_PyQt6 --> node_venv_lib_python3_12_site-packages_PyQt6_Qt6["Qt6"]\n    node_venv_lib_python3_12_site-packages_PyQt6_Qt6 --> node_venv_lib_python3_12_site-packages_PyQt6_Qt6_translations["translations"]\n    node_venv_lib_python3_12_site-packages_PyQt6_Qt6_translations --> node_venv_lib_python3_12_site-packages_PyQt6_Qt6_translations_qtdeclarative_de_qm["qtdeclarative_de.qm"]\n    Root --> node_venv["venv"]\n    node_venv --> node_venv_lib["lib"]\n    node_venv_lib --> node_venv_lib_python3_12["python3.12"]\n    node_venv_lib_python3_12 --> node_venv_lib_python3_12_site-packages["site-packages"]\n    node_venv_lib_python3_12_site-packages --> node_venv_lib_python3_12_site-packages_PyQt6["PyQt6"]\n    node_venv_lib_python3_12_site-packages_PyQt6 --> node_venv_lib_python3_12_site-packages_PyQt6_Qt6["Qt6"]\n    node_venv_lib_python3_12_site-packages_PyQt6_Qt6 --> node_venv_lib_python3_12_site-packages_PyQt6_Qt6_translations["translations"]\n    node_venv_lib_python3_12_site-packages_PyQt6_Qt6_translations --> node_venv_lib_python3_12_site-packages_PyQt6_Qt6_translations_qtdeclarative_en_qm["qtdeclarative_en.qm"]\n    Root --> node_venv["venv"]\n    node_venv --> node_venv_lib["lib"]\n    node_venv_lib --> node_venv_lib_python3_12["python3.12"]\n    node_venv_lib_python3_12 --> node_venv_lib_python3_12_site-packages["site-packages"]\n    node_venv_lib_python3_12_site-packages --> node_venv_lib_python3_12_site-packages_PyQt6["PyQt6"]\n    node_venv_lib_python3_12_site-packages_PyQt6 --> node_venv_lib_python3_12_site-packages_PyQt6_Qt6["Qt6"]\n    node_venv_lib_python3_12_site-packages_PyQt6_Qt6 --> node_venv_lib_python3_12_site-packages_PyQt6_Qt6_translations["translations"]\n    node_venv_lib_python3_12_site-packages_PyQt6_Qt6_translations --> node_venv_lib_python3_12_site-packages_PyQt6_Qt6_translations_qtdeclarative_es_qm["qtdeclarative_es.qm"]\n    Root --> node_venv["venv"]\n    node_venv --> node_venv_lib["lib"]\n    node_venv_lib --> node_venv_lib_python3_12["python3.12"]\n    node_venv_lib_python3_12 --> node_venv_lib_python3_12_site-packages["site-packages"]\n    node_venv_lib_python3_12_site-packages --> node_venv_lib_python3_12_site-packages_PyQt6["PyQt6"]\n    node_venv_lib_python3_12_site-packages_PyQt6 --> node_venv_lib_python3_12_site-packages_PyQt6_Qt6["Qt6"]\n    node_venv_lib_python3_12_site-packages_PyQt6_Qt6 --> node_venv_lib_python3_12_site-packages_PyQt6_Qt6_translations["translations"]\n    node_venv_lib_python3_12_site-packages_PyQt6_Qt6_translations --> node_venv_lib_python3_12_site-packages_PyQt6_Qt6_translations_qtdeclarative_fa_qm["qtdeclarative_fa.qm"]\n    Root --> node_venv["venv"]\n    node_venv --> node_venv_lib["lib"]\n    node_venv_lib --> node_venv_lib_python3_12["python3.12"]\n    node_venv_lib_python3_12 --> node_venv_lib_python3_12_site-packages["site-packages"]\n    node_venv_lib_python3_12_site-packages --> node_venv_lib_python3_12_site-packages_PyQt6["PyQt6"]\n    node_venv_lib_python3_12_site-packages_PyQt6 --> node_venv_lib_python3_12_site-packages_PyQt6_Qt6["Qt6"]\n    node_venv_lib_python3_12_site-packages_PyQt6_Qt6 --> node_venv_lib_python3_12_site-packages_PyQt6_Qt6_translations["translations"]\n    node_venv_lib_python3_12_site-packages_PyQt6_Qt6_translations --> node_venv_lib_python3_12_site-packages_PyQt6_Qt6_translations_qtdeclarative_fi_qm["qtdeclarative_fi.qm"]\n    Root --> node_venv["venv"]\n    node_venv --> node_venv_lib["lib"]\n    node_venv_lib --> node_venv_lib_python3_12["python3.12"]\n    node_venv_lib_python3_12 --> node_venv_lib_python3_12_site-packages["site-packages"]\n    node_venv_lib_python3_12_site-packages --> node_venv_lib_python3_12_site-packages_PyQt6["PyQt6"]\n    node_venv_lib_python3_12_site-packages_PyQt6 --> node_venv_lib_python3_12_site-packages_PyQt6_Qt6["Qt6"]\n    node_venv_lib_python3_12_site-packages_PyQt6_Qt6 --> node_venv_lib_python3_12_site-packages_PyQt6_Qt6_translations["translations"]\n    node_venv_lib_python3_12_site-packages_PyQt6_Qt6_translations --> node_venv_lib_python3_12_site-packages_PyQt6_Qt6_translations_qtdeclarative_fr_qm["qtdeclarative_fr.qm"]\n    Root --> node_venv["venv"]\n    node_venv --> node_venv_lib["lib"]\n    node_venv_lib --> node_venv_lib_python3_12["python3.12"]\n    node_venv_lib_python3_12 --> node_venv_lib_python3_12_site-packages["site-packages"]\n    node_venv_lib_python3_12_site-packages --> node_venv_lib_python3_12_site-packages_PyQt6["PyQt6"]\n    node_venv_lib_python3_12_site-packages_PyQt6 --> node_venv_lib_python3_12_site-packages_PyQt6_Qt6["Qt6"]\n    node_venv_lib_python3_12_site-packages_PyQt6_Qt6 --> node_venv_lib_python3_12_site-packages_PyQt6_Qt6_translations["translations"]\n    node_venv_lib_python3_12_site-packages_PyQt6_Qt6_translations --> node_venv_lib_python3_12_site-packages_PyQt6_Qt6_translations_qtdeclarative_hr_qm["qtdeclarative_hr.qm"]\n    Root --> node_venv["venv"]\n    node_venv --> node_venv_lib["lib"]\n    node_venv_lib --> node_venv_lib_python3_12["python3.12"]\n    node_venv_lib_python3_12 --> node_venv_lib_python3_12_site-packages["site-packages"]\n    node_venv_lib_python3_12_site-packages --> node_venv_lib_python3_12_site-packages_PyQt6["PyQt6"]\n    node_venv_lib_python3_12_site-packages_PyQt6 --> node_venv_lib_python3_12_site-packages_PyQt6_Qt6["Qt6"]\n    node_venv_lib_python3_12_site-packages_PyQt6_Qt6 --> node_venv_lib_python3_12_site-packages_PyQt6_Qt6_translations["translations"]\n    node_venv_lib_python3_12_site-packages_PyQt6_Qt6_translations --> node_venv_lib_python3_12_site-packages_PyQt6_Qt6_translations_qtdeclarative_hu_qm["qtdeclarative_hu.qm"]\n    Root --> node_venv["venv"]\n    node_venv --> node_venv_lib["lib"]\n    node_venv_lib --> node_venv_lib_python3_12["python3.12"]\n    node_venv_lib_python3_12 --> node_venv_lib_python3_12_site-packages["site-packages"]\n    node_venv_lib_python3_12_site-packages --> node_venv_lib_python3_12_site-packages_PyQt6["PyQt6"]\n    node_venv_lib_python3_12_site-packages_PyQt6 --> node_venv_lib_python3_12_site-packages_PyQt6_Qt6["Qt6"]\n    node_venv_lib_python3_12_site-packages_PyQt6_Qt6 --> node_venv_lib_python3_12_site-packages_PyQt6_Qt6_translations["translations"]\n    node_venv_lib_python3_12_site-packages_PyQt6_Qt6_translations --> node_venv_lib_python3_12_site-packages_PyQt6_Qt6_translations_qtdeclarative_ja_qm["qtdeclarative_ja.qm"]\n    Root --> node_venv["venv"]\n    node_venv --> node_venv_lib["lib"]\n    node_venv_lib --> node_venv_lib_python3_12["python3.12"]\n    node_venv_lib_python3_12 --> node_venv_lib_python3_12_site-packages["site-packages"]\n    node_venv_lib_python3_12_site-packages --> node_venv_lib_python3_12_site-packages_PyQt6["PyQt6"]\n    node_venv_lib_python3_12_site-packages_PyQt6 --> node_venv_lib_python3_12_site-packages_PyQt6_Qt6["Qt6"]\n    node_venv_lib_python3_12_site-packages_PyQt6_Qt6 --> node_venv_lib_python3_12_site-packages_PyQt6_Qt6_translations["translations"]\n    node_venv_lib_python3_12_site-packages_PyQt6_Qt6_translations --> node_venv_lib_python3_12_site-packages_PyQt6_Qt6_translations_qtdeclarative_ka_qm["qtdeclarative_ka.qm"]\n    Root --> node_venv["venv"]\n    node_venv --> node_venv_lib["lib"]\n    node_venv_lib --> node_venv_lib_python3_12["python3.12"]\n    node_venv_lib_python3_12 --> node_venv_lib_python3_12_site-packages["site-packages"]\n    node_venv_lib_python3_12_site-packages --> node_venv_lib_python3_12_site-packages_PyQt6["PyQt6"]\n    node_venv_lib_python3_12_site-packages_PyQt6 --> node_venv_lib_python3_12_site-packages_PyQt6_Qt6["Qt6"]\n    node_venv_lib_python3_12_site-packages_PyQt6_Qt6 --> node_venv_lib_python3_12_site-packages_PyQt6_Qt6_translations["translations"]\n    node_venv_lib_python3_12_site-packages_PyQt6_Qt6_translations --> node_venv_lib_python3_12_site-packages_PyQt6_Qt6_translations_qtdeclarative_ko_qm["qtdeclarative_ko.qm"]\n    Root --> node_venv["venv"]\n    node_venv --> node_venv_lib["lib"]\n    node_venv_lib --> node_venv_lib_python3_12["python3.12"]\n    node_venv_lib_python3_12 --> node_venv_lib_python3_12_site-packages["site-packages"]\n    node_venv_lib_python3_12_site-packages --> node_venv_lib_python3_12_site-packages_PyQt6["PyQt6"]\n    node_venv_lib_python3_12_site-packages_PyQt6 --> node_venv_lib_python3_12_site-packages_PyQt6_Qt6["Qt6"]\n    node_venv_lib_python3_12_site-packages_PyQt6_Qt6 --> node_venv_lib_python3_12_site-packages_PyQt6_Qt6_translations["translations"]\n    node_venv_lib_python3_12_site-packages_PyQt6_Qt6_translations --> node_venv_lib_python3_12_site-packages_PyQt6_Qt6_translations_qtdeclarative_lv_qm["qtdeclarative_lv.qm"]\n    Root --> node_venv["venv"]\n    node_venv --> node_venv_lib["lib"]\n    node_venv_lib --> node_venv_lib_python3_12["python3.12"]\n    node_venv_lib_python3_12 --> node_venv_lib_python3_12_site-packages["site-packages"]\n    node_venv_lib_python3_12_site-packages --> node_venv_lib_python3_12_site-packages_PyQt6["PyQt6"]\n    node_venv_lib_python3_12_site-packages_PyQt6 --> node_venv_lib_python3_12_site-packages_PyQt6_Qt6["Qt6"]\n    node_venv_lib_python3_12_site-packages_PyQt6_Qt6 --> node_venv_lib_python3_12_site-packages_PyQt6_Qt6_translations["translations"]\n    node_venv_lib_python3_12_site-packages_PyQt6_Qt6_translations --> node_venv_lib_python3_12_site-packages_PyQt6_Qt6_translations_qtdeclarative_nl_qm["qtdeclarative_nl.qm"]\n    Root --> node_venv["venv"]\n    node_venv --> node_venv_lib["lib"]\n    node_venv_lib --> node_venv_lib_python3_12["python3.12"]\n    node_venv_lib_python3_12 --> node_venv_lib_python3_12_site-packages["site-packages"]\n    node_venv_lib_python3_12_site-packages --> node_venv_lib_python3_12_site-packages_PyQt6["PyQt6"]\n    node_venv_lib_python3_12_site-packages_PyQt6 --> node_venv_lib_python3_12_site-packages_PyQt6_Qt6["Qt6"]\n    node_venv_lib_python3_12_site-packages_PyQt6_Qt6 --> node_venv_lib_python3_12_site-packages_PyQt6_Qt6_translations["translations"]\n    node_venv_lib_python3_12_site-packages_PyQt6_Qt6_translations --> node_venv_lib_python3_12_site-packages_PyQt6_Qt6_translations_qtdeclarative_nn_qm["qtdeclarative_nn.qm"]\n    Root --> node_venv["venv"]\n    node_venv --> node_venv_lib["lib"]\n    node_venv_lib --> node_venv_lib_python3_12["python3.12"]\n    node_venv_lib_python3_12 --> node_venv_lib_python3_12_site-packages["site-packages"]\n    node_venv_lib_python3_12_site-packages --> node_venv_lib_python3_12_site-packages_PyQt6["PyQt6"]\n    node_venv_lib_python3_12_site-packages_PyQt6 --> node_venv_lib_python3_12_site-packages_PyQt6_Qt6["Qt6"]\n    node_venv_lib_python3_12_site-packages_PyQt6_Qt6 --> node_venv_lib_python3_12_site-packages_PyQt6_Qt6_translations["translations"]\n    node_venv_lib_python3_12_site-packages_PyQt6_Qt6_translations --> node_venv_lib_python3_12_site-packages_PyQt6_Qt6_translations_qtdeclarative_pl_qm["qtdeclarative_pl.qm"]\n    Root --> node_venv["venv"]\n    node_venv --> node_venv_lib["lib"]\n    node_venv_lib --> node_venv_lib_python3_12["python3.12"]\n    node_venv_lib_python3_12 --> node_venv_lib_python3_12_site-packages["site-packages"]\n    node_venv_lib_python3_12_site-packages --> node_venv_lib_python3_12_site-packages_PyQt6["PyQt6"]\n    node_venv_lib_python3_12_site-packages_PyQt6 --> node_venv_lib_python3_12_site-packages_PyQt6_Qt6["Qt6"]\n    node_venv_lib_python3_12_site-packages_PyQt6_Qt6 --> node_venv_lib_python3_12_site-packages_PyQt6_Qt6_translations["translations"]\n    node_venv_lib_python3_12_site-packages_PyQt6_Qt6_translations --> node_venv_lib_python3_12_site-packages_PyQt6_Qt6_translations_qtdeclarative_pt_BR_qm["qtdeclarative_pt_BR.qm"]\n    Root --> node_venv["venv"]\n    node_venv --> node_venv_lib["lib"]\n    node_venv_lib --> node_venv_lib_python3_12["python3.12"]\n    node_venv_lib_python3_12 --> node_venv_lib_python3_12_site-packages["site-packages"]\n    node_venv_lib_python3_12_site-packages --> node_venv_lib_python3_12_site-packages_PyQt6["PyQt6"]\n    node_venv_lib_python3_12_site-packages_PyQt6 --> node_venv_lib_python3_12_site-packages_PyQt6_Qt6["Qt6"]\n    node_venv_lib_python3_12_site-packages_PyQt6_Qt6 --> node_venv_lib_python3_12_site-packages_PyQt6_Qt6_translations["translations"]\n    node_venv_lib_python3_12_site-packages_PyQt6_Qt6_translations --> node_venv_lib_python3_12_site-packages_PyQt6_Qt6_translations_qtdeclarative_ru_qm["qtdeclarative_ru.qm"]\n    Root --> node_venv["venv"]\n    node_venv --> node_venv_lib["lib"]\n    node_venv_lib --> node_venv_lib_python3_12["python3.12"]\n    node_venv_lib_python3_12 --> node_venv_lib_python3_12_site-packages["site-packages"]\n    node_venv_lib_python3_12_site-packages --> node_venv_lib_python3_12_site-packages_PyQt6["PyQt6"]\n    node_venv_lib_python3_12_site-packages_PyQt6 --> node_venv_lib_python3_12_site-packages_PyQt6_Qt6["Qt6"]\n    node_venv_lib_python3_12_site-packages_PyQt6_Qt6 --> node_venv_lib_python3_12_site-packages_PyQt6_Qt6_translations["translations"]\n    node_venv_lib_python3_12_site-packages_PyQt6_Qt6_translations --> node_venv_lib_python3_12_site-packages_PyQt6_Qt6_translations_qtdeclarative_sk_qm["qtdeclarative_sk.qm"]\n    Root --> node_venv["venv"]\n    node_venv --> node_venv_lib["lib"]\n    node_venv_lib --> node_venv_lib_python3_12["python3.12"]\n    node_venv_lib_python3_12 --> node_venv_lib_python3_12_site-packages["site-packages"]\n    node_venv_lib_python3_12_site-packages --> node_venv_lib_python3_12_site-packages_PyQt6["PyQt6"]\n    node_venv_lib_python3_12_site-packages_PyQt6 --> node_venv_lib_python3_12_site-packages_PyQt6_Qt6["Qt6"]\n    node_venv_lib_python3_12_site-packages_PyQt6_Qt6 --> node_venv_lib_python3_12_site-packages_PyQt6_Qt6_translations["translations"]\n    node_venv_lib_python3_12_site-packages_PyQt6_Qt6_translations --> node_venv_lib_python3_12_site-packages_PyQt6_Qt6_translations_qtdeclarative_sv_qm["qtdeclarative_sv.qm"]\n    Root --> node_venv["venv"]\n    node_venv --> node_venv_lib["lib"]\n    node_venv_lib --> node_venv_lib_python3_12["python3.12"]\n    node_venv_lib_python3_12 --> node_venv_lib_python3_12_site-packages["site-packages"]\n    node_venv_lib_python3_12_site-packages --> node_venv_lib_python3_12_site-packages_PyQt6["PyQt6"]\n    node_venv_lib_python3_12_site-packages_PyQt6 --> node_venv_lib_python3_12_site-packages_PyQt6_Qt6["Qt6"]\n    node_venv_lib_python3_12_site-packages_PyQt6_Qt6 --> node_venv_lib_python3_12_site-packages_PyQt6_Qt6_translations["translations"]\n    node_venv_lib_python3_12_site-packages_PyQt6_Qt6_translations --> node_venv_lib_python3_12_site-packages_PyQt6_Qt6_translations_qtdeclarative_tr_qm["qtdeclarative_tr.qm"]\n    Root --> node_venv["venv"]\n    node_venv --> node_venv_lib["lib"]\n    node_venv_lib --> node_venv_lib_python3_12["python3.12"]\n    node_venv_lib_python3_12 --> node_venv_lib_python3_12_site-packages["site-packages"]\n    node_venv_lib_python3_12_site-packages --> node_venv_lib_python3_12_site-packages_PyQt6["PyQt6"]\n    node_venv_lib_python3_12_site-packages_PyQt6 --> node_venv_lib_python3_12_site-packages_PyQt6_Qt6["Qt6"]\n    node_venv_lib_python3_12_site-packages_PyQt6_Qt6 --> node_venv_lib_python3_12_site-packages_PyQt6_Qt6_translations["translations"]\n    node_venv_lib_python3_12_site-packages_PyQt6_Qt6_translations --> node_venv_lib_python3_12_site-packages_PyQt6_Qt6_translations_qtdeclarative_uk_qm["qtdeclarative_uk.qm"]\n    Root --> node_venv["venv"]\n    node_venv --> node_venv_lib["lib"]\n    node_venv_lib --> node_venv_lib_python3_12["python3.12"]\n    node_venv_lib_python3_12 --> node_venv_lib_python3_12_site-packages["site-packages"]\n    node_venv_lib_python3_12_site-packages --> node_venv_lib_python3_12_site-packages_PyQt6["PyQt6"]\n    node_venv_lib_python3_12_site-packages_PyQt6 --> node_venv_lib_python3_12_site-packages_PyQt6_Qt6["Qt6"]\n    node_venv_lib_python3_12_site-packages_PyQt6_Qt6 --> node_venv_lib_python3_12_site-packages_PyQt6_Qt6_translations["translations"]\n    node_venv_lib_python3_12_site-packages_PyQt6_Qt6_translations --> node_venv_lib_python3_12_site-packages_PyQt6_Qt6_translations_qtdeclarative_zh_CN_qm["qtdeclarative_zh_CN.qm"]\n    Root --> node_venv["venv"]\n    node_venv --> node_venv_lib["lib"]\n    node_venv_lib --> node_venv_lib_python3_12["python3.12"]\n    node_venv_lib_python3_12 --> node_venv_lib_python3_12_site-packages["site-packages"]\n    node_venv_lib_python3_12_site-packages --> node_venv_lib_python3_12_site-packages_PyQt6["PyQt6"]\n    node_venv_lib_python3_12_site-packages_PyQt6 --> node_venv_lib_python3_12_site-packages_PyQt6_Qt6["Qt6"]\n    node_venv_lib_python3_12_site-packages_PyQt6_Qt6 --> node_venv_lib_python3_12_site-packages_PyQt6_Qt6_translations["translations"]\n    node_venv_lib_python3_12_site-packages_PyQt6_Qt6_translations --> node_venv_lib_python3_12_site-packages_PyQt6_Qt6_translations_qtdeclarative_zh_TW_qm["qtdeclarative_zh_TW.qm"]\n    Root --> node_venv["venv"]\n    node_venv --> node_venv_lib["lib"]\n    node_venv_lib --> node_venv_lib_python3_12["python3.12"]\n    node_venv_lib_python3_12 --> node_venv_lib_python3_12_site-packages["site-packages"]\n    node_venv_lib_python3_12_site-packages --> node_venv_lib_python3_12_site-packages_PyQt6["PyQt6"]\n    node_venv_lib_python3_12_site-packages_PyQt6 --> node_venv_lib_python3_12_site-packages_PyQt6_Qt6["Qt6"]\n    node_venv_lib_python3_12_site-packages_PyQt6_Qt6 --> node_venv_lib_python3_12_site-packages_PyQt6_Qt6_translations["translations"]\n    node_venv_lib_python3_12_site-packages_PyQt6_Qt6_translations --> node_venv_lib_python3_12_site-packages_PyQt6_Qt6_translations_qtlocation_bg_qm["qtlocation_bg.qm"]\n    Root --> node_venv["venv"]\n    node_venv --> node_venv_lib["lib"]\n    node_venv_lib --> node_venv_lib_python3_12["python3.12"]\n    node_venv_lib_python3_12 --> node_venv_lib_python3_12_site-packages["site-packages"]\n    node_venv_lib_python3_12_site-packages --> node_venv_lib_python3_12_site-packages_PyQt6["PyQt6"]\n    node_venv_lib_python3_12_site-packages_PyQt6 --> node_venv_lib_python3_12_site-packages_PyQt6_Qt6["Qt6"]\n    node_venv_lib_python3_12_site-packages_PyQt6_Qt6 --> node_venv_lib_python3_12_site-packages_PyQt6_Qt6_translations["translations"]\n    node_venv_lib_python3_12_site-packages_PyQt6_Qt6_translations --> node_venv_lib_python3_12_site-packages_PyQt6_Qt6_translations_qtlocation_ca_qm["qtlocation_ca.qm"]\n    Root --> node_venv["venv"]\n    node_venv --> node_venv_lib["lib"]\n    node_venv_lib --> node_venv_lib_python3_12["python3.12"]\n    node_venv_lib_python3_12 --> node_venv_lib_python3_12_site-packages["site-packages"]\n    node_venv_lib_python3_12_site-packages --> node_venv_lib_python3_12_site-packages_PyQt6["PyQt6"]\n    node_venv_lib_python3_12_site-packages_PyQt6 --> node_venv_lib_python3_12_site-packages_PyQt6_Qt6["Qt6"]\n    node_venv_lib_python3_12_site-packages_PyQt6_Qt6 --> node_venv_lib_python3_12_site-packages_PyQt6_Qt6_translations["translations"]\n    node_venv_lib_python3_12_site-packages_PyQt6_Qt6_translations --> node_venv_lib_python3_12_site-packages_PyQt6_Qt6_translations_qtlocation_da_qm["qtlocation_da.qm"]\n    Root --> node_venv["venv"]\n    node_venv --> node_venv_lib["lib"]\n    node_venv_lib --> node_venv_lib_python3_12["python3.12"]\n    node_venv_lib_python3_12 --> node_venv_lib_python3_12_site-packages["site-packages"]\n    node_venv_lib_python3_12_site-packages --> node_venv_lib_python3_12_site-packages_PyQt6["PyQt6"]\n    node_venv_lib_python3_12_site-packages_PyQt6 --> node_venv_lib_python3_12_site-packages_PyQt6_Qt6["Qt6"]\n    node_venv_lib_python3_12_site-packages_PyQt6_Qt6 --> node_venv_lib_python3_12_site-packages_PyQt6_Qt6_translations["translations"]\n    node_venv_lib_python3_12_site-packages_PyQt6_Qt6_translations --> node_venv_lib_python3_12_site-packages_PyQt6_Qt6_translations_qtlocation_de_qm["qtlocation_de.qm"]\n    Root --> node_venv["venv"]\n    node_venv --> node_venv_lib["lib"]\n    node_venv_lib --> node_venv_lib_python3_12["python3.12"]\n    node_venv_lib_python3_12 --> node_venv_lib_python3_12_site-packages["site-packages"]\n    node_venv_lib_python3_12_site-packages --> node_venv_lib_python3_12_site-packages_PyQt6["PyQt6"]\n    node_venv_lib_python3_12_site-packages_PyQt6 --> node_venv_lib_python3_12_site-packages_PyQt6_Qt6["Qt6"]\n    node_venv_lib_python3_12_site-packages_PyQt6_Qt6 --> node_venv_lib_python3_12_site-packages_PyQt6_Qt6_translations["translations"]\n    node_venv_lib_python3_12_site-packages_PyQt6_Qt6_translations --> node_venv_lib_python3_12_site-packages_PyQt6_Qt6_translations_qtlocation_en_qm["qtlocation_en.qm"]\n    Root --> node_venv["venv"]\n    node_venv --> node_venv_lib["lib"]\n    node_venv_lib --> node_venv_lib_python3_12["python3.12"]\n    node_venv_lib_python3_12 --> node_venv_lib_python3_12_site-packages["site-packages"]\n    node_venv_lib_python3_12_site-packages --> node_venv_lib_python3_12_site-packages_PyQt6["PyQt6"]\n    node_venv_lib_python3_12_site-packages_PyQt6 --> node_venv_lib_python3_12_site-packages_PyQt6_Qt6["Qt6"]\n    node_venv_lib_python3_12_site-packages_PyQt6_Qt6 --> node_venv_lib_python3_12_site-packages_PyQt6_Qt6_translations["translations"]\n    node_venv_lib_python3_12_site-packages_PyQt6_Qt6_translations --> node_venv_lib_python3_12_site-packages_PyQt6_Qt6_translations_qtlocation_es_qm["qtlocation_es.qm"]\n    Root --> node_venv["venv"]\n    node_venv --> node_venv_lib["lib"]\n    node_venv_lib --> node_venv_lib_python3_12["python3.12"]\n    node_venv_lib_python3_12 --> node_venv_lib_python3_12_site-packages["site-packages"]\n    node_venv_lib_python3_12_site-packages --> node_venv_lib_python3_12_site-packages_PyQt6["PyQt6"]\n    node_venv_lib_python3_12_site-packages_PyQt6 --> node_venv_lib_python3_12_site-packages_PyQt6_Qt6["Qt6"]\n    node_venv_lib_python3_12_site-packages_PyQt6_Qt6 --> node_venv_lib_python3_12_site-packages_PyQt6_Qt6_translations["translations"]\n    node_venv_lib_python3_12_site-packages_PyQt6_Qt6_translations --> node_venv_lib_python3_12_site-packages_PyQt6_Qt6_translations_qtlocation_fi_qm["qtlocation_fi.qm"]\n    Root --> node_venv["venv"]\n    node_venv --> node_venv_lib["lib"]\n    node_venv_lib --> node_venv_lib_python3_12["python3.12"]\n    node_venv_lib_python3_12 --> node_venv_lib_python3_12_site-packages["site-packages"]\n    node_venv_lib_python3_12_site-packages --> node_venv_lib_python3_12_site-packages_PyQt6["PyQt6"]\n    node_venv_lib_python3_12_site-packages_PyQt6 --> node_venv_lib_python3_12_site-packages_PyQt6_Qt6["Qt6"]\n    node_venv_lib_python3_12_site-packages_PyQt6_Qt6 --> node_venv_lib_python3_12_site-packages_PyQt6_Qt6_translations["translations"]\n    node_venv_lib_python3_12_site-packages_PyQt6_Qt6_translations --> node_venv_lib_python3_12_site-packages_PyQt6_Qt6_translations_qtlocation_fr_qm["qtlocation_fr.qm"]\n    Root --> node_venv["venv"]\n    node_venv --> node_venv_lib["lib"]\n    node_venv_lib --> node_venv_lib_python3_12["python3.12"]\n    node_venv_lib_python3_12 --> node_venv_lib_python3_12_site-packages["site-packages"]\n    node_venv_lib_python3_12_site-packages --> node_venv_lib_python3_12_site-packages_PyQt6["PyQt6"]\n    node_venv_lib_python3_12_site-packages_PyQt6 --> node_venv_lib_python3_12_site-packages_PyQt6_Qt6["Qt6"]\n    node_venv_lib_python3_12_site-packages_PyQt6_Qt6 --> node_venv_lib_python3_12_site-packages_PyQt6_Qt6_translations["translations"]\n    node_venv_lib_python3_12_site-packages_PyQt6_Qt6_translations --> node_venv_lib_python3_12_site-packages_PyQt6_Qt6_translations_qtlocation_hr_qm["qtlocation_hr.qm"]\n    Root --> node_venv["venv"]\n    node_venv --> node_venv_lib["lib"]\n    node_venv_lib --> node_venv_lib_python3_12["python3.12"]\n    node_venv_lib_python3_12 --> node_venv_lib_python3_12_site-packages["site-packages"]\n    node_venv_lib_python3_12_site-packages --> node_venv_lib_python3_12_site-packages_PyQt6["PyQt6"]\n    node_venv_lib_python3_12_site-packages_PyQt6 --> node_venv_lib_python3_12_site-packages_PyQt6_Qt6["Qt6"]\n    node_venv_lib_python3_12_site-packages_PyQt6_Qt6 --> node_venv_lib_python3_12_site-packages_PyQt6_Qt6_translations["translations"]\n    node_venv_lib_python3_12_site-packages_PyQt6_Qt6_translations --> node_venv_lib_python3_12_site-packages_PyQt6_Qt6_translations_qtlocation_hu_qm["qtlocation_hu.qm"]\n    Root --> node_venv["venv"]\n    node_venv --> node_venv_lib["lib"]\n    node_venv_lib --> node_venv_lib_python3_12["python3.12"]\n    node_venv_lib_python3_12 --> node_venv_lib_python3_12_site-packages["site-packages"]\n    node_venv_lib_python3_12_site-packages --> node_venv_lib_python3_12_site-packages_PyQt6["PyQt6"]\n    node_venv_lib_python3_12_site-packages_PyQt6 --> node_venv_lib_python3_12_site-packages_PyQt6_Qt6["Qt6"]\n    node_venv_lib_python3_12_site-packages_PyQt6_Qt6 --> node_venv_lib_python3_12_site-packages_PyQt6_Qt6_translations["translations"]\n    node_venv_lib_python3_12_site-packages_PyQt6_Qt6_translations --> node_venv_lib_python3_12_site-packages_PyQt6_Qt6_translations_qtlocation_ka_qm["qtlocation_ka.qm"]\n    Root --> node_venv["venv"]\n    node_venv --> node_venv_lib["lib"]\n    node_venv_lib --> node_venv_lib_python3_12["python3.12"]\n    node_venv_lib_python3_12 --> node_venv_lib_python3_12_site-packages["site-packages"]\n    node_venv_lib_python3_12_site-packages --> node_venv_lib_python3_12_site-packages_PyQt6["PyQt6"]\n    node_venv_lib_python3_12_site-packages_PyQt6 --> node_venv_lib_python3_12_site-packages_PyQt6_Qt6["Qt6"]\n    node_venv_lib_python3_12_site-packages_PyQt6_Qt6 --> node_venv_lib_python3_12_site-packages_PyQt6_Qt6_translations["translations"]\n    node_venv_lib_python3_12_site-packages_PyQt6_Qt6_translations --> node_venv_lib_python3_12_site-packages_PyQt6_Qt6_translations_qtlocation_ko_qm["qtlocation_ko.qm"]\n    Root --> node_venv["venv"]\n    node_venv --> node_venv_lib["lib"]\n    node_venv_lib --> node_venv_lib_python3_12["python3.12"]\n    node_venv_lib_python3_12 --> node_venv_lib_python3_12_site-packages["site-packages"]\n    node_venv_lib_python3_12_site-packages --> node_venv_lib_python3_12_site-packages_PyQt6["PyQt6"]\n    node_venv_lib_python3_12_site-packages_PyQt6 --> node_venv_lib_python3_12_site-packages_PyQt6_Qt6["Qt6"]\n    node_venv_lib_python3_12_site-packages_PyQt6_Qt6 --> node_venv_lib_python3_12_site-packages_PyQt6_Qt6_translations["translations"]\n    node_venv_lib_python3_12_site-packages_PyQt6_Qt6_translations --> node_venv_lib_python3_12_site-packages_PyQt6_Qt6_translations_qtlocation_nl_qm["qtlocation_nl.qm"]\n    Root --> node_venv["venv"]\n    node_venv --> node_venv_lib["lib"]\n    node_venv_lib --> node_venv_lib_python3_12["python3.12"]\n    node_venv_lib_python3_12 --> node_venv_lib_python3_12_site-packages["site-packages"]\n    node_venv_lib_python3_12_site-packages --> node_venv_lib_python3_12_site-packages_PyQt6["PyQt6"]\n    node_venv_lib_python3_12_site-packages_PyQt6 --> node_venv_lib_python3_12_site-packages_PyQt6_Qt6["Qt6"]\n    node_venv_lib_python3_12_site-packages_PyQt6_Qt6 --> node_venv_lib_python3_12_site-packages_PyQt6_Qt6_translations["translations"]\n    node_venv_lib_python3_12_site-packages_PyQt6_Qt6_translations --> node_venv_lib_python3_12_site-packages_PyQt6_Qt6_translations_qtlocation_pl_qm["qtlocation_pl.qm"]\n    Root --> node_venv["venv"]\n    node_venv --> node_venv_lib["lib"]\n    node_venv_lib --> node_venv_lib_python3_12["python3.12"]\n    node_venv_lib_python3_12 --> node_venv_lib_python3_12_site-packages["site-packages"]\n    node_venv_lib_python3_12_site-packages --> node_venv_lib_python3_12_site-packages_PyQt6["PyQt6"]\n    node_venv_lib_python3_12_site-packages_PyQt6 --> node_venv_lib_python3_12_site-packages_PyQt6_Qt6["Qt6"]\n    node_venv_lib_python3_12_site-packages_PyQt6_Qt6 --> node_venv_lib_python3_12_site-packages_PyQt6_Qt6_translations["translations"]\n    node_venv_lib_python3_12_site-packages_PyQt6_Qt6_translations --> node_venv_lib_python3_12_site-packages_PyQt6_Qt6_translations_qtlocation_pt_BR_qm["qtlocation_pt_BR.qm"]\n    Root --> node_venv["venv"]\n    node_venv --> node_venv_lib["lib"]\n    node_venv_lib --> node_venv_lib_python3_12["python3.12"]\n    node_venv_lib_python3_12 --> node_venv_lib_python3_12_site-packages["site-packages"]\n    node_venv_lib_python3_12_site-packages --> node_venv_lib_python3_12_site-packages_PyQt6["PyQt6"]\n    node_venv_lib_python3_12_site-packages_PyQt6 --> node_venv_lib_python3_12_site-packages_PyQt6_Qt6["Qt6"]\n    node_venv_lib_python3_12_site-packages_PyQt6_Qt6 --> node_venv_lib_python3_12_site-packages_PyQt6_Qt6_translations["translations"]\n    node_venv_lib_python3_12_site-packages_PyQt6_Qt6_translations --> node_venv_lib_python3_12_site-packages_PyQt6_Qt6_translations_qtlocation_ru_qm["qtlocation_ru.qm"]\n    Root --> node_venv["venv"]\n    node_venv --> node_venv_lib["lib"]\n    node_venv_lib --> node_venv_lib_python3_12["python3.12"]\n    node_venv_lib_python3_12 --> node_venv_lib_python3_12_site-packages["site-packages"]\n    node_venv_lib_python3_12_site-packages --> node_venv_lib_python3_12_site-packages_PyQt6["PyQt6"]\n    node_venv_lib_python3_12_site-packages_PyQt6 --> node_venv_lib_python3_12_site-packages_PyQt6_Qt6["Qt6"]\n    node_venv_lib_python3_12_site-packages_PyQt6_Qt6 --> node_venv_lib_python3_12_site-packages_PyQt6_Qt6_translations["translations"]\n    node_venv_lib_python3_12_site-packages_PyQt6_Qt6_translations --> node_venv_lib_python3_12_site-packages_PyQt6_Qt6_translations_qtlocation_sv_qm["qtlocation_sv.qm"]\n    Root --> node_venv["venv"]\n    node_venv --> node_venv_lib["lib"]\n    node_venv_lib --> node_venv_lib_python3_12["python3.12"]\n    node_venv_lib_python3_12 --> node_venv_lib_python3_12_site-packages["site-packages"]\n    node_venv_lib_python3_12_site-packages --> node_venv_lib_python3_12_site-packages_PyQt6["PyQt6"]\n    node_venv_lib_python3_12_site-packages_PyQt6 --> node_venv_lib_python3_12_site-packages_PyQt6_Qt6["Qt6"]\n    node_venv_lib_python3_12_site-packages_PyQt6_Qt6 --> node_venv_lib_python3_12_site-packages_PyQt6_Qt6_translations["translations"]\n    node_venv_lib_python3_12_site-packages_PyQt6_Qt6_translations --> node_venv_lib_python3_12_site-packages_PyQt6_Qt6_translations_qtlocation_tr_qm["qtlocation_tr.qm"]\n    Root --> node_venv["venv"]\n    node_venv --> node_venv_lib["lib"]\n    node_venv_lib --> node_venv_lib_python3_12["python3.12"]\n    node_venv_lib_python3_12 --> node_venv_lib_python3_12_site-packages["site-packages"]\n    node_venv_lib_python3_12_site-packages --> node_venv_lib_python3_12_site-packages_PyQt6["PyQt6"]\n    node_venv_lib_python3_12_site-packages_PyQt6 --> node_venv_lib_python3_12_site-packages_PyQt6_Qt6["Qt6"]\n    node_venv_lib_python3_12_site-packages_PyQt6_Qt6 --> node_venv_lib_python3_12_site-packages_PyQt6_Qt6_translations["translations"]\n    node_venv_lib_python3_12_site-packages_PyQt6_Qt6_translations --> node_venv_lib_python3_12_site-packages_PyQt6_Qt6_translations_qtlocation_uk_qm["qtlocation_uk.qm"]\n    Root --> node_venv["venv"]\n    node_venv --> node_venv_lib["lib"]\n    node_venv_lib --> node_venv_lib_python3_12["python3.12"]\n    node_venv_lib_python3_12 --> node_venv_lib_python3_12_site-packages["site-packages"]\n    node_venv_lib_python3_12_site-packages --> node_venv_lib_python3_12_site-packages_PyQt6["PyQt6"]\n    node_venv_lib_python3_12_site-packages_PyQt6 --> node_venv_lib_python3_12_site-packages_PyQt6_Qt6["Qt6"]\n    node_venv_lib_python3_12_site-packages_PyQt6_Qt6 --> node_venv_lib_python3_12_site-packages_PyQt6_Qt6_translations["translations"]\n    node_venv_lib_python3_12_site-packages_PyQt6_Qt6_translations --> node_venv_lib_python3_12_site-packages_PyQt6_Qt6_translations_qtlocation_zh_CN_qm["qtlocation_zh_CN.qm"]\n    Root --> node_venv["venv"]\n    node_venv --> node_venv_lib["lib"]\n    node_venv_lib --> node_venv_lib_python3_12["python3.12"]\n    node_venv_lib_python3_12 --> node_venv_lib_python3_12_site-packages["site-packages"]\n    node_venv_lib_python3_12_site-packages --> node_venv_lib_python3_12_site-packages_PyQt6["PyQt6"]\n    node_venv_lib_python3_12_site-packages_PyQt6 --> node_venv_lib_python3_12_site-packages_PyQt6_Qt6["Qt6"]\n    node_venv_lib_python3_12_site-packages_PyQt6_Qt6 --> node_venv_lib_python3_12_site-packages_PyQt6_Qt6_translations["translations"]\n    node_venv_lib_python3_12_site-packages_PyQt6_Qt6_translations --> node_venv_lib_python3_12_site-packages_PyQt6_Qt6_translations_qtmultimedia_ar_qm["qtmultimedia_ar.qm"]\n    Root --> node_venv["venv"]\n    node_venv --> node_venv_lib["lib"]\n    node_venv_lib --> node_venv_lib_python3_12["python3.12"]\n    node_venv_lib_python3_12 --> node_venv_lib_python3_12_site-packages["site-packages"]\n    node_venv_lib_python3_12_site-packages --> node_venv_lib_python3_12_site-packages_PyQt6["PyQt6"]\n    node_venv_lib_python3_12_site-packages_PyQt6 --> node_venv_lib_python3_12_site-packages_PyQt6_Qt6["Qt6"]\n    node_venv_lib_python3_12_site-packages_PyQt6_Qt6 --> node_venv_lib_python3_12_site-packages_PyQt6_Qt6_translations["translations"]\n    node_venv_lib_python3_12_site-packages_PyQt6_Qt6_translations --> node_venv_lib_python3_12_site-packages_PyQt6_Qt6_translations_qtmultimedia_bg_qm["qtmultimedia_bg.qm"]\n    Root --> node_venv["venv"]\n    node_venv --> node_venv_lib["lib"]\n    node_venv_lib --> node_venv_lib_python3_12["python3.12"]\n    node_venv_lib_python3_12 --> node_venv_lib_python3_12_site-packages["site-packages"]\n    node_venv_lib_python3_12_site-packages --> node_venv_lib_python3_12_site-packages_PyQt6["PyQt6"]\n    node_venv_lib_python3_12_site-packages_PyQt6 --> node_venv_lib_python3_12_site-packages_PyQt6_Qt6["Qt6"]\n    node_venv_lib_python3_12_site-packages_PyQt6_Qt6 --> node_venv_lib_python3_12_site-packages_PyQt6_Qt6_translations["translations"]\n    node_venv_lib_python3_12_site-packages_PyQt6_Qt6_translations --> node_venv_lib_python3_12_site-packages_PyQt6_Qt6_translations_qtmultimedia_ca_qm["qtmultimedia_ca.qm"]\n    Root --> node_venv["venv"]\n    node_venv --> node_venv_lib["lib"]\n    node_venv_lib --> node_venv_lib_python3_12["python3.12"]\n    node_venv_lib_python3_12 --> node_venv_lib_python3_12_site-packages["site-packages"]\n    node_venv_lib_python3_12_site-packages --> node_venv_lib_python3_12_site-packages_PyQt6["PyQt6"]\n    node_venv_lib_python3_12_site-packages_PyQt6 --> node_venv_lib_python3_12_site-packages_PyQt6_Qt6["Qt6"]\n    node_venv_lib_python3_12_site-packages_PyQt6_Qt6 --> node_venv_lib_python3_12_site-packages_PyQt6_Qt6_translations["translations"]\n    node_venv_lib_python3_12_site-packages_PyQt6_Qt6_translations --> node_venv_lib_python3_12_site-packages_PyQt6_Qt6_translations_qtmultimedia_cs_qm["qtmultimedia_cs.qm"]\n    Root --> node_venv["venv"]\n    node_venv --> node_venv_lib["lib"]\n    node_venv_lib --> node_venv_lib_python3_12["python3.12"]\n    node_venv_lib_python3_12 --> node_venv_lib_python3_12_site-packages["site-packages"]\n    node_venv_lib_python3_12_site-packages --> node_venv_lib_python3_12_site-packages_PyQt6["PyQt6"]\n    node_venv_lib_python3_12_site-packages_PyQt6 --> node_venv_lib_python3_12_site-packages_PyQt6_Qt6["Qt6"]\n    node_venv_lib_python3_12_site-packages_PyQt6_Qt6 --> node_venv_lib_python3_12_site-packages_PyQt6_Qt6_translations["translations"]\n    node_venv_lib_python3_12_site-packages_PyQt6_Qt6_translations --> node_venv_lib_python3_12_site-packages_PyQt6_Qt6_translations_qtmultimedia_da_qm["qtmultimedia_da.qm"]\n    Root --> node_venv["venv"]\n    node_venv --> node_venv_lib["lib"]\n    node_venv_lib --> node_venv_lib_python3_12["python3.12"]\n    node_venv_lib_python3_12 --> node_venv_lib_python3_12_site-packages["site-packages"]\n    node_venv_lib_python3_12_site-packages --> node_venv_lib_python3_12_site-packages_PyQt6["PyQt6"]\n    node_venv_lib_python3_12_site-packages_PyQt6 --> node_venv_lib_python3_12_site-packages_PyQt6_Qt6["Qt6"]\n    node_venv_lib_python3_12_site-packages_PyQt6_Qt6 --> node_venv_lib_python3_12_site-packages_PyQt6_Qt6_translations["translations"]\n    node_venv_lib_python3_12_site-packages_PyQt6_Qt6_translations --> node_venv_lib_python3_12_site-packages_PyQt6_Qt6_translations_qtmultimedia_de_qm["qtmultimedia_de.qm"]\n    Root --> node_venv["venv"]\n    node_venv --> node_venv_lib["lib"]\n    node_venv_lib --> node_venv_lib_python3_12["python3.12"]\n    node_venv_lib_python3_12 --> node_venv_lib_python3_12_site-packages["site-packages"]\n    node_venv_lib_python3_12_site-packages --> node_venv_lib_python3_12_site-packages_PyQt6["PyQt6"]\n    node_venv_lib_python3_12_site-packages_PyQt6 --> node_venv_lib_python3_12_site-packages_PyQt6_Qt6["Qt6"]\n    node_venv_lib_python3_12_site-packages_PyQt6_Qt6 --> node_venv_lib_python3_12_site-packages_PyQt6_Qt6_translations["translations"]\n    node_venv_lib_python3_12_site-packages_PyQt6_Qt6_translations --> node_venv_lib_python3_12_site-packages_PyQt6_Qt6_translations_qtmultimedia_en_qm["qtmultimedia_en.qm"]\n    Root --> node_venv["venv"]\n    node_venv --> node_venv_lib["lib"]\n    node_venv_lib --> node_venv_lib_python3_12["python3.12"]\n    node_venv_lib_python3_12 --> node_venv_lib_python3_12_site-packages["site-packages"]\n    node_venv_lib_python3_12_site-packages --> node_venv_lib_python3_12_site-packages_PyQt6["PyQt6"]\n    node_venv_lib_python3_12_site-packages_PyQt6 --> node_venv_lib_python3_12_site-packages_PyQt6_Qt6["Qt6"]\n    node_venv_lib_python3_12_site-packages_PyQt6_Qt6 --> node_venv_lib_python3_12_site-packages_PyQt6_Qt6_translations["translations"]\n    node_venv_lib_python3_12_site-packages_PyQt6_Qt6_translations --> node_venv_lib_python3_12_site-packages_PyQt6_Qt6_translations_qtmultimedia_es_qm["qtmultimedia_es.qm"]\n    Root --> node_venv["venv"]\n    node_venv --> node_venv_lib["lib"]\n    node_venv_lib --> node_venv_lib_python3_12["python3.12"]\n    node_venv_lib_python3_12 --> node_venv_lib_python3_12_site-packages["site-packages"]\n    node_venv_lib_python3_12_site-packages --> node_venv_lib_python3_12_site-packages_PyQt6["PyQt6"]\n    node_venv_lib_python3_12_site-packages_PyQt6 --> node_venv_lib_python3_12_site-packages_PyQt6_Qt6["Qt6"]\n    node_venv_lib_python3_12_site-packages_PyQt6_Qt6 --> node_venv_lib_python3_12_site-packages_PyQt6_Qt6_translations["translations"]\n    node_venv_lib_python3_12_site-packages_PyQt6_Qt6_translations --> node_venv_lib_python3_12_site-packages_PyQt6_Qt6_translations_qtmultimedia_fa_qm["qtmultimedia_fa.qm"]\n    Root --> node_venv["venv"]\n    node_venv --> node_venv_lib["lib"]\n    node_venv_lib --> node_venv_lib_python3_12["python3.12"]\n    node_venv_lib_python3_12 --> node_venv_lib_python3_12_site-packages["site-packages"]\n    node_venv_lib_python3_12_site-packages --> node_venv_lib_python3_12_site-packages_PyQt6["PyQt6"]\n    node_venv_lib_python3_12_site-packages_PyQt6 --> node_venv_lib_python3_12_site-packages_PyQt6_Qt6["Qt6"]\n    node_venv_lib_python3_12_site-packages_PyQt6_Qt6 --> node_venv_lib_python3_12_site-packages_PyQt6_Qt6_translations["translations"]\n    node_venv_lib_python3_12_site-packages_PyQt6_Qt6_translations --> node_venv_lib_python3_12_site-packages_PyQt6_Qt6_translations_qtmultimedia_fi_qm["qtmultimedia_fi.qm"]\n    Root --> node_venv["venv"]\n    node_venv --> node_venv_lib["lib"]\n    node_venv_lib --> node_venv_lib_python3_12["python3.12"]\n    node_venv_lib_python3_12 --> node_venv_lib_python3_12_site-packages["site-packages"]\n    node_venv_lib_python3_12_site-packages --> node_venv_lib_python3_12_site-packages_PyQt6["PyQt6"]\n    node_venv_lib_python3_12_site-packages_PyQt6 --> node_venv_lib_python3_12_site-packages_PyQt6_Qt6["Qt6"]\n    node_venv_lib_python3_12_site-packages_PyQt6_Qt6 --> node_venv_lib_python3_12_site-packages_PyQt6_Qt6_translations["translations"]\n    node_venv_lib_python3_12_site-packages_PyQt6_Qt6_translations --> node_venv_lib_python3_12_site-packages_PyQt6_Qt6_translations_qtmultimedia_fr_qm["qtmultimedia_fr.qm"]\n    Root --> node_venv["venv"]\n    node_venv --> node_venv_lib["lib"]\n    node_venv_lib --> node_venv_lib_python3_12["python3.12"]\n    node_venv_lib_python3_12 --> node_venv_lib_python3_12_site-packages["site-packages"]\n    node_venv_lib_python3_12_site-packages --> node_venv_lib_python3_12_site-packages_PyQt6["PyQt6"]\n    node_venv_lib_python3_12_site-packages_PyQt6 --> node_venv_lib_python3_12_site-packages_PyQt6_Qt6["Qt6"]\n    node_venv_lib_python3_12_site-packages_PyQt6_Qt6 --> node_venv_lib_python3_12_site-packages_PyQt6_Qt6_translations["translations"]\n    node_venv_lib_python3_12_site-packages_PyQt6_Qt6_translations --> node_venv_lib_python3_12_site-packages_PyQt6_Qt6_translations_qtmultimedia_hr_qm["qtmultimedia_hr.qm"]\n    Root --> node_venv["venv"]\n    node_venv --> node_venv_lib["lib"]\n    node_venv_lib --> node_venv_lib_python3_12["python3.12"]\n    node_venv_lib_python3_12 --> node_venv_lib_python3_12_site-packages["site-packages"]\n    node_venv_lib_python3_12_site-packages --> node_venv_lib_python3_12_site-packages_PyQt6["PyQt6"]\n    node_venv_lib_python3_12_site-packages_PyQt6 --> node_venv_lib_python3_12_site-packages_PyQt6_Qt6["Qt6"]\n    node_venv_lib_python3_12_site-packages_PyQt6_Qt6 --> node_venv_lib_python3_12_site-packages_PyQt6_Qt6_translations["translations"]\n    node_venv_lib_python3_12_site-packages_PyQt6_Qt6_translations --> node_venv_lib_python3_12_site-packages_PyQt6_Qt6_translations_qtmultimedia_hu_qm["qtmultimedia_hu.qm"]\n    Root --> node_venv["venv"]\n    node_venv --> node_venv_lib["lib"]\n    node_venv_lib --> node_venv_lib_python3_12["python3.12"]\n    node_venv_lib_python3_12 --> node_venv_lib_python3_12_site-packages["site-packages"]\n    node_venv_lib_python3_12_site-packages --> node_venv_lib_python3_12_site-packages_PyQt6["PyQt6"]\n    node_venv_lib_python3_12_site-packages_PyQt6 --> node_venv_lib_python3_12_site-packages_PyQt6_Qt6["Qt6"]\n    node_venv_lib_python3_12_site-packages_PyQt6_Qt6 --> node_venv_lib_python3_12_site-packages_PyQt6_Qt6_translations["translations"]\n    node_venv_lib_python3_12_site-packages_PyQt6_Qt6_translations --> node_venv_lib_python3_12_site-packages_PyQt6_Qt6_translations_qtmultimedia_it_qm["qtmultimedia_it.qm"]\n    Root --> node_venv["venv"]\n    node_venv --> node_venv_lib["lib"]\n    node_venv_lib --> node_venv_lib_python3_12["python3.12"]\n    node_venv_lib_python3_12 --> node_venv_lib_python3_12_site-packages["site-packages"]\n    node_venv_lib_python3_12_site-packages --> node_venv_lib_python3_12_site-packages_PyQt6["PyQt6"]\n    node_venv_lib_python3_12_site-packages_PyQt6 --> node_venv_lib_python3_12_site-packages_PyQt6_Qt6["Qt6"]\n    node_venv_lib_python3_12_site-packages_PyQt6_Qt6 --> node_venv_lib_python3_12_site-packages_PyQt6_Qt6_translations["translations"]\n    node_venv_lib_python3_12_site-packages_PyQt6_Qt6_translations --> node_venv_lib_python3_12_site-packages_PyQt6_Qt6_translations_qtmultimedia_ja_qm["qtmultimedia_ja.qm"]\n    Root --> node_venv["venv"]\n    node_venv --> node_venv_lib["lib"]\n    node_venv_lib --> node_venv_lib_python3_12["python3.12"]\n    node_venv_lib_python3_12 --> node_venv_lib_python3_12_site-packages["site-packages"]\n    node_venv_lib_python3_12_site-packages --> node_venv_lib_python3_12_site-packages_PyQt6["PyQt6"]\n    node_venv_lib_python3_12_site-packages_PyQt6 --> node_venv_lib_python3_12_site-packages_PyQt6_Qt6["Qt6"]\n    node_venv_lib_python3_12_site-packages_PyQt6_Qt6 --> node_venv_lib_python3_12_site-packages_PyQt6_Qt6_translations["translations"]\n    node_venv_lib_python3_12_site-packages_PyQt6_Qt6_translations --> node_venv_lib_python3_12_site-packages_PyQt6_Qt6_translations_qtmultimedia_ka_qm["qtmultimedia_ka.qm"]\n    Root --> node_venv["venv"]\n    node_venv --> node_venv_lib["lib"]\n    node_venv_lib --> node_venv_lib_python3_12["python3.12"]\n    node_venv_lib_python3_12 --> node_venv_lib_python3_12_site-packages["site-packages"]\n    node_venv_lib_python3_12_site-packages --> node_venv_lib_python3_12_site-packages_PyQt6["PyQt6"]\n    node_venv_lib_python3_12_site-packages_PyQt6 --> node_venv_lib_python3_12_site-packages_PyQt6_Qt6["Qt6"]\n    node_venv_lib_python3_12_site-packages_PyQt6_Qt6 --> node_venv_lib_python3_12_site-packages_PyQt6_Qt6_translations["translations"]\n    node_venv_lib_python3_12_site-packages_PyQt6_Qt6_translations --> node_venv_lib_python3_12_site-packages_PyQt6_Qt6_translations_qtmultimedia_ko_qm["qtmultimedia_ko.qm"]\n    Root --> node_venv["venv"]\n    node_venv --> node_venv_lib["lib"]\n    node_venv_lib --> node_venv_lib_python3_12["python3.12"]\n    node_venv_lib_python3_12 --> node_venv_lib_python3_12_site-packages["site-packages"]\n    node_venv_lib_python3_12_site-packages --> node_venv_lib_python3_12_site-packages_PyQt6["PyQt6"]\n    node_venv_lib_python3_12_site-packages_PyQt6 --> node_venv_lib_python3_12_site-packages_PyQt6_Qt6["Qt6"]\n    node_venv_lib_python3_12_site-packages_PyQt6_Qt6 --> node_venv_lib_python3_12_site-packages_PyQt6_Qt6_translations["translations"]\n    node_venv_lib_python3_12_site-packages_PyQt6_Qt6_translations --> node_venv_lib_python3_12_site-packages_PyQt6_Qt6_translations_qtmultimedia_nl_qm["qtmultimedia_nl.qm"]\n    Root --> node_venv["venv"]\n    node_venv --> node_venv_lib["lib"]\n    node_venv_lib --> node_venv_lib_python3_12["python3.12"]\n    node_venv_lib_python3_12 --> node_venv_lib_python3_12_site-packages["site-packages"]\n    node_venv_lib_python3_12_site-packages --> node_venv_lib_python3_12_site-packages_PyQt6["PyQt6"]\n    node_venv_lib_python3_12_site-packages_PyQt6 --> node_venv_lib_python3_12_site-packages_PyQt6_Qt6["Qt6"]\n    node_venv_lib_python3_12_site-packages_PyQt6_Qt6 --> node_venv_lib_python3_12_site-packages_PyQt6_Qt6_translations["translations"]\n    node_venv_lib_python3_12_site-packages_PyQt6_Qt6_translations --> node_venv_lib_python3_12_site-packages_PyQt6_Qt6_translations_qtmultimedia_nn_qm["qtmultimedia_nn.qm"]\n    Root --> node_venv["venv"]\n    node_venv --> node_venv_lib["lib"]\n    node_venv_lib --> node_venv_lib_python3_12["python3.12"]\n    node_venv_lib_python3_12 --> node_venv_lib_python3_12_site-packages["site-packages"]\n    node_venv_lib_python3_12_site-packages --> node_venv_lib_python3_12_site-packages_PyQt6["PyQt6"]\n    node_venv_lib_python3_12_site-packages_PyQt6 --> node_venv_lib_python3_12_site-packages_PyQt6_Qt6["Qt6"]\n    node_venv_lib_python3_12_site-packages_PyQt6_Qt6 --> node_venv_lib_python3_12_site-packages_PyQt6_Qt6_translations["translations"]\n    node_venv_lib_python3_12_site-packages_PyQt6_Qt6_translations --> node_venv_lib_python3_12_site-packages_PyQt6_Qt6_translations_qtmultimedia_pl_qm["qtmultimedia_pl.qm"]\n    Root --> node_venv["venv"]\n    node_venv --> node_venv_lib["lib"]\n    node_venv_lib --> node_venv_lib_python3_12["python3.12"]\n    node_venv_lib_python3_12 --> node_venv_lib_python3_12_site-packages["site-packages"]\n    node_venv_lib_python3_12_site-packages --> node_venv_lib_python3_12_site-packages_PyQt6["PyQt6"]\n    node_venv_lib_python3_12_site-packages_PyQt6 --> node_venv_lib_python3_12_site-packages_PyQt6_Qt6["Qt6"]\n    node_venv_lib_python3_12_site-packages_PyQt6_Qt6 --> node_venv_lib_python3_12_site-packages_PyQt6_Qt6_translations["translations"]\n    node_venv_lib_python3_12_site-packages_PyQt6_Qt6_translations --> node_venv_lib_python3_12_site-packages_PyQt6_Qt6_translations_qtmultimedia_pt_BR_qm["qtmultimedia_pt_BR.qm"]\n    Root --> node_venv["venv"]\n    node_venv --> node_venv_lib["lib"]\n    node_venv_lib --> node_venv_lib_python3_12["python3.12"]\n    node_venv_lib_python3_12 --> node_venv_lib_python3_12_site-packages["site-packages"]\n    node_venv_lib_python3_12_site-packages --> node_venv_lib_python3_12_site-packages_PyQt6["PyQt6"]\n    node_venv_lib_python3_12_site-packages_PyQt6 --> node_venv_lib_python3_12_site-packages_PyQt6_Qt6["Qt6"]\n    node_venv_lib_python3_12_site-packages_PyQt6_Qt6 --> node_venv_lib_python3_12_site-packages_PyQt6_Qt6_translations["translations"]\n    node_venv_lib_python3_12_site-packages_PyQt6_Qt6_translations --> node_venv_lib_python3_12_site-packages_PyQt6_Qt6_translations_qtmultimedia_ru_qm["qtmultimedia_ru.qm"]\n    Root --> node_venv["venv"]\n    node_venv --> node_venv_lib["lib"]\n    node_venv_lib --> node_venv_lib_python3_12["python3.12"]\n    node_venv_lib_python3_12 --> node_venv_lib_python3_12_site-packages["site-packages"]\n    node_venv_lib_python3_12_site-packages --> node_venv_lib_python3_12_site-packages_PyQt6["PyQt6"]\n    node_venv_lib_python3_12_site-packages_PyQt6 --> node_venv_lib_python3_12_site-packages_PyQt6_Qt6["Qt6"]\n    node_venv_lib_python3_12_site-packages_PyQt6_Qt6 --> node_venv_lib_python3_12_site-packages_PyQt6_Qt6_translations["translations"]\n    node_venv_lib_python3_12_site-packages_PyQt6_Qt6_translations --> node_venv_lib_python3_12_site-packages_PyQt6_Qt6_translations_qtmultimedia_sk_qm["qtmultimedia_sk.qm"]\n    Root --> node_venv["venv"]\n    node_venv --> node_venv_lib["lib"]\n    node_venv_lib --> node_venv_lib_python3_12["python3.12"]\n    node_venv_lib_python3_12 --> node_venv_lib_python3_12_site-packages["site-packages"]\n    node_venv_lib_python3_12_site-packages --> node_venv_lib_python3_12_site-packages_PyQt6["PyQt6"]\n    node_venv_lib_python3_12_site-packages_PyQt6 --> node_venv_lib_python3_12_site-packages_PyQt6_Qt6["Qt6"]\n    node_venv_lib_python3_12_site-packages_PyQt6_Qt6 --> node_venv_lib_python3_12_site-packages_PyQt6_Qt6_translations["translations"]\n    node_venv_lib_python3_12_site-packages_PyQt6_Qt6_translations --> node_venv_lib_python3_12_site-packages_PyQt6_Qt6_translations_qtmultimedia_sv_qm["qtmultimedia_sv.qm"]\n    Root --> node_venv["venv"]\n    node_venv --> node_venv_lib["lib"]\n    node_venv_lib --> node_venv_lib_python3_12["python3.12"]\n    node_venv_lib_python3_12 --> node_venv_lib_python3_12_site-packages["site-packages"]\n    node_venv_lib_python3_12_site-packages --> node_venv_lib_python3_12_site-packages_PyQt6["PyQt6"]\n    node_venv_lib_python3_12_site-packages_PyQt6 --> node_venv_lib_python3_12_site-packages_PyQt6_Qt6["Qt6"]\n    node_venv_lib_python3_12_site-packages_PyQt6_Qt6 --> node_venv_lib_python3_12_site-packages_PyQt6_Qt6_translations["translations"]\n    node_venv_lib_python3_12_site-packages_PyQt6_Qt6_translations --> node_venv_lib_python3_12_site-packages_PyQt6_Qt6_translations_qtmultimedia_tr_qm["qtmultimedia_tr.qm"]\n    Root --> node_venv["venv"]\n    node_venv --> node_venv_lib["lib"]\n    node_venv_lib --> node_venv_lib_python3_12["python3.12"]\n    node_venv_lib_python3_12 --> node_venv_lib_python3_12_site-packages["site-packages"]\n    node_venv_lib_python3_12_site-packages --> node_venv_lib_python3_12_site-packages_PyQt6["PyQt6"]\n    node_venv_lib_python3_12_site-packages_PyQt6 --> node_venv_lib_python3_12_site-packages_PyQt6_Qt6["Qt6"]\n    node_venv_lib_python3_12_site-packages_PyQt6_Qt6 --> node_venv_lib_python3_12_site-packages_PyQt6_Qt6_translations["translations"]\n    node_venv_lib_python3_12_site-packages_PyQt6_Qt6_translations --> node_venv_lib_python3_12_site-packages_PyQt6_Qt6_translations_qtmultimedia_uk_qm["qtmultimedia_uk.qm"]\n    Root --> node_venv["venv"]\n    node_venv --> node_venv_lib["lib"]\n    node_venv_lib --> node_venv_lib_python3_12["python3.12"]\n    node_venv_lib_python3_12 --> node_venv_lib_python3_12_site-packages["site-packages"]\n    node_venv_lib_python3_12_site-packages --> node_venv_lib_python3_12_site-packages_PyQt6["PyQt6"]\n    node_venv_lib_python3_12_site-packages_PyQt6 --> node_venv_lib_python3_12_site-packages_PyQt6_Qt6["Qt6"]\n    node_venv_lib_python3_12_site-packages_PyQt6_Qt6 --> node_venv_lib_python3_12_site-packages_PyQt6_Qt6_translations["translations"]\n    node_venv_lib_python3_12_site-packages_PyQt6_Qt6_translations --> node_venv_lib_python3_12_site-packages_PyQt6_Qt6_translations_qtmultimedia_zh_CN_qm["qtmultimedia_zh_CN.qm"]\n    Root --> node_venv["venv"]\n    node_venv --> node_venv_lib["lib"]\n    node_venv_lib --> node_venv_lib_python3_12["python3.12"]\n    node_venv_lib_python3_12 --> node_venv_lib_python3_12_site-packages["site-packages"]\n    node_venv_lib_python3_12_site-packages --> node_venv_lib_python3_12_site-packages_PyQt6["PyQt6"]\n    node_venv_lib_python3_12_site-packages_PyQt6 --> node_venv_lib_python3_12_site-packages_PyQt6_Qt6["Qt6"]\n    node_venv_lib_python3_12_site-packages_PyQt6_Qt6 --> node_venv_lib_python3_12_site-packages_PyQt6_Qt6_translations["translations"]\n    node_venv_lib_python3_12_site-packages_PyQt6_Qt6_translations --> node_venv_lib_python3_12_site-packages_PyQt6_Qt6_translations_qtmultimedia_zh_TW_qm["qtmultimedia_zh_TW.qm"]\n    Root --> node_venv["venv"]\n    node_venv --> node_venv_lib["lib"]\n    node_venv_lib --> node_venv_lib_python3_12["python3.12"]\n    node_venv_lib_python3_12 --> node_venv_lib_python3_12_site-packages["site-packages"]\n    node_venv_lib_python3_12_site-packages --> node_venv_lib_python3_12_site-packages_PyQt6["PyQt6"]\n    node_venv_lib_python3_12_site-packages_PyQt6 --> node_venv_lib_python3_12_site-packages_PyQt6_Qt6["Qt6"]\n    node_venv_lib_python3_12_site-packages_PyQt6_Qt6 --> node_venv_lib_python3_12_site-packages_PyQt6_Qt6_translations["translations"]\n    node_venv_lib_python3_12_site-packages_PyQt6_Qt6_translations --> node_venv_lib_python3_12_site-packages_PyQt6_Qt6_translations_qtserialport_de_qm["qtserialport_de.qm"]\n    Root --> node_venv["venv"]\n    node_venv --> node_venv_lib["lib"]\n    node_venv_lib --> node_venv_lib_python3_12["python3.12"]\n    node_venv_lib_python3_12 --> node_venv_lib_python3_12_site-packages["site-packages"]\n    node_venv_lib_python3_12_site-packages --> node_venv_lib_python3_12_site-packages_PyQt6["PyQt6"]\n    node_venv_lib_python3_12_site-packages_PyQt6 --> node_venv_lib_python3_12_site-packages_PyQt6_Qt6["Qt6"]\n    node_venv_lib_python3_12_site-packages_PyQt6_Qt6 --> node_venv_lib_python3_12_site-packages_PyQt6_Qt6_translations["translations"]\n    node_venv_lib_python3_12_site-packages_PyQt6_Qt6_translations --> node_venv_lib_python3_12_site-packages_PyQt6_Qt6_translations_qtserialport_en_qm["qtserialport_en.qm"]\n    Root --> node_venv["venv"]\n    node_venv --> node_venv_lib["lib"]\n    node_venv_lib --> node_venv_lib_python3_12["python3.12"]\n    node_venv_lib_python3_12 --> node_venv_lib_python3_12_site-packages["site-packages"]\n    node_venv_lib_python3_12_site-packages --> node_venv_lib_python3_12_site-packages_PyQt6["PyQt6"]\n    node_venv_lib_python3_12_site-packages_PyQt6 --> node_venv_lib_python3_12_site-packages_PyQt6_Qt6["Qt6"]\n    node_venv_lib_python3_12_site-packages_PyQt6_Qt6 --> node_venv_lib_python3_12_site-packages_PyQt6_Qt6_translations["translations"]\n    node_venv_lib_python3_12_site-packages_PyQt6_Qt6_translations --> node_venv_lib_python3_12_site-packages_PyQt6_Qt6_translations_qtserialport_es_qm["qtserialport_es.qm"]\n    Root --> node_venv["venv"]\n    node_venv --> node_venv_lib["lib"]\n    node_venv_lib --> node_venv_lib_python3_12["python3.12"]\n    node_venv_lib_python3_12 --> node_venv_lib_python3_12_site-packages["site-packages"]\n    node_venv_lib_python3_12_site-packages --> node_venv_lib_python3_12_site-packages_PyQt6["PyQt6"]\n    node_venv_lib_python3_12_site-packages_PyQt6 --> node_venv_lib_python3_12_site-packages_PyQt6_Qt6["Qt6"]\n    node_venv_lib_python3_12_site-packages_PyQt6_Qt6 --> node_venv_lib_python3_12_site-packages_PyQt6_Qt6_translations["translations"]\n    node_venv_lib_python3_12_site-packages_PyQt6_Qt6_translations --> node_venv_lib_python3_12_site-packages_PyQt6_Qt6_translations_qtserialport_ja_qm["qtserialport_ja.qm"]\n    Root --> node_venv["venv"]\n    node_venv --> node_venv_lib["lib"]\n    node_venv_lib --> node_venv_lib_python3_12["python3.12"]\n    node_venv_lib_python3_12 --> node_venv_lib_python3_12_site-packages["site-packages"]\n    node_venv_lib_python3_12_site-packages --> node_venv_lib_python3_12_site-packages_PyQt6["PyQt6"]\n    node_venv_lib_python3_12_site-packages_PyQt6 --> node_venv_lib_python3_12_site-packages_PyQt6_Qt6["Qt6"]\n    node_venv_lib_python3_12_site-packages_PyQt6_Qt6 --> node_venv_lib_python3_12_site-packages_PyQt6_Qt6_translations["translations"]\n    node_venv_lib_python3_12_site-packages_PyQt6_Qt6_translations --> node_venv_lib_python3_12_site-packages_PyQt6_Qt6_translations_qtserialport_ka_qm["qtserialport_ka.qm"]\n    Root --> node_venv["venv"]\n    node_venv --> node_venv_lib["lib"]\n    node_venv_lib --> node_venv_lib_python3_12["python3.12"]\n    node_venv_lib_python3_12 --> node_venv_lib_python3_12_site-packages["site-packages"]\n    node_venv_lib_python3_12_site-packages --> node_venv_lib_python3_12_site-packages_PyQt6["PyQt6"]\n    node_venv_lib_python3_12_site-packages_PyQt6 --> node_venv_lib_python3_12_site-packages_PyQt6_Qt6["Qt6"]\n    node_venv_lib_python3_12_site-packages_PyQt6_Qt6 --> node_venv_lib_python3_12_site-packages_PyQt6_Qt6_translations["translations"]\n    node_venv_lib_python3_12_site-packages_PyQt6_Qt6_translations --> node_venv_lib_python3_12_site-packages_PyQt6_Qt6_translations_qtserialport_ko_qm["qtserialport_ko.qm"]\n    Root --> node_venv["venv"]\n    node_venv --> node_venv_lib["lib"]\n    node_venv_lib --> node_venv_lib_python3_12["python3.12"]\n    node_venv_lib_python3_12 --> node_venv_lib_python3_12_site-packages["site-packages"]\n    node_venv_lib_python3_12_site-packages --> node_venv_lib_python3_12_site-packages_PyQt6["PyQt6"]\n    node_venv_lib_python3_12_site-packages_PyQt6 --> node_venv_lib_python3_12_site-packages_PyQt6_Qt6["Qt6"]\n    node_venv_lib_python3_12_site-packages_PyQt6_Qt6 --> node_venv_lib_python3_12_site-packages_PyQt6_Qt6_translations["translations"]\n    node_venv_lib_python3_12_site-packages_PyQt6_Qt6_translations --> node_venv_lib_python3_12_site-packages_PyQt6_Qt6_translations_qtserialport_pl_qm["qtserialport_pl.qm"]\n    Root --> node_venv["venv"]\n    node_venv --> node_venv_lib["lib"]\n    node_venv_lib --> node_venv_lib_python3_12["python3.12"]\n    node_venv_lib_python3_12 --> node_venv_lib_python3_12_site-packages["site-packages"]\n    node_venv_lib_python3_12_site-packages --> node_venv_lib_python3_12_site-packages_PyQt6["PyQt6"]\n    node_venv_lib_python3_12_site-packages_PyQt6 --> node_venv_lib_python3_12_site-packages_PyQt6_Qt6["Qt6"]\n    node_venv_lib_python3_12_site-packages_PyQt6_Qt6 --> node_venv_lib_python3_12_site-packages_PyQt6_Qt6_translations["translations"]\n    node_venv_lib_python3_12_site-packages_PyQt6_Qt6_translations --> node_venv_lib_python3_12_site-packages_PyQt6_Qt6_translations_qtserialport_pt_BR_qm["qtserialport_pt_BR.qm"]\n    Root --> node_venv["venv"]\n    node_venv --> node_venv_lib["lib"]\n    node_venv_lib --> node_venv_lib_python3_12["python3.12"]\n    node_venv_lib_python3_12 --> node_venv_lib_python3_12_site-packages["site-packages"]\n    node_venv_lib_python3_12_site-packages --> node_venv_lib_python3_12_site-packages_PyQt6["PyQt6"]\n    node_venv_lib_python3_12_site-packages_PyQt6 --> node_venv_lib_python3_12_site-packages_PyQt6_Qt6["Qt6"]\n    node_venv_lib_python3_12_site-packages_PyQt6_Qt6 --> node_venv_lib_python3_12_site-packages_PyQt6_Qt6_translations["translations"]\n    node_venv_lib_python3_12_site-packages_PyQt6_Qt6_translations --> node_venv_lib_python3_12_site-packages_PyQt6_Qt6_translations_qtserialport_ru_qm["qtserialport_ru.qm"]\n    Root --> node_venv["venv"]\n    node_venv --> node_venv_lib["lib"]\n    node_venv_lib --> node_venv_lib_python3_12["python3.12"]\n    node_venv_lib_python3_12 --> node_venv_lib_python3_12_site-packages["site-packages"]\n    node_venv_lib_python3_12_site-packages --> node_venv_lib_python3_12_site-packages_PyQt6["PyQt6"]\n    node_venv_lib_python3_12_site-packages_PyQt6 --> node_venv_lib_python3_12_site-packages_PyQt6_Qt6["Qt6"]\n    node_venv_lib_python3_12_site-packages_PyQt6_Qt6 --> node_venv_lib_python3_12_site-packages_PyQt6_Qt6_translations["translations"]\n    node_venv_lib_python3_12_site-packages_PyQt6_Qt6_translations --> node_venv_lib_python3_12_site-packages_PyQt6_Qt6_translations_qtserialport_sv_qm["qtserialport_sv.qm"]\n    Root --> node_venv["venv"]\n    node_venv --> node_venv_lib["lib"]\n    node_venv_lib --> node_venv_lib_python3_12["python3.12"]\n    node_venv_lib_python3_12 --> node_venv_lib_python3_12_site-packages["site-packages"]\n    node_venv_lib_python3_12_site-packages --> node_venv_lib_python3_12_site-packages_PyQt6["PyQt6"]\n    node_venv_lib_python3_12_site-packages_PyQt6 --> node_venv_lib_python3_12_site-packages_PyQt6_Qt6["Qt6"]\n    node_venv_lib_python3_12_site-packages_PyQt6_Qt6 --> node_venv_lib_python3_12_site-packages_PyQt6_Qt6_translations["translations"]\n    node_venv_lib_python3_12_site-packages_PyQt6_Qt6_translations --> node_venv_lib_python3_12_site-packages_PyQt6_Qt6_translations_qtserialport_tr_qm["qtserialport_tr.qm"]\n    Root --> node_venv["venv"]\n    node_venv --> node_venv_lib["lib"]\n    node_venv_lib --> node_venv_lib_python3_12["python3.12"]\n    node_venv_lib_python3_12 --> node_venv_lib_python3_12_site-packages["site-packages"]\n    node_venv_lib_python3_12_site-packages --> node_venv_lib_python3_12_site-packages_PyQt6["PyQt6"]\n    node_venv_lib_python3_12_site-packages_PyQt6 --> node_venv_lib_python3_12_site-packages_PyQt6_Qt6["Qt6"]\n    node_venv_lib_python3_12_site-packages_PyQt6_Qt6 --> node_venv_lib_python3_12_site-packages_PyQt6_Qt6_translations["translations"]\n    node_venv_lib_python3_12_site-packages_PyQt6_Qt6_translations --> node_venv_lib_python3_12_site-packages_PyQt6_Qt6_translations_qtserialport_uk_qm["qtserialport_uk.qm"]\n    Root --> node_venv["venv"]\n    node_venv --> node_venv_lib["lib"]\n    node_venv_lib --> node_venv_lib_python3_12["python3.12"]\n    node_venv_lib_python3_12 --> node_venv_lib_python3_12_site-packages["site-packages"]\n    node_venv_lib_python3_12_site-packages --> node_venv_lib_python3_12_site-packages_PyQt6["PyQt6"]\n    node_venv_lib_python3_12_site-packages_PyQt6 --> node_venv_lib_python3_12_site-packages_PyQt6_Qt6["Qt6"]\n    node_venv_lib_python3_12_site-packages_PyQt6_Qt6 --> node_venv_lib_python3_12_site-packages_PyQt6_Qt6_translations["translations"]\n    node_venv_lib_python3_12_site-packages_PyQt6_Qt6_translations --> node_venv_lib_python3_12_site-packages_PyQt6_Qt6_translations_qtserialport_zh_CN_qm["qtserialport_zh_CN.qm"]\n    Root --> node_venv["venv"]\n    node_venv --> node_venv_lib["lib"]\n    node_venv_lib --> node_venv_lib_python3_12["python3.12"]\n    node_venv_lib_python3_12 --> node_venv_lib_python3_12_site-packages["site-packages"]\n    node_venv_lib_python3_12_site-packages --> node_venv_lib_python3_12_site-packages_PyQt6["PyQt6"]\n    node_venv_lib_python3_12_site-packages_PyQt6 --> node_venv_lib_python3_12_site-packages_PyQt6_Qt6["Qt6"]\n    node_venv_lib_python3_12_site-packages_PyQt6_Qt6 --> node_venv_lib_python3_12_site-packages_PyQt6_Qt6_translations["translations"]\n    node_venv_lib_python3_12_site-packages_PyQt6_Qt6_translations --> node_venv_lib_python3_12_site-packages_PyQt6_Qt6_translations_qtwebsockets_ca_qm["qtwebsockets_ca.qm"]\n    Root --> node_venv["venv"]\n    node_venv --> node_venv_lib["lib"]\n    node_venv_lib --> node_venv_lib_python3_12["python3.12"]\n    node_venv_lib_python3_12 --> node_venv_lib_python3_12_site-packages["site-packages"]\n    node_venv_lib_python3_12_site-packages --> node_venv_lib_python3_12_site-packages_PyQt6["PyQt6"]\n    node_venv_lib_python3_12_site-packages_PyQt6 --> node_venv_lib_python3_12_site-packages_PyQt6_Qt6["Qt6"]\n    node_venv_lib_python3_12_site-packages_PyQt6_Qt6 --> node_venv_lib_python3_12_site-packages_PyQt6_Qt6_translations["translations"]\n    node_venv_lib_python3_12_site-packages_PyQt6_Qt6_translations --> node_venv_lib_python3_12_site-packages_PyQt6_Qt6_translations_qtwebsockets_de_qm["qtwebsockets_de.qm"]\n    Root --> node_venv["venv"]\n    node_venv --> node_venv_lib["lib"]\n    node_venv_lib --> node_venv_lib_python3_12["python3.12"]\n    node_venv_lib_python3_12 --> node_venv_lib_python3_12_site-packages["site-packages"]\n    node_venv_lib_python3_12_site-packages --> node_venv_lib_python3_12_site-packages_PyQt6["PyQt6"]\n    node_venv_lib_python3_12_site-packages_PyQt6 --> node_venv_lib_python3_12_site-packages_PyQt6_Qt6["Qt6"]\n    node_venv_lib_python3_12_site-packages_PyQt6_Qt6 --> node_venv_lib_python3_12_site-packages_PyQt6_Qt6_translations["translations"]\n    node_venv_lib_python3_12_site-packages_PyQt6_Qt6_translations --> node_venv_lib_python3_12_site-packages_PyQt6_Qt6_translations_qtwebsockets_en_qm["qtwebsockets_en.qm"]\n    Root --> node_venv["venv"]\n    node_venv --> node_venv_lib["lib"]\n    node_venv_lib --> node_venv_lib_python3_12["python3.12"]\n    node_venv_lib_python3_12 --> node_venv_lib_python3_12_site-packages["site-packages"]\n    node_venv_lib_python3_12_site-packages --> node_venv_lib_python3_12_site-packages_PyQt6["PyQt6"]\n    node_venv_lib_python3_12_site-packages_PyQt6 --> node_venv_lib_python3_12_site-packages_PyQt6_Qt6["Qt6"]\n    node_venv_lib_python3_12_site-packages_PyQt6_Qt6 --> node_venv_lib_python3_12_site-packages_PyQt6_Qt6_translations["translations"]\n    node_venv_lib_python3_12_site-packages_PyQt6_Qt6_translations --> node_venv_lib_python3_12_site-packages_PyQt6_Qt6_translations_qtwebsockets_es_qm["qtwebsockets_es.qm"]\n    Root --> node_venv["venv"]\n    node_venv --> node_venv_lib["lib"]\n    node_venv_lib --> node_venv_lib_python3_12["python3.12"]\n    node_venv_lib_python3_12 --> node_venv_lib_python3_12_site-packages["site-packages"]\n    node_venv_lib_python3_12_site-packages --> node_venv_lib_python3_12_site-packages_PyQt6["PyQt6"]\n    node_venv_lib_python3_12_site-packages_PyQt6 --> node_venv_lib_python3_12_site-packages_PyQt6_Qt6["Qt6"]\n    node_venv_lib_python3_12_site-packages_PyQt6_Qt6 --> node_venv_lib_python3_12_site-packages_PyQt6_Qt6_translations["translations"]\n    node_venv_lib_python3_12_site-packages_PyQt6_Qt6_translations --> node_venv_lib_python3_12_site-packages_PyQt6_Qt6_translations_qtwebsockets_fr_qm["qtwebsockets_fr.qm"]\n    Root --> node_venv["venv"]\n    node_venv --> node_venv_lib["lib"]\n    node_venv_lib --> node_venv_lib_python3_12["python3.12"]\n    node_venv_lib_python3_12 --> node_venv_lib_python3_12_site-packages["site-packages"]\n    node_venv_lib_python3_12_site-packages --> node_venv_lib_python3_12_site-packages_PyQt6["PyQt6"]\n    node_venv_lib_python3_12_site-packages_PyQt6 --> node_venv_lib_python3_12_site-packages_PyQt6_Qt6["Qt6"]\n    node_venv_lib_python3_12_site-packages_PyQt6_Qt6 --> node_venv_lib_python3_12_site-packages_PyQt6_Qt6_translations["translations"]\n    node_venv_lib_python3_12_site-packages_PyQt6_Qt6_translations --> node_venv_lib_python3_12_site-packages_PyQt6_Qt6_translations_qtwebsockets_ja_qm["qtwebsockets_ja.qm"]\n    Root --> node_venv["venv"]\n    node_venv --> node_venv_lib["lib"]\n    node_venv_lib --> node_venv_lib_python3_12["python3.12"]\n    node_venv_lib_python3_12 --> node_venv_lib_python3_12_site-packages["site-packages"]\n    node_venv_lib_python3_12_site-packages --> node_venv_lib_python3_12_site-packages_PyQt6["PyQt6"]\n    node_venv_lib_python3_12_site-packages_PyQt6 --> node_venv_lib_python3_12_site-packages_PyQt6_Qt6["Qt6"]\n    node_venv_lib_python3_12_site-packages_PyQt6_Qt6 --> node_venv_lib_python3_12_site-packages_PyQt6_Qt6_translations["translations"]\n    node_venv_lib_python3_12_site-packages_PyQt6_Qt6_translations --> node_venv_lib_python3_12_site-packages_PyQt6_Qt6_translations_qtwebsockets_ka_qm["qtwebsockets_ka.qm"]\n    Root --> node_venv["venv"]\n    node_venv --> node_venv_lib["lib"]\n    node_venv_lib --> node_venv_lib_python3_12["python3.12"]\n    node_venv_lib_python3_12 --> node_venv_lib_python3_12_site-packages["site-packages"]\n    node_venv_lib_python3_12_site-packages --> node_venv_lib_python3_12_site-packages_PyQt6["PyQt6"]\n    node_venv_lib_python3_12_site-packages_PyQt6 --> node_venv_lib_python3_12_site-packages_PyQt6_Qt6["Qt6"]\n    node_venv_lib_python3_12_site-packages_PyQt6_Qt6 --> node_venv_lib_python3_12_site-packages_PyQt6_Qt6_translations["translations"]\n    node_venv_lib_python3_12_site-packages_PyQt6_Qt6_translations --> node_venv_lib_python3_12_site-packages_PyQt6_Qt6_translations_qtwebsockets_ko_qm["qtwebsockets_ko.qm"]\n    Root --> node_venv["venv"]\n    node_venv --> node_venv_lib["lib"]\n    node_venv_lib --> node_venv_lib_python3_12["python3.12"]\n    node_venv_lib_python3_12 --> node_venv_lib_python3_12_site-packages["site-packages"]\n    node_venv_lib_python3_12_site-packages --> node_venv_lib_python3_12_site-packages_PyQt6["PyQt6"]\n    node_venv_lib_python3_12_site-packages_PyQt6 --> node_venv_lib_python3_12_site-packages_PyQt6_Qt6["Qt6"]\n    node_venv_lib_python3_12_site-packages_PyQt6_Qt6 --> node_venv_lib_python3_12_site-packages_PyQt6_Qt6_translations["translations"]\n    node_venv_lib_python3_12_site-packages_PyQt6_Qt6_translations --> node_venv_lib_python3_12_site-packages_PyQt6_Qt6_translations_qtwebsockets_pl_qm["qtwebsockets_pl.qm"]\n    Root --> node_venv["venv"]\n    node_venv --> node_venv_lib["lib"]\n    node_venv_lib --> node_venv_lib_python3_12["python3.12"]\n    node_venv_lib_python3_12 --> node_venv_lib_python3_12_site-packages["site-packages"]\n    node_venv_lib_python3_12_site-packages --> node_venv_lib_python3_12_site-packages_PyQt6["PyQt6"]\n    node_venv_lib_python3_12_site-packages_PyQt6 --> node_venv_lib_python3_12_site-packages_PyQt6_Qt6["Qt6"]\n    node_venv_lib_python3_12_site-packages_PyQt6_Qt6 --> node_venv_lib_python3_12_site-packages_PyQt6_Qt6_translations["translations"]\n    node_venv_lib_python3_12_site-packages_PyQt6_Qt6_translations --> node_venv_lib_python3_12_site-packages_PyQt6_Qt6_translations_qtwebsockets_pt_BR_qm["qtwebsockets_pt_BR.qm"]\n    Root --> node_venv["venv"]\n    node_venv --> node_venv_lib["lib"]\n    node_venv_lib --> node_venv_lib_python3_12["python3.12"]\n    node_venv_lib_python3_12 --> node_venv_lib_python3_12_site-packages["site-packages"]\n    node_venv_lib_python3_12_site-packages --> node_venv_lib_python3_12_site-packages_PyQt6["PyQt6"]\n    node_venv_lib_python3_12_site-packages_PyQt6 --> node_venv_lib_python3_12_site-packages_PyQt6_Qt6["Qt6"]\n    node_venv_lib_python3_12_site-packages_PyQt6_Qt6 --> node_venv_lib_python3_12_site-packages_PyQt6_Qt6_translations["translations"]\n    node_venv_lib_python3_12_site-packages_PyQt6_Qt6_translations --> node_venv_lib_python3_12_site-packages_PyQt6_Qt6_translations_qtwebsockets_ru_qm["qtwebsockets_ru.qm"]\n    Root --> node_venv["venv"]\n    node_venv --> node_venv_lib["lib"]\n    node_venv_lib --> node_venv_lib_python3_12["python3.12"]\n    node_venv_lib_python3_12 --> node_venv_lib_python3_12_site-packages["site-packages"]\n    node_venv_lib_python3_12_site-packages --> node_venv_lib_python3_12_site-packages_PyQt6["PyQt6"]\n    node_venv_lib_python3_12_site-packages_PyQt6 --> node_venv_lib_python3_12_site-packages_PyQt6_Qt6["Qt6"]\n    node_venv_lib_python3_12_site-packages_PyQt6_Qt6 --> node_venv_lib_python3_12_site-packages_PyQt6_Qt6_translations["translations"]\n    node_venv_lib_python3_12_site-packages_PyQt6_Qt6_translations --> node_venv_lib_python3_12_site-packages_PyQt6_Qt6_translations_qtwebsockets_sv_qm["qtwebsockets_sv.qm"]\n    Root --> node_venv["venv"]\n    node_venv --> node_venv_lib["lib"]\n    node_venv_lib --> node_venv_lib_python3_12["python3.12"]\n    node_venv_lib_python3_12 --> node_venv_lib_python3_12_site-packages["site-packages"]\n    node_venv_lib_python3_12_site-packages --> node_venv_lib_python3_12_site-packages_PyQt6["PyQt6"]\n    node_venv_lib_python3_12_site-packages_PyQt6 --> node_venv_lib_python3_12_site-packages_PyQt6_Qt6["Qt6"]\n    node_venv_lib_python3_12_site-packages_PyQt6_Qt6 --> node_venv_lib_python3_12_site-packages_PyQt6_Qt6_translations["translations"]\n    node_venv_lib_python3_12_site-packages_PyQt6_Qt6_translations --> node_venv_lib_python3_12_site-packages_PyQt6_Qt6_translations_qtwebsockets_tr_qm["qtwebsockets_tr.qm"]\n    Root --> node_venv["venv"]\n    node_venv --> node_venv_lib["lib"]\n    node_venv_lib --> node_venv_lib_python3_12["python3.12"]\n    node_venv_lib_python3_12 --> node_venv_lib_python3_12_site-packages["site-packages"]\n    node_venv_lib_python3_12_site-packages --> node_venv_lib_python3_12_site-packages_PyQt6["PyQt6"]\n    node_venv_lib_python3_12_site-packages_PyQt6 --> node_venv_lib_python3_12_site-packages_PyQt6_Qt6["Qt6"]\n    node_venv_lib_python3_12_site-packages_PyQt6_Qt6 --> node_venv_lib_python3_12_site-packages_PyQt6_Qt6_translations["translations"]\n    node_venv_lib_python3_12_site-packages_PyQt6_Qt6_translations --> node_venv_lib_python3_12_site-packages_PyQt6_Qt6_translations_qtwebsockets_uk_qm["qtwebsockets_uk.qm"]\n    Root --> node_venv["venv"]\n    node_venv --> node_venv_lib["lib"]\n    node_venv_lib --> node_venv_lib_python3_12["python3.12"]\n    node_venv_lib_python3_12 --> node_venv_lib_python3_12_site-packages["site-packages"]\n    node_venv_lib_python3_12_site-packages --> node_venv_lib_python3_12_site-packages_PyQt6["PyQt6"]\n    node_venv_lib_python3_12_site-packages_PyQt6 --> node_venv_lib_python3_12_site-packages_PyQt6_Qt6["Qt6"]\n    node_venv_lib_python3_12_site-packages_PyQt6_Qt6 --> node_venv_lib_python3_12_site-packages_PyQt6_Qt6_translations["translations"]\n    node_venv_lib_python3_12_site-packages_PyQt6_Qt6_translations --> node_venv_lib_python3_12_site-packages_PyQt6_Qt6_translations_qtwebsockets_zh_CN_qm["qtwebsockets_zh_CN.qm"]\n    Root --> node_venv["venv"]\n    node_venv --> node_venv_lib["lib"]\n    node_venv_lib --> node_venv_lib_python3_12["python3.12"]\n    node_venv_lib_python3_12 --> node_venv_lib_python3_12_site-packages["site-packages"]\n    node_venv_lib_python3_12_site-packages --> node_venv_lib_python3_12_site-packages_PyQt6["PyQt6"]\n    node_venv_lib_python3_12_site-packages_PyQt6 --> node_venv_lib_python3_12_site-packages_PyQt6_bindings["bindings"]\n    node_venv_lib_python3_12_site-packages_PyQt6_bindings --> node_venv_lib_python3_12_site-packages_PyQt6_bindings_QtWebSockets["QtWebSockets"]\n    node_venv_lib_python3_12_site-packages_PyQt6_bindings_QtWebSockets --> node_venv_lib_python3_12_site-packages_PyQt6_bindings_QtWebSockets_QtWebSockets_toml["QtWebSockets.toml"]\n    Root --> node_venv["venv"]\n    node_venv --> node_venv_lib["lib"]\n    node_venv_lib --> node_venv_lib_python3_12["python3.12"]\n    node_venv_lib_python3_12 --> node_venv_lib_python3_12_site-packages["site-packages"]\n    node_venv_lib_python3_12_site-packages --> node_venv_lib_python3_12_site-packages_PyQt6["PyQt6"]\n    node_venv_lib_python3_12_site-packages_PyQt6 --> node_venv_lib_python3_12_site-packages_PyQt6_bindings["bindings"]\n    node_venv_lib_python3_12_site-packages_PyQt6_bindings --> node_venv_lib_python3_12_site-packages_PyQt6_bindings_QtWebSockets["QtWebSockets"]\n    node_venv_lib_python3_12_site-packages_PyQt6_bindings_QtWebSockets --> node_venv_lib_python3_12_site-packages_PyQt6_bindings_QtWebSockets_QtWebSocketsmod_sip["QtWebSocketsmod.sip"]\n    Root --> node_venv["venv"]\n    node_venv --> node_venv_lib["lib"]\n    node_venv_lib --> node_venv_lib_python3_12["python3.12"]\n    node_venv_lib_python3_12 --> node_venv_lib_python3_12_site-packages["site-packages"]\n    node_venv_lib_python3_12_site-packages --> node_venv_lib_python3_12_site-packages_PyQt6["PyQt6"]\n    node_venv_lib_python3_12_site-packages_PyQt6 --> node_venv_lib_python3_12_site-packages_PyQt6_bindings["bindings"]\n    node_venv_lib_python3_12_site-packages_PyQt6_bindings --> node_venv_lib_python3_12_site-packages_PyQt6_bindings_QtWebSockets["QtWebSockets"]\n    node_venv_lib_python3_12_site-packages_PyQt6_bindings_QtWebSockets --> node_venv_lib_python3_12_site-packages_PyQt6_bindings_QtWebSockets_qmaskgenerator_sip["qmaskgenerator.sip"]\n    Root --> node_venv["venv"]\n    node_venv --> node_venv_lib["lib"]\n    node_venv_lib --> node_venv_lib_python3_12["python3.12"]\n    node_venv_lib_python3_12 --> node_venv_lib_python3_12_site-packages["site-packages"]\n    node_venv_lib_python3_12_site-packages --> node_venv_lib_python3_12_site-packages_PyQt6["PyQt6"]\n    node_venv_lib_python3_12_site-packages_PyQt6 --> node_venv_lib_python3_12_site-packages_PyQt6_bindings["bindings"]\n    node_venv_lib_python3_12_site-packages_PyQt6_bindings --> node_venv_lib_python3_12_site-packages_PyQt6_bindings_QtWebSockets["QtWebSockets"]\n    node_venv_lib_python3_12_site-packages_PyQt6_bindings_QtWebSockets --> node_venv_lib_python3_12_site-packages_PyQt6_bindings_QtWebSockets_qwebsocket_sip["qwebsocket.sip"]\n    Root --> node_venv["venv"]\n    node_venv --> node_venv_lib["lib"]\n    node_venv_lib --> node_venv_lib_python3_12["python3.12"]\n    node_venv_lib_python3_12 --> node_venv_lib_python3_12_site-packages["site-packages"]\n    node_venv_lib_python3_12_site-packages --> node_venv_lib_python3_12_site-packages_PyQt6["PyQt6"]\n    node_venv_lib_python3_12_site-packages_PyQt6 --> node_venv_lib_python3_12_site-packages_PyQt6_bindings["bindings"]\n    node_venv_lib_python3_12_site-packages_PyQt6_bindings --> node_venv_lib_python3_12_site-packages_PyQt6_bindings_QtWebSockets["QtWebSockets"]\n    node_venv_lib_python3_12_site-packages_PyQt6_bindings_QtWebSockets --> node_venv_lib_python3_12_site-packages_PyQt6_bindings_QtWebSockets_qwebsocketcorsauthenticator_sip["qwebsocketcorsauthenticator.sip"]\n    Root --> node_venv["venv"]\n    node_venv --> node_venv_lib["lib"]\n    node_venv_lib --> node_venv_lib_python3_12["python3.12"]\n    node_venv_lib_python3_12 --> node_venv_lib_python3_12_site-packages["site-packages"]\n    node_venv_lib_python3_12_site-packages --> node_venv_lib_python3_12_site-packages_PyQt6["PyQt6"]\n    node_venv_lib_python3_12_site-packages_PyQt6 --> node_venv_lib_python3_12_site-packages_PyQt6_bindings["bindings"]\n    node_venv_lib_python3_12_site-packages_PyQt6_bindings --> node_venv_lib_python3_12_site-packages_PyQt6_bindings_QtWebSockets["QtWebSockets"]\n    node_venv_lib_python3_12_site-packages_PyQt6_bindings_QtWebSockets --> node_venv_lib_python3_12_site-packages_PyQt6_bindings_QtWebSockets_qwebsockethandshakeoptions_sip["qwebsockethandshakeoptions.sip"]\n    Root --> node_venv["venv"]\n    node_venv --> node_venv_lib["lib"]\n    node_venv_lib --> node_venv_lib_python3_12["python3.12"]\n    node_venv_lib_python3_12 --> node_venv_lib_python3_12_site-packages["site-packages"]\n    node_venv_lib_python3_12_site-packages --> node_venv_lib_python3_12_site-packages_PyQt6["PyQt6"]\n    node_venv_lib_python3_12_site-packages_PyQt6 --> node_venv_lib_python3_12_site-packages_PyQt6_bindings["bindings"]\n    node_venv_lib_python3_12_site-packages_PyQt6_bindings --> node_venv_lib_python3_12_site-packages_PyQt6_bindings_QtWebSockets["QtWebSockets"]\n    node_venv_lib_python3_12_site-packages_PyQt6_bindings_QtWebSockets --> node_venv_lib_python3_12_site-packages_PyQt6_bindings_QtWebSockets_qwebsocketprotocol_sip["qwebsocketprotocol.sip"]\n    Root --> node_venv["venv"]\n    node_venv --> node_venv_lib["lib"]\n    node_venv_lib --> node_venv_lib_python3_12["python3.12"]\n    node_venv_lib_python3_12 --> node_venv_lib_python3_12_site-packages["site-packages"]\n    node_venv_lib_python3_12_site-packages --> node_venv_lib_python3_12_site-packages_PyQt6["PyQt6"]\n    node_venv_lib_python3_12_site-packages_PyQt6 --> node_venv_lib_python3_12_site-packages_PyQt6_bindings["bindings"]\n    node_venv_lib_python3_12_site-packages_PyQt6_bindings --> node_venv_lib_python3_12_site-packages_PyQt6_bindings_QtWebSockets["QtWebSockets"]\n    node_venv_lib_python3_12_site-packages_PyQt6_bindings_QtWebSockets --> node_venv_lib_python3_12_site-packages_PyQt6_bindings_QtWebSockets_qwebsocketserver_sip["qwebsocketserver.sip"]\n    Root --> node_venv["venv"]\n    node_venv --> node_venv_lib["lib"]\n    node_venv_lib --> node_venv_lib_python3_12["python3.12"]\n    node_venv_lib_python3_12 --> node_venv_lib_python3_12_site-packages["site-packages"]\n    node_venv_lib_python3_12_site-packages --> node_venv_lib_python3_12_site-packages_PyQt6["PyQt6"]\n    node_venv_lib_python3_12_site-packages_PyQt6 --> node_venv_lib_python3_12_site-packages_PyQt6_bindings["bindings"]\n    node_venv_lib_python3_12_site-packages_PyQt6_bindings --> node_venv_lib_python3_12_site-packages_PyQt6_bindings_QtPrintSupport["QtPrintSupport"]\n    node_venv_lib_python3_12_site-packages_PyQt6_bindings_QtPrintSupport --> node_venv_lib_python3_12_site-packages_PyQt6_bindings_QtPrintSupport_QtPrintSupport_toml["QtPrintSupport.toml"]\n    Root --> node_venv["venv"]\n    node_venv --> node_venv_lib["lib"]\n    node_venv_lib --> node_venv_lib_python3_12["python3.12"]\n    node_venv_lib_python3_12 --> node_venv_lib_python3_12_site-packages["site-packages"]\n    node_venv_lib_python3_12_site-packages --> node_venv_lib_python3_12_site-packages_PyQt6["PyQt6"]\n    node_venv_lib_python3_12_site-packages_PyQt6 --> node_venv_lib_python3_12_site-packages_PyQt6_bindings["bindings"]\n    node_venv_lib_python3_12_site-packages_PyQt6_bindings --> node_venv_lib_python3_12_site-packages_PyQt6_bindings_QtPrintSupport["QtPrintSupport"]\n    node_venv_lib_python3_12_site-packages_PyQt6_bindings_QtPrintSupport --> node_venv_lib_python3_12_site-packages_PyQt6_bindings_QtPrintSupport_QtPrintSupportmod_sip["QtPrintSupportmod.sip"]\n    Root --> node_venv["venv"]\n    node_venv --> node_venv_lib["lib"]\n    node_venv_lib --> node_venv_lib_python3_12["python3.12"]\n    node_venv_lib_python3_12 --> node_venv_lib_python3_12_site-packages["site-packages"]\n    node_venv_lib_python3_12_site-packages --> node_venv_lib_python3_12_site-packages_PyQt6["PyQt6"]\n    node_venv_lib_python3_12_site-packages_PyQt6 --> node_venv_lib_python3_12_site-packages_PyQt6_bindings["bindings"]\n    node_venv_lib_python3_12_site-packages_PyQt6_bindings --> node_venv_lib_python3_12_site-packages_PyQt6_bindings_QtPrintSupport["QtPrintSupport"]\n    node_venv_lib_python3_12_site-packages_PyQt6_bindings_QtPrintSupport --> node_venv_lib_python3_12_site-packages_PyQt6_bindings_QtPrintSupport_qabstractprintdialog_sip["qabstractprintdialog.sip"]\n    Root --> node_venv["venv"]\n    node_venv --> node_venv_lib["lib"]\n    node_venv_lib --> node_venv_lib_python3_12["python3.12"]\n    node_venv_lib_python3_12 --> node_venv_lib_python3_12_site-packages["site-packages"]\n    node_venv_lib_python3_12_site-packages --> node_venv_lib_python3_12_site-packages_PyQt6["PyQt6"]\n    node_venv_lib_python3_12_site-packages_PyQt6 --> node_venv_lib_python3_12_site-packages_PyQt6_bindings["bindings"]\n    node_venv_lib_python3_12_site-packages_PyQt6_bindings --> node_venv_lib_python3_12_site-packages_PyQt6_bindings_QtPrintSupport["QtPrintSupport"]\n    node_venv_lib_python3_12_site-packages_PyQt6_bindings_QtPrintSupport --> node_venv_lib_python3_12_site-packages_PyQt6_bindings_QtPrintSupport_qpagesetupdialog_sip["qpagesetupdialog.sip"]\n    Root --> node_venv["venv"]\n    node_venv --> node_venv_lib["lib"]\n    node_venv_lib --> node_venv_lib_python3_12["python3.12"]\n    node_venv_lib_python3_12 --> node_venv_lib_python3_12_site-packages["site-packages"]\n    node_venv_lib_python3_12_site-packages --> node_venv_lib_python3_12_site-packages_PyQt6["PyQt6"]\n    node_venv_lib_python3_12_site-packages_PyQt6 --> node_venv_lib_python3_12_site-packages_PyQt6_bindings["bindings"]\n    node_venv_lib_python3_12_site-packages_PyQt6_bindings --> node_venv_lib_python3_12_site-packages_PyQt6_bindings_QtPrintSupport["QtPrintSupport"]\n    node_venv_lib_python3_12_site-packages_PyQt6_bindings_QtPrintSupport --> node_venv_lib_python3_12_site-packages_PyQt6_bindings_QtPrintSupport_qprintdialog_sip["qprintdialog.sip"]\n    Root --> node_venv["venv"]\n    node_venv --> node_venv_lib["lib"]\n    node_venv_lib --> node_venv_lib_python3_12["python3.12"]\n    node_venv_lib_python3_12 --> node_venv_lib_python3_12_site-packages["site-packages"]\n    node_venv_lib_python3_12_site-packages --> node_venv_lib_python3_12_site-packages_PyQt6["PyQt6"]\n    node_venv_lib_python3_12_site-packages_PyQt6 --> node_venv_lib_python3_12_site-packages_PyQt6_bindings["bindings"]\n    node_venv_lib_python3_12_site-packages_PyQt6_bindings --> node_venv_lib_python3_12_site-packages_PyQt6_bindings_QtPrintSupport["QtPrintSupport"]\n    node_venv_lib_python3_12_site-packages_PyQt6_bindings_QtPrintSupport --> node_venv_lib_python3_12_site-packages_PyQt6_bindings_QtPrintSupport_qprintengine_sip["qprintengine.sip"]\n    Root --> node_venv["venv"]\n    node_venv --> node_venv_lib["lib"]\n    node_venv_lib --> node_venv_lib_python3_12["python3.12"]\n    node_venv_lib_python3_12 --> node_venv_lib_python3_12_site-packages["site-packages"]\n    node_venv_lib_python3_12_site-packages --> node_venv_lib_python3_12_site-packages_PyQt6["PyQt6"]\n    node_venv_lib_python3_12_site-packages_PyQt6 --> node_venv_lib_python3_12_site-packages_PyQt6_bindings["bindings"]\n    node_venv_lib_python3_12_site-packages_PyQt6_bindings --> node_venv_lib_python3_12_site-packages_PyQt6_bindings_QtPrintSupport["QtPrintSupport"]\n    node_venv_lib_python3_12_site-packages_PyQt6_bindings_QtPrintSupport --> node_venv_lib_python3_12_site-packages_PyQt6_bindings_QtPrintSupport_qprinter_sip["qprinter.sip"]\n    Root --> node_venv["venv"]\n    node_venv --> node_venv_lib["lib"]\n    node_venv_lib --> node_venv_lib_python3_12["python3.12"]\n    node_venv_lib_python3_12 --> node_venv_lib_python3_12_site-packages["site-packages"]\n    node_venv_lib_python3_12_site-packages --> node_venv_lib_python3_12_site-packages_PyQt6["PyQt6"]\n    node_venv_lib_python3_12_site-packages_PyQt6 --> node_venv_lib_python3_12_site-packages_PyQt6_bindings["bindings"]\n    node_venv_lib_python3_12_site-packages_PyQt6_bindings --> node_venv_lib_python3_12_site-packages_PyQt6_bindings_QtPrintSupport["QtPrintSupport"]\n    node_venv_lib_python3_12_site-packages_PyQt6_bindings_QtPrintSupport --> node_venv_lib_python3_12_site-packages_PyQt6_bindings_QtPrintSupport_qprinterinfo_sip["qprinterinfo.sip"]\n    Root --> node_venv["venv"]\n    node_venv --> node_venv_lib["lib"]\n    node_venv_lib --> node_venv_lib_python3_12["python3.12"]\n    node_venv_lib_python3_12 --> node_venv_lib_python3_12_site-packages["site-packages"]\n    node_venv_lib_python3_12_site-packages --> node_venv_lib_python3_12_site-packages_PyQt6["PyQt6"]\n    node_venv_lib_python3_12_site-packages_PyQt6 --> node_venv_lib_python3_12_site-packages_PyQt6_bindings["bindings"]\n    node_venv_lib_python3_12_site-packages_PyQt6_bindings --> node_venv_lib_python3_12_site-packages_PyQt6_bindings_QtPrintSupport["QtPrintSupport"]\n    node_venv_lib_python3_12_site-packages_PyQt6_bindings_QtPrintSupport --> node_venv_lib_python3_12_site-packages_PyQt6_bindings_QtPrintSupport_qprintpreviewdialog_sip["qprintpreviewdialog.sip"]\n    Root --> node_venv["venv"]\n    node_venv --> node_venv_lib["lib"]\n    node_venv_lib --> node_venv_lib_python3_12["python3.12"]\n    node_venv_lib_python3_12 --> node_venv_lib_python3_12_site-packages["site-packages"]\n    node_venv_lib_python3_12_site-packages --> node_venv_lib_python3_12_site-packages_PyQt6["PyQt6"]\n    node_venv_lib_python3_12_site-packages_PyQt6 --> node_venv_lib_python3_12_site-packages_PyQt6_bindings["bindings"]\n    node_venv_lib_python3_12_site-packages_PyQt6_bindings --> node_venv_lib_python3_12_site-packages_PyQt6_bindings_QtPrintSupport["QtPrintSupport"]\n    node_venv_lib_python3_12_site-packages_PyQt6_bindings_QtPrintSupport --> node_venv_lib_python3_12_site-packages_PyQt6_bindings_QtPrintSupport_qprintpreviewwidget_sip["qprintpreviewwidget.sip"]\n    Root --> node_venv["venv"]\n    node_venv --> node_venv_lib["lib"]\n    node_venv_lib --> node_venv_lib_python3_12["python3.12"]\n    node_venv_lib_python3_12 --> node_venv_lib_python3_12_site-packages["site-packages"]\n    node_venv_lib_python3_12_site-packages --> node_venv_lib_python3_12_site-packages_PyQt6["PyQt6"]\n    node_venv_lib_python3_12_site-packages_PyQt6 --> node_venv_lib_python3_12_site-packages_PyQt6_bindings["bindings"]\n    node_venv_lib_python3_12_site-packages_PyQt6_bindings --> node_venv_lib_python3_12_site-packages_PyQt6_bindings_QtPrintSupport["QtPrintSupport"]\n    node_venv_lib_python3_12_site-packages_PyQt6_bindings_QtPrintSupport --> node_venv_lib_python3_12_site-packages_PyQt6_bindings_QtPrintSupport_qpyprintsupport_qlist_sip["qpyprintsupport_qlist.sip"]\n    Root --> node_venv["venv"]\n    node_venv --> node_venv_lib["lib"]\n    node_venv_lib --> node_venv_lib_python3_12["python3.12"]\n    node_venv_lib_python3_12 --> node_venv_lib_python3_12_site-packages["site-packages"]\n    node_venv_lib_python3_12_site-packages --> node_venv_lib_python3_12_site-packages_PyQt6["PyQt6"]\n    node_venv_lib_python3_12_site-packages_PyQt6 --> node_venv_lib_python3_12_site-packages_PyQt6_bindings["bindings"]\n    node_venv_lib_python3_12_site-packages_PyQt6_bindings --> node_venv_lib_python3_12_site-packages_PyQt6_bindings_QtOpenGL["QtOpenGL"]\n    node_venv_lib_python3_12_site-packages_PyQt6_bindings_QtOpenGL --> node_venv_lib_python3_12_site-packages_PyQt6_bindings_QtOpenGL_QtOpenGL_toml["QtOpenGL.toml"]\n    Root --> node_venv["venv"]\n    node_venv --> node_venv_lib["lib"]\n    node_venv_lib --> node_venv_lib_python3_12["python3.12"]\n    node_venv_lib_python3_12 --> node_venv_lib_python3_12_site-packages["site-packages"]\n    node_venv_lib_python3_12_site-packages --> node_venv_lib_python3_12_site-packages_PyQt6["PyQt6"]\n    node_venv_lib_python3_12_site-packages_PyQt6 --> node_venv_lib_python3_12_site-packages_PyQt6_bindings["bindings"]\n    node_venv_lib_python3_12_site-packages_PyQt6_bindings --> node_venv_lib_python3_12_site-packages_PyQt6_bindings_QtOpenGL["QtOpenGL"]\n    node_venv_lib_python3_12_site-packages_PyQt6_bindings_QtOpenGL --> node_venv_lib_python3_12_site-packages_PyQt6_bindings_QtOpenGL_QtOpenGLmod_sip["QtOpenGLmod.sip"]\n    Root --> node_venv["venv"]\n    node_venv --> node_venv_lib["lib"]\n    node_venv_lib --> node_venv_lib_python3_12["python3.12"]\n    node_venv_lib_python3_12 --> node_venv_lib_python3_12_site-packages["site-packages"]\n    node_venv_lib_python3_12_site-packages --> node_venv_lib_python3_12_site-packages_PyQt6["PyQt6"]\n    node_venv_lib_python3_12_site-packages_PyQt6 --> node_venv_lib_python3_12_site-packages_PyQt6_bindings["bindings"]\n    node_venv_lib_python3_12_site-packages_PyQt6_bindings --> node_venv_lib_python3_12_site-packages_PyQt6_bindings_QtOpenGL["QtOpenGL"]\n    node_venv_lib_python3_12_site-packages_PyQt6_bindings_QtOpenGL --> node_venv_lib_python3_12_site-packages_PyQt6_bindings_QtOpenGL_qopenglbuffer_sip["qopenglbuffer.sip"]\n    Root --> node_venv["venv"]\n    node_venv --> node_venv_lib["lib"]\n    node_venv_lib --> node_venv_lib_python3_12["python3.12"]\n    node_venv_lib_python3_12 --> node_venv_lib_python3_12_site-packages["site-packages"]\n    node_venv_lib_python3_12_site-packages --> node_venv_lib_python3_12_site-packages_PyQt6["PyQt6"]\n    node_venv_lib_python3_12_site-packages_PyQt6 --> node_venv_lib_python3_12_site-packages_PyQt6_bindings["bindings"]\n    node_venv_lib_python3_12_site-packages_PyQt6_bindings --> node_venv_lib_python3_12_site-packages_PyQt6_bindings_QtOpenGL["QtOpenGL"]\n    node_venv_lib_python3_12_site-packages_PyQt6_bindings_QtOpenGL --> node_venv_lib_python3_12_site-packages_PyQt6_bindings_QtOpenGL_qopengldebug_sip["qopengldebug.sip"]\n    Root --> node_venv["venv"]\n    node_venv --> node_venv_lib["lib"]\n    node_venv_lib --> node_venv_lib_python3_12["python3.12"]\n    node_venv_lib_python3_12 --> node_venv_lib_python3_12_site-packages["site-packages"]\n    node_venv_lib_python3_12_site-packages --> node_venv_lib_python3_12_site-packages_PyQt6["PyQt6"]\n    node_venv_lib_python3_12_site-packages_PyQt6 --> node_venv_lib_python3_12_site-packages_PyQt6_bindings["bindings"]\n    node_venv_lib_python3_12_site-packages_PyQt6_bindings --> node_venv_lib_python3_12_site-packages_PyQt6_bindings_QtOpenGL["QtOpenGL"]\n    node_venv_lib_python3_12_site-packages_PyQt6_bindings_QtOpenGL --> node_venv_lib_python3_12_site-packages_PyQt6_bindings_QtOpenGL_qopenglframebufferobject_sip["qopenglframebufferobject.sip"]\n    Root --> node_venv["venv"]\n    node_venv --> node_venv_lib["lib"]\n    node_venv_lib --> node_venv_lib_python3_12["python3.12"]\n    node_venv_lib_python3_12 --> node_venv_lib_python3_12_site-packages["site-packages"]\n    node_venv_lib_python3_12_site-packages --> node_venv_lib_python3_12_site-packages_PyQt6["PyQt6"]\n    node_venv_lib_python3_12_site-packages_PyQt6 --> node_venv_lib_python3_12_site-packages_PyQt6_bindings["bindings"]\n    node_venv_lib_python3_12_site-packages_PyQt6_bindings --> node_venv_lib_python3_12_site-packages_PyQt6_bindings_QtOpenGL["QtOpenGL"]\n    node_venv_lib_python3_12_site-packages_PyQt6_bindings_QtOpenGL --> node_venv_lib_python3_12_site-packages_PyQt6_bindings_QtOpenGL_qopenglfunctions_2_0_sip["qopenglfunctions_2_0.sip"]\n    Root --> node_venv["venv"]\n    node_venv --> node_venv_lib["lib"]\n    node_venv_lib --> node_venv_lib_python3_12["python3.12"]\n    node_venv_lib_python3_12 --> node_venv_lib_python3_12_site-packages["site-packages"]\n    node_venv_lib_python3_12_site-packages --> node_venv_lib_python3_12_site-packages_PyQt6["PyQt6"]\n    node_venv_lib_python3_12_site-packages_PyQt6 --> node_venv_lib_python3_12_site-packages_PyQt6_bindings["bindings"]\n    node_venv_lib_python3_12_site-packages_PyQt6_bindings --> node_venv_lib_python3_12_site-packages_PyQt6_bindings_QtOpenGL["QtOpenGL"]\n    node_venv_lib_python3_12_site-packages_PyQt6_bindings_QtOpenGL --> node_venv_lib_python3_12_site-packages_PyQt6_bindings_QtOpenGL_qopenglfunctions_2_1_sip["qopenglfunctions_2_1.sip"]\n    Root --> node_venv["venv"]\n    node_venv --> node_venv_lib["lib"]\n    node_venv_lib --> node_venv_lib_python3_12["python3.12"]\n    node_venv_lib_python3_12 --> node_venv_lib_python3_12_site-packages["site-packages"]\n    node_venv_lib_python3_12_site-packages --> node_venv_lib_python3_12_site-packages_PyQt6["PyQt6"]\n    node_venv_lib_python3_12_site-packages_PyQt6 --> node_venv_lib_python3_12_site-packages_PyQt6_bindings["bindings"]\n    node_venv_lib_python3_12_site-packages_PyQt6_bindings --> node_venv_lib_python3_12_site-packages_PyQt6_bindings_QtOpenGL["QtOpenGL"]\n    node_venv_lib_python3_12_site-packages_PyQt6_bindings_QtOpenGL --> node_venv_lib_python3_12_site-packages_PyQt6_bindings_QtOpenGL_qopenglfunctions_4_1_core_sip["qopenglfunctions_4_1_core.sip"]\n    Root --> node_venv["venv"]\n    node_venv --> node_venv_lib["lib"]\n    node_venv_lib --> node_venv_lib_python3_12["python3.12"]\n    node_venv_lib_python3_12 --> node_venv_lib_python3_12_site-packages["site-packages"]\n    node_venv_lib_python3_12_site-packages --> node_venv_lib_python3_12_site-packages_PyQt6["PyQt6"]\n    node_venv_lib_python3_12_site-packages_PyQt6 --> node_venv_lib_python3_12_site-packages_PyQt6_bindings["bindings"]\n    node_venv_lib_python3_12_site-packages_PyQt6_bindings --> node_venv_lib_python3_12_site-packages_PyQt6_bindings_QtOpenGL["QtOpenGL"]\n    node_venv_lib_python3_12_site-packages_PyQt6_bindings_QtOpenGL --> node_venv_lib_python3_12_site-packages_PyQt6_bindings_QtOpenGL_qopenglfunctions_es2_sip["qopenglfunctions_es2.sip"]\n    Root --> node_venv["venv"]\n    node_venv --> node_venv_lib["lib"]\n    node_venv_lib --> node_venv_lib_python3_12["python3.12"]\n    node_venv_lib_python3_12 --> node_venv_lib_python3_12_site-packages["site-packages"]\n    node_venv_lib_python3_12_site-packages --> node_venv_lib_python3_12_site-packages_PyQt6["PyQt6"]\n    node_venv_lib_python3_12_site-packages_PyQt6 --> node_venv_lib_python3_12_site-packages_PyQt6_bindings["bindings"]\n    node_venv_lib_python3_12_site-packages_PyQt6_bindings --> node_venv_lib_python3_12_site-packages_PyQt6_bindings_QtOpenGL["QtOpenGL"]\n    node_venv_lib_python3_12_site-packages_PyQt6_bindings_QtOpenGL --> node_venv_lib_python3_12_site-packages_PyQt6_bindings_QtOpenGL_qopenglpaintdevice_sip["qopenglpaintdevice.sip"]\n    Root --> node_venv["venv"]\n    node_venv --> node_venv_lib["lib"]\n    node_venv_lib --> node_venv_lib_python3_12["python3.12"]\n    node_venv_lib_python3_12 --> node_venv_lib_python3_12_site-packages["site-packages"]\n    node_venv_lib_python3_12_site-packages --> node_venv_lib_python3_12_site-packages_PyQt6["PyQt6"]\n    node_venv_lib_python3_12_site-packages_PyQt6 --> node_venv_lib_python3_12_site-packages_PyQt6_bindings["bindings"]\n    node_venv_lib_python3_12_site-packages_PyQt6_bindings --> node_venv_lib_python3_12_site-packages_PyQt6_bindings_QtOpenGL["QtOpenGL"]\n    node_venv_lib_python3_12_site-packages_PyQt6_bindings_QtOpenGL --> node_venv_lib_python3_12_site-packages_PyQt6_bindings_QtOpenGL_qopenglpixeltransferoptions_sip["qopenglpixeltransferoptions.sip"]\n    Root --> node_venv["venv"]\n    node_venv --> node_venv_lib["lib"]\n    node_venv_lib --> node_venv_lib_python3_12["python3.12"]\n    node_venv_lib_python3_12 --> node_venv_lib_python3_12_site-packages["site-packages"]\n    node_venv_lib_python3_12_site-packages --> node_venv_lib_python3_12_site-packages_PyQt6["PyQt6"]\n    node_venv_lib_python3_12_site-packages_PyQt6 --> node_venv_lib_python3_12_site-packages_PyQt6_bindings["bindings"]\n    node_venv_lib_python3_12_site-packages_PyQt6_bindings --> node_venv_lib_python3_12_site-packages_PyQt6_bindings_QtOpenGL["QtOpenGL"]\n    node_venv_lib_python3_12_site-packages_PyQt6_bindings_QtOpenGL --> node_venv_lib_python3_12_site-packages_PyQt6_bindings_QtOpenGL_qopenglshaderprogram_sip["qopenglshaderprogram.sip"]\n    Root --> node_venv["venv"]\n    node_venv --> node_venv_lib["lib"]\n    node_venv_lib --> node_venv_lib_python3_12["python3.12"]\n    node_venv_lib_python3_12 --> node_venv_lib_python3_12_site-packages["site-packages"]\n    node_venv_lib_python3_12_site-packages --> node_venv_lib_python3_12_site-packages_PyQt6["PyQt6"]\n    node_venv_lib_python3_12_site-packages_PyQt6 --> node_venv_lib_python3_12_site-packages_PyQt6_bindings["bindings"]\n    node_venv_lib_python3_12_site-packages_PyQt6_bindings --> node_venv_lib_python3_12_site-packages_PyQt6_bindings_QtOpenGL["QtOpenGL"]\n    node_venv_lib_python3_12_site-packages_PyQt6_bindings_QtOpenGL --> node_venv_lib_python3_12_site-packages_PyQt6_bindings_QtOpenGL_qopengltexture_sip["qopengltexture.sip"]\n    Root --> node_venv["venv"]\n    node_venv --> node_venv_lib["lib"]\n    node_venv_lib --> node_venv_lib_python3_12["python3.12"]\n    node_venv_lib_python3_12 --> node_venv_lib_python3_12_site-packages["site-packages"]\n    node_venv_lib_python3_12_site-packages --> node_venv_lib_python3_12_site-packages_PyQt6["PyQt6"]\n    node_venv_lib_python3_12_site-packages_PyQt6 --> node_venv_lib_python3_12_site-packages_PyQt6_bindings["bindings"]\n    node_venv_lib_python3_12_site-packages_PyQt6_bindings --> node_venv_lib_python3_12_site-packages_PyQt6_bindings_QtOpenGL["QtOpenGL"]\n    node_venv_lib_python3_12_site-packages_PyQt6_bindings_QtOpenGL --> node_venv_lib_python3_12_site-packages_PyQt6_bindings_QtOpenGL_qopengltextureblitter_sip["qopengltextureblitter.sip"]\n    Root --> node_venv["venv"]\n    node_venv --> node_venv_lib["lib"]\n    node_venv_lib --> node_venv_lib_python3_12["python3.12"]\n    node_venv_lib_python3_12 --> node_venv_lib_python3_12_site-packages["site-packages"]\n    node_venv_lib_python3_12_site-packages --> node_venv_lib_python3_12_site-packages_PyQt6["PyQt6"]\n    node_venv_lib_python3_12_site-packages_PyQt6 --> node_venv_lib_python3_12_site-packages_PyQt6_bindings["bindings"]\n    node_venv_lib_python3_12_site-packages_PyQt6_bindings --> node_venv_lib_python3_12_site-packages_PyQt6_bindings_QtOpenGL["QtOpenGL"]\n    node_venv_lib_python3_12_site-packages_PyQt6_bindings_QtOpenGL --> node_venv_lib_python3_12_site-packages_PyQt6_bindings_QtOpenGL_qopengltimerquery_sip["qopengltimerquery.sip"]\n    Root --> node_venv["venv"]\n    node_venv --> node_venv_lib["lib"]\n    node_venv_lib --> node_venv_lib_python3_12["python3.12"]\n    node_venv_lib_python3_12 --> node_venv_lib_python3_12_site-packages["site-packages"]\n    node_venv_lib_python3_12_site-packages --> node_venv_lib_python3_12_site-packages_PyQt6["PyQt6"]\n    node_venv_lib_python3_12_site-packages_PyQt6 --> node_venv_lib_python3_12_site-packages_PyQt6_bindings["bindings"]\n    node_venv_lib_python3_12_site-packages_PyQt6_bindings --> node_venv_lib_python3_12_site-packages_PyQt6_bindings_QtOpenGL["QtOpenGL"]\n    node_venv_lib_python3_12_site-packages_PyQt6_bindings_QtOpenGL --> node_venv_lib_python3_12_site-packages_PyQt6_bindings_QtOpenGL_qopenglversionfunctions_sip["qopenglversionfunctions.sip"]\n    Root --> node_venv["venv"]\n    node_venv --> node_venv_lib["lib"]\n    node_venv_lib --> node_venv_lib_python3_12["python3.12"]\n    node_venv_lib_python3_12 --> node_venv_lib_python3_12_site-packages["site-packages"]\n    node_venv_lib_python3_12_site-packages --> node_venv_lib_python3_12_site-packages_PyQt6["PyQt6"]\n    node_venv_lib_python3_12_site-packages_PyQt6 --> node_venv_lib_python3_12_site-packages_PyQt6_bindings["bindings"]\n    node_venv_lib_python3_12_site-packages_PyQt6_bindings --> node_venv_lib_python3_12_site-packages_PyQt6_bindings_QtOpenGL["QtOpenGL"]\n    node_venv_lib_python3_12_site-packages_PyQt6_bindings_QtOpenGL --> node_venv_lib_python3_12_site-packages_PyQt6_bindings_QtOpenGL_qopenglversionfunctionsfactory_sip["qopenglversionfunctionsfactory.sip"]\n    Root --> node_venv["venv"]\n    node_venv --> node_venv_lib["lib"]\n    node_venv_lib --> node_venv_lib_python3_12["python3.12"]\n    node_venv_lib_python3_12 --> node_venv_lib_python3_12_site-packages["site-packages"]\n    node_venv_lib_python3_12_site-packages --> node_venv_lib_python3_12_site-packages_PyQt6["PyQt6"]\n    node_venv_lib_python3_12_site-packages_PyQt6 --> node_venv_lib_python3_12_site-packages_PyQt6_bindings["bindings"]\n    node_venv_lib_python3_12_site-packages_PyQt6_bindings --> node_venv_lib_python3_12_site-packages_PyQt6_bindings_QtOpenGL["QtOpenGL"]\n    node_venv_lib_python3_12_site-packages_PyQt6_bindings_QtOpenGL --> node_venv_lib_python3_12_site-packages_PyQt6_bindings_QtOpenGL_qopenglversionprofile_sip["qopenglversionprofile.sip"]\n    Root --> node_venv["venv"]\n    node_venv --> node_venv_lib["lib"]\n    node_venv_lib --> node_venv_lib_python3_12["python3.12"]\n    node_venv_lib_python3_12 --> node_venv_lib_python3_12_site-packages["site-packages"]\n    node_venv_lib_python3_12_site-packages --> node_venv_lib_python3_12_site-packages_PyQt6["PyQt6"]\n    node_venv_lib_python3_12_site-packages_PyQt6 --> node_venv_lib_python3_12_site-packages_PyQt6_bindings["bindings"]\n    node_venv_lib_python3_12_site-packages_PyQt6_bindings --> node_venv_lib_python3_12_site-packages_PyQt6_bindings_QtOpenGL["QtOpenGL"]\n    node_venv_lib_python3_12_site-packages_PyQt6_bindings_QtOpenGL --> node_venv_lib_python3_12_site-packages_PyQt6_bindings_QtOpenGL_qopenglvertexarrayobject_sip["qopenglvertexarrayobject.sip"]\n    Root --> node_venv["venv"]\n    node_venv --> node_venv_lib["lib"]\n    node_venv_lib --> node_venv_lib_python3_12["python3.12"]\n    node_venv_lib_python3_12 --> node_venv_lib_python3_12_site-packages["site-packages"]\n    node_venv_lib_python3_12_site-packages --> node_venv_lib_python3_12_site-packages_PyQt6["PyQt6"]\n    node_venv_lib_python3_12_site-packages_PyQt6 --> node_venv_lib_python3_12_site-packages_PyQt6_bindings["bindings"]\n    node_venv_lib_python3_12_site-packages_PyQt6_bindings --> node_venv_lib_python3_12_site-packages_PyQt6_bindings_QtOpenGL["QtOpenGL"]\n    node_venv_lib_python3_12_site-packages_PyQt6_bindings_QtOpenGL --> node_venv_lib_python3_12_site-packages_PyQt6_bindings_QtOpenGL_qopenglwindow_sip["qopenglwindow.sip"]\n    Root --> node_venv["venv"]\n    node_venv --> node_venv_lib["lib"]\n    node_venv_lib --> node_venv_lib_python3_12["python3.12"]\n    node_venv_lib_python3_12 --> node_venv_lib_python3_12_site-packages["site-packages"]\n    node_venv_lib_python3_12_site-packages --> node_venv_lib_python3_12_site-packages_PyQt6["PyQt6"]\n    node_venv_lib_python3_12_site-packages_PyQt6 --> node_venv_lib_python3_12_site-packages_PyQt6_bindings["bindings"]\n    node_venv_lib_python3_12_site-packages_PyQt6_bindings --> node_venv_lib_python3_12_site-packages_PyQt6_bindings_QtOpenGL["QtOpenGL"]\n    node_venv_lib_python3_12_site-packages_PyQt6_bindings_QtOpenGL --> node_venv_lib_python3_12_site-packages_PyQt6_bindings_QtOpenGL_qpyopengl_qlist_sip["qpyopengl_qlist.sip"]\n    Root --> node_venv["venv"]\n    node_venv --> node_venv_lib["lib"]\n    node_venv_lib --> node_venv_lib_python3_12["python3.12"]\n    node_venv_lib_python3_12 --> node_venv_lib_python3_12_site-packages["site-packages"]\n    node_venv_lib_python3_12_site-packages --> node_venv_lib_python3_12_site-packages_PyQt6["PyQt6"]\n    node_venv_lib_python3_12_site-packages_PyQt6 --> node_venv_lib_python3_12_site-packages_PyQt6_bindings["bindings"]\n    node_venv_lib_python3_12_site-packages_PyQt6_bindings --> node_venv_lib_python3_12_site-packages_PyQt6_bindings_QtOpenGL["QtOpenGL"]\n    node_venv_lib_python3_12_site-packages_PyQt6_bindings_QtOpenGL --> node_venv_lib_python3_12_site-packages_PyQt6_bindings_QtOpenGL_qpyopengl_std_pair_sip["qpyopengl_std_pair.sip"]\n    Root --> node_venv["venv"]\n    node_venv --> node_venv_lib["lib"]\n    node_venv_lib --> node_venv_lib_python3_12["python3.12"]\n    node_venv_lib_python3_12 --> node_venv_lib_python3_12_site-packages["site-packages"]\n    node_venv_lib_python3_12_site-packages --> node_venv_lib_python3_12_site-packages_PyQt6["PyQt6"]\n    node_venv_lib_python3_12_site-packages_PyQt6 --> node_venv_lib_python3_12_site-packages_PyQt6_bindings["bindings"]\n    node_venv_lib_python3_12_site-packages_PyQt6_bindings --> node_venv_lib_python3_12_site-packages_PyQt6_bindings_QtQml["QtQml"]\n    node_venv_lib_python3_12_site-packages_PyQt6_bindings_QtQml --> node_venv_lib_python3_12_site-packages_PyQt6_bindings_QtQml_QtQml_toml["QtQml.toml"]\n    Root --> node_venv["venv"]\n    node_venv --> node_venv_lib["lib"]\n    node_venv_lib --> node_venv_lib_python3_12["python3.12"]\n    node_venv_lib_python3_12 --> node_venv_lib_python3_12_site-packages["site-packages"]\n    node_venv_lib_python3_12_site-packages --> node_venv_lib_python3_12_site-packages_PyQt6["PyQt6"]\n    node_venv_lib_python3_12_site-packages_PyQt6 --> node_venv_lib_python3_12_site-packages_PyQt6_bindings["bindings"]\n    node_venv_lib_python3_12_site-packages_PyQt6_bindings --> node_venv_lib_python3_12_site-packages_PyQt6_bindings_QtQml["QtQml"]\n    node_venv_lib_python3_12_site-packages_PyQt6_bindings_QtQml --> node_venv_lib_python3_12_site-packages_PyQt6_bindings_QtQml_QtQmlmod_sip["QtQmlmod.sip"]\n    Root --> node_venv["venv"]\n    node_venv --> node_venv_lib["lib"]\n    node_venv_lib --> node_venv_lib_python3_12["python3.12"]\n    node_venv_lib_python3_12 --> node_venv_lib_python3_12_site-packages["site-packages"]\n    node_venv_lib_python3_12_site-packages --> node_venv_lib_python3_12_site-packages_PyQt6["PyQt6"]\n    node_venv_lib_python3_12_site-packages_PyQt6 --> node_venv_lib_python3_12_site-packages_PyQt6_bindings["bindings"]\n    node_venv_lib_python3_12_site-packages_PyQt6_bindings --> node_venv_lib_python3_12_site-packages_PyQt6_bindings_QtQml["QtQml"]\n    node_venv_lib_python3_12_site-packages_PyQt6_bindings_QtQml --> node_venv_lib_python3_12_site-packages_PyQt6_bindings_QtQml_qjsengine_sip["qjsengine.sip"]\n    Root --> node_venv["venv"]\n    node_venv --> node_venv_lib["lib"]\n    node_venv_lib --> node_venv_lib_python3_12["python3.12"]\n    node_venv_lib_python3_12 --> node_venv_lib_python3_12_site-packages["site-packages"]\n    node_venv_lib_python3_12_site-packages --> node_venv_lib_python3_12_site-packages_PyQt6["PyQt6"]\n    node_venv_lib_python3_12_site-packages_PyQt6 --> node_venv_lib_python3_12_site-packages_PyQt6_bindings["bindings"]\n    node_venv_lib_python3_12_site-packages_PyQt6_bindings --> node_venv_lib_python3_12_site-packages_PyQt6_bindings_QtQml["QtQml"]\n    node_venv_lib_python3_12_site-packages_PyQt6_bindings_QtQml --> node_venv_lib_python3_12_site-packages_PyQt6_bindings_QtQml_qjsmanagedvalue_sip["qjsmanagedvalue.sip"]\n    Root --> node_venv["venv"]\n    node_venv --> node_venv_lib["lib"]\n    node_venv_lib --> node_venv_lib_python3_12["python3.12"]\n    node_venv_lib_python3_12 --> node_venv_lib_python3_12_site-packages["site-packages"]\n    node_venv_lib_python3_12_site-packages --> node_venv_lib_python3_12_site-packages_PyQt6["PyQt6"]\n    node_venv_lib_python3_12_site-packages_PyQt6 --> node_venv_lib_python3_12_site-packages_PyQt6_bindings["bindings"]\n    node_venv_lib_python3_12_site-packages_PyQt6_bindings --> node_venv_lib_python3_12_site-packages_PyQt6_bindings_QtQml["QtQml"]\n    node_venv_lib_python3_12_site-packages_PyQt6_bindings_QtQml --> node_venv_lib_python3_12_site-packages_PyQt6_bindings_QtQml_qjsprimitivevalue_sip["qjsprimitivevalue.sip"]\n    Root --> node_venv["venv"]\n    node_venv --> node_venv_lib["lib"]\n    node_venv_lib --> node_venv_lib_python3_12["python3.12"]\n    node_venv_lib_python3_12 --> node_venv_lib_python3_12_site-packages["site-packages"]\n    node_venv_lib_python3_12_site-packages --> node_venv_lib_python3_12_site-packages_PyQt6["PyQt6"]\n    node_venv_lib_python3_12_site-packages_PyQt6 --> node_venv_lib_python3_12_site-packages_PyQt6_bindings["bindings"]\n    node_venv_lib_python3_12_site-packages_PyQt6_bindings --> node_venv_lib_python3_12_site-packages_PyQt6_bindings_QtQml["QtQml"]\n    node_venv_lib_python3_12_site-packages_PyQt6_bindings_QtQml --> node_venv_lib_python3_12_site-packages_PyQt6_bindings_QtQml_qjsvalue_sip["qjsvalue.sip"]\n    Root --> node_venv["venv"]\n    node_venv --> node_venv_lib["lib"]\n    node_venv_lib --> node_venv_lib_python3_12["python3.12"]\n    node_venv_lib_python3_12 --> node_venv_lib_python3_12_site-packages["site-packages"]\n    node_venv_lib_python3_12_site-packages --> node_venv_lib_python3_12_site-packages_PyQt6["PyQt6"]\n    node_venv_lib_python3_12_site-packages_PyQt6 --> node_venv_lib_python3_12_site-packages_PyQt6_bindings["bindings"]\n    node_venv_lib_python3_12_site-packages_PyQt6_bindings --> node_venv_lib_python3_12_site-packages_PyQt6_bindings_QtQml["QtQml"]\n    node_venv_lib_python3_12_site-packages_PyQt6_bindings_QtQml --> node_venv_lib_python3_12_site-packages_PyQt6_bindings_QtQml_qjsvalueiterator_sip["qjsvalueiterator.sip"]\n    Root --> node_venv["venv"]\n    node_venv --> node_venv_lib["lib"]\n    node_venv_lib --> node_venv_lib_python3_12["python3.12"]\n    node_venv_lib_python3_12 --> node_venv_lib_python3_12_site-packages["site-packages"]\n    node_venv_lib_python3_12_site-packages --> node_venv_lib_python3_12_site-packages_PyQt6["PyQt6"]\n    node_venv_lib_python3_12_site-packages_PyQt6 --> node_venv_lib_python3_12_site-packages_PyQt6_bindings["bindings"]\n    node_venv_lib_python3_12_site-packages_PyQt6_bindings --> node_venv_lib_python3_12_site-packages_PyQt6_bindings_QtQml["QtQml"]\n    node_venv_lib_python3_12_site-packages_PyQt6_bindings_QtQml --> node_venv_lib_python3_12_site-packages_PyQt6_bindings_QtQml_qmlattachedpropertiesobject_sip["qmlattachedpropertiesobject.sip"]\n    Root --> node_venv["venv"]\n    node_venv --> node_venv_lib["lib"]\n    node_venv_lib --> node_venv_lib_python3_12["python3.12"]\n    node_venv_lib_python3_12 --> node_venv_lib_python3_12_site-packages["site-packages"]\n    node_venv_lib_python3_12_site-packages --> node_venv_lib_python3_12_site-packages_PyQt6["PyQt6"]\n    node_venv_lib_python3_12_site-packages_PyQt6 --> node_venv_lib_python3_12_site-packages_PyQt6_bindings["bindings"]\n    node_venv_lib_python3_12_site-packages_PyQt6_bindings --> node_venv_lib_python3_12_site-packages_PyQt6_bindings_QtQml["QtQml"]\n    node_venv_lib_python3_12_site-packages_PyQt6_bindings_QtQml --> node_venv_lib_python3_12_site-packages_PyQt6_bindings_QtQml_qmlregistertype_sip["qmlregistertype.sip"]\n    Root --> node_venv["venv"]\n    node_venv --> node_venv_lib["lib"]\n    node_venv_lib --> node_venv_lib_python3_12["python3.12"]\n    node_venv_lib_python3_12 --> node_venv_lib_python3_12_site-packages["site-packages"]\n    node_venv_lib_python3_12_site-packages --> node_venv_lib_python3_12_site-packages_PyQt6["PyQt6"]\n    node_venv_lib_python3_12_site-packages_PyQt6 --> node_venv_lib_python3_12_site-packages_PyQt6_bindings["bindings"]\n    node_venv_lib_python3_12_site-packages_PyQt6_bindings --> node_venv_lib_python3_12_site-packages_PyQt6_bindings_QtQml["QtQml"]\n    node_venv_lib_python3_12_site-packages_PyQt6_bindings_QtQml --> node_venv_lib_python3_12_site-packages_PyQt6_bindings_QtQml_qpyqmllistproperty_sip["qpyqmllistproperty.sip"]\n    Root --> node_venv["venv"]\n    node_venv --> node_venv_lib["lib"]\n    node_venv_lib --> node_venv_lib_python3_12["python3.12"]\n    node_venv_lib_python3_12 --> node_venv_lib_python3_12_site-packages["site-packages"]\n    node_venv_lib_python3_12_site-packages --> node_venv_lib_python3_12_site-packages_PyQt6["PyQt6"]\n    node_venv_lib_python3_12_site-packages_PyQt6 --> node_venv_lib_python3_12_site-packages_PyQt6_bindings["bindings"]\n    node_venv_lib_python3_12_site-packages_PyQt6_bindings --> node_venv_lib_python3_12_site-packages_PyQt6_bindings_QtQml["QtQml"]\n    node_venv_lib_python3_12_site-packages_PyQt6_bindings_QtQml --> node_venv_lib_python3_12_site-packages_PyQt6_bindings_QtQml_qqml_sip["qqml.sip"]\n    Root --> node_venv["venv"]\n    node_venv --> node_venv_lib["lib"]\n    node_venv_lib --> node_venv_lib_python3_12["python3.12"]\n    node_venv_lib_python3_12 --> node_venv_lib_python3_12_site-packages["site-packages"]\n    node_venv_lib_python3_12_site-packages --> node_venv_lib_python3_12_site-packages_PyQt6["PyQt6"]\n    node_venv_lib_python3_12_site-packages_PyQt6 --> node_venv_lib_python3_12_site-packages_PyQt6_bindings["bindings"]\n    node_venv_lib_python3_12_site-packages_PyQt6_bindings --> node_venv_lib_python3_12_site-packages_PyQt6_bindings_QtQml["QtQml"]\n    node_venv_lib_python3_12_site-packages_PyQt6_bindings_QtQml --> node_venv_lib_python3_12_site-packages_PyQt6_bindings_QtQml_qqmlabstracturlinterceptor_sip["qqmlabstracturlinterceptor.sip"]\n    Root --> node_venv["venv"]\n    node_venv --> node_venv_lib["lib"]\n    node_venv_lib --> node_venv_lib_python3_12["python3.12"]\n    node_venv_lib_python3_12 --> node_venv_lib_python3_12_site-packages["site-packages"]\n    node_venv_lib_python3_12_site-packages --> node_venv_lib_python3_12_site-packages_PyQt6["PyQt6"]\n    node_venv_lib_python3_12_site-packages_PyQt6 --> node_venv_lib_python3_12_site-packages_PyQt6_bindings["bindings"]\n    node_venv_lib_python3_12_site-packages_PyQt6_bindings --> node_venv_lib_python3_12_site-packages_PyQt6_bindings_QtQml["QtQml"]\n    node_venv_lib_python3_12_site-packages_PyQt6_bindings_QtQml --> node_venv_lib_python3_12_site-packages_PyQt6_bindings_QtQml_qqmlapplicationengine_sip["qqmlapplicationengine.sip"]\n    Root --> node_venv["venv"]\n    node_venv --> node_venv_lib["lib"]\n    node_venv_lib --> node_venv_lib_python3_12["python3.12"]\n    node_venv_lib_python3_12 --> node_venv_lib_python3_12_site-packages["site-packages"]\n    node_venv_lib_python3_12_site-packages --> node_venv_lib_python3_12_site-packages_PyQt6["PyQt6"]\n    node_venv_lib_python3_12_site-packages_PyQt6 --> node_venv_lib_python3_12_site-packages_PyQt6_bindings["bindings"]\n    node_venv_lib_python3_12_site-packages_PyQt6_bindings --> node_venv_lib_python3_12_site-packages_PyQt6_bindings_QtQml["QtQml"]\n    node_venv_lib_python3_12_site-packages_PyQt6_bindings_QtQml --> node_venv_lib_python3_12_site-packages_PyQt6_bindings_QtQml_qqmlcomponent_sip["qqmlcomponent.sip"]\n    Root --> node_venv["venv"]\n    node_venv --> node_venv_lib["lib"]\n    node_venv_lib --> node_venv_lib_python3_12["python3.12"]\n    node_venv_lib_python3_12 --> node_venv_lib_python3_12_site-packages["site-packages"]\n    node_venv_lib_python3_12_site-packages --> node_venv_lib_python3_12_site-packages_PyQt6["PyQt6"]\n    node_venv_lib_python3_12_site-packages_PyQt6 --> node_venv_lib_python3_12_site-packages_PyQt6_bindings["bindings"]\n    node_venv_lib_python3_12_site-packages_PyQt6_bindings --> node_venv_lib_python3_12_site-packages_PyQt6_bindings_QtQml["QtQml"]\n    node_venv_lib_python3_12_site-packages_PyQt6_bindings_QtQml --> node_venv_lib_python3_12_site-packages_PyQt6_bindings_QtQml_qqmlcontext_sip["qqmlcontext.sip"]\n    Root --> node_venv["venv"]\n    node_venv --> node_venv_lib["lib"]\n    node_venv_lib --> node_venv_lib_python3_12["python3.12"]\n    node_venv_lib_python3_12 --> node_venv_lib_python3_12_site-packages["site-packages"]\n    node_venv_lib_python3_12_site-packages --> node_venv_lib_python3_12_site-packages_PyQt6["PyQt6"]\n    node_venv_lib_python3_12_site-packages_PyQt6 --> node_venv_lib_python3_12_site-packages_PyQt6_bindings["bindings"]\n    node_venv_lib_python3_12_site-packages_PyQt6_bindings --> node_venv_lib_python3_12_site-packages_PyQt6_bindings_QtQml["QtQml"]\n    node_venv_lib_python3_12_site-packages_PyQt6_bindings_QtQml --> node_venv_lib_python3_12_site-packages_PyQt6_bindings_QtQml_qqmlengine_sip["qqmlengine.sip"]\n    Root --> node_venv["venv"]\n    node_venv --> node_venv_lib["lib"]\n    node_venv_lib --> node_venv_lib_python3_12["python3.12"]\n    node_venv_lib_python3_12 --> node_venv_lib_python3_12_site-packages["site-packages"]\n    node_venv_lib_python3_12_site-packages --> node_venv_lib_python3_12_site-packages_PyQt6["PyQt6"]\n    node_venv_lib_python3_12_site-packages_PyQt6 --> node_venv_lib_python3_12_site-packages_PyQt6_bindings["bindings"]\n    node_venv_lib_python3_12_site-packages_PyQt6_bindings --> node_venv_lib_python3_12_site-packages_PyQt6_bindings_QtQml["QtQml"]\n    node_venv_lib_python3_12_site-packages_PyQt6_bindings_QtQml --> node_venv_lib_python3_12_site-packages_PyQt6_bindings_QtQml_qqmlerror_sip["qqmlerror.sip"]\n    Root --> node_venv["venv"]\n    node_venv --> node_venv_lib["lib"]\n    node_venv_lib --> node_venv_lib_python3_12["python3.12"]\n    node_venv_lib_python3_12 --> node_venv_lib_python3_12_site-packages["site-packages"]\n    node_venv_lib_python3_12_site-packages --> node_venv_lib_python3_12_site-packages_PyQt6["PyQt6"]\n    node_venv_lib_python3_12_site-packages_PyQt6 --> node_venv_lib_python3_12_site-packages_PyQt6_bindings["bindings"]\n    node_venv_lib_python3_12_site-packages_PyQt6_bindings --> node_venv_lib_python3_12_site-packages_PyQt6_bindings_QtQml["QtQml"]\n    node_venv_lib_python3_12_site-packages_PyQt6_bindings_QtQml --> node_venv_lib_python3_12_site-packages_PyQt6_bindings_QtQml_qqmlexpression_sip["qqmlexpression.sip"]\n    Root --> node_venv["venv"]\n    node_venv --> node_venv_lib["lib"]\n    node_venv_lib --> node_venv_lib_python3_12["python3.12"]\n    node_venv_lib_python3_12 --> node_venv_lib_python3_12_site-packages["site-packages"]\n    node_venv_lib_python3_12_site-packages --> node_venv_lib_python3_12_site-packages_PyQt6["PyQt6"]\n    node_venv_lib_python3_12_site-packages_PyQt6 --> node_venv_lib_python3_12_site-packages_PyQt6_bindings["bindings"]\n    node_venv_lib_python3_12_site-packages_PyQt6_bindings --> node_venv_lib_python3_12_site-packages_PyQt6_bindings_QtQml["QtQml"]\n    node_venv_lib_python3_12_site-packages_PyQt6_bindings_QtQml --> node_venv_lib_python3_12_site-packages_PyQt6_bindings_QtQml_qqmlextensionplugin_sip["qqmlextensionplugin.sip"]\n    Root --> node_venv["venv"]\n    node_venv --> node_venv_lib["lib"]\n    node_venv_lib --> node_venv_lib_python3_12["python3.12"]\n    node_venv_lib_python3_12 --> node_venv_lib_python3_12_site-packages["site-packages"]\n    node_venv_lib_python3_12_site-packages --> node_venv_lib_python3_12_site-packages_PyQt6["PyQt6"]\n    node_venv_lib_python3_12_site-packages_PyQt6 --> node_venv_lib_python3_12_site-packages_PyQt6_bindings["bindings"]\n    node_venv_lib_python3_12_site-packages_PyQt6_bindings --> node_venv_lib_python3_12_site-packages_PyQt6_bindings_QtQml["QtQml"]\n    node_venv_lib_python3_12_site-packages_PyQt6_bindings_QtQml --> node_venv_lib_python3_12_site-packages_PyQt6_bindings_QtQml_qqmlfileselector_sip["qqmlfileselector.sip"]\n    Root --> node_venv["venv"]\n    node_venv --> node_venv_lib["lib"]\n    node_venv_lib --> node_venv_lib_python3_12["python3.12"]\n    node_venv_lib_python3_12 --> node_venv_lib_python3_12_site-packages["site-packages"]\n    node_venv_lib_python3_12_site-packages --> node_venv_lib_python3_12_site-packages_PyQt6["PyQt6"]\n    node_venv_lib_python3_12_site-packages_PyQt6 --> node_venv_lib_python3_12_site-packages_PyQt6_bindings["bindings"]\n    node_venv_lib_python3_12_site-packages_PyQt6_bindings --> node_venv_lib_python3_12_site-packages_PyQt6_bindings_QtQml["QtQml"]\n    node_venv_lib_python3_12_site-packages_PyQt6_bindings_QtQml --> node_venv_lib_python3_12_site-packages_PyQt6_bindings_QtQml_qqmlincubator_sip["qqmlincubator.sip"]\n    Root --> node_venv["venv"]\n    node_venv --> node_venv_lib["lib"]\n    node_venv_lib --> node_venv_lib_python3_12["python3.12"]\n    node_venv_lib_python3_12 --> node_venv_lib_python3_12_site-packages["site-packages"]\n    node_venv_lib_python3_12_site-packages --> node_venv_lib_python3_12_site-packages_PyQt6["PyQt6"]\n    node_venv_lib_python3_12_site-packages_PyQt6 --> node_venv_lib_python3_12_site-packages_PyQt6_bindings["bindings"]\n    node_venv_lib_python3_12_site-packages_PyQt6_bindings --> node_venv_lib_python3_12_site-packages_PyQt6_bindings_QtQml["QtQml"]\n    node_venv_lib_python3_12_site-packages_PyQt6_bindings_QtQml --> node_venv_lib_python3_12_site-packages_PyQt6_bindings_QtQml_qqmllist_sip["qqmllist.sip"]\n    Root --> node_venv["venv"]\n    node_venv --> node_venv_lib["lib"]\n    node_venv_lib --> node_venv_lib_python3_12["python3.12"]\n    node_venv_lib_python3_12 --> node_venv_lib_python3_12_site-packages["site-packages"]\n    node_venv_lib_python3_12_site-packages --> node_venv_lib_python3_12_site-packages_PyQt6["PyQt6"]\n    node_venv_lib_python3_12_site-packages_PyQt6 --> node_venv_lib_python3_12_site-packages_PyQt6_bindings["bindings"]\n    node_venv_lib_python3_12_site-packages_PyQt6_bindings --> node_venv_lib_python3_12_site-packages_PyQt6_bindings_QtQml["QtQml"]\n    node_venv_lib_python3_12_site-packages_PyQt6_bindings_QtQml --> node_venv_lib_python3_12_site-packages_PyQt6_bindings_QtQml_qqmlnetworkaccessmanagerfactory_sip["qqmlnetworkaccessmanagerfactory.sip"]\n    Root --> node_venv["venv"]\n    node_venv --> node_venv_lib["lib"]\n    node_venv_lib --> node_venv_lib_python3_12["python3.12"]\n    node_venv_lib_python3_12 --> node_venv_lib_python3_12_site-packages["site-packages"]\n    node_venv_lib_python3_12_site-packages --> node_venv_lib_python3_12_site-packages_PyQt6["PyQt6"]\n    node_venv_lib_python3_12_site-packages_PyQt6 --> node_venv_lib_python3_12_site-packages_PyQt6_bindings["bindings"]\n    node_venv_lib_python3_12_site-packages_PyQt6_bindings --> node_venv_lib_python3_12_site-packages_PyQt6_bindings_QtQml["QtQml"]\n    node_venv_lib_python3_12_site-packages_PyQt6_bindings_QtQml --> node_venv_lib_python3_12_site-packages_PyQt6_bindings_QtQml_qqmlparserstatus_sip["qqmlparserstatus.sip"]\n    Root --> node_venv["venv"]\n    node_venv --> node_venv_lib["lib"]\n    node_venv_lib --> node_venv_lib_python3_12["python3.12"]\n    node_venv_lib_python3_12 --> node_venv_lib_python3_12_site-packages["site-packages"]\n    node_venv_lib_python3_12_site-packages --> node_venv_lib_python3_12_site-packages_PyQt6["PyQt6"]\n    node_venv_lib_python3_12_site-packages_PyQt6 --> node_venv_lib_python3_12_site-packages_PyQt6_bindings["bindings"]\n    node_venv_lib_python3_12_site-packages_PyQt6_bindings --> node_venv_lib_python3_12_site-packages_PyQt6_bindings_QtQml["QtQml"]\n    node_venv_lib_python3_12_site-packages_PyQt6_bindings_QtQml --> node_venv_lib_python3_12_site-packages_PyQt6_bindings_QtQml_qqmlproperty_sip["qqmlproperty.sip"]\n    Root --> node_venv["venv"]\n    node_venv --> node_venv_lib["lib"]\n    node_venv_lib --> node_venv_lib_python3_12["python3.12"]\n    node_venv_lib_python3_12 --> node_venv_lib_python3_12_site-packages["site-packages"]\n    node_venv_lib_python3_12_site-packages --> node_venv_lib_python3_12_site-packages_PyQt6["PyQt6"]\n    node_venv_lib_python3_12_site-packages_PyQt6 --> node_venv_lib_python3_12_site-packages_PyQt6_bindings["bindings"]\n    node_venv_lib_python3_12_site-packages_PyQt6_bindings --> node_venv_lib_python3_12_site-packages_PyQt6_bindings_QtQml["QtQml"]\n    node_venv_lib_python3_12_site-packages_PyQt6_bindings_QtQml --> node_venv_lib_python3_12_site-packages_PyQt6_bindings_QtQml_qqmlpropertymap_sip["qqmlpropertymap.sip"]\n    Root --> node_venv["venv"]\n    node_venv --> node_venv_lib["lib"]\n    node_venv_lib --> node_venv_lib_python3_12["python3.12"]\n    node_venv_lib_python3_12 --> node_venv_lib_python3_12_site-packages["site-packages"]\n    node_venv_lib_python3_12_site-packages --> node_venv_lib_python3_12_site-packages_PyQt6["PyQt6"]\n    node_venv_lib_python3_12_site-packages_PyQt6 --> node_venv_lib_python3_12_site-packages_PyQt6_bindings["bindings"]\n    node_venv_lib_python3_12_site-packages_PyQt6_bindings --> node_venv_lib_python3_12_site-packages_PyQt6_bindings_QtQml["QtQml"]\n    node_venv_lib_python3_12_site-packages_PyQt6_bindings_QtQml --> node_venv_lib_python3_12_site-packages_PyQt6_bindings_QtQml_qqmlpropertyvaluesource_sip["qqmlpropertyvaluesource.sip"]\n    Root --> node_venv["venv"]\n    node_venv --> node_venv_lib["lib"]\n    node_venv_lib --> node_venv_lib_python3_12["python3.12"]\n    node_venv_lib_python3_12 --> node_venv_lib_python3_12_site-packages["site-packages"]\n    node_venv_lib_python3_12_site-packages --> node_venv_lib_python3_12_site-packages_PyQt6["PyQt6"]\n    node_venv_lib_python3_12_site-packages_PyQt6 --> node_venv_lib_python3_12_site-packages_PyQt6_bindings["bindings"]\n    node_venv_lib_python3_12_site-packages_PyQt6_bindings --> node_venv_lib_python3_12_site-packages_PyQt6_bindings_QtQml["QtQml"]\n    node_venv_lib_python3_12_site-packages_PyQt6_bindings_QtQml --> node_venv_lib_python3_12_site-packages_PyQt6_bindings_QtQml_qqmlscriptstring_sip["qqmlscriptstring.sip"]\n    Root --> node_venv["venv"]\n    node_venv --> node_venv_lib["lib"]\n    node_venv_lib --> node_venv_lib_python3_12["python3.12"]\n    node_venv_lib_python3_12 --> node_venv_lib_python3_12_site-packages["site-packages"]\n    node_venv_lib_python3_12_site-packages --> node_venv_lib_python3_12_site-packages_PyQt6["PyQt6"]\n    node_venv_lib_python3_12_site-packages_PyQt6 --> node_venv_lib_python3_12_site-packages_PyQt6_bindings["bindings"]\n    node_venv_lib_python3_12_site-packages_PyQt6_bindings --> node_venv_lib_python3_12_site-packages_PyQt6_bindings_QtBluetooth["QtBluetooth"]\n    node_venv_lib_python3_12_site-packages_PyQt6_bindings_QtBluetooth --> node_venv_lib_python3_12_site-packages_PyQt6_bindings_QtBluetooth_QtBluetooth_toml["QtBluetooth.toml"]\n    Root --> node_venv["venv"]\n    node_venv --> node_venv_lib["lib"]\n    node_venv_lib --> node_venv_lib_python3_12["python3.12"]\n    node_venv_lib_python3_12 --> node_venv_lib_python3_12_site-packages["site-packages"]\n    node_venv_lib_python3_12_site-packages --> node_venv_lib_python3_12_site-packages_PyQt6["PyQt6"]\n    node_venv_lib_python3_12_site-packages_PyQt6 --> node_venv_lib_python3_12_site-packages_PyQt6_bindings["bindings"]\n    node_venv_lib_python3_12_site-packages_PyQt6_bindings --> node_venv_lib_python3_12_site-packages_PyQt6_bindings_QtBluetooth["QtBluetooth"]\n    node_venv_lib_python3_12_site-packages_PyQt6_bindings_QtBluetooth --> node_venv_lib_python3_12_site-packages_PyQt6_bindings_QtBluetooth_QtBluetoothmod_sip["QtBluetoothmod.sip"]\n    Root --> node_venv["venv"]\n    node_venv --> node_venv_lib["lib"]\n    node_venv_lib --> node_venv_lib_python3_12["python3.12"]\n    node_venv_lib_python3_12 --> node_venv_lib_python3_12_site-packages["site-packages"]\n    node_venv_lib_python3_12_site-packages --> node_venv_lib_python3_12_site-packages_PyQt6["PyQt6"]\n    node_venv_lib_python3_12_site-packages_PyQt6 --> node_venv_lib_python3_12_site-packages_PyQt6_bindings["bindings"]\n    node_venv_lib_python3_12_site-packages_PyQt6_bindings --> node_venv_lib_python3_12_site-packages_PyQt6_bindings_QtBluetooth["QtBluetooth"]\n    node_venv_lib_python3_12_site-packages_PyQt6_bindings_QtBluetooth --> node_venv_lib_python3_12_site-packages_PyQt6_bindings_QtBluetooth_qbluetooth_sip["qbluetooth.sip"]\n    Root --> node_venv["venv"]\n    node_venv --> node_venv_lib["lib"]\n    node_venv_lib --> node_venv_lib_python3_12["python3.12"]\n    node_venv_lib_python3_12 --> node_venv_lib_python3_12_site-packages["site-packages"]\n    node_venv_lib_python3_12_site-packages --> node_venv_lib_python3_12_site-packages_PyQt6["PyQt6"]\n    node_venv_lib_python3_12_site-packages_PyQt6 --> node_venv_lib_python3_12_site-packages_PyQt6_bindings["bindings"]\n    node_venv_lib_python3_12_site-packages_PyQt6_bindings --> node_venv_lib_python3_12_site-packages_PyQt6_bindings_QtBluetooth["QtBluetooth"]\n    node_venv_lib_python3_12_site-packages_PyQt6_bindings_QtBluetooth --> node_venv_lib_python3_12_site-packages_PyQt6_bindings_QtBluetooth_qbluetoothaddress_sip["qbluetoothaddress.sip"]\n    Root --> node_venv["venv"]\n    node_venv --> node_venv_lib["lib"]\n    node_venv_lib --> node_venv_lib_python3_12["python3.12"]\n    node_venv_lib_python3_12 --> node_venv_lib_python3_12_site-packages["site-packages"]\n    node_venv_lib_python3_12_site-packages --> node_venv_lib_python3_12_site-packages_PyQt6["PyQt6"]\n    node_venv_lib_python3_12_site-packages_PyQt6 --> node_venv_lib_python3_12_site-packages_PyQt6_bindings["bindings"]\n    node_venv_lib_python3_12_site-packages_PyQt6_bindings --> node_venv_lib_python3_12_site-packages_PyQt6_bindings_QtBluetooth["QtBluetooth"]\n    node_venv_lib_python3_12_site-packages_PyQt6_bindings_QtBluetooth --> node_venv_lib_python3_12_site-packages_PyQt6_bindings_QtBluetooth_qbluetoothdevicediscoveryagent_sip["qbluetoothdevicediscoveryagent.sip"]\n    Root --> node_venv["venv"]\n    node_venv --> node_venv_lib["lib"]\n    node_venv_lib --> node_venv_lib_python3_12["python3.12"]\n    node_venv_lib_python3_12 --> node_venv_lib_python3_12_site-packages["site-packages"]\n    node_venv_lib_python3_12_site-packages --> node_venv_lib_python3_12_site-packages_PyQt6["PyQt6"]\n    node_venv_lib_python3_12_site-packages_PyQt6 --> node_venv_lib_python3_12_site-packages_PyQt6_bindings["bindings"]\n    node_venv_lib_python3_12_site-packages_PyQt6_bindings --> node_venv_lib_python3_12_site-packages_PyQt6_bindings_QtBluetooth["QtBluetooth"]\n    node_venv_lib_python3_12_site-packages_PyQt6_bindings_QtBluetooth --> node_venv_lib_python3_12_site-packages_PyQt6_bindings_QtBluetooth_qbluetoothdeviceinfo_sip["qbluetoothdeviceinfo.sip"]\n    Root --> node_venv["venv"]\n    node_venv --> node_venv_lib["lib"]\n    node_venv_lib --> node_venv_lib_python3_12["python3.12"]\n    node_venv_lib_python3_12 --> node_venv_lib_python3_12_site-packages["site-packages"]\n    node_venv_lib_python3_12_site-packages --> node_venv_lib_python3_12_site-packages_PyQt6["PyQt6"]\n    node_venv_lib_python3_12_site-packages_PyQt6 --> node_venv_lib_python3_12_site-packages_PyQt6_bindings["bindings"]\n    node_venv_lib_python3_12_site-packages_PyQt6_bindings --> node_venv_lib_python3_12_site-packages_PyQt6_bindings_QtBluetooth["QtBluetooth"]\n    node_venv_lib_python3_12_site-packages_PyQt6_bindings_QtBluetooth --> node_venv_lib_python3_12_site-packages_PyQt6_bindings_QtBluetooth_qbluetoothhostinfo_sip["qbluetoothhostinfo.sip"]\n    Root --> node_venv["venv"]\n    node_venv --> node_venv_lib["lib"]\n    node_venv_lib --> node_venv_lib_python3_12["python3.12"]\n    node_venv_lib_python3_12 --> node_venv_lib_python3_12_site-packages["site-packages"]\n    node_venv_lib_python3_12_site-packages --> node_venv_lib_python3_12_site-packages_PyQt6["PyQt6"]\n    node_venv_lib_python3_12_site-packages_PyQt6 --> node_venv_lib_python3_12_site-packages_PyQt6_bindings["bindings"]\n    node_venv_lib_python3_12_site-packages_PyQt6_bindings --> node_venv_lib_python3_12_site-packages_PyQt6_bindings_QtBluetooth["QtBluetooth"]\n    node_venv_lib_python3_12_site-packages_PyQt6_bindings_QtBluetooth --> node_venv_lib_python3_12_site-packages_PyQt6_bindings_QtBluetooth_qbluetoothlocaldevice_sip["qbluetoothlocaldevice.sip"]\n    Root --> node_venv["venv"]\n    node_venv --> node_venv_lib["lib"]\n    node_venv_lib --> node_venv_lib_python3_12["python3.12"]\n    node_venv_lib_python3_12 --> node_venv_lib_python3_12_site-packages["site-packages"]\n    node_venv_lib_python3_12_site-packages --> node_venv_lib_python3_12_site-packages_PyQt6["PyQt6"]\n    node_venv_lib_python3_12_site-packages_PyQt6 --> node_venv_lib_python3_12_site-packages_PyQt6_bindings["bindings"]\n    node_venv_lib_python3_12_site-packages_PyQt6_bindings --> node_venv_lib_python3_12_site-packages_PyQt6_bindings_QtBluetooth["QtBluetooth"]\n    node_venv_lib_python3_12_site-packages_PyQt6_bindings_QtBluetooth --> node_venv_lib_python3_12_site-packages_PyQt6_bindings_QtBluetooth_qbluetoothserver_sip["qbluetoothserver.sip"]\n    Root --> node_venv["venv"]\n    node_venv --> node_venv_lib["lib"]\n    node_venv_lib --> node_venv_lib_python3_12["python3.12"]\n    node_venv_lib_python3_12 --> node_venv_lib_python3_12_site-packages["site-packages"]\n    node_venv_lib_python3_12_site-packages --> node_venv_lib_python3_12_site-packages_PyQt6["PyQt6"]\n    node_venv_lib_python3_12_site-packages_PyQt6 --> node_venv_lib_python3_12_site-packages_PyQt6_bindings["bindings"]\n    node_venv_lib_python3_12_site-packages_PyQt6_bindings --> node_venv_lib_python3_12_site-packages_PyQt6_bindings_QtBluetooth["QtBluetooth"]\n    node_venv_lib_python3_12_site-packages_PyQt6_bindings_QtBluetooth --> node_venv_lib_python3_12_site-packages_PyQt6_bindings_QtBluetooth_qbluetoothservicediscoveryagent_sip["qbluetoothservicediscoveryagent.sip"]\n    Root --> node_venv["venv"]\n    node_venv --> node_venv_lib["lib"]\n    node_venv_lib --> node_venv_lib_python3_12["python3.12"]\n    node_venv_lib_python3_12 --> node_venv_lib_python3_12_site-packages["site-packages"]\n    node_venv_lib_python3_12_site-packages --> node_venv_lib_python3_12_site-packages_PyQt6["PyQt6"]\n    node_venv_lib_python3_12_site-packages_PyQt6 --> node_venv_lib_python3_12_site-packages_PyQt6_bindings["bindings"]\n    node_venv_lib_python3_12_site-packages_PyQt6_bindings --> node_venv_lib_python3_12_site-packages_PyQt6_bindings_QtBluetooth["QtBluetooth"]\n    node_venv_lib_python3_12_site-packages_PyQt6_bindings_QtBluetooth --> node_venv_lib_python3_12_site-packages_PyQt6_bindings_QtBluetooth_qbluetoothserviceinfo_sip["qbluetoothserviceinfo.sip"]\n    Root --> node_venv["venv"]\n    node_venv --> node_venv_lib["lib"]\n    node_venv_lib --> node_venv_lib_python3_12["python3.12"]\n    node_venv_lib_python3_12 --> node_venv_lib_python3_12_site-packages["site-packages"]\n    node_venv_lib_python3_12_site-packages --> node_venv_lib_python3_12_site-packages_PyQt6["PyQt6"]\n    node_venv_lib_python3_12_site-packages_PyQt6 --> node_venv_lib_python3_12_site-packages_PyQt6_bindings["bindings"]\n    node_venv_lib_python3_12_site-packages_PyQt6_bindings --> node_venv_lib_python3_12_site-packages_PyQt6_bindings_QtBluetooth["QtBluetooth"]\n    node_venv_lib_python3_12_site-packages_PyQt6_bindings_QtBluetooth --> node_venv_lib_python3_12_site-packages_PyQt6_bindings_QtBluetooth_qbluetoothsocket_sip["qbluetoothsocket.sip"]\n    Root --> node_venv["venv"]\n    node_venv --> node_venv_lib["lib"]\n    node_venv_lib --> node_venv_lib_python3_12["python3.12"]\n    node_venv_lib_python3_12 --> node_venv_lib_python3_12_site-packages["site-packages"]\n    node_venv_lib_python3_12_site-packages --> node_venv_lib_python3_12_site-packages_PyQt6["PyQt6"]\n    node_venv_lib_python3_12_site-packages_PyQt6 --> node_venv_lib_python3_12_site-packages_PyQt6_bindings["bindings"]\n    node_venv_lib_python3_12_site-packages_PyQt6_bindings --> node_venv_lib_python3_12_site-packages_PyQt6_bindings_QtBluetooth["QtBluetooth"]\n    node_venv_lib_python3_12_site-packages_PyQt6_bindings_QtBluetooth --> node_venv_lib_python3_12_site-packages_PyQt6_bindings_QtBluetooth_qbluetoothuuid_sip["qbluetoothuuid.sip"]\n    Root --> node_venv["venv"]\n    node_venv --> node_venv_lib["lib"]\n    node_venv_lib --> node_venv_lib_python3_12["python3.12"]\n    node_venv_lib_python3_12 --> node_venv_lib_python3_12_site-packages["site-packages"]\n    node_venv_lib_python3_12_site-packages --> node_venv_lib_python3_12_site-packages_PyQt6["PyQt6"]\n    node_venv_lib_python3_12_site-packages_PyQt6 --> node_venv_lib_python3_12_site-packages_PyQt6_bindings["bindings"]\n    node_venv_lib_python3_12_site-packages_PyQt6_bindings --> node_venv_lib_python3_12_site-packages_PyQt6_bindings_QtBluetooth["QtBluetooth"]\n    node_venv_lib_python3_12_site-packages_PyQt6_bindings_QtBluetooth --> node_venv_lib_python3_12_site-packages_PyQt6_bindings_QtBluetooth_qlowenergyadvertisingdata_sip["qlowenergyadvertisingdata.sip"]\n    Root --> node_venv["venv"]\n    node_venv --> node_venv_lib["lib"]\n    node_venv_lib --> node_venv_lib_python3_12["python3.12"]\n    node_venv_lib_python3_12 --> node_venv_lib_python3_12_site-packages["site-packages"]\n    node_venv_lib_python3_12_site-packages --> node_venv_lib_python3_12_site-packages_PyQt6["PyQt6"]\n    node_venv_lib_python3_12_site-packages_PyQt6 --> node_venv_lib_python3_12_site-packages_PyQt6_bindings["bindings"]\n    node_venv_lib_python3_12_site-packages_PyQt6_bindings --> node_venv_lib_python3_12_site-packages_PyQt6_bindings_QtBluetooth["QtBluetooth"]\n    node_venv_lib_python3_12_site-packages_PyQt6_bindings_QtBluetooth --> node_venv_lib_python3_12_site-packages_PyQt6_bindings_QtBluetooth_qlowenergyadvertisingparameters_sip["qlowenergyadvertisingparameters.sip"]\n    Root --> node_venv["venv"]\n    node_venv --> node_venv_lib["lib"]\n    node_venv_lib --> node_venv_lib_python3_12["python3.12"]\n    node_venv_lib_python3_12 --> node_venv_lib_python3_12_site-packages["site-packages"]\n    node_venv_lib_python3_12_site-packages --> node_venv_lib_python3_12_site-packages_PyQt6["PyQt6"]\n    node_venv_lib_python3_12_site-packages_PyQt6 --> node_venv_lib_python3_12_site-packages_PyQt6_bindings["bindings"]\n    node_venv_lib_python3_12_site-packages_PyQt6_bindings --> node_venv_lib_python3_12_site-packages_PyQt6_bindings_QtBluetooth["QtBluetooth"]\n    node_venv_lib_python3_12_site-packages_PyQt6_bindings_QtBluetooth --> node_venv_lib_python3_12_site-packages_PyQt6_bindings_QtBluetooth_qlowenergycharacteristic_sip["qlowenergycharacteristic.sip"]\n    Root --> node_venv["venv"]\n    node_venv --> node_venv_lib["lib"]\n    node_venv_lib --> node_venv_lib_python3_12["python3.12"]\n    node_venv_lib_python3_12 --> node_venv_lib_python3_12_site-packages["site-packages"]\n    node_venv_lib_python3_12_site-packages --> node_venv_lib_python3_12_site-packages_PyQt6["PyQt6"]\n    node_venv_lib_python3_12_site-packages_PyQt6 --> node_venv_lib_python3_12_site-packages_PyQt6_bindings["bindings"]\n    node_venv_lib_python3_12_site-packages_PyQt6_bindings --> node_venv_lib_python3_12_site-packages_PyQt6_bindings_QtBluetooth["QtBluetooth"]\n    node_venv_lib_python3_12_site-packages_PyQt6_bindings_QtBluetooth --> node_venv_lib_python3_12_site-packages_PyQt6_bindings_QtBluetooth_qlowenergycharacteristicdata_sip["qlowenergycharacteristicdata.sip"]\n    Root --> node_venv["venv"]\n    node_venv --> node_venv_lib["lib"]\n    node_venv_lib --> node_venv_lib_python3_12["python3.12"]\n    node_venv_lib_python3_12 --> node_venv_lib_python3_12_site-packages["site-packages"]\n    node_venv_lib_python3_12_site-packages --> node_venv_lib_python3_12_site-packages_PyQt6["PyQt6"]\n    node_venv_lib_python3_12_site-packages_PyQt6 --> node_venv_lib_python3_12_site-packages_PyQt6_bindings["bindings"]\n    node_venv_lib_python3_12_site-packages_PyQt6_bindings --> node_venv_lib_python3_12_site-packages_PyQt6_bindings_QtBluetooth["QtBluetooth"]\n    node_venv_lib_python3_12_site-packages_PyQt6_bindings_QtBluetooth --> node_venv_lib_python3_12_site-packages_PyQt6_bindings_QtBluetooth_qlowenergyconnectionparameters_sip["qlowenergyconnectionparameters.sip"]\n    Root --> node_venv["venv"]\n    node_venv --> node_venv_lib["lib"]\n    node_venv_lib --> node_venv_lib_python3_12["python3.12"]\n    node_venv_lib_python3_12 --> node_venv_lib_python3_12_site-packages["site-packages"]\n    node_venv_lib_python3_12_site-packages --> node_venv_lib_python3_12_site-packages_PyQt6["PyQt6"]\n    node_venv_lib_python3_12_site-packages_PyQt6 --> node_venv_lib_python3_12_site-packages_PyQt6_bindings["bindings"]\n    node_venv_lib_python3_12_site-packages_PyQt6_bindings --> node_venv_lib_python3_12_site-packages_PyQt6_bindings_QtBluetooth["QtBluetooth"]\n    node_venv_lib_python3_12_site-packages_PyQt6_bindings_QtBluetooth --> node_venv_lib_python3_12_site-packages_PyQt6_bindings_QtBluetooth_qlowenergycontroller_sip["qlowenergycontroller.sip"]\n    Root --> node_venv["venv"]\n    node_venv --> node_venv_lib["lib"]\n    node_venv_lib --> node_venv_lib_python3_12["python3.12"]\n    node_venv_lib_python3_12 --> node_venv_lib_python3_12_site-packages["site-packages"]\n    node_venv_lib_python3_12_site-packages --> node_venv_lib_python3_12_site-packages_PyQt6["PyQt6"]\n    node_venv_lib_python3_12_site-packages_PyQt6 --> node_venv_lib_python3_12_site-packages_PyQt6_bindings["bindings"]\n    node_venv_lib_python3_12_site-packages_PyQt6_bindings --> node_venv_lib_python3_12_site-packages_PyQt6_bindings_QtBluetooth["QtBluetooth"]\n    node_venv_lib_python3_12_site-packages_PyQt6_bindings_QtBluetooth --> node_venv_lib_python3_12_site-packages_PyQt6_bindings_QtBluetooth_qlowenergydescriptor_sip["qlowenergydescriptor.sip"]\n    Root --> node_venv["venv"]\n    node_venv --> node_venv_lib["lib"]\n    node_venv_lib --> node_venv_lib_python3_12["python3.12"]\n    node_venv_lib_python3_12 --> node_venv_lib_python3_12_site-packages["site-packages"]\n    node_venv_lib_python3_12_site-packages --> node_venv_lib_python3_12_site-packages_PyQt6["PyQt6"]\n    node_venv_lib_python3_12_site-packages_PyQt6 --> node_venv_lib_python3_12_site-packages_PyQt6_bindings["bindings"]\n    node_venv_lib_python3_12_site-packages_PyQt6_bindings --> node_venv_lib_python3_12_site-packages_PyQt6_bindings_QtBluetooth["QtBluetooth"]\n    node_venv_lib_python3_12_site-packages_PyQt6_bindings_QtBluetooth --> node_venv_lib_python3_12_site-packages_PyQt6_bindings_QtBluetooth_qlowenergydescriptordata_sip["qlowenergydescriptordata.sip"]\n    Root --> node_venv["venv"]\n    node_venv --> node_venv_lib["lib"]\n    node_venv_lib --> node_venv_lib_python3_12["python3.12"]\n    node_venv_lib_python3_12 --> node_venv_lib_python3_12_site-packages["site-packages"]\n    node_venv_lib_python3_12_site-packages --> node_venv_lib_python3_12_site-packages_PyQt6["PyQt6"]\n    node_venv_lib_python3_12_site-packages_PyQt6 --> node_venv_lib_python3_12_site-packages_PyQt6_bindings["bindings"]\n    node_venv_lib_python3_12_site-packages_PyQt6_bindings --> node_venv_lib_python3_12_site-packages_PyQt6_bindings_QtBluetooth["QtBluetooth"]\n    node_venv_lib_python3_12_site-packages_PyQt6_bindings_QtBluetooth --> node_venv_lib_python3_12_site-packages_PyQt6_bindings_QtBluetooth_qlowenergyservice_sip["qlowenergyservice.sip"]\n    Root --> node_venv["venv"]\n    node_venv --> node_venv_lib["lib"]\n    node_venv_lib --> node_venv_lib_python3_12["python3.12"]\n    node_venv_lib_python3_12 --> node_venv_lib_python3_12_site-packages["site-packages"]\n    node_venv_lib_python3_12_site-packages --> node_venv_lib_python3_12_site-packages_PyQt6["PyQt6"]\n    node_venv_lib_python3_12_site-packages_PyQt6 --> node_venv_lib_python3_12_site-packages_PyQt6_bindings["bindings"]\n    node_venv_lib_python3_12_site-packages_PyQt6_bindings --> node_venv_lib_python3_12_site-packages_PyQt6_bindings_QtBluetooth["QtBluetooth"]\n    node_venv_lib_python3_12_site-packages_PyQt6_bindings_QtBluetooth --> node_venv_lib_python3_12_site-packages_PyQt6_bindings_QtBluetooth_qlowenergyservicedata_sip["qlowenergyservicedata.sip"]\n    Root --> node_venv["venv"]\n    node_venv --> node_venv_lib["lib"]\n    node_venv_lib --> node_venv_lib_python3_12["python3.12"]\n    node_venv_lib_python3_12 --> node_venv_lib_python3_12_site-packages["site-packages"]\n    node_venv_lib_python3_12_site-packages --> node_venv_lib_python3_12_site-packages_PyQt6["PyQt6"]\n    node_venv_lib_python3_12_site-packages_PyQt6 --> node_venv_lib_python3_12_site-packages_PyQt6_bindings["bindings"]\n    node_venv_lib_python3_12_site-packages_PyQt6_bindings --> node_venv_lib_python3_12_site-packages_PyQt6_bindings_QtBluetooth["QtBluetooth"]\n    node_venv_lib_python3_12_site-packages_PyQt6_bindings_QtBluetooth --> node_venv_lib_python3_12_site-packages_PyQt6_bindings_QtBluetooth_qpybluetooth_qlist_sip["qpybluetooth_qlist.sip"]\n    Root --> node_venv["venv"]\n    node_venv --> node_venv_lib["lib"]\n    node_venv_lib --> node_venv_lib_python3_12["python3.12"]\n    node_venv_lib_python3_12 --> node_venv_lib_python3_12_site-packages["site-packages"]\n    node_venv_lib_python3_12_site-packages --> node_venv_lib_python3_12_site-packages_PyQt6["PyQt6"]\n    node_venv_lib_python3_12_site-packages_PyQt6 --> node_venv_lib_python3_12_site-packages_PyQt6_bindings["bindings"]\n    node_venv_lib_python3_12_site-packages_PyQt6_bindings --> node_venv_lib_python3_12_site-packages_PyQt6_bindings_QtBluetooth["QtBluetooth"]\n    node_venv_lib_python3_12_site-packages_PyQt6_bindings_QtBluetooth --> node_venv_lib_python3_12_site-packages_PyQt6_bindings_QtBluetooth_qpybluetooth_qmultihash_sip["qpybluetooth_qmultihash.sip"]\n    Root --> node_venv["venv"]\n    node_venv --> node_venv_lib["lib"]\n    node_venv_lib --> node_venv_lib_python3_12["python3.12"]\n    node_venv_lib_python3_12 --> node_venv_lib_python3_12_site-packages["site-packages"]\n    node_venv_lib_python3_12_site-packages --> node_venv_lib_python3_12_site-packages_PyQt6["PyQt6"]\n    node_venv_lib_python3_12_site-packages_PyQt6 --> node_venv_lib_python3_12_site-packages_PyQt6_bindings["bindings"]\n    node_venv_lib_python3_12_site-packages_PyQt6_bindings --> node_venv_lib_python3_12_site-packages_PyQt6_bindings_QtBluetooth["QtBluetooth"]\n    node_venv_lib_python3_12_site-packages_PyQt6_bindings_QtBluetooth --> node_venv_lib_python3_12_site-packages_PyQt6_bindings_QtBluetooth_qpybluetooth_quint128_sip["qpybluetooth_quint128.sip"]\n    Root --> node_venv["venv"]\n    node_venv --> node_venv_lib["lib"]\n    node_venv_lib --> node_venv_lib_python3_12["python3.12"]\n    node_venv_lib_python3_12 --> node_venv_lib_python3_12_site-packages["site-packages"]\n    node_venv_lib_python3_12_site-packages --> node_venv_lib_python3_12_site-packages_PyQt6["PyQt6"]\n    node_venv_lib_python3_12_site-packages_PyQt6 --> node_venv_lib_python3_12_site-packages_PyQt6_bindings["bindings"]\n    node_venv_lib_python3_12_site-packages_PyQt6_bindings --> node_venv_lib_python3_12_site-packages_PyQt6_bindings_QtNetwork["QtNetwork"]\n    node_venv_lib_python3_12_site-packages_PyQt6_bindings_QtNetwork --> node_venv_lib_python3_12_site-packages_PyQt6_bindings_QtNetwork_QtNetwork_toml["QtNetwork.toml"]\n    Root --> node_venv["venv"]\n    node_venv --> node_venv_lib["lib"]\n    node_venv_lib --> node_venv_lib_python3_12["python3.12"]\n    node_venv_lib_python3_12 --> node_venv_lib_python3_12_site-packages["site-packages"]\n    node_venv_lib_python3_12_site-packages --> node_venv_lib_python3_12_site-packages_PyQt6["PyQt6"]\n    node_venv_lib_python3_12_site-packages_PyQt6 --> node_venv_lib_python3_12_site-packages_PyQt6_bindings["bindings"]\n    node_venv_lib_python3_12_site-packages_PyQt6_bindings --> node_venv_lib_python3_12_site-packages_PyQt6_bindings_QtNetwork["QtNetwork"]\n    node_venv_lib_python3_12_site-packages_PyQt6_bindings_QtNetwork --> node_venv_lib_python3_12_site-packages_PyQt6_bindings_QtNetwork_QtNetworkmod_sip["QtNetworkmod.sip"]\n    Root --> node_venv["venv"]\n    node_venv --> node_venv_lib["lib"]\n    node_venv_lib --> node_venv_lib_python3_12["python3.12"]\n    node_venv_lib_python3_12 --> node_venv_lib_python3_12_site-packages["site-packages"]\n    node_venv_lib_python3_12_site-packages --> node_venv_lib_python3_12_site-packages_PyQt6["PyQt6"]\n    node_venv_lib_python3_12_site-packages_PyQt6 --> node_venv_lib_python3_12_site-packages_PyQt6_bindings["bindings"]\n    node_venv_lib_python3_12_site-packages_PyQt6_bindings --> node_venv_lib_python3_12_site-packages_PyQt6_bindings_QtNetwork["QtNetwork"]\n    node_venv_lib_python3_12_site-packages_PyQt6_bindings_QtNetwork --> node_venv_lib_python3_12_site-packages_PyQt6_bindings_QtNetwork_qabstractnetworkcache_sip["qabstractnetworkcache.sip"]\n    Root --> node_venv["venv"]\n    node_venv --> node_venv_lib["lib"]\n    node_venv_lib --> node_venv_lib_python3_12["python3.12"]\n    node_venv_lib_python3_12 --> node_venv_lib_python3_12_site-packages["site-packages"]\n    node_venv_lib_python3_12_site-packages --> node_venv_lib_python3_12_site-packages_PyQt6["PyQt6"]\n    node_venv_lib_python3_12_site-packages_PyQt6 --> node_venv_lib_python3_12_site-packages_PyQt6_bindings["bindings"]\n    node_venv_lib_python3_12_site-packages_PyQt6_bindings --> node_venv_lib_python3_12_site-packages_PyQt6_bindings_QtNetwork["QtNetwork"]\n    node_venv_lib_python3_12_site-packages_PyQt6_bindings_QtNetwork --> node_venv_lib_python3_12_site-packages_PyQt6_bindings_QtNetwork_qabstractsocket_sip["qabstractsocket.sip"]\n    Root --> node_venv["venv"]\n    node_venv --> node_venv_lib["lib"]\n    node_venv_lib --> node_venv_lib_python3_12["python3.12"]\n    node_venv_lib_python3_12 --> node_venv_lib_python3_12_site-packages["site-packages"]\n    node_venv_lib_python3_12_site-packages --> node_venv_lib_python3_12_site-packages_PyQt6["PyQt6"]\n    node_venv_lib_python3_12_site-packages_PyQt6 --> node_venv_lib_python3_12_site-packages_PyQt6_bindings["bindings"]\n    node_venv_lib_python3_12_site-packages_PyQt6_bindings --> node_venv_lib_python3_12_site-packages_PyQt6_bindings_QtNetwork["QtNetwork"]\n    node_venv_lib_python3_12_site-packages_PyQt6_bindings_QtNetwork --> node_venv_lib_python3_12_site-packages_PyQt6_bindings_QtNetwork_qauthenticator_sip["qauthenticator.sip"]\n    Root --> node_venv["venv"]\n    node_venv --> node_venv_lib["lib"]\n    node_venv_lib --> node_venv_lib_python3_12["python3.12"]\n    node_venv_lib_python3_12 --> node_venv_lib_python3_12_site-packages["site-packages"]\n    node_venv_lib_python3_12_site-packages --> node_venv_lib_python3_12_site-packages_PyQt6["PyQt6"]\n    node_venv_lib_python3_12_site-packages_PyQt6 --> node_venv_lib_python3_12_site-packages_PyQt6_bindings["bindings"]\n    node_venv_lib_python3_12_site-packages_PyQt6_bindings --> node_venv_lib_python3_12_site-packages_PyQt6_bindings_QtNetwork["QtNetwork"]\n    node_venv_lib_python3_12_site-packages_PyQt6_bindings_QtNetwork --> node_venv_lib_python3_12_site-packages_PyQt6_bindings_QtNetwork_qdnslookup_sip["qdnslookup.sip"]\n    Root --> node_venv["venv"]\n    node_venv --> node_venv_lib["lib"]\n    node_venv_lib --> node_venv_lib_python3_12["python3.12"]\n    node_venv_lib_python3_12 --> node_venv_lib_python3_12_site-packages["site-packages"]\n    node_venv_lib_python3_12_site-packages --> node_venv_lib_python3_12_site-packages_PyQt6["PyQt6"]\n    node_venv_lib_python3_12_site-packages_PyQt6 --> node_venv_lib_python3_12_site-packages_PyQt6_bindings["bindings"]\n    node_venv_lib_python3_12_site-packages_PyQt6_bindings --> node_venv_lib_python3_12_site-packages_PyQt6_bindings_QtNetwork["QtNetwork"]\n    node_venv_lib_python3_12_site-packages_PyQt6_bindings_QtNetwork --> node_venv_lib_python3_12_site-packages_PyQt6_bindings_QtNetwork_qformdatabuilder_sip["qformdatabuilder.sip"]\n    Root --> node_venv["venv"]\n    node_venv --> node_venv_lib["lib"]\n    node_venv_lib --> node_venv_lib_python3_12["python3.12"]\n    node_venv_lib_python3_12 --> node_venv_lib_python3_12_site-packages["site-packages"]\n    node_venv_lib_python3_12_site-packages --> node_venv_lib_python3_12_site-packages_PyQt6["PyQt6"]\n    node_venv_lib_python3_12_site-packages_PyQt6 --> node_venv_lib_python3_12_site-packages_PyQt6_bindings["bindings"]\n    node_venv_lib_python3_12_site-packages_PyQt6_bindings --> node_venv_lib_python3_12_site-packages_PyQt6_bindings_QtNetwork["QtNetwork"]\n    node_venv_lib_python3_12_site-packages_PyQt6_bindings_QtNetwork --> node_venv_lib_python3_12_site-packages_PyQt6_bindings_QtNetwork_qhostaddress_sip["qhostaddress.sip"]\n    Root --> node_venv["venv"]\n    node_venv --> node_venv_lib["lib"]\n    node_venv_lib --> node_venv_lib_python3_12["python3.12"]\n    node_venv_lib_python3_12 --> node_venv_lib_python3_12_site-packages["site-packages"]\n    node_venv_lib_python3_12_site-packages --> node_venv_lib_python3_12_site-packages_PyQt6["PyQt6"]\n    node_venv_lib_python3_12_site-packages_PyQt6 --> node_venv_lib_python3_12_site-packages_PyQt6_bindings["bindings"]\n    node_venv_lib_python3_12_site-packages_PyQt6_bindings --> node_venv_lib_python3_12_site-packages_PyQt6_bindings_QtNetwork["QtNetwork"]\n    node_venv_lib_python3_12_site-packages_PyQt6_bindings_QtNetwork --> node_venv_lib_python3_12_site-packages_PyQt6_bindings_QtNetwork_qhostinfo_sip["qhostinfo.sip"]\n    Root --> node_venv["venv"]\n    node_venv --> node_venv_lib["lib"]\n    node_venv_lib --> node_venv_lib_python3_12["python3.12"]\n    node_venv_lib_python3_12 --> node_venv_lib_python3_12_site-packages["site-packages"]\n    node_venv_lib_python3_12_site-packages --> node_venv_lib_python3_12_site-packages_PyQt6["PyQt6"]\n    node_venv_lib_python3_12_site-packages_PyQt6 --> node_venv_lib_python3_12_site-packages_PyQt6_bindings["bindings"]\n    node_venv_lib_python3_12_site-packages_PyQt6_bindings --> node_venv_lib_python3_12_site-packages_PyQt6_bindings_QtNetwork["QtNetwork"]\n    node_venv_lib_python3_12_site-packages_PyQt6_bindings_QtNetwork --> node_venv_lib_python3_12_site-packages_PyQt6_bindings_QtNetwork_qhstspolicy_sip["qhstspolicy.sip"]\n    Root --> node_venv["venv"]\n    node_venv --> node_venv_lib["lib"]\n    node_venv_lib --> node_venv_lib_python3_12["python3.12"]\n    node_venv_lib_python3_12 --> node_venv_lib_python3_12_site-packages["site-packages"]\n    node_venv_lib_python3_12_site-packages --> node_venv_lib_python3_12_site-packages_PyQt6["PyQt6"]\n    node_venv_lib_python3_12_site-packages_PyQt6 --> node_venv_lib_python3_12_site-packages_PyQt6_bindings["bindings"]\n    node_venv_lib_python3_12_site-packages_PyQt6_bindings --> node_venv_lib_python3_12_site-packages_PyQt6_bindings_QtNetwork["QtNetwork"]\n    node_venv_lib_python3_12_site-packages_PyQt6_bindings_QtNetwork --> node_venv_lib_python3_12_site-packages_PyQt6_bindings_QtNetwork_qhttp1configuration_sip["qhttp1configuration.sip"]\n    Root --> node_venv["venv"]\n    node_venv --> node_venv_lib["lib"]\n    node_venv_lib --> node_venv_lib_python3_12["python3.12"]\n    node_venv_lib_python3_12 --> node_venv_lib_python3_12_site-packages["site-packages"]\n    node_venv_lib_python3_12_site-packages --> node_venv_lib_python3_12_site-packages_PyQt6["PyQt6"]\n    node_venv_lib_python3_12_site-packages_PyQt6 --> node_venv_lib_python3_12_site-packages_PyQt6_bindings["bindings"]\n    node_venv_lib_python3_12_site-packages_PyQt6_bindings --> node_venv_lib_python3_12_site-packages_PyQt6_bindings_QtNetwork["QtNetwork"]\n    node_venv_lib_python3_12_site-packages_PyQt6_bindings_QtNetwork --> node_venv_lib_python3_12_site-packages_PyQt6_bindings_QtNetwork_qhttp2configuration_sip["qhttp2configuration.sip"]\n    Root --> node_venv["venv"]\n    node_venv --> node_venv_lib["lib"]\n    node_venv_lib --> node_venv_lib_python3_12["python3.12"]\n    node_venv_lib_python3_12 --> node_venv_lib_python3_12_site-packages["site-packages"]\n    node_venv_lib_python3_12_site-packages --> node_venv_lib_python3_12_site-packages_PyQt6["PyQt6"]\n    node_venv_lib_python3_12_site-packages_PyQt6 --> node_venv_lib_python3_12_site-packages_PyQt6_bindings["bindings"]\n    node_venv_lib_python3_12_site-packages_PyQt6_bindings --> node_venv_lib_python3_12_site-packages_PyQt6_bindings_QtNetwork["QtNetwork"]\n    node_venv_lib_python3_12_site-packages_PyQt6_bindings_QtNetwork --> node_venv_lib_python3_12_site-packages_PyQt6_bindings_QtNetwork_qhttpheaders_sip["qhttpheaders.sip"]\n    Root --> node_venv["venv"]\n    node_venv --> node_venv_lib["lib"]\n    node_venv_lib --> node_venv_lib_python3_12["python3.12"]\n    node_venv_lib_python3_12 --> node_venv_lib_python3_12_site-packages["site-packages"]\n    node_venv_lib_python3_12_site-packages --> node_venv_lib_python3_12_site-packages_PyQt6["PyQt6"]\n    node_venv_lib_python3_12_site-packages_PyQt6 --> node_venv_lib_python3_12_site-packages_PyQt6_bindings["bindings"]\n    node_venv_lib_python3_12_site-packages_PyQt6_bindings --> node_venv_lib_python3_12_site-packages_PyQt6_bindings_QtNetwork["QtNetwork"]\n    node_venv_lib_python3_12_site-packages_PyQt6_bindings_QtNetwork --> node_venv_lib_python3_12_site-packages_PyQt6_bindings_QtNetwork_qhttpmultipart_sip["qhttpmultipart.sip"]\n    Root --> node_venv["venv"]\n    node_venv --> node_venv_lib["lib"]\n    node_venv_lib --> node_venv_lib_python3_12["python3.12"]\n    node_venv_lib_python3_12 --> node_venv_lib_python3_12_site-packages["site-packages"]\n    node_venv_lib_python3_12_site-packages --> node_venv_lib_python3_12_site-packages_PyQt6["PyQt6"]\n    node_venv_lib_python3_12_site-packages_PyQt6 --> node_venv_lib_python3_12_site-packages_PyQt6_bindings["bindings"]\n    node_venv_lib_python3_12_site-packages_PyQt6_bindings --> node_venv_lib_python3_12_site-packages_PyQt6_bindings_QtNetwork["QtNetwork"]\n    node_venv_lib_python3_12_site-packages_PyQt6_bindings_QtNetwork --> node_venv_lib_python3_12_site-packages_PyQt6_bindings_QtNetwork_qlocalserver_sip["qlocalserver.sip"]\n    Root --> node_venv["venv"]\n    node_venv --> node_venv_lib["lib"]\n    node_venv_lib --> node_venv_lib_python3_12["python3.12"]\n    node_venv_lib_python3_12 --> node_venv_lib_python3_12_site-packages["site-packages"]\n    node_venv_lib_python3_12_site-packages --> node_venv_lib_python3_12_site-packages_PyQt6["PyQt6"]\n    node_venv_lib_python3_12_site-packages_PyQt6 --> node_venv_lib_python3_12_site-packages_PyQt6_bindings["bindings"]\n    node_venv_lib_python3_12_site-packages_PyQt6_bindings --> node_venv_lib_python3_12_site-packages_PyQt6_bindings_QtNetwork["QtNetwork"]\n    node_venv_lib_python3_12_site-packages_PyQt6_bindings_QtNetwork --> node_venv_lib_python3_12_site-packages_PyQt6_bindings_QtNetwork_qlocalsocket_sip["qlocalsocket.sip"]\n    Root --> node_venv["venv"]\n    node_venv --> node_venv_lib["lib"]\n    node_venv_lib --> node_venv_lib_python3_12["python3.12"]\n    node_venv_lib_python3_12 --> node_venv_lib_python3_12_site-packages["site-packages"]\n    node_venv_lib_python3_12_site-packages --> node_venv_lib_python3_12_site-packages_PyQt6["PyQt6"]\n    node_venv_lib_python3_12_site-packages_PyQt6 --> node_venv_lib_python3_12_site-packages_PyQt6_bindings["bindings"]\n    node_venv_lib_python3_12_site-packages_PyQt6_bindings --> node_venv_lib_python3_12_site-packages_PyQt6_bindings_QtNetwork["QtNetwork"]\n    node_venv_lib_python3_12_site-packages_PyQt6_bindings_QtNetwork --> node_venv_lib_python3_12_site-packages_PyQt6_bindings_QtNetwork_qnetworkaccessmanager_sip["qnetworkaccessmanager.sip"]\n    Root --> node_venv["venv"]\n    node_venv --> node_venv_lib["lib"]\n    node_venv_lib --> node_venv_lib_python3_12["python3.12"]\n    node_venv_lib_python3_12 --> node_venv_lib_python3_12_site-packages["site-packages"]\n    node_venv_lib_python3_12_site-packages --> node_venv_lib_python3_12_site-packages_PyQt6["PyQt6"]\n    node_venv_lib_python3_12_site-packages_PyQt6 --> node_venv_lib_python3_12_site-packages_PyQt6_bindings["bindings"]\n    node_venv_lib_python3_12_site-packages_PyQt6_bindings --> node_venv_lib_python3_12_site-packages_PyQt6_bindings_QtNetwork["QtNetwork"]\n    node_venv_lib_python3_12_site-packages_PyQt6_bindings_QtNetwork --> node_venv_lib_python3_12_site-packages_PyQt6_bindings_QtNetwork_qnetworkcookie_sip["qnetworkcookie.sip"]\n    Root --> node_venv["venv"]\n    node_venv --> node_venv_lib["lib"]\n    node_venv_lib --> node_venv_lib_python3_12["python3.12"]\n    node_venv_lib_python3_12 --> node_venv_lib_python3_12_site-packages["site-packages"]\n    node_venv_lib_python3_12_site-packages --> node_venv_lib_python3_12_site-packages_PyQt6["PyQt6"]\n    node_venv_lib_python3_12_site-packages_PyQt6 --> node_venv_lib_python3_12_site-packages_PyQt6_bindings["bindings"]\n    node_venv_lib_python3_12_site-packages_PyQt6_bindings --> node_venv_lib_python3_12_site-packages_PyQt6_bindings_QtNetwork["QtNetwork"]\n    node_venv_lib_python3_12_site-packages_PyQt6_bindings_QtNetwork --> node_venv_lib_python3_12_site-packages_PyQt6_bindings_QtNetwork_qnetworkcookiejar_sip["qnetworkcookiejar.sip"]\n    Root --> node_venv["venv"]\n    node_venv --> node_venv_lib["lib"]\n    node_venv_lib --> node_venv_lib_python3_12["python3.12"]\n    node_venv_lib_python3_12 --> node_venv_lib_python3_12_site-packages["site-packages"]\n    node_venv_lib_python3_12_site-packages --> node_venv_lib_python3_12_site-packages_PyQt6["PyQt6"]\n    node_venv_lib_python3_12_site-packages_PyQt6 --> node_venv_lib_python3_12_site-packages_PyQt6_bindings["bindings"]\n    node_venv_lib_python3_12_site-packages_PyQt6_bindings --> node_venv_lib_python3_12_site-packages_PyQt6_bindings_QtNetwork["QtNetwork"]\n    node_venv_lib_python3_12_site-packages_PyQt6_bindings_QtNetwork --> node_venv_lib_python3_12_site-packages_PyQt6_bindings_QtNetwork_qnetworkdatagram_sip["qnetworkdatagram.sip"]\n    Root --> node_venv["venv"]\n    node_venv --> node_venv_lib["lib"]\n    node_venv_lib --> node_venv_lib_python3_12["python3.12"]\n    node_venv_lib_python3_12 --> node_venv_lib_python3_12_site-packages["site-packages"]\n    node_venv_lib_python3_12_site-packages --> node_venv_lib_python3_12_site-packages_PyQt6["PyQt6"]\n    node_venv_lib_python3_12_site-packages_PyQt6 --> node_venv_lib_python3_12_site-packages_PyQt6_bindings["bindings"]\n    node_venv_lib_python3_12_site-packages_PyQt6_bindings --> node_venv_lib_python3_12_site-packages_PyQt6_bindings_QtNetwork["QtNetwork"]\n    node_venv_lib_python3_12_site-packages_PyQt6_bindings_QtNetwork --> node_venv_lib_python3_12_site-packages_PyQt6_bindings_QtNetwork_qnetworkdiskcache_sip["qnetworkdiskcache.sip"]\n    Root --> node_venv["venv"]\n    node_venv --> node_venv_lib["lib"]\n    node_venv_lib --> node_venv_lib_python3_12["python3.12"]\n    node_venv_lib_python3_12 --> node_venv_lib_python3_12_site-packages["site-packages"]\n    node_venv_lib_python3_12_site-packages --> node_venv_lib_python3_12_site-packages_PyQt6["PyQt6"]\n    node_venv_lib_python3_12_site-packages_PyQt6 --> node_venv_lib_python3_12_site-packages_PyQt6_bindings["bindings"]\n    node_venv_lib_python3_12_site-packages_PyQt6_bindings --> node_venv_lib_python3_12_site-packages_PyQt6_bindings_QtNetwork["QtNetwork"]\n    node_venv_lib_python3_12_site-packages_PyQt6_bindings_QtNetwork --> node_venv_lib_python3_12_site-packages_PyQt6_bindings_QtNetwork_qnetworkinformation_sip["qnetworkinformation.sip"]\n    Root --> node_venv["venv"]\n    node_venv --> node_venv_lib["lib"]\n    node_venv_lib --> node_venv_lib_python3_12["python3.12"]\n    node_venv_lib_python3_12 --> node_venv_lib_python3_12_site-packages["site-packages"]\n    node_venv_lib_python3_12_site-packages --> node_venv_lib_python3_12_site-packages_PyQt6["PyQt6"]\n    node_venv_lib_python3_12_site-packages_PyQt6 --> node_venv_lib_python3_12_site-packages_PyQt6_bindings["bindings"]\n    node_venv_lib_python3_12_site-packages_PyQt6_bindings --> node_venv_lib_python3_12_site-packages_PyQt6_bindings_QtNetwork["QtNetwork"]\n    node_venv_lib_python3_12_site-packages_PyQt6_bindings_QtNetwork --> node_venv_lib_python3_12_site-packages_PyQt6_bindings_QtNetwork_qnetworkinterface_sip["qnetworkinterface.sip"]\n    Root --> node_venv["venv"]\n    node_venv --> node_venv_lib["lib"]\n    node_venv_lib --> node_venv_lib_python3_12["python3.12"]\n    node_venv_lib_python3_12 --> node_venv_lib_python3_12_site-packages["site-packages"]\n    node_venv_lib_python3_12_site-packages --> node_venv_lib_python3_12_site-packages_PyQt6["PyQt6"]\n    node_venv_lib_python3_12_site-packages_PyQt6 --> node_venv_lib_python3_12_site-packages_PyQt6_bindings["bindings"]\n    node_venv_lib_python3_12_site-packages_PyQt6_bindings --> node_venv_lib_python3_12_site-packages_PyQt6_bindings_QtNetwork["QtNetwork"]\n    node_venv_lib_python3_12_site-packages_PyQt6_bindings_QtNetwork --> node_venv_lib_python3_12_site-packages_PyQt6_bindings_QtNetwork_qnetworkproxy_sip["qnetworkproxy.sip"]\n    Root --> node_venv["venv"]\n    node_venv --> node_venv_lib["lib"]\n    node_venv_lib --> node_venv_lib_python3_12["python3.12"]\n    node_venv_lib_python3_12 --> node_venv_lib_python3_12_site-packages["site-packages"]\n    node_venv_lib_python3_12_site-packages --> node_venv_lib_python3_12_site-packages_PyQt6["PyQt6"]\n    node_venv_lib_python3_12_site-packages_PyQt6 --> node_venv_lib_python3_12_site-packages_PyQt6_bindings["bindings"]\n    node_venv_lib_python3_12_site-packages_PyQt6_bindings --> node_venv_lib_python3_12_site-packages_PyQt6_bindings_QtNetwork["QtNetwork"]\n    node_venv_lib_python3_12_site-packages_PyQt6_bindings_QtNetwork --> node_venv_lib_python3_12_site-packages_PyQt6_bindings_QtNetwork_qnetworkreply_sip["qnetworkreply.sip"]\n    Root --> node_venv["venv"]\n    node_venv --> node_venv_lib["lib"]\n    node_venv_lib --> node_venv_lib_python3_12["python3.12"]\n    node_venv_lib_python3_12 --> node_venv_lib_python3_12_site-packages["site-packages"]\n    node_venv_lib_python3_12_site-packages --> node_venv_lib_python3_12_site-packages_PyQt6["PyQt6"]\n    node_venv_lib_python3_12_site-packages_PyQt6 --> node_venv_lib_python3_12_site-packages_PyQt6_bindings["bindings"]\n    node_venv_lib_python3_12_site-packages_PyQt6_bindings --> node_venv_lib_python3_12_site-packages_PyQt6_bindings_QtNetwork["QtNetwork"]\n    node_venv_lib_python3_12_site-packages_PyQt6_bindings_QtNetwork --> node_venv_lib_python3_12_site-packages_PyQt6_bindings_QtNetwork_qnetworkrequest_sip["qnetworkrequest.sip"]\n    Root --> node_venv["venv"]\n    node_venv --> node_venv_lib["lib"]\n    node_venv_lib --> node_venv_lib_python3_12["python3.12"]\n    node_venv_lib_python3_12 --> node_venv_lib_python3_12_site-packages["site-packages"]\n    node_venv_lib_python3_12_site-packages --> node_venv_lib_python3_12_site-packages_PyQt6["PyQt6"]\n    node_venv_lib_python3_12_site-packages_PyQt6 --> node_venv_lib_python3_12_site-packages_PyQt6_bindings["bindings"]\n    node_venv_lib_python3_12_site-packages_PyQt6_bindings --> node_venv_lib_python3_12_site-packages_PyQt6_bindings_QtNetwork["QtNetwork"]\n    node_venv_lib_python3_12_site-packages_PyQt6_bindings_QtNetwork --> node_venv_lib_python3_12_site-packages_PyQt6_bindings_QtNetwork_qnetworkrequestfactory_sip["qnetworkrequestfactory.sip"]\n    Root --> node_venv["venv"]\n    node_venv --> node_venv_lib["lib"]\n    node_venv_lib --> node_venv_lib_python3_12["python3.12"]\n    node_venv_lib_python3_12 --> node_venv_lib_python3_12_site-packages["site-packages"]\n    node_venv_lib_python3_12_site-packages --> node_venv_lib_python3_12_site-packages_PyQt6["PyQt6"]\n    node_venv_lib_python3_12_site-packages_PyQt6 --> node_venv_lib_python3_12_site-packages_PyQt6_bindings["bindings"]\n    node_venv_lib_python3_12_site-packages_PyQt6_bindings --> node_venv_lib_python3_12_site-packages_PyQt6_bindings_QtNetwork["QtNetwork"]\n    node_venv_lib_python3_12_site-packages_PyQt6_bindings_QtNetwork --> node_venv_lib_python3_12_site-packages_PyQt6_bindings_QtNetwork_qocspresponse_sip["qocspresponse.sip"]\n    Root --> node_venv["venv"]\n    node_venv --> node_venv_lib["lib"]\n    node_venv_lib --> node_venv_lib_python3_12["python3.12"]\n    node_venv_lib_python3_12 --> node_venv_lib_python3_12_site-packages["site-packages"]\n    node_venv_lib_python3_12_site-packages --> node_venv_lib_python3_12_site-packages_PyQt6["PyQt6"]\n    node_venv_lib_python3_12_site-packages_PyQt6 --> node_venv_lib_python3_12_site-packages_PyQt6_bindings["bindings"]\n    node_venv_lib_python3_12_site-packages_PyQt6_bindings --> node_venv_lib_python3_12_site-packages_PyQt6_bindings_QtNetwork["QtNetwork"]\n    node_venv_lib_python3_12_site-packages_PyQt6_bindings_QtNetwork --> node_venv_lib_python3_12_site-packages_PyQt6_bindings_QtNetwork_qpassworddigestor_sip["qpassworddigestor.sip"]\n    Root --> node_venv["venv"]\n    node_venv --> node_venv_lib["lib"]\n    node_venv_lib --> node_venv_lib_python3_12["python3.12"]\n    node_venv_lib_python3_12 --> node_venv_lib_python3_12_site-packages["site-packages"]\n    node_venv_lib_python3_12_site-packages --> node_venv_lib_python3_12_site-packages_PyQt6["PyQt6"]\n    node_venv_lib_python3_12_site-packages_PyQt6 --> node_venv_lib_python3_12_site-packages_PyQt6_bindings["bindings"]\n    node_venv_lib_python3_12_site-packages_PyQt6_bindings --> node_venv_lib_python3_12_site-packages_PyQt6_bindings_QtNetwork["QtNetwork"]\n    node_venv_lib_python3_12_site-packages_PyQt6_bindings_QtNetwork --> node_venv_lib_python3_12_site-packages_PyQt6_bindings_QtNetwork_qpynetwork_qhash_sip["qpynetwork_qhash.sip"]\n    Root --> node_venv["venv"]\n    node_venv --> node_venv_lib["lib"]\n    node_venv_lib --> node_venv_lib_python3_12["python3.12"]\n    node_venv_lib_python3_12 --> node_venv_lib_python3_12_site-packages["site-packages"]\n    node_venv_lib_python3_12_site-packages --> node_venv_lib_python3_12_site-packages_PyQt6["PyQt6"]\n    node_venv_lib_python3_12_site-packages_PyQt6 --> node_venv_lib_python3_12_site-packages_PyQt6_bindings["bindings"]\n    node_venv_lib_python3_12_site-packages_PyQt6_bindings --> node_venv_lib_python3_12_site-packages_PyQt6_bindings_QtNetwork["QtNetwork"]\n    node_venv_lib_python3_12_site-packages_PyQt6_bindings_QtNetwork --> node_venv_lib_python3_12_site-packages_PyQt6_bindings_QtNetwork_qpynetwork_qlist_sip["qpynetwork_qlist.sip"]\n    Root --> node_venv["venv"]\n    node_venv --> node_venv_lib["lib"]\n    node_venv_lib --> node_venv_lib_python3_12["python3.12"]\n    node_venv_lib_python3_12 --> node_venv_lib_python3_12_site-packages["site-packages"]\n    node_venv_lib_python3_12_site-packages --> node_venv_lib_python3_12_site-packages_PyQt6["PyQt6"]\n    node_venv_lib_python3_12_site-packages_PyQt6 --> node_venv_lib_python3_12_site-packages_PyQt6_bindings["bindings"]\n    node_venv_lib_python3_12_site-packages_PyQt6_bindings --> node_venv_lib_python3_12_site-packages_PyQt6_bindings_QtNetwork["QtNetwork"]\n    node_venv_lib_python3_12_site-packages_PyQt6_bindings_QtNetwork --> node_venv_lib_python3_12_site-packages_PyQt6_bindings_QtNetwork_qpynetwork_qmap_sip["qpynetwork_qmap.sip"]\n    Root --> node_venv["venv"]\n    node_venv --> node_venv_lib["lib"]\n    node_venv_lib --> node_venv_lib_python3_12["python3.12"]\n    node_venv_lib_python3_12 --> node_venv_lib_python3_12_site-packages["site-packages"]\n    node_venv_lib_python3_12_site-packages --> node_venv_lib_python3_12_site-packages_PyQt6["PyQt6"]\n    node_venv_lib_python3_12_site-packages_PyQt6 --> node_venv_lib_python3_12_site-packages_PyQt6_bindings["bindings"]\n    node_venv_lib_python3_12_site-packages_PyQt6_bindings --> node_venv_lib_python3_12_site-packages_PyQt6_bindings_QtNetwork["QtNetwork"]\n    node_venv_lib_python3_12_site-packages_PyQt6_bindings_QtNetwork --> node_venv_lib_python3_12_site-packages_PyQt6_bindings_QtNetwork_qrestaccessmanager_sip["qrestaccessmanager.sip"]\n    Root --> node_venv["venv"]\n    node_venv --> node_venv_lib["lib"]\n    node_venv_lib --> node_venv_lib_python3_12["python3.12"]\n    node_venv_lib_python3_12 --> node_venv_lib_python3_12_site-packages["site-packages"]\n    node_venv_lib_python3_12_site-packages --> node_venv_lib_python3_12_site-packages_PyQt6["PyQt6"]\n    node_venv_lib_python3_12_site-packages_PyQt6 --> node_venv_lib_python3_12_site-packages_PyQt6_bindings["bindings"]\n    node_venv_lib_python3_12_site-packages_PyQt6_bindings --> node_venv_lib_python3_12_site-packages_PyQt6_bindings_QtNetwork["QtNetwork"]\n    node_venv_lib_python3_12_site-packages_PyQt6_bindings_QtNetwork --> node_venv_lib_python3_12_site-packages_PyQt6_bindings_QtNetwork_qrestreply_sip["qrestreply.sip"]\n    Root --> node_venv["venv"]\n    node_venv --> node_venv_lib["lib"]\n    node_venv_lib --> node_venv_lib_python3_12["python3.12"]\n    node_venv_lib_python3_12 --> node_venv_lib_python3_12_site-packages["site-packages"]\n    node_venv_lib_python3_12_site-packages --> node_venv_lib_python3_12_site-packages_PyQt6["PyQt6"]\n    node_venv_lib_python3_12_site-packages_PyQt6 --> node_venv_lib_python3_12_site-packages_PyQt6_bindings["bindings"]\n    node_venv_lib_python3_12_site-packages_PyQt6_bindings --> node_venv_lib_python3_12_site-packages_PyQt6_bindings_QtNetwork["QtNetwork"]\n    node_venv_lib_python3_12_site-packages_PyQt6_bindings_QtNetwork --> node_venv_lib_python3_12_site-packages_PyQt6_bindings_QtNetwork_qssl_sip["qssl.sip"]\n    Root --> node_venv["venv"]\n    node_venv --> node_venv_lib["lib"]\n    node_venv_lib --> node_venv_lib_python3_12["python3.12"]\n    node_venv_lib_python3_12 --> node_venv_lib_python3_12_site-packages["site-packages"]\n    node_venv_lib_python3_12_site-packages --> node_venv_lib_python3_12_site-packages_PyQt6["PyQt6"]\n    node_venv_lib_python3_12_site-packages_PyQt6 --> node_venv_lib_python3_12_site-packages_PyQt6_bindings["bindings"]\n    node_venv_lib_python3_12_site-packages_PyQt6_bindings --> node_venv_lib_python3_12_site-packages_PyQt6_bindings_QtNetwork["QtNetwork"]\n    node_venv_lib_python3_12_site-packages_PyQt6_bindings_QtNetwork --> node_venv_lib_python3_12_site-packages_PyQt6_bindings_QtNetwork_qsslcertificate_sip["qsslcertificate.sip"]\n    Root --> node_venv["venv"]\n    node_venv --> node_venv_lib["lib"]\n    node_venv_lib --> node_venv_lib_python3_12["python3.12"]\n    node_venv_lib_python3_12 --> node_venv_lib_python3_12_site-packages["site-packages"]\n    node_venv_lib_python3_12_site-packages --> node_venv_lib_python3_12_site-packages_PyQt6["PyQt6"]\n    node_venv_lib_python3_12_site-packages_PyQt6 --> node_venv_lib_python3_12_site-packages_PyQt6_bindings["bindings"]\n    node_venv_lib_python3_12_site-packages_PyQt6_bindings --> node_venv_lib_python3_12_site-packages_PyQt6_bindings_QtNetwork["QtNetwork"]\n    node_venv_lib_python3_12_site-packages_PyQt6_bindings_QtNetwork --> node_venv_lib_python3_12_site-packages_PyQt6_bindings_QtNetwork_qsslcertificateextension_sip["qsslcertificateextension.sip"]\n    Root --> node_venv["venv"]\n    node_venv --> node_venv_lib["lib"]\n    node_venv_lib --> node_venv_lib_python3_12["python3.12"]\n    node_venv_lib_python3_12 --> node_venv_lib_python3_12_site-packages["site-packages"]\n    node_venv_lib_python3_12_site-packages --> node_venv_lib_python3_12_site-packages_PyQt6["PyQt6"]\n    node_venv_lib_python3_12_site-packages_PyQt6 --> node_venv_lib_python3_12_site-packages_PyQt6_bindings["bindings"]\n    node_venv_lib_python3_12_site-packages_PyQt6_bindings --> node_venv_lib_python3_12_site-packages_PyQt6_bindings_QtNetwork["QtNetwork"]\n    node_venv_lib_python3_12_site-packages_PyQt6_bindings_QtNetwork --> node_venv_lib_python3_12_site-packages_PyQt6_bindings_QtNetwork_qsslcipher_sip["qsslcipher.sip"]\n    Root --> node_venv["venv"]\n    node_venv --> node_venv_lib["lib"]\n    node_venv_lib --> node_venv_lib_python3_12["python3.12"]\n    node_venv_lib_python3_12 --> node_venv_lib_python3_12_site-packages["site-packages"]\n    node_venv_lib_python3_12_site-packages --> node_venv_lib_python3_12_site-packages_PyQt6["PyQt6"]\n    node_venv_lib_python3_12_site-packages_PyQt6 --> node_venv_lib_python3_12_site-packages_PyQt6_bindings["bindings"]\n    node_venv_lib_python3_12_site-packages_PyQt6_bindings --> node_venv_lib_python3_12_site-packages_PyQt6_bindings_QtNetwork["QtNetwork"]\n    node_venv_lib_python3_12_site-packages_PyQt6_bindings_QtNetwork --> node_venv_lib_python3_12_site-packages_PyQt6_bindings_QtNetwork_qsslconfiguration_sip["qsslconfiguration.sip"]\n    Root --> node_venv["venv"]\n    node_venv --> node_venv_lib["lib"]\n    node_venv_lib --> node_venv_lib_python3_12["python3.12"]\n    node_venv_lib_python3_12 --> node_venv_lib_python3_12_site-packages["site-packages"]\n    node_venv_lib_python3_12_site-packages --> node_venv_lib_python3_12_site-packages_PyQt6["PyQt6"]\n    node_venv_lib_python3_12_site-packages_PyQt6 --> node_venv_lib_python3_12_site-packages_PyQt6_bindings["bindings"]\n    node_venv_lib_python3_12_site-packages_PyQt6_bindings --> node_venv_lib_python3_12_site-packages_PyQt6_bindings_QtNetwork["QtNetwork"]\n    node_venv_lib_python3_12_site-packages_PyQt6_bindings_QtNetwork --> node_venv_lib_python3_12_site-packages_PyQt6_bindings_QtNetwork_qssldiffiehellmanparameters_sip["qssldiffiehellmanparameters.sip"]\n    Root --> node_venv["venv"]\n    node_venv --> node_venv_lib["lib"]\n    node_venv_lib --> node_venv_lib_python3_12["python3.12"]\n    node_venv_lib_python3_12 --> node_venv_lib_python3_12_site-packages["site-packages"]\n    node_venv_lib_python3_12_site-packages --> node_venv_lib_python3_12_site-packages_PyQt6["PyQt6"]\n    node_venv_lib_python3_12_site-packages_PyQt6 --> node_venv_lib_python3_12_site-packages_PyQt6_bindings["bindings"]\n    node_venv_lib_python3_12_site-packages_PyQt6_bindings --> node_venv_lib_python3_12_site-packages_PyQt6_bindings_QtNetwork["QtNetwork"]\n    node_venv_lib_python3_12_site-packages_PyQt6_bindings_QtNetwork --> node_venv_lib_python3_12_site-packages_PyQt6_bindings_QtNetwork_qsslellipticcurve_sip["qsslellipticcurve.sip"]\n    Root --> node_venv["venv"]\n    node_venv --> node_venv_lib["lib"]\n    node_venv_lib --> node_venv_lib_python3_12["python3.12"]\n    node_venv_lib_python3_12 --> node_venv_lib_python3_12_site-packages["site-packages"]\n    node_venv_lib_python3_12_site-packages --> node_venv_lib_python3_12_site-packages_PyQt6["PyQt6"]\n    node_venv_lib_python3_12_site-packages_PyQt6 --> node_venv_lib_python3_12_site-packages_PyQt6_bindings["bindings"]\n    node_venv_lib_python3_12_site-packages_PyQt6_bindings --> node_venv_lib_python3_12_site-packages_PyQt6_bindings_QtNetwork["QtNetwork"]\n    node_venv_lib_python3_12_site-packages_PyQt6_bindings_QtNetwork --> node_venv_lib_python3_12_site-packages_PyQt6_bindings_QtNetwork_qsslerror_sip["qsslerror.sip"]\n    Root --> node_venv["venv"]\n    node_venv --> node_venv_lib["lib"]\n    node_venv_lib --> node_venv_lib_python3_12["python3.12"]\n    node_venv_lib_python3_12 --> node_venv_lib_python3_12_site-packages["site-packages"]\n    node_venv_lib_python3_12_site-packages --> node_venv_lib_python3_12_site-packages_PyQt6["PyQt6"]\n    node_venv_lib_python3_12_site-packages_PyQt6 --> node_venv_lib_python3_12_site-packages_PyQt6_bindings["bindings"]\n    node_venv_lib_python3_12_site-packages_PyQt6_bindings --> node_venv_lib_python3_12_site-packages_PyQt6_bindings_QtNetwork["QtNetwork"]\n    node_venv_lib_python3_12_site-packages_PyQt6_bindings_QtNetwork --> node_venv_lib_python3_12_site-packages_PyQt6_bindings_QtNetwork_qsslkey_sip["qsslkey.sip"]\n    Root --> node_venv["venv"]\n    node_venv --> node_venv_lib["lib"]\n    node_venv_lib --> node_venv_lib_python3_12["python3.12"]\n    node_venv_lib_python3_12 --> node_venv_lib_python3_12_site-packages["site-packages"]\n    node_venv_lib_python3_12_site-packages --> node_venv_lib_python3_12_site-packages_PyQt6["PyQt6"]\n    node_venv_lib_python3_12_site-packages_PyQt6 --> node_venv_lib_python3_12_site-packages_PyQt6_bindings["bindings"]\n    node_venv_lib_python3_12_site-packages_PyQt6_bindings --> node_venv_lib_python3_12_site-packages_PyQt6_bindings_QtNetwork["QtNetwork"]\n    node_venv_lib_python3_12_site-packages_PyQt6_bindings_QtNetwork --> node_venv_lib_python3_12_site-packages_PyQt6_bindings_QtNetwork_qsslpresharedkeyauthenticator_sip["qsslpresharedkeyauthenticator.sip"]\n    Root --> node_venv["venv"]\n    node_venv --> node_venv_lib["lib"]\n    node_venv_lib --> node_venv_lib_python3_12["python3.12"]\n    node_venv_lib_python3_12 --> node_venv_lib_python3_12_site-packages["site-packages"]\n    node_venv_lib_python3_12_site-packages --> node_venv_lib_python3_12_site-packages_PyQt6["PyQt6"]\n    node_venv_lib_python3_12_site-packages_PyQt6 --> node_venv_lib_python3_12_site-packages_PyQt6_bindings["bindings"]\n    node_venv_lib_python3_12_site-packages_PyQt6_bindings --> node_venv_lib_python3_12_site-packages_PyQt6_bindings_QtNetwork["QtNetwork"]\n    node_venv_lib_python3_12_site-packages_PyQt6_bindings_QtNetwork --> node_venv_lib_python3_12_site-packages_PyQt6_bindings_QtNetwork_qsslserver_sip["qsslserver.sip"]\n    Root --> node_venv["venv"]\n    node_venv --> node_venv_lib["lib"]\n    node_venv_lib --> node_venv_lib_python3_12["python3.12"]\n    node_venv_lib_python3_12 --> node_venv_lib_python3_12_site-packages["site-packages"]\n    node_venv_lib_python3_12_site-packages --> node_venv_lib_python3_12_site-packages_PyQt6["PyQt6"]\n    node_venv_lib_python3_12_site-packages_PyQt6 --> node_venv_lib_python3_12_site-packages_PyQt6_bindings["bindings"]\n    node_venv_lib_python3_12_site-packages_PyQt6_bindings --> node_venv_lib_python3_12_site-packages_PyQt6_bindings_QtNetwork["QtNetwork"]\n    node_venv_lib_python3_12_site-packages_PyQt6_bindings_QtNetwork --> node_venv_lib_python3_12_site-packages_PyQt6_bindings_QtNetwork_qsslsocket_sip["qsslsocket.sip"]\n    Root --> node_venv["venv"]\n    node_venv --> node_venv_lib["lib"]\n    node_venv_lib --> node_venv_lib_python3_12["python3.12"]\n    node_venv_lib_python3_12 --> node_venv_lib_python3_12_site-packages["site-packages"]\n    node_venv_lib_python3_12_site-packages --> node_venv_lib_python3_12_site-packages_PyQt6["PyQt6"]\n    node_venv_lib_python3_12_site-packages_PyQt6 --> node_venv_lib_python3_12_site-packages_PyQt6_bindings["bindings"]\n    node_venv_lib_python3_12_site-packages_PyQt6_bindings --> node_venv_lib_python3_12_site-packages_PyQt6_bindings_QtNetwork["QtNetwork"]\n    node_venv_lib_python3_12_site-packages_PyQt6_bindings_QtNetwork --> node_venv_lib_python3_12_site-packages_PyQt6_bindings_QtNetwork_qtcpserver_sip["qtcpserver.sip"]\n    Root --> node_venv["venv"]\n    node_venv --> node_venv_lib["lib"]\n    node_venv_lib --> node_venv_lib_python3_12["python3.12"]\n    node_venv_lib_python3_12 --> node_venv_lib_python3_12_site-packages["site-packages"]\n    node_venv_lib_python3_12_site-packages --> node_venv_lib_python3_12_site-packages_PyQt6["PyQt6"]\n    node_venv_lib_python3_12_site-packages_PyQt6 --> node_venv_lib_python3_12_site-packages_PyQt6_bindings["bindings"]\n    node_venv_lib_python3_12_site-packages_PyQt6_bindings --> node_venv_lib_python3_12_site-packages_PyQt6_bindings_QtNetwork["QtNetwork"]\n    node_venv_lib_python3_12_site-packages_PyQt6_bindings_QtNetwork --> node_venv_lib_python3_12_site-packages_PyQt6_bindings_QtNetwork_qtcpsocket_sip["qtcpsocket.sip"]\n    Root --> node_venv["venv"]\n    node_venv --> node_venv_lib["lib"]\n    node_venv_lib --> node_venv_lib_python3_12["python3.12"]\n    node_venv_lib_python3_12 --> node_venv_lib_python3_12_site-packages["site-packages"]\n    node_venv_lib_python3_12_site-packages --> node_venv_lib_python3_12_site-packages_PyQt6["PyQt6"]\n    node_venv_lib_python3_12_site-packages_PyQt6 --> node_venv_lib_python3_12_site-packages_PyQt6_bindings["bindings"]\n    node_venv_lib_python3_12_site-packages_PyQt6_bindings --> node_venv_lib_python3_12_site-packages_PyQt6_bindings_QtNetwork["QtNetwork"]\n    node_venv_lib_python3_12_site-packages_PyQt6_bindings_QtNetwork --> node_venv_lib_python3_12_site-packages_PyQt6_bindings_QtNetwork_qudpsocket_sip["qudpsocket.sip"]\n    Root --> node_venv["venv"]\n    node_venv --> node_venv_lib["lib"]\n    node_venv_lib --> node_venv_lib_python3_12["python3.12"]\n    node_venv_lib_python3_12 --> node_venv_lib_python3_12_site-packages["site-packages"]\n    node_venv_lib_python3_12_site-packages --> node_venv_lib_python3_12_site-packages_PyQt6["PyQt6"]\n    node_venv_lib_python3_12_site-packages_PyQt6 --> node_venv_lib_python3_12_site-packages_PyQt6_bindings["bindings"]\n    node_venv_lib_python3_12_site-packages_PyQt6_bindings --> node_venv_lib_python3_12_site-packages_PyQt6_bindings_QtStateMachine["QtStateMachine"]\n    node_venv_lib_python3_12_site-packages_PyQt6_bindings_QtStateMachine --> node_venv_lib_python3_12_site-packages_PyQt6_bindings_QtStateMachine_QtStateMachine_toml["QtStateMachine.toml"]\n    Root --> node_venv["venv"]\n    node_venv --> node_venv_lib["lib"]\n    node_venv_lib --> node_venv_lib_python3_12["python3.12"]\n    node_venv_lib_python3_12 --> node_venv_lib_python3_12_site-packages["site-packages"]\n    node_venv_lib_python3_12_site-packages --> node_venv_lib_python3_12_site-packages_PyQt6["PyQt6"]\n    node_venv_lib_python3_12_site-packages_PyQt6 --> node_venv_lib_python3_12_site-packages_PyQt6_bindings["bindings"]\n    node_venv_lib_python3_12_site-packages_PyQt6_bindings --> node_venv_lib_python3_12_site-packages_PyQt6_bindings_QtStateMachine["QtStateMachine"]\n    node_venv_lib_python3_12_site-packages_PyQt6_bindings_QtStateMachine --> node_venv_lib_python3_12_site-packages_PyQt6_bindings_QtStateMachine_QtStateMachinemod_sip["QtStateMachinemod.sip"]\n    Root --> node_venv["venv"]\n    node_venv --> node_venv_lib["lib"]\n    node_venv_lib --> node_venv_lib_python3_12["python3.12"]\n    node_venv_lib_python3_12 --> node_venv_lib_python3_12_site-packages["site-packages"]\n    node_venv_lib_python3_12_site-packages --> node_venv_lib_python3_12_site-packages_PyQt6["PyQt6"]\n    node_venv_lib_python3_12_site-packages_PyQt6 --> node_venv_lib_python3_12_site-packages_PyQt6_bindings["bindings"]\n    node_venv_lib_python3_12_site-packages_PyQt6_bindings --> node_venv_lib_python3_12_site-packages_PyQt6_bindings_QtStateMachine["QtStateMachine"]\n    node_venv_lib_python3_12_site-packages_PyQt6_bindings_QtStateMachine --> node_venv_lib_python3_12_site-packages_PyQt6_bindings_QtStateMachine_qabstractstate_sip["qabstractstate.sip"]\n    Root --> node_venv["venv"]\n    node_venv --> node_venv_lib["lib"]\n    node_venv_lib --> node_venv_lib_python3_12["python3.12"]\n    node_venv_lib_python3_12 --> node_venv_lib_python3_12_site-packages["site-packages"]\n    node_venv_lib_python3_12_site-packages --> node_venv_lib_python3_12_site-packages_PyQt6["PyQt6"]\n    node_venv_lib_python3_12_site-packages_PyQt6 --> node_venv_lib_python3_12_site-packages_PyQt6_bindings["bindings"]\n    node_venv_lib_python3_12_site-packages_PyQt6_bindings --> node_venv_lib_python3_12_site-packages_PyQt6_bindings_QtStateMachine["QtStateMachine"]\n    node_venv_lib_python3_12_site-packages_PyQt6_bindings_QtStateMachine --> node_venv_lib_python3_12_site-packages_PyQt6_bindings_QtStateMachine_qabstracttransition_sip["qabstracttransition.sip"]\n    Root --> node_venv["venv"]\n    node_venv --> node_venv_lib["lib"]\n    node_venv_lib --> node_venv_lib_python3_12["python3.12"]\n    node_venv_lib_python3_12 --> node_venv_lib_python3_12_site-packages["site-packages"]\n    node_venv_lib_python3_12_site-packages --> node_venv_lib_python3_12_site-packages_PyQt6["PyQt6"]\n    node_venv_lib_python3_12_site-packages_PyQt6 --> node_venv_lib_python3_12_site-packages_PyQt6_bindings["bindings"]\n    node_venv_lib_python3_12_site-packages_PyQt6_bindings --> node_venv_lib_python3_12_site-packages_PyQt6_bindings_QtStateMachine["QtStateMachine"]\n    node_venv_lib_python3_12_site-packages_PyQt6_bindings_QtStateMachine --> node_venv_lib_python3_12_site-packages_PyQt6_bindings_QtStateMachine_qeventtransition_sip["qeventtransition.sip"]\n    Root --> node_venv["venv"]\n    node_venv --> node_venv_lib["lib"]\n    node_venv_lib --> node_venv_lib_python3_12["python3.12"]\n    node_venv_lib_python3_12 --> node_venv_lib_python3_12_site-packages["site-packages"]\n    node_venv_lib_python3_12_site-packages --> node_venv_lib_python3_12_site-packages_PyQt6["PyQt6"]\n    node_venv_lib_python3_12_site-packages_PyQt6 --> node_venv_lib_python3_12_site-packages_PyQt6_bindings["bindings"]\n    node_venv_lib_python3_12_site-packages_PyQt6_bindings --> node_venv_lib_python3_12_site-packages_PyQt6_bindings_QtStateMachine["QtStateMachine"]\n    node_venv_lib_python3_12_site-packages_PyQt6_bindings_QtStateMachine --> node_venv_lib_python3_12_site-packages_PyQt6_bindings_QtStateMachine_qfinalstate_sip["qfinalstate.sip"]\n    Root --> node_venv["venv"]\n    node_venv --> node_venv_lib["lib"]\n    node_venv_lib --> node_venv_lib_python3_12["python3.12"]\n    node_venv_lib_python3_12 --> node_venv_lib_python3_12_site-packages["site-packages"]\n    node_venv_lib_python3_12_site-packages --> node_venv_lib_python3_12_site-packages_PyQt6["PyQt6"]\n    node_venv_lib_python3_12_site-packages_PyQt6 --> node_venv_lib_python3_12_site-packages_PyQt6_bindings["bindings"]\n    node_venv_lib_python3_12_site-packages_PyQt6_bindings --> node_venv_lib_python3_12_site-packages_PyQt6_bindings_QtStateMachine["QtStateMachine"]\n    node_venv_lib_python3_12_site-packages_PyQt6_bindings_QtStateMachine --> node_venv_lib_python3_12_site-packages_PyQt6_bindings_QtStateMachine_qhistorystate_sip["qhistorystate.sip"]\n    Root --> node_venv["venv"]\n    node_venv --> node_venv_lib["lib"]\n    node_venv_lib --> node_venv_lib_python3_12["python3.12"]\n    node_venv_lib_python3_12 --> node_venv_lib_python3_12_site-packages["site-packages"]\n    node_venv_lib_python3_12_site-packages --> node_venv_lib_python3_12_site-packages_PyQt6["PyQt6"]\n    node_venv_lib_python3_12_site-packages_PyQt6 --> node_venv_lib_python3_12_site-packages_PyQt6_bindings["bindings"]\n    node_venv_lib_python3_12_site-packages_PyQt6_bindings --> node_venv_lib_python3_12_site-packages_PyQt6_bindings_QtStateMachine["QtStateMachine"]\n    node_venv_lib_python3_12_site-packages_PyQt6_bindings_QtStateMachine --> node_venv_lib_python3_12_site-packages_PyQt6_bindings_QtStateMachine_qkeyeventtransition_sip["qkeyeventtransition.sip"]\n    Root --> node_venv["venv"]\n    node_venv --> node_venv_lib["lib"]\n    node_venv_lib --> node_venv_lib_python3_12["python3.12"]\n    node_venv_lib_python3_12 --> node_venv_lib_python3_12_site-packages["site-packages"]\n    node_venv_lib_python3_12_site-packages --> node_venv_lib_python3_12_site-packages_PyQt6["PyQt6"]\n    node_venv_lib_python3_12_site-packages_PyQt6 --> node_venv_lib_python3_12_site-packages_PyQt6_bindings["bindings"]\n    node_venv_lib_python3_12_site-packages_PyQt6_bindings --> node_venv_lib_python3_12_site-packages_PyQt6_bindings_QtStateMachine["QtStateMachine"]\n    node_venv_lib_python3_12_site-packages_PyQt6_bindings_QtStateMachine --> node_venv_lib_python3_12_site-packages_PyQt6_bindings_QtStateMachine_qmouseeventtransition_sip["qmouseeventtransition.sip"]\n    Root --> node_venv["venv"]\n    node_venv --> node_venv_lib["lib"]\n    node_venv_lib --> node_venv_lib_python3_12["python3.12"]\n    node_venv_lib_python3_12 --> node_venv_lib_python3_12_site-packages["site-packages"]\n    node_venv_lib_python3_12_site-packages --> node_venv_lib_python3_12_site-packages_PyQt6["PyQt6"]\n    node_venv_lib_python3_12_site-packages_PyQt6 --> node_venv_lib_python3_12_site-packages_PyQt6_bindings["bindings"]\n    node_venv_lib_python3_12_site-packages_PyQt6_bindings --> node_venv_lib_python3_12_site-packages_PyQt6_bindings_QtStateMachine["QtStateMachine"]\n    node_venv_lib_python3_12_site-packages_PyQt6_bindings_QtStateMachine --> node_venv_lib_python3_12_site-packages_PyQt6_bindings_QtStateMachine_qsignaltransition_sip["qsignaltransition.sip"]\n    Root --> node_venv["venv"]\n    node_venv --> node_venv_lib["lib"]\n    node_venv_lib --> node_venv_lib_python3_12["python3.12"]\n    node_venv_lib_python3_12 --> node_venv_lib_python3_12_site-packages["site-packages"]\n    node_venv_lib_python3_12_site-packages --> node_venv_lib_python3_12_site-packages_PyQt6["PyQt6"]\n    node_venv_lib_python3_12_site-packages_PyQt6 --> node_venv_lib_python3_12_site-packages_PyQt6_bindings["bindings"]\n    node_venv_lib_python3_12_site-packages_PyQt6_bindings --> node_venv_lib_python3_12_site-packages_PyQt6_bindings_QtStateMachine["QtStateMachine"]\n    node_venv_lib_python3_12_site-packages_PyQt6_bindings_QtStateMachine --> node_venv_lib_python3_12_site-packages_PyQt6_bindings_QtStateMachine_qstate_sip["qstate.sip"]\n    Root --> node_venv["venv"]\n    node_venv --> node_venv_lib["lib"]\n    node_venv_lib --> node_venv_lib_python3_12["python3.12"]\n    node_venv_lib_python3_12 --> node_venv_lib_python3_12_site-packages["site-packages"]\n    node_venv_lib_python3_12_site-packages --> node_venv_lib_python3_12_site-packages_PyQt6["PyQt6"]\n    node_venv_lib_python3_12_site-packages_PyQt6 --> node_venv_lib_python3_12_site-packages_PyQt6_bindings["bindings"]\n    node_venv_lib_python3_12_site-packages_PyQt6_bindings --> node_venv_lib_python3_12_site-packages_PyQt6_bindings_QtStateMachine["QtStateMachine"]\n    node_venv_lib_python3_12_site-packages_PyQt6_bindings_QtStateMachine --> node_venv_lib_python3_12_site-packages_PyQt6_bindings_QtStateMachine_qstatemachine_sip["qstatemachine.sip"]\n    Root --> node_venv["venv"]\n    node_venv --> node_venv_lib["lib"]\n    node_venv_lib --> node_venv_lib_python3_12["python3.12"]\n    node_venv_lib_python3_12 --> node_venv_lib_python3_12_site-packages["site-packages"]\n    node_venv_lib_python3_12_site-packages --> node_venv_lib_python3_12_site-packages_PyQt6["PyQt6"]\n    node_venv_lib_python3_12_site-packages_PyQt6 --> node_venv_lib_python3_12_site-packages_PyQt6_bindings["bindings"]\n    node_venv_lib_python3_12_site-packages_PyQt6_bindings --> node_venv_lib_python3_12_site-packages_PyQt6_bindings_QtDesigner["QtDesigner"]\n    node_venv_lib_python3_12_site-packages_PyQt6_bindings_QtDesigner --> node_venv_lib_python3_12_site-packages_PyQt6_bindings_QtDesigner_QtDesigner_toml["QtDesigner.toml"]\n    Root --> node_venv["venv"]\n    node_venv --> node_venv_lib["lib"]\n    node_venv_lib --> node_venv_lib_python3_12["python3.12"]\n    node_venv_lib_python3_12 --> node_venv_lib_python3_12_site-packages["site-packages"]\n    node_venv_lib_python3_12_site-packages --> node_venv_lib_python3_12_site-packages_PyQt6["PyQt6"]\n    node_venv_lib_python3_12_site-packages_PyQt6 --> node_venv_lib_python3_12_site-packages_PyQt6_bindings["bindings"]\n    node_venv_lib_python3_12_site-packages_PyQt6_bindings --> node_venv_lib_python3_12_site-packages_PyQt6_bindings_QtDesigner["QtDesigner"]\n    node_venv_lib_python3_12_site-packages_PyQt6_bindings_QtDesigner --> node_venv_lib_python3_12_site-packages_PyQt6_bindings_QtDesigner_QtDesignermod_sip["QtDesignermod.sip"]\n    Root --> node_venv["venv"]\n    node_venv --> node_venv_lib["lib"]\n    node_venv_lib --> node_venv_lib_python3_12["python3.12"]\n    node_venv_lib_python3_12 --> node_venv_lib_python3_12_site-packages["site-packages"]\n    node_venv_lib_python3_12_site-packages --> node_venv_lib_python3_12_site-packages_PyQt6["PyQt6"]\n    node_venv_lib_python3_12_site-packages_PyQt6 --> node_venv_lib_python3_12_site-packages_PyQt6_bindings["bindings"]\n    node_venv_lib_python3_12_site-packages_PyQt6_bindings --> node_venv_lib_python3_12_site-packages_PyQt6_bindings_QtDesigner["QtDesigner"]\n    node_venv_lib_python3_12_site-packages_PyQt6_bindings_QtDesigner --> node_venv_lib_python3_12_site-packages_PyQt6_bindings_QtDesigner_abstractactioneditor_sip["abstractactioneditor.sip"]\n    Root --> node_venv["venv"]\n    node_venv --> node_venv_lib["lib"]\n    node_venv_lib --> node_venv_lib_python3_12["python3.12"]\n    node_venv_lib_python3_12 --> node_venv_lib_python3_12_site-packages["site-packages"]\n    node_venv_lib_python3_12_site-packages --> node_venv_lib_python3_12_site-packages_PyQt6["PyQt6"]\n    node_venv_lib_python3_12_site-packages_PyQt6 --> node_venv_lib_python3_12_site-packages_PyQt6_bindings["bindings"]\n    node_venv_lib_python3_12_site-packages_PyQt6_bindings --> node_venv_lib_python3_12_site-packages_PyQt6_bindings_QtDesigner["QtDesigner"]\n    node_venv_lib_python3_12_site-packages_PyQt6_bindings_QtDesigner --> node_venv_lib_python3_12_site-packages_PyQt6_bindings_QtDesigner_abstractformbuilder_sip["abstractformbuilder.sip"]\n    Root --> node_venv["venv"]\n    node_venv --> node_venv_lib["lib"]\n    node_venv_lib --> node_venv_lib_python3_12["python3.12"]\n    node_venv_lib_python3_12 --> node_venv_lib_python3_12_site-packages["site-packages"]\n    node_venv_lib_python3_12_site-packages --> node_venv_lib_python3_12_site-packages_PyQt6["PyQt6"]\n    node_venv_lib_python3_12_site-packages_PyQt6 --> node_venv_lib_python3_12_site-packages_PyQt6_bindings["bindings"]\n    node_venv_lib_python3_12_site-packages_PyQt6_bindings --> node_venv_lib_python3_12_site-packages_PyQt6_bindings_QtDesigner["QtDesigner"]\n    node_venv_lib_python3_12_site-packages_PyQt6_bindings_QtDesigner --> node_venv_lib_python3_12_site-packages_PyQt6_bindings_QtDesigner_abstractformeditor_sip["abstractformeditor.sip"]\n    Root --> node_venv["venv"]\n    node_venv --> node_venv_lib["lib"]\n    node_venv_lib --> node_venv_lib_python3_12["python3.12"]\n    node_venv_lib_python3_12 --> node_venv_lib_python3_12_site-packages["site-packages"]\n    node_venv_lib_python3_12_site-packages --> node_venv_lib_python3_12_site-packages_PyQt6["PyQt6"]\n    node_venv_lib_python3_12_site-packages_PyQt6 --> node_venv_lib_python3_12_site-packages_PyQt6_bindings["bindings"]\n    node_venv_lib_python3_12_site-packages_PyQt6_bindings --> node_venv_lib_python3_12_site-packages_PyQt6_bindings_QtDesigner["QtDesigner"]\n    node_venv_lib_python3_12_site-packages_PyQt6_bindings_QtDesigner --> node_venv_lib_python3_12_site-packages_PyQt6_bindings_QtDesigner_abstractformwindow_sip["abstractformwindow.sip"]\n    Root --> node_venv["venv"]\n    node_venv --> node_venv_lib["lib"]\n    node_venv_lib --> node_venv_lib_python3_12["python3.12"]\n    node_venv_lib_python3_12 --> node_venv_lib_python3_12_site-packages["site-packages"]\n    node_venv_lib_python3_12_site-packages --> node_venv_lib_python3_12_site-packages_PyQt6["PyQt6"]\n    node_venv_lib_python3_12_site-packages_PyQt6 --> node_venv_lib_python3_12_site-packages_PyQt6_bindings["bindings"]\n    node_venv_lib_python3_12_site-packages_PyQt6_bindings --> node_venv_lib_python3_12_site-packages_PyQt6_bindings_QtDesigner["QtDesigner"]\n    node_venv_lib_python3_12_site-packages_PyQt6_bindings_QtDesigner --> node_venv_lib_python3_12_site-packages_PyQt6_bindings_QtDesigner_abstractformwindowcursor_sip["abstractformwindowcursor.sip"]\n    Root --> node_venv["venv"]\n    node_venv --> node_venv_lib["lib"]\n    node_venv_lib --> node_venv_lib_python3_12["python3.12"]\n    node_venv_lib_python3_12 --> node_venv_lib_python3_12_site-packages["site-packages"]\n    node_venv_lib_python3_12_site-packages --> node_venv_lib_python3_12_site-packages_PyQt6["PyQt6"]\n    node_venv_lib_python3_12_site-packages_PyQt6 --> node_venv_lib_python3_12_site-packages_PyQt6_bindings["bindings"]\n    node_venv_lib_python3_12_site-packages_PyQt6_bindings --> node_venv_lib_python3_12_site-packages_PyQt6_bindings_QtDesigner["QtDesigner"]\n    node_venv_lib_python3_12_site-packages_PyQt6_bindings_QtDesigner --> node_venv_lib_python3_12_site-packages_PyQt6_bindings_QtDesigner_abstractformwindowmanager_sip["abstractformwindowmanager.sip"]\n    Root --> node_venv["venv"]\n    node_venv --> node_venv_lib["lib"]\n    node_venv_lib --> node_venv_lib_python3_12["python3.12"]\n    node_venv_lib_python3_12 --> node_venv_lib_python3_12_site-packages["site-packages"]\n    node_venv_lib_python3_12_site-packages --> node_venv_lib_python3_12_site-packages_PyQt6["PyQt6"]\n    node_venv_lib_python3_12_site-packages_PyQt6 --> node_venv_lib_python3_12_site-packages_PyQt6_bindings["bindings"]\n    node_venv_lib_python3_12_site-packages_PyQt6_bindings --> node_venv_lib_python3_12_site-packages_PyQt6_bindings_QtDesigner["QtDesigner"]\n    node_venv_lib_python3_12_site-packages_PyQt6_bindings_QtDesigner --> node_venv_lib_python3_12_site-packages_PyQt6_bindings_QtDesigner_abstractobjectinspector_sip["abstractobjectinspector.sip"]\n    Root --> node_venv["venv"]\n    node_venv --> node_venv_lib["lib"]\n    node_venv_lib --> node_venv_lib_python3_12["python3.12"]\n    node_venv_lib_python3_12 --> node_venv_lib_python3_12_site-packages["site-packages"]\n    node_venv_lib_python3_12_site-packages --> node_venv_lib_python3_12_site-packages_PyQt6["PyQt6"]\n    node_venv_lib_python3_12_site-packages_PyQt6 --> node_venv_lib_python3_12_site-packages_PyQt6_bindings["bindings"]\n    node_venv_lib_python3_12_site-packages_PyQt6_bindings --> node_venv_lib_python3_12_site-packages_PyQt6_bindings_QtDesigner["QtDesigner"]\n    node_venv_lib_python3_12_site-packages_PyQt6_bindings_QtDesigner --> node_venv_lib_python3_12_site-packages_PyQt6_bindings_QtDesigner_abstractpropertyeditor_sip["abstractpropertyeditor.sip"]\n    Root --> node_venv["venv"]\n    node_venv --> node_venv_lib["lib"]\n    node_venv_lib --> node_venv_lib_python3_12["python3.12"]\n    node_venv_lib_python3_12 --> node_venv_lib_python3_12_site-packages["site-packages"]\n    node_venv_lib_python3_12_site-packages --> node_venv_lib_python3_12_site-packages_PyQt6["PyQt6"]\n    node_venv_lib_python3_12_site-packages_PyQt6 --> node_venv_lib_python3_12_site-packages_PyQt6_bindings["bindings"]\n    node_venv_lib_python3_12_site-packages_PyQt6_bindings --> node_venv_lib_python3_12_site-packages_PyQt6_bindings_QtDesigner["QtDesigner"]\n    node_venv_lib_python3_12_site-packages_PyQt6_bindings_QtDesigner --> node_venv_lib_python3_12_site-packages_PyQt6_bindings_QtDesigner_abstractwidgetbox_sip["abstractwidgetbox.sip"]\n    Root --> node_venv["venv"]\n    node_venv --> node_venv_lib["lib"]\n    node_venv_lib --> node_venv_lib_python3_12["python3.12"]\n    node_venv_lib_python3_12 --> node_venv_lib_python3_12_site-packages["site-packages"]\n    node_venv_lib_python3_12_site-packages --> node_venv_lib_python3_12_site-packages_PyQt6["PyQt6"]\n    node_venv_lib_python3_12_site-packages_PyQt6 --> node_venv_lib_python3_12_site-packages_PyQt6_bindings["bindings"]\n    node_venv_lib_python3_12_site-packages_PyQt6_bindings --> node_venv_lib_python3_12_site-packages_PyQt6_bindings_QtDesigner["QtDesigner"]\n    node_venv_lib_python3_12_site-packages_PyQt6_bindings_QtDesigner --> node_venv_lib_python3_12_site-packages_PyQt6_bindings_QtDesigner_container_sip["container.sip"]\n    Root --> node_venv["venv"]\n    node_venv --> node_venv_lib["lib"]\n    node_venv_lib --> node_venv_lib_python3_12["python3.12"]\n    node_venv_lib_python3_12 --> node_venv_lib_python3_12_site-packages["site-packages"]\n    node_venv_lib_python3_12_site-packages --> node_venv_lib_python3_12_site-packages_PyQt6["PyQt6"]\n    node_venv_lib_python3_12_site-packages_PyQt6 --> node_venv_lib_python3_12_site-packages_PyQt6_bindings["bindings"]\n    node_venv_lib_python3_12_site-packages_PyQt6_bindings --> node_venv_lib_python3_12_site-packages_PyQt6_bindings_QtDesigner["QtDesigner"]\n    node_venv_lib_python3_12_site-packages_PyQt6_bindings_QtDesigner --> node_venv_lib_python3_12_site-packages_PyQt6_bindings_QtDesigner_customwidget_sip["customwidget.sip"]\n    Root --> node_venv["venv"]\n    node_venv --> node_venv_lib["lib"]\n    node_venv_lib --> node_venv_lib_python3_12["python3.12"]\n    node_venv_lib_python3_12 --> node_venv_lib_python3_12_site-packages["site-packages"]\n    node_venv_lib_python3_12_site-packages --> node_venv_lib_python3_12_site-packages_PyQt6["PyQt6"]\n    node_venv_lib_python3_12_site-packages_PyQt6 --> node_venv_lib_python3_12_site-packages_PyQt6_bindings["bindings"]\n    node_venv_lib_python3_12_site-packages_PyQt6_bindings --> node_venv_lib_python3_12_site-packages_PyQt6_bindings_QtDesigner["QtDesigner"]\n    node_venv_lib_python3_12_site-packages_PyQt6_bindings_QtDesigner --> node_venv_lib_python3_12_site-packages_PyQt6_bindings_QtDesigner_default_extensionfactory_sip["default_extensionfactory.sip"]\n    Root --> node_venv["venv"]\n    node_venv --> node_venv_lib["lib"]\n    node_venv_lib --> node_venv_lib_python3_12["python3.12"]\n    node_venv_lib_python3_12 --> node_venv_lib_python3_12_site-packages["site-packages"]\n    node_venv_lib_python3_12_site-packages --> node_venv_lib_python3_12_site-packages_PyQt6["PyQt6"]\n    node_venv_lib_python3_12_site-packages_PyQt6 --> node_venv_lib_python3_12_site-packages_PyQt6_bindings["bindings"]\n    node_venv_lib_python3_12_site-packages_PyQt6_bindings --> node_venv_lib_python3_12_site-packages_PyQt6_bindings_QtDesigner["QtDesigner"]\n    node_venv_lib_python3_12_site-packages_PyQt6_bindings_QtDesigner --> node_venv_lib_python3_12_site-packages_PyQt6_bindings_QtDesigner_extension_sip["extension.sip"]\n    Root --> node_venv["venv"]\n    node_venv --> node_venv_lib["lib"]\n    node_venv_lib --> node_venv_lib_python3_12["python3.12"]\n    node_venv_lib_python3_12 --> node_venv_lib_python3_12_site-packages["site-packages"]\n    node_venv_lib_python3_12_site-packages --> node_venv_lib_python3_12_site-packages_PyQt6["PyQt6"]\n    node_venv_lib_python3_12_site-packages_PyQt6 --> node_venv_lib_python3_12_site-packages_PyQt6_bindings["bindings"]\n    node_venv_lib_python3_12_site-packages_PyQt6_bindings --> node_venv_lib_python3_12_site-packages_PyQt6_bindings_QtDesigner["QtDesigner"]\n    node_venv_lib_python3_12_site-packages_PyQt6_bindings_QtDesigner --> node_venv_lib_python3_12_site-packages_PyQt6_bindings_QtDesigner_formbuilder_sip["formbuilder.sip"]\n    Root --> node_venv["venv"]\n    node_venv --> node_venv_lib["lib"]\n    node_venv_lib --> node_venv_lib_python3_12["python3.12"]\n    node_venv_lib_python3_12 --> node_venv_lib_python3_12_site-packages["site-packages"]\n    node_venv_lib_python3_12_site-packages --> node_venv_lib_python3_12_site-packages_PyQt6["PyQt6"]\n    node_venv_lib_python3_12_site-packages_PyQt6 --> node_venv_lib_python3_12_site-packages_PyQt6_bindings["bindings"]\n    node_venv_lib_python3_12_site-packages_PyQt6_bindings --> node_venv_lib_python3_12_site-packages_PyQt6_bindings_QtDesigner["QtDesigner"]\n    node_venv_lib_python3_12_site-packages_PyQt6_bindings_QtDesigner --> node_venv_lib_python3_12_site-packages_PyQt6_bindings_QtDesigner_membersheet_sip["membersheet.sip"]\n    Root --> node_venv["venv"]\n    node_venv --> node_venv_lib["lib"]\n    node_venv_lib --> node_venv_lib_python3_12["python3.12"]\n    node_venv_lib_python3_12 --> node_venv_lib_python3_12_site-packages["site-packages"]\n    node_venv_lib_python3_12_site-packages --> node_venv_lib_python3_12_site-packages_PyQt6["PyQt6"]\n    node_venv_lib_python3_12_site-packages_PyQt6 --> node_venv_lib_python3_12_site-packages_PyQt6_bindings["bindings"]\n    node_venv_lib_python3_12_site-packages_PyQt6_bindings --> node_venv_lib_python3_12_site-packages_PyQt6_bindings_QtDesigner["QtDesigner"]\n    node_venv_lib_python3_12_site-packages_PyQt6_bindings_QtDesigner --> node_venv_lib_python3_12_site-packages_PyQt6_bindings_QtDesigner_propertysheet_sip["propertysheet.sip"]\n    Root --> node_venv["venv"]\n    node_venv --> node_venv_lib["lib"]\n    node_venv_lib --> node_venv_lib_python3_12["python3.12"]\n    node_venv_lib_python3_12 --> node_venv_lib_python3_12_site-packages["site-packages"]\n    node_venv_lib_python3_12_site-packages --> node_venv_lib_python3_12_site-packages_PyQt6["PyQt6"]\n    node_venv_lib_python3_12_site-packages_PyQt6 --> node_venv_lib_python3_12_site-packages_PyQt6_bindings["bindings"]\n    node_venv_lib_python3_12_site-packages_PyQt6_bindings --> node_venv_lib_python3_12_site-packages_PyQt6_bindings_QtDesigner["QtDesigner"]\n    node_venv_lib_python3_12_site-packages_PyQt6_bindings_QtDesigner --> node_venv_lib_python3_12_site-packages_PyQt6_bindings_QtDesigner_qextensionmanager_sip["qextensionmanager.sip"]\n    Root --> node_venv["venv"]\n    node_venv --> node_venv_lib["lib"]\n    node_venv_lib --> node_venv_lib_python3_12["python3.12"]\n    node_venv_lib_python3_12 --> node_venv_lib_python3_12_site-packages["site-packages"]\n    node_venv_lib_python3_12_site-packages --> node_venv_lib_python3_12_site-packages_PyQt6["PyQt6"]\n    node_venv_lib_python3_12_site-packages_PyQt6 --> node_venv_lib_python3_12_site-packages_PyQt6_bindings["bindings"]\n    node_venv_lib_python3_12_site-packages_PyQt6_bindings --> node_venv_lib_python3_12_site-packages_PyQt6_bindings_QtDesigner["QtDesigner"]\n    node_venv_lib_python3_12_site-packages_PyQt6_bindings_QtDesigner --> node_venv_lib_python3_12_site-packages_PyQt6_bindings_QtDesigner_qpydesignercontainerextension_sip["qpydesignercontainerextension.sip"]\n    Root --> node_venv["venv"]\n    node_venv --> node_venv_lib["lib"]\n    node_venv_lib --> node_venv_lib_python3_12["python3.12"]\n    node_venv_lib_python3_12 --> node_venv_lib_python3_12_site-packages["site-packages"]\n    node_venv_lib_python3_12_site-packages --> node_venv_lib_python3_12_site-packages_PyQt6["PyQt6"]\n    node_venv_lib_python3_12_site-packages_PyQt6 --> node_venv_lib_python3_12_site-packages_PyQt6_bindings["bindings"]\n    node_venv_lib_python3_12_site-packages_PyQt6_bindings --> node_venv_lib_python3_12_site-packages_PyQt6_bindings_QtDesigner["QtDesigner"]\n    node_venv_lib_python3_12_site-packages_PyQt6_bindings_QtDesigner --> node_venv_lib_python3_12_site-packages_PyQt6_bindings_QtDesigner_qpydesignercustomwidgetcollectionplugin_sip["qpydesignercustomwidgetcollectionplugin.sip"]\n    Root --> node_venv["venv"]\n    node_venv --> node_venv_lib["lib"]\n    node_venv_lib --> node_venv_lib_python3_12["python3.12"]\n    node_venv_lib_python3_12 --> node_venv_lib_python3_12_site-packages["site-packages"]\n    node_venv_lib_python3_12_site-packages --> node_venv_lib_python3_12_site-packages_PyQt6["PyQt6"]\n    node_venv_lib_python3_12_site-packages_PyQt6 --> node_venv_lib_python3_12_site-packages_PyQt6_bindings["bindings"]\n    node_venv_lib_python3_12_site-packages_PyQt6_bindings --> node_venv_lib_python3_12_site-packages_PyQt6_bindings_QtDesigner["QtDesigner"]\n    node_venv_lib_python3_12_site-packages_PyQt6_bindings_QtDesigner --> node_venv_lib_python3_12_site-packages_PyQt6_bindings_QtDesigner_qpydesignercustomwidgetplugin_sip["qpydesignercustomwidgetplugin.sip"]\n    Root --> node_venv["venv"]\n    node_venv --> node_venv_lib["lib"]\n    node_venv_lib --> node_venv_lib_python3_12["python3.12"]\n    node_venv_lib_python3_12 --> node_venv_lib_python3_12_site-packages["site-packages"]\n    node_venv_lib_python3_12_site-packages --> node_venv_lib_python3_12_site-packages_PyQt6["PyQt6"]\n    node_venv_lib_python3_12_site-packages_PyQt6 --> node_venv_lib_python3_12_site-packages_PyQt6_bindings["bindings"]\n    node_venv_lib_python3_12_site-packages_PyQt6_bindings --> node_venv_lib_python3_12_site-packages_PyQt6_bindings_QtDesigner["QtDesigner"]\n    node_venv_lib_python3_12_site-packages_PyQt6_bindings_QtDesigner --> node_venv_lib_python3_12_site-packages_PyQt6_bindings_QtDesigner_qpydesignermembersheetextension_sip["qpydesignermembersheetextension.sip"]\n    Root --> node_venv["venv"]\n    node_venv --> node_venv_lib["lib"]\n    node_venv_lib --> node_venv_lib_python3_12["python3.12"]\n    node_venv_lib_python3_12 --> node_venv_lib_python3_12_site-packages["site-packages"]\n    node_venv_lib_python3_12_site-packages --> node_venv_lib_python3_12_site-packages_PyQt6["PyQt6"]\n    node_venv_lib_python3_12_site-packages_PyQt6 --> node_venv_lib_python3_12_site-packages_PyQt6_bindings["bindings"]\n    node_venv_lib_python3_12_site-packages_PyQt6_bindings --> node_venv_lib_python3_12_site-packages_PyQt6_bindings_QtDesigner["QtDesigner"]\n    node_venv_lib_python3_12_site-packages_PyQt6_bindings_QtDesigner --> node_venv_lib_python3_12_site-packages_PyQt6_bindings_QtDesigner_qpydesignerpropertysheetextension_sip["qpydesignerpropertysheetextension.sip"]\n    Root --> node_venv["venv"]\n    node_venv --> node_venv_lib["lib"]\n    node_venv_lib --> node_venv_lib_python3_12["python3.12"]\n    node_venv_lib_python3_12 --> node_venv_lib_python3_12_site-packages["site-packages"]\n    node_venv_lib_python3_12_site-packages --> node_venv_lib_python3_12_site-packages_PyQt6["PyQt6"]\n    node_venv_lib_python3_12_site-packages_PyQt6 --> node_venv_lib_python3_12_site-packages_PyQt6_bindings["bindings"]\n    node_venv_lib_python3_12_site-packages_PyQt6_bindings --> node_venv_lib_python3_12_site-packages_PyQt6_bindings_QtDesigner["QtDesigner"]\n    node_venv_lib_python3_12_site-packages_PyQt6_bindings_QtDesigner --> node_venv_lib_python3_12_site-packages_PyQt6_bindings_QtDesigner_qpydesignertaskmenuextension_sip["qpydesignertaskmenuextension.sip"]\n    Root --> node_venv["venv"]\n    node_venv --> node_venv_lib["lib"]\n    node_venv_lib --> node_venv_lib_python3_12["python3.12"]\n    node_venv_lib_python3_12 --> node_venv_lib_python3_12_site-packages["site-packages"]\n    node_venv_lib_python3_12_site-packages --> node_venv_lib_python3_12_site-packages_PyQt6["PyQt6"]\n    node_venv_lib_python3_12_site-packages_PyQt6 --> node_venv_lib_python3_12_site-packages_PyQt6_bindings["bindings"]\n    node_venv_lib_python3_12_site-packages_PyQt6_bindings --> node_venv_lib_python3_12_site-packages_PyQt6_bindings_QtDesigner["QtDesigner"]\n    node_venv_lib_python3_12_site-packages_PyQt6_bindings_QtDesigner --> node_venv_lib_python3_12_site-packages_PyQt6_bindings_QtDesigner_taskmenu_sip["taskmenu.sip"]\n    Root --> node_venv["venv"]\n    node_venv --> node_venv_lib["lib"]\n    node_venv_lib --> node_venv_lib_python3_12["python3.12"]\n    node_venv_lib_python3_12 --> node_venv_lib_python3_12_site-packages["site-packages"]\n    node_venv_lib_python3_12_site-packages --> node_venv_lib_python3_12_site-packages_PyQt6["PyQt6"]\n    node_venv_lib_python3_12_site-packages_PyQt6 --> node_venv_lib_python3_12_site-packages_PyQt6_bindings["bindings"]\n    node_venv_lib_python3_12_site-packages_PyQt6_bindings --> node_venv_lib_python3_12_site-packages_PyQt6_bindings_QtQuick3D["QtQuick3D"]\n    node_venv_lib_python3_12_site-packages_PyQt6_bindings_QtQuick3D --> node_venv_lib_python3_12_site-packages_PyQt6_bindings_QtQuick3D_QtQuick3D_toml["QtQuick3D.toml"]\n    Root --> node_venv["venv"]\n    node_venv --> node_venv_lib["lib"]\n    node_venv_lib --> node_venv_lib_python3_12["python3.12"]\n    node_venv_lib_python3_12 --> node_venv_lib_python3_12_site-packages["site-packages"]\n    node_venv_lib_python3_12_site-packages --> node_venv_lib_python3_12_site-packages_PyQt6["PyQt6"]\n    node_venv_lib_python3_12_site-packages_PyQt6 --> node_venv_lib_python3_12_site-packages_PyQt6_bindings["bindings"]\n    node_venv_lib_python3_12_site-packages_PyQt6_bindings --> node_venv_lib_python3_12_site-packages_PyQt6_bindings_QtQuick3D["QtQuick3D"]\n    node_venv_lib_python3_12_site-packages_PyQt6_bindings_QtQuick3D --> node_venv_lib_python3_12_site-packages_PyQt6_bindings_QtQuick3D_QtQuick3Dmod_sip["QtQuick3Dmod.sip"]\n    Root --> node_venv["venv"]\n    node_venv --> node_venv_lib["lib"]\n    node_venv_lib --> node_venv_lib_python3_12["python3.12"]\n    node_venv_lib_python3_12 --> node_venv_lib_python3_12_site-packages["site-packages"]\n    node_venv_lib_python3_12_site-packages --> node_venv_lib_python3_12_site-packages_PyQt6["PyQt6"]\n    node_venv_lib_python3_12_site-packages_PyQt6 --> node_venv_lib_python3_12_site-packages_PyQt6_bindings["bindings"]\n    node_venv_lib_python3_12_site-packages_PyQt6_bindings --> node_venv_lib_python3_12_site-packages_PyQt6_bindings_QtQuick3D["QtQuick3D"]\n    node_venv_lib_python3_12_site-packages_PyQt6_bindings_QtQuick3D --> node_venv_lib_python3_12_site-packages_PyQt6_bindings_QtQuick3D_qquick3d_sip["qquick3d.sip"]\n    Root --> node_venv["venv"]\n    node_venv --> node_venv_lib["lib"]\n    node_venv_lib --> node_venv_lib_python3_12["python3.12"]\n    node_venv_lib_python3_12 --> node_venv_lib_python3_12_site-packages["site-packages"]\n    node_venv_lib_python3_12_site-packages --> node_venv_lib_python3_12_site-packages_PyQt6["PyQt6"]\n    node_venv_lib_python3_12_site-packages_PyQt6 --> node_venv_lib_python3_12_site-packages_PyQt6_bindings["bindings"]\n    node_venv_lib_python3_12_site-packages_PyQt6_bindings --> node_venv_lib_python3_12_site-packages_PyQt6_bindings_QtQuick3D["QtQuick3D"]\n    node_venv_lib_python3_12_site-packages_PyQt6_bindings_QtQuick3D --> node_venv_lib_python3_12_site-packages_PyQt6_bindings_QtQuick3D_qquick3dgeometry_sip["qquick3dgeometry.sip"]\n    Root --> node_venv["venv"]\n    node_venv --> node_venv_lib["lib"]\n    node_venv_lib --> node_venv_lib_python3_12["python3.12"]\n    node_venv_lib_python3_12 --> node_venv_lib_python3_12_site-packages["site-packages"]\n    node_venv_lib_python3_12_site-packages --> node_venv_lib_python3_12_site-packages_PyQt6["PyQt6"]\n    node_venv_lib_python3_12_site-packages_PyQt6 --> node_venv_lib_python3_12_site-packages_PyQt6_bindings["bindings"]\n    node_venv_lib_python3_12_site-packages_PyQt6_bindings --> node_venv_lib_python3_12_site-packages_PyQt6_bindings_QtQuick3D["QtQuick3D"]\n    node_venv_lib_python3_12_site-packages_PyQt6_bindings_QtQuick3D --> node_venv_lib_python3_12_site-packages_PyQt6_bindings_QtQuick3D_qquick3dobject_sip["qquick3dobject.sip"]\n    Root --> node_venv["venv"]\n    node_venv --> node_venv_lib["lib"]\n    node_venv_lib --> node_venv_lib_python3_12["python3.12"]\n    node_venv_lib_python3_12 --> node_venv_lib_python3_12_site-packages["site-packages"]\n    node_venv_lib_python3_12_site-packages --> node_venv_lib_python3_12_site-packages_PyQt6["PyQt6"]\n    node_venv_lib_python3_12_site-packages_PyQt6 --> node_venv_lib_python3_12_site-packages_PyQt6_bindings["bindings"]\n    node_venv_lib_python3_12_site-packages_PyQt6_bindings --> node_venv_lib_python3_12_site-packages_PyQt6_bindings_QtQuick3D["QtQuick3D"]\n    node_venv_lib_python3_12_site-packages_PyQt6_bindings_QtQuick3D --> node_venv_lib_python3_12_site-packages_PyQt6_bindings_QtQuick3D_qquick3dtexturedata_sip["qquick3dtexturedata.sip"]\n    Root --> node_venv["venv"]\n    node_venv --> node_venv_lib["lib"]\n    node_venv_lib --> node_venv_lib_python3_12["python3.12"]\n    node_venv_lib_python3_12 --> node_venv_lib_python3_12_site-packages["site-packages"]\n    node_venv_lib_python3_12_site-packages --> node_venv_lib_python3_12_site-packages_PyQt6["PyQt6"]\n    node_venv_lib_python3_12_site-packages_PyQt6 --> node_venv_lib_python3_12_site-packages_PyQt6_bindings["bindings"]\n    node_venv_lib_python3_12_site-packages_PyQt6_bindings --> node_venv_lib_python3_12_site-packages_PyQt6_bindings_QtHelp["QtHelp"]\n    node_venv_lib_python3_12_site-packages_PyQt6_bindings_QtHelp --> node_venv_lib_python3_12_site-packages_PyQt6_bindings_QtHelp_QtHelp_toml["QtHelp.toml"]\n    Root --> node_venv["venv"]\n    node_venv --> node_venv_lib["lib"]\n    node_venv_lib --> node_venv_lib_python3_12["python3.12"]\n    node_venv_lib_python3_12 --> node_venv_lib_python3_12_site-packages["site-packages"]\n    node_venv_lib_python3_12_site-packages --> node_venv_lib_python3_12_site-packages_PyQt6["PyQt6"]\n    node_venv_lib_python3_12_site-packages_PyQt6 --> node_venv_lib_python3_12_site-packages_PyQt6_bindings["bindings"]\n    node_venv_lib_python3_12_site-packages_PyQt6_bindings --> node_venv_lib_python3_12_site-packages_PyQt6_bindings_QtHelp["QtHelp"]\n    node_venv_lib_python3_12_site-packages_PyQt6_bindings_QtHelp --> node_venv_lib_python3_12_site-packages_PyQt6_bindings_QtHelp_QtHelpmod_sip["QtHelpmod.sip"]\n    Root --> node_venv["venv"]\n    node_venv --> node_venv_lib["lib"]\n    node_venv_lib --> node_venv_lib_python3_12["python3.12"]\n    node_venv_lib_python3_12 --> node_venv_lib_python3_12_site-packages["site-packages"]\n    node_venv_lib_python3_12_site-packages --> node_venv_lib_python3_12_site-packages_PyQt6["PyQt6"]\n    node_venv_lib_python3_12_site-packages_PyQt6 --> node_venv_lib_python3_12_site-packages_PyQt6_bindings["bindings"]\n    node_venv_lib_python3_12_site-packages_PyQt6_bindings --> node_venv_lib_python3_12_site-packages_PyQt6_bindings_QtHelp["QtHelp"]\n    node_venv_lib_python3_12_site-packages_PyQt6_bindings_QtHelp --> node_venv_lib_python3_12_site-packages_PyQt6_bindings_QtHelp_qcompressedhelpinfo_sip["qcompressedhelpinfo.sip"]\n    Root --> node_venv["venv"]\n    node_venv --> node_venv_lib["lib"]\n    node_venv_lib --> node_venv_lib_python3_12["python3.12"]\n    node_venv_lib_python3_12 --> node_venv_lib_python3_12_site-packages["site-packages"]\n    node_venv_lib_python3_12_site-packages --> node_venv_lib_python3_12_site-packages_PyQt6["PyQt6"]\n    node_venv_lib_python3_12_site-packages_PyQt6 --> node_venv_lib_python3_12_site-packages_PyQt6_bindings["bindings"]\n    node_venv_lib_python3_12_site-packages_PyQt6_bindings --> node_venv_lib_python3_12_site-packages_PyQt6_bindings_QtHelp["QtHelp"]\n    node_venv_lib_python3_12_site-packages_PyQt6_bindings_QtHelp --> node_venv_lib_python3_12_site-packages_PyQt6_bindings_QtHelp_qhelpcontentitem_sip["qhelpcontentitem.sip"]\n    Root --> node_venv["venv"]\n    node_venv --> node_venv_lib["lib"]\n    node_venv_lib --> node_venv_lib_python3_12["python3.12"]\n    node_venv_lib_python3_12 --> node_venv_lib_python3_12_site-packages["site-packages"]\n    node_venv_lib_python3_12_site-packages --> node_venv_lib_python3_12_site-packages_PyQt6["PyQt6"]\n    node_venv_lib_python3_12_site-packages_PyQt6 --> node_venv_lib_python3_12_site-packages_PyQt6_bindings["bindings"]\n    node_venv_lib_python3_12_site-packages_PyQt6_bindings --> node_venv_lib_python3_12_site-packages_PyQt6_bindings_QtHelp["QtHelp"]\n    node_venv_lib_python3_12_site-packages_PyQt6_bindings_QtHelp --> node_venv_lib_python3_12_site-packages_PyQt6_bindings_QtHelp_qhelpcontentwidget_sip["qhelpcontentwidget.sip"]\n    Root --> node_venv["venv"]\n    node_venv --> node_venv_lib["lib"]\n    node_venv_lib --> node_venv_lib_python3_12["python3.12"]\n    node_venv_lib_python3_12 --> node_venv_lib_python3_12_site-packages["site-packages"]\n    node_venv_lib_python3_12_site-packages --> node_venv_lib_python3_12_site-packages_PyQt6["PyQt6"]\n    node_venv_lib_python3_12_site-packages_PyQt6 --> node_venv_lib_python3_12_site-packages_PyQt6_bindings["bindings"]\n    node_venv_lib_python3_12_site-packages_PyQt6_bindings --> node_venv_lib_python3_12_site-packages_PyQt6_bindings_QtHelp["QtHelp"]\n    node_venv_lib_python3_12_site-packages_PyQt6_bindings_QtHelp --> node_venv_lib_python3_12_site-packages_PyQt6_bindings_QtHelp_qhelpengine_sip["qhelpengine.sip"]\n    Root --> node_venv["venv"]\n    node_venv --> node_venv_lib["lib"]\n    node_venv_lib --> node_venv_lib_python3_12["python3.12"]\n    node_venv_lib_python3_12 --> node_venv_lib_python3_12_site-packages["site-packages"]\n    node_venv_lib_python3_12_site-packages --> node_venv_lib_python3_12_site-packages_PyQt6["PyQt6"]\n    node_venv_lib_python3_12_site-packages_PyQt6 --> node_venv_lib_python3_12_site-packages_PyQt6_bindings["bindings"]\n    node_venv_lib_python3_12_site-packages_PyQt6_bindings --> node_venv_lib_python3_12_site-packages_PyQt6_bindings_QtHelp["QtHelp"]\n    node_venv_lib_python3_12_site-packages_PyQt6_bindings_QtHelp --> node_venv_lib_python3_12_site-packages_PyQt6_bindings_QtHelp_qhelpenginecore_sip["qhelpenginecore.sip"]\n    Root --> node_venv["venv"]\n    node_venv --> node_venv_lib["lib"]\n    node_venv_lib --> node_venv_lib_python3_12["python3.12"]\n    node_venv_lib_python3_12 --> node_venv_lib_python3_12_site-packages["site-packages"]\n    node_venv_lib_python3_12_site-packages --> node_venv_lib_python3_12_site-packages_PyQt6["PyQt6"]\n    node_venv_lib_python3_12_site-packages_PyQt6 --> node_venv_lib_python3_12_site-packages_PyQt6_bindings["bindings"]\n    node_venv_lib_python3_12_site-packages_PyQt6_bindings --> node_venv_lib_python3_12_site-packages_PyQt6_bindings_QtHelp["QtHelp"]\n    node_venv_lib_python3_12_site-packages_PyQt6_bindings_QtHelp --> node_venv_lib_python3_12_site-packages_PyQt6_bindings_QtHelp_qhelpfilterdata_sip["qhelpfilterdata.sip"]\n    Root --> node_venv["venv"]\n    node_venv --> node_venv_lib["lib"]\n    node_venv_lib --> node_venv_lib_python3_12["python3.12"]\n    node_venv_lib_python3_12 --> node_venv_lib_python3_12_site-packages["site-packages"]\n    node_venv_lib_python3_12_site-packages --> node_venv_lib_python3_12_site-packages_PyQt6["PyQt6"]\n    node_venv_lib_python3_12_site-packages_PyQt6 --> node_venv_lib_python3_12_site-packages_PyQt6_bindings["bindings"]\n    node_venv_lib_python3_12_site-packages_PyQt6_bindings --> node_venv_lib_python3_12_site-packages_PyQt6_bindings_QtHelp["QtHelp"]\n    node_venv_lib_python3_12_site-packages_PyQt6_bindings_QtHelp --> node_venv_lib_python3_12_site-packages_PyQt6_bindings_QtHelp_qhelpfilterengine_sip["qhelpfilterengine.sip"]\n    Root --> node_venv["venv"]\n    node_venv --> node_venv_lib["lib"]\n    node_venv_lib --> node_venv_lib_python3_12["python3.12"]\n    node_venv_lib_python3_12 --> node_venv_lib_python3_12_site-packages["site-packages"]\n    node_venv_lib_python3_12_site-packages --> node_venv_lib_python3_12_site-packages_PyQt6["PyQt6"]\n    node_venv_lib_python3_12_site-packages_PyQt6 --> node_venv_lib_python3_12_site-packages_PyQt6_bindings["bindings"]\n    node_venv_lib_python3_12_site-packages_PyQt6_bindings --> node_venv_lib_python3_12_site-packages_PyQt6_bindings_QtHelp["QtHelp"]\n    node_venv_lib_python3_12_site-packages_PyQt6_bindings_QtHelp --> node_venv_lib_python3_12_site-packages_PyQt6_bindings_QtHelp_qhelpfiltersettingswidget_sip["qhelpfiltersettingswidget.sip"]\n    Root --> node_venv["venv"]\n    node_venv --> node_venv_lib["lib"]\n    node_venv_lib --> node_venv_lib_python3_12["python3.12"]\n    node_venv_lib_python3_12 --> node_venv_lib_python3_12_site-packages["site-packages"]\n    node_venv_lib_python3_12_site-packages --> node_venv_lib_python3_12_site-packages_PyQt6["PyQt6"]\n    node_venv_lib_python3_12_site-packages_PyQt6 --> node_venv_lib_python3_12_site-packages_PyQt6_bindings["bindings"]\n    node_venv_lib_python3_12_site-packages_PyQt6_bindings --> node_venv_lib_python3_12_site-packages_PyQt6_bindings_QtHelp["QtHelp"]\n    node_venv_lib_python3_12_site-packages_PyQt6_bindings_QtHelp --> node_venv_lib_python3_12_site-packages_PyQt6_bindings_QtHelp_qhelpindexwidget_sip["qhelpindexwidget.sip"]\n    Root --> node_venv["venv"]\n    node_venv --> node_venv_lib["lib"]\n    node_venv_lib --> node_venv_lib_python3_12["python3.12"]\n    node_venv_lib_python3_12 --> node_venv_lib_python3_12_site-packages["site-packages"]\n    node_venv_lib_python3_12_site-packages --> node_venv_lib_python3_12_site-packages_PyQt6["PyQt6"]\n    node_venv_lib_python3_12_site-packages_PyQt6 --> node_venv_lib_python3_12_site-packages_PyQt6_bindings["bindings"]\n    node_venv_lib_python3_12_site-packages_PyQt6_bindings --> node_venv_lib_python3_12_site-packages_PyQt6_bindings_QtHelp["QtHelp"]\n    node_venv_lib_python3_12_site-packages_PyQt6_bindings_QtHelp --> node_venv_lib_python3_12_site-packages_PyQt6_bindings_QtHelp_qhelplink_sip["qhelplink.sip"]\n    Root --> node_venv["venv"]\n    node_venv --> node_venv_lib["lib"]\n    node_venv_lib --> node_venv_lib_python3_12["python3.12"]\n    node_venv_lib_python3_12 --> node_venv_lib_python3_12_site-packages["site-packages"]\n    node_venv_lib_python3_12_site-packages --> node_venv_lib_python3_12_site-packages_PyQt6["PyQt6"]\n    node_venv_lib_python3_12_site-packages_PyQt6 --> node_venv_lib_python3_12_site-packages_PyQt6_bindings["bindings"]\n    node_venv_lib_python3_12_site-packages_PyQt6_bindings --> node_venv_lib_python3_12_site-packages_PyQt6_bindings_QtHelp["QtHelp"]\n    node_venv_lib_python3_12_site-packages_PyQt6_bindings_QtHelp --> node_venv_lib_python3_12_site-packages_PyQt6_bindings_QtHelp_qhelpsearchengine_sip["qhelpsearchengine.sip"]\n    Root --> node_venv["venv"]\n    node_venv --> node_venv_lib["lib"]\n    node_venv_lib --> node_venv_lib_python3_12["python3.12"]\n    node_venv_lib_python3_12 --> node_venv_lib_python3_12_site-packages["site-packages"]\n    node_venv_lib_python3_12_site-packages --> node_venv_lib_python3_12_site-packages_PyQt6["PyQt6"]\n    node_venv_lib_python3_12_site-packages_PyQt6 --> node_venv_lib_python3_12_site-packages_PyQt6_bindings["bindings"]\n    node_venv_lib_python3_12_site-packages_PyQt6_bindings --> node_venv_lib_python3_12_site-packages_PyQt6_bindings_QtHelp["QtHelp"]\n    node_venv_lib_python3_12_site-packages_PyQt6_bindings_QtHelp --> node_venv_lib_python3_12_site-packages_PyQt6_bindings_QtHelp_qhelpsearchenginecore_sip["qhelpsearchenginecore.sip"]\n    Root --> node_venv["venv"]\n    node_venv --> node_venv_lib["lib"]\n    node_venv_lib --> node_venv_lib_python3_12["python3.12"]\n    node_venv_lib_python3_12 --> node_venv_lib_python3_12_site-packages["site-packages"]\n    node_venv_lib_python3_12_site-packages --> node_venv_lib_python3_12_site-packages_PyQt6["PyQt6"]\n    node_venv_lib_python3_12_site-packages_PyQt6 --> node_venv_lib_python3_12_site-packages_PyQt6_bindings["bindings"]\n    node_venv_lib_python3_12_site-packages_PyQt6_bindings --> node_venv_lib_python3_12_site-packages_PyQt6_bindings_QtHelp["QtHelp"]\n    node_venv_lib_python3_12_site-packages_PyQt6_bindings_QtHelp --> node_venv_lib_python3_12_site-packages_PyQt6_bindings_QtHelp_qhelpsearchquerywidget_sip["qhelpsearchquerywidget.sip"]\n    Root --> node_venv["venv"]\n    node_venv --> node_venv_lib["lib"]\n    node_venv_lib --> node_venv_lib_python3_12["python3.12"]\n    node_venv_lib_python3_12 --> node_venv_lib_python3_12_site-packages["site-packages"]\n    node_venv_lib_python3_12_site-packages --> node_venv_lib_python3_12_site-packages_PyQt6["PyQt6"]\n    node_venv_lib_python3_12_site-packages_PyQt6 --> node_venv_lib_python3_12_site-packages_PyQt6_bindings["bindings"]\n    node_venv_lib_python3_12_site-packages_PyQt6_bindings --> node_venv_lib_python3_12_site-packages_PyQt6_bindings_QtHelp["QtHelp"]\n    node_venv_lib_python3_12_site-packages_PyQt6_bindings_QtHelp --> node_venv_lib_python3_12_site-packages_PyQt6_bindings_QtHelp_qhelpsearchresult_sip["qhelpsearchresult.sip"]\n    Root --> node_venv["venv"]\n    node_venv --> node_venv_lib["lib"]\n    node_venv_lib --> node_venv_lib_python3_12["python3.12"]\n    node_venv_lib_python3_12 --> node_venv_lib_python3_12_site-packages["site-packages"]\n    node_venv_lib_python3_12_site-packages --> node_venv_lib_python3_12_site-packages_PyQt6["PyQt6"]\n    node_venv_lib_python3_12_site-packages_PyQt6 --> node_venv_lib_python3_12_site-packages_PyQt6_bindings["bindings"]\n    node_venv_lib_python3_12_site-packages_PyQt6_bindings --> node_venv_lib_python3_12_site-packages_PyQt6_bindings_QtHelp["QtHelp"]\n    node_venv_lib_python3_12_site-packages_PyQt6_bindings_QtHelp --> node_venv_lib_python3_12_site-packages_PyQt6_bindings_QtHelp_qhelpsearchresultwidget_sip["qhelpsearchresultwidget.sip"]\n    Root --> node_venv["venv"]\n    node_venv --> node_venv_lib["lib"]\n    node_venv_lib --> node_venv_lib_python3_12["python3.12"]\n    node_venv_lib_python3_12 --> node_venv_lib_python3_12_site-packages["site-packages"]\n    node_venv_lib_python3_12_site-packages --> node_venv_lib_python3_12_site-packages_PyQt6["PyQt6"]\n    node_venv_lib_python3_12_site-packages_PyQt6 --> node_venv_lib_python3_12_site-packages_PyQt6_bindings["bindings"]\n    node_venv_lib_python3_12_site-packages_PyQt6_bindings --> node_venv_lib_python3_12_site-packages_PyQt6_bindings_QtSvg["QtSvg"]\n    node_venv_lib_python3_12_site-packages_PyQt6_bindings_QtSvg --> node_venv_lib_python3_12_site-packages_PyQt6_bindings_QtSvg_QtSvg_toml["QtSvg.toml"]\n    Root --> node_venv["venv"]\n    node_venv --> node_venv_lib["lib"]\n    node_venv_lib --> node_venv_lib_python3_12["python3.12"]\n    node_venv_lib_python3_12 --> node_venv_lib_python3_12_site-packages["site-packages"]\n    node_venv_lib_python3_12_site-packages --> node_venv_lib_python3_12_site-packages_PyQt6["PyQt6"]\n    node_venv_lib_python3_12_site-packages_PyQt6 --> node_venv_lib_python3_12_site-packages_PyQt6_bindings["bindings"]\n    node_venv_lib_python3_12_site-packages_PyQt6_bindings --> node_venv_lib_python3_12_site-packages_PyQt6_bindings_QtSvg["QtSvg"]\n    node_venv_lib_python3_12_site-packages_PyQt6_bindings_QtSvg --> node_venv_lib_python3_12_site-packages_PyQt6_bindings_QtSvg_QtSvgmod_sip["QtSvgmod.sip"]\n    Root --> node_venv["venv"]\n    node_venv --> node_venv_lib["lib"]\n    node_venv_lib --> node_venv_lib_python3_12["python3.12"]\n    node_venv_lib_python3_12 --> node_venv_lib_python3_12_site-packages["site-packages"]\n    node_venv_lib_python3_12_site-packages --> node_venv_lib_python3_12_site-packages_PyQt6["PyQt6"]\n    node_venv_lib_python3_12_site-packages_PyQt6 --> node_venv_lib_python3_12_site-packages_PyQt6_bindings["bindings"]\n    node_venv_lib_python3_12_site-packages_PyQt6_bindings --> node_venv_lib_python3_12_site-packages_PyQt6_bindings_QtSvg["QtSvg"]\n    node_venv_lib_python3_12_site-packages_PyQt6_bindings_QtSvg --> node_venv_lib_python3_12_site-packages_PyQt6_bindings_QtSvg_qsvggenerator_sip["qsvggenerator.sip"]\n    Root --> node_venv["venv"]\n    node_venv --> node_venv_lib["lib"]\n    node_venv_lib --> node_venv_lib_python3_12["python3.12"]\n    node_venv_lib_python3_12 --> node_venv_lib_python3_12_site-packages["site-packages"]\n    node_venv_lib_python3_12_site-packages --> node_venv_lib_python3_12_site-packages_PyQt6["PyQt6"]\n    node_venv_lib_python3_12_site-packages_PyQt6 --> node_venv_lib_python3_12_site-packages_PyQt6_bindings["bindings"]\n    node_venv_lib_python3_12_site-packages_PyQt6_bindings --> node_venv_lib_python3_12_site-packages_PyQt6_bindings_QtSvg["QtSvg"]\n    node_venv_lib_python3_12_site-packages_PyQt6_bindings_QtSvg --> node_venv_lib_python3_12_site-packages_PyQt6_bindings_QtSvg_qsvgrenderer_sip["qsvgrenderer.sip"]\n    Root --> node_venv["venv"]\n    node_venv --> node_venv_lib["lib"]\n    node_venv_lib --> node_venv_lib_python3_12["python3.12"]\n    node_venv_lib_python3_12 --> node_venv_lib_python3_12_site-packages["site-packages"]\n    node_venv_lib_python3_12_site-packages --> node_venv_lib_python3_12_site-packages_PyQt6["PyQt6"]\n    node_venv_lib_python3_12_site-packages_PyQt6 --> node_venv_lib_python3_12_site-packages_PyQt6_bindings["bindings"]\n    node_venv_lib_python3_12_site-packages_PyQt6_bindings --> node_venv_lib_python3_12_site-packages_PyQt6_bindings_QtSvg["QtSvg"]\n    node_venv_lib_python3_12_site-packages_PyQt6_bindings_QtSvg --> node_venv_lib_python3_12_site-packages_PyQt6_bindings_QtSvg_qtsvgglobal_sip["qtsvgglobal.sip"]\n    Root --> node_venv["venv"]\n    node_venv --> node_venv_lib["lib"]\n    node_venv_lib --> node_venv_lib_python3_12["python3.12"]\n    node_venv_lib_python3_12 --> node_venv_lib_python3_12_site-packages["site-packages"]\n    node_venv_lib_python3_12_site-packages --> node_venv_lib_python3_12_site-packages_PyQt6["PyQt6"]\n    node_venv_lib_python3_12_site-packages_PyQt6 --> node_venv_lib_python3_12_site-packages_PyQt6_bindings["bindings"]\n    node_venv_lib_python3_12_site-packages_PyQt6_bindings --> node_venv_lib_python3_12_site-packages_PyQt6_bindings_QtXml["QtXml"]\n    node_venv_lib_python3_12_site-packages_PyQt6_bindings_QtXml --> node_venv_lib_python3_12_site-packages_PyQt6_bindings_QtXml_QtXml_toml["QtXml.toml"]\n    Root --> node_venv["venv"]\n    node_venv --> node_venv_lib["lib"]\n    node_venv_lib --> node_venv_lib_python3_12["python3.12"]\n    node_venv_lib_python3_12 --> node_venv_lib_python3_12_site-packages["site-packages"]\n    node_venv_lib_python3_12_site-packages --> node_venv_lib_python3_12_site-packages_PyQt6["PyQt6"]\n    node_venv_lib_python3_12_site-packages_PyQt6 --> node_venv_lib_python3_12_site-packages_PyQt6_bindings["bindings"]\n    node_venv_lib_python3_12_site-packages_PyQt6_bindings --> node_venv_lib_python3_12_site-packages_PyQt6_bindings_QtXml["QtXml"]\n    node_venv_lib_python3_12_site-packages_PyQt6_bindings_QtXml --> node_venv_lib_python3_12_site-packages_PyQt6_bindings_QtXml_QtXmlmod_sip["QtXmlmod.sip"]\n    Root --> node_venv["venv"]\n    node_venv --> node_venv_lib["lib"]\n    node_venv_lib --> node_venv_lib_python3_12["python3.12"]\n    node_venv_lib_python3_12 --> node_venv_lib_python3_12_site-packages["site-packages"]\n    node_venv_lib_python3_12_site-packages --> node_venv_lib_python3_12_site-packages_PyQt6["PyQt6"]\n    node_venv_lib_python3_12_site-packages_PyQt6 --> node_venv_lib_python3_12_site-packages_PyQt6_bindings["bindings"]\n    node_venv_lib_python3_12_site-packages_PyQt6_bindings --> node_venv_lib_python3_12_site-packages_PyQt6_bindings_QtXml["QtXml"]\n    node_venv_lib_python3_12_site-packages_PyQt6_bindings_QtXml --> node_venv_lib_python3_12_site-packages_PyQt6_bindings_QtXml_qdom_sip["qdom.sip"]\n    Root --> node_venv["venv"]\n    node_venv --> node_venv_lib["lib"]\n    node_venv_lib --> node_venv_lib_python3_12["python3.12"]\n    node_venv_lib_python3_12 --> node_venv_lib_python3_12_site-packages["site-packages"]\n    node_venv_lib_python3_12_site-packages --> node_venv_lib_python3_12_site-packages_PyQt6["PyQt6"]\n    node_venv_lib_python3_12_site-packages_PyQt6 --> node_venv_lib_python3_12_site-packages_PyQt6_bindings["bindings"]\n    node_venv_lib_python3_12_site-packages_PyQt6_bindings --> node_venv_lib_python3_12_site-packages_PyQt6_bindings_QtSvgWidgets["QtSvgWidgets"]\n    node_venv_lib_python3_12_site-packages_PyQt6_bindings_QtSvgWidgets --> node_venv_lib_python3_12_site-packages_PyQt6_bindings_QtSvgWidgets_QtSvgWidgets_toml["QtSvgWidgets.toml"]\n    Root --> node_venv["venv"]\n    node_venv --> node_venv_lib["lib"]\n    node_venv_lib --> node_venv_lib_python3_12["python3.12"]\n    node_venv_lib_python3_12 --> node_venv_lib_python3_12_site-packages["site-packages"]\n    node_venv_lib_python3_12_site-packages --> node_venv_lib_python3_12_site-packages_PyQt6["PyQt6"]\n    node_venv_lib_python3_12_site-packages_PyQt6 --> node_venv_lib_python3_12_site-packages_PyQt6_bindings["bindings"]\n    node_venv_lib_python3_12_site-packages_PyQt6_bindings --> node_venv_lib_python3_12_site-packages_PyQt6_bindings_QtSvgWidgets["QtSvgWidgets"]\n    node_venv_lib_python3_12_site-packages_PyQt6_bindings_QtSvgWidgets --> node_venv_lib_python3_12_site-packages_PyQt6_bindings_QtSvgWidgets_QtSvgWidgetsmod_sip["QtSvgWidgetsmod.sip"]\n    Root --> node_venv["venv"]\n    node_venv --> node_venv_lib["lib"]\n    node_venv_lib --> node_venv_lib_python3_12["python3.12"]\n    node_venv_lib_python3_12 --> node_venv_lib_python3_12_site-packages["site-packages"]\n    node_venv_lib_python3_12_site-packages --> node_venv_lib_python3_12_site-packages_PyQt6["PyQt6"]\n    node_venv_lib_python3_12_site-packages_PyQt6 --> node_venv_lib_python3_12_site-packages_PyQt6_bindings["bindings"]\n    node_venv_lib_python3_12_site-packages_PyQt6_bindings --> node_venv_lib_python3_12_site-packages_PyQt6_bindings_QtSvgWidgets["QtSvgWidgets"]\n    node_venv_lib_python3_12_site-packages_PyQt6_bindings_QtSvgWidgets --> node_venv_lib_python3_12_site-packages_PyQt6_bindings_QtSvgWidgets_qgraphicssvgitem_sip["qgraphicssvgitem.sip"]\n    Root --> node_venv["venv"]\n    node_venv --> node_venv_lib["lib"]\n    node_venv_lib --> node_venv_lib_python3_12["python3.12"]\n    node_venv_lib_python3_12 --> node_venv_lib_python3_12_site-packages["site-packages"]\n    node_venv_lib_python3_12_site-packages --> node_venv_lib_python3_12_site-packages_PyQt6["PyQt6"]\n    node_venv_lib_python3_12_site-packages_PyQt6 --> node_venv_lib_python3_12_site-packages_PyQt6_bindings["bindings"]\n    node_venv_lib_python3_12_site-packages_PyQt6_bindings --> node_venv_lib_python3_12_site-packages_PyQt6_bindings_QtSvgWidgets["QtSvgWidgets"]\n    node_venv_lib_python3_12_site-packages_PyQt6_bindings_QtSvgWidgets --> node_venv_lib_python3_12_site-packages_PyQt6_bindings_QtSvgWidgets_qsvgwidget_sip["qsvgwidget.sip"]\n    Root --> node_venv["venv"]\n    node_venv --> node_venv_lib["lib"]\n    node_venv_lib --> node_venv_lib_python3_12["python3.12"]\n    node_venv_lib_python3_12 --> node_venv_lib_python3_12_site-packages["site-packages"]\n    node_venv_lib_python3_12_site-packages --> node_venv_lib_python3_12_site-packages_PyQt6["PyQt6"]\n    node_venv_lib_python3_12_site-packages_PyQt6 --> node_venv_lib_python3_12_site-packages_PyQt6_bindings["bindings"]\n    node_venv_lib_python3_12_site-packages_PyQt6_bindings --> node_venv_lib_python3_12_site-packages_PyQt6_bindings_QtRemoteObjects["QtRemoteObjects"]\n    node_venv_lib_python3_12_site-packages_PyQt6_bindings_QtRemoteObjects --> node_venv_lib_python3_12_site-packages_PyQt6_bindings_QtRemoteObjects_QtRemoteObjects_toml["QtRemoteObjects.toml"]\n    Root --> node_venv["venv"]\n    node_venv --> node_venv_lib["lib"]\n    node_venv_lib --> node_venv_lib_python3_12["python3.12"]\n    node_venv_lib_python3_12 --> node_venv_lib_python3_12_site-packages["site-packages"]\n    node_venv_lib_python3_12_site-packages --> node_venv_lib_python3_12_site-packages_PyQt6["PyQt6"]\n    node_venv_lib_python3_12_site-packages_PyQt6 --> node_venv_lib_python3_12_site-packages_PyQt6_bindings["bindings"]\n    node_venv_lib_python3_12_site-packages_PyQt6_bindings --> node_venv_lib_python3_12_site-packages_PyQt6_bindings_QtRemoteObjects["QtRemoteObjects"]\n    node_venv_lib_python3_12_site-packages_PyQt6_bindings_QtRemoteObjects --> node_venv_lib_python3_12_site-packages_PyQt6_bindings_QtRemoteObjects_QtRemoteObjectsmod_sip["QtRemoteObjectsmod.sip"]\n    Root --> node_venv["venv"]\n    node_venv --> node_venv_lib["lib"]\n    node_venv_lib --> node_venv_lib_python3_12["python3.12"]\n    node_venv_lib_python3_12 --> node_venv_lib_python3_12_site-packages["site-packages"]\n    node_venv_lib_python3_12_site-packages --> node_venv_lib_python3_12_site-packages_PyQt6["PyQt6"]\n    node_venv_lib_python3_12_site-packages_PyQt6 --> node_venv_lib_python3_12_site-packages_PyQt6_bindings["bindings"]\n    node_venv_lib_python3_12_site-packages_PyQt6_bindings --> node_venv_lib_python3_12_site-packages_PyQt6_bindings_QtRemoteObjects["QtRemoteObjects"]\n    node_venv_lib_python3_12_site-packages_PyQt6_bindings_QtRemoteObjects --> node_venv_lib_python3_12_site-packages_PyQt6_bindings_QtRemoteObjects_qremoteobjectabstractitemmodelreplica_sip["qremoteobjectabstractitemmodelreplica.sip"]\n    Root --> node_venv["venv"]\n    node_venv --> node_venv_lib["lib"]\n    node_venv_lib --> node_venv_lib_python3_12["python3.12"]\n    node_venv_lib_python3_12 --> node_venv_lib_python3_12_site-packages["site-packages"]\n    node_venv_lib_python3_12_site-packages --> node_venv_lib_python3_12_site-packages_PyQt6["PyQt6"]\n    node_venv_lib_python3_12_site-packages_PyQt6 --> node_venv_lib_python3_12_site-packages_PyQt6_bindings["bindings"]\n    node_venv_lib_python3_12_site-packages_PyQt6_bindings --> node_venv_lib_python3_12_site-packages_PyQt6_bindings_QtRemoteObjects["QtRemoteObjects"]\n    node_venv_lib_python3_12_site-packages_PyQt6_bindings_QtRemoteObjects --> node_venv_lib_python3_12_site-packages_PyQt6_bindings_QtRemoteObjects_qremoteobjectdynamicreplica_sip["qremoteobjectdynamicreplica.sip"]\n    Root --> node_venv["venv"]\n    node_venv --> node_venv_lib["lib"]\n    node_venv_lib --> node_venv_lib_python3_12["python3.12"]\n    node_venv_lib_python3_12 --> node_venv_lib_python3_12_site-packages["site-packages"]\n    node_venv_lib_python3_12_site-packages --> node_venv_lib_python3_12_site-packages_PyQt6["PyQt6"]\n    node_venv_lib_python3_12_site-packages_PyQt6 --> node_venv_lib_python3_12_site-packages_PyQt6_bindings["bindings"]\n    node_venv_lib_python3_12_site-packages_PyQt6_bindings --> node_venv_lib_python3_12_site-packages_PyQt6_bindings_QtRemoteObjects["QtRemoteObjects"]\n    node_venv_lib_python3_12_site-packages_PyQt6_bindings_QtRemoteObjects --> node_venv_lib_python3_12_site-packages_PyQt6_bindings_QtRemoteObjects_qremoteobjectnode_sip["qremoteobjectnode.sip"]\n    Root --> node_venv["venv"]\n    node_venv --> node_venv_lib["lib"]\n    node_venv_lib --> node_venv_lib_python3_12["python3.12"]\n    node_venv_lib_python3_12 --> node_venv_lib_python3_12_site-packages["site-packages"]\n    node_venv_lib_python3_12_site-packages --> node_venv_lib_python3_12_site-packages_PyQt6["PyQt6"]\n    node_venv_lib_python3_12_site-packages_PyQt6 --> node_venv_lib_python3_12_site-packages_PyQt6_bindings["bindings"]\n    node_venv_lib_python3_12_site-packages_PyQt6_bindings --> node_venv_lib_python3_12_site-packages_PyQt6_bindings_QtRemoteObjects["QtRemoteObjects"]\n    node_venv_lib_python3_12_site-packages_PyQt6_bindings_QtRemoteObjects --> node_venv_lib_python3_12_site-packages_PyQt6_bindings_QtRemoteObjects_qremoteobjectregistry_sip["qremoteobjectregistry.sip"]\n    Root --> node_venv["venv"]\n    node_venv --> node_venv_lib["lib"]\n    node_venv_lib --> node_venv_lib_python3_12["python3.12"]\n    node_venv_lib_python3_12 --> node_venv_lib_python3_12_site-packages["site-packages"]\n    node_venv_lib_python3_12_site-packages --> node_venv_lib_python3_12_site-packages_PyQt6["PyQt6"]\n    node_venv_lib_python3_12_site-packages_PyQt6 --> node_venv_lib_python3_12_site-packages_PyQt6_bindings["bindings"]\n    node_venv_lib_python3_12_site-packages_PyQt6_bindings --> node_venv_lib_python3_12_site-packages_PyQt6_bindings_QtRemoteObjects["QtRemoteObjects"]\n    node_venv_lib_python3_12_site-packages_PyQt6_bindings_QtRemoteObjects --> node_venv_lib_python3_12_site-packages_PyQt6_bindings_QtRemoteObjects_qremoteobjectreplica_sip["qremoteobjectreplica.sip"]\n    Root --> node_venv["venv"]\n    node_venv --> node_venv_lib["lib"]\n    node_venv_lib --> node_venv_lib_python3_12["python3.12"]\n    node_venv_lib_python3_12 --> node_venv_lib_python3_12_site-packages["site-packages"]\n    node_venv_lib_python3_12_site-packages --> node_venv_lib_python3_12_site-packages_PyQt6["PyQt6"]\n    node_venv_lib_python3_12_site-packages_PyQt6 --> node_venv_lib_python3_12_site-packages_PyQt6_bindings["bindings"]\n    node_venv_lib_python3_12_site-packages_PyQt6_bindings --> node_venv_lib_python3_12_site-packages_PyQt6_bindings_QtRemoteObjects["QtRemoteObjects"]\n    node_venv_lib_python3_12_site-packages_PyQt6_bindings_QtRemoteObjects --> node_venv_lib_python3_12_site-packages_PyQt6_bindings_QtRemoteObjects_qtremoteobjectglobal_sip["qtremoteobjectglobal.sip"]\n    Root --> node_venv["venv"]\n    node_venv --> node_venv_lib["lib"]\n    node_venv_lib --> node_venv_lib_python3_12["python3.12"]\n    node_venv_lib_python3_12 --> node_venv_lib_python3_12_site-packages["site-packages"]\n    node_venv_lib_python3_12_site-packages --> node_venv_lib_python3_12_site-packages_PyQt6["PyQt6"]\n    node_venv_lib_python3_12_site-packages_PyQt6 --> node_venv_lib_python3_12_site-packages_PyQt6_bindings["bindings"]\n    node_venv_lib_python3_12_site-packages_PyQt6_bindings --> node_venv_lib_python3_12_site-packages_PyQt6_bindings_QtSensors["QtSensors"]\n    node_venv_lib_python3_12_site-packages_PyQt6_bindings_QtSensors --> node_venv_lib_python3_12_site-packages_PyQt6_bindings_QtSensors_QtSensors_toml["QtSensors.toml"]\n    Root --> node_venv["venv"]\n    node_venv --> node_venv_lib["lib"]\n    node_venv_lib --> node_venv_lib_python3_12["python3.12"]\n    node_venv_lib_python3_12 --> node_venv_lib_python3_12_site-packages["site-packages"]\n    node_venv_lib_python3_12_site-packages --> node_venv_lib_python3_12_site-packages_PyQt6["PyQt6"]\n    node_venv_lib_python3_12_site-packages_PyQt6 --> node_venv_lib_python3_12_site-packages_PyQt6_bindings["bindings"]\n    node_venv_lib_python3_12_site-packages_PyQt6_bindings --> node_venv_lib_python3_12_site-packages_PyQt6_bindings_QtSensors["QtSensors"]\n    node_venv_lib_python3_12_site-packages_PyQt6_bindings_QtSensors --> node_venv_lib_python3_12_site-packages_PyQt6_bindings_QtSensors_QtSensorsmod_sip["QtSensorsmod.sip"]\n    Root --> node_venv["venv"]\n    node_venv --> node_venv_lib["lib"]\n    node_venv_lib --> node_venv_lib_python3_12["python3.12"]\n    node_venv_lib_python3_12 --> node_venv_lib_python3_12_site-packages["site-packages"]\n    node_venv_lib_python3_12_site-packages --> node_venv_lib_python3_12_site-packages_PyQt6["PyQt6"]\n    node_venv_lib_python3_12_site-packages_PyQt6 --> node_venv_lib_python3_12_site-packages_PyQt6_bindings["bindings"]\n    node_venv_lib_python3_12_site-packages_PyQt6_bindings --> node_venv_lib_python3_12_site-packages_PyQt6_bindings_QtSensors["QtSensors"]\n    node_venv_lib_python3_12_site-packages_PyQt6_bindings_QtSensors --> node_venv_lib_python3_12_site-packages_PyQt6_bindings_QtSensors_qaccelerometer_sip["qaccelerometer.sip"]\n    Root --> node_venv["venv"]\n    node_venv --> node_venv_lib["lib"]\n    node_venv_lib --> node_venv_lib_python3_12["python3.12"]\n    node_venv_lib_python3_12 --> node_venv_lib_python3_12_site-packages["site-packages"]\n    node_venv_lib_python3_12_site-packages --> node_venv_lib_python3_12_site-packages_PyQt6["PyQt6"]\n    node_venv_lib_python3_12_site-packages_PyQt6 --> node_venv_lib_python3_12_site-packages_PyQt6_bindings["bindings"]\n    node_venv_lib_python3_12_site-packages_PyQt6_bindings --> node_venv_lib_python3_12_site-packages_PyQt6_bindings_QtSensors["QtSensors"]\n    node_venv_lib_python3_12_site-packages_PyQt6_bindings_QtSensors --> node_venv_lib_python3_12_site-packages_PyQt6_bindings_QtSensors_qambientlightsensor_sip["qambientlightsensor.sip"]\n    Root --> node_venv["venv"]\n    node_venv --> node_venv_lib["lib"]\n    node_venv_lib --> node_venv_lib_python3_12["python3.12"]\n    node_venv_lib_python3_12 --> node_venv_lib_python3_12_site-packages["site-packages"]\n    node_venv_lib_python3_12_site-packages --> node_venv_lib_python3_12_site-packages_PyQt6["PyQt6"]\n    node_venv_lib_python3_12_site-packages_PyQt6 --> node_venv_lib_python3_12_site-packages_PyQt6_bindings["bindings"]\n    node_venv_lib_python3_12_site-packages_PyQt6_bindings --> node_venv_lib_python3_12_site-packages_PyQt6_bindings_QtSensors["QtSensors"]\n    node_venv_lib_python3_12_site-packages_PyQt6_bindings_QtSensors --> node_venv_lib_python3_12_site-packages_PyQt6_bindings_QtSensors_qambienttemperaturesensor_sip["qambienttemperaturesensor.sip"]\n    Root --> node_venv["venv"]\n    node_venv --> node_venv_lib["lib"]\n    node_venv_lib --> node_venv_lib_python3_12["python3.12"]\n    node_venv_lib_python3_12 --> node_venv_lib_python3_12_site-packages["site-packages"]\n    node_venv_lib_python3_12_site-packages --> node_venv_lib_python3_12_site-packages_PyQt6["PyQt6"]\n    node_venv_lib_python3_12_site-packages_PyQt6 --> node_venv_lib_python3_12_site-packages_PyQt6_bindings["bindings"]\n    node_venv_lib_python3_12_site-packages_PyQt6_bindings --> node_venv_lib_python3_12_site-packages_PyQt6_bindings_QtSensors["QtSensors"]\n    node_venv_lib_python3_12_site-packages_PyQt6_bindings_QtSensors --> node_venv_lib_python3_12_site-packages_PyQt6_bindings_QtSensors_qcompass_sip["qcompass.sip"]\n    Root --> node_venv["venv"]\n    node_venv --> node_venv_lib["lib"]\n    node_venv_lib --> node_venv_lib_python3_12["python3.12"]\n    node_venv_lib_python3_12 --> node_venv_lib_python3_12_site-packages["site-packages"]\n    node_venv_lib_python3_12_site-packages --> node_venv_lib_python3_12_site-packages_PyQt6["PyQt6"]\n    node_venv_lib_python3_12_site-packages_PyQt6 --> node_venv_lib_python3_12_site-packages_PyQt6_bindings["bindings"]\n    node_venv_lib_python3_12_site-packages_PyQt6_bindings --> node_venv_lib_python3_12_site-packages_PyQt6_bindings_QtSensors["QtSensors"]\n    node_venv_lib_python3_12_site-packages_PyQt6_bindings_QtSensors --> node_venv_lib_python3_12_site-packages_PyQt6_bindings_QtSensors_qgyroscope_sip["qgyroscope.sip"]\n    Root --> node_venv["venv"]\n    node_venv --> node_venv_lib["lib"]\n    node_venv_lib --> node_venv_lib_python3_12["python3.12"]\n    node_venv_lib_python3_12 --> node_venv_lib_python3_12_site-packages["site-packages"]\n    node_venv_lib_python3_12_site-packages --> node_venv_lib_python3_12_site-packages_PyQt6["PyQt6"]\n    node_venv_lib_python3_12_site-packages_PyQt6 --> node_venv_lib_python3_12_site-packages_PyQt6_bindings["bindings"]\n    node_venv_lib_python3_12_site-packages_PyQt6_bindings --> node_venv_lib_python3_12_site-packages_PyQt6_bindings_QtSensors["QtSensors"]\n    node_venv_lib_python3_12_site-packages_PyQt6_bindings_QtSensors --> node_venv_lib_python3_12_site-packages_PyQt6_bindings_QtSensors_qhumiditysensor_sip["qhumiditysensor.sip"]\n    Root --> node_venv["venv"]\n    node_venv --> node_venv_lib["lib"]\n    node_venv_lib --> node_venv_lib_python3_12["python3.12"]\n    node_venv_lib_python3_12 --> node_venv_lib_python3_12_site-packages["site-packages"]\n    node_venv_lib_python3_12_site-packages --> node_venv_lib_python3_12_site-packages_PyQt6["PyQt6"]\n    node_venv_lib_python3_12_site-packages_PyQt6 --> node_venv_lib_python3_12_site-packages_PyQt6_bindings["bindings"]\n    node_venv_lib_python3_12_site-packages_PyQt6_bindings --> node_venv_lib_python3_12_site-packages_PyQt6_bindings_QtSensors["QtSensors"]\n    node_venv_lib_python3_12_site-packages_PyQt6_bindings_QtSensors --> node_venv_lib_python3_12_site-packages_PyQt6_bindings_QtSensors_qirproximitysensor_sip["qirproximitysensor.sip"]\n    Root --> node_venv["venv"]\n    node_venv --> node_venv_lib["lib"]\n    node_venv_lib --> node_venv_lib_python3_12["python3.12"]\n    node_venv_lib_python3_12 --> node_venv_lib_python3_12_site-packages["site-packages"]\n    node_venv_lib_python3_12_site-packages --> node_venv_lib_python3_12_site-packages_PyQt6["PyQt6"]\n    node_venv_lib_python3_12_site-packages_PyQt6 --> node_venv_lib_python3_12_site-packages_PyQt6_bindings["bindings"]\n    node_venv_lib_python3_12_site-packages_PyQt6_bindings --> node_venv_lib_python3_12_site-packages_PyQt6_bindings_QtSensors["QtSensors"]\n    node_venv_lib_python3_12_site-packages_PyQt6_bindings_QtSensors --> node_venv_lib_python3_12_site-packages_PyQt6_bindings_QtSensors_qlidsensor_sip["qlidsensor.sip"]\n    Root --> node_venv["venv"]\n    node_venv --> node_venv_lib["lib"]\n    node_venv_lib --> node_venv_lib_python3_12["python3.12"]\n    node_venv_lib_python3_12 --> node_venv_lib_python3_12_site-packages["site-packages"]\n    node_venv_lib_python3_12_site-packages --> node_venv_lib_python3_12_site-packages_PyQt6["PyQt6"]\n    node_venv_lib_python3_12_site-packages_PyQt6 --> node_venv_lib_python3_12_site-packages_PyQt6_bindings["bindings"]\n    node_venv_lib_python3_12_site-packages_PyQt6_bindings --> node_venv_lib_python3_12_site-packages_PyQt6_bindings_QtSensors["QtSensors"]\n    node_venv_lib_python3_12_site-packages_PyQt6_bindings_QtSensors --> node_venv_lib_python3_12_site-packages_PyQt6_bindings_QtSensors_qlightsensor_sip["qlightsensor.sip"]\n    Root --> node_venv["venv"]\n    node_venv --> node_venv_lib["lib"]\n    node_venv_lib --> node_venv_lib_python3_12["python3.12"]\n    node_venv_lib_python3_12 --> node_venv_lib_python3_12_site-packages["site-packages"]\n    node_venv_lib_python3_12_site-packages --> node_venv_lib_python3_12_site-packages_PyQt6["PyQt6"]\n    node_venv_lib_python3_12_site-packages_PyQt6 --> node_venv_lib_python3_12_site-packages_PyQt6_bindings["bindings"]\n    node_venv_lib_python3_12_site-packages_PyQt6_bindings --> node_venv_lib_python3_12_site-packages_PyQt6_bindings_QtSensors["QtSensors"]\n    node_venv_lib_python3_12_site-packages_PyQt6_bindings_QtSensors --> node_venv_lib_python3_12_site-packages_PyQt6_bindings_QtSensors_qmagnetometer_sip["qmagnetometer.sip"]\n    Root --> node_venv["venv"]\n    node_venv --> node_venv_lib["lib"]\n    node_venv_lib --> node_venv_lib_python3_12["python3.12"]\n    node_venv_lib_python3_12 --> node_venv_lib_python3_12_site-packages["site-packages"]\n    node_venv_lib_python3_12_site-packages --> node_venv_lib_python3_12_site-packages_PyQt6["PyQt6"]\n    node_venv_lib_python3_12_site-packages_PyQt6 --> node_venv_lib_python3_12_site-packages_PyQt6_bindings["bindings"]\n    node_venv_lib_python3_12_site-packages_PyQt6_bindings --> node_venv_lib_python3_12_site-packages_PyQt6_bindings_QtSensors["QtSensors"]\n    node_venv_lib_python3_12_site-packages_PyQt6_bindings_QtSensors --> node_venv_lib_python3_12_site-packages_PyQt6_bindings_QtSensors_qorientationsensor_sip["qorientationsensor.sip"]\n    Root --> node_venv["venv"]\n    node_venv --> node_venv_lib["lib"]\n    node_venv_lib --> node_venv_lib_python3_12["python3.12"]\n    node_venv_lib_python3_12 --> node_venv_lib_python3_12_site-packages["site-packages"]\n    node_venv_lib_python3_12_site-packages --> node_venv_lib_python3_12_site-packages_PyQt6["PyQt6"]\n    node_venv_lib_python3_12_site-packages_PyQt6 --> node_venv_lib_python3_12_site-packages_PyQt6_bindings["bindings"]\n    node_venv_lib_python3_12_site-packages_PyQt6_bindings --> node_venv_lib_python3_12_site-packages_PyQt6_bindings_QtSensors["QtSensors"]\n    node_venv_lib_python3_12_site-packages_PyQt6_bindings_QtSensors --> node_venv_lib_python3_12_site-packages_PyQt6_bindings_QtSensors_qpressuresensor_sip["qpressuresensor.sip"]\n    Root --> node_venv["venv"]\n    node_venv --> node_venv_lib["lib"]\n    node_venv_lib --> node_venv_lib_python3_12["python3.12"]\n    node_venv_lib_python3_12 --> node_venv_lib_python3_12_site-packages["site-packages"]\n    node_venv_lib_python3_12_site-packages --> node_venv_lib_python3_12_site-packages_PyQt6["PyQt6"]\n    node_venv_lib_python3_12_site-packages_PyQt6 --> node_venv_lib_python3_12_site-packages_PyQt6_bindings["bindings"]\n    node_venv_lib_python3_12_site-packages_PyQt6_bindings --> node_venv_lib_python3_12_site-packages_PyQt6_bindings_QtSensors["QtSensors"]\n    node_venv_lib_python3_12_site-packages_PyQt6_bindings_QtSensors --> node_venv_lib_python3_12_site-packages_PyQt6_bindings_QtSensors_qproximitysensor_sip["qproximitysensor.sip"]\n    Root --> node_venv["venv"]\n    node_venv --> node_venv_lib["lib"]\n    node_venv_lib --> node_venv_lib_python3_12["python3.12"]\n    node_venv_lib_python3_12 --> node_venv_lib_python3_12_site-packages["site-packages"]\n    node_venv_lib_python3_12_site-packages --> node_venv_lib_python3_12_site-packages_PyQt6["PyQt6"]\n    node_venv_lib_python3_12_site-packages_PyQt6 --> node_venv_lib_python3_12_site-packages_PyQt6_bindings["bindings"]\n    node_venv_lib_python3_12_site-packages_PyQt6_bindings --> node_venv_lib_python3_12_site-packages_PyQt6_bindings_QtSensors["QtSensors"]\n    node_venv_lib_python3_12_site-packages_PyQt6_bindings_QtSensors --> node_venv_lib_python3_12_site-packages_PyQt6_bindings_QtSensors_qrotationsensor_sip["qrotationsensor.sip"]\n    Root --> node_venv["venv"]\n    node_venv --> node_venv_lib["lib"]\n    node_venv_lib --> node_venv_lib_python3_12["python3.12"]\n    node_venv_lib_python3_12 --> node_venv_lib_python3_12_site-packages["site-packages"]\n    node_venv_lib_python3_12_site-packages --> node_venv_lib_python3_12_site-packages_PyQt6["PyQt6"]\n    node_venv_lib_python3_12_site-packages_PyQt6 --> node_venv_lib_python3_12_site-packages_PyQt6_bindings["bindings"]\n    node_venv_lib_python3_12_site-packages_PyQt6_bindings --> node_venv_lib_python3_12_site-packages_PyQt6_bindings_QtSensors["QtSensors"]\n    node_venv_lib_python3_12_site-packages_PyQt6_bindings_QtSensors --> node_venv_lib_python3_12_site-packages_PyQt6_bindings_QtSensors_qsensor_sip["qsensor.sip"]\n    Root --> node_venv["venv"]\n    node_venv --> node_venv_lib["lib"]\n    node_venv_lib --> node_venv_lib_python3_12["python3.12"]\n    node_venv_lib_python3_12 --> node_venv_lib_python3_12_site-packages["site-packages"]\n    node_venv_lib_python3_12_site-packages --> node_venv_lib_python3_12_site-packages_PyQt6["PyQt6"]\n    node_venv_lib_python3_12_site-packages_PyQt6 --> node_venv_lib_python3_12_site-packages_PyQt6_bindings["bindings"]\n    node_venv_lib_python3_12_site-packages_PyQt6_bindings --> node_venv_lib_python3_12_site-packages_PyQt6_bindings_QtSensors["QtSensors"]\n    node_venv_lib_python3_12_site-packages_PyQt6_bindings_QtSensors --> node_venv_lib_python3_12_site-packages_PyQt6_bindings_QtSensors_qtapsensor_sip["qtapsensor.sip"]\n    Root --> node_venv["venv"]\n    node_venv --> node_venv_lib["lib"]\n    node_venv_lib --> node_venv_lib_python3_12["python3.12"]\n    node_venv_lib_python3_12 --> node_venv_lib_python3_12_site-packages["site-packages"]\n    node_venv_lib_python3_12_site-packages --> node_venv_lib_python3_12_site-packages_PyQt6["PyQt6"]\n    node_venv_lib_python3_12_site-packages_PyQt6 --> node_venv_lib_python3_12_site-packages_PyQt6_bindings["bindings"]\n    node_venv_lib_python3_12_site-packages_PyQt6_bindings --> node_venv_lib_python3_12_site-packages_PyQt6_bindings_QtSensors["QtSensors"]\n    node_venv_lib_python3_12_site-packages_PyQt6_bindings_QtSensors --> node_venv_lib_python3_12_site-packages_PyQt6_bindings_QtSensors_qtiltsensor_sip["qtiltsensor.sip"]\n    Root --> node_venv["venv"]\n    node_venv --> node_venv_lib["lib"]\n    node_venv_lib --> node_venv_lib_python3_12["python3.12"]\n    node_venv_lib_python3_12 --> node_venv_lib_python3_12_site-packages["site-packages"]\n    node_venv_lib_python3_12_site-packages --> node_venv_lib_python3_12_site-packages_PyQt6["PyQt6"]\n    node_venv_lib_python3_12_site-packages_PyQt6 --> node_venv_lib_python3_12_site-packages_PyQt6_bindings["bindings"]\n    node_venv_lib_python3_12_site-packages_PyQt6_bindings --> node_venv_lib_python3_12_site-packages_PyQt6_bindings_QtPdf["QtPdf"]\n    node_venv_lib_python3_12_site-packages_PyQt6_bindings_QtPdf --> node_venv_lib_python3_12_site-packages_PyQt6_bindings_QtPdf_QtPdf_toml["QtPdf.toml"]\n    Root --> node_venv["venv"]\n    node_venv --> node_venv_lib["lib"]\n    node_venv_lib --> node_venv_lib_python3_12["python3.12"]\n    node_venv_lib_python3_12 --> node_venv_lib_python3_12_site-packages["site-packages"]\n    node_venv_lib_python3_12_site-packages --> node_venv_lib_python3_12_site-packages_PyQt6["PyQt6"]\n    node_venv_lib_python3_12_site-packages_PyQt6 --> node_venv_lib_python3_12_site-packages_PyQt6_bindings["bindings"]\n    node_venv_lib_python3_12_site-packages_PyQt6_bindings --> node_venv_lib_python3_12_site-packages_PyQt6_bindings_QtPdf["QtPdf"]\n    node_venv_lib_python3_12_site-packages_PyQt6_bindings_QtPdf --> node_venv_lib_python3_12_site-packages_PyQt6_bindings_QtPdf_QtPdfmod_sip["QtPdfmod.sip"]\n    Root --> node_venv["venv"]\n    node_venv --> node_venv_lib["lib"]\n    node_venv_lib --> node_venv_lib_python3_12["python3.12"]\n    node_venv_lib_python3_12 --> node_venv_lib_python3_12_site-packages["site-packages"]\n    node_venv_lib_python3_12_site-packages --> node_venv_lib_python3_12_site-packages_PyQt6["PyQt6"]\n    node_venv_lib_python3_12_site-packages_PyQt6 --> node_venv_lib_python3_12_site-packages_PyQt6_bindings["bindings"]\n    node_venv_lib_python3_12_site-packages_PyQt6_bindings --> node_venv_lib_python3_12_site-packages_PyQt6_bindings_QtPdf["QtPdf"]\n    node_venv_lib_python3_12_site-packages_PyQt6_bindings_QtPdf --> node_venv_lib_python3_12_site-packages_PyQt6_bindings_QtPdf_qpdfbookmarkmodel_sip["qpdfbookmarkmodel.sip"]\n    Root --> node_venv["venv"]\n    node_venv --> node_venv_lib["lib"]\n    node_venv_lib --> node_venv_lib_python3_12["python3.12"]\n    node_venv_lib_python3_12 --> node_venv_lib_python3_12_site-packages["site-packages"]\n    node_venv_lib_python3_12_site-packages --> node_venv_lib_python3_12_site-packages_PyQt6["PyQt6"]\n    node_venv_lib_python3_12_site-packages_PyQt6 --> node_venv_lib_python3_12_site-packages_PyQt6_bindings["bindings"]\n    node_venv_lib_python3_12_site-packages_PyQt6_bindings --> node_venv_lib_python3_12_site-packages_PyQt6_bindings_QtPdf["QtPdf"]\n    node_venv_lib_python3_12_site-packages_PyQt6_bindings_QtPdf --> node_venv_lib_python3_12_site-packages_PyQt6_bindings_QtPdf_qpdfdocument_sip["qpdfdocument.sip"]\n    Root --> node_venv["venv"]\n    node_venv --> node_venv_lib["lib"]\n    node_venv_lib --> node_venv_lib_python3_12["python3.12"]\n    node_venv_lib_python3_12 --> node_venv_lib_python3_12_site-packages["site-packages"]\n    node_venv_lib_python3_12_site-packages --> node_venv_lib_python3_12_site-packages_PyQt6["PyQt6"]\n    node_venv_lib_python3_12_site-packages_PyQt6 --> node_venv_lib_python3_12_site-packages_PyQt6_bindings["bindings"]\n    node_venv_lib_python3_12_site-packages_PyQt6_bindings --> node_venv_lib_python3_12_site-packages_PyQt6_bindings_QtPdf["QtPdf"]\n    node_venv_lib_python3_12_site-packages_PyQt6_bindings_QtPdf --> node_venv_lib_python3_12_site-packages_PyQt6_bindings_QtPdf_qpdfdocumentrenderoptions_sip["qpdfdocumentrenderoptions.sip"]\n    Root --> node_venv["venv"]\n    node_venv --> node_venv_lib["lib"]\n    node_venv_lib --> node_venv_lib_python3_12["python3.12"]\n    node_venv_lib_python3_12 --> node_venv_lib_python3_12_site-packages["site-packages"]\n    node_venv_lib_python3_12_site-packages --> node_venv_lib_python3_12_site-packages_PyQt6["PyQt6"]\n    node_venv_lib_python3_12_site-packages_PyQt6 --> node_venv_lib_python3_12_site-packages_PyQt6_bindings["bindings"]\n    node_venv_lib_python3_12_site-packages_PyQt6_bindings --> node_venv_lib_python3_12_site-packages_PyQt6_bindings_QtPdf["QtPdf"]\n    node_venv_lib_python3_12_site-packages_PyQt6_bindings_QtPdf --> node_venv_lib_python3_12_site-packages_PyQt6_bindings_QtPdf_qpdflink_sip["qpdflink.sip"]\n    Root --> node_venv["venv"]\n    node_venv --> node_venv_lib["lib"]\n    node_venv_lib --> node_venv_lib_python3_12["python3.12"]\n    node_venv_lib_python3_12 --> node_venv_lib_python3_12_site-packages["site-packages"]\n    node_venv_lib_python3_12_site-packages --> node_venv_lib_python3_12_site-packages_PyQt6["PyQt6"]\n    node_venv_lib_python3_12_site-packages_PyQt6 --> node_venv_lib_python3_12_site-packages_PyQt6_bindings["bindings"]\n    node_venv_lib_python3_12_site-packages_PyQt6_bindings --> node_venv_lib_python3_12_site-packages_PyQt6_bindings_QtPdf["QtPdf"]\n    node_venv_lib_python3_12_site-packages_PyQt6_bindings_QtPdf --> node_venv_lib_python3_12_site-packages_PyQt6_bindings_QtPdf_qpdflinkmodel_sip["qpdflinkmodel.sip"]\n    Root --> node_venv["venv"]\n    node_venv --> node_venv_lib["lib"]\n    node_venv_lib --> node_venv_lib_python3_12["python3.12"]\n    node_venv_lib_python3_12 --> node_venv_lib_python3_12_site-packages["site-packages"]\n    node_venv_lib_python3_12_site-packages --> node_venv_lib_python3_12_site-packages_PyQt6["PyQt6"]\n    node_venv_lib_python3_12_site-packages_PyQt6 --> node_venv_lib_python3_12_site-packages_PyQt6_bindings["bindings"]\n    node_venv_lib_python3_12_site-packages_PyQt6_bindings --> node_venv_lib_python3_12_site-packages_PyQt6_bindings_QtPdf["QtPdf"]\n    node_venv_lib_python3_12_site-packages_PyQt6_bindings_QtPdf --> node_venv_lib_python3_12_site-packages_PyQt6_bindings_QtPdf_qpdfpagenavigator_sip["qpdfpagenavigator.sip"]\n    Root --> node_venv["venv"]\n    node_venv --> node_venv_lib["lib"]\n    node_venv_lib --> node_venv_lib_python3_12["python3.12"]\n    node_venv_lib_python3_12 --> node_venv_lib_python3_12_site-packages["site-packages"]\n    node_venv_lib_python3_12_site-packages --> node_venv_lib_python3_12_site-packages_PyQt6["PyQt6"]\n    node_venv_lib_python3_12_site-packages_PyQt6 --> node_venv_lib_python3_12_site-packages_PyQt6_bindings["bindings"]\n    node_venv_lib_python3_12_site-packages_PyQt6_bindings --> node_venv_lib_python3_12_site-packages_PyQt6_bindings_QtPdf["QtPdf"]\n    node_venv_lib_python3_12_site-packages_PyQt6_bindings_QtPdf --> node_venv_lib_python3_12_site-packages_PyQt6_bindings_QtPdf_qpdfpagerenderer_sip["qpdfpagerenderer.sip"]\n    Root --> node_venv["venv"]\n    node_venv --> node_venv_lib["lib"]\n    node_venv_lib --> node_venv_lib_python3_12["python3.12"]\n    node_venv_lib_python3_12 --> node_venv_lib_python3_12_site-packages["site-packages"]\n    node_venv_lib_python3_12_site-packages --> node_venv_lib_python3_12_site-packages_PyQt6["PyQt6"]\n    node_venv_lib_python3_12_site-packages_PyQt6 --> node_venv_lib_python3_12_site-packages_PyQt6_bindings["bindings"]\n    node_venv_lib_python3_12_site-packages_PyQt6_bindings --> node_venv_lib_python3_12_site-packages_PyQt6_bindings_QtPdf["QtPdf"]\n    node_venv_lib_python3_12_site-packages_PyQt6_bindings_QtPdf --> node_venv_lib_python3_12_site-packages_PyQt6_bindings_QtPdf_qpdfsearchmodel_sip["qpdfsearchmodel.sip"]\n    Root --> node_venv["venv"]\n    node_venv --> node_venv_lib["lib"]\n    node_venv_lib --> node_venv_lib_python3_12["python3.12"]\n    node_venv_lib_python3_12 --> node_venv_lib_python3_12_site-packages["site-packages"]\n    node_venv_lib_python3_12_site-packages --> node_venv_lib_python3_12_site-packages_PyQt6["PyQt6"]\n    node_venv_lib_python3_12_site-packages_PyQt6 --> node_venv_lib_python3_12_site-packages_PyQt6_bindings["bindings"]\n    node_venv_lib_python3_12_site-packages_PyQt6_bindings --> node_venv_lib_python3_12_site-packages_PyQt6_bindings_QtPdf["QtPdf"]\n    node_venv_lib_python3_12_site-packages_PyQt6_bindings_QtPdf --> node_venv_lib_python3_12_site-packages_PyQt6_bindings_QtPdf_qpdfselection_sip["qpdfselection.sip"]\n    Root --> node_venv["venv"]\n    node_venv --> node_venv_lib["lib"]\n    node_venv_lib --> node_venv_lib_python3_12["python3.12"]\n    node_venv_lib_python3_12 --> node_venv_lib_python3_12_site-packages["site-packages"]\n    node_venv_lib_python3_12_site-packages --> node_venv_lib_python3_12_site-packages_PyQt6["PyQt6"]\n    node_venv_lib_python3_12_site-packages_PyQt6 --> node_venv_lib_python3_12_site-packages_PyQt6_bindings["bindings"]\n    node_venv_lib_python3_12_site-packages_PyQt6_bindings --> node_venv_lib_python3_12_site-packages_PyQt6_bindings_QtOpenGLWidgets["QtOpenGLWidgets"]\n    node_venv_lib_python3_12_site-packages_PyQt6_bindings_QtOpenGLWidgets --> node_venv_lib_python3_12_site-packages_PyQt6_bindings_QtOpenGLWidgets_QtOpenGLWidgets_toml["QtOpenGLWidgets.toml"]\n    Root --> node_venv["venv"]\n    node_venv --> node_venv_lib["lib"]\n    node_venv_lib --> node_venv_lib_python3_12["python3.12"]\n    node_venv_lib_python3_12 --> node_venv_lib_python3_12_site-packages["site-packages"]\n    node_venv_lib_python3_12_site-packages --> node_venv_lib_python3_12_site-packages_PyQt6["PyQt6"]\n    node_venv_lib_python3_12_site-packages_PyQt6 --> node_venv_lib_python3_12_site-packages_PyQt6_bindings["bindings"]\n    node_venv_lib_python3_12_site-packages_PyQt6_bindings --> node_venv_lib_python3_12_site-packages_PyQt6_bindings_QtOpenGLWidgets["QtOpenGLWidgets"]\n    node_venv_lib_python3_12_site-packages_PyQt6_bindings_QtOpenGLWidgets --> node_venv_lib_python3_12_site-packages_PyQt6_bindings_QtOpenGLWidgets_QtOpenGLWidgetsmod_sip["QtOpenGLWidgetsmod.sip"]\n    Root --> node_venv["venv"]\n    node_venv --> node_venv_lib["lib"]\n    node_venv_lib --> node_venv_lib_python3_12["python3.12"]\n    node_venv_lib_python3_12 --> node_venv_lib_python3_12_site-packages["site-packages"]\n    node_venv_lib_python3_12_site-packages --> node_venv_lib_python3_12_site-packages_PyQt6["PyQt6"]\n    node_venv_lib_python3_12_site-packages_PyQt6 --> node_venv_lib_python3_12_site-packages_PyQt6_bindings["bindings"]\n    node_venv_lib_python3_12_site-packages_PyQt6_bindings --> node_venv_lib_python3_12_site-packages_PyQt6_bindings_QtOpenGLWidgets["QtOpenGLWidgets"]\n    node_venv_lib_python3_12_site-packages_PyQt6_bindings_QtOpenGLWidgets --> node_venv_lib_python3_12_site-packages_PyQt6_bindings_QtOpenGLWidgets_qopenglwidget_sip["qopenglwidget.sip"]\n    Root --> node_venv["venv"]\n    node_venv --> node_venv_lib["lib"]\n    node_venv_lib --> node_venv_lib_python3_12["python3.12"]\n    node_venv_lib_python3_12 --> node_venv_lib_python3_12_site-packages["site-packages"]\n    node_venv_lib_python3_12_site-packages --> node_venv_lib_python3_12_site-packages_PyQt6["PyQt6"]\n    node_venv_lib_python3_12_site-packages_PyQt6 --> node_venv_lib_python3_12_site-packages_PyQt6_bindings["bindings"]\n    node_venv_lib_python3_12_site-packages_PyQt6_bindings --> node_venv_lib_python3_12_site-packages_PyQt6_bindings_QtGui["QtGui"]\n    node_venv_lib_python3_12_site-packages_PyQt6_bindings_QtGui --> node_venv_lib_python3_12_site-packages_PyQt6_bindings_QtGui_QtGui_toml["QtGui.toml"]\n    Root --> node_venv["venv"]\n    node_venv --> node_venv_lib["lib"]\n    node_venv_lib --> node_venv_lib_python3_12["python3.12"]\n    node_venv_lib_python3_12 --> node_venv_lib_python3_12_site-packages["site-packages"]\n    node_venv_lib_python3_12_site-packages --> node_venv_lib_python3_12_site-packages_PyQt6["PyQt6"]\n    node_venv_lib_python3_12_site-packages_PyQt6 --> node_venv_lib_python3_12_site-packages_PyQt6_bindings["bindings"]\n    node_venv_lib_python3_12_site-packages_PyQt6_bindings --> node_venv_lib_python3_12_site-packages_PyQt6_bindings_QtGui["QtGui"]\n    node_venv_lib_python3_12_site-packages_PyQt6_bindings_QtGui --> node_venv_lib_python3_12_site-packages_PyQt6_bindings_QtGui_QtGuimod_sip["QtGuimod.sip"]\n    Root --> node_venv["venv"]\n    node_venv --> node_venv_lib["lib"]\n    node_venv_lib --> node_venv_lib_python3_12["python3.12"]\n    node_venv_lib_python3_12 --> node_venv_lib_python3_12_site-packages["site-packages"]\n    node_venv_lib_python3_12_site-packages --> node_venv_lib_python3_12_site-packages_PyQt6["PyQt6"]\n    node_venv_lib_python3_12_site-packages_PyQt6 --> node_venv_lib_python3_12_site-packages_PyQt6_bindings["bindings"]\n    node_venv_lib_python3_12_site-packages_PyQt6_bindings --> node_venv_lib_python3_12_site-packages_PyQt6_bindings_QtGui["QtGui"]\n    node_venv_lib_python3_12_site-packages_PyQt6_bindings_QtGui --> node_venv_lib_python3_12_site-packages_PyQt6_bindings_QtGui_opengl_types_sip["opengl_types.sip"]\n    Root --> node_venv["venv"]\n    node_venv --> node_venv_lib["lib"]\n    node_venv_lib --> node_venv_lib_python3_12["python3.12"]\n    node_venv_lib_python3_12 --> node_venv_lib_python3_12_site-packages["site-packages"]\n    node_venv_lib_python3_12_site-packages --> node_venv_lib_python3_12_site-packages_PyQt6["PyQt6"]\n    node_venv_lib_python3_12_site-packages_PyQt6 --> node_venv_lib_python3_12_site-packages_PyQt6_bindings["bindings"]\n    node_venv_lib_python3_12_site-packages_PyQt6_bindings --> node_venv_lib_python3_12_site-packages_PyQt6_bindings_QtGui["QtGui"]\n    node_venv_lib_python3_12_site-packages_PyQt6_bindings_QtGui --> node_venv_lib_python3_12_site-packages_PyQt6_bindings_QtGui_qabstractfileiconprovider_sip["qabstractfileiconprovider.sip"]\n    Root --> node_venv["venv"]\n    node_venv --> node_venv_lib["lib"]\n    node_venv_lib --> node_venv_lib_python3_12["python3.12"]\n    node_venv_lib_python3_12 --> node_venv_lib_python3_12_site-packages["site-packages"]\n    node_venv_lib_python3_12_site-packages --> node_venv_lib_python3_12_site-packages_PyQt6["PyQt6"]\n    node_venv_lib_python3_12_site-packages_PyQt6 --> node_venv_lib_python3_12_site-packages_PyQt6_bindings["bindings"]\n    node_venv_lib_python3_12_site-packages_PyQt6_bindings --> node_venv_lib_python3_12_site-packages_PyQt6_bindings_QtGui["QtGui"]\n    node_venv_lib_python3_12_site-packages_PyQt6_bindings_QtGui --> node_venv_lib_python3_12_site-packages_PyQt6_bindings_QtGui_qabstracttextdocumentlayout_sip["qabstracttextdocumentlayout.sip"]\n    Root --> node_venv["venv"]\n    node_venv --> node_venv_lib["lib"]\n    node_venv_lib --> node_venv_lib_python3_12["python3.12"]\n    node_venv_lib_python3_12 --> node_venv_lib_python3_12_site-packages["site-packages"]\n    node_venv_lib_python3_12_site-packages --> node_venv_lib_python3_12_site-packages_PyQt6["PyQt6"]\n    node_venv_lib_python3_12_site-packages_PyQt6 --> node_venv_lib_python3_12_site-packages_PyQt6_bindings["bindings"]\n    node_venv_lib_python3_12_site-packages_PyQt6_bindings --> node_venv_lib_python3_12_site-packages_PyQt6_bindings_QtGui["QtGui"]\n    node_venv_lib_python3_12_site-packages_PyQt6_bindings_QtGui --> node_venv_lib_python3_12_site-packages_PyQt6_bindings_QtGui_qaccessibilityhints_sip["qaccessibilityhints.sip"]\n    Root --> node_venv["venv"]\n    node_venv --> node_venv_lib["lib"]\n    node_venv_lib --> node_venv_lib_python3_12["python3.12"]\n    node_venv_lib_python3_12 --> node_venv_lib_python3_12_site-packages["site-packages"]\n    node_venv_lib_python3_12_site-packages --> node_venv_lib_python3_12_site-packages_PyQt6["PyQt6"]\n    node_venv_lib_python3_12_site-packages_PyQt6 --> node_venv_lib_python3_12_site-packages_PyQt6_bindings["bindings"]\n    node_venv_lib_python3_12_site-packages_PyQt6_bindings --> node_venv_lib_python3_12_site-packages_PyQt6_bindings_QtGui["QtGui"]\n    node_venv_lib_python3_12_site-packages_PyQt6_bindings_QtGui --> node_venv_lib_python3_12_site-packages_PyQt6_bindings_QtGui_qaction_sip["qaction.sip"]\n    Root --> node_venv["venv"]\n    node_venv --> node_venv_lib["lib"]\n    node_venv_lib --> node_venv_lib_python3_12["python3.12"]\n    node_venv_lib_python3_12 --> node_venv_lib_python3_12_site-packages["site-packages"]\n    node_venv_lib_python3_12_site-packages --> node_venv_lib_python3_12_site-packages_PyQt6["PyQt6"]\n    node_venv_lib_python3_12_site-packages_PyQt6 --> node_venv_lib_python3_12_site-packages_PyQt6_bindings["bindings"]\n    node_venv_lib_python3_12_site-packages_PyQt6_bindings --> node_venv_lib_python3_12_site-packages_PyQt6_bindings_QtGui["QtGui"]\n    node_venv_lib_python3_12_site-packages_PyQt6_bindings_QtGui --> node_venv_lib_python3_12_site-packages_PyQt6_bindings_QtGui_qactiongroup_sip["qactiongroup.sip"]\n    Root --> node_venv["venv"]\n    node_venv --> node_venv_lib["lib"]\n    node_venv_lib --> node_venv_lib_python3_12["python3.12"]\n    node_venv_lib_python3_12 --> node_venv_lib_python3_12_site-packages["site-packages"]\n    node_venv_lib_python3_12_site-packages --> node_venv_lib_python3_12_site-packages_PyQt6["PyQt6"]\n    node_venv_lib_python3_12_site-packages_PyQt6 --> node_venv_lib_python3_12_site-packages_PyQt6_bindings["bindings"]\n    node_venv_lib_python3_12_site-packages_PyQt6_bindings --> node_venv_lib_python3_12_site-packages_PyQt6_bindings_QtGui["QtGui"]\n    node_venv_lib_python3_12_site-packages_PyQt6_bindings_QtGui --> node_venv_lib_python3_12_site-packages_PyQt6_bindings_QtGui_qbackingstore_sip["qbackingstore.sip"]\n    Root --> node_venv["venv"]\n    node_venv --> node_venv_lib["lib"]\n    node_venv_lib --> node_venv_lib_python3_12["python3.12"]\n    node_venv_lib_python3_12 --> node_venv_lib_python3_12_site-packages["site-packages"]\n    node_venv_lib_python3_12_site-packages --> node_venv_lib_python3_12_site-packages_PyQt6["PyQt6"]\n    node_venv_lib_python3_12_site-packages_PyQt6 --> node_venv_lib_python3_12_site-packages_PyQt6_bindings["bindings"]\n    node_venv_lib_python3_12_site-packages_PyQt6_bindings --> node_venv_lib_python3_12_site-packages_PyQt6_bindings_QtGui["QtGui"]\n    node_venv_lib_python3_12_site-packages_PyQt6_bindings_QtGui --> node_venv_lib_python3_12_site-packages_PyQt6_bindings_QtGui_qbitmap_sip["qbitmap.sip"]\n    Root --> node_venv["venv"]\n    node_venv --> node_venv_lib["lib"]\n    node_venv_lib --> node_venv_lib_python3_12["python3.12"]\n    node_venv_lib_python3_12 --> node_venv_lib_python3_12_site-packages["site-packages"]\n    node_venv_lib_python3_12_site-packages --> node_venv_lib_python3_12_site-packages_PyQt6["PyQt6"]\n    node_venv_lib_python3_12_site-packages_PyQt6 --> node_venv_lib_python3_12_site-packages_PyQt6_bindings["bindings"]\n    node_venv_lib_python3_12_site-packages_PyQt6_bindings --> node_venv_lib_python3_12_site-packages_PyQt6_bindings_QtGui["QtGui"]\n    node_venv_lib_python3_12_site-packages_PyQt6_bindings_QtGui --> node_venv_lib_python3_12_site-packages_PyQt6_bindings_QtGui_qbrush_sip["qbrush.sip"]\n    Root --> node_venv["venv"]\n    node_venv --> node_venv_lib["lib"]\n    node_venv_lib --> node_venv_lib_python3_12["python3.12"]\n    node_venv_lib_python3_12 --> node_venv_lib_python3_12_site-packages["site-packages"]\n    node_venv_lib_python3_12_site-packages --> node_venv_lib_python3_12_site-packages_PyQt6["PyQt6"]\n    node_venv_lib_python3_12_site-packages_PyQt6 --> node_venv_lib_python3_12_site-packages_PyQt6_bindings["bindings"]\n    node_venv_lib_python3_12_site-packages_PyQt6_bindings --> node_venv_lib_python3_12_site-packages_PyQt6_bindings_QtGui["QtGui"]\n    node_venv_lib_python3_12_site-packages_PyQt6_bindings_QtGui --> node_venv_lib_python3_12_site-packages_PyQt6_bindings_QtGui_qclipboard_sip["qclipboard.sip"]\n    Root --> node_venv["venv"]\n    node_venv --> node_venv_lib["lib"]\n    node_venv_lib --> node_venv_lib_python3_12["python3.12"]\n    node_venv_lib_python3_12 --> node_venv_lib_python3_12_site-packages["site-packages"]\n    node_venv_lib_python3_12_site-packages --> node_venv_lib_python3_12_site-packages_PyQt6["PyQt6"]\n    node_venv_lib_python3_12_site-packages_PyQt6 --> node_venv_lib_python3_12_site-packages_PyQt6_bindings["bindings"]\n    node_venv_lib_python3_12_site-packages_PyQt6_bindings --> node_venv_lib_python3_12_site-packages_PyQt6_bindings_QtGui["QtGui"]\n    node_venv_lib_python3_12_site-packages_PyQt6_bindings_QtGui --> node_venv_lib_python3_12_site-packages_PyQt6_bindings_QtGui_qcolor_sip["qcolor.sip"]\n    Root --> node_venv["venv"]\n    node_venv --> node_venv_lib["lib"]\n    node_venv_lib --> node_venv_lib_python3_12["python3.12"]\n    node_venv_lib_python3_12 --> node_venv_lib_python3_12_site-packages["site-packages"]\n    node_venv_lib_python3_12_site-packages --> node_venv_lib_python3_12_site-packages_PyQt6["PyQt6"]\n    node_venv_lib_python3_12_site-packages_PyQt6 --> node_venv_lib_python3_12_site-packages_PyQt6_bindings["bindings"]\n    node_venv_lib_python3_12_site-packages_PyQt6_bindings --> node_venv_lib_python3_12_site-packages_PyQt6_bindings_QtGui["QtGui"]\n    node_venv_lib_python3_12_site-packages_PyQt6_bindings_QtGui --> node_venv_lib_python3_12_site-packages_PyQt6_bindings_QtGui_qcolorspace_sip["qcolorspace.sip"]\n    Root --> node_venv["venv"]\n    node_venv --> node_venv_lib["lib"]\n    node_venv_lib --> node_venv_lib_python3_12["python3.12"]\n    node_venv_lib_python3_12 --> node_venv_lib_python3_12_site-packages["site-packages"]\n    node_venv_lib_python3_12_site-packages --> node_venv_lib_python3_12_site-packages_PyQt6["PyQt6"]\n    node_venv_lib_python3_12_site-packages_PyQt6 --> node_venv_lib_python3_12_site-packages_PyQt6_bindings["bindings"]\n    node_venv_lib_python3_12_site-packages_PyQt6_bindings --> node_venv_lib_python3_12_site-packages_PyQt6_bindings_QtGui["QtGui"]\n    node_venv_lib_python3_12_site-packages_PyQt6_bindings_QtGui --> node_venv_lib_python3_12_site-packages_PyQt6_bindings_QtGui_qcolortransform_sip["qcolortransform.sip"]\n    Root --> node_venv["venv"]\n    node_venv --> node_venv_lib["lib"]\n    node_venv_lib --> node_venv_lib_python3_12["python3.12"]\n    node_venv_lib_python3_12 --> node_venv_lib_python3_12_site-packages["site-packages"]\n    node_venv_lib_python3_12_site-packages --> node_venv_lib_python3_12_site-packages_PyQt6["PyQt6"]\n    node_venv_lib_python3_12_site-packages_PyQt6 --> node_venv_lib_python3_12_site-packages_PyQt6_bindings["bindings"]\n    node_venv_lib_python3_12_site-packages_PyQt6_bindings --> node_venv_lib_python3_12_site-packages_PyQt6_bindings_QtGui["QtGui"]\n    node_venv_lib_python3_12_site-packages_PyQt6_bindings_QtGui --> node_venv_lib_python3_12_site-packages_PyQt6_bindings_QtGui_qcursor_sip["qcursor.sip"]\n    Root --> node_venv["venv"]\n    node_venv --> node_venv_lib["lib"]\n    node_venv_lib --> node_venv_lib_python3_12["python3.12"]\n    node_venv_lib_python3_12 --> node_venv_lib_python3_12_site-packages["site-packages"]\n    node_venv_lib_python3_12_site-packages --> node_venv_lib_python3_12_site-packages_PyQt6["PyQt6"]\n    node_venv_lib_python3_12_site-packages_PyQt6 --> node_venv_lib_python3_12_site-packages_PyQt6_bindings["bindings"]\n    node_venv_lib_python3_12_site-packages_PyQt6_bindings --> node_venv_lib_python3_12_site-packages_PyQt6_bindings_QtGui["QtGui"]\n    node_venv_lib_python3_12_site-packages_PyQt6_bindings_QtGui --> node_venv_lib_python3_12_site-packages_PyQt6_bindings_QtGui_qdesktopservices_sip["qdesktopservices.sip"]\n    Root --> node_venv["venv"]\n    node_venv --> node_venv_lib["lib"]\n    node_venv_lib --> node_venv_lib_python3_12["python3.12"]\n    node_venv_lib_python3_12 --> node_venv_lib_python3_12_site-packages["site-packages"]\n    node_venv_lib_python3_12_site-packages --> node_venv_lib_python3_12_site-packages_PyQt6["PyQt6"]\n    node_venv_lib_python3_12_site-packages_PyQt6 --> node_venv_lib_python3_12_site-packages_PyQt6_bindings["bindings"]\n    node_venv_lib_python3_12_site-packages_PyQt6_bindings --> node_venv_lib_python3_12_site-packages_PyQt6_bindings_QtGui["QtGui"]\n    node_venv_lib_python3_12_site-packages_PyQt6_bindings_QtGui --> node_venv_lib_python3_12_site-packages_PyQt6_bindings_QtGui_qdrag_sip["qdrag.sip"]\n    Root --> node_venv["venv"]\n    node_venv --> node_venv_lib["lib"]\n    node_venv_lib --> node_venv_lib_python3_12["python3.12"]\n    node_venv_lib_python3_12 --> node_venv_lib_python3_12_site-packages["site-packages"]\n    node_venv_lib_python3_12_site-packages --> node_venv_lib_python3_12_site-packages_PyQt6["PyQt6"]\n    node_venv_lib_python3_12_site-packages_PyQt6 --> node_venv_lib_python3_12_site-packages_PyQt6_bindings["bindings"]\n    node_venv_lib_python3_12_site-packages_PyQt6_bindings --> node_venv_lib_python3_12_site-packages_PyQt6_bindings_QtGui["QtGui"]\n    node_venv_lib_python3_12_site-packages_PyQt6_bindings_QtGui --> node_venv_lib_python3_12_site-packages_PyQt6_bindings_QtGui_qevent_sip["qevent.sip"]\n    Root --> node_venv["venv"]\n    node_venv --> node_venv_lib["lib"]\n    node_venv_lib --> node_venv_lib_python3_12["python3.12"]\n    node_venv_lib_python3_12 --> node_venv_lib_python3_12_site-packages["site-packages"]\n    node_venv_lib_python3_12_site-packages --> node_venv_lib_python3_12_site-packages_PyQt6["PyQt6"]\n    node_venv_lib_python3_12_site-packages_PyQt6 --> node_venv_lib_python3_12_site-packages_PyQt6_bindings["bindings"]\n    node_venv_lib_python3_12_site-packages_PyQt6_bindings --> node_venv_lib_python3_12_site-packages_PyQt6_bindings_QtGui["QtGui"]\n    node_venv_lib_python3_12_site-packages_PyQt6_bindings_QtGui --> node_venv_lib_python3_12_site-packages_PyQt6_bindings_QtGui_qeventpoint_sip["qeventpoint.sip"]\n    Root --> node_venv["venv"]\n    node_venv --> node_venv_lib["lib"]\n    node_venv_lib --> node_venv_lib_python3_12["python3.12"]\n    node_venv_lib_python3_12 --> node_venv_lib_python3_12_site-packages["site-packages"]\n    node_venv_lib_python3_12_site-packages --> node_venv_lib_python3_12_site-packages_PyQt6["PyQt6"]\n    node_venv_lib_python3_12_site-packages_PyQt6 --> node_venv_lib_python3_12_site-packages_PyQt6_bindings["bindings"]\n    node_venv_lib_python3_12_site-packages_PyQt6_bindings --> node_venv_lib_python3_12_site-packages_PyQt6_bindings_QtGui["QtGui"]\n    node_venv_lib_python3_12_site-packages_PyQt6_bindings_QtGui --> node_venv_lib_python3_12_site-packages_PyQt6_bindings_QtGui_qfilesystemmodel_sip["qfilesystemmodel.sip"]\n    Root --> node_venv["venv"]\n    node_venv --> node_venv_lib["lib"]\n    node_venv_lib --> node_venv_lib_python3_12["python3.12"]\n    node_venv_lib_python3_12 --> node_venv_lib_python3_12_site-packages["site-packages"]\n    node_venv_lib_python3_12_site-packages --> node_venv_lib_python3_12_site-packages_PyQt6["PyQt6"]\n    node_venv_lib_python3_12_site-packages_PyQt6 --> node_venv_lib_python3_12_site-packages_PyQt6_bindings["bindings"]\n    node_venv_lib_python3_12_site-packages_PyQt6_bindings --> node_venv_lib_python3_12_site-packages_PyQt6_bindings_QtGui["QtGui"]\n    node_venv_lib_python3_12_site-packages_PyQt6_bindings_QtGui --> node_venv_lib_python3_12_site-packages_PyQt6_bindings_QtGui_qfont_sip["qfont.sip"]\n    Root --> node_venv["venv"]\n    node_venv --> node_venv_lib["lib"]\n    node_venv_lib --> node_venv_lib_python3_12["python3.12"]\n    node_venv_lib_python3_12 --> node_venv_lib_python3_12_site-packages["site-packages"]\n    node_venv_lib_python3_12_site-packages --> node_venv_lib_python3_12_site-packages_PyQt6["PyQt6"]\n    node_venv_lib_python3_12_site-packages_PyQt6 --> node_venv_lib_python3_12_site-packages_PyQt6_bindings["bindings"]\n    node_venv_lib_python3_12_site-packages_PyQt6_bindings --> node_venv_lib_python3_12_site-packages_PyQt6_bindings_QtGui["QtGui"]\n    node_venv_lib_python3_12_site-packages_PyQt6_bindings_QtGui --> node_venv_lib_python3_12_site-packages_PyQt6_bindings_QtGui_qfontdatabase_sip["qfontdatabase.sip"]\n    Root --> node_venv["venv"]\n    node_venv --> node_venv_lib["lib"]\n    node_venv_lib --> node_venv_lib_python3_12["python3.12"]\n    node_venv_lib_python3_12 --> node_venv_lib_python3_12_site-packages["site-packages"]\n    node_venv_lib_python3_12_site-packages --> node_venv_lib_python3_12_site-packages_PyQt6["PyQt6"]\n    node_venv_lib_python3_12_site-packages_PyQt6 --> node_venv_lib_python3_12_site-packages_PyQt6_bindings["bindings"]\n    node_venv_lib_python3_12_site-packages_PyQt6_bindings --> node_venv_lib_python3_12_site-packages_PyQt6_bindings_QtGui["QtGui"]\n    node_venv_lib_python3_12_site-packages_PyQt6_bindings_QtGui --> node_venv_lib_python3_12_site-packages_PyQt6_bindings_QtGui_qfontinfo_sip["qfontinfo.sip"]\n    Root --> node_venv["venv"]\n    node_venv --> node_venv_lib["lib"]\n    node_venv_lib --> node_venv_lib_python3_12["python3.12"]\n    node_venv_lib_python3_12 --> node_venv_lib_python3_12_site-packages["site-packages"]\n    node_venv_lib_python3_12_site-packages --> node_venv_lib_python3_12_site-packages_PyQt6["PyQt6"]\n    node_venv_lib_python3_12_site-packages_PyQt6 --> node_venv_lib_python3_12_site-packages_PyQt6_bindings["bindings"]\n    node_venv_lib_python3_12_site-packages_PyQt6_bindings --> node_venv_lib_python3_12_site-packages_PyQt6_bindings_QtGui["QtGui"]\n    node_venv_lib_python3_12_site-packages_PyQt6_bindings_QtGui --> node_venv_lib_python3_12_site-packages_PyQt6_bindings_QtGui_qfontmetrics_sip["qfontmetrics.sip"]\n    Root --> node_venv["venv"]\n    node_venv --> node_venv_lib["lib"]\n    node_venv_lib --> node_venv_lib_python3_12["python3.12"]\n    node_venv_lib_python3_12 --> node_venv_lib_python3_12_site-packages["site-packages"]\n    node_venv_lib_python3_12_site-packages --> node_venv_lib_python3_12_site-packages_PyQt6["PyQt6"]\n    node_venv_lib_python3_12_site-packages_PyQt6 --> node_venv_lib_python3_12_site-packages_PyQt6_bindings["bindings"]\n    node_venv_lib_python3_12_site-packages_PyQt6_bindings --> node_venv_lib_python3_12_site-packages_PyQt6_bindings_QtGui["QtGui"]\n    node_venv_lib_python3_12_site-packages_PyQt6_bindings_QtGui --> node_venv_lib_python3_12_site-packages_PyQt6_bindings_QtGui_qfontvariableaxis_sip["qfontvariableaxis.sip"]\n    Root --> node_venv["venv"]\n    node_venv --> node_venv_lib["lib"]\n    node_venv_lib --> node_venv_lib_python3_12["python3.12"]\n    node_venv_lib_python3_12 --> node_venv_lib_python3_12_site-packages["site-packages"]\n    node_venv_lib_python3_12_site-packages --> node_venv_lib_python3_12_site-packages_PyQt6["PyQt6"]\n    node_venv_lib_python3_12_site-packages_PyQt6 --> node_venv_lib_python3_12_site-packages_PyQt6_bindings["bindings"]\n    node_venv_lib_python3_12_site-packages_PyQt6_bindings --> node_venv_lib_python3_12_site-packages_PyQt6_bindings_QtGui["QtGui"]\n    node_venv_lib_python3_12_site-packages_PyQt6_bindings_QtGui --> node_venv_lib_python3_12_site-packages_PyQt6_bindings_QtGui_qgenericmatrix_sip["qgenericmatrix.sip"]\n    Root --> node_venv["venv"]\n    node_venv --> node_venv_lib["lib"]\n    node_venv_lib --> node_venv_lib_python3_12["python3.12"]\n    node_venv_lib_python3_12 --> node_venv_lib_python3_12_site-packages["site-packages"]\n    node_venv_lib_python3_12_site-packages --> node_venv_lib_python3_12_site-packages_PyQt6["PyQt6"]\n    node_venv_lib_python3_12_site-packages_PyQt6 --> node_venv_lib_python3_12_site-packages_PyQt6_bindings["bindings"]\n    node_venv_lib_python3_12_site-packages_PyQt6_bindings --> node_venv_lib_python3_12_site-packages_PyQt6_bindings_QtGui["QtGui"]\n    node_venv_lib_python3_12_site-packages_PyQt6_bindings_QtGui --> node_venv_lib_python3_12_site-packages_PyQt6_bindings_QtGui_qglyphrun_sip["qglyphrun.sip"]\n    Root --> node_venv["venv"]\n    node_venv --> node_venv_lib["lib"]\n    node_venv_lib --> node_venv_lib_python3_12["python3.12"]\n    node_venv_lib_python3_12 --> node_venv_lib_python3_12_site-packages["site-packages"]\n    node_venv_lib_python3_12_site-packages --> node_venv_lib_python3_12_site-packages_PyQt6["PyQt6"]\n    node_venv_lib_python3_12_site-packages_PyQt6 --> node_venv_lib_python3_12_site-packages_PyQt6_bindings["bindings"]\n    node_venv_lib_python3_12_site-packages_PyQt6_bindings --> node_venv_lib_python3_12_site-packages_PyQt6_bindings_QtGui["QtGui"]\n    node_venv_lib_python3_12_site-packages_PyQt6_bindings_QtGui --> node_venv_lib_python3_12_site-packages_PyQt6_bindings_QtGui_qguiapplication_sip["qguiapplication.sip"]\n    Root --> node_venv["venv"]\n    node_venv --> node_venv_lib["lib"]\n    node_venv_lib --> node_venv_lib_python3_12["python3.12"]\n    node_venv_lib_python3_12 --> node_venv_lib_python3_12_site-packages["site-packages"]\n    node_venv_lib_python3_12_site-packages --> node_venv_lib_python3_12_site-packages_PyQt6["PyQt6"]\n    node_venv_lib_python3_12_site-packages_PyQt6 --> node_venv_lib_python3_12_site-packages_PyQt6_bindings["bindings"]\n    node_venv_lib_python3_12_site-packages_PyQt6_bindings --> node_venv_lib_python3_12_site-packages_PyQt6_bindings_QtGui["QtGui"]\n    node_venv_lib_python3_12_site-packages_PyQt6_bindings_QtGui --> node_venv_lib_python3_12_site-packages_PyQt6_bindings_QtGui_qicon_sip["qicon.sip"]\n    Root --> node_venv["venv"]\n    node_venv --> node_venv_lib["lib"]\n    node_venv_lib --> node_venv_lib_python3_12["python3.12"]\n    node_venv_lib_python3_12 --> node_venv_lib_python3_12_site-packages["site-packages"]\n    node_venv_lib_python3_12_site-packages --> node_venv_lib_python3_12_site-packages_PyQt6["PyQt6"]\n    node_venv_lib_python3_12_site-packages_PyQt6 --> node_venv_lib_python3_12_site-packages_PyQt6_bindings["bindings"]\n    node_venv_lib_python3_12_site-packages_PyQt6_bindings --> node_venv_lib_python3_12_site-packages_PyQt6_bindings_QtGui["QtGui"]\n    node_venv_lib_python3_12_site-packages_PyQt6_bindings_QtGui --> node_venv_lib_python3_12_site-packages_PyQt6_bindings_QtGui_qiconengine_sip["qiconengine.sip"]\n    Root --> node_venv["venv"]\n    node_venv --> node_venv_lib["lib"]\n    node_venv_lib --> node_venv_lib_python3_12["python3.12"]\n    node_venv_lib_python3_12 --> node_venv_lib_python3_12_site-packages["site-packages"]\n    node_venv_lib_python3_12_site-packages --> node_venv_lib_python3_12_site-packages_PyQt6["PyQt6"]\n    node_venv_lib_python3_12_site-packages_PyQt6 --> node_venv_lib_python3_12_site-packages_PyQt6_bindings["bindings"]\n    node_venv_lib_python3_12_site-packages_PyQt6_bindings --> node_venv_lib_python3_12_site-packages_PyQt6_bindings_QtGui["QtGui"]\n    node_venv_lib_python3_12_site-packages_PyQt6_bindings_QtGui --> node_venv_lib_python3_12_site-packages_PyQt6_bindings_QtGui_qimage_sip["qimage.sip"]\n    Root --> node_venv["venv"]\n    node_venv --> node_venv_lib["lib"]\n    node_venv_lib --> node_venv_lib_python3_12["python3.12"]\n    node_venv_lib_python3_12 --> node_venv_lib_python3_12_site-packages["site-packages"]\n    node_venv_lib_python3_12_site-packages --> node_venv_lib_python3_12_site-packages_PyQt6["PyQt6"]\n    node_venv_lib_python3_12_site-packages_PyQt6 --> node_venv_lib_python3_12_site-packages_PyQt6_bindings["bindings"]\n    node_venv_lib_python3_12_site-packages_PyQt6_bindings --> node_venv_lib_python3_12_site-packages_PyQt6_bindings_QtGui["QtGui"]\n    node_venv_lib_python3_12_site-packages_PyQt6_bindings_QtGui --> node_venv_lib_python3_12_site-packages_PyQt6_bindings_QtGui_qimageiohandler_sip["qimageiohandler.sip"]\n    Root --> node_venv["venv"]\n    node_venv --> node_venv_lib["lib"]\n    node_venv_lib --> node_venv_lib_python3_12["python3.12"]\n    node_venv_lib_python3_12 --> node_venv_lib_python3_12_site-packages["site-packages"]\n    node_venv_lib_python3_12_site-packages --> node_venv_lib_python3_12_site-packages_PyQt6["PyQt6"]\n    node_venv_lib_python3_12_site-packages_PyQt6 --> node_venv_lib_python3_12_site-packages_PyQt6_bindings["bindings"]\n    node_venv_lib_python3_12_site-packages_PyQt6_bindings --> node_venv_lib_python3_12_site-packages_PyQt6_bindings_QtGui["QtGui"]\n    node_venv_lib_python3_12_site-packages_PyQt6_bindings_QtGui --> node_venv_lib_python3_12_site-packages_PyQt6_bindings_QtGui_qimagereader_sip["qimagereader.sip"]\n    Root --> node_venv["venv"]\n    node_venv --> node_venv_lib["lib"]\n    node_venv_lib --> node_venv_lib_python3_12["python3.12"]\n    node_venv_lib_python3_12 --> node_venv_lib_python3_12_site-packages["site-packages"]\n    node_venv_lib_python3_12_site-packages --> node_venv_lib_python3_12_site-packages_PyQt6["PyQt6"]\n    node_venv_lib_python3_12_site-packages_PyQt6 --> node_venv_lib_python3_12_site-packages_PyQt6_bindings["bindings"]\n    node_venv_lib_python3_12_site-packages_PyQt6_bindings --> node_venv_lib_python3_12_site-packages_PyQt6_bindings_QtGui["QtGui"]\n    node_venv_lib_python3_12_site-packages_PyQt6_bindings_QtGui --> node_venv_lib_python3_12_site-packages_PyQt6_bindings_QtGui_qimagewriter_sip["qimagewriter.sip"]\n    Root --> node_venv["venv"]\n    node_venv --> node_venv_lib["lib"]\n    node_venv_lib --> node_venv_lib_python3_12["python3.12"]\n    node_venv_lib_python3_12 --> node_venv_lib_python3_12_site-packages["site-packages"]\n    node_venv_lib_python3_12_site-packages --> node_venv_lib_python3_12_site-packages_PyQt6["PyQt6"]\n    node_venv_lib_python3_12_site-packages_PyQt6 --> node_venv_lib_python3_12_site-packages_PyQt6_bindings["bindings"]\n    node_venv_lib_python3_12_site-packages_PyQt6_bindings --> node_venv_lib_python3_12_site-packages_PyQt6_bindings_QtGui["QtGui"]\n    node_venv_lib_python3_12_site-packages_PyQt6_bindings_QtGui --> node_venv_lib_python3_12_site-packages_PyQt6_bindings_QtGui_qinputdevice_sip["qinputdevice.sip"]\n    Root --> node_venv["venv"]\n    node_venv --> node_venv_lib["lib"]\n    node_venv_lib --> node_venv_lib_python3_12["python3.12"]\n    node_venv_lib_python3_12 --> node_venv_lib_python3_12_site-packages["site-packages"]\n    node_venv_lib_python3_12_site-packages --> node_venv_lib_python3_12_site-packages_PyQt6["PyQt6"]\n    node_venv_lib_python3_12_site-packages_PyQt6 --> node_venv_lib_python3_12_site-packages_PyQt6_bindings["bindings"]\n    node_venv_lib_python3_12_site-packages_PyQt6_bindings --> node_venv_lib_python3_12_site-packages_PyQt6_bindings_QtGui["QtGui"]\n    node_venv_lib_python3_12_site-packages_PyQt6_bindings_QtGui --> node_venv_lib_python3_12_site-packages_PyQt6_bindings_QtGui_qinputmethod_sip["qinputmethod.sip"]\n    Root --> node_venv["venv"]\n    node_venv --> node_venv_lib["lib"]\n    node_venv_lib --> node_venv_lib_python3_12["python3.12"]\n    node_venv_lib_python3_12 --> node_venv_lib_python3_12_site-packages["site-packages"]\n    node_venv_lib_python3_12_site-packages --> node_venv_lib_python3_12_site-packages_PyQt6["PyQt6"]\n    node_venv_lib_python3_12_site-packages_PyQt6 --> node_venv_lib_python3_12_site-packages_PyQt6_bindings["bindings"]\n    node_venv_lib_python3_12_site-packages_PyQt6_bindings --> node_venv_lib_python3_12_site-packages_PyQt6_bindings_QtGui["QtGui"]\n    node_venv_lib_python3_12_site-packages_PyQt6_bindings_QtGui --> node_venv_lib_python3_12_site-packages_PyQt6_bindings_QtGui_qkeysequence_sip["qkeysequence.sip"]\n    Root --> node_venv["venv"]\n    node_venv --> node_venv_lib["lib"]\n    node_venv_lib --> node_venv_lib_python3_12["python3.12"]\n    node_venv_lib_python3_12 --> node_venv_lib_python3_12_site-packages["site-packages"]\n    node_venv_lib_python3_12_site-packages --> node_venv_lib_python3_12_site-packages_PyQt6["PyQt6"]\n    node_venv_lib_python3_12_site-packages_PyQt6 --> node_venv_lib_python3_12_site-packages_PyQt6_bindings["bindings"]\n    node_venv_lib_python3_12_site-packages_PyQt6_bindings --> node_venv_lib_python3_12_site-packages_PyQt6_bindings_QtGui["QtGui"]\n    node_venv_lib_python3_12_site-packages_PyQt6_bindings_QtGui --> node_venv_lib_python3_12_site-packages_PyQt6_bindings_QtGui_qmatrix4x4_sip["qmatrix4x4.sip"]\n    Root --> node_venv["venv"]\n    node_venv --> node_venv_lib["lib"]\n    node_venv_lib --> node_venv_lib_python3_12["python3.12"]\n    node_venv_lib_python3_12 --> node_venv_lib_python3_12_site-packages["site-packages"]\n    node_venv_lib_python3_12_site-packages --> node_venv_lib_python3_12_site-packages_PyQt6["PyQt6"]\n    node_venv_lib_python3_12_site-packages_PyQt6 --> node_venv_lib_python3_12_site-packages_PyQt6_bindings["bindings"]\n    node_venv_lib_python3_12_site-packages_PyQt6_bindings --> node_venv_lib_python3_12_site-packages_PyQt6_bindings_QtGui["QtGui"]\n    node_venv_lib_python3_12_site-packages_PyQt6_bindings_QtGui --> node_venv_lib_python3_12_site-packages_PyQt6_bindings_QtGui_qmovie_sip["qmovie.sip"]\n    Root --> node_venv["venv"]\n    node_venv --> node_venv_lib["lib"]\n    node_venv_lib --> node_venv_lib_python3_12["python3.12"]\n    node_venv_lib_python3_12 --> node_venv_lib_python3_12_site-packages["site-packages"]\n    node_venv_lib_python3_12_site-packages --> node_venv_lib_python3_12_site-packages_PyQt6["PyQt6"]\n    node_venv_lib_python3_12_site-packages_PyQt6 --> node_venv_lib_python3_12_site-packages_PyQt6_bindings["bindings"]\n    node_venv_lib_python3_12_site-packages_PyQt6_bindings --> node_venv_lib_python3_12_site-packages_PyQt6_bindings_QtGui["QtGui"]\n    node_venv_lib_python3_12_site-packages_PyQt6_bindings_QtGui --> node_venv_lib_python3_12_site-packages_PyQt6_bindings_QtGui_qoffscreensurface_sip["qoffscreensurface.sip"]\n    Root --> node_venv["venv"]\n    node_venv --> node_venv_lib["lib"]\n    node_venv_lib --> node_venv_lib_python3_12["python3.12"]\n    node_venv_lib_python3_12 --> node_venv_lib_python3_12_site-packages["site-packages"]\n    node_venv_lib_python3_12_site-packages --> node_venv_lib_python3_12_site-packages_PyQt6["PyQt6"]\n    node_venv_lib_python3_12_site-packages_PyQt6 --> node_venv_lib_python3_12_site-packages_PyQt6_bindings["bindings"]\n    node_venv_lib_python3_12_site-packages_PyQt6_bindings --> node_venv_lib_python3_12_site-packages_PyQt6_bindings_QtGui["QtGui"]\n    node_venv_lib_python3_12_site-packages_PyQt6_bindings_QtGui --> node_venv_lib_python3_12_site-packages_PyQt6_bindings_QtGui_qopenglcontext_sip["qopenglcontext.sip"]\n    Root --> node_venv["venv"]\n    node_venv --> node_venv_lib["lib"]\n    node_venv_lib --> node_venv_lib_python3_12["python3.12"]\n    node_venv_lib_python3_12 --> node_venv_lib_python3_12_site-packages["site-packages"]\n    node_venv_lib_python3_12_site-packages --> node_venv_lib_python3_12_site-packages_PyQt6["PyQt6"]\n    node_venv_lib_python3_12_site-packages_PyQt6 --> node_venv_lib_python3_12_site-packages_PyQt6_bindings["bindings"]\n    node_venv_lib_python3_12_site-packages_PyQt6_bindings --> node_venv_lib_python3_12_site-packages_PyQt6_bindings_QtGui["QtGui"]\n    node_venv_lib_python3_12_site-packages_PyQt6_bindings_QtGui --> node_venv_lib_python3_12_site-packages_PyQt6_bindings_QtGui_qpagedpaintdevice_sip["qpagedpaintdevice.sip"]\n    Root --> node_venv["venv"]\n    node_venv --> node_venv_lib["lib"]\n    node_venv_lib --> node_venv_lib_python3_12["python3.12"]\n    node_venv_lib_python3_12 --> node_venv_lib_python3_12_site-packages["site-packages"]\n    node_venv_lib_python3_12_site-packages --> node_venv_lib_python3_12_site-packages_PyQt6["PyQt6"]\n    node_venv_lib_python3_12_site-packages_PyQt6 --> node_venv_lib_python3_12_site-packages_PyQt6_bindings["bindings"]\n    node_venv_lib_python3_12_site-packages_PyQt6_bindings --> node_venv_lib_python3_12_site-packages_PyQt6_bindings_QtGui["QtGui"]\n    node_venv_lib_python3_12_site-packages_PyQt6_bindings_QtGui --> node_venv_lib_python3_12_site-packages_PyQt6_bindings_QtGui_qpagelayout_sip["qpagelayout.sip"]\n    Root --> node_venv["venv"]\n    node_venv --> node_venv_lib["lib"]\n    node_venv_lib --> node_venv_lib_python3_12["python3.12"]\n    node_venv_lib_python3_12 --> node_venv_lib_python3_12_site-packages["site-packages"]\n    node_venv_lib_python3_12_site-packages --> node_venv_lib_python3_12_site-packages_PyQt6["PyQt6"]\n    node_venv_lib_python3_12_site-packages_PyQt6 --> node_venv_lib_python3_12_site-packages_PyQt6_bindings["bindings"]\n    node_venv_lib_python3_12_site-packages_PyQt6_bindings --> node_venv_lib_python3_12_site-packages_PyQt6_bindings_QtGui["QtGui"]\n    node_venv_lib_python3_12_site-packages_PyQt6_bindings_QtGui --> node_venv_lib_python3_12_site-packages_PyQt6_bindings_QtGui_qpageranges_sip["qpageranges.sip"]\n    Root --> node_venv["venv"]\n    node_venv --> node_venv_lib["lib"]\n    node_venv_lib --> node_venv_lib_python3_12["python3.12"]\n    node_venv_lib_python3_12 --> node_venv_lib_python3_12_site-packages["site-packages"]\n    node_venv_lib_python3_12_site-packages --> node_venv_lib_python3_12_site-packages_PyQt6["PyQt6"]\n    node_venv_lib_python3_12_site-packages_PyQt6 --> node_venv_lib_python3_12_site-packages_PyQt6_bindings["bindings"]\n    node_venv_lib_python3_12_site-packages_PyQt6_bindings --> node_venv_lib_python3_12_site-packages_PyQt6_bindings_QtGui["QtGui"]\n    node_venv_lib_python3_12_site-packages_PyQt6_bindings_QtGui --> node_venv_lib_python3_12_site-packages_PyQt6_bindings_QtGui_qpagesize_sip["qpagesize.sip"]\n    Root --> node_venv["venv"]\n    node_venv --> node_venv_lib["lib"]\n    node_venv_lib --> node_venv_lib_python3_12["python3.12"]\n    node_venv_lib_python3_12 --> node_venv_lib_python3_12_site-packages["site-packages"]\n    node_venv_lib_python3_12_site-packages --> node_venv_lib_python3_12_site-packages_PyQt6["PyQt6"]\n    node_venv_lib_python3_12_site-packages_PyQt6 --> node_venv_lib_python3_12_site-packages_PyQt6_bindings["bindings"]\n    node_venv_lib_python3_12_site-packages_PyQt6_bindings --> node_venv_lib_python3_12_site-packages_PyQt6_bindings_QtGui["QtGui"]\n    node_venv_lib_python3_12_site-packages_PyQt6_bindings_QtGui --> node_venv_lib_python3_12_site-packages_PyQt6_bindings_QtGui_qpaintdevice_sip["qpaintdevice.sip"]\n    Root --> node_venv["venv"]\n    node_venv --> node_venv_lib["lib"]\n    node_venv_lib --> node_venv_lib_python3_12["python3.12"]\n    node_venv_lib_python3_12 --> node_venv_lib_python3_12_site-packages["site-packages"]\n    node_venv_lib_python3_12_site-packages --> node_venv_lib_python3_12_site-packages_PyQt6["PyQt6"]\n    node_venv_lib_python3_12_site-packages_PyQt6 --> node_venv_lib_python3_12_site-packages_PyQt6_bindings["bindings"]\n    node_venv_lib_python3_12_site-packages_PyQt6_bindings --> node_venv_lib_python3_12_site-packages_PyQt6_bindings_QtGui["QtGui"]\n    node_venv_lib_python3_12_site-packages_PyQt6_bindings_QtGui --> node_venv_lib_python3_12_site-packages_PyQt6_bindings_QtGui_qpaintdevicewindow_sip["qpaintdevicewindow.sip"]\n    Root --> node_venv["venv"]\n    node_venv --> node_venv_lib["lib"]\n    node_venv_lib --> node_venv_lib_python3_12["python3.12"]\n    node_venv_lib_python3_12 --> node_venv_lib_python3_12_site-packages["site-packages"]\n    node_venv_lib_python3_12_site-packages --> node_venv_lib_python3_12_site-packages_PyQt6["PyQt6"]\n    node_venv_lib_python3_12_site-packages_PyQt6 --> node_venv_lib_python3_12_site-packages_PyQt6_bindings["bindings"]\n    node_venv_lib_python3_12_site-packages_PyQt6_bindings --> node_venv_lib_python3_12_site-packages_PyQt6_bindings_QtGui["QtGui"]\n    node_venv_lib_python3_12_site-packages_PyQt6_bindings_QtGui --> node_venv_lib_python3_12_site-packages_PyQt6_bindings_QtGui_qpaintengine_sip["qpaintengine.sip"]\n    Root --> node_venv["venv"]\n    node_venv --> node_venv_lib["lib"]\n    node_venv_lib --> node_venv_lib_python3_12["python3.12"]\n    node_venv_lib_python3_12 --> node_venv_lib_python3_12_site-packages["site-packages"]\n    node_venv_lib_python3_12_site-packages --> node_venv_lib_python3_12_site-packages_PyQt6["PyQt6"]\n    node_venv_lib_python3_12_site-packages_PyQt6 --> node_venv_lib_python3_12_site-packages_PyQt6_bindings["bindings"]\n    node_venv_lib_python3_12_site-packages_PyQt6_bindings --> node_venv_lib_python3_12_site-packages_PyQt6_bindings_QtGui["QtGui"]\n    node_venv_lib_python3_12_site-packages_PyQt6_bindings_QtGui --> node_venv_lib_python3_12_site-packages_PyQt6_bindings_QtGui_qpainter_sip["qpainter.sip"]\n    Root --> node_venv["venv"]\n    node_venv --> node_venv_lib["lib"]\n    node_venv_lib --> node_venv_lib_python3_12["python3.12"]\n    node_venv_lib_python3_12 --> node_venv_lib_python3_12_site-packages["site-packages"]\n    node_venv_lib_python3_12_site-packages --> node_venv_lib_python3_12_site-packages_PyQt6["PyQt6"]\n    node_venv_lib_python3_12_site-packages_PyQt6 --> node_venv_lib_python3_12_site-packages_PyQt6_bindings["bindings"]\n    node_venv_lib_python3_12_site-packages_PyQt6_bindings --> node_venv_lib_python3_12_site-packages_PyQt6_bindings_QtGui["QtGui"]\n    node_venv_lib_python3_12_site-packages_PyQt6_bindings_QtGui --> node_venv_lib_python3_12_site-packages_PyQt6_bindings_QtGui_qpainterpath_sip["qpainterpath.sip"]\n    Root --> node_venv["venv"]\n    node_venv --> node_venv_lib["lib"]\n    node_venv_lib --> node_venv_lib_python3_12["python3.12"]\n    node_venv_lib_python3_12 --> node_venv_lib_python3_12_site-packages["site-packages"]\n    node_venv_lib_python3_12_site-packages --> node_venv_lib_python3_12_site-packages_PyQt6["PyQt6"]\n    node_venv_lib_python3_12_site-packages_PyQt6 --> node_venv_lib_python3_12_site-packages_PyQt6_bindings["bindings"]\n    node_venv_lib_python3_12_site-packages_PyQt6_bindings --> node_venv_lib_python3_12_site-packages_PyQt6_bindings_QtGui["QtGui"]\n    node_venv_lib_python3_12_site-packages_PyQt6_bindings_QtGui --> node_venv_lib_python3_12_site-packages_PyQt6_bindings_QtGui_qpainterstateguard_sip["qpainterstateguard.sip"]\n    Root --> node_venv["venv"]\n    node_venv --> node_venv_lib["lib"]\n    node_venv_lib --> node_venv_lib_python3_12["python3.12"]\n    node_venv_lib_python3_12 --> node_venv_lib_python3_12_site-packages["site-packages"]\n    node_venv_lib_python3_12_site-packages --> node_venv_lib_python3_12_site-packages_PyQt6["PyQt6"]\n    node_venv_lib_python3_12_site-packages_PyQt6 --> node_venv_lib_python3_12_site-packages_PyQt6_bindings["bindings"]\n    node_venv_lib_python3_12_site-packages_PyQt6_bindings --> node_venv_lib_python3_12_site-packages_PyQt6_bindings_QtGui["QtGui"]\n    node_venv_lib_python3_12_site-packages_PyQt6_bindings_QtGui --> node_venv_lib_python3_12_site-packages_PyQt6_bindings_QtGui_qpalette_sip["qpalette.sip"]\n    Root --> node_venv["venv"]\n    node_venv --> node_venv_lib["lib"]\n    node_venv_lib --> node_venv_lib_python3_12["python3.12"]\n    node_venv_lib_python3_12 --> node_venv_lib_python3_12_site-packages["site-packages"]\n    node_venv_lib_python3_12_site-packages --> node_venv_lib_python3_12_site-packages_PyQt6["PyQt6"]\n    node_venv_lib_python3_12_site-packages_PyQt6 --> node_venv_lib_python3_12_site-packages_PyQt6_bindings["bindings"]\n    node_venv_lib_python3_12_site-packages_PyQt6_bindings --> node_venv_lib_python3_12_site-packages_PyQt6_bindings_QtGui["QtGui"]\n    node_venv_lib_python3_12_site-packages_PyQt6_bindings_QtGui --> node_venv_lib_python3_12_site-packages_PyQt6_bindings_QtGui_qpdfoutputintent_sip["qpdfoutputintent.sip"]\n    Root --> node_venv["venv"]\n    node_venv --> node_venv_lib["lib"]\n    node_venv_lib --> node_venv_lib_python3_12["python3.12"]\n    node_venv_lib_python3_12 --> node_venv_lib_python3_12_site-packages["site-packages"]\n    node_venv_lib_python3_12_site-packages --> node_venv_lib_python3_12_site-packages_PyQt6["PyQt6"]\n    node_venv_lib_python3_12_site-packages_PyQt6 --> node_venv_lib_python3_12_site-packages_PyQt6_bindings["bindings"]\n    node_venv_lib_python3_12_site-packages_PyQt6_bindings --> node_venv_lib_python3_12_site-packages_PyQt6_bindings_QtGui["QtGui"]\n    node_venv_lib_python3_12_site-packages_PyQt6_bindings_QtGui --> node_venv_lib_python3_12_site-packages_PyQt6_bindings_QtGui_qpdfwriter_sip["qpdfwriter.sip"]\n    Root --> node_venv["venv"]\n    node_venv --> node_venv_lib["lib"]\n    node_venv_lib --> node_venv_lib_python3_12["python3.12"]\n    node_venv_lib_python3_12 --> node_venv_lib_python3_12_site-packages["site-packages"]\n    node_venv_lib_python3_12_site-packages --> node_venv_lib_python3_12_site-packages_PyQt6["PyQt6"]\n    node_venv_lib_python3_12_site-packages_PyQt6 --> node_venv_lib_python3_12_site-packages_PyQt6_bindings["bindings"]\n    node_venv_lib_python3_12_site-packages_PyQt6_bindings --> node_venv_lib_python3_12_site-packages_PyQt6_bindings_QtGui["QtGui"]\n    node_venv_lib_python3_12_site-packages_PyQt6_bindings_QtGui --> node_venv_lib_python3_12_site-packages_PyQt6_bindings_QtGui_qpen_sip["qpen.sip"]\n    Root --> node_venv["venv"]\n    node_venv --> node_venv_lib["lib"]\n    node_venv_lib --> node_venv_lib_python3_12["python3.12"]\n    node_venv_lib_python3_12 --> node_venv_lib_python3_12_site-packages["site-packages"]\n    node_venv_lib_python3_12_site-packages --> node_venv_lib_python3_12_site-packages_PyQt6["PyQt6"]\n    node_venv_lib_python3_12_site-packages_PyQt6 --> node_venv_lib_python3_12_site-packages_PyQt6_bindings["bindings"]\n    node_venv_lib_python3_12_site-packages_PyQt6_bindings --> node_venv_lib_python3_12_site-packages_PyQt6_bindings_QtGui["QtGui"]\n    node_venv_lib_python3_12_site-packages_PyQt6_bindings_QtGui --> node_venv_lib_python3_12_site-packages_PyQt6_bindings_QtGui_qpicture_sip["qpicture.sip"]\n    Root --> node_venv["venv"]\n    node_venv --> node_venv_lib["lib"]\n    node_venv_lib --> node_venv_lib_python3_12["python3.12"]\n    node_venv_lib_python3_12 --> node_venv_lib_python3_12_site-packages["site-packages"]\n    node_venv_lib_python3_12_site-packages --> node_venv_lib_python3_12_site-packages_PyQt6["PyQt6"]\n    node_venv_lib_python3_12_site-packages_PyQt6 --> node_venv_lib_python3_12_site-packages_PyQt6_bindings["bindings"]\n    node_venv_lib_python3_12_site-packages_PyQt6_bindings --> node_venv_lib_python3_12_site-packages_PyQt6_bindings_QtGui["QtGui"]\n    node_venv_lib_python3_12_site-packages_PyQt6_bindings_QtGui --> node_venv_lib_python3_12_site-packages_PyQt6_bindings_QtGui_qpixelformat_sip["qpixelformat.sip"]\n    Root --> node_venv["venv"]\n    node_venv --> node_venv_lib["lib"]\n    node_venv_lib --> node_venv_lib_python3_12["python3.12"]\n    node_venv_lib_python3_12 --> node_venv_lib_python3_12_site-packages["site-packages"]\n    node_venv_lib_python3_12_site-packages --> node_venv_lib_python3_12_site-packages_PyQt6["PyQt6"]\n    node_venv_lib_python3_12_site-packages_PyQt6 --> node_venv_lib_python3_12_site-packages_PyQt6_bindings["bindings"]\n    node_venv_lib_python3_12_site-packages_PyQt6_bindings --> node_venv_lib_python3_12_site-packages_PyQt6_bindings_QtGui["QtGui"]\n    node_venv_lib_python3_12_site-packages_PyQt6_bindings_QtGui --> node_venv_lib_python3_12_site-packages_PyQt6_bindings_QtGui_qpixmap_sip["qpixmap.sip"]\n    Root --> node_venv["venv"]\n    node_venv --> node_venv_lib["lib"]\n    node_venv_lib --> node_venv_lib_python3_12["python3.12"]\n    node_venv_lib_python3_12 --> node_venv_lib_python3_12_site-packages["site-packages"]\n    node_venv_lib_python3_12_site-packages --> node_venv_lib_python3_12_site-packages_PyQt6["PyQt6"]\n    node_venv_lib_python3_12_site-packages_PyQt6 --> node_venv_lib_python3_12_site-packages_PyQt6_bindings["bindings"]\n    node_venv_lib_python3_12_site-packages_PyQt6_bindings --> node_venv_lib_python3_12_site-packages_PyQt6_bindings_QtGui["QtGui"]\n    node_venv_lib_python3_12_site-packages_PyQt6_bindings_QtGui --> node_venv_lib_python3_12_site-packages_PyQt6_bindings_QtGui_qpixmapcache_sip["qpixmapcache.sip"]\n    Root --> node_venv["venv"]\n    node_venv --> node_venv_lib["lib"]\n    node_venv_lib --> node_venv_lib_python3_12["python3.12"]\n    node_venv_lib_python3_12 --> node_venv_lib_python3_12_site-packages["site-packages"]\n    node_venv_lib_python3_12_site-packages --> node_venv_lib_python3_12_site-packages_PyQt6["PyQt6"]\n    node_venv_lib_python3_12_site-packages_PyQt6 --> node_venv_lib_python3_12_site-packages_PyQt6_bindings["bindings"]\n    node_venv_lib_python3_12_site-packages_PyQt6_bindings --> node_venv_lib_python3_12_site-packages_PyQt6_bindings_QtGui["QtGui"]\n    node_venv_lib_python3_12_site-packages_PyQt6_bindings_QtGui --> node_venv_lib_python3_12_site-packages_PyQt6_bindings_QtGui_qpointingdevice_sip["qpointingdevice.sip"]\n    Root --> node_venv["venv"]\n    node_venv --> node_venv_lib["lib"]\n    node_venv_lib --> node_venv_lib_python3_12["python3.12"]\n    node_venv_lib_python3_12 --> node_venv_lib_python3_12_site-packages["site-packages"]\n    node_venv_lib_python3_12_site-packages --> node_venv_lib_python3_12_site-packages_PyQt6["PyQt6"]\n    node_venv_lib_python3_12_site-packages_PyQt6 --> node_venv_lib_python3_12_site-packages_PyQt6_bindings["bindings"]\n    node_venv_lib_python3_12_site-packages_PyQt6_bindings --> node_venv_lib_python3_12_site-packages_PyQt6_bindings_QtGui["QtGui"]\n    node_venv_lib_python3_12_site-packages_PyQt6_bindings_QtGui --> node_venv_lib_python3_12_site-packages_PyQt6_bindings_QtGui_qpolygon_sip["qpolygon.sip"]\n    Root --> node_venv["venv"]\n    node_venv --> node_venv_lib["lib"]\n    node_venv_lib --> node_venv_lib_python3_12["python3.12"]\n    node_venv_lib_python3_12 --> node_venv_lib_python3_12_site-packages["site-packages"]\n    node_venv_lib_python3_12_site-packages --> node_venv_lib_python3_12_site-packages_PyQt6["PyQt6"]\n    node_venv_lib_python3_12_site-packages_PyQt6 --> node_venv_lib_python3_12_site-packages_PyQt6_bindings["bindings"]\n    node_venv_lib_python3_12_site-packages_PyQt6_bindings --> node_venv_lib_python3_12_site-packages_PyQt6_bindings_QtGui["QtGui"]\n    node_venv_lib_python3_12_site-packages_PyQt6_bindings_QtGui --> node_venv_lib_python3_12_site-packages_PyQt6_bindings_QtGui_qpygui_native_interface_sip["qpygui_native_interface.sip"]\n    Root --> node_venv["venv"]\n    node_venv --> node_venv_lib["lib"]\n    node_venv_lib --> node_venv_lib_python3_12["python3.12"]\n    node_venv_lib_python3_12 --> node_venv_lib_python3_12_site-packages["site-packages"]\n    node_venv_lib_python3_12_site-packages --> node_venv_lib_python3_12_site-packages_PyQt6["PyQt6"]\n    node_venv_lib_python3_12_site-packages_PyQt6 --> node_venv_lib_python3_12_site-packages_PyQt6_bindings["bindings"]\n    node_venv_lib_python3_12_site-packages_PyQt6_bindings --> node_venv_lib_python3_12_site-packages_PyQt6_bindings_QtGui["QtGui"]\n    node_venv_lib_python3_12_site-packages_PyQt6_bindings_QtGui --> node_venv_lib_python3_12_site-packages_PyQt6_bindings_QtGui_qpygui_qlist_sip["qpygui_qlist.sip"]\n    Root --> node_venv["venv"]\n    node_venv --> node_venv_lib["lib"]\n    node_venv_lib --> node_venv_lib_python3_12["python3.12"]\n    node_venv_lib_python3_12 --> node_venv_lib_python3_12_site-packages["site-packages"]\n    node_venv_lib_python3_12_site-packages --> node_venv_lib_python3_12_site-packages_PyQt6["PyQt6"]\n    node_venv_lib_python3_12_site-packages_PyQt6 --> node_venv_lib_python3_12_site-packages_PyQt6_bindings["bindings"]\n    node_venv_lib_python3_12_site-packages_PyQt6_bindings --> node_venv_lib_python3_12_site-packages_PyQt6_bindings_QtGui["QtGui"]\n    node_venv_lib_python3_12_site-packages_PyQt6_bindings_QtGui --> node_venv_lib_python3_12_site-packages_PyQt6_bindings_QtGui_qpygui_vulkan_sip["qpygui_vulkan.sip"]\n    Root --> node_venv["venv"]\n    node_venv --> node_venv_lib["lib"]\n    node_venv_lib --> node_venv_lib_python3_12["python3.12"]\n    node_venv_lib_python3_12 --> node_venv_lib_python3_12_site-packages["site-packages"]\n    node_venv_lib_python3_12_site-packages --> node_venv_lib_python3_12_site-packages_PyQt6["PyQt6"]\n    node_venv_lib_python3_12_site-packages_PyQt6 --> node_venv_lib_python3_12_site-packages_PyQt6_bindings["bindings"]\n    node_venv_lib_python3_12_site-packages_PyQt6_bindings --> node_venv_lib_python3_12_site-packages_PyQt6_bindings_QtGui["QtGui"]\n    node_venv_lib_python3_12_site-packages_PyQt6_bindings_QtGui --> node_venv_lib_python3_12_site-packages_PyQt6_bindings_QtGui_qquaternion_sip["qquaternion.sip"]\n    Root --> node_venv["venv"]\n    node_venv --> node_venv_lib["lib"]\n    node_venv_lib --> node_venv_lib_python3_12["python3.12"]\n    node_venv_lib_python3_12 --> node_venv_lib_python3_12_site-packages["site-packages"]\n    node_venv_lib_python3_12_site-packages --> node_venv_lib_python3_12_site-packages_PyQt6["PyQt6"]\n    node_venv_lib_python3_12_site-packages_PyQt6 --> node_venv_lib_python3_12_site-packages_PyQt6_bindings["bindings"]\n    node_venv_lib_python3_12_site-packages_PyQt6_bindings --> node_venv_lib_python3_12_site-packages_PyQt6_bindings_QtGui["QtGui"]\n    node_venv_lib_python3_12_site-packages_PyQt6_bindings_QtGui --> node_venv_lib_python3_12_site-packages_PyQt6_bindings_QtGui_qrasterwindow_sip["qrasterwindow.sip"]\n    Root --> node_venv["venv"]\n    node_venv --> node_venv_lib["lib"]\n    node_venv_lib --> node_venv_lib_python3_12["python3.12"]\n    node_venv_lib_python3_12 --> node_venv_lib_python3_12_site-packages["site-packages"]\n    node_venv_lib_python3_12_site-packages --> node_venv_lib_python3_12_site-packages_PyQt6["PyQt6"]\n    node_venv_lib_python3_12_site-packages_PyQt6 --> node_venv_lib_python3_12_site-packages_PyQt6_bindings["bindings"]\n    node_venv_lib_python3_12_site-packages_PyQt6_bindings --> node_venv_lib_python3_12_site-packages_PyQt6_bindings_QtGui["QtGui"]\n    node_venv_lib_python3_12_site-packages_PyQt6_bindings_QtGui --> node_venv_lib_python3_12_site-packages_PyQt6_bindings_QtGui_qrawfont_sip["qrawfont.sip"]\n    Root --> node_venv["venv"]\n    node_venv --> node_venv_lib["lib"]\n    node_venv_lib --> node_venv_lib_python3_12["python3.12"]\n    node_venv_lib_python3_12 --> node_venv_lib_python3_12_site-packages["site-packages"]\n    node_venv_lib_python3_12_site-packages --> node_venv_lib_python3_12_site-packages_PyQt6["PyQt6"]\n    node_venv_lib_python3_12_site-packages_PyQt6 --> node_venv_lib_python3_12_site-packages_PyQt6_bindings["bindings"]\n    node_venv_lib_python3_12_site-packages_PyQt6_bindings --> node_venv_lib_python3_12_site-packages_PyQt6_bindings_QtGui["QtGui"]\n    node_venv_lib_python3_12_site-packages_PyQt6_bindings_QtGui --> node_venv_lib_python3_12_site-packages_PyQt6_bindings_QtGui_qregion_sip["qregion.sip"]\n    Root --> node_venv["venv"]\n    node_venv --> node_venv_lib["lib"]\n    node_venv_lib --> node_venv_lib_python3_12["python3.12"]\n    node_venv_lib_python3_12 --> node_venv_lib_python3_12_site-packages["site-packages"]\n    node_venv_lib_python3_12_site-packages --> node_venv_lib_python3_12_site-packages_PyQt6["PyQt6"]\n    node_venv_lib_python3_12_site-packages_PyQt6 --> node_venv_lib_python3_12_site-packages_PyQt6_bindings["bindings"]\n    node_venv_lib_python3_12_site-packages_PyQt6_bindings --> node_venv_lib_python3_12_site-packages_PyQt6_bindings_QtGui["QtGui"]\n    node_venv_lib_python3_12_site-packages_PyQt6_bindings_QtGui --> node_venv_lib_python3_12_site-packages_PyQt6_bindings_QtGui_qrgb_sip["qrgb.sip"]\n    Root --> node_venv["venv"]\n    node_venv --> node_venv_lib["lib"]\n    node_venv_lib --> node_venv_lib_python3_12["python3.12"]\n    node_venv_lib_python3_12 --> node_venv_lib_python3_12_site-packages["site-packages"]\n    node_venv_lib_python3_12_site-packages --> node_venv_lib_python3_12_site-packages_PyQt6["PyQt6"]\n    node_venv_lib_python3_12_site-packages_PyQt6 --> node_venv_lib_python3_12_site-packages_PyQt6_bindings["bindings"]\n    node_venv_lib_python3_12_site-packages_PyQt6_bindings --> node_venv_lib_python3_12_site-packages_PyQt6_bindings_QtGui["QtGui"]\n    node_venv_lib_python3_12_site-packages_PyQt6_bindings_QtGui --> node_venv_lib_python3_12_site-packages_PyQt6_bindings_QtGui_qrgba64_sip["qrgba64.sip"]\n    Root --> node_venv["venv"]\n    node_venv --> node_venv_lib["lib"]\n    node_venv_lib --> node_venv_lib_python3_12["python3.12"]\n    node_venv_lib_python3_12 --> node_venv_lib_python3_12_site-packages["site-packages"]\n    node_venv_lib_python3_12_site-packages --> node_venv_lib_python3_12_site-packages_PyQt6["PyQt6"]\n    node_venv_lib_python3_12_site-packages_PyQt6 --> node_venv_lib_python3_12_site-packages_PyQt6_bindings["bindings"]\n    node_venv_lib_python3_12_site-packages_PyQt6_bindings --> node_venv_lib_python3_12_site-packages_PyQt6_bindings_QtGui["QtGui"]\n    node_venv_lib_python3_12_site-packages_PyQt6_bindings_QtGui --> node_venv_lib_python3_12_site-packages_PyQt6_bindings_QtGui_qscreen_sip["qscreen.sip"]\n    Root --> node_venv["venv"]\n    node_venv --> node_venv_lib["lib"]\n    node_venv_lib --> node_venv_lib_python3_12["python3.12"]\n    node_venv_lib_python3_12 --> node_venv_lib_python3_12_site-packages["site-packages"]\n    node_venv_lib_python3_12_site-packages --> node_venv_lib_python3_12_site-packages_PyQt6["PyQt6"]\n    node_venv_lib_python3_12_site-packages_PyQt6 --> node_venv_lib_python3_12_site-packages_PyQt6_bindings["bindings"]\n    node_venv_lib_python3_12_site-packages_PyQt6_bindings --> node_venv_lib_python3_12_site-packages_PyQt6_bindings_QtGui["QtGui"]\n    node_venv_lib_python3_12_site-packages_PyQt6_bindings_QtGui --> node_venv_lib_python3_12_site-packages_PyQt6_bindings_QtGui_qsessionmanager_sip["qsessionmanager.sip"]\n    Root --> node_venv["venv"]\n    node_venv --> node_venv_lib["lib"]\n    node_venv_lib --> node_venv_lib_python3_12["python3.12"]\n    node_venv_lib_python3_12 --> node_venv_lib_python3_12_site-packages["site-packages"]\n    node_venv_lib_python3_12_site-packages --> node_venv_lib_python3_12_site-packages_PyQt6["PyQt6"]\n    node_venv_lib_python3_12_site-packages_PyQt6 --> node_venv_lib_python3_12_site-packages_PyQt6_bindings["bindings"]\n    node_venv_lib_python3_12_site-packages_PyQt6_bindings --> node_venv_lib_python3_12_site-packages_PyQt6_bindings_QtGui["QtGui"]\n    node_venv_lib_python3_12_site-packages_PyQt6_bindings_QtGui --> node_venv_lib_python3_12_site-packages_PyQt6_bindings_QtGui_qshortcut_sip["qshortcut.sip"]\n    Root --> node_venv["venv"]\n    node_venv --> node_venv_lib["lib"]\n    node_venv_lib --> node_venv_lib_python3_12["python3.12"]\n    node_venv_lib_python3_12 --> node_venv_lib_python3_12_site-packages["site-packages"]\n    node_venv_lib_python3_12_site-packages --> node_venv_lib_python3_12_site-packages_PyQt6["PyQt6"]\n    node_venv_lib_python3_12_site-packages_PyQt6 --> node_venv_lib_python3_12_site-packages_PyQt6_bindings["bindings"]\n    node_venv_lib_python3_12_site-packages_PyQt6_bindings --> node_venv_lib_python3_12_site-packages_PyQt6_bindings_QtGui["QtGui"]\n    node_venv_lib_python3_12_site-packages_PyQt6_bindings_QtGui --> node_venv_lib_python3_12_site-packages_PyQt6_bindings_QtGui_qstandarditemmodel_sip["qstandarditemmodel.sip"]\n    Root --> node_venv["venv"]\n    node_venv --> node_venv_lib["lib"]\n    node_venv_lib --> node_venv_lib_python3_12["python3.12"]\n    node_venv_lib_python3_12 --> node_venv_lib_python3_12_site-packages["site-packages"]\n    node_venv_lib_python3_12_site-packages --> node_venv_lib_python3_12_site-packages_PyQt6["PyQt6"]\n    node_venv_lib_python3_12_site-packages_PyQt6 --> node_venv_lib_python3_12_site-packages_PyQt6_bindings["bindings"]\n    node_venv_lib_python3_12_site-packages_PyQt6_bindings --> node_venv_lib_python3_12_site-packages_PyQt6_bindings_QtGui["QtGui"]\n    node_venv_lib_python3_12_site-packages_PyQt6_bindings_QtGui --> node_venv_lib_python3_12_site-packages_PyQt6_bindings_QtGui_qstatictext_sip["qstatictext.sip"]\n    Root --> node_venv["venv"]\n    node_venv --> node_venv_lib["lib"]\n    node_venv_lib --> node_venv_lib_python3_12["python3.12"]\n    node_venv_lib_python3_12 --> node_venv_lib_python3_12_site-packages["site-packages"]\n    node_venv_lib_python3_12_site-packages --> node_venv_lib_python3_12_site-packages_PyQt6["PyQt6"]\n    node_venv_lib_python3_12_site-packages_PyQt6 --> node_venv_lib_python3_12_site-packages_PyQt6_bindings["bindings"]\n    node_venv_lib_python3_12_site-packages_PyQt6_bindings --> node_venv_lib_python3_12_site-packages_PyQt6_bindings_QtGui["QtGui"]\n    node_venv_lib_python3_12_site-packages_PyQt6_bindings_QtGui --> node_venv_lib_python3_12_site-packages_PyQt6_bindings_QtGui_qstylehints_sip["qstylehints.sip"]\n    Root --> node_venv["venv"]\n    node_venv --> node_venv_lib["lib"]\n    node_venv_lib --> node_venv_lib_python3_12["python3.12"]\n    node_venv_lib_python3_12 --> node_venv_lib_python3_12_site-packages["site-packages"]\n    node_venv_lib_python3_12_site-packages --> node_venv_lib_python3_12_site-packages_PyQt6["PyQt6"]\n    node_venv_lib_python3_12_site-packages_PyQt6 --> node_venv_lib_python3_12_site-packages_PyQt6_bindings["bindings"]\n    node_venv_lib_python3_12_site-packages_PyQt6_bindings --> node_venv_lib_python3_12_site-packages_PyQt6_bindings_QtGui["QtGui"]\n    node_venv_lib_python3_12_site-packages_PyQt6_bindings_QtGui --> node_venv_lib_python3_12_site-packages_PyQt6_bindings_QtGui_qsurface_sip["qsurface.sip"]\n    Root --> node_venv["venv"]\n    node_venv --> node_venv_lib["lib"]\n    node_venv_lib --> node_venv_lib_python3_12["python3.12"]\n    node_venv_lib_python3_12 --> node_venv_lib_python3_12_site-packages["site-packages"]\n    node_venv_lib_python3_12_site-packages --> node_venv_lib_python3_12_site-packages_PyQt6["PyQt6"]\n    node_venv_lib_python3_12_site-packages_PyQt6 --> node_venv_lib_python3_12_site-packages_PyQt6_bindings["bindings"]\n    node_venv_lib_python3_12_site-packages_PyQt6_bindings --> node_venv_lib_python3_12_site-packages_PyQt6_bindings_QtGui["QtGui"]\n    node_venv_lib_python3_12_site-packages_PyQt6_bindings_QtGui --> node_venv_lib_python3_12_site-packages_PyQt6_bindings_QtGui_qsurfaceformat_sip["qsurfaceformat.sip"]\n    Root --> node_venv["venv"]\n    node_venv --> node_venv_lib["lib"]\n    node_venv_lib --> node_venv_lib_python3_12["python3.12"]\n    node_venv_lib_python3_12 --> node_venv_lib_python3_12_site-packages["site-packages"]\n    node_venv_lib_python3_12_site-packages --> node_venv_lib_python3_12_site-packages_PyQt6["PyQt6"]\n    node_venv_lib_python3_12_site-packages_PyQt6 --> node_venv_lib_python3_12_site-packages_PyQt6_bindings["bindings"]\n    node_venv_lib_python3_12_site-packages_PyQt6_bindings --> node_venv_lib_python3_12_site-packages_PyQt6_bindings_QtGui["QtGui"]\n    node_venv_lib_python3_12_site-packages_PyQt6_bindings_QtGui --> node_venv_lib_python3_12_site-packages_PyQt6_bindings_QtGui_qsyntaxhighlighter_sip["qsyntaxhighlighter.sip"]\n    Root --> node_venv["venv"]\n    node_venv --> node_venv_lib["lib"]\n    node_venv_lib --> node_venv_lib_python3_12["python3.12"]\n    node_venv_lib_python3_12 --> node_venv_lib_python3_12_site-packages["site-packages"]\n    node_venv_lib_python3_12_site-packages --> node_venv_lib_python3_12_site-packages_PyQt6["PyQt6"]\n    node_venv_lib_python3_12_site-packages_PyQt6 --> node_venv_lib_python3_12_site-packages_PyQt6_bindings["bindings"]\n    node_venv_lib_python3_12_site-packages_PyQt6_bindings --> node_venv_lib_python3_12_site-packages_PyQt6_bindings_QtGui["QtGui"]\n    node_venv_lib_python3_12_site-packages_PyQt6_bindings_QtGui --> node_venv_lib_python3_12_site-packages_PyQt6_bindings_QtGui_qtextcursor_sip["qtextcursor.sip"]\n    Root --> node_venv["venv"]\n    node_venv --> node_venv_lib["lib"]\n    node_venv_lib --> node_venv_lib_python3_12["python3.12"]\n    node_venv_lib_python3_12 --> node_venv_lib_python3_12_site-packages["site-packages"]\n    node_venv_lib_python3_12_site-packages --> node_venv_lib_python3_12_site-packages_PyQt6["PyQt6"]\n    node_venv_lib_python3_12_site-packages_PyQt6 --> node_venv_lib_python3_12_site-packages_PyQt6_bindings["bindings"]\n    node_venv_lib_python3_12_site-packages_PyQt6_bindings --> node_venv_lib_python3_12_site-packages_PyQt6_bindings_QtGui["QtGui"]\n    node_venv_lib_python3_12_site-packages_PyQt6_bindings_QtGui --> node_venv_lib_python3_12_site-packages_PyQt6_bindings_QtGui_qtextdocument_sip["qtextdocument.sip"]\n    Root --> node_venv["venv"]\n    node_venv --> node_venv_lib["lib"]\n    node_venv_lib --> node_venv_lib_python3_12["python3.12"]\n    node_venv_lib_python3_12 --> node_venv_lib_python3_12_site-packages["site-packages"]\n    node_venv_lib_python3_12_site-packages --> node_venv_lib_python3_12_site-packages_PyQt6["PyQt6"]\n    node_venv_lib_python3_12_site-packages_PyQt6 --> node_venv_lib_python3_12_site-packages_PyQt6_bindings["bindings"]\n    node_venv_lib_python3_12_site-packages_PyQt6_bindings --> node_venv_lib_python3_12_site-packages_PyQt6_bindings_QtGui["QtGui"]\n    node_venv_lib_python3_12_site-packages_PyQt6_bindings_QtGui --> node_venv_lib_python3_12_site-packages_PyQt6_bindings_QtGui_qtextdocumentfragment_sip["qtextdocumentfragment.sip"]\n    Root --> node_venv["venv"]\n    node_venv --> node_venv_lib["lib"]\n    node_venv_lib --> node_venv_lib_python3_12["python3.12"]\n    node_venv_lib_python3_12 --> node_venv_lib_python3_12_site-packages["site-packages"]\n    node_venv_lib_python3_12_site-packages --> node_venv_lib_python3_12_site-packages_PyQt6["PyQt6"]\n    node_venv_lib_python3_12_site-packages_PyQt6 --> node_venv_lib_python3_12_site-packages_PyQt6_bindings["bindings"]\n    node_venv_lib_python3_12_site-packages_PyQt6_bindings --> node_venv_lib_python3_12_site-packages_PyQt6_bindings_QtGui["QtGui"]\n    node_venv_lib_python3_12_site-packages_PyQt6_bindings_QtGui --> node_venv_lib_python3_12_site-packages_PyQt6_bindings_QtGui_qtextdocumentwriter_sip["qtextdocumentwriter.sip"]\n    Root --> node_venv["venv"]\n    node_venv --> node_venv_lib["lib"]\n    node_venv_lib --> node_venv_lib_python3_12["python3.12"]\n    node_venv_lib_python3_12 --> node_venv_lib_python3_12_site-packages["site-packages"]\n    node_venv_lib_python3_12_site-packages --> node_venv_lib_python3_12_site-packages_PyQt6["PyQt6"]\n    node_venv_lib_python3_12_site-packages_PyQt6 --> node_venv_lib_python3_12_site-packages_PyQt6_bindings["bindings"]\n    node_venv_lib_python3_12_site-packages_PyQt6_bindings --> node_venv_lib_python3_12_site-packages_PyQt6_bindings_QtGui["QtGui"]\n    node_venv_lib_python3_12_site-packages_PyQt6_bindings_QtGui --> node_venv_lib_python3_12_site-packages_PyQt6_bindings_QtGui_qtextformat_sip["qtextformat.sip"]\n    Root --> node_venv["venv"]\n    node_venv --> node_venv_lib["lib"]\n    node_venv_lib --> node_venv_lib_python3_12["python3.12"]\n    node_venv_lib_python3_12 --> node_venv_lib_python3_12_site-packages["site-packages"]\n    node_venv_lib_python3_12_site-packages --> node_venv_lib_python3_12_site-packages_PyQt6["PyQt6"]\n    node_venv_lib_python3_12_site-packages_PyQt6 --> node_venv_lib_python3_12_site-packages_PyQt6_bindings["bindings"]\n    node_venv_lib_python3_12_site-packages_PyQt6_bindings --> node_venv_lib_python3_12_site-packages_PyQt6_bindings_QtGui["QtGui"]\n    node_venv_lib_python3_12_site-packages_PyQt6_bindings_QtGui --> node_venv_lib_python3_12_site-packages_PyQt6_bindings_QtGui_qtextlayout_sip["qtextlayout.sip"]\n    Root --> node_venv["venv"]\n    node_venv --> node_venv_lib["lib"]\n    node_venv_lib --> node_venv_lib_python3_12["python3.12"]\n    node_venv_lib_python3_12 --> node_venv_lib_python3_12_site-packages["site-packages"]\n    node_venv_lib_python3_12_site-packages --> node_venv_lib_python3_12_site-packages_PyQt6["PyQt6"]\n    node_venv_lib_python3_12_site-packages_PyQt6 --> node_venv_lib_python3_12_site-packages_PyQt6_bindings["bindings"]\n    node_venv_lib_python3_12_site-packages_PyQt6_bindings --> node_venv_lib_python3_12_site-packages_PyQt6_bindings_QtGui["QtGui"]\n    node_venv_lib_python3_12_site-packages_PyQt6_bindings_QtGui --> node_venv_lib_python3_12_site-packages_PyQt6_bindings_QtGui_qtextlist_sip["qtextlist.sip"]\n    Root --> node_venv["venv"]\n    node_venv --> node_venv_lib["lib"]\n    node_venv_lib --> node_venv_lib_python3_12["python3.12"]\n    node_venv_lib_python3_12 --> node_venv_lib_python3_12_site-packages["site-packages"]\n    node_venv_lib_python3_12_site-packages --> node_venv_lib_python3_12_site-packages_PyQt6["PyQt6"]\n    node_venv_lib_python3_12_site-packages_PyQt6 --> node_venv_lib_python3_12_site-packages_PyQt6_bindings["bindings"]\n    node_venv_lib_python3_12_site-packages_PyQt6_bindings --> node_venv_lib_python3_12_site-packages_PyQt6_bindings_QtGui["QtGui"]\n    node_venv_lib_python3_12_site-packages_PyQt6_bindings_QtGui --> node_venv_lib_python3_12_site-packages_PyQt6_bindings_QtGui_qtextobject_sip["qtextobject.sip"]\n    Root --> node_venv["venv"]\n    node_venv --> node_venv_lib["lib"]\n    node_venv_lib --> node_venv_lib_python3_12["python3.12"]\n    node_venv_lib_python3_12 --> node_venv_lib_python3_12_site-packages["site-packages"]\n    node_venv_lib_python3_12_site-packages --> node_venv_lib_python3_12_site-packages_PyQt6["PyQt6"]\n    node_venv_lib_python3_12_site-packages_PyQt6 --> node_venv_lib_python3_12_site-packages_PyQt6_bindings["bindings"]\n    node_venv_lib_python3_12_site-packages_PyQt6_bindings --> node_venv_lib_python3_12_site-packages_PyQt6_bindings_QtGui["QtGui"]\n    node_venv_lib_python3_12_site-packages_PyQt6_bindings_QtGui --> node_venv_lib_python3_12_site-packages_PyQt6_bindings_QtGui_qtextoption_sip["qtextoption.sip"]\n    Root --> node_venv["venv"]\n    node_venv --> node_venv_lib["lib"]\n    node_venv_lib --> node_venv_lib_python3_12["python3.12"]\n    node_venv_lib_python3_12 --> node_venv_lib_python3_12_site-packages["site-packages"]\n    node_venv_lib_python3_12_site-packages --> node_venv_lib_python3_12_site-packages_PyQt6["PyQt6"]\n    node_venv_lib_python3_12_site-packages_PyQt6 --> node_venv_lib_python3_12_site-packages_PyQt6_bindings["bindings"]\n    node_venv_lib_python3_12_site-packages_PyQt6_bindings --> node_venv_lib_python3_12_site-packages_PyQt6_bindings_QtGui["QtGui"]\n    node_venv_lib_python3_12_site-packages_PyQt6_bindings_QtGui --> node_venv_lib_python3_12_site-packages_PyQt6_bindings_QtGui_qtexttable_sip["qtexttable.sip"]\n    Root --> node_venv["venv"]\n    node_venv --> node_venv_lib["lib"]\n    node_venv_lib --> node_venv_lib_python3_12["python3.12"]\n    node_venv_lib_python3_12 --> node_venv_lib_python3_12_site-packages["site-packages"]\n    node_venv_lib_python3_12_site-packages --> node_venv_lib_python3_12_site-packages_PyQt6["PyQt6"]\n    node_venv_lib_python3_12_site-packages_PyQt6 --> node_venv_lib_python3_12_site-packages_PyQt6_bindings["bindings"]\n    node_venv_lib_python3_12_site-packages_PyQt6_bindings --> node_venv_lib_python3_12_site-packages_PyQt6_bindings_QtGui["QtGui"]\n    node_venv_lib_python3_12_site-packages_PyQt6_bindings_QtGui --> node_venv_lib_python3_12_site-packages_PyQt6_bindings_QtGui_qtransform_sip["qtransform.sip"]\n    Root --> node_venv["venv"]\n    node_venv --> node_venv_lib["lib"]\n    node_venv_lib --> node_venv_lib_python3_12["python3.12"]\n    node_venv_lib_python3_12 --> node_venv_lib_python3_12_site-packages["site-packages"]\n    node_venv_lib_python3_12_site-packages --> node_venv_lib_python3_12_site-packages_PyQt6["PyQt6"]\n    node_venv_lib_python3_12_site-packages_PyQt6 --> node_venv_lib_python3_12_site-packages_PyQt6_bindings["bindings"]\n    node_venv_lib_python3_12_site-packages_PyQt6_bindings --> node_venv_lib_python3_12_site-packages_PyQt6_bindings_QtGui["QtGui"]\n    node_venv_lib_python3_12_site-packages_PyQt6_bindings_QtGui --> node_venv_lib_python3_12_site-packages_PyQt6_bindings_QtGui_qundogroup_sip["qundogroup.sip"]\n    Root --> node_venv["venv"]\n    node_venv --> node_venv_lib["lib"]\n    node_venv_lib --> node_venv_lib_python3_12["python3.12"]\n    node_venv_lib_python3_12 --> node_venv_lib_python3_12_site-packages["site-packages"]\n    node_venv_lib_python3_12_site-packages --> node_venv_lib_python3_12_site-packages_PyQt6["PyQt6"]\n    node_venv_lib_python3_12_site-packages_PyQt6 --> node_venv_lib_python3_12_site-packages_PyQt6_bindings["bindings"]\n    node_venv_lib_python3_12_site-packages_PyQt6_bindings --> node_venv_lib_python3_12_site-packages_PyQt6_bindings_QtGui["QtGui"]\n    node_venv_lib_python3_12_site-packages_PyQt6_bindings_QtGui --> node_venv_lib_python3_12_site-packages_PyQt6_bindings_QtGui_qundostack_sip["qundostack.sip"]\n    Root --> node_venv["venv"]\n    node_venv --> node_venv_lib["lib"]\n    node_venv_lib --> node_venv_lib_python3_12["python3.12"]\n    node_venv_lib_python3_12 --> node_venv_lib_python3_12_site-packages["site-packages"]\n    node_venv_lib_python3_12_site-packages --> node_venv_lib_python3_12_site-packages_PyQt6["PyQt6"]\n    node_venv_lib_python3_12_site-packages_PyQt6 --> node_venv_lib_python3_12_site-packages_PyQt6_bindings["bindings"]\n    node_venv_lib_python3_12_site-packages_PyQt6_bindings --> node_venv_lib_python3_12_site-packages_PyQt6_bindings_QtGui["QtGui"]\n    node_venv_lib_python3_12_site-packages_PyQt6_bindings_QtGui --> node_venv_lib_python3_12_site-packages_PyQt6_bindings_QtGui_qutimimeconverter_sip["qutimimeconverter.sip"]\n    Root --> node_venv["venv"]\n    node_venv --> node_venv_lib["lib"]\n    node_venv_lib --> node_venv_lib_python3_12["python3.12"]\n    node_venv_lib_python3_12 --> node_venv_lib_python3_12_site-packages["site-packages"]\n    node_venv_lib_python3_12_site-packages --> node_venv_lib_python3_12_site-packages_PyQt6["PyQt6"]\n    node_venv_lib_python3_12_site-packages_PyQt6 --> node_venv_lib_python3_12_site-packages_PyQt6_bindings["bindings"]\n    node_venv_lib_python3_12_site-packages_PyQt6_bindings --> node_venv_lib_python3_12_site-packages_PyQt6_bindings_QtGui["QtGui"]\n    node_venv_lib_python3_12_site-packages_PyQt6_bindings_QtGui --> node_venv_lib_python3_12_site-packages_PyQt6_bindings_QtGui_qvalidator_sip["qvalidator.sip"]\n    Root --> node_venv["venv"]\n    node_venv --> node_venv_lib["lib"]\n    node_venv_lib --> node_venv_lib_python3_12["python3.12"]\n    node_venv_lib_python3_12 --> node_venv_lib_python3_12_site-packages["site-packages"]\n    node_venv_lib_python3_12_site-packages --> node_venv_lib_python3_12_site-packages_PyQt6["PyQt6"]\n    node_venv_lib_python3_12_site-packages_PyQt6 --> node_venv_lib_python3_12_site-packages_PyQt6_bindings["bindings"]\n    node_venv_lib_python3_12_site-packages_PyQt6_bindings --> node_venv_lib_python3_12_site-packages_PyQt6_bindings_QtGui["QtGui"]\n    node_venv_lib_python3_12_site-packages_PyQt6_bindings_QtGui --> node_venv_lib_python3_12_site-packages_PyQt6_bindings_QtGui_qvectornd_sip["qvectornd.sip"]\n    Root --> node_venv["venv"]\n    node_venv --> node_venv_lib["lib"]\n    node_venv_lib --> node_venv_lib_python3_12["python3.12"]\n    node_venv_lib_python3_12 --> node_venv_lib_python3_12_site-packages["site-packages"]\n    node_venv_lib_python3_12_site-packages --> node_venv_lib_python3_12_site-packages_PyQt6["PyQt6"]\n    node_venv_lib_python3_12_site-packages_PyQt6 --> node_venv_lib_python3_12_site-packages_PyQt6_bindings["bindings"]\n    node_venv_lib_python3_12_site-packages_PyQt6_bindings --> node_venv_lib_python3_12_site-packages_PyQt6_bindings_QtGui["QtGui"]\n    node_venv_lib_python3_12_site-packages_PyQt6_bindings_QtGui --> node_venv_lib_python3_12_site-packages_PyQt6_bindings_QtGui_qwindow_sip["qwindow.sip"]\n    Root --> node_venv["venv"]\n    node_venv --> node_venv_lib["lib"]\n    node_venv_lib --> node_venv_lib_python3_12["python3.12"]\n    node_venv_lib_python3_12 --> node_venv_lib_python3_12_site-packages["site-packages"]\n    node_venv_lib_python3_12_site-packages --> node_venv_lib_python3_12_site-packages_PyQt6["PyQt6"]\n    node_venv_lib_python3_12_site-packages_PyQt6 --> node_venv_lib_python3_12_site-packages_PyQt6_bindings["bindings"]\n    node_venv_lib_python3_12_site-packages_PyQt6_bindings --> node_venv_lib_python3_12_site-packages_PyQt6_bindings_QtGui["QtGui"]\n    node_venv_lib_python3_12_site-packages_PyQt6_bindings_QtGui --> node_venv_lib_python3_12_site-packages_PyQt6_bindings_QtGui_qwindowdefs_sip["qwindowdefs.sip"]\n    Root --> node_venv["venv"]\n    node_venv --> node_venv_lib["lib"]\n    node_venv_lib --> node_venv_lib_python3_12["python3.12"]\n    node_venv_lib_python3_12 --> node_venv_lib_python3_12_site-packages["site-packages"]\n    node_venv_lib_python3_12_site-packages --> node_venv_lib_python3_12_site-packages_PyQt6["PyQt6"]\n    node_venv_lib_python3_12_site-packages_PyQt6 --> node_venv_lib_python3_12_site-packages_PyQt6_bindings["bindings"]\n    node_venv_lib_python3_12_site-packages_PyQt6_bindings --> node_venv_lib_python3_12_site-packages_PyQt6_bindings_QtNfc["QtNfc"]\n    node_venv_lib_python3_12_site-packages_PyQt6_bindings_QtNfc --> node_venv_lib_python3_12_site-packages_PyQt6_bindings_QtNfc_QtNfc_toml["QtNfc.toml"]\n    Root --> node_venv["venv"]\n    node_venv --> node_venv_lib["lib"]\n    node_venv_lib --> node_venv_lib_python3_12["python3.12"]\n    node_venv_lib_python3_12 --> node_venv_lib_python3_12_site-packages["site-packages"]\n    node_venv_lib_python3_12_site-packages --> node_venv_lib_python3_12_site-packages_PyQt6["PyQt6"]\n    node_venv_lib_python3_12_site-packages_PyQt6 --> node_venv_lib_python3_12_site-packages_PyQt6_bindings["bindings"]\n    node_venv_lib_python3_12_site-packages_PyQt6_bindings --> node_venv_lib_python3_12_site-packages_PyQt6_bindings_QtNfc["QtNfc"]\n    node_venv_lib_python3_12_site-packages_PyQt6_bindings_QtNfc --> node_venv_lib_python3_12_site-packages_PyQt6_bindings_QtNfc_QtNfcmod_sip["QtNfcmod.sip"]\n    Root --> node_venv["venv"]\n    node_venv --> node_venv_lib["lib"]\n    node_venv_lib --> node_venv_lib_python3_12["python3.12"]\n    node_venv_lib_python3_12 --> node_venv_lib_python3_12_site-packages["site-packages"]\n    node_venv_lib_python3_12_site-packages --> node_venv_lib_python3_12_site-packages_PyQt6["PyQt6"]\n    node_venv_lib_python3_12_site-packages_PyQt6 --> node_venv_lib_python3_12_site-packages_PyQt6_bindings["bindings"]\n    node_venv_lib_python3_12_site-packages_PyQt6_bindings --> node_venv_lib_python3_12_site-packages_PyQt6_bindings_QtNfc["QtNfc"]\n    node_venv_lib_python3_12_site-packages_PyQt6_bindings_QtNfc --> node_venv_lib_python3_12_site-packages_PyQt6_bindings_QtNfc_qndeffilter_sip["qndeffilter.sip"]\n    Root --> node_venv["venv"]\n    node_venv --> node_venv_lib["lib"]\n    node_venv_lib --> node_venv_lib_python3_12["python3.12"]\n    node_venv_lib_python3_12 --> node_venv_lib_python3_12_site-packages["site-packages"]\n    node_venv_lib_python3_12_site-packages --> node_venv_lib_python3_12_site-packages_PyQt6["PyQt6"]\n    node_venv_lib_python3_12_site-packages_PyQt6 --> node_venv_lib_python3_12_site-packages_PyQt6_bindings["bindings"]\n    node_venv_lib_python3_12_site-packages_PyQt6_bindings --> node_venv_lib_python3_12_site-packages_PyQt6_bindings_QtNfc["QtNfc"]\n    node_venv_lib_python3_12_site-packages_PyQt6_bindings_QtNfc --> node_venv_lib_python3_12_site-packages_PyQt6_bindings_QtNfc_qndefmessage_sip["qndefmessage.sip"]\n    Root --> node_venv["venv"]\n    node_venv --> node_venv_lib["lib"]\n    node_venv_lib --> node_venv_lib_python3_12["python3.12"]\n    node_venv_lib_python3_12 --> node_venv_lib_python3_12_site-packages["site-packages"]\n    node_venv_lib_python3_12_site-packages --> node_venv_lib_python3_12_site-packages_PyQt6["PyQt6"]\n    node_venv_lib_python3_12_site-packages_PyQt6 --> node_venv_lib_python3_12_site-packages_PyQt6_bindings["bindings"]\n    node_venv_lib_python3_12_site-packages_PyQt6_bindings --> node_venv_lib_python3_12_site-packages_PyQt6_bindings_QtNfc["QtNfc"]\n    node_venv_lib_python3_12_site-packages_PyQt6_bindings_QtNfc --> node_venv_lib_python3_12_site-packages_PyQt6_bindings_QtNfc_qndefnfcsmartposterrecord_sip["qndefnfcsmartposterrecord.sip"]\n    Root --> node_venv["venv"]\n    node_venv --> node_venv_lib["lib"]\n    node_venv_lib --> node_venv_lib_python3_12["python3.12"]\n    node_venv_lib_python3_12 --> node_venv_lib_python3_12_site-packages["site-packages"]\n    node_venv_lib_python3_12_site-packages --> node_venv_lib_python3_12_site-packages_PyQt6["PyQt6"]\n    node_venv_lib_python3_12_site-packages_PyQt6 --> node_venv_lib_python3_12_site-packages_PyQt6_bindings["bindings"]\n    node_venv_lib_python3_12_site-packages_PyQt6_bindings --> node_venv_lib_python3_12_site-packages_PyQt6_bindings_QtNfc["QtNfc"]\n    node_venv_lib_python3_12_site-packages_PyQt6_bindings_QtNfc --> node_venv_lib_python3_12_site-packages_PyQt6_bindings_QtNfc_qndefnfctextrecord_sip["qndefnfctextrecord.sip"]\n    Root --> node_venv["venv"]\n    node_venv --> node_venv_lib["lib"]\n    node_venv_lib --> node_venv_lib_python3_12["python3.12"]\n    node_venv_lib_python3_12 --> node_venv_lib_python3_12_site-packages["site-packages"]\n    node_venv_lib_python3_12_site-packages --> node_venv_lib_python3_12_site-packages_PyQt6["PyQt6"]\n    node_venv_lib_python3_12_site-packages_PyQt6 --> node_venv_lib_python3_12_site-packages_PyQt6_bindings["bindings"]\n    node_venv_lib_python3_12_site-packages_PyQt6_bindings --> node_venv_lib_python3_12_site-packages_PyQt6_bindings_QtNfc["QtNfc"]\n    node_venv_lib_python3_12_site-packages_PyQt6_bindings_QtNfc --> node_venv_lib_python3_12_site-packages_PyQt6_bindings_QtNfc_qndefnfcurirecord_sip["qndefnfcurirecord.sip"]\n    Root --> node_venv["venv"]\n    node_venv --> node_venv_lib["lib"]\n    node_venv_lib --> node_venv_lib_python3_12["python3.12"]\n    node_venv_lib_python3_12 --> node_venv_lib_python3_12_site-packages["site-packages"]\n    node_venv_lib_python3_12_site-packages --> node_venv_lib_python3_12_site-packages_PyQt6["PyQt6"]\n    node_venv_lib_python3_12_site-packages_PyQt6 --> node_venv_lib_python3_12_site-packages_PyQt6_bindings["bindings"]\n    node_venv_lib_python3_12_site-packages_PyQt6_bindings --> node_venv_lib_python3_12_site-packages_PyQt6_bindings_QtNfc["QtNfc"]\n    node_venv_lib_python3_12_site-packages_PyQt6_bindings_QtNfc --> node_venv_lib_python3_12_site-packages_PyQt6_bindings_QtNfc_qndefrecord_sip["qndefrecord.sip"]\n    Root --> node_venv["venv"]\n    node_venv --> node_venv_lib["lib"]\n    node_venv_lib --> node_venv_lib_python3_12["python3.12"]\n    node_venv_lib_python3_12 --> node_venv_lib_python3_12_site-packages["site-packages"]\n    node_venv_lib_python3_12_site-packages --> node_venv_lib_python3_12_site-packages_PyQt6["PyQt6"]\n    node_venv_lib_python3_12_site-packages_PyQt6 --> node_venv_lib_python3_12_site-packages_PyQt6_bindings["bindings"]\n    node_venv_lib_python3_12_site-packages_PyQt6_bindings --> node_venv_lib_python3_12_site-packages_PyQt6_bindings_QtNfc["QtNfc"]\n    node_venv_lib_python3_12_site-packages_PyQt6_bindings_QtNfc --> node_venv_lib_python3_12_site-packages_PyQt6_bindings_QtNfc_qnearfieldmanager_sip["qnearfieldmanager.sip"]\n    Root --> node_venv["venv"]\n    node_venv --> node_venv_lib["lib"]\n    node_venv_lib --> node_venv_lib_python3_12["python3.12"]\n    node_venv_lib_python3_12 --> node_venv_lib_python3_12_site-packages["site-packages"]\n    node_venv_lib_python3_12_site-packages --> node_venv_lib_python3_12_site-packages_PyQt6["PyQt6"]\n    node_venv_lib_python3_12_site-packages_PyQt6 --> node_venv_lib_python3_12_site-packages_PyQt6_bindings["bindings"]\n    node_venv_lib_python3_12_site-packages_PyQt6_bindings --> node_venv_lib_python3_12_site-packages_PyQt6_bindings_QtNfc["QtNfc"]\n    node_venv_lib_python3_12_site-packages_PyQt6_bindings_QtNfc --> node_venv_lib_python3_12_site-packages_PyQt6_bindings_QtNfc_qnearfieldtarget_sip["qnearfieldtarget.sip"]\n    Root --> node_venv["venv"]\n    node_venv --> node_venv_lib["lib"]\n    node_venv_lib --> node_venv_lib_python3_12["python3.12"]\n    node_venv_lib_python3_12 --> node_venv_lib_python3_12_site-packages["site-packages"]\n    node_venv_lib_python3_12_site-packages --> node_venv_lib_python3_12_site-packages_PyQt6["PyQt6"]\n    node_venv_lib_python3_12_site-packages_PyQt6 --> node_venv_lib_python3_12_site-packages_PyQt6_bindings["bindings"]\n    node_venv_lib_python3_12_site-packages_PyQt6_bindings --> node_venv_lib_python3_12_site-packages_PyQt6_bindings_QtSerialPort["QtSerialPort"]\n    node_venv_lib_python3_12_site-packages_PyQt6_bindings_QtSerialPort --> node_venv_lib_python3_12_site-packages_PyQt6_bindings_QtSerialPort_QtSerialPort_toml["QtSerialPort.toml"]\n    Root --> node_venv["venv"]\n    node_venv --> node_venv_lib["lib"]\n    node_venv_lib --> node_venv_lib_python3_12["python3.12"]\n    node_venv_lib_python3_12 --> node_venv_lib_python3_12_site-packages["site-packages"]\n    node_venv_lib_python3_12_site-packages --> node_venv_lib_python3_12_site-packages_PyQt6["PyQt6"]\n    node_venv_lib_python3_12_site-packages_PyQt6 --> node_venv_lib_python3_12_site-packages_PyQt6_bindings["bindings"]\n    node_venv_lib_python3_12_site-packages_PyQt6_bindings --> node_venv_lib_python3_12_site-packages_PyQt6_bindings_QtSerialPort["QtSerialPort"]\n    node_venv_lib_python3_12_site-packages_PyQt6_bindings_QtSerialPort --> node_venv_lib_python3_12_site-packages_PyQt6_bindings_QtSerialPort_QtSerialPortmod_sip["QtSerialPortmod.sip"]\n    Root --> node_venv["venv"]\n    node_venv --> node_venv_lib["lib"]\n    node_venv_lib --> node_venv_lib_python3_12["python3.12"]\n    node_venv_lib_python3_12 --> node_venv_lib_python3_12_site-packages["site-packages"]\n    node_venv_lib_python3_12_site-packages --> node_venv_lib_python3_12_site-packages_PyQt6["PyQt6"]\n    node_venv_lib_python3_12_site-packages_PyQt6 --> node_venv_lib_python3_12_site-packages_PyQt6_bindings["bindings"]\n    node_venv_lib_python3_12_site-packages_PyQt6_bindings --> node_venv_lib_python3_12_site-packages_PyQt6_bindings_QtSerialPort["QtSerialPort"]\n    node_venv_lib_python3_12_site-packages_PyQt6_bindings_QtSerialPort --> node_venv_lib_python3_12_site-packages_PyQt6_bindings_QtSerialPort_qserialport_sip["qserialport.sip"]\n    Root --> node_venv["venv"]\n    node_venv --> node_venv_lib["lib"]\n    node_venv_lib --> node_venv_lib_python3_12["python3.12"]\n    node_venv_lib_python3_12 --> node_venv_lib_python3_12_site-packages["site-packages"]\n    node_venv_lib_python3_12_site-packages --> node_venv_lib_python3_12_site-packages_PyQt6["PyQt6"]\n    node_venv_lib_python3_12_site-packages_PyQt6 --> node_venv_lib_python3_12_site-packages_PyQt6_bindings["bindings"]\n    node_venv_lib_python3_12_site-packages_PyQt6_bindings --> node_venv_lib_python3_12_site-packages_PyQt6_bindings_QtSerialPort["QtSerialPort"]\n    node_venv_lib_python3_12_site-packages_PyQt6_bindings_QtSerialPort --> node_venv_lib_python3_12_site-packages_PyQt6_bindings_QtSerialPort_qserialportinfo_sip["qserialportinfo.sip"]\n    Root --> node_venv["venv"]\n    node_venv --> node_venv_lib["lib"]\n    node_venv_lib --> node_venv_lib_python3_12["python3.12"]\n    node_venv_lib_python3_12 --> node_venv_lib_python3_12_site-packages["site-packages"]\n    node_venv_lib_python3_12_site-packages --> node_venv_lib_python3_12_site-packages_PyQt6["PyQt6"]\n    node_venv_lib_python3_12_site-packages_PyQt6 --> node_venv_lib_python3_12_site-packages_PyQt6_bindings["bindings"]\n    node_venv_lib_python3_12_site-packages_PyQt6_bindings --> node_venv_lib_python3_12_site-packages_PyQt6_bindings_QtQuick["QtQuick"]\n    node_venv_lib_python3_12_site-packages_PyQt6_bindings_QtQuick --> node_venv_lib_python3_12_site-packages_PyQt6_bindings_QtQuick_QtQuick_toml["QtQuick.toml"]\n    Root --> node_venv["venv"]\n    node_venv --> node_venv_lib["lib"]\n    node_venv_lib --> node_venv_lib_python3_12["python3.12"]\n    node_venv_lib_python3_12 --> node_venv_lib_python3_12_site-packages["site-packages"]\n    node_venv_lib_python3_12_site-packages --> node_venv_lib_python3_12_site-packages_PyQt6["PyQt6"]\n    node_venv_lib_python3_12_site-packages_PyQt6 --> node_venv_lib_python3_12_site-packages_PyQt6_bindings["bindings"]\n    node_venv_lib_python3_12_site-packages_PyQt6_bindings --> node_venv_lib_python3_12_site-packages_PyQt6_bindings_QtQuick["QtQuick"]\n    node_venv_lib_python3_12_site-packages_PyQt6_bindings_QtQuick --> node_venv_lib_python3_12_site-packages_PyQt6_bindings_QtQuick_QtQuickmod_sip["QtQuickmod.sip"]\n    Root --> node_venv["venv"]\n    node_venv --> node_venv_lib["lib"]\n    node_venv_lib --> node_venv_lib_python3_12["python3.12"]\n    node_venv_lib_python3_12 --> node_venv_lib_python3_12_site-packages["site-packages"]\n    node_venv_lib_python3_12_site-packages --> node_venv_lib_python3_12_site-packages_PyQt6["PyQt6"]\n    node_venv_lib_python3_12_site-packages_PyQt6 --> node_venv_lib_python3_12_site-packages_PyQt6_bindings["bindings"]\n    node_venv_lib_python3_12_site-packages_PyQt6_bindings --> node_venv_lib_python3_12_site-packages_PyQt6_bindings_QtQuick["QtQuick"]\n    node_venv_lib_python3_12_site-packages_PyQt6_bindings_QtQuick --> node_venv_lib_python3_12_site-packages_PyQt6_bindings_QtQuick_qquickframebufferobject_sip["qquickframebufferobject.sip"]\n    Root --> node_venv["venv"]\n    node_venv --> node_venv_lib["lib"]\n    node_venv_lib --> node_venv_lib_python3_12["python3.12"]\n    node_venv_lib_python3_12 --> node_venv_lib_python3_12_site-packages["site-packages"]\n    node_venv_lib_python3_12_site-packages --> node_venv_lib_python3_12_site-packages_PyQt6["PyQt6"]\n    node_venv_lib_python3_12_site-packages_PyQt6 --> node_venv_lib_python3_12_site-packages_PyQt6_bindings["bindings"]\n    node_venv_lib_python3_12_site-packages_PyQt6_bindings --> node_venv_lib_python3_12_site-packages_PyQt6_bindings_QtQuick["QtQuick"]\n    node_venv_lib_python3_12_site-packages_PyQt6_bindings_QtQuick --> node_venv_lib_python3_12_site-packages_PyQt6_bindings_QtQuick_qquickgraphicsconfiguration_sip["qquickgraphicsconfiguration.sip"]\n    Root --> node_venv["venv"]\n    node_venv --> node_venv_lib["lib"]\n    node_venv_lib --> node_venv_lib_python3_12["python3.12"]\n    node_venv_lib_python3_12 --> node_venv_lib_python3_12_site-packages["site-packages"]\n    node_venv_lib_python3_12_site-packages --> node_venv_lib_python3_12_site-packages_PyQt6["PyQt6"]\n    node_venv_lib_python3_12_site-packages_PyQt6 --> node_venv_lib_python3_12_site-packages_PyQt6_bindings["bindings"]\n    node_venv_lib_python3_12_site-packages_PyQt6_bindings --> node_venv_lib_python3_12_site-packages_PyQt6_bindings_QtQuick["QtQuick"]\n    node_venv_lib_python3_12_site-packages_PyQt6_bindings_QtQuick --> node_venv_lib_python3_12_site-packages_PyQt6_bindings_QtQuick_qquickgraphicsdevice_sip["qquickgraphicsdevice.sip"]\n    Root --> node_venv["venv"]\n    node_venv --> node_venv_lib["lib"]\n    node_venv_lib --> node_venv_lib_python3_12["python3.12"]\n    node_venv_lib_python3_12 --> node_venv_lib_python3_12_site-packages["site-packages"]\n    node_venv_lib_python3_12_site-packages --> node_venv_lib_python3_12_site-packages_PyQt6["PyQt6"]\n    node_venv_lib_python3_12_site-packages_PyQt6 --> node_venv_lib_python3_12_site-packages_PyQt6_bindings["bindings"]\n    node_venv_lib_python3_12_site-packages_PyQt6_bindings --> node_venv_lib_python3_12_site-packages_PyQt6_bindings_QtQuick["QtQuick"]\n    node_venv_lib_python3_12_site-packages_PyQt6_bindings_QtQuick --> node_venv_lib_python3_12_site-packages_PyQt6_bindings_QtQuick_qquickimageprovider_sip["qquickimageprovider.sip"]\n    Root --> node_venv["venv"]\n    node_venv --> node_venv_lib["lib"]\n    node_venv_lib --> node_venv_lib_python3_12["python3.12"]\n    node_venv_lib_python3_12 --> node_venv_lib_python3_12_site-packages["site-packages"]\n    node_venv_lib_python3_12_site-packages --> node_venv_lib_python3_12_site-packages_PyQt6["PyQt6"]\n    node_venv_lib_python3_12_site-packages_PyQt6 --> node_venv_lib_python3_12_site-packages_PyQt6_bindings["bindings"]\n    node_venv_lib_python3_12_site-packages_PyQt6_bindings --> node_venv_lib_python3_12_site-packages_PyQt6_bindings_QtQuick["QtQuick"]\n    node_venv_lib_python3_12_site-packages_PyQt6_bindings_QtQuick --> node_venv_lib_python3_12_site-packages_PyQt6_bindings_QtQuick_qquickitem_sip["qquickitem.sip"]\n    Root --> node_venv["venv"]\n    node_venv --> node_venv_lib["lib"]\n    node_venv_lib --> node_venv_lib_python3_12["python3.12"]\n    node_venv_lib_python3_12 --> node_venv_lib_python3_12_site-packages["site-packages"]\n    node_venv_lib_python3_12_site-packages --> node_venv_lib_python3_12_site-packages_PyQt6["PyQt6"]\n    node_venv_lib_python3_12_site-packages_PyQt6 --> node_venv_lib_python3_12_site-packages_PyQt6_bindings["bindings"]\n    node_venv_lib_python3_12_site-packages_PyQt6_bindings --> node_venv_lib_python3_12_site-packages_PyQt6_bindings_QtQuick["QtQuick"]\n    node_venv_lib_python3_12_site-packages_PyQt6_bindings_QtQuick --> node_venv_lib_python3_12_site-packages_PyQt6_bindings_QtQuick_qquickitemgrabresult_sip["qquickitemgrabresult.sip"]\n    Root --> node_venv["venv"]\n    node_venv --> node_venv_lib["lib"]\n    node_venv_lib --> node_venv_lib_python3_12["python3.12"]\n    node_venv_lib_python3_12 --> node_venv_lib_python3_12_site-packages["site-packages"]\n    node_venv_lib_python3_12_site-packages --> node_venv_lib_python3_12_site-packages_PyQt6["PyQt6"]\n    node_venv_lib_python3_12_site-packages_PyQt6 --> node_venv_lib_python3_12_site-packages_PyQt6_bindings["bindings"]\n    node_venv_lib_python3_12_site-packages_PyQt6_bindings --> node_venv_lib_python3_12_site-packages_PyQt6_bindings_QtQuick["QtQuick"]\n    node_venv_lib_python3_12_site-packages_PyQt6_bindings_QtQuick --> node_venv_lib_python3_12_site-packages_PyQt6_bindings_QtQuick_qquickpainteditem_sip["qquickpainteditem.sip"]\n    Root --> node_venv["venv"]\n    node_venv --> node_venv_lib["lib"]\n    node_venv_lib --> node_venv_lib_python3_12["python3.12"]\n    node_venv_lib_python3_12 --> node_venv_lib_python3_12_site-packages["site-packages"]\n    node_venv_lib_python3_12_site-packages --> node_venv_lib_python3_12_site-packages_PyQt6["PyQt6"]\n    node_venv_lib_python3_12_site-packages_PyQt6 --> node_venv_lib_python3_12_site-packages_PyQt6_bindings["bindings"]\n    node_venv_lib_python3_12_site-packages_PyQt6_bindings --> node_venv_lib_python3_12_site-packages_PyQt6_bindings_QtQuick["QtQuick"]\n    node_venv_lib_python3_12_site-packages_PyQt6_bindings_QtQuick --> node_venv_lib_python3_12_site-packages_PyQt6_bindings_QtQuick_qquickrendercontrol_sip["qquickrendercontrol.sip"]\n    Root --> node_venv["venv"]\n    node_venv --> node_venv_lib["lib"]\n    node_venv_lib --> node_venv_lib_python3_12["python3.12"]\n    node_venv_lib_python3_12 --> node_venv_lib_python3_12_site-packages["site-packages"]\n    node_venv_lib_python3_12_site-packages --> node_venv_lib_python3_12_site-packages_PyQt6["PyQt6"]\n    node_venv_lib_python3_12_site-packages_PyQt6 --> node_venv_lib_python3_12_site-packages_PyQt6_bindings["bindings"]\n    node_venv_lib_python3_12_site-packages_PyQt6_bindings --> node_venv_lib_python3_12_site-packages_PyQt6_bindings_QtQuick["QtQuick"]\n    node_venv_lib_python3_12_site-packages_PyQt6_bindings_QtQuick --> node_venv_lib_python3_12_site-packages_PyQt6_bindings_QtQuick_qquickrendertarget_sip["qquickrendertarget.sip"]\n    Root --> node_venv["venv"]\n    node_venv --> node_venv_lib["lib"]\n    node_venv_lib --> node_venv_lib_python3_12["python3.12"]\n    node_venv_lib_python3_12 --> node_venv_lib_python3_12_site-packages["site-packages"]\n    node_venv_lib_python3_12_site-packages --> node_venv_lib_python3_12_site-packages_PyQt6["PyQt6"]\n    node_venv_lib_python3_12_site-packages_PyQt6 --> node_venv_lib_python3_12_site-packages_PyQt6_bindings["bindings"]\n    node_venv_lib_python3_12_site-packages_PyQt6_bindings --> node_venv_lib_python3_12_site-packages_PyQt6_bindings_QtQuick["QtQuick"]\n    node_venv_lib_python3_12_site-packages_PyQt6_bindings_QtQuick --> node_venv_lib_python3_12_site-packages_PyQt6_bindings_QtQuick_qquicktextdocument_sip["qquicktextdocument.sip"]\n    Root --> node_venv["venv"]\n    node_venv --> node_venv_lib["lib"]\n    node_venv_lib --> node_venv_lib_python3_12["python3.12"]\n    node_venv_lib_python3_12 --> node_venv_lib_python3_12_site-packages["site-packages"]\n    node_venv_lib_python3_12_site-packages --> node_venv_lib_python3_12_site-packages_PyQt6["PyQt6"]\n    node_venv_lib_python3_12_site-packages_PyQt6 --> node_venv_lib_python3_12_site-packages_PyQt6_bindings["bindings"]\n    node_venv_lib_python3_12_site-packages_PyQt6_bindings --> node_venv_lib_python3_12_site-packages_PyQt6_bindings_QtQuick["QtQuick"]\n    node_venv_lib_python3_12_site-packages_PyQt6_bindings_QtQuick --> node_venv_lib_python3_12_site-packages_PyQt6_bindings_QtQuick_qquickview_sip["qquickview.sip"]\n    Root --> node_venv["venv"]\n    node_venv --> node_venv_lib["lib"]\n    node_venv_lib --> node_venv_lib_python3_12["python3.12"]\n    node_venv_lib_python3_12 --> node_venv_lib_python3_12_site-packages["site-packages"]\n    node_venv_lib_python3_12_site-packages --> node_venv_lib_python3_12_site-packages_PyQt6["PyQt6"]\n    node_venv_lib_python3_12_site-packages_PyQt6 --> node_venv_lib_python3_12_site-packages_PyQt6_bindings["bindings"]\n    node_venv_lib_python3_12_site-packages_PyQt6_bindings --> node_venv_lib_python3_12_site-packages_PyQt6_bindings_QtQuick["QtQuick"]\n    node_venv_lib_python3_12_site-packages_PyQt6_bindings_QtQuick --> node_venv_lib_python3_12_site-packages_PyQt6_bindings_QtQuick_qquickwindow_sip["qquickwindow.sip"]\n    Root --> node_venv["venv"]\n    node_venv --> node_venv_lib["lib"]\n    node_venv_lib --> node_venv_lib_python3_12["python3.12"]\n    node_venv_lib_python3_12 --> node_venv_lib_python3_12_site-packages["site-packages"]\n    node_venv_lib_python3_12_site-packages --> node_venv_lib_python3_12_site-packages_PyQt6["PyQt6"]\n    node_venv_lib_python3_12_site-packages_PyQt6 --> node_venv_lib_python3_12_site-packages_PyQt6_bindings["bindings"]\n    node_venv_lib_python3_12_site-packages_PyQt6_bindings --> node_venv_lib_python3_12_site-packages_PyQt6_bindings_QtQuick["QtQuick"]\n    node_venv_lib_python3_12_site-packages_PyQt6_bindings_QtQuick --> node_venv_lib_python3_12_site-packages_PyQt6_bindings_QtQuick_qsgflatcolormaterial_sip["qsgflatcolormaterial.sip"]\n    Root --> node_venv["venv"]\n    node_venv --> node_venv_lib["lib"]\n    node_venv_lib --> node_venv_lib_python3_12["python3.12"]\n    node_venv_lib_python3_12 --> node_venv_lib_python3_12_site-packages["site-packages"]\n    node_venv_lib_python3_12_site-packages --> node_venv_lib_python3_12_site-packages_PyQt6["PyQt6"]\n    node_venv_lib_python3_12_site-packages_PyQt6 --> node_venv_lib_python3_12_site-packages_PyQt6_bindings["bindings"]\n    node_venv_lib_python3_12_site-packages_PyQt6_bindings --> node_venv_lib_python3_12_site-packages_PyQt6_bindings_QtQuick["QtQuick"]\n    node_venv_lib_python3_12_site-packages_PyQt6_bindings_QtQuick --> node_venv_lib_python3_12_site-packages_PyQt6_bindings_QtQuick_qsggeometry_sip["qsggeometry.sip"]\n    Root --> node_venv["venv"]\n    node_venv --> node_venv_lib["lib"]\n    node_venv_lib --> node_venv_lib_python3_12["python3.12"]\n    node_venv_lib_python3_12 --> node_venv_lib_python3_12_site-packages["site-packages"]\n    node_venv_lib_python3_12_site-packages --> node_venv_lib_python3_12_site-packages_PyQt6["PyQt6"]\n    node_venv_lib_python3_12_site-packages_PyQt6 --> node_venv_lib_python3_12_site-packages_PyQt6_bindings["bindings"]\n    node_venv_lib_python3_12_site-packages_PyQt6_bindings --> node_venv_lib_python3_12_site-packages_PyQt6_bindings_QtQuick["QtQuick"]\n    node_venv_lib_python3_12_site-packages_PyQt6_bindings_QtQuick --> node_venv_lib_python3_12_site-packages_PyQt6_bindings_QtQuick_qsgimagenode_sip["qsgimagenode.sip"]\n    Root --> node_venv["venv"]\n    node_venv --> node_venv_lib["lib"]\n    node_venv_lib --> node_venv_lib_python3_12["python3.12"]\n    node_venv_lib_python3_12 --> node_venv_lib_python3_12_site-packages["site-packages"]\n    node_venv_lib_python3_12_site-packages --> node_venv_lib_python3_12_site-packages_PyQt6["PyQt6"]\n    node_venv_lib_python3_12_site-packages_PyQt6 --> node_venv_lib_python3_12_site-packages_PyQt6_bindings["bindings"]\n    node_venv_lib_python3_12_site-packages_PyQt6_bindings --> node_venv_lib_python3_12_site-packages_PyQt6_bindings_QtQuick["QtQuick"]\n    node_venv_lib_python3_12_site-packages_PyQt6_bindings_QtQuick --> node_venv_lib_python3_12_site-packages_PyQt6_bindings_QtQuick_qsgmaterial_sip["qsgmaterial.sip"]\n    Root --> node_venv["venv"]\n    node_venv --> node_venv_lib["lib"]\n    node_venv_lib --> node_venv_lib_python3_12["python3.12"]\n    node_venv_lib_python3_12 --> node_venv_lib_python3_12_site-packages["site-packages"]\n    node_venv_lib_python3_12_site-packages --> node_venv_lib_python3_12_site-packages_PyQt6["PyQt6"]\n    node_venv_lib_python3_12_site-packages_PyQt6 --> node_venv_lib_python3_12_site-packages_PyQt6_bindings["bindings"]\n    node_venv_lib_python3_12_site-packages_PyQt6_bindings --> node_venv_lib_python3_12_site-packages_PyQt6_bindings_QtQuick["QtQuick"]\n    node_venv_lib_python3_12_site-packages_PyQt6_bindings_QtQuick --> node_venv_lib_python3_12_site-packages_PyQt6_bindings_QtQuick_qsgmaterialshader_sip["qsgmaterialshader.sip"]\n    Root --> node_venv["venv"]\n    node_venv --> node_venv_lib["lib"]\n    node_venv_lib --> node_venv_lib_python3_12["python3.12"]\n    node_venv_lib_python3_12 --> node_venv_lib_python3_12_site-packages["site-packages"]\n    node_venv_lib_python3_12_site-packages --> node_venv_lib_python3_12_site-packages_PyQt6["PyQt6"]\n    node_venv_lib_python3_12_site-packages_PyQt6 --> node_venv_lib_python3_12_site-packages_PyQt6_bindings["bindings"]\n    node_venv_lib_python3_12_site-packages_PyQt6_bindings --> node_venv_lib_python3_12_site-packages_PyQt6_bindings_QtQuick["QtQuick"]\n    node_venv_lib_python3_12_site-packages_PyQt6_bindings_QtQuick --> node_venv_lib_python3_12_site-packages_PyQt6_bindings_QtQuick_qsgmaterialtype_sip["qsgmaterialtype.sip"]\n    Root --> node_venv["venv"]\n    node_venv --> node_venv_lib["lib"]\n    node_venv_lib --> node_venv_lib_python3_12["python3.12"]\n    node_venv_lib_python3_12 --> node_venv_lib_python3_12_site-packages["site-packages"]\n    node_venv_lib_python3_12_site-packages --> node_venv_lib_python3_12_site-packages_PyQt6["PyQt6"]\n    node_venv_lib_python3_12_site-packages_PyQt6 --> node_venv_lib_python3_12_site-packages_PyQt6_bindings["bindings"]\n    node_venv_lib_python3_12_site-packages_PyQt6_bindings --> node_venv_lib_python3_12_site-packages_PyQt6_bindings_QtQuick["QtQuick"]\n    node_venv_lib_python3_12_site-packages_PyQt6_bindings_QtQuick --> node_venv_lib_python3_12_site-packages_PyQt6_bindings_QtQuick_qsgnode_sip["qsgnode.sip"]\n    Root --> node_venv["venv"]\n    node_venv --> node_venv_lib["lib"]\n    node_venv_lib --> node_venv_lib_python3_12["python3.12"]\n    node_venv_lib_python3_12 --> node_venv_lib_python3_12_site-packages["site-packages"]\n    node_venv_lib_python3_12_site-packages --> node_venv_lib_python3_12_site-packages_PyQt6["PyQt6"]\n    node_venv_lib_python3_12_site-packages_PyQt6 --> node_venv_lib_python3_12_site-packages_PyQt6_bindings["bindings"]\n    node_venv_lib_python3_12_site-packages_PyQt6_bindings --> node_venv_lib_python3_12_site-packages_PyQt6_bindings_QtQuick["QtQuick"]\n    node_venv_lib_python3_12_site-packages_PyQt6_bindings_QtQuick --> node_venv_lib_python3_12_site-packages_PyQt6_bindings_QtQuick_qsgrectanglenode_sip["qsgrectanglenode.sip"]\n    Root --> node_venv["venv"]\n    node_venv --> node_venv_lib["lib"]\n    node_venv_lib --> node_venv_lib_python3_12["python3.12"]\n    node_venv_lib_python3_12 --> node_venv_lib_python3_12_site-packages["site-packages"]\n    node_venv_lib_python3_12_site-packages --> node_venv_lib_python3_12_site-packages_PyQt6["PyQt6"]\n    node_venv_lib_python3_12_site-packages_PyQt6 --> node_venv_lib_python3_12_site-packages_PyQt6_bindings["bindings"]\n    node_venv_lib_python3_12_site-packages_PyQt6_bindings --> node_venv_lib_python3_12_site-packages_PyQt6_bindings_QtQuick["QtQuick"]\n    node_venv_lib_python3_12_site-packages_PyQt6_bindings_QtQuick --> node_venv_lib_python3_12_site-packages_PyQt6_bindings_QtQuick_qsgrendererinterface_sip["qsgrendererinterface.sip"]\n    Root --> node_venv["venv"]\n    node_venv --> node_venv_lib["lib"]\n    node_venv_lib --> node_venv_lib_python3_12["python3.12"]\n    node_venv_lib_python3_12 --> node_venv_lib_python3_12_site-packages["site-packages"]\n    node_venv_lib_python3_12_site-packages --> node_venv_lib_python3_12_site-packages_PyQt6["PyQt6"]\n    node_venv_lib_python3_12_site-packages_PyQt6 --> node_venv_lib_python3_12_site-packages_PyQt6_bindings["bindings"]\n    node_venv_lib_python3_12_site-packages_PyQt6_bindings --> node_venv_lib_python3_12_site-packages_PyQt6_bindings_QtQuick["QtQuick"]\n    node_venv_lib_python3_12_site-packages_PyQt6_bindings_QtQuick --> node_venv_lib_python3_12_site-packages_PyQt6_bindings_QtQuick_qsgrendernode_sip["qsgrendernode.sip"]\n    Root --> node_venv["venv"]\n    node_venv --> node_venv_lib["lib"]\n    node_venv_lib --> node_venv_lib_python3_12["python3.12"]\n    node_venv_lib_python3_12 --> node_venv_lib_python3_12_site-packages["site-packages"]\n    node_venv_lib_python3_12_site-packages --> node_venv_lib_python3_12_site-packages_PyQt6["PyQt6"]\n    node_venv_lib_python3_12_site-packages_PyQt6 --> node_venv_lib_python3_12_site-packages_PyQt6_bindings["bindings"]\n    node_venv_lib_python3_12_site-packages_PyQt6_bindings --> node_venv_lib_python3_12_site-packages_PyQt6_bindings_QtQuick["QtQuick"]\n    node_venv_lib_python3_12_site-packages_PyQt6_bindings_QtQuick --> node_venv_lib_python3_12_site-packages_PyQt6_bindings_QtQuick_qsgsimplerectnode_sip["qsgsimplerectnode.sip"]\n    Root --> node_venv["venv"]\n    node_venv --> node_venv_lib["lib"]\n    node_venv_lib --> node_venv_lib_python3_12["python3.12"]\n    node_venv_lib_python3_12 --> node_venv_lib_python3_12_site-packages["site-packages"]\n    node_venv_lib_python3_12_site-packages --> node_venv_lib_python3_12_site-packages_PyQt6["PyQt6"]\n    node_venv_lib_python3_12_site-packages_PyQt6 --> node_venv_lib_python3_12_site-packages_PyQt6_bindings["bindings"]\n    node_venv_lib_python3_12_site-packages_PyQt6_bindings --> node_venv_lib_python3_12_site-packages_PyQt6_bindings_QtQuick["QtQuick"]\n    node_venv_lib_python3_12_site-packages_PyQt6_bindings_QtQuick --> node_venv_lib_python3_12_site-packages_PyQt6_bindings_QtQuick_qsgsimpletexturenode_sip["qsgsimpletexturenode.sip"]\n    Root --> node_venv["venv"]\n    node_venv --> node_venv_lib["lib"]\n    node_venv_lib --> node_venv_lib_python3_12["python3.12"]\n    node_venv_lib_python3_12 --> node_venv_lib_python3_12_site-packages["site-packages"]\n    node_venv_lib_python3_12_site-packages --> node_venv_lib_python3_12_site-packages_PyQt6["PyQt6"]\n    node_venv_lib_python3_12_site-packages_PyQt6 --> node_venv_lib_python3_12_site-packages_PyQt6_bindings["bindings"]\n    node_venv_lib_python3_12_site-packages_PyQt6_bindings --> node_venv_lib_python3_12_site-packages_PyQt6_bindings_QtQuick["QtQuick"]\n    node_venv_lib_python3_12_site-packages_PyQt6_bindings_QtQuick --> node_venv_lib_python3_12_site-packages_PyQt6_bindings_QtQuick_qsgtextnode_sip["qsgtextnode.sip"]\n    Root --> node_venv["venv"]\n    node_venv --> node_venv_lib["lib"]\n    node_venv_lib --> node_venv_lib_python3_12["python3.12"]\n    node_venv_lib_python3_12 --> node_venv_lib_python3_12_site-packages["site-packages"]\n    node_venv_lib_python3_12_site-packages --> node_venv_lib_python3_12_site-packages_PyQt6["PyQt6"]\n    node_venv_lib_python3_12_site-packages_PyQt6 --> node_venv_lib_python3_12_site-packages_PyQt6_bindings["bindings"]\n    node_venv_lib_python3_12_site-packages_PyQt6_bindings --> node_venv_lib_python3_12_site-packages_PyQt6_bindings_QtQuick["QtQuick"]\n    node_venv_lib_python3_12_site-packages_PyQt6_bindings_QtQuick --> node_venv_lib_python3_12_site-packages_PyQt6_bindings_QtQuick_qsgtexture_sip["qsgtexture.sip"]\n    Root --> node_venv["venv"]\n    node_venv --> node_venv_lib["lib"]\n    node_venv_lib --> node_venv_lib_python3_12["python3.12"]\n    node_venv_lib_python3_12 --> node_venv_lib_python3_12_site-packages["site-packages"]\n    node_venv_lib_python3_12_site-packages --> node_venv_lib_python3_12_site-packages_PyQt6["PyQt6"]\n    node_venv_lib_python3_12_site-packages_PyQt6 --> node_venv_lib_python3_12_site-packages_PyQt6_bindings["bindings"]\n    node_venv_lib_python3_12_site-packages_PyQt6_bindings --> node_venv_lib_python3_12_site-packages_PyQt6_bindings_QtQuick["QtQuick"]\n    node_venv_lib_python3_12_site-packages_PyQt6_bindings_QtQuick --> node_venv_lib_python3_12_site-packages_PyQt6_bindings_QtQuick_qsgtexture_platform_sip["qsgtexture_platform.sip"]\n    Root --> node_venv["venv"]\n    node_venv --> node_venv_lib["lib"]\n    node_venv_lib --> node_venv_lib_python3_12["python3.12"]\n    node_venv_lib_python3_12 --> node_venv_lib_python3_12_site-packages["site-packages"]\n    node_venv_lib_python3_12_site-packages --> node_venv_lib_python3_12_site-packages_PyQt6["PyQt6"]\n    node_venv_lib_python3_12_site-packages_PyQt6 --> node_venv_lib_python3_12_site-packages_PyQt6_bindings["bindings"]\n    node_venv_lib_python3_12_site-packages_PyQt6_bindings --> node_venv_lib_python3_12_site-packages_PyQt6_bindings_QtQuick["QtQuick"]\n    node_venv_lib_python3_12_site-packages_PyQt6_bindings_QtQuick --> node_venv_lib_python3_12_site-packages_PyQt6_bindings_QtQuick_qsgtexturematerial_sip["qsgtexturematerial.sip"]\n    Root --> node_venv["venv"]\n    node_venv --> node_venv_lib["lib"]\n    node_venv_lib --> node_venv_lib_python3_12["python3.12"]\n    node_venv_lib_python3_12 --> node_venv_lib_python3_12_site-packages["site-packages"]\n    node_venv_lib_python3_12_site-packages --> node_venv_lib_python3_12_site-packages_PyQt6["PyQt6"]\n    node_venv_lib_python3_12_site-packages_PyQt6 --> node_venv_lib_python3_12_site-packages_PyQt6_bindings["bindings"]\n    node_venv_lib_python3_12_site-packages_PyQt6_bindings --> node_venv_lib_python3_12_site-packages_PyQt6_bindings_QtQuick["QtQuick"]\n    node_venv_lib_python3_12_site-packages_PyQt6_bindings_QtQuick --> node_venv_lib_python3_12_site-packages_PyQt6_bindings_QtQuick_qsgtextureprovider_sip["qsgtextureprovider.sip"]\n    Root --> node_venv["venv"]\n    node_venv --> node_venv_lib["lib"]\n    node_venv_lib --> node_venv_lib_python3_12["python3.12"]\n    node_venv_lib_python3_12 --> node_venv_lib_python3_12_site-packages["site-packages"]\n    node_venv_lib_python3_12_site-packages --> node_venv_lib_python3_12_site-packages_PyQt6["PyQt6"]\n    node_venv_lib_python3_12_site-packages_PyQt6 --> node_venv_lib_python3_12_site-packages_PyQt6_bindings["bindings"]\n    node_venv_lib_python3_12_site-packages_PyQt6_bindings --> node_venv_lib_python3_12_site-packages_PyQt6_bindings_QtQuick["QtQuick"]\n    node_venv_lib_python3_12_site-packages_PyQt6_bindings_QtQuick --> node_venv_lib_python3_12_site-packages_PyQt6_bindings_QtQuick_qsgvertexcolormaterial_sip["qsgvertexcolormaterial.sip"]\n    Root --> node_venv["venv"]\n    node_venv --> node_venv_lib["lib"]\n    node_venv_lib --> node_venv_lib_python3_12["python3.12"]\n    node_venv_lib_python3_12 --> node_venv_lib_python3_12_site-packages["site-packages"]\n    node_venv_lib_python3_12_site-packages --> node_venv_lib_python3_12_site-packages_PyQt6["PyQt6"]\n    node_venv_lib_python3_12_site-packages_PyQt6 --> node_venv_lib_python3_12_site-packages_PyQt6_bindings["bindings"]\n    node_venv_lib_python3_12_site-packages_PyQt6_bindings --> node_venv_lib_python3_12_site-packages_PyQt6_bindings_QtDBus["QtDBus"]\n    node_venv_lib_python3_12_site-packages_PyQt6_bindings_QtDBus --> node_venv_lib_python3_12_site-packages_PyQt6_bindings_QtDBus_QtDBus_toml["QtDBus.toml"]\n    Root --> node_venv["venv"]\n    node_venv --> node_venv_lib["lib"]\n    node_venv_lib --> node_venv_lib_python3_12["python3.12"]\n    node_venv_lib_python3_12 --> node_venv_lib_python3_12_site-packages["site-packages"]\n    node_venv_lib_python3_12_site-packages --> node_venv_lib_python3_12_site-packages_PyQt6["PyQt6"]\n    node_venv_lib_python3_12_site-packages_PyQt6 --> node_venv_lib_python3_12_site-packages_PyQt6_bindings["bindings"]\n    node_venv_lib_python3_12_site-packages_PyQt6_bindings --> node_venv_lib_python3_12_site-packages_PyQt6_bindings_QtDBus["QtDBus"]\n    node_venv_lib_python3_12_site-packages_PyQt6_bindings_QtDBus --> node_venv_lib_python3_12_site-packages_PyQt6_bindings_QtDBus_QtDBusmod_sip["QtDBusmod.sip"]\n    Root --> node_venv["venv"]\n    node_venv --> node_venv_lib["lib"]\n    node_venv_lib --> node_venv_lib_python3_12["python3.12"]\n    node_venv_lib_python3_12 --> node_venv_lib_python3_12_site-packages["site-packages"]\n    node_venv_lib_python3_12_site-packages --> node_venv_lib_python3_12_site-packages_PyQt6["PyQt6"]\n    node_venv_lib_python3_12_site-packages_PyQt6 --> node_venv_lib_python3_12_site-packages_PyQt6_bindings["bindings"]\n    node_venv_lib_python3_12_site-packages_PyQt6_bindings --> node_venv_lib_python3_12_site-packages_PyQt6_bindings_QtDBus["QtDBus"]\n    node_venv_lib_python3_12_site-packages_PyQt6_bindings_QtDBus --> node_venv_lib_python3_12_site-packages_PyQt6_bindings_QtDBus_qdbusabstractadaptor_sip["qdbusabstractadaptor.sip"]\n    Root --> node_venv["venv"]\n    node_venv --> node_venv_lib["lib"]\n    node_venv_lib --> node_venv_lib_python3_12["python3.12"]\n    node_venv_lib_python3_12 --> node_venv_lib_python3_12_site-packages["site-packages"]\n    node_venv_lib_python3_12_site-packages --> node_venv_lib_python3_12_site-packages_PyQt6["PyQt6"]\n    node_venv_lib_python3_12_site-packages_PyQt6 --> node_venv_lib_python3_12_site-packages_PyQt6_bindings["bindings"]\n    node_venv_lib_python3_12_site-packages_PyQt6_bindings --> node_venv_lib_python3_12_site-packages_PyQt6_bindings_QtDBus["QtDBus"]\n    node_venv_lib_python3_12_site-packages_PyQt6_bindings_QtDBus --> node_venv_lib_python3_12_site-packages_PyQt6_bindings_QtDBus_qdbusabstractinterface_sip["qdbusabstractinterface.sip"]\n    Root --> node_venv["venv"]\n    node_venv --> node_venv_lib["lib"]\n    node_venv_lib --> node_venv_lib_python3_12["python3.12"]\n    node_venv_lib_python3_12 --> node_venv_lib_python3_12_site-packages["site-packages"]\n    node_venv_lib_python3_12_site-packages --> node_venv_lib_python3_12_site-packages_PyQt6["PyQt6"]\n    node_venv_lib_python3_12_site-packages_PyQt6 --> node_venv_lib_python3_12_site-packages_PyQt6_bindings["bindings"]\n    node_venv_lib_python3_12_site-packages_PyQt6_bindings --> node_venv_lib_python3_12_site-packages_PyQt6_bindings_QtDBus["QtDBus"]\n    node_venv_lib_python3_12_site-packages_PyQt6_bindings_QtDBus --> node_venv_lib_python3_12_site-packages_PyQt6_bindings_QtDBus_qdbusargument_sip["qdbusargument.sip"]\n    Root --> node_venv["venv"]\n    node_venv --> node_venv_lib["lib"]\n    node_venv_lib --> node_venv_lib_python3_12["python3.12"]\n    node_venv_lib_python3_12 --> node_venv_lib_python3_12_site-packages["site-packages"]\n    node_venv_lib_python3_12_site-packages --> node_venv_lib_python3_12_site-packages_PyQt6["PyQt6"]\n    node_venv_lib_python3_12_site-packages_PyQt6 --> node_venv_lib_python3_12_site-packages_PyQt6_bindings["bindings"]\n    node_venv_lib_python3_12_site-packages_PyQt6_bindings --> node_venv_lib_python3_12_site-packages_PyQt6_bindings_QtDBus["QtDBus"]\n    node_venv_lib_python3_12_site-packages_PyQt6_bindings_QtDBus --> node_venv_lib_python3_12_site-packages_PyQt6_bindings_QtDBus_qdbusconnection_sip["qdbusconnection.sip"]\n    Root --> node_venv["venv"]\n    node_venv --> node_venv_lib["lib"]\n    node_venv_lib --> node_venv_lib_python3_12["python3.12"]\n    node_venv_lib_python3_12 --> node_venv_lib_python3_12_site-packages["site-packages"]\n    node_venv_lib_python3_12_site-packages --> node_venv_lib_python3_12_site-packages_PyQt6["PyQt6"]\n    node_venv_lib_python3_12_site-packages_PyQt6 --> node_venv_lib_python3_12_site-packages_PyQt6_bindings["bindings"]\n    node_venv_lib_python3_12_site-packages_PyQt6_bindings --> node_venv_lib_python3_12_site-packages_PyQt6_bindings_QtDBus["QtDBus"]\n    node_venv_lib_python3_12_site-packages_PyQt6_bindings_QtDBus --> node_venv_lib_python3_12_site-packages_PyQt6_bindings_QtDBus_qdbusconnectioninterface_sip["qdbusconnectioninterface.sip"]\n    Root --> node_venv["venv"]\n    node_venv --> node_venv_lib["lib"]\n    node_venv_lib --> node_venv_lib_python3_12["python3.12"]\n    node_venv_lib_python3_12 --> node_venv_lib_python3_12_site-packages["site-packages"]\n    node_venv_lib_python3_12_site-packages --> node_venv_lib_python3_12_site-packages_PyQt6["PyQt6"]\n    node_venv_lib_python3_12_site-packages_PyQt6 --> node_venv_lib_python3_12_site-packages_PyQt6_bindings["bindings"]\n    node_venv_lib_python3_12_site-packages_PyQt6_bindings --> node_venv_lib_python3_12_site-packages_PyQt6_bindings_QtDBus["QtDBus"]\n    node_venv_lib_python3_12_site-packages_PyQt6_bindings_QtDBus --> node_venv_lib_python3_12_site-packages_PyQt6_bindings_QtDBus_qdbuserror_sip["qdbuserror.sip"]\n    Root --> node_venv["venv"]\n    node_venv --> node_venv_lib["lib"]\n    node_venv_lib --> node_venv_lib_python3_12["python3.12"]\n    node_venv_lib_python3_12 --> node_venv_lib_python3_12_site-packages["site-packages"]\n    node_venv_lib_python3_12_site-packages --> node_venv_lib_python3_12_site-packages_PyQt6["PyQt6"]\n    node_venv_lib_python3_12_site-packages_PyQt6 --> node_venv_lib_python3_12_site-packages_PyQt6_bindings["bindings"]\n    node_venv_lib_python3_12_site-packages_PyQt6_bindings --> node_venv_lib_python3_12_site-packages_PyQt6_bindings_QtDBus["QtDBus"]\n    node_venv_lib_python3_12_site-packages_PyQt6_bindings_QtDBus --> node_venv_lib_python3_12_site-packages_PyQt6_bindings_QtDBus_qdbusextratypes_sip["qdbusextratypes.sip"]\n    Root --> node_venv["venv"]\n    node_venv --> node_venv_lib["lib"]\n    node_venv_lib --> node_venv_lib_python3_12["python3.12"]\n    node_venv_lib_python3_12 --> node_venv_lib_python3_12_site-packages["site-packages"]\n    node_venv_lib_python3_12_site-packages --> node_venv_lib_python3_12_site-packages_PyQt6["PyQt6"]\n    node_venv_lib_python3_12_site-packages_PyQt6 --> node_venv_lib_python3_12_site-packages_PyQt6_bindings["bindings"]\n    node_venv_lib_python3_12_site-packages_PyQt6_bindings --> node_venv_lib_python3_12_site-packages_PyQt6_bindings_QtDBus["QtDBus"]\n    node_venv_lib_python3_12_site-packages_PyQt6_bindings_QtDBus --> node_venv_lib_python3_12_site-packages_PyQt6_bindings_QtDBus_qdbusinterface_sip["qdbusinterface.sip"]\n    Root --> node_venv["venv"]\n    node_venv --> node_venv_lib["lib"]\n    node_venv_lib --> node_venv_lib_python3_12["python3.12"]\n    node_venv_lib_python3_12 --> node_venv_lib_python3_12_site-packages["site-packages"]\n    node_venv_lib_python3_12_site-packages --> node_venv_lib_python3_12_site-packages_PyQt6["PyQt6"]\n    node_venv_lib_python3_12_site-packages_PyQt6 --> node_venv_lib_python3_12_site-packages_PyQt6_bindings["bindings"]\n    node_venv_lib_python3_12_site-packages_PyQt6_bindings --> node_venv_lib_python3_12_site-packages_PyQt6_bindings_QtDBus["QtDBus"]\n    node_venv_lib_python3_12_site-packages_PyQt6_bindings_QtDBus --> node_venv_lib_python3_12_site-packages_PyQt6_bindings_QtDBus_qdbusmessage_sip["qdbusmessage.sip"]\n    Root --> node_venv["venv"]\n    node_venv --> node_venv_lib["lib"]\n    node_venv_lib --> node_venv_lib_python3_12["python3.12"]\n    node_venv_lib_python3_12 --> node_venv_lib_python3_12_site-packages["site-packages"]\n    node_venv_lib_python3_12_site-packages --> node_venv_lib_python3_12_site-packages_PyQt6["PyQt6"]\n    node_venv_lib_python3_12_site-packages_PyQt6 --> node_venv_lib_python3_12_site-packages_PyQt6_bindings["bindings"]\n    node_venv_lib_python3_12_site-packages_PyQt6_bindings --> node_venv_lib_python3_12_site-packages_PyQt6_bindings_QtDBus["QtDBus"]\n    node_venv_lib_python3_12_site-packages_PyQt6_bindings_QtDBus --> node_venv_lib_python3_12_site-packages_PyQt6_bindings_QtDBus_qdbuspendingcall_sip["qdbuspendingcall.sip"]\n    Root --> node_venv["venv"]\n    node_venv --> node_venv_lib["lib"]\n    node_venv_lib --> node_venv_lib_python3_12["python3.12"]\n    node_venv_lib_python3_12 --> node_venv_lib_python3_12_site-packages["site-packages"]\n    node_venv_lib_python3_12_site-packages --> node_venv_lib_python3_12_site-packages_PyQt6["PyQt6"]\n    node_venv_lib_python3_12_site-packages_PyQt6 --> node_venv_lib_python3_12_site-packages_PyQt6_bindings["bindings"]\n    node_venv_lib_python3_12_site-packages_PyQt6_bindings --> node_venv_lib_python3_12_site-packages_PyQt6_bindings_QtDBus["QtDBus"]\n    node_venv_lib_python3_12_site-packages_PyQt6_bindings_QtDBus --> node_venv_lib_python3_12_site-packages_PyQt6_bindings_QtDBus_qdbusservicewatcher_sip["qdbusservicewatcher.sip"]\n    Root --> node_venv["venv"]\n    node_venv --> node_venv_lib["lib"]\n    node_venv_lib --> node_venv_lib_python3_12["python3.12"]\n    node_venv_lib_python3_12 --> node_venv_lib_python3_12_site-packages["site-packages"]\n    node_venv_lib_python3_12_site-packages --> node_venv_lib_python3_12_site-packages_PyQt6["PyQt6"]\n    node_venv_lib_python3_12_site-packages_PyQt6 --> node_venv_lib_python3_12_site-packages_PyQt6_bindings["bindings"]\n    node_venv_lib_python3_12_site-packages_PyQt6_bindings --> node_venv_lib_python3_12_site-packages_PyQt6_bindings_QtDBus["QtDBus"]\n    node_venv_lib_python3_12_site-packages_PyQt6_bindings_QtDBus --> node_venv_lib_python3_12_site-packages_PyQt6_bindings_QtDBus_qdbusunixfiledescriptor_sip["qdbusunixfiledescriptor.sip"]\n    Root --> node_venv["venv"]\n    node_venv --> node_venv_lib["lib"]\n    node_venv_lib --> node_venv_lib_python3_12["python3.12"]\n    node_venv_lib_python3_12 --> node_venv_lib_python3_12_site-packages["site-packages"]\n    node_venv_lib_python3_12_site-packages --> node_venv_lib_python3_12_site-packages_PyQt6["PyQt6"]\n    node_venv_lib_python3_12_site-packages_PyQt6 --> node_venv_lib_python3_12_site-packages_PyQt6_bindings["bindings"]\n    node_venv_lib_python3_12_site-packages_PyQt6_bindings --> node_venv_lib_python3_12_site-packages_PyQt6_bindings_QtDBus["QtDBus"]\n    node_venv_lib_python3_12_site-packages_PyQt6_bindings_QtDBus --> node_venv_lib_python3_12_site-packages_PyQt6_bindings_QtDBus_qpydbuspendingreply_sip["qpydbuspendingreply.sip"]\n    Root --> node_venv["venv"]\n    node_venv --> node_venv_lib["lib"]\n    node_venv_lib --> node_venv_lib_python3_12["python3.12"]\n    node_venv_lib_python3_12 --> node_venv_lib_python3_12_site-packages["site-packages"]\n    node_venv_lib_python3_12_site-packages --> node_venv_lib_python3_12_site-packages_PyQt6["PyQt6"]\n    node_venv_lib_python3_12_site-packages_PyQt6 --> node_venv_lib_python3_12_site-packages_PyQt6_bindings["bindings"]\n    node_venv_lib_python3_12_site-packages_PyQt6_bindings --> node_venv_lib_python3_12_site-packages_PyQt6_bindings_QtDBus["QtDBus"]\n    node_venv_lib_python3_12_site-packages_PyQt6_bindings_QtDBus --> node_venv_lib_python3_12_site-packages_PyQt6_bindings_QtDBus_qpydbusreply_sip["qpydbusreply.sip"]\n    Root --> node_venv["venv"]\n    node_venv --> node_venv_lib["lib"]\n    node_venv_lib --> node_venv_lib_python3_12["python3.12"]\n    node_venv_lib_python3_12 --> node_venv_lib_python3_12_site-packages["site-packages"]\n    node_venv_lib_python3_12_site-packages --> node_venv_lib_python3_12_site-packages_PyQt6["PyQt6"]\n    node_venv_lib_python3_12_site-packages_PyQt6 --> node_venv_lib_python3_12_site-packages_PyQt6_bindings["bindings"]\n    node_venv_lib_python3_12_site-packages_PyQt6_bindings --> node_venv_lib_python3_12_site-packages_PyQt6_bindings_QtQuickWidgets["QtQuickWidgets"]\n    node_venv_lib_python3_12_site-packages_PyQt6_bindings_QtQuickWidgets --> node_venv_lib_python3_12_site-packages_PyQt6_bindings_QtQuickWidgets_QtQuickWidgets_toml["QtQuickWidgets.toml"]\n    Root --> node_venv["venv"]\n    node_venv --> node_venv_lib["lib"]\n    node_venv_lib --> node_venv_lib_python3_12["python3.12"]\n    node_venv_lib_python3_12 --> node_venv_lib_python3_12_site-packages["site-packages"]\n    node_venv_lib_python3_12_site-packages --> node_venv_lib_python3_12_site-packages_PyQt6["PyQt6"]\n    node_venv_lib_python3_12_site-packages_PyQt6 --> node_venv_lib_python3_12_site-packages_PyQt6_bindings["bindings"]\n    node_venv_lib_python3_12_site-packages_PyQt6_bindings --> node_venv_lib_python3_12_site-packages_PyQt6_bindings_QtQuickWidgets["QtQuickWidgets"]\n    node_venv_lib_python3_12_site-packages_PyQt6_bindings_QtQuickWidgets --> node_venv_lib_python3_12_site-packages_PyQt6_bindings_QtQuickWidgets_QtQuickWidgetsmod_sip["QtQuickWidgetsmod.sip"]\n    Root --> node_venv["venv"]\n    node_venv --> node_venv_lib["lib"]\n    node_venv_lib --> node_venv_lib_python3_12["python3.12"]\n    node_venv_lib_python3_12 --> node_venv_lib_python3_12_site-packages["site-packages"]\n    node_venv_lib_python3_12_site-packages --> node_venv_lib_python3_12_site-packages_PyQt6["PyQt6"]\n    node_venv_lib_python3_12_site-packages_PyQt6 --> node_venv_lib_python3_12_site-packages_PyQt6_bindings["bindings"]\n    node_venv_lib_python3_12_site-packages_PyQt6_bindings --> node_venv_lib_python3_12_site-packages_PyQt6_bindings_QtQuickWidgets["QtQuickWidgets"]\n    node_venv_lib_python3_12_site-packages_PyQt6_bindings_QtQuickWidgets --> node_venv_lib_python3_12_site-packages_PyQt6_bindings_QtQuickWidgets_qquickwidget_sip["qquickwidget.sip"]\n    Root --> node_venv["venv"]\n    node_venv --> node_venv_lib["lib"]\n    node_venv_lib --> node_venv_lib_python3_12["python3.12"]\n    node_venv_lib_python3_12 --> node_venv_lib_python3_12_site-packages["site-packages"]\n    node_venv_lib_python3_12_site-packages --> node_venv_lib_python3_12_site-packages_PyQt6["PyQt6"]\n    node_venv_lib_python3_12_site-packages_PyQt6 --> node_venv_lib_python3_12_site-packages_PyQt6_bindings["bindings"]\n    node_venv_lib_python3_12_site-packages_PyQt6_bindings --> node_venv_lib_python3_12_site-packages_PyQt6_bindings_QtWebChannel["QtWebChannel"]\n    node_venv_lib_python3_12_site-packages_PyQt6_bindings_QtWebChannel --> node_venv_lib_python3_12_site-packages_PyQt6_bindings_QtWebChannel_QtWebChannel_toml["QtWebChannel.toml"]\n    Root --> node_venv["venv"]\n    node_venv --> node_venv_lib["lib"]\n    node_venv_lib --> node_venv_lib_python3_12["python3.12"]\n    node_venv_lib_python3_12 --> node_venv_lib_python3_12_site-packages["site-packages"]\n    node_venv_lib_python3_12_site-packages --> node_venv_lib_python3_12_site-packages_PyQt6["PyQt6"]\n    node_venv_lib_python3_12_site-packages_PyQt6 --> node_venv_lib_python3_12_site-packages_PyQt6_bindings["bindings"]\n    node_venv_lib_python3_12_site-packages_PyQt6_bindings --> node_venv_lib_python3_12_site-packages_PyQt6_bindings_QtWebChannel["QtWebChannel"]\n    node_venv_lib_python3_12_site-packages_PyQt6_bindings_QtWebChannel --> node_venv_lib_python3_12_site-packages_PyQt6_bindings_QtWebChannel_QtWebChannelmod_sip["QtWebChannelmod.sip"]\n    Root --> node_venv["venv"]\n    node_venv --> node_venv_lib["lib"]\n    node_venv_lib --> node_venv_lib_python3_12["python3.12"]\n    node_venv_lib_python3_12 --> node_venv_lib_python3_12_site-packages["site-packages"]\n    node_venv_lib_python3_12_site-packages --> node_venv_lib_python3_12_site-packages_PyQt6["PyQt6"]\n    node_venv_lib_python3_12_site-packages_PyQt6 --> node_venv_lib_python3_12_site-packages_PyQt6_bindings["bindings"]\n    node_venv_lib_python3_12_site-packages_PyQt6_bindings --> node_venv_lib_python3_12_site-packages_PyQt6_bindings_QtWebChannel["QtWebChannel"]\n    node_venv_lib_python3_12_site-packages_PyQt6_bindings_QtWebChannel --> node_venv_lib_python3_12_site-packages_PyQt6_bindings_QtWebChannel_qwebchannel_sip["qwebchannel.sip"]\n    Root --> node_venv["venv"]\n    node_venv --> node_venv_lib["lib"]\n    node_venv_lib --> node_venv_lib_python3_12["python3.12"]\n    node_venv_lib_python3_12 --> node_venv_lib_python3_12_site-packages["site-packages"]\n    node_venv_lib_python3_12_site-packages --> node_venv_lib_python3_12_site-packages_PyQt6["PyQt6"]\n    node_venv_lib_python3_12_site-packages_PyQt6 --> node_venv_lib_python3_12_site-packages_PyQt6_bindings["bindings"]\n    node_venv_lib_python3_12_site-packages_PyQt6_bindings --> node_venv_lib_python3_12_site-packages_PyQt6_bindings_QtWebChannel["QtWebChannel"]\n    node_venv_lib_python3_12_site-packages_PyQt6_bindings_QtWebChannel --> node_venv_lib_python3_12_site-packages_PyQt6_bindings_QtWebChannel_qwebchannelabstracttransport_sip["qwebchannelabstracttransport.sip"]\n    Root --> node_venv["venv"]\n    node_venv --> node_venv_lib["lib"]\n    node_venv_lib --> node_venv_lib_python3_12["python3.12"]\n    node_venv_lib_python3_12 --> node_venv_lib_python3_12_site-packages["site-packages"]\n    node_venv_lib_python3_12_site-packages --> node_venv_lib_python3_12_site-packages_PyQt6["PyQt6"]\n    node_venv_lib_python3_12_site-packages_PyQt6 --> node_venv_lib_python3_12_site-packages_PyQt6_bindings["bindings"]\n    node_venv_lib_python3_12_site-packages_PyQt6_bindings --> node_venv_lib_python3_12_site-packages_PyQt6_bindings_QtWidgets["QtWidgets"]\n    node_venv_lib_python3_12_site-packages_PyQt6_bindings_QtWidgets --> node_venv_lib_python3_12_site-packages_PyQt6_bindings_QtWidgets_QtWidgets_toml["QtWidgets.toml"]\n    Root --> node_venv["venv"]\n    node_venv --> node_venv_lib["lib"]\n    node_venv_lib --> node_venv_lib_python3_12["python3.12"]\n    node_venv_lib_python3_12 --> node_venv_lib_python3_12_site-packages["site-packages"]\n    node_venv_lib_python3_12_site-packages --> node_venv_lib_python3_12_site-packages_PyQt6["PyQt6"]\n    node_venv_lib_python3_12_site-packages_PyQt6 --> node_venv_lib_python3_12_site-packages_PyQt6_bindings["bindings"]\n    node_venv_lib_python3_12_site-packages_PyQt6_bindings --> node_venv_lib_python3_12_site-packages_PyQt6_bindings_QtWidgets["QtWidgets"]\n    node_venv_lib_python3_12_site-packages_PyQt6_bindings_QtWidgets --> node_venv_lib_python3_12_site-packages_PyQt6_bindings_QtWidgets_QtWidgetsmod_sip["QtWidgetsmod.sip"]\n    Root --> node_venv["venv"]\n    node_venv --> node_venv_lib["lib"]\n    node_venv_lib --> node_venv_lib_python3_12["python3.12"]\n    node_venv_lib_python3_12 --> node_venv_lib_python3_12_site-packages["site-packages"]\n    node_venv_lib_python3_12_site-packages --> node_venv_lib_python3_12_site-packages_PyQt6["PyQt6"]\n    node_venv_lib_python3_12_site-packages_PyQt6 --> node_venv_lib_python3_12_site-packages_PyQt6_bindings["bindings"]\n    node_venv_lib_python3_12_site-packages_PyQt6_bindings --> node_venv_lib_python3_12_site-packages_PyQt6_bindings_QtWidgets["QtWidgets"]\n    node_venv_lib_python3_12_site-packages_PyQt6_bindings_QtWidgets --> node_venv_lib_python3_12_site-packages_PyQt6_bindings_QtWidgets_qabstractbutton_sip["qabstractbutton.sip"]\n    Root --> node_venv["venv"]\n    node_venv --> node_venv_lib["lib"]\n    node_venv_lib --> node_venv_lib_python3_12["python3.12"]\n    node_venv_lib_python3_12 --> node_venv_lib_python3_12_site-packages["site-packages"]\n    node_venv_lib_python3_12_site-packages --> node_venv_lib_python3_12_site-packages_PyQt6["PyQt6"]\n    node_venv_lib_python3_12_site-packages_PyQt6 --> node_venv_lib_python3_12_site-packages_PyQt6_bindings["bindings"]\n    node_venv_lib_python3_12_site-packages_PyQt6_bindings --> node_venv_lib_python3_12_site-packages_PyQt6_bindings_QtWidgets["QtWidgets"]\n    node_venv_lib_python3_12_site-packages_PyQt6_bindings_QtWidgets --> node_venv_lib_python3_12_site-packages_PyQt6_bindings_QtWidgets_qabstractitemdelegate_sip["qabstractitemdelegate.sip"]\n    Root --> node_venv["venv"]\n    node_venv --> node_venv_lib["lib"]\n    node_venv_lib --> node_venv_lib_python3_12["python3.12"]\n    node_venv_lib_python3_12 --> node_venv_lib_python3_12_site-packages["site-packages"]\n    node_venv_lib_python3_12_site-packages --> node_venv_lib_python3_12_site-packages_PyQt6["PyQt6"]\n    node_venv_lib_python3_12_site-packages_PyQt6 --> node_venv_lib_python3_12_site-packages_PyQt6_bindings["bindings"]\n    node_venv_lib_python3_12_site-packages_PyQt6_bindings --> node_venv_lib_python3_12_site-packages_PyQt6_bindings_QtWidgets["QtWidgets"]\n    node_venv_lib_python3_12_site-packages_PyQt6_bindings_QtWidgets --> node_venv_lib_python3_12_site-packages_PyQt6_bindings_QtWidgets_qabstractitemview_sip["qabstractitemview.sip"]\n    Root --> node_venv["venv"]\n    node_venv --> node_venv_lib["lib"]\n    node_venv_lib --> node_venv_lib_python3_12["python3.12"]\n    node_venv_lib_python3_12 --> node_venv_lib_python3_12_site-packages["site-packages"]\n    node_venv_lib_python3_12_site-packages --> node_venv_lib_python3_12_site-packages_PyQt6["PyQt6"]\n    node_venv_lib_python3_12_site-packages_PyQt6 --> node_venv_lib_python3_12_site-packages_PyQt6_bindings["bindings"]\n    node_venv_lib_python3_12_site-packages_PyQt6_bindings --> node_venv_lib_python3_12_site-packages_PyQt6_bindings_QtWidgets["QtWidgets"]\n    node_venv_lib_python3_12_site-packages_PyQt6_bindings_QtWidgets --> node_venv_lib_python3_12_site-packages_PyQt6_bindings_QtWidgets_qabstractscrollarea_sip["qabstractscrollarea.sip"]\n    Root --> node_venv["venv"]\n    node_venv --> node_venv_lib["lib"]\n    node_venv_lib --> node_venv_lib_python3_12["python3.12"]\n    node_venv_lib_python3_12 --> node_venv_lib_python3_12_site-packages["site-packages"]\n    node_venv_lib_python3_12_site-packages --> node_venv_lib_python3_12_site-packages_PyQt6["PyQt6"]\n    node_venv_lib_python3_12_site-packages_PyQt6 --> node_venv_lib_python3_12_site-packages_PyQt6_bindings["bindings"]\n    node_venv_lib_python3_12_site-packages_PyQt6_bindings --> node_venv_lib_python3_12_site-packages_PyQt6_bindings_QtWidgets["QtWidgets"]\n    node_venv_lib_python3_12_site-packages_PyQt6_bindings_QtWidgets --> node_venv_lib_python3_12_site-packages_PyQt6_bindings_QtWidgets_qabstractslider_sip["qabstractslider.sip"]\n    Root --> node_venv["venv"]\n    node_venv --> node_venv_lib["lib"]\n    node_venv_lib --> node_venv_lib_python3_12["python3.12"]\n    node_venv_lib_python3_12 --> node_venv_lib_python3_12_site-packages["site-packages"]\n    node_venv_lib_python3_12_site-packages --> node_venv_lib_python3_12_site-packages_PyQt6["PyQt6"]\n    node_venv_lib_python3_12_site-packages_PyQt6 --> node_venv_lib_python3_12_site-packages_PyQt6_bindings["bindings"]\n    node_venv_lib_python3_12_site-packages_PyQt6_bindings --> node_venv_lib_python3_12_site-packages_PyQt6_bindings_QtWidgets["QtWidgets"]\n    node_venv_lib_python3_12_site-packages_PyQt6_bindings_QtWidgets --> node_venv_lib_python3_12_site-packages_PyQt6_bindings_QtWidgets_qabstractspinbox_sip["qabstractspinbox.sip"]\n    Root --> node_venv["venv"]\n    node_venv --> node_venv_lib["lib"]\n    node_venv_lib --> node_venv_lib_python3_12["python3.12"]\n    node_venv_lib_python3_12 --> node_venv_lib_python3_12_site-packages["site-packages"]\n    node_venv_lib_python3_12_site-packages --> node_venv_lib_python3_12_site-packages_PyQt6["PyQt6"]\n    node_venv_lib_python3_12_site-packages_PyQt6 --> node_venv_lib_python3_12_site-packages_PyQt6_bindings["bindings"]\n    node_venv_lib_python3_12_site-packages_PyQt6_bindings --> node_venv_lib_python3_12_site-packages_PyQt6_bindings_QtWidgets["QtWidgets"]\n    node_venv_lib_python3_12_site-packages_PyQt6_bindings_QtWidgets --> node_venv_lib_python3_12_site-packages_PyQt6_bindings_QtWidgets_qapplication_sip["qapplication.sip"]\n    Root --> node_venv["venv"]\n    node_venv --> node_venv_lib["lib"]\n    node_venv_lib --> node_venv_lib_python3_12["python3.12"]\n    node_venv_lib_python3_12 --> node_venv_lib_python3_12_site-packages["site-packages"]\n    node_venv_lib_python3_12_site-packages --> node_venv_lib_python3_12_site-packages_PyQt6["PyQt6"]\n    node_venv_lib_python3_12_site-packages_PyQt6 --> node_venv_lib_python3_12_site-packages_PyQt6_bindings["bindings"]\n    node_venv_lib_python3_12_site-packages_PyQt6_bindings --> node_venv_lib_python3_12_site-packages_PyQt6_bindings_QtWidgets["QtWidgets"]\n    node_venv_lib_python3_12_site-packages_PyQt6_bindings_QtWidgets --> node_venv_lib_python3_12_site-packages_PyQt6_bindings_QtWidgets_qboxlayout_sip["qboxlayout.sip"]\n    Root --> node_venv["venv"]\n    node_venv --> node_venv_lib["lib"]\n    node_venv_lib --> node_venv_lib_python3_12["python3.12"]\n    node_venv_lib_python3_12 --> node_venv_lib_python3_12_site-packages["site-packages"]\n    node_venv_lib_python3_12_site-packages --> node_venv_lib_python3_12_site-packages_PyQt6["PyQt6"]\n    node_venv_lib_python3_12_site-packages_PyQt6 --> node_venv_lib_python3_12_site-packages_PyQt6_bindings["bindings"]\n    node_venv_lib_python3_12_site-packages_PyQt6_bindings --> node_venv_lib_python3_12_site-packages_PyQt6_bindings_QtWidgets["QtWidgets"]\n    node_venv_lib_python3_12_site-packages_PyQt6_bindings_QtWidgets --> node_venv_lib_python3_12_site-packages_PyQt6_bindings_QtWidgets_qbuttongroup_sip["qbuttongroup.sip"]\n    Root --> node_venv["venv"]\n    node_venv --> node_venv_lib["lib"]\n    node_venv_lib --> node_venv_lib_python3_12["python3.12"]\n    node_venv_lib_python3_12 --> node_venv_lib_python3_12_site-packages["site-packages"]\n    node_venv_lib_python3_12_site-packages --> node_venv_lib_python3_12_site-packages_PyQt6["PyQt6"]\n    node_venv_lib_python3_12_site-packages_PyQt6 --> node_venv_lib_python3_12_site-packages_PyQt6_bindings["bindings"]\n    node_venv_lib_python3_12_site-packages_PyQt6_bindings --> node_venv_lib_python3_12_site-packages_PyQt6_bindings_QtWidgets["QtWidgets"]\n    node_venv_lib_python3_12_site-packages_PyQt6_bindings_QtWidgets --> node_venv_lib_python3_12_site-packages_PyQt6_bindings_QtWidgets_qcalendarwidget_sip["qcalendarwidget.sip"]\n    Root --> node_venv["venv"]\n    node_venv --> node_venv_lib["lib"]\n    node_venv_lib --> node_venv_lib_python3_12["python3.12"]\n    node_venv_lib_python3_12 --> node_venv_lib_python3_12_site-packages["site-packages"]\n    node_venv_lib_python3_12_site-packages --> node_venv_lib_python3_12_site-packages_PyQt6["PyQt6"]\n    node_venv_lib_python3_12_site-packages_PyQt6 --> node_venv_lib_python3_12_site-packages_PyQt6_bindings["bindings"]\n    node_venv_lib_python3_12_site-packages_PyQt6_bindings --> node_venv_lib_python3_12_site-packages_PyQt6_bindings_QtWidgets["QtWidgets"]\n    node_venv_lib_python3_12_site-packages_PyQt6_bindings_QtWidgets --> node_venv_lib_python3_12_site-packages_PyQt6_bindings_QtWidgets_qcheckbox_sip["qcheckbox.sip"]\n    Root --> node_venv["venv"]\n    node_venv --> node_venv_lib["lib"]\n    node_venv_lib --> node_venv_lib_python3_12["python3.12"]\n    node_venv_lib_python3_12 --> node_venv_lib_python3_12_site-packages["site-packages"]\n    node_venv_lib_python3_12_site-packages --> node_venv_lib_python3_12_site-packages_PyQt6["PyQt6"]\n    node_venv_lib_python3_12_site-packages_PyQt6 --> node_venv_lib_python3_12_site-packages_PyQt6_bindings["bindings"]\n    node_venv_lib_python3_12_site-packages_PyQt6_bindings --> node_venv_lib_python3_12_site-packages_PyQt6_bindings_QtWidgets["QtWidgets"]\n    node_venv_lib_python3_12_site-packages_PyQt6_bindings_QtWidgets --> node_venv_lib_python3_12_site-packages_PyQt6_bindings_QtWidgets_qcolordialog_sip["qcolordialog.sip"]\n    Root --> node_venv["venv"]\n    node_venv --> node_venv_lib["lib"]\n    node_venv_lib --> node_venv_lib_python3_12["python3.12"]\n    node_venv_lib_python3_12 --> node_venv_lib_python3_12_site-packages["site-packages"]\n    node_venv_lib_python3_12_site-packages --> node_venv_lib_python3_12_site-packages_PyQt6["PyQt6"]\n    node_venv_lib_python3_12_site-packages_PyQt6 --> node_venv_lib_python3_12_site-packages_PyQt6_bindings["bindings"]\n    node_venv_lib_python3_12_site-packages_PyQt6_bindings --> node_venv_lib_python3_12_site-packages_PyQt6_bindings_QtWidgets["QtWidgets"]\n    node_venv_lib_python3_12_site-packages_PyQt6_bindings_QtWidgets --> node_venv_lib_python3_12_site-packages_PyQt6_bindings_QtWidgets_qcolumnview_sip["qcolumnview.sip"]\n    Root --> node_venv["venv"]\n    node_venv --> node_venv_lib["lib"]\n    node_venv_lib --> node_venv_lib_python3_12["python3.12"]\n    node_venv_lib_python3_12 --> node_venv_lib_python3_12_site-packages["site-packages"]\n    node_venv_lib_python3_12_site-packages --> node_venv_lib_python3_12_site-packages_PyQt6["PyQt6"]\n    node_venv_lib_python3_12_site-packages_PyQt6 --> node_venv_lib_python3_12_site-packages_PyQt6_bindings["bindings"]\n    node_venv_lib_python3_12_site-packages_PyQt6_bindings --> node_venv_lib_python3_12_site-packages_PyQt6_bindings_QtWidgets["QtWidgets"]\n    node_venv_lib_python3_12_site-packages_PyQt6_bindings_QtWidgets --> node_venv_lib_python3_12_site-packages_PyQt6_bindings_QtWidgets_qcombobox_sip["qcombobox.sip"]\n    Root --> node_venv["venv"]\n    node_venv --> node_venv_lib["lib"]\n    node_venv_lib --> node_venv_lib_python3_12["python3.12"]\n    node_venv_lib_python3_12 --> node_venv_lib_python3_12_site-packages["site-packages"]\n    node_venv_lib_python3_12_site-packages --> node_venv_lib_python3_12_site-packages_PyQt6["PyQt6"]\n    node_venv_lib_python3_12_site-packages_PyQt6 --> node_venv_lib_python3_12_site-packages_PyQt6_bindings["bindings"]\n    node_venv_lib_python3_12_site-packages_PyQt6_bindings --> node_venv_lib_python3_12_site-packages_PyQt6_bindings_QtWidgets["QtWidgets"]\n    node_venv_lib_python3_12_site-packages_PyQt6_bindings_QtWidgets --> node_venv_lib_python3_12_site-packages_PyQt6_bindings_QtWidgets_qcommandlinkbutton_sip["qcommandlinkbutton.sip"]\n    Root --> node_venv["venv"]\n    node_venv --> node_venv_lib["lib"]\n    node_venv_lib --> node_venv_lib_python3_12["python3.12"]\n    node_venv_lib_python3_12 --> node_venv_lib_python3_12_site-packages["site-packages"]\n    node_venv_lib_python3_12_site-packages --> node_venv_lib_python3_12_site-packages_PyQt6["PyQt6"]\n    node_venv_lib_python3_12_site-packages_PyQt6 --> node_venv_lib_python3_12_site-packages_PyQt6_bindings["bindings"]\n    node_venv_lib_python3_12_site-packages_PyQt6_bindings --> node_venv_lib_python3_12_site-packages_PyQt6_bindings_QtWidgets["QtWidgets"]\n    node_venv_lib_python3_12_site-packages_PyQt6_bindings_QtWidgets --> node_venv_lib_python3_12_site-packages_PyQt6_bindings_QtWidgets_qcommonstyle_sip["qcommonstyle.sip"]\n    Root --> node_venv["venv"]\n    node_venv --> node_venv_lib["lib"]\n    node_venv_lib --> node_venv_lib_python3_12["python3.12"]\n    node_venv_lib_python3_12 --> node_venv_lib_python3_12_site-packages["site-packages"]\n    node_venv_lib_python3_12_site-packages --> node_venv_lib_python3_12_site-packages_PyQt6["PyQt6"]\n    node_venv_lib_python3_12_site-packages_PyQt6 --> node_venv_lib_python3_12_site-packages_PyQt6_bindings["bindings"]\n    node_venv_lib_python3_12_site-packages_PyQt6_bindings --> node_venv_lib_python3_12_site-packages_PyQt6_bindings_QtWidgets["QtWidgets"]\n    node_venv_lib_python3_12_site-packages_PyQt6_bindings_QtWidgets --> node_venv_lib_python3_12_site-packages_PyQt6_bindings_QtWidgets_qcompleter_sip["qcompleter.sip"]\n    Root --> node_venv["venv"]\n    node_venv --> node_venv_lib["lib"]\n    node_venv_lib --> node_venv_lib_python3_12["python3.12"]\n    node_venv_lib_python3_12 --> node_venv_lib_python3_12_site-packages["site-packages"]\n    node_venv_lib_python3_12_site-packages --> node_venv_lib_python3_12_site-packages_PyQt6["PyQt6"]\n    node_venv_lib_python3_12_site-packages_PyQt6 --> node_venv_lib_python3_12_site-packages_PyQt6_bindings["bindings"]\n    node_venv_lib_python3_12_site-packages_PyQt6_bindings --> node_venv_lib_python3_12_site-packages_PyQt6_bindings_QtWidgets["QtWidgets"]\n    node_venv_lib_python3_12_site-packages_PyQt6_bindings_QtWidgets --> node_venv_lib_python3_12_site-packages_PyQt6_bindings_QtWidgets_qdatawidgetmapper_sip["qdatawidgetmapper.sip"]\n    Root --> node_venv["venv"]\n    node_venv --> node_venv_lib["lib"]\n    node_venv_lib --> node_venv_lib_python3_12["python3.12"]\n    node_venv_lib_python3_12 --> node_venv_lib_python3_12_site-packages["site-packages"]\n    node_venv_lib_python3_12_site-packages --> node_venv_lib_python3_12_site-packages_PyQt6["PyQt6"]\n    node_venv_lib_python3_12_site-packages_PyQt6 --> node_venv_lib_python3_12_site-packages_PyQt6_bindings["bindings"]\n    node_venv_lib_python3_12_site-packages_PyQt6_bindings --> node_venv_lib_python3_12_site-packages_PyQt6_bindings_QtWidgets["QtWidgets"]\n    node_venv_lib_python3_12_site-packages_PyQt6_bindings_QtWidgets --> node_venv_lib_python3_12_site-packages_PyQt6_bindings_QtWidgets_qdatetimeedit_sip["qdatetimeedit.sip"]\n    Root --> node_venv["venv"]\n    node_venv --> node_venv_lib["lib"]\n    node_venv_lib --> node_venv_lib_python3_12["python3.12"]\n    node_venv_lib_python3_12 --> node_venv_lib_python3_12_site-packages["site-packages"]\n    node_venv_lib_python3_12_site-packages --> node_venv_lib_python3_12_site-packages_PyQt6["PyQt6"]\n    node_venv_lib_python3_12_site-packages_PyQt6 --> node_venv_lib_python3_12_site-packages_PyQt6_bindings["bindings"]\n    node_venv_lib_python3_12_site-packages_PyQt6_bindings --> node_venv_lib_python3_12_site-packages_PyQt6_bindings_QtWidgets["QtWidgets"]\n    node_venv_lib_python3_12_site-packages_PyQt6_bindings_QtWidgets --> node_venv_lib_python3_12_site-packages_PyQt6_bindings_QtWidgets_qdial_sip["qdial.sip"]\n    Root --> node_venv["venv"]\n    node_venv --> node_venv_lib["lib"]\n    node_venv_lib --> node_venv_lib_python3_12["python3.12"]\n    node_venv_lib_python3_12 --> node_venv_lib_python3_12_site-packages["site-packages"]\n    node_venv_lib_python3_12_site-packages --> node_venv_lib_python3_12_site-packages_PyQt6["PyQt6"]\n    node_venv_lib_python3_12_site-packages_PyQt6 --> node_venv_lib_python3_12_site-packages_PyQt6_bindings["bindings"]\n    node_venv_lib_python3_12_site-packages_PyQt6_bindings --> node_venv_lib_python3_12_site-packages_PyQt6_bindings_QtWidgets["QtWidgets"]\n    node_venv_lib_python3_12_site-packages_PyQt6_bindings_QtWidgets --> node_venv_lib_python3_12_site-packages_PyQt6_bindings_QtWidgets_qdialog_sip["qdialog.sip"]\n    Root --> node_venv["venv"]\n    node_venv --> node_venv_lib["lib"]\n    node_venv_lib --> node_venv_lib_python3_12["python3.12"]\n    node_venv_lib_python3_12 --> node_venv_lib_python3_12_site-packages["site-packages"]\n    node_venv_lib_python3_12_site-packages --> node_venv_lib_python3_12_site-packages_PyQt6["PyQt6"]\n    node_venv_lib_python3_12_site-packages_PyQt6 --> node_venv_lib_python3_12_site-packages_PyQt6_bindings["bindings"]\n    node_venv_lib_python3_12_site-packages_PyQt6_bindings --> node_venv_lib_python3_12_site-packages_PyQt6_bindings_QtWidgets["QtWidgets"]\n    node_venv_lib_python3_12_site-packages_PyQt6_bindings_QtWidgets --> node_venv_lib_python3_12_site-packages_PyQt6_bindings_QtWidgets_qdialogbuttonbox_sip["qdialogbuttonbox.sip"]\n    Root --> node_venv["venv"]\n    node_venv --> node_venv_lib["lib"]\n    node_venv_lib --> node_venv_lib_python3_12["python3.12"]\n    node_venv_lib_python3_12 --> node_venv_lib_python3_12_site-packages["site-packages"]\n    node_venv_lib_python3_12_site-packages --> node_venv_lib_python3_12_site-packages_PyQt6["PyQt6"]\n    node_venv_lib_python3_12_site-packages_PyQt6 --> node_venv_lib_python3_12_site-packages_PyQt6_bindings["bindings"]\n    node_venv_lib_python3_12_site-packages_PyQt6_bindings --> node_venv_lib_python3_12_site-packages_PyQt6_bindings_QtWidgets["QtWidgets"]\n    node_venv_lib_python3_12_site-packages_PyQt6_bindings_QtWidgets --> node_venv_lib_python3_12_site-packages_PyQt6_bindings_QtWidgets_qdockwidget_sip["qdockwidget.sip"]\n    Root --> node_venv["venv"]\n    node_venv --> node_venv_lib["lib"]\n    node_venv_lib --> node_venv_lib_python3_12["python3.12"]\n    node_venv_lib_python3_12 --> node_venv_lib_python3_12_site-packages["site-packages"]\n    node_venv_lib_python3_12_site-packages --> node_venv_lib_python3_12_site-packages_PyQt6["PyQt6"]\n    node_venv_lib_python3_12_site-packages_PyQt6 --> node_venv_lib_python3_12_site-packages_PyQt6_bindings["bindings"]\n    node_venv_lib_python3_12_site-packages_PyQt6_bindings --> node_venv_lib_python3_12_site-packages_PyQt6_bindings_QtWidgets["QtWidgets"]\n    node_venv_lib_python3_12_site-packages_PyQt6_bindings_QtWidgets --> node_venv_lib_python3_12_site-packages_PyQt6_bindings_QtWidgets_qdrawutil_sip["qdrawutil.sip"]\n    Root --> node_venv["venv"]\n    node_venv --> node_venv_lib["lib"]\n    node_venv_lib --> node_venv_lib_python3_12["python3.12"]\n    node_venv_lib_python3_12 --> node_venv_lib_python3_12_site-packages["site-packages"]\n    node_venv_lib_python3_12_site-packages --> node_venv_lib_python3_12_site-packages_PyQt6["PyQt6"]\n    node_venv_lib_python3_12_site-packages_PyQt6 --> node_venv_lib_python3_12_site-packages_PyQt6_bindings["bindings"]\n    node_venv_lib_python3_12_site-packages_PyQt6_bindings --> node_venv_lib_python3_12_site-packages_PyQt6_bindings_QtWidgets["QtWidgets"]\n    node_venv_lib_python3_12_site-packages_PyQt6_bindings_QtWidgets --> node_venv_lib_python3_12_site-packages_PyQt6_bindings_QtWidgets_qerrormessage_sip["qerrormessage.sip"]\n    Root --> node_venv["venv"]\n    node_venv --> node_venv_lib["lib"]\n    node_venv_lib --> node_venv_lib_python3_12["python3.12"]\n    node_venv_lib_python3_12 --> node_venv_lib_python3_12_site-packages["site-packages"]\n    node_venv_lib_python3_12_site-packages --> node_venv_lib_python3_12_site-packages_PyQt6["PyQt6"]\n    node_venv_lib_python3_12_site-packages_PyQt6 --> node_venv_lib_python3_12_site-packages_PyQt6_bindings["bindings"]\n    node_venv_lib_python3_12_site-packages_PyQt6_bindings --> node_venv_lib_python3_12_site-packages_PyQt6_bindings_QtWidgets["QtWidgets"]\n    node_venv_lib_python3_12_site-packages_PyQt6_bindings_QtWidgets --> node_venv_lib_python3_12_site-packages_PyQt6_bindings_QtWidgets_qfiledialog_sip["qfiledialog.sip"]\n    Root --> node_venv["venv"]\n    node_venv --> node_venv_lib["lib"]\n    node_venv_lib --> node_venv_lib_python3_12["python3.12"]\n    node_venv_lib_python3_12 --> node_venv_lib_python3_12_site-packages["site-packages"]\n    node_venv_lib_python3_12_site-packages --> node_venv_lib_python3_12_site-packages_PyQt6["PyQt6"]\n    node_venv_lib_python3_12_site-packages_PyQt6 --> node_venv_lib_python3_12_site-packages_PyQt6_bindings["bindings"]\n    node_venv_lib_python3_12_site-packages_PyQt6_bindings --> node_venv_lib_python3_12_site-packages_PyQt6_bindings_QtWidgets["QtWidgets"]\n    node_venv_lib_python3_12_site-packages_PyQt6_bindings_QtWidgets --> node_venv_lib_python3_12_site-packages_PyQt6_bindings_QtWidgets_qfileiconprovider_sip["qfileiconprovider.sip"]\n    Root --> node_venv["venv"]\n    node_venv --> node_venv_lib["lib"]\n    node_venv_lib --> node_venv_lib_python3_12["python3.12"]\n    node_venv_lib_python3_12 --> node_venv_lib_python3_12_site-packages["site-packages"]\n    node_venv_lib_python3_12_site-packages --> node_venv_lib_python3_12_site-packages_PyQt6["PyQt6"]\n    node_venv_lib_python3_12_site-packages_PyQt6 --> node_venv_lib_python3_12_site-packages_PyQt6_bindings["bindings"]\n    node_venv_lib_python3_12_site-packages_PyQt6_bindings --> node_venv_lib_python3_12_site-packages_PyQt6_bindings_QtWidgets["QtWidgets"]\n    node_venv_lib_python3_12_site-packages_PyQt6_bindings_QtWidgets --> node_venv_lib_python3_12_site-packages_PyQt6_bindings_QtWidgets_qfilesystemmodel_sip["qfilesystemmodel.sip"]\n    Root --> node_venv["venv"]\n    node_venv --> node_venv_lib["lib"]\n    node_venv_lib --> node_venv_lib_python3_12["python3.12"]\n    node_venv_lib_python3_12 --> node_venv_lib_python3_12_site-packages["site-packages"]\n    node_venv_lib_python3_12_site-packages --> node_venv_lib_python3_12_site-packages_PyQt6["PyQt6"]\n    node_venv_lib_python3_12_site-packages_PyQt6 --> node_venv_lib_python3_12_site-packages_PyQt6_bindings["bindings"]\n    node_venv_lib_python3_12_site-packages_PyQt6_bindings --> node_venv_lib_python3_12_site-packages_PyQt6_bindings_QtWidgets["QtWidgets"]\n    node_venv_lib_python3_12_site-packages_PyQt6_bindings_QtWidgets --> node_venv_lib_python3_12_site-packages_PyQt6_bindings_QtWidgets_qfocusframe_sip["qfocusframe.sip"]\n    Root --> node_venv["venv"]\n    node_venv --> node_venv_lib["lib"]\n    node_venv_lib --> node_venv_lib_python3_12["python3.12"]\n    node_venv_lib_python3_12 --> node_venv_lib_python3_12_site-packages["site-packages"]\n    node_venv_lib_python3_12_site-packages --> node_venv_lib_python3_12_site-packages_PyQt6["PyQt6"]\n    node_venv_lib_python3_12_site-packages_PyQt6 --> node_venv_lib_python3_12_site-packages_PyQt6_bindings["bindings"]\n    node_venv_lib_python3_12_site-packages_PyQt6_bindings --> node_venv_lib_python3_12_site-packages_PyQt6_bindings_QtWidgets["QtWidgets"]\n    node_venv_lib_python3_12_site-packages_PyQt6_bindings_QtWidgets --> node_venv_lib_python3_12_site-packages_PyQt6_bindings_QtWidgets_qfontcombobox_sip["qfontcombobox.sip"]\n    Root --> node_venv["venv"]\n    node_venv --> node_venv_lib["lib"]\n    node_venv_lib --> node_venv_lib_python3_12["python3.12"]\n    node_venv_lib_python3_12 --> node_venv_lib_python3_12_site-packages["site-packages"]\n    node_venv_lib_python3_12_site-packages --> node_venv_lib_python3_12_site-packages_PyQt6["PyQt6"]\n    node_venv_lib_python3_12_site-packages_PyQt6 --> node_venv_lib_python3_12_site-packages_PyQt6_bindings["bindings"]\n    node_venv_lib_python3_12_site-packages_PyQt6_bindings --> node_venv_lib_python3_12_site-packages_PyQt6_bindings_QtWidgets["QtWidgets"]\n    node_venv_lib_python3_12_site-packages_PyQt6_bindings_QtWidgets --> node_venv_lib_python3_12_site-packages_PyQt6_bindings_QtWidgets_qfontdialog_sip["qfontdialog.sip"]\n    Root --> node_venv["venv"]\n    node_venv --> node_venv_lib["lib"]\n    node_venv_lib --> node_venv_lib_python3_12["python3.12"]\n    node_venv_lib_python3_12 --> node_venv_lib_python3_12_site-packages["site-packages"]\n    node_venv_lib_python3_12_site-packages --> node_venv_lib_python3_12_site-packages_PyQt6["PyQt6"]\n    node_venv_lib_python3_12_site-packages_PyQt6 --> node_venv_lib_python3_12_site-packages_PyQt6_bindings["bindings"]\n    node_venv_lib_python3_12_site-packages_PyQt6_bindings --> node_venv_lib_python3_12_site-packages_PyQt6_bindings_QtWidgets["QtWidgets"]\n    node_venv_lib_python3_12_site-packages_PyQt6_bindings_QtWidgets --> node_venv_lib_python3_12_site-packages_PyQt6_bindings_QtWidgets_qformlayout_sip["qformlayout.sip"]\n    Root --> node_venv["venv"]\n    node_venv --> node_venv_lib["lib"]\n    node_venv_lib --> node_venv_lib_python3_12["python3.12"]\n    node_venv_lib_python3_12 --> node_venv_lib_python3_12_site-packages["site-packages"]\n    node_venv_lib_python3_12_site-packages --> node_venv_lib_python3_12_site-packages_PyQt6["PyQt6"]\n    node_venv_lib_python3_12_site-packages_PyQt6 --> node_venv_lib_python3_12_site-packages_PyQt6_bindings["bindings"]\n    node_venv_lib_python3_12_site-packages_PyQt6_bindings --> node_venv_lib_python3_12_site-packages_PyQt6_bindings_QtWidgets["QtWidgets"]\n    node_venv_lib_python3_12_site-packages_PyQt6_bindings_QtWidgets --> node_venv_lib_python3_12_site-packages_PyQt6_bindings_QtWidgets_qframe_sip["qframe.sip"]\n    Root --> node_venv["venv"]\n    node_venv --> node_venv_lib["lib"]\n    node_venv_lib --> node_venv_lib_python3_12["python3.12"]\n    node_venv_lib_python3_12 --> node_venv_lib_python3_12_site-packages["site-packages"]\n    node_venv_lib_python3_12_site-packages --> node_venv_lib_python3_12_site-packages_PyQt6["PyQt6"]\n    node_venv_lib_python3_12_site-packages_PyQt6 --> node_venv_lib_python3_12_site-packages_PyQt6_bindings["bindings"]\n    node_venv_lib_python3_12_site-packages_PyQt6_bindings --> node_venv_lib_python3_12_site-packages_PyQt6_bindings_QtWidgets["QtWidgets"]\n    node_venv_lib_python3_12_site-packages_PyQt6_bindings_QtWidgets --> node_venv_lib_python3_12_site-packages_PyQt6_bindings_QtWidgets_qgesture_sip["qgesture.sip"]\n    Root --> node_venv["venv"]\n    node_venv --> node_venv_lib["lib"]\n    node_venv_lib --> node_venv_lib_python3_12["python3.12"]\n    node_venv_lib_python3_12 --> node_venv_lib_python3_12_site-packages["site-packages"]\n    node_venv_lib_python3_12_site-packages --> node_venv_lib_python3_12_site-packages_PyQt6["PyQt6"]\n    node_venv_lib_python3_12_site-packages_PyQt6 --> node_venv_lib_python3_12_site-packages_PyQt6_bindings["bindings"]\n    node_venv_lib_python3_12_site-packages_PyQt6_bindings --> node_venv_lib_python3_12_site-packages_PyQt6_bindings_QtWidgets["QtWidgets"]\n    node_venv_lib_python3_12_site-packages_PyQt6_bindings_QtWidgets --> node_venv_lib_python3_12_site-packages_PyQt6_bindings_QtWidgets_qgesturerecognizer_sip["qgesturerecognizer.sip"]\n    Root --> node_venv["venv"]\n    node_venv --> node_venv_lib["lib"]\n    node_venv_lib --> node_venv_lib_python3_12["python3.12"]\n    node_venv_lib_python3_12 --> node_venv_lib_python3_12_site-packages["site-packages"]\n    node_venv_lib_python3_12_site-packages --> node_venv_lib_python3_12_site-packages_PyQt6["PyQt6"]\n    node_venv_lib_python3_12_site-packages_PyQt6 --> node_venv_lib_python3_12_site-packages_PyQt6_bindings["bindings"]\n    node_venv_lib_python3_12_site-packages_PyQt6_bindings --> node_venv_lib_python3_12_site-packages_PyQt6_bindings_QtWidgets["QtWidgets"]\n    node_venv_lib_python3_12_site-packages_PyQt6_bindings_QtWidgets --> node_venv_lib_python3_12_site-packages_PyQt6_bindings_QtWidgets_qgraphicsanchorlayout_sip["qgraphicsanchorlayout.sip"]\n    Root --> node_venv["venv"]\n    node_venv --> node_venv_lib["lib"]\n    node_venv_lib --> node_venv_lib_python3_12["python3.12"]\n    node_venv_lib_python3_12 --> node_venv_lib_python3_12_site-packages["site-packages"]\n    node_venv_lib_python3_12_site-packages --> node_venv_lib_python3_12_site-packages_PyQt6["PyQt6"]\n    node_venv_lib_python3_12_site-packages_PyQt6 --> node_venv_lib_python3_12_site-packages_PyQt6_bindings["bindings"]\n    node_venv_lib_python3_12_site-packages_PyQt6_bindings --> node_venv_lib_python3_12_site-packages_PyQt6_bindings_QtWidgets["QtWidgets"]\n    node_venv_lib_python3_12_site-packages_PyQt6_bindings_QtWidgets --> node_venv_lib_python3_12_site-packages_PyQt6_bindings_QtWidgets_qgraphicseffect_sip["qgraphicseffect.sip"]\n    Root --> node_venv["venv"]\n    node_venv --> node_venv_lib["lib"]\n    node_venv_lib --> node_venv_lib_python3_12["python3.12"]\n    node_venv_lib_python3_12 --> node_venv_lib_python3_12_site-packages["site-packages"]\n    node_venv_lib_python3_12_site-packages --> node_venv_lib_python3_12_site-packages_PyQt6["PyQt6"]\n    node_venv_lib_python3_12_site-packages_PyQt6 --> node_venv_lib_python3_12_site-packages_PyQt6_bindings["bindings"]\n    node_venv_lib_python3_12_site-packages_PyQt6_bindings --> node_venv_lib_python3_12_site-packages_PyQt6_bindings_QtWidgets["QtWidgets"]\n    node_venv_lib_python3_12_site-packages_PyQt6_bindings_QtWidgets --> node_venv_lib_python3_12_site-packages_PyQt6_bindings_QtWidgets_qgraphicsgridlayout_sip["qgraphicsgridlayout.sip"]\n    Root --> node_venv["venv"]\n    node_venv --> node_venv_lib["lib"]\n    node_venv_lib --> node_venv_lib_python3_12["python3.12"]\n    node_venv_lib_python3_12 --> node_venv_lib_python3_12_site-packages["site-packages"]\n    node_venv_lib_python3_12_site-packages --> node_venv_lib_python3_12_site-packages_PyQt6["PyQt6"]\n    node_venv_lib_python3_12_site-packages_PyQt6 --> node_venv_lib_python3_12_site-packages_PyQt6_bindings["bindings"]\n    node_venv_lib_python3_12_site-packages_PyQt6_bindings --> node_venv_lib_python3_12_site-packages_PyQt6_bindings_QtWidgets["QtWidgets"]\n    node_venv_lib_python3_12_site-packages_PyQt6_bindings_QtWidgets --> node_venv_lib_python3_12_site-packages_PyQt6_bindings_QtWidgets_qgraphicsitem_sip["qgraphicsitem.sip"]\n    Root --> node_venv["venv"]\n    node_venv --> node_venv_lib["lib"]\n    node_venv_lib --> node_venv_lib_python3_12["python3.12"]\n    node_venv_lib_python3_12 --> node_venv_lib_python3_12_site-packages["site-packages"]\n    node_venv_lib_python3_12_site-packages --> node_venv_lib_python3_12_site-packages_PyQt6["PyQt6"]\n    node_venv_lib_python3_12_site-packages_PyQt6 --> node_venv_lib_python3_12_site-packages_PyQt6_bindings["bindings"]\n    node_venv_lib_python3_12_site-packages_PyQt6_bindings --> node_venv_lib_python3_12_site-packages_PyQt6_bindings_QtWidgets["QtWidgets"]\n    node_venv_lib_python3_12_site-packages_PyQt6_bindings_QtWidgets --> node_venv_lib_python3_12_site-packages_PyQt6_bindings_QtWidgets_qgraphicslayout_sip["qgraphicslayout.sip"]\n    Root --> node_venv["venv"]\n    node_venv --> node_venv_lib["lib"]\n    node_venv_lib --> node_venv_lib_python3_12["python3.12"]\n    node_venv_lib_python3_12 --> node_venv_lib_python3_12_site-packages["site-packages"]\n    node_venv_lib_python3_12_site-packages --> node_venv_lib_python3_12_site-packages_PyQt6["PyQt6"]\n    node_venv_lib_python3_12_site-packages_PyQt6 --> node_venv_lib_python3_12_site-packages_PyQt6_bindings["bindings"]\n    node_venv_lib_python3_12_site-packages_PyQt6_bindings --> node_venv_lib_python3_12_site-packages_PyQt6_bindings_QtWidgets["QtWidgets"]\n    node_venv_lib_python3_12_site-packages_PyQt6_bindings_QtWidgets --> node_venv_lib_python3_12_site-packages_PyQt6_bindings_QtWidgets_qgraphicslayoutitem_sip["qgraphicslayoutitem.sip"]\n    Root --> node_venv["venv"]\n    node_venv --> node_venv_lib["lib"]\n    node_venv_lib --> node_venv_lib_python3_12["python3.12"]\n    node_venv_lib_python3_12 --> node_venv_lib_python3_12_site-packages["site-packages"]\n    node_venv_lib_python3_12_site-packages --> node_venv_lib_python3_12_site-packages_PyQt6["PyQt6"]\n    node_venv_lib_python3_12_site-packages_PyQt6 --> node_venv_lib_python3_12_site-packages_PyQt6_bindings["bindings"]\n    node_venv_lib_python3_12_site-packages_PyQt6_bindings --> node_venv_lib_python3_12_site-packages_PyQt6_bindings_QtWidgets["QtWidgets"]\n    node_venv_lib_python3_12_site-packages_PyQt6_bindings_QtWidgets --> node_venv_lib_python3_12_site-packages_PyQt6_bindings_QtWidgets_qgraphicslinearlayout_sip["qgraphicslinearlayout.sip"]\n    Root --> node_venv["venv"]\n    node_venv --> node_venv_lib["lib"]\n    node_venv_lib --> node_venv_lib_python3_12["python3.12"]\n    node_venv_lib_python3_12 --> node_venv_lib_python3_12_site-packages["site-packages"]\n    node_venv_lib_python3_12_site-packages --> node_venv_lib_python3_12_site-packages_PyQt6["PyQt6"]\n    node_venv_lib_python3_12_site-packages_PyQt6 --> node_venv_lib_python3_12_site-packages_PyQt6_bindings["bindings"]\n    node_venv_lib_python3_12_site-packages_PyQt6_bindings --> node_venv_lib_python3_12_site-packages_PyQt6_bindings_QtWidgets["QtWidgets"]\n    node_venv_lib_python3_12_site-packages_PyQt6_bindings_QtWidgets --> node_venv_lib_python3_12_site-packages_PyQt6_bindings_QtWidgets_qgraphicsproxywidget_sip["qgraphicsproxywidget.sip"]\n    Root --> node_venv["venv"]\n    node_venv --> node_venv_lib["lib"]\n    node_venv_lib --> node_venv_lib_python3_12["python3.12"]\n    node_venv_lib_python3_12 --> node_venv_lib_python3_12_site-packages["site-packages"]\n    node_venv_lib_python3_12_site-packages --> node_venv_lib_python3_12_site-packages_PyQt6["PyQt6"]\n    node_venv_lib_python3_12_site-packages_PyQt6 --> node_venv_lib_python3_12_site-packages_PyQt6_bindings["bindings"]\n    node_venv_lib_python3_12_site-packages_PyQt6_bindings --> node_venv_lib_python3_12_site-packages_PyQt6_bindings_QtWidgets["QtWidgets"]\n    node_venv_lib_python3_12_site-packages_PyQt6_bindings_QtWidgets --> node_venv_lib_python3_12_site-packages_PyQt6_bindings_QtWidgets_qgraphicsscene_sip["qgraphicsscene.sip"]\n    Root --> node_venv["venv"]\n    node_venv --> node_venv_lib["lib"]\n    node_venv_lib --> node_venv_lib_python3_12["python3.12"]\n    node_venv_lib_python3_12 --> node_venv_lib_python3_12_site-packages["site-packages"]\n    node_venv_lib_python3_12_site-packages --> node_venv_lib_python3_12_site-packages_PyQt6["PyQt6"]\n    node_venv_lib_python3_12_site-packages_PyQt6 --> node_venv_lib_python3_12_site-packages_PyQt6_bindings["bindings"]\n    node_venv_lib_python3_12_site-packages_PyQt6_bindings --> node_venv_lib_python3_12_site-packages_PyQt6_bindings_QtWidgets["QtWidgets"]\n    node_venv_lib_python3_12_site-packages_PyQt6_bindings_QtWidgets --> node_venv_lib_python3_12_site-packages_PyQt6_bindings_QtWidgets_qgraphicssceneevent_sip["qgraphicssceneevent.sip"]\n    Root --> node_venv["venv"]\n    node_venv --> node_venv_lib["lib"]\n    node_venv_lib --> node_venv_lib_python3_12["python3.12"]\n    node_venv_lib_python3_12 --> node_venv_lib_python3_12_site-packages["site-packages"]\n    node_venv_lib_python3_12_site-packages --> node_venv_lib_python3_12_site-packages_PyQt6["PyQt6"]\n    node_venv_lib_python3_12_site-packages_PyQt6 --> node_venv_lib_python3_12_site-packages_PyQt6_bindings["bindings"]\n    node_venv_lib_python3_12_site-packages_PyQt6_bindings --> node_venv_lib_python3_12_site-packages_PyQt6_bindings_QtWidgets["QtWidgets"]\n    node_venv_lib_python3_12_site-packages_PyQt6_bindings_QtWidgets --> node_venv_lib_python3_12_site-packages_PyQt6_bindings_QtWidgets_qgraphicstransform_sip["qgraphicstransform.sip"]\n    Root --> node_venv["venv"]\n    node_venv --> node_venv_lib["lib"]\n    node_venv_lib --> node_venv_lib_python3_12["python3.12"]\n    node_venv_lib_python3_12 --> node_venv_lib_python3_12_site-packages["site-packages"]\n    node_venv_lib_python3_12_site-packages --> node_venv_lib_python3_12_site-packages_PyQt6["PyQt6"]\n    node_venv_lib_python3_12_site-packages_PyQt6 --> node_venv_lib_python3_12_site-packages_PyQt6_bindings["bindings"]\n    node_venv_lib_python3_12_site-packages_PyQt6_bindings --> node_venv_lib_python3_12_site-packages_PyQt6_bindings_QtWidgets["QtWidgets"]\n    node_venv_lib_python3_12_site-packages_PyQt6_bindings_QtWidgets --> node_venv_lib_python3_12_site-packages_PyQt6_bindings_QtWidgets_qgraphicsview_sip["qgraphicsview.sip"]\n    Root --> node_venv["venv"]\n    node_venv --> node_venv_lib["lib"]\n    node_venv_lib --> node_venv_lib_python3_12["python3.12"]\n    node_venv_lib_python3_12 --> node_venv_lib_python3_12_site-packages["site-packages"]\n    node_venv_lib_python3_12_site-packages --> node_venv_lib_python3_12_site-packages_PyQt6["PyQt6"]\n    node_venv_lib_python3_12_site-packages_PyQt6 --> node_venv_lib_python3_12_site-packages_PyQt6_bindings["bindings"]\n    node_venv_lib_python3_12_site-packages_PyQt6_bindings --> node_venv_lib_python3_12_site-packages_PyQt6_bindings_QtWidgets["QtWidgets"]\n    node_venv_lib_python3_12_site-packages_PyQt6_bindings_QtWidgets --> node_venv_lib_python3_12_site-packages_PyQt6_bindings_QtWidgets_qgraphicswidget_sip["qgraphicswidget.sip"]\n    Root --> node_venv["venv"]\n    node_venv --> node_venv_lib["lib"]\n    node_venv_lib --> node_venv_lib_python3_12["python3.12"]\n    node_venv_lib_python3_12 --> node_venv_lib_python3_12_site-packages["site-packages"]\n    node_venv_lib_python3_12_site-packages --> node_venv_lib_python3_12_site-packages_PyQt6["PyQt6"]\n    node_venv_lib_python3_12_site-packages_PyQt6 --> node_venv_lib_python3_12_site-packages_PyQt6_bindings["bindings"]\n    node_venv_lib_python3_12_site-packages_PyQt6_bindings --> node_venv_lib_python3_12_site-packages_PyQt6_bindings_QtWidgets["QtWidgets"]\n    node_venv_lib_python3_12_site-packages_PyQt6_bindings_QtWidgets --> node_venv_lib_python3_12_site-packages_PyQt6_bindings_QtWidgets_qgridlayout_sip["qgridlayout.sip"]\n    Root --> node_venv["venv"]\n    node_venv --> node_venv_lib["lib"]\n    node_venv_lib --> node_venv_lib_python3_12["python3.12"]\n    node_venv_lib_python3_12 --> node_venv_lib_python3_12_site-packages["site-packages"]\n    node_venv_lib_python3_12_site-packages --> node_venv_lib_python3_12_site-packages_PyQt6["PyQt6"]\n    node_venv_lib_python3_12_site-packages_PyQt6 --> node_venv_lib_python3_12_site-packages_PyQt6_bindings["bindings"]\n    node_venv_lib_python3_12_site-packages_PyQt6_bindings --> node_venv_lib_python3_12_site-packages_PyQt6_bindings_QtWidgets["QtWidgets"]\n    node_venv_lib_python3_12_site-packages_PyQt6_bindings_QtWidgets --> node_venv_lib_python3_12_site-packages_PyQt6_bindings_QtWidgets_qgroupbox_sip["qgroupbox.sip"]\n    Root --> node_venv["venv"]\n    node_venv --> node_venv_lib["lib"]\n    node_venv_lib --> node_venv_lib_python3_12["python3.12"]\n    node_venv_lib_python3_12 --> node_venv_lib_python3_12_site-packages["site-packages"]\n    node_venv_lib_python3_12_site-packages --> node_venv_lib_python3_12_site-packages_PyQt6["PyQt6"]\n    node_venv_lib_python3_12_site-packages_PyQt6 --> node_venv_lib_python3_12_site-packages_PyQt6_bindings["bindings"]\n    node_venv_lib_python3_12_site-packages_PyQt6_bindings --> node_venv_lib_python3_12_site-packages_PyQt6_bindings_QtWidgets["QtWidgets"]\n    node_venv_lib_python3_12_site-packages_PyQt6_bindings_QtWidgets --> node_venv_lib_python3_12_site-packages_PyQt6_bindings_QtWidgets_qheaderview_sip["qheaderview.sip"]\n    Root --> node_venv["venv"]\n    node_venv --> node_venv_lib["lib"]\n    node_venv_lib --> node_venv_lib_python3_12["python3.12"]\n    node_venv_lib_python3_12 --> node_venv_lib_python3_12_site-packages["site-packages"]\n    node_venv_lib_python3_12_site-packages --> node_venv_lib_python3_12_site-packages_PyQt6["PyQt6"]\n    node_venv_lib_python3_12_site-packages_PyQt6 --> node_venv_lib_python3_12_site-packages_PyQt6_bindings["bindings"]\n    node_venv_lib_python3_12_site-packages_PyQt6_bindings --> node_venv_lib_python3_12_site-packages_PyQt6_bindings_QtWidgets["QtWidgets"]\n    node_venv_lib_python3_12_site-packages_PyQt6_bindings_QtWidgets --> node_venv_lib_python3_12_site-packages_PyQt6_bindings_QtWidgets_qinputdialog_sip["qinputdialog.sip"]\n    Root --> node_venv["venv"]\n    node_venv --> node_venv_lib["lib"]\n    node_venv_lib --> node_venv_lib_python3_12["python3.12"]\n    node_venv_lib_python3_12 --> node_venv_lib_python3_12_site-packages["site-packages"]\n    node_venv_lib_python3_12_site-packages --> node_venv_lib_python3_12_site-packages_PyQt6["PyQt6"]\n    node_venv_lib_python3_12_site-packages_PyQt6 --> node_venv_lib_python3_12_site-packages_PyQt6_bindings["bindings"]\n    node_venv_lib_python3_12_site-packages_PyQt6_bindings --> node_venv_lib_python3_12_site-packages_PyQt6_bindings_QtWidgets["QtWidgets"]\n    node_venv_lib_python3_12_site-packages_PyQt6_bindings_QtWidgets --> node_venv_lib_python3_12_site-packages_PyQt6_bindings_QtWidgets_qitemdelegate_sip["qitemdelegate.sip"]\n    Root --> node_venv["venv"]\n    node_venv --> node_venv_lib["lib"]\n    node_venv_lib --> node_venv_lib_python3_12["python3.12"]\n    node_venv_lib_python3_12 --> node_venv_lib_python3_12_site-packages["site-packages"]\n    node_venv_lib_python3_12_site-packages --> node_venv_lib_python3_12_site-packages_PyQt6["PyQt6"]\n    node_venv_lib_python3_12_site-packages_PyQt6 --> node_venv_lib_python3_12_site-packages_PyQt6_bindings["bindings"]\n    node_venv_lib_python3_12_site-packages_PyQt6_bindings --> node_venv_lib_python3_12_site-packages_PyQt6_bindings_QtWidgets["QtWidgets"]\n    node_venv_lib_python3_12_site-packages_PyQt6_bindings_QtWidgets --> node_venv_lib_python3_12_site-packages_PyQt6_bindings_QtWidgets_qitemeditorfactory_sip["qitemeditorfactory.sip"]\n    Root --> node_venv["venv"]\n    node_venv --> node_venv_lib["lib"]\n    node_venv_lib --> node_venv_lib_python3_12["python3.12"]\n    node_venv_lib_python3_12 --> node_venv_lib_python3_12_site-packages["site-packages"]\n    node_venv_lib_python3_12_site-packages --> node_venv_lib_python3_12_site-packages_PyQt6["PyQt6"]\n    node_venv_lib_python3_12_site-packages_PyQt6 --> node_venv_lib_python3_12_site-packages_PyQt6_bindings["bindings"]\n    node_venv_lib_python3_12_site-packages_PyQt6_bindings --> node_venv_lib_python3_12_site-packages_PyQt6_bindings_QtWidgets["QtWidgets"]\n    node_venv_lib_python3_12_site-packages_PyQt6_bindings_QtWidgets --> node_venv_lib_python3_12_site-packages_PyQt6_bindings_QtWidgets_qkeysequenceedit_sip["qkeysequenceedit.sip"]\n    Root --> node_venv["venv"]\n    node_venv --> node_venv_lib["lib"]\n    node_venv_lib --> node_venv_lib_python3_12["python3.12"]\n    node_venv_lib_python3_12 --> node_venv_lib_python3_12_site-packages["site-packages"]\n    node_venv_lib_python3_12_site-packages --> node_venv_lib_python3_12_site-packages_PyQt6["PyQt6"]\n    node_venv_lib_python3_12_site-packages_PyQt6 --> node_venv_lib_python3_12_site-packages_PyQt6_bindings["bindings"]\n    node_venv_lib_python3_12_site-packages_PyQt6_bindings --> node_venv_lib_python3_12_site-packages_PyQt6_bindings_QtWidgets["QtWidgets"]\n    node_venv_lib_python3_12_site-packages_PyQt6_bindings_QtWidgets --> node_venv_lib_python3_12_site-packages_PyQt6_bindings_QtWidgets_qlabel_sip["qlabel.sip"]\n    Root --> node_venv["venv"]\n    node_venv --> node_venv_lib["lib"]\n    node_venv_lib --> node_venv_lib_python3_12["python3.12"]\n    node_venv_lib_python3_12 --> node_venv_lib_python3_12_site-packages["site-packages"]\n    node_venv_lib_python3_12_site-packages --> node_venv_lib_python3_12_site-packages_PyQt6["PyQt6"]\n    node_venv_lib_python3_12_site-packages_PyQt6 --> node_venv_lib_python3_12_site-packages_PyQt6_bindings["bindings"]\n    node_venv_lib_python3_12_site-packages_PyQt6_bindings --> node_venv_lib_python3_12_site-packages_PyQt6_bindings_QtWidgets["QtWidgets"]\n    node_venv_lib_python3_12_site-packages_PyQt6_bindings_QtWidgets --> node_venv_lib_python3_12_site-packages_PyQt6_bindings_QtWidgets_qlayout_sip["qlayout.sip"]\n    Root --> node_venv["venv"]\n    node_venv --> node_venv_lib["lib"]\n    node_venv_lib --> node_venv_lib_python3_12["python3.12"]\n    node_venv_lib_python3_12 --> node_venv_lib_python3_12_site-packages["site-packages"]\n    node_venv_lib_python3_12_site-packages --> node_venv_lib_python3_12_site-packages_PyQt6["PyQt6"]\n    node_venv_lib_python3_12_site-packages_PyQt6 --> node_venv_lib_python3_12_site-packages_PyQt6_bindings["bindings"]\n    node_venv_lib_python3_12_site-packages_PyQt6_bindings --> node_venv_lib_python3_12_site-packages_PyQt6_bindings_QtWidgets["QtWidgets"]\n    node_venv_lib_python3_12_site-packages_PyQt6_bindings_QtWidgets --> node_venv_lib_python3_12_site-packages_PyQt6_bindings_QtWidgets_qlayoutitem_sip["qlayoutitem.sip"]\n    Root --> node_venv["venv"]\n    node_venv --> node_venv_lib["lib"]\n    node_venv_lib --> node_venv_lib_python3_12["python3.12"]\n    node_venv_lib_python3_12 --> node_venv_lib_python3_12_site-packages["site-packages"]\n    node_venv_lib_python3_12_site-packages --> node_venv_lib_python3_12_site-packages_PyQt6["PyQt6"]\n    node_venv_lib_python3_12_site-packages_PyQt6 --> node_venv_lib_python3_12_site-packages_PyQt6_bindings["bindings"]\n    node_venv_lib_python3_12_site-packages_PyQt6_bindings --> node_venv_lib_python3_12_site-packages_PyQt6_bindings_QtWidgets["QtWidgets"]\n    node_venv_lib_python3_12_site-packages_PyQt6_bindings_QtWidgets --> node_venv_lib_python3_12_site-packages_PyQt6_bindings_QtWidgets_qlcdnumber_sip["qlcdnumber.sip"]\n    Root --> node_venv["venv"]\n    node_venv --> node_venv_lib["lib"]\n    node_venv_lib --> node_venv_lib_python3_12["python3.12"]\n    node_venv_lib_python3_12 --> node_venv_lib_python3_12_site-packages["site-packages"]\n    node_venv_lib_python3_12_site-packages --> node_venv_lib_python3_12_site-packages_PyQt6["PyQt6"]\n    node_venv_lib_python3_12_site-packages_PyQt6 --> node_venv_lib_python3_12_site-packages_PyQt6_bindings["bindings"]\n    node_venv_lib_python3_12_site-packages_PyQt6_bindings --> node_venv_lib_python3_12_site-packages_PyQt6_bindings_QtWidgets["QtWidgets"]\n    node_venv_lib_python3_12_site-packages_PyQt6_bindings_QtWidgets --> node_venv_lib_python3_12_site-packages_PyQt6_bindings_QtWidgets_qlineedit_sip["qlineedit.sip"]\n    Root --> node_venv["venv"]\n    node_venv --> node_venv_lib["lib"]\n    node_venv_lib --> node_venv_lib_python3_12["python3.12"]\n    node_venv_lib_python3_12 --> node_venv_lib_python3_12_site-packages["site-packages"]\n    node_venv_lib_python3_12_site-packages --> node_venv_lib_python3_12_site-packages_PyQt6["PyQt6"]\n    node_venv_lib_python3_12_site-packages_PyQt6 --> node_venv_lib_python3_12_site-packages_PyQt6_bindings["bindings"]\n    node_venv_lib_python3_12_site-packages_PyQt6_bindings --> node_venv_lib_python3_12_site-packages_PyQt6_bindings_QtWidgets["QtWidgets"]\n    node_venv_lib_python3_12_site-packages_PyQt6_bindings_QtWidgets --> node_venv_lib_python3_12_site-packages_PyQt6_bindings_QtWidgets_qlistview_sip["qlistview.sip"]\n    Root --> node_venv["venv"]\n    node_venv --> node_venv_lib["lib"]\n    node_venv_lib --> node_venv_lib_python3_12["python3.12"]\n    node_venv_lib_python3_12 --> node_venv_lib_python3_12_site-packages["site-packages"]\n    node_venv_lib_python3_12_site-packages --> node_venv_lib_python3_12_site-packages_PyQt6["PyQt6"]\n    node_venv_lib_python3_12_site-packages_PyQt6 --> node_venv_lib_python3_12_site-packages_PyQt6_bindings["bindings"]\n    node_venv_lib_python3_12_site-packages_PyQt6_bindings --> node_venv_lib_python3_12_site-packages_PyQt6_bindings_QtWidgets["QtWidgets"]\n    node_venv_lib_python3_12_site-packages_PyQt6_bindings_QtWidgets --> node_venv_lib_python3_12_site-packages_PyQt6_bindings_QtWidgets_qlistwidget_sip["qlistwidget.sip"]\n    Root --> node_venv["venv"]\n    node_venv --> node_venv_lib["lib"]\n    node_venv_lib --> node_venv_lib_python3_12["python3.12"]\n    node_venv_lib_python3_12 --> node_venv_lib_python3_12_site-packages["site-packages"]\n    node_venv_lib_python3_12_site-packages --> node_venv_lib_python3_12_site-packages_PyQt6["PyQt6"]\n    node_venv_lib_python3_12_site-packages_PyQt6 --> node_venv_lib_python3_12_site-packages_PyQt6_bindings["bindings"]\n    node_venv_lib_python3_12_site-packages_PyQt6_bindings --> node_venv_lib_python3_12_site-packages_PyQt6_bindings_QtWidgets["QtWidgets"]\n    node_venv_lib_python3_12_site-packages_PyQt6_bindings_QtWidgets --> node_venv_lib_python3_12_site-packages_PyQt6_bindings_QtWidgets_qmainwindow_sip["qmainwindow.sip"]\n    Root --> node_venv["venv"]\n    node_venv --> node_venv_lib["lib"]\n    node_venv_lib --> node_venv_lib_python3_12["python3.12"]\n    node_venv_lib_python3_12 --> node_venv_lib_python3_12_site-packages["site-packages"]\n    node_venv_lib_python3_12_site-packages --> node_venv_lib_python3_12_site-packages_PyQt6["PyQt6"]\n    node_venv_lib_python3_12_site-packages_PyQt6 --> node_venv_lib_python3_12_site-packages_PyQt6_bindings["bindings"]\n    node_venv_lib_python3_12_site-packages_PyQt6_bindings --> node_venv_lib_python3_12_site-packages_PyQt6_bindings_QtWidgets["QtWidgets"]\n    node_venv_lib_python3_12_site-packages_PyQt6_bindings_QtWidgets --> node_venv_lib_python3_12_site-packages_PyQt6_bindings_QtWidgets_qmdiarea_sip["qmdiarea.sip"]\n    Root --> node_venv["venv"]\n    node_venv --> node_venv_lib["lib"]\n    node_venv_lib --> node_venv_lib_python3_12["python3.12"]\n    node_venv_lib_python3_12 --> node_venv_lib_python3_12_site-packages["site-packages"]\n    node_venv_lib_python3_12_site-packages --> node_venv_lib_python3_12_site-packages_PyQt6["PyQt6"]\n    node_venv_lib_python3_12_site-packages_PyQt6 --> node_venv_lib_python3_12_site-packages_PyQt6_bindings["bindings"]\n    node_venv_lib_python3_12_site-packages_PyQt6_bindings --> node_venv_lib_python3_12_site-packages_PyQt6_bindings_QtWidgets["QtWidgets"]\n    node_venv_lib_python3_12_site-packages_PyQt6_bindings_QtWidgets --> node_venv_lib_python3_12_site-packages_PyQt6_bindings_QtWidgets_qmdisubwindow_sip["qmdisubwindow.sip"]\n    Root --> node_venv["venv"]\n    node_venv --> node_venv_lib["lib"]\n    node_venv_lib --> node_venv_lib_python3_12["python3.12"]\n    node_venv_lib_python3_12 --> node_venv_lib_python3_12_site-packages["site-packages"]\n    node_venv_lib_python3_12_site-packages --> node_venv_lib_python3_12_site-packages_PyQt6["PyQt6"]\n    node_venv_lib_python3_12_site-packages_PyQt6 --> node_venv_lib_python3_12_site-packages_PyQt6_bindings["bindings"]\n    node_venv_lib_python3_12_site-packages_PyQt6_bindings --> node_venv_lib_python3_12_site-packages_PyQt6_bindings_QtWidgets["QtWidgets"]\n    node_venv_lib_python3_12_site-packages_PyQt6_bindings_QtWidgets --> node_venv_lib_python3_12_site-packages_PyQt6_bindings_QtWidgets_qmenu_sip["qmenu.sip"]\n    Root --> node_venv["venv"]\n    node_venv --> node_venv_lib["lib"]\n    node_venv_lib --> node_venv_lib_python3_12["python3.12"]\n    node_venv_lib_python3_12 --> node_venv_lib_python3_12_site-packages["site-packages"]\n    node_venv_lib_python3_12_site-packages --> node_venv_lib_python3_12_site-packages_PyQt6["PyQt6"]\n    node_venv_lib_python3_12_site-packages_PyQt6 --> node_venv_lib_python3_12_site-packages_PyQt6_bindings["bindings"]\n    node_venv_lib_python3_12_site-packages_PyQt6_bindings --> node_venv_lib_python3_12_site-packages_PyQt6_bindings_QtWidgets["QtWidgets"]\n    node_venv_lib_python3_12_site-packages_PyQt6_bindings_QtWidgets --> node_venv_lib_python3_12_site-packages_PyQt6_bindings_QtWidgets_qmenubar_sip["qmenubar.sip"]\n    Root --> node_venv["venv"]\n    node_venv --> node_venv_lib["lib"]\n    node_venv_lib --> node_venv_lib_python3_12["python3.12"]\n    node_venv_lib_python3_12 --> node_venv_lib_python3_12_site-packages["site-packages"]\n    node_venv_lib_python3_12_site-packages --> node_venv_lib_python3_12_site-packages_PyQt6["PyQt6"]\n    node_venv_lib_python3_12_site-packages_PyQt6 --> node_venv_lib_python3_12_site-packages_PyQt6_bindings["bindings"]\n    node_venv_lib_python3_12_site-packages_PyQt6_bindings --> node_venv_lib_python3_12_site-packages_PyQt6_bindings_QtWidgets["QtWidgets"]\n    node_venv_lib_python3_12_site-packages_PyQt6_bindings_QtWidgets --> node_venv_lib_python3_12_site-packages_PyQt6_bindings_QtWidgets_qmessagebox_sip["qmessagebox.sip"]\n    Root --> node_venv["venv"]\n    node_venv --> node_venv_lib["lib"]\n    node_venv_lib --> node_venv_lib_python3_12["python3.12"]\n    node_venv_lib_python3_12 --> node_venv_lib_python3_12_site-packages["site-packages"]\n    node_venv_lib_python3_12_site-packages --> node_venv_lib_python3_12_site-packages_PyQt6["PyQt6"]\n    node_venv_lib_python3_12_site-packages_PyQt6 --> node_venv_lib_python3_12_site-packages_PyQt6_bindings["bindings"]\n    node_venv_lib_python3_12_site-packages_PyQt6_bindings --> node_venv_lib_python3_12_site-packages_PyQt6_bindings_QtWidgets["QtWidgets"]\n    node_venv_lib_python3_12_site-packages_PyQt6_bindings_QtWidgets --> node_venv_lib_python3_12_site-packages_PyQt6_bindings_QtWidgets_qplaintextedit_sip["qplaintextedit.sip"]\n    Root --> node_venv["venv"]\n    node_venv --> node_venv_lib["lib"]\n    node_venv_lib --> node_venv_lib_python3_12["python3.12"]\n    node_venv_lib_python3_12 --> node_venv_lib_python3_12_site-packages["site-packages"]\n    node_venv_lib_python3_12_site-packages --> node_venv_lib_python3_12_site-packages_PyQt6["PyQt6"]\n    node_venv_lib_python3_12_site-packages_PyQt6 --> node_venv_lib_python3_12_site-packages_PyQt6_bindings["bindings"]\n    node_venv_lib_python3_12_site-packages_PyQt6_bindings --> node_venv_lib_python3_12_site-packages_PyQt6_bindings_QtWidgets["QtWidgets"]\n    node_venv_lib_python3_12_site-packages_PyQt6_bindings_QtWidgets --> node_venv_lib_python3_12_site-packages_PyQt6_bindings_QtWidgets_qprogressbar_sip["qprogressbar.sip"]\n    Root --> node_venv["venv"]\n    node_venv --> node_venv_lib["lib"]\n    node_venv_lib --> node_venv_lib_python3_12["python3.12"]\n    node_venv_lib_python3_12 --> node_venv_lib_python3_12_site-packages["site-packages"]\n    node_venv_lib_python3_12_site-packages --> node_venv_lib_python3_12_site-packages_PyQt6["PyQt6"]\n    node_venv_lib_python3_12_site-packages_PyQt6 --> node_venv_lib_python3_12_site-packages_PyQt6_bindings["bindings"]\n    node_venv_lib_python3_12_site-packages_PyQt6_bindings --> node_venv_lib_python3_12_site-packages_PyQt6_bindings_QtWidgets["QtWidgets"]\n    node_venv_lib_python3_12_site-packages_PyQt6_bindings_QtWidgets --> node_venv_lib_python3_12_site-packages_PyQt6_bindings_QtWidgets_qprogressdialog_sip["qprogressdialog.sip"]\n    Root --> node_venv["venv"]\n    node_venv --> node_venv_lib["lib"]\n    node_venv_lib --> node_venv_lib_python3_12["python3.12"]\n    node_venv_lib_python3_12 --> node_venv_lib_python3_12_site-packages["site-packages"]\n    node_venv_lib_python3_12_site-packages --> node_venv_lib_python3_12_site-packages_PyQt6["PyQt6"]\n    node_venv_lib_python3_12_site-packages_PyQt6 --> node_venv_lib_python3_12_site-packages_PyQt6_bindings["bindings"]\n    node_venv_lib_python3_12_site-packages_PyQt6_bindings --> node_venv_lib_python3_12_site-packages_PyQt6_bindings_QtWidgets["QtWidgets"]\n    node_venv_lib_python3_12_site-packages_PyQt6_bindings_QtWidgets --> node_venv_lib_python3_12_site-packages_PyQt6_bindings_QtWidgets_qproxystyle_sip["qproxystyle.sip"]\n    Root --> node_venv["venv"]\n    node_venv --> node_venv_lib["lib"]\n    node_venv_lib --> node_venv_lib_python3_12["python3.12"]\n    node_venv_lib_python3_12 --> node_venv_lib_python3_12_site-packages["site-packages"]\n    node_venv_lib_python3_12_site-packages --> node_venv_lib_python3_12_site-packages_PyQt6["PyQt6"]\n    node_venv_lib_python3_12_site-packages_PyQt6 --> node_venv_lib_python3_12_site-packages_PyQt6_bindings["bindings"]\n    node_venv_lib_python3_12_site-packages_PyQt6_bindings --> node_venv_lib_python3_12_site-packages_PyQt6_bindings_QtWidgets["QtWidgets"]\n    node_venv_lib_python3_12_site-packages_PyQt6_bindings_QtWidgets --> node_venv_lib_python3_12_site-packages_PyQt6_bindings_QtWidgets_qpushbutton_sip["qpushbutton.sip"]\n    Root --> node_venv["venv"]\n    node_venv --> node_venv_lib["lib"]\n    node_venv_lib --> node_venv_lib_python3_12["python3.12"]\n    node_venv_lib_python3_12 --> node_venv_lib_python3_12_site-packages["site-packages"]\n    node_venv_lib_python3_12_site-packages --> node_venv_lib_python3_12_site-packages_PyQt6["PyQt6"]\n    node_venv_lib_python3_12_site-packages_PyQt6 --> node_venv_lib_python3_12_site-packages_PyQt6_bindings["bindings"]\n    node_venv_lib_python3_12_site-packages_PyQt6_bindings --> node_venv_lib_python3_12_site-packages_PyQt6_bindings_QtWidgets["QtWidgets"]\n    node_venv_lib_python3_12_site-packages_PyQt6_bindings_QtWidgets --> node_venv_lib_python3_12_site-packages_PyQt6_bindings_QtWidgets_qpywidgets_qlist_sip["qpywidgets_qlist.sip"]\n    Root --> node_venv["venv"]\n    node_venv --> node_venv_lib["lib"]\n    node_venv_lib --> node_venv_lib_python3_12["python3.12"]\n    node_venv_lib_python3_12 --> node_venv_lib_python3_12_site-packages["site-packages"]\n    node_venv_lib_python3_12_site-packages --> node_venv_lib_python3_12_site-packages_PyQt6["PyQt6"]\n    node_venv_lib_python3_12_site-packages_PyQt6 --> node_venv_lib_python3_12_site-packages_PyQt6_bindings["bindings"]\n    node_venv_lib_python3_12_site-packages_PyQt6_bindings --> node_venv_lib_python3_12_site-packages_PyQt6_bindings_QtWidgets["QtWidgets"]\n    node_venv_lib_python3_12_site-packages_PyQt6_bindings_QtWidgets --> node_venv_lib_python3_12_site-packages_PyQt6_bindings_QtWidgets_qradiobutton_sip["qradiobutton.sip"]\n    Root --> node_venv["venv"]\n    node_venv --> node_venv_lib["lib"]\n    node_venv_lib --> node_venv_lib_python3_12["python3.12"]\n    node_venv_lib_python3_12 --> node_venv_lib_python3_12_site-packages["site-packages"]\n    node_venv_lib_python3_12_site-packages --> node_venv_lib_python3_12_site-packages_PyQt6["PyQt6"]\n    node_venv_lib_python3_12_site-packages_PyQt6 --> node_venv_lib_python3_12_site-packages_PyQt6_bindings["bindings"]\n    node_venv_lib_python3_12_site-packages_PyQt6_bindings --> node_venv_lib_python3_12_site-packages_PyQt6_bindings_QtWidgets["QtWidgets"]\n    node_venv_lib_python3_12_site-packages_PyQt6_bindings_QtWidgets --> node_venv_lib_python3_12_site-packages_PyQt6_bindings_QtWidgets_qrubberband_sip["qrubberband.sip"]\n    Root --> node_venv["venv"]\n    node_venv --> node_venv_lib["lib"]\n    node_venv_lib --> node_venv_lib_python3_12["python3.12"]\n    node_venv_lib_python3_12 --> node_venv_lib_python3_12_site-packages["site-packages"]\n    node_venv_lib_python3_12_site-packages --> node_venv_lib_python3_12_site-packages_PyQt6["PyQt6"]\n    node_venv_lib_python3_12_site-packages_PyQt6 --> node_venv_lib_python3_12_site-packages_PyQt6_bindings["bindings"]\n    node_venv_lib_python3_12_site-packages_PyQt6_bindings --> node_venv_lib_python3_12_site-packages_PyQt6_bindings_QtWidgets["QtWidgets"]\n    node_venv_lib_python3_12_site-packages_PyQt6_bindings_QtWidgets --> node_venv_lib_python3_12_site-packages_PyQt6_bindings_QtWidgets_qscrollarea_sip["qscrollarea.sip"]\n    Root --> node_venv["venv"]\n    node_venv --> node_venv_lib["lib"]\n    node_venv_lib --> node_venv_lib_python3_12["python3.12"]\n    node_venv_lib_python3_12 --> node_venv_lib_python3_12_site-packages["site-packages"]\n    node_venv_lib_python3_12_site-packages --> node_venv_lib_python3_12_site-packages_PyQt6["PyQt6"]\n    node_venv_lib_python3_12_site-packages_PyQt6 --> node_venv_lib_python3_12_site-packages_PyQt6_bindings["bindings"]\n    node_venv_lib_python3_12_site-packages_PyQt6_bindings --> node_venv_lib_python3_12_site-packages_PyQt6_bindings_QtWidgets["QtWidgets"]\n    node_venv_lib_python3_12_site-packages_PyQt6_bindings_QtWidgets --> node_venv_lib_python3_12_site-packages_PyQt6_bindings_QtWidgets_qscrollbar_sip["qscrollbar.sip"]\n    Root --> node_venv["venv"]\n    node_venv --> node_venv_lib["lib"]\n    node_venv_lib --> node_venv_lib_python3_12["python3.12"]\n    node_venv_lib_python3_12 --> node_venv_lib_python3_12_site-packages["site-packages"]\n    node_venv_lib_python3_12_site-packages --> node_venv_lib_python3_12_site-packages_PyQt6["PyQt6"]\n    node_venv_lib_python3_12_site-packages_PyQt6 --> node_venv_lib_python3_12_site-packages_PyQt6_bindings["bindings"]\n    node_venv_lib_python3_12_site-packages_PyQt6_bindings --> node_venv_lib_python3_12_site-packages_PyQt6_bindings_QtWidgets["QtWidgets"]\n    node_venv_lib_python3_12_site-packages_PyQt6_bindings_QtWidgets --> node_venv_lib_python3_12_site-packages_PyQt6_bindings_QtWidgets_qscroller_sip["qscroller.sip"]\n    Root --> node_venv["venv"]\n    node_venv --> node_venv_lib["lib"]\n    node_venv_lib --> node_venv_lib_python3_12["python3.12"]\n    node_venv_lib_python3_12 --> node_venv_lib_python3_12_site-packages["site-packages"]\n    node_venv_lib_python3_12_site-packages --> node_venv_lib_python3_12_site-packages_PyQt6["PyQt6"]\n    node_venv_lib_python3_12_site-packages_PyQt6 --> node_venv_lib_python3_12_site-packages_PyQt6_bindings["bindings"]\n    node_venv_lib_python3_12_site-packages_PyQt6_bindings --> node_venv_lib_python3_12_site-packages_PyQt6_bindings_QtWidgets["QtWidgets"]\n    node_venv_lib_python3_12_site-packages_PyQt6_bindings_QtWidgets --> node_venv_lib_python3_12_site-packages_PyQt6_bindings_QtWidgets_qscrollerproperties_sip["qscrollerproperties.sip"]\n    Root --> node_venv["venv"]\n    node_venv --> node_venv_lib["lib"]\n    node_venv_lib --> node_venv_lib_python3_12["python3.12"]\n    node_venv_lib_python3_12 --> node_venv_lib_python3_12_site-packages["site-packages"]\n    node_venv_lib_python3_12_site-packages --> node_venv_lib_python3_12_site-packages_PyQt6["PyQt6"]\n    node_venv_lib_python3_12_site-packages_PyQt6 --> node_venv_lib_python3_12_site-packages_PyQt6_bindings["bindings"]\n    node_venv_lib_python3_12_site-packages_PyQt6_bindings --> node_venv_lib_python3_12_site-packages_PyQt6_bindings_QtWidgets["QtWidgets"]\n    node_venv_lib_python3_12_site-packages_PyQt6_bindings_QtWidgets --> node_venv_lib_python3_12_site-packages_PyQt6_bindings_QtWidgets_qsizegrip_sip["qsizegrip.sip"]\n    Root --> node_venv["venv"]\n    node_venv --> node_venv_lib["lib"]\n    node_venv_lib --> node_venv_lib_python3_12["python3.12"]\n    node_venv_lib_python3_12 --> node_venv_lib_python3_12_site-packages["site-packages"]\n    node_venv_lib_python3_12_site-packages --> node_venv_lib_python3_12_site-packages_PyQt6["PyQt6"]\n    node_venv_lib_python3_12_site-packages_PyQt6 --> node_venv_lib_python3_12_site-packages_PyQt6_bindings["bindings"]\n    node_venv_lib_python3_12_site-packages_PyQt6_bindings --> node_venv_lib_python3_12_site-packages_PyQt6_bindings_QtWidgets["QtWidgets"]\n    node_venv_lib_python3_12_site-packages_PyQt6_bindings_QtWidgets --> node_venv_lib_python3_12_site-packages_PyQt6_bindings_QtWidgets_qsizepolicy_sip["qsizepolicy.sip"]\n    Root --> node_venv["venv"]\n    node_venv --> node_venv_lib["lib"]\n    node_venv_lib --> node_venv_lib_python3_12["python3.12"]\n    node_venv_lib_python3_12 --> node_venv_lib_python3_12_site-packages["site-packages"]\n    node_venv_lib_python3_12_site-packages --> node_venv_lib_python3_12_site-packages_PyQt6["PyQt6"]\n    node_venv_lib_python3_12_site-packages_PyQt6 --> node_venv_lib_python3_12_site-packages_PyQt6_bindings["bindings"]\n    node_venv_lib_python3_12_site-packages_PyQt6_bindings --> node_venv_lib_python3_12_site-packages_PyQt6_bindings_QtWidgets["QtWidgets"]\n    node_venv_lib_python3_12_site-packages_PyQt6_bindings_QtWidgets --> node_venv_lib_python3_12_site-packages_PyQt6_bindings_QtWidgets_qslider_sip["qslider.sip"]\n    Root --> node_venv["venv"]\n    node_venv --> node_venv_lib["lib"]\n    node_venv_lib --> node_venv_lib_python3_12["python3.12"]\n    node_venv_lib_python3_12 --> node_venv_lib_python3_12_site-packages["site-packages"]\n    node_venv_lib_python3_12_site-packages --> node_venv_lib_python3_12_site-packages_PyQt6["PyQt6"]\n    node_venv_lib_python3_12_site-packages_PyQt6 --> node_venv_lib_python3_12_site-packages_PyQt6_bindings["bindings"]\n    node_venv_lib_python3_12_site-packages_PyQt6_bindings --> node_venv_lib_python3_12_site-packages_PyQt6_bindings_QtWidgets["QtWidgets"]\n    node_venv_lib_python3_12_site-packages_PyQt6_bindings_QtWidgets --> node_venv_lib_python3_12_site-packages_PyQt6_bindings_QtWidgets_qspinbox_sip["qspinbox.sip"]\n    Root --> node_venv["venv"]\n    node_venv --> node_venv_lib["lib"]\n    node_venv_lib --> node_venv_lib_python3_12["python3.12"]\n    node_venv_lib_python3_12 --> node_venv_lib_python3_12_site-packages["site-packages"]\n    node_venv_lib_python3_12_site-packages --> node_venv_lib_python3_12_site-packages_PyQt6["PyQt6"]\n    node_venv_lib_python3_12_site-packages_PyQt6 --> node_venv_lib_python3_12_site-packages_PyQt6_bindings["bindings"]\n    node_venv_lib_python3_12_site-packages_PyQt6_bindings --> node_venv_lib_python3_12_site-packages_PyQt6_bindings_QtWidgets["QtWidgets"]\n    node_venv_lib_python3_12_site-packages_PyQt6_bindings_QtWidgets --> node_venv_lib_python3_12_site-packages_PyQt6_bindings_QtWidgets_qsplashscreen_sip["qsplashscreen.sip"]\n    Root --> node_venv["venv"]\n    node_venv --> node_venv_lib["lib"]\n    node_venv_lib --> node_venv_lib_python3_12["python3.12"]\n    node_venv_lib_python3_12 --> node_venv_lib_python3_12_site-packages["site-packages"]\n    node_venv_lib_python3_12_site-packages --> node_venv_lib_python3_12_site-packages_PyQt6["PyQt6"]\n    node_venv_lib_python3_12_site-packages_PyQt6 --> node_venv_lib_python3_12_site-packages_PyQt6_bindings["bindings"]\n    node_venv_lib_python3_12_site-packages_PyQt6_bindings --> node_venv_lib_python3_12_site-packages_PyQt6_bindings_QtWidgets["QtWidgets"]\n    node_venv_lib_python3_12_site-packages_PyQt6_bindings_QtWidgets --> node_venv_lib_python3_12_site-packages_PyQt6_bindings_QtWidgets_qsplitter_sip["qsplitter.sip"]\n    Root --> node_venv["venv"]\n    node_venv --> node_venv_lib["lib"]\n    node_venv_lib --> node_venv_lib_python3_12["python3.12"]\n    node_venv_lib_python3_12 --> node_venv_lib_python3_12_site-packages["site-packages"]\n    node_venv_lib_python3_12_site-packages --> node_venv_lib_python3_12_site-packages_PyQt6["PyQt6"]\n    node_venv_lib_python3_12_site-packages_PyQt6 --> node_venv_lib_python3_12_site-packages_PyQt6_bindings["bindings"]\n    node_venv_lib_python3_12_site-packages_PyQt6_bindings --> node_venv_lib_python3_12_site-packages_PyQt6_bindings_QtWidgets["QtWidgets"]\n    node_venv_lib_python3_12_site-packages_PyQt6_bindings_QtWidgets --> node_venv_lib_python3_12_site-packages_PyQt6_bindings_QtWidgets_qstackedlayout_sip["qstackedlayout.sip"]\n    Root --> node_venv["venv"]\n    node_venv --> node_venv_lib["lib"]\n    node_venv_lib --> node_venv_lib_python3_12["python3.12"]\n    node_venv_lib_python3_12 --> node_venv_lib_python3_12_site-packages["site-packages"]\n    node_venv_lib_python3_12_site-packages --> node_venv_lib_python3_12_site-packages_PyQt6["PyQt6"]\n    node_venv_lib_python3_12_site-packages_PyQt6 --> node_venv_lib_python3_12_site-packages_PyQt6_bindings["bindings"]\n    node_venv_lib_python3_12_site-packages_PyQt6_bindings --> node_venv_lib_python3_12_site-packages_PyQt6_bindings_QtWidgets["QtWidgets"]\n    node_venv_lib_python3_12_site-packages_PyQt6_bindings_QtWidgets --> node_venv_lib_python3_12_site-packages_PyQt6_bindings_QtWidgets_qstackedwidget_sip["qstackedwidget.sip"]\n    Root --> node_venv["venv"]\n    node_venv --> node_venv_lib["lib"]\n    node_venv_lib --> node_venv_lib_python3_12["python3.12"]\n    node_venv_lib_python3_12 --> node_venv_lib_python3_12_site-packages["site-packages"]\n    node_venv_lib_python3_12_site-packages --> node_venv_lib_python3_12_site-packages_PyQt6["PyQt6"]\n    node_venv_lib_python3_12_site-packages_PyQt6 --> node_venv_lib_python3_12_site-packages_PyQt6_bindings["bindings"]\n    node_venv_lib_python3_12_site-packages_PyQt6_bindings --> node_venv_lib_python3_12_site-packages_PyQt6_bindings_QtWidgets["QtWidgets"]\n    node_venv_lib_python3_12_site-packages_PyQt6_bindings_QtWidgets --> node_venv_lib_python3_12_site-packages_PyQt6_bindings_QtWidgets_qstatusbar_sip["qstatusbar.sip"]\n    Root --> node_venv["venv"]\n    node_venv --> node_venv_lib["lib"]\n    node_venv_lib --> node_venv_lib_python3_12["python3.12"]\n    node_venv_lib_python3_12 --> node_venv_lib_python3_12_site-packages["site-packages"]\n    node_venv_lib_python3_12_site-packages --> node_venv_lib_python3_12_site-packages_PyQt6["PyQt6"]\n    node_venv_lib_python3_12_site-packages_PyQt6 --> node_venv_lib_python3_12_site-packages_PyQt6_bindings["bindings"]\n    node_venv_lib_python3_12_site-packages_PyQt6_bindings --> node_venv_lib_python3_12_site-packages_PyQt6_bindings_QtWidgets["QtWidgets"]\n    node_venv_lib_python3_12_site-packages_PyQt6_bindings_QtWidgets --> node_venv_lib_python3_12_site-packages_PyQt6_bindings_QtWidgets_qstyle_sip["qstyle.sip"]\n    Root --> node_venv["venv"]\n    node_venv --> node_venv_lib["lib"]\n    node_venv_lib --> node_venv_lib_python3_12["python3.12"]\n    node_venv_lib_python3_12 --> node_venv_lib_python3_12_site-packages["site-packages"]\n    node_venv_lib_python3_12_site-packages --> node_venv_lib_python3_12_site-packages_PyQt6["PyQt6"]\n    node_venv_lib_python3_12_site-packages_PyQt6 --> node_venv_lib_python3_12_site-packages_PyQt6_bindings["bindings"]\n    node_venv_lib_python3_12_site-packages_PyQt6_bindings --> node_venv_lib_python3_12_site-packages_PyQt6_bindings_QtWidgets["QtWidgets"]\n    node_venv_lib_python3_12_site-packages_PyQt6_bindings_QtWidgets --> node_venv_lib_python3_12_site-packages_PyQt6_bindings_QtWidgets_qstyleditemdelegate_sip["qstyleditemdelegate.sip"]\n    Root --> node_venv["venv"]\n    node_venv --> node_venv_lib["lib"]\n    node_venv_lib --> node_venv_lib_python3_12["python3.12"]\n    node_venv_lib_python3_12 --> node_venv_lib_python3_12_site-packages["site-packages"]\n    node_venv_lib_python3_12_site-packages --> node_venv_lib_python3_12_site-packages_PyQt6["PyQt6"]\n    node_venv_lib_python3_12_site-packages_PyQt6 --> node_venv_lib_python3_12_site-packages_PyQt6_bindings["bindings"]\n    node_venv_lib_python3_12_site-packages_PyQt6_bindings --> node_venv_lib_python3_12_site-packages_PyQt6_bindings_QtWidgets["QtWidgets"]\n    node_venv_lib_python3_12_site-packages_PyQt6_bindings_QtWidgets --> node_venv_lib_python3_12_site-packages_PyQt6_bindings_QtWidgets_qstylefactory_sip["qstylefactory.sip"]\n    Root --> node_venv["venv"]\n    node_venv --> node_venv_lib["lib"]\n    node_venv_lib --> node_venv_lib_python3_12["python3.12"]\n    node_venv_lib_python3_12 --> node_venv_lib_python3_12_site-packages["site-packages"]\n    node_venv_lib_python3_12_site-packages --> node_venv_lib_python3_12_site-packages_PyQt6["PyQt6"]\n    node_venv_lib_python3_12_site-packages_PyQt6 --> node_venv_lib_python3_12_site-packages_PyQt6_bindings["bindings"]\n    node_venv_lib_python3_12_site-packages_PyQt6_bindings --> node_venv_lib_python3_12_site-packages_PyQt6_bindings_QtWidgets["QtWidgets"]\n    node_venv_lib_python3_12_site-packages_PyQt6_bindings_QtWidgets --> node_venv_lib_python3_12_site-packages_PyQt6_bindings_QtWidgets_qstyleoption_sip["qstyleoption.sip"]\n    Root --> node_venv["venv"]\n    node_venv --> node_venv_lib["lib"]\n    node_venv_lib --> node_venv_lib_python3_12["python3.12"]\n    node_venv_lib_python3_12 --> node_venv_lib_python3_12_site-packages["site-packages"]\n    node_venv_lib_python3_12_site-packages --> node_venv_lib_python3_12_site-packages_PyQt6["PyQt6"]\n    node_venv_lib_python3_12_site-packages_PyQt6 --> node_venv_lib_python3_12_site-packages_PyQt6_bindings["bindings"]\n    node_venv_lib_python3_12_site-packages_PyQt6_bindings --> node_venv_lib_python3_12_site-packages_PyQt6_bindings_QtWidgets["QtWidgets"]\n    node_venv_lib_python3_12_site-packages_PyQt6_bindings_QtWidgets --> node_venv_lib_python3_12_site-packages_PyQt6_bindings_QtWidgets_qstylepainter_sip["qstylepainter.sip"]\n    Root --> node_venv["venv"]\n    node_venv --> node_venv_lib["lib"]\n    node_venv_lib --> node_venv_lib_python3_12["python3.12"]\n    node_venv_lib_python3_12 --> node_venv_lib_python3_12_site-packages["site-packages"]\n    node_venv_lib_python3_12_site-packages --> node_venv_lib_python3_12_site-packages_PyQt6["PyQt6"]\n    node_venv_lib_python3_12_site-packages_PyQt6 --> node_venv_lib_python3_12_site-packages_PyQt6_bindings["bindings"]\n    node_venv_lib_python3_12_site-packages_PyQt6_bindings --> node_venv_lib_python3_12_site-packages_PyQt6_bindings_QtWidgets["QtWidgets"]\n    node_venv_lib_python3_12_site-packages_PyQt6_bindings_QtWidgets --> node_venv_lib_python3_12_site-packages_PyQt6_bindings_QtWidgets_qsystemtrayicon_sip["qsystemtrayicon.sip"]\n    Root --> node_venv["venv"]\n    node_venv --> node_venv_lib["lib"]\n    node_venv_lib --> node_venv_lib_python3_12["python3.12"]\n    node_venv_lib_python3_12 --> node_venv_lib_python3_12_site-packages["site-packages"]\n    node_venv_lib_python3_12_site-packages --> node_venv_lib_python3_12_site-packages_PyQt6["PyQt6"]\n    node_venv_lib_python3_12_site-packages_PyQt6 --> node_venv_lib_python3_12_site-packages_PyQt6_bindings["bindings"]\n    node_venv_lib_python3_12_site-packages_PyQt6_bindings --> node_venv_lib_python3_12_site-packages_PyQt6_bindings_QtWidgets["QtWidgets"]\n    node_venv_lib_python3_12_site-packages_PyQt6_bindings_QtWidgets --> node_venv_lib_python3_12_site-packages_PyQt6_bindings_QtWidgets_qtabbar_sip["qtabbar.sip"]\n    Root --> node_venv["venv"]\n    node_venv --> node_venv_lib["lib"]\n    node_venv_lib --> node_venv_lib_python3_12["python3.12"]\n    node_venv_lib_python3_12 --> node_venv_lib_python3_12_site-packages["site-packages"]\n    node_venv_lib_python3_12_site-packages --> node_venv_lib_python3_12_site-packages_PyQt6["PyQt6"]\n    node_venv_lib_python3_12_site-packages_PyQt6 --> node_venv_lib_python3_12_site-packages_PyQt6_bindings["bindings"]\n    node_venv_lib_python3_12_site-packages_PyQt6_bindings --> node_venv_lib_python3_12_site-packages_PyQt6_bindings_QtWidgets["QtWidgets"]\n    node_venv_lib_python3_12_site-packages_PyQt6_bindings_QtWidgets --> node_venv_lib_python3_12_site-packages_PyQt6_bindings_QtWidgets_qtableview_sip["qtableview.sip"]\n    Root --> node_venv["venv"]\n    node_venv --> node_venv_lib["lib"]\n    node_venv_lib --> node_venv_lib_python3_12["python3.12"]\n    node_venv_lib_python3_12 --> node_venv_lib_python3_12_site-packages["site-packages"]\n    node_venv_lib_python3_12_site-packages --> node_venv_lib_python3_12_site-packages_PyQt6["PyQt6"]\n    node_venv_lib_python3_12_site-packages_PyQt6 --> node_venv_lib_python3_12_site-packages_PyQt6_bindings["bindings"]\n    node_venv_lib_python3_12_site-packages_PyQt6_bindings --> node_venv_lib_python3_12_site-packages_PyQt6_bindings_QtWidgets["QtWidgets"]\n    node_venv_lib_python3_12_site-packages_PyQt6_bindings_QtWidgets --> node_venv_lib_python3_12_site-packages_PyQt6_bindings_QtWidgets_qtablewidget_sip["qtablewidget.sip"]\n    Root --> node_venv["venv"]\n    node_venv --> node_venv_lib["lib"]\n    node_venv_lib --> node_venv_lib_python3_12["python3.12"]\n    node_venv_lib_python3_12 --> node_venv_lib_python3_12_site-packages["site-packages"]\n    node_venv_lib_python3_12_site-packages --> node_venv_lib_python3_12_site-packages_PyQt6["PyQt6"]\n    node_venv_lib_python3_12_site-packages_PyQt6 --> node_venv_lib_python3_12_site-packages_PyQt6_bindings["bindings"]\n    node_venv_lib_python3_12_site-packages_PyQt6_bindings --> node_venv_lib_python3_12_site-packages_PyQt6_bindings_QtWidgets["QtWidgets"]\n    node_venv_lib_python3_12_site-packages_PyQt6_bindings_QtWidgets --> node_venv_lib_python3_12_site-packages_PyQt6_bindings_QtWidgets_qtabwidget_sip["qtabwidget.sip"]\n    Root --> node_venv["venv"]\n    node_venv --> node_venv_lib["lib"]\n    node_venv_lib --> node_venv_lib_python3_12["python3.12"]\n    node_venv_lib_python3_12 --> node_venv_lib_python3_12_site-packages["site-packages"]\n    node_venv_lib_python3_12_site-packages --> node_venv_lib_python3_12_site-packages_PyQt6["PyQt6"]\n    node_venv_lib_python3_12_site-packages_PyQt6 --> node_venv_lib_python3_12_site-packages_PyQt6_bindings["bindings"]\n    node_venv_lib_python3_12_site-packages_PyQt6_bindings --> node_venv_lib_python3_12_site-packages_PyQt6_bindings_QtWidgets["QtWidgets"]\n    node_venv_lib_python3_12_site-packages_PyQt6_bindings_QtWidgets --> node_venv_lib_python3_12_site-packages_PyQt6_bindings_QtWidgets_qtextbrowser_sip["qtextbrowser.sip"]\n    Root --> node_venv["venv"]\n    node_venv --> node_venv_lib["lib"]\n    node_venv_lib --> node_venv_lib_python3_12["python3.12"]\n    node_venv_lib_python3_12 --> node_venv_lib_python3_12_site-packages["site-packages"]\n    node_venv_lib_python3_12_site-packages --> node_venv_lib_python3_12_site-packages_PyQt6["PyQt6"]\n    node_venv_lib_python3_12_site-packages_PyQt6 --> node_venv_lib_python3_12_site-packages_PyQt6_bindings["bindings"]\n    node_venv_lib_python3_12_site-packages_PyQt6_bindings --> node_venv_lib_python3_12_site-packages_PyQt6_bindings_QtWidgets["QtWidgets"]\n    node_venv_lib_python3_12_site-packages_PyQt6_bindings_QtWidgets --> node_venv_lib_python3_12_site-packages_PyQt6_bindings_QtWidgets_qtextedit_sip["qtextedit.sip"]\n    Root --> node_venv["venv"]\n    node_venv --> node_venv_lib["lib"]\n    node_venv_lib --> node_venv_lib_python3_12["python3.12"]\n    node_venv_lib_python3_12 --> node_venv_lib_python3_12_site-packages["site-packages"]\n    node_venv_lib_python3_12_site-packages --> node_venv_lib_python3_12_site-packages_PyQt6["PyQt6"]\n    node_venv_lib_python3_12_site-packages_PyQt6 --> node_venv_lib_python3_12_site-packages_PyQt6_bindings["bindings"]\n    node_venv_lib_python3_12_site-packages_PyQt6_bindings --> node_venv_lib_python3_12_site-packages_PyQt6_bindings_QtWidgets["QtWidgets"]\n    node_venv_lib_python3_12_site-packages_PyQt6_bindings_QtWidgets --> node_venv_lib_python3_12_site-packages_PyQt6_bindings_QtWidgets_qtoolbar_sip["qtoolbar.sip"]\n    Root --> node_venv["venv"]\n    node_venv --> node_venv_lib["lib"]\n    node_venv_lib --> node_venv_lib_python3_12["python3.12"]\n    node_venv_lib_python3_12 --> node_venv_lib_python3_12_site-packages["site-packages"]\n    node_venv_lib_python3_12_site-packages --> node_venv_lib_python3_12_site-packages_PyQt6["PyQt6"]\n    node_venv_lib_python3_12_site-packages_PyQt6 --> node_venv_lib_python3_12_site-packages_PyQt6_bindings["bindings"]\n    node_venv_lib_python3_12_site-packages_PyQt6_bindings --> node_venv_lib_python3_12_site-packages_PyQt6_bindings_QtWidgets["QtWidgets"]\n    node_venv_lib_python3_12_site-packages_PyQt6_bindings_QtWidgets --> node_venv_lib_python3_12_site-packages_PyQt6_bindings_QtWidgets_qtoolbox_sip["qtoolbox.sip"]\n    Root --> node_venv["venv"]\n    node_venv --> node_venv_lib["lib"]\n    node_venv_lib --> node_venv_lib_python3_12["python3.12"]\n    node_venv_lib_python3_12 --> node_venv_lib_python3_12_site-packages["site-packages"]\n    node_venv_lib_python3_12_site-packages --> node_venv_lib_python3_12_site-packages_PyQt6["PyQt6"]\n    node_venv_lib_python3_12_site-packages_PyQt6 --> node_venv_lib_python3_12_site-packages_PyQt6_bindings["bindings"]\n    node_venv_lib_python3_12_site-packages_PyQt6_bindings --> node_venv_lib_python3_12_site-packages_PyQt6_bindings_QtWidgets["QtWidgets"]\n    node_venv_lib_python3_12_site-packages_PyQt6_bindings_QtWidgets --> node_venv_lib_python3_12_site-packages_PyQt6_bindings_QtWidgets_qtoolbutton_sip["qtoolbutton.sip"]\n    Root --> node_venv["venv"]\n    node_venv --> node_venv_lib["lib"]\n    node_venv_lib --> node_venv_lib_python3_12["python3.12"]\n    node_venv_lib_python3_12 --> node_venv_lib_python3_12_site-packages["site-packages"]\n    node_venv_lib_python3_12_site-packages --> node_venv_lib_python3_12_site-packages_PyQt6["PyQt6"]\n    node_venv_lib_python3_12_site-packages_PyQt6 --> node_venv_lib_python3_12_site-packages_PyQt6_bindings["bindings"]\n    node_venv_lib_python3_12_site-packages_PyQt6_bindings --> node_venv_lib_python3_12_site-packages_PyQt6_bindings_QtWidgets["QtWidgets"]\n    node_venv_lib_python3_12_site-packages_PyQt6_bindings_QtWidgets --> node_venv_lib_python3_12_site-packages_PyQt6_bindings_QtWidgets_qtooltip_sip["qtooltip.sip"]\n    Root --> node_venv["venv"]\n    node_venv --> node_venv_lib["lib"]\n    node_venv_lib --> node_venv_lib_python3_12["python3.12"]\n    node_venv_lib_python3_12 --> node_venv_lib_python3_12_site-packages["site-packages"]\n    node_venv_lib_python3_12_site-packages --> node_venv_lib_python3_12_site-packages_PyQt6["PyQt6"]\n    node_venv_lib_python3_12_site-packages_PyQt6 --> node_venv_lib_python3_12_site-packages_PyQt6_bindings["bindings"]\n    node_venv_lib_python3_12_site-packages_PyQt6_bindings --> node_venv_lib_python3_12_site-packages_PyQt6_bindings_QtWidgets["QtWidgets"]\n    node_venv_lib_python3_12_site-packages_PyQt6_bindings_QtWidgets --> node_venv_lib_python3_12_site-packages_PyQt6_bindings_QtWidgets_qtreeview_sip["qtreeview.sip"]\n    Root --> node_venv["venv"]\n    node_venv --> node_venv_lib["lib"]\n    node_venv_lib --> node_venv_lib_python3_12["python3.12"]\n    node_venv_lib_python3_12 --> node_venv_lib_python3_12_site-packages["site-packages"]\n    node_venv_lib_python3_12_site-packages --> node_venv_lib_python3_12_site-packages_PyQt6["PyQt6"]\n    node_venv_lib_python3_12_site-packages_PyQt6 --> node_venv_lib_python3_12_site-packages_PyQt6_bindings["bindings"]\n    node_venv_lib_python3_12_site-packages_PyQt6_bindings --> node_venv_lib_python3_12_site-packages_PyQt6_bindings_QtWidgets["QtWidgets"]\n    node_venv_lib_python3_12_site-packages_PyQt6_bindings_QtWidgets --> node_venv_lib_python3_12_site-packages_PyQt6_bindings_QtWidgets_qtreewidget_sip["qtreewidget.sip"]\n    Root --> node_venv["venv"]\n    node_venv --> node_venv_lib["lib"]\n    node_venv_lib --> node_venv_lib_python3_12["python3.12"]\n    node_venv_lib_python3_12 --> node_venv_lib_python3_12_site-packages["site-packages"]\n    node_venv_lib_python3_12_site-packages --> node_venv_lib_python3_12_site-packages_PyQt6["PyQt6"]\n    node_venv_lib_python3_12_site-packages_PyQt6 --> node_venv_lib_python3_12_site-packages_PyQt6_bindings["bindings"]\n    node_venv_lib_python3_12_site-packages_PyQt6_bindings --> node_venv_lib_python3_12_site-packages_PyQt6_bindings_QtWidgets["QtWidgets"]\n    node_venv_lib_python3_12_site-packages_PyQt6_bindings_QtWidgets --> node_venv_lib_python3_12_site-packages_PyQt6_bindings_QtWidgets_qtreewidgetitemiterator_sip["qtreewidgetitemiterator.sip"]\n    Root --> node_venv["venv"]\n    node_venv --> node_venv_lib["lib"]\n    node_venv_lib --> node_venv_lib_python3_12["python3.12"]\n    node_venv_lib_python3_12 --> node_venv_lib_python3_12_site-packages["site-packages"]\n    node_venv_lib_python3_12_site-packages --> node_venv_lib_python3_12_site-packages_PyQt6["PyQt6"]\n    node_venv_lib_python3_12_site-packages_PyQt6 --> node_venv_lib_python3_12_site-packages_PyQt6_bindings["bindings"]\n    node_venv_lib_python3_12_site-packages_PyQt6_bindings --> node_venv_lib_python3_12_site-packages_PyQt6_bindings_QtWidgets["QtWidgets"]\n    node_venv_lib_python3_12_site-packages_PyQt6_bindings_QtWidgets --> node_venv_lib_python3_12_site-packages_PyQt6_bindings_QtWidgets_qundoview_sip["qundoview.sip"]\n    Root --> node_venv["venv"]\n    node_venv --> node_venv_lib["lib"]\n    node_venv_lib --> node_venv_lib_python3_12["python3.12"]\n    node_venv_lib_python3_12 --> node_venv_lib_python3_12_site-packages["site-packages"]\n    node_venv_lib_python3_12_site-packages --> node_venv_lib_python3_12_site-packages_PyQt6["PyQt6"]\n    node_venv_lib_python3_12_site-packages_PyQt6 --> node_venv_lib_python3_12_site-packages_PyQt6_bindings["bindings"]\n    node_venv_lib_python3_12_site-packages_PyQt6_bindings --> node_venv_lib_python3_12_site-packages_PyQt6_bindings_QtWidgets["QtWidgets"]\n    node_venv_lib_python3_12_site-packages_PyQt6_bindings_QtWidgets --> node_venv_lib_python3_12_site-packages_PyQt6_bindings_QtWidgets_qwhatsthis_sip["qwhatsthis.sip"]\n    Root --> node_venv["venv"]\n    node_venv --> node_venv_lib["lib"]\n    node_venv_lib --> node_venv_lib_python3_12["python3.12"]\n    node_venv_lib_python3_12 --> node_venv_lib_python3_12_site-packages["site-packages"]\n    node_venv_lib_python3_12_site-packages --> node_venv_lib_python3_12_site-packages_PyQt6["PyQt6"]\n    node_venv_lib_python3_12_site-packages_PyQt6 --> node_venv_lib_python3_12_site-packages_PyQt6_bindings["bindings"]\n    node_venv_lib_python3_12_site-packages_PyQt6_bindings --> node_venv_lib_python3_12_site-packages_PyQt6_bindings_QtWidgets["QtWidgets"]\n    node_venv_lib_python3_12_site-packages_PyQt6_bindings_QtWidgets --> node_venv_lib_python3_12_site-packages_PyQt6_bindings_QtWidgets_qwidget_sip["qwidget.sip"]\n    Root --> node_venv["venv"]\n    node_venv --> node_venv_lib["lib"]\n    node_venv_lib --> node_venv_lib_python3_12["python3.12"]\n    node_venv_lib_python3_12 --> node_venv_lib_python3_12_site-packages["site-packages"]\n    node_venv_lib_python3_12_site-packages --> node_venv_lib_python3_12_site-packages_PyQt6["PyQt6"]\n    node_venv_lib_python3_12_site-packages_PyQt6 --> node_venv_lib_python3_12_site-packages_PyQt6_bindings["bindings"]\n    node_venv_lib_python3_12_site-packages_PyQt6_bindings --> node_venv_lib_python3_12_site-packages_PyQt6_bindings_QtWidgets["QtWidgets"]\n    node_venv_lib_python3_12_site-packages_PyQt6_bindings_QtWidgets --> node_venv_lib_python3_12_site-packages_PyQt6_bindings_QtWidgets_qwidgetaction_sip["qwidgetaction.sip"]\n    Root --> node_venv["venv"]\n    node_venv --> node_venv_lib["lib"]\n    node_venv_lib --> node_venv_lib_python3_12["python3.12"]\n    node_venv_lib_python3_12 --> node_venv_lib_python3_12_site-packages["site-packages"]\n    node_venv_lib_python3_12_site-packages --> node_venv_lib_python3_12_site-packages_PyQt6["PyQt6"]\n    node_venv_lib_python3_12_site-packages_PyQt6 --> node_venv_lib_python3_12_site-packages_PyQt6_bindings["bindings"]\n    node_venv_lib_python3_12_site-packages_PyQt6_bindings --> node_venv_lib_python3_12_site-packages_PyQt6_bindings_QtWidgets["QtWidgets"]\n    node_venv_lib_python3_12_site-packages_PyQt6_bindings_QtWidgets --> node_venv_lib_python3_12_site-packages_PyQt6_bindings_QtWidgets_qwizard_sip["qwizard.sip"]\n    Root --> node_venv["venv"]\n    node_venv --> node_venv_lib["lib"]\n    node_venv_lib --> node_venv_lib_python3_12["python3.12"]\n    node_venv_lib_python3_12 --> node_venv_lib_python3_12_site-packages["site-packages"]\n    node_venv_lib_python3_12_site-packages --> node_venv_lib_python3_12_site-packages_PyQt6["PyQt6"]\n    node_venv_lib_python3_12_site-packages_PyQt6 --> node_venv_lib_python3_12_site-packages_PyQt6_bindings["bindings"]\n    node_venv_lib_python3_12_site-packages_PyQt6_bindings --> node_venv_lib_python3_12_site-packages_PyQt6_bindings_QtSql["QtSql"]\n    node_venv_lib_python3_12_site-packages_PyQt6_bindings_QtSql --> node_venv_lib_python3_12_site-packages_PyQt6_bindings_QtSql_QtSql_toml["QtSql.toml"]\n    Root --> node_venv["venv"]\n    node_venv --> node_venv_lib["lib"]\n    node_venv_lib --> node_venv_lib_python3_12["python3.12"]\n    node_venv_lib_python3_12 --> node_venv_lib_python3_12_site-packages["site-packages"]\n    node_venv_lib_python3_12_site-packages --> node_venv_lib_python3_12_site-packages_PyQt6["PyQt6"]\n    node_venv_lib_python3_12_site-packages_PyQt6 --> node_venv_lib_python3_12_site-packages_PyQt6_bindings["bindings"]\n    node_venv_lib_python3_12_site-packages_PyQt6_bindings --> node_venv_lib_python3_12_site-packages_PyQt6_bindings_QtSql["QtSql"]\n    node_venv_lib_python3_12_site-packages_PyQt6_bindings_QtSql --> node_venv_lib_python3_12_site-packages_PyQt6_bindings_QtSql_QtSqlmod_sip["QtSqlmod.sip"]\n    Root --> node_venv["venv"]\n    node_venv --> node_venv_lib["lib"]\n    node_venv_lib --> node_venv_lib_python3_12["python3.12"]\n    node_venv_lib_python3_12 --> node_venv_lib_python3_12_site-packages["site-packages"]\n    node_venv_lib_python3_12_site-packages --> node_venv_lib_python3_12_site-packages_PyQt6["PyQt6"]\n    node_venv_lib_python3_12_site-packages_PyQt6 --> node_venv_lib_python3_12_site-packages_PyQt6_bindings["bindings"]\n    node_venv_lib_python3_12_site-packages_PyQt6_bindings --> node_venv_lib_python3_12_site-packages_PyQt6_bindings_QtSql["QtSql"]\n    node_venv_lib_python3_12_site-packages_PyQt6_bindings_QtSql --> node_venv_lib_python3_12_site-packages_PyQt6_bindings_QtSql_qsqldatabase_sip["qsqldatabase.sip"]\n    Root --> node_venv["venv"]\n    node_venv --> node_venv_lib["lib"]\n    node_venv_lib --> node_venv_lib_python3_12["python3.12"]\n    node_venv_lib_python3_12 --> node_venv_lib_python3_12_site-packages["site-packages"]\n    node_venv_lib_python3_12_site-packages --> node_venv_lib_python3_12_site-packages_PyQt6["PyQt6"]\n    node_venv_lib_python3_12_site-packages_PyQt6 --> node_venv_lib_python3_12_site-packages_PyQt6_bindings["bindings"]\n    node_venv_lib_python3_12_site-packages_PyQt6_bindings --> node_venv_lib_python3_12_site-packages_PyQt6_bindings_QtSql["QtSql"]\n    node_venv_lib_python3_12_site-packages_PyQt6_bindings_QtSql --> node_venv_lib_python3_12_site-packages_PyQt6_bindings_QtSql_qsqldriver_sip["qsqldriver.sip"]\n    Root --> node_venv["venv"]\n    node_venv --> node_venv_lib["lib"]\n    node_venv_lib --> node_venv_lib_python3_12["python3.12"]\n    node_venv_lib_python3_12 --> node_venv_lib_python3_12_site-packages["site-packages"]\n    node_venv_lib_python3_12_site-packages --> node_venv_lib_python3_12_site-packages_PyQt6["PyQt6"]\n    node_venv_lib_python3_12_site-packages_PyQt6 --> node_venv_lib_python3_12_site-packages_PyQt6_bindings["bindings"]\n    node_venv_lib_python3_12_site-packages_PyQt6_bindings --> node_venv_lib_python3_12_site-packages_PyQt6_bindings_QtSql["QtSql"]\n    node_venv_lib_python3_12_site-packages_PyQt6_bindings_QtSql --> node_venv_lib_python3_12_site-packages_PyQt6_bindings_QtSql_qsqlerror_sip["qsqlerror.sip"]\n    Root --> node_venv["venv"]\n    node_venv --> node_venv_lib["lib"]\n    node_venv_lib --> node_venv_lib_python3_12["python3.12"]\n    node_venv_lib_python3_12 --> node_venv_lib_python3_12_site-packages["site-packages"]\n    node_venv_lib_python3_12_site-packages --> node_venv_lib_python3_12_site-packages_PyQt6["PyQt6"]\n    node_venv_lib_python3_12_site-packages_PyQt6 --> node_venv_lib_python3_12_site-packages_PyQt6_bindings["bindings"]\n    node_venv_lib_python3_12_site-packages_PyQt6_bindings --> node_venv_lib_python3_12_site-packages_PyQt6_bindings_QtSql["QtSql"]\n    node_venv_lib_python3_12_site-packages_PyQt6_bindings_QtSql --> node_venv_lib_python3_12_site-packages_PyQt6_bindings_QtSql_qsqlfield_sip["qsqlfield.sip"]\n    Root --> node_venv["venv"]\n    node_venv --> node_venv_lib["lib"]\n    node_venv_lib --> node_venv_lib_python3_12["python3.12"]\n    node_venv_lib_python3_12 --> node_venv_lib_python3_12_site-packages["site-packages"]\n    node_venv_lib_python3_12_site-packages --> node_venv_lib_python3_12_site-packages_PyQt6["PyQt6"]\n    node_venv_lib_python3_12_site-packages_PyQt6 --> node_venv_lib_python3_12_site-packages_PyQt6_bindings["bindings"]\n    node_venv_lib_python3_12_site-packages_PyQt6_bindings --> node_venv_lib_python3_12_site-packages_PyQt6_bindings_QtSql["QtSql"]\n    node_venv_lib_python3_12_site-packages_PyQt6_bindings_QtSql --> node_venv_lib_python3_12_site-packages_PyQt6_bindings_QtSql_qsqlindex_sip["qsqlindex.sip"]\n    Root --> node_venv["venv"]\n    node_venv --> node_venv_lib["lib"]\n    node_venv_lib --> node_venv_lib_python3_12["python3.12"]\n    node_venv_lib_python3_12 --> node_venv_lib_python3_12_site-packages["site-packages"]\n    node_venv_lib_python3_12_site-packages --> node_venv_lib_python3_12_site-packages_PyQt6["PyQt6"]\n    node_venv_lib_python3_12_site-packages_PyQt6 --> node_venv_lib_python3_12_site-packages_PyQt6_bindings["bindings"]\n    node_venv_lib_python3_12_site-packages_PyQt6_bindings --> node_venv_lib_python3_12_site-packages_PyQt6_bindings_QtSql["QtSql"]\n    node_venv_lib_python3_12_site-packages_PyQt6_bindings_QtSql --> node_venv_lib_python3_12_site-packages_PyQt6_bindings_QtSql_qsqlquery_sip["qsqlquery.sip"]\n    Root --> node_venv["venv"]\n    node_venv --> node_venv_lib["lib"]\n    node_venv_lib --> node_venv_lib_python3_12["python3.12"]\n    node_venv_lib_python3_12 --> node_venv_lib_python3_12_site-packages["site-packages"]\n    node_venv_lib_python3_12_site-packages --> node_venv_lib_python3_12_site-packages_PyQt6["PyQt6"]\n    node_venv_lib_python3_12_site-packages_PyQt6 --> node_venv_lib_python3_12_site-packages_PyQt6_bindings["bindings"]\n    node_venv_lib_python3_12_site-packages_PyQt6_bindings --> node_venv_lib_python3_12_site-packages_PyQt6_bindings_QtSql["QtSql"]\n    node_venv_lib_python3_12_site-packages_PyQt6_bindings_QtSql --> node_venv_lib_python3_12_site-packages_PyQt6_bindings_QtSql_qsqlquerymodel_sip["qsqlquerymodel.sip"]\n    Root --> node_venv["venv"]\n    node_venv --> node_venv_lib["lib"]\n    node_venv_lib --> node_venv_lib_python3_12["python3.12"]\n    node_venv_lib_python3_12 --> node_venv_lib_python3_12_site-packages["site-packages"]\n    node_venv_lib_python3_12_site-packages --> node_venv_lib_python3_12_site-packages_PyQt6["PyQt6"]\n    node_venv_lib_python3_12_site-packages_PyQt6 --> node_venv_lib_python3_12_site-packages_PyQt6_bindings["bindings"]\n    node_venv_lib_python3_12_site-packages_PyQt6_bindings --> node_venv_lib_python3_12_site-packages_PyQt6_bindings_QtSql["QtSql"]\n    node_venv_lib_python3_12_site-packages_PyQt6_bindings_QtSql --> node_venv_lib_python3_12_site-packages_PyQt6_bindings_QtSql_qsqlrecord_sip["qsqlrecord.sip"]\n    Root --> node_venv["venv"]\n    node_venv --> node_venv_lib["lib"]\n    node_venv_lib --> node_venv_lib_python3_12["python3.12"]\n    node_venv_lib_python3_12 --> node_venv_lib_python3_12_site-packages["site-packages"]\n    node_venv_lib_python3_12_site-packages --> node_venv_lib_python3_12_site-packages_PyQt6["PyQt6"]\n    node_venv_lib_python3_12_site-packages_PyQt6 --> node_venv_lib_python3_12_site-packages_PyQt6_bindings["bindings"]\n    node_venv_lib_python3_12_site-packages_PyQt6_bindings --> node_venv_lib_python3_12_site-packages_PyQt6_bindings_QtSql["QtSql"]\n    node_venv_lib_python3_12_site-packages_PyQt6_bindings_QtSql --> node_venv_lib_python3_12_site-packages_PyQt6_bindings_QtSql_qsqlrelationaldelegate_sip["qsqlrelationaldelegate.sip"]\n    Root --> node_venv["venv"]\n    node_venv --> node_venv_lib["lib"]\n    node_venv_lib --> node_venv_lib_python3_12["python3.12"]\n    node_venv_lib_python3_12 --> node_venv_lib_python3_12_site-packages["site-packages"]\n    node_venv_lib_python3_12_site-packages --> node_venv_lib_python3_12_site-packages_PyQt6["PyQt6"]\n    node_venv_lib_python3_12_site-packages_PyQt6 --> node_venv_lib_python3_12_site-packages_PyQt6_bindings["bindings"]\n    node_venv_lib_python3_12_site-packages_PyQt6_bindings --> node_venv_lib_python3_12_site-packages_PyQt6_bindings_QtSql["QtSql"]\n    node_venv_lib_python3_12_site-packages_PyQt6_bindings_QtSql --> node_venv_lib_python3_12_site-packages_PyQt6_bindings_QtSql_qsqlrelationaltablemodel_sip["qsqlrelationaltablemodel.sip"]\n    Root --> node_venv["venv"]\n    node_venv --> node_venv_lib["lib"]\n    node_venv_lib --> node_venv_lib_python3_12["python3.12"]\n    node_venv_lib_python3_12 --> node_venv_lib_python3_12_site-packages["site-packages"]\n    node_venv_lib_python3_12_site-packages --> node_venv_lib_python3_12_site-packages_PyQt6["PyQt6"]\n    node_venv_lib_python3_12_site-packages_PyQt6 --> node_venv_lib_python3_12_site-packages_PyQt6_bindings["bindings"]\n    node_venv_lib_python3_12_site-packages_PyQt6_bindings --> node_venv_lib_python3_12_site-packages_PyQt6_bindings_QtSql["QtSql"]\n    node_venv_lib_python3_12_site-packages_PyQt6_bindings_QtSql --> node_venv_lib_python3_12_site-packages_PyQt6_bindings_QtSql_qsqlresult_sip["qsqlresult.sip"]\n    Root --> node_venv["venv"]\n    node_venv --> node_venv_lib["lib"]\n    node_venv_lib --> node_venv_lib_python3_12["python3.12"]\n    node_venv_lib_python3_12 --> node_venv_lib_python3_12_site-packages["site-packages"]\n    node_venv_lib_python3_12_site-packages --> node_venv_lib_python3_12_site-packages_PyQt6["PyQt6"]\n    node_venv_lib_python3_12_site-packages_PyQt6 --> node_venv_lib_python3_12_site-packages_PyQt6_bindings["bindings"]\n    node_venv_lib_python3_12_site-packages_PyQt6_bindings --> node_venv_lib_python3_12_site-packages_PyQt6_bindings_QtSql["QtSql"]\n    node_venv_lib_python3_12_site-packages_PyQt6_bindings_QtSql --> node_venv_lib_python3_12_site-packages_PyQt6_bindings_QtSql_qsqltablemodel_sip["qsqltablemodel.sip"]\n    Root --> node_venv["venv"]\n    node_venv --> node_venv_lib["lib"]\n    node_venv_lib --> node_venv_lib_python3_12["python3.12"]\n    node_venv_lib_python3_12 --> node_venv_lib_python3_12_site-packages["site-packages"]\n    node_venv_lib_python3_12_site-packages --> node_venv_lib_python3_12_site-packages_PyQt6["PyQt6"]\n    node_venv_lib_python3_12_site-packages_PyQt6 --> node_venv_lib_python3_12_site-packages_PyQt6_bindings["bindings"]\n    node_venv_lib_python3_12_site-packages_PyQt6_bindings --> node_venv_lib_python3_12_site-packages_PyQt6_bindings_QtSql["QtSql"]\n    node_venv_lib_python3_12_site-packages_PyQt6_bindings_QtSql --> node_venv_lib_python3_12_site-packages_PyQt6_bindings_QtSql_qtsqlglobal_sip["qtsqlglobal.sip"]\n    Root --> node_venv["venv"]\n    node_venv --> node_venv_lib["lib"]\n    node_venv_lib --> node_venv_lib_python3_12["python3.12"]\n    node_venv_lib_python3_12 --> node_venv_lib_python3_12_site-packages["site-packages"]\n    node_venv_lib_python3_12_site-packages --> node_venv_lib_python3_12_site-packages_PyQt6["PyQt6"]\n    node_venv_lib_python3_12_site-packages_PyQt6 --> node_venv_lib_python3_12_site-packages_PyQt6_bindings["bindings"]\n    node_venv_lib_python3_12_site-packages_PyQt6_bindings --> node_venv_lib_python3_12_site-packages_PyQt6_bindings_QtMultimedia["QtMultimedia"]\n    node_venv_lib_python3_12_site-packages_PyQt6_bindings_QtMultimedia --> node_venv_lib_python3_12_site-packages_PyQt6_bindings_QtMultimedia_QtMultimedia_toml["QtMultimedia.toml"]\n    Root --> node_venv["venv"]\n    node_venv --> node_venv_lib["lib"]\n    node_venv_lib --> node_venv_lib_python3_12["python3.12"]\n    node_venv_lib_python3_12 --> node_venv_lib_python3_12_site-packages["site-packages"]\n    node_venv_lib_python3_12_site-packages --> node_venv_lib_python3_12_site-packages_PyQt6["PyQt6"]\n    node_venv_lib_python3_12_site-packages_PyQt6 --> node_venv_lib_python3_12_site-packages_PyQt6_bindings["bindings"]\n    node_venv_lib_python3_12_site-packages_PyQt6_bindings --> node_venv_lib_python3_12_site-packages_PyQt6_bindings_QtMultimedia["QtMultimedia"]\n    node_venv_lib_python3_12_site-packages_PyQt6_bindings_QtMultimedia --> node_venv_lib_python3_12_site-packages_PyQt6_bindings_QtMultimedia_QtMultimediamod_sip["QtMultimediamod.sip"]\n    Root --> node_venv["venv"]\n    node_venv --> node_venv_lib["lib"]\n    node_venv_lib --> node_venv_lib_python3_12["python3.12"]\n    node_venv_lib_python3_12 --> node_venv_lib_python3_12_site-packages["site-packages"]\n    node_venv_lib_python3_12_site-packages --> node_venv_lib_python3_12_site-packages_PyQt6["PyQt6"]\n    node_venv_lib_python3_12_site-packages_PyQt6 --> node_venv_lib_python3_12_site-packages_PyQt6_bindings["bindings"]\n    node_venv_lib_python3_12_site-packages_PyQt6_bindings --> node_venv_lib_python3_12_site-packages_PyQt6_bindings_QtMultimedia["QtMultimedia"]\n    node_venv_lib_python3_12_site-packages_PyQt6_bindings_QtMultimedia --> node_venv_lib_python3_12_site-packages_PyQt6_bindings_QtMultimedia_qaudio_sip["qaudio.sip"]\n    Root --> node_venv["venv"]\n    node_venv --> node_venv_lib["lib"]\n    node_venv_lib --> node_venv_lib_python3_12["python3.12"]\n    node_venv_lib_python3_12 --> node_venv_lib_python3_12_site-packages["site-packages"]\n    node_venv_lib_python3_12_site-packages --> node_venv_lib_python3_12_site-packages_PyQt6["PyQt6"]\n    node_venv_lib_python3_12_site-packages_PyQt6 --> node_venv_lib_python3_12_site-packages_PyQt6_bindings["bindings"]\n    node_venv_lib_python3_12_site-packages_PyQt6_bindings --> node_venv_lib_python3_12_site-packages_PyQt6_bindings_QtMultimedia["QtMultimedia"]\n    node_venv_lib_python3_12_site-packages_PyQt6_bindings_QtMultimedia --> node_venv_lib_python3_12_site-packages_PyQt6_bindings_QtMultimedia_qaudiobuffer_sip["qaudiobuffer.sip"]\n    Root --> node_venv["venv"]\n    node_venv --> node_venv_lib["lib"]\n    node_venv_lib --> node_venv_lib_python3_12["python3.12"]\n    node_venv_lib_python3_12 --> node_venv_lib_python3_12_site-packages["site-packages"]\n    node_venv_lib_python3_12_site-packages --> node_venv_lib_python3_12_site-packages_PyQt6["PyQt6"]\n    node_venv_lib_python3_12_site-packages_PyQt6 --> node_venv_lib_python3_12_site-packages_PyQt6_bindings["bindings"]\n    node_venv_lib_python3_12_site-packages_PyQt6_bindings --> node_venv_lib_python3_12_site-packages_PyQt6_bindings_QtMultimedia["QtMultimedia"]\n    node_venv_lib_python3_12_site-packages_PyQt6_bindings_QtMultimedia --> node_venv_lib_python3_12_site-packages_PyQt6_bindings_QtMultimedia_qaudiobufferinput_sip["qaudiobufferinput.sip"]\n    Root --> node_venv["venv"]\n    node_venv --> node_venv_lib["lib"]\n    node_venv_lib --> node_venv_lib_python3_12["python3.12"]\n    node_venv_lib_python3_12 --> node_venv_lib_python3_12_site-packages["site-packages"]\n    node_venv_lib_python3_12_site-packages --> node_venv_lib_python3_12_site-packages_PyQt6["PyQt6"]\n    node_venv_lib_python3_12_site-packages_PyQt6 --> node_venv_lib_python3_12_site-packages_PyQt6_bindings["bindings"]\n    node_venv_lib_python3_12_site-packages_PyQt6_bindings --> node_venv_lib_python3_12_site-packages_PyQt6_bindings_QtMultimedia["QtMultimedia"]\n    node_venv_lib_python3_12_site-packages_PyQt6_bindings_QtMultimedia --> node_venv_lib_python3_12_site-packages_PyQt6_bindings_QtMultimedia_qaudiobufferoutput_sip["qaudiobufferoutput.sip"]\n    Root --> node_venv["venv"]\n    node_venv --> node_venv_lib["lib"]\n    node_venv_lib --> node_venv_lib_python3_12["python3.12"]\n    node_venv_lib_python3_12 --> node_venv_lib_python3_12_site-packages["site-packages"]\n    node_venv_lib_python3_12_site-packages --> node_venv_lib_python3_12_site-packages_PyQt6["PyQt6"]\n    node_venv_lib_python3_12_site-packages_PyQt6 --> node_venv_lib_python3_12_site-packages_PyQt6_bindings["bindings"]\n    node_venv_lib_python3_12_site-packages_PyQt6_bindings --> node_venv_lib_python3_12_site-packages_PyQt6_bindings_QtMultimedia["QtMultimedia"]\n    node_venv_lib_python3_12_site-packages_PyQt6_bindings_QtMultimedia --> node_venv_lib_python3_12_site-packages_PyQt6_bindings_QtMultimedia_qaudiodecoder_sip["qaudiodecoder.sip"]\n    Root --> node_venv["venv"]\n    node_venv --> node_venv_lib["lib"]\n    node_venv_lib --> node_venv_lib_python3_12["python3.12"]\n    node_venv_lib_python3_12 --> node_venv_lib_python3_12_site-packages["site-packages"]\n    node_venv_lib_python3_12_site-packages --> node_venv_lib_python3_12_site-packages_PyQt6["PyQt6"]\n    node_venv_lib_python3_12_site-packages_PyQt6 --> node_venv_lib_python3_12_site-packages_PyQt6_bindings["bindings"]\n    node_venv_lib_python3_12_site-packages_PyQt6_bindings --> node_venv_lib_python3_12_site-packages_PyQt6_bindings_QtMultimedia["QtMultimedia"]\n    node_venv_lib_python3_12_site-packages_PyQt6_bindings_QtMultimedia --> node_venv_lib_python3_12_site-packages_PyQt6_bindings_QtMultimedia_qaudiodevice_sip["qaudiodevice.sip"]\n    Root --> node_venv["venv"]\n    node_venv --> node_venv_lib["lib"]\n    node_venv_lib --> node_venv_lib_python3_12["python3.12"]\n    node_venv_lib_python3_12 --> node_venv_lib_python3_12_site-packages["site-packages"]\n    node_venv_lib_python3_12_site-packages --> node_venv_lib_python3_12_site-packages_PyQt6["PyQt6"]\n    node_venv_lib_python3_12_site-packages_PyQt6 --> node_venv_lib_python3_12_site-packages_PyQt6_bindings["bindings"]\n    node_venv_lib_python3_12_site-packages_PyQt6_bindings --> node_venv_lib_python3_12_site-packages_PyQt6_bindings_QtMultimedia["QtMultimedia"]\n    node_venv_lib_python3_12_site-packages_PyQt6_bindings_QtMultimedia --> node_venv_lib_python3_12_site-packages_PyQt6_bindings_QtMultimedia_qaudioformat_sip["qaudioformat.sip"]\n    Root --> node_venv["venv"]\n    node_venv --> node_venv_lib["lib"]\n    node_venv_lib --> node_venv_lib_python3_12["python3.12"]\n    node_venv_lib_python3_12 --> node_venv_lib_python3_12_site-packages["site-packages"]\n    node_venv_lib_python3_12_site-packages --> node_venv_lib_python3_12_site-packages_PyQt6["PyQt6"]\n    node_venv_lib_python3_12_site-packages_PyQt6 --> node_venv_lib_python3_12_site-packages_PyQt6_bindings["bindings"]\n    node_venv_lib_python3_12_site-packages_PyQt6_bindings --> node_venv_lib_python3_12_site-packages_PyQt6_bindings_QtMultimedia["QtMultimedia"]\n    node_venv_lib_python3_12_site-packages_PyQt6_bindings_QtMultimedia --> node_venv_lib_python3_12_site-packages_PyQt6_bindings_QtMultimedia_qaudioinput_sip["qaudioinput.sip"]\n    Root --> node_venv["venv"]\n    node_venv --> node_venv_lib["lib"]\n    node_venv_lib --> node_venv_lib_python3_12["python3.12"]\n    node_venv_lib_python3_12 --> node_venv_lib_python3_12_site-packages["site-packages"]\n    node_venv_lib_python3_12_site-packages --> node_venv_lib_python3_12_site-packages_PyQt6["PyQt6"]\n    node_venv_lib_python3_12_site-packages_PyQt6 --> node_venv_lib_python3_12_site-packages_PyQt6_bindings["bindings"]\n    node_venv_lib_python3_12_site-packages_PyQt6_bindings --> node_venv_lib_python3_12_site-packages_PyQt6_bindings_QtMultimedia["QtMultimedia"]\n    node_venv_lib_python3_12_site-packages_PyQt6_bindings_QtMultimedia --> node_venv_lib_python3_12_site-packages_PyQt6_bindings_QtMultimedia_qaudiooutput_sip["qaudiooutput.sip"]\n    Root --> node_venv["venv"]\n    node_venv --> node_venv_lib["lib"]\n    node_venv_lib --> node_venv_lib_python3_12["python3.12"]\n    node_venv_lib_python3_12 --> node_venv_lib_python3_12_site-packages["site-packages"]\n    node_venv_lib_python3_12_site-packages --> node_venv_lib_python3_12_site-packages_PyQt6["PyQt6"]\n    node_venv_lib_python3_12_site-packages_PyQt6 --> node_venv_lib_python3_12_site-packages_PyQt6_bindings["bindings"]\n    node_venv_lib_python3_12_site-packages_PyQt6_bindings --> node_venv_lib_python3_12_site-packages_PyQt6_bindings_QtMultimedia["QtMultimedia"]\n    node_venv_lib_python3_12_site-packages_PyQt6_bindings_QtMultimedia --> node_venv_lib_python3_12_site-packages_PyQt6_bindings_QtMultimedia_qaudiosink_sip["qaudiosink.sip"]\n    Root --> node_venv["venv"]\n    node_venv --> node_venv_lib["lib"]\n    node_venv_lib --> node_venv_lib_python3_12["python3.12"]\n    node_venv_lib_python3_12 --> node_venv_lib_python3_12_site-packages["site-packages"]\n    node_venv_lib_python3_12_site-packages --> node_venv_lib_python3_12_site-packages_PyQt6["PyQt6"]\n    node_venv_lib_python3_12_site-packages_PyQt6 --> node_venv_lib_python3_12_site-packages_PyQt6_bindings["bindings"]\n    node_venv_lib_python3_12_site-packages_PyQt6_bindings --> node_venv_lib_python3_12_site-packages_PyQt6_bindings_QtMultimedia["QtMultimedia"]\n    node_venv_lib_python3_12_site-packages_PyQt6_bindings_QtMultimedia --> node_venv_lib_python3_12_site-packages_PyQt6_bindings_QtMultimedia_qaudiosource_sip["qaudiosource.sip"]\n    Root --> node_venv["venv"]\n    node_venv --> node_venv_lib["lib"]\n    node_venv_lib --> node_venv_lib_python3_12["python3.12"]\n    node_venv_lib_python3_12 --> node_venv_lib_python3_12_site-packages["site-packages"]\n    node_venv_lib_python3_12_site-packages --> node_venv_lib_python3_12_site-packages_PyQt6["PyQt6"]\n    node_venv_lib_python3_12_site-packages_PyQt6 --> node_venv_lib_python3_12_site-packages_PyQt6_bindings["bindings"]\n    node_venv_lib_python3_12_site-packages_PyQt6_bindings --> node_venv_lib_python3_12_site-packages_PyQt6_bindings_QtMultimedia["QtMultimedia"]\n    node_venv_lib_python3_12_site-packages_PyQt6_bindings_QtMultimedia --> node_venv_lib_python3_12_site-packages_PyQt6_bindings_QtMultimedia_qcamera_sip["qcamera.sip"]\n    Root --> node_venv["venv"]\n    node_venv --> node_venv_lib["lib"]\n    node_venv_lib --> node_venv_lib_python3_12["python3.12"]\n    node_venv_lib_python3_12 --> node_venv_lib_python3_12_site-packages["site-packages"]\n    node_venv_lib_python3_12_site-packages --> node_venv_lib_python3_12_site-packages_PyQt6["PyQt6"]\n    node_venv_lib_python3_12_site-packages_PyQt6 --> node_venv_lib_python3_12_site-packages_PyQt6_bindings["bindings"]\n    node_venv_lib_python3_12_site-packages_PyQt6_bindings --> node_venv_lib_python3_12_site-packages_PyQt6_bindings_QtMultimedia["QtMultimedia"]\n    node_venv_lib_python3_12_site-packages_PyQt6_bindings_QtMultimedia --> node_venv_lib_python3_12_site-packages_PyQt6_bindings_QtMultimedia_qcameradevice_sip["qcameradevice.sip"]\n    Root --> node_venv["venv"]\n    node_venv --> node_venv_lib["lib"]\n    node_venv_lib --> node_venv_lib_python3_12["python3.12"]\n    node_venv_lib_python3_12 --> node_venv_lib_python3_12_site-packages["site-packages"]\n    node_venv_lib_python3_12_site-packages --> node_venv_lib_python3_12_site-packages_PyQt6["PyQt6"]\n    node_venv_lib_python3_12_site-packages_PyQt6 --> node_venv_lib_python3_12_site-packages_PyQt6_bindings["bindings"]\n    node_venv_lib_python3_12_site-packages_PyQt6_bindings --> node_venv_lib_python3_12_site-packages_PyQt6_bindings_QtMultimedia["QtMultimedia"]\n    node_venv_lib_python3_12_site-packages_PyQt6_bindings_QtMultimedia --> node_venv_lib_python3_12_site-packages_PyQt6_bindings_QtMultimedia_qcapturablewindow_sip["qcapturablewindow.sip"]\n    Root --> node_venv["venv"]\n    node_venv --> node_venv_lib["lib"]\n    node_venv_lib --> node_venv_lib_python3_12["python3.12"]\n    node_venv_lib_python3_12 --> node_venv_lib_python3_12_site-packages["site-packages"]\n    node_venv_lib_python3_12_site-packages --> node_venv_lib_python3_12_site-packages_PyQt6["PyQt6"]\n    node_venv_lib_python3_12_site-packages_PyQt6 --> node_venv_lib_python3_12_site-packages_PyQt6_bindings["bindings"]\n    node_venv_lib_python3_12_site-packages_PyQt6_bindings --> node_venv_lib_python3_12_site-packages_PyQt6_bindings_QtMultimedia["QtMultimedia"]\n    node_venv_lib_python3_12_site-packages_PyQt6_bindings_QtMultimedia --> node_venv_lib_python3_12_site-packages_PyQt6_bindings_QtMultimedia_qimagecapture_sip["qimagecapture.sip"]\n    Root --> node_venv["venv"]\n    node_venv --> node_venv_lib["lib"]\n    node_venv_lib --> node_venv_lib_python3_12["python3.12"]\n    node_venv_lib_python3_12 --> node_venv_lib_python3_12_site-packages["site-packages"]\n    node_venv_lib_python3_12_site-packages --> node_venv_lib_python3_12_site-packages_PyQt6["PyQt6"]\n    node_venv_lib_python3_12_site-packages_PyQt6 --> node_venv_lib_python3_12_site-packages_PyQt6_bindings["bindings"]\n    node_venv_lib_python3_12_site-packages_PyQt6_bindings --> node_venv_lib_python3_12_site-packages_PyQt6_bindings_QtMultimedia["QtMultimedia"]\n    node_venv_lib_python3_12_site-packages_PyQt6_bindings_QtMultimedia --> node_venv_lib_python3_12_site-packages_PyQt6_bindings_QtMultimedia_qmediacapturesession_sip["qmediacapturesession.sip"]\n    Root --> node_venv["venv"]\n    node_venv --> node_venv_lib["lib"]\n    node_venv_lib --> node_venv_lib_python3_12["python3.12"]\n    node_venv_lib_python3_12 --> node_venv_lib_python3_12_site-packages["site-packages"]\n    node_venv_lib_python3_12_site-packages --> node_venv_lib_python3_12_site-packages_PyQt6["PyQt6"]\n    node_venv_lib_python3_12_site-packages_PyQt6 --> node_venv_lib_python3_12_site-packages_PyQt6_bindings["bindings"]\n    node_venv_lib_python3_12_site-packages_PyQt6_bindings --> node_venv_lib_python3_12_site-packages_PyQt6_bindings_QtMultimedia["QtMultimedia"]\n    node_venv_lib_python3_12_site-packages_PyQt6_bindings_QtMultimedia --> node_venv_lib_python3_12_site-packages_PyQt6_bindings_QtMultimedia_qmediadevices_sip["qmediadevices.sip"]\n    Root --> node_venv["venv"]\n    node_venv --> node_venv_lib["lib"]\n    node_venv_lib --> node_venv_lib_python3_12["python3.12"]\n    node_venv_lib_python3_12 --> node_venv_lib_python3_12_site-packages["site-packages"]\n    node_venv_lib_python3_12_site-packages --> node_venv_lib_python3_12_site-packages_PyQt6["PyQt6"]\n    node_venv_lib_python3_12_site-packages_PyQt6 --> node_venv_lib_python3_12_site-packages_PyQt6_bindings["bindings"]\n    node_venv_lib_python3_12_site-packages_PyQt6_bindings --> node_venv_lib_python3_12_site-packages_PyQt6_bindings_QtMultimedia["QtMultimedia"]\n    node_venv_lib_python3_12_site-packages_PyQt6_bindings_QtMultimedia --> node_venv_lib_python3_12_site-packages_PyQt6_bindings_QtMultimedia_qmediaformat_sip["qmediaformat.sip"]\n    Root --> node_venv["venv"]\n    node_venv --> node_venv_lib["lib"]\n    node_venv_lib --> node_venv_lib_python3_12["python3.12"]\n    node_venv_lib_python3_12 --> node_venv_lib_python3_12_site-packages["site-packages"]\n    node_venv_lib_python3_12_site-packages --> node_venv_lib_python3_12_site-packages_PyQt6["PyQt6"]\n    node_venv_lib_python3_12_site-packages_PyQt6 --> node_venv_lib_python3_12_site-packages_PyQt6_bindings["bindings"]\n    node_venv_lib_python3_12_site-packages_PyQt6_bindings --> node_venv_lib_python3_12_site-packages_PyQt6_bindings_QtMultimedia["QtMultimedia"]\n    node_venv_lib_python3_12_site-packages_PyQt6_bindings_QtMultimedia --> node_venv_lib_python3_12_site-packages_PyQt6_bindings_QtMultimedia_qmediametadata_sip["qmediametadata.sip"]\n    Root --> node_venv["venv"]\n    node_venv --> node_venv_lib["lib"]\n    node_venv_lib --> node_venv_lib_python3_12["python3.12"]\n    node_venv_lib_python3_12 --> node_venv_lib_python3_12_site-packages["site-packages"]\n    node_venv_lib_python3_12_site-packages --> node_venv_lib_python3_12_site-packages_PyQt6["PyQt6"]\n    node_venv_lib_python3_12_site-packages_PyQt6 --> node_venv_lib_python3_12_site-packages_PyQt6_bindings["bindings"]\n    node_venv_lib_python3_12_site-packages_PyQt6_bindings --> node_venv_lib_python3_12_site-packages_PyQt6_bindings_QtMultimedia["QtMultimedia"]\n    node_venv_lib_python3_12_site-packages_PyQt6_bindings_QtMultimedia --> node_venv_lib_python3_12_site-packages_PyQt6_bindings_QtMultimedia_qmediaplayer_sip["qmediaplayer.sip"]\n    Root --> node_venv["venv"]\n    node_venv --> node_venv_lib["lib"]\n    node_venv_lib --> node_venv_lib_python3_12["python3.12"]\n    node_venv_lib_python3_12 --> node_venv_lib_python3_12_site-packages["site-packages"]\n    node_venv_lib_python3_12_site-packages --> node_venv_lib_python3_12_site-packages_PyQt6["PyQt6"]\n    node_venv_lib_python3_12_site-packages_PyQt6 --> node_venv_lib_python3_12_site-packages_PyQt6_bindings["bindings"]\n    node_venv_lib_python3_12_site-packages_PyQt6_bindings --> node_venv_lib_python3_12_site-packages_PyQt6_bindings_QtMultimedia["QtMultimedia"]\n    node_venv_lib_python3_12_site-packages_PyQt6_bindings_QtMultimedia --> node_venv_lib_python3_12_site-packages_PyQt6_bindings_QtMultimedia_qmediarecorder_sip["qmediarecorder.sip"]\n    Root --> node_venv["venv"]\n    node_venv --> node_venv_lib["lib"]\n    node_venv_lib --> node_venv_lib_python3_12["python3.12"]\n    node_venv_lib_python3_12 --> node_venv_lib_python3_12_site-packages["site-packages"]\n    node_venv_lib_python3_12_site-packages --> node_venv_lib_python3_12_site-packages_PyQt6["PyQt6"]\n    node_venv_lib_python3_12_site-packages_PyQt6 --> node_venv_lib_python3_12_site-packages_PyQt6_bindings["bindings"]\n    node_venv_lib_python3_12_site-packages_PyQt6_bindings --> node_venv_lib_python3_12_site-packages_PyQt6_bindings_QtMultimedia["QtMultimedia"]\n    node_venv_lib_python3_12_site-packages_PyQt6_bindings_QtMultimedia --> node_venv_lib_python3_12_site-packages_PyQt6_bindings_QtMultimedia_qmediatimerange_sip["qmediatimerange.sip"]\n    Root --> node_venv["venv"]\n    node_venv --> node_venv_lib["lib"]\n    node_venv_lib --> node_venv_lib_python3_12["python3.12"]\n    node_venv_lib_python3_12 --> node_venv_lib_python3_12_site-packages["site-packages"]\n    node_venv_lib_python3_12_site-packages --> node_venv_lib_python3_12_site-packages_PyQt6["PyQt6"]\n    node_venv_lib_python3_12_site-packages_PyQt6 --> node_venv_lib_python3_12_site-packages_PyQt6_bindings["bindings"]\n    node_venv_lib_python3_12_site-packages_PyQt6_bindings --> node_venv_lib_python3_12_site-packages_PyQt6_bindings_QtMultimedia["QtMultimedia"]\n    node_venv_lib_python3_12_site-packages_PyQt6_bindings_QtMultimedia --> node_venv_lib_python3_12_site-packages_PyQt6_bindings_QtMultimedia_qplaybackoptions_sip["qplaybackoptions.sip"]\n    Root --> node_venv["venv"]\n    node_venv --> node_venv_lib["lib"]\n    node_venv_lib --> node_venv_lib_python3_12["python3.12"]\n    node_venv_lib_python3_12 --> node_venv_lib_python3_12_site-packages["site-packages"]\n    node_venv_lib_python3_12_site-packages --> node_venv_lib_python3_12_site-packages_PyQt6["PyQt6"]\n    node_venv_lib_python3_12_site-packages_PyQt6 --> node_venv_lib_python3_12_site-packages_PyQt6_bindings["bindings"]\n    node_venv_lib_python3_12_site-packages_PyQt6_bindings --> node_venv_lib_python3_12_site-packages_PyQt6_bindings_QtMultimedia["QtMultimedia"]\n    node_venv_lib_python3_12_site-packages_PyQt6_bindings_QtMultimedia --> node_venv_lib_python3_12_site-packages_PyQt6_bindings_QtMultimedia_qpymultimedia_qlist_sip["qpymultimedia_qlist.sip"]\n    Root --> node_venv["venv"]\n    node_venv --> node_venv_lib["lib"]\n    node_venv_lib --> node_venv_lib_python3_12["python3.12"]\n    node_venv_lib_python3_12 --> node_venv_lib_python3_12_site-packages["site-packages"]\n    node_venv_lib_python3_12_site-packages --> node_venv_lib_python3_12_site-packages_PyQt6["PyQt6"]\n    node_venv_lib_python3_12_site-packages_PyQt6 --> node_venv_lib_python3_12_site-packages_PyQt6_bindings["bindings"]\n    node_venv_lib_python3_12_site-packages_PyQt6_bindings --> node_venv_lib_python3_12_site-packages_PyQt6_bindings_QtMultimedia["QtMultimedia"]\n    node_venv_lib_python3_12_site-packages_PyQt6_bindings_QtMultimedia --> node_venv_lib_python3_12_site-packages_PyQt6_bindings_QtMultimedia_qscreencapture_sip["qscreencapture.sip"]\n    Root --> node_venv["venv"]\n    node_venv --> node_venv_lib["lib"]\n    node_venv_lib --> node_venv_lib_python3_12["python3.12"]\n    node_venv_lib_python3_12 --> node_venv_lib_python3_12_site-packages["site-packages"]\n    node_venv_lib_python3_12_site-packages --> node_venv_lib_python3_12_site-packages_PyQt6["PyQt6"]\n    node_venv_lib_python3_12_site-packages_PyQt6 --> node_venv_lib_python3_12_site-packages_PyQt6_bindings["bindings"]\n    node_venv_lib_python3_12_site-packages_PyQt6_bindings --> node_venv_lib_python3_12_site-packages_PyQt6_bindings_QtMultimedia["QtMultimedia"]\n    node_venv_lib_python3_12_site-packages_PyQt6_bindings_QtMultimedia --> node_venv_lib_python3_12_site-packages_PyQt6_bindings_QtMultimedia_qsoundeffect_sip["qsoundeffect.sip"]\n    Root --> node_venv["venv"]\n    node_venv --> node_venv_lib["lib"]\n    node_venv_lib --> node_venv_lib_python3_12["python3.12"]\n    node_venv_lib_python3_12 --> node_venv_lib_python3_12_site-packages["site-packages"]\n    node_venv_lib_python3_12_site-packages --> node_venv_lib_python3_12_site-packages_PyQt6["PyQt6"]\n    node_venv_lib_python3_12_site-packages_PyQt6 --> node_venv_lib_python3_12_site-packages_PyQt6_bindings["bindings"]\n    node_venv_lib_python3_12_site-packages_PyQt6_bindings --> node_venv_lib_python3_12_site-packages_PyQt6_bindings_QtMultimedia["QtMultimedia"]\n    node_venv_lib_python3_12_site-packages_PyQt6_bindings_QtMultimedia --> node_venv_lib_python3_12_site-packages_PyQt6_bindings_QtMultimedia_qtvideo_sip["qtvideo.sip"]\n    Root --> node_venv["venv"]\n    node_venv --> node_venv_lib["lib"]\n    node_venv_lib --> node_venv_lib_python3_12["python3.12"]\n    node_venv_lib_python3_12 --> node_venv_lib_python3_12_site-packages["site-packages"]\n    node_venv_lib_python3_12_site-packages --> node_venv_lib_python3_12_site-packages_PyQt6["PyQt6"]\n    node_venv_lib_python3_12_site-packages_PyQt6 --> node_venv_lib_python3_12_site-packages_PyQt6_bindings["bindings"]\n    node_venv_lib_python3_12_site-packages_PyQt6_bindings --> node_venv_lib_python3_12_site-packages_PyQt6_bindings_QtMultimedia["QtMultimedia"]\n    node_venv_lib_python3_12_site-packages_PyQt6_bindings_QtMultimedia --> node_venv_lib_python3_12_site-packages_PyQt6_bindings_QtMultimedia_qvideoframe_sip["qvideoframe.sip"]\n    Root --> node_venv["venv"]\n    node_venv --> node_venv_lib["lib"]\n    node_venv_lib --> node_venv_lib_python3_12["python3.12"]\n    node_venv_lib_python3_12 --> node_venv_lib_python3_12_site-packages["site-packages"]\n    node_venv_lib_python3_12_site-packages --> node_venv_lib_python3_12_site-packages_PyQt6["PyQt6"]\n    node_venv_lib_python3_12_site-packages_PyQt6 --> node_venv_lib_python3_12_site-packages_PyQt6_bindings["bindings"]\n    node_venv_lib_python3_12_site-packages_PyQt6_bindings --> node_venv_lib_python3_12_site-packages_PyQt6_bindings_QtMultimedia["QtMultimedia"]\n    node_venv_lib_python3_12_site-packages_PyQt6_bindings_QtMultimedia --> node_venv_lib_python3_12_site-packages_PyQt6_bindings_QtMultimedia_qvideoframeformat_sip["qvideoframeformat.sip"]\n    Root --> node_venv["venv"]\n    node_venv --> node_venv_lib["lib"]\n    node_venv_lib --> node_venv_lib_python3_12["python3.12"]\n    node_venv_lib_python3_12 --> node_venv_lib_python3_12_site-packages["site-packages"]\n    node_venv_lib_python3_12_site-packages --> node_venv_lib_python3_12_site-packages_PyQt6["PyQt6"]\n    node_venv_lib_python3_12_site-packages_PyQt6 --> node_venv_lib_python3_12_site-packages_PyQt6_bindings["bindings"]\n    node_venv_lib_python3_12_site-packages_PyQt6_bindings --> node_venv_lib_python3_12_site-packages_PyQt6_bindings_QtMultimedia["QtMultimedia"]\n    node_venv_lib_python3_12_site-packages_PyQt6_bindings_QtMultimedia --> node_venv_lib_python3_12_site-packages_PyQt6_bindings_QtMultimedia_qvideoframeinput_sip["qvideoframeinput.sip"]\n    Root --> node_venv["venv"]\n    node_venv --> node_venv_lib["lib"]\n    node_venv_lib --> node_venv_lib_python3_12["python3.12"]\n    node_venv_lib_python3_12 --> node_venv_lib_python3_12_site-packages["site-packages"]\n    node_venv_lib_python3_12_site-packages --> node_venv_lib_python3_12_site-packages_PyQt6["PyQt6"]\n    node_venv_lib_python3_12_site-packages_PyQt6 --> node_venv_lib_python3_12_site-packages_PyQt6_bindings["bindings"]\n    node_venv_lib_python3_12_site-packages_PyQt6_bindings --> node_venv_lib_python3_12_site-packages_PyQt6_bindings_QtMultimedia["QtMultimedia"]\n    node_venv_lib_python3_12_site-packages_PyQt6_bindings_QtMultimedia --> node_venv_lib_python3_12_site-packages_PyQt6_bindings_QtMultimedia_qvideosink_sip["qvideosink.sip"]\n    Root --> node_venv["venv"]\n    node_venv --> node_venv_lib["lib"]\n    node_venv_lib --> node_venv_lib_python3_12["python3.12"]\n    node_venv_lib_python3_12 --> node_venv_lib_python3_12_site-packages["site-packages"]\n    node_venv_lib_python3_12_site-packages --> node_venv_lib_python3_12_site-packages_PyQt6["PyQt6"]\n    node_venv_lib_python3_12_site-packages_PyQt6 --> node_venv_lib_python3_12_site-packages_PyQt6_bindings["bindings"]\n    node_venv_lib_python3_12_site-packages_PyQt6_bindings --> node_venv_lib_python3_12_site-packages_PyQt6_bindings_QtMultimedia["QtMultimedia"]\n    node_venv_lib_python3_12_site-packages_PyQt6_bindings_QtMultimedia --> node_venv_lib_python3_12_site-packages_PyQt6_bindings_QtMultimedia_qwindowcapture_sip["qwindowcapture.sip"]\n    Root --> node_venv["venv"]\n    node_venv --> node_venv_lib["lib"]\n    node_venv_lib --> node_venv_lib_python3_12["python3.12"]\n    node_venv_lib_python3_12 --> node_venv_lib_python3_12_site-packages["site-packages"]\n    node_venv_lib_python3_12_site-packages --> node_venv_lib_python3_12_site-packages_PyQt6["PyQt6"]\n    node_venv_lib_python3_12_site-packages_PyQt6 --> node_venv_lib_python3_12_site-packages_PyQt6_bindings["bindings"]\n    node_venv_lib_python3_12_site-packages_PyQt6_bindings --> node_venv_lib_python3_12_site-packages_PyQt6_bindings_QtSpatialAudio["QtSpatialAudio"]\n    node_venv_lib_python3_12_site-packages_PyQt6_bindings_QtSpatialAudio --> node_venv_lib_python3_12_site-packages_PyQt6_bindings_QtSpatialAudio_QtSpatialAudio_toml["QtSpatialAudio.toml"]\n    Root --> node_venv["venv"]\n    node_venv --> node_venv_lib["lib"]\n    node_venv_lib --> node_venv_lib_python3_12["python3.12"]\n    node_venv_lib_python3_12 --> node_venv_lib_python3_12_site-packages["site-packages"]\n    node_venv_lib_python3_12_site-packages --> node_venv_lib_python3_12_site-packages_PyQt6["PyQt6"]\n    node_venv_lib_python3_12_site-packages_PyQt6 --> node_venv_lib_python3_12_site-packages_PyQt6_bindings["bindings"]\n    node_venv_lib_python3_12_site-packages_PyQt6_bindings --> node_venv_lib_python3_12_site-packages_PyQt6_bindings_QtSpatialAudio["QtSpatialAudio"]\n    node_venv_lib_python3_12_site-packages_PyQt6_bindings_QtSpatialAudio --> node_venv_lib_python3_12_site-packages_PyQt6_bindings_QtSpatialAudio_QtSpatialAudiomod_sip["QtSpatialAudiomod.sip"]\n    Root --> node_venv["venv"]\n    node_venv --> node_venv_lib["lib"]\n    node_venv_lib --> node_venv_lib_python3_12["python3.12"]\n    node_venv_lib_python3_12 --> node_venv_lib_python3_12_site-packages["site-packages"]\n    node_venv_lib_python3_12_site-packages --> node_venv_lib_python3_12_site-packages_PyQt6["PyQt6"]\n    node_venv_lib_python3_12_site-packages_PyQt6 --> node_venv_lib_python3_12_site-packages_PyQt6_bindings["bindings"]\n    node_venv_lib_python3_12_site-packages_PyQt6_bindings --> node_venv_lib_python3_12_site-packages_PyQt6_bindings_QtSpatialAudio["QtSpatialAudio"]\n    node_venv_lib_python3_12_site-packages_PyQt6_bindings_QtSpatialAudio --> node_venv_lib_python3_12_site-packages_PyQt6_bindings_QtSpatialAudio_qambientsound_sip["qambientsound.sip"]\n    Root --> node_venv["venv"]\n    node_venv --> node_venv_lib["lib"]\n    node_venv_lib --> node_venv_lib_python3_12["python3.12"]\n    node_venv_lib_python3_12 --> node_venv_lib_python3_12_site-packages["site-packages"]\n    node_venv_lib_python3_12_site-packages --> node_venv_lib_python3_12_site-packages_PyQt6["PyQt6"]\n    node_venv_lib_python3_12_site-packages_PyQt6 --> node_venv_lib_python3_12_site-packages_PyQt6_bindings["bindings"]\n    node_venv_lib_python3_12_site-packages_PyQt6_bindings --> node_venv_lib_python3_12_site-packages_PyQt6_bindings_QtSpatialAudio["QtSpatialAudio"]\n    node_venv_lib_python3_12_site-packages_PyQt6_bindings_QtSpatialAudio --> node_venv_lib_python3_12_site-packages_PyQt6_bindings_QtSpatialAudio_qaudioengine_sip["qaudioengine.sip"]\n    Root --> node_venv["venv"]\n    node_venv --> node_venv_lib["lib"]\n    node_venv_lib --> node_venv_lib_python3_12["python3.12"]\n    node_venv_lib_python3_12 --> node_venv_lib_python3_12_site-packages["site-packages"]\n    node_venv_lib_python3_12_site-packages --> node_venv_lib_python3_12_site-packages_PyQt6["PyQt6"]\n    node_venv_lib_python3_12_site-packages_PyQt6 --> node_venv_lib_python3_12_site-packages_PyQt6_bindings["bindings"]\n    node_venv_lib_python3_12_site-packages_PyQt6_bindings --> node_venv_lib_python3_12_site-packages_PyQt6_bindings_QtSpatialAudio["QtSpatialAudio"]\n    node_venv_lib_python3_12_site-packages_PyQt6_bindings_QtSpatialAudio --> node_venv_lib_python3_12_site-packages_PyQt6_bindings_QtSpatialAudio_qaudiolistener_sip["qaudiolistener.sip"]\n    Root --> node_venv["venv"]\n    node_venv --> node_venv_lib["lib"]\n    node_venv_lib --> node_venv_lib_python3_12["python3.12"]\n    node_venv_lib_python3_12 --> node_venv_lib_python3_12_site-packages["site-packages"]\n    node_venv_lib_python3_12_site-packages --> node_venv_lib_python3_12_site-packages_PyQt6["PyQt6"]\n    node_venv_lib_python3_12_site-packages_PyQt6 --> node_venv_lib_python3_12_site-packages_PyQt6_bindings["bindings"]\n    node_venv_lib_python3_12_site-packages_PyQt6_bindings --> node_venv_lib_python3_12_site-packages_PyQt6_bindings_QtSpatialAudio["QtSpatialAudio"]\n    node_venv_lib_python3_12_site-packages_PyQt6_bindings_QtSpatialAudio --> node_venv_lib_python3_12_site-packages_PyQt6_bindings_QtSpatialAudio_qaudioroom_sip["qaudioroom.sip"]\n    Root --> node_venv["venv"]\n    node_venv --> node_venv_lib["lib"]\n    node_venv_lib --> node_venv_lib_python3_12["python3.12"]\n    node_venv_lib_python3_12 --> node_venv_lib_python3_12_site-packages["site-packages"]\n    node_venv_lib_python3_12_site-packages --> node_venv_lib_python3_12_site-packages_PyQt6["PyQt6"]\n    node_venv_lib_python3_12_site-packages_PyQt6 --> node_venv_lib_python3_12_site-packages_PyQt6_bindings["bindings"]\n    node_venv_lib_python3_12_site-packages_PyQt6_bindings --> node_venv_lib_python3_12_site-packages_PyQt6_bindings_QtSpatialAudio["QtSpatialAudio"]\n    node_venv_lib_python3_12_site-packages_PyQt6_bindings_QtSpatialAudio --> node_venv_lib_python3_12_site-packages_PyQt6_bindings_QtSpatialAudio_qspatialsound_sip["qspatialsound.sip"]\n    Root --> node_venv["venv"]\n    node_venv --> node_venv_lib["lib"]\n    node_venv_lib --> node_venv_lib_python3_12["python3.12"]\n    node_venv_lib_python3_12 --> node_venv_lib_python3_12_site-packages["site-packages"]\n    node_venv_lib_python3_12_site-packages --> node_venv_lib_python3_12_site-packages_PyQt6["PyQt6"]\n    node_venv_lib_python3_12_site-packages_PyQt6 --> node_venv_lib_python3_12_site-packages_PyQt6_bindings["bindings"]\n    node_venv_lib_python3_12_site-packages_PyQt6_bindings --> node_venv_lib_python3_12_site-packages_PyQt6_bindings_QtPositioning["QtPositioning"]\n    node_venv_lib_python3_12_site-packages_PyQt6_bindings_QtPositioning --> node_venv_lib_python3_12_site-packages_PyQt6_bindings_QtPositioning_QtPositioning_toml["QtPositioning.toml"]\n    Root --> node_venv["venv"]\n    node_venv --> node_venv_lib["lib"]\n    node_venv_lib --> node_venv_lib_python3_12["python3.12"]\n    node_venv_lib_python3_12 --> node_venv_lib_python3_12_site-packages["site-packages"]\n    node_venv_lib_python3_12_site-packages --> node_venv_lib_python3_12_site-packages_PyQt6["PyQt6"]\n    node_venv_lib_python3_12_site-packages_PyQt6 --> node_venv_lib_python3_12_site-packages_PyQt6_bindings["bindings"]\n    node_venv_lib_python3_12_site-packages_PyQt6_bindings --> node_venv_lib_python3_12_site-packages_PyQt6_bindings_QtPositioning["QtPositioning"]\n    node_venv_lib_python3_12_site-packages_PyQt6_bindings_QtPositioning --> node_venv_lib_python3_12_site-packages_PyQt6_bindings_QtPositioning_QtPositioningmod_sip["QtPositioningmod.sip"]\n    Root --> node_venv["venv"]\n    node_venv --> node_venv_lib["lib"]\n    node_venv_lib --> node_venv_lib_python3_12["python3.12"]\n    node_venv_lib_python3_12 --> node_venv_lib_python3_12_site-packages["site-packages"]\n    node_venv_lib_python3_12_site-packages --> node_venv_lib_python3_12_site-packages_PyQt6["PyQt6"]\n    node_venv_lib_python3_12_site-packages_PyQt6 --> node_venv_lib_python3_12_site-packages_PyQt6_bindings["bindings"]\n    node_venv_lib_python3_12_site-packages_PyQt6_bindings --> node_venv_lib_python3_12_site-packages_PyQt6_bindings_QtPositioning["QtPositioning"]\n    node_venv_lib_python3_12_site-packages_PyQt6_bindings_QtPositioning --> node_venv_lib_python3_12_site-packages_PyQt6_bindings_QtPositioning_qgeoaddress_sip["qgeoaddress.sip"]\n    Root --> node_venv["venv"]\n    node_venv --> node_venv_lib["lib"]\n    node_venv_lib --> node_venv_lib_python3_12["python3.12"]\n    node_venv_lib_python3_12 --> node_venv_lib_python3_12_site-packages["site-packages"]\n    node_venv_lib_python3_12_site-packages --> node_venv_lib_python3_12_site-packages_PyQt6["PyQt6"]\n    node_venv_lib_python3_12_site-packages_PyQt6 --> node_venv_lib_python3_12_site-packages_PyQt6_bindings["bindings"]\n    node_venv_lib_python3_12_site-packages_PyQt6_bindings --> node_venv_lib_python3_12_site-packages_PyQt6_bindings_QtPositioning["QtPositioning"]\n    node_venv_lib_python3_12_site-packages_PyQt6_bindings_QtPositioning --> node_venv_lib_python3_12_site-packages_PyQt6_bindings_QtPositioning_qgeoareamonitorinfo_sip["qgeoareamonitorinfo.sip"]\n    Root --> node_venv["venv"]\n    node_venv --> node_venv_lib["lib"]\n    node_venv_lib --> node_venv_lib_python3_12["python3.12"]\n    node_venv_lib_python3_12 --> node_venv_lib_python3_12_site-packages["site-packages"]\n    node_venv_lib_python3_12_site-packages --> node_venv_lib_python3_12_site-packages_PyQt6["PyQt6"]\n    node_venv_lib_python3_12_site-packages_PyQt6 --> node_venv_lib_python3_12_site-packages_PyQt6_bindings["bindings"]\n    node_venv_lib_python3_12_site-packages_PyQt6_bindings --> node_venv_lib_python3_12_site-packages_PyQt6_bindings_QtPositioning["QtPositioning"]\n    node_venv_lib_python3_12_site-packages_PyQt6_bindings_QtPositioning --> node_venv_lib_python3_12_site-packages_PyQt6_bindings_QtPositioning_qgeoareamonitorsource_sip["qgeoareamonitorsource.sip"]\n    Root --> node_venv["venv"]\n    node_venv --> node_venv_lib["lib"]\n    node_venv_lib --> node_venv_lib_python3_12["python3.12"]\n    node_venv_lib_python3_12 --> node_venv_lib_python3_12_site-packages["site-packages"]\n    node_venv_lib_python3_12_site-packages --> node_venv_lib_python3_12_site-packages_PyQt6["PyQt6"]\n    node_venv_lib_python3_12_site-packages_PyQt6 --> node_venv_lib_python3_12_site-packages_PyQt6_bindings["bindings"]\n    node_venv_lib_python3_12_site-packages_PyQt6_bindings --> node_venv_lib_python3_12_site-packages_PyQt6_bindings_QtPositioning["QtPositioning"]\n    node_venv_lib_python3_12_site-packages_PyQt6_bindings_QtPositioning --> node_venv_lib_python3_12_site-packages_PyQt6_bindings_QtPositioning_qgeocircle_sip["qgeocircle.sip"]\n    Root --> node_venv["venv"]\n    node_venv --> node_venv_lib["lib"]\n    node_venv_lib --> node_venv_lib_python3_12["python3.12"]\n    node_venv_lib_python3_12 --> node_venv_lib_python3_12_site-packages["site-packages"]\n    node_venv_lib_python3_12_site-packages --> node_venv_lib_python3_12_site-packages_PyQt6["PyQt6"]\n    node_venv_lib_python3_12_site-packages_PyQt6 --> node_venv_lib_python3_12_site-packages_PyQt6_bindings["bindings"]\n    node_venv_lib_python3_12_site-packages_PyQt6_bindings --> node_venv_lib_python3_12_site-packages_PyQt6_bindings_QtPositioning["QtPositioning"]\n    node_venv_lib_python3_12_site-packages_PyQt6_bindings_QtPositioning --> node_venv_lib_python3_12_site-packages_PyQt6_bindings_QtPositioning_qgeocoordinate_sip["qgeocoordinate.sip"]\n    Root --> node_venv["venv"]\n    node_venv --> node_venv_lib["lib"]\n    node_venv_lib --> node_venv_lib_python3_12["python3.12"]\n    node_venv_lib_python3_12 --> node_venv_lib_python3_12_site-packages["site-packages"]\n    node_venv_lib_python3_12_site-packages --> node_venv_lib_python3_12_site-packages_PyQt6["PyQt6"]\n    node_venv_lib_python3_12_site-packages_PyQt6 --> node_venv_lib_python3_12_site-packages_PyQt6_bindings["bindings"]\n    node_venv_lib_python3_12_site-packages_PyQt6_bindings --> node_venv_lib_python3_12_site-packages_PyQt6_bindings_QtPositioning["QtPositioning"]\n    node_venv_lib_python3_12_site-packages_PyQt6_bindings_QtPositioning --> node_venv_lib_python3_12_site-packages_PyQt6_bindings_QtPositioning_qgeolocation_sip["qgeolocation.sip"]\n    Root --> node_venv["venv"]\n    node_venv --> node_venv_lib["lib"]\n    node_venv_lib --> node_venv_lib_python3_12["python3.12"]\n    node_venv_lib_python3_12 --> node_venv_lib_python3_12_site-packages["site-packages"]\n    node_venv_lib_python3_12_site-packages --> node_venv_lib_python3_12_site-packages_PyQt6["PyQt6"]\n    node_venv_lib_python3_12_site-packages_PyQt6 --> node_venv_lib_python3_12_site-packages_PyQt6_bindings["bindings"]\n    node_venv_lib_python3_12_site-packages_PyQt6_bindings --> node_venv_lib_python3_12_site-packages_PyQt6_bindings_QtPositioning["QtPositioning"]\n    node_venv_lib_python3_12_site-packages_PyQt6_bindings_QtPositioning --> node_venv_lib_python3_12_site-packages_PyQt6_bindings_QtPositioning_qgeopath_sip["qgeopath.sip"]\n    Root --> node_venv["venv"]\n    node_venv --> node_venv_lib["lib"]\n    node_venv_lib --> node_venv_lib_python3_12["python3.12"]\n    node_venv_lib_python3_12 --> node_venv_lib_python3_12_site-packages["site-packages"]\n    node_venv_lib_python3_12_site-packages --> node_venv_lib_python3_12_site-packages_PyQt6["PyQt6"]\n    node_venv_lib_python3_12_site-packages_PyQt6 --> node_venv_lib_python3_12_site-packages_PyQt6_bindings["bindings"]\n    node_venv_lib_python3_12_site-packages_PyQt6_bindings --> node_venv_lib_python3_12_site-packages_PyQt6_bindings_QtPositioning["QtPositioning"]\n    node_venv_lib_python3_12_site-packages_PyQt6_bindings_QtPositioning --> node_venv_lib_python3_12_site-packages_PyQt6_bindings_QtPositioning_qgeopolygon_sip["qgeopolygon.sip"]\n    Root --> node_venv["venv"]\n    node_venv --> node_venv_lib["lib"]\n    node_venv_lib --> node_venv_lib_python3_12["python3.12"]\n    node_venv_lib_python3_12 --> node_venv_lib_python3_12_site-packages["site-packages"]\n    node_venv_lib_python3_12_site-packages --> node_venv_lib_python3_12_site-packages_PyQt6["PyQt6"]\n    node_venv_lib_python3_12_site-packages_PyQt6 --> node_venv_lib_python3_12_site-packages_PyQt6_bindings["bindings"]\n    node_venv_lib_python3_12_site-packages_PyQt6_bindings --> node_venv_lib_python3_12_site-packages_PyQt6_bindings_QtPositioning["QtPositioning"]\n    node_venv_lib_python3_12_site-packages_PyQt6_bindings_QtPositioning --> node_venv_lib_python3_12_site-packages_PyQt6_bindings_QtPositioning_qgeopositioninfo_sip["qgeopositioninfo.sip"]\n    Root --> node_venv["venv"]\n    node_venv --> node_venv_lib["lib"]\n    node_venv_lib --> node_venv_lib_python3_12["python3.12"]\n    node_venv_lib_python3_12 --> node_venv_lib_python3_12_site-packages["site-packages"]\n    node_venv_lib_python3_12_site-packages --> node_venv_lib_python3_12_site-packages_PyQt6["PyQt6"]\n    node_venv_lib_python3_12_site-packages_PyQt6 --> node_venv_lib_python3_12_site-packages_PyQt6_bindings["bindings"]\n    node_venv_lib_python3_12_site-packages_PyQt6_bindings --> node_venv_lib_python3_12_site-packages_PyQt6_bindings_QtPositioning["QtPositioning"]\n    node_venv_lib_python3_12_site-packages_PyQt6_bindings_QtPositioning --> node_venv_lib_python3_12_site-packages_PyQt6_bindings_QtPositioning_qgeopositioninfosource_sip["qgeopositioninfosource.sip"]\n    Root --> node_venv["venv"]\n    node_venv --> node_venv_lib["lib"]\n    node_venv_lib --> node_venv_lib_python3_12["python3.12"]\n    node_venv_lib_python3_12 --> node_venv_lib_python3_12_site-packages["site-packages"]\n    node_venv_lib_python3_12_site-packages --> node_venv_lib_python3_12_site-packages_PyQt6["PyQt6"]\n    node_venv_lib_python3_12_site-packages_PyQt6 --> node_venv_lib_python3_12_site-packages_PyQt6_bindings["bindings"]\n    node_venv_lib_python3_12_site-packages_PyQt6_bindings --> node_venv_lib_python3_12_site-packages_PyQt6_bindings_QtPositioning["QtPositioning"]\n    node_venv_lib_python3_12_site-packages_PyQt6_bindings_QtPositioning --> node_venv_lib_python3_12_site-packages_PyQt6_bindings_QtPositioning_qgeorectangle_sip["qgeorectangle.sip"]\n    Root --> node_venv["venv"]\n    node_venv --> node_venv_lib["lib"]\n    node_venv_lib --> node_venv_lib_python3_12["python3.12"]\n    node_venv_lib_python3_12 --> node_venv_lib_python3_12_site-packages["site-packages"]\n    node_venv_lib_python3_12_site-packages --> node_venv_lib_python3_12_site-packages_PyQt6["PyQt6"]\n    node_venv_lib_python3_12_site-packages_PyQt6 --> node_venv_lib_python3_12_site-packages_PyQt6_bindings["bindings"]\n    node_venv_lib_python3_12_site-packages_PyQt6_bindings --> node_venv_lib_python3_12_site-packages_PyQt6_bindings_QtPositioning["QtPositioning"]\n    node_venv_lib_python3_12_site-packages_PyQt6_bindings_QtPositioning --> node_venv_lib_python3_12_site-packages_PyQt6_bindings_QtPositioning_qgeosatelliteinfo_sip["qgeosatelliteinfo.sip"]\n    Root --> node_venv["venv"]\n    node_venv --> node_venv_lib["lib"]\n    node_venv_lib --> node_venv_lib_python3_12["python3.12"]\n    node_venv_lib_python3_12 --> node_venv_lib_python3_12_site-packages["site-packages"]\n    node_venv_lib_python3_12_site-packages --> node_venv_lib_python3_12_site-packages_PyQt6["PyQt6"]\n    node_venv_lib_python3_12_site-packages_PyQt6 --> node_venv_lib_python3_12_site-packages_PyQt6_bindings["bindings"]\n    node_venv_lib_python3_12_site-packages_PyQt6_bindings --> node_venv_lib_python3_12_site-packages_PyQt6_bindings_QtPositioning["QtPositioning"]\n    node_venv_lib_python3_12_site-packages_PyQt6_bindings_QtPositioning --> node_venv_lib_python3_12_site-packages_PyQt6_bindings_QtPositioning_qgeosatelliteinfosource_sip["qgeosatelliteinfosource.sip"]\n    Root --> node_venv["venv"]\n    node_venv --> node_venv_lib["lib"]\n    node_venv_lib --> node_venv_lib_python3_12["python3.12"]\n    node_venv_lib_python3_12 --> node_venv_lib_python3_12_site-packages["site-packages"]\n    node_venv_lib_python3_12_site-packages --> node_venv_lib_python3_12_site-packages_PyQt6["PyQt6"]\n    node_venv_lib_python3_12_site-packages_PyQt6 --> node_venv_lib_python3_12_site-packages_PyQt6_bindings["bindings"]\n    node_venv_lib_python3_12_site-packages_PyQt6_bindings --> node_venv_lib_python3_12_site-packages_PyQt6_bindings_QtPositioning["QtPositioning"]\n    node_venv_lib_python3_12_site-packages_PyQt6_bindings_QtPositioning --> node_venv_lib_python3_12_site-packages_PyQt6_bindings_QtPositioning_qgeoshape_sip["qgeoshape.sip"]\n    Root --> node_venv["venv"]\n    node_venv --> node_venv_lib["lib"]\n    node_venv_lib --> node_venv_lib_python3_12["python3.12"]\n    node_venv_lib_python3_12 --> node_venv_lib_python3_12_site-packages["site-packages"]\n    node_venv_lib_python3_12_site-packages --> node_venv_lib_python3_12_site-packages_PyQt6["PyQt6"]\n    node_venv_lib_python3_12_site-packages_PyQt6 --> node_venv_lib_python3_12_site-packages_PyQt6_bindings["bindings"]\n    node_venv_lib_python3_12_site-packages_PyQt6_bindings --> node_venv_lib_python3_12_site-packages_PyQt6_bindings_QtPositioning["QtPositioning"]\n    node_venv_lib_python3_12_site-packages_PyQt6_bindings_QtPositioning --> node_venv_lib_python3_12_site-packages_PyQt6_bindings_QtPositioning_qnmeapositioninfosource_sip["qnmeapositioninfosource.sip"]\n    Root --> node_venv["venv"]\n    node_venv --> node_venv_lib["lib"]\n    node_venv_lib --> node_venv_lib_python3_12["python3.12"]\n    node_venv_lib_python3_12 --> node_venv_lib_python3_12_site-packages["site-packages"]\n    node_venv_lib_python3_12_site-packages --> node_venv_lib_python3_12_site-packages_PyQt6["PyQt6"]\n    node_venv_lib_python3_12_site-packages_PyQt6 --> node_venv_lib_python3_12_site-packages_PyQt6_bindings["bindings"]\n    node_venv_lib_python3_12_site-packages_PyQt6_bindings --> node_venv_lib_python3_12_site-packages_PyQt6_bindings_QtPositioning["QtPositioning"]\n    node_venv_lib_python3_12_site-packages_PyQt6_bindings_QtPositioning --> node_venv_lib_python3_12_site-packages_PyQt6_bindings_QtPositioning_qnmeasatelliteinfosource_sip["qnmeasatelliteinfosource.sip"]\n    Root --> node_venv["venv"]\n    node_venv --> node_venv_lib["lib"]\n    node_venv_lib --> node_venv_lib_python3_12["python3.12"]\n    node_venv_lib_python3_12 --> node_venv_lib_python3_12_site-packages["site-packages"]\n    node_venv_lib_python3_12_site-packages --> node_venv_lib_python3_12_site-packages_PyQt6["PyQt6"]\n    node_venv_lib_python3_12_site-packages_PyQt6 --> node_venv_lib_python3_12_site-packages_PyQt6_bindings["bindings"]\n    node_venv_lib_python3_12_site-packages_PyQt6_bindings --> node_venv_lib_python3_12_site-packages_PyQt6_bindings_QtTextToSpeech["QtTextToSpeech"]\n    node_venv_lib_python3_12_site-packages_PyQt6_bindings_QtTextToSpeech --> node_venv_lib_python3_12_site-packages_PyQt6_bindings_QtTextToSpeech_QtTextToSpeech_toml["QtTextToSpeech.toml"]\n    Root --> node_venv["venv"]\n    node_venv --> node_venv_lib["lib"]\n    node_venv_lib --> node_venv_lib_python3_12["python3.12"]\n    node_venv_lib_python3_12 --> node_venv_lib_python3_12_site-packages["site-packages"]\n    node_venv_lib_python3_12_site-packages --> node_venv_lib_python3_12_site-packages_PyQt6["PyQt6"]\n    node_venv_lib_python3_12_site-packages_PyQt6 --> node_venv_lib_python3_12_site-packages_PyQt6_bindings["bindings"]\n    node_venv_lib_python3_12_site-packages_PyQt6_bindings --> node_venv_lib_python3_12_site-packages_PyQt6_bindings_QtTextToSpeech["QtTextToSpeech"]\n    node_venv_lib_python3_12_site-packages_PyQt6_bindings_QtTextToSpeech --> node_venv_lib_python3_12_site-packages_PyQt6_bindings_QtTextToSpeech_QtTextToSpeechmod_sip["QtTextToSpeechmod.sip"]\n    Root --> node_venv["venv"]\n    node_venv --> node_venv_lib["lib"]\n    node_venv_lib --> node_venv_lib_python3_12["python3.12"]\n    node_venv_lib_python3_12 --> node_venv_lib_python3_12_site-packages["site-packages"]\n    node_venv_lib_python3_12_site-packages --> node_venv_lib_python3_12_site-packages_PyQt6["PyQt6"]\n    node_venv_lib_python3_12_site-packages_PyQt6 --> node_venv_lib_python3_12_site-packages_PyQt6_bindings["bindings"]\n    node_venv_lib_python3_12_site-packages_PyQt6_bindings --> node_venv_lib_python3_12_site-packages_PyQt6_bindings_QtTextToSpeech["QtTextToSpeech"]\n    node_venv_lib_python3_12_site-packages_PyQt6_bindings_QtTextToSpeech --> node_venv_lib_python3_12_site-packages_PyQt6_bindings_QtTextToSpeech_qtexttospeech_sip["qtexttospeech.sip"]\n    Root --> node_venv["venv"]\n    node_venv --> node_venv_lib["lib"]\n    node_venv_lib --> node_venv_lib_python3_12["python3.12"]\n    node_venv_lib_python3_12 --> node_venv_lib_python3_12_site-packages["site-packages"]\n    node_venv_lib_python3_12_site-packages --> node_venv_lib_python3_12_site-packages_PyQt6["PyQt6"]\n    node_venv_lib_python3_12_site-packages_PyQt6 --> node_venv_lib_python3_12_site-packages_PyQt6_bindings["bindings"]\n    node_venv_lib_python3_12_site-packages_PyQt6_bindings --> node_venv_lib_python3_12_site-packages_PyQt6_bindings_QtTextToSpeech["QtTextToSpeech"]\n    node_venv_lib_python3_12_site-packages_PyQt6_bindings_QtTextToSpeech --> node_venv_lib_python3_12_site-packages_PyQt6_bindings_QtTextToSpeech_qvoice_sip["qvoice.sip"]\n    Root --> node_venv["venv"]\n    node_venv --> node_venv_lib["lib"]\n    node_venv_lib --> node_venv_lib_python3_12["python3.12"]\n    node_venv_lib_python3_12 --> node_venv_lib_python3_12_site-packages["site-packages"]\n    node_venv_lib_python3_12_site-packages --> node_venv_lib_python3_12_site-packages_PyQt6["PyQt6"]\n    node_venv_lib_python3_12_site-packages_PyQt6 --> node_venv_lib_python3_12_site-packages_PyQt6_bindings["bindings"]\n    node_venv_lib_python3_12_site-packages_PyQt6_bindings --> node_venv_lib_python3_12_site-packages_PyQt6_bindings_QtCore["QtCore"]\n    node_venv_lib_python3_12_site-packages_PyQt6_bindings_QtCore --> node_venv_lib_python3_12_site-packages_PyQt6_bindings_QtCore_QtCore_toml["QtCore.toml"]\n    Root --> node_venv["venv"]\n    node_venv --> node_venv_lib["lib"]\n    node_venv_lib --> node_venv_lib_python3_12["python3.12"]\n    node_venv_lib_python3_12 --> node_venv_lib_python3_12_site-packages["site-packages"]\n    node_venv_lib_python3_12_site-packages --> node_venv_lib_python3_12_site-packages_PyQt6["PyQt6"]\n    node_venv_lib_python3_12_site-packages_PyQt6 --> node_venv_lib_python3_12_site-packages_PyQt6_bindings["bindings"]\n    node_venv_lib_python3_12_site-packages_PyQt6_bindings --> node_venv_lib_python3_12_site-packages_PyQt6_bindings_QtCore["QtCore"]\n    node_venv_lib_python3_12_site-packages_PyQt6_bindings_QtCore --> node_venv_lib_python3_12_site-packages_PyQt6_bindings_QtCore_QtCoremod_sip["QtCoremod.sip"]\n    Root --> node_venv["venv"]\n    node_venv --> node_venv_lib["lib"]\n    node_venv_lib --> node_venv_lib_python3_12["python3.12"]\n    node_venv_lib_python3_12 --> node_venv_lib_python3_12_site-packages["site-packages"]\n    node_venv_lib_python3_12_site-packages --> node_venv_lib_python3_12_site-packages_PyQt6["PyQt6"]\n    node_venv_lib_python3_12_site-packages_PyQt6 --> node_venv_lib_python3_12_site-packages_PyQt6_bindings["bindings"]\n    node_venv_lib_python3_12_site-packages_PyQt6_bindings --> node_venv_lib_python3_12_site-packages_PyQt6_bindings_QtCore["QtCore"]\n    node_venv_lib_python3_12_site-packages_PyQt6_bindings_QtCore --> node_venv_lib_python3_12_site-packages_PyQt6_bindings_QtCore_pyqt-gpl_sip5["pyqt-gpl.sip5"]\n    Root --> node_venv["venv"]\n    node_venv --> node_venv_lib["lib"]\n    node_venv_lib --> node_venv_lib_python3_12["python3.12"]\n    node_venv_lib_python3_12 --> node_venv_lib_python3_12_site-packages["site-packages"]\n    node_venv_lib_python3_12_site-packages --> node_venv_lib_python3_12_site-packages_PyQt6["PyQt6"]\n    node_venv_lib_python3_12_site-packages_PyQt6 --> node_venv_lib_python3_12_site-packages_PyQt6_bindings["bindings"]\n    node_venv_lib_python3_12_site-packages_PyQt6_bindings --> node_venv_lib_python3_12_site-packages_PyQt6_bindings_QtCore["QtCore"]\n    node_venv_lib_python3_12_site-packages_PyQt6_bindings_QtCore --> node_venv_lib_python3_12_site-packages_PyQt6_bindings_QtCore_qabstractanimation_sip["qabstractanimation.sip"]\n    Root --> node_venv["venv"]\n    node_venv --> node_venv_lib["lib"]\n    node_venv_lib --> node_venv_lib_python3_12["python3.12"]\n    node_venv_lib_python3_12 --> node_venv_lib_python3_12_site-packages["site-packages"]\n    node_venv_lib_python3_12_site-packages --> node_venv_lib_python3_12_site-packages_PyQt6["PyQt6"]\n    node_venv_lib_python3_12_site-packages_PyQt6 --> node_venv_lib_python3_12_site-packages_PyQt6_bindings["bindings"]\n    node_venv_lib_python3_12_site-packages_PyQt6_bindings --> node_venv_lib_python3_12_site-packages_PyQt6_bindings_QtCore["QtCore"]\n    node_venv_lib_python3_12_site-packages_PyQt6_bindings_QtCore --> node_venv_lib_python3_12_site-packages_PyQt6_bindings_QtCore_qabstracteventdispatcher_sip["qabstracteventdispatcher.sip"]\n    Root --> node_venv["venv"]\n    node_venv --> node_venv_lib["lib"]\n    node_venv_lib --> node_venv_lib_python3_12["python3.12"]\n    node_venv_lib_python3_12 --> node_venv_lib_python3_12_site-packages["site-packages"]\n    node_venv_lib_python3_12_site-packages --> node_venv_lib_python3_12_site-packages_PyQt6["PyQt6"]\n    node_venv_lib_python3_12_site-packages_PyQt6 --> node_venv_lib_python3_12_site-packages_PyQt6_bindings["bindings"]\n    node_venv_lib_python3_12_site-packages_PyQt6_bindings --> node_venv_lib_python3_12_site-packages_PyQt6_bindings_QtCore["QtCore"]\n    node_venv_lib_python3_12_site-packages_PyQt6_bindings_QtCore --> node_venv_lib_python3_12_site-packages_PyQt6_bindings_QtCore_qabstractitemmodel_sip["qabstractitemmodel.sip"]\n    Root --> node_venv["venv"]\n    node_venv --> node_venv_lib["lib"]\n    node_venv_lib --> node_venv_lib_python3_12["python3.12"]\n    node_venv_lib_python3_12 --> node_venv_lib_python3_12_site-packages["site-packages"]\n    node_venv_lib_python3_12_site-packages --> node_venv_lib_python3_12_site-packages_PyQt6["PyQt6"]\n    node_venv_lib_python3_12_site-packages_PyQt6 --> node_venv_lib_python3_12_site-packages_PyQt6_bindings["bindings"]\n    node_venv_lib_python3_12_site-packages_PyQt6_bindings --> node_venv_lib_python3_12_site-packages_PyQt6_bindings_QtCore["QtCore"]\n    node_venv_lib_python3_12_site-packages_PyQt6_bindings_QtCore --> node_venv_lib_python3_12_site-packages_PyQt6_bindings_QtCore_qabstractnativeeventfilter_sip["qabstractnativeeventfilter.sip"]\n    Root --> node_venv["venv"]\n    node_venv --> node_venv_lib["lib"]\n    node_venv_lib --> node_venv_lib_python3_12["python3.12"]\n    node_venv_lib_python3_12 --> node_venv_lib_python3_12_site-packages["site-packages"]\n    node_venv_lib_python3_12_site-packages --> node_venv_lib_python3_12_site-packages_PyQt6["PyQt6"]\n    node_venv_lib_python3_12_site-packages_PyQt6 --> node_venv_lib_python3_12_site-packages_PyQt6_bindings["bindings"]\n    node_venv_lib_python3_12_site-packages_PyQt6_bindings --> node_venv_lib_python3_12_site-packages_PyQt6_bindings_QtCore["QtCore"]\n    node_venv_lib_python3_12_site-packages_PyQt6_bindings_QtCore --> node_venv_lib_python3_12_site-packages_PyQt6_bindings_QtCore_qabstractproxymodel_sip["qabstractproxymodel.sip"]\n    Root --> node_venv["venv"]\n    node_venv --> node_venv_lib["lib"]\n    node_venv_lib --> node_venv_lib_python3_12["python3.12"]\n    node_venv_lib_python3_12 --> node_venv_lib_python3_12_site-packages["site-packages"]\n    node_venv_lib_python3_12_site-packages --> node_venv_lib_python3_12_site-packages_PyQt6["PyQt6"]\n    node_venv_lib_python3_12_site-packages_PyQt6 --> node_venv_lib_python3_12_site-packages_PyQt6_bindings["bindings"]\n    node_venv_lib_python3_12_site-packages_PyQt6_bindings --> node_venv_lib_python3_12_site-packages_PyQt6_bindings_QtCore["QtCore"]\n    node_venv_lib_python3_12_site-packages_PyQt6_bindings_QtCore --> node_venv_lib_python3_12_site-packages_PyQt6_bindings_QtCore_qanimationgroup_sip["qanimationgroup.sip"]\n    Root --> node_venv["venv"]\n    node_venv --> node_venv_lib["lib"]\n    node_venv_lib --> node_venv_lib_python3_12["python3.12"]\n    node_venv_lib_python3_12 --> node_venv_lib_python3_12_site-packages["site-packages"]\n    node_venv_lib_python3_12_site-packages --> node_venv_lib_python3_12_site-packages_PyQt6["PyQt6"]\n    node_venv_lib_python3_12_site-packages_PyQt6 --> node_venv_lib_python3_12_site-packages_PyQt6_bindings["bindings"]\n    node_venv_lib_python3_12_site-packages_PyQt6_bindings --> node_venv_lib_python3_12_site-packages_PyQt6_bindings_QtCore["QtCore"]\n    node_venv_lib_python3_12_site-packages_PyQt6_bindings_QtCore --> node_venv_lib_python3_12_site-packages_PyQt6_bindings_QtCore_qanystringview_sip["qanystringview.sip"]\n    Root --> node_venv["venv"]\n    node_venv --> node_venv_lib["lib"]\n    node_venv_lib --> node_venv_lib_python3_12["python3.12"]\n    node_venv_lib_python3_12 --> node_venv_lib_python3_12_site-packages["site-packages"]\n    node_venv_lib_python3_12_site-packages --> node_venv_lib_python3_12_site-packages_PyQt6["PyQt6"]\n    node_venv_lib_python3_12_site-packages_PyQt6 --> node_venv_lib_python3_12_site-packages_PyQt6_bindings["bindings"]\n    node_venv_lib_python3_12_site-packages_PyQt6_bindings --> node_venv_lib_python3_12_site-packages_PyQt6_bindings_QtCore["QtCore"]\n    node_venv_lib_python3_12_site-packages_PyQt6_bindings_QtCore --> node_venv_lib_python3_12_site-packages_PyQt6_bindings_QtCore_qbasictimer_sip["qbasictimer.sip"]\n    Root --> node_venv["venv"]\n    node_venv --> node_venv_lib["lib"]\n    node_venv_lib --> node_venv_lib_python3_12["python3.12"]\n    node_venv_lib_python3_12 --> node_venv_lib_python3_12_site-packages["site-packages"]\n    node_venv_lib_python3_12_site-packages --> node_venv_lib_python3_12_site-packages_PyQt6["PyQt6"]\n    node_venv_lib_python3_12_site-packages_PyQt6 --> node_venv_lib_python3_12_site-packages_PyQt6_bindings["bindings"]\n    node_venv_lib_python3_12_site-packages_PyQt6_bindings --> node_venv_lib_python3_12_site-packages_PyQt6_bindings_QtCore["QtCore"]\n    node_venv_lib_python3_12_site-packages_PyQt6_bindings_QtCore --> node_venv_lib_python3_12_site-packages_PyQt6_bindings_QtCore_qbitarray_sip["qbitarray.sip"]\n    Root --> node_venv["venv"]\n    node_venv --> node_venv_lib["lib"]\n    node_venv_lib --> node_venv_lib_python3_12["python3.12"]\n    node_venv_lib_python3_12 --> node_venv_lib_python3_12_site-packages["site-packages"]\n    node_venv_lib_python3_12_site-packages --> node_venv_lib_python3_12_site-packages_PyQt6["PyQt6"]\n    node_venv_lib_python3_12_site-packages_PyQt6 --> node_venv_lib_python3_12_site-packages_PyQt6_bindings["bindings"]\n    node_venv_lib_python3_12_site-packages_PyQt6_bindings --> node_venv_lib_python3_12_site-packages_PyQt6_bindings_QtCore["QtCore"]\n    node_venv_lib_python3_12_site-packages_PyQt6_bindings_QtCore --> node_venv_lib_python3_12_site-packages_PyQt6_bindings_QtCore_qbuffer_sip["qbuffer.sip"]\n    Root --> node_venv["venv"]\n    node_venv --> node_venv_lib["lib"]\n    node_venv_lib --> node_venv_lib_python3_12["python3.12"]\n    node_venv_lib_python3_12 --> node_venv_lib_python3_12_site-packages["site-packages"]\n    node_venv_lib_python3_12_site-packages --> node_venv_lib_python3_12_site-packages_PyQt6["PyQt6"]\n    node_venv_lib_python3_12_site-packages_PyQt6 --> node_venv_lib_python3_12_site-packages_PyQt6_bindings["bindings"]\n    node_venv_lib_python3_12_site-packages_PyQt6_bindings --> node_venv_lib_python3_12_site-packages_PyQt6_bindings_QtCore["QtCore"]\n    node_venv_lib_python3_12_site-packages_PyQt6_bindings_QtCore --> node_venv_lib_python3_12_site-packages_PyQt6_bindings_QtCore_qbytearray_sip["qbytearray.sip"]\n    Root --> node_venv["venv"]\n    node_venv --> node_venv_lib["lib"]\n    node_venv_lib --> node_venv_lib_python3_12["python3.12"]\n    node_venv_lib_python3_12 --> node_venv_lib_python3_12_site-packages["site-packages"]\n    node_venv_lib_python3_12_site-packages --> node_venv_lib_python3_12_site-packages_PyQt6["PyQt6"]\n    node_venv_lib_python3_12_site-packages_PyQt6 --> node_venv_lib_python3_12_site-packages_PyQt6_bindings["bindings"]\n    node_venv_lib_python3_12_site-packages_PyQt6_bindings --> node_venv_lib_python3_12_site-packages_PyQt6_bindings_QtCore["QtCore"]\n    node_venv_lib_python3_12_site-packages_PyQt6_bindings_QtCore --> node_venv_lib_python3_12_site-packages_PyQt6_bindings_QtCore_qbytearrayalgorithms_sip["qbytearrayalgorithms.sip"]\n    Root --> node_venv["venv"]\n    node_venv --> node_venv_lib["lib"]\n    node_venv_lib --> node_venv_lib_python3_12["python3.12"]\n    node_venv_lib_python3_12 --> node_venv_lib_python3_12_site-packages["site-packages"]\n    node_venv_lib_python3_12_site-packages --> node_venv_lib_python3_12_site-packages_PyQt6["PyQt6"]\n    node_venv_lib_python3_12_site-packages_PyQt6 --> node_venv_lib_python3_12_site-packages_PyQt6_bindings["bindings"]\n    node_venv_lib_python3_12_site-packages_PyQt6_bindings --> node_venv_lib_python3_12_site-packages_PyQt6_bindings_QtCore["QtCore"]\n    node_venv_lib_python3_12_site-packages_PyQt6_bindings_QtCore --> node_venv_lib_python3_12_site-packages_PyQt6_bindings_QtCore_qbytearraylist_sip["qbytearraylist.sip"]\n    Root --> node_venv["venv"]\n    node_venv --> node_venv_lib["lib"]\n    node_venv_lib --> node_venv_lib_python3_12["python3.12"]\n    node_venv_lib_python3_12 --> node_venv_lib_python3_12_site-packages["site-packages"]\n    node_venv_lib_python3_12_site-packages --> node_venv_lib_python3_12_site-packages_PyQt6["PyQt6"]\n    node_venv_lib_python3_12_site-packages_PyQt6 --> node_venv_lib_python3_12_site-packages_PyQt6_bindings["bindings"]\n    node_venv_lib_python3_12_site-packages_PyQt6_bindings --> node_venv_lib_python3_12_site-packages_PyQt6_bindings_QtCore["QtCore"]\n    node_venv_lib_python3_12_site-packages_PyQt6_bindings_QtCore --> node_venv_lib_python3_12_site-packages_PyQt6_bindings_QtCore_qbytearraymatcher_sip["qbytearraymatcher.sip"]\n    Root --> node_venv["venv"]\n    node_venv --> node_venv_lib["lib"]\n    node_venv_lib --> node_venv_lib_python3_12["python3.12"]\n    node_venv_lib_python3_12 --> node_venv_lib_python3_12_site-packages["site-packages"]\n    node_venv_lib_python3_12_site-packages --> node_venv_lib_python3_12_site-packages_PyQt6["PyQt6"]\n    node_venv_lib_python3_12_site-packages_PyQt6 --> node_venv_lib_python3_12_site-packages_PyQt6_bindings["bindings"]\n    node_venv_lib_python3_12_site-packages_PyQt6_bindings --> node_venv_lib_python3_12_site-packages_PyQt6_bindings_QtCore["QtCore"]\n    node_venv_lib_python3_12_site-packages_PyQt6_bindings_QtCore --> node_venv_lib_python3_12_site-packages_PyQt6_bindings_QtCore_qbytearrayview_sip["qbytearrayview.sip"]\n    Root --> node_venv["venv"]\n    node_venv --> node_venv_lib["lib"]\n    node_venv_lib --> node_venv_lib_python3_12["python3.12"]\n    node_venv_lib_python3_12 --> node_venv_lib_python3_12_site-packages["site-packages"]\n    node_venv_lib_python3_12_site-packages --> node_venv_lib_python3_12_site-packages_PyQt6["PyQt6"]\n    node_venv_lib_python3_12_site-packages_PyQt6 --> node_venv_lib_python3_12_site-packages_PyQt6_bindings["bindings"]\n    node_venv_lib_python3_12_site-packages_PyQt6_bindings --> node_venv_lib_python3_12_site-packages_PyQt6_bindings_QtCore["QtCore"]\n    node_venv_lib_python3_12_site-packages_PyQt6_bindings_QtCore --> node_venv_lib_python3_12_site-packages_PyQt6_bindings_QtCore_qcalendar_sip["qcalendar.sip"]\n    Root --> node_venv["venv"]\n    node_venv --> node_venv_lib["lib"]\n    node_venv_lib --> node_venv_lib_python3_12["python3.12"]\n    node_venv_lib_python3_12 --> node_venv_lib_python3_12_site-packages["site-packages"]\n    node_venv_lib_python3_12_site-packages --> node_venv_lib_python3_12_site-packages_PyQt6["PyQt6"]\n    node_venv_lib_python3_12_site-packages_PyQt6 --> node_venv_lib_python3_12_site-packages_PyQt6_bindings["bindings"]\n    node_venv_lib_python3_12_site-packages_PyQt6_bindings --> node_venv_lib_python3_12_site-packages_PyQt6_bindings_QtCore["QtCore"]\n    node_venv_lib_python3_12_site-packages_PyQt6_bindings_QtCore --> node_venv_lib_python3_12_site-packages_PyQt6_bindings_QtCore_qcborcommon_sip["qcborcommon.sip"]\n    Root --> node_venv["venv"]\n    node_venv --> node_venv_lib["lib"]\n    node_venv_lib --> node_venv_lib_python3_12["python3.12"]\n    node_venv_lib_python3_12 --> node_venv_lib_python3_12_site-packages["site-packages"]\n    node_venv_lib_python3_12_site-packages --> node_venv_lib_python3_12_site-packages_PyQt6["PyQt6"]\n    node_venv_lib_python3_12_site-packages_PyQt6 --> node_venv_lib_python3_12_site-packages_PyQt6_bindings["bindings"]\n    node_venv_lib_python3_12_site-packages_PyQt6_bindings --> node_venv_lib_python3_12_site-packages_PyQt6_bindings_QtCore["QtCore"]\n    node_venv_lib_python3_12_site-packages_PyQt6_bindings_QtCore --> node_venv_lib_python3_12_site-packages_PyQt6_bindings_QtCore_qcborstreamreader_sip["qcborstreamreader.sip"]\n    Root --> node_venv["venv"]\n    node_venv --> node_venv_lib["lib"]\n    node_venv_lib --> node_venv_lib_python3_12["python3.12"]\n    node_venv_lib_python3_12 --> node_venv_lib_python3_12_site-packages["site-packages"]\n    node_venv_lib_python3_12_site-packages --> node_venv_lib_python3_12_site-packages_PyQt6["PyQt6"]\n    node_venv_lib_python3_12_site-packages_PyQt6 --> node_venv_lib_python3_12_site-packages_PyQt6_bindings["bindings"]\n    node_venv_lib_python3_12_site-packages_PyQt6_bindings --> node_venv_lib_python3_12_site-packages_PyQt6_bindings_QtCore["QtCore"]\n    node_venv_lib_python3_12_site-packages_PyQt6_bindings_QtCore --> node_venv_lib_python3_12_site-packages_PyQt6_bindings_QtCore_qcborstreamwriter_sip["qcborstreamwriter.sip"]\n    Root --> node_venv["venv"]\n    node_venv --> node_venv_lib["lib"]\n    node_venv_lib --> node_venv_lib_python3_12["python3.12"]\n    node_venv_lib_python3_12 --> node_venv_lib_python3_12_site-packages["site-packages"]\n    node_venv_lib_python3_12_site-packages --> node_venv_lib_python3_12_site-packages_PyQt6["PyQt6"]\n    node_venv_lib_python3_12_site-packages_PyQt6 --> node_venv_lib_python3_12_site-packages_PyQt6_bindings["bindings"]\n    node_venv_lib_python3_12_site-packages_PyQt6_bindings --> node_venv_lib_python3_12_site-packages_PyQt6_bindings_QtCore["QtCore"]\n    node_venv_lib_python3_12_site-packages_PyQt6_bindings_QtCore --> node_venv_lib_python3_12_site-packages_PyQt6_bindings_QtCore_qchar_sip["qchar.sip"]\n    Root --> node_venv["venv"]\n    node_venv --> node_venv_lib["lib"]\n    node_venv_lib --> node_venv_lib_python3_12["python3.12"]\n    node_venv_lib_python3_12 --> node_venv_lib_python3_12_site-packages["site-packages"]\n    node_venv_lib_python3_12_site-packages --> node_venv_lib_python3_12_site-packages_PyQt6["PyQt6"]\n    node_venv_lib_python3_12_site-packages_PyQt6 --> node_venv_lib_python3_12_site-packages_PyQt6_bindings["bindings"]\n    node_venv_lib_python3_12_site-packages_PyQt6_bindings --> node_venv_lib_python3_12_site-packages_PyQt6_bindings_QtCore["QtCore"]\n    node_venv_lib_python3_12_site-packages_PyQt6_bindings_QtCore --> node_venv_lib_python3_12_site-packages_PyQt6_bindings_QtCore_qcollator_sip["qcollator.sip"]\n    Root --> node_venv["venv"]\n    node_venv --> node_venv_lib["lib"]\n    node_venv_lib --> node_venv_lib_python3_12["python3.12"]\n    node_venv_lib_python3_12 --> node_venv_lib_python3_12_site-packages["site-packages"]\n    node_venv_lib_python3_12_site-packages --> node_venv_lib_python3_12_site-packages_PyQt6["PyQt6"]\n    node_venv_lib_python3_12_site-packages_PyQt6 --> node_venv_lib_python3_12_site-packages_PyQt6_bindings["bindings"]\n    node_venv_lib_python3_12_site-packages_PyQt6_bindings --> node_venv_lib_python3_12_site-packages_PyQt6_bindings_QtCore["QtCore"]\n    node_venv_lib_python3_12_site-packages_PyQt6_bindings_QtCore --> node_venv_lib_python3_12_site-packages_PyQt6_bindings_QtCore_qcommandlineoption_sip["qcommandlineoption.sip"]\n    Root --> node_venv["venv"]\n    node_venv --> node_venv_lib["lib"]\n    node_venv_lib --> node_venv_lib_python3_12["python3.12"]\n    node_venv_lib_python3_12 --> node_venv_lib_python3_12_site-packages["site-packages"]\n    node_venv_lib_python3_12_site-packages --> node_venv_lib_python3_12_site-packages_PyQt6["PyQt6"]\n    node_venv_lib_python3_12_site-packages_PyQt6 --> node_venv_lib_python3_12_site-packages_PyQt6_bindings["bindings"]\n    node_venv_lib_python3_12_site-packages_PyQt6_bindings --> node_venv_lib_python3_12_site-packages_PyQt6_bindings_QtCore["QtCore"]\n    node_venv_lib_python3_12_site-packages_PyQt6_bindings_QtCore --> node_venv_lib_python3_12_site-packages_PyQt6_bindings_QtCore_qcommandlineparser_sip["qcommandlineparser.sip"]\n    Root --> node_venv["venv"]\n    node_venv --> node_venv_lib["lib"]\n    node_venv_lib --> node_venv_lib_python3_12["python3.12"]\n    node_venv_lib_python3_12 --> node_venv_lib_python3_12_site-packages["site-packages"]\n    node_venv_lib_python3_12_site-packages --> node_venv_lib_python3_12_site-packages_PyQt6["PyQt6"]\n    node_venv_lib_python3_12_site-packages_PyQt6 --> node_venv_lib_python3_12_site-packages_PyQt6_bindings["bindings"]\n    node_venv_lib_python3_12_site-packages_PyQt6_bindings --> node_venv_lib_python3_12_site-packages_PyQt6_bindings_QtCore["QtCore"]\n    node_venv_lib_python3_12_site-packages_PyQt6_bindings_QtCore --> node_venv_lib_python3_12_site-packages_PyQt6_bindings_QtCore_qconcatenatetablesproxymodel_sip["qconcatenatetablesproxymodel.sip"]\n    Root --> node_venv["venv"]\n    node_venv --> node_venv_lib["lib"]\n    node_venv_lib --> node_venv_lib_python3_12["python3.12"]\n    node_venv_lib_python3_12 --> node_venv_lib_python3_12_site-packages["site-packages"]\n    node_venv_lib_python3_12_site-packages --> node_venv_lib_python3_12_site-packages_PyQt6["PyQt6"]\n    node_venv_lib_python3_12_site-packages_PyQt6 --> node_venv_lib_python3_12_site-packages_PyQt6_bindings["bindings"]\n    node_venv_lib_python3_12_site-packages_PyQt6_bindings --> node_venv_lib_python3_12_site-packages_PyQt6_bindings_QtCore["QtCore"]\n    node_venv_lib_python3_12_site-packages_PyQt6_bindings_QtCore --> node_venv_lib_python3_12_site-packages_PyQt6_bindings_QtCore_qcoreapplication_sip["qcoreapplication.sip"]\n    Root --> node_venv["venv"]\n    node_venv --> node_venv_lib["lib"]\n    node_venv_lib --> node_venv_lib_python3_12["python3.12"]\n    node_venv_lib_python3_12 --> node_venv_lib_python3_12_site-packages["site-packages"]\n    node_venv_lib_python3_12_site-packages --> node_venv_lib_python3_12_site-packages_PyQt6["PyQt6"]\n    node_venv_lib_python3_12_site-packages_PyQt6 --> node_venv_lib_python3_12_site-packages_PyQt6_bindings["bindings"]\n    node_venv_lib_python3_12_site-packages_PyQt6_bindings --> node_venv_lib_python3_12_site-packages_PyQt6_bindings_QtCore["QtCore"]\n    node_venv_lib_python3_12_site-packages_PyQt6_bindings_QtCore --> node_venv_lib_python3_12_site-packages_PyQt6_bindings_QtCore_qcoreevent_sip["qcoreevent.sip"]\n    Root --> node_venv["venv"]\n    node_venv --> node_venv_lib["lib"]\n    node_venv_lib --> node_venv_lib_python3_12["python3.12"]\n    node_venv_lib_python3_12 --> node_venv_lib_python3_12_site-packages["site-packages"]\n    node_venv_lib_python3_12_site-packages --> node_venv_lib_python3_12_site-packages_PyQt6["PyQt6"]\n    node_venv_lib_python3_12_site-packages_PyQt6 --> node_venv_lib_python3_12_site-packages_PyQt6_bindings["bindings"]\n    node_venv_lib_python3_12_site-packages_PyQt6_bindings --> node_venv_lib_python3_12_site-packages_PyQt6_bindings_QtCore["QtCore"]\n    node_venv_lib_python3_12_site-packages_PyQt6_bindings_QtCore --> node_venv_lib_python3_12_site-packages_PyQt6_bindings_QtCore_qcryptographichash_sip["qcryptographichash.sip"]\n    Root --> node_venv["venv"]\n    node_venv --> node_venv_lib["lib"]\n    node_venv_lib --> node_venv_lib_python3_12["python3.12"]\n    node_venv_lib_python3_12 --> node_venv_lib_python3_12_site-packages["site-packages"]\n    node_venv_lib_python3_12_site-packages --> node_venv_lib_python3_12_site-packages_PyQt6["PyQt6"]\n    node_venv_lib_python3_12_site-packages_PyQt6 --> node_venv_lib_python3_12_site-packages_PyQt6_bindings["bindings"]\n    node_venv_lib_python3_12_site-packages_PyQt6_bindings --> node_venv_lib_python3_12_site-packages_PyQt6_bindings_QtCore["QtCore"]\n    node_venv_lib_python3_12_site-packages_PyQt6_bindings_QtCore --> node_venv_lib_python3_12_site-packages_PyQt6_bindings_QtCore_qdatastream_sip["qdatastream.sip"]\n    Root --> node_venv["venv"]\n    node_venv --> node_venv_lib["lib"]\n    node_venv_lib --> node_venv_lib_python3_12["python3.12"]\n    node_venv_lib_python3_12 --> node_venv_lib_python3_12_site-packages["site-packages"]\n    node_venv_lib_python3_12_site-packages --> node_venv_lib_python3_12_site-packages_PyQt6["PyQt6"]\n    node_venv_lib_python3_12_site-packages_PyQt6 --> node_venv_lib_python3_12_site-packages_PyQt6_bindings["bindings"]\n    node_venv_lib_python3_12_site-packages_PyQt6_bindings --> node_venv_lib_python3_12_site-packages_PyQt6_bindings_QtCore["QtCore"]\n    node_venv_lib_python3_12_site-packages_PyQt6_bindings_QtCore --> node_venv_lib_python3_12_site-packages_PyQt6_bindings_QtCore_qdatetime_sip["qdatetime.sip"]\n    Root --> node_venv["venv"]\n    node_venv --> node_venv_lib["lib"]\n    node_venv_lib --> node_venv_lib_python3_12["python3.12"]\n    node_venv_lib_python3_12 --> node_venv_lib_python3_12_site-packages["site-packages"]\n    node_venv_lib_python3_12_site-packages --> node_venv_lib_python3_12_site-packages_PyQt6["PyQt6"]\n    node_venv_lib_python3_12_site-packages_PyQt6 --> node_venv_lib_python3_12_site-packages_PyQt6_bindings["bindings"]\n    node_venv_lib_python3_12_site-packages_PyQt6_bindings --> node_venv_lib_python3_12_site-packages_PyQt6_bindings_QtCore["QtCore"]\n    node_venv_lib_python3_12_site-packages_PyQt6_bindings_QtCore --> node_venv_lib_python3_12_site-packages_PyQt6_bindings_QtCore_qdeadlinetimer_sip["qdeadlinetimer.sip"]\n    Root --> node_venv["venv"]\n    node_venv --> node_venv_lib["lib"]\n    node_venv_lib --> node_venv_lib_python3_12["python3.12"]\n    node_venv_lib_python3_12 --> node_venv_lib_python3_12_site-packages["site-packages"]\n    node_venv_lib_python3_12_site-packages --> node_venv_lib_python3_12_site-packages_PyQt6["PyQt6"]\n    node_venv_lib_python3_12_site-packages_PyQt6 --> node_venv_lib_python3_12_site-packages_PyQt6_bindings["bindings"]\n    node_venv_lib_python3_12_site-packages_PyQt6_bindings --> node_venv_lib_python3_12_site-packages_PyQt6_bindings_QtCore["QtCore"]\n    node_venv_lib_python3_12_site-packages_PyQt6_bindings_QtCore --> node_venv_lib_python3_12_site-packages_PyQt6_bindings_QtCore_qdir_sip["qdir.sip"]\n    Root --> node_venv["venv"]\n    node_venv --> node_venv_lib["lib"]\n    node_venv_lib --> node_venv_lib_python3_12["python3.12"]\n    node_venv_lib_python3_12 --> node_venv_lib_python3_12_site-packages["site-packages"]\n    node_venv_lib_python3_12_site-packages --> node_venv_lib_python3_12_site-packages_PyQt6["PyQt6"]\n    node_venv_lib_python3_12_site-packages_PyQt6 --> node_venv_lib_python3_12_site-packages_PyQt6_bindings["bindings"]\n    node_venv_lib_python3_12_site-packages_PyQt6_bindings --> node_venv_lib_python3_12_site-packages_PyQt6_bindings_QtCore["QtCore"]\n    node_venv_lib_python3_12_site-packages_PyQt6_bindings_QtCore --> node_venv_lib_python3_12_site-packages_PyQt6_bindings_QtCore_qdiriterator_sip["qdiriterator.sip"]\n    Root --> node_venv["venv"]\n    node_venv --> node_venv_lib["lib"]\n    node_venv_lib --> node_venv_lib_python3_12["python3.12"]\n    node_venv_lib_python3_12 --> node_venv_lib_python3_12_site-packages["site-packages"]\n    node_venv_lib_python3_12_site-packages --> node_venv_lib_python3_12_site-packages_PyQt6["PyQt6"]\n    node_venv_lib_python3_12_site-packages_PyQt6 --> node_venv_lib_python3_12_site-packages_PyQt6_bindings["bindings"]\n    node_venv_lib_python3_12_site-packages_PyQt6_bindings --> node_venv_lib_python3_12_site-packages_PyQt6_bindings_QtCore["QtCore"]\n    node_venv_lib_python3_12_site-packages_PyQt6_bindings_QtCore --> node_venv_lib_python3_12_site-packages_PyQt6_bindings_QtCore_qeasingcurve_sip["qeasingcurve.sip"]\n    Root --> node_venv["venv"]\n    node_venv --> node_venv_lib["lib"]\n    node_venv_lib --> node_venv_lib_python3_12["python3.12"]\n    node_venv_lib_python3_12 --> node_venv_lib_python3_12_site-packages["site-packages"]\n    node_venv_lib_python3_12_site-packages --> node_venv_lib_python3_12_site-packages_PyQt6["PyQt6"]\n    node_venv_lib_python3_12_site-packages_PyQt6 --> node_venv_lib_python3_12_site-packages_PyQt6_bindings["bindings"]\n    node_venv_lib_python3_12_site-packages_PyQt6_bindings --> node_venv_lib_python3_12_site-packages_PyQt6_bindings_QtCore["QtCore"]\n    node_venv_lib_python3_12_site-packages_PyQt6_bindings_QtCore --> node_venv_lib_python3_12_site-packages_PyQt6_bindings_QtCore_qelapsedtimer_sip["qelapsedtimer.sip"]\n    Root --> node_venv["venv"]\n    node_venv --> node_venv_lib["lib"]\n    node_venv_lib --> node_venv_lib_python3_12["python3.12"]\n    node_venv_lib_python3_12 --> node_venv_lib_python3_12_site-packages["site-packages"]\n    node_venv_lib_python3_12_site-packages --> node_venv_lib_python3_12_site-packages_PyQt6["PyQt6"]\n    node_venv_lib_python3_12_site-packages_PyQt6 --> node_venv_lib_python3_12_site-packages_PyQt6_bindings["bindings"]\n    node_venv_lib_python3_12_site-packages_PyQt6_bindings --> node_venv_lib_python3_12_site-packages_PyQt6_bindings_QtCore["QtCore"]\n    node_venv_lib_python3_12_site-packages_PyQt6_bindings_QtCore --> node_venv_lib_python3_12_site-packages_PyQt6_bindings_QtCore_qeventloop_sip["qeventloop.sip"]\n    Root --> node_venv["venv"]\n    node_venv --> node_venv_lib["lib"]\n    node_venv_lib --> node_venv_lib_python3_12["python3.12"]\n    node_venv_lib_python3_12 --> node_venv_lib_python3_12_site-packages["site-packages"]\n    node_venv_lib_python3_12_site-packages --> node_venv_lib_python3_12_site-packages_PyQt6["PyQt6"]\n    node_venv_lib_python3_12_site-packages_PyQt6 --> node_venv_lib_python3_12_site-packages_PyQt6_bindings["bindings"]\n    node_venv_lib_python3_12_site-packages_PyQt6_bindings --> node_venv_lib_python3_12_site-packages_PyQt6_bindings_QtCore["QtCore"]\n    node_venv_lib_python3_12_site-packages_PyQt6_bindings_QtCore --> node_venv_lib_python3_12_site-packages_PyQt6_bindings_QtCore_qfile_sip["qfile.sip"]\n    Root --> node_venv["venv"]\n    node_venv --> node_venv_lib["lib"]\n    node_venv_lib --> node_venv_lib_python3_12["python3.12"]\n    node_venv_lib_python3_12 --> node_venv_lib_python3_12_site-packages["site-packages"]\n    node_venv_lib_python3_12_site-packages --> node_venv_lib_python3_12_site-packages_PyQt6["PyQt6"]\n    node_venv_lib_python3_12_site-packages_PyQt6 --> node_venv_lib_python3_12_site-packages_PyQt6_bindings["bindings"]\n    node_venv_lib_python3_12_site-packages_PyQt6_bindings --> node_venv_lib_python3_12_site-packages_PyQt6_bindings_QtCore["QtCore"]\n    node_venv_lib_python3_12_site-packages_PyQt6_bindings_QtCore --> node_venv_lib_python3_12_site-packages_PyQt6_bindings_QtCore_qfiledevice_sip["qfiledevice.sip"]\n    Root --> node_venv["venv"]\n    node_venv --> node_venv_lib["lib"]\n    node_venv_lib --> node_venv_lib_python3_12["python3.12"]\n    node_venv_lib_python3_12 --> node_venv_lib_python3_12_site-packages["site-packages"]\n    node_venv_lib_python3_12_site-packages --> node_venv_lib_python3_12_site-packages_PyQt6["PyQt6"]\n    node_venv_lib_python3_12_site-packages_PyQt6 --> node_venv_lib_python3_12_site-packages_PyQt6_bindings["bindings"]\n    node_venv_lib_python3_12_site-packages_PyQt6_bindings --> node_venv_lib_python3_12_site-packages_PyQt6_bindings_QtCore["QtCore"]\n    node_venv_lib_python3_12_site-packages_PyQt6_bindings_QtCore --> node_venv_lib_python3_12_site-packages_PyQt6_bindings_QtCore_qfileinfo_sip["qfileinfo.sip"]\n    Root --> node_venv["venv"]\n    node_venv --> node_venv_lib["lib"]\n    node_venv_lib --> node_venv_lib_python3_12["python3.12"]\n    node_venv_lib_python3_12 --> node_venv_lib_python3_12_site-packages["site-packages"]\n    node_venv_lib_python3_12_site-packages --> node_venv_lib_python3_12_site-packages_PyQt6["PyQt6"]\n    node_venv_lib_python3_12_site-packages_PyQt6 --> node_venv_lib_python3_12_site-packages_PyQt6_bindings["bindings"]\n    node_venv_lib_python3_12_site-packages_PyQt6_bindings --> node_venv_lib_python3_12_site-packages_PyQt6_bindings_QtCore["QtCore"]\n    node_venv_lib_python3_12_site-packages_PyQt6_bindings_QtCore --> node_venv_lib_python3_12_site-packages_PyQt6_bindings_QtCore_qfileselector_sip["qfileselector.sip"]\n    Root --> node_venv["venv"]\n    node_venv --> node_venv_lib["lib"]\n    node_venv_lib --> node_venv_lib_python3_12["python3.12"]\n    node_venv_lib_python3_12 --> node_venv_lib_python3_12_site-packages["site-packages"]\n    node_venv_lib_python3_12_site-packages --> node_venv_lib_python3_12_site-packages_PyQt6["PyQt6"]\n    node_venv_lib_python3_12_site-packages_PyQt6 --> node_venv_lib_python3_12_site-packages_PyQt6_bindings["bindings"]\n    node_venv_lib_python3_12_site-packages_PyQt6_bindings --> node_venv_lib_python3_12_site-packages_PyQt6_bindings_QtCore["QtCore"]\n    node_venv_lib_python3_12_site-packages_PyQt6_bindings_QtCore --> node_venv_lib_python3_12_site-packages_PyQt6_bindings_QtCore_qfilesystemwatcher_sip["qfilesystemwatcher.sip"]\n    Root --> node_venv["venv"]\n    node_venv --> node_venv_lib["lib"]\n    node_venv_lib --> node_venv_lib_python3_12["python3.12"]\n    node_venv_lib_python3_12 --> node_venv_lib_python3_12_site-packages["site-packages"]\n    node_venv_lib_python3_12_site-packages --> node_venv_lib_python3_12_site-packages_PyQt6["PyQt6"]\n    node_venv_lib_python3_12_site-packages_PyQt6 --> node_venv_lib_python3_12_site-packages_PyQt6_bindings["bindings"]\n    node_venv_lib_python3_12_site-packages_PyQt6_bindings --> node_venv_lib_python3_12_site-packages_PyQt6_bindings_QtCore["QtCore"]\n    node_venv_lib_python3_12_site-packages_PyQt6_bindings_QtCore --> node_venv_lib_python3_12_site-packages_PyQt6_bindings_QtCore_qflags_sip["qflags.sip"]\n    Root --> node_venv["venv"]\n    node_venv --> node_venv_lib["lib"]\n    node_venv_lib --> node_venv_lib_python3_12["python3.12"]\n    node_venv_lib_python3_12 --> node_venv_lib_python3_12_site-packages["site-packages"]\n    node_venv_lib_python3_12_site-packages --> node_venv_lib_python3_12_site-packages_PyQt6["PyQt6"]\n    node_venv_lib_python3_12_site-packages_PyQt6 --> node_venv_lib_python3_12_site-packages_PyQt6_bindings["bindings"]\n    node_venv_lib_python3_12_site-packages_PyQt6_bindings --> node_venv_lib_python3_12_site-packages_PyQt6_bindings_QtCore["QtCore"]\n    node_venv_lib_python3_12_site-packages_PyQt6_bindings_QtCore --> node_venv_lib_python3_12_site-packages_PyQt6_bindings_QtCore_qglobal_sip["qglobal.sip"]\n    Root --> node_venv["venv"]\n    node_venv --> node_venv_lib["lib"]\n    node_venv_lib --> node_venv_lib_python3_12["python3.12"]\n    node_venv_lib_python3_12 --> node_venv_lib_python3_12_site-packages["site-packages"]\n    node_venv_lib_python3_12_site-packages --> node_venv_lib_python3_12_site-packages_PyQt6["PyQt6"]\n    node_venv_lib_python3_12_site-packages_PyQt6 --> node_venv_lib_python3_12_site-packages_PyQt6_bindings["bindings"]\n    node_venv_lib_python3_12_site-packages_PyQt6_bindings --> node_venv_lib_python3_12_site-packages_PyQt6_bindings_QtCore["QtCore"]\n    node_venv_lib_python3_12_site-packages_PyQt6_bindings_QtCore --> node_venv_lib_python3_12_site-packages_PyQt6_bindings_QtCore_qidentityproxymodel_sip["qidentityproxymodel.sip"]\n    Root --> node_venv["venv"]\n    node_venv --> node_venv_lib["lib"]\n    node_venv_lib --> node_venv_lib_python3_12["python3.12"]\n    node_venv_lib_python3_12 --> node_venv_lib_python3_12_site-packages["site-packages"]\n    node_venv_lib_python3_12_site-packages --> node_venv_lib_python3_12_site-packages_PyQt6["PyQt6"]\n    node_venv_lib_python3_12_site-packages_PyQt6 --> node_venv_lib_python3_12_site-packages_PyQt6_bindings["bindings"]\n    node_venv_lib_python3_12_site-packages_PyQt6_bindings --> node_venv_lib_python3_12_site-packages_PyQt6_bindings_QtCore["QtCore"]\n    node_venv_lib_python3_12_site-packages_PyQt6_bindings_QtCore --> node_venv_lib_python3_12_site-packages_PyQt6_bindings_QtCore_qiodevice_sip["qiodevice.sip"]\n    Root --> node_venv["venv"]\n    node_venv --> node_venv_lib["lib"]\n    node_venv_lib --> node_venv_lib_python3_12["python3.12"]\n    node_venv_lib_python3_12 --> node_venv_lib_python3_12_site-packages["site-packages"]\n    node_venv_lib_python3_12_site-packages --> node_venv_lib_python3_12_site-packages_PyQt6["PyQt6"]\n    node_venv_lib_python3_12_site-packages_PyQt6 --> node_venv_lib_python3_12_site-packages_PyQt6_bindings["bindings"]\n    node_venv_lib_python3_12_site-packages_PyQt6_bindings --> node_venv_lib_python3_12_site-packages_PyQt6_bindings_QtCore["QtCore"]\n    node_venv_lib_python3_12_site-packages_PyQt6_bindings_QtCore --> node_venv_lib_python3_12_site-packages_PyQt6_bindings_QtCore_qiodevicebase_sip["qiodevicebase.sip"]\n    Root --> node_venv["venv"]\n    node_venv --> node_venv_lib["lib"]\n    node_venv_lib --> node_venv_lib_python3_12["python3.12"]\n    node_venv_lib_python3_12 --> node_venv_lib_python3_12_site-packages["site-packages"]\n    node_venv_lib_python3_12_site-packages --> node_venv_lib_python3_12_site-packages_PyQt6["PyQt6"]\n    node_venv_lib_python3_12_site-packages_PyQt6 --> node_venv_lib_python3_12_site-packages_PyQt6_bindings["bindings"]\n    node_venv_lib_python3_12_site-packages_PyQt6_bindings --> node_venv_lib_python3_12_site-packages_PyQt6_bindings_QtCore["QtCore"]\n    node_venv_lib_python3_12_site-packages_PyQt6_bindings_QtCore --> node_venv_lib_python3_12_site-packages_PyQt6_bindings_QtCore_qitemselectionmodel_sip["qitemselectionmodel.sip"]\n    Root --> node_venv["venv"]\n    node_venv --> node_venv_lib["lib"]\n    node_venv_lib --> node_venv_lib_python3_12["python3.12"]\n    node_venv_lib_python3_12 --> node_venv_lib_python3_12_site-packages["site-packages"]\n    node_venv_lib_python3_12_site-packages --> node_venv_lib_python3_12_site-packages_PyQt6["PyQt6"]\n    node_venv_lib_python3_12_site-packages_PyQt6 --> node_venv_lib_python3_12_site-packages_PyQt6_bindings["bindings"]\n    node_venv_lib_python3_12_site-packages_PyQt6_bindings --> node_venv_lib_python3_12_site-packages_PyQt6_bindings_QtCore["QtCore"]\n    node_venv_lib_python3_12_site-packages_PyQt6_bindings_QtCore --> node_venv_lib_python3_12_site-packages_PyQt6_bindings_QtCore_qjsonarray_sip["qjsonarray.sip"]\n    Root --> node_venv["venv"]\n    node_venv --> node_venv_lib["lib"]\n    node_venv_lib --> node_venv_lib_python3_12["python3.12"]\n    node_venv_lib_python3_12 --> node_venv_lib_python3_12_site-packages["site-packages"]\n    node_venv_lib_python3_12_site-packages --> node_venv_lib_python3_12_site-packages_PyQt6["PyQt6"]\n    node_venv_lib_python3_12_site-packages_PyQt6 --> node_venv_lib_python3_12_site-packages_PyQt6_bindings["bindings"]\n    node_venv_lib_python3_12_site-packages_PyQt6_bindings --> node_venv_lib_python3_12_site-packages_PyQt6_bindings_QtCore["QtCore"]\n    node_venv_lib_python3_12_site-packages_PyQt6_bindings_QtCore --> node_venv_lib_python3_12_site-packages_PyQt6_bindings_QtCore_qjsondocument_sip["qjsondocument.sip"]\n    Root --> node_venv["venv"]\n    node_venv --> node_venv_lib["lib"]\n    node_venv_lib --> node_venv_lib_python3_12["python3.12"]\n    node_venv_lib_python3_12 --> node_venv_lib_python3_12_site-packages["site-packages"]\n    node_venv_lib_python3_12_site-packages --> node_venv_lib_python3_12_site-packages_PyQt6["PyQt6"]\n    node_venv_lib_python3_12_site-packages_PyQt6 --> node_venv_lib_python3_12_site-packages_PyQt6_bindings["bindings"]\n    node_venv_lib_python3_12_site-packages_PyQt6_bindings --> node_venv_lib_python3_12_site-packages_PyQt6_bindings_QtCore["QtCore"]\n    node_venv_lib_python3_12_site-packages_PyQt6_bindings_QtCore --> node_venv_lib_python3_12_site-packages_PyQt6_bindings_QtCore_qjsonobject_sip["qjsonobject.sip"]\n    Root --> node_venv["venv"]\n    node_venv --> node_venv_lib["lib"]\n    node_venv_lib --> node_venv_lib_python3_12["python3.12"]\n    node_venv_lib_python3_12 --> node_venv_lib_python3_12_site-packages["site-packages"]\n    node_venv_lib_python3_12_site-packages --> node_venv_lib_python3_12_site-packages_PyQt6["PyQt6"]\n    node_venv_lib_python3_12_site-packages_PyQt6 --> node_venv_lib_python3_12_site-packages_PyQt6_bindings["bindings"]\n    node_venv_lib_python3_12_site-packages_PyQt6_bindings --> node_venv_lib_python3_12_site-packages_PyQt6_bindings_QtCore["QtCore"]\n    node_venv_lib_python3_12_site-packages_PyQt6_bindings_QtCore --> node_venv_lib_python3_12_site-packages_PyQt6_bindings_QtCore_qjsonparseerror_sip["qjsonparseerror.sip"]\n    Root --> node_venv["venv"]\n    node_venv --> node_venv_lib["lib"]\n    node_venv_lib --> node_venv_lib_python3_12["python3.12"]\n    node_venv_lib_python3_12 --> node_venv_lib_python3_12_site-packages["site-packages"]\n    node_venv_lib_python3_12_site-packages --> node_venv_lib_python3_12_site-packages_PyQt6["PyQt6"]\n    node_venv_lib_python3_12_site-packages_PyQt6 --> node_venv_lib_python3_12_site-packages_PyQt6_bindings["bindings"]\n    node_venv_lib_python3_12_site-packages_PyQt6_bindings --> node_venv_lib_python3_12_site-packages_PyQt6_bindings_QtCore["QtCore"]\n    node_venv_lib_python3_12_site-packages_PyQt6_bindings_QtCore --> node_venv_lib_python3_12_site-packages_PyQt6_bindings_QtCore_qjsonvalue_sip["qjsonvalue.sip"]\n    Root --> node_venv["venv"]\n    node_venv --> node_venv_lib["lib"]\n    node_venv_lib --> node_venv_lib_python3_12["python3.12"]\n    node_venv_lib_python3_12 --> node_venv_lib_python3_12_site-packages["site-packages"]\n    node_venv_lib_python3_12_site-packages --> node_venv_lib_python3_12_site-packages_PyQt6["PyQt6"]\n    node_venv_lib_python3_12_site-packages_PyQt6 --> node_venv_lib_python3_12_site-packages_PyQt6_bindings["bindings"]\n    node_venv_lib_python3_12_site-packages_PyQt6_bindings --> node_venv_lib_python3_12_site-packages_PyQt6_bindings_QtCore["QtCore"]\n    node_venv_lib_python3_12_site-packages_PyQt6_bindings_QtCore --> node_venv_lib_python3_12_site-packages_PyQt6_bindings_QtCore_qlibrary_sip["qlibrary.sip"]\n    Root --> node_venv["venv"]\n    node_venv --> node_venv_lib["lib"]\n    node_venv_lib --> node_venv_lib_python3_12["python3.12"]\n    node_venv_lib_python3_12 --> node_venv_lib_python3_12_site-packages["site-packages"]\n    node_venv_lib_python3_12_site-packages --> node_venv_lib_python3_12_site-packages_PyQt6["PyQt6"]\n    node_venv_lib_python3_12_site-packages_PyQt6 --> node_venv_lib_python3_12_site-packages_PyQt6_bindings["bindings"]\n    node_venv_lib_python3_12_site-packages_PyQt6_bindings --> node_venv_lib_python3_12_site-packages_PyQt6_bindings_QtCore["QtCore"]\n    node_venv_lib_python3_12_site-packages_PyQt6_bindings_QtCore --> node_venv_lib_python3_12_site-packages_PyQt6_bindings_QtCore_qlibraryinfo_sip["qlibraryinfo.sip"]\n    Root --> node_venv["venv"]\n    node_venv --> node_venv_lib["lib"]\n    node_venv_lib --> node_venv_lib_python3_12["python3.12"]\n    node_venv_lib_python3_12 --> node_venv_lib_python3_12_site-packages["site-packages"]\n    node_venv_lib_python3_12_site-packages --> node_venv_lib_python3_12_site-packages_PyQt6["PyQt6"]\n    node_venv_lib_python3_12_site-packages_PyQt6 --> node_venv_lib_python3_12_site-packages_PyQt6_bindings["bindings"]\n    node_venv_lib_python3_12_site-packages_PyQt6_bindings --> node_venv_lib_python3_12_site-packages_PyQt6_bindings_QtCore["QtCore"]\n    node_venv_lib_python3_12_site-packages_PyQt6_bindings_QtCore --> node_venv_lib_python3_12_site-packages_PyQt6_bindings_QtCore_qline_sip["qline.sip"]\n    Root --> node_venv["venv"]\n    node_venv --> node_venv_lib["lib"]\n    node_venv_lib --> node_venv_lib_python3_12["python3.12"]\n    node_venv_lib_python3_12 --> node_venv_lib_python3_12_site-packages["site-packages"]\n    node_venv_lib_python3_12_site-packages --> node_venv_lib_python3_12_site-packages_PyQt6["PyQt6"]\n    node_venv_lib_python3_12_site-packages_PyQt6 --> node_venv_lib_python3_12_site-packages_PyQt6_bindings["bindings"]\n    node_venv_lib_python3_12_site-packages_PyQt6_bindings --> node_venv_lib_python3_12_site-packages_PyQt6_bindings_QtCore["QtCore"]\n    node_venv_lib_python3_12_site-packages_PyQt6_bindings_QtCore --> node_venv_lib_python3_12_site-packages_PyQt6_bindings_QtCore_qlocale_sip["qlocale.sip"]\n    Root --> node_venv["venv"]\n    node_venv --> node_venv_lib["lib"]\n    node_venv_lib --> node_venv_lib_python3_12["python3.12"]\n    node_venv_lib_python3_12 --> node_venv_lib_python3_12_site-packages["site-packages"]\n    node_venv_lib_python3_12_site-packages --> node_venv_lib_python3_12_site-packages_PyQt6["PyQt6"]\n    node_venv_lib_python3_12_site-packages_PyQt6 --> node_venv_lib_python3_12_site-packages_PyQt6_bindings["bindings"]\n    node_venv_lib_python3_12_site-packages_PyQt6_bindings --> node_venv_lib_python3_12_site-packages_PyQt6_bindings_QtCore["QtCore"]\n    node_venv_lib_python3_12_site-packages_PyQt6_bindings_QtCore --> node_venv_lib_python3_12_site-packages_PyQt6_bindings_QtCore_qlockfile_sip["qlockfile.sip"]\n    Root --> node_venv["venv"]\n    node_venv --> node_venv_lib["lib"]\n    node_venv_lib --> node_venv_lib_python3_12["python3.12"]\n    node_venv_lib_python3_12 --> node_venv_lib_python3_12_site-packages["site-packages"]\n    node_venv_lib_python3_12_site-packages --> node_venv_lib_python3_12_site-packages_PyQt6["PyQt6"]\n    node_venv_lib_python3_12_site-packages_PyQt6 --> node_venv_lib_python3_12_site-packages_PyQt6_bindings["bindings"]\n    node_venv_lib_python3_12_site-packages_PyQt6_bindings --> node_venv_lib_python3_12_site-packages_PyQt6_bindings_QtCore["QtCore"]\n    node_venv_lib_python3_12_site-packages_PyQt6_bindings_QtCore --> node_venv_lib_python3_12_site-packages_PyQt6_bindings_QtCore_qlogging_sip["qlogging.sip"]\n    Root --> node_venv["venv"]\n    node_venv --> node_venv_lib["lib"]\n    node_venv_lib --> node_venv_lib_python3_12["python3.12"]\n    node_venv_lib_python3_12 --> node_venv_lib_python3_12_site-packages["site-packages"]\n    node_venv_lib_python3_12_site-packages --> node_venv_lib_python3_12_site-packages_PyQt6["PyQt6"]\n    node_venv_lib_python3_12_site-packages_PyQt6 --> node_venv_lib_python3_12_site-packages_PyQt6_bindings["bindings"]\n    node_venv_lib_python3_12_site-packages_PyQt6_bindings --> node_venv_lib_python3_12_site-packages_PyQt6_bindings_QtCore["QtCore"]\n    node_venv_lib_python3_12_site-packages_PyQt6_bindings_QtCore --> node_venv_lib_python3_12_site-packages_PyQt6_bindings_QtCore_qloggingcategory_sip["qloggingcategory.sip"]\n    Root --> node_venv["venv"]\n    node_venv --> node_venv_lib["lib"]\n    node_venv_lib --> node_venv_lib_python3_12["python3.12"]\n    node_venv_lib_python3_12 --> node_venv_lib_python3_12_site-packages["site-packages"]\n    node_venv_lib_python3_12_site-packages --> node_venv_lib_python3_12_site-packages_PyQt6["PyQt6"]\n    node_venv_lib_python3_12_site-packages_PyQt6 --> node_venv_lib_python3_12_site-packages_PyQt6_bindings["bindings"]\n    node_venv_lib_python3_12_site-packages_PyQt6_bindings --> node_venv_lib_python3_12_site-packages_PyQt6_bindings_QtCore["QtCore"]\n    node_venv_lib_python3_12_site-packages_PyQt6_bindings_QtCore --> node_venv_lib_python3_12_site-packages_PyQt6_bindings_QtCore_qmargins_sip["qmargins.sip"]\n    Root --> node_venv["venv"]\n    node_venv --> node_venv_lib["lib"]\n    node_venv_lib --> node_venv_lib_python3_12["python3.12"]\n    node_venv_lib_python3_12 --> node_venv_lib_python3_12_site-packages["site-packages"]\n    node_venv_lib_python3_12_site-packages --> node_venv_lib_python3_12_site-packages_PyQt6["PyQt6"]\n    node_venv_lib_python3_12_site-packages_PyQt6 --> node_venv_lib_python3_12_site-packages_PyQt6_bindings["bindings"]\n    node_venv_lib_python3_12_site-packages_PyQt6_bindings --> node_venv_lib_python3_12_site-packages_PyQt6_bindings_QtCore["QtCore"]\n    node_venv_lib_python3_12_site-packages_PyQt6_bindings_QtCore --> node_venv_lib_python3_12_site-packages_PyQt6_bindings_QtCore_qmessageauthenticationcode_sip["qmessageauthenticationcode.sip"]\n    Root --> node_venv["venv"]\n    node_venv --> node_venv_lib["lib"]\n    node_venv_lib --> node_venv_lib_python3_12["python3.12"]\n    node_venv_lib_python3_12 --> node_venv_lib_python3_12_site-packages["site-packages"]\n    node_venv_lib_python3_12_site-packages --> node_venv_lib_python3_12_site-packages_PyQt6["PyQt6"]\n    node_venv_lib_python3_12_site-packages_PyQt6 --> node_venv_lib_python3_12_site-packages_PyQt6_bindings["bindings"]\n    node_venv_lib_python3_12_site-packages_PyQt6_bindings --> node_venv_lib_python3_12_site-packages_PyQt6_bindings_QtCore["QtCore"]\n    node_venv_lib_python3_12_site-packages_PyQt6_bindings_QtCore --> node_venv_lib_python3_12_site-packages_PyQt6_bindings_QtCore_qmetaobject_sip["qmetaobject.sip"]\n    Root --> node_venv["venv"]\n    node_venv --> node_venv_lib["lib"]\n    node_venv_lib --> node_venv_lib_python3_12["python3.12"]\n    node_venv_lib_python3_12 --> node_venv_lib_python3_12_site-packages["site-packages"]\n    node_venv_lib_python3_12_site-packages --> node_venv_lib_python3_12_site-packages_PyQt6["PyQt6"]\n    node_venv_lib_python3_12_site-packages_PyQt6 --> node_venv_lib_python3_12_site-packages_PyQt6_bindings["bindings"]\n    node_venv_lib_python3_12_site-packages_PyQt6_bindings --> node_venv_lib_python3_12_site-packages_PyQt6_bindings_QtCore["QtCore"]\n    node_venv_lib_python3_12_site-packages_PyQt6_bindings_QtCore --> node_venv_lib_python3_12_site-packages_PyQt6_bindings_QtCore_qmetatype_sip["qmetatype.sip"]\n    Root --> node_venv["venv"]\n    node_venv --> node_venv_lib["lib"]\n    node_venv_lib --> node_venv_lib_python3_12["python3.12"]\n    node_venv_lib_python3_12 --> node_venv_lib_python3_12_site-packages["site-packages"]\n    node_venv_lib_python3_12_site-packages --> node_venv_lib_python3_12_site-packages_PyQt6["PyQt6"]\n    node_venv_lib_python3_12_site-packages_PyQt6 --> node_venv_lib_python3_12_site-packages_PyQt6_bindings["bindings"]\n    node_venv_lib_python3_12_site-packages_PyQt6_bindings --> node_venv_lib_python3_12_site-packages_PyQt6_bindings_QtCore["QtCore"]\n    node_venv_lib_python3_12_site-packages_PyQt6_bindings_QtCore --> node_venv_lib_python3_12_site-packages_PyQt6_bindings_QtCore_qmimedata_sip["qmimedata.sip"]\n    Root --> node_venv["venv"]\n    node_venv --> node_venv_lib["lib"]\n    node_venv_lib --> node_venv_lib_python3_12["python3.12"]\n    node_venv_lib_python3_12 --> node_venv_lib_python3_12_site-packages["site-packages"]\n    node_venv_lib_python3_12_site-packages --> node_venv_lib_python3_12_site-packages_PyQt6["PyQt6"]\n    node_venv_lib_python3_12_site-packages_PyQt6 --> node_venv_lib_python3_12_site-packages_PyQt6_bindings["bindings"]\n    node_venv_lib_python3_12_site-packages_PyQt6_bindings --> node_venv_lib_python3_12_site-packages_PyQt6_bindings_QtCore["QtCore"]\n    node_venv_lib_python3_12_site-packages_PyQt6_bindings_QtCore --> node_venv_lib_python3_12_site-packages_PyQt6_bindings_QtCore_qmimedatabase_sip["qmimedatabase.sip"]\n    Root --> node_venv["venv"]\n    node_venv --> node_venv_lib["lib"]\n    node_venv_lib --> node_venv_lib_python3_12["python3.12"]\n    node_venv_lib_python3_12 --> node_venv_lib_python3_12_site-packages["site-packages"]\n    node_venv_lib_python3_12_site-packages --> node_venv_lib_python3_12_site-packages_PyQt6["PyQt6"]\n    node_venv_lib_python3_12_site-packages_PyQt6 --> node_venv_lib_python3_12_site-packages_PyQt6_bindings["bindings"]\n    node_venv_lib_python3_12_site-packages_PyQt6_bindings --> node_venv_lib_python3_12_site-packages_PyQt6_bindings_QtCore["QtCore"]\n    node_venv_lib_python3_12_site-packages_PyQt6_bindings_QtCore --> node_venv_lib_python3_12_site-packages_PyQt6_bindings_QtCore_qmimetype_sip["qmimetype.sip"]\n    Root --> node_venv["venv"]\n    node_venv --> node_venv_lib["lib"]\n    node_venv_lib --> node_venv_lib_python3_12["python3.12"]\n    node_venv_lib_python3_12 --> node_venv_lib_python3_12_site-packages["site-packages"]\n    node_venv_lib_python3_12_site-packages --> node_venv_lib_python3_12_site-packages_PyQt6["PyQt6"]\n    node_venv_lib_python3_12_site-packages_PyQt6 --> node_venv_lib_python3_12_site-packages_PyQt6_bindings["bindings"]\n    node_venv_lib_python3_12_site-packages_PyQt6_bindings --> node_venv_lib_python3_12_site-packages_PyQt6_bindings_QtCore["QtCore"]\n    node_venv_lib_python3_12_site-packages_PyQt6_bindings_QtCore --> node_venv_lib_python3_12_site-packages_PyQt6_bindings_QtCore_qmutex_sip["qmutex.sip"]\n    Root --> node_venv["venv"]\n    node_venv --> node_venv_lib["lib"]\n    node_venv_lib --> node_venv_lib_python3_12["python3.12"]\n    node_venv_lib_python3_12 --> node_venv_lib_python3_12_site-packages["site-packages"]\n    node_venv_lib_python3_12_site-packages --> node_venv_lib_python3_12_site-packages_PyQt6["PyQt6"]\n    node_venv_lib_python3_12_site-packages_PyQt6 --> node_venv_lib_python3_12_site-packages_PyQt6_bindings["bindings"]\n    node_venv_lib_python3_12_site-packages_PyQt6_bindings --> node_venv_lib_python3_12_site-packages_PyQt6_bindings_QtCore["QtCore"]\n    node_venv_lib_python3_12_site-packages_PyQt6_bindings_QtCore --> node_venv_lib_python3_12_site-packages_PyQt6_bindings_QtCore_qmutexlocker_sip["qmutexlocker.sip"]\n    Root --> node_venv["venv"]\n    node_venv --> node_venv_lib["lib"]\n    node_venv_lib --> node_venv_lib_python3_12["python3.12"]\n    node_venv_lib_python3_12 --> node_venv_lib_python3_12_site-packages["site-packages"]\n    node_venv_lib_python3_12_site-packages --> node_venv_lib_python3_12_site-packages_PyQt6["PyQt6"]\n    node_venv_lib_python3_12_site-packages_PyQt6 --> node_venv_lib_python3_12_site-packages_PyQt6_bindings["bindings"]\n    node_venv_lib_python3_12_site-packages_PyQt6_bindings --> node_venv_lib_python3_12_site-packages_PyQt6_bindings_QtCore["QtCore"]\n    node_venv_lib_python3_12_site-packages_PyQt6_bindings_QtCore --> node_venv_lib_python3_12_site-packages_PyQt6_bindings_QtCore_qnamespace_sip["qnamespace.sip"]\n    Root --> node_venv["venv"]\n    node_venv --> node_venv_lib["lib"]\n    node_venv_lib --> node_venv_lib_python3_12["python3.12"]\n    node_venv_lib_python3_12 --> node_venv_lib_python3_12_site-packages["site-packages"]\n    node_venv_lib_python3_12_site-packages --> node_venv_lib_python3_12_site-packages_PyQt6["PyQt6"]\n    node_venv_lib_python3_12_site-packages_PyQt6 --> node_venv_lib_python3_12_site-packages_PyQt6_bindings["bindings"]\n    node_venv_lib_python3_12_site-packages_PyQt6_bindings --> node_venv_lib_python3_12_site-packages_PyQt6_bindings_QtCore["QtCore"]\n    node_venv_lib_python3_12_site-packages_PyQt6_bindings_QtCore --> node_venv_lib_python3_12_site-packages_PyQt6_bindings_QtCore_qnumeric_sip["qnumeric.sip"]\n    Root --> node_venv["venv"]\n    node_venv --> node_venv_lib["lib"]\n    node_venv_lib --> node_venv_lib_python3_12["python3.12"]\n    node_venv_lib_python3_12 --> node_venv_lib_python3_12_site-packages["site-packages"]\n    node_venv_lib_python3_12_site-packages --> node_venv_lib_python3_12_site-packages_PyQt6["PyQt6"]\n    node_venv_lib_python3_12_site-packages_PyQt6 --> node_venv_lib_python3_12_site-packages_PyQt6_bindings["bindings"]\n    node_venv_lib_python3_12_site-packages_PyQt6_bindings --> node_venv_lib_python3_12_site-packages_PyQt6_bindings_QtCore["QtCore"]\n    node_venv_lib_python3_12_site-packages_PyQt6_bindings_QtCore --> node_venv_lib_python3_12_site-packages_PyQt6_bindings_QtCore_qobject_sip["qobject.sip"]\n    Root --> node_venv["venv"]\n    node_venv --> node_venv_lib["lib"]\n    node_venv_lib --> node_venv_lib_python3_12["python3.12"]\n    node_venv_lib_python3_12 --> node_venv_lib_python3_12_site-packages["site-packages"]\n    node_venv_lib_python3_12_site-packages --> node_venv_lib_python3_12_site-packages_PyQt6["PyQt6"]\n    node_venv_lib_python3_12_site-packages_PyQt6 --> node_venv_lib_python3_12_site-packages_PyQt6_bindings["bindings"]\n    node_venv_lib_python3_12_site-packages_PyQt6_bindings --> node_venv_lib_python3_12_site-packages_PyQt6_bindings_QtCore["QtCore"]\n    node_venv_lib_python3_12_site-packages_PyQt6_bindings_QtCore --> node_venv_lib_python3_12_site-packages_PyQt6_bindings_QtCore_qobjectcleanuphandler_sip["qobjectcleanuphandler.sip"]\n    Root --> node_venv["venv"]\n    node_venv --> node_venv_lib["lib"]\n    node_venv_lib --> node_venv_lib_python3_12["python3.12"]\n    node_venv_lib_python3_12 --> node_venv_lib_python3_12_site-packages["site-packages"]\n    node_venv_lib_python3_12_site-packages --> node_venv_lib_python3_12_site-packages_PyQt6["PyQt6"]\n    node_venv_lib_python3_12_site-packages_PyQt6 --> node_venv_lib_python3_12_site-packages_PyQt6_bindings["bindings"]\n    node_venv_lib_python3_12_site-packages_PyQt6_bindings --> node_venv_lib_python3_12_site-packages_PyQt6_bindings_QtCore["QtCore"]\n    node_venv_lib_python3_12_site-packages_PyQt6_bindings_QtCore --> node_venv_lib_python3_12_site-packages_PyQt6_bindings_QtCore_qobjectdefs_sip["qobjectdefs.sip"]\n    Root --> node_venv["venv"]\n    node_venv --> node_venv_lib["lib"]\n    node_venv_lib --> node_venv_lib_python3_12["python3.12"]\n    node_venv_lib_python3_12 --> node_venv_lib_python3_12_site-packages["site-packages"]\n    node_venv_lib_python3_12_site-packages --> node_venv_lib_python3_12_site-packages_PyQt6["PyQt6"]\n    node_venv_lib_python3_12_site-packages_PyQt6 --> node_venv_lib_python3_12_site-packages_PyQt6_bindings["bindings"]\n    node_venv_lib_python3_12_site-packages_PyQt6_bindings --> node_venv_lib_python3_12_site-packages_PyQt6_bindings_QtCore["QtCore"]\n    node_venv_lib_python3_12_site-packages_PyQt6_bindings_QtCore --> node_venv_lib_python3_12_site-packages_PyQt6_bindings_QtCore_qoperatingsystemversion_sip["qoperatingsystemversion.sip"]\n    Root --> node_venv["venv"]\n    node_venv --> node_venv_lib["lib"]\n    node_venv_lib --> node_venv_lib_python3_12["python3.12"]\n    node_venv_lib_python3_12 --> node_venv_lib_python3_12_site-packages["site-packages"]\n    node_venv_lib_python3_12_site-packages --> node_venv_lib_python3_12_site-packages_PyQt6["PyQt6"]\n    node_venv_lib_python3_12_site-packages_PyQt6 --> node_venv_lib_python3_12_site-packages_PyQt6_bindings["bindings"]\n    node_venv_lib_python3_12_site-packages_PyQt6_bindings --> node_venv_lib_python3_12_site-packages_PyQt6_bindings_QtCore["QtCore"]\n    node_venv_lib_python3_12_site-packages_PyQt6_bindings_QtCore --> node_venv_lib_python3_12_site-packages_PyQt6_bindings_QtCore_qparallelanimationgroup_sip["qparallelanimationgroup.sip"]\n    Root --> node_venv["venv"]\n    node_venv --> node_venv_lib["lib"]\n    node_venv_lib --> node_venv_lib_python3_12["python3.12"]\n    node_venv_lib_python3_12 --> node_venv_lib_python3_12_site-packages["site-packages"]\n    node_venv_lib_python3_12_site-packages --> node_venv_lib_python3_12_site-packages_PyQt6["PyQt6"]\n    node_venv_lib_python3_12_site-packages_PyQt6 --> node_venv_lib_python3_12_site-packages_PyQt6_bindings["bindings"]\n    node_venv_lib_python3_12_site-packages_PyQt6_bindings --> node_venv_lib_python3_12_site-packages_PyQt6_bindings_QtCore["QtCore"]\n    node_venv_lib_python3_12_site-packages_PyQt6_bindings_QtCore --> node_venv_lib_python3_12_site-packages_PyQt6_bindings_QtCore_qpauseanimation_sip["qpauseanimation.sip"]\n    Root --> node_venv["venv"]\n    node_venv --> node_venv_lib["lib"]\n    node_venv_lib --> node_venv_lib_python3_12["python3.12"]\n    node_venv_lib_python3_12 --> node_venv_lib_python3_12_site-packages["site-packages"]\n    node_venv_lib_python3_12_site-packages --> node_venv_lib_python3_12_site-packages_PyQt6["PyQt6"]\n    node_venv_lib_python3_12_site-packages_PyQt6 --> node_venv_lib_python3_12_site-packages_PyQt6_bindings["bindings"]\n    node_venv_lib_python3_12_site-packages_PyQt6_bindings --> node_venv_lib_python3_12_site-packages_PyQt6_bindings_QtCore["QtCore"]\n    node_venv_lib_python3_12_site-packages_PyQt6_bindings_QtCore --> node_venv_lib_python3_12_site-packages_PyQt6_bindings_QtCore_qpermissions_sip["qpermissions.sip"]\n    Root --> node_venv["venv"]\n    node_venv --> node_venv_lib["lib"]\n    node_venv_lib --> node_venv_lib_python3_12["python3.12"]\n    node_venv_lib_python3_12 --> node_venv_lib_python3_12_site-packages["site-packages"]\n    node_venv_lib_python3_12_site-packages --> node_venv_lib_python3_12_site-packages_PyQt6["PyQt6"]\n    node_venv_lib_python3_12_site-packages_PyQt6 --> node_venv_lib_python3_12_site-packages_PyQt6_bindings["bindings"]\n    node_venv_lib_python3_12_site-packages_PyQt6_bindings --> node_venv_lib_python3_12_site-packages_PyQt6_bindings_QtCore["QtCore"]\n    node_venv_lib_python3_12_site-packages_PyQt6_bindings_QtCore --> node_venv_lib_python3_12_site-packages_PyQt6_bindings_QtCore_qpluginloader_sip["qpluginloader.sip"]\n    Root --> node_venv["venv"]\n    node_venv --> node_venv_lib["lib"]\n    node_venv_lib --> node_venv_lib_python3_12["python3.12"]\n    node_venv_lib_python3_12 --> node_venv_lib_python3_12_site-packages["site-packages"]\n    node_venv_lib_python3_12_site-packages --> node_venv_lib_python3_12_site-packages_PyQt6["PyQt6"]\n    node_venv_lib_python3_12_site-packages_PyQt6 --> node_venv_lib_python3_12_site-packages_PyQt6_bindings["bindings"]\n    node_venv_lib_python3_12_site-packages_PyQt6_bindings --> node_venv_lib_python3_12_site-packages_PyQt6_bindings_QtCore["QtCore"]\n    node_venv_lib_python3_12_site-packages_PyQt6_bindings_QtCore --> node_venv_lib_python3_12_site-packages_PyQt6_bindings_QtCore_qpoint_sip["qpoint.sip"]\n    Root --> node_venv["venv"]\n    node_venv --> node_venv_lib["lib"]\n    node_venv_lib --> node_venv_lib_python3_12["python3.12"]\n    node_venv_lib_python3_12 --> node_venv_lib_python3_12_site-packages["site-packages"]\n    node_venv_lib_python3_12_site-packages --> node_venv_lib_python3_12_site-packages_PyQt6["PyQt6"]\n    node_venv_lib_python3_12_site-packages_PyQt6 --> node_venv_lib_python3_12_site-packages_PyQt6_bindings["bindings"]\n    node_venv_lib_python3_12_site-packages_PyQt6_bindings --> node_venv_lib_python3_12_site-packages_PyQt6_bindings_QtCore["QtCore"]\n    node_venv_lib_python3_12_site-packages_PyQt6_bindings_QtCore --> node_venv_lib_python3_12_site-packages_PyQt6_bindings_QtCore_qprocess_sip["qprocess.sip"]\n    Root --> node_venv["venv"]\n    node_venv --> node_venv_lib["lib"]\n    node_venv_lib --> node_venv_lib_python3_12["python3.12"]\n    node_venv_lib_python3_12 --> node_venv_lib_python3_12_site-packages["site-packages"]\n    node_venv_lib_python3_12_site-packages --> node_venv_lib_python3_12_site-packages_PyQt6["PyQt6"]\n    node_venv_lib_python3_12_site-packages_PyQt6 --> node_venv_lib_python3_12_site-packages_PyQt6_bindings["bindings"]\n    node_venv_lib_python3_12_site-packages_PyQt6_bindings --> node_venv_lib_python3_12_site-packages_PyQt6_bindings_QtCore["QtCore"]\n    node_venv_lib_python3_12_site-packages_PyQt6_bindings_QtCore --> node_venv_lib_python3_12_site-packages_PyQt6_bindings_QtCore_qpropertyanimation_sip["qpropertyanimation.sip"]\n    Root --> node_venv["venv"]\n    node_venv --> node_venv_lib["lib"]\n    node_venv_lib --> node_venv_lib_python3_12["python3.12"]\n    node_venv_lib_python3_12 --> node_venv_lib_python3_12_site-packages["site-packages"]\n    node_venv_lib_python3_12_site-packages --> node_venv_lib_python3_12_site-packages_PyQt6["PyQt6"]\n    node_venv_lib_python3_12_site-packages_PyQt6 --> node_venv_lib_python3_12_site-packages_PyQt6_bindings["bindings"]\n    node_venv_lib_python3_12_site-packages_PyQt6_bindings --> node_venv_lib_python3_12_site-packages_PyQt6_bindings_QtCore["QtCore"]\n    node_venv_lib_python3_12_site-packages_PyQt6_bindings_QtCore --> node_venv_lib_python3_12_site-packages_PyQt6_bindings_QtCore_qpycore_native_interface_sip["qpycore_native_interface.sip"]\n    Root --> node_venv["venv"]\n    node_venv --> node_venv_lib["lib"]\n    node_venv_lib --> node_venv_lib_python3_12["python3.12"]\n    node_venv_lib_python3_12 --> node_venv_lib_python3_12_site-packages["site-packages"]\n    node_venv_lib_python3_12_site-packages --> node_venv_lib_python3_12_site-packages_PyQt6["PyQt6"]\n    node_venv_lib_python3_12_site-packages_PyQt6 --> node_venv_lib_python3_12_site-packages_PyQt6_bindings["bindings"]\n    node_venv_lib_python3_12_site-packages_PyQt6_bindings --> node_venv_lib_python3_12_site-packages_PyQt6_bindings_QtCore["QtCore"]\n    node_venv_lib_python3_12_site-packages_PyQt6_bindings_QtCore --> node_venv_lib_python3_12_site-packages_PyQt6_bindings_QtCore_qpycore_qhash_sip["qpycore_qhash.sip"]\n    Root --> node_venv["venv"]\n    node_venv --> node_venv_lib["lib"]\n    node_venv_lib --> node_venv_lib_python3_12["python3.12"]\n    node_venv_lib_python3_12 --> node_venv_lib_python3_12_site-packages["site-packages"]\n    node_venv_lib_python3_12_site-packages --> node_venv_lib_python3_12_site-packages_PyQt6["PyQt6"]\n    node_venv_lib_python3_12_site-packages_PyQt6 --> node_venv_lib_python3_12_site-packages_PyQt6_bindings["bindings"]\n    node_venv_lib_python3_12_site-packages_PyQt6_bindings --> node_venv_lib_python3_12_site-packages_PyQt6_bindings_QtCore["QtCore"]\n    node_venv_lib_python3_12_site-packages_PyQt6_bindings_QtCore --> node_venv_lib_python3_12_site-packages_PyQt6_bindings_QtCore_qpycore_qlist_sip["qpycore_qlist.sip"]\n    Root --> node_venv["venv"]\n    node_venv --> node_venv_lib["lib"]\n    node_venv_lib --> node_venv_lib_python3_12["python3.12"]\n    node_venv_lib_python3_12 --> node_venv_lib_python3_12_site-packages["site-packages"]\n    node_venv_lib_python3_12_site-packages --> node_venv_lib_python3_12_site-packages_PyQt6["PyQt6"]\n    node_venv_lib_python3_12_site-packages_PyQt6 --> node_venv_lib_python3_12_site-packages_PyQt6_bindings["bindings"]\n    node_venv_lib_python3_12_site-packages_PyQt6_bindings --> node_venv_lib_python3_12_site-packages_PyQt6_bindings_QtCore["QtCore"]\n    node_venv_lib_python3_12_site-packages_PyQt6_bindings_QtCore --> node_venv_lib_python3_12_site-packages_PyQt6_bindings_QtCore_qpycore_qmap_sip["qpycore_qmap.sip"]\n    Root --> node_venv["venv"]\n    node_venv --> node_venv_lib["lib"]\n    node_venv_lib --> node_venv_lib_python3_12["python3.12"]\n    node_venv_lib_python3_12 --> node_venv_lib_python3_12_site-packages["site-packages"]\n    node_venv_lib_python3_12_site-packages --> node_venv_lib_python3_12_site-packages_PyQt6["PyQt6"]\n    node_venv_lib_python3_12_site-packages_PyQt6 --> node_venv_lib_python3_12_site-packages_PyQt6_bindings["bindings"]\n    node_venv_lib_python3_12_site-packages_PyQt6_bindings --> node_venv_lib_python3_12_site-packages_PyQt6_bindings_QtCore["QtCore"]\n    node_venv_lib_python3_12_site-packages_PyQt6_bindings_QtCore --> node_venv_lib_python3_12_site-packages_PyQt6_bindings_QtCore_qpycore_qrangemodel_sip["qpycore_qrangemodel.sip"]\n    Root --> node_venv["venv"]\n    node_venv --> node_venv_lib["lib"]\n    node_venv_lib --> node_venv_lib_python3_12["python3.12"]\n    node_venv_lib_python3_12 --> node_venv_lib_python3_12_site-packages["site-packages"]\n    node_venv_lib_python3_12_site-packages --> node_venv_lib_python3_12_site-packages_PyQt6["PyQt6"]\n    node_venv_lib_python3_12_site-packages_PyQt6 --> node_venv_lib_python3_12_site-packages_PyQt6_bindings["bindings"]\n    node_venv_lib_python3_12_site-packages_PyQt6_bindings --> node_venv_lib_python3_12_site-packages_PyQt6_bindings_QtCore["QtCore"]\n    node_venv_lib_python3_12_site-packages_PyQt6_bindings_QtCore --> node_venv_lib_python3_12_site-packages_PyQt6_bindings_QtCore_qpycore_qset_sip["qpycore_qset.sip"]\n    Root --> node_venv["venv"]\n    node_venv --> node_venv_lib["lib"]\n    node_venv_lib --> node_venv_lib_python3_12["python3.12"]\n    node_venv_lib_python3_12 --> node_venv_lib_python3_12_site-packages["site-packages"]\n    node_venv_lib_python3_12_site-packages --> node_venv_lib_python3_12_site-packages_PyQt6["PyQt6"]\n    node_venv_lib_python3_12_site-packages_PyQt6 --> node_venv_lib_python3_12_site-packages_PyQt6_bindings["bindings"]\n    node_venv_lib_python3_12_site-packages_PyQt6_bindings --> node_venv_lib_python3_12_site-packages_PyQt6_bindings_QtCore["QtCore"]\n    node_venv_lib_python3_12_site-packages_PyQt6_bindings_QtCore --> node_venv_lib_python3_12_site-packages_PyQt6_bindings_QtCore_qpycore_std_chrono_duration_sip["qpycore_std_chrono_duration.sip"]\n    Root --> node_venv["venv"]\n    node_venv --> node_venv_lib["lib"]\n    node_venv_lib --> node_venv_lib_python3_12["python3.12"]\n    node_venv_lib_python3_12 --> node_venv_lib_python3_12_site-packages["site-packages"]\n    node_venv_lib_python3_12_site-packages --> node_venv_lib_python3_12_site-packages_PyQt6["PyQt6"]\n    node_venv_lib_python3_12_site-packages_PyQt6 --> node_venv_lib_python3_12_site-packages_PyQt6_bindings["bindings"]\n    node_venv_lib_python3_12_site-packages_PyQt6_bindings --> node_venv_lib_python3_12_site-packages_PyQt6_bindings_QtCore["QtCore"]\n    node_venv_lib_python3_12_site-packages_PyQt6_bindings_QtCore --> node_venv_lib_python3_12_site-packages_PyQt6_bindings_QtCore_qpycore_std_optional_sip["qpycore_std_optional.sip"]\n    Root --> node_venv["venv"]\n    node_venv --> node_venv_lib["lib"]\n    node_venv_lib --> node_venv_lib_python3_12["python3.12"]\n    node_venv_lib_python3_12 --> node_venv_lib_python3_12_site-packages["site-packages"]\n    node_venv_lib_python3_12_site-packages --> node_venv_lib_python3_12_site-packages_PyQt6["PyQt6"]\n    node_venv_lib_python3_12_site-packages_PyQt6 --> node_venv_lib_python3_12_site-packages_PyQt6_bindings["bindings"]\n    node_venv_lib_python3_12_site-packages_PyQt6_bindings --> node_venv_lib_python3_12_site-packages_PyQt6_bindings_QtCore["QtCore"]\n    node_venv_lib_python3_12_site-packages_PyQt6_bindings_QtCore --> node_venv_lib_python3_12_site-packages_PyQt6_bindings_QtCore_qpycore_std_pair_sip["qpycore_std_pair.sip"]\n    Root --> node_venv["venv"]\n    node_venv --> node_venv_lib["lib"]\n    node_venv_lib --> node_venv_lib_python3_12["python3.12"]\n    node_venv_lib_python3_12 --> node_venv_lib_python3_12_site-packages["site-packages"]\n    node_venv_lib_python3_12_site-packages --> node_venv_lib_python3_12_site-packages_PyQt6["PyQt6"]\n    node_venv_lib_python3_12_site-packages_PyQt6 --> node_venv_lib_python3_12_site-packages_PyQt6_bindings["bindings"]\n    node_venv_lib_python3_12_site-packages_PyQt6_bindings --> node_venv_lib_python3_12_site-packages_PyQt6_bindings_QtCore["QtCore"]\n    node_venv_lib_python3_12_site-packages_PyQt6_bindings_QtCore --> node_venv_lib_python3_12_site-packages_PyQt6_bindings_QtCore_qpycore_virtual_error_handler_sip["qpycore_virtual_error_handler.sip"]\n    Root --> node_venv["venv"]\n    node_venv --> node_venv_lib["lib"]\n    node_venv_lib --> node_venv_lib_python3_12["python3.12"]\n    node_venv_lib_python3_12 --> node_venv_lib_python3_12_site-packages["site-packages"]\n    node_venv_lib_python3_12_site-packages --> node_venv_lib_python3_12_site-packages_PyQt6["PyQt6"]\n    node_venv_lib_python3_12_site-packages_PyQt6 --> node_venv_lib_python3_12_site-packages_PyQt6_bindings["bindings"]\n    node_venv_lib_python3_12_site-packages_PyQt6_bindings --> node_venv_lib_python3_12_site-packages_PyQt6_bindings_QtCore["QtCore"]\n    node_venv_lib_python3_12_site-packages_PyQt6_bindings_QtCore --> node_venv_lib_python3_12_site-packages_PyQt6_bindings_QtCore_qrandom_sip["qrandom.sip"]\n    Root --> node_venv["venv"]\n    node_venv --> node_venv_lib["lib"]\n    node_venv_lib --> node_venv_lib_python3_12["python3.12"]\n    node_venv_lib_python3_12 --> node_venv_lib_python3_12_site-packages["site-packages"]\n    node_venv_lib_python3_12_site-packages --> node_venv_lib_python3_12_site-packages_PyQt6["PyQt6"]\n    node_venv_lib_python3_12_site-packages_PyQt6 --> node_venv_lib_python3_12_site-packages_PyQt6_bindings["bindings"]\n    node_venv_lib_python3_12_site-packages_PyQt6_bindings --> node_venv_lib_python3_12_site-packages_PyQt6_bindings_QtCore["QtCore"]\n    node_venv_lib_python3_12_site-packages_PyQt6_bindings_QtCore --> node_venv_lib_python3_12_site-packages_PyQt6_bindings_QtCore_qrangemodel_sip["qrangemodel.sip"]\n    Root --> node_venv["venv"]\n    node_venv --> node_venv_lib["lib"]\n    node_venv_lib --> node_venv_lib_python3_12["python3.12"]\n    node_venv_lib_python3_12 --> node_venv_lib_python3_12_site-packages["site-packages"]\n    node_venv_lib_python3_12_site-packages --> node_venv_lib_python3_12_site-packages_PyQt6["PyQt6"]\n    node_venv_lib_python3_12_site-packages_PyQt6 --> node_venv_lib_python3_12_site-packages_PyQt6_bindings["bindings"]\n    node_venv_lib_python3_12_site-packages_PyQt6_bindings --> node_venv_lib_python3_12_site-packages_PyQt6_bindings_QtCore["QtCore"]\n    node_venv_lib_python3_12_site-packages_PyQt6_bindings_QtCore --> node_venv_lib_python3_12_site-packages_PyQt6_bindings_QtCore_qreadwritelock_sip["qreadwritelock.sip"]\n    Root --> node_venv["venv"]\n    node_venv --> node_venv_lib["lib"]\n    node_venv_lib --> node_venv_lib_python3_12["python3.12"]\n    node_venv_lib_python3_12 --> node_venv_lib_python3_12_site-packages["site-packages"]\n    node_venv_lib_python3_12_site-packages --> node_venv_lib_python3_12_site-packages_PyQt6["PyQt6"]\n    node_venv_lib_python3_12_site-packages_PyQt6 --> node_venv_lib_python3_12_site-packages_PyQt6_bindings["bindings"]\n    node_venv_lib_python3_12_site-packages_PyQt6_bindings --> node_venv_lib_python3_12_site-packages_PyQt6_bindings_QtCore["QtCore"]\n    node_venv_lib_python3_12_site-packages_PyQt6_bindings_QtCore --> node_venv_lib_python3_12_site-packages_PyQt6_bindings_QtCore_qrect_sip["qrect.sip"]\n    Root --> node_venv["venv"]\n    node_venv --> node_venv_lib["lib"]\n    node_venv_lib --> node_venv_lib_python3_12["python3.12"]\n    node_venv_lib_python3_12 --> node_venv_lib_python3_12_site-packages["site-packages"]\n    node_venv_lib_python3_12_site-packages --> node_venv_lib_python3_12_site-packages_PyQt6["PyQt6"]\n    node_venv_lib_python3_12_site-packages_PyQt6 --> node_venv_lib_python3_12_site-packages_PyQt6_bindings["bindings"]\n    node_venv_lib_python3_12_site-packages_PyQt6_bindings --> node_venv_lib_python3_12_site-packages_PyQt6_bindings_QtCore["QtCore"]\n    node_venv_lib_python3_12_site-packages_PyQt6_bindings_QtCore --> node_venv_lib_python3_12_site-packages_PyQt6_bindings_QtCore_qregularexpression_sip["qregularexpression.sip"]\n    Root --> node_venv["venv"]\n    node_venv --> node_venv_lib["lib"]\n    node_venv_lib --> node_venv_lib_python3_12["python3.12"]\n    node_venv_lib_python3_12 --> node_venv_lib_python3_12_site-packages["site-packages"]\n    node_venv_lib_python3_12_site-packages --> node_venv_lib_python3_12_site-packages_PyQt6["PyQt6"]\n    node_venv_lib_python3_12_site-packages_PyQt6 --> node_venv_lib_python3_12_site-packages_PyQt6_bindings["bindings"]\n    node_venv_lib_python3_12_site-packages_PyQt6_bindings --> node_venv_lib_python3_12_site-packages_PyQt6_bindings_QtCore["QtCore"]\n    node_venv_lib_python3_12_site-packages_PyQt6_bindings_QtCore --> node_venv_lib_python3_12_site-packages_PyQt6_bindings_QtCore_qresource_sip["qresource.sip"]\n    Root --> node_venv["venv"]\n    node_venv --> node_venv_lib["lib"]\n    node_venv_lib --> node_venv_lib_python3_12["python3.12"]\n    node_venv_lib_python3_12 --> node_venv_lib_python3_12_site-packages["site-packages"]\n    node_venv_lib_python3_12_site-packages --> node_venv_lib_python3_12_site-packages_PyQt6["PyQt6"]\n    node_venv_lib_python3_12_site-packages_PyQt6 --> node_venv_lib_python3_12_site-packages_PyQt6_bindings["bindings"]\n    node_venv_lib_python3_12_site-packages_PyQt6_bindings --> node_venv_lib_python3_12_site-packages_PyQt6_bindings_QtCore["QtCore"]\n    node_venv_lib_python3_12_site-packages_PyQt6_bindings_QtCore --> node_venv_lib_python3_12_site-packages_PyQt6_bindings_QtCore_qrunnable_sip["qrunnable.sip"]\n    Root --> node_venv["venv"]\n    node_venv --> node_venv_lib["lib"]\n    node_venv_lib --> node_venv_lib_python3_12["python3.12"]\n    node_venv_lib_python3_12 --> node_venv_lib_python3_12_site-packages["site-packages"]\n    node_venv_lib_python3_12_site-packages --> node_venv_lib_python3_12_site-packages_PyQt6["PyQt6"]\n    node_venv_lib_python3_12_site-packages_PyQt6 --> node_venv_lib_python3_12_site-packages_PyQt6_bindings["bindings"]\n    node_venv_lib_python3_12_site-packages_PyQt6_bindings --> node_venv_lib_python3_12_site-packages_PyQt6_bindings_QtCore["QtCore"]\n    node_venv_lib_python3_12_site-packages_PyQt6_bindings_QtCore --> node_venv_lib_python3_12_site-packages_PyQt6_bindings_QtCore_qsavefile_sip["qsavefile.sip"]\n    Root --> node_venv["venv"]\n    node_venv --> node_venv_lib["lib"]\n    node_venv_lib --> node_venv_lib_python3_12["python3.12"]\n    node_venv_lib_python3_12 --> node_venv_lib_python3_12_site-packages["site-packages"]\n    node_venv_lib_python3_12_site-packages --> node_venv_lib_python3_12_site-packages_PyQt6["PyQt6"]\n    node_venv_lib_python3_12_site-packages_PyQt6 --> node_venv_lib_python3_12_site-packages_PyQt6_bindings["bindings"]\n    node_venv_lib_python3_12_site-packages_PyQt6_bindings --> node_venv_lib_python3_12_site-packages_PyQt6_bindings_QtCore["QtCore"]\n    node_venv_lib_python3_12_site-packages_PyQt6_bindings_QtCore --> node_venv_lib_python3_12_site-packages_PyQt6_bindings_QtCore_qsemaphore_sip["qsemaphore.sip"]\n    Root --> node_venv["venv"]\n    node_venv --> node_venv_lib["lib"]\n    node_venv_lib --> node_venv_lib_python3_12["python3.12"]\n    node_venv_lib_python3_12 --> node_venv_lib_python3_12_site-packages["site-packages"]\n    node_venv_lib_python3_12_site-packages --> node_venv_lib_python3_12_site-packages_PyQt6["PyQt6"]\n    node_venv_lib_python3_12_site-packages_PyQt6 --> node_venv_lib_python3_12_site-packages_PyQt6_bindings["bindings"]\n    node_venv_lib_python3_12_site-packages_PyQt6_bindings --> node_venv_lib_python3_12_site-packages_PyQt6_bindings_QtCore["QtCore"]\n    node_venv_lib_python3_12_site-packages_PyQt6_bindings_QtCore --> node_venv_lib_python3_12_site-packages_PyQt6_bindings_QtCore_qsequentialanimationgroup_sip["qsequentialanimationgroup.sip"]\n    Root --> node_venv["venv"]\n    node_venv --> node_venv_lib["lib"]\n    node_venv_lib --> node_venv_lib_python3_12["python3.12"]\n    node_venv_lib_python3_12 --> node_venv_lib_python3_12_site-packages["site-packages"]\n    node_venv_lib_python3_12_site-packages --> node_venv_lib_python3_12_site-packages_PyQt6["PyQt6"]\n    node_venv_lib_python3_12_site-packages_PyQt6 --> node_venv_lib_python3_12_site-packages_PyQt6_bindings["bindings"]\n    node_venv_lib_python3_12_site-packages_PyQt6_bindings --> node_venv_lib_python3_12_site-packages_PyQt6_bindings_QtCore["QtCore"]\n    node_venv_lib_python3_12_site-packages_PyQt6_bindings_QtCore --> node_venv_lib_python3_12_site-packages_PyQt6_bindings_QtCore_qsettings_sip["qsettings.sip"]\n    Root --> node_venv["venv"]\n    node_venv --> node_venv_lib["lib"]\n    node_venv_lib --> node_venv_lib_python3_12["python3.12"]\n    node_venv_lib_python3_12 --> node_venv_lib_python3_12_site-packages["site-packages"]\n    node_venv_lib_python3_12_site-packages --> node_venv_lib_python3_12_site-packages_PyQt6["PyQt6"]\n    node_venv_lib_python3_12_site-packages_PyQt6 --> node_venv_lib_python3_12_site-packages_PyQt6_bindings["bindings"]\n    node_venv_lib_python3_12_site-packages_PyQt6_bindings --> node_venv_lib_python3_12_site-packages_PyQt6_bindings_QtCore["QtCore"]\n    node_venv_lib_python3_12_site-packages_PyQt6_bindings_QtCore --> node_venv_lib_python3_12_site-packages_PyQt6_bindings_QtCore_qsharedmemory_sip["qsharedmemory.sip"]\n    Root --> node_venv["venv"]\n    node_venv --> node_venv_lib["lib"]\n    node_venv_lib --> node_venv_lib_python3_12["python3.12"]\n    node_venv_lib_python3_12 --> node_venv_lib_python3_12_site-packages["site-packages"]\n    node_venv_lib_python3_12_site-packages --> node_venv_lib_python3_12_site-packages_PyQt6["PyQt6"]\n    node_venv_lib_python3_12_site-packages_PyQt6 --> node_venv_lib_python3_12_site-packages_PyQt6_bindings["bindings"]\n    node_venv_lib_python3_12_site-packages_PyQt6_bindings --> node_venv_lib_python3_12_site-packages_PyQt6_bindings_QtCore["QtCore"]\n    node_venv_lib_python3_12_site-packages_PyQt6_bindings_QtCore --> node_venv_lib_python3_12_site-packages_PyQt6_bindings_QtCore_qsignalmapper_sip["qsignalmapper.sip"]\n    Root --> node_venv["venv"]\n    node_venv --> node_venv_lib["lib"]\n    node_venv_lib --> node_venv_lib_python3_12["python3.12"]\n    node_venv_lib_python3_12 --> node_venv_lib_python3_12_site-packages["site-packages"]\n    node_venv_lib_python3_12_site-packages --> node_venv_lib_python3_12_site-packages_PyQt6["PyQt6"]\n    node_venv_lib_python3_12_site-packages_PyQt6 --> node_venv_lib_python3_12_site-packages_PyQt6_bindings["bindings"]\n    node_venv_lib_python3_12_site-packages_PyQt6_bindings --> node_venv_lib_python3_12_site-packages_PyQt6_bindings_QtCore["QtCore"]\n    node_venv_lib_python3_12_site-packages_PyQt6_bindings_QtCore --> node_venv_lib_python3_12_site-packages_PyQt6_bindings_QtCore_qsize_sip["qsize.sip"]\n    Root --> node_venv["venv"]\n    node_venv --> node_venv_lib["lib"]\n    node_venv_lib --> node_venv_lib_python3_12["python3.12"]\n    node_venv_lib_python3_12 --> node_venv_lib_python3_12_site-packages["site-packages"]\n    node_venv_lib_python3_12_site-packages --> node_venv_lib_python3_12_site-packages_PyQt6["PyQt6"]\n    node_venv_lib_python3_12_site-packages_PyQt6 --> node_venv_lib_python3_12_site-packages_PyQt6_bindings["bindings"]\n    node_venv_lib_python3_12_site-packages_PyQt6_bindings --> node_venv_lib_python3_12_site-packages_PyQt6_bindings_QtCore["QtCore"]\n    node_venv_lib_python3_12_site-packages_PyQt6_bindings_QtCore --> node_venv_lib_python3_12_site-packages_PyQt6_bindings_QtCore_qsocketnotifier_sip["qsocketnotifier.sip"]\n    Root --> node_venv["venv"]\n    node_venv --> node_venv_lib["lib"]\n    node_venv_lib --> node_venv_lib_python3_12["python3.12"]\n    node_venv_lib_python3_12 --> node_venv_lib_python3_12_site-packages["site-packages"]\n    node_venv_lib_python3_12_site-packages --> node_venv_lib_python3_12_site-packages_PyQt6["PyQt6"]\n    node_venv_lib_python3_12_site-packages_PyQt6 --> node_venv_lib_python3_12_site-packages_PyQt6_bindings["bindings"]\n    node_venv_lib_python3_12_site-packages_PyQt6_bindings --> node_venv_lib_python3_12_site-packages_PyQt6_bindings_QtCore["QtCore"]\n    node_venv_lib_python3_12_site-packages_PyQt6_bindings_QtCore --> node_venv_lib_python3_12_site-packages_PyQt6_bindings_QtCore_qsortfilterproxymodel_sip["qsortfilterproxymodel.sip"]\n    Root --> node_venv["venv"]\n    node_venv --> node_venv_lib["lib"]\n    node_venv_lib --> node_venv_lib_python3_12["python3.12"]\n    node_venv_lib_python3_12 --> node_venv_lib_python3_12_site-packages["site-packages"]\n    node_venv_lib_python3_12_site-packages --> node_venv_lib_python3_12_site-packages_PyQt6["PyQt6"]\n    node_venv_lib_python3_12_site-packages_PyQt6 --> node_venv_lib_python3_12_site-packages_PyQt6_bindings["bindings"]\n    node_venv_lib_python3_12_site-packages_PyQt6_bindings --> node_venv_lib_python3_12_site-packages_PyQt6_bindings_QtCore["QtCore"]\n    node_venv_lib_python3_12_site-packages_PyQt6_bindings_QtCore --> node_venv_lib_python3_12_site-packages_PyQt6_bindings_QtCore_qstandardpaths_sip["qstandardpaths.sip"]\n    Root --> node_venv["venv"]\n    node_venv --> node_venv_lib["lib"]\n    node_venv_lib --> node_venv_lib_python3_12["python3.12"]\n    node_venv_lib_python3_12 --> node_venv_lib_python3_12_site-packages["site-packages"]\n    node_venv_lib_python3_12_site-packages --> node_venv_lib_python3_12_site-packages_PyQt6["PyQt6"]\n    node_venv_lib_python3_12_site-packages_PyQt6 --> node_venv_lib_python3_12_site-packages_PyQt6_bindings["bindings"]\n    node_venv_lib_python3_12_site-packages_PyQt6_bindings --> node_venv_lib_python3_12_site-packages_PyQt6_bindings_QtCore["QtCore"]\n    node_venv_lib_python3_12_site-packages_PyQt6_bindings_QtCore --> node_venv_lib_python3_12_site-packages_PyQt6_bindings_QtCore_qstorageinfo_sip["qstorageinfo.sip"]\n    Root --> node_venv["venv"]\n    node_venv --> node_venv_lib["lib"]\n    node_venv_lib --> node_venv_lib_python3_12["python3.12"]\n    node_venv_lib_python3_12 --> node_venv_lib_python3_12_site-packages["site-packages"]\n    node_venv_lib_python3_12_site-packages --> node_venv_lib_python3_12_site-packages_PyQt6["PyQt6"]\n    node_venv_lib_python3_12_site-packages_PyQt6 --> node_venv_lib_python3_12_site-packages_PyQt6_bindings["bindings"]\n    node_venv_lib_python3_12_site-packages_PyQt6_bindings --> node_venv_lib_python3_12_site-packages_PyQt6_bindings_QtCore["QtCore"]\n    node_venv_lib_python3_12_site-packages_PyQt6_bindings_QtCore --> node_venv_lib_python3_12_site-packages_PyQt6_bindings_QtCore_qstring_sip["qstring.sip"]\n    Root --> node_venv["venv"]\n    node_venv --> node_venv_lib["lib"]\n    node_venv_lib --> node_venv_lib_python3_12["python3.12"]\n    node_venv_lib_python3_12 --> node_venv_lib_python3_12_site-packages["site-packages"]\n    node_venv_lib_python3_12_site-packages --> node_venv_lib_python3_12_site-packages_PyQt6["PyQt6"]\n    node_venv_lib_python3_12_site-packages_PyQt6 --> node_venv_lib_python3_12_site-packages_PyQt6_bindings["bindings"]\n    node_venv_lib_python3_12_site-packages_PyQt6_bindings --> node_venv_lib_python3_12_site-packages_PyQt6_bindings_QtCore["QtCore"]\n    node_venv_lib_python3_12_site-packages_PyQt6_bindings_QtCore --> node_venv_lib_python3_12_site-packages_PyQt6_bindings_QtCore_qstringconverter_sip["qstringconverter.sip"]\n    Root --> node_venv["venv"]\n    node_venv --> node_venv_lib["lib"]\n    node_venv_lib --> node_venv_lib_python3_12["python3.12"]\n    node_venv_lib_python3_12 --> node_venv_lib_python3_12_site-packages["site-packages"]\n    node_venv_lib_python3_12_site-packages --> node_venv_lib_python3_12_site-packages_PyQt6["PyQt6"]\n    node_venv_lib_python3_12_site-packages_PyQt6 --> node_venv_lib_python3_12_site-packages_PyQt6_bindings["bindings"]\n    node_venv_lib_python3_12_site-packages_PyQt6_bindings --> node_venv_lib_python3_12_site-packages_PyQt6_bindings_QtCore["QtCore"]\n    node_venv_lib_python3_12_site-packages_PyQt6_bindings_QtCore --> node_venv_lib_python3_12_site-packages_PyQt6_bindings_QtCore_qstringconverter_base_sip["qstringconverter_base.sip"]\n    Root --> node_venv["venv"]\n    node_venv --> node_venv_lib["lib"]\n    node_venv_lib --> node_venv_lib_python3_12["python3.12"]\n    node_venv_lib_python3_12 --> node_venv_lib_python3_12_site-packages["site-packages"]\n    node_venv_lib_python3_12_site-packages --> node_venv_lib_python3_12_site-packages_PyQt6["PyQt6"]\n    node_venv_lib_python3_12_site-packages_PyQt6 --> node_venv_lib_python3_12_site-packages_PyQt6_bindings["bindings"]\n    node_venv_lib_python3_12_site-packages_PyQt6_bindings --> node_venv_lib_python3_12_site-packages_PyQt6_bindings_QtCore["QtCore"]\n    node_venv_lib_python3_12_site-packages_PyQt6_bindings_QtCore --> node_venv_lib_python3_12_site-packages_PyQt6_bindings_QtCore_qstringlist_sip["qstringlist.sip"]\n    Root --> node_venv["venv"]\n    node_venv --> node_venv_lib["lib"]\n    node_venv_lib --> node_venv_lib_python3_12["python3.12"]\n    node_venv_lib_python3_12 --> node_venv_lib_python3_12_site-packages["site-packages"]\n    node_venv_lib_python3_12_site-packages --> node_venv_lib_python3_12_site-packages_PyQt6["PyQt6"]\n    node_venv_lib_python3_12_site-packages_PyQt6 --> node_venv_lib_python3_12_site-packages_PyQt6_bindings["bindings"]\n    node_venv_lib_python3_12_site-packages_PyQt6_bindings --> node_venv_lib_python3_12_site-packages_PyQt6_bindings_QtCore["QtCore"]\n    node_venv_lib_python3_12_site-packages_PyQt6_bindings_QtCore --> node_venv_lib_python3_12_site-packages_PyQt6_bindings_QtCore_qstringlistmodel_sip["qstringlistmodel.sip"]\n    Root --> node_venv["venv"]\n    node_venv --> node_venv_lib["lib"]\n    node_venv_lib --> node_venv_lib_python3_12["python3.12"]\n    node_venv_lib_python3_12 --> node_venv_lib_python3_12_site-packages["site-packages"]\n    node_venv_lib_python3_12_site-packages --> node_venv_lib_python3_12_site-packages_PyQt6["PyQt6"]\n    node_venv_lib_python3_12_site-packages_PyQt6 --> node_venv_lib_python3_12_site-packages_PyQt6_bindings["bindings"]\n    node_venv_lib_python3_12_site-packages_PyQt6_bindings --> node_venv_lib_python3_12_site-packages_PyQt6_bindings_QtCore["QtCore"]\n    node_venv_lib_python3_12_site-packages_PyQt6_bindings_QtCore --> node_venv_lib_python3_12_site-packages_PyQt6_bindings_QtCore_qstringview_sip["qstringview.sip"]\n    Root --> node_venv["venv"]\n    node_venv --> node_venv_lib["lib"]\n    node_venv_lib --> node_venv_lib_python3_12["python3.12"]\n    node_venv_lib_python3_12 --> node_venv_lib_python3_12_site-packages["site-packages"]\n    node_venv_lib_python3_12_site-packages --> node_venv_lib_python3_12_site-packages_PyQt6["PyQt6"]\n    node_venv_lib_python3_12_site-packages_PyQt6 --> node_venv_lib_python3_12_site-packages_PyQt6_bindings["bindings"]\n    node_venv_lib_python3_12_site-packages_PyQt6_bindings --> node_venv_lib_python3_12_site-packages_PyQt6_bindings_QtCore["QtCore"]\n    node_venv_lib_python3_12_site-packages_PyQt6_bindings_QtCore --> node_venv_lib_python3_12_site-packages_PyQt6_bindings_QtCore_qsysinfo_sip["qsysinfo.sip"]\n    Root --> node_venv["venv"]\n    node_venv --> node_venv_lib["lib"]\n    node_venv_lib --> node_venv_lib_python3_12["python3.12"]\n    node_venv_lib_python3_12 --> node_venv_lib_python3_12_site-packages["site-packages"]\n    node_venv_lib_python3_12_site-packages --> node_venv_lib_python3_12_site-packages_PyQt6["PyQt6"]\n    node_venv_lib_python3_12_site-packages_PyQt6 --> node_venv_lib_python3_12_site-packages_PyQt6_bindings["bindings"]\n    node_venv_lib_python3_12_site-packages_PyQt6_bindings --> node_venv_lib_python3_12_site-packages_PyQt6_bindings_QtCore["QtCore"]\n    node_venv_lib_python3_12_site-packages_PyQt6_bindings_QtCore --> node_venv_lib_python3_12_site-packages_PyQt6_bindings_QtCore_qsystemsemaphore_sip["qsystemsemaphore.sip"]\n    Root --> node_venv["venv"]\n    node_venv --> node_venv_lib["lib"]\n    node_venv_lib --> node_venv_lib_python3_12["python3.12"]\n    node_venv_lib_python3_12 --> node_venv_lib_python3_12_site-packages["site-packages"]\n    node_venv_lib_python3_12_site-packages --> node_venv_lib_python3_12_site-packages_PyQt6["PyQt6"]\n    node_venv_lib_python3_12_site-packages_PyQt6 --> node_venv_lib_python3_12_site-packages_PyQt6_bindings["bindings"]\n    node_venv_lib_python3_12_site-packages_PyQt6_bindings --> node_venv_lib_python3_12_site-packages_PyQt6_bindings_QtCore["QtCore"]\n    node_venv_lib_python3_12_site-packages_PyQt6_bindings_QtCore --> node_venv_lib_python3_12_site-packages_PyQt6_bindings_QtCore_qtemporarydir_sip["qtemporarydir.sip"]\n    Root --> node_venv["venv"]\n    node_venv --> node_venv_lib["lib"]\n    node_venv_lib --> node_venv_lib_python3_12["python3.12"]\n    node_venv_lib_python3_12 --> node_venv_lib_python3_12_site-packages["site-packages"]\n    node_venv_lib_python3_12_site-packages --> node_venv_lib_python3_12_site-packages_PyQt6["PyQt6"]\n    node_venv_lib_python3_12_site-packages_PyQt6 --> node_venv_lib_python3_12_site-packages_PyQt6_bindings["bindings"]\n    node_venv_lib_python3_12_site-packages_PyQt6_bindings --> node_venv_lib_python3_12_site-packages_PyQt6_bindings_QtCore["QtCore"]\n    node_venv_lib_python3_12_site-packages_PyQt6_bindings_QtCore --> node_venv_lib_python3_12_site-packages_PyQt6_bindings_QtCore_qtemporaryfile_sip["qtemporaryfile.sip"]\n    Root --> node_venv["venv"]\n    node_venv --> node_venv_lib["lib"]\n    node_venv_lib --> node_venv_lib_python3_12["python3.12"]\n    node_venv_lib_python3_12 --> node_venv_lib_python3_12_site-packages["site-packages"]\n    node_venv_lib_python3_12_site-packages --> node_venv_lib_python3_12_site-packages_PyQt6["PyQt6"]\n    node_venv_lib_python3_12_site-packages_PyQt6 --> node_venv_lib_python3_12_site-packages_PyQt6_bindings["bindings"]\n    node_venv_lib_python3_12_site-packages_PyQt6_bindings --> node_venv_lib_python3_12_site-packages_PyQt6_bindings_QtCore["QtCore"]\n    node_venv_lib_python3_12_site-packages_PyQt6_bindings_QtCore --> node_venv_lib_python3_12_site-packages_PyQt6_bindings_QtCore_qtenvironmentvariables_sip["qtenvironmentvariables.sip"]\n    Root --> node_venv["venv"]\n    node_venv --> node_venv_lib["lib"]\n    node_venv_lib --> node_venv_lib_python3_12["python3.12"]\n    node_venv_lib_python3_12 --> node_venv_lib_python3_12_site-packages["site-packages"]\n    node_venv_lib_python3_12_site-packages --> node_venv_lib_python3_12_site-packages_PyQt6["PyQt6"]\n    node_venv_lib_python3_12_site-packages_PyQt6 --> node_venv_lib_python3_12_site-packages_PyQt6_bindings["bindings"]\n    node_venv_lib_python3_12_site-packages_PyQt6_bindings --> node_venv_lib_python3_12_site-packages_PyQt6_bindings_QtCore["QtCore"]\n    node_venv_lib_python3_12_site-packages_PyQt6_bindings_QtCore --> node_venv_lib_python3_12_site-packages_PyQt6_bindings_QtCore_qtextboundaryfinder_sip["qtextboundaryfinder.sip"]\n    Root --> node_venv["venv"]\n    node_venv --> node_venv_lib["lib"]\n    node_venv_lib --> node_venv_lib_python3_12["python3.12"]\n    node_venv_lib_python3_12 --> node_venv_lib_python3_12_site-packages["site-packages"]\n    node_venv_lib_python3_12_site-packages --> node_venv_lib_python3_12_site-packages_PyQt6["PyQt6"]\n    node_venv_lib_python3_12_site-packages_PyQt6 --> node_venv_lib_python3_12_site-packages_PyQt6_bindings["bindings"]\n    node_venv_lib_python3_12_site-packages_PyQt6_bindings --> node_venv_lib_python3_12_site-packages_PyQt6_bindings_QtCore["QtCore"]\n    node_venv_lib_python3_12_site-packages_PyQt6_bindings_QtCore --> node_venv_lib_python3_12_site-packages_PyQt6_bindings_QtCore_qtextstream_sip["qtextstream.sip"]\n    Root --> node_venv["venv"]\n    node_venv --> node_venv_lib["lib"]\n    node_venv_lib --> node_venv_lib_python3_12["python3.12"]\n    node_venv_lib_python3_12 --> node_venv_lib_python3_12_site-packages["site-packages"]\n    node_venv_lib_python3_12_site-packages --> node_venv_lib_python3_12_site-packages_PyQt6["PyQt6"]\n    node_venv_lib_python3_12_site-packages_PyQt6 --> node_venv_lib_python3_12_site-packages_PyQt6_bindings["bindings"]\n    node_venv_lib_python3_12_site-packages_PyQt6_bindings --> node_venv_lib_python3_12_site-packages_PyQt6_bindings_QtCore["QtCore"]\n    node_venv_lib_python3_12_site-packages_PyQt6_bindings_QtCore --> node_venv_lib_python3_12_site-packages_PyQt6_bindings_QtCore_qthread_sip["qthread.sip"]\n    Root --> node_venv["venv"]\n    node_venv --> node_venv_lib["lib"]\n    node_venv_lib --> node_venv_lib_python3_12["python3.12"]\n    node_venv_lib_python3_12 --> node_venv_lib_python3_12_site-packages["site-packages"]\n    node_venv_lib_python3_12_site-packages --> node_venv_lib_python3_12_site-packages_PyQt6["PyQt6"]\n    node_venv_lib_python3_12_site-packages_PyQt6 --> node_venv_lib_python3_12_site-packages_PyQt6_bindings["bindings"]\n    node_venv_lib_python3_12_site-packages_PyQt6_bindings --> node_venv_lib_python3_12_site-packages_PyQt6_bindings_QtCore["QtCore"]\n    node_venv_lib_python3_12_site-packages_PyQt6_bindings_QtCore --> node_venv_lib_python3_12_site-packages_PyQt6_bindings_QtCore_qthreadpool_sip["qthreadpool.sip"]\n    Root --> node_venv["venv"]\n    node_venv --> node_venv_lib["lib"]\n    node_venv_lib --> node_venv_lib_python3_12["python3.12"]\n    node_venv_lib_python3_12 --> node_venv_lib_python3_12_site-packages["site-packages"]\n    node_venv_lib_python3_12_site-packages --> node_venv_lib_python3_12_site-packages_PyQt6["PyQt6"]\n    node_venv_lib_python3_12_site-packages_PyQt6 --> node_venv_lib_python3_12_site-packages_PyQt6_bindings["bindings"]\n    node_venv_lib_python3_12_site-packages_PyQt6_bindings --> node_venv_lib_python3_12_site-packages_PyQt6_bindings_QtCore["QtCore"]\n    node_venv_lib_python3_12_site-packages_PyQt6_bindings_QtCore --> node_venv_lib_python3_12_site-packages_PyQt6_bindings_QtCore_qtimeline_sip["qtimeline.sip"]\n    Root --> node_venv["venv"]\n    node_venv --> node_venv_lib["lib"]\n    node_venv_lib --> node_venv_lib_python3_12["python3.12"]\n    node_venv_lib_python3_12 --> node_venv_lib_python3_12_site-packages["site-packages"]\n    node_venv_lib_python3_12_site-packages --> node_venv_lib_python3_12_site-packages_PyQt6["PyQt6"]\n    node_venv_lib_python3_12_site-packages_PyQt6 --> node_venv_lib_python3_12_site-packages_PyQt6_bindings["bindings"]\n    node_venv_lib_python3_12_site-packages_PyQt6_bindings --> node_venv_lib_python3_12_site-packages_PyQt6_bindings_QtCore["QtCore"]\n    node_venv_lib_python3_12_site-packages_PyQt6_bindings_QtCore --> node_venv_lib_python3_12_site-packages_PyQt6_bindings_QtCore_qtimer_sip["qtimer.sip"]\n    Root --> node_venv["venv"]\n    node_venv --> node_venv_lib["lib"]\n    node_venv_lib --> node_venv_lib_python3_12["python3.12"]\n    node_venv_lib_python3_12 --> node_venv_lib_python3_12_site-packages["site-packages"]\n    node_venv_lib_python3_12_site-packages --> node_venv_lib_python3_12_site-packages_PyQt6["PyQt6"]\n    node_venv_lib_python3_12_site-packages_PyQt6 --> node_venv_lib_python3_12_site-packages_PyQt6_bindings["bindings"]\n    node_venv_lib_python3_12_site-packages_PyQt6_bindings --> node_venv_lib_python3_12_site-packages_PyQt6_bindings_QtCore["QtCore"]\n    node_venv_lib_python3_12_site-packages_PyQt6_bindings_QtCore --> node_venv_lib_python3_12_site-packages_PyQt6_bindings_QtCore_qtimezone_sip["qtimezone.sip"]\n    Root --> node_venv["venv"]\n    node_venv --> node_venv_lib["lib"]\n    node_venv_lib --> node_venv_lib_python3_12["python3.12"]\n    node_venv_lib_python3_12 --> node_venv_lib_python3_12_site-packages["site-packages"]\n    node_venv_lib_python3_12_site-packages --> node_venv_lib_python3_12_site-packages_PyQt6["PyQt6"]\n    node_venv_lib_python3_12_site-packages_PyQt6 --> node_venv_lib_python3_12_site-packages_PyQt6_bindings["bindings"]\n    node_venv_lib_python3_12_site-packages_PyQt6_bindings --> node_venv_lib_python3_12_site-packages_PyQt6_bindings_QtCore["QtCore"]\n    node_venv_lib_python3_12_site-packages_PyQt6_bindings_QtCore --> node_venv_lib_python3_12_site-packages_PyQt6_bindings_QtCore_qtipccommon_sip["qtipccommon.sip"]\n    Root --> node_venv["venv"]\n    node_venv --> node_venv_lib["lib"]\n    node_venv_lib --> node_venv_lib_python3_12["python3.12"]\n    node_venv_lib_python3_12 --> node_venv_lib_python3_12_site-packages["site-packages"]\n    node_venv_lib_python3_12_site-packages --> node_venv_lib_python3_12_site-packages_PyQt6["PyQt6"]\n    node_venv_lib_python3_12_site-packages_PyQt6 --> node_venv_lib_python3_12_site-packages_PyQt6_bindings["bindings"]\n    node_venv_lib_python3_12_site-packages_PyQt6_bindings --> node_venv_lib_python3_12_site-packages_PyQt6_bindings_QtCore["QtCore"]\n    node_venv_lib_python3_12_site-packages_PyQt6_bindings_QtCore --> node_venv_lib_python3_12_site-packages_PyQt6_bindings_QtCore_qtranslator_sip["qtranslator.sip"]\n    Root --> node_venv["venv"]\n    node_venv --> node_venv_lib["lib"]\n    node_venv_lib --> node_venv_lib_python3_12["python3.12"]\n    node_venv_lib_python3_12 --> node_venv_lib_python3_12_site-packages["site-packages"]\n    node_venv_lib_python3_12_site-packages --> node_venv_lib_python3_12_site-packages_PyQt6["PyQt6"]\n    node_venv_lib_python3_12_site-packages_PyQt6 --> node_venv_lib_python3_12_site-packages_PyQt6_bindings["bindings"]\n    node_venv_lib_python3_12_site-packages_PyQt6_bindings --> node_venv_lib_python3_12_site-packages_PyQt6_bindings_QtCore["QtCore"]\n    node_venv_lib_python3_12_site-packages_PyQt6_bindings_QtCore --> node_venv_lib_python3_12_site-packages_PyQt6_bindings_QtCore_qtransposeproxymodel_sip["qtransposeproxymodel.sip"]\n    Root --> node_venv["venv"]\n    node_venv --> node_venv_lib["lib"]\n    node_venv_lib --> node_venv_lib_python3_12["python3.12"]\n    node_venv_lib_python3_12 --> node_venv_lib_python3_12_site-packages["site-packages"]\n    node_venv_lib_python3_12_site-packages --> node_venv_lib_python3_12_site-packages_PyQt6["PyQt6"]\n    node_venv_lib_python3_12_site-packages_PyQt6 --> node_venv_lib_python3_12_site-packages_PyQt6_bindings["bindings"]\n    node_venv_lib_python3_12_site-packages_PyQt6_bindings --> node_venv_lib_python3_12_site-packages_PyQt6_bindings_QtCore["QtCore"]\n    node_venv_lib_python3_12_site-packages_PyQt6_bindings_QtCore --> node_venv_lib_python3_12_site-packages_PyQt6_bindings_QtCore_qtversion_sip["qtversion.sip"]\n    Root --> node_venv["venv"]\n    node_venv --> node_venv_lib["lib"]\n    node_venv_lib --> node_venv_lib_python3_12["python3.12"]\n    node_venv_lib_python3_12 --> node_venv_lib_python3_12_site-packages["site-packages"]\n    node_venv_lib_python3_12_site-packages --> node_venv_lib_python3_12_site-packages_PyQt6["PyQt6"]\n    node_venv_lib_python3_12_site-packages_PyQt6 --> node_venv_lib_python3_12_site-packages_PyQt6_bindings["bindings"]\n    node_venv_lib_python3_12_site-packages_PyQt6_bindings --> node_venv_lib_python3_12_site-packages_PyQt6_bindings_QtCore["QtCore"]\n    node_venv_lib_python3_12_site-packages_PyQt6_bindings_QtCore --> node_venv_lib_python3_12_site-packages_PyQt6_bindings_QtCore_qtyperevision_sip["qtyperevision.sip"]\n    Root --> node_venv["venv"]\n    node_venv --> node_venv_lib["lib"]\n    node_venv_lib --> node_venv_lib_python3_12["python3.12"]\n    node_venv_lib_python3_12 --> node_venv_lib_python3_12_site-packages["site-packages"]\n    node_venv_lib_python3_12_site-packages --> node_venv_lib_python3_12_site-packages_PyQt6["PyQt6"]\n    node_venv_lib_python3_12_site-packages_PyQt6 --> node_venv_lib_python3_12_site-packages_PyQt6_bindings["bindings"]\n    node_venv_lib_python3_12_site-packages_PyQt6_bindings --> node_venv_lib_python3_12_site-packages_PyQt6_bindings_QtCore["QtCore"]\n    node_venv_lib_python3_12_site-packages_PyQt6_bindings_QtCore --> node_venv_lib_python3_12_site-packages_PyQt6_bindings_QtCore_qtypes_sip["qtypes.sip"]\n    Root --> node_venv["venv"]\n    node_venv --> node_venv_lib["lib"]\n    node_venv_lib --> node_venv_lib_python3_12["python3.12"]\n    node_venv_lib_python3_12 --> node_venv_lib_python3_12_site-packages["site-packages"]\n    node_venv_lib_python3_12_site-packages --> node_venv_lib_python3_12_site-packages_PyQt6["PyQt6"]\n    node_venv_lib_python3_12_site-packages_PyQt6 --> node_venv_lib_python3_12_site-packages_PyQt6_bindings["bindings"]\n    node_venv_lib_python3_12_site-packages_PyQt6_bindings --> node_venv_lib_python3_12_site-packages_PyQt6_bindings_QtCore["QtCore"]\n    node_venv_lib_python3_12_site-packages_PyQt6_bindings_QtCore --> node_venv_lib_python3_12_site-packages_PyQt6_bindings_QtCore_qurl_sip["qurl.sip"]\n    Root --> node_venv["venv"]\n    node_venv --> node_venv_lib["lib"]\n    node_venv_lib --> node_venv_lib_python3_12["python3.12"]\n    node_venv_lib_python3_12 --> node_venv_lib_python3_12_site-packages["site-packages"]\n    node_venv_lib_python3_12_site-packages --> node_venv_lib_python3_12_site-packages_PyQt6["PyQt6"]\n    node_venv_lib_python3_12_site-packages_PyQt6 --> node_venv_lib_python3_12_site-packages_PyQt6_bindings["bindings"]\n    node_venv_lib_python3_12_site-packages_PyQt6_bindings --> node_venv_lib_python3_12_site-packages_PyQt6_bindings_QtCore["QtCore"]\n    node_venv_lib_python3_12_site-packages_PyQt6_bindings_QtCore --> node_venv_lib_python3_12_site-packages_PyQt6_bindings_QtCore_qurlquery_sip["qurlquery.sip"]\n    Root --> node_venv["venv"]\n    node_venv --> node_venv_lib["lib"]\n    node_venv_lib --> node_venv_lib_python3_12["python3.12"]\n    node_venv_lib_python3_12 --> node_venv_lib_python3_12_site-packages["site-packages"]\n    node_venv_lib_python3_12_site-packages --> node_venv_lib_python3_12_site-packages_PyQt6["PyQt6"]\n    node_venv_lib_python3_12_site-packages_PyQt6 --> node_venv_lib_python3_12_site-packages_PyQt6_bindings["bindings"]\n    node_venv_lib_python3_12_site-packages_PyQt6_bindings --> node_venv_lib_python3_12_site-packages_PyQt6_bindings_QtCore["QtCore"]\n    node_venv_lib_python3_12_site-packages_PyQt6_bindings_QtCore --> node_venv_lib_python3_12_site-packages_PyQt6_bindings_QtCore_quuid_sip["quuid.sip"]\n    Root --> node_venv["venv"]\n    node_venv --> node_venv_lib["lib"]\n    node_venv_lib --> node_venv_lib_python3_12["python3.12"]\n    node_venv_lib_python3_12 --> node_venv_lib_python3_12_site-packages["site-packages"]\n    node_venv_lib_python3_12_site-packages --> node_venv_lib_python3_12_site-packages_PyQt6["PyQt6"]\n    node_venv_lib_python3_12_site-packages_PyQt6 --> node_venv_lib_python3_12_site-packages_PyQt6_bindings["bindings"]\n    node_venv_lib_python3_12_site-packages_PyQt6_bindings --> node_venv_lib_python3_12_site-packages_PyQt6_bindings_QtCore["QtCore"]\n    node_venv_lib_python3_12_site-packages_PyQt6_bindings_QtCore --> node_venv_lib_python3_12_site-packages_PyQt6_bindings_QtCore_qvariant_sip["qvariant.sip"]\n    Root --> node_venv["venv"]\n    node_venv --> node_venv_lib["lib"]\n    node_venv_lib --> node_venv_lib_python3_12["python3.12"]\n    node_venv_lib_python3_12 --> node_venv_lib_python3_12_site-packages["site-packages"]\n    node_venv_lib_python3_12_site-packages --> node_venv_lib_python3_12_site-packages_PyQt6["PyQt6"]\n    node_venv_lib_python3_12_site-packages_PyQt6 --> node_venv_lib_python3_12_site-packages_PyQt6_bindings["bindings"]\n    node_venv_lib_python3_12_site-packages_PyQt6_bindings --> node_venv_lib_python3_12_site-packages_PyQt6_bindings_QtCore["QtCore"]\n    node_venv_lib_python3_12_site-packages_PyQt6_bindings_QtCore --> node_venv_lib_python3_12_site-packages_PyQt6_bindings_QtCore_qvariantanimation_sip["qvariantanimation.sip"]\n    Root --> node_venv["venv"]\n    node_venv --> node_venv_lib["lib"]\n    node_venv_lib --> node_venv_lib_python3_12["python3.12"]\n    node_venv_lib_python3_12 --> node_venv_lib_python3_12_site-packages["site-packages"]\n    node_venv_lib_python3_12_site-packages --> node_venv_lib_python3_12_site-packages_PyQt6["PyQt6"]\n    node_venv_lib_python3_12_site-packages_PyQt6 --> node_venv_lib_python3_12_site-packages_PyQt6_bindings["bindings"]\n    node_venv_lib_python3_12_site-packages_PyQt6_bindings --> node_venv_lib_python3_12_site-packages_PyQt6_bindings_QtCore["QtCore"]\n    node_venv_lib_python3_12_site-packages_PyQt6_bindings_QtCore --> node_venv_lib_python3_12_site-packages_PyQt6_bindings_QtCore_qversionnumber_sip["qversionnumber.sip"]\n    Root --> node_venv["venv"]\n    node_venv --> node_venv_lib["lib"]\n    node_venv_lib --> node_venv_lib_python3_12["python3.12"]\n    node_venv_lib_python3_12 --> node_venv_lib_python3_12_site-packages["site-packages"]\n    node_venv_lib_python3_12_site-packages --> node_venv_lib_python3_12_site-packages_PyQt6["PyQt6"]\n    node_venv_lib_python3_12_site-packages_PyQt6 --> node_venv_lib_python3_12_site-packages_PyQt6_bindings["bindings"]\n    node_venv_lib_python3_12_site-packages_PyQt6_bindings --> node_venv_lib_python3_12_site-packages_PyQt6_bindings_QtCore["QtCore"]\n    node_venv_lib_python3_12_site-packages_PyQt6_bindings_QtCore --> node_venv_lib_python3_12_site-packages_PyQt6_bindings_QtCore_qwaitcondition_sip["qwaitcondition.sip"]\n    Root --> node_venv["venv"]\n    node_venv --> node_venv_lib["lib"]\n    node_venv_lib --> node_venv_lib_python3_12["python3.12"]\n    node_venv_lib_python3_12 --> node_venv_lib_python3_12_site-packages["site-packages"]\n    node_venv_lib_python3_12_site-packages --> node_venv_lib_python3_12_site-packages_PyQt6["PyQt6"]\n    node_venv_lib_python3_12_site-packages_PyQt6 --> node_venv_lib_python3_12_site-packages_PyQt6_bindings["bindings"]\n    node_venv_lib_python3_12_site-packages_PyQt6_bindings --> node_venv_lib_python3_12_site-packages_PyQt6_bindings_QtCore["QtCore"]\n    node_venv_lib_python3_12_site-packages_PyQt6_bindings_QtCore --> node_venv_lib_python3_12_site-packages_PyQt6_bindings_QtCore_qwineventnotifier_sip["qwineventnotifier.sip"]\n    Root --> node_venv["venv"]\n    node_venv --> node_venv_lib["lib"]\n    node_venv_lib --> node_venv_lib_python3_12["python3.12"]\n    node_venv_lib_python3_12 --> node_venv_lib_python3_12_site-packages["site-packages"]\n    node_venv_lib_python3_12_site-packages --> node_venv_lib_python3_12_site-packages_PyQt6["PyQt6"]\n    node_venv_lib_python3_12_site-packages_PyQt6 --> node_venv_lib_python3_12_site-packages_PyQt6_bindings["bindings"]\n    node_venv_lib_python3_12_site-packages_PyQt6_bindings --> node_venv_lib_python3_12_site-packages_PyQt6_bindings_QtCore["QtCore"]\n    node_venv_lib_python3_12_site-packages_PyQt6_bindings_QtCore --> node_venv_lib_python3_12_site-packages_PyQt6_bindings_QtCore_qxmlstream_sip["qxmlstream.sip"]\n    Root --> node_venv["venv"]\n    node_venv --> node_venv_lib["lib"]\n    node_venv_lib --> node_venv_lib_python3_12["python3.12"]\n    node_venv_lib_python3_12 --> node_venv_lib_python3_12_site-packages["site-packages"]\n    node_venv_lib_python3_12_site-packages --> node_venv_lib_python3_12_site-packages_PyQt6["PyQt6"]\n    node_venv_lib_python3_12_site-packages_PyQt6 --> node_venv_lib_python3_12_site-packages_PyQt6_bindings["bindings"]\n    node_venv_lib_python3_12_site-packages_PyQt6_bindings --> node_venv_lib_python3_12_site-packages_PyQt6_bindings_QtCore["QtCore"]\n    node_venv_lib_python3_12_site-packages_PyQt6_bindings_QtCore --> node_venv_lib_python3_12_site-packages_PyQt6_bindings_QtCore_qyieldcpu_sip["qyieldcpu.sip"]\n    Root --> node_venv["venv"]\n    node_venv --> node_venv_lib["lib"]\n    node_venv_lib --> node_venv_lib_python3_12["python3.12"]\n    node_venv_lib_python3_12 --> node_venv_lib_python3_12_site-packages["site-packages"]\n    node_venv_lib_python3_12_site-packages --> node_venv_lib_python3_12_site-packages_PyQt6["PyQt6"]\n    node_venv_lib_python3_12_site-packages_PyQt6 --> node_venv_lib_python3_12_site-packages_PyQt6_bindings["bindings"]\n    node_venv_lib_python3_12_site-packages_PyQt6_bindings --> node_venv_lib_python3_12_site-packages_PyQt6_bindings_QtMultimediaWidgets["QtMultimediaWidgets"]\n    node_venv_lib_python3_12_site-packages_PyQt6_bindings_QtMultimediaWidgets --> node_venv_lib_python3_12_site-packages_PyQt6_bindings_QtMultimediaWidgets_QtMultimediaWidgets_toml["QtMultimediaWidgets.toml"]\n    Root --> node_venv["venv"]\n    node_venv --> node_venv_lib["lib"]\n    node_venv_lib --> node_venv_lib_python3_12["python3.12"]\n    node_venv_lib_python3_12 --> node_venv_lib_python3_12_site-packages["site-packages"]\n    node_venv_lib_python3_12_site-packages --> node_venv_lib_python3_12_site-packages_PyQt6["PyQt6"]\n    node_venv_lib_python3_12_site-packages_PyQt6 --> node_venv_lib_python3_12_site-packages_PyQt6_bindings["bindings"]\n    node_venv_lib_python3_12_site-packages_PyQt6_bindings --> node_venv_lib_python3_12_site-packages_PyQt6_bindings_QtMultimediaWidgets["QtMultimediaWidgets"]\n    node_venv_lib_python3_12_site-packages_PyQt6_bindings_QtMultimediaWidgets --> node_venv_lib_python3_12_site-packages_PyQt6_bindings_QtMultimediaWidgets_QtMultimediaWidgetsmod_sip["QtMultimediaWidgetsmod.sip"]\n    Root --> node_venv["venv"]\n    node_venv --> node_venv_lib["lib"]\n    node_venv_lib --> node_venv_lib_python3_12["python3.12"]\n    node_venv_lib_python3_12 --> node_venv_lib_python3_12_site-packages["site-packages"]\n    node_venv_lib_python3_12_site-packages --> node_venv_lib_python3_12_site-packages_PyQt6["PyQt6"]\n    node_venv_lib_python3_12_site-packages_PyQt6 --> node_venv_lib_python3_12_site-packages_PyQt6_bindings["bindings"]\n    node_venv_lib_python3_12_site-packages_PyQt6_bindings --> node_venv_lib_python3_12_site-packages_PyQt6_bindings_QtMultimediaWidgets["QtMultimediaWidgets"]\n    node_venv_lib_python3_12_site-packages_PyQt6_bindings_QtMultimediaWidgets --> node_venv_lib_python3_12_site-packages_PyQt6_bindings_QtMultimediaWidgets_qgraphicsvideoitem_sip["qgraphicsvideoitem.sip"]\n    Root --> node_venv["venv"]\n    node_venv --> node_venv_lib["lib"]\n    node_venv_lib --> node_venv_lib_python3_12["python3.12"]\n    node_venv_lib_python3_12 --> node_venv_lib_python3_12_site-packages["site-packages"]\n    node_venv_lib_python3_12_site-packages --> node_venv_lib_python3_12_site-packages_PyQt6["PyQt6"]\n    node_venv_lib_python3_12_site-packages_PyQt6 --> node_venv_lib_python3_12_site-packages_PyQt6_bindings["bindings"]\n    node_venv_lib_python3_12_site-packages_PyQt6_bindings --> node_venv_lib_python3_12_site-packages_PyQt6_bindings_QtMultimediaWidgets["QtMultimediaWidgets"]\n    node_venv_lib_python3_12_site-packages_PyQt6_bindings_QtMultimediaWidgets --> node_venv_lib_python3_12_site-packages_PyQt6_bindings_QtMultimediaWidgets_qvideowidget_sip["qvideowidget.sip"]\n    Root --> node_venv["venv"]\n    node_venv --> node_venv_lib["lib"]\n    node_venv_lib --> node_venv_lib_python3_12["python3.12"]\n    node_venv_lib_python3_12 --> node_venv_lib_python3_12_site-packages["site-packages"]\n    node_venv_lib_python3_12_site-packages --> node_venv_lib_python3_12_site-packages_PyQt6["PyQt6"]\n    node_venv_lib_python3_12_site-packages_PyQt6 --> node_venv_lib_python3_12_site-packages_PyQt6_bindings["bindings"]\n    node_venv_lib_python3_12_site-packages_PyQt6_bindings --> node_venv_lib_python3_12_site-packages_PyQt6_bindings_QtTest["QtTest"]\n    node_venv_lib_python3_12_site-packages_PyQt6_bindings_QtTest --> node_venv_lib_python3_12_site-packages_PyQt6_bindings_QtTest_QtTest_toml["QtTest.toml"]\n    Root --> node_venv["venv"]\n    node_venv --> node_venv_lib["lib"]\n    node_venv_lib --> node_venv_lib_python3_12["python3.12"]\n    node_venv_lib_python3_12 --> node_venv_lib_python3_12_site-packages["site-packages"]\n    node_venv_lib_python3_12_site-packages --> node_venv_lib_python3_12_site-packages_PyQt6["PyQt6"]\n    node_venv_lib_python3_12_site-packages_PyQt6 --> node_venv_lib_python3_12_site-packages_PyQt6_bindings["bindings"]\n    node_venv_lib_python3_12_site-packages_PyQt6_bindings --> node_venv_lib_python3_12_site-packages_PyQt6_bindings_QtTest["QtTest"]\n    node_venv_lib_python3_12_site-packages_PyQt6_bindings_QtTest --> node_venv_lib_python3_12_site-packages_PyQt6_bindings_QtTest_QtTestmod_sip["QtTestmod.sip"]\n    Root --> node_venv["venv"]\n    node_venv --> node_venv_lib["lib"]\n    node_venv_lib --> node_venv_lib_python3_12["python3.12"]\n    node_venv_lib_python3_12 --> node_venv_lib_python3_12_site-packages["site-packages"]\n    node_venv_lib_python3_12_site-packages --> node_venv_lib_python3_12_site-packages_PyQt6["PyQt6"]\n    node_venv_lib_python3_12_site-packages_PyQt6 --> node_venv_lib_python3_12_site-packages_PyQt6_bindings["bindings"]\n    node_venv_lib_python3_12_site-packages_PyQt6_bindings --> node_venv_lib_python3_12_site-packages_PyQt6_bindings_QtTest["QtTest"]\n    node_venv_lib_python3_12_site-packages_PyQt6_bindings_QtTest --> node_venv_lib_python3_12_site-packages_PyQt6_bindings_QtTest_qabstractitemmodeltester_sip["qabstractitemmodeltester.sip"]\n    Root --> node_venv["venv"]\n    node_venv --> node_venv_lib["lib"]\n    node_venv_lib --> node_venv_lib_python3_12["python3.12"]\n    node_venv_lib_python3_12 --> node_venv_lib_python3_12_site-packages["site-packages"]\n    node_venv_lib_python3_12_site-packages --> node_venv_lib_python3_12_site-packages_PyQt6["PyQt6"]\n    node_venv_lib_python3_12_site-packages_PyQt6 --> node_venv_lib_python3_12_site-packages_PyQt6_bindings["bindings"]\n    node_venv_lib_python3_12_site-packages_PyQt6_bindings --> node_venv_lib_python3_12_site-packages_PyQt6_bindings_QtTest["QtTest"]\n    node_venv_lib_python3_12_site-packages_PyQt6_bindings_QtTest --> node_venv_lib_python3_12_site-packages_PyQt6_bindings_QtTest_qsignalspy_sip["qsignalspy.sip"]\n    Root --> node_venv["venv"]\n    node_venv --> node_venv_lib["lib"]\n    node_venv_lib --> node_venv_lib_python3_12["python3.12"]\n    node_venv_lib_python3_12 --> node_venv_lib_python3_12_site-packages["site-packages"]\n    node_venv_lib_python3_12_site-packages --> node_venv_lib_python3_12_site-packages_PyQt6["PyQt6"]\n    node_venv_lib_python3_12_site-packages_PyQt6 --> node_venv_lib_python3_12_site-packages_PyQt6_bindings["bindings"]\n    node_venv_lib_python3_12_site-packages_PyQt6_bindings --> node_venv_lib_python3_12_site-packages_PyQt6_bindings_QtTest["QtTest"]\n    node_venv_lib_python3_12_site-packages_PyQt6_bindings_QtTest --> node_venv_lib_python3_12_site-packages_PyQt6_bindings_QtTest_qtestkeyboard_sip["qtestkeyboard.sip"]\n    Root --> node_venv["venv"]\n    node_venv --> node_venv_lib["lib"]\n    node_venv_lib --> node_venv_lib_python3_12["python3.12"]\n    node_venv_lib_python3_12 --> node_venv_lib_python3_12_site-packages["site-packages"]\n    node_venv_lib_python3_12_site-packages --> node_venv_lib_python3_12_site-packages_PyQt6["PyQt6"]\n    node_venv_lib_python3_12_site-packages_PyQt6 --> node_venv_lib_python3_12_site-packages_PyQt6_bindings["bindings"]\n    node_venv_lib_python3_12_site-packages_PyQt6_bindings --> node_venv_lib_python3_12_site-packages_PyQt6_bindings_QtTest["QtTest"]\n    node_venv_lib_python3_12_site-packages_PyQt6_bindings_QtTest --> node_venv_lib_python3_12_site-packages_PyQt6_bindings_QtTest_qtestmouse_sip["qtestmouse.sip"]\n    Root --> node_venv["venv"]\n    node_venv --> node_venv_lib["lib"]\n    node_venv_lib --> node_venv_lib_python3_12["python3.12"]\n    node_venv_lib_python3_12 --> node_venv_lib_python3_12_site-packages["site-packages"]\n    node_venv_lib_python3_12_site-packages --> node_venv_lib_python3_12_site-packages_PyQt6["PyQt6"]\n    node_venv_lib_python3_12_site-packages_PyQt6 --> node_venv_lib_python3_12_site-packages_PyQt6_bindings["bindings"]\n    node_venv_lib_python3_12_site-packages_PyQt6_bindings --> node_venv_lib_python3_12_site-packages_PyQt6_bindings_QtTest["QtTest"]\n    node_venv_lib_python3_12_site-packages_PyQt6_bindings_QtTest --> node_venv_lib_python3_12_site-packages_PyQt6_bindings_QtTest_qtestsystem_sip["qtestsystem.sip"]\n    Root --> node_venv["venv"]\n    node_venv --> node_venv_lib["lib"]\n    node_venv_lib --> node_venv_lib_python3_12["python3.12"]\n    node_venv_lib_python3_12 --> node_venv_lib_python3_12_site-packages["site-packages"]\n    node_venv_lib_python3_12_site-packages --> node_venv_lib_python3_12_site-packages_PyQt6["PyQt6"]\n    node_venv_lib_python3_12_site-packages_PyQt6 --> node_venv_lib_python3_12_site-packages_PyQt6_bindings["bindings"]\n    node_venv_lib_python3_12_site-packages_PyQt6_bindings --> node_venv_lib_python3_12_site-packages_PyQt6_bindings_QtPdfWidgets["QtPdfWidgets"]\n    node_venv_lib_python3_12_site-packages_PyQt6_bindings_QtPdfWidgets --> node_venv_lib_python3_12_site-packages_PyQt6_bindings_QtPdfWidgets_QtPdfWidgets_toml["QtPdfWidgets.toml"]\n    Root --> node_venv["venv"]\n    node_venv --> node_venv_lib["lib"]\n    node_venv_lib --> node_venv_lib_python3_12["python3.12"]\n    node_venv_lib_python3_12 --> node_venv_lib_python3_12_site-packages["site-packages"]\n    node_venv_lib_python3_12_site-packages --> node_venv_lib_python3_12_site-packages_PyQt6["PyQt6"]\n    node_venv_lib_python3_12_site-packages_PyQt6 --> node_venv_lib_python3_12_site-packages_PyQt6_bindings["bindings"]\n    node_venv_lib_python3_12_site-packages_PyQt6_bindings --> node_venv_lib_python3_12_site-packages_PyQt6_bindings_QtPdfWidgets["QtPdfWidgets"]\n    node_venv_lib_python3_12_site-packages_PyQt6_bindings_QtPdfWidgets --> node_venv_lib_python3_12_site-packages_PyQt6_bindings_QtPdfWidgets_QtPdfWidgetsmod_sip["QtPdfWidgetsmod.sip"]\n    Root --> node_venv["venv"]\n    node_venv --> node_venv_lib["lib"]\n    node_venv_lib --> node_venv_lib_python3_12["python3.12"]\n    node_venv_lib_python3_12 --> node_venv_lib_python3_12_site-packages["site-packages"]\n    node_venv_lib_python3_12_site-packages --> node_venv_lib_python3_12_site-packages_PyQt6["PyQt6"]\n    node_venv_lib_python3_12_site-packages_PyQt6 --> node_venv_lib_python3_12_site-packages_PyQt6_bindings["bindings"]\n    node_venv_lib_python3_12_site-packages_PyQt6_bindings --> node_venv_lib_python3_12_site-packages_PyQt6_bindings_QtPdfWidgets["QtPdfWidgets"]\n    node_venv_lib_python3_12_site-packages_PyQt6_bindings_QtPdfWidgets --> node_venv_lib_python3_12_site-packages_PyQt6_bindings_QtPdfWidgets_qpdfpageselector_sip["qpdfpageselector.sip"]\n    Root --> node_venv["venv"]\n    node_venv --> node_venv_lib["lib"]\n    node_venv_lib --> node_venv_lib_python3_12["python3.12"]\n    node_venv_lib_python3_12 --> node_venv_lib_python3_12_site-packages["site-packages"]\n    node_venv_lib_python3_12_site-packages --> node_venv_lib_python3_12_site-packages_PyQt6["PyQt6"]\n    node_venv_lib_python3_12_site-packages_PyQt6 --> node_venv_lib_python3_12_site-packages_PyQt6_bindings["bindings"]\n    node_venv_lib_python3_12_site-packages_PyQt6_bindings --> node_venv_lib_python3_12_site-packages_PyQt6_bindings_QtPdfWidgets["QtPdfWidgets"]\n    node_venv_lib_python3_12_site-packages_PyQt6_bindings_QtPdfWidgets --> node_venv_lib_python3_12_site-packages_PyQt6_bindings_QtPdfWidgets_qpdfview_sip["qpdfview.sip"]\n\n%% Dark mode styling\nclassDef rootNode fill:#1a1a2e,stroke:#eee,stroke-width:2px,color:#fff\nclassDef fileNode fill:#16213e,stroke:#ddd,stroke-width:1px,color:#fff\nclassDef pythonFile fill:#0f3460,stroke:#4fbdba,stroke-width:2px,color:#fff\nclassDef configFile fill:#2d033b,stroke:#e0913f,stroke-width:2px,color:#fff\nclassDef docFile fill:#1e5128,stroke:#4caf50,stroke-width:2px,color:#fff\n\n%% Apply styles\nclass Root rootNode\nclass node_dockerignore fileNode\nclass node_env fileNode\nclass node_env_example fileNode\nclass node_gitignore fileNode\nclass node_Dockerfile fileNode\nclass node_LICENSE_ndaversis_txt docFile\nclass node_config_json configFile\nclass node_docker-compose_yml configFile\nclass node_final_test_results_txt docFile\nclass node_ndaversis_py pythonFile\nclass node_ndaversis_logs_py pythonFile\nclass node_ndaversis_metrics_json configFile\nclass node_ndaversis_privacy_policy_md docFile\nclass node_ndaversis_readme_md docFile\nclass node_ndaversis_requirements_txt docFile\nclass node_ndaversis_version_history_py pythonFile\nclass node_readme_md docFile\nclass node_task_txt docFile\nclass node_test_txt docFile\nclass node_test_config_json configFile\nclass node_test_failures_txt docFile\nclass node_test_ndaversis_py pythonFile\nclass node_test_ndaversis_readme_md docFile\nclass node_test_results_txt docFile\nclass node_venv_pyvenv_cfg fileNode\nclass node_venv_bin_Activate_ps1 fileNode\nclass node_venv_bin_activate fileNode\nclass node_venv_bin_activate_csh fileNode\nclass node_venv_bin_activate_fish fileNode\nclass node_venv_bin_pip fileNode\nclass node_venv_bin_pip3 fileNode\nclass node_venv_bin_pip3_12 fileNode\nclass node_venv_bin_pylupdate6 fileNode\nclass node_venv_bin_python fileNode\nclass node_venv_bin_python3 fileNode\nclass node_venv_bin_python3_12 fileNode\nclass node_venv_bin_pyuic6 fileNode\nclass node_venv_lib_python3_12_site-packages_pyqt6-6_10_2_dist-info_INSTALLER fileNode\nclass node_venv_lib_python3_12_site-packages_pyqt6-6_10_2_dist-info_METADATA fileNode\nclass node_venv_lib_python3_12_site-packages_pyqt6-6_10_2_dist-info_RECORD fileNode\nclass node_venv_lib_python3_12_site-packages_pyqt6-6_10_2_dist-info_REQUESTED fileNode\nclass node_venv_lib_python3_12_site-packages_pyqt6-6_10_2_dist-info_WHEEL fileNode\nclass node_venv_lib_python3_12_site-packages_pyqt6-6_10_2_dist-info_entry_points_txt docFile\nclass node_venv_lib_python3_12_site-packages_pyqt6-6_10_2_dist-info_licenses_LICENSE fileNode\nclass node_venv_lib_python3_12_site-packages_pip-25_0_1_dist-info_INSTALLER fileNode\nclass node_venv_lib_python3_12_site-packages_pip-25_0_1_dist-info_METADATA fileNode\nclass node_venv_lib_python3_12_site-packages_pip-25_0_1_dist-info_RECORD fileNode\nclass node_venv_lib_python3_12_site-packages_pip-25_0_1_dist-info_REQUESTED fileNode\nclass node_venv_lib_python3_12_site-packages_pip-25_0_1_dist-info_WHEEL fileNode\nclass node_venv_lib_python3_12_site-packages_pip-25_0_1_dist-info_entry_points_txt docFile\nclass node_venv_lib_python3_12_site-packages_pip-25_0_1_dist-info_top_level_txt docFile\nclass node_venv_lib_python3_12_site-packages_pip-25_0_1_dist-info_licenses_AUTHORS_txt docFile\nclass node_venv_lib_python3_12_site-packages_pip-25_0_1_dist-info_licenses_LICENSE_txt docFile\nclass node_venv_lib_python3_12_site-packages_pip___init___py pythonFile\nclass node_venv_lib_python3_12_site-packages_pip___main___py pythonFile\nclass node_venv_lib_python3_12_site-packages_pip___pip-runner___py pythonFile\nclass node_venv_lib_python3_12_site-packages_pip_py_typed fileNode\nclass node_venv_lib_python3_12_site-packages_pip__internal___init___py pythonFile\nclass node_venv_lib_python3_12_site-packages_pip__internal_build_env_py pythonFile\nclass node_venv_lib_python3_12_site-packages_pip__internal_cache_py pythonFile\nclass node_venv_lib_python3_12_site-packages_pip__internal_configuration_py pythonFile\nclass node_venv_lib_python3_12_site-packages_pip__internal_exceptions_py pythonFile\nclass node_venv_lib_python3_12_site-packages_pip__internal_main_py pythonFile\nclass node_venv_lib_python3_12_site-packages_pip__internal_pyproject_py pythonFile\nclass node_venv_lib_python3_12_site-packages_pip__internal_self_outdated_check_py pythonFile\nclass node_venv_lib_python3_12_site-packages_pip__internal_wheel_builder_py pythonFile\nclass node_venv_lib_python3_12_site-packages_pip__internal_network___init___py pythonFile\nclass node_venv_lib_python3_12_site-packages_pip__internal_network_auth_py pythonFile\nclass node_venv_lib_python3_12_site-packages_pip__internal_network_cache_py pythonFile\nclass node_venv_lib_python3_12_site-packages_pip__internal_network_download_py pythonFile\nclass node_venv_lib_python3_12_site-packages_pip__internal_network_lazy_wheel_py pythonFile\nclass node_venv_lib_python3_12_site-packages_pip__internal_network_session_py pythonFile\nclass node_venv_lib_python3_12_site-packages_pip__internal_network_utils_py pythonFile\nclass node_venv_lib_python3_12_site-packages_pip__internal_network_xmlrpc_py pythonFile\nclass node_venv_lib_python3_12_site-packages_pip__internal_utils___init___py pythonFile\nclass node_venv_lib_python3_12_site-packages_pip__internal_utils__jaraco_text_py pythonFile\nclass node_venv_lib_python3_12_site-packages_pip__internal_utils__log_py pythonFile\nclass node_venv_lib_python3_12_site-packages_pip__internal_utils_appdirs_py pythonFile\nclass node_venv_lib_python3_12_site-packages_pip__internal_utils_compat_py pythonFile\nclass node_venv_lib_python3_12_site-packages_pip__internal_utils_compatibility_tags_py pythonFile\nclass node_venv_lib_python3_12_site-packages_pip__internal_utils_datetime_py pythonFile\nclass node_venv_lib_python3_12_site-packages_pip__internal_utils_deprecation_py pythonFile\nclass node_venv_lib_python3_12_site-packages_pip__internal_utils_direct_url_helpers_py pythonFile\nclass node_venv_lib_python3_12_site-packages_pip__internal_utils_egg_link_py pythonFile\nclass node_venv_lib_python3_12_site-packages_pip__internal_utils_entrypoints_py pythonFile\nclass node_venv_lib_python3_12_site-packages_pip__internal_utils_filesystem_py pythonFile\nclass node_venv_lib_python3_12_site-packages_pip__internal_utils_filetypes_py pythonFile\nclass node_venv_lib_python3_12_site-packages_pip__internal_utils_glibc_py pythonFile\nclass node_venv_lib_python3_12_site-packages_pip__internal_utils_hashes_py pythonFile\nclass node_venv_lib_python3_12_site-packages_pip__internal_utils_logging_py pythonFile\nclass node_venv_lib_python3_12_site-packages_pip__internal_utils_misc_py pythonFile\nclass node_venv_lib_python3_12_site-packages_pip__internal_utils_packaging_py pythonFile\nclass node_venv_lib_python3_12_site-packages_pip__internal_utils_retry_py pythonFile\nclass node_venv_lib_python3_12_site-packages_pip__internal_utils_setuptools_build_py pythonFile\nclass node_venv_lib_python3_12_site-packages_pip__internal_utils_subprocess_py pythonFile\nclass node_venv_lib_python3_12_site-packages_pip__internal_utils_temp_dir_py pythonFile\nclass node_venv_lib_python3_12_site-packages_pip__internal_utils_unpacking_py pythonFile\nclass node_venv_lib_python3_12_site-packages_pip__internal_utils_urls_py pythonFile\nclass node_venv_lib_python3_12_site-packages_pip__internal_utils_virtualenv_py pythonFile\nclass node_venv_lib_python3_12_site-packages_pip__internal_utils_wheel_py pythonFile\nclass node_venv_lib_python3_12_site-packages_pip__internal_models___init___py pythonFile\nclass node_venv_lib_python3_12_site-packages_pip__internal_models_candidate_py pythonFile\nclass node_venv_lib_python3_12_site-packages_pip__internal_models_direct_url_py pythonFile\nclass node_venv_lib_python3_12_site-packages_pip__internal_models_format_control_py pythonFile\nclass node_venv_lib_python3_12_site-packages_pip__internal_models_index_py pythonFile\nclass node_venv_lib_python3_12_site-packages_pip__internal_models_installation_report_py pythonFile\nclass node_venv_lib_python3_12_site-packages_pip__internal_models_link_py pythonFile\nclass node_venv_lib_python3_12_site-packages_pip__internal_models_scheme_py pythonFile\nclass node_venv_lib_python3_12_site-packages_pip__internal_models_search_scope_py pythonFile\nclass node_venv_lib_python3_12_site-packages_pip__internal_models_selection_prefs_py pythonFile\nclass node_venv_lib_python3_12_site-packages_pip__internal_models_target_python_py pythonFile\nclass node_venv_lib_python3_12_site-packages_pip__internal_models_wheel_py pythonFile\nclass node_venv_lib_python3_12_site-packages_pip__internal_cli___init___py pythonFile\nclass node_venv_lib_python3_12_site-packages_pip__internal_cli_autocompletion_py pythonFile\nclass node_venv_lib_python3_12_site-packages_pip__internal_cli_base_command_py pythonFile\nclass node_venv_lib_python3_12_site-packages_pip__internal_cli_cmdoptions_py pythonFile\nclass node_venv_lib_python3_12_site-packages_pip__internal_cli_command_context_py pythonFile\nclass node_venv_lib_python3_12_site-packages_pip__internal_cli_index_command_py pythonFile\nclass node_venv_lib_python3_12_site-packages_pip__internal_cli_main_py pythonFile\nclass node_venv_lib_python3_12_site-packages_pip__internal_cli_main_parser_py pythonFile\nclass node_venv_lib_python3_12_site-packages_pip__internal_cli_parser_py pythonFile\nclass node_venv_lib_python3_12_site-packages_pip__internal_cli_progress_bars_py pythonFile\nclass node_venv_lib_python3_12_site-packages_pip__internal_cli_req_command_py pythonFile\nclass node_venv_lib_python3_12_site-packages_pip__internal_cli_spinners_py pythonFile\nclass node_venv_lib_python3_12_site-packages_pip__internal_cli_status_codes_py pythonFile\nclass node_venv_lib_python3_12_site-packages_pip__internal_operations___init___py pythonFile\nclass node_venv_lib_python3_12_site-packages_pip__internal_operations_check_py pythonFile\nclass node_venv_lib_python3_12_site-packages_pip__internal_operations_freeze_py pythonFile\nclass node_venv_lib_python3_12_site-packages_pip__internal_operations_prepare_py pythonFile\nclass node_venv_lib_python3_12_site-packages_pip__internal_operations_install___init___py pythonFile\nclass node_venv_lib_python3_12_site-packages_pip__internal_operations_install_editable_legacy_py pythonFile\nclass node_venv_lib_python3_12_site-packages_pip__internal_operations_install_wheel_py pythonFile\nclass node_venv_lib_python3_12_site-packages_pip__internal_operations_build___init___py pythonFile\nclass node_venv_lib_python3_12_site-packages_pip__internal_operations_build_build_tracker_py pythonFile\nclass node_venv_lib_python3_12_site-packages_pip__internal_operations_build_metadata_py pythonFile\nclass node_venv_lib_python3_12_site-packages_pip__internal_operations_build_metadata_editable_py pythonFile\nclass node_venv_lib_python3_12_site-packages_pip__internal_operations_build_metadata_legacy_py pythonFile\nclass node_venv_lib_python3_12_site-packages_pip__internal_operations_build_wheel_py pythonFile\nclass node_venv_lib_python3_12_site-packages_pip__internal_operations_build_wheel_editable_py pythonFile\nclass node_venv_lib_python3_12_site-packages_pip__internal_operations_build_wheel_legacy_py pythonFile\nclass node_venv_lib_python3_12_site-packages_pip__internal_req___init___py pythonFile\nclass node_venv_lib_python3_12_site-packages_pip__internal_req_constructors_py pythonFile\nclass node_venv_lib_python3_12_site-packages_pip__internal_req_req_file_py pythonFile\nclass node_venv_lib_python3_12_site-packages_pip__internal_req_req_install_py pythonFile\nclass node_venv_lib_python3_12_site-packages_pip__internal_req_req_set_py pythonFile\nclass node_venv_lib_python3_12_site-packages_pip__internal_req_req_uninstall_py pythonFile\nclass node_venv_lib_python3_12_site-packages_pip__internal_resolution___init___py pythonFile\nclass node_venv_lib_python3_12_site-packages_pip__internal_resolution_base_py pythonFile\nclass node_venv_lib_python3_12_site-packages_pip__internal_resolution_legacy___init___py pythonFile\nclass node_venv_lib_python3_12_site-packages_pip__internal_resolution_legacy_resolver_py pythonFile\nclass node_venv_lib_python3_12_site-packages_pip__internal_resolution_resolvelib___init___py pythonFile\nclass node_venv_lib_python3_12_site-packages_pip__internal_resolution_resolvelib_base_py pythonFile\nclass node_venv_lib_python3_12_site-packages_pip__internal_resolution_resolvelib_candidates_py pythonFile\nclass node_venv_lib_python3_12_site-packages_pip__internal_resolution_resolvelib_factory_py pythonFile\nclass node_venv_lib_python3_12_site-packages_pip__internal_resolution_resolvelib_found_candidates_py pythonFile\nclass node_venv_lib_python3_12_site-packages_pip__internal_resolution_resolvelib_provider_py pythonFile\nclass node_venv_lib_python3_12_site-packages_pip__internal_resolution_resolvelib_reporter_py pythonFile\nclass node_venv_lib_python3_12_site-packages_pip__internal_resolution_resolvelib_requirements_py pythonFile\nclass node_venv_lib_python3_12_site-packages_pip__internal_resolution_resolvelib_resolver_py pythonFile\nclass node_venv_lib_python3_12_site-packages_pip__internal_vcs___init___py pythonFile\nclass node_venv_lib_python3_12_site-packages_pip__internal_vcs_bazaar_py pythonFile\nclass node_venv_lib_python3_12_site-packages_pip__internal_vcs_git_py pythonFile\nclass node_venv_lib_python3_12_site-packages_pip__internal_vcs_mercurial_py pythonFile\nclass node_venv_lib_python3_12_site-packages_pip__internal_vcs_subversion_py pythonFile\nclass node_venv_lib_python3_12_site-packages_pip__internal_vcs_versioncontrol_py pythonFile\nclass node_venv_lib_python3_12_site-packages_pip__internal_locations___init___py pythonFile\nclass node_venv_lib_python3_12_site-packages_pip__internal_locations__distutils_py pythonFile\nclass node_venv_lib_python3_12_site-packages_pip__internal_locations__sysconfig_py pythonFile\nclass node_venv_lib_python3_12_site-packages_pip__internal_locations_base_py pythonFile\nclass node_venv_lib_python3_12_site-packages_pip__internal_index___init___py pythonFile\nclass node_venv_lib_python3_12_site-packages_pip__internal_index_collector_py pythonFile\nclass node_venv_lib_python3_12_site-packages_pip__internal_index_package_finder_py pythonFile\nclass node_venv_lib_python3_12_site-packages_pip__internal_index_sources_py pythonFile\nclass node_venv_lib_python3_12_site-packages_pip__internal_commands___init___py pythonFile\nclass node_venv_lib_python3_12_site-packages_pip__internal_commands_cache_py pythonFile\nclass node_venv_lib_python3_12_site-packages_pip__internal_commands_check_py pythonFile\nclass node_venv_lib_python3_12_site-packages_pip__internal_commands_completion_py pythonFile\nclass node_venv_lib_python3_12_site-packages_pip__internal_commands_configuration_py pythonFile\nclass node_venv_lib_python3_12_site-packages_pip__internal_commands_debug_py pythonFile\nclass node_venv_lib_python3_12_site-packages_pip__internal_commands_download_py pythonFile\nclass node_venv_lib_python3_12_site-packages_pip__internal_commands_freeze_py pythonFile\nclass node_venv_lib_python3_12_site-packages_pip__internal_commands_hash_py pythonFile\nclass node_venv_lib_python3_12_site-packages_pip__internal_commands_help_py pythonFile\nclass node_venv_lib_python3_12_site-packages_pip__internal_commands_index_py pythonFile\nclass node_venv_lib_python3_12_site-packages_pip__internal_commands_inspect_py pythonFile\nclass node_venv_lib_python3_12_site-packages_pip__internal_commands_install_py pythonFile\nclass node_venv_lib_python3_12_site-packages_pip__internal_commands_list_py pythonFile\nclass node_venv_lib_python3_12_site-packages_pip__internal_commands_search_py pythonFile\nclass node_venv_lib_python3_12_site-packages_pip__internal_commands_show_py pythonFile\nclass node_venv_lib_python3_12_site-packages_pip__internal_commands_uninstall_py pythonFile\nclass node_venv_lib_python3_12_site-packages_pip__internal_commands_wheel_py pythonFile\nclass node_venv_lib_python3_12_site-packages_pip__internal_metadata___init___py pythonFile\nclass node_venv_lib_python3_12_site-packages_pip__internal_metadata__json_py pythonFile\nclass node_venv_lib_python3_12_site-packages_pip__internal_metadata_base_py pythonFile\nclass node_venv_lib_python3_12_site-packages_pip__internal_metadata_pkg_resources_py pythonFile\nclass node_venv_lib_python3_12_site-packages_pip__internal_metadata_importlib___init___py pythonFile\nclass node_venv_lib_python3_12_site-packages_pip__internal_metadata_importlib__compat_py pythonFile\nclass node_venv_lib_python3_12_site-packages_pip__internal_metadata_importlib__dists_py pythonFile\nclass node_venv_lib_python3_12_site-packages_pip__internal_metadata_importlib__envs_py pythonFile\nclass node_venv_lib_python3_12_site-packages_pip__internal_distributions___init___py pythonFile\nclass node_venv_lib_python3_12_site-packages_pip__internal_distributions_base_py pythonFile\nclass node_venv_lib_python3_12_site-packages_pip__internal_distributions_installed_py pythonFile\nclass node_venv_lib_python3_12_site-packages_pip__internal_distributions_sdist_py pythonFile\nclass node_venv_lib_python3_12_site-packages_pip__internal_distributions_wheel_py pythonFile\nclass node_venv_lib_python3_12_site-packages_pip__vendor___init___py pythonFile\nclass node_venv_lib_python3_12_site-packages_pip__vendor_typing_extensions_py pythonFile\nclass node_venv_lib_python3_12_site-packages_pip__vendor_vendor_txt docFile\nclass node_venv_lib_python3_12_site-packages_pip__vendor_packaging___init___py pythonFile\nclass node_venv_lib_python3_12_site-packages_pip__vendor_packaging__elffile_py pythonFile\nclass node_venv_lib_python3_12_site-packages_pip__vendor_packaging__manylinux_py pythonFile\nclass node_venv_lib_python3_12_site-packages_pip__vendor_packaging__musllinux_py pythonFile\nclass node_venv_lib_python3_12_site-packages_pip__vendor_packaging__parser_py pythonFile\nclass node_venv_lib_python3_12_site-packages_pip__vendor_packaging__structures_py pythonFile\nclass node_venv_lib_python3_12_site-packages_pip__vendor_packaging__tokenizer_py pythonFile\nclass node_venv_lib_python3_12_site-packages_pip__vendor_packaging_markers_py pythonFile\nclass node_venv_lib_python3_12_site-packages_pip__vendor_packaging_metadata_py pythonFile\nclass node_venv_lib_python3_12_site-packages_pip__vendor_packaging_py_typed fileNode\nclass node_venv_lib_python3_12_site-packages_pip__vendor_packaging_requirements_py pythonFile\nclass node_venv_lib_python3_12_site-packages_pip__vendor_packaging_specifiers_py pythonFile\nclass node_venv_lib_python3_12_site-packages_pip__vendor_packaging_tags_py pythonFile\nclass node_venv_lib_python3_12_site-packages_pip__vendor_packaging_utils_py pythonFile\nclass node_venv_lib_python3_12_site-packages_pip__vendor_packaging_version_py pythonFile\nclass node_venv_lib_python3_12_site-packages_pip__vendor_packaging_licenses___init___py pythonFile\nclass node_venv_lib_python3_12_site-packages_pip__vendor_packaging_licenses__spdx_py pythonFile\nclass node_venv_lib_python3_12_site-packages_pip__vendor_truststore___init___py pythonFile\nclass node_venv_lib_python3_12_site-packages_pip__vendor_truststore__api_py pythonFile\nclass node_venv_lib_python3_12_site-packages_pip__vendor_truststore__macos_py pythonFile\nclass node_venv_lib_python3_12_site-packages_pip__vendor_truststore__openssl_py pythonFile\nclass node_venv_lib_python3_12_site-packages_pip__vendor_truststore__ssl_constants_py pythonFile\nclass node_venv_lib_python3_12_site-packages_pip__vendor_truststore__windows_py pythonFile\nclass node_venv_lib_python3_12_site-packages_pip__vendor_truststore_py_typed fileNode\nclass node_venv_lib_python3_12_site-packages_pip__vendor_msgpack___init___py pythonFile\nclass node_venv_lib_python3_12_site-packages_pip__vendor_msgpack_exceptions_py pythonFile\nclass node_venv_lib_python3_12_site-packages_pip__vendor_msgpack_ext_py pythonFile\nclass node_venv_lib_python3_12_site-packages_pip__vendor_msgpack_fallback_py pythonFile\nclass node_venv_lib_python3_12_site-packages_pip__vendor_pygments___init___py pythonFile\nclass node_venv_lib_python3_12_site-packages_pip__vendor_pygments___main___py pythonFile\nclass node_venv_lib_python3_12_site-packages_pip__vendor_pygments_cmdline_py pythonFile\nclass node_venv_lib_python3_12_site-packages_pip__vendor_pygments_console_py pythonFile\nclass node_venv_lib_python3_12_site-packages_pip__vendor_pygments_filter_py pythonFile\nclass node_venv_lib_python3_12_site-packages_pip__vendor_pygments_formatter_py pythonFile\nclass node_venv_lib_python3_12_site-packages_pip__vendor_pygments_lexer_py pythonFile\nclass node_venv_lib_python3_12_site-packages_pip__vendor_pygments_modeline_py pythonFile\nclass node_venv_lib_python3_12_site-packages_pip__vendor_pygments_plugin_py pythonFile\nclass node_venv_lib_python3_12_site-packages_pip__vendor_pygments_regexopt_py pythonFile\nclass node_venv_lib_python3_12_site-packages_pip__vendor_pygments_scanner_py pythonFile\nclass node_venv_lib_python3_12_site-packages_pip__vendor_pygments_sphinxext_py pythonFile\nclass node_venv_lib_python3_12_site-packages_pip__vendor_pygments_style_py pythonFile\nclass node_venv_lib_python3_12_site-packages_pip__vendor_pygments_token_py pythonFile\nclass node_venv_lib_python3_12_site-packages_pip__vendor_pygments_unistring_py pythonFile\nclass node_venv_lib_python3_12_site-packages_pip__vendor_pygments_util_py pythonFile\nclass node_venv_lib_python3_12_site-packages_pip__vendor_pygments_filters___init___py pythonFile\nclass node_venv_lib_python3_12_site-packages_pip__vendor_pygments_lexers___init___py pythonFile\nclass node_venv_lib_python3_12_site-packages_pip__vendor_pygments_lexers__mapping_py pythonFile\nclass node_venv_lib_python3_12_site-packages_pip__vendor_pygments_lexers_python_py pythonFile\nclass node_venv_lib_python3_12_site-packages_pip__vendor_pygments_formatters___init___py pythonFile\nclass node_venv_lib_python3_12_site-packages_pip__vendor_pygments_formatters__mapping_py pythonFile\nclass node_venv_lib_python3_12_site-packages_pip__vendor_pygments_formatters_bbcode_py pythonFile\nclass node_venv_lib_python3_12_site-packages_pip__vendor_pygments_formatters_groff_py pythonFile\nclass node_venv_lib_python3_12_site-packages_pip__vendor_pygments_formatters_html_py pythonFile\nclass node_venv_lib_python3_12_site-packages_pip__vendor_pygments_formatters_img_py pythonFile\nclass node_venv_lib_python3_12_site-packages_pip__vendor_pygments_formatters_irc_py pythonFile\nclass node_venv_lib_python3_12_site-packages_pip__vendor_pygments_formatters_latex_py pythonFile\nclass node_venv_lib_python3_12_site-packages_pip__vendor_pygments_formatters_other_py pythonFile\nclass node_venv_lib_python3_12_site-packages_pip__vendor_pygments_formatters_pangomarkup_py pythonFile\nclass node_venv_lib_python3_12_site-packages_pip__vendor_pygments_formatters_rtf_py pythonFile\nclass node_venv_lib_python3_12_site-packages_pip__vendor_pygments_formatters_svg_py pythonFile\nclass node_venv_lib_python3_12_site-packages_pip__vendor_pygments_formatters_terminal_py pythonFile\nclass node_venv_lib_python3_12_site-packages_pip__vendor_pygments_formatters_terminal256_py pythonFile\nclass node_venv_lib_python3_12_site-packages_pip__vendor_pygments_styles___init___py pythonFile\nclass node_venv_lib_python3_12_site-packages_pip__vendor_pygments_styles__mapping_py pythonFile\nclass node_venv_lib_python3_12_site-packages_pip__vendor_distlib___init___py pythonFile\nclass node_venv_lib_python3_12_site-packages_pip__vendor_distlib_compat_py pythonFile\nclass node_venv_lib_python3_12_site-packages_pip__vendor_distlib_database_py pythonFile\nclass node_venv_lib_python3_12_site-packages_pip__vendor_distlib_index_py pythonFile\nclass node_venv_lib_python3_12_site-packages_pip__vendor_distlib_locators_py pythonFile\nclass node_venv_lib_python3_12_site-packages_pip__vendor_distlib_manifest_py pythonFile\nclass node_venv_lib_python3_12_site-packages_pip__vendor_distlib_markers_py pythonFile\nclass node_venv_lib_python3_12_site-packages_pip__vendor_distlib_metadata_py pythonFile\nclass node_venv_lib_python3_12_site-packages_pip__vendor_distlib_resources_py pythonFile\nclass node_venv_lib_python3_12_site-packages_pip__vendor_distlib_scripts_py pythonFile\nclass node_venv_lib_python3_12_site-packages_pip__vendor_distlib_t32_exe fileNode\nclass node_venv_lib_python3_12_site-packages_pip__vendor_distlib_t64-arm_exe fileNode\nclass node_venv_lib_python3_12_site-packages_pip__vendor_distlib_t64_exe fileNode\nclass node_venv_lib_python3_12_site-packages_pip__vendor_distlib_util_py pythonFile\nclass node_venv_lib_python3_12_site-packages_pip__vendor_distlib_version_py pythonFile\nclass node_venv_lib_python3_12_site-packages_pip__vendor_distlib_w32_exe fileNode\nclass node_venv_lib_python3_12_site-packages_pip__vendor_distlib_w64-arm_exe fileNode\nclass node_venv_lib_python3_12_site-packages_pip__vendor_distlib_w64_exe fileNode\nclass node_venv_lib_python3_12_site-packages_pip__vendor_distlib_wheel_py pythonFile\nclass node_venv_lib_python3_12_site-packages_pip__vendor_distro___init___py pythonFile\nclass node_venv_lib_python3_12_site-packages_pip__vendor_distro___main___py pythonFile\nclass node_venv_lib_python3_12_site-packages_pip__vendor_distro_distro_py pythonFile\nclass node_venv_lib_python3_12_site-packages_pip__vendor_distro_py_typed fileNode\nclass node_venv_lib_python3_12_site-packages_pip__vendor_cachecontrol___init___py pythonFile\nclass node_venv_lib_python3_12_site-packages_pip__vendor_cachecontrol__cmd_py pythonFile\nclass node_venv_lib_python3_12_site-packages_pip__vendor_cachecontrol_adapter_py pythonFile\nclass node_venv_lib_python3_12_site-packages_pip__vendor_cachecontrol_cache_py pythonFile\nclass node_venv_lib_python3_12_site-packages_pip__vendor_cachecontrol_controller_py pythonFile\nclass node_venv_lib_python3_12_site-packages_pip__vendor_cachecontrol_filewrapper_py pythonFile\nclass node_venv_lib_python3_12_site-packages_pip__vendor_cachecontrol_heuristics_py pythonFile\nclass node_venv_lib_python3_12_site-packages_pip__vendor_cachecontrol_py_typed fileNode\nclass node_venv_lib_python3_12_site-packages_pip__vendor_cachecontrol_serialize_py pythonFile\nclass node_venv_lib_python3_12_site-packages_pip__vendor_cachecontrol_wrapper_py pythonFile\nclass node_venv_lib_python3_12_site-packages_pip__vendor_cachecontrol_caches___init___py pythonFile\nclass node_venv_lib_python3_12_site-packages_pip__vendor_cachecontrol_caches_file_cache_py pythonFile\nclass node_venv_lib_python3_12_site-packages_pip__vendor_cachecontrol_caches_redis_cache_py pythonFile\nclass node_venv_lib_python3_12_site-packages_pip__vendor_idna___init___py pythonFile\nclass node_venv_lib_python3_12_site-packages_pip__vendor_idna_codec_py pythonFile\nclass node_venv_lib_python3_12_site-packages_pip__vendor_idna_compat_py pythonFile\nclass node_venv_lib_python3_12_site-packages_pip__vendor_idna_core_py pythonFile\nclass node_venv_lib_python3_12_site-packages_pip__vendor_idna_idnadata_py pythonFile\nclass node_venv_lib_python3_12_site-packages_pip__vendor_idna_intranges_py pythonFile\nclass node_venv_lib_python3_12_site-packages_pip__vendor_idna_package_data_py pythonFile\nclass node_venv_lib_python3_12_site-packages_pip__vendor_idna_py_typed fileNode\nclass node_venv_lib_python3_12_site-packages_pip__vendor_idna_uts46data_py pythonFile\nclass node_venv_lib_python3_12_site-packages_pip__vendor_requests___init___py pythonFile\nclass node_venv_lib_python3_12_site-packages_pip__vendor_requests___version___py pythonFile\nclass node_venv_lib_python3_12_site-packages_pip__vendor_requests__internal_utils_py pythonFile\nclass node_venv_lib_python3_12_site-packages_pip__vendor_requests_adapters_py pythonFile\nclass node_venv_lib_python3_12_site-packages_pip__vendor_requests_api_py pythonFile\nclass node_venv_lib_python3_12_site-packages_pip__vendor_requests_auth_py pythonFile\nclass node_venv_lib_python3_12_site-packages_pip__vendor_requests_certs_py pythonFile\nclass node_venv_lib_python3_12_site-packages_pip__vendor_requests_compat_py pythonFile\nclass node_venv_lib_python3_12_site-packages_pip__vendor_requests_cookies_py pythonFile\nclass node_venv_lib_python3_12_site-packages_pip__vendor_requests_exceptions_py pythonFile\nclass node_venv_lib_python3_12_site-packages_pip__vendor_requests_help_py pythonFile\nclass node_venv_lib_python3_12_site-packages_pip__vendor_requests_hooks_py pythonFile\nclass node_venv_lib_python3_12_site-packages_pip__vendor_requests_models_py pythonFile\nclass node_venv_lib_python3_12_site-packages_pip__vendor_requests_packages_py pythonFile\nclass node_venv_lib_python3_12_site-packages_pip__vendor_requests_sessions_py pythonFile\nclass node_venv_lib_python3_12_site-packages_pip__vendor_requests_status_codes_py pythonFile\nclass node_venv_lib_python3_12_site-packages_pip__vendor_requests_structures_py pythonFile\nclass node_venv_lib_python3_12_site-packages_pip__vendor_requests_utils_py pythonFile\nclass node_venv_lib_python3_12_site-packages_pip__vendor_tomli___init___py pythonFile\nclass node_venv_lib_python3_12_site-packages_pip__vendor_tomli__parser_py pythonFile\nclass node_venv_lib_python3_12_site-packages_pip__vendor_tomli__re_py pythonFile\nclass node_venv_lib_python3_12_site-packages_pip__vendor_tomli__types_py pythonFile\nclass node_venv_lib_python3_12_site-packages_pip__vendor_tomli_py_typed fileNode\nclass node_venv_lib_python3_12_site-packages_pip__vendor_certifi___init___py pythonFile\nclass node_venv_lib_python3_12_site-packages_pip__vendor_certifi___main___py pythonFile\nclass node_venv_lib_python3_12_site-packages_pip__vendor_certifi_cacert_pem fileNode\nclass node_venv_lib_python3_12_site-packages_pip__vendor_certifi_core_py pythonFile\nclass node_venv_lib_python3_12_site-packages_pip__vendor_certifi_py_typed fileNode\nclass node_venv_lib_python3_12_site-packages_pip__vendor_pyproject_hooks___init___py pythonFile\nclass node_venv_lib_python3_12_site-packages_pip__vendor_pyproject_hooks__impl_py pythonFile\nclass node_venv_lib_python3_12_site-packages_pip__vendor_pyproject_hooks_py_typed fileNode\nclass node_venv_lib_python3_12_site-packages_pip__vendor_pyproject_hooks__in_process___init___py pythonFile\nclass node_venv_lib_python3_12_site-packages_pip__vendor_pyproject_hooks__in_process__in_process_py pythonFile\nclass node_venv_lib_python3_12_site-packages_pip__vendor_rich___init___py pythonFile\nclass node_venv_lib_python3_12_site-packages_pip__vendor_rich___main___py pythonFile\nclass node_venv_lib_python3_12_site-packages_pip__vendor_rich__cell_widths_py pythonFile\nclass node_venv_lib_python3_12_site-packages_pip__vendor_rich__emoji_codes_py pythonFile\nclass node_venv_lib_python3_12_site-packages_pip__vendor_rich__emoji_replace_py pythonFile\nclass node_venv_lib_python3_12_site-packages_pip__vendor_rich__export_format_py pythonFile\nclass node_venv_lib_python3_12_site-packages_pip__vendor_rich__extension_py pythonFile\nclass node_venv_lib_python3_12_site-packages_pip__vendor_rich__fileno_py pythonFile\nclass node_venv_lib_python3_12_site-packages_pip__vendor_rich__inspect_py pythonFile\nclass node_venv_lib_python3_12_site-packages_pip__vendor_rich__log_render_py pythonFile\nclass node_venv_lib_python3_12_site-packages_pip__vendor_rich__loop_py pythonFile\nclass node_venv_lib_python3_12_site-packages_pip__vendor_rich__null_file_py pythonFile\nclass node_venv_lib_python3_12_site-packages_pip__vendor_rich__palettes_py pythonFile\nclass node_venv_lib_python3_12_site-packages_pip__vendor_rich__pick_py pythonFile\nclass node_venv_lib_python3_12_site-packages_pip__vendor_rich__ratio_py pythonFile\nclass node_venv_lib_python3_12_site-packages_pip__vendor_rich__spinners_py pythonFile\nclass node_venv_lib_python3_12_site-packages_pip__vendor_rich__stack_py pythonFile\nclass node_venv_lib_python3_12_site-packages_pip__vendor_rich__timer_py pythonFile\nclass node_venv_lib_python3_12_site-packages_pip__vendor_rich__win32_console_py pythonFile\nclass node_venv_lib_python3_12_site-packages_pip__vendor_rich__windows_py pythonFile\nclass node_venv_lib_python3_12_site-packages_pip__vendor_rich__windows_renderer_py pythonFile\nclass node_venv_lib_python3_12_site-packages_pip__vendor_rich__wrap_py pythonFile\nclass node_venv_lib_python3_12_site-packages_pip__vendor_rich_abc_py pythonFile\nclass node_venv_lib_python3_12_site-packages_pip__vendor_rich_align_py pythonFile\nclass node_venv_lib_python3_12_site-packages_pip__vendor_rich_ansi_py pythonFile\nclass node_venv_lib_python3_12_site-packages_pip__vendor_rich_bar_py pythonFile\nclass node_venv_lib_python3_12_site-packages_pip__vendor_rich_box_py pythonFile\nclass node_venv_lib_python3_12_site-packages_pip__vendor_rich_cells_py pythonFile\nclass node_venv_lib_python3_12_site-packages_pip__vendor_rich_color_py pythonFile\nclass node_venv_lib_python3_12_site-packages_pip__vendor_rich_color_triplet_py pythonFile\nclass node_venv_lib_python3_12_site-packages_pip__vendor_rich_columns_py pythonFile\nclass node_venv_lib_python3_12_site-packages_pip__vendor_rich_console_py pythonFile\nclass node_venv_lib_python3_12_site-packages_pip__vendor_rich_constrain_py pythonFile\nclass node_venv_lib_python3_12_site-packages_pip__vendor_rich_containers_py pythonFile\nclass node_venv_lib_python3_12_site-packages_pip__vendor_rich_control_py pythonFile\nclass node_venv_lib_python3_12_site-packages_pip__vendor_rich_default_styles_py pythonFile\nclass node_venv_lib_python3_12_site-packages_pip__vendor_rich_diagnose_py pythonFile\nclass node_venv_lib_python3_12_site-packages_pip__vendor_rich_emoji_py pythonFile\nclass node_venv_lib_python3_12_site-packages_pip__vendor_rich_errors_py pythonFile\nclass node_venv_lib_python3_12_site-packages_pip__vendor_rich_file_proxy_py pythonFile\nclass node_venv_lib_python3_12_site-packages_pip__vendor_rich_filesize_py pythonFile\nclass node_venv_lib_python3_12_site-packages_pip__vendor_rich_highlighter_py pythonFile\nclass node_venv_lib_python3_12_site-packages_pip__vendor_rich_json_py pythonFile\nclass node_venv_lib_python3_12_site-packages_pip__vendor_rich_jupyter_py pythonFile\nclass node_venv_lib_python3_12_site-packages_pip__vendor_rich_layout_py pythonFile\nclass node_venv_lib_python3_12_site-packages_pip__vendor_rich_live_py pythonFile\nclass node_venv_lib_python3_12_site-packages_pip__vendor_rich_live_render_py pythonFile\nclass node_venv_lib_python3_12_site-packages_pip__vendor_rich_logging_py pythonFile\nclass node_venv_lib_python3_12_site-packages_pip__vendor_rich_markup_py pythonFile\nclass node_venv_lib_python3_12_site-packages_pip__vendor_rich_measure_py pythonFile\nclass node_venv_lib_python3_12_site-packages_pip__vendor_rich_padding_py pythonFile\nclass node_venv_lib_python3_12_site-packages_pip__vendor_rich_pager_py pythonFile\nclass node_venv_lib_python3_12_site-packages_pip__vendor_rich_palette_py pythonFile\nclass node_venv_lib_python3_12_site-packages_pip__vendor_rich_panel_py pythonFile\nclass node_venv_lib_python3_12_site-packages_pip__vendor_rich_pretty_py pythonFile\nclass node_venv_lib_python3_12_site-packages_pip__vendor_rich_progress_py pythonFile\nclass node_venv_lib_python3_12_site-packages_pip__vendor_rich_progress_bar_py pythonFile\nclass node_venv_lib_python3_12_site-packages_pip__vendor_rich_prompt_py pythonFile\nclass node_venv_lib_python3_12_site-packages_pip__vendor_rich_protocol_py pythonFile\nclass node_venv_lib_python3_12_site-packages_pip__vendor_rich_py_typed fileNode\nclass node_venv_lib_python3_12_site-packages_pip__vendor_rich_region_py pythonFile\nclass node_venv_lib_python3_12_site-packages_pip__vendor_rich_repr_py pythonFile\nclass node_venv_lib_python3_12_site-packages_pip__vendor_rich_rule_py pythonFile\nclass node_venv_lib_python3_12_site-packages_pip__vendor_rich_scope_py pythonFile\nclass node_venv_lib_python3_12_site-packages_pip__vendor_rich_screen_py pythonFile\nclass node_venv_lib_python3_12_site-packages_pip__vendor_rich_segment_py pythonFile\nclass node_venv_lib_python3_12_site-packages_pip__vendor_rich_spinner_py pythonFile\nclass node_venv_lib_python3_12_site-packages_pip__vendor_rich_status_py pythonFile\nclass node_venv_lib_python3_12_site-packages_pip__vendor_rich_style_py pythonFile\nclass node_venv_lib_python3_12_site-packages_pip__vendor_rich_styled_py pythonFile\nclass node_venv_lib_python3_12_site-packages_pip__vendor_rich_syntax_py pythonFile\nclass node_venv_lib_python3_12_site-packages_pip__vendor_rich_table_py pythonFile\nclass node_venv_lib_python3_12_site-packages_pip__vendor_rich_terminal_theme_py pythonFile\nclass node_venv_lib_python3_12_site-packages_pip__vendor_rich_text_py pythonFile\nclass node_venv_lib_python3_12_site-packages_pip__vendor_rich_theme_py pythonFile\nclass node_venv_lib_python3_12_site-packages_pip__vendor_rich_themes_py pythonFile\nclass node_venv_lib_python3_12_site-packages_pip__vendor_rich_traceback_py pythonFile\nclass node_venv_lib_python3_12_site-packages_pip__vendor_rich_tree_py pythonFile\nclass node_venv_lib_python3_12_site-packages_pip__vendor_urllib3___init___py pythonFile\nclass node_venv_lib_python3_12_site-packages_pip__vendor_urllib3__collections_py pythonFile\nclass node_venv_lib_python3_12_site-packages_pip__vendor_urllib3__version_py pythonFile\nclass node_venv_lib_python3_12_site-packages_pip__vendor_urllib3_connection_py pythonFile\nclass node_venv_lib_python3_12_site-packages_pip__vendor_urllib3_connectionpool_py pythonFile\nclass node_venv_lib_python3_12_site-packages_pip__vendor_urllib3_exceptions_py pythonFile\nclass node_venv_lib_python3_12_site-packages_pip__vendor_urllib3_fields_py pythonFile\nclass node_venv_lib_python3_12_site-packages_pip__vendor_urllib3_filepost_py pythonFile\nclass node_venv_lib_python3_12_site-packages_pip__vendor_urllib3_poolmanager_py pythonFile\nclass node_venv_lib_python3_12_site-packages_pip__vendor_urllib3_request_py pythonFile\nclass node_venv_lib_python3_12_site-packages_pip__vendor_urllib3_response_py pythonFile\nclass node_venv_lib_python3_12_site-packages_pip__vendor_urllib3_util___init___py pythonFile\nclass node_venv_lib_python3_12_site-packages_pip__vendor_urllib3_util_connection_py pythonFile\nclass node_venv_lib_python3_12_site-packages_pip__vendor_urllib3_util_proxy_py pythonFile\nclass node_venv_lib_python3_12_site-packages_pip__vendor_urllib3_util_queue_py pythonFile\nclass node_venv_lib_python3_12_site-packages_pip__vendor_urllib3_util_request_py pythonFile\nclass node_venv_lib_python3_12_site-packages_pip__vendor_urllib3_util_response_py pythonFile\nclass node_venv_lib_python3_12_site-packages_pip__vendor_urllib3_util_retry_py pythonFile\nclass node_venv_lib_python3_12_site-packages_pip__vendor_urllib3_util_ssl__py pythonFile\nclass node_venv_lib_python3_12_site-packages_pip__vendor_urllib3_util_ssl_match_hostname_py pythonFile\nclass node_venv_lib_python3_12_site-packages_pip__vendor_urllib3_util_ssltransport_py pythonFile\nclass node_venv_lib_python3_12_site-packages_pip__vendor_urllib3_util_timeout_py pythonFile\nclass node_venv_lib_python3_12_site-packages_pip__vendor_urllib3_util_url_py pythonFile\nclass node_venv_lib_python3_12_site-packages_pip__vendor_urllib3_util_wait_py pythonFile\nclass node_venv_lib_python3_12_site-packages_pip__vendor_urllib3_contrib___init___py pythonFile\nclass node_venv_lib_python3_12_site-packages_pip__vendor_urllib3_contrib__appengine_environ_py pythonFile\nclass node_venv_lib_python3_12_site-packages_pip__vendor_urllib3_contrib_appengine_py pythonFile\nclass node_venv_lib_python3_12_site-packages_pip__vendor_urllib3_contrib_ntlmpool_py pythonFile\nclass node_venv_lib_python3_12_site-packages_pip__vendor_urllib3_contrib_pyopenssl_py pythonFile\nclass node_venv_lib_python3_12_site-packages_pip__vendor_urllib3_contrib_securetransport_py pythonFile\nclass node_venv_lib_python3_12_site-packages_pip__vendor_urllib3_contrib_socks_py pythonFile\nclass node_venv_lib_python3_12_site-packages_pip__vendor_urllib3_contrib__securetransport___init___py pythonFile\nclass node_venv_lib_python3_12_site-packages_pip__vendor_urllib3_contrib__securetransport_bindings_py pythonFile\nclass node_venv_lib_python3_12_site-packages_pip__vendor_urllib3_contrib__securetransport_low_level_py pythonFile\nclass node_venv_lib_python3_12_site-packages_pip__vendor_urllib3_packages___init___py pythonFile\nclass node_venv_lib_python3_12_site-packages_pip__vendor_urllib3_packages_six_py pythonFile\nclass node_venv_lib_python3_12_site-packages_pip__vendor_urllib3_packages_backports___init___py pythonFile\nclass node_venv_lib_python3_12_site-packages_pip__vendor_urllib3_packages_backports_makefile_py pythonFile\nclass node_venv_lib_python3_12_site-packages_pip__vendor_urllib3_packages_backports_weakref_finalize_py pythonFile\nclass node_venv_lib_python3_12_site-packages_pip__vendor_pkg_resources___init___py pythonFile\nclass node_venv_lib_python3_12_site-packages_pip__vendor_resolvelib___init___py pythonFile\nclass node_venv_lib_python3_12_site-packages_pip__vendor_resolvelib_providers_py pythonFile\nclass node_venv_lib_python3_12_site-packages_pip__vendor_resolvelib_py_typed fileNode\nclass node_venv_lib_python3_12_site-packages_pip__vendor_resolvelib_reporters_py pythonFile\nclass node_venv_lib_python3_12_site-packages_pip__vendor_resolvelib_resolvers_py pythonFile\nclass node_venv_lib_python3_12_site-packages_pip__vendor_resolvelib_structs_py pythonFile\nclass node_venv_lib_python3_12_site-packages_pip__vendor_resolvelib_compat___init___py pythonFile\nclass node_venv_lib_python3_12_site-packages_pip__vendor_resolvelib_compat_collections_abc_py pythonFile\nclass node_venv_lib_python3_12_site-packages_pip__vendor_platformdirs___init___py pythonFile\nclass node_venv_lib_python3_12_site-packages_pip__vendor_platformdirs___main___py pythonFile\nclass node_venv_lib_python3_12_site-packages_pip__vendor_platformdirs_android_py pythonFile\nclass node_venv_lib_python3_12_site-packages_pip__vendor_platformdirs_api_py pythonFile\nclass node_venv_lib_python3_12_site-packages_pip__vendor_platformdirs_macos_py pythonFile\nclass node_venv_lib_python3_12_site-packages_pip__vendor_platformdirs_py_typed fileNode\nclass node_venv_lib_python3_12_site-packages_pip__vendor_platformdirs_unix_py pythonFile\nclass node_venv_lib_python3_12_site-packages_pip__vendor_platformdirs_version_py pythonFile\nclass node_venv_lib_python3_12_site-packages_pip__vendor_platformdirs_windows_py pythonFile\nclass node_venv_lib_python3_12_site-packages_pyqt6_qt6-6_10_2_dist-info_INSTALLER fileNode\nclass node_venv_lib_python3_12_site-packages_pyqt6_qt6-6_10_2_dist-info_LICENSE fileNode\nclass node_venv_lib_python3_12_site-packages_pyqt6_qt6-6_10_2_dist-info_METADATA fileNode\nclass node_venv_lib_python3_12_site-packages_pyqt6_qt6-6_10_2_dist-info_RECORD fileNode\nclass node_venv_lib_python3_12_site-packages_pyqt6_qt6-6_10_2_dist-info_WHEEL fileNode\nclass node_venv_lib_python3_12_site-packages_pyqt6_sip-13_11_0_dist-info_INSTALLER fileNode\nclass node_venv_lib_python3_12_site-packages_pyqt6_sip-13_11_0_dist-info_METADATA fileNode\nclass node_venv_lib_python3_12_site-packages_pyqt6_sip-13_11_0_dist-info_RECORD fileNode\nclass node_venv_lib_python3_12_site-packages_pyqt6_sip-13_11_0_dist-info_WHEEL fileNode\nclass node_venv_lib_python3_12_site-packages_pyqt6_sip-13_11_0_dist-info_top_level_txt docFile\nclass node_venv_lib_python3_12_site-packages_pyqt6_sip-13_11_0_dist-info_licenses_LICENSE fileNode\nclass node_venv_lib_python3_12_site-packages_PyQt6_QtBluetooth_abi3_so fileNode\nclass node_venv_lib_python3_12_site-packages_PyQt6_QtBluetooth_pyi fileNode\nclass node_venv_lib_python3_12_site-packages_PyQt6_QtCore_abi3_so fileNode\nclass node_venv_lib_python3_12_site-packages_PyQt6_QtCore_pyi fileNode\nclass node_venv_lib_python3_12_site-packages_PyQt6_QtDBus_abi3_so fileNode\nclass node_venv_lib_python3_12_site-packages_PyQt6_QtDBus_pyi fileNode\nclass node_venv_lib_python3_12_site-packages_PyQt6_QtDesigner_abi3_so fileNode\nclass node_venv_lib_python3_12_site-packages_PyQt6_QtDesigner_pyi fileNode\nclass node_venv_lib_python3_12_site-packages_PyQt6_QtGui_abi3_so fileNode\nclass node_venv_lib_python3_12_site-packages_PyQt6_QtGui_pyi fileNode\nclass node_venv_lib_python3_12_site-packages_PyQt6_QtHelp_abi3_so fileNode\nclass node_venv_lib_python3_12_site-packages_PyQt6_QtHelp_pyi fileNode\nclass node_venv_lib_python3_12_site-packages_PyQt6_QtMultimedia_abi3_so fileNode\nclass node_venv_lib_python3_12_site-packages_PyQt6_QtMultimedia_pyi fileNode\nclass node_venv_lib_python3_12_site-packages_PyQt6_QtMultimediaWidgets_abi3_so fileNode\nclass node_venv_lib_python3_12_site-packages_PyQt6_QtMultimediaWidgets_pyi fileNode\nclass node_venv_lib_python3_12_site-packages_PyQt6_QtNetwork_abi3_so fileNode\nclass node_venv_lib_python3_12_site-packages_PyQt6_QtNetwork_pyi fileNode\nclass node_venv_lib_python3_12_site-packages_PyQt6_QtNfc_abi3_so fileNode\nclass node_venv_lib_python3_12_site-packages_PyQt6_QtNfc_pyi fileNode\nclass node_venv_lib_python3_12_site-packages_PyQt6_QtOpenGL_abi3_so fileNode\nclass node_venv_lib_python3_12_site-packages_PyQt6_QtOpenGL_pyi fileNode\nclass node_venv_lib_python3_12_site-packages_PyQt6_QtOpenGLWidgets_abi3_so fileNode\nclass node_venv_lib_python3_12_site-packages_PyQt6_QtOpenGLWidgets_pyi fileNode\nclass node_venv_lib_python3_12_site-packages_PyQt6_QtPdf_abi3_so fileNode\nclass node_venv_lib_python3_12_site-packages_PyQt6_QtPdf_pyi fileNode\nclass node_venv_lib_python3_12_site-packages_PyQt6_QtPdfWidgets_abi3_so fileNode\nclass node_venv_lib_python3_12_site-packages_PyQt6_QtPdfWidgets_pyi fileNode\nclass node_venv_lib_python3_12_site-packages_PyQt6_QtPositioning_abi3_so fileNode\nclass node_venv_lib_python3_12_site-packages_PyQt6_QtPositioning_pyi fileNode\nclass node_venv_lib_python3_12_site-packages_PyQt6_QtPrintSupport_abi3_so fileNode\nclass node_venv_lib_python3_12_site-packages_PyQt6_QtPrintSupport_pyi fileNode\nclass node_venv_lib_python3_12_site-packages_PyQt6_QtQml_abi3_so fileNode\nclass node_venv_lib_python3_12_site-packages_PyQt6_QtQml_pyi fileNode\nclass node_venv_lib_python3_12_site-packages_PyQt6_QtQuick_abi3_so fileNode\nclass node_venv_lib_python3_12_site-packages_PyQt6_QtQuick_pyi fileNode\nclass node_venv_lib_python3_12_site-packages_PyQt6_QtQuick3D_abi3_so fileNode\nclass node_venv_lib_python3_12_site-packages_PyQt6_QtQuick3D_pyi fileNode\nclass node_venv_lib_python3_12_site-packages_PyQt6_QtQuickWidgets_abi3_so fileNode\nclass node_venv_lib_python3_12_site-packages_PyQt6_QtQuickWidgets_pyi fileNode\nclass node_venv_lib_python3_12_site-packages_PyQt6_QtRemoteObjects_abi3_so fileNode\nclass node_venv_lib_python3_12_site-packages_PyQt6_QtRemoteObjects_pyi fileNode\nclass node_venv_lib_python3_12_site-packages_PyQt6_QtSensors_abi3_so fileNode\nclass node_venv_lib_python3_12_site-packages_PyQt6_QtSensors_pyi fileNode\nclass node_venv_lib_python3_12_site-packages_PyQt6_QtSerialPort_abi3_so fileNode\nclass node_venv_lib_python3_12_site-packages_PyQt6_QtSerialPort_pyi fileNode\nclass node_venv_lib_python3_12_site-packages_PyQt6_QtSpatialAudio_abi3_so fileNode\nclass node_venv_lib_python3_12_site-packages_PyQt6_QtSpatialAudio_pyi fileNode\nclass node_venv_lib_python3_12_site-packages_PyQt6_QtSql_abi3_so fileNode\nclass node_venv_lib_python3_12_site-packages_PyQt6_QtSql_pyi fileNode\nclass node_venv_lib_python3_12_site-packages_PyQt6_QtStateMachine_abi3_so fileNode\nclass node_venv_lib_python3_12_site-packages_PyQt6_QtStateMachine_pyi fileNode\nclass node_venv_lib_python3_12_site-packages_PyQt6_QtSvg_abi3_so fileNode\nclass node_venv_lib_python3_12_site-packages_PyQt6_QtSvg_pyi fileNode\nclass node_venv_lib_python3_12_site-packages_PyQt6_QtSvgWidgets_abi3_so fileNode\nclass node_venv_lib_python3_12_site-packages_PyQt6_QtSvgWidgets_pyi fileNode\nclass node_venv_lib_python3_12_site-packages_PyQt6_QtTest_abi3_so fileNode\nclass node_venv_lib_python3_12_site-packages_PyQt6_QtTest_pyi fileNode\nclass node_venv_lib_python3_12_site-packages_PyQt6_QtTextToSpeech_abi3_so fileNode\nclass node_venv_lib_python3_12_site-packages_PyQt6_QtTextToSpeech_pyi fileNode\nclass node_venv_lib_python3_12_site-packages_PyQt6_QtWebChannel_abi3_so fileNode\nclass node_venv_lib_python3_12_site-packages_PyQt6_QtWebChannel_pyi fileNode\nclass node_venv_lib_python3_12_site-packages_PyQt6_QtWebSockets_abi3_so fileNode\nclass node_venv_lib_python3_12_site-packages_PyQt6_QtWebSockets_pyi fileNode\nclass node_venv_lib_python3_12_site-packages_PyQt6_QtWidgets_abi3_so fileNode\nclass node_venv_lib_python3_12_site-packages_PyQt6_QtWidgets_pyi fileNode\nclass node_venv_lib_python3_12_site-packages_PyQt6_QtXml_abi3_so fileNode\nclass node_venv_lib_python3_12_site-packages_PyQt6_QtXml_pyi fileNode\nclass node_venv_lib_python3_12_site-packages_PyQt6___init___py pythonFile\nclass node_venv_lib_python3_12_site-packages_PyQt6_py_typed fileNode\nclass node_venv_lib_python3_12_site-packages_PyQt6_sip_cpython-312-darwin_so fileNode\nclass node_venv_lib_python3_12_site-packages_PyQt6_sip_pyi fileNode\nclass node_venv_lib_python3_12_site-packages_PyQt6_lupdate___init___py pythonFile\nclass node_venv_lib_python3_12_site-packages_PyQt6_lupdate_designer_source_py pythonFile\nclass node_venv_lib_python3_12_site-packages_PyQt6_lupdate_lupdate_py pythonFile\nclass node_venv_lib_python3_12_site-packages_PyQt6_lupdate_pylupdate_py pythonFile\nclass node_venv_lib_python3_12_site-packages_PyQt6_lupdate_python_source_py pythonFile\nclass node_venv_lib_python3_12_site-packages_PyQt6_lupdate_source_file_py pythonFile\nclass node_venv_lib_python3_12_site-packages_PyQt6_lupdate_translation_file_py pythonFile\nclass node_venv_lib_python3_12_site-packages_PyQt6_lupdate_translations_py pythonFile\nclass node_venv_lib_python3_12_site-packages_PyQt6_lupdate_user_py pythonFile\nclass node_venv_lib_python3_12_site-packages_PyQt6_uic___init___py pythonFile\nclass node_venv_lib_python3_12_site-packages_PyQt6_uic_compile_ui_py pythonFile\nclass node_venv_lib_python3_12_site-packages_PyQt6_uic_enum_map_py pythonFile\nclass node_venv_lib_python3_12_site-packages_PyQt6_uic_exceptions_py pythonFile\nclass node_venv_lib_python3_12_site-packages_PyQt6_uic_icon_cache_py pythonFile\nclass node_venv_lib_python3_12_site-packages_PyQt6_uic_load_ui_py pythonFile\nclass node_venv_lib_python3_12_site-packages_PyQt6_uic_objcreator_py pythonFile\nclass node_venv_lib_python3_12_site-packages_PyQt6_uic_properties_py pythonFile\nclass node_venv_lib_python3_12_site-packages_PyQt6_uic_pyuic_py pythonFile\nclass node_venv_lib_python3_12_site-packages_PyQt6_uic_ui_file_py pythonFile\nclass node_venv_lib_python3_12_site-packages_PyQt6_uic_uiparser_py pythonFile\nclass node_venv_lib_python3_12_site-packages_PyQt6_uic_widget-plugins_qaxcontainer_py pythonFile\nclass node_venv_lib_python3_12_site-packages_PyQt6_uic_widget-plugins_qscintilla_py pythonFile\nclass node_venv_lib_python3_12_site-packages_PyQt6_uic_widget-plugins_qtcharts_py pythonFile\nclass node_venv_lib_python3_12_site-packages_PyQt6_uic_widget-plugins_qtopenglwidgets_py pythonFile\nclass node_venv_lib_python3_12_site-packages_PyQt6_uic_widget-plugins_qtprintsupport_py pythonFile\nclass node_venv_lib_python3_12_site-packages_PyQt6_uic_widget-plugins_qtquickwidgets_py pythonFile\nclass node_venv_lib_python3_12_site-packages_PyQt6_uic_widget-plugins_qtwebenginewidgets_py pythonFile\nclass node_venv_lib_python3_12_site-packages_PyQt6_uic_Loader___init___py pythonFile\nclass node_venv_lib_python3_12_site-packages_PyQt6_uic_Loader_loader_py pythonFile\nclass node_venv_lib_python3_12_site-packages_PyQt6_uic_Loader_qobjectcreator_py pythonFile\nclass node_venv_lib_python3_12_site-packages_PyQt6_uic_Compiler___init___py pythonFile\nclass node_venv_lib_python3_12_site-packages_PyQt6_uic_Compiler_as_string_py pythonFile\nclass node_venv_lib_python3_12_site-packages_PyQt6_uic_Compiler_compiler_py pythonFile\nclass node_venv_lib_python3_12_site-packages_PyQt6_uic_Compiler_indenter_py pythonFile\nclass node_venv_lib_python3_12_site-packages_PyQt6_uic_Compiler_misc_py pythonFile\nclass node_venv_lib_python3_12_site-packages_PyQt6_uic_Compiler_proxy_metaclass_py pythonFile\nclass node_venv_lib_python3_12_site-packages_PyQt6_uic_Compiler_qobjectcreator_py pythonFile\nclass node_venv_lib_python3_12_site-packages_PyQt6_uic_Compiler_qtproxies_py pythonFile\nclass node_venv_lib_python3_12_site-packages_PyQt6_Qt6_qml_QtWebSockets_libqmlwebsocketsplugin_dylib fileNode\nclass node_venv_lib_python3_12_site-packages_PyQt6_Qt6_qml_QtWebSockets_plugins_qmltypes fileNode\nclass node_venv_lib_python3_12_site-packages_PyQt6_Qt6_qml_QtWebSockets_qmldir fileNode\nclass node_venv_lib_python3_12_site-packages_PyQt6_Qt6_qml_QtQml_libqmlplugin_dylib fileNode\nclass node_venv_lib_python3_12_site-packages_PyQt6_Qt6_qml_QtQml_plugins_qmltypes fileNode\nclass node_venv_lib_python3_12_site-packages_PyQt6_Qt6_qml_QtQml_qmldir fileNode\nclass node_venv_lib_python3_12_site-packages_PyQt6_Qt6_qml_QtQml_StateMachine_libqtqmlstatemachineplugin_dylib fileNode\nclass node_venv_lib_python3_12_site-packages_PyQt6_Qt6_qml_QtQml_StateMachine_plugins_qmltypes fileNode\nclass node_venv_lib_python3_12_site-packages_PyQt6_Qt6_qml_QtQml_StateMachine_qmldir fileNode\nclass node_venv_lib_python3_12_site-packages_PyQt6_Qt6_qml_QtQml_Models_libmodelsplugin_dylib fileNode\nclass node_venv_lib_python3_12_site-packages_PyQt6_Qt6_qml_QtQml_Models_plugins_qmltypes fileNode\nclass node_venv_lib_python3_12_site-packages_PyQt6_Qt6_qml_QtQml_Models_qmldir fileNode\nclass node_venv_lib_python3_12_site-packages_PyQt6_Qt6_qml_QtQml_WorkerScript_libworkerscriptplugin_dylib fileNode\nclass node_venv_lib_python3_12_site-packages_PyQt6_Qt6_qml_QtQml_WorkerScript_plugins_qmltypes fileNode\nclass node_venv_lib_python3_12_site-packages_PyQt6_Qt6_qml_QtQml_WorkerScript_qmldir fileNode\nclass node_venv_lib_python3_12_site-packages_PyQt6_Qt6_qml_QtQml_XmlListModel_libqmlxmllistmodelplugin_dylib fileNode\nclass node_venv_lib_python3_12_site-packages_PyQt6_Qt6_qml_QtQml_XmlListModel_plugins_qmltypes fileNode\nclass node_venv_lib_python3_12_site-packages_PyQt6_Qt6_qml_QtQml_XmlListModel_qmldir fileNode\nclass node_venv_lib_python3_12_site-packages_PyQt6_Qt6_qml_QtNetwork_libqmlnetworkplugin_dylib fileNode\nclass node_venv_lib_python3_12_site-packages_PyQt6_Qt6_qml_QtNetwork_plugins_qmltypes fileNode\nclass node_venv_lib_python3_12_site-packages_PyQt6_Qt6_qml_QtNetwork_qmldir fileNode\nclass node_venv_lib_python3_12_site-packages_PyQt6_Qt6_qml_QtQuick3D_LightmapperOutputWindow_qml fileNode\nclass node_venv_lib_python3_12_site-packages_PyQt6_Qt6_qml_QtQuick3D_Quick3D_qmltypes fileNode\nclass node_venv_lib_python3_12_site-packages_PyQt6_Qt6_qml_QtQuick3D_libqquick3dplugin_dylib fileNode\nclass node_venv_lib_python3_12_site-packages_PyQt6_Qt6_qml_QtQuick3D_qmldir fileNode\nclass node_venv_lib_python3_12_site-packages_PyQt6_Qt6_qml_QtQuick3D_lightmapviewer_LightmapViewer_qml fileNode\nclass node_venv_lib_python3_12_site-packages_PyQt6_Qt6_qml_QtQuick3D_lightmapviewer_lightmapviewer_qmltypes fileNode\nclass node_venv_lib_python3_12_site-packages_PyQt6_Qt6_qml_QtQuick3D_lightmapviewer_qmldir fileNode\nclass node_venv_lib_python3_12_site-packages_PyQt6_Qt6_qml_QtQuick3D_MaterialEditor_AboutDialog_qml fileNode\nclass node_venv_lib_python3_12_site-packages_PyQt6_Qt6_qml_QtQuick3D_MaterialEditor_EditorView_qml fileNode\nclass node_venv_lib_python3_12_site-packages_PyQt6_Qt6_qml_QtQuick3D_MaterialEditor_FrostedGlass_qml fileNode\nclass node_venv_lib_python3_12_site-packages_PyQt6_Qt6_qml_QtQuick3D_MaterialEditor_InstancingPropertiesPane_qml fileNode\nclass node_venv_lib_python3_12_site-packages_PyQt6_Qt6_qml_QtQuick3D_MaterialEditor_MaterialPropertiesPane_qml fileNode\nclass node_venv_lib_python3_12_site-packages_PyQt6_Qt6_qml_QtQuick3D_MaterialEditor_Preview_qml fileNode\nclass node_venv_lib_python3_12_site-packages_PyQt6_Qt6_qml_QtQuick3D_MaterialEditor_PreviewControls_qml fileNode\nclass node_venv_lib_python3_12_site-packages_PyQt6_Qt6_qml_QtQuick3D_MaterialEditor_SaveChangesDialog_qml fileNode\nclass node_venv_lib_python3_12_site-packages_PyQt6_Qt6_qml_QtQuick3D_MaterialEditor_ShaderEditor_qml fileNode\nclass node_venv_lib_python3_12_site-packages_PyQt6_Qt6_qml_QtQuick3D_MaterialEditor_UniformManagerPane_qml fileNode\nclass node_venv_lib_python3_12_site-packages_PyQt6_Qt6_qml_QtQuick3D_MaterialEditor_main_qml fileNode\nclass node_venv_lib_python3_12_site-packages_PyQt6_Qt6_qml_QtQuick3D_MaterialEditor_plugins_qmltypes fileNode\nclass node_venv_lib_python3_12_site-packages_PyQt6_Qt6_qml_QtQuick3D_MaterialEditor_qmldir fileNode\nclass node_venv_lib_python3_12_site-packages_PyQt6_Qt6_qml_QtQuick3D_ParticleEffects_Quick3DParticleEffects_qmltypes fileNode\nclass node_venv_lib_python3_12_site-packages_PyQt6_Qt6_qml_QtQuick3D_ParticleEffects_libqtquick3dparticleeffectsplugin_dylib fileNode\nclass node_venv_lib_python3_12_site-packages_PyQt6_Qt6_qml_QtQuick3D_ParticleEffects_qmldir fileNode\nclass node_venv_lib_python3_12_site-packages_PyQt6_Qt6_qml_QtQuick3D_ParticleEffects_designer_particleeffects_metainfo fileNode\nclass node_venv_lib_python3_12_site-packages_PyQt6_Qt6_qml_QtQuick3D_ParticleEffects_designer_images_color_table_png fileNode\nclass node_venv_lib_python3_12_site-packages_PyQt6_Qt6_qml_QtQuick3D_ParticleEffects_designer_images_color_table2_png fileNode\nclass node_venv_lib_python3_12_site-packages_PyQt6_Qt6_qml_QtQuick3D_ParticleEffects_designer_images_droplet_png fileNode\nclass node_venv_lib_python3_12_site-packages_PyQt6_Qt6_qml_QtQuick3D_ParticleEffects_designer_images_dummy_png fileNode\nclass node_venv_lib_python3_12_site-packages_PyQt6_Qt6_qml_QtQuick3D_ParticleEffects_designer_images_dummy16_png fileNode\nclass node_venv_lib_python3_12_site-packages_PyQt6_Qt6_qml_QtQuick3D_ParticleEffects_designer_images_dummy@2x_png fileNode\nclass node_venv_lib_python3_12_site-packages_PyQt6_Qt6_qml_QtQuick3D_ParticleEffects_designer_images_rain_png fileNode\nclass node_venv_lib_python3_12_site-packages_PyQt6_Qt6_qml_QtQuick3D_ParticleEffects_designer_images_ripple_png fileNode\nclass node_venv_lib_python3_12_site-packages_PyQt6_Qt6_qml_QtQuick3D_ParticleEffects_designer_images_smoke2_png fileNode\nclass node_venv_lib_python3_12_site-packages_PyQt6_Qt6_qml_QtQuick3D_ParticleEffects_designer_images_smoke_sprite_png fileNode\nclass node_venv_lib_python3_12_site-packages_PyQt6_Qt6_qml_QtQuick3D_ParticleEffects_designer_images_smoke_sprite2_png fileNode\nclass node_venv_lib_python3_12_site-packages_PyQt6_Qt6_qml_QtQuick3D_ParticleEffects_designer_images_snowflake_png fileNode\nclass node_venv_lib_python3_12_site-packages_PyQt6_Qt6_qml_QtQuick3D_ParticleEffects_designer_images_sphere_png fileNode\nclass node_venv_lib_python3_12_site-packages_PyQt6_Qt6_qml_QtQuick3D_ParticleEffects_designer_images_splash7_png fileNode\nclass node_venv_lib_python3_12_site-packages_PyQt6_Qt6_qml_QtQuick3D_ParticleEffects_designer_source_particleeffect_clouds_qml fileNode\nclass node_venv_lib_python3_12_site-packages_PyQt6_Qt6_qml_QtQuick3D_ParticleEffects_designer_source_particleeffect_dust_qml fileNode\nclass node_venv_lib_python3_12_site-packages_PyQt6_Qt6_qml_QtQuick3D_ParticleEffects_designer_source_particleeffect_exhaust_qml fileNode\nclass node_venv_lib_python3_12_site-packages_PyQt6_Qt6_qml_QtQuick3D_ParticleEffects_designer_source_particleeffect_fire_qml fileNode\nclass node_venv_lib_python3_12_site-packages_PyQt6_Qt6_qml_QtQuick3D_ParticleEffects_designer_source_particleeffect_heavyrain_qml fileNode\nclass node_venv_lib_python3_12_site-packages_PyQt6_Qt6_qml_QtQuick3D_ParticleEffects_designer_source_particleeffect_heavyrain_tirespray_qml fileNode\nclass node_venv_lib_python3_12_site-packages_PyQt6_Qt6_qml_QtQuick3D_ParticleEffects_designer_source_particleeffect_lightrain_qml fileNode\nclass node_venv_lib_python3_12_site-packages_PyQt6_Qt6_qml_QtQuick3D_ParticleEffects_designer_source_particleeffect_lightrain_tirespray_qml fileNode\nclass node_venv_lib_python3_12_site-packages_PyQt6_Qt6_qml_QtQuick3D_ParticleEffects_designer_source_particleeffect_rainmist_qml fileNode\nclass node_venv_lib_python3_12_site-packages_PyQt6_Qt6_qml_QtQuick3D_ParticleEffects_designer_source_particleeffect_snow_qml fileNode\nclass node_venv_lib_python3_12_site-packages_PyQt6_Qt6_qml_QtQuick3D_ParticleEffects_designer_source_particleeffect_steam_qml fileNode\nclass node_venv_lib_python3_12_site-packages_PyQt6_Qt6_qml_QtQuick3D_Xr_XrErrorDialog_qml fileNode\nclass node_venv_lib_python3_12_site-packages_PyQt6_Qt6_qml_QtQuick3D_Xr_libquick3dxrplugin_dylib fileNode\nclass node_venv_lib_python3_12_site-packages_PyQt6_Qt6_qml_QtQuick3D_Xr_plugins_qmltypes fileNode\nclass node_venv_lib_python3_12_site-packages_PyQt6_Qt6_qml_QtQuick3D_Xr_qmldir fileNode\nclass node_venv_lib_python3_12_site-packages_PyQt6_Qt6_qml_QtQuick3D_AssetUtils_libqtquick3dassetutilsplugin_dylib fileNode\nclass node_venv_lib_python3_12_site-packages_PyQt6_Qt6_qml_QtQuick3D_AssetUtils_plugins_qmltypes fileNode\nclass node_venv_lib_python3_12_site-packages_PyQt6_Qt6_qml_QtQuick3D_AssetUtils_qmldir fileNode\nclass node_venv_lib_python3_12_site-packages_PyQt6_Qt6_qml_QtQuick3D_AssetUtils_designer_NodeSection_qml fileNode\nclass node_venv_lib_python3_12_site-packages_PyQt6_Qt6_qml_QtQuick3D_AssetUtils_designer_RuntimeLoaderSection_qml fileNode\nclass node_venv_lib_python3_12_site-packages_PyQt6_Qt6_qml_QtQuick3D_AssetUtils_designer_RuntimeLoaderSpecifics_qml fileNode\nclass node_venv_lib_python3_12_site-packages_PyQt6_Qt6_qml_QtQuick3D_AssetUtils_designer_assetutils_metainfo fileNode\nclass node_venv_lib_python3_12_site-packages_PyQt6_Qt6_qml_QtQuick3D_AssetUtils_designer_images_dummy_png fileNode\nclass node_venv_lib_python3_12_site-packages_PyQt6_Qt6_qml_QtQuick3D_AssetUtils_designer_images_dummy16_png fileNode\nclass node_venv_lib_python3_12_site-packages_PyQt6_Qt6_qml_QtQuick3D_AssetUtils_designer_images_dummy@2x_png fileNode\nclass node_venv_lib_python3_12_site-packages_PyQt6_Qt6_qml_QtQuick3D_AssetUtils_designer_images_runtimeloader_png fileNode\nclass node_venv_lib_python3_12_site-packages_PyQt6_Qt6_qml_QtQuick3D_AssetUtils_designer_images_runtimeloader16_png fileNode\nclass node_venv_lib_python3_12_site-packages_PyQt6_Qt6_qml_QtQuick3D_AssetUtils_designer_images_runtimeloader@2x_png fileNode\nclass node_venv_lib_python3_12_site-packages_PyQt6_Qt6_qml_QtQuick3D_SpatialAudio_libquick3dspatialaudioplugin_dylib fileNode\nclass node_venv_lib_python3_12_site-packages_PyQt6_Qt6_qml_QtQuick3D_SpatialAudio_plugins_qmltypes fileNode\nclass node_venv_lib_python3_12_site-packages_PyQt6_Qt6_qml_QtQuick3D_SpatialAudio_qmldir fileNode\nclass node_venv_lib_python3_12_site-packages_PyQt6_Qt6_qml_QtQuick3D_designer_AbstractLightSection_qml fileNode\nclass node_venv_lib_python3_12_site-packages_PyQt6_Qt6_qml_QtQuick3D_designer_BufferInputSection_qml fileNode\nclass node_venv_lib_python3_12_site-packages_PyQt6_Qt6_qml_QtQuick3D_designer_BufferInputSpecifics_qml fileNode\nclass node_venv_lib_python3_12_site-packages_PyQt6_Qt6_qml_QtQuick3D_designer_BufferSection_qml fileNode\nclass node_venv_lib_python3_12_site-packages_PyQt6_Qt6_qml_QtQuick3D_designer_BufferSpecifics_qml fileNode\nclass node_venv_lib_python3_12_site-packages_PyQt6_Qt6_qml_QtQuick3D_designer_CameraSection_qml fileNode\nclass node_venv_lib_python3_12_site-packages_PyQt6_Qt6_qml_QtQuick3D_designer_CascadesSection_qml fileNode\nclass node_venv_lib_python3_12_site-packages_PyQt6_Qt6_qml_QtQuick3D_designer_CubeMapTextureSpecifics_qml fileNode\nclass node_venv_lib_python3_12_site-packages_PyQt6_Qt6_qml_QtQuick3D_designer_CustomCameraSpecifics_qml fileNode\nclass node_venv_lib_python3_12_site-packages_PyQt6_Qt6_qml_QtQuick3D_designer_CustomMaterialSection_qml fileNode\nclass node_venv_lib_python3_12_site-packages_PyQt6_Qt6_qml_QtQuick3D_designer_CustomMaterialSpecifics_qml fileNode\nclass node_venv_lib_python3_12_site-packages_PyQt6_Qt6_qml_QtQuick3D_designer_DebugSettingsSection_qml fileNode\nclass node_venv_lib_python3_12_site-packages_PyQt6_Qt6_qml_QtQuick3D_designer_DebugSettingsSpecifics_qml fileNode\nclass node_venv_lib_python3_12_site-packages_PyQt6_Qt6_qml_QtQuick3D_designer_DefaultMaterialSection_qml fileNode\nclass node_venv_lib_python3_12_site-packages_PyQt6_Qt6_qml_QtQuick3D_designer_DefaultMaterialSpecifics_qml fileNode\nclass node_venv_lib_python3_12_site-packages_PyQt6_Qt6_qml_QtQuick3D_designer_DirectionalLightSection_qml fileNode\nclass node_venv_lib_python3_12_site-packages_PyQt6_Qt6_qml_QtQuick3D_designer_DirectionalLightSpecifics_qml fileNode\nclass node_venv_lib_python3_12_site-packages_PyQt6_Qt6_qml_QtQuick3D_designer_EffectSection_qml fileNode\nclass node_venv_lib_python3_12_site-packages_PyQt6_Qt6_qml_QtQuick3D_designer_EffectSpecifics_qml fileNode\nclass node_venv_lib_python3_12_site-packages_PyQt6_Qt6_qml_QtQuick3D_designer_FileInstancingSection_qml fileNode\nclass node_venv_lib_python3_12_site-packages_PyQt6_Qt6_qml_QtQuick3D_designer_FileInstancingSpecifics_qml fileNode\nclass node_venv_lib_python3_12_site-packages_PyQt6_Qt6_qml_QtQuick3D_designer_FogSection_qml fileNode\nclass node_venv_lib_python3_12_site-packages_PyQt6_Qt6_qml_QtQuick3D_designer_FogSpecifics_qml fileNode\nclass node_venv_lib_python3_12_site-packages_PyQt6_Qt6_qml_QtQuick3D_designer_FrustumCameraSection_qml fileNode\nclass node_venv_lib_python3_12_site-packages_PyQt6_Qt6_qml_QtQuick3D_designer_FrustumCameraSpecifics_qml fileNode\nclass node_venv_lib_python3_12_site-packages_PyQt6_Qt6_qml_QtQuick3D_designer_InstanceListEntrySection_qml fileNode\nclass node_venv_lib_python3_12_site-packages_PyQt6_Qt6_qml_QtQuick3D_designer_InstanceListEntrySpecifics_qml fileNode\nclass node_venv_lib_python3_12_site-packages_PyQt6_Qt6_qml_QtQuick3D_designer_InstanceListSection_qml fileNode\nclass node_venv_lib_python3_12_site-packages_PyQt6_Qt6_qml_QtQuick3D_designer_InstanceListSpecifics_qml fileNode\nclass node_venv_lib_python3_12_site-packages_PyQt6_Qt6_qml_QtQuick3D_designer_InstancingSection_qml fileNode\nclass node_venv_lib_python3_12_site-packages_PyQt6_Qt6_qml_QtQuick3D_designer_JointSection_qml fileNode\nclass node_venv_lib_python3_12_site-packages_PyQt6_Qt6_qml_QtQuick3D_designer_JointSpecifics_qml fileNode\nclass node_venv_lib_python3_12_site-packages_PyQt6_Qt6_qml_QtQuick3D_designer_LightmapperSection_qml fileNode\nclass node_venv_lib_python3_12_site-packages_PyQt6_Qt6_qml_QtQuick3D_designer_LightmapperSpecifics_qml fileNode\nclass node_venv_lib_python3_12_site-packages_PyQt6_Qt6_qml_QtQuick3D_designer_Loader3DSection_qml fileNode\nclass node_venv_lib_python3_12_site-packages_PyQt6_Qt6_qml_QtQuick3D_designer_Loader3DSpecifics_qml fileNode\nclass node_venv_lib_python3_12_site-packages_PyQt6_Qt6_qml_QtQuick3D_designer_MaterialSection_qml fileNode\nclass node_venv_lib_python3_12_site-packages_PyQt6_Qt6_qml_QtQuick3D_designer_ModelSection_qml fileNode\nclass node_venv_lib_python3_12_site-packages_PyQt6_Qt6_qml_QtQuick3D_designer_ModelSpecifics_qml fileNode\nclass node_venv_lib_python3_12_site-packages_PyQt6_Qt6_qml_QtQuick3D_designer_MorphTargetSection_qml fileNode\nclass node_venv_lib_python3_12_site-packages_PyQt6_Qt6_qml_QtQuick3D_designer_MorphTargetSpecifics_qml fileNode\nclass node_venv_lib_python3_12_site-packages_PyQt6_Qt6_qml_QtQuick3D_designer_NodeSection_qml fileNode\nclass node_venv_lib_python3_12_site-packages_PyQt6_Qt6_qml_QtQuick3D_designer_NodeSpecifics_qml fileNode\nclass node_venv_lib_python3_12_site-packages_PyQt6_Qt6_qml_QtQuick3D_designer_Object3DSection_qml fileNode\nclass node_venv_lib_python3_12_site-packages_PyQt6_Qt6_qml_QtQuick3D_designer_OrthographicCameraSection_qml fileNode\nclass node_venv_lib_python3_12_site-packages_PyQt6_Qt6_qml_QtQuick3D_designer_OrthographicCameraSpecifics_qml fileNode\nclass node_venv_lib_python3_12_site-packages_PyQt6_Qt6_qml_QtQuick3D_designer_PassSection_qml fileNode\nclass node_venv_lib_python3_12_site-packages_PyQt6_Qt6_qml_QtQuick3D_designer_PassSpecifics_qml fileNode\nclass node_venv_lib_python3_12_site-packages_PyQt6_Qt6_qml_QtQuick3D_designer_PerspectiveCameraSection_qml fileNode\nclass node_venv_lib_python3_12_site-packages_PyQt6_Qt6_qml_QtQuick3D_designer_PerspectiveCameraSpecifics_qml fileNode\nclass node_venv_lib_python3_12_site-packages_PyQt6_Qt6_qml_QtQuick3D_designer_PointLightSection_qml fileNode\nclass node_venv_lib_python3_12_site-packages_PyQt6_Qt6_qml_QtQuick3D_designer_PointLightSpecifics_qml fileNode\nclass node_venv_lib_python3_12_site-packages_PyQt6_Qt6_qml_QtQuick3D_designer_PrincipledMaterialSection_qml fileNode\nclass node_venv_lib_python3_12_site-packages_PyQt6_Qt6_qml_QtQuick3D_designer_PrincipledMaterialSpecifics_qml fileNode\nclass node_venv_lib_python3_12_site-packages_PyQt6_Qt6_qml_QtQuick3D_designer_ReflectionProbeSection_qml fileNode\nclass node_venv_lib_python3_12_site-packages_PyQt6_Qt6_qml_QtQuick3D_designer_ReflectionProbeSpecifics_qml fileNode\nclass node_venv_lib_python3_12_site-packages_PyQt6_Qt6_qml_QtQuick3D_designer_Repeater3DSection_qml fileNode\nclass node_venv_lib_python3_12_site-packages_PyQt6_Qt6_qml_QtQuick3D_designer_Repeater3DSpecifics_qml fileNode\nclass node_venv_lib_python3_12_site-packages_PyQt6_Qt6_qml_QtQuick3D_designer_ResourceLoaderSection_qml fileNode\nclass node_venv_lib_python3_12_site-packages_PyQt6_Qt6_qml_QtQuick3D_designer_ResourceLoaderSpecifics_qml fileNode\nclass node_venv_lib_python3_12_site-packages_PyQt6_Qt6_qml_QtQuick3D_designer_SceneEnvironmentSection_qml fileNode\nclass node_venv_lib_python3_12_site-packages_PyQt6_Qt6_qml_QtQuick3D_designer_SceneEnvironmentSpecifics_qml fileNode\nclass node_venv_lib_python3_12_site-packages_PyQt6_Qt6_qml_QtQuick3D_designer_SetUniformValueSection_qml fileNode\nclass node_venv_lib_python3_12_site-packages_PyQt6_Qt6_qml_QtQuick3D_designer_SetUniformValueSpecifics_qml fileNode\nclass node_venv_lib_python3_12_site-packages_PyQt6_Qt6_qml_QtQuick3D_designer_ShaderSection_qml fileNode\nclass node_venv_lib_python3_12_site-packages_PyQt6_Qt6_qml_QtQuick3D_designer_ShaderSpecifics_qml fileNode\nclass node_venv_lib_python3_12_site-packages_PyQt6_Qt6_qml_QtQuick3D_designer_ShadowSection_qml fileNode\nclass node_venv_lib_python3_12_site-packages_PyQt6_Qt6_qml_QtQuick3D_designer_SkinSection_qml fileNode\nclass node_venv_lib_python3_12_site-packages_PyQt6_Qt6_qml_QtQuick3D_designer_SkinSpecifics_qml fileNode\nclass node_venv_lib_python3_12_site-packages_PyQt6_Qt6_qml_QtQuick3D_designer_SpecularGlossyMaterialSection_qml fileNode\nclass node_venv_lib_python3_12_site-packages_PyQt6_Qt6_qml_QtQuick3D_designer_SpecularGlossyMaterialSpecifics_qml fileNode\nclass node_venv_lib_python3_12_site-packages_PyQt6_Qt6_qml_QtQuick3D_designer_SpotLightSection_qml fileNode\nclass node_venv_lib_python3_12_site-packages_PyQt6_Qt6_qml_QtQuick3D_designer_SpotLightSpecifics_qml fileNode\nclass node_venv_lib_python3_12_site-packages_PyQt6_Qt6_qml_QtQuick3D_designer_TextureInputSection_qml fileNode\nclass node_venv_lib_python3_12_site-packages_PyQt6_Qt6_qml_QtQuick3D_designer_TextureInputSpecifics_qml fileNode\nclass node_venv_lib_python3_12_site-packages_PyQt6_Qt6_qml_QtQuick3D_designer_TextureSection_qml fileNode\nclass node_venv_lib_python3_12_site-packages_PyQt6_Qt6_qml_QtQuick3D_designer_TextureSpecifics_qml fileNode\nclass node_venv_lib_python3_12_site-packages_PyQt6_Qt6_qml_QtQuick3D_designer_View3DSection_qml fileNode\nclass node_venv_lib_python3_12_site-packages_PyQt6_Qt6_qml_QtQuick3D_designer_View3DSpecifics_qml fileNode\nclass node_venv_lib_python3_12_site-packages_PyQt6_Qt6_qml_QtQuick3D_designer_propertyGroups_json configFile\nclass node_venv_lib_python3_12_site-packages_PyQt6_Qt6_qml_QtQuick3D_designer_quick3d_metainfo fileNode\nclass node_venv_lib_python3_12_site-packages_PyQt6_Qt6_qml_QtQuick3D_designer_images_camera_png fileNode\nclass node_venv_lib_python3_12_site-packages_PyQt6_Qt6_qml_QtQuick3D_designer_images_camera16_png fileNode\nclass node_venv_lib_python3_12_site-packages_PyQt6_Qt6_qml_QtQuick3D_designer_images_camera@2x_png fileNode\nclass node_venv_lib_python3_12_site-packages_PyQt6_Qt6_qml_QtQuick3D_designer_images_cone_png fileNode\nclass node_venv_lib_python3_12_site-packages_PyQt6_Qt6_qml_QtQuick3D_designer_images_cone16_png fileNode\nclass node_venv_lib_python3_12_site-packages_PyQt6_Qt6_qml_QtQuick3D_designer_images_cone@2x_png fileNode\nclass node_venv_lib_python3_12_site-packages_PyQt6_Qt6_qml_QtQuick3D_designer_images_cube_png fileNode\nclass node_venv_lib_python3_12_site-packages_PyQt6_Qt6_qml_QtQuick3D_designer_images_cube16_png fileNode\nclass node_venv_lib_python3_12_site-packages_PyQt6_Qt6_qml_QtQuick3D_designer_images_cube@2x_png fileNode\nclass node_venv_lib_python3_12_site-packages_PyQt6_Qt6_qml_QtQuick3D_designer_images_cubemaptexture_png fileNode\nclass node_venv_lib_python3_12_site-packages_PyQt6_Qt6_qml_QtQuick3D_designer_images_cubemaptexture16_png fileNode\nclass node_venv_lib_python3_12_site-packages_PyQt6_Qt6_qml_QtQuick3D_designer_images_cubemaptexture@2x_png fileNode\nclass node_venv_lib_python3_12_site-packages_PyQt6_Qt6_qml_QtQuick3D_designer_images_custommaterial_png fileNode\nclass node_venv_lib_python3_12_site-packages_PyQt6_Qt6_qml_QtQuick3D_designer_images_custommaterial16_png fileNode\nclass node_venv_lib_python3_12_site-packages_PyQt6_Qt6_qml_QtQuick3D_designer_images_custommaterial@2x_png fileNode\nclass node_venv_lib_python3_12_site-packages_PyQt6_Qt6_qml_QtQuick3D_designer_images_cylinder_png fileNode\nclass node_venv_lib_python3_12_site-packages_PyQt6_Qt6_qml_QtQuick3D_designer_images_cylinder16_png fileNode\nclass node_venv_lib_python3_12_site-packages_PyQt6_Qt6_qml_QtQuick3D_designer_images_cylinder@2x_png fileNode\nclass node_venv_lib_python3_12_site-packages_PyQt6_Qt6_qml_QtQuick3D_designer_images_debugsettings_png fileNode\nclass node_venv_lib_python3_12_site-packages_PyQt6_Qt6_qml_QtQuick3D_designer_images_debugsettings16_png fileNode\nclass node_venv_lib_python3_12_site-packages_PyQt6_Qt6_qml_QtQuick3D_designer_images_debugsettings@2x_png fileNode\nclass node_venv_lib_python3_12_site-packages_PyQt6_Qt6_qml_QtQuick3D_designer_images_dummy_png fileNode\nclass node_venv_lib_python3_12_site-packages_PyQt6_Qt6_qml_QtQuick3D_designer_images_dummy16_png fileNode\nclass node_venv_lib_python3_12_site-packages_PyQt6_Qt6_qml_QtQuick3D_designer_images_dummy@2x_png fileNode\nclass node_venv_lib_python3_12_site-packages_PyQt6_Qt6_qml_QtQuick3D_designer_images_effect_png fileNode\nclass node_venv_lib_python3_12_site-packages_PyQt6_Qt6_qml_QtQuick3D_designer_images_effect16_png fileNode\nclass node_venv_lib_python3_12_site-packages_PyQt6_Qt6_qml_QtQuick3D_designer_images_effect@2x_png fileNode\nclass node_venv_lib_python3_12_site-packages_PyQt6_Qt6_qml_QtQuick3D_designer_images_fileinstancing_png fileNode\nclass node_venv_lib_python3_12_site-packages_PyQt6_Qt6_qml_QtQuick3D_designer_images_fileinstancing16_png fileNode\nclass node_venv_lib_python3_12_site-packages_PyQt6_Qt6_qml_QtQuick3D_designer_images_fileinstancing@2x_png fileNode\nclass node_venv_lib_python3_12_site-packages_PyQt6_Qt6_qml_QtQuick3D_designer_images_fog_png fileNode\nclass node_venv_lib_python3_12_site-packages_PyQt6_Qt6_qml_QtQuick3D_designer_images_fog16_png fileNode\nclass node_venv_lib_python3_12_site-packages_PyQt6_Qt6_qml_QtQuick3D_designer_images_fog@2x_png fileNode\nclass node_venv_lib_python3_12_site-packages_PyQt6_Qt6_qml_QtQuick3D_designer_images_group_png fileNode\nclass node_venv_lib_python3_12_site-packages_PyQt6_Qt6_qml_QtQuick3D_designer_images_group16_png fileNode\nclass node_venv_lib_python3_12_site-packages_PyQt6_Qt6_qml_QtQuick3D_designer_images_group@2x_png fileNode\nclass node_venv_lib_python3_12_site-packages_PyQt6_Qt6_qml_QtQuick3D_designer_images_instancelist_png fileNode\nclass node_venv_lib_python3_12_site-packages_PyQt6_Qt6_qml_QtQuick3D_designer_images_instancelist16_png fileNode\nclass node_venv_lib_python3_12_site-packages_PyQt6_Qt6_qml_QtQuick3D_designer_images_instancelist@2x_png fileNode\nclass node_venv_lib_python3_12_site-packages_PyQt6_Qt6_qml_QtQuick3D_designer_images_instancelistentry_png fileNode\nclass node_venv_lib_python3_12_site-packages_PyQt6_Qt6_qml_QtQuick3D_designer_images_instancelistentry16_png fileNode\nclass node_venv_lib_python3_12_site-packages_PyQt6_Qt6_qml_QtQuick3D_designer_images_instancelistentry@2x_png fileNode\nclass node_venv_lib_python3_12_site-packages_PyQt6_Qt6_qml_QtQuick3D_designer_images_joint_png fileNode\nclass node_venv_lib_python3_12_site-packages_PyQt6_Qt6_qml_QtQuick3D_designer_images_joint16_png fileNode\nclass node_venv_lib_python3_12_site-packages_PyQt6_Qt6_qml_QtQuick3D_designer_images_joint@2x_png fileNode\nclass node_venv_lib_python3_12_site-packages_PyQt6_Qt6_qml_QtQuick3D_designer_images_lightdirectional_png fileNode\nclass node_venv_lib_python3_12_site-packages_PyQt6_Qt6_qml_QtQuick3D_designer_images_lightdirectional16_png fileNode\nclass node_venv_lib_python3_12_site-packages_PyQt6_Qt6_qml_QtQuick3D_designer_images_lightdirectional@2x_png fileNode\nclass node_venv_lib_python3_12_site-packages_PyQt6_Qt6_qml_QtQuick3D_designer_images_lightmapper_png fileNode\nclass node_venv_lib_python3_12_site-packages_PyQt6_Qt6_qml_QtQuick3D_designer_images_lightmapper16_png fileNode\nclass node_venv_lib_python3_12_site-packages_PyQt6_Qt6_qml_QtQuick3D_designer_images_lightmapper@2x_png fileNode\nclass node_venv_lib_python3_12_site-packages_PyQt6_Qt6_qml_QtQuick3D_designer_images_lightpoint_png fileNode\nclass node_venv_lib_python3_12_site-packages_PyQt6_Qt6_qml_QtQuick3D_designer_images_lightpoint16_png fileNode\nclass node_venv_lib_python3_12_site-packages_PyQt6_Qt6_qml_QtQuick3D_designer_images_lightpoint@2x_png fileNode\nclass node_venv_lib_python3_12_site-packages_PyQt6_Qt6_qml_QtQuick3D_designer_images_lightspot_png fileNode\nclass node_venv_lib_python3_12_site-packages_PyQt6_Qt6_qml_QtQuick3D_designer_images_lightspot16_png fileNode\nclass node_venv_lib_python3_12_site-packages_PyQt6_Qt6_qml_QtQuick3D_designer_images_lightspot@2x_png fileNode\nclass node_venv_lib_python3_12_site-packages_PyQt6_Qt6_qml_QtQuick3D_designer_images_loader3d_png fileNode\nclass node_venv_lib_python3_12_site-packages_PyQt6_Qt6_qml_QtQuick3D_designer_images_loader3d16_png fileNode\nclass node_venv_lib_python3_12_site-packages_PyQt6_Qt6_qml_QtQuick3D_designer_images_loader3d@2x_png fileNode\nclass node_venv_lib_python3_12_site-packages_PyQt6_Qt6_qml_QtQuick3D_designer_images_material_png fileNode\nclass node_venv_lib_python3_12_site-packages_PyQt6_Qt6_qml_QtQuick3D_designer_images_material16_png fileNode\nclass node_venv_lib_python3_12_site-packages_PyQt6_Qt6_qml_QtQuick3D_designer_images_material@2x_png fileNode\nclass node_venv_lib_python3_12_site-packages_PyQt6_Qt6_qml_QtQuick3D_designer_images_model16_png fileNode\nclass node_venv_lib_python3_12_site-packages_PyQt6_Qt6_qml_QtQuick3D_designer_images_morphtarget_png fileNode\nclass node_venv_lib_python3_12_site-packages_PyQt6_Qt6_qml_QtQuick3D_designer_images_morphtarget16_png fileNode\nclass node_venv_lib_python3_12_site-packages_PyQt6_Qt6_qml_QtQuick3D_designer_images_morphtarget@2x_png fileNode\nclass node_venv_lib_python3_12_site-packages_PyQt6_Qt6_qml_QtQuick3D_designer_images_plane_png fileNode\nclass node_venv_lib_python3_12_site-packages_PyQt6_Qt6_qml_QtQuick3D_designer_images_plane16_png fileNode\nclass node_venv_lib_python3_12_site-packages_PyQt6_Qt6_qml_QtQuick3D_designer_images_plane@2x_png fileNode\nclass node_venv_lib_python3_12_site-packages_PyQt6_Qt6_qml_QtQuick3D_designer_images_reflectionProbe_png fileNode\nclass node_venv_lib_python3_12_site-packages_PyQt6_Qt6_qml_QtQuick3D_designer_images_reflectionProbe16_png fileNode\nclass node_venv_lib_python3_12_site-packages_PyQt6_Qt6_qml_QtQuick3D_designer_images_reflectionProbe@2x_png fileNode\nclass node_venv_lib_python3_12_site-packages_PyQt6_Qt6_qml_QtQuick3D_designer_images_repeater3d_png fileNode\nclass node_venv_lib_python3_12_site-packages_PyQt6_Qt6_qml_QtQuick3D_designer_images_repeater3d16_png fileNode\nclass node_venv_lib_python3_12_site-packages_PyQt6_Qt6_qml_QtQuick3D_designer_images_repeater3d@2x_png fileNode\nclass node_venv_lib_python3_12_site-packages_PyQt6_Qt6_qml_QtQuick3D_designer_images_resourceloader_png fileNode\nclass node_venv_lib_python3_12_site-packages_PyQt6_Qt6_qml_QtQuick3D_designer_images_resourceloader16_png fileNode\nclass node_venv_lib_python3_12_site-packages_PyQt6_Qt6_qml_QtQuick3D_designer_images_resourceloader@2x_png fileNode\nclass node_venv_lib_python3_12_site-packages_PyQt6_Qt6_qml_QtQuick3D_designer_images_scene_png fileNode\nclass node_venv_lib_python3_12_site-packages_PyQt6_Qt6_qml_QtQuick3D_designer_images_scene16_png fileNode\nclass node_venv_lib_python3_12_site-packages_PyQt6_Qt6_qml_QtQuick3D_designer_images_scene@2x_png fileNode\nclass node_venv_lib_python3_12_site-packages_PyQt6_Qt6_qml_QtQuick3D_designer_images_shadercommand_png fileNode\nclass node_venv_lib_python3_12_site-packages_PyQt6_Qt6_qml_QtQuick3D_designer_images_shadercommand16_png fileNode\nclass node_venv_lib_python3_12_site-packages_PyQt6_Qt6_qml_QtQuick3D_designer_images_shadercommand@2x_png fileNode\nclass node_venv_lib_python3_12_site-packages_PyQt6_Qt6_qml_QtQuick3D_designer_images_shaderutil_png fileNode\nclass node_venv_lib_python3_12_site-packages_PyQt6_Qt6_qml_QtQuick3D_designer_images_shaderutil16_png fileNode\nclass node_venv_lib_python3_12_site-packages_PyQt6_Qt6_qml_QtQuick3D_designer_images_shaderutil@2x_png fileNode\nclass node_venv_lib_python3_12_site-packages_PyQt6_Qt6_qml_QtQuick3D_designer_images_skeleton_png fileNode\nclass node_venv_lib_python3_12_site-packages_PyQt6_Qt6_qml_QtQuick3D_designer_images_skeleton16_png fileNode\nclass node_venv_lib_python3_12_site-packages_PyQt6_Qt6_qml_QtQuick3D_designer_images_skeleton@2x_png fileNode\nclass node_venv_lib_python3_12_site-packages_PyQt6_Qt6_qml_QtQuick3D_designer_images_skin_png fileNode\nclass node_venv_lib_python3_12_site-packages_PyQt6_Qt6_qml_QtQuick3D_designer_images_skin16_png fileNode\nclass node_venv_lib_python3_12_site-packages_PyQt6_Qt6_qml_QtQuick3D_designer_images_skin@2x_png fileNode\nclass node_venv_lib_python3_12_site-packages_PyQt6_Qt6_qml_QtQuick3D_designer_images_sphere_png fileNode\nclass node_venv_lib_python3_12_site-packages_PyQt6_Qt6_qml_QtQuick3D_designer_images_sphere16_png fileNode\nclass node_venv_lib_python3_12_site-packages_PyQt6_Qt6_qml_QtQuick3D_designer_images_sphere@2x_png fileNode\nclass node_venv_lib_python3_12_site-packages_PyQt6_Qt6_qml_QtQuick3D_designer_images_texture_png fileNode\nclass node_venv_lib_python3_12_site-packages_PyQt6_Qt6_qml_QtQuick3D_designer_images_texture16_png fileNode\nclass node_venv_lib_python3_12_site-packages_PyQt6_Qt6_qml_QtQuick3D_designer_images_texture@2x_png fileNode\nclass node_venv_lib_python3_12_site-packages_PyQt6_Qt6_qml_QtQuick3D_designer_images_view3D_png fileNode\nclass node_venv_lib_python3_12_site-packages_PyQt6_Qt6_qml_QtQuick3D_designer_images_view3D16_png fileNode\nclass node_venv_lib_python3_12_site-packages_PyQt6_Qt6_qml_QtQuick3D_designer_images_view3D@2x_png fileNode\nclass node_venv_lib_python3_12_site-packages_PyQt6_Qt6_qml_QtQuick3D_designer_source_custom_material_default_shader_frag fileNode\nclass node_venv_lib_python3_12_site-packages_PyQt6_Qt6_qml_QtQuick3D_designer_source_effect_default_shader_frag fileNode\nclass node_venv_lib_python3_12_site-packages_PyQt6_Qt6_qml_QtQuick3D_designer_source_effect_template_qml fileNode\nclass node_venv_lib_python3_12_site-packages_PyQt6_Qt6_qml_QtQuick3D_designer_source_view3D_template_qml fileNode\nclass node_venv_lib_python3_12_site-packages_PyQt6_Qt6_qml_QtQuick3D_Particles3D_libqtquick3dparticles3dplugin_dylib fileNode\nclass node_venv_lib_python3_12_site-packages_PyQt6_Qt6_qml_QtQuick3D_Particles3D_plugins_qmltypes fileNode\nclass node_venv_lib_python3_12_site-packages_PyQt6_Qt6_qml_QtQuick3D_Particles3D_qmldir fileNode\nclass node_venv_lib_python3_12_site-packages_PyQt6_Qt6_qml_QtQuick3D_Particles3D_designer_Affector3DSection_qml fileNode\nclass node_venv_lib_python3_12_site-packages_PyQt6_Qt6_qml_QtQuick3D_Particles3D_designer_Affector3DSpecifics_qml fileNode\nclass node_venv_lib_python3_12_site-packages_PyQt6_Qt6_qml_QtQuick3D_Particles3D_designer_Attractor3DSection_qml fileNode\nclass node_venv_lib_python3_12_site-packages_PyQt6_Qt6_qml_QtQuick3D_Particles3D_designer_Attractor3DSpecifics_qml fileNode\nclass node_venv_lib_python3_12_site-packages_PyQt6_Qt6_qml_QtQuick3D_Particles3D_designer_DynamicBurst3DSection_qml fileNode\nclass node_venv_lib_python3_12_site-packages_PyQt6_Qt6_qml_QtQuick3D_Particles3D_designer_DynamicBurst3DSpecifics_qml fileNode\nclass node_venv_lib_python3_12_site-packages_PyQt6_Qt6_qml_QtQuick3D_Particles3D_designer_EmitBurst3DSection_qml fileNode\nclass node_venv_lib_python3_12_site-packages_PyQt6_Qt6_qml_QtQuick3D_Particles3D_designer_EmitBurst3DSpecifics_qml fileNode\nclass node_venv_lib_python3_12_site-packages_PyQt6_Qt6_qml_QtQuick3D_Particles3D_designer_Gravity3DSection_qml fileNode\nclass node_venv_lib_python3_12_site-packages_PyQt6_Qt6_qml_QtQuick3D_Particles3D_designer_Gravity3DSpecifics_qml fileNode\nclass node_venv_lib_python3_12_site-packages_PyQt6_Qt6_qml_QtQuick3D_Particles3D_designer_LineParticle3DSection_qml fileNode\nclass node_venv_lib_python3_12_site-packages_PyQt6_Qt6_qml_QtQuick3D_Particles3D_designer_LineParticle3DSpecifics_qml fileNode\nclass node_venv_lib_python3_12_site-packages_PyQt6_Qt6_qml_QtQuick3D_Particles3D_designer_ModelBlendParticle3DSection_qml fileNode\nclass node_venv_lib_python3_12_site-packages_PyQt6_Qt6_qml_QtQuick3D_Particles3D_designer_ModelBlendParticle3DSpecifics_qml fileNode\nclass node_venv_lib_python3_12_site-packages_PyQt6_Qt6_qml_QtQuick3D_Particles3D_designer_ModelParticle3DSection_qml fileNode\nclass node_venv_lib_python3_12_site-packages_PyQt6_Qt6_qml_QtQuick3D_Particles3D_designer_ModelParticle3DSpecifics_qml fileNode\nclass node_venv_lib_python3_12_site-packages_PyQt6_Qt6_qml_QtQuick3D_Particles3D_designer_NodeSection_qml fileNode\nclass node_venv_lib_python3_12_site-packages_PyQt6_Qt6_qml_QtQuick3D_Particles3D_designer_NodeSpecifics_qml fileNode\nclass node_venv_lib_python3_12_site-packages_PyQt6_Qt6_qml_QtQuick3D_Particles3D_designer_Particle3DSection_qml fileNode\nclass node_venv_lib_python3_12_site-packages_PyQt6_Qt6_qml_QtQuick3D_Particles3D_designer_Particle3DSpecifics_qml fileNode\nclass node_venv_lib_python3_12_site-packages_PyQt6_Qt6_qml_QtQuick3D_Particles3D_designer_ParticleCustomShape3DSection_qml fileNode\nclass node_venv_lib_python3_12_site-packages_PyQt6_Qt6_qml_QtQuick3D_Particles3D_designer_ParticleCustomShape3DSpecifics_qml fileNode\nclass node_venv_lib_python3_12_site-packages_PyQt6_Qt6_qml_QtQuick3D_Particles3D_designer_ParticleEmitter3DSection_qml fileNode\nclass node_venv_lib_python3_12_site-packages_PyQt6_Qt6_qml_QtQuick3D_Particles3D_designer_ParticleEmitter3DSpecifics_qml fileNode\nclass node_venv_lib_python3_12_site-packages_PyQt6_Qt6_qml_QtQuick3D_Particles3D_designer_ParticleModelShape3DSection_qml fileNode\nclass node_venv_lib_python3_12_site-packages_PyQt6_Qt6_qml_QtQuick3D_Particles3D_designer_ParticleModelShape3DSpecifics_qml fileNode\nclass node_venv_lib_python3_12_site-packages_PyQt6_Qt6_qml_QtQuick3D_Particles3D_designer_ParticleShape3DSection_qml fileNode\nclass node_venv_lib_python3_12_site-packages_PyQt6_Qt6_qml_QtQuick3D_Particles3D_designer_ParticleShape3DSpecifics_qml fileNode\nclass node_venv_lib_python3_12_site-packages_PyQt6_Qt6_qml_QtQuick3D_Particles3D_designer_ParticleSystem3DSection_qml fileNode\nclass node_venv_lib_python3_12_site-packages_PyQt6_Qt6_qml_QtQuick3D_Particles3D_designer_ParticleSystem3DSpecifics_qml fileNode\nclass node_venv_lib_python3_12_site-packages_PyQt6_Qt6_qml_QtQuick3D_Particles3D_designer_PointRotator3DSection_qml fileNode\nclass node_venv_lib_python3_12_site-packages_PyQt6_Qt6_qml_QtQuick3D_Particles3D_designer_PointRotator3DSpecifics_qml fileNode\nclass node_venv_lib_python3_12_site-packages_PyQt6_Qt6_qml_QtQuick3D_Particles3D_designer_Repeller3DSection_qml fileNode\nclass node_venv_lib_python3_12_site-packages_PyQt6_Qt6_qml_QtQuick3D_Particles3D_designer_Repeller3DSpecifics_qml fileNode\nclass node_venv_lib_python3_12_site-packages_PyQt6_Qt6_qml_QtQuick3D_Particles3D_designer_ScaleAffector3DSection_qml fileNode\nclass node_venv_lib_python3_12_site-packages_PyQt6_Qt6_qml_QtQuick3D_Particles3D_designer_ScaleAffector3DSpecifics_qml fileNode\nclass node_venv_lib_python3_12_site-packages_PyQt6_Qt6_qml_QtQuick3D_Particles3D_designer_SpriteParticle3DSection_qml fileNode\nclass node_venv_lib_python3_12_site-packages_PyQt6_Qt6_qml_QtQuick3D_Particles3D_designer_SpriteParticle3DSpecifics_qml fileNode\nclass node_venv_lib_python3_12_site-packages_PyQt6_Qt6_qml_QtQuick3D_Particles3D_designer_SpriteSequence3DSection_qml fileNode\nclass node_venv_lib_python3_12_site-packages_PyQt6_Qt6_qml_QtQuick3D_Particles3D_designer_SpriteSequence3DSpecifics_qml fileNode\nclass node_venv_lib_python3_12_site-packages_PyQt6_Qt6_qml_QtQuick3D_Particles3D_designer_TargetDirection3DSection_qml fileNode\nclass node_venv_lib_python3_12_site-packages_PyQt6_Qt6_qml_QtQuick3D_Particles3D_designer_TargetDirection3DSpecifics_qml fileNode\nclass node_venv_lib_python3_12_site-packages_PyQt6_Qt6_qml_QtQuick3D_Particles3D_designer_TrailEmitter3DSection_qml fileNode\nclass node_venv_lib_python3_12_site-packages_PyQt6_Qt6_qml_QtQuick3D_Particles3D_designer_TrailEmitter3DSpecifics_qml fileNode\nclass node_venv_lib_python3_12_site-packages_PyQt6_Qt6_qml_QtQuick3D_Particles3D_designer_VectorDirection3DSection_qml fileNode\nclass node_venv_lib_python3_12_site-packages_PyQt6_Qt6_qml_QtQuick3D_Particles3D_designer_VectorDirection3DSpecifics_qml fileNode\nclass node_venv_lib_python3_12_site-packages_PyQt6_Qt6_qml_QtQuick3D_Particles3D_designer_Wander3DSection_qml fileNode\nclass node_venv_lib_python3_12_site-packages_PyQt6_Qt6_qml_QtQuick3D_Particles3D_designer_Wander3DSpecifics_qml fileNode\nclass node_venv_lib_python3_12_site-packages_PyQt6_Qt6_qml_QtQuick3D_Particles3D_designer_particles3d_metainfo fileNode\nclass node_venv_lib_python3_12_site-packages_PyQt6_Qt6_qml_QtQuick3D_Particles3D_designer_images_attractor-16px_png fileNode\nclass node_venv_lib_python3_12_site-packages_PyQt6_Qt6_qml_QtQuick3D_Particles3D_designer_images_attractor-24px_png fileNode\nclass node_venv_lib_python3_12_site-packages_PyQt6_Qt6_qml_QtQuick3D_Particles3D_designer_images_attractor-24px@2x_png fileNode\nclass node_venv_lib_python3_12_site-packages_PyQt6_Qt6_qml_QtQuick3D_Particles3D_designer_images_dummy_png fileNode\nclass node_venv_lib_python3_12_site-packages_PyQt6_Qt6_qml_QtQuick3D_Particles3D_designer_images_dummy16_png fileNode\nclass node_venv_lib_python3_12_site-packages_PyQt6_Qt6_qml_QtQuick3D_Particles3D_designer_images_dummy@2x_png fileNode\nclass node_venv_lib_python3_12_site-packages_PyQt6_Qt6_qml_QtQuick3D_Particles3D_designer_images_emit-burst-16px_png fileNode\nclass node_venv_lib_python3_12_site-packages_PyQt6_Qt6_qml_QtQuick3D_Particles3D_designer_images_emit-burst-24px_png fileNode\nclass node_venv_lib_python3_12_site-packages_PyQt6_Qt6_qml_QtQuick3D_Particles3D_designer_images_emit-burst-24px@2x_png fileNode\nclass node_venv_lib_python3_12_site-packages_PyQt6_Qt6_qml_QtQuick3D_Particles3D_designer_images_emitter-16px_png fileNode\nclass node_venv_lib_python3_12_site-packages_PyQt6_Qt6_qml_QtQuick3D_Particles3D_designer_images_emitter-24px_png fileNode\nclass node_venv_lib_python3_12_site-packages_PyQt6_Qt6_qml_QtQuick3D_Particles3D_designer_images_emitter-24px@2x_png fileNode\nclass node_venv_lib_python3_12_site-packages_PyQt6_Qt6_qml_QtQuick3D_Particles3D_designer_images_gravity-16px_png fileNode\nclass node_venv_lib_python3_12_site-packages_PyQt6_Qt6_qml_QtQuick3D_Particles3D_designer_images_gravity-24px_png fileNode\nclass node_venv_lib_python3_12_site-packages_PyQt6_Qt6_qml_QtQuick3D_Particles3D_designer_images_gravity-24px@2x_png fileNode\nclass node_venv_lib_python3_12_site-packages_PyQt6_Qt6_qml_QtQuick3D_Particles3D_designer_images_line-particle-16px_png fileNode\nclass node_venv_lib_python3_12_site-packages_PyQt6_Qt6_qml_QtQuick3D_Particles3D_designer_images_line-particle-24px_png fileNode\nclass node_venv_lib_python3_12_site-packages_PyQt6_Qt6_qml_QtQuick3D_Particles3D_designer_images_line-particle-24px@2x_png fileNode\nclass node_venv_lib_python3_12_site-packages_PyQt6_Qt6_qml_QtQuick3D_Particles3D_designer_images_model-blend-particle-16px_png fileNode\nclass node_venv_lib_python3_12_site-packages_PyQt6_Qt6_qml_QtQuick3D_Particles3D_designer_images_model-blend-particle-24px_png fileNode\nclass node_venv_lib_python3_12_site-packages_PyQt6_Qt6_qml_QtQuick3D_Particles3D_designer_images_model-blend-particle-24px@2x_png fileNode\nclass node_venv_lib_python3_12_site-packages_PyQt6_Qt6_qml_QtQuick3D_Particles3D_designer_images_model-particle-16px_png fileNode\nclass node_venv_lib_python3_12_site-packages_PyQt6_Qt6_qml_QtQuick3D_Particles3D_designer_images_model-particle-24px_png fileNode\nclass node_venv_lib_python3_12_site-packages_PyQt6_Qt6_qml_QtQuick3D_Particles3D_designer_images_model-particle-24px@2x_png fileNode\nclass node_venv_lib_python3_12_site-packages_PyQt6_Qt6_qml_QtQuick3D_Particles3D_designer_images_model-shape-16px_png fileNode\nclass node_venv_lib_python3_12_site-packages_PyQt6_Qt6_qml_QtQuick3D_Particles3D_designer_images_model-shape-24px_png fileNode\nclass node_venv_lib_python3_12_site-packages_PyQt6_Qt6_qml_QtQuick3D_Particles3D_designer_images_model-shape-24px@2x_png fileNode\nclass node_venv_lib_python3_12_site-packages_PyQt6_Qt6_qml_QtQuick3D_Particles3D_designer_images_particle-custom-shape-16px_png fileNode\nclass node_venv_lib_python3_12_site-packages_PyQt6_Qt6_qml_QtQuick3D_Particles3D_designer_images_particle-custom-shape-24px_png fileNode\nclass node_venv_lib_python3_12_site-packages_PyQt6_Qt6_qml_QtQuick3D_Particles3D_designer_images_particle-custom-shape-24px@2x_png fileNode\nclass node_venv_lib_python3_12_site-packages_PyQt6_Qt6_qml_QtQuick3D_Particles3D_designer_images_particle-shape-16px_png fileNode\nclass node_venv_lib_python3_12_site-packages_PyQt6_Qt6_qml_QtQuick3D_Particles3D_designer_images_particle-shape-24px_png fileNode\nclass node_venv_lib_python3_12_site-packages_PyQt6_Qt6_qml_QtQuick3D_Particles3D_designer_images_particle-shape-24px@2x_png fileNode\nclass node_venv_lib_python3_12_site-packages_PyQt6_Qt6_qml_QtQuick3D_Particles3D_designer_images_particle-system-16px_png fileNode\nclass node_venv_lib_python3_12_site-packages_PyQt6_Qt6_qml_QtQuick3D_Particles3D_designer_images_particle-system-24px_png fileNode\nclass node_venv_lib_python3_12_site-packages_PyQt6_Qt6_qml_QtQuick3D_Particles3D_designer_images_particle-system-24px@2x_png fileNode\nclass node_venv_lib_python3_12_site-packages_PyQt6_Qt6_qml_QtQuick3D_Particles3D_designer_images_point-rotator-16px_png fileNode\nclass node_venv_lib_python3_12_site-packages_PyQt6_Qt6_qml_QtQuick3D_Particles3D_designer_images_point-rotator-24px_png fileNode\nclass node_venv_lib_python3_12_site-packages_PyQt6_Qt6_qml_QtQuick3D_Particles3D_designer_images_point-rotator-24px@2x_png fileNode\nclass node_venv_lib_python3_12_site-packages_PyQt6_Qt6_qml_QtQuick3D_Particles3D_designer_images_repeller-16px_png fileNode\nclass node_venv_lib_python3_12_site-packages_PyQt6_Qt6_qml_QtQuick3D_Particles3D_designer_images_repeller-24px_png fileNode\nclass node_venv_lib_python3_12_site-packages_PyQt6_Qt6_qml_QtQuick3D_Particles3D_designer_images_repeller-24px@2x_png fileNode\nclass node_venv_lib_python3_12_site-packages_PyQt6_Qt6_qml_QtQuick3D_Particles3D_designer_images_scale-affector-16px_png fileNode\nclass node_venv_lib_python3_12_site-packages_PyQt6_Qt6_qml_QtQuick3D_Particles3D_designer_images_scale-affector-24px_png fileNode\nclass node_venv_lib_python3_12_site-packages_PyQt6_Qt6_qml_QtQuick3D_Particles3D_designer_images_scale-affector-24px@2x_png fileNode\nclass node_venv_lib_python3_12_site-packages_PyQt6_Qt6_qml_QtQuick3D_Particles3D_designer_images_sprite-particle-16px_png fileNode\nclass node_venv_lib_python3_12_site-packages_PyQt6_Qt6_qml_QtQuick3D_Particles3D_designer_images_sprite-particle-24px_png fileNode\nclass node_venv_lib_python3_12_site-packages_PyQt6_Qt6_qml_QtQuick3D_Particles3D_designer_images_sprite-particle-24px@2x_png fileNode\nclass node_venv_lib_python3_12_site-packages_PyQt6_Qt6_qml_QtQuick3D_Particles3D_designer_images_sprite-sequence-16px_png fileNode\nclass node_venv_lib_python3_12_site-packages_PyQt6_Qt6_qml_QtQuick3D_Particles3D_designer_images_sprite-sequence-24px_png fileNode\nclass node_venv_lib_python3_12_site-packages_PyQt6_Qt6_qml_QtQuick3D_Particles3D_designer_images_sprite-sequence-24px@2x_png fileNode\nclass node_venv_lib_python3_12_site-packages_PyQt6_Qt6_qml_QtQuick3D_Particles3D_designer_images_target-direction-16px_png fileNode\nclass node_venv_lib_python3_12_site-packages_PyQt6_Qt6_qml_QtQuick3D_Particles3D_designer_images_target-direction-24px_png fileNode\nclass node_venv_lib_python3_12_site-packages_PyQt6_Qt6_qml_QtQuick3D_Particles3D_designer_images_target-direction-24px@2x_png fileNode\nclass node_venv_lib_python3_12_site-packages_PyQt6_Qt6_qml_QtQuick3D_Particles3D_designer_images_trail-emitter-16px_png fileNode\nclass node_venv_lib_python3_12_site-packages_PyQt6_Qt6_qml_QtQuick3D_Particles3D_designer_images_trail-emitter-24px_png fileNode\nclass node_venv_lib_python3_12_site-packages_PyQt6_Qt6_qml_QtQuick3D_Particles3D_designer_images_trail-emitter-24px@2x_png fileNode\nclass node_venv_lib_python3_12_site-packages_PyQt6_Qt6_qml_QtQuick3D_Particles3D_designer_images_vector-direction-16px_png fileNode\nclass node_venv_lib_python3_12_site-packages_PyQt6_Qt6_qml_QtQuick3D_Particles3D_designer_images_vector-direction-24px_png fileNode\nclass node_venv_lib_python3_12_site-packages_PyQt6_Qt6_qml_QtQuick3D_Particles3D_designer_images_vector-direction-24px@2x_png fileNode\nclass node_venv_lib_python3_12_site-packages_PyQt6_Qt6_qml_QtQuick3D_Particles3D_designer_images_wander-16px_png fileNode\nclass node_venv_lib_python3_12_site-packages_PyQt6_Qt6_qml_QtQuick3D_Particles3D_designer_images_wander-24px_png fileNode\nclass node_venv_lib_python3_12_site-packages_PyQt6_Qt6_qml_QtQuick3D_Particles3D_designer_images_wander-24px@2x_png fileNode\nclass node_venv_lib_python3_12_site-packages_PyQt6_Qt6_qml_QtQuick3D_Particles3D_designer_source_particlesystem_animatedsprite_template_qml fileNode\nclass node_venv_lib_python3_12_site-packages_PyQt6_Qt6_qml_QtQuick3D_Particles3D_designer_source_particlesystem_attractor_template_qml fileNode\nclass node_venv_lib_python3_12_site-packages_PyQt6_Qt6_qml_QtQuick3D_Particles3D_designer_source_particlesystem_burst_template_qml fileNode\nclass node_venv_lib_python3_12_site-packages_PyQt6_Qt6_qml_QtQuick3D_Particles3D_designer_source_particlesystem_modelblend_template_qml fileNode\nclass node_venv_lib_python3_12_site-packages_PyQt6_Qt6_qml_QtQuick3D_Particles3D_designer_source_particlesystem_modelshape_template_qml fileNode\nclass node_venv_lib_python3_12_site-packages_PyQt6_Qt6_qml_QtQuick3D_Particles3D_designer_source_particlesystem_particletrail_template_qml fileNode\nclass node_venv_lib_python3_12_site-packages_PyQt6_Qt6_qml_QtQuick3D_Particles3D_designer_source_particlesystem_sprite_template_qml fileNode\nclass node_venv_lib_python3_12_site-packages_PyQt6_Qt6_qml_QtQuick3D_Particles3D_designer_source_particlesystem_template_qml fileNode\nclass node_venv_lib_python3_12_site-packages_PyQt6_Qt6_qml_QtQuick3D_Particles3D_designer_source_particlesystem_wander_template_qml fileNode\nclass node_venv_lib_python3_12_site-packages_PyQt6_Qt6_qml_QtQuick3D_Physics_libqquick3dphysicsplugin_dylib fileNode\nclass node_venv_lib_python3_12_site-packages_PyQt6_Qt6_qml_QtQuick3D_Physics_plugins_qmltypes fileNode\nclass node_venv_lib_python3_12_site-packages_PyQt6_Qt6_qml_QtQuick3D_Physics_qmldir fileNode\nclass node_venv_lib_python3_12_site-packages_PyQt6_Qt6_qml_QtQuick3D_Physics_designer_BoxShapeSection_qml fileNode\nclass node_venv_lib_python3_12_site-packages_PyQt6_Qt6_qml_QtQuick3D_Physics_designer_BoxShapeSpecifics_qml fileNode\nclass node_venv_lib_python3_12_site-packages_PyQt6_Qt6_qml_QtQuick3D_Physics_designer_CapsuleShapeSection_qml fileNode\nclass node_venv_lib_python3_12_site-packages_PyQt6_Qt6_qml_QtQuick3D_Physics_designer_CapsuleShapeSpecifics_qml fileNode\nclass node_venv_lib_python3_12_site-packages_PyQt6_Qt6_qml_QtQuick3D_Physics_designer_CharacterControllerSection_qml fileNode\nclass node_venv_lib_python3_12_site-packages_PyQt6_Qt6_qml_QtQuick3D_Physics_designer_CharacterControllerSpecifics_qml fileNode\nclass node_venv_lib_python3_12_site-packages_PyQt6_Qt6_qml_QtQuick3D_Physics_designer_CollisionShapeSection_qml fileNode\nclass node_venv_lib_python3_12_site-packages_PyQt6_Qt6_qml_QtQuick3D_Physics_designer_ConvexMeshShapeSection_qml fileNode\nclass node_venv_lib_python3_12_site-packages_PyQt6_Qt6_qml_QtQuick3D_Physics_designer_ConvexMeshShapeSpecifics_qml fileNode\nclass node_venv_lib_python3_12_site-packages_PyQt6_Qt6_qml_QtQuick3D_Physics_designer_DynamicRigidBodySection_qml fileNode\nclass node_venv_lib_python3_12_site-packages_PyQt6_Qt6_qml_QtQuick3D_Physics_designer_DynamicRigidBodySpecifics_qml fileNode\nclass node_venv_lib_python3_12_site-packages_PyQt6_Qt6_qml_QtQuick3D_Physics_designer_HeightFieldShapeSection_qml fileNode\nclass node_venv_lib_python3_12_site-packages_PyQt6_Qt6_qml_QtQuick3D_Physics_designer_HeightFieldShapeSpecifics_qml fileNode\nclass node_venv_lib_python3_12_site-packages_PyQt6_Qt6_qml_QtQuick3D_Physics_designer_NodeSection_qml fileNode\nclass node_venv_lib_python3_12_site-packages_PyQt6_Qt6_qml_QtQuick3D_Physics_designer_PhysicsBodySection_qml fileNode\nclass node_venv_lib_python3_12_site-packages_PyQt6_Qt6_qml_QtQuick3D_Physics_designer_PhysicsMaterialSection_qml fileNode\nclass node_venv_lib_python3_12_site-packages_PyQt6_Qt6_qml_QtQuick3D_Physics_designer_PhysicsMaterialSpecifics_qml fileNode\nclass node_venv_lib_python3_12_site-packages_PyQt6_Qt6_qml_QtQuick3D_Physics_designer_PhysicsNodeSection_qml fileNode\nclass node_venv_lib_python3_12_site-packages_PyQt6_Qt6_qml_QtQuick3D_Physics_designer_PhysicsWorldSection_qml fileNode\nclass node_venv_lib_python3_12_site-packages_PyQt6_Qt6_qml_QtQuick3D_Physics_designer_PhysicsWorldSpecifics_qml fileNode\nclass node_venv_lib_python3_12_site-packages_PyQt6_Qt6_qml_QtQuick3D_Physics_designer_PlaneShapeSpecifics_qml fileNode\nclass node_venv_lib_python3_12_site-packages_PyQt6_Qt6_qml_QtQuick3D_Physics_designer_SphereShapeSection_qml fileNode\nclass node_venv_lib_python3_12_site-packages_PyQt6_Qt6_qml_QtQuick3D_Physics_designer_SphereShapeSpecifics_qml fileNode\nclass node_venv_lib_python3_12_site-packages_PyQt6_Qt6_qml_QtQuick3D_Physics_designer_StaticRigidBodySpecifics_qml fileNode\nclass node_venv_lib_python3_12_site-packages_PyQt6_Qt6_qml_QtQuick3D_Physics_designer_TriangleMeshShapeSection_qml fileNode\nclass node_venv_lib_python3_12_site-packages_PyQt6_Qt6_qml_QtQuick3D_Physics_designer_TriangleMeshShapeSpecifics_qml fileNode\nclass node_venv_lib_python3_12_site-packages_PyQt6_Qt6_qml_QtQuick3D_Physics_designer_TriggerBodySpecifics_qml fileNode\nclass node_venv_lib_python3_12_site-packages_PyQt6_Qt6_qml_QtQuick3D_Physics_designer_physics_metainfo fileNode\nclass node_venv_lib_python3_12_site-packages_PyQt6_Qt6_qml_QtQuick3D_Physics_designer_images_boxshape_png fileNode\nclass node_venv_lib_python3_12_site-packages_PyQt6_Qt6_qml_QtQuick3D_Physics_designer_images_boxshape16_png fileNode\nclass node_venv_lib_python3_12_site-packages_PyQt6_Qt6_qml_QtQuick3D_Physics_designer_images_boxshape@2x_png fileNode\nclass node_venv_lib_python3_12_site-packages_PyQt6_Qt6_qml_QtQuick3D_Physics_designer_images_capsuleshape_png fileNode\nclass node_venv_lib_python3_12_site-packages_PyQt6_Qt6_qml_QtQuick3D_Physics_designer_images_capsuleshape16_png fileNode\nclass node_venv_lib_python3_12_site-packages_PyQt6_Qt6_qml_QtQuick3D_Physics_designer_images_capsuleshape@2x_png fileNode\nclass node_venv_lib_python3_12_site-packages_PyQt6_Qt6_qml_QtQuick3D_Physics_designer_images_charactercontroller_png fileNode\nclass node_venv_lib_python3_12_site-packages_PyQt6_Qt6_qml_QtQuick3D_Physics_designer_images_charactercontroller16_png fileNode\nclass node_venv_lib_python3_12_site-packages_PyQt6_Qt6_qml_QtQuick3D_Physics_designer_images_charactercontroller@2x_png fileNode\nclass node_venv_lib_python3_12_site-packages_PyQt6_Qt6_qml_QtQuick3D_Physics_designer_images_convexmeshshape_png fileNode\nclass node_venv_lib_python3_12_site-packages_PyQt6_Qt6_qml_QtQuick3D_Physics_designer_images_convexmeshshape16_png fileNode\nclass node_venv_lib_python3_12_site-packages_PyQt6_Qt6_qml_QtQuick3D_Physics_designer_images_convexmeshshape@2x_png fileNode\nclass node_venv_lib_python3_12_site-packages_PyQt6_Qt6_qml_QtQuick3D_Physics_designer_images_dynamicrigidbody_png fileNode\nclass node_venv_lib_python3_12_site-packages_PyQt6_Qt6_qml_QtQuick3D_Physics_designer_images_dynamicrigidbody16_png fileNode\nclass node_venv_lib_python3_12_site-packages_PyQt6_Qt6_qml_QtQuick3D_Physics_designer_images_dynamicrigidbody@2x_png fileNode\nclass node_venv_lib_python3_12_site-packages_PyQt6_Qt6_qml_QtQuick3D_Physics_designer_images_heightfieldshape_png fileNode\nclass node_venv_lib_python3_12_site-packages_PyQt6_Qt6_qml_QtQuick3D_Physics_designer_images_heightfieldshape16_png fileNode\nclass node_venv_lib_python3_12_site-packages_PyQt6_Qt6_qml_QtQuick3D_Physics_designer_images_heightfieldshape@2x_png fileNode\nclass node_venv_lib_python3_12_site-packages_PyQt6_Qt6_qml_QtQuick3D_Physics_designer_images_physicsmaterial_png fileNode\nclass node_venv_lib_python3_12_site-packages_PyQt6_Qt6_qml_QtQuick3D_Physics_designer_images_physicsmaterial16_png fileNode\nclass node_venv_lib_python3_12_site-packages_PyQt6_Qt6_qml_QtQuick3D_Physics_designer_images_physicsmaterial@2x_png fileNode\nclass node_venv_lib_python3_12_site-packages_PyQt6_Qt6_qml_QtQuick3D_Physics_designer_images_physicsworld_png fileNode\nclass node_venv_lib_python3_12_site-packages_PyQt6_Qt6_qml_QtQuick3D_Physics_designer_images_physicsworld16_png fileNode\nclass node_venv_lib_python3_12_site-packages_PyQt6_Qt6_qml_QtQuick3D_Physics_designer_images_physicsworld@2x_png fileNode\nclass node_venv_lib_python3_12_site-packages_PyQt6_Qt6_qml_QtQuick3D_Physics_designer_images_planeshape_png fileNode\nclass node_venv_lib_python3_12_site-packages_PyQt6_Qt6_qml_QtQuick3D_Physics_designer_images_planeshape16_png fileNode\nclass node_venv_lib_python3_12_site-packages_PyQt6_Qt6_qml_QtQuick3D_Physics_designer_images_planeshape@2x_png fileNode\nclass node_venv_lib_python3_12_site-packages_PyQt6_Qt6_qml_QtQuick3D_Physics_designer_images_sphereshape_png fileNode\nclass node_venv_lib_python3_12_site-packages_PyQt6_Qt6_qml_QtQuick3D_Physics_designer_images_sphereshape16_png fileNode\nclass node_venv_lib_python3_12_site-packages_PyQt6_Qt6_qml_QtQuick3D_Physics_designer_images_sphereshape@2x_png fileNode\nclass node_venv_lib_python3_12_site-packages_PyQt6_Qt6_qml_QtQuick3D_Physics_designer_images_staticrigidbody_png fileNode\nclass node_venv_lib_python3_12_site-packages_PyQt6_Qt6_qml_QtQuick3D_Physics_designer_images_staticrigidbody16_png fileNode\nclass node_venv_lib_python3_12_site-packages_PyQt6_Qt6_qml_QtQuick3D_Physics_designer_images_staticrigidbody@2x_png fileNode\nclass node_venv_lib_python3_12_site-packages_PyQt6_Qt6_qml_QtQuick3D_Physics_designer_images_trianglemeshshape_png fileNode\nclass node_venv_lib_python3_12_site-packages_PyQt6_Qt6_qml_QtQuick3D_Physics_designer_images_trianglemeshshape16_png fileNode\nclass node_venv_lib_python3_12_site-packages_PyQt6_Qt6_qml_QtQuick3D_Physics_designer_images_trianglemeshshape@2x_png fileNode\nclass node_venv_lib_python3_12_site-packages_PyQt6_Qt6_qml_QtQuick3D_Physics_designer_images_triggerbody_png fileNode\nclass node_venv_lib_python3_12_site-packages_PyQt6_Qt6_qml_QtQuick3D_Physics_designer_images_triggerbody16_png fileNode\nclass node_venv_lib_python3_12_site-packages_PyQt6_Qt6_qml_QtQuick3D_Physics_designer_images_triggerbody@2x_png fileNode\nclass node_venv_lib_python3_12_site-packages_PyQt6_Qt6_qml_QtQuick3D_Physics_Helpers_libqtquick3dphysicshelpersplugin_dylib fileNode\nclass node_venv_lib_python3_12_site-packages_PyQt6_Qt6_qml_QtQuick3D_Physics_Helpers_plugins_qmltypes fileNode\nclass node_venv_lib_python3_12_site-packages_PyQt6_Qt6_qml_QtQuick3D_Physics_Helpers_qmldir fileNode\nclass node_venv_lib_python3_12_site-packages_PyQt6_Qt6_qml_QtQuick3D_Effects_AdditiveColorGradient_qml fileNode\nclass node_venv_lib_python3_12_site-packages_PyQt6_Qt6_qml_QtQuick3D_Effects_Blur_qml fileNode\nclass node_venv_lib_python3_12_site-packages_PyQt6_Qt6_qml_QtQuick3D_Effects_BrushStrokes_qml fileNode\nclass node_venv_lib_python3_12_site-packages_PyQt6_Qt6_qml_QtQuick3D_Effects_ChromaticAberration_qml fileNode\nclass node_venv_lib_python3_12_site-packages_PyQt6_Qt6_qml_QtQuick3D_Effects_ColorMaster_qml fileNode\nclass node_venv_lib_python3_12_site-packages_PyQt6_Qt6_qml_QtQuick3D_Effects_DepthOfFieldHQBlur_qml fileNode\nclass node_venv_lib_python3_12_site-packages_PyQt6_Qt6_qml_QtQuick3D_Effects_Desaturate_qml fileNode\nclass node_venv_lib_python3_12_site-packages_PyQt6_Qt6_qml_QtQuick3D_Effects_DistortionRipple_qml fileNode\nclass node_venv_lib_python3_12_site-packages_PyQt6_Qt6_qml_QtQuick3D_Effects_DistortionSphere_qml fileNode\nclass node_venv_lib_python3_12_site-packages_PyQt6_Qt6_qml_QtQuick3D_Effects_DistortionSpiral_qml fileNode\nclass node_venv_lib_python3_12_site-packages_PyQt6_Qt6_qml_QtQuick3D_Effects_EdgeDetect_qml fileNode\nclass node_venv_lib_python3_12_site-packages_PyQt6_Qt6_qml_QtQuick3D_Effects_Emboss_qml fileNode\nclass node_venv_lib_python3_12_site-packages_PyQt6_Qt6_qml_QtQuick3D_Effects_Flip_qml fileNode\nclass node_venv_lib_python3_12_site-packages_PyQt6_Qt6_qml_QtQuick3D_Effects_Fxaa_qml fileNode\nclass node_venv_lib_python3_12_site-packages_PyQt6_Qt6_qml_QtQuick3D_Effects_GaussianBlur_qml fileNode\nclass node_venv_lib_python3_12_site-packages_PyQt6_Qt6_qml_QtQuick3D_Effects_HDRBloomTonemap_qml fileNode\nclass node_venv_lib_python3_12_site-packages_PyQt6_Qt6_qml_QtQuick3D_Effects_MotionBlur_qml fileNode\nclass node_venv_lib_python3_12_site-packages_PyQt6_Qt6_qml_QtQuick3D_Effects_Quick3DEffects_qmltypes fileNode\nclass node_venv_lib_python3_12_site-packages_PyQt6_Qt6_qml_QtQuick3D_Effects_SCurveTonemap_qml fileNode\nclass node_venv_lib_python3_12_site-packages_PyQt6_Qt6_qml_QtQuick3D_Effects_Scatter_qml fileNode\nclass node_venv_lib_python3_12_site-packages_PyQt6_Qt6_qml_QtQuick3D_Effects_TiltShift_qml fileNode\nclass node_venv_lib_python3_12_site-packages_PyQt6_Qt6_qml_QtQuick3D_Effects_Vignette_qml fileNode\nclass node_venv_lib_python3_12_site-packages_PyQt6_Qt6_qml_QtQuick3D_Effects_libqtquick3deffectplugin_dylib fileNode\nclass node_venv_lib_python3_12_site-packages_PyQt6_Qt6_qml_QtQuick3D_Effects_qmldir fileNode\nclass node_venv_lib_python3_12_site-packages_PyQt6_Qt6_qml_QtQuick3D_Effects_designer_AdditiveColorGradientSection_qml fileNode\nclass node_venv_lib_python3_12_site-packages_PyQt6_Qt6_qml_QtQuick3D_Effects_designer_AdditiveColorGradientSpecifics_qml fileNode\nclass node_venv_lib_python3_12_site-packages_PyQt6_Qt6_qml_QtQuick3D_Effects_designer_BlurSection_qml fileNode\nclass node_venv_lib_python3_12_site-packages_PyQt6_Qt6_qml_QtQuick3D_Effects_designer_BlurSpecifics_qml fileNode\nclass node_venv_lib_python3_12_site-packages_PyQt6_Qt6_qml_QtQuick3D_Effects_designer_BrushStrokesSection_qml fileNode\nclass node_venv_lib_python3_12_site-packages_PyQt6_Qt6_qml_QtQuick3D_Effects_designer_BrushStrokesSpecifics_qml fileNode\nclass node_venv_lib_python3_12_site-packages_PyQt6_Qt6_qml_QtQuick3D_Effects_designer_ChromaticAberrationSection_qml fileNode\nclass node_venv_lib_python3_12_site-packages_PyQt6_Qt6_qml_QtQuick3D_Effects_designer_ChromaticAberrationSpecifics_qml fileNode\nclass node_venv_lib_python3_12_site-packages_PyQt6_Qt6_qml_QtQuick3D_Effects_designer_ColorMasterSection_qml fileNode\nclass node_venv_lib_python3_12_site-packages_PyQt6_Qt6_qml_QtQuick3D_Effects_designer_ColorMasterSpecifics_qml fileNode\nclass node_venv_lib_python3_12_site-packages_PyQt6_Qt6_qml_QtQuick3D_Effects_designer_DepthOfFieldHQBlurSection_qml fileNode\nclass node_venv_lib_python3_12_site-packages_PyQt6_Qt6_qml_QtQuick3D_Effects_designer_DepthOfFieldHQBlurSpecifics_qml fileNode\nclass node_venv_lib_python3_12_site-packages_PyQt6_Qt6_qml_QtQuick3D_Effects_designer_DesaturateSection_qml fileNode\nclass node_venv_lib_python3_12_site-packages_PyQt6_Qt6_qml_QtQuick3D_Effects_designer_DesaturateSpecifics_qml fileNode\nclass node_venv_lib_python3_12_site-packages_PyQt6_Qt6_qml_QtQuick3D_Effects_designer_DistortionRippleSection_qml fileNode\nclass node_venv_lib_python3_12_site-packages_PyQt6_Qt6_qml_QtQuick3D_Effects_designer_DistortionRippleSpecifics_qml fileNode\nclass node_venv_lib_python3_12_site-packages_PyQt6_Qt6_qml_QtQuick3D_Effects_designer_DistortionSphereSection_qml fileNode\nclass node_venv_lib_python3_12_site-packages_PyQt6_Qt6_qml_QtQuick3D_Effects_designer_DistortionSphereSpecifics_qml fileNode\nclass node_venv_lib_python3_12_site-packages_PyQt6_Qt6_qml_QtQuick3D_Effects_designer_DistortionSpiralSection_qml fileNode\nclass node_venv_lib_python3_12_site-packages_PyQt6_Qt6_qml_QtQuick3D_Effects_designer_DistortionSpiralSpecifics_qml fileNode\nclass node_venv_lib_python3_12_site-packages_PyQt6_Qt6_qml_QtQuick3D_Effects_designer_EdgeDetectSection_qml fileNode\nclass node_venv_lib_python3_12_site-packages_PyQt6_Qt6_qml_QtQuick3D_Effects_designer_EdgeDetectSpecifics_qml fileNode\nclass node_venv_lib_python3_12_site-packages_PyQt6_Qt6_qml_QtQuick3D_Effects_designer_EmbossSection_qml fileNode\nclass node_venv_lib_python3_12_site-packages_PyQt6_Qt6_qml_QtQuick3D_Effects_designer_EmbossSpecifics_qml fileNode\nclass node_venv_lib_python3_12_site-packages_PyQt6_Qt6_qml_QtQuick3D_Effects_designer_FlipSection_qml fileNode\nclass node_venv_lib_python3_12_site-packages_PyQt6_Qt6_qml_QtQuick3D_Effects_designer_FlipSpecifics_qml fileNode\nclass node_venv_lib_python3_12_site-packages_PyQt6_Qt6_qml_QtQuick3D_Effects_designer_FxaaSection_qml fileNode\nclass node_venv_lib_python3_12_site-packages_PyQt6_Qt6_qml_QtQuick3D_Effects_designer_FxaaSpecifics_qml fileNode\nclass node_venv_lib_python3_12_site-packages_PyQt6_Qt6_qml_QtQuick3D_Effects_designer_GaussianBlurSection_qml fileNode\nclass node_venv_lib_python3_12_site-packages_PyQt6_Qt6_qml_QtQuick3D_Effects_designer_GaussianBlurSpecifics_qml fileNode\nclass node_venv_lib_python3_12_site-packages_PyQt6_Qt6_qml_QtQuick3D_Effects_designer_HDRBloomTonemapSection_qml fileNode\nclass node_venv_lib_python3_12_site-packages_PyQt6_Qt6_qml_QtQuick3D_Effects_designer_HDRBloomTonemapSpecifics_qml fileNode\nclass node_venv_lib_python3_12_site-packages_PyQt6_Qt6_qml_QtQuick3D_Effects_designer_MotionBlurSection_qml fileNode\nclass node_venv_lib_python3_12_site-packages_PyQt6_Qt6_qml_QtQuick3D_Effects_designer_MotionBlurSpecifics_qml fileNode\nclass node_venv_lib_python3_12_site-packages_PyQt6_Qt6_qml_QtQuick3D_Effects_designer_SCurveTonemapSection_qml fileNode\nclass node_venv_lib_python3_12_site-packages_PyQt6_Qt6_qml_QtQuick3D_Effects_designer_SCurveTonemapSpecifics_qml fileNode\nclass node_venv_lib_python3_12_site-packages_PyQt6_Qt6_qml_QtQuick3D_Effects_designer_ScatterSection_qml fileNode\nclass node_venv_lib_python3_12_site-packages_PyQt6_Qt6_qml_QtQuick3D_Effects_designer_ScatterSpecifics_qml fileNode\nclass node_venv_lib_python3_12_site-packages_PyQt6_Qt6_qml_QtQuick3D_Effects_designer_TiltShiftSection_qml fileNode\nclass node_venv_lib_python3_12_site-packages_PyQt6_Qt6_qml_QtQuick3D_Effects_designer_TiltShiftSpecifics_qml fileNode\nclass node_venv_lib_python3_12_site-packages_PyQt6_Qt6_qml_QtQuick3D_Effects_designer_VignetteSection_qml fileNode\nclass node_venv_lib_python3_12_site-packages_PyQt6_Qt6_qml_QtQuick3D_Effects_designer_VignetteSpecifics_qml fileNode\nclass node_venv_lib_python3_12_site-packages_PyQt6_Qt6_qml_QtQuick3D_Effects_designer_effectlib_metainfo fileNode\nclass node_venv_lib_python3_12_site-packages_PyQt6_Qt6_qml_QtQuick3D_Effects_designer_images_effect_png fileNode\nclass node_venv_lib_python3_12_site-packages_PyQt6_Qt6_qml_QtQuick3D_Effects_designer_images_effect16_png fileNode\nclass node_venv_lib_python3_12_site-packages_PyQt6_Qt6_qml_QtQuick3D_Effects_designer_images_effect@2x_png fileNode\nclass node_venv_lib_python3_12_site-packages_PyQt6_Qt6_qml_QtQuick3D_Helpers_AxisHelper_qml fileNode\nclass node_venv_lib_python3_12_site-packages_PyQt6_Qt6_qml_QtQuick3D_Helpers_DebugView_qml fileNode\nclass node_venv_lib_python3_12_site-packages_PyQt6_Qt6_qml_QtQuick3D_Helpers_ExtendedSceneEnvironment_qml fileNode\nclass node_venv_lib_python3_12_site-packages_PyQt6_Qt6_qml_QtQuick3D_Helpers_LodManager_qml fileNode\nclass node_venv_lib_python3_12_site-packages_PyQt6_Qt6_qml_QtQuick3D_Helpers_OrbitCameraController_qml fileNode\nclass node_venv_lib_python3_12_site-packages_PyQt6_Qt6_qml_QtQuick3D_Helpers_WasdController_qml fileNode\nclass node_venv_lib_python3_12_site-packages_PyQt6_Qt6_qml_QtQuick3D_Helpers_libqtquick3dhelpersplugin_dylib fileNode\nclass node_venv_lib_python3_12_site-packages_PyQt6_Qt6_qml_QtQuick3D_Helpers_plugins_qmltypes fileNode\nclass node_venv_lib_python3_12_site-packages_PyQt6_Qt6_qml_QtQuick3D_Helpers_qmldir fileNode\nclass node_venv_lib_python3_12_site-packages_PyQt6_Qt6_qml_QtQuick3D_Helpers_impl_DepthOfFieldBlur_qml fileNode\nclass node_venv_lib_python3_12_site-packages_PyQt6_Qt6_qml_QtQuick3D_Helpers_impl_SceneEffect_qml fileNode\nclass node_venv_lib_python3_12_site-packages_PyQt6_Qt6_qml_QtQuick3D_Helpers_impl_libqtquick3dhelpersimplplugin_dylib fileNode\nclass node_venv_lib_python3_12_site-packages_PyQt6_Qt6_qml_QtQuick3D_Helpers_impl_plugins_qmltypes fileNode\nclass node_venv_lib_python3_12_site-packages_PyQt6_Qt6_qml_QtQuick3D_Helpers_impl_qmldir fileNode\nclass node_venv_lib_python3_12_site-packages_PyQt6_Qt6_qml_QtQuick3D_Helpers_meshes_axisGrid_mesh fileNode\nclass node_venv_lib_python3_12_site-packages_PyQt6_Qt6_qml_QtQuick3D_Helpers_designer_AxisHelperSection_qml fileNode\nclass node_venv_lib_python3_12_site-packages_PyQt6_Qt6_qml_QtQuick3D_Helpers_designer_AxisHelperSpecifics_qml fileNode\nclass node_venv_lib_python3_12_site-packages_PyQt6_Qt6_qml_QtQuick3D_Helpers_designer_DebugViewSection_qml fileNode\nclass node_venv_lib_python3_12_site-packages_PyQt6_Qt6_qml_QtQuick3D_Helpers_designer_DebugViewSpecifics_qml fileNode\nclass node_venv_lib_python3_12_site-packages_PyQt6_Qt6_qml_QtQuick3D_Helpers_designer_ExtendedSceneEnvironmentSection_qml fileNode\nclass node_venv_lib_python3_12_site-packages_PyQt6_Qt6_qml_QtQuick3D_Helpers_designer_ExtendedSceneEnvironmentSpecifics_qml fileNode\nclass node_venv_lib_python3_12_site-packages_PyQt6_Qt6_qml_QtQuick3D_Helpers_designer_GridGeometrySection_qml fileNode\nclass node_venv_lib_python3_12_site-packages_PyQt6_Qt6_qml_QtQuick3D_Helpers_designer_GridGeometrySpecifics_qml fileNode\nclass node_venv_lib_python3_12_site-packages_PyQt6_Qt6_qml_QtQuick3D_Helpers_designer_HeightFieldGeometrySection_qml fileNode\nclass node_venv_lib_python3_12_site-packages_PyQt6_Qt6_qml_QtQuick3D_Helpers_designer_HeightFieldGeometrySpecifics_qml fileNode\nclass node_venv_lib_python3_12_site-packages_PyQt6_Qt6_qml_QtQuick3D_Helpers_designer_InfiniteGridSection_qml fileNode\nclass node_venv_lib_python3_12_site-packages_PyQt6_Qt6_qml_QtQuick3D_Helpers_designer_InfiniteGridSpecifics_qml fileNode\nclass node_venv_lib_python3_12_site-packages_PyQt6_Qt6_qml_QtQuick3D_Helpers_designer_InstanceModelSection_qml fileNode\nclass node_venv_lib_python3_12_site-packages_PyQt6_Qt6_qml_QtQuick3D_Helpers_designer_InstanceModelSpecifics_qml fileNode\nclass node_venv_lib_python3_12_site-packages_PyQt6_Qt6_qml_QtQuick3D_Helpers_designer_InstanceRepeaterSection_qml fileNode\nclass node_venv_lib_python3_12_site-packages_PyQt6_Qt6_qml_QtQuick3D_Helpers_designer_InstanceRepeaterSpecifics_qml fileNode\nclass node_venv_lib_python3_12_site-packages_PyQt6_Qt6_qml_QtQuick3D_Helpers_designer_LodManagerSection_qml fileNode\nclass node_venv_lib_python3_12_site-packages_PyQt6_Qt6_qml_QtQuick3D_Helpers_designer_LodManagerSpecifics_qml fileNode\nclass node_venv_lib_python3_12_site-packages_PyQt6_Qt6_qml_QtQuick3D_Helpers_designer_LookAtNodeSection_qml fileNode\nclass node_venv_lib_python3_12_site-packages_PyQt6_Qt6_qml_QtQuick3D_Helpers_designer_LookAtNodeSpecifics_qml fileNode\nclass node_venv_lib_python3_12_site-packages_PyQt6_Qt6_qml_QtQuick3D_Helpers_designer_NodeSection_qml fileNode\nclass node_venv_lib_python3_12_site-packages_PyQt6_Qt6_qml_QtQuick3D_Helpers_designer_OrbitCameraControllerSection_qml fileNode\nclass node_venv_lib_python3_12_site-packages_PyQt6_Qt6_qml_QtQuick3D_Helpers_designer_OrbitCameraControllerSpecifics_qml fileNode\nclass node_venv_lib_python3_12_site-packages_PyQt6_Qt6_qml_QtQuick3D_Helpers_designer_ProceduralSkyTextureDataSection_qml fileNode\nclass node_venv_lib_python3_12_site-packages_PyQt6_Qt6_qml_QtQuick3D_Helpers_designer_ProceduralSkyTextureDataSpecifics_qml fileNode\nclass node_venv_lib_python3_12_site-packages_PyQt6_Qt6_qml_QtQuick3D_Helpers_designer_Repeater3DSection_qml fileNode\nclass node_venv_lib_python3_12_site-packages_PyQt6_Qt6_qml_QtQuick3D_Helpers_designer_WasdControllerSection_qml fileNode\nclass node_venv_lib_python3_12_site-packages_PyQt6_Qt6_qml_QtQuick3D_Helpers_designer_WasdControllerSpecifics_qml fileNode\nclass node_venv_lib_python3_12_site-packages_PyQt6_Qt6_qml_QtQuick3D_Helpers_designer_helpers_metainfo fileNode\nclass node_venv_lib_python3_12_site-packages_PyQt6_Qt6_qml_QtQuick3D_Helpers_designer_images_axishelper_png fileNode\nclass node_venv_lib_python3_12_site-packages_PyQt6_Qt6_qml_QtQuick3D_Helpers_designer_images_axishelper16_png fileNode\nclass node_venv_lib_python3_12_site-packages_PyQt6_Qt6_qml_QtQuick3D_Helpers_designer_images_axishelper@2x_png fileNode\nclass node_venv_lib_python3_12_site-packages_PyQt6_Qt6_qml_QtQuick3D_Helpers_designer_images_debugview_png fileNode\nclass node_venv_lib_python3_12_site-packages_PyQt6_Qt6_qml_QtQuick3D_Helpers_designer_images_debugview16_png fileNode\nclass node_venv_lib_python3_12_site-packages_PyQt6_Qt6_qml_QtQuick3D_Helpers_designer_images_debugview@2x_png fileNode\nclass node_venv_lib_python3_12_site-packages_PyQt6_Qt6_qml_QtQuick3D_Helpers_designer_images_dummy_png fileNode\nclass node_venv_lib_python3_12_site-packages_PyQt6_Qt6_qml_QtQuick3D_Helpers_designer_images_dummy16_png fileNode\nclass node_venv_lib_python3_12_site-packages_PyQt6_Qt6_qml_QtQuick3D_Helpers_designer_images_dummy@2x_png fileNode\nclass node_venv_lib_python3_12_site-packages_PyQt6_Qt6_qml_QtQuick3D_Helpers_designer_images_extendedsceneenvironment_png fileNode\nclass node_venv_lib_python3_12_site-packages_PyQt6_Qt6_qml_QtQuick3D_Helpers_designer_images_extendedsceneenvironment16_png fileNode\nclass node_venv_lib_python3_12_site-packages_PyQt6_Qt6_qml_QtQuick3D_Helpers_designer_images_extendedsceneenvironment@2x_png fileNode\nclass node_venv_lib_python3_12_site-packages_PyQt6_Qt6_qml_QtQuick3D_Helpers_designer_images_gridgeometry_png fileNode\nclass node_venv_lib_python3_12_site-packages_PyQt6_Qt6_qml_QtQuick3D_Helpers_designer_images_gridgeometry16_png fileNode\nclass node_venv_lib_python3_12_site-packages_PyQt6_Qt6_qml_QtQuick3D_Helpers_designer_images_gridgeometry@2x_png fileNode\nclass node_venv_lib_python3_12_site-packages_PyQt6_Qt6_qml_QtQuick3D_Helpers_designer_images_heightfieldgeometry_png fileNode\nclass node_venv_lib_python3_12_site-packages_PyQt6_Qt6_qml_QtQuick3D_Helpers_designer_images_heightfieldgeometry16_png fileNode\nclass node_venv_lib_python3_12_site-packages_PyQt6_Qt6_qml_QtQuick3D_Helpers_designer_images_heightfieldgeometry@2x_png fileNode\nclass node_venv_lib_python3_12_site-packages_PyQt6_Qt6_qml_QtQuick3D_Helpers_designer_images_infinitegrid_png fileNode\nclass node_venv_lib_python3_12_site-packages_PyQt6_Qt6_qml_QtQuick3D_Helpers_designer_images_infinitegrid16_png fileNode\nclass node_venv_lib_python3_12_site-packages_PyQt6_Qt6_qml_QtQuick3D_Helpers_designer_images_infinitegrid@2x_png fileNode\nclass node_venv_lib_python3_12_site-packages_PyQt6_Qt6_qml_QtQuick3D_Helpers_designer_images_instancemodel_png fileNode\nclass node_venv_lib_python3_12_site-packages_PyQt6_Qt6_qml_QtQuick3D_Helpers_designer_images_instancemodel16_png fileNode\nclass node_venv_lib_python3_12_site-packages_PyQt6_Qt6_qml_QtQuick3D_Helpers_designer_images_instancemodel@2x_png fileNode\nclass node_venv_lib_python3_12_site-packages_PyQt6_Qt6_qml_QtQuick3D_Helpers_designer_images_instancerepeater_png fileNode\nclass node_venv_lib_python3_12_site-packages_PyQt6_Qt6_qml_QtQuick3D_Helpers_designer_images_instancerepeater16_png fileNode\nclass node_venv_lib_python3_12_site-packages_PyQt6_Qt6_qml_QtQuick3D_Helpers_designer_images_instancerepeater@2x_png fileNode\nclass node_venv_lib_python3_12_site-packages_PyQt6_Qt6_qml_QtQuick3D_Helpers_designer_images_lodmanager_png fileNode\nclass node_venv_lib_python3_12_site-packages_PyQt6_Qt6_qml_QtQuick3D_Helpers_designer_images_lodmanager16_png fileNode\nclass node_venv_lib_python3_12_site-packages_PyQt6_Qt6_qml_QtQuick3D_Helpers_designer_images_lodmanager@2x_png fileNode\nclass node_venv_lib_python3_12_site-packages_PyQt6_Qt6_qml_QtQuick3D_Helpers_designer_images_lookatnode_png fileNode\nclass node_venv_lib_python3_12_site-packages_PyQt6_Qt6_qml_QtQuick3D_Helpers_designer_images_lookatnode16_png fileNode\nclass node_venv_lib_python3_12_site-packages_PyQt6_Qt6_qml_QtQuick3D_Helpers_designer_images_lookatnode@2x_png fileNode\nclass node_venv_lib_python3_12_site-packages_PyQt6_Qt6_qml_QtQuick3D_Helpers_designer_images_orbitcameracontroller_png fileNode\nclass node_venv_lib_python3_12_site-packages_PyQt6_Qt6_qml_QtQuick3D_Helpers_designer_images_orbitcameracontroller16_png fileNode\nclass node_venv_lib_python3_12_site-packages_PyQt6_Qt6_qml_QtQuick3D_Helpers_designer_images_orbitcameracontroller@2x_png fileNode\nclass node_venv_lib_python3_12_site-packages_PyQt6_Qt6_qml_QtQuick3D_Helpers_designer_images_proceduralskytexturedata_png fileNode\nclass node_venv_lib_python3_12_site-packages_PyQt6_Qt6_qml_QtQuick3D_Helpers_designer_images_proceduralskytexturedata16_png fileNode\nclass node_venv_lib_python3_12_site-packages_PyQt6_Qt6_qml_QtQuick3D_Helpers_designer_images_proceduralskytexturedata@2x_png fileNode\nclass node_venv_lib_python3_12_site-packages_PyQt6_Qt6_qml_QtQuick3D_Helpers_designer_images_wasdcontroller_png fileNode\nclass node_venv_lib_python3_12_site-packages_PyQt6_Qt6_qml_QtQuick3D_Helpers_designer_images_wasdcontroller16_png fileNode\nclass node_venv_lib_python3_12_site-packages_PyQt6_Qt6_qml_QtQuick3D_Helpers_designer_images_wasdcontroller@2x_png fileNode\nclass node_venv_lib_python3_12_site-packages_PyQt6_Qt6_qml_QtRemoteObjects_libdeclarative_remoteobjectsplugin_dylib fileNode\nclass node_venv_lib_python3_12_site-packages_PyQt6_Qt6_qml_QtRemoteObjects_plugins_qmltypes fileNode\nclass node_venv_lib_python3_12_site-packages_PyQt6_Qt6_qml_QtRemoteObjects_qmldir fileNode\nclass node_venv_lib_python3_12_site-packages_PyQt6_Qt6_qml_QtSensors_libsensorsquickplugin_dylib fileNode\nclass node_venv_lib_python3_12_site-packages_PyQt6_Qt6_qml_QtSensors_plugins_qmltypes fileNode\nclass node_venv_lib_python3_12_site-packages_PyQt6_Qt6_qml_QtSensors_qmldir fileNode\nclass node_venv_lib_python3_12_site-packages_PyQt6_Qt6_qml_QtQuick_libqtquick2plugin_dylib fileNode\nclass node_venv_lib_python3_12_site-packages_PyQt6_Qt6_qml_QtQuick_plugins_qmltypes fileNode\nclass node_venv_lib_python3_12_site-packages_PyQt6_Qt6_qml_QtQuick_qmldir fileNode\nclass node_venv_lib_python3_12_site-packages_PyQt6_Qt6_qml_QtQuick_tooling_Component_qml fileNode\nclass node_venv_lib_python3_12_site-packages_PyQt6_Qt6_qml_QtQuick_tooling_Enum_qml fileNode\nclass node_venv_lib_python3_12_site-packages_PyQt6_Qt6_qml_QtQuick_tooling_Member_qml fileNode\nclass node_venv_lib_python3_12_site-packages_PyQt6_Qt6_qml_QtQuick_tooling_Method_qml fileNode\nclass node_venv_lib_python3_12_site-packages_PyQt6_Qt6_qml_QtQuick_tooling_Module_qml fileNode\nclass node_venv_lib_python3_12_site-packages_PyQt6_Qt6_qml_QtQuick_tooling_Parameter_qml fileNode\nclass node_venv_lib_python3_12_site-packages_PyQt6_Qt6_qml_QtQuick_tooling_Property_qml fileNode\nclass node_venv_lib_python3_12_site-packages_PyQt6_Qt6_qml_QtQuick_tooling_Signal_qml fileNode\nclass node_venv_lib_python3_12_site-packages_PyQt6_Qt6_qml_QtQuick_tooling_libquicktoolingplugin_dylib fileNode\nclass node_venv_lib_python3_12_site-packages_PyQt6_Qt6_qml_QtQuick_tooling_qmldir fileNode\nclass node_venv_lib_python3_12_site-packages_PyQt6_Qt6_qml_QtQuick_tooling_quicktooling_qmltypes fileNode\nclass node_venv_lib_python3_12_site-packages_PyQt6_Qt6_qml_QtQuick_Scene2D_libqtquickscene2dplugin_dylib fileNode\nclass node_venv_lib_python3_12_site-packages_PyQt6_Qt6_qml_QtQuick_Scene2D_plugins_qmltypes fileNode\nclass node_venv_lib_python3_12_site-packages_PyQt6_Qt6_qml_QtQuick_Scene2D_qmldir fileNode\nclass node_venv_lib_python3_12_site-packages_PyQt6_Qt6_qml_QtQuick_Pdf_PdfLinkDelegate_qml fileNode\nclass node_venv_lib_python3_12_site-packages_PyQt6_Qt6_qml_QtQuick_Pdf_PdfMultiPageView_qml fileNode\nclass node_venv_lib_python3_12_site-packages_PyQt6_Qt6_qml_QtQuick_Pdf_PdfPageView_qml fileNode\nclass node_venv_lib_python3_12_site-packages_PyQt6_Qt6_qml_QtQuick_Pdf_PdfScrollablePageView_qml fileNode\nclass node_venv_lib_python3_12_site-packages_PyQt6_Qt6_qml_QtQuick_Pdf_PdfStyle_qml fileNode\nclass node_venv_lib_python3_12_site-packages_PyQt6_Qt6_qml_QtQuick_Pdf_libpdfquickplugin_dylib fileNode\nclass node_venv_lib_python3_12_site-packages_PyQt6_Qt6_qml_QtQuick_Pdf_plugins_qmltypes fileNode\nclass node_venv_lib_python3_12_site-packages_PyQt6_Qt6_qml_QtQuick_Pdf_qmldir fileNode\nclass node_venv_lib_python3_12_site-packages_PyQt6_Qt6_qml_QtQuick_Pdf_+Universal_PdfStyle_qml fileNode\nclass node_venv_lib_python3_12_site-packages_PyQt6_Qt6_qml_QtQuick_Pdf_+Material_PdfStyle_qml fileNode\nclass node_venv_lib_python3_12_site-packages_PyQt6_Qt6_qml_QtQuick_Shapes_libqmlshapesplugin_dylib fileNode\nclass node_venv_lib_python3_12_site-packages_PyQt6_Qt6_qml_QtQuick_Shapes_plugins_qmltypes fileNode\nclass node_venv_lib_python3_12_site-packages_PyQt6_Qt6_qml_QtQuick_Shapes_qmldir fileNode\nclass node_venv_lib_python3_12_site-packages_PyQt6_Qt6_qml_QtQuick_Shapes_DesignHelpers_libqtquickshapesdesignhelpersplugin_dylib fileNode\nclass node_venv_lib_python3_12_site-packages_PyQt6_Qt6_qml_QtQuick_Shapes_DesignHelpers_plugins_qmltypes fileNode\nclass node_venv_lib_python3_12_site-packages_PyQt6_Qt6_qml_QtQuick_Shapes_DesignHelpers_qmldir fileNode\nclass node_venv_lib_python3_12_site-packages_PyQt6_Qt6_qml_QtQuick_Particles_libparticlesplugin_dylib fileNode\nclass node_venv_lib_python3_12_site-packages_PyQt6_Qt6_qml_QtQuick_Particles_plugins_qmltypes fileNode\nclass node_venv_lib_python3_12_site-packages_PyQt6_Qt6_qml_QtQuick_Particles_qmldir fileNode\nclass node_venv_lib_python3_12_site-packages_PyQt6_Qt6_qml_QtQuick_VectorImage_libqquickvectorimageplugin_dylib fileNode\nclass node_venv_lib_python3_12_site-packages_PyQt6_Qt6_qml_QtQuick_VectorImage_plugins_qmltypes fileNode\nclass node_venv_lib_python3_12_site-packages_PyQt6_Qt6_qml_QtQuick_VectorImage_qmldir fileNode\nclass node_venv_lib_python3_12_site-packages_PyQt6_Qt6_qml_QtQuick_VectorImage_Helpers_libqquickvectorimagehelpersplugin_dylib fileNode\nclass node_venv_lib_python3_12_site-packages_PyQt6_Qt6_qml_QtQuick_VectorImage_Helpers_plugins_qmltypes fileNode\nclass node_venv_lib_python3_12_site-packages_PyQt6_Qt6_qml_QtQuick_VectorImage_Helpers_qmldir fileNode\nclass node_venv_lib_python3_12_site-packages_PyQt6_Qt6_qml_QtQuick_Controls_libqtquickcontrols2plugin_dylib fileNode\nclass node_venv_lib_python3_12_site-packages_PyQt6_Qt6_qml_QtQuick_Controls_plugins_qmltypes fileNode\nclass node_venv_lib_python3_12_site-packages_PyQt6_Qt6_qml_QtQuick_Controls_qmldir fileNode\nclass node_venv_lib_python3_12_site-packages_PyQt6_Qt6_qml_QtQuick_Controls_Fusion_ApplicationWindow_qml fileNode\nclass node_venv_lib_python3_12_site-packages_PyQt6_Qt6_qml_QtQuick_Controls_Fusion_BusyIndicator_qml fileNode\nclass node_venv_lib_python3_12_site-packages_PyQt6_Qt6_qml_QtQuick_Controls_Fusion_Button_qml fileNode\nclass node_venv_lib_python3_12_site-packages_PyQt6_Qt6_qml_QtQuick_Controls_Fusion_CheckBox_qml fileNode\nclass node_venv_lib_python3_12_site-packages_PyQt6_Qt6_qml_QtQuick_Controls_Fusion_CheckDelegate_qml fileNode\nclass node_venv_lib_python3_12_site-packages_PyQt6_Qt6_qml_QtQuick_Controls_Fusion_ComboBox_qml fileNode\nclass node_venv_lib_python3_12_site-packages_PyQt6_Qt6_qml_QtQuick_Controls_Fusion_DelayButton_qml fileNode\nclass node_venv_lib_python3_12_site-packages_PyQt6_Qt6_qml_QtQuick_Controls_Fusion_Dial_qml fileNode\nclass node_venv_lib_python3_12_site-packages_PyQt6_Qt6_qml_QtQuick_Controls_Fusion_Dialog_qml fileNode\nclass node_venv_lib_python3_12_site-packages_PyQt6_Qt6_qml_QtQuick_Controls_Fusion_DialogButtonBox_qml fileNode\nclass node_venv_lib_python3_12_site-packages_PyQt6_Qt6_qml_QtQuick_Controls_Fusion_Drawer_qml fileNode\nclass node_venv_lib_python3_12_site-packages_PyQt6_Qt6_qml_QtQuick_Controls_Fusion_Frame_qml fileNode\nclass node_venv_lib_python3_12_site-packages_PyQt6_Qt6_qml_QtQuick_Controls_Fusion_GroupBox_qml fileNode\nclass node_venv_lib_python3_12_site-packages_PyQt6_Qt6_qml_QtQuick_Controls_Fusion_HorizontalHeaderView_qml fileNode\nclass node_venv_lib_python3_12_site-packages_PyQt6_Qt6_qml_QtQuick_Controls_Fusion_HorizontalHeaderViewDelegate_qml fileNode\nclass node_venv_lib_python3_12_site-packages_PyQt6_Qt6_qml_QtQuick_Controls_Fusion_ItemDelegate_qml fileNode\nclass node_venv_lib_python3_12_site-packages_PyQt6_Qt6_qml_QtQuick_Controls_Fusion_Label_qml fileNode\nclass node_venv_lib_python3_12_site-packages_PyQt6_Qt6_qml_QtQuick_Controls_Fusion_Menu_qml fileNode\nclass node_venv_lib_python3_12_site-packages_PyQt6_Qt6_qml_QtQuick_Controls_Fusion_MenuBar_qml fileNode\nclass node_venv_lib_python3_12_site-packages_PyQt6_Qt6_qml_QtQuick_Controls_Fusion_MenuBarItem_qml fileNode\nclass node_venv_lib_python3_12_site-packages_PyQt6_Qt6_qml_QtQuick_Controls_Fusion_MenuItem_qml fileNode\nclass node_venv_lib_python3_12_site-packages_PyQt6_Qt6_qml_QtQuick_Controls_Fusion_MenuSeparator_qml fileNode\nclass node_venv_lib_python3_12_site-packages_PyQt6_Qt6_qml_QtQuick_Controls_Fusion_Page_qml fileNode\nclass node_venv_lib_python3_12_site-packages_PyQt6_Qt6_qml_QtQuick_Controls_Fusion_PageIndicator_qml fileNode\nclass node_venv_lib_python3_12_site-packages_PyQt6_Qt6_qml_QtQuick_Controls_Fusion_Pane_qml fileNode\nclass node_venv_lib_python3_12_site-packages_PyQt6_Qt6_qml_QtQuick_Controls_Fusion_Popup_qml fileNode\nclass node_venv_lib_python3_12_site-packages_PyQt6_Qt6_qml_QtQuick_Controls_Fusion_ProgressBar_qml fileNode\nclass node_venv_lib_python3_12_site-packages_PyQt6_Qt6_qml_QtQuick_Controls_Fusion_RadioButton_qml fileNode\nclass node_venv_lib_python3_12_site-packages_PyQt6_Qt6_qml_QtQuick_Controls_Fusion_RadioDelegate_qml fileNode\nclass node_venv_lib_python3_12_site-packages_PyQt6_Qt6_qml_QtQuick_Controls_Fusion_RangeSlider_qml fileNode\nclass node_venv_lib_python3_12_site-packages_PyQt6_Qt6_qml_QtQuick_Controls_Fusion_RoundButton_qml fileNode\nclass node_venv_lib_python3_12_site-packages_PyQt6_Qt6_qml_QtQuick_Controls_Fusion_ScrollBar_qml fileNode\nclass node_venv_lib_python3_12_site-packages_PyQt6_Qt6_qml_QtQuick_Controls_Fusion_ScrollIndicator_qml fileNode\nclass node_venv_lib_python3_12_site-packages_PyQt6_Qt6_qml_QtQuick_Controls_Fusion_ScrollView_qml fileNode\nclass node_venv_lib_python3_12_site-packages_PyQt6_Qt6_qml_QtQuick_Controls_Fusion_SearchField_qml fileNode\nclass node_venv_lib_python3_12_site-packages_PyQt6_Qt6_qml_QtQuick_Controls_Fusion_SelectionRectangle_qml fileNode\nclass node_venv_lib_python3_12_site-packages_PyQt6_Qt6_qml_QtQuick_Controls_Fusion_Slider_qml fileNode\nclass node_venv_lib_python3_12_site-packages_PyQt6_Qt6_qml_QtQuick_Controls_Fusion_SpinBox_qml fileNode\nclass node_venv_lib_python3_12_site-packages_PyQt6_Qt6_qml_QtQuick_Controls_Fusion_SplitView_qml fileNode\nclass node_venv_lib_python3_12_site-packages_PyQt6_Qt6_qml_QtQuick_Controls_Fusion_SwipeDelegate_qml fileNode\nclass node_venv_lib_python3_12_site-packages_PyQt6_Qt6_qml_QtQuick_Controls_Fusion_Switch_qml fileNode\nclass node_venv_lib_python3_12_site-packages_PyQt6_Qt6_qml_QtQuick_Controls_Fusion_SwitchDelegate_qml fileNode\nclass node_venv_lib_python3_12_site-packages_PyQt6_Qt6_qml_QtQuick_Controls_Fusion_TabBar_qml fileNode\nclass node_venv_lib_python3_12_site-packages_PyQt6_Qt6_qml_QtQuick_Controls_Fusion_TabButton_qml fileNode\nclass node_venv_lib_python3_12_site-packages_PyQt6_Qt6_qml_QtQuick_Controls_Fusion_TextArea_qml fileNode\nclass node_venv_lib_python3_12_site-packages_PyQt6_Qt6_qml_QtQuick_Controls_Fusion_TextField_qml fileNode\nclass node_venv_lib_python3_12_site-packages_PyQt6_Qt6_qml_QtQuick_Controls_Fusion_ToolBar_qml fileNode\nclass node_venv_lib_python3_12_site-packages_PyQt6_Qt6_qml_QtQuick_Controls_Fusion_ToolButton_qml fileNode\nclass node_venv_lib_python3_12_site-packages_PyQt6_Qt6_qml_QtQuick_Controls_Fusion_ToolSeparator_qml fileNode\nclass node_venv_lib_python3_12_site-packages_PyQt6_Qt6_qml_QtQuick_Controls_Fusion_ToolTip_qml fileNode\nclass node_venv_lib_python3_12_site-packages_PyQt6_Qt6_qml_QtQuick_Controls_Fusion_TreeViewDelegate_qml fileNode\nclass node_venv_lib_python3_12_site-packages_PyQt6_Qt6_qml_QtQuick_Controls_Fusion_Tumbler_qml fileNode\nclass node_venv_lib_python3_12_site-packages_PyQt6_Qt6_qml_QtQuick_Controls_Fusion_VerticalHeaderView_qml fileNode\nclass node_venv_lib_python3_12_site-packages_PyQt6_Qt6_qml_QtQuick_Controls_Fusion_VerticalHeaderViewDelegate_qml fileNode\nclass node_venv_lib_python3_12_site-packages_PyQt6_Qt6_qml_QtQuick_Controls_Fusion_libqtquickcontrols2fusionstyleplugin_dylib fileNode\nclass node_venv_lib_python3_12_site-packages_PyQt6_Qt6_qml_QtQuick_Controls_Fusion_plugins_qmltypes fileNode\nclass node_venv_lib_python3_12_site-packages_PyQt6_Qt6_qml_QtQuick_Controls_Fusion_qmldir fileNode\nclass node_venv_lib_python3_12_site-packages_PyQt6_Qt6_qml_QtQuick_Controls_Fusion_impl_ButtonPanel_qml fileNode\nclass node_venv_lib_python3_12_site-packages_PyQt6_Qt6_qml_QtQuick_Controls_Fusion_impl_CheckIndicator_qml fileNode\nclass node_venv_lib_python3_12_site-packages_PyQt6_Qt6_qml_QtQuick_Controls_Fusion_impl_RadioIndicator_qml fileNode\nclass node_venv_lib_python3_12_site-packages_PyQt6_Qt6_qml_QtQuick_Controls_Fusion_impl_SliderGroove_qml fileNode\nclass node_venv_lib_python3_12_site-packages_PyQt6_Qt6_qml_QtQuick_Controls_Fusion_impl_SliderHandle_qml fileNode\nclass node_venv_lib_python3_12_site-packages_PyQt6_Qt6_qml_QtQuick_Controls_Fusion_impl_SwitchIndicator_qml fileNode\nclass node_venv_lib_python3_12_site-packages_PyQt6_Qt6_qml_QtQuick_Controls_Fusion_impl_TextFieldBackground_qml fileNode\nclass node_venv_lib_python3_12_site-packages_PyQt6_Qt6_qml_QtQuick_Controls_Fusion_impl_libqtquickcontrols2fusionstyleimplplugin_dylib fileNode\nclass node_venv_lib_python3_12_site-packages_PyQt6_Qt6_qml_QtQuick_Controls_Fusion_impl_plugins_qmltypes fileNode\nclass node_venv_lib_python3_12_site-packages_PyQt6_Qt6_qml_QtQuick_Controls_Fusion_impl_qmldir fileNode\nclass node_venv_lib_python3_12_site-packages_PyQt6_Qt6_qml_QtQuick_Controls_impl_libqtquickcontrols2implplugin_dylib fileNode\nclass node_venv_lib_python3_12_site-packages_PyQt6_Qt6_qml_QtQuick_Controls_impl_plugins_qmltypes fileNode\nclass node_venv_lib_python3_12_site-packages_PyQt6_Qt6_qml_QtQuick_Controls_impl_qmldir fileNode\nclass node_venv_lib_python3_12_site-packages_PyQt6_Qt6_qml_QtQuick_Controls_FluentWinUI3_ApplicationWindow_qml fileNode\nclass node_venv_lib_python3_12_site-packages_PyQt6_Qt6_qml_QtQuick_Controls_FluentWinUI3_BusyIndicator_qml fileNode\nclass node_venv_lib_python3_12_site-packages_PyQt6_Qt6_qml_QtQuick_Controls_FluentWinUI3_Button_qml fileNode\nclass node_venv_lib_python3_12_site-packages_PyQt6_Qt6_qml_QtQuick_Controls_FluentWinUI3_CheckBox_qml fileNode\nclass node_venv_lib_python3_12_site-packages_PyQt6_Qt6_qml_QtQuick_Controls_FluentWinUI3_CheckDelegate_qml fileNode\nclass node_venv_lib_python3_12_site-packages_PyQt6_Qt6_qml_QtQuick_Controls_FluentWinUI3_ComboBox_qml fileNode\nclass node_venv_lib_python3_12_site-packages_PyQt6_Qt6_qml_QtQuick_Controls_FluentWinUI3_Config_qml fileNode\nclass node_venv_lib_python3_12_site-packages_PyQt6_Qt6_qml_QtQuick_Controls_FluentWinUI3_DelayButton_qml fileNode\nclass node_venv_lib_python3_12_site-packages_PyQt6_Qt6_qml_QtQuick_Controls_FluentWinUI3_Dialog_qml fileNode\nclass node_venv_lib_python3_12_site-packages_PyQt6_Qt6_qml_QtQuick_Controls_FluentWinUI3_DialogButtonBox_qml fileNode\nclass node_venv_lib_python3_12_site-packages_PyQt6_Qt6_qml_QtQuick_Controls_FluentWinUI3_FocusFrame_qml fileNode\nclass node_venv_lib_python3_12_site-packages_PyQt6_Qt6_qml_QtQuick_Controls_FluentWinUI3_Frame_qml fileNode\nclass node_venv_lib_python3_12_site-packages_PyQt6_Qt6_qml_QtQuick_Controls_FluentWinUI3_GroupBox_qml fileNode\nclass node_venv_lib_python3_12_site-packages_PyQt6_Qt6_qml_QtQuick_Controls_FluentWinUI3_ItemDelegate_qml fileNode\nclass node_venv_lib_python3_12_site-packages_PyQt6_Qt6_qml_QtQuick_Controls_FluentWinUI3_Menu_qml fileNode\nclass node_venv_lib_python3_12_site-packages_PyQt6_Qt6_qml_QtQuick_Controls_FluentWinUI3_MenuBar_qml fileNode\nclass node_venv_lib_python3_12_site-packages_PyQt6_Qt6_qml_QtQuick_Controls_FluentWinUI3_MenuBarItem_qml fileNode\nclass node_venv_lib_python3_12_site-packages_PyQt6_Qt6_qml_QtQuick_Controls_FluentWinUI3_MenuItem_qml fileNode\nclass node_venv_lib_python3_12_site-packages_PyQt6_Qt6_qml_QtQuick_Controls_FluentWinUI3_MenuSeparator_qml fileNode\nclass node_venv_lib_python3_12_site-packages_PyQt6_Qt6_qml_QtQuick_Controls_FluentWinUI3_PageIndicator_qml fileNode\nclass node_venv_lib_python3_12_site-packages_PyQt6_Qt6_qml_QtQuick_Controls_FluentWinUI3_Popup_qml fileNode\nclass node_venv_lib_python3_12_site-packages_PyQt6_Qt6_qml_QtQuick_Controls_FluentWinUI3_ProgressBar_qml fileNode\nclass node_venv_lib_python3_12_site-packages_PyQt6_Qt6_qml_QtQuick_Controls_FluentWinUI3_RadioButton_qml fileNode\nclass node_venv_lib_python3_12_site-packages_PyQt6_Qt6_qml_QtQuick_Controls_FluentWinUI3_RadioDelegate_qml fileNode\nclass node_venv_lib_python3_12_site-packages_PyQt6_Qt6_qml_QtQuick_Controls_FluentWinUI3_RangeSlider_qml fileNode\nclass node_venv_lib_python3_12_site-packages_PyQt6_Qt6_qml_QtQuick_Controls_FluentWinUI3_RoundButton_qml fileNode\nclass node_venv_lib_python3_12_site-packages_PyQt6_Qt6_qml_QtQuick_Controls_FluentWinUI3_SearchField_qml fileNode\nclass node_venv_lib_python3_12_site-packages_PyQt6_Qt6_qml_QtQuick_Controls_FluentWinUI3_Slider_qml fileNode\nclass node_venv_lib_python3_12_site-packages_PyQt6_Qt6_qml_QtQuick_Controls_FluentWinUI3_SpinBox_qml fileNode\nclass node_venv_lib_python3_12_site-packages_PyQt6_Qt6_qml_QtQuick_Controls_FluentWinUI3_StyleImage_qml fileNode\nclass node_venv_lib_python3_12_site-packages_PyQt6_Qt6_qml_QtQuick_Controls_FluentWinUI3_SwipeDelegate_qml fileNode\nclass node_venv_lib_python3_12_site-packages_PyQt6_Qt6_qml_QtQuick_Controls_FluentWinUI3_Switch_qml fileNode\nclass node_venv_lib_python3_12_site-packages_PyQt6_Qt6_qml_QtQuick_Controls_FluentWinUI3_SwitchDelegate_qml fileNode\nclass node_venv_lib_python3_12_site-packages_PyQt6_Qt6_qml_QtQuick_Controls_FluentWinUI3_TabBar_qml fileNode\nclass node_venv_lib_python3_12_site-packages_PyQt6_Qt6_qml_QtQuick_Controls_FluentWinUI3_TabButton_qml fileNode\nclass node_venv_lib_python3_12_site-packages_PyQt6_Qt6_qml_QtQuick_Controls_FluentWinUI3_TextArea_qml fileNode\nclass node_venv_lib_python3_12_site-packages_PyQt6_Qt6_qml_QtQuick_Controls_FluentWinUI3_TextField_qml fileNode\nclass node_venv_lib_python3_12_site-packages_PyQt6_Qt6_qml_QtQuick_Controls_FluentWinUI3_ToolBar_qml fileNode\nclass node_venv_lib_python3_12_site-packages_PyQt6_Qt6_qml_QtQuick_Controls_FluentWinUI3_ToolButton_qml fileNode\nclass node_venv_lib_python3_12_site-packages_PyQt6_Qt6_qml_QtQuick_Controls_FluentWinUI3_ToolSeparator_qml fileNode\nclass node_venv_lib_python3_12_site-packages_PyQt6_Qt6_qml_QtQuick_Controls_FluentWinUI3_ToolTip_qml fileNode\nclass node_venv_lib_python3_12_site-packages_PyQt6_Qt6_qml_QtQuick_Controls_FluentWinUI3_libqtquickcontrols2fluentwinui3styleplugin_dylib fileNode\nclass node_venv_lib_python3_12_site-packages_PyQt6_Qt6_qml_QtQuick_Controls_FluentWinUI3_plugins_qmltypes fileNode\nclass node_venv_lib_python3_12_site-packages_PyQt6_Qt6_qml_QtQuick_Controls_FluentWinUI3_qmldir fileNode\nclass node_venv_lib_python3_12_site-packages_PyQt6_Qt6_qml_QtQuick_Controls_FluentWinUI3_impl_ButtonBackground_qml fileNode\nclass node_venv_lib_python3_12_site-packages_PyQt6_Qt6_qml_QtQuick_Controls_FluentWinUI3_impl_CheckIndicator_qml fileNode\nclass node_venv_lib_python3_12_site-packages_PyQt6_Qt6_qml_QtQuick_Controls_FluentWinUI3_impl_FocusFrame_qml fileNode\nclass node_venv_lib_python3_12_site-packages_PyQt6_Qt6_qml_QtQuick_Controls_FluentWinUI3_impl_RadioIndicator_qml fileNode\nclass node_venv_lib_python3_12_site-packages_PyQt6_Qt6_qml_QtQuick_Controls_FluentWinUI3_impl_StyleImage_qml fileNode\nclass node_venv_lib_python3_12_site-packages_PyQt6_Qt6_qml_QtQuick_Controls_FluentWinUI3_impl_SwitchIndicator_qml fileNode\nclass node_venv_lib_python3_12_site-packages_PyQt6_Qt6_qml_QtQuick_Controls_FluentWinUI3_impl_libqtquickcontrols2fluentwinui3styleimplplugin_dylib fileNode\nclass node_venv_lib_python3_12_site-packages_PyQt6_Qt6_qml_QtQuick_Controls_FluentWinUI3_impl_plugins_qmltypes fileNode\nclass node_venv_lib_python3_12_site-packages_PyQt6_Qt6_qml_QtQuick_Controls_FluentWinUI3_impl_qmldir fileNode\nclass node_venv_lib_python3_12_site-packages_PyQt6_Qt6_qml_QtQuick_Controls_FluentWinUI3_icons_checkmark_png fileNode\nclass node_venv_lib_python3_12_site-packages_PyQt6_Qt6_qml_QtQuick_Controls_FluentWinUI3_icons_checkmark@2x_png fileNode\nclass node_venv_lib_python3_12_site-packages_PyQt6_Qt6_qml_QtQuick_Controls_FluentWinUI3_icons_checkmark@3x_png fileNode\nclass node_venv_lib_python3_12_site-packages_PyQt6_Qt6_qml_QtQuick_Controls_FluentWinUI3_icons_close_big_png fileNode\nclass node_venv_lib_python3_12_site-packages_PyQt6_Qt6_qml_QtQuick_Controls_FluentWinUI3_icons_close_big@2x_png fileNode\nclass node_venv_lib_python3_12_site-packages_PyQt6_Qt6_qml_QtQuick_Controls_FluentWinUI3_icons_close_big@3x_png fileNode\nclass node_venv_lib_python3_12_site-packages_PyQt6_Qt6_qml_QtQuick_Controls_FluentWinUI3_icons_menuarrow_png fileNode\nclass node_venv_lib_python3_12_site-packages_PyQt6_Qt6_qml_QtQuick_Controls_FluentWinUI3_icons_menuarrow@2x_png fileNode\nclass node_venv_lib_python3_12_site-packages_PyQt6_Qt6_qml_QtQuick_Controls_FluentWinUI3_icons_menuarrow@3x_png fileNode\nclass node_venv_lib_python3_12_site-packages_PyQt6_Qt6_qml_QtQuick_Controls_FluentWinUI3_icons_search-magnifier_png fileNode\nclass node_venv_lib_python3_12_site-packages_PyQt6_Qt6_qml_QtQuick_Controls_FluentWinUI3_icons_search-magnifier@2x_png fileNode\nclass node_venv_lib_python3_12_site-packages_PyQt6_Qt6_qml_QtQuick_Controls_FluentWinUI3_icons_search-magnifier@3x_png fileNode\nclass node_venv_lib_python3_12_site-packages_PyQt6_Qt6_qml_QtQuick_Controls_FluentWinUI3_light_images_checkbox-indicator-checked-disabled_png fileNode\nclass node_venv_lib_python3_12_site-packages_PyQt6_Qt6_qml_QtQuick_Controls_FluentWinUI3_light_images_checkbox-indicator-checked-disabled@2x_png fileNode\nclass node_venv_lib_python3_12_site-packages_PyQt6_Qt6_qml_QtQuick_Controls_FluentWinUI3_light_images_checkbox-indicator-checked-disabled@3x_png fileNode\nclass node_venv_lib_python3_12_site-packages_PyQt6_Qt6_qml_QtQuick_Controls_FluentWinUI3_light_images_checkbox-indicator-checked-hovered_png fileNode\nclass node_venv_lib_python3_12_site-packages_PyQt6_Qt6_qml_QtQuick_Controls_FluentWinUI3_light_images_checkbox-indicator-checked-hovered@2x_png fileNode\nclass node_venv_lib_python3_12_site-packages_PyQt6_Qt6_qml_QtQuick_Controls_FluentWinUI3_light_images_checkbox-indicator-checked-hovered@3x_png fileNode\nclass node_venv_lib_python3_12_site-packages_PyQt6_Qt6_qml_QtQuick_Controls_FluentWinUI3_light_images_checkbox-indicator-checked-pressed_png fileNode\nclass node_venv_lib_python3_12_site-packages_PyQt6_Qt6_qml_QtQuick_Controls_FluentWinUI3_light_images_checkbox-indicator-checked-pressed@2x_png fileNode\nclass node_venv_lib_python3_12_site-packages_PyQt6_Qt6_qml_QtQuick_Controls_FluentWinUI3_light_images_checkbox-indicator-checked-pressed@3x_png fileNode\nclass node_venv_lib_python3_12_site-packages_PyQt6_Qt6_qml_QtQuick_Controls_FluentWinUI3_light_images_checkbox-indicator-checked_png fileNode\nclass node_venv_lib_python3_12_site-packages_PyQt6_Qt6_qml_QtQuick_Controls_FluentWinUI3_light_images_checkbox-indicator-checked@2x_png fileNode\nclass node_venv_lib_python3_12_site-packages_PyQt6_Qt6_qml_QtQuick_Controls_FluentWinUI3_light_images_checkbox-indicator-checked@3x_png fileNode\nclass node_venv_lib_python3_12_site-packages_PyQt6_Qt6_qml_QtQuick_Controls_FluentWinUI3_light_images_checkbox-indicator-disabled-partiallyChecked_png fileNode\nclass node_venv_lib_python3_12_site-packages_PyQt6_Qt6_qml_QtQuick_Controls_FluentWinUI3_light_images_checkbox-indicator-disabled-partiallyChecked@2x_png fileNode\nclass node_venv_lib_python3_12_site-packages_PyQt6_Qt6_qml_QtQuick_Controls_FluentWinUI3_light_images_checkbox-indicator-disabled-partiallyChecked@3x_png fileNode\nclass node_venv_lib_python3_12_site-packages_PyQt6_Qt6_qml_QtQuick_Controls_FluentWinUI3_light_images_checkbox-indicator-disabled_png fileNode\nclass node_venv_lib_python3_12_site-packages_PyQt6_Qt6_qml_QtQuick_Controls_FluentWinUI3_light_images_checkbox-indicator-disabled@2x_png fileNode\nclass node_venv_lib_python3_12_site-packages_PyQt6_Qt6_qml_QtQuick_Controls_FluentWinUI3_light_images_checkbox-indicator-disabled@3x_png fileNode\nclass node_venv_lib_python3_12_site-packages_PyQt6_Qt6_qml_QtQuick_Controls_FluentWinUI3_light_images_checkbox-indicator-hovered-partiallyChecked_png fileNode\nclass node_venv_lib_python3_12_site-packages_PyQt6_Qt6_qml_QtQuick_Controls_FluentWinUI3_light_images_checkbox-indicator-hovered-partiallyChecked@2x_png fileNode\nclass node_venv_lib_python3_12_site-packages_PyQt6_Qt6_qml_QtQuick_Controls_FluentWinUI3_light_images_checkbox-indicator-hovered-partiallyChecked@3x_png fileNode\nclass node_venv_lib_python3_12_site-packages_PyQt6_Qt6_qml_QtQuick_Controls_FluentWinUI3_light_images_checkbox-indicator-hovered_png fileNode\nclass node_venv_lib_python3_12_site-packages_PyQt6_Qt6_qml_QtQuick_Controls_FluentWinUI3_light_images_checkbox-indicator-hovered@2x_png fileNode\nclass node_venv_lib_python3_12_site-packages_PyQt6_Qt6_qml_QtQuick_Controls_FluentWinUI3_light_images_checkbox-indicator-hovered@3x_png fileNode\nclass node_venv_lib_python3_12_site-packages_PyQt6_Qt6_qml_QtQuick_Controls_FluentWinUI3_light_images_checkbox-indicator-partiallyChecked-pressed_png fileNode\nclass node_venv_lib_python3_12_site-packages_PyQt6_Qt6_qml_QtQuick_Controls_FluentWinUI3_light_images_checkbox-indicator-partiallyChecked-pressed@2x_png fileNode\nclass node_venv_lib_python3_12_site-packages_PyQt6_Qt6_qml_QtQuick_Controls_FluentWinUI3_light_images_checkbox-indicator-partiallyChecked-pressed@3x_png fileNode\nclass node_venv_lib_python3_12_site-packages_PyQt6_Qt6_qml_QtQuick_Controls_FluentWinUI3_light_images_checkbox-indicator-partiallyChecked_png fileNode\nclass node_venv_lib_python3_12_site-packages_PyQt6_Qt6_qml_QtQuick_Controls_FluentWinUI3_light_images_checkbox-indicator-partiallyChecked@2x_png fileNode\nclass node_venv_lib_python3_12_site-packages_PyQt6_Qt6_qml_QtQuick_Controls_FluentWinUI3_light_images_checkbox-indicator-partiallyChecked@3x_png fileNode\nclass node_venv_lib_python3_12_site-packages_PyQt6_Qt6_qml_QtQuick_Controls_FluentWinUI3_light_images_checkbox-indicator-pressed_png fileNode\nclass node_venv_lib_python3_12_site-packages_PyQt6_Qt6_qml_QtQuick_Controls_FluentWinUI3_light_images_checkbox-indicator-pressed@2x_png fileNode\nclass node_venv_lib_python3_12_site-packages_PyQt6_Qt6_qml_QtQuick_Controls_FluentWinUI3_light_images_checkbox-indicator-pressed@3x_png fileNode\nclass node_venv_lib_python3_12_site-packages_PyQt6_Qt6_qml_QtQuick_Controls_FluentWinUI3_light_images_checkbox-indicator_png fileNode\nclass node_venv_lib_python3_12_site-packages_PyQt6_Qt6_qml_QtQuick_Controls_FluentWinUI3_light_images_checkbox-indicator@2x_png fileNode\nclass node_venv_lib_python3_12_site-packages_PyQt6_Qt6_qml_QtQuick_Controls_FluentWinUI3_light_images_checkbox-indicator@3x_png fileNode\nclass node_venv_lib_python3_12_site-packages_PyQt6_Qt6_qml_QtQuick_Controls_FluentWinUI3_light_images_combobox-background-disabled_png fileNode\nclass node_venv_lib_python3_12_site-packages_PyQt6_Qt6_qml_QtQuick_Controls_FluentWinUI3_light_images_combobox-background-disabled@2x_png fileNode\nclass node_venv_lib_python3_12_site-packages_PyQt6_Qt6_qml_QtQuick_Controls_FluentWinUI3_light_images_combobox-background-disabled@3x_png fileNode\nclass node_venv_lib_python3_12_site-packages_PyQt6_Qt6_qml_QtQuick_Controls_FluentWinUI3_light_images_combobox-background-focused_png fileNode\nclass node_venv_lib_python3_12_site-packages_PyQt6_Qt6_qml_QtQuick_Controls_FluentWinUI3_light_images_combobox-background-focused@2x_png fileNode\nclass node_venv_lib_python3_12_site-packages_PyQt6_Qt6_qml_QtQuick_Controls_FluentWinUI3_light_images_combobox-background-focused@3x_png fileNode\nclass node_venv_lib_python3_12_site-packages_PyQt6_Qt6_qml_QtQuick_Controls_FluentWinUI3_light_images_combobox-background-hovered-open_png fileNode\nclass node_venv_lib_python3_12_site-packages_PyQt6_Qt6_qml_QtQuick_Controls_FluentWinUI3_light_images_combobox-background-hovered-open@2x_png fileNode\nclass node_venv_lib_python3_12_site-packages_PyQt6_Qt6_qml_QtQuick_Controls_FluentWinUI3_light_images_combobox-background-hovered-open@3x_png fileNode\nclass node_venv_lib_python3_12_site-packages_PyQt6_Qt6_qml_QtQuick_Controls_FluentWinUI3_light_images_combobox-background-hovered_png fileNode\nclass node_venv_lib_python3_12_site-packages_PyQt6_Qt6_qml_QtQuick_Controls_FluentWinUI3_light_images_combobox-background-hovered@2x_png fileNode\nclass node_venv_lib_python3_12_site-packages_PyQt6_Qt6_qml_QtQuick_Controls_FluentWinUI3_light_images_combobox-background-hovered@3x_png fileNode\nclass node_venv_lib_python3_12_site-packages_PyQt6_Qt6_qml_QtQuick_Controls_FluentWinUI3_light_images_combobox-background-open-pressed_png fileNode\nclass node_venv_lib_python3_12_site-packages_PyQt6_Qt6_qml_QtQuick_Controls_FluentWinUI3_light_images_combobox-background-open-pressed@2x_png fileNode\nclass node_venv_lib_python3_12_site-packages_PyQt6_Qt6_qml_QtQuick_Controls_FluentWinUI3_light_images_combobox-background-open-pressed@3x_png fileNode\nclass node_venv_lib_python3_12_site-packages_PyQt6_Qt6_qml_QtQuick_Controls_FluentWinUI3_light_images_combobox-background-open_png fileNode\nclass node_venv_lib_python3_12_site-packages_PyQt6_Qt6_qml_QtQuick_Controls_FluentWinUI3_light_images_combobox-background-open@2x_png fileNode\nclass node_venv_lib_python3_12_site-packages_PyQt6_Qt6_qml_QtQuick_Controls_FluentWinUI3_light_images_combobox-background-open@3x_png fileNode\nclass node_venv_lib_python3_12_site-packages_PyQt6_Qt6_qml_QtQuick_Controls_FluentWinUI3_light_images_combobox-background-pressed_png fileNode\nclass node_venv_lib_python3_12_site-packages_PyQt6_Qt6_qml_QtQuick_Controls_FluentWinUI3_light_images_combobox-background-pressed@2x_png fileNode\nclass node_venv_lib_python3_12_site-packages_PyQt6_Qt6_qml_QtQuick_Controls_FluentWinUI3_light_images_combobox-background-pressed@3x_png fileNode\nclass node_venv_lib_python3_12_site-packages_PyQt6_Qt6_qml_QtQuick_Controls_FluentWinUI3_light_images_combobox-background_png fileNode\nclass node_venv_lib_python3_12_site-packages_PyQt6_Qt6_qml_QtQuick_Controls_FluentWinUI3_light_images_combobox-background@2x_png fileNode\nclass node_venv_lib_python3_12_site-packages_PyQt6_Qt6_qml_QtQuick_Controls_FluentWinUI3_light_images_combobox-background@3x_png fileNode\nclass node_venv_lib_python3_12_site-packages_PyQt6_Qt6_qml_QtQuick_Controls_FluentWinUI3_light_images_combobox-indicator-disabled_png fileNode\nclass node_venv_lib_python3_12_site-packages_PyQt6_Qt6_qml_QtQuick_Controls_FluentWinUI3_light_images_combobox-indicator-disabled@2x_png fileNode\nclass node_venv_lib_python3_12_site-packages_PyQt6_Qt6_qml_QtQuick_Controls_FluentWinUI3_light_images_combobox-indicator-disabled@3x_png fileNode\nclass node_venv_lib_python3_12_site-packages_PyQt6_Qt6_qml_QtQuick_Controls_FluentWinUI3_light_images_combobox-indicator-focused_png fileNode\nclass node_venv_lib_python3_12_site-packages_PyQt6_Qt6_qml_QtQuick_Controls_FluentWinUI3_light_images_combobox-indicator-focused@2x_png fileNode\nclass node_venv_lib_python3_12_site-packages_PyQt6_Qt6_qml_QtQuick_Controls_FluentWinUI3_light_images_combobox-indicator-focused@3x_png fileNode\nclass node_venv_lib_python3_12_site-packages_PyQt6_Qt6_qml_QtQuick_Controls_FluentWinUI3_light_images_combobox-indicator-hovered-open_png fileNode\nclass node_venv_lib_python3_12_site-packages_PyQt6_Qt6_qml_QtQuick_Controls_FluentWinUI3_light_images_combobox-indicator-hovered-open@2x_png fileNode\nclass node_venv_lib_python3_12_site-packages_PyQt6_Qt6_qml_QtQuick_Controls_FluentWinUI3_light_images_combobox-indicator-hovered-open@3x_png fileNode\nclass node_venv_lib_python3_12_site-packages_PyQt6_Qt6_qml_QtQuick_Controls_FluentWinUI3_light_images_combobox-indicator-hovered_png fileNode\nclass node_venv_lib_python3_12_site-packages_PyQt6_Qt6_qml_QtQuick_Controls_FluentWinUI3_light_images_combobox-indicator-hovered@2x_png fileNode\nclass node_venv_lib_python3_12_site-packages_PyQt6_Qt6_qml_QtQuick_Controls_FluentWinUI3_light_images_combobox-indicator-hovered@3x_png fileNode\nclass node_venv_lib_python3_12_site-packages_PyQt6_Qt6_qml_QtQuick_Controls_FluentWinUI3_light_images_combobox-indicator-open-pressed_png fileNode\nclass node_venv_lib_python3_12_site-packages_PyQt6_Qt6_qml_QtQuick_Controls_FluentWinUI3_light_images_combobox-indicator-open-pressed@2x_png fileNode\nclass node_venv_lib_python3_12_site-packages_PyQt6_Qt6_qml_QtQuick_Controls_FluentWinUI3_light_images_combobox-indicator-open-pressed@3x_png fileNode\nclass node_venv_lib_python3_12_site-packages_PyQt6_Qt6_qml_QtQuick_Controls_FluentWinUI3_light_images_combobox-indicator-open_png fileNode\nclass node_venv_lib_python3_12_site-packages_PyQt6_Qt6_qml_QtQuick_Controls_FluentWinUI3_light_images_combobox-indicator-open@2x_png fileNode\nclass node_venv_lib_python3_12_site-packages_PyQt6_Qt6_qml_QtQuick_Controls_FluentWinUI3_light_images_combobox-indicator-open@3x_png fileNode\nclass node_venv_lib_python3_12_site-packages_PyQt6_Qt6_qml_QtQuick_Controls_FluentWinUI3_light_images_combobox-indicator-pressed_png fileNode\nclass node_venv_lib_python3_12_site-packages_PyQt6_Qt6_qml_QtQuick_Controls_FluentWinUI3_light_images_combobox-indicator-pressed@2x_png fileNode\nclass node_venv_lib_python3_12_site-packages_PyQt6_Qt6_qml_QtQuick_Controls_FluentWinUI3_light_images_combobox-indicator-pressed@3x_png fileNode\nclass node_venv_lib_python3_12_site-packages_PyQt6_Qt6_qml_QtQuick_Controls_FluentWinUI3_light_images_combobox-indicator_png fileNode\nclass node_venv_lib_python3_12_site-packages_PyQt6_Qt6_qml_QtQuick_Controls_FluentWinUI3_light_images_combobox-indicator@2x_png fileNode\nclass node_venv_lib_python3_12_site-packages_PyQt6_Qt6_qml_QtQuick_Controls_FluentWinUI3_light_images_combobox-indicator@3x_png fileNode\nclass node_venv_lib_python3_12_site-packages_PyQt6_Qt6_qml_QtQuick_Controls_FluentWinUI3_light_images_editablecombobox-background-hovered-open_png fileNode\nclass node_venv_lib_python3_12_site-packages_PyQt6_Qt6_qml_QtQuick_Controls_FluentWinUI3_light_images_editablecombobox-background-hovered-open@2x_png fileNode\nclass node_venv_lib_python3_12_site-packages_PyQt6_Qt6_qml_QtQuick_Controls_FluentWinUI3_light_images_editablecombobox-background-hovered-open@3x_png fileNode\nclass node_venv_lib_python3_12_site-packages_PyQt6_Qt6_qml_QtQuick_Controls_FluentWinUI3_light_images_editablecombobox-background-open-pressed_png fileNode\nclass node_venv_lib_python3_12_site-packages_PyQt6_Qt6_qml_QtQuick_Controls_FluentWinUI3_light_images_editablecombobox-background-open-pressed@2x_png fileNode\nclass node_venv_lib_python3_12_site-packages_PyQt6_Qt6_qml_QtQuick_Controls_FluentWinUI3_light_images_editablecombobox-background-open-pressed@3x_png fileNode\nclass node_venv_lib_python3_12_site-packages_PyQt6_Qt6_qml_QtQuick_Controls_FluentWinUI3_light_images_editablecombobox-background-open_png fileNode\nclass node_venv_lib_python3_12_site-packages_PyQt6_Qt6_qml_QtQuick_Controls_FluentWinUI3_light_images_editablecombobox-background-open@2x_png fileNode\nclass node_venv_lib_python3_12_site-packages_PyQt6_Qt6_qml_QtQuick_Controls_FluentWinUI3_light_images_editablecombobox-background-open@3x_png fileNode\nclass node_venv_lib_python3_12_site-packages_PyQt6_Qt6_qml_QtQuick_Controls_FluentWinUI3_light_images_editablecombobox-indicator-hovered-open_png fileNode\nclass node_venv_lib_python3_12_site-packages_PyQt6_Qt6_qml_QtQuick_Controls_FluentWinUI3_light_images_editablecombobox-indicator-hovered-open@2x_png fileNode\nclass node_venv_lib_python3_12_site-packages_PyQt6_Qt6_qml_QtQuick_Controls_FluentWinUI3_light_images_editablecombobox-indicator-hovered-open@3x_png fileNode\nclass node_venv_lib_python3_12_site-packages_PyQt6_Qt6_qml_QtQuick_Controls_FluentWinUI3_light_images_editablecombobox-indicator-open-pressed_png fileNode\nclass node_venv_lib_python3_12_site-packages_PyQt6_Qt6_qml_QtQuick_Controls_FluentWinUI3_light_images_editablecombobox-indicator-open-pressed@2x_png fileNode\nclass node_venv_lib_python3_12_site-packages_PyQt6_Qt6_qml_QtQuick_Controls_FluentWinUI3_light_images_editablecombobox-indicator-open-pressed@3x_png fileNode\nclass node_venv_lib_python3_12_site-packages_PyQt6_Qt6_qml_QtQuick_Controls_FluentWinUI3_light_images_editablecombobox-indicator-open_png fileNode\nclass node_venv_lib_python3_12_site-packages_PyQt6_Qt6_qml_QtQuick_Controls_FluentWinUI3_light_images_editablecombobox-indicator-open@2x_png fileNode\nclass node_venv_lib_python3_12_site-packages_PyQt6_Qt6_qml_QtQuick_Controls_FluentWinUI3_light_images_editablecombobox-indicator-open@3x_png fileNode\nclass node_venv_lib_python3_12_site-packages_PyQt6_Qt6_qml_QtQuick_Controls_FluentWinUI3_light_images_editablecombobox-popup-background-hovered-open_png fileNode\nclass node_venv_lib_python3_12_site-packages_PyQt6_Qt6_qml_QtQuick_Controls_FluentWinUI3_light_images_editablecombobox-popup-background-hovered-open@2x_png fileNode\nclass node_venv_lib_python3_12_site-packages_PyQt6_Qt6_qml_QtQuick_Controls_FluentWinUI3_light_images_editablecombobox-popup-background-hovered-open@3x_png fileNode\nclass node_venv_lib_python3_12_site-packages_PyQt6_Qt6_qml_QtQuick_Controls_FluentWinUI3_light_images_editablecombobox-popup-background-open-pressed_png fileNode\nclass node_venv_lib_python3_12_site-packages_PyQt6_Qt6_qml_QtQuick_Controls_FluentWinUI3_light_images_editablecombobox-popup-background-open-pressed@2x_png fileNode\nclass node_venv_lib_python3_12_site-packages_PyQt6_Qt6_qml_QtQuick_Controls_FluentWinUI3_light_images_editablecombobox-popup-background-open-pressed@3x_png fileNode\nclass node_venv_lib_python3_12_site-packages_PyQt6_Qt6_qml_QtQuick_Controls_FluentWinUI3_light_images_editablecombobox-popup-background-open_png fileNode\nclass node_venv_lib_python3_12_site-packages_PyQt6_Qt6_qml_QtQuick_Controls_FluentWinUI3_light_images_editablecombobox-popup-background-open@2x_png fileNode\nclass node_venv_lib_python3_12_site-packages_PyQt6_Qt6_qml_QtQuick_Controls_FluentWinUI3_light_images_editablecombobox-popup-background-open@3x_png fileNode\nclass node_venv_lib_python3_12_site-packages_PyQt6_Qt6_qml_QtQuick_Controls_FluentWinUI3_light_images_frame-background-disabled_png fileNode\nclass node_venv_lib_python3_12_site-packages_PyQt6_Qt6_qml_QtQuick_Controls_FluentWinUI3_light_images_frame-background-disabled@2x_png fileNode\nclass node_venv_lib_python3_12_site-packages_PyQt6_Qt6_qml_QtQuick_Controls_FluentWinUI3_light_images_frame-background-disabled@3x_png fileNode\nclass node_venv_lib_python3_12_site-packages_PyQt6_Qt6_qml_QtQuick_Controls_FluentWinUI3_light_images_frame-background_png fileNode\nclass node_venv_lib_python3_12_site-packages_PyQt6_Qt6_qml_QtQuick_Controls_FluentWinUI3_light_images_frame-background@2x_png fileNode\nclass node_venv_lib_python3_12_site-packages_PyQt6_Qt6_qml_QtQuick_Controls_FluentWinUI3_light_images_frame-background@3x_png fileNode\nclass node_venv_lib_python3_12_site-packages_PyQt6_Qt6_qml_QtQuick_Controls_FluentWinUI3_light_images_itemdelegate-background-highlighted-hovered_png fileNode\nclass node_venv_lib_python3_12_site-packages_PyQt6_Qt6_qml_QtQuick_Controls_FluentWinUI3_light_images_itemdelegate-background-highlighted-hovered@2x_png fileNode\nclass node_venv_lib_python3_12_site-packages_PyQt6_Qt6_qml_QtQuick_Controls_FluentWinUI3_light_images_itemdelegate-background-highlighted-hovered@3x_png fileNode\nclass node_venv_lib_python3_12_site-packages_PyQt6_Qt6_qml_QtQuick_Controls_FluentWinUI3_light_images_itemdelegate-background-highlighted-pressed_png fileNode\nclass node_venv_lib_python3_12_site-packages_PyQt6_Qt6_qml_QtQuick_Controls_FluentWinUI3_light_images_itemdelegate-background-highlighted-pressed@2x_png fileNode\nclass node_venv_lib_python3_12_site-packages_PyQt6_Qt6_qml_QtQuick_Controls_FluentWinUI3_light_images_itemdelegate-background-highlighted-pressed@3x_png fileNode\nclass node_venv_lib_python3_12_site-packages_PyQt6_Qt6_qml_QtQuick_Controls_FluentWinUI3_light_images_itemdelegate-background-highlighted_png fileNode\nclass node_venv_lib_python3_12_site-packages_PyQt6_Qt6_qml_QtQuick_Controls_FluentWinUI3_light_images_itemdelegate-background-highlighted@2x_png fileNode\nclass node_venv_lib_python3_12_site-packages_PyQt6_Qt6_qml_QtQuick_Controls_FluentWinUI3_light_images_itemdelegate-background-highlighted@3x_png fileNode\nclass node_venv_lib_python3_12_site-packages_PyQt6_Qt6_qml_QtQuick_Controls_FluentWinUI3_light_images_itemdelegate-background-hovered_png fileNode\nclass node_venv_lib_python3_12_site-packages_PyQt6_Qt6_qml_QtQuick_Controls_FluentWinUI3_light_images_itemdelegate-background-hovered@2x_png fileNode\nclass node_venv_lib_python3_12_site-packages_PyQt6_Qt6_qml_QtQuick_Controls_FluentWinUI3_light_images_itemdelegate-background-hovered@3x_png fileNode\nclass node_venv_lib_python3_12_site-packages_PyQt6_Qt6_qml_QtQuick_Controls_FluentWinUI3_light_images_itemdelegate-background-pressed_png fileNode\nclass node_venv_lib_python3_12_site-packages_PyQt6_Qt6_qml_QtQuick_Controls_FluentWinUI3_light_images_itemdelegate-background-pressed@2x_png fileNode\nclass node_venv_lib_python3_12_site-packages_PyQt6_Qt6_qml_QtQuick_Controls_FluentWinUI3_light_images_itemdelegate-background-pressed@3x_png fileNode\nclass node_venv_lib_python3_12_site-packages_PyQt6_Qt6_qml_QtQuick_Controls_FluentWinUI3_light_images_pageindicatordelegate-indicator-delegate-current-hovered_png fileNode\nclass node_venv_lib_python3_12_site-packages_PyQt6_Qt6_qml_QtQuick_Controls_FluentWinUI3_light_images_pageindicatordelegate-indicator-delegate-current-hovered@2x_png fileNode\nclass node_venv_lib_python3_12_site-packages_PyQt6_Qt6_qml_QtQuick_Controls_FluentWinUI3_light_images_pageindicatordelegate-indicator-delegate-current-hovered@3x_png fileNode\nclass node_venv_lib_python3_12_site-packages_PyQt6_Qt6_qml_QtQuick_Controls_FluentWinUI3_light_images_pageindicatordelegate-indicator-delegate-current-pressed_png fileNode\nclass node_venv_lib_python3_12_site-packages_PyQt6_Qt6_qml_QtQuick_Controls_FluentWinUI3_light_images_pageindicatordelegate-indicator-delegate-current-pressed@2x_png fileNode\nclass node_venv_lib_python3_12_site-packages_PyQt6_Qt6_qml_QtQuick_Controls_FluentWinUI3_light_images_pageindicatordelegate-indicator-delegate-current-pressed@3x_png fileNode\nclass node_venv_lib_python3_12_site-packages_PyQt6_Qt6_qml_QtQuick_Controls_FluentWinUI3_light_images_pageindicatordelegate-indicator-delegate-current_png fileNode\nclass node_venv_lib_python3_12_site-packages_PyQt6_Qt6_qml_QtQuick_Controls_FluentWinUI3_light_images_pageindicatordelegate-indicator-delegate-current@2x_png fileNode\nclass node_venv_lib_python3_12_site-packages_PyQt6_Qt6_qml_QtQuick_Controls_FluentWinUI3_light_images_pageindicatordelegate-indicator-delegate-current@3x_png fileNode\nclass node_venv_lib_python3_12_site-packages_PyQt6_Qt6_qml_QtQuick_Controls_FluentWinUI3_light_images_pageindicatordelegate-indicator-delegate-pressed_png fileNode\nclass node_venv_lib_python3_12_site-packages_PyQt6_Qt6_qml_QtQuick_Controls_FluentWinUI3_light_images_pageindicatordelegate-indicator-delegate-pressed@2x_png fileNode\nclass node_venv_lib_python3_12_site-packages_PyQt6_Qt6_qml_QtQuick_Controls_FluentWinUI3_light_images_pageindicatordelegate-indicator-delegate-pressed@3x_png fileNode\nclass node_venv_lib_python3_12_site-packages_PyQt6_Qt6_qml_QtQuick_Controls_FluentWinUI3_light_images_pageindicatordelegate-indicator-disabled_png fileNode\nclass node_venv_lib_python3_12_site-packages_PyQt6_Qt6_qml_QtQuick_Controls_FluentWinUI3_light_images_pageindicatordelegate-indicator-disabled@2x_png fileNode\nclass node_venv_lib_python3_12_site-packages_PyQt6_Qt6_qml_QtQuick_Controls_FluentWinUI3_light_images_pageindicatordelegate-indicator-disabled@3x_png fileNode\nclass node_venv_lib_python3_12_site-packages_PyQt6_Qt6_qml_QtQuick_Controls_FluentWinUI3_light_images_pageindicatordelegate-indicator-hovered_png fileNode\nclass node_venv_lib_python3_12_site-packages_PyQt6_Qt6_qml_QtQuick_Controls_FluentWinUI3_light_images_pageindicatordelegate-indicator-hovered@2x_png fileNode\nclass node_venv_lib_python3_12_site-packages_PyQt6_Qt6_qml_QtQuick_Controls_FluentWinUI3_light_images_pageindicatordelegate-indicator-hovered@3x_png fileNode\nclass node_venv_lib_python3_12_site-packages_PyQt6_Qt6_qml_QtQuick_Controls_FluentWinUI3_light_images_pageindicatordelegate-indicator_png fileNode\nclass node_venv_lib_python3_12_site-packages_PyQt6_Qt6_qml_QtQuick_Controls_FluentWinUI3_light_images_pageindicatordelegate-indicator@2x_png fileNode\nclass node_venv_lib_python3_12_site-packages_PyQt6_Qt6_qml_QtQuick_Controls_FluentWinUI3_light_images_pageindicatordelegate-indicator@3x_png fileNode\nclass node_venv_lib_python3_12_site-packages_PyQt6_Qt6_qml_QtQuick_Controls_FluentWinUI3_light_images_popup-background_png fileNode\nclass node_venv_lib_python3_12_site-packages_PyQt6_Qt6_qml_QtQuick_Controls_FluentWinUI3_light_images_popup-background@2x_png fileNode\nclass node_venv_lib_python3_12_site-packages_PyQt6_Qt6_qml_QtQuick_Controls_FluentWinUI3_light_images_popup-background@3x_png fileNode\nclass node_venv_lib_python3_12_site-packages_PyQt6_Qt6_qml_QtQuick_Controls_FluentWinUI3_light_images_progressbar-groove-disabled_png fileNode\nclass node_venv_lib_python3_12_site-packages_PyQt6_Qt6_qml_QtQuick_Controls_FluentWinUI3_light_images_progressbar-groove-disabled@2x_png fileNode\nclass node_venv_lib_python3_12_site-packages_PyQt6_Qt6_qml_QtQuick_Controls_FluentWinUI3_light_images_progressbar-groove-disabled@3x_png fileNode\nclass node_venv_lib_python3_12_site-packages_PyQt6_Qt6_qml_QtQuick_Controls_FluentWinUI3_light_images_progressbar-groove_png fileNode\nclass node_venv_lib_python3_12_site-packages_PyQt6_Qt6_qml_QtQuick_Controls_FluentWinUI3_light_images_progressbar-groove@2x_png fileNode\nclass node_venv_lib_python3_12_site-packages_PyQt6_Qt6_qml_QtQuick_Controls_FluentWinUI3_light_images_progressbar-groove@3x_png fileNode\nclass node_venv_lib_python3_12_site-packages_PyQt6_Qt6_qml_QtQuick_Controls_FluentWinUI3_light_images_radiobutton-indicator-checked-disabled_png fileNode\nclass node_venv_lib_python3_12_site-packages_PyQt6_Qt6_qml_QtQuick_Controls_FluentWinUI3_light_images_radiobutton-indicator-checked-disabled@2x_png fileNode\nclass node_venv_lib_python3_12_site-packages_PyQt6_Qt6_qml_QtQuick_Controls_FluentWinUI3_light_images_radiobutton-indicator-checked-disabled@3x_png fileNode\nclass node_venv_lib_python3_12_site-packages_PyQt6_Qt6_qml_QtQuick_Controls_FluentWinUI3_light_images_radiobutton-indicator-checked-hovered_png fileNode\nclass node_venv_lib_python3_12_site-packages_PyQt6_Qt6_qml_QtQuick_Controls_FluentWinUI3_light_images_radiobutton-indicator-checked-hovered@2x_png fileNode\nclass node_venv_lib_python3_12_site-packages_PyQt6_Qt6_qml_QtQuick_Controls_FluentWinUI3_light_images_radiobutton-indicator-checked-hovered@3x_png fileNode\nclass node_venv_lib_python3_12_site-packages_PyQt6_Qt6_qml_QtQuick_Controls_FluentWinUI3_light_images_radiobutton-indicator-checked-pressed_png fileNode\nclass node_venv_lib_python3_12_site-packages_PyQt6_Qt6_qml_QtQuick_Controls_FluentWinUI3_light_images_radiobutton-indicator-checked-pressed@2x_png fileNode\nclass node_venv_lib_python3_12_site-packages_PyQt6_Qt6_qml_QtQuick_Controls_FluentWinUI3_light_images_radiobutton-indicator-checked-pressed@3x_png fileNode\nclass node_venv_lib_python3_12_site-packages_PyQt6_Qt6_qml_QtQuick_Controls_FluentWinUI3_light_images_radiobutton-indicator-checked_png fileNode\nclass node_venv_lib_python3_12_site-packages_PyQt6_Qt6_qml_QtQuick_Controls_FluentWinUI3_light_images_radiobutton-indicator-checked@2x_png fileNode\nclass node_venv_lib_python3_12_site-packages_PyQt6_Qt6_qml_QtQuick_Controls_FluentWinUI3_light_images_radiobutton-indicator-checked@3x_png fileNode\nclass node_venv_lib_python3_12_site-packages_PyQt6_Qt6_qml_QtQuick_Controls_FluentWinUI3_light_images_radiobutton-indicator-disabled_png fileNode\nclass node_venv_lib_python3_12_site-packages_PyQt6_Qt6_qml_QtQuick_Controls_FluentWinUI3_light_images_radiobutton-indicator-disabled@2x_png fileNode\nclass node_venv_lib_python3_12_site-packages_PyQt6_Qt6_qml_QtQuick_Controls_FluentWinUI3_light_images_radiobutton-indicator-disabled@3x_png fileNode\nclass node_venv_lib_python3_12_site-packages_PyQt6_Qt6_qml_QtQuick_Controls_FluentWinUI3_light_images_radiobutton-indicator-hovered_png fileNode\nclass node_venv_lib_python3_12_site-packages_PyQt6_Qt6_qml_QtQuick_Controls_FluentWinUI3_light_images_radiobutton-indicator-hovered@2x_png fileNode\nclass node_venv_lib_python3_12_site-packages_PyQt6_Qt6_qml_QtQuick_Controls_FluentWinUI3_light_images_radiobutton-indicator-hovered@3x_png fileNode\nclass node_venv_lib_python3_12_site-packages_PyQt6_Qt6_qml_QtQuick_Controls_FluentWinUI3_light_images_radiobutton-indicator-pressed_png fileNode\nclass node_venv_lib_python3_12_site-packages_PyQt6_Qt6_qml_QtQuick_Controls_FluentWinUI3_light_images_radiobutton-indicator-pressed@2x_png fileNode\nclass node_venv_lib_python3_12_site-packages_PyQt6_Qt6_qml_QtQuick_Controls_FluentWinUI3_light_images_radiobutton-indicator-pressed@3x_png fileNode\nclass node_venv_lib_python3_12_site-packages_PyQt6_Qt6_qml_QtQuick_Controls_FluentWinUI3_light_images_radiobutton-indicator_png fileNode\nclass node_venv_lib_python3_12_site-packages_PyQt6_Qt6_qml_QtQuick_Controls_FluentWinUI3_light_images_radiobutton-indicator@2x_png fileNode\nclass node_venv_lib_python3_12_site-packages_PyQt6_Qt6_qml_QtQuick_Controls_FluentWinUI3_light_images_radiobutton-indicator@3x_png fileNode\nclass node_venv_lib_python3_12_site-packages_PyQt6_Qt6_qml_QtQuick_Controls_FluentWinUI3_light_images_rangeslider-first-handle-disabled_png fileNode\nclass node_venv_lib_python3_12_site-packages_PyQt6_Qt6_qml_QtQuick_Controls_FluentWinUI3_light_images_rangeslider-first-handle-disabled@2x_png fileNode\nclass node_venv_lib_python3_12_site-packages_PyQt6_Qt6_qml_QtQuick_Controls_FluentWinUI3_light_images_rangeslider-first-handle-disabled@3x_png fileNode\nclass node_venv_lib_python3_12_site-packages_PyQt6_Qt6_qml_QtQuick_Controls_FluentWinUI3_light_images_rangeslider-first-handle-handle-pressed_png fileNode\nclass node_venv_lib_python3_12_site-packages_PyQt6_Qt6_qml_QtQuick_Controls_FluentWinUI3_light_images_rangeslider-first-handle-handle-pressed@2x_png fileNode\nclass node_venv_lib_python3_12_site-packages_PyQt6_Qt6_qml_QtQuick_Controls_FluentWinUI3_light_images_rangeslider-first-handle-handle-pressed@3x_png fileNode\nclass node_venv_lib_python3_12_site-packages_PyQt6_Qt6_qml_QtQuick_Controls_FluentWinUI3_light_images_rangeslider-first-handle-hovered_png fileNode\nclass node_venv_lib_python3_12_site-packages_PyQt6_Qt6_qml_QtQuick_Controls_FluentWinUI3_light_images_rangeslider-first-handle-hovered@2x_png fileNode\nclass node_venv_lib_python3_12_site-packages_PyQt6_Qt6_qml_QtQuick_Controls_FluentWinUI3_light_images_rangeslider-first-handle-hovered@3x_png fileNode\nclass node_venv_lib_python3_12_site-packages_PyQt6_Qt6_qml_QtQuick_Controls_FluentWinUI3_light_images_rangeslider-first-handle_png fileNode\nclass node_venv_lib_python3_12_site-packages_PyQt6_Qt6_qml_QtQuick_Controls_FluentWinUI3_light_images_rangeslider-first-handle@2x_png fileNode\nclass node_venv_lib_python3_12_site-packages_PyQt6_Qt6_qml_QtQuick_Controls_FluentWinUI3_light_images_rangeslider-first-handle@3x_png fileNode\nclass node_venv_lib_python3_12_site-packages_PyQt6_Qt6_qml_QtQuick_Controls_FluentWinUI3_light_images_rangeslider-groove-disabled_png fileNode\nclass node_venv_lib_python3_12_site-packages_PyQt6_Qt6_qml_QtQuick_Controls_FluentWinUI3_light_images_rangeslider-groove-disabled@2x_png fileNode\nclass node_venv_lib_python3_12_site-packages_PyQt6_Qt6_qml_QtQuick_Controls_FluentWinUI3_light_images_rangeslider-groove-disabled@3x_png fileNode\nclass node_venv_lib_python3_12_site-packages_PyQt6_Qt6_qml_QtQuick_Controls_FluentWinUI3_light_images_rangeslider-groove-handle-pressed_png fileNode\nclass node_venv_lib_python3_12_site-packages_PyQt6_Qt6_qml_QtQuick_Controls_FluentWinUI3_light_images_rangeslider-groove-handle-pressed@2x_png fileNode\nclass node_venv_lib_python3_12_site-packages_PyQt6_Qt6_qml_QtQuick_Controls_FluentWinUI3_light_images_rangeslider-groove-handle-pressed@3x_png fileNode\nclass node_venv_lib_python3_12_site-packages_PyQt6_Qt6_qml_QtQuick_Controls_FluentWinUI3_light_images_rangeslider-groove-hovered_png fileNode\nclass node_venv_lib_python3_12_site-packages_PyQt6_Qt6_qml_QtQuick_Controls_FluentWinUI3_light_images_rangeslider-groove-hovered@2x_png fileNode\nclass node_venv_lib_python3_12_site-packages_PyQt6_Qt6_qml_QtQuick_Controls_FluentWinUI3_light_images_rangeslider-groove-hovered@3x_png fileNode\nclass node_venv_lib_python3_12_site-packages_PyQt6_Qt6_qml_QtQuick_Controls_FluentWinUI3_light_images_rangeslider-groove_png fileNode\nclass node_venv_lib_python3_12_site-packages_PyQt6_Qt6_qml_QtQuick_Controls_FluentWinUI3_light_images_rangeslider-groove@2x_png fileNode\nclass node_venv_lib_python3_12_site-packages_PyQt6_Qt6_qml_QtQuick_Controls_FluentWinUI3_light_images_rangeslider-groove@3x_png fileNode\nclass node_venv_lib_python3_12_site-packages_PyQt6_Qt6_qml_QtQuick_Controls_FluentWinUI3_light_images_rangeslider-second-handle-disabled_png fileNode\nclass node_venv_lib_python3_12_site-packages_PyQt6_Qt6_qml_QtQuick_Controls_FluentWinUI3_light_images_rangeslider-second-handle-disabled@2x_png fileNode\nclass node_venv_lib_python3_12_site-packages_PyQt6_Qt6_qml_QtQuick_Controls_FluentWinUI3_light_images_rangeslider-second-handle-disabled@3x_png fileNode\nclass node_venv_lib_python3_12_site-packages_PyQt6_Qt6_qml_QtQuick_Controls_FluentWinUI3_light_images_rangeslider-second-handle-handle-pressed_png fileNode\nclass node_venv_lib_python3_12_site-packages_PyQt6_Qt6_qml_QtQuick_Controls_FluentWinUI3_light_images_rangeslider-second-handle-handle-pressed@2x_png fileNode\nclass node_venv_lib_python3_12_site-packages_PyQt6_Qt6_qml_QtQuick_Controls_FluentWinUI3_light_images_rangeslider-second-handle-handle-pressed@3x_png fileNode\nclass node_venv_lib_python3_12_site-packages_PyQt6_Qt6_qml_QtQuick_Controls_FluentWinUI3_light_images_rangeslider-second-handle-hovered_png fileNode\nclass node_venv_lib_python3_12_site-packages_PyQt6_Qt6_qml_QtQuick_Controls_FluentWinUI3_light_images_rangeslider-second-handle-hovered@2x_png fileNode\nclass node_venv_lib_python3_12_site-packages_PyQt6_Qt6_qml_QtQuick_Controls_FluentWinUI3_light_images_rangeslider-second-handle-hovered@3x_png fileNode\nclass node_venv_lib_python3_12_site-packages_PyQt6_Qt6_qml_QtQuick_Controls_FluentWinUI3_light_images_rangeslider-second-handle_png fileNode\nclass node_venv_lib_python3_12_site-packages_PyQt6_Qt6_qml_QtQuick_Controls_FluentWinUI3_light_images_rangeslider-second-handle@2x_png fileNode\nclass node_venv_lib_python3_12_site-packages_PyQt6_Qt6_qml_QtQuick_Controls_FluentWinUI3_light_images_rangeslider-second-handle@3x_png fileNode\nclass node_venv_lib_python3_12_site-packages_PyQt6_Qt6_qml_QtQuick_Controls_FluentWinUI3_light_images_slider-groove-disabled_png fileNode\nclass node_venv_lib_python3_12_site-packages_PyQt6_Qt6_qml_QtQuick_Controls_FluentWinUI3_light_images_slider-groove-disabled@2x_png fileNode\nclass node_venv_lib_python3_12_site-packages_PyQt6_Qt6_qml_QtQuick_Controls_FluentWinUI3_light_images_slider-groove-disabled@3x_png fileNode\nclass node_venv_lib_python3_12_site-packages_PyQt6_Qt6_qml_QtQuick_Controls_FluentWinUI3_light_images_slider-groove-hovered_png fileNode\nclass node_venv_lib_python3_12_site-packages_PyQt6_Qt6_qml_QtQuick_Controls_FluentWinUI3_light_images_slider-groove-hovered@2x_png fileNode\nclass node_venv_lib_python3_12_site-packages_PyQt6_Qt6_qml_QtQuick_Controls_FluentWinUI3_light_images_slider-groove-hovered@3x_png fileNode\nclass node_venv_lib_python3_12_site-packages_PyQt6_Qt6_qml_QtQuick_Controls_FluentWinUI3_light_images_slider-groove-pressed_png fileNode\nclass node_venv_lib_python3_12_site-packages_PyQt6_Qt6_qml_QtQuick_Controls_FluentWinUI3_light_images_slider-groove-pressed@2x_png fileNode\nclass node_venv_lib_python3_12_site-packages_PyQt6_Qt6_qml_QtQuick_Controls_FluentWinUI3_light_images_slider-groove-pressed@3x_png fileNode\nclass node_venv_lib_python3_12_site-packages_PyQt6_Qt6_qml_QtQuick_Controls_FluentWinUI3_light_images_slider-groove_png fileNode\nclass node_venv_lib_python3_12_site-packages_PyQt6_Qt6_qml_QtQuick_Controls_FluentWinUI3_light_images_slider-groove@2x_png fileNode\nclass node_venv_lib_python3_12_site-packages_PyQt6_Qt6_qml_QtQuick_Controls_FluentWinUI3_light_images_slider-groove@3x_png fileNode\nclass node_venv_lib_python3_12_site-packages_PyQt6_Qt6_qml_QtQuick_Controls_FluentWinUI3_light_images_slider-handle-disabled_png fileNode\nclass node_venv_lib_python3_12_site-packages_PyQt6_Qt6_qml_QtQuick_Controls_FluentWinUI3_light_images_slider-handle-disabled@2x_png fileNode\nclass node_venv_lib_python3_12_site-packages_PyQt6_Qt6_qml_QtQuick_Controls_FluentWinUI3_light_images_slider-handle-disabled@3x_png fileNode\nclass node_venv_lib_python3_12_site-packages_PyQt6_Qt6_qml_QtQuick_Controls_FluentWinUI3_light_images_slider-handle-hovered_png fileNode\nclass node_venv_lib_python3_12_site-packages_PyQt6_Qt6_qml_QtQuick_Controls_FluentWinUI3_light_images_slider-handle-hovered@2x_png fileNode\nclass node_venv_lib_python3_12_site-packages_PyQt6_Qt6_qml_QtQuick_Controls_FluentWinUI3_light_images_slider-handle-hovered@3x_png fileNode\nclass node_venv_lib_python3_12_site-packages_PyQt6_Qt6_qml_QtQuick_Controls_FluentWinUI3_light_images_slider-handle-pressed_png fileNode\nclass node_venv_lib_python3_12_site-packages_PyQt6_Qt6_qml_QtQuick_Controls_FluentWinUI3_light_images_slider-handle-pressed@2x_png fileNode\nclass node_venv_lib_python3_12_site-packages_PyQt6_Qt6_qml_QtQuick_Controls_FluentWinUI3_light_images_slider-handle-pressed@3x_png fileNode\nclass node_venv_lib_python3_12_site-packages_PyQt6_Qt6_qml_QtQuick_Controls_FluentWinUI3_light_images_slider-handle_png fileNode\nclass node_venv_lib_python3_12_site-packages_PyQt6_Qt6_qml_QtQuick_Controls_FluentWinUI3_light_images_slider-handle@2x_png fileNode\nclass node_venv_lib_python3_12_site-packages_PyQt6_Qt6_qml_QtQuick_Controls_FluentWinUI3_light_images_slider-handle@3x_png fileNode\nclass node_venv_lib_python3_12_site-packages_PyQt6_Qt6_qml_QtQuick_Controls_FluentWinUI3_light_images_spinbox-background-atlimit_png fileNode\nclass node_venv_lib_python3_12_site-packages_PyQt6_Qt6_qml_QtQuick_Controls_FluentWinUI3_light_images_spinbox-background-atlimit@2x_png fileNode\nclass node_venv_lib_python3_12_site-packages_PyQt6_Qt6_qml_QtQuick_Controls_FluentWinUI3_light_images_spinbox-background-atlimit@3x_png fileNode\nclass node_venv_lib_python3_12_site-packages_PyQt6_Qt6_qml_QtQuick_Controls_FluentWinUI3_light_images_spinbox-background-disabled_png fileNode\nclass node_venv_lib_python3_12_site-packages_PyQt6_Qt6_qml_QtQuick_Controls_FluentWinUI3_light_images_spinbox-background-disabled@2x_png fileNode\nclass node_venv_lib_python3_12_site-packages_PyQt6_Qt6_qml_QtQuick_Controls_FluentWinUI3_light_images_spinbox-background-disabled@3x_png fileNode\nclass node_venv_lib_python3_12_site-packages_PyQt6_Qt6_qml_QtQuick_Controls_FluentWinUI3_light_images_spinbox-background-down-hovered_png fileNode\nclass node_venv_lib_python3_12_site-packages_PyQt6_Qt6_qml_QtQuick_Controls_FluentWinUI3_light_images_spinbox-background-down-hovered@2x_png fileNode\nclass node_venv_lib_python3_12_site-packages_PyQt6_Qt6_qml_QtQuick_Controls_FluentWinUI3_light_images_spinbox-background-down-hovered@3x_png fileNode\nclass node_venv_lib_python3_12_site-packages_PyQt6_Qt6_qml_QtQuick_Controls_FluentWinUI3_light_images_spinbox-background-down-pressed_png fileNode\nclass node_venv_lib_python3_12_site-packages_PyQt6_Qt6_qml_QtQuick_Controls_FluentWinUI3_light_images_spinbox-background-down-pressed@2x_png fileNode\nclass node_venv_lib_python3_12_site-packages_PyQt6_Qt6_qml_QtQuick_Controls_FluentWinUI3_light_images_spinbox-background-down-pressed@3x_png fileNode\nclass node_venv_lib_python3_12_site-packages_PyQt6_Qt6_qml_QtQuick_Controls_FluentWinUI3_light_images_spinbox-background-hovered_png fileNode\nclass node_venv_lib_python3_12_site-packages_PyQt6_Qt6_qml_QtQuick_Controls_FluentWinUI3_light_images_spinbox-background-hovered@2x_png fileNode\nclass node_venv_lib_python3_12_site-packages_PyQt6_Qt6_qml_QtQuick_Controls_FluentWinUI3_light_images_spinbox-background-hovered@3x_png fileNode\nclass node_venv_lib_python3_12_site-packages_PyQt6_Qt6_qml_QtQuick_Controls_FluentWinUI3_light_images_spinbox-background-up-hovered_png fileNode\nclass node_venv_lib_python3_12_site-packages_PyQt6_Qt6_qml_QtQuick_Controls_FluentWinUI3_light_images_spinbox-background-up-hovered@2x_png fileNode\nclass node_venv_lib_python3_12_site-packages_PyQt6_Qt6_qml_QtQuick_Controls_FluentWinUI3_light_images_spinbox-background-up-hovered@3x_png fileNode\nclass node_venv_lib_python3_12_site-packages_PyQt6_Qt6_qml_QtQuick_Controls_FluentWinUI3_light_images_spinbox-background-up-pressed_png fileNode\nclass node_venv_lib_python3_12_site-packages_PyQt6_Qt6_qml_QtQuick_Controls_FluentWinUI3_light_images_spinbox-background-up-pressed@2x_png fileNode\nclass node_venv_lib_python3_12_site-packages_PyQt6_Qt6_qml_QtQuick_Controls_FluentWinUI3_light_images_spinbox-background-up-pressed@3x_png fileNode\nclass node_venv_lib_python3_12_site-packages_PyQt6_Qt6_qml_QtQuick_Controls_FluentWinUI3_light_images_spinbox-background_png fileNode\nclass node_venv_lib_python3_12_site-packages_PyQt6_Qt6_qml_QtQuick_Controls_FluentWinUI3_light_images_spinbox-background@2x_png fileNode\nclass node_venv_lib_python3_12_site-packages_PyQt6_Qt6_qml_QtQuick_Controls_FluentWinUI3_light_images_spinbox-background@3x_png fileNode\nclass node_venv_lib_python3_12_site-packages_PyQt6_Qt6_qml_QtQuick_Controls_FluentWinUI3_light_images_spinbox-indicator-down-background-atlimit_png fileNode\nclass node_venv_lib_python3_12_site-packages_PyQt6_Qt6_qml_QtQuick_Controls_FluentWinUI3_light_images_spinbox-indicator-down-background-atlimit@2x_png fileNode\nclass node_venv_lib_python3_12_site-packages_PyQt6_Qt6_qml_QtQuick_Controls_FluentWinUI3_light_images_spinbox-indicator-down-background-atlimit@3x_png fileNode\nclass node_venv_lib_python3_12_site-packages_PyQt6_Qt6_qml_QtQuick_Controls_FluentWinUI3_light_images_spinbox-indicator-down-background-disabled_png fileNode\nclass node_venv_lib_python3_12_site-packages_PyQt6_Qt6_qml_QtQuick_Controls_FluentWinUI3_light_images_spinbox-indicator-down-background-disabled@2x_png fileNode\nclass node_venv_lib_python3_12_site-packages_PyQt6_Qt6_qml_QtQuick_Controls_FluentWinUI3_light_images_spinbox-indicator-down-background-disabled@3x_png fileNode\nclass node_venv_lib_python3_12_site-packages_PyQt6_Qt6_qml_QtQuick_Controls_FluentWinUI3_light_images_spinbox-indicator-down-background-down-hovered_png fileNode\nclass node_venv_lib_python3_12_site-packages_PyQt6_Qt6_qml_QtQuick_Controls_FluentWinUI3_light_images_spinbox-indicator-down-background-down-hovered@2x_png fileNode\nclass node_venv_lib_python3_12_site-packages_PyQt6_Qt6_qml_QtQuick_Controls_FluentWinUI3_light_images_spinbox-indicator-down-background-down-hovered@3x_png fileNode\nclass node_venv_lib_python3_12_site-packages_PyQt6_Qt6_qml_QtQuick_Controls_FluentWinUI3_light_images_spinbox-indicator-down-background-down-pressed_png fileNode\nclass node_venv_lib_python3_12_site-packages_PyQt6_Qt6_qml_QtQuick_Controls_FluentWinUI3_light_images_spinbox-indicator-down-background-down-pressed@2x_png fileNode\nclass node_venv_lib_python3_12_site-packages_PyQt6_Qt6_qml_QtQuick_Controls_FluentWinUI3_light_images_spinbox-indicator-down-background-down-pressed@3x_png fileNode\nclass node_venv_lib_python3_12_site-packages_PyQt6_Qt6_qml_QtQuick_Controls_FluentWinUI3_light_images_spinbox-indicator-down-background-hovered_png fileNode\nclass node_venv_lib_python3_12_site-packages_PyQt6_Qt6_qml_QtQuick_Controls_FluentWinUI3_light_images_spinbox-indicator-down-background-hovered@2x_png fileNode\nclass node_venv_lib_python3_12_site-packages_PyQt6_Qt6_qml_QtQuick_Controls_FluentWinUI3_light_images_spinbox-indicator-down-background-hovered@3x_png fileNode\nclass node_venv_lib_python3_12_site-packages_PyQt6_Qt6_qml_QtQuick_Controls_FluentWinUI3_light_images_spinbox-indicator-down-background-up-hovered_png fileNode\nclass node_venv_lib_python3_12_site-packages_PyQt6_Qt6_qml_QtQuick_Controls_FluentWinUI3_light_images_spinbox-indicator-down-background-up-hovered@2x_png fileNode\nclass node_venv_lib_python3_12_site-packages_PyQt6_Qt6_qml_QtQuick_Controls_FluentWinUI3_light_images_spinbox-indicator-down-background-up-hovered@3x_png fileNode\nclass node_venv_lib_python3_12_site-packages_PyQt6_Qt6_qml_QtQuick_Controls_FluentWinUI3_light_images_spinbox-indicator-down-background-up-pressed_png fileNode\nclass node_venv_lib_python3_12_site-packages_PyQt6_Qt6_qml_QtQuick_Controls_FluentWinUI3_light_images_spinbox-indicator-down-background-up-pressed@2x_png fileNode\nclass node_venv_lib_python3_12_site-packages_PyQt6_Qt6_qml_QtQuick_Controls_FluentWinUI3_light_images_spinbox-indicator-down-background-up-pressed@3x_png fileNode\nclass node_venv_lib_python3_12_site-packages_PyQt6_Qt6_qml_QtQuick_Controls_FluentWinUI3_light_images_spinbox-indicator-down-background_png fileNode\nclass node_venv_lib_python3_12_site-packages_PyQt6_Qt6_qml_QtQuick_Controls_FluentWinUI3_light_images_spinbox-indicator-down-background@2x_png fileNode\nclass node_venv_lib_python3_12_site-packages_PyQt6_Qt6_qml_QtQuick_Controls_FluentWinUI3_light_images_spinbox-indicator-down-background@3x_png fileNode\nclass node_venv_lib_python3_12_site-packages_PyQt6_Qt6_qml_QtQuick_Controls_FluentWinUI3_light_images_spinbox-indicator-down-icon-atlimit_png fileNode\nclass node_venv_lib_python3_12_site-packages_PyQt6_Qt6_qml_QtQuick_Controls_FluentWinUI3_light_images_spinbox-indicator-down-icon-atlimit@2x_png fileNode\nclass node_venv_lib_python3_12_site-packages_PyQt6_Qt6_qml_QtQuick_Controls_FluentWinUI3_light_images_spinbox-indicator-down-icon-atlimit@3x_png fileNode\nclass node_venv_lib_python3_12_site-packages_PyQt6_Qt6_qml_QtQuick_Controls_FluentWinUI3_light_images_spinbox-indicator-down-icon-disabled_png fileNode\nclass node_venv_lib_python3_12_site-packages_PyQt6_Qt6_qml_QtQuick_Controls_FluentWinUI3_light_images_spinbox-indicator-down-icon-disabled@2x_png fileNode\nclass node_venv_lib_python3_12_site-packages_PyQt6_Qt6_qml_QtQuick_Controls_FluentWinUI3_light_images_spinbox-indicator-down-icon-disabled@3x_png fileNode\nclass node_venv_lib_python3_12_site-packages_PyQt6_Qt6_qml_QtQuick_Controls_FluentWinUI3_light_images_spinbox-indicator-down-icon-down-hovered_png fileNode\nclass node_venv_lib_python3_12_site-packages_PyQt6_Qt6_qml_QtQuick_Controls_FluentWinUI3_light_images_spinbox-indicator-down-icon-down-hovered@2x_png fileNode\nclass node_venv_lib_python3_12_site-packages_PyQt6_Qt6_qml_QtQuick_Controls_FluentWinUI3_light_images_spinbox-indicator-down-icon-down-hovered@3x_png fileNode\nclass node_venv_lib_python3_12_site-packages_PyQt6_Qt6_qml_QtQuick_Controls_FluentWinUI3_light_images_spinbox-indicator-down-icon-down-pressed_png fileNode\nclass node_venv_lib_python3_12_site-packages_PyQt6_Qt6_qml_QtQuick_Controls_FluentWinUI3_light_images_spinbox-indicator-down-icon-down-pressed@2x_png fileNode\nclass node_venv_lib_python3_12_site-packages_PyQt6_Qt6_qml_QtQuick_Controls_FluentWinUI3_light_images_spinbox-indicator-down-icon-down-pressed@3x_png fileNode\nclass node_venv_lib_python3_12_site-packages_PyQt6_Qt6_qml_QtQuick_Controls_FluentWinUI3_light_images_spinbox-indicator-down-icon-hovered_png fileNode\nclass node_venv_lib_python3_12_site-packages_PyQt6_Qt6_qml_QtQuick_Controls_FluentWinUI3_light_images_spinbox-indicator-down-icon-hovered@2x_png fileNode\nclass node_venv_lib_python3_12_site-packages_PyQt6_Qt6_qml_QtQuick_Controls_FluentWinUI3_light_images_spinbox-indicator-down-icon-hovered@3x_png fileNode\nclass node_venv_lib_python3_12_site-packages_PyQt6_Qt6_qml_QtQuick_Controls_FluentWinUI3_light_images_spinbox-indicator-down-icon-up-hovered_png fileNode\nclass node_venv_lib_python3_12_site-packages_PyQt6_Qt6_qml_QtQuick_Controls_FluentWinUI3_light_images_spinbox-indicator-down-icon-up-hovered@2x_png fileNode\nclass node_venv_lib_python3_12_site-packages_PyQt6_Qt6_qml_QtQuick_Controls_FluentWinUI3_light_images_spinbox-indicator-down-icon-up-hovered@3x_png fileNode\nclass node_venv_lib_python3_12_site-packages_PyQt6_Qt6_qml_QtQuick_Controls_FluentWinUI3_light_images_spinbox-indicator-down-icon-up-pressed_png fileNode\nclass node_venv_lib_python3_12_site-packages_PyQt6_Qt6_qml_QtQuick_Controls_FluentWinUI3_light_images_spinbox-indicator-down-icon-up-pressed@2x_png fileNode\nclass node_venv_lib_python3_12_site-packages_PyQt6_Qt6_qml_QtQuick_Controls_FluentWinUI3_light_images_spinbox-indicator-down-icon-up-pressed@3x_png fileNode\nclass node_venv_lib_python3_12_site-packages_PyQt6_Qt6_qml_QtQuick_Controls_FluentWinUI3_light_images_spinbox-indicator-down-icon_png fileNode\nclass node_venv_lib_python3_12_site-packages_PyQt6_Qt6_qml_QtQuick_Controls_FluentWinUI3_light_images_spinbox-indicator-down-icon@2x_png fileNode\nclass node_venv_lib_python3_12_site-packages_PyQt6_Qt6_qml_QtQuick_Controls_FluentWinUI3_light_images_spinbox-indicator-down-icon@3x_png fileNode\nclass node_venv_lib_python3_12_site-packages_PyQt6_Qt6_qml_QtQuick_Controls_FluentWinUI3_light_images_spinbox-indicator-up-background-atlimit_png fileNode\nclass node_venv_lib_python3_12_site-packages_PyQt6_Qt6_qml_QtQuick_Controls_FluentWinUI3_light_images_spinbox-indicator-up-background-atlimit@2x_png fileNode\nclass node_venv_lib_python3_12_site-packages_PyQt6_Qt6_qml_QtQuick_Controls_FluentWinUI3_light_images_spinbox-indicator-up-background-atlimit@3x_png fileNode\nclass node_venv_lib_python3_12_site-packages_PyQt6_Qt6_qml_QtQuick_Controls_FluentWinUI3_light_images_spinbox-indicator-up-background-disabled_png fileNode\nclass node_venv_lib_python3_12_site-packages_PyQt6_Qt6_qml_QtQuick_Controls_FluentWinUI3_light_images_spinbox-indicator-up-background-disabled@2x_png fileNode\nclass node_venv_lib_python3_12_site-packages_PyQt6_Qt6_qml_QtQuick_Controls_FluentWinUI3_light_images_spinbox-indicator-up-background-disabled@3x_png fileNode\nclass node_venv_lib_python3_12_site-packages_PyQt6_Qt6_qml_QtQuick_Controls_FluentWinUI3_light_images_spinbox-indicator-up-background-down-hovered_png fileNode\nclass node_venv_lib_python3_12_site-packages_PyQt6_Qt6_qml_QtQuick_Controls_FluentWinUI3_light_images_spinbox-indicator-up-background-down-hovered@2x_png fileNode\nclass node_venv_lib_python3_12_site-packages_PyQt6_Qt6_qml_QtQuick_Controls_FluentWinUI3_light_images_spinbox-indicator-up-background-down-hovered@3x_png fileNode\nclass node_venv_lib_python3_12_site-packages_PyQt6_Qt6_qml_QtQuick_Controls_FluentWinUI3_light_images_spinbox-indicator-up-background-down-pressed_png fileNode\nclass node_venv_lib_python3_12_site-packages_PyQt6_Qt6_qml_QtQuick_Controls_FluentWinUI3_light_images_spinbox-indicator-up-background-down-pressed@2x_png fileNode\nclass node_venv_lib_python3_12_site-packages_PyQt6_Qt6_qml_QtQuick_Controls_FluentWinUI3_light_images_spinbox-indicator-up-background-down-pressed@3x_png fileNode\nclass node_venv_lib_python3_12_site-packages_PyQt6_Qt6_qml_QtQuick_Controls_FluentWinUI3_light_images_spinbox-indicator-up-background-hovered_png fileNode\nclass node_venv_lib_python3_12_site-packages_PyQt6_Qt6_qml_QtQuick_Controls_FluentWinUI3_light_images_spinbox-indicator-up-background-hovered@2x_png fileNode\nclass node_venv_lib_python3_12_site-packages_PyQt6_Qt6_qml_QtQuick_Controls_FluentWinUI3_light_images_spinbox-indicator-up-background-hovered@3x_png fileNode\nclass node_venv_lib_python3_12_site-packages_PyQt6_Qt6_qml_QtQuick_Controls_FluentWinUI3_light_images_spinbox-indicator-up-background-up-hovered_png fileNode\nclass node_venv_lib_python3_12_site-packages_PyQt6_Qt6_qml_QtQuick_Controls_FluentWinUI3_light_images_spinbox-indicator-up-background-up-hovered@2x_png fileNode\nclass node_venv_lib_python3_12_site-packages_PyQt6_Qt6_qml_QtQuick_Controls_FluentWinUI3_light_images_spinbox-indicator-up-background-up-hovered@3x_png fileNode\nclass node_venv_lib_python3_12_site-packages_PyQt6_Qt6_qml_QtQuick_Controls_FluentWinUI3_light_images_spinbox-indicator-up-background-up-pressed_png fileNode\nclass node_venv_lib_python3_12_site-packages_PyQt6_Qt6_qml_QtQuick_Controls_FluentWinUI3_light_images_spinbox-indicator-up-background-up-pressed@2x_png fileNode\nclass node_venv_lib_python3_12_site-packages_PyQt6_Qt6_qml_QtQuick_Controls_FluentWinUI3_light_images_spinbox-indicator-up-background-up-pressed@3x_png fileNode\nclass node_venv_lib_python3_12_site-packages_PyQt6_Qt6_qml_QtQuick_Controls_FluentWinUI3_light_images_spinbox-indicator-up-background_png fileNode\nclass node_venv_lib_python3_12_site-packages_PyQt6_Qt6_qml_QtQuick_Controls_FluentWinUI3_light_images_spinbox-indicator-up-background@2x_png fileNode\nclass node_venv_lib_python3_12_site-packages_PyQt6_Qt6_qml_QtQuick_Controls_FluentWinUI3_light_images_spinbox-indicator-up-background@3x_png fileNode\nclass node_venv_lib_python3_12_site-packages_PyQt6_Qt6_qml_QtQuick_Controls_FluentWinUI3_light_images_spinbox-indicator-up-icon-atlimit_png fileNode\nclass node_venv_lib_python3_12_site-packages_PyQt6_Qt6_qml_QtQuick_Controls_FluentWinUI3_light_images_spinbox-indicator-up-icon-atlimit@2x_png fileNode\nclass node_venv_lib_python3_12_site-packages_PyQt6_Qt6_qml_QtQuick_Controls_FluentWinUI3_light_images_spinbox-indicator-up-icon-atlimit@3x_png fileNode\nclass node_venv_lib_python3_12_site-packages_PyQt6_Qt6_qml_QtQuick_Controls_FluentWinUI3_light_images_spinbox-indicator-up-icon-disabled_png fileNode\nclass node_venv_lib_python3_12_site-packages_PyQt6_Qt6_qml_QtQuick_Controls_FluentWinUI3_light_images_spinbox-indicator-up-icon-disabled@2x_png fileNode\nclass node_venv_lib_python3_12_site-packages_PyQt6_Qt6_qml_QtQuick_Controls_FluentWinUI3_light_images_spinbox-indicator-up-icon-disabled@3x_png fileNode\nclass node_venv_lib_python3_12_site-packages_PyQt6_Qt6_qml_QtQuick_Controls_FluentWinUI3_light_images_spinbox-indicator-up-icon-down-hovered_png fileNode\nclass node_venv_lib_python3_12_site-packages_PyQt6_Qt6_qml_QtQuick_Controls_FluentWinUI3_light_images_spinbox-indicator-up-icon-down-hovered@2x_png fileNode\nclass node_venv_lib_python3_12_site-packages_PyQt6_Qt6_qml_QtQuick_Controls_FluentWinUI3_light_images_spinbox-indicator-up-icon-down-hovered@3x_png fileNode\nclass node_venv_lib_python3_12_site-packages_PyQt6_Qt6_qml_QtQuick_Controls_FluentWinUI3_light_images_spinbox-indicator-up-icon-down-pressed_png fileNode\nclass node_venv_lib_python3_12_site-packages_PyQt6_Qt6_qml_QtQuick_Controls_FluentWinUI3_light_images_spinbox-indicator-up-icon-down-pressed@2x_png fileNode\nclass node_venv_lib_python3_12_site-packages_PyQt6_Qt6_qml_QtQuick_Controls_FluentWinUI3_light_images_spinbox-indicator-up-icon-down-pressed@3x_png fileNode\nclass node_venv_lib_python3_12_site-packages_PyQt6_Qt6_qml_QtQuick_Controls_FluentWinUI3_light_images_spinbox-indicator-up-icon-hovered_png fileNode\nclass node_venv_lib_python3_12_site-packages_PyQt6_Qt6_qml_QtQuick_Controls_FluentWinUI3_light_images_spinbox-indicator-up-icon-hovered@2x_png fileNode\nclass node_venv_lib_python3_12_site-packages_PyQt6_Qt6_qml_QtQuick_Controls_FluentWinUI3_light_images_spinbox-indicator-up-icon-hovered@3x_png fileNode\nclass node_venv_lib_python3_12_site-packages_PyQt6_Qt6_qml_QtQuick_Controls_FluentWinUI3_light_images_spinbox-indicator-up-icon-up-hovered_png fileNode\nclass node_venv_lib_python3_12_site-packages_PyQt6_Qt6_qml_QtQuick_Controls_FluentWinUI3_light_images_spinbox-indicator-up-icon-up-hovered@2x_png fileNode\nclass node_venv_lib_python3_12_site-packages_PyQt6_Qt6_qml_QtQuick_Controls_FluentWinUI3_light_images_spinbox-indicator-up-icon-up-hovered@3x_png fileNode\nclass node_venv_lib_python3_12_site-packages_PyQt6_Qt6_qml_QtQuick_Controls_FluentWinUI3_light_images_spinbox-indicator-up-icon-up-pressed_png fileNode\nclass node_venv_lib_python3_12_site-packages_PyQt6_Qt6_qml_QtQuick_Controls_FluentWinUI3_light_images_spinbox-indicator-up-icon-up-pressed@2x_png fileNode\nclass node_venv_lib_python3_12_site-packages_PyQt6_Qt6_qml_QtQuick_Controls_FluentWinUI3_light_images_spinbox-indicator-up-icon-up-pressed@3x_png fileNode\nclass node_venv_lib_python3_12_site-packages_PyQt6_Qt6_qml_QtQuick_Controls_FluentWinUI3_light_images_spinbox-indicator-up-icon_png fileNode\nclass node_venv_lib_python3_12_site-packages_PyQt6_Qt6_qml_QtQuick_Controls_FluentWinUI3_light_images_spinbox-indicator-up-icon@2x_png fileNode\nclass node_venv_lib_python3_12_site-packages_PyQt6_Qt6_qml_QtQuick_Controls_FluentWinUI3_light_images_spinbox-indicator-up-icon@3x_png fileNode\nclass node_venv_lib_python3_12_site-packages_PyQt6_Qt6_qml_QtQuick_Controls_FluentWinUI3_light_images_textarea-background-disabled_png fileNode\nclass node_venv_lib_python3_12_site-packages_PyQt6_Qt6_qml_QtQuick_Controls_FluentWinUI3_light_images_textarea-background-disabled@2x_png fileNode\nclass node_venv_lib_python3_12_site-packages_PyQt6_Qt6_qml_QtQuick_Controls_FluentWinUI3_light_images_textarea-background-disabled@3x_png fileNode\nclass node_venv_lib_python3_12_site-packages_PyQt6_Qt6_qml_QtQuick_Controls_FluentWinUI3_light_images_textarea-background-focused_png fileNode\nclass node_venv_lib_python3_12_site-packages_PyQt6_Qt6_qml_QtQuick_Controls_FluentWinUI3_light_images_textarea-background-focused@2x_png fileNode\nclass node_venv_lib_python3_12_site-packages_PyQt6_Qt6_qml_QtQuick_Controls_FluentWinUI3_light_images_textarea-background-focused@3x_png fileNode\nclass node_venv_lib_python3_12_site-packages_PyQt6_Qt6_qml_QtQuick_Controls_FluentWinUI3_light_images_textarea-background-hovered_png fileNode\nclass node_venv_lib_python3_12_site-packages_PyQt6_Qt6_qml_QtQuick_Controls_FluentWinUI3_light_images_textarea-background-hovered@2x_png fileNode\nclass node_venv_lib_python3_12_site-packages_PyQt6_Qt6_qml_QtQuick_Controls_FluentWinUI3_light_images_textarea-background-hovered@3x_png fileNode\nclass node_venv_lib_python3_12_site-packages_PyQt6_Qt6_qml_QtQuick_Controls_FluentWinUI3_light_images_textarea-background_png fileNode\nclass node_venv_lib_python3_12_site-packages_PyQt6_Qt6_qml_QtQuick_Controls_FluentWinUI3_light_images_textarea-background@2x_png fileNode\nclass node_venv_lib_python3_12_site-packages_PyQt6_Qt6_qml_QtQuick_Controls_FluentWinUI3_light_images_textarea-background@3x_png fileNode\nclass node_venv_lib_python3_12_site-packages_PyQt6_Qt6_qml_QtQuick_Controls_FluentWinUI3_light_images_textfield-background-disabled_png fileNode\nclass node_venv_lib_python3_12_site-packages_PyQt6_Qt6_qml_QtQuick_Controls_FluentWinUI3_light_images_textfield-background-disabled@2x_png fileNode\nclass node_venv_lib_python3_12_site-packages_PyQt6_Qt6_qml_QtQuick_Controls_FluentWinUI3_light_images_textfield-background-disabled@3x_png fileNode\nclass node_venv_lib_python3_12_site-packages_PyQt6_Qt6_qml_QtQuick_Controls_FluentWinUI3_light_images_textfield-background-focused_png fileNode\nclass node_venv_lib_python3_12_site-packages_PyQt6_Qt6_qml_QtQuick_Controls_FluentWinUI3_light_images_textfield-background-focused@2x_png fileNode\nclass node_venv_lib_python3_12_site-packages_PyQt6_Qt6_qml_QtQuick_Controls_FluentWinUI3_light_images_textfield-background-focused@3x_png fileNode\nclass node_venv_lib_python3_12_site-packages_PyQt6_Qt6_qml_QtQuick_Controls_FluentWinUI3_light_images_textfield-background-hovered_png fileNode\nclass node_venv_lib_python3_12_site-packages_PyQt6_Qt6_qml_QtQuick_Controls_FluentWinUI3_light_images_textfield-background-hovered@2x_png fileNode\nclass node_venv_lib_python3_12_site-packages_PyQt6_Qt6_qml_QtQuick_Controls_FluentWinUI3_light_images_textfield-background-hovered@3x_png fileNode\nclass node_venv_lib_python3_12_site-packages_PyQt6_Qt6_qml_QtQuick_Controls_FluentWinUI3_light_images_textfield-background_png fileNode\nclass node_venv_lib_python3_12_site-packages_PyQt6_Qt6_qml_QtQuick_Controls_FluentWinUI3_light_images_textfield-background@2x_png fileNode\nclass node_venv_lib_python3_12_site-packages_PyQt6_Qt6_qml_QtQuick_Controls_FluentWinUI3_light_images_textfield-background@3x_png fileNode\nclass node_venv_lib_python3_12_site-packages_PyQt6_Qt6_qml_QtQuick_Controls_FluentWinUI3_dark_images_checkbox-indicator-checked-disabled_png fileNode\nclass node_venv_lib_python3_12_site-packages_PyQt6_Qt6_qml_QtQuick_Controls_FluentWinUI3_dark_images_checkbox-indicator-checked-disabled@2x_png fileNode\nclass node_venv_lib_python3_12_site-packages_PyQt6_Qt6_qml_QtQuick_Controls_FluentWinUI3_dark_images_checkbox-indicator-checked-disabled@3x_png fileNode\nclass node_venv_lib_python3_12_site-packages_PyQt6_Qt6_qml_QtQuick_Controls_FluentWinUI3_dark_images_checkbox-indicator-checked-hovered_png fileNode\nclass node_venv_lib_python3_12_site-packages_PyQt6_Qt6_qml_QtQuick_Controls_FluentWinUI3_dark_images_checkbox-indicator-checked-hovered@2x_png fileNode\nclass node_venv_lib_python3_12_site-packages_PyQt6_Qt6_qml_QtQuick_Controls_FluentWinUI3_dark_images_checkbox-indicator-checked-hovered@3x_png fileNode\nclass node_venv_lib_python3_12_site-packages_PyQt6_Qt6_qml_QtQuick_Controls_FluentWinUI3_dark_images_checkbox-indicator-checked-pressed_png fileNode\nclass node_venv_lib_python3_12_site-packages_PyQt6_Qt6_qml_QtQuick_Controls_FluentWinUI3_dark_images_checkbox-indicator-checked-pressed@2x_png fileNode\nclass node_venv_lib_python3_12_site-packages_PyQt6_Qt6_qml_QtQuick_Controls_FluentWinUI3_dark_images_checkbox-indicator-checked-pressed@3x_png fileNode\nclass node_venv_lib_python3_12_site-packages_PyQt6_Qt6_qml_QtQuick_Controls_FluentWinUI3_dark_images_checkbox-indicator-checked_png fileNode\nclass node_venv_lib_python3_12_site-packages_PyQt6_Qt6_qml_QtQuick_Controls_FluentWinUI3_dark_images_checkbox-indicator-checked@2x_png fileNode\nclass node_venv_lib_python3_12_site-packages_PyQt6_Qt6_qml_QtQuick_Controls_FluentWinUI3_dark_images_checkbox-indicator-checked@3x_png fileNode\nclass node_venv_lib_python3_12_site-packages_PyQt6_Qt6_qml_QtQuick_Controls_FluentWinUI3_dark_images_checkbox-indicator-disabled-partiallyChecked_png fileNode\nclass node_venv_lib_python3_12_site-packages_PyQt6_Qt6_qml_QtQuick_Controls_FluentWinUI3_dark_images_checkbox-indicator-disabled-partiallyChecked@2x_png fileNode\nclass node_venv_lib_python3_12_site-packages_PyQt6_Qt6_qml_QtQuick_Controls_FluentWinUI3_dark_images_checkbox-indicator-disabled-partiallyChecked@3x_png fileNode\nclass node_venv_lib_python3_12_site-packages_PyQt6_Qt6_qml_QtQuick_Controls_FluentWinUI3_dark_images_checkbox-indicator-disabled_png fileNode\nclass node_venv_lib_python3_12_site-packages_PyQt6_Qt6_qml_QtQuick_Controls_FluentWinUI3_dark_images_checkbox-indicator-disabled@2x_png fileNode\nclass node_venv_lib_python3_12_site-packages_PyQt6_Qt6_qml_QtQuick_Controls_FluentWinUI3_dark_images_checkbox-indicator-disabled@3x_png fileNode\nclass node_venv_lib_python3_12_site-packages_PyQt6_Qt6_qml_QtQuick_Controls_FluentWinUI3_dark_images_checkbox-indicator-hovered-partiallyChecked_png fileNode\nclass node_venv_lib_python3_12_site-packages_PyQt6_Qt6_qml_QtQuick_Controls_FluentWinUI3_dark_images_checkbox-indicator-hovered-partiallyChecked@2x_png fileNode\nclass node_venv_lib_python3_12_site-packages_PyQt6_Qt6_qml_QtQuick_Controls_FluentWinUI3_dark_images_checkbox-indicator-hovered-partiallyChecked@3x_png fileNode\nclass node_venv_lib_python3_12_site-packages_PyQt6_Qt6_qml_QtQuick_Controls_FluentWinUI3_dark_images_checkbox-indicator-hovered_png fileNode\nclass node_venv_lib_python3_12_site-packages_PyQt6_Qt6_qml_QtQuick_Controls_FluentWinUI3_dark_images_checkbox-indicator-hovered@2x_png fileNode\nclass node_venv_lib_python3_12_site-packages_PyQt6_Qt6_qml_QtQuick_Controls_FluentWinUI3_dark_images_checkbox-indicator-hovered@3x_png fileNode\nclass node_venv_lib_python3_12_site-packages_PyQt6_Qt6_qml_QtQuick_Controls_FluentWinUI3_dark_images_checkbox-indicator-partiallyChecked-pressed_png fileNode\nclass node_venv_lib_python3_12_site-packages_PyQt6_Qt6_qml_QtQuick_Controls_FluentWinUI3_dark_images_checkbox-indicator-partiallyChecked-pressed@2x_png fileNode\nclass node_venv_lib_python3_12_site-packages_PyQt6_Qt6_qml_QtQuick_Controls_FluentWinUI3_dark_images_checkbox-indicator-partiallyChecked-pressed@3x_png fileNode\nclass node_venv_lib_python3_12_site-packages_PyQt6_Qt6_qml_QtQuick_Controls_FluentWinUI3_dark_images_checkbox-indicator-partiallyChecked_png fileNode\nclass node_venv_lib_python3_12_site-packages_PyQt6_Qt6_qml_QtQuick_Controls_FluentWinUI3_dark_images_checkbox-indicator-partiallyChecked@2x_png fileNode\nclass node_venv_lib_python3_12_site-packages_PyQt6_Qt6_qml_QtQuick_Controls_FluentWinUI3_dark_images_checkbox-indicator-partiallyChecked@3x_png fileNode\nclass node_venv_lib_python3_12_site-packages_PyQt6_Qt6_qml_QtQuick_Controls_FluentWinUI3_dark_images_checkbox-indicator-pressed_png fileNode\nclass node_venv_lib_python3_12_site-packages_PyQt6_Qt6_qml_QtQuick_Controls_FluentWinUI3_dark_images_checkbox-indicator-pressed@2x_png fileNode\nclass node_venv_lib_python3_12_site-packages_PyQt6_Qt6_qml_QtQuick_Controls_FluentWinUI3_dark_images_checkbox-indicator-pressed@3x_png fileNode\nclass node_venv_lib_python3_12_site-packages_PyQt6_Qt6_qml_QtQuick_Controls_FluentWinUI3_dark_images_checkbox-indicator_png fileNode\nclass node_venv_lib_python3_12_site-packages_PyQt6_Qt6_qml_QtQuick_Controls_FluentWinUI3_dark_images_checkbox-indicator@2x_png fileNode\nclass node_venv_lib_python3_12_site-packages_PyQt6_Qt6_qml_QtQuick_Controls_FluentWinUI3_dark_images_checkbox-indicator@3x_png fileNode\nclass node_venv_lib_python3_12_site-packages_PyQt6_Qt6_qml_QtQuick_Controls_FluentWinUI3_dark_images_combobox-background-disabled_png fileNode\nclass node_venv_lib_python3_12_site-packages_PyQt6_Qt6_qml_QtQuick_Controls_FluentWinUI3_dark_images_combobox-background-disabled@2x_png fileNode\nclass node_venv_lib_python3_12_site-packages_PyQt6_Qt6_qml_QtQuick_Controls_FluentWinUI3_dark_images_combobox-background-disabled@3x_png fileNode\nclass node_venv_lib_python3_12_site-packages_PyQt6_Qt6_qml_QtQuick_Controls_FluentWinUI3_dark_images_combobox-background-focused_png fileNode\nclass node_venv_lib_python3_12_site-packages_PyQt6_Qt6_qml_QtQuick_Controls_FluentWinUI3_dark_images_combobox-background-focused@2x_png fileNode\nclass node_venv_lib_python3_12_site-packages_PyQt6_Qt6_qml_QtQuick_Controls_FluentWinUI3_dark_images_combobox-background-focused@3x_png fileNode\nclass node_venv_lib_python3_12_site-packages_PyQt6_Qt6_qml_QtQuick_Controls_FluentWinUI3_dark_images_combobox-background-hovered-open_png fileNode\nclass node_venv_lib_python3_12_site-packages_PyQt6_Qt6_qml_QtQuick_Controls_FluentWinUI3_dark_images_combobox-background-hovered-open@2x_png fileNode\nclass node_venv_lib_python3_12_site-packages_PyQt6_Qt6_qml_QtQuick_Controls_FluentWinUI3_dark_images_combobox-background-hovered-open@3x_png fileNode\nclass node_venv_lib_python3_12_site-packages_PyQt6_Qt6_qml_QtQuick_Controls_FluentWinUI3_dark_images_combobox-background-hovered_png fileNode\nclass node_venv_lib_python3_12_site-packages_PyQt6_Qt6_qml_QtQuick_Controls_FluentWinUI3_dark_images_combobox-background-hovered@2x_png fileNode\nclass node_venv_lib_python3_12_site-packages_PyQt6_Qt6_qml_QtQuick_Controls_FluentWinUI3_dark_images_combobox-background-hovered@3x_png fileNode\nclass node_venv_lib_python3_12_site-packages_PyQt6_Qt6_qml_QtQuick_Controls_FluentWinUI3_dark_images_combobox-background-open-pressed_png fileNode\nclass node_venv_lib_python3_12_site-packages_PyQt6_Qt6_qml_QtQuick_Controls_FluentWinUI3_dark_images_combobox-background-open-pressed@2x_png fileNode\nclass node_venv_lib_python3_12_site-packages_PyQt6_Qt6_qml_QtQuick_Controls_FluentWinUI3_dark_images_combobox-background-open-pressed@3x_png fileNode\nclass node_venv_lib_python3_12_site-packages_PyQt6_Qt6_qml_QtQuick_Controls_FluentWinUI3_dark_images_combobox-background-open_png fileNode\nclass node_venv_lib_python3_12_site-packages_PyQt6_Qt6_qml_QtQuick_Controls_FluentWinUI3_dark_images_combobox-background-open@2x_png fileNode\nclass node_venv_lib_python3_12_site-packages_PyQt6_Qt6_qml_QtQuick_Controls_FluentWinUI3_dark_images_combobox-background-open@3x_png fileNode\nclass node_venv_lib_python3_12_site-packages_PyQt6_Qt6_qml_QtQuick_Controls_FluentWinUI3_dark_images_combobox-background-pressed_png fileNode\nclass node_venv_lib_python3_12_site-packages_PyQt6_Qt6_qml_QtQuick_Controls_FluentWinUI3_dark_images_combobox-background-pressed@2x_png fileNode\nclass node_venv_lib_python3_12_site-packages_PyQt6_Qt6_qml_QtQuick_Controls_FluentWinUI3_dark_images_combobox-background-pressed@3x_png fileNode\nclass node_venv_lib_python3_12_site-packages_PyQt6_Qt6_qml_QtQuick_Controls_FluentWinUI3_dark_images_combobox-background_png fileNode\nclass node_venv_lib_python3_12_site-packages_PyQt6_Qt6_qml_QtQuick_Controls_FluentWinUI3_dark_images_combobox-background@2x_png fileNode\nclass node_venv_lib_python3_12_site-packages_PyQt6_Qt6_qml_QtQuick_Controls_FluentWinUI3_dark_images_combobox-background@3x_png fileNode\nclass node_venv_lib_python3_12_site-packages_PyQt6_Qt6_qml_QtQuick_Controls_FluentWinUI3_dark_images_combobox-indicator-disabled_png fileNode\nclass node_venv_lib_python3_12_site-packages_PyQt6_Qt6_qml_QtQuick_Controls_FluentWinUI3_dark_images_combobox-indicator-disabled@2x_png fileNode\nclass node_venv_lib_python3_12_site-packages_PyQt6_Qt6_qml_QtQuick_Controls_FluentWinUI3_dark_images_combobox-indicator-disabled@3x_png fileNode\nclass node_venv_lib_python3_12_site-packages_PyQt6_Qt6_qml_QtQuick_Controls_FluentWinUI3_dark_images_combobox-indicator-focused_png fileNode\nclass node_venv_lib_python3_12_site-packages_PyQt6_Qt6_qml_QtQuick_Controls_FluentWinUI3_dark_images_combobox-indicator-focused@2x_png fileNode\nclass node_venv_lib_python3_12_site-packages_PyQt6_Qt6_qml_QtQuick_Controls_FluentWinUI3_dark_images_combobox-indicator-focused@3x_png fileNode\nclass node_venv_lib_python3_12_site-packages_PyQt6_Qt6_qml_QtQuick_Controls_FluentWinUI3_dark_images_combobox-indicator-hovered-open_png fileNode\nclass node_venv_lib_python3_12_site-packages_PyQt6_Qt6_qml_QtQuick_Controls_FluentWinUI3_dark_images_combobox-indicator-hovered-open@2x_png fileNode\nclass node_venv_lib_python3_12_site-packages_PyQt6_Qt6_qml_QtQuick_Controls_FluentWinUI3_dark_images_combobox-indicator-hovered-open@3x_png fileNode\nclass node_venv_lib_python3_12_site-packages_PyQt6_Qt6_qml_QtQuick_Controls_FluentWinUI3_dark_images_combobox-indicator-hovered_png fileNode\nclass node_venv_lib_python3_12_site-packages_PyQt6_Qt6_qml_QtQuick_Controls_FluentWinUI3_dark_images_combobox-indicator-hovered@2x_png fileNode\nclass node_venv_lib_python3_12_site-packages_PyQt6_Qt6_qml_QtQuick_Controls_FluentWinUI3_dark_images_combobox-indicator-hovered@3x_png fileNode\nclass node_venv_lib_python3_12_site-packages_PyQt6_Qt6_qml_QtQuick_Controls_FluentWinUI3_dark_images_combobox-indicator-open-pressed_png fileNode\nclass node_venv_lib_python3_12_site-packages_PyQt6_Qt6_qml_QtQuick_Controls_FluentWinUI3_dark_images_combobox-indicator-open-pressed@2x_png fileNode\nclass node_venv_lib_python3_12_site-packages_PyQt6_Qt6_qml_QtQuick_Controls_FluentWinUI3_dark_images_combobox-indicator-open-pressed@3x_png fileNode\nclass node_venv_lib_python3_12_site-packages_PyQt6_Qt6_qml_QtQuick_Controls_FluentWinUI3_dark_images_combobox-indicator-open_png fileNode\nclass node_venv_lib_python3_12_site-packages_PyQt6_Qt6_qml_QtQuick_Controls_FluentWinUI3_dark_images_combobox-indicator-open@2x_png fileNode\nclass node_venv_lib_python3_12_site-packages_PyQt6_Qt6_qml_QtQuick_Controls_FluentWinUI3_dark_images_combobox-indicator-open@3x_png fileNode\nclass node_venv_lib_python3_12_site-packages_PyQt6_Qt6_qml_QtQuick_Controls_FluentWinUI3_dark_images_combobox-indicator-pressed_png fileNode\nclass node_venv_lib_python3_12_site-packages_PyQt6_Qt6_qml_QtQuick_Controls_FluentWinUI3_dark_images_combobox-indicator-pressed@2x_png fileNode\nclass node_venv_lib_python3_12_site-packages_PyQt6_Qt6_qml_QtQuick_Controls_FluentWinUI3_dark_images_combobox-indicator-pressed@3x_png fileNode\nclass node_venv_lib_python3_12_site-packages_PyQt6_Qt6_qml_QtQuick_Controls_FluentWinUI3_dark_images_combobox-indicator_png fileNode\nclass node_venv_lib_python3_12_site-packages_PyQt6_Qt6_qml_QtQuick_Controls_FluentWinUI3_dark_images_combobox-indicator@2x_png fileNode\nclass node_venv_lib_python3_12_site-packages_PyQt6_Qt6_qml_QtQuick_Controls_FluentWinUI3_dark_images_combobox-indicator@3x_png fileNode\nclass node_venv_lib_python3_12_site-packages_PyQt6_Qt6_qml_QtQuick_Controls_FluentWinUI3_dark_images_editablecombobox-background-hovered-open_png fileNode\nclass node_venv_lib_python3_12_site-packages_PyQt6_Qt6_qml_QtQuick_Controls_FluentWinUI3_dark_images_editablecombobox-background-hovered-open@2x_png fileNode\nclass node_venv_lib_python3_12_site-packages_PyQt6_Qt6_qml_QtQuick_Controls_FluentWinUI3_dark_images_editablecombobox-background-hovered-open@3x_png fileNode\nclass node_venv_lib_python3_12_site-packages_PyQt6_Qt6_qml_QtQuick_Controls_FluentWinUI3_dark_images_editablecombobox-background-open-pressed_png fileNode\nclass node_venv_lib_python3_12_site-packages_PyQt6_Qt6_qml_QtQuick_Controls_FluentWinUI3_dark_images_editablecombobox-background-open-pressed@2x_png fileNode\nclass node_venv_lib_python3_12_site-packages_PyQt6_Qt6_qml_QtQuick_Controls_FluentWinUI3_dark_images_editablecombobox-background-open-pressed@3x_png fileNode\nclass node_venv_lib_python3_12_site-packages_PyQt6_Qt6_qml_QtQuick_Controls_FluentWinUI3_dark_images_editablecombobox-background-open_png fileNode\nclass node_venv_lib_python3_12_site-packages_PyQt6_Qt6_qml_QtQuick_Controls_FluentWinUI3_dark_images_editablecombobox-background-open@2x_png fileNode\nclass node_venv_lib_python3_12_site-packages_PyQt6_Qt6_qml_QtQuick_Controls_FluentWinUI3_dark_images_editablecombobox-background-open@3x_png fileNode\nclass node_venv_lib_python3_12_site-packages_PyQt6_Qt6_qml_QtQuick_Controls_FluentWinUI3_dark_images_editablecombobox-indicator-hovered-open_png fileNode\nclass node_venv_lib_python3_12_site-packages_PyQt6_Qt6_qml_QtQuick_Controls_FluentWinUI3_dark_images_editablecombobox-indicator-hovered-open@2x_png fileNode\nclass node_venv_lib_python3_12_site-packages_PyQt6_Qt6_qml_QtQuick_Controls_FluentWinUI3_dark_images_editablecombobox-indicator-hovered-open@3x_png fileNode\nclass node_venv_lib_python3_12_site-packages_PyQt6_Qt6_qml_QtQuick_Controls_FluentWinUI3_dark_images_editablecombobox-indicator-open-pressed_png fileNode\nclass node_venv_lib_python3_12_site-packages_PyQt6_Qt6_qml_QtQuick_Controls_FluentWinUI3_dark_images_editablecombobox-indicator-open-pressed@2x_png fileNode\nclass node_venv_lib_python3_12_site-packages_PyQt6_Qt6_qml_QtQuick_Controls_FluentWinUI3_dark_images_editablecombobox-indicator-open-pressed@3x_png fileNode\nclass node_venv_lib_python3_12_site-packages_PyQt6_Qt6_qml_QtQuick_Controls_FluentWinUI3_dark_images_editablecombobox-indicator-open_png fileNode\nclass node_venv_lib_python3_12_site-packages_PyQt6_Qt6_qml_QtQuick_Controls_FluentWinUI3_dark_images_editablecombobox-indicator-open@2x_png fileNode\nclass node_venv_lib_python3_12_site-packages_PyQt6_Qt6_qml_QtQuick_Controls_FluentWinUI3_dark_images_editablecombobox-indicator-open@3x_png fileNode\nclass node_venv_lib_python3_12_site-packages_PyQt6_Qt6_qml_QtQuick_Controls_FluentWinUI3_dark_images_editablecombobox-popup-background-hovered-open_png fileNode\nclass node_venv_lib_python3_12_site-packages_PyQt6_Qt6_qml_QtQuick_Controls_FluentWinUI3_dark_images_editablecombobox-popup-background-hovered-open@2x_png fileNode\nclass node_venv_lib_python3_12_site-packages_PyQt6_Qt6_qml_QtQuick_Controls_FluentWinUI3_dark_images_editablecombobox-popup-background-hovered-open@3x_png fileNode\nclass node_venv_lib_python3_12_site-packages_PyQt6_Qt6_qml_QtQuick_Controls_FluentWinUI3_dark_images_editablecombobox-popup-background-open-pressed_png fileNode\nclass node_venv_lib_python3_12_site-packages_PyQt6_Qt6_qml_QtQuick_Controls_FluentWinUI3_dark_images_editablecombobox-popup-background-open-pressed@2x_png fileNode\nclass node_venv_lib_python3_12_site-packages_PyQt6_Qt6_qml_QtQuick_Controls_FluentWinUI3_dark_images_editablecombobox-popup-background-open-pressed@3x_png fileNode\nclass node_venv_lib_python3_12_site-packages_PyQt6_Qt6_qml_QtQuick_Controls_FluentWinUI3_dark_images_editablecombobox-popup-background-open_png fileNode\nclass node_venv_lib_python3_12_site-packages_PyQt6_Qt6_qml_QtQuick_Controls_FluentWinUI3_dark_images_editablecombobox-popup-background-open@2x_png fileNode\nclass node_venv_lib_python3_12_site-packages_PyQt6_Qt6_qml_QtQuick_Controls_FluentWinUI3_dark_images_editablecombobox-popup-background-open@3x_png fileNode\nclass node_venv_lib_python3_12_site-packages_PyQt6_Qt6_qml_QtQuick_Controls_FluentWinUI3_dark_images_frame-background-disabled_png fileNode\nclass node_venv_lib_python3_12_site-packages_PyQt6_Qt6_qml_QtQuick_Controls_FluentWinUI3_dark_images_frame-background-disabled@2x_png fileNode\nclass node_venv_lib_python3_12_site-packages_PyQt6_Qt6_qml_QtQuick_Controls_FluentWinUI3_dark_images_frame-background-disabled@3x_png fileNode\nclass node_venv_lib_python3_12_site-packages_PyQt6_Qt6_qml_QtQuick_Controls_FluentWinUI3_dark_images_frame-background_png fileNode\nclass node_venv_lib_python3_12_site-packages_PyQt6_Qt6_qml_QtQuick_Controls_FluentWinUI3_dark_images_frame-background@2x_png fileNode\nclass node_venv_lib_python3_12_site-packages_PyQt6_Qt6_qml_QtQuick_Controls_FluentWinUI3_dark_images_frame-background@3x_png fileNode\nclass node_venv_lib_python3_12_site-packages_PyQt6_Qt6_qml_QtQuick_Controls_FluentWinUI3_dark_images_itemdelegate-background-highlighted-hovered_png fileNode\nclass node_venv_lib_python3_12_site-packages_PyQt6_Qt6_qml_QtQuick_Controls_FluentWinUI3_dark_images_itemdelegate-background-highlighted-hovered@2x_png fileNode\nclass node_venv_lib_python3_12_site-packages_PyQt6_Qt6_qml_QtQuick_Controls_FluentWinUI3_dark_images_itemdelegate-background-highlighted-hovered@3x_png fileNode\nclass node_venv_lib_python3_12_site-packages_PyQt6_Qt6_qml_QtQuick_Controls_FluentWinUI3_dark_images_itemdelegate-background-highlighted-pressed_png fileNode\nclass node_venv_lib_python3_12_site-packages_PyQt6_Qt6_qml_QtQuick_Controls_FluentWinUI3_dark_images_itemdelegate-background-highlighted-pressed@2x_png fileNode\nclass node_venv_lib_python3_12_site-packages_PyQt6_Qt6_qml_QtQuick_Controls_FluentWinUI3_dark_images_itemdelegate-background-highlighted-pressed@3x_png fileNode\nclass node_venv_lib_python3_12_site-packages_PyQt6_Qt6_qml_QtQuick_Controls_FluentWinUI3_dark_images_itemdelegate-background-highlighted_png fileNode\nclass node_venv_lib_python3_12_site-packages_PyQt6_Qt6_qml_QtQuick_Controls_FluentWinUI3_dark_images_itemdelegate-background-highlighted@2x_png fileNode\nclass node_venv_lib_python3_12_site-packages_PyQt6_Qt6_qml_QtQuick_Controls_FluentWinUI3_dark_images_itemdelegate-background-highlighted@3x_png fileNode\nclass node_venv_lib_python3_12_site-packages_PyQt6_Qt6_qml_QtQuick_Controls_FluentWinUI3_dark_images_itemdelegate-background-hovered_png fileNode\nclass node_venv_lib_python3_12_site-packages_PyQt6_Qt6_qml_QtQuick_Controls_FluentWinUI3_dark_images_itemdelegate-background-hovered@2x_png fileNode\nclass node_venv_lib_python3_12_site-packages_PyQt6_Qt6_qml_QtQuick_Controls_FluentWinUI3_dark_images_itemdelegate-background-hovered@3x_png fileNode\nclass node_venv_lib_python3_12_site-packages_PyQt6_Qt6_qml_QtQuick_Controls_FluentWinUI3_dark_images_itemdelegate-background-pressed_png fileNode\nclass node_venv_lib_python3_12_site-packages_PyQt6_Qt6_qml_QtQuick_Controls_FluentWinUI3_dark_images_itemdelegate-background-pressed@2x_png fileNode\nclass node_venv_lib_python3_12_site-packages_PyQt6_Qt6_qml_QtQuick_Controls_FluentWinUI3_dark_images_itemdelegate-background-pressed@3x_png fileNode\nclass node_venv_lib_python3_12_site-packages_PyQt6_Qt6_qml_QtQuick_Controls_FluentWinUI3_dark_images_pageindicatordelegate-indicator-delegate-current-hovered_png fileNode\nclass node_venv_lib_python3_12_site-packages_PyQt6_Qt6_qml_QtQuick_Controls_FluentWinUI3_dark_images_pageindicatordelegate-indicator-delegate-current-hovered@2x_png fileNode\nclass node_venv_lib_python3_12_site-packages_PyQt6_Qt6_qml_QtQuick_Controls_FluentWinUI3_dark_images_pageindicatordelegate-indicator-delegate-current-hovered@3x_png fileNode\nclass node_venv_lib_python3_12_site-packages_PyQt6_Qt6_qml_QtQuick_Controls_FluentWinUI3_dark_images_pageindicatordelegate-indicator-delegate-current-pressed_png fileNode\nclass node_venv_lib_python3_12_site-packages_PyQt6_Qt6_qml_QtQuick_Controls_FluentWinUI3_dark_images_pageindicatordelegate-indicator-delegate-current-pressed@2x_png fileNode\nclass node_venv_lib_python3_12_site-packages_PyQt6_Qt6_qml_QtQuick_Controls_FluentWinUI3_dark_images_pageindicatordelegate-indicator-delegate-current-pressed@3x_png fileNode\nclass node_venv_lib_python3_12_site-packages_PyQt6_Qt6_qml_QtQuick_Controls_FluentWinUI3_dark_images_pageindicatordelegate-indicator-delegate-current_png fileNode\nclass node_venv_lib_python3_12_site-packages_PyQt6_Qt6_qml_QtQuick_Controls_FluentWinUI3_dark_images_pageindicatordelegate-indicator-delegate-current@2x_png fileNode\nclass node_venv_lib_python3_12_site-packages_PyQt6_Qt6_qml_QtQuick_Controls_FluentWinUI3_dark_images_pageindicatordelegate-indicator-delegate-current@3x_png fileNode\nclass node_venv_lib_python3_12_site-packages_PyQt6_Qt6_qml_QtQuick_Controls_FluentWinUI3_dark_images_pageindicatordelegate-indicator-delegate-pressed_png fileNode\nclass node_venv_lib_python3_12_site-packages_PyQt6_Qt6_qml_QtQuick_Controls_FluentWinUI3_dark_images_pageindicatordelegate-indicator-delegate-pressed@2x_png fileNode\nclass node_venv_lib_python3_12_site-packages_PyQt6_Qt6_qml_QtQuick_Controls_FluentWinUI3_dark_images_pageindicatordelegate-indicator-delegate-pressed@3x_png fileNode\nclass node_venv_lib_python3_12_site-packages_PyQt6_Qt6_qml_QtQuick_Controls_FluentWinUI3_dark_images_pageindicatordelegate-indicator-disabled_png fileNode\nclass node_venv_lib_python3_12_site-packages_PyQt6_Qt6_qml_QtQuick_Controls_FluentWinUI3_dark_images_pageindicatordelegate-indicator-disabled@2x_png fileNode\nclass node_venv_lib_python3_12_site-packages_PyQt6_Qt6_qml_QtQuick_Controls_FluentWinUI3_dark_images_pageindicatordelegate-indicator-disabled@3x_png fileNode\nclass node_venv_lib_python3_12_site-packages_PyQt6_Qt6_qml_QtQuick_Controls_FluentWinUI3_dark_images_pageindicatordelegate-indicator-hovered_png fileNode\nclass node_venv_lib_python3_12_site-packages_PyQt6_Qt6_qml_QtQuick_Controls_FluentWinUI3_dark_images_pageindicatordelegate-indicator-hovered@2x_png fileNode\nclass node_venv_lib_python3_12_site-packages_PyQt6_Qt6_qml_QtQuick_Controls_FluentWinUI3_dark_images_pageindicatordelegate-indicator-hovered@3x_png fileNode\nclass node_venv_lib_python3_12_site-packages_PyQt6_Qt6_qml_QtQuick_Controls_FluentWinUI3_dark_images_pageindicatordelegate-indicator_png fileNode\nclass node_venv_lib_python3_12_site-packages_PyQt6_Qt6_qml_QtQuick_Controls_FluentWinUI3_dark_images_pageindicatordelegate-indicator@2x_png fileNode\nclass node_venv_lib_python3_12_site-packages_PyQt6_Qt6_qml_QtQuick_Controls_FluentWinUI3_dark_images_pageindicatordelegate-indicator@3x_png fileNode\nclass node_venv_lib_python3_12_site-packages_PyQt6_Qt6_qml_QtQuick_Controls_FluentWinUI3_dark_images_popup-background_png fileNode\nclass node_venv_lib_python3_12_site-packages_PyQt6_Qt6_qml_QtQuick_Controls_FluentWinUI3_dark_images_popup-background@2x_png fileNode\nclass node_venv_lib_python3_12_site-packages_PyQt6_Qt6_qml_QtQuick_Controls_FluentWinUI3_dark_images_popup-background@3x_png fileNode\nclass node_venv_lib_python3_12_site-packages_PyQt6_Qt6_qml_QtQuick_Controls_FluentWinUI3_dark_images_progressbar-groove-disabled_png fileNode\nclass node_venv_lib_python3_12_site-packages_PyQt6_Qt6_qml_QtQuick_Controls_FluentWinUI3_dark_images_progressbar-groove-disabled@2x_png fileNode\nclass node_venv_lib_python3_12_site-packages_PyQt6_Qt6_qml_QtQuick_Controls_FluentWinUI3_dark_images_progressbar-groove-disabled@3x_png fileNode\nclass node_venv_lib_python3_12_site-packages_PyQt6_Qt6_qml_QtQuick_Controls_FluentWinUI3_dark_images_progressbar-groove_png fileNode\nclass node_venv_lib_python3_12_site-packages_PyQt6_Qt6_qml_QtQuick_Controls_FluentWinUI3_dark_images_progressbar-groove@2x_png fileNode\nclass node_venv_lib_python3_12_site-packages_PyQt6_Qt6_qml_QtQuick_Controls_FluentWinUI3_dark_images_progressbar-groove@3x_png fileNode\nclass node_venv_lib_python3_12_site-packages_PyQt6_Qt6_qml_QtQuick_Controls_FluentWinUI3_dark_images_radiobutton-indicator-checked-disabled_png fileNode\nclass node_venv_lib_python3_12_site-packages_PyQt6_Qt6_qml_QtQuick_Controls_FluentWinUI3_dark_images_radiobutton-indicator-checked-disabled@2x_png fileNode\nclass node_venv_lib_python3_12_site-packages_PyQt6_Qt6_qml_QtQuick_Controls_FluentWinUI3_dark_images_radiobutton-indicator-checked-disabled@3x_png fileNode\nclass node_venv_lib_python3_12_site-packages_PyQt6_Qt6_qml_QtQuick_Controls_FluentWinUI3_dark_images_radiobutton-indicator-checked-hovered_png fileNode\nclass node_venv_lib_python3_12_site-packages_PyQt6_Qt6_qml_QtQuick_Controls_FluentWinUI3_dark_images_radiobutton-indicator-checked-hovered@2x_png fileNode\nclass node_venv_lib_python3_12_site-packages_PyQt6_Qt6_qml_QtQuick_Controls_FluentWinUI3_dark_images_radiobutton-indicator-checked-hovered@3x_png fileNode\nclass node_venv_lib_python3_12_site-packages_PyQt6_Qt6_qml_QtQuick_Controls_FluentWinUI3_dark_images_radiobutton-indicator-checked-pressed_png fileNode\nclass node_venv_lib_python3_12_site-packages_PyQt6_Qt6_qml_QtQuick_Controls_FluentWinUI3_dark_images_radiobutton-indicator-checked-pressed@2x_png fileNode\nclass node_venv_lib_python3_12_site-packages_PyQt6_Qt6_qml_QtQuick_Controls_FluentWinUI3_dark_images_radiobutton-indicator-checked-pressed@3x_png fileNode\nclass node_venv_lib_python3_12_site-packages_PyQt6_Qt6_qml_QtQuick_Controls_FluentWinUI3_dark_images_radiobutton-indicator-checked_png fileNode\nclass node_venv_lib_python3_12_site-packages_PyQt6_Qt6_qml_QtQuick_Controls_FluentWinUI3_dark_images_radiobutton-indicator-checked@2x_png fileNode\nclass node_venv_lib_python3_12_site-packages_PyQt6_Qt6_qml_QtQuick_Controls_FluentWinUI3_dark_images_radiobutton-indicator-checked@3x_png fileNode\nclass node_venv_lib_python3_12_site-packages_PyQt6_Qt6_qml_QtQuick_Controls_FluentWinUI3_dark_images_radiobutton-indicator-disabled_png fileNode\nclass node_venv_lib_python3_12_site-packages_PyQt6_Qt6_qml_QtQuick_Controls_FluentWinUI3_dark_images_radiobutton-indicator-disabled@2x_png fileNode\nclass node_venv_lib_python3_12_site-packages_PyQt6_Qt6_qml_QtQuick_Controls_FluentWinUI3_dark_images_radiobutton-indicator-disabled@3x_png fileNode\nclass node_venv_lib_python3_12_site-packages_PyQt6_Qt6_qml_QtQuick_Controls_FluentWinUI3_dark_images_radiobutton-indicator-hovered_png fileNode\nclass node_venv_lib_python3_12_site-packages_PyQt6_Qt6_qml_QtQuick_Controls_FluentWinUI3_dark_images_radiobutton-indicator-hovered@2x_png fileNode\nclass node_venv_lib_python3_12_site-packages_PyQt6_Qt6_qml_QtQuick_Controls_FluentWinUI3_dark_images_radiobutton-indicator-hovered@3x_png fileNode\nclass node_venv_lib_python3_12_site-packages_PyQt6_Qt6_qml_QtQuick_Controls_FluentWinUI3_dark_images_radiobutton-indicator-pressed_png fileNode\nclass node_venv_lib_python3_12_site-packages_PyQt6_Qt6_qml_QtQuick_Controls_FluentWinUI3_dark_images_radiobutton-indicator-pressed@2x_png fileNode\nclass node_venv_lib_python3_12_site-packages_PyQt6_Qt6_qml_QtQuick_Controls_FluentWinUI3_dark_images_radiobutton-indicator-pressed@3x_png fileNode\nclass node_venv_lib_python3_12_site-packages_PyQt6_Qt6_qml_QtQuick_Controls_FluentWinUI3_dark_images_radiobutton-indicator_png fileNode\nclass node_venv_lib_python3_12_site-packages_PyQt6_Qt6_qml_QtQuick_Controls_FluentWinUI3_dark_images_radiobutton-indicator@2x_png fileNode\nclass node_venv_lib_python3_12_site-packages_PyQt6_Qt6_qml_QtQuick_Controls_FluentWinUI3_dark_images_radiobutton-indicator@3x_png fileNode\nclass node_venv_lib_python3_12_site-packages_PyQt6_Qt6_qml_QtQuick_Controls_FluentWinUI3_dark_images_rangeslider-first-handle-disabled_png fileNode\nclass node_venv_lib_python3_12_site-packages_PyQt6_Qt6_qml_QtQuick_Controls_FluentWinUI3_dark_images_rangeslider-first-handle-disabled@2x_png fileNode\nclass node_venv_lib_python3_12_site-packages_PyQt6_Qt6_qml_QtQuick_Controls_FluentWinUI3_dark_images_rangeslider-first-handle-disabled@3x_png fileNode\nclass node_venv_lib_python3_12_site-packages_PyQt6_Qt6_qml_QtQuick_Controls_FluentWinUI3_dark_images_rangeslider-first-handle-handle-pressed_png fileNode\nclass node_venv_lib_python3_12_site-packages_PyQt6_Qt6_qml_QtQuick_Controls_FluentWinUI3_dark_images_rangeslider-first-handle-handle-pressed@2x_png fileNode\nclass node_venv_lib_python3_12_site-packages_PyQt6_Qt6_qml_QtQuick_Controls_FluentWinUI3_dark_images_rangeslider-first-handle-handle-pressed@3x_png fileNode\nclass node_venv_lib_python3_12_site-packages_PyQt6_Qt6_qml_QtQuick_Controls_FluentWinUI3_dark_images_rangeslider-first-handle-hovered_png fileNode\nclass node_venv_lib_python3_12_site-packages_PyQt6_Qt6_qml_QtQuick_Controls_FluentWinUI3_dark_images_rangeslider-first-handle-hovered@2x_png fileNode\nclass node_venv_lib_python3_12_site-packages_PyQt6_Qt6_qml_QtQuick_Controls_FluentWinUI3_dark_images_rangeslider-first-handle-hovered@3x_png fileNode\nclass node_venv_lib_python3_12_site-packages_PyQt6_Qt6_qml_QtQuick_Controls_FluentWinUI3_dark_images_rangeslider-first-handle_png fileNode\nclass node_venv_lib_python3_12_site-packages_PyQt6_Qt6_qml_QtQuick_Controls_FluentWinUI3_dark_images_rangeslider-first-handle@2x_png fileNode\nclass node_venv_lib_python3_12_site-packages_PyQt6_Qt6_qml_QtQuick_Controls_FluentWinUI3_dark_images_rangeslider-first-handle@3x_png fileNode\nclass node_venv_lib_python3_12_site-packages_PyQt6_Qt6_qml_QtQuick_Controls_FluentWinUI3_dark_images_rangeslider-groove-disabled_png fileNode\nclass node_venv_lib_python3_12_site-packages_PyQt6_Qt6_qml_QtQuick_Controls_FluentWinUI3_dark_images_rangeslider-groove-disabled@2x_png fileNode\nclass node_venv_lib_python3_12_site-packages_PyQt6_Qt6_qml_QtQuick_Controls_FluentWinUI3_dark_images_rangeslider-groove-disabled@3x_png fileNode\nclass node_venv_lib_python3_12_site-packages_PyQt6_Qt6_qml_QtQuick_Controls_FluentWinUI3_dark_images_rangeslider-groove-handle-pressed_png fileNode\nclass node_venv_lib_python3_12_site-packages_PyQt6_Qt6_qml_QtQuick_Controls_FluentWinUI3_dark_images_rangeslider-groove-handle-pressed@2x_png fileNode\nclass node_venv_lib_python3_12_site-packages_PyQt6_Qt6_qml_QtQuick_Controls_FluentWinUI3_dark_images_rangeslider-groove-handle-pressed@3x_png fileNode\nclass node_venv_lib_python3_12_site-packages_PyQt6_Qt6_qml_QtQuick_Controls_FluentWinUI3_dark_images_rangeslider-groove-hovered_png fileNode\nclass node_venv_lib_python3_12_site-packages_PyQt6_Qt6_qml_QtQuick_Controls_FluentWinUI3_dark_images_rangeslider-groove-hovered@2x_png fileNode\nclass node_venv_lib_python3_12_site-packages_PyQt6_Qt6_qml_QtQuick_Controls_FluentWinUI3_dark_images_rangeslider-groove-hovered@3x_png fileNode\nclass node_venv_lib_python3_12_site-packages_PyQt6_Qt6_qml_QtQuick_Controls_FluentWinUI3_dark_images_rangeslider-groove_png fileNode\nclass node_venv_lib_python3_12_site-packages_PyQt6_Qt6_qml_QtQuick_Controls_FluentWinUI3_dark_images_rangeslider-groove@2x_png fileNode\nclass node_venv_lib_python3_12_site-packages_PyQt6_Qt6_qml_QtQuick_Controls_FluentWinUI3_dark_images_rangeslider-groove@3x_png fileNode\nclass node_venv_lib_python3_12_site-packages_PyQt6_Qt6_qml_QtQuick_Controls_FluentWinUI3_dark_images_rangeslider-second-handle-disabled_png fileNode\nclass node_venv_lib_python3_12_site-packages_PyQt6_Qt6_qml_QtQuick_Controls_FluentWinUI3_dark_images_rangeslider-second-handle-disabled@2x_png fileNode\nclass node_venv_lib_python3_12_site-packages_PyQt6_Qt6_qml_QtQuick_Controls_FluentWinUI3_dark_images_rangeslider-second-handle-disabled@3x_png fileNode\nclass node_venv_lib_python3_12_site-packages_PyQt6_Qt6_qml_QtQuick_Controls_FluentWinUI3_dark_images_rangeslider-second-handle-handle-pressed_png fileNode\nclass node_venv_lib_python3_12_site-packages_PyQt6_Qt6_qml_QtQuick_Controls_FluentWinUI3_dark_images_rangeslider-second-handle-handle-pressed@2x_png fileNode\nclass node_venv_lib_python3_12_site-packages_PyQt6_Qt6_qml_QtQuick_Controls_FluentWinUI3_dark_images_rangeslider-second-handle-handle-pressed@3x_png fileNode\nclass node_venv_lib_python3_12_site-packages_PyQt6_Qt6_qml_QtQuick_Controls_FluentWinUI3_dark_images_rangeslider-second-handle-hovered_png fileNode\nclass node_venv_lib_python3_12_site-packages_PyQt6_Qt6_qml_QtQuick_Controls_FluentWinUI3_dark_images_rangeslider-second-handle-hovered@2x_png fileNode\nclass node_venv_lib_python3_12_site-packages_PyQt6_Qt6_qml_QtQuick_Controls_FluentWinUI3_dark_images_rangeslider-second-handle-hovered@3x_png fileNode\nclass node_venv_lib_python3_12_site-packages_PyQt6_Qt6_qml_QtQuick_Controls_FluentWinUI3_dark_images_rangeslider-second-handle_png fileNode\nclass node_venv_lib_python3_12_site-packages_PyQt6_Qt6_qml_QtQuick_Controls_FluentWinUI3_dark_images_rangeslider-second-handle@2x_png fileNode\nclass node_venv_lib_python3_12_site-packages_PyQt6_Qt6_qml_QtQuick_Controls_FluentWinUI3_dark_images_rangeslider-second-handle@3x_png fileNode\nclass node_venv_lib_python3_12_site-packages_PyQt6_Qt6_qml_QtQuick_Controls_FluentWinUI3_dark_images_slider-groove-disabled_png fileNode\nclass node_venv_lib_python3_12_site-packages_PyQt6_Qt6_qml_QtQuick_Controls_FluentWinUI3_dark_images_slider-groove-disabled@2x_png fileNode\nclass node_venv_lib_python3_12_site-packages_PyQt6_Qt6_qml_QtQuick_Controls_FluentWinUI3_dark_images_slider-groove-disabled@3x_png fileNode\nclass node_venv_lib_python3_12_site-packages_PyQt6_Qt6_qml_QtQuick_Controls_FluentWinUI3_dark_images_slider-groove-hovered_png fileNode\nclass node_venv_lib_python3_12_site-packages_PyQt6_Qt6_qml_QtQuick_Controls_FluentWinUI3_dark_images_slider-groove-hovered@2x_png fileNode\nclass node_venv_lib_python3_12_site-packages_PyQt6_Qt6_qml_QtQuick_Controls_FluentWinUI3_dark_images_slider-groove-hovered@3x_png fileNode\nclass node_venv_lib_python3_12_site-packages_PyQt6_Qt6_qml_QtQuick_Controls_FluentWinUI3_dark_images_slider-groove-pressed_png fileNode\nclass node_venv_lib_python3_12_site-packages_PyQt6_Qt6_qml_QtQuick_Controls_FluentWinUI3_dark_images_slider-groove-pressed@2x_png fileNode\nclass node_venv_lib_python3_12_site-packages_PyQt6_Qt6_qml_QtQuick_Controls_FluentWinUI3_dark_images_slider-groove-pressed@3x_png fileNode\nclass node_venv_lib_python3_12_site-packages_PyQt6_Qt6_qml_QtQuick_Controls_FluentWinUI3_dark_images_slider-groove_png fileNode\nclass node_venv_lib_python3_12_site-packages_PyQt6_Qt6_qml_QtQuick_Controls_FluentWinUI3_dark_images_slider-groove@2x_png fileNode\nclass node_venv_lib_python3_12_site-packages_PyQt6_Qt6_qml_QtQuick_Controls_FluentWinUI3_dark_images_slider-groove@3x_png fileNode\nclass node_venv_lib_python3_12_site-packages_PyQt6_Qt6_qml_QtQuick_Controls_FluentWinUI3_dark_images_slider-handle-disabled_png fileNode\nclass node_venv_lib_python3_12_site-packages_PyQt6_Qt6_qml_QtQuick_Controls_FluentWinUI3_dark_images_slider-handle-disabled@2x_png fileNode\nclass node_venv_lib_python3_12_site-packages_PyQt6_Qt6_qml_QtQuick_Controls_FluentWinUI3_dark_images_slider-handle-disabled@3x_png fileNode\nclass node_venv_lib_python3_12_site-packages_PyQt6_Qt6_qml_QtQuick_Controls_FluentWinUI3_dark_images_slider-handle-hovered_png fileNode\nclass node_venv_lib_python3_12_site-packages_PyQt6_Qt6_qml_QtQuick_Controls_FluentWinUI3_dark_images_slider-handle-hovered@2x_png fileNode\nclass node_venv_lib_python3_12_site-packages_PyQt6_Qt6_qml_QtQuick_Controls_FluentWinUI3_dark_images_slider-handle-hovered@3x_png fileNode\nclass node_venv_lib_python3_12_site-packages_PyQt6_Qt6_qml_QtQuick_Controls_FluentWinUI3_dark_images_slider-handle-pressed_png fileNode\nclass node_venv_lib_python3_12_site-packages_PyQt6_Qt6_qml_QtQuick_Controls_FluentWinUI3_dark_images_slider-handle-pressed@2x_png fileNode\nclass node_venv_lib_python3_12_site-packages_PyQt6_Qt6_qml_QtQuick_Controls_FluentWinUI3_dark_images_slider-handle-pressed@3x_png fileNode\nclass node_venv_lib_python3_12_site-packages_PyQt6_Qt6_qml_QtQuick_Controls_FluentWinUI3_dark_images_slider-handle_png fileNode\nclass node_venv_lib_python3_12_site-packages_PyQt6_Qt6_qml_QtQuick_Controls_FluentWinUI3_dark_images_slider-handle@2x_png fileNode\nclass node_venv_lib_python3_12_site-packages_PyQt6_Qt6_qml_QtQuick_Controls_FluentWinUI3_dark_images_slider-handle@3x_png fileNode\nclass node_venv_lib_python3_12_site-packages_PyQt6_Qt6_qml_QtQuick_Controls_FluentWinUI3_dark_images_spinbox-background-atlimit_png fileNode\nclass node_venv_lib_python3_12_site-packages_PyQt6_Qt6_qml_QtQuick_Controls_FluentWinUI3_dark_images_spinbox-background-atlimit@2x_png fileNode\nclass node_venv_lib_python3_12_site-packages_PyQt6_Qt6_qml_QtQuick_Controls_FluentWinUI3_dark_images_spinbox-background-atlimit@3x_png fileNode\nclass node_venv_lib_python3_12_site-packages_PyQt6_Qt6_qml_QtQuick_Controls_FluentWinUI3_dark_images_spinbox-background-disabled_png fileNode\nclass node_venv_lib_python3_12_site-packages_PyQt6_Qt6_qml_QtQuick_Controls_FluentWinUI3_dark_images_spinbox-background-disabled@2x_png fileNode\nclass node_venv_lib_python3_12_site-packages_PyQt6_Qt6_qml_QtQuick_Controls_FluentWinUI3_dark_images_spinbox-background-disabled@3x_png fileNode\nclass node_venv_lib_python3_12_site-packages_PyQt6_Qt6_qml_QtQuick_Controls_FluentWinUI3_dark_images_spinbox-background-down-hovered_png fileNode\nclass node_venv_lib_python3_12_site-packages_PyQt6_Qt6_qml_QtQuick_Controls_FluentWinUI3_dark_images_spinbox-background-down-hovered@2x_png fileNode\nclass node_venv_lib_python3_12_site-packages_PyQt6_Qt6_qml_QtQuick_Controls_FluentWinUI3_dark_images_spinbox-background-down-hovered@3x_png fileNode\nclass node_venv_lib_python3_12_site-packages_PyQt6_Qt6_qml_QtQuick_Controls_FluentWinUI3_dark_images_spinbox-background-down-pressed_png fileNode\nclass node_venv_lib_python3_12_site-packages_PyQt6_Qt6_qml_QtQuick_Controls_FluentWinUI3_dark_images_spinbox-background-down-pressed@2x_png fileNode\nclass node_venv_lib_python3_12_site-packages_PyQt6_Qt6_qml_QtQuick_Controls_FluentWinUI3_dark_images_spinbox-background-down-pressed@3x_png fileNode\nclass node_venv_lib_python3_12_site-packages_PyQt6_Qt6_qml_QtQuick_Controls_FluentWinUI3_dark_images_spinbox-background-hovered_png fileNode\nclass node_venv_lib_python3_12_site-packages_PyQt6_Qt6_qml_QtQuick_Controls_FluentWinUI3_dark_images_spinbox-background-hovered@2x_png fileNode\nclass node_venv_lib_python3_12_site-packages_PyQt6_Qt6_qml_QtQuick_Controls_FluentWinUI3_dark_images_spinbox-background-hovered@3x_png fileNode\nclass node_venv_lib_python3_12_site-packages_PyQt6_Qt6_qml_QtQuick_Controls_FluentWinUI3_dark_images_spinbox-background-up-hovered_png fileNode\nclass node_venv_lib_python3_12_site-packages_PyQt6_Qt6_qml_QtQuick_Controls_FluentWinUI3_dark_images_spinbox-background-up-hovered@2x_png fileNode\nclass node_venv_lib_python3_12_site-packages_PyQt6_Qt6_qml_QtQuick_Controls_FluentWinUI3_dark_images_spinbox-background-up-hovered@3x_png fileNode\nclass node_venv_lib_python3_12_site-packages_PyQt6_Qt6_qml_QtQuick_Controls_FluentWinUI3_dark_images_spinbox-background-up-pressed_png fileNode\nclass node_venv_lib_python3_12_site-packages_PyQt6_Qt6_qml_QtQuick_Controls_FluentWinUI3_dark_images_spinbox-background-up-pressed@2x_png fileNode\nclass node_venv_lib_python3_12_site-packages_PyQt6_Qt6_qml_QtQuick_Controls_FluentWinUI3_dark_images_spinbox-background-up-pressed@3x_png fileNode\nclass node_venv_lib_python3_12_site-packages_PyQt6_Qt6_qml_QtQuick_Controls_FluentWinUI3_dark_images_spinbox-background_png fileNode\nclass node_venv_lib_python3_12_site-packages_PyQt6_Qt6_qml_QtQuick_Controls_FluentWinUI3_dark_images_spinbox-background@2x_png fileNode\nclass node_venv_lib_python3_12_site-packages_PyQt6_Qt6_qml_QtQuick_Controls_FluentWinUI3_dark_images_spinbox-background@3x_png fileNode\nclass node_venv_lib_python3_12_site-packages_PyQt6_Qt6_qml_QtQuick_Controls_FluentWinUI3_dark_images_spinbox-indicator-down-background-atlimit_png fileNode\nclass node_venv_lib_python3_12_site-packages_PyQt6_Qt6_qml_QtQuick_Controls_FluentWinUI3_dark_images_spinbox-indicator-down-background-atlimit@2x_png fileNode\nclass node_venv_lib_python3_12_site-packages_PyQt6_Qt6_qml_QtQuick_Controls_FluentWinUI3_dark_images_spinbox-indicator-down-background-atlimit@3x_png fileNode\nclass node_venv_lib_python3_12_site-packages_PyQt6_Qt6_qml_QtQuick_Controls_FluentWinUI3_dark_images_spinbox-indicator-down-background-disabled_png fileNode\nclass node_venv_lib_python3_12_site-packages_PyQt6_Qt6_qml_QtQuick_Controls_FluentWinUI3_dark_images_spinbox-indicator-down-background-disabled@2x_png fileNode\nclass node_venv_lib_python3_12_site-packages_PyQt6_Qt6_qml_QtQuick_Controls_FluentWinUI3_dark_images_spinbox-indicator-down-background-disabled@3x_png fileNode\nclass node_venv_lib_python3_12_site-packages_PyQt6_Qt6_qml_QtQuick_Controls_FluentWinUI3_dark_images_spinbox-indicator-down-background-down-hovered_png fileNode\nclass node_venv_lib_python3_12_site-packages_PyQt6_Qt6_qml_QtQuick_Controls_FluentWinUI3_dark_images_spinbox-indicator-down-background-down-hovered@2x_png fileNode\nclass node_venv_lib_python3_12_site-packages_PyQt6_Qt6_qml_QtQuick_Controls_FluentWinUI3_dark_images_spinbox-indicator-down-background-down-hovered@3x_png fileNode\nclass node_venv_lib_python3_12_site-packages_PyQt6_Qt6_qml_QtQuick_Controls_FluentWinUI3_dark_images_spinbox-indicator-down-background-down-pressed_png fileNode\nclass node_venv_lib_python3_12_site-packages_PyQt6_Qt6_qml_QtQuick_Controls_FluentWinUI3_dark_images_spinbox-indicator-down-background-down-pressed@2x_png fileNode\nclass node_venv_lib_python3_12_site-packages_PyQt6_Qt6_qml_QtQuick_Controls_FluentWinUI3_dark_images_spinbox-indicator-down-background-down-pressed@3x_png fileNode\nclass node_venv_lib_python3_12_site-packages_PyQt6_Qt6_qml_QtQuick_Controls_FluentWinUI3_dark_images_spinbox-indicator-down-background-hovered_png fileNode\nclass node_venv_lib_python3_12_site-packages_PyQt6_Qt6_qml_QtQuick_Controls_FluentWinUI3_dark_images_spinbox-indicator-down-background-hovered@2x_png fileNode\nclass node_venv_lib_python3_12_site-packages_PyQt6_Qt6_qml_QtQuick_Controls_FluentWinUI3_dark_images_spinbox-indicator-down-background-hovered@3x_png fileNode\nclass node_venv_lib_python3_12_site-packages_PyQt6_Qt6_qml_QtQuick_Controls_FluentWinUI3_dark_images_spinbox-indicator-down-background-up-hovered_png fileNode\nclass node_venv_lib_python3_12_site-packages_PyQt6_Qt6_qml_QtQuick_Controls_FluentWinUI3_dark_images_spinbox-indicator-down-background-up-hovered@2x_png fileNode\nclass node_venv_lib_python3_12_site-packages_PyQt6_Qt6_qml_QtQuick_Controls_FluentWinUI3_dark_images_spinbox-indicator-down-background-up-hovered@3x_png fileNode\nclass node_venv_lib_python3_12_site-packages_PyQt6_Qt6_qml_QtQuick_Controls_FluentWinUI3_dark_images_spinbox-indicator-down-background-up-pressed_png fileNode\nclass node_venv_lib_python3_12_site-packages_PyQt6_Qt6_qml_QtQuick_Controls_FluentWinUI3_dark_images_spinbox-indicator-down-background-up-pressed@2x_png fileNode\nclass node_venv_lib_python3_12_site-packages_PyQt6_Qt6_qml_QtQuick_Controls_FluentWinUI3_dark_images_spinbox-indicator-down-background-up-pressed@3x_png fileNode\nclass node_venv_lib_python3_12_site-packages_PyQt6_Qt6_qml_QtQuick_Controls_FluentWinUI3_dark_images_spinbox-indicator-down-background_png fileNode\nclass node_venv_lib_python3_12_site-packages_PyQt6_Qt6_qml_QtQuick_Controls_FluentWinUI3_dark_images_spinbox-indicator-down-background@2x_png fileNode\nclass node_venv_lib_python3_12_site-packages_PyQt6_Qt6_qml_QtQuick_Controls_FluentWinUI3_dark_images_spinbox-indicator-down-background@3x_png fileNode\nclass node_venv_lib_python3_12_site-packages_PyQt6_Qt6_qml_QtQuick_Controls_FluentWinUI3_dark_images_spinbox-indicator-down-icon-atlimit_png fileNode\nclass node_venv_lib_python3_12_site-packages_PyQt6_Qt6_qml_QtQuick_Controls_FluentWinUI3_dark_images_spinbox-indicator-down-icon-atlimit@2x_png fileNode\nclass node_venv_lib_python3_12_site-packages_PyQt6_Qt6_qml_QtQuick_Controls_FluentWinUI3_dark_images_spinbox-indicator-down-icon-atlimit@3x_png fileNode\nclass node_venv_lib_python3_12_site-packages_PyQt6_Qt6_qml_QtQuick_Controls_FluentWinUI3_dark_images_spinbox-indicator-down-icon-disabled_png fileNode\nclass node_venv_lib_python3_12_site-packages_PyQt6_Qt6_qml_QtQuick_Controls_FluentWinUI3_dark_images_spinbox-indicator-down-icon-disabled@2x_png fileNode\nclass node_venv_lib_python3_12_site-packages_PyQt6_Qt6_qml_QtQuick_Controls_FluentWinUI3_dark_images_spinbox-indicator-down-icon-disabled@3x_png fileNode\nclass node_venv_lib_python3_12_site-packages_PyQt6_Qt6_qml_QtQuick_Controls_FluentWinUI3_dark_images_spinbox-indicator-down-icon-down-hovered_png fileNode\nclass node_venv_lib_python3_12_site-packages_PyQt6_Qt6_qml_QtQuick_Controls_FluentWinUI3_dark_images_spinbox-indicator-down-icon-down-hovered@2x_png fileNode\nclass node_venv_lib_python3_12_site-packages_PyQt6_Qt6_qml_QtQuick_Controls_FluentWinUI3_dark_images_spinbox-indicator-down-icon-down-hovered@3x_png fileNode\nclass node_venv_lib_python3_12_site-packages_PyQt6_Qt6_qml_QtQuick_Controls_FluentWinUI3_dark_images_spinbox-indicator-down-icon-down-pressed_png fileNode\nclass node_venv_lib_python3_12_site-packages_PyQt6_Qt6_qml_QtQuick_Controls_FluentWinUI3_dark_images_spinbox-indicator-down-icon-down-pressed@2x_png fileNode\nclass node_venv_lib_python3_12_site-packages_PyQt6_Qt6_qml_QtQuick_Controls_FluentWinUI3_dark_images_spinbox-indicator-down-icon-down-pressed@3x_png fileNode\nclass node_venv_lib_python3_12_site-packages_PyQt6_Qt6_qml_QtQuick_Controls_FluentWinUI3_dark_images_spinbox-indicator-down-icon-hovered_png fileNode\nclass node_venv_lib_python3_12_site-packages_PyQt6_Qt6_qml_QtQuick_Controls_FluentWinUI3_dark_images_spinbox-indicator-down-icon-hovered@2x_png fileNode\nclass node_venv_lib_python3_12_site-packages_PyQt6_Qt6_qml_QtQuick_Controls_FluentWinUI3_dark_images_spinbox-indicator-down-icon-hovered@3x_png fileNode\nclass node_venv_lib_python3_12_site-packages_PyQt6_Qt6_qml_QtQuick_Controls_FluentWinUI3_dark_images_spinbox-indicator-down-icon-up-hovered_png fileNode\nclass node_venv_lib_python3_12_site-packages_PyQt6_Qt6_qml_QtQuick_Controls_FluentWinUI3_dark_images_spinbox-indicator-down-icon-up-hovered@2x_png fileNode\nclass node_venv_lib_python3_12_site-packages_PyQt6_Qt6_qml_QtQuick_Controls_FluentWinUI3_dark_images_spinbox-indicator-down-icon-up-hovered@3x_png fileNode\nclass node_venv_lib_python3_12_site-packages_PyQt6_Qt6_qml_QtQuick_Controls_FluentWinUI3_dark_images_spinbox-indicator-down-icon-up-pressed_png fileNode\nclass node_venv_lib_python3_12_site-packages_PyQt6_Qt6_qml_QtQuick_Controls_FluentWinUI3_dark_images_spinbox-indicator-down-icon-up-pressed@2x_png fileNode\nclass node_venv_lib_python3_12_site-packages_PyQt6_Qt6_qml_QtQuick_Controls_FluentWinUI3_dark_images_spinbox-indicator-down-icon-up-pressed@3x_png fileNode\nclass node_venv_lib_python3_12_site-packages_PyQt6_Qt6_qml_QtQuick_Controls_FluentWinUI3_dark_images_spinbox-indicator-down-icon_png fileNode\nclass node_venv_lib_python3_12_site-packages_PyQt6_Qt6_qml_QtQuick_Controls_FluentWinUI3_dark_images_spinbox-indicator-down-icon@2x_png fileNode\nclass node_venv_lib_python3_12_site-packages_PyQt6_Qt6_qml_QtQuick_Controls_FluentWinUI3_dark_images_spinbox-indicator-down-icon@3x_png fileNode\nclass node_venv_lib_python3_12_site-packages_PyQt6_Qt6_qml_QtQuick_Controls_FluentWinUI3_dark_images_spinbox-indicator-up-background-atlimit_png fileNode\nclass node_venv_lib_python3_12_site-packages_PyQt6_Qt6_qml_QtQuick_Controls_FluentWinUI3_dark_images_spinbox-indicator-up-background-atlimit@2x_png fileNode\nclass node_venv_lib_python3_12_site-packages_PyQt6_Qt6_qml_QtQuick_Controls_FluentWinUI3_dark_images_spinbox-indicator-up-background-atlimit@3x_png fileNode\nclass node_venv_lib_python3_12_site-packages_PyQt6_Qt6_qml_QtQuick_Controls_FluentWinUI3_dark_images_spinbox-indicator-up-background-disabled_png fileNode\nclass node_venv_lib_python3_12_site-packages_PyQt6_Qt6_qml_QtQuick_Controls_FluentWinUI3_dark_images_spinbox-indicator-up-background-disabled@2x_png fileNode\nclass node_venv_lib_python3_12_site-packages_PyQt6_Qt6_qml_QtQuick_Controls_FluentWinUI3_dark_images_spinbox-indicator-up-background-disabled@3x_png fileNode\nclass node_venv_lib_python3_12_site-packages_PyQt6_Qt6_qml_QtQuick_Controls_FluentWinUI3_dark_images_spinbox-indicator-up-background-down-hovered_png fileNode\nclass node_venv_lib_python3_12_site-packages_PyQt6_Qt6_qml_QtQuick_Controls_FluentWinUI3_dark_images_spinbox-indicator-up-background-down-hovered@2x_png fileNode\nclass node_venv_lib_python3_12_site-packages_PyQt6_Qt6_qml_QtQuick_Controls_FluentWinUI3_dark_images_spinbox-indicator-up-background-down-hovered@3x_png fileNode\nclass node_venv_lib_python3_12_site-packages_PyQt6_Qt6_qml_QtQuick_Controls_FluentWinUI3_dark_images_spinbox-indicator-up-background-down-pressed_png fileNode\nclass node_venv_lib_python3_12_site-packages_PyQt6_Qt6_qml_QtQuick_Controls_FluentWinUI3_dark_images_spinbox-indicator-up-background-down-pressed@2x_png fileNode\nclass node_venv_lib_python3_12_site-packages_PyQt6_Qt6_qml_QtQuick_Controls_FluentWinUI3_dark_images_spinbox-indicator-up-background-down-pressed@3x_png fileNode\nclass node_venv_lib_python3_12_site-packages_PyQt6_Qt6_qml_QtQuick_Controls_FluentWinUI3_dark_images_spinbox-indicator-up-background-hovered_png fileNode\nclass node_venv_lib_python3_12_site-packages_PyQt6_Qt6_qml_QtQuick_Controls_FluentWinUI3_dark_images_spinbox-indicator-up-background-hovered@2x_png fileNode\nclass node_venv_lib_python3_12_site-packages_PyQt6_Qt6_qml_QtQuick_Controls_FluentWinUI3_dark_images_spinbox-indicator-up-background-hovered@3x_png fileNode\nclass node_venv_lib_python3_12_site-packages_PyQt6_Qt6_qml_QtQuick_Controls_FluentWinUI3_dark_images_spinbox-indicator-up-background-up-hovered_png fileNode\nclass node_venv_lib_python3_12_site-packages_PyQt6_Qt6_qml_QtQuick_Controls_FluentWinUI3_dark_images_spinbox-indicator-up-background-up-hovered@2x_png fileNode\nclass node_venv_lib_python3_12_site-packages_PyQt6_Qt6_qml_QtQuick_Controls_FluentWinUI3_dark_images_spinbox-indicator-up-background-up-hovered@3x_png fileNode\nclass node_venv_lib_python3_12_site-packages_PyQt6_Qt6_qml_QtQuick_Controls_FluentWinUI3_dark_images_spinbox-indicator-up-background-up-pressed_png fileNode\nclass node_venv_lib_python3_12_site-packages_PyQt6_Qt6_qml_QtQuick_Controls_FluentWinUI3_dark_images_spinbox-indicator-up-background-up-pressed@2x_png fileNode\nclass node_venv_lib_python3_12_site-packages_PyQt6_Qt6_qml_QtQuick_Controls_FluentWinUI3_dark_images_spinbox-indicator-up-background-up-pressed@3x_png fileNode\nclass node_venv_lib_python3_12_site-packages_PyQt6_Qt6_qml_QtQuick_Controls_FluentWinUI3_dark_images_spinbox-indicator-up-background_png fileNode\nclass node_venv_lib_python3_12_site-packages_PyQt6_Qt6_qml_QtQuick_Controls_FluentWinUI3_dark_images_spinbox-indicator-up-background@2x_png fileNode\nclass node_venv_lib_python3_12_site-packages_PyQt6_Qt6_qml_QtQuick_Controls_FluentWinUI3_dark_images_spinbox-indicator-up-background@3x_png fileNode\nclass node_venv_lib_python3_12_site-packages_PyQt6_Qt6_qml_QtQuick_Controls_FluentWinUI3_dark_images_spinbox-indicator-up-icon-atlimit_png fileNode\nclass node_venv_lib_python3_12_site-packages_PyQt6_Qt6_qml_QtQuick_Controls_FluentWinUI3_dark_images_spinbox-indicator-up-icon-atlimit@2x_png fileNode\nclass node_venv_lib_python3_12_site-packages_PyQt6_Qt6_qml_QtQuick_Controls_FluentWinUI3_dark_images_spinbox-indicator-up-icon-atlimit@3x_png fileNode\nclass node_venv_lib_python3_12_site-packages_PyQt6_Qt6_qml_QtQuick_Controls_FluentWinUI3_dark_images_spinbox-indicator-up-icon-disabled_png fileNode\nclass node_venv_lib_python3_12_site-packages_PyQt6_Qt6_qml_QtQuick_Controls_FluentWinUI3_dark_images_spinbox-indicator-up-icon-disabled@2x_png fileNode\nclass node_venv_lib_python3_12_site-packages_PyQt6_Qt6_qml_QtQuick_Controls_FluentWinUI3_dark_images_spinbox-indicator-up-icon-disabled@3x_png fileNode\nclass node_venv_lib_python3_12_site-packages_PyQt6_Qt6_qml_QtQuick_Controls_FluentWinUI3_dark_images_spinbox-indicator-up-icon-down-hovered_png fileNode\nclass node_venv_lib_python3_12_site-packages_PyQt6_Qt6_qml_QtQuick_Controls_FluentWinUI3_dark_images_spinbox-indicator-up-icon-down-hovered@2x_png fileNode\nclass node_venv_lib_python3_12_site-packages_PyQt6_Qt6_qml_QtQuick_Controls_FluentWinUI3_dark_images_spinbox-indicator-up-icon-down-hovered@3x_png fileNode\nclass node_venv_lib_python3_12_site-packages_PyQt6_Qt6_qml_QtQuick_Controls_FluentWinUI3_dark_images_spinbox-indicator-up-icon-down-pressed_png fileNode\nclass node_venv_lib_python3_12_site-packages_PyQt6_Qt6_qml_QtQuick_Controls_FluentWinUI3_dark_images_spinbox-indicator-up-icon-down-pressed@2x_png fileNode\nclass node_venv_lib_python3_12_site-packages_PyQt6_Qt6_qml_QtQuick_Controls_FluentWinUI3_dark_images_spinbox-indicator-up-icon-down-pressed@3x_png fileNode\nclass node_venv_lib_python3_12_site-packages_PyQt6_Qt6_qml_QtQuick_Controls_FluentWinUI3_dark_images_spinbox-indicator-up-icon-hovered_png fileNode\nclass node_venv_lib_python3_12_site-packages_PyQt6_Qt6_qml_QtQuick_Controls_FluentWinUI3_dark_images_spinbox-indicator-up-icon-hovered@2x_png fileNode\nclass node_venv_lib_python3_12_site-packages_PyQt6_Qt6_qml_QtQuick_Controls_FluentWinUI3_dark_images_spinbox-indicator-up-icon-hovered@3x_png fileNode\nclass node_venv_lib_python3_12_site-packages_PyQt6_Qt6_qml_QtQuick_Controls_FluentWinUI3_dark_images_spinbox-indicator-up-icon-up-hovered_png fileNode\nclass node_venv_lib_python3_12_site-packages_PyQt6_Qt6_qml_QtQuick_Controls_FluentWinUI3_dark_images_spinbox-indicator-up-icon-up-hovered@2x_png fileNode\nclass node_venv_lib_python3_12_site-packages_PyQt6_Qt6_qml_QtQuick_Controls_FluentWinUI3_dark_images_spinbox-indicator-up-icon-up-hovered@3x_png fileNode\nclass node_venv_lib_python3_12_site-packages_PyQt6_Qt6_qml_QtQuick_Controls_FluentWinUI3_dark_images_spinbox-indicator-up-icon-up-pressed_png fileNode\nclass node_venv_lib_python3_12_site-packages_PyQt6_Qt6_qml_QtQuick_Controls_FluentWinUI3_dark_images_spinbox-indicator-up-icon-up-pressed@2x_png fileNode\nclass node_venv_lib_python3_12_site-packages_PyQt6_Qt6_qml_QtQuick_Controls_FluentWinUI3_dark_images_spinbox-indicator-up-icon-up-pressed@3x_png fileNode\nclass node_venv_lib_python3_12_site-packages_PyQt6_Qt6_qml_QtQuick_Controls_FluentWinUI3_dark_images_spinbox-indicator-up-icon_png fileNode\nclass node_venv_lib_python3_12_site-packages_PyQt6_Qt6_qml_QtQuick_Controls_FluentWinUI3_dark_images_spinbox-indicator-up-icon@2x_png fileNode\nclass node_venv_lib_python3_12_site-packages_PyQt6_Qt6_qml_QtQuick_Controls_FluentWinUI3_dark_images_spinbox-indicator-up-icon@3x_png fileNode\nclass node_venv_lib_python3_12_site-packages_PyQt6_Qt6_qml_QtQuick_Controls_FluentWinUI3_dark_images_textarea-background-disabled_png fileNode\nclass node_venv_lib_python3_12_site-packages_PyQt6_Qt6_qml_QtQuick_Controls_FluentWinUI3_dark_images_textarea-background-disabled@2x_png fileNode\nclass node_venv_lib_python3_12_site-packages_PyQt6_Qt6_qml_QtQuick_Controls_FluentWinUI3_dark_images_textarea-background-disabled@3x_png fileNode\nclass node_venv_lib_python3_12_site-packages_PyQt6_Qt6_qml_QtQuick_Controls_FluentWinUI3_dark_images_textarea-background-focused_png fileNode\nclass node_venv_lib_python3_12_site-packages_PyQt6_Qt6_qml_QtQuick_Controls_FluentWinUI3_dark_images_textarea-background-focused@2x_png fileNode\nclass node_venv_lib_python3_12_site-packages_PyQt6_Qt6_qml_QtQuick_Controls_FluentWinUI3_dark_images_textarea-background-focused@3x_png fileNode\nclass node_venv_lib_python3_12_site-packages_PyQt6_Qt6_qml_QtQuick_Controls_FluentWinUI3_dark_images_textarea-background-hovered_png fileNode\nclass node_venv_lib_python3_12_site-packages_PyQt6_Qt6_qml_QtQuick_Controls_FluentWinUI3_dark_images_textarea-background-hovered@2x_png fileNode\nclass node_venv_lib_python3_12_site-packages_PyQt6_Qt6_qml_QtQuick_Controls_FluentWinUI3_dark_images_textarea-background-hovered@3x_png fileNode\nclass node_venv_lib_python3_12_site-packages_PyQt6_Qt6_qml_QtQuick_Controls_FluentWinUI3_dark_images_textarea-background_png fileNode\nclass node_venv_lib_python3_12_site-packages_PyQt6_Qt6_qml_QtQuick_Controls_FluentWinUI3_dark_images_textarea-background@2x_png fileNode\nclass node_venv_lib_python3_12_site-packages_PyQt6_Qt6_qml_QtQuick_Controls_FluentWinUI3_dark_images_textarea-background@3x_png fileNode\nclass node_venv_lib_python3_12_site-packages_PyQt6_Qt6_qml_QtQuick_Controls_FluentWinUI3_dark_images_textfield-background-disabled_png fileNode\nclass node_venv_lib_python3_12_site-packages_PyQt6_Qt6_qml_QtQuick_Controls_FluentWinUI3_dark_images_textfield-background-disabled@2x_png fileNode\nclass node_venv_lib_python3_12_site-packages_PyQt6_Qt6_qml_QtQuick_Controls_FluentWinUI3_dark_images_textfield-background-disabled@3x_png fileNode\nclass node_venv_lib_python3_12_site-packages_PyQt6_Qt6_qml_QtQuick_Controls_FluentWinUI3_dark_images_textfield-background-focused_png fileNode\nclass node_venv_lib_python3_12_site-packages_PyQt6_Qt6_qml_QtQuick_Controls_FluentWinUI3_dark_images_textfield-background-focused@2x_png fileNode\nclass node_venv_lib_python3_12_site-packages_PyQt6_Qt6_qml_QtQuick_Controls_FluentWinUI3_dark_images_textfield-background-focused@3x_png fileNode\nclass node_venv_lib_python3_12_site-packages_PyQt6_Qt6_qml_QtQuick_Controls_FluentWinUI3_dark_images_textfield-background-hovered_png fileNode\nclass node_venv_lib_python3_12_site-packages_PyQt6_Qt6_qml_QtQuick_Controls_FluentWinUI3_dark_images_textfield-background-hovered@2x_png fileNode\nclass node_venv_lib_python3_12_site-packages_PyQt6_Qt6_qml_QtQuick_Controls_FluentWinUI3_dark_images_textfield-background-hovered@3x_png fileNode\nclass node_venv_lib_python3_12_site-packages_PyQt6_Qt6_qml_QtQuick_Controls_FluentWinUI3_dark_images_textfield-background_png fileNode\nclass node_venv_lib_python3_12_site-packages_PyQt6_Qt6_qml_QtQuick_Controls_FluentWinUI3_dark_images_textfield-background@2x_png fileNode\nclass node_venv_lib_python3_12_site-packages_PyQt6_Qt6_qml_QtQuick_Controls_FluentWinUI3_dark_images_textfield-background@3x_png fileNode\nclass node_venv_lib_python3_12_site-packages_PyQt6_Qt6_qml_QtQuick_Controls_macOS_BusyIndicator_qml fileNode\nclass node_venv_lib_python3_12_site-packages_PyQt6_Qt6_qml_QtQuick_Controls_macOS_Button_qml fileNode\nclass node_venv_lib_python3_12_site-packages_PyQt6_Qt6_qml_QtQuick_Controls_macOS_CheckBox_qml fileNode\nclass node_venv_lib_python3_12_site-packages_PyQt6_Qt6_qml_QtQuick_Controls_macOS_CheckDelegate_qml fileNode\nclass node_venv_lib_python3_12_site-packages_PyQt6_Qt6_qml_QtQuick_Controls_macOS_ComboBox_qml fileNode\nclass node_venv_lib_python3_12_site-packages_PyQt6_Qt6_qml_QtQuick_Controls_macOS_DelayButton_qml fileNode\nclass node_venv_lib_python3_12_site-packages_PyQt6_Qt6_qml_QtQuick_Controls_macOS_Dial_qml fileNode\nclass node_venv_lib_python3_12_site-packages_PyQt6_Qt6_qml_QtQuick_Controls_macOS_Dialog_qml fileNode\nclass node_venv_lib_python3_12_site-packages_PyQt6_Qt6_qml_QtQuick_Controls_macOS_DialogButtonBox_qml fileNode\nclass node_venv_lib_python3_12_site-packages_PyQt6_Qt6_qml_QtQuick_Controls_macOS_Frame_qml fileNode\nclass node_venv_lib_python3_12_site-packages_PyQt6_Qt6_qml_QtQuick_Controls_macOS_GroupBox_qml fileNode\nclass node_venv_lib_python3_12_site-packages_PyQt6_Qt6_qml_QtQuick_Controls_macOS_ItemDelegate_qml fileNode\nclass node_venv_lib_python3_12_site-packages_PyQt6_Qt6_qml_QtQuick_Controls_macOS_Menu_qml fileNode\nclass node_venv_lib_python3_12_site-packages_PyQt6_Qt6_qml_QtQuick_Controls_macOS_MenuBar_qml fileNode\nclass node_venv_lib_python3_12_site-packages_PyQt6_Qt6_qml_QtQuick_Controls_macOS_MenuBarItem_qml fileNode\nclass node_venv_lib_python3_12_site-packages_PyQt6_Qt6_qml_QtQuick_Controls_macOS_MenuItem_qml fileNode\nclass node_venv_lib_python3_12_site-packages_PyQt6_Qt6_qml_QtQuick_Controls_macOS_MenuSeparator_qml fileNode\nclass node_venv_lib_python3_12_site-packages_PyQt6_Qt6_qml_QtQuick_Controls_macOS_ProgressBar_qml fileNode\nclass node_venv_lib_python3_12_site-packages_PyQt6_Qt6_qml_QtQuick_Controls_macOS_RadioButton_qml fileNode\nclass node_venv_lib_python3_12_site-packages_PyQt6_Qt6_qml_QtQuick_Controls_macOS_RadioDelegate_qml fileNode\nclass node_venv_lib_python3_12_site-packages_PyQt6_Qt6_qml_QtQuick_Controls_macOS_RangeSlider_qml fileNode\nclass node_venv_lib_python3_12_site-packages_PyQt6_Qt6_qml_QtQuick_Controls_macOS_ScrollBar_qml fileNode\nclass node_venv_lib_python3_12_site-packages_PyQt6_Qt6_qml_QtQuick_Controls_macOS_ScrollIndicator_qml fileNode\nclass node_venv_lib_python3_12_site-packages_PyQt6_Qt6_qml_QtQuick_Controls_macOS_ScrollView_qml fileNode\nclass node_venv_lib_python3_12_site-packages_PyQt6_Qt6_qml_QtQuick_Controls_macOS_SearchField_qml fileNode\nclass node_venv_lib_python3_12_site-packages_PyQt6_Qt6_qml_QtQuick_Controls_macOS_SelectionRectangle_qml fileNode\nclass node_venv_lib_python3_12_site-packages_PyQt6_Qt6_qml_QtQuick_Controls_macOS_Slider_qml fileNode\nclass node_venv_lib_python3_12_site-packages_PyQt6_Qt6_qml_QtQuick_Controls_macOS_SpinBox_qml fileNode\nclass node_venv_lib_python3_12_site-packages_PyQt6_Qt6_qml_QtQuick_Controls_macOS_Switch_qml fileNode\nclass node_venv_lib_python3_12_site-packages_PyQt6_Qt6_qml_QtQuick_Controls_macOS_SwitchDelegate_qml fileNode\nclass node_venv_lib_python3_12_site-packages_PyQt6_Qt6_qml_QtQuick_Controls_macOS_TextArea_qml fileNode\nclass node_venv_lib_python3_12_site-packages_PyQt6_Qt6_qml_QtQuick_Controls_macOS_TextField_qml fileNode\nclass node_venv_lib_python3_12_site-packages_PyQt6_Qt6_qml_QtQuick_Controls_macOS_TreeViewDelegate_qml fileNode\nclass node_venv_lib_python3_12_site-packages_PyQt6_Qt6_qml_QtQuick_Controls_macOS_libqtquickcontrols2macosstyleplugin_dylib fileNode\nclass node_venv_lib_python3_12_site-packages_PyQt6_Qt6_qml_QtQuick_Controls_macOS_plugins_qmltypes fileNode\nclass node_venv_lib_python3_12_site-packages_PyQt6_Qt6_qml_QtQuick_Controls_macOS_qmldir fileNode\nclass node_venv_lib_python3_12_site-packages_PyQt6_Qt6_qml_QtQuick_Controls_macOS_impl_CheckIndicator_qml fileNode\nclass node_venv_lib_python3_12_site-packages_PyQt6_Qt6_qml_QtQuick_Controls_macOS_impl_QuickControls2MacOSStyleImpl_qmltypes fileNode\nclass node_venv_lib_python3_12_site-packages_PyQt6_Qt6_qml_QtQuick_Controls_macOS_impl_SliderHandle_qml fileNode\nclass node_venv_lib_python3_12_site-packages_PyQt6_Qt6_qml_QtQuick_Controls_macOS_impl_SwitchHandle_qml fileNode\nclass node_venv_lib_python3_12_site-packages_PyQt6_Qt6_qml_QtQuick_Controls_macOS_impl_SwitchIndicator_qml fileNode\nclass node_venv_lib_python3_12_site-packages_PyQt6_Qt6_qml_QtQuick_Controls_macOS_impl_libqtquickcontrols2macosstyleimplplugin_dylib fileNode\nclass node_venv_lib_python3_12_site-packages_PyQt6_Qt6_qml_QtQuick_Controls_macOS_impl_qmldir fileNode\nclass node_venv_lib_python3_12_site-packages_PyQt6_Qt6_qml_QtQuick_Controls_macOS_images_busyindicator-dark_webp fileNode\nclass node_venv_lib_python3_12_site-packages_PyQt6_Qt6_qml_QtQuick_Controls_macOS_images_busyindicator-dark@2x_webp fileNode\nclass node_venv_lib_python3_12_site-packages_PyQt6_Qt6_qml_QtQuick_Controls_macOS_images_busyindicator-dark@3x_webp fileNode\nclass node_venv_lib_python3_12_site-packages_PyQt6_Qt6_qml_QtQuick_Controls_macOS_images_busyindicator-light_webp fileNode\nclass node_venv_lib_python3_12_site-packages_PyQt6_Qt6_qml_QtQuick_Controls_macOS_images_busyindicator-light@2x_webp fileNode\nclass node_venv_lib_python3_12_site-packages_PyQt6_Qt6_qml_QtQuick_Controls_macOS_images_busyindicator-light@3x_webp fileNode\nclass node_venv_lib_python3_12_site-packages_PyQt6_Qt6_qml_QtQuick_Controls_macOS_images_checkmark_png fileNode\nclass node_venv_lib_python3_12_site-packages_PyQt6_Qt6_qml_QtQuick_Controls_macOS_images_checkmark@2x_png fileNode\nclass node_venv_lib_python3_12_site-packages_PyQt6_Qt6_qml_QtQuick_Controls_macOS_images_checkmark@3x_png fileNode\nclass node_venv_lib_python3_12_site-packages_PyQt6_Qt6_qml_QtQuick_Controls_macOS_images_menuarrow_png fileNode\nclass node_venv_lib_python3_12_site-packages_PyQt6_Qt6_qml_QtQuick_Controls_macOS_images_menuarrow@2x_png fileNode\nclass node_venv_lib_python3_12_site-packages_PyQt6_Qt6_qml_QtQuick_Controls_macOS_images_menuarrow@3x_png fileNode\nclass node_venv_lib_python3_12_site-packages_PyQt6_Qt6_qml_QtQuick_Controls_Universal_ApplicationWindow_qml fileNode\nclass node_venv_lib_python3_12_site-packages_PyQt6_Qt6_qml_QtQuick_Controls_Universal_BusyIndicator_qml fileNode\nclass node_venv_lib_python3_12_site-packages_PyQt6_Qt6_qml_QtQuick_Controls_Universal_Button_qml fileNode\nclass node_venv_lib_python3_12_site-packages_PyQt6_Qt6_qml_QtQuick_Controls_Universal_CheckBox_qml fileNode\nclass node_venv_lib_python3_12_site-packages_PyQt6_Qt6_qml_QtQuick_Controls_Universal_CheckDelegate_qml fileNode\nclass node_venv_lib_python3_12_site-packages_PyQt6_Qt6_qml_QtQuick_Controls_Universal_ComboBox_qml fileNode\nclass node_venv_lib_python3_12_site-packages_PyQt6_Qt6_qml_QtQuick_Controls_Universal_DelayButton_qml fileNode\nclass node_venv_lib_python3_12_site-packages_PyQt6_Qt6_qml_QtQuick_Controls_Universal_Dial_qml fileNode\nclass node_venv_lib_python3_12_site-packages_PyQt6_Qt6_qml_QtQuick_Controls_Universal_Dialog_qml fileNode\nclass node_venv_lib_python3_12_site-packages_PyQt6_Qt6_qml_QtQuick_Controls_Universal_DialogButtonBox_qml fileNode\nclass node_venv_lib_python3_12_site-packages_PyQt6_Qt6_qml_QtQuick_Controls_Universal_Drawer_qml fileNode\nclass node_venv_lib_python3_12_site-packages_PyQt6_Qt6_qml_QtQuick_Controls_Universal_Frame_qml fileNode\nclass node_venv_lib_python3_12_site-packages_PyQt6_Qt6_qml_QtQuick_Controls_Universal_GroupBox_qml fileNode\nclass node_venv_lib_python3_12_site-packages_PyQt6_Qt6_qml_QtQuick_Controls_Universal_HorizontalHeaderView_qml fileNode\nclass node_venv_lib_python3_12_site-packages_PyQt6_Qt6_qml_QtQuick_Controls_Universal_HorizontalHeaderViewDelegate_qml fileNode\nclass node_venv_lib_python3_12_site-packages_PyQt6_Qt6_qml_QtQuick_Controls_Universal_ItemDelegate_qml fileNode\nclass node_venv_lib_python3_12_site-packages_PyQt6_Qt6_qml_QtQuick_Controls_Universal_Label_qml fileNode\nclass node_venv_lib_python3_12_site-packages_PyQt6_Qt6_qml_QtQuick_Controls_Universal_Menu_qml fileNode\nclass node_venv_lib_python3_12_site-packages_PyQt6_Qt6_qml_QtQuick_Controls_Universal_MenuBar_qml fileNode\nclass node_venv_lib_python3_12_site-packages_PyQt6_Qt6_qml_QtQuick_Controls_Universal_MenuBarItem_qml fileNode\nclass node_venv_lib_python3_12_site-packages_PyQt6_Qt6_qml_QtQuick_Controls_Universal_MenuItem_qml fileNode\nclass node_venv_lib_python3_12_site-packages_PyQt6_Qt6_qml_QtQuick_Controls_Universal_MenuSeparator_qml fileNode\nclass node_venv_lib_python3_12_site-packages_PyQt6_Qt6_qml_QtQuick_Controls_Universal_Page_qml fileNode\nclass node_venv_lib_python3_12_site-packages_PyQt6_Qt6_qml_QtQuick_Controls_Universal_PageIndicator_qml fileNode\nclass node_venv_lib_python3_12_site-packages_PyQt6_Qt6_qml_QtQuick_Controls_Universal_Pane_qml fileNode\nclass node_venv_lib_python3_12_site-packages_PyQt6_Qt6_qml_QtQuick_Controls_Universal_Popup_qml fileNode\nclass node_venv_lib_python3_12_site-packages_PyQt6_Qt6_qml_QtQuick_Controls_Universal_ProgressBar_qml fileNode\nclass node_venv_lib_python3_12_site-packages_PyQt6_Qt6_qml_QtQuick_Controls_Universal_RadioButton_qml fileNode\nclass node_venv_lib_python3_12_site-packages_PyQt6_Qt6_qml_QtQuick_Controls_Universal_RadioDelegate_qml fileNode\nclass node_venv_lib_python3_12_site-packages_PyQt6_Qt6_qml_QtQuick_Controls_Universal_RangeSlider_qml fileNode\nclass node_venv_lib_python3_12_site-packages_PyQt6_Qt6_qml_QtQuick_Controls_Universal_RoundButton_qml fileNode\nclass node_venv_lib_python3_12_site-packages_PyQt6_Qt6_qml_QtQuick_Controls_Universal_ScrollBar_qml fileNode\nclass node_venv_lib_python3_12_site-packages_PyQt6_Qt6_qml_QtQuick_Controls_Universal_ScrollIndicator_qml fileNode\nclass node_venv_lib_python3_12_site-packages_PyQt6_Qt6_qml_QtQuick_Controls_Universal_ScrollView_qml fileNode\nclass node_venv_lib_python3_12_site-packages_PyQt6_Qt6_qml_QtQuick_Controls_Universal_SearchField_qml fileNode\nclass node_venv_lib_python3_12_site-packages_PyQt6_Qt6_qml_QtQuick_Controls_Universal_SelectionRectangle_qml fileNode\nclass node_venv_lib_python3_12_site-packages_PyQt6_Qt6_qml_QtQuick_Controls_Universal_Slider_qml fileNode\nclass node_venv_lib_python3_12_site-packages_PyQt6_Qt6_qml_QtQuick_Controls_Universal_SpinBox_qml fileNode\nclass node_venv_lib_python3_12_site-packages_PyQt6_Qt6_qml_QtQuick_Controls_Universal_SplitView_qml fileNode\nclass node_venv_lib_python3_12_site-packages_PyQt6_Qt6_qml_QtQuick_Controls_Universal_StackView_qml fileNode\nclass node_venv_lib_python3_12_site-packages_PyQt6_Qt6_qml_QtQuick_Controls_Universal_SwipeDelegate_qml fileNode\nclass node_venv_lib_python3_12_site-packages_PyQt6_Qt6_qml_QtQuick_Controls_Universal_Switch_qml fileNode\nclass node_venv_lib_python3_12_site-packages_PyQt6_Qt6_qml_QtQuick_Controls_Universal_SwitchDelegate_qml fileNode\nclass node_venv_lib_python3_12_site-packages_PyQt6_Qt6_qml_QtQuick_Controls_Universal_TabBar_qml fileNode\nclass node_venv_lib_python3_12_site-packages_PyQt6_Qt6_qml_QtQuick_Controls_Universal_TabButton_qml fileNode\nclass node_venv_lib_python3_12_site-packages_PyQt6_Qt6_qml_QtQuick_Controls_Universal_TextArea_qml fileNode\nclass node_venv_lib_python3_12_site-packages_PyQt6_Qt6_qml_QtQuick_Controls_Universal_TextField_qml fileNode\nclass node_venv_lib_python3_12_site-packages_PyQt6_Qt6_qml_QtQuick_Controls_Universal_ToolBar_qml fileNode\nclass node_venv_lib_python3_12_site-packages_PyQt6_Qt6_qml_QtQuick_Controls_Universal_ToolButton_qml fileNode\nclass node_venv_lib_python3_12_site-packages_PyQt6_Qt6_qml_QtQuick_Controls_Universal_ToolSeparator_qml fileNode\nclass node_venv_lib_python3_12_site-packages_PyQt6_Qt6_qml_QtQuick_Controls_Universal_ToolTip_qml fileNode\nclass node_venv_lib_python3_12_site-packages_PyQt6_Qt6_qml_QtQuick_Controls_Universal_Tumbler_qml fileNode\nclass node_venv_lib_python3_12_site-packages_PyQt6_Qt6_qml_QtQuick_Controls_Universal_VerticalHeaderView_qml fileNode\nclass node_venv_lib_python3_12_site-packages_PyQt6_Qt6_qml_QtQuick_Controls_Universal_VerticalHeaderViewDelegate_qml fileNode\nclass node_venv_lib_python3_12_site-packages_PyQt6_Qt6_qml_QtQuick_Controls_Universal_libqtquickcontrols2universalstyleplugin_dylib fileNode\nclass node_venv_lib_python3_12_site-packages_PyQt6_Qt6_qml_QtQuick_Controls_Universal_plugins_qmltypes fileNode\nclass node_venv_lib_python3_12_site-packages_PyQt6_Qt6_qml_QtQuick_Controls_Universal_qmldir fileNode\nclass node_venv_lib_python3_12_site-packages_PyQt6_Qt6_qml_QtQuick_Controls_Universal_impl_CheckIndicator_qml fileNode\nclass node_venv_lib_python3_12_site-packages_PyQt6_Qt6_qml_QtQuick_Controls_Universal_impl_RadioIndicator_qml fileNode\nclass node_venv_lib_python3_12_site-packages_PyQt6_Qt6_qml_QtQuick_Controls_Universal_impl_SwitchIndicator_qml fileNode\nclass node_venv_lib_python3_12_site-packages_PyQt6_Qt6_qml_QtQuick_Controls_Universal_impl_libqtquickcontrols2universalstyleimplplugin_dylib fileNode\nclass node_venv_lib_python3_12_site-packages_PyQt6_Qt6_qml_QtQuick_Controls_Universal_impl_plugins_qmltypes fileNode\nclass node_venv_lib_python3_12_site-packages_PyQt6_Qt6_qml_QtQuick_Controls_Universal_impl_qmldir fileNode\nclass node_venv_lib_python3_12_site-packages_PyQt6_Qt6_qml_QtQuick_Controls_Basic_AbstractButton_qml fileNode\nclass node_venv_lib_python3_12_site-packages_PyQt6_Qt6_qml_QtQuick_Controls_Basic_Action_qml fileNode\nclass node_venv_lib_python3_12_site-packages_PyQt6_Qt6_qml_QtQuick_Controls_Basic_ActionGroup_qml fileNode\nclass node_venv_lib_python3_12_site-packages_PyQt6_Qt6_qml_QtQuick_Controls_Basic_ApplicationWindow_qml fileNode\nclass node_venv_lib_python3_12_site-packages_PyQt6_Qt6_qml_QtQuick_Controls_Basic_BusyIndicator_qml fileNode\nclass node_venv_lib_python3_12_site-packages_PyQt6_Qt6_qml_QtQuick_Controls_Basic_Button_qml fileNode\nclass node_venv_lib_python3_12_site-packages_PyQt6_Qt6_qml_QtQuick_Controls_Basic_ButtonGroup_qml fileNode\nclass node_venv_lib_python3_12_site-packages_PyQt6_Qt6_qml_QtQuick_Controls_Basic_Calendar_qml fileNode\nclass node_venv_lib_python3_12_site-packages_PyQt6_Qt6_qml_QtQuick_Controls_Basic_CalendarModel_qml fileNode\nclass node_venv_lib_python3_12_site-packages_PyQt6_Qt6_qml_QtQuick_Controls_Basic_CheckBox_qml fileNode\nclass node_venv_lib_python3_12_site-packages_PyQt6_Qt6_qml_QtQuick_Controls_Basic_CheckDelegate_qml fileNode\nclass node_venv_lib_python3_12_site-packages_PyQt6_Qt6_qml_QtQuick_Controls_Basic_ComboBox_qml fileNode\nclass node_venv_lib_python3_12_site-packages_PyQt6_Qt6_qml_QtQuick_Controls_Basic_Container_qml fileNode\nclass node_venv_lib_python3_12_site-packages_PyQt6_Qt6_qml_QtQuick_Controls_Basic_Control_qml fileNode\nclass node_venv_lib_python3_12_site-packages_PyQt6_Qt6_qml_QtQuick_Controls_Basic_DayOfWeekRow_qml fileNode\nclass node_venv_lib_python3_12_site-packages_PyQt6_Qt6_qml_QtQuick_Controls_Basic_DelayButton_qml fileNode\nclass node_venv_lib_python3_12_site-packages_PyQt6_Qt6_qml_QtQuick_Controls_Basic_Dial_qml fileNode\nclass node_venv_lib_python3_12_site-packages_PyQt6_Qt6_qml_QtQuick_Controls_Basic_Dialog_qml fileNode\nclass node_venv_lib_python3_12_site-packages_PyQt6_Qt6_qml_QtQuick_Controls_Basic_DialogButtonBox_qml fileNode\nclass node_venv_lib_python3_12_site-packages_PyQt6_Qt6_qml_QtQuick_Controls_Basic_Drawer_qml fileNode\nclass node_venv_lib_python3_12_site-packages_PyQt6_Qt6_qml_QtQuick_Controls_Basic_Frame_qml fileNode\nclass node_venv_lib_python3_12_site-packages_PyQt6_Qt6_qml_QtQuick_Controls_Basic_GroupBox_qml fileNode\nclass node_venv_lib_python3_12_site-packages_PyQt6_Qt6_qml_QtQuick_Controls_Basic_HorizontalHeaderView_qml fileNode\nclass node_venv_lib_python3_12_site-packages_PyQt6_Qt6_qml_QtQuick_Controls_Basic_HorizontalHeaderViewDelegate_qml fileNode\nclass node_venv_lib_python3_12_site-packages_PyQt6_Qt6_qml_QtQuick_Controls_Basic_ItemDelegate_qml fileNode\nclass node_venv_lib_python3_12_site-packages_PyQt6_Qt6_qml_QtQuick_Controls_Basic_Label_qml fileNode\nclass node_venv_lib_python3_12_site-packages_PyQt6_Qt6_qml_QtQuick_Controls_Basic_Menu_qml fileNode\nclass node_venv_lib_python3_12_site-packages_PyQt6_Qt6_qml_QtQuick_Controls_Basic_MenuBar_qml fileNode\nclass node_venv_lib_python3_12_site-packages_PyQt6_Qt6_qml_QtQuick_Controls_Basic_MenuBarItem_qml fileNode\nclass node_venv_lib_python3_12_site-packages_PyQt6_Qt6_qml_QtQuick_Controls_Basic_MenuItem_qml fileNode\nclass node_venv_lib_python3_12_site-packages_PyQt6_Qt6_qml_QtQuick_Controls_Basic_MenuSeparator_qml fileNode\nclass node_venv_lib_python3_12_site-packages_PyQt6_Qt6_qml_QtQuick_Controls_Basic_MonthGrid_qml fileNode\nclass node_venv_lib_python3_12_site-packages_PyQt6_Qt6_qml_QtQuick_Controls_Basic_Page_qml fileNode\nclass node_venv_lib_python3_12_site-packages_PyQt6_Qt6_qml_QtQuick_Controls_Basic_PageIndicator_qml fileNode\nclass node_venv_lib_python3_12_site-packages_PyQt6_Qt6_qml_QtQuick_Controls_Basic_Pane_qml fileNode\nclass node_venv_lib_python3_12_site-packages_PyQt6_Qt6_qml_QtQuick_Controls_Basic_Popup_qml fileNode\nclass node_venv_lib_python3_12_site-packages_PyQt6_Qt6_qml_QtQuick_Controls_Basic_ProgressBar_qml fileNode\nclass node_venv_lib_python3_12_site-packages_PyQt6_Qt6_qml_QtQuick_Controls_Basic_RadioButton_qml fileNode\nclass node_venv_lib_python3_12_site-packages_PyQt6_Qt6_qml_QtQuick_Controls_Basic_RadioDelegate_qml fileNode\nclass node_venv_lib_python3_12_site-packages_PyQt6_Qt6_qml_QtQuick_Controls_Basic_RangeSlider_qml fileNode\nclass node_venv_lib_python3_12_site-packages_PyQt6_Qt6_qml_QtQuick_Controls_Basic_RoundButton_qml fileNode\nclass node_venv_lib_python3_12_site-packages_PyQt6_Qt6_qml_QtQuick_Controls_Basic_ScrollBar_qml fileNode\nclass node_venv_lib_python3_12_site-packages_PyQt6_Qt6_qml_QtQuick_Controls_Basic_ScrollIndicator_qml fileNode\nclass node_venv_lib_python3_12_site-packages_PyQt6_Qt6_qml_QtQuick_Controls_Basic_ScrollView_qml fileNode\nclass node_venv_lib_python3_12_site-packages_PyQt6_Qt6_qml_QtQuick_Controls_Basic_SearchField_qml fileNode\nclass node_venv_lib_python3_12_site-packages_PyQt6_Qt6_qml_QtQuick_Controls_Basic_SelectionRectangle_qml fileNode\nclass node_venv_lib_python3_12_site-packages_PyQt6_Qt6_qml_QtQuick_Controls_Basic_Slider_qml fileNode\nclass node_venv_lib_python3_12_site-packages_PyQt6_Qt6_qml_QtQuick_Controls_Basic_SpinBox_qml fileNode\nclass node_venv_lib_python3_12_site-packages_PyQt6_Qt6_qml_QtQuick_Controls_Basic_SplitView_qml fileNode\nclass node_venv_lib_python3_12_site-packages_PyQt6_Qt6_qml_QtQuick_Controls_Basic_StackView_qml fileNode\nclass node_venv_lib_python3_12_site-packages_PyQt6_Qt6_qml_QtQuick_Controls_Basic_SwipeDelegate_qml fileNode\nclass node_venv_lib_python3_12_site-packages_PyQt6_Qt6_qml_QtQuick_Controls_Basic_SwipeView_qml fileNode\nclass node_venv_lib_python3_12_site-packages_PyQt6_Qt6_qml_QtQuick_Controls_Basic_Switch_qml fileNode\nclass node_venv_lib_python3_12_site-packages_PyQt6_Qt6_qml_QtQuick_Controls_Basic_SwitchDelegate_qml fileNode\nclass node_venv_lib_python3_12_site-packages_PyQt6_Qt6_qml_QtQuick_Controls_Basic_TabBar_qml fileNode\nclass node_venv_lib_python3_12_site-packages_PyQt6_Qt6_qml_QtQuick_Controls_Basic_TabButton_qml fileNode\nclass node_venv_lib_python3_12_site-packages_PyQt6_Qt6_qml_QtQuick_Controls_Basic_TableViewDelegate_qml fileNode\nclass node_venv_lib_python3_12_site-packages_PyQt6_Qt6_qml_QtQuick_Controls_Basic_TextArea_qml fileNode\nclass node_venv_lib_python3_12_site-packages_PyQt6_Qt6_qml_QtQuick_Controls_Basic_TextField_qml fileNode\nclass node_venv_lib_python3_12_site-packages_PyQt6_Qt6_qml_QtQuick_Controls_Basic_ToolBar_qml fileNode\nclass node_venv_lib_python3_12_site-packages_PyQt6_Qt6_qml_QtQuick_Controls_Basic_ToolButton_qml fileNode\nclass node_venv_lib_python3_12_site-packages_PyQt6_Qt6_qml_QtQuick_Controls_Basic_ToolSeparator_qml fileNode\nclass node_venv_lib_python3_12_site-packages_PyQt6_Qt6_qml_QtQuick_Controls_Basic_ToolTip_qml fileNode\nclass node_venv_lib_python3_12_site-packages_PyQt6_Qt6_qml_QtQuick_Controls_Basic_TreeViewDelegate_qml fileNode\nclass node_venv_lib_python3_12_site-packages_PyQt6_Qt6_qml_QtQuick_Controls_Basic_Tumbler_qml fileNode\nclass node_venv_lib_python3_12_site-packages_PyQt6_Qt6_qml_QtQuick_Controls_Basic_VerticalHeaderView_qml fileNode\nclass node_venv_lib_python3_12_site-packages_PyQt6_Qt6_qml_QtQuick_Controls_Basic_VerticalHeaderViewDelegate_qml fileNode\nclass node_venv_lib_python3_12_site-packages_PyQt6_Qt6_qml_QtQuick_Controls_Basic_WeekNumberColumn_qml fileNode\nclass node_venv_lib_python3_12_site-packages_PyQt6_Qt6_qml_QtQuick_Controls_Basic_libqtquickcontrols2basicstyleplugin_dylib fileNode\nclass node_venv_lib_python3_12_site-packages_PyQt6_Qt6_qml_QtQuick_Controls_Basic_plugins_qmltypes fileNode\nclass node_venv_lib_python3_12_site-packages_PyQt6_Qt6_qml_QtQuick_Controls_Basic_qmldir fileNode\nclass node_venv_lib_python3_12_site-packages_PyQt6_Qt6_qml_QtQuick_Controls_Basic_impl_libqtquickcontrols2basicstyleimplplugin_dylib fileNode\nclass node_venv_lib_python3_12_site-packages_PyQt6_Qt6_qml_QtQuick_Controls_Basic_impl_plugins_qmltypes fileNode\nclass node_venv_lib_python3_12_site-packages_PyQt6_Qt6_qml_QtQuick_Controls_Basic_impl_qmldir fileNode\nclass node_venv_lib_python3_12_site-packages_PyQt6_Qt6_qml_QtQuick_Controls_iOS_ApplicationWindow_qml fileNode\nclass node_venv_lib_python3_12_site-packages_PyQt6_Qt6_qml_QtQuick_Controls_iOS_BusyIndicator_qml fileNode\nclass node_venv_lib_python3_12_site-packages_PyQt6_Qt6_qml_QtQuick_Controls_iOS_Button_qml fileNode\nclass node_venv_lib_python3_12_site-packages_PyQt6_Qt6_qml_QtQuick_Controls_iOS_CheckBox_qml fileNode\nclass node_venv_lib_python3_12_site-packages_PyQt6_Qt6_qml_QtQuick_Controls_iOS_CheckDelegate_qml fileNode\nclass node_venv_lib_python3_12_site-packages_PyQt6_Qt6_qml_QtQuick_Controls_iOS_ComboBox_qml fileNode\nclass node_venv_lib_python3_12_site-packages_PyQt6_Qt6_qml_QtQuick_Controls_iOS_DelayButton_qml fileNode\nclass node_venv_lib_python3_12_site-packages_PyQt6_Qt6_qml_QtQuick_Controls_iOS_Dial_qml fileNode\nclass node_venv_lib_python3_12_site-packages_PyQt6_Qt6_qml_QtQuick_Controls_iOS_Dialog_qml fileNode\nclass node_venv_lib_python3_12_site-packages_PyQt6_Qt6_qml_QtQuick_Controls_iOS_DialogButtonBox_qml fileNode\nclass node_venv_lib_python3_12_site-packages_PyQt6_Qt6_qml_QtQuick_Controls_iOS_Drawer_qml fileNode\nclass node_venv_lib_python3_12_site-packages_PyQt6_Qt6_qml_QtQuick_Controls_iOS_Frame_qml fileNode\nclass node_venv_lib_python3_12_site-packages_PyQt6_Qt6_qml_QtQuick_Controls_iOS_GroupBox_qml fileNode\nclass node_venv_lib_python3_12_site-packages_PyQt6_Qt6_qml_QtQuick_Controls_iOS_HorizontalHeaderView_qml fileNode\nclass node_venv_lib_python3_12_site-packages_PyQt6_Qt6_qml_QtQuick_Controls_iOS_HorizontalHeaderViewDelegate_qml fileNode\nclass node_venv_lib_python3_12_site-packages_PyQt6_Qt6_qml_QtQuick_Controls_iOS_ItemDelegate_qml fileNode\nclass node_venv_lib_python3_12_site-packages_PyQt6_Qt6_qml_QtQuick_Controls_iOS_Menu_qml fileNode\nclass node_venv_lib_python3_12_site-packages_PyQt6_Qt6_qml_QtQuick_Controls_iOS_MenuBar_qml fileNode\nclass node_venv_lib_python3_12_site-packages_PyQt6_Qt6_qml_QtQuick_Controls_iOS_MenuBarItem_qml fileNode\nclass node_venv_lib_python3_12_site-packages_PyQt6_Qt6_qml_QtQuick_Controls_iOS_MenuItem_qml fileNode\nclass node_venv_lib_python3_12_site-packages_PyQt6_Qt6_qml_QtQuick_Controls_iOS_MenuSeparator_qml fileNode\nclass node_venv_lib_python3_12_site-packages_PyQt6_Qt6_qml_QtQuick_Controls_iOS_PageIndicator_qml fileNode\nclass node_venv_lib_python3_12_site-packages_PyQt6_Qt6_qml_QtQuick_Controls_iOS_Popup_qml fileNode\nclass node_venv_lib_python3_12_site-packages_PyQt6_Qt6_qml_QtQuick_Controls_iOS_ProgressBar_qml fileNode\nclass node_venv_lib_python3_12_site-packages_PyQt6_Qt6_qml_QtQuick_Controls_iOS_RadioButton_qml fileNode\nclass node_venv_lib_python3_12_site-packages_PyQt6_Qt6_qml_QtQuick_Controls_iOS_RadioDelegate_qml fileNode\nclass node_venv_lib_python3_12_site-packages_PyQt6_Qt6_qml_QtQuick_Controls_iOS_RangeSlider_qml fileNode\nclass node_venv_lib_python3_12_site-packages_PyQt6_Qt6_qml_QtQuick_Controls_iOS_ScrollBar_qml fileNode\nclass node_venv_lib_python3_12_site-packages_PyQt6_Qt6_qml_QtQuick_Controls_iOS_ScrollIndicator_qml fileNode\nclass node_venv_lib_python3_12_site-packages_PyQt6_Qt6_qml_QtQuick_Controls_iOS_SearchField_qml fileNode\nclass node_venv_lib_python3_12_site-packages_PyQt6_Qt6_qml_QtQuick_Controls_iOS_SelectionRectangle_qml fileNode\nclass node_venv_lib_python3_12_site-packages_PyQt6_Qt6_qml_QtQuick_Controls_iOS_Slider_qml fileNode\nclass node_venv_lib_python3_12_site-packages_PyQt6_Qt6_qml_QtQuick_Controls_iOS_SpinBox_qml fileNode\nclass node_venv_lib_python3_12_site-packages_PyQt6_Qt6_qml_QtQuick_Controls_iOS_SplitView_qml fileNode\nclass node_venv_lib_python3_12_site-packages_PyQt6_Qt6_qml_QtQuick_Controls_iOS_StackView_qml fileNode\nclass node_venv_lib_python3_12_site-packages_PyQt6_Qt6_qml_QtQuick_Controls_iOS_SwipeDelegate_qml fileNode\nclass node_venv_lib_python3_12_site-packages_PyQt6_Qt6_qml_QtQuick_Controls_iOS_Switch_qml fileNode\nclass node_venv_lib_python3_12_site-packages_PyQt6_Qt6_qml_QtQuick_Controls_iOS_SwitchDelegate_qml fileNode\nclass node_venv_lib_python3_12_site-packages_PyQt6_Qt6_qml_QtQuick_Controls_iOS_TabBar_qml fileNode\nclass node_venv_lib_python3_12_site-packages_PyQt6_Qt6_qml_QtQuick_Controls_iOS_TabButton_qml fileNode\nclass node_venv_lib_python3_12_site-packages_PyQt6_Qt6_qml_QtQuick_Controls_iOS_TextArea_qml fileNode\nclass node_venv_lib_python3_12_site-packages_PyQt6_Qt6_qml_QtQuick_Controls_iOS_TextField_qml fileNode\nclass node_venv_lib_python3_12_site-packages_PyQt6_Qt6_qml_QtQuick_Controls_iOS_ToolBar_qml fileNode\nclass node_venv_lib_python3_12_site-packages_PyQt6_Qt6_qml_QtQuick_Controls_iOS_ToolButton_qml fileNode\nclass node_venv_lib_python3_12_site-packages_PyQt6_Qt6_qml_QtQuick_Controls_iOS_ToolSeparator_qml fileNode\nclass node_venv_lib_python3_12_site-packages_PyQt6_Qt6_qml_QtQuick_Controls_iOS_ToolTip_qml fileNode\nclass node_venv_lib_python3_12_site-packages_PyQt6_Qt6_qml_QtQuick_Controls_iOS_TreeViewDelegate_qml fileNode\nclass node_venv_lib_python3_12_site-packages_PyQt6_Qt6_qml_QtQuick_Controls_iOS_VerticalHeaderView_qml fileNode\nclass node_venv_lib_python3_12_site-packages_PyQt6_Qt6_qml_QtQuick_Controls_iOS_VerticalHeaderViewDelegate_qml fileNode\nclass node_venv_lib_python3_12_site-packages_PyQt6_Qt6_qml_QtQuick_Controls_iOS_libqtquickcontrols2iosstyleplugin_dylib fileNode\nclass node_venv_lib_python3_12_site-packages_PyQt6_Qt6_qml_QtQuick_Controls_iOS_plugins_qmltypes fileNode\nclass node_venv_lib_python3_12_site-packages_PyQt6_Qt6_qml_QtQuick_Controls_iOS_qmldir fileNode\nclass node_venv_lib_python3_12_site-packages_PyQt6_Qt6_qml_QtQuick_Controls_iOS_impl_CursorDelegate_qml fileNode\nclass node_venv_lib_python3_12_site-packages_PyQt6_Qt6_qml_QtQuick_Controls_iOS_impl_DialogButtonBoxDelegate_qml fileNode\nclass node_venv_lib_python3_12_site-packages_PyQt6_Qt6_qml_QtQuick_Controls_iOS_impl_libqtquickcontrols2iosstyleimplplugin_dylib fileNode\nclass node_venv_lib_python3_12_site-packages_PyQt6_Qt6_qml_QtQuick_Controls_iOS_impl_plugins_qmltypes fileNode\nclass node_venv_lib_python3_12_site-packages_PyQt6_Qt6_qml_QtQuick_Controls_iOS_impl_qmldir fileNode\nclass node_venv_lib_python3_12_site-packages_PyQt6_Qt6_qml_QtQuick_Controls_designer_AbstractButtonSection_qml fileNode\nclass node_venv_lib_python3_12_site-packages_PyQt6_Qt6_qml_QtQuick_Controls_designer_BusyIndicatorSpecifics_qml fileNode\nclass node_venv_lib_python3_12_site-packages_PyQt6_Qt6_qml_QtQuick_Controls_designer_ButtonSection_qml fileNode\nclass node_venv_lib_python3_12_site-packages_PyQt6_Qt6_qml_QtQuick_Controls_designer_ButtonSpecifics_qml fileNode\nclass node_venv_lib_python3_12_site-packages_PyQt6_Qt6_qml_QtQuick_Controls_designer_CheckBoxSpecifics_qml fileNode\nclass node_venv_lib_python3_12_site-packages_PyQt6_Qt6_qml_QtQuick_Controls_designer_CheckDelegateSpecifics_qml fileNode\nclass node_venv_lib_python3_12_site-packages_PyQt6_Qt6_qml_QtQuick_Controls_designer_CheckSection_qml fileNode\nclass node_venv_lib_python3_12_site-packages_PyQt6_Qt6_qml_QtQuick_Controls_designer_ComboBoxSpecifics_qml fileNode\nclass node_venv_lib_python3_12_site-packages_PyQt6_Qt6_qml_QtQuick_Controls_designer_ContainerSection_qml fileNode\nclass node_venv_lib_python3_12_site-packages_PyQt6_Qt6_qml_QtQuick_Controls_designer_ControlSection_qml fileNode\nclass node_venv_lib_python3_12_site-packages_PyQt6_Qt6_qml_QtQuick_Controls_designer_ControlSpecifics_qml fileNode\nclass node_venv_lib_python3_12_site-packages_PyQt6_Qt6_qml_QtQuick_Controls_designer_DelayButtonSpecifics_qml fileNode\nclass node_venv_lib_python3_12_site-packages_PyQt6_Qt6_qml_QtQuick_Controls_designer_DialSpecifics_qml fileNode\nclass node_venv_lib_python3_12_site-packages_PyQt6_Qt6_qml_QtQuick_Controls_designer_FrameSpecifics_qml fileNode\nclass node_venv_lib_python3_12_site-packages_PyQt6_Qt6_qml_QtQuick_Controls_designer_GroupBoxSpecifics_qml fileNode\nclass node_venv_lib_python3_12_site-packages_PyQt6_Qt6_qml_QtQuick_Controls_designer_InsetSection_qml fileNode\nclass node_venv_lib_python3_12_site-packages_PyQt6_Qt6_qml_QtQuick_Controls_designer_ItemDelegateSection_qml fileNode\nclass node_venv_lib_python3_12_site-packages_PyQt6_Qt6_qml_QtQuick_Controls_designer_ItemDelegateSpecifics_qml fileNode\nclass node_venv_lib_python3_12_site-packages_PyQt6_Qt6_qml_QtQuick_Controls_designer_LabelSpecifics_qml fileNode\nclass node_venv_lib_python3_12_site-packages_PyQt6_Qt6_qml_QtQuick_Controls_designer_PaddingSection_qml fileNode\nclass node_venv_lib_python3_12_site-packages_PyQt6_Qt6_qml_QtQuick_Controls_designer_PageIndicatorSpecifics_qml fileNode\nclass node_venv_lib_python3_12_site-packages_PyQt6_Qt6_qml_QtQuick_Controls_designer_PageSpecifics_qml fileNode\nclass node_venv_lib_python3_12_site-packages_PyQt6_Qt6_qml_QtQuick_Controls_designer_PaneSection_qml fileNode\nclass node_venv_lib_python3_12_site-packages_PyQt6_Qt6_qml_QtQuick_Controls_designer_PaneSpecifics_qml fileNode\nclass node_venv_lib_python3_12_site-packages_PyQt6_Qt6_qml_QtQuick_Controls_designer_ProgressBarSpecifics_qml fileNode\nclass node_venv_lib_python3_12_site-packages_PyQt6_Qt6_qml_QtQuick_Controls_designer_RadioButtonSpecifics_qml fileNode\nclass node_venv_lib_python3_12_site-packages_PyQt6_Qt6_qml_QtQuick_Controls_designer_RadioDelegateSpecifics_qml fileNode\nclass node_venv_lib_python3_12_site-packages_PyQt6_Qt6_qml_QtQuick_Controls_designer_RangeSliderSpecifics_qml fileNode\nclass node_venv_lib_python3_12_site-packages_PyQt6_Qt6_qml_QtQuick_Controls_designer_RoundButtonSpecifics_qml fileNode\nclass node_venv_lib_python3_12_site-packages_PyQt6_Qt6_qml_QtQuick_Controls_designer_ScrollViewSpecifics_qml fileNode\nclass node_venv_lib_python3_12_site-packages_PyQt6_Qt6_qml_QtQuick_Controls_designer_SliderSpecifics_qml fileNode\nclass node_venv_lib_python3_12_site-packages_PyQt6_Qt6_qml_QtQuick_Controls_designer_SpinBoxSpecifics_qml fileNode\nclass node_venv_lib_python3_12_site-packages_PyQt6_Qt6_qml_QtQuick_Controls_designer_StackViewSpecifics_qml fileNode\nclass node_venv_lib_python3_12_site-packages_PyQt6_Qt6_qml_QtQuick_Controls_designer_SwipeDelegateSpecifics_qml fileNode\nclass node_venv_lib_python3_12_site-packages_PyQt6_Qt6_qml_QtQuick_Controls_designer_SwipeViewSpecifics_qml fileNode\nclass node_venv_lib_python3_12_site-packages_PyQt6_Qt6_qml_QtQuick_Controls_designer_SwitchDelegateSpecifics_qml fileNode\nclass node_venv_lib_python3_12_site-packages_PyQt6_Qt6_qml_QtQuick_Controls_designer_SwitchSpecifics_qml fileNode\nclass node_venv_lib_python3_12_site-packages_PyQt6_Qt6_qml_QtQuick_Controls_designer_TabBarSpecifics_qml fileNode\nclass node_venv_lib_python3_12_site-packages_PyQt6_Qt6_qml_QtQuick_Controls_designer_TabButtonSpecifics_qml fileNode\nclass node_venv_lib_python3_12_site-packages_PyQt6_Qt6_qml_QtQuick_Controls_designer_TextAreaSpecifics_qml fileNode\nclass node_venv_lib_python3_12_site-packages_PyQt6_Qt6_qml_QtQuick_Controls_designer_TextFieldSpecifics_qml fileNode\nclass node_venv_lib_python3_12_site-packages_PyQt6_Qt6_qml_QtQuick_Controls_designer_ToolBarSpecifics_qml fileNode\nclass node_venv_lib_python3_12_site-packages_PyQt6_Qt6_qml_QtQuick_Controls_designer_ToolButtonSpecifics_qml fileNode\nclass node_venv_lib_python3_12_site-packages_PyQt6_Qt6_qml_QtQuick_Controls_designer_ToolSeparatorSpecifics_qml fileNode\nclass node_venv_lib_python3_12_site-packages_PyQt6_Qt6_qml_QtQuick_Controls_designer_TumblerSpecifics_qml fileNode\nclass node_venv_lib_python3_12_site-packages_PyQt6_Qt6_qml_QtQuick_Controls_designer_qtquickcontrols2_metainfo fileNode\nclass node_venv_lib_python3_12_site-packages_PyQt6_Qt6_qml_QtQuick_Controls_designer_images_busyindicator-icon_png fileNode\nclass node_venv_lib_python3_12_site-packages_PyQt6_Qt6_qml_QtQuick_Controls_designer_images_busyindicator-icon16_png fileNode\nclass node_venv_lib_python3_12_site-packages_PyQt6_Qt6_qml_QtQuick_Controls_designer_images_busyindicator-icon@2x_png fileNode\nclass node_venv_lib_python3_12_site-packages_PyQt6_Qt6_qml_QtQuick_Controls_designer_images_button-icon_png fileNode\nclass node_venv_lib_python3_12_site-packages_PyQt6_Qt6_qml_QtQuick_Controls_designer_images_button-icon16_png fileNode\nclass node_venv_lib_python3_12_site-packages_PyQt6_Qt6_qml_QtQuick_Controls_designer_images_button-icon@2x_png fileNode\nclass node_venv_lib_python3_12_site-packages_PyQt6_Qt6_qml_QtQuick_Controls_designer_images_checkbox-icon_png fileNode\nclass node_venv_lib_python3_12_site-packages_PyQt6_Qt6_qml_QtQuick_Controls_designer_images_checkbox-icon16_png fileNode\nclass node_venv_lib_python3_12_site-packages_PyQt6_Qt6_qml_QtQuick_Controls_designer_images_checkbox-icon@2x_png fileNode\nclass node_venv_lib_python3_12_site-packages_PyQt6_Qt6_qml_QtQuick_Controls_designer_images_combobox-icon_png fileNode\nclass node_venv_lib_python3_12_site-packages_PyQt6_Qt6_qml_QtQuick_Controls_designer_images_combobox-icon16_png fileNode\nclass node_venv_lib_python3_12_site-packages_PyQt6_Qt6_qml_QtQuick_Controls_designer_images_combobox-icon@2x_png fileNode\nclass node_venv_lib_python3_12_site-packages_PyQt6_Qt6_qml_QtQuick_Controls_designer_images_control-icon_png fileNode\nclass node_venv_lib_python3_12_site-packages_PyQt6_Qt6_qml_QtQuick_Controls_designer_images_control-icon16_png fileNode\nclass node_venv_lib_python3_12_site-packages_PyQt6_Qt6_qml_QtQuick_Controls_designer_images_control-icon@2x_png fileNode\nclass node_venv_lib_python3_12_site-packages_PyQt6_Qt6_qml_QtQuick_Controls_designer_images_delaybutton-icon_png fileNode\nclass node_venv_lib_python3_12_site-packages_PyQt6_Qt6_qml_QtQuick_Controls_designer_images_delaybutton-icon16_png fileNode\nclass node_venv_lib_python3_12_site-packages_PyQt6_Qt6_qml_QtQuick_Controls_designer_images_delaybutton-icon@2x_png fileNode\nclass node_venv_lib_python3_12_site-packages_PyQt6_Qt6_qml_QtQuick_Controls_designer_images_dial-icon_png fileNode\nclass node_venv_lib_python3_12_site-packages_PyQt6_Qt6_qml_QtQuick_Controls_designer_images_dial-icon16_png fileNode\nclass node_venv_lib_python3_12_site-packages_PyQt6_Qt6_qml_QtQuick_Controls_designer_images_dial-icon@2x_png fileNode\nclass node_venv_lib_python3_12_site-packages_PyQt6_Qt6_qml_QtQuick_Controls_designer_images_frame-icon_png fileNode\nclass node_venv_lib_python3_12_site-packages_PyQt6_Qt6_qml_QtQuick_Controls_designer_images_frame-icon16_png fileNode\nclass node_venv_lib_python3_12_site-packages_PyQt6_Qt6_qml_QtQuick_Controls_designer_images_frame-icon@2x_png fileNode\nclass node_venv_lib_python3_12_site-packages_PyQt6_Qt6_qml_QtQuick_Controls_designer_images_groupbox-icon_png fileNode\nclass node_venv_lib_python3_12_site-packages_PyQt6_Qt6_qml_QtQuick_Controls_designer_images_groupbox-icon16_png fileNode\nclass node_venv_lib_python3_12_site-packages_PyQt6_Qt6_qml_QtQuick_Controls_designer_images_groupbox-icon@2x_png fileNode\nclass node_venv_lib_python3_12_site-packages_PyQt6_Qt6_qml_QtQuick_Controls_designer_images_itemdelegate-icon_png fileNode\nclass node_venv_lib_python3_12_site-packages_PyQt6_Qt6_qml_QtQuick_Controls_designer_images_itemdelegate-icon16_png fileNode\nclass node_venv_lib_python3_12_site-packages_PyQt6_Qt6_qml_QtQuick_Controls_designer_images_itemdelegate-icon@2x_png fileNode\nclass node_venv_lib_python3_12_site-packages_PyQt6_Qt6_qml_QtQuick_Controls_designer_images_label-icon_png fileNode\nclass node_venv_lib_python3_12_site-packages_PyQt6_Qt6_qml_QtQuick_Controls_designer_images_label-icon16_png fileNode\nclass node_venv_lib_python3_12_site-packages_PyQt6_Qt6_qml_QtQuick_Controls_designer_images_label-icon@2x_png fileNode\nclass node_venv_lib_python3_12_site-packages_PyQt6_Qt6_qml_QtQuick_Controls_designer_images_page-icon_png fileNode\nclass node_venv_lib_python3_12_site-packages_PyQt6_Qt6_qml_QtQuick_Controls_designer_images_page-icon16_png fileNode\nclass node_venv_lib_python3_12_site-packages_PyQt6_Qt6_qml_QtQuick_Controls_designer_images_page-icon@2x_png fileNode\nclass node_venv_lib_python3_12_site-packages_PyQt6_Qt6_qml_QtQuick_Controls_designer_images_pageindicator-icon_png fileNode\nclass node_venv_lib_python3_12_site-packages_PyQt6_Qt6_qml_QtQuick_Controls_designer_images_pageindicator-icon16_png fileNode\nclass node_venv_lib_python3_12_site-packages_PyQt6_Qt6_qml_QtQuick_Controls_designer_images_pageindicator-icon@2x_png fileNode\nclass node_venv_lib_python3_12_site-packages_PyQt6_Qt6_qml_QtQuick_Controls_designer_images_pane-icon_png fileNode\nclass node_venv_lib_python3_12_site-packages_PyQt6_Qt6_qml_QtQuick_Controls_designer_images_pane-icon16_png fileNode\nclass node_venv_lib_python3_12_site-packages_PyQt6_Qt6_qml_QtQuick_Controls_designer_images_pane-icon@2x_png fileNode\nclass node_venv_lib_python3_12_site-packages_PyQt6_Qt6_qml_QtQuick_Controls_designer_images_progressbar-icon_png fileNode\nclass node_venv_lib_python3_12_site-packages_PyQt6_Qt6_qml_QtQuick_Controls_designer_images_progressbar-icon16_png fileNode\nclass node_venv_lib_python3_12_site-packages_PyQt6_Qt6_qml_QtQuick_Controls_designer_images_progressbar-icon@2x_png fileNode\nclass node_venv_lib_python3_12_site-packages_PyQt6_Qt6_qml_QtQuick_Controls_designer_images_radiobutton-icon_png fileNode\nclass node_venv_lib_python3_12_site-packages_PyQt6_Qt6_qml_QtQuick_Controls_designer_images_radiobutton-icon16_png fileNode\nclass node_venv_lib_python3_12_site-packages_PyQt6_Qt6_qml_QtQuick_Controls_designer_images_radiobutton-icon@2x_png fileNode\nclass node_venv_lib_python3_12_site-packages_PyQt6_Qt6_qml_QtQuick_Controls_designer_images_rangeslider-icon_png fileNode\nclass node_venv_lib_python3_12_site-packages_PyQt6_Qt6_qml_QtQuick_Controls_designer_images_rangeslider-icon16_png fileNode\nclass node_venv_lib_python3_12_site-packages_PyQt6_Qt6_qml_QtQuick_Controls_designer_images_rangeslider-icon@2x_png fileNode\nclass node_venv_lib_python3_12_site-packages_PyQt6_Qt6_qml_QtQuick_Controls_designer_images_roundbutton-icon_png fileNode\nclass node_venv_lib_python3_12_site-packages_PyQt6_Qt6_qml_QtQuick_Controls_designer_images_roundbutton-icon16_png fileNode\nclass node_venv_lib_python3_12_site-packages_PyQt6_Qt6_qml_QtQuick_Controls_designer_images_roundbutton-icon@2x_png fileNode\nclass node_venv_lib_python3_12_site-packages_PyQt6_Qt6_qml_QtQuick_Controls_designer_images_scrollview-icon_png fileNode\nclass node_venv_lib_python3_12_site-packages_PyQt6_Qt6_qml_QtQuick_Controls_designer_images_scrollview-icon16_png fileNode\nclass node_venv_lib_python3_12_site-packages_PyQt6_Qt6_qml_QtQuick_Controls_designer_images_scrollview-icon@2x_png fileNode\nclass node_venv_lib_python3_12_site-packages_PyQt6_Qt6_qml_QtQuick_Controls_designer_images_slider-icon_png fileNode\nclass node_venv_lib_python3_12_site-packages_PyQt6_Qt6_qml_QtQuick_Controls_designer_images_slider-icon16_png fileNode\nclass node_venv_lib_python3_12_site-packages_PyQt6_Qt6_qml_QtQuick_Controls_designer_images_slider-icon@2x_png fileNode\nclass node_venv_lib_python3_12_site-packages_PyQt6_Qt6_qml_QtQuick_Controls_designer_images_spinbox-icon_png fileNode\nclass node_venv_lib_python3_12_site-packages_PyQt6_Qt6_qml_QtQuick_Controls_designer_images_spinbox-icon16_png fileNode\nclass node_venv_lib_python3_12_site-packages_PyQt6_Qt6_qml_QtQuick_Controls_designer_images_spinbox-icon@2x_png fileNode\nclass node_venv_lib_python3_12_site-packages_PyQt6_Qt6_qml_QtQuick_Controls_designer_images_stackview-icon_png fileNode\nclass node_venv_lib_python3_12_site-packages_PyQt6_Qt6_qml_QtQuick_Controls_designer_images_stackview-icon16_png fileNode\nclass node_venv_lib_python3_12_site-packages_PyQt6_Qt6_qml_QtQuick_Controls_designer_images_stackview-icon@2x_png fileNode\nclass node_venv_lib_python3_12_site-packages_PyQt6_Qt6_qml_QtQuick_Controls_designer_images_swipeview-icon_png fileNode\nclass node_venv_lib_python3_12_site-packages_PyQt6_Qt6_qml_QtQuick_Controls_designer_images_swipeview-icon16_png fileNode\nclass node_venv_lib_python3_12_site-packages_PyQt6_Qt6_qml_QtQuick_Controls_designer_images_swipeview-icon@2x_png fileNode\nclass node_venv_lib_python3_12_site-packages_PyQt6_Qt6_qml_QtQuick_Controls_designer_images_switch-icon_png fileNode\nclass node_venv_lib_python3_12_site-packages_PyQt6_Qt6_qml_QtQuick_Controls_designer_images_switch-icon16_png fileNode\nclass node_venv_lib_python3_12_site-packages_PyQt6_Qt6_qml_QtQuick_Controls_designer_images_switch-icon@2x_png fileNode\nclass node_venv_lib_python3_12_site-packages_PyQt6_Qt6_qml_QtQuick_Controls_designer_images_textarea-icon_png fileNode\nclass node_venv_lib_python3_12_site-packages_PyQt6_Qt6_qml_QtQuick_Controls_designer_images_textarea-icon16_png fileNode\nclass node_venv_lib_python3_12_site-packages_PyQt6_Qt6_qml_QtQuick_Controls_designer_images_textarea-icon@2x_png fileNode\nclass node_venv_lib_python3_12_site-packages_PyQt6_Qt6_qml_QtQuick_Controls_designer_images_textfield-icon_png fileNode\nclass node_venv_lib_python3_12_site-packages_PyQt6_Qt6_qml_QtQuick_Controls_designer_images_textfield-icon16_png fileNode\nclass node_venv_lib_python3_12_site-packages_PyQt6_Qt6_qml_QtQuick_Controls_designer_images_textfield-icon@2x_png fileNode\nclass node_venv_lib_python3_12_site-packages_PyQt6_Qt6_qml_QtQuick_Controls_designer_images_toolbar-icon_png fileNode\nclass node_venv_lib_python3_12_site-packages_PyQt6_Qt6_qml_QtQuick_Controls_designer_images_toolbar-icon16_png fileNode\nclass node_venv_lib_python3_12_site-packages_PyQt6_Qt6_qml_QtQuick_Controls_designer_images_toolbar-icon@2x_png fileNode\nclass node_venv_lib_python3_12_site-packages_PyQt6_Qt6_qml_QtQuick_Controls_designer_images_toolbutton-icon_png fileNode\nclass node_venv_lib_python3_12_site-packages_PyQt6_Qt6_qml_QtQuick_Controls_designer_images_toolbutton-icon16_png fileNode\nclass node_venv_lib_python3_12_site-packages_PyQt6_Qt6_qml_QtQuick_Controls_designer_images_toolbutton-icon@2x_png fileNode\nclass node_venv_lib_python3_12_site-packages_PyQt6_Qt6_qml_QtQuick_Controls_designer_images_toolseparator-icon_png fileNode\nclass node_venv_lib_python3_12_site-packages_PyQt6_Qt6_qml_QtQuick_Controls_designer_images_toolseparator-icon16_png fileNode\nclass node_venv_lib_python3_12_site-packages_PyQt6_Qt6_qml_QtQuick_Controls_designer_images_toolseparator-icon@2x_png fileNode\nclass node_venv_lib_python3_12_site-packages_PyQt6_Qt6_qml_QtQuick_Controls_designer_images_tumbler-icon_png fileNode\nclass node_venv_lib_python3_12_site-packages_PyQt6_Qt6_qml_QtQuick_Controls_designer_images_tumbler-icon16_png fileNode\nclass node_venv_lib_python3_12_site-packages_PyQt6_Qt6_qml_QtQuick_Controls_designer_images_tumbler-icon@2x_png fileNode\nclass node_venv_lib_python3_12_site-packages_PyQt6_Qt6_qml_QtQuick_Controls_Material_ApplicationWindow_qml fileNode\nclass node_venv_lib_python3_12_site-packages_PyQt6_Qt6_qml_QtQuick_Controls_Material_BusyIndicator_qml fileNode\nclass node_venv_lib_python3_12_site-packages_PyQt6_Qt6_qml_QtQuick_Controls_Material_Button_qml fileNode\nclass node_venv_lib_python3_12_site-packages_PyQt6_Qt6_qml_QtQuick_Controls_Material_CheckBox_qml fileNode\nclass node_venv_lib_python3_12_site-packages_PyQt6_Qt6_qml_QtQuick_Controls_Material_CheckDelegate_qml fileNode\nclass node_venv_lib_python3_12_site-packages_PyQt6_Qt6_qml_QtQuick_Controls_Material_ComboBox_qml fileNode\nclass node_venv_lib_python3_12_site-packages_PyQt6_Qt6_qml_QtQuick_Controls_Material_DelayButton_qml fileNode\nclass node_venv_lib_python3_12_site-packages_PyQt6_Qt6_qml_QtQuick_Controls_Material_Dial_qml fileNode\nclass node_venv_lib_python3_12_site-packages_PyQt6_Qt6_qml_QtQuick_Controls_Material_Dialog_qml fileNode\nclass node_venv_lib_python3_12_site-packages_PyQt6_Qt6_qml_QtQuick_Controls_Material_DialogButtonBox_qml fileNode\nclass node_venv_lib_python3_12_site-packages_PyQt6_Qt6_qml_QtQuick_Controls_Material_Drawer_qml fileNode\nclass node_venv_lib_python3_12_site-packages_PyQt6_Qt6_qml_QtQuick_Controls_Material_Frame_qml fileNode\nclass node_venv_lib_python3_12_site-packages_PyQt6_Qt6_qml_QtQuick_Controls_Material_GroupBox_qml fileNode\nclass node_venv_lib_python3_12_site-packages_PyQt6_Qt6_qml_QtQuick_Controls_Material_HorizontalHeaderView_qml fileNode\nclass node_venv_lib_python3_12_site-packages_PyQt6_Qt6_qml_QtQuick_Controls_Material_HorizontalHeaderViewDelegate_qml fileNode\nclass node_venv_lib_python3_12_site-packages_PyQt6_Qt6_qml_QtQuick_Controls_Material_ItemDelegate_qml fileNode\nclass node_venv_lib_python3_12_site-packages_PyQt6_Qt6_qml_QtQuick_Controls_Material_Label_qml fileNode\nclass node_venv_lib_python3_12_site-packages_PyQt6_Qt6_qml_QtQuick_Controls_Material_Menu_qml fileNode\nclass node_venv_lib_python3_12_site-packages_PyQt6_Qt6_qml_QtQuick_Controls_Material_MenuBar_qml fileNode\nclass node_venv_lib_python3_12_site-packages_PyQt6_Qt6_qml_QtQuick_Controls_Material_MenuBarItem_qml fileNode\nclass node_venv_lib_python3_12_site-packages_PyQt6_Qt6_qml_QtQuick_Controls_Material_MenuItem_qml fileNode\nclass node_venv_lib_python3_12_site-packages_PyQt6_Qt6_qml_QtQuick_Controls_Material_MenuSeparator_qml fileNode\nclass node_venv_lib_python3_12_site-packages_PyQt6_Qt6_qml_QtQuick_Controls_Material_Page_qml fileNode\nclass node_venv_lib_python3_12_site-packages_PyQt6_Qt6_qml_QtQuick_Controls_Material_PageIndicator_qml fileNode\nclass node_venv_lib_python3_12_site-packages_PyQt6_Qt6_qml_QtQuick_Controls_Material_Pane_qml fileNode\nclass node_venv_lib_python3_12_site-packages_PyQt6_Qt6_qml_QtQuick_Controls_Material_Popup_qml fileNode\nclass node_venv_lib_python3_12_site-packages_PyQt6_Qt6_qml_QtQuick_Controls_Material_ProgressBar_qml fileNode\nclass node_venv_lib_python3_12_site-packages_PyQt6_Qt6_qml_QtQuick_Controls_Material_RadioButton_qml fileNode\nclass node_venv_lib_python3_12_site-packages_PyQt6_Qt6_qml_QtQuick_Controls_Material_RadioDelegate_qml fileNode\nclass node_venv_lib_python3_12_site-packages_PyQt6_Qt6_qml_QtQuick_Controls_Material_RangeSlider_qml fileNode\nclass node_venv_lib_python3_12_site-packages_PyQt6_Qt6_qml_QtQuick_Controls_Material_RoundButton_qml fileNode\nclass node_venv_lib_python3_12_site-packages_PyQt6_Qt6_qml_QtQuick_Controls_Material_ScrollBar_qml fileNode\nclass node_venv_lib_python3_12_site-packages_PyQt6_Qt6_qml_QtQuick_Controls_Material_ScrollIndicator_qml fileNode\nclass node_venv_lib_python3_12_site-packages_PyQt6_Qt6_qml_QtQuick_Controls_Material_ScrollView_qml fileNode\nclass node_venv_lib_python3_12_site-packages_PyQt6_Qt6_qml_QtQuick_Controls_Material_SearchField_qml fileNode\nclass node_venv_lib_python3_12_site-packages_PyQt6_Qt6_qml_QtQuick_Controls_Material_SelectionRectangle_qml fileNode\nclass node_venv_lib_python3_12_site-packages_PyQt6_Qt6_qml_QtQuick_Controls_Material_Slider_qml fileNode\nclass node_venv_lib_python3_12_site-packages_PyQt6_Qt6_qml_QtQuick_Controls_Material_SpinBox_qml fileNode\nclass node_venv_lib_python3_12_site-packages_PyQt6_Qt6_qml_QtQuick_Controls_Material_SplitView_qml fileNode\nclass node_venv_lib_python3_12_site-packages_PyQt6_Qt6_qml_QtQuick_Controls_Material_StackView_qml fileNode\nclass node_venv_lib_python3_12_site-packages_PyQt6_Qt6_qml_QtQuick_Controls_Material_SwipeDelegate_qml fileNode\nclass node_venv_lib_python3_12_site-packages_PyQt6_Qt6_qml_QtQuick_Controls_Material_SwipeView_qml fileNode\nclass node_venv_lib_python3_12_site-packages_PyQt6_Qt6_qml_QtQuick_Controls_Material_Switch_qml fileNode\nclass node_venv_lib_python3_12_site-packages_PyQt6_Qt6_qml_QtQuick_Controls_Material_SwitchDelegate_qml fileNode\nclass node_venv_lib_python3_12_site-packages_PyQt6_Qt6_qml_QtQuick_Controls_Material_TabBar_qml fileNode\nclass node_venv_lib_python3_12_site-packages_PyQt6_Qt6_qml_QtQuick_Controls_Material_TabButton_qml fileNode\nclass node_venv_lib_python3_12_site-packages_PyQt6_Qt6_qml_QtQuick_Controls_Material_TextArea_qml fileNode\nclass node_venv_lib_python3_12_site-packages_PyQt6_Qt6_qml_QtQuick_Controls_Material_TextField_qml fileNode\nclass node_venv_lib_python3_12_site-packages_PyQt6_Qt6_qml_QtQuick_Controls_Material_ToolBar_qml fileNode\nclass node_venv_lib_python3_12_site-packages_PyQt6_Qt6_qml_QtQuick_Controls_Material_ToolButton_qml fileNode\nclass node_venv_lib_python3_12_site-packages_PyQt6_Qt6_qml_QtQuick_Controls_Material_ToolSeparator_qml fileNode\nclass node_venv_lib_python3_12_site-packages_PyQt6_Qt6_qml_QtQuick_Controls_Material_ToolTip_qml fileNode\nclass node_venv_lib_python3_12_site-packages_PyQt6_Qt6_qml_QtQuick_Controls_Material_TreeViewDelegate_qml fileNode\nclass node_venv_lib_python3_12_site-packages_PyQt6_Qt6_qml_QtQuick_Controls_Material_Tumbler_qml fileNode\nclass node_venv_lib_python3_12_site-packages_PyQt6_Qt6_qml_QtQuick_Controls_Material_VerticalHeaderView_qml fileNode\nclass node_venv_lib_python3_12_site-packages_PyQt6_Qt6_qml_QtQuick_Controls_Material_VerticalHeaderViewDelegate_qml fileNode\nclass node_venv_lib_python3_12_site-packages_PyQt6_Qt6_qml_QtQuick_Controls_Material_libqtquickcontrols2materialstyleplugin_dylib fileNode\nclass node_venv_lib_python3_12_site-packages_PyQt6_Qt6_qml_QtQuick_Controls_Material_plugins_qmltypes fileNode\nclass node_venv_lib_python3_12_site-packages_PyQt6_Qt6_qml_QtQuick_Controls_Material_qmldir fileNode\nclass node_venv_lib_python3_12_site-packages_PyQt6_Qt6_qml_QtQuick_Controls_Material_impl_BoxShadow_qml fileNode\nclass node_venv_lib_python3_12_site-packages_PyQt6_Qt6_qml_QtQuick_Controls_Material_impl_CheckIndicator_qml fileNode\nclass node_venv_lib_python3_12_site-packages_PyQt6_Qt6_qml_QtQuick_Controls_Material_impl_CursorDelegate_qml fileNode\nclass node_venv_lib_python3_12_site-packages_PyQt6_Qt6_qml_QtQuick_Controls_Material_impl_ElevationEffect_qml fileNode\nclass node_venv_lib_python3_12_site-packages_PyQt6_Qt6_qml_QtQuick_Controls_Material_impl_RadioIndicator_qml fileNode\nclass node_venv_lib_python3_12_site-packages_PyQt6_Qt6_qml_QtQuick_Controls_Material_impl_RectangularGlow_qml fileNode\nclass node_venv_lib_python3_12_site-packages_PyQt6_Qt6_qml_QtQuick_Controls_Material_impl_RoundedElevationEffect_qml fileNode\nclass node_venv_lib_python3_12_site-packages_PyQt6_Qt6_qml_QtQuick_Controls_Material_impl_SliderHandle_qml fileNode\nclass node_venv_lib_python3_12_site-packages_PyQt6_Qt6_qml_QtQuick_Controls_Material_impl_SwitchIndicator_qml fileNode\nclass node_venv_lib_python3_12_site-packages_PyQt6_Qt6_qml_QtQuick_Controls_Material_impl_libqtquickcontrols2materialstyleimplplugin_dylib fileNode\nclass node_venv_lib_python3_12_site-packages_PyQt6_Qt6_qml_QtQuick_Controls_Material_impl_plugins_qmltypes fileNode\nclass node_venv_lib_python3_12_site-packages_PyQt6_Qt6_qml_QtQuick_Controls_Material_impl_qmldir fileNode\nclass node_venv_lib_python3_12_site-packages_PyQt6_Qt6_qml_QtQuick_Controls_Imagine_ApplicationWindow_qml fileNode\nclass node_venv_lib_python3_12_site-packages_PyQt6_Qt6_qml_QtQuick_Controls_Imagine_BusyIndicator_qml fileNode\nclass node_venv_lib_python3_12_site-packages_PyQt6_Qt6_qml_QtQuick_Controls_Imagine_Button_qml fileNode\nclass node_venv_lib_python3_12_site-packages_PyQt6_Qt6_qml_QtQuick_Controls_Imagine_CheckBox_qml fileNode\nclass node_venv_lib_python3_12_site-packages_PyQt6_Qt6_qml_QtQuick_Controls_Imagine_CheckDelegate_qml fileNode\nclass node_venv_lib_python3_12_site-packages_PyQt6_Qt6_qml_QtQuick_Controls_Imagine_ComboBox_qml fileNode\nclass node_venv_lib_python3_12_site-packages_PyQt6_Qt6_qml_QtQuick_Controls_Imagine_DelayButton_qml fileNode\nclass node_venv_lib_python3_12_site-packages_PyQt6_Qt6_qml_QtQuick_Controls_Imagine_Dial_qml fileNode\nclass node_venv_lib_python3_12_site-packages_PyQt6_Qt6_qml_QtQuick_Controls_Imagine_Dialog_qml fileNode\nclass node_venv_lib_python3_12_site-packages_PyQt6_Qt6_qml_QtQuick_Controls_Imagine_DialogButtonBox_qml fileNode\nclass node_venv_lib_python3_12_site-packages_PyQt6_Qt6_qml_QtQuick_Controls_Imagine_Drawer_qml fileNode\nclass node_venv_lib_python3_12_site-packages_PyQt6_Qt6_qml_QtQuick_Controls_Imagine_Frame_qml fileNode\nclass node_venv_lib_python3_12_site-packages_PyQt6_Qt6_qml_QtQuick_Controls_Imagine_GroupBox_qml fileNode\nclass node_venv_lib_python3_12_site-packages_PyQt6_Qt6_qml_QtQuick_Controls_Imagine_HorizontalHeaderView_qml fileNode\nclass node_venv_lib_python3_12_site-packages_PyQt6_Qt6_qml_QtQuick_Controls_Imagine_HorizontalHeaderViewDelegate_qml fileNode\nclass node_venv_lib_python3_12_site-packages_PyQt6_Qt6_qml_QtQuick_Controls_Imagine_ItemDelegate_qml fileNode\nclass node_venv_lib_python3_12_site-packages_PyQt6_Qt6_qml_QtQuick_Controls_Imagine_Label_qml fileNode\nclass node_venv_lib_python3_12_site-packages_PyQt6_Qt6_qml_QtQuick_Controls_Imagine_Menu_qml fileNode\nclass node_venv_lib_python3_12_site-packages_PyQt6_Qt6_qml_QtQuick_Controls_Imagine_MenuItem_qml fileNode\nclass node_venv_lib_python3_12_site-packages_PyQt6_Qt6_qml_QtQuick_Controls_Imagine_MenuSeparator_qml fileNode\nclass node_venv_lib_python3_12_site-packages_PyQt6_Qt6_qml_QtQuick_Controls_Imagine_Page_qml fileNode\nclass node_venv_lib_python3_12_site-packages_PyQt6_Qt6_qml_QtQuick_Controls_Imagine_PageIndicator_qml fileNode\nclass node_venv_lib_python3_12_site-packages_PyQt6_Qt6_qml_QtQuick_Controls_Imagine_Pane_qml fileNode\nclass node_venv_lib_python3_12_site-packages_PyQt6_Qt6_qml_QtQuick_Controls_Imagine_Popup_qml fileNode\nclass node_venv_lib_python3_12_site-packages_PyQt6_Qt6_qml_QtQuick_Controls_Imagine_ProgressBar_qml fileNode\nclass node_venv_lib_python3_12_site-packages_PyQt6_Qt6_qml_QtQuick_Controls_Imagine_RadioButton_qml fileNode\nclass node_venv_lib_python3_12_site-packages_PyQt6_Qt6_qml_QtQuick_Controls_Imagine_RadioDelegate_qml fileNode\nclass node_venv_lib_python3_12_site-packages_PyQt6_Qt6_qml_QtQuick_Controls_Imagine_RangeSlider_qml fileNode\nclass node_venv_lib_python3_12_site-packages_PyQt6_Qt6_qml_QtQuick_Controls_Imagine_RoundButton_qml fileNode\nclass node_venv_lib_python3_12_site-packages_PyQt6_Qt6_qml_QtQuick_Controls_Imagine_ScrollBar_qml fileNode\nclass node_venv_lib_python3_12_site-packages_PyQt6_Qt6_qml_QtQuick_Controls_Imagine_ScrollIndicator_qml fileNode\nclass node_venv_lib_python3_12_site-packages_PyQt6_Qt6_qml_QtQuick_Controls_Imagine_ScrollView_qml fileNode\nclass node_venv_lib_python3_12_site-packages_PyQt6_Qt6_qml_QtQuick_Controls_Imagine_SearchField_qml fileNode\nclass node_venv_lib_python3_12_site-packages_PyQt6_Qt6_qml_QtQuick_Controls_Imagine_SelectionRectangle_qml fileNode\nclass node_venv_lib_python3_12_site-packages_PyQt6_Qt6_qml_QtQuick_Controls_Imagine_Slider_qml fileNode\nclass node_venv_lib_python3_12_site-packages_PyQt6_Qt6_qml_QtQuick_Controls_Imagine_SpinBox_qml fileNode\nclass node_venv_lib_python3_12_site-packages_PyQt6_Qt6_qml_QtQuick_Controls_Imagine_SplitView_qml fileNode\nclass node_venv_lib_python3_12_site-packages_PyQt6_Qt6_qml_QtQuick_Controls_Imagine_StackView_qml fileNode\nclass node_venv_lib_python3_12_site-packages_PyQt6_Qt6_qml_QtQuick_Controls_Imagine_SwipeDelegate_qml fileNode\nclass node_venv_lib_python3_12_site-packages_PyQt6_Qt6_qml_QtQuick_Controls_Imagine_SwipeView_qml fileNode\nclass node_venv_lib_python3_12_site-packages_PyQt6_Qt6_qml_QtQuick_Controls_Imagine_Switch_qml fileNode\nclass node_venv_lib_python3_12_site-packages_PyQt6_Qt6_qml_QtQuick_Controls_Imagine_SwitchDelegate_qml fileNode\nclass node_venv_lib_python3_12_site-packages_PyQt6_Qt6_qml_QtQuick_Controls_Imagine_TabBar_qml fileNode\nclass node_venv_lib_python3_12_site-packages_PyQt6_Qt6_qml_QtQuick_Controls_Imagine_TabButton_qml fileNode\nclass node_venv_lib_python3_12_site-packages_PyQt6_Qt6_qml_QtQuick_Controls_Imagine_TextArea_qml fileNode\nclass node_venv_lib_python3_12_site-packages_PyQt6_Qt6_qml_QtQuick_Controls_Imagine_TextField_qml fileNode\nclass node_venv_lib_python3_12_site-packages_PyQt6_Qt6_qml_QtQuick_Controls_Imagine_ToolBar_qml fileNode\nclass node_venv_lib_python3_12_site-packages_PyQt6_Qt6_qml_QtQuick_Controls_Imagine_ToolButton_qml fileNode\nclass node_venv_lib_python3_12_site-packages_PyQt6_Qt6_qml_QtQuick_Controls_Imagine_ToolSeparator_qml fileNode\nclass node_venv_lib_python3_12_site-packages_PyQt6_Qt6_qml_QtQuick_Controls_Imagine_ToolTip_qml fileNode\nclass node_venv_lib_python3_12_site-packages_PyQt6_Qt6_qml_QtQuick_Controls_Imagine_Tumbler_qml fileNode\nclass node_venv_lib_python3_12_site-packages_PyQt6_Qt6_qml_QtQuick_Controls_Imagine_VerticalHeaderView_qml fileNode\nclass node_venv_lib_python3_12_site-packages_PyQt6_Qt6_qml_QtQuick_Controls_Imagine_VerticalHeaderViewDelegate_qml fileNode\nclass node_venv_lib_python3_12_site-packages_PyQt6_Qt6_qml_QtQuick_Controls_Imagine_libqtquickcontrols2imaginestyleplugin_dylib fileNode\nclass node_venv_lib_python3_12_site-packages_PyQt6_Qt6_qml_QtQuick_Controls_Imagine_plugins_qmltypes fileNode\nclass node_venv_lib_python3_12_site-packages_PyQt6_Qt6_qml_QtQuick_Controls_Imagine_qmldir fileNode\nclass node_venv_lib_python3_12_site-packages_PyQt6_Qt6_qml_QtQuick_Controls_Imagine_impl_OpacityMask_qml fileNode\nclass node_venv_lib_python3_12_site-packages_PyQt6_Qt6_qml_QtQuick_Controls_Imagine_impl_QuickControls2ImagineStyleImpl_qmltypes fileNode\nclass node_venv_lib_python3_12_site-packages_PyQt6_Qt6_qml_QtQuick_Controls_Imagine_impl_libqtquickcontrols2imaginestyleimplplugin_dylib fileNode\nclass node_venv_lib_python3_12_site-packages_PyQt6_Qt6_qml_QtQuick_Controls_Imagine_impl_qmldir fileNode\nclass node_venv_lib_python3_12_site-packages_PyQt6_Qt6_qml_QtQuick_Layouts_libqquicklayoutsplugin_dylib fileNode\nclass node_venv_lib_python3_12_site-packages_PyQt6_Qt6_qml_QtQuick_Layouts_plugins_qmltypes fileNode\nclass node_venv_lib_python3_12_site-packages_PyQt6_Qt6_qml_QtQuick_Layouts_qmldir fileNode\nclass node_venv_lib_python3_12_site-packages_PyQt6_Qt6_qml_QtQuick_Window_libquickwindowplugin_dylib fileNode\nclass node_venv_lib_python3_12_site-packages_PyQt6_Qt6_qml_QtQuick_Window_qmldir fileNode\nclass node_venv_lib_python3_12_site-packages_PyQt6_Qt6_qml_QtQuick_Window_quickwindow_qmltypes fileNode\nclass node_venv_lib_python3_12_site-packages_PyQt6_Qt6_qml_QtQuick_LocalStorage_libqmllocalstorageplugin_dylib fileNode\nclass node_venv_lib_python3_12_site-packages_PyQt6_Qt6_qml_QtQuick_LocalStorage_plugins_qmltypes fileNode\nclass node_venv_lib_python3_12_site-packages_PyQt6_Qt6_qml_QtQuick_LocalStorage_qmldir fileNode\nclass node_venv_lib_python3_12_site-packages_PyQt6_Qt6_qml_QtQuick_Templates_libqtquicktemplates2plugin_dylib fileNode\nclass node_venv_lib_python3_12_site-packages_PyQt6_Qt6_qml_QtQuick_Templates_plugins_qmltypes fileNode\nclass node_venv_lib_python3_12_site-packages_PyQt6_Qt6_qml_QtQuick_Templates_qmldir fileNode\nclass node_venv_lib_python3_12_site-packages_PyQt6_Qt6_qml_QtQuick_Dialogs_libqtquickdialogsplugin_dylib fileNode\nclass node_venv_lib_python3_12_site-packages_PyQt6_Qt6_qml_QtQuick_Dialogs_plugins_qmltypes fileNode\nclass node_venv_lib_python3_12_site-packages_PyQt6_Qt6_qml_QtQuick_Dialogs_qmldir fileNode\nclass node_venv_lib_python3_12_site-packages_PyQt6_Qt6_qml_QtQuick_Dialogs_quickimpl_libqtquickdialogs2quickimplplugin_dylib fileNode\nclass node_venv_lib_python3_12_site-packages_PyQt6_Qt6_qml_QtQuick_Dialogs_quickimpl_plugins_qmltypes fileNode\nclass node_venv_lib_python3_12_site-packages_PyQt6_Qt6_qml_QtQuick_Dialogs_quickimpl_qmldir fileNode\nclass node_venv_lib_python3_12_site-packages_PyQt6_Qt6_qml_QtQuick_Dialogs_quickimpl_qml_ColorDialog_qml fileNode\nclass node_venv_lib_python3_12_site-packages_PyQt6_Qt6_qml_QtQuick_Dialogs_quickimpl_qml_ColorInputs_qml fileNode\nclass node_venv_lib_python3_12_site-packages_PyQt6_Qt6_qml_QtQuick_Dialogs_quickimpl_qml_FileDialog_qml fileNode\nclass node_venv_lib_python3_12_site-packages_PyQt6_Qt6_qml_QtQuick_Dialogs_quickimpl_qml_FileDialogDelegate_qml fileNode\nclass node_venv_lib_python3_12_site-packages_PyQt6_Qt6_qml_QtQuick_Dialogs_quickimpl_qml_FileDialogDelegateLabel_qml fileNode\nclass node_venv_lib_python3_12_site-packages_PyQt6_Qt6_qml_QtQuick_Dialogs_quickimpl_qml_FolderBreadcrumbBar_qml fileNode\nclass node_venv_lib_python3_12_site-packages_PyQt6_Qt6_qml_QtQuick_Dialogs_quickimpl_qml_FolderDialog_qml fileNode\nclass node_venv_lib_python3_12_site-packages_PyQt6_Qt6_qml_QtQuick_Dialogs_quickimpl_qml_FolderDialogDelegate_qml fileNode\nclass node_venv_lib_python3_12_site-packages_PyQt6_Qt6_qml_QtQuick_Dialogs_quickimpl_qml_FolderDialogDelegateLabel_qml fileNode\nclass node_venv_lib_python3_12_site-packages_PyQt6_Qt6_qml_QtQuick_Dialogs_quickimpl_qml_FontDialog_qml fileNode\nclass node_venv_lib_python3_12_site-packages_PyQt6_Qt6_qml_QtQuick_Dialogs_quickimpl_qml_FontDialogContent_qml fileNode\nclass node_venv_lib_python3_12_site-packages_PyQt6_Qt6_qml_QtQuick_Dialogs_quickimpl_qml_HueGradient_qml fileNode\nclass node_venv_lib_python3_12_site-packages_PyQt6_Qt6_qml_QtQuick_Dialogs_quickimpl_qml_MessageDialog_qml fileNode\nclass node_venv_lib_python3_12_site-packages_PyQt6_Qt6_qml_QtQuick_Dialogs_quickimpl_qml_PickerHandle_qml fileNode\nclass node_venv_lib_python3_12_site-packages_PyQt6_Qt6_qml_QtQuick_Dialogs_quickimpl_qml_SaturationLightnessPicker_qml fileNode\nclass node_venv_lib_python3_12_site-packages_PyQt6_Qt6_qml_QtQuick_Dialogs_quickimpl_qml_SideBar_qml fileNode\nclass node_venv_lib_python3_12_site-packages_PyQt6_Qt6_qml_QtQuick_Dialogs_quickimpl_qml_+Imagine_ColorDialog_qml fileNode\nclass node_venv_lib_python3_12_site-packages_PyQt6_Qt6_qml_QtQuick_Dialogs_quickimpl_qml_+Imagine_ColorInputs_qml fileNode\nclass node_venv_lib_python3_12_site-packages_PyQt6_Qt6_qml_QtQuick_Dialogs_quickimpl_qml_+Imagine_FileDialog_qml fileNode\nclass node_venv_lib_python3_12_site-packages_PyQt6_Qt6_qml_QtQuick_Dialogs_quickimpl_qml_+Imagine_FileDialogDelegate_qml fileNode\nclass node_venv_lib_python3_12_site-packages_PyQt6_Qt6_qml_QtQuick_Dialogs_quickimpl_qml_+Imagine_FolderBreadcrumbBar_qml fileNode\nclass node_venv_lib_python3_12_site-packages_PyQt6_Qt6_qml_QtQuick_Dialogs_quickimpl_qml_+Imagine_FolderDialog_qml fileNode\nclass node_venv_lib_python3_12_site-packages_PyQt6_Qt6_qml_QtQuick_Dialogs_quickimpl_qml_+Imagine_FolderDialogDelegate_qml fileNode\nclass node_venv_lib_python3_12_site-packages_PyQt6_Qt6_qml_QtQuick_Dialogs_quickimpl_qml_+Imagine_FontDialog_qml fileNode\nclass node_venv_lib_python3_12_site-packages_PyQt6_Qt6_qml_QtQuick_Dialogs_quickimpl_qml_+Imagine_MessageDialog_qml fileNode\nclass node_venv_lib_python3_12_site-packages_PyQt6_Qt6_qml_QtQuick_Dialogs_quickimpl_qml_+Imagine_SideBar_qml fileNode\nclass node_venv_lib_python3_12_site-packages_PyQt6_Qt6_qml_QtQuick_Dialogs_quickimpl_qml_+Fusion_ColorDialog_qml fileNode\nclass node_venv_lib_python3_12_site-packages_PyQt6_Qt6_qml_QtQuick_Dialogs_quickimpl_qml_+Fusion_ColorInputs_qml fileNode\nclass node_venv_lib_python3_12_site-packages_PyQt6_Qt6_qml_QtQuick_Dialogs_quickimpl_qml_+Fusion_FileDialog_qml fileNode\nclass node_venv_lib_python3_12_site-packages_PyQt6_Qt6_qml_QtQuick_Dialogs_quickimpl_qml_+Fusion_FileDialogDelegate_qml fileNode\nclass node_venv_lib_python3_12_site-packages_PyQt6_Qt6_qml_QtQuick_Dialogs_quickimpl_qml_+Fusion_FolderBreadcrumbBar_qml fileNode\nclass node_venv_lib_python3_12_site-packages_PyQt6_Qt6_qml_QtQuick_Dialogs_quickimpl_qml_+Fusion_FolderDialog_qml fileNode\nclass node_venv_lib_python3_12_site-packages_PyQt6_Qt6_qml_QtQuick_Dialogs_quickimpl_qml_+Fusion_FolderDialogDelegate_qml fileNode\nclass node_venv_lib_python3_12_site-packages_PyQt6_Qt6_qml_QtQuick_Dialogs_quickimpl_qml_+Fusion_FontDialog_qml fileNode\nclass node_venv_lib_python3_12_site-packages_PyQt6_Qt6_qml_QtQuick_Dialogs_quickimpl_qml_+Fusion_MessageDialog_qml fileNode\nclass node_venv_lib_python3_12_site-packages_PyQt6_Qt6_qml_QtQuick_Dialogs_quickimpl_qml_+Fusion_SideBar_qml fileNode\nclass node_venv_lib_python3_12_site-packages_PyQt6_Qt6_qml_QtQuick_Dialogs_quickimpl_qml_+Universal_ColorDialog_qml fileNode\nclass node_venv_lib_python3_12_site-packages_PyQt6_Qt6_qml_QtQuick_Dialogs_quickimpl_qml_+Universal_ColorInputs_qml fileNode\nclass node_venv_lib_python3_12_site-packages_PyQt6_Qt6_qml_QtQuick_Dialogs_quickimpl_qml_+Universal_FileDialog_qml fileNode\nclass node_venv_lib_python3_12_site-packages_PyQt6_Qt6_qml_QtQuick_Dialogs_quickimpl_qml_+Universal_FileDialogDelegate_qml fileNode\nclass node_venv_lib_python3_12_site-packages_PyQt6_Qt6_qml_QtQuick_Dialogs_quickimpl_qml_+Universal_FolderBreadcrumbBar_qml fileNode\nclass node_venv_lib_python3_12_site-packages_PyQt6_Qt6_qml_QtQuick_Dialogs_quickimpl_qml_+Universal_FolderDialog_qml fileNode\nclass node_venv_lib_python3_12_site-packages_PyQt6_Qt6_qml_QtQuick_Dialogs_quickimpl_qml_+Universal_FolderDialogDelegate_qml fileNode\nclass node_venv_lib_python3_12_site-packages_PyQt6_Qt6_qml_QtQuick_Dialogs_quickimpl_qml_+Universal_FontDialog_qml fileNode\nclass node_venv_lib_python3_12_site-packages_PyQt6_Qt6_qml_QtQuick_Dialogs_quickimpl_qml_+Universal_MessageDialog_qml fileNode\nclass node_venv_lib_python3_12_site-packages_PyQt6_Qt6_qml_QtQuick_Dialogs_quickimpl_qml_+Universal_SideBar_qml fileNode\nclass node_venv_lib_python3_12_site-packages_PyQt6_Qt6_qml_QtQuick_Dialogs_quickimpl_qml_+Material_ColorDialog_qml fileNode\nclass node_venv_lib_python3_12_site-packages_PyQt6_Qt6_qml_QtQuick_Dialogs_quickimpl_qml_+Material_ColorInputs_qml fileNode\nclass node_venv_lib_python3_12_site-packages_PyQt6_Qt6_qml_QtQuick_Dialogs_quickimpl_qml_+Material_FileDialog_qml fileNode\nclass node_venv_lib_python3_12_site-packages_PyQt6_Qt6_qml_QtQuick_Dialogs_quickimpl_qml_+Material_FileDialogDelegate_qml fileNode\nclass node_venv_lib_python3_12_site-packages_PyQt6_Qt6_qml_QtQuick_Dialogs_quickimpl_qml_+Material_FolderBreadcrumbBar_qml fileNode\nclass node_venv_lib_python3_12_site-packages_PyQt6_Qt6_qml_QtQuick_Dialogs_quickimpl_qml_+Material_FolderDialog_qml fileNode\nclass node_venv_lib_python3_12_site-packages_PyQt6_Qt6_qml_QtQuick_Dialogs_quickimpl_qml_+Material_FolderDialogDelegate_qml fileNode\nclass node_venv_lib_python3_12_site-packages_PyQt6_Qt6_qml_QtQuick_Dialogs_quickimpl_qml_+Material_FontDialog_qml fileNode\nclass node_venv_lib_python3_12_site-packages_PyQt6_Qt6_qml_QtQuick_Dialogs_quickimpl_qml_+Material_MessageDialog_qml fileNode\nclass node_venv_lib_python3_12_site-packages_PyQt6_Qt6_qml_QtQuick_Dialogs_quickimpl_qml_+Material_SideBar_qml fileNode\nclass node_venv_lib_python3_12_site-packages_PyQt6_Qt6_qml_QtQuick_Scene3D_libqtquickscene3dplugin_dylib fileNode\nclass node_venv_lib_python3_12_site-packages_PyQt6_Qt6_qml_QtQuick_Scene3D_plugins_qmltypes fileNode\nclass node_venv_lib_python3_12_site-packages_PyQt6_Qt6_qml_QtQuick_Scene3D_qmldir fileNode\nclass node_venv_lib_python3_12_site-packages_PyQt6_Qt6_qml_QtQuick_Effects_libeffectsplugin_dylib fileNode\nclass node_venv_lib_python3_12_site-packages_PyQt6_Qt6_qml_QtQuick_Effects_plugins_qmltypes fileNode\nclass node_venv_lib_python3_12_site-packages_PyQt6_Qt6_qml_QtQuick_Effects_qmldir fileNode\nclass node_venv_lib_python3_12_site-packages_PyQt6_Qt6_qml_QtQuick_Timeline_libqtquicktimelineplugin_dylib fileNode\nclass node_venv_lib_python3_12_site-packages_PyQt6_Qt6_qml_QtQuick_Timeline_plugins_qmltypes fileNode\nclass node_venv_lib_python3_12_site-packages_PyQt6_Qt6_qml_QtQuick_Timeline_qmldir fileNode\nclass node_venv_lib_python3_12_site-packages_PyQt6_Qt6_qml_QtQuick_Timeline_BlendTrees_libqtquicktimelineblendtreesplugin_dylib fileNode\nclass node_venv_lib_python3_12_site-packages_PyQt6_Qt6_qml_QtQuick_Timeline_BlendTrees_plugins_qmltypes fileNode\nclass node_venv_lib_python3_12_site-packages_PyQt6_Qt6_qml_QtQuick_Timeline_BlendTrees_qmldir fileNode\nclass node_venv_lib_python3_12_site-packages_PyQt6_Qt6_qml_QtQuick_NativeStyle_libqtquickcontrols2nativestyleplugin_dylib fileNode\nclass node_venv_lib_python3_12_site-packages_PyQt6_Qt6_qml_QtQuick_NativeStyle_plugins_qmltypes fileNode\nclass node_venv_lib_python3_12_site-packages_PyQt6_Qt6_qml_QtQuick_NativeStyle_qmldir fileNode\nclass node_venv_lib_python3_12_site-packages_PyQt6_Qt6_qml_QtQuick_NativeStyle_util_MacFocusFrame_qml fileNode\nclass node_venv_lib_python3_12_site-packages_PyQt6_Qt6_qml_QtQuick_NativeStyle_util_qmldir fileNode\nclass node_venv_lib_python3_12_site-packages_PyQt6_Qt6_qml_QtQuick_NativeStyle_controls_DefaultButton_qml fileNode\nclass node_venv_lib_python3_12_site-packages_PyQt6_Qt6_qml_QtQuick_NativeStyle_controls_DefaultCheckBox_qml fileNode\nclass node_venv_lib_python3_12_site-packages_PyQt6_Qt6_qml_QtQuick_NativeStyle_controls_DefaultComboBox_qml fileNode\nclass node_venv_lib_python3_12_site-packages_PyQt6_Qt6_qml_QtQuick_NativeStyle_controls_DefaultDial_qml fileNode\nclass node_venv_lib_python3_12_site-packages_PyQt6_Qt6_qml_QtQuick_NativeStyle_controls_DefaultFrame_qml fileNode\nclass node_venv_lib_python3_12_site-packages_PyQt6_Qt6_qml_QtQuick_NativeStyle_controls_DefaultGroupBox_qml fileNode\nclass node_venv_lib_python3_12_site-packages_PyQt6_Qt6_qml_QtQuick_NativeStyle_controls_DefaultItemDelegate_qml fileNode\nclass node_venv_lib_python3_12_site-packages_PyQt6_Qt6_qml_QtQuick_NativeStyle_controls_DefaultItemDelegateIconLabel_qml fileNode\nclass node_venv_lib_python3_12_site-packages_PyQt6_Qt6_qml_QtQuick_NativeStyle_controls_DefaultProgressBar_qml fileNode\nclass node_venv_lib_python3_12_site-packages_PyQt6_Qt6_qml_QtQuick_NativeStyle_controls_DefaultRadioButton_qml fileNode\nclass node_venv_lib_python3_12_site-packages_PyQt6_Qt6_qml_QtQuick_NativeStyle_controls_DefaultRadioDelegate_qml fileNode\nclass node_venv_lib_python3_12_site-packages_PyQt6_Qt6_qml_QtQuick_NativeStyle_controls_DefaultScrollBar_qml fileNode\nclass node_venv_lib_python3_12_site-packages_PyQt6_Qt6_qml_QtQuick_NativeStyle_controls_DefaultSearchField_qml fileNode\nclass node_venv_lib_python3_12_site-packages_PyQt6_Qt6_qml_QtQuick_NativeStyle_controls_DefaultSlider_qml fileNode\nclass node_venv_lib_python3_12_site-packages_PyQt6_Qt6_qml_QtQuick_NativeStyle_controls_DefaultSpinBox_qml fileNode\nclass node_venv_lib_python3_12_site-packages_PyQt6_Qt6_qml_QtQuick_NativeStyle_controls_DefaultTextArea_qml fileNode\nclass node_venv_lib_python3_12_site-packages_PyQt6_Qt6_qml_QtQuick_NativeStyle_controls_DefaultTextField_qml fileNode\nclass node_venv_lib_python3_12_site-packages_PyQt6_Qt6_qml_QtQuick_NativeStyle_controls_DefaultTreeViewDelegate_qml fileNode\nclass node_venv_lib_python3_12_site-packages_PyQt6_Qt6_qml_QtQuick_NativeStyle_controls_qmldir fileNode\nclass node_venv_lib_python3_12_site-packages_PyQt6_Qt6_qml_QtWebChannel_libwebchannelquickplugin_dylib fileNode\nclass node_venv_lib_python3_12_site-packages_PyQt6_Qt6_qml_QtWebChannel_plugins_qmltypes fileNode\nclass node_venv_lib_python3_12_site-packages_PyQt6_Qt6_qml_QtWebChannel_qmldir fileNode\nclass node_venv_lib_python3_12_site-packages_PyQt6_Qt6_qml_QtMultimedia_Video_qml fileNode\nclass node_venv_lib_python3_12_site-packages_PyQt6_Qt6_qml_QtMultimedia_libquickmultimediaplugin_dylib fileNode\nclass node_venv_lib_python3_12_site-packages_PyQt6_Qt6_qml_QtMultimedia_plugins_qmltypes fileNode\nclass node_venv_lib_python3_12_site-packages_PyQt6_Qt6_qml_QtMultimedia_qmldir fileNode\nclass node_venv_lib_python3_12_site-packages_PyQt6_Qt6_qml_QtPositioning_libpositioningquickplugin_dylib fileNode\nclass node_venv_lib_python3_12_site-packages_PyQt6_Qt6_qml_QtPositioning_plugins_qmltypes fileNode\nclass node_venv_lib_python3_12_site-packages_PyQt6_Qt6_qml_QtPositioning_qmldir fileNode\nclass node_venv_lib_python3_12_site-packages_PyQt6_Qt6_qml_QtTextToSpeech_libtexttospeechqmlplugin_dylib fileNode\nclass node_venv_lib_python3_12_site-packages_PyQt6_Qt6_qml_QtTextToSpeech_plugins_qmltypes fileNode\nclass node_venv_lib_python3_12_site-packages_PyQt6_Qt6_qml_QtTextToSpeech_qmldir fileNode\nclass node_venv_lib_python3_12_site-packages_PyQt6_Qt6_qml_QtCore_libqtqmlcoreplugin_dylib fileNode\nclass node_venv_lib_python3_12_site-packages_PyQt6_Qt6_qml_QtCore_plugins_qmltypes fileNode\nclass node_venv_lib_python3_12_site-packages_PyQt6_Qt6_qml_QtCore_qmldir fileNode\nclass node_venv_lib_python3_12_site-packages_PyQt6_Qt6_qml_QtTest_SignalSpy_qml fileNode\nclass node_venv_lib_python3_12_site-packages_PyQt6_Qt6_qml_QtTest_TestCase_qml fileNode\nclass node_venv_lib_python3_12_site-packages_PyQt6_Qt6_qml_QtTest_TestSchedule_qml fileNode\nclass node_venv_lib_python3_12_site-packages_PyQt6_Qt6_qml_QtTest_libquicktestplugin_dylib fileNode\nclass node_venv_lib_python3_12_site-packages_PyQt6_Qt6_qml_QtTest_plugins_qmltypes fileNode\nclass node_venv_lib_python3_12_site-packages_PyQt6_Qt6_qml_QtTest_qmldir fileNode\nclass node_venv_lib_python3_12_site-packages_PyQt6_Qt6_qml_QtTest_testlogger_js fileNode\nclass node_venv_lib_python3_12_site-packages_PyQt6_Qt6_plugins_renderers_libopenglrenderer_dylib fileNode\nclass node_venv_lib_python3_12_site-packages_PyQt6_Qt6_plugins_renderers_librhirenderer_dylib fileNode\nclass node_venv_lib_python3_12_site-packages_PyQt6_Qt6_plugins_sensors_libqtsensors_generic_dylib fileNode\nclass node_venv_lib_python3_12_site-packages_PyQt6_Qt6_plugins_sceneparsers_libassimpsceneimport_dylib fileNode\nclass node_venv_lib_python3_12_site-packages_PyQt6_Qt6_plugins_sceneparsers_libgltfsceneexport_dylib fileNode\nclass node_venv_lib_python3_12_site-packages_PyQt6_Qt6_plugins_sceneparsers_libgltfsceneimport_dylib fileNode\nclass node_venv_lib_python3_12_site-packages_PyQt6_Qt6_plugins_platforms_libqcocoa_dylib fileNode\nclass node_venv_lib_python3_12_site-packages_PyQt6_Qt6_plugins_platforms_libqminimal_dylib fileNode\nclass node_venv_lib_python3_12_site-packages_PyQt6_Qt6_plugins_platforms_libqoffscreen_dylib fileNode\nclass node_venv_lib_python3_12_site-packages_PyQt6_Qt6_plugins_assetimporters_libassimp_dylib fileNode\nclass node_venv_lib_python3_12_site-packages_PyQt6_Qt6_plugins_position_libqtposition_cl_dylib fileNode\nclass node_venv_lib_python3_12_site-packages_PyQt6_Qt6_plugins_position_libqtposition_nmea_dylib fileNode\nclass node_venv_lib_python3_12_site-packages_PyQt6_Qt6_plugins_position_libqtposition_positionpoll_dylib fileNode\nclass node_venv_lib_python3_12_site-packages_PyQt6_Qt6_plugins_webview_libqtwebview_darwin_dylib fileNode\nclass node_venv_lib_python3_12_site-packages_PyQt6_Qt6_plugins_webview_libqtwebview_webengine_dylib fileNode\nclass node_venv_lib_python3_12_site-packages_PyQt6_Qt6_plugins_geometryloaders_libdefaultgeometryloader_dylib fileNode\nclass node_venv_lib_python3_12_site-packages_PyQt6_Qt6_plugins_geometryloaders_libgltfgeometryloader_dylib fileNode\nclass node_venv_lib_python3_12_site-packages_PyQt6_Qt6_plugins_permissions_libqdarwinbluetoothpermission_a fileNode\nclass node_venv_lib_python3_12_site-packages_PyQt6_Qt6_plugins_permissions_libqdarwinbluetoothpermission_prl fileNode\nclass node_venv_lib_python3_12_site-packages_PyQt6_Qt6_plugins_permissions_libqdarwincalendarpermission_a fileNode\nclass node_venv_lib_python3_12_site-packages_PyQt6_Qt6_plugins_permissions_libqdarwincalendarpermission_prl fileNode\nclass node_venv_lib_python3_12_site-packages_PyQt6_Qt6_plugins_permissions_libqdarwincamerapermission_a fileNode\nclass node_venv_lib_python3_12_site-packages_PyQt6_Qt6_plugins_permissions_libqdarwincamerapermission_prl fileNode\nclass node_venv_lib_python3_12_site-packages_PyQt6_Qt6_plugins_permissions_libqdarwincontactspermission_a fileNode\nclass node_venv_lib_python3_12_site-packages_PyQt6_Qt6_plugins_permissions_libqdarwincontactspermission_prl fileNode\nclass node_venv_lib_python3_12_site-packages_PyQt6_Qt6_plugins_permissions_libqdarwinlocationpermission_a fileNode\nclass node_venv_lib_python3_12_site-packages_PyQt6_Qt6_plugins_permissions_libqdarwinlocationpermission_prl fileNode\nclass node_venv_lib_python3_12_site-packages_PyQt6_Qt6_plugins_permissions_libqdarwinmicrophonepermission_a fileNode\nclass node_venv_lib_python3_12_site-packages_PyQt6_Qt6_plugins_permissions_libqdarwinmicrophonepermission_prl fileNode\nclass node_venv_lib_python3_12_site-packages_PyQt6_Qt6_plugins_permissions_objects-RelWithDebInfo_QDarwinCalendarPermissionPlugin_init_QDarwinCalendarPermissionPlugin_init_cpp_o fileNode\nclass node_venv_lib_python3_12_site-packages_PyQt6_Qt6_plugins_permissions_objects-RelWithDebInfo_QDarwinLocationPermissionPlugin_init_QDarwinLocationPermissionPlugin_init_cpp_o fileNode\nclass node_venv_lib_python3_12_site-packages_PyQt6_Qt6_plugins_permissions_objects-RelWithDebInfo_QDarwinCameraPermissionPlugin_init_QDarwinCameraPermissionPlugin_init_cpp_o fileNode\nclass node_venv_lib_python3_12_site-packages_PyQt6_Qt6_plugins_permissions_objects-RelWithDebInfo_QDarwinMicrophonePermissionPlugin_init_QDarwinMicrophonePermissionPlugin_init_cpp_o fileNode\nclass node_venv_lib_python3_12_site-packages_PyQt6_Qt6_plugins_permissions_objects-RelWithDebInfo_QDarwinContactsPermissionPlugin_init_QDarwinContactsPermissionPlugin_init_cpp_o fileNode\nclass node_venv_lib_python3_12_site-packages_PyQt6_Qt6_plugins_permissions_objects-RelWithDebInfo_QDarwinBluetoothPermissionPlugin_init_QDarwinBluetoothPermissionPlugin_init_cpp_o fileNode\nclass node_venv_lib_python3_12_site-packages_PyQt6_Qt6_plugins_scxmldatamodel_libqscxmlecmascriptdatamodel_dylib fileNode\nclass node_venv_lib_python3_12_site-packages_PyQt6_Qt6_plugins_styles_libqmacstyle_dylib fileNode\nclass node_venv_lib_python3_12_site-packages_PyQt6_Qt6_plugins_tls_libqcertonlybackend_dylib fileNode\nclass node_venv_lib_python3_12_site-packages_PyQt6_Qt6_plugins_tls_libqopensslbackend_dylib fileNode\nclass node_venv_lib_python3_12_site-packages_PyQt6_Qt6_plugins_tls_libqsecuretransportbackend_dylib fileNode\nclass node_venv_lib_python3_12_site-packages_PyQt6_Qt6_plugins_iconengines_libqsvgicon_dylib fileNode\nclass node_venv_lib_python3_12_site-packages_PyQt6_Qt6_plugins_sqldrivers_libqsqlite_dylib fileNode\nclass node_venv_lib_python3_12_site-packages_PyQt6_Qt6_plugins_sqldrivers_libqsqlmimer_dylib fileNode\nclass node_venv_lib_python3_12_site-packages_PyQt6_Qt6_plugins_sqldrivers_libqsqlodbc_dylib fileNode\nclass node_venv_lib_python3_12_site-packages_PyQt6_Qt6_plugins_sqldrivers_libqsqlpsql_dylib fileNode\nclass node_venv_lib_python3_12_site-packages_PyQt6_Qt6_plugins_multimedia_libdarwinmediaplugin_dylib fileNode\nclass node_venv_lib_python3_12_site-packages_PyQt6_Qt6_plugins_multimedia_libffmpegmediaplugin_dylib fileNode\nclass node_venv_lib_python3_12_site-packages_PyQt6_Qt6_plugins_imageformats_libqgif_dylib fileNode\nclass node_venv_lib_python3_12_site-packages_PyQt6_Qt6_plugins_imageformats_libqicns_dylib fileNode\nclass node_venv_lib_python3_12_site-packages_PyQt6_Qt6_plugins_imageformats_libqico_dylib fileNode\nclass node_venv_lib_python3_12_site-packages_PyQt6_Qt6_plugins_imageformats_libqjpeg_dylib fileNode\nclass node_venv_lib_python3_12_site-packages_PyQt6_Qt6_plugins_imageformats_libqmacheif_dylib fileNode\nclass node_venv_lib_python3_12_site-packages_PyQt6_Qt6_plugins_imageformats_libqmacjp2_dylib fileNode\nclass node_venv_lib_python3_12_site-packages_PyQt6_Qt6_plugins_imageformats_libqpdf_dylib fileNode\nclass node_venv_lib_python3_12_site-packages_PyQt6_Qt6_plugins_imageformats_libqsvg_dylib fileNode\nclass node_venv_lib_python3_12_site-packages_PyQt6_Qt6_plugins_imageformats_libqtga_dylib fileNode\nclass node_venv_lib_python3_12_site-packages_PyQt6_Qt6_plugins_imageformats_libqtiff_dylib fileNode\nclass node_venv_lib_python3_12_site-packages_PyQt6_Qt6_plugins_imageformats_libqwbmp_dylib fileNode\nclass node_venv_lib_python3_12_site-packages_PyQt6_Qt6_plugins_imageformats_libqwebp_dylib fileNode\nclass node_venv_lib_python3_12_site-packages_PyQt6_Qt6_plugins_qmllint_libqdslintplugin_dylib fileNode\nclass node_venv_lib_python3_12_site-packages_PyQt6_Qt6_plugins_qmllint_libquicklintplugin_dylib fileNode\nclass node_venv_lib_python3_12_site-packages_PyQt6_Qt6_plugins_qmlls_libqmllsquickplugin_dylib fileNode\nclass node_venv_lib_python3_12_site-packages_PyQt6_Qt6_plugins_texttospeech_libqtexttospeech_mock_dylib fileNode\nclass node_venv_lib_python3_12_site-packages_PyQt6_Qt6_plugins_texttospeech_libqtexttospeech_speechdarwin_dylib fileNode\nclass node_venv_lib_python3_12_site-packages_PyQt6_Qt6_plugins_generic_libqtuiotouchplugin_dylib fileNode\nclass node_venv_lib_python3_12_site-packages_PyQt6_Qt6_plugins_renderplugins_libscene2d_dylib fileNode\nclass node_venv_lib_python3_12_site-packages_PyQt6_Qt6_plugins_help_libhelpplugin_dylib fileNode\nclass node_venv_lib_python3_12_site-packages_PyQt6_Qt6_plugins_networkinformation_libqapplenetworkinformation_dylib fileNode\nclass node_venv_lib_python3_12_site-packages_PyQt6_Qt6_lib_libavcodec_61_dylib fileNode\nclass node_venv_lib_python3_12_site-packages_PyQt6_Qt6_lib_libavformat_61_dylib fileNode\nclass node_venv_lib_python3_12_site-packages_PyQt6_Qt6_lib_libavutil_59_dylib fileNode\nclass node_venv_lib_python3_12_site-packages_PyQt6_Qt6_lib_libswresample_5_dylib fileNode\nclass node_venv_lib_python3_12_site-packages_PyQt6_Qt6_lib_libswscale_8_dylib fileNode\nclass node_venv_lib_python3_12_site-packages_PyQt6_Qt6_lib_QtMultimediaQuick_framework_Resources_Info_plist fileNode\nclass node_venv_lib_python3_12_site-packages_PyQt6_Qt6_lib_QtMultimediaQuick_framework_Resources_PrivacyInfo_xcprivacy fileNode\nclass node_venv_lib_python3_12_site-packages_PyQt6_Qt6_lib_QtMultimediaQuick_framework_Versions_A_QtMultimediaQuick fileNode\nclass node_venv_lib_python3_12_site-packages_PyQt6_Qt6_lib_QtLabsPlatform_framework_Resources_Info_plist fileNode\nclass node_venv_lib_python3_12_site-packages_PyQt6_Qt6_lib_QtLabsPlatform_framework_Resources_PrivacyInfo_xcprivacy fileNode\nclass node_venv_lib_python3_12_site-packages_PyQt6_Qt6_lib_QtLabsPlatform_framework_Versions_A_QtLabsPlatform fileNode\nclass node_venv_lib_python3_12_site-packages_PyQt6_Qt6_lib_QtQuickTimeline_framework_Resources_Info_plist fileNode\nclass node_venv_lib_python3_12_site-packages_PyQt6_Qt6_lib_QtQuickTimeline_framework_Resources_PrivacyInfo_xcprivacy fileNode\nclass node_venv_lib_python3_12_site-packages_PyQt6_Qt6_lib_QtQuickTimeline_framework_Versions_A_QtQuickTimeline fileNode\nclass node_venv_lib_python3_12_site-packages_PyQt6_Qt6_lib_QtQuick3DXr_framework_Resources_Info_plist fileNode\nclass node_venv_lib_python3_12_site-packages_PyQt6_Qt6_lib_QtQuick3DXr_framework_Resources_PrivacyInfo_xcprivacy fileNode\nclass node_venv_lib_python3_12_site-packages_PyQt6_Qt6_lib_QtQuick3DXr_framework_Versions_A_QtQuick3DXr fileNode\nclass node_venv_lib_python3_12_site-packages_PyQt6_Qt6_lib_QtQuickControls2_framework_Resources_Info_plist fileNode\nclass node_venv_lib_python3_12_site-packages_PyQt6_Qt6_lib_QtQuickControls2_framework_Resources_PrivacyInfo_xcprivacy fileNode\nclass node_venv_lib_python3_12_site-packages_PyQt6_Qt6_lib_QtQuickControls2_framework_Versions_A_QtQuickControls2 fileNode\nclass node_venv_lib_python3_12_site-packages_PyQt6_Qt6_lib_QtQuickParticles_framework_Resources_Info_plist fileNode\nclass node_venv_lib_python3_12_site-packages_PyQt6_Qt6_lib_QtQuickParticles_framework_Resources_PrivacyInfo_xcprivacy fileNode\nclass node_venv_lib_python3_12_site-packages_PyQt6_Qt6_lib_QtQuickParticles_framework_Versions_A_QtQuickParticles fileNode\nclass node_venv_lib_python3_12_site-packages_PyQt6_Qt6_lib_QtRemoteObjects_framework_Resources_Info_plist fileNode\nclass node_venv_lib_python3_12_site-packages_PyQt6_Qt6_lib_QtRemoteObjects_framework_Resources_PrivacyInfo_xcprivacy fileNode\nclass node_venv_lib_python3_12_site-packages_PyQt6_Qt6_lib_QtRemoteObjects_framework_Versions_A_QtRemoteObjects fileNode\nclass node_venv_lib_python3_12_site-packages_PyQt6_Qt6_lib_QtPdfWidgets_framework_Resources_Info_plist fileNode\nclass node_venv_lib_python3_12_site-packages_PyQt6_Qt6_lib_QtPdfWidgets_framework_Resources_PrivacyInfo_xcprivacy fileNode\nclass node_venv_lib_python3_12_site-packages_PyQt6_Qt6_lib_QtPdfWidgets_framework_Versions_A_QtPdfWidgets fileNode\nclass node_venv_lib_python3_12_site-packages_PyQt6_Qt6_lib_QtQuickControls2ImagineStyleImpl_framework_Resources_Info_plist fileNode\nclass node_venv_lib_python3_12_site-packages_PyQt6_Qt6_lib_QtQuickControls2ImagineStyleImpl_framework_Resources_PrivacyInfo_xcprivacy fileNode\nclass node_venv_lib_python3_12_site-packages_PyQt6_Qt6_lib_QtQuickControls2ImagineStyleImpl_framework_Versions_A_QtQuickControls2ImagineStyleImpl fileNode\nclass node_venv_lib_python3_12_site-packages_PyQt6_Qt6_lib_QtQuick3DAssetUtils_framework_Resources_Info_plist fileNode\nclass node_venv_lib_python3_12_site-packages_PyQt6_Qt6_lib_QtQuick3DAssetUtils_framework_Resources_PrivacyInfo_xcprivacy fileNode\nclass node_venv_lib_python3_12_site-packages_PyQt6_Qt6_lib_QtQuick3DAssetUtils_framework_Versions_A_QtQuick3DAssetUtils fileNode\nclass node_venv_lib_python3_12_site-packages_PyQt6_Qt6_lib_QtQuickControls2BasicStyleImpl_framework_Resources_Info_plist fileNode\nclass node_venv_lib_python3_12_site-packages_PyQt6_Qt6_lib_QtQuickControls2BasicStyleImpl_framework_Resources_PrivacyInfo_xcprivacy fileNode\nclass node_venv_lib_python3_12_site-packages_PyQt6_Qt6_lib_QtQuickControls2BasicStyleImpl_framework_Versions_A_QtQuickControls2BasicStyleImpl fileNode\nclass node_venv_lib_python3_12_site-packages_PyQt6_Qt6_lib_QtLabsSharedImage_framework_Resources_Info_plist fileNode\nclass node_venv_lib_python3_12_site-packages_PyQt6_Qt6_lib_QtLabsSharedImage_framework_Resources_PrivacyInfo_xcprivacy fileNode\nclass node_venv_lib_python3_12_site-packages_PyQt6_Qt6_lib_QtLabsSharedImage_framework_Versions_A_QtLabsSharedImage fileNode\nclass node_venv_lib_python3_12_site-packages_PyQt6_Qt6_lib_QtQmlMeta_framework_Resources_Info_plist fileNode\nclass node_venv_lib_python3_12_site-packages_PyQt6_Qt6_lib_QtQmlMeta_framework_Resources_PrivacyInfo_xcprivacy fileNode\nclass node_venv_lib_python3_12_site-packages_PyQt6_Qt6_lib_QtQmlMeta_framework_Versions_A_QtQmlMeta fileNode\nclass node_venv_lib_python3_12_site-packages_PyQt6_Qt6_lib_QtDesigner_framework_Resources_Info_plist fileNode\nclass node_venv_lib_python3_12_site-packages_PyQt6_Qt6_lib_QtDesigner_framework_Resources_PrivacyInfo_xcprivacy fileNode\nclass node_venv_lib_python3_12_site-packages_PyQt6_Qt6_lib_QtDesigner_framework_Versions_A_QtDesigner fileNode\nclass node_venv_lib_python3_12_site-packages_PyQt6_Qt6_lib_QtNfc_framework_Resources_Info_plist fileNode\nclass node_venv_lib_python3_12_site-packages_PyQt6_Qt6_lib_QtNfc_framework_Resources_PrivacyInfo_xcprivacy fileNode\nclass node_venv_lib_python3_12_site-packages_PyQt6_Qt6_lib_QtNfc_framework_Versions_A_QtNfc fileNode\nclass node_venv_lib_python3_12_site-packages_PyQt6_Qt6_lib_QtQuickControls2FusionStyleImpl_framework_Resources_Info_plist fileNode\nclass node_venv_lib_python3_12_site-packages_PyQt6_Qt6_lib_QtQuickControls2FusionStyleImpl_framework_Resources_PrivacyInfo_xcprivacy fileNode\nclass node_venv_lib_python3_12_site-packages_PyQt6_Qt6_lib_QtQuickControls2FusionStyleImpl_framework_Versions_A_QtQuickControls2FusionStyleImpl fileNode\nclass node_venv_lib_python3_12_site-packages_PyQt6_Qt6_lib_QtQuick3DAssetImport_framework_Resources_Info_plist fileNode\nclass node_venv_lib_python3_12_site-packages_PyQt6_Qt6_lib_QtQuick3DAssetImport_framework_Resources_PrivacyInfo_xcprivacy fileNode\nclass node_venv_lib_python3_12_site-packages_PyQt6_Qt6_lib_QtQuick3DAssetImport_framework_Versions_A_QtQuick3DAssetImport fileNode\nclass node_venv_lib_python3_12_site-packages_PyQt6_Qt6_lib_QtQuickWidgets_framework_Resources_Info_plist fileNode\nclass node_venv_lib_python3_12_site-packages_PyQt6_Qt6_lib_QtQuickWidgets_framework_Resources_PrivacyInfo_xcprivacy fileNode\nclass node_venv_lib_python3_12_site-packages_PyQt6_Qt6_lib_QtQuickWidgets_framework_Versions_A_QtQuickWidgets fileNode\nclass node_venv_lib_python3_12_site-packages_PyQt6_Qt6_lib_QtQuickControls2Material_framework_Resources_Info_plist fileNode\nclass node_venv_lib_python3_12_site-packages_PyQt6_Qt6_lib_QtQuickControls2Material_framework_Resources_PrivacyInfo_xcprivacy fileNode\nclass node_venv_lib_python3_12_site-packages_PyQt6_Qt6_lib_QtQuickControls2Material_framework_Versions_A_QtQuickControls2Material fileNode\nclass node_venv_lib_python3_12_site-packages_PyQt6_Qt6_lib_QtShaderTools_framework_Resources_Info_plist fileNode\nclass node_venv_lib_python3_12_site-packages_PyQt6_Qt6_lib_QtShaderTools_framework_Resources_PrivacyInfo_xcprivacy fileNode\nclass node_venv_lib_python3_12_site-packages_PyQt6_Qt6_lib_QtShaderTools_framework_Versions_A_QtShaderTools fileNode\nclass node_venv_lib_python3_12_site-packages_PyQt6_Qt6_lib_QtPdf_framework_Resources_Info_plist fileNode\nclass node_venv_lib_python3_12_site-packages_PyQt6_Qt6_lib_QtPdf_framework_Resources_PrivacyInfo_xcprivacy fileNode\nclass node_venv_lib_python3_12_site-packages_PyQt6_Qt6_lib_QtPdf_framework_Versions_A_QtPdf fileNode\nclass node_venv_lib_python3_12_site-packages_PyQt6_Qt6_lib_QtSpatialAudio_framework_Resources_Info_plist fileNode\nclass node_venv_lib_python3_12_site-packages_PyQt6_Qt6_lib_QtSpatialAudio_framework_Resources_PrivacyInfo_xcprivacy fileNode\nclass node_venv_lib_python3_12_site-packages_PyQt6_Qt6_lib_QtSpatialAudio_framework_Versions_A_QtSpatialAudio fileNode\nclass node_venv_lib_python3_12_site-packages_PyQt6_Qt6_lib_QtQuickLayouts_framework_Resources_Info_plist fileNode\nclass node_venv_lib_python3_12_site-packages_PyQt6_Qt6_lib_QtQuickLayouts_framework_Resources_PrivacyInfo_xcprivacy fileNode\nclass node_venv_lib_python3_12_site-packages_PyQt6_Qt6_lib_QtQuickLayouts_framework_Versions_A_QtQuickLayouts fileNode\nclass node_venv_lib_python3_12_site-packages_PyQt6_Qt6_lib_QtQuickControls2Basic_framework_Resources_Info_plist fileNode\nclass node_venv_lib_python3_12_site-packages_PyQt6_Qt6_lib_QtQuickControls2Basic_framework_Resources_PrivacyInfo_xcprivacy fileNode\nclass node_venv_lib_python3_12_site-packages_PyQt6_Qt6_lib_QtQuickControls2Basic_framework_Versions_A_QtQuickControls2Basic fileNode\nclass node_venv_lib_python3_12_site-packages_PyQt6_Qt6_lib_QtQuick3DRuntimeRender_framework_Resources_Info_plist fileNode\nclass node_venv_lib_python3_12_site-packages_PyQt6_Qt6_lib_QtQuick3DRuntimeRender_framework_Resources_PrivacyInfo_xcprivacy fileNode\nclass node_venv_lib_python3_12_site-packages_PyQt6_Qt6_lib_QtQuick3DRuntimeRender_framework_Versions_A_QtQuick3DRuntimeRender fileNode\nclass node_venv_lib_python3_12_site-packages_PyQt6_Qt6_lib_QtHelp_framework_Resources_Info_plist fileNode\nclass node_venv_lib_python3_12_site-packages_PyQt6_Qt6_lib_QtHelp_framework_Resources_PrivacyInfo_xcprivacy fileNode\nclass node_venv_lib_python3_12_site-packages_PyQt6_Qt6_lib_QtHelp_framework_Versions_A_QtHelp fileNode\nclass node_venv_lib_python3_12_site-packages_PyQt6_Qt6_lib_QtQuickVectorImage_framework_Resources_Info_plist fileNode\nclass node_venv_lib_python3_12_site-packages_PyQt6_Qt6_lib_QtQuickVectorImage_framework_Resources_PrivacyInfo_xcprivacy fileNode\nclass node_venv_lib_python3_12_site-packages_PyQt6_Qt6_lib_QtQuickVectorImage_framework_Versions_A_QtQuickVectorImage fileNode\nclass node_venv_lib_python3_12_site-packages_PyQt6_Qt6_lib_QtPrintSupport_framework_Resources_Info_plist fileNode\nclass node_venv_lib_python3_12_site-packages_PyQt6_Qt6_lib_QtPrintSupport_framework_Resources_PrivacyInfo_xcprivacy fileNode\nclass node_venv_lib_python3_12_site-packages_PyQt6_Qt6_lib_QtPrintSupport_framework_Versions_A_QtPrintSupport fileNode\nclass node_venv_lib_python3_12_site-packages_PyQt6_Qt6_lib_QtGui_framework_Resources_Info_plist fileNode\nclass node_venv_lib_python3_12_site-packages_PyQt6_Qt6_lib_QtGui_framework_Resources_PrivacyInfo_xcprivacy fileNode\nclass node_venv_lib_python3_12_site-packages_PyQt6_Qt6_lib_QtGui_framework_Versions_A_QtGui fileNode\nclass node_venv_lib_python3_12_site-packages_PyQt6_Qt6_lib_QtDBus_framework_Resources_Info_plist fileNode\nclass node_venv_lib_python3_12_site-packages_PyQt6_Qt6_lib_QtDBus_framework_Resources_PrivacyInfo_xcprivacy fileNode\nclass node_venv_lib_python3_12_site-packages_PyQt6_Qt6_lib_QtDBus_framework_Versions_A_QtDBus fileNode\nclass node_venv_lib_python3_12_site-packages_PyQt6_Qt6_lib_QtWebSockets_framework_Resources_Info_plist fileNode\nclass node_venv_lib_python3_12_site-packages_PyQt6_Qt6_lib_QtWebSockets_framework_Resources_PrivacyInfo_xcprivacy fileNode\nclass node_venv_lib_python3_12_site-packages_PyQt6_Qt6_lib_QtWebSockets_framework_Versions_A_QtWebSockets fileNode\nclass node_venv_lib_python3_12_site-packages_PyQt6_Qt6_lib_QtQuickControls2Fusion_framework_Resources_Info_plist fileNode\nclass node_venv_lib_python3_12_site-packages_PyQt6_Qt6_lib_QtQuickControls2Fusion_framework_Resources_PrivacyInfo_xcprivacy fileNode\nclass node_venv_lib_python3_12_site-packages_PyQt6_Qt6_lib_QtQuickControls2Fusion_framework_Versions_A_QtQuickControls2Fusion fileNode\nclass node_venv_lib_python3_12_site-packages_PyQt6_Qt6_lib_QtQuick3DUtils_framework_Resources_Info_plist fileNode\nclass node_venv_lib_python3_12_site-packages_PyQt6_Qt6_lib_QtQuick3DUtils_framework_Resources_PrivacyInfo_xcprivacy fileNode\nclass node_venv_lib_python3_12_site-packages_PyQt6_Qt6_lib_QtQuick3DUtils_framework_Versions_A_QtQuick3DUtils fileNode\nclass node_venv_lib_python3_12_site-packages_PyQt6_Qt6_lib_QtQuickTemplates2_framework_Resources_Info_plist fileNode\nclass node_venv_lib_python3_12_site-packages_PyQt6_Qt6_lib_QtQuickTemplates2_framework_Resources_PrivacyInfo_xcprivacy fileNode\nclass node_venv_lib_python3_12_site-packages_PyQt6_Qt6_lib_QtQuickTemplates2_framework_Versions_A_QtQuickTemplates2 fileNode\nclass node_venv_lib_python3_12_site-packages_PyQt6_Qt6_lib_QtPositioningQuick_framework_Resources_Info_plist fileNode\nclass node_venv_lib_python3_12_site-packages_PyQt6_Qt6_lib_QtPositioningQuick_framework_Resources_PrivacyInfo_xcprivacy fileNode\nclass node_venv_lib_python3_12_site-packages_PyQt6_Qt6_lib_QtPositioningQuick_framework_Versions_A_QtPositioningQuick fileNode\nclass node_venv_lib_python3_12_site-packages_PyQt6_Qt6_lib_QtQuickDialogs2Utils_framework_Resources_Info_plist fileNode\nclass node_venv_lib_python3_12_site-packages_PyQt6_Qt6_lib_QtQuickDialogs2Utils_framework_Resources_PrivacyInfo_xcprivacy fileNode\nclass node_venv_lib_python3_12_site-packages_PyQt6_Qt6_lib_QtQuickDialogs2Utils_framework_Versions_A_QtQuickDialogs2Utils fileNode\nclass node_venv_lib_python3_12_site-packages_PyQt6_Qt6_lib_QtXml_framework_Resources_Info_plist fileNode\nclass node_venv_lib_python3_12_site-packages_PyQt6_Qt6_lib_QtXml_framework_Resources_PrivacyInfo_xcprivacy fileNode\nclass node_venv_lib_python3_12_site-packages_PyQt6_Qt6_lib_QtXml_framework_Versions_A_QtXml fileNode\nclass node_venv_lib_python3_12_site-packages_PyQt6_Qt6_lib_QtQuick3DParticles_framework_Resources_Info_plist fileNode\nclass node_venv_lib_python3_12_site-packages_PyQt6_Qt6_lib_QtQuick3DParticles_framework_Resources_PrivacyInfo_xcprivacy fileNode\nclass node_venv_lib_python3_12_site-packages_PyQt6_Qt6_lib_QtQuick3DParticles_framework_Versions_A_QtQuick3DParticles fileNode\nclass node_venv_lib_python3_12_site-packages_PyQt6_Qt6_lib_QtSerialPort_framework_Resources_Info_plist fileNode\nclass node_venv_lib_python3_12_site-packages_PyQt6_Qt6_lib_QtSerialPort_framework_Resources_PrivacyInfo_xcprivacy fileNode\nclass node_venv_lib_python3_12_site-packages_PyQt6_Qt6_lib_QtSerialPort_framework_Versions_A_QtSerialPort fileNode\nclass node_venv_lib_python3_12_site-packages_PyQt6_Qt6_lib_QtQuick_framework_Resources_Info_plist fileNode\nclass node_venv_lib_python3_12_site-packages_PyQt6_Qt6_lib_QtQuick_framework_Resources_PrivacyInfo_xcprivacy fileNode\nclass node_venv_lib_python3_12_site-packages_PyQt6_Qt6_lib_QtQuick_framework_Versions_A_QtQuick fileNode\nclass node_venv_lib_python3_12_site-packages_PyQt6_Qt6_lib_QtQuickEffects_framework_Resources_Info_plist fileNode\nclass node_venv_lib_python3_12_site-packages_PyQt6_Qt6_lib_QtQuickEffects_framework_Resources_PrivacyInfo_xcprivacy fileNode\nclass node_venv_lib_python3_12_site-packages_PyQt6_Qt6_lib_QtQuickEffects_framework_Versions_A_QtQuickEffects fileNode\nclass node_venv_lib_python3_12_site-packages_PyQt6_Qt6_lib_QtQuickTimelineBlendTrees_framework_Resources_Info_plist fileNode\nclass node_venv_lib_python3_12_site-packages_PyQt6_Qt6_lib_QtQuickTimelineBlendTrees_framework_Resources_PrivacyInfo_xcprivacy fileNode\nclass node_venv_lib_python3_12_site-packages_PyQt6_Qt6_lib_QtQuickTimelineBlendTrees_framework_Versions_A_QtQuickTimelineBlendTrees fileNode\nclass node_venv_lib_python3_12_site-packages_PyQt6_Qt6_lib_QtCore_framework_Resources_Info_plist fileNode\nclass node_venv_lib_python3_12_site-packages_PyQt6_Qt6_lib_QtCore_framework_Resources_PrivacyInfo_xcprivacy fileNode\nclass node_venv_lib_python3_12_site-packages_PyQt6_Qt6_lib_QtCore_framework_Versions_A_QtCore fileNode\nclass node_venv_lib_python3_12_site-packages_PyQt6_Qt6_lib_QtQuickDialogs2QuickImpl_framework_Resources_Info_plist fileNode\nclass node_venv_lib_python3_12_site-packages_PyQt6_Qt6_lib_QtQuickDialogs2QuickImpl_framework_Resources_PrivacyInfo_xcprivacy fileNode\nclass node_venv_lib_python3_12_site-packages_PyQt6_Qt6_lib_QtQuickDialogs2QuickImpl_framework_Versions_A_QtQuickDialogs2QuickImpl fileNode\nclass node_venv_lib_python3_12_site-packages_PyQt6_Qt6_lib_QtQuick3DGlslParser_framework_Resources_Info_plist fileNode\nclass node_venv_lib_python3_12_site-packages_PyQt6_Qt6_lib_QtQuick3DGlslParser_framework_Resources_PrivacyInfo_xcprivacy fileNode\nclass node_venv_lib_python3_12_site-packages_PyQt6_Qt6_lib_QtQuick3DGlslParser_framework_Versions_A_QtQuick3DGlslParser fileNode\nclass node_venv_lib_python3_12_site-packages_PyQt6_Qt6_lib_QtSensorsQuick_framework_Resources_Info_plist fileNode\nclass node_venv_lib_python3_12_site-packages_PyQt6_Qt6_lib_QtSensorsQuick_framework_Resources_PrivacyInfo_xcprivacy fileNode\nclass node_venv_lib_python3_12_site-packages_PyQt6_Qt6_lib_QtSensorsQuick_framework_Versions_A_QtSensorsQuick fileNode\nclass node_venv_lib_python3_12_site-packages_PyQt6_Qt6_lib_QtQml_framework_Resources_Info_plist fileNode\nclass node_venv_lib_python3_12_site-packages_PyQt6_Qt6_lib_QtQml_framework_Resources_PrivacyInfo_xcprivacy fileNode\nclass node_venv_lib_python3_12_site-packages_PyQt6_Qt6_lib_QtQml_framework_Versions_A_QtQml fileNode\nclass node_venv_lib_python3_12_site-packages_PyQt6_Qt6_lib_QtWebChannel_framework_Resources_Info_plist fileNode\nclass node_venv_lib_python3_12_site-packages_PyQt6_Qt6_lib_QtWebChannel_framework_Resources_PrivacyInfo_xcprivacy fileNode\nclass node_venv_lib_python3_12_site-packages_PyQt6_Qt6_lib_QtWebChannel_framework_Versions_A_QtWebChannel fileNode\nclass node_venv_lib_python3_12_site-packages_PyQt6_Qt6_lib_QtQuickVectorImageGenerator_framework_Resources_Info_plist fileNode\nclass node_venv_lib_python3_12_site-packages_PyQt6_Qt6_lib_QtQuickVectorImageGenerator_framework_Resources_PrivacyInfo_xcprivacy fileNode\nclass node_venv_lib_python3_12_site-packages_PyQt6_Qt6_lib_QtQuickVectorImageGenerator_framework_Versions_A_QtQuickVectorImageGenerator fileNode\nclass node_venv_lib_python3_12_site-packages_PyQt6_Qt6_lib_QtMultimedia_framework_Resources_Info_plist fileNode\nclass node_venv_lib_python3_12_site-packages_PyQt6_Qt6_lib_QtMultimedia_framework_Resources_PrivacyInfo_xcprivacy fileNode\nclass node_venv_lib_python3_12_site-packages_PyQt6_Qt6_lib_QtMultimedia_framework_Versions_A_QtMultimedia fileNode\nclass node_venv_lib_python3_12_site-packages_PyQt6_Qt6_lib_QtQmlWorkerScript_framework_Resources_Info_plist fileNode\nclass node_venv_lib_python3_12_site-packages_PyQt6_Qt6_lib_QtQmlWorkerScript_framework_Resources_PrivacyInfo_xcprivacy fileNode\nclass node_venv_lib_python3_12_site-packages_PyQt6_Qt6_lib_QtQmlWorkerScript_framework_Versions_A_QtQmlWorkerScript fileNode\nclass node_venv_lib_python3_12_site-packages_PyQt6_Qt6_lib_QtStateMachine_framework_Resources_Info_plist fileNode\nclass node_venv_lib_python3_12_site-packages_PyQt6_Qt6_lib_QtStateMachine_framework_Resources_PrivacyInfo_xcprivacy fileNode\nclass node_venv_lib_python3_12_site-packages_PyQt6_Qt6_lib_QtStateMachine_framework_Versions_A_QtStateMachine fileNode\nclass node_venv_lib_python3_12_site-packages_PyQt6_Qt6_lib_QtQuickControls2Impl_framework_Resources_Info_plist fileNode\nclass node_venv_lib_python3_12_site-packages_PyQt6_Qt6_lib_QtQuickControls2Impl_framework_Resources_PrivacyInfo_xcprivacy fileNode\nclass node_venv_lib_python3_12_site-packages_PyQt6_Qt6_lib_QtQuickControls2Impl_framework_Versions_A_QtQuickControls2Impl fileNode\nclass node_venv_lib_python3_12_site-packages_PyQt6_Qt6_lib_QtOpenGL_framework_Resources_Info_plist fileNode\nclass node_venv_lib_python3_12_site-packages_PyQt6_Qt6_lib_QtOpenGL_framework_Resources_PrivacyInfo_xcprivacy fileNode\nclass node_venv_lib_python3_12_site-packages_PyQt6_Qt6_lib_QtOpenGL_framework_Versions_A_QtOpenGL fileNode\nclass node_venv_lib_python3_12_site-packages_PyQt6_Qt6_lib_QtQuick3DPhysicsHelpers_framework_Resources_Info_plist fileNode\nclass node_venv_lib_python3_12_site-packages_PyQt6_Qt6_lib_QtQuick3DPhysicsHelpers_framework_Resources_PrivacyInfo_xcprivacy fileNode\nclass node_venv_lib_python3_12_site-packages_PyQt6_Qt6_lib_QtQuick3DPhysicsHelpers_framework_Versions_A_QtQuick3DPhysicsHelpers fileNode\nclass node_venv_lib_python3_12_site-packages_PyQt6_Qt6_lib_QtLabsQmlModels_framework_Resources_Info_plist fileNode\nclass node_venv_lib_python3_12_site-packages_PyQt6_Qt6_lib_QtLabsQmlModels_framework_Resources_PrivacyInfo_xcprivacy fileNode\nclass node_venv_lib_python3_12_site-packages_PyQt6_Qt6_lib_QtLabsQmlModels_framework_Versions_A_QtLabsQmlModels fileNode\nclass node_venv_lib_python3_12_site-packages_PyQt6_Qt6_lib_QtQuickControls2Universal_framework_Resources_Info_plist fileNode\nclass node_venv_lib_python3_12_site-packages_PyQt6_Qt6_lib_QtQuickControls2Universal_framework_Resources_PrivacyInfo_xcprivacy fileNode\nclass node_venv_lib_python3_12_site-packages_PyQt6_Qt6_lib_QtQuickControls2Universal_framework_Versions_A_QtQuickControls2Universal fileNode\nclass node_venv_lib_python3_12_site-packages_PyQt6_Qt6_lib_QtOpenGLWidgets_framework_Resources_Info_plist fileNode\nclass node_venv_lib_python3_12_site-packages_PyQt6_Qt6_lib_QtOpenGLWidgets_framework_Resources_PrivacyInfo_xcprivacy fileNode\nclass node_venv_lib_python3_12_site-packages_PyQt6_Qt6_lib_QtOpenGLWidgets_framework_Versions_A_QtOpenGLWidgets fileNode\nclass node_venv_lib_python3_12_site-packages_PyQt6_Qt6_lib_QtLabsSettings_framework_Resources_Info_plist fileNode\nclass node_venv_lib_python3_12_site-packages_PyQt6_Qt6_lib_QtLabsSettings_framework_Resources_PrivacyInfo_xcprivacy fileNode\nclass node_venv_lib_python3_12_site-packages_PyQt6_Qt6_lib_QtLabsSettings_framework_Versions_A_QtLabsSettings fileNode\nclass node_venv_lib_python3_12_site-packages_PyQt6_Qt6_lib_QtSvgWidgets_framework_Resources_Info_plist fileNode\nclass node_venv_lib_python3_12_site-packages_PyQt6_Qt6_lib_QtSvgWidgets_framework_Resources_PrivacyInfo_xcprivacy fileNode\nclass node_venv_lib_python3_12_site-packages_PyQt6_Qt6_lib_QtSvgWidgets_framework_Versions_A_QtSvgWidgets fileNode\nclass node_venv_lib_python3_12_site-packages_PyQt6_Qt6_lib_QtQuickControls2MacOSStyleImpl_framework_Resources_Info_plist fileNode\nclass node_venv_lib_python3_12_site-packages_PyQt6_Qt6_lib_QtQuickControls2MacOSStyleImpl_framework_Resources_PrivacyInfo_xcprivacy fileNode\nclass node_venv_lib_python3_12_site-packages_PyQt6_Qt6_lib_QtQuickControls2MacOSStyleImpl_framework_Versions_A_QtQuickControls2MacOSStyleImpl fileNode\nclass node_venv_lib_python3_12_site-packages_PyQt6_Qt6_lib_QtQuickControls2MaterialStyleImpl_framework_Resources_Info_plist fileNode\nclass node_venv_lib_python3_12_site-packages_PyQt6_Qt6_lib_QtQuickControls2MaterialStyleImpl_framework_Resources_PrivacyInfo_xcprivacy fileNode\nclass node_venv_lib_python3_12_site-packages_PyQt6_Qt6_lib_QtQuickControls2MaterialStyleImpl_framework_Versions_A_QtQuickControls2MaterialStyleImpl fileNode\nclass node_venv_lib_python3_12_site-packages_PyQt6_Qt6_lib_QtTest_framework_Resources_Info_plist fileNode\nclass node_venv_lib_python3_12_site-packages_PyQt6_Qt6_lib_QtTest_framework_Resources_PrivacyInfo_xcprivacy fileNode\nclass node_venv_lib_python3_12_site-packages_PyQt6_Qt6_lib_QtTest_framework_Versions_A_QtTest fileNode\nclass node_venv_lib_python3_12_site-packages_PyQt6_Qt6_lib_QtWidgets_framework_Resources_Info_plist fileNode\nclass node_venv_lib_python3_12_site-packages_PyQt6_Qt6_lib_QtWidgets_framework_Resources_PrivacyInfo_xcprivacy fileNode\nclass node_venv_lib_python3_12_site-packages_PyQt6_Qt6_lib_QtWidgets_framework_Versions_A_QtWidgets fileNode\nclass node_venv_lib_python3_12_site-packages_PyQt6_Qt6_lib_QtPositioning_framework_Resources_Info_plist fileNode\nclass node_venv_lib_python3_12_site-packages_PyQt6_Qt6_lib_QtPositioning_framework_Resources_PrivacyInfo_xcprivacy fileNode\nclass node_venv_lib_python3_12_site-packages_PyQt6_Qt6_lib_QtPositioning_framework_Versions_A_QtPositioning fileNode\nclass node_venv_lib_python3_12_site-packages_PyQt6_Qt6_lib_QtBluetooth_framework_Resources_Info_plist fileNode\nclass node_venv_lib_python3_12_site-packages_PyQt6_Qt6_lib_QtBluetooth_framework_Resources_PrivacyInfo_xcprivacy fileNode\nclass node_venv_lib_python3_12_site-packages_PyQt6_Qt6_lib_QtBluetooth_framework_Versions_A_QtBluetooth fileNode\nclass node_venv_lib_python3_12_site-packages_PyQt6_Qt6_lib_QtQuick3D_framework_Resources_Info_plist fileNode\nclass node_venv_lib_python3_12_site-packages_PyQt6_Qt6_lib_QtQuick3D_framework_Resources_PrivacyInfo_xcprivacy fileNode\nclass node_venv_lib_python3_12_site-packages_PyQt6_Qt6_lib_QtQuick3D_framework_Versions_A_QtQuick3D fileNode\nclass node_venv_lib_python3_12_site-packages_PyQt6_Qt6_lib_QtQuick3DHelpersImpl_framework_Resources_Info_plist fileNode\nclass node_venv_lib_python3_12_site-packages_PyQt6_Qt6_lib_QtQuick3DHelpersImpl_framework_Resources_PrivacyInfo_xcprivacy fileNode\nclass node_venv_lib_python3_12_site-packages_PyQt6_Qt6_lib_QtQuick3DHelpersImpl_framework_Versions_A_QtQuick3DHelpersImpl fileNode\nclass node_venv_lib_python3_12_site-packages_PyQt6_Qt6_lib_QtQuickShapes_framework_Resources_Info_plist fileNode\nclass node_venv_lib_python3_12_site-packages_PyQt6_Qt6_lib_QtQuickShapes_framework_Resources_PrivacyInfo_xcprivacy fileNode\nclass node_venv_lib_python3_12_site-packages_PyQt6_Qt6_lib_QtQuickShapes_framework_Versions_A_QtQuickShapes fileNode\nclass node_venv_lib_python3_12_site-packages_PyQt6_Qt6_lib_QtQuickTest_framework_Resources_Info_plist fileNode\nclass node_venv_lib_python3_12_site-packages_PyQt6_Qt6_lib_QtQuickTest_framework_Resources_PrivacyInfo_xcprivacy fileNode\nclass node_venv_lib_python3_12_site-packages_PyQt6_Qt6_lib_QtQuickTest_framework_Versions_A_QtQuickTest fileNode\nclass node_venv_lib_python3_12_site-packages_PyQt6_Qt6_lib_QtNetwork_framework_Resources_Info_plist fileNode\nclass node_venv_lib_python3_12_site-packages_PyQt6_Qt6_lib_QtNetwork_framework_Resources_PrivacyInfo_xcprivacy fileNode\nclass node_venv_lib_python3_12_site-packages_PyQt6_Qt6_lib_QtNetwork_framework_Versions_A_QtNetwork fileNode\nclass node_venv_lib_python3_12_site-packages_PyQt6_Qt6_lib_QtQuickControls2UniversalStyleImpl_framework_Resources_Info_plist fileNode\nclass node_venv_lib_python3_12_site-packages_PyQt6_Qt6_lib_QtQuickControls2UniversalStyleImpl_framework_Resources_PrivacyInfo_xcprivacy fileNode\nclass node_venv_lib_python3_12_site-packages_PyQt6_Qt6_lib_QtQuickControls2UniversalStyleImpl_framework_Versions_A_QtQuickControls2UniversalStyleImpl fileNode\nclass node_venv_lib_python3_12_site-packages_PyQt6_Qt6_lib_QtQuick3DSpatialAudio_framework_Resources_Info_plist fileNode\nclass node_venv_lib_python3_12_site-packages_PyQt6_Qt6_lib_QtQuick3DSpatialAudio_framework_Resources_PrivacyInfo_xcprivacy fileNode\nclass node_venv_lib_python3_12_site-packages_PyQt6_Qt6_lib_QtQuick3DSpatialAudio_framework_Versions_A_QtQuick3DSpatialAudio fileNode\nclass node_venv_lib_python3_12_site-packages_PyQt6_Qt6_lib_QtSvg_framework_Resources_Info_plist fileNode\nclass node_venv_lib_python3_12_site-packages_PyQt6_Qt6_lib_QtSvg_framework_Resources_PrivacyInfo_xcprivacy fileNode\nclass node_venv_lib_python3_12_site-packages_PyQt6_Qt6_lib_QtSvg_framework_Versions_A_QtSvg fileNode\nclass node_venv_lib_python3_12_site-packages_PyQt6_Qt6_lib_QtQuickControls2IOSStyleImpl_framework_Resources_Info_plist fileNode\nclass node_venv_lib_python3_12_site-packages_PyQt6_Qt6_lib_QtQuickControls2IOSStyleImpl_framework_Resources_PrivacyInfo_xcprivacy fileNode\nclass node_venv_lib_python3_12_site-packages_PyQt6_Qt6_lib_QtQuickControls2IOSStyleImpl_framework_Versions_A_QtQuickControls2IOSStyleImpl fileNode\nclass node_venv_lib_python3_12_site-packages_PyQt6_Qt6_lib_QtQuick3DIblBaker_framework_Resources_Info_plist fileNode\nclass node_venv_lib_python3_12_site-packages_PyQt6_Qt6_lib_QtQuick3DIblBaker_framework_Resources_PrivacyInfo_xcprivacy fileNode\nclass node_venv_lib_python3_12_site-packages_PyQt6_Qt6_lib_QtQuick3DIblBaker_framework_Versions_A_QtQuick3DIblBaker fileNode\nclass node_venv_lib_python3_12_site-packages_PyQt6_Qt6_lib_QtQuickControls2Imagine_framework_Resources_Info_plist fileNode\nclass node_venv_lib_python3_12_site-packages_PyQt6_Qt6_lib_QtQuickControls2Imagine_framework_Resources_PrivacyInfo_xcprivacy fileNode\nclass node_venv_lib_python3_12_site-packages_PyQt6_Qt6_lib_QtQuickControls2Imagine_framework_Versions_A_QtQuickControls2Imagine fileNode\nclass node_venv_lib_python3_12_site-packages_PyQt6_Qt6_lib_QtQuick3DEffects_framework_Resources_Info_plist fileNode\nclass node_venv_lib_python3_12_site-packages_PyQt6_Qt6_lib_QtQuick3DEffects_framework_Resources_PrivacyInfo_xcprivacy fileNode\nclass node_venv_lib_python3_12_site-packages_PyQt6_Qt6_lib_QtQuick3DEffects_framework_Versions_A_QtQuick3DEffects fileNode\nclass node_venv_lib_python3_12_site-packages_PyQt6_Qt6_lib_QtMultimediaWidgets_framework_Resources_Info_plist fileNode\nclass node_venv_lib_python3_12_site-packages_PyQt6_Qt6_lib_QtMultimediaWidgets_framework_Resources_PrivacyInfo_xcprivacy fileNode\nclass node_venv_lib_python3_12_site-packages_PyQt6_Qt6_lib_QtMultimediaWidgets_framework_Versions_A_QtMultimediaWidgets fileNode\nclass node_venv_lib_python3_12_site-packages_PyQt6_Qt6_lib_QtWebChannelQuick_framework_Resources_Info_plist fileNode\nclass node_venv_lib_python3_12_site-packages_PyQt6_Qt6_lib_QtWebChannelQuick_framework_Resources_PrivacyInfo_xcprivacy fileNode\nclass node_venv_lib_python3_12_site-packages_PyQt6_Qt6_lib_QtWebChannelQuick_framework_Versions_A_QtWebChannelQuick fileNode\nclass node_venv_lib_python3_12_site-packages_PyQt6_Qt6_lib_QtQmlModels_framework_Resources_Info_plist fileNode\nclass node_venv_lib_python3_12_site-packages_PyQt6_Qt6_lib_QtQmlModels_framework_Resources_PrivacyInfo_xcprivacy fileNode\nclass node_venv_lib_python3_12_site-packages_PyQt6_Qt6_lib_QtQmlModels_framework_Versions_A_QtQmlModels fileNode\nclass node_venv_lib_python3_12_site-packages_PyQt6_Qt6_lib_QtLabsAnimation_framework_Resources_Info_plist fileNode\nclass node_venv_lib_python3_12_site-packages_PyQt6_Qt6_lib_QtLabsAnimation_framework_Resources_PrivacyInfo_xcprivacy fileNode\nclass node_venv_lib_python3_12_site-packages_PyQt6_Qt6_lib_QtLabsAnimation_framework_Versions_A_QtLabsAnimation fileNode\nclass node_venv_lib_python3_12_site-packages_PyQt6_Qt6_lib_QtPdfQuick_framework_Resources_Info_plist fileNode\nclass node_venv_lib_python3_12_site-packages_PyQt6_Qt6_lib_QtPdfQuick_framework_Resources_PrivacyInfo_xcprivacy fileNode\nclass node_venv_lib_python3_12_site-packages_PyQt6_Qt6_lib_QtPdfQuick_framework_Versions_A_QtPdfQuick fileNode\nclass node_venv_lib_python3_12_site-packages_PyQt6_Qt6_lib_QtLabsFolderListModel_framework_Resources_Info_plist fileNode\nclass node_venv_lib_python3_12_site-packages_PyQt6_Qt6_lib_QtLabsFolderListModel_framework_Resources_PrivacyInfo_xcprivacy fileNode\nclass node_venv_lib_python3_12_site-packages_PyQt6_Qt6_lib_QtLabsFolderListModel_framework_Versions_A_QtLabsFolderListModel fileNode\nclass node_venv_lib_python3_12_site-packages_PyQt6_Qt6_lib_QtQuick3DPhysics_framework_Resources_Info_plist fileNode\nclass node_venv_lib_python3_12_site-packages_PyQt6_Qt6_lib_QtQuick3DPhysics_framework_Resources_PrivacyInfo_xcprivacy fileNode\nclass node_venv_lib_python3_12_site-packages_PyQt6_Qt6_lib_QtQuick3DPhysics_framework_Versions_A_QtQuick3DPhysics fileNode\nclass node_venv_lib_python3_12_site-packages_PyQt6_Qt6_lib_QtRemoteObjectsQml_framework_Resources_Info_plist fileNode\nclass node_venv_lib_python3_12_site-packages_PyQt6_Qt6_lib_QtRemoteObjectsQml_framework_Resources_PrivacyInfo_xcprivacy fileNode\nclass node_venv_lib_python3_12_site-packages_PyQt6_Qt6_lib_QtRemoteObjectsQml_framework_Versions_A_QtRemoteObjectsQml fileNode\nclass node_venv_lib_python3_12_site-packages_PyQt6_Qt6_lib_QtSensors_framework_Resources_Info_plist fileNode\nclass node_venv_lib_python3_12_site-packages_PyQt6_Qt6_lib_QtSensors_framework_Resources_PrivacyInfo_xcprivacy fileNode\nclass node_venv_lib_python3_12_site-packages_PyQt6_Qt6_lib_QtSensors_framework_Versions_A_QtSensors fileNode\nclass node_venv_lib_python3_12_site-packages_PyQt6_Qt6_lib_QtQuick3DHelpers_framework_Resources_Info_plist fileNode\nclass node_venv_lib_python3_12_site-packages_PyQt6_Qt6_lib_QtQuick3DHelpers_framework_Resources_PrivacyInfo_xcprivacy fileNode\nclass node_venv_lib_python3_12_site-packages_PyQt6_Qt6_lib_QtQuick3DHelpers_framework_Versions_A_QtQuick3DHelpers fileNode\nclass node_venv_lib_python3_12_site-packages_PyQt6_Qt6_lib_QtQuickDialogs2_framework_Resources_Info_plist fileNode\nclass node_venv_lib_python3_12_site-packages_PyQt6_Qt6_lib_QtQuickDialogs2_framework_Resources_PrivacyInfo_xcprivacy fileNode\nclass node_venv_lib_python3_12_site-packages_PyQt6_Qt6_lib_QtQuickDialogs2_framework_Versions_A_QtQuickDialogs2 fileNode\nclass node_venv_lib_python3_12_site-packages_PyQt6_Qt6_lib_QtLabsWavefrontMesh_framework_Resources_Info_plist fileNode\nclass node_venv_lib_python3_12_site-packages_PyQt6_Qt6_lib_QtLabsWavefrontMesh_framework_Resources_PrivacyInfo_xcprivacy fileNode\nclass node_venv_lib_python3_12_site-packages_PyQt6_Qt6_lib_QtLabsWavefrontMesh_framework_Versions_A_QtLabsWavefrontMesh fileNode\nclass node_venv_lib_python3_12_site-packages_PyQt6_Qt6_lib_QtTextToSpeech_framework_Resources_Info_plist fileNode\nclass node_venv_lib_python3_12_site-packages_PyQt6_Qt6_lib_QtTextToSpeech_framework_Resources_PrivacyInfo_xcprivacy fileNode\nclass node_venv_lib_python3_12_site-packages_PyQt6_Qt6_lib_QtTextToSpeech_framework_Versions_A_QtTextToSpeech fileNode\nclass node_venv_lib_python3_12_site-packages_PyQt6_Qt6_lib_QtStateMachineQml_framework_Resources_Info_plist fileNode\nclass node_venv_lib_python3_12_site-packages_PyQt6_Qt6_lib_QtStateMachineQml_framework_Resources_PrivacyInfo_xcprivacy fileNode\nclass node_venv_lib_python3_12_site-packages_PyQt6_Qt6_lib_QtStateMachineQml_framework_Versions_A_QtStateMachineQml fileNode\nclass node_venv_lib_python3_12_site-packages_PyQt6_Qt6_lib_QtSql_framework_Resources_Info_plist fileNode\nclass node_venv_lib_python3_12_site-packages_PyQt6_Qt6_lib_QtSql_framework_Resources_PrivacyInfo_xcprivacy fileNode\nclass node_venv_lib_python3_12_site-packages_PyQt6_Qt6_lib_QtSql_framework_Versions_A_QtSql fileNode\nclass node_venv_lib_python3_12_site-packages_PyQt6_Qt6_lib_QtConcurrent_framework_Resources_Info_plist fileNode\nclass node_venv_lib_python3_12_site-packages_PyQt6_Qt6_lib_QtConcurrent_framework_Resources_PrivacyInfo_xcprivacy fileNode\nclass node_venv_lib_python3_12_site-packages_PyQt6_Qt6_lib_QtConcurrent_framework_Versions_A_QtConcurrent fileNode\nclass node_venv_lib_python3_12_site-packages_PyQt6_Qt6_qsci_api_python_PyQt6_api fileNode\nclass node_venv_lib_python3_12_site-packages_PyQt6_Qt6_translations_qt_ar_qm fileNode\nclass node_venv_lib_python3_12_site-packages_PyQt6_Qt6_translations_qt_bg_qm fileNode\nclass node_venv_lib_python3_12_site-packages_PyQt6_Qt6_translations_qt_ca_qm fileNode\nclass node_venv_lib_python3_12_site-packages_PyQt6_Qt6_translations_qt_cs_qm fileNode\nclass node_venv_lib_python3_12_site-packages_PyQt6_Qt6_translations_qt_da_qm fileNode\nclass node_venv_lib_python3_12_site-packages_PyQt6_Qt6_translations_qt_de_qm fileNode\nclass node_venv_lib_python3_12_site-packages_PyQt6_Qt6_translations_qt_en_qm fileNode\nclass node_venv_lib_python3_12_site-packages_PyQt6_Qt6_translations_qt_es_qm fileNode\nclass node_venv_lib_python3_12_site-packages_PyQt6_Qt6_translations_qt_fa_qm fileNode\nclass node_venv_lib_python3_12_site-packages_PyQt6_Qt6_translations_qt_fi_qm fileNode\nclass node_venv_lib_python3_12_site-packages_PyQt6_Qt6_translations_qt_fr_qm fileNode\nclass node_venv_lib_python3_12_site-packages_PyQt6_Qt6_translations_qt_gd_qm fileNode\nclass node_venv_lib_python3_12_site-packages_PyQt6_Qt6_translations_qt_gl_qm fileNode\nclass node_venv_lib_python3_12_site-packages_PyQt6_Qt6_translations_qt_he_qm fileNode\nclass node_venv_lib_python3_12_site-packages_PyQt6_Qt6_translations_qt_help_ar_qm fileNode\nclass node_venv_lib_python3_12_site-packages_PyQt6_Qt6_translations_qt_help_bg_qm fileNode\nclass node_venv_lib_python3_12_site-packages_PyQt6_Qt6_translations_qt_help_ca_qm fileNode\nclass node_venv_lib_python3_12_site-packages_PyQt6_Qt6_translations_qt_help_cs_qm fileNode\nclass node_venv_lib_python3_12_site-packages_PyQt6_Qt6_translations_qt_help_da_qm fileNode\nclass node_venv_lib_python3_12_site-packages_PyQt6_Qt6_translations_qt_help_de_qm fileNode\nclass node_venv_lib_python3_12_site-packages_PyQt6_Qt6_translations_qt_help_en_qm fileNode\nclass node_venv_lib_python3_12_site-packages_PyQt6_Qt6_translations_qt_help_es_qm fileNode\nclass node_venv_lib_python3_12_site-packages_PyQt6_Qt6_translations_qt_help_fr_qm fileNode\nclass node_venv_lib_python3_12_site-packages_PyQt6_Qt6_translations_qt_help_gl_qm fileNode\nclass node_venv_lib_python3_12_site-packages_PyQt6_Qt6_translations_qt_help_hr_qm fileNode\nclass node_venv_lib_python3_12_site-packages_PyQt6_Qt6_translations_qt_help_hu_qm fileNode\nclass node_venv_lib_python3_12_site-packages_PyQt6_Qt6_translations_qt_help_it_qm fileNode\nclass node_venv_lib_python3_12_site-packages_PyQt6_Qt6_translations_qt_help_ja_qm fileNode\nclass node_venv_lib_python3_12_site-packages_PyQt6_Qt6_translations_qt_help_ka_qm fileNode\nclass node_venv_lib_python3_12_site-packages_PyQt6_Qt6_translations_qt_help_ko_qm fileNode\nclass node_venv_lib_python3_12_site-packages_PyQt6_Qt6_translations_qt_help_nl_qm fileNode\nclass node_venv_lib_python3_12_site-packages_PyQt6_Qt6_translations_qt_help_nn_qm fileNode\nclass node_venv_lib_python3_12_site-packages_PyQt6_Qt6_translations_qt_help_pl_qm fileNode\nclass node_venv_lib_python3_12_site-packages_PyQt6_Qt6_translations_qt_help_pt_BR_qm fileNode\nclass node_venv_lib_python3_12_site-packages_PyQt6_Qt6_translations_qt_help_ru_qm fileNode\nclass node_venv_lib_python3_12_site-packages_PyQt6_Qt6_translations_qt_help_sk_qm fileNode\nclass node_venv_lib_python3_12_site-packages_PyQt6_Qt6_translations_qt_help_sl_qm fileNode\nclass node_venv_lib_python3_12_site-packages_PyQt6_Qt6_translations_qt_help_sv_qm fileNode\nclass node_venv_lib_python3_12_site-packages_PyQt6_Qt6_translations_qt_help_tr_qm fileNode\nclass node_venv_lib_python3_12_site-packages_PyQt6_Qt6_translations_qt_help_uk_qm fileNode\nclass node_venv_lib_python3_12_site-packages_PyQt6_Qt6_translations_qt_help_zh_CN_qm fileNode\nclass node_venv_lib_python3_12_site-packages_PyQt6_Qt6_translations_qt_help_zh_TW_qm fileNode\nclass node_venv_lib_python3_12_site-packages_PyQt6_Qt6_translations_qt_hr_qm fileNode\nclass node_venv_lib_python3_12_site-packages_PyQt6_Qt6_translations_qt_hu_qm fileNode\nclass node_venv_lib_python3_12_site-packages_PyQt6_Qt6_translations_qt_it_qm fileNode\nclass node_venv_lib_python3_12_site-packages_PyQt6_Qt6_translations_qt_ja_qm fileNode\nclass node_venv_lib_python3_12_site-packages_PyQt6_Qt6_translations_qt_ka_qm fileNode\nclass node_venv_lib_python3_12_site-packages_PyQt6_Qt6_translations_qt_ko_qm fileNode\nclass node_venv_lib_python3_12_site-packages_PyQt6_Qt6_translations_qt_lg_qm fileNode\nclass node_venv_lib_python3_12_site-packages_PyQt6_Qt6_translations_qt_lt_qm fileNode\nclass node_venv_lib_python3_12_site-packages_PyQt6_Qt6_translations_qt_lv_qm fileNode\nclass node_venv_lib_python3_12_site-packages_PyQt6_Qt6_translations_qt_nl_qm fileNode\nclass node_venv_lib_python3_12_site-packages_PyQt6_Qt6_translations_qt_nn_qm fileNode\nclass node_venv_lib_python3_12_site-packages_PyQt6_Qt6_translations_qt_pl_qm fileNode\nclass node_venv_lib_python3_12_site-packages_PyQt6_Qt6_translations_qt_pt_BR_qm fileNode\nclass node_venv_lib_python3_12_site-packages_PyQt6_Qt6_translations_qt_pt_PT_qm fileNode\nclass node_venv_lib_python3_12_site-packages_PyQt6_Qt6_translations_qt_ru_qm fileNode\nclass node_venv_lib_python3_12_site-packages_PyQt6_Qt6_translations_qt_sk_qm fileNode\nclass node_venv_lib_python3_12_site-packages_PyQt6_Qt6_translations_qt_sl_qm fileNode\nclass node_venv_lib_python3_12_site-packages_PyQt6_Qt6_translations_qt_sv_qm fileNode\nclass node_venv_lib_python3_12_site-packages_PyQt6_Qt6_translations_qt_tr_qm fileNode\nclass node_venv_lib_python3_12_site-packages_PyQt6_Qt6_translations_qt_uk_qm fileNode\nclass node_venv_lib_python3_12_site-packages_PyQt6_Qt6_translations_qt_zh_CN_qm fileNode\nclass node_venv_lib_python3_12_site-packages_PyQt6_Qt6_translations_qt_zh_TW_qm fileNode\nclass node_venv_lib_python3_12_site-packages_PyQt6_Qt6_translations_qtbase_ar_qm fileNode\nclass node_venv_lib_python3_12_site-packages_PyQt6_Qt6_translations_qtbase_bg_qm fileNode\nclass node_venv_lib_python3_12_site-packages_PyQt6_Qt6_translations_qtbase_ca_qm fileNode\nclass node_venv_lib_python3_12_site-packages_PyQt6_Qt6_translations_qtbase_cs_qm fileNode\nclass node_venv_lib_python3_12_site-packages_PyQt6_Qt6_translations_qtbase_da_qm fileNode\nclass node_venv_lib_python3_12_site-packages_PyQt6_Qt6_translations_qtbase_de_qm fileNode\nclass node_venv_lib_python3_12_site-packages_PyQt6_Qt6_translations_qtbase_en_qm fileNode\nclass node_venv_lib_python3_12_site-packages_PyQt6_Qt6_translations_qtbase_es_qm fileNode\nclass node_venv_lib_python3_12_site-packages_PyQt6_Qt6_translations_qtbase_fa_qm fileNode\nclass node_venv_lib_python3_12_site-packages_PyQt6_Qt6_translations_qtbase_fi_qm fileNode\nclass node_venv_lib_python3_12_site-packages_PyQt6_Qt6_translations_qtbase_fr_qm fileNode\nclass node_venv_lib_python3_12_site-packages_PyQt6_Qt6_translations_qtbase_gd_qm fileNode\nclass node_venv_lib_python3_12_site-packages_PyQt6_Qt6_translations_qtbase_he_qm fileNode\nclass node_venv_lib_python3_12_site-packages_PyQt6_Qt6_translations_qtbase_hr_qm fileNode\nclass node_venv_lib_python3_12_site-packages_PyQt6_Qt6_translations_qtbase_hu_qm fileNode\nclass node_venv_lib_python3_12_site-packages_PyQt6_Qt6_translations_qtbase_it_qm fileNode\nclass node_venv_lib_python3_12_site-packages_PyQt6_Qt6_translations_qtbase_ja_qm fileNode\nclass node_venv_lib_python3_12_site-packages_PyQt6_Qt6_translations_qtbase_ka_qm fileNode\nclass node_venv_lib_python3_12_site-packages_PyQt6_Qt6_translations_qtbase_ko_qm fileNode\nclass node_venv_lib_python3_12_site-packages_PyQt6_Qt6_translations_qtbase_lg_qm fileNode\nclass node_venv_lib_python3_12_site-packages_PyQt6_Qt6_translations_qtbase_lv_qm fileNode\nclass node_venv_lib_python3_12_site-packages_PyQt6_Qt6_translations_qtbase_nl_qm fileNode\nclass node_venv_lib_python3_12_site-packages_PyQt6_Qt6_translations_qtbase_nn_qm fileNode\nclass node_venv_lib_python3_12_site-packages_PyQt6_Qt6_translations_qtbase_pl_qm fileNode\nclass node_venv_lib_python3_12_site-packages_PyQt6_Qt6_translations_qtbase_pt_BR_qm fileNode\nclass node_venv_lib_python3_12_site-packages_PyQt6_Qt6_translations_qtbase_ru_qm fileNode\nclass node_venv_lib_python3_12_site-packages_PyQt6_Qt6_translations_qtbase_sk_qm fileNode\nclass node_venv_lib_python3_12_site-packages_PyQt6_Qt6_translations_qtbase_sv_qm fileNode\nclass node_venv_lib_python3_12_site-packages_PyQt6_Qt6_translations_qtbase_tr_qm fileNode\nclass node_venv_lib_python3_12_site-packages_PyQt6_Qt6_translations_qtbase_uk_qm fileNode\nclass node_venv_lib_python3_12_site-packages_PyQt6_Qt6_translations_qtbase_zh_CN_qm fileNode\nclass node_venv_lib_python3_12_site-packages_PyQt6_Qt6_translations_qtbase_zh_TW_qm fileNode\nclass node_venv_lib_python3_12_site-packages_PyQt6_Qt6_translations_qtconnectivity_bg_qm fileNode\nclass node_venv_lib_python3_12_site-packages_PyQt6_Qt6_translations_qtconnectivity_ca_qm fileNode\nclass node_venv_lib_python3_12_site-packages_PyQt6_Qt6_translations_qtconnectivity_da_qm fileNode\nclass node_venv_lib_python3_12_site-packages_PyQt6_Qt6_translations_qtconnectivity_de_qm fileNode\nclass node_venv_lib_python3_12_site-packages_PyQt6_Qt6_translations_qtconnectivity_en_qm fileNode\nclass node_venv_lib_python3_12_site-packages_PyQt6_Qt6_translations_qtconnectivity_es_qm fileNode\nclass node_venv_lib_python3_12_site-packages_PyQt6_Qt6_translations_qtconnectivity_hr_qm fileNode\nclass node_venv_lib_python3_12_site-packages_PyQt6_Qt6_translations_qtconnectivity_hu_qm fileNode\nclass node_venv_lib_python3_12_site-packages_PyQt6_Qt6_translations_qtconnectivity_ka_qm fileNode\nclass node_venv_lib_python3_12_site-packages_PyQt6_Qt6_translations_qtconnectivity_ko_qm fileNode\nclass node_venv_lib_python3_12_site-packages_PyQt6_Qt6_translations_qtconnectivity_nl_qm fileNode\nclass node_venv_lib_python3_12_site-packages_PyQt6_Qt6_translations_qtconnectivity_pl_qm fileNode\nclass node_venv_lib_python3_12_site-packages_PyQt6_Qt6_translations_qtconnectivity_pt_BR_qm fileNode\nclass node_venv_lib_python3_12_site-packages_PyQt6_Qt6_translations_qtconnectivity_ru_qm fileNode\nclass node_venv_lib_python3_12_site-packages_PyQt6_Qt6_translations_qtconnectivity_sv_qm fileNode\nclass node_venv_lib_python3_12_site-packages_PyQt6_Qt6_translations_qtconnectivity_tr_qm fileNode\nclass node_venv_lib_python3_12_site-packages_PyQt6_Qt6_translations_qtconnectivity_uk_qm fileNode\nclass node_venv_lib_python3_12_site-packages_PyQt6_Qt6_translations_qtconnectivity_zh_CN_qm fileNode\nclass node_venv_lib_python3_12_site-packages_PyQt6_Qt6_translations_qtdeclarative_ar_qm fileNode\nclass node_venv_lib_python3_12_site-packages_PyQt6_Qt6_translations_qtdeclarative_bg_qm fileNode\nclass node_venv_lib_python3_12_site-packages_PyQt6_Qt6_translations_qtdeclarative_ca_qm fileNode\nclass node_venv_lib_python3_12_site-packages_PyQt6_Qt6_translations_qtdeclarative_da_qm fileNode\nclass node_venv_lib_python3_12_site-packages_PyQt6_Qt6_translations_qtdeclarative_de_qm fileNode\nclass node_venv_lib_python3_12_site-packages_PyQt6_Qt6_translations_qtdeclarative_en_qm fileNode\nclass node_venv_lib_python3_12_site-packages_PyQt6_Qt6_translations_qtdeclarative_es_qm fileNode\nclass node_venv_lib_python3_12_site-packages_PyQt6_Qt6_translations_qtdeclarative_fa_qm fileNode\nclass node_venv_lib_python3_12_site-packages_PyQt6_Qt6_translations_qtdeclarative_fi_qm fileNode\nclass node_venv_lib_python3_12_site-packages_PyQt6_Qt6_translations_qtdeclarative_fr_qm fileNode\nclass node_venv_lib_python3_12_site-packages_PyQt6_Qt6_translations_qtdeclarative_hr_qm fileNode\nclass node_venv_lib_python3_12_site-packages_PyQt6_Qt6_translations_qtdeclarative_hu_qm fileNode\nclass node_venv_lib_python3_12_site-packages_PyQt6_Qt6_translations_qtdeclarative_ja_qm fileNode\nclass node_venv_lib_python3_12_site-packages_PyQt6_Qt6_translations_qtdeclarative_ka_qm fileNode\nclass node_venv_lib_python3_12_site-packages_PyQt6_Qt6_translations_qtdeclarative_ko_qm fileNode\nclass node_venv_lib_python3_12_site-packages_PyQt6_Qt6_translations_qtdeclarative_lv_qm fileNode\nclass node_venv_lib_python3_12_site-packages_PyQt6_Qt6_translations_qtdeclarative_nl_qm fileNode\nclass node_venv_lib_python3_12_site-packages_PyQt6_Qt6_translations_qtdeclarative_nn_qm fileNode\nclass node_venv_lib_python3_12_site-packages_PyQt6_Qt6_translations_qtdeclarative_pl_qm fileNode\nclass node_venv_lib_python3_12_site-packages_PyQt6_Qt6_translations_qtdeclarative_pt_BR_qm fileNode\nclass node_venv_lib_python3_12_site-packages_PyQt6_Qt6_translations_qtdeclarative_ru_qm fileNode\nclass node_venv_lib_python3_12_site-packages_PyQt6_Qt6_translations_qtdeclarative_sk_qm fileNode\nclass node_venv_lib_python3_12_site-packages_PyQt6_Qt6_translations_qtdeclarative_sv_qm fileNode\nclass node_venv_lib_python3_12_site-packages_PyQt6_Qt6_translations_qtdeclarative_tr_qm fileNode\nclass node_venv_lib_python3_12_site-packages_PyQt6_Qt6_translations_qtdeclarative_uk_qm fileNode\nclass node_venv_lib_python3_12_site-packages_PyQt6_Qt6_translations_qtdeclarative_zh_CN_qm fileNode\nclass node_venv_lib_python3_12_site-packages_PyQt6_Qt6_translations_qtdeclarative_zh_TW_qm fileNode\nclass node_venv_lib_python3_12_site-packages_PyQt6_Qt6_translations_qtlocation_bg_qm fileNode\nclass node_venv_lib_python3_12_site-packages_PyQt6_Qt6_translations_qtlocation_ca_qm fileNode\nclass node_venv_lib_python3_12_site-packages_PyQt6_Qt6_translations_qtlocation_da_qm fileNode\nclass node_venv_lib_python3_12_site-packages_PyQt6_Qt6_translations_qtlocation_de_qm fileNode\nclass node_venv_lib_python3_12_site-packages_PyQt6_Qt6_translations_qtlocation_en_qm fileNode\nclass node_venv_lib_python3_12_site-packages_PyQt6_Qt6_translations_qtlocation_es_qm fileNode\nclass node_venv_lib_python3_12_site-packages_PyQt6_Qt6_translations_qtlocation_fi_qm fileNode\nclass node_venv_lib_python3_12_site-packages_PyQt6_Qt6_translations_qtlocation_fr_qm fileNode\nclass node_venv_lib_python3_12_site-packages_PyQt6_Qt6_translations_qtlocation_hr_qm fileNode\nclass node_venv_lib_python3_12_site-packages_PyQt6_Qt6_translations_qtlocation_hu_qm fileNode\nclass node_venv_lib_python3_12_site-packages_PyQt6_Qt6_translations_qtlocation_ka_qm fileNode\nclass node_venv_lib_python3_12_site-packages_PyQt6_Qt6_translations_qtlocation_ko_qm fileNode\nclass node_venv_lib_python3_12_site-packages_PyQt6_Qt6_translations_qtlocation_nl_qm fileNode\nclass node_venv_lib_python3_12_site-packages_PyQt6_Qt6_translations_qtlocation_pl_qm fileNode\nclass node_venv_lib_python3_12_site-packages_PyQt6_Qt6_translations_qtlocation_pt_BR_qm fileNode\nclass node_venv_lib_python3_12_site-packages_PyQt6_Qt6_translations_qtlocation_ru_qm fileNode\nclass node_venv_lib_python3_12_site-packages_PyQt6_Qt6_translations_qtlocation_sv_qm fileNode\nclass node_venv_lib_python3_12_site-packages_PyQt6_Qt6_translations_qtlocation_tr_qm fileNode\nclass node_venv_lib_python3_12_site-packages_PyQt6_Qt6_translations_qtlocation_uk_qm fileNode\nclass node_venv_lib_python3_12_site-packages_PyQt6_Qt6_translations_qtlocation_zh_CN_qm fileNode\nclass node_venv_lib_python3_12_site-packages_PyQt6_Qt6_translations_qtmultimedia_ar_qm fileNode\nclass node_venv_lib_python3_12_site-packages_PyQt6_Qt6_translations_qtmultimedia_bg_qm fileNode\nclass node_venv_lib_python3_12_site-packages_PyQt6_Qt6_translations_qtmultimedia_ca_qm fileNode\nclass node_venv_lib_python3_12_site-packages_PyQt6_Qt6_translations_qtmultimedia_cs_qm fileNode\nclass node_venv_lib_python3_12_site-packages_PyQt6_Qt6_translations_qtmultimedia_da_qm fileNode\nclass node_venv_lib_python3_12_site-packages_PyQt6_Qt6_translations_qtmultimedia_de_qm fileNode\nclass node_venv_lib_python3_12_site-packages_PyQt6_Qt6_translations_qtmultimedia_en_qm fileNode\nclass node_venv_lib_python3_12_site-packages_PyQt6_Qt6_translations_qtmultimedia_es_qm fileNode\nclass node_venv_lib_python3_12_site-packages_PyQt6_Qt6_translations_qtmultimedia_fa_qm fileNode\nclass node_venv_lib_python3_12_site-packages_PyQt6_Qt6_translations_qtmultimedia_fi_qm fileNode\nclass node_venv_lib_python3_12_site-packages_PyQt6_Qt6_translations_qtmultimedia_fr_qm fileNode\nclass node_venv_lib_python3_12_site-packages_PyQt6_Qt6_translations_qtmultimedia_hr_qm fileNode\nclass node_venv_lib_python3_12_site-packages_PyQt6_Qt6_translations_qtmultimedia_hu_qm fileNode\nclass node_venv_lib_python3_12_site-packages_PyQt6_Qt6_translations_qtmultimedia_it_qm fileNode\nclass node_venv_lib_python3_12_site-packages_PyQt6_Qt6_translations_qtmultimedia_ja_qm fileNode\nclass node_venv_lib_python3_12_site-packages_PyQt6_Qt6_translations_qtmultimedia_ka_qm fileNode\nclass node_venv_lib_python3_12_site-packages_PyQt6_Qt6_translations_qtmultimedia_ko_qm fileNode\nclass node_venv_lib_python3_12_site-packages_PyQt6_Qt6_translations_qtmultimedia_nl_qm fileNode\nclass node_venv_lib_python3_12_site-packages_PyQt6_Qt6_translations_qtmultimedia_nn_qm fileNode\nclass node_venv_lib_python3_12_site-packages_PyQt6_Qt6_translations_qtmultimedia_pl_qm fileNode\nclass node_venv_lib_python3_12_site-packages_PyQt6_Qt6_translations_qtmultimedia_pt_BR_qm fileNode\nclass node_venv_lib_python3_12_site-packages_PyQt6_Qt6_translations_qtmultimedia_ru_qm fileNode\nclass node_venv_lib_python3_12_site-packages_PyQt6_Qt6_translations_qtmultimedia_sk_qm fileNode\nclass node_venv_lib_python3_12_site-packages_PyQt6_Qt6_translations_qtmultimedia_sv_qm fileNode\nclass node_venv_lib_python3_12_site-packages_PyQt6_Qt6_translations_qtmultimedia_tr_qm fileNode\nclass node_venv_lib_python3_12_site-packages_PyQt6_Qt6_translations_qtmultimedia_uk_qm fileNode\nclass node_venv_lib_python3_12_site-packages_PyQt6_Qt6_translations_qtmultimedia_zh_CN_qm fileNode\nclass node_venv_lib_python3_12_site-packages_PyQt6_Qt6_translations_qtmultimedia_zh_TW_qm fileNode\nclass node_venv_lib_python3_12_site-packages_PyQt6_Qt6_translations_qtserialport_de_qm fileNode\nclass node_venv_lib_python3_12_site-packages_PyQt6_Qt6_translations_qtserialport_en_qm fileNode\nclass node_venv_lib_python3_12_site-packages_PyQt6_Qt6_translations_qtserialport_es_qm fileNode\nclass node_venv_lib_python3_12_site-packages_PyQt6_Qt6_translations_qtserialport_ja_qm fileNode\nclass node_venv_lib_python3_12_site-packages_PyQt6_Qt6_translations_qtserialport_ka_qm fileNode\nclass node_venv_lib_python3_12_site-packages_PyQt6_Qt6_translations_qtserialport_ko_qm fileNode\nclass node_venv_lib_python3_12_site-packages_PyQt6_Qt6_translations_qtserialport_pl_qm fileNode\nclass node_venv_lib_python3_12_site-packages_PyQt6_Qt6_translations_qtserialport_pt_BR_qm fileNode\nclass node_venv_lib_python3_12_site-packages_PyQt6_Qt6_translations_qtserialport_ru_qm fileNode\nclass node_venv_lib_python3_12_site-packages_PyQt6_Qt6_translations_qtserialport_sv_qm fileNode\nclass node_venv_lib_python3_12_site-packages_PyQt6_Qt6_translations_qtserialport_tr_qm fileNode\nclass node_venv_lib_python3_12_site-packages_PyQt6_Qt6_translations_qtserialport_uk_qm fileNode\nclass node_venv_lib_python3_12_site-packages_PyQt6_Qt6_translations_qtserialport_zh_CN_qm fileNode\nclass node_venv_lib_python3_12_site-packages_PyQt6_Qt6_translations_qtwebsockets_ca_qm fileNode\nclass node_venv_lib_python3_12_site-packages_PyQt6_Qt6_translations_qtwebsockets_de_qm fileNode\nclass node_venv_lib_python3_12_site-packages_PyQt6_Qt6_translations_qtwebsockets_en_qm fileNode\nclass node_venv_lib_python3_12_site-packages_PyQt6_Qt6_translations_qtwebsockets_es_qm fileNode\nclass node_venv_lib_python3_12_site-packages_PyQt6_Qt6_translations_qtwebsockets_fr_qm fileNode\nclass node_venv_lib_python3_12_site-packages_PyQt6_Qt6_translations_qtwebsockets_ja_qm fileNode\nclass node_venv_lib_python3_12_site-packages_PyQt6_Qt6_translations_qtwebsockets_ka_qm fileNode\nclass node_venv_lib_python3_12_site-packages_PyQt6_Qt6_translations_qtwebsockets_ko_qm fileNode\nclass node_venv_lib_python3_12_site-packages_PyQt6_Qt6_translations_qtwebsockets_pl_qm fileNode\nclass node_venv_lib_python3_12_site-packages_PyQt6_Qt6_translations_qtwebsockets_pt_BR_qm fileNode\nclass node_venv_lib_python3_12_site-packages_PyQt6_Qt6_translations_qtwebsockets_ru_qm fileNode\nclass node_venv_lib_python3_12_site-packages_PyQt6_Qt6_translations_qtwebsockets_sv_qm fileNode\nclass node_venv_lib_python3_12_site-packages_PyQt6_Qt6_translations_qtwebsockets_tr_qm fileNode\nclass node_venv_lib_python3_12_site-packages_PyQt6_Qt6_translations_qtwebsockets_uk_qm fileNode\nclass node_venv_lib_python3_12_site-packages_PyQt6_Qt6_translations_qtwebsockets_zh_CN_qm fileNode\nclass node_venv_lib_python3_12_site-packages_PyQt6_bindings_QtWebSockets_QtWebSockets_toml configFile\nclass node_venv_lib_python3_12_site-packages_PyQt6_bindings_QtWebSockets_QtWebSocketsmod_sip fileNode\nclass node_venv_lib_python3_12_site-packages_PyQt6_bindings_QtWebSockets_qmaskgenerator_sip fileNode\nclass node_venv_lib_python3_12_site-packages_PyQt6_bindings_QtWebSockets_qwebsocket_sip fileNode\nclass node_venv_lib_python3_12_site-packages_PyQt6_bindings_QtWebSockets_qwebsocketcorsauthenticator_sip fileNode\nclass node_venv_lib_python3_12_site-packages_PyQt6_bindings_QtWebSockets_qwebsockethandshakeoptions_sip fileNode\nclass node_venv_lib_python3_12_site-packages_PyQt6_bindings_QtWebSockets_qwebsocketprotocol_sip fileNode\nclass node_venv_lib_python3_12_site-packages_PyQt6_bindings_QtWebSockets_qwebsocketserver_sip fileNode\nclass node_venv_lib_python3_12_site-packages_PyQt6_bindings_QtPrintSupport_QtPrintSupport_toml configFile\nclass node_venv_lib_python3_12_site-packages_PyQt6_bindings_QtPrintSupport_QtPrintSupportmod_sip fileNode\nclass node_venv_lib_python3_12_site-packages_PyQt6_bindings_QtPrintSupport_qabstractprintdialog_sip fileNode\nclass node_venv_lib_python3_12_site-packages_PyQt6_bindings_QtPrintSupport_qpagesetupdialog_sip fileNode\nclass node_venv_lib_python3_12_site-packages_PyQt6_bindings_QtPrintSupport_qprintdialog_sip fileNode\nclass node_venv_lib_python3_12_site-packages_PyQt6_bindings_QtPrintSupport_qprintengine_sip fileNode\nclass node_venv_lib_python3_12_site-packages_PyQt6_bindings_QtPrintSupport_qprinter_sip fileNode\nclass node_venv_lib_python3_12_site-packages_PyQt6_bindings_QtPrintSupport_qprinterinfo_sip fileNode\nclass node_venv_lib_python3_12_site-packages_PyQt6_bindings_QtPrintSupport_qprintpreviewdialog_sip fileNode\nclass node_venv_lib_python3_12_site-packages_PyQt6_bindings_QtPrintSupport_qprintpreviewwidget_sip fileNode\nclass node_venv_lib_python3_12_site-packages_PyQt6_bindings_QtPrintSupport_qpyprintsupport_qlist_sip fileNode\nclass node_venv_lib_python3_12_site-packages_PyQt6_bindings_QtOpenGL_QtOpenGL_toml configFile\nclass node_venv_lib_python3_12_site-packages_PyQt6_bindings_QtOpenGL_QtOpenGLmod_sip fileNode\nclass node_venv_lib_python3_12_site-packages_PyQt6_bindings_QtOpenGL_qopenglbuffer_sip fileNode\nclass node_venv_lib_python3_12_site-packages_PyQt6_bindings_QtOpenGL_qopengldebug_sip fileNode\nclass node_venv_lib_python3_12_site-packages_PyQt6_bindings_QtOpenGL_qopenglframebufferobject_sip fileNode\nclass node_venv_lib_python3_12_site-packages_PyQt6_bindings_QtOpenGL_qopenglfunctions_2_0_sip fileNode\nclass node_venv_lib_python3_12_site-packages_PyQt6_bindings_QtOpenGL_qopenglfunctions_2_1_sip fileNode\nclass node_venv_lib_python3_12_site-packages_PyQt6_bindings_QtOpenGL_qopenglfunctions_4_1_core_sip fileNode\nclass node_venv_lib_python3_12_site-packages_PyQt6_bindings_QtOpenGL_qopenglfunctions_es2_sip fileNode\nclass node_venv_lib_python3_12_site-packages_PyQt6_bindings_QtOpenGL_qopenglpaintdevice_sip fileNode\nclass node_venv_lib_python3_12_site-packages_PyQt6_bindings_QtOpenGL_qopenglpixeltransferoptions_sip fileNode\nclass node_venv_lib_python3_12_site-packages_PyQt6_bindings_QtOpenGL_qopenglshaderprogram_sip fileNode\nclass node_venv_lib_python3_12_site-packages_PyQt6_bindings_QtOpenGL_qopengltexture_sip fileNode\nclass node_venv_lib_python3_12_site-packages_PyQt6_bindings_QtOpenGL_qopengltextureblitter_sip fileNode\nclass node_venv_lib_python3_12_site-packages_PyQt6_bindings_QtOpenGL_qopengltimerquery_sip fileNode\nclass node_venv_lib_python3_12_site-packages_PyQt6_bindings_QtOpenGL_qopenglversionfunctions_sip fileNode\nclass node_venv_lib_python3_12_site-packages_PyQt6_bindings_QtOpenGL_qopenglversionfunctionsfactory_sip fileNode\nclass node_venv_lib_python3_12_site-packages_PyQt6_bindings_QtOpenGL_qopenglversionprofile_sip fileNode\nclass node_venv_lib_python3_12_site-packages_PyQt6_bindings_QtOpenGL_qopenglvertexarrayobject_sip fileNode\nclass node_venv_lib_python3_12_site-packages_PyQt6_bindings_QtOpenGL_qopenglwindow_sip fileNode\nclass node_venv_lib_python3_12_site-packages_PyQt6_bindings_QtOpenGL_qpyopengl_qlist_sip fileNode\nclass node_venv_lib_python3_12_site-packages_PyQt6_bindings_QtOpenGL_qpyopengl_std_pair_sip fileNode\nclass node_venv_lib_python3_12_site-packages_PyQt6_bindings_QtQml_QtQml_toml configFile\nclass node_venv_lib_python3_12_site-packages_PyQt6_bindings_QtQml_QtQmlmod_sip fileNode\nclass node_venv_lib_python3_12_site-packages_PyQt6_bindings_QtQml_qjsengine_sip fileNode\nclass node_venv_lib_python3_12_site-packages_PyQt6_bindings_QtQml_qjsmanagedvalue_sip fileNode\nclass node_venv_lib_python3_12_site-packages_PyQt6_bindings_QtQml_qjsprimitivevalue_sip fileNode\nclass node_venv_lib_python3_12_site-packages_PyQt6_bindings_QtQml_qjsvalue_sip fileNode\nclass node_venv_lib_python3_12_site-packages_PyQt6_bindings_QtQml_qjsvalueiterator_sip fileNode\nclass node_venv_lib_python3_12_site-packages_PyQt6_bindings_QtQml_qmlattachedpropertiesobject_sip fileNode\nclass node_venv_lib_python3_12_site-packages_PyQt6_bindings_QtQml_qmlregistertype_sip fileNode\nclass node_venv_lib_python3_12_site-packages_PyQt6_bindings_QtQml_qpyqmllistproperty_sip fileNode\nclass node_venv_lib_python3_12_site-packages_PyQt6_bindings_QtQml_qqml_sip fileNode\nclass node_venv_lib_python3_12_site-packages_PyQt6_bindings_QtQml_qqmlabstracturlinterceptor_sip fileNode\nclass node_venv_lib_python3_12_site-packages_PyQt6_bindings_QtQml_qqmlapplicationengine_sip fileNode\nclass node_venv_lib_python3_12_site-packages_PyQt6_bindings_QtQml_qqmlcomponent_sip fileNode\nclass node_venv_lib_python3_12_site-packages_PyQt6_bindings_QtQml_qqmlcontext_sip fileNode\nclass node_venv_lib_python3_12_site-packages_PyQt6_bindings_QtQml_qqmlengine_sip fileNode\nclass node_venv_lib_python3_12_site-packages_PyQt6_bindings_QtQml_qqmlerror_sip fileNode\nclass node_venv_lib_python3_12_site-packages_PyQt6_bindings_QtQml_qqmlexpression_sip fileNode\nclass node_venv_lib_python3_12_site-packages_PyQt6_bindings_QtQml_qqmlextensionplugin_sip fileNode\nclass node_venv_lib_python3_12_site-packages_PyQt6_bindings_QtQml_qqmlfileselector_sip fileNode\nclass node_venv_lib_python3_12_site-packages_PyQt6_bindings_QtQml_qqmlincubator_sip fileNode\nclass node_venv_lib_python3_12_site-packages_PyQt6_bindings_QtQml_qqmllist_sip fileNode\nclass node_venv_lib_python3_12_site-packages_PyQt6_bindings_QtQml_qqmlnetworkaccessmanagerfactory_sip fileNode\nclass node_venv_lib_python3_12_site-packages_PyQt6_bindings_QtQml_qqmlparserstatus_sip fileNode\nclass node_venv_lib_python3_12_site-packages_PyQt6_bindings_QtQml_qqmlproperty_sip fileNode\nclass node_venv_lib_python3_12_site-packages_PyQt6_bindings_QtQml_qqmlpropertymap_sip fileNode\nclass node_venv_lib_python3_12_site-packages_PyQt6_bindings_QtQml_qqmlpropertyvaluesource_sip fileNode\nclass node_venv_lib_python3_12_site-packages_PyQt6_bindings_QtQml_qqmlscriptstring_sip fileNode\nclass node_venv_lib_python3_12_site-packages_PyQt6_bindings_QtBluetooth_QtBluetooth_toml configFile\nclass node_venv_lib_python3_12_site-packages_PyQt6_bindings_QtBluetooth_QtBluetoothmod_sip fileNode\nclass node_venv_lib_python3_12_site-packages_PyQt6_bindings_QtBluetooth_qbluetooth_sip fileNode\nclass node_venv_lib_python3_12_site-packages_PyQt6_bindings_QtBluetooth_qbluetoothaddress_sip fileNode\nclass node_venv_lib_python3_12_site-packages_PyQt6_bindings_QtBluetooth_qbluetoothdevicediscoveryagent_sip fileNode\nclass node_venv_lib_python3_12_site-packages_PyQt6_bindings_QtBluetooth_qbluetoothdeviceinfo_sip fileNode\nclass node_venv_lib_python3_12_site-packages_PyQt6_bindings_QtBluetooth_qbluetoothhostinfo_sip fileNode\nclass node_venv_lib_python3_12_site-packages_PyQt6_bindings_QtBluetooth_qbluetoothlocaldevice_sip fileNode\nclass node_venv_lib_python3_12_site-packages_PyQt6_bindings_QtBluetooth_qbluetoothserver_sip fileNode\nclass node_venv_lib_python3_12_site-packages_PyQt6_bindings_QtBluetooth_qbluetoothservicediscoveryagent_sip fileNode\nclass node_venv_lib_python3_12_site-packages_PyQt6_bindings_QtBluetooth_qbluetoothserviceinfo_sip fileNode\nclass node_venv_lib_python3_12_site-packages_PyQt6_bindings_QtBluetooth_qbluetoothsocket_sip fileNode\nclass node_venv_lib_python3_12_site-packages_PyQt6_bindings_QtBluetooth_qbluetoothuuid_sip fileNode\nclass node_venv_lib_python3_12_site-packages_PyQt6_bindings_QtBluetooth_qlowenergyadvertisingdata_sip fileNode\nclass node_venv_lib_python3_12_site-packages_PyQt6_bindings_QtBluetooth_qlowenergyadvertisingparameters_sip fileNode\nclass node_venv_lib_python3_12_site-packages_PyQt6_bindings_QtBluetooth_qlowenergycharacteristic_sip fileNode\nclass node_venv_lib_python3_12_site-packages_PyQt6_bindings_QtBluetooth_qlowenergycharacteristicdata_sip fileNode\nclass node_venv_lib_python3_12_site-packages_PyQt6_bindings_QtBluetooth_qlowenergyconnectionparameters_sip fileNode\nclass node_venv_lib_python3_12_site-packages_PyQt6_bindings_QtBluetooth_qlowenergycontroller_sip fileNode\nclass node_venv_lib_python3_12_site-packages_PyQt6_bindings_QtBluetooth_qlowenergydescriptor_sip fileNode\nclass node_venv_lib_python3_12_site-packages_PyQt6_bindings_QtBluetooth_qlowenergydescriptordata_sip fileNode\nclass node_venv_lib_python3_12_site-packages_PyQt6_bindings_QtBluetooth_qlowenergyservice_sip fileNode\nclass node_venv_lib_python3_12_site-packages_PyQt6_bindings_QtBluetooth_qlowenergyservicedata_sip fileNode\nclass node_venv_lib_python3_12_site-packages_PyQt6_bindings_QtBluetooth_qpybluetooth_qlist_sip fileNode\nclass node_venv_lib_python3_12_site-packages_PyQt6_bindings_QtBluetooth_qpybluetooth_qmultihash_sip fileNode\nclass node_venv_lib_python3_12_site-packages_PyQt6_bindings_QtBluetooth_qpybluetooth_quint128_sip fileNode\nclass node_venv_lib_python3_12_site-packages_PyQt6_bindings_QtNetwork_QtNetwork_toml configFile\nclass node_venv_lib_python3_12_site-packages_PyQt6_bindings_QtNetwork_QtNetworkmod_sip fileNode\nclass node_venv_lib_python3_12_site-packages_PyQt6_bindings_QtNetwork_qabstractnetworkcache_sip fileNode\nclass node_venv_lib_python3_12_site-packages_PyQt6_bindings_QtNetwork_qabstractsocket_sip fileNode\nclass node_venv_lib_python3_12_site-packages_PyQt6_bindings_QtNetwork_qauthenticator_sip fileNode\nclass node_venv_lib_python3_12_site-packages_PyQt6_bindings_QtNetwork_qdnslookup_sip fileNode\nclass node_venv_lib_python3_12_site-packages_PyQt6_bindings_QtNetwork_qformdatabuilder_sip fileNode\nclass node_venv_lib_python3_12_site-packages_PyQt6_bindings_QtNetwork_qhostaddress_sip fileNode\nclass node_venv_lib_python3_12_site-packages_PyQt6_bindings_QtNetwork_qhostinfo_sip fileNode\nclass node_venv_lib_python3_12_site-packages_PyQt6_bindings_QtNetwork_qhstspolicy_sip fileNode\nclass node_venv_lib_python3_12_site-packages_PyQt6_bindings_QtNetwork_qhttp1configuration_sip fileNode\nclass node_venv_lib_python3_12_site-packages_PyQt6_bindings_QtNetwork_qhttp2configuration_sip fileNode\nclass node_venv_lib_python3_12_site-packages_PyQt6_bindings_QtNetwork_qhttpheaders_sip fileNode\nclass node_venv_lib_python3_12_site-packages_PyQt6_bindings_QtNetwork_qhttpmultipart_sip fileNode\nclass node_venv_lib_python3_12_site-packages_PyQt6_bindings_QtNetwork_qlocalserver_sip fileNode\nclass node_venv_lib_python3_12_site-packages_PyQt6_bindings_QtNetwork_qlocalsocket_sip fileNode\nclass node_venv_lib_python3_12_site-packages_PyQt6_bindings_QtNetwork_qnetworkaccessmanager_sip fileNode\nclass node_venv_lib_python3_12_site-packages_PyQt6_bindings_QtNetwork_qnetworkcookie_sip fileNode\nclass node_venv_lib_python3_12_site-packages_PyQt6_bindings_QtNetwork_qnetworkcookiejar_sip fileNode\nclass node_venv_lib_python3_12_site-packages_PyQt6_bindings_QtNetwork_qnetworkdatagram_sip fileNode\nclass node_venv_lib_python3_12_site-packages_PyQt6_bindings_QtNetwork_qnetworkdiskcache_sip fileNode\nclass node_venv_lib_python3_12_site-packages_PyQt6_bindings_QtNetwork_qnetworkinformation_sip fileNode\nclass node_venv_lib_python3_12_site-packages_PyQt6_bindings_QtNetwork_qnetworkinterface_sip fileNode\nclass node_venv_lib_python3_12_site-packages_PyQt6_bindings_QtNetwork_qnetworkproxy_sip fileNode\nclass node_venv_lib_python3_12_site-packages_PyQt6_bindings_QtNetwork_qnetworkreply_sip fileNode\nclass node_venv_lib_python3_12_site-packages_PyQt6_bindings_QtNetwork_qnetworkrequest_sip fileNode\nclass node_venv_lib_python3_12_site-packages_PyQt6_bindings_QtNetwork_qnetworkrequestfactory_sip fileNode\nclass node_venv_lib_python3_12_site-packages_PyQt6_bindings_QtNetwork_qocspresponse_sip fileNode\nclass node_venv_lib_python3_12_site-packages_PyQt6_bindings_QtNetwork_qpassworddigestor_sip fileNode\nclass node_venv_lib_python3_12_site-packages_PyQt6_bindings_QtNetwork_qpynetwork_qhash_sip fileNode\nclass node_venv_lib_python3_12_site-packages_PyQt6_bindings_QtNetwork_qpynetwork_qlist_sip fileNode\nclass node_venv_lib_python3_12_site-packages_PyQt6_bindings_QtNetwork_qpynetwork_qmap_sip fileNode\nclass node_venv_lib_python3_12_site-packages_PyQt6_bindings_QtNetwork_qrestaccessmanager_sip fileNode\nclass node_venv_lib_python3_12_site-packages_PyQt6_bindings_QtNetwork_qrestreply_sip fileNode\nclass node_venv_lib_python3_12_site-packages_PyQt6_bindings_QtNetwork_qssl_sip fileNode\nclass node_venv_lib_python3_12_site-packages_PyQt6_bindings_QtNetwork_qsslcertificate_sip fileNode\nclass node_venv_lib_python3_12_site-packages_PyQt6_bindings_QtNetwork_qsslcertificateextension_sip fileNode\nclass node_venv_lib_python3_12_site-packages_PyQt6_bindings_QtNetwork_qsslcipher_sip fileNode\nclass node_venv_lib_python3_12_site-packages_PyQt6_bindings_QtNetwork_qsslconfiguration_sip fileNode\nclass node_venv_lib_python3_12_site-packages_PyQt6_bindings_QtNetwork_qssldiffiehellmanparameters_sip fileNode\nclass node_venv_lib_python3_12_site-packages_PyQt6_bindings_QtNetwork_qsslellipticcurve_sip fileNode\nclass node_venv_lib_python3_12_site-packages_PyQt6_bindings_QtNetwork_qsslerror_sip fileNode\nclass node_venv_lib_python3_12_site-packages_PyQt6_bindings_QtNetwork_qsslkey_sip fileNode\nclass node_venv_lib_python3_12_site-packages_PyQt6_bindings_QtNetwork_qsslpresharedkeyauthenticator_sip fileNode\nclass node_venv_lib_python3_12_site-packages_PyQt6_bindings_QtNetwork_qsslserver_sip fileNode\nclass node_venv_lib_python3_12_site-packages_PyQt6_bindings_QtNetwork_qsslsocket_sip fileNode\nclass node_venv_lib_python3_12_site-packages_PyQt6_bindings_QtNetwork_qtcpserver_sip fileNode\nclass node_venv_lib_python3_12_site-packages_PyQt6_bindings_QtNetwork_qtcpsocket_sip fileNode\nclass node_venv_lib_python3_12_site-packages_PyQt6_bindings_QtNetwork_qudpsocket_sip fileNode\nclass node_venv_lib_python3_12_site-packages_PyQt6_bindings_QtStateMachine_QtStateMachine_toml configFile\nclass node_venv_lib_python3_12_site-packages_PyQt6_bindings_QtStateMachine_QtStateMachinemod_sip fileNode\nclass node_venv_lib_python3_12_site-packages_PyQt6_bindings_QtStateMachine_qabstractstate_sip fileNode\nclass node_venv_lib_python3_12_site-packages_PyQt6_bindings_QtStateMachine_qabstracttransition_sip fileNode\nclass node_venv_lib_python3_12_site-packages_PyQt6_bindings_QtStateMachine_qeventtransition_sip fileNode\nclass node_venv_lib_python3_12_site-packages_PyQt6_bindings_QtStateMachine_qfinalstate_sip fileNode\nclass node_venv_lib_python3_12_site-packages_PyQt6_bindings_QtStateMachine_qhistorystate_sip fileNode\nclass node_venv_lib_python3_12_site-packages_PyQt6_bindings_QtStateMachine_qkeyeventtransition_sip fileNode\nclass node_venv_lib_python3_12_site-packages_PyQt6_bindings_QtStateMachine_qmouseeventtransition_sip fileNode\nclass node_venv_lib_python3_12_site-packages_PyQt6_bindings_QtStateMachine_qsignaltransition_sip fileNode\nclass node_venv_lib_python3_12_site-packages_PyQt6_bindings_QtStateMachine_qstate_sip fileNode\nclass node_venv_lib_python3_12_site-packages_PyQt6_bindings_QtStateMachine_qstatemachine_sip fileNode\nclass node_venv_lib_python3_12_site-packages_PyQt6_bindings_QtDesigner_QtDesigner_toml configFile\nclass node_venv_lib_python3_12_site-packages_PyQt6_bindings_QtDesigner_QtDesignermod_sip fileNode\nclass node_venv_lib_python3_12_site-packages_PyQt6_bindings_QtDesigner_abstractactioneditor_sip fileNode\nclass node_venv_lib_python3_12_site-packages_PyQt6_bindings_QtDesigner_abstractformbuilder_sip fileNode\nclass node_venv_lib_python3_12_site-packages_PyQt6_bindings_QtDesigner_abstractformeditor_sip fileNode\nclass node_venv_lib_python3_12_site-packages_PyQt6_bindings_QtDesigner_abstractformwindow_sip fileNode\nclass node_venv_lib_python3_12_site-packages_PyQt6_bindings_QtDesigner_abstractformwindowcursor_sip fileNode\nclass node_venv_lib_python3_12_site-packages_PyQt6_bindings_QtDesigner_abstractformwindowmanager_sip fileNode\nclass node_venv_lib_python3_12_site-packages_PyQt6_bindings_QtDesigner_abstractobjectinspector_sip fileNode\nclass node_venv_lib_python3_12_site-packages_PyQt6_bindings_QtDesigner_abstractpropertyeditor_sip fileNode\nclass node_venv_lib_python3_12_site-packages_PyQt6_bindings_QtDesigner_abstractwidgetbox_sip fileNode\nclass node_venv_lib_python3_12_site-packages_PyQt6_bindings_QtDesigner_container_sip fileNode\nclass node_venv_lib_python3_12_site-packages_PyQt6_bindings_QtDesigner_customwidget_sip fileNode\nclass node_venv_lib_python3_12_site-packages_PyQt6_bindings_QtDesigner_default_extensionfactory_sip fileNode\nclass node_venv_lib_python3_12_site-packages_PyQt6_bindings_QtDesigner_extension_sip fileNode\nclass node_venv_lib_python3_12_site-packages_PyQt6_bindings_QtDesigner_formbuilder_sip fileNode\nclass node_venv_lib_python3_12_site-packages_PyQt6_bindings_QtDesigner_membersheet_sip fileNode\nclass node_venv_lib_python3_12_site-packages_PyQt6_bindings_QtDesigner_propertysheet_sip fileNode\nclass node_venv_lib_python3_12_site-packages_PyQt6_bindings_QtDesigner_qextensionmanager_sip fileNode\nclass node_venv_lib_python3_12_site-packages_PyQt6_bindings_QtDesigner_qpydesignercontainerextension_sip fileNode\nclass node_venv_lib_python3_12_site-packages_PyQt6_bindings_QtDesigner_qpydesignercustomwidgetcollectionplugin_sip fileNode\nclass node_venv_lib_python3_12_site-packages_PyQt6_bindings_QtDesigner_qpydesignercustomwidgetplugin_sip fileNode\nclass node_venv_lib_python3_12_site-packages_PyQt6_bindings_QtDesigner_qpydesignermembersheetextension_sip fileNode\nclass node_venv_lib_python3_12_site-packages_PyQt6_bindings_QtDesigner_qpydesignerpropertysheetextension_sip fileNode\nclass node_venv_lib_python3_12_site-packages_PyQt6_bindings_QtDesigner_qpydesignertaskmenuextension_sip fileNode\nclass node_venv_lib_python3_12_site-packages_PyQt6_bindings_QtDesigner_taskmenu_sip fileNode\nclass node_venv_lib_python3_12_site-packages_PyQt6_bindings_QtQuick3D_QtQuick3D_toml configFile\nclass node_venv_lib_python3_12_site-packages_PyQt6_bindings_QtQuick3D_QtQuick3Dmod_sip fileNode\nclass node_venv_lib_python3_12_site-packages_PyQt6_bindings_QtQuick3D_qquick3d_sip fileNode\nclass node_venv_lib_python3_12_site-packages_PyQt6_bindings_QtQuick3D_qquick3dgeometry_sip fileNode\nclass node_venv_lib_python3_12_site-packages_PyQt6_bindings_QtQuick3D_qquick3dobject_sip fileNode\nclass node_venv_lib_python3_12_site-packages_PyQt6_bindings_QtQuick3D_qquick3dtexturedata_sip fileNode\nclass node_venv_lib_python3_12_site-packages_PyQt6_bindings_QtHelp_QtHelp_toml configFile\nclass node_venv_lib_python3_12_site-packages_PyQt6_bindings_QtHelp_QtHelpmod_sip fileNode\nclass node_venv_lib_python3_12_site-packages_PyQt6_bindings_QtHelp_qcompressedhelpinfo_sip fileNode\nclass node_venv_lib_python3_12_site-packages_PyQt6_bindings_QtHelp_qhelpcontentitem_sip fileNode\nclass node_venv_lib_python3_12_site-packages_PyQt6_bindings_QtHelp_qhelpcontentwidget_sip fileNode\nclass node_venv_lib_python3_12_site-packages_PyQt6_bindings_QtHelp_qhelpengine_sip fileNode\nclass node_venv_lib_python3_12_site-packages_PyQt6_bindings_QtHelp_qhelpenginecore_sip fileNode\nclass node_venv_lib_python3_12_site-packages_PyQt6_bindings_QtHelp_qhelpfilterdata_sip fileNode\nclass node_venv_lib_python3_12_site-packages_PyQt6_bindings_QtHelp_qhelpfilterengine_sip fileNode\nclass node_venv_lib_python3_12_site-packages_PyQt6_bindings_QtHelp_qhelpfiltersettingswidget_sip fileNode\nclass node_venv_lib_python3_12_site-packages_PyQt6_bindings_QtHelp_qhelpindexwidget_sip fileNode\nclass node_venv_lib_python3_12_site-packages_PyQt6_bindings_QtHelp_qhelplink_sip fileNode\nclass node_venv_lib_python3_12_site-packages_PyQt6_bindings_QtHelp_qhelpsearchengine_sip fileNode\nclass node_venv_lib_python3_12_site-packages_PyQt6_bindings_QtHelp_qhelpsearchenginecore_sip fileNode\nclass node_venv_lib_python3_12_site-packages_PyQt6_bindings_QtHelp_qhelpsearchquerywidget_sip fileNode\nclass node_venv_lib_python3_12_site-packages_PyQt6_bindings_QtHelp_qhelpsearchresult_sip fileNode\nclass node_venv_lib_python3_12_site-packages_PyQt6_bindings_QtHelp_qhelpsearchresultwidget_sip fileNode\nclass node_venv_lib_python3_12_site-packages_PyQt6_bindings_QtSvg_QtSvg_toml configFile\nclass node_venv_lib_python3_12_site-packages_PyQt6_bindings_QtSvg_QtSvgmod_sip fileNode\nclass node_venv_lib_python3_12_site-packages_PyQt6_bindings_QtSvg_qsvggenerator_sip fileNode\nclass node_venv_lib_python3_12_site-packages_PyQt6_bindings_QtSvg_qsvgrenderer_sip fileNode\nclass node_venv_lib_python3_12_site-packages_PyQt6_bindings_QtSvg_qtsvgglobal_sip fileNode\nclass node_venv_lib_python3_12_site-packages_PyQt6_bindings_QtXml_QtXml_toml configFile\nclass node_venv_lib_python3_12_site-packages_PyQt6_bindings_QtXml_QtXmlmod_sip fileNode\nclass node_venv_lib_python3_12_site-packages_PyQt6_bindings_QtXml_qdom_sip fileNode\nclass node_venv_lib_python3_12_site-packages_PyQt6_bindings_QtSvgWidgets_QtSvgWidgets_toml configFile\nclass node_venv_lib_python3_12_site-packages_PyQt6_bindings_QtSvgWidgets_QtSvgWidgetsmod_sip fileNode\nclass node_venv_lib_python3_12_site-packages_PyQt6_bindings_QtSvgWidgets_qgraphicssvgitem_sip fileNode\nclass node_venv_lib_python3_12_site-packages_PyQt6_bindings_QtSvgWidgets_qsvgwidget_sip fileNode\nclass node_venv_lib_python3_12_site-packages_PyQt6_bindings_QtRemoteObjects_QtRemoteObjects_toml configFile\nclass node_venv_lib_python3_12_site-packages_PyQt6_bindings_QtRemoteObjects_QtRemoteObjectsmod_sip fileNode\nclass node_venv_lib_python3_12_site-packages_PyQt6_bindings_QtRemoteObjects_qremoteobjectabstractitemmodelreplica_sip fileNode\nclass node_venv_lib_python3_12_site-packages_PyQt6_bindings_QtRemoteObjects_qremoteobjectdynamicreplica_sip fileNode\nclass node_venv_lib_python3_12_site-packages_PyQt6_bindings_QtRemoteObjects_qremoteobjectnode_sip fileNode\nclass node_venv_lib_python3_12_site-packages_PyQt6_bindings_QtRemoteObjects_qremoteobjectregistry_sip fileNode\nclass node_venv_lib_python3_12_site-packages_PyQt6_bindings_QtRemoteObjects_qremoteobjectreplica_sip fileNode\nclass node_venv_lib_python3_12_site-packages_PyQt6_bindings_QtRemoteObjects_qtremoteobjectglobal_sip fileNode\nclass node_venv_lib_python3_12_site-packages_PyQt6_bindings_QtSensors_QtSensors_toml configFile\nclass node_venv_lib_python3_12_site-packages_PyQt6_bindings_QtSensors_QtSensorsmod_sip fileNode\nclass node_venv_lib_python3_12_site-packages_PyQt6_bindings_QtSensors_qaccelerometer_sip fileNode\nclass node_venv_lib_python3_12_site-packages_PyQt6_bindings_QtSensors_qambientlightsensor_sip fileNode\nclass node_venv_lib_python3_12_site-packages_PyQt6_bindings_QtSensors_qambienttemperaturesensor_sip fileNode\nclass node_venv_lib_python3_12_site-packages_PyQt6_bindings_QtSensors_qcompass_sip fileNode\nclass node_venv_lib_python3_12_site-packages_PyQt6_bindings_QtSensors_qgyroscope_sip fileNode\nclass node_venv_lib_python3_12_site-packages_PyQt6_bindings_QtSensors_qhumiditysensor_sip fileNode\nclass node_venv_lib_python3_12_site-packages_PyQt6_bindings_QtSensors_qirproximitysensor_sip fileNode\nclass node_venv_lib_python3_12_site-packages_PyQt6_bindings_QtSensors_qlidsensor_sip fileNode\nclass node_venv_lib_python3_12_site-packages_PyQt6_bindings_QtSensors_qlightsensor_sip fileNode\nclass node_venv_lib_python3_12_site-packages_PyQt6_bindings_QtSensors_qmagnetometer_sip fileNode\nclass node_venv_lib_python3_12_site-packages_PyQt6_bindings_QtSensors_qorientationsensor_sip fileNode\nclass node_venv_lib_python3_12_site-packages_PyQt6_bindings_QtSensors_qpressuresensor_sip fileNode\nclass node_venv_lib_python3_12_site-packages_PyQt6_bindings_QtSensors_qproximitysensor_sip fileNode\nclass node_venv_lib_python3_12_site-packages_PyQt6_bindings_QtSensors_qrotationsensor_sip fileNode\nclass node_venv_lib_python3_12_site-packages_PyQt6_bindings_QtSensors_qsensor_sip fileNode\nclass node_venv_lib_python3_12_site-packages_PyQt6_bindings_QtSensors_qtapsensor_sip fileNode\nclass node_venv_lib_python3_12_site-packages_PyQt6_bindings_QtSensors_qtiltsensor_sip fileNode\nclass node_venv_lib_python3_12_site-packages_PyQt6_bindings_QtPdf_QtPdf_toml configFile\nclass node_venv_lib_python3_12_site-packages_PyQt6_bindings_QtPdf_QtPdfmod_sip fileNode\nclass node_venv_lib_python3_12_site-packages_PyQt6_bindings_QtPdf_qpdfbookmarkmodel_sip fileNode\nclass node_venv_lib_python3_12_site-packages_PyQt6_bindings_QtPdf_qpdfdocument_sip fileNode\nclass node_venv_lib_python3_12_site-packages_PyQt6_bindings_QtPdf_qpdfdocumentrenderoptions_sip fileNode\nclass node_venv_lib_python3_12_site-packages_PyQt6_bindings_QtPdf_qpdflink_sip fileNode\nclass node_venv_lib_python3_12_site-packages_PyQt6_bindings_QtPdf_qpdflinkmodel_sip fileNode\nclass node_venv_lib_python3_12_site-packages_PyQt6_bindings_QtPdf_qpdfpagenavigator_sip fileNode\nclass node_venv_lib_python3_12_site-packages_PyQt6_bindings_QtPdf_qpdfpagerenderer_sip fileNode\nclass node_venv_lib_python3_12_site-packages_PyQt6_bindings_QtPdf_qpdfsearchmodel_sip fileNode\nclass node_venv_lib_python3_12_site-packages_PyQt6_bindings_QtPdf_qpdfselection_sip fileNode\nclass node_venv_lib_python3_12_site-packages_PyQt6_bindings_QtOpenGLWidgets_QtOpenGLWidgets_toml configFile\nclass node_venv_lib_python3_12_site-packages_PyQt6_bindings_QtOpenGLWidgets_QtOpenGLWidgetsmod_sip fileNode\nclass node_venv_lib_python3_12_site-packages_PyQt6_bindings_QtOpenGLWidgets_qopenglwidget_sip fileNode\nclass node_venv_lib_python3_12_site-packages_PyQt6_bindings_QtGui_QtGui_toml configFile\nclass node_venv_lib_python3_12_site-packages_PyQt6_bindings_QtGui_QtGuimod_sip fileNode\nclass node_venv_lib_python3_12_site-packages_PyQt6_bindings_QtGui_opengl_types_sip fileNode\nclass node_venv_lib_python3_12_site-packages_PyQt6_bindings_QtGui_qabstractfileiconprovider_sip fileNode\nclass node_venv_lib_python3_12_site-packages_PyQt6_bindings_QtGui_qabstracttextdocumentlayout_sip fileNode\nclass node_venv_lib_python3_12_site-packages_PyQt6_bindings_QtGui_qaccessibilityhints_sip fileNode\nclass node_venv_lib_python3_12_site-packages_PyQt6_bindings_QtGui_qaction_sip fileNode\nclass node_venv_lib_python3_12_site-packages_PyQt6_bindings_QtGui_qactiongroup_sip fileNode\nclass node_venv_lib_python3_12_site-packages_PyQt6_bindings_QtGui_qbackingstore_sip fileNode\nclass node_venv_lib_python3_12_site-packages_PyQt6_bindings_QtGui_qbitmap_sip fileNode\nclass node_venv_lib_python3_12_site-packages_PyQt6_bindings_QtGui_qbrush_sip fileNode\nclass node_venv_lib_python3_12_site-packages_PyQt6_bindings_QtGui_qclipboard_sip fileNode\nclass node_venv_lib_python3_12_site-packages_PyQt6_bindings_QtGui_qcolor_sip fileNode\nclass node_venv_lib_python3_12_site-packages_PyQt6_bindings_QtGui_qcolorspace_sip fileNode\nclass node_venv_lib_python3_12_site-packages_PyQt6_bindings_QtGui_qcolortransform_sip fileNode\nclass node_venv_lib_python3_12_site-packages_PyQt6_bindings_QtGui_qcursor_sip fileNode\nclass node_venv_lib_python3_12_site-packages_PyQt6_bindings_QtGui_qdesktopservices_sip fileNode\nclass node_venv_lib_python3_12_site-packages_PyQt6_bindings_QtGui_qdrag_sip fileNode\nclass node_venv_lib_python3_12_site-packages_PyQt6_bindings_QtGui_qevent_sip fileNode\nclass node_venv_lib_python3_12_site-packages_PyQt6_bindings_QtGui_qeventpoint_sip fileNode\nclass node_venv_lib_python3_12_site-packages_PyQt6_bindings_QtGui_qfilesystemmodel_sip fileNode\nclass node_venv_lib_python3_12_site-packages_PyQt6_bindings_QtGui_qfont_sip fileNode\nclass node_venv_lib_python3_12_site-packages_PyQt6_bindings_QtGui_qfontdatabase_sip fileNode\nclass node_venv_lib_python3_12_site-packages_PyQt6_bindings_QtGui_qfontinfo_sip fileNode\nclass node_venv_lib_python3_12_site-packages_PyQt6_bindings_QtGui_qfontmetrics_sip fileNode\nclass node_venv_lib_python3_12_site-packages_PyQt6_bindings_QtGui_qfontvariableaxis_sip fileNode\nclass node_venv_lib_python3_12_site-packages_PyQt6_bindings_QtGui_qgenericmatrix_sip fileNode\nclass node_venv_lib_python3_12_site-packages_PyQt6_bindings_QtGui_qglyphrun_sip fileNode\nclass node_venv_lib_python3_12_site-packages_PyQt6_bindings_QtGui_qguiapplication_sip fileNode\nclass node_venv_lib_python3_12_site-packages_PyQt6_bindings_QtGui_qicon_sip fileNode\nclass node_venv_lib_python3_12_site-packages_PyQt6_bindings_QtGui_qiconengine_sip fileNode\nclass node_venv_lib_python3_12_site-packages_PyQt6_bindings_QtGui_qimage_sip fileNode\nclass node_venv_lib_python3_12_site-packages_PyQt6_bindings_QtGui_qimageiohandler_sip fileNode\nclass node_venv_lib_python3_12_site-packages_PyQt6_bindings_QtGui_qimagereader_sip fileNode\nclass node_venv_lib_python3_12_site-packages_PyQt6_bindings_QtGui_qimagewriter_sip fileNode\nclass node_venv_lib_python3_12_site-packages_PyQt6_bindings_QtGui_qinputdevice_sip fileNode\nclass node_venv_lib_python3_12_site-packages_PyQt6_bindings_QtGui_qinputmethod_sip fileNode\nclass node_venv_lib_python3_12_site-packages_PyQt6_bindings_QtGui_qkeysequence_sip fileNode\nclass node_venv_lib_python3_12_site-packages_PyQt6_bindings_QtGui_qmatrix4x4_sip fileNode\nclass node_venv_lib_python3_12_site-packages_PyQt6_bindings_QtGui_qmovie_sip fileNode\nclass node_venv_lib_python3_12_site-packages_PyQt6_bindings_QtGui_qoffscreensurface_sip fileNode\nclass node_venv_lib_python3_12_site-packages_PyQt6_bindings_QtGui_qopenglcontext_sip fileNode\nclass node_venv_lib_python3_12_site-packages_PyQt6_bindings_QtGui_qpagedpaintdevice_sip fileNode\nclass node_venv_lib_python3_12_site-packages_PyQt6_bindings_QtGui_qpagelayout_sip fileNode\nclass node_venv_lib_python3_12_site-packages_PyQt6_bindings_QtGui_qpageranges_sip fileNode\nclass node_venv_lib_python3_12_site-packages_PyQt6_bindings_QtGui_qpagesize_sip fileNode\nclass node_venv_lib_python3_12_site-packages_PyQt6_bindings_QtGui_qpaintdevice_sip fileNode\nclass node_venv_lib_python3_12_site-packages_PyQt6_bindings_QtGui_qpaintdevicewindow_sip fileNode\nclass node_venv_lib_python3_12_site-packages_PyQt6_bindings_QtGui_qpaintengine_sip fileNode\nclass node_venv_lib_python3_12_site-packages_PyQt6_bindings_QtGui_qpainter_sip fileNode\nclass node_venv_lib_python3_12_site-packages_PyQt6_bindings_QtGui_qpainterpath_sip fileNode\nclass node_venv_lib_python3_12_site-packages_PyQt6_bindings_QtGui_qpainterstateguard_sip fileNode\nclass node_venv_lib_python3_12_site-packages_PyQt6_bindings_QtGui_qpalette_sip fileNode\nclass node_venv_lib_python3_12_site-packages_PyQt6_bindings_QtGui_qpdfoutputintent_sip fileNode\nclass node_venv_lib_python3_12_site-packages_PyQt6_bindings_QtGui_qpdfwriter_sip fileNode\nclass node_venv_lib_python3_12_site-packages_PyQt6_bindings_QtGui_qpen_sip fileNode\nclass node_venv_lib_python3_12_site-packages_PyQt6_bindings_QtGui_qpicture_sip fileNode\nclass node_venv_lib_python3_12_site-packages_PyQt6_bindings_QtGui_qpixelformat_sip fileNode\nclass node_venv_lib_python3_12_site-packages_PyQt6_bindings_QtGui_qpixmap_sip fileNode\nclass node_venv_lib_python3_12_site-packages_PyQt6_bindings_QtGui_qpixmapcache_sip fileNode\nclass node_venv_lib_python3_12_site-packages_PyQt6_bindings_QtGui_qpointingdevice_sip fileNode\nclass node_venv_lib_python3_12_site-packages_PyQt6_bindings_QtGui_qpolygon_sip fileNode\nclass node_venv_lib_python3_12_site-packages_PyQt6_bindings_QtGui_qpygui_native_interface_sip fileNode\nclass node_venv_lib_python3_12_site-packages_PyQt6_bindings_QtGui_qpygui_qlist_sip fileNode\nclass node_venv_lib_python3_12_site-packages_PyQt6_bindings_QtGui_qpygui_vulkan_sip fileNode\nclass node_venv_lib_python3_12_site-packages_PyQt6_bindings_QtGui_qquaternion_sip fileNode\nclass node_venv_lib_python3_12_site-packages_PyQt6_bindings_QtGui_qrasterwindow_sip fileNode\nclass node_venv_lib_python3_12_site-packages_PyQt6_bindings_QtGui_qrawfont_sip fileNode\nclass node_venv_lib_python3_12_site-packages_PyQt6_bindings_QtGui_qregion_sip fileNode\nclass node_venv_lib_python3_12_site-packages_PyQt6_bindings_QtGui_qrgb_sip fileNode\nclass node_venv_lib_python3_12_site-packages_PyQt6_bindings_QtGui_qrgba64_sip fileNode\nclass node_venv_lib_python3_12_site-packages_PyQt6_bindings_QtGui_qscreen_sip fileNode\nclass node_venv_lib_python3_12_site-packages_PyQt6_bindings_QtGui_qsessionmanager_sip fileNode\nclass node_venv_lib_python3_12_site-packages_PyQt6_bindings_QtGui_qshortcut_sip fileNode\nclass node_venv_lib_python3_12_site-packages_PyQt6_bindings_QtGui_qstandarditemmodel_sip fileNode\nclass node_venv_lib_python3_12_site-packages_PyQt6_bindings_QtGui_qstatictext_sip fileNode\nclass node_venv_lib_python3_12_site-packages_PyQt6_bindings_QtGui_qstylehints_sip fileNode\nclass node_venv_lib_python3_12_site-packages_PyQt6_bindings_QtGui_qsurface_sip fileNode\nclass node_venv_lib_python3_12_site-packages_PyQt6_bindings_QtGui_qsurfaceformat_sip fileNode\nclass node_venv_lib_python3_12_site-packages_PyQt6_bindings_QtGui_qsyntaxhighlighter_sip fileNode\nclass node_venv_lib_python3_12_site-packages_PyQt6_bindings_QtGui_qtextcursor_sip fileNode\nclass node_venv_lib_python3_12_site-packages_PyQt6_bindings_QtGui_qtextdocument_sip fileNode\nclass node_venv_lib_python3_12_site-packages_PyQt6_bindings_QtGui_qtextdocumentfragment_sip fileNode\nclass node_venv_lib_python3_12_site-packages_PyQt6_bindings_QtGui_qtextdocumentwriter_sip fileNode\nclass node_venv_lib_python3_12_site-packages_PyQt6_bindings_QtGui_qtextformat_sip fileNode\nclass node_venv_lib_python3_12_site-packages_PyQt6_bindings_QtGui_qtextlayout_sip fileNode\nclass node_venv_lib_python3_12_site-packages_PyQt6_bindings_QtGui_qtextlist_sip fileNode\nclass node_venv_lib_python3_12_site-packages_PyQt6_bindings_QtGui_qtextobject_sip fileNode\nclass node_venv_lib_python3_12_site-packages_PyQt6_bindings_QtGui_qtextoption_sip fileNode\nclass node_venv_lib_python3_12_site-packages_PyQt6_bindings_QtGui_qtexttable_sip fileNode\nclass node_venv_lib_python3_12_site-packages_PyQt6_bindings_QtGui_qtransform_sip fileNode\nclass node_venv_lib_python3_12_site-packages_PyQt6_bindings_QtGui_qundogroup_sip fileNode\nclass node_venv_lib_python3_12_site-packages_PyQt6_bindings_QtGui_qundostack_sip fileNode\nclass node_venv_lib_python3_12_site-packages_PyQt6_bindings_QtGui_qutimimeconverter_sip fileNode\nclass node_venv_lib_python3_12_site-packages_PyQt6_bindings_QtGui_qvalidator_sip fileNode\nclass node_venv_lib_python3_12_site-packages_PyQt6_bindings_QtGui_qvectornd_sip fileNode\nclass node_venv_lib_python3_12_site-packages_PyQt6_bindings_QtGui_qwindow_sip fileNode\nclass node_venv_lib_python3_12_site-packages_PyQt6_bindings_QtGui_qwindowdefs_sip fileNode\nclass node_venv_lib_python3_12_site-packages_PyQt6_bindings_QtNfc_QtNfc_toml configFile\nclass node_venv_lib_python3_12_site-packages_PyQt6_bindings_QtNfc_QtNfcmod_sip fileNode\nclass node_venv_lib_python3_12_site-packages_PyQt6_bindings_QtNfc_qndeffilter_sip fileNode\nclass node_venv_lib_python3_12_site-packages_PyQt6_bindings_QtNfc_qndefmessage_sip fileNode\nclass node_venv_lib_python3_12_site-packages_PyQt6_bindings_QtNfc_qndefnfcsmartposterrecord_sip fileNode\nclass node_venv_lib_python3_12_site-packages_PyQt6_bindings_QtNfc_qndefnfctextrecord_sip fileNode\nclass node_venv_lib_python3_12_site-packages_PyQt6_bindings_QtNfc_qndefnfcurirecord_sip fileNode\nclass node_venv_lib_python3_12_site-packages_PyQt6_bindings_QtNfc_qndefrecord_sip fileNode\nclass node_venv_lib_python3_12_site-packages_PyQt6_bindings_QtNfc_qnearfieldmanager_sip fileNode\nclass node_venv_lib_python3_12_site-packages_PyQt6_bindings_QtNfc_qnearfieldtarget_sip fileNode\nclass node_venv_lib_python3_12_site-packages_PyQt6_bindings_QtSerialPort_QtSerialPort_toml configFile\nclass node_venv_lib_python3_12_site-packages_PyQt6_bindings_QtSerialPort_QtSerialPortmod_sip fileNode\nclass node_venv_lib_python3_12_site-packages_PyQt6_bindings_QtSerialPort_qserialport_sip fileNode\nclass node_venv_lib_python3_12_site-packages_PyQt6_bindings_QtSerialPort_qserialportinfo_sip fileNode\nclass node_venv_lib_python3_12_site-packages_PyQt6_bindings_QtQuick_QtQuick_toml configFile\nclass node_venv_lib_python3_12_site-packages_PyQt6_bindings_QtQuick_QtQuickmod_sip fileNode\nclass node_venv_lib_python3_12_site-packages_PyQt6_bindings_QtQuick_qquickframebufferobject_sip fileNode\nclass node_venv_lib_python3_12_site-packages_PyQt6_bindings_QtQuick_qquickgraphicsconfiguration_sip fileNode\nclass node_venv_lib_python3_12_site-packages_PyQt6_bindings_QtQuick_qquickgraphicsdevice_sip fileNode\nclass node_venv_lib_python3_12_site-packages_PyQt6_bindings_QtQuick_qquickimageprovider_sip fileNode\nclass node_venv_lib_python3_12_site-packages_PyQt6_bindings_QtQuick_qquickitem_sip fileNode\nclass node_venv_lib_python3_12_site-packages_PyQt6_bindings_QtQuick_qquickitemgrabresult_sip fileNode\nclass node_venv_lib_python3_12_site-packages_PyQt6_bindings_QtQuick_qquickpainteditem_sip fileNode\nclass node_venv_lib_python3_12_site-packages_PyQt6_bindings_QtQuick_qquickrendercontrol_sip fileNode\nclass node_venv_lib_python3_12_site-packages_PyQt6_bindings_QtQuick_qquickrendertarget_sip fileNode\nclass node_venv_lib_python3_12_site-packages_PyQt6_bindings_QtQuick_qquicktextdocument_sip fileNode\nclass node_venv_lib_python3_12_site-packages_PyQt6_bindings_QtQuick_qquickview_sip fileNode\nclass node_venv_lib_python3_12_site-packages_PyQt6_bindings_QtQuick_qquickwindow_sip fileNode\nclass node_venv_lib_python3_12_site-packages_PyQt6_bindings_QtQuick_qsgflatcolormaterial_sip fileNode\nclass node_venv_lib_python3_12_site-packages_PyQt6_bindings_QtQuick_qsggeometry_sip fileNode\nclass node_venv_lib_python3_12_site-packages_PyQt6_bindings_QtQuick_qsgimagenode_sip fileNode\nclass node_venv_lib_python3_12_site-packages_PyQt6_bindings_QtQuick_qsgmaterial_sip fileNode\nclass node_venv_lib_python3_12_site-packages_PyQt6_bindings_QtQuick_qsgmaterialshader_sip fileNode\nclass node_venv_lib_python3_12_site-packages_PyQt6_bindings_QtQuick_qsgmaterialtype_sip fileNode\nclass node_venv_lib_python3_12_site-packages_PyQt6_bindings_QtQuick_qsgnode_sip fileNode\nclass node_venv_lib_python3_12_site-packages_PyQt6_bindings_QtQuick_qsgrectanglenode_sip fileNode\nclass node_venv_lib_python3_12_site-packages_PyQt6_bindings_QtQuick_qsgrendererinterface_sip fileNode\nclass node_venv_lib_python3_12_site-packages_PyQt6_bindings_QtQuick_qsgrendernode_sip fileNode\nclass node_venv_lib_python3_12_site-packages_PyQt6_bindings_QtQuick_qsgsimplerectnode_sip fileNode\nclass node_venv_lib_python3_12_site-packages_PyQt6_bindings_QtQuick_qsgsimpletexturenode_sip fileNode\nclass node_venv_lib_python3_12_site-packages_PyQt6_bindings_QtQuick_qsgtextnode_sip fileNode\nclass node_venv_lib_python3_12_site-packages_PyQt6_bindings_QtQuick_qsgtexture_sip fileNode\nclass node_venv_lib_python3_12_site-packages_PyQt6_bindings_QtQuick_qsgtexture_platform_sip fileNode\nclass node_venv_lib_python3_12_site-packages_PyQt6_bindings_QtQuick_qsgtexturematerial_sip fileNode\nclass node_venv_lib_python3_12_site-packages_PyQt6_bindings_QtQuick_qsgtextureprovider_sip fileNode\nclass node_venv_lib_python3_12_site-packages_PyQt6_bindings_QtQuick_qsgvertexcolormaterial_sip fileNode\nclass node_venv_lib_python3_12_site-packages_PyQt6_bindings_QtDBus_QtDBus_toml configFile\nclass node_venv_lib_python3_12_site-packages_PyQt6_bindings_QtDBus_QtDBusmod_sip fileNode\nclass node_venv_lib_python3_12_site-packages_PyQt6_bindings_QtDBus_qdbusabstractadaptor_sip fileNode\nclass node_venv_lib_python3_12_site-packages_PyQt6_bindings_QtDBus_qdbusabstractinterface_sip fileNode\nclass node_venv_lib_python3_12_site-packages_PyQt6_bindings_QtDBus_qdbusargument_sip fileNode\nclass node_venv_lib_python3_12_site-packages_PyQt6_bindings_QtDBus_qdbusconnection_sip fileNode\nclass node_venv_lib_python3_12_site-packages_PyQt6_bindings_QtDBus_qdbusconnectioninterface_sip fileNode\nclass node_venv_lib_python3_12_site-packages_PyQt6_bindings_QtDBus_qdbuserror_sip fileNode\nclass node_venv_lib_python3_12_site-packages_PyQt6_bindings_QtDBus_qdbusextratypes_sip fileNode\nclass node_venv_lib_python3_12_site-packages_PyQt6_bindings_QtDBus_qdbusinterface_sip fileNode\nclass node_venv_lib_python3_12_site-packages_PyQt6_bindings_QtDBus_qdbusmessage_sip fileNode\nclass node_venv_lib_python3_12_site-packages_PyQt6_bindings_QtDBus_qdbuspendingcall_sip fileNode\nclass node_venv_lib_python3_12_site-packages_PyQt6_bindings_QtDBus_qdbusservicewatcher_sip fileNode\nclass node_venv_lib_python3_12_site-packages_PyQt6_bindings_QtDBus_qdbusunixfiledescriptor_sip fileNode\nclass node_venv_lib_python3_12_site-packages_PyQt6_bindings_QtDBus_qpydbuspendingreply_sip fileNode\nclass node_venv_lib_python3_12_site-packages_PyQt6_bindings_QtDBus_qpydbusreply_sip fileNode\nclass node_venv_lib_python3_12_site-packages_PyQt6_bindings_QtQuickWidgets_QtQuickWidgets_toml configFile\nclass node_venv_lib_python3_12_site-packages_PyQt6_bindings_QtQuickWidgets_QtQuickWidgetsmod_sip fileNode\nclass node_venv_lib_python3_12_site-packages_PyQt6_bindings_QtQuickWidgets_qquickwidget_sip fileNode\nclass node_venv_lib_python3_12_site-packages_PyQt6_bindings_QtWebChannel_QtWebChannel_toml configFile\nclass node_venv_lib_python3_12_site-packages_PyQt6_bindings_QtWebChannel_QtWebChannelmod_sip fileNode\nclass node_venv_lib_python3_12_site-packages_PyQt6_bindings_QtWebChannel_qwebchannel_sip fileNode\nclass node_venv_lib_python3_12_site-packages_PyQt6_bindings_QtWebChannel_qwebchannelabstracttransport_sip fileNode\nclass node_venv_lib_python3_12_site-packages_PyQt6_bindings_QtWidgets_QtWidgets_toml configFile\nclass node_venv_lib_python3_12_site-packages_PyQt6_bindings_QtWidgets_QtWidgetsmod_sip fileNode\nclass node_venv_lib_python3_12_site-packages_PyQt6_bindings_QtWidgets_qabstractbutton_sip fileNode\nclass node_venv_lib_python3_12_site-packages_PyQt6_bindings_QtWidgets_qabstractitemdelegate_sip fileNode\nclass node_venv_lib_python3_12_site-packages_PyQt6_bindings_QtWidgets_qabstractitemview_sip fileNode\nclass node_venv_lib_python3_12_site-packages_PyQt6_bindings_QtWidgets_qabstractscrollarea_sip fileNode\nclass node_venv_lib_python3_12_site-packages_PyQt6_bindings_QtWidgets_qabstractslider_sip fileNode\nclass node_venv_lib_python3_12_site-packages_PyQt6_bindings_QtWidgets_qabstractspinbox_sip fileNode\nclass node_venv_lib_python3_12_site-packages_PyQt6_bindings_QtWidgets_qapplication_sip fileNode\nclass node_venv_lib_python3_12_site-packages_PyQt6_bindings_QtWidgets_qboxlayout_sip fileNode\nclass node_venv_lib_python3_12_site-packages_PyQt6_bindings_QtWidgets_qbuttongroup_sip fileNode\nclass node_venv_lib_python3_12_site-packages_PyQt6_bindings_QtWidgets_qcalendarwidget_sip fileNode\nclass node_venv_lib_python3_12_site-packages_PyQt6_bindings_QtWidgets_qcheckbox_sip fileNode\nclass node_venv_lib_python3_12_site-packages_PyQt6_bindings_QtWidgets_qcolordialog_sip fileNode\nclass node_venv_lib_python3_12_site-packages_PyQt6_bindings_QtWidgets_qcolumnview_sip fileNode\nclass node_venv_lib_python3_12_site-packages_PyQt6_bindings_QtWidgets_qcombobox_sip fileNode\nclass node_venv_lib_python3_12_site-packages_PyQt6_bindings_QtWidgets_qcommandlinkbutton_sip fileNode\nclass node_venv_lib_python3_12_site-packages_PyQt6_bindings_QtWidgets_qcommonstyle_sip fileNode\nclass node_venv_lib_python3_12_site-packages_PyQt6_bindings_QtWidgets_qcompleter_sip fileNode\nclass node_venv_lib_python3_12_site-packages_PyQt6_bindings_QtWidgets_qdatawidgetmapper_sip fileNode\nclass node_venv_lib_python3_12_site-packages_PyQt6_bindings_QtWidgets_qdatetimeedit_sip fileNode\nclass node_venv_lib_python3_12_site-packages_PyQt6_bindings_QtWidgets_qdial_sip fileNode\nclass node_venv_lib_python3_12_site-packages_PyQt6_bindings_QtWidgets_qdialog_sip fileNode\nclass node_venv_lib_python3_12_site-packages_PyQt6_bindings_QtWidgets_qdialogbuttonbox_sip fileNode\nclass node_venv_lib_python3_12_site-packages_PyQt6_bindings_QtWidgets_qdockwidget_sip fileNode\nclass node_venv_lib_python3_12_site-packages_PyQt6_bindings_QtWidgets_qdrawutil_sip fileNode\nclass node_venv_lib_python3_12_site-packages_PyQt6_bindings_QtWidgets_qerrormessage_sip fileNode\nclass node_venv_lib_python3_12_site-packages_PyQt6_bindings_QtWidgets_qfiledialog_sip fileNode\nclass node_venv_lib_python3_12_site-packages_PyQt6_bindings_QtWidgets_qfileiconprovider_sip fileNode\nclass node_venv_lib_python3_12_site-packages_PyQt6_bindings_QtWidgets_qfilesystemmodel_sip fileNode\nclass node_venv_lib_python3_12_site-packages_PyQt6_bindings_QtWidgets_qfocusframe_sip fileNode\nclass node_venv_lib_python3_12_site-packages_PyQt6_bindings_QtWidgets_qfontcombobox_sip fileNode\nclass node_venv_lib_python3_12_site-packages_PyQt6_bindings_QtWidgets_qfontdialog_sip fileNode\nclass node_venv_lib_python3_12_site-packages_PyQt6_bindings_QtWidgets_qformlayout_sip fileNode\nclass node_venv_lib_python3_12_site-packages_PyQt6_bindings_QtWidgets_qframe_sip fileNode\nclass node_venv_lib_python3_12_site-packages_PyQt6_bindings_QtWidgets_qgesture_sip fileNode\nclass node_venv_lib_python3_12_site-packages_PyQt6_bindings_QtWidgets_qgesturerecognizer_sip fileNode\nclass node_venv_lib_python3_12_site-packages_PyQt6_bindings_QtWidgets_qgraphicsanchorlayout_sip fileNode\nclass node_venv_lib_python3_12_site-packages_PyQt6_bindings_QtWidgets_qgraphicseffect_sip fileNode\nclass node_venv_lib_python3_12_site-packages_PyQt6_bindings_QtWidgets_qgraphicsgridlayout_sip fileNode\nclass node_venv_lib_python3_12_site-packages_PyQt6_bindings_QtWidgets_qgraphicsitem_sip fileNode\nclass node_venv_lib_python3_12_site-packages_PyQt6_bindings_QtWidgets_qgraphicslayout_sip fileNode\nclass node_venv_lib_python3_12_site-packages_PyQt6_bindings_QtWidgets_qgraphicslayoutitem_sip fileNode\nclass node_venv_lib_python3_12_site-packages_PyQt6_bindings_QtWidgets_qgraphicslinearlayout_sip fileNode\nclass node_venv_lib_python3_12_site-packages_PyQt6_bindings_QtWidgets_qgraphicsproxywidget_sip fileNode\nclass node_venv_lib_python3_12_site-packages_PyQt6_bindings_QtWidgets_qgraphicsscene_sip fileNode\nclass node_venv_lib_python3_12_site-packages_PyQt6_bindings_QtWidgets_qgraphicssceneevent_sip fileNode\nclass node_venv_lib_python3_12_site-packages_PyQt6_bindings_QtWidgets_qgraphicstransform_sip fileNode\nclass node_venv_lib_python3_12_site-packages_PyQt6_bindings_QtWidgets_qgraphicsview_sip fileNode\nclass node_venv_lib_python3_12_site-packages_PyQt6_bindings_QtWidgets_qgraphicswidget_sip fileNode\nclass node_venv_lib_python3_12_site-packages_PyQt6_bindings_QtWidgets_qgridlayout_sip fileNode\nclass node_venv_lib_python3_12_site-packages_PyQt6_bindings_QtWidgets_qgroupbox_sip fileNode\nclass node_venv_lib_python3_12_site-packages_PyQt6_bindings_QtWidgets_qheaderview_sip fileNode\nclass node_venv_lib_python3_12_site-packages_PyQt6_bindings_QtWidgets_qinputdialog_sip fileNode\nclass node_venv_lib_python3_12_site-packages_PyQt6_bindings_QtWidgets_qitemdelegate_sip fileNode\nclass node_venv_lib_python3_12_site-packages_PyQt6_bindings_QtWidgets_qitemeditorfactory_sip fileNode\nclass node_venv_lib_python3_12_site-packages_PyQt6_bindings_QtWidgets_qkeysequenceedit_sip fileNode\nclass node_venv_lib_python3_12_site-packages_PyQt6_bindings_QtWidgets_qlabel_sip fileNode\nclass node_venv_lib_python3_12_site-packages_PyQt6_bindings_QtWidgets_qlayout_sip fileNode\nclass node_venv_lib_python3_12_site-packages_PyQt6_bindings_QtWidgets_qlayoutitem_sip fileNode\nclass node_venv_lib_python3_12_site-packages_PyQt6_bindings_QtWidgets_qlcdnumber_sip fileNode\nclass node_venv_lib_python3_12_site-packages_PyQt6_bindings_QtWidgets_qlineedit_sip fileNode\nclass node_venv_lib_python3_12_site-packages_PyQt6_bindings_QtWidgets_qlistview_sip fileNode\nclass node_venv_lib_python3_12_site-packages_PyQt6_bindings_QtWidgets_qlistwidget_sip fileNode\nclass node_venv_lib_python3_12_site-packages_PyQt6_bindings_QtWidgets_qmainwindow_sip fileNode\nclass node_venv_lib_python3_12_site-packages_PyQt6_bindings_QtWidgets_qmdiarea_sip fileNode\nclass node_venv_lib_python3_12_site-packages_PyQt6_bindings_QtWidgets_qmdisubwindow_sip fileNode\nclass node_venv_lib_python3_12_site-packages_PyQt6_bindings_QtWidgets_qmenu_sip fileNode\nclass node_venv_lib_python3_12_site-packages_PyQt6_bindings_QtWidgets_qmenubar_sip fileNode\nclass node_venv_lib_python3_12_site-packages_PyQt6_bindings_QtWidgets_qmessagebox_sip fileNode\nclass node_venv_lib_python3_12_site-packages_PyQt6_bindings_QtWidgets_qplaintextedit_sip fileNode\nclass node_venv_lib_python3_12_site-packages_PyQt6_bindings_QtWidgets_qprogressbar_sip fileNode\nclass node_venv_lib_python3_12_site-packages_PyQt6_bindings_QtWidgets_qprogressdialog_sip fileNode\nclass node_venv_lib_python3_12_site-packages_PyQt6_bindings_QtWidgets_qproxystyle_sip fileNode\nclass node_venv_lib_python3_12_site-packages_PyQt6_bindings_QtWidgets_qpushbutton_sip fileNode\nclass node_venv_lib_python3_12_site-packages_PyQt6_bindings_QtWidgets_qpywidgets_qlist_sip fileNode\nclass node_venv_lib_python3_12_site-packages_PyQt6_bindings_QtWidgets_qradiobutton_sip fileNode\nclass node_venv_lib_python3_12_site-packages_PyQt6_bindings_QtWidgets_qrubberband_sip fileNode\nclass node_venv_lib_python3_12_site-packages_PyQt6_bindings_QtWidgets_qscrollarea_sip fileNode\nclass node_venv_lib_python3_12_site-packages_PyQt6_bindings_QtWidgets_qscrollbar_sip fileNode\nclass node_venv_lib_python3_12_site-packages_PyQt6_bindings_QtWidgets_qscroller_sip fileNode\nclass node_venv_lib_python3_12_site-packages_PyQt6_bindings_QtWidgets_qscrollerproperties_sip fileNode\nclass node_venv_lib_python3_12_site-packages_PyQt6_bindings_QtWidgets_qsizegrip_sip fileNode\nclass node_venv_lib_python3_12_site-packages_PyQt6_bindings_QtWidgets_qsizepolicy_sip fileNode\nclass node_venv_lib_python3_12_site-packages_PyQt6_bindings_QtWidgets_qslider_sip fileNode\nclass node_venv_lib_python3_12_site-packages_PyQt6_bindings_QtWidgets_qspinbox_sip fileNode\nclass node_venv_lib_python3_12_site-packages_PyQt6_bindings_QtWidgets_qsplashscreen_sip fileNode\nclass node_venv_lib_python3_12_site-packages_PyQt6_bindings_QtWidgets_qsplitter_sip fileNode\nclass node_venv_lib_python3_12_site-packages_PyQt6_bindings_QtWidgets_qstackedlayout_sip fileNode\nclass node_venv_lib_python3_12_site-packages_PyQt6_bindings_QtWidgets_qstackedwidget_sip fileNode\nclass node_venv_lib_python3_12_site-packages_PyQt6_bindings_QtWidgets_qstatusbar_sip fileNode\nclass node_venv_lib_python3_12_site-packages_PyQt6_bindings_QtWidgets_qstyle_sip fileNode\nclass node_venv_lib_python3_12_site-packages_PyQt6_bindings_QtWidgets_qstyleditemdelegate_sip fileNode\nclass node_venv_lib_python3_12_site-packages_PyQt6_bindings_QtWidgets_qstylefactory_sip fileNode\nclass node_venv_lib_python3_12_site-packages_PyQt6_bindings_QtWidgets_qstyleoption_sip fileNode\nclass node_venv_lib_python3_12_site-packages_PyQt6_bindings_QtWidgets_qstylepainter_sip fileNode\nclass node_venv_lib_python3_12_site-packages_PyQt6_bindings_QtWidgets_qsystemtrayicon_sip fileNode\nclass node_venv_lib_python3_12_site-packages_PyQt6_bindings_QtWidgets_qtabbar_sip fileNode\nclass node_venv_lib_python3_12_site-packages_PyQt6_bindings_QtWidgets_qtableview_sip fileNode\nclass node_venv_lib_python3_12_site-packages_PyQt6_bindings_QtWidgets_qtablewidget_sip fileNode\nclass node_venv_lib_python3_12_site-packages_PyQt6_bindings_QtWidgets_qtabwidget_sip fileNode\nclass node_venv_lib_python3_12_site-packages_PyQt6_bindings_QtWidgets_qtextbrowser_sip fileNode\nclass node_venv_lib_python3_12_site-packages_PyQt6_bindings_QtWidgets_qtextedit_sip fileNode\nclass node_venv_lib_python3_12_site-packages_PyQt6_bindings_QtWidgets_qtoolbar_sip fileNode\nclass node_venv_lib_python3_12_site-packages_PyQt6_bindings_QtWidgets_qtoolbox_sip fileNode\nclass node_venv_lib_python3_12_site-packages_PyQt6_bindings_QtWidgets_qtoolbutton_sip fileNode\nclass node_venv_lib_python3_12_site-packages_PyQt6_bindings_QtWidgets_qtooltip_sip fileNode\nclass node_venv_lib_python3_12_site-packages_PyQt6_bindings_QtWidgets_qtreeview_sip fileNode\nclass node_venv_lib_python3_12_site-packages_PyQt6_bindings_QtWidgets_qtreewidget_sip fileNode\nclass node_venv_lib_python3_12_site-packages_PyQt6_bindings_QtWidgets_qtreewidgetitemiterator_sip fileNode\nclass node_venv_lib_python3_12_site-packages_PyQt6_bindings_QtWidgets_qundoview_sip fileNode\nclass node_venv_lib_python3_12_site-packages_PyQt6_bindings_QtWidgets_qwhatsthis_sip fileNode\nclass node_venv_lib_python3_12_site-packages_PyQt6_bindings_QtWidgets_qwidget_sip fileNode\nclass node_venv_lib_python3_12_site-packages_PyQt6_bindings_QtWidgets_qwidgetaction_sip fileNode\nclass node_venv_lib_python3_12_site-packages_PyQt6_bindings_QtWidgets_qwizard_sip fileNode\nclass node_venv_lib_python3_12_site-packages_PyQt6_bindings_QtSql_QtSql_toml configFile\nclass node_venv_lib_python3_12_site-packages_PyQt6_bindings_QtSql_QtSqlmod_sip fileNode\nclass node_venv_lib_python3_12_site-packages_PyQt6_bindings_QtSql_qsqldatabase_sip fileNode\nclass node_venv_lib_python3_12_site-packages_PyQt6_bindings_QtSql_qsqldriver_sip fileNode\nclass node_venv_lib_python3_12_site-packages_PyQt6_bindings_QtSql_qsqlerror_sip fileNode\nclass node_venv_lib_python3_12_site-packages_PyQt6_bindings_QtSql_qsqlfield_sip fileNode\nclass node_venv_lib_python3_12_site-packages_PyQt6_bindings_QtSql_qsqlindex_sip fileNode\nclass node_venv_lib_python3_12_site-packages_PyQt6_bindings_QtSql_qsqlquery_sip fileNode\nclass node_venv_lib_python3_12_site-packages_PyQt6_bindings_QtSql_qsqlquerymodel_sip fileNode\nclass node_venv_lib_python3_12_site-packages_PyQt6_bindings_QtSql_qsqlrecord_sip fileNode\nclass node_venv_lib_python3_12_site-packages_PyQt6_bindings_QtSql_qsqlrelationaldelegate_sip fileNode\nclass node_venv_lib_python3_12_site-packages_PyQt6_bindings_QtSql_qsqlrelationaltablemodel_sip fileNode\nclass node_venv_lib_python3_12_site-packages_PyQt6_bindings_QtSql_qsqlresult_sip fileNode\nclass node_venv_lib_python3_12_site-packages_PyQt6_bindings_QtSql_qsqltablemodel_sip fileNode\nclass node_venv_lib_python3_12_site-packages_PyQt6_bindings_QtSql_qtsqlglobal_sip fileNode\nclass node_venv_lib_python3_12_site-packages_PyQt6_bindings_QtMultimedia_QtMultimedia_toml configFile\nclass node_venv_lib_python3_12_site-packages_PyQt6_bindings_QtMultimedia_QtMultimediamod_sip fileNode\nclass node_venv_lib_python3_12_site-packages_PyQt6_bindings_QtMultimedia_qaudio_sip fileNode\nclass node_venv_lib_python3_12_site-packages_PyQt6_bindings_QtMultimedia_qaudiobuffer_sip fileNode\nclass node_venv_lib_python3_12_site-packages_PyQt6_bindings_QtMultimedia_qaudiobufferinput_sip fileNode\nclass node_venv_lib_python3_12_site-packages_PyQt6_bindings_QtMultimedia_qaudiobufferoutput_sip fileNode\nclass node_venv_lib_python3_12_site-packages_PyQt6_bindings_QtMultimedia_qaudiodecoder_sip fileNode\nclass node_venv_lib_python3_12_site-packages_PyQt6_bindings_QtMultimedia_qaudiodevice_sip fileNode\nclass node_venv_lib_python3_12_site-packages_PyQt6_bindings_QtMultimedia_qaudioformat_sip fileNode\nclass node_venv_lib_python3_12_site-packages_PyQt6_bindings_QtMultimedia_qaudioinput_sip fileNode\nclass node_venv_lib_python3_12_site-packages_PyQt6_bindings_QtMultimedia_qaudiooutput_sip fileNode\nclass node_venv_lib_python3_12_site-packages_PyQt6_bindings_QtMultimedia_qaudiosink_sip fileNode\nclass node_venv_lib_python3_12_site-packages_PyQt6_bindings_QtMultimedia_qaudiosource_sip fileNode\nclass node_venv_lib_python3_12_site-packages_PyQt6_bindings_QtMultimedia_qcamera_sip fileNode\nclass node_venv_lib_python3_12_site-packages_PyQt6_bindings_QtMultimedia_qcameradevice_sip fileNode\nclass node_venv_lib_python3_12_site-packages_PyQt6_bindings_QtMultimedia_qcapturablewindow_sip fileNode\nclass node_venv_lib_python3_12_site-packages_PyQt6_bindings_QtMultimedia_qimagecapture_sip fileNode\nclass node_venv_lib_python3_12_site-packages_PyQt6_bindings_QtMultimedia_qmediacapturesession_sip fileNode\nclass node_venv_lib_python3_12_site-packages_PyQt6_bindings_QtMultimedia_qmediadevices_sip fileNode\nclass node_venv_lib_python3_12_site-packages_PyQt6_bindings_QtMultimedia_qmediaformat_sip fileNode\nclass node_venv_lib_python3_12_site-packages_PyQt6_bindings_QtMultimedia_qmediametadata_sip fileNode\nclass node_venv_lib_python3_12_site-packages_PyQt6_bindings_QtMultimedia_qmediaplayer_sip fileNode\nclass node_venv_lib_python3_12_site-packages_PyQt6_bindings_QtMultimedia_qmediarecorder_sip fileNode\nclass node_venv_lib_python3_12_site-packages_PyQt6_bindings_QtMultimedia_qmediatimerange_sip fileNode\nclass node_venv_lib_python3_12_site-packages_PyQt6_bindings_QtMultimedia_qplaybackoptions_sip fileNode\nclass node_venv_lib_python3_12_site-packages_PyQt6_bindings_QtMultimedia_qpymultimedia_qlist_sip fileNode\nclass node_venv_lib_python3_12_site-packages_PyQt6_bindings_QtMultimedia_qscreencapture_sip fileNode\nclass node_venv_lib_python3_12_site-packages_PyQt6_bindings_QtMultimedia_qsoundeffect_sip fileNode\nclass node_venv_lib_python3_12_site-packages_PyQt6_bindings_QtMultimedia_qtvideo_sip fileNode\nclass node_venv_lib_python3_12_site-packages_PyQt6_bindings_QtMultimedia_qvideoframe_sip fileNode\nclass node_venv_lib_python3_12_site-packages_PyQt6_bindings_QtMultimedia_qvideoframeformat_sip fileNode\nclass node_venv_lib_python3_12_site-packages_PyQt6_bindings_QtMultimedia_qvideoframeinput_sip fileNode\nclass node_venv_lib_python3_12_site-packages_PyQt6_bindings_QtMultimedia_qvideosink_sip fileNode\nclass node_venv_lib_python3_12_site-packages_PyQt6_bindings_QtMultimedia_qwindowcapture_sip fileNode\nclass node_venv_lib_python3_12_site-packages_PyQt6_bindings_QtSpatialAudio_QtSpatialAudio_toml configFile\nclass node_venv_lib_python3_12_site-packages_PyQt6_bindings_QtSpatialAudio_QtSpatialAudiomod_sip fileNode\nclass node_venv_lib_python3_12_site-packages_PyQt6_bindings_QtSpatialAudio_qambientsound_sip fileNode\nclass node_venv_lib_python3_12_site-packages_PyQt6_bindings_QtSpatialAudio_qaudioengine_sip fileNode\nclass node_venv_lib_python3_12_site-packages_PyQt6_bindings_QtSpatialAudio_qaudiolistener_sip fileNode\nclass node_venv_lib_python3_12_site-packages_PyQt6_bindings_QtSpatialAudio_qaudioroom_sip fileNode\nclass node_venv_lib_python3_12_site-packages_PyQt6_bindings_QtSpatialAudio_qspatialsound_sip fileNode\nclass node_venv_lib_python3_12_site-packages_PyQt6_bindings_QtPositioning_QtPositioning_toml configFile\nclass node_venv_lib_python3_12_site-packages_PyQt6_bindings_QtPositioning_QtPositioningmod_sip fileNode\nclass node_venv_lib_python3_12_site-packages_PyQt6_bindings_QtPositioning_qgeoaddress_sip fileNode\nclass node_venv_lib_python3_12_site-packages_PyQt6_bindings_QtPositioning_qgeoareamonitorinfo_sip fileNode\nclass node_venv_lib_python3_12_site-packages_PyQt6_bindings_QtPositioning_qgeoareamonitorsource_sip fileNode\nclass node_venv_lib_python3_12_site-packages_PyQt6_bindings_QtPositioning_qgeocircle_sip fileNode\nclass node_venv_lib_python3_12_site-packages_PyQt6_bindings_QtPositioning_qgeocoordinate_sip fileNode\nclass node_venv_lib_python3_12_site-packages_PyQt6_bindings_QtPositioning_qgeolocation_sip fileNode\nclass node_venv_lib_python3_12_site-packages_PyQt6_bindings_QtPositioning_qgeopath_sip fileNode\nclass node_venv_lib_python3_12_site-packages_PyQt6_bindings_QtPositioning_qgeopolygon_sip fileNode\nclass node_venv_lib_python3_12_site-packages_PyQt6_bindings_QtPositioning_qgeopositioninfo_sip fileNode\nclass node_venv_lib_python3_12_site-packages_PyQt6_bindings_QtPositioning_qgeopositioninfosource_sip fileNode\nclass node_venv_lib_python3_12_site-packages_PyQt6_bindings_QtPositioning_qgeorectangle_sip fileNode\nclass node_venv_lib_python3_12_site-packages_PyQt6_bindings_QtPositioning_qgeosatelliteinfo_sip fileNode\nclass node_venv_lib_python3_12_site-packages_PyQt6_bindings_QtPositioning_qgeosatelliteinfosource_sip fileNode\nclass node_venv_lib_python3_12_site-packages_PyQt6_bindings_QtPositioning_qgeoshape_sip fileNode\nclass node_venv_lib_python3_12_site-packages_PyQt6_bindings_QtPositioning_qnmeapositioninfosource_sip fileNode\nclass node_venv_lib_python3_12_site-packages_PyQt6_bindings_QtPositioning_qnmeasatelliteinfosource_sip fileNode\nclass node_venv_lib_python3_12_site-packages_PyQt6_bindings_QtTextToSpeech_QtTextToSpeech_toml configFile\nclass node_venv_lib_python3_12_site-packages_PyQt6_bindings_QtTextToSpeech_QtTextToSpeechmod_sip fileNode\nclass node_venv_lib_python3_12_site-packages_PyQt6_bindings_QtTextToSpeech_qtexttospeech_sip fileNode\nclass node_venv_lib_python3_12_site-packages_PyQt6_bindings_QtTextToSpeech_qvoice_sip fileNode\nclass node_venv_lib_python3_12_site-packages_PyQt6_bindings_QtCore_QtCore_toml configFile\nclass node_venv_lib_python3_12_site-packages_PyQt6_bindings_QtCore_QtCoremod_sip fileNode\nclass node_venv_lib_python3_12_site-packages_PyQt6_bindings_QtCore_pyqt-gpl_sip5 fileNode\nclass node_venv_lib_python3_12_site-packages_PyQt6_bindings_QtCore_qabstractanimation_sip fileNode\nclass node_venv_lib_python3_12_site-packages_PyQt6_bindings_QtCore_qabstracteventdispatcher_sip fileNode\nclass node_venv_lib_python3_12_site-packages_PyQt6_bindings_QtCore_qabstractitemmodel_sip fileNode\nclass node_venv_lib_python3_12_site-packages_PyQt6_bindings_QtCore_qabstractnativeeventfilter_sip fileNode\nclass node_venv_lib_python3_12_site-packages_PyQt6_bindings_QtCore_qabstractproxymodel_sip fileNode\nclass node_venv_lib_python3_12_site-packages_PyQt6_bindings_QtCore_qanimationgroup_sip fileNode\nclass node_venv_lib_python3_12_site-packages_PyQt6_bindings_QtCore_qanystringview_sip fileNode\nclass node_venv_lib_python3_12_site-packages_PyQt6_bindings_QtCore_qbasictimer_sip fileNode\nclass node_venv_lib_python3_12_site-packages_PyQt6_bindings_QtCore_qbitarray_sip fileNode\nclass node_venv_lib_python3_12_site-packages_PyQt6_bindings_QtCore_qbuffer_sip fileNode\nclass node_venv_lib_python3_12_site-packages_PyQt6_bindings_QtCore_qbytearray_sip fileNode\nclass node_venv_lib_python3_12_site-packages_PyQt6_bindings_QtCore_qbytearrayalgorithms_sip fileNode\nclass node_venv_lib_python3_12_site-packages_PyQt6_bindings_QtCore_qbytearraylist_sip fileNode\nclass node_venv_lib_python3_12_site-packages_PyQt6_bindings_QtCore_qbytearraymatcher_sip fileNode\nclass node_venv_lib_python3_12_site-packages_PyQt6_bindings_QtCore_qbytearrayview_sip fileNode\nclass node_venv_lib_python3_12_site-packages_PyQt6_bindings_QtCore_qcalendar_sip fileNode\nclass node_venv_lib_python3_12_site-packages_PyQt6_bindings_QtCore_qcborcommon_sip fileNode\nclass node_venv_lib_python3_12_site-packages_PyQt6_bindings_QtCore_qcborstreamreader_sip fileNode\nclass node_venv_lib_python3_12_site-packages_PyQt6_bindings_QtCore_qcborstreamwriter_sip fileNode\nclass node_venv_lib_python3_12_site-packages_PyQt6_bindings_QtCore_qchar_sip fileNode\nclass node_venv_lib_python3_12_site-packages_PyQt6_bindings_QtCore_qcollator_sip fileNode\nclass node_venv_lib_python3_12_site-packages_PyQt6_bindings_QtCore_qcommandlineoption_sip fileNode\nclass node_venv_lib_python3_12_site-packages_PyQt6_bindings_QtCore_qcommandlineparser_sip fileNode\nclass node_venv_lib_python3_12_site-packages_PyQt6_bindings_QtCore_qconcatenatetablesproxymodel_sip fileNode\nclass node_venv_lib_python3_12_site-packages_PyQt6_bindings_QtCore_qcoreapplication_sip fileNode\nclass node_venv_lib_python3_12_site-packages_PyQt6_bindings_QtCore_qcoreevent_sip fileNode\nclass node_venv_lib_python3_12_site-packages_PyQt6_bindings_QtCore_qcryptographichash_sip fileNode\nclass node_venv_lib_python3_12_site-packages_PyQt6_bindings_QtCore_qdatastream_sip fileNode\nclass node_venv_lib_python3_12_site-packages_PyQt6_bindings_QtCore_qdatetime_sip fileNode\nclass node_venv_lib_python3_12_site-packages_PyQt6_bindings_QtCore_qdeadlinetimer_sip fileNode\nclass node_venv_lib_python3_12_site-packages_PyQt6_bindings_QtCore_qdir_sip fileNode\nclass node_venv_lib_python3_12_site-packages_PyQt6_bindings_QtCore_qdiriterator_sip fileNode\nclass node_venv_lib_python3_12_site-packages_PyQt6_bindings_QtCore_qeasingcurve_sip fileNode\nclass node_venv_lib_python3_12_site-packages_PyQt6_bindings_QtCore_qelapsedtimer_sip fileNode\nclass node_venv_lib_python3_12_site-packages_PyQt6_bindings_QtCore_qeventloop_sip fileNode\nclass node_venv_lib_python3_12_site-packages_PyQt6_bindings_QtCore_qfile_sip fileNode\nclass node_venv_lib_python3_12_site-packages_PyQt6_bindings_QtCore_qfiledevice_sip fileNode\nclass node_venv_lib_python3_12_site-packages_PyQt6_bindings_QtCore_qfileinfo_sip fileNode\nclass node_venv_lib_python3_12_site-packages_PyQt6_bindings_QtCore_qfileselector_sip fileNode\nclass node_venv_lib_python3_12_site-packages_PyQt6_bindings_QtCore_qfilesystemwatcher_sip fileNode\nclass node_venv_lib_python3_12_site-packages_PyQt6_bindings_QtCore_qflags_sip fileNode\nclass node_venv_lib_python3_12_site-packages_PyQt6_bindings_QtCore_qglobal_sip fileNode\nclass node_venv_lib_python3_12_site-packages_PyQt6_bindings_QtCore_qidentityproxymodel_sip fileNode\nclass node_venv_lib_python3_12_site-packages_PyQt6_bindings_QtCore_qiodevice_sip fileNode\nclass node_venv_lib_python3_12_site-packages_PyQt6_bindings_QtCore_qiodevicebase_sip fileNode\nclass node_venv_lib_python3_12_site-packages_PyQt6_bindings_QtCore_qitemselectionmodel_sip fileNode\nclass node_venv_lib_python3_12_site-packages_PyQt6_bindings_QtCore_qjsonarray_sip fileNode\nclass node_venv_lib_python3_12_site-packages_PyQt6_bindings_QtCore_qjsondocument_sip fileNode\nclass node_venv_lib_python3_12_site-packages_PyQt6_bindings_QtCore_qjsonobject_sip fileNode\nclass node_venv_lib_python3_12_site-packages_PyQt6_bindings_QtCore_qjsonparseerror_sip fileNode\nclass node_venv_lib_python3_12_site-packages_PyQt6_bindings_QtCore_qjsonvalue_sip fileNode\nclass node_venv_lib_python3_12_site-packages_PyQt6_bindings_QtCore_qlibrary_sip fileNode\nclass node_venv_lib_python3_12_site-packages_PyQt6_bindings_QtCore_qlibraryinfo_sip fileNode\nclass node_venv_lib_python3_12_site-packages_PyQt6_bindings_QtCore_qline_sip fileNode\nclass node_venv_lib_python3_12_site-packages_PyQt6_bindings_QtCore_qlocale_sip fileNode\nclass node_venv_lib_python3_12_site-packages_PyQt6_bindings_QtCore_qlockfile_sip fileNode\nclass node_venv_lib_python3_12_site-packages_PyQt6_bindings_QtCore_qlogging_sip fileNode\nclass node_venv_lib_python3_12_site-packages_PyQt6_bindings_QtCore_qloggingcategory_sip fileNode\nclass node_venv_lib_python3_12_site-packages_PyQt6_bindings_QtCore_qmargins_sip fileNode\nclass node_venv_lib_python3_12_site-packages_PyQt6_bindings_QtCore_qmessageauthenticationcode_sip fileNode\nclass node_venv_lib_python3_12_site-packages_PyQt6_bindings_QtCore_qmetaobject_sip fileNode\nclass node_venv_lib_python3_12_site-packages_PyQt6_bindings_QtCore_qmetatype_sip fileNode\nclass node_venv_lib_python3_12_site-packages_PyQt6_bindings_QtCore_qmimedata_sip fileNode\nclass node_venv_lib_python3_12_site-packages_PyQt6_bindings_QtCore_qmimedatabase_sip fileNode\nclass node_venv_lib_python3_12_site-packages_PyQt6_bindings_QtCore_qmimetype_sip fileNode\nclass node_venv_lib_python3_12_site-packages_PyQt6_bindings_QtCore_qmutex_sip fileNode\nclass node_venv_lib_python3_12_site-packages_PyQt6_bindings_QtCore_qmutexlocker_sip fileNode\nclass node_venv_lib_python3_12_site-packages_PyQt6_bindings_QtCore_qnamespace_sip fileNode\nclass node_venv_lib_python3_12_site-packages_PyQt6_bindings_QtCore_qnumeric_sip fileNode\nclass node_venv_lib_python3_12_site-packages_PyQt6_bindings_QtCore_qobject_sip fileNode\nclass node_venv_lib_python3_12_site-packages_PyQt6_bindings_QtCore_qobjectcleanuphandler_sip fileNode\nclass node_venv_lib_python3_12_site-packages_PyQt6_bindings_QtCore_qobjectdefs_sip fileNode\nclass node_venv_lib_python3_12_site-packages_PyQt6_bindings_QtCore_qoperatingsystemversion_sip fileNode\nclass node_venv_lib_python3_12_site-packages_PyQt6_bindings_QtCore_qparallelanimationgroup_sip fileNode\nclass node_venv_lib_python3_12_site-packages_PyQt6_bindings_QtCore_qpauseanimation_sip fileNode\nclass node_venv_lib_python3_12_site-packages_PyQt6_bindings_QtCore_qpermissions_sip fileNode\nclass node_venv_lib_python3_12_site-packages_PyQt6_bindings_QtCore_qpluginloader_sip fileNode\nclass node_venv_lib_python3_12_site-packages_PyQt6_bindings_QtCore_qpoint_sip fileNode\nclass node_venv_lib_python3_12_site-packages_PyQt6_bindings_QtCore_qprocess_sip fileNode\nclass node_venv_lib_python3_12_site-packages_PyQt6_bindings_QtCore_qpropertyanimation_sip fileNode\nclass node_venv_lib_python3_12_site-packages_PyQt6_bindings_QtCore_qpycore_native_interface_sip fileNode\nclass node_venv_lib_python3_12_site-packages_PyQt6_bindings_QtCore_qpycore_qhash_sip fileNode\nclass node_venv_lib_python3_12_site-packages_PyQt6_bindings_QtCore_qpycore_qlist_sip fileNode\nclass node_venv_lib_python3_12_site-packages_PyQt6_bindings_QtCore_qpycore_qmap_sip fileNode\nclass node_venv_lib_python3_12_site-packages_PyQt6_bindings_QtCore_qpycore_qrangemodel_sip fileNode\nclass node_venv_lib_python3_12_site-packages_PyQt6_bindings_QtCore_qpycore_qset_sip fileNode\nclass node_venv_lib_python3_12_site-packages_PyQt6_bindings_QtCore_qpycore_std_chrono_duration_sip fileNode\nclass node_venv_lib_python3_12_site-packages_PyQt6_bindings_QtCore_qpycore_std_optional_sip fileNode\nclass node_venv_lib_python3_12_site-packages_PyQt6_bindings_QtCore_qpycore_std_pair_sip fileNode\nclass node_venv_lib_python3_12_site-packages_PyQt6_bindings_QtCore_qpycore_virtual_error_handler_sip fileNode\nclass node_venv_lib_python3_12_site-packages_PyQt6_bindings_QtCore_qrandom_sip fileNode\nclass node_venv_lib_python3_12_site-packages_PyQt6_bindings_QtCore_qrangemodel_sip fileNode\nclass node_venv_lib_python3_12_site-packages_PyQt6_bindings_QtCore_qreadwritelock_sip fileNode\nclass node_venv_lib_python3_12_site-packages_PyQt6_bindings_QtCore_qrect_sip fileNode\nclass node_venv_lib_python3_12_site-packages_PyQt6_bindings_QtCore_qregularexpression_sip fileNode\nclass node_venv_lib_python3_12_site-packages_PyQt6_bindings_QtCore_qresource_sip fileNode\nclass node_venv_lib_python3_12_site-packages_PyQt6_bindings_QtCore_qrunnable_sip fileNode\nclass node_venv_lib_python3_12_site-packages_PyQt6_bindings_QtCore_qsavefile_sip fileNode\nclass node_venv_lib_python3_12_site-packages_PyQt6_bindings_QtCore_qsemaphore_sip fileNode\nclass node_venv_lib_python3_12_site-packages_PyQt6_bindings_QtCore_qsequentialanimationgroup_sip fileNode\nclass node_venv_lib_python3_12_site-packages_PyQt6_bindings_QtCore_qsettings_sip fileNode\nclass node_venv_lib_python3_12_site-packages_PyQt6_bindings_QtCore_qsharedmemory_sip fileNode\nclass node_venv_lib_python3_12_site-packages_PyQt6_bindings_QtCore_qsignalmapper_sip fileNode\nclass node_venv_lib_python3_12_site-packages_PyQt6_bindings_QtCore_qsize_sip fileNode\nclass node_venv_lib_python3_12_site-packages_PyQt6_bindings_QtCore_qsocketnotifier_sip fileNode\nclass node_venv_lib_python3_12_site-packages_PyQt6_bindings_QtCore_qsortfilterproxymodel_sip fileNode\nclass node_venv_lib_python3_12_site-packages_PyQt6_bindings_QtCore_qstandardpaths_sip fileNode\nclass node_venv_lib_python3_12_site-packages_PyQt6_bindings_QtCore_qstorageinfo_sip fileNode\nclass node_venv_lib_python3_12_site-packages_PyQt6_bindings_QtCore_qstring_sip fileNode\nclass node_venv_lib_python3_12_site-packages_PyQt6_bindings_QtCore_qstringconverter_sip fileNode\nclass node_venv_lib_python3_12_site-packages_PyQt6_bindings_QtCore_qstringconverter_base_sip fileNode\nclass node_venv_lib_python3_12_site-packages_PyQt6_bindings_QtCore_qstringlist_sip fileNode\nclass node_venv_lib_python3_12_site-packages_PyQt6_bindings_QtCore_qstringlistmodel_sip fileNode\nclass node_venv_lib_python3_12_site-packages_PyQt6_bindings_QtCore_qstringview_sip fileNode\nclass node_venv_lib_python3_12_site-packages_PyQt6_bindings_QtCore_qsysinfo_sip fileNode\nclass node_venv_lib_python3_12_site-packages_PyQt6_bindings_QtCore_qsystemsemaphore_sip fileNode\nclass node_venv_lib_python3_12_site-packages_PyQt6_bindings_QtCore_qtemporarydir_sip fileNode\nclass node_venv_lib_python3_12_site-packages_PyQt6_bindings_QtCore_qtemporaryfile_sip fileNode\nclass node_venv_lib_python3_12_site-packages_PyQt6_bindings_QtCore_qtenvironmentvariables_sip fileNode\nclass node_venv_lib_python3_12_site-packages_PyQt6_bindings_QtCore_qtextboundaryfinder_sip fileNode\nclass node_venv_lib_python3_12_site-packages_PyQt6_bindings_QtCore_qtextstream_sip fileNode\nclass node_venv_lib_python3_12_site-packages_PyQt6_bindings_QtCore_qthread_sip fileNode\nclass node_venv_lib_python3_12_site-packages_PyQt6_bindings_QtCore_qthreadpool_sip fileNode\nclass node_venv_lib_python3_12_site-packages_PyQt6_bindings_QtCore_qtimeline_sip fileNode\nclass node_venv_lib_python3_12_site-packages_PyQt6_bindings_QtCore_qtimer_sip fileNode\nclass node_venv_lib_python3_12_site-packages_PyQt6_bindings_QtCore_qtimezone_sip fileNode\nclass node_venv_lib_python3_12_site-packages_PyQt6_bindings_QtCore_qtipccommon_sip fileNode\nclass node_venv_lib_python3_12_site-packages_PyQt6_bindings_QtCore_qtranslator_sip fileNode\nclass node_venv_lib_python3_12_site-packages_PyQt6_bindings_QtCore_qtransposeproxymodel_sip fileNode\nclass node_venv_lib_python3_12_site-packages_PyQt6_bindings_QtCore_qtversion_sip fileNode\nclass node_venv_lib_python3_12_site-packages_PyQt6_bindings_QtCore_qtyperevision_sip fileNode\nclass node_venv_lib_python3_12_site-packages_PyQt6_bindings_QtCore_qtypes_sip fileNode\nclass node_venv_lib_python3_12_site-packages_PyQt6_bindings_QtCore_qurl_sip fileNode\nclass node_venv_lib_python3_12_site-packages_PyQt6_bindings_QtCore_qurlquery_sip fileNode\nclass node_venv_lib_python3_12_site-packages_PyQt6_bindings_QtCore_quuid_sip fileNode\nclass node_venv_lib_python3_12_site-packages_PyQt6_bindings_QtCore_qvariant_sip fileNode\nclass node_venv_lib_python3_12_site-packages_PyQt6_bindings_QtCore_qvariantanimation_sip fileNode\nclass node_venv_lib_python3_12_site-packages_PyQt6_bindings_QtCore_qversionnumber_sip fileNode\nclass node_venv_lib_python3_12_site-packages_PyQt6_bindings_QtCore_qwaitcondition_sip fileNode\nclass node_venv_lib_python3_12_site-packages_PyQt6_bindings_QtCore_qwineventnotifier_sip fileNode\nclass node_venv_lib_python3_12_site-packages_PyQt6_bindings_QtCore_qxmlstream_sip fileNode\nclass node_venv_lib_python3_12_site-packages_PyQt6_bindings_QtCore_qyieldcpu_sip fileNode\nclass node_venv_lib_python3_12_site-packages_PyQt6_bindings_QtMultimediaWidgets_QtMultimediaWidgets_toml configFile\nclass node_venv_lib_python3_12_site-packages_PyQt6_bindings_QtMultimediaWidgets_QtMultimediaWidgetsmod_sip fileNode\nclass node_venv_lib_python3_12_site-packages_PyQt6_bindings_QtMultimediaWidgets_qgraphicsvideoitem_sip fileNode\nclass node_venv_lib_python3_12_site-packages_PyQt6_bindings_QtMultimediaWidgets_qvideowidget_sip fileNode\nclass node_venv_lib_python3_12_site-packages_PyQt6_bindings_QtTest_QtTest_toml configFile\nclass node_venv_lib_python3_12_site-packages_PyQt6_bindings_QtTest_QtTestmod_sip fileNode\nclass node_venv_lib_python3_12_site-packages_PyQt6_bindings_QtTest_qabstractitemmodeltester_sip fileNode\nclass node_venv_lib_python3_12_site-packages_PyQt6_bindings_QtTest_qsignalspy_sip fileNode\nclass node_venv_lib_python3_12_site-packages_PyQt6_bindings_QtTest_qtestkeyboard_sip fileNode\nclass node_venv_lib_python3_12_site-packages_PyQt6_bindings_QtTest_qtestmouse_sip fileNode\nclass node_venv_lib_python3_12_site-packages_PyQt6_bindings_QtTest_qtestsystem_sip fileNode\nclass node_venv_lib_python3_12_site-packages_PyQt6_bindings_QtPdfWidgets_QtPdfWidgets_toml configFile\nclass node_venv_lib_python3_12_site-packages_PyQt6_bindings_QtPdfWidgets_QtPdfWidgetsmod_sip fileNode\nclass node_venv_lib_python3_12_site-packages_PyQt6_bindings_QtPdfWidgets_qpdfpageselector_sip fileNode\nclass node_venv_lib_python3_12_site-packages_PyQt6_bindings_QtPdfWidgets_qpdfview_sip fileNode\n```\n\n## 12. Last Version Summary\n\n**Changes in `0.1.0`**:\n\nModified file: ndaversis.py\n\n## 13. Version History\n\n### Version 1.0.1 (2026-01-30 02:08:23)\n*Author: admin*\n\n#### Goals\nTest Goals\n\n#### Changes\nTest Change\n\n---\n\n### Version 1.0.1 (2026-01-30 02:00:53)\n*Author: admin*\n\n#### Goals\nTest Goals\n\n#### Changes\nTest Change\n\n---\n\n### Version 1.0.1 (2026-01-30 01:58:25)\n*Author: admin*\n\n#### Goals\nTest Goals\n\n#### Changes\nTest Change\n\n---\n\n### Version 1.0.1 (2026-01-30 01:57:36)\n*Author: admin*\n\n#### Goals\nTest Goals\n\n#### Changes\nTest Change\n\n---\n\n### Version 1.0.1 (2026-01-30 01:56:28)\n*Author: admin*\n\n#### Goals\nTest Goals\n\n#### Changes\nTest Change\n\n---\n\n### Version 1.0.1 (2026-01-30 01:56:09)\n*Author: admin*\n\n#### Goals\nTest Goals\n\n#### Changes\nTest Change\n\n---\n\n### Version 1.0.1 (2026-01-30 01:55:31)\n*Author: admin*\n\n#### Goals\nTest Goals\n\n#### Changes\nTest Change\n\n---\n\n### Version 1.0.1 (2026-01-30 01:54:32)\n*Author: admin*\n\n#### Goals\nTest Goals\n\n#### Changes\nTest Change\n\n---\n\n### Version 1.0.1 (2026-01-30 01:54:11)\n*Author: admin*\n\n#### Goals\nTest Goals\n\n#### Changes\nTest Change\n\n---\n\n### Version 1.0.1 (2026-01-30 01:52:54)\n*Author: admin*\n\n#### Goals\nTest Goals\n\n#### Changes\nTest Change\n\n---\n\n\n\n## 14. Contacts\n\nMaintainer: n@ndaotec.com\n\n## 15. Privacy & Terms\n\n*   **Privacy Policy:** See privacy policy file for details.\n\n## 16. Investor Relations\n\n> [!IMPORTANT]\n> For investment opportunities, please contact the project maintainers.\n\n## 17. Copyright\n\nndaotec.com. @ All rights reserved - Nikita Andreevich Drozdov. All rights belong to their respective owners.\n\n\n\n----- \n*This summary is auto-generated and reflects the state of the repository at the time of the last version update.*\n\n### Repository Metrics\n\n| Metric | Value |\n| :--- | :--- |\n| Total Lines | 6884 |\n| Code Lines | 5206 |\n| Comment Lines | 632 |\n| Blank Lines | 1046 |\n| Tabs | 0 |\n| Strings | 2679 |\n\n\n### Language Breakdown\n\n| Extension | Count |\n| :--- | :--- |\n| .md | 5 |\n| .py | 5 |\n| .txt | 5 |\n\n\n### Language Distribution\n\n```mermaid\npie title Language Distribution\n    ".md" : 5\n    ".py" : 5\n    ".txt" : 5\n```\n\n### File Statistics\n- **Total Files:** 15\n- **Python Files:** 5\n- **Repository Size:** 254.03 MB\n----- \n'

======================================================================
FAIL: test_readme_update_integration (tests_ndaversis.test_ndaversis.TestNdaversis.test_readme_update_integration)
Integration test for the README update process.
----------------------------------------------------------------------
Traceback (most recent call last):
  File "/opt/homebrew/Cellar/python@3.12/3.12.10/Frameworks/Python.framework/Versions/3.12/lib/python3.12/unittest/mock.py", line 1396, in patched
    return func(*newargs, **newkeywargs)
           ^^^^^^^^^^^^^^^^^^^^^^^^^^^^^
  File "/Users/admin/ndaversis/ndaversis/tests_ndaversis/test_ndaversis.py", line 133, in test_readme_update_integration
    self.assertIn("## Version 0.1.1", content)
AssertionError: '## Version 0.1.1' not found in '# NDAVERSIS: Agentic AI-powered Code Analytics and Infrastructure Platform (BETA Version)\n\n*Important*: NDAVERSIS is an experimental project under active development. \nMany things may not work exactly as intended.\n\n**Current Version:** `0.1.1`\n\n## 1. Description Summary\n\n<!-- AUTO-DESCRIPTION-START -->\n**Test Readme** is designed with a simple goal: to let you **\'set and forget\'** your documentation and versioning. It automatically generates and maintains an accurate README.md and manages semantic versioning directly within your code, ensuring your project info is always up-to-date even as you change the code. Whether you have an internet connection or not, it works locally to keep your repository professional and informative with zero manual effort.\n<!-- AUTO-DESCRIPTION-END -->\n\n## 2. Use Cases\n\n*   **Automated Release Cycles**: Integrate version management into CI/CD pipelines.\n*   **Dynamic Documentation Sync**: Ensure the repository\'s documentation always matches the latest architectural changes.\n*   **Offline Repository Health**: Audit codebase metrics and structure without needing external tool connectivity.\n*   **Standardized Versioning**: Enforce consistent versioning across projects automatically.\n\n### Use Case Diagram\n\n```mermaid\ngraph TD\n    Developer((Developer)) --> UC1(Update Version)\n    Developer --> UC2(Generate README)\n    Developer --> UC3(Audit Repository)\n    CI_CD((CI/CD System)) --> UC1\n    CI_CD --> UC2\n```\n\n## 3. User Stories\n\n*   **Maintainer**: As a maintainer, I want documentation to stay in sync with code automatically.\n*   **Developer**: As a developer, I want a clear map of project modules and dependencies.\n*   **DevOps Engineer**: As a DevOps engineer, I want automated version bumping on every release.\n\n### BPMN Diagram\n\n```mermaid\ngraph LR\n    Start((Start)) --> Analyze[Analyze Codebase]\n    Analyze --> Detect[Detect Changes]\n    Detect --> Bump[Suggest Version Bump]\n    Bump --> Docs[Update README]\n    Docs --> End((End))\n```\n\n## 4. FAQ\n\n*   **Q: Will this work without internet?**\n    **A:** Yes, core analysis and documentation logic works entirely offline.\n*   **Q: Does it update version?**\n    **A:** Yes, it scans and updates version strings automatically according to configured rules.\n\n## 5. How To\n\nContent will be available after the next automated analysis.\n\n## 6. Features\n\n*   **Automated Analysis**: Scans codebase for logic and metrics.\n*   **Dynamic Documentation**: Generates README content based on project state.\n*   **Semantic Versioning**: Automatically manages project versions.\n\n## 7. Requirements\n\n**Python Version**: 3.8 or higher required\n\n### Built-in Standard Library (Included with Python)\n```mermaid\ngraph LR\n    Python --> argparse & ast & collections & datetime & difflib & getpass & http & json & os & random & re & socketserver & subprocess & sys & threading & time & typing & unittest\n```\n\nThe following modules are part of Python\'s standard library:\n\n`argparse`, `ast`, `collections`, `datetime`, `difflib`, `getpass`, `http`, `json`, `os`, `random`, `re`, `socketserver`, `subprocess`, `sys`, `threading`, `time`, `typing`, `unittest`\n\n## 8. Install\n\n```bash\n# 1. Clone the repository\ngit clone https://github.com/lystwork/ndaversis.git\ncd ndaversis\n\n# 2. Install dependencies\npip install -r ndaversis_requirements.txt\n\n# 3. Run the tool\npython ndaversis.py\n```\n\n## 9. Modules Map\n\n*   **final_test_results.txt**: Project resource file\n*   **ndaversis.py**: NDAVERSIS: Agentic AI-powered Code Analytics and Infrastructure Platform (BETA Version).\n*   **ndaversis_privacy_policy.md**: Project resource file\n*   **ndaversis_readme.md**: Project resource file\n*   **readme.md**: Project resource file\n*   **task.txt**: Project resource file\n*   **test.txt**: Project resource file\n*   **test_failures.txt**: Project resource file\n*   **test_ndaversis.py**: Project resource file\n*   **test_ndaversis_readme.md**: Project resource file\n*   **test_results.txt**: Project resource file\n*   **dummy_readme.md**: Project resource file\n*   **dummycode.py**: Project resource file\n*   **test_ndaversis.py**: Project resource file\n*   **test_new_features.py**: Project resource file\n\n\n### Module Structure Diagram\n\n```mermaid\nclassDiagram\n    class RateLimiter {\n        +__init__()\n        +can_proceed()\n        +wait_if_needed()\n        +record_request()\n    }\n    class AIServiceManager {\n        +__init__()\n        +_initialize_providers()\n        +generate_content()\n    }\n    class AIService {\n        +__init__()\n        +_create_full_prompt()\n        +generate_content()\n    }\n    class GeminiService {\n        +__init__()\n        +generate_content()\n    }\n    class ChatGPTService {\n        +__init__()\n        +generate_content()\n    }\n    class ClaudeService {\n        +__init__()\n        +generate_content()\n    }\n    class DeepSeekService {\n        +__init__()\n        +generate_content()\n    }\n    class GroqService {\n        +__init__()\n        +generate_content()\n    }\n    class OpenRouterService {\n        +__init__()\n        +generate_content()\n    }\n    class MistralService {\n        +__init__()\n        +generate_content()\n    }\n    class QwenService {\n        +__init__()\n        +generate_content()\n    }\n    class LlamaService {\n        +__init__()\n        +generate_content()\n    }\n    class OpenAICompatibleService {\n        +__init__()\n        +generate_content()\n    }\n    class Version {\n        +__init__()\n        +__str__()\n        +increment_major()\n        +increment_minor()\n        +increment_patch()\n    }\n    class RepositoryMetrics {\n        +__init__()\n        +_get_ai_summary()\n        +calculate_code_quality()\n        +calculate_code_size()\n        +calculate_security()\n        +calculate_applicability()\n        +calculate_platform_compatibility()\n        +calculate_quantity()\n        +calculate_performance()\n        +calculate_usability()\n        +calculate_reliability()\n        +calculate_innovation()\n        +calculate_simplicity()\n        +calculate_aesthetics()\n        +calculate_duration()\n        +calculate_accuracy()\n        +calculate_completeness()\n        +get_all_metrics()\n    }\n    class Ndaversis {\n        +__init__()\n        +is_ndaversis_repo()\n        +get_version()\n        +save_version()\n        +load_ai_config()\n        +get_ai_service()\n        +load_previous_code_state()\n        +_process_python_file()\n        +_analyze_codebase()\n        +_capture_repo_state()\n        +_generate_diff()\n        +generate_change_summary()\n        +_generate_use_cases_prompt()\n        +_generate_user_stories_prompt()\n        +_generate_repo_synthesis_prompt()\n        +_generate_version_bump_prompt()\n        +generate_use_case_diagram()\n        +_generate_section_prompt()\n        +generate_bpmn_diagram()\n        +_get_fallback_content()\n        +_generate_section()\n        +generate_dynamic_sections()\n        +generate_project_description()\n        +generate_project_map()\n        +analyze_repository()\n        +suggest_version_bump()\n        +update_changelog()\n        +_create_description_summary()\n        +generate_user_benefit_analysis()\n        +infer_goals_from_summary()\n        +suggest_next_steps()\n        +_get_formatted_history()\n        +generate_readme_content()\n        +update_readme()\n        +main_cli()\n        +main_gui()\n        +health_check()\n        +install_pre_commit_hook()\n    }\n    class MetricsHandler {\n        +do_GET()\n    }\n    class GUIApp {\n    }\n    class TestNdaversisNewFeatures {\n        +setUp()\n        +test_change_visualization_style()\n        +test_file_level_insights_diagram()\n        +test_next_steps_uniqueness_fallback()\n        +test_readme_uniqueness_integration()\n    }\n    class TestNdaversis {\n        +setUp()\n        +tearDown()\n        +test_version_increment()\n        +test_save_version()\n        +test_analyze_codebase()\n        +test_process_python_file()\n        +test_create_description_summary()\n        +test_readme_update_integration()\n        +test_excluded_files()\n        +test_health_check()\n        +test_load_ai_config_file_not_found()\n        +test_generate_use_case_diagram()\n        +test_generate_bpmn_diagram()\n        +test_generate_dynamic_sections_with_ai()\n        +test_suggest_version_bump()\n        +test_update_changelog()\n        +test_cli_auto_versioning()\n        +test_generate_project_map()\n        +test_generate_diff_concise()\n        +test_readme_sections_and_diagrams()\n        +test_shadow_repo_agnostic_generation()\n        +test_readme_sections_full_list()\n    }\n    class TestRepositoryMetrics {\n        +setUp()\n        +test_metrics_initialization()\n        +test_code_quality_metric()\n        +test_code_size_metric()\n        +test_security_metric()\n        +test_applicability_metric()\n        +test_platform_compatibility_metric()\n        +test_quantity_metric()\n        +test_performance_metric()\n        +test_usability_metric()\n        +test_reliability_metric()\n        +test_innovation_metric()\n        +test_simplicity_metric()\n        +test_aesthetics_metric()\n        +test_duration_metric()\n        +test_accuracy_metric()\n        +test_completeness_metric()\n        +test_get_all_metrics()\n        +test_metrics_caching()\n        +test_ai_summary_fallback()\n        +test_metrics_score_ranges()\n        +test_metrics_json_export()\n        +test_ai_summary_generation()\n        +test_metrics_details_structure()\n    }\n    class TestNdaversisGUI {\n        +setUpClass()\n        +setUp()\n        +tearDown()\n        +test_gui_initialization()\n        +test_tabs_existence()\n        +test_version_increment_flow()\n        +test_metrics_calculation_flow()\n        +test_gui_console_logging()\n        +test_gui_workflow_tab_exists()\n    }\n```\n\n## 10. Dependencies Map\n\n### Libraries Used\n\n#### External Libraries\n*   `PyQt6` - Technical dependency\n*   `anthropic` - Technical dependency\n*   `deepseek` - Technical dependency\n*   `google` - Technical dependency\n*   `ndaversis` - Technical dependency\n*   `ndaversis_version_history` - Technical dependency\n*   `openai` - Technical dependency\n\n#### Optional - AI Providers\n> [!NOTE]\n> The system works in **local on-prem mode** without any AI dependencies.\n\n*   `openai` - AI provider\n*   `google-genai` - AI provider\n\n\n## 11. Project Map\n\n```\n./.dockerignore\n./.env\n./.env.example\n./.gitignore\n./Dockerfile\n./LICENSE_ndaversis.txt\n./config.json\n./docker-compose.yml\n./final_test_results.txt\n./ndaversis.py\n./ndaversis_logs.py\n./ndaversis_metrics.json\n./ndaversis_privacy_policy.md\n./ndaversis_readme.md\n./ndaversis_requirements.txt\n./ndaversis_state.json\n./ndaversis_version_history.py\n./readme.md\n./task.txt\n./test.txt\n./test_config.json\n./test_failures.txt\n./test_ndaversis.py\n./test_ndaversis_readme.md\n./test_results.txt\n./venv/pyvenv.cfg\n./venv/bin/Activate.ps1\n./venv/bin/activate\n./venv/bin/activate.csh\n./venv/bin/activate.fish\n./venv/bin/pip\n./venv/bin/pip3\n./venv/bin/pip3.12\n./venv/bin/pylupdate6\n./venv/bin/python\n./venv/bin/python3\n./venv/bin/python3.12\n./venv/bin/pyuic6\n./venv/lib/python3.12/site-packages/pyqt6-6.10.2.dist-info/INSTALLER\n./venv/lib/python3.12/site-packages/pyqt6-6.10.2.dist-info/METADATA\n./venv/lib/python3.12/site-packages/pyqt6-6.10.2.dist-info/RECORD\n./venv/lib/python3.12/site-packages/pyqt6-6.10.2.dist-info/REQUESTED\n./venv/lib/python3.12/site-packages/pyqt6-6.10.2.dist-info/WHEEL\n./venv/lib/python3.12/site-packages/pyqt6-6.10.2.dist-info/entry_points.txt\n./venv/lib/python3.12/site-packages/pyqt6-6.10.2.dist-info/licenses/LICENSE\n./venv/lib/python3.12/site-packages/pip-25.0.1.dist-info/INSTALLER\n./venv/lib/python3.12/site-packages/pip-25.0.1.dist-info/METADATA\n./venv/lib/python3.12/site-packages/pip-25.0.1.dist-info/RECORD\n./venv/lib/python3.12/site-packages/pip-25.0.1.dist-info/REQUESTED\n./venv/lib/python3.12/site-packages/pip-25.0.1.dist-info/WHEEL\n./venv/lib/python3.12/site-packages/pip-25.0.1.dist-info/entry_points.txt\n./venv/lib/python3.12/site-packages/pip-25.0.1.dist-info/top_level.txt\n./venv/lib/python3.12/site-packages/pip-25.0.1.dist-info/licenses/AUTHORS.txt\n./venv/lib/python3.12/site-packages/pip-25.0.1.dist-info/licenses/LICENSE.txt\n./venv/lib/python3.12/site-packages/pip/__init__.py\n./venv/lib/python3.12/site-packages/pip/__main__.py\n./venv/lib/python3.12/site-packages/pip/__pip-runner__.py\n./venv/lib/python3.12/site-packages/pip/py.typed\n./venv/lib/python3.12/site-packages/pip/_internal/__init__.py\n./venv/lib/python3.12/site-packages/pip/_internal/build_env.py\n./venv/lib/python3.12/site-packages/pip/_internal/cache.py\n./venv/lib/python3.12/site-packages/pip/_internal/configuration.py\n./venv/lib/python3.12/site-packages/pip/_internal/exceptions.py\n./venv/lib/python3.12/site-packages/pip/_internal/main.py\n./venv/lib/python3.12/site-packages/pip/_internal/pyproject.py\n./venv/lib/python3.12/site-packages/pip/_internal/self_outdated_check.py\n./venv/lib/python3.12/site-packages/pip/_internal/wheel_builder.py\n./venv/lib/python3.12/site-packages/pip/_internal/network/__init__.py\n./venv/lib/python3.12/site-packages/pip/_internal/network/auth.py\n./venv/lib/python3.12/site-packages/pip/_internal/network/cache.py\n./venv/lib/python3.12/site-packages/pip/_internal/network/download.py\n./venv/lib/python3.12/site-packages/pip/_internal/network/lazy_wheel.py\n./venv/lib/python3.12/site-packages/pip/_internal/network/session.py\n./venv/lib/python3.12/site-packages/pip/_internal/network/utils.py\n./venv/lib/python3.12/site-packages/pip/_internal/network/xmlrpc.py\n./venv/lib/python3.12/site-packages/pip/_internal/utils/__init__.py\n./venv/lib/python3.12/site-packages/pip/_internal/utils/_jaraco_text.py\n./venv/lib/python3.12/site-packages/pip/_internal/utils/_log.py\n./venv/lib/python3.12/site-packages/pip/_internal/utils/appdirs.py\n./venv/lib/python3.12/site-packages/pip/_internal/utils/compat.py\n./venv/lib/python3.12/site-packages/pip/_internal/utils/compatibility_tags.py\n./venv/lib/python3.12/site-packages/pip/_internal/utils/datetime.py\n./venv/lib/python3.12/site-packages/pip/_internal/utils/deprecation.py\n./venv/lib/python3.12/site-packages/pip/_internal/utils/direct_url_helpers.py\n./venv/lib/python3.12/site-packages/pip/_internal/utils/egg_link.py\n./venv/lib/python3.12/site-packages/pip/_internal/utils/entrypoints.py\n./venv/lib/python3.12/site-packages/pip/_internal/utils/filesystem.py\n./venv/lib/python3.12/site-packages/pip/_internal/utils/filetypes.py\n./venv/lib/python3.12/site-packages/pip/_internal/utils/glibc.py\n./venv/lib/python3.12/site-packages/pip/_internal/utils/hashes.py\n./venv/lib/python3.12/site-packages/pip/_internal/utils/logging.py\n./venv/lib/python3.12/site-packages/pip/_internal/utils/misc.py\n./venv/lib/python3.12/site-packages/pip/_internal/utils/packaging.py\n./venv/lib/python3.12/site-packages/pip/_internal/utils/retry.py\n./venv/lib/python3.12/site-packages/pip/_internal/utils/setuptools_build.py\n./venv/lib/python3.12/site-packages/pip/_internal/utils/subprocess.py\n./venv/lib/python3.12/site-packages/pip/_internal/utils/temp_dir.py\n./venv/lib/python3.12/site-packages/pip/_internal/utils/unpacking.py\n./venv/lib/python3.12/site-packages/pip/_internal/utils/urls.py\n./venv/lib/python3.12/site-packages/pip/_internal/utils/virtualenv.py\n./venv/lib/python3.12/site-packages/pip/_internal/utils/wheel.py\n./venv/lib/python3.12/site-packages/pip/_internal/models/__init__.py\n./venv/lib/python3.12/site-packages/pip/_internal/models/candidate.py\n./venv/lib/python3.12/site-packages/pip/_internal/models/direct_url.py\n./venv/lib/python3.12/site-packages/pip/_internal/models/format_control.py\n./venv/lib/python3.12/site-packages/pip/_internal/models/index.py\n./venv/lib/python3.12/site-packages/pip/_internal/models/installation_report.py\n./venv/lib/python3.12/site-packages/pip/_internal/models/link.py\n./venv/lib/python3.12/site-packages/pip/_internal/models/scheme.py\n./venv/lib/python3.12/site-packages/pip/_internal/models/search_scope.py\n./venv/lib/python3.12/site-packages/pip/_internal/models/selection_prefs.py\n./venv/lib/python3.12/site-packages/pip/_internal/models/target_python.py\n./venv/lib/python3.12/site-packages/pip/_internal/models/wheel.py\n./venv/lib/python3.12/site-packages/pip/_internal/cli/__init__.py\n./venv/lib/python3.12/site-packages/pip/_internal/cli/autocompletion.py\n./venv/lib/python3.12/site-packages/pip/_internal/cli/base_command.py\n./venv/lib/python3.12/site-packages/pip/_internal/cli/cmdoptions.py\n./venv/lib/python3.12/site-packages/pip/_internal/cli/command_context.py\n./venv/lib/python3.12/site-packages/pip/_internal/cli/index_command.py\n./venv/lib/python3.12/site-packages/pip/_internal/cli/main.py\n./venv/lib/python3.12/site-packages/pip/_internal/cli/main_parser.py\n./venv/lib/python3.12/site-packages/pip/_internal/cli/parser.py\n./venv/lib/python3.12/site-packages/pip/_internal/cli/progress_bars.py\n./venv/lib/python3.12/site-packages/pip/_internal/cli/req_command.py\n./venv/lib/python3.12/site-packages/pip/_internal/cli/spinners.py\n./venv/lib/python3.12/site-packages/pip/_internal/cli/status_codes.py\n./venv/lib/python3.12/site-packages/pip/_internal/operations/__init__.py\n./venv/lib/python3.12/site-packages/pip/_internal/operations/check.py\n./venv/lib/python3.12/site-packages/pip/_internal/operations/freeze.py\n./venv/lib/python3.12/site-packages/pip/_internal/operations/prepare.py\n./venv/lib/python3.12/site-packages/pip/_internal/operations/install/__init__.py\n./venv/lib/python3.12/site-packages/pip/_internal/operations/install/editable_legacy.py\n./venv/lib/python3.12/site-packages/pip/_internal/operations/install/wheel.py\n./venv/lib/python3.12/site-packages/pip/_internal/operations/build/__init__.py\n./venv/lib/python3.12/site-packages/pip/_internal/operations/build/build_tracker.py\n./venv/lib/python3.12/site-packages/pip/_internal/operations/build/metadata.py\n./venv/lib/python3.12/site-packages/pip/_internal/operations/build/metadata_editable.py\n./venv/lib/python3.12/site-packages/pip/_internal/operations/build/metadata_legacy.py\n./venv/lib/python3.12/site-packages/pip/_internal/operations/build/wheel.py\n./venv/lib/python3.12/site-packages/pip/_internal/operations/build/wheel_editable.py\n./venv/lib/python3.12/site-packages/pip/_internal/operations/build/wheel_legacy.py\n./venv/lib/python3.12/site-packages/pip/_internal/req/__init__.py\n./venv/lib/python3.12/site-packages/pip/_internal/req/constructors.py\n./venv/lib/python3.12/site-packages/pip/_internal/req/req_file.py\n./venv/lib/python3.12/site-packages/pip/_internal/req/req_install.py\n./venv/lib/python3.12/site-packages/pip/_internal/req/req_set.py\n./venv/lib/python3.12/site-packages/pip/_internal/req/req_uninstall.py\n./venv/lib/python3.12/site-packages/pip/_internal/resolution/__init__.py\n./venv/lib/python3.12/site-packages/pip/_internal/resolution/base.py\n./venv/lib/python3.12/site-packages/pip/_internal/resolution/legacy/__init__.py\n./venv/lib/python3.12/site-packages/pip/_internal/resolution/legacy/resolver.py\n./venv/lib/python3.12/site-packages/pip/_internal/resolution/resolvelib/__init__.py\n./venv/lib/python3.12/site-packages/pip/_internal/resolution/resolvelib/base.py\n./venv/lib/python3.12/site-packages/pip/_internal/resolution/resolvelib/candidates.py\n./venv/lib/python3.12/site-packages/pip/_internal/resolution/resolvelib/factory.py\n./venv/lib/python3.12/site-packages/pip/_internal/resolution/resolvelib/found_candidates.py\n./venv/lib/python3.12/site-packages/pip/_internal/resolution/resolvelib/provider.py\n./venv/lib/python3.12/site-packages/pip/_internal/resolution/resolvelib/reporter.py\n./venv/lib/python3.12/site-packages/pip/_internal/resolution/resolvelib/requirements.py\n./venv/lib/python3.12/site-packages/pip/_internal/resolution/resolvelib/resolver.py\n./venv/lib/python3.12/site-packages/pip/_internal/vcs/__init__.py\n./venv/lib/python3.12/site-packages/pip/_internal/vcs/bazaar.py\n./venv/lib/python3.12/site-packages/pip/_internal/vcs/git.py\n./venv/lib/python3.12/site-packages/pip/_internal/vcs/mercurial.py\n./venv/lib/python3.12/site-packages/pip/_internal/vcs/subversion.py\n./venv/lib/python3.12/site-packages/pip/_internal/vcs/versioncontrol.py\n./venv/lib/python3.12/site-packages/pip/_internal/locations/__init__.py\n./venv/lib/python3.12/site-packages/pip/_internal/locations/_distutils.py\n./venv/lib/python3.12/site-packages/pip/_internal/locations/_sysconfig.py\n./venv/lib/python3.12/site-packages/pip/_internal/locations/base.py\n./venv/lib/python3.12/site-packages/pip/_internal/index/__init__.py\n./venv/lib/python3.12/site-packages/pip/_internal/index/collector.py\n./venv/lib/python3.12/site-packages/pip/_internal/index/package_finder.py\n./venv/lib/python3.12/site-packages/pip/_internal/index/sources.py\n./venv/lib/python3.12/site-packages/pip/_internal/commands/__init__.py\n./venv/lib/python3.12/site-packages/pip/_internal/commands/cache.py\n./venv/lib/python3.12/site-packages/pip/_internal/commands/check.py\n./venv/lib/python3.12/site-packages/pip/_internal/commands/completion.py\n./venv/lib/python3.12/site-packages/pip/_internal/commands/configuration.py\n./venv/lib/python3.12/site-packages/pip/_internal/commands/debug.py\n./venv/lib/python3.12/site-packages/pip/_internal/commands/download.py\n./venv/lib/python3.12/site-packages/pip/_internal/commands/freeze.py\n./venv/lib/python3.12/site-packages/pip/_internal/commands/hash.py\n./venv/lib/python3.12/site-packages/pip/_internal/commands/help.py\n./venv/lib/python3.12/site-packages/pip/_internal/commands/index.py\n./venv/lib/python3.12/site-packages/pip/_internal/commands/inspect.py\n./venv/lib/python3.12/site-packages/pip/_internal/commands/install.py\n./venv/lib/python3.12/site-packages/pip/_internal/commands/list.py\n./venv/lib/python3.12/site-packages/pip/_internal/commands/search.py\n./venv/lib/python3.12/site-packages/pip/_internal/commands/show.py\n./venv/lib/python3.12/site-packages/pip/_internal/commands/uninstall.py\n./venv/lib/python3.12/site-packages/pip/_internal/commands/wheel.py\n./venv/lib/python3.12/site-packages/pip/_internal/metadata/__init__.py\n./venv/lib/python3.12/site-packages/pip/_internal/metadata/_json.py\n./venv/lib/python3.12/site-packages/pip/_internal/metadata/base.py\n./venv/lib/python3.12/site-packages/pip/_internal/metadata/pkg_resources.py\n./venv/lib/python3.12/site-packages/pip/_internal/metadata/importlib/__init__.py\n./venv/lib/python3.12/site-packages/pip/_internal/metadata/importlib/_compat.py\n./venv/lib/python3.12/site-packages/pip/_internal/metadata/importlib/_dists.py\n./venv/lib/python3.12/site-packages/pip/_internal/metadata/importlib/_envs.py\n./venv/lib/python3.12/site-packages/pip/_internal/distributions/__init__.py\n./venv/lib/python3.12/site-packages/pip/_internal/distributions/base.py\n./venv/lib/python3.12/site-packages/pip/_internal/distributions/installed.py\n./venv/lib/python3.12/site-packages/pip/_internal/distributions/sdist.py\n./venv/lib/python3.12/site-packages/pip/_internal/distributions/wheel.py\n./venv/lib/python3.12/site-packages/pip/_vendor/__init__.py\n./venv/lib/python3.12/site-packages/pip/_vendor/typing_extensions.py\n./venv/lib/python3.12/site-packages/pip/_vendor/vendor.txt\n./venv/lib/python3.12/site-packages/pip/_vendor/packaging/__init__.py\n./venv/lib/python3.12/site-packages/pip/_vendor/packaging/_elffile.py\n./venv/lib/python3.12/site-packages/pip/_vendor/packaging/_manylinux.py\n./venv/lib/python3.12/site-packages/pip/_vendor/packaging/_musllinux.py\n./venv/lib/python3.12/site-packages/pip/_vendor/packaging/_parser.py\n./venv/lib/python3.12/site-packages/pip/_vendor/packaging/_structures.py\n./venv/lib/python3.12/site-packages/pip/_vendor/packaging/_tokenizer.py\n./venv/lib/python3.12/site-packages/pip/_vendor/packaging/markers.py\n./venv/lib/python3.12/site-packages/pip/_vendor/packaging/metadata.py\n./venv/lib/python3.12/site-packages/pip/_vendor/packaging/py.typed\n./venv/lib/python3.12/site-packages/pip/_vendor/packaging/requirements.py\n./venv/lib/python3.12/site-packages/pip/_vendor/packaging/specifiers.py\n./venv/lib/python3.12/site-packages/pip/_vendor/packaging/tags.py\n./venv/lib/python3.12/site-packages/pip/_vendor/packaging/utils.py\n./venv/lib/python3.12/site-packages/pip/_vendor/packaging/version.py\n./venv/lib/python3.12/site-packages/pip/_vendor/packaging/licenses/__init__.py\n./venv/lib/python3.12/site-packages/pip/_vendor/packaging/licenses/_spdx.py\n./venv/lib/python3.12/site-packages/pip/_vendor/truststore/__init__.py\n./venv/lib/python3.12/site-packages/pip/_vendor/truststore/_api.py\n./venv/lib/python3.12/site-packages/pip/_vendor/truststore/_macos.py\n./venv/lib/python3.12/site-packages/pip/_vendor/truststore/_openssl.py\n./venv/lib/python3.12/site-packages/pip/_vendor/truststore/_ssl_constants.py\n./venv/lib/python3.12/site-packages/pip/_vendor/truststore/_windows.py\n./venv/lib/python3.12/site-packages/pip/_vendor/truststore/py.typed\n./venv/lib/python3.12/site-packages/pip/_vendor/msgpack/__init__.py\n./venv/lib/python3.12/site-packages/pip/_vendor/msgpack/exceptions.py\n./venv/lib/python3.12/site-packages/pip/_vendor/msgpack/ext.py\n./venv/lib/python3.12/site-packages/pip/_vendor/msgpack/fallback.py\n./venv/lib/python3.12/site-packages/pip/_vendor/pygments/__init__.py\n./venv/lib/python3.12/site-packages/pip/_vendor/pygments/__main__.py\n./venv/lib/python3.12/site-packages/pip/_vendor/pygments/cmdline.py\n./venv/lib/python3.12/site-packages/pip/_vendor/pygments/console.py\n./venv/lib/python3.12/site-packages/pip/_vendor/pygments/filter.py\n./venv/lib/python3.12/site-packages/pip/_vendor/pygments/formatter.py\n./venv/lib/python3.12/site-packages/pip/_vendor/pygments/lexer.py\n./venv/lib/python3.12/site-packages/pip/_vendor/pygments/modeline.py\n./venv/lib/python3.12/site-packages/pip/_vendor/pygments/plugin.py\n./venv/lib/python3.12/site-packages/pip/_vendor/pygments/regexopt.py\n./venv/lib/python3.12/site-packages/pip/_vendor/pygments/scanner.py\n./venv/lib/python3.12/site-packages/pip/_vendor/pygments/sphinxext.py\n./venv/lib/python3.12/site-packages/pip/_vendor/pygments/style.py\n./venv/lib/python3.12/site-packages/pip/_vendor/pygments/token.py\n./venv/lib/python3.12/site-packages/pip/_vendor/pygments/unistring.py\n./venv/lib/python3.12/site-packages/pip/_vendor/pygments/util.py\n./venv/lib/python3.12/site-packages/pip/_vendor/pygments/filters/__init__.py\n./venv/lib/python3.12/site-packages/pip/_vendor/pygments/lexers/__init__.py\n./venv/lib/python3.12/site-packages/pip/_vendor/pygments/lexers/_mapping.py\n./venv/lib/python3.12/site-packages/pip/_vendor/pygments/lexers/python.py\n./venv/lib/python3.12/site-packages/pip/_vendor/pygments/formatters/__init__.py\n./venv/lib/python3.12/site-packages/pip/_vendor/pygments/formatters/_mapping.py\n./venv/lib/python3.12/site-packages/pip/_vendor/pygments/formatters/bbcode.py\n./venv/lib/python3.12/site-packages/pip/_vendor/pygments/formatters/groff.py\n./venv/lib/python3.12/site-packages/pip/_vendor/pygments/formatters/html.py\n./venv/lib/python3.12/site-packages/pip/_vendor/pygments/formatters/img.py\n./venv/lib/python3.12/site-packages/pip/_vendor/pygments/formatters/irc.py\n./venv/lib/python3.12/site-packages/pip/_vendor/pygments/formatters/latex.py\n./venv/lib/python3.12/site-packages/pip/_vendor/pygments/formatters/other.py\n./venv/lib/python3.12/site-packages/pip/_vendor/pygments/formatters/pangomarkup.py\n./venv/lib/python3.12/site-packages/pip/_vendor/pygments/formatters/rtf.py\n./venv/lib/python3.12/site-packages/pip/_vendor/pygments/formatters/svg.py\n./venv/lib/python3.12/site-packages/pip/_vendor/pygments/formatters/terminal.py\n./venv/lib/python3.12/site-packages/pip/_vendor/pygments/formatters/terminal256.py\n./venv/lib/python3.12/site-packages/pip/_vendor/pygments/styles/__init__.py\n./venv/lib/python3.12/site-packages/pip/_vendor/pygments/styles/_mapping.py\n./venv/lib/python3.12/site-packages/pip/_vendor/distlib/__init__.py\n./venv/lib/python3.12/site-packages/pip/_vendor/distlib/compat.py\n./venv/lib/python3.12/site-packages/pip/_vendor/distlib/database.py\n./venv/lib/python3.12/site-packages/pip/_vendor/distlib/index.py\n./venv/lib/python3.12/site-packages/pip/_vendor/distlib/locators.py\n./venv/lib/python3.12/site-packages/pip/_vendor/distlib/manifest.py\n./venv/lib/python3.12/site-packages/pip/_vendor/distlib/markers.py\n./venv/lib/python3.12/site-packages/pip/_vendor/distlib/metadata.py\n./venv/lib/python3.12/site-packages/pip/_vendor/distlib/resources.py\n./venv/lib/python3.12/site-packages/pip/_vendor/distlib/scripts.py\n./venv/lib/python3.12/site-packages/pip/_vendor/distlib/t32.exe\n./venv/lib/python3.12/site-packages/pip/_vendor/distlib/t64-arm.exe\n./venv/lib/python3.12/site-packages/pip/_vendor/distlib/t64.exe\n./venv/lib/python3.12/site-packages/pip/_vendor/distlib/util.py\n./venv/lib/python3.12/site-packages/pip/_vendor/distlib/version.py\n./venv/lib/python3.12/site-packages/pip/_vendor/distlib/w32.exe\n./venv/lib/python3.12/site-packages/pip/_vendor/distlib/w64-arm.exe\n./venv/lib/python3.12/site-packages/pip/_vendor/distlib/w64.exe\n./venv/lib/python3.12/site-packages/pip/_vendor/distlib/wheel.py\n./venv/lib/python3.12/site-packages/pip/_vendor/distro/__init__.py\n./venv/lib/python3.12/site-packages/pip/_vendor/distro/__main__.py\n./venv/lib/python3.12/site-packages/pip/_vendor/distro/distro.py\n./venv/lib/python3.12/site-packages/pip/_vendor/distro/py.typed\n./venv/lib/python3.12/site-packages/pip/_vendor/cachecontrol/__init__.py\n./venv/lib/python3.12/site-packages/pip/_vendor/cachecontrol/_cmd.py\n./venv/lib/python3.12/site-packages/pip/_vendor/cachecontrol/adapter.py\n./venv/lib/python3.12/site-packages/pip/_vendor/cachecontrol/cache.py\n./venv/lib/python3.12/site-packages/pip/_vendor/cachecontrol/controller.py\n./venv/lib/python3.12/site-packages/pip/_vendor/cachecontrol/filewrapper.py\n./venv/lib/python3.12/site-packages/pip/_vendor/cachecontrol/heuristics.py\n./venv/lib/python3.12/site-packages/pip/_vendor/cachecontrol/py.typed\n./venv/lib/python3.12/site-packages/pip/_vendor/cachecontrol/serialize.py\n./venv/lib/python3.12/site-packages/pip/_vendor/cachecontrol/wrapper.py\n./venv/lib/python3.12/site-packages/pip/_vendor/cachecontrol/caches/__init__.py\n./venv/lib/python3.12/site-packages/pip/_vendor/cachecontrol/caches/file_cache.py\n./venv/lib/python3.12/site-packages/pip/_vendor/cachecontrol/caches/redis_cache.py\n./venv/lib/python3.12/site-packages/pip/_vendor/idna/__init__.py\n./venv/lib/python3.12/site-packages/pip/_vendor/idna/codec.py\n./venv/lib/python3.12/site-packages/pip/_vendor/idna/compat.py\n./venv/lib/python3.12/site-packages/pip/_vendor/idna/core.py\n./venv/lib/python3.12/site-packages/pip/_vendor/idna/idnadata.py\n./venv/lib/python3.12/site-packages/pip/_vendor/idna/intranges.py\n./venv/lib/python3.12/site-packages/pip/_vendor/idna/package_data.py\n./venv/lib/python3.12/site-packages/pip/_vendor/idna/py.typed\n./venv/lib/python3.12/site-packages/pip/_vendor/idna/uts46data.py\n./venv/lib/python3.12/site-packages/pip/_vendor/requests/__init__.py\n./venv/lib/python3.12/site-packages/pip/_vendor/requests/__version__.py\n./venv/lib/python3.12/site-packages/pip/_vendor/requests/_internal_utils.py\n./venv/lib/python3.12/site-packages/pip/_vendor/requests/adapters.py\n./venv/lib/python3.12/site-packages/pip/_vendor/requests/api.py\n./venv/lib/python3.12/site-packages/pip/_vendor/requests/auth.py\n./venv/lib/python3.12/site-packages/pip/_vendor/requests/certs.py\n./venv/lib/python3.12/site-packages/pip/_vendor/requests/compat.py\n./venv/lib/python3.12/site-packages/pip/_vendor/requests/cookies.py\n./venv/lib/python3.12/site-packages/pip/_vendor/requests/exceptions.py\n./venv/lib/python3.12/site-packages/pip/_vendor/requests/help.py\n./venv/lib/python3.12/site-packages/pip/_vendor/requests/hooks.py\n./venv/lib/python3.12/site-packages/pip/_vendor/requests/models.py\n./venv/lib/python3.12/site-packages/pip/_vendor/requests/packages.py\n./venv/lib/python3.12/site-packages/pip/_vendor/requests/sessions.py\n./venv/lib/python3.12/site-packages/pip/_vendor/requests/status_codes.py\n./venv/lib/python3.12/site-packages/pip/_vendor/requests/structures.py\n./venv/lib/python3.12/site-packages/pip/_vendor/requests/utils.py\n./venv/lib/python3.12/site-packages/pip/_vendor/tomli/__init__.py\n./venv/lib/python3.12/site-packages/pip/_vendor/tomli/_parser.py\n./venv/lib/python3.12/site-packages/pip/_vendor/tomli/_re.py\n./venv/lib/python3.12/site-packages/pip/_vendor/tomli/_types.py\n./venv/lib/python3.12/site-packages/pip/_vendor/tomli/py.typed\n./venv/lib/python3.12/site-packages/pip/_vendor/certifi/__init__.py\n./venv/lib/python3.12/site-packages/pip/_vendor/certifi/__main__.py\n./venv/lib/python3.12/site-packages/pip/_vendor/certifi/cacert.pem\n./venv/lib/python3.12/site-packages/pip/_vendor/certifi/core.py\n./venv/lib/python3.12/site-packages/pip/_vendor/certifi/py.typed\n./venv/lib/python3.12/site-packages/pip/_vendor/pyproject_hooks/__init__.py\n./venv/lib/python3.12/site-packages/pip/_vendor/pyproject_hooks/_impl.py\n./venv/lib/python3.12/site-packages/pip/_vendor/pyproject_hooks/py.typed\n./venv/lib/python3.12/site-packages/pip/_vendor/pyproject_hooks/_in_process/__init__.py\n./venv/lib/python3.12/site-packages/pip/_vendor/pyproject_hooks/_in_process/_in_process.py\n./venv/lib/python3.12/site-packages/pip/_vendor/rich/__init__.py\n./venv/lib/python3.12/site-packages/pip/_vendor/rich/__main__.py\n./venv/lib/python3.12/site-packages/pip/_vendor/rich/_cell_widths.py\n./venv/lib/python3.12/site-packages/pip/_vendor/rich/_emoji_codes.py\n./venv/lib/python3.12/site-packages/pip/_vendor/rich/_emoji_replace.py\n./venv/lib/python3.12/site-packages/pip/_vendor/rich/_export_format.py\n./venv/lib/python3.12/site-packages/pip/_vendor/rich/_extension.py\n./venv/lib/python3.12/site-packages/pip/_vendor/rich/_fileno.py\n./venv/lib/python3.12/site-packages/pip/_vendor/rich/_inspect.py\n./venv/lib/python3.12/site-packages/pip/_vendor/rich/_log_render.py\n./venv/lib/python3.12/site-packages/pip/_vendor/rich/_loop.py\n./venv/lib/python3.12/site-packages/pip/_vendor/rich/_null_file.py\n./venv/lib/python3.12/site-packages/pip/_vendor/rich/_palettes.py\n./venv/lib/python3.12/site-packages/pip/_vendor/rich/_pick.py\n./venv/lib/python3.12/site-packages/pip/_vendor/rich/_ratio.py\n./venv/lib/python3.12/site-packages/pip/_vendor/rich/_spinners.py\n./venv/lib/python3.12/site-packages/pip/_vendor/rich/_stack.py\n./venv/lib/python3.12/site-packages/pip/_vendor/rich/_timer.py\n./venv/lib/python3.12/site-packages/pip/_vendor/rich/_win32_console.py\n./venv/lib/python3.12/site-packages/pip/_vendor/rich/_windows.py\n./venv/lib/python3.12/site-packages/pip/_vendor/rich/_windows_renderer.py\n./venv/lib/python3.12/site-packages/pip/_vendor/rich/_wrap.py\n./venv/lib/python3.12/site-packages/pip/_vendor/rich/abc.py\n./venv/lib/python3.12/site-packages/pip/_vendor/rich/align.py\n./venv/lib/python3.12/site-packages/pip/_vendor/rich/ansi.py\n./venv/lib/python3.12/site-packages/pip/_vendor/rich/bar.py\n./venv/lib/python3.12/site-packages/pip/_vendor/rich/box.py\n./venv/lib/python3.12/site-packages/pip/_vendor/rich/cells.py\n./venv/lib/python3.12/site-packages/pip/_vendor/rich/color.py\n./venv/lib/python3.12/site-packages/pip/_vendor/rich/color_triplet.py\n./venv/lib/python3.12/site-packages/pip/_vendor/rich/columns.py\n./venv/lib/python3.12/site-packages/pip/_vendor/rich/console.py\n./venv/lib/python3.12/site-packages/pip/_vendor/rich/constrain.py\n./venv/lib/python3.12/site-packages/pip/_vendor/rich/containers.py\n./venv/lib/python3.12/site-packages/pip/_vendor/rich/control.py\n./venv/lib/python3.12/site-packages/pip/_vendor/rich/default_styles.py\n./venv/lib/python3.12/site-packages/pip/_vendor/rich/diagnose.py\n./venv/lib/python3.12/site-packages/pip/_vendor/rich/emoji.py\n./venv/lib/python3.12/site-packages/pip/_vendor/rich/errors.py\n./venv/lib/python3.12/site-packages/pip/_vendor/rich/file_proxy.py\n./venv/lib/python3.12/site-packages/pip/_vendor/rich/filesize.py\n./venv/lib/python3.12/site-packages/pip/_vendor/rich/highlighter.py\n./venv/lib/python3.12/site-packages/pip/_vendor/rich/json.py\n./venv/lib/python3.12/site-packages/pip/_vendor/rich/jupyter.py\n./venv/lib/python3.12/site-packages/pip/_vendor/rich/layout.py\n./venv/lib/python3.12/site-packages/pip/_vendor/rich/live.py\n./venv/lib/python3.12/site-packages/pip/_vendor/rich/live_render.py\n./venv/lib/python3.12/site-packages/pip/_vendor/rich/logging.py\n./venv/lib/python3.12/site-packages/pip/_vendor/rich/markup.py\n./venv/lib/python3.12/site-packages/pip/_vendor/rich/measure.py\n./venv/lib/python3.12/site-packages/pip/_vendor/rich/padding.py\n./venv/lib/python3.12/site-packages/pip/_vendor/rich/pager.py\n./venv/lib/python3.12/site-packages/pip/_vendor/rich/palette.py\n./venv/lib/python3.12/site-packages/pip/_vendor/rich/panel.py\n./venv/lib/python3.12/site-packages/pip/_vendor/rich/pretty.py\n./venv/lib/python3.12/site-packages/pip/_vendor/rich/progress.py\n./venv/lib/python3.12/site-packages/pip/_vendor/rich/progress_bar.py\n./venv/lib/python3.12/site-packages/pip/_vendor/rich/prompt.py\n./venv/lib/python3.12/site-packages/pip/_vendor/rich/protocol.py\n./venv/lib/python3.12/site-packages/pip/_vendor/rich/py.typed\n./venv/lib/python3.12/site-packages/pip/_vendor/rich/region.py\n./venv/lib/python3.12/site-packages/pip/_vendor/rich/repr.py\n./venv/lib/python3.12/site-packages/pip/_vendor/rich/rule.py\n./venv/lib/python3.12/site-packages/pip/_vendor/rich/scope.py\n./venv/lib/python3.12/site-packages/pip/_vendor/rich/screen.py\n./venv/lib/python3.12/site-packages/pip/_vendor/rich/segment.py\n./venv/lib/python3.12/site-packages/pip/_vendor/rich/spinner.py\n./venv/lib/python3.12/site-packages/pip/_vendor/rich/status.py\n./venv/lib/python3.12/site-packages/pip/_vendor/rich/style.py\n./venv/lib/python3.12/site-packages/pip/_vendor/rich/styled.py\n./venv/lib/python3.12/site-packages/pip/_vendor/rich/syntax.py\n./venv/lib/python3.12/site-packages/pip/_vendor/rich/table.py\n./venv/lib/python3.12/site-packages/pip/_vendor/rich/terminal_theme.py\n./venv/lib/python3.12/site-packages/pip/_vendor/rich/text.py\n./venv/lib/python3.12/site-packages/pip/_vendor/rich/theme.py\n./venv/lib/python3.12/site-packages/pip/_vendor/rich/themes.py\n./venv/lib/python3.12/site-packages/pip/_vendor/rich/traceback.py\n./venv/lib/python3.12/site-packages/pip/_vendor/rich/tree.py\n./venv/lib/python3.12/site-packages/pip/_vendor/urllib3/__init__.py\n./venv/lib/python3.12/site-packages/pip/_vendor/urllib3/_collections.py\n./venv/lib/python3.12/site-packages/pip/_vendor/urllib3/_version.py\n./venv/lib/python3.12/site-packages/pip/_vendor/urllib3/connection.py\n./venv/lib/python3.12/site-packages/pip/_vendor/urllib3/connectionpool.py\n./venv/lib/python3.12/site-packages/pip/_vendor/urllib3/exceptions.py\n./venv/lib/python3.12/site-packages/pip/_vendor/urllib3/fields.py\n./venv/lib/python3.12/site-packages/pip/_vendor/urllib3/filepost.py\n./venv/lib/python3.12/site-packages/pip/_vendor/urllib3/poolmanager.py\n./venv/lib/python3.12/site-packages/pip/_vendor/urllib3/request.py\n./venv/lib/python3.12/site-packages/pip/_vendor/urllib3/response.py\n./venv/lib/python3.12/site-packages/pip/_vendor/urllib3/util/__init__.py\n./venv/lib/python3.12/site-packages/pip/_vendor/urllib3/util/connection.py\n./venv/lib/python3.12/site-packages/pip/_vendor/urllib3/util/proxy.py\n./venv/lib/python3.12/site-packages/pip/_vendor/urllib3/util/queue.py\n./venv/lib/python3.12/site-packages/pip/_vendor/urllib3/util/request.py\n./venv/lib/python3.12/site-packages/pip/_vendor/urllib3/util/response.py\n./venv/lib/python3.12/site-packages/pip/_vendor/urllib3/util/retry.py\n./venv/lib/python3.12/site-packages/pip/_vendor/urllib3/util/ssl_.py\n./venv/lib/python3.12/site-packages/pip/_vendor/urllib3/util/ssl_match_hostname.py\n./venv/lib/python3.12/site-packages/pip/_vendor/urllib3/util/ssltransport.py\n./venv/lib/python3.12/site-packages/pip/_vendor/urllib3/util/timeout.py\n./venv/lib/python3.12/site-packages/pip/_vendor/urllib3/util/url.py\n./venv/lib/python3.12/site-packages/pip/_vendor/urllib3/util/wait.py\n./venv/lib/python3.12/site-packages/pip/_vendor/urllib3/contrib/__init__.py\n./venv/lib/python3.12/site-packages/pip/_vendor/urllib3/contrib/_appengine_environ.py\n./venv/lib/python3.12/site-packages/pip/_vendor/urllib3/contrib/appengine.py\n./venv/lib/python3.12/site-packages/pip/_vendor/urllib3/contrib/ntlmpool.py\n./venv/lib/python3.12/site-packages/pip/_vendor/urllib3/contrib/pyopenssl.py\n./venv/lib/python3.12/site-packages/pip/_vendor/urllib3/contrib/securetransport.py\n./venv/lib/python3.12/site-packages/pip/_vendor/urllib3/contrib/socks.py\n./venv/lib/python3.12/site-packages/pip/_vendor/urllib3/contrib/_securetransport/__init__.py\n./venv/lib/python3.12/site-packages/pip/_vendor/urllib3/contrib/_securetransport/bindings.py\n./venv/lib/python3.12/site-packages/pip/_vendor/urllib3/contrib/_securetransport/low_level.py\n./venv/lib/python3.12/site-packages/pip/_vendor/urllib3/packages/__init__.py\n./venv/lib/python3.12/site-packages/pip/_vendor/urllib3/packages/six.py\n./venv/lib/python3.12/site-packages/pip/_vendor/urllib3/packages/backports/__init__.py\n./venv/lib/python3.12/site-packages/pip/_vendor/urllib3/packages/backports/makefile.py\n./venv/lib/python3.12/site-packages/pip/_vendor/urllib3/packages/backports/weakref_finalize.py\n./venv/lib/python3.12/site-packages/pip/_vendor/pkg_resources/__init__.py\n./venv/lib/python3.12/site-packages/pip/_vendor/resolvelib/__init__.py\n./venv/lib/python3.12/site-packages/pip/_vendor/resolvelib/providers.py\n./venv/lib/python3.12/site-packages/pip/_vendor/resolvelib/py.typed\n./venv/lib/python3.12/site-packages/pip/_vendor/resolvelib/reporters.py\n./venv/lib/python3.12/site-packages/pip/_vendor/resolvelib/resolvers.py\n./venv/lib/python3.12/site-packages/pip/_vendor/resolvelib/structs.py\n./venv/lib/python3.12/site-packages/pip/_vendor/resolvelib/compat/__init__.py\n./venv/lib/python3.12/site-packages/pip/_vendor/resolvelib/compat/collections_abc.py\n./venv/lib/python3.12/site-packages/pip/_vendor/platformdirs/__init__.py\n./venv/lib/python3.12/site-packages/pip/_vendor/platformdirs/__main__.py\n./venv/lib/python3.12/site-packages/pip/_vendor/platformdirs/android.py\n./venv/lib/python3.12/site-packages/pip/_vendor/platformdirs/api.py\n./venv/lib/python3.12/site-packages/pip/_vendor/platformdirs/macos.py\n./venv/lib/python3.12/site-packages/pip/_vendor/platformdirs/py.typed\n./venv/lib/python3.12/site-packages/pip/_vendor/platformdirs/unix.py\n./venv/lib/python3.12/site-packages/pip/_vendor/platformdirs/version.py\n./venv/lib/python3.12/site-packages/pip/_vendor/platformdirs/windows.py\n./venv/lib/python3.12/site-packages/pyqt6_qt6-6.10.2.dist-info/INSTALLER\n./venv/lib/python3.12/site-packages/pyqt6_qt6-6.10.2.dist-info/LICENSE\n./venv/lib/python3.12/site-packages/pyqt6_qt6-6.10.2.dist-info/METADATA\n./venv/lib/python3.12/site-packages/pyqt6_qt6-6.10.2.dist-info/RECORD\n./venv/lib/python3.12/site-packages/pyqt6_qt6-6.10.2.dist-info/WHEEL\n./venv/lib/python3.12/site-packages/pyqt6_sip-13.11.0.dist-info/INSTALLER\n./venv/lib/python3.12/site-packages/pyqt6_sip-13.11.0.dist-info/METADATA\n./venv/lib/python3.12/site-packages/pyqt6_sip-13.11.0.dist-info/RECORD\n./venv/lib/python3.12/site-packages/pyqt6_sip-13.11.0.dist-info/WHEEL\n./venv/lib/python3.12/site-packages/pyqt6_sip-13.11.0.dist-info/top_level.txt\n./venv/lib/python3.12/site-packages/pyqt6_sip-13.11.0.dist-info/licenses/LICENSE\n./venv/lib/python3.12/site-packages/PyQt6/QtBluetooth.abi3.so\n./venv/lib/python3.12/site-packages/PyQt6/QtBluetooth.pyi\n./venv/lib/python3.12/site-packages/PyQt6/QtCore.abi3.so\n./venv/lib/python3.12/site-packages/PyQt6/QtCore.pyi\n./venv/lib/python3.12/site-packages/PyQt6/QtDBus.abi3.so\n./venv/lib/python3.12/site-packages/PyQt6/QtDBus.pyi\n./venv/lib/python3.12/site-packages/PyQt6/QtDesigner.abi3.so\n./venv/lib/python3.12/site-packages/PyQt6/QtDesigner.pyi\n./venv/lib/python3.12/site-packages/PyQt6/QtGui.abi3.so\n./venv/lib/python3.12/site-packages/PyQt6/QtGui.pyi\n./venv/lib/python3.12/site-packages/PyQt6/QtHelp.abi3.so\n./venv/lib/python3.12/site-packages/PyQt6/QtHelp.pyi\n./venv/lib/python3.12/site-packages/PyQt6/QtMultimedia.abi3.so\n./venv/lib/python3.12/site-packages/PyQt6/QtMultimedia.pyi\n./venv/lib/python3.12/site-packages/PyQt6/QtMultimediaWidgets.abi3.so\n./venv/lib/python3.12/site-packages/PyQt6/QtMultimediaWidgets.pyi\n./venv/lib/python3.12/site-packages/PyQt6/QtNetwork.abi3.so\n./venv/lib/python3.12/site-packages/PyQt6/QtNetwork.pyi\n./venv/lib/python3.12/site-packages/PyQt6/QtNfc.abi3.so\n./venv/lib/python3.12/site-packages/PyQt6/QtNfc.pyi\n./venv/lib/python3.12/site-packages/PyQt6/QtOpenGL.abi3.so\n./venv/lib/python3.12/site-packages/PyQt6/QtOpenGL.pyi\n./venv/lib/python3.12/site-packages/PyQt6/QtOpenGLWidgets.abi3.so\n./venv/lib/python3.12/site-packages/PyQt6/QtOpenGLWidgets.pyi\n./venv/lib/python3.12/site-packages/PyQt6/QtPdf.abi3.so\n./venv/lib/python3.12/site-packages/PyQt6/QtPdf.pyi\n./venv/lib/python3.12/site-packages/PyQt6/QtPdfWidgets.abi3.so\n./venv/lib/python3.12/site-packages/PyQt6/QtPdfWidgets.pyi\n./venv/lib/python3.12/site-packages/PyQt6/QtPositioning.abi3.so\n./venv/lib/python3.12/site-packages/PyQt6/QtPositioning.pyi\n./venv/lib/python3.12/site-packages/PyQt6/QtPrintSupport.abi3.so\n./venv/lib/python3.12/site-packages/PyQt6/QtPrintSupport.pyi\n./venv/lib/python3.12/site-packages/PyQt6/QtQml.abi3.so\n./venv/lib/python3.12/site-packages/PyQt6/QtQml.pyi\n./venv/lib/python3.12/site-packages/PyQt6/QtQuick.abi3.so\n./venv/lib/python3.12/site-packages/PyQt6/QtQuick.pyi\n./venv/lib/python3.12/site-packages/PyQt6/QtQuick3D.abi3.so\n./venv/lib/python3.12/site-packages/PyQt6/QtQuick3D.pyi\n./venv/lib/python3.12/site-packages/PyQt6/QtQuickWidgets.abi3.so\n./venv/lib/python3.12/site-packages/PyQt6/QtQuickWidgets.pyi\n./venv/lib/python3.12/site-packages/PyQt6/QtRemoteObjects.abi3.so\n./venv/lib/python3.12/site-packages/PyQt6/QtRemoteObjects.pyi\n./venv/lib/python3.12/site-packages/PyQt6/QtSensors.abi3.so\n./venv/lib/python3.12/site-packages/PyQt6/QtSensors.pyi\n./venv/lib/python3.12/site-packages/PyQt6/QtSerialPort.abi3.so\n./venv/lib/python3.12/site-packages/PyQt6/QtSerialPort.pyi\n./venv/lib/python3.12/site-packages/PyQt6/QtSpatialAudio.abi3.so\n./venv/lib/python3.12/site-packages/PyQt6/QtSpatialAudio.pyi\n./venv/lib/python3.12/site-packages/PyQt6/QtSql.abi3.so\n./venv/lib/python3.12/site-packages/PyQt6/QtSql.pyi\n./venv/lib/python3.12/site-packages/PyQt6/QtStateMachine.abi3.so\n./venv/lib/python3.12/site-packages/PyQt6/QtStateMachine.pyi\n./venv/lib/python3.12/site-packages/PyQt6/QtSvg.abi3.so\n./venv/lib/python3.12/site-packages/PyQt6/QtSvg.pyi\n./venv/lib/python3.12/site-packages/PyQt6/QtSvgWidgets.abi3.so\n./venv/lib/python3.12/site-packages/PyQt6/QtSvgWidgets.pyi\n./venv/lib/python3.12/site-packages/PyQt6/QtTest.abi3.so\n./venv/lib/python3.12/site-packages/PyQt6/QtTest.pyi\n./venv/lib/python3.12/site-packages/PyQt6/QtTextToSpeech.abi3.so\n./venv/lib/python3.12/site-packages/PyQt6/QtTextToSpeech.pyi\n./venv/lib/python3.12/site-packages/PyQt6/QtWebChannel.abi3.so\n./venv/lib/python3.12/site-packages/PyQt6/QtWebChannel.pyi\n./venv/lib/python3.12/site-packages/PyQt6/QtWebSockets.abi3.so\n./venv/lib/python3.12/site-packages/PyQt6/QtWebSockets.pyi\n./venv/lib/python3.12/site-packages/PyQt6/QtWidgets.abi3.so\n./venv/lib/python3.12/site-packages/PyQt6/QtWidgets.pyi\n./venv/lib/python3.12/site-packages/PyQt6/QtXml.abi3.so\n./venv/lib/python3.12/site-packages/PyQt6/QtXml.pyi\n./venv/lib/python3.12/site-packages/PyQt6/__init__.py\n./venv/lib/python3.12/site-packages/PyQt6/py.typed\n./venv/lib/python3.12/site-packages/PyQt6/sip.cpython-312-darwin.so\n./venv/lib/python3.12/site-packages/PyQt6/sip.pyi\n./venv/lib/python3.12/site-packages/PyQt6/lupdate/__init__.py\n./venv/lib/python3.12/site-packages/PyQt6/lupdate/designer_source.py\n./venv/lib/python3.12/site-packages/PyQt6/lupdate/lupdate.py\n./venv/lib/python3.12/site-packages/PyQt6/lupdate/pylupdate.py\n./venv/lib/python3.12/site-packages/PyQt6/lupdate/python_source.py\n./venv/lib/python3.12/site-packages/PyQt6/lupdate/source_file.py\n./venv/lib/python3.12/site-packages/PyQt6/lupdate/translation_file.py\n./venv/lib/python3.12/site-packages/PyQt6/lupdate/translations.py\n./venv/lib/python3.12/site-packages/PyQt6/lupdate/user.py\n./venv/lib/python3.12/site-packages/PyQt6/uic/__init__.py\n./venv/lib/python3.12/site-packages/PyQt6/uic/compile_ui.py\n./venv/lib/python3.12/site-packages/PyQt6/uic/enum_map.py\n./venv/lib/python3.12/site-packages/PyQt6/uic/exceptions.py\n./venv/lib/python3.12/site-packages/PyQt6/uic/icon_cache.py\n./venv/lib/python3.12/site-packages/PyQt6/uic/load_ui.py\n./venv/lib/python3.12/site-packages/PyQt6/uic/objcreator.py\n./venv/lib/python3.12/site-packages/PyQt6/uic/properties.py\n./venv/lib/python3.12/site-packages/PyQt6/uic/pyuic.py\n./venv/lib/python3.12/site-packages/PyQt6/uic/ui_file.py\n./venv/lib/python3.12/site-packages/PyQt6/uic/uiparser.py\n./venv/lib/python3.12/site-packages/PyQt6/uic/widget-plugins/qaxcontainer.py\n./venv/lib/python3.12/site-packages/PyQt6/uic/widget-plugins/qscintilla.py\n./venv/lib/python3.12/site-packages/PyQt6/uic/widget-plugins/qtcharts.py\n./venv/lib/python3.12/site-packages/PyQt6/uic/widget-plugins/qtopenglwidgets.py\n./venv/lib/python3.12/site-packages/PyQt6/uic/widget-plugins/qtprintsupport.py\n./venv/lib/python3.12/site-packages/PyQt6/uic/widget-plugins/qtquickwidgets.py\n./venv/lib/python3.12/site-packages/PyQt6/uic/widget-plugins/qtwebenginewidgets.py\n./venv/lib/python3.12/site-packages/PyQt6/uic/Loader/__init__.py\n./venv/lib/python3.12/site-packages/PyQt6/uic/Loader/loader.py\n./venv/lib/python3.12/site-packages/PyQt6/uic/Loader/qobjectcreator.py\n./venv/lib/python3.12/site-packages/PyQt6/uic/Compiler/__init__.py\n./venv/lib/python3.12/site-packages/PyQt6/uic/Compiler/as_string.py\n./venv/lib/python3.12/site-packages/PyQt6/uic/Compiler/compiler.py\n./venv/lib/python3.12/site-packages/PyQt6/uic/Compiler/indenter.py\n./venv/lib/python3.12/site-packages/PyQt6/uic/Compiler/misc.py\n./venv/lib/python3.12/site-packages/PyQt6/uic/Compiler/proxy_metaclass.py\n./venv/lib/python3.12/site-packages/PyQt6/uic/Compiler/qobjectcreator.py\n./venv/lib/python3.12/site-packages/PyQt6/uic/Compiler/qtproxies.py\n./venv/lib/python3.12/site-packages/PyQt6/Qt6/qml/QtWebSockets/libqmlwebsocketsplugin.dylib\n./venv/lib/python3.12/site-packages/PyQt6/Qt6/qml/QtWebSockets/plugins.qmltypes\n./venv/lib/python3.12/site-packages/PyQt6/Qt6/qml/QtWebSockets/qmldir\n./venv/lib/python3.12/site-packages/PyQt6/Qt6/qml/QtQml/libqmlplugin.dylib\n./venv/lib/python3.12/site-packages/PyQt6/Qt6/qml/QtQml/plugins.qmltypes\n./venv/lib/python3.12/site-packages/PyQt6/Qt6/qml/QtQml/qmldir\n./venv/lib/python3.12/site-packages/PyQt6/Qt6/qml/QtQml/StateMachine/libqtqmlstatemachineplugin.dylib\n./venv/lib/python3.12/site-packages/PyQt6/Qt6/qml/QtQml/StateMachine/plugins.qmltypes\n./venv/lib/python3.12/site-packages/PyQt6/Qt6/qml/QtQml/StateMachine/qmldir\n./venv/lib/python3.12/site-packages/PyQt6/Qt6/qml/QtQml/Models/libmodelsplugin.dylib\n./venv/lib/python3.12/site-packages/PyQt6/Qt6/qml/QtQml/Models/plugins.qmltypes\n./venv/lib/python3.12/site-packages/PyQt6/Qt6/qml/QtQml/Models/qmldir\n./venv/lib/python3.12/site-packages/PyQt6/Qt6/qml/QtQml/WorkerScript/libworkerscriptplugin.dylib\n./venv/lib/python3.12/site-packages/PyQt6/Qt6/qml/QtQml/WorkerScript/plugins.qmltypes\n./venv/lib/python3.12/site-packages/PyQt6/Qt6/qml/QtQml/WorkerScript/qmldir\n./venv/lib/python3.12/site-packages/PyQt6/Qt6/qml/QtQml/XmlListModel/libqmlxmllistmodelplugin.dylib\n./venv/lib/python3.12/site-packages/PyQt6/Qt6/qml/QtQml/XmlListModel/plugins.qmltypes\n./venv/lib/python3.12/site-packages/PyQt6/Qt6/qml/QtQml/XmlListModel/qmldir\n./venv/lib/python3.12/site-packages/PyQt6/Qt6/qml/QtNetwork/libqmlnetworkplugin.dylib\n./venv/lib/python3.12/site-packages/PyQt6/Qt6/qml/QtNetwork/plugins.qmltypes\n./venv/lib/python3.12/site-packages/PyQt6/Qt6/qml/QtNetwork/qmldir\n./venv/lib/python3.12/site-packages/PyQt6/Qt6/qml/QtQuick3D/LightmapperOutputWindow.qml\n./venv/lib/python3.12/site-packages/PyQt6/Qt6/qml/QtQuick3D/Quick3D.qmltypes\n./venv/lib/python3.12/site-packages/PyQt6/Qt6/qml/QtQuick3D/libqquick3dplugin.dylib\n./venv/lib/python3.12/site-packages/PyQt6/Qt6/qml/QtQuick3D/qmldir\n./venv/lib/python3.12/site-packages/PyQt6/Qt6/qml/QtQuick3D/lightmapviewer/LightmapViewer.qml\n./venv/lib/python3.12/site-packages/PyQt6/Qt6/qml/QtQuick3D/lightmapviewer/lightmapviewer.qmltypes\n./venv/lib/python3.12/site-packages/PyQt6/Qt6/qml/QtQuick3D/lightmapviewer/qmldir\n./venv/lib/python3.12/site-packages/PyQt6/Qt6/qml/QtQuick3D/MaterialEditor/AboutDialog.qml\n./venv/lib/python3.12/site-packages/PyQt6/Qt6/qml/QtQuick3D/MaterialEditor/EditorView.qml\n./venv/lib/python3.12/site-packages/PyQt6/Qt6/qml/QtQuick3D/MaterialEditor/FrostedGlass.qml\n./venv/lib/python3.12/site-packages/PyQt6/Qt6/qml/QtQuick3D/MaterialEditor/InstancingPropertiesPane.qml\n./venv/lib/python3.12/site-packages/PyQt6/Qt6/qml/QtQuick3D/MaterialEditor/MaterialPropertiesPane.qml\n./venv/lib/python3.12/site-packages/PyQt6/Qt6/qml/QtQuick3D/MaterialEditor/Preview.qml\n./venv/lib/python3.12/site-packages/PyQt6/Qt6/qml/QtQuick3D/MaterialEditor/PreviewControls.qml\n./venv/lib/python3.12/site-packages/PyQt6/Qt6/qml/QtQuick3D/MaterialEditor/SaveChangesDialog.qml\n./venv/lib/python3.12/site-packages/PyQt6/Qt6/qml/QtQuick3D/MaterialEditor/ShaderEditor.qml\n./venv/lib/python3.12/site-packages/PyQt6/Qt6/qml/QtQuick3D/MaterialEditor/UniformManagerPane.qml\n./venv/lib/python3.12/site-packages/PyQt6/Qt6/qml/QtQuick3D/MaterialEditor/main.qml\n./venv/lib/python3.12/site-packages/PyQt6/Qt6/qml/QtQuick3D/MaterialEditor/plugins.qmltypes\n./venv/lib/python3.12/site-packages/PyQt6/Qt6/qml/QtQuick3D/MaterialEditor/qmldir\n./venv/lib/python3.12/site-packages/PyQt6/Qt6/qml/QtQuick3D/ParticleEffects/Quick3DParticleEffects.qmltypes\n./venv/lib/python3.12/site-packages/PyQt6/Qt6/qml/QtQuick3D/ParticleEffects/libqtquick3dparticleeffectsplugin.dylib\n./venv/lib/python3.12/site-packages/PyQt6/Qt6/qml/QtQuick3D/ParticleEffects/qmldir\n./venv/lib/python3.12/site-packages/PyQt6/Qt6/qml/QtQuick3D/ParticleEffects/designer/particleeffects.metainfo\n./venv/lib/python3.12/site-packages/PyQt6/Qt6/qml/QtQuick3D/ParticleEffects/designer/images/color_table.png\n./venv/lib/python3.12/site-packages/PyQt6/Qt6/qml/QtQuick3D/ParticleEffects/designer/images/color_table2.png\n./venv/lib/python3.12/site-packages/PyQt6/Qt6/qml/QtQuick3D/ParticleEffects/designer/images/droplet.png\n./venv/lib/python3.12/site-packages/PyQt6/Qt6/qml/QtQuick3D/ParticleEffects/designer/images/dummy.png\n./venv/lib/python3.12/site-packages/PyQt6/Qt6/qml/QtQuick3D/ParticleEffects/designer/images/dummy16.png\n./venv/lib/python3.12/site-packages/PyQt6/Qt6/qml/QtQuick3D/ParticleEffects/designer/images/dummy@2x.png\n./venv/lib/python3.12/site-packages/PyQt6/Qt6/qml/QtQuick3D/ParticleEffects/designer/images/rain.png\n./venv/lib/python3.12/site-packages/PyQt6/Qt6/qml/QtQuick3D/ParticleEffects/designer/images/ripple.png\n./venv/lib/python3.12/site-packages/PyQt6/Qt6/qml/QtQuick3D/ParticleEffects/designer/images/smoke2.png\n./venv/lib/python3.12/site-packages/PyQt6/Qt6/qml/QtQuick3D/ParticleEffects/designer/images/smoke_sprite.png\n./venv/lib/python3.12/site-packages/PyQt6/Qt6/qml/QtQuick3D/ParticleEffects/designer/images/smoke_sprite2.png\n./venv/lib/python3.12/site-packages/PyQt6/Qt6/qml/QtQuick3D/ParticleEffects/designer/images/snowflake.png\n./venv/lib/python3.12/site-packages/PyQt6/Qt6/qml/QtQuick3D/ParticleEffects/designer/images/sphere.png\n./venv/lib/python3.12/site-packages/PyQt6/Qt6/qml/QtQuick3D/ParticleEffects/designer/images/splash7.png\n./venv/lib/python3.12/site-packages/PyQt6/Qt6/qml/QtQuick3D/ParticleEffects/designer/source/particleeffect_clouds.qml\n./venv/lib/python3.12/site-packages/PyQt6/Qt6/qml/QtQuick3D/ParticleEffects/designer/source/particleeffect_dust.qml\n./venv/lib/python3.12/site-packages/PyQt6/Qt6/qml/QtQuick3D/ParticleEffects/designer/source/particleeffect_exhaust.qml\n./venv/lib/python3.12/site-packages/PyQt6/Qt6/qml/QtQuick3D/ParticleEffects/designer/source/particleeffect_fire.qml\n./venv/lib/python3.12/site-packages/PyQt6/Qt6/qml/QtQuick3D/ParticleEffects/designer/source/particleeffect_heavyrain.qml\n./venv/lib/python3.12/site-packages/PyQt6/Qt6/qml/QtQuick3D/ParticleEffects/designer/source/particleeffect_heavyrain_tirespray.qml\n./venv/lib/python3.12/site-packages/PyQt6/Qt6/qml/QtQuick3D/ParticleEffects/designer/source/particleeffect_lightrain.qml\n./venv/lib/python3.12/site-packages/PyQt6/Qt6/qml/QtQuick3D/ParticleEffects/designer/source/particleeffect_lightrain_tirespray.qml\n./venv/lib/python3.12/site-packages/PyQt6/Qt6/qml/QtQuick3D/ParticleEffects/designer/source/particleeffect_rainmist.qml\n./venv/lib/python3.12/site-packages/PyQt6/Qt6/qml/QtQuick3D/ParticleEffects/designer/source/particleeffect_snow.qml\n./venv/lib/python3.12/site-packages/PyQt6/Qt6/qml/QtQuick3D/ParticleEffects/designer/source/particleeffect_steam.qml\n./venv/lib/python3.12/site-packages/PyQt6/Qt6/qml/QtQuick3D/Xr/XrErrorDialog.qml\n./venv/lib/python3.12/site-packages/PyQt6/Qt6/qml/QtQuick3D/Xr/libquick3dxrplugin.dylib\n./venv/lib/python3.12/site-packages/PyQt6/Qt6/qml/QtQuick3D/Xr/plugins.qmltypes\n./venv/lib/python3.12/site-packages/PyQt6/Qt6/qml/QtQuick3D/Xr/qmldir\n./venv/lib/python3.12/site-packages/PyQt6/Qt6/qml/QtQuick3D/AssetUtils/libqtquick3dassetutilsplugin.dylib\n./venv/lib/python3.12/site-packages/PyQt6/Qt6/qml/QtQuick3D/AssetUtils/plugins.qmltypes\n./venv/lib/python3.12/site-packages/PyQt6/Qt6/qml/QtQuick3D/AssetUtils/qmldir\n./venv/lib/python3.12/site-packages/PyQt6/Qt6/qml/QtQuick3D/AssetUtils/designer/NodeSection.qml\n./venv/lib/python3.12/site-packages/PyQt6/Qt6/qml/QtQuick3D/AssetUtils/designer/RuntimeLoaderSection.qml\n./venv/lib/python3.12/site-packages/PyQt6/Qt6/qml/QtQuick3D/AssetUtils/designer/RuntimeLoaderSpecifics.qml\n./venv/lib/python3.12/site-packages/PyQt6/Qt6/qml/QtQuick3D/AssetUtils/designer/assetutils.metainfo\n./venv/lib/python3.12/site-packages/PyQt6/Qt6/qml/QtQuick3D/AssetUtils/designer/images/dummy.png\n./venv/lib/python3.12/site-packages/PyQt6/Qt6/qml/QtQuick3D/AssetUtils/designer/images/dummy16.png\n./venv/lib/python3.12/site-packages/PyQt6/Qt6/qml/QtQuick3D/AssetUtils/designer/images/dummy@2x.png\n./venv/lib/python3.12/site-packages/PyQt6/Qt6/qml/QtQuick3D/AssetUtils/designer/images/runtimeloader.png\n./venv/lib/python3.12/site-packages/PyQt6/Qt6/qml/QtQuick3D/AssetUtils/designer/images/runtimeloader16.png\n./venv/lib/python3.12/site-packages/PyQt6/Qt6/qml/QtQuick3D/AssetUtils/designer/images/runtimeloader@2x.png\n./venv/lib/python3.12/site-packages/PyQt6/Qt6/qml/QtQuick3D/SpatialAudio/libquick3dspatialaudioplugin.dylib\n./venv/lib/python3.12/site-packages/PyQt6/Qt6/qml/QtQuick3D/SpatialAudio/plugins.qmltypes\n./venv/lib/python3.12/site-packages/PyQt6/Qt6/qml/QtQuick3D/SpatialAudio/qmldir\n./venv/lib/python3.12/site-packages/PyQt6/Qt6/qml/QtQuick3D/designer/AbstractLightSection.qml\n./venv/lib/python3.12/site-packages/PyQt6/Qt6/qml/QtQuick3D/designer/BufferInputSection.qml\n./venv/lib/python3.12/site-packages/PyQt6/Qt6/qml/QtQuick3D/designer/BufferInputSpecifics.qml\n./venv/lib/python3.12/site-packages/PyQt6/Qt6/qml/QtQuick3D/designer/BufferSection.qml\n./venv/lib/python3.12/site-packages/PyQt6/Qt6/qml/QtQuick3D/designer/BufferSpecifics.qml\n./venv/lib/python3.12/site-packages/PyQt6/Qt6/qml/QtQuick3D/designer/CameraSection.qml\n./venv/lib/python3.12/site-packages/PyQt6/Qt6/qml/QtQuick3D/designer/CascadesSection.qml\n./venv/lib/python3.12/site-packages/PyQt6/Qt6/qml/QtQuick3D/designer/CubeMapTextureSpecifics.qml\n./venv/lib/python3.12/site-packages/PyQt6/Qt6/qml/QtQuick3D/designer/CustomCameraSpecifics.qml\n./venv/lib/python3.12/site-packages/PyQt6/Qt6/qml/QtQuick3D/designer/CustomMaterialSection.qml\n./venv/lib/python3.12/site-packages/PyQt6/Qt6/qml/QtQuick3D/designer/CustomMaterialSpecifics.qml\n./venv/lib/python3.12/site-packages/PyQt6/Qt6/qml/QtQuick3D/designer/DebugSettingsSection.qml\n./venv/lib/python3.12/site-packages/PyQt6/Qt6/qml/QtQuick3D/designer/DebugSettingsSpecifics.qml\n./venv/lib/python3.12/site-packages/PyQt6/Qt6/qml/QtQuick3D/designer/DefaultMaterialSection.qml\n./venv/lib/python3.12/site-packages/PyQt6/Qt6/qml/QtQuick3D/designer/DefaultMaterialSpecifics.qml\n./venv/lib/python3.12/site-packages/PyQt6/Qt6/qml/QtQuick3D/designer/DirectionalLightSection.qml\n./venv/lib/python3.12/site-packages/PyQt6/Qt6/qml/QtQuick3D/designer/DirectionalLightSpecifics.qml\n./venv/lib/python3.12/site-packages/PyQt6/Qt6/qml/QtQuick3D/designer/EffectSection.qml\n./venv/lib/python3.12/site-packages/PyQt6/Qt6/qml/QtQuick3D/designer/EffectSpecifics.qml\n./venv/lib/python3.12/site-packages/PyQt6/Qt6/qml/QtQuick3D/designer/FileInstancingSection.qml\n./venv/lib/python3.12/site-packages/PyQt6/Qt6/qml/QtQuick3D/designer/FileInstancingSpecifics.qml\n./venv/lib/python3.12/site-packages/PyQt6/Qt6/qml/QtQuick3D/designer/FogSection.qml\n./venv/lib/python3.12/site-packages/PyQt6/Qt6/qml/QtQuick3D/designer/FogSpecifics.qml\n./venv/lib/python3.12/site-packages/PyQt6/Qt6/qml/QtQuick3D/designer/FrustumCameraSection.qml\n./venv/lib/python3.12/site-packages/PyQt6/Qt6/qml/QtQuick3D/designer/FrustumCameraSpecifics.qml\n./venv/lib/python3.12/site-packages/PyQt6/Qt6/qml/QtQuick3D/designer/InstanceListEntrySection.qml\n./venv/lib/python3.12/site-packages/PyQt6/Qt6/qml/QtQuick3D/designer/InstanceListEntrySpecifics.qml\n./venv/lib/python3.12/site-packages/PyQt6/Qt6/qml/QtQuick3D/designer/InstanceListSection.qml\n./venv/lib/python3.12/site-packages/PyQt6/Qt6/qml/QtQuick3D/designer/InstanceListSpecifics.qml\n./venv/lib/python3.12/site-packages/PyQt6/Qt6/qml/QtQuick3D/designer/InstancingSection.qml\n./venv/lib/python3.12/site-packages/PyQt6/Qt6/qml/QtQuick3D/designer/JointSection.qml\n./venv/lib/python3.12/site-packages/PyQt6/Qt6/qml/QtQuick3D/designer/JointSpecifics.qml\n./venv/lib/python3.12/site-packages/PyQt6/Qt6/qml/QtQuick3D/designer/LightmapperSection.qml\n./venv/lib/python3.12/site-packages/PyQt6/Qt6/qml/QtQuick3D/designer/LightmapperSpecifics.qml\n./venv/lib/python3.12/site-packages/PyQt6/Qt6/qml/QtQuick3D/designer/Loader3DSection.qml\n./venv/lib/python3.12/site-packages/PyQt6/Qt6/qml/QtQuick3D/designer/Loader3DSpecifics.qml\n./venv/lib/python3.12/site-packages/PyQt6/Qt6/qml/QtQuick3D/designer/MaterialSection.qml\n./venv/lib/python3.12/site-packages/PyQt6/Qt6/qml/QtQuick3D/designer/ModelSection.qml\n./venv/lib/python3.12/site-packages/PyQt6/Qt6/qml/QtQuick3D/designer/ModelSpecifics.qml\n./venv/lib/python3.12/site-packages/PyQt6/Qt6/qml/QtQuick3D/designer/MorphTargetSection.qml\n./venv/lib/python3.12/site-packages/PyQt6/Qt6/qml/QtQuick3D/designer/MorphTargetSpecifics.qml\n./venv/lib/python3.12/site-packages/PyQt6/Qt6/qml/QtQuick3D/designer/NodeSection.qml\n./venv/lib/python3.12/site-packages/PyQt6/Qt6/qml/QtQuick3D/designer/NodeSpecifics.qml\n./venv/lib/python3.12/site-packages/PyQt6/Qt6/qml/QtQuick3D/designer/Object3DSection.qml\n./venv/lib/python3.12/site-packages/PyQt6/Qt6/qml/QtQuick3D/designer/OrthographicCameraSection.qml\n./venv/lib/python3.12/site-packages/PyQt6/Qt6/qml/QtQuick3D/designer/OrthographicCameraSpecifics.qml\n./venv/lib/python3.12/site-packages/PyQt6/Qt6/qml/QtQuick3D/designer/PassSection.qml\n./venv/lib/python3.12/site-packages/PyQt6/Qt6/qml/QtQuick3D/designer/PassSpecifics.qml\n./venv/lib/python3.12/site-packages/PyQt6/Qt6/qml/QtQuick3D/designer/PerspectiveCameraSection.qml\n./venv/lib/python3.12/site-packages/PyQt6/Qt6/qml/QtQuick3D/designer/PerspectiveCameraSpecifics.qml\n./venv/lib/python3.12/site-packages/PyQt6/Qt6/qml/QtQuick3D/designer/PointLightSection.qml\n./venv/lib/python3.12/site-packages/PyQt6/Qt6/qml/QtQuick3D/designer/PointLightSpecifics.qml\n./venv/lib/python3.12/site-packages/PyQt6/Qt6/qml/QtQuick3D/designer/PrincipledMaterialSection.qml\n./venv/lib/python3.12/site-packages/PyQt6/Qt6/qml/QtQuick3D/designer/PrincipledMaterialSpecifics.qml\n./venv/lib/python3.12/site-packages/PyQt6/Qt6/qml/QtQuick3D/designer/ReflectionProbeSection.qml\n./venv/lib/python3.12/site-packages/PyQt6/Qt6/qml/QtQuick3D/designer/ReflectionProbeSpecifics.qml\n./venv/lib/python3.12/site-packages/PyQt6/Qt6/qml/QtQuick3D/designer/Repeater3DSection.qml\n./venv/lib/python3.12/site-packages/PyQt6/Qt6/qml/QtQuick3D/designer/Repeater3DSpecifics.qml\n./venv/lib/python3.12/site-packages/PyQt6/Qt6/qml/QtQuick3D/designer/ResourceLoaderSection.qml\n./venv/lib/python3.12/site-packages/PyQt6/Qt6/qml/QtQuick3D/designer/ResourceLoaderSpecifics.qml\n./venv/lib/python3.12/site-packages/PyQt6/Qt6/qml/QtQuick3D/designer/SceneEnvironmentSection.qml\n./venv/lib/python3.12/site-packages/PyQt6/Qt6/qml/QtQuick3D/designer/SceneEnvironmentSpecifics.qml\n./venv/lib/python3.12/site-packages/PyQt6/Qt6/qml/QtQuick3D/designer/SetUniformValueSection.qml\n./venv/lib/python3.12/site-packages/PyQt6/Qt6/qml/QtQuick3D/designer/SetUniformValueSpecifics.qml\n./venv/lib/python3.12/site-packages/PyQt6/Qt6/qml/QtQuick3D/designer/ShaderSection.qml\n./venv/lib/python3.12/site-packages/PyQt6/Qt6/qml/QtQuick3D/designer/ShaderSpecifics.qml\n./venv/lib/python3.12/site-packages/PyQt6/Qt6/qml/QtQuick3D/designer/ShadowSection.qml\n./venv/lib/python3.12/site-packages/PyQt6/Qt6/qml/QtQuick3D/designer/SkinSection.qml\n./venv/lib/python3.12/site-packages/PyQt6/Qt6/qml/QtQuick3D/designer/SkinSpecifics.qml\n./venv/lib/python3.12/site-packages/PyQt6/Qt6/qml/QtQuick3D/designer/SpecularGlossyMaterialSection.qml\n./venv/lib/python3.12/site-packages/PyQt6/Qt6/qml/QtQuick3D/designer/SpecularGlossyMaterialSpecifics.qml\n./venv/lib/python3.12/site-packages/PyQt6/Qt6/qml/QtQuick3D/designer/SpotLightSection.qml\n./venv/lib/python3.12/site-packages/PyQt6/Qt6/qml/QtQuick3D/designer/SpotLightSpecifics.qml\n./venv/lib/python3.12/site-packages/PyQt6/Qt6/qml/QtQuick3D/designer/TextureInputSection.qml\n./venv/lib/python3.12/site-packages/PyQt6/Qt6/qml/QtQuick3D/designer/TextureInputSpecifics.qml\n./venv/lib/python3.12/site-packages/PyQt6/Qt6/qml/QtQuick3D/designer/TextureSection.qml\n./venv/lib/python3.12/site-packages/PyQt6/Qt6/qml/QtQuick3D/designer/TextureSpecifics.qml\n./venv/lib/python3.12/site-packages/PyQt6/Qt6/qml/QtQuick3D/designer/View3DSection.qml\n./venv/lib/python3.12/site-packages/PyQt6/Qt6/qml/QtQuick3D/designer/View3DSpecifics.qml\n./venv/lib/python3.12/site-packages/PyQt6/Qt6/qml/QtQuick3D/designer/propertyGroups.json\n./venv/lib/python3.12/site-packages/PyQt6/Qt6/qml/QtQuick3D/designer/quick3d.metainfo\n./venv/lib/python3.12/site-packages/PyQt6/Qt6/qml/QtQuick3D/designer/images/camera.png\n./venv/lib/python3.12/site-packages/PyQt6/Qt6/qml/QtQuick3D/designer/images/camera16.png\n./venv/lib/python3.12/site-packages/PyQt6/Qt6/qml/QtQuick3D/designer/images/camera@2x.png\n./venv/lib/python3.12/site-packages/PyQt6/Qt6/qml/QtQuick3D/designer/images/cone.png\n./venv/lib/python3.12/site-packages/PyQt6/Qt6/qml/QtQuick3D/designer/images/cone16.png\n./venv/lib/python3.12/site-packages/PyQt6/Qt6/qml/QtQuick3D/designer/images/cone@2x.png\n./venv/lib/python3.12/site-packages/PyQt6/Qt6/qml/QtQuick3D/designer/images/cube.png\n./venv/lib/python3.12/site-packages/PyQt6/Qt6/qml/QtQuick3D/designer/images/cube16.png\n./venv/lib/python3.12/site-packages/PyQt6/Qt6/qml/QtQuick3D/designer/images/cube@2x.png\n./venv/lib/python3.12/site-packages/PyQt6/Qt6/qml/QtQuick3D/designer/images/cubemaptexture.png\n./venv/lib/python3.12/site-packages/PyQt6/Qt6/qml/QtQuick3D/designer/images/cubemaptexture16.png\n./venv/lib/python3.12/site-packages/PyQt6/Qt6/qml/QtQuick3D/designer/images/cubemaptexture@2x.png\n./venv/lib/python3.12/site-packages/PyQt6/Qt6/qml/QtQuick3D/designer/images/custommaterial.png\n./venv/lib/python3.12/site-packages/PyQt6/Qt6/qml/QtQuick3D/designer/images/custommaterial16.png\n./venv/lib/python3.12/site-packages/PyQt6/Qt6/qml/QtQuick3D/designer/images/custommaterial@2x.png\n./venv/lib/python3.12/site-packages/PyQt6/Qt6/qml/QtQuick3D/designer/images/cylinder.png\n./venv/lib/python3.12/site-packages/PyQt6/Qt6/qml/QtQuick3D/designer/images/cylinder16.png\n./venv/lib/python3.12/site-packages/PyQt6/Qt6/qml/QtQuick3D/designer/images/cylinder@2x.png\n./venv/lib/python3.12/site-packages/PyQt6/Qt6/qml/QtQuick3D/designer/images/debugsettings.png\n./venv/lib/python3.12/site-packages/PyQt6/Qt6/qml/QtQuick3D/designer/images/debugsettings16.png\n./venv/lib/python3.12/site-packages/PyQt6/Qt6/qml/QtQuick3D/designer/images/debugsettings@2x.png\n./venv/lib/python3.12/site-packages/PyQt6/Qt6/qml/QtQuick3D/designer/images/dummy.png\n./venv/lib/python3.12/site-packages/PyQt6/Qt6/qml/QtQuick3D/designer/images/dummy16.png\n./venv/lib/python3.12/site-packages/PyQt6/Qt6/qml/QtQuick3D/designer/images/dummy@2x.png\n./venv/lib/python3.12/site-packages/PyQt6/Qt6/qml/QtQuick3D/designer/images/effect.png\n./venv/lib/python3.12/site-packages/PyQt6/Qt6/qml/QtQuick3D/designer/images/effect16.png\n./venv/lib/python3.12/site-packages/PyQt6/Qt6/qml/QtQuick3D/designer/images/effect@2x.png\n./venv/lib/python3.12/site-packages/PyQt6/Qt6/qml/QtQuick3D/designer/images/fileinstancing.png\n./venv/lib/python3.12/site-packages/PyQt6/Qt6/qml/QtQuick3D/designer/images/fileinstancing16.png\n./venv/lib/python3.12/site-packages/PyQt6/Qt6/qml/QtQuick3D/designer/images/fileinstancing@2x.png\n./venv/lib/python3.12/site-packages/PyQt6/Qt6/qml/QtQuick3D/designer/images/fog.png\n./venv/lib/python3.12/site-packages/PyQt6/Qt6/qml/QtQuick3D/designer/images/fog16.png\n./venv/lib/python3.12/site-packages/PyQt6/Qt6/qml/QtQuick3D/designer/images/fog@2x.png\n./venv/lib/python3.12/site-packages/PyQt6/Qt6/qml/QtQuick3D/designer/images/group.png\n./venv/lib/python3.12/site-packages/PyQt6/Qt6/qml/QtQuick3D/designer/images/group16.png\n./venv/lib/python3.12/site-packages/PyQt6/Qt6/qml/QtQuick3D/designer/images/group@2x.png\n./venv/lib/python3.12/site-packages/PyQt6/Qt6/qml/QtQuick3D/designer/images/instancelist.png\n./venv/lib/python3.12/site-packages/PyQt6/Qt6/qml/QtQuick3D/designer/images/instancelist16.png\n./venv/lib/python3.12/site-packages/PyQt6/Qt6/qml/QtQuick3D/designer/images/instancelist@2x.png\n./venv/lib/python3.12/site-packages/PyQt6/Qt6/qml/QtQuick3D/designer/images/instancelistentry.png\n./venv/lib/python3.12/site-packages/PyQt6/Qt6/qml/QtQuick3D/designer/images/instancelistentry16.png\n./venv/lib/python3.12/site-packages/PyQt6/Qt6/qml/QtQuick3D/designer/images/instancelistentry@2x.png\n./venv/lib/python3.12/site-packages/PyQt6/Qt6/qml/QtQuick3D/designer/images/joint.png\n./venv/lib/python3.12/site-packages/PyQt6/Qt6/qml/QtQuick3D/designer/images/joint16.png\n./venv/lib/python3.12/site-packages/PyQt6/Qt6/qml/QtQuick3D/designer/images/joint@2x.png\n./venv/lib/python3.12/site-packages/PyQt6/Qt6/qml/QtQuick3D/designer/images/lightdirectional.png\n./venv/lib/python3.12/site-packages/PyQt6/Qt6/qml/QtQuick3D/designer/images/lightdirectional16.png\n./venv/lib/python3.12/site-packages/PyQt6/Qt6/qml/QtQuick3D/designer/images/lightdirectional@2x.png\n./venv/lib/python3.12/site-packages/PyQt6/Qt6/qml/QtQuick3D/designer/images/lightmapper.png\n./venv/lib/python3.12/site-packages/PyQt6/Qt6/qml/QtQuick3D/designer/images/lightmapper16.png\n./venv/lib/python3.12/site-packages/PyQt6/Qt6/qml/QtQuick3D/designer/images/lightmapper@2x.png\n./venv/lib/python3.12/site-packages/PyQt6/Qt6/qml/QtQuick3D/designer/images/lightpoint.png\n./venv/lib/python3.12/site-packages/PyQt6/Qt6/qml/QtQuick3D/designer/images/lightpoint16.png\n./venv/lib/python3.12/site-packages/PyQt6/Qt6/qml/QtQuick3D/designer/images/lightpoint@2x.png\n./venv/lib/python3.12/site-packages/PyQt6/Qt6/qml/QtQuick3D/designer/images/lightspot.png\n./venv/lib/python3.12/site-packages/PyQt6/Qt6/qml/QtQuick3D/designer/images/lightspot16.png\n./venv/lib/python3.12/site-packages/PyQt6/Qt6/qml/QtQuick3D/designer/images/lightspot@2x.png\n./venv/lib/python3.12/site-packages/PyQt6/Qt6/qml/QtQuick3D/designer/images/loader3d.png\n./venv/lib/python3.12/site-packages/PyQt6/Qt6/qml/QtQuick3D/designer/images/loader3d16.png\n./venv/lib/python3.12/site-packages/PyQt6/Qt6/qml/QtQuick3D/designer/images/loader3d@2x.png\n./venv/lib/python3.12/site-packages/PyQt6/Qt6/qml/QtQuick3D/designer/images/material.png\n./venv/lib/python3.12/site-packages/PyQt6/Qt6/qml/QtQuick3D/designer/images/material16.png\n./venv/lib/python3.12/site-packages/PyQt6/Qt6/qml/QtQuick3D/designer/images/material@2x.png\n./venv/lib/python3.12/site-packages/PyQt6/Qt6/qml/QtQuick3D/designer/images/model16.png\n./venv/lib/python3.12/site-packages/PyQt6/Qt6/qml/QtQuick3D/designer/images/morphtarget.png\n./venv/lib/python3.12/site-packages/PyQt6/Qt6/qml/QtQuick3D/designer/images/morphtarget16.png\n./venv/lib/python3.12/site-packages/PyQt6/Qt6/qml/QtQuick3D/designer/images/morphtarget@2x.png\n./venv/lib/python3.12/site-packages/PyQt6/Qt6/qml/QtQuick3D/designer/images/plane.png\n./venv/lib/python3.12/site-packages/PyQt6/Qt6/qml/QtQuick3D/designer/images/plane16.png\n./venv/lib/python3.12/site-packages/PyQt6/Qt6/qml/QtQuick3D/designer/images/plane@2x.png\n./venv/lib/python3.12/site-packages/PyQt6/Qt6/qml/QtQuick3D/designer/images/reflectionProbe.png\n./venv/lib/python3.12/site-packages/PyQt6/Qt6/qml/QtQuick3D/designer/images/reflectionProbe16.png\n./venv/lib/python3.12/site-packages/PyQt6/Qt6/qml/QtQuick3D/designer/images/reflectionProbe@2x.png\n./venv/lib/python3.12/site-packages/PyQt6/Qt6/qml/QtQuick3D/designer/images/repeater3d.png\n./venv/lib/python3.12/site-packages/PyQt6/Qt6/qml/QtQuick3D/designer/images/repeater3d16.png\n./venv/lib/python3.12/site-packages/PyQt6/Qt6/qml/QtQuick3D/designer/images/repeater3d@2x.png\n./venv/lib/python3.12/site-packages/PyQt6/Qt6/qml/QtQuick3D/designer/images/resourceloader.png\n./venv/lib/python3.12/site-packages/PyQt6/Qt6/qml/QtQuick3D/designer/images/resourceloader16.png\n./venv/lib/python3.12/site-packages/PyQt6/Qt6/qml/QtQuick3D/designer/images/resourceloader@2x.png\n./venv/lib/python3.12/site-packages/PyQt6/Qt6/qml/QtQuick3D/designer/images/scene.png\n./venv/lib/python3.12/site-packages/PyQt6/Qt6/qml/QtQuick3D/designer/images/scene16.png\n./venv/lib/python3.12/site-packages/PyQt6/Qt6/qml/QtQuick3D/designer/images/scene@2x.png\n./venv/lib/python3.12/site-packages/PyQt6/Qt6/qml/QtQuick3D/designer/images/shadercommand.png\n./venv/lib/python3.12/site-packages/PyQt6/Qt6/qml/QtQuick3D/designer/images/shadercommand16.png\n./venv/lib/python3.12/site-packages/PyQt6/Qt6/qml/QtQuick3D/designer/images/shadercommand@2x.png\n./venv/lib/python3.12/site-packages/PyQt6/Qt6/qml/QtQuick3D/designer/images/shaderutil.png\n./venv/lib/python3.12/site-packages/PyQt6/Qt6/qml/QtQuick3D/designer/images/shaderutil16.png\n./venv/lib/python3.12/site-packages/PyQt6/Qt6/qml/QtQuick3D/designer/images/shaderutil@2x.png\n./venv/lib/python3.12/site-packages/PyQt6/Qt6/qml/QtQuick3D/designer/images/skeleton.png\n./venv/lib/python3.12/site-packages/PyQt6/Qt6/qml/QtQuick3D/designer/images/skeleton16.png\n./venv/lib/python3.12/site-packages/PyQt6/Qt6/qml/QtQuick3D/designer/images/skeleton@2x.png\n./venv/lib/python3.12/site-packages/PyQt6/Qt6/qml/QtQuick3D/designer/images/skin.png\n./venv/lib/python3.12/site-packages/PyQt6/Qt6/qml/QtQuick3D/designer/images/skin16.png\n./venv/lib/python3.12/site-packages/PyQt6/Qt6/qml/QtQuick3D/designer/images/skin@2x.png\n./venv/lib/python3.12/site-packages/PyQt6/Qt6/qml/QtQuick3D/designer/images/sphere.png\n./venv/lib/python3.12/site-packages/PyQt6/Qt6/qml/QtQuick3D/designer/images/sphere16.png\n./venv/lib/python3.12/site-packages/PyQt6/Qt6/qml/QtQuick3D/designer/images/sphere@2x.png\n./venv/lib/python3.12/site-packages/PyQt6/Qt6/qml/QtQuick3D/designer/images/texture.png\n./venv/lib/python3.12/site-packages/PyQt6/Qt6/qml/QtQuick3D/designer/images/texture16.png\n./venv/lib/python3.12/site-packages/PyQt6/Qt6/qml/QtQuick3D/designer/images/texture@2x.png\n./venv/lib/python3.12/site-packages/PyQt6/Qt6/qml/QtQuick3D/designer/images/view3D.png\n./venv/lib/python3.12/site-packages/PyQt6/Qt6/qml/QtQuick3D/designer/images/view3D16.png\n./venv/lib/python3.12/site-packages/PyQt6/Qt6/qml/QtQuick3D/designer/images/view3D@2x.png\n./venv/lib/python3.12/site-packages/PyQt6/Qt6/qml/QtQuick3D/designer/source/custom_material_default_shader.frag\n./venv/lib/python3.12/site-packages/PyQt6/Qt6/qml/QtQuick3D/designer/source/effect_default_shader.frag\n./venv/lib/python3.12/site-packages/PyQt6/Qt6/qml/QtQuick3D/designer/source/effect_template.qml\n./venv/lib/python3.12/site-packages/PyQt6/Qt6/qml/QtQuick3D/designer/source/view3D_template.qml\n./venv/lib/python3.12/site-packages/PyQt6/Qt6/qml/QtQuick3D/Particles3D/libqtquick3dparticles3dplugin.dylib\n./venv/lib/python3.12/site-packages/PyQt6/Qt6/qml/QtQuick3D/Particles3D/plugins.qmltypes\n./venv/lib/python3.12/site-packages/PyQt6/Qt6/qml/QtQuick3D/Particles3D/qmldir\n./venv/lib/python3.12/site-packages/PyQt6/Qt6/qml/QtQuick3D/Particles3D/designer/Affector3DSection.qml\n./venv/lib/python3.12/site-packages/PyQt6/Qt6/qml/QtQuick3D/Particles3D/designer/Affector3DSpecifics.qml\n./venv/lib/python3.12/site-packages/PyQt6/Qt6/qml/QtQuick3D/Particles3D/designer/Attractor3DSection.qml\n./venv/lib/python3.12/site-packages/PyQt6/Qt6/qml/QtQuick3D/Particles3D/designer/Attractor3DSpecifics.qml\n./venv/lib/python3.12/site-packages/PyQt6/Qt6/qml/QtQuick3D/Particles3D/designer/DynamicBurst3DSection.qml\n./venv/lib/python3.12/site-packages/PyQt6/Qt6/qml/QtQuick3D/Particles3D/designer/DynamicBurst3DSpecifics.qml\n./venv/lib/python3.12/site-packages/PyQt6/Qt6/qml/QtQuick3D/Particles3D/designer/EmitBurst3DSection.qml\n./venv/lib/python3.12/site-packages/PyQt6/Qt6/qml/QtQuick3D/Particles3D/designer/EmitBurst3DSpecifics.qml\n./venv/lib/python3.12/site-packages/PyQt6/Qt6/qml/QtQuick3D/Particles3D/designer/Gravity3DSection.qml\n./venv/lib/python3.12/site-packages/PyQt6/Qt6/qml/QtQuick3D/Particles3D/designer/Gravity3DSpecifics.qml\n./venv/lib/python3.12/site-packages/PyQt6/Qt6/qml/QtQuick3D/Particles3D/designer/LineParticle3DSection.qml\n./venv/lib/python3.12/site-packages/PyQt6/Qt6/qml/QtQuick3D/Particles3D/designer/LineParticle3DSpecifics.qml\n./venv/lib/python3.12/site-packages/PyQt6/Qt6/qml/QtQuick3D/Particles3D/designer/ModelBlendParticle3DSection.qml\n./venv/lib/python3.12/site-packages/PyQt6/Qt6/qml/QtQuick3D/Particles3D/designer/ModelBlendParticle3DSpecifics.qml\n./venv/lib/python3.12/site-packages/PyQt6/Qt6/qml/QtQuick3D/Particles3D/designer/ModelParticle3DSection.qml\n./venv/lib/python3.12/site-packages/PyQt6/Qt6/qml/QtQuick3D/Particles3D/designer/ModelParticle3DSpecifics.qml\n./venv/lib/python3.12/site-packages/PyQt6/Qt6/qml/QtQuick3D/Particles3D/designer/NodeSection.qml\n./venv/lib/python3.12/site-packages/PyQt6/Qt6/qml/QtQuick3D/Particles3D/designer/NodeSpecifics.qml\n./venv/lib/python3.12/site-packages/PyQt6/Qt6/qml/QtQuick3D/Particles3D/designer/Particle3DSection.qml\n./venv/lib/python3.12/site-packages/PyQt6/Qt6/qml/QtQuick3D/Particles3D/designer/Particle3DSpecifics.qml\n./venv/lib/python3.12/site-packages/PyQt6/Qt6/qml/QtQuick3D/Particles3D/designer/ParticleCustomShape3DSection.qml\n./venv/lib/python3.12/site-packages/PyQt6/Qt6/qml/QtQuick3D/Particles3D/designer/ParticleCustomShape3DSpecifics.qml\n./venv/lib/python3.12/site-packages/PyQt6/Qt6/qml/QtQuick3D/Particles3D/designer/ParticleEmitter3DSection.qml\n./venv/lib/python3.12/site-packages/PyQt6/Qt6/qml/QtQuick3D/Particles3D/designer/ParticleEmitter3DSpecifics.qml\n./venv/lib/python3.12/site-packages/PyQt6/Qt6/qml/QtQuick3D/Particles3D/designer/ParticleModelShape3DSection.qml\n./venv/lib/python3.12/site-packages/PyQt6/Qt6/qml/QtQuick3D/Particles3D/designer/ParticleModelShape3DSpecifics.qml\n./venv/lib/python3.12/site-packages/PyQt6/Qt6/qml/QtQuick3D/Particles3D/designer/ParticleShape3DSection.qml\n./venv/lib/python3.12/site-packages/PyQt6/Qt6/qml/QtQuick3D/Particles3D/designer/ParticleShape3DSpecifics.qml\n./venv/lib/python3.12/site-packages/PyQt6/Qt6/qml/QtQuick3D/Particles3D/designer/ParticleSystem3DSection.qml\n./venv/lib/python3.12/site-packages/PyQt6/Qt6/qml/QtQuick3D/Particles3D/designer/ParticleSystem3DSpecifics.qml\n./venv/lib/python3.12/site-packages/PyQt6/Qt6/qml/QtQuick3D/Particles3D/designer/PointRotator3DSection.qml\n./venv/lib/python3.12/site-packages/PyQt6/Qt6/qml/QtQuick3D/Particles3D/designer/PointRotator3DSpecifics.qml\n./venv/lib/python3.12/site-packages/PyQt6/Qt6/qml/QtQuick3D/Particles3D/designer/Repeller3DSection.qml\n./venv/lib/python3.12/site-packages/PyQt6/Qt6/qml/QtQuick3D/Particles3D/designer/Repeller3DSpecifics.qml\n./venv/lib/python3.12/site-packages/PyQt6/Qt6/qml/QtQuick3D/Particles3D/designer/ScaleAffector3DSection.qml\n./venv/lib/python3.12/site-packages/PyQt6/Qt6/qml/QtQuick3D/Particles3D/designer/ScaleAffector3DSpecifics.qml\n./venv/lib/python3.12/site-packages/PyQt6/Qt6/qml/QtQuick3D/Particles3D/designer/SpriteParticle3DSection.qml\n./venv/lib/python3.12/site-packages/PyQt6/Qt6/qml/QtQuick3D/Particles3D/designer/SpriteParticle3DSpecifics.qml\n./venv/lib/python3.12/site-packages/PyQt6/Qt6/qml/QtQuick3D/Particles3D/designer/SpriteSequence3DSection.qml\n./venv/lib/python3.12/site-packages/PyQt6/Qt6/qml/QtQuick3D/Particles3D/designer/SpriteSequence3DSpecifics.qml\n./venv/lib/python3.12/site-packages/PyQt6/Qt6/qml/QtQuick3D/Particles3D/designer/TargetDirection3DSection.qml\n./venv/lib/python3.12/site-packages/PyQt6/Qt6/qml/QtQuick3D/Particles3D/designer/TargetDirection3DSpecifics.qml\n./venv/lib/python3.12/site-packages/PyQt6/Qt6/qml/QtQuick3D/Particles3D/designer/TrailEmitter3DSection.qml\n./venv/lib/python3.12/site-packages/PyQt6/Qt6/qml/QtQuick3D/Particles3D/designer/TrailEmitter3DSpecifics.qml\n./venv/lib/python3.12/site-packages/PyQt6/Qt6/qml/QtQuick3D/Particles3D/designer/VectorDirection3DSection.qml\n./venv/lib/python3.12/site-packages/PyQt6/Qt6/qml/QtQuick3D/Particles3D/designer/VectorDirection3DSpecifics.qml\n./venv/lib/python3.12/site-packages/PyQt6/Qt6/qml/QtQuick3D/Particles3D/designer/Wander3DSection.qml\n./venv/lib/python3.12/site-packages/PyQt6/Qt6/qml/QtQuick3D/Particles3D/designer/Wander3DSpecifics.qml\n./venv/lib/python3.12/site-packages/PyQt6/Qt6/qml/QtQuick3D/Particles3D/designer/particles3d.metainfo\n./venv/lib/python3.12/site-packages/PyQt6/Qt6/qml/QtQuick3D/Particles3D/designer/images/attractor-16px.png\n./venv/lib/python3.12/site-packages/PyQt6/Qt6/qml/QtQuick3D/Particles3D/designer/images/attractor-24px.png\n./venv/lib/python3.12/site-packages/PyQt6/Qt6/qml/QtQuick3D/Particles3D/designer/images/attractor-24px@2x.png\n./venv/lib/python3.12/site-packages/PyQt6/Qt6/qml/QtQuick3D/Particles3D/designer/images/dummy.png\n./venv/lib/python3.12/site-packages/PyQt6/Qt6/qml/QtQuick3D/Particles3D/designer/images/dummy16.png\n./venv/lib/python3.12/site-packages/PyQt6/Qt6/qml/QtQuick3D/Particles3D/designer/images/dummy@2x.png\n./venv/lib/python3.12/site-packages/PyQt6/Qt6/qml/QtQuick3D/Particles3D/designer/images/emit-burst-16px.png\n./venv/lib/python3.12/site-packages/PyQt6/Qt6/qml/QtQuick3D/Particles3D/designer/images/emit-burst-24px.png\n./venv/lib/python3.12/site-packages/PyQt6/Qt6/qml/QtQuick3D/Particles3D/designer/images/emit-burst-24px@2x.png\n./venv/lib/python3.12/site-packages/PyQt6/Qt6/qml/QtQuick3D/Particles3D/designer/images/emitter-16px.png\n./venv/lib/python3.12/site-packages/PyQt6/Qt6/qml/QtQuick3D/Particles3D/designer/images/emitter-24px.png\n./venv/lib/python3.12/site-packages/PyQt6/Qt6/qml/QtQuick3D/Particles3D/designer/images/emitter-24px@2x.png\n./venv/lib/python3.12/site-packages/PyQt6/Qt6/qml/QtQuick3D/Particles3D/designer/images/gravity-16px.png\n./venv/lib/python3.12/site-packages/PyQt6/Qt6/qml/QtQuick3D/Particles3D/designer/images/gravity-24px.png\n./venv/lib/python3.12/site-packages/PyQt6/Qt6/qml/QtQuick3D/Particles3D/designer/images/gravity-24px@2x.png\n./venv/lib/python3.12/site-packages/PyQt6/Qt6/qml/QtQuick3D/Particles3D/designer/images/line-particle-16px.png\n./venv/lib/python3.12/site-packages/PyQt6/Qt6/qml/QtQuick3D/Particles3D/designer/images/line-particle-24px.png\n./venv/lib/python3.12/site-packages/PyQt6/Qt6/qml/QtQuick3D/Particles3D/designer/images/line-particle-24px@2x.png\n./venv/lib/python3.12/site-packages/PyQt6/Qt6/qml/QtQuick3D/Particles3D/designer/images/model-blend-particle-16px.png\n./venv/lib/python3.12/site-packages/PyQt6/Qt6/qml/QtQuick3D/Particles3D/designer/images/model-blend-particle-24px.png\n./venv/lib/python3.12/site-packages/PyQt6/Qt6/qml/QtQuick3D/Particles3D/designer/images/model-blend-particle-24px@2x.png\n./venv/lib/python3.12/site-packages/PyQt6/Qt6/qml/QtQuick3D/Particles3D/designer/images/model-particle-16px.png\n./venv/lib/python3.12/site-packages/PyQt6/Qt6/qml/QtQuick3D/Particles3D/designer/images/model-particle-24px.png\n./venv/lib/python3.12/site-packages/PyQt6/Qt6/qml/QtQuick3D/Particles3D/designer/images/model-particle-24px@2x.png\n./venv/lib/python3.12/site-packages/PyQt6/Qt6/qml/QtQuick3D/Particles3D/designer/images/model-shape-16px.png\n./venv/lib/python3.12/site-packages/PyQt6/Qt6/qml/QtQuick3D/Particles3D/designer/images/model-shape-24px.png\n./venv/lib/python3.12/site-packages/PyQt6/Qt6/qml/QtQuick3D/Particles3D/designer/images/model-shape-24px@2x.png\n./venv/lib/python3.12/site-packages/PyQt6/Qt6/qml/QtQuick3D/Particles3D/designer/images/particle-custom-shape-16px.png\n./venv/lib/python3.12/site-packages/PyQt6/Qt6/qml/QtQuick3D/Particles3D/designer/images/particle-custom-shape-24px.png\n./venv/lib/python3.12/site-packages/PyQt6/Qt6/qml/QtQuick3D/Particles3D/designer/images/particle-custom-shape-24px@2x.png\n./venv/lib/python3.12/site-packages/PyQt6/Qt6/qml/QtQuick3D/Particles3D/designer/images/particle-shape-16px.png\n./venv/lib/python3.12/site-packages/PyQt6/Qt6/qml/QtQuick3D/Particles3D/designer/images/particle-shape-24px.png\n./venv/lib/python3.12/site-packages/PyQt6/Qt6/qml/QtQuick3D/Particles3D/designer/images/particle-shape-24px@2x.png\n./venv/lib/python3.12/site-packages/PyQt6/Qt6/qml/QtQuick3D/Particles3D/designer/images/particle-system-16px.png\n./venv/lib/python3.12/site-packages/PyQt6/Qt6/qml/QtQuick3D/Particles3D/designer/images/particle-system-24px.png\n./venv/lib/python3.12/site-packages/PyQt6/Qt6/qml/QtQuick3D/Particles3D/designer/images/particle-system-24px@2x.png\n./venv/lib/python3.12/site-packages/PyQt6/Qt6/qml/QtQuick3D/Particles3D/designer/images/point-rotator-16px.png\n./venv/lib/python3.12/site-packages/PyQt6/Qt6/qml/QtQuick3D/Particles3D/designer/images/point-rotator-24px.png\n./venv/lib/python3.12/site-packages/PyQt6/Qt6/qml/QtQuick3D/Particles3D/designer/images/point-rotator-24px@2x.png\n./venv/lib/python3.12/site-packages/PyQt6/Qt6/qml/QtQuick3D/Particles3D/designer/images/repeller-16px.png\n./venv/lib/python3.12/site-packages/PyQt6/Qt6/qml/QtQuick3D/Particles3D/designer/images/repeller-24px.png\n./venv/lib/python3.12/site-packages/PyQt6/Qt6/qml/QtQuick3D/Particles3D/designer/images/repeller-24px@2x.png\n./venv/lib/python3.12/site-packages/PyQt6/Qt6/qml/QtQuick3D/Particles3D/designer/images/scale-affector-16px.png\n./venv/lib/python3.12/site-packages/PyQt6/Qt6/qml/QtQuick3D/Particles3D/designer/images/scale-affector-24px.png\n./venv/lib/python3.12/site-packages/PyQt6/Qt6/qml/QtQuick3D/Particles3D/designer/images/scale-affector-24px@2x.png\n./venv/lib/python3.12/site-packages/PyQt6/Qt6/qml/QtQuick3D/Particles3D/designer/images/sprite-particle-16px.png\n./venv/lib/python3.12/site-packages/PyQt6/Qt6/qml/QtQuick3D/Particles3D/designer/images/sprite-particle-24px.png\n./venv/lib/python3.12/site-packages/PyQt6/Qt6/qml/QtQuick3D/Particles3D/designer/images/sprite-particle-24px@2x.png\n./venv/lib/python3.12/site-packages/PyQt6/Qt6/qml/QtQuick3D/Particles3D/designer/images/sprite-sequence-16px.png\n./venv/lib/python3.12/site-packages/PyQt6/Qt6/qml/QtQuick3D/Particles3D/designer/images/sprite-sequence-24px.png\n./venv/lib/python3.12/site-packages/PyQt6/Qt6/qml/QtQuick3D/Particles3D/designer/images/sprite-sequence-24px@2x.png\n./venv/lib/python3.12/site-packages/PyQt6/Qt6/qml/QtQuick3D/Particles3D/designer/images/target-direction-16px.png\n./venv/lib/python3.12/site-packages/PyQt6/Qt6/qml/QtQuick3D/Particles3D/designer/images/target-direction-24px.png\n./venv/lib/python3.12/site-packages/PyQt6/Qt6/qml/QtQuick3D/Particles3D/designer/images/target-direction-24px@2x.png\n./venv/lib/python3.12/site-packages/PyQt6/Qt6/qml/QtQuick3D/Particles3D/designer/images/trail-emitter-16px.png\n./venv/lib/python3.12/site-packages/PyQt6/Qt6/qml/QtQuick3D/Particles3D/designer/images/trail-emitter-24px.png\n./venv/lib/python3.12/site-packages/PyQt6/Qt6/qml/QtQuick3D/Particles3D/designer/images/trail-emitter-24px@2x.png\n./venv/lib/python3.12/site-packages/PyQt6/Qt6/qml/QtQuick3D/Particles3D/designer/images/vector-direction-16px.png\n./venv/lib/python3.12/site-packages/PyQt6/Qt6/qml/QtQuick3D/Particles3D/designer/images/vector-direction-24px.png\n./venv/lib/python3.12/site-packages/PyQt6/Qt6/qml/QtQuick3D/Particles3D/designer/images/vector-direction-24px@2x.png\n./venv/lib/python3.12/site-packages/PyQt6/Qt6/qml/QtQuick3D/Particles3D/designer/images/wander-16px.png\n./venv/lib/python3.12/site-packages/PyQt6/Qt6/qml/QtQuick3D/Particles3D/designer/images/wander-24px.png\n./venv/lib/python3.12/site-packages/PyQt6/Qt6/qml/QtQuick3D/Particles3D/designer/images/wander-24px@2x.png\n./venv/lib/python3.12/site-packages/PyQt6/Qt6/qml/QtQuick3D/Particles3D/designer/source/particlesystem_animatedsprite_template.qml\n./venv/lib/python3.12/site-packages/PyQt6/Qt6/qml/QtQuick3D/Particles3D/designer/source/particlesystem_attractor_template.qml\n./venv/lib/python3.12/site-packages/PyQt6/Qt6/qml/QtQuick3D/Particles3D/designer/source/particlesystem_burst_template.qml\n./venv/lib/python3.12/site-packages/PyQt6/Qt6/qml/QtQuick3D/Particles3D/designer/source/particlesystem_modelblend_template.qml\n./venv/lib/python3.12/site-packages/PyQt6/Qt6/qml/QtQuick3D/Particles3D/designer/source/particlesystem_modelshape_template.qml\n./venv/lib/python3.12/site-packages/PyQt6/Qt6/qml/QtQuick3D/Particles3D/designer/source/particlesystem_particletrail_template.qml\n./venv/lib/python3.12/site-packages/PyQt6/Qt6/qml/QtQuick3D/Particles3D/designer/source/particlesystem_sprite_template.qml\n./venv/lib/python3.12/site-packages/PyQt6/Qt6/qml/QtQuick3D/Particles3D/designer/source/particlesystem_template.qml\n./venv/lib/python3.12/site-packages/PyQt6/Qt6/qml/QtQuick3D/Particles3D/designer/source/particlesystem_wander_template.qml\n./venv/lib/python3.12/site-packages/PyQt6/Qt6/qml/QtQuick3D/Physics/libqquick3dphysicsplugin.dylib\n./venv/lib/python3.12/site-packages/PyQt6/Qt6/qml/QtQuick3D/Physics/plugins.qmltypes\n./venv/lib/python3.12/site-packages/PyQt6/Qt6/qml/QtQuick3D/Physics/qmldir\n./venv/lib/python3.12/site-packages/PyQt6/Qt6/qml/QtQuick3D/Physics/designer/BoxShapeSection.qml\n./venv/lib/python3.12/site-packages/PyQt6/Qt6/qml/QtQuick3D/Physics/designer/BoxShapeSpecifics.qml\n./venv/lib/python3.12/site-packages/PyQt6/Qt6/qml/QtQuick3D/Physics/designer/CapsuleShapeSection.qml\n./venv/lib/python3.12/site-packages/PyQt6/Qt6/qml/QtQuick3D/Physics/designer/CapsuleShapeSpecifics.qml\n./venv/lib/python3.12/site-packages/PyQt6/Qt6/qml/QtQuick3D/Physics/designer/CharacterControllerSection.qml\n./venv/lib/python3.12/site-packages/PyQt6/Qt6/qml/QtQuick3D/Physics/designer/CharacterControllerSpecifics.qml\n./venv/lib/python3.12/site-packages/PyQt6/Qt6/qml/QtQuick3D/Physics/designer/CollisionShapeSection.qml\n./venv/lib/python3.12/site-packages/PyQt6/Qt6/qml/QtQuick3D/Physics/designer/ConvexMeshShapeSection.qml\n./venv/lib/python3.12/site-packages/PyQt6/Qt6/qml/QtQuick3D/Physics/designer/ConvexMeshShapeSpecifics.qml\n./venv/lib/python3.12/site-packages/PyQt6/Qt6/qml/QtQuick3D/Physics/designer/DynamicRigidBodySection.qml\n./venv/lib/python3.12/site-packages/PyQt6/Qt6/qml/QtQuick3D/Physics/designer/DynamicRigidBodySpecifics.qml\n./venv/lib/python3.12/site-packages/PyQt6/Qt6/qml/QtQuick3D/Physics/designer/HeightFieldShapeSection.qml\n./venv/lib/python3.12/site-packages/PyQt6/Qt6/qml/QtQuick3D/Physics/designer/HeightFieldShapeSpecifics.qml\n./venv/lib/python3.12/site-packages/PyQt6/Qt6/qml/QtQuick3D/Physics/designer/NodeSection.qml\n./venv/lib/python3.12/site-packages/PyQt6/Qt6/qml/QtQuick3D/Physics/designer/PhysicsBodySection.qml\n./venv/lib/python3.12/site-packages/PyQt6/Qt6/qml/QtQuick3D/Physics/designer/PhysicsMaterialSection.qml\n./venv/lib/python3.12/site-packages/PyQt6/Qt6/qml/QtQuick3D/Physics/designer/PhysicsMaterialSpecifics.qml\n./venv/lib/python3.12/site-packages/PyQt6/Qt6/qml/QtQuick3D/Physics/designer/PhysicsNodeSection.qml\n./venv/lib/python3.12/site-packages/PyQt6/Qt6/qml/QtQuick3D/Physics/designer/PhysicsWorldSection.qml\n./venv/lib/python3.12/site-packages/PyQt6/Qt6/qml/QtQuick3D/Physics/designer/PhysicsWorldSpecifics.qml\n./venv/lib/python3.12/site-packages/PyQt6/Qt6/qml/QtQuick3D/Physics/designer/PlaneShapeSpecifics.qml\n./venv/lib/python3.12/site-packages/PyQt6/Qt6/qml/QtQuick3D/Physics/designer/SphereShapeSection.qml\n./venv/lib/python3.12/site-packages/PyQt6/Qt6/qml/QtQuick3D/Physics/designer/SphereShapeSpecifics.qml\n./venv/lib/python3.12/site-packages/PyQt6/Qt6/qml/QtQuick3D/Physics/designer/StaticRigidBodySpecifics.qml\n./venv/lib/python3.12/site-packages/PyQt6/Qt6/qml/QtQuick3D/Physics/designer/TriangleMeshShapeSection.qml\n./venv/lib/python3.12/site-packages/PyQt6/Qt6/qml/QtQuick3D/Physics/designer/TriangleMeshShapeSpecifics.qml\n./venv/lib/python3.12/site-packages/PyQt6/Qt6/qml/QtQuick3D/Physics/designer/TriggerBodySpecifics.qml\n./venv/lib/python3.12/site-packages/PyQt6/Qt6/qml/QtQuick3D/Physics/designer/physics.metainfo\n./venv/lib/python3.12/site-packages/PyQt6/Qt6/qml/QtQuick3D/Physics/designer/images/boxshape.png\n./venv/lib/python3.12/site-packages/PyQt6/Qt6/qml/QtQuick3D/Physics/designer/images/boxshape16.png\n./venv/lib/python3.12/site-packages/PyQt6/Qt6/qml/QtQuick3D/Physics/designer/images/boxshape@2x.png\n./venv/lib/python3.12/site-packages/PyQt6/Qt6/qml/QtQuick3D/Physics/designer/images/capsuleshape.png\n./venv/lib/python3.12/site-packages/PyQt6/Qt6/qml/QtQuick3D/Physics/designer/images/capsuleshape16.png\n./venv/lib/python3.12/site-packages/PyQt6/Qt6/qml/QtQuick3D/Physics/designer/images/capsuleshape@2x.png\n./venv/lib/python3.12/site-packages/PyQt6/Qt6/qml/QtQuick3D/Physics/designer/images/charactercontroller.png\n./venv/lib/python3.12/site-packages/PyQt6/Qt6/qml/QtQuick3D/Physics/designer/images/charactercontroller16.png\n./venv/lib/python3.12/site-packages/PyQt6/Qt6/qml/QtQuick3D/Physics/designer/images/charactercontroller@2x.png\n./venv/lib/python3.12/site-packages/PyQt6/Qt6/qml/QtQuick3D/Physics/designer/images/convexmeshshape.png\n./venv/lib/python3.12/site-packages/PyQt6/Qt6/qml/QtQuick3D/Physics/designer/images/convexmeshshape16.png\n./venv/lib/python3.12/site-packages/PyQt6/Qt6/qml/QtQuick3D/Physics/designer/images/convexmeshshape@2x.png\n./venv/lib/python3.12/site-packages/PyQt6/Qt6/qml/QtQuick3D/Physics/designer/images/dynamicrigidbody.png\n./venv/lib/python3.12/site-packages/PyQt6/Qt6/qml/QtQuick3D/Physics/designer/images/dynamicrigidbody16.png\n./venv/lib/python3.12/site-packages/PyQt6/Qt6/qml/QtQuick3D/Physics/designer/images/dynamicrigidbody@2x.png\n./venv/lib/python3.12/site-packages/PyQt6/Qt6/qml/QtQuick3D/Physics/designer/images/heightfieldshape.png\n./venv/lib/python3.12/site-packages/PyQt6/Qt6/qml/QtQuick3D/Physics/designer/images/heightfieldshape16.png\n./venv/lib/python3.12/site-packages/PyQt6/Qt6/qml/QtQuick3D/Physics/designer/images/heightfieldshape@2x.png\n./venv/lib/python3.12/site-packages/PyQt6/Qt6/qml/QtQuick3D/Physics/designer/images/physicsmaterial.png\n./venv/lib/python3.12/site-packages/PyQt6/Qt6/qml/QtQuick3D/Physics/designer/images/physicsmaterial16.png\n./venv/lib/python3.12/site-packages/PyQt6/Qt6/qml/QtQuick3D/Physics/designer/images/physicsmaterial@2x.png\n./venv/lib/python3.12/site-packages/PyQt6/Qt6/qml/QtQuick3D/Physics/designer/images/physicsworld.png\n./venv/lib/python3.12/site-packages/PyQt6/Qt6/qml/QtQuick3D/Physics/designer/images/physicsworld16.png\n./venv/lib/python3.12/site-packages/PyQt6/Qt6/qml/QtQuick3D/Physics/designer/images/physicsworld@2x.png\n./venv/lib/python3.12/site-packages/PyQt6/Qt6/qml/QtQuick3D/Physics/designer/images/planeshape.png\n./venv/lib/python3.12/site-packages/PyQt6/Qt6/qml/QtQuick3D/Physics/designer/images/planeshape16.png\n./venv/lib/python3.12/site-packages/PyQt6/Qt6/qml/QtQuick3D/Physics/designer/images/planeshape@2x.png\n./venv/lib/python3.12/site-packages/PyQt6/Qt6/qml/QtQuick3D/Physics/designer/images/sphereshape.png\n./venv/lib/python3.12/site-packages/PyQt6/Qt6/qml/QtQuick3D/Physics/designer/images/sphereshape16.png\n./venv/lib/python3.12/site-packages/PyQt6/Qt6/qml/QtQuick3D/Physics/designer/images/sphereshape@2x.png\n./venv/lib/python3.12/site-packages/PyQt6/Qt6/qml/QtQuick3D/Physics/designer/images/staticrigidbody.png\n./venv/lib/python3.12/site-packages/PyQt6/Qt6/qml/QtQuick3D/Physics/designer/images/staticrigidbody16.png\n./venv/lib/python3.12/site-packages/PyQt6/Qt6/qml/QtQuick3D/Physics/designer/images/staticrigidbody@2x.png\n./venv/lib/python3.12/site-packages/PyQt6/Qt6/qml/QtQuick3D/Physics/designer/images/trianglemeshshape.png\n./venv/lib/python3.12/site-packages/PyQt6/Qt6/qml/QtQuick3D/Physics/designer/images/trianglemeshshape16.png\n./venv/lib/python3.12/site-packages/PyQt6/Qt6/qml/QtQuick3D/Physics/designer/images/trianglemeshshape@2x.png\n./venv/lib/python3.12/site-packages/PyQt6/Qt6/qml/QtQuick3D/Physics/designer/images/triggerbody.png\n./venv/lib/python3.12/site-packages/PyQt6/Qt6/qml/QtQuick3D/Physics/designer/images/triggerbody16.png\n./venv/lib/python3.12/site-packages/PyQt6/Qt6/qml/QtQuick3D/Physics/designer/images/triggerbody@2x.png\n./venv/lib/python3.12/site-packages/PyQt6/Qt6/qml/QtQuick3D/Physics/Helpers/libqtquick3dphysicshelpersplugin.dylib\n./venv/lib/python3.12/site-packages/PyQt6/Qt6/qml/QtQuick3D/Physics/Helpers/plugins.qmltypes\n./venv/lib/python3.12/site-packages/PyQt6/Qt6/qml/QtQuick3D/Physics/Helpers/qmldir\n./venv/lib/python3.12/site-packages/PyQt6/Qt6/qml/QtQuick3D/Effects/AdditiveColorGradient.qml\n./venv/lib/python3.12/site-packages/PyQt6/Qt6/qml/QtQuick3D/Effects/Blur.qml\n./venv/lib/python3.12/site-packages/PyQt6/Qt6/qml/QtQuick3D/Effects/BrushStrokes.qml\n./venv/lib/python3.12/site-packages/PyQt6/Qt6/qml/QtQuick3D/Effects/ChromaticAberration.qml\n./venv/lib/python3.12/site-packages/PyQt6/Qt6/qml/QtQuick3D/Effects/ColorMaster.qml\n./venv/lib/python3.12/site-packages/PyQt6/Qt6/qml/QtQuick3D/Effects/DepthOfFieldHQBlur.qml\n./venv/lib/python3.12/site-packages/PyQt6/Qt6/qml/QtQuick3D/Effects/Desaturate.qml\n./venv/lib/python3.12/site-packages/PyQt6/Qt6/qml/QtQuick3D/Effects/DistortionRipple.qml\n./venv/lib/python3.12/site-packages/PyQt6/Qt6/qml/QtQuick3D/Effects/DistortionSphere.qml\n./venv/lib/python3.12/site-packages/PyQt6/Qt6/qml/QtQuick3D/Effects/DistortionSpiral.qml\n./venv/lib/python3.12/site-packages/PyQt6/Qt6/qml/QtQuick3D/Effects/EdgeDetect.qml\n./venv/lib/python3.12/site-packages/PyQt6/Qt6/qml/QtQuick3D/Effects/Emboss.qml\n./venv/lib/python3.12/site-packages/PyQt6/Qt6/qml/QtQuick3D/Effects/Flip.qml\n./venv/lib/python3.12/site-packages/PyQt6/Qt6/qml/QtQuick3D/Effects/Fxaa.qml\n./venv/lib/python3.12/site-packages/PyQt6/Qt6/qml/QtQuick3D/Effects/GaussianBlur.qml\n./venv/lib/python3.12/site-packages/PyQt6/Qt6/qml/QtQuick3D/Effects/HDRBloomTonemap.qml\n./venv/lib/python3.12/site-packages/PyQt6/Qt6/qml/QtQuick3D/Effects/MotionBlur.qml\n./venv/lib/python3.12/site-packages/PyQt6/Qt6/qml/QtQuick3D/Effects/Quick3DEffects.qmltypes\n./venv/lib/python3.12/site-packages/PyQt6/Qt6/qml/QtQuick3D/Effects/SCurveTonemap.qml\n./venv/lib/python3.12/site-packages/PyQt6/Qt6/qml/QtQuick3D/Effects/Scatter.qml\n./venv/lib/python3.12/site-packages/PyQt6/Qt6/qml/QtQuick3D/Effects/TiltShift.qml\n./venv/lib/python3.12/site-packages/PyQt6/Qt6/qml/QtQuick3D/Effects/Vignette.qml\n./venv/lib/python3.12/site-packages/PyQt6/Qt6/qml/QtQuick3D/Effects/libqtquick3deffectplugin.dylib\n./venv/lib/python3.12/site-packages/PyQt6/Qt6/qml/QtQuick3D/Effects/qmldir\n./venv/lib/python3.12/site-packages/PyQt6/Qt6/qml/QtQuick3D/Effects/designer/AdditiveColorGradientSection.qml\n./venv/lib/python3.12/site-packages/PyQt6/Qt6/qml/QtQuick3D/Effects/designer/AdditiveColorGradientSpecifics.qml\n./venv/lib/python3.12/site-packages/PyQt6/Qt6/qml/QtQuick3D/Effects/designer/BlurSection.qml\n./venv/lib/python3.12/site-packages/PyQt6/Qt6/qml/QtQuick3D/Effects/designer/BlurSpecifics.qml\n./venv/lib/python3.12/site-packages/PyQt6/Qt6/qml/QtQuick3D/Effects/designer/BrushStrokesSection.qml\n./venv/lib/python3.12/site-packages/PyQt6/Qt6/qml/QtQuick3D/Effects/designer/BrushStrokesSpecifics.qml\n./venv/lib/python3.12/site-packages/PyQt6/Qt6/qml/QtQuick3D/Effects/designer/ChromaticAberrationSection.qml\n./venv/lib/python3.12/site-packages/PyQt6/Qt6/qml/QtQuick3D/Effects/designer/ChromaticAberrationSpecifics.qml\n./venv/lib/python3.12/site-packages/PyQt6/Qt6/qml/QtQuick3D/Effects/designer/ColorMasterSection.qml\n./venv/lib/python3.12/site-packages/PyQt6/Qt6/qml/QtQuick3D/Effects/designer/ColorMasterSpecifics.qml\n./venv/lib/python3.12/site-packages/PyQt6/Qt6/qml/QtQuick3D/Effects/designer/DepthOfFieldHQBlurSection.qml\n./venv/lib/python3.12/site-packages/PyQt6/Qt6/qml/QtQuick3D/Effects/designer/DepthOfFieldHQBlurSpecifics.qml\n./venv/lib/python3.12/site-packages/PyQt6/Qt6/qml/QtQuick3D/Effects/designer/DesaturateSection.qml\n./venv/lib/python3.12/site-packages/PyQt6/Qt6/qml/QtQuick3D/Effects/designer/DesaturateSpecifics.qml\n./venv/lib/python3.12/site-packages/PyQt6/Qt6/qml/QtQuick3D/Effects/designer/DistortionRippleSection.qml\n./venv/lib/python3.12/site-packages/PyQt6/Qt6/qml/QtQuick3D/Effects/designer/DistortionRippleSpecifics.qml\n./venv/lib/python3.12/site-packages/PyQt6/Qt6/qml/QtQuick3D/Effects/designer/DistortionSphereSection.qml\n./venv/lib/python3.12/site-packages/PyQt6/Qt6/qml/QtQuick3D/Effects/designer/DistortionSphereSpecifics.qml\n./venv/lib/python3.12/site-packages/PyQt6/Qt6/qml/QtQuick3D/Effects/designer/DistortionSpiralSection.qml\n./venv/lib/python3.12/site-packages/PyQt6/Qt6/qml/QtQuick3D/Effects/designer/DistortionSpiralSpecifics.qml\n./venv/lib/python3.12/site-packages/PyQt6/Qt6/qml/QtQuick3D/Effects/designer/EdgeDetectSection.qml\n./venv/lib/python3.12/site-packages/PyQt6/Qt6/qml/QtQuick3D/Effects/designer/EdgeDetectSpecifics.qml\n./venv/lib/python3.12/site-packages/PyQt6/Qt6/qml/QtQuick3D/Effects/designer/EmbossSection.qml\n./venv/lib/python3.12/site-packages/PyQt6/Qt6/qml/QtQuick3D/Effects/designer/EmbossSpecifics.qml\n./venv/lib/python3.12/site-packages/PyQt6/Qt6/qml/QtQuick3D/Effects/designer/FlipSection.qml\n./venv/lib/python3.12/site-packages/PyQt6/Qt6/qml/QtQuick3D/Effects/designer/FlipSpecifics.qml\n./venv/lib/python3.12/site-packages/PyQt6/Qt6/qml/QtQuick3D/Effects/designer/FxaaSection.qml\n./venv/lib/python3.12/site-packages/PyQt6/Qt6/qml/QtQuick3D/Effects/designer/FxaaSpecifics.qml\n./venv/lib/python3.12/site-packages/PyQt6/Qt6/qml/QtQuick3D/Effects/designer/GaussianBlurSection.qml\n./venv/lib/python3.12/site-packages/PyQt6/Qt6/qml/QtQuick3D/Effects/designer/GaussianBlurSpecifics.qml\n./venv/lib/python3.12/site-packages/PyQt6/Qt6/qml/QtQuick3D/Effects/designer/HDRBloomTonemapSection.qml\n./venv/lib/python3.12/site-packages/PyQt6/Qt6/qml/QtQuick3D/Effects/designer/HDRBloomTonemapSpecifics.qml\n./venv/lib/python3.12/site-packages/PyQt6/Qt6/qml/QtQuick3D/Effects/designer/MotionBlurSection.qml\n./venv/lib/python3.12/site-packages/PyQt6/Qt6/qml/QtQuick3D/Effects/designer/MotionBlurSpecifics.qml\n./venv/lib/python3.12/site-packages/PyQt6/Qt6/qml/QtQuick3D/Effects/designer/SCurveTonemapSection.qml\n./venv/lib/python3.12/site-packages/PyQt6/Qt6/qml/QtQuick3D/Effects/designer/SCurveTonemapSpecifics.qml\n./venv/lib/python3.12/site-packages/PyQt6/Qt6/qml/QtQuick3D/Effects/designer/ScatterSection.qml\n./venv/lib/python3.12/site-packages/PyQt6/Qt6/qml/QtQuick3D/Effects/designer/ScatterSpecifics.qml\n./venv/lib/python3.12/site-packages/PyQt6/Qt6/qml/QtQuick3D/Effects/designer/TiltShiftSection.qml\n./venv/lib/python3.12/site-packages/PyQt6/Qt6/qml/QtQuick3D/Effects/designer/TiltShiftSpecifics.qml\n./venv/lib/python3.12/site-packages/PyQt6/Qt6/qml/QtQuick3D/Effects/designer/VignetteSection.qml\n./venv/lib/python3.12/site-packages/PyQt6/Qt6/qml/QtQuick3D/Effects/designer/VignetteSpecifics.qml\n./venv/lib/python3.12/site-packages/PyQt6/Qt6/qml/QtQuick3D/Effects/designer/effectlib.metainfo\n./venv/lib/python3.12/site-packages/PyQt6/Qt6/qml/QtQuick3D/Effects/designer/images/effect.png\n./venv/lib/python3.12/site-packages/PyQt6/Qt6/qml/QtQuick3D/Effects/designer/images/effect16.png\n./venv/lib/python3.12/site-packages/PyQt6/Qt6/qml/QtQuick3D/Effects/designer/images/effect@2x.png\n./venv/lib/python3.12/site-packages/PyQt6/Qt6/qml/QtQuick3D/Helpers/AxisHelper.qml\n./venv/lib/python3.12/site-packages/PyQt6/Qt6/qml/QtQuick3D/Helpers/DebugView.qml\n./venv/lib/python3.12/site-packages/PyQt6/Qt6/qml/QtQuick3D/Helpers/ExtendedSceneEnvironment.qml\n./venv/lib/python3.12/site-packages/PyQt6/Qt6/qml/QtQuick3D/Helpers/LodManager.qml\n./venv/lib/python3.12/site-packages/PyQt6/Qt6/qml/QtQuick3D/Helpers/OrbitCameraController.qml\n./venv/lib/python3.12/site-packages/PyQt6/Qt6/qml/QtQuick3D/Helpers/WasdController.qml\n./venv/lib/python3.12/site-packages/PyQt6/Qt6/qml/QtQuick3D/Helpers/libqtquick3dhelpersplugin.dylib\n./venv/lib/python3.12/site-packages/PyQt6/Qt6/qml/QtQuick3D/Helpers/plugins.qmltypes\n./venv/lib/python3.12/site-packages/PyQt6/Qt6/qml/QtQuick3D/Helpers/qmldir\n./venv/lib/python3.12/site-packages/PyQt6/Qt6/qml/QtQuick3D/Helpers/impl/DepthOfFieldBlur.qml\n./venv/lib/python3.12/site-packages/PyQt6/Qt6/qml/QtQuick3D/Helpers/impl/SceneEffect.qml\n./venv/lib/python3.12/site-packages/PyQt6/Qt6/qml/QtQuick3D/Helpers/impl/libqtquick3dhelpersimplplugin.dylib\n./venv/lib/python3.12/site-packages/PyQt6/Qt6/qml/QtQuick3D/Helpers/impl/plugins.qmltypes\n./venv/lib/python3.12/site-packages/PyQt6/Qt6/qml/QtQuick3D/Helpers/impl/qmldir\n./venv/lib/python3.12/site-packages/PyQt6/Qt6/qml/QtQuick3D/Helpers/meshes/axisGrid.mesh\n./venv/lib/python3.12/site-packages/PyQt6/Qt6/qml/QtQuick3D/Helpers/designer/AxisHelperSection.qml\n./venv/lib/python3.12/site-packages/PyQt6/Qt6/qml/QtQuick3D/Helpers/designer/AxisHelperSpecifics.qml\n./venv/lib/python3.12/site-packages/PyQt6/Qt6/qml/QtQuick3D/Helpers/designer/DebugViewSection.qml\n./venv/lib/python3.12/site-packages/PyQt6/Qt6/qml/QtQuick3D/Helpers/designer/DebugViewSpecifics.qml\n./venv/lib/python3.12/site-packages/PyQt6/Qt6/qml/QtQuick3D/Helpers/designer/ExtendedSceneEnvironmentSection.qml\n./venv/lib/python3.12/site-packages/PyQt6/Qt6/qml/QtQuick3D/Helpers/designer/ExtendedSceneEnvironmentSpecifics.qml\n./venv/lib/python3.12/site-packages/PyQt6/Qt6/qml/QtQuick3D/Helpers/designer/GridGeometrySection.qml\n./venv/lib/python3.12/site-packages/PyQt6/Qt6/qml/QtQuick3D/Helpers/designer/GridGeometrySpecifics.qml\n./venv/lib/python3.12/site-packages/PyQt6/Qt6/qml/QtQuick3D/Helpers/designer/HeightFieldGeometrySection.qml\n./venv/lib/python3.12/site-packages/PyQt6/Qt6/qml/QtQuick3D/Helpers/designer/HeightFieldGeometrySpecifics.qml\n./venv/lib/python3.12/site-packages/PyQt6/Qt6/qml/QtQuick3D/Helpers/designer/InfiniteGridSection.qml\n./venv/lib/python3.12/site-packages/PyQt6/Qt6/qml/QtQuick3D/Helpers/designer/InfiniteGridSpecifics.qml\n./venv/lib/python3.12/site-packages/PyQt6/Qt6/qml/QtQuick3D/Helpers/designer/InstanceModelSection.qml\n./venv/lib/python3.12/site-packages/PyQt6/Qt6/qml/QtQuick3D/Helpers/designer/InstanceModelSpecifics.qml\n./venv/lib/python3.12/site-packages/PyQt6/Qt6/qml/QtQuick3D/Helpers/designer/InstanceRepeaterSection.qml\n./venv/lib/python3.12/site-packages/PyQt6/Qt6/qml/QtQuick3D/Helpers/designer/InstanceRepeaterSpecifics.qml\n./venv/lib/python3.12/site-packages/PyQt6/Qt6/qml/QtQuick3D/Helpers/designer/LodManagerSection.qml\n./venv/lib/python3.12/site-packages/PyQt6/Qt6/qml/QtQuick3D/Helpers/designer/LodManagerSpecifics.qml\n./venv/lib/python3.12/site-packages/PyQt6/Qt6/qml/QtQuick3D/Helpers/designer/LookAtNodeSection.qml\n./venv/lib/python3.12/site-packages/PyQt6/Qt6/qml/QtQuick3D/Helpers/designer/LookAtNodeSpecifics.qml\n./venv/lib/python3.12/site-packages/PyQt6/Qt6/qml/QtQuick3D/Helpers/designer/NodeSection.qml\n./venv/lib/python3.12/site-packages/PyQt6/Qt6/qml/QtQuick3D/Helpers/designer/OrbitCameraControllerSection.qml\n./venv/lib/python3.12/site-packages/PyQt6/Qt6/qml/QtQuick3D/Helpers/designer/OrbitCameraControllerSpecifics.qml\n./venv/lib/python3.12/site-packages/PyQt6/Qt6/qml/QtQuick3D/Helpers/designer/ProceduralSkyTextureDataSection.qml\n./venv/lib/python3.12/site-packages/PyQt6/Qt6/qml/QtQuick3D/Helpers/designer/ProceduralSkyTextureDataSpecifics.qml\n./venv/lib/python3.12/site-packages/PyQt6/Qt6/qml/QtQuick3D/Helpers/designer/Repeater3DSection.qml\n./venv/lib/python3.12/site-packages/PyQt6/Qt6/qml/QtQuick3D/Helpers/designer/WasdControllerSection.qml\n./venv/lib/python3.12/site-packages/PyQt6/Qt6/qml/QtQuick3D/Helpers/designer/WasdControllerSpecifics.qml\n./venv/lib/python3.12/site-packages/PyQt6/Qt6/qml/QtQuick3D/Helpers/designer/helpers.metainfo\n./venv/lib/python3.12/site-packages/PyQt6/Qt6/qml/QtQuick3D/Helpers/designer/images/axishelper.png\n./venv/lib/python3.12/site-packages/PyQt6/Qt6/qml/QtQuick3D/Helpers/designer/images/axishelper16.png\n./venv/lib/python3.12/site-packages/PyQt6/Qt6/qml/QtQuick3D/Helpers/designer/images/axishelper@2x.png\n./venv/lib/python3.12/site-packages/PyQt6/Qt6/qml/QtQuick3D/Helpers/designer/images/debugview.png\n./venv/lib/python3.12/site-packages/PyQt6/Qt6/qml/QtQuick3D/Helpers/designer/images/debugview16.png\n./venv/lib/python3.12/site-packages/PyQt6/Qt6/qml/QtQuick3D/Helpers/designer/images/debugview@2x.png\n./venv/lib/python3.12/site-packages/PyQt6/Qt6/qml/QtQuick3D/Helpers/designer/images/dummy.png\n./venv/lib/python3.12/site-packages/PyQt6/Qt6/qml/QtQuick3D/Helpers/designer/images/dummy16.png\n./venv/lib/python3.12/site-packages/PyQt6/Qt6/qml/QtQuick3D/Helpers/designer/images/dummy@2x.png\n./venv/lib/python3.12/site-packages/PyQt6/Qt6/qml/QtQuick3D/Helpers/designer/images/extendedsceneenvironment.png\n./venv/lib/python3.12/site-packages/PyQt6/Qt6/qml/QtQuick3D/Helpers/designer/images/extendedsceneenvironment16.png\n./venv/lib/python3.12/site-packages/PyQt6/Qt6/qml/QtQuick3D/Helpers/designer/images/extendedsceneenvironment@2x.png\n./venv/lib/python3.12/site-packages/PyQt6/Qt6/qml/QtQuick3D/Helpers/designer/images/gridgeometry.png\n./venv/lib/python3.12/site-packages/PyQt6/Qt6/qml/QtQuick3D/Helpers/designer/images/gridgeometry16.png\n./venv/lib/python3.12/site-packages/PyQt6/Qt6/qml/QtQuick3D/Helpers/designer/images/gridgeometry@2x.png\n./venv/lib/python3.12/site-packages/PyQt6/Qt6/qml/QtQuick3D/Helpers/designer/images/heightfieldgeometry.png\n./venv/lib/python3.12/site-packages/PyQt6/Qt6/qml/QtQuick3D/Helpers/designer/images/heightfieldgeometry16.png\n./venv/lib/python3.12/site-packages/PyQt6/Qt6/qml/QtQuick3D/Helpers/designer/images/heightfieldgeometry@2x.png\n./venv/lib/python3.12/site-packages/PyQt6/Qt6/qml/QtQuick3D/Helpers/designer/images/infinitegrid.png\n./venv/lib/python3.12/site-packages/PyQt6/Qt6/qml/QtQuick3D/Helpers/designer/images/infinitegrid16.png\n./venv/lib/python3.12/site-packages/PyQt6/Qt6/qml/QtQuick3D/Helpers/designer/images/infinitegrid@2x.png\n./venv/lib/python3.12/site-packages/PyQt6/Qt6/qml/QtQuick3D/Helpers/designer/images/instancemodel.png\n./venv/lib/python3.12/site-packages/PyQt6/Qt6/qml/QtQuick3D/Helpers/designer/images/instancemodel16.png\n./venv/lib/python3.12/site-packages/PyQt6/Qt6/qml/QtQuick3D/Helpers/designer/images/instancemodel@2x.png\n./venv/lib/python3.12/site-packages/PyQt6/Qt6/qml/QtQuick3D/Helpers/designer/images/instancerepeater.png\n./venv/lib/python3.12/site-packages/PyQt6/Qt6/qml/QtQuick3D/Helpers/designer/images/instancerepeater16.png\n./venv/lib/python3.12/site-packages/PyQt6/Qt6/qml/QtQuick3D/Helpers/designer/images/instancerepeater@2x.png\n./venv/lib/python3.12/site-packages/PyQt6/Qt6/qml/QtQuick3D/Helpers/designer/images/lodmanager.png\n./venv/lib/python3.12/site-packages/PyQt6/Qt6/qml/QtQuick3D/Helpers/designer/images/lodmanager16.png\n./venv/lib/python3.12/site-packages/PyQt6/Qt6/qml/QtQuick3D/Helpers/designer/images/lodmanager@2x.png\n./venv/lib/python3.12/site-packages/PyQt6/Qt6/qml/QtQuick3D/Helpers/designer/images/lookatnode.png\n./venv/lib/python3.12/site-packages/PyQt6/Qt6/qml/QtQuick3D/Helpers/designer/images/lookatnode16.png\n./venv/lib/python3.12/site-packages/PyQt6/Qt6/qml/QtQuick3D/Helpers/designer/images/lookatnode@2x.png\n./venv/lib/python3.12/site-packages/PyQt6/Qt6/qml/QtQuick3D/Helpers/designer/images/orbitcameracontroller.png\n./venv/lib/python3.12/site-packages/PyQt6/Qt6/qml/QtQuick3D/Helpers/designer/images/orbitcameracontroller16.png\n./venv/lib/python3.12/site-packages/PyQt6/Qt6/qml/QtQuick3D/Helpers/designer/images/orbitcameracontroller@2x.png\n./venv/lib/python3.12/site-packages/PyQt6/Qt6/qml/QtQuick3D/Helpers/designer/images/proceduralskytexturedata.png\n./venv/lib/python3.12/site-packages/PyQt6/Qt6/qml/QtQuick3D/Helpers/designer/images/proceduralskytexturedata16.png\n./venv/lib/python3.12/site-packages/PyQt6/Qt6/qml/QtQuick3D/Helpers/designer/images/proceduralskytexturedata@2x.png\n./venv/lib/python3.12/site-packages/PyQt6/Qt6/qml/QtQuick3D/Helpers/designer/images/wasdcontroller.png\n./venv/lib/python3.12/site-packages/PyQt6/Qt6/qml/QtQuick3D/Helpers/designer/images/wasdcontroller16.png\n./venv/lib/python3.12/site-packages/PyQt6/Qt6/qml/QtQuick3D/Helpers/designer/images/wasdcontroller@2x.png\n./venv/lib/python3.12/site-packages/PyQt6/Qt6/qml/QtRemoteObjects/libdeclarative_remoteobjectsplugin.dylib\n./venv/lib/python3.12/site-packages/PyQt6/Qt6/qml/QtRemoteObjects/plugins.qmltypes\n./venv/lib/python3.12/site-packages/PyQt6/Qt6/qml/QtRemoteObjects/qmldir\n./venv/lib/python3.12/site-packages/PyQt6/Qt6/qml/QtSensors/libsensorsquickplugin.dylib\n./venv/lib/python3.12/site-packages/PyQt6/Qt6/qml/QtSensors/plugins.qmltypes\n./venv/lib/python3.12/site-packages/PyQt6/Qt6/qml/QtSensors/qmldir\n./venv/lib/python3.12/site-packages/PyQt6/Qt6/qml/QtQuick/libqtquick2plugin.dylib\n./venv/lib/python3.12/site-packages/PyQt6/Qt6/qml/QtQuick/plugins.qmltypes\n./venv/lib/python3.12/site-packages/PyQt6/Qt6/qml/QtQuick/qmldir\n./venv/lib/python3.12/site-packages/PyQt6/Qt6/qml/QtQuick/tooling/Component.qml\n./venv/lib/python3.12/site-packages/PyQt6/Qt6/qml/QtQuick/tooling/Enum.qml\n./venv/lib/python3.12/site-packages/PyQt6/Qt6/qml/QtQuick/tooling/Member.qml\n./venv/lib/python3.12/site-packages/PyQt6/Qt6/qml/QtQuick/tooling/Method.qml\n./venv/lib/python3.12/site-packages/PyQt6/Qt6/qml/QtQuick/tooling/Module.qml\n./venv/lib/python3.12/site-packages/PyQt6/Qt6/qml/QtQuick/tooling/Parameter.qml\n./venv/lib/python3.12/site-packages/PyQt6/Qt6/qml/QtQuick/tooling/Property.qml\n./venv/lib/python3.12/site-packages/PyQt6/Qt6/qml/QtQuick/tooling/Signal.qml\n./venv/lib/python3.12/site-packages/PyQt6/Qt6/qml/QtQuick/tooling/libquicktoolingplugin.dylib\n./venv/lib/python3.12/site-packages/PyQt6/Qt6/qml/QtQuick/tooling/qmldir\n./venv/lib/python3.12/site-packages/PyQt6/Qt6/qml/QtQuick/tooling/quicktooling.qmltypes\n./venv/lib/python3.12/site-packages/PyQt6/Qt6/qml/QtQuick/Scene2D/libqtquickscene2dplugin.dylib\n./venv/lib/python3.12/site-packages/PyQt6/Qt6/qml/QtQuick/Scene2D/plugins.qmltypes\n./venv/lib/python3.12/site-packages/PyQt6/Qt6/qml/QtQuick/Scene2D/qmldir\n./venv/lib/python3.12/site-packages/PyQt6/Qt6/qml/QtQuick/Pdf/PdfLinkDelegate.qml\n./venv/lib/python3.12/site-packages/PyQt6/Qt6/qml/QtQuick/Pdf/PdfMultiPageView.qml\n./venv/lib/python3.12/site-packages/PyQt6/Qt6/qml/QtQuick/Pdf/PdfPageView.qml\n./venv/lib/python3.12/site-packages/PyQt6/Qt6/qml/QtQuick/Pdf/PdfScrollablePageView.qml\n./venv/lib/python3.12/site-packages/PyQt6/Qt6/qml/QtQuick/Pdf/PdfStyle.qml\n./venv/lib/python3.12/site-packages/PyQt6/Qt6/qml/QtQuick/Pdf/libpdfquickplugin.dylib\n./venv/lib/python3.12/site-packages/PyQt6/Qt6/qml/QtQuick/Pdf/plugins.qmltypes\n./venv/lib/python3.12/site-packages/PyQt6/Qt6/qml/QtQuick/Pdf/qmldir\n./venv/lib/python3.12/site-packages/PyQt6/Qt6/qml/QtQuick/Pdf/+Universal/PdfStyle.qml\n./venv/lib/python3.12/site-packages/PyQt6/Qt6/qml/QtQuick/Pdf/+Material/PdfStyle.qml\n./venv/lib/python3.12/site-packages/PyQt6/Qt6/qml/QtQuick/Shapes/libqmlshapesplugin.dylib\n./venv/lib/python3.12/site-packages/PyQt6/Qt6/qml/QtQuick/Shapes/plugins.qmltypes\n./venv/lib/python3.12/site-packages/PyQt6/Qt6/qml/QtQuick/Shapes/qmldir\n./venv/lib/python3.12/site-packages/PyQt6/Qt6/qml/QtQuick/Shapes/DesignHelpers/libqtquickshapesdesignhelpersplugin.dylib\n./venv/lib/python3.12/site-packages/PyQt6/Qt6/qml/QtQuick/Shapes/DesignHelpers/plugins.qmltypes\n./venv/lib/python3.12/site-packages/PyQt6/Qt6/qml/QtQuick/Shapes/DesignHelpers/qmldir\n./venv/lib/python3.12/site-packages/PyQt6/Qt6/qml/QtQuick/Particles/libparticlesplugin.dylib\n./venv/lib/python3.12/site-packages/PyQt6/Qt6/qml/QtQuick/Particles/plugins.qmltypes\n./venv/lib/python3.12/site-packages/PyQt6/Qt6/qml/QtQuick/Particles/qmldir\n./venv/lib/python3.12/site-packages/PyQt6/Qt6/qml/QtQuick/VectorImage/libqquickvectorimageplugin.dylib\n./venv/lib/python3.12/site-packages/PyQt6/Qt6/qml/QtQuick/VectorImage/plugins.qmltypes\n./venv/lib/python3.12/site-packages/PyQt6/Qt6/qml/QtQuick/VectorImage/qmldir\n./venv/lib/python3.12/site-packages/PyQt6/Qt6/qml/QtQuick/VectorImage/Helpers/libqquickvectorimagehelpersplugin.dylib\n./venv/lib/python3.12/site-packages/PyQt6/Qt6/qml/QtQuick/VectorImage/Helpers/plugins.qmltypes\n./venv/lib/python3.12/site-packages/PyQt6/Qt6/qml/QtQuick/VectorImage/Helpers/qmldir\n./venv/lib/python3.12/site-packages/PyQt6/Qt6/qml/QtQuick/Controls/libqtquickcontrols2plugin.dylib\n./venv/lib/python3.12/site-packages/PyQt6/Qt6/qml/QtQuick/Controls/plugins.qmltypes\n./venv/lib/python3.12/site-packages/PyQt6/Qt6/qml/QtQuick/Controls/qmldir\n./venv/lib/python3.12/site-packages/PyQt6/Qt6/qml/QtQuick/Controls/Fusion/ApplicationWindow.qml\n./venv/lib/python3.12/site-packages/PyQt6/Qt6/qml/QtQuick/Controls/Fusion/BusyIndicator.qml\n./venv/lib/python3.12/site-packages/PyQt6/Qt6/qml/QtQuick/Controls/Fusion/Button.qml\n./venv/lib/python3.12/site-packages/PyQt6/Qt6/qml/QtQuick/Controls/Fusion/CheckBox.qml\n./venv/lib/python3.12/site-packages/PyQt6/Qt6/qml/QtQuick/Controls/Fusion/CheckDelegate.qml\n./venv/lib/python3.12/site-packages/PyQt6/Qt6/qml/QtQuick/Controls/Fusion/ComboBox.qml\n./venv/lib/python3.12/site-packages/PyQt6/Qt6/qml/QtQuick/Controls/Fusion/DelayButton.qml\n./venv/lib/python3.12/site-packages/PyQt6/Qt6/qml/QtQuick/Controls/Fusion/Dial.qml\n./venv/lib/python3.12/site-packages/PyQt6/Qt6/qml/QtQuick/Controls/Fusion/Dialog.qml\n./venv/lib/python3.12/site-packages/PyQt6/Qt6/qml/QtQuick/Controls/Fusion/DialogButtonBox.qml\n./venv/lib/python3.12/site-packages/PyQt6/Qt6/qml/QtQuick/Controls/Fusion/Drawer.qml\n./venv/lib/python3.12/site-packages/PyQt6/Qt6/qml/QtQuick/Controls/Fusion/Frame.qml\n./venv/lib/python3.12/site-packages/PyQt6/Qt6/qml/QtQuick/Controls/Fusion/GroupBox.qml\n./venv/lib/python3.12/site-packages/PyQt6/Qt6/qml/QtQuick/Controls/Fusion/HorizontalHeaderView.qml\n./venv/lib/python3.12/site-packages/PyQt6/Qt6/qml/QtQuick/Controls/Fusion/HorizontalHeaderViewDelegate.qml\n./venv/lib/python3.12/site-packages/PyQt6/Qt6/qml/QtQuick/Controls/Fusion/ItemDelegate.qml\n./venv/lib/python3.12/site-packages/PyQt6/Qt6/qml/QtQuick/Controls/Fusion/Label.qml\n./venv/lib/python3.12/site-packages/PyQt6/Qt6/qml/QtQuick/Controls/Fusion/Menu.qml\n./venv/lib/python3.12/site-packages/PyQt6/Qt6/qml/QtQuick/Controls/Fusion/MenuBar.qml\n./venv/lib/python3.12/site-packages/PyQt6/Qt6/qml/QtQuick/Controls/Fusion/MenuBarItem.qml\n./venv/lib/python3.12/site-packages/PyQt6/Qt6/qml/QtQuick/Controls/Fusion/MenuItem.qml\n./venv/lib/python3.12/site-packages/PyQt6/Qt6/qml/QtQuick/Controls/Fusion/MenuSeparator.qml\n./venv/lib/python3.12/site-packages/PyQt6/Qt6/qml/QtQuick/Controls/Fusion/Page.qml\n./venv/lib/python3.12/site-packages/PyQt6/Qt6/qml/QtQuick/Controls/Fusion/PageIndicator.qml\n./venv/lib/python3.12/site-packages/PyQt6/Qt6/qml/QtQuick/Controls/Fusion/Pane.qml\n./venv/lib/python3.12/site-packages/PyQt6/Qt6/qml/QtQuick/Controls/Fusion/Popup.qml\n./venv/lib/python3.12/site-packages/PyQt6/Qt6/qml/QtQuick/Controls/Fusion/ProgressBar.qml\n./venv/lib/python3.12/site-packages/PyQt6/Qt6/qml/QtQuick/Controls/Fusion/RadioButton.qml\n./venv/lib/python3.12/site-packages/PyQt6/Qt6/qml/QtQuick/Controls/Fusion/RadioDelegate.qml\n./venv/lib/python3.12/site-packages/PyQt6/Qt6/qml/QtQuick/Controls/Fusion/RangeSlider.qml\n./venv/lib/python3.12/site-packages/PyQt6/Qt6/qml/QtQuick/Controls/Fusion/RoundButton.qml\n./venv/lib/python3.12/site-packages/PyQt6/Qt6/qml/QtQuick/Controls/Fusion/ScrollBar.qml\n./venv/lib/python3.12/site-packages/PyQt6/Qt6/qml/QtQuick/Controls/Fusion/ScrollIndicator.qml\n./venv/lib/python3.12/site-packages/PyQt6/Qt6/qml/QtQuick/Controls/Fusion/ScrollView.qml\n./venv/lib/python3.12/site-packages/PyQt6/Qt6/qml/QtQuick/Controls/Fusion/SearchField.qml\n./venv/lib/python3.12/site-packages/PyQt6/Qt6/qml/QtQuick/Controls/Fusion/SelectionRectangle.qml\n./venv/lib/python3.12/site-packages/PyQt6/Qt6/qml/QtQuick/Controls/Fusion/Slider.qml\n./venv/lib/python3.12/site-packages/PyQt6/Qt6/qml/QtQuick/Controls/Fusion/SpinBox.qml\n./venv/lib/python3.12/site-packages/PyQt6/Qt6/qml/QtQuick/Controls/Fusion/SplitView.qml\n./venv/lib/python3.12/site-packages/PyQt6/Qt6/qml/QtQuick/Controls/Fusion/SwipeDelegate.qml\n./venv/lib/python3.12/site-packages/PyQt6/Qt6/qml/QtQuick/Controls/Fusion/Switch.qml\n./venv/lib/python3.12/site-packages/PyQt6/Qt6/qml/QtQuick/Controls/Fusion/SwitchDelegate.qml\n./venv/lib/python3.12/site-packages/PyQt6/Qt6/qml/QtQuick/Controls/Fusion/TabBar.qml\n./venv/lib/python3.12/site-packages/PyQt6/Qt6/qml/QtQuick/Controls/Fusion/TabButton.qml\n./venv/lib/python3.12/site-packages/PyQt6/Qt6/qml/QtQuick/Controls/Fusion/TextArea.qml\n./venv/lib/python3.12/site-packages/PyQt6/Qt6/qml/QtQuick/Controls/Fusion/TextField.qml\n./venv/lib/python3.12/site-packages/PyQt6/Qt6/qml/QtQuick/Controls/Fusion/ToolBar.qml\n./venv/lib/python3.12/site-packages/PyQt6/Qt6/qml/QtQuick/Controls/Fusion/ToolButton.qml\n./venv/lib/python3.12/site-packages/PyQt6/Qt6/qml/QtQuick/Controls/Fusion/ToolSeparator.qml\n./venv/lib/python3.12/site-packages/PyQt6/Qt6/qml/QtQuick/Controls/Fusion/ToolTip.qml\n./venv/lib/python3.12/site-packages/PyQt6/Qt6/qml/QtQuick/Controls/Fusion/TreeViewDelegate.qml\n./venv/lib/python3.12/site-packages/PyQt6/Qt6/qml/QtQuick/Controls/Fusion/Tumbler.qml\n./venv/lib/python3.12/site-packages/PyQt6/Qt6/qml/QtQuick/Controls/Fusion/VerticalHeaderView.qml\n./venv/lib/python3.12/site-packages/PyQt6/Qt6/qml/QtQuick/Controls/Fusion/VerticalHeaderViewDelegate.qml\n./venv/lib/python3.12/site-packages/PyQt6/Qt6/qml/QtQuick/Controls/Fusion/libqtquickcontrols2fusionstyleplugin.dylib\n./venv/lib/python3.12/site-packages/PyQt6/Qt6/qml/QtQuick/Controls/Fusion/plugins.qmltypes\n./venv/lib/python3.12/site-packages/PyQt6/Qt6/qml/QtQuick/Controls/Fusion/qmldir\n./venv/lib/python3.12/site-packages/PyQt6/Qt6/qml/QtQuick/Controls/Fusion/impl/ButtonPanel.qml\n./venv/lib/python3.12/site-packages/PyQt6/Qt6/qml/QtQuick/Controls/Fusion/impl/CheckIndicator.qml\n./venv/lib/python3.12/site-packages/PyQt6/Qt6/qml/QtQuick/Controls/Fusion/impl/RadioIndicator.qml\n./venv/lib/python3.12/site-packages/PyQt6/Qt6/qml/QtQuick/Controls/Fusion/impl/SliderGroove.qml\n./venv/lib/python3.12/site-packages/PyQt6/Qt6/qml/QtQuick/Controls/Fusion/impl/SliderHandle.qml\n./venv/lib/python3.12/site-packages/PyQt6/Qt6/qml/QtQuick/Controls/Fusion/impl/SwitchIndicator.qml\n./venv/lib/python3.12/site-packages/PyQt6/Qt6/qml/QtQuick/Controls/Fusion/impl/TextFieldBackground.qml\n./venv/lib/python3.12/site-packages/PyQt6/Qt6/qml/QtQuick/Controls/Fusion/impl/libqtquickcontrols2fusionstyleimplplugin.dylib\n./venv/lib/python3.12/site-packages/PyQt6/Qt6/qml/QtQuick/Controls/Fusion/impl/plugins.qmltypes\n./venv/lib/python3.12/site-packages/PyQt6/Qt6/qml/QtQuick/Controls/Fusion/impl/qmldir\n./venv/lib/python3.12/site-packages/PyQt6/Qt6/qml/QtQuick/Controls/impl/libqtquickcontrols2implplugin.dylib\n./venv/lib/python3.12/site-packages/PyQt6/Qt6/qml/QtQuick/Controls/impl/plugins.qmltypes\n./venv/lib/python3.12/site-packages/PyQt6/Qt6/qml/QtQuick/Controls/impl/qmldir\n./venv/lib/python3.12/site-packages/PyQt6/Qt6/qml/QtQuick/Controls/FluentWinUI3/ApplicationWindow.qml\n./venv/lib/python3.12/site-packages/PyQt6/Qt6/qml/QtQuick/Controls/FluentWinUI3/BusyIndicator.qml\n./venv/lib/python3.12/site-packages/PyQt6/Qt6/qml/QtQuick/Controls/FluentWinUI3/Button.qml\n./venv/lib/python3.12/site-packages/PyQt6/Qt6/qml/QtQuick/Controls/FluentWinUI3/CheckBox.qml\n./venv/lib/python3.12/site-packages/PyQt6/Qt6/qml/QtQuick/Controls/FluentWinUI3/CheckDelegate.qml\n./venv/lib/python3.12/site-packages/PyQt6/Qt6/qml/QtQuick/Controls/FluentWinUI3/ComboBox.qml\n./venv/lib/python3.12/site-packages/PyQt6/Qt6/qml/QtQuick/Controls/FluentWinUI3/Config.qml\n./venv/lib/python3.12/site-packages/PyQt6/Qt6/qml/QtQuick/Controls/FluentWinUI3/DelayButton.qml\n./venv/lib/python3.12/site-packages/PyQt6/Qt6/qml/QtQuick/Controls/FluentWinUI3/Dialog.qml\n./venv/lib/python3.12/site-packages/PyQt6/Qt6/qml/QtQuick/Controls/FluentWinUI3/DialogButtonBox.qml\n./venv/lib/python3.12/site-packages/PyQt6/Qt6/qml/QtQuick/Controls/FluentWinUI3/FocusFrame.qml\n./venv/lib/python3.12/site-packages/PyQt6/Qt6/qml/QtQuick/Controls/FluentWinUI3/Frame.qml\n./venv/lib/python3.12/site-packages/PyQt6/Qt6/qml/QtQuick/Controls/FluentWinUI3/GroupBox.qml\n./venv/lib/python3.12/site-packages/PyQt6/Qt6/qml/QtQuick/Controls/FluentWinUI3/ItemDelegate.qml\n./venv/lib/python3.12/site-packages/PyQt6/Qt6/qml/QtQuick/Controls/FluentWinUI3/Menu.qml\n./venv/lib/python3.12/site-packages/PyQt6/Qt6/qml/QtQuick/Controls/FluentWinUI3/MenuBar.qml\n./venv/lib/python3.12/site-packages/PyQt6/Qt6/qml/QtQuick/Controls/FluentWinUI3/MenuBarItem.qml\n./venv/lib/python3.12/site-packages/PyQt6/Qt6/qml/QtQuick/Controls/FluentWinUI3/MenuItem.qml\n./venv/lib/python3.12/site-packages/PyQt6/Qt6/qml/QtQuick/Controls/FluentWinUI3/MenuSeparator.qml\n./venv/lib/python3.12/site-packages/PyQt6/Qt6/qml/QtQuick/Controls/FluentWinUI3/PageIndicator.qml\n./venv/lib/python3.12/site-packages/PyQt6/Qt6/qml/QtQuick/Controls/FluentWinUI3/Popup.qml\n./venv/lib/python3.12/site-packages/PyQt6/Qt6/qml/QtQuick/Controls/FluentWinUI3/ProgressBar.qml\n./venv/lib/python3.12/site-packages/PyQt6/Qt6/qml/QtQuick/Controls/FluentWinUI3/RadioButton.qml\n./venv/lib/python3.12/site-packages/PyQt6/Qt6/qml/QtQuick/Controls/FluentWinUI3/RadioDelegate.qml\n./venv/lib/python3.12/site-packages/PyQt6/Qt6/qml/QtQuick/Controls/FluentWinUI3/RangeSlider.qml\n./venv/lib/python3.12/site-packages/PyQt6/Qt6/qml/QtQuick/Controls/FluentWinUI3/RoundButton.qml\n./venv/lib/python3.12/site-packages/PyQt6/Qt6/qml/QtQuick/Controls/FluentWinUI3/SearchField.qml\n./venv/lib/python3.12/site-packages/PyQt6/Qt6/qml/QtQuick/Controls/FluentWinUI3/Slider.qml\n./venv/lib/python3.12/site-packages/PyQt6/Qt6/qml/QtQuick/Controls/FluentWinUI3/SpinBox.qml\n./venv/lib/python3.12/site-packages/PyQt6/Qt6/qml/QtQuick/Controls/FluentWinUI3/StyleImage.qml\n./venv/lib/python3.12/site-packages/PyQt6/Qt6/qml/QtQuick/Controls/FluentWinUI3/SwipeDelegate.qml\n./venv/lib/python3.12/site-packages/PyQt6/Qt6/qml/QtQuick/Controls/FluentWinUI3/Switch.qml\n./venv/lib/python3.12/site-packages/PyQt6/Qt6/qml/QtQuick/Controls/FluentWinUI3/SwitchDelegate.qml\n./venv/lib/python3.12/site-packages/PyQt6/Qt6/qml/QtQuick/Controls/FluentWinUI3/TabBar.qml\n./venv/lib/python3.12/site-packages/PyQt6/Qt6/qml/QtQuick/Controls/FluentWinUI3/TabButton.qml\n./venv/lib/python3.12/site-packages/PyQt6/Qt6/qml/QtQuick/Controls/FluentWinUI3/TextArea.qml\n./venv/lib/python3.12/site-packages/PyQt6/Qt6/qml/QtQuick/Controls/FluentWinUI3/TextField.qml\n./venv/lib/python3.12/site-packages/PyQt6/Qt6/qml/QtQuick/Controls/FluentWinUI3/ToolBar.qml\n./venv/lib/python3.12/site-packages/PyQt6/Qt6/qml/QtQuick/Controls/FluentWinUI3/ToolButton.qml\n./venv/lib/python3.12/site-packages/PyQt6/Qt6/qml/QtQuick/Controls/FluentWinUI3/ToolSeparator.qml\n./venv/lib/python3.12/site-packages/PyQt6/Qt6/qml/QtQuick/Controls/FluentWinUI3/ToolTip.qml\n./venv/lib/python3.12/site-packages/PyQt6/Qt6/qml/QtQuick/Controls/FluentWinUI3/libqtquickcontrols2fluentwinui3styleplugin.dylib\n./venv/lib/python3.12/site-packages/PyQt6/Qt6/qml/QtQuick/Controls/FluentWinUI3/plugins.qmltypes\n./venv/lib/python3.12/site-packages/PyQt6/Qt6/qml/QtQuick/Controls/FluentWinUI3/qmldir\n./venv/lib/python3.12/site-packages/PyQt6/Qt6/qml/QtQuick/Controls/FluentWinUI3/impl/ButtonBackground.qml\n./venv/lib/python3.12/site-packages/PyQt6/Qt6/qml/QtQuick/Controls/FluentWinUI3/impl/CheckIndicator.qml\n./venv/lib/python3.12/site-packages/PyQt6/Qt6/qml/QtQuick/Controls/FluentWinUI3/impl/FocusFrame.qml\n./venv/lib/python3.12/site-packages/PyQt6/Qt6/qml/QtQuick/Controls/FluentWinUI3/impl/RadioIndicator.qml\n./venv/lib/python3.12/site-packages/PyQt6/Qt6/qml/QtQuick/Controls/FluentWinUI3/impl/StyleImage.qml\n./venv/lib/python3.12/site-packages/PyQt6/Qt6/qml/QtQuick/Controls/FluentWinUI3/impl/SwitchIndicator.qml\n./venv/lib/python3.12/site-packages/PyQt6/Qt6/qml/QtQuick/Controls/FluentWinUI3/impl/libqtquickcontrols2fluentwinui3styleimplplugin.dylib\n./venv/lib/python3.12/site-packages/PyQt6/Qt6/qml/QtQuick/Controls/FluentWinUI3/impl/plugins.qmltypes\n./venv/lib/python3.12/site-packages/PyQt6/Qt6/qml/QtQuick/Controls/FluentWinUI3/impl/qmldir\n./venv/lib/python3.12/site-packages/PyQt6/Qt6/qml/QtQuick/Controls/FluentWinUI3/icons/checkmark.png\n./venv/lib/python3.12/site-packages/PyQt6/Qt6/qml/QtQuick/Controls/FluentWinUI3/icons/checkmark@2x.png\n./venv/lib/python3.12/site-packages/PyQt6/Qt6/qml/QtQuick/Controls/FluentWinUI3/icons/checkmark@3x.png\n./venv/lib/python3.12/site-packages/PyQt6/Qt6/qml/QtQuick/Controls/FluentWinUI3/icons/close_big.png\n./venv/lib/python3.12/site-packages/PyQt6/Qt6/qml/QtQuick/Controls/FluentWinUI3/icons/close_big@2x.png\n./venv/lib/python3.12/site-packages/PyQt6/Qt6/qml/QtQuick/Controls/FluentWinUI3/icons/close_big@3x.png\n./venv/lib/python3.12/site-packages/PyQt6/Qt6/qml/QtQuick/Controls/FluentWinUI3/icons/menuarrow.png\n./venv/lib/python3.12/site-packages/PyQt6/Qt6/qml/QtQuick/Controls/FluentWinUI3/icons/menuarrow@2x.png\n./venv/lib/python3.12/site-packages/PyQt6/Qt6/qml/QtQuick/Controls/FluentWinUI3/icons/menuarrow@3x.png\n./venv/lib/python3.12/site-packages/PyQt6/Qt6/qml/QtQuick/Controls/FluentWinUI3/icons/search-magnifier.png\n./venv/lib/python3.12/site-packages/PyQt6/Qt6/qml/QtQuick/Controls/FluentWinUI3/icons/search-magnifier@2x.png\n./venv/lib/python3.12/site-packages/PyQt6/Qt6/qml/QtQuick/Controls/FluentWinUI3/icons/search-magnifier@3x.png\n./venv/lib/python3.12/site-packages/PyQt6/Qt6/qml/QtQuick/Controls/FluentWinUI3/light/images/checkbox-indicator-checked-disabled.png\n./venv/lib/python3.12/site-packages/PyQt6/Qt6/qml/QtQuick/Controls/FluentWinUI3/light/images/checkbox-indicator-checked-disabled@2x.png\n./venv/lib/python3.12/site-packages/PyQt6/Qt6/qml/QtQuick/Controls/FluentWinUI3/light/images/checkbox-indicator-checked-disabled@3x.png\n./venv/lib/python3.12/site-packages/PyQt6/Qt6/qml/QtQuick/Controls/FluentWinUI3/light/images/checkbox-indicator-checked-hovered.png\n./venv/lib/python3.12/site-packages/PyQt6/Qt6/qml/QtQuick/Controls/FluentWinUI3/light/images/checkbox-indicator-checked-hovered@2x.png\n./venv/lib/python3.12/site-packages/PyQt6/Qt6/qml/QtQuick/Controls/FluentWinUI3/light/images/checkbox-indicator-checked-hovered@3x.png\n./venv/lib/python3.12/site-packages/PyQt6/Qt6/qml/QtQuick/Controls/FluentWinUI3/light/images/checkbox-indicator-checked-pressed.png\n./venv/lib/python3.12/site-packages/PyQt6/Qt6/qml/QtQuick/Controls/FluentWinUI3/light/images/checkbox-indicator-checked-pressed@2x.png\n./venv/lib/python3.12/site-packages/PyQt6/Qt6/qml/QtQuick/Controls/FluentWinUI3/light/images/checkbox-indicator-checked-pressed@3x.png\n./venv/lib/python3.12/site-packages/PyQt6/Qt6/qml/QtQuick/Controls/FluentWinUI3/light/images/checkbox-indicator-checked.png\n./venv/lib/python3.12/site-packages/PyQt6/Qt6/qml/QtQuick/Controls/FluentWinUI3/light/images/checkbox-indicator-checked@2x.png\n./venv/lib/python3.12/site-packages/PyQt6/Qt6/qml/QtQuick/Controls/FluentWinUI3/light/images/checkbox-indicator-checked@3x.png\n./venv/lib/python3.12/site-packages/PyQt6/Qt6/qml/QtQuick/Controls/FluentWinUI3/light/images/checkbox-indicator-disabled-partiallyChecked.png\n./venv/lib/python3.12/site-packages/PyQt6/Qt6/qml/QtQuick/Controls/FluentWinUI3/light/images/checkbox-indicator-disabled-partiallyChecked@2x.png\n./venv/lib/python3.12/site-packages/PyQt6/Qt6/qml/QtQuick/Controls/FluentWinUI3/light/images/checkbox-indicator-disabled-partiallyChecked@3x.png\n./venv/lib/python3.12/site-packages/PyQt6/Qt6/qml/QtQuick/Controls/FluentWinUI3/light/images/checkbox-indicator-disabled.png\n./venv/lib/python3.12/site-packages/PyQt6/Qt6/qml/QtQuick/Controls/FluentWinUI3/light/images/checkbox-indicator-disabled@2x.png\n./venv/lib/python3.12/site-packages/PyQt6/Qt6/qml/QtQuick/Controls/FluentWinUI3/light/images/checkbox-indicator-disabled@3x.png\n./venv/lib/python3.12/site-packages/PyQt6/Qt6/qml/QtQuick/Controls/FluentWinUI3/light/images/checkbox-indicator-hovered-partiallyChecked.png\n./venv/lib/python3.12/site-packages/PyQt6/Qt6/qml/QtQuick/Controls/FluentWinUI3/light/images/checkbox-indicator-hovered-partiallyChecked@2x.png\n./venv/lib/python3.12/site-packages/PyQt6/Qt6/qml/QtQuick/Controls/FluentWinUI3/light/images/checkbox-indicator-hovered-partiallyChecked@3x.png\n./venv/lib/python3.12/site-packages/PyQt6/Qt6/qml/QtQuick/Controls/FluentWinUI3/light/images/checkbox-indicator-hovered.png\n./venv/lib/python3.12/site-packages/PyQt6/Qt6/qml/QtQuick/Controls/FluentWinUI3/light/images/checkbox-indicator-hovered@2x.png\n./venv/lib/python3.12/site-packages/PyQt6/Qt6/qml/QtQuick/Controls/FluentWinUI3/light/images/checkbox-indicator-hovered@3x.png\n./venv/lib/python3.12/site-packages/PyQt6/Qt6/qml/QtQuick/Controls/FluentWinUI3/light/images/checkbox-indicator-partiallyChecked-pressed.png\n./venv/lib/python3.12/site-packages/PyQt6/Qt6/qml/QtQuick/Controls/FluentWinUI3/light/images/checkbox-indicator-partiallyChecked-pressed@2x.png\n./venv/lib/python3.12/site-packages/PyQt6/Qt6/qml/QtQuick/Controls/FluentWinUI3/light/images/checkbox-indicator-partiallyChecked-pressed@3x.png\n./venv/lib/python3.12/site-packages/PyQt6/Qt6/qml/QtQuick/Controls/FluentWinUI3/light/images/checkbox-indicator-partiallyChecked.png\n./venv/lib/python3.12/site-packages/PyQt6/Qt6/qml/QtQuick/Controls/FluentWinUI3/light/images/checkbox-indicator-partiallyChecked@2x.png\n./venv/lib/python3.12/site-packages/PyQt6/Qt6/qml/QtQuick/Controls/FluentWinUI3/light/images/checkbox-indicator-partiallyChecked@3x.png\n./venv/lib/python3.12/site-packages/PyQt6/Qt6/qml/QtQuick/Controls/FluentWinUI3/light/images/checkbox-indicator-pressed.png\n./venv/lib/python3.12/site-packages/PyQt6/Qt6/qml/QtQuick/Controls/FluentWinUI3/light/images/checkbox-indicator-pressed@2x.png\n./venv/lib/python3.12/site-packages/PyQt6/Qt6/qml/QtQuick/Controls/FluentWinUI3/light/images/checkbox-indicator-pressed@3x.png\n./venv/lib/python3.12/site-packages/PyQt6/Qt6/qml/QtQuick/Controls/FluentWinUI3/light/images/checkbox-indicator.png\n./venv/lib/python3.12/site-packages/PyQt6/Qt6/qml/QtQuick/Controls/FluentWinUI3/light/images/checkbox-indicator@2x.png\n./venv/lib/python3.12/site-packages/PyQt6/Qt6/qml/QtQuick/Controls/FluentWinUI3/light/images/checkbox-indicator@3x.png\n./venv/lib/python3.12/site-packages/PyQt6/Qt6/qml/QtQuick/Controls/FluentWinUI3/light/images/combobox-background-disabled.png\n./venv/lib/python3.12/site-packages/PyQt6/Qt6/qml/QtQuick/Controls/FluentWinUI3/light/images/combobox-background-disabled@2x.png\n./venv/lib/python3.12/site-packages/PyQt6/Qt6/qml/QtQuick/Controls/FluentWinUI3/light/images/combobox-background-disabled@3x.png\n./venv/lib/python3.12/site-packages/PyQt6/Qt6/qml/QtQuick/Controls/FluentWinUI3/light/images/combobox-background-focused.png\n./venv/lib/python3.12/site-packages/PyQt6/Qt6/qml/QtQuick/Controls/FluentWinUI3/light/images/combobox-background-focused@2x.png\n./venv/lib/python3.12/site-packages/PyQt6/Qt6/qml/QtQuick/Controls/FluentWinUI3/light/images/combobox-background-focused@3x.png\n./venv/lib/python3.12/site-packages/PyQt6/Qt6/qml/QtQuick/Controls/FluentWinUI3/light/images/combobox-background-hovered-open.png\n./venv/lib/python3.12/site-packages/PyQt6/Qt6/qml/QtQuick/Controls/FluentWinUI3/light/images/combobox-background-hovered-open@2x.png\n./venv/lib/python3.12/site-packages/PyQt6/Qt6/qml/QtQuick/Controls/FluentWinUI3/light/images/combobox-background-hovered-open@3x.png\n./venv/lib/python3.12/site-packages/PyQt6/Qt6/qml/QtQuick/Controls/FluentWinUI3/light/images/combobox-background-hovered.png\n./venv/lib/python3.12/site-packages/PyQt6/Qt6/qml/QtQuick/Controls/FluentWinUI3/light/images/combobox-background-hovered@2x.png\n./venv/lib/python3.12/site-packages/PyQt6/Qt6/qml/QtQuick/Controls/FluentWinUI3/light/images/combobox-background-hovered@3x.png\n./venv/lib/python3.12/site-packages/PyQt6/Qt6/qml/QtQuick/Controls/FluentWinUI3/light/images/combobox-background-open-pressed.png\n./venv/lib/python3.12/site-packages/PyQt6/Qt6/qml/QtQuick/Controls/FluentWinUI3/light/images/combobox-background-open-pressed@2x.png\n./venv/lib/python3.12/site-packages/PyQt6/Qt6/qml/QtQuick/Controls/FluentWinUI3/light/images/combobox-background-open-pressed@3x.png\n./venv/lib/python3.12/site-packages/PyQt6/Qt6/qml/QtQuick/Controls/FluentWinUI3/light/images/combobox-background-open.png\n./venv/lib/python3.12/site-packages/PyQt6/Qt6/qml/QtQuick/Controls/FluentWinUI3/light/images/combobox-background-open@2x.png\n./venv/lib/python3.12/site-packages/PyQt6/Qt6/qml/QtQuick/Controls/FluentWinUI3/light/images/combobox-background-open@3x.png\n./venv/lib/python3.12/site-packages/PyQt6/Qt6/qml/QtQuick/Controls/FluentWinUI3/light/images/combobox-background-pressed.png\n./venv/lib/python3.12/site-packages/PyQt6/Qt6/qml/QtQuick/Controls/FluentWinUI3/light/images/combobox-background-pressed@2x.png\n./venv/lib/python3.12/site-packages/PyQt6/Qt6/qml/QtQuick/Controls/FluentWinUI3/light/images/combobox-background-pressed@3x.png\n./venv/lib/python3.12/site-packages/PyQt6/Qt6/qml/QtQuick/Controls/FluentWinUI3/light/images/combobox-background.png\n./venv/lib/python3.12/site-packages/PyQt6/Qt6/qml/QtQuick/Controls/FluentWinUI3/light/images/combobox-background@2x.png\n./venv/lib/python3.12/site-packages/PyQt6/Qt6/qml/QtQuick/Controls/FluentWinUI3/light/images/combobox-background@3x.png\n./venv/lib/python3.12/site-packages/PyQt6/Qt6/qml/QtQuick/Controls/FluentWinUI3/light/images/combobox-indicator-disabled.png\n./venv/lib/python3.12/site-packages/PyQt6/Qt6/qml/QtQuick/Controls/FluentWinUI3/light/images/combobox-indicator-disabled@2x.png\n./venv/lib/python3.12/site-packages/PyQt6/Qt6/qml/QtQuick/Controls/FluentWinUI3/light/images/combobox-indicator-disabled@3x.png\n./venv/lib/python3.12/site-packages/PyQt6/Qt6/qml/QtQuick/Controls/FluentWinUI3/light/images/combobox-indicator-focused.png\n./venv/lib/python3.12/site-packages/PyQt6/Qt6/qml/QtQuick/Controls/FluentWinUI3/light/images/combobox-indicator-focused@2x.png\n./venv/lib/python3.12/site-packages/PyQt6/Qt6/qml/QtQuick/Controls/FluentWinUI3/light/images/combobox-indicator-focused@3x.png\n./venv/lib/python3.12/site-packages/PyQt6/Qt6/qml/QtQuick/Controls/FluentWinUI3/light/images/combobox-indicator-hovered-open.png\n./venv/lib/python3.12/site-packages/PyQt6/Qt6/qml/QtQuick/Controls/FluentWinUI3/light/images/combobox-indicator-hovered-open@2x.png\n./venv/lib/python3.12/site-packages/PyQt6/Qt6/qml/QtQuick/Controls/FluentWinUI3/light/images/combobox-indicator-hovered-open@3x.png\n./venv/lib/python3.12/site-packages/PyQt6/Qt6/qml/QtQuick/Controls/FluentWinUI3/light/images/combobox-indicator-hovered.png\n./venv/lib/python3.12/site-packages/PyQt6/Qt6/qml/QtQuick/Controls/FluentWinUI3/light/images/combobox-indicator-hovered@2x.png\n./venv/lib/python3.12/site-packages/PyQt6/Qt6/qml/QtQuick/Controls/FluentWinUI3/light/images/combobox-indicator-hovered@3x.png\n./venv/lib/python3.12/site-packages/PyQt6/Qt6/qml/QtQuick/Controls/FluentWinUI3/light/images/combobox-indicator-open-pressed.png\n./venv/lib/python3.12/site-packages/PyQt6/Qt6/qml/QtQuick/Controls/FluentWinUI3/light/images/combobox-indicator-open-pressed@2x.png\n./venv/lib/python3.12/site-packages/PyQt6/Qt6/qml/QtQuick/Controls/FluentWinUI3/light/images/combobox-indicator-open-pressed@3x.png\n./venv/lib/python3.12/site-packages/PyQt6/Qt6/qml/QtQuick/Controls/FluentWinUI3/light/images/combobox-indicator-open.png\n./venv/lib/python3.12/site-packages/PyQt6/Qt6/qml/QtQuick/Controls/FluentWinUI3/light/images/combobox-indicator-open@2x.png\n./venv/lib/python3.12/site-packages/PyQt6/Qt6/qml/QtQuick/Controls/FluentWinUI3/light/images/combobox-indicator-open@3x.png\n./venv/lib/python3.12/site-packages/PyQt6/Qt6/qml/QtQuick/Controls/FluentWinUI3/light/images/combobox-indicator-pressed.png\n./venv/lib/python3.12/site-packages/PyQt6/Qt6/qml/QtQuick/Controls/FluentWinUI3/light/images/combobox-indicator-pressed@2x.png\n./venv/lib/python3.12/site-packages/PyQt6/Qt6/qml/QtQuick/Controls/FluentWinUI3/light/images/combobox-indicator-pressed@3x.png\n./venv/lib/python3.12/site-packages/PyQt6/Qt6/qml/QtQuick/Controls/FluentWinUI3/light/images/combobox-indicator.png\n./venv/lib/python3.12/site-packages/PyQt6/Qt6/qml/QtQuick/Controls/FluentWinUI3/light/images/combobox-indicator@2x.png\n./venv/lib/python3.12/site-packages/PyQt6/Qt6/qml/QtQuick/Controls/FluentWinUI3/light/images/combobox-indicator@3x.png\n./venv/lib/python3.12/site-packages/PyQt6/Qt6/qml/QtQuick/Controls/FluentWinUI3/light/images/editablecombobox-background-hovered-open.png\n./venv/lib/python3.12/site-packages/PyQt6/Qt6/qml/QtQuick/Controls/FluentWinUI3/light/images/editablecombobox-background-hovered-open@2x.png\n./venv/lib/python3.12/site-packages/PyQt6/Qt6/qml/QtQuick/Controls/FluentWinUI3/light/images/editablecombobox-background-hovered-open@3x.png\n./venv/lib/python3.12/site-packages/PyQt6/Qt6/qml/QtQuick/Controls/FluentWinUI3/light/images/editablecombobox-background-open-pressed.png\n./venv/lib/python3.12/site-packages/PyQt6/Qt6/qml/QtQuick/Controls/FluentWinUI3/light/images/editablecombobox-background-open-pressed@2x.png\n./venv/lib/python3.12/site-packages/PyQt6/Qt6/qml/QtQuick/Controls/FluentWinUI3/light/images/editablecombobox-background-open-pressed@3x.png\n./venv/lib/python3.12/site-packages/PyQt6/Qt6/qml/QtQuick/Controls/FluentWinUI3/light/images/editablecombobox-background-open.png\n./venv/lib/python3.12/site-packages/PyQt6/Qt6/qml/QtQuick/Controls/FluentWinUI3/light/images/editablecombobox-background-open@2x.png\n./venv/lib/python3.12/site-packages/PyQt6/Qt6/qml/QtQuick/Controls/FluentWinUI3/light/images/editablecombobox-background-open@3x.png\n./venv/lib/python3.12/site-packages/PyQt6/Qt6/qml/QtQuick/Controls/FluentWinUI3/light/images/editablecombobox-indicator-hovered-open.png\n./venv/lib/python3.12/site-packages/PyQt6/Qt6/qml/QtQuick/Controls/FluentWinUI3/light/images/editablecombobox-indicator-hovered-open@2x.png\n./venv/lib/python3.12/site-packages/PyQt6/Qt6/qml/QtQuick/Controls/FluentWinUI3/light/images/editablecombobox-indicator-hovered-open@3x.png\n./venv/lib/python3.12/site-packages/PyQt6/Qt6/qml/QtQuick/Controls/FluentWinUI3/light/images/editablecombobox-indicator-open-pressed.png\n./venv/lib/python3.12/site-packages/PyQt6/Qt6/qml/QtQuick/Controls/FluentWinUI3/light/images/editablecombobox-indicator-open-pressed@2x.png\n./venv/lib/python3.12/site-packages/PyQt6/Qt6/qml/QtQuick/Controls/FluentWinUI3/light/images/editablecombobox-indicator-open-pressed@3x.png\n./venv/lib/python3.12/site-packages/PyQt6/Qt6/qml/QtQuick/Controls/FluentWinUI3/light/images/editablecombobox-indicator-open.png\n./venv/lib/python3.12/site-packages/PyQt6/Qt6/qml/QtQuick/Controls/FluentWinUI3/light/images/editablecombobox-indicator-open@2x.png\n./venv/lib/python3.12/site-packages/PyQt6/Qt6/qml/QtQuick/Controls/FluentWinUI3/light/images/editablecombobox-indicator-open@3x.png\n./venv/lib/python3.12/site-packages/PyQt6/Qt6/qml/QtQuick/Controls/FluentWinUI3/light/images/editablecombobox-popup-background-hovered-open.png\n./venv/lib/python3.12/site-packages/PyQt6/Qt6/qml/QtQuick/Controls/FluentWinUI3/light/images/editablecombobox-popup-background-hovered-open@2x.png\n./venv/lib/python3.12/site-packages/PyQt6/Qt6/qml/QtQuick/Controls/FluentWinUI3/light/images/editablecombobox-popup-background-hovered-open@3x.png\n./venv/lib/python3.12/site-packages/PyQt6/Qt6/qml/QtQuick/Controls/FluentWinUI3/light/images/editablecombobox-popup-background-open-pressed.png\n./venv/lib/python3.12/site-packages/PyQt6/Qt6/qml/QtQuick/Controls/FluentWinUI3/light/images/editablecombobox-popup-background-open-pressed@2x.png\n./venv/lib/python3.12/site-packages/PyQt6/Qt6/qml/QtQuick/Controls/FluentWinUI3/light/images/editablecombobox-popup-background-open-pressed@3x.png\n./venv/lib/python3.12/site-packages/PyQt6/Qt6/qml/QtQuick/Controls/FluentWinUI3/light/images/editablecombobox-popup-background-open.png\n./venv/lib/python3.12/site-packages/PyQt6/Qt6/qml/QtQuick/Controls/FluentWinUI3/light/images/editablecombobox-popup-background-open@2x.png\n./venv/lib/python3.12/site-packages/PyQt6/Qt6/qml/QtQuick/Controls/FluentWinUI3/light/images/editablecombobox-popup-background-open@3x.png\n./venv/lib/python3.12/site-packages/PyQt6/Qt6/qml/QtQuick/Controls/FluentWinUI3/light/images/frame-background-disabled.png\n./venv/lib/python3.12/site-packages/PyQt6/Qt6/qml/QtQuick/Controls/FluentWinUI3/light/images/frame-background-disabled@2x.png\n./venv/lib/python3.12/site-packages/PyQt6/Qt6/qml/QtQuick/Controls/FluentWinUI3/light/images/frame-background-disabled@3x.png\n./venv/lib/python3.12/site-packages/PyQt6/Qt6/qml/QtQuick/Controls/FluentWinUI3/light/images/frame-background.png\n./venv/lib/python3.12/site-packages/PyQt6/Qt6/qml/QtQuick/Controls/FluentWinUI3/light/images/frame-background@2x.png\n./venv/lib/python3.12/site-packages/PyQt6/Qt6/qml/QtQuick/Controls/FluentWinUI3/light/images/frame-background@3x.png\n./venv/lib/python3.12/site-packages/PyQt6/Qt6/qml/QtQuick/Controls/FluentWinUI3/light/images/itemdelegate-background-highlighted-hovered.png\n./venv/lib/python3.12/site-packages/PyQt6/Qt6/qml/QtQuick/Controls/FluentWinUI3/light/images/itemdelegate-background-highlighted-hovered@2x.png\n./venv/lib/python3.12/site-packages/PyQt6/Qt6/qml/QtQuick/Controls/FluentWinUI3/light/images/itemdelegate-background-highlighted-hovered@3x.png\n./venv/lib/python3.12/site-packages/PyQt6/Qt6/qml/QtQuick/Controls/FluentWinUI3/light/images/itemdelegate-background-highlighted-pressed.png\n./venv/lib/python3.12/site-packages/PyQt6/Qt6/qml/QtQuick/Controls/FluentWinUI3/light/images/itemdelegate-background-highlighted-pressed@2x.png\n./venv/lib/python3.12/site-packages/PyQt6/Qt6/qml/QtQuick/Controls/FluentWinUI3/light/images/itemdelegate-background-highlighted-pressed@3x.png\n./venv/lib/python3.12/site-packages/PyQt6/Qt6/qml/QtQuick/Controls/FluentWinUI3/light/images/itemdelegate-background-highlighted.png\n./venv/lib/python3.12/site-packages/PyQt6/Qt6/qml/QtQuick/Controls/FluentWinUI3/light/images/itemdelegate-background-highlighted@2x.png\n./venv/lib/python3.12/site-packages/PyQt6/Qt6/qml/QtQuick/Controls/FluentWinUI3/light/images/itemdelegate-background-highlighted@3x.png\n./venv/lib/python3.12/site-packages/PyQt6/Qt6/qml/QtQuick/Controls/FluentWinUI3/light/images/itemdelegate-background-hovered.png\n./venv/lib/python3.12/site-packages/PyQt6/Qt6/qml/QtQuick/Controls/FluentWinUI3/light/images/itemdelegate-background-hovered@2x.png\n./venv/lib/python3.12/site-packages/PyQt6/Qt6/qml/QtQuick/Controls/FluentWinUI3/light/images/itemdelegate-background-hovered@3x.png\n./venv/lib/python3.12/site-packages/PyQt6/Qt6/qml/QtQuick/Controls/FluentWinUI3/light/images/itemdelegate-background-pressed.png\n./venv/lib/python3.12/site-packages/PyQt6/Qt6/qml/QtQuick/Controls/FluentWinUI3/light/images/itemdelegate-background-pressed@2x.png\n./venv/lib/python3.12/site-packages/PyQt6/Qt6/qml/QtQuick/Controls/FluentWinUI3/light/images/itemdelegate-background-pressed@3x.png\n./venv/lib/python3.12/site-packages/PyQt6/Qt6/qml/QtQuick/Controls/FluentWinUI3/light/images/pageindicatordelegate-indicator-delegate-current-hovered.png\n./venv/lib/python3.12/site-packages/PyQt6/Qt6/qml/QtQuick/Controls/FluentWinUI3/light/images/pageindicatordelegate-indicator-delegate-current-hovered@2x.png\n./venv/lib/python3.12/site-packages/PyQt6/Qt6/qml/QtQuick/Controls/FluentWinUI3/light/images/pageindicatordelegate-indicator-delegate-current-hovered@3x.png\n./venv/lib/python3.12/site-packages/PyQt6/Qt6/qml/QtQuick/Controls/FluentWinUI3/light/images/pageindicatordelegate-indicator-delegate-current-pressed.png\n./venv/lib/python3.12/site-packages/PyQt6/Qt6/qml/QtQuick/Controls/FluentWinUI3/light/images/pageindicatordelegate-indicator-delegate-current-pressed@2x.png\n./venv/lib/python3.12/site-packages/PyQt6/Qt6/qml/QtQuick/Controls/FluentWinUI3/light/images/pageindicatordelegate-indicator-delegate-current-pressed@3x.png\n./venv/lib/python3.12/site-packages/PyQt6/Qt6/qml/QtQuick/Controls/FluentWinUI3/light/images/pageindicatordelegate-indicator-delegate-current.png\n./venv/lib/python3.12/site-packages/PyQt6/Qt6/qml/QtQuick/Controls/FluentWinUI3/light/images/pageindicatordelegate-indicator-delegate-current@2x.png\n./venv/lib/python3.12/site-packages/PyQt6/Qt6/qml/QtQuick/Controls/FluentWinUI3/light/images/pageindicatordelegate-indicator-delegate-current@3x.png\n./venv/lib/python3.12/site-packages/PyQt6/Qt6/qml/QtQuick/Controls/FluentWinUI3/light/images/pageindicatordelegate-indicator-delegate-pressed.png\n./venv/lib/python3.12/site-packages/PyQt6/Qt6/qml/QtQuick/Controls/FluentWinUI3/light/images/pageindicatordelegate-indicator-delegate-pressed@2x.png\n./venv/lib/python3.12/site-packages/PyQt6/Qt6/qml/QtQuick/Controls/FluentWinUI3/light/images/pageindicatordelegate-indicator-delegate-pressed@3x.png\n./venv/lib/python3.12/site-packages/PyQt6/Qt6/qml/QtQuick/Controls/FluentWinUI3/light/images/pageindicatordelegate-indicator-disabled.png\n./venv/lib/python3.12/site-packages/PyQt6/Qt6/qml/QtQuick/Controls/FluentWinUI3/light/images/pageindicatordelegate-indicator-disabled@2x.png\n./venv/lib/python3.12/site-packages/PyQt6/Qt6/qml/QtQuick/Controls/FluentWinUI3/light/images/pageindicatordelegate-indicator-disabled@3x.png\n./venv/lib/python3.12/site-packages/PyQt6/Qt6/qml/QtQuick/Controls/FluentWinUI3/light/images/pageindicatordelegate-indicator-hovered.png\n./venv/lib/python3.12/site-packages/PyQt6/Qt6/qml/QtQuick/Controls/FluentWinUI3/light/images/pageindicatordelegate-indicator-hovered@2x.png\n./venv/lib/python3.12/site-packages/PyQt6/Qt6/qml/QtQuick/Controls/FluentWinUI3/light/images/pageindicatordelegate-indicator-hovered@3x.png\n./venv/lib/python3.12/site-packages/PyQt6/Qt6/qml/QtQuick/Controls/FluentWinUI3/light/images/pageindicatordelegate-indicator.png\n./venv/lib/python3.12/site-packages/PyQt6/Qt6/qml/QtQuick/Controls/FluentWinUI3/light/images/pageindicatordelegate-indicator@2x.png\n./venv/lib/python3.12/site-packages/PyQt6/Qt6/qml/QtQuick/Controls/FluentWinUI3/light/images/pageindicatordelegate-indicator@3x.png\n./venv/lib/python3.12/site-packages/PyQt6/Qt6/qml/QtQuick/Controls/FluentWinUI3/light/images/popup-background.png\n./venv/lib/python3.12/site-packages/PyQt6/Qt6/qml/QtQuick/Controls/FluentWinUI3/light/images/popup-background@2x.png\n./venv/lib/python3.12/site-packages/PyQt6/Qt6/qml/QtQuick/Controls/FluentWinUI3/light/images/popup-background@3x.png\n./venv/lib/python3.12/site-packages/PyQt6/Qt6/qml/QtQuick/Controls/FluentWinUI3/light/images/progressbar-groove-disabled.png\n./venv/lib/python3.12/site-packages/PyQt6/Qt6/qml/QtQuick/Controls/FluentWinUI3/light/images/progressbar-groove-disabled@2x.png\n./venv/lib/python3.12/site-packages/PyQt6/Qt6/qml/QtQuick/Controls/FluentWinUI3/light/images/progressbar-groove-disabled@3x.png\n./venv/lib/python3.12/site-packages/PyQt6/Qt6/qml/QtQuick/Controls/FluentWinUI3/light/images/progressbar-groove.png\n./venv/lib/python3.12/site-packages/PyQt6/Qt6/qml/QtQuick/Controls/FluentWinUI3/light/images/progressbar-groove@2x.png\n./venv/lib/python3.12/site-packages/PyQt6/Qt6/qml/QtQuick/Controls/FluentWinUI3/light/images/progressbar-groove@3x.png\n./venv/lib/python3.12/site-packages/PyQt6/Qt6/qml/QtQuick/Controls/FluentWinUI3/light/images/radiobutton-indicator-checked-disabled.png\n./venv/lib/python3.12/site-packages/PyQt6/Qt6/qml/QtQuick/Controls/FluentWinUI3/light/images/radiobutton-indicator-checked-disabled@2x.png\n./venv/lib/python3.12/site-packages/PyQt6/Qt6/qml/QtQuick/Controls/FluentWinUI3/light/images/radiobutton-indicator-checked-disabled@3x.png\n./venv/lib/python3.12/site-packages/PyQt6/Qt6/qml/QtQuick/Controls/FluentWinUI3/light/images/radiobutton-indicator-checked-hovered.png\n./venv/lib/python3.12/site-packages/PyQt6/Qt6/qml/QtQuick/Controls/FluentWinUI3/light/images/radiobutton-indicator-checked-hovered@2x.png\n./venv/lib/python3.12/site-packages/PyQt6/Qt6/qml/QtQuick/Controls/FluentWinUI3/light/images/radiobutton-indicator-checked-hovered@3x.png\n./venv/lib/python3.12/site-packages/PyQt6/Qt6/qml/QtQuick/Controls/FluentWinUI3/light/images/radiobutton-indicator-checked-pressed.png\n./venv/lib/python3.12/site-packages/PyQt6/Qt6/qml/QtQuick/Controls/FluentWinUI3/light/images/radiobutton-indicator-checked-pressed@2x.png\n./venv/lib/python3.12/site-packages/PyQt6/Qt6/qml/QtQuick/Controls/FluentWinUI3/light/images/radiobutton-indicator-checked-pressed@3x.png\n./venv/lib/python3.12/site-packages/PyQt6/Qt6/qml/QtQuick/Controls/FluentWinUI3/light/images/radiobutton-indicator-checked.png\n./venv/lib/python3.12/site-packages/PyQt6/Qt6/qml/QtQuick/Controls/FluentWinUI3/light/images/radiobutton-indicator-checked@2x.png\n./venv/lib/python3.12/site-packages/PyQt6/Qt6/qml/QtQuick/Controls/FluentWinUI3/light/images/radiobutton-indicator-checked@3x.png\n./venv/lib/python3.12/site-packages/PyQt6/Qt6/qml/QtQuick/Controls/FluentWinUI3/light/images/radiobutton-indicator-disabled.png\n./venv/lib/python3.12/site-packages/PyQt6/Qt6/qml/QtQuick/Controls/FluentWinUI3/light/images/radiobutton-indicator-disabled@2x.png\n./venv/lib/python3.12/site-packages/PyQt6/Qt6/qml/QtQuick/Controls/FluentWinUI3/light/images/radiobutton-indicator-disabled@3x.png\n./venv/lib/python3.12/site-packages/PyQt6/Qt6/qml/QtQuick/Controls/FluentWinUI3/light/images/radiobutton-indicator-hovered.png\n./venv/lib/python3.12/site-packages/PyQt6/Qt6/qml/QtQuick/Controls/FluentWinUI3/light/images/radiobutton-indicator-hovered@2x.png\n./venv/lib/python3.12/site-packages/PyQt6/Qt6/qml/QtQuick/Controls/FluentWinUI3/light/images/radiobutton-indicator-hovered@3x.png\n./venv/lib/python3.12/site-packages/PyQt6/Qt6/qml/QtQuick/Controls/FluentWinUI3/light/images/radiobutton-indicator-pressed.png\n./venv/lib/python3.12/site-packages/PyQt6/Qt6/qml/QtQuick/Controls/FluentWinUI3/light/images/radiobutton-indicator-pressed@2x.png\n./venv/lib/python3.12/site-packages/PyQt6/Qt6/qml/QtQuick/Controls/FluentWinUI3/light/images/radiobutton-indicator-pressed@3x.png\n./venv/lib/python3.12/site-packages/PyQt6/Qt6/qml/QtQuick/Controls/FluentWinUI3/light/images/radiobutton-indicator.png\n./venv/lib/python3.12/site-packages/PyQt6/Qt6/qml/QtQuick/Controls/FluentWinUI3/light/images/radiobutton-indicator@2x.png\n./venv/lib/python3.12/site-packages/PyQt6/Qt6/qml/QtQuick/Controls/FluentWinUI3/light/images/radiobutton-indicator@3x.png\n./venv/lib/python3.12/site-packages/PyQt6/Qt6/qml/QtQuick/Controls/FluentWinUI3/light/images/rangeslider-first-handle-disabled.png\n./venv/lib/python3.12/site-packages/PyQt6/Qt6/qml/QtQuick/Controls/FluentWinUI3/light/images/rangeslider-first-handle-disabled@2x.png\n./venv/lib/python3.12/site-packages/PyQt6/Qt6/qml/QtQuick/Controls/FluentWinUI3/light/images/rangeslider-first-handle-disabled@3x.png\n./venv/lib/python3.12/site-packages/PyQt6/Qt6/qml/QtQuick/Controls/FluentWinUI3/light/images/rangeslider-first-handle-handle-pressed.png\n./venv/lib/python3.12/site-packages/PyQt6/Qt6/qml/QtQuick/Controls/FluentWinUI3/light/images/rangeslider-first-handle-handle-pressed@2x.png\n./venv/lib/python3.12/site-packages/PyQt6/Qt6/qml/QtQuick/Controls/FluentWinUI3/light/images/rangeslider-first-handle-handle-pressed@3x.png\n./venv/lib/python3.12/site-packages/PyQt6/Qt6/qml/QtQuick/Controls/FluentWinUI3/light/images/rangeslider-first-handle-hovered.png\n./venv/lib/python3.12/site-packages/PyQt6/Qt6/qml/QtQuick/Controls/FluentWinUI3/light/images/rangeslider-first-handle-hovered@2x.png\n./venv/lib/python3.12/site-packages/PyQt6/Qt6/qml/QtQuick/Controls/FluentWinUI3/light/images/rangeslider-first-handle-hovered@3x.png\n./venv/lib/python3.12/site-packages/PyQt6/Qt6/qml/QtQuick/Controls/FluentWinUI3/light/images/rangeslider-first-handle.png\n./venv/lib/python3.12/site-packages/PyQt6/Qt6/qml/QtQuick/Controls/FluentWinUI3/light/images/rangeslider-first-handle@2x.png\n./venv/lib/python3.12/site-packages/PyQt6/Qt6/qml/QtQuick/Controls/FluentWinUI3/light/images/rangeslider-first-handle@3x.png\n./venv/lib/python3.12/site-packages/PyQt6/Qt6/qml/QtQuick/Controls/FluentWinUI3/light/images/rangeslider-groove-disabled.png\n./venv/lib/python3.12/site-packages/PyQt6/Qt6/qml/QtQuick/Controls/FluentWinUI3/light/images/rangeslider-groove-disabled@2x.png\n./venv/lib/python3.12/site-packages/PyQt6/Qt6/qml/QtQuick/Controls/FluentWinUI3/light/images/rangeslider-groove-disabled@3x.png\n./venv/lib/python3.12/site-packages/PyQt6/Qt6/qml/QtQuick/Controls/FluentWinUI3/light/images/rangeslider-groove-handle-pressed.png\n./venv/lib/python3.12/site-packages/PyQt6/Qt6/qml/QtQuick/Controls/FluentWinUI3/light/images/rangeslider-groove-handle-pressed@2x.png\n./venv/lib/python3.12/site-packages/PyQt6/Qt6/qml/QtQuick/Controls/FluentWinUI3/light/images/rangeslider-groove-handle-pressed@3x.png\n./venv/lib/python3.12/site-packages/PyQt6/Qt6/qml/QtQuick/Controls/FluentWinUI3/light/images/rangeslider-groove-hovered.png\n./venv/lib/python3.12/site-packages/PyQt6/Qt6/qml/QtQuick/Controls/FluentWinUI3/light/images/rangeslider-groove-hovered@2x.png\n./venv/lib/python3.12/site-packages/PyQt6/Qt6/qml/QtQuick/Controls/FluentWinUI3/light/images/rangeslider-groove-hovered@3x.png\n./venv/lib/python3.12/site-packages/PyQt6/Qt6/qml/QtQuick/Controls/FluentWinUI3/light/images/rangeslider-groove.png\n./venv/lib/python3.12/site-packages/PyQt6/Qt6/qml/QtQuick/Controls/FluentWinUI3/light/images/rangeslider-groove@2x.png\n./venv/lib/python3.12/site-packages/PyQt6/Qt6/qml/QtQuick/Controls/FluentWinUI3/light/images/rangeslider-groove@3x.png\n./venv/lib/python3.12/site-packages/PyQt6/Qt6/qml/QtQuick/Controls/FluentWinUI3/light/images/rangeslider-second-handle-disabled.png\n./venv/lib/python3.12/site-packages/PyQt6/Qt6/qml/QtQuick/Controls/FluentWinUI3/light/images/rangeslider-second-handle-disabled@2x.png\n./venv/lib/python3.12/site-packages/PyQt6/Qt6/qml/QtQuick/Controls/FluentWinUI3/light/images/rangeslider-second-handle-disabled@3x.png\n./venv/lib/python3.12/site-packages/PyQt6/Qt6/qml/QtQuick/Controls/FluentWinUI3/light/images/rangeslider-second-handle-handle-pressed.png\n./venv/lib/python3.12/site-packages/PyQt6/Qt6/qml/QtQuick/Controls/FluentWinUI3/light/images/rangeslider-second-handle-handle-pressed@2x.png\n./venv/lib/python3.12/site-packages/PyQt6/Qt6/qml/QtQuick/Controls/FluentWinUI3/light/images/rangeslider-second-handle-handle-pressed@3x.png\n./venv/lib/python3.12/site-packages/PyQt6/Qt6/qml/QtQuick/Controls/FluentWinUI3/light/images/rangeslider-second-handle-hovered.png\n./venv/lib/python3.12/site-packages/PyQt6/Qt6/qml/QtQuick/Controls/FluentWinUI3/light/images/rangeslider-second-handle-hovered@2x.png\n./venv/lib/python3.12/site-packages/PyQt6/Qt6/qml/QtQuick/Controls/FluentWinUI3/light/images/rangeslider-second-handle-hovered@3x.png\n./venv/lib/python3.12/site-packages/PyQt6/Qt6/qml/QtQuick/Controls/FluentWinUI3/light/images/rangeslider-second-handle.png\n./venv/lib/python3.12/site-packages/PyQt6/Qt6/qml/QtQuick/Controls/FluentWinUI3/light/images/rangeslider-second-handle@2x.png\n./venv/lib/python3.12/site-packages/PyQt6/Qt6/qml/QtQuick/Controls/FluentWinUI3/light/images/rangeslider-second-handle@3x.png\n./venv/lib/python3.12/site-packages/PyQt6/Qt6/qml/QtQuick/Controls/FluentWinUI3/light/images/slider-groove-disabled.png\n./venv/lib/python3.12/site-packages/PyQt6/Qt6/qml/QtQuick/Controls/FluentWinUI3/light/images/slider-groove-disabled@2x.png\n./venv/lib/python3.12/site-packages/PyQt6/Qt6/qml/QtQuick/Controls/FluentWinUI3/light/images/slider-groove-disabled@3x.png\n./venv/lib/python3.12/site-packages/PyQt6/Qt6/qml/QtQuick/Controls/FluentWinUI3/light/images/slider-groove-hovered.png\n./venv/lib/python3.12/site-packages/PyQt6/Qt6/qml/QtQuick/Controls/FluentWinUI3/light/images/slider-groove-hovered@2x.png\n./venv/lib/python3.12/site-packages/PyQt6/Qt6/qml/QtQuick/Controls/FluentWinUI3/light/images/slider-groove-hovered@3x.png\n./venv/lib/python3.12/site-packages/PyQt6/Qt6/qml/QtQuick/Controls/FluentWinUI3/light/images/slider-groove-pressed.png\n./venv/lib/python3.12/site-packages/PyQt6/Qt6/qml/QtQuick/Controls/FluentWinUI3/light/images/slider-groove-pressed@2x.png\n./venv/lib/python3.12/site-packages/PyQt6/Qt6/qml/QtQuick/Controls/FluentWinUI3/light/images/slider-groove-pressed@3x.png\n./venv/lib/python3.12/site-packages/PyQt6/Qt6/qml/QtQuick/Controls/FluentWinUI3/light/images/slider-groove.png\n./venv/lib/python3.12/site-packages/PyQt6/Qt6/qml/QtQuick/Controls/FluentWinUI3/light/images/slider-groove@2x.png\n./venv/lib/python3.12/site-packages/PyQt6/Qt6/qml/QtQuick/Controls/FluentWinUI3/light/images/slider-groove@3x.png\n./venv/lib/python3.12/site-packages/PyQt6/Qt6/qml/QtQuick/Controls/FluentWinUI3/light/images/slider-handle-disabled.png\n./venv/lib/python3.12/site-packages/PyQt6/Qt6/qml/QtQuick/Controls/FluentWinUI3/light/images/slider-handle-disabled@2x.png\n./venv/lib/python3.12/site-packages/PyQt6/Qt6/qml/QtQuick/Controls/FluentWinUI3/light/images/slider-handle-disabled@3x.png\n./venv/lib/python3.12/site-packages/PyQt6/Qt6/qml/QtQuick/Controls/FluentWinUI3/light/images/slider-handle-hovered.png\n./venv/lib/python3.12/site-packages/PyQt6/Qt6/qml/QtQuick/Controls/FluentWinUI3/light/images/slider-handle-hovered@2x.png\n./venv/lib/python3.12/site-packages/PyQt6/Qt6/qml/QtQuick/Controls/FluentWinUI3/light/images/slider-handle-hovered@3x.png\n./venv/lib/python3.12/site-packages/PyQt6/Qt6/qml/QtQuick/Controls/FluentWinUI3/light/images/slider-handle-pressed.png\n./venv/lib/python3.12/site-packages/PyQt6/Qt6/qml/QtQuick/Controls/FluentWinUI3/light/images/slider-handle-pressed@2x.png\n./venv/lib/python3.12/site-packages/PyQt6/Qt6/qml/QtQuick/Controls/FluentWinUI3/light/images/slider-handle-pressed@3x.png\n./venv/lib/python3.12/site-packages/PyQt6/Qt6/qml/QtQuick/Controls/FluentWinUI3/light/images/slider-handle.png\n./venv/lib/python3.12/site-packages/PyQt6/Qt6/qml/QtQuick/Controls/FluentWinUI3/light/images/slider-handle@2x.png\n./venv/lib/python3.12/site-packages/PyQt6/Qt6/qml/QtQuick/Controls/FluentWinUI3/light/images/slider-handle@3x.png\n./venv/lib/python3.12/site-packages/PyQt6/Qt6/qml/QtQuick/Controls/FluentWinUI3/light/images/spinbox-background-atlimit.png\n./venv/lib/python3.12/site-packages/PyQt6/Qt6/qml/QtQuick/Controls/FluentWinUI3/light/images/spinbox-background-atlimit@2x.png\n./venv/lib/python3.12/site-packages/PyQt6/Qt6/qml/QtQuick/Controls/FluentWinUI3/light/images/spinbox-background-atlimit@3x.png\n./venv/lib/python3.12/site-packages/PyQt6/Qt6/qml/QtQuick/Controls/FluentWinUI3/light/images/spinbox-background-disabled.png\n./venv/lib/python3.12/site-packages/PyQt6/Qt6/qml/QtQuick/Controls/FluentWinUI3/light/images/spinbox-background-disabled@2x.png\n./venv/lib/python3.12/site-packages/PyQt6/Qt6/qml/QtQuick/Controls/FluentWinUI3/light/images/spinbox-background-disabled@3x.png\n./venv/lib/python3.12/site-packages/PyQt6/Qt6/qml/QtQuick/Controls/FluentWinUI3/light/images/spinbox-background-down-hovered.png\n./venv/lib/python3.12/site-packages/PyQt6/Qt6/qml/QtQuick/Controls/FluentWinUI3/light/images/spinbox-background-down-hovered@2x.png\n./venv/lib/python3.12/site-packages/PyQt6/Qt6/qml/QtQuick/Controls/FluentWinUI3/light/images/spinbox-background-down-hovered@3x.png\n./venv/lib/python3.12/site-packages/PyQt6/Qt6/qml/QtQuick/Controls/FluentWinUI3/light/images/spinbox-background-down-pressed.png\n./venv/lib/python3.12/site-packages/PyQt6/Qt6/qml/QtQuick/Controls/FluentWinUI3/light/images/spinbox-background-down-pressed@2x.png\n./venv/lib/python3.12/site-packages/PyQt6/Qt6/qml/QtQuick/Controls/FluentWinUI3/light/images/spinbox-background-down-pressed@3x.png\n./venv/lib/python3.12/site-packages/PyQt6/Qt6/qml/QtQuick/Controls/FluentWinUI3/light/images/spinbox-background-hovered.png\n./venv/lib/python3.12/site-packages/PyQt6/Qt6/qml/QtQuick/Controls/FluentWinUI3/light/images/spinbox-background-hovered@2x.png\n./venv/lib/python3.12/site-packages/PyQt6/Qt6/qml/QtQuick/Controls/FluentWinUI3/light/images/spinbox-background-hovered@3x.png\n./venv/lib/python3.12/site-packages/PyQt6/Qt6/qml/QtQuick/Controls/FluentWinUI3/light/images/spinbox-background-up-hovered.png\n./venv/lib/python3.12/site-packages/PyQt6/Qt6/qml/QtQuick/Controls/FluentWinUI3/light/images/spinbox-background-up-hovered@2x.png\n./venv/lib/python3.12/site-packages/PyQt6/Qt6/qml/QtQuick/Controls/FluentWinUI3/light/images/spinbox-background-up-hovered@3x.png\n./venv/lib/python3.12/site-packages/PyQt6/Qt6/qml/QtQuick/Controls/FluentWinUI3/light/images/spinbox-background-up-pressed.png\n./venv/lib/python3.12/site-packages/PyQt6/Qt6/qml/QtQuick/Controls/FluentWinUI3/light/images/spinbox-background-up-pressed@2x.png\n./venv/lib/python3.12/site-packages/PyQt6/Qt6/qml/QtQuick/Controls/FluentWinUI3/light/images/spinbox-background-up-pressed@3x.png\n./venv/lib/python3.12/site-packages/PyQt6/Qt6/qml/QtQuick/Controls/FluentWinUI3/light/images/spinbox-background.png\n./venv/lib/python3.12/site-packages/PyQt6/Qt6/qml/QtQuick/Controls/FluentWinUI3/light/images/spinbox-background@2x.png\n./venv/lib/python3.12/site-packages/PyQt6/Qt6/qml/QtQuick/Controls/FluentWinUI3/light/images/spinbox-background@3x.png\n./venv/lib/python3.12/site-packages/PyQt6/Qt6/qml/QtQuick/Controls/FluentWinUI3/light/images/spinbox-indicator-down-background-atlimit.png\n./venv/lib/python3.12/site-packages/PyQt6/Qt6/qml/QtQuick/Controls/FluentWinUI3/light/images/spinbox-indicator-down-background-atlimit@2x.png\n./venv/lib/python3.12/site-packages/PyQt6/Qt6/qml/QtQuick/Controls/FluentWinUI3/light/images/spinbox-indicator-down-background-atlimit@3x.png\n./venv/lib/python3.12/site-packages/PyQt6/Qt6/qml/QtQuick/Controls/FluentWinUI3/light/images/spinbox-indicator-down-background-disabled.png\n./venv/lib/python3.12/site-packages/PyQt6/Qt6/qml/QtQuick/Controls/FluentWinUI3/light/images/spinbox-indicator-down-background-disabled@2x.png\n./venv/lib/python3.12/site-packages/PyQt6/Qt6/qml/QtQuick/Controls/FluentWinUI3/light/images/spinbox-indicator-down-background-disabled@3x.png\n./venv/lib/python3.12/site-packages/PyQt6/Qt6/qml/QtQuick/Controls/FluentWinUI3/light/images/spinbox-indicator-down-background-down-hovered.png\n./venv/lib/python3.12/site-packages/PyQt6/Qt6/qml/QtQuick/Controls/FluentWinUI3/light/images/spinbox-indicator-down-background-down-hovered@2x.png\n./venv/lib/python3.12/site-packages/PyQt6/Qt6/qml/QtQuick/Controls/FluentWinUI3/light/images/spinbox-indicator-down-background-down-hovered@3x.png\n./venv/lib/python3.12/site-packages/PyQt6/Qt6/qml/QtQuick/Controls/FluentWinUI3/light/images/spinbox-indicator-down-background-down-pressed.png\n./venv/lib/python3.12/site-packages/PyQt6/Qt6/qml/QtQuick/Controls/FluentWinUI3/light/images/spinbox-indicator-down-background-down-pressed@2x.png\n./venv/lib/python3.12/site-packages/PyQt6/Qt6/qml/QtQuick/Controls/FluentWinUI3/light/images/spinbox-indicator-down-background-down-pressed@3x.png\n./venv/lib/python3.12/site-packages/PyQt6/Qt6/qml/QtQuick/Controls/FluentWinUI3/light/images/spinbox-indicator-down-background-hovered.png\n./venv/lib/python3.12/site-packages/PyQt6/Qt6/qml/QtQuick/Controls/FluentWinUI3/light/images/spinbox-indicator-down-background-hovered@2x.png\n./venv/lib/python3.12/site-packages/PyQt6/Qt6/qml/QtQuick/Controls/FluentWinUI3/light/images/spinbox-indicator-down-background-hovered@3x.png\n./venv/lib/python3.12/site-packages/PyQt6/Qt6/qml/QtQuick/Controls/FluentWinUI3/light/images/spinbox-indicator-down-background-up-hovered.png\n./venv/lib/python3.12/site-packages/PyQt6/Qt6/qml/QtQuick/Controls/FluentWinUI3/light/images/spinbox-indicator-down-background-up-hovered@2x.png\n./venv/lib/python3.12/site-packages/PyQt6/Qt6/qml/QtQuick/Controls/FluentWinUI3/light/images/spinbox-indicator-down-background-up-hovered@3x.png\n./venv/lib/python3.12/site-packages/PyQt6/Qt6/qml/QtQuick/Controls/FluentWinUI3/light/images/spinbox-indicator-down-background-up-pressed.png\n./venv/lib/python3.12/site-packages/PyQt6/Qt6/qml/QtQuick/Controls/FluentWinUI3/light/images/spinbox-indicator-down-background-up-pressed@2x.png\n./venv/lib/python3.12/site-packages/PyQt6/Qt6/qml/QtQuick/Controls/FluentWinUI3/light/images/spinbox-indicator-down-background-up-pressed@3x.png\n./venv/lib/python3.12/site-packages/PyQt6/Qt6/qml/QtQuick/Controls/FluentWinUI3/light/images/spinbox-indicator-down-background.png\n./venv/lib/python3.12/site-packages/PyQt6/Qt6/qml/QtQuick/Controls/FluentWinUI3/light/images/spinbox-indicator-down-background@2x.png\n./venv/lib/python3.12/site-packages/PyQt6/Qt6/qml/QtQuick/Controls/FluentWinUI3/light/images/spinbox-indicator-down-background@3x.png\n./venv/lib/python3.12/site-packages/PyQt6/Qt6/qml/QtQuick/Controls/FluentWinUI3/light/images/spinbox-indicator-down-icon-atlimit.png\n./venv/lib/python3.12/site-packages/PyQt6/Qt6/qml/QtQuick/Controls/FluentWinUI3/light/images/spinbox-indicator-down-icon-atlimit@2x.png\n./venv/lib/python3.12/site-packages/PyQt6/Qt6/qml/QtQuick/Controls/FluentWinUI3/light/images/spinbox-indicator-down-icon-atlimit@3x.png\n./venv/lib/python3.12/site-packages/PyQt6/Qt6/qml/QtQuick/Controls/FluentWinUI3/light/images/spinbox-indicator-down-icon-disabled.png\n./venv/lib/python3.12/site-packages/PyQt6/Qt6/qml/QtQuick/Controls/FluentWinUI3/light/images/spinbox-indicator-down-icon-disabled@2x.png\n./venv/lib/python3.12/site-packages/PyQt6/Qt6/qml/QtQuick/Controls/FluentWinUI3/light/images/spinbox-indicator-down-icon-disabled@3x.png\n./venv/lib/python3.12/site-packages/PyQt6/Qt6/qml/QtQuick/Controls/FluentWinUI3/light/images/spinbox-indicator-down-icon-down-hovered.png\n./venv/lib/python3.12/site-packages/PyQt6/Qt6/qml/QtQuick/Controls/FluentWinUI3/light/images/spinbox-indicator-down-icon-down-hovered@2x.png\n./venv/lib/python3.12/site-packages/PyQt6/Qt6/qml/QtQuick/Controls/FluentWinUI3/light/images/spinbox-indicator-down-icon-down-hovered@3x.png\n./venv/lib/python3.12/site-packages/PyQt6/Qt6/qml/QtQuick/Controls/FluentWinUI3/light/images/spinbox-indicator-down-icon-down-pressed.png\n./venv/lib/python3.12/site-packages/PyQt6/Qt6/qml/QtQuick/Controls/FluentWinUI3/light/images/spinbox-indicator-down-icon-down-pressed@2x.png\n./venv/lib/python3.12/site-packages/PyQt6/Qt6/qml/QtQuick/Controls/FluentWinUI3/light/images/spinbox-indicator-down-icon-down-pressed@3x.png\n./venv/lib/python3.12/site-packages/PyQt6/Qt6/qml/QtQuick/Controls/FluentWinUI3/light/images/spinbox-indicator-down-icon-hovered.png\n./venv/lib/python3.12/site-packages/PyQt6/Qt6/qml/QtQuick/Controls/FluentWinUI3/light/images/spinbox-indicator-down-icon-hovered@2x.png\n./venv/lib/python3.12/site-packages/PyQt6/Qt6/qml/QtQuick/Controls/FluentWinUI3/light/images/spinbox-indicator-down-icon-hovered@3x.png\n./venv/lib/python3.12/site-packages/PyQt6/Qt6/qml/QtQuick/Controls/FluentWinUI3/light/images/spinbox-indicator-down-icon-up-hovered.png\n./venv/lib/python3.12/site-packages/PyQt6/Qt6/qml/QtQuick/Controls/FluentWinUI3/light/images/spinbox-indicator-down-icon-up-hovered@2x.png\n./venv/lib/python3.12/site-packages/PyQt6/Qt6/qml/QtQuick/Controls/FluentWinUI3/light/images/spinbox-indicator-down-icon-up-hovered@3x.png\n./venv/lib/python3.12/site-packages/PyQt6/Qt6/qml/QtQuick/Controls/FluentWinUI3/light/images/spinbox-indicator-down-icon-up-pressed.png\n./venv/lib/python3.12/site-packages/PyQt6/Qt6/qml/QtQuick/Controls/FluentWinUI3/light/images/spinbox-indicator-down-icon-up-pressed@2x.png\n./venv/lib/python3.12/site-packages/PyQt6/Qt6/qml/QtQuick/Controls/FluentWinUI3/light/images/spinbox-indicator-down-icon-up-pressed@3x.png\n./venv/lib/python3.12/site-packages/PyQt6/Qt6/qml/QtQuick/Controls/FluentWinUI3/light/images/spinbox-indicator-down-icon.png\n./venv/lib/python3.12/site-packages/PyQt6/Qt6/qml/QtQuick/Controls/FluentWinUI3/light/images/spinbox-indicator-down-icon@2x.png\n./venv/lib/python3.12/site-packages/PyQt6/Qt6/qml/QtQuick/Controls/FluentWinUI3/light/images/spinbox-indicator-down-icon@3x.png\n./venv/lib/python3.12/site-packages/PyQt6/Qt6/qml/QtQuick/Controls/FluentWinUI3/light/images/spinbox-indicator-up-background-atlimit.png\n./venv/lib/python3.12/site-packages/PyQt6/Qt6/qml/QtQuick/Controls/FluentWinUI3/light/images/spinbox-indicator-up-background-atlimit@2x.png\n./venv/lib/python3.12/site-packages/PyQt6/Qt6/qml/QtQuick/Controls/FluentWinUI3/light/images/spinbox-indicator-up-background-atlimit@3x.png\n./venv/lib/python3.12/site-packages/PyQt6/Qt6/qml/QtQuick/Controls/FluentWinUI3/light/images/spinbox-indicator-up-background-disabled.png\n./venv/lib/python3.12/site-packages/PyQt6/Qt6/qml/QtQuick/Controls/FluentWinUI3/light/images/spinbox-indicator-up-background-disabled@2x.png\n./venv/lib/python3.12/site-packages/PyQt6/Qt6/qml/QtQuick/Controls/FluentWinUI3/light/images/spinbox-indicator-up-background-disabled@3x.png\n./venv/lib/python3.12/site-packages/PyQt6/Qt6/qml/QtQuick/Controls/FluentWinUI3/light/images/spinbox-indicator-up-background-down-hovered.png\n./venv/lib/python3.12/site-packages/PyQt6/Qt6/qml/QtQuick/Controls/FluentWinUI3/light/images/spinbox-indicator-up-background-down-hovered@2x.png\n./venv/lib/python3.12/site-packages/PyQt6/Qt6/qml/QtQuick/Controls/FluentWinUI3/light/images/spinbox-indicator-up-background-down-hovered@3x.png\n./venv/lib/python3.12/site-packages/PyQt6/Qt6/qml/QtQuick/Controls/FluentWinUI3/light/images/spinbox-indicator-up-background-down-pressed.png\n./venv/lib/python3.12/site-packages/PyQt6/Qt6/qml/QtQuick/Controls/FluentWinUI3/light/images/spinbox-indicator-up-background-down-pressed@2x.png\n./venv/lib/python3.12/site-packages/PyQt6/Qt6/qml/QtQuick/Controls/FluentWinUI3/light/images/spinbox-indicator-up-background-down-pressed@3x.png\n./venv/lib/python3.12/site-packages/PyQt6/Qt6/qml/QtQuick/Controls/FluentWinUI3/light/images/spinbox-indicator-up-background-hovered.png\n./venv/lib/python3.12/site-packages/PyQt6/Qt6/qml/QtQuick/Controls/FluentWinUI3/light/images/spinbox-indicator-up-background-hovered@2x.png\n./venv/lib/python3.12/site-packages/PyQt6/Qt6/qml/QtQuick/Controls/FluentWinUI3/light/images/spinbox-indicator-up-background-hovered@3x.png\n./venv/lib/python3.12/site-packages/PyQt6/Qt6/qml/QtQuick/Controls/FluentWinUI3/light/images/spinbox-indicator-up-background-up-hovered.png\n./venv/lib/python3.12/site-packages/PyQt6/Qt6/qml/QtQuick/Controls/FluentWinUI3/light/images/spinbox-indicator-up-background-up-hovered@2x.png\n./venv/lib/python3.12/site-packages/PyQt6/Qt6/qml/QtQuick/Controls/FluentWinUI3/light/images/spinbox-indicator-up-background-up-hovered@3x.png\n./venv/lib/python3.12/site-packages/PyQt6/Qt6/qml/QtQuick/Controls/FluentWinUI3/light/images/spinbox-indicator-up-background-up-pressed.png\n./venv/lib/python3.12/site-packages/PyQt6/Qt6/qml/QtQuick/Controls/FluentWinUI3/light/images/spinbox-indicator-up-background-up-pressed@2x.png\n./venv/lib/python3.12/site-packages/PyQt6/Qt6/qml/QtQuick/Controls/FluentWinUI3/light/images/spinbox-indicator-up-background-up-pressed@3x.png\n./venv/lib/python3.12/site-packages/PyQt6/Qt6/qml/QtQuick/Controls/FluentWinUI3/light/images/spinbox-indicator-up-background.png\n./venv/lib/python3.12/site-packages/PyQt6/Qt6/qml/QtQuick/Controls/FluentWinUI3/light/images/spinbox-indicator-up-background@2x.png\n./venv/lib/python3.12/site-packages/PyQt6/Qt6/qml/QtQuick/Controls/FluentWinUI3/light/images/spinbox-indicator-up-background@3x.png\n./venv/lib/python3.12/site-packages/PyQt6/Qt6/qml/QtQuick/Controls/FluentWinUI3/light/images/spinbox-indicator-up-icon-atlimit.png\n./venv/lib/python3.12/site-packages/PyQt6/Qt6/qml/QtQuick/Controls/FluentWinUI3/light/images/spinbox-indicator-up-icon-atlimit@2x.png\n./venv/lib/python3.12/site-packages/PyQt6/Qt6/qml/QtQuick/Controls/FluentWinUI3/light/images/spinbox-indicator-up-icon-atlimit@3x.png\n./venv/lib/python3.12/site-packages/PyQt6/Qt6/qml/QtQuick/Controls/FluentWinUI3/light/images/spinbox-indicator-up-icon-disabled.png\n./venv/lib/python3.12/site-packages/PyQt6/Qt6/qml/QtQuick/Controls/FluentWinUI3/light/images/spinbox-indicator-up-icon-disabled@2x.png\n./venv/lib/python3.12/site-packages/PyQt6/Qt6/qml/QtQuick/Controls/FluentWinUI3/light/images/spinbox-indicator-up-icon-disabled@3x.png\n./venv/lib/python3.12/site-packages/PyQt6/Qt6/qml/QtQuick/Controls/FluentWinUI3/light/images/spinbox-indicator-up-icon-down-hovered.png\n./venv/lib/python3.12/site-packages/PyQt6/Qt6/qml/QtQuick/Controls/FluentWinUI3/light/images/spinbox-indicator-up-icon-down-hovered@2x.png\n./venv/lib/python3.12/site-packages/PyQt6/Qt6/qml/QtQuick/Controls/FluentWinUI3/light/images/spinbox-indicator-up-icon-down-hovered@3x.png\n./venv/lib/python3.12/site-packages/PyQt6/Qt6/qml/QtQuick/Controls/FluentWinUI3/light/images/spinbox-indicator-up-icon-down-pressed.png\n./venv/lib/python3.12/site-packages/PyQt6/Qt6/qml/QtQuick/Controls/FluentWinUI3/light/images/spinbox-indicator-up-icon-down-pressed@2x.png\n./venv/lib/python3.12/site-packages/PyQt6/Qt6/qml/QtQuick/Controls/FluentWinUI3/light/images/spinbox-indicator-up-icon-down-pressed@3x.png\n./venv/lib/python3.12/site-packages/PyQt6/Qt6/qml/QtQuick/Controls/FluentWinUI3/light/images/spinbox-indicator-up-icon-hovered.png\n./venv/lib/python3.12/site-packages/PyQt6/Qt6/qml/QtQuick/Controls/FluentWinUI3/light/images/spinbox-indicator-up-icon-hovered@2x.png\n./venv/lib/python3.12/site-packages/PyQt6/Qt6/qml/QtQuick/Controls/FluentWinUI3/light/images/spinbox-indicator-up-icon-hovered@3x.png\n./venv/lib/python3.12/site-packages/PyQt6/Qt6/qml/QtQuick/Controls/FluentWinUI3/light/images/spinbox-indicator-up-icon-up-hovered.png\n./venv/lib/python3.12/site-packages/PyQt6/Qt6/qml/QtQuick/Controls/FluentWinUI3/light/images/spinbox-indicator-up-icon-up-hovered@2x.png\n./venv/lib/python3.12/site-packages/PyQt6/Qt6/qml/QtQuick/Controls/FluentWinUI3/light/images/spinbox-indicator-up-icon-up-hovered@3x.png\n./venv/lib/python3.12/site-packages/PyQt6/Qt6/qml/QtQuick/Controls/FluentWinUI3/light/images/spinbox-indicator-up-icon-up-pressed.png\n./venv/lib/python3.12/site-packages/PyQt6/Qt6/qml/QtQuick/Controls/FluentWinUI3/light/images/spinbox-indicator-up-icon-up-pressed@2x.png\n./venv/lib/python3.12/site-packages/PyQt6/Qt6/qml/QtQuick/Controls/FluentWinUI3/light/images/spinbox-indicator-up-icon-up-pressed@3x.png\n./venv/lib/python3.12/site-packages/PyQt6/Qt6/qml/QtQuick/Controls/FluentWinUI3/light/images/spinbox-indicator-up-icon.png\n./venv/lib/python3.12/site-packages/PyQt6/Qt6/qml/QtQuick/Controls/FluentWinUI3/light/images/spinbox-indicator-up-icon@2x.png\n./venv/lib/python3.12/site-packages/PyQt6/Qt6/qml/QtQuick/Controls/FluentWinUI3/light/images/spinbox-indicator-up-icon@3x.png\n./venv/lib/python3.12/site-packages/PyQt6/Qt6/qml/QtQuick/Controls/FluentWinUI3/light/images/textarea-background-disabled.png\n./venv/lib/python3.12/site-packages/PyQt6/Qt6/qml/QtQuick/Controls/FluentWinUI3/light/images/textarea-background-disabled@2x.png\n./venv/lib/python3.12/site-packages/PyQt6/Qt6/qml/QtQuick/Controls/FluentWinUI3/light/images/textarea-background-disabled@3x.png\n./venv/lib/python3.12/site-packages/PyQt6/Qt6/qml/QtQuick/Controls/FluentWinUI3/light/images/textarea-background-focused.png\n./venv/lib/python3.12/site-packages/PyQt6/Qt6/qml/QtQuick/Controls/FluentWinUI3/light/images/textarea-background-focused@2x.png\n./venv/lib/python3.12/site-packages/PyQt6/Qt6/qml/QtQuick/Controls/FluentWinUI3/light/images/textarea-background-focused@3x.png\n./venv/lib/python3.12/site-packages/PyQt6/Qt6/qml/QtQuick/Controls/FluentWinUI3/light/images/textarea-background-hovered.png\n./venv/lib/python3.12/site-packages/PyQt6/Qt6/qml/QtQuick/Controls/FluentWinUI3/light/images/textarea-background-hovered@2x.png\n./venv/lib/python3.12/site-packages/PyQt6/Qt6/qml/QtQuick/Controls/FluentWinUI3/light/images/textarea-background-hovered@3x.png\n./venv/lib/python3.12/site-packages/PyQt6/Qt6/qml/QtQuick/Controls/FluentWinUI3/light/images/textarea-background.png\n./venv/lib/python3.12/site-packages/PyQt6/Qt6/qml/QtQuick/Controls/FluentWinUI3/light/images/textarea-background@2x.png\n./venv/lib/python3.12/site-packages/PyQt6/Qt6/qml/QtQuick/Controls/FluentWinUI3/light/images/textarea-background@3x.png\n./venv/lib/python3.12/site-packages/PyQt6/Qt6/qml/QtQuick/Controls/FluentWinUI3/light/images/textfield-background-disabled.png\n./venv/lib/python3.12/site-packages/PyQt6/Qt6/qml/QtQuick/Controls/FluentWinUI3/light/images/textfield-background-disabled@2x.png\n./venv/lib/python3.12/site-packages/PyQt6/Qt6/qml/QtQuick/Controls/FluentWinUI3/light/images/textfield-background-disabled@3x.png\n./venv/lib/python3.12/site-packages/PyQt6/Qt6/qml/QtQuick/Controls/FluentWinUI3/light/images/textfield-background-focused.png\n./venv/lib/python3.12/site-packages/PyQt6/Qt6/qml/QtQuick/Controls/FluentWinUI3/light/images/textfield-background-focused@2x.png\n./venv/lib/python3.12/site-packages/PyQt6/Qt6/qml/QtQuick/Controls/FluentWinUI3/light/images/textfield-background-focused@3x.png\n./venv/lib/python3.12/site-packages/PyQt6/Qt6/qml/QtQuick/Controls/FluentWinUI3/light/images/textfield-background-hovered.png\n./venv/lib/python3.12/site-packages/PyQt6/Qt6/qml/QtQuick/Controls/FluentWinUI3/light/images/textfield-background-hovered@2x.png\n./venv/lib/python3.12/site-packages/PyQt6/Qt6/qml/QtQuick/Controls/FluentWinUI3/light/images/textfield-background-hovered@3x.png\n./venv/lib/python3.12/site-packages/PyQt6/Qt6/qml/QtQuick/Controls/FluentWinUI3/light/images/textfield-background.png\n./venv/lib/python3.12/site-packages/PyQt6/Qt6/qml/QtQuick/Controls/FluentWinUI3/light/images/textfield-background@2x.png\n./venv/lib/python3.12/site-packages/PyQt6/Qt6/qml/QtQuick/Controls/FluentWinUI3/light/images/textfield-background@3x.png\n./venv/lib/python3.12/site-packages/PyQt6/Qt6/qml/QtQuick/Controls/FluentWinUI3/dark/images/checkbox-indicator-checked-disabled.png\n./venv/lib/python3.12/site-packages/PyQt6/Qt6/qml/QtQuick/Controls/FluentWinUI3/dark/images/checkbox-indicator-checked-disabled@2x.png\n./venv/lib/python3.12/site-packages/PyQt6/Qt6/qml/QtQuick/Controls/FluentWinUI3/dark/images/checkbox-indicator-checked-disabled@3x.png\n./venv/lib/python3.12/site-packages/PyQt6/Qt6/qml/QtQuick/Controls/FluentWinUI3/dark/images/checkbox-indicator-checked-hovered.png\n./venv/lib/python3.12/site-packages/PyQt6/Qt6/qml/QtQuick/Controls/FluentWinUI3/dark/images/checkbox-indicator-checked-hovered@2x.png\n./venv/lib/python3.12/site-packages/PyQt6/Qt6/qml/QtQuick/Controls/FluentWinUI3/dark/images/checkbox-indicator-checked-hovered@3x.png\n./venv/lib/python3.12/site-packages/PyQt6/Qt6/qml/QtQuick/Controls/FluentWinUI3/dark/images/checkbox-indicator-checked-pressed.png\n./venv/lib/python3.12/site-packages/PyQt6/Qt6/qml/QtQuick/Controls/FluentWinUI3/dark/images/checkbox-indicator-checked-pressed@2x.png\n./venv/lib/python3.12/site-packages/PyQt6/Qt6/qml/QtQuick/Controls/FluentWinUI3/dark/images/checkbox-indicator-checked-pressed@3x.png\n./venv/lib/python3.12/site-packages/PyQt6/Qt6/qml/QtQuick/Controls/FluentWinUI3/dark/images/checkbox-indicator-checked.png\n./venv/lib/python3.12/site-packages/PyQt6/Qt6/qml/QtQuick/Controls/FluentWinUI3/dark/images/checkbox-indicator-checked@2x.png\n./venv/lib/python3.12/site-packages/PyQt6/Qt6/qml/QtQuick/Controls/FluentWinUI3/dark/images/checkbox-indicator-checked@3x.png\n./venv/lib/python3.12/site-packages/PyQt6/Qt6/qml/QtQuick/Controls/FluentWinUI3/dark/images/checkbox-indicator-disabled-partiallyChecked.png\n./venv/lib/python3.12/site-packages/PyQt6/Qt6/qml/QtQuick/Controls/FluentWinUI3/dark/images/checkbox-indicator-disabled-partiallyChecked@2x.png\n./venv/lib/python3.12/site-packages/PyQt6/Qt6/qml/QtQuick/Controls/FluentWinUI3/dark/images/checkbox-indicator-disabled-partiallyChecked@3x.png\n./venv/lib/python3.12/site-packages/PyQt6/Qt6/qml/QtQuick/Controls/FluentWinUI3/dark/images/checkbox-indicator-disabled.png\n./venv/lib/python3.12/site-packages/PyQt6/Qt6/qml/QtQuick/Controls/FluentWinUI3/dark/images/checkbox-indicator-disabled@2x.png\n./venv/lib/python3.12/site-packages/PyQt6/Qt6/qml/QtQuick/Controls/FluentWinUI3/dark/images/checkbox-indicator-disabled@3x.png\n./venv/lib/python3.12/site-packages/PyQt6/Qt6/qml/QtQuick/Controls/FluentWinUI3/dark/images/checkbox-indicator-hovered-partiallyChecked.png\n./venv/lib/python3.12/site-packages/PyQt6/Qt6/qml/QtQuick/Controls/FluentWinUI3/dark/images/checkbox-indicator-hovered-partiallyChecked@2x.png\n./venv/lib/python3.12/site-packages/PyQt6/Qt6/qml/QtQuick/Controls/FluentWinUI3/dark/images/checkbox-indicator-hovered-partiallyChecked@3x.png\n./venv/lib/python3.12/site-packages/PyQt6/Qt6/qml/QtQuick/Controls/FluentWinUI3/dark/images/checkbox-indicator-hovered.png\n./venv/lib/python3.12/site-packages/PyQt6/Qt6/qml/QtQuick/Controls/FluentWinUI3/dark/images/checkbox-indicator-hovered@2x.png\n./venv/lib/python3.12/site-packages/PyQt6/Qt6/qml/QtQuick/Controls/FluentWinUI3/dark/images/checkbox-indicator-hovered@3x.png\n./venv/lib/python3.12/site-packages/PyQt6/Qt6/qml/QtQuick/Controls/FluentWinUI3/dark/images/checkbox-indicator-partiallyChecked-pressed.png\n./venv/lib/python3.12/site-packages/PyQt6/Qt6/qml/QtQuick/Controls/FluentWinUI3/dark/images/checkbox-indicator-partiallyChecked-pressed@2x.png\n./venv/lib/python3.12/site-packages/PyQt6/Qt6/qml/QtQuick/Controls/FluentWinUI3/dark/images/checkbox-indicator-partiallyChecked-pressed@3x.png\n./venv/lib/python3.12/site-packages/PyQt6/Qt6/qml/QtQuick/Controls/FluentWinUI3/dark/images/checkbox-indicator-partiallyChecked.png\n./venv/lib/python3.12/site-packages/PyQt6/Qt6/qml/QtQuick/Controls/FluentWinUI3/dark/images/checkbox-indicator-partiallyChecked@2x.png\n./venv/lib/python3.12/site-packages/PyQt6/Qt6/qml/QtQuick/Controls/FluentWinUI3/dark/images/checkbox-indicator-partiallyChecked@3x.png\n./venv/lib/python3.12/site-packages/PyQt6/Qt6/qml/QtQuick/Controls/FluentWinUI3/dark/images/checkbox-indicator-pressed.png\n./venv/lib/python3.12/site-packages/PyQt6/Qt6/qml/QtQuick/Controls/FluentWinUI3/dark/images/checkbox-indicator-pressed@2x.png\n./venv/lib/python3.12/site-packages/PyQt6/Qt6/qml/QtQuick/Controls/FluentWinUI3/dark/images/checkbox-indicator-pressed@3x.png\n./venv/lib/python3.12/site-packages/PyQt6/Qt6/qml/QtQuick/Controls/FluentWinUI3/dark/images/checkbox-indicator.png\n./venv/lib/python3.12/site-packages/PyQt6/Qt6/qml/QtQuick/Controls/FluentWinUI3/dark/images/checkbox-indicator@2x.png\n./venv/lib/python3.12/site-packages/PyQt6/Qt6/qml/QtQuick/Controls/FluentWinUI3/dark/images/checkbox-indicator@3x.png\n./venv/lib/python3.12/site-packages/PyQt6/Qt6/qml/QtQuick/Controls/FluentWinUI3/dark/images/combobox-background-disabled.png\n./venv/lib/python3.12/site-packages/PyQt6/Qt6/qml/QtQuick/Controls/FluentWinUI3/dark/images/combobox-background-disabled@2x.png\n./venv/lib/python3.12/site-packages/PyQt6/Qt6/qml/QtQuick/Controls/FluentWinUI3/dark/images/combobox-background-disabled@3x.png\n./venv/lib/python3.12/site-packages/PyQt6/Qt6/qml/QtQuick/Controls/FluentWinUI3/dark/images/combobox-background-focused.png\n./venv/lib/python3.12/site-packages/PyQt6/Qt6/qml/QtQuick/Controls/FluentWinUI3/dark/images/combobox-background-focused@2x.png\n./venv/lib/python3.12/site-packages/PyQt6/Qt6/qml/QtQuick/Controls/FluentWinUI3/dark/images/combobox-background-focused@3x.png\n./venv/lib/python3.12/site-packages/PyQt6/Qt6/qml/QtQuick/Controls/FluentWinUI3/dark/images/combobox-background-hovered-open.png\n./venv/lib/python3.12/site-packages/PyQt6/Qt6/qml/QtQuick/Controls/FluentWinUI3/dark/images/combobox-background-hovered-open@2x.png\n./venv/lib/python3.12/site-packages/PyQt6/Qt6/qml/QtQuick/Controls/FluentWinUI3/dark/images/combobox-background-hovered-open@3x.png\n./venv/lib/python3.12/site-packages/PyQt6/Qt6/qml/QtQuick/Controls/FluentWinUI3/dark/images/combobox-background-hovered.png\n./venv/lib/python3.12/site-packages/PyQt6/Qt6/qml/QtQuick/Controls/FluentWinUI3/dark/images/combobox-background-hovered@2x.png\n./venv/lib/python3.12/site-packages/PyQt6/Qt6/qml/QtQuick/Controls/FluentWinUI3/dark/images/combobox-background-hovered@3x.png\n./venv/lib/python3.12/site-packages/PyQt6/Qt6/qml/QtQuick/Controls/FluentWinUI3/dark/images/combobox-background-open-pressed.png\n./venv/lib/python3.12/site-packages/PyQt6/Qt6/qml/QtQuick/Controls/FluentWinUI3/dark/images/combobox-background-open-pressed@2x.png\n./venv/lib/python3.12/site-packages/PyQt6/Qt6/qml/QtQuick/Controls/FluentWinUI3/dark/images/combobox-background-open-pressed@3x.png\n./venv/lib/python3.12/site-packages/PyQt6/Qt6/qml/QtQuick/Controls/FluentWinUI3/dark/images/combobox-background-open.png\n./venv/lib/python3.12/site-packages/PyQt6/Qt6/qml/QtQuick/Controls/FluentWinUI3/dark/images/combobox-background-open@2x.png\n./venv/lib/python3.12/site-packages/PyQt6/Qt6/qml/QtQuick/Controls/FluentWinUI3/dark/images/combobox-background-open@3x.png\n./venv/lib/python3.12/site-packages/PyQt6/Qt6/qml/QtQuick/Controls/FluentWinUI3/dark/images/combobox-background-pressed.png\n./venv/lib/python3.12/site-packages/PyQt6/Qt6/qml/QtQuick/Controls/FluentWinUI3/dark/images/combobox-background-pressed@2x.png\n./venv/lib/python3.12/site-packages/PyQt6/Qt6/qml/QtQuick/Controls/FluentWinUI3/dark/images/combobox-background-pressed@3x.png\n./venv/lib/python3.12/site-packages/PyQt6/Qt6/qml/QtQuick/Controls/FluentWinUI3/dark/images/combobox-background.png\n./venv/lib/python3.12/site-packages/PyQt6/Qt6/qml/QtQuick/Controls/FluentWinUI3/dark/images/combobox-background@2x.png\n./venv/lib/python3.12/site-packages/PyQt6/Qt6/qml/QtQuick/Controls/FluentWinUI3/dark/images/combobox-background@3x.png\n./venv/lib/python3.12/site-packages/PyQt6/Qt6/qml/QtQuick/Controls/FluentWinUI3/dark/images/combobox-indicator-disabled.png\n./venv/lib/python3.12/site-packages/PyQt6/Qt6/qml/QtQuick/Controls/FluentWinUI3/dark/images/combobox-indicator-disabled@2x.png\n./venv/lib/python3.12/site-packages/PyQt6/Qt6/qml/QtQuick/Controls/FluentWinUI3/dark/images/combobox-indicator-disabled@3x.png\n./venv/lib/python3.12/site-packages/PyQt6/Qt6/qml/QtQuick/Controls/FluentWinUI3/dark/images/combobox-indicator-focused.png\n./venv/lib/python3.12/site-packages/PyQt6/Qt6/qml/QtQuick/Controls/FluentWinUI3/dark/images/combobox-indicator-focused@2x.png\n./venv/lib/python3.12/site-packages/PyQt6/Qt6/qml/QtQuick/Controls/FluentWinUI3/dark/images/combobox-indicator-focused@3x.png\n./venv/lib/python3.12/site-packages/PyQt6/Qt6/qml/QtQuick/Controls/FluentWinUI3/dark/images/combobox-indicator-hovered-open.png\n./venv/lib/python3.12/site-packages/PyQt6/Qt6/qml/QtQuick/Controls/FluentWinUI3/dark/images/combobox-indicator-hovered-open@2x.png\n./venv/lib/python3.12/site-packages/PyQt6/Qt6/qml/QtQuick/Controls/FluentWinUI3/dark/images/combobox-indicator-hovered-open@3x.png\n./venv/lib/python3.12/site-packages/PyQt6/Qt6/qml/QtQuick/Controls/FluentWinUI3/dark/images/combobox-indicator-hovered.png\n./venv/lib/python3.12/site-packages/PyQt6/Qt6/qml/QtQuick/Controls/FluentWinUI3/dark/images/combobox-indicator-hovered@2x.png\n./venv/lib/python3.12/site-packages/PyQt6/Qt6/qml/QtQuick/Controls/FluentWinUI3/dark/images/combobox-indicator-hovered@3x.png\n./venv/lib/python3.12/site-packages/PyQt6/Qt6/qml/QtQuick/Controls/FluentWinUI3/dark/images/combobox-indicator-open-pressed.png\n./venv/lib/python3.12/site-packages/PyQt6/Qt6/qml/QtQuick/Controls/FluentWinUI3/dark/images/combobox-indicator-open-pressed@2x.png\n./venv/lib/python3.12/site-packages/PyQt6/Qt6/qml/QtQuick/Controls/FluentWinUI3/dark/images/combobox-indicator-open-pressed@3x.png\n./venv/lib/python3.12/site-packages/PyQt6/Qt6/qml/QtQuick/Controls/FluentWinUI3/dark/images/combobox-indicator-open.png\n./venv/lib/python3.12/site-packages/PyQt6/Qt6/qml/QtQuick/Controls/FluentWinUI3/dark/images/combobox-indicator-open@2x.png\n./venv/lib/python3.12/site-packages/PyQt6/Qt6/qml/QtQuick/Controls/FluentWinUI3/dark/images/combobox-indicator-open@3x.png\n./venv/lib/python3.12/site-packages/PyQt6/Qt6/qml/QtQuick/Controls/FluentWinUI3/dark/images/combobox-indicator-pressed.png\n./venv/lib/python3.12/site-packages/PyQt6/Qt6/qml/QtQuick/Controls/FluentWinUI3/dark/images/combobox-indicator-pressed@2x.png\n./venv/lib/python3.12/site-packages/PyQt6/Qt6/qml/QtQuick/Controls/FluentWinUI3/dark/images/combobox-indicator-pressed@3x.png\n./venv/lib/python3.12/site-packages/PyQt6/Qt6/qml/QtQuick/Controls/FluentWinUI3/dark/images/combobox-indicator.png\n./venv/lib/python3.12/site-packages/PyQt6/Qt6/qml/QtQuick/Controls/FluentWinUI3/dark/images/combobox-indicator@2x.png\n./venv/lib/python3.12/site-packages/PyQt6/Qt6/qml/QtQuick/Controls/FluentWinUI3/dark/images/combobox-indicator@3x.png\n./venv/lib/python3.12/site-packages/PyQt6/Qt6/qml/QtQuick/Controls/FluentWinUI3/dark/images/editablecombobox-background-hovered-open.png\n./venv/lib/python3.12/site-packages/PyQt6/Qt6/qml/QtQuick/Controls/FluentWinUI3/dark/images/editablecombobox-background-hovered-open@2x.png\n./venv/lib/python3.12/site-packages/PyQt6/Qt6/qml/QtQuick/Controls/FluentWinUI3/dark/images/editablecombobox-background-hovered-open@3x.png\n./venv/lib/python3.12/site-packages/PyQt6/Qt6/qml/QtQuick/Controls/FluentWinUI3/dark/images/editablecombobox-background-open-pressed.png\n./venv/lib/python3.12/site-packages/PyQt6/Qt6/qml/QtQuick/Controls/FluentWinUI3/dark/images/editablecombobox-background-open-pressed@2x.png\n./venv/lib/python3.12/site-packages/PyQt6/Qt6/qml/QtQuick/Controls/FluentWinUI3/dark/images/editablecombobox-background-open-pressed@3x.png\n./venv/lib/python3.12/site-packages/PyQt6/Qt6/qml/QtQuick/Controls/FluentWinUI3/dark/images/editablecombobox-background-open.png\n./venv/lib/python3.12/site-packages/PyQt6/Qt6/qml/QtQuick/Controls/FluentWinUI3/dark/images/editablecombobox-background-open@2x.png\n./venv/lib/python3.12/site-packages/PyQt6/Qt6/qml/QtQuick/Controls/FluentWinUI3/dark/images/editablecombobox-background-open@3x.png\n./venv/lib/python3.12/site-packages/PyQt6/Qt6/qml/QtQuick/Controls/FluentWinUI3/dark/images/editablecombobox-indicator-hovered-open.png\n./venv/lib/python3.12/site-packages/PyQt6/Qt6/qml/QtQuick/Controls/FluentWinUI3/dark/images/editablecombobox-indicator-hovered-open@2x.png\n./venv/lib/python3.12/site-packages/PyQt6/Qt6/qml/QtQuick/Controls/FluentWinUI3/dark/images/editablecombobox-indicator-hovered-open@3x.png\n./venv/lib/python3.12/site-packages/PyQt6/Qt6/qml/QtQuick/Controls/FluentWinUI3/dark/images/editablecombobox-indicator-open-pressed.png\n./venv/lib/python3.12/site-packages/PyQt6/Qt6/qml/QtQuick/Controls/FluentWinUI3/dark/images/editablecombobox-indicator-open-pressed@2x.png\n./venv/lib/python3.12/site-packages/PyQt6/Qt6/qml/QtQuick/Controls/FluentWinUI3/dark/images/editablecombobox-indicator-open-pressed@3x.png\n./venv/lib/python3.12/site-packages/PyQt6/Qt6/qml/QtQuick/Controls/FluentWinUI3/dark/images/editablecombobox-indicator-open.png\n./venv/lib/python3.12/site-packages/PyQt6/Qt6/qml/QtQuick/Controls/FluentWinUI3/dark/images/editablecombobox-indicator-open@2x.png\n./venv/lib/python3.12/site-packages/PyQt6/Qt6/qml/QtQuick/Controls/FluentWinUI3/dark/images/editablecombobox-indicator-open@3x.png\n./venv/lib/python3.12/site-packages/PyQt6/Qt6/qml/QtQuick/Controls/FluentWinUI3/dark/images/editablecombobox-popup-background-hovered-open.png\n./venv/lib/python3.12/site-packages/PyQt6/Qt6/qml/QtQuick/Controls/FluentWinUI3/dark/images/editablecombobox-popup-background-hovered-open@2x.png\n./venv/lib/python3.12/site-packages/PyQt6/Qt6/qml/QtQuick/Controls/FluentWinUI3/dark/images/editablecombobox-popup-background-hovered-open@3x.png\n./venv/lib/python3.12/site-packages/PyQt6/Qt6/qml/QtQuick/Controls/FluentWinUI3/dark/images/editablecombobox-popup-background-open-pressed.png\n./venv/lib/python3.12/site-packages/PyQt6/Qt6/qml/QtQuick/Controls/FluentWinUI3/dark/images/editablecombobox-popup-background-open-pressed@2x.png\n./venv/lib/python3.12/site-packages/PyQt6/Qt6/qml/QtQuick/Controls/FluentWinUI3/dark/images/editablecombobox-popup-background-open-pressed@3x.png\n./venv/lib/python3.12/site-packages/PyQt6/Qt6/qml/QtQuick/Controls/FluentWinUI3/dark/images/editablecombobox-popup-background-open.png\n./venv/lib/python3.12/site-packages/PyQt6/Qt6/qml/QtQuick/Controls/FluentWinUI3/dark/images/editablecombobox-popup-background-open@2x.png\n./venv/lib/python3.12/site-packages/PyQt6/Qt6/qml/QtQuick/Controls/FluentWinUI3/dark/images/editablecombobox-popup-background-open@3x.png\n./venv/lib/python3.12/site-packages/PyQt6/Qt6/qml/QtQuick/Controls/FluentWinUI3/dark/images/frame-background-disabled.png\n./venv/lib/python3.12/site-packages/PyQt6/Qt6/qml/QtQuick/Controls/FluentWinUI3/dark/images/frame-background-disabled@2x.png\n./venv/lib/python3.12/site-packages/PyQt6/Qt6/qml/QtQuick/Controls/FluentWinUI3/dark/images/frame-background-disabled@3x.png\n./venv/lib/python3.12/site-packages/PyQt6/Qt6/qml/QtQuick/Controls/FluentWinUI3/dark/images/frame-background.png\n./venv/lib/python3.12/site-packages/PyQt6/Qt6/qml/QtQuick/Controls/FluentWinUI3/dark/images/frame-background@2x.png\n./venv/lib/python3.12/site-packages/PyQt6/Qt6/qml/QtQuick/Controls/FluentWinUI3/dark/images/frame-background@3x.png\n./venv/lib/python3.12/site-packages/PyQt6/Qt6/qml/QtQuick/Controls/FluentWinUI3/dark/images/itemdelegate-background-highlighted-hovered.png\n./venv/lib/python3.12/site-packages/PyQt6/Qt6/qml/QtQuick/Controls/FluentWinUI3/dark/images/itemdelegate-background-highlighted-hovered@2x.png\n./venv/lib/python3.12/site-packages/PyQt6/Qt6/qml/QtQuick/Controls/FluentWinUI3/dark/images/itemdelegate-background-highlighted-hovered@3x.png\n./venv/lib/python3.12/site-packages/PyQt6/Qt6/qml/QtQuick/Controls/FluentWinUI3/dark/images/itemdelegate-background-highlighted-pressed.png\n./venv/lib/python3.12/site-packages/PyQt6/Qt6/qml/QtQuick/Controls/FluentWinUI3/dark/images/itemdelegate-background-highlighted-pressed@2x.png\n./venv/lib/python3.12/site-packages/PyQt6/Qt6/qml/QtQuick/Controls/FluentWinUI3/dark/images/itemdelegate-background-highlighted-pressed@3x.png\n./venv/lib/python3.12/site-packages/PyQt6/Qt6/qml/QtQuick/Controls/FluentWinUI3/dark/images/itemdelegate-background-highlighted.png\n./venv/lib/python3.12/site-packages/PyQt6/Qt6/qml/QtQuick/Controls/FluentWinUI3/dark/images/itemdelegate-background-highlighted@2x.png\n./venv/lib/python3.12/site-packages/PyQt6/Qt6/qml/QtQuick/Controls/FluentWinUI3/dark/images/itemdelegate-background-highlighted@3x.png\n./venv/lib/python3.12/site-packages/PyQt6/Qt6/qml/QtQuick/Controls/FluentWinUI3/dark/images/itemdelegate-background-hovered.png\n./venv/lib/python3.12/site-packages/PyQt6/Qt6/qml/QtQuick/Controls/FluentWinUI3/dark/images/itemdelegate-background-hovered@2x.png\n./venv/lib/python3.12/site-packages/PyQt6/Qt6/qml/QtQuick/Controls/FluentWinUI3/dark/images/itemdelegate-background-hovered@3x.png\n./venv/lib/python3.12/site-packages/PyQt6/Qt6/qml/QtQuick/Controls/FluentWinUI3/dark/images/itemdelegate-background-pressed.png\n./venv/lib/python3.12/site-packages/PyQt6/Qt6/qml/QtQuick/Controls/FluentWinUI3/dark/images/itemdelegate-background-pressed@2x.png\n./venv/lib/python3.12/site-packages/PyQt6/Qt6/qml/QtQuick/Controls/FluentWinUI3/dark/images/itemdelegate-background-pressed@3x.png\n./venv/lib/python3.12/site-packages/PyQt6/Qt6/qml/QtQuick/Controls/FluentWinUI3/dark/images/pageindicatordelegate-indicator-delegate-current-hovered.png\n./venv/lib/python3.12/site-packages/PyQt6/Qt6/qml/QtQuick/Controls/FluentWinUI3/dark/images/pageindicatordelegate-indicator-delegate-current-hovered@2x.png\n./venv/lib/python3.12/site-packages/PyQt6/Qt6/qml/QtQuick/Controls/FluentWinUI3/dark/images/pageindicatordelegate-indicator-delegate-current-hovered@3x.png\n./venv/lib/python3.12/site-packages/PyQt6/Qt6/qml/QtQuick/Controls/FluentWinUI3/dark/images/pageindicatordelegate-indicator-delegate-current-pressed.png\n./venv/lib/python3.12/site-packages/PyQt6/Qt6/qml/QtQuick/Controls/FluentWinUI3/dark/images/pageindicatordelegate-indicator-delegate-current-pressed@2x.png\n./venv/lib/python3.12/site-packages/PyQt6/Qt6/qml/QtQuick/Controls/FluentWinUI3/dark/images/pageindicatordelegate-indicator-delegate-current-pressed@3x.png\n./venv/lib/python3.12/site-packages/PyQt6/Qt6/qml/QtQuick/Controls/FluentWinUI3/dark/images/pageindicatordelegate-indicator-delegate-current.png\n./venv/lib/python3.12/site-packages/PyQt6/Qt6/qml/QtQuick/Controls/FluentWinUI3/dark/images/pageindicatordelegate-indicator-delegate-current@2x.png\n./venv/lib/python3.12/site-packages/PyQt6/Qt6/qml/QtQuick/Controls/FluentWinUI3/dark/images/pageindicatordelegate-indicator-delegate-current@3x.png\n./venv/lib/python3.12/site-packages/PyQt6/Qt6/qml/QtQuick/Controls/FluentWinUI3/dark/images/pageindicatordelegate-indicator-delegate-pressed.png\n./venv/lib/python3.12/site-packages/PyQt6/Qt6/qml/QtQuick/Controls/FluentWinUI3/dark/images/pageindicatordelegate-indicator-delegate-pressed@2x.png\n./venv/lib/python3.12/site-packages/PyQt6/Qt6/qml/QtQuick/Controls/FluentWinUI3/dark/images/pageindicatordelegate-indicator-delegate-pressed@3x.png\n./venv/lib/python3.12/site-packages/PyQt6/Qt6/qml/QtQuick/Controls/FluentWinUI3/dark/images/pageindicatordelegate-indicator-disabled.png\n./venv/lib/python3.12/site-packages/PyQt6/Qt6/qml/QtQuick/Controls/FluentWinUI3/dark/images/pageindicatordelegate-indicator-disabled@2x.png\n./venv/lib/python3.12/site-packages/PyQt6/Qt6/qml/QtQuick/Controls/FluentWinUI3/dark/images/pageindicatordelegate-indicator-disabled@3x.png\n./venv/lib/python3.12/site-packages/PyQt6/Qt6/qml/QtQuick/Controls/FluentWinUI3/dark/images/pageindicatordelegate-indicator-hovered.png\n./venv/lib/python3.12/site-packages/PyQt6/Qt6/qml/QtQuick/Controls/FluentWinUI3/dark/images/pageindicatordelegate-indicator-hovered@2x.png\n./venv/lib/python3.12/site-packages/PyQt6/Qt6/qml/QtQuick/Controls/FluentWinUI3/dark/images/pageindicatordelegate-indicator-hovered@3x.png\n./venv/lib/python3.12/site-packages/PyQt6/Qt6/qml/QtQuick/Controls/FluentWinUI3/dark/images/pageindicatordelegate-indicator.png\n./venv/lib/python3.12/site-packages/PyQt6/Qt6/qml/QtQuick/Controls/FluentWinUI3/dark/images/pageindicatordelegate-indicator@2x.png\n./venv/lib/python3.12/site-packages/PyQt6/Qt6/qml/QtQuick/Controls/FluentWinUI3/dark/images/pageindicatordelegate-indicator@3x.png\n./venv/lib/python3.12/site-packages/PyQt6/Qt6/qml/QtQuick/Controls/FluentWinUI3/dark/images/popup-background.png\n./venv/lib/python3.12/site-packages/PyQt6/Qt6/qml/QtQuick/Controls/FluentWinUI3/dark/images/popup-background@2x.png\n./venv/lib/python3.12/site-packages/PyQt6/Qt6/qml/QtQuick/Controls/FluentWinUI3/dark/images/popup-background@3x.png\n./venv/lib/python3.12/site-packages/PyQt6/Qt6/qml/QtQuick/Controls/FluentWinUI3/dark/images/progressbar-groove-disabled.png\n./venv/lib/python3.12/site-packages/PyQt6/Qt6/qml/QtQuick/Controls/FluentWinUI3/dark/images/progressbar-groove-disabled@2x.png\n./venv/lib/python3.12/site-packages/PyQt6/Qt6/qml/QtQuick/Controls/FluentWinUI3/dark/images/progressbar-groove-disabled@3x.png\n./venv/lib/python3.12/site-packages/PyQt6/Qt6/qml/QtQuick/Controls/FluentWinUI3/dark/images/progressbar-groove.png\n./venv/lib/python3.12/site-packages/PyQt6/Qt6/qml/QtQuick/Controls/FluentWinUI3/dark/images/progressbar-groove@2x.png\n./venv/lib/python3.12/site-packages/PyQt6/Qt6/qml/QtQuick/Controls/FluentWinUI3/dark/images/progressbar-groove@3x.png\n./venv/lib/python3.12/site-packages/PyQt6/Qt6/qml/QtQuick/Controls/FluentWinUI3/dark/images/radiobutton-indicator-checked-disabled.png\n./venv/lib/python3.12/site-packages/PyQt6/Qt6/qml/QtQuick/Controls/FluentWinUI3/dark/images/radiobutton-indicator-checked-disabled@2x.png\n./venv/lib/python3.12/site-packages/PyQt6/Qt6/qml/QtQuick/Controls/FluentWinUI3/dark/images/radiobutton-indicator-checked-disabled@3x.png\n./venv/lib/python3.12/site-packages/PyQt6/Qt6/qml/QtQuick/Controls/FluentWinUI3/dark/images/radiobutton-indicator-checked-hovered.png\n./venv/lib/python3.12/site-packages/PyQt6/Qt6/qml/QtQuick/Controls/FluentWinUI3/dark/images/radiobutton-indicator-checked-hovered@2x.png\n./venv/lib/python3.12/site-packages/PyQt6/Qt6/qml/QtQuick/Controls/FluentWinUI3/dark/images/radiobutton-indicator-checked-hovered@3x.png\n./venv/lib/python3.12/site-packages/PyQt6/Qt6/qml/QtQuick/Controls/FluentWinUI3/dark/images/radiobutton-indicator-checked-pressed.png\n./venv/lib/python3.12/site-packages/PyQt6/Qt6/qml/QtQuick/Controls/FluentWinUI3/dark/images/radiobutton-indicator-checked-pressed@2x.png\n./venv/lib/python3.12/site-packages/PyQt6/Qt6/qml/QtQuick/Controls/FluentWinUI3/dark/images/radiobutton-indicator-checked-pressed@3x.png\n./venv/lib/python3.12/site-packages/PyQt6/Qt6/qml/QtQuick/Controls/FluentWinUI3/dark/images/radiobutton-indicator-checked.png\n./venv/lib/python3.12/site-packages/PyQt6/Qt6/qml/QtQuick/Controls/FluentWinUI3/dark/images/radiobutton-indicator-checked@2x.png\n./venv/lib/python3.12/site-packages/PyQt6/Qt6/qml/QtQuick/Controls/FluentWinUI3/dark/images/radiobutton-indicator-checked@3x.png\n./venv/lib/python3.12/site-packages/PyQt6/Qt6/qml/QtQuick/Controls/FluentWinUI3/dark/images/radiobutton-indicator-disabled.png\n./venv/lib/python3.12/site-packages/PyQt6/Qt6/qml/QtQuick/Controls/FluentWinUI3/dark/images/radiobutton-indicator-disabled@2x.png\n./venv/lib/python3.12/site-packages/PyQt6/Qt6/qml/QtQuick/Controls/FluentWinUI3/dark/images/radiobutton-indicator-disabled@3x.png\n./venv/lib/python3.12/site-packages/PyQt6/Qt6/qml/QtQuick/Controls/FluentWinUI3/dark/images/radiobutton-indicator-hovered.png\n./venv/lib/python3.12/site-packages/PyQt6/Qt6/qml/QtQuick/Controls/FluentWinUI3/dark/images/radiobutton-indicator-hovered@2x.png\n./venv/lib/python3.12/site-packages/PyQt6/Qt6/qml/QtQuick/Controls/FluentWinUI3/dark/images/radiobutton-indicator-hovered@3x.png\n./venv/lib/python3.12/site-packages/PyQt6/Qt6/qml/QtQuick/Controls/FluentWinUI3/dark/images/radiobutton-indicator-pressed.png\n./venv/lib/python3.12/site-packages/PyQt6/Qt6/qml/QtQuick/Controls/FluentWinUI3/dark/images/radiobutton-indicator-pressed@2x.png\n./venv/lib/python3.12/site-packages/PyQt6/Qt6/qml/QtQuick/Controls/FluentWinUI3/dark/images/radiobutton-indicator-pressed@3x.png\n./venv/lib/python3.12/site-packages/PyQt6/Qt6/qml/QtQuick/Controls/FluentWinUI3/dark/images/radiobutton-indicator.png\n./venv/lib/python3.12/site-packages/PyQt6/Qt6/qml/QtQuick/Controls/FluentWinUI3/dark/images/radiobutton-indicator@2x.png\n./venv/lib/python3.12/site-packages/PyQt6/Qt6/qml/QtQuick/Controls/FluentWinUI3/dark/images/radiobutton-indicator@3x.png\n./venv/lib/python3.12/site-packages/PyQt6/Qt6/qml/QtQuick/Controls/FluentWinUI3/dark/images/rangeslider-first-handle-disabled.png\n./venv/lib/python3.12/site-packages/PyQt6/Qt6/qml/QtQuick/Controls/FluentWinUI3/dark/images/rangeslider-first-handle-disabled@2x.png\n./venv/lib/python3.12/site-packages/PyQt6/Qt6/qml/QtQuick/Controls/FluentWinUI3/dark/images/rangeslider-first-handle-disabled@3x.png\n./venv/lib/python3.12/site-packages/PyQt6/Qt6/qml/QtQuick/Controls/FluentWinUI3/dark/images/rangeslider-first-handle-handle-pressed.png\n./venv/lib/python3.12/site-packages/PyQt6/Qt6/qml/QtQuick/Controls/FluentWinUI3/dark/images/rangeslider-first-handle-handle-pressed@2x.png\n./venv/lib/python3.12/site-packages/PyQt6/Qt6/qml/QtQuick/Controls/FluentWinUI3/dark/images/rangeslider-first-handle-handle-pressed@3x.png\n./venv/lib/python3.12/site-packages/PyQt6/Qt6/qml/QtQuick/Controls/FluentWinUI3/dark/images/rangeslider-first-handle-hovered.png\n./venv/lib/python3.12/site-packages/PyQt6/Qt6/qml/QtQuick/Controls/FluentWinUI3/dark/images/rangeslider-first-handle-hovered@2x.png\n./venv/lib/python3.12/site-packages/PyQt6/Qt6/qml/QtQuick/Controls/FluentWinUI3/dark/images/rangeslider-first-handle-hovered@3x.png\n./venv/lib/python3.12/site-packages/PyQt6/Qt6/qml/QtQuick/Controls/FluentWinUI3/dark/images/rangeslider-first-handle.png\n./venv/lib/python3.12/site-packages/PyQt6/Qt6/qml/QtQuick/Controls/FluentWinUI3/dark/images/rangeslider-first-handle@2x.png\n./venv/lib/python3.12/site-packages/PyQt6/Qt6/qml/QtQuick/Controls/FluentWinUI3/dark/images/rangeslider-first-handle@3x.png\n./venv/lib/python3.12/site-packages/PyQt6/Qt6/qml/QtQuick/Controls/FluentWinUI3/dark/images/rangeslider-groove-disabled.png\n./venv/lib/python3.12/site-packages/PyQt6/Qt6/qml/QtQuick/Controls/FluentWinUI3/dark/images/rangeslider-groove-disabled@2x.png\n./venv/lib/python3.12/site-packages/PyQt6/Qt6/qml/QtQuick/Controls/FluentWinUI3/dark/images/rangeslider-groove-disabled@3x.png\n./venv/lib/python3.12/site-packages/PyQt6/Qt6/qml/QtQuick/Controls/FluentWinUI3/dark/images/rangeslider-groove-handle-pressed.png\n./venv/lib/python3.12/site-packages/PyQt6/Qt6/qml/QtQuick/Controls/FluentWinUI3/dark/images/rangeslider-groove-handle-pressed@2x.png\n./venv/lib/python3.12/site-packages/PyQt6/Qt6/qml/QtQuick/Controls/FluentWinUI3/dark/images/rangeslider-groove-handle-pressed@3x.png\n./venv/lib/python3.12/site-packages/PyQt6/Qt6/qml/QtQuick/Controls/FluentWinUI3/dark/images/rangeslider-groove-hovered.png\n./venv/lib/python3.12/site-packages/PyQt6/Qt6/qml/QtQuick/Controls/FluentWinUI3/dark/images/rangeslider-groove-hovered@2x.png\n./venv/lib/python3.12/site-packages/PyQt6/Qt6/qml/QtQuick/Controls/FluentWinUI3/dark/images/rangeslider-groove-hovered@3x.png\n./venv/lib/python3.12/site-packages/PyQt6/Qt6/qml/QtQuick/Controls/FluentWinUI3/dark/images/rangeslider-groove.png\n./venv/lib/python3.12/site-packages/PyQt6/Qt6/qml/QtQuick/Controls/FluentWinUI3/dark/images/rangeslider-groove@2x.png\n./venv/lib/python3.12/site-packages/PyQt6/Qt6/qml/QtQuick/Controls/FluentWinUI3/dark/images/rangeslider-groove@3x.png\n./venv/lib/python3.12/site-packages/PyQt6/Qt6/qml/QtQuick/Controls/FluentWinUI3/dark/images/rangeslider-second-handle-disabled.png\n./venv/lib/python3.12/site-packages/PyQt6/Qt6/qml/QtQuick/Controls/FluentWinUI3/dark/images/rangeslider-second-handle-disabled@2x.png\n./venv/lib/python3.12/site-packages/PyQt6/Qt6/qml/QtQuick/Controls/FluentWinUI3/dark/images/rangeslider-second-handle-disabled@3x.png\n./venv/lib/python3.12/site-packages/PyQt6/Qt6/qml/QtQuick/Controls/FluentWinUI3/dark/images/rangeslider-second-handle-handle-pressed.png\n./venv/lib/python3.12/site-packages/PyQt6/Qt6/qml/QtQuick/Controls/FluentWinUI3/dark/images/rangeslider-second-handle-handle-pressed@2x.png\n./venv/lib/python3.12/site-packages/PyQt6/Qt6/qml/QtQuick/Controls/FluentWinUI3/dark/images/rangeslider-second-handle-handle-pressed@3x.png\n./venv/lib/python3.12/site-packages/PyQt6/Qt6/qml/QtQuick/Controls/FluentWinUI3/dark/images/rangeslider-second-handle-hovered.png\n./venv/lib/python3.12/site-packages/PyQt6/Qt6/qml/QtQuick/Controls/FluentWinUI3/dark/images/rangeslider-second-handle-hovered@2x.png\n./venv/lib/python3.12/site-packages/PyQt6/Qt6/qml/QtQuick/Controls/FluentWinUI3/dark/images/rangeslider-second-handle-hovered@3x.png\n./venv/lib/python3.12/site-packages/PyQt6/Qt6/qml/QtQuick/Controls/FluentWinUI3/dark/images/rangeslider-second-handle.png\n./venv/lib/python3.12/site-packages/PyQt6/Qt6/qml/QtQuick/Controls/FluentWinUI3/dark/images/rangeslider-second-handle@2x.png\n./venv/lib/python3.12/site-packages/PyQt6/Qt6/qml/QtQuick/Controls/FluentWinUI3/dark/images/rangeslider-second-handle@3x.png\n./venv/lib/python3.12/site-packages/PyQt6/Qt6/qml/QtQuick/Controls/FluentWinUI3/dark/images/slider-groove-disabled.png\n./venv/lib/python3.12/site-packages/PyQt6/Qt6/qml/QtQuick/Controls/FluentWinUI3/dark/images/slider-groove-disabled@2x.png\n./venv/lib/python3.12/site-packages/PyQt6/Qt6/qml/QtQuick/Controls/FluentWinUI3/dark/images/slider-groove-disabled@3x.png\n./venv/lib/python3.12/site-packages/PyQt6/Qt6/qml/QtQuick/Controls/FluentWinUI3/dark/images/slider-groove-hovered.png\n./venv/lib/python3.12/site-packages/PyQt6/Qt6/qml/QtQuick/Controls/FluentWinUI3/dark/images/slider-groove-hovered@2x.png\n./venv/lib/python3.12/site-packages/PyQt6/Qt6/qml/QtQuick/Controls/FluentWinUI3/dark/images/slider-groove-hovered@3x.png\n./venv/lib/python3.12/site-packages/PyQt6/Qt6/qml/QtQuick/Controls/FluentWinUI3/dark/images/slider-groove-pressed.png\n./venv/lib/python3.12/site-packages/PyQt6/Qt6/qml/QtQuick/Controls/FluentWinUI3/dark/images/slider-groove-pressed@2x.png\n./venv/lib/python3.12/site-packages/PyQt6/Qt6/qml/QtQuick/Controls/FluentWinUI3/dark/images/slider-groove-pressed@3x.png\n./venv/lib/python3.12/site-packages/PyQt6/Qt6/qml/QtQuick/Controls/FluentWinUI3/dark/images/slider-groove.png\n./venv/lib/python3.12/site-packages/PyQt6/Qt6/qml/QtQuick/Controls/FluentWinUI3/dark/images/slider-groove@2x.png\n./venv/lib/python3.12/site-packages/PyQt6/Qt6/qml/QtQuick/Controls/FluentWinUI3/dark/images/slider-groove@3x.png\n./venv/lib/python3.12/site-packages/PyQt6/Qt6/qml/QtQuick/Controls/FluentWinUI3/dark/images/slider-handle-disabled.png\n./venv/lib/python3.12/site-packages/PyQt6/Qt6/qml/QtQuick/Controls/FluentWinUI3/dark/images/slider-handle-disabled@2x.png\n./venv/lib/python3.12/site-packages/PyQt6/Qt6/qml/QtQuick/Controls/FluentWinUI3/dark/images/slider-handle-disabled@3x.png\n./venv/lib/python3.12/site-packages/PyQt6/Qt6/qml/QtQuick/Controls/FluentWinUI3/dark/images/slider-handle-hovered.png\n./venv/lib/python3.12/site-packages/PyQt6/Qt6/qml/QtQuick/Controls/FluentWinUI3/dark/images/slider-handle-hovered@2x.png\n./venv/lib/python3.12/site-packages/PyQt6/Qt6/qml/QtQuick/Controls/FluentWinUI3/dark/images/slider-handle-hovered@3x.png\n./venv/lib/python3.12/site-packages/PyQt6/Qt6/qml/QtQuick/Controls/FluentWinUI3/dark/images/slider-handle-pressed.png\n./venv/lib/python3.12/site-packages/PyQt6/Qt6/qml/QtQuick/Controls/FluentWinUI3/dark/images/slider-handle-pressed@2x.png\n./venv/lib/python3.12/site-packages/PyQt6/Qt6/qml/QtQuick/Controls/FluentWinUI3/dark/images/slider-handle-pressed@3x.png\n./venv/lib/python3.12/site-packages/PyQt6/Qt6/qml/QtQuick/Controls/FluentWinUI3/dark/images/slider-handle.png\n./venv/lib/python3.12/site-packages/PyQt6/Qt6/qml/QtQuick/Controls/FluentWinUI3/dark/images/slider-handle@2x.png\n./venv/lib/python3.12/site-packages/PyQt6/Qt6/qml/QtQuick/Controls/FluentWinUI3/dark/images/slider-handle@3x.png\n./venv/lib/python3.12/site-packages/PyQt6/Qt6/qml/QtQuick/Controls/FluentWinUI3/dark/images/spinbox-background-atlimit.png\n./venv/lib/python3.12/site-packages/PyQt6/Qt6/qml/QtQuick/Controls/FluentWinUI3/dark/images/spinbox-background-atlimit@2x.png\n./venv/lib/python3.12/site-packages/PyQt6/Qt6/qml/QtQuick/Controls/FluentWinUI3/dark/images/spinbox-background-atlimit@3x.png\n./venv/lib/python3.12/site-packages/PyQt6/Qt6/qml/QtQuick/Controls/FluentWinUI3/dark/images/spinbox-background-disabled.png\n./venv/lib/python3.12/site-packages/PyQt6/Qt6/qml/QtQuick/Controls/FluentWinUI3/dark/images/spinbox-background-disabled@2x.png\n./venv/lib/python3.12/site-packages/PyQt6/Qt6/qml/QtQuick/Controls/FluentWinUI3/dark/images/spinbox-background-disabled@3x.png\n./venv/lib/python3.12/site-packages/PyQt6/Qt6/qml/QtQuick/Controls/FluentWinUI3/dark/images/spinbox-background-down-hovered.png\n./venv/lib/python3.12/site-packages/PyQt6/Qt6/qml/QtQuick/Controls/FluentWinUI3/dark/images/spinbox-background-down-hovered@2x.png\n./venv/lib/python3.12/site-packages/PyQt6/Qt6/qml/QtQuick/Controls/FluentWinUI3/dark/images/spinbox-background-down-hovered@3x.png\n./venv/lib/python3.12/site-packages/PyQt6/Qt6/qml/QtQuick/Controls/FluentWinUI3/dark/images/spinbox-background-down-pressed.png\n./venv/lib/python3.12/site-packages/PyQt6/Qt6/qml/QtQuick/Controls/FluentWinUI3/dark/images/spinbox-background-down-pressed@2x.png\n./venv/lib/python3.12/site-packages/PyQt6/Qt6/qml/QtQuick/Controls/FluentWinUI3/dark/images/spinbox-background-down-pressed@3x.png\n./venv/lib/python3.12/site-packages/PyQt6/Qt6/qml/QtQuick/Controls/FluentWinUI3/dark/images/spinbox-background-hovered.png\n./venv/lib/python3.12/site-packages/PyQt6/Qt6/qml/QtQuick/Controls/FluentWinUI3/dark/images/spinbox-background-hovered@2x.png\n./venv/lib/python3.12/site-packages/PyQt6/Qt6/qml/QtQuick/Controls/FluentWinUI3/dark/images/spinbox-background-hovered@3x.png\n./venv/lib/python3.12/site-packages/PyQt6/Qt6/qml/QtQuick/Controls/FluentWinUI3/dark/images/spinbox-background-up-hovered.png\n./venv/lib/python3.12/site-packages/PyQt6/Qt6/qml/QtQuick/Controls/FluentWinUI3/dark/images/spinbox-background-up-hovered@2x.png\n./venv/lib/python3.12/site-packages/PyQt6/Qt6/qml/QtQuick/Controls/FluentWinUI3/dark/images/spinbox-background-up-hovered@3x.png\n./venv/lib/python3.12/site-packages/PyQt6/Qt6/qml/QtQuick/Controls/FluentWinUI3/dark/images/spinbox-background-up-pressed.png\n./venv/lib/python3.12/site-packages/PyQt6/Qt6/qml/QtQuick/Controls/FluentWinUI3/dark/images/spinbox-background-up-pressed@2x.png\n./venv/lib/python3.12/site-packages/PyQt6/Qt6/qml/QtQuick/Controls/FluentWinUI3/dark/images/spinbox-background-up-pressed@3x.png\n./venv/lib/python3.12/site-packages/PyQt6/Qt6/qml/QtQuick/Controls/FluentWinUI3/dark/images/spinbox-background.png\n./venv/lib/python3.12/site-packages/PyQt6/Qt6/qml/QtQuick/Controls/FluentWinUI3/dark/images/spinbox-background@2x.png\n./venv/lib/python3.12/site-packages/PyQt6/Qt6/qml/QtQuick/Controls/FluentWinUI3/dark/images/spinbox-background@3x.png\n./venv/lib/python3.12/site-packages/PyQt6/Qt6/qml/QtQuick/Controls/FluentWinUI3/dark/images/spinbox-indicator-down-background-atlimit.png\n./venv/lib/python3.12/site-packages/PyQt6/Qt6/qml/QtQuick/Controls/FluentWinUI3/dark/images/spinbox-indicator-down-background-atlimit@2x.png\n./venv/lib/python3.12/site-packages/PyQt6/Qt6/qml/QtQuick/Controls/FluentWinUI3/dark/images/spinbox-indicator-down-background-atlimit@3x.png\n./venv/lib/python3.12/site-packages/PyQt6/Qt6/qml/QtQuick/Controls/FluentWinUI3/dark/images/spinbox-indicator-down-background-disabled.png\n./venv/lib/python3.12/site-packages/PyQt6/Qt6/qml/QtQuick/Controls/FluentWinUI3/dark/images/spinbox-indicator-down-background-disabled@2x.png\n./venv/lib/python3.12/site-packages/PyQt6/Qt6/qml/QtQuick/Controls/FluentWinUI3/dark/images/spinbox-indicator-down-background-disabled@3x.png\n./venv/lib/python3.12/site-packages/PyQt6/Qt6/qml/QtQuick/Controls/FluentWinUI3/dark/images/spinbox-indicator-down-background-down-hovered.png\n./venv/lib/python3.12/site-packages/PyQt6/Qt6/qml/QtQuick/Controls/FluentWinUI3/dark/images/spinbox-indicator-down-background-down-hovered@2x.png\n./venv/lib/python3.12/site-packages/PyQt6/Qt6/qml/QtQuick/Controls/FluentWinUI3/dark/images/spinbox-indicator-down-background-down-hovered@3x.png\n./venv/lib/python3.12/site-packages/PyQt6/Qt6/qml/QtQuick/Controls/FluentWinUI3/dark/images/spinbox-indicator-down-background-down-pressed.png\n./venv/lib/python3.12/site-packages/PyQt6/Qt6/qml/QtQuick/Controls/FluentWinUI3/dark/images/spinbox-indicator-down-background-down-pressed@2x.png\n./venv/lib/python3.12/site-packages/PyQt6/Qt6/qml/QtQuick/Controls/FluentWinUI3/dark/images/spinbox-indicator-down-background-down-pressed@3x.png\n./venv/lib/python3.12/site-packages/PyQt6/Qt6/qml/QtQuick/Controls/FluentWinUI3/dark/images/spinbox-indicator-down-background-hovered.png\n./venv/lib/python3.12/site-packages/PyQt6/Qt6/qml/QtQuick/Controls/FluentWinUI3/dark/images/spinbox-indicator-down-background-hovered@2x.png\n./venv/lib/python3.12/site-packages/PyQt6/Qt6/qml/QtQuick/Controls/FluentWinUI3/dark/images/spinbox-indicator-down-background-hovered@3x.png\n./venv/lib/python3.12/site-packages/PyQt6/Qt6/qml/QtQuick/Controls/FluentWinUI3/dark/images/spinbox-indicator-down-background-up-hovered.png\n./venv/lib/python3.12/site-packages/PyQt6/Qt6/qml/QtQuick/Controls/FluentWinUI3/dark/images/spinbox-indicator-down-background-up-hovered@2x.png\n./venv/lib/python3.12/site-packages/PyQt6/Qt6/qml/QtQuick/Controls/FluentWinUI3/dark/images/spinbox-indicator-down-background-up-hovered@3x.png\n./venv/lib/python3.12/site-packages/PyQt6/Qt6/qml/QtQuick/Controls/FluentWinUI3/dark/images/spinbox-indicator-down-background-up-pressed.png\n./venv/lib/python3.12/site-packages/PyQt6/Qt6/qml/QtQuick/Controls/FluentWinUI3/dark/images/spinbox-indicator-down-background-up-pressed@2x.png\n./venv/lib/python3.12/site-packages/PyQt6/Qt6/qml/QtQuick/Controls/FluentWinUI3/dark/images/spinbox-indicator-down-background-up-pressed@3x.png\n./venv/lib/python3.12/site-packages/PyQt6/Qt6/qml/QtQuick/Controls/FluentWinUI3/dark/images/spinbox-indicator-down-background.png\n./venv/lib/python3.12/site-packages/PyQt6/Qt6/qml/QtQuick/Controls/FluentWinUI3/dark/images/spinbox-indicator-down-background@2x.png\n./venv/lib/python3.12/site-packages/PyQt6/Qt6/qml/QtQuick/Controls/FluentWinUI3/dark/images/spinbox-indicator-down-background@3x.png\n./venv/lib/python3.12/site-packages/PyQt6/Qt6/qml/QtQuick/Controls/FluentWinUI3/dark/images/spinbox-indicator-down-icon-atlimit.png\n./venv/lib/python3.12/site-packages/PyQt6/Qt6/qml/QtQuick/Controls/FluentWinUI3/dark/images/spinbox-indicator-down-icon-atlimit@2x.png\n./venv/lib/python3.12/site-packages/PyQt6/Qt6/qml/QtQuick/Controls/FluentWinUI3/dark/images/spinbox-indicator-down-icon-atlimit@3x.png\n./venv/lib/python3.12/site-packages/PyQt6/Qt6/qml/QtQuick/Controls/FluentWinUI3/dark/images/spinbox-indicator-down-icon-disabled.png\n./venv/lib/python3.12/site-packages/PyQt6/Qt6/qml/QtQuick/Controls/FluentWinUI3/dark/images/spinbox-indicator-down-icon-disabled@2x.png\n./venv/lib/python3.12/site-packages/PyQt6/Qt6/qml/QtQuick/Controls/FluentWinUI3/dark/images/spinbox-indicator-down-icon-disabled@3x.png\n./venv/lib/python3.12/site-packages/PyQt6/Qt6/qml/QtQuick/Controls/FluentWinUI3/dark/images/spinbox-indicator-down-icon-down-hovered.png\n./venv/lib/python3.12/site-packages/PyQt6/Qt6/qml/QtQuick/Controls/FluentWinUI3/dark/images/spinbox-indicator-down-icon-down-hovered@2x.png\n./venv/lib/python3.12/site-packages/PyQt6/Qt6/qml/QtQuick/Controls/FluentWinUI3/dark/images/spinbox-indicator-down-icon-down-hovered@3x.png\n./venv/lib/python3.12/site-packages/PyQt6/Qt6/qml/QtQuick/Controls/FluentWinUI3/dark/images/spinbox-indicator-down-icon-down-pressed.png\n./venv/lib/python3.12/site-packages/PyQt6/Qt6/qml/QtQuick/Controls/FluentWinUI3/dark/images/spinbox-indicator-down-icon-down-pressed@2x.png\n./venv/lib/python3.12/site-packages/PyQt6/Qt6/qml/QtQuick/Controls/FluentWinUI3/dark/images/spinbox-indicator-down-icon-down-pressed@3x.png\n./venv/lib/python3.12/site-packages/PyQt6/Qt6/qml/QtQuick/Controls/FluentWinUI3/dark/images/spinbox-indicator-down-icon-hovered.png\n./venv/lib/python3.12/site-packages/PyQt6/Qt6/qml/QtQuick/Controls/FluentWinUI3/dark/images/spinbox-indicator-down-icon-hovered@2x.png\n./venv/lib/python3.12/site-packages/PyQt6/Qt6/qml/QtQuick/Controls/FluentWinUI3/dark/images/spinbox-indicator-down-icon-hovered@3x.png\n./venv/lib/python3.12/site-packages/PyQt6/Qt6/qml/QtQuick/Controls/FluentWinUI3/dark/images/spinbox-indicator-down-icon-up-hovered.png\n./venv/lib/python3.12/site-packages/PyQt6/Qt6/qml/QtQuick/Controls/FluentWinUI3/dark/images/spinbox-indicator-down-icon-up-hovered@2x.png\n./venv/lib/python3.12/site-packages/PyQt6/Qt6/qml/QtQuick/Controls/FluentWinUI3/dark/images/spinbox-indicator-down-icon-up-hovered@3x.png\n./venv/lib/python3.12/site-packages/PyQt6/Qt6/qml/QtQuick/Controls/FluentWinUI3/dark/images/spinbox-indicator-down-icon-up-pressed.png\n./venv/lib/python3.12/site-packages/PyQt6/Qt6/qml/QtQuick/Controls/FluentWinUI3/dark/images/spinbox-indicator-down-icon-up-pressed@2x.png\n./venv/lib/python3.12/site-packages/PyQt6/Qt6/qml/QtQuick/Controls/FluentWinUI3/dark/images/spinbox-indicator-down-icon-up-pressed@3x.png\n./venv/lib/python3.12/site-packages/PyQt6/Qt6/qml/QtQuick/Controls/FluentWinUI3/dark/images/spinbox-indicator-down-icon.png\n./venv/lib/python3.12/site-packages/PyQt6/Qt6/qml/QtQuick/Controls/FluentWinUI3/dark/images/spinbox-indicator-down-icon@2x.png\n./venv/lib/python3.12/site-packages/PyQt6/Qt6/qml/QtQuick/Controls/FluentWinUI3/dark/images/spinbox-indicator-down-icon@3x.png\n./venv/lib/python3.12/site-packages/PyQt6/Qt6/qml/QtQuick/Controls/FluentWinUI3/dark/images/spinbox-indicator-up-background-atlimit.png\n./venv/lib/python3.12/site-packages/PyQt6/Qt6/qml/QtQuick/Controls/FluentWinUI3/dark/images/spinbox-indicator-up-background-atlimit@2x.png\n./venv/lib/python3.12/site-packages/PyQt6/Qt6/qml/QtQuick/Controls/FluentWinUI3/dark/images/spinbox-indicator-up-background-atlimit@3x.png\n./venv/lib/python3.12/site-packages/PyQt6/Qt6/qml/QtQuick/Controls/FluentWinUI3/dark/images/spinbox-indicator-up-background-disabled.png\n./venv/lib/python3.12/site-packages/PyQt6/Qt6/qml/QtQuick/Controls/FluentWinUI3/dark/images/spinbox-indicator-up-background-disabled@2x.png\n./venv/lib/python3.12/site-packages/PyQt6/Qt6/qml/QtQuick/Controls/FluentWinUI3/dark/images/spinbox-indicator-up-background-disabled@3x.png\n./venv/lib/python3.12/site-packages/PyQt6/Qt6/qml/QtQuick/Controls/FluentWinUI3/dark/images/spinbox-indicator-up-background-down-hovered.png\n./venv/lib/python3.12/site-packages/PyQt6/Qt6/qml/QtQuick/Controls/FluentWinUI3/dark/images/spinbox-indicator-up-background-down-hovered@2x.png\n./venv/lib/python3.12/site-packages/PyQt6/Qt6/qml/QtQuick/Controls/FluentWinUI3/dark/images/spinbox-indicator-up-background-down-hovered@3x.png\n./venv/lib/python3.12/site-packages/PyQt6/Qt6/qml/QtQuick/Controls/FluentWinUI3/dark/images/spinbox-indicator-up-background-down-pressed.png\n./venv/lib/python3.12/site-packages/PyQt6/Qt6/qml/QtQuick/Controls/FluentWinUI3/dark/images/spinbox-indicator-up-background-down-pressed@2x.png\n./venv/lib/python3.12/site-packages/PyQt6/Qt6/qml/QtQuick/Controls/FluentWinUI3/dark/images/spinbox-indicator-up-background-down-pressed@3x.png\n./venv/lib/python3.12/site-packages/PyQt6/Qt6/qml/QtQuick/Controls/FluentWinUI3/dark/images/spinbox-indicator-up-background-hovered.png\n./venv/lib/python3.12/site-packages/PyQt6/Qt6/qml/QtQuick/Controls/FluentWinUI3/dark/images/spinbox-indicator-up-background-hovered@2x.png\n./venv/lib/python3.12/site-packages/PyQt6/Qt6/qml/QtQuick/Controls/FluentWinUI3/dark/images/spinbox-indicator-up-background-hovered@3x.png\n./venv/lib/python3.12/site-packages/PyQt6/Qt6/qml/QtQuick/Controls/FluentWinUI3/dark/images/spinbox-indicator-up-background-up-hovered.png\n./venv/lib/python3.12/site-packages/PyQt6/Qt6/qml/QtQuick/Controls/FluentWinUI3/dark/images/spinbox-indicator-up-background-up-hovered@2x.png\n./venv/lib/python3.12/site-packages/PyQt6/Qt6/qml/QtQuick/Controls/FluentWinUI3/dark/images/spinbox-indicator-up-background-up-hovered@3x.png\n./venv/lib/python3.12/site-packages/PyQt6/Qt6/qml/QtQuick/Controls/FluentWinUI3/dark/images/spinbox-indicator-up-background-up-pressed.png\n./venv/lib/python3.12/site-packages/PyQt6/Qt6/qml/QtQuick/Controls/FluentWinUI3/dark/images/spinbox-indicator-up-background-up-pressed@2x.png\n./venv/lib/python3.12/site-packages/PyQt6/Qt6/qml/QtQuick/Controls/FluentWinUI3/dark/images/spinbox-indicator-up-background-up-pressed@3x.png\n./venv/lib/python3.12/site-packages/PyQt6/Qt6/qml/QtQuick/Controls/FluentWinUI3/dark/images/spinbox-indicator-up-background.png\n./venv/lib/python3.12/site-packages/PyQt6/Qt6/qml/QtQuick/Controls/FluentWinUI3/dark/images/spinbox-indicator-up-background@2x.png\n./venv/lib/python3.12/site-packages/PyQt6/Qt6/qml/QtQuick/Controls/FluentWinUI3/dark/images/spinbox-indicator-up-background@3x.png\n./venv/lib/python3.12/site-packages/PyQt6/Qt6/qml/QtQuick/Controls/FluentWinUI3/dark/images/spinbox-indicator-up-icon-atlimit.png\n./venv/lib/python3.12/site-packages/PyQt6/Qt6/qml/QtQuick/Controls/FluentWinUI3/dark/images/spinbox-indicator-up-icon-atlimit@2x.png\n./venv/lib/python3.12/site-packages/PyQt6/Qt6/qml/QtQuick/Controls/FluentWinUI3/dark/images/spinbox-indicator-up-icon-atlimit@3x.png\n./venv/lib/python3.12/site-packages/PyQt6/Qt6/qml/QtQuick/Controls/FluentWinUI3/dark/images/spinbox-indicator-up-icon-disabled.png\n./venv/lib/python3.12/site-packages/PyQt6/Qt6/qml/QtQuick/Controls/FluentWinUI3/dark/images/spinbox-indicator-up-icon-disabled@2x.png\n./venv/lib/python3.12/site-packages/PyQt6/Qt6/qml/QtQuick/Controls/FluentWinUI3/dark/images/spinbox-indicator-up-icon-disabled@3x.png\n./venv/lib/python3.12/site-packages/PyQt6/Qt6/qml/QtQuick/Controls/FluentWinUI3/dark/images/spinbox-indicator-up-icon-down-hovered.png\n./venv/lib/python3.12/site-packages/PyQt6/Qt6/qml/QtQuick/Controls/FluentWinUI3/dark/images/spinbox-indicator-up-icon-down-hovered@2x.png\n./venv/lib/python3.12/site-packages/PyQt6/Qt6/qml/QtQuick/Controls/FluentWinUI3/dark/images/spinbox-indicator-up-icon-down-hovered@3x.png\n./venv/lib/python3.12/site-packages/PyQt6/Qt6/qml/QtQuick/Controls/FluentWinUI3/dark/images/spinbox-indicator-up-icon-down-pressed.png\n./venv/lib/python3.12/site-packages/PyQt6/Qt6/qml/QtQuick/Controls/FluentWinUI3/dark/images/spinbox-indicator-up-icon-down-pressed@2x.png\n./venv/lib/python3.12/site-packages/PyQt6/Qt6/qml/QtQuick/Controls/FluentWinUI3/dark/images/spinbox-indicator-up-icon-down-pressed@3x.png\n./venv/lib/python3.12/site-packages/PyQt6/Qt6/qml/QtQuick/Controls/FluentWinUI3/dark/images/spinbox-indicator-up-icon-hovered.png\n./venv/lib/python3.12/site-packages/PyQt6/Qt6/qml/QtQuick/Controls/FluentWinUI3/dark/images/spinbox-indicator-up-icon-hovered@2x.png\n./venv/lib/python3.12/site-packages/PyQt6/Qt6/qml/QtQuick/Controls/FluentWinUI3/dark/images/spinbox-indicator-up-icon-hovered@3x.png\n./venv/lib/python3.12/site-packages/PyQt6/Qt6/qml/QtQuick/Controls/FluentWinUI3/dark/images/spinbox-indicator-up-icon-up-hovered.png\n./venv/lib/python3.12/site-packages/PyQt6/Qt6/qml/QtQuick/Controls/FluentWinUI3/dark/images/spinbox-indicator-up-icon-up-hovered@2x.png\n./venv/lib/python3.12/site-packages/PyQt6/Qt6/qml/QtQuick/Controls/FluentWinUI3/dark/images/spinbox-indicator-up-icon-up-hovered@3x.png\n./venv/lib/python3.12/site-packages/PyQt6/Qt6/qml/QtQuick/Controls/FluentWinUI3/dark/images/spinbox-indicator-up-icon-up-pressed.png\n./venv/lib/python3.12/site-packages/PyQt6/Qt6/qml/QtQuick/Controls/FluentWinUI3/dark/images/spinbox-indicator-up-icon-up-pressed@2x.png\n./venv/lib/python3.12/site-packages/PyQt6/Qt6/qml/QtQuick/Controls/FluentWinUI3/dark/images/spinbox-indicator-up-icon-up-pressed@3x.png\n./venv/lib/python3.12/site-packages/PyQt6/Qt6/qml/QtQuick/Controls/FluentWinUI3/dark/images/spinbox-indicator-up-icon.png\n./venv/lib/python3.12/site-packages/PyQt6/Qt6/qml/QtQuick/Controls/FluentWinUI3/dark/images/spinbox-indicator-up-icon@2x.png\n./venv/lib/python3.12/site-packages/PyQt6/Qt6/qml/QtQuick/Controls/FluentWinUI3/dark/images/spinbox-indicator-up-icon@3x.png\n./venv/lib/python3.12/site-packages/PyQt6/Qt6/qml/QtQuick/Controls/FluentWinUI3/dark/images/textarea-background-disabled.png\n./venv/lib/python3.12/site-packages/PyQt6/Qt6/qml/QtQuick/Controls/FluentWinUI3/dark/images/textarea-background-disabled@2x.png\n./venv/lib/python3.12/site-packages/PyQt6/Qt6/qml/QtQuick/Controls/FluentWinUI3/dark/images/textarea-background-disabled@3x.png\n./venv/lib/python3.12/site-packages/PyQt6/Qt6/qml/QtQuick/Controls/FluentWinUI3/dark/images/textarea-background-focused.png\n./venv/lib/python3.12/site-packages/PyQt6/Qt6/qml/QtQuick/Controls/FluentWinUI3/dark/images/textarea-background-focused@2x.png\n./venv/lib/python3.12/site-packages/PyQt6/Qt6/qml/QtQuick/Controls/FluentWinUI3/dark/images/textarea-background-focused@3x.png\n./venv/lib/python3.12/site-packages/PyQt6/Qt6/qml/QtQuick/Controls/FluentWinUI3/dark/images/textarea-background-hovered.png\n./venv/lib/python3.12/site-packages/PyQt6/Qt6/qml/QtQuick/Controls/FluentWinUI3/dark/images/textarea-background-hovered@2x.png\n./venv/lib/python3.12/site-packages/PyQt6/Qt6/qml/QtQuick/Controls/FluentWinUI3/dark/images/textarea-background-hovered@3x.png\n./venv/lib/python3.12/site-packages/PyQt6/Qt6/qml/QtQuick/Controls/FluentWinUI3/dark/images/textarea-background.png\n./venv/lib/python3.12/site-packages/PyQt6/Qt6/qml/QtQuick/Controls/FluentWinUI3/dark/images/textarea-background@2x.png\n./venv/lib/python3.12/site-packages/PyQt6/Qt6/qml/QtQuick/Controls/FluentWinUI3/dark/images/textarea-background@3x.png\n./venv/lib/python3.12/site-packages/PyQt6/Qt6/qml/QtQuick/Controls/FluentWinUI3/dark/images/textfield-background-disabled.png\n./venv/lib/python3.12/site-packages/PyQt6/Qt6/qml/QtQuick/Controls/FluentWinUI3/dark/images/textfield-background-disabled@2x.png\n./venv/lib/python3.12/site-packages/PyQt6/Qt6/qml/QtQuick/Controls/FluentWinUI3/dark/images/textfield-background-disabled@3x.png\n./venv/lib/python3.12/site-packages/PyQt6/Qt6/qml/QtQuick/Controls/FluentWinUI3/dark/images/textfield-background-focused.png\n./venv/lib/python3.12/site-packages/PyQt6/Qt6/qml/QtQuick/Controls/FluentWinUI3/dark/images/textfield-background-focused@2x.png\n./venv/lib/python3.12/site-packages/PyQt6/Qt6/qml/QtQuick/Controls/FluentWinUI3/dark/images/textfield-background-focused@3x.png\n./venv/lib/python3.12/site-packages/PyQt6/Qt6/qml/QtQuick/Controls/FluentWinUI3/dark/images/textfield-background-hovered.png\n./venv/lib/python3.12/site-packages/PyQt6/Qt6/qml/QtQuick/Controls/FluentWinUI3/dark/images/textfield-background-hovered@2x.png\n./venv/lib/python3.12/site-packages/PyQt6/Qt6/qml/QtQuick/Controls/FluentWinUI3/dark/images/textfield-background-hovered@3x.png\n./venv/lib/python3.12/site-packages/PyQt6/Qt6/qml/QtQuick/Controls/FluentWinUI3/dark/images/textfield-background.png\n./venv/lib/python3.12/site-packages/PyQt6/Qt6/qml/QtQuick/Controls/FluentWinUI3/dark/images/textfield-background@2x.png\n./venv/lib/python3.12/site-packages/PyQt6/Qt6/qml/QtQuick/Controls/FluentWinUI3/dark/images/textfield-background@3x.png\n./venv/lib/python3.12/site-packages/PyQt6/Qt6/qml/QtQuick/Controls/macOS/BusyIndicator.qml\n./venv/lib/python3.12/site-packages/PyQt6/Qt6/qml/QtQuick/Controls/macOS/Button.qml\n./venv/lib/python3.12/site-packages/PyQt6/Qt6/qml/QtQuick/Controls/macOS/CheckBox.qml\n./venv/lib/python3.12/site-packages/PyQt6/Qt6/qml/QtQuick/Controls/macOS/CheckDelegate.qml\n./venv/lib/python3.12/site-packages/PyQt6/Qt6/qml/QtQuick/Controls/macOS/ComboBox.qml\n./venv/lib/python3.12/site-packages/PyQt6/Qt6/qml/QtQuick/Controls/macOS/DelayButton.qml\n./venv/lib/python3.12/site-packages/PyQt6/Qt6/qml/QtQuick/Controls/macOS/Dial.qml\n./venv/lib/python3.12/site-packages/PyQt6/Qt6/qml/QtQuick/Controls/macOS/Dialog.qml\n./venv/lib/python3.12/site-packages/PyQt6/Qt6/qml/QtQuick/Controls/macOS/DialogButtonBox.qml\n./venv/lib/python3.12/site-packages/PyQt6/Qt6/qml/QtQuick/Controls/macOS/Frame.qml\n./venv/lib/python3.12/site-packages/PyQt6/Qt6/qml/QtQuick/Controls/macOS/GroupBox.qml\n./venv/lib/python3.12/site-packages/PyQt6/Qt6/qml/QtQuick/Controls/macOS/ItemDelegate.qml\n./venv/lib/python3.12/site-packages/PyQt6/Qt6/qml/QtQuick/Controls/macOS/Menu.qml\n./venv/lib/python3.12/site-packages/PyQt6/Qt6/qml/QtQuick/Controls/macOS/MenuBar.qml\n./venv/lib/python3.12/site-packages/PyQt6/Qt6/qml/QtQuick/Controls/macOS/MenuBarItem.qml\n./venv/lib/python3.12/site-packages/PyQt6/Qt6/qml/QtQuick/Controls/macOS/MenuItem.qml\n./venv/lib/python3.12/site-packages/PyQt6/Qt6/qml/QtQuick/Controls/macOS/MenuSeparator.qml\n./venv/lib/python3.12/site-packages/PyQt6/Qt6/qml/QtQuick/Controls/macOS/ProgressBar.qml\n./venv/lib/python3.12/site-packages/PyQt6/Qt6/qml/QtQuick/Controls/macOS/RadioButton.qml\n./venv/lib/python3.12/site-packages/PyQt6/Qt6/qml/QtQuick/Controls/macOS/RadioDelegate.qml\n./venv/lib/python3.12/site-packages/PyQt6/Qt6/qml/QtQuick/Controls/macOS/RangeSlider.qml\n./venv/lib/python3.12/site-packages/PyQt6/Qt6/qml/QtQuick/Controls/macOS/ScrollBar.qml\n./venv/lib/python3.12/site-packages/PyQt6/Qt6/qml/QtQuick/Controls/macOS/ScrollIndicator.qml\n./venv/lib/python3.12/site-packages/PyQt6/Qt6/qml/QtQuick/Controls/macOS/ScrollView.qml\n./venv/lib/python3.12/site-packages/PyQt6/Qt6/qml/QtQuick/Controls/macOS/SearchField.qml\n./venv/lib/python3.12/site-packages/PyQt6/Qt6/qml/QtQuick/Controls/macOS/SelectionRectangle.qml\n./venv/lib/python3.12/site-packages/PyQt6/Qt6/qml/QtQuick/Controls/macOS/Slider.qml\n./venv/lib/python3.12/site-packages/PyQt6/Qt6/qml/QtQuick/Controls/macOS/SpinBox.qml\n./venv/lib/python3.12/site-packages/PyQt6/Qt6/qml/QtQuick/Controls/macOS/Switch.qml\n./venv/lib/python3.12/site-packages/PyQt6/Qt6/qml/QtQuick/Controls/macOS/SwitchDelegate.qml\n./venv/lib/python3.12/site-packages/PyQt6/Qt6/qml/QtQuick/Controls/macOS/TextArea.qml\n./venv/lib/python3.12/site-packages/PyQt6/Qt6/qml/QtQuick/Controls/macOS/TextField.qml\n./venv/lib/python3.12/site-packages/PyQt6/Qt6/qml/QtQuick/Controls/macOS/TreeViewDelegate.qml\n./venv/lib/python3.12/site-packages/PyQt6/Qt6/qml/QtQuick/Controls/macOS/libqtquickcontrols2macosstyleplugin.dylib\n./venv/lib/python3.12/site-packages/PyQt6/Qt6/qml/QtQuick/Controls/macOS/plugins.qmltypes\n./venv/lib/python3.12/site-packages/PyQt6/Qt6/qml/QtQuick/Controls/macOS/qmldir\n./venv/lib/python3.12/site-packages/PyQt6/Qt6/qml/QtQuick/Controls/macOS/impl/CheckIndicator.qml\n./venv/lib/python3.12/site-packages/PyQt6/Qt6/qml/QtQuick/Controls/macOS/impl/QuickControls2MacOSStyleImpl.qmltypes\n./venv/lib/python3.12/site-packages/PyQt6/Qt6/qml/QtQuick/Controls/macOS/impl/SliderHandle.qml\n./venv/lib/python3.12/site-packages/PyQt6/Qt6/qml/QtQuick/Controls/macOS/impl/SwitchHandle.qml\n./venv/lib/python3.12/site-packages/PyQt6/Qt6/qml/QtQuick/Controls/macOS/impl/SwitchIndicator.qml\n./venv/lib/python3.12/site-packages/PyQt6/Qt6/qml/QtQuick/Controls/macOS/impl/libqtquickcontrols2macosstyleimplplugin.dylib\n./venv/lib/python3.12/site-packages/PyQt6/Qt6/qml/QtQuick/Controls/macOS/impl/qmldir\n./venv/lib/python3.12/site-packages/PyQt6/Qt6/qml/QtQuick/Controls/macOS/images/busyindicator-dark.webp\n./venv/lib/python3.12/site-packages/PyQt6/Qt6/qml/QtQuick/Controls/macOS/images/busyindicator-dark@2x.webp\n./venv/lib/python3.12/site-packages/PyQt6/Qt6/qml/QtQuick/Controls/macOS/images/busyindicator-dark@3x.webp\n./venv/lib/python3.12/site-packages/PyQt6/Qt6/qml/QtQuick/Controls/macOS/images/busyindicator-light.webp\n./venv/lib/python3.12/site-packages/PyQt6/Qt6/qml/QtQuick/Controls/macOS/images/busyindicator-light@2x.webp\n./venv/lib/python3.12/site-packages/PyQt6/Qt6/qml/QtQuick/Controls/macOS/images/busyindicator-light@3x.webp\n./venv/lib/python3.12/site-packages/PyQt6/Qt6/qml/QtQuick/Controls/macOS/images/checkmark.png\n./venv/lib/python3.12/site-packages/PyQt6/Qt6/qml/QtQuick/Controls/macOS/images/checkmark@2x.png\n./venv/lib/python3.12/site-packages/PyQt6/Qt6/qml/QtQuick/Controls/macOS/images/checkmark@3x.png\n./venv/lib/python3.12/site-packages/PyQt6/Qt6/qml/QtQuick/Controls/macOS/images/menuarrow.png\n./venv/lib/python3.12/site-packages/PyQt6/Qt6/qml/QtQuick/Controls/macOS/images/menuarrow@2x.png\n./venv/lib/python3.12/site-packages/PyQt6/Qt6/qml/QtQuick/Controls/macOS/images/menuarrow@3x.png\n./venv/lib/python3.12/site-packages/PyQt6/Qt6/qml/QtQuick/Controls/Universal/ApplicationWindow.qml\n./venv/lib/python3.12/site-packages/PyQt6/Qt6/qml/QtQuick/Controls/Universal/BusyIndicator.qml\n./venv/lib/python3.12/site-packages/PyQt6/Qt6/qml/QtQuick/Controls/Universal/Button.qml\n./venv/lib/python3.12/site-packages/PyQt6/Qt6/qml/QtQuick/Controls/Universal/CheckBox.qml\n./venv/lib/python3.12/site-packages/PyQt6/Qt6/qml/QtQuick/Controls/Universal/CheckDelegate.qml\n./venv/lib/python3.12/site-packages/PyQt6/Qt6/qml/QtQuick/Controls/Universal/ComboBox.qml\n./venv/lib/python3.12/site-packages/PyQt6/Qt6/qml/QtQuick/Controls/Universal/DelayButton.qml\n./venv/lib/python3.12/site-packages/PyQt6/Qt6/qml/QtQuick/Controls/Universal/Dial.qml\n./venv/lib/python3.12/site-packages/PyQt6/Qt6/qml/QtQuick/Controls/Universal/Dialog.qml\n./venv/lib/python3.12/site-packages/PyQt6/Qt6/qml/QtQuick/Controls/Universal/DialogButtonBox.qml\n./venv/lib/python3.12/site-packages/PyQt6/Qt6/qml/QtQuick/Controls/Universal/Drawer.qml\n./venv/lib/python3.12/site-packages/PyQt6/Qt6/qml/QtQuick/Controls/Universal/Frame.qml\n./venv/lib/python3.12/site-packages/PyQt6/Qt6/qml/QtQuick/Controls/Universal/GroupBox.qml\n./venv/lib/python3.12/site-packages/PyQt6/Qt6/qml/QtQuick/Controls/Universal/HorizontalHeaderView.qml\n./venv/lib/python3.12/site-packages/PyQt6/Qt6/qml/QtQuick/Controls/Universal/HorizontalHeaderViewDelegate.qml\n./venv/lib/python3.12/site-packages/PyQt6/Qt6/qml/QtQuick/Controls/Universal/ItemDelegate.qml\n./venv/lib/python3.12/site-packages/PyQt6/Qt6/qml/QtQuick/Controls/Universal/Label.qml\n./venv/lib/python3.12/site-packages/PyQt6/Qt6/qml/QtQuick/Controls/Universal/Menu.qml\n./venv/lib/python3.12/site-packages/PyQt6/Qt6/qml/QtQuick/Controls/Universal/MenuBar.qml\n./venv/lib/python3.12/site-packages/PyQt6/Qt6/qml/QtQuick/Controls/Universal/MenuBarItem.qml\n./venv/lib/python3.12/site-packages/PyQt6/Qt6/qml/QtQuick/Controls/Universal/MenuItem.qml\n./venv/lib/python3.12/site-packages/PyQt6/Qt6/qml/QtQuick/Controls/Universal/MenuSeparator.qml\n./venv/lib/python3.12/site-packages/PyQt6/Qt6/qml/QtQuick/Controls/Universal/Page.qml\n./venv/lib/python3.12/site-packages/PyQt6/Qt6/qml/QtQuick/Controls/Universal/PageIndicator.qml\n./venv/lib/python3.12/site-packages/PyQt6/Qt6/qml/QtQuick/Controls/Universal/Pane.qml\n./venv/lib/python3.12/site-packages/PyQt6/Qt6/qml/QtQuick/Controls/Universal/Popup.qml\n./venv/lib/python3.12/site-packages/PyQt6/Qt6/qml/QtQuick/Controls/Universal/ProgressBar.qml\n./venv/lib/python3.12/site-packages/PyQt6/Qt6/qml/QtQuick/Controls/Universal/RadioButton.qml\n./venv/lib/python3.12/site-packages/PyQt6/Qt6/qml/QtQuick/Controls/Universal/RadioDelegate.qml\n./venv/lib/python3.12/site-packages/PyQt6/Qt6/qml/QtQuick/Controls/Universal/RangeSlider.qml\n./venv/lib/python3.12/site-packages/PyQt6/Qt6/qml/QtQuick/Controls/Universal/RoundButton.qml\n./venv/lib/python3.12/site-packages/PyQt6/Qt6/qml/QtQuick/Controls/Universal/ScrollBar.qml\n./venv/lib/python3.12/site-packages/PyQt6/Qt6/qml/QtQuick/Controls/Universal/ScrollIndicator.qml\n./venv/lib/python3.12/site-packages/PyQt6/Qt6/qml/QtQuick/Controls/Universal/ScrollView.qml\n./venv/lib/python3.12/site-packages/PyQt6/Qt6/qml/QtQuick/Controls/Universal/SearchField.qml\n./venv/lib/python3.12/site-packages/PyQt6/Qt6/qml/QtQuick/Controls/Universal/SelectionRectangle.qml\n./venv/lib/python3.12/site-packages/PyQt6/Qt6/qml/QtQuick/Controls/Universal/Slider.qml\n./venv/lib/python3.12/site-packages/PyQt6/Qt6/qml/QtQuick/Controls/Universal/SpinBox.qml\n./venv/lib/python3.12/site-packages/PyQt6/Qt6/qml/QtQuick/Controls/Universal/SplitView.qml\n./venv/lib/python3.12/site-packages/PyQt6/Qt6/qml/QtQuick/Controls/Universal/StackView.qml\n./venv/lib/python3.12/site-packages/PyQt6/Qt6/qml/QtQuick/Controls/Universal/SwipeDelegate.qml\n./venv/lib/python3.12/site-packages/PyQt6/Qt6/qml/QtQuick/Controls/Universal/Switch.qml\n./venv/lib/python3.12/site-packages/PyQt6/Qt6/qml/QtQuick/Controls/Universal/SwitchDelegate.qml\n./venv/lib/python3.12/site-packages/PyQt6/Qt6/qml/QtQuick/Controls/Universal/TabBar.qml\n./venv/lib/python3.12/site-packages/PyQt6/Qt6/qml/QtQuick/Controls/Universal/TabButton.qml\n./venv/lib/python3.12/site-packages/PyQt6/Qt6/qml/QtQuick/Controls/Universal/TextArea.qml\n./venv/lib/python3.12/site-packages/PyQt6/Qt6/qml/QtQuick/Controls/Universal/TextField.qml\n./venv/lib/python3.12/site-packages/PyQt6/Qt6/qml/QtQuick/Controls/Universal/ToolBar.qml\n./venv/lib/python3.12/site-packages/PyQt6/Qt6/qml/QtQuick/Controls/Universal/ToolButton.qml\n./venv/lib/python3.12/site-packages/PyQt6/Qt6/qml/QtQuick/Controls/Universal/ToolSeparator.qml\n./venv/lib/python3.12/site-packages/PyQt6/Qt6/qml/QtQuick/Controls/Universal/ToolTip.qml\n./venv/lib/python3.12/site-packages/PyQt6/Qt6/qml/QtQuick/Controls/Universal/Tumbler.qml\n./venv/lib/python3.12/site-packages/PyQt6/Qt6/qml/QtQuick/Controls/Universal/VerticalHeaderView.qml\n./venv/lib/python3.12/site-packages/PyQt6/Qt6/qml/QtQuick/Controls/Universal/VerticalHeaderViewDelegate.qml\n./venv/lib/python3.12/site-packages/PyQt6/Qt6/qml/QtQuick/Controls/Universal/libqtquickcontrols2universalstyleplugin.dylib\n./venv/lib/python3.12/site-packages/PyQt6/Qt6/qml/QtQuick/Controls/Universal/plugins.qmltypes\n./venv/lib/python3.12/site-packages/PyQt6/Qt6/qml/QtQuick/Controls/Universal/qmldir\n./venv/lib/python3.12/site-packages/PyQt6/Qt6/qml/QtQuick/Controls/Universal/impl/CheckIndicator.qml\n./venv/lib/python3.12/site-packages/PyQt6/Qt6/qml/QtQuick/Controls/Universal/impl/RadioIndicator.qml\n./venv/lib/python3.12/site-packages/PyQt6/Qt6/qml/QtQuick/Controls/Universal/impl/SwitchIndicator.qml\n./venv/lib/python3.12/site-packages/PyQt6/Qt6/qml/QtQuick/Controls/Universal/impl/libqtquickcontrols2universalstyleimplplugin.dylib\n./venv/lib/python3.12/site-packages/PyQt6/Qt6/qml/QtQuick/Controls/Universal/impl/plugins.qmltypes\n./venv/lib/python3.12/site-packages/PyQt6/Qt6/qml/QtQuick/Controls/Universal/impl/qmldir\n./venv/lib/python3.12/site-packages/PyQt6/Qt6/qml/QtQuick/Controls/Basic/AbstractButton.qml\n./venv/lib/python3.12/site-packages/PyQt6/Qt6/qml/QtQuick/Controls/Basic/Action.qml\n./venv/lib/python3.12/site-packages/PyQt6/Qt6/qml/QtQuick/Controls/Basic/ActionGroup.qml\n./venv/lib/python3.12/site-packages/PyQt6/Qt6/qml/QtQuick/Controls/Basic/ApplicationWindow.qml\n./venv/lib/python3.12/site-packages/PyQt6/Qt6/qml/QtQuick/Controls/Basic/BusyIndicator.qml\n./venv/lib/python3.12/site-packages/PyQt6/Qt6/qml/QtQuick/Controls/Basic/Button.qml\n./venv/lib/python3.12/site-packages/PyQt6/Qt6/qml/QtQuick/Controls/Basic/ButtonGroup.qml\n./venv/lib/python3.12/site-packages/PyQt6/Qt6/qml/QtQuick/Controls/Basic/Calendar.qml\n./venv/lib/python3.12/site-packages/PyQt6/Qt6/qml/QtQuick/Controls/Basic/CalendarModel.qml\n./venv/lib/python3.12/site-packages/PyQt6/Qt6/qml/QtQuick/Controls/Basic/CheckBox.qml\n./venv/lib/python3.12/site-packages/PyQt6/Qt6/qml/QtQuick/Controls/Basic/CheckDelegate.qml\n./venv/lib/python3.12/site-packages/PyQt6/Qt6/qml/QtQuick/Controls/Basic/ComboBox.qml\n./venv/lib/python3.12/site-packages/PyQt6/Qt6/qml/QtQuick/Controls/Basic/Container.qml\n./venv/lib/python3.12/site-packages/PyQt6/Qt6/qml/QtQuick/Controls/Basic/Control.qml\n./venv/lib/python3.12/site-packages/PyQt6/Qt6/qml/QtQuick/Controls/Basic/DayOfWeekRow.qml\n./venv/lib/python3.12/site-packages/PyQt6/Qt6/qml/QtQuick/Controls/Basic/DelayButton.qml\n./venv/lib/python3.12/site-packages/PyQt6/Qt6/qml/QtQuick/Controls/Basic/Dial.qml\n./venv/lib/python3.12/site-packages/PyQt6/Qt6/qml/QtQuick/Controls/Basic/Dialog.qml\n./venv/lib/python3.12/site-packages/PyQt6/Qt6/qml/QtQuick/Controls/Basic/DialogButtonBox.qml\n./venv/lib/python3.12/site-packages/PyQt6/Qt6/qml/QtQuick/Controls/Basic/Drawer.qml\n./venv/lib/python3.12/site-packages/PyQt6/Qt6/qml/QtQuick/Controls/Basic/Frame.qml\n./venv/lib/python3.12/site-packages/PyQt6/Qt6/qml/QtQuick/Controls/Basic/GroupBox.qml\n./venv/lib/python3.12/site-packages/PyQt6/Qt6/qml/QtQuick/Controls/Basic/HorizontalHeaderView.qml\n./venv/lib/python3.12/site-packages/PyQt6/Qt6/qml/QtQuick/Controls/Basic/HorizontalHeaderViewDelegate.qml\n./venv/lib/python3.12/site-packages/PyQt6/Qt6/qml/QtQuick/Controls/Basic/ItemDelegate.qml\n./venv/lib/python3.12/site-packages/PyQt6/Qt6/qml/QtQuick/Controls/Basic/Label.qml\n./venv/lib/python3.12/site-packages/PyQt6/Qt6/qml/QtQuick/Controls/Basic/Menu.qml\n./venv/lib/python3.12/site-packages/PyQt6/Qt6/qml/QtQuick/Controls/Basic/MenuBar.qml\n./venv/lib/python3.12/site-packages/PyQt6/Qt6/qml/QtQuick/Controls/Basic/MenuBarItem.qml\n./venv/lib/python3.12/site-packages/PyQt6/Qt6/qml/QtQuick/Controls/Basic/MenuItem.qml\n./venv/lib/python3.12/site-packages/PyQt6/Qt6/qml/QtQuick/Controls/Basic/MenuSeparator.qml\n./venv/lib/python3.12/site-packages/PyQt6/Qt6/qml/QtQuick/Controls/Basic/MonthGrid.qml\n./venv/lib/python3.12/site-packages/PyQt6/Qt6/qml/QtQuick/Controls/Basic/Page.qml\n./venv/lib/python3.12/site-packages/PyQt6/Qt6/qml/QtQuick/Controls/Basic/PageIndicator.qml\n./venv/lib/python3.12/site-packages/PyQt6/Qt6/qml/QtQuick/Controls/Basic/Pane.qml\n./venv/lib/python3.12/site-packages/PyQt6/Qt6/qml/QtQuick/Controls/Basic/Popup.qml\n./venv/lib/python3.12/site-packages/PyQt6/Qt6/qml/QtQuick/Controls/Basic/ProgressBar.qml\n./venv/lib/python3.12/site-packages/PyQt6/Qt6/qml/QtQuick/Controls/Basic/RadioButton.qml\n./venv/lib/python3.12/site-packages/PyQt6/Qt6/qml/QtQuick/Controls/Basic/RadioDelegate.qml\n./venv/lib/python3.12/site-packages/PyQt6/Qt6/qml/QtQuick/Controls/Basic/RangeSlider.qml\n./venv/lib/python3.12/site-packages/PyQt6/Qt6/qml/QtQuick/Controls/Basic/RoundButton.qml\n./venv/lib/python3.12/site-packages/PyQt6/Qt6/qml/QtQuick/Controls/Basic/ScrollBar.qml\n./venv/lib/python3.12/site-packages/PyQt6/Qt6/qml/QtQuick/Controls/Basic/ScrollIndicator.qml\n./venv/lib/python3.12/site-packages/PyQt6/Qt6/qml/QtQuick/Controls/Basic/ScrollView.qml\n./venv/lib/python3.12/site-packages/PyQt6/Qt6/qml/QtQuick/Controls/Basic/SearchField.qml\n./venv/lib/python3.12/site-packages/PyQt6/Qt6/qml/QtQuick/Controls/Basic/SelectionRectangle.qml\n./venv/lib/python3.12/site-packages/PyQt6/Qt6/qml/QtQuick/Controls/Basic/Slider.qml\n./venv/lib/python3.12/site-packages/PyQt6/Qt6/qml/QtQuick/Controls/Basic/SpinBox.qml\n./venv/lib/python3.12/site-packages/PyQt6/Qt6/qml/QtQuick/Controls/Basic/SplitView.qml\n./venv/lib/python3.12/site-packages/PyQt6/Qt6/qml/QtQuick/Controls/Basic/StackView.qml\n./venv/lib/python3.12/site-packages/PyQt6/Qt6/qml/QtQuick/Controls/Basic/SwipeDelegate.qml\n./venv/lib/python3.12/site-packages/PyQt6/Qt6/qml/QtQuick/Controls/Basic/SwipeView.qml\n./venv/lib/python3.12/site-packages/PyQt6/Qt6/qml/QtQuick/Controls/Basic/Switch.qml\n./venv/lib/python3.12/site-packages/PyQt6/Qt6/qml/QtQuick/Controls/Basic/SwitchDelegate.qml\n./venv/lib/python3.12/site-packages/PyQt6/Qt6/qml/QtQuick/Controls/Basic/TabBar.qml\n./venv/lib/python3.12/site-packages/PyQt6/Qt6/qml/QtQuick/Controls/Basic/TabButton.qml\n./venv/lib/python3.12/site-packages/PyQt6/Qt6/qml/QtQuick/Controls/Basic/TableViewDelegate.qml\n./venv/lib/python3.12/site-packages/PyQt6/Qt6/qml/QtQuick/Controls/Basic/TextArea.qml\n./venv/lib/python3.12/site-packages/PyQt6/Qt6/qml/QtQuick/Controls/Basic/TextField.qml\n./venv/lib/python3.12/site-packages/PyQt6/Qt6/qml/QtQuick/Controls/Basic/ToolBar.qml\n./venv/lib/python3.12/site-packages/PyQt6/Qt6/qml/QtQuick/Controls/Basic/ToolButton.qml\n./venv/lib/python3.12/site-packages/PyQt6/Qt6/qml/QtQuick/Controls/Basic/ToolSeparator.qml\n./venv/lib/python3.12/site-packages/PyQt6/Qt6/qml/QtQuick/Controls/Basic/ToolTip.qml\n./venv/lib/python3.12/site-packages/PyQt6/Qt6/qml/QtQuick/Controls/Basic/TreeViewDelegate.qml\n./venv/lib/python3.12/site-packages/PyQt6/Qt6/qml/QtQuick/Controls/Basic/Tumbler.qml\n./venv/lib/python3.12/site-packages/PyQt6/Qt6/qml/QtQuick/Controls/Basic/VerticalHeaderView.qml\n./venv/lib/python3.12/site-packages/PyQt6/Qt6/qml/QtQuick/Controls/Basic/VerticalHeaderViewDelegate.qml\n./venv/lib/python3.12/site-packages/PyQt6/Qt6/qml/QtQuick/Controls/Basic/WeekNumberColumn.qml\n./venv/lib/python3.12/site-packages/PyQt6/Qt6/qml/QtQuick/Controls/Basic/libqtquickcontrols2basicstyleplugin.dylib\n./venv/lib/python3.12/site-packages/PyQt6/Qt6/qml/QtQuick/Controls/Basic/plugins.qmltypes\n./venv/lib/python3.12/site-packages/PyQt6/Qt6/qml/QtQuick/Controls/Basic/qmldir\n./venv/lib/python3.12/site-packages/PyQt6/Qt6/qml/QtQuick/Controls/Basic/impl/libqtquickcontrols2basicstyleimplplugin.dylib\n./venv/lib/python3.12/site-packages/PyQt6/Qt6/qml/QtQuick/Controls/Basic/impl/plugins.qmltypes\n./venv/lib/python3.12/site-packages/PyQt6/Qt6/qml/QtQuick/Controls/Basic/impl/qmldir\n./venv/lib/python3.12/site-packages/PyQt6/Qt6/qml/QtQuick/Controls/iOS/ApplicationWindow.qml\n./venv/lib/python3.12/site-packages/PyQt6/Qt6/qml/QtQuick/Controls/iOS/BusyIndicator.qml\n./venv/lib/python3.12/site-packages/PyQt6/Qt6/qml/QtQuick/Controls/iOS/Button.qml\n./venv/lib/python3.12/site-packages/PyQt6/Qt6/qml/QtQuick/Controls/iOS/CheckBox.qml\n./venv/lib/python3.12/site-packages/PyQt6/Qt6/qml/QtQuick/Controls/iOS/CheckDelegate.qml\n./venv/lib/python3.12/site-packages/PyQt6/Qt6/qml/QtQuick/Controls/iOS/ComboBox.qml\n./venv/lib/python3.12/site-packages/PyQt6/Qt6/qml/QtQuick/Controls/iOS/DelayButton.qml\n./venv/lib/python3.12/site-packages/PyQt6/Qt6/qml/QtQuick/Controls/iOS/Dial.qml\n./venv/lib/python3.12/site-packages/PyQt6/Qt6/qml/QtQuick/Controls/iOS/Dialog.qml\n./venv/lib/python3.12/site-packages/PyQt6/Qt6/qml/QtQuick/Controls/iOS/DialogButtonBox.qml\n./venv/lib/python3.12/site-packages/PyQt6/Qt6/qml/QtQuick/Controls/iOS/Drawer.qml\n./venv/lib/python3.12/site-packages/PyQt6/Qt6/qml/QtQuick/Controls/iOS/Frame.qml\n./venv/lib/python3.12/site-packages/PyQt6/Qt6/qml/QtQuick/Controls/iOS/GroupBox.qml\n./venv/lib/python3.12/site-packages/PyQt6/Qt6/qml/QtQuick/Controls/iOS/HorizontalHeaderView.qml\n./venv/lib/python3.12/site-packages/PyQt6/Qt6/qml/QtQuick/Controls/iOS/HorizontalHeaderViewDelegate.qml\n./venv/lib/python3.12/site-packages/PyQt6/Qt6/qml/QtQuick/Controls/iOS/ItemDelegate.qml\n./venv/lib/python3.12/site-packages/PyQt6/Qt6/qml/QtQuick/Controls/iOS/Menu.qml\n./venv/lib/python3.12/site-packages/PyQt6/Qt6/qml/QtQuick/Controls/iOS/MenuBar.qml\n./venv/lib/python3.12/site-packages/PyQt6/Qt6/qml/QtQuick/Controls/iOS/MenuBarItem.qml\n./venv/lib/python3.12/site-packages/PyQt6/Qt6/qml/QtQuick/Controls/iOS/MenuItem.qml\n./venv/lib/python3.12/site-packages/PyQt6/Qt6/qml/QtQuick/Controls/iOS/MenuSeparator.qml\n./venv/lib/python3.12/site-packages/PyQt6/Qt6/qml/QtQuick/Controls/iOS/PageIndicator.qml\n./venv/lib/python3.12/site-packages/PyQt6/Qt6/qml/QtQuick/Controls/iOS/Popup.qml\n./venv/lib/python3.12/site-packages/PyQt6/Qt6/qml/QtQuick/Controls/iOS/ProgressBar.qml\n./venv/lib/python3.12/site-packages/PyQt6/Qt6/qml/QtQuick/Controls/iOS/RadioButton.qml\n./venv/lib/python3.12/site-packages/PyQt6/Qt6/qml/QtQuick/Controls/iOS/RadioDelegate.qml\n./venv/lib/python3.12/site-packages/PyQt6/Qt6/qml/QtQuick/Controls/iOS/RangeSlider.qml\n./venv/lib/python3.12/site-packages/PyQt6/Qt6/qml/QtQuick/Controls/iOS/ScrollBar.qml\n./venv/lib/python3.12/site-packages/PyQt6/Qt6/qml/QtQuick/Controls/iOS/ScrollIndicator.qml\n./venv/lib/python3.12/site-packages/PyQt6/Qt6/qml/QtQuick/Controls/iOS/SearchField.qml\n./venv/lib/python3.12/site-packages/PyQt6/Qt6/qml/QtQuick/Controls/iOS/SelectionRectangle.qml\n./venv/lib/python3.12/site-packages/PyQt6/Qt6/qml/QtQuick/Controls/iOS/Slider.qml\n./venv/lib/python3.12/site-packages/PyQt6/Qt6/qml/QtQuick/Controls/iOS/SpinBox.qml\n./venv/lib/python3.12/site-packages/PyQt6/Qt6/qml/QtQuick/Controls/iOS/SplitView.qml\n./venv/lib/python3.12/site-packages/PyQt6/Qt6/qml/QtQuick/Controls/iOS/StackView.qml\n./venv/lib/python3.12/site-packages/PyQt6/Qt6/qml/QtQuick/Controls/iOS/SwipeDelegate.qml\n./venv/lib/python3.12/site-packages/PyQt6/Qt6/qml/QtQuick/Controls/iOS/Switch.qml\n./venv/lib/python3.12/site-packages/PyQt6/Qt6/qml/QtQuick/Controls/iOS/SwitchDelegate.qml\n./venv/lib/python3.12/site-packages/PyQt6/Qt6/qml/QtQuick/Controls/iOS/TabBar.qml\n./venv/lib/python3.12/site-packages/PyQt6/Qt6/qml/QtQuick/Controls/iOS/TabButton.qml\n./venv/lib/python3.12/site-packages/PyQt6/Qt6/qml/QtQuick/Controls/iOS/TextArea.qml\n./venv/lib/python3.12/site-packages/PyQt6/Qt6/qml/QtQuick/Controls/iOS/TextField.qml\n./venv/lib/python3.12/site-packages/PyQt6/Qt6/qml/QtQuick/Controls/iOS/ToolBar.qml\n./venv/lib/python3.12/site-packages/PyQt6/Qt6/qml/QtQuick/Controls/iOS/ToolButton.qml\n./venv/lib/python3.12/site-packages/PyQt6/Qt6/qml/QtQuick/Controls/iOS/ToolSeparator.qml\n./venv/lib/python3.12/site-packages/PyQt6/Qt6/qml/QtQuick/Controls/iOS/ToolTip.qml\n./venv/lib/python3.12/site-packages/PyQt6/Qt6/qml/QtQuick/Controls/iOS/TreeViewDelegate.qml\n./venv/lib/python3.12/site-packages/PyQt6/Qt6/qml/QtQuick/Controls/iOS/VerticalHeaderView.qml\n./venv/lib/python3.12/site-packages/PyQt6/Qt6/qml/QtQuick/Controls/iOS/VerticalHeaderViewDelegate.qml\n./venv/lib/python3.12/site-packages/PyQt6/Qt6/qml/QtQuick/Controls/iOS/libqtquickcontrols2iosstyleplugin.dylib\n./venv/lib/python3.12/site-packages/PyQt6/Qt6/qml/QtQuick/Controls/iOS/plugins.qmltypes\n./venv/lib/python3.12/site-packages/PyQt6/Qt6/qml/QtQuick/Controls/iOS/qmldir\n./venv/lib/python3.12/site-packages/PyQt6/Qt6/qml/QtQuick/Controls/iOS/impl/CursorDelegate.qml\n./venv/lib/python3.12/site-packages/PyQt6/Qt6/qml/QtQuick/Controls/iOS/impl/DialogButtonBoxDelegate.qml\n./venv/lib/python3.12/site-packages/PyQt6/Qt6/qml/QtQuick/Controls/iOS/impl/libqtquickcontrols2iosstyleimplplugin.dylib\n./venv/lib/python3.12/site-packages/PyQt6/Qt6/qml/QtQuick/Controls/iOS/impl/plugins.qmltypes\n./venv/lib/python3.12/site-packages/PyQt6/Qt6/qml/QtQuick/Controls/iOS/impl/qmldir\n./venv/lib/python3.12/site-packages/PyQt6/Qt6/qml/QtQuick/Controls/designer/AbstractButtonSection.qml\n./venv/lib/python3.12/site-packages/PyQt6/Qt6/qml/QtQuick/Controls/designer/BusyIndicatorSpecifics.qml\n./venv/lib/python3.12/site-packages/PyQt6/Qt6/qml/QtQuick/Controls/designer/ButtonSection.qml\n./venv/lib/python3.12/site-packages/PyQt6/Qt6/qml/QtQuick/Controls/designer/ButtonSpecifics.qml\n./venv/lib/python3.12/site-packages/PyQt6/Qt6/qml/QtQuick/Controls/designer/CheckBoxSpecifics.qml\n./venv/lib/python3.12/site-packages/PyQt6/Qt6/qml/QtQuick/Controls/designer/CheckDelegateSpecifics.qml\n./venv/lib/python3.12/site-packages/PyQt6/Qt6/qml/QtQuick/Controls/designer/CheckSection.qml\n./venv/lib/python3.12/site-packages/PyQt6/Qt6/qml/QtQuick/Controls/designer/ComboBoxSpecifics.qml\n./venv/lib/python3.12/site-packages/PyQt6/Qt6/qml/QtQuick/Controls/designer/ContainerSection.qml\n./venv/lib/python3.12/site-packages/PyQt6/Qt6/qml/QtQuick/Controls/designer/ControlSection.qml\n./venv/lib/python3.12/site-packages/PyQt6/Qt6/qml/QtQuick/Controls/designer/ControlSpecifics.qml\n./venv/lib/python3.12/site-packages/PyQt6/Qt6/qml/QtQuick/Controls/designer/DelayButtonSpecifics.qml\n./venv/lib/python3.12/site-packages/PyQt6/Qt6/qml/QtQuick/Controls/designer/DialSpecifics.qml\n./venv/lib/python3.12/site-packages/PyQt6/Qt6/qml/QtQuick/Controls/designer/FrameSpecifics.qml\n./venv/lib/python3.12/site-packages/PyQt6/Qt6/qml/QtQuick/Controls/designer/GroupBoxSpecifics.qml\n./venv/lib/python3.12/site-packages/PyQt6/Qt6/qml/QtQuick/Controls/designer/InsetSection.qml\n./venv/lib/python3.12/site-packages/PyQt6/Qt6/qml/QtQuick/Controls/designer/ItemDelegateSection.qml\n./venv/lib/python3.12/site-packages/PyQt6/Qt6/qml/QtQuick/Controls/designer/ItemDelegateSpecifics.qml\n./venv/lib/python3.12/site-packages/PyQt6/Qt6/qml/QtQuick/Controls/designer/LabelSpecifics.qml\n./venv/lib/python3.12/site-packages/PyQt6/Qt6/qml/QtQuick/Controls/designer/PaddingSection.qml\n./venv/lib/python3.12/site-packages/PyQt6/Qt6/qml/QtQuick/Controls/designer/PageIndicatorSpecifics.qml\n./venv/lib/python3.12/site-packages/PyQt6/Qt6/qml/QtQuick/Controls/designer/PageSpecifics.qml\n./venv/lib/python3.12/site-packages/PyQt6/Qt6/qml/QtQuick/Controls/designer/PaneSection.qml\n./venv/lib/python3.12/site-packages/PyQt6/Qt6/qml/QtQuick/Controls/designer/PaneSpecifics.qml\n./venv/lib/python3.12/site-packages/PyQt6/Qt6/qml/QtQuick/Controls/designer/ProgressBarSpecifics.qml\n./venv/lib/python3.12/site-packages/PyQt6/Qt6/qml/QtQuick/Controls/designer/RadioButtonSpecifics.qml\n./venv/lib/python3.12/site-packages/PyQt6/Qt6/qml/QtQuick/Controls/designer/RadioDelegateSpecifics.qml\n./venv/lib/python3.12/site-packages/PyQt6/Qt6/qml/QtQuick/Controls/designer/RangeSliderSpecifics.qml\n./venv/lib/python3.12/site-packages/PyQt6/Qt6/qml/QtQuick/Controls/designer/RoundButtonSpecifics.qml\n./venv/lib/python3.12/site-packages/PyQt6/Qt6/qml/QtQuick/Controls/designer/ScrollViewSpecifics.qml\n./venv/lib/python3.12/site-packages/PyQt6/Qt6/qml/QtQuick/Controls/designer/SliderSpecifics.qml\n./venv/lib/python3.12/site-packages/PyQt6/Qt6/qml/QtQuick/Controls/designer/SpinBoxSpecifics.qml\n./venv/lib/python3.12/site-packages/PyQt6/Qt6/qml/QtQuick/Controls/designer/StackViewSpecifics.qml\n./venv/lib/python3.12/site-packages/PyQt6/Qt6/qml/QtQuick/Controls/designer/SwipeDelegateSpecifics.qml\n./venv/lib/python3.12/site-packages/PyQt6/Qt6/qml/QtQuick/Controls/designer/SwipeViewSpecifics.qml\n./venv/lib/python3.12/site-packages/PyQt6/Qt6/qml/QtQuick/Controls/designer/SwitchDelegateSpecifics.qml\n./venv/lib/python3.12/site-packages/PyQt6/Qt6/qml/QtQuick/Controls/designer/SwitchSpecifics.qml\n./venv/lib/python3.12/site-packages/PyQt6/Qt6/qml/QtQuick/Controls/designer/TabBarSpecifics.qml\n./venv/lib/python3.12/site-packages/PyQt6/Qt6/qml/QtQuick/Controls/designer/TabButtonSpecifics.qml\n./venv/lib/python3.12/site-packages/PyQt6/Qt6/qml/QtQuick/Controls/designer/TextAreaSpecifics.qml\n./venv/lib/python3.12/site-packages/PyQt6/Qt6/qml/QtQuick/Controls/designer/TextFieldSpecifics.qml\n./venv/lib/python3.12/site-packages/PyQt6/Qt6/qml/QtQuick/Controls/designer/ToolBarSpecifics.qml\n./venv/lib/python3.12/site-packages/PyQt6/Qt6/qml/QtQuick/Controls/designer/ToolButtonSpecifics.qml\n./venv/lib/python3.12/site-packages/PyQt6/Qt6/qml/QtQuick/Controls/designer/ToolSeparatorSpecifics.qml\n./venv/lib/python3.12/site-packages/PyQt6/Qt6/qml/QtQuick/Controls/designer/TumblerSpecifics.qml\n./venv/lib/python3.12/site-packages/PyQt6/Qt6/qml/QtQuick/Controls/designer/qtquickcontrols2.metainfo\n./venv/lib/python3.12/site-packages/PyQt6/Qt6/qml/QtQuick/Controls/designer/images/busyindicator-icon.png\n./venv/lib/python3.12/site-packages/PyQt6/Qt6/qml/QtQuick/Controls/designer/images/busyindicator-icon16.png\n./venv/lib/python3.12/site-packages/PyQt6/Qt6/qml/QtQuick/Controls/designer/images/busyindicator-icon@2x.png\n./venv/lib/python3.12/site-packages/PyQt6/Qt6/qml/QtQuick/Controls/designer/images/button-icon.png\n./venv/lib/python3.12/site-packages/PyQt6/Qt6/qml/QtQuick/Controls/designer/images/button-icon16.png\n./venv/lib/python3.12/site-packages/PyQt6/Qt6/qml/QtQuick/Controls/designer/images/button-icon@2x.png\n./venv/lib/python3.12/site-packages/PyQt6/Qt6/qml/QtQuick/Controls/designer/images/checkbox-icon.png\n./venv/lib/python3.12/site-packages/PyQt6/Qt6/qml/QtQuick/Controls/designer/images/checkbox-icon16.png\n./venv/lib/python3.12/site-packages/PyQt6/Qt6/qml/QtQuick/Controls/designer/images/checkbox-icon@2x.png\n./venv/lib/python3.12/site-packages/PyQt6/Qt6/qml/QtQuick/Controls/designer/images/combobox-icon.png\n./venv/lib/python3.12/site-packages/PyQt6/Qt6/qml/QtQuick/Controls/designer/images/combobox-icon16.png\n./venv/lib/python3.12/site-packages/PyQt6/Qt6/qml/QtQuick/Controls/designer/images/combobox-icon@2x.png\n./venv/lib/python3.12/site-packages/PyQt6/Qt6/qml/QtQuick/Controls/designer/images/control-icon.png\n./venv/lib/python3.12/site-packages/PyQt6/Qt6/qml/QtQuick/Controls/designer/images/control-icon16.png\n./venv/lib/python3.12/site-packages/PyQt6/Qt6/qml/QtQuick/Controls/designer/images/control-icon@2x.png\n./venv/lib/python3.12/site-packages/PyQt6/Qt6/qml/QtQuick/Controls/designer/images/delaybutton-icon.png\n./venv/lib/python3.12/site-packages/PyQt6/Qt6/qml/QtQuick/Controls/designer/images/delaybutton-icon16.png\n./venv/lib/python3.12/site-packages/PyQt6/Qt6/qml/QtQuick/Controls/designer/images/delaybutton-icon@2x.png\n./venv/lib/python3.12/site-packages/PyQt6/Qt6/qml/QtQuick/Controls/designer/images/dial-icon.png\n./venv/lib/python3.12/site-packages/PyQt6/Qt6/qml/QtQuick/Controls/designer/images/dial-icon16.png\n./venv/lib/python3.12/site-packages/PyQt6/Qt6/qml/QtQuick/Controls/designer/images/dial-icon@2x.png\n./venv/lib/python3.12/site-packages/PyQt6/Qt6/qml/QtQuick/Controls/designer/images/frame-icon.png\n./venv/lib/python3.12/site-packages/PyQt6/Qt6/qml/QtQuick/Controls/designer/images/frame-icon16.png\n./venv/lib/python3.12/site-packages/PyQt6/Qt6/qml/QtQuick/Controls/designer/images/frame-icon@2x.png\n./venv/lib/python3.12/site-packages/PyQt6/Qt6/qml/QtQuick/Controls/designer/images/groupbox-icon.png\n./venv/lib/python3.12/site-packages/PyQt6/Qt6/qml/QtQuick/Controls/designer/images/groupbox-icon16.png\n./venv/lib/python3.12/site-packages/PyQt6/Qt6/qml/QtQuick/Controls/designer/images/groupbox-icon@2x.png\n./venv/lib/python3.12/site-packages/PyQt6/Qt6/qml/QtQuick/Controls/designer/images/itemdelegate-icon.png\n./venv/lib/python3.12/site-packages/PyQt6/Qt6/qml/QtQuick/Controls/designer/images/itemdelegate-icon16.png\n./venv/lib/python3.12/site-packages/PyQt6/Qt6/qml/QtQuick/Controls/designer/images/itemdelegate-icon@2x.png\n./venv/lib/python3.12/site-packages/PyQt6/Qt6/qml/QtQuick/Controls/designer/images/label-icon.png\n./venv/lib/python3.12/site-packages/PyQt6/Qt6/qml/QtQuick/Controls/designer/images/label-icon16.png\n./venv/lib/python3.12/site-packages/PyQt6/Qt6/qml/QtQuick/Controls/designer/images/label-icon@2x.png\n./venv/lib/python3.12/site-packages/PyQt6/Qt6/qml/QtQuick/Controls/designer/images/page-icon.png\n./venv/lib/python3.12/site-packages/PyQt6/Qt6/qml/QtQuick/Controls/designer/images/page-icon16.png\n./venv/lib/python3.12/site-packages/PyQt6/Qt6/qml/QtQuick/Controls/designer/images/page-icon@2x.png\n./venv/lib/python3.12/site-packages/PyQt6/Qt6/qml/QtQuick/Controls/designer/images/pageindicator-icon.png\n./venv/lib/python3.12/site-packages/PyQt6/Qt6/qml/QtQuick/Controls/designer/images/pageindicator-icon16.png\n./venv/lib/python3.12/site-packages/PyQt6/Qt6/qml/QtQuick/Controls/designer/images/pageindicator-icon@2x.png\n./venv/lib/python3.12/site-packages/PyQt6/Qt6/qml/QtQuick/Controls/designer/images/pane-icon.png\n./venv/lib/python3.12/site-packages/PyQt6/Qt6/qml/QtQuick/Controls/designer/images/pane-icon16.png\n./venv/lib/python3.12/site-packages/PyQt6/Qt6/qml/QtQuick/Controls/designer/images/pane-icon@2x.png\n./venv/lib/python3.12/site-packages/PyQt6/Qt6/qml/QtQuick/Controls/designer/images/progressbar-icon.png\n./venv/lib/python3.12/site-packages/PyQt6/Qt6/qml/QtQuick/Controls/designer/images/progressbar-icon16.png\n./venv/lib/python3.12/site-packages/PyQt6/Qt6/qml/QtQuick/Controls/designer/images/progressbar-icon@2x.png\n./venv/lib/python3.12/site-packages/PyQt6/Qt6/qml/QtQuick/Controls/designer/images/radiobutton-icon.png\n./venv/lib/python3.12/site-packages/PyQt6/Qt6/qml/QtQuick/Controls/designer/images/radiobutton-icon16.png\n./venv/lib/python3.12/site-packages/PyQt6/Qt6/qml/QtQuick/Controls/designer/images/radiobutton-icon@2x.png\n./venv/lib/python3.12/site-packages/PyQt6/Qt6/qml/QtQuick/Controls/designer/images/rangeslider-icon.png\n./venv/lib/python3.12/site-packages/PyQt6/Qt6/qml/QtQuick/Controls/designer/images/rangeslider-icon16.png\n./venv/lib/python3.12/site-packages/PyQt6/Qt6/qml/QtQuick/Controls/designer/images/rangeslider-icon@2x.png\n./venv/lib/python3.12/site-packages/PyQt6/Qt6/qml/QtQuick/Controls/designer/images/roundbutton-icon.png\n./venv/lib/python3.12/site-packages/PyQt6/Qt6/qml/QtQuick/Controls/designer/images/roundbutton-icon16.png\n./venv/lib/python3.12/site-packages/PyQt6/Qt6/qml/QtQuick/Controls/designer/images/roundbutton-icon@2x.png\n./venv/lib/python3.12/site-packages/PyQt6/Qt6/qml/QtQuick/Controls/designer/images/scrollview-icon.png\n./venv/lib/python3.12/site-packages/PyQt6/Qt6/qml/QtQuick/Controls/designer/images/scrollview-icon16.png\n./venv/lib/python3.12/site-packages/PyQt6/Qt6/qml/QtQuick/Controls/designer/images/scrollview-icon@2x.png\n./venv/lib/python3.12/site-packages/PyQt6/Qt6/qml/QtQuick/Controls/designer/images/slider-icon.png\n./venv/lib/python3.12/site-packages/PyQt6/Qt6/qml/QtQuick/Controls/designer/images/slider-icon16.png\n./venv/lib/python3.12/site-packages/PyQt6/Qt6/qml/QtQuick/Controls/designer/images/slider-icon@2x.png\n./venv/lib/python3.12/site-packages/PyQt6/Qt6/qml/QtQuick/Controls/designer/images/spinbox-icon.png\n./venv/lib/python3.12/site-packages/PyQt6/Qt6/qml/QtQuick/Controls/designer/images/spinbox-icon16.png\n./venv/lib/python3.12/site-packages/PyQt6/Qt6/qml/QtQuick/Controls/designer/images/spinbox-icon@2x.png\n./venv/lib/python3.12/site-packages/PyQt6/Qt6/qml/QtQuick/Controls/designer/images/stackview-icon.png\n./venv/lib/python3.12/site-packages/PyQt6/Qt6/qml/QtQuick/Controls/designer/images/stackview-icon16.png\n./venv/lib/python3.12/site-packages/PyQt6/Qt6/qml/QtQuick/Controls/designer/images/stackview-icon@2x.png\n./venv/lib/python3.12/site-packages/PyQt6/Qt6/qml/QtQuick/Controls/designer/images/swipeview-icon.png\n./venv/lib/python3.12/site-packages/PyQt6/Qt6/qml/QtQuick/Controls/designer/images/swipeview-icon16.png\n./venv/lib/python3.12/site-packages/PyQt6/Qt6/qml/QtQuick/Controls/designer/images/swipeview-icon@2x.png\n./venv/lib/python3.12/site-packages/PyQt6/Qt6/qml/QtQuick/Controls/designer/images/switch-icon.png\n./venv/lib/python3.12/site-packages/PyQt6/Qt6/qml/QtQuick/Controls/designer/images/switch-icon16.png\n./venv/lib/python3.12/site-packages/PyQt6/Qt6/qml/QtQuick/Controls/designer/images/switch-icon@2x.png\n./venv/lib/python3.12/site-packages/PyQt6/Qt6/qml/QtQuick/Controls/designer/images/textarea-icon.png\n./venv/lib/python3.12/site-packages/PyQt6/Qt6/qml/QtQuick/Controls/designer/images/textarea-icon16.png\n./venv/lib/python3.12/site-packages/PyQt6/Qt6/qml/QtQuick/Controls/designer/images/textarea-icon@2x.png\n./venv/lib/python3.12/site-packages/PyQt6/Qt6/qml/QtQuick/Controls/designer/images/textfield-icon.png\n./venv/lib/python3.12/site-packages/PyQt6/Qt6/qml/QtQuick/Controls/designer/images/textfield-icon16.png\n./venv/lib/python3.12/site-packages/PyQt6/Qt6/qml/QtQuick/Controls/designer/images/textfield-icon@2x.png\n./venv/lib/python3.12/site-packages/PyQt6/Qt6/qml/QtQuick/Controls/designer/images/toolbar-icon.png\n./venv/lib/python3.12/site-packages/PyQt6/Qt6/qml/QtQuick/Controls/designer/images/toolbar-icon16.png\n./venv/lib/python3.12/site-packages/PyQt6/Qt6/qml/QtQuick/Controls/designer/images/toolbar-icon@2x.png\n./venv/lib/python3.12/site-packages/PyQt6/Qt6/qml/QtQuick/Controls/designer/images/toolbutton-icon.png\n./venv/lib/python3.12/site-packages/PyQt6/Qt6/qml/QtQuick/Controls/designer/images/toolbutton-icon16.png\n./venv/lib/python3.12/site-packages/PyQt6/Qt6/qml/QtQuick/Controls/designer/images/toolbutton-icon@2x.png\n./venv/lib/python3.12/site-packages/PyQt6/Qt6/qml/QtQuick/Controls/designer/images/toolseparator-icon.png\n./venv/lib/python3.12/site-packages/PyQt6/Qt6/qml/QtQuick/Controls/designer/images/toolseparator-icon16.png\n./venv/lib/python3.12/site-packages/PyQt6/Qt6/qml/QtQuick/Controls/designer/images/toolseparator-icon@2x.png\n./venv/lib/python3.12/site-packages/PyQt6/Qt6/qml/QtQuick/Controls/designer/images/tumbler-icon.png\n./venv/lib/python3.12/site-packages/PyQt6/Qt6/qml/QtQuick/Controls/designer/images/tumbler-icon16.png\n./venv/lib/python3.12/site-packages/PyQt6/Qt6/qml/QtQuick/Controls/designer/images/tumbler-icon@2x.png\n./venv/lib/python3.12/site-packages/PyQt6/Qt6/qml/QtQuick/Controls/Material/ApplicationWindow.qml\n./venv/lib/python3.12/site-packages/PyQt6/Qt6/qml/QtQuick/Controls/Material/BusyIndicator.qml\n./venv/lib/python3.12/site-packages/PyQt6/Qt6/qml/QtQuick/Controls/Material/Button.qml\n./venv/lib/python3.12/site-packages/PyQt6/Qt6/qml/QtQuick/Controls/Material/CheckBox.qml\n./venv/lib/python3.12/site-packages/PyQt6/Qt6/qml/QtQuick/Controls/Material/CheckDelegate.qml\n./venv/lib/python3.12/site-packages/PyQt6/Qt6/qml/QtQuick/Controls/Material/ComboBox.qml\n./venv/lib/python3.12/site-packages/PyQt6/Qt6/qml/QtQuick/Controls/Material/DelayButton.qml\n./venv/lib/python3.12/site-packages/PyQt6/Qt6/qml/QtQuick/Controls/Material/Dial.qml\n./venv/lib/python3.12/site-packages/PyQt6/Qt6/qml/QtQuick/Controls/Material/Dialog.qml\n./venv/lib/python3.12/site-packages/PyQt6/Qt6/qml/QtQuick/Controls/Material/DialogButtonBox.qml\n./venv/lib/python3.12/site-packages/PyQt6/Qt6/qml/QtQuick/Controls/Material/Drawer.qml\n./venv/lib/python3.12/site-packages/PyQt6/Qt6/qml/QtQuick/Controls/Material/Frame.qml\n./venv/lib/python3.12/site-packages/PyQt6/Qt6/qml/QtQuick/Controls/Material/GroupBox.qml\n./venv/lib/python3.12/site-packages/PyQt6/Qt6/qml/QtQuick/Controls/Material/HorizontalHeaderView.qml\n./venv/lib/python3.12/site-packages/PyQt6/Qt6/qml/QtQuick/Controls/Material/HorizontalHeaderViewDelegate.qml\n./venv/lib/python3.12/site-packages/PyQt6/Qt6/qml/QtQuick/Controls/Material/ItemDelegate.qml\n./venv/lib/python3.12/site-packages/PyQt6/Qt6/qml/QtQuick/Controls/Material/Label.qml\n./venv/lib/python3.12/site-packages/PyQt6/Qt6/qml/QtQuick/Controls/Material/Menu.qml\n./venv/lib/python3.12/site-packages/PyQt6/Qt6/qml/QtQuick/Controls/Material/MenuBar.qml\n./venv/lib/python3.12/site-packages/PyQt6/Qt6/qml/QtQuick/Controls/Material/MenuBarItem.qml\n./venv/lib/python3.12/site-packages/PyQt6/Qt6/qml/QtQuick/Controls/Material/MenuItem.qml\n./venv/lib/python3.12/site-packages/PyQt6/Qt6/qml/QtQuick/Controls/Material/MenuSeparator.qml\n./venv/lib/python3.12/site-packages/PyQt6/Qt6/qml/QtQuick/Controls/Material/Page.qml\n./venv/lib/python3.12/site-packages/PyQt6/Qt6/qml/QtQuick/Controls/Material/PageIndicator.qml\n./venv/lib/python3.12/site-packages/PyQt6/Qt6/qml/QtQuick/Controls/Material/Pane.qml\n./venv/lib/python3.12/site-packages/PyQt6/Qt6/qml/QtQuick/Controls/Material/Popup.qml\n./venv/lib/python3.12/site-packages/PyQt6/Qt6/qml/QtQuick/Controls/Material/ProgressBar.qml\n./venv/lib/python3.12/site-packages/PyQt6/Qt6/qml/QtQuick/Controls/Material/RadioButton.qml\n./venv/lib/python3.12/site-packages/PyQt6/Qt6/qml/QtQuick/Controls/Material/RadioDelegate.qml\n./venv/lib/python3.12/site-packages/PyQt6/Qt6/qml/QtQuick/Controls/Material/RangeSlider.qml\n./venv/lib/python3.12/site-packages/PyQt6/Qt6/qml/QtQuick/Controls/Material/RoundButton.qml\n./venv/lib/python3.12/site-packages/PyQt6/Qt6/qml/QtQuick/Controls/Material/ScrollBar.qml\n./venv/lib/python3.12/site-packages/PyQt6/Qt6/qml/QtQuick/Controls/Material/ScrollIndicator.qml\n./venv/lib/python3.12/site-packages/PyQt6/Qt6/qml/QtQuick/Controls/Material/ScrollView.qml\n./venv/lib/python3.12/site-packages/PyQt6/Qt6/qml/QtQuick/Controls/Material/SearchField.qml\n./venv/lib/python3.12/site-packages/PyQt6/Qt6/qml/QtQuick/Controls/Material/SelectionRectangle.qml\n./venv/lib/python3.12/site-packages/PyQt6/Qt6/qml/QtQuick/Controls/Material/Slider.qml\n./venv/lib/python3.12/site-packages/PyQt6/Qt6/qml/QtQuick/Controls/Material/SpinBox.qml\n./venv/lib/python3.12/site-packages/PyQt6/Qt6/qml/QtQuick/Controls/Material/SplitView.qml\n./venv/lib/python3.12/site-packages/PyQt6/Qt6/qml/QtQuick/Controls/Material/StackView.qml\n./venv/lib/python3.12/site-packages/PyQt6/Qt6/qml/QtQuick/Controls/Material/SwipeDelegate.qml\n./venv/lib/python3.12/site-packages/PyQt6/Qt6/qml/QtQuick/Controls/Material/SwipeView.qml\n./venv/lib/python3.12/site-packages/PyQt6/Qt6/qml/QtQuick/Controls/Material/Switch.qml\n./venv/lib/python3.12/site-packages/PyQt6/Qt6/qml/QtQuick/Controls/Material/SwitchDelegate.qml\n./venv/lib/python3.12/site-packages/PyQt6/Qt6/qml/QtQuick/Controls/Material/TabBar.qml\n./venv/lib/python3.12/site-packages/PyQt6/Qt6/qml/QtQuick/Controls/Material/TabButton.qml\n./venv/lib/python3.12/site-packages/PyQt6/Qt6/qml/QtQuick/Controls/Material/TextArea.qml\n./venv/lib/python3.12/site-packages/PyQt6/Qt6/qml/QtQuick/Controls/Material/TextField.qml\n./venv/lib/python3.12/site-packages/PyQt6/Qt6/qml/QtQuick/Controls/Material/ToolBar.qml\n./venv/lib/python3.12/site-packages/PyQt6/Qt6/qml/QtQuick/Controls/Material/ToolButton.qml\n./venv/lib/python3.12/site-packages/PyQt6/Qt6/qml/QtQuick/Controls/Material/ToolSeparator.qml\n./venv/lib/python3.12/site-packages/PyQt6/Qt6/qml/QtQuick/Controls/Material/ToolTip.qml\n./venv/lib/python3.12/site-packages/PyQt6/Qt6/qml/QtQuick/Controls/Material/TreeViewDelegate.qml\n./venv/lib/python3.12/site-packages/PyQt6/Qt6/qml/QtQuick/Controls/Material/Tumbler.qml\n./venv/lib/python3.12/site-packages/PyQt6/Qt6/qml/QtQuick/Controls/Material/VerticalHeaderView.qml\n./venv/lib/python3.12/site-packages/PyQt6/Qt6/qml/QtQuick/Controls/Material/VerticalHeaderViewDelegate.qml\n./venv/lib/python3.12/site-packages/PyQt6/Qt6/qml/QtQuick/Controls/Material/libqtquickcontrols2materialstyleplugin.dylib\n./venv/lib/python3.12/site-packages/PyQt6/Qt6/qml/QtQuick/Controls/Material/plugins.qmltypes\n./venv/lib/python3.12/site-packages/PyQt6/Qt6/qml/QtQuick/Controls/Material/qmldir\n./venv/lib/python3.12/site-packages/PyQt6/Qt6/qml/QtQuick/Controls/Material/impl/BoxShadow.qml\n./venv/lib/python3.12/site-packages/PyQt6/Qt6/qml/QtQuick/Controls/Material/impl/CheckIndicator.qml\n./venv/lib/python3.12/site-packages/PyQt6/Qt6/qml/QtQuick/Controls/Material/impl/CursorDelegate.qml\n./venv/lib/python3.12/site-packages/PyQt6/Qt6/qml/QtQuick/Controls/Material/impl/ElevationEffect.qml\n./venv/lib/python3.12/site-packages/PyQt6/Qt6/qml/QtQuick/Controls/Material/impl/RadioIndicator.qml\n./venv/lib/python3.12/site-packages/PyQt6/Qt6/qml/QtQuick/Controls/Material/impl/RectangularGlow.qml\n./venv/lib/python3.12/site-packages/PyQt6/Qt6/qml/QtQuick/Controls/Material/impl/RoundedElevationEffect.qml\n./venv/lib/python3.12/site-packages/PyQt6/Qt6/qml/QtQuick/Controls/Material/impl/SliderHandle.qml\n./venv/lib/python3.12/site-packages/PyQt6/Qt6/qml/QtQuick/Controls/Material/impl/SwitchIndicator.qml\n./venv/lib/python3.12/site-packages/PyQt6/Qt6/qml/QtQuick/Controls/Material/impl/libqtquickcontrols2materialstyleimplplugin.dylib\n./venv/lib/python3.12/site-packages/PyQt6/Qt6/qml/QtQuick/Controls/Material/impl/plugins.qmltypes\n./venv/lib/python3.12/site-packages/PyQt6/Qt6/qml/QtQuick/Controls/Material/impl/qmldir\n./venv/lib/python3.12/site-packages/PyQt6/Qt6/qml/QtQuick/Controls/Imagine/ApplicationWindow.qml\n./venv/lib/python3.12/site-packages/PyQt6/Qt6/qml/QtQuick/Controls/Imagine/BusyIndicator.qml\n./venv/lib/python3.12/site-packages/PyQt6/Qt6/qml/QtQuick/Controls/Imagine/Button.qml\n./venv/lib/python3.12/site-packages/PyQt6/Qt6/qml/QtQuick/Controls/Imagine/CheckBox.qml\n./venv/lib/python3.12/site-packages/PyQt6/Qt6/qml/QtQuick/Controls/Imagine/CheckDelegate.qml\n./venv/lib/python3.12/site-packages/PyQt6/Qt6/qml/QtQuick/Controls/Imagine/ComboBox.qml\n./venv/lib/python3.12/site-packages/PyQt6/Qt6/qml/QtQuick/Controls/Imagine/DelayButton.qml\n./venv/lib/python3.12/site-packages/PyQt6/Qt6/qml/QtQuick/Controls/Imagine/Dial.qml\n./venv/lib/python3.12/site-packages/PyQt6/Qt6/qml/QtQuick/Controls/Imagine/Dialog.qml\n./venv/lib/python3.12/site-packages/PyQt6/Qt6/qml/QtQuick/Controls/Imagine/DialogButtonBox.qml\n./venv/lib/python3.12/site-packages/PyQt6/Qt6/qml/QtQuick/Controls/Imagine/Drawer.qml\n./venv/lib/python3.12/site-packages/PyQt6/Qt6/qml/QtQuick/Controls/Imagine/Frame.qml\n./venv/lib/python3.12/site-packages/PyQt6/Qt6/qml/QtQuick/Controls/Imagine/GroupBox.qml\n./venv/lib/python3.12/site-packages/PyQt6/Qt6/qml/QtQuick/Controls/Imagine/HorizontalHeaderView.qml\n./venv/lib/python3.12/site-packages/PyQt6/Qt6/qml/QtQuick/Controls/Imagine/HorizontalHeaderViewDelegate.qml\n./venv/lib/python3.12/site-packages/PyQt6/Qt6/qml/QtQuick/Controls/Imagine/ItemDelegate.qml\n./venv/lib/python3.12/site-packages/PyQt6/Qt6/qml/QtQuick/Controls/Imagine/Label.qml\n./venv/lib/python3.12/site-packages/PyQt6/Qt6/qml/QtQuick/Controls/Imagine/Menu.qml\n./venv/lib/python3.12/site-packages/PyQt6/Qt6/qml/QtQuick/Controls/Imagine/MenuItem.qml\n./venv/lib/python3.12/site-packages/PyQt6/Qt6/qml/QtQuick/Controls/Imagine/MenuSeparator.qml\n./venv/lib/python3.12/site-packages/PyQt6/Qt6/qml/QtQuick/Controls/Imagine/Page.qml\n./venv/lib/python3.12/site-packages/PyQt6/Qt6/qml/QtQuick/Controls/Imagine/PageIndicator.qml\n./venv/lib/python3.12/site-packages/PyQt6/Qt6/qml/QtQuick/Controls/Imagine/Pane.qml\n./venv/lib/python3.12/site-packages/PyQt6/Qt6/qml/QtQuick/Controls/Imagine/Popup.qml\n./venv/lib/python3.12/site-packages/PyQt6/Qt6/qml/QtQuick/Controls/Imagine/ProgressBar.qml\n./venv/lib/python3.12/site-packages/PyQt6/Qt6/qml/QtQuick/Controls/Imagine/RadioButton.qml\n./venv/lib/python3.12/site-packages/PyQt6/Qt6/qml/QtQuick/Controls/Imagine/RadioDelegate.qml\n./venv/lib/python3.12/site-packages/PyQt6/Qt6/qml/QtQuick/Controls/Imagine/RangeSlider.qml\n./venv/lib/python3.12/site-packages/PyQt6/Qt6/qml/QtQuick/Controls/Imagine/RoundButton.qml\n./venv/lib/python3.12/site-packages/PyQt6/Qt6/qml/QtQuick/Controls/Imagine/ScrollBar.qml\n./venv/lib/python3.12/site-packages/PyQt6/Qt6/qml/QtQuick/Controls/Imagine/ScrollIndicator.qml\n./venv/lib/python3.12/site-packages/PyQt6/Qt6/qml/QtQuick/Controls/Imagine/ScrollView.qml\n./venv/lib/python3.12/site-packages/PyQt6/Qt6/qml/QtQuick/Controls/Imagine/SearchField.qml\n./venv/lib/python3.12/site-packages/PyQt6/Qt6/qml/QtQuick/Controls/Imagine/SelectionRectangle.qml\n./venv/lib/python3.12/site-packages/PyQt6/Qt6/qml/QtQuick/Controls/Imagine/Slider.qml\n./venv/lib/python3.12/site-packages/PyQt6/Qt6/qml/QtQuick/Controls/Imagine/SpinBox.qml\n./venv/lib/python3.12/site-packages/PyQt6/Qt6/qml/QtQuick/Controls/Imagine/SplitView.qml\n./venv/lib/python3.12/site-packages/PyQt6/Qt6/qml/QtQuick/Controls/Imagine/StackView.qml\n./venv/lib/python3.12/site-packages/PyQt6/Qt6/qml/QtQuick/Controls/Imagine/SwipeDelegate.qml\n./venv/lib/python3.12/site-packages/PyQt6/Qt6/qml/QtQuick/Controls/Imagine/SwipeView.qml\n./venv/lib/python3.12/site-packages/PyQt6/Qt6/qml/QtQuick/Controls/Imagine/Switch.qml\n./venv/lib/python3.12/site-packages/PyQt6/Qt6/qml/QtQuick/Controls/Imagine/SwitchDelegate.qml\n./venv/lib/python3.12/site-packages/PyQt6/Qt6/qml/QtQuick/Controls/Imagine/TabBar.qml\n./venv/lib/python3.12/site-packages/PyQt6/Qt6/qml/QtQuick/Controls/Imagine/TabButton.qml\n./venv/lib/python3.12/site-packages/PyQt6/Qt6/qml/QtQuick/Controls/Imagine/TextArea.qml\n./venv/lib/python3.12/site-packages/PyQt6/Qt6/qml/QtQuick/Controls/Imagine/TextField.qml\n./venv/lib/python3.12/site-packages/PyQt6/Qt6/qml/QtQuick/Controls/Imagine/ToolBar.qml\n./venv/lib/python3.12/site-packages/PyQt6/Qt6/qml/QtQuick/Controls/Imagine/ToolButton.qml\n./venv/lib/python3.12/site-packages/PyQt6/Qt6/qml/QtQuick/Controls/Imagine/ToolSeparator.qml\n./venv/lib/python3.12/site-packages/PyQt6/Qt6/qml/QtQuick/Controls/Imagine/ToolTip.qml\n./venv/lib/python3.12/site-packages/PyQt6/Qt6/qml/QtQuick/Controls/Imagine/Tumbler.qml\n./venv/lib/python3.12/site-packages/PyQt6/Qt6/qml/QtQuick/Controls/Imagine/VerticalHeaderView.qml\n./venv/lib/python3.12/site-packages/PyQt6/Qt6/qml/QtQuick/Controls/Imagine/VerticalHeaderViewDelegate.qml\n./venv/lib/python3.12/site-packages/PyQt6/Qt6/qml/QtQuick/Controls/Imagine/libqtquickcontrols2imaginestyleplugin.dylib\n./venv/lib/python3.12/site-packages/PyQt6/Qt6/qml/QtQuick/Controls/Imagine/plugins.qmltypes\n./venv/lib/python3.12/site-packages/PyQt6/Qt6/qml/QtQuick/Controls/Imagine/qmldir\n./venv/lib/python3.12/site-packages/PyQt6/Qt6/qml/QtQuick/Controls/Imagine/impl/OpacityMask.qml\n./venv/lib/python3.12/site-packages/PyQt6/Qt6/qml/QtQuick/Controls/Imagine/impl/QuickControls2ImagineStyleImpl.qmltypes\n./venv/lib/python3.12/site-packages/PyQt6/Qt6/qml/QtQuick/Controls/Imagine/impl/libqtquickcontrols2imaginestyleimplplugin.dylib\n./venv/lib/python3.12/site-packages/PyQt6/Qt6/qml/QtQuick/Controls/Imagine/impl/qmldir\n./venv/lib/python3.12/site-packages/PyQt6/Qt6/qml/QtQuick/Layouts/libqquicklayoutsplugin.dylib\n./venv/lib/python3.12/site-packages/PyQt6/Qt6/qml/QtQuick/Layouts/plugins.qmltypes\n./venv/lib/python3.12/site-packages/PyQt6/Qt6/qml/QtQuick/Layouts/qmldir\n./venv/lib/python3.12/site-packages/PyQt6/Qt6/qml/QtQuick/Window/libquickwindowplugin.dylib\n./venv/lib/python3.12/site-packages/PyQt6/Qt6/qml/QtQuick/Window/qmldir\n./venv/lib/python3.12/site-packages/PyQt6/Qt6/qml/QtQuick/Window/quickwindow.qmltypes\n./venv/lib/python3.12/site-packages/PyQt6/Qt6/qml/QtQuick/LocalStorage/libqmllocalstorageplugin.dylib\n./venv/lib/python3.12/site-packages/PyQt6/Qt6/qml/QtQuick/LocalStorage/plugins.qmltypes\n./venv/lib/python3.12/site-packages/PyQt6/Qt6/qml/QtQuick/LocalStorage/qmldir\n./venv/lib/python3.12/site-packages/PyQt6/Qt6/qml/QtQuick/Templates/libqtquicktemplates2plugin.dylib\n./venv/lib/python3.12/site-packages/PyQt6/Qt6/qml/QtQuick/Templates/plugins.qmltypes\n./venv/lib/python3.12/site-packages/PyQt6/Qt6/qml/QtQuick/Templates/qmldir\n./venv/lib/python3.12/site-packages/PyQt6/Qt6/qml/QtQuick/Dialogs/libqtquickdialogsplugin.dylib\n./venv/lib/python3.12/site-packages/PyQt6/Qt6/qml/QtQuick/Dialogs/plugins.qmltypes\n./venv/lib/python3.12/site-packages/PyQt6/Qt6/qml/QtQuick/Dialogs/qmldir\n./venv/lib/python3.12/site-packages/PyQt6/Qt6/qml/QtQuick/Dialogs/quickimpl/libqtquickdialogs2quickimplplugin.dylib\n./venv/lib/python3.12/site-packages/PyQt6/Qt6/qml/QtQuick/Dialogs/quickimpl/plugins.qmltypes\n./venv/lib/python3.12/site-packages/PyQt6/Qt6/qml/QtQuick/Dialogs/quickimpl/qmldir\n./venv/lib/python3.12/site-packages/PyQt6/Qt6/qml/QtQuick/Dialogs/quickimpl/qml/ColorDialog.qml\n./venv/lib/python3.12/site-packages/PyQt6/Qt6/qml/QtQuick/Dialogs/quickimpl/qml/ColorInputs.qml\n./venv/lib/python3.12/site-packages/PyQt6/Qt6/qml/QtQuick/Dialogs/quickimpl/qml/FileDialog.qml\n./venv/lib/python3.12/site-packages/PyQt6/Qt6/qml/QtQuick/Dialogs/quickimpl/qml/FileDialogDelegate.qml\n./venv/lib/python3.12/site-packages/PyQt6/Qt6/qml/QtQuick/Dialogs/quickimpl/qml/FileDialogDelegateLabel.qml\n./venv/lib/python3.12/site-packages/PyQt6/Qt6/qml/QtQuick/Dialogs/quickimpl/qml/FolderBreadcrumbBar.qml\n./venv/lib/python3.12/site-packages/PyQt6/Qt6/qml/QtQuick/Dialogs/quickimpl/qml/FolderDialog.qml\n./venv/lib/python3.12/site-packages/PyQt6/Qt6/qml/QtQuick/Dialogs/quickimpl/qml/FolderDialogDelegate.qml\n./venv/lib/python3.12/site-packages/PyQt6/Qt6/qml/QtQuick/Dialogs/quickimpl/qml/FolderDialogDelegateLabel.qml\n./venv/lib/python3.12/site-packages/PyQt6/Qt6/qml/QtQuick/Dialogs/quickimpl/qml/FontDialog.qml\n./venv/lib/python3.12/site-packages/PyQt6/Qt6/qml/QtQuick/Dialogs/quickimpl/qml/FontDialogContent.qml\n./venv/lib/python3.12/site-packages/PyQt6/Qt6/qml/QtQuick/Dialogs/quickimpl/qml/HueGradient.qml\n./venv/lib/python3.12/site-packages/PyQt6/Qt6/qml/QtQuick/Dialogs/quickimpl/qml/MessageDialog.qml\n./venv/lib/python3.12/site-packages/PyQt6/Qt6/qml/QtQuick/Dialogs/quickimpl/qml/PickerHandle.qml\n./venv/lib/python3.12/site-packages/PyQt6/Qt6/qml/QtQuick/Dialogs/quickimpl/qml/SaturationLightnessPicker.qml\n./venv/lib/python3.12/site-packages/PyQt6/Qt6/qml/QtQuick/Dialogs/quickimpl/qml/SideBar.qml\n./venv/lib/python3.12/site-packages/PyQt6/Qt6/qml/QtQuick/Dialogs/quickimpl/qml/+Imagine/ColorDialog.qml\n./venv/lib/python3.12/site-packages/PyQt6/Qt6/qml/QtQuick/Dialogs/quickimpl/qml/+Imagine/ColorInputs.qml\n./venv/lib/python3.12/site-packages/PyQt6/Qt6/qml/QtQuick/Dialogs/quickimpl/qml/+Imagine/FileDialog.qml\n./venv/lib/python3.12/site-packages/PyQt6/Qt6/qml/QtQuick/Dialogs/quickimpl/qml/+Imagine/FileDialogDelegate.qml\n./venv/lib/python3.12/site-packages/PyQt6/Qt6/qml/QtQuick/Dialogs/quickimpl/qml/+Imagine/FolderBreadcrumbBar.qml\n./venv/lib/python3.12/site-packages/PyQt6/Qt6/qml/QtQuick/Dialogs/quickimpl/qml/+Imagine/FolderDialog.qml\n./venv/lib/python3.12/site-packages/PyQt6/Qt6/qml/QtQuick/Dialogs/quickimpl/qml/+Imagine/FolderDialogDelegate.qml\n./venv/lib/python3.12/site-packages/PyQt6/Qt6/qml/QtQuick/Dialogs/quickimpl/qml/+Imagine/FontDialog.qml\n./venv/lib/python3.12/site-packages/PyQt6/Qt6/qml/QtQuick/Dialogs/quickimpl/qml/+Imagine/MessageDialog.qml\n./venv/lib/python3.12/site-packages/PyQt6/Qt6/qml/QtQuick/Dialogs/quickimpl/qml/+Imagine/SideBar.qml\n./venv/lib/python3.12/site-packages/PyQt6/Qt6/qml/QtQuick/Dialogs/quickimpl/qml/+Fusion/ColorDialog.qml\n./venv/lib/python3.12/site-packages/PyQt6/Qt6/qml/QtQuick/Dialogs/quickimpl/qml/+Fusion/ColorInputs.qml\n./venv/lib/python3.12/site-packages/PyQt6/Qt6/qml/QtQuick/Dialogs/quickimpl/qml/+Fusion/FileDialog.qml\n./venv/lib/python3.12/site-packages/PyQt6/Qt6/qml/QtQuick/Dialogs/quickimpl/qml/+Fusion/FileDialogDelegate.qml\n./venv/lib/python3.12/site-packages/PyQt6/Qt6/qml/QtQuick/Dialogs/quickimpl/qml/+Fusion/FolderBreadcrumbBar.qml\n./venv/lib/python3.12/site-packages/PyQt6/Qt6/qml/QtQuick/Dialogs/quickimpl/qml/+Fusion/FolderDialog.qml\n./venv/lib/python3.12/site-packages/PyQt6/Qt6/qml/QtQuick/Dialogs/quickimpl/qml/+Fusion/FolderDialogDelegate.qml\n./venv/lib/python3.12/site-packages/PyQt6/Qt6/qml/QtQuick/Dialogs/quickimpl/qml/+Fusion/FontDialog.qml\n./venv/lib/python3.12/site-packages/PyQt6/Qt6/qml/QtQuick/Dialogs/quickimpl/qml/+Fusion/MessageDialog.qml\n./venv/lib/python3.12/site-packages/PyQt6/Qt6/qml/QtQuick/Dialogs/quickimpl/qml/+Fusion/SideBar.qml\n./venv/lib/python3.12/site-packages/PyQt6/Qt6/qml/QtQuick/Dialogs/quickimpl/qml/+Universal/ColorDialog.qml\n./venv/lib/python3.12/site-packages/PyQt6/Qt6/qml/QtQuick/Dialogs/quickimpl/qml/+Universal/ColorInputs.qml\n./venv/lib/python3.12/site-packages/PyQt6/Qt6/qml/QtQuick/Dialogs/quickimpl/qml/+Universal/FileDialog.qml\n./venv/lib/python3.12/site-packages/PyQt6/Qt6/qml/QtQuick/Dialogs/quickimpl/qml/+Universal/FileDialogDelegate.qml\n./venv/lib/python3.12/site-packages/PyQt6/Qt6/qml/QtQuick/Dialogs/quickimpl/qml/+Universal/FolderBreadcrumbBar.qml\n./venv/lib/python3.12/site-packages/PyQt6/Qt6/qml/QtQuick/Dialogs/quickimpl/qml/+Universal/FolderDialog.qml\n./venv/lib/python3.12/site-packages/PyQt6/Qt6/qml/QtQuick/Dialogs/quickimpl/qml/+Universal/FolderDialogDelegate.qml\n./venv/lib/python3.12/site-packages/PyQt6/Qt6/qml/QtQuick/Dialogs/quickimpl/qml/+Universal/FontDialog.qml\n./venv/lib/python3.12/site-packages/PyQt6/Qt6/qml/QtQuick/Dialogs/quickimpl/qml/+Universal/MessageDialog.qml\n./venv/lib/python3.12/site-packages/PyQt6/Qt6/qml/QtQuick/Dialogs/quickimpl/qml/+Universal/SideBar.qml\n./venv/lib/python3.12/site-packages/PyQt6/Qt6/qml/QtQuick/Dialogs/quickimpl/qml/+Material/ColorDialog.qml\n./venv/lib/python3.12/site-packages/PyQt6/Qt6/qml/QtQuick/Dialogs/quickimpl/qml/+Material/ColorInputs.qml\n./venv/lib/python3.12/site-packages/PyQt6/Qt6/qml/QtQuick/Dialogs/quickimpl/qml/+Material/FileDialog.qml\n./venv/lib/python3.12/site-packages/PyQt6/Qt6/qml/QtQuick/Dialogs/quickimpl/qml/+Material/FileDialogDelegate.qml\n./venv/lib/python3.12/site-packages/PyQt6/Qt6/qml/QtQuick/Dialogs/quickimpl/qml/+Material/FolderBreadcrumbBar.qml\n./venv/lib/python3.12/site-packages/PyQt6/Qt6/qml/QtQuick/Dialogs/quickimpl/qml/+Material/FolderDialog.qml\n./venv/lib/python3.12/site-packages/PyQt6/Qt6/qml/QtQuick/Dialogs/quickimpl/qml/+Material/FolderDialogDelegate.qml\n./venv/lib/python3.12/site-packages/PyQt6/Qt6/qml/QtQuick/Dialogs/quickimpl/qml/+Material/FontDialog.qml\n./venv/lib/python3.12/site-packages/PyQt6/Qt6/qml/QtQuick/Dialogs/quickimpl/qml/+Material/MessageDialog.qml\n./venv/lib/python3.12/site-packages/PyQt6/Qt6/qml/QtQuick/Dialogs/quickimpl/qml/+Material/SideBar.qml\n./venv/lib/python3.12/site-packages/PyQt6/Qt6/qml/QtQuick/Scene3D/libqtquickscene3dplugin.dylib\n./venv/lib/python3.12/site-packages/PyQt6/Qt6/qml/QtQuick/Scene3D/plugins.qmltypes\n./venv/lib/python3.12/site-packages/PyQt6/Qt6/qml/QtQuick/Scene3D/qmldir\n./venv/lib/python3.12/site-packages/PyQt6/Qt6/qml/QtQuick/Effects/libeffectsplugin.dylib\n./venv/lib/python3.12/site-packages/PyQt6/Qt6/qml/QtQuick/Effects/plugins.qmltypes\n./venv/lib/python3.12/site-packages/PyQt6/Qt6/qml/QtQuick/Effects/qmldir\n./venv/lib/python3.12/site-packages/PyQt6/Qt6/qml/QtQuick/Timeline/libqtquicktimelineplugin.dylib\n./venv/lib/python3.12/site-packages/PyQt6/Qt6/qml/QtQuick/Timeline/plugins.qmltypes\n./venv/lib/python3.12/site-packages/PyQt6/Qt6/qml/QtQuick/Timeline/qmldir\n./venv/lib/python3.12/site-packages/PyQt6/Qt6/qml/QtQuick/Timeline/BlendTrees/libqtquicktimelineblendtreesplugin.dylib\n./venv/lib/python3.12/site-packages/PyQt6/Qt6/qml/QtQuick/Timeline/BlendTrees/plugins.qmltypes\n./venv/lib/python3.12/site-packages/PyQt6/Qt6/qml/QtQuick/Timeline/BlendTrees/qmldir\n./venv/lib/python3.12/site-packages/PyQt6/Qt6/qml/QtQuick/NativeStyle/libqtquickcontrols2nativestyleplugin.dylib\n./venv/lib/python3.12/site-packages/PyQt6/Qt6/qml/QtQuick/NativeStyle/plugins.qmltypes\n./venv/lib/python3.12/site-packages/PyQt6/Qt6/qml/QtQuick/NativeStyle/qmldir\n./venv/lib/python3.12/site-packages/PyQt6/Qt6/qml/QtQuick/NativeStyle/util/MacFocusFrame.qml\n./venv/lib/python3.12/site-packages/PyQt6/Qt6/qml/QtQuick/NativeStyle/util/qmldir\n./venv/lib/python3.12/site-packages/PyQt6/Qt6/qml/QtQuick/NativeStyle/controls/DefaultButton.qml\n./venv/lib/python3.12/site-packages/PyQt6/Qt6/qml/QtQuick/NativeStyle/controls/DefaultCheckBox.qml\n./venv/lib/python3.12/site-packages/PyQt6/Qt6/qml/QtQuick/NativeStyle/controls/DefaultComboBox.qml\n./venv/lib/python3.12/site-packages/PyQt6/Qt6/qml/QtQuick/NativeStyle/controls/DefaultDial.qml\n./venv/lib/python3.12/site-packages/PyQt6/Qt6/qml/QtQuick/NativeStyle/controls/DefaultFrame.qml\n./venv/lib/python3.12/site-packages/PyQt6/Qt6/qml/QtQuick/NativeStyle/controls/DefaultGroupBox.qml\n./venv/lib/python3.12/site-packages/PyQt6/Qt6/qml/QtQuick/NativeStyle/controls/DefaultItemDelegate.qml\n./venv/lib/python3.12/site-packages/PyQt6/Qt6/qml/QtQuick/NativeStyle/controls/DefaultItemDelegateIconLabel.qml\n./venv/lib/python3.12/site-packages/PyQt6/Qt6/qml/QtQuick/NativeStyle/controls/DefaultProgressBar.qml\n./venv/lib/python3.12/site-packages/PyQt6/Qt6/qml/QtQuick/NativeStyle/controls/DefaultRadioButton.qml\n./venv/lib/python3.12/site-packages/PyQt6/Qt6/qml/QtQuick/NativeStyle/controls/DefaultRadioDelegate.qml\n./venv/lib/python3.12/site-packages/PyQt6/Qt6/qml/QtQuick/NativeStyle/controls/DefaultScrollBar.qml\n./venv/lib/python3.12/site-packages/PyQt6/Qt6/qml/QtQuick/NativeStyle/controls/DefaultSearchField.qml\n./venv/lib/python3.12/site-packages/PyQt6/Qt6/qml/QtQuick/NativeStyle/controls/DefaultSlider.qml\n./venv/lib/python3.12/site-packages/PyQt6/Qt6/qml/QtQuick/NativeStyle/controls/DefaultSpinBox.qml\n./venv/lib/python3.12/site-packages/PyQt6/Qt6/qml/QtQuick/NativeStyle/controls/DefaultTextArea.qml\n./venv/lib/python3.12/site-packages/PyQt6/Qt6/qml/QtQuick/NativeStyle/controls/DefaultTextField.qml\n./venv/lib/python3.12/site-packages/PyQt6/Qt6/qml/QtQuick/NativeStyle/controls/DefaultTreeViewDelegate.qml\n./venv/lib/python3.12/site-packages/PyQt6/Qt6/qml/QtQuick/NativeStyle/controls/qmldir\n./venv/lib/python3.12/site-packages/PyQt6/Qt6/qml/QtWebChannel/libwebchannelquickplugin.dylib\n./venv/lib/python3.12/site-packages/PyQt6/Qt6/qml/QtWebChannel/plugins.qmltypes\n./venv/lib/python3.12/site-packages/PyQt6/Qt6/qml/QtWebChannel/qmldir\n./venv/lib/python3.12/site-packages/PyQt6/Qt6/qml/QtMultimedia/Video.qml\n./venv/lib/python3.12/site-packages/PyQt6/Qt6/qml/QtMultimedia/libquickmultimediaplugin.dylib\n./venv/lib/python3.12/site-packages/PyQt6/Qt6/qml/QtMultimedia/plugins.qmltypes\n./venv/lib/python3.12/site-packages/PyQt6/Qt6/qml/QtMultimedia/qmldir\n./venv/lib/python3.12/site-packages/PyQt6/Qt6/qml/QtPositioning/libpositioningquickplugin.dylib\n./venv/lib/python3.12/site-packages/PyQt6/Qt6/qml/QtPositioning/plugins.qmltypes\n./venv/lib/python3.12/site-packages/PyQt6/Qt6/qml/QtPositioning/qmldir\n./venv/lib/python3.12/site-packages/PyQt6/Qt6/qml/QtTextToSpeech/libtexttospeechqmlplugin.dylib\n./venv/lib/python3.12/site-packages/PyQt6/Qt6/qml/QtTextToSpeech/plugins.qmltypes\n./venv/lib/python3.12/site-packages/PyQt6/Qt6/qml/QtTextToSpeech/qmldir\n./venv/lib/python3.12/site-packages/PyQt6/Qt6/qml/QtCore/libqtqmlcoreplugin.dylib\n./venv/lib/python3.12/site-packages/PyQt6/Qt6/qml/QtCore/plugins.qmltypes\n./venv/lib/python3.12/site-packages/PyQt6/Qt6/qml/QtCore/qmldir\n./venv/lib/python3.12/site-packages/PyQt6/Qt6/qml/QtTest/SignalSpy.qml\n./venv/lib/python3.12/site-packages/PyQt6/Qt6/qml/QtTest/TestCase.qml\n./venv/lib/python3.12/site-packages/PyQt6/Qt6/qml/QtTest/TestSchedule.qml\n./venv/lib/python3.12/site-packages/PyQt6/Qt6/qml/QtTest/libquicktestplugin.dylib\n./venv/lib/python3.12/site-packages/PyQt6/Qt6/qml/QtTest/plugins.qmltypes\n./venv/lib/python3.12/site-packages/PyQt6/Qt6/qml/QtTest/qmldir\n./venv/lib/python3.12/site-packages/PyQt6/Qt6/qml/QtTest/testlogger.js\n./venv/lib/python3.12/site-packages/PyQt6/Qt6/plugins/renderers/libopenglrenderer.dylib\n./venv/lib/python3.12/site-packages/PyQt6/Qt6/plugins/renderers/librhirenderer.dylib\n./venv/lib/python3.12/site-packages/PyQt6/Qt6/plugins/sensors/libqtsensors_generic.dylib\n./venv/lib/python3.12/site-packages/PyQt6/Qt6/plugins/sceneparsers/libassimpsceneimport.dylib\n./venv/lib/python3.12/site-packages/PyQt6/Qt6/plugins/sceneparsers/libgltfsceneexport.dylib\n./venv/lib/python3.12/site-packages/PyQt6/Qt6/plugins/sceneparsers/libgltfsceneimport.dylib\n./venv/lib/python3.12/site-packages/PyQt6/Qt6/plugins/platforms/libqcocoa.dylib\n./venv/lib/python3.12/site-packages/PyQt6/Qt6/plugins/platforms/libqminimal.dylib\n./venv/lib/python3.12/site-packages/PyQt6/Qt6/plugins/platforms/libqoffscreen.dylib\n./venv/lib/python3.12/site-packages/PyQt6/Qt6/plugins/assetimporters/libassimp.dylib\n./venv/lib/python3.12/site-packages/PyQt6/Qt6/plugins/position/libqtposition_cl.dylib\n./venv/lib/python3.12/site-packages/PyQt6/Qt6/plugins/position/libqtposition_nmea.dylib\n./venv/lib/python3.12/site-packages/PyQt6/Qt6/plugins/position/libqtposition_positionpoll.dylib\n./venv/lib/python3.12/site-packages/PyQt6/Qt6/plugins/webview/libqtwebview_darwin.dylib\n./venv/lib/python3.12/site-packages/PyQt6/Qt6/plugins/webview/libqtwebview_webengine.dylib\n./venv/lib/python3.12/site-packages/PyQt6/Qt6/plugins/geometryloaders/libdefaultgeometryloader.dylib\n./venv/lib/python3.12/site-packages/PyQt6/Qt6/plugins/geometryloaders/libgltfgeometryloader.dylib\n./venv/lib/python3.12/site-packages/PyQt6/Qt6/plugins/permissions/libqdarwinbluetoothpermission.a\n./venv/lib/python3.12/site-packages/PyQt6/Qt6/plugins/permissions/libqdarwinbluetoothpermission.prl\n./venv/lib/python3.12/site-packages/PyQt6/Qt6/plugins/permissions/libqdarwincalendarpermission.a\n./venv/lib/python3.12/site-packages/PyQt6/Qt6/plugins/permissions/libqdarwincalendarpermission.prl\n./venv/lib/python3.12/site-packages/PyQt6/Qt6/plugins/permissions/libqdarwincamerapermission.a\n./venv/lib/python3.12/site-packages/PyQt6/Qt6/plugins/permissions/libqdarwincamerapermission.prl\n./venv/lib/python3.12/site-packages/PyQt6/Qt6/plugins/permissions/libqdarwincontactspermission.a\n./venv/lib/python3.12/site-packages/PyQt6/Qt6/plugins/permissions/libqdarwincontactspermission.prl\n./venv/lib/python3.12/site-packages/PyQt6/Qt6/plugins/permissions/libqdarwinlocationpermission.a\n./venv/lib/python3.12/site-packages/PyQt6/Qt6/plugins/permissions/libqdarwinlocationpermission.prl\n./venv/lib/python3.12/site-packages/PyQt6/Qt6/plugins/permissions/libqdarwinmicrophonepermission.a\n./venv/lib/python3.12/site-packages/PyQt6/Qt6/plugins/permissions/libqdarwinmicrophonepermission.prl\n./venv/lib/python3.12/site-packages/PyQt6/Qt6/plugins/permissions/objects-RelWithDebInfo/QDarwinCalendarPermissionPlugin_init/QDarwinCalendarPermissionPlugin_init.cpp.o\n./venv/lib/python3.12/site-packages/PyQt6/Qt6/plugins/permissions/objects-RelWithDebInfo/QDarwinLocationPermissionPlugin_init/QDarwinLocationPermissionPlugin_init.cpp.o\n./venv/lib/python3.12/site-packages/PyQt6/Qt6/plugins/permissions/objects-RelWithDebInfo/QDarwinCameraPermissionPlugin_init/QDarwinCameraPermissionPlugin_init.cpp.o\n./venv/lib/python3.12/site-packages/PyQt6/Qt6/plugins/permissions/objects-RelWithDebInfo/QDarwinMicrophonePermissionPlugin_init/QDarwinMicrophonePermissionPlugin_init.cpp.o\n./venv/lib/python3.12/site-packages/PyQt6/Qt6/plugins/permissions/objects-RelWithDebInfo/QDarwinContactsPermissionPlugin_init/QDarwinContactsPermissionPlugin_init.cpp.o\n./venv/lib/python3.12/site-packages/PyQt6/Qt6/plugins/permissions/objects-RelWithDebInfo/QDarwinBluetoothPermissionPlugin_init/QDarwinBluetoothPermissionPlugin_init.cpp.o\n./venv/lib/python3.12/site-packages/PyQt6/Qt6/plugins/scxmldatamodel/libqscxmlecmascriptdatamodel.dylib\n./venv/lib/python3.12/site-packages/PyQt6/Qt6/plugins/styles/libqmacstyle.dylib\n./venv/lib/python3.12/site-packages/PyQt6/Qt6/plugins/tls/libqcertonlybackend.dylib\n./venv/lib/python3.12/site-packages/PyQt6/Qt6/plugins/tls/libqopensslbackend.dylib\n./venv/lib/python3.12/site-packages/PyQt6/Qt6/plugins/tls/libqsecuretransportbackend.dylib\n./venv/lib/python3.12/site-packages/PyQt6/Qt6/plugins/iconengines/libqsvgicon.dylib\n./venv/lib/python3.12/site-packages/PyQt6/Qt6/plugins/sqldrivers/libqsqlite.dylib\n./venv/lib/python3.12/site-packages/PyQt6/Qt6/plugins/sqldrivers/libqsqlmimer.dylib\n./venv/lib/python3.12/site-packages/PyQt6/Qt6/plugins/sqldrivers/libqsqlodbc.dylib\n./venv/lib/python3.12/site-packages/PyQt6/Qt6/plugins/sqldrivers/libqsqlpsql.dylib\n./venv/lib/python3.12/site-packages/PyQt6/Qt6/plugins/multimedia/libdarwinmediaplugin.dylib\n./venv/lib/python3.12/site-packages/PyQt6/Qt6/plugins/multimedia/libffmpegmediaplugin.dylib\n./venv/lib/python3.12/site-packages/PyQt6/Qt6/plugins/imageformats/libqgif.dylib\n./venv/lib/python3.12/site-packages/PyQt6/Qt6/plugins/imageformats/libqicns.dylib\n./venv/lib/python3.12/site-packages/PyQt6/Qt6/plugins/imageformats/libqico.dylib\n./venv/lib/python3.12/site-packages/PyQt6/Qt6/plugins/imageformats/libqjpeg.dylib\n./venv/lib/python3.12/site-packages/PyQt6/Qt6/plugins/imageformats/libqmacheif.dylib\n./venv/lib/python3.12/site-packages/PyQt6/Qt6/plugins/imageformats/libqmacjp2.dylib\n./venv/lib/python3.12/site-packages/PyQt6/Qt6/plugins/imageformats/libqpdf.dylib\n./venv/lib/python3.12/site-packages/PyQt6/Qt6/plugins/imageformats/libqsvg.dylib\n./venv/lib/python3.12/site-packages/PyQt6/Qt6/plugins/imageformats/libqtga.dylib\n./venv/lib/python3.12/site-packages/PyQt6/Qt6/plugins/imageformats/libqtiff.dylib\n./venv/lib/python3.12/site-packages/PyQt6/Qt6/plugins/imageformats/libqwbmp.dylib\n./venv/lib/python3.12/site-packages/PyQt6/Qt6/plugins/imageformats/libqwebp.dylib\n./venv/lib/python3.12/site-packages/PyQt6/Qt6/plugins/qmllint/libqdslintplugin.dylib\n./venv/lib/python3.12/site-packages/PyQt6/Qt6/plugins/qmllint/libquicklintplugin.dylib\n./venv/lib/python3.12/site-packages/PyQt6/Qt6/plugins/qmlls/libqmllsquickplugin.dylib\n./venv/lib/python3.12/site-packages/PyQt6/Qt6/plugins/texttospeech/libqtexttospeech_mock.dylib\n./venv/lib/python3.12/site-packages/PyQt6/Qt6/plugins/texttospeech/libqtexttospeech_speechdarwin.dylib\n./venv/lib/python3.12/site-packages/PyQt6/Qt6/plugins/generic/libqtuiotouchplugin.dylib\n./venv/lib/python3.12/site-packages/PyQt6/Qt6/plugins/renderplugins/libscene2d.dylib\n./venv/lib/python3.12/site-packages/PyQt6/Qt6/plugins/help/libhelpplugin.dylib\n./venv/lib/python3.12/site-packages/PyQt6/Qt6/plugins/networkinformation/libqapplenetworkinformation.dylib\n./venv/lib/python3.12/site-packages/PyQt6/Qt6/lib/libavcodec.61.dylib\n./venv/lib/python3.12/site-packages/PyQt6/Qt6/lib/libavformat.61.dylib\n./venv/lib/python3.12/site-packages/PyQt6/Qt6/lib/libavutil.59.dylib\n./venv/lib/python3.12/site-packages/PyQt6/Qt6/lib/libswresample.5.dylib\n./venv/lib/python3.12/site-packages/PyQt6/Qt6/lib/libswscale.8.dylib\n./venv/lib/python3.12/site-packages/PyQt6/Qt6/lib/QtMultimediaQuick.framework/Resources/Info.plist\n./venv/lib/python3.12/site-packages/PyQt6/Qt6/lib/QtMultimediaQuick.framework/Resources/PrivacyInfo.xcprivacy\n./venv/lib/python3.12/site-packages/PyQt6/Qt6/lib/QtMultimediaQuick.framework/Versions/A/QtMultimediaQuick\n./venv/lib/python3.12/site-packages/PyQt6/Qt6/lib/QtLabsPlatform.framework/Resources/Info.plist\n./venv/lib/python3.12/site-packages/PyQt6/Qt6/lib/QtLabsPlatform.framework/Resources/PrivacyInfo.xcprivacy\n./venv/lib/python3.12/site-packages/PyQt6/Qt6/lib/QtLabsPlatform.framework/Versions/A/QtLabsPlatform\n./venv/lib/python3.12/site-packages/PyQt6/Qt6/lib/QtQuickTimeline.framework/Resources/Info.plist\n./venv/lib/python3.12/site-packages/PyQt6/Qt6/lib/QtQuickTimeline.framework/Resources/PrivacyInfo.xcprivacy\n./venv/lib/python3.12/site-packages/PyQt6/Qt6/lib/QtQuickTimeline.framework/Versions/A/QtQuickTimeline\n./venv/lib/python3.12/site-packages/PyQt6/Qt6/lib/QtQuick3DXr.framework/Resources/Info.plist\n./venv/lib/python3.12/site-packages/PyQt6/Qt6/lib/QtQuick3DXr.framework/Resources/PrivacyInfo.xcprivacy\n./venv/lib/python3.12/site-packages/PyQt6/Qt6/lib/QtQuick3DXr.framework/Versions/A/QtQuick3DXr\n./venv/lib/python3.12/site-packages/PyQt6/Qt6/lib/QtQuickControls2.framework/Resources/Info.plist\n./venv/lib/python3.12/site-packages/PyQt6/Qt6/lib/QtQuickControls2.framework/Resources/PrivacyInfo.xcprivacy\n./venv/lib/python3.12/site-packages/PyQt6/Qt6/lib/QtQuickControls2.framework/Versions/A/QtQuickControls2\n./venv/lib/python3.12/site-packages/PyQt6/Qt6/lib/QtQuickParticles.framework/Resources/Info.plist\n./venv/lib/python3.12/site-packages/PyQt6/Qt6/lib/QtQuickParticles.framework/Resources/PrivacyInfo.xcprivacy\n./venv/lib/python3.12/site-packages/PyQt6/Qt6/lib/QtQuickParticles.framework/Versions/A/QtQuickParticles\n./venv/lib/python3.12/site-packages/PyQt6/Qt6/lib/QtRemoteObjects.framework/Resources/Info.plist\n./venv/lib/python3.12/site-packages/PyQt6/Qt6/lib/QtRemoteObjects.framework/Resources/PrivacyInfo.xcprivacy\n./venv/lib/python3.12/site-packages/PyQt6/Qt6/lib/QtRemoteObjects.framework/Versions/A/QtRemoteObjects\n./venv/lib/python3.12/site-packages/PyQt6/Qt6/lib/QtPdfWidgets.framework/Resources/Info.plist\n./venv/lib/python3.12/site-packages/PyQt6/Qt6/lib/QtPdfWidgets.framework/Resources/PrivacyInfo.xcprivacy\n./venv/lib/python3.12/site-packages/PyQt6/Qt6/lib/QtPdfWidgets.framework/Versions/A/QtPdfWidgets\n./venv/lib/python3.12/site-packages/PyQt6/Qt6/lib/QtQuickControls2ImagineStyleImpl.framework/Resources/Info.plist\n./venv/lib/python3.12/site-packages/PyQt6/Qt6/lib/QtQuickControls2ImagineStyleImpl.framework/Resources/PrivacyInfo.xcprivacy\n./venv/lib/python3.12/site-packages/PyQt6/Qt6/lib/QtQuickControls2ImagineStyleImpl.framework/Versions/A/QtQuickControls2ImagineStyleImpl\n./venv/lib/python3.12/site-packages/PyQt6/Qt6/lib/QtQuick3DAssetUtils.framework/Resources/Info.plist\n./venv/lib/python3.12/site-packages/PyQt6/Qt6/lib/QtQuick3DAssetUtils.framework/Resources/PrivacyInfo.xcprivacy\n./venv/lib/python3.12/site-packages/PyQt6/Qt6/lib/QtQuick3DAssetUtils.framework/Versions/A/QtQuick3DAssetUtils\n./venv/lib/python3.12/site-packages/PyQt6/Qt6/lib/QtQuickControls2BasicStyleImpl.framework/Resources/Info.plist\n./venv/lib/python3.12/site-packages/PyQt6/Qt6/lib/QtQuickControls2BasicStyleImpl.framework/Resources/PrivacyInfo.xcprivacy\n./venv/lib/python3.12/site-packages/PyQt6/Qt6/lib/QtQuickControls2BasicStyleImpl.framework/Versions/A/QtQuickControls2BasicStyleImpl\n./venv/lib/python3.12/site-packages/PyQt6/Qt6/lib/QtLabsSharedImage.framework/Resources/Info.plist\n./venv/lib/python3.12/site-packages/PyQt6/Qt6/lib/QtLabsSharedImage.framework/Resources/PrivacyInfo.xcprivacy\n./venv/lib/python3.12/site-packages/PyQt6/Qt6/lib/QtLabsSharedImage.framework/Versions/A/QtLabsSharedImage\n./venv/lib/python3.12/site-packages/PyQt6/Qt6/lib/QtQmlMeta.framework/Resources/Info.plist\n./venv/lib/python3.12/site-packages/PyQt6/Qt6/lib/QtQmlMeta.framework/Resources/PrivacyInfo.xcprivacy\n./venv/lib/python3.12/site-packages/PyQt6/Qt6/lib/QtQmlMeta.framework/Versions/A/QtQmlMeta\n./venv/lib/python3.12/site-packages/PyQt6/Qt6/lib/QtDesigner.framework/Resources/Info.plist\n./venv/lib/python3.12/site-packages/PyQt6/Qt6/lib/QtDesigner.framework/Resources/PrivacyInfo.xcprivacy\n./venv/lib/python3.12/site-packages/PyQt6/Qt6/lib/QtDesigner.framework/Versions/A/QtDesigner\n./venv/lib/python3.12/site-packages/PyQt6/Qt6/lib/QtNfc.framework/Resources/Info.plist\n./venv/lib/python3.12/site-packages/PyQt6/Qt6/lib/QtNfc.framework/Resources/PrivacyInfo.xcprivacy\n./venv/lib/python3.12/site-packages/PyQt6/Qt6/lib/QtNfc.framework/Versions/A/QtNfc\n./venv/lib/python3.12/site-packages/PyQt6/Qt6/lib/QtQuickControls2FusionStyleImpl.framework/Resources/Info.plist\n./venv/lib/python3.12/site-packages/PyQt6/Qt6/lib/QtQuickControls2FusionStyleImpl.framework/Resources/PrivacyInfo.xcprivacy\n./venv/lib/python3.12/site-packages/PyQt6/Qt6/lib/QtQuickControls2FusionStyleImpl.framework/Versions/A/QtQuickControls2FusionStyleImpl\n./venv/lib/python3.12/site-packages/PyQt6/Qt6/lib/QtQuick3DAssetImport.framework/Resources/Info.plist\n./venv/lib/python3.12/site-packages/PyQt6/Qt6/lib/QtQuick3DAssetImport.framework/Resources/PrivacyInfo.xcprivacy\n./venv/lib/python3.12/site-packages/PyQt6/Qt6/lib/QtQuick3DAssetImport.framework/Versions/A/QtQuick3DAssetImport\n./venv/lib/python3.12/site-packages/PyQt6/Qt6/lib/QtQuickWidgets.framework/Resources/Info.plist\n./venv/lib/python3.12/site-packages/PyQt6/Qt6/lib/QtQuickWidgets.framework/Resources/PrivacyInfo.xcprivacy\n./venv/lib/python3.12/site-packages/PyQt6/Qt6/lib/QtQuickWidgets.framework/Versions/A/QtQuickWidgets\n./venv/lib/python3.12/site-packages/PyQt6/Qt6/lib/QtQuickControls2Material.framework/Resources/Info.plist\n./venv/lib/python3.12/site-packages/PyQt6/Qt6/lib/QtQuickControls2Material.framework/Resources/PrivacyInfo.xcprivacy\n./venv/lib/python3.12/site-packages/PyQt6/Qt6/lib/QtQuickControls2Material.framework/Versions/A/QtQuickControls2Material\n./venv/lib/python3.12/site-packages/PyQt6/Qt6/lib/QtShaderTools.framework/Resources/Info.plist\n./venv/lib/python3.12/site-packages/PyQt6/Qt6/lib/QtShaderTools.framework/Resources/PrivacyInfo.xcprivacy\n./venv/lib/python3.12/site-packages/PyQt6/Qt6/lib/QtShaderTools.framework/Versions/A/QtShaderTools\n./venv/lib/python3.12/site-packages/PyQt6/Qt6/lib/QtPdf.framework/Resources/Info.plist\n./venv/lib/python3.12/site-packages/PyQt6/Qt6/lib/QtPdf.framework/Resources/PrivacyInfo.xcprivacy\n./venv/lib/python3.12/site-packages/PyQt6/Qt6/lib/QtPdf.framework/Versions/A/QtPdf\n./venv/lib/python3.12/site-packages/PyQt6/Qt6/lib/QtSpatialAudio.framework/Resources/Info.plist\n./venv/lib/python3.12/site-packages/PyQt6/Qt6/lib/QtSpatialAudio.framework/Resources/PrivacyInfo.xcprivacy\n./venv/lib/python3.12/site-packages/PyQt6/Qt6/lib/QtSpatialAudio.framework/Versions/A/QtSpatialAudio\n./venv/lib/python3.12/site-packages/PyQt6/Qt6/lib/QtQuickLayouts.framework/Resources/Info.plist\n./venv/lib/python3.12/site-packages/PyQt6/Qt6/lib/QtQuickLayouts.framework/Resources/PrivacyInfo.xcprivacy\n./venv/lib/python3.12/site-packages/PyQt6/Qt6/lib/QtQuickLayouts.framework/Versions/A/QtQuickLayouts\n./venv/lib/python3.12/site-packages/PyQt6/Qt6/lib/QtQuickControls2Basic.framework/Resources/Info.plist\n./venv/lib/python3.12/site-packages/PyQt6/Qt6/lib/QtQuickControls2Basic.framework/Resources/PrivacyInfo.xcprivacy\n./venv/lib/python3.12/site-packages/PyQt6/Qt6/lib/QtQuickControls2Basic.framework/Versions/A/QtQuickControls2Basic\n./venv/lib/python3.12/site-packages/PyQt6/Qt6/lib/QtQuick3DRuntimeRender.framework/Resources/Info.plist\n./venv/lib/python3.12/site-packages/PyQt6/Qt6/lib/QtQuick3DRuntimeRender.framework/Resources/PrivacyInfo.xcprivacy\n./venv/lib/python3.12/site-packages/PyQt6/Qt6/lib/QtQuick3DRuntimeRender.framework/Versions/A/QtQuick3DRuntimeRender\n./venv/lib/python3.12/site-packages/PyQt6/Qt6/lib/QtHelp.framework/Resources/Info.plist\n./venv/lib/python3.12/site-packages/PyQt6/Qt6/lib/QtHelp.framework/Resources/PrivacyInfo.xcprivacy\n./venv/lib/python3.12/site-packages/PyQt6/Qt6/lib/QtHelp.framework/Versions/A/QtHelp\n./venv/lib/python3.12/site-packages/PyQt6/Qt6/lib/QtQuickVectorImage.framework/Resources/Info.plist\n./venv/lib/python3.12/site-packages/PyQt6/Qt6/lib/QtQuickVectorImage.framework/Resources/PrivacyInfo.xcprivacy\n./venv/lib/python3.12/site-packages/PyQt6/Qt6/lib/QtQuickVectorImage.framework/Versions/A/QtQuickVectorImage\n./venv/lib/python3.12/site-packages/PyQt6/Qt6/lib/QtPrintSupport.framework/Resources/Info.plist\n./venv/lib/python3.12/site-packages/PyQt6/Qt6/lib/QtPrintSupport.framework/Resources/PrivacyInfo.xcprivacy\n./venv/lib/python3.12/site-packages/PyQt6/Qt6/lib/QtPrintSupport.framework/Versions/A/QtPrintSupport\n./venv/lib/python3.12/site-packages/PyQt6/Qt6/lib/QtGui.framework/Resources/Info.plist\n./venv/lib/python3.12/site-packages/PyQt6/Qt6/lib/QtGui.framework/Resources/PrivacyInfo.xcprivacy\n./venv/lib/python3.12/site-packages/PyQt6/Qt6/lib/QtGui.framework/Versions/A/QtGui\n./venv/lib/python3.12/site-packages/PyQt6/Qt6/lib/QtDBus.framework/Resources/Info.plist\n./venv/lib/python3.12/site-packages/PyQt6/Qt6/lib/QtDBus.framework/Resources/PrivacyInfo.xcprivacy\n./venv/lib/python3.12/site-packages/PyQt6/Qt6/lib/QtDBus.framework/Versions/A/QtDBus\n./venv/lib/python3.12/site-packages/PyQt6/Qt6/lib/QtWebSockets.framework/Resources/Info.plist\n./venv/lib/python3.12/site-packages/PyQt6/Qt6/lib/QtWebSockets.framework/Resources/PrivacyInfo.xcprivacy\n./venv/lib/python3.12/site-packages/PyQt6/Qt6/lib/QtWebSockets.framework/Versions/A/QtWebSockets\n./venv/lib/python3.12/site-packages/PyQt6/Qt6/lib/QtQuickControls2Fusion.framework/Resources/Info.plist\n./venv/lib/python3.12/site-packages/PyQt6/Qt6/lib/QtQuickControls2Fusion.framework/Resources/PrivacyInfo.xcprivacy\n./venv/lib/python3.12/site-packages/PyQt6/Qt6/lib/QtQuickControls2Fusion.framework/Versions/A/QtQuickControls2Fusion\n./venv/lib/python3.12/site-packages/PyQt6/Qt6/lib/QtQuick3DUtils.framework/Resources/Info.plist\n./venv/lib/python3.12/site-packages/PyQt6/Qt6/lib/QtQuick3DUtils.framework/Resources/PrivacyInfo.xcprivacy\n./venv/lib/python3.12/site-packages/PyQt6/Qt6/lib/QtQuick3DUtils.framework/Versions/A/QtQuick3DUtils\n./venv/lib/python3.12/site-packages/PyQt6/Qt6/lib/QtQuickTemplates2.framework/Resources/Info.plist\n./venv/lib/python3.12/site-packages/PyQt6/Qt6/lib/QtQuickTemplates2.framework/Resources/PrivacyInfo.xcprivacy\n./venv/lib/python3.12/site-packages/PyQt6/Qt6/lib/QtQuickTemplates2.framework/Versions/A/QtQuickTemplates2\n./venv/lib/python3.12/site-packages/PyQt6/Qt6/lib/QtPositioningQuick.framework/Resources/Info.plist\n./venv/lib/python3.12/site-packages/PyQt6/Qt6/lib/QtPositioningQuick.framework/Resources/PrivacyInfo.xcprivacy\n./venv/lib/python3.12/site-packages/PyQt6/Qt6/lib/QtPositioningQuick.framework/Versions/A/QtPositioningQuick\n./venv/lib/python3.12/site-packages/PyQt6/Qt6/lib/QtQuickDialogs2Utils.framework/Resources/Info.plist\n./venv/lib/python3.12/site-packages/PyQt6/Qt6/lib/QtQuickDialogs2Utils.framework/Resources/PrivacyInfo.xcprivacy\n./venv/lib/python3.12/site-packages/PyQt6/Qt6/lib/QtQuickDialogs2Utils.framework/Versions/A/QtQuickDialogs2Utils\n./venv/lib/python3.12/site-packages/PyQt6/Qt6/lib/QtXml.framework/Resources/Info.plist\n./venv/lib/python3.12/site-packages/PyQt6/Qt6/lib/QtXml.framework/Resources/PrivacyInfo.xcprivacy\n./venv/lib/python3.12/site-packages/PyQt6/Qt6/lib/QtXml.framework/Versions/A/QtXml\n./venv/lib/python3.12/site-packages/PyQt6/Qt6/lib/QtQuick3DParticles.framework/Resources/Info.plist\n./venv/lib/python3.12/site-packages/PyQt6/Qt6/lib/QtQuick3DParticles.framework/Resources/PrivacyInfo.xcprivacy\n./venv/lib/python3.12/site-packages/PyQt6/Qt6/lib/QtQuick3DParticles.framework/Versions/A/QtQuick3DParticles\n./venv/lib/python3.12/site-packages/PyQt6/Qt6/lib/QtSerialPort.framework/Resources/Info.plist\n./venv/lib/python3.12/site-packages/PyQt6/Qt6/lib/QtSerialPort.framework/Resources/PrivacyInfo.xcprivacy\n./venv/lib/python3.12/site-packages/PyQt6/Qt6/lib/QtSerialPort.framework/Versions/A/QtSerialPort\n./venv/lib/python3.12/site-packages/PyQt6/Qt6/lib/QtQuick.framework/Resources/Info.plist\n./venv/lib/python3.12/site-packages/PyQt6/Qt6/lib/QtQuick.framework/Resources/PrivacyInfo.xcprivacy\n./venv/lib/python3.12/site-packages/PyQt6/Qt6/lib/QtQuick.framework/Versions/A/QtQuick\n./venv/lib/python3.12/site-packages/PyQt6/Qt6/lib/QtQuickEffects.framework/Resources/Info.plist\n./venv/lib/python3.12/site-packages/PyQt6/Qt6/lib/QtQuickEffects.framework/Resources/PrivacyInfo.xcprivacy\n./venv/lib/python3.12/site-packages/PyQt6/Qt6/lib/QtQuickEffects.framework/Versions/A/QtQuickEffects\n./venv/lib/python3.12/site-packages/PyQt6/Qt6/lib/QtQuickTimelineBlendTrees.framework/Resources/Info.plist\n./venv/lib/python3.12/site-packages/PyQt6/Qt6/lib/QtQuickTimelineBlendTrees.framework/Resources/PrivacyInfo.xcprivacy\n./venv/lib/python3.12/site-packages/PyQt6/Qt6/lib/QtQuickTimelineBlendTrees.framework/Versions/A/QtQuickTimelineBlendTrees\n./venv/lib/python3.12/site-packages/PyQt6/Qt6/lib/QtCore.framework/Resources/Info.plist\n./venv/lib/python3.12/site-packages/PyQt6/Qt6/lib/QtCore.framework/Resources/PrivacyInfo.xcprivacy\n./venv/lib/python3.12/site-packages/PyQt6/Qt6/lib/QtCore.framework/Versions/A/QtCore\n./venv/lib/python3.12/site-packages/PyQt6/Qt6/lib/QtQuickDialogs2QuickImpl.framework/Resources/Info.plist\n./venv/lib/python3.12/site-packages/PyQt6/Qt6/lib/QtQuickDialogs2QuickImpl.framework/Resources/PrivacyInfo.xcprivacy\n./venv/lib/python3.12/site-packages/PyQt6/Qt6/lib/QtQuickDialogs2QuickImpl.framework/Versions/A/QtQuickDialogs2QuickImpl\n./venv/lib/python3.12/site-packages/PyQt6/Qt6/lib/QtQuick3DGlslParser.framework/Resources/Info.plist\n./venv/lib/python3.12/site-packages/PyQt6/Qt6/lib/QtQuick3DGlslParser.framework/Resources/PrivacyInfo.xcprivacy\n./venv/lib/python3.12/site-packages/PyQt6/Qt6/lib/QtQuick3DGlslParser.framework/Versions/A/QtQuick3DGlslParser\n./venv/lib/python3.12/site-packages/PyQt6/Qt6/lib/QtSensorsQuick.framework/Resources/Info.plist\n./venv/lib/python3.12/site-packages/PyQt6/Qt6/lib/QtSensorsQuick.framework/Resources/PrivacyInfo.xcprivacy\n./venv/lib/python3.12/site-packages/PyQt6/Qt6/lib/QtSensorsQuick.framework/Versions/A/QtSensorsQuick\n./venv/lib/python3.12/site-packages/PyQt6/Qt6/lib/QtQml.framework/Resources/Info.plist\n./venv/lib/python3.12/site-packages/PyQt6/Qt6/lib/QtQml.framework/Resources/PrivacyInfo.xcprivacy\n./venv/lib/python3.12/site-packages/PyQt6/Qt6/lib/QtQml.framework/Versions/A/QtQml\n./venv/lib/python3.12/site-packages/PyQt6/Qt6/lib/QtWebChannel.framework/Resources/Info.plist\n./venv/lib/python3.12/site-packages/PyQt6/Qt6/lib/QtWebChannel.framework/Resources/PrivacyInfo.xcprivacy\n./venv/lib/python3.12/site-packages/PyQt6/Qt6/lib/QtWebChannel.framework/Versions/A/QtWebChannel\n./venv/lib/python3.12/site-packages/PyQt6/Qt6/lib/QtQuickVectorImageGenerator.framework/Resources/Info.plist\n./venv/lib/python3.12/site-packages/PyQt6/Qt6/lib/QtQuickVectorImageGenerator.framework/Resources/PrivacyInfo.xcprivacy\n./venv/lib/python3.12/site-packages/PyQt6/Qt6/lib/QtQuickVectorImageGenerator.framework/Versions/A/QtQuickVectorImageGenerator\n./venv/lib/python3.12/site-packages/PyQt6/Qt6/lib/QtMultimedia.framework/Resources/Info.plist\n./venv/lib/python3.12/site-packages/PyQt6/Qt6/lib/QtMultimedia.framework/Resources/PrivacyInfo.xcprivacy\n./venv/lib/python3.12/site-packages/PyQt6/Qt6/lib/QtMultimedia.framework/Versions/A/QtMultimedia\n./venv/lib/python3.12/site-packages/PyQt6/Qt6/lib/QtQmlWorkerScript.framework/Resources/Info.plist\n./venv/lib/python3.12/site-packages/PyQt6/Qt6/lib/QtQmlWorkerScript.framework/Resources/PrivacyInfo.xcprivacy\n./venv/lib/python3.12/site-packages/PyQt6/Qt6/lib/QtQmlWorkerScript.framework/Versions/A/QtQmlWorkerScript\n./venv/lib/python3.12/site-packages/PyQt6/Qt6/lib/QtStateMachine.framework/Resources/Info.plist\n./venv/lib/python3.12/site-packages/PyQt6/Qt6/lib/QtStateMachine.framework/Resources/PrivacyInfo.xcprivacy\n./venv/lib/python3.12/site-packages/PyQt6/Qt6/lib/QtStateMachine.framework/Versions/A/QtStateMachine\n./venv/lib/python3.12/site-packages/PyQt6/Qt6/lib/QtQuickControls2Impl.framework/Resources/Info.plist\n./venv/lib/python3.12/site-packages/PyQt6/Qt6/lib/QtQuickControls2Impl.framework/Resources/PrivacyInfo.xcprivacy\n./venv/lib/python3.12/site-packages/PyQt6/Qt6/lib/QtQuickControls2Impl.framework/Versions/A/QtQuickControls2Impl\n./venv/lib/python3.12/site-packages/PyQt6/Qt6/lib/QtOpenGL.framework/Resources/Info.plist\n./venv/lib/python3.12/site-packages/PyQt6/Qt6/lib/QtOpenGL.framework/Resources/PrivacyInfo.xcprivacy\n./venv/lib/python3.12/site-packages/PyQt6/Qt6/lib/QtOpenGL.framework/Versions/A/QtOpenGL\n./venv/lib/python3.12/site-packages/PyQt6/Qt6/lib/QtQuick3DPhysicsHelpers.framework/Resources/Info.plist\n./venv/lib/python3.12/site-packages/PyQt6/Qt6/lib/QtQuick3DPhysicsHelpers.framework/Resources/PrivacyInfo.xcprivacy\n./venv/lib/python3.12/site-packages/PyQt6/Qt6/lib/QtQuick3DPhysicsHelpers.framework/Versions/A/QtQuick3DPhysicsHelpers\n./venv/lib/python3.12/site-packages/PyQt6/Qt6/lib/QtLabsQmlModels.framework/Resources/Info.plist\n./venv/lib/python3.12/site-packages/PyQt6/Qt6/lib/QtLabsQmlModels.framework/Resources/PrivacyInfo.xcprivacy\n./venv/lib/python3.12/site-packages/PyQt6/Qt6/lib/QtLabsQmlModels.framework/Versions/A/QtLabsQmlModels\n./venv/lib/python3.12/site-packages/PyQt6/Qt6/lib/QtQuickControls2Universal.framework/Resources/Info.plist\n./venv/lib/python3.12/site-packages/PyQt6/Qt6/lib/QtQuickControls2Universal.framework/Resources/PrivacyInfo.xcprivacy\n./venv/lib/python3.12/site-packages/PyQt6/Qt6/lib/QtQuickControls2Universal.framework/Versions/A/QtQuickControls2Universal\n./venv/lib/python3.12/site-packages/PyQt6/Qt6/lib/QtOpenGLWidgets.framework/Resources/Info.plist\n./venv/lib/python3.12/site-packages/PyQt6/Qt6/lib/QtOpenGLWidgets.framework/Resources/PrivacyInfo.xcprivacy\n./venv/lib/python3.12/site-packages/PyQt6/Qt6/lib/QtOpenGLWidgets.framework/Versions/A/QtOpenGLWidgets\n./venv/lib/python3.12/site-packages/PyQt6/Qt6/lib/QtLabsSettings.framework/Resources/Info.plist\n./venv/lib/python3.12/site-packages/PyQt6/Qt6/lib/QtLabsSettings.framework/Resources/PrivacyInfo.xcprivacy\n./venv/lib/python3.12/site-packages/PyQt6/Qt6/lib/QtLabsSettings.framework/Versions/A/QtLabsSettings\n./venv/lib/python3.12/site-packages/PyQt6/Qt6/lib/QtSvgWidgets.framework/Resources/Info.plist\n./venv/lib/python3.12/site-packages/PyQt6/Qt6/lib/QtSvgWidgets.framework/Resources/PrivacyInfo.xcprivacy\n./venv/lib/python3.12/site-packages/PyQt6/Qt6/lib/QtSvgWidgets.framework/Versions/A/QtSvgWidgets\n./venv/lib/python3.12/site-packages/PyQt6/Qt6/lib/QtQuickControls2MacOSStyleImpl.framework/Resources/Info.plist\n./venv/lib/python3.12/site-packages/PyQt6/Qt6/lib/QtQuickControls2MacOSStyleImpl.framework/Resources/PrivacyInfo.xcprivacy\n./venv/lib/python3.12/site-packages/PyQt6/Qt6/lib/QtQuickControls2MacOSStyleImpl.framework/Versions/A/QtQuickControls2MacOSStyleImpl\n./venv/lib/python3.12/site-packages/PyQt6/Qt6/lib/QtQuickControls2MaterialStyleImpl.framework/Resources/Info.plist\n./venv/lib/python3.12/site-packages/PyQt6/Qt6/lib/QtQuickControls2MaterialStyleImpl.framework/Resources/PrivacyInfo.xcprivacy\n./venv/lib/python3.12/site-packages/PyQt6/Qt6/lib/QtQuickControls2MaterialStyleImpl.framework/Versions/A/QtQuickControls2MaterialStyleImpl\n./venv/lib/python3.12/site-packages/PyQt6/Qt6/lib/QtTest.framework/Resources/Info.plist\n./venv/lib/python3.12/site-packages/PyQt6/Qt6/lib/QtTest.framework/Resources/PrivacyInfo.xcprivacy\n./venv/lib/python3.12/site-packages/PyQt6/Qt6/lib/QtTest.framework/Versions/A/QtTest\n./venv/lib/python3.12/site-packages/PyQt6/Qt6/lib/QtWidgets.framework/Resources/Info.plist\n./venv/lib/python3.12/site-packages/PyQt6/Qt6/lib/QtWidgets.framework/Resources/PrivacyInfo.xcprivacy\n./venv/lib/python3.12/site-packages/PyQt6/Qt6/lib/QtWidgets.framework/Versions/A/QtWidgets\n./venv/lib/python3.12/site-packages/PyQt6/Qt6/lib/QtPositioning.framework/Resources/Info.plist\n./venv/lib/python3.12/site-packages/PyQt6/Qt6/lib/QtPositioning.framework/Resources/PrivacyInfo.xcprivacy\n./venv/lib/python3.12/site-packages/PyQt6/Qt6/lib/QtPositioning.framework/Versions/A/QtPositioning\n./venv/lib/python3.12/site-packages/PyQt6/Qt6/lib/QtBluetooth.framework/Resources/Info.plist\n./venv/lib/python3.12/site-packages/PyQt6/Qt6/lib/QtBluetooth.framework/Resources/PrivacyInfo.xcprivacy\n./venv/lib/python3.12/site-packages/PyQt6/Qt6/lib/QtBluetooth.framework/Versions/A/QtBluetooth\n./venv/lib/python3.12/site-packages/PyQt6/Qt6/lib/QtQuick3D.framework/Resources/Info.plist\n./venv/lib/python3.12/site-packages/PyQt6/Qt6/lib/QtQuick3D.framework/Resources/PrivacyInfo.xcprivacy\n./venv/lib/python3.12/site-packages/PyQt6/Qt6/lib/QtQuick3D.framework/Versions/A/QtQuick3D\n./venv/lib/python3.12/site-packages/PyQt6/Qt6/lib/QtQuick3DHelpersImpl.framework/Resources/Info.plist\n./venv/lib/python3.12/site-packages/PyQt6/Qt6/lib/QtQuick3DHelpersImpl.framework/Resources/PrivacyInfo.xcprivacy\n./venv/lib/python3.12/site-packages/PyQt6/Qt6/lib/QtQuick3DHelpersImpl.framework/Versions/A/QtQuick3DHelpersImpl\n./venv/lib/python3.12/site-packages/PyQt6/Qt6/lib/QtQuickShapes.framework/Resources/Info.plist\n./venv/lib/python3.12/site-packages/PyQt6/Qt6/lib/QtQuickShapes.framework/Resources/PrivacyInfo.xcprivacy\n./venv/lib/python3.12/site-packages/PyQt6/Qt6/lib/QtQuickShapes.framework/Versions/A/QtQuickShapes\n./venv/lib/python3.12/site-packages/PyQt6/Qt6/lib/QtQuickTest.framework/Resources/Info.plist\n./venv/lib/python3.12/site-packages/PyQt6/Qt6/lib/QtQuickTest.framework/Resources/PrivacyInfo.xcprivacy\n./venv/lib/python3.12/site-packages/PyQt6/Qt6/lib/QtQuickTest.framework/Versions/A/QtQuickTest\n./venv/lib/python3.12/site-packages/PyQt6/Qt6/lib/QtNetwork.framework/Resources/Info.plist\n./venv/lib/python3.12/site-packages/PyQt6/Qt6/lib/QtNetwork.framework/Resources/PrivacyInfo.xcprivacy\n./venv/lib/python3.12/site-packages/PyQt6/Qt6/lib/QtNetwork.framework/Versions/A/QtNetwork\n./venv/lib/python3.12/site-packages/PyQt6/Qt6/lib/QtQuickControls2UniversalStyleImpl.framework/Resources/Info.plist\n./venv/lib/python3.12/site-packages/PyQt6/Qt6/lib/QtQuickControls2UniversalStyleImpl.framework/Resources/PrivacyInfo.xcprivacy\n./venv/lib/python3.12/site-packages/PyQt6/Qt6/lib/QtQuickControls2UniversalStyleImpl.framework/Versions/A/QtQuickControls2UniversalStyleImpl\n./venv/lib/python3.12/site-packages/PyQt6/Qt6/lib/QtQuick3DSpatialAudio.framework/Resources/Info.plist\n./venv/lib/python3.12/site-packages/PyQt6/Qt6/lib/QtQuick3DSpatialAudio.framework/Resources/PrivacyInfo.xcprivacy\n./venv/lib/python3.12/site-packages/PyQt6/Qt6/lib/QtQuick3DSpatialAudio.framework/Versions/A/QtQuick3DSpatialAudio\n./venv/lib/python3.12/site-packages/PyQt6/Qt6/lib/QtSvg.framework/Resources/Info.plist\n./venv/lib/python3.12/site-packages/PyQt6/Qt6/lib/QtSvg.framework/Resources/PrivacyInfo.xcprivacy\n./venv/lib/python3.12/site-packages/PyQt6/Qt6/lib/QtSvg.framework/Versions/A/QtSvg\n./venv/lib/python3.12/site-packages/PyQt6/Qt6/lib/QtQuickControls2IOSStyleImpl.framework/Resources/Info.plist\n./venv/lib/python3.12/site-packages/PyQt6/Qt6/lib/QtQuickControls2IOSStyleImpl.framework/Resources/PrivacyInfo.xcprivacy\n./venv/lib/python3.12/site-packages/PyQt6/Qt6/lib/QtQuickControls2IOSStyleImpl.framework/Versions/A/QtQuickControls2IOSStyleImpl\n./venv/lib/python3.12/site-packages/PyQt6/Qt6/lib/QtQuick3DIblBaker.framework/Resources/Info.plist\n./venv/lib/python3.12/site-packages/PyQt6/Qt6/lib/QtQuick3DIblBaker.framework/Resources/PrivacyInfo.xcprivacy\n./venv/lib/python3.12/site-packages/PyQt6/Qt6/lib/QtQuick3DIblBaker.framework/Versions/A/QtQuick3DIblBaker\n./venv/lib/python3.12/site-packages/PyQt6/Qt6/lib/QtQuickControls2Imagine.framework/Resources/Info.plist\n./venv/lib/python3.12/site-packages/PyQt6/Qt6/lib/QtQuickControls2Imagine.framework/Resources/PrivacyInfo.xcprivacy\n./venv/lib/python3.12/site-packages/PyQt6/Qt6/lib/QtQuickControls2Imagine.framework/Versions/A/QtQuickControls2Imagine\n./venv/lib/python3.12/site-packages/PyQt6/Qt6/lib/QtQuick3DEffects.framework/Resources/Info.plist\n./venv/lib/python3.12/site-packages/PyQt6/Qt6/lib/QtQuick3DEffects.framework/Resources/PrivacyInfo.xcprivacy\n./venv/lib/python3.12/site-packages/PyQt6/Qt6/lib/QtQuick3DEffects.framework/Versions/A/QtQuick3DEffects\n./venv/lib/python3.12/site-packages/PyQt6/Qt6/lib/QtMultimediaWidgets.framework/Resources/Info.plist\n./venv/lib/python3.12/site-packages/PyQt6/Qt6/lib/QtMultimediaWidgets.framework/Resources/PrivacyInfo.xcprivacy\n./venv/lib/python3.12/site-packages/PyQt6/Qt6/lib/QtMultimediaWidgets.framework/Versions/A/QtMultimediaWidgets\n./venv/lib/python3.12/site-packages/PyQt6/Qt6/lib/QtWebChannelQuick.framework/Resources/Info.plist\n./venv/lib/python3.12/site-packages/PyQt6/Qt6/lib/QtWebChannelQuick.framework/Resources/PrivacyInfo.xcprivacy\n./venv/lib/python3.12/site-packages/PyQt6/Qt6/lib/QtWebChannelQuick.framework/Versions/A/QtWebChannelQuick\n./venv/lib/python3.12/site-packages/PyQt6/Qt6/lib/QtQmlModels.framework/Resources/Info.plist\n./venv/lib/python3.12/site-packages/PyQt6/Qt6/lib/QtQmlModels.framework/Resources/PrivacyInfo.xcprivacy\n./venv/lib/python3.12/site-packages/PyQt6/Qt6/lib/QtQmlModels.framework/Versions/A/QtQmlModels\n./venv/lib/python3.12/site-packages/PyQt6/Qt6/lib/QtLabsAnimation.framework/Resources/Info.plist\n./venv/lib/python3.12/site-packages/PyQt6/Qt6/lib/QtLabsAnimation.framework/Resources/PrivacyInfo.xcprivacy\n./venv/lib/python3.12/site-packages/PyQt6/Qt6/lib/QtLabsAnimation.framework/Versions/A/QtLabsAnimation\n./venv/lib/python3.12/site-packages/PyQt6/Qt6/lib/QtPdfQuick.framework/Resources/Info.plist\n./venv/lib/python3.12/site-packages/PyQt6/Qt6/lib/QtPdfQuick.framework/Resources/PrivacyInfo.xcprivacy\n./venv/lib/python3.12/site-packages/PyQt6/Qt6/lib/QtPdfQuick.framework/Versions/A/QtPdfQuick\n./venv/lib/python3.12/site-packages/PyQt6/Qt6/lib/QtLabsFolderListModel.framework/Resources/Info.plist\n./venv/lib/python3.12/site-packages/PyQt6/Qt6/lib/QtLabsFolderListModel.framework/Resources/PrivacyInfo.xcprivacy\n./venv/lib/python3.12/site-packages/PyQt6/Qt6/lib/QtLabsFolderListModel.framework/Versions/A/QtLabsFolderListModel\n./venv/lib/python3.12/site-packages/PyQt6/Qt6/lib/QtQuick3DPhysics.framework/Resources/Info.plist\n./venv/lib/python3.12/site-packages/PyQt6/Qt6/lib/QtQuick3DPhysics.framework/Resources/PrivacyInfo.xcprivacy\n./venv/lib/python3.12/site-packages/PyQt6/Qt6/lib/QtQuick3DPhysics.framework/Versions/A/QtQuick3DPhysics\n./venv/lib/python3.12/site-packages/PyQt6/Qt6/lib/QtRemoteObjectsQml.framework/Resources/Info.plist\n./venv/lib/python3.12/site-packages/PyQt6/Qt6/lib/QtRemoteObjectsQml.framework/Resources/PrivacyInfo.xcprivacy\n./venv/lib/python3.12/site-packages/PyQt6/Qt6/lib/QtRemoteObjectsQml.framework/Versions/A/QtRemoteObjectsQml\n./venv/lib/python3.12/site-packages/PyQt6/Qt6/lib/QtSensors.framework/Resources/Info.plist\n./venv/lib/python3.12/site-packages/PyQt6/Qt6/lib/QtSensors.framework/Resources/PrivacyInfo.xcprivacy\n./venv/lib/python3.12/site-packages/PyQt6/Qt6/lib/QtSensors.framework/Versions/A/QtSensors\n./venv/lib/python3.12/site-packages/PyQt6/Qt6/lib/QtQuick3DHelpers.framework/Resources/Info.plist\n./venv/lib/python3.12/site-packages/PyQt6/Qt6/lib/QtQuick3DHelpers.framework/Resources/PrivacyInfo.xcprivacy\n./venv/lib/python3.12/site-packages/PyQt6/Qt6/lib/QtQuick3DHelpers.framework/Versions/A/QtQuick3DHelpers\n./venv/lib/python3.12/site-packages/PyQt6/Qt6/lib/QtQuickDialogs2.framework/Resources/Info.plist\n./venv/lib/python3.12/site-packages/PyQt6/Qt6/lib/QtQuickDialogs2.framework/Resources/PrivacyInfo.xcprivacy\n./venv/lib/python3.12/site-packages/PyQt6/Qt6/lib/QtQuickDialogs2.framework/Versions/A/QtQuickDialogs2\n./venv/lib/python3.12/site-packages/PyQt6/Qt6/lib/QtLabsWavefrontMesh.framework/Resources/Info.plist\n./venv/lib/python3.12/site-packages/PyQt6/Qt6/lib/QtLabsWavefrontMesh.framework/Resources/PrivacyInfo.xcprivacy\n./venv/lib/python3.12/site-packages/PyQt6/Qt6/lib/QtLabsWavefrontMesh.framework/Versions/A/QtLabsWavefrontMesh\n./venv/lib/python3.12/site-packages/PyQt6/Qt6/lib/QtTextToSpeech.framework/Resources/Info.plist\n./venv/lib/python3.12/site-packages/PyQt6/Qt6/lib/QtTextToSpeech.framework/Resources/PrivacyInfo.xcprivacy\n./venv/lib/python3.12/site-packages/PyQt6/Qt6/lib/QtTextToSpeech.framework/Versions/A/QtTextToSpeech\n./venv/lib/python3.12/site-packages/PyQt6/Qt6/lib/QtStateMachineQml.framework/Resources/Info.plist\n./venv/lib/python3.12/site-packages/PyQt6/Qt6/lib/QtStateMachineQml.framework/Resources/PrivacyInfo.xcprivacy\n./venv/lib/python3.12/site-packages/PyQt6/Qt6/lib/QtStateMachineQml.framework/Versions/A/QtStateMachineQml\n./venv/lib/python3.12/site-packages/PyQt6/Qt6/lib/QtSql.framework/Resources/Info.plist\n./venv/lib/python3.12/site-packages/PyQt6/Qt6/lib/QtSql.framework/Resources/PrivacyInfo.xcprivacy\n./venv/lib/python3.12/site-packages/PyQt6/Qt6/lib/QtSql.framework/Versions/A/QtSql\n./venv/lib/python3.12/site-packages/PyQt6/Qt6/lib/QtConcurrent.framework/Resources/Info.plist\n./venv/lib/python3.12/site-packages/PyQt6/Qt6/lib/QtConcurrent.framework/Resources/PrivacyInfo.xcprivacy\n./venv/lib/python3.12/site-packages/PyQt6/Qt6/lib/QtConcurrent.framework/Versions/A/QtConcurrent\n./venv/lib/python3.12/site-packages/PyQt6/Qt6/qsci/api/python/PyQt6.api\n./venv/lib/python3.12/site-packages/PyQt6/Qt6/translations/qt_ar.qm\n./venv/lib/python3.12/site-packages/PyQt6/Qt6/translations/qt_bg.qm\n./venv/lib/python3.12/site-packages/PyQt6/Qt6/translations/qt_ca.qm\n./venv/lib/python3.12/site-packages/PyQt6/Qt6/translations/qt_cs.qm\n./venv/lib/python3.12/site-packages/PyQt6/Qt6/translations/qt_da.qm\n./venv/lib/python3.12/site-packages/PyQt6/Qt6/translations/qt_de.qm\n./venv/lib/python3.12/site-packages/PyQt6/Qt6/translations/qt_en.qm\n./venv/lib/python3.12/site-packages/PyQt6/Qt6/translations/qt_es.qm\n./venv/lib/python3.12/site-packages/PyQt6/Qt6/translations/qt_fa.qm\n./venv/lib/python3.12/site-packages/PyQt6/Qt6/translations/qt_fi.qm\n./venv/lib/python3.12/site-packages/PyQt6/Qt6/translations/qt_fr.qm\n./venv/lib/python3.12/site-packages/PyQt6/Qt6/translations/qt_gd.qm\n./venv/lib/python3.12/site-packages/PyQt6/Qt6/translations/qt_gl.qm\n./venv/lib/python3.12/site-packages/PyQt6/Qt6/translations/qt_he.qm\n./venv/lib/python3.12/site-packages/PyQt6/Qt6/translations/qt_help_ar.qm\n./venv/lib/python3.12/site-packages/PyQt6/Qt6/translations/qt_help_bg.qm\n./venv/lib/python3.12/site-packages/PyQt6/Qt6/translations/qt_help_ca.qm\n./venv/lib/python3.12/site-packages/PyQt6/Qt6/translations/qt_help_cs.qm\n./venv/lib/python3.12/site-packages/PyQt6/Qt6/translations/qt_help_da.qm\n./venv/lib/python3.12/site-packages/PyQt6/Qt6/translations/qt_help_de.qm\n./venv/lib/python3.12/site-packages/PyQt6/Qt6/translations/qt_help_en.qm\n./venv/lib/python3.12/site-packages/PyQt6/Qt6/translations/qt_help_es.qm\n./venv/lib/python3.12/site-packages/PyQt6/Qt6/translations/qt_help_fr.qm\n./venv/lib/python3.12/site-packages/PyQt6/Qt6/translations/qt_help_gl.qm\n./venv/lib/python3.12/site-packages/PyQt6/Qt6/translations/qt_help_hr.qm\n./venv/lib/python3.12/site-packages/PyQt6/Qt6/translations/qt_help_hu.qm\n./venv/lib/python3.12/site-packages/PyQt6/Qt6/translations/qt_help_it.qm\n./venv/lib/python3.12/site-packages/PyQt6/Qt6/translations/qt_help_ja.qm\n./venv/lib/python3.12/site-packages/PyQt6/Qt6/translations/qt_help_ka.qm\n./venv/lib/python3.12/site-packages/PyQt6/Qt6/translations/qt_help_ko.qm\n./venv/lib/python3.12/site-packages/PyQt6/Qt6/translations/qt_help_nl.qm\n./venv/lib/python3.12/site-packages/PyQt6/Qt6/translations/qt_help_nn.qm\n./venv/lib/python3.12/site-packages/PyQt6/Qt6/translations/qt_help_pl.qm\n./venv/lib/python3.12/site-packages/PyQt6/Qt6/translations/qt_help_pt_BR.qm\n./venv/lib/python3.12/site-packages/PyQt6/Qt6/translations/qt_help_ru.qm\n./venv/lib/python3.12/site-packages/PyQt6/Qt6/translations/qt_help_sk.qm\n./venv/lib/python3.12/site-packages/PyQt6/Qt6/translations/qt_help_sl.qm\n./venv/lib/python3.12/site-packages/PyQt6/Qt6/translations/qt_help_sv.qm\n./venv/lib/python3.12/site-packages/PyQt6/Qt6/translations/qt_help_tr.qm\n./venv/lib/python3.12/site-packages/PyQt6/Qt6/translations/qt_help_uk.qm\n./venv/lib/python3.12/site-packages/PyQt6/Qt6/translations/qt_help_zh_CN.qm\n./venv/lib/python3.12/site-packages/PyQt6/Qt6/translations/qt_help_zh_TW.qm\n./venv/lib/python3.12/site-packages/PyQt6/Qt6/translations/qt_hr.qm\n./venv/lib/python3.12/site-packages/PyQt6/Qt6/translations/qt_hu.qm\n./venv/lib/python3.12/site-packages/PyQt6/Qt6/translations/qt_it.qm\n./venv/lib/python3.12/site-packages/PyQt6/Qt6/translations/qt_ja.qm\n./venv/lib/python3.12/site-packages/PyQt6/Qt6/translations/qt_ka.qm\n./venv/lib/python3.12/site-packages/PyQt6/Qt6/translations/qt_ko.qm\n./venv/lib/python3.12/site-packages/PyQt6/Qt6/translations/qt_lg.qm\n./venv/lib/python3.12/site-packages/PyQt6/Qt6/translations/qt_lt.qm\n./venv/lib/python3.12/site-packages/PyQt6/Qt6/translations/qt_lv.qm\n./venv/lib/python3.12/site-packages/PyQt6/Qt6/translations/qt_nl.qm\n./venv/lib/python3.12/site-packages/PyQt6/Qt6/translations/qt_nn.qm\n./venv/lib/python3.12/site-packages/PyQt6/Qt6/translations/qt_pl.qm\n./venv/lib/python3.12/site-packages/PyQt6/Qt6/translations/qt_pt_BR.qm\n./venv/lib/python3.12/site-packages/PyQt6/Qt6/translations/qt_pt_PT.qm\n./venv/lib/python3.12/site-packages/PyQt6/Qt6/translations/qt_ru.qm\n./venv/lib/python3.12/site-packages/PyQt6/Qt6/translations/qt_sk.qm\n./venv/lib/python3.12/site-packages/PyQt6/Qt6/translations/qt_sl.qm\n./venv/lib/python3.12/site-packages/PyQt6/Qt6/translations/qt_sv.qm\n./venv/lib/python3.12/site-packages/PyQt6/Qt6/translations/qt_tr.qm\n./venv/lib/python3.12/site-packages/PyQt6/Qt6/translations/qt_uk.qm\n./venv/lib/python3.12/site-packages/PyQt6/Qt6/translations/qt_zh_CN.qm\n./venv/lib/python3.12/site-packages/PyQt6/Qt6/translations/qt_zh_TW.qm\n./venv/lib/python3.12/site-packages/PyQt6/Qt6/translations/qtbase_ar.qm\n./venv/lib/python3.12/site-packages/PyQt6/Qt6/translations/qtbase_bg.qm\n./venv/lib/python3.12/site-packages/PyQt6/Qt6/translations/qtbase_ca.qm\n./venv/lib/python3.12/site-packages/PyQt6/Qt6/translations/qtbase_cs.qm\n./venv/lib/python3.12/site-packages/PyQt6/Qt6/translations/qtbase_da.qm\n./venv/lib/python3.12/site-packages/PyQt6/Qt6/translations/qtbase_de.qm\n./venv/lib/python3.12/site-packages/PyQt6/Qt6/translations/qtbase_en.qm\n./venv/lib/python3.12/site-packages/PyQt6/Qt6/translations/qtbase_es.qm\n./venv/lib/python3.12/site-packages/PyQt6/Qt6/translations/qtbase_fa.qm\n./venv/lib/python3.12/site-packages/PyQt6/Qt6/translations/qtbase_fi.qm\n./venv/lib/python3.12/site-packages/PyQt6/Qt6/translations/qtbase_fr.qm\n./venv/lib/python3.12/site-packages/PyQt6/Qt6/translations/qtbase_gd.qm\n./venv/lib/python3.12/site-packages/PyQt6/Qt6/translations/qtbase_he.qm\n./venv/lib/python3.12/site-packages/PyQt6/Qt6/translations/qtbase_hr.qm\n./venv/lib/python3.12/site-packages/PyQt6/Qt6/translations/qtbase_hu.qm\n./venv/lib/python3.12/site-packages/PyQt6/Qt6/translations/qtbase_it.qm\n./venv/lib/python3.12/site-packages/PyQt6/Qt6/translations/qtbase_ja.qm\n./venv/lib/python3.12/site-packages/PyQt6/Qt6/translations/qtbase_ka.qm\n./venv/lib/python3.12/site-packages/PyQt6/Qt6/translations/qtbase_ko.qm\n./venv/lib/python3.12/site-packages/PyQt6/Qt6/translations/qtbase_lg.qm\n./venv/lib/python3.12/site-packages/PyQt6/Qt6/translations/qtbase_lv.qm\n./venv/lib/python3.12/site-packages/PyQt6/Qt6/translations/qtbase_nl.qm\n./venv/lib/python3.12/site-packages/PyQt6/Qt6/translations/qtbase_nn.qm\n./venv/lib/python3.12/site-packages/PyQt6/Qt6/translations/qtbase_pl.qm\n./venv/lib/python3.12/site-packages/PyQt6/Qt6/translations/qtbase_pt_BR.qm\n./venv/lib/python3.12/site-packages/PyQt6/Qt6/translations/qtbase_ru.qm\n./venv/lib/python3.12/site-packages/PyQt6/Qt6/translations/qtbase_sk.qm\n./venv/lib/python3.12/site-packages/PyQt6/Qt6/translations/qtbase_sv.qm\n./venv/lib/python3.12/site-packages/PyQt6/Qt6/translations/qtbase_tr.qm\n./venv/lib/python3.12/site-packages/PyQt6/Qt6/translations/qtbase_uk.qm\n./venv/lib/python3.12/site-packages/PyQt6/Qt6/translations/qtbase_zh_CN.qm\n./venv/lib/python3.12/site-packages/PyQt6/Qt6/translations/qtbase_zh_TW.qm\n./venv/lib/python3.12/site-packages/PyQt6/Qt6/translations/qtconnectivity_bg.qm\n./venv/lib/python3.12/site-packages/PyQt6/Qt6/translations/qtconnectivity_ca.qm\n./venv/lib/python3.12/site-packages/PyQt6/Qt6/translations/qtconnectivity_da.qm\n./venv/lib/python3.12/site-packages/PyQt6/Qt6/translations/qtconnectivity_de.qm\n./venv/lib/python3.12/site-packages/PyQt6/Qt6/translations/qtconnectivity_en.qm\n./venv/lib/python3.12/site-packages/PyQt6/Qt6/translations/qtconnectivity_es.qm\n./venv/lib/python3.12/site-packages/PyQt6/Qt6/translations/qtconnectivity_hr.qm\n./venv/lib/python3.12/site-packages/PyQt6/Qt6/translations/qtconnectivity_hu.qm\n./venv/lib/python3.12/site-packages/PyQt6/Qt6/translations/qtconnectivity_ka.qm\n./venv/lib/python3.12/site-packages/PyQt6/Qt6/translations/qtconnectivity_ko.qm\n./venv/lib/python3.12/site-packages/PyQt6/Qt6/translations/qtconnectivity_nl.qm\n./venv/lib/python3.12/site-packages/PyQt6/Qt6/translations/qtconnectivity_pl.qm\n./venv/lib/python3.12/site-packages/PyQt6/Qt6/translations/qtconnectivity_pt_BR.qm\n./venv/lib/python3.12/site-packages/PyQt6/Qt6/translations/qtconnectivity_ru.qm\n./venv/lib/python3.12/site-packages/PyQt6/Qt6/translations/qtconnectivity_sv.qm\n./venv/lib/python3.12/site-packages/PyQt6/Qt6/translations/qtconnectivity_tr.qm\n./venv/lib/python3.12/site-packages/PyQt6/Qt6/translations/qtconnectivity_uk.qm\n./venv/lib/python3.12/site-packages/PyQt6/Qt6/translations/qtconnectivity_zh_CN.qm\n./venv/lib/python3.12/site-packages/PyQt6/Qt6/translations/qtdeclarative_ar.qm\n./venv/lib/python3.12/site-packages/PyQt6/Qt6/translations/qtdeclarative_bg.qm\n./venv/lib/python3.12/site-packages/PyQt6/Qt6/translations/qtdeclarative_ca.qm\n./venv/lib/python3.12/site-packages/PyQt6/Qt6/translations/qtdeclarative_da.qm\n./venv/lib/python3.12/site-packages/PyQt6/Qt6/translations/qtdeclarative_de.qm\n./venv/lib/python3.12/site-packages/PyQt6/Qt6/translations/qtdeclarative_en.qm\n./venv/lib/python3.12/site-packages/PyQt6/Qt6/translations/qtdeclarative_es.qm\n./venv/lib/python3.12/site-packages/PyQt6/Qt6/translations/qtdeclarative_fa.qm\n./venv/lib/python3.12/site-packages/PyQt6/Qt6/translations/qtdeclarative_fi.qm\n./venv/lib/python3.12/site-packages/PyQt6/Qt6/translations/qtdeclarative_fr.qm\n./venv/lib/python3.12/site-packages/PyQt6/Qt6/translations/qtdeclarative_hr.qm\n./venv/lib/python3.12/site-packages/PyQt6/Qt6/translations/qtdeclarative_hu.qm\n./venv/lib/python3.12/site-packages/PyQt6/Qt6/translations/qtdeclarative_ja.qm\n./venv/lib/python3.12/site-packages/PyQt6/Qt6/translations/qtdeclarative_ka.qm\n./venv/lib/python3.12/site-packages/PyQt6/Qt6/translations/qtdeclarative_ko.qm\n./venv/lib/python3.12/site-packages/PyQt6/Qt6/translations/qtdeclarative_lv.qm\n./venv/lib/python3.12/site-packages/PyQt6/Qt6/translations/qtdeclarative_nl.qm\n./venv/lib/python3.12/site-packages/PyQt6/Qt6/translations/qtdeclarative_nn.qm\n./venv/lib/python3.12/site-packages/PyQt6/Qt6/translations/qtdeclarative_pl.qm\n./venv/lib/python3.12/site-packages/PyQt6/Qt6/translations/qtdeclarative_pt_BR.qm\n./venv/lib/python3.12/site-packages/PyQt6/Qt6/translations/qtdeclarative_ru.qm\n./venv/lib/python3.12/site-packages/PyQt6/Qt6/translations/qtdeclarative_sk.qm\n./venv/lib/python3.12/site-packages/PyQt6/Qt6/translations/qtdeclarative_sv.qm\n./venv/lib/python3.12/site-packages/PyQt6/Qt6/translations/qtdeclarative_tr.qm\n./venv/lib/python3.12/site-packages/PyQt6/Qt6/translations/qtdeclarative_uk.qm\n./venv/lib/python3.12/site-packages/PyQt6/Qt6/translations/qtdeclarative_zh_CN.qm\n./venv/lib/python3.12/site-packages/PyQt6/Qt6/translations/qtdeclarative_zh_TW.qm\n./venv/lib/python3.12/site-packages/PyQt6/Qt6/translations/qtlocation_bg.qm\n./venv/lib/python3.12/site-packages/PyQt6/Qt6/translations/qtlocation_ca.qm\n./venv/lib/python3.12/site-packages/PyQt6/Qt6/translations/qtlocation_da.qm\n./venv/lib/python3.12/site-packages/PyQt6/Qt6/translations/qtlocation_de.qm\n./venv/lib/python3.12/site-packages/PyQt6/Qt6/translations/qtlocation_en.qm\n./venv/lib/python3.12/site-packages/PyQt6/Qt6/translations/qtlocation_es.qm\n./venv/lib/python3.12/site-packages/PyQt6/Qt6/translations/qtlocation_fi.qm\n./venv/lib/python3.12/site-packages/PyQt6/Qt6/translations/qtlocation_fr.qm\n./venv/lib/python3.12/site-packages/PyQt6/Qt6/translations/qtlocation_hr.qm\n./venv/lib/python3.12/site-packages/PyQt6/Qt6/translations/qtlocation_hu.qm\n./venv/lib/python3.12/site-packages/PyQt6/Qt6/translations/qtlocation_ka.qm\n./venv/lib/python3.12/site-packages/PyQt6/Qt6/translations/qtlocation_ko.qm\n./venv/lib/python3.12/site-packages/PyQt6/Qt6/translations/qtlocation_nl.qm\n./venv/lib/python3.12/site-packages/PyQt6/Qt6/translations/qtlocation_pl.qm\n./venv/lib/python3.12/site-packages/PyQt6/Qt6/translations/qtlocation_pt_BR.qm\n./venv/lib/python3.12/site-packages/PyQt6/Qt6/translations/qtlocation_ru.qm\n./venv/lib/python3.12/site-packages/PyQt6/Qt6/translations/qtlocation_sv.qm\n./venv/lib/python3.12/site-packages/PyQt6/Qt6/translations/qtlocation_tr.qm\n./venv/lib/python3.12/site-packages/PyQt6/Qt6/translations/qtlocation_uk.qm\n./venv/lib/python3.12/site-packages/PyQt6/Qt6/translations/qtlocation_zh_CN.qm\n./venv/lib/python3.12/site-packages/PyQt6/Qt6/translations/qtmultimedia_ar.qm\n./venv/lib/python3.12/site-packages/PyQt6/Qt6/translations/qtmultimedia_bg.qm\n./venv/lib/python3.12/site-packages/PyQt6/Qt6/translations/qtmultimedia_ca.qm\n./venv/lib/python3.12/site-packages/PyQt6/Qt6/translations/qtmultimedia_cs.qm\n./venv/lib/python3.12/site-packages/PyQt6/Qt6/translations/qtmultimedia_da.qm\n./venv/lib/python3.12/site-packages/PyQt6/Qt6/translations/qtmultimedia_de.qm\n./venv/lib/python3.12/site-packages/PyQt6/Qt6/translations/qtmultimedia_en.qm\n./venv/lib/python3.12/site-packages/PyQt6/Qt6/translations/qtmultimedia_es.qm\n./venv/lib/python3.12/site-packages/PyQt6/Qt6/translations/qtmultimedia_fa.qm\n./venv/lib/python3.12/site-packages/PyQt6/Qt6/translations/qtmultimedia_fi.qm\n./venv/lib/python3.12/site-packages/PyQt6/Qt6/translations/qtmultimedia_fr.qm\n./venv/lib/python3.12/site-packages/PyQt6/Qt6/translations/qtmultimedia_hr.qm\n./venv/lib/python3.12/site-packages/PyQt6/Qt6/translations/qtmultimedia_hu.qm\n./venv/lib/python3.12/site-packages/PyQt6/Qt6/translations/qtmultimedia_it.qm\n./venv/lib/python3.12/site-packages/PyQt6/Qt6/translations/qtmultimedia_ja.qm\n./venv/lib/python3.12/site-packages/PyQt6/Qt6/translations/qtmultimedia_ka.qm\n./venv/lib/python3.12/site-packages/PyQt6/Qt6/translations/qtmultimedia_ko.qm\n./venv/lib/python3.12/site-packages/PyQt6/Qt6/translations/qtmultimedia_nl.qm\n./venv/lib/python3.12/site-packages/PyQt6/Qt6/translations/qtmultimedia_nn.qm\n./venv/lib/python3.12/site-packages/PyQt6/Qt6/translations/qtmultimedia_pl.qm\n./venv/lib/python3.12/site-packages/PyQt6/Qt6/translations/qtmultimedia_pt_BR.qm\n./venv/lib/python3.12/site-packages/PyQt6/Qt6/translations/qtmultimedia_ru.qm\n./venv/lib/python3.12/site-packages/PyQt6/Qt6/translations/qtmultimedia_sk.qm\n./venv/lib/python3.12/site-packages/PyQt6/Qt6/translations/qtmultimedia_sv.qm\n./venv/lib/python3.12/site-packages/PyQt6/Qt6/translations/qtmultimedia_tr.qm\n./venv/lib/python3.12/site-packages/PyQt6/Qt6/translations/qtmultimedia_uk.qm\n./venv/lib/python3.12/site-packages/PyQt6/Qt6/translations/qtmultimedia_zh_CN.qm\n./venv/lib/python3.12/site-packages/PyQt6/Qt6/translations/qtmultimedia_zh_TW.qm\n./venv/lib/python3.12/site-packages/PyQt6/Qt6/translations/qtserialport_de.qm\n./venv/lib/python3.12/site-packages/PyQt6/Qt6/translations/qtserialport_en.qm\n./venv/lib/python3.12/site-packages/PyQt6/Qt6/translations/qtserialport_es.qm\n./venv/lib/python3.12/site-packages/PyQt6/Qt6/translations/qtserialport_ja.qm\n./venv/lib/python3.12/site-packages/PyQt6/Qt6/translations/qtserialport_ka.qm\n./venv/lib/python3.12/site-packages/PyQt6/Qt6/translations/qtserialport_ko.qm\n./venv/lib/python3.12/site-packages/PyQt6/Qt6/translations/qtserialport_pl.qm\n./venv/lib/python3.12/site-packages/PyQt6/Qt6/translations/qtserialport_pt_BR.qm\n./venv/lib/python3.12/site-packages/PyQt6/Qt6/translations/qtserialport_ru.qm\n./venv/lib/python3.12/site-packages/PyQt6/Qt6/translations/qtserialport_sv.qm\n./venv/lib/python3.12/site-packages/PyQt6/Qt6/translations/qtserialport_tr.qm\n./venv/lib/python3.12/site-packages/PyQt6/Qt6/translations/qtserialport_uk.qm\n./venv/lib/python3.12/site-packages/PyQt6/Qt6/translations/qtserialport_zh_CN.qm\n./venv/lib/python3.12/site-packages/PyQt6/Qt6/translations/qtwebsockets_ca.qm\n./venv/lib/python3.12/site-packages/PyQt6/Qt6/translations/qtwebsockets_de.qm\n./venv/lib/python3.12/site-packages/PyQt6/Qt6/translations/qtwebsockets_en.qm\n./venv/lib/python3.12/site-packages/PyQt6/Qt6/translations/qtwebsockets_es.qm\n./venv/lib/python3.12/site-packages/PyQt6/Qt6/translations/qtwebsockets_fr.qm\n./venv/lib/python3.12/site-packages/PyQt6/Qt6/translations/qtwebsockets_ja.qm\n./venv/lib/python3.12/site-packages/PyQt6/Qt6/translations/qtwebsockets_ka.qm\n./venv/lib/python3.12/site-packages/PyQt6/Qt6/translations/qtwebsockets_ko.qm\n./venv/lib/python3.12/site-packages/PyQt6/Qt6/translations/qtwebsockets_pl.qm\n./venv/lib/python3.12/site-packages/PyQt6/Qt6/translations/qtwebsockets_pt_BR.qm\n./venv/lib/python3.12/site-packages/PyQt6/Qt6/translations/qtwebsockets_ru.qm\n./venv/lib/python3.12/site-packages/PyQt6/Qt6/translations/qtwebsockets_sv.qm\n./venv/lib/python3.12/site-packages/PyQt6/Qt6/translations/qtwebsockets_tr.qm\n./venv/lib/python3.12/site-packages/PyQt6/Qt6/translations/qtwebsockets_uk.qm\n./venv/lib/python3.12/site-packages/PyQt6/Qt6/translations/qtwebsockets_zh_CN.qm\n./venv/lib/python3.12/site-packages/PyQt6/bindings/QtWebSockets/QtWebSockets.toml\n./venv/lib/python3.12/site-packages/PyQt6/bindings/QtWebSockets/QtWebSocketsmod.sip\n./venv/lib/python3.12/site-packages/PyQt6/bindings/QtWebSockets/qmaskgenerator.sip\n./venv/lib/python3.12/site-packages/PyQt6/bindings/QtWebSockets/qwebsocket.sip\n./venv/lib/python3.12/site-packages/PyQt6/bindings/QtWebSockets/qwebsocketcorsauthenticator.sip\n./venv/lib/python3.12/site-packages/PyQt6/bindings/QtWebSockets/qwebsockethandshakeoptions.sip\n./venv/lib/python3.12/site-packages/PyQt6/bindings/QtWebSockets/qwebsocketprotocol.sip\n./venv/lib/python3.12/site-packages/PyQt6/bindings/QtWebSockets/qwebsocketserver.sip\n./venv/lib/python3.12/site-packages/PyQt6/bindings/QtPrintSupport/QtPrintSupport.toml\n./venv/lib/python3.12/site-packages/PyQt6/bindings/QtPrintSupport/QtPrintSupportmod.sip\n./venv/lib/python3.12/site-packages/PyQt6/bindings/QtPrintSupport/qabstractprintdialog.sip\n./venv/lib/python3.12/site-packages/PyQt6/bindings/QtPrintSupport/qpagesetupdialog.sip\n./venv/lib/python3.12/site-packages/PyQt6/bindings/QtPrintSupport/qprintdialog.sip\n./venv/lib/python3.12/site-packages/PyQt6/bindings/QtPrintSupport/qprintengine.sip\n./venv/lib/python3.12/site-packages/PyQt6/bindings/QtPrintSupport/qprinter.sip\n./venv/lib/python3.12/site-packages/PyQt6/bindings/QtPrintSupport/qprinterinfo.sip\n./venv/lib/python3.12/site-packages/PyQt6/bindings/QtPrintSupport/qprintpreviewdialog.sip\n./venv/lib/python3.12/site-packages/PyQt6/bindings/QtPrintSupport/qprintpreviewwidget.sip\n./venv/lib/python3.12/site-packages/PyQt6/bindings/QtPrintSupport/qpyprintsupport_qlist.sip\n./venv/lib/python3.12/site-packages/PyQt6/bindings/QtOpenGL/QtOpenGL.toml\n./venv/lib/python3.12/site-packages/PyQt6/bindings/QtOpenGL/QtOpenGLmod.sip\n./venv/lib/python3.12/site-packages/PyQt6/bindings/QtOpenGL/qopenglbuffer.sip\n./venv/lib/python3.12/site-packages/PyQt6/bindings/QtOpenGL/qopengldebug.sip\n./venv/lib/python3.12/site-packages/PyQt6/bindings/QtOpenGL/qopenglframebufferobject.sip\n./venv/lib/python3.12/site-packages/PyQt6/bindings/QtOpenGL/qopenglfunctions_2_0.sip\n./venv/lib/python3.12/site-packages/PyQt6/bindings/QtOpenGL/qopenglfunctions_2_1.sip\n./venv/lib/python3.12/site-packages/PyQt6/bindings/QtOpenGL/qopenglfunctions_4_1_core.sip\n./venv/lib/python3.12/site-packages/PyQt6/bindings/QtOpenGL/qopenglfunctions_es2.sip\n./venv/lib/python3.12/site-packages/PyQt6/bindings/QtOpenGL/qopenglpaintdevice.sip\n./venv/lib/python3.12/site-packages/PyQt6/bindings/QtOpenGL/qopenglpixeltransferoptions.sip\n./venv/lib/python3.12/site-packages/PyQt6/bindings/QtOpenGL/qopenglshaderprogram.sip\n./venv/lib/python3.12/site-packages/PyQt6/bindings/QtOpenGL/qopengltexture.sip\n./venv/lib/python3.12/site-packages/PyQt6/bindings/QtOpenGL/qopengltextureblitter.sip\n./venv/lib/python3.12/site-packages/PyQt6/bindings/QtOpenGL/qopengltimerquery.sip\n./venv/lib/python3.12/site-packages/PyQt6/bindings/QtOpenGL/qopenglversionfunctions.sip\n./venv/lib/python3.12/site-packages/PyQt6/bindings/QtOpenGL/qopenglversionfunctionsfactory.sip\n./venv/lib/python3.12/site-packages/PyQt6/bindings/QtOpenGL/qopenglversionprofile.sip\n./venv/lib/python3.12/site-packages/PyQt6/bindings/QtOpenGL/qopenglvertexarrayobject.sip\n./venv/lib/python3.12/site-packages/PyQt6/bindings/QtOpenGL/qopenglwindow.sip\n./venv/lib/python3.12/site-packages/PyQt6/bindings/QtOpenGL/qpyopengl_qlist.sip\n./venv/lib/python3.12/site-packages/PyQt6/bindings/QtOpenGL/qpyopengl_std_pair.sip\n./venv/lib/python3.12/site-packages/PyQt6/bindings/QtQml/QtQml.toml\n./venv/lib/python3.12/site-packages/PyQt6/bindings/QtQml/QtQmlmod.sip\n./venv/lib/python3.12/site-packages/PyQt6/bindings/QtQml/qjsengine.sip\n./venv/lib/python3.12/site-packages/PyQt6/bindings/QtQml/qjsmanagedvalue.sip\n./venv/lib/python3.12/site-packages/PyQt6/bindings/QtQml/qjsprimitivevalue.sip\n./venv/lib/python3.12/site-packages/PyQt6/bindings/QtQml/qjsvalue.sip\n./venv/lib/python3.12/site-packages/PyQt6/bindings/QtQml/qjsvalueiterator.sip\n./venv/lib/python3.12/site-packages/PyQt6/bindings/QtQml/qmlattachedpropertiesobject.sip\n./venv/lib/python3.12/site-packages/PyQt6/bindings/QtQml/qmlregistertype.sip\n./venv/lib/python3.12/site-packages/PyQt6/bindings/QtQml/qpyqmllistproperty.sip\n./venv/lib/python3.12/site-packages/PyQt6/bindings/QtQml/qqml.sip\n./venv/lib/python3.12/site-packages/PyQt6/bindings/QtQml/qqmlabstracturlinterceptor.sip\n./venv/lib/python3.12/site-packages/PyQt6/bindings/QtQml/qqmlapplicationengine.sip\n./venv/lib/python3.12/site-packages/PyQt6/bindings/QtQml/qqmlcomponent.sip\n./venv/lib/python3.12/site-packages/PyQt6/bindings/QtQml/qqmlcontext.sip\n./venv/lib/python3.12/site-packages/PyQt6/bindings/QtQml/qqmlengine.sip\n./venv/lib/python3.12/site-packages/PyQt6/bindings/QtQml/qqmlerror.sip\n./venv/lib/python3.12/site-packages/PyQt6/bindings/QtQml/qqmlexpression.sip\n./venv/lib/python3.12/site-packages/PyQt6/bindings/QtQml/qqmlextensionplugin.sip\n./venv/lib/python3.12/site-packages/PyQt6/bindings/QtQml/qqmlfileselector.sip\n./venv/lib/python3.12/site-packages/PyQt6/bindings/QtQml/qqmlincubator.sip\n./venv/lib/python3.12/site-packages/PyQt6/bindings/QtQml/qqmllist.sip\n./venv/lib/python3.12/site-packages/PyQt6/bindings/QtQml/qqmlnetworkaccessmanagerfactory.sip\n./venv/lib/python3.12/site-packages/PyQt6/bindings/QtQml/qqmlparserstatus.sip\n./venv/lib/python3.12/site-packages/PyQt6/bindings/QtQml/qqmlproperty.sip\n./venv/lib/python3.12/site-packages/PyQt6/bindings/QtQml/qqmlpropertymap.sip\n./venv/lib/python3.12/site-packages/PyQt6/bindings/QtQml/qqmlpropertyvaluesource.sip\n./venv/lib/python3.12/site-packages/PyQt6/bindings/QtQml/qqmlscriptstring.sip\n./venv/lib/python3.12/site-packages/PyQt6/bindings/QtBluetooth/QtBluetooth.toml\n./venv/lib/python3.12/site-packages/PyQt6/bindings/QtBluetooth/QtBluetoothmod.sip\n./venv/lib/python3.12/site-packages/PyQt6/bindings/QtBluetooth/qbluetooth.sip\n./venv/lib/python3.12/site-packages/PyQt6/bindings/QtBluetooth/qbluetoothaddress.sip\n./venv/lib/python3.12/site-packages/PyQt6/bindings/QtBluetooth/qbluetoothdevicediscoveryagent.sip\n./venv/lib/python3.12/site-packages/PyQt6/bindings/QtBluetooth/qbluetoothdeviceinfo.sip\n./venv/lib/python3.12/site-packages/PyQt6/bindings/QtBluetooth/qbluetoothhostinfo.sip\n./venv/lib/python3.12/site-packages/PyQt6/bindings/QtBluetooth/qbluetoothlocaldevice.sip\n./venv/lib/python3.12/site-packages/PyQt6/bindings/QtBluetooth/qbluetoothserver.sip\n./venv/lib/python3.12/site-packages/PyQt6/bindings/QtBluetooth/qbluetoothservicediscoveryagent.sip\n./venv/lib/python3.12/site-packages/PyQt6/bindings/QtBluetooth/qbluetoothserviceinfo.sip\n./venv/lib/python3.12/site-packages/PyQt6/bindings/QtBluetooth/qbluetoothsocket.sip\n./venv/lib/python3.12/site-packages/PyQt6/bindings/QtBluetooth/qbluetoothuuid.sip\n./venv/lib/python3.12/site-packages/PyQt6/bindings/QtBluetooth/qlowenergyadvertisingdata.sip\n./venv/lib/python3.12/site-packages/PyQt6/bindings/QtBluetooth/qlowenergyadvertisingparameters.sip\n./venv/lib/python3.12/site-packages/PyQt6/bindings/QtBluetooth/qlowenergycharacteristic.sip\n./venv/lib/python3.12/site-packages/PyQt6/bindings/QtBluetooth/qlowenergycharacteristicdata.sip\n./venv/lib/python3.12/site-packages/PyQt6/bindings/QtBluetooth/qlowenergyconnectionparameters.sip\n./venv/lib/python3.12/site-packages/PyQt6/bindings/QtBluetooth/qlowenergycontroller.sip\n./venv/lib/python3.12/site-packages/PyQt6/bindings/QtBluetooth/qlowenergydescriptor.sip\n./venv/lib/python3.12/site-packages/PyQt6/bindings/QtBluetooth/qlowenergydescriptordata.sip\n./venv/lib/python3.12/site-packages/PyQt6/bindings/QtBluetooth/qlowenergyservice.sip\n./venv/lib/python3.12/site-packages/PyQt6/bindings/QtBluetooth/qlowenergyservicedata.sip\n./venv/lib/python3.12/site-packages/PyQt6/bindings/QtBluetooth/qpybluetooth_qlist.sip\n./venv/lib/python3.12/site-packages/PyQt6/bindings/QtBluetooth/qpybluetooth_qmultihash.sip\n./venv/lib/python3.12/site-packages/PyQt6/bindings/QtBluetooth/qpybluetooth_quint128.sip\n./venv/lib/python3.12/site-packages/PyQt6/bindings/QtNetwork/QtNetwork.toml\n./venv/lib/python3.12/site-packages/PyQt6/bindings/QtNetwork/QtNetworkmod.sip\n./venv/lib/python3.12/site-packages/PyQt6/bindings/QtNetwork/qabstractnetworkcache.sip\n./venv/lib/python3.12/site-packages/PyQt6/bindings/QtNetwork/qabstractsocket.sip\n./venv/lib/python3.12/site-packages/PyQt6/bindings/QtNetwork/qauthenticator.sip\n./venv/lib/python3.12/site-packages/PyQt6/bindings/QtNetwork/qdnslookup.sip\n./venv/lib/python3.12/site-packages/PyQt6/bindings/QtNetwork/qformdatabuilder.sip\n./venv/lib/python3.12/site-packages/PyQt6/bindings/QtNetwork/qhostaddress.sip\n./venv/lib/python3.12/site-packages/PyQt6/bindings/QtNetwork/qhostinfo.sip\n./venv/lib/python3.12/site-packages/PyQt6/bindings/QtNetwork/qhstspolicy.sip\n./venv/lib/python3.12/site-packages/PyQt6/bindings/QtNetwork/qhttp1configuration.sip\n./venv/lib/python3.12/site-packages/PyQt6/bindings/QtNetwork/qhttp2configuration.sip\n./venv/lib/python3.12/site-packages/PyQt6/bindings/QtNetwork/qhttpheaders.sip\n./venv/lib/python3.12/site-packages/PyQt6/bindings/QtNetwork/qhttpmultipart.sip\n./venv/lib/python3.12/site-packages/PyQt6/bindings/QtNetwork/qlocalserver.sip\n./venv/lib/python3.12/site-packages/PyQt6/bindings/QtNetwork/qlocalsocket.sip\n./venv/lib/python3.12/site-packages/PyQt6/bindings/QtNetwork/qnetworkaccessmanager.sip\n./venv/lib/python3.12/site-packages/PyQt6/bindings/QtNetwork/qnetworkcookie.sip\n./venv/lib/python3.12/site-packages/PyQt6/bindings/QtNetwork/qnetworkcookiejar.sip\n./venv/lib/python3.12/site-packages/PyQt6/bindings/QtNetwork/qnetworkdatagram.sip\n./venv/lib/python3.12/site-packages/PyQt6/bindings/QtNetwork/qnetworkdiskcache.sip\n./venv/lib/python3.12/site-packages/PyQt6/bindings/QtNetwork/qnetworkinformation.sip\n./venv/lib/python3.12/site-packages/PyQt6/bindings/QtNetwork/qnetworkinterface.sip\n./venv/lib/python3.12/site-packages/PyQt6/bindings/QtNetwork/qnetworkproxy.sip\n./venv/lib/python3.12/site-packages/PyQt6/bindings/QtNetwork/qnetworkreply.sip\n./venv/lib/python3.12/site-packages/PyQt6/bindings/QtNetwork/qnetworkrequest.sip\n./venv/lib/python3.12/site-packages/PyQt6/bindings/QtNetwork/qnetworkrequestfactory.sip\n./venv/lib/python3.12/site-packages/PyQt6/bindings/QtNetwork/qocspresponse.sip\n./venv/lib/python3.12/site-packages/PyQt6/bindings/QtNetwork/qpassworddigestor.sip\n./venv/lib/python3.12/site-packages/PyQt6/bindings/QtNetwork/qpynetwork_qhash.sip\n./venv/lib/python3.12/site-packages/PyQt6/bindings/QtNetwork/qpynetwork_qlist.sip\n./venv/lib/python3.12/site-packages/PyQt6/bindings/QtNetwork/qpynetwork_qmap.sip\n./venv/lib/python3.12/site-packages/PyQt6/bindings/QtNetwork/qrestaccessmanager.sip\n./venv/lib/python3.12/site-packages/PyQt6/bindings/QtNetwork/qrestreply.sip\n./venv/lib/python3.12/site-packages/PyQt6/bindings/QtNetwork/qssl.sip\n./venv/lib/python3.12/site-packages/PyQt6/bindings/QtNetwork/qsslcertificate.sip\n./venv/lib/python3.12/site-packages/PyQt6/bindings/QtNetwork/qsslcertificateextension.sip\n./venv/lib/python3.12/site-packages/PyQt6/bindings/QtNetwork/qsslcipher.sip\n./venv/lib/python3.12/site-packages/PyQt6/bindings/QtNetwork/qsslconfiguration.sip\n./venv/lib/python3.12/site-packages/PyQt6/bindings/QtNetwork/qssldiffiehellmanparameters.sip\n./venv/lib/python3.12/site-packages/PyQt6/bindings/QtNetwork/qsslellipticcurve.sip\n./venv/lib/python3.12/site-packages/PyQt6/bindings/QtNetwork/qsslerror.sip\n./venv/lib/python3.12/site-packages/PyQt6/bindings/QtNetwork/qsslkey.sip\n./venv/lib/python3.12/site-packages/PyQt6/bindings/QtNetwork/qsslpresharedkeyauthenticator.sip\n./venv/lib/python3.12/site-packages/PyQt6/bindings/QtNetwork/qsslserver.sip\n./venv/lib/python3.12/site-packages/PyQt6/bindings/QtNetwork/qsslsocket.sip\n./venv/lib/python3.12/site-packages/PyQt6/bindings/QtNetwork/qtcpserver.sip\n./venv/lib/python3.12/site-packages/PyQt6/bindings/QtNetwork/qtcpsocket.sip\n./venv/lib/python3.12/site-packages/PyQt6/bindings/QtNetwork/qudpsocket.sip\n./venv/lib/python3.12/site-packages/PyQt6/bindings/QtStateMachine/QtStateMachine.toml\n./venv/lib/python3.12/site-packages/PyQt6/bindings/QtStateMachine/QtStateMachinemod.sip\n./venv/lib/python3.12/site-packages/PyQt6/bindings/QtStateMachine/qabstractstate.sip\n./venv/lib/python3.12/site-packages/PyQt6/bindings/QtStateMachine/qabstracttransition.sip\n./venv/lib/python3.12/site-packages/PyQt6/bindings/QtStateMachine/qeventtransition.sip\n./venv/lib/python3.12/site-packages/PyQt6/bindings/QtStateMachine/qfinalstate.sip\n./venv/lib/python3.12/site-packages/PyQt6/bindings/QtStateMachine/qhistorystate.sip\n./venv/lib/python3.12/site-packages/PyQt6/bindings/QtStateMachine/qkeyeventtransition.sip\n./venv/lib/python3.12/site-packages/PyQt6/bindings/QtStateMachine/qmouseeventtransition.sip\n./venv/lib/python3.12/site-packages/PyQt6/bindings/QtStateMachine/qsignaltransition.sip\n./venv/lib/python3.12/site-packages/PyQt6/bindings/QtStateMachine/qstate.sip\n./venv/lib/python3.12/site-packages/PyQt6/bindings/QtStateMachine/qstatemachine.sip\n./venv/lib/python3.12/site-packages/PyQt6/bindings/QtDesigner/QtDesigner.toml\n./venv/lib/python3.12/site-packages/PyQt6/bindings/QtDesigner/QtDesignermod.sip\n./venv/lib/python3.12/site-packages/PyQt6/bindings/QtDesigner/abstractactioneditor.sip\n./venv/lib/python3.12/site-packages/PyQt6/bindings/QtDesigner/abstractformbuilder.sip\n./venv/lib/python3.12/site-packages/PyQt6/bindings/QtDesigner/abstractformeditor.sip\n./venv/lib/python3.12/site-packages/PyQt6/bindings/QtDesigner/abstractformwindow.sip\n./venv/lib/python3.12/site-packages/PyQt6/bindings/QtDesigner/abstractformwindowcursor.sip\n./venv/lib/python3.12/site-packages/PyQt6/bindings/QtDesigner/abstractformwindowmanager.sip\n./venv/lib/python3.12/site-packages/PyQt6/bindings/QtDesigner/abstractobjectinspector.sip\n./venv/lib/python3.12/site-packages/PyQt6/bindings/QtDesigner/abstractpropertyeditor.sip\n./venv/lib/python3.12/site-packages/PyQt6/bindings/QtDesigner/abstractwidgetbox.sip\n./venv/lib/python3.12/site-packages/PyQt6/bindings/QtDesigner/container.sip\n./venv/lib/python3.12/site-packages/PyQt6/bindings/QtDesigner/customwidget.sip\n./venv/lib/python3.12/site-packages/PyQt6/bindings/QtDesigner/default_extensionfactory.sip\n./venv/lib/python3.12/site-packages/PyQt6/bindings/QtDesigner/extension.sip\n./venv/lib/python3.12/site-packages/PyQt6/bindings/QtDesigner/formbuilder.sip\n./venv/lib/python3.12/site-packages/PyQt6/bindings/QtDesigner/membersheet.sip\n./venv/lib/python3.12/site-packages/PyQt6/bindings/QtDesigner/propertysheet.sip\n./venv/lib/python3.12/site-packages/PyQt6/bindings/QtDesigner/qextensionmanager.sip\n./venv/lib/python3.12/site-packages/PyQt6/bindings/QtDesigner/qpydesignercontainerextension.sip\n./venv/lib/python3.12/site-packages/PyQt6/bindings/QtDesigner/qpydesignercustomwidgetcollectionplugin.sip\n./venv/lib/python3.12/site-packages/PyQt6/bindings/QtDesigner/qpydesignercustomwidgetplugin.sip\n./venv/lib/python3.12/site-packages/PyQt6/bindings/QtDesigner/qpydesignermembersheetextension.sip\n./venv/lib/python3.12/site-packages/PyQt6/bindings/QtDesigner/qpydesignerpropertysheetextension.sip\n./venv/lib/python3.12/site-packages/PyQt6/bindings/QtDesigner/qpydesignertaskmenuextension.sip\n./venv/lib/python3.12/site-packages/PyQt6/bindings/QtDesigner/taskmenu.sip\n./venv/lib/python3.12/site-packages/PyQt6/bindings/QtQuick3D/QtQuick3D.toml\n./venv/lib/python3.12/site-packages/PyQt6/bindings/QtQuick3D/QtQuick3Dmod.sip\n./venv/lib/python3.12/site-packages/PyQt6/bindings/QtQuick3D/qquick3d.sip\n./venv/lib/python3.12/site-packages/PyQt6/bindings/QtQuick3D/qquick3dgeometry.sip\n./venv/lib/python3.12/site-packages/PyQt6/bindings/QtQuick3D/qquick3dobject.sip\n./venv/lib/python3.12/site-packages/PyQt6/bindings/QtQuick3D/qquick3dtexturedata.sip\n./venv/lib/python3.12/site-packages/PyQt6/bindings/QtHelp/QtHelp.toml\n./venv/lib/python3.12/site-packages/PyQt6/bindings/QtHelp/QtHelpmod.sip\n./venv/lib/python3.12/site-packages/PyQt6/bindings/QtHelp/qcompressedhelpinfo.sip\n./venv/lib/python3.12/site-packages/PyQt6/bindings/QtHelp/qhelpcontentitem.sip\n./venv/lib/python3.12/site-packages/PyQt6/bindings/QtHelp/qhelpcontentwidget.sip\n./venv/lib/python3.12/site-packages/PyQt6/bindings/QtHelp/qhelpengine.sip\n./venv/lib/python3.12/site-packages/PyQt6/bindings/QtHelp/qhelpenginecore.sip\n./venv/lib/python3.12/site-packages/PyQt6/bindings/QtHelp/qhelpfilterdata.sip\n./venv/lib/python3.12/site-packages/PyQt6/bindings/QtHelp/qhelpfilterengine.sip\n./venv/lib/python3.12/site-packages/PyQt6/bindings/QtHelp/qhelpfiltersettingswidget.sip\n./venv/lib/python3.12/site-packages/PyQt6/bindings/QtHelp/qhelpindexwidget.sip\n./venv/lib/python3.12/site-packages/PyQt6/bindings/QtHelp/qhelplink.sip\n./venv/lib/python3.12/site-packages/PyQt6/bindings/QtHelp/qhelpsearchengine.sip\n./venv/lib/python3.12/site-packages/PyQt6/bindings/QtHelp/qhelpsearchenginecore.sip\n./venv/lib/python3.12/site-packages/PyQt6/bindings/QtHelp/qhelpsearchquerywidget.sip\n./venv/lib/python3.12/site-packages/PyQt6/bindings/QtHelp/qhelpsearchresult.sip\n./venv/lib/python3.12/site-packages/PyQt6/bindings/QtHelp/qhelpsearchresultwidget.sip\n./venv/lib/python3.12/site-packages/PyQt6/bindings/QtSvg/QtSvg.toml\n./venv/lib/python3.12/site-packages/PyQt6/bindings/QtSvg/QtSvgmod.sip\n./venv/lib/python3.12/site-packages/PyQt6/bindings/QtSvg/qsvggenerator.sip\n./venv/lib/python3.12/site-packages/PyQt6/bindings/QtSvg/qsvgrenderer.sip\n./venv/lib/python3.12/site-packages/PyQt6/bindings/QtSvg/qtsvgglobal.sip\n./venv/lib/python3.12/site-packages/PyQt6/bindings/QtXml/QtXml.toml\n./venv/lib/python3.12/site-packages/PyQt6/bindings/QtXml/QtXmlmod.sip\n./venv/lib/python3.12/site-packages/PyQt6/bindings/QtXml/qdom.sip\n./venv/lib/python3.12/site-packages/PyQt6/bindings/QtSvgWidgets/QtSvgWidgets.toml\n./venv/lib/python3.12/site-packages/PyQt6/bindings/QtSvgWidgets/QtSvgWidgetsmod.sip\n./venv/lib/python3.12/site-packages/PyQt6/bindings/QtSvgWidgets/qgraphicssvgitem.sip\n./venv/lib/python3.12/site-packages/PyQt6/bindings/QtSvgWidgets/qsvgwidget.sip\n./venv/lib/python3.12/site-packages/PyQt6/bindings/QtRemoteObjects/QtRemoteObjects.toml\n./venv/lib/python3.12/site-packages/PyQt6/bindings/QtRemoteObjects/QtRemoteObjectsmod.sip\n./venv/lib/python3.12/site-packages/PyQt6/bindings/QtRemoteObjects/qremoteobjectabstractitemmodelreplica.sip\n./venv/lib/python3.12/site-packages/PyQt6/bindings/QtRemoteObjects/qremoteobjectdynamicreplica.sip\n./venv/lib/python3.12/site-packages/PyQt6/bindings/QtRemoteObjects/qremoteobjectnode.sip\n./venv/lib/python3.12/site-packages/PyQt6/bindings/QtRemoteObjects/qremoteobjectregistry.sip\n./venv/lib/python3.12/site-packages/PyQt6/bindings/QtRemoteObjects/qremoteobjectreplica.sip\n./venv/lib/python3.12/site-packages/PyQt6/bindings/QtRemoteObjects/qtremoteobjectglobal.sip\n./venv/lib/python3.12/site-packages/PyQt6/bindings/QtSensors/QtSensors.toml\n./venv/lib/python3.12/site-packages/PyQt6/bindings/QtSensors/QtSensorsmod.sip\n./venv/lib/python3.12/site-packages/PyQt6/bindings/QtSensors/qaccelerometer.sip\n./venv/lib/python3.12/site-packages/PyQt6/bindings/QtSensors/qambientlightsensor.sip\n./venv/lib/python3.12/site-packages/PyQt6/bindings/QtSensors/qambienttemperaturesensor.sip\n./venv/lib/python3.12/site-packages/PyQt6/bindings/QtSensors/qcompass.sip\n./venv/lib/python3.12/site-packages/PyQt6/bindings/QtSensors/qgyroscope.sip\n./venv/lib/python3.12/site-packages/PyQt6/bindings/QtSensors/qhumiditysensor.sip\n./venv/lib/python3.12/site-packages/PyQt6/bindings/QtSensors/qirproximitysensor.sip\n./venv/lib/python3.12/site-packages/PyQt6/bindings/QtSensors/qlidsensor.sip\n./venv/lib/python3.12/site-packages/PyQt6/bindings/QtSensors/qlightsensor.sip\n./venv/lib/python3.12/site-packages/PyQt6/bindings/QtSensors/qmagnetometer.sip\n./venv/lib/python3.12/site-packages/PyQt6/bindings/QtSensors/qorientationsensor.sip\n./venv/lib/python3.12/site-packages/PyQt6/bindings/QtSensors/qpressuresensor.sip\n./venv/lib/python3.12/site-packages/PyQt6/bindings/QtSensors/qproximitysensor.sip\n./venv/lib/python3.12/site-packages/PyQt6/bindings/QtSensors/qrotationsensor.sip\n./venv/lib/python3.12/site-packages/PyQt6/bindings/QtSensors/qsensor.sip\n./venv/lib/python3.12/site-packages/PyQt6/bindings/QtSensors/qtapsensor.sip\n./venv/lib/python3.12/site-packages/PyQt6/bindings/QtSensors/qtiltsensor.sip\n./venv/lib/python3.12/site-packages/PyQt6/bindings/QtPdf/QtPdf.toml\n./venv/lib/python3.12/site-packages/PyQt6/bindings/QtPdf/QtPdfmod.sip\n./venv/lib/python3.12/site-packages/PyQt6/bindings/QtPdf/qpdfbookmarkmodel.sip\n./venv/lib/python3.12/site-packages/PyQt6/bindings/QtPdf/qpdfdocument.sip\n./venv/lib/python3.12/site-packages/PyQt6/bindings/QtPdf/qpdfdocumentrenderoptions.sip\n./venv/lib/python3.12/site-packages/PyQt6/bindings/QtPdf/qpdflink.sip\n./venv/lib/python3.12/site-packages/PyQt6/bindings/QtPdf/qpdflinkmodel.sip\n./venv/lib/python3.12/site-packages/PyQt6/bindings/QtPdf/qpdfpagenavigator.sip\n./venv/lib/python3.12/site-packages/PyQt6/bindings/QtPdf/qpdfpagerenderer.sip\n./venv/lib/python3.12/site-packages/PyQt6/bindings/QtPdf/qpdfsearchmodel.sip\n./venv/lib/python3.12/site-packages/PyQt6/bindings/QtPdf/qpdfselection.sip\n./venv/lib/python3.12/site-packages/PyQt6/bindings/QtOpenGLWidgets/QtOpenGLWidgets.toml\n./venv/lib/python3.12/site-packages/PyQt6/bindings/QtOpenGLWidgets/QtOpenGLWidgetsmod.sip\n./venv/lib/python3.12/site-packages/PyQt6/bindings/QtOpenGLWidgets/qopenglwidget.sip\n./venv/lib/python3.12/site-packages/PyQt6/bindings/QtGui/QtGui.toml\n./venv/lib/python3.12/site-packages/PyQt6/bindings/QtGui/QtGuimod.sip\n./venv/lib/python3.12/site-packages/PyQt6/bindings/QtGui/opengl_types.sip\n./venv/lib/python3.12/site-packages/PyQt6/bindings/QtGui/qabstractfileiconprovider.sip\n./venv/lib/python3.12/site-packages/PyQt6/bindings/QtGui/qabstracttextdocumentlayout.sip\n./venv/lib/python3.12/site-packages/PyQt6/bindings/QtGui/qaccessibilityhints.sip\n./venv/lib/python3.12/site-packages/PyQt6/bindings/QtGui/qaction.sip\n./venv/lib/python3.12/site-packages/PyQt6/bindings/QtGui/qactiongroup.sip\n./venv/lib/python3.12/site-packages/PyQt6/bindings/QtGui/qbackingstore.sip\n./venv/lib/python3.12/site-packages/PyQt6/bindings/QtGui/qbitmap.sip\n./venv/lib/python3.12/site-packages/PyQt6/bindings/QtGui/qbrush.sip\n./venv/lib/python3.12/site-packages/PyQt6/bindings/QtGui/qclipboard.sip\n./venv/lib/python3.12/site-packages/PyQt6/bindings/QtGui/qcolor.sip\n./venv/lib/python3.12/site-packages/PyQt6/bindings/QtGui/qcolorspace.sip\n./venv/lib/python3.12/site-packages/PyQt6/bindings/QtGui/qcolortransform.sip\n./venv/lib/python3.12/site-packages/PyQt6/bindings/QtGui/qcursor.sip\n./venv/lib/python3.12/site-packages/PyQt6/bindings/QtGui/qdesktopservices.sip\n./venv/lib/python3.12/site-packages/PyQt6/bindings/QtGui/qdrag.sip\n./venv/lib/python3.12/site-packages/PyQt6/bindings/QtGui/qevent.sip\n./venv/lib/python3.12/site-packages/PyQt6/bindings/QtGui/qeventpoint.sip\n./venv/lib/python3.12/site-packages/PyQt6/bindings/QtGui/qfilesystemmodel.sip\n./venv/lib/python3.12/site-packages/PyQt6/bindings/QtGui/qfont.sip\n./venv/lib/python3.12/site-packages/PyQt6/bindings/QtGui/qfontdatabase.sip\n./venv/lib/python3.12/site-packages/PyQt6/bindings/QtGui/qfontinfo.sip\n./venv/lib/python3.12/site-packages/PyQt6/bindings/QtGui/qfontmetrics.sip\n./venv/lib/python3.12/site-packages/PyQt6/bindings/QtGui/qfontvariableaxis.sip\n./venv/lib/python3.12/site-packages/PyQt6/bindings/QtGui/qgenericmatrix.sip\n./venv/lib/python3.12/site-packages/PyQt6/bindings/QtGui/qglyphrun.sip\n./venv/lib/python3.12/site-packages/PyQt6/bindings/QtGui/qguiapplication.sip\n./venv/lib/python3.12/site-packages/PyQt6/bindings/QtGui/qicon.sip\n./venv/lib/python3.12/site-packages/PyQt6/bindings/QtGui/qiconengine.sip\n./venv/lib/python3.12/site-packages/PyQt6/bindings/QtGui/qimage.sip\n./venv/lib/python3.12/site-packages/PyQt6/bindings/QtGui/qimageiohandler.sip\n./venv/lib/python3.12/site-packages/PyQt6/bindings/QtGui/qimagereader.sip\n./venv/lib/python3.12/site-packages/PyQt6/bindings/QtGui/qimagewriter.sip\n./venv/lib/python3.12/site-packages/PyQt6/bindings/QtGui/qinputdevice.sip\n./venv/lib/python3.12/site-packages/PyQt6/bindings/QtGui/qinputmethod.sip\n./venv/lib/python3.12/site-packages/PyQt6/bindings/QtGui/qkeysequence.sip\n./venv/lib/python3.12/site-packages/PyQt6/bindings/QtGui/qmatrix4x4.sip\n./venv/lib/python3.12/site-packages/PyQt6/bindings/QtGui/qmovie.sip\n./venv/lib/python3.12/site-packages/PyQt6/bindings/QtGui/qoffscreensurface.sip\n./venv/lib/python3.12/site-packages/PyQt6/bindings/QtGui/qopenglcontext.sip\n./venv/lib/python3.12/site-packages/PyQt6/bindings/QtGui/qpagedpaintdevice.sip\n./venv/lib/python3.12/site-packages/PyQt6/bindings/QtGui/qpagelayout.sip\n./venv/lib/python3.12/site-packages/PyQt6/bindings/QtGui/qpageranges.sip\n./venv/lib/python3.12/site-packages/PyQt6/bindings/QtGui/qpagesize.sip\n./venv/lib/python3.12/site-packages/PyQt6/bindings/QtGui/qpaintdevice.sip\n./venv/lib/python3.12/site-packages/PyQt6/bindings/QtGui/qpaintdevicewindow.sip\n./venv/lib/python3.12/site-packages/PyQt6/bindings/QtGui/qpaintengine.sip\n./venv/lib/python3.12/site-packages/PyQt6/bindings/QtGui/qpainter.sip\n./venv/lib/python3.12/site-packages/PyQt6/bindings/QtGui/qpainterpath.sip\n./venv/lib/python3.12/site-packages/PyQt6/bindings/QtGui/qpainterstateguard.sip\n./venv/lib/python3.12/site-packages/PyQt6/bindings/QtGui/qpalette.sip\n./venv/lib/python3.12/site-packages/PyQt6/bindings/QtGui/qpdfoutputintent.sip\n./venv/lib/python3.12/site-packages/PyQt6/bindings/QtGui/qpdfwriter.sip\n./venv/lib/python3.12/site-packages/PyQt6/bindings/QtGui/qpen.sip\n./venv/lib/python3.12/site-packages/PyQt6/bindings/QtGui/qpicture.sip\n./venv/lib/python3.12/site-packages/PyQt6/bindings/QtGui/qpixelformat.sip\n./venv/lib/python3.12/site-packages/PyQt6/bindings/QtGui/qpixmap.sip\n./venv/lib/python3.12/site-packages/PyQt6/bindings/QtGui/qpixmapcache.sip\n./venv/lib/python3.12/site-packages/PyQt6/bindings/QtGui/qpointingdevice.sip\n./venv/lib/python3.12/site-packages/PyQt6/bindings/QtGui/qpolygon.sip\n./venv/lib/python3.12/site-packages/PyQt6/bindings/QtGui/qpygui_native_interface.sip\n./venv/lib/python3.12/site-packages/PyQt6/bindings/QtGui/qpygui_qlist.sip\n./venv/lib/python3.12/site-packages/PyQt6/bindings/QtGui/qpygui_vulkan.sip\n./venv/lib/python3.12/site-packages/PyQt6/bindings/QtGui/qquaternion.sip\n./venv/lib/python3.12/site-packages/PyQt6/bindings/QtGui/qrasterwindow.sip\n./venv/lib/python3.12/site-packages/PyQt6/bindings/QtGui/qrawfont.sip\n./venv/lib/python3.12/site-packages/PyQt6/bindings/QtGui/qregion.sip\n./venv/lib/python3.12/site-packages/PyQt6/bindings/QtGui/qrgb.sip\n./venv/lib/python3.12/site-packages/PyQt6/bindings/QtGui/qrgba64.sip\n./venv/lib/python3.12/site-packages/PyQt6/bindings/QtGui/qscreen.sip\n./venv/lib/python3.12/site-packages/PyQt6/bindings/QtGui/qsessionmanager.sip\n./venv/lib/python3.12/site-packages/PyQt6/bindings/QtGui/qshortcut.sip\n./venv/lib/python3.12/site-packages/PyQt6/bindings/QtGui/qstandarditemmodel.sip\n./venv/lib/python3.12/site-packages/PyQt6/bindings/QtGui/qstatictext.sip\n./venv/lib/python3.12/site-packages/PyQt6/bindings/QtGui/qstylehints.sip\n./venv/lib/python3.12/site-packages/PyQt6/bindings/QtGui/qsurface.sip\n./venv/lib/python3.12/site-packages/PyQt6/bindings/QtGui/qsurfaceformat.sip\n./venv/lib/python3.12/site-packages/PyQt6/bindings/QtGui/qsyntaxhighlighter.sip\n./venv/lib/python3.12/site-packages/PyQt6/bindings/QtGui/qtextcursor.sip\n./venv/lib/python3.12/site-packages/PyQt6/bindings/QtGui/qtextdocument.sip\n./venv/lib/python3.12/site-packages/PyQt6/bindings/QtGui/qtextdocumentfragment.sip\n./venv/lib/python3.12/site-packages/PyQt6/bindings/QtGui/qtextdocumentwriter.sip\n./venv/lib/python3.12/site-packages/PyQt6/bindings/QtGui/qtextformat.sip\n./venv/lib/python3.12/site-packages/PyQt6/bindings/QtGui/qtextlayout.sip\n./venv/lib/python3.12/site-packages/PyQt6/bindings/QtGui/qtextlist.sip\n./venv/lib/python3.12/site-packages/PyQt6/bindings/QtGui/qtextobject.sip\n./venv/lib/python3.12/site-packages/PyQt6/bindings/QtGui/qtextoption.sip\n./venv/lib/python3.12/site-packages/PyQt6/bindings/QtGui/qtexttable.sip\n./venv/lib/python3.12/site-packages/PyQt6/bindings/QtGui/qtransform.sip\n./venv/lib/python3.12/site-packages/PyQt6/bindings/QtGui/qundogroup.sip\n./venv/lib/python3.12/site-packages/PyQt6/bindings/QtGui/qundostack.sip\n./venv/lib/python3.12/site-packages/PyQt6/bindings/QtGui/qutimimeconverter.sip\n./venv/lib/python3.12/site-packages/PyQt6/bindings/QtGui/qvalidator.sip\n./venv/lib/python3.12/site-packages/PyQt6/bindings/QtGui/qvectornd.sip\n./venv/lib/python3.12/site-packages/PyQt6/bindings/QtGui/qwindow.sip\n./venv/lib/python3.12/site-packages/PyQt6/bindings/QtGui/qwindowdefs.sip\n./venv/lib/python3.12/site-packages/PyQt6/bindings/QtNfc/QtNfc.toml\n./venv/lib/python3.12/site-packages/PyQt6/bindings/QtNfc/QtNfcmod.sip\n./venv/lib/python3.12/site-packages/PyQt6/bindings/QtNfc/qndeffilter.sip\n./venv/lib/python3.12/site-packages/PyQt6/bindings/QtNfc/qndefmessage.sip\n./venv/lib/python3.12/site-packages/PyQt6/bindings/QtNfc/qndefnfcsmartposterrecord.sip\n./venv/lib/python3.12/site-packages/PyQt6/bindings/QtNfc/qndefnfctextrecord.sip\n./venv/lib/python3.12/site-packages/PyQt6/bindings/QtNfc/qndefnfcurirecord.sip\n./venv/lib/python3.12/site-packages/PyQt6/bindings/QtNfc/qndefrecord.sip\n./venv/lib/python3.12/site-packages/PyQt6/bindings/QtNfc/qnearfieldmanager.sip\n./venv/lib/python3.12/site-packages/PyQt6/bindings/QtNfc/qnearfieldtarget.sip\n./venv/lib/python3.12/site-packages/PyQt6/bindings/QtSerialPort/QtSerialPort.toml\n./venv/lib/python3.12/site-packages/PyQt6/bindings/QtSerialPort/QtSerialPortmod.sip\n./venv/lib/python3.12/site-packages/PyQt6/bindings/QtSerialPort/qserialport.sip\n./venv/lib/python3.12/site-packages/PyQt6/bindings/QtSerialPort/qserialportinfo.sip\n./venv/lib/python3.12/site-packages/PyQt6/bindings/QtQuick/QtQuick.toml\n./venv/lib/python3.12/site-packages/PyQt6/bindings/QtQuick/QtQuickmod.sip\n./venv/lib/python3.12/site-packages/PyQt6/bindings/QtQuick/qquickframebufferobject.sip\n./venv/lib/python3.12/site-packages/PyQt6/bindings/QtQuick/qquickgraphicsconfiguration.sip\n./venv/lib/python3.12/site-packages/PyQt6/bindings/QtQuick/qquickgraphicsdevice.sip\n./venv/lib/python3.12/site-packages/PyQt6/bindings/QtQuick/qquickimageprovider.sip\n./venv/lib/python3.12/site-packages/PyQt6/bindings/QtQuick/qquickitem.sip\n./venv/lib/python3.12/site-packages/PyQt6/bindings/QtQuick/qquickitemgrabresult.sip\n./venv/lib/python3.12/site-packages/PyQt6/bindings/QtQuick/qquickpainteditem.sip\n./venv/lib/python3.12/site-packages/PyQt6/bindings/QtQuick/qquickrendercontrol.sip\n./venv/lib/python3.12/site-packages/PyQt6/bindings/QtQuick/qquickrendertarget.sip\n./venv/lib/python3.12/site-packages/PyQt6/bindings/QtQuick/qquicktextdocument.sip\n./venv/lib/python3.12/site-packages/PyQt6/bindings/QtQuick/qquickview.sip\n./venv/lib/python3.12/site-packages/PyQt6/bindings/QtQuick/qquickwindow.sip\n./venv/lib/python3.12/site-packages/PyQt6/bindings/QtQuick/qsgflatcolormaterial.sip\n./venv/lib/python3.12/site-packages/PyQt6/bindings/QtQuick/qsggeometry.sip\n./venv/lib/python3.12/site-packages/PyQt6/bindings/QtQuick/qsgimagenode.sip\n./venv/lib/python3.12/site-packages/PyQt6/bindings/QtQuick/qsgmaterial.sip\n./venv/lib/python3.12/site-packages/PyQt6/bindings/QtQuick/qsgmaterialshader.sip\n./venv/lib/python3.12/site-packages/PyQt6/bindings/QtQuick/qsgmaterialtype.sip\n./venv/lib/python3.12/site-packages/PyQt6/bindings/QtQuick/qsgnode.sip\n./venv/lib/python3.12/site-packages/PyQt6/bindings/QtQuick/qsgrectanglenode.sip\n./venv/lib/python3.12/site-packages/PyQt6/bindings/QtQuick/qsgrendererinterface.sip\n./venv/lib/python3.12/site-packages/PyQt6/bindings/QtQuick/qsgrendernode.sip\n./venv/lib/python3.12/site-packages/PyQt6/bindings/QtQuick/qsgsimplerectnode.sip\n./venv/lib/python3.12/site-packages/PyQt6/bindings/QtQuick/qsgsimpletexturenode.sip\n./venv/lib/python3.12/site-packages/PyQt6/bindings/QtQuick/qsgtextnode.sip\n./venv/lib/python3.12/site-packages/PyQt6/bindings/QtQuick/qsgtexture.sip\n./venv/lib/python3.12/site-packages/PyQt6/bindings/QtQuick/qsgtexture_platform.sip\n./venv/lib/python3.12/site-packages/PyQt6/bindings/QtQuick/qsgtexturematerial.sip\n./venv/lib/python3.12/site-packages/PyQt6/bindings/QtQuick/qsgtextureprovider.sip\n./venv/lib/python3.12/site-packages/PyQt6/bindings/QtQuick/qsgvertexcolormaterial.sip\n./venv/lib/python3.12/site-packages/PyQt6/bindings/QtDBus/QtDBus.toml\n./venv/lib/python3.12/site-packages/PyQt6/bindings/QtDBus/QtDBusmod.sip\n./venv/lib/python3.12/site-packages/PyQt6/bindings/QtDBus/qdbusabstractadaptor.sip\n./venv/lib/python3.12/site-packages/PyQt6/bindings/QtDBus/qdbusabstractinterface.sip\n./venv/lib/python3.12/site-packages/PyQt6/bindings/QtDBus/qdbusargument.sip\n./venv/lib/python3.12/site-packages/PyQt6/bindings/QtDBus/qdbusconnection.sip\n./venv/lib/python3.12/site-packages/PyQt6/bindings/QtDBus/qdbusconnectioninterface.sip\n./venv/lib/python3.12/site-packages/PyQt6/bindings/QtDBus/qdbuserror.sip\n./venv/lib/python3.12/site-packages/PyQt6/bindings/QtDBus/qdbusextratypes.sip\n./venv/lib/python3.12/site-packages/PyQt6/bindings/QtDBus/qdbusinterface.sip\n./venv/lib/python3.12/site-packages/PyQt6/bindings/QtDBus/qdbusmessage.sip\n./venv/lib/python3.12/site-packages/PyQt6/bindings/QtDBus/qdbuspendingcall.sip\n./venv/lib/python3.12/site-packages/PyQt6/bindings/QtDBus/qdbusservicewatcher.sip\n./venv/lib/python3.12/site-packages/PyQt6/bindings/QtDBus/qdbusunixfiledescriptor.sip\n./venv/lib/python3.12/site-packages/PyQt6/bindings/QtDBus/qpydbuspendingreply.sip\n./venv/lib/python3.12/site-packages/PyQt6/bindings/QtDBus/qpydbusreply.sip\n./venv/lib/python3.12/site-packages/PyQt6/bindings/QtQuickWidgets/QtQuickWidgets.toml\n./venv/lib/python3.12/site-packages/PyQt6/bindings/QtQuickWidgets/QtQuickWidgetsmod.sip\n./venv/lib/python3.12/site-packages/PyQt6/bindings/QtQuickWidgets/qquickwidget.sip\n./venv/lib/python3.12/site-packages/PyQt6/bindings/QtWebChannel/QtWebChannel.toml\n./venv/lib/python3.12/site-packages/PyQt6/bindings/QtWebChannel/QtWebChannelmod.sip\n./venv/lib/python3.12/site-packages/PyQt6/bindings/QtWebChannel/qwebchannel.sip\n./venv/lib/python3.12/site-packages/PyQt6/bindings/QtWebChannel/qwebchannelabstracttransport.sip\n./venv/lib/python3.12/site-packages/PyQt6/bindings/QtWidgets/QtWidgets.toml\n./venv/lib/python3.12/site-packages/PyQt6/bindings/QtWidgets/QtWidgetsmod.sip\n./venv/lib/python3.12/site-packages/PyQt6/bindings/QtWidgets/qabstractbutton.sip\n./venv/lib/python3.12/site-packages/PyQt6/bindings/QtWidgets/qabstractitemdelegate.sip\n./venv/lib/python3.12/site-packages/PyQt6/bindings/QtWidgets/qabstractitemview.sip\n./venv/lib/python3.12/site-packages/PyQt6/bindings/QtWidgets/qabstractscrollarea.sip\n./venv/lib/python3.12/site-packages/PyQt6/bindings/QtWidgets/qabstractslider.sip\n./venv/lib/python3.12/site-packages/PyQt6/bindings/QtWidgets/qabstractspinbox.sip\n./venv/lib/python3.12/site-packages/PyQt6/bindings/QtWidgets/qapplication.sip\n./venv/lib/python3.12/site-packages/PyQt6/bindings/QtWidgets/qboxlayout.sip\n./venv/lib/python3.12/site-packages/PyQt6/bindings/QtWidgets/qbuttongroup.sip\n./venv/lib/python3.12/site-packages/PyQt6/bindings/QtWidgets/qcalendarwidget.sip\n./venv/lib/python3.12/site-packages/PyQt6/bindings/QtWidgets/qcheckbox.sip\n./venv/lib/python3.12/site-packages/PyQt6/bindings/QtWidgets/qcolordialog.sip\n./venv/lib/python3.12/site-packages/PyQt6/bindings/QtWidgets/qcolumnview.sip\n./venv/lib/python3.12/site-packages/PyQt6/bindings/QtWidgets/qcombobox.sip\n./venv/lib/python3.12/site-packages/PyQt6/bindings/QtWidgets/qcommandlinkbutton.sip\n./venv/lib/python3.12/site-packages/PyQt6/bindings/QtWidgets/qcommonstyle.sip\n./venv/lib/python3.12/site-packages/PyQt6/bindings/QtWidgets/qcompleter.sip\n./venv/lib/python3.12/site-packages/PyQt6/bindings/QtWidgets/qdatawidgetmapper.sip\n./venv/lib/python3.12/site-packages/PyQt6/bindings/QtWidgets/qdatetimeedit.sip\n./venv/lib/python3.12/site-packages/PyQt6/bindings/QtWidgets/qdial.sip\n./venv/lib/python3.12/site-packages/PyQt6/bindings/QtWidgets/qdialog.sip\n./venv/lib/python3.12/site-packages/PyQt6/bindings/QtWidgets/qdialogbuttonbox.sip\n./venv/lib/python3.12/site-packages/PyQt6/bindings/QtWidgets/qdockwidget.sip\n./venv/lib/python3.12/site-packages/PyQt6/bindings/QtWidgets/qdrawutil.sip\n./venv/lib/python3.12/site-packages/PyQt6/bindings/QtWidgets/qerrormessage.sip\n./venv/lib/python3.12/site-packages/PyQt6/bindings/QtWidgets/qfiledialog.sip\n./venv/lib/python3.12/site-packages/PyQt6/bindings/QtWidgets/qfileiconprovider.sip\n./venv/lib/python3.12/site-packages/PyQt6/bindings/QtWidgets/qfilesystemmodel.sip\n./venv/lib/python3.12/site-packages/PyQt6/bindings/QtWidgets/qfocusframe.sip\n./venv/lib/python3.12/site-packages/PyQt6/bindings/QtWidgets/qfontcombobox.sip\n./venv/lib/python3.12/site-packages/PyQt6/bindings/QtWidgets/qfontdialog.sip\n./venv/lib/python3.12/site-packages/PyQt6/bindings/QtWidgets/qformlayout.sip\n./venv/lib/python3.12/site-packages/PyQt6/bindings/QtWidgets/qframe.sip\n./venv/lib/python3.12/site-packages/PyQt6/bindings/QtWidgets/qgesture.sip\n./venv/lib/python3.12/site-packages/PyQt6/bindings/QtWidgets/qgesturerecognizer.sip\n./venv/lib/python3.12/site-packages/PyQt6/bindings/QtWidgets/qgraphicsanchorlayout.sip\n./venv/lib/python3.12/site-packages/PyQt6/bindings/QtWidgets/qgraphicseffect.sip\n./venv/lib/python3.12/site-packages/PyQt6/bindings/QtWidgets/qgraphicsgridlayout.sip\n./venv/lib/python3.12/site-packages/PyQt6/bindings/QtWidgets/qgraphicsitem.sip\n./venv/lib/python3.12/site-packages/PyQt6/bindings/QtWidgets/qgraphicslayout.sip\n./venv/lib/python3.12/site-packages/PyQt6/bindings/QtWidgets/qgraphicslayoutitem.sip\n./venv/lib/python3.12/site-packages/PyQt6/bindings/QtWidgets/qgraphicslinearlayout.sip\n./venv/lib/python3.12/site-packages/PyQt6/bindings/QtWidgets/qgraphicsproxywidget.sip\n./venv/lib/python3.12/site-packages/PyQt6/bindings/QtWidgets/qgraphicsscene.sip\n./venv/lib/python3.12/site-packages/PyQt6/bindings/QtWidgets/qgraphicssceneevent.sip\n./venv/lib/python3.12/site-packages/PyQt6/bindings/QtWidgets/qgraphicstransform.sip\n./venv/lib/python3.12/site-packages/PyQt6/bindings/QtWidgets/qgraphicsview.sip\n./venv/lib/python3.12/site-packages/PyQt6/bindings/QtWidgets/qgraphicswidget.sip\n./venv/lib/python3.12/site-packages/PyQt6/bindings/QtWidgets/qgridlayout.sip\n./venv/lib/python3.12/site-packages/PyQt6/bindings/QtWidgets/qgroupbox.sip\n./venv/lib/python3.12/site-packages/PyQt6/bindings/QtWidgets/qheaderview.sip\n./venv/lib/python3.12/site-packages/PyQt6/bindings/QtWidgets/qinputdialog.sip\n./venv/lib/python3.12/site-packages/PyQt6/bindings/QtWidgets/qitemdelegate.sip\n./venv/lib/python3.12/site-packages/PyQt6/bindings/QtWidgets/qitemeditorfactory.sip\n./venv/lib/python3.12/site-packages/PyQt6/bindings/QtWidgets/qkeysequenceedit.sip\n./venv/lib/python3.12/site-packages/PyQt6/bindings/QtWidgets/qlabel.sip\n./venv/lib/python3.12/site-packages/PyQt6/bindings/QtWidgets/qlayout.sip\n./venv/lib/python3.12/site-packages/PyQt6/bindings/QtWidgets/qlayoutitem.sip\n./venv/lib/python3.12/site-packages/PyQt6/bindings/QtWidgets/qlcdnumber.sip\n./venv/lib/python3.12/site-packages/PyQt6/bindings/QtWidgets/qlineedit.sip\n./venv/lib/python3.12/site-packages/PyQt6/bindings/QtWidgets/qlistview.sip\n./venv/lib/python3.12/site-packages/PyQt6/bindings/QtWidgets/qlistwidget.sip\n./venv/lib/python3.12/site-packages/PyQt6/bindings/QtWidgets/qmainwindow.sip\n./venv/lib/python3.12/site-packages/PyQt6/bindings/QtWidgets/qmdiarea.sip\n./venv/lib/python3.12/site-packages/PyQt6/bindings/QtWidgets/qmdisubwindow.sip\n./venv/lib/python3.12/site-packages/PyQt6/bindings/QtWidgets/qmenu.sip\n./venv/lib/python3.12/site-packages/PyQt6/bindings/QtWidgets/qmenubar.sip\n./venv/lib/python3.12/site-packages/PyQt6/bindings/QtWidgets/qmessagebox.sip\n./venv/lib/python3.12/site-packages/PyQt6/bindings/QtWidgets/qplaintextedit.sip\n./venv/lib/python3.12/site-packages/PyQt6/bindings/QtWidgets/qprogressbar.sip\n./venv/lib/python3.12/site-packages/PyQt6/bindings/QtWidgets/qprogressdialog.sip\n./venv/lib/python3.12/site-packages/PyQt6/bindings/QtWidgets/qproxystyle.sip\n./venv/lib/python3.12/site-packages/PyQt6/bindings/QtWidgets/qpushbutton.sip\n./venv/lib/python3.12/site-packages/PyQt6/bindings/QtWidgets/qpywidgets_qlist.sip\n./venv/lib/python3.12/site-packages/PyQt6/bindings/QtWidgets/qradiobutton.sip\n./venv/lib/python3.12/site-packages/PyQt6/bindings/QtWidgets/qrubberband.sip\n./venv/lib/python3.12/site-packages/PyQt6/bindings/QtWidgets/qscrollarea.sip\n./venv/lib/python3.12/site-packages/PyQt6/bindings/QtWidgets/qscrollbar.sip\n./venv/lib/python3.12/site-packages/PyQt6/bindings/QtWidgets/qscroller.sip\n./venv/lib/python3.12/site-packages/PyQt6/bindings/QtWidgets/qscrollerproperties.sip\n./venv/lib/python3.12/site-packages/PyQt6/bindings/QtWidgets/qsizegrip.sip\n./venv/lib/python3.12/site-packages/PyQt6/bindings/QtWidgets/qsizepolicy.sip\n./venv/lib/python3.12/site-packages/PyQt6/bindings/QtWidgets/qslider.sip\n./venv/lib/python3.12/site-packages/PyQt6/bindings/QtWidgets/qspinbox.sip\n./venv/lib/python3.12/site-packages/PyQt6/bindings/QtWidgets/qsplashscreen.sip\n./venv/lib/python3.12/site-packages/PyQt6/bindings/QtWidgets/qsplitter.sip\n./venv/lib/python3.12/site-packages/PyQt6/bindings/QtWidgets/qstackedlayout.sip\n./venv/lib/python3.12/site-packages/PyQt6/bindings/QtWidgets/qstackedwidget.sip\n./venv/lib/python3.12/site-packages/PyQt6/bindings/QtWidgets/qstatusbar.sip\n./venv/lib/python3.12/site-packages/PyQt6/bindings/QtWidgets/qstyle.sip\n./venv/lib/python3.12/site-packages/PyQt6/bindings/QtWidgets/qstyleditemdelegate.sip\n./venv/lib/python3.12/site-packages/PyQt6/bindings/QtWidgets/qstylefactory.sip\n./venv/lib/python3.12/site-packages/PyQt6/bindings/QtWidgets/qstyleoption.sip\n./venv/lib/python3.12/site-packages/PyQt6/bindings/QtWidgets/qstylepainter.sip\n./venv/lib/python3.12/site-packages/PyQt6/bindings/QtWidgets/qsystemtrayicon.sip\n./venv/lib/python3.12/site-packages/PyQt6/bindings/QtWidgets/qtabbar.sip\n./venv/lib/python3.12/site-packages/PyQt6/bindings/QtWidgets/qtableview.sip\n./venv/lib/python3.12/site-packages/PyQt6/bindings/QtWidgets/qtablewidget.sip\n./venv/lib/python3.12/site-packages/PyQt6/bindings/QtWidgets/qtabwidget.sip\n./venv/lib/python3.12/site-packages/PyQt6/bindings/QtWidgets/qtextbrowser.sip\n./venv/lib/python3.12/site-packages/PyQt6/bindings/QtWidgets/qtextedit.sip\n./venv/lib/python3.12/site-packages/PyQt6/bindings/QtWidgets/qtoolbar.sip\n./venv/lib/python3.12/site-packages/PyQt6/bindings/QtWidgets/qtoolbox.sip\n./venv/lib/python3.12/site-packages/PyQt6/bindings/QtWidgets/qtoolbutton.sip\n./venv/lib/python3.12/site-packages/PyQt6/bindings/QtWidgets/qtooltip.sip\n./venv/lib/python3.12/site-packages/PyQt6/bindings/QtWidgets/qtreeview.sip\n./venv/lib/python3.12/site-packages/PyQt6/bindings/QtWidgets/qtreewidget.sip\n./venv/lib/python3.12/site-packages/PyQt6/bindings/QtWidgets/qtreewidgetitemiterator.sip\n./venv/lib/python3.12/site-packages/PyQt6/bindings/QtWidgets/qundoview.sip\n./venv/lib/python3.12/site-packages/PyQt6/bindings/QtWidgets/qwhatsthis.sip\n./venv/lib/python3.12/site-packages/PyQt6/bindings/QtWidgets/qwidget.sip\n./venv/lib/python3.12/site-packages/PyQt6/bindings/QtWidgets/qwidgetaction.sip\n./venv/lib/python3.12/site-packages/PyQt6/bindings/QtWidgets/qwizard.sip\n./venv/lib/python3.12/site-packages/PyQt6/bindings/QtSql/QtSql.toml\n./venv/lib/python3.12/site-packages/PyQt6/bindings/QtSql/QtSqlmod.sip\n./venv/lib/python3.12/site-packages/PyQt6/bindings/QtSql/qsqldatabase.sip\n./venv/lib/python3.12/site-packages/PyQt6/bindings/QtSql/qsqldriver.sip\n./venv/lib/python3.12/site-packages/PyQt6/bindings/QtSql/qsqlerror.sip\n./venv/lib/python3.12/site-packages/PyQt6/bindings/QtSql/qsqlfield.sip\n./venv/lib/python3.12/site-packages/PyQt6/bindings/QtSql/qsqlindex.sip\n./venv/lib/python3.12/site-packages/PyQt6/bindings/QtSql/qsqlquery.sip\n./venv/lib/python3.12/site-packages/PyQt6/bindings/QtSql/qsqlquerymodel.sip\n./venv/lib/python3.12/site-packages/PyQt6/bindings/QtSql/qsqlrecord.sip\n./venv/lib/python3.12/site-packages/PyQt6/bindings/QtSql/qsqlrelationaldelegate.sip\n./venv/lib/python3.12/site-packages/PyQt6/bindings/QtSql/qsqlrelationaltablemodel.sip\n./venv/lib/python3.12/site-packages/PyQt6/bindings/QtSql/qsqlresult.sip\n./venv/lib/python3.12/site-packages/PyQt6/bindings/QtSql/qsqltablemodel.sip\n./venv/lib/python3.12/site-packages/PyQt6/bindings/QtSql/qtsqlglobal.sip\n./venv/lib/python3.12/site-packages/PyQt6/bindings/QtMultimedia/QtMultimedia.toml\n./venv/lib/python3.12/site-packages/PyQt6/bindings/QtMultimedia/QtMultimediamod.sip\n./venv/lib/python3.12/site-packages/PyQt6/bindings/QtMultimedia/qaudio.sip\n./venv/lib/python3.12/site-packages/PyQt6/bindings/QtMultimedia/qaudiobuffer.sip\n./venv/lib/python3.12/site-packages/PyQt6/bindings/QtMultimedia/qaudiobufferinput.sip\n./venv/lib/python3.12/site-packages/PyQt6/bindings/QtMultimedia/qaudiobufferoutput.sip\n./venv/lib/python3.12/site-packages/PyQt6/bindings/QtMultimedia/qaudiodecoder.sip\n./venv/lib/python3.12/site-packages/PyQt6/bindings/QtMultimedia/qaudiodevice.sip\n./venv/lib/python3.12/site-packages/PyQt6/bindings/QtMultimedia/qaudioformat.sip\n./venv/lib/python3.12/site-packages/PyQt6/bindings/QtMultimedia/qaudioinput.sip\n./venv/lib/python3.12/site-packages/PyQt6/bindings/QtMultimedia/qaudiooutput.sip\n./venv/lib/python3.12/site-packages/PyQt6/bindings/QtMultimedia/qaudiosink.sip\n./venv/lib/python3.12/site-packages/PyQt6/bindings/QtMultimedia/qaudiosource.sip\n./venv/lib/python3.12/site-packages/PyQt6/bindings/QtMultimedia/qcamera.sip\n./venv/lib/python3.12/site-packages/PyQt6/bindings/QtMultimedia/qcameradevice.sip\n./venv/lib/python3.12/site-packages/PyQt6/bindings/QtMultimedia/qcapturablewindow.sip\n./venv/lib/python3.12/site-packages/PyQt6/bindings/QtMultimedia/qimagecapture.sip\n./venv/lib/python3.12/site-packages/PyQt6/bindings/QtMultimedia/qmediacapturesession.sip\n./venv/lib/python3.12/site-packages/PyQt6/bindings/QtMultimedia/qmediadevices.sip\n./venv/lib/python3.12/site-packages/PyQt6/bindings/QtMultimedia/qmediaformat.sip\n./venv/lib/python3.12/site-packages/PyQt6/bindings/QtMultimedia/qmediametadata.sip\n./venv/lib/python3.12/site-packages/PyQt6/bindings/QtMultimedia/qmediaplayer.sip\n./venv/lib/python3.12/site-packages/PyQt6/bindings/QtMultimedia/qmediarecorder.sip\n./venv/lib/python3.12/site-packages/PyQt6/bindings/QtMultimedia/qmediatimerange.sip\n./venv/lib/python3.12/site-packages/PyQt6/bindings/QtMultimedia/qplaybackoptions.sip\n./venv/lib/python3.12/site-packages/PyQt6/bindings/QtMultimedia/qpymultimedia_qlist.sip\n./venv/lib/python3.12/site-packages/PyQt6/bindings/QtMultimedia/qscreencapture.sip\n./venv/lib/python3.12/site-packages/PyQt6/bindings/QtMultimedia/qsoundeffect.sip\n./venv/lib/python3.12/site-packages/PyQt6/bindings/QtMultimedia/qtvideo.sip\n./venv/lib/python3.12/site-packages/PyQt6/bindings/QtMultimedia/qvideoframe.sip\n./venv/lib/python3.12/site-packages/PyQt6/bindings/QtMultimedia/qvideoframeformat.sip\n./venv/lib/python3.12/site-packages/PyQt6/bindings/QtMultimedia/qvideoframeinput.sip\n./venv/lib/python3.12/site-packages/PyQt6/bindings/QtMultimedia/qvideosink.sip\n./venv/lib/python3.12/site-packages/PyQt6/bindings/QtMultimedia/qwindowcapture.sip\n./venv/lib/python3.12/site-packages/PyQt6/bindings/QtSpatialAudio/QtSpatialAudio.toml\n./venv/lib/python3.12/site-packages/PyQt6/bindings/QtSpatialAudio/QtSpatialAudiomod.sip\n./venv/lib/python3.12/site-packages/PyQt6/bindings/QtSpatialAudio/qambientsound.sip\n./venv/lib/python3.12/site-packages/PyQt6/bindings/QtSpatialAudio/qaudioengine.sip\n./venv/lib/python3.12/site-packages/PyQt6/bindings/QtSpatialAudio/qaudiolistener.sip\n./venv/lib/python3.12/site-packages/PyQt6/bindings/QtSpatialAudio/qaudioroom.sip\n./venv/lib/python3.12/site-packages/PyQt6/bindings/QtSpatialAudio/qspatialsound.sip\n./venv/lib/python3.12/site-packages/PyQt6/bindings/QtPositioning/QtPositioning.toml\n./venv/lib/python3.12/site-packages/PyQt6/bindings/QtPositioning/QtPositioningmod.sip\n./venv/lib/python3.12/site-packages/PyQt6/bindings/QtPositioning/qgeoaddress.sip\n./venv/lib/python3.12/site-packages/PyQt6/bindings/QtPositioning/qgeoareamonitorinfo.sip\n./venv/lib/python3.12/site-packages/PyQt6/bindings/QtPositioning/qgeoareamonitorsource.sip\n./venv/lib/python3.12/site-packages/PyQt6/bindings/QtPositioning/qgeocircle.sip\n./venv/lib/python3.12/site-packages/PyQt6/bindings/QtPositioning/qgeocoordinate.sip\n./venv/lib/python3.12/site-packages/PyQt6/bindings/QtPositioning/qgeolocation.sip\n./venv/lib/python3.12/site-packages/PyQt6/bindings/QtPositioning/qgeopath.sip\n./venv/lib/python3.12/site-packages/PyQt6/bindings/QtPositioning/qgeopolygon.sip\n./venv/lib/python3.12/site-packages/PyQt6/bindings/QtPositioning/qgeopositioninfo.sip\n./venv/lib/python3.12/site-packages/PyQt6/bindings/QtPositioning/qgeopositioninfosource.sip\n./venv/lib/python3.12/site-packages/PyQt6/bindings/QtPositioning/qgeorectangle.sip\n./venv/lib/python3.12/site-packages/PyQt6/bindings/QtPositioning/qgeosatelliteinfo.sip\n./venv/lib/python3.12/site-packages/PyQt6/bindings/QtPositioning/qgeosatelliteinfosource.sip\n./venv/lib/python3.12/site-packages/PyQt6/bindings/QtPositioning/qgeoshape.sip\n./venv/lib/python3.12/site-packages/PyQt6/bindings/QtPositioning/qnmeapositioninfosource.sip\n./venv/lib/python3.12/site-packages/PyQt6/bindings/QtPositioning/qnmeasatelliteinfosource.sip\n./venv/lib/python3.12/site-packages/PyQt6/bindings/QtTextToSpeech/QtTextToSpeech.toml\n./venv/lib/python3.12/site-packages/PyQt6/bindings/QtTextToSpeech/QtTextToSpeechmod.sip\n./venv/lib/python3.12/site-packages/PyQt6/bindings/QtTextToSpeech/qtexttospeech.sip\n./venv/lib/python3.12/site-packages/PyQt6/bindings/QtTextToSpeech/qvoice.sip\n./venv/lib/python3.12/site-packages/PyQt6/bindings/QtCore/QtCore.toml\n./venv/lib/python3.12/site-packages/PyQt6/bindings/QtCore/QtCoremod.sip\n./venv/lib/python3.12/site-packages/PyQt6/bindings/QtCore/pyqt-gpl.sip5\n./venv/lib/python3.12/site-packages/PyQt6/bindings/QtCore/qabstractanimation.sip\n./venv/lib/python3.12/site-packages/PyQt6/bindings/QtCore/qabstracteventdispatcher.sip\n./venv/lib/python3.12/site-packages/PyQt6/bindings/QtCore/qabstractitemmodel.sip\n./venv/lib/python3.12/site-packages/PyQt6/bindings/QtCore/qabstractnativeeventfilter.sip\n./venv/lib/python3.12/site-packages/PyQt6/bindings/QtCore/qabstractproxymodel.sip\n./venv/lib/python3.12/site-packages/PyQt6/bindings/QtCore/qanimationgroup.sip\n./venv/lib/python3.12/site-packages/PyQt6/bindings/QtCore/qanystringview.sip\n./venv/lib/python3.12/site-packages/PyQt6/bindings/QtCore/qbasictimer.sip\n./venv/lib/python3.12/site-packages/PyQt6/bindings/QtCore/qbitarray.sip\n./venv/lib/python3.12/site-packages/PyQt6/bindings/QtCore/qbuffer.sip\n./venv/lib/python3.12/site-packages/PyQt6/bindings/QtCore/qbytearray.sip\n./venv/lib/python3.12/site-packages/PyQt6/bindings/QtCore/qbytearrayalgorithms.sip\n./venv/lib/python3.12/site-packages/PyQt6/bindings/QtCore/qbytearraylist.sip\n./venv/lib/python3.12/site-packages/PyQt6/bindings/QtCore/qbytearraymatcher.sip\n./venv/lib/python3.12/site-packages/PyQt6/bindings/QtCore/qbytearrayview.sip\n./venv/lib/python3.12/site-packages/PyQt6/bindings/QtCore/qcalendar.sip\n./venv/lib/python3.12/site-packages/PyQt6/bindings/QtCore/qcborcommon.sip\n./venv/lib/python3.12/site-packages/PyQt6/bindings/QtCore/qcborstreamreader.sip\n./venv/lib/python3.12/site-packages/PyQt6/bindings/QtCore/qcborstreamwriter.sip\n./venv/lib/python3.12/site-packages/PyQt6/bindings/QtCore/qchar.sip\n./venv/lib/python3.12/site-packages/PyQt6/bindings/QtCore/qcollator.sip\n./venv/lib/python3.12/site-packages/PyQt6/bindings/QtCore/qcommandlineoption.sip\n./venv/lib/python3.12/site-packages/PyQt6/bindings/QtCore/qcommandlineparser.sip\n./venv/lib/python3.12/site-packages/PyQt6/bindings/QtCore/qconcatenatetablesproxymodel.sip\n./venv/lib/python3.12/site-packages/PyQt6/bindings/QtCore/qcoreapplication.sip\n./venv/lib/python3.12/site-packages/PyQt6/bindings/QtCore/qcoreevent.sip\n./venv/lib/python3.12/site-packages/PyQt6/bindings/QtCore/qcryptographichash.sip\n./venv/lib/python3.12/site-packages/PyQt6/bindings/QtCore/qdatastream.sip\n./venv/lib/python3.12/site-packages/PyQt6/bindings/QtCore/qdatetime.sip\n./venv/lib/python3.12/site-packages/PyQt6/bindings/QtCore/qdeadlinetimer.sip\n./venv/lib/python3.12/site-packages/PyQt6/bindings/QtCore/qdir.sip\n./venv/lib/python3.12/site-packages/PyQt6/bindings/QtCore/qdiriterator.sip\n./venv/lib/python3.12/site-packages/PyQt6/bindings/QtCore/qeasingcurve.sip\n./venv/lib/python3.12/site-packages/PyQt6/bindings/QtCore/qelapsedtimer.sip\n./venv/lib/python3.12/site-packages/PyQt6/bindings/QtCore/qeventloop.sip\n./venv/lib/python3.12/site-packages/PyQt6/bindings/QtCore/qfile.sip\n./venv/lib/python3.12/site-packages/PyQt6/bindings/QtCore/qfiledevice.sip\n./venv/lib/python3.12/site-packages/PyQt6/bindings/QtCore/qfileinfo.sip\n./venv/lib/python3.12/site-packages/PyQt6/bindings/QtCore/qfileselector.sip\n./venv/lib/python3.12/site-packages/PyQt6/bindings/QtCore/qfilesystemwatcher.sip\n./venv/lib/python3.12/site-packages/PyQt6/bindings/QtCore/qflags.sip\n./venv/lib/python3.12/site-packages/PyQt6/bindings/QtCore/qglobal.sip\n./venv/lib/python3.12/site-packages/PyQt6/bindings/QtCore/qidentityproxymodel.sip\n./venv/lib/python3.12/site-packages/PyQt6/bindings/QtCore/qiodevice.sip\n./venv/lib/python3.12/site-packages/PyQt6/bindings/QtCore/qiodevicebase.sip\n./venv/lib/python3.12/site-packages/PyQt6/bindings/QtCore/qitemselectionmodel.sip\n./venv/lib/python3.12/site-packages/PyQt6/bindings/QtCore/qjsonarray.sip\n./venv/lib/python3.12/site-packages/PyQt6/bindings/QtCore/qjsondocument.sip\n./venv/lib/python3.12/site-packages/PyQt6/bindings/QtCore/qjsonobject.sip\n./venv/lib/python3.12/site-packages/PyQt6/bindings/QtCore/qjsonparseerror.sip\n./venv/lib/python3.12/site-packages/PyQt6/bindings/QtCore/qjsonvalue.sip\n./venv/lib/python3.12/site-packages/PyQt6/bindings/QtCore/qlibrary.sip\n./venv/lib/python3.12/site-packages/PyQt6/bindings/QtCore/qlibraryinfo.sip\n./venv/lib/python3.12/site-packages/PyQt6/bindings/QtCore/qline.sip\n./venv/lib/python3.12/site-packages/PyQt6/bindings/QtCore/qlocale.sip\n./venv/lib/python3.12/site-packages/PyQt6/bindings/QtCore/qlockfile.sip\n./venv/lib/python3.12/site-packages/PyQt6/bindings/QtCore/qlogging.sip\n./venv/lib/python3.12/site-packages/PyQt6/bindings/QtCore/qloggingcategory.sip\n./venv/lib/python3.12/site-packages/PyQt6/bindings/QtCore/qmargins.sip\n./venv/lib/python3.12/site-packages/PyQt6/bindings/QtCore/qmessageauthenticationcode.sip\n./venv/lib/python3.12/site-packages/PyQt6/bindings/QtCore/qmetaobject.sip\n./venv/lib/python3.12/site-packages/PyQt6/bindings/QtCore/qmetatype.sip\n./venv/lib/python3.12/site-packages/PyQt6/bindings/QtCore/qmimedata.sip\n./venv/lib/python3.12/site-packages/PyQt6/bindings/QtCore/qmimedatabase.sip\n./venv/lib/python3.12/site-packages/PyQt6/bindings/QtCore/qmimetype.sip\n./venv/lib/python3.12/site-packages/PyQt6/bindings/QtCore/qmutex.sip\n./venv/lib/python3.12/site-packages/PyQt6/bindings/QtCore/qmutexlocker.sip\n./venv/lib/python3.12/site-packages/PyQt6/bindings/QtCore/qnamespace.sip\n./venv/lib/python3.12/site-packages/PyQt6/bindings/QtCore/qnumeric.sip\n./venv/lib/python3.12/site-packages/PyQt6/bindings/QtCore/qobject.sip\n./venv/lib/python3.12/site-packages/PyQt6/bindings/QtCore/qobjectcleanuphandler.sip\n./venv/lib/python3.12/site-packages/PyQt6/bindings/QtCore/qobjectdefs.sip\n./venv/lib/python3.12/site-packages/PyQt6/bindings/QtCore/qoperatingsystemversion.sip\n./venv/lib/python3.12/site-packages/PyQt6/bindings/QtCore/qparallelanimationgroup.sip\n./venv/lib/python3.12/site-packages/PyQt6/bindings/QtCore/qpauseanimation.sip\n./venv/lib/python3.12/site-packages/PyQt6/bindings/QtCore/qpermissions.sip\n./venv/lib/python3.12/site-packages/PyQt6/bindings/QtCore/qpluginloader.sip\n./venv/lib/python3.12/site-packages/PyQt6/bindings/QtCore/qpoint.sip\n./venv/lib/python3.12/site-packages/PyQt6/bindings/QtCore/qprocess.sip\n./venv/lib/python3.12/site-packages/PyQt6/bindings/QtCore/qpropertyanimation.sip\n./venv/lib/python3.12/site-packages/PyQt6/bindings/QtCore/qpycore_native_interface.sip\n./venv/lib/python3.12/site-packages/PyQt6/bindings/QtCore/qpycore_qhash.sip\n./venv/lib/python3.12/site-packages/PyQt6/bindings/QtCore/qpycore_qlist.sip\n./venv/lib/python3.12/site-packages/PyQt6/bindings/QtCore/qpycore_qmap.sip\n./venv/lib/python3.12/site-packages/PyQt6/bindings/QtCore/qpycore_qrangemodel.sip\n./venv/lib/python3.12/site-packages/PyQt6/bindings/QtCore/qpycore_qset.sip\n./venv/lib/python3.12/site-packages/PyQt6/bindings/QtCore/qpycore_std_chrono_duration.sip\n./venv/lib/python3.12/site-packages/PyQt6/bindings/QtCore/qpycore_std_optional.sip\n./venv/lib/python3.12/site-packages/PyQt6/bindings/QtCore/qpycore_std_pair.sip\n./venv/lib/python3.12/site-packages/PyQt6/bindings/QtCore/qpycore_virtual_error_handler.sip\n./venv/lib/python3.12/site-packages/PyQt6/bindings/QtCore/qrandom.sip\n./venv/lib/python3.12/site-packages/PyQt6/bindings/QtCore/qrangemodel.sip\n./venv/lib/python3.12/site-packages/PyQt6/bindings/QtCore/qreadwritelock.sip\n./venv/lib/python3.12/site-packages/PyQt6/bindings/QtCore/qrect.sip\n./venv/lib/python3.12/site-packages/PyQt6/bindings/QtCore/qregularexpression.sip\n./venv/lib/python3.12/site-packages/PyQt6/bindings/QtCore/qresource.sip\n./venv/lib/python3.12/site-packages/PyQt6/bindings/QtCore/qrunnable.sip\n./venv/lib/python3.12/site-packages/PyQt6/bindings/QtCore/qsavefile.sip\n./venv/lib/python3.12/site-packages/PyQt6/bindings/QtCore/qsemaphore.sip\n./venv/lib/python3.12/site-packages/PyQt6/bindings/QtCore/qsequentialanimationgroup.sip\n./venv/lib/python3.12/site-packages/PyQt6/bindings/QtCore/qsettings.sip\n./venv/lib/python3.12/site-packages/PyQt6/bindings/QtCore/qsharedmemory.sip\n./venv/lib/python3.12/site-packages/PyQt6/bindings/QtCore/qsignalmapper.sip\n./venv/lib/python3.12/site-packages/PyQt6/bindings/QtCore/qsize.sip\n./venv/lib/python3.12/site-packages/PyQt6/bindings/QtCore/qsocketnotifier.sip\n./venv/lib/python3.12/site-packages/PyQt6/bindings/QtCore/qsortfilterproxymodel.sip\n./venv/lib/python3.12/site-packages/PyQt6/bindings/QtCore/qstandardpaths.sip\n./venv/lib/python3.12/site-packages/PyQt6/bindings/QtCore/qstorageinfo.sip\n./venv/lib/python3.12/site-packages/PyQt6/bindings/QtCore/qstring.sip\n./venv/lib/python3.12/site-packages/PyQt6/bindings/QtCore/qstringconverter.sip\n./venv/lib/python3.12/site-packages/PyQt6/bindings/QtCore/qstringconverter_base.sip\n./venv/lib/python3.12/site-packages/PyQt6/bindings/QtCore/qstringlist.sip\n./venv/lib/python3.12/site-packages/PyQt6/bindings/QtCore/qstringlistmodel.sip\n./venv/lib/python3.12/site-packages/PyQt6/bindings/QtCore/qstringview.sip\n./venv/lib/python3.12/site-packages/PyQt6/bindings/QtCore/qsysinfo.sip\n./venv/lib/python3.12/site-packages/PyQt6/bindings/QtCore/qsystemsemaphore.sip\n./venv/lib/python3.12/site-packages/PyQt6/bindings/QtCore/qtemporarydir.sip\n./venv/lib/python3.12/site-packages/PyQt6/bindings/QtCore/qtemporaryfile.sip\n./venv/lib/python3.12/site-packages/PyQt6/bindings/QtCore/qtenvironmentvariables.sip\n./venv/lib/python3.12/site-packages/PyQt6/bindings/QtCore/qtextboundaryfinder.sip\n./venv/lib/python3.12/site-packages/PyQt6/bindings/QtCore/qtextstream.sip\n./venv/lib/python3.12/site-packages/PyQt6/bindings/QtCore/qthread.sip\n./venv/lib/python3.12/site-packages/PyQt6/bindings/QtCore/qthreadpool.sip\n./venv/lib/python3.12/site-packages/PyQt6/bindings/QtCore/qtimeline.sip\n./venv/lib/python3.12/site-packages/PyQt6/bindings/QtCore/qtimer.sip\n./venv/lib/python3.12/site-packages/PyQt6/bindings/QtCore/qtimezone.sip\n./venv/lib/python3.12/site-packages/PyQt6/bindings/QtCore/qtipccommon.sip\n./venv/lib/python3.12/site-packages/PyQt6/bindings/QtCore/qtranslator.sip\n./venv/lib/python3.12/site-packages/PyQt6/bindings/QtCore/qtransposeproxymodel.sip\n./venv/lib/python3.12/site-packages/PyQt6/bindings/QtCore/qtversion.sip\n./venv/lib/python3.12/site-packages/PyQt6/bindings/QtCore/qtyperevision.sip\n./venv/lib/python3.12/site-packages/PyQt6/bindings/QtCore/qtypes.sip\n./venv/lib/python3.12/site-packages/PyQt6/bindings/QtCore/qurl.sip\n./venv/lib/python3.12/site-packages/PyQt6/bindings/QtCore/qurlquery.sip\n./venv/lib/python3.12/site-packages/PyQt6/bindings/QtCore/quuid.sip\n./venv/lib/python3.12/site-packages/PyQt6/bindings/QtCore/qvariant.sip\n./venv/lib/python3.12/site-packages/PyQt6/bindings/QtCore/qvariantanimation.sip\n./venv/lib/python3.12/site-packages/PyQt6/bindings/QtCore/qversionnumber.sip\n./venv/lib/python3.12/site-packages/PyQt6/bindings/QtCore/qwaitcondition.sip\n./venv/lib/python3.12/site-packages/PyQt6/bindings/QtCore/qwineventnotifier.sip\n./venv/lib/python3.12/site-packages/PyQt6/bindings/QtCore/qxmlstream.sip\n./venv/lib/python3.12/site-packages/PyQt6/bindings/QtCore/qyieldcpu.sip\n./venv/lib/python3.12/site-packages/PyQt6/bindings/QtMultimediaWidgets/QtMultimediaWidgets.toml\n./venv/lib/python3.12/site-packages/PyQt6/bindings/QtMultimediaWidgets/QtMultimediaWidgetsmod.sip\n./venv/lib/python3.12/site-packages/PyQt6/bindings/QtMultimediaWidgets/qgraphicsvideoitem.sip\n./venv/lib/python3.12/site-packages/PyQt6/bindings/QtMultimediaWidgets/qvideowidget.sip\n./venv/lib/python3.12/site-packages/PyQt6/bindings/QtTest/QtTest.toml\n./venv/lib/python3.12/site-packages/PyQt6/bindings/QtTest/QtTestmod.sip\n./venv/lib/python3.12/site-packages/PyQt6/bindings/QtTest/qabstractitemmodeltester.sip\n./venv/lib/python3.12/site-packages/PyQt6/bindings/QtTest/qsignalspy.sip\n./venv/lib/python3.12/site-packages/PyQt6/bindings/QtTest/qtestkeyboard.sip\n./venv/lib/python3.12/site-packages/PyQt6/bindings/QtTest/qtestmouse.sip\n./venv/lib/python3.12/site-packages/PyQt6/bindings/QtTest/qtestsystem.sip\n./venv/lib/python3.12/site-packages/PyQt6/bindings/QtPdfWidgets/QtPdfWidgets.toml\n./venv/lib/python3.12/site-packages/PyQt6/bindings/QtPdfWidgets/QtPdfWidgetsmod.sip\n./venv/lib/python3.12/site-packages/PyQt6/bindings/QtPdfWidgets/qpdfpageselector.sip\n./venv/lib/python3.12/site-packages/PyQt6/bindings/QtPdfWidgets/qpdfview.sip\n```\n\n### Project Structure Diagram\n\n```mermaid\ngraph TD\n    Root[./]\n    Root --> node_dockerignore["dockerignore"]\n    Root --> node_env["env"]\n    Root --> node_env_example["env.example"]\n    Root --> node_gitignore["gitignore"]\n    Root --> node_Dockerfile["Dockerfile"]\n    Root --> node_LICENSE_ndaversis_txt["LICENSE_ndaversis.txt"]\n    Root --> node_config_json["config.json"]\n    Root --> node_docker-compose_yml["docker-compose.yml"]\n    Root --> node_final_test_results_txt["final_test_results.txt"]\n    Root --> node_ndaversis_py["ndaversis.py"]\n    Root --> node_ndaversis_logs_py["ndaversis_logs.py"]\n    Root --> node_ndaversis_metrics_json["ndaversis_metrics.json"]\n    Root --> node_ndaversis_privacy_policy_md["ndaversis_privacy_policy.md"]\n    Root --> node_ndaversis_readme_md["ndaversis_readme.md"]\n    Root --> node_ndaversis_requirements_txt["ndaversis_requirements.txt"]\n    Root --> node_ndaversis_state_json["ndaversis_state.json"]\n    Root --> node_ndaversis_version_history_py["ndaversis_version_history.py"]\n    Root --> node_readme_md["readme.md"]\n    Root --> node_task_txt["task.txt"]\n    Root --> node_test_txt["test.txt"]\n    Root --> node_test_config_json["test_config.json"]\n    Root --> node_test_failures_txt["test_failures.txt"]\n    Root --> node_test_ndaversis_py["test_ndaversis.py"]\n    Root --> node_test_ndaversis_readme_md["test_ndaversis_readme.md"]\n    Root --> node_test_results_txt["test_results.txt"]\n    Root --> node_venv["venv"]\n    node_venv --> node_venv_pyvenv_cfg["pyvenv.cfg"]\n    Root --> node_venv["venv"]\n    node_venv --> node_venv_bin["bin"]\n    node_venv_bin --> node_venv_bin_Activate_ps1["Activate.ps1"]\n    Root --> node_venv["venv"]\n    node_venv --> node_venv_bin["bin"]\n    node_venv_bin --> node_venv_bin_activate["activate"]\n    Root --> node_venv["venv"]\n    node_venv --> node_venv_bin["bin"]\n    node_venv_bin --> node_venv_bin_activate_csh["activate.csh"]\n    Root --> node_venv["venv"]\n    node_venv --> node_venv_bin["bin"]\n    node_venv_bin --> node_venv_bin_activate_fish["activate.fish"]\n    Root --> node_venv["venv"]\n    node_venv --> node_venv_bin["bin"]\n    node_venv_bin --> node_venv_bin_pip["pip"]\n    Root --> node_venv["venv"]\n    node_venv --> node_venv_bin["bin"]\n    node_venv_bin --> node_venv_bin_pip3["pip3"]\n    Root --> node_venv["venv"]\n    node_venv --> node_venv_bin["bin"]\n    node_venv_bin --> node_venv_bin_pip3_12["pip3.12"]\n    Root --> node_venv["venv"]\n    node_venv --> node_venv_bin["bin"]\n    node_venv_bin --> node_venv_bin_pylupdate6["pylupdate6"]\n    Root --> node_venv["venv"]\n    node_venv --> node_venv_bin["bin"]\n    node_venv_bin --> node_venv_bin_python["python"]\n    Root --> node_venv["venv"]\n    node_venv --> node_venv_bin["bin"]\n    node_venv_bin --> node_venv_bin_python3["python3"]\n    Root --> node_venv["venv"]\n    node_venv --> node_venv_bin["bin"]\n    node_venv_bin --> node_venv_bin_python3_12["python3.12"]\n    Root --> node_venv["venv"]\n    node_venv --> node_venv_bin["bin"]\n    node_venv_bin --> node_venv_bin_pyuic6["pyuic6"]\n    Root --> node_venv["venv"]\n    node_venv --> node_venv_lib["lib"]\n    node_venv_lib --> node_venv_lib_python3_12["python3.12"]\n    node_venv_lib_python3_12 --> node_venv_lib_python3_12_site-packages["site-packages"]\n    node_venv_lib_python3_12_site-packages --> node_venv_lib_python3_12_site-packages_pyqt6-6_10_2_dist-info["pyqt6-6.10.2.dist-info"]\n    node_venv_lib_python3_12_site-packages_pyqt6-6_10_2_dist-info --> node_venv_lib_python3_12_site-packages_pyqt6-6_10_2_dist-info_INSTALLER["INSTALLER"]\n    Root --> node_venv["venv"]\n    node_venv --> node_venv_lib["lib"]\n    node_venv_lib --> node_venv_lib_python3_12["python3.12"]\n    node_venv_lib_python3_12 --> node_venv_lib_python3_12_site-packages["site-packages"]\n    node_venv_lib_python3_12_site-packages --> node_venv_lib_python3_12_site-packages_pyqt6-6_10_2_dist-info["pyqt6-6.10.2.dist-info"]\n    node_venv_lib_python3_12_site-packages_pyqt6-6_10_2_dist-info --> node_venv_lib_python3_12_site-packages_pyqt6-6_10_2_dist-info_METADATA["METADATA"]\n    Root --> node_venv["venv"]\n    node_venv --> node_venv_lib["lib"]\n    node_venv_lib --> node_venv_lib_python3_12["python3.12"]\n    node_venv_lib_python3_12 --> node_venv_lib_python3_12_site-packages["site-packages"]\n    node_venv_lib_python3_12_site-packages --> node_venv_lib_python3_12_site-packages_pyqt6-6_10_2_dist-info["pyqt6-6.10.2.dist-info"]\n    node_venv_lib_python3_12_site-packages_pyqt6-6_10_2_dist-info --> node_venv_lib_python3_12_site-packages_pyqt6-6_10_2_dist-info_RECORD["RECORD"]\n    Root --> node_venv["venv"]\n    node_venv --> node_venv_lib["lib"]\n    node_venv_lib --> node_venv_lib_python3_12["python3.12"]\n    node_venv_lib_python3_12 --> node_venv_lib_python3_12_site-packages["site-packages"]\n    node_venv_lib_python3_12_site-packages --> node_venv_lib_python3_12_site-packages_pyqt6-6_10_2_dist-info["pyqt6-6.10.2.dist-info"]\n    node_venv_lib_python3_12_site-packages_pyqt6-6_10_2_dist-info --> node_venv_lib_python3_12_site-packages_pyqt6-6_10_2_dist-info_REQUESTED["REQUESTED"]\n    Root --> node_venv["venv"]\n    node_venv --> node_venv_lib["lib"]\n    node_venv_lib --> node_venv_lib_python3_12["python3.12"]\n    node_venv_lib_python3_12 --> node_venv_lib_python3_12_site-packages["site-packages"]\n    node_venv_lib_python3_12_site-packages --> node_venv_lib_python3_12_site-packages_pyqt6-6_10_2_dist-info["pyqt6-6.10.2.dist-info"]\n    node_venv_lib_python3_12_site-packages_pyqt6-6_10_2_dist-info --> node_venv_lib_python3_12_site-packages_pyqt6-6_10_2_dist-info_WHEEL["WHEEL"]\n    Root --> node_venv["venv"]\n    node_venv --> node_venv_lib["lib"]\n    node_venv_lib --> node_venv_lib_python3_12["python3.12"]\n    node_venv_lib_python3_12 --> node_venv_lib_python3_12_site-packages["site-packages"]\n    node_venv_lib_python3_12_site-packages --> node_venv_lib_python3_12_site-packages_pyqt6-6_10_2_dist-info["pyqt6-6.10.2.dist-info"]\n    node_venv_lib_python3_12_site-packages_pyqt6-6_10_2_dist-info --> node_venv_lib_python3_12_site-packages_pyqt6-6_10_2_dist-info_entry_points_txt["entry_points.txt"]\n    Root --> node_venv["venv"]\n    node_venv --> node_venv_lib["lib"]\n    node_venv_lib --> node_venv_lib_python3_12["python3.12"]\n    node_venv_lib_python3_12 --> node_venv_lib_python3_12_site-packages["site-packages"]\n    node_venv_lib_python3_12_site-packages --> node_venv_lib_python3_12_site-packages_pyqt6-6_10_2_dist-info["pyqt6-6.10.2.dist-info"]\n    node_venv_lib_python3_12_site-packages_pyqt6-6_10_2_dist-info --> node_venv_lib_python3_12_site-packages_pyqt6-6_10_2_dist-info_licenses["licenses"]\n    node_venv_lib_python3_12_site-packages_pyqt6-6_10_2_dist-info_licenses --> node_venv_lib_python3_12_site-packages_pyqt6-6_10_2_dist-info_licenses_LICENSE["LICENSE"]\n    Root --> node_venv["venv"]\n    node_venv --> node_venv_lib["lib"]\n    node_venv_lib --> node_venv_lib_python3_12["python3.12"]\n    node_venv_lib_python3_12 --> node_venv_lib_python3_12_site-packages["site-packages"]\n    node_venv_lib_python3_12_site-packages --> node_venv_lib_python3_12_site-packages_pip-25_0_1_dist-info["pip-25.0.1.dist-info"]\n    node_venv_lib_python3_12_site-packages_pip-25_0_1_dist-info --> node_venv_lib_python3_12_site-packages_pip-25_0_1_dist-info_INSTALLER["INSTALLER"]\n    Root --> node_venv["venv"]\n    node_venv --> node_venv_lib["lib"]\n    node_venv_lib --> node_venv_lib_python3_12["python3.12"]\n    node_venv_lib_python3_12 --> node_venv_lib_python3_12_site-packages["site-packages"]\n    node_venv_lib_python3_12_site-packages --> node_venv_lib_python3_12_site-packages_pip-25_0_1_dist-info["pip-25.0.1.dist-info"]\n    node_venv_lib_python3_12_site-packages_pip-25_0_1_dist-info --> node_venv_lib_python3_12_site-packages_pip-25_0_1_dist-info_METADATA["METADATA"]\n    Root --> node_venv["venv"]\n    node_venv --> node_venv_lib["lib"]\n    node_venv_lib --> node_venv_lib_python3_12["python3.12"]\n    node_venv_lib_python3_12 --> node_venv_lib_python3_12_site-packages["site-packages"]\n    node_venv_lib_python3_12_site-packages --> node_venv_lib_python3_12_site-packages_pip-25_0_1_dist-info["pip-25.0.1.dist-info"]\n    node_venv_lib_python3_12_site-packages_pip-25_0_1_dist-info --> node_venv_lib_python3_12_site-packages_pip-25_0_1_dist-info_RECORD["RECORD"]\n    Root --> node_venv["venv"]\n    node_venv --> node_venv_lib["lib"]\n    node_venv_lib --> node_venv_lib_python3_12["python3.12"]\n    node_venv_lib_python3_12 --> node_venv_lib_python3_12_site-packages["site-packages"]\n    node_venv_lib_python3_12_site-packages --> node_venv_lib_python3_12_site-packages_pip-25_0_1_dist-info["pip-25.0.1.dist-info"]\n    node_venv_lib_python3_12_site-packages_pip-25_0_1_dist-info --> node_venv_lib_python3_12_site-packages_pip-25_0_1_dist-info_REQUESTED["REQUESTED"]\n    Root --> node_venv["venv"]\n    node_venv --> node_venv_lib["lib"]\n    node_venv_lib --> node_venv_lib_python3_12["python3.12"]\n    node_venv_lib_python3_12 --> node_venv_lib_python3_12_site-packages["site-packages"]\n    node_venv_lib_python3_12_site-packages --> node_venv_lib_python3_12_site-packages_pip-25_0_1_dist-info["pip-25.0.1.dist-info"]\n    node_venv_lib_python3_12_site-packages_pip-25_0_1_dist-info --> node_venv_lib_python3_12_site-packages_pip-25_0_1_dist-info_WHEEL["WHEEL"]\n    Root --> node_venv["venv"]\n    node_venv --> node_venv_lib["lib"]\n    node_venv_lib --> node_venv_lib_python3_12["python3.12"]\n    node_venv_lib_python3_12 --> node_venv_lib_python3_12_site-packages["site-packages"]\n    node_venv_lib_python3_12_site-packages --> node_venv_lib_python3_12_site-packages_pip-25_0_1_dist-info["pip-25.0.1.dist-info"]\n    node_venv_lib_python3_12_site-packages_pip-25_0_1_dist-info --> node_venv_lib_python3_12_site-packages_pip-25_0_1_dist-info_entry_points_txt["entry_points.txt"]\n    Root --> node_venv["venv"]\n    node_venv --> node_venv_lib["lib"]\n    node_venv_lib --> node_venv_lib_python3_12["python3.12"]\n    node_venv_lib_python3_12 --> node_venv_lib_python3_12_site-packages["site-packages"]\n    node_venv_lib_python3_12_site-packages --> node_venv_lib_python3_12_site-packages_pip-25_0_1_dist-info["pip-25.0.1.dist-info"]\n    node_venv_lib_python3_12_site-packages_pip-25_0_1_dist-info --> node_venv_lib_python3_12_site-packages_pip-25_0_1_dist-info_top_level_txt["top_level.txt"]\n    Root --> node_venv["venv"]\n    node_venv --> node_venv_lib["lib"]\n    node_venv_lib --> node_venv_lib_python3_12["python3.12"]\n    node_venv_lib_python3_12 --> node_venv_lib_python3_12_site-packages["site-packages"]\n    node_venv_lib_python3_12_site-packages --> node_venv_lib_python3_12_site-packages_pip-25_0_1_dist-info["pip-25.0.1.dist-info"]\n    node_venv_lib_python3_12_site-packages_pip-25_0_1_dist-info --> node_venv_lib_python3_12_site-packages_pip-25_0_1_dist-info_licenses["licenses"]\n    node_venv_lib_python3_12_site-packages_pip-25_0_1_dist-info_licenses --> node_venv_lib_python3_12_site-packages_pip-25_0_1_dist-info_licenses_AUTHORS_txt["AUTHORS.txt"]\n    Root --> node_venv["venv"]\n    node_venv --> node_venv_lib["lib"]\n    node_venv_lib --> node_venv_lib_python3_12["python3.12"]\n    node_venv_lib_python3_12 --> node_venv_lib_python3_12_site-packages["site-packages"]\n    node_venv_lib_python3_12_site-packages --> node_venv_lib_python3_12_site-packages_pip-25_0_1_dist-info["pip-25.0.1.dist-info"]\n    node_venv_lib_python3_12_site-packages_pip-25_0_1_dist-info --> node_venv_lib_python3_12_site-packages_pip-25_0_1_dist-info_licenses["licenses"]\n    node_venv_lib_python3_12_site-packages_pip-25_0_1_dist-info_licenses --> node_venv_lib_python3_12_site-packages_pip-25_0_1_dist-info_licenses_LICENSE_txt["LICENSE.txt"]\n    Root --> node_venv["venv"]\n    node_venv --> node_venv_lib["lib"]\n    node_venv_lib --> node_venv_lib_python3_12["python3.12"]\n    node_venv_lib_python3_12 --> node_venv_lib_python3_12_site-packages["site-packages"]\n    node_venv_lib_python3_12_site-packages --> node_venv_lib_python3_12_site-packages_pip["pip"]\n    node_venv_lib_python3_12_site-packages_pip --> node_venv_lib_python3_12_site-packages_pip___init___py["__init__.py"]\n    Root --> node_venv["venv"]\n    node_venv --> node_venv_lib["lib"]\n    node_venv_lib --> node_venv_lib_python3_12["python3.12"]\n    node_venv_lib_python3_12 --> node_venv_lib_python3_12_site-packages["site-packages"]\n    node_venv_lib_python3_12_site-packages --> node_venv_lib_python3_12_site-packages_pip["pip"]\n    node_venv_lib_python3_12_site-packages_pip --> node_venv_lib_python3_12_site-packages_pip___main___py["__main__.py"]\n    Root --> node_venv["venv"]\n    node_venv --> node_venv_lib["lib"]\n    node_venv_lib --> node_venv_lib_python3_12["python3.12"]\n    node_venv_lib_python3_12 --> node_venv_lib_python3_12_site-packages["site-packages"]\n    node_venv_lib_python3_12_site-packages --> node_venv_lib_python3_12_site-packages_pip["pip"]\n    node_venv_lib_python3_12_site-packages_pip --> node_venv_lib_python3_12_site-packages_pip___pip-runner___py["__pip-runner__.py"]\n    Root --> node_venv["venv"]\n    node_venv --> node_venv_lib["lib"]\n    node_venv_lib --> node_venv_lib_python3_12["python3.12"]\n    node_venv_lib_python3_12 --> node_venv_lib_python3_12_site-packages["site-packages"]\n    node_venv_lib_python3_12_site-packages --> node_venv_lib_python3_12_site-packages_pip["pip"]\n    node_venv_lib_python3_12_site-packages_pip --> node_venv_lib_python3_12_site-packages_pip_py_typed["py.typed"]\n    Root --> node_venv["venv"]\n    node_venv --> node_venv_lib["lib"]\n    node_venv_lib --> node_venv_lib_python3_12["python3.12"]\n    node_venv_lib_python3_12 --> node_venv_lib_python3_12_site-packages["site-packages"]\n    node_venv_lib_python3_12_site-packages --> node_venv_lib_python3_12_site-packages_pip["pip"]\n    node_venv_lib_python3_12_site-packages_pip --> node_venv_lib_python3_12_site-packages_pip__internal["_internal"]\n    node_venv_lib_python3_12_site-packages_pip__internal --> node_venv_lib_python3_12_site-packages_pip__internal___init___py["__init__.py"]\n    Root --> node_venv["venv"]\n    node_venv --> node_venv_lib["lib"]\n    node_venv_lib --> node_venv_lib_python3_12["python3.12"]\n    node_venv_lib_python3_12 --> node_venv_lib_python3_12_site-packages["site-packages"]\n    node_venv_lib_python3_12_site-packages --> node_venv_lib_python3_12_site-packages_pip["pip"]\n    node_venv_lib_python3_12_site-packages_pip --> node_venv_lib_python3_12_site-packages_pip__internal["_internal"]\n    node_venv_lib_python3_12_site-packages_pip__internal --> node_venv_lib_python3_12_site-packages_pip__internal_build_env_py["build_env.py"]\n    Root --> node_venv["venv"]\n    node_venv --> node_venv_lib["lib"]\n    node_venv_lib --> node_venv_lib_python3_12["python3.12"]\n    node_venv_lib_python3_12 --> node_venv_lib_python3_12_site-packages["site-packages"]\n    node_venv_lib_python3_12_site-packages --> node_venv_lib_python3_12_site-packages_pip["pip"]\n    node_venv_lib_python3_12_site-packages_pip --> node_venv_lib_python3_12_site-packages_pip__internal["_internal"]\n    node_venv_lib_python3_12_site-packages_pip__internal --> node_venv_lib_python3_12_site-packages_pip__internal_cache_py["cache.py"]\n    Root --> node_venv["venv"]\n    node_venv --> node_venv_lib["lib"]\n    node_venv_lib --> node_venv_lib_python3_12["python3.12"]\n    node_venv_lib_python3_12 --> node_venv_lib_python3_12_site-packages["site-packages"]\n    node_venv_lib_python3_12_site-packages --> node_venv_lib_python3_12_site-packages_pip["pip"]\n    node_venv_lib_python3_12_site-packages_pip --> node_venv_lib_python3_12_site-packages_pip__internal["_internal"]\n    node_venv_lib_python3_12_site-packages_pip__internal --> node_venv_lib_python3_12_site-packages_pip__internal_configuration_py["configuration.py"]\n    Root --> node_venv["venv"]\n    node_venv --> node_venv_lib["lib"]\n    node_venv_lib --> node_venv_lib_python3_12["python3.12"]\n    node_venv_lib_python3_12 --> node_venv_lib_python3_12_site-packages["site-packages"]\n    node_venv_lib_python3_12_site-packages --> node_venv_lib_python3_12_site-packages_pip["pip"]\n    node_venv_lib_python3_12_site-packages_pip --> node_venv_lib_python3_12_site-packages_pip__internal["_internal"]\n    node_venv_lib_python3_12_site-packages_pip__internal --> node_venv_lib_python3_12_site-packages_pip__internal_exceptions_py["exceptions.py"]\n    Root --> node_venv["venv"]\n    node_venv --> node_venv_lib["lib"]\n    node_venv_lib --> node_venv_lib_python3_12["python3.12"]\n    node_venv_lib_python3_12 --> node_venv_lib_python3_12_site-packages["site-packages"]\n    node_venv_lib_python3_12_site-packages --> node_venv_lib_python3_12_site-packages_pip["pip"]\n    node_venv_lib_python3_12_site-packages_pip --> node_venv_lib_python3_12_site-packages_pip__internal["_internal"]\n    node_venv_lib_python3_12_site-packages_pip__internal --> node_venv_lib_python3_12_site-packages_pip__internal_main_py["main.py"]\n    Root --> node_venv["venv"]\n    node_venv --> node_venv_lib["lib"]\n    node_venv_lib --> node_venv_lib_python3_12["python3.12"]\n    node_venv_lib_python3_12 --> node_venv_lib_python3_12_site-packages["site-packages"]\n    node_venv_lib_python3_12_site-packages --> node_venv_lib_python3_12_site-packages_pip["pip"]\n    node_venv_lib_python3_12_site-packages_pip --> node_venv_lib_python3_12_site-packages_pip__internal["_internal"]\n    node_venv_lib_python3_12_site-packages_pip__internal --> node_venv_lib_python3_12_site-packages_pip__internal_pyproject_py["pyproject.py"]\n    Root --> node_venv["venv"]\n    node_venv --> node_venv_lib["lib"]\n    node_venv_lib --> node_venv_lib_python3_12["python3.12"]\n    node_venv_lib_python3_12 --> node_venv_lib_python3_12_site-packages["site-packages"]\n    node_venv_lib_python3_12_site-packages --> node_venv_lib_python3_12_site-packages_pip["pip"]\n    node_venv_lib_python3_12_site-packages_pip --> node_venv_lib_python3_12_site-packages_pip__internal["_internal"]\n    node_venv_lib_python3_12_site-packages_pip__internal --> node_venv_lib_python3_12_site-packages_pip__internal_self_outdated_check_py["self_outdated_check.py"]\n    Root --> node_venv["venv"]\n    node_venv --> node_venv_lib["lib"]\n    node_venv_lib --> node_venv_lib_python3_12["python3.12"]\n    node_venv_lib_python3_12 --> node_venv_lib_python3_12_site-packages["site-packages"]\n    node_venv_lib_python3_12_site-packages --> node_venv_lib_python3_12_site-packages_pip["pip"]\n    node_venv_lib_python3_12_site-packages_pip --> node_venv_lib_python3_12_site-packages_pip__internal["_internal"]\n    node_venv_lib_python3_12_site-packages_pip__internal --> node_venv_lib_python3_12_site-packages_pip__internal_wheel_builder_py["wheel_builder.py"]\n    Root --> node_venv["venv"]\n    node_venv --> node_venv_lib["lib"]\n    node_venv_lib --> node_venv_lib_python3_12["python3.12"]\n    node_venv_lib_python3_12 --> node_venv_lib_python3_12_site-packages["site-packages"]\n    node_venv_lib_python3_12_site-packages --> node_venv_lib_python3_12_site-packages_pip["pip"]\n    node_venv_lib_python3_12_site-packages_pip --> node_venv_lib_python3_12_site-packages_pip__internal["_internal"]\n    node_venv_lib_python3_12_site-packages_pip__internal --> node_venv_lib_python3_12_site-packages_pip__internal_network["network"]\n    node_venv_lib_python3_12_site-packages_pip__internal_network --> node_venv_lib_python3_12_site-packages_pip__internal_network___init___py["__init__.py"]\n    Root --> node_venv["venv"]\n    node_venv --> node_venv_lib["lib"]\n    node_venv_lib --> node_venv_lib_python3_12["python3.12"]\n    node_venv_lib_python3_12 --> node_venv_lib_python3_12_site-packages["site-packages"]\n    node_venv_lib_python3_12_site-packages --> node_venv_lib_python3_12_site-packages_pip["pip"]\n    node_venv_lib_python3_12_site-packages_pip --> node_venv_lib_python3_12_site-packages_pip__internal["_internal"]\n    node_venv_lib_python3_12_site-packages_pip__internal --> node_venv_lib_python3_12_site-packages_pip__internal_network["network"]\n    node_venv_lib_python3_12_site-packages_pip__internal_network --> node_venv_lib_python3_12_site-packages_pip__internal_network_auth_py["auth.py"]\n    Root --> node_venv["venv"]\n    node_venv --> node_venv_lib["lib"]\n    node_venv_lib --> node_venv_lib_python3_12["python3.12"]\n    node_venv_lib_python3_12 --> node_venv_lib_python3_12_site-packages["site-packages"]\n    node_venv_lib_python3_12_site-packages --> node_venv_lib_python3_12_site-packages_pip["pip"]\n    node_venv_lib_python3_12_site-packages_pip --> node_venv_lib_python3_12_site-packages_pip__internal["_internal"]\n    node_venv_lib_python3_12_site-packages_pip__internal --> node_venv_lib_python3_12_site-packages_pip__internal_network["network"]\n    node_venv_lib_python3_12_site-packages_pip__internal_network --> node_venv_lib_python3_12_site-packages_pip__internal_network_cache_py["cache.py"]\n    Root --> node_venv["venv"]\n    node_venv --> node_venv_lib["lib"]\n    node_venv_lib --> node_venv_lib_python3_12["python3.12"]\n    node_venv_lib_python3_12 --> node_venv_lib_python3_12_site-packages["site-packages"]\n    node_venv_lib_python3_12_site-packages --> node_venv_lib_python3_12_site-packages_pip["pip"]\n    node_venv_lib_python3_12_site-packages_pip --> node_venv_lib_python3_12_site-packages_pip__internal["_internal"]\n    node_venv_lib_python3_12_site-packages_pip__internal --> node_venv_lib_python3_12_site-packages_pip__internal_network["network"]\n    node_venv_lib_python3_12_site-packages_pip__internal_network --> node_venv_lib_python3_12_site-packages_pip__internal_network_download_py["download.py"]\n    Root --> node_venv["venv"]\n    node_venv --> node_venv_lib["lib"]\n    node_venv_lib --> node_venv_lib_python3_12["python3.12"]\n    node_venv_lib_python3_12 --> node_venv_lib_python3_12_site-packages["site-packages"]\n    node_venv_lib_python3_12_site-packages --> node_venv_lib_python3_12_site-packages_pip["pip"]\n    node_venv_lib_python3_12_site-packages_pip --> node_venv_lib_python3_12_site-packages_pip__internal["_internal"]\n    node_venv_lib_python3_12_site-packages_pip__internal --> node_venv_lib_python3_12_site-packages_pip__internal_network["network"]\n    node_venv_lib_python3_12_site-packages_pip__internal_network --> node_venv_lib_python3_12_site-packages_pip__internal_network_lazy_wheel_py["lazy_wheel.py"]\n    Root --> node_venv["venv"]\n    node_venv --> node_venv_lib["lib"]\n    node_venv_lib --> node_venv_lib_python3_12["python3.12"]\n    node_venv_lib_python3_12 --> node_venv_lib_python3_12_site-packages["site-packages"]\n    node_venv_lib_python3_12_site-packages --> node_venv_lib_python3_12_site-packages_pip["pip"]\n    node_venv_lib_python3_12_site-packages_pip --> node_venv_lib_python3_12_site-packages_pip__internal["_internal"]\n    node_venv_lib_python3_12_site-packages_pip__internal --> node_venv_lib_python3_12_site-packages_pip__internal_network["network"]\n    node_venv_lib_python3_12_site-packages_pip__internal_network --> node_venv_lib_python3_12_site-packages_pip__internal_network_session_py["session.py"]\n    Root --> node_venv["venv"]\n    node_venv --> node_venv_lib["lib"]\n    node_venv_lib --> node_venv_lib_python3_12["python3.12"]\n    node_venv_lib_python3_12 --> node_venv_lib_python3_12_site-packages["site-packages"]\n    node_venv_lib_python3_12_site-packages --> node_venv_lib_python3_12_site-packages_pip["pip"]\n    node_venv_lib_python3_12_site-packages_pip --> node_venv_lib_python3_12_site-packages_pip__internal["_internal"]\n    node_venv_lib_python3_12_site-packages_pip__internal --> node_venv_lib_python3_12_site-packages_pip__internal_network["network"]\n    node_venv_lib_python3_12_site-packages_pip__internal_network --> node_venv_lib_python3_12_site-packages_pip__internal_network_utils_py["utils.py"]\n    Root --> node_venv["venv"]\n    node_venv --> node_venv_lib["lib"]\n    node_venv_lib --> node_venv_lib_python3_12["python3.12"]\n    node_venv_lib_python3_12 --> node_venv_lib_python3_12_site-packages["site-packages"]\n    node_venv_lib_python3_12_site-packages --> node_venv_lib_python3_12_site-packages_pip["pip"]\n    node_venv_lib_python3_12_site-packages_pip --> node_venv_lib_python3_12_site-packages_pip__internal["_internal"]\n    node_venv_lib_python3_12_site-packages_pip__internal --> node_venv_lib_python3_12_site-packages_pip__internal_network["network"]\n    node_venv_lib_python3_12_site-packages_pip__internal_network --> node_venv_lib_python3_12_site-packages_pip__internal_network_xmlrpc_py["xmlrpc.py"]\n    Root --> node_venv["venv"]\n    node_venv --> node_venv_lib["lib"]\n    node_venv_lib --> node_venv_lib_python3_12["python3.12"]\n    node_venv_lib_python3_12 --> node_venv_lib_python3_12_site-packages["site-packages"]\n    node_venv_lib_python3_12_site-packages --> node_venv_lib_python3_12_site-packages_pip["pip"]\n    node_venv_lib_python3_12_site-packages_pip --> node_venv_lib_python3_12_site-packages_pip__internal["_internal"]\n    node_venv_lib_python3_12_site-packages_pip__internal --> node_venv_lib_python3_12_site-packages_pip__internal_utils["utils"]\n    node_venv_lib_python3_12_site-packages_pip__internal_utils --> node_venv_lib_python3_12_site-packages_pip__internal_utils___init___py["__init__.py"]\n    Root --> node_venv["venv"]\n    node_venv --> node_venv_lib["lib"]\n    node_venv_lib --> node_venv_lib_python3_12["python3.12"]\n    node_venv_lib_python3_12 --> node_venv_lib_python3_12_site-packages["site-packages"]\n    node_venv_lib_python3_12_site-packages --> node_venv_lib_python3_12_site-packages_pip["pip"]\n    node_venv_lib_python3_12_site-packages_pip --> node_venv_lib_python3_12_site-packages_pip__internal["_internal"]\n    node_venv_lib_python3_12_site-packages_pip__internal --> node_venv_lib_python3_12_site-packages_pip__internal_utils["utils"]\n    node_venv_lib_python3_12_site-packages_pip__internal_utils --> node_venv_lib_python3_12_site-packages_pip__internal_utils__jaraco_text_py["_jaraco_text.py"]\n    Root --> node_venv["venv"]\n    node_venv --> node_venv_lib["lib"]\n    node_venv_lib --> node_venv_lib_python3_12["python3.12"]\n    node_venv_lib_python3_12 --> node_venv_lib_python3_12_site-packages["site-packages"]\n    node_venv_lib_python3_12_site-packages --> node_venv_lib_python3_12_site-packages_pip["pip"]\n    node_venv_lib_python3_12_site-packages_pip --> node_venv_lib_python3_12_site-packages_pip__internal["_internal"]\n    node_venv_lib_python3_12_site-packages_pip__internal --> node_venv_lib_python3_12_site-packages_pip__internal_utils["utils"]\n    node_venv_lib_python3_12_site-packages_pip__internal_utils --> node_venv_lib_python3_12_site-packages_pip__internal_utils__log_py["_log.py"]\n    Root --> node_venv["venv"]\n    node_venv --> node_venv_lib["lib"]\n    node_venv_lib --> node_venv_lib_python3_12["python3.12"]\n    node_venv_lib_python3_12 --> node_venv_lib_python3_12_site-packages["site-packages"]\n    node_venv_lib_python3_12_site-packages --> node_venv_lib_python3_12_site-packages_pip["pip"]\n    node_venv_lib_python3_12_site-packages_pip --> node_venv_lib_python3_12_site-packages_pip__internal["_internal"]\n    node_venv_lib_python3_12_site-packages_pip__internal --> node_venv_lib_python3_12_site-packages_pip__internal_utils["utils"]\n    node_venv_lib_python3_12_site-packages_pip__internal_utils --> node_venv_lib_python3_12_site-packages_pip__internal_utils_appdirs_py["appdirs.py"]\n    Root --> node_venv["venv"]\n    node_venv --> node_venv_lib["lib"]\n    node_venv_lib --> node_venv_lib_python3_12["python3.12"]\n    node_venv_lib_python3_12 --> node_venv_lib_python3_12_site-packages["site-packages"]\n    node_venv_lib_python3_12_site-packages --> node_venv_lib_python3_12_site-packages_pip["pip"]\n    node_venv_lib_python3_12_site-packages_pip --> node_venv_lib_python3_12_site-packages_pip__internal["_internal"]\n    node_venv_lib_python3_12_site-packages_pip__internal --> node_venv_lib_python3_12_site-packages_pip__internal_utils["utils"]\n    node_venv_lib_python3_12_site-packages_pip__internal_utils --> node_venv_lib_python3_12_site-packages_pip__internal_utils_compat_py["compat.py"]\n    Root --> node_venv["venv"]\n    node_venv --> node_venv_lib["lib"]\n    node_venv_lib --> node_venv_lib_python3_12["python3.12"]\n    node_venv_lib_python3_12 --> node_venv_lib_python3_12_site-packages["site-packages"]\n    node_venv_lib_python3_12_site-packages --> node_venv_lib_python3_12_site-packages_pip["pip"]\n    node_venv_lib_python3_12_site-packages_pip --> node_venv_lib_python3_12_site-packages_pip__internal["_internal"]\n    node_venv_lib_python3_12_site-packages_pip__internal --> node_venv_lib_python3_12_site-packages_pip__internal_utils["utils"]\n    node_venv_lib_python3_12_site-packages_pip__internal_utils --> node_venv_lib_python3_12_site-packages_pip__internal_utils_compatibility_tags_py["compatibility_tags.py"]\n    Root --> node_venv["venv"]\n    node_venv --> node_venv_lib["lib"]\n    node_venv_lib --> node_venv_lib_python3_12["python3.12"]\n    node_venv_lib_python3_12 --> node_venv_lib_python3_12_site-packages["site-packages"]\n    node_venv_lib_python3_12_site-packages --> node_venv_lib_python3_12_site-packages_pip["pip"]\n    node_venv_lib_python3_12_site-packages_pip --> node_venv_lib_python3_12_site-packages_pip__internal["_internal"]\n    node_venv_lib_python3_12_site-packages_pip__internal --> node_venv_lib_python3_12_site-packages_pip__internal_utils["utils"]\n    node_venv_lib_python3_12_site-packages_pip__internal_utils --> node_venv_lib_python3_12_site-packages_pip__internal_utils_datetime_py["datetime.py"]\n    Root --> node_venv["venv"]\n    node_venv --> node_venv_lib["lib"]\n    node_venv_lib --> node_venv_lib_python3_12["python3.12"]\n    node_venv_lib_python3_12 --> node_venv_lib_python3_12_site-packages["site-packages"]\n    node_venv_lib_python3_12_site-packages --> node_venv_lib_python3_12_site-packages_pip["pip"]\n    node_venv_lib_python3_12_site-packages_pip --> node_venv_lib_python3_12_site-packages_pip__internal["_internal"]\n    node_venv_lib_python3_12_site-packages_pip__internal --> node_venv_lib_python3_12_site-packages_pip__internal_utils["utils"]\n    node_venv_lib_python3_12_site-packages_pip__internal_utils --> node_venv_lib_python3_12_site-packages_pip__internal_utils_deprecation_py["deprecation.py"]\n    Root --> node_venv["venv"]\n    node_venv --> node_venv_lib["lib"]\n    node_venv_lib --> node_venv_lib_python3_12["python3.12"]\n    node_venv_lib_python3_12 --> node_venv_lib_python3_12_site-packages["site-packages"]\n    node_venv_lib_python3_12_site-packages --> node_venv_lib_python3_12_site-packages_pip["pip"]\n    node_venv_lib_python3_12_site-packages_pip --> node_venv_lib_python3_12_site-packages_pip__internal["_internal"]\n    node_venv_lib_python3_12_site-packages_pip__internal --> node_venv_lib_python3_12_site-packages_pip__internal_utils["utils"]\n    node_venv_lib_python3_12_site-packages_pip__internal_utils --> node_venv_lib_python3_12_site-packages_pip__internal_utils_direct_url_helpers_py["direct_url_helpers.py"]\n    Root --> node_venv["venv"]\n    node_venv --> node_venv_lib["lib"]\n    node_venv_lib --> node_venv_lib_python3_12["python3.12"]\n    node_venv_lib_python3_12 --> node_venv_lib_python3_12_site-packages["site-packages"]\n    node_venv_lib_python3_12_site-packages --> node_venv_lib_python3_12_site-packages_pip["pip"]\n    node_venv_lib_python3_12_site-packages_pip --> node_venv_lib_python3_12_site-packages_pip__internal["_internal"]\n    node_venv_lib_python3_12_site-packages_pip__internal --> node_venv_lib_python3_12_site-packages_pip__internal_utils["utils"]\n    node_venv_lib_python3_12_site-packages_pip__internal_utils --> node_venv_lib_python3_12_site-packages_pip__internal_utils_egg_link_py["egg_link.py"]\n    Root --> node_venv["venv"]\n    node_venv --> node_venv_lib["lib"]\n    node_venv_lib --> node_venv_lib_python3_12["python3.12"]\n    node_venv_lib_python3_12 --> node_venv_lib_python3_12_site-packages["site-packages"]\n    node_venv_lib_python3_12_site-packages --> node_venv_lib_python3_12_site-packages_pip["pip"]\n    node_venv_lib_python3_12_site-packages_pip --> node_venv_lib_python3_12_site-packages_pip__internal["_internal"]\n    node_venv_lib_python3_12_site-packages_pip__internal --> node_venv_lib_python3_12_site-packages_pip__internal_utils["utils"]\n    node_venv_lib_python3_12_site-packages_pip__internal_utils --> node_venv_lib_python3_12_site-packages_pip__internal_utils_entrypoints_py["entrypoints.py"]\n    Root --> node_venv["venv"]\n    node_venv --> node_venv_lib["lib"]\n    node_venv_lib --> node_venv_lib_python3_12["python3.12"]\n    node_venv_lib_python3_12 --> node_venv_lib_python3_12_site-packages["site-packages"]\n    node_venv_lib_python3_12_site-packages --> node_venv_lib_python3_12_site-packages_pip["pip"]\n    node_venv_lib_python3_12_site-packages_pip --> node_venv_lib_python3_12_site-packages_pip__internal["_internal"]\n    node_venv_lib_python3_12_site-packages_pip__internal --> node_venv_lib_python3_12_site-packages_pip__internal_utils["utils"]\n    node_venv_lib_python3_12_site-packages_pip__internal_utils --> node_venv_lib_python3_12_site-packages_pip__internal_utils_filesystem_py["filesystem.py"]\n    Root --> node_venv["venv"]\n    node_venv --> node_venv_lib["lib"]\n    node_venv_lib --> node_venv_lib_python3_12["python3.12"]\n    node_venv_lib_python3_12 --> node_venv_lib_python3_12_site-packages["site-packages"]\n    node_venv_lib_python3_12_site-packages --> node_venv_lib_python3_12_site-packages_pip["pip"]\n    node_venv_lib_python3_12_site-packages_pip --> node_venv_lib_python3_12_site-packages_pip__internal["_internal"]\n    node_venv_lib_python3_12_site-packages_pip__internal --> node_venv_lib_python3_12_site-packages_pip__internal_utils["utils"]\n    node_venv_lib_python3_12_site-packages_pip__internal_utils --> node_venv_lib_python3_12_site-packages_pip__internal_utils_filetypes_py["filetypes.py"]\n    Root --> node_venv["venv"]\n    node_venv --> node_venv_lib["lib"]\n    node_venv_lib --> node_venv_lib_python3_12["python3.12"]\n    node_venv_lib_python3_12 --> node_venv_lib_python3_12_site-packages["site-packages"]\n    node_venv_lib_python3_12_site-packages --> node_venv_lib_python3_12_site-packages_pip["pip"]\n    node_venv_lib_python3_12_site-packages_pip --> node_venv_lib_python3_12_site-packages_pip__internal["_internal"]\n    node_venv_lib_python3_12_site-packages_pip__internal --> node_venv_lib_python3_12_site-packages_pip__internal_utils["utils"]\n    node_venv_lib_python3_12_site-packages_pip__internal_utils --> node_venv_lib_python3_12_site-packages_pip__internal_utils_glibc_py["glibc.py"]\n    Root --> node_venv["venv"]\n    node_venv --> node_venv_lib["lib"]\n    node_venv_lib --> node_venv_lib_python3_12["python3.12"]\n    node_venv_lib_python3_12 --> node_venv_lib_python3_12_site-packages["site-packages"]\n    node_venv_lib_python3_12_site-packages --> node_venv_lib_python3_12_site-packages_pip["pip"]\n    node_venv_lib_python3_12_site-packages_pip --> node_venv_lib_python3_12_site-packages_pip__internal["_internal"]\n    node_venv_lib_python3_12_site-packages_pip__internal --> node_venv_lib_python3_12_site-packages_pip__internal_utils["utils"]\n    node_venv_lib_python3_12_site-packages_pip__internal_utils --> node_venv_lib_python3_12_site-packages_pip__internal_utils_hashes_py["hashes.py"]\n    Root --> node_venv["venv"]\n    node_venv --> node_venv_lib["lib"]\n    node_venv_lib --> node_venv_lib_python3_12["python3.12"]\n    node_venv_lib_python3_12 --> node_venv_lib_python3_12_site-packages["site-packages"]\n    node_venv_lib_python3_12_site-packages --> node_venv_lib_python3_12_site-packages_pip["pip"]\n    node_venv_lib_python3_12_site-packages_pip --> node_venv_lib_python3_12_site-packages_pip__internal["_internal"]\n    node_venv_lib_python3_12_site-packages_pip__internal --> node_venv_lib_python3_12_site-packages_pip__internal_utils["utils"]\n    node_venv_lib_python3_12_site-packages_pip__internal_utils --> node_venv_lib_python3_12_site-packages_pip__internal_utils_logging_py["logging.py"]\n    Root --> node_venv["venv"]\n    node_venv --> node_venv_lib["lib"]\n    node_venv_lib --> node_venv_lib_python3_12["python3.12"]\n    node_venv_lib_python3_12 --> node_venv_lib_python3_12_site-packages["site-packages"]\n    node_venv_lib_python3_12_site-packages --> node_venv_lib_python3_12_site-packages_pip["pip"]\n    node_venv_lib_python3_12_site-packages_pip --> node_venv_lib_python3_12_site-packages_pip__internal["_internal"]\n    node_venv_lib_python3_12_site-packages_pip__internal --> node_venv_lib_python3_12_site-packages_pip__internal_utils["utils"]\n    node_venv_lib_python3_12_site-packages_pip__internal_utils --> node_venv_lib_python3_12_site-packages_pip__internal_utils_misc_py["misc.py"]\n    Root --> node_venv["venv"]\n    node_venv --> node_venv_lib["lib"]\n    node_venv_lib --> node_venv_lib_python3_12["python3.12"]\n    node_venv_lib_python3_12 --> node_venv_lib_python3_12_site-packages["site-packages"]\n    node_venv_lib_python3_12_site-packages --> node_venv_lib_python3_12_site-packages_pip["pip"]\n    node_venv_lib_python3_12_site-packages_pip --> node_venv_lib_python3_12_site-packages_pip__internal["_internal"]\n    node_venv_lib_python3_12_site-packages_pip__internal --> node_venv_lib_python3_12_site-packages_pip__internal_utils["utils"]\n    node_venv_lib_python3_12_site-packages_pip__internal_utils --> node_venv_lib_python3_12_site-packages_pip__internal_utils_packaging_py["packaging.py"]\n    Root --> node_venv["venv"]\n    node_venv --> node_venv_lib["lib"]\n    node_venv_lib --> node_venv_lib_python3_12["python3.12"]\n    node_venv_lib_python3_12 --> node_venv_lib_python3_12_site-packages["site-packages"]\n    node_venv_lib_python3_12_site-packages --> node_venv_lib_python3_12_site-packages_pip["pip"]\n    node_venv_lib_python3_12_site-packages_pip --> node_venv_lib_python3_12_site-packages_pip__internal["_internal"]\n    node_venv_lib_python3_12_site-packages_pip__internal --> node_venv_lib_python3_12_site-packages_pip__internal_utils["utils"]\n    node_venv_lib_python3_12_site-packages_pip__internal_utils --> node_venv_lib_python3_12_site-packages_pip__internal_utils_retry_py["retry.py"]\n    Root --> node_venv["venv"]\n    node_venv --> node_venv_lib["lib"]\n    node_venv_lib --> node_venv_lib_python3_12["python3.12"]\n    node_venv_lib_python3_12 --> node_venv_lib_python3_12_site-packages["site-packages"]\n    node_venv_lib_python3_12_site-packages --> node_venv_lib_python3_12_site-packages_pip["pip"]\n    node_venv_lib_python3_12_site-packages_pip --> node_venv_lib_python3_12_site-packages_pip__internal["_internal"]\n    node_venv_lib_python3_12_site-packages_pip__internal --> node_venv_lib_python3_12_site-packages_pip__internal_utils["utils"]\n    node_venv_lib_python3_12_site-packages_pip__internal_utils --> node_venv_lib_python3_12_site-packages_pip__internal_utils_setuptools_build_py["setuptools_build.py"]\n    Root --> node_venv["venv"]\n    node_venv --> node_venv_lib["lib"]\n    node_venv_lib --> node_venv_lib_python3_12["python3.12"]\n    node_venv_lib_python3_12 --> node_venv_lib_python3_12_site-packages["site-packages"]\n    node_venv_lib_python3_12_site-packages --> node_venv_lib_python3_12_site-packages_pip["pip"]\n    node_venv_lib_python3_12_site-packages_pip --> node_venv_lib_python3_12_site-packages_pip__internal["_internal"]\n    node_venv_lib_python3_12_site-packages_pip__internal --> node_venv_lib_python3_12_site-packages_pip__internal_utils["utils"]\n    node_venv_lib_python3_12_site-packages_pip__internal_utils --> node_venv_lib_python3_12_site-packages_pip__internal_utils_subprocess_py["subprocess.py"]\n    Root --> node_venv["venv"]\n    node_venv --> node_venv_lib["lib"]\n    node_venv_lib --> node_venv_lib_python3_12["python3.12"]\n    node_venv_lib_python3_12 --> node_venv_lib_python3_12_site-packages["site-packages"]\n    node_venv_lib_python3_12_site-packages --> node_venv_lib_python3_12_site-packages_pip["pip"]\n    node_venv_lib_python3_12_site-packages_pip --> node_venv_lib_python3_12_site-packages_pip__internal["_internal"]\n    node_venv_lib_python3_12_site-packages_pip__internal --> node_venv_lib_python3_12_site-packages_pip__internal_utils["utils"]\n    node_venv_lib_python3_12_site-packages_pip__internal_utils --> node_venv_lib_python3_12_site-packages_pip__internal_utils_temp_dir_py["temp_dir.py"]\n    Root --> node_venv["venv"]\n    node_venv --> node_venv_lib["lib"]\n    node_venv_lib --> node_venv_lib_python3_12["python3.12"]\n    node_venv_lib_python3_12 --> node_venv_lib_python3_12_site-packages["site-packages"]\n    node_venv_lib_python3_12_site-packages --> node_venv_lib_python3_12_site-packages_pip["pip"]\n    node_venv_lib_python3_12_site-packages_pip --> node_venv_lib_python3_12_site-packages_pip__internal["_internal"]\n    node_venv_lib_python3_12_site-packages_pip__internal --> node_venv_lib_python3_12_site-packages_pip__internal_utils["utils"]\n    node_venv_lib_python3_12_site-packages_pip__internal_utils --> node_venv_lib_python3_12_site-packages_pip__internal_utils_unpacking_py["unpacking.py"]\n    Root --> node_venv["venv"]\n    node_venv --> node_venv_lib["lib"]\n    node_venv_lib --> node_venv_lib_python3_12["python3.12"]\n    node_venv_lib_python3_12 --> node_venv_lib_python3_12_site-packages["site-packages"]\n    node_venv_lib_python3_12_site-packages --> node_venv_lib_python3_12_site-packages_pip["pip"]\n    node_venv_lib_python3_12_site-packages_pip --> node_venv_lib_python3_12_site-packages_pip__internal["_internal"]\n    node_venv_lib_python3_12_site-packages_pip__internal --> node_venv_lib_python3_12_site-packages_pip__internal_utils["utils"]\n    node_venv_lib_python3_12_site-packages_pip__internal_utils --> node_venv_lib_python3_12_site-packages_pip__internal_utils_urls_py["urls.py"]\n    Root --> node_venv["venv"]\n    node_venv --> node_venv_lib["lib"]\n    node_venv_lib --> node_venv_lib_python3_12["python3.12"]\n    node_venv_lib_python3_12 --> node_venv_lib_python3_12_site-packages["site-packages"]\n    node_venv_lib_python3_12_site-packages --> node_venv_lib_python3_12_site-packages_pip["pip"]\n    node_venv_lib_python3_12_site-packages_pip --> node_venv_lib_python3_12_site-packages_pip__internal["_internal"]\n    node_venv_lib_python3_12_site-packages_pip__internal --> node_venv_lib_python3_12_site-packages_pip__internal_utils["utils"]\n    node_venv_lib_python3_12_site-packages_pip__internal_utils --> node_venv_lib_python3_12_site-packages_pip__internal_utils_virtualenv_py["virtualenv.py"]\n    Root --> node_venv["venv"]\n    node_venv --> node_venv_lib["lib"]\n    node_venv_lib --> node_venv_lib_python3_12["python3.12"]\n    node_venv_lib_python3_12 --> node_venv_lib_python3_12_site-packages["site-packages"]\n    node_venv_lib_python3_12_site-packages --> node_venv_lib_python3_12_site-packages_pip["pip"]\n    node_venv_lib_python3_12_site-packages_pip --> node_venv_lib_python3_12_site-packages_pip__internal["_internal"]\n    node_venv_lib_python3_12_site-packages_pip__internal --> node_venv_lib_python3_12_site-packages_pip__internal_utils["utils"]\n    node_venv_lib_python3_12_site-packages_pip__internal_utils --> node_venv_lib_python3_12_site-packages_pip__internal_utils_wheel_py["wheel.py"]\n    Root --> node_venv["venv"]\n    node_venv --> node_venv_lib["lib"]\n    node_venv_lib --> node_venv_lib_python3_12["python3.12"]\n    node_venv_lib_python3_12 --> node_venv_lib_python3_12_site-packages["site-packages"]\n    node_venv_lib_python3_12_site-packages --> node_venv_lib_python3_12_site-packages_pip["pip"]\n    node_venv_lib_python3_12_site-packages_pip --> node_venv_lib_python3_12_site-packages_pip__internal["_internal"]\n    node_venv_lib_python3_12_site-packages_pip__internal --> node_venv_lib_python3_12_site-packages_pip__internal_models["models"]\n    node_venv_lib_python3_12_site-packages_pip__internal_models --> node_venv_lib_python3_12_site-packages_pip__internal_models___init___py["__init__.py"]\n    Root --> node_venv["venv"]\n    node_venv --> node_venv_lib["lib"]\n    node_venv_lib --> node_venv_lib_python3_12["python3.12"]\n    node_venv_lib_python3_12 --> node_venv_lib_python3_12_site-packages["site-packages"]\n    node_venv_lib_python3_12_site-packages --> node_venv_lib_python3_12_site-packages_pip["pip"]\n    node_venv_lib_python3_12_site-packages_pip --> node_venv_lib_python3_12_site-packages_pip__internal["_internal"]\n    node_venv_lib_python3_12_site-packages_pip__internal --> node_venv_lib_python3_12_site-packages_pip__internal_models["models"]\n    node_venv_lib_python3_12_site-packages_pip__internal_models --> node_venv_lib_python3_12_site-packages_pip__internal_models_candidate_py["candidate.py"]\n    Root --> node_venv["venv"]\n    node_venv --> node_venv_lib["lib"]\n    node_venv_lib --> node_venv_lib_python3_12["python3.12"]\n    node_venv_lib_python3_12 --> node_venv_lib_python3_12_site-packages["site-packages"]\n    node_venv_lib_python3_12_site-packages --> node_venv_lib_python3_12_site-packages_pip["pip"]\n    node_venv_lib_python3_12_site-packages_pip --> node_venv_lib_python3_12_site-packages_pip__internal["_internal"]\n    node_venv_lib_python3_12_site-packages_pip__internal --> node_venv_lib_python3_12_site-packages_pip__internal_models["models"]\n    node_venv_lib_python3_12_site-packages_pip__internal_models --> node_venv_lib_python3_12_site-packages_pip__internal_models_direct_url_py["direct_url.py"]\n    Root --> node_venv["venv"]\n    node_venv --> node_venv_lib["lib"]\n    node_venv_lib --> node_venv_lib_python3_12["python3.12"]\n    node_venv_lib_python3_12 --> node_venv_lib_python3_12_site-packages["site-packages"]\n    node_venv_lib_python3_12_site-packages --> node_venv_lib_python3_12_site-packages_pip["pip"]\n    node_venv_lib_python3_12_site-packages_pip --> node_venv_lib_python3_12_site-packages_pip__internal["_internal"]\n    node_venv_lib_python3_12_site-packages_pip__internal --> node_venv_lib_python3_12_site-packages_pip__internal_models["models"]\n    node_venv_lib_python3_12_site-packages_pip__internal_models --> node_venv_lib_python3_12_site-packages_pip__internal_models_format_control_py["format_control.py"]\n    Root --> node_venv["venv"]\n    node_venv --> node_venv_lib["lib"]\n    node_venv_lib --> node_venv_lib_python3_12["python3.12"]\n    node_venv_lib_python3_12 --> node_venv_lib_python3_12_site-packages["site-packages"]\n    node_venv_lib_python3_12_site-packages --> node_venv_lib_python3_12_site-packages_pip["pip"]\n    node_venv_lib_python3_12_site-packages_pip --> node_venv_lib_python3_12_site-packages_pip__internal["_internal"]\n    node_venv_lib_python3_12_site-packages_pip__internal --> node_venv_lib_python3_12_site-packages_pip__internal_models["models"]\n    node_venv_lib_python3_12_site-packages_pip__internal_models --> node_venv_lib_python3_12_site-packages_pip__internal_models_index_py["index.py"]\n    Root --> node_venv["venv"]\n    node_venv --> node_venv_lib["lib"]\n    node_venv_lib --> node_venv_lib_python3_12["python3.12"]\n    node_venv_lib_python3_12 --> node_venv_lib_python3_12_site-packages["site-packages"]\n    node_venv_lib_python3_12_site-packages --> node_venv_lib_python3_12_site-packages_pip["pip"]\n    node_venv_lib_python3_12_site-packages_pip --> node_venv_lib_python3_12_site-packages_pip__internal["_internal"]\n    node_venv_lib_python3_12_site-packages_pip__internal --> node_venv_lib_python3_12_site-packages_pip__internal_models["models"]\n    node_venv_lib_python3_12_site-packages_pip__internal_models --> node_venv_lib_python3_12_site-packages_pip__internal_models_installation_report_py["installation_report.py"]\n    Root --> node_venv["venv"]\n    node_venv --> node_venv_lib["lib"]\n    node_venv_lib --> node_venv_lib_python3_12["python3.12"]\n    node_venv_lib_python3_12 --> node_venv_lib_python3_12_site-packages["site-packages"]\n    node_venv_lib_python3_12_site-packages --> node_venv_lib_python3_12_site-packages_pip["pip"]\n    node_venv_lib_python3_12_site-packages_pip --> node_venv_lib_python3_12_site-packages_pip__internal["_internal"]\n    node_venv_lib_python3_12_site-packages_pip__internal --> node_venv_lib_python3_12_site-packages_pip__internal_models["models"]\n    node_venv_lib_python3_12_site-packages_pip__internal_models --> node_venv_lib_python3_12_site-packages_pip__internal_models_link_py["link.py"]\n    Root --> node_venv["venv"]\n    node_venv --> node_venv_lib["lib"]\n    node_venv_lib --> node_venv_lib_python3_12["python3.12"]\n    node_venv_lib_python3_12 --> node_venv_lib_python3_12_site-packages["site-packages"]\n    node_venv_lib_python3_12_site-packages --> node_venv_lib_python3_12_site-packages_pip["pip"]\n    node_venv_lib_python3_12_site-packages_pip --> node_venv_lib_python3_12_site-packages_pip__internal["_internal"]\n    node_venv_lib_python3_12_site-packages_pip__internal --> node_venv_lib_python3_12_site-packages_pip__internal_models["models"]\n    node_venv_lib_python3_12_site-packages_pip__internal_models --> node_venv_lib_python3_12_site-packages_pip__internal_models_scheme_py["scheme.py"]\n    Root --> node_venv["venv"]\n    node_venv --> node_venv_lib["lib"]\n    node_venv_lib --> node_venv_lib_python3_12["python3.12"]\n    node_venv_lib_python3_12 --> node_venv_lib_python3_12_site-packages["site-packages"]\n    node_venv_lib_python3_12_site-packages --> node_venv_lib_python3_12_site-packages_pip["pip"]\n    node_venv_lib_python3_12_site-packages_pip --> node_venv_lib_python3_12_site-packages_pip__internal["_internal"]\n    node_venv_lib_python3_12_site-packages_pip__internal --> node_venv_lib_python3_12_site-packages_pip__internal_models["models"]\n    node_venv_lib_python3_12_site-packages_pip__internal_models --> node_venv_lib_python3_12_site-packages_pip__internal_models_search_scope_py["search_scope.py"]\n    Root --> node_venv["venv"]\n    node_venv --> node_venv_lib["lib"]\n    node_venv_lib --> node_venv_lib_python3_12["python3.12"]\n    node_venv_lib_python3_12 --> node_venv_lib_python3_12_site-packages["site-packages"]\n    node_venv_lib_python3_12_site-packages --> node_venv_lib_python3_12_site-packages_pip["pip"]\n    node_venv_lib_python3_12_site-packages_pip --> node_venv_lib_python3_12_site-packages_pip__internal["_internal"]\n    node_venv_lib_python3_12_site-packages_pip__internal --> node_venv_lib_python3_12_site-packages_pip__internal_models["models"]\n    node_venv_lib_python3_12_site-packages_pip__internal_models --> node_venv_lib_python3_12_site-packages_pip__internal_models_selection_prefs_py["selection_prefs.py"]\n    Root --> node_venv["venv"]\n    node_venv --> node_venv_lib["lib"]\n    node_venv_lib --> node_venv_lib_python3_12["python3.12"]\n    node_venv_lib_python3_12 --> node_venv_lib_python3_12_site-packages["site-packages"]\n    node_venv_lib_python3_12_site-packages --> node_venv_lib_python3_12_site-packages_pip["pip"]\n    node_venv_lib_python3_12_site-packages_pip --> node_venv_lib_python3_12_site-packages_pip__internal["_internal"]\n    node_venv_lib_python3_12_site-packages_pip__internal --> node_venv_lib_python3_12_site-packages_pip__internal_models["models"]\n    node_venv_lib_python3_12_site-packages_pip__internal_models --> node_venv_lib_python3_12_site-packages_pip__internal_models_target_python_py["target_python.py"]\n    Root --> node_venv["venv"]\n    node_venv --> node_venv_lib["lib"]\n    node_venv_lib --> node_venv_lib_python3_12["python3.12"]\n    node_venv_lib_python3_12 --> node_venv_lib_python3_12_site-packages["site-packages"]\n    node_venv_lib_python3_12_site-packages --> node_venv_lib_python3_12_site-packages_pip["pip"]\n    node_venv_lib_python3_12_site-packages_pip --> node_venv_lib_python3_12_site-packages_pip__internal["_internal"]\n    node_venv_lib_python3_12_site-packages_pip__internal --> node_venv_lib_python3_12_site-packages_pip__internal_models["models"]\n    node_venv_lib_python3_12_site-packages_pip__internal_models --> node_venv_lib_python3_12_site-packages_pip__internal_models_wheel_py["wheel.py"]\n    Root --> node_venv["venv"]\n    node_venv --> node_venv_lib["lib"]\n    node_venv_lib --> node_venv_lib_python3_12["python3.12"]\n    node_venv_lib_python3_12 --> node_venv_lib_python3_12_site-packages["site-packages"]\n    node_venv_lib_python3_12_site-packages --> node_venv_lib_python3_12_site-packages_pip["pip"]\n    node_venv_lib_python3_12_site-packages_pip --> node_venv_lib_python3_12_site-packages_pip__internal["_internal"]\n    node_venv_lib_python3_12_site-packages_pip__internal --> node_venv_lib_python3_12_site-packages_pip__internal_cli["cli"]\n    node_venv_lib_python3_12_site-packages_pip__internal_cli --> node_venv_lib_python3_12_site-packages_pip__internal_cli___init___py["__init__.py"]\n    Root --> node_venv["venv"]\n    node_venv --> node_venv_lib["lib"]\n    node_venv_lib --> node_venv_lib_python3_12["python3.12"]\n    node_venv_lib_python3_12 --> node_venv_lib_python3_12_site-packages["site-packages"]\n    node_venv_lib_python3_12_site-packages --> node_venv_lib_python3_12_site-packages_pip["pip"]\n    node_venv_lib_python3_12_site-packages_pip --> node_venv_lib_python3_12_site-packages_pip__internal["_internal"]\n    node_venv_lib_python3_12_site-packages_pip__internal --> node_venv_lib_python3_12_site-packages_pip__internal_cli["cli"]\n    node_venv_lib_python3_12_site-packages_pip__internal_cli --> node_venv_lib_python3_12_site-packages_pip__internal_cli_autocompletion_py["autocompletion.py"]\n    Root --> node_venv["venv"]\n    node_venv --> node_venv_lib["lib"]\n    node_venv_lib --> node_venv_lib_python3_12["python3.12"]\n    node_venv_lib_python3_12 --> node_venv_lib_python3_12_site-packages["site-packages"]\n    node_venv_lib_python3_12_site-packages --> node_venv_lib_python3_12_site-packages_pip["pip"]\n    node_venv_lib_python3_12_site-packages_pip --> node_venv_lib_python3_12_site-packages_pip__internal["_internal"]\n    node_venv_lib_python3_12_site-packages_pip__internal --> node_venv_lib_python3_12_site-packages_pip__internal_cli["cli"]\n    node_venv_lib_python3_12_site-packages_pip__internal_cli --> node_venv_lib_python3_12_site-packages_pip__internal_cli_base_command_py["base_command.py"]\n    Root --> node_venv["venv"]\n    node_venv --> node_venv_lib["lib"]\n    node_venv_lib --> node_venv_lib_python3_12["python3.12"]\n    node_venv_lib_python3_12 --> node_venv_lib_python3_12_site-packages["site-packages"]\n    node_venv_lib_python3_12_site-packages --> node_venv_lib_python3_12_site-packages_pip["pip"]\n    node_venv_lib_python3_12_site-packages_pip --> node_venv_lib_python3_12_site-packages_pip__internal["_internal"]\n    node_venv_lib_python3_12_site-packages_pip__internal --> node_venv_lib_python3_12_site-packages_pip__internal_cli["cli"]\n    node_venv_lib_python3_12_site-packages_pip__internal_cli --> node_venv_lib_python3_12_site-packages_pip__internal_cli_cmdoptions_py["cmdoptions.py"]\n    Root --> node_venv["venv"]\n    node_venv --> node_venv_lib["lib"]\n    node_venv_lib --> node_venv_lib_python3_12["python3.12"]\n    node_venv_lib_python3_12 --> node_venv_lib_python3_12_site-packages["site-packages"]\n    node_venv_lib_python3_12_site-packages --> node_venv_lib_python3_12_site-packages_pip["pip"]\n    node_venv_lib_python3_12_site-packages_pip --> node_venv_lib_python3_12_site-packages_pip__internal["_internal"]\n    node_venv_lib_python3_12_site-packages_pip__internal --> node_venv_lib_python3_12_site-packages_pip__internal_cli["cli"]\n    node_venv_lib_python3_12_site-packages_pip__internal_cli --> node_venv_lib_python3_12_site-packages_pip__internal_cli_command_context_py["command_context.py"]\n    Root --> node_venv["venv"]\n    node_venv --> node_venv_lib["lib"]\n    node_venv_lib --> node_venv_lib_python3_12["python3.12"]\n    node_venv_lib_python3_12 --> node_venv_lib_python3_12_site-packages["site-packages"]\n    node_venv_lib_python3_12_site-packages --> node_venv_lib_python3_12_site-packages_pip["pip"]\n    node_venv_lib_python3_12_site-packages_pip --> node_venv_lib_python3_12_site-packages_pip__internal["_internal"]\n    node_venv_lib_python3_12_site-packages_pip__internal --> node_venv_lib_python3_12_site-packages_pip__internal_cli["cli"]\n    node_venv_lib_python3_12_site-packages_pip__internal_cli --> node_venv_lib_python3_12_site-packages_pip__internal_cli_index_command_py["index_command.py"]\n    Root --> node_venv["venv"]\n    node_venv --> node_venv_lib["lib"]\n    node_venv_lib --> node_venv_lib_python3_12["python3.12"]\n    node_venv_lib_python3_12 --> node_venv_lib_python3_12_site-packages["site-packages"]\n    node_venv_lib_python3_12_site-packages --> node_venv_lib_python3_12_site-packages_pip["pip"]\n    node_venv_lib_python3_12_site-packages_pip --> node_venv_lib_python3_12_site-packages_pip__internal["_internal"]\n    node_venv_lib_python3_12_site-packages_pip__internal --> node_venv_lib_python3_12_site-packages_pip__internal_cli["cli"]\n    node_venv_lib_python3_12_site-packages_pip__internal_cli --> node_venv_lib_python3_12_site-packages_pip__internal_cli_main_py["main.py"]\n    Root --> node_venv["venv"]\n    node_venv --> node_venv_lib["lib"]\n    node_venv_lib --> node_venv_lib_python3_12["python3.12"]\n    node_venv_lib_python3_12 --> node_venv_lib_python3_12_site-packages["site-packages"]\n    node_venv_lib_python3_12_site-packages --> node_venv_lib_python3_12_site-packages_pip["pip"]\n    node_venv_lib_python3_12_site-packages_pip --> node_venv_lib_python3_12_site-packages_pip__internal["_internal"]\n    node_venv_lib_python3_12_site-packages_pip__internal --> node_venv_lib_python3_12_site-packages_pip__internal_cli["cli"]\n    node_venv_lib_python3_12_site-packages_pip__internal_cli --> node_venv_lib_python3_12_site-packages_pip__internal_cli_main_parser_py["main_parser.py"]\n    Root --> node_venv["venv"]\n    node_venv --> node_venv_lib["lib"]\n    node_venv_lib --> node_venv_lib_python3_12["python3.12"]\n    node_venv_lib_python3_12 --> node_venv_lib_python3_12_site-packages["site-packages"]\n    node_venv_lib_python3_12_site-packages --> node_venv_lib_python3_12_site-packages_pip["pip"]\n    node_venv_lib_python3_12_site-packages_pip --> node_venv_lib_python3_12_site-packages_pip__internal["_internal"]\n    node_venv_lib_python3_12_site-packages_pip__internal --> node_venv_lib_python3_12_site-packages_pip__internal_cli["cli"]\n    node_venv_lib_python3_12_site-packages_pip__internal_cli --> node_venv_lib_python3_12_site-packages_pip__internal_cli_parser_py["parser.py"]\n    Root --> node_venv["venv"]\n    node_venv --> node_venv_lib["lib"]\n    node_venv_lib --> node_venv_lib_python3_12["python3.12"]\n    node_venv_lib_python3_12 --> node_venv_lib_python3_12_site-packages["site-packages"]\n    node_venv_lib_python3_12_site-packages --> node_venv_lib_python3_12_site-packages_pip["pip"]\n    node_venv_lib_python3_12_site-packages_pip --> node_venv_lib_python3_12_site-packages_pip__internal["_internal"]\n    node_venv_lib_python3_12_site-packages_pip__internal --> node_venv_lib_python3_12_site-packages_pip__internal_cli["cli"]\n    node_venv_lib_python3_12_site-packages_pip__internal_cli --> node_venv_lib_python3_12_site-packages_pip__internal_cli_progress_bars_py["progress_bars.py"]\n    Root --> node_venv["venv"]\n    node_venv --> node_venv_lib["lib"]\n    node_venv_lib --> node_venv_lib_python3_12["python3.12"]\n    node_venv_lib_python3_12 --> node_venv_lib_python3_12_site-packages["site-packages"]\n    node_venv_lib_python3_12_site-packages --> node_venv_lib_python3_12_site-packages_pip["pip"]\n    node_venv_lib_python3_12_site-packages_pip --> node_venv_lib_python3_12_site-packages_pip__internal["_internal"]\n    node_venv_lib_python3_12_site-packages_pip__internal --> node_venv_lib_python3_12_site-packages_pip__internal_cli["cli"]\n    node_venv_lib_python3_12_site-packages_pip__internal_cli --> node_venv_lib_python3_12_site-packages_pip__internal_cli_req_command_py["req_command.py"]\n    Root --> node_venv["venv"]\n    node_venv --> node_venv_lib["lib"]\n    node_venv_lib --> node_venv_lib_python3_12["python3.12"]\n    node_venv_lib_python3_12 --> node_venv_lib_python3_12_site-packages["site-packages"]\n    node_venv_lib_python3_12_site-packages --> node_venv_lib_python3_12_site-packages_pip["pip"]\n    node_venv_lib_python3_12_site-packages_pip --> node_venv_lib_python3_12_site-packages_pip__internal["_internal"]\n    node_venv_lib_python3_12_site-packages_pip__internal --> node_venv_lib_python3_12_site-packages_pip__internal_cli["cli"]\n    node_venv_lib_python3_12_site-packages_pip__internal_cli --> node_venv_lib_python3_12_site-packages_pip__internal_cli_spinners_py["spinners.py"]\n    Root --> node_venv["venv"]\n    node_venv --> node_venv_lib["lib"]\n    node_venv_lib --> node_venv_lib_python3_12["python3.12"]\n    node_venv_lib_python3_12 --> node_venv_lib_python3_12_site-packages["site-packages"]\n    node_venv_lib_python3_12_site-packages --> node_venv_lib_python3_12_site-packages_pip["pip"]\n    node_venv_lib_python3_12_site-packages_pip --> node_venv_lib_python3_12_site-packages_pip__internal["_internal"]\n    node_venv_lib_python3_12_site-packages_pip__internal --> node_venv_lib_python3_12_site-packages_pip__internal_cli["cli"]\n    node_venv_lib_python3_12_site-packages_pip__internal_cli --> node_venv_lib_python3_12_site-packages_pip__internal_cli_status_codes_py["status_codes.py"]\n    Root --> node_venv["venv"]\n    node_venv --> node_venv_lib["lib"]\n    node_venv_lib --> node_venv_lib_python3_12["python3.12"]\n    node_venv_lib_python3_12 --> node_venv_lib_python3_12_site-packages["site-packages"]\n    node_venv_lib_python3_12_site-packages --> node_venv_lib_python3_12_site-packages_pip["pip"]\n    node_venv_lib_python3_12_site-packages_pip --> node_venv_lib_python3_12_site-packages_pip__internal["_internal"]\n    node_venv_lib_python3_12_site-packages_pip__internal --> node_venv_lib_python3_12_site-packages_pip__internal_operations["operations"]\n    node_venv_lib_python3_12_site-packages_pip__internal_operations --> node_venv_lib_python3_12_site-packages_pip__internal_operations___init___py["__init__.py"]\n    Root --> node_venv["venv"]\n    node_venv --> node_venv_lib["lib"]\n    node_venv_lib --> node_venv_lib_python3_12["python3.12"]\n    node_venv_lib_python3_12 --> node_venv_lib_python3_12_site-packages["site-packages"]\n    node_venv_lib_python3_12_site-packages --> node_venv_lib_python3_12_site-packages_pip["pip"]\n    node_venv_lib_python3_12_site-packages_pip --> node_venv_lib_python3_12_site-packages_pip__internal["_internal"]\n    node_venv_lib_python3_12_site-packages_pip__internal --> node_venv_lib_python3_12_site-packages_pip__internal_operations["operations"]\n    node_venv_lib_python3_12_site-packages_pip__internal_operations --> node_venv_lib_python3_12_site-packages_pip__internal_operations_check_py["check.py"]\n    Root --> node_venv["venv"]\n    node_venv --> node_venv_lib["lib"]\n    node_venv_lib --> node_venv_lib_python3_12["python3.12"]\n    node_venv_lib_python3_12 --> node_venv_lib_python3_12_site-packages["site-packages"]\n    node_venv_lib_python3_12_site-packages --> node_venv_lib_python3_12_site-packages_pip["pip"]\n    node_venv_lib_python3_12_site-packages_pip --> node_venv_lib_python3_12_site-packages_pip__internal["_internal"]\n    node_venv_lib_python3_12_site-packages_pip__internal --> node_venv_lib_python3_12_site-packages_pip__internal_operations["operations"]\n    node_venv_lib_python3_12_site-packages_pip__internal_operations --> node_venv_lib_python3_12_site-packages_pip__internal_operations_freeze_py["freeze.py"]\n    Root --> node_venv["venv"]\n    node_venv --> node_venv_lib["lib"]\n    node_venv_lib --> node_venv_lib_python3_12["python3.12"]\n    node_venv_lib_python3_12 --> node_venv_lib_python3_12_site-packages["site-packages"]\n    node_venv_lib_python3_12_site-packages --> node_venv_lib_python3_12_site-packages_pip["pip"]\n    node_venv_lib_python3_12_site-packages_pip --> node_venv_lib_python3_12_site-packages_pip__internal["_internal"]\n    node_venv_lib_python3_12_site-packages_pip__internal --> node_venv_lib_python3_12_site-packages_pip__internal_operations["operations"]\n    node_venv_lib_python3_12_site-packages_pip__internal_operations --> node_venv_lib_python3_12_site-packages_pip__internal_operations_prepare_py["prepare.py"]\n    Root --> node_venv["venv"]\n    node_venv --> node_venv_lib["lib"]\n    node_venv_lib --> node_venv_lib_python3_12["python3.12"]\n    node_venv_lib_python3_12 --> node_venv_lib_python3_12_site-packages["site-packages"]\n    node_venv_lib_python3_12_site-packages --> node_venv_lib_python3_12_site-packages_pip["pip"]\n    node_venv_lib_python3_12_site-packages_pip --> node_venv_lib_python3_12_site-packages_pip__internal["_internal"]\n    node_venv_lib_python3_12_site-packages_pip__internal --> node_venv_lib_python3_12_site-packages_pip__internal_operations["operations"]\n    node_venv_lib_python3_12_site-packages_pip__internal_operations --> node_venv_lib_python3_12_site-packages_pip__internal_operations_install["install"]\n    node_venv_lib_python3_12_site-packages_pip__internal_operations_install --> node_venv_lib_python3_12_site-packages_pip__internal_operations_install___init___py["__init__.py"]\n    Root --> node_venv["venv"]\n    node_venv --> node_venv_lib["lib"]\n    node_venv_lib --> node_venv_lib_python3_12["python3.12"]\n    node_venv_lib_python3_12 --> node_venv_lib_python3_12_site-packages["site-packages"]\n    node_venv_lib_python3_12_site-packages --> node_venv_lib_python3_12_site-packages_pip["pip"]\n    node_venv_lib_python3_12_site-packages_pip --> node_venv_lib_python3_12_site-packages_pip__internal["_internal"]\n    node_venv_lib_python3_12_site-packages_pip__internal --> node_venv_lib_python3_12_site-packages_pip__internal_operations["operations"]\n    node_venv_lib_python3_12_site-packages_pip__internal_operations --> node_venv_lib_python3_12_site-packages_pip__internal_operations_install["install"]\n    node_venv_lib_python3_12_site-packages_pip__internal_operations_install --> node_venv_lib_python3_12_site-packages_pip__internal_operations_install_editable_legacy_py["editable_legacy.py"]\n    Root --> node_venv["venv"]\n    node_venv --> node_venv_lib["lib"]\n    node_venv_lib --> node_venv_lib_python3_12["python3.12"]\n    node_venv_lib_python3_12 --> node_venv_lib_python3_12_site-packages["site-packages"]\n    node_venv_lib_python3_12_site-packages --> node_venv_lib_python3_12_site-packages_pip["pip"]\n    node_venv_lib_python3_12_site-packages_pip --> node_venv_lib_python3_12_site-packages_pip__internal["_internal"]\n    node_venv_lib_python3_12_site-packages_pip__internal --> node_venv_lib_python3_12_site-packages_pip__internal_operations["operations"]\n    node_venv_lib_python3_12_site-packages_pip__internal_operations --> node_venv_lib_python3_12_site-packages_pip__internal_operations_install["install"]\n    node_venv_lib_python3_12_site-packages_pip__internal_operations_install --> node_venv_lib_python3_12_site-packages_pip__internal_operations_install_wheel_py["wheel.py"]\n    Root --> node_venv["venv"]\n    node_venv --> node_venv_lib["lib"]\n    node_venv_lib --> node_venv_lib_python3_12["python3.12"]\n    node_venv_lib_python3_12 --> node_venv_lib_python3_12_site-packages["site-packages"]\n    node_venv_lib_python3_12_site-packages --> node_venv_lib_python3_12_site-packages_pip["pip"]\n    node_venv_lib_python3_12_site-packages_pip --> node_venv_lib_python3_12_site-packages_pip__internal["_internal"]\n    node_venv_lib_python3_12_site-packages_pip__internal --> node_venv_lib_python3_12_site-packages_pip__internal_operations["operations"]\n    node_venv_lib_python3_12_site-packages_pip__internal_operations --> node_venv_lib_python3_12_site-packages_pip__internal_operations_build["build"]\n    node_venv_lib_python3_12_site-packages_pip__internal_operations_build --> node_venv_lib_python3_12_site-packages_pip__internal_operations_build___init___py["__init__.py"]\n    Root --> node_venv["venv"]\n    node_venv --> node_venv_lib["lib"]\n    node_venv_lib --> node_venv_lib_python3_12["python3.12"]\n    node_venv_lib_python3_12 --> node_venv_lib_python3_12_site-packages["site-packages"]\n    node_venv_lib_python3_12_site-packages --> node_venv_lib_python3_12_site-packages_pip["pip"]\n    node_venv_lib_python3_12_site-packages_pip --> node_venv_lib_python3_12_site-packages_pip__internal["_internal"]\n    node_venv_lib_python3_12_site-packages_pip__internal --> node_venv_lib_python3_12_site-packages_pip__internal_operations["operations"]\n    node_venv_lib_python3_12_site-packages_pip__internal_operations --> node_venv_lib_python3_12_site-packages_pip__internal_operations_build["build"]\n    node_venv_lib_python3_12_site-packages_pip__internal_operations_build --> node_venv_lib_python3_12_site-packages_pip__internal_operations_build_build_tracker_py["build_tracker.py"]\n    Root --> node_venv["venv"]\n    node_venv --> node_venv_lib["lib"]\n    node_venv_lib --> node_venv_lib_python3_12["python3.12"]\n    node_venv_lib_python3_12 --> node_venv_lib_python3_12_site-packages["site-packages"]\n    node_venv_lib_python3_12_site-packages --> node_venv_lib_python3_12_site-packages_pip["pip"]\n    node_venv_lib_python3_12_site-packages_pip --> node_venv_lib_python3_12_site-packages_pip__internal["_internal"]\n    node_venv_lib_python3_12_site-packages_pip__internal --> node_venv_lib_python3_12_site-packages_pip__internal_operations["operations"]\n    node_venv_lib_python3_12_site-packages_pip__internal_operations --> node_venv_lib_python3_12_site-packages_pip__internal_operations_build["build"]\n    node_venv_lib_python3_12_site-packages_pip__internal_operations_build --> node_venv_lib_python3_12_site-packages_pip__internal_operations_build_metadata_py["metadata.py"]\n    Root --> node_venv["venv"]\n    node_venv --> node_venv_lib["lib"]\n    node_venv_lib --> node_venv_lib_python3_12["python3.12"]\n    node_venv_lib_python3_12 --> node_venv_lib_python3_12_site-packages["site-packages"]\n    node_venv_lib_python3_12_site-packages --> node_venv_lib_python3_12_site-packages_pip["pip"]\n    node_venv_lib_python3_12_site-packages_pip --> node_venv_lib_python3_12_site-packages_pip__internal["_internal"]\n    node_venv_lib_python3_12_site-packages_pip__internal --> node_venv_lib_python3_12_site-packages_pip__internal_operations["operations"]\n    node_venv_lib_python3_12_site-packages_pip__internal_operations --> node_venv_lib_python3_12_site-packages_pip__internal_operations_build["build"]\n    node_venv_lib_python3_12_site-packages_pip__internal_operations_build --> node_venv_lib_python3_12_site-packages_pip__internal_operations_build_metadata_editable_py["metadata_editable.py"]\n    Root --> node_venv["venv"]\n    node_venv --> node_venv_lib["lib"]\n    node_venv_lib --> node_venv_lib_python3_12["python3.12"]\n    node_venv_lib_python3_12 --> node_venv_lib_python3_12_site-packages["site-packages"]\n    node_venv_lib_python3_12_site-packages --> node_venv_lib_python3_12_site-packages_pip["pip"]\n    node_venv_lib_python3_12_site-packages_pip --> node_venv_lib_python3_12_site-packages_pip__internal["_internal"]\n    node_venv_lib_python3_12_site-packages_pip__internal --> node_venv_lib_python3_12_site-packages_pip__internal_operations["operations"]\n    node_venv_lib_python3_12_site-packages_pip__internal_operations --> node_venv_lib_python3_12_site-packages_pip__internal_operations_build["build"]\n    node_venv_lib_python3_12_site-packages_pip__internal_operations_build --> node_venv_lib_python3_12_site-packages_pip__internal_operations_build_metadata_legacy_py["metadata_legacy.py"]\n    Root --> node_venv["venv"]\n    node_venv --> node_venv_lib["lib"]\n    node_venv_lib --> node_venv_lib_python3_12["python3.12"]\n    node_venv_lib_python3_12 --> node_venv_lib_python3_12_site-packages["site-packages"]\n    node_venv_lib_python3_12_site-packages --> node_venv_lib_python3_12_site-packages_pip["pip"]\n    node_venv_lib_python3_12_site-packages_pip --> node_venv_lib_python3_12_site-packages_pip__internal["_internal"]\n    node_venv_lib_python3_12_site-packages_pip__internal --> node_venv_lib_python3_12_site-packages_pip__internal_operations["operations"]\n    node_venv_lib_python3_12_site-packages_pip__internal_operations --> node_venv_lib_python3_12_site-packages_pip__internal_operations_build["build"]\n    node_venv_lib_python3_12_site-packages_pip__internal_operations_build --> node_venv_lib_python3_12_site-packages_pip__internal_operations_build_wheel_py["wheel.py"]\n    Root --> node_venv["venv"]\n    node_venv --> node_venv_lib["lib"]\n    node_venv_lib --> node_venv_lib_python3_12["python3.12"]\n    node_venv_lib_python3_12 --> node_venv_lib_python3_12_site-packages["site-packages"]\n    node_venv_lib_python3_12_site-packages --> node_venv_lib_python3_12_site-packages_pip["pip"]\n    node_venv_lib_python3_12_site-packages_pip --> node_venv_lib_python3_12_site-packages_pip__internal["_internal"]\n    node_venv_lib_python3_12_site-packages_pip__internal --> node_venv_lib_python3_12_site-packages_pip__internal_operations["operations"]\n    node_venv_lib_python3_12_site-packages_pip__internal_operations --> node_venv_lib_python3_12_site-packages_pip__internal_operations_build["build"]\n    node_venv_lib_python3_12_site-packages_pip__internal_operations_build --> node_venv_lib_python3_12_site-packages_pip__internal_operations_build_wheel_editable_py["wheel_editable.py"]\n    Root --> node_venv["venv"]\n    node_venv --> node_venv_lib["lib"]\n    node_venv_lib --> node_venv_lib_python3_12["python3.12"]\n    node_venv_lib_python3_12 --> node_venv_lib_python3_12_site-packages["site-packages"]\n    node_venv_lib_python3_12_site-packages --> node_venv_lib_python3_12_site-packages_pip["pip"]\n    node_venv_lib_python3_12_site-packages_pip --> node_venv_lib_python3_12_site-packages_pip__internal["_internal"]\n    node_venv_lib_python3_12_site-packages_pip__internal --> node_venv_lib_python3_12_site-packages_pip__internal_operations["operations"]\n    node_venv_lib_python3_12_site-packages_pip__internal_operations --> node_venv_lib_python3_12_site-packages_pip__internal_operations_build["build"]\n    node_venv_lib_python3_12_site-packages_pip__internal_operations_build --> node_venv_lib_python3_12_site-packages_pip__internal_operations_build_wheel_legacy_py["wheel_legacy.py"]\n    Root --> node_venv["venv"]\n    node_venv --> node_venv_lib["lib"]\n    node_venv_lib --> node_venv_lib_python3_12["python3.12"]\n    node_venv_lib_python3_12 --> node_venv_lib_python3_12_site-packages["site-packages"]\n    node_venv_lib_python3_12_site-packages --> node_venv_lib_python3_12_site-packages_pip["pip"]\n    node_venv_lib_python3_12_site-packages_pip --> node_venv_lib_python3_12_site-packages_pip__internal["_internal"]\n    node_venv_lib_python3_12_site-packages_pip__internal --> node_venv_lib_python3_12_site-packages_pip__internal_req["req"]\n    node_venv_lib_python3_12_site-packages_pip__internal_req --> node_venv_lib_python3_12_site-packages_pip__internal_req___init___py["__init__.py"]\n    Root --> node_venv["venv"]\n    node_venv --> node_venv_lib["lib"]\n    node_venv_lib --> node_venv_lib_python3_12["python3.12"]\n    node_venv_lib_python3_12 --> node_venv_lib_python3_12_site-packages["site-packages"]\n    node_venv_lib_python3_12_site-packages --> node_venv_lib_python3_12_site-packages_pip["pip"]\n    node_venv_lib_python3_12_site-packages_pip --> node_venv_lib_python3_12_site-packages_pip__internal["_internal"]\n    node_venv_lib_python3_12_site-packages_pip__internal --> node_venv_lib_python3_12_site-packages_pip__internal_req["req"]\n    node_venv_lib_python3_12_site-packages_pip__internal_req --> node_venv_lib_python3_12_site-packages_pip__internal_req_constructors_py["constructors.py"]\n    Root --> node_venv["venv"]\n    node_venv --> node_venv_lib["lib"]\n    node_venv_lib --> node_venv_lib_python3_12["python3.12"]\n    node_venv_lib_python3_12 --> node_venv_lib_python3_12_site-packages["site-packages"]\n    node_venv_lib_python3_12_site-packages --> node_venv_lib_python3_12_site-packages_pip["pip"]\n    node_venv_lib_python3_12_site-packages_pip --> node_venv_lib_python3_12_site-packages_pip__internal["_internal"]\n    node_venv_lib_python3_12_site-packages_pip__internal --> node_venv_lib_python3_12_site-packages_pip__internal_req["req"]\n    node_venv_lib_python3_12_site-packages_pip__internal_req --> node_venv_lib_python3_12_site-packages_pip__internal_req_req_file_py["req_file.py"]\n    Root --> node_venv["venv"]\n    node_venv --> node_venv_lib["lib"]\n    node_venv_lib --> node_venv_lib_python3_12["python3.12"]\n    node_venv_lib_python3_12 --> node_venv_lib_python3_12_site-packages["site-packages"]\n    node_venv_lib_python3_12_site-packages --> node_venv_lib_python3_12_site-packages_pip["pip"]\n    node_venv_lib_python3_12_site-packages_pip --> node_venv_lib_python3_12_site-packages_pip__internal["_internal"]\n    node_venv_lib_python3_12_site-packages_pip__internal --> node_venv_lib_python3_12_site-packages_pip__internal_req["req"]\n    node_venv_lib_python3_12_site-packages_pip__internal_req --> node_venv_lib_python3_12_site-packages_pip__internal_req_req_install_py["req_install.py"]\n    Root --> node_venv["venv"]\n    node_venv --> node_venv_lib["lib"]\n    node_venv_lib --> node_venv_lib_python3_12["python3.12"]\n    node_venv_lib_python3_12 --> node_venv_lib_python3_12_site-packages["site-packages"]\n    node_venv_lib_python3_12_site-packages --> node_venv_lib_python3_12_site-packages_pip["pip"]\n    node_venv_lib_python3_12_site-packages_pip --> node_venv_lib_python3_12_site-packages_pip__internal["_internal"]\n    node_venv_lib_python3_12_site-packages_pip__internal --> node_venv_lib_python3_12_site-packages_pip__internal_req["req"]\n    node_venv_lib_python3_12_site-packages_pip__internal_req --> node_venv_lib_python3_12_site-packages_pip__internal_req_req_set_py["req_set.py"]\n    Root --> node_venv["venv"]\n    node_venv --> node_venv_lib["lib"]\n    node_venv_lib --> node_venv_lib_python3_12["python3.12"]\n    node_venv_lib_python3_12 --> node_venv_lib_python3_12_site-packages["site-packages"]\n    node_venv_lib_python3_12_site-packages --> node_venv_lib_python3_12_site-packages_pip["pip"]\n    node_venv_lib_python3_12_site-packages_pip --> node_venv_lib_python3_12_site-packages_pip__internal["_internal"]\n    node_venv_lib_python3_12_site-packages_pip__internal --> node_venv_lib_python3_12_site-packages_pip__internal_req["req"]\n    node_venv_lib_python3_12_site-packages_pip__internal_req --> node_venv_lib_python3_12_site-packages_pip__internal_req_req_uninstall_py["req_uninstall.py"]\n    Root --> node_venv["venv"]\n    node_venv --> node_venv_lib["lib"]\n    node_venv_lib --> node_venv_lib_python3_12["python3.12"]\n    node_venv_lib_python3_12 --> node_venv_lib_python3_12_site-packages["site-packages"]\n    node_venv_lib_python3_12_site-packages --> node_venv_lib_python3_12_site-packages_pip["pip"]\n    node_venv_lib_python3_12_site-packages_pip --> node_venv_lib_python3_12_site-packages_pip__internal["_internal"]\n    node_venv_lib_python3_12_site-packages_pip__internal --> node_venv_lib_python3_12_site-packages_pip__internal_resolution["resolution"]\n    node_venv_lib_python3_12_site-packages_pip__internal_resolution --> node_venv_lib_python3_12_site-packages_pip__internal_resolution___init___py["__init__.py"]\n    Root --> node_venv["venv"]\n    node_venv --> node_venv_lib["lib"]\n    node_venv_lib --> node_venv_lib_python3_12["python3.12"]\n    node_venv_lib_python3_12 --> node_venv_lib_python3_12_site-packages["site-packages"]\n    node_venv_lib_python3_12_site-packages --> node_venv_lib_python3_12_site-packages_pip["pip"]\n    node_venv_lib_python3_12_site-packages_pip --> node_venv_lib_python3_12_site-packages_pip__internal["_internal"]\n    node_venv_lib_python3_12_site-packages_pip__internal --> node_venv_lib_python3_12_site-packages_pip__internal_resolution["resolution"]\n    node_venv_lib_python3_12_site-packages_pip__internal_resolution --> node_venv_lib_python3_12_site-packages_pip__internal_resolution_base_py["base.py"]\n    Root --> node_venv["venv"]\n    node_venv --> node_venv_lib["lib"]\n    node_venv_lib --> node_venv_lib_python3_12["python3.12"]\n    node_venv_lib_python3_12 --> node_venv_lib_python3_12_site-packages["site-packages"]\n    node_venv_lib_python3_12_site-packages --> node_venv_lib_python3_12_site-packages_pip["pip"]\n    node_venv_lib_python3_12_site-packages_pip --> node_venv_lib_python3_12_site-packages_pip__internal["_internal"]\n    node_venv_lib_python3_12_site-packages_pip__internal --> node_venv_lib_python3_12_site-packages_pip__internal_resolution["resolution"]\n    node_venv_lib_python3_12_site-packages_pip__internal_resolution --> node_venv_lib_python3_12_site-packages_pip__internal_resolution_legacy["legacy"]\n    node_venv_lib_python3_12_site-packages_pip__internal_resolution_legacy --> node_venv_lib_python3_12_site-packages_pip__internal_resolution_legacy___init___py["__init__.py"]\n    Root --> node_venv["venv"]\n    node_venv --> node_venv_lib["lib"]\n    node_venv_lib --> node_venv_lib_python3_12["python3.12"]\n    node_venv_lib_python3_12 --> node_venv_lib_python3_12_site-packages["site-packages"]\n    node_venv_lib_python3_12_site-packages --> node_venv_lib_python3_12_site-packages_pip["pip"]\n    node_venv_lib_python3_12_site-packages_pip --> node_venv_lib_python3_12_site-packages_pip__internal["_internal"]\n    node_venv_lib_python3_12_site-packages_pip__internal --> node_venv_lib_python3_12_site-packages_pip__internal_resolution["resolution"]\n    node_venv_lib_python3_12_site-packages_pip__internal_resolution --> node_venv_lib_python3_12_site-packages_pip__internal_resolution_legacy["legacy"]\n    node_venv_lib_python3_12_site-packages_pip__internal_resolution_legacy --> node_venv_lib_python3_12_site-packages_pip__internal_resolution_legacy_resolver_py["resolver.py"]\n    Root --> node_venv["venv"]\n    node_venv --> node_venv_lib["lib"]\n    node_venv_lib --> node_venv_lib_python3_12["python3.12"]\n    node_venv_lib_python3_12 --> node_venv_lib_python3_12_site-packages["site-packages"]\n    node_venv_lib_python3_12_site-packages --> node_venv_lib_python3_12_site-packages_pip["pip"]\n    node_venv_lib_python3_12_site-packages_pip --> node_venv_lib_python3_12_site-packages_pip__internal["_internal"]\n    node_venv_lib_python3_12_site-packages_pip__internal --> node_venv_lib_python3_12_site-packages_pip__internal_resolution["resolution"]\n    node_venv_lib_python3_12_site-packages_pip__internal_resolution --> node_venv_lib_python3_12_site-packages_pip__internal_resolution_resolvelib["resolvelib"]\n    node_venv_lib_python3_12_site-packages_pip__internal_resolution_resolvelib --> node_venv_lib_python3_12_site-packages_pip__internal_resolution_resolvelib___init___py["__init__.py"]\n    Root --> node_venv["venv"]\n    node_venv --> node_venv_lib["lib"]\n    node_venv_lib --> node_venv_lib_python3_12["python3.12"]\n    node_venv_lib_python3_12 --> node_venv_lib_python3_12_site-packages["site-packages"]\n    node_venv_lib_python3_12_site-packages --> node_venv_lib_python3_12_site-packages_pip["pip"]\n    node_venv_lib_python3_12_site-packages_pip --> node_venv_lib_python3_12_site-packages_pip__internal["_internal"]\n    node_venv_lib_python3_12_site-packages_pip__internal --> node_venv_lib_python3_12_site-packages_pip__internal_resolution["resolution"]\n    node_venv_lib_python3_12_site-packages_pip__internal_resolution --> node_venv_lib_python3_12_site-packages_pip__internal_resolution_resolvelib["resolvelib"]\n    node_venv_lib_python3_12_site-packages_pip__internal_resolution_resolvelib --> node_venv_lib_python3_12_site-packages_pip__internal_resolution_resolvelib_base_py["base.py"]\n    Root --> node_venv["venv"]\n    node_venv --> node_venv_lib["lib"]\n    node_venv_lib --> node_venv_lib_python3_12["python3.12"]\n    node_venv_lib_python3_12 --> node_venv_lib_python3_12_site-packages["site-packages"]\n    node_venv_lib_python3_12_site-packages --> node_venv_lib_python3_12_site-packages_pip["pip"]\n    node_venv_lib_python3_12_site-packages_pip --> node_venv_lib_python3_12_site-packages_pip__internal["_internal"]\n    node_venv_lib_python3_12_site-packages_pip__internal --> node_venv_lib_python3_12_site-packages_pip__internal_resolution["resolution"]\n    node_venv_lib_python3_12_site-packages_pip__internal_resolution --> node_venv_lib_python3_12_site-packages_pip__internal_resolution_resolvelib["resolvelib"]\n    node_venv_lib_python3_12_site-packages_pip__internal_resolution_resolvelib --> node_venv_lib_python3_12_site-packages_pip__internal_resolution_resolvelib_candidates_py["candidates.py"]\n    Root --> node_venv["venv"]\n    node_venv --> node_venv_lib["lib"]\n    node_venv_lib --> node_venv_lib_python3_12["python3.12"]\n    node_venv_lib_python3_12 --> node_venv_lib_python3_12_site-packages["site-packages"]\n    node_venv_lib_python3_12_site-packages --> node_venv_lib_python3_12_site-packages_pip["pip"]\n    node_venv_lib_python3_12_site-packages_pip --> node_venv_lib_python3_12_site-packages_pip__internal["_internal"]\n    node_venv_lib_python3_12_site-packages_pip__internal --> node_venv_lib_python3_12_site-packages_pip__internal_resolution["resolution"]\n    node_venv_lib_python3_12_site-packages_pip__internal_resolution --> node_venv_lib_python3_12_site-packages_pip__internal_resolution_resolvelib["resolvelib"]\n    node_venv_lib_python3_12_site-packages_pip__internal_resolution_resolvelib --> node_venv_lib_python3_12_site-packages_pip__internal_resolution_resolvelib_factory_py["factory.py"]\n    Root --> node_venv["venv"]\n    node_venv --> node_venv_lib["lib"]\n    node_venv_lib --> node_venv_lib_python3_12["python3.12"]\n    node_venv_lib_python3_12 --> node_venv_lib_python3_12_site-packages["site-packages"]\n    node_venv_lib_python3_12_site-packages --> node_venv_lib_python3_12_site-packages_pip["pip"]\n    node_venv_lib_python3_12_site-packages_pip --> node_venv_lib_python3_12_site-packages_pip__internal["_internal"]\n    node_venv_lib_python3_12_site-packages_pip__internal --> node_venv_lib_python3_12_site-packages_pip__internal_resolution["resolution"]\n    node_venv_lib_python3_12_site-packages_pip__internal_resolution --> node_venv_lib_python3_12_site-packages_pip__internal_resolution_resolvelib["resolvelib"]\n    node_venv_lib_python3_12_site-packages_pip__internal_resolution_resolvelib --> node_venv_lib_python3_12_site-packages_pip__internal_resolution_resolvelib_found_candidates_py["found_candidates.py"]\n    Root --> node_venv["venv"]\n    node_venv --> node_venv_lib["lib"]\n    node_venv_lib --> node_venv_lib_python3_12["python3.12"]\n    node_venv_lib_python3_12 --> node_venv_lib_python3_12_site-packages["site-packages"]\n    node_venv_lib_python3_12_site-packages --> node_venv_lib_python3_12_site-packages_pip["pip"]\n    node_venv_lib_python3_12_site-packages_pip --> node_venv_lib_python3_12_site-packages_pip__internal["_internal"]\n    node_venv_lib_python3_12_site-packages_pip__internal --> node_venv_lib_python3_12_site-packages_pip__internal_resolution["resolution"]\n    node_venv_lib_python3_12_site-packages_pip__internal_resolution --> node_venv_lib_python3_12_site-packages_pip__internal_resolution_resolvelib["resolvelib"]\n    node_venv_lib_python3_12_site-packages_pip__internal_resolution_resolvelib --> node_venv_lib_python3_12_site-packages_pip__internal_resolution_resolvelib_provider_py["provider.py"]\n    Root --> node_venv["venv"]\n    node_venv --> node_venv_lib["lib"]\n    node_venv_lib --> node_venv_lib_python3_12["python3.12"]\n    node_venv_lib_python3_12 --> node_venv_lib_python3_12_site-packages["site-packages"]\n    node_venv_lib_python3_12_site-packages --> node_venv_lib_python3_12_site-packages_pip["pip"]\n    node_venv_lib_python3_12_site-packages_pip --> node_venv_lib_python3_12_site-packages_pip__internal["_internal"]\n    node_venv_lib_python3_12_site-packages_pip__internal --> node_venv_lib_python3_12_site-packages_pip__internal_resolution["resolution"]\n    node_venv_lib_python3_12_site-packages_pip__internal_resolution --> node_venv_lib_python3_12_site-packages_pip__internal_resolution_resolvelib["resolvelib"]\n    node_venv_lib_python3_12_site-packages_pip__internal_resolution_resolvelib --> node_venv_lib_python3_12_site-packages_pip__internal_resolution_resolvelib_reporter_py["reporter.py"]\n    Root --> node_venv["venv"]\n    node_venv --> node_venv_lib["lib"]\n    node_venv_lib --> node_venv_lib_python3_12["python3.12"]\n    node_venv_lib_python3_12 --> node_venv_lib_python3_12_site-packages["site-packages"]\n    node_venv_lib_python3_12_site-packages --> node_venv_lib_python3_12_site-packages_pip["pip"]\n    node_venv_lib_python3_12_site-packages_pip --> node_venv_lib_python3_12_site-packages_pip__internal["_internal"]\n    node_venv_lib_python3_12_site-packages_pip__internal --> node_venv_lib_python3_12_site-packages_pip__internal_resolution["resolution"]\n    node_venv_lib_python3_12_site-packages_pip__internal_resolution --> node_venv_lib_python3_12_site-packages_pip__internal_resolution_resolvelib["resolvelib"]\n    node_venv_lib_python3_12_site-packages_pip__internal_resolution_resolvelib --> node_venv_lib_python3_12_site-packages_pip__internal_resolution_resolvelib_requirements_py["requirements.py"]\n    Root --> node_venv["venv"]\n    node_venv --> node_venv_lib["lib"]\n    node_venv_lib --> node_venv_lib_python3_12["python3.12"]\n    node_venv_lib_python3_12 --> node_venv_lib_python3_12_site-packages["site-packages"]\n    node_venv_lib_python3_12_site-packages --> node_venv_lib_python3_12_site-packages_pip["pip"]\n    node_venv_lib_python3_12_site-packages_pip --> node_venv_lib_python3_12_site-packages_pip__internal["_internal"]\n    node_venv_lib_python3_12_site-packages_pip__internal --> node_venv_lib_python3_12_site-packages_pip__internal_resolution["resolution"]\n    node_venv_lib_python3_12_site-packages_pip__internal_resolution --> node_venv_lib_python3_12_site-packages_pip__internal_resolution_resolvelib["resolvelib"]\n    node_venv_lib_python3_12_site-packages_pip__internal_resolution_resolvelib --> node_venv_lib_python3_12_site-packages_pip__internal_resolution_resolvelib_resolver_py["resolver.py"]\n    Root --> node_venv["venv"]\n    node_venv --> node_venv_lib["lib"]\n    node_venv_lib --> node_venv_lib_python3_12["python3.12"]\n    node_venv_lib_python3_12 --> node_venv_lib_python3_12_site-packages["site-packages"]\n    node_venv_lib_python3_12_site-packages --> node_venv_lib_python3_12_site-packages_pip["pip"]\n    node_venv_lib_python3_12_site-packages_pip --> node_venv_lib_python3_12_site-packages_pip__internal["_internal"]\n    node_venv_lib_python3_12_site-packages_pip__internal --> node_venv_lib_python3_12_site-packages_pip__internal_vcs["vcs"]\n    node_venv_lib_python3_12_site-packages_pip__internal_vcs --> node_venv_lib_python3_12_site-packages_pip__internal_vcs___init___py["__init__.py"]\n    Root --> node_venv["venv"]\n    node_venv --> node_venv_lib["lib"]\n    node_venv_lib --> node_venv_lib_python3_12["python3.12"]\n    node_venv_lib_python3_12 --> node_venv_lib_python3_12_site-packages["site-packages"]\n    node_venv_lib_python3_12_site-packages --> node_venv_lib_python3_12_site-packages_pip["pip"]\n    node_venv_lib_python3_12_site-packages_pip --> node_venv_lib_python3_12_site-packages_pip__internal["_internal"]\n    node_venv_lib_python3_12_site-packages_pip__internal --> node_venv_lib_python3_12_site-packages_pip__internal_vcs["vcs"]\n    node_venv_lib_python3_12_site-packages_pip__internal_vcs --> node_venv_lib_python3_12_site-packages_pip__internal_vcs_bazaar_py["bazaar.py"]\n    Root --> node_venv["venv"]\n    node_venv --> node_venv_lib["lib"]\n    node_venv_lib --> node_venv_lib_python3_12["python3.12"]\n    node_venv_lib_python3_12 --> node_venv_lib_python3_12_site-packages["site-packages"]\n    node_venv_lib_python3_12_site-packages --> node_venv_lib_python3_12_site-packages_pip["pip"]\n    node_venv_lib_python3_12_site-packages_pip --> node_venv_lib_python3_12_site-packages_pip__internal["_internal"]\n    node_venv_lib_python3_12_site-packages_pip__internal --> node_venv_lib_python3_12_site-packages_pip__internal_vcs["vcs"]\n    node_venv_lib_python3_12_site-packages_pip__internal_vcs --> node_venv_lib_python3_12_site-packages_pip__internal_vcs_git_py["git.py"]\n    Root --> node_venv["venv"]\n    node_venv --> node_venv_lib["lib"]\n    node_venv_lib --> node_venv_lib_python3_12["python3.12"]\n    node_venv_lib_python3_12 --> node_venv_lib_python3_12_site-packages["site-packages"]\n    node_venv_lib_python3_12_site-packages --> node_venv_lib_python3_12_site-packages_pip["pip"]\n    node_venv_lib_python3_12_site-packages_pip --> node_venv_lib_python3_12_site-packages_pip__internal["_internal"]\n    node_venv_lib_python3_12_site-packages_pip__internal --> node_venv_lib_python3_12_site-packages_pip__internal_vcs["vcs"]\n    node_venv_lib_python3_12_site-packages_pip__internal_vcs --> node_venv_lib_python3_12_site-packages_pip__internal_vcs_mercurial_py["mercurial.py"]\n    Root --> node_venv["venv"]\n    node_venv --> node_venv_lib["lib"]\n    node_venv_lib --> node_venv_lib_python3_12["python3.12"]\n    node_venv_lib_python3_12 --> node_venv_lib_python3_12_site-packages["site-packages"]\n    node_venv_lib_python3_12_site-packages --> node_venv_lib_python3_12_site-packages_pip["pip"]\n    node_venv_lib_python3_12_site-packages_pip --> node_venv_lib_python3_12_site-packages_pip__internal["_internal"]\n    node_venv_lib_python3_12_site-packages_pip__internal --> node_venv_lib_python3_12_site-packages_pip__internal_vcs["vcs"]\n    node_venv_lib_python3_12_site-packages_pip__internal_vcs --> node_venv_lib_python3_12_site-packages_pip__internal_vcs_subversion_py["subversion.py"]\n    Root --> node_venv["venv"]\n    node_venv --> node_venv_lib["lib"]\n    node_venv_lib --> node_venv_lib_python3_12["python3.12"]\n    node_venv_lib_python3_12 --> node_venv_lib_python3_12_site-packages["site-packages"]\n    node_venv_lib_python3_12_site-packages --> node_venv_lib_python3_12_site-packages_pip["pip"]\n    node_venv_lib_python3_12_site-packages_pip --> node_venv_lib_python3_12_site-packages_pip__internal["_internal"]\n    node_venv_lib_python3_12_site-packages_pip__internal --> node_venv_lib_python3_12_site-packages_pip__internal_vcs["vcs"]\n    node_venv_lib_python3_12_site-packages_pip__internal_vcs --> node_venv_lib_python3_12_site-packages_pip__internal_vcs_versioncontrol_py["versioncontrol.py"]\n    Root --> node_venv["venv"]\n    node_venv --> node_venv_lib["lib"]\n    node_venv_lib --> node_venv_lib_python3_12["python3.12"]\n    node_venv_lib_python3_12 --> node_venv_lib_python3_12_site-packages["site-packages"]\n    node_venv_lib_python3_12_site-packages --> node_venv_lib_python3_12_site-packages_pip["pip"]\n    node_venv_lib_python3_12_site-packages_pip --> node_venv_lib_python3_12_site-packages_pip__internal["_internal"]\n    node_venv_lib_python3_12_site-packages_pip__internal --> node_venv_lib_python3_12_site-packages_pip__internal_locations["locations"]\n    node_venv_lib_python3_12_site-packages_pip__internal_locations --> node_venv_lib_python3_12_site-packages_pip__internal_locations___init___py["__init__.py"]\n    Root --> node_venv["venv"]\n    node_venv --> node_venv_lib["lib"]\n    node_venv_lib --> node_venv_lib_python3_12["python3.12"]\n    node_venv_lib_python3_12 --> node_venv_lib_python3_12_site-packages["site-packages"]\n    node_venv_lib_python3_12_site-packages --> node_venv_lib_python3_12_site-packages_pip["pip"]\n    node_venv_lib_python3_12_site-packages_pip --> node_venv_lib_python3_12_site-packages_pip__internal["_internal"]\n    node_venv_lib_python3_12_site-packages_pip__internal --> node_venv_lib_python3_12_site-packages_pip__internal_locations["locations"]\n    node_venv_lib_python3_12_site-packages_pip__internal_locations --> node_venv_lib_python3_12_site-packages_pip__internal_locations__distutils_py["_distutils.py"]\n    Root --> node_venv["venv"]\n    node_venv --> node_venv_lib["lib"]\n    node_venv_lib --> node_venv_lib_python3_12["python3.12"]\n    node_venv_lib_python3_12 --> node_venv_lib_python3_12_site-packages["site-packages"]\n    node_venv_lib_python3_12_site-packages --> node_venv_lib_python3_12_site-packages_pip["pip"]\n    node_venv_lib_python3_12_site-packages_pip --> node_venv_lib_python3_12_site-packages_pip__internal["_internal"]\n    node_venv_lib_python3_12_site-packages_pip__internal --> node_venv_lib_python3_12_site-packages_pip__internal_locations["locations"]\n    node_venv_lib_python3_12_site-packages_pip__internal_locations --> node_venv_lib_python3_12_site-packages_pip__internal_locations__sysconfig_py["_sysconfig.py"]\n    Root --> node_venv["venv"]\n    node_venv --> node_venv_lib["lib"]\n    node_venv_lib --> node_venv_lib_python3_12["python3.12"]\n    node_venv_lib_python3_12 --> node_venv_lib_python3_12_site-packages["site-packages"]\n    node_venv_lib_python3_12_site-packages --> node_venv_lib_python3_12_site-packages_pip["pip"]\n    node_venv_lib_python3_12_site-packages_pip --> node_venv_lib_python3_12_site-packages_pip__internal["_internal"]\n    node_venv_lib_python3_12_site-packages_pip__internal --> node_venv_lib_python3_12_site-packages_pip__internal_locations["locations"]\n    node_venv_lib_python3_12_site-packages_pip__internal_locations --> node_venv_lib_python3_12_site-packages_pip__internal_locations_base_py["base.py"]\n    Root --> node_venv["venv"]\n    node_venv --> node_venv_lib["lib"]\n    node_venv_lib --> node_venv_lib_python3_12["python3.12"]\n    node_venv_lib_python3_12 --> node_venv_lib_python3_12_site-packages["site-packages"]\n    node_venv_lib_python3_12_site-packages --> node_venv_lib_python3_12_site-packages_pip["pip"]\n    node_venv_lib_python3_12_site-packages_pip --> node_venv_lib_python3_12_site-packages_pip__internal["_internal"]\n    node_venv_lib_python3_12_site-packages_pip__internal --> node_venv_lib_python3_12_site-packages_pip__internal_index["index"]\n    node_venv_lib_python3_12_site-packages_pip__internal_index --> node_venv_lib_python3_12_site-packages_pip__internal_index___init___py["__init__.py"]\n    Root --> node_venv["venv"]\n    node_venv --> node_venv_lib["lib"]\n    node_venv_lib --> node_venv_lib_python3_12["python3.12"]\n    node_venv_lib_python3_12 --> node_venv_lib_python3_12_site-packages["site-packages"]\n    node_venv_lib_python3_12_site-packages --> node_venv_lib_python3_12_site-packages_pip["pip"]\n    node_venv_lib_python3_12_site-packages_pip --> node_venv_lib_python3_12_site-packages_pip__internal["_internal"]\n    node_venv_lib_python3_12_site-packages_pip__internal --> node_venv_lib_python3_12_site-packages_pip__internal_index["index"]\n    node_venv_lib_python3_12_site-packages_pip__internal_index --> node_venv_lib_python3_12_site-packages_pip__internal_index_collector_py["collector.py"]\n    Root --> node_venv["venv"]\n    node_venv --> node_venv_lib["lib"]\n    node_venv_lib --> node_venv_lib_python3_12["python3.12"]\n    node_venv_lib_python3_12 --> node_venv_lib_python3_12_site-packages["site-packages"]\n    node_venv_lib_python3_12_site-packages --> node_venv_lib_python3_12_site-packages_pip["pip"]\n    node_venv_lib_python3_12_site-packages_pip --> node_venv_lib_python3_12_site-packages_pip__internal["_internal"]\n    node_venv_lib_python3_12_site-packages_pip__internal --> node_venv_lib_python3_12_site-packages_pip__internal_index["index"]\n    node_venv_lib_python3_12_site-packages_pip__internal_index --> node_venv_lib_python3_12_site-packages_pip__internal_index_package_finder_py["package_finder.py"]\n    Root --> node_venv["venv"]\n    node_venv --> node_venv_lib["lib"]\n    node_venv_lib --> node_venv_lib_python3_12["python3.12"]\n    node_venv_lib_python3_12 --> node_venv_lib_python3_12_site-packages["site-packages"]\n    node_venv_lib_python3_12_site-packages --> node_venv_lib_python3_12_site-packages_pip["pip"]\n    node_venv_lib_python3_12_site-packages_pip --> node_venv_lib_python3_12_site-packages_pip__internal["_internal"]\n    node_venv_lib_python3_12_site-packages_pip__internal --> node_venv_lib_python3_12_site-packages_pip__internal_index["index"]\n    node_venv_lib_python3_12_site-packages_pip__internal_index --> node_venv_lib_python3_12_site-packages_pip__internal_index_sources_py["sources.py"]\n    Root --> node_venv["venv"]\n    node_venv --> node_venv_lib["lib"]\n    node_venv_lib --> node_venv_lib_python3_12["python3.12"]\n    node_venv_lib_python3_12 --> node_venv_lib_python3_12_site-packages["site-packages"]\n    node_venv_lib_python3_12_site-packages --> node_venv_lib_python3_12_site-packages_pip["pip"]\n    node_venv_lib_python3_12_site-packages_pip --> node_venv_lib_python3_12_site-packages_pip__internal["_internal"]\n    node_venv_lib_python3_12_site-packages_pip__internal --> node_venv_lib_python3_12_site-packages_pip__internal_commands["commands"]\n    node_venv_lib_python3_12_site-packages_pip__internal_commands --> node_venv_lib_python3_12_site-packages_pip__internal_commands___init___py["__init__.py"]\n    Root --> node_venv["venv"]\n    node_venv --> node_venv_lib["lib"]\n    node_venv_lib --> node_venv_lib_python3_12["python3.12"]\n    node_venv_lib_python3_12 --> node_venv_lib_python3_12_site-packages["site-packages"]\n    node_venv_lib_python3_12_site-packages --> node_venv_lib_python3_12_site-packages_pip["pip"]\n    node_venv_lib_python3_12_site-packages_pip --> node_venv_lib_python3_12_site-packages_pip__internal["_internal"]\n    node_venv_lib_python3_12_site-packages_pip__internal --> node_venv_lib_python3_12_site-packages_pip__internal_commands["commands"]\n    node_venv_lib_python3_12_site-packages_pip__internal_commands --> node_venv_lib_python3_12_site-packages_pip__internal_commands_cache_py["cache.py"]\n    Root --> node_venv["venv"]\n    node_venv --> node_venv_lib["lib"]\n    node_venv_lib --> node_venv_lib_python3_12["python3.12"]\n    node_venv_lib_python3_12 --> node_venv_lib_python3_12_site-packages["site-packages"]\n    node_venv_lib_python3_12_site-packages --> node_venv_lib_python3_12_site-packages_pip["pip"]\n    node_venv_lib_python3_12_site-packages_pip --> node_venv_lib_python3_12_site-packages_pip__internal["_internal"]\n    node_venv_lib_python3_12_site-packages_pip__internal --> node_venv_lib_python3_12_site-packages_pip__internal_commands["commands"]\n    node_venv_lib_python3_12_site-packages_pip__internal_commands --> node_venv_lib_python3_12_site-packages_pip__internal_commands_check_py["check.py"]\n    Root --> node_venv["venv"]\n    node_venv --> node_venv_lib["lib"]\n    node_venv_lib --> node_venv_lib_python3_12["python3.12"]\n    node_venv_lib_python3_12 --> node_venv_lib_python3_12_site-packages["site-packages"]\n    node_venv_lib_python3_12_site-packages --> node_venv_lib_python3_12_site-packages_pip["pip"]\n    node_venv_lib_python3_12_site-packages_pip --> node_venv_lib_python3_12_site-packages_pip__internal["_internal"]\n    node_venv_lib_python3_12_site-packages_pip__internal --> node_venv_lib_python3_12_site-packages_pip__internal_commands["commands"]\n    node_venv_lib_python3_12_site-packages_pip__internal_commands --> node_venv_lib_python3_12_site-packages_pip__internal_commands_completion_py["completion.py"]\n    Root --> node_venv["venv"]\n    node_venv --> node_venv_lib["lib"]\n    node_venv_lib --> node_venv_lib_python3_12["python3.12"]\n    node_venv_lib_python3_12 --> node_venv_lib_python3_12_site-packages["site-packages"]\n    node_venv_lib_python3_12_site-packages --> node_venv_lib_python3_12_site-packages_pip["pip"]\n    node_venv_lib_python3_12_site-packages_pip --> node_venv_lib_python3_12_site-packages_pip__internal["_internal"]\n    node_venv_lib_python3_12_site-packages_pip__internal --> node_venv_lib_python3_12_site-packages_pip__internal_commands["commands"]\n    node_venv_lib_python3_12_site-packages_pip__internal_commands --> node_venv_lib_python3_12_site-packages_pip__internal_commands_configuration_py["configuration.py"]\n    Root --> node_venv["venv"]\n    node_venv --> node_venv_lib["lib"]\n    node_venv_lib --> node_venv_lib_python3_12["python3.12"]\n    node_venv_lib_python3_12 --> node_venv_lib_python3_12_site-packages["site-packages"]\n    node_venv_lib_python3_12_site-packages --> node_venv_lib_python3_12_site-packages_pip["pip"]\n    node_venv_lib_python3_12_site-packages_pip --> node_venv_lib_python3_12_site-packages_pip__internal["_internal"]\n    node_venv_lib_python3_12_site-packages_pip__internal --> node_venv_lib_python3_12_site-packages_pip__internal_commands["commands"]\n    node_venv_lib_python3_12_site-packages_pip__internal_commands --> node_venv_lib_python3_12_site-packages_pip__internal_commands_debug_py["debug.py"]\n    Root --> node_venv["venv"]\n    node_venv --> node_venv_lib["lib"]\n    node_venv_lib --> node_venv_lib_python3_12["python3.12"]\n    node_venv_lib_python3_12 --> node_venv_lib_python3_12_site-packages["site-packages"]\n    node_venv_lib_python3_12_site-packages --> node_venv_lib_python3_12_site-packages_pip["pip"]\n    node_venv_lib_python3_12_site-packages_pip --> node_venv_lib_python3_12_site-packages_pip__internal["_internal"]\n    node_venv_lib_python3_12_site-packages_pip__internal --> node_venv_lib_python3_12_site-packages_pip__internal_commands["commands"]\n    node_venv_lib_python3_12_site-packages_pip__internal_commands --> node_venv_lib_python3_12_site-packages_pip__internal_commands_download_py["download.py"]\n    Root --> node_venv["venv"]\n    node_venv --> node_venv_lib["lib"]\n    node_venv_lib --> node_venv_lib_python3_12["python3.12"]\n    node_venv_lib_python3_12 --> node_venv_lib_python3_12_site-packages["site-packages"]\n    node_venv_lib_python3_12_site-packages --> node_venv_lib_python3_12_site-packages_pip["pip"]\n    node_venv_lib_python3_12_site-packages_pip --> node_venv_lib_python3_12_site-packages_pip__internal["_internal"]\n    node_venv_lib_python3_12_site-packages_pip__internal --> node_venv_lib_python3_12_site-packages_pip__internal_commands["commands"]\n    node_venv_lib_python3_12_site-packages_pip__internal_commands --> node_venv_lib_python3_12_site-packages_pip__internal_commands_freeze_py["freeze.py"]\n    Root --> node_venv["venv"]\n    node_venv --> node_venv_lib["lib"]\n    node_venv_lib --> node_venv_lib_python3_12["python3.12"]\n    node_venv_lib_python3_12 --> node_venv_lib_python3_12_site-packages["site-packages"]\n    node_venv_lib_python3_12_site-packages --> node_venv_lib_python3_12_site-packages_pip["pip"]\n    node_venv_lib_python3_12_site-packages_pip --> node_venv_lib_python3_12_site-packages_pip__internal["_internal"]\n    node_venv_lib_python3_12_site-packages_pip__internal --> node_venv_lib_python3_12_site-packages_pip__internal_commands["commands"]\n    node_venv_lib_python3_12_site-packages_pip__internal_commands --> node_venv_lib_python3_12_site-packages_pip__internal_commands_hash_py["hash.py"]\n    Root --> node_venv["venv"]\n    node_venv --> node_venv_lib["lib"]\n    node_venv_lib --> node_venv_lib_python3_12["python3.12"]\n    node_venv_lib_python3_12 --> node_venv_lib_python3_12_site-packages["site-packages"]\n    node_venv_lib_python3_12_site-packages --> node_venv_lib_python3_12_site-packages_pip["pip"]\n    node_venv_lib_python3_12_site-packages_pip --> node_venv_lib_python3_12_site-packages_pip__internal["_internal"]\n    node_venv_lib_python3_12_site-packages_pip__internal --> node_venv_lib_python3_12_site-packages_pip__internal_commands["commands"]\n    node_venv_lib_python3_12_site-packages_pip__internal_commands --> node_venv_lib_python3_12_site-packages_pip__internal_commands_help_py["help.py"]\n    Root --> node_venv["venv"]\n    node_venv --> node_venv_lib["lib"]\n    node_venv_lib --> node_venv_lib_python3_12["python3.12"]\n    node_venv_lib_python3_12 --> node_venv_lib_python3_12_site-packages["site-packages"]\n    node_venv_lib_python3_12_site-packages --> node_venv_lib_python3_12_site-packages_pip["pip"]\n    node_venv_lib_python3_12_site-packages_pip --> node_venv_lib_python3_12_site-packages_pip__internal["_internal"]\n    node_venv_lib_python3_12_site-packages_pip__internal --> node_venv_lib_python3_12_site-packages_pip__internal_commands["commands"]\n    node_venv_lib_python3_12_site-packages_pip__internal_commands --> node_venv_lib_python3_12_site-packages_pip__internal_commands_index_py["index.py"]\n    Root --> node_venv["venv"]\n    node_venv --> node_venv_lib["lib"]\n    node_venv_lib --> node_venv_lib_python3_12["python3.12"]\n    node_venv_lib_python3_12 --> node_venv_lib_python3_12_site-packages["site-packages"]\n    node_venv_lib_python3_12_site-packages --> node_venv_lib_python3_12_site-packages_pip["pip"]\n    node_venv_lib_python3_12_site-packages_pip --> node_venv_lib_python3_12_site-packages_pip__internal["_internal"]\n    node_venv_lib_python3_12_site-packages_pip__internal --> node_venv_lib_python3_12_site-packages_pip__internal_commands["commands"]\n    node_venv_lib_python3_12_site-packages_pip__internal_commands --> node_venv_lib_python3_12_site-packages_pip__internal_commands_inspect_py["inspect.py"]\n    Root --> node_venv["venv"]\n    node_venv --> node_venv_lib["lib"]\n    node_venv_lib --> node_venv_lib_python3_12["python3.12"]\n    node_venv_lib_python3_12 --> node_venv_lib_python3_12_site-packages["site-packages"]\n    node_venv_lib_python3_12_site-packages --> node_venv_lib_python3_12_site-packages_pip["pip"]\n    node_venv_lib_python3_12_site-packages_pip --> node_venv_lib_python3_12_site-packages_pip__internal["_internal"]\n    node_venv_lib_python3_12_site-packages_pip__internal --> node_venv_lib_python3_12_site-packages_pip__internal_commands["commands"]\n    node_venv_lib_python3_12_site-packages_pip__internal_commands --> node_venv_lib_python3_12_site-packages_pip__internal_commands_install_py["install.py"]\n    Root --> node_venv["venv"]\n    node_venv --> node_venv_lib["lib"]\n    node_venv_lib --> node_venv_lib_python3_12["python3.12"]\n    node_venv_lib_python3_12 --> node_venv_lib_python3_12_site-packages["site-packages"]\n    node_venv_lib_python3_12_site-packages --> node_venv_lib_python3_12_site-packages_pip["pip"]\n    node_venv_lib_python3_12_site-packages_pip --> node_venv_lib_python3_12_site-packages_pip__internal["_internal"]\n    node_venv_lib_python3_12_site-packages_pip__internal --> node_venv_lib_python3_12_site-packages_pip__internal_commands["commands"]\n    node_venv_lib_python3_12_site-packages_pip__internal_commands --> node_venv_lib_python3_12_site-packages_pip__internal_commands_list_py["list.py"]\n    Root --> node_venv["venv"]\n    node_venv --> node_venv_lib["lib"]\n    node_venv_lib --> node_venv_lib_python3_12["python3.12"]\n    node_venv_lib_python3_12 --> node_venv_lib_python3_12_site-packages["site-packages"]\n    node_venv_lib_python3_12_site-packages --> node_venv_lib_python3_12_site-packages_pip["pip"]\n    node_venv_lib_python3_12_site-packages_pip --> node_venv_lib_python3_12_site-packages_pip__internal["_internal"]\n    node_venv_lib_python3_12_site-packages_pip__internal --> node_venv_lib_python3_12_site-packages_pip__internal_commands["commands"]\n    node_venv_lib_python3_12_site-packages_pip__internal_commands --> node_venv_lib_python3_12_site-packages_pip__internal_commands_search_py["search.py"]\n    Root --> node_venv["venv"]\n    node_venv --> node_venv_lib["lib"]\n    node_venv_lib --> node_venv_lib_python3_12["python3.12"]\n    node_venv_lib_python3_12 --> node_venv_lib_python3_12_site-packages["site-packages"]\n    node_venv_lib_python3_12_site-packages --> node_venv_lib_python3_12_site-packages_pip["pip"]\n    node_venv_lib_python3_12_site-packages_pip --> node_venv_lib_python3_12_site-packages_pip__internal["_internal"]\n    node_venv_lib_python3_12_site-packages_pip__internal --> node_venv_lib_python3_12_site-packages_pip__internal_commands["commands"]\n    node_venv_lib_python3_12_site-packages_pip__internal_commands --> node_venv_lib_python3_12_site-packages_pip__internal_commands_show_py["show.py"]\n    Root --> node_venv["venv"]\n    node_venv --> node_venv_lib["lib"]\n    node_venv_lib --> node_venv_lib_python3_12["python3.12"]\n    node_venv_lib_python3_12 --> node_venv_lib_python3_12_site-packages["site-packages"]\n    node_venv_lib_python3_12_site-packages --> node_venv_lib_python3_12_site-packages_pip["pip"]\n    node_venv_lib_python3_12_site-packages_pip --> node_venv_lib_python3_12_site-packages_pip__internal["_internal"]\n    node_venv_lib_python3_12_site-packages_pip__internal --> node_venv_lib_python3_12_site-packages_pip__internal_commands["commands"]\n    node_venv_lib_python3_12_site-packages_pip__internal_commands --> node_venv_lib_python3_12_site-packages_pip__internal_commands_uninstall_py["uninstall.py"]\n    Root --> node_venv["venv"]\n    node_venv --> node_venv_lib["lib"]\n    node_venv_lib --> node_venv_lib_python3_12["python3.12"]\n    node_venv_lib_python3_12 --> node_venv_lib_python3_12_site-packages["site-packages"]\n    node_venv_lib_python3_12_site-packages --> node_venv_lib_python3_12_site-packages_pip["pip"]\n    node_venv_lib_python3_12_site-packages_pip --> node_venv_lib_python3_12_site-packages_pip__internal["_internal"]\n    node_venv_lib_python3_12_site-packages_pip__internal --> node_venv_lib_python3_12_site-packages_pip__internal_commands["commands"]\n    node_venv_lib_python3_12_site-packages_pip__internal_commands --> node_venv_lib_python3_12_site-packages_pip__internal_commands_wheel_py["wheel.py"]\n    Root --> node_venv["venv"]\n    node_venv --> node_venv_lib["lib"]\n    node_venv_lib --> node_venv_lib_python3_12["python3.12"]\n    node_venv_lib_python3_12 --> node_venv_lib_python3_12_site-packages["site-packages"]\n    node_venv_lib_python3_12_site-packages --> node_venv_lib_python3_12_site-packages_pip["pip"]\n    node_venv_lib_python3_12_site-packages_pip --> node_venv_lib_python3_12_site-packages_pip__internal["_internal"]\n    node_venv_lib_python3_12_site-packages_pip__internal --> node_venv_lib_python3_12_site-packages_pip__internal_metadata["metadata"]\n    node_venv_lib_python3_12_site-packages_pip__internal_metadata --> node_venv_lib_python3_12_site-packages_pip__internal_metadata___init___py["__init__.py"]\n    Root --> node_venv["venv"]\n    node_venv --> node_venv_lib["lib"]\n    node_venv_lib --> node_venv_lib_python3_12["python3.12"]\n    node_venv_lib_python3_12 --> node_venv_lib_python3_12_site-packages["site-packages"]\n    node_venv_lib_python3_12_site-packages --> node_venv_lib_python3_12_site-packages_pip["pip"]\n    node_venv_lib_python3_12_site-packages_pip --> node_venv_lib_python3_12_site-packages_pip__internal["_internal"]\n    node_venv_lib_python3_12_site-packages_pip__internal --> node_venv_lib_python3_12_site-packages_pip__internal_metadata["metadata"]\n    node_venv_lib_python3_12_site-packages_pip__internal_metadata --> node_venv_lib_python3_12_site-packages_pip__internal_metadata__json_py["_json.py"]\n    Root --> node_venv["venv"]\n    node_venv --> node_venv_lib["lib"]\n    node_venv_lib --> node_venv_lib_python3_12["python3.12"]\n    node_venv_lib_python3_12 --> node_venv_lib_python3_12_site-packages["site-packages"]\n    node_venv_lib_python3_12_site-packages --> node_venv_lib_python3_12_site-packages_pip["pip"]\n    node_venv_lib_python3_12_site-packages_pip --> node_venv_lib_python3_12_site-packages_pip__internal["_internal"]\n    node_venv_lib_python3_12_site-packages_pip__internal --> node_venv_lib_python3_12_site-packages_pip__internal_metadata["metadata"]\n    node_venv_lib_python3_12_site-packages_pip__internal_metadata --> node_venv_lib_python3_12_site-packages_pip__internal_metadata_base_py["base.py"]\n    Root --> node_venv["venv"]\n    node_venv --> node_venv_lib["lib"]\n    node_venv_lib --> node_venv_lib_python3_12["python3.12"]\n    node_venv_lib_python3_12 --> node_venv_lib_python3_12_site-packages["site-packages"]\n    node_venv_lib_python3_12_site-packages --> node_venv_lib_python3_12_site-packages_pip["pip"]\n    node_venv_lib_python3_12_site-packages_pip --> node_venv_lib_python3_12_site-packages_pip__internal["_internal"]\n    node_venv_lib_python3_12_site-packages_pip__internal --> node_venv_lib_python3_12_site-packages_pip__internal_metadata["metadata"]\n    node_venv_lib_python3_12_site-packages_pip__internal_metadata --> node_venv_lib_python3_12_site-packages_pip__internal_metadata_pkg_resources_py["pkg_resources.py"]\n    Root --> node_venv["venv"]\n    node_venv --> node_venv_lib["lib"]\n    node_venv_lib --> node_venv_lib_python3_12["python3.12"]\n    node_venv_lib_python3_12 --> node_venv_lib_python3_12_site-packages["site-packages"]\n    node_venv_lib_python3_12_site-packages --> node_venv_lib_python3_12_site-packages_pip["pip"]\n    node_venv_lib_python3_12_site-packages_pip --> node_venv_lib_python3_12_site-packages_pip__internal["_internal"]\n    node_venv_lib_python3_12_site-packages_pip__internal --> node_venv_lib_python3_12_site-packages_pip__internal_metadata["metadata"]\n    node_venv_lib_python3_12_site-packages_pip__internal_metadata --> node_venv_lib_python3_12_site-packages_pip__internal_metadata_importlib["importlib"]\n    node_venv_lib_python3_12_site-packages_pip__internal_metadata_importlib --> node_venv_lib_python3_12_site-packages_pip__internal_metadata_importlib___init___py["__init__.py"]\n    Root --> node_venv["venv"]\n    node_venv --> node_venv_lib["lib"]\n    node_venv_lib --> node_venv_lib_python3_12["python3.12"]\n    node_venv_lib_python3_12 --> node_venv_lib_python3_12_site-packages["site-packages"]\n    node_venv_lib_python3_12_site-packages --> node_venv_lib_python3_12_site-packages_pip["pip"]\n    node_venv_lib_python3_12_site-packages_pip --> node_venv_lib_python3_12_site-packages_pip__internal["_internal"]\n    node_venv_lib_python3_12_site-packages_pip__internal --> node_venv_lib_python3_12_site-packages_pip__internal_metadata["metadata"]\n    node_venv_lib_python3_12_site-packages_pip__internal_metadata --> node_venv_lib_python3_12_site-packages_pip__internal_metadata_importlib["importlib"]\n    node_venv_lib_python3_12_site-packages_pip__internal_metadata_importlib --> node_venv_lib_python3_12_site-packages_pip__internal_metadata_importlib__compat_py["_compat.py"]\n    Root --> node_venv["venv"]\n    node_venv --> node_venv_lib["lib"]\n    node_venv_lib --> node_venv_lib_python3_12["python3.12"]\n    node_venv_lib_python3_12 --> node_venv_lib_python3_12_site-packages["site-packages"]\n    node_venv_lib_python3_12_site-packages --> node_venv_lib_python3_12_site-packages_pip["pip"]\n    node_venv_lib_python3_12_site-packages_pip --> node_venv_lib_python3_12_site-packages_pip__internal["_internal"]\n    node_venv_lib_python3_12_site-packages_pip__internal --> node_venv_lib_python3_12_site-packages_pip__internal_metadata["metadata"]\n    node_venv_lib_python3_12_site-packages_pip__internal_metadata --> node_venv_lib_python3_12_site-packages_pip__internal_metadata_importlib["importlib"]\n    node_venv_lib_python3_12_site-packages_pip__internal_metadata_importlib --> node_venv_lib_python3_12_site-packages_pip__internal_metadata_importlib__dists_py["_dists.py"]\n    Root --> node_venv["venv"]\n    node_venv --> node_venv_lib["lib"]\n    node_venv_lib --> node_venv_lib_python3_12["python3.12"]\n    node_venv_lib_python3_12 --> node_venv_lib_python3_12_site-packages["site-packages"]\n    node_venv_lib_python3_12_site-packages --> node_venv_lib_python3_12_site-packages_pip["pip"]\n    node_venv_lib_python3_12_site-packages_pip --> node_venv_lib_python3_12_site-packages_pip__internal["_internal"]\n    node_venv_lib_python3_12_site-packages_pip__internal --> node_venv_lib_python3_12_site-packages_pip__internal_metadata["metadata"]\n    node_venv_lib_python3_12_site-packages_pip__internal_metadata --> node_venv_lib_python3_12_site-packages_pip__internal_metadata_importlib["importlib"]\n    node_venv_lib_python3_12_site-packages_pip__internal_metadata_importlib --> node_venv_lib_python3_12_site-packages_pip__internal_metadata_importlib__envs_py["_envs.py"]\n    Root --> node_venv["venv"]\n    node_venv --> node_venv_lib["lib"]\n    node_venv_lib --> node_venv_lib_python3_12["python3.12"]\n    node_venv_lib_python3_12 --> node_venv_lib_python3_12_site-packages["site-packages"]\n    node_venv_lib_python3_12_site-packages --> node_venv_lib_python3_12_site-packages_pip["pip"]\n    node_venv_lib_python3_12_site-packages_pip --> node_venv_lib_python3_12_site-packages_pip__internal["_internal"]\n    node_venv_lib_python3_12_site-packages_pip__internal --> node_venv_lib_python3_12_site-packages_pip__internal_distributions["distributions"]\n    node_venv_lib_python3_12_site-packages_pip__internal_distributions --> node_venv_lib_python3_12_site-packages_pip__internal_distributions___init___py["__init__.py"]\n    Root --> node_venv["venv"]\n    node_venv --> node_venv_lib["lib"]\n    node_venv_lib --> node_venv_lib_python3_12["python3.12"]\n    node_venv_lib_python3_12 --> node_venv_lib_python3_12_site-packages["site-packages"]\n    node_venv_lib_python3_12_site-packages --> node_venv_lib_python3_12_site-packages_pip["pip"]\n    node_venv_lib_python3_12_site-packages_pip --> node_venv_lib_python3_12_site-packages_pip__internal["_internal"]\n    node_venv_lib_python3_12_site-packages_pip__internal --> node_venv_lib_python3_12_site-packages_pip__internal_distributions["distributions"]\n    node_venv_lib_python3_12_site-packages_pip__internal_distributions --> node_venv_lib_python3_12_site-packages_pip__internal_distributions_base_py["base.py"]\n    Root --> node_venv["venv"]\n    node_venv --> node_venv_lib["lib"]\n    node_venv_lib --> node_venv_lib_python3_12["python3.12"]\n    node_venv_lib_python3_12 --> node_venv_lib_python3_12_site-packages["site-packages"]\n    node_venv_lib_python3_12_site-packages --> node_venv_lib_python3_12_site-packages_pip["pip"]\n    node_venv_lib_python3_12_site-packages_pip --> node_venv_lib_python3_12_site-packages_pip__internal["_internal"]\n    node_venv_lib_python3_12_site-packages_pip__internal --> node_venv_lib_python3_12_site-packages_pip__internal_distributions["distributions"]\n    node_venv_lib_python3_12_site-packages_pip__internal_distributions --> node_venv_lib_python3_12_site-packages_pip__internal_distributions_installed_py["installed.py"]\n    Root --> node_venv["venv"]\n    node_venv --> node_venv_lib["lib"]\n    node_venv_lib --> node_venv_lib_python3_12["python3.12"]\n    node_venv_lib_python3_12 --> node_venv_lib_python3_12_site-packages["site-packages"]\n    node_venv_lib_python3_12_site-packages --> node_venv_lib_python3_12_site-packages_pip["pip"]\n    node_venv_lib_python3_12_site-packages_pip --> node_venv_lib_python3_12_site-packages_pip__internal["_internal"]\n    node_venv_lib_python3_12_site-packages_pip__internal --> node_venv_lib_python3_12_site-packages_pip__internal_distributions["distributions"]\n    node_venv_lib_python3_12_site-packages_pip__internal_distributions --> node_venv_lib_python3_12_site-packages_pip__internal_distributions_sdist_py["sdist.py"]\n    Root --> node_venv["venv"]\n    node_venv --> node_venv_lib["lib"]\n    node_venv_lib --> node_venv_lib_python3_12["python3.12"]\n    node_venv_lib_python3_12 --> node_venv_lib_python3_12_site-packages["site-packages"]\n    node_venv_lib_python3_12_site-packages --> node_venv_lib_python3_12_site-packages_pip["pip"]\n    node_venv_lib_python3_12_site-packages_pip --> node_venv_lib_python3_12_site-packages_pip__internal["_internal"]\n    node_venv_lib_python3_12_site-packages_pip__internal --> node_venv_lib_python3_12_site-packages_pip__internal_distributions["distributions"]\n    node_venv_lib_python3_12_site-packages_pip__internal_distributions --> node_venv_lib_python3_12_site-packages_pip__internal_distributions_wheel_py["wheel.py"]\n    Root --> node_venv["venv"]\n    node_venv --> node_venv_lib["lib"]\n    node_venv_lib --> node_venv_lib_python3_12["python3.12"]\n    node_venv_lib_python3_12 --> node_venv_lib_python3_12_site-packages["site-packages"]\n    node_venv_lib_python3_12_site-packages --> node_venv_lib_python3_12_site-packages_pip["pip"]\n    node_venv_lib_python3_12_site-packages_pip --> node_venv_lib_python3_12_site-packages_pip__vendor["_vendor"]\n    node_venv_lib_python3_12_site-packages_pip__vendor --> node_venv_lib_python3_12_site-packages_pip__vendor___init___py["__init__.py"]\n    Root --> node_venv["venv"]\n    node_venv --> node_venv_lib["lib"]\n    node_venv_lib --> node_venv_lib_python3_12["python3.12"]\n    node_venv_lib_python3_12 --> node_venv_lib_python3_12_site-packages["site-packages"]\n    node_venv_lib_python3_12_site-packages --> node_venv_lib_python3_12_site-packages_pip["pip"]\n    node_venv_lib_python3_12_site-packages_pip --> node_venv_lib_python3_12_site-packages_pip__vendor["_vendor"]\n    node_venv_lib_python3_12_site-packages_pip__vendor --> node_venv_lib_python3_12_site-packages_pip__vendor_typing_extensions_py["typing_extensions.py"]\n    Root --> node_venv["venv"]\n    node_venv --> node_venv_lib["lib"]\n    node_venv_lib --> node_venv_lib_python3_12["python3.12"]\n    node_venv_lib_python3_12 --> node_venv_lib_python3_12_site-packages["site-packages"]\n    node_venv_lib_python3_12_site-packages --> node_venv_lib_python3_12_site-packages_pip["pip"]\n    node_venv_lib_python3_12_site-packages_pip --> node_venv_lib_python3_12_site-packages_pip__vendor["_vendor"]\n    node_venv_lib_python3_12_site-packages_pip__vendor --> node_venv_lib_python3_12_site-packages_pip__vendor_vendor_txt["vendor.txt"]\n    Root --> node_venv["venv"]\n    node_venv --> node_venv_lib["lib"]\n    node_venv_lib --> node_venv_lib_python3_12["python3.12"]\n    node_venv_lib_python3_12 --> node_venv_lib_python3_12_site-packages["site-packages"]\n    node_venv_lib_python3_12_site-packages --> node_venv_lib_python3_12_site-packages_pip["pip"]\n    node_venv_lib_python3_12_site-packages_pip --> node_venv_lib_python3_12_site-packages_pip__vendor["_vendor"]\n    node_venv_lib_python3_12_site-packages_pip__vendor --> node_venv_lib_python3_12_site-packages_pip__vendor_packaging["packaging"]\n    node_venv_lib_python3_12_site-packages_pip__vendor_packaging --> node_venv_lib_python3_12_site-packages_pip__vendor_packaging___init___py["__init__.py"]\n    Root --> node_venv["venv"]\n    node_venv --> node_venv_lib["lib"]\n    node_venv_lib --> node_venv_lib_python3_12["python3.12"]\n    node_venv_lib_python3_12 --> node_venv_lib_python3_12_site-packages["site-packages"]\n    node_venv_lib_python3_12_site-packages --> node_venv_lib_python3_12_site-packages_pip["pip"]\n    node_venv_lib_python3_12_site-packages_pip --> node_venv_lib_python3_12_site-packages_pip__vendor["_vendor"]\n    node_venv_lib_python3_12_site-packages_pip__vendor --> node_venv_lib_python3_12_site-packages_pip__vendor_packaging["packaging"]\n    node_venv_lib_python3_12_site-packages_pip__vendor_packaging --> node_venv_lib_python3_12_site-packages_pip__vendor_packaging__elffile_py["_elffile.py"]\n    Root --> node_venv["venv"]\n    node_venv --> node_venv_lib["lib"]\n    node_venv_lib --> node_venv_lib_python3_12["python3.12"]\n    node_venv_lib_python3_12 --> node_venv_lib_python3_12_site-packages["site-packages"]\n    node_venv_lib_python3_12_site-packages --> node_venv_lib_python3_12_site-packages_pip["pip"]\n    node_venv_lib_python3_12_site-packages_pip --> node_venv_lib_python3_12_site-packages_pip__vendor["_vendor"]\n    node_venv_lib_python3_12_site-packages_pip__vendor --> node_venv_lib_python3_12_site-packages_pip__vendor_packaging["packaging"]\n    node_venv_lib_python3_12_site-packages_pip__vendor_packaging --> node_venv_lib_python3_12_site-packages_pip__vendor_packaging__manylinux_py["_manylinux.py"]\n    Root --> node_venv["venv"]\n    node_venv --> node_venv_lib["lib"]\n    node_venv_lib --> node_venv_lib_python3_12["python3.12"]\n    node_venv_lib_python3_12 --> node_venv_lib_python3_12_site-packages["site-packages"]\n    node_venv_lib_python3_12_site-packages --> node_venv_lib_python3_12_site-packages_pip["pip"]\n    node_venv_lib_python3_12_site-packages_pip --> node_venv_lib_python3_12_site-packages_pip__vendor["_vendor"]\n    node_venv_lib_python3_12_site-packages_pip__vendor --> node_venv_lib_python3_12_site-packages_pip__vendor_packaging["packaging"]\n    node_venv_lib_python3_12_site-packages_pip__vendor_packaging --> node_venv_lib_python3_12_site-packages_pip__vendor_packaging__musllinux_py["_musllinux.py"]\n    Root --> node_venv["venv"]\n    node_venv --> node_venv_lib["lib"]\n    node_venv_lib --> node_venv_lib_python3_12["python3.12"]\n    node_venv_lib_python3_12 --> node_venv_lib_python3_12_site-packages["site-packages"]\n    node_venv_lib_python3_12_site-packages --> node_venv_lib_python3_12_site-packages_pip["pip"]\n    node_venv_lib_python3_12_site-packages_pip --> node_venv_lib_python3_12_site-packages_pip__vendor["_vendor"]\n    node_venv_lib_python3_12_site-packages_pip__vendor --> node_venv_lib_python3_12_site-packages_pip__vendor_packaging["packaging"]\n    node_venv_lib_python3_12_site-packages_pip__vendor_packaging --> node_venv_lib_python3_12_site-packages_pip__vendor_packaging__parser_py["_parser.py"]\n    Root --> node_venv["venv"]\n    node_venv --> node_venv_lib["lib"]\n    node_venv_lib --> node_venv_lib_python3_12["python3.12"]\n    node_venv_lib_python3_12 --> node_venv_lib_python3_12_site-packages["site-packages"]\n    node_venv_lib_python3_12_site-packages --> node_venv_lib_python3_12_site-packages_pip["pip"]\n    node_venv_lib_python3_12_site-packages_pip --> node_venv_lib_python3_12_site-packages_pip__vendor["_vendor"]\n    node_venv_lib_python3_12_site-packages_pip__vendor --> node_venv_lib_python3_12_site-packages_pip__vendor_packaging["packaging"]\n    node_venv_lib_python3_12_site-packages_pip__vendor_packaging --> node_venv_lib_python3_12_site-packages_pip__vendor_packaging__structures_py["_structures.py"]\n    Root --> node_venv["venv"]\n    node_venv --> node_venv_lib["lib"]\n    node_venv_lib --> node_venv_lib_python3_12["python3.12"]\n    node_venv_lib_python3_12 --> node_venv_lib_python3_12_site-packages["site-packages"]\n    node_venv_lib_python3_12_site-packages --> node_venv_lib_python3_12_site-packages_pip["pip"]\n    node_venv_lib_python3_12_site-packages_pip --> node_venv_lib_python3_12_site-packages_pip__vendor["_vendor"]\n    node_venv_lib_python3_12_site-packages_pip__vendor --> node_venv_lib_python3_12_site-packages_pip__vendor_packaging["packaging"]\n    node_venv_lib_python3_12_site-packages_pip__vendor_packaging --> node_venv_lib_python3_12_site-packages_pip__vendor_packaging__tokenizer_py["_tokenizer.py"]\n    Root --> node_venv["venv"]\n    node_venv --> node_venv_lib["lib"]\n    node_venv_lib --> node_venv_lib_python3_12["python3.12"]\n    node_venv_lib_python3_12 --> node_venv_lib_python3_12_site-packages["site-packages"]\n    node_venv_lib_python3_12_site-packages --> node_venv_lib_python3_12_site-packages_pip["pip"]\n    node_venv_lib_python3_12_site-packages_pip --> node_venv_lib_python3_12_site-packages_pip__vendor["_vendor"]\n    node_venv_lib_python3_12_site-packages_pip__vendor --> node_venv_lib_python3_12_site-packages_pip__vendor_packaging["packaging"]\n    node_venv_lib_python3_12_site-packages_pip__vendor_packaging --> node_venv_lib_python3_12_site-packages_pip__vendor_packaging_markers_py["markers.py"]\n    Root --> node_venv["venv"]\n    node_venv --> node_venv_lib["lib"]\n    node_venv_lib --> node_venv_lib_python3_12["python3.12"]\n    node_venv_lib_python3_12 --> node_venv_lib_python3_12_site-packages["site-packages"]\n    node_venv_lib_python3_12_site-packages --> node_venv_lib_python3_12_site-packages_pip["pip"]\n    node_venv_lib_python3_12_site-packages_pip --> node_venv_lib_python3_12_site-packages_pip__vendor["_vendor"]\n    node_venv_lib_python3_12_site-packages_pip__vendor --> node_venv_lib_python3_12_site-packages_pip__vendor_packaging["packaging"]\n    node_venv_lib_python3_12_site-packages_pip__vendor_packaging --> node_venv_lib_python3_12_site-packages_pip__vendor_packaging_metadata_py["metadata.py"]\n    Root --> node_venv["venv"]\n    node_venv --> node_venv_lib["lib"]\n    node_venv_lib --> node_venv_lib_python3_12["python3.12"]\n    node_venv_lib_python3_12 --> node_venv_lib_python3_12_site-packages["site-packages"]\n    node_venv_lib_python3_12_site-packages --> node_venv_lib_python3_12_site-packages_pip["pip"]\n    node_venv_lib_python3_12_site-packages_pip --> node_venv_lib_python3_12_site-packages_pip__vendor["_vendor"]\n    node_venv_lib_python3_12_site-packages_pip__vendor --> node_venv_lib_python3_12_site-packages_pip__vendor_packaging["packaging"]\n    node_venv_lib_python3_12_site-packages_pip__vendor_packaging --> node_venv_lib_python3_12_site-packages_pip__vendor_packaging_py_typed["py.typed"]\n    Root --> node_venv["venv"]\n    node_venv --> node_venv_lib["lib"]\n    node_venv_lib --> node_venv_lib_python3_12["python3.12"]\n    node_venv_lib_python3_12 --> node_venv_lib_python3_12_site-packages["site-packages"]\n    node_venv_lib_python3_12_site-packages --> node_venv_lib_python3_12_site-packages_pip["pip"]\n    node_venv_lib_python3_12_site-packages_pip --> node_venv_lib_python3_12_site-packages_pip__vendor["_vendor"]\n    node_venv_lib_python3_12_site-packages_pip__vendor --> node_venv_lib_python3_12_site-packages_pip__vendor_packaging["packaging"]\n    node_venv_lib_python3_12_site-packages_pip__vendor_packaging --> node_venv_lib_python3_12_site-packages_pip__vendor_packaging_requirements_py["requirements.py"]\n    Root --> node_venv["venv"]\n    node_venv --> node_venv_lib["lib"]\n    node_venv_lib --> node_venv_lib_python3_12["python3.12"]\n    node_venv_lib_python3_12 --> node_venv_lib_python3_12_site-packages["site-packages"]\n    node_venv_lib_python3_12_site-packages --> node_venv_lib_python3_12_site-packages_pip["pip"]\n    node_venv_lib_python3_12_site-packages_pip --> node_venv_lib_python3_12_site-packages_pip__vendor["_vendor"]\n    node_venv_lib_python3_12_site-packages_pip__vendor --> node_venv_lib_python3_12_site-packages_pip__vendor_packaging["packaging"]\n    node_venv_lib_python3_12_site-packages_pip__vendor_packaging --> node_venv_lib_python3_12_site-packages_pip__vendor_packaging_specifiers_py["specifiers.py"]\n    Root --> node_venv["venv"]\n    node_venv --> node_venv_lib["lib"]\n    node_venv_lib --> node_venv_lib_python3_12["python3.12"]\n    node_venv_lib_python3_12 --> node_venv_lib_python3_12_site-packages["site-packages"]\n    node_venv_lib_python3_12_site-packages --> node_venv_lib_python3_12_site-packages_pip["pip"]\n    node_venv_lib_python3_12_site-packages_pip --> node_venv_lib_python3_12_site-packages_pip__vendor["_vendor"]\n    node_venv_lib_python3_12_site-packages_pip__vendor --> node_venv_lib_python3_12_site-packages_pip__vendor_packaging["packaging"]\n    node_venv_lib_python3_12_site-packages_pip__vendor_packaging --> node_venv_lib_python3_12_site-packages_pip__vendor_packaging_tags_py["tags.py"]\n    Root --> node_venv["venv"]\n    node_venv --> node_venv_lib["lib"]\n    node_venv_lib --> node_venv_lib_python3_12["python3.12"]\n    node_venv_lib_python3_12 --> node_venv_lib_python3_12_site-packages["site-packages"]\n    node_venv_lib_python3_12_site-packages --> node_venv_lib_python3_12_site-packages_pip["pip"]\n    node_venv_lib_python3_12_site-packages_pip --> node_venv_lib_python3_12_site-packages_pip__vendor["_vendor"]\n    node_venv_lib_python3_12_site-packages_pip__vendor --> node_venv_lib_python3_12_site-packages_pip__vendor_packaging["packaging"]\n    node_venv_lib_python3_12_site-packages_pip__vendor_packaging --> node_venv_lib_python3_12_site-packages_pip__vendor_packaging_utils_py["utils.py"]\n    Root --> node_venv["venv"]\n    node_venv --> node_venv_lib["lib"]\n    node_venv_lib --> node_venv_lib_python3_12["python3.12"]\n    node_venv_lib_python3_12 --> node_venv_lib_python3_12_site-packages["site-packages"]\n    node_venv_lib_python3_12_site-packages --> node_venv_lib_python3_12_site-packages_pip["pip"]\n    node_venv_lib_python3_12_site-packages_pip --> node_venv_lib_python3_12_site-packages_pip__vendor["_vendor"]\n    node_venv_lib_python3_12_site-packages_pip__vendor --> node_venv_lib_python3_12_site-packages_pip__vendor_packaging["packaging"]\n    node_venv_lib_python3_12_site-packages_pip__vendor_packaging --> node_venv_lib_python3_12_site-packages_pip__vendor_packaging_version_py["version.py"]\n    Root --> node_venv["venv"]\n    node_venv --> node_venv_lib["lib"]\n    node_venv_lib --> node_venv_lib_python3_12["python3.12"]\n    node_venv_lib_python3_12 --> node_venv_lib_python3_12_site-packages["site-packages"]\n    node_venv_lib_python3_12_site-packages --> node_venv_lib_python3_12_site-packages_pip["pip"]\n    node_venv_lib_python3_12_site-packages_pip --> node_venv_lib_python3_12_site-packages_pip__vendor["_vendor"]\n    node_venv_lib_python3_12_site-packages_pip__vendor --> node_venv_lib_python3_12_site-packages_pip__vendor_packaging["packaging"]\n    node_venv_lib_python3_12_site-packages_pip__vendor_packaging --> node_venv_lib_python3_12_site-packages_pip__vendor_packaging_licenses["licenses"]\n    node_venv_lib_python3_12_site-packages_pip__vendor_packaging_licenses --> node_venv_lib_python3_12_site-packages_pip__vendor_packaging_licenses___init___py["__init__.py"]\n    Root --> node_venv["venv"]\n    node_venv --> node_venv_lib["lib"]\n    node_venv_lib --> node_venv_lib_python3_12["python3.12"]\n    node_venv_lib_python3_12 --> node_venv_lib_python3_12_site-packages["site-packages"]\n    node_venv_lib_python3_12_site-packages --> node_venv_lib_python3_12_site-packages_pip["pip"]\n    node_venv_lib_python3_12_site-packages_pip --> node_venv_lib_python3_12_site-packages_pip__vendor["_vendor"]\n    node_venv_lib_python3_12_site-packages_pip__vendor --> node_venv_lib_python3_12_site-packages_pip__vendor_packaging["packaging"]\n    node_venv_lib_python3_12_site-packages_pip__vendor_packaging --> node_venv_lib_python3_12_site-packages_pip__vendor_packaging_licenses["licenses"]\n    node_venv_lib_python3_12_site-packages_pip__vendor_packaging_licenses --> node_venv_lib_python3_12_site-packages_pip__vendor_packaging_licenses__spdx_py["_spdx.py"]\n    Root --> node_venv["venv"]\n    node_venv --> node_venv_lib["lib"]\n    node_venv_lib --> node_venv_lib_python3_12["python3.12"]\n    node_venv_lib_python3_12 --> node_venv_lib_python3_12_site-packages["site-packages"]\n    node_venv_lib_python3_12_site-packages --> node_venv_lib_python3_12_site-packages_pip["pip"]\n    node_venv_lib_python3_12_site-packages_pip --> node_venv_lib_python3_12_site-packages_pip__vendor["_vendor"]\n    node_venv_lib_python3_12_site-packages_pip__vendor --> node_venv_lib_python3_12_site-packages_pip__vendor_truststore["truststore"]\n    node_venv_lib_python3_12_site-packages_pip__vendor_truststore --> node_venv_lib_python3_12_site-packages_pip__vendor_truststore___init___py["__init__.py"]\n    Root --> node_venv["venv"]\n    node_venv --> node_venv_lib["lib"]\n    node_venv_lib --> node_venv_lib_python3_12["python3.12"]\n    node_venv_lib_python3_12 --> node_venv_lib_python3_12_site-packages["site-packages"]\n    node_venv_lib_python3_12_site-packages --> node_venv_lib_python3_12_site-packages_pip["pip"]\n    node_venv_lib_python3_12_site-packages_pip --> node_venv_lib_python3_12_site-packages_pip__vendor["_vendor"]\n    node_venv_lib_python3_12_site-packages_pip__vendor --> node_venv_lib_python3_12_site-packages_pip__vendor_truststore["truststore"]\n    node_venv_lib_python3_12_site-packages_pip__vendor_truststore --> node_venv_lib_python3_12_site-packages_pip__vendor_truststore__api_py["_api.py"]\n    Root --> node_venv["venv"]\n    node_venv --> node_venv_lib["lib"]\n    node_venv_lib --> node_venv_lib_python3_12["python3.12"]\n    node_venv_lib_python3_12 --> node_venv_lib_python3_12_site-packages["site-packages"]\n    node_venv_lib_python3_12_site-packages --> node_venv_lib_python3_12_site-packages_pip["pip"]\n    node_venv_lib_python3_12_site-packages_pip --> node_venv_lib_python3_12_site-packages_pip__vendor["_vendor"]\n    node_venv_lib_python3_12_site-packages_pip__vendor --> node_venv_lib_python3_12_site-packages_pip__vendor_truststore["truststore"]\n    node_venv_lib_python3_12_site-packages_pip__vendor_truststore --> node_venv_lib_python3_12_site-packages_pip__vendor_truststore__macos_py["_macos.py"]\n    Root --> node_venv["venv"]\n    node_venv --> node_venv_lib["lib"]\n    node_venv_lib --> node_venv_lib_python3_12["python3.12"]\n    node_venv_lib_python3_12 --> node_venv_lib_python3_12_site-packages["site-packages"]\n    node_venv_lib_python3_12_site-packages --> node_venv_lib_python3_12_site-packages_pip["pip"]\n    node_venv_lib_python3_12_site-packages_pip --> node_venv_lib_python3_12_site-packages_pip__vendor["_vendor"]\n    node_venv_lib_python3_12_site-packages_pip__vendor --> node_venv_lib_python3_12_site-packages_pip__vendor_truststore["truststore"]\n    node_venv_lib_python3_12_site-packages_pip__vendor_truststore --> node_venv_lib_python3_12_site-packages_pip__vendor_truststore__openssl_py["_openssl.py"]\n    Root --> node_venv["venv"]\n    node_venv --> node_venv_lib["lib"]\n    node_venv_lib --> node_venv_lib_python3_12["python3.12"]\n    node_venv_lib_python3_12 --> node_venv_lib_python3_12_site-packages["site-packages"]\n    node_venv_lib_python3_12_site-packages --> node_venv_lib_python3_12_site-packages_pip["pip"]\n    node_venv_lib_python3_12_site-packages_pip --> node_venv_lib_python3_12_site-packages_pip__vendor["_vendor"]\n    node_venv_lib_python3_12_site-packages_pip__vendor --> node_venv_lib_python3_12_site-packages_pip__vendor_truststore["truststore"]\n    node_venv_lib_python3_12_site-packages_pip__vendor_truststore --> node_venv_lib_python3_12_site-packages_pip__vendor_truststore__ssl_constants_py["_ssl_constants.py"]\n    Root --> node_venv["venv"]\n    node_venv --> node_venv_lib["lib"]\n    node_venv_lib --> node_venv_lib_python3_12["python3.12"]\n    node_venv_lib_python3_12 --> node_venv_lib_python3_12_site-packages["site-packages"]\n    node_venv_lib_python3_12_site-packages --> node_venv_lib_python3_12_site-packages_pip["pip"]\n    node_venv_lib_python3_12_site-packages_pip --> node_venv_lib_python3_12_site-packages_pip__vendor["_vendor"]\n    node_venv_lib_python3_12_site-packages_pip__vendor --> node_venv_lib_python3_12_site-packages_pip__vendor_truststore["truststore"]\n    node_venv_lib_python3_12_site-packages_pip__vendor_truststore --> node_venv_lib_python3_12_site-packages_pip__vendor_truststore__windows_py["_windows.py"]\n    Root --> node_venv["venv"]\n    node_venv --> node_venv_lib["lib"]\n    node_venv_lib --> node_venv_lib_python3_12["python3.12"]\n    node_venv_lib_python3_12 --> node_venv_lib_python3_12_site-packages["site-packages"]\n    node_venv_lib_python3_12_site-packages --> node_venv_lib_python3_12_site-packages_pip["pip"]\n    node_venv_lib_python3_12_site-packages_pip --> node_venv_lib_python3_12_site-packages_pip__vendor["_vendor"]\n    node_venv_lib_python3_12_site-packages_pip__vendor --> node_venv_lib_python3_12_site-packages_pip__vendor_truststore["truststore"]\n    node_venv_lib_python3_12_site-packages_pip__vendor_truststore --> node_venv_lib_python3_12_site-packages_pip__vendor_truststore_py_typed["py.typed"]\n    Root --> node_venv["venv"]\n    node_venv --> node_venv_lib["lib"]\n    node_venv_lib --> node_venv_lib_python3_12["python3.12"]\n    node_venv_lib_python3_12 --> node_venv_lib_python3_12_site-packages["site-packages"]\n    node_venv_lib_python3_12_site-packages --> node_venv_lib_python3_12_site-packages_pip["pip"]\n    node_venv_lib_python3_12_site-packages_pip --> node_venv_lib_python3_12_site-packages_pip__vendor["_vendor"]\n    node_venv_lib_python3_12_site-packages_pip__vendor --> node_venv_lib_python3_12_site-packages_pip__vendor_msgpack["msgpack"]\n    node_venv_lib_python3_12_site-packages_pip__vendor_msgpack --> node_venv_lib_python3_12_site-packages_pip__vendor_msgpack___init___py["__init__.py"]\n    Root --> node_venv["venv"]\n    node_venv --> node_venv_lib["lib"]\n    node_venv_lib --> node_venv_lib_python3_12["python3.12"]\n    node_venv_lib_python3_12 --> node_venv_lib_python3_12_site-packages["site-packages"]\n    node_venv_lib_python3_12_site-packages --> node_venv_lib_python3_12_site-packages_pip["pip"]\n    node_venv_lib_python3_12_site-packages_pip --> node_venv_lib_python3_12_site-packages_pip__vendor["_vendor"]\n    node_venv_lib_python3_12_site-packages_pip__vendor --> node_venv_lib_python3_12_site-packages_pip__vendor_msgpack["msgpack"]\n    node_venv_lib_python3_12_site-packages_pip__vendor_msgpack --> node_venv_lib_python3_12_site-packages_pip__vendor_msgpack_exceptions_py["exceptions.py"]\n    Root --> node_venv["venv"]\n    node_venv --> node_venv_lib["lib"]\n    node_venv_lib --> node_venv_lib_python3_12["python3.12"]\n    node_venv_lib_python3_12 --> node_venv_lib_python3_12_site-packages["site-packages"]\n    node_venv_lib_python3_12_site-packages --> node_venv_lib_python3_12_site-packages_pip["pip"]\n    node_venv_lib_python3_12_site-packages_pip --> node_venv_lib_python3_12_site-packages_pip__vendor["_vendor"]\n    node_venv_lib_python3_12_site-packages_pip__vendor --> node_venv_lib_python3_12_site-packages_pip__vendor_msgpack["msgpack"]\n    node_venv_lib_python3_12_site-packages_pip__vendor_msgpack --> node_venv_lib_python3_12_site-packages_pip__vendor_msgpack_ext_py["ext.py"]\n    Root --> node_venv["venv"]\n    node_venv --> node_venv_lib["lib"]\n    node_venv_lib --> node_venv_lib_python3_12["python3.12"]\n    node_venv_lib_python3_12 --> node_venv_lib_python3_12_site-packages["site-packages"]\n    node_venv_lib_python3_12_site-packages --> node_venv_lib_python3_12_site-packages_pip["pip"]\n    node_venv_lib_python3_12_site-packages_pip --> node_venv_lib_python3_12_site-packages_pip__vendor["_vendor"]\n    node_venv_lib_python3_12_site-packages_pip__vendor --> node_venv_lib_python3_12_site-packages_pip__vendor_msgpack["msgpack"]\n    node_venv_lib_python3_12_site-packages_pip__vendor_msgpack --> node_venv_lib_python3_12_site-packages_pip__vendor_msgpack_fallback_py["fallback.py"]\n    Root --> node_venv["venv"]\n    node_venv --> node_venv_lib["lib"]\n    node_venv_lib --> node_venv_lib_python3_12["python3.12"]\n    node_venv_lib_python3_12 --> node_venv_lib_python3_12_site-packages["site-packages"]\n    node_venv_lib_python3_12_site-packages --> node_venv_lib_python3_12_site-packages_pip["pip"]\n    node_venv_lib_python3_12_site-packages_pip --> node_venv_lib_python3_12_site-packages_pip__vendor["_vendor"]\n    node_venv_lib_python3_12_site-packages_pip__vendor --> node_venv_lib_python3_12_site-packages_pip__vendor_pygments["pygments"]\n    node_venv_lib_python3_12_site-packages_pip__vendor_pygments --> node_venv_lib_python3_12_site-packages_pip__vendor_pygments___init___py["__init__.py"]\n    Root --> node_venv["venv"]\n    node_venv --> node_venv_lib["lib"]\n    node_venv_lib --> node_venv_lib_python3_12["python3.12"]\n    node_venv_lib_python3_12 --> node_venv_lib_python3_12_site-packages["site-packages"]\n    node_venv_lib_python3_12_site-packages --> node_venv_lib_python3_12_site-packages_pip["pip"]\n    node_venv_lib_python3_12_site-packages_pip --> node_venv_lib_python3_12_site-packages_pip__vendor["_vendor"]\n    node_venv_lib_python3_12_site-packages_pip__vendor --> node_venv_lib_python3_12_site-packages_pip__vendor_pygments["pygments"]\n    node_venv_lib_python3_12_site-packages_pip__vendor_pygments --> node_venv_lib_python3_12_site-packages_pip__vendor_pygments___main___py["__main__.py"]\n    Root --> node_venv["venv"]\n    node_venv --> node_venv_lib["lib"]\n    node_venv_lib --> node_venv_lib_python3_12["python3.12"]\n    node_venv_lib_python3_12 --> node_venv_lib_python3_12_site-packages["site-packages"]\n    node_venv_lib_python3_12_site-packages --> node_venv_lib_python3_12_site-packages_pip["pip"]\n    node_venv_lib_python3_12_site-packages_pip --> node_venv_lib_python3_12_site-packages_pip__vendor["_vendor"]\n    node_venv_lib_python3_12_site-packages_pip__vendor --> node_venv_lib_python3_12_site-packages_pip__vendor_pygments["pygments"]\n    node_venv_lib_python3_12_site-packages_pip__vendor_pygments --> node_venv_lib_python3_12_site-packages_pip__vendor_pygments_cmdline_py["cmdline.py"]\n    Root --> node_venv["venv"]\n    node_venv --> node_venv_lib["lib"]\n    node_venv_lib --> node_venv_lib_python3_12["python3.12"]\n    node_venv_lib_python3_12 --> node_venv_lib_python3_12_site-packages["site-packages"]\n    node_venv_lib_python3_12_site-packages --> node_venv_lib_python3_12_site-packages_pip["pip"]\n    node_venv_lib_python3_12_site-packages_pip --> node_venv_lib_python3_12_site-packages_pip__vendor["_vendor"]\n    node_venv_lib_python3_12_site-packages_pip__vendor --> node_venv_lib_python3_12_site-packages_pip__vendor_pygments["pygments"]\n    node_venv_lib_python3_12_site-packages_pip__vendor_pygments --> node_venv_lib_python3_12_site-packages_pip__vendor_pygments_console_py["console.py"]\n    Root --> node_venv["venv"]\n    node_venv --> node_venv_lib["lib"]\n    node_venv_lib --> node_venv_lib_python3_12["python3.12"]\n    node_venv_lib_python3_12 --> node_venv_lib_python3_12_site-packages["site-packages"]\n    node_venv_lib_python3_12_site-packages --> node_venv_lib_python3_12_site-packages_pip["pip"]\n    node_venv_lib_python3_12_site-packages_pip --> node_venv_lib_python3_12_site-packages_pip__vendor["_vendor"]\n    node_venv_lib_python3_12_site-packages_pip__vendor --> node_venv_lib_python3_12_site-packages_pip__vendor_pygments["pygments"]\n    node_venv_lib_python3_12_site-packages_pip__vendor_pygments --> node_venv_lib_python3_12_site-packages_pip__vendor_pygments_filter_py["filter.py"]\n    Root --> node_venv["venv"]\n    node_venv --> node_venv_lib["lib"]\n    node_venv_lib --> node_venv_lib_python3_12["python3.12"]\n    node_venv_lib_python3_12 --> node_venv_lib_python3_12_site-packages["site-packages"]\n    node_venv_lib_python3_12_site-packages --> node_venv_lib_python3_12_site-packages_pip["pip"]\n    node_venv_lib_python3_12_site-packages_pip --> node_venv_lib_python3_12_site-packages_pip__vendor["_vendor"]\n    node_venv_lib_python3_12_site-packages_pip__vendor --> node_venv_lib_python3_12_site-packages_pip__vendor_pygments["pygments"]\n    node_venv_lib_python3_12_site-packages_pip__vendor_pygments --> node_venv_lib_python3_12_site-packages_pip__vendor_pygments_formatter_py["formatter.py"]\n    Root --> node_venv["venv"]\n    node_venv --> node_venv_lib["lib"]\n    node_venv_lib --> node_venv_lib_python3_12["python3.12"]\n    node_venv_lib_python3_12 --> node_venv_lib_python3_12_site-packages["site-packages"]\n    node_venv_lib_python3_12_site-packages --> node_venv_lib_python3_12_site-packages_pip["pip"]\n    node_venv_lib_python3_12_site-packages_pip --> node_venv_lib_python3_12_site-packages_pip__vendor["_vendor"]\n    node_venv_lib_python3_12_site-packages_pip__vendor --> node_venv_lib_python3_12_site-packages_pip__vendor_pygments["pygments"]\n    node_venv_lib_python3_12_site-packages_pip__vendor_pygments --> node_venv_lib_python3_12_site-packages_pip__vendor_pygments_lexer_py["lexer.py"]\n    Root --> node_venv["venv"]\n    node_venv --> node_venv_lib["lib"]\n    node_venv_lib --> node_venv_lib_python3_12["python3.12"]\n    node_venv_lib_python3_12 --> node_venv_lib_python3_12_site-packages["site-packages"]\n    node_venv_lib_python3_12_site-packages --> node_venv_lib_python3_12_site-packages_pip["pip"]\n    node_venv_lib_python3_12_site-packages_pip --> node_venv_lib_python3_12_site-packages_pip__vendor["_vendor"]\n    node_venv_lib_python3_12_site-packages_pip__vendor --> node_venv_lib_python3_12_site-packages_pip__vendor_pygments["pygments"]\n    node_venv_lib_python3_12_site-packages_pip__vendor_pygments --> node_venv_lib_python3_12_site-packages_pip__vendor_pygments_modeline_py["modeline.py"]\n    Root --> node_venv["venv"]\n    node_venv --> node_venv_lib["lib"]\n    node_venv_lib --> node_venv_lib_python3_12["python3.12"]\n    node_venv_lib_python3_12 --> node_venv_lib_python3_12_site-packages["site-packages"]\n    node_venv_lib_python3_12_site-packages --> node_venv_lib_python3_12_site-packages_pip["pip"]\n    node_venv_lib_python3_12_site-packages_pip --> node_venv_lib_python3_12_site-packages_pip__vendor["_vendor"]\n    node_venv_lib_python3_12_site-packages_pip__vendor --> node_venv_lib_python3_12_site-packages_pip__vendor_pygments["pygments"]\n    node_venv_lib_python3_12_site-packages_pip__vendor_pygments --> node_venv_lib_python3_12_site-packages_pip__vendor_pygments_plugin_py["plugin.py"]\n    Root --> node_venv["venv"]\n    node_venv --> node_venv_lib["lib"]\n    node_venv_lib --> node_venv_lib_python3_12["python3.12"]\n    node_venv_lib_python3_12 --> node_venv_lib_python3_12_site-packages["site-packages"]\n    node_venv_lib_python3_12_site-packages --> node_venv_lib_python3_12_site-packages_pip["pip"]\n    node_venv_lib_python3_12_site-packages_pip --> node_venv_lib_python3_12_site-packages_pip__vendor["_vendor"]\n    node_venv_lib_python3_12_site-packages_pip__vendor --> node_venv_lib_python3_12_site-packages_pip__vendor_pygments["pygments"]\n    node_venv_lib_python3_12_site-packages_pip__vendor_pygments --> node_venv_lib_python3_12_site-packages_pip__vendor_pygments_regexopt_py["regexopt.py"]\n    Root --> node_venv["venv"]\n    node_venv --> node_venv_lib["lib"]\n    node_venv_lib --> node_venv_lib_python3_12["python3.12"]\n    node_venv_lib_python3_12 --> node_venv_lib_python3_12_site-packages["site-packages"]\n    node_venv_lib_python3_12_site-packages --> node_venv_lib_python3_12_site-packages_pip["pip"]\n    node_venv_lib_python3_12_site-packages_pip --> node_venv_lib_python3_12_site-packages_pip__vendor["_vendor"]\n    node_venv_lib_python3_12_site-packages_pip__vendor --> node_venv_lib_python3_12_site-packages_pip__vendor_pygments["pygments"]\n    node_venv_lib_python3_12_site-packages_pip__vendor_pygments --> node_venv_lib_python3_12_site-packages_pip__vendor_pygments_scanner_py["scanner.py"]\n    Root --> node_venv["venv"]\n    node_venv --> node_venv_lib["lib"]\n    node_venv_lib --> node_venv_lib_python3_12["python3.12"]\n    node_venv_lib_python3_12 --> node_venv_lib_python3_12_site-packages["site-packages"]\n    node_venv_lib_python3_12_site-packages --> node_venv_lib_python3_12_site-packages_pip["pip"]\n    node_venv_lib_python3_12_site-packages_pip --> node_venv_lib_python3_12_site-packages_pip__vendor["_vendor"]\n    node_venv_lib_python3_12_site-packages_pip__vendor --> node_venv_lib_python3_12_site-packages_pip__vendor_pygments["pygments"]\n    node_venv_lib_python3_12_site-packages_pip__vendor_pygments --> node_venv_lib_python3_12_site-packages_pip__vendor_pygments_sphinxext_py["sphinxext.py"]\n    Root --> node_venv["venv"]\n    node_venv --> node_venv_lib["lib"]\n    node_venv_lib --> node_venv_lib_python3_12["python3.12"]\n    node_venv_lib_python3_12 --> node_venv_lib_python3_12_site-packages["site-packages"]\n    node_venv_lib_python3_12_site-packages --> node_venv_lib_python3_12_site-packages_pip["pip"]\n    node_venv_lib_python3_12_site-packages_pip --> node_venv_lib_python3_12_site-packages_pip__vendor["_vendor"]\n    node_venv_lib_python3_12_site-packages_pip__vendor --> node_venv_lib_python3_12_site-packages_pip__vendor_pygments["pygments"]\n    node_venv_lib_python3_12_site-packages_pip__vendor_pygments --> node_venv_lib_python3_12_site-packages_pip__vendor_pygments_style_py["style.py"]\n    Root --> node_venv["venv"]\n    node_venv --> node_venv_lib["lib"]\n    node_venv_lib --> node_venv_lib_python3_12["python3.12"]\n    node_venv_lib_python3_12 --> node_venv_lib_python3_12_site-packages["site-packages"]\n    node_venv_lib_python3_12_site-packages --> node_venv_lib_python3_12_site-packages_pip["pip"]\n    node_venv_lib_python3_12_site-packages_pip --> node_venv_lib_python3_12_site-packages_pip__vendor["_vendor"]\n    node_venv_lib_python3_12_site-packages_pip__vendor --> node_venv_lib_python3_12_site-packages_pip__vendor_pygments["pygments"]\n    node_venv_lib_python3_12_site-packages_pip__vendor_pygments --> node_venv_lib_python3_12_site-packages_pip__vendor_pygments_token_py["token.py"]\n    Root --> node_venv["venv"]\n    node_venv --> node_venv_lib["lib"]\n    node_venv_lib --> node_venv_lib_python3_12["python3.12"]\n    node_venv_lib_python3_12 --> node_venv_lib_python3_12_site-packages["site-packages"]\n    node_venv_lib_python3_12_site-packages --> node_venv_lib_python3_12_site-packages_pip["pip"]\n    node_venv_lib_python3_12_site-packages_pip --> node_venv_lib_python3_12_site-packages_pip__vendor["_vendor"]\n    node_venv_lib_python3_12_site-packages_pip__vendor --> node_venv_lib_python3_12_site-packages_pip__vendor_pygments["pygments"]\n    node_venv_lib_python3_12_site-packages_pip__vendor_pygments --> node_venv_lib_python3_12_site-packages_pip__vendor_pygments_unistring_py["unistring.py"]\n    Root --> node_venv["venv"]\n    node_venv --> node_venv_lib["lib"]\n    node_venv_lib --> node_venv_lib_python3_12["python3.12"]\n    node_venv_lib_python3_12 --> node_venv_lib_python3_12_site-packages["site-packages"]\n    node_venv_lib_python3_12_site-packages --> node_venv_lib_python3_12_site-packages_pip["pip"]\n    node_venv_lib_python3_12_site-packages_pip --> node_venv_lib_python3_12_site-packages_pip__vendor["_vendor"]\n    node_venv_lib_python3_12_site-packages_pip__vendor --> node_venv_lib_python3_12_site-packages_pip__vendor_pygments["pygments"]\n    node_venv_lib_python3_12_site-packages_pip__vendor_pygments --> node_venv_lib_python3_12_site-packages_pip__vendor_pygments_util_py["util.py"]\n    Root --> node_venv["venv"]\n    node_venv --> node_venv_lib["lib"]\n    node_venv_lib --> node_venv_lib_python3_12["python3.12"]\n    node_venv_lib_python3_12 --> node_venv_lib_python3_12_site-packages["site-packages"]\n    node_venv_lib_python3_12_site-packages --> node_venv_lib_python3_12_site-packages_pip["pip"]\n    node_venv_lib_python3_12_site-packages_pip --> node_venv_lib_python3_12_site-packages_pip__vendor["_vendor"]\n    node_venv_lib_python3_12_site-packages_pip__vendor --> node_venv_lib_python3_12_site-packages_pip__vendor_pygments["pygments"]\n    node_venv_lib_python3_12_site-packages_pip__vendor_pygments --> node_venv_lib_python3_12_site-packages_pip__vendor_pygments_filters["filters"]\n    node_venv_lib_python3_12_site-packages_pip__vendor_pygments_filters --> node_venv_lib_python3_12_site-packages_pip__vendor_pygments_filters___init___py["__init__.py"]\n    Root --> node_venv["venv"]\n    node_venv --> node_venv_lib["lib"]\n    node_venv_lib --> node_venv_lib_python3_12["python3.12"]\n    node_venv_lib_python3_12 --> node_venv_lib_python3_12_site-packages["site-packages"]\n    node_venv_lib_python3_12_site-packages --> node_venv_lib_python3_12_site-packages_pip["pip"]\n    node_venv_lib_python3_12_site-packages_pip --> node_venv_lib_python3_12_site-packages_pip__vendor["_vendor"]\n    node_venv_lib_python3_12_site-packages_pip__vendor --> node_venv_lib_python3_12_site-packages_pip__vendor_pygments["pygments"]\n    node_venv_lib_python3_12_site-packages_pip__vendor_pygments --> node_venv_lib_python3_12_site-packages_pip__vendor_pygments_lexers["lexers"]\n    node_venv_lib_python3_12_site-packages_pip__vendor_pygments_lexers --> node_venv_lib_python3_12_site-packages_pip__vendor_pygments_lexers___init___py["__init__.py"]\n    Root --> node_venv["venv"]\n    node_venv --> node_venv_lib["lib"]\n    node_venv_lib --> node_venv_lib_python3_12["python3.12"]\n    node_venv_lib_python3_12 --> node_venv_lib_python3_12_site-packages["site-packages"]\n    node_venv_lib_python3_12_site-packages --> node_venv_lib_python3_12_site-packages_pip["pip"]\n    node_venv_lib_python3_12_site-packages_pip --> node_venv_lib_python3_12_site-packages_pip__vendor["_vendor"]\n    node_venv_lib_python3_12_site-packages_pip__vendor --> node_venv_lib_python3_12_site-packages_pip__vendor_pygments["pygments"]\n    node_venv_lib_python3_12_site-packages_pip__vendor_pygments --> node_venv_lib_python3_12_site-packages_pip__vendor_pygments_lexers["lexers"]\n    node_venv_lib_python3_12_site-packages_pip__vendor_pygments_lexers --> node_venv_lib_python3_12_site-packages_pip__vendor_pygments_lexers__mapping_py["_mapping.py"]\n    Root --> node_venv["venv"]\n    node_venv --> node_venv_lib["lib"]\n    node_venv_lib --> node_venv_lib_python3_12["python3.12"]\n    node_venv_lib_python3_12 --> node_venv_lib_python3_12_site-packages["site-packages"]\n    node_venv_lib_python3_12_site-packages --> node_venv_lib_python3_12_site-packages_pip["pip"]\n    node_venv_lib_python3_12_site-packages_pip --> node_venv_lib_python3_12_site-packages_pip__vendor["_vendor"]\n    node_venv_lib_python3_12_site-packages_pip__vendor --> node_venv_lib_python3_12_site-packages_pip__vendor_pygments["pygments"]\n    node_venv_lib_python3_12_site-packages_pip__vendor_pygments --> node_venv_lib_python3_12_site-packages_pip__vendor_pygments_lexers["lexers"]\n    node_venv_lib_python3_12_site-packages_pip__vendor_pygments_lexers --> node_venv_lib_python3_12_site-packages_pip__vendor_pygments_lexers_python_py["python.py"]\n    Root --> node_venv["venv"]\n    node_venv --> node_venv_lib["lib"]\n    node_venv_lib --> node_venv_lib_python3_12["python3.12"]\n    node_venv_lib_python3_12 --> node_venv_lib_python3_12_site-packages["site-packages"]\n    node_venv_lib_python3_12_site-packages --> node_venv_lib_python3_12_site-packages_pip["pip"]\n    node_venv_lib_python3_12_site-packages_pip --> node_venv_lib_python3_12_site-packages_pip__vendor["_vendor"]\n    node_venv_lib_python3_12_site-packages_pip__vendor --> node_venv_lib_python3_12_site-packages_pip__vendor_pygments["pygments"]\n    node_venv_lib_python3_12_site-packages_pip__vendor_pygments --> node_venv_lib_python3_12_site-packages_pip__vendor_pygments_formatters["formatters"]\n    node_venv_lib_python3_12_site-packages_pip__vendor_pygments_formatters --> node_venv_lib_python3_12_site-packages_pip__vendor_pygments_formatters___init___py["__init__.py"]\n    Root --> node_venv["venv"]\n    node_venv --> node_venv_lib["lib"]\n    node_venv_lib --> node_venv_lib_python3_12["python3.12"]\n    node_venv_lib_python3_12 --> node_venv_lib_python3_12_site-packages["site-packages"]\n    node_venv_lib_python3_12_site-packages --> node_venv_lib_python3_12_site-packages_pip["pip"]\n    node_venv_lib_python3_12_site-packages_pip --> node_venv_lib_python3_12_site-packages_pip__vendor["_vendor"]\n    node_venv_lib_python3_12_site-packages_pip__vendor --> node_venv_lib_python3_12_site-packages_pip__vendor_pygments["pygments"]\n    node_venv_lib_python3_12_site-packages_pip__vendor_pygments --> node_venv_lib_python3_12_site-packages_pip__vendor_pygments_formatters["formatters"]\n    node_venv_lib_python3_12_site-packages_pip__vendor_pygments_formatters --> node_venv_lib_python3_12_site-packages_pip__vendor_pygments_formatters__mapping_py["_mapping.py"]\n    Root --> node_venv["venv"]\n    node_venv --> node_venv_lib["lib"]\n    node_venv_lib --> node_venv_lib_python3_12["python3.12"]\n    node_venv_lib_python3_12 --> node_venv_lib_python3_12_site-packages["site-packages"]\n    node_venv_lib_python3_12_site-packages --> node_venv_lib_python3_12_site-packages_pip["pip"]\n    node_venv_lib_python3_12_site-packages_pip --> node_venv_lib_python3_12_site-packages_pip__vendor["_vendor"]\n    node_venv_lib_python3_12_site-packages_pip__vendor --> node_venv_lib_python3_12_site-packages_pip__vendor_pygments["pygments"]\n    node_venv_lib_python3_12_site-packages_pip__vendor_pygments --> node_venv_lib_python3_12_site-packages_pip__vendor_pygments_formatters["formatters"]\n    node_venv_lib_python3_12_site-packages_pip__vendor_pygments_formatters --> node_venv_lib_python3_12_site-packages_pip__vendor_pygments_formatters_bbcode_py["bbcode.py"]\n    Root --> node_venv["venv"]\n    node_venv --> node_venv_lib["lib"]\n    node_venv_lib --> node_venv_lib_python3_12["python3.12"]\n    node_venv_lib_python3_12 --> node_venv_lib_python3_12_site-packages["site-packages"]\n    node_venv_lib_python3_12_site-packages --> node_venv_lib_python3_12_site-packages_pip["pip"]\n    node_venv_lib_python3_12_site-packages_pip --> node_venv_lib_python3_12_site-packages_pip__vendor["_vendor"]\n    node_venv_lib_python3_12_site-packages_pip__vendor --> node_venv_lib_python3_12_site-packages_pip__vendor_pygments["pygments"]\n    node_venv_lib_python3_12_site-packages_pip__vendor_pygments --> node_venv_lib_python3_12_site-packages_pip__vendor_pygments_formatters["formatters"]\n    node_venv_lib_python3_12_site-packages_pip__vendor_pygments_formatters --> node_venv_lib_python3_12_site-packages_pip__vendor_pygments_formatters_groff_py["groff.py"]\n    Root --> node_venv["venv"]\n    node_venv --> node_venv_lib["lib"]\n    node_venv_lib --> node_venv_lib_python3_12["python3.12"]\n    node_venv_lib_python3_12 --> node_venv_lib_python3_12_site-packages["site-packages"]\n    node_venv_lib_python3_12_site-packages --> node_venv_lib_python3_12_site-packages_pip["pip"]\n    node_venv_lib_python3_12_site-packages_pip --> node_venv_lib_python3_12_site-packages_pip__vendor["_vendor"]\n    node_venv_lib_python3_12_site-packages_pip__vendor --> node_venv_lib_python3_12_site-packages_pip__vendor_pygments["pygments"]\n    node_venv_lib_python3_12_site-packages_pip__vendor_pygments --> node_venv_lib_python3_12_site-packages_pip__vendor_pygments_formatters["formatters"]\n    node_venv_lib_python3_12_site-packages_pip__vendor_pygments_formatters --> node_venv_lib_python3_12_site-packages_pip__vendor_pygments_formatters_html_py["html.py"]\n    Root --> node_venv["venv"]\n    node_venv --> node_venv_lib["lib"]\n    node_venv_lib --> node_venv_lib_python3_12["python3.12"]\n    node_venv_lib_python3_12 --> node_venv_lib_python3_12_site-packages["site-packages"]\n    node_venv_lib_python3_12_site-packages --> node_venv_lib_python3_12_site-packages_pip["pip"]\n    node_venv_lib_python3_12_site-packages_pip --> node_venv_lib_python3_12_site-packages_pip__vendor["_vendor"]\n    node_venv_lib_python3_12_site-packages_pip__vendor --> node_venv_lib_python3_12_site-packages_pip__vendor_pygments["pygments"]\n    node_venv_lib_python3_12_site-packages_pip__vendor_pygments --> node_venv_lib_python3_12_site-packages_pip__vendor_pygments_formatters["formatters"]\n    node_venv_lib_python3_12_site-packages_pip__vendor_pygments_formatters --> node_venv_lib_python3_12_site-packages_pip__vendor_pygments_formatters_img_py["img.py"]\n    Root --> node_venv["venv"]\n    node_venv --> node_venv_lib["lib"]\n    node_venv_lib --> node_venv_lib_python3_12["python3.12"]\n    node_venv_lib_python3_12 --> node_venv_lib_python3_12_site-packages["site-packages"]\n    node_venv_lib_python3_12_site-packages --> node_venv_lib_python3_12_site-packages_pip["pip"]\n    node_venv_lib_python3_12_site-packages_pip --> node_venv_lib_python3_12_site-packages_pip__vendor["_vendor"]\n    node_venv_lib_python3_12_site-packages_pip__vendor --> node_venv_lib_python3_12_site-packages_pip__vendor_pygments["pygments"]\n    node_venv_lib_python3_12_site-packages_pip__vendor_pygments --> node_venv_lib_python3_12_site-packages_pip__vendor_pygments_formatters["formatters"]\n    node_venv_lib_python3_12_site-packages_pip__vendor_pygments_formatters --> node_venv_lib_python3_12_site-packages_pip__vendor_pygments_formatters_irc_py["irc.py"]\n    Root --> node_venv["venv"]\n    node_venv --> node_venv_lib["lib"]\n    node_venv_lib --> node_venv_lib_python3_12["python3.12"]\n    node_venv_lib_python3_12 --> node_venv_lib_python3_12_site-packages["site-packages"]\n    node_venv_lib_python3_12_site-packages --> node_venv_lib_python3_12_site-packages_pip["pip"]\n    node_venv_lib_python3_12_site-packages_pip --> node_venv_lib_python3_12_site-packages_pip__vendor["_vendor"]\n    node_venv_lib_python3_12_site-packages_pip__vendor --> node_venv_lib_python3_12_site-packages_pip__vendor_pygments["pygments"]\n    node_venv_lib_python3_12_site-packages_pip__vendor_pygments --> node_venv_lib_python3_12_site-packages_pip__vendor_pygments_formatters["formatters"]\n    node_venv_lib_python3_12_site-packages_pip__vendor_pygments_formatters --> node_venv_lib_python3_12_site-packages_pip__vendor_pygments_formatters_latex_py["latex.py"]\n    Root --> node_venv["venv"]\n    node_venv --> node_venv_lib["lib"]\n    node_venv_lib --> node_venv_lib_python3_12["python3.12"]\n    node_venv_lib_python3_12 --> node_venv_lib_python3_12_site-packages["site-packages"]\n    node_venv_lib_python3_12_site-packages --> node_venv_lib_python3_12_site-packages_pip["pip"]\n    node_venv_lib_python3_12_site-packages_pip --> node_venv_lib_python3_12_site-packages_pip__vendor["_vendor"]\n    node_venv_lib_python3_12_site-packages_pip__vendor --> node_venv_lib_python3_12_site-packages_pip__vendor_pygments["pygments"]\n    node_venv_lib_python3_12_site-packages_pip__vendor_pygments --> node_venv_lib_python3_12_site-packages_pip__vendor_pygments_formatters["formatters"]\n    node_venv_lib_python3_12_site-packages_pip__vendor_pygments_formatters --> node_venv_lib_python3_12_site-packages_pip__vendor_pygments_formatters_other_py["other.py"]\n    Root --> node_venv["venv"]\n    node_venv --> node_venv_lib["lib"]\n    node_venv_lib --> node_venv_lib_python3_12["python3.12"]\n    node_venv_lib_python3_12 --> node_venv_lib_python3_12_site-packages["site-packages"]\n    node_venv_lib_python3_12_site-packages --> node_venv_lib_python3_12_site-packages_pip["pip"]\n    node_venv_lib_python3_12_site-packages_pip --> node_venv_lib_python3_12_site-packages_pip__vendor["_vendor"]\n    node_venv_lib_python3_12_site-packages_pip__vendor --> node_venv_lib_python3_12_site-packages_pip__vendor_pygments["pygments"]\n    node_venv_lib_python3_12_site-packages_pip__vendor_pygments --> node_venv_lib_python3_12_site-packages_pip__vendor_pygments_formatters["formatters"]\n    node_venv_lib_python3_12_site-packages_pip__vendor_pygments_formatters --> node_venv_lib_python3_12_site-packages_pip__vendor_pygments_formatters_pangomarkup_py["pangomarkup.py"]\n    Root --> node_venv["venv"]\n    node_venv --> node_venv_lib["lib"]\n    node_venv_lib --> node_venv_lib_python3_12["python3.12"]\n    node_venv_lib_python3_12 --> node_venv_lib_python3_12_site-packages["site-packages"]\n    node_venv_lib_python3_12_site-packages --> node_venv_lib_python3_12_site-packages_pip["pip"]\n    node_venv_lib_python3_12_site-packages_pip --> node_venv_lib_python3_12_site-packages_pip__vendor["_vendor"]\n    node_venv_lib_python3_12_site-packages_pip__vendor --> node_venv_lib_python3_12_site-packages_pip__vendor_pygments["pygments"]\n    node_venv_lib_python3_12_site-packages_pip__vendor_pygments --> node_venv_lib_python3_12_site-packages_pip__vendor_pygments_formatters["formatters"]\n    node_venv_lib_python3_12_site-packages_pip__vendor_pygments_formatters --> node_venv_lib_python3_12_site-packages_pip__vendor_pygments_formatters_rtf_py["rtf.py"]\n    Root --> node_venv["venv"]\n    node_venv --> node_venv_lib["lib"]\n    node_venv_lib --> node_venv_lib_python3_12["python3.12"]\n    node_venv_lib_python3_12 --> node_venv_lib_python3_12_site-packages["site-packages"]\n    node_venv_lib_python3_12_site-packages --> node_venv_lib_python3_12_site-packages_pip["pip"]\n    node_venv_lib_python3_12_site-packages_pip --> node_venv_lib_python3_12_site-packages_pip__vendor["_vendor"]\n    node_venv_lib_python3_12_site-packages_pip__vendor --> node_venv_lib_python3_12_site-packages_pip__vendor_pygments["pygments"]\n    node_venv_lib_python3_12_site-packages_pip__vendor_pygments --> node_venv_lib_python3_12_site-packages_pip__vendor_pygments_formatters["formatters"]\n    node_venv_lib_python3_12_site-packages_pip__vendor_pygments_formatters --> node_venv_lib_python3_12_site-packages_pip__vendor_pygments_formatters_svg_py["svg.py"]\n    Root --> node_venv["venv"]\n    node_venv --> node_venv_lib["lib"]\n    node_venv_lib --> node_venv_lib_python3_12["python3.12"]\n    node_venv_lib_python3_12 --> node_venv_lib_python3_12_site-packages["site-packages"]\n    node_venv_lib_python3_12_site-packages --> node_venv_lib_python3_12_site-packages_pip["pip"]\n    node_venv_lib_python3_12_site-packages_pip --> node_venv_lib_python3_12_site-packages_pip__vendor["_vendor"]\n    node_venv_lib_python3_12_site-packages_pip__vendor --> node_venv_lib_python3_12_site-packages_pip__vendor_pygments["pygments"]\n    node_venv_lib_python3_12_site-packages_pip__vendor_pygments --> node_venv_lib_python3_12_site-packages_pip__vendor_pygments_formatters["formatters"]\n    node_venv_lib_python3_12_site-packages_pip__vendor_pygments_formatters --> node_venv_lib_python3_12_site-packages_pip__vendor_pygments_formatters_terminal_py["terminal.py"]\n    Root --> node_venv["venv"]\n    node_venv --> node_venv_lib["lib"]\n    node_venv_lib --> node_venv_lib_python3_12["python3.12"]\n    node_venv_lib_python3_12 --> node_venv_lib_python3_12_site-packages["site-packages"]\n    node_venv_lib_python3_12_site-packages --> node_venv_lib_python3_12_site-packages_pip["pip"]\n    node_venv_lib_python3_12_site-packages_pip --> node_venv_lib_python3_12_site-packages_pip__vendor["_vendor"]\n    node_venv_lib_python3_12_site-packages_pip__vendor --> node_venv_lib_python3_12_site-packages_pip__vendor_pygments["pygments"]\n    node_venv_lib_python3_12_site-packages_pip__vendor_pygments --> node_venv_lib_python3_12_site-packages_pip__vendor_pygments_formatters["formatters"]\n    node_venv_lib_python3_12_site-packages_pip__vendor_pygments_formatters --> node_venv_lib_python3_12_site-packages_pip__vendor_pygments_formatters_terminal256_py["terminal256.py"]\n    Root --> node_venv["venv"]\n    node_venv --> node_venv_lib["lib"]\n    node_venv_lib --> node_venv_lib_python3_12["python3.12"]\n    node_venv_lib_python3_12 --> node_venv_lib_python3_12_site-packages["site-packages"]\n    node_venv_lib_python3_12_site-packages --> node_venv_lib_python3_12_site-packages_pip["pip"]\n    node_venv_lib_python3_12_site-packages_pip --> node_venv_lib_python3_12_site-packages_pip__vendor["_vendor"]\n    node_venv_lib_python3_12_site-packages_pip__vendor --> node_venv_lib_python3_12_site-packages_pip__vendor_pygments["pygments"]\n    node_venv_lib_python3_12_site-packages_pip__vendor_pygments --> node_venv_lib_python3_12_site-packages_pip__vendor_pygments_styles["styles"]\n    node_venv_lib_python3_12_site-packages_pip__vendor_pygments_styles --> node_venv_lib_python3_12_site-packages_pip__vendor_pygments_styles___init___py["__init__.py"]\n    Root --> node_venv["venv"]\n    node_venv --> node_venv_lib["lib"]\n    node_venv_lib --> node_venv_lib_python3_12["python3.12"]\n    node_venv_lib_python3_12 --> node_venv_lib_python3_12_site-packages["site-packages"]\n    node_venv_lib_python3_12_site-packages --> node_venv_lib_python3_12_site-packages_pip["pip"]\n    node_venv_lib_python3_12_site-packages_pip --> node_venv_lib_python3_12_site-packages_pip__vendor["_vendor"]\n    node_venv_lib_python3_12_site-packages_pip__vendor --> node_venv_lib_python3_12_site-packages_pip__vendor_pygments["pygments"]\n    node_venv_lib_python3_12_site-packages_pip__vendor_pygments --> node_venv_lib_python3_12_site-packages_pip__vendor_pygments_styles["styles"]\n    node_venv_lib_python3_12_site-packages_pip__vendor_pygments_styles --> node_venv_lib_python3_12_site-packages_pip__vendor_pygments_styles__mapping_py["_mapping.py"]\n    Root --> node_venv["venv"]\n    node_venv --> node_venv_lib["lib"]\n    node_venv_lib --> node_venv_lib_python3_12["python3.12"]\n    node_venv_lib_python3_12 --> node_venv_lib_python3_12_site-packages["site-packages"]\n    node_venv_lib_python3_12_site-packages --> node_venv_lib_python3_12_site-packages_pip["pip"]\n    node_venv_lib_python3_12_site-packages_pip --> node_venv_lib_python3_12_site-packages_pip__vendor["_vendor"]\n    node_venv_lib_python3_12_site-packages_pip__vendor --> node_venv_lib_python3_12_site-packages_pip__vendor_distlib["distlib"]\n    node_venv_lib_python3_12_site-packages_pip__vendor_distlib --> node_venv_lib_python3_12_site-packages_pip__vendor_distlib___init___py["__init__.py"]\n    Root --> node_venv["venv"]\n    node_venv --> node_venv_lib["lib"]\n    node_venv_lib --> node_venv_lib_python3_12["python3.12"]\n    node_venv_lib_python3_12 --> node_venv_lib_python3_12_site-packages["site-packages"]\n    node_venv_lib_python3_12_site-packages --> node_venv_lib_python3_12_site-packages_pip["pip"]\n    node_venv_lib_python3_12_site-packages_pip --> node_venv_lib_python3_12_site-packages_pip__vendor["_vendor"]\n    node_venv_lib_python3_12_site-packages_pip__vendor --> node_venv_lib_python3_12_site-packages_pip__vendor_distlib["distlib"]\n    node_venv_lib_python3_12_site-packages_pip__vendor_distlib --> node_venv_lib_python3_12_site-packages_pip__vendor_distlib_compat_py["compat.py"]\n    Root --> node_venv["venv"]\n    node_venv --> node_venv_lib["lib"]\n    node_venv_lib --> node_venv_lib_python3_12["python3.12"]\n    node_venv_lib_python3_12 --> node_venv_lib_python3_12_site-packages["site-packages"]\n    node_venv_lib_python3_12_site-packages --> node_venv_lib_python3_12_site-packages_pip["pip"]\n    node_venv_lib_python3_12_site-packages_pip --> node_venv_lib_python3_12_site-packages_pip__vendor["_vendor"]\n    node_venv_lib_python3_12_site-packages_pip__vendor --> node_venv_lib_python3_12_site-packages_pip__vendor_distlib["distlib"]\n    node_venv_lib_python3_12_site-packages_pip__vendor_distlib --> node_venv_lib_python3_12_site-packages_pip__vendor_distlib_database_py["database.py"]\n    Root --> node_venv["venv"]\n    node_venv --> node_venv_lib["lib"]\n    node_venv_lib --> node_venv_lib_python3_12["python3.12"]\n    node_venv_lib_python3_12 --> node_venv_lib_python3_12_site-packages["site-packages"]\n    node_venv_lib_python3_12_site-packages --> node_venv_lib_python3_12_site-packages_pip["pip"]\n    node_venv_lib_python3_12_site-packages_pip --> node_venv_lib_python3_12_site-packages_pip__vendor["_vendor"]\n    node_venv_lib_python3_12_site-packages_pip__vendor --> node_venv_lib_python3_12_site-packages_pip__vendor_distlib["distlib"]\n    node_venv_lib_python3_12_site-packages_pip__vendor_distlib --> node_venv_lib_python3_12_site-packages_pip__vendor_distlib_index_py["index.py"]\n    Root --> node_venv["venv"]\n    node_venv --> node_venv_lib["lib"]\n    node_venv_lib --> node_venv_lib_python3_12["python3.12"]\n    node_venv_lib_python3_12 --> node_venv_lib_python3_12_site-packages["site-packages"]\n    node_venv_lib_python3_12_site-packages --> node_venv_lib_python3_12_site-packages_pip["pip"]\n    node_venv_lib_python3_12_site-packages_pip --> node_venv_lib_python3_12_site-packages_pip__vendor["_vendor"]\n    node_venv_lib_python3_12_site-packages_pip__vendor --> node_venv_lib_python3_12_site-packages_pip__vendor_distlib["distlib"]\n    node_venv_lib_python3_12_site-packages_pip__vendor_distlib --> node_venv_lib_python3_12_site-packages_pip__vendor_distlib_locators_py["locators.py"]\n    Root --> node_venv["venv"]\n    node_venv --> node_venv_lib["lib"]\n    node_venv_lib --> node_venv_lib_python3_12["python3.12"]\n    node_venv_lib_python3_12 --> node_venv_lib_python3_12_site-packages["site-packages"]\n    node_venv_lib_python3_12_site-packages --> node_venv_lib_python3_12_site-packages_pip["pip"]\n    node_venv_lib_python3_12_site-packages_pip --> node_venv_lib_python3_12_site-packages_pip__vendor["_vendor"]\n    node_venv_lib_python3_12_site-packages_pip__vendor --> node_venv_lib_python3_12_site-packages_pip__vendor_distlib["distlib"]\n    node_venv_lib_python3_12_site-packages_pip__vendor_distlib --> node_venv_lib_python3_12_site-packages_pip__vendor_distlib_manifest_py["manifest.py"]\n    Root --> node_venv["venv"]\n    node_venv --> node_venv_lib["lib"]\n    node_venv_lib --> node_venv_lib_python3_12["python3.12"]\n    node_venv_lib_python3_12 --> node_venv_lib_python3_12_site-packages["site-packages"]\n    node_venv_lib_python3_12_site-packages --> node_venv_lib_python3_12_site-packages_pip["pip"]\n    node_venv_lib_python3_12_site-packages_pip --> node_venv_lib_python3_12_site-packages_pip__vendor["_vendor"]\n    node_venv_lib_python3_12_site-packages_pip__vendor --> node_venv_lib_python3_12_site-packages_pip__vendor_distlib["distlib"]\n    node_venv_lib_python3_12_site-packages_pip__vendor_distlib --> node_venv_lib_python3_12_site-packages_pip__vendor_distlib_markers_py["markers.py"]\n    Root --> node_venv["venv"]\n    node_venv --> node_venv_lib["lib"]\n    node_venv_lib --> node_venv_lib_python3_12["python3.12"]\n    node_venv_lib_python3_12 --> node_venv_lib_python3_12_site-packages["site-packages"]\n    node_venv_lib_python3_12_site-packages --> node_venv_lib_python3_12_site-packages_pip["pip"]\n    node_venv_lib_python3_12_site-packages_pip --> node_venv_lib_python3_12_site-packages_pip__vendor["_vendor"]\n    node_venv_lib_python3_12_site-packages_pip__vendor --> node_venv_lib_python3_12_site-packages_pip__vendor_distlib["distlib"]\n    node_venv_lib_python3_12_site-packages_pip__vendor_distlib --> node_venv_lib_python3_12_site-packages_pip__vendor_distlib_metadata_py["metadata.py"]\n    Root --> node_venv["venv"]\n    node_venv --> node_venv_lib["lib"]\n    node_venv_lib --> node_venv_lib_python3_12["python3.12"]\n    node_venv_lib_python3_12 --> node_venv_lib_python3_12_site-packages["site-packages"]\n    node_venv_lib_python3_12_site-packages --> node_venv_lib_python3_12_site-packages_pip["pip"]\n    node_venv_lib_python3_12_site-packages_pip --> node_venv_lib_python3_12_site-packages_pip__vendor["_vendor"]\n    node_venv_lib_python3_12_site-packages_pip__vendor --> node_venv_lib_python3_12_site-packages_pip__vendor_distlib["distlib"]\n    node_venv_lib_python3_12_site-packages_pip__vendor_distlib --> node_venv_lib_python3_12_site-packages_pip__vendor_distlib_resources_py["resources.py"]\n    Root --> node_venv["venv"]\n    node_venv --> node_venv_lib["lib"]\n    node_venv_lib --> node_venv_lib_python3_12["python3.12"]\n    node_venv_lib_python3_12 --> node_venv_lib_python3_12_site-packages["site-packages"]\n    node_venv_lib_python3_12_site-packages --> node_venv_lib_python3_12_site-packages_pip["pip"]\n    node_venv_lib_python3_12_site-packages_pip --> node_venv_lib_python3_12_site-packages_pip__vendor["_vendor"]\n    node_venv_lib_python3_12_site-packages_pip__vendor --> node_venv_lib_python3_12_site-packages_pip__vendor_distlib["distlib"]\n    node_venv_lib_python3_12_site-packages_pip__vendor_distlib --> node_venv_lib_python3_12_site-packages_pip__vendor_distlib_scripts_py["scripts.py"]\n    Root --> node_venv["venv"]\n    node_venv --> node_venv_lib["lib"]\n    node_venv_lib --> node_venv_lib_python3_12["python3.12"]\n    node_venv_lib_python3_12 --> node_venv_lib_python3_12_site-packages["site-packages"]\n    node_venv_lib_python3_12_site-packages --> node_venv_lib_python3_12_site-packages_pip["pip"]\n    node_venv_lib_python3_12_site-packages_pip --> node_venv_lib_python3_12_site-packages_pip__vendor["_vendor"]\n    node_venv_lib_python3_12_site-packages_pip__vendor --> node_venv_lib_python3_12_site-packages_pip__vendor_distlib["distlib"]\n    node_venv_lib_python3_12_site-packages_pip__vendor_distlib --> node_venv_lib_python3_12_site-packages_pip__vendor_distlib_t32_exe["t32.exe"]\n    Root --> node_venv["venv"]\n    node_venv --> node_venv_lib["lib"]\n    node_venv_lib --> node_venv_lib_python3_12["python3.12"]\n    node_venv_lib_python3_12 --> node_venv_lib_python3_12_site-packages["site-packages"]\n    node_venv_lib_python3_12_site-packages --> node_venv_lib_python3_12_site-packages_pip["pip"]\n    node_venv_lib_python3_12_site-packages_pip --> node_venv_lib_python3_12_site-packages_pip__vendor["_vendor"]\n    node_venv_lib_python3_12_site-packages_pip__vendor --> node_venv_lib_python3_12_site-packages_pip__vendor_distlib["distlib"]\n    node_venv_lib_python3_12_site-packages_pip__vendor_distlib --> node_venv_lib_python3_12_site-packages_pip__vendor_distlib_t64-arm_exe["t64-arm.exe"]\n    Root --> node_venv["venv"]\n    node_venv --> node_venv_lib["lib"]\n    node_venv_lib --> node_venv_lib_python3_12["python3.12"]\n    node_venv_lib_python3_12 --> node_venv_lib_python3_12_site-packages["site-packages"]\n    node_venv_lib_python3_12_site-packages --> node_venv_lib_python3_12_site-packages_pip["pip"]\n    node_venv_lib_python3_12_site-packages_pip --> node_venv_lib_python3_12_site-packages_pip__vendor["_vendor"]\n    node_venv_lib_python3_12_site-packages_pip__vendor --> node_venv_lib_python3_12_site-packages_pip__vendor_distlib["distlib"]\n    node_venv_lib_python3_12_site-packages_pip__vendor_distlib --> node_venv_lib_python3_12_site-packages_pip__vendor_distlib_t64_exe["t64.exe"]\n    Root --> node_venv["venv"]\n    node_venv --> node_venv_lib["lib"]\n    node_venv_lib --> node_venv_lib_python3_12["python3.12"]\n    node_venv_lib_python3_12 --> node_venv_lib_python3_12_site-packages["site-packages"]\n    node_venv_lib_python3_12_site-packages --> node_venv_lib_python3_12_site-packages_pip["pip"]\n    node_venv_lib_python3_12_site-packages_pip --> node_venv_lib_python3_12_site-packages_pip__vendor["_vendor"]\n    node_venv_lib_python3_12_site-packages_pip__vendor --> node_venv_lib_python3_12_site-packages_pip__vendor_distlib["distlib"]\n    node_venv_lib_python3_12_site-packages_pip__vendor_distlib --> node_venv_lib_python3_12_site-packages_pip__vendor_distlib_util_py["util.py"]\n    Root --> node_venv["venv"]\n    node_venv --> node_venv_lib["lib"]\n    node_venv_lib --> node_venv_lib_python3_12["python3.12"]\n    node_venv_lib_python3_12 --> node_venv_lib_python3_12_site-packages["site-packages"]\n    node_venv_lib_python3_12_site-packages --> node_venv_lib_python3_12_site-packages_pip["pip"]\n    node_venv_lib_python3_12_site-packages_pip --> node_venv_lib_python3_12_site-packages_pip__vendor["_vendor"]\n    node_venv_lib_python3_12_site-packages_pip__vendor --> node_venv_lib_python3_12_site-packages_pip__vendor_distlib["distlib"]\n    node_venv_lib_python3_12_site-packages_pip__vendor_distlib --> node_venv_lib_python3_12_site-packages_pip__vendor_distlib_version_py["version.py"]\n    Root --> node_venv["venv"]\n    node_venv --> node_venv_lib["lib"]\n    node_venv_lib --> node_venv_lib_python3_12["python3.12"]\n    node_venv_lib_python3_12 --> node_venv_lib_python3_12_site-packages["site-packages"]\n    node_venv_lib_python3_12_site-packages --> node_venv_lib_python3_12_site-packages_pip["pip"]\n    node_venv_lib_python3_12_site-packages_pip --> node_venv_lib_python3_12_site-packages_pip__vendor["_vendor"]\n    node_venv_lib_python3_12_site-packages_pip__vendor --> node_venv_lib_python3_12_site-packages_pip__vendor_distlib["distlib"]\n    node_venv_lib_python3_12_site-packages_pip__vendor_distlib --> node_venv_lib_python3_12_site-packages_pip__vendor_distlib_w32_exe["w32.exe"]\n    Root --> node_venv["venv"]\n    node_venv --> node_venv_lib["lib"]\n    node_venv_lib --> node_venv_lib_python3_12["python3.12"]\n    node_venv_lib_python3_12 --> node_venv_lib_python3_12_site-packages["site-packages"]\n    node_venv_lib_python3_12_site-packages --> node_venv_lib_python3_12_site-packages_pip["pip"]\n    node_venv_lib_python3_12_site-packages_pip --> node_venv_lib_python3_12_site-packages_pip__vendor["_vendor"]\n    node_venv_lib_python3_12_site-packages_pip__vendor --> node_venv_lib_python3_12_site-packages_pip__vendor_distlib["distlib"]\n    node_venv_lib_python3_12_site-packages_pip__vendor_distlib --> node_venv_lib_python3_12_site-packages_pip__vendor_distlib_w64-arm_exe["w64-arm.exe"]\n    Root --> node_venv["venv"]\n    node_venv --> node_venv_lib["lib"]\n    node_venv_lib --> node_venv_lib_python3_12["python3.12"]\n    node_venv_lib_python3_12 --> node_venv_lib_python3_12_site-packages["site-packages"]\n    node_venv_lib_python3_12_site-packages --> node_venv_lib_python3_12_site-packages_pip["pip"]\n    node_venv_lib_python3_12_site-packages_pip --> node_venv_lib_python3_12_site-packages_pip__vendor["_vendor"]\n    node_venv_lib_python3_12_site-packages_pip__vendor --> node_venv_lib_python3_12_site-packages_pip__vendor_distlib["distlib"]\n    node_venv_lib_python3_12_site-packages_pip__vendor_distlib --> node_venv_lib_python3_12_site-packages_pip__vendor_distlib_w64_exe["w64.exe"]\n    Root --> node_venv["venv"]\n    node_venv --> node_venv_lib["lib"]\n    node_venv_lib --> node_venv_lib_python3_12["python3.12"]\n    node_venv_lib_python3_12 --> node_venv_lib_python3_12_site-packages["site-packages"]\n    node_venv_lib_python3_12_site-packages --> node_venv_lib_python3_12_site-packages_pip["pip"]\n    node_venv_lib_python3_12_site-packages_pip --> node_venv_lib_python3_12_site-packages_pip__vendor["_vendor"]\n    node_venv_lib_python3_12_site-packages_pip__vendor --> node_venv_lib_python3_12_site-packages_pip__vendor_distlib["distlib"]\n    node_venv_lib_python3_12_site-packages_pip__vendor_distlib --> node_venv_lib_python3_12_site-packages_pip__vendor_distlib_wheel_py["wheel.py"]\n    Root --> node_venv["venv"]\n    node_venv --> node_venv_lib["lib"]\n    node_venv_lib --> node_venv_lib_python3_12["python3.12"]\n    node_venv_lib_python3_12 --> node_venv_lib_python3_12_site-packages["site-packages"]\n    node_venv_lib_python3_12_site-packages --> node_venv_lib_python3_12_site-packages_pip["pip"]\n    node_venv_lib_python3_12_site-packages_pip --> node_venv_lib_python3_12_site-packages_pip__vendor["_vendor"]\n    node_venv_lib_python3_12_site-packages_pip__vendor --> node_venv_lib_python3_12_site-packages_pip__vendor_distro["distro"]\n    node_venv_lib_python3_12_site-packages_pip__vendor_distro --> node_venv_lib_python3_12_site-packages_pip__vendor_distro___init___py["__init__.py"]\n    Root --> node_venv["venv"]\n    node_venv --> node_venv_lib["lib"]\n    node_venv_lib --> node_venv_lib_python3_12["python3.12"]\n    node_venv_lib_python3_12 --> node_venv_lib_python3_12_site-packages["site-packages"]\n    node_venv_lib_python3_12_site-packages --> node_venv_lib_python3_12_site-packages_pip["pip"]\n    node_venv_lib_python3_12_site-packages_pip --> node_venv_lib_python3_12_site-packages_pip__vendor["_vendor"]\n    node_venv_lib_python3_12_site-packages_pip__vendor --> node_venv_lib_python3_12_site-packages_pip__vendor_distro["distro"]\n    node_venv_lib_python3_12_site-packages_pip__vendor_distro --> node_venv_lib_python3_12_site-packages_pip__vendor_distro___main___py["__main__.py"]\n    Root --> node_venv["venv"]\n    node_venv --> node_venv_lib["lib"]\n    node_venv_lib --> node_venv_lib_python3_12["python3.12"]\n    node_venv_lib_python3_12 --> node_venv_lib_python3_12_site-packages["site-packages"]\n    node_venv_lib_python3_12_site-packages --> node_venv_lib_python3_12_site-packages_pip["pip"]\n    node_venv_lib_python3_12_site-packages_pip --> node_venv_lib_python3_12_site-packages_pip__vendor["_vendor"]\n    node_venv_lib_python3_12_site-packages_pip__vendor --> node_venv_lib_python3_12_site-packages_pip__vendor_distro["distro"]\n    node_venv_lib_python3_12_site-packages_pip__vendor_distro --> node_venv_lib_python3_12_site-packages_pip__vendor_distro_distro_py["distro.py"]\n    Root --> node_venv["venv"]\n    node_venv --> node_venv_lib["lib"]\n    node_venv_lib --> node_venv_lib_python3_12["python3.12"]\n    node_venv_lib_python3_12 --> node_venv_lib_python3_12_site-packages["site-packages"]\n    node_venv_lib_python3_12_site-packages --> node_venv_lib_python3_12_site-packages_pip["pip"]\n    node_venv_lib_python3_12_site-packages_pip --> node_venv_lib_python3_12_site-packages_pip__vendor["_vendor"]\n    node_venv_lib_python3_12_site-packages_pip__vendor --> node_venv_lib_python3_12_site-packages_pip__vendor_distro["distro"]\n    node_venv_lib_python3_12_site-packages_pip__vendor_distro --> node_venv_lib_python3_12_site-packages_pip__vendor_distro_py_typed["py.typed"]\n    Root --> node_venv["venv"]\n    node_venv --> node_venv_lib["lib"]\n    node_venv_lib --> node_venv_lib_python3_12["python3.12"]\n    node_venv_lib_python3_12 --> node_venv_lib_python3_12_site-packages["site-packages"]\n    node_venv_lib_python3_12_site-packages --> node_venv_lib_python3_12_site-packages_pip["pip"]\n    node_venv_lib_python3_12_site-packages_pip --> node_venv_lib_python3_12_site-packages_pip__vendor["_vendor"]\n    node_venv_lib_python3_12_site-packages_pip__vendor --> node_venv_lib_python3_12_site-packages_pip__vendor_cachecontrol["cachecontrol"]\n    node_venv_lib_python3_12_site-packages_pip__vendor_cachecontrol --> node_venv_lib_python3_12_site-packages_pip__vendor_cachecontrol___init___py["__init__.py"]\n    Root --> node_venv["venv"]\n    node_venv --> node_venv_lib["lib"]\n    node_venv_lib --> node_venv_lib_python3_12["python3.12"]\n    node_venv_lib_python3_12 --> node_venv_lib_python3_12_site-packages["site-packages"]\n    node_venv_lib_python3_12_site-packages --> node_venv_lib_python3_12_site-packages_pip["pip"]\n    node_venv_lib_python3_12_site-packages_pip --> node_venv_lib_python3_12_site-packages_pip__vendor["_vendor"]\n    node_venv_lib_python3_12_site-packages_pip__vendor --> node_venv_lib_python3_12_site-packages_pip__vendor_cachecontrol["cachecontrol"]\n    node_venv_lib_python3_12_site-packages_pip__vendor_cachecontrol --> node_venv_lib_python3_12_site-packages_pip__vendor_cachecontrol__cmd_py["_cmd.py"]\n    Root --> node_venv["venv"]\n    node_venv --> node_venv_lib["lib"]\n    node_venv_lib --> node_venv_lib_python3_12["python3.12"]\n    node_venv_lib_python3_12 --> node_venv_lib_python3_12_site-packages["site-packages"]\n    node_venv_lib_python3_12_site-packages --> node_venv_lib_python3_12_site-packages_pip["pip"]\n    node_venv_lib_python3_12_site-packages_pip --> node_venv_lib_python3_12_site-packages_pip__vendor["_vendor"]\n    node_venv_lib_python3_12_site-packages_pip__vendor --> node_venv_lib_python3_12_site-packages_pip__vendor_cachecontrol["cachecontrol"]\n    node_venv_lib_python3_12_site-packages_pip__vendor_cachecontrol --> node_venv_lib_python3_12_site-packages_pip__vendor_cachecontrol_adapter_py["adapter.py"]\n    Root --> node_venv["venv"]\n    node_venv --> node_venv_lib["lib"]\n    node_venv_lib --> node_venv_lib_python3_12["python3.12"]\n    node_venv_lib_python3_12 --> node_venv_lib_python3_12_site-packages["site-packages"]\n    node_venv_lib_python3_12_site-packages --> node_venv_lib_python3_12_site-packages_pip["pip"]\n    node_venv_lib_python3_12_site-packages_pip --> node_venv_lib_python3_12_site-packages_pip__vendor["_vendor"]\n    node_venv_lib_python3_12_site-packages_pip__vendor --> node_venv_lib_python3_12_site-packages_pip__vendor_cachecontrol["cachecontrol"]\n    node_venv_lib_python3_12_site-packages_pip__vendor_cachecontrol --> node_venv_lib_python3_12_site-packages_pip__vendor_cachecontrol_cache_py["cache.py"]\n    Root --> node_venv["venv"]\n    node_venv --> node_venv_lib["lib"]\n    node_venv_lib --> node_venv_lib_python3_12["python3.12"]\n    node_venv_lib_python3_12 --> node_venv_lib_python3_12_site-packages["site-packages"]\n    node_venv_lib_python3_12_site-packages --> node_venv_lib_python3_12_site-packages_pip["pip"]\n    node_venv_lib_python3_12_site-packages_pip --> node_venv_lib_python3_12_site-packages_pip__vendor["_vendor"]\n    node_venv_lib_python3_12_site-packages_pip__vendor --> node_venv_lib_python3_12_site-packages_pip__vendor_cachecontrol["cachecontrol"]\n    node_venv_lib_python3_12_site-packages_pip__vendor_cachecontrol --> node_venv_lib_python3_12_site-packages_pip__vendor_cachecontrol_controller_py["controller.py"]\n    Root --> node_venv["venv"]\n    node_venv --> node_venv_lib["lib"]\n    node_venv_lib --> node_venv_lib_python3_12["python3.12"]\n    node_venv_lib_python3_12 --> node_venv_lib_python3_12_site-packages["site-packages"]\n    node_venv_lib_python3_12_site-packages --> node_venv_lib_python3_12_site-packages_pip["pip"]\n    node_venv_lib_python3_12_site-packages_pip --> node_venv_lib_python3_12_site-packages_pip__vendor["_vendor"]\n    node_venv_lib_python3_12_site-packages_pip__vendor --> node_venv_lib_python3_12_site-packages_pip__vendor_cachecontrol["cachecontrol"]\n    node_venv_lib_python3_12_site-packages_pip__vendor_cachecontrol --> node_venv_lib_python3_12_site-packages_pip__vendor_cachecontrol_filewrapper_py["filewrapper.py"]\n    Root --> node_venv["venv"]\n    node_venv --> node_venv_lib["lib"]\n    node_venv_lib --> node_venv_lib_python3_12["python3.12"]\n    node_venv_lib_python3_12 --> node_venv_lib_python3_12_site-packages["site-packages"]\n    node_venv_lib_python3_12_site-packages --> node_venv_lib_python3_12_site-packages_pip["pip"]\n    node_venv_lib_python3_12_site-packages_pip --> node_venv_lib_python3_12_site-packages_pip__vendor["_vendor"]\n    node_venv_lib_python3_12_site-packages_pip__vendor --> node_venv_lib_python3_12_site-packages_pip__vendor_cachecontrol["cachecontrol"]\n    node_venv_lib_python3_12_site-packages_pip__vendor_cachecontrol --> node_venv_lib_python3_12_site-packages_pip__vendor_cachecontrol_heuristics_py["heuristics.py"]\n    Root --> node_venv["venv"]\n    node_venv --> node_venv_lib["lib"]\n    node_venv_lib --> node_venv_lib_python3_12["python3.12"]\n    node_venv_lib_python3_12 --> node_venv_lib_python3_12_site-packages["site-packages"]\n    node_venv_lib_python3_12_site-packages --> node_venv_lib_python3_12_site-packages_pip["pip"]\n    node_venv_lib_python3_12_site-packages_pip --> node_venv_lib_python3_12_site-packages_pip__vendor["_vendor"]\n    node_venv_lib_python3_12_site-packages_pip__vendor --> node_venv_lib_python3_12_site-packages_pip__vendor_cachecontrol["cachecontrol"]\n    node_venv_lib_python3_12_site-packages_pip__vendor_cachecontrol --> node_venv_lib_python3_12_site-packages_pip__vendor_cachecontrol_py_typed["py.typed"]\n    Root --> node_venv["venv"]\n    node_venv --> node_venv_lib["lib"]\n    node_venv_lib --> node_venv_lib_python3_12["python3.12"]\n    node_venv_lib_python3_12 --> node_venv_lib_python3_12_site-packages["site-packages"]\n    node_venv_lib_python3_12_site-packages --> node_venv_lib_python3_12_site-packages_pip["pip"]\n    node_venv_lib_python3_12_site-packages_pip --> node_venv_lib_python3_12_site-packages_pip__vendor["_vendor"]\n    node_venv_lib_python3_12_site-packages_pip__vendor --> node_venv_lib_python3_12_site-packages_pip__vendor_cachecontrol["cachecontrol"]\n    node_venv_lib_python3_12_site-packages_pip__vendor_cachecontrol --> node_venv_lib_python3_12_site-packages_pip__vendor_cachecontrol_serialize_py["serialize.py"]\n    Root --> node_venv["venv"]\n    node_venv --> node_venv_lib["lib"]\n    node_venv_lib --> node_venv_lib_python3_12["python3.12"]\n    node_venv_lib_python3_12 --> node_venv_lib_python3_12_site-packages["site-packages"]\n    node_venv_lib_python3_12_site-packages --> node_venv_lib_python3_12_site-packages_pip["pip"]\n    node_venv_lib_python3_12_site-packages_pip --> node_venv_lib_python3_12_site-packages_pip__vendor["_vendor"]\n    node_venv_lib_python3_12_site-packages_pip__vendor --> node_venv_lib_python3_12_site-packages_pip__vendor_cachecontrol["cachecontrol"]\n    node_venv_lib_python3_12_site-packages_pip__vendor_cachecontrol --> node_venv_lib_python3_12_site-packages_pip__vendor_cachecontrol_wrapper_py["wrapper.py"]\n    Root --> node_venv["venv"]\n    node_venv --> node_venv_lib["lib"]\n    node_venv_lib --> node_venv_lib_python3_12["python3.12"]\n    node_venv_lib_python3_12 --> node_venv_lib_python3_12_site-packages["site-packages"]\n    node_venv_lib_python3_12_site-packages --> node_venv_lib_python3_12_site-packages_pip["pip"]\n    node_venv_lib_python3_12_site-packages_pip --> node_venv_lib_python3_12_site-packages_pip__vendor["_vendor"]\n    node_venv_lib_python3_12_site-packages_pip__vendor --> node_venv_lib_python3_12_site-packages_pip__vendor_cachecontrol["cachecontrol"]\n    node_venv_lib_python3_12_site-packages_pip__vendor_cachecontrol --> node_venv_lib_python3_12_site-packages_pip__vendor_cachecontrol_caches["caches"]\n    node_venv_lib_python3_12_site-packages_pip__vendor_cachecontrol_caches --> node_venv_lib_python3_12_site-packages_pip__vendor_cachecontrol_caches___init___py["__init__.py"]\n    Root --> node_venv["venv"]\n    node_venv --> node_venv_lib["lib"]\n    node_venv_lib --> node_venv_lib_python3_12["python3.12"]\n    node_venv_lib_python3_12 --> node_venv_lib_python3_12_site-packages["site-packages"]\n    node_venv_lib_python3_12_site-packages --> node_venv_lib_python3_12_site-packages_pip["pip"]\n    node_venv_lib_python3_12_site-packages_pip --> node_venv_lib_python3_12_site-packages_pip__vendor["_vendor"]\n    node_venv_lib_python3_12_site-packages_pip__vendor --> node_venv_lib_python3_12_site-packages_pip__vendor_cachecontrol["cachecontrol"]\n    node_venv_lib_python3_12_site-packages_pip__vendor_cachecontrol --> node_venv_lib_python3_12_site-packages_pip__vendor_cachecontrol_caches["caches"]\n    node_venv_lib_python3_12_site-packages_pip__vendor_cachecontrol_caches --> node_venv_lib_python3_12_site-packages_pip__vendor_cachecontrol_caches_file_cache_py["file_cache.py"]\n    Root --> node_venv["venv"]\n    node_venv --> node_venv_lib["lib"]\n    node_venv_lib --> node_venv_lib_python3_12["python3.12"]\n    node_venv_lib_python3_12 --> node_venv_lib_python3_12_site-packages["site-packages"]\n    node_venv_lib_python3_12_site-packages --> node_venv_lib_python3_12_site-packages_pip["pip"]\n    node_venv_lib_python3_12_site-packages_pip --> node_venv_lib_python3_12_site-packages_pip__vendor["_vendor"]\n    node_venv_lib_python3_12_site-packages_pip__vendor --> node_venv_lib_python3_12_site-packages_pip__vendor_cachecontrol["cachecontrol"]\n    node_venv_lib_python3_12_site-packages_pip__vendor_cachecontrol --> node_venv_lib_python3_12_site-packages_pip__vendor_cachecontrol_caches["caches"]\n    node_venv_lib_python3_12_site-packages_pip__vendor_cachecontrol_caches --> node_venv_lib_python3_12_site-packages_pip__vendor_cachecontrol_caches_redis_cache_py["redis_cache.py"]\n    Root --> node_venv["venv"]\n    node_venv --> node_venv_lib["lib"]\n    node_venv_lib --> node_venv_lib_python3_12["python3.12"]\n    node_venv_lib_python3_12 --> node_venv_lib_python3_12_site-packages["site-packages"]\n    node_venv_lib_python3_12_site-packages --> node_venv_lib_python3_12_site-packages_pip["pip"]\n    node_venv_lib_python3_12_site-packages_pip --> node_venv_lib_python3_12_site-packages_pip__vendor["_vendor"]\n    node_venv_lib_python3_12_site-packages_pip__vendor --> node_venv_lib_python3_12_site-packages_pip__vendor_idna["idna"]\n    node_venv_lib_python3_12_site-packages_pip__vendor_idna --> node_venv_lib_python3_12_site-packages_pip__vendor_idna___init___py["__init__.py"]\n    Root --> node_venv["venv"]\n    node_venv --> node_venv_lib["lib"]\n    node_venv_lib --> node_venv_lib_python3_12["python3.12"]\n    node_venv_lib_python3_12 --> node_venv_lib_python3_12_site-packages["site-packages"]\n    node_venv_lib_python3_12_site-packages --> node_venv_lib_python3_12_site-packages_pip["pip"]\n    node_venv_lib_python3_12_site-packages_pip --> node_venv_lib_python3_12_site-packages_pip__vendor["_vendor"]\n    node_venv_lib_python3_12_site-packages_pip__vendor --> node_venv_lib_python3_12_site-packages_pip__vendor_idna["idna"]\n    node_venv_lib_python3_12_site-packages_pip__vendor_idna --> node_venv_lib_python3_12_site-packages_pip__vendor_idna_codec_py["codec.py"]\n    Root --> node_venv["venv"]\n    node_venv --> node_venv_lib["lib"]\n    node_venv_lib --> node_venv_lib_python3_12["python3.12"]\n    node_venv_lib_python3_12 --> node_venv_lib_python3_12_site-packages["site-packages"]\n    node_venv_lib_python3_12_site-packages --> node_venv_lib_python3_12_site-packages_pip["pip"]\n    node_venv_lib_python3_12_site-packages_pip --> node_venv_lib_python3_12_site-packages_pip__vendor["_vendor"]\n    node_venv_lib_python3_12_site-packages_pip__vendor --> node_venv_lib_python3_12_site-packages_pip__vendor_idna["idna"]\n    node_venv_lib_python3_12_site-packages_pip__vendor_idna --> node_venv_lib_python3_12_site-packages_pip__vendor_idna_compat_py["compat.py"]\n    Root --> node_venv["venv"]\n    node_venv --> node_venv_lib["lib"]\n    node_venv_lib --> node_venv_lib_python3_12["python3.12"]\n    node_venv_lib_python3_12 --> node_venv_lib_python3_12_site-packages["site-packages"]\n    node_venv_lib_python3_12_site-packages --> node_venv_lib_python3_12_site-packages_pip["pip"]\n    node_venv_lib_python3_12_site-packages_pip --> node_venv_lib_python3_12_site-packages_pip__vendor["_vendor"]\n    node_venv_lib_python3_12_site-packages_pip__vendor --> node_venv_lib_python3_12_site-packages_pip__vendor_idna["idna"]\n    node_venv_lib_python3_12_site-packages_pip__vendor_idna --> node_venv_lib_python3_12_site-packages_pip__vendor_idna_core_py["core.py"]\n    Root --> node_venv["venv"]\n    node_venv --> node_venv_lib["lib"]\n    node_venv_lib --> node_venv_lib_python3_12["python3.12"]\n    node_venv_lib_python3_12 --> node_venv_lib_python3_12_site-packages["site-packages"]\n    node_venv_lib_python3_12_site-packages --> node_venv_lib_python3_12_site-packages_pip["pip"]\n    node_venv_lib_python3_12_site-packages_pip --> node_venv_lib_python3_12_site-packages_pip__vendor["_vendor"]\n    node_venv_lib_python3_12_site-packages_pip__vendor --> node_venv_lib_python3_12_site-packages_pip__vendor_idna["idna"]\n    node_venv_lib_python3_12_site-packages_pip__vendor_idna --> node_venv_lib_python3_12_site-packages_pip__vendor_idna_idnadata_py["idnadata.py"]\n    Root --> node_venv["venv"]\n    node_venv --> node_venv_lib["lib"]\n    node_venv_lib --> node_venv_lib_python3_12["python3.12"]\n    node_venv_lib_python3_12 --> node_venv_lib_python3_12_site-packages["site-packages"]\n    node_venv_lib_python3_12_site-packages --> node_venv_lib_python3_12_site-packages_pip["pip"]\n    node_venv_lib_python3_12_site-packages_pip --> node_venv_lib_python3_12_site-packages_pip__vendor["_vendor"]\n    node_venv_lib_python3_12_site-packages_pip__vendor --> node_venv_lib_python3_12_site-packages_pip__vendor_idna["idna"]\n    node_venv_lib_python3_12_site-packages_pip__vendor_idna --> node_venv_lib_python3_12_site-packages_pip__vendor_idna_intranges_py["intranges.py"]\n    Root --> node_venv["venv"]\n    node_venv --> node_venv_lib["lib"]\n    node_venv_lib --> node_venv_lib_python3_12["python3.12"]\n    node_venv_lib_python3_12 --> node_venv_lib_python3_12_site-packages["site-packages"]\n    node_venv_lib_python3_12_site-packages --> node_venv_lib_python3_12_site-packages_pip["pip"]\n    node_venv_lib_python3_12_site-packages_pip --> node_venv_lib_python3_12_site-packages_pip__vendor["_vendor"]\n    node_venv_lib_python3_12_site-packages_pip__vendor --> node_venv_lib_python3_12_site-packages_pip__vendor_idna["idna"]\n    node_venv_lib_python3_12_site-packages_pip__vendor_idna --> node_venv_lib_python3_12_site-packages_pip__vendor_idna_package_data_py["package_data.py"]\n    Root --> node_venv["venv"]\n    node_venv --> node_venv_lib["lib"]\n    node_venv_lib --> node_venv_lib_python3_12["python3.12"]\n    node_venv_lib_python3_12 --> node_venv_lib_python3_12_site-packages["site-packages"]\n    node_venv_lib_python3_12_site-packages --> node_venv_lib_python3_12_site-packages_pip["pip"]\n    node_venv_lib_python3_12_site-packages_pip --> node_venv_lib_python3_12_site-packages_pip__vendor["_vendor"]\n    node_venv_lib_python3_12_site-packages_pip__vendor --> node_venv_lib_python3_12_site-packages_pip__vendor_idna["idna"]\n    node_venv_lib_python3_12_site-packages_pip__vendor_idna --> node_venv_lib_python3_12_site-packages_pip__vendor_idna_py_typed["py.typed"]\n    Root --> node_venv["venv"]\n    node_venv --> node_venv_lib["lib"]\n    node_venv_lib --> node_venv_lib_python3_12["python3.12"]\n    node_venv_lib_python3_12 --> node_venv_lib_python3_12_site-packages["site-packages"]\n    node_venv_lib_python3_12_site-packages --> node_venv_lib_python3_12_site-packages_pip["pip"]\n    node_venv_lib_python3_12_site-packages_pip --> node_venv_lib_python3_12_site-packages_pip__vendor["_vendor"]\n    node_venv_lib_python3_12_site-packages_pip__vendor --> node_venv_lib_python3_12_site-packages_pip__vendor_idna["idna"]\n    node_venv_lib_python3_12_site-packages_pip__vendor_idna --> node_venv_lib_python3_12_site-packages_pip__vendor_idna_uts46data_py["uts46data.py"]\n    Root --> node_venv["venv"]\n    node_venv --> node_venv_lib["lib"]\n    node_venv_lib --> node_venv_lib_python3_12["python3.12"]\n    node_venv_lib_python3_12 --> node_venv_lib_python3_12_site-packages["site-packages"]\n    node_venv_lib_python3_12_site-packages --> node_venv_lib_python3_12_site-packages_pip["pip"]\n    node_venv_lib_python3_12_site-packages_pip --> node_venv_lib_python3_12_site-packages_pip__vendor["_vendor"]\n    node_venv_lib_python3_12_site-packages_pip__vendor --> node_venv_lib_python3_12_site-packages_pip__vendor_requests["requests"]\n    node_venv_lib_python3_12_site-packages_pip__vendor_requests --> node_venv_lib_python3_12_site-packages_pip__vendor_requests___init___py["__init__.py"]\n    Root --> node_venv["venv"]\n    node_venv --> node_venv_lib["lib"]\n    node_venv_lib --> node_venv_lib_python3_12["python3.12"]\n    node_venv_lib_python3_12 --> node_venv_lib_python3_12_site-packages["site-packages"]\n    node_venv_lib_python3_12_site-packages --> node_venv_lib_python3_12_site-packages_pip["pip"]\n    node_venv_lib_python3_12_site-packages_pip --> node_venv_lib_python3_12_site-packages_pip__vendor["_vendor"]\n    node_venv_lib_python3_12_site-packages_pip__vendor --> node_venv_lib_python3_12_site-packages_pip__vendor_requests["requests"]\n    node_venv_lib_python3_12_site-packages_pip__vendor_requests --> node_venv_lib_python3_12_site-packages_pip__vendor_requests___version___py["__version__.py"]\n    Root --> node_venv["venv"]\n    node_venv --> node_venv_lib["lib"]\n    node_venv_lib --> node_venv_lib_python3_12["python3.12"]\n    node_venv_lib_python3_12 --> node_venv_lib_python3_12_site-packages["site-packages"]\n    node_venv_lib_python3_12_site-packages --> node_venv_lib_python3_12_site-packages_pip["pip"]\n    node_venv_lib_python3_12_site-packages_pip --> node_venv_lib_python3_12_site-packages_pip__vendor["_vendor"]\n    node_venv_lib_python3_12_site-packages_pip__vendor --> node_venv_lib_python3_12_site-packages_pip__vendor_requests["requests"]\n    node_venv_lib_python3_12_site-packages_pip__vendor_requests --> node_venv_lib_python3_12_site-packages_pip__vendor_requests__internal_utils_py["_internal_utils.py"]\n    Root --> node_venv["venv"]\n    node_venv --> node_venv_lib["lib"]\n    node_venv_lib --> node_venv_lib_python3_12["python3.12"]\n    node_venv_lib_python3_12 --> node_venv_lib_python3_12_site-packages["site-packages"]\n    node_venv_lib_python3_12_site-packages --> node_venv_lib_python3_12_site-packages_pip["pip"]\n    node_venv_lib_python3_12_site-packages_pip --> node_venv_lib_python3_12_site-packages_pip__vendor["_vendor"]\n    node_venv_lib_python3_12_site-packages_pip__vendor --> node_venv_lib_python3_12_site-packages_pip__vendor_requests["requests"]\n    node_venv_lib_python3_12_site-packages_pip__vendor_requests --> node_venv_lib_python3_12_site-packages_pip__vendor_requests_adapters_py["adapters.py"]\n    Root --> node_venv["venv"]\n    node_venv --> node_venv_lib["lib"]\n    node_venv_lib --> node_venv_lib_python3_12["python3.12"]\n    node_venv_lib_python3_12 --> node_venv_lib_python3_12_site-packages["site-packages"]\n    node_venv_lib_python3_12_site-packages --> node_venv_lib_python3_12_site-packages_pip["pip"]\n    node_venv_lib_python3_12_site-packages_pip --> node_venv_lib_python3_12_site-packages_pip__vendor["_vendor"]\n    node_venv_lib_python3_12_site-packages_pip__vendor --> node_venv_lib_python3_12_site-packages_pip__vendor_requests["requests"]\n    node_venv_lib_python3_12_site-packages_pip__vendor_requests --> node_venv_lib_python3_12_site-packages_pip__vendor_requests_api_py["api.py"]\n    Root --> node_venv["venv"]\n    node_venv --> node_venv_lib["lib"]\n    node_venv_lib --> node_venv_lib_python3_12["python3.12"]\n    node_venv_lib_python3_12 --> node_venv_lib_python3_12_site-packages["site-packages"]\n    node_venv_lib_python3_12_site-packages --> node_venv_lib_python3_12_site-packages_pip["pip"]\n    node_venv_lib_python3_12_site-packages_pip --> node_venv_lib_python3_12_site-packages_pip__vendor["_vendor"]\n    node_venv_lib_python3_12_site-packages_pip__vendor --> node_venv_lib_python3_12_site-packages_pip__vendor_requests["requests"]\n    node_venv_lib_python3_12_site-packages_pip__vendor_requests --> node_venv_lib_python3_12_site-packages_pip__vendor_requests_auth_py["auth.py"]\n    Root --> node_venv["venv"]\n    node_venv --> node_venv_lib["lib"]\n    node_venv_lib --> node_venv_lib_python3_12["python3.12"]\n    node_venv_lib_python3_12 --> node_venv_lib_python3_12_site-packages["site-packages"]\n    node_venv_lib_python3_12_site-packages --> node_venv_lib_python3_12_site-packages_pip["pip"]\n    node_venv_lib_python3_12_site-packages_pip --> node_venv_lib_python3_12_site-packages_pip__vendor["_vendor"]\n    node_venv_lib_python3_12_site-packages_pip__vendor --> node_venv_lib_python3_12_site-packages_pip__vendor_requests["requests"]\n    node_venv_lib_python3_12_site-packages_pip__vendor_requests --> node_venv_lib_python3_12_site-packages_pip__vendor_requests_certs_py["certs.py"]\n    Root --> node_venv["venv"]\n    node_venv --> node_venv_lib["lib"]\n    node_venv_lib --> node_venv_lib_python3_12["python3.12"]\n    node_venv_lib_python3_12 --> node_venv_lib_python3_12_site-packages["site-packages"]\n    node_venv_lib_python3_12_site-packages --> node_venv_lib_python3_12_site-packages_pip["pip"]\n    node_venv_lib_python3_12_site-packages_pip --> node_venv_lib_python3_12_site-packages_pip__vendor["_vendor"]\n    node_venv_lib_python3_12_site-packages_pip__vendor --> node_venv_lib_python3_12_site-packages_pip__vendor_requests["requests"]\n    node_venv_lib_python3_12_site-packages_pip__vendor_requests --> node_venv_lib_python3_12_site-packages_pip__vendor_requests_compat_py["compat.py"]\n    Root --> node_venv["venv"]\n    node_venv --> node_venv_lib["lib"]\n    node_venv_lib --> node_venv_lib_python3_12["python3.12"]\n    node_venv_lib_python3_12 --> node_venv_lib_python3_12_site-packages["site-packages"]\n    node_venv_lib_python3_12_site-packages --> node_venv_lib_python3_12_site-packages_pip["pip"]\n    node_venv_lib_python3_12_site-packages_pip --> node_venv_lib_python3_12_site-packages_pip__vendor["_vendor"]\n    node_venv_lib_python3_12_site-packages_pip__vendor --> node_venv_lib_python3_12_site-packages_pip__vendor_requests["requests"]\n    node_venv_lib_python3_12_site-packages_pip__vendor_requests --> node_venv_lib_python3_12_site-packages_pip__vendor_requests_cookies_py["cookies.py"]\n    Root --> node_venv["venv"]\n    node_venv --> node_venv_lib["lib"]\n    node_venv_lib --> node_venv_lib_python3_12["python3.12"]\n    node_venv_lib_python3_12 --> node_venv_lib_python3_12_site-packages["site-packages"]\n    node_venv_lib_python3_12_site-packages --> node_venv_lib_python3_12_site-packages_pip["pip"]\n    node_venv_lib_python3_12_site-packages_pip --> node_venv_lib_python3_12_site-packages_pip__vendor["_vendor"]\n    node_venv_lib_python3_12_site-packages_pip__vendor --> node_venv_lib_python3_12_site-packages_pip__vendor_requests["requests"]\n    node_venv_lib_python3_12_site-packages_pip__vendor_requests --> node_venv_lib_python3_12_site-packages_pip__vendor_requests_exceptions_py["exceptions.py"]\n    Root --> node_venv["venv"]\n    node_venv --> node_venv_lib["lib"]\n    node_venv_lib --> node_venv_lib_python3_12["python3.12"]\n    node_venv_lib_python3_12 --> node_venv_lib_python3_12_site-packages["site-packages"]\n    node_venv_lib_python3_12_site-packages --> node_venv_lib_python3_12_site-packages_pip["pip"]\n    node_venv_lib_python3_12_site-packages_pip --> node_venv_lib_python3_12_site-packages_pip__vendor["_vendor"]\n    node_venv_lib_python3_12_site-packages_pip__vendor --> node_venv_lib_python3_12_site-packages_pip__vendor_requests["requests"]\n    node_venv_lib_python3_12_site-packages_pip__vendor_requests --> node_venv_lib_python3_12_site-packages_pip__vendor_requests_help_py["help.py"]\n    Root --> node_venv["venv"]\n    node_venv --> node_venv_lib["lib"]\n    node_venv_lib --> node_venv_lib_python3_12["python3.12"]\n    node_venv_lib_python3_12 --> node_venv_lib_python3_12_site-packages["site-packages"]\n    node_venv_lib_python3_12_site-packages --> node_venv_lib_python3_12_site-packages_pip["pip"]\n    node_venv_lib_python3_12_site-packages_pip --> node_venv_lib_python3_12_site-packages_pip__vendor["_vendor"]\n    node_venv_lib_python3_12_site-packages_pip__vendor --> node_venv_lib_python3_12_site-packages_pip__vendor_requests["requests"]\n    node_venv_lib_python3_12_site-packages_pip__vendor_requests --> node_venv_lib_python3_12_site-packages_pip__vendor_requests_hooks_py["hooks.py"]\n    Root --> node_venv["venv"]\n    node_venv --> node_venv_lib["lib"]\n    node_venv_lib --> node_venv_lib_python3_12["python3.12"]\n    node_venv_lib_python3_12 --> node_venv_lib_python3_12_site-packages["site-packages"]\n    node_venv_lib_python3_12_site-packages --> node_venv_lib_python3_12_site-packages_pip["pip"]\n    node_venv_lib_python3_12_site-packages_pip --> node_venv_lib_python3_12_site-packages_pip__vendor["_vendor"]\n    node_venv_lib_python3_12_site-packages_pip__vendor --> node_venv_lib_python3_12_site-packages_pip__vendor_requests["requests"]\n    node_venv_lib_python3_12_site-packages_pip__vendor_requests --> node_venv_lib_python3_12_site-packages_pip__vendor_requests_models_py["models.py"]\n    Root --> node_venv["venv"]\n    node_venv --> node_venv_lib["lib"]\n    node_venv_lib --> node_venv_lib_python3_12["python3.12"]\n    node_venv_lib_python3_12 --> node_venv_lib_python3_12_site-packages["site-packages"]\n    node_venv_lib_python3_12_site-packages --> node_venv_lib_python3_12_site-packages_pip["pip"]\n    node_venv_lib_python3_12_site-packages_pip --> node_venv_lib_python3_12_site-packages_pip__vendor["_vendor"]\n    node_venv_lib_python3_12_site-packages_pip__vendor --> node_venv_lib_python3_12_site-packages_pip__vendor_requests["requests"]\n    node_venv_lib_python3_12_site-packages_pip__vendor_requests --> node_venv_lib_python3_12_site-packages_pip__vendor_requests_packages_py["packages.py"]\n    Root --> node_venv["venv"]\n    node_venv --> node_venv_lib["lib"]\n    node_venv_lib --> node_venv_lib_python3_12["python3.12"]\n    node_venv_lib_python3_12 --> node_venv_lib_python3_12_site-packages["site-packages"]\n    node_venv_lib_python3_12_site-packages --> node_venv_lib_python3_12_site-packages_pip["pip"]\n    node_venv_lib_python3_12_site-packages_pip --> node_venv_lib_python3_12_site-packages_pip__vendor["_vendor"]\n    node_venv_lib_python3_12_site-packages_pip__vendor --> node_venv_lib_python3_12_site-packages_pip__vendor_requests["requests"]\n    node_venv_lib_python3_12_site-packages_pip__vendor_requests --> node_venv_lib_python3_12_site-packages_pip__vendor_requests_sessions_py["sessions.py"]\n    Root --> node_venv["venv"]\n    node_venv --> node_venv_lib["lib"]\n    node_venv_lib --> node_venv_lib_python3_12["python3.12"]\n    node_venv_lib_python3_12 --> node_venv_lib_python3_12_site-packages["site-packages"]\n    node_venv_lib_python3_12_site-packages --> node_venv_lib_python3_12_site-packages_pip["pip"]\n    node_venv_lib_python3_12_site-packages_pip --> node_venv_lib_python3_12_site-packages_pip__vendor["_vendor"]\n    node_venv_lib_python3_12_site-packages_pip__vendor --> node_venv_lib_python3_12_site-packages_pip__vendor_requests["requests"]\n    node_venv_lib_python3_12_site-packages_pip__vendor_requests --> node_venv_lib_python3_12_site-packages_pip__vendor_requests_status_codes_py["status_codes.py"]\n    Root --> node_venv["venv"]\n    node_venv --> node_venv_lib["lib"]\n    node_venv_lib --> node_venv_lib_python3_12["python3.12"]\n    node_venv_lib_python3_12 --> node_venv_lib_python3_12_site-packages["site-packages"]\n    node_venv_lib_python3_12_site-packages --> node_venv_lib_python3_12_site-packages_pip["pip"]\n    node_venv_lib_python3_12_site-packages_pip --> node_venv_lib_python3_12_site-packages_pip__vendor["_vendor"]\n    node_venv_lib_python3_12_site-packages_pip__vendor --> node_venv_lib_python3_12_site-packages_pip__vendor_requests["requests"]\n    node_venv_lib_python3_12_site-packages_pip__vendor_requests --> node_venv_lib_python3_12_site-packages_pip__vendor_requests_structures_py["structures.py"]\n    Root --> node_venv["venv"]\n    node_venv --> node_venv_lib["lib"]\n    node_venv_lib --> node_venv_lib_python3_12["python3.12"]\n    node_venv_lib_python3_12 --> node_venv_lib_python3_12_site-packages["site-packages"]\n    node_venv_lib_python3_12_site-packages --> node_venv_lib_python3_12_site-packages_pip["pip"]\n    node_venv_lib_python3_12_site-packages_pip --> node_venv_lib_python3_12_site-packages_pip__vendor["_vendor"]\n    node_venv_lib_python3_12_site-packages_pip__vendor --> node_venv_lib_python3_12_site-packages_pip__vendor_requests["requests"]\n    node_venv_lib_python3_12_site-packages_pip__vendor_requests --> node_venv_lib_python3_12_site-packages_pip__vendor_requests_utils_py["utils.py"]\n    Root --> node_venv["venv"]\n    node_venv --> node_venv_lib["lib"]\n    node_venv_lib --> node_venv_lib_python3_12["python3.12"]\n    node_venv_lib_python3_12 --> node_venv_lib_python3_12_site-packages["site-packages"]\n    node_venv_lib_python3_12_site-packages --> node_venv_lib_python3_12_site-packages_pip["pip"]\n    node_venv_lib_python3_12_site-packages_pip --> node_venv_lib_python3_12_site-packages_pip__vendor["_vendor"]\n    node_venv_lib_python3_12_site-packages_pip__vendor --> node_venv_lib_python3_12_site-packages_pip__vendor_tomli["tomli"]\n    node_venv_lib_python3_12_site-packages_pip__vendor_tomli --> node_venv_lib_python3_12_site-packages_pip__vendor_tomli___init___py["__init__.py"]\n    Root --> node_venv["venv"]\n    node_venv --> node_venv_lib["lib"]\n    node_venv_lib --> node_venv_lib_python3_12["python3.12"]\n    node_venv_lib_python3_12 --> node_venv_lib_python3_12_site-packages["site-packages"]\n    node_venv_lib_python3_12_site-packages --> node_venv_lib_python3_12_site-packages_pip["pip"]\n    node_venv_lib_python3_12_site-packages_pip --> node_venv_lib_python3_12_site-packages_pip__vendor["_vendor"]\n    node_venv_lib_python3_12_site-packages_pip__vendor --> node_venv_lib_python3_12_site-packages_pip__vendor_tomli["tomli"]\n    node_venv_lib_python3_12_site-packages_pip__vendor_tomli --> node_venv_lib_python3_12_site-packages_pip__vendor_tomli__parser_py["_parser.py"]\n    Root --> node_venv["venv"]\n    node_venv --> node_venv_lib["lib"]\n    node_venv_lib --> node_venv_lib_python3_12["python3.12"]\n    node_venv_lib_python3_12 --> node_venv_lib_python3_12_site-packages["site-packages"]\n    node_venv_lib_python3_12_site-packages --> node_venv_lib_python3_12_site-packages_pip["pip"]\n    node_venv_lib_python3_12_site-packages_pip --> node_venv_lib_python3_12_site-packages_pip__vendor["_vendor"]\n    node_venv_lib_python3_12_site-packages_pip__vendor --> node_venv_lib_python3_12_site-packages_pip__vendor_tomli["tomli"]\n    node_venv_lib_python3_12_site-packages_pip__vendor_tomli --> node_venv_lib_python3_12_site-packages_pip__vendor_tomli__re_py["_re.py"]\n    Root --> node_venv["venv"]\n    node_venv --> node_venv_lib["lib"]\n    node_venv_lib --> node_venv_lib_python3_12["python3.12"]\n    node_venv_lib_python3_12 --> node_venv_lib_python3_12_site-packages["site-packages"]\n    node_venv_lib_python3_12_site-packages --> node_venv_lib_python3_12_site-packages_pip["pip"]\n    node_venv_lib_python3_12_site-packages_pip --> node_venv_lib_python3_12_site-packages_pip__vendor["_vendor"]\n    node_venv_lib_python3_12_site-packages_pip__vendor --> node_venv_lib_python3_12_site-packages_pip__vendor_tomli["tomli"]\n    node_venv_lib_python3_12_site-packages_pip__vendor_tomli --> node_venv_lib_python3_12_site-packages_pip__vendor_tomli__types_py["_types.py"]\n    Root --> node_venv["venv"]\n    node_venv --> node_venv_lib["lib"]\n    node_venv_lib --> node_venv_lib_python3_12["python3.12"]\n    node_venv_lib_python3_12 --> node_venv_lib_python3_12_site-packages["site-packages"]\n    node_venv_lib_python3_12_site-packages --> node_venv_lib_python3_12_site-packages_pip["pip"]\n    node_venv_lib_python3_12_site-packages_pip --> node_venv_lib_python3_12_site-packages_pip__vendor["_vendor"]\n    node_venv_lib_python3_12_site-packages_pip__vendor --> node_venv_lib_python3_12_site-packages_pip__vendor_tomli["tomli"]\n    node_venv_lib_python3_12_site-packages_pip__vendor_tomli --> node_venv_lib_python3_12_site-packages_pip__vendor_tomli_py_typed["py.typed"]\n    Root --> node_venv["venv"]\n    node_venv --> node_venv_lib["lib"]\n    node_venv_lib --> node_venv_lib_python3_12["python3.12"]\n    node_venv_lib_python3_12 --> node_venv_lib_python3_12_site-packages["site-packages"]\n    node_venv_lib_python3_12_site-packages --> node_venv_lib_python3_12_site-packages_pip["pip"]\n    node_venv_lib_python3_12_site-packages_pip --> node_venv_lib_python3_12_site-packages_pip__vendor["_vendor"]\n    node_venv_lib_python3_12_site-packages_pip__vendor --> node_venv_lib_python3_12_site-packages_pip__vendor_certifi["certifi"]\n    node_venv_lib_python3_12_site-packages_pip__vendor_certifi --> node_venv_lib_python3_12_site-packages_pip__vendor_certifi___init___py["__init__.py"]\n    Root --> node_venv["venv"]\n    node_venv --> node_venv_lib["lib"]\n    node_venv_lib --> node_venv_lib_python3_12["python3.12"]\n    node_venv_lib_python3_12 --> node_venv_lib_python3_12_site-packages["site-packages"]\n    node_venv_lib_python3_12_site-packages --> node_venv_lib_python3_12_site-packages_pip["pip"]\n    node_venv_lib_python3_12_site-packages_pip --> node_venv_lib_python3_12_site-packages_pip__vendor["_vendor"]\n    node_venv_lib_python3_12_site-packages_pip__vendor --> node_venv_lib_python3_12_site-packages_pip__vendor_certifi["certifi"]\n    node_venv_lib_python3_12_site-packages_pip__vendor_certifi --> node_venv_lib_python3_12_site-packages_pip__vendor_certifi___main___py["__main__.py"]\n    Root --> node_venv["venv"]\n    node_venv --> node_venv_lib["lib"]\n    node_venv_lib --> node_venv_lib_python3_12["python3.12"]\n    node_venv_lib_python3_12 --> node_venv_lib_python3_12_site-packages["site-packages"]\n    node_venv_lib_python3_12_site-packages --> node_venv_lib_python3_12_site-packages_pip["pip"]\n    node_venv_lib_python3_12_site-packages_pip --> node_venv_lib_python3_12_site-packages_pip__vendor["_vendor"]\n    node_venv_lib_python3_12_site-packages_pip__vendor --> node_venv_lib_python3_12_site-packages_pip__vendor_certifi["certifi"]\n    node_venv_lib_python3_12_site-packages_pip__vendor_certifi --> node_venv_lib_python3_12_site-packages_pip__vendor_certifi_cacert_pem["cacert.pem"]\n    Root --> node_venv["venv"]\n    node_venv --> node_venv_lib["lib"]\n    node_venv_lib --> node_venv_lib_python3_12["python3.12"]\n    node_venv_lib_python3_12 --> node_venv_lib_python3_12_site-packages["site-packages"]\n    node_venv_lib_python3_12_site-packages --> node_venv_lib_python3_12_site-packages_pip["pip"]\n    node_venv_lib_python3_12_site-packages_pip --> node_venv_lib_python3_12_site-packages_pip__vendor["_vendor"]\n    node_venv_lib_python3_12_site-packages_pip__vendor --> node_venv_lib_python3_12_site-packages_pip__vendor_certifi["certifi"]\n    node_venv_lib_python3_12_site-packages_pip__vendor_certifi --> node_venv_lib_python3_12_site-packages_pip__vendor_certifi_core_py["core.py"]\n    Root --> node_venv["venv"]\n    node_venv --> node_venv_lib["lib"]\n    node_venv_lib --> node_venv_lib_python3_12["python3.12"]\n    node_venv_lib_python3_12 --> node_venv_lib_python3_12_site-packages["site-packages"]\n    node_venv_lib_python3_12_site-packages --> node_venv_lib_python3_12_site-packages_pip["pip"]\n    node_venv_lib_python3_12_site-packages_pip --> node_venv_lib_python3_12_site-packages_pip__vendor["_vendor"]\n    node_venv_lib_python3_12_site-packages_pip__vendor --> node_venv_lib_python3_12_site-packages_pip__vendor_certifi["certifi"]\n    node_venv_lib_python3_12_site-packages_pip__vendor_certifi --> node_venv_lib_python3_12_site-packages_pip__vendor_certifi_py_typed["py.typed"]\n    Root --> node_venv["venv"]\n    node_venv --> node_venv_lib["lib"]\n    node_venv_lib --> node_venv_lib_python3_12["python3.12"]\n    node_venv_lib_python3_12 --> node_venv_lib_python3_12_site-packages["site-packages"]\n    node_venv_lib_python3_12_site-packages --> node_venv_lib_python3_12_site-packages_pip["pip"]\n    node_venv_lib_python3_12_site-packages_pip --> node_venv_lib_python3_12_site-packages_pip__vendor["_vendor"]\n    node_venv_lib_python3_12_site-packages_pip__vendor --> node_venv_lib_python3_12_site-packages_pip__vendor_pyproject_hooks["pyproject_hooks"]\n    node_venv_lib_python3_12_site-packages_pip__vendor_pyproject_hooks --> node_venv_lib_python3_12_site-packages_pip__vendor_pyproject_hooks___init___py["__init__.py"]\n    Root --> node_venv["venv"]\n    node_venv --> node_venv_lib["lib"]\n    node_venv_lib --> node_venv_lib_python3_12["python3.12"]\n    node_venv_lib_python3_12 --> node_venv_lib_python3_12_site-packages["site-packages"]\n    node_venv_lib_python3_12_site-packages --> node_venv_lib_python3_12_site-packages_pip["pip"]\n    node_venv_lib_python3_12_site-packages_pip --> node_venv_lib_python3_12_site-packages_pip__vendor["_vendor"]\n    node_venv_lib_python3_12_site-packages_pip__vendor --> node_venv_lib_python3_12_site-packages_pip__vendor_pyproject_hooks["pyproject_hooks"]\n    node_venv_lib_python3_12_site-packages_pip__vendor_pyproject_hooks --> node_venv_lib_python3_12_site-packages_pip__vendor_pyproject_hooks__impl_py["_impl.py"]\n    Root --> node_venv["venv"]\n    node_venv --> node_venv_lib["lib"]\n    node_venv_lib --> node_venv_lib_python3_12["python3.12"]\n    node_venv_lib_python3_12 --> node_venv_lib_python3_12_site-packages["site-packages"]\n    node_venv_lib_python3_12_site-packages --> node_venv_lib_python3_12_site-packages_pip["pip"]\n    node_venv_lib_python3_12_site-packages_pip --> node_venv_lib_python3_12_site-packages_pip__vendor["_vendor"]\n    node_venv_lib_python3_12_site-packages_pip__vendor --> node_venv_lib_python3_12_site-packages_pip__vendor_pyproject_hooks["pyproject_hooks"]\n    node_venv_lib_python3_12_site-packages_pip__vendor_pyproject_hooks --> node_venv_lib_python3_12_site-packages_pip__vendor_pyproject_hooks_py_typed["py.typed"]\n    Root --> node_venv["venv"]\n    node_venv --> node_venv_lib["lib"]\n    node_venv_lib --> node_venv_lib_python3_12["python3.12"]\n    node_venv_lib_python3_12 --> node_venv_lib_python3_12_site-packages["site-packages"]\n    node_venv_lib_python3_12_site-packages --> node_venv_lib_python3_12_site-packages_pip["pip"]\n    node_venv_lib_python3_12_site-packages_pip --> node_venv_lib_python3_12_site-packages_pip__vendor["_vendor"]\n    node_venv_lib_python3_12_site-packages_pip__vendor --> node_venv_lib_python3_12_site-packages_pip__vendor_pyproject_hooks["pyproject_hooks"]\n    node_venv_lib_python3_12_site-packages_pip__vendor_pyproject_hooks --> node_venv_lib_python3_12_site-packages_pip__vendor_pyproject_hooks__in_process["_in_process"]\n    node_venv_lib_python3_12_site-packages_pip__vendor_pyproject_hooks__in_process --> node_venv_lib_python3_12_site-packages_pip__vendor_pyproject_hooks__in_process___init___py["__init__.py"]\n    Root --> node_venv["venv"]\n    node_venv --> node_venv_lib["lib"]\n    node_venv_lib --> node_venv_lib_python3_12["python3.12"]\n    node_venv_lib_python3_12 --> node_venv_lib_python3_12_site-packages["site-packages"]\n    node_venv_lib_python3_12_site-packages --> node_venv_lib_python3_12_site-packages_pip["pip"]\n    node_venv_lib_python3_12_site-packages_pip --> node_venv_lib_python3_12_site-packages_pip__vendor["_vendor"]\n    node_venv_lib_python3_12_site-packages_pip__vendor --> node_venv_lib_python3_12_site-packages_pip__vendor_pyproject_hooks["pyproject_hooks"]\n    node_venv_lib_python3_12_site-packages_pip__vendor_pyproject_hooks --> node_venv_lib_python3_12_site-packages_pip__vendor_pyproject_hooks__in_process["_in_process"]\n    node_venv_lib_python3_12_site-packages_pip__vendor_pyproject_hooks__in_process --> node_venv_lib_python3_12_site-packages_pip__vendor_pyproject_hooks__in_process__in_process_py["_in_process.py"]\n    Root --> node_venv["venv"]\n    node_venv --> node_venv_lib["lib"]\n    node_venv_lib --> node_venv_lib_python3_12["python3.12"]\n    node_venv_lib_python3_12 --> node_venv_lib_python3_12_site-packages["site-packages"]\n    node_venv_lib_python3_12_site-packages --> node_venv_lib_python3_12_site-packages_pip["pip"]\n    node_venv_lib_python3_12_site-packages_pip --> node_venv_lib_python3_12_site-packages_pip__vendor["_vendor"]\n    node_venv_lib_python3_12_site-packages_pip__vendor --> node_venv_lib_python3_12_site-packages_pip__vendor_rich["rich"]\n    node_venv_lib_python3_12_site-packages_pip__vendor_rich --> node_venv_lib_python3_12_site-packages_pip__vendor_rich___init___py["__init__.py"]\n    Root --> node_venv["venv"]\n    node_venv --> node_venv_lib["lib"]\n    node_venv_lib --> node_venv_lib_python3_12["python3.12"]\n    node_venv_lib_python3_12 --> node_venv_lib_python3_12_site-packages["site-packages"]\n    node_venv_lib_python3_12_site-packages --> node_venv_lib_python3_12_site-packages_pip["pip"]\n    node_venv_lib_python3_12_site-packages_pip --> node_venv_lib_python3_12_site-packages_pip__vendor["_vendor"]\n    node_venv_lib_python3_12_site-packages_pip__vendor --> node_venv_lib_python3_12_site-packages_pip__vendor_rich["rich"]\n    node_venv_lib_python3_12_site-packages_pip__vendor_rich --> node_venv_lib_python3_12_site-packages_pip__vendor_rich___main___py["__main__.py"]\n    Root --> node_venv["venv"]\n    node_venv --> node_venv_lib["lib"]\n    node_venv_lib --> node_venv_lib_python3_12["python3.12"]\n    node_venv_lib_python3_12 --> node_venv_lib_python3_12_site-packages["site-packages"]\n    node_venv_lib_python3_12_site-packages --> node_venv_lib_python3_12_site-packages_pip["pip"]\n    node_venv_lib_python3_12_site-packages_pip --> node_venv_lib_python3_12_site-packages_pip__vendor["_vendor"]\n    node_venv_lib_python3_12_site-packages_pip__vendor --> node_venv_lib_python3_12_site-packages_pip__vendor_rich["rich"]\n    node_venv_lib_python3_12_site-packages_pip__vendor_rich --> node_venv_lib_python3_12_site-packages_pip__vendor_rich__cell_widths_py["_cell_widths.py"]\n    Root --> node_venv["venv"]\n    node_venv --> node_venv_lib["lib"]\n    node_venv_lib --> node_venv_lib_python3_12["python3.12"]\n    node_venv_lib_python3_12 --> node_venv_lib_python3_12_site-packages["site-packages"]\n    node_venv_lib_python3_12_site-packages --> node_venv_lib_python3_12_site-packages_pip["pip"]\n    node_venv_lib_python3_12_site-packages_pip --> node_venv_lib_python3_12_site-packages_pip__vendor["_vendor"]\n    node_venv_lib_python3_12_site-packages_pip__vendor --> node_venv_lib_python3_12_site-packages_pip__vendor_rich["rich"]\n    node_venv_lib_python3_12_site-packages_pip__vendor_rich --> node_venv_lib_python3_12_site-packages_pip__vendor_rich__emoji_codes_py["_emoji_codes.py"]\n    Root --> node_venv["venv"]\n    node_venv --> node_venv_lib["lib"]\n    node_venv_lib --> node_venv_lib_python3_12["python3.12"]\n    node_venv_lib_python3_12 --> node_venv_lib_python3_12_site-packages["site-packages"]\n    node_venv_lib_python3_12_site-packages --> node_venv_lib_python3_12_site-packages_pip["pip"]\n    node_venv_lib_python3_12_site-packages_pip --> node_venv_lib_python3_12_site-packages_pip__vendor["_vendor"]\n    node_venv_lib_python3_12_site-packages_pip__vendor --> node_venv_lib_python3_12_site-packages_pip__vendor_rich["rich"]\n    node_venv_lib_python3_12_site-packages_pip__vendor_rich --> node_venv_lib_python3_12_site-packages_pip__vendor_rich__emoji_replace_py["_emoji_replace.py"]\n    Root --> node_venv["venv"]\n    node_venv --> node_venv_lib["lib"]\n    node_venv_lib --> node_venv_lib_python3_12["python3.12"]\n    node_venv_lib_python3_12 --> node_venv_lib_python3_12_site-packages["site-packages"]\n    node_venv_lib_python3_12_site-packages --> node_venv_lib_python3_12_site-packages_pip["pip"]\n    node_venv_lib_python3_12_site-packages_pip --> node_venv_lib_python3_12_site-packages_pip__vendor["_vendor"]\n    node_venv_lib_python3_12_site-packages_pip__vendor --> node_venv_lib_python3_12_site-packages_pip__vendor_rich["rich"]\n    node_venv_lib_python3_12_site-packages_pip__vendor_rich --> node_venv_lib_python3_12_site-packages_pip__vendor_rich__export_format_py["_export_format.py"]\n    Root --> node_venv["venv"]\n    node_venv --> node_venv_lib["lib"]\n    node_venv_lib --> node_venv_lib_python3_12["python3.12"]\n    node_venv_lib_python3_12 --> node_venv_lib_python3_12_site-packages["site-packages"]\n    node_venv_lib_python3_12_site-packages --> node_venv_lib_python3_12_site-packages_pip["pip"]\n    node_venv_lib_python3_12_site-packages_pip --> node_venv_lib_python3_12_site-packages_pip__vendor["_vendor"]\n    node_venv_lib_python3_12_site-packages_pip__vendor --> node_venv_lib_python3_12_site-packages_pip__vendor_rich["rich"]\n    node_venv_lib_python3_12_site-packages_pip__vendor_rich --> node_venv_lib_python3_12_site-packages_pip__vendor_rich__extension_py["_extension.py"]\n    Root --> node_venv["venv"]\n    node_venv --> node_venv_lib["lib"]\n    node_venv_lib --> node_venv_lib_python3_12["python3.12"]\n    node_venv_lib_python3_12 --> node_venv_lib_python3_12_site-packages["site-packages"]\n    node_venv_lib_python3_12_site-packages --> node_venv_lib_python3_12_site-packages_pip["pip"]\n    node_venv_lib_python3_12_site-packages_pip --> node_venv_lib_python3_12_site-packages_pip__vendor["_vendor"]\n    node_venv_lib_python3_12_site-packages_pip__vendor --> node_venv_lib_python3_12_site-packages_pip__vendor_rich["rich"]\n    node_venv_lib_python3_12_site-packages_pip__vendor_rich --> node_venv_lib_python3_12_site-packages_pip__vendor_rich__fileno_py["_fileno.py"]\n    Root --> node_venv["venv"]\n    node_venv --> node_venv_lib["lib"]\n    node_venv_lib --> node_venv_lib_python3_12["python3.12"]\n    node_venv_lib_python3_12 --> node_venv_lib_python3_12_site-packages["site-packages"]\n    node_venv_lib_python3_12_site-packages --> node_venv_lib_python3_12_site-packages_pip["pip"]\n    node_venv_lib_python3_12_site-packages_pip --> node_venv_lib_python3_12_site-packages_pip__vendor["_vendor"]\n    node_venv_lib_python3_12_site-packages_pip__vendor --> node_venv_lib_python3_12_site-packages_pip__vendor_rich["rich"]\n    node_venv_lib_python3_12_site-packages_pip__vendor_rich --> node_venv_lib_python3_12_site-packages_pip__vendor_rich__inspect_py["_inspect.py"]\n    Root --> node_venv["venv"]\n    node_venv --> node_venv_lib["lib"]\n    node_venv_lib --> node_venv_lib_python3_12["python3.12"]\n    node_venv_lib_python3_12 --> node_venv_lib_python3_12_site-packages["site-packages"]\n    node_venv_lib_python3_12_site-packages --> node_venv_lib_python3_12_site-packages_pip["pip"]\n    node_venv_lib_python3_12_site-packages_pip --> node_venv_lib_python3_12_site-packages_pip__vendor["_vendor"]\n    node_venv_lib_python3_12_site-packages_pip__vendor --> node_venv_lib_python3_12_site-packages_pip__vendor_rich["rich"]\n    node_venv_lib_python3_12_site-packages_pip__vendor_rich --> node_venv_lib_python3_12_site-packages_pip__vendor_rich__log_render_py["_log_render.py"]\n    Root --> node_venv["venv"]\n    node_venv --> node_venv_lib["lib"]\n    node_venv_lib --> node_venv_lib_python3_12["python3.12"]\n    node_venv_lib_python3_12 --> node_venv_lib_python3_12_site-packages["site-packages"]\n    node_venv_lib_python3_12_site-packages --> node_venv_lib_python3_12_site-packages_pip["pip"]\n    node_venv_lib_python3_12_site-packages_pip --> node_venv_lib_python3_12_site-packages_pip__vendor["_vendor"]\n    node_venv_lib_python3_12_site-packages_pip__vendor --> node_venv_lib_python3_12_site-packages_pip__vendor_rich["rich"]\n    node_venv_lib_python3_12_site-packages_pip__vendor_rich --> node_venv_lib_python3_12_site-packages_pip__vendor_rich__loop_py["_loop.py"]\n    Root --> node_venv["venv"]\n    node_venv --> node_venv_lib["lib"]\n    node_venv_lib --> node_venv_lib_python3_12["python3.12"]\n    node_venv_lib_python3_12 --> node_venv_lib_python3_12_site-packages["site-packages"]\n    node_venv_lib_python3_12_site-packages --> node_venv_lib_python3_12_site-packages_pip["pip"]\n    node_venv_lib_python3_12_site-packages_pip --> node_venv_lib_python3_12_site-packages_pip__vendor["_vendor"]\n    node_venv_lib_python3_12_site-packages_pip__vendor --> node_venv_lib_python3_12_site-packages_pip__vendor_rich["rich"]\n    node_venv_lib_python3_12_site-packages_pip__vendor_rich --> node_venv_lib_python3_12_site-packages_pip__vendor_rich__null_file_py["_null_file.py"]\n    Root --> node_venv["venv"]\n    node_venv --> node_venv_lib["lib"]\n    node_venv_lib --> node_venv_lib_python3_12["python3.12"]\n    node_venv_lib_python3_12 --> node_venv_lib_python3_12_site-packages["site-packages"]\n    node_venv_lib_python3_12_site-packages --> node_venv_lib_python3_12_site-packages_pip["pip"]\n    node_venv_lib_python3_12_site-packages_pip --> node_venv_lib_python3_12_site-packages_pip__vendor["_vendor"]\n    node_venv_lib_python3_12_site-packages_pip__vendor --> node_venv_lib_python3_12_site-packages_pip__vendor_rich["rich"]\n    node_venv_lib_python3_12_site-packages_pip__vendor_rich --> node_venv_lib_python3_12_site-packages_pip__vendor_rich__palettes_py["_palettes.py"]\n    Root --> node_venv["venv"]\n    node_venv --> node_venv_lib["lib"]\n    node_venv_lib --> node_venv_lib_python3_12["python3.12"]\n    node_venv_lib_python3_12 --> node_venv_lib_python3_12_site-packages["site-packages"]\n    node_venv_lib_python3_12_site-packages --> node_venv_lib_python3_12_site-packages_pip["pip"]\n    node_venv_lib_python3_12_site-packages_pip --> node_venv_lib_python3_12_site-packages_pip__vendor["_vendor"]\n    node_venv_lib_python3_12_site-packages_pip__vendor --> node_venv_lib_python3_12_site-packages_pip__vendor_rich["rich"]\n    node_venv_lib_python3_12_site-packages_pip__vendor_rich --> node_venv_lib_python3_12_site-packages_pip__vendor_rich__pick_py["_pick.py"]\n    Root --> node_venv["venv"]\n    node_venv --> node_venv_lib["lib"]\n    node_venv_lib --> node_venv_lib_python3_12["python3.12"]\n    node_venv_lib_python3_12 --> node_venv_lib_python3_12_site-packages["site-packages"]\n    node_venv_lib_python3_12_site-packages --> node_venv_lib_python3_12_site-packages_pip["pip"]\n    node_venv_lib_python3_12_site-packages_pip --> node_venv_lib_python3_12_site-packages_pip__vendor["_vendor"]\n    node_venv_lib_python3_12_site-packages_pip__vendor --> node_venv_lib_python3_12_site-packages_pip__vendor_rich["rich"]\n    node_venv_lib_python3_12_site-packages_pip__vendor_rich --> node_venv_lib_python3_12_site-packages_pip__vendor_rich__ratio_py["_ratio.py"]\n    Root --> node_venv["venv"]\n    node_venv --> node_venv_lib["lib"]\n    node_venv_lib --> node_venv_lib_python3_12["python3.12"]\n    node_venv_lib_python3_12 --> node_venv_lib_python3_12_site-packages["site-packages"]\n    node_venv_lib_python3_12_site-packages --> node_venv_lib_python3_12_site-packages_pip["pip"]\n    node_venv_lib_python3_12_site-packages_pip --> node_venv_lib_python3_12_site-packages_pip__vendor["_vendor"]\n    node_venv_lib_python3_12_site-packages_pip__vendor --> node_venv_lib_python3_12_site-packages_pip__vendor_rich["rich"]\n    node_venv_lib_python3_12_site-packages_pip__vendor_rich --> node_venv_lib_python3_12_site-packages_pip__vendor_rich__spinners_py["_spinners.py"]\n    Root --> node_venv["venv"]\n    node_venv --> node_venv_lib["lib"]\n    node_venv_lib --> node_venv_lib_python3_12["python3.12"]\n    node_venv_lib_python3_12 --> node_venv_lib_python3_12_site-packages["site-packages"]\n    node_venv_lib_python3_12_site-packages --> node_venv_lib_python3_12_site-packages_pip["pip"]\n    node_venv_lib_python3_12_site-packages_pip --> node_venv_lib_python3_12_site-packages_pip__vendor["_vendor"]\n    node_venv_lib_python3_12_site-packages_pip__vendor --> node_venv_lib_python3_12_site-packages_pip__vendor_rich["rich"]\n    node_venv_lib_python3_12_site-packages_pip__vendor_rich --> node_venv_lib_python3_12_site-packages_pip__vendor_rich__stack_py["_stack.py"]\n    Root --> node_venv["venv"]\n    node_venv --> node_venv_lib["lib"]\n    node_venv_lib --> node_venv_lib_python3_12["python3.12"]\n    node_venv_lib_python3_12 --> node_venv_lib_python3_12_site-packages["site-packages"]\n    node_venv_lib_python3_12_site-packages --> node_venv_lib_python3_12_site-packages_pip["pip"]\n    node_venv_lib_python3_12_site-packages_pip --> node_venv_lib_python3_12_site-packages_pip__vendor["_vendor"]\n    node_venv_lib_python3_12_site-packages_pip__vendor --> node_venv_lib_python3_12_site-packages_pip__vendor_rich["rich"]\n    node_venv_lib_python3_12_site-packages_pip__vendor_rich --> node_venv_lib_python3_12_site-packages_pip__vendor_rich__timer_py["_timer.py"]\n    Root --> node_venv["venv"]\n    node_venv --> node_venv_lib["lib"]\n    node_venv_lib --> node_venv_lib_python3_12["python3.12"]\n    node_venv_lib_python3_12 --> node_venv_lib_python3_12_site-packages["site-packages"]\n    node_venv_lib_python3_12_site-packages --> node_venv_lib_python3_12_site-packages_pip["pip"]\n    node_venv_lib_python3_12_site-packages_pip --> node_venv_lib_python3_12_site-packages_pip__vendor["_vendor"]\n    node_venv_lib_python3_12_site-packages_pip__vendor --> node_venv_lib_python3_12_site-packages_pip__vendor_rich["rich"]\n    node_venv_lib_python3_12_site-packages_pip__vendor_rich --> node_venv_lib_python3_12_site-packages_pip__vendor_rich__win32_console_py["_win32_console.py"]\n    Root --> node_venv["venv"]\n    node_venv --> node_venv_lib["lib"]\n    node_venv_lib --> node_venv_lib_python3_12["python3.12"]\n    node_venv_lib_python3_12 --> node_venv_lib_python3_12_site-packages["site-packages"]\n    node_venv_lib_python3_12_site-packages --> node_venv_lib_python3_12_site-packages_pip["pip"]\n    node_venv_lib_python3_12_site-packages_pip --> node_venv_lib_python3_12_site-packages_pip__vendor["_vendor"]\n    node_venv_lib_python3_12_site-packages_pip__vendor --> node_venv_lib_python3_12_site-packages_pip__vendor_rich["rich"]\n    node_venv_lib_python3_12_site-packages_pip__vendor_rich --> node_venv_lib_python3_12_site-packages_pip__vendor_rich__windows_py["_windows.py"]\n    Root --> node_venv["venv"]\n    node_venv --> node_venv_lib["lib"]\n    node_venv_lib --> node_venv_lib_python3_12["python3.12"]\n    node_venv_lib_python3_12 --> node_venv_lib_python3_12_site-packages["site-packages"]\n    node_venv_lib_python3_12_site-packages --> node_venv_lib_python3_12_site-packages_pip["pip"]\n    node_venv_lib_python3_12_site-packages_pip --> node_venv_lib_python3_12_site-packages_pip__vendor["_vendor"]\n    node_venv_lib_python3_12_site-packages_pip__vendor --> node_venv_lib_python3_12_site-packages_pip__vendor_rich["rich"]\n    node_venv_lib_python3_12_site-packages_pip__vendor_rich --> node_venv_lib_python3_12_site-packages_pip__vendor_rich__windows_renderer_py["_windows_renderer.py"]\n    Root --> node_venv["venv"]\n    node_venv --> node_venv_lib["lib"]\n    node_venv_lib --> node_venv_lib_python3_12["python3.12"]\n    node_venv_lib_python3_12 --> node_venv_lib_python3_12_site-packages["site-packages"]\n    node_venv_lib_python3_12_site-packages --> node_venv_lib_python3_12_site-packages_pip["pip"]\n    node_venv_lib_python3_12_site-packages_pip --> node_venv_lib_python3_12_site-packages_pip__vendor["_vendor"]\n    node_venv_lib_python3_12_site-packages_pip__vendor --> node_venv_lib_python3_12_site-packages_pip__vendor_rich["rich"]\n    node_venv_lib_python3_12_site-packages_pip__vendor_rich --> node_venv_lib_python3_12_site-packages_pip__vendor_rich__wrap_py["_wrap.py"]\n    Root --> node_venv["venv"]\n    node_venv --> node_venv_lib["lib"]\n    node_venv_lib --> node_venv_lib_python3_12["python3.12"]\n    node_venv_lib_python3_12 --> node_venv_lib_python3_12_site-packages["site-packages"]\n    node_venv_lib_python3_12_site-packages --> node_venv_lib_python3_12_site-packages_pip["pip"]\n    node_venv_lib_python3_12_site-packages_pip --> node_venv_lib_python3_12_site-packages_pip__vendor["_vendor"]\n    node_venv_lib_python3_12_site-packages_pip__vendor --> node_venv_lib_python3_12_site-packages_pip__vendor_rich["rich"]\n    node_venv_lib_python3_12_site-packages_pip__vendor_rich --> node_venv_lib_python3_12_site-packages_pip__vendor_rich_abc_py["abc.py"]\n    Root --> node_venv["venv"]\n    node_venv --> node_venv_lib["lib"]\n    node_venv_lib --> node_venv_lib_python3_12["python3.12"]\n    node_venv_lib_python3_12 --> node_venv_lib_python3_12_site-packages["site-packages"]\n    node_venv_lib_python3_12_site-packages --> node_venv_lib_python3_12_site-packages_pip["pip"]\n    node_venv_lib_python3_12_site-packages_pip --> node_venv_lib_python3_12_site-packages_pip__vendor["_vendor"]\n    node_venv_lib_python3_12_site-packages_pip__vendor --> node_venv_lib_python3_12_site-packages_pip__vendor_rich["rich"]\n    node_venv_lib_python3_12_site-packages_pip__vendor_rich --> node_venv_lib_python3_12_site-packages_pip__vendor_rich_align_py["align.py"]\n    Root --> node_venv["venv"]\n    node_venv --> node_venv_lib["lib"]\n    node_venv_lib --> node_venv_lib_python3_12["python3.12"]\n    node_venv_lib_python3_12 --> node_venv_lib_python3_12_site-packages["site-packages"]\n    node_venv_lib_python3_12_site-packages --> node_venv_lib_python3_12_site-packages_pip["pip"]\n    node_venv_lib_python3_12_site-packages_pip --> node_venv_lib_python3_12_site-packages_pip__vendor["_vendor"]\n    node_venv_lib_python3_12_site-packages_pip__vendor --> node_venv_lib_python3_12_site-packages_pip__vendor_rich["rich"]\n    node_venv_lib_python3_12_site-packages_pip__vendor_rich --> node_venv_lib_python3_12_site-packages_pip__vendor_rich_ansi_py["ansi.py"]\n    Root --> node_venv["venv"]\n    node_venv --> node_venv_lib["lib"]\n    node_venv_lib --> node_venv_lib_python3_12["python3.12"]\n    node_venv_lib_python3_12 --> node_venv_lib_python3_12_site-packages["site-packages"]\n    node_venv_lib_python3_12_site-packages --> node_venv_lib_python3_12_site-packages_pip["pip"]\n    node_venv_lib_python3_12_site-packages_pip --> node_venv_lib_python3_12_site-packages_pip__vendor["_vendor"]\n    node_venv_lib_python3_12_site-packages_pip__vendor --> node_venv_lib_python3_12_site-packages_pip__vendor_rich["rich"]\n    node_venv_lib_python3_12_site-packages_pip__vendor_rich --> node_venv_lib_python3_12_site-packages_pip__vendor_rich_bar_py["bar.py"]\n    Root --> node_venv["venv"]\n    node_venv --> node_venv_lib["lib"]\n    node_venv_lib --> node_venv_lib_python3_12["python3.12"]\n    node_venv_lib_python3_12 --> node_venv_lib_python3_12_site-packages["site-packages"]\n    node_venv_lib_python3_12_site-packages --> node_venv_lib_python3_12_site-packages_pip["pip"]\n    node_venv_lib_python3_12_site-packages_pip --> node_venv_lib_python3_12_site-packages_pip__vendor["_vendor"]\n    node_venv_lib_python3_12_site-packages_pip__vendor --> node_venv_lib_python3_12_site-packages_pip__vendor_rich["rich"]\n    node_venv_lib_python3_12_site-packages_pip__vendor_rich --> node_venv_lib_python3_12_site-packages_pip__vendor_rich_box_py["box.py"]\n    Root --> node_venv["venv"]\n    node_venv --> node_venv_lib["lib"]\n    node_venv_lib --> node_venv_lib_python3_12["python3.12"]\n    node_venv_lib_python3_12 --> node_venv_lib_python3_12_site-packages["site-packages"]\n    node_venv_lib_python3_12_site-packages --> node_venv_lib_python3_12_site-packages_pip["pip"]\n    node_venv_lib_python3_12_site-packages_pip --> node_venv_lib_python3_12_site-packages_pip__vendor["_vendor"]\n    node_venv_lib_python3_12_site-packages_pip__vendor --> node_venv_lib_python3_12_site-packages_pip__vendor_rich["rich"]\n    node_venv_lib_python3_12_site-packages_pip__vendor_rich --> node_venv_lib_python3_12_site-packages_pip__vendor_rich_cells_py["cells.py"]\n    Root --> node_venv["venv"]\n    node_venv --> node_venv_lib["lib"]\n    node_venv_lib --> node_venv_lib_python3_12["python3.12"]\n    node_venv_lib_python3_12 --> node_venv_lib_python3_12_site-packages["site-packages"]\n    node_venv_lib_python3_12_site-packages --> node_venv_lib_python3_12_site-packages_pip["pip"]\n    node_venv_lib_python3_12_site-packages_pip --> node_venv_lib_python3_12_site-packages_pip__vendor["_vendor"]\n    node_venv_lib_python3_12_site-packages_pip__vendor --> node_venv_lib_python3_12_site-packages_pip__vendor_rich["rich"]\n    node_venv_lib_python3_12_site-packages_pip__vendor_rich --> node_venv_lib_python3_12_site-packages_pip__vendor_rich_color_py["color.py"]\n    Root --> node_venv["venv"]\n    node_venv --> node_venv_lib["lib"]\n    node_venv_lib --> node_venv_lib_python3_12["python3.12"]\n    node_venv_lib_python3_12 --> node_venv_lib_python3_12_site-packages["site-packages"]\n    node_venv_lib_python3_12_site-packages --> node_venv_lib_python3_12_site-packages_pip["pip"]\n    node_venv_lib_python3_12_site-packages_pip --> node_venv_lib_python3_12_site-packages_pip__vendor["_vendor"]\n    node_venv_lib_python3_12_site-packages_pip__vendor --> node_venv_lib_python3_12_site-packages_pip__vendor_rich["rich"]\n    node_venv_lib_python3_12_site-packages_pip__vendor_rich --> node_venv_lib_python3_12_site-packages_pip__vendor_rich_color_triplet_py["color_triplet.py"]\n    Root --> node_venv["venv"]\n    node_venv --> node_venv_lib["lib"]\n    node_venv_lib --> node_venv_lib_python3_12["python3.12"]\n    node_venv_lib_python3_12 --> node_venv_lib_python3_12_site-packages["site-packages"]\n    node_venv_lib_python3_12_site-packages --> node_venv_lib_python3_12_site-packages_pip["pip"]\n    node_venv_lib_python3_12_site-packages_pip --> node_venv_lib_python3_12_site-packages_pip__vendor["_vendor"]\n    node_venv_lib_python3_12_site-packages_pip__vendor --> node_venv_lib_python3_12_site-packages_pip__vendor_rich["rich"]\n    node_venv_lib_python3_12_site-packages_pip__vendor_rich --> node_venv_lib_python3_12_site-packages_pip__vendor_rich_columns_py["columns.py"]\n    Root --> node_venv["venv"]\n    node_venv --> node_venv_lib["lib"]\n    node_venv_lib --> node_venv_lib_python3_12["python3.12"]\n    node_venv_lib_python3_12 --> node_venv_lib_python3_12_site-packages["site-packages"]\n    node_venv_lib_python3_12_site-packages --> node_venv_lib_python3_12_site-packages_pip["pip"]\n    node_venv_lib_python3_12_site-packages_pip --> node_venv_lib_python3_12_site-packages_pip__vendor["_vendor"]\n    node_venv_lib_python3_12_site-packages_pip__vendor --> node_venv_lib_python3_12_site-packages_pip__vendor_rich["rich"]\n    node_venv_lib_python3_12_site-packages_pip__vendor_rich --> node_venv_lib_python3_12_site-packages_pip__vendor_rich_console_py["console.py"]\n    Root --> node_venv["venv"]\n    node_venv --> node_venv_lib["lib"]\n    node_venv_lib --> node_venv_lib_python3_12["python3.12"]\n    node_venv_lib_python3_12 --> node_venv_lib_python3_12_site-packages["site-packages"]\n    node_venv_lib_python3_12_site-packages --> node_venv_lib_python3_12_site-packages_pip["pip"]\n    node_venv_lib_python3_12_site-packages_pip --> node_venv_lib_python3_12_site-packages_pip__vendor["_vendor"]\n    node_venv_lib_python3_12_site-packages_pip__vendor --> node_venv_lib_python3_12_site-packages_pip__vendor_rich["rich"]\n    node_venv_lib_python3_12_site-packages_pip__vendor_rich --> node_venv_lib_python3_12_site-packages_pip__vendor_rich_constrain_py["constrain.py"]\n    Root --> node_venv["venv"]\n    node_venv --> node_venv_lib["lib"]\n    node_venv_lib --> node_venv_lib_python3_12["python3.12"]\n    node_venv_lib_python3_12 --> node_venv_lib_python3_12_site-packages["site-packages"]\n    node_venv_lib_python3_12_site-packages --> node_venv_lib_python3_12_site-packages_pip["pip"]\n    node_venv_lib_python3_12_site-packages_pip --> node_venv_lib_python3_12_site-packages_pip__vendor["_vendor"]\n    node_venv_lib_python3_12_site-packages_pip__vendor --> node_venv_lib_python3_12_site-packages_pip__vendor_rich["rich"]\n    node_venv_lib_python3_12_site-packages_pip__vendor_rich --> node_venv_lib_python3_12_site-packages_pip__vendor_rich_containers_py["containers.py"]\n    Root --> node_venv["venv"]\n    node_venv --> node_venv_lib["lib"]\n    node_venv_lib --> node_venv_lib_python3_12["python3.12"]\n    node_venv_lib_python3_12 --> node_venv_lib_python3_12_site-packages["site-packages"]\n    node_venv_lib_python3_12_site-packages --> node_venv_lib_python3_12_site-packages_pip["pip"]\n    node_venv_lib_python3_12_site-packages_pip --> node_venv_lib_python3_12_site-packages_pip__vendor["_vendor"]\n    node_venv_lib_python3_12_site-packages_pip__vendor --> node_venv_lib_python3_12_site-packages_pip__vendor_rich["rich"]\n    node_venv_lib_python3_12_site-packages_pip__vendor_rich --> node_venv_lib_python3_12_site-packages_pip__vendor_rich_control_py["control.py"]\n    Root --> node_venv["venv"]\n    node_venv --> node_venv_lib["lib"]\n    node_venv_lib --> node_venv_lib_python3_12["python3.12"]\n    node_venv_lib_python3_12 --> node_venv_lib_python3_12_site-packages["site-packages"]\n    node_venv_lib_python3_12_site-packages --> node_venv_lib_python3_12_site-packages_pip["pip"]\n    node_venv_lib_python3_12_site-packages_pip --> node_venv_lib_python3_12_site-packages_pip__vendor["_vendor"]\n    node_venv_lib_python3_12_site-packages_pip__vendor --> node_venv_lib_python3_12_site-packages_pip__vendor_rich["rich"]\n    node_venv_lib_python3_12_site-packages_pip__vendor_rich --> node_venv_lib_python3_12_site-packages_pip__vendor_rich_default_styles_py["default_styles.py"]\n    Root --> node_venv["venv"]\n    node_venv --> node_venv_lib["lib"]\n    node_venv_lib --> node_venv_lib_python3_12["python3.12"]\n    node_venv_lib_python3_12 --> node_venv_lib_python3_12_site-packages["site-packages"]\n    node_venv_lib_python3_12_site-packages --> node_venv_lib_python3_12_site-packages_pip["pip"]\n    node_venv_lib_python3_12_site-packages_pip --> node_venv_lib_python3_12_site-packages_pip__vendor["_vendor"]\n    node_venv_lib_python3_12_site-packages_pip__vendor --> node_venv_lib_python3_12_site-packages_pip__vendor_rich["rich"]\n    node_venv_lib_python3_12_site-packages_pip__vendor_rich --> node_venv_lib_python3_12_site-packages_pip__vendor_rich_diagnose_py["diagnose.py"]\n    Root --> node_venv["venv"]\n    node_venv --> node_venv_lib["lib"]\n    node_venv_lib --> node_venv_lib_python3_12["python3.12"]\n    node_venv_lib_python3_12 --> node_venv_lib_python3_12_site-packages["site-packages"]\n    node_venv_lib_python3_12_site-packages --> node_venv_lib_python3_12_site-packages_pip["pip"]\n    node_venv_lib_python3_12_site-packages_pip --> node_venv_lib_python3_12_site-packages_pip__vendor["_vendor"]\n    node_venv_lib_python3_12_site-packages_pip__vendor --> node_venv_lib_python3_12_site-packages_pip__vendor_rich["rich"]\n    node_venv_lib_python3_12_site-packages_pip__vendor_rich --> node_venv_lib_python3_12_site-packages_pip__vendor_rich_emoji_py["emoji.py"]\n    Root --> node_venv["venv"]\n    node_venv --> node_venv_lib["lib"]\n    node_venv_lib --> node_venv_lib_python3_12["python3.12"]\n    node_venv_lib_python3_12 --> node_venv_lib_python3_12_site-packages["site-packages"]\n    node_venv_lib_python3_12_site-packages --> node_venv_lib_python3_12_site-packages_pip["pip"]\n    node_venv_lib_python3_12_site-packages_pip --> node_venv_lib_python3_12_site-packages_pip__vendor["_vendor"]\n    node_venv_lib_python3_12_site-packages_pip__vendor --> node_venv_lib_python3_12_site-packages_pip__vendor_rich["rich"]\n    node_venv_lib_python3_12_site-packages_pip__vendor_rich --> node_venv_lib_python3_12_site-packages_pip__vendor_rich_errors_py["errors.py"]\n    Root --> node_venv["venv"]\n    node_venv --> node_venv_lib["lib"]\n    node_venv_lib --> node_venv_lib_python3_12["python3.12"]\n    node_venv_lib_python3_12 --> node_venv_lib_python3_12_site-packages["site-packages"]\n    node_venv_lib_python3_12_site-packages --> node_venv_lib_python3_12_site-packages_pip["pip"]\n    node_venv_lib_python3_12_site-packages_pip --> node_venv_lib_python3_12_site-packages_pip__vendor["_vendor"]\n    node_venv_lib_python3_12_site-packages_pip__vendor --> node_venv_lib_python3_12_site-packages_pip__vendor_rich["rich"]\n    node_venv_lib_python3_12_site-packages_pip__vendor_rich --> node_venv_lib_python3_12_site-packages_pip__vendor_rich_file_proxy_py["file_proxy.py"]\n    Root --> node_venv["venv"]\n    node_venv --> node_venv_lib["lib"]\n    node_venv_lib --> node_venv_lib_python3_12["python3.12"]\n    node_venv_lib_python3_12 --> node_venv_lib_python3_12_site-packages["site-packages"]\n    node_venv_lib_python3_12_site-packages --> node_venv_lib_python3_12_site-packages_pip["pip"]\n    node_venv_lib_python3_12_site-packages_pip --> node_venv_lib_python3_12_site-packages_pip__vendor["_vendor"]\n    node_venv_lib_python3_12_site-packages_pip__vendor --> node_venv_lib_python3_12_site-packages_pip__vendor_rich["rich"]\n    node_venv_lib_python3_12_site-packages_pip__vendor_rich --> node_venv_lib_python3_12_site-packages_pip__vendor_rich_filesize_py["filesize.py"]\n    Root --> node_venv["venv"]\n    node_venv --> node_venv_lib["lib"]\n    node_venv_lib --> node_venv_lib_python3_12["python3.12"]\n    node_venv_lib_python3_12 --> node_venv_lib_python3_12_site-packages["site-packages"]\n    node_venv_lib_python3_12_site-packages --> node_venv_lib_python3_12_site-packages_pip["pip"]\n    node_venv_lib_python3_12_site-packages_pip --> node_venv_lib_python3_12_site-packages_pip__vendor["_vendor"]\n    node_venv_lib_python3_12_site-packages_pip__vendor --> node_venv_lib_python3_12_site-packages_pip__vendor_rich["rich"]\n    node_venv_lib_python3_12_site-packages_pip__vendor_rich --> node_venv_lib_python3_12_site-packages_pip__vendor_rich_highlighter_py["highlighter.py"]\n    Root --> node_venv["venv"]\n    node_venv --> node_venv_lib["lib"]\n    node_venv_lib --> node_venv_lib_python3_12["python3.12"]\n    node_venv_lib_python3_12 --> node_venv_lib_python3_12_site-packages["site-packages"]\n    node_venv_lib_python3_12_site-packages --> node_venv_lib_python3_12_site-packages_pip["pip"]\n    node_venv_lib_python3_12_site-packages_pip --> node_venv_lib_python3_12_site-packages_pip__vendor["_vendor"]\n    node_venv_lib_python3_12_site-packages_pip__vendor --> node_venv_lib_python3_12_site-packages_pip__vendor_rich["rich"]\n    node_venv_lib_python3_12_site-packages_pip__vendor_rich --> node_venv_lib_python3_12_site-packages_pip__vendor_rich_json_py["json.py"]\n    Root --> node_venv["venv"]\n    node_venv --> node_venv_lib["lib"]\n    node_venv_lib --> node_venv_lib_python3_12["python3.12"]\n    node_venv_lib_python3_12 --> node_venv_lib_python3_12_site-packages["site-packages"]\n    node_venv_lib_python3_12_site-packages --> node_venv_lib_python3_12_site-packages_pip["pip"]\n    node_venv_lib_python3_12_site-packages_pip --> node_venv_lib_python3_12_site-packages_pip__vendor["_vendor"]\n    node_venv_lib_python3_12_site-packages_pip__vendor --> node_venv_lib_python3_12_site-packages_pip__vendor_rich["rich"]\n    node_venv_lib_python3_12_site-packages_pip__vendor_rich --> node_venv_lib_python3_12_site-packages_pip__vendor_rich_jupyter_py["jupyter.py"]\n    Root --> node_venv["venv"]\n    node_venv --> node_venv_lib["lib"]\n    node_venv_lib --> node_venv_lib_python3_12["python3.12"]\n    node_venv_lib_python3_12 --> node_venv_lib_python3_12_site-packages["site-packages"]\n    node_venv_lib_python3_12_site-packages --> node_venv_lib_python3_12_site-packages_pip["pip"]\n    node_venv_lib_python3_12_site-packages_pip --> node_venv_lib_python3_12_site-packages_pip__vendor["_vendor"]\n    node_venv_lib_python3_12_site-packages_pip__vendor --> node_venv_lib_python3_12_site-packages_pip__vendor_rich["rich"]\n    node_venv_lib_python3_12_site-packages_pip__vendor_rich --> node_venv_lib_python3_12_site-packages_pip__vendor_rich_layout_py["layout.py"]\n    Root --> node_venv["venv"]\n    node_venv --> node_venv_lib["lib"]\n    node_venv_lib --> node_venv_lib_python3_12["python3.12"]\n    node_venv_lib_python3_12 --> node_venv_lib_python3_12_site-packages["site-packages"]\n    node_venv_lib_python3_12_site-packages --> node_venv_lib_python3_12_site-packages_pip["pip"]\n    node_venv_lib_python3_12_site-packages_pip --> node_venv_lib_python3_12_site-packages_pip__vendor["_vendor"]\n    node_venv_lib_python3_12_site-packages_pip__vendor --> node_venv_lib_python3_12_site-packages_pip__vendor_rich["rich"]\n    node_venv_lib_python3_12_site-packages_pip__vendor_rich --> node_venv_lib_python3_12_site-packages_pip__vendor_rich_live_py["live.py"]\n    Root --> node_venv["venv"]\n    node_venv --> node_venv_lib["lib"]\n    node_venv_lib --> node_venv_lib_python3_12["python3.12"]\n    node_venv_lib_python3_12 --> node_venv_lib_python3_12_site-packages["site-packages"]\n    node_venv_lib_python3_12_site-packages --> node_venv_lib_python3_12_site-packages_pip["pip"]\n    node_venv_lib_python3_12_site-packages_pip --> node_venv_lib_python3_12_site-packages_pip__vendor["_vendor"]\n    node_venv_lib_python3_12_site-packages_pip__vendor --> node_venv_lib_python3_12_site-packages_pip__vendor_rich["rich"]\n    node_venv_lib_python3_12_site-packages_pip__vendor_rich --> node_venv_lib_python3_12_site-packages_pip__vendor_rich_live_render_py["live_render.py"]\n    Root --> node_venv["venv"]\n    node_venv --> node_venv_lib["lib"]\n    node_venv_lib --> node_venv_lib_python3_12["python3.12"]\n    node_venv_lib_python3_12 --> node_venv_lib_python3_12_site-packages["site-packages"]\n    node_venv_lib_python3_12_site-packages --> node_venv_lib_python3_12_site-packages_pip["pip"]\n    node_venv_lib_python3_12_site-packages_pip --> node_venv_lib_python3_12_site-packages_pip__vendor["_vendor"]\n    node_venv_lib_python3_12_site-packages_pip__vendor --> node_venv_lib_python3_12_site-packages_pip__vendor_rich["rich"]\n    node_venv_lib_python3_12_site-packages_pip__vendor_rich --> node_venv_lib_python3_12_site-packages_pip__vendor_rich_logging_py["logging.py"]\n    Root --> node_venv["venv"]\n    node_venv --> node_venv_lib["lib"]\n    node_venv_lib --> node_venv_lib_python3_12["python3.12"]\n    node_venv_lib_python3_12 --> node_venv_lib_python3_12_site-packages["site-packages"]\n    node_venv_lib_python3_12_site-packages --> node_venv_lib_python3_12_site-packages_pip["pip"]\n    node_venv_lib_python3_12_site-packages_pip --> node_venv_lib_python3_12_site-packages_pip__vendor["_vendor"]\n    node_venv_lib_python3_12_site-packages_pip__vendor --> node_venv_lib_python3_12_site-packages_pip__vendor_rich["rich"]\n    node_venv_lib_python3_12_site-packages_pip__vendor_rich --> node_venv_lib_python3_12_site-packages_pip__vendor_rich_markup_py["markup.py"]\n    Root --> node_venv["venv"]\n    node_venv --> node_venv_lib["lib"]\n    node_venv_lib --> node_venv_lib_python3_12["python3.12"]\n    node_venv_lib_python3_12 --> node_venv_lib_python3_12_site-packages["site-packages"]\n    node_venv_lib_python3_12_site-packages --> node_venv_lib_python3_12_site-packages_pip["pip"]\n    node_venv_lib_python3_12_site-packages_pip --> node_venv_lib_python3_12_site-packages_pip__vendor["_vendor"]\n    node_venv_lib_python3_12_site-packages_pip__vendor --> node_venv_lib_python3_12_site-packages_pip__vendor_rich["rich"]\n    node_venv_lib_python3_12_site-packages_pip__vendor_rich --> node_venv_lib_python3_12_site-packages_pip__vendor_rich_measure_py["measure.py"]\n    Root --> node_venv["venv"]\n    node_venv --> node_venv_lib["lib"]\n    node_venv_lib --> node_venv_lib_python3_12["python3.12"]\n    node_venv_lib_python3_12 --> node_venv_lib_python3_12_site-packages["site-packages"]\n    node_venv_lib_python3_12_site-packages --> node_venv_lib_python3_12_site-packages_pip["pip"]\n    node_venv_lib_python3_12_site-packages_pip --> node_venv_lib_python3_12_site-packages_pip__vendor["_vendor"]\n    node_venv_lib_python3_12_site-packages_pip__vendor --> node_venv_lib_python3_12_site-packages_pip__vendor_rich["rich"]\n    node_venv_lib_python3_12_site-packages_pip__vendor_rich --> node_venv_lib_python3_12_site-packages_pip__vendor_rich_padding_py["padding.py"]\n    Root --> node_venv["venv"]\n    node_venv --> node_venv_lib["lib"]\n    node_venv_lib --> node_venv_lib_python3_12["python3.12"]\n    node_venv_lib_python3_12 --> node_venv_lib_python3_12_site-packages["site-packages"]\n    node_venv_lib_python3_12_site-packages --> node_venv_lib_python3_12_site-packages_pip["pip"]\n    node_venv_lib_python3_12_site-packages_pip --> node_venv_lib_python3_12_site-packages_pip__vendor["_vendor"]\n    node_venv_lib_python3_12_site-packages_pip__vendor --> node_venv_lib_python3_12_site-packages_pip__vendor_rich["rich"]\n    node_venv_lib_python3_12_site-packages_pip__vendor_rich --> node_venv_lib_python3_12_site-packages_pip__vendor_rich_pager_py["pager.py"]\n    Root --> node_venv["venv"]\n    node_venv --> node_venv_lib["lib"]\n    node_venv_lib --> node_venv_lib_python3_12["python3.12"]\n    node_venv_lib_python3_12 --> node_venv_lib_python3_12_site-packages["site-packages"]\n    node_venv_lib_python3_12_site-packages --> node_venv_lib_python3_12_site-packages_pip["pip"]\n    node_venv_lib_python3_12_site-packages_pip --> node_venv_lib_python3_12_site-packages_pip__vendor["_vendor"]\n    node_venv_lib_python3_12_site-packages_pip__vendor --> node_venv_lib_python3_12_site-packages_pip__vendor_rich["rich"]\n    node_venv_lib_python3_12_site-packages_pip__vendor_rich --> node_venv_lib_python3_12_site-packages_pip__vendor_rich_palette_py["palette.py"]\n    Root --> node_venv["venv"]\n    node_venv --> node_venv_lib["lib"]\n    node_venv_lib --> node_venv_lib_python3_12["python3.12"]\n    node_venv_lib_python3_12 --> node_venv_lib_python3_12_site-packages["site-packages"]\n    node_venv_lib_python3_12_site-packages --> node_venv_lib_python3_12_site-packages_pip["pip"]\n    node_venv_lib_python3_12_site-packages_pip --> node_venv_lib_python3_12_site-packages_pip__vendor["_vendor"]\n    node_venv_lib_python3_12_site-packages_pip__vendor --> node_venv_lib_python3_12_site-packages_pip__vendor_rich["rich"]\n    node_venv_lib_python3_12_site-packages_pip__vendor_rich --> node_venv_lib_python3_12_site-packages_pip__vendor_rich_panel_py["panel.py"]\n    Root --> node_venv["venv"]\n    node_venv --> node_venv_lib["lib"]\n    node_venv_lib --> node_venv_lib_python3_12["python3.12"]\n    node_venv_lib_python3_12 --> node_venv_lib_python3_12_site-packages["site-packages"]\n    node_venv_lib_python3_12_site-packages --> node_venv_lib_python3_12_site-packages_pip["pip"]\n    node_venv_lib_python3_12_site-packages_pip --> node_venv_lib_python3_12_site-packages_pip__vendor["_vendor"]\n    node_venv_lib_python3_12_site-packages_pip__vendor --> node_venv_lib_python3_12_site-packages_pip__vendor_rich["rich"]\n    node_venv_lib_python3_12_site-packages_pip__vendor_rich --> node_venv_lib_python3_12_site-packages_pip__vendor_rich_pretty_py["pretty.py"]\n    Root --> node_venv["venv"]\n    node_venv --> node_venv_lib["lib"]\n    node_venv_lib --> node_venv_lib_python3_12["python3.12"]\n    node_venv_lib_python3_12 --> node_venv_lib_python3_12_site-packages["site-packages"]\n    node_venv_lib_python3_12_site-packages --> node_venv_lib_python3_12_site-packages_pip["pip"]\n    node_venv_lib_python3_12_site-packages_pip --> node_venv_lib_python3_12_site-packages_pip__vendor["_vendor"]\n    node_venv_lib_python3_12_site-packages_pip__vendor --> node_venv_lib_python3_12_site-packages_pip__vendor_rich["rich"]\n    node_venv_lib_python3_12_site-packages_pip__vendor_rich --> node_venv_lib_python3_12_site-packages_pip__vendor_rich_progress_py["progress.py"]\n    Root --> node_venv["venv"]\n    node_venv --> node_venv_lib["lib"]\n    node_venv_lib --> node_venv_lib_python3_12["python3.12"]\n    node_venv_lib_python3_12 --> node_venv_lib_python3_12_site-packages["site-packages"]\n    node_venv_lib_python3_12_site-packages --> node_venv_lib_python3_12_site-packages_pip["pip"]\n    node_venv_lib_python3_12_site-packages_pip --> node_venv_lib_python3_12_site-packages_pip__vendor["_vendor"]\n    node_venv_lib_python3_12_site-packages_pip__vendor --> node_venv_lib_python3_12_site-packages_pip__vendor_rich["rich"]\n    node_venv_lib_python3_12_site-packages_pip__vendor_rich --> node_venv_lib_python3_12_site-packages_pip__vendor_rich_progress_bar_py["progress_bar.py"]\n    Root --> node_venv["venv"]\n    node_venv --> node_venv_lib["lib"]\n    node_venv_lib --> node_venv_lib_python3_12["python3.12"]\n    node_venv_lib_python3_12 --> node_venv_lib_python3_12_site-packages["site-packages"]\n    node_venv_lib_python3_12_site-packages --> node_venv_lib_python3_12_site-packages_pip["pip"]\n    node_venv_lib_python3_12_site-packages_pip --> node_venv_lib_python3_12_site-packages_pip__vendor["_vendor"]\n    node_venv_lib_python3_12_site-packages_pip__vendor --> node_venv_lib_python3_12_site-packages_pip__vendor_rich["rich"]\n    node_venv_lib_python3_12_site-packages_pip__vendor_rich --> node_venv_lib_python3_12_site-packages_pip__vendor_rich_prompt_py["prompt.py"]\n    Root --> node_venv["venv"]\n    node_venv --> node_venv_lib["lib"]\n    node_venv_lib --> node_venv_lib_python3_12["python3.12"]\n    node_venv_lib_python3_12 --> node_venv_lib_python3_12_site-packages["site-packages"]\n    node_venv_lib_python3_12_site-packages --> node_venv_lib_python3_12_site-packages_pip["pip"]\n    node_venv_lib_python3_12_site-packages_pip --> node_venv_lib_python3_12_site-packages_pip__vendor["_vendor"]\n    node_venv_lib_python3_12_site-packages_pip__vendor --> node_venv_lib_python3_12_site-packages_pip__vendor_rich["rich"]\n    node_venv_lib_python3_12_site-packages_pip__vendor_rich --> node_venv_lib_python3_12_site-packages_pip__vendor_rich_protocol_py["protocol.py"]\n    Root --> node_venv["venv"]\n    node_venv --> node_venv_lib["lib"]\n    node_venv_lib --> node_venv_lib_python3_12["python3.12"]\n    node_venv_lib_python3_12 --> node_venv_lib_python3_12_site-packages["site-packages"]\n    node_venv_lib_python3_12_site-packages --> node_venv_lib_python3_12_site-packages_pip["pip"]\n    node_venv_lib_python3_12_site-packages_pip --> node_venv_lib_python3_12_site-packages_pip__vendor["_vendor"]\n    node_venv_lib_python3_12_site-packages_pip__vendor --> node_venv_lib_python3_12_site-packages_pip__vendor_rich["rich"]\n    node_venv_lib_python3_12_site-packages_pip__vendor_rich --> node_venv_lib_python3_12_site-packages_pip__vendor_rich_py_typed["py.typed"]\n    Root --> node_venv["venv"]\n    node_venv --> node_venv_lib["lib"]\n    node_venv_lib --> node_venv_lib_python3_12["python3.12"]\n    node_venv_lib_python3_12 --> node_venv_lib_python3_12_site-packages["site-packages"]\n    node_venv_lib_python3_12_site-packages --> node_venv_lib_python3_12_site-packages_pip["pip"]\n    node_venv_lib_python3_12_site-packages_pip --> node_venv_lib_python3_12_site-packages_pip__vendor["_vendor"]\n    node_venv_lib_python3_12_site-packages_pip__vendor --> node_venv_lib_python3_12_site-packages_pip__vendor_rich["rich"]\n    node_venv_lib_python3_12_site-packages_pip__vendor_rich --> node_venv_lib_python3_12_site-packages_pip__vendor_rich_region_py["region.py"]\n    Root --> node_venv["venv"]\n    node_venv --> node_venv_lib["lib"]\n    node_venv_lib --> node_venv_lib_python3_12["python3.12"]\n    node_venv_lib_python3_12 --> node_venv_lib_python3_12_site-packages["site-packages"]\n    node_venv_lib_python3_12_site-packages --> node_venv_lib_python3_12_site-packages_pip["pip"]\n    node_venv_lib_python3_12_site-packages_pip --> node_venv_lib_python3_12_site-packages_pip__vendor["_vendor"]\n    node_venv_lib_python3_12_site-packages_pip__vendor --> node_venv_lib_python3_12_site-packages_pip__vendor_rich["rich"]\n    node_venv_lib_python3_12_site-packages_pip__vendor_rich --> node_venv_lib_python3_12_site-packages_pip__vendor_rich_repr_py["repr.py"]\n    Root --> node_venv["venv"]\n    node_venv --> node_venv_lib["lib"]\n    node_venv_lib --> node_venv_lib_python3_12["python3.12"]\n    node_venv_lib_python3_12 --> node_venv_lib_python3_12_site-packages["site-packages"]\n    node_venv_lib_python3_12_site-packages --> node_venv_lib_python3_12_site-packages_pip["pip"]\n    node_venv_lib_python3_12_site-packages_pip --> node_venv_lib_python3_12_site-packages_pip__vendor["_vendor"]\n    node_venv_lib_python3_12_site-packages_pip__vendor --> node_venv_lib_python3_12_site-packages_pip__vendor_rich["rich"]\n    node_venv_lib_python3_12_site-packages_pip__vendor_rich --> node_venv_lib_python3_12_site-packages_pip__vendor_rich_rule_py["rule.py"]\n    Root --> node_venv["venv"]\n    node_venv --> node_venv_lib["lib"]\n    node_venv_lib --> node_venv_lib_python3_12["python3.12"]\n    node_venv_lib_python3_12 --> node_venv_lib_python3_12_site-packages["site-packages"]\n    node_venv_lib_python3_12_site-packages --> node_venv_lib_python3_12_site-packages_pip["pip"]\n    node_venv_lib_python3_12_site-packages_pip --> node_venv_lib_python3_12_site-packages_pip__vendor["_vendor"]\n    node_venv_lib_python3_12_site-packages_pip__vendor --> node_venv_lib_python3_12_site-packages_pip__vendor_rich["rich"]\n    node_venv_lib_python3_12_site-packages_pip__vendor_rich --> node_venv_lib_python3_12_site-packages_pip__vendor_rich_scope_py["scope.py"]\n    Root --> node_venv["venv"]\n    node_venv --> node_venv_lib["lib"]\n    node_venv_lib --> node_venv_lib_python3_12["python3.12"]\n    node_venv_lib_python3_12 --> node_venv_lib_python3_12_site-packages["site-packages"]\n    node_venv_lib_python3_12_site-packages --> node_venv_lib_python3_12_site-packages_pip["pip"]\n    node_venv_lib_python3_12_site-packages_pip --> node_venv_lib_python3_12_site-packages_pip__vendor["_vendor"]\n    node_venv_lib_python3_12_site-packages_pip__vendor --> node_venv_lib_python3_12_site-packages_pip__vendor_rich["rich"]\n    node_venv_lib_python3_12_site-packages_pip__vendor_rich --> node_venv_lib_python3_12_site-packages_pip__vendor_rich_screen_py["screen.py"]\n    Root --> node_venv["venv"]\n    node_venv --> node_venv_lib["lib"]\n    node_venv_lib --> node_venv_lib_python3_12["python3.12"]\n    node_venv_lib_python3_12 --> node_venv_lib_python3_12_site-packages["site-packages"]\n    node_venv_lib_python3_12_site-packages --> node_venv_lib_python3_12_site-packages_pip["pip"]\n    node_venv_lib_python3_12_site-packages_pip --> node_venv_lib_python3_12_site-packages_pip__vendor["_vendor"]\n    node_venv_lib_python3_12_site-packages_pip__vendor --> node_venv_lib_python3_12_site-packages_pip__vendor_rich["rich"]\n    node_venv_lib_python3_12_site-packages_pip__vendor_rich --> node_venv_lib_python3_12_site-packages_pip__vendor_rich_segment_py["segment.py"]\n    Root --> node_venv["venv"]\n    node_venv --> node_venv_lib["lib"]\n    node_venv_lib --> node_venv_lib_python3_12["python3.12"]\n    node_venv_lib_python3_12 --> node_venv_lib_python3_12_site-packages["site-packages"]\n    node_venv_lib_python3_12_site-packages --> node_venv_lib_python3_12_site-packages_pip["pip"]\n    node_venv_lib_python3_12_site-packages_pip --> node_venv_lib_python3_12_site-packages_pip__vendor["_vendor"]\n    node_venv_lib_python3_12_site-packages_pip__vendor --> node_venv_lib_python3_12_site-packages_pip__vendor_rich["rich"]\n    node_venv_lib_python3_12_site-packages_pip__vendor_rich --> node_venv_lib_python3_12_site-packages_pip__vendor_rich_spinner_py["spinner.py"]\n    Root --> node_venv["venv"]\n    node_venv --> node_venv_lib["lib"]\n    node_venv_lib --> node_venv_lib_python3_12["python3.12"]\n    node_venv_lib_python3_12 --> node_venv_lib_python3_12_site-packages["site-packages"]\n    node_venv_lib_python3_12_site-packages --> node_venv_lib_python3_12_site-packages_pip["pip"]\n    node_venv_lib_python3_12_site-packages_pip --> node_venv_lib_python3_12_site-packages_pip__vendor["_vendor"]\n    node_venv_lib_python3_12_site-packages_pip__vendor --> node_venv_lib_python3_12_site-packages_pip__vendor_rich["rich"]\n    node_venv_lib_python3_12_site-packages_pip__vendor_rich --> node_venv_lib_python3_12_site-packages_pip__vendor_rich_status_py["status.py"]\n    Root --> node_venv["venv"]\n    node_venv --> node_venv_lib["lib"]\n    node_venv_lib --> node_venv_lib_python3_12["python3.12"]\n    node_venv_lib_python3_12 --> node_venv_lib_python3_12_site-packages["site-packages"]\n    node_venv_lib_python3_12_site-packages --> node_venv_lib_python3_12_site-packages_pip["pip"]\n    node_venv_lib_python3_12_site-packages_pip --> node_venv_lib_python3_12_site-packages_pip__vendor["_vendor"]\n    node_venv_lib_python3_12_site-packages_pip__vendor --> node_venv_lib_python3_12_site-packages_pip__vendor_rich["rich"]\n    node_venv_lib_python3_12_site-packages_pip__vendor_rich --> node_venv_lib_python3_12_site-packages_pip__vendor_rich_style_py["style.py"]\n    Root --> node_venv["venv"]\n    node_venv --> node_venv_lib["lib"]\n    node_venv_lib --> node_venv_lib_python3_12["python3.12"]\n    node_venv_lib_python3_12 --> node_venv_lib_python3_12_site-packages["site-packages"]\n    node_venv_lib_python3_12_site-packages --> node_venv_lib_python3_12_site-packages_pip["pip"]\n    node_venv_lib_python3_12_site-packages_pip --> node_venv_lib_python3_12_site-packages_pip__vendor["_vendor"]\n    node_venv_lib_python3_12_site-packages_pip__vendor --> node_venv_lib_python3_12_site-packages_pip__vendor_rich["rich"]\n    node_venv_lib_python3_12_site-packages_pip__vendor_rich --> node_venv_lib_python3_12_site-packages_pip__vendor_rich_styled_py["styled.py"]\n    Root --> node_venv["venv"]\n    node_venv --> node_venv_lib["lib"]\n    node_venv_lib --> node_venv_lib_python3_12["python3.12"]\n    node_venv_lib_python3_12 --> node_venv_lib_python3_12_site-packages["site-packages"]\n    node_venv_lib_python3_12_site-packages --> node_venv_lib_python3_12_site-packages_pip["pip"]\n    node_venv_lib_python3_12_site-packages_pip --> node_venv_lib_python3_12_site-packages_pip__vendor["_vendor"]\n    node_venv_lib_python3_12_site-packages_pip__vendor --> node_venv_lib_python3_12_site-packages_pip__vendor_rich["rich"]\n    node_venv_lib_python3_12_site-packages_pip__vendor_rich --> node_venv_lib_python3_12_site-packages_pip__vendor_rich_syntax_py["syntax.py"]\n    Root --> node_venv["venv"]\n    node_venv --> node_venv_lib["lib"]\n    node_venv_lib --> node_venv_lib_python3_12["python3.12"]\n    node_venv_lib_python3_12 --> node_venv_lib_python3_12_site-packages["site-packages"]\n    node_venv_lib_python3_12_site-packages --> node_venv_lib_python3_12_site-packages_pip["pip"]\n    node_venv_lib_python3_12_site-packages_pip --> node_venv_lib_python3_12_site-packages_pip__vendor["_vendor"]\n    node_venv_lib_python3_12_site-packages_pip__vendor --> node_venv_lib_python3_12_site-packages_pip__vendor_rich["rich"]\n    node_venv_lib_python3_12_site-packages_pip__vendor_rich --> node_venv_lib_python3_12_site-packages_pip__vendor_rich_table_py["table.py"]\n    Root --> node_venv["venv"]\n    node_venv --> node_venv_lib["lib"]\n    node_venv_lib --> node_venv_lib_python3_12["python3.12"]\n    node_venv_lib_python3_12 --> node_venv_lib_python3_12_site-packages["site-packages"]\n    node_venv_lib_python3_12_site-packages --> node_venv_lib_python3_12_site-packages_pip["pip"]\n    node_venv_lib_python3_12_site-packages_pip --> node_venv_lib_python3_12_site-packages_pip__vendor["_vendor"]\n    node_venv_lib_python3_12_site-packages_pip__vendor --> node_venv_lib_python3_12_site-packages_pip__vendor_rich["rich"]\n    node_venv_lib_python3_12_site-packages_pip__vendor_rich --> node_venv_lib_python3_12_site-packages_pip__vendor_rich_terminal_theme_py["terminal_theme.py"]\n    Root --> node_venv["venv"]\n    node_venv --> node_venv_lib["lib"]\n    node_venv_lib --> node_venv_lib_python3_12["python3.12"]\n    node_venv_lib_python3_12 --> node_venv_lib_python3_12_site-packages["site-packages"]\n    node_venv_lib_python3_12_site-packages --> node_venv_lib_python3_12_site-packages_pip["pip"]\n    node_venv_lib_python3_12_site-packages_pip --> node_venv_lib_python3_12_site-packages_pip__vendor["_vendor"]\n    node_venv_lib_python3_12_site-packages_pip__vendor --> node_venv_lib_python3_12_site-packages_pip__vendor_rich["rich"]\n    node_venv_lib_python3_12_site-packages_pip__vendor_rich --> node_venv_lib_python3_12_site-packages_pip__vendor_rich_text_py["text.py"]\n    Root --> node_venv["venv"]\n    node_venv --> node_venv_lib["lib"]\n    node_venv_lib --> node_venv_lib_python3_12["python3.12"]\n    node_venv_lib_python3_12 --> node_venv_lib_python3_12_site-packages["site-packages"]\n    node_venv_lib_python3_12_site-packages --> node_venv_lib_python3_12_site-packages_pip["pip"]\n    node_venv_lib_python3_12_site-packages_pip --> node_venv_lib_python3_12_site-packages_pip__vendor["_vendor"]\n    node_venv_lib_python3_12_site-packages_pip__vendor --> node_venv_lib_python3_12_site-packages_pip__vendor_rich["rich"]\n    node_venv_lib_python3_12_site-packages_pip__vendor_rich --> node_venv_lib_python3_12_site-packages_pip__vendor_rich_theme_py["theme.py"]\n    Root --> node_venv["venv"]\n    node_venv --> node_venv_lib["lib"]\n    node_venv_lib --> node_venv_lib_python3_12["python3.12"]\n    node_venv_lib_python3_12 --> node_venv_lib_python3_12_site-packages["site-packages"]\n    node_venv_lib_python3_12_site-packages --> node_venv_lib_python3_12_site-packages_pip["pip"]\n    node_venv_lib_python3_12_site-packages_pip --> node_venv_lib_python3_12_site-packages_pip__vendor["_vendor"]\n    node_venv_lib_python3_12_site-packages_pip__vendor --> node_venv_lib_python3_12_site-packages_pip__vendor_rich["rich"]\n    node_venv_lib_python3_12_site-packages_pip__vendor_rich --> node_venv_lib_python3_12_site-packages_pip__vendor_rich_themes_py["themes.py"]\n    Root --> node_venv["venv"]\n    node_venv --> node_venv_lib["lib"]\n    node_venv_lib --> node_venv_lib_python3_12["python3.12"]\n    node_venv_lib_python3_12 --> node_venv_lib_python3_12_site-packages["site-packages"]\n    node_venv_lib_python3_12_site-packages --> node_venv_lib_python3_12_site-packages_pip["pip"]\n    node_venv_lib_python3_12_site-packages_pip --> node_venv_lib_python3_12_site-packages_pip__vendor["_vendor"]\n    node_venv_lib_python3_12_site-packages_pip__vendor --> node_venv_lib_python3_12_site-packages_pip__vendor_rich["rich"]\n    node_venv_lib_python3_12_site-packages_pip__vendor_rich --> node_venv_lib_python3_12_site-packages_pip__vendor_rich_traceback_py["traceback.py"]\n    Root --> node_venv["venv"]\n    node_venv --> node_venv_lib["lib"]\n    node_venv_lib --> node_venv_lib_python3_12["python3.12"]\n    node_venv_lib_python3_12 --> node_venv_lib_python3_12_site-packages["site-packages"]\n    node_venv_lib_python3_12_site-packages --> node_venv_lib_python3_12_site-packages_pip["pip"]\n    node_venv_lib_python3_12_site-packages_pip --> node_venv_lib_python3_12_site-packages_pip__vendor["_vendor"]\n    node_venv_lib_python3_12_site-packages_pip__vendor --> node_venv_lib_python3_12_site-packages_pip__vendor_rich["rich"]\n    node_venv_lib_python3_12_site-packages_pip__vendor_rich --> node_venv_lib_python3_12_site-packages_pip__vendor_rich_tree_py["tree.py"]\n    Root --> node_venv["venv"]\n    node_venv --> node_venv_lib["lib"]\n    node_venv_lib --> node_venv_lib_python3_12["python3.12"]\n    node_venv_lib_python3_12 --> node_venv_lib_python3_12_site-packages["site-packages"]\n    node_venv_lib_python3_12_site-packages --> node_venv_lib_python3_12_site-packages_pip["pip"]\n    node_venv_lib_python3_12_site-packages_pip --> node_venv_lib_python3_12_site-packages_pip__vendor["_vendor"]\n    node_venv_lib_python3_12_site-packages_pip__vendor --> node_venv_lib_python3_12_site-packages_pip__vendor_urllib3["urllib3"]\n    node_venv_lib_python3_12_site-packages_pip__vendor_urllib3 --> node_venv_lib_python3_12_site-packages_pip__vendor_urllib3___init___py["__init__.py"]\n    Root --> node_venv["venv"]\n    node_venv --> node_venv_lib["lib"]\n    node_venv_lib --> node_venv_lib_python3_12["python3.12"]\n    node_venv_lib_python3_12 --> node_venv_lib_python3_12_site-packages["site-packages"]\n    node_venv_lib_python3_12_site-packages --> node_venv_lib_python3_12_site-packages_pip["pip"]\n    node_venv_lib_python3_12_site-packages_pip --> node_venv_lib_python3_12_site-packages_pip__vendor["_vendor"]\n    node_venv_lib_python3_12_site-packages_pip__vendor --> node_venv_lib_python3_12_site-packages_pip__vendor_urllib3["urllib3"]\n    node_venv_lib_python3_12_site-packages_pip__vendor_urllib3 --> node_venv_lib_python3_12_site-packages_pip__vendor_urllib3__collections_py["_collections.py"]\n    Root --> node_venv["venv"]\n    node_venv --> node_venv_lib["lib"]\n    node_venv_lib --> node_venv_lib_python3_12["python3.12"]\n    node_venv_lib_python3_12 --> node_venv_lib_python3_12_site-packages["site-packages"]\n    node_venv_lib_python3_12_site-packages --> node_venv_lib_python3_12_site-packages_pip["pip"]\n    node_venv_lib_python3_12_site-packages_pip --> node_venv_lib_python3_12_site-packages_pip__vendor["_vendor"]\n    node_venv_lib_python3_12_site-packages_pip__vendor --> node_venv_lib_python3_12_site-packages_pip__vendor_urllib3["urllib3"]\n    node_venv_lib_python3_12_site-packages_pip__vendor_urllib3 --> node_venv_lib_python3_12_site-packages_pip__vendor_urllib3__version_py["_version.py"]\n    Root --> node_venv["venv"]\n    node_venv --> node_venv_lib["lib"]\n    node_venv_lib --> node_venv_lib_python3_12["python3.12"]\n    node_venv_lib_python3_12 --> node_venv_lib_python3_12_site-packages["site-packages"]\n    node_venv_lib_python3_12_site-packages --> node_venv_lib_python3_12_site-packages_pip["pip"]\n    node_venv_lib_python3_12_site-packages_pip --> node_venv_lib_python3_12_site-packages_pip__vendor["_vendor"]\n    node_venv_lib_python3_12_site-packages_pip__vendor --> node_venv_lib_python3_12_site-packages_pip__vendor_urllib3["urllib3"]\n    node_venv_lib_python3_12_site-packages_pip__vendor_urllib3 --> node_venv_lib_python3_12_site-packages_pip__vendor_urllib3_connection_py["connection.py"]\n    Root --> node_venv["venv"]\n    node_venv --> node_venv_lib["lib"]\n    node_venv_lib --> node_venv_lib_python3_12["python3.12"]\n    node_venv_lib_python3_12 --> node_venv_lib_python3_12_site-packages["site-packages"]\n    node_venv_lib_python3_12_site-packages --> node_venv_lib_python3_12_site-packages_pip["pip"]\n    node_venv_lib_python3_12_site-packages_pip --> node_venv_lib_python3_12_site-packages_pip__vendor["_vendor"]\n    node_venv_lib_python3_12_site-packages_pip__vendor --> node_venv_lib_python3_12_site-packages_pip__vendor_urllib3["urllib3"]\n    node_venv_lib_python3_12_site-packages_pip__vendor_urllib3 --> node_venv_lib_python3_12_site-packages_pip__vendor_urllib3_connectionpool_py["connectionpool.py"]\n    Root --> node_venv["venv"]\n    node_venv --> node_venv_lib["lib"]\n    node_venv_lib --> node_venv_lib_python3_12["python3.12"]\n    node_venv_lib_python3_12 --> node_venv_lib_python3_12_site-packages["site-packages"]\n    node_venv_lib_python3_12_site-packages --> node_venv_lib_python3_12_site-packages_pip["pip"]\n    node_venv_lib_python3_12_site-packages_pip --> node_venv_lib_python3_12_site-packages_pip__vendor["_vendor"]\n    node_venv_lib_python3_12_site-packages_pip__vendor --> node_venv_lib_python3_12_site-packages_pip__vendor_urllib3["urllib3"]\n    node_venv_lib_python3_12_site-packages_pip__vendor_urllib3 --> node_venv_lib_python3_12_site-packages_pip__vendor_urllib3_exceptions_py["exceptions.py"]\n    Root --> node_venv["venv"]\n    node_venv --> node_venv_lib["lib"]\n    node_venv_lib --> node_venv_lib_python3_12["python3.12"]\n    node_venv_lib_python3_12 --> node_venv_lib_python3_12_site-packages["site-packages"]\n    node_venv_lib_python3_12_site-packages --> node_venv_lib_python3_12_site-packages_pip["pip"]\n    node_venv_lib_python3_12_site-packages_pip --> node_venv_lib_python3_12_site-packages_pip__vendor["_vendor"]\n    node_venv_lib_python3_12_site-packages_pip__vendor --> node_venv_lib_python3_12_site-packages_pip__vendor_urllib3["urllib3"]\n    node_venv_lib_python3_12_site-packages_pip__vendor_urllib3 --> node_venv_lib_python3_12_site-packages_pip__vendor_urllib3_fields_py["fields.py"]\n    Root --> node_venv["venv"]\n    node_venv --> node_venv_lib["lib"]\n    node_venv_lib --> node_venv_lib_python3_12["python3.12"]\n    node_venv_lib_python3_12 --> node_venv_lib_python3_12_site-packages["site-packages"]\n    node_venv_lib_python3_12_site-packages --> node_venv_lib_python3_12_site-packages_pip["pip"]\n    node_venv_lib_python3_12_site-packages_pip --> node_venv_lib_python3_12_site-packages_pip__vendor["_vendor"]\n    node_venv_lib_python3_12_site-packages_pip__vendor --> node_venv_lib_python3_12_site-packages_pip__vendor_urllib3["urllib3"]\n    node_venv_lib_python3_12_site-packages_pip__vendor_urllib3 --> node_venv_lib_python3_12_site-packages_pip__vendor_urllib3_filepost_py["filepost.py"]\n    Root --> node_venv["venv"]\n    node_venv --> node_venv_lib["lib"]\n    node_venv_lib --> node_venv_lib_python3_12["python3.12"]\n    node_venv_lib_python3_12 --> node_venv_lib_python3_12_site-packages["site-packages"]\n    node_venv_lib_python3_12_site-packages --> node_venv_lib_python3_12_site-packages_pip["pip"]\n    node_venv_lib_python3_12_site-packages_pip --> node_venv_lib_python3_12_site-packages_pip__vendor["_vendor"]\n    node_venv_lib_python3_12_site-packages_pip__vendor --> node_venv_lib_python3_12_site-packages_pip__vendor_urllib3["urllib3"]\n    node_venv_lib_python3_12_site-packages_pip__vendor_urllib3 --> node_venv_lib_python3_12_site-packages_pip__vendor_urllib3_poolmanager_py["poolmanager.py"]\n    Root --> node_venv["venv"]\n    node_venv --> node_venv_lib["lib"]\n    node_venv_lib --> node_venv_lib_python3_12["python3.12"]\n    node_venv_lib_python3_12 --> node_venv_lib_python3_12_site-packages["site-packages"]\n    node_venv_lib_python3_12_site-packages --> node_venv_lib_python3_12_site-packages_pip["pip"]\n    node_venv_lib_python3_12_site-packages_pip --> node_venv_lib_python3_12_site-packages_pip__vendor["_vendor"]\n    node_venv_lib_python3_12_site-packages_pip__vendor --> node_venv_lib_python3_12_site-packages_pip__vendor_urllib3["urllib3"]\n    node_venv_lib_python3_12_site-packages_pip__vendor_urllib3 --> node_venv_lib_python3_12_site-packages_pip__vendor_urllib3_request_py["request.py"]\n    Root --> node_venv["venv"]\n    node_venv --> node_venv_lib["lib"]\n    node_venv_lib --> node_venv_lib_python3_12["python3.12"]\n    node_venv_lib_python3_12 --> node_venv_lib_python3_12_site-packages["site-packages"]\n    node_venv_lib_python3_12_site-packages --> node_venv_lib_python3_12_site-packages_pip["pip"]\n    node_venv_lib_python3_12_site-packages_pip --> node_venv_lib_python3_12_site-packages_pip__vendor["_vendor"]\n    node_venv_lib_python3_12_site-packages_pip__vendor --> node_venv_lib_python3_12_site-packages_pip__vendor_urllib3["urllib3"]\n    node_venv_lib_python3_12_site-packages_pip__vendor_urllib3 --> node_venv_lib_python3_12_site-packages_pip__vendor_urllib3_response_py["response.py"]\n    Root --> node_venv["venv"]\n    node_venv --> node_venv_lib["lib"]\n    node_venv_lib --> node_venv_lib_python3_12["python3.12"]\n    node_venv_lib_python3_12 --> node_venv_lib_python3_12_site-packages["site-packages"]\n    node_venv_lib_python3_12_site-packages --> node_venv_lib_python3_12_site-packages_pip["pip"]\n    node_venv_lib_python3_12_site-packages_pip --> node_venv_lib_python3_12_site-packages_pip__vendor["_vendor"]\n    node_venv_lib_python3_12_site-packages_pip__vendor --> node_venv_lib_python3_12_site-packages_pip__vendor_urllib3["urllib3"]\n    node_venv_lib_python3_12_site-packages_pip__vendor_urllib3 --> node_venv_lib_python3_12_site-packages_pip__vendor_urllib3_util["util"]\n    node_venv_lib_python3_12_site-packages_pip__vendor_urllib3_util --> node_venv_lib_python3_12_site-packages_pip__vendor_urllib3_util___init___py["__init__.py"]\n    Root --> node_venv["venv"]\n    node_venv --> node_venv_lib["lib"]\n    node_venv_lib --> node_venv_lib_python3_12["python3.12"]\n    node_venv_lib_python3_12 --> node_venv_lib_python3_12_site-packages["site-packages"]\n    node_venv_lib_python3_12_site-packages --> node_venv_lib_python3_12_site-packages_pip["pip"]\n    node_venv_lib_python3_12_site-packages_pip --> node_venv_lib_python3_12_site-packages_pip__vendor["_vendor"]\n    node_venv_lib_python3_12_site-packages_pip__vendor --> node_venv_lib_python3_12_site-packages_pip__vendor_urllib3["urllib3"]\n    node_venv_lib_python3_12_site-packages_pip__vendor_urllib3 --> node_venv_lib_python3_12_site-packages_pip__vendor_urllib3_util["util"]\n    node_venv_lib_python3_12_site-packages_pip__vendor_urllib3_util --> node_venv_lib_python3_12_site-packages_pip__vendor_urllib3_util_connection_py["connection.py"]\n    Root --> node_venv["venv"]\n    node_venv --> node_venv_lib["lib"]\n    node_venv_lib --> node_venv_lib_python3_12["python3.12"]\n    node_venv_lib_python3_12 --> node_venv_lib_python3_12_site-packages["site-packages"]\n    node_venv_lib_python3_12_site-packages --> node_venv_lib_python3_12_site-packages_pip["pip"]\n    node_venv_lib_python3_12_site-packages_pip --> node_venv_lib_python3_12_site-packages_pip__vendor["_vendor"]\n    node_venv_lib_python3_12_site-packages_pip__vendor --> node_venv_lib_python3_12_site-packages_pip__vendor_urllib3["urllib3"]\n    node_venv_lib_python3_12_site-packages_pip__vendor_urllib3 --> node_venv_lib_python3_12_site-packages_pip__vendor_urllib3_util["util"]\n    node_venv_lib_python3_12_site-packages_pip__vendor_urllib3_util --> node_venv_lib_python3_12_site-packages_pip__vendor_urllib3_util_proxy_py["proxy.py"]\n    Root --> node_venv["venv"]\n    node_venv --> node_venv_lib["lib"]\n    node_venv_lib --> node_venv_lib_python3_12["python3.12"]\n    node_venv_lib_python3_12 --> node_venv_lib_python3_12_site-packages["site-packages"]\n    node_venv_lib_python3_12_site-packages --> node_venv_lib_python3_12_site-packages_pip["pip"]\n    node_venv_lib_python3_12_site-packages_pip --> node_venv_lib_python3_12_site-packages_pip__vendor["_vendor"]\n    node_venv_lib_python3_12_site-packages_pip__vendor --> node_venv_lib_python3_12_site-packages_pip__vendor_urllib3["urllib3"]\n    node_venv_lib_python3_12_site-packages_pip__vendor_urllib3 --> node_venv_lib_python3_12_site-packages_pip__vendor_urllib3_util["util"]\n    node_venv_lib_python3_12_site-packages_pip__vendor_urllib3_util --> node_venv_lib_python3_12_site-packages_pip__vendor_urllib3_util_queue_py["queue.py"]\n    Root --> node_venv["venv"]\n    node_venv --> node_venv_lib["lib"]\n    node_venv_lib --> node_venv_lib_python3_12["python3.12"]\n    node_venv_lib_python3_12 --> node_venv_lib_python3_12_site-packages["site-packages"]\n    node_venv_lib_python3_12_site-packages --> node_venv_lib_python3_12_site-packages_pip["pip"]\n    node_venv_lib_python3_12_site-packages_pip --> node_venv_lib_python3_12_site-packages_pip__vendor["_vendor"]\n    node_venv_lib_python3_12_site-packages_pip__vendor --> node_venv_lib_python3_12_site-packages_pip__vendor_urllib3["urllib3"]\n    node_venv_lib_python3_12_site-packages_pip__vendor_urllib3 --> node_venv_lib_python3_12_site-packages_pip__vendor_urllib3_util["util"]\n    node_venv_lib_python3_12_site-packages_pip__vendor_urllib3_util --> node_venv_lib_python3_12_site-packages_pip__vendor_urllib3_util_request_py["request.py"]\n    Root --> node_venv["venv"]\n    node_venv --> node_venv_lib["lib"]\n    node_venv_lib --> node_venv_lib_python3_12["python3.12"]\n    node_venv_lib_python3_12 --> node_venv_lib_python3_12_site-packages["site-packages"]\n    node_venv_lib_python3_12_site-packages --> node_venv_lib_python3_12_site-packages_pip["pip"]\n    node_venv_lib_python3_12_site-packages_pip --> node_venv_lib_python3_12_site-packages_pip__vendor["_vendor"]\n    node_venv_lib_python3_12_site-packages_pip__vendor --> node_venv_lib_python3_12_site-packages_pip__vendor_urllib3["urllib3"]\n    node_venv_lib_python3_12_site-packages_pip__vendor_urllib3 --> node_venv_lib_python3_12_site-packages_pip__vendor_urllib3_util["util"]\n    node_venv_lib_python3_12_site-packages_pip__vendor_urllib3_util --> node_venv_lib_python3_12_site-packages_pip__vendor_urllib3_util_response_py["response.py"]\n    Root --> node_venv["venv"]\n    node_venv --> node_venv_lib["lib"]\n    node_venv_lib --> node_venv_lib_python3_12["python3.12"]\n    node_venv_lib_python3_12 --> node_venv_lib_python3_12_site-packages["site-packages"]\n    node_venv_lib_python3_12_site-packages --> node_venv_lib_python3_12_site-packages_pip["pip"]\n    node_venv_lib_python3_12_site-packages_pip --> node_venv_lib_python3_12_site-packages_pip__vendor["_vendor"]\n    node_venv_lib_python3_12_site-packages_pip__vendor --> node_venv_lib_python3_12_site-packages_pip__vendor_urllib3["urllib3"]\n    node_venv_lib_python3_12_site-packages_pip__vendor_urllib3 --> node_venv_lib_python3_12_site-packages_pip__vendor_urllib3_util["util"]\n    node_venv_lib_python3_12_site-packages_pip__vendor_urllib3_util --> node_venv_lib_python3_12_site-packages_pip__vendor_urllib3_util_retry_py["retry.py"]\n    Root --> node_venv["venv"]\n    node_venv --> node_venv_lib["lib"]\n    node_venv_lib --> node_venv_lib_python3_12["python3.12"]\n    node_venv_lib_python3_12 --> node_venv_lib_python3_12_site-packages["site-packages"]\n    node_venv_lib_python3_12_site-packages --> node_venv_lib_python3_12_site-packages_pip["pip"]\n    node_venv_lib_python3_12_site-packages_pip --> node_venv_lib_python3_12_site-packages_pip__vendor["_vendor"]\n    node_venv_lib_python3_12_site-packages_pip__vendor --> node_venv_lib_python3_12_site-packages_pip__vendor_urllib3["urllib3"]\n    node_venv_lib_python3_12_site-packages_pip__vendor_urllib3 --> node_venv_lib_python3_12_site-packages_pip__vendor_urllib3_util["util"]\n    node_venv_lib_python3_12_site-packages_pip__vendor_urllib3_util --> node_venv_lib_python3_12_site-packages_pip__vendor_urllib3_util_ssl__py["ssl_.py"]\n    Root --> node_venv["venv"]\n    node_venv --> node_venv_lib["lib"]\n    node_venv_lib --> node_venv_lib_python3_12["python3.12"]\n    node_venv_lib_python3_12 --> node_venv_lib_python3_12_site-packages["site-packages"]\n    node_venv_lib_python3_12_site-packages --> node_venv_lib_python3_12_site-packages_pip["pip"]\n    node_venv_lib_python3_12_site-packages_pip --> node_venv_lib_python3_12_site-packages_pip__vendor["_vendor"]\n    node_venv_lib_python3_12_site-packages_pip__vendor --> node_venv_lib_python3_12_site-packages_pip__vendor_urllib3["urllib3"]\n    node_venv_lib_python3_12_site-packages_pip__vendor_urllib3 --> node_venv_lib_python3_12_site-packages_pip__vendor_urllib3_util["util"]\n    node_venv_lib_python3_12_site-packages_pip__vendor_urllib3_util --> node_venv_lib_python3_12_site-packages_pip__vendor_urllib3_util_ssl_match_hostname_py["ssl_match_hostname.py"]\n    Root --> node_venv["venv"]\n    node_venv --> node_venv_lib["lib"]\n    node_venv_lib --> node_venv_lib_python3_12["python3.12"]\n    node_venv_lib_python3_12 --> node_venv_lib_python3_12_site-packages["site-packages"]\n    node_venv_lib_python3_12_site-packages --> node_venv_lib_python3_12_site-packages_pip["pip"]\n    node_venv_lib_python3_12_site-packages_pip --> node_venv_lib_python3_12_site-packages_pip__vendor["_vendor"]\n    node_venv_lib_python3_12_site-packages_pip__vendor --> node_venv_lib_python3_12_site-packages_pip__vendor_urllib3["urllib3"]\n    node_venv_lib_python3_12_site-packages_pip__vendor_urllib3 --> node_venv_lib_python3_12_site-packages_pip__vendor_urllib3_util["util"]\n    node_venv_lib_python3_12_site-packages_pip__vendor_urllib3_util --> node_venv_lib_python3_12_site-packages_pip__vendor_urllib3_util_ssltransport_py["ssltransport.py"]\n    Root --> node_venv["venv"]\n    node_venv --> node_venv_lib["lib"]\n    node_venv_lib --> node_venv_lib_python3_12["python3.12"]\n    node_venv_lib_python3_12 --> node_venv_lib_python3_12_site-packages["site-packages"]\n    node_venv_lib_python3_12_site-packages --> node_venv_lib_python3_12_site-packages_pip["pip"]\n    node_venv_lib_python3_12_site-packages_pip --> node_venv_lib_python3_12_site-packages_pip__vendor["_vendor"]\n    node_venv_lib_python3_12_site-packages_pip__vendor --> node_venv_lib_python3_12_site-packages_pip__vendor_urllib3["urllib3"]\n    node_venv_lib_python3_12_site-packages_pip__vendor_urllib3 --> node_venv_lib_python3_12_site-packages_pip__vendor_urllib3_util["util"]\n    node_venv_lib_python3_12_site-packages_pip__vendor_urllib3_util --> node_venv_lib_python3_12_site-packages_pip__vendor_urllib3_util_timeout_py["timeout.py"]\n    Root --> node_venv["venv"]\n    node_venv --> node_venv_lib["lib"]\n    node_venv_lib --> node_venv_lib_python3_12["python3.12"]\n    node_venv_lib_python3_12 --> node_venv_lib_python3_12_site-packages["site-packages"]\n    node_venv_lib_python3_12_site-packages --> node_venv_lib_python3_12_site-packages_pip["pip"]\n    node_venv_lib_python3_12_site-packages_pip --> node_venv_lib_python3_12_site-packages_pip__vendor["_vendor"]\n    node_venv_lib_python3_12_site-packages_pip__vendor --> node_venv_lib_python3_12_site-packages_pip__vendor_urllib3["urllib3"]\n    node_venv_lib_python3_12_site-packages_pip__vendor_urllib3 --> node_venv_lib_python3_12_site-packages_pip__vendor_urllib3_util["util"]\n    node_venv_lib_python3_12_site-packages_pip__vendor_urllib3_util --> node_venv_lib_python3_12_site-packages_pip__vendor_urllib3_util_url_py["url.py"]\n    Root --> node_venv["venv"]\n    node_venv --> node_venv_lib["lib"]\n    node_venv_lib --> node_venv_lib_python3_12["python3.12"]\n    node_venv_lib_python3_12 --> node_venv_lib_python3_12_site-packages["site-packages"]\n    node_venv_lib_python3_12_site-packages --> node_venv_lib_python3_12_site-packages_pip["pip"]\n    node_venv_lib_python3_12_site-packages_pip --> node_venv_lib_python3_12_site-packages_pip__vendor["_vendor"]\n    node_venv_lib_python3_12_site-packages_pip__vendor --> node_venv_lib_python3_12_site-packages_pip__vendor_urllib3["urllib3"]\n    node_venv_lib_python3_12_site-packages_pip__vendor_urllib3 --> node_venv_lib_python3_12_site-packages_pip__vendor_urllib3_util["util"]\n    node_venv_lib_python3_12_site-packages_pip__vendor_urllib3_util --> node_venv_lib_python3_12_site-packages_pip__vendor_urllib3_util_wait_py["wait.py"]\n    Root --> node_venv["venv"]\n    node_venv --> node_venv_lib["lib"]\n    node_venv_lib --> node_venv_lib_python3_12["python3.12"]\n    node_venv_lib_python3_12 --> node_venv_lib_python3_12_site-packages["site-packages"]\n    node_venv_lib_python3_12_site-packages --> node_venv_lib_python3_12_site-packages_pip["pip"]\n    node_venv_lib_python3_12_site-packages_pip --> node_venv_lib_python3_12_site-packages_pip__vendor["_vendor"]\n    node_venv_lib_python3_12_site-packages_pip__vendor --> node_venv_lib_python3_12_site-packages_pip__vendor_urllib3["urllib3"]\n    node_venv_lib_python3_12_site-packages_pip__vendor_urllib3 --> node_venv_lib_python3_12_site-packages_pip__vendor_urllib3_contrib["contrib"]\n    node_venv_lib_python3_12_site-packages_pip__vendor_urllib3_contrib --> node_venv_lib_python3_12_site-packages_pip__vendor_urllib3_contrib___init___py["__init__.py"]\n    Root --> node_venv["venv"]\n    node_venv --> node_venv_lib["lib"]\n    node_venv_lib --> node_venv_lib_python3_12["python3.12"]\n    node_venv_lib_python3_12 --> node_venv_lib_python3_12_site-packages["site-packages"]\n    node_venv_lib_python3_12_site-packages --> node_venv_lib_python3_12_site-packages_pip["pip"]\n    node_venv_lib_python3_12_site-packages_pip --> node_venv_lib_python3_12_site-packages_pip__vendor["_vendor"]\n    node_venv_lib_python3_12_site-packages_pip__vendor --> node_venv_lib_python3_12_site-packages_pip__vendor_urllib3["urllib3"]\n    node_venv_lib_python3_12_site-packages_pip__vendor_urllib3 --> node_venv_lib_python3_12_site-packages_pip__vendor_urllib3_contrib["contrib"]\n    node_venv_lib_python3_12_site-packages_pip__vendor_urllib3_contrib --> node_venv_lib_python3_12_site-packages_pip__vendor_urllib3_contrib__appengine_environ_py["_appengine_environ.py"]\n    Root --> node_venv["venv"]\n    node_venv --> node_venv_lib["lib"]\n    node_venv_lib --> node_venv_lib_python3_12["python3.12"]\n    node_venv_lib_python3_12 --> node_venv_lib_python3_12_site-packages["site-packages"]\n    node_venv_lib_python3_12_site-packages --> node_venv_lib_python3_12_site-packages_pip["pip"]\n    node_venv_lib_python3_12_site-packages_pip --> node_venv_lib_python3_12_site-packages_pip__vendor["_vendor"]\n    node_venv_lib_python3_12_site-packages_pip__vendor --> node_venv_lib_python3_12_site-packages_pip__vendor_urllib3["urllib3"]\n    node_venv_lib_python3_12_site-packages_pip__vendor_urllib3 --> node_venv_lib_python3_12_site-packages_pip__vendor_urllib3_contrib["contrib"]\n    node_venv_lib_python3_12_site-packages_pip__vendor_urllib3_contrib --> node_venv_lib_python3_12_site-packages_pip__vendor_urllib3_contrib_appengine_py["appengine.py"]\n    Root --> node_venv["venv"]\n    node_venv --> node_venv_lib["lib"]\n    node_venv_lib --> node_venv_lib_python3_12["python3.12"]\n    node_venv_lib_python3_12 --> node_venv_lib_python3_12_site-packages["site-packages"]\n    node_venv_lib_python3_12_site-packages --> node_venv_lib_python3_12_site-packages_pip["pip"]\n    node_venv_lib_python3_12_site-packages_pip --> node_venv_lib_python3_12_site-packages_pip__vendor["_vendor"]\n    node_venv_lib_python3_12_site-packages_pip__vendor --> node_venv_lib_python3_12_site-packages_pip__vendor_urllib3["urllib3"]\n    node_venv_lib_python3_12_site-packages_pip__vendor_urllib3 --> node_venv_lib_python3_12_site-packages_pip__vendor_urllib3_contrib["contrib"]\n    node_venv_lib_python3_12_site-packages_pip__vendor_urllib3_contrib --> node_venv_lib_python3_12_site-packages_pip__vendor_urllib3_contrib_ntlmpool_py["ntlmpool.py"]\n    Root --> node_venv["venv"]\n    node_venv --> node_venv_lib["lib"]\n    node_venv_lib --> node_venv_lib_python3_12["python3.12"]\n    node_venv_lib_python3_12 --> node_venv_lib_python3_12_site-packages["site-packages"]\n    node_venv_lib_python3_12_site-packages --> node_venv_lib_python3_12_site-packages_pip["pip"]\n    node_venv_lib_python3_12_site-packages_pip --> node_venv_lib_python3_12_site-packages_pip__vendor["_vendor"]\n    node_venv_lib_python3_12_site-packages_pip__vendor --> node_venv_lib_python3_12_site-packages_pip__vendor_urllib3["urllib3"]\n    node_venv_lib_python3_12_site-packages_pip__vendor_urllib3 --> node_venv_lib_python3_12_site-packages_pip__vendor_urllib3_contrib["contrib"]\n    node_venv_lib_python3_12_site-packages_pip__vendor_urllib3_contrib --> node_venv_lib_python3_12_site-packages_pip__vendor_urllib3_contrib_pyopenssl_py["pyopenssl.py"]\n    Root --> node_venv["venv"]\n    node_venv --> node_venv_lib["lib"]\n    node_venv_lib --> node_venv_lib_python3_12["python3.12"]\n    node_venv_lib_python3_12 --> node_venv_lib_python3_12_site-packages["site-packages"]\n    node_venv_lib_python3_12_site-packages --> node_venv_lib_python3_12_site-packages_pip["pip"]\n    node_venv_lib_python3_12_site-packages_pip --> node_venv_lib_python3_12_site-packages_pip__vendor["_vendor"]\n    node_venv_lib_python3_12_site-packages_pip__vendor --> node_venv_lib_python3_12_site-packages_pip__vendor_urllib3["urllib3"]\n    node_venv_lib_python3_12_site-packages_pip__vendor_urllib3 --> node_venv_lib_python3_12_site-packages_pip__vendor_urllib3_contrib["contrib"]\n    node_venv_lib_python3_12_site-packages_pip__vendor_urllib3_contrib --> node_venv_lib_python3_12_site-packages_pip__vendor_urllib3_contrib_securetransport_py["securetransport.py"]\n    Root --> node_venv["venv"]\n    node_venv --> node_venv_lib["lib"]\n    node_venv_lib --> node_venv_lib_python3_12["python3.12"]\n    node_venv_lib_python3_12 --> node_venv_lib_python3_12_site-packages["site-packages"]\n    node_venv_lib_python3_12_site-packages --> node_venv_lib_python3_12_site-packages_pip["pip"]\n    node_venv_lib_python3_12_site-packages_pip --> node_venv_lib_python3_12_site-packages_pip__vendor["_vendor"]\n    node_venv_lib_python3_12_site-packages_pip__vendor --> node_venv_lib_python3_12_site-packages_pip__vendor_urllib3["urllib3"]\n    node_venv_lib_python3_12_site-packages_pip__vendor_urllib3 --> node_venv_lib_python3_12_site-packages_pip__vendor_urllib3_contrib["contrib"]\n    node_venv_lib_python3_12_site-packages_pip__vendor_urllib3_contrib --> node_venv_lib_python3_12_site-packages_pip__vendor_urllib3_contrib_socks_py["socks.py"]\n    Root --> node_venv["venv"]\n    node_venv --> node_venv_lib["lib"]\n    node_venv_lib --> node_venv_lib_python3_12["python3.12"]\n    node_venv_lib_python3_12 --> node_venv_lib_python3_12_site-packages["site-packages"]\n    node_venv_lib_python3_12_site-packages --> node_venv_lib_python3_12_site-packages_pip["pip"]\n    node_venv_lib_python3_12_site-packages_pip --> node_venv_lib_python3_12_site-packages_pip__vendor["_vendor"]\n    node_venv_lib_python3_12_site-packages_pip__vendor --> node_venv_lib_python3_12_site-packages_pip__vendor_urllib3["urllib3"]\n    node_venv_lib_python3_12_site-packages_pip__vendor_urllib3 --> node_venv_lib_python3_12_site-packages_pip__vendor_urllib3_contrib["contrib"]\n    node_venv_lib_python3_12_site-packages_pip__vendor_urllib3_contrib --> node_venv_lib_python3_12_site-packages_pip__vendor_urllib3_contrib__securetransport["_securetransport"]\n    node_venv_lib_python3_12_site-packages_pip__vendor_urllib3_contrib__securetransport --> node_venv_lib_python3_12_site-packages_pip__vendor_urllib3_contrib__securetransport___init___py["__init__.py"]\n    Root --> node_venv["venv"]\n    node_venv --> node_venv_lib["lib"]\n    node_venv_lib --> node_venv_lib_python3_12["python3.12"]\n    node_venv_lib_python3_12 --> node_venv_lib_python3_12_site-packages["site-packages"]\n    node_venv_lib_python3_12_site-packages --> node_venv_lib_python3_12_site-packages_pip["pip"]\n    node_venv_lib_python3_12_site-packages_pip --> node_venv_lib_python3_12_site-packages_pip__vendor["_vendor"]\n    node_venv_lib_python3_12_site-packages_pip__vendor --> node_venv_lib_python3_12_site-packages_pip__vendor_urllib3["urllib3"]\n    node_venv_lib_python3_12_site-packages_pip__vendor_urllib3 --> node_venv_lib_python3_12_site-packages_pip__vendor_urllib3_contrib["contrib"]\n    node_venv_lib_python3_12_site-packages_pip__vendor_urllib3_contrib --> node_venv_lib_python3_12_site-packages_pip__vendor_urllib3_contrib__securetransport["_securetransport"]\n    node_venv_lib_python3_12_site-packages_pip__vendor_urllib3_contrib__securetransport --> node_venv_lib_python3_12_site-packages_pip__vendor_urllib3_contrib__securetransport_bindings_py["bindings.py"]\n    Root --> node_venv["venv"]\n    node_venv --> node_venv_lib["lib"]\n    node_venv_lib --> node_venv_lib_python3_12["python3.12"]\n    node_venv_lib_python3_12 --> node_venv_lib_python3_12_site-packages["site-packages"]\n    node_venv_lib_python3_12_site-packages --> node_venv_lib_python3_12_site-packages_pip["pip"]\n    node_venv_lib_python3_12_site-packages_pip --> node_venv_lib_python3_12_site-packages_pip__vendor["_vendor"]\n    node_venv_lib_python3_12_site-packages_pip__vendor --> node_venv_lib_python3_12_site-packages_pip__vendor_urllib3["urllib3"]\n    node_venv_lib_python3_12_site-packages_pip__vendor_urllib3 --> node_venv_lib_python3_12_site-packages_pip__vendor_urllib3_contrib["contrib"]\n    node_venv_lib_python3_12_site-packages_pip__vendor_urllib3_contrib --> node_venv_lib_python3_12_site-packages_pip__vendor_urllib3_contrib__securetransport["_securetransport"]\n    node_venv_lib_python3_12_site-packages_pip__vendor_urllib3_contrib__securetransport --> node_venv_lib_python3_12_site-packages_pip__vendor_urllib3_contrib__securetransport_low_level_py["low_level.py"]\n    Root --> node_venv["venv"]\n    node_venv --> node_venv_lib["lib"]\n    node_venv_lib --> node_venv_lib_python3_12["python3.12"]\n    node_venv_lib_python3_12 --> node_venv_lib_python3_12_site-packages["site-packages"]\n    node_venv_lib_python3_12_site-packages --> node_venv_lib_python3_12_site-packages_pip["pip"]\n    node_venv_lib_python3_12_site-packages_pip --> node_venv_lib_python3_12_site-packages_pip__vendor["_vendor"]\n    node_venv_lib_python3_12_site-packages_pip__vendor --> node_venv_lib_python3_12_site-packages_pip__vendor_urllib3["urllib3"]\n    node_venv_lib_python3_12_site-packages_pip__vendor_urllib3 --> node_venv_lib_python3_12_site-packages_pip__vendor_urllib3_packages["packages"]\n    node_venv_lib_python3_12_site-packages_pip__vendor_urllib3_packages --> node_venv_lib_python3_12_site-packages_pip__vendor_urllib3_packages___init___py["__init__.py"]\n    Root --> node_venv["venv"]\n    node_venv --> node_venv_lib["lib"]\n    node_venv_lib --> node_venv_lib_python3_12["python3.12"]\n    node_venv_lib_python3_12 --> node_venv_lib_python3_12_site-packages["site-packages"]\n    node_venv_lib_python3_12_site-packages --> node_venv_lib_python3_12_site-packages_pip["pip"]\n    node_venv_lib_python3_12_site-packages_pip --> node_venv_lib_python3_12_site-packages_pip__vendor["_vendor"]\n    node_venv_lib_python3_12_site-packages_pip__vendor --> node_venv_lib_python3_12_site-packages_pip__vendor_urllib3["urllib3"]\n    node_venv_lib_python3_12_site-packages_pip__vendor_urllib3 --> node_venv_lib_python3_12_site-packages_pip__vendor_urllib3_packages["packages"]\n    node_venv_lib_python3_12_site-packages_pip__vendor_urllib3_packages --> node_venv_lib_python3_12_site-packages_pip__vendor_urllib3_packages_six_py["six.py"]\n    Root --> node_venv["venv"]\n    node_venv --> node_venv_lib["lib"]\n    node_venv_lib --> node_venv_lib_python3_12["python3.12"]\n    node_venv_lib_python3_12 --> node_venv_lib_python3_12_site-packages["site-packages"]\n    node_venv_lib_python3_12_site-packages --> node_venv_lib_python3_12_site-packages_pip["pip"]\n    node_venv_lib_python3_12_site-packages_pip --> node_venv_lib_python3_12_site-packages_pip__vendor["_vendor"]\n    node_venv_lib_python3_12_site-packages_pip__vendor --> node_venv_lib_python3_12_site-packages_pip__vendor_urllib3["urllib3"]\n    node_venv_lib_python3_12_site-packages_pip__vendor_urllib3 --> node_venv_lib_python3_12_site-packages_pip__vendor_urllib3_packages["packages"]\n    node_venv_lib_python3_12_site-packages_pip__vendor_urllib3_packages --> node_venv_lib_python3_12_site-packages_pip__vendor_urllib3_packages_backports["backports"]\n    node_venv_lib_python3_12_site-packages_pip__vendor_urllib3_packages_backports --> node_venv_lib_python3_12_site-packages_pip__vendor_urllib3_packages_backports___init___py["__init__.py"]\n    Root --> node_venv["venv"]\n    node_venv --> node_venv_lib["lib"]\n    node_venv_lib --> node_venv_lib_python3_12["python3.12"]\n    node_venv_lib_python3_12 --> node_venv_lib_python3_12_site-packages["site-packages"]\n    node_venv_lib_python3_12_site-packages --> node_venv_lib_python3_12_site-packages_pip["pip"]\n    node_venv_lib_python3_12_site-packages_pip --> node_venv_lib_python3_12_site-packages_pip__vendor["_vendor"]\n    node_venv_lib_python3_12_site-packages_pip__vendor --> node_venv_lib_python3_12_site-packages_pip__vendor_urllib3["urllib3"]\n    node_venv_lib_python3_12_site-packages_pip__vendor_urllib3 --> node_venv_lib_python3_12_site-packages_pip__vendor_urllib3_packages["packages"]\n    node_venv_lib_python3_12_site-packages_pip__vendor_urllib3_packages --> node_venv_lib_python3_12_site-packages_pip__vendor_urllib3_packages_backports["backports"]\n    node_venv_lib_python3_12_site-packages_pip__vendor_urllib3_packages_backports --> node_venv_lib_python3_12_site-packages_pip__vendor_urllib3_packages_backports_makefile_py["makefile.py"]\n    Root --> node_venv["venv"]\n    node_venv --> node_venv_lib["lib"]\n    node_venv_lib --> node_venv_lib_python3_12["python3.12"]\n    node_venv_lib_python3_12 --> node_venv_lib_python3_12_site-packages["site-packages"]\n    node_venv_lib_python3_12_site-packages --> node_venv_lib_python3_12_site-packages_pip["pip"]\n    node_venv_lib_python3_12_site-packages_pip --> node_venv_lib_python3_12_site-packages_pip__vendor["_vendor"]\n    node_venv_lib_python3_12_site-packages_pip__vendor --> node_venv_lib_python3_12_site-packages_pip__vendor_urllib3["urllib3"]\n    node_venv_lib_python3_12_site-packages_pip__vendor_urllib3 --> node_venv_lib_python3_12_site-packages_pip__vendor_urllib3_packages["packages"]\n    node_venv_lib_python3_12_site-packages_pip__vendor_urllib3_packages --> node_venv_lib_python3_12_site-packages_pip__vendor_urllib3_packages_backports["backports"]\n    node_venv_lib_python3_12_site-packages_pip__vendor_urllib3_packages_backports --> node_venv_lib_python3_12_site-packages_pip__vendor_urllib3_packages_backports_weakref_finalize_py["weakref_finalize.py"]\n    Root --> node_venv["venv"]\n    node_venv --> node_venv_lib["lib"]\n    node_venv_lib --> node_venv_lib_python3_12["python3.12"]\n    node_venv_lib_python3_12 --> node_venv_lib_python3_12_site-packages["site-packages"]\n    node_venv_lib_python3_12_site-packages --> node_venv_lib_python3_12_site-packages_pip["pip"]\n    node_venv_lib_python3_12_site-packages_pip --> node_venv_lib_python3_12_site-packages_pip__vendor["_vendor"]\n    node_venv_lib_python3_12_site-packages_pip__vendor --> node_venv_lib_python3_12_site-packages_pip__vendor_pkg_resources["pkg_resources"]\n    node_venv_lib_python3_12_site-packages_pip__vendor_pkg_resources --> node_venv_lib_python3_12_site-packages_pip__vendor_pkg_resources___init___py["__init__.py"]\n    Root --> node_venv["venv"]\n    node_venv --> node_venv_lib["lib"]\n    node_venv_lib --> node_venv_lib_python3_12["python3.12"]\n    node_venv_lib_python3_12 --> node_venv_lib_python3_12_site-packages["site-packages"]\n    node_venv_lib_python3_12_site-packages --> node_venv_lib_python3_12_site-packages_pip["pip"]\n    node_venv_lib_python3_12_site-packages_pip --> node_venv_lib_python3_12_site-packages_pip__vendor["_vendor"]\n    node_venv_lib_python3_12_site-packages_pip__vendor --> node_venv_lib_python3_12_site-packages_pip__vendor_resolvelib["resolvelib"]\n    node_venv_lib_python3_12_site-packages_pip__vendor_resolvelib --> node_venv_lib_python3_12_site-packages_pip__vendor_resolvelib___init___py["__init__.py"]\n    Root --> node_venv["venv"]\n    node_venv --> node_venv_lib["lib"]\n    node_venv_lib --> node_venv_lib_python3_12["python3.12"]\n    node_venv_lib_python3_12 --> node_venv_lib_python3_12_site-packages["site-packages"]\n    node_venv_lib_python3_12_site-packages --> node_venv_lib_python3_12_site-packages_pip["pip"]\n    node_venv_lib_python3_12_site-packages_pip --> node_venv_lib_python3_12_site-packages_pip__vendor["_vendor"]\n    node_venv_lib_python3_12_site-packages_pip__vendor --> node_venv_lib_python3_12_site-packages_pip__vendor_resolvelib["resolvelib"]\n    node_venv_lib_python3_12_site-packages_pip__vendor_resolvelib --> node_venv_lib_python3_12_site-packages_pip__vendor_resolvelib_providers_py["providers.py"]\n    Root --> node_venv["venv"]\n    node_venv --> node_venv_lib["lib"]\n    node_venv_lib --> node_venv_lib_python3_12["python3.12"]\n    node_venv_lib_python3_12 --> node_venv_lib_python3_12_site-packages["site-packages"]\n    node_venv_lib_python3_12_site-packages --> node_venv_lib_python3_12_site-packages_pip["pip"]\n    node_venv_lib_python3_12_site-packages_pip --> node_venv_lib_python3_12_site-packages_pip__vendor["_vendor"]\n    node_venv_lib_python3_12_site-packages_pip__vendor --> node_venv_lib_python3_12_site-packages_pip__vendor_resolvelib["resolvelib"]\n    node_venv_lib_python3_12_site-packages_pip__vendor_resolvelib --> node_venv_lib_python3_12_site-packages_pip__vendor_resolvelib_py_typed["py.typed"]\n    Root --> node_venv["venv"]\n    node_venv --> node_venv_lib["lib"]\n    node_venv_lib --> node_venv_lib_python3_12["python3.12"]\n    node_venv_lib_python3_12 --> node_venv_lib_python3_12_site-packages["site-packages"]\n    node_venv_lib_python3_12_site-packages --> node_venv_lib_python3_12_site-packages_pip["pip"]\n    node_venv_lib_python3_12_site-packages_pip --> node_venv_lib_python3_12_site-packages_pip__vendor["_vendor"]\n    node_venv_lib_python3_12_site-packages_pip__vendor --> node_venv_lib_python3_12_site-packages_pip__vendor_resolvelib["resolvelib"]\n    node_venv_lib_python3_12_site-packages_pip__vendor_resolvelib --> node_venv_lib_python3_12_site-packages_pip__vendor_resolvelib_reporters_py["reporters.py"]\n    Root --> node_venv["venv"]\n    node_venv --> node_venv_lib["lib"]\n    node_venv_lib --> node_venv_lib_python3_12["python3.12"]\n    node_venv_lib_python3_12 --> node_venv_lib_python3_12_site-packages["site-packages"]\n    node_venv_lib_python3_12_site-packages --> node_venv_lib_python3_12_site-packages_pip["pip"]\n    node_venv_lib_python3_12_site-packages_pip --> node_venv_lib_python3_12_site-packages_pip__vendor["_vendor"]\n    node_venv_lib_python3_12_site-packages_pip__vendor --> node_venv_lib_python3_12_site-packages_pip__vendor_resolvelib["resolvelib"]\n    node_venv_lib_python3_12_site-packages_pip__vendor_resolvelib --> node_venv_lib_python3_12_site-packages_pip__vendor_resolvelib_resolvers_py["resolvers.py"]\n    Root --> node_venv["venv"]\n    node_venv --> node_venv_lib["lib"]\n    node_venv_lib --> node_venv_lib_python3_12["python3.12"]\n    node_venv_lib_python3_12 --> node_venv_lib_python3_12_site-packages["site-packages"]\n    node_venv_lib_python3_12_site-packages --> node_venv_lib_python3_12_site-packages_pip["pip"]\n    node_venv_lib_python3_12_site-packages_pip --> node_venv_lib_python3_12_site-packages_pip__vendor["_vendor"]\n    node_venv_lib_python3_12_site-packages_pip__vendor --> node_venv_lib_python3_12_site-packages_pip__vendor_resolvelib["resolvelib"]\n    node_venv_lib_python3_12_site-packages_pip__vendor_resolvelib --> node_venv_lib_python3_12_site-packages_pip__vendor_resolvelib_structs_py["structs.py"]\n    Root --> node_venv["venv"]\n    node_venv --> node_venv_lib["lib"]\n    node_venv_lib --> node_venv_lib_python3_12["python3.12"]\n    node_venv_lib_python3_12 --> node_venv_lib_python3_12_site-packages["site-packages"]\n    node_venv_lib_python3_12_site-packages --> node_venv_lib_python3_12_site-packages_pip["pip"]\n    node_venv_lib_python3_12_site-packages_pip --> node_venv_lib_python3_12_site-packages_pip__vendor["_vendor"]\n    node_venv_lib_python3_12_site-packages_pip__vendor --> node_venv_lib_python3_12_site-packages_pip__vendor_resolvelib["resolvelib"]\n    node_venv_lib_python3_12_site-packages_pip__vendor_resolvelib --> node_venv_lib_python3_12_site-packages_pip__vendor_resolvelib_compat["compat"]\n    node_venv_lib_python3_12_site-packages_pip__vendor_resolvelib_compat --> node_venv_lib_python3_12_site-packages_pip__vendor_resolvelib_compat___init___py["__init__.py"]\n    Root --> node_venv["venv"]\n    node_venv --> node_venv_lib["lib"]\n    node_venv_lib --> node_venv_lib_python3_12["python3.12"]\n    node_venv_lib_python3_12 --> node_venv_lib_python3_12_site-packages["site-packages"]\n    node_venv_lib_python3_12_site-packages --> node_venv_lib_python3_12_site-packages_pip["pip"]\n    node_venv_lib_python3_12_site-packages_pip --> node_venv_lib_python3_12_site-packages_pip__vendor["_vendor"]\n    node_venv_lib_python3_12_site-packages_pip__vendor --> node_venv_lib_python3_12_site-packages_pip__vendor_resolvelib["resolvelib"]\n    node_venv_lib_python3_12_site-packages_pip__vendor_resolvelib --> node_venv_lib_python3_12_site-packages_pip__vendor_resolvelib_compat["compat"]\n    node_venv_lib_python3_12_site-packages_pip__vendor_resolvelib_compat --> node_venv_lib_python3_12_site-packages_pip__vendor_resolvelib_compat_collections_abc_py["collections_abc.py"]\n    Root --> node_venv["venv"]\n    node_venv --> node_venv_lib["lib"]\n    node_venv_lib --> node_venv_lib_python3_12["python3.12"]\n    node_venv_lib_python3_12 --> node_venv_lib_python3_12_site-packages["site-packages"]\n    node_venv_lib_python3_12_site-packages --> node_venv_lib_python3_12_site-packages_pip["pip"]\n    node_venv_lib_python3_12_site-packages_pip --> node_venv_lib_python3_12_site-packages_pip__vendor["_vendor"]\n    node_venv_lib_python3_12_site-packages_pip__vendor --> node_venv_lib_python3_12_site-packages_pip__vendor_platformdirs["platformdirs"]\n    node_venv_lib_python3_12_site-packages_pip__vendor_platformdirs --> node_venv_lib_python3_12_site-packages_pip__vendor_platformdirs___init___py["__init__.py"]\n    Root --> node_venv["venv"]\n    node_venv --> node_venv_lib["lib"]\n    node_venv_lib --> node_venv_lib_python3_12["python3.12"]\n    node_venv_lib_python3_12 --> node_venv_lib_python3_12_site-packages["site-packages"]\n    node_venv_lib_python3_12_site-packages --> node_venv_lib_python3_12_site-packages_pip["pip"]\n    node_venv_lib_python3_12_site-packages_pip --> node_venv_lib_python3_12_site-packages_pip__vendor["_vendor"]\n    node_venv_lib_python3_12_site-packages_pip__vendor --> node_venv_lib_python3_12_site-packages_pip__vendor_platformdirs["platformdirs"]\n    node_venv_lib_python3_12_site-packages_pip__vendor_platformdirs --> node_venv_lib_python3_12_site-packages_pip__vendor_platformdirs___main___py["__main__.py"]\n    Root --> node_venv["venv"]\n    node_venv --> node_venv_lib["lib"]\n    node_venv_lib --> node_venv_lib_python3_12["python3.12"]\n    node_venv_lib_python3_12 --> node_venv_lib_python3_12_site-packages["site-packages"]\n    node_venv_lib_python3_12_site-packages --> node_venv_lib_python3_12_site-packages_pip["pip"]\n    node_venv_lib_python3_12_site-packages_pip --> node_venv_lib_python3_12_site-packages_pip__vendor["_vendor"]\n    node_venv_lib_python3_12_site-packages_pip__vendor --> node_venv_lib_python3_12_site-packages_pip__vendor_platformdirs["platformdirs"]\n    node_venv_lib_python3_12_site-packages_pip__vendor_platformdirs --> node_venv_lib_python3_12_site-packages_pip__vendor_platformdirs_android_py["android.py"]\n    Root --> node_venv["venv"]\n    node_venv --> node_venv_lib["lib"]\n    node_venv_lib --> node_venv_lib_python3_12["python3.12"]\n    node_venv_lib_python3_12 --> node_venv_lib_python3_12_site-packages["site-packages"]\n    node_venv_lib_python3_12_site-packages --> node_venv_lib_python3_12_site-packages_pip["pip"]\n    node_venv_lib_python3_12_site-packages_pip --> node_venv_lib_python3_12_site-packages_pip__vendor["_vendor"]\n    node_venv_lib_python3_12_site-packages_pip__vendor --> node_venv_lib_python3_12_site-packages_pip__vendor_platformdirs["platformdirs"]\n    node_venv_lib_python3_12_site-packages_pip__vendor_platformdirs --> node_venv_lib_python3_12_site-packages_pip__vendor_platformdirs_api_py["api.py"]\n    Root --> node_venv["venv"]\n    node_venv --> node_venv_lib["lib"]\n    node_venv_lib --> node_venv_lib_python3_12["python3.12"]\n    node_venv_lib_python3_12 --> node_venv_lib_python3_12_site-packages["site-packages"]\n    node_venv_lib_python3_12_site-packages --> node_venv_lib_python3_12_site-packages_pip["pip"]\n    node_venv_lib_python3_12_site-packages_pip --> node_venv_lib_python3_12_site-packages_pip__vendor["_vendor"]\n    node_venv_lib_python3_12_site-packages_pip__vendor --> node_venv_lib_python3_12_site-packages_pip__vendor_platformdirs["platformdirs"]\n    node_venv_lib_python3_12_site-packages_pip__vendor_platformdirs --> node_venv_lib_python3_12_site-packages_pip__vendor_platformdirs_macos_py["macos.py"]\n    Root --> node_venv["venv"]\n    node_venv --> node_venv_lib["lib"]\n    node_venv_lib --> node_venv_lib_python3_12["python3.12"]\n    node_venv_lib_python3_12 --> node_venv_lib_python3_12_site-packages["site-packages"]\n    node_venv_lib_python3_12_site-packages --> node_venv_lib_python3_12_site-packages_pip["pip"]\n    node_venv_lib_python3_12_site-packages_pip --> node_venv_lib_python3_12_site-packages_pip__vendor["_vendor"]\n    node_venv_lib_python3_12_site-packages_pip__vendor --> node_venv_lib_python3_12_site-packages_pip__vendor_platformdirs["platformdirs"]\n    node_venv_lib_python3_12_site-packages_pip__vendor_platformdirs --> node_venv_lib_python3_12_site-packages_pip__vendor_platformdirs_py_typed["py.typed"]\n    Root --> node_venv["venv"]\n    node_venv --> node_venv_lib["lib"]\n    node_venv_lib --> node_venv_lib_python3_12["python3.12"]\n    node_venv_lib_python3_12 --> node_venv_lib_python3_12_site-packages["site-packages"]\n    node_venv_lib_python3_12_site-packages --> node_venv_lib_python3_12_site-packages_pip["pip"]\n    node_venv_lib_python3_12_site-packages_pip --> node_venv_lib_python3_12_site-packages_pip__vendor["_vendor"]\n    node_venv_lib_python3_12_site-packages_pip__vendor --> node_venv_lib_python3_12_site-packages_pip__vendor_platformdirs["platformdirs"]\n    node_venv_lib_python3_12_site-packages_pip__vendor_platformdirs --> node_venv_lib_python3_12_site-packages_pip__vendor_platformdirs_unix_py["unix.py"]\n    Root --> node_venv["venv"]\n    node_venv --> node_venv_lib["lib"]\n    node_venv_lib --> node_venv_lib_python3_12["python3.12"]\n    node_venv_lib_python3_12 --> node_venv_lib_python3_12_site-packages["site-packages"]\n    node_venv_lib_python3_12_site-packages --> node_venv_lib_python3_12_site-packages_pip["pip"]\n    node_venv_lib_python3_12_site-packages_pip --> node_venv_lib_python3_12_site-packages_pip__vendor["_vendor"]\n    node_venv_lib_python3_12_site-packages_pip__vendor --> node_venv_lib_python3_12_site-packages_pip__vendor_platformdirs["platformdirs"]\n    node_venv_lib_python3_12_site-packages_pip__vendor_platformdirs --> node_venv_lib_python3_12_site-packages_pip__vendor_platformdirs_version_py["version.py"]\n    Root --> node_venv["venv"]\n    node_venv --> node_venv_lib["lib"]\n    node_venv_lib --> node_venv_lib_python3_12["python3.12"]\n    node_venv_lib_python3_12 --> node_venv_lib_python3_12_site-packages["site-packages"]\n    node_venv_lib_python3_12_site-packages --> node_venv_lib_python3_12_site-packages_pip["pip"]\n    node_venv_lib_python3_12_site-packages_pip --> node_venv_lib_python3_12_site-packages_pip__vendor["_vendor"]\n    node_venv_lib_python3_12_site-packages_pip__vendor --> node_venv_lib_python3_12_site-packages_pip__vendor_platformdirs["platformdirs"]\n    node_venv_lib_python3_12_site-packages_pip__vendor_platformdirs --> node_venv_lib_python3_12_site-packages_pip__vendor_platformdirs_windows_py["windows.py"]\n    Root --> node_venv["venv"]\n    node_venv --> node_venv_lib["lib"]\n    node_venv_lib --> node_venv_lib_python3_12["python3.12"]\n    node_venv_lib_python3_12 --> node_venv_lib_python3_12_site-packages["site-packages"]\n    node_venv_lib_python3_12_site-packages --> node_venv_lib_python3_12_site-packages_pyqt6_qt6-6_10_2_dist-info["pyqt6_qt6-6.10.2.dist-info"]\n    node_venv_lib_python3_12_site-packages_pyqt6_qt6-6_10_2_dist-info --> node_venv_lib_python3_12_site-packages_pyqt6_qt6-6_10_2_dist-info_INSTALLER["INSTALLER"]\n    Root --> node_venv["venv"]\n    node_venv --> node_venv_lib["lib"]\n    node_venv_lib --> node_venv_lib_python3_12["python3.12"]\n    node_venv_lib_python3_12 --> node_venv_lib_python3_12_site-packages["site-packages"]\n    node_venv_lib_python3_12_site-packages --> node_venv_lib_python3_12_site-packages_pyqt6_qt6-6_10_2_dist-info["pyqt6_qt6-6.10.2.dist-info"]\n    node_venv_lib_python3_12_site-packages_pyqt6_qt6-6_10_2_dist-info --> node_venv_lib_python3_12_site-packages_pyqt6_qt6-6_10_2_dist-info_LICENSE["LICENSE"]\n    Root --> node_venv["venv"]\n    node_venv --> node_venv_lib["lib"]\n    node_venv_lib --> node_venv_lib_python3_12["python3.12"]\n    node_venv_lib_python3_12 --> node_venv_lib_python3_12_site-packages["site-packages"]\n    node_venv_lib_python3_12_site-packages --> node_venv_lib_python3_12_site-packages_pyqt6_qt6-6_10_2_dist-info["pyqt6_qt6-6.10.2.dist-info"]\n    node_venv_lib_python3_12_site-packages_pyqt6_qt6-6_10_2_dist-info --> node_venv_lib_python3_12_site-packages_pyqt6_qt6-6_10_2_dist-info_METADATA["METADATA"]\n    Root --> node_venv["venv"]\n    node_venv --> node_venv_lib["lib"]\n    node_venv_lib --> node_venv_lib_python3_12["python3.12"]\n    node_venv_lib_python3_12 --> node_venv_lib_python3_12_site-packages["site-packages"]\n    node_venv_lib_python3_12_site-packages --> node_venv_lib_python3_12_site-packages_pyqt6_qt6-6_10_2_dist-info["pyqt6_qt6-6.10.2.dist-info"]\n    node_venv_lib_python3_12_site-packages_pyqt6_qt6-6_10_2_dist-info --> node_venv_lib_python3_12_site-packages_pyqt6_qt6-6_10_2_dist-info_RECORD["RECORD"]\n    Root --> node_venv["venv"]\n    node_venv --> node_venv_lib["lib"]\n    node_venv_lib --> node_venv_lib_python3_12["python3.12"]\n    node_venv_lib_python3_12 --> node_venv_lib_python3_12_site-packages["site-packages"]\n    node_venv_lib_python3_12_site-packages --> node_venv_lib_python3_12_site-packages_pyqt6_qt6-6_10_2_dist-info["pyqt6_qt6-6.10.2.dist-info"]\n    node_venv_lib_python3_12_site-packages_pyqt6_qt6-6_10_2_dist-info --> node_venv_lib_python3_12_site-packages_pyqt6_qt6-6_10_2_dist-info_WHEEL["WHEEL"]\n    Root --> node_venv["venv"]\n    node_venv --> node_venv_lib["lib"]\n    node_venv_lib --> node_venv_lib_python3_12["python3.12"]\n    node_venv_lib_python3_12 --> node_venv_lib_python3_12_site-packages["site-packages"]\n    node_venv_lib_python3_12_site-packages --> node_venv_lib_python3_12_site-packages_pyqt6_sip-13_11_0_dist-info["pyqt6_sip-13.11.0.dist-info"]\n    node_venv_lib_python3_12_site-packages_pyqt6_sip-13_11_0_dist-info --> node_venv_lib_python3_12_site-packages_pyqt6_sip-13_11_0_dist-info_INSTALLER["INSTALLER"]\n    Root --> node_venv["venv"]\n    node_venv --> node_venv_lib["lib"]\n    node_venv_lib --> node_venv_lib_python3_12["python3.12"]\n    node_venv_lib_python3_12 --> node_venv_lib_python3_12_site-packages["site-packages"]\n    node_venv_lib_python3_12_site-packages --> node_venv_lib_python3_12_site-packages_pyqt6_sip-13_11_0_dist-info["pyqt6_sip-13.11.0.dist-info"]\n    node_venv_lib_python3_12_site-packages_pyqt6_sip-13_11_0_dist-info --> node_venv_lib_python3_12_site-packages_pyqt6_sip-13_11_0_dist-info_METADATA["METADATA"]\n    Root --> node_venv["venv"]\n    node_venv --> node_venv_lib["lib"]\n    node_venv_lib --> node_venv_lib_python3_12["python3.12"]\n    node_venv_lib_python3_12 --> node_venv_lib_python3_12_site-packages["site-packages"]\n    node_venv_lib_python3_12_site-packages --> node_venv_lib_python3_12_site-packages_pyqt6_sip-13_11_0_dist-info["pyqt6_sip-13.11.0.dist-info"]\n    node_venv_lib_python3_12_site-packages_pyqt6_sip-13_11_0_dist-info --> node_venv_lib_python3_12_site-packages_pyqt6_sip-13_11_0_dist-info_RECORD["RECORD"]\n    Root --> node_venv["venv"]\n    node_venv --> node_venv_lib["lib"]\n    node_venv_lib --> node_venv_lib_python3_12["python3.12"]\n    node_venv_lib_python3_12 --> node_venv_lib_python3_12_site-packages["site-packages"]\n    node_venv_lib_python3_12_site-packages --> node_venv_lib_python3_12_site-packages_pyqt6_sip-13_11_0_dist-info["pyqt6_sip-13.11.0.dist-info"]\n    node_venv_lib_python3_12_site-packages_pyqt6_sip-13_11_0_dist-info --> node_venv_lib_python3_12_site-packages_pyqt6_sip-13_11_0_dist-info_WHEEL["WHEEL"]\n    Root --> node_venv["venv"]\n    node_venv --> node_venv_lib["lib"]\n    node_venv_lib --> node_venv_lib_python3_12["python3.12"]\n    node_venv_lib_python3_12 --> node_venv_lib_python3_12_site-packages["site-packages"]\n    node_venv_lib_python3_12_site-packages --> node_venv_lib_python3_12_site-packages_pyqt6_sip-13_11_0_dist-info["pyqt6_sip-13.11.0.dist-info"]\n    node_venv_lib_python3_12_site-packages_pyqt6_sip-13_11_0_dist-info --> node_venv_lib_python3_12_site-packages_pyqt6_sip-13_11_0_dist-info_top_level_txt["top_level.txt"]\n    Root --> node_venv["venv"]\n    node_venv --> node_venv_lib["lib"]\n    node_venv_lib --> node_venv_lib_python3_12["python3.12"]\n    node_venv_lib_python3_12 --> node_venv_lib_python3_12_site-packages["site-packages"]\n    node_venv_lib_python3_12_site-packages --> node_venv_lib_python3_12_site-packages_pyqt6_sip-13_11_0_dist-info["pyqt6_sip-13.11.0.dist-info"]\n    node_venv_lib_python3_12_site-packages_pyqt6_sip-13_11_0_dist-info --> node_venv_lib_python3_12_site-packages_pyqt6_sip-13_11_0_dist-info_licenses["licenses"]\n    node_venv_lib_python3_12_site-packages_pyqt6_sip-13_11_0_dist-info_licenses --> node_venv_lib_python3_12_site-packages_pyqt6_sip-13_11_0_dist-info_licenses_LICENSE["LICENSE"]\n    Root --> node_venv["venv"]\n    node_venv --> node_venv_lib["lib"]\n    node_venv_lib --> node_venv_lib_python3_12["python3.12"]\n    node_venv_lib_python3_12 --> node_venv_lib_python3_12_site-packages["site-packages"]\n    node_venv_lib_python3_12_site-packages --> node_venv_lib_python3_12_site-packages_PyQt6["PyQt6"]\n    node_venv_lib_python3_12_site-packages_PyQt6 --> node_venv_lib_python3_12_site-packages_PyQt6_QtBluetooth_abi3_so["QtBluetooth.abi3.so"]\n    Root --> node_venv["venv"]\n    node_venv --> node_venv_lib["lib"]\n    node_venv_lib --> node_venv_lib_python3_12["python3.12"]\n    node_venv_lib_python3_12 --> node_venv_lib_python3_12_site-packages["site-packages"]\n    node_venv_lib_python3_12_site-packages --> node_venv_lib_python3_12_site-packages_PyQt6["PyQt6"]\n    node_venv_lib_python3_12_site-packages_PyQt6 --> node_venv_lib_python3_12_site-packages_PyQt6_QtBluetooth_pyi["QtBluetooth.pyi"]\n    Root --> node_venv["venv"]\n    node_venv --> node_venv_lib["lib"]\n    node_venv_lib --> node_venv_lib_python3_12["python3.12"]\n    node_venv_lib_python3_12 --> node_venv_lib_python3_12_site-packages["site-packages"]\n    node_venv_lib_python3_12_site-packages --> node_venv_lib_python3_12_site-packages_PyQt6["PyQt6"]\n    node_venv_lib_python3_12_site-packages_PyQt6 --> node_venv_lib_python3_12_site-packages_PyQt6_QtCore_abi3_so["QtCore.abi3.so"]\n    Root --> node_venv["venv"]\n    node_venv --> node_venv_lib["lib"]\n    node_venv_lib --> node_venv_lib_python3_12["python3.12"]\n    node_venv_lib_python3_12 --> node_venv_lib_python3_12_site-packages["site-packages"]\n    node_venv_lib_python3_12_site-packages --> node_venv_lib_python3_12_site-packages_PyQt6["PyQt6"]\n    node_venv_lib_python3_12_site-packages_PyQt6 --> node_venv_lib_python3_12_site-packages_PyQt6_QtCore_pyi["QtCore.pyi"]\n    Root --> node_venv["venv"]\n    node_venv --> node_venv_lib["lib"]\n    node_venv_lib --> node_venv_lib_python3_12["python3.12"]\n    node_venv_lib_python3_12 --> node_venv_lib_python3_12_site-packages["site-packages"]\n    node_venv_lib_python3_12_site-packages --> node_venv_lib_python3_12_site-packages_PyQt6["PyQt6"]\n    node_venv_lib_python3_12_site-packages_PyQt6 --> node_venv_lib_python3_12_site-packages_PyQt6_QtDBus_abi3_so["QtDBus.abi3.so"]\n    Root --> node_venv["venv"]\n    node_venv --> node_venv_lib["lib"]\n    node_venv_lib --> node_venv_lib_python3_12["python3.12"]\n    node_venv_lib_python3_12 --> node_venv_lib_python3_12_site-packages["site-packages"]\n    node_venv_lib_python3_12_site-packages --> node_venv_lib_python3_12_site-packages_PyQt6["PyQt6"]\n    node_venv_lib_python3_12_site-packages_PyQt6 --> node_venv_lib_python3_12_site-packages_PyQt6_QtDBus_pyi["QtDBus.pyi"]\n    Root --> node_venv["venv"]\n    node_venv --> node_venv_lib["lib"]\n    node_venv_lib --> node_venv_lib_python3_12["python3.12"]\n    node_venv_lib_python3_12 --> node_venv_lib_python3_12_site-packages["site-packages"]\n    node_venv_lib_python3_12_site-packages --> node_venv_lib_python3_12_site-packages_PyQt6["PyQt6"]\n    node_venv_lib_python3_12_site-packages_PyQt6 --> node_venv_lib_python3_12_site-packages_PyQt6_QtDesigner_abi3_so["QtDesigner.abi3.so"]\n    Root --> node_venv["venv"]\n    node_venv --> node_venv_lib["lib"]\n    node_venv_lib --> node_venv_lib_python3_12["python3.12"]\n    node_venv_lib_python3_12 --> node_venv_lib_python3_12_site-packages["site-packages"]\n    node_venv_lib_python3_12_site-packages --> node_venv_lib_python3_12_site-packages_PyQt6["PyQt6"]\n    node_venv_lib_python3_12_site-packages_PyQt6 --> node_venv_lib_python3_12_site-packages_PyQt6_QtDesigner_pyi["QtDesigner.pyi"]\n    Root --> node_venv["venv"]\n    node_venv --> node_venv_lib["lib"]\n    node_venv_lib --> node_venv_lib_python3_12["python3.12"]\n    node_venv_lib_python3_12 --> node_venv_lib_python3_12_site-packages["site-packages"]\n    node_venv_lib_python3_12_site-packages --> node_venv_lib_python3_12_site-packages_PyQt6["PyQt6"]\n    node_venv_lib_python3_12_site-packages_PyQt6 --> node_venv_lib_python3_12_site-packages_PyQt6_QtGui_abi3_so["QtGui.abi3.so"]\n    Root --> node_venv["venv"]\n    node_venv --> node_venv_lib["lib"]\n    node_venv_lib --> node_venv_lib_python3_12["python3.12"]\n    node_venv_lib_python3_12 --> node_venv_lib_python3_12_site-packages["site-packages"]\n    node_venv_lib_python3_12_site-packages --> node_venv_lib_python3_12_site-packages_PyQt6["PyQt6"]\n    node_venv_lib_python3_12_site-packages_PyQt6 --> node_venv_lib_python3_12_site-packages_PyQt6_QtGui_pyi["QtGui.pyi"]\n    Root --> node_venv["venv"]\n    node_venv --> node_venv_lib["lib"]\n    node_venv_lib --> node_venv_lib_python3_12["python3.12"]\n    node_venv_lib_python3_12 --> node_venv_lib_python3_12_site-packages["site-packages"]\n    node_venv_lib_python3_12_site-packages --> node_venv_lib_python3_12_site-packages_PyQt6["PyQt6"]\n    node_venv_lib_python3_12_site-packages_PyQt6 --> node_venv_lib_python3_12_site-packages_PyQt6_QtHelp_abi3_so["QtHelp.abi3.so"]\n    Root --> node_venv["venv"]\n    node_venv --> node_venv_lib["lib"]\n    node_venv_lib --> node_venv_lib_python3_12["python3.12"]\n    node_venv_lib_python3_12 --> node_venv_lib_python3_12_site-packages["site-packages"]\n    node_venv_lib_python3_12_site-packages --> node_venv_lib_python3_12_site-packages_PyQt6["PyQt6"]\n    node_venv_lib_python3_12_site-packages_PyQt6 --> node_venv_lib_python3_12_site-packages_PyQt6_QtHelp_pyi["QtHelp.pyi"]\n    Root --> node_venv["venv"]\n    node_venv --> node_venv_lib["lib"]\n    node_venv_lib --> node_venv_lib_python3_12["python3.12"]\n    node_venv_lib_python3_12 --> node_venv_lib_python3_12_site-packages["site-packages"]\n    node_venv_lib_python3_12_site-packages --> node_venv_lib_python3_12_site-packages_PyQt6["PyQt6"]\n    node_venv_lib_python3_12_site-packages_PyQt6 --> node_venv_lib_python3_12_site-packages_PyQt6_QtMultimedia_abi3_so["QtMultimedia.abi3.so"]\n    Root --> node_venv["venv"]\n    node_venv --> node_venv_lib["lib"]\n    node_venv_lib --> node_venv_lib_python3_12["python3.12"]\n    node_venv_lib_python3_12 --> node_venv_lib_python3_12_site-packages["site-packages"]\n    node_venv_lib_python3_12_site-packages --> node_venv_lib_python3_12_site-packages_PyQt6["PyQt6"]\n    node_venv_lib_python3_12_site-packages_PyQt6 --> node_venv_lib_python3_12_site-packages_PyQt6_QtMultimedia_pyi["QtMultimedia.pyi"]\n    Root --> node_venv["venv"]\n    node_venv --> node_venv_lib["lib"]\n    node_venv_lib --> node_venv_lib_python3_12["python3.12"]\n    node_venv_lib_python3_12 --> node_venv_lib_python3_12_site-packages["site-packages"]\n    node_venv_lib_python3_12_site-packages --> node_venv_lib_python3_12_site-packages_PyQt6["PyQt6"]\n    node_venv_lib_python3_12_site-packages_PyQt6 --> node_venv_lib_python3_12_site-packages_PyQt6_QtMultimediaWidgets_abi3_so["QtMultimediaWidgets.abi3.so"]\n    Root --> node_venv["venv"]\n    node_venv --> node_venv_lib["lib"]\n    node_venv_lib --> node_venv_lib_python3_12["python3.12"]\n    node_venv_lib_python3_12 --> node_venv_lib_python3_12_site-packages["site-packages"]\n    node_venv_lib_python3_12_site-packages --> node_venv_lib_python3_12_site-packages_PyQt6["PyQt6"]\n    node_venv_lib_python3_12_site-packages_PyQt6 --> node_venv_lib_python3_12_site-packages_PyQt6_QtMultimediaWidgets_pyi["QtMultimediaWidgets.pyi"]\n    Root --> node_venv["venv"]\n    node_venv --> node_venv_lib["lib"]\n    node_venv_lib --> node_venv_lib_python3_12["python3.12"]\n    node_venv_lib_python3_12 --> node_venv_lib_python3_12_site-packages["site-packages"]\n    node_venv_lib_python3_12_site-packages --> node_venv_lib_python3_12_site-packages_PyQt6["PyQt6"]\n    node_venv_lib_python3_12_site-packages_PyQt6 --> node_venv_lib_python3_12_site-packages_PyQt6_QtNetwork_abi3_so["QtNetwork.abi3.so"]\n    Root --> node_venv["venv"]\n    node_venv --> node_venv_lib["lib"]\n    node_venv_lib --> node_venv_lib_python3_12["python3.12"]\n    node_venv_lib_python3_12 --> node_venv_lib_python3_12_site-packages["site-packages"]\n    node_venv_lib_python3_12_site-packages --> node_venv_lib_python3_12_site-packages_PyQt6["PyQt6"]\n    node_venv_lib_python3_12_site-packages_PyQt6 --> node_venv_lib_python3_12_site-packages_PyQt6_QtNetwork_pyi["QtNetwork.pyi"]\n    Root --> node_venv["venv"]\n    node_venv --> node_venv_lib["lib"]\n    node_venv_lib --> node_venv_lib_python3_12["python3.12"]\n    node_venv_lib_python3_12 --> node_venv_lib_python3_12_site-packages["site-packages"]\n    node_venv_lib_python3_12_site-packages --> node_venv_lib_python3_12_site-packages_PyQt6["PyQt6"]\n    node_venv_lib_python3_12_site-packages_PyQt6 --> node_venv_lib_python3_12_site-packages_PyQt6_QtNfc_abi3_so["QtNfc.abi3.so"]\n    Root --> node_venv["venv"]\n    node_venv --> node_venv_lib["lib"]\n    node_venv_lib --> node_venv_lib_python3_12["python3.12"]\n    node_venv_lib_python3_12 --> node_venv_lib_python3_12_site-packages["site-packages"]\n    node_venv_lib_python3_12_site-packages --> node_venv_lib_python3_12_site-packages_PyQt6["PyQt6"]\n    node_venv_lib_python3_12_site-packages_PyQt6 --> node_venv_lib_python3_12_site-packages_PyQt6_QtNfc_pyi["QtNfc.pyi"]\n    Root --> node_venv["venv"]\n    node_venv --> node_venv_lib["lib"]\n    node_venv_lib --> node_venv_lib_python3_12["python3.12"]\n    node_venv_lib_python3_12 --> node_venv_lib_python3_12_site-packages["site-packages"]\n    node_venv_lib_python3_12_site-packages --> node_venv_lib_python3_12_site-packages_PyQt6["PyQt6"]\n    node_venv_lib_python3_12_site-packages_PyQt6 --> node_venv_lib_python3_12_site-packages_PyQt6_QtOpenGL_abi3_so["QtOpenGL.abi3.so"]\n    Root --> node_venv["venv"]\n    node_venv --> node_venv_lib["lib"]\n    node_venv_lib --> node_venv_lib_python3_12["python3.12"]\n    node_venv_lib_python3_12 --> node_venv_lib_python3_12_site-packages["site-packages"]\n    node_venv_lib_python3_12_site-packages --> node_venv_lib_python3_12_site-packages_PyQt6["PyQt6"]\n    node_venv_lib_python3_12_site-packages_PyQt6 --> node_venv_lib_python3_12_site-packages_PyQt6_QtOpenGL_pyi["QtOpenGL.pyi"]\n    Root --> node_venv["venv"]\n    node_venv --> node_venv_lib["lib"]\n    node_venv_lib --> node_venv_lib_python3_12["python3.12"]\n    node_venv_lib_python3_12 --> node_venv_lib_python3_12_site-packages["site-packages"]\n    node_venv_lib_python3_12_site-packages --> node_venv_lib_python3_12_site-packages_PyQt6["PyQt6"]\n    node_venv_lib_python3_12_site-packages_PyQt6 --> node_venv_lib_python3_12_site-packages_PyQt6_QtOpenGLWidgets_abi3_so["QtOpenGLWidgets.abi3.so"]\n    Root --> node_venv["venv"]\n    node_venv --> node_venv_lib["lib"]\n    node_venv_lib --> node_venv_lib_python3_12["python3.12"]\n    node_venv_lib_python3_12 --> node_venv_lib_python3_12_site-packages["site-packages"]\n    node_venv_lib_python3_12_site-packages --> node_venv_lib_python3_12_site-packages_PyQt6["PyQt6"]\n    node_venv_lib_python3_12_site-packages_PyQt6 --> node_venv_lib_python3_12_site-packages_PyQt6_QtOpenGLWidgets_pyi["QtOpenGLWidgets.pyi"]\n    Root --> node_venv["venv"]\n    node_venv --> node_venv_lib["lib"]\n    node_venv_lib --> node_venv_lib_python3_12["python3.12"]\n    node_venv_lib_python3_12 --> node_venv_lib_python3_12_site-packages["site-packages"]\n    node_venv_lib_python3_12_site-packages --> node_venv_lib_python3_12_site-packages_PyQt6["PyQt6"]\n    node_venv_lib_python3_12_site-packages_PyQt6 --> node_venv_lib_python3_12_site-packages_PyQt6_QtPdf_abi3_so["QtPdf.abi3.so"]\n    Root --> node_venv["venv"]\n    node_venv --> node_venv_lib["lib"]\n    node_venv_lib --> node_venv_lib_python3_12["python3.12"]\n    node_venv_lib_python3_12 --> node_venv_lib_python3_12_site-packages["site-packages"]\n    node_venv_lib_python3_12_site-packages --> node_venv_lib_python3_12_site-packages_PyQt6["PyQt6"]\n    node_venv_lib_python3_12_site-packages_PyQt6 --> node_venv_lib_python3_12_site-packages_PyQt6_QtPdf_pyi["QtPdf.pyi"]\n    Root --> node_venv["venv"]\n    node_venv --> node_venv_lib["lib"]\n    node_venv_lib --> node_venv_lib_python3_12["python3.12"]\n    node_venv_lib_python3_12 --> node_venv_lib_python3_12_site-packages["site-packages"]\n    node_venv_lib_python3_12_site-packages --> node_venv_lib_python3_12_site-packages_PyQt6["PyQt6"]\n    node_venv_lib_python3_12_site-packages_PyQt6 --> node_venv_lib_python3_12_site-packages_PyQt6_QtPdfWidgets_abi3_so["QtPdfWidgets.abi3.so"]\n    Root --> node_venv["venv"]\n    node_venv --> node_venv_lib["lib"]\n    node_venv_lib --> node_venv_lib_python3_12["python3.12"]\n    node_venv_lib_python3_12 --> node_venv_lib_python3_12_site-packages["site-packages"]\n    node_venv_lib_python3_12_site-packages --> node_venv_lib_python3_12_site-packages_PyQt6["PyQt6"]\n    node_venv_lib_python3_12_site-packages_PyQt6 --> node_venv_lib_python3_12_site-packages_PyQt6_QtPdfWidgets_pyi["QtPdfWidgets.pyi"]\n    Root --> node_venv["venv"]\n    node_venv --> node_venv_lib["lib"]\n    node_venv_lib --> node_venv_lib_python3_12["python3.12"]\n    node_venv_lib_python3_12 --> node_venv_lib_python3_12_site-packages["site-packages"]\n    node_venv_lib_python3_12_site-packages --> node_venv_lib_python3_12_site-packages_PyQt6["PyQt6"]\n    node_venv_lib_python3_12_site-packages_PyQt6 --> node_venv_lib_python3_12_site-packages_PyQt6_QtPositioning_abi3_so["QtPositioning.abi3.so"]\n    Root --> node_venv["venv"]\n    node_venv --> node_venv_lib["lib"]\n    node_venv_lib --> node_venv_lib_python3_12["python3.12"]\n    node_venv_lib_python3_12 --> node_venv_lib_python3_12_site-packages["site-packages"]\n    node_venv_lib_python3_12_site-packages --> node_venv_lib_python3_12_site-packages_PyQt6["PyQt6"]\n    node_venv_lib_python3_12_site-packages_PyQt6 --> node_venv_lib_python3_12_site-packages_PyQt6_QtPositioning_pyi["QtPositioning.pyi"]\n    Root --> node_venv["venv"]\n    node_venv --> node_venv_lib["lib"]\n    node_venv_lib --> node_venv_lib_python3_12["python3.12"]\n    node_venv_lib_python3_12 --> node_venv_lib_python3_12_site-packages["site-packages"]\n    node_venv_lib_python3_12_site-packages --> node_venv_lib_python3_12_site-packages_PyQt6["PyQt6"]\n    node_venv_lib_python3_12_site-packages_PyQt6 --> node_venv_lib_python3_12_site-packages_PyQt6_QtPrintSupport_abi3_so["QtPrintSupport.abi3.so"]\n    Root --> node_venv["venv"]\n    node_venv --> node_venv_lib["lib"]\n    node_venv_lib --> node_venv_lib_python3_12["python3.12"]\n    node_venv_lib_python3_12 --> node_venv_lib_python3_12_site-packages["site-packages"]\n    node_venv_lib_python3_12_site-packages --> node_venv_lib_python3_12_site-packages_PyQt6["PyQt6"]\n    node_venv_lib_python3_12_site-packages_PyQt6 --> node_venv_lib_python3_12_site-packages_PyQt6_QtPrintSupport_pyi["QtPrintSupport.pyi"]\n    Root --> node_venv["venv"]\n    node_venv --> node_venv_lib["lib"]\n    node_venv_lib --> node_venv_lib_python3_12["python3.12"]\n    node_venv_lib_python3_12 --> node_venv_lib_python3_12_site-packages["site-packages"]\n    node_venv_lib_python3_12_site-packages --> node_venv_lib_python3_12_site-packages_PyQt6["PyQt6"]\n    node_venv_lib_python3_12_site-packages_PyQt6 --> node_venv_lib_python3_12_site-packages_PyQt6_QtQml_abi3_so["QtQml.abi3.so"]\n    Root --> node_venv["venv"]\n    node_venv --> node_venv_lib["lib"]\n    node_venv_lib --> node_venv_lib_python3_12["python3.12"]\n    node_venv_lib_python3_12 --> node_venv_lib_python3_12_site-packages["site-packages"]\n    node_venv_lib_python3_12_site-packages --> node_venv_lib_python3_12_site-packages_PyQt6["PyQt6"]\n    node_venv_lib_python3_12_site-packages_PyQt6 --> node_venv_lib_python3_12_site-packages_PyQt6_QtQml_pyi["QtQml.pyi"]\n    Root --> node_venv["venv"]\n    node_venv --> node_venv_lib["lib"]\n    node_venv_lib --> node_venv_lib_python3_12["python3.12"]\n    node_venv_lib_python3_12 --> node_venv_lib_python3_12_site-packages["site-packages"]\n    node_venv_lib_python3_12_site-packages --> node_venv_lib_python3_12_site-packages_PyQt6["PyQt6"]\n    node_venv_lib_python3_12_site-packages_PyQt6 --> node_venv_lib_python3_12_site-packages_PyQt6_QtQuick_abi3_so["QtQuick.abi3.so"]\n    Root --> node_venv["venv"]\n    node_venv --> node_venv_lib["lib"]\n    node_venv_lib --> node_venv_lib_python3_12["python3.12"]\n    node_venv_lib_python3_12 --> node_venv_lib_python3_12_site-packages["site-packages"]\n    node_venv_lib_python3_12_site-packages --> node_venv_lib_python3_12_site-packages_PyQt6["PyQt6"]\n    node_venv_lib_python3_12_site-packages_PyQt6 --> node_venv_lib_python3_12_site-packages_PyQt6_QtQuick_pyi["QtQuick.pyi"]\n    Root --> node_venv["venv"]\n    node_venv --> node_venv_lib["lib"]\n    node_venv_lib --> node_venv_lib_python3_12["python3.12"]\n    node_venv_lib_python3_12 --> node_venv_lib_python3_12_site-packages["site-packages"]\n    node_venv_lib_python3_12_site-packages --> node_venv_lib_python3_12_site-packages_PyQt6["PyQt6"]\n    node_venv_lib_python3_12_site-packages_PyQt6 --> node_venv_lib_python3_12_site-packages_PyQt6_QtQuick3D_abi3_so["QtQuick3D.abi3.so"]\n    Root --> node_venv["venv"]\n    node_venv --> node_venv_lib["lib"]\n    node_venv_lib --> node_venv_lib_python3_12["python3.12"]\n    node_venv_lib_python3_12 --> node_venv_lib_python3_12_site-packages["site-packages"]\n    node_venv_lib_python3_12_site-packages --> node_venv_lib_python3_12_site-packages_PyQt6["PyQt6"]\n    node_venv_lib_python3_12_site-packages_PyQt6 --> node_venv_lib_python3_12_site-packages_PyQt6_QtQuick3D_pyi["QtQuick3D.pyi"]\n    Root --> node_venv["venv"]\n    node_venv --> node_venv_lib["lib"]\n    node_venv_lib --> node_venv_lib_python3_12["python3.12"]\n    node_venv_lib_python3_12 --> node_venv_lib_python3_12_site-packages["site-packages"]\n    node_venv_lib_python3_12_site-packages --> node_venv_lib_python3_12_site-packages_PyQt6["PyQt6"]\n    node_venv_lib_python3_12_site-packages_PyQt6 --> node_venv_lib_python3_12_site-packages_PyQt6_QtQuickWidgets_abi3_so["QtQuickWidgets.abi3.so"]\n    Root --> node_venv["venv"]\n    node_venv --> node_venv_lib["lib"]\n    node_venv_lib --> node_venv_lib_python3_12["python3.12"]\n    node_venv_lib_python3_12 --> node_venv_lib_python3_12_site-packages["site-packages"]\n    node_venv_lib_python3_12_site-packages --> node_venv_lib_python3_12_site-packages_PyQt6["PyQt6"]\n    node_venv_lib_python3_12_site-packages_PyQt6 --> node_venv_lib_python3_12_site-packages_PyQt6_QtQuickWidgets_pyi["QtQuickWidgets.pyi"]\n    Root --> node_venv["venv"]\n    node_venv --> node_venv_lib["lib"]\n    node_venv_lib --> node_venv_lib_python3_12["python3.12"]\n    node_venv_lib_python3_12 --> node_venv_lib_python3_12_site-packages["site-packages"]\n    node_venv_lib_python3_12_site-packages --> node_venv_lib_python3_12_site-packages_PyQt6["PyQt6"]\n    node_venv_lib_python3_12_site-packages_PyQt6 --> node_venv_lib_python3_12_site-packages_PyQt6_QtRemoteObjects_abi3_so["QtRemoteObjects.abi3.so"]\n    Root --> node_venv["venv"]\n    node_venv --> node_venv_lib["lib"]\n    node_venv_lib --> node_venv_lib_python3_12["python3.12"]\n    node_venv_lib_python3_12 --> node_venv_lib_python3_12_site-packages["site-packages"]\n    node_venv_lib_python3_12_site-packages --> node_venv_lib_python3_12_site-packages_PyQt6["PyQt6"]\n    node_venv_lib_python3_12_site-packages_PyQt6 --> node_venv_lib_python3_12_site-packages_PyQt6_QtRemoteObjects_pyi["QtRemoteObjects.pyi"]\n    Root --> node_venv["venv"]\n    node_venv --> node_venv_lib["lib"]\n    node_venv_lib --> node_venv_lib_python3_12["python3.12"]\n    node_venv_lib_python3_12 --> node_venv_lib_python3_12_site-packages["site-packages"]\n    node_venv_lib_python3_12_site-packages --> node_venv_lib_python3_12_site-packages_PyQt6["PyQt6"]\n    node_venv_lib_python3_12_site-packages_PyQt6 --> node_venv_lib_python3_12_site-packages_PyQt6_QtSensors_abi3_so["QtSensors.abi3.so"]\n    Root --> node_venv["venv"]\n    node_venv --> node_venv_lib["lib"]\n    node_venv_lib --> node_venv_lib_python3_12["python3.12"]\n    node_venv_lib_python3_12 --> node_venv_lib_python3_12_site-packages["site-packages"]\n    node_venv_lib_python3_12_site-packages --> node_venv_lib_python3_12_site-packages_PyQt6["PyQt6"]\n    node_venv_lib_python3_12_site-packages_PyQt6 --> node_venv_lib_python3_12_site-packages_PyQt6_QtSensors_pyi["QtSensors.pyi"]\n    Root --> node_venv["venv"]\n    node_venv --> node_venv_lib["lib"]\n    node_venv_lib --> node_venv_lib_python3_12["python3.12"]\n    node_venv_lib_python3_12 --> node_venv_lib_python3_12_site-packages["site-packages"]\n    node_venv_lib_python3_12_site-packages --> node_venv_lib_python3_12_site-packages_PyQt6["PyQt6"]\n    node_venv_lib_python3_12_site-packages_PyQt6 --> node_venv_lib_python3_12_site-packages_PyQt6_QtSerialPort_abi3_so["QtSerialPort.abi3.so"]\n    Root --> node_venv["venv"]\n    node_venv --> node_venv_lib["lib"]\n    node_venv_lib --> node_venv_lib_python3_12["python3.12"]\n    node_venv_lib_python3_12 --> node_venv_lib_python3_12_site-packages["site-packages"]\n    node_venv_lib_python3_12_site-packages --> node_venv_lib_python3_12_site-packages_PyQt6["PyQt6"]\n    node_venv_lib_python3_12_site-packages_PyQt6 --> node_venv_lib_python3_12_site-packages_PyQt6_QtSerialPort_pyi["QtSerialPort.pyi"]\n    Root --> node_venv["venv"]\n    node_venv --> node_venv_lib["lib"]\n    node_venv_lib --> node_venv_lib_python3_12["python3.12"]\n    node_venv_lib_python3_12 --> node_venv_lib_python3_12_site-packages["site-packages"]\n    node_venv_lib_python3_12_site-packages --> node_venv_lib_python3_12_site-packages_PyQt6["PyQt6"]\n    node_venv_lib_python3_12_site-packages_PyQt6 --> node_venv_lib_python3_12_site-packages_PyQt6_QtSpatialAudio_abi3_so["QtSpatialAudio.abi3.so"]\n    Root --> node_venv["venv"]\n    node_venv --> node_venv_lib["lib"]\n    node_venv_lib --> node_venv_lib_python3_12["python3.12"]\n    node_venv_lib_python3_12 --> node_venv_lib_python3_12_site-packages["site-packages"]\n    node_venv_lib_python3_12_site-packages --> node_venv_lib_python3_12_site-packages_PyQt6["PyQt6"]\n    node_venv_lib_python3_12_site-packages_PyQt6 --> node_venv_lib_python3_12_site-packages_PyQt6_QtSpatialAudio_pyi["QtSpatialAudio.pyi"]\n    Root --> node_venv["venv"]\n    node_venv --> node_venv_lib["lib"]\n    node_venv_lib --> node_venv_lib_python3_12["python3.12"]\n    node_venv_lib_python3_12 --> node_venv_lib_python3_12_site-packages["site-packages"]\n    node_venv_lib_python3_12_site-packages --> node_venv_lib_python3_12_site-packages_PyQt6["PyQt6"]\n    node_venv_lib_python3_12_site-packages_PyQt6 --> node_venv_lib_python3_12_site-packages_PyQt6_QtSql_abi3_so["QtSql.abi3.so"]\n    Root --> node_venv["venv"]\n    node_venv --> node_venv_lib["lib"]\n    node_venv_lib --> node_venv_lib_python3_12["python3.12"]\n    node_venv_lib_python3_12 --> node_venv_lib_python3_12_site-packages["site-packages"]\n    node_venv_lib_python3_12_site-packages --> node_venv_lib_python3_12_site-packages_PyQt6["PyQt6"]\n    node_venv_lib_python3_12_site-packages_PyQt6 --> node_venv_lib_python3_12_site-packages_PyQt6_QtSql_pyi["QtSql.pyi"]\n    Root --> node_venv["venv"]\n    node_venv --> node_venv_lib["lib"]\n    node_venv_lib --> node_venv_lib_python3_12["python3.12"]\n    node_venv_lib_python3_12 --> node_venv_lib_python3_12_site-packages["site-packages"]\n    node_venv_lib_python3_12_site-packages --> node_venv_lib_python3_12_site-packages_PyQt6["PyQt6"]\n    node_venv_lib_python3_12_site-packages_PyQt6 --> node_venv_lib_python3_12_site-packages_PyQt6_QtStateMachine_abi3_so["QtStateMachine.abi3.so"]\n    Root --> node_venv["venv"]\n    node_venv --> node_venv_lib["lib"]\n    node_venv_lib --> node_venv_lib_python3_12["python3.12"]\n    node_venv_lib_python3_12 --> node_venv_lib_python3_12_site-packages["site-packages"]\n    node_venv_lib_python3_12_site-packages --> node_venv_lib_python3_12_site-packages_PyQt6["PyQt6"]\n    node_venv_lib_python3_12_site-packages_PyQt6 --> node_venv_lib_python3_12_site-packages_PyQt6_QtStateMachine_pyi["QtStateMachine.pyi"]\n    Root --> node_venv["venv"]\n    node_venv --> node_venv_lib["lib"]\n    node_venv_lib --> node_venv_lib_python3_12["python3.12"]\n    node_venv_lib_python3_12 --> node_venv_lib_python3_12_site-packages["site-packages"]\n    node_venv_lib_python3_12_site-packages --> node_venv_lib_python3_12_site-packages_PyQt6["PyQt6"]\n    node_venv_lib_python3_12_site-packages_PyQt6 --> node_venv_lib_python3_12_site-packages_PyQt6_QtSvg_abi3_so["QtSvg.abi3.so"]\n    Root --> node_venv["venv"]\n    node_venv --> node_venv_lib["lib"]\n    node_venv_lib --> node_venv_lib_python3_12["python3.12"]\n    node_venv_lib_python3_12 --> node_venv_lib_python3_12_site-packages["site-packages"]\n    node_venv_lib_python3_12_site-packages --> node_venv_lib_python3_12_site-packages_PyQt6["PyQt6"]\n    node_venv_lib_python3_12_site-packages_PyQt6 --> node_venv_lib_python3_12_site-packages_PyQt6_QtSvg_pyi["QtSvg.pyi"]\n    Root --> node_venv["venv"]\n    node_venv --> node_venv_lib["lib"]\n    node_venv_lib --> node_venv_lib_python3_12["python3.12"]\n    node_venv_lib_python3_12 --> node_venv_lib_python3_12_site-packages["site-packages"]\n    node_venv_lib_python3_12_site-packages --> node_venv_lib_python3_12_site-packages_PyQt6["PyQt6"]\n    node_venv_lib_python3_12_site-packages_PyQt6 --> node_venv_lib_python3_12_site-packages_PyQt6_QtSvgWidgets_abi3_so["QtSvgWidgets.abi3.so"]\n    Root --> node_venv["venv"]\n    node_venv --> node_venv_lib["lib"]\n    node_venv_lib --> node_venv_lib_python3_12["python3.12"]\n    node_venv_lib_python3_12 --> node_venv_lib_python3_12_site-packages["site-packages"]\n    node_venv_lib_python3_12_site-packages --> node_venv_lib_python3_12_site-packages_PyQt6["PyQt6"]\n    node_venv_lib_python3_12_site-packages_PyQt6 --> node_venv_lib_python3_12_site-packages_PyQt6_QtSvgWidgets_pyi["QtSvgWidgets.pyi"]\n    Root --> node_venv["venv"]\n    node_venv --> node_venv_lib["lib"]\n    node_venv_lib --> node_venv_lib_python3_12["python3.12"]\n    node_venv_lib_python3_12 --> node_venv_lib_python3_12_site-packages["site-packages"]\n    node_venv_lib_python3_12_site-packages --> node_venv_lib_python3_12_site-packages_PyQt6["PyQt6"]\n    node_venv_lib_python3_12_site-packages_PyQt6 --> node_venv_lib_python3_12_site-packages_PyQt6_QtTest_abi3_so["QtTest.abi3.so"]\n    Root --> node_venv["venv"]\n    node_venv --> node_venv_lib["lib"]\n    node_venv_lib --> node_venv_lib_python3_12["python3.12"]\n    node_venv_lib_python3_12 --> node_venv_lib_python3_12_site-packages["site-packages"]\n    node_venv_lib_python3_12_site-packages --> node_venv_lib_python3_12_site-packages_PyQt6["PyQt6"]\n    node_venv_lib_python3_12_site-packages_PyQt6 --> node_venv_lib_python3_12_site-packages_PyQt6_QtTest_pyi["QtTest.pyi"]\n    Root --> node_venv["venv"]\n    node_venv --> node_venv_lib["lib"]\n    node_venv_lib --> node_venv_lib_python3_12["python3.12"]\n    node_venv_lib_python3_12 --> node_venv_lib_python3_12_site-packages["site-packages"]\n    node_venv_lib_python3_12_site-packages --> node_venv_lib_python3_12_site-packages_PyQt6["PyQt6"]\n    node_venv_lib_python3_12_site-packages_PyQt6 --> node_venv_lib_python3_12_site-packages_PyQt6_QtTextToSpeech_abi3_so["QtTextToSpeech.abi3.so"]\n    Root --> node_venv["venv"]\n    node_venv --> node_venv_lib["lib"]\n    node_venv_lib --> node_venv_lib_python3_12["python3.12"]\n    node_venv_lib_python3_12 --> node_venv_lib_python3_12_site-packages["site-packages"]\n    node_venv_lib_python3_12_site-packages --> node_venv_lib_python3_12_site-packages_PyQt6["PyQt6"]\n    node_venv_lib_python3_12_site-packages_PyQt6 --> node_venv_lib_python3_12_site-packages_PyQt6_QtTextToSpeech_pyi["QtTextToSpeech.pyi"]\n    Root --> node_venv["venv"]\n    node_venv --> node_venv_lib["lib"]\n    node_venv_lib --> node_venv_lib_python3_12["python3.12"]\n    node_venv_lib_python3_12 --> node_venv_lib_python3_12_site-packages["site-packages"]\n    node_venv_lib_python3_12_site-packages --> node_venv_lib_python3_12_site-packages_PyQt6["PyQt6"]\n    node_venv_lib_python3_12_site-packages_PyQt6 --> node_venv_lib_python3_12_site-packages_PyQt6_QtWebChannel_abi3_so["QtWebChannel.abi3.so"]\n    Root --> node_venv["venv"]\n    node_venv --> node_venv_lib["lib"]\n    node_venv_lib --> node_venv_lib_python3_12["python3.12"]\n    node_venv_lib_python3_12 --> node_venv_lib_python3_12_site-packages["site-packages"]\n    node_venv_lib_python3_12_site-packages --> node_venv_lib_python3_12_site-packages_PyQt6["PyQt6"]\n    node_venv_lib_python3_12_site-packages_PyQt6 --> node_venv_lib_python3_12_site-packages_PyQt6_QtWebChannel_pyi["QtWebChannel.pyi"]\n    Root --> node_venv["venv"]\n    node_venv --> node_venv_lib["lib"]\n    node_venv_lib --> node_venv_lib_python3_12["python3.12"]\n    node_venv_lib_python3_12 --> node_venv_lib_python3_12_site-packages["site-packages"]\n    node_venv_lib_python3_12_site-packages --> node_venv_lib_python3_12_site-packages_PyQt6["PyQt6"]\n    node_venv_lib_python3_12_site-packages_PyQt6 --> node_venv_lib_python3_12_site-packages_PyQt6_QtWebSockets_abi3_so["QtWebSockets.abi3.so"]\n    Root --> node_venv["venv"]\n    node_venv --> node_venv_lib["lib"]\n    node_venv_lib --> node_venv_lib_python3_12["python3.12"]\n    node_venv_lib_python3_12 --> node_venv_lib_python3_12_site-packages["site-packages"]\n    node_venv_lib_python3_12_site-packages --> node_venv_lib_python3_12_site-packages_PyQt6["PyQt6"]\n    node_venv_lib_python3_12_site-packages_PyQt6 --> node_venv_lib_python3_12_site-packages_PyQt6_QtWebSockets_pyi["QtWebSockets.pyi"]\n    Root --> node_venv["venv"]\n    node_venv --> node_venv_lib["lib"]\n    node_venv_lib --> node_venv_lib_python3_12["python3.12"]\n    node_venv_lib_python3_12 --> node_venv_lib_python3_12_site-packages["site-packages"]\n    node_venv_lib_python3_12_site-packages --> node_venv_lib_python3_12_site-packages_PyQt6["PyQt6"]\n    node_venv_lib_python3_12_site-packages_PyQt6 --> node_venv_lib_python3_12_site-packages_PyQt6_QtWidgets_abi3_so["QtWidgets.abi3.so"]\n    Root --> node_venv["venv"]\n    node_venv --> node_venv_lib["lib"]\n    node_venv_lib --> node_venv_lib_python3_12["python3.12"]\n    node_venv_lib_python3_12 --> node_venv_lib_python3_12_site-packages["site-packages"]\n    node_venv_lib_python3_12_site-packages --> node_venv_lib_python3_12_site-packages_PyQt6["PyQt6"]\n    node_venv_lib_python3_12_site-packages_PyQt6 --> node_venv_lib_python3_12_site-packages_PyQt6_QtWidgets_pyi["QtWidgets.pyi"]\n    Root --> node_venv["venv"]\n    node_venv --> node_venv_lib["lib"]\n    node_venv_lib --> node_venv_lib_python3_12["python3.12"]\n    node_venv_lib_python3_12 --> node_venv_lib_python3_12_site-packages["site-packages"]\n    node_venv_lib_python3_12_site-packages --> node_venv_lib_python3_12_site-packages_PyQt6["PyQt6"]\n    node_venv_lib_python3_12_site-packages_PyQt6 --> node_venv_lib_python3_12_site-packages_PyQt6_QtXml_abi3_so["QtXml.abi3.so"]\n    Root --> node_venv["venv"]\n    node_venv --> node_venv_lib["lib"]\n    node_venv_lib --> node_venv_lib_python3_12["python3.12"]\n    node_venv_lib_python3_12 --> node_venv_lib_python3_12_site-packages["site-packages"]\n    node_venv_lib_python3_12_site-packages --> node_venv_lib_python3_12_site-packages_PyQt6["PyQt6"]\n    node_venv_lib_python3_12_site-packages_PyQt6 --> node_venv_lib_python3_12_site-packages_PyQt6_QtXml_pyi["QtXml.pyi"]\n    Root --> node_venv["venv"]\n    node_venv --> node_venv_lib["lib"]\n    node_venv_lib --> node_venv_lib_python3_12["python3.12"]\n    node_venv_lib_python3_12 --> node_venv_lib_python3_12_site-packages["site-packages"]\n    node_venv_lib_python3_12_site-packages --> node_venv_lib_python3_12_site-packages_PyQt6["PyQt6"]\n    node_venv_lib_python3_12_site-packages_PyQt6 --> node_venv_lib_python3_12_site-packages_PyQt6___init___py["__init__.py"]\n    Root --> node_venv["venv"]\n    node_venv --> node_venv_lib["lib"]\n    node_venv_lib --> node_venv_lib_python3_12["python3.12"]\n    node_venv_lib_python3_12 --> node_venv_lib_python3_12_site-packages["site-packages"]\n    node_venv_lib_python3_12_site-packages --> node_venv_lib_python3_12_site-packages_PyQt6["PyQt6"]\n    node_venv_lib_python3_12_site-packages_PyQt6 --> node_venv_lib_python3_12_site-packages_PyQt6_py_typed["py.typed"]\n    Root --> node_venv["venv"]\n    node_venv --> node_venv_lib["lib"]\n    node_venv_lib --> node_venv_lib_python3_12["python3.12"]\n    node_venv_lib_python3_12 --> node_venv_lib_python3_12_site-packages["site-packages"]\n    node_venv_lib_python3_12_site-packages --> node_venv_lib_python3_12_site-packages_PyQt6["PyQt6"]\n    node_venv_lib_python3_12_site-packages_PyQt6 --> node_venv_lib_python3_12_site-packages_PyQt6_sip_cpython-312-darwin_so["sip.cpython-312-darwin.so"]\n    Root --> node_venv["venv"]\n    node_venv --> node_venv_lib["lib"]\n    node_venv_lib --> node_venv_lib_python3_12["python3.12"]\n    node_venv_lib_python3_12 --> node_venv_lib_python3_12_site-packages["site-packages"]\n    node_venv_lib_python3_12_site-packages --> node_venv_lib_python3_12_site-packages_PyQt6["PyQt6"]\n    node_venv_lib_python3_12_site-packages_PyQt6 --> node_venv_lib_python3_12_site-packages_PyQt6_sip_pyi["sip.pyi"]\n    Root --> node_venv["venv"]\n    node_venv --> node_venv_lib["lib"]\n    node_venv_lib --> node_venv_lib_python3_12["python3.12"]\n    node_venv_lib_python3_12 --> node_venv_lib_python3_12_site-packages["site-packages"]\n    node_venv_lib_python3_12_site-packages --> node_venv_lib_python3_12_site-packages_PyQt6["PyQt6"]\n    node_venv_lib_python3_12_site-packages_PyQt6 --> node_venv_lib_python3_12_site-packages_PyQt6_lupdate["lupdate"]\n    node_venv_lib_python3_12_site-packages_PyQt6_lupdate --> node_venv_lib_python3_12_site-packages_PyQt6_lupdate___init___py["__init__.py"]\n    Root --> node_venv["venv"]\n    node_venv --> node_venv_lib["lib"]\n    node_venv_lib --> node_venv_lib_python3_12["python3.12"]\n    node_venv_lib_python3_12 --> node_venv_lib_python3_12_site-packages["site-packages"]\n    node_venv_lib_python3_12_site-packages --> node_venv_lib_python3_12_site-packages_PyQt6["PyQt6"]\n    node_venv_lib_python3_12_site-packages_PyQt6 --> node_venv_lib_python3_12_site-packages_PyQt6_lupdate["lupdate"]\n    node_venv_lib_python3_12_site-packages_PyQt6_lupdate --> node_venv_lib_python3_12_site-packages_PyQt6_lupdate_designer_source_py["designer_source.py"]\n    Root --> node_venv["venv"]\n    node_venv --> node_venv_lib["lib"]\n    node_venv_lib --> node_venv_lib_python3_12["python3.12"]\n    node_venv_lib_python3_12 --> node_venv_lib_python3_12_site-packages["site-packages"]\n    node_venv_lib_python3_12_site-packages --> node_venv_lib_python3_12_site-packages_PyQt6["PyQt6"]\n    node_venv_lib_python3_12_site-packages_PyQt6 --> node_venv_lib_python3_12_site-packages_PyQt6_lupdate["lupdate"]\n    node_venv_lib_python3_12_site-packages_PyQt6_lupdate --> node_venv_lib_python3_12_site-packages_PyQt6_lupdate_lupdate_py["lupdate.py"]\n    Root --> node_venv["venv"]\n    node_venv --> node_venv_lib["lib"]\n    node_venv_lib --> node_venv_lib_python3_12["python3.12"]\n    node_venv_lib_python3_12 --> node_venv_lib_python3_12_site-packages["site-packages"]\n    node_venv_lib_python3_12_site-packages --> node_venv_lib_python3_12_site-packages_PyQt6["PyQt6"]\n    node_venv_lib_python3_12_site-packages_PyQt6 --> node_venv_lib_python3_12_site-packages_PyQt6_lupdate["lupdate"]\n    node_venv_lib_python3_12_site-packages_PyQt6_lupdate --> node_venv_lib_python3_12_site-packages_PyQt6_lupdate_pylupdate_py["pylupdate.py"]\n    Root --> node_venv["venv"]\n    node_venv --> node_venv_lib["lib"]\n    node_venv_lib --> node_venv_lib_python3_12["python3.12"]\n    node_venv_lib_python3_12 --> node_venv_lib_python3_12_site-packages["site-packages"]\n    node_venv_lib_python3_12_site-packages --> node_venv_lib_python3_12_site-packages_PyQt6["PyQt6"]\n    node_venv_lib_python3_12_site-packages_PyQt6 --> node_venv_lib_python3_12_site-packages_PyQt6_lupdate["lupdate"]\n    node_venv_lib_python3_12_site-packages_PyQt6_lupdate --> node_venv_lib_python3_12_site-packages_PyQt6_lupdate_python_source_py["python_source.py"]\n    Root --> node_venv["venv"]\n    node_venv --> node_venv_lib["lib"]\n    node_venv_lib --> node_venv_lib_python3_12["python3.12"]\n    node_venv_lib_python3_12 --> node_venv_lib_python3_12_site-packages["site-packages"]\n    node_venv_lib_python3_12_site-packages --> node_venv_lib_python3_12_site-packages_PyQt6["PyQt6"]\n    node_venv_lib_python3_12_site-packages_PyQt6 --> node_venv_lib_python3_12_site-packages_PyQt6_lupdate["lupdate"]\n    node_venv_lib_python3_12_site-packages_PyQt6_lupdate --> node_venv_lib_python3_12_site-packages_PyQt6_lupdate_source_file_py["source_file.py"]\n    Root --> node_venv["venv"]\n    node_venv --> node_venv_lib["lib"]\n    node_venv_lib --> node_venv_lib_python3_12["python3.12"]\n    node_venv_lib_python3_12 --> node_venv_lib_python3_12_site-packages["site-packages"]\n    node_venv_lib_python3_12_site-packages --> node_venv_lib_python3_12_site-packages_PyQt6["PyQt6"]\n    node_venv_lib_python3_12_site-packages_PyQt6 --> node_venv_lib_python3_12_site-packages_PyQt6_lupdate["lupdate"]\n    node_venv_lib_python3_12_site-packages_PyQt6_lupdate --> node_venv_lib_python3_12_site-packages_PyQt6_lupdate_translation_file_py["translation_file.py"]\n    Root --> node_venv["venv"]\n    node_venv --> node_venv_lib["lib"]\n    node_venv_lib --> node_venv_lib_python3_12["python3.12"]\n    node_venv_lib_python3_12 --> node_venv_lib_python3_12_site-packages["site-packages"]\n    node_venv_lib_python3_12_site-packages --> node_venv_lib_python3_12_site-packages_PyQt6["PyQt6"]\n    node_venv_lib_python3_12_site-packages_PyQt6 --> node_venv_lib_python3_12_site-packages_PyQt6_lupdate["lupdate"]\n    node_venv_lib_python3_12_site-packages_PyQt6_lupdate --> node_venv_lib_python3_12_site-packages_PyQt6_lupdate_translations_py["translations.py"]\n    Root --> node_venv["venv"]\n    node_venv --> node_venv_lib["lib"]\n    node_venv_lib --> node_venv_lib_python3_12["python3.12"]\n    node_venv_lib_python3_12 --> node_venv_lib_python3_12_site-packages["site-packages"]\n    node_venv_lib_python3_12_site-packages --> node_venv_lib_python3_12_site-packages_PyQt6["PyQt6"]\n    node_venv_lib_python3_12_site-packages_PyQt6 --> node_venv_lib_python3_12_site-packages_PyQt6_lupdate["lupdate"]\n    node_venv_lib_python3_12_site-packages_PyQt6_lupdate --> node_venv_lib_python3_12_site-packages_PyQt6_lupdate_user_py["user.py"]\n    Root --> node_venv["venv"]\n    node_venv --> node_venv_lib["lib"]\n    node_venv_lib --> node_venv_lib_python3_12["python3.12"]\n    node_venv_lib_python3_12 --> node_venv_lib_python3_12_site-packages["site-packages"]\n    node_venv_lib_python3_12_site-packages --> node_venv_lib_python3_12_site-packages_PyQt6["PyQt6"]\n    node_venv_lib_python3_12_site-packages_PyQt6 --> node_venv_lib_python3_12_site-packages_PyQt6_uic["uic"]\n    node_venv_lib_python3_12_site-packages_PyQt6_uic --> node_venv_lib_python3_12_site-packages_PyQt6_uic___init___py["__init__.py"]\n    Root --> node_venv["venv"]\n    node_venv --> node_venv_lib["lib"]\n    node_venv_lib --> node_venv_lib_python3_12["python3.12"]\n    node_venv_lib_python3_12 --> node_venv_lib_python3_12_site-packages["site-packages"]\n    node_venv_lib_python3_12_site-packages --> node_venv_lib_python3_12_site-packages_PyQt6["PyQt6"]\n    node_venv_lib_python3_12_site-packages_PyQt6 --> node_venv_lib_python3_12_site-packages_PyQt6_uic["uic"]\n    node_venv_lib_python3_12_site-packages_PyQt6_uic --> node_venv_lib_python3_12_site-packages_PyQt6_uic_compile_ui_py["compile_ui.py"]\n    Root --> node_venv["venv"]\n    node_venv --> node_venv_lib["lib"]\n    node_venv_lib --> node_venv_lib_python3_12["python3.12"]\n    node_venv_lib_python3_12 --> node_venv_lib_python3_12_site-packages["site-packages"]\n    node_venv_lib_python3_12_site-packages --> node_venv_lib_python3_12_site-packages_PyQt6["PyQt6"]\n    node_venv_lib_python3_12_site-packages_PyQt6 --> node_venv_lib_python3_12_site-packages_PyQt6_uic["uic"]\n    node_venv_lib_python3_12_site-packages_PyQt6_uic --> node_venv_lib_python3_12_site-packages_PyQt6_uic_enum_map_py["enum_map.py"]\n    Root --> node_venv["venv"]\n    node_venv --> node_venv_lib["lib"]\n    node_venv_lib --> node_venv_lib_python3_12["python3.12"]\n    node_venv_lib_python3_12 --> node_venv_lib_python3_12_site-packages["site-packages"]\n    node_venv_lib_python3_12_site-packages --> node_venv_lib_python3_12_site-packages_PyQt6["PyQt6"]\n    node_venv_lib_python3_12_site-packages_PyQt6 --> node_venv_lib_python3_12_site-packages_PyQt6_uic["uic"]\n    node_venv_lib_python3_12_site-packages_PyQt6_uic --> node_venv_lib_python3_12_site-packages_PyQt6_uic_exceptions_py["exceptions.py"]\n    Root --> node_venv["venv"]\n    node_venv --> node_venv_lib["lib"]\n    node_venv_lib --> node_venv_lib_python3_12["python3.12"]\n    node_venv_lib_python3_12 --> node_venv_lib_python3_12_site-packages["site-packages"]\n    node_venv_lib_python3_12_site-packages --> node_venv_lib_python3_12_site-packages_PyQt6["PyQt6"]\n    node_venv_lib_python3_12_site-packages_PyQt6 --> node_venv_lib_python3_12_site-packages_PyQt6_uic["uic"]\n    node_venv_lib_python3_12_site-packages_PyQt6_uic --> node_venv_lib_python3_12_site-packages_PyQt6_uic_icon_cache_py["icon_cache.py"]\n    Root --> node_venv["venv"]\n    node_venv --> node_venv_lib["lib"]\n    node_venv_lib --> node_venv_lib_python3_12["python3.12"]\n    node_venv_lib_python3_12 --> node_venv_lib_python3_12_site-packages["site-packages"]\n    node_venv_lib_python3_12_site-packages --> node_venv_lib_python3_12_site-packages_PyQt6["PyQt6"]\n    node_venv_lib_python3_12_site-packages_PyQt6 --> node_venv_lib_python3_12_site-packages_PyQt6_uic["uic"]\n    node_venv_lib_python3_12_site-packages_PyQt6_uic --> node_venv_lib_python3_12_site-packages_PyQt6_uic_load_ui_py["load_ui.py"]\n    Root --> node_venv["venv"]\n    node_venv --> node_venv_lib["lib"]\n    node_venv_lib --> node_venv_lib_python3_12["python3.12"]\n    node_venv_lib_python3_12 --> node_venv_lib_python3_12_site-packages["site-packages"]\n    node_venv_lib_python3_12_site-packages --> node_venv_lib_python3_12_site-packages_PyQt6["PyQt6"]\n    node_venv_lib_python3_12_site-packages_PyQt6 --> node_venv_lib_python3_12_site-packages_PyQt6_uic["uic"]\n    node_venv_lib_python3_12_site-packages_PyQt6_uic --> node_venv_lib_python3_12_site-packages_PyQt6_uic_objcreator_py["objcreator.py"]\n    Root --> node_venv["venv"]\n    node_venv --> node_venv_lib["lib"]\n    node_venv_lib --> node_venv_lib_python3_12["python3.12"]\n    node_venv_lib_python3_12 --> node_venv_lib_python3_12_site-packages["site-packages"]\n    node_venv_lib_python3_12_site-packages --> node_venv_lib_python3_12_site-packages_PyQt6["PyQt6"]\n    node_venv_lib_python3_12_site-packages_PyQt6 --> node_venv_lib_python3_12_site-packages_PyQt6_uic["uic"]\n    node_venv_lib_python3_12_site-packages_PyQt6_uic --> node_venv_lib_python3_12_site-packages_PyQt6_uic_properties_py["properties.py"]\n    Root --> node_venv["venv"]\n    node_venv --> node_venv_lib["lib"]\n    node_venv_lib --> node_venv_lib_python3_12["python3.12"]\n    node_venv_lib_python3_12 --> node_venv_lib_python3_12_site-packages["site-packages"]\n    node_venv_lib_python3_12_site-packages --> node_venv_lib_python3_12_site-packages_PyQt6["PyQt6"]\n    node_venv_lib_python3_12_site-packages_PyQt6 --> node_venv_lib_python3_12_site-packages_PyQt6_uic["uic"]\n    node_venv_lib_python3_12_site-packages_PyQt6_uic --> node_venv_lib_python3_12_site-packages_PyQt6_uic_pyuic_py["pyuic.py"]\n    Root --> node_venv["venv"]\n    node_venv --> node_venv_lib["lib"]\n    node_venv_lib --> node_venv_lib_python3_12["python3.12"]\n    node_venv_lib_python3_12 --> node_venv_lib_python3_12_site-packages["site-packages"]\n    node_venv_lib_python3_12_site-packages --> node_venv_lib_python3_12_site-packages_PyQt6["PyQt6"]\n    node_venv_lib_python3_12_site-packages_PyQt6 --> node_venv_lib_python3_12_site-packages_PyQt6_uic["uic"]\n    node_venv_lib_python3_12_site-packages_PyQt6_uic --> node_venv_lib_python3_12_site-packages_PyQt6_uic_ui_file_py["ui_file.py"]\n    Root --> node_venv["venv"]\n    node_venv --> node_venv_lib["lib"]\n    node_venv_lib --> node_venv_lib_python3_12["python3.12"]\n    node_venv_lib_python3_12 --> node_venv_lib_python3_12_site-packages["site-packages"]\n    node_venv_lib_python3_12_site-packages --> node_venv_lib_python3_12_site-packages_PyQt6["PyQt6"]\n    node_venv_lib_python3_12_site-packages_PyQt6 --> node_venv_lib_python3_12_site-packages_PyQt6_uic["uic"]\n    node_venv_lib_python3_12_site-packages_PyQt6_uic --> node_venv_lib_python3_12_site-packages_PyQt6_uic_uiparser_py["uiparser.py"]\n    Root --> node_venv["venv"]\n    node_venv --> node_venv_lib["lib"]\n    node_venv_lib --> node_venv_lib_python3_12["python3.12"]\n    node_venv_lib_python3_12 --> node_venv_lib_python3_12_site-packages["site-packages"]\n    node_venv_lib_python3_12_site-packages --> node_venv_lib_python3_12_site-packages_PyQt6["PyQt6"]\n    node_venv_lib_python3_12_site-packages_PyQt6 --> node_venv_lib_python3_12_site-packages_PyQt6_uic["uic"]\n    node_venv_lib_python3_12_site-packages_PyQt6_uic --> node_venv_lib_python3_12_site-packages_PyQt6_uic_widget-plugins["widget-plugins"]\n    node_venv_lib_python3_12_site-packages_PyQt6_uic_widget-plugins --> node_venv_lib_python3_12_site-packages_PyQt6_uic_widget-plugins_qaxcontainer_py["qaxcontainer.py"]\n    Root --> node_venv["venv"]\n    node_venv --> node_venv_lib["lib"]\n    node_venv_lib --> node_venv_lib_python3_12["python3.12"]\n    node_venv_lib_python3_12 --> node_venv_lib_python3_12_site-packages["site-packages"]\n    node_venv_lib_python3_12_site-packages --> node_venv_lib_python3_12_site-packages_PyQt6["PyQt6"]\n    node_venv_lib_python3_12_site-packages_PyQt6 --> node_venv_lib_python3_12_site-packages_PyQt6_uic["uic"]\n    node_venv_lib_python3_12_site-packages_PyQt6_uic --> node_venv_lib_python3_12_site-packages_PyQt6_uic_widget-plugins["widget-plugins"]\n    node_venv_lib_python3_12_site-packages_PyQt6_uic_widget-plugins --> node_venv_lib_python3_12_site-packages_PyQt6_uic_widget-plugins_qscintilla_py["qscintilla.py"]\n    Root --> node_venv["venv"]\n    node_venv --> node_venv_lib["lib"]\n    node_venv_lib --> node_venv_lib_python3_12["python3.12"]\n    node_venv_lib_python3_12 --> node_venv_lib_python3_12_site-packages["site-packages"]\n    node_venv_lib_python3_12_site-packages --> node_venv_lib_python3_12_site-packages_PyQt6["PyQt6"]\n    node_venv_lib_python3_12_site-packages_PyQt6 --> node_venv_lib_python3_12_site-packages_PyQt6_uic["uic"]\n    node_venv_lib_python3_12_site-packages_PyQt6_uic --> node_venv_lib_python3_12_site-packages_PyQt6_uic_widget-plugins["widget-plugins"]\n    node_venv_lib_python3_12_site-packages_PyQt6_uic_widget-plugins --> node_venv_lib_python3_12_site-packages_PyQt6_uic_widget-plugins_qtcharts_py["qtcharts.py"]\n    Root --> node_venv["venv"]\n    node_venv --> node_venv_lib["lib"]\n    node_venv_lib --> node_venv_lib_python3_12["python3.12"]\n    node_venv_lib_python3_12 --> node_venv_lib_python3_12_site-packages["site-packages"]\n    node_venv_lib_python3_12_site-packages --> node_venv_lib_python3_12_site-packages_PyQt6["PyQt6"]\n    node_venv_lib_python3_12_site-packages_PyQt6 --> node_venv_lib_python3_12_site-packages_PyQt6_uic["uic"]\n    node_venv_lib_python3_12_site-packages_PyQt6_uic --> node_venv_lib_python3_12_site-packages_PyQt6_uic_widget-plugins["widget-plugins"]\n    node_venv_lib_python3_12_site-packages_PyQt6_uic_widget-plugins --> node_venv_lib_python3_12_site-packages_PyQt6_uic_widget-plugins_qtopenglwidgets_py["qtopenglwidgets.py"]\n    Root --> node_venv["venv"]\n    node_venv --> node_venv_lib["lib"]\n    node_venv_lib --> node_venv_lib_python3_12["python3.12"]\n    node_venv_lib_python3_12 --> node_venv_lib_python3_12_site-packages["site-packages"]\n    node_venv_lib_python3_12_site-packages --> node_venv_lib_python3_12_site-packages_PyQt6["PyQt6"]\n    node_venv_lib_python3_12_site-packages_PyQt6 --> node_venv_lib_python3_12_site-packages_PyQt6_uic["uic"]\n    node_venv_lib_python3_12_site-packages_PyQt6_uic --> node_venv_lib_python3_12_site-packages_PyQt6_uic_widget-plugins["widget-plugins"]\n    node_venv_lib_python3_12_site-packages_PyQt6_uic_widget-plugins --> node_venv_lib_python3_12_site-packages_PyQt6_uic_widget-plugins_qtprintsupport_py["qtprintsupport.py"]\n    Root --> node_venv["venv"]\n    node_venv --> node_venv_lib["lib"]\n    node_venv_lib --> node_venv_lib_python3_12["python3.12"]\n    node_venv_lib_python3_12 --> node_venv_lib_python3_12_site-packages["site-packages"]\n    node_venv_lib_python3_12_site-packages --> node_venv_lib_python3_12_site-packages_PyQt6["PyQt6"]\n    node_venv_lib_python3_12_site-packages_PyQt6 --> node_venv_lib_python3_12_site-packages_PyQt6_uic["uic"]\n    node_venv_lib_python3_12_site-packages_PyQt6_uic --> node_venv_lib_python3_12_site-packages_PyQt6_uic_widget-plugins["widget-plugins"]\n    node_venv_lib_python3_12_site-packages_PyQt6_uic_widget-plugins --> node_venv_lib_python3_12_site-packages_PyQt6_uic_widget-plugins_qtquickwidgets_py["qtquickwidgets.py"]\n    Root --> node_venv["venv"]\n    node_venv --> node_venv_lib["lib"]\n    node_venv_lib --> node_venv_lib_python3_12["python3.12"]\n    node_venv_lib_python3_12 --> node_venv_lib_python3_12_site-packages["site-packages"]\n    node_venv_lib_python3_12_site-packages --> node_venv_lib_python3_12_site-packages_PyQt6["PyQt6"]\n    node_venv_lib_python3_12_site-packages_PyQt6 --> node_venv_lib_python3_12_site-packages_PyQt6_uic["uic"]\n    node_venv_lib_python3_12_site-packages_PyQt6_uic --> node_venv_lib_python3_12_site-packages_PyQt6_uic_widget-plugins["widget-plugins"]\n    node_venv_lib_python3_12_site-packages_PyQt6_uic_widget-plugins --> node_venv_lib_python3_12_site-packages_PyQt6_uic_widget-plugins_qtwebenginewidgets_py["qtwebenginewidgets.py"]\n    Root --> node_venv["venv"]\n    node_venv --> node_venv_lib["lib"]\n    node_venv_lib --> node_venv_lib_python3_12["python3.12"]\n    node_venv_lib_python3_12 --> node_venv_lib_python3_12_site-packages["site-packages"]\n    node_venv_lib_python3_12_site-packages --> node_venv_lib_python3_12_site-packages_PyQt6["PyQt6"]\n    node_venv_lib_python3_12_site-packages_PyQt6 --> node_venv_lib_python3_12_site-packages_PyQt6_uic["uic"]\n    node_venv_lib_python3_12_site-packages_PyQt6_uic --> node_venv_lib_python3_12_site-packages_PyQt6_uic_Loader["Loader"]\n    node_venv_lib_python3_12_site-packages_PyQt6_uic_Loader --> node_venv_lib_python3_12_site-packages_PyQt6_uic_Loader___init___py["__init__.py"]\n    Root --> node_venv["venv"]\n    node_venv --> node_venv_lib["lib"]\n    node_venv_lib --> node_venv_lib_python3_12["python3.12"]\n    node_venv_lib_python3_12 --> node_venv_lib_python3_12_site-packages["site-packages"]\n    node_venv_lib_python3_12_site-packages --> node_venv_lib_python3_12_site-packages_PyQt6["PyQt6"]\n    node_venv_lib_python3_12_site-packages_PyQt6 --> node_venv_lib_python3_12_site-packages_PyQt6_uic["uic"]\n    node_venv_lib_python3_12_site-packages_PyQt6_uic --> node_venv_lib_python3_12_site-packages_PyQt6_uic_Loader["Loader"]\n    node_venv_lib_python3_12_site-packages_PyQt6_uic_Loader --> node_venv_lib_python3_12_site-packages_PyQt6_uic_Loader_loader_py["loader.py"]\n    Root --> node_venv["venv"]\n    node_venv --> node_venv_lib["lib"]\n    node_venv_lib --> node_venv_lib_python3_12["python3.12"]\n    node_venv_lib_python3_12 --> node_venv_lib_python3_12_site-packages["site-packages"]\n    node_venv_lib_python3_12_site-packages --> node_venv_lib_python3_12_site-packages_PyQt6["PyQt6"]\n    node_venv_lib_python3_12_site-packages_PyQt6 --> node_venv_lib_python3_12_site-packages_PyQt6_uic["uic"]\n    node_venv_lib_python3_12_site-packages_PyQt6_uic --> node_venv_lib_python3_12_site-packages_PyQt6_uic_Loader["Loader"]\n    node_venv_lib_python3_12_site-packages_PyQt6_uic_Loader --> node_venv_lib_python3_12_site-packages_PyQt6_uic_Loader_qobjectcreator_py["qobjectcreator.py"]\n    Root --> node_venv["venv"]\n    node_venv --> node_venv_lib["lib"]\n    node_venv_lib --> node_venv_lib_python3_12["python3.12"]\n    node_venv_lib_python3_12 --> node_venv_lib_python3_12_site-packages["site-packages"]\n    node_venv_lib_python3_12_site-packages --> node_venv_lib_python3_12_site-packages_PyQt6["PyQt6"]\n    node_venv_lib_python3_12_site-packages_PyQt6 --> node_venv_lib_python3_12_site-packages_PyQt6_uic["uic"]\n    node_venv_lib_python3_12_site-packages_PyQt6_uic --> node_venv_lib_python3_12_site-packages_PyQt6_uic_Compiler["Compiler"]\n    node_venv_lib_python3_12_site-packages_PyQt6_uic_Compiler --> node_venv_lib_python3_12_site-packages_PyQt6_uic_Compiler___init___py["__init__.py"]\n    Root --> node_venv["venv"]\n    node_venv --> node_venv_lib["lib"]\n    node_venv_lib --> node_venv_lib_python3_12["python3.12"]\n    node_venv_lib_python3_12 --> node_venv_lib_python3_12_site-packages["site-packages"]\n    node_venv_lib_python3_12_site-packages --> node_venv_lib_python3_12_site-packages_PyQt6["PyQt6"]\n    node_venv_lib_python3_12_site-packages_PyQt6 --> node_venv_lib_python3_12_site-packages_PyQt6_uic["uic"]\n    node_venv_lib_python3_12_site-packages_PyQt6_uic --> node_venv_lib_python3_12_site-packages_PyQt6_uic_Compiler["Compiler"]\n    node_venv_lib_python3_12_site-packages_PyQt6_uic_Compiler --> node_venv_lib_python3_12_site-packages_PyQt6_uic_Compiler_as_string_py["as_string.py"]\n    Root --> node_venv["venv"]\n    node_venv --> node_venv_lib["lib"]\n    node_venv_lib --> node_venv_lib_python3_12["python3.12"]\n    node_venv_lib_python3_12 --> node_venv_lib_python3_12_site-packages["site-packages"]\n    node_venv_lib_python3_12_site-packages --> node_venv_lib_python3_12_site-packages_PyQt6["PyQt6"]\n    node_venv_lib_python3_12_site-packages_PyQt6 --> node_venv_lib_python3_12_site-packages_PyQt6_uic["uic"]\n    node_venv_lib_python3_12_site-packages_PyQt6_uic --> node_venv_lib_python3_12_site-packages_PyQt6_uic_Compiler["Compiler"]\n    node_venv_lib_python3_12_site-packages_PyQt6_uic_Compiler --> node_venv_lib_python3_12_site-packages_PyQt6_uic_Compiler_compiler_py["compiler.py"]\n    Root --> node_venv["venv"]\n    node_venv --> node_venv_lib["lib"]\n    node_venv_lib --> node_venv_lib_python3_12["python3.12"]\n    node_venv_lib_python3_12 --> node_venv_lib_python3_12_site-packages["site-packages"]\n    node_venv_lib_python3_12_site-packages --> node_venv_lib_python3_12_site-packages_PyQt6["PyQt6"]\n    node_venv_lib_python3_12_site-packages_PyQt6 --> node_venv_lib_python3_12_site-packages_PyQt6_uic["uic"]\n    node_venv_lib_python3_12_site-packages_PyQt6_uic --> node_venv_lib_python3_12_site-packages_PyQt6_uic_Compiler["Compiler"]\n    node_venv_lib_python3_12_site-packages_PyQt6_uic_Compiler --> node_venv_lib_python3_12_site-packages_PyQt6_uic_Compiler_indenter_py["indenter.py"]\n    Root --> node_venv["venv"]\n    node_venv --> node_venv_lib["lib"]\n    node_venv_lib --> node_venv_lib_python3_12["python3.12"]\n    node_venv_lib_python3_12 --> node_venv_lib_python3_12_site-packages["site-packages"]\n    node_venv_lib_python3_12_site-packages --> node_venv_lib_python3_12_site-packages_PyQt6["PyQt6"]\n    node_venv_lib_python3_12_site-packages_PyQt6 --> node_venv_lib_python3_12_site-packages_PyQt6_uic["uic"]\n    node_venv_lib_python3_12_site-packages_PyQt6_uic --> node_venv_lib_python3_12_site-packages_PyQt6_uic_Compiler["Compiler"]\n    node_venv_lib_python3_12_site-packages_PyQt6_uic_Compiler --> node_venv_lib_python3_12_site-packages_PyQt6_uic_Compiler_misc_py["misc.py"]\n    Root --> node_venv["venv"]\n    node_venv --> node_venv_lib["lib"]\n    node_venv_lib --> node_venv_lib_python3_12["python3.12"]\n    node_venv_lib_python3_12 --> node_venv_lib_python3_12_site-packages["site-packages"]\n    node_venv_lib_python3_12_site-packages --> node_venv_lib_python3_12_site-packages_PyQt6["PyQt6"]\n    node_venv_lib_python3_12_site-packages_PyQt6 --> node_venv_lib_python3_12_site-packages_PyQt6_uic["uic"]\n    node_venv_lib_python3_12_site-packages_PyQt6_uic --> node_venv_lib_python3_12_site-packages_PyQt6_uic_Compiler["Compiler"]\n    node_venv_lib_python3_12_site-packages_PyQt6_uic_Compiler --> node_venv_lib_python3_12_site-packages_PyQt6_uic_Compiler_proxy_metaclass_py["proxy_metaclass.py"]\n    Root --> node_venv["venv"]\n    node_venv --> node_venv_lib["lib"]\n    node_venv_lib --> node_venv_lib_python3_12["python3.12"]\n    node_venv_lib_python3_12 --> node_venv_lib_python3_12_site-packages["site-packages"]\n    node_venv_lib_python3_12_site-packages --> node_venv_lib_python3_12_site-packages_PyQt6["PyQt6"]\n    node_venv_lib_python3_12_site-packages_PyQt6 --> node_venv_lib_python3_12_site-packages_PyQt6_uic["uic"]\n    node_venv_lib_python3_12_site-packages_PyQt6_uic --> node_venv_lib_python3_12_site-packages_PyQt6_uic_Compiler["Compiler"]\n    node_venv_lib_python3_12_site-packages_PyQt6_uic_Compiler --> node_venv_lib_python3_12_site-packages_PyQt6_uic_Compiler_qobjectcreator_py["qobjectcreator.py"]\n    Root --> node_venv["venv"]\n    node_venv --> node_venv_lib["lib"]\n    node_venv_lib --> node_venv_lib_python3_12["python3.12"]\n    node_venv_lib_python3_12 --> node_venv_lib_python3_12_site-packages["site-packages"]\n    node_venv_lib_python3_12_site-packages --> node_venv_lib_python3_12_site-packages_PyQt6["PyQt6"]\n    node_venv_lib_python3_12_site-packages_PyQt6 --> node_venv_lib_python3_12_site-packages_PyQt6_uic["uic"]\n    node_venv_lib_python3_12_site-packages_PyQt6_uic --> node_venv_lib_python3_12_site-packages_PyQt6_uic_Compiler["Compiler"]\n    node_venv_lib_python3_12_site-packages_PyQt6_uic_Compiler --> node_venv_lib_python3_12_site-packages_PyQt6_uic_Compiler_qtproxies_py["qtproxies.py"]\n    Root --> node_venv["venv"]\n    node_venv --> node_venv_lib["lib"]\n    node_venv_lib --> node_venv_lib_python3_12["python3.12"]\n    node_venv_lib_python3_12 --> node_venv_lib_python3_12_site-packages["site-packages"]\n    node_venv_lib_python3_12_site-packages --> node_venv_lib_python3_12_site-packages_PyQt6["PyQt6"]\n    node_venv_lib_python3_12_site-packages_PyQt6 --> node_venv_lib_python3_12_site-packages_PyQt6_Qt6["Qt6"]\n    node_venv_lib_python3_12_site-packages_PyQt6_Qt6 --> node_venv_lib_python3_12_site-packages_PyQt6_Qt6_qml["qml"]\n    node_venv_lib_python3_12_site-packages_PyQt6_Qt6_qml --> node_venv_lib_python3_12_site-packages_PyQt6_Qt6_qml_QtWebSockets["QtWebSockets"]\n    node_venv_lib_python3_12_site-packages_PyQt6_Qt6_qml_QtWebSockets --> node_venv_lib_python3_12_site-packages_PyQt6_Qt6_qml_QtWebSockets_libqmlwebsocketsplugin_dylib["libqmlwebsocketsplugin.dylib"]\n    Root --> node_venv["venv"]\n    node_venv --> node_venv_lib["lib"]\n    node_venv_lib --> node_venv_lib_python3_12["python3.12"]\n    node_venv_lib_python3_12 --> node_venv_lib_python3_12_site-packages["site-packages"]\n    node_venv_lib_python3_12_site-packages --> node_venv_lib_python3_12_site-packages_PyQt6["PyQt6"]\n    node_venv_lib_python3_12_site-packages_PyQt6 --> node_venv_lib_python3_12_site-packages_PyQt6_Qt6["Qt6"]\n    node_venv_lib_python3_12_site-packages_PyQt6_Qt6 --> node_venv_lib_python3_12_site-packages_PyQt6_Qt6_qml["qml"]\n    node_venv_lib_python3_12_site-packages_PyQt6_Qt6_qml --> node_venv_lib_python3_12_site-packages_PyQt6_Qt6_qml_QtWebSockets["QtWebSockets"]\n    node_venv_lib_python3_12_site-packages_PyQt6_Qt6_qml_QtWebSockets --> node_venv_lib_python3_12_site-packages_PyQt6_Qt6_qml_QtWebSockets_plugins_qmltypes["plugins.qmltypes"]\n    Root --> node_venv["venv"]\n    node_venv --> node_venv_lib["lib"]\n    node_venv_lib --> node_venv_lib_python3_12["python3.12"]\n    node_venv_lib_python3_12 --> node_venv_lib_python3_12_site-packages["site-packages"]\n    node_venv_lib_python3_12_site-packages --> node_venv_lib_python3_12_site-packages_PyQt6["PyQt6"]\n    node_venv_lib_python3_12_site-packages_PyQt6 --> node_venv_lib_python3_12_site-packages_PyQt6_Qt6["Qt6"]\n    node_venv_lib_python3_12_site-packages_PyQt6_Qt6 --> node_venv_lib_python3_12_site-packages_PyQt6_Qt6_qml["qml"]\n    node_venv_lib_python3_12_site-packages_PyQt6_Qt6_qml --> node_venv_lib_python3_12_site-packages_PyQt6_Qt6_qml_QtWebSockets["QtWebSockets"]\n    node_venv_lib_python3_12_site-packages_PyQt6_Qt6_qml_QtWebSockets --> node_venv_lib_python3_12_site-packages_PyQt6_Qt6_qml_QtWebSockets_qmldir["qmldir"]\n    Root --> node_venv["venv"]\n    node_venv --> node_venv_lib["lib"]\n    node_venv_lib --> node_venv_lib_python3_12["python3.12"]\n    node_venv_lib_python3_12 --> node_venv_lib_python3_12_site-packages["site-packages"]\n    node_venv_lib_python3_12_site-packages --> node_venv_lib_python3_12_site-packages_PyQt6["PyQt6"]\n    node_venv_lib_python3_12_site-packages_PyQt6 --> node_venv_lib_python3_12_site-packages_PyQt6_Qt6["Qt6"]\n    node_venv_lib_python3_12_site-packages_PyQt6_Qt6 --> node_venv_lib_python3_12_site-packages_PyQt6_Qt6_qml["qml"]\n    node_venv_lib_python3_12_site-packages_PyQt6_Qt6_qml --> node_venv_lib_python3_12_site-packages_PyQt6_Qt6_qml_QtQml["QtQml"]\n    node_venv_lib_python3_12_site-packages_PyQt6_Qt6_qml_QtQml --> node_venv_lib_python3_12_site-packages_PyQt6_Qt6_qml_QtQml_libqmlplugin_dylib["libqmlplugin.dylib"]\n    Root --> node_venv["venv"]\n    node_venv --> node_venv_lib["lib"]\n    node_venv_lib --> node_venv_lib_python3_12["python3.12"]\n    node_venv_lib_python3_12 --> node_venv_lib_python3_12_site-packages["site-packages"]\n    node_venv_lib_python3_12_site-packages --> node_venv_lib_python3_12_site-packages_PyQt6["PyQt6"]\n    node_venv_lib_python3_12_site-packages_PyQt6 --> node_venv_lib_python3_12_site-packages_PyQt6_Qt6["Qt6"]\n    node_venv_lib_python3_12_site-packages_PyQt6_Qt6 --> node_venv_lib_python3_12_site-packages_PyQt6_Qt6_qml["qml"]\n    node_venv_lib_python3_12_site-packages_PyQt6_Qt6_qml --> node_venv_lib_python3_12_site-packages_PyQt6_Qt6_qml_QtQml["QtQml"]\n    node_venv_lib_python3_12_site-packages_PyQt6_Qt6_qml_QtQml --> node_venv_lib_python3_12_site-packages_PyQt6_Qt6_qml_QtQml_plugins_qmltypes["plugins.qmltypes"]\n    Root --> node_venv["venv"]\n    node_venv --> node_venv_lib["lib"]\n    node_venv_lib --> node_venv_lib_python3_12["python3.12"]\n    node_venv_lib_python3_12 --> node_venv_lib_python3_12_site-packages["site-packages"]\n    node_venv_lib_python3_12_site-packages --> node_venv_lib_python3_12_site-packages_PyQt6["PyQt6"]\n    node_venv_lib_python3_12_site-packages_PyQt6 --> node_venv_lib_python3_12_site-packages_PyQt6_Qt6["Qt6"]\n    node_venv_lib_python3_12_site-packages_PyQt6_Qt6 --> node_venv_lib_python3_12_site-packages_PyQt6_Qt6_qml["qml"]\n    node_venv_lib_python3_12_site-packages_PyQt6_Qt6_qml --> node_venv_lib_python3_12_site-packages_PyQt6_Qt6_qml_QtQml["QtQml"]\n    node_venv_lib_python3_12_site-packages_PyQt6_Qt6_qml_QtQml --> node_venv_lib_python3_12_site-packages_PyQt6_Qt6_qml_QtQml_qmldir["qmldir"]\n    Root --> node_venv["venv"]\n    node_venv --> node_venv_lib["lib"]\n    node_venv_lib --> node_venv_lib_python3_12["python3.12"]\n    node_venv_lib_python3_12 --> node_venv_lib_python3_12_site-packages["site-packages"]\n    node_venv_lib_python3_12_site-packages --> node_venv_lib_python3_12_site-packages_PyQt6["PyQt6"]\n    node_venv_lib_python3_12_site-packages_PyQt6 --> node_venv_lib_python3_12_site-packages_PyQt6_Qt6["Qt6"]\n    node_venv_lib_python3_12_site-packages_PyQt6_Qt6 --> node_venv_lib_python3_12_site-packages_PyQt6_Qt6_qml["qml"]\n    node_venv_lib_python3_12_site-packages_PyQt6_Qt6_qml --> node_venv_lib_python3_12_site-packages_PyQt6_Qt6_qml_QtQml["QtQml"]\n    node_venv_lib_python3_12_site-packages_PyQt6_Qt6_qml_QtQml --> node_venv_lib_python3_12_site-packages_PyQt6_Qt6_qml_QtQml_StateMachine["StateMachine"]\n    node_venv_lib_python3_12_site-packages_PyQt6_Qt6_qml_QtQml_StateMachine --> node_venv_lib_python3_12_site-packages_PyQt6_Qt6_qml_QtQml_StateMachine_libqtqmlstatemachineplugin_dylib["libqtqmlstatemachineplugin.dylib"]\n    Root --> node_venv["venv"]\n    node_venv --> node_venv_lib["lib"]\n    node_venv_lib --> node_venv_lib_python3_12["python3.12"]\n    node_venv_lib_python3_12 --> node_venv_lib_python3_12_site-packages["site-packages"]\n    node_venv_lib_python3_12_site-packages --> node_venv_lib_python3_12_site-packages_PyQt6["PyQt6"]\n    node_venv_lib_python3_12_site-packages_PyQt6 --> node_venv_lib_python3_12_site-packages_PyQt6_Qt6["Qt6"]\n    node_venv_lib_python3_12_site-packages_PyQt6_Qt6 --> node_venv_lib_python3_12_site-packages_PyQt6_Qt6_qml["qml"]\n    node_venv_lib_python3_12_site-packages_PyQt6_Qt6_qml --> node_venv_lib_python3_12_site-packages_PyQt6_Qt6_qml_QtQml["QtQml"]\n    node_venv_lib_python3_12_site-packages_PyQt6_Qt6_qml_QtQml --> node_venv_lib_python3_12_site-packages_PyQt6_Qt6_qml_QtQml_StateMachine["StateMachine"]\n    node_venv_lib_python3_12_site-packages_PyQt6_Qt6_qml_QtQml_StateMachine --> node_venv_lib_python3_12_site-packages_PyQt6_Qt6_qml_QtQml_StateMachine_plugins_qmltypes["plugins.qmltypes"]\n    Root --> node_venv["venv"]\n    node_venv --> node_venv_lib["lib"]\n    node_venv_lib --> node_venv_lib_python3_12["python3.12"]\n    node_venv_lib_python3_12 --> node_venv_lib_python3_12_site-packages["site-packages"]\n    node_venv_lib_python3_12_site-packages --> node_venv_lib_python3_12_site-packages_PyQt6["PyQt6"]\n    node_venv_lib_python3_12_site-packages_PyQt6 --> node_venv_lib_python3_12_site-packages_PyQt6_Qt6["Qt6"]\n    node_venv_lib_python3_12_site-packages_PyQt6_Qt6 --> node_venv_lib_python3_12_site-packages_PyQt6_Qt6_qml["qml"]\n    node_venv_lib_python3_12_site-packages_PyQt6_Qt6_qml --> node_venv_lib_python3_12_site-packages_PyQt6_Qt6_qml_QtQml["QtQml"]\n    node_venv_lib_python3_12_site-packages_PyQt6_Qt6_qml_QtQml --> node_venv_lib_python3_12_site-packages_PyQt6_Qt6_qml_QtQml_StateMachine["StateMachine"]\n    node_venv_lib_python3_12_site-packages_PyQt6_Qt6_qml_QtQml_StateMachine --> node_venv_lib_python3_12_site-packages_PyQt6_Qt6_qml_QtQml_StateMachine_qmldir["qmldir"]\n    Root --> node_venv["venv"]\n    node_venv --> node_venv_lib["lib"]\n    node_venv_lib --> node_venv_lib_python3_12["python3.12"]\n    node_venv_lib_python3_12 --> node_venv_lib_python3_12_site-packages["site-packages"]\n    node_venv_lib_python3_12_site-packages --> node_venv_lib_python3_12_site-packages_PyQt6["PyQt6"]\n    node_venv_lib_python3_12_site-packages_PyQt6 --> node_venv_lib_python3_12_site-packages_PyQt6_Qt6["Qt6"]\n    node_venv_lib_python3_12_site-packages_PyQt6_Qt6 --> node_venv_lib_python3_12_site-packages_PyQt6_Qt6_qml["qml"]\n    node_venv_lib_python3_12_site-packages_PyQt6_Qt6_qml --> node_venv_lib_python3_12_site-packages_PyQt6_Qt6_qml_QtQml["QtQml"]\n    node_venv_lib_python3_12_site-packages_PyQt6_Qt6_qml_QtQml --> node_venv_lib_python3_12_site-packages_PyQt6_Qt6_qml_QtQml_Models["Models"]\n    node_venv_lib_python3_12_site-packages_PyQt6_Qt6_qml_QtQml_Models --> node_venv_lib_python3_12_site-packages_PyQt6_Qt6_qml_QtQml_Models_libmodelsplugin_dylib["libmodelsplugin.dylib"]\n    Root --> node_venv["venv"]\n    node_venv --> node_venv_lib["lib"]\n    node_venv_lib --> node_venv_lib_python3_12["python3.12"]\n    node_venv_lib_python3_12 --> node_venv_lib_python3_12_site-packages["site-packages"]\n    node_venv_lib_python3_12_site-packages --> node_venv_lib_python3_12_site-packages_PyQt6["PyQt6"]\n    node_venv_lib_python3_12_site-packages_PyQt6 --> node_venv_lib_python3_12_site-packages_PyQt6_Qt6["Qt6"]\n    node_venv_lib_python3_12_site-packages_PyQt6_Qt6 --> node_venv_lib_python3_12_site-packages_PyQt6_Qt6_qml["qml"]\n    node_venv_lib_python3_12_site-packages_PyQt6_Qt6_qml --> node_venv_lib_python3_12_site-packages_PyQt6_Qt6_qml_QtQml["QtQml"]\n    node_venv_lib_python3_12_site-packages_PyQt6_Qt6_qml_QtQml --> node_venv_lib_python3_12_site-packages_PyQt6_Qt6_qml_QtQml_Models["Models"]\n    node_venv_lib_python3_12_site-packages_PyQt6_Qt6_qml_QtQml_Models --> node_venv_lib_python3_12_site-packages_PyQt6_Qt6_qml_QtQml_Models_plugins_qmltypes["plugins.qmltypes"]\n    Root --> node_venv["venv"]\n    node_venv --> node_venv_lib["lib"]\n    node_venv_lib --> node_venv_lib_python3_12["python3.12"]\n    node_venv_lib_python3_12 --> node_venv_lib_python3_12_site-packages["site-packages"]\n    node_venv_lib_python3_12_site-packages --> node_venv_lib_python3_12_site-packages_PyQt6["PyQt6"]\n    node_venv_lib_python3_12_site-packages_PyQt6 --> node_venv_lib_python3_12_site-packages_PyQt6_Qt6["Qt6"]\n    node_venv_lib_python3_12_site-packages_PyQt6_Qt6 --> node_venv_lib_python3_12_site-packages_PyQt6_Qt6_qml["qml"]\n    node_venv_lib_python3_12_site-packages_PyQt6_Qt6_qml --> node_venv_lib_python3_12_site-packages_PyQt6_Qt6_qml_QtQml["QtQml"]\n    node_venv_lib_python3_12_site-packages_PyQt6_Qt6_qml_QtQml --> node_venv_lib_python3_12_site-packages_PyQt6_Qt6_qml_QtQml_Models["Models"]\n    node_venv_lib_python3_12_site-packages_PyQt6_Qt6_qml_QtQml_Models --> node_venv_lib_python3_12_site-packages_PyQt6_Qt6_qml_QtQml_Models_qmldir["qmldir"]\n    Root --> node_venv["venv"]\n    node_venv --> node_venv_lib["lib"]\n    node_venv_lib --> node_venv_lib_python3_12["python3.12"]\n    node_venv_lib_python3_12 --> node_venv_lib_python3_12_site-packages["site-packages"]\n    node_venv_lib_python3_12_site-packages --> node_venv_lib_python3_12_site-packages_PyQt6["PyQt6"]\n    node_venv_lib_python3_12_site-packages_PyQt6 --> node_venv_lib_python3_12_site-packages_PyQt6_Qt6["Qt6"]\n    node_venv_lib_python3_12_site-packages_PyQt6_Qt6 --> node_venv_lib_python3_12_site-packages_PyQt6_Qt6_qml["qml"]\n    node_venv_lib_python3_12_site-packages_PyQt6_Qt6_qml --> node_venv_lib_python3_12_site-packages_PyQt6_Qt6_qml_QtQml["QtQml"]\n    node_venv_lib_python3_12_site-packages_PyQt6_Qt6_qml_QtQml --> node_venv_lib_python3_12_site-packages_PyQt6_Qt6_qml_QtQml_WorkerScript["WorkerScript"]\n    node_venv_lib_python3_12_site-packages_PyQt6_Qt6_qml_QtQml_WorkerScript --> node_venv_lib_python3_12_site-packages_PyQt6_Qt6_qml_QtQml_WorkerScript_libworkerscriptplugin_dylib["libworkerscriptplugin.dylib"]\n    Root --> node_venv["venv"]\n    node_venv --> node_venv_lib["lib"]\n    node_venv_lib --> node_venv_lib_python3_12["python3.12"]\n    node_venv_lib_python3_12 --> node_venv_lib_python3_12_site-packages["site-packages"]\n    node_venv_lib_python3_12_site-packages --> node_venv_lib_python3_12_site-packages_PyQt6["PyQt6"]\n    node_venv_lib_python3_12_site-packages_PyQt6 --> node_venv_lib_python3_12_site-packages_PyQt6_Qt6["Qt6"]\n    node_venv_lib_python3_12_site-packages_PyQt6_Qt6 --> node_venv_lib_python3_12_site-packages_PyQt6_Qt6_qml["qml"]\n    node_venv_lib_python3_12_site-packages_PyQt6_Qt6_qml --> node_venv_lib_python3_12_site-packages_PyQt6_Qt6_qml_QtQml["QtQml"]\n    node_venv_lib_python3_12_site-packages_PyQt6_Qt6_qml_QtQml --> node_venv_lib_python3_12_site-packages_PyQt6_Qt6_qml_QtQml_WorkerScript["WorkerScript"]\n    node_venv_lib_python3_12_site-packages_PyQt6_Qt6_qml_QtQml_WorkerScript --> node_venv_lib_python3_12_site-packages_PyQt6_Qt6_qml_QtQml_WorkerScript_plugins_qmltypes["plugins.qmltypes"]\n    Root --> node_venv["venv"]\n    node_venv --> node_venv_lib["lib"]\n    node_venv_lib --> node_venv_lib_python3_12["python3.12"]\n    node_venv_lib_python3_12 --> node_venv_lib_python3_12_site-packages["site-packages"]\n    node_venv_lib_python3_12_site-packages --> node_venv_lib_python3_12_site-packages_PyQt6["PyQt6"]\n    node_venv_lib_python3_12_site-packages_PyQt6 --> node_venv_lib_python3_12_site-packages_PyQt6_Qt6["Qt6"]\n    node_venv_lib_python3_12_site-packages_PyQt6_Qt6 --> node_venv_lib_python3_12_site-packages_PyQt6_Qt6_qml["qml"]\n    node_venv_lib_python3_12_site-packages_PyQt6_Qt6_qml --> node_venv_lib_python3_12_site-packages_PyQt6_Qt6_qml_QtQml["QtQml"]\n    node_venv_lib_python3_12_site-packages_PyQt6_Qt6_qml_QtQml --> node_venv_lib_python3_12_site-packages_PyQt6_Qt6_qml_QtQml_WorkerScript["WorkerScript"]\n    node_venv_lib_python3_12_site-packages_PyQt6_Qt6_qml_QtQml_WorkerScript --> node_venv_lib_python3_12_site-packages_PyQt6_Qt6_qml_QtQml_WorkerScript_qmldir["qmldir"]\n    Root --> node_venv["venv"]\n    node_venv --> node_venv_lib["lib"]\n    node_venv_lib --> node_venv_lib_python3_12["python3.12"]\n    node_venv_lib_python3_12 --> node_venv_lib_python3_12_site-packages["site-packages"]\n    node_venv_lib_python3_12_site-packages --> node_venv_lib_python3_12_site-packages_PyQt6["PyQt6"]\n    node_venv_lib_python3_12_site-packages_PyQt6 --> node_venv_lib_python3_12_site-packages_PyQt6_Qt6["Qt6"]\n    node_venv_lib_python3_12_site-packages_PyQt6_Qt6 --> node_venv_lib_python3_12_site-packages_PyQt6_Qt6_qml["qml"]\n    node_venv_lib_python3_12_site-packages_PyQt6_Qt6_qml --> node_venv_lib_python3_12_site-packages_PyQt6_Qt6_qml_QtQml["QtQml"]\n    node_venv_lib_python3_12_site-packages_PyQt6_Qt6_qml_QtQml --> node_venv_lib_python3_12_site-packages_PyQt6_Qt6_qml_QtQml_XmlListModel["XmlListModel"]\n    node_venv_lib_python3_12_site-packages_PyQt6_Qt6_qml_QtQml_XmlListModel --> node_venv_lib_python3_12_site-packages_PyQt6_Qt6_qml_QtQml_XmlListModel_libqmlxmllistmodelplugin_dylib["libqmlxmllistmodelplugin.dylib"]\n    Root --> node_venv["venv"]\n    node_venv --> node_venv_lib["lib"]\n    node_venv_lib --> node_venv_lib_python3_12["python3.12"]\n    node_venv_lib_python3_12 --> node_venv_lib_python3_12_site-packages["site-packages"]\n    node_venv_lib_python3_12_site-packages --> node_venv_lib_python3_12_site-packages_PyQt6["PyQt6"]\n    node_venv_lib_python3_12_site-packages_PyQt6 --> node_venv_lib_python3_12_site-packages_PyQt6_Qt6["Qt6"]\n    node_venv_lib_python3_12_site-packages_PyQt6_Qt6 --> node_venv_lib_python3_12_site-packages_PyQt6_Qt6_qml["qml"]\n    node_venv_lib_python3_12_site-packages_PyQt6_Qt6_qml --> node_venv_lib_python3_12_site-packages_PyQt6_Qt6_qml_QtQml["QtQml"]\n    node_venv_lib_python3_12_site-packages_PyQt6_Qt6_qml_QtQml --> node_venv_lib_python3_12_site-packages_PyQt6_Qt6_qml_QtQml_XmlListModel["XmlListModel"]\n    node_venv_lib_python3_12_site-packages_PyQt6_Qt6_qml_QtQml_XmlListModel --> node_venv_lib_python3_12_site-packages_PyQt6_Qt6_qml_QtQml_XmlListModel_plugins_qmltypes["plugins.qmltypes"]\n    Root --> node_venv["venv"]\n    node_venv --> node_venv_lib["lib"]\n    node_venv_lib --> node_venv_lib_python3_12["python3.12"]\n    node_venv_lib_python3_12 --> node_venv_lib_python3_12_site-packages["site-packages"]\n    node_venv_lib_python3_12_site-packages --> node_venv_lib_python3_12_site-packages_PyQt6["PyQt6"]\n    node_venv_lib_python3_12_site-packages_PyQt6 --> node_venv_lib_python3_12_site-packages_PyQt6_Qt6["Qt6"]\n    node_venv_lib_python3_12_site-packages_PyQt6_Qt6 --> node_venv_lib_python3_12_site-packages_PyQt6_Qt6_qml["qml"]\n    node_venv_lib_python3_12_site-packages_PyQt6_Qt6_qml --> node_venv_lib_python3_12_site-packages_PyQt6_Qt6_qml_QtQml["QtQml"]\n    node_venv_lib_python3_12_site-packages_PyQt6_Qt6_qml_QtQml --> node_venv_lib_python3_12_site-packages_PyQt6_Qt6_qml_QtQml_XmlListModel["XmlListModel"]\n    node_venv_lib_python3_12_site-packages_PyQt6_Qt6_qml_QtQml_XmlListModel --> node_venv_lib_python3_12_site-packages_PyQt6_Qt6_qml_QtQml_XmlListModel_qmldir["qmldir"]\n    Root --> node_venv["venv"]\n    node_venv --> node_venv_lib["lib"]\n    node_venv_lib --> node_venv_lib_python3_12["python3.12"]\n    node_venv_lib_python3_12 --> node_venv_lib_python3_12_site-packages["site-packages"]\n    node_venv_lib_python3_12_site-packages --> node_venv_lib_python3_12_site-packages_PyQt6["PyQt6"]\n    node_venv_lib_python3_12_site-packages_PyQt6 --> node_venv_lib_python3_12_site-packages_PyQt6_Qt6["Qt6"]\n    node_venv_lib_python3_12_site-packages_PyQt6_Qt6 --> node_venv_lib_python3_12_site-packages_PyQt6_Qt6_qml["qml"]\n    node_venv_lib_python3_12_site-packages_PyQt6_Qt6_qml --> node_venv_lib_python3_12_site-packages_PyQt6_Qt6_qml_QtNetwork["QtNetwork"]\n    node_venv_lib_python3_12_site-packages_PyQt6_Qt6_qml_QtNetwork --> node_venv_lib_python3_12_site-packages_PyQt6_Qt6_qml_QtNetwork_libqmlnetworkplugin_dylib["libqmlnetworkplugin.dylib"]\n    Root --> node_venv["venv"]\n    node_venv --> node_venv_lib["lib"]\n    node_venv_lib --> node_venv_lib_python3_12["python3.12"]\n    node_venv_lib_python3_12 --> node_venv_lib_python3_12_site-packages["site-packages"]\n    node_venv_lib_python3_12_site-packages --> node_venv_lib_python3_12_site-packages_PyQt6["PyQt6"]\n    node_venv_lib_python3_12_site-packages_PyQt6 --> node_venv_lib_python3_12_site-packages_PyQt6_Qt6["Qt6"]\n    node_venv_lib_python3_12_site-packages_PyQt6_Qt6 --> node_venv_lib_python3_12_site-packages_PyQt6_Qt6_qml["qml"]\n    node_venv_lib_python3_12_site-packages_PyQt6_Qt6_qml --> node_venv_lib_python3_12_site-packages_PyQt6_Qt6_qml_QtNetwork["QtNetwork"]\n    node_venv_lib_python3_12_site-packages_PyQt6_Qt6_qml_QtNetwork --> node_venv_lib_python3_12_site-packages_PyQt6_Qt6_qml_QtNetwork_plugins_qmltypes["plugins.qmltypes"]\n    Root --> node_venv["venv"]\n    node_venv --> node_venv_lib["lib"]\n    node_venv_lib --> node_venv_lib_python3_12["python3.12"]\n    node_venv_lib_python3_12 --> node_venv_lib_python3_12_site-packages["site-packages"]\n    node_venv_lib_python3_12_site-packages --> node_venv_lib_python3_12_site-packages_PyQt6["PyQt6"]\n    node_venv_lib_python3_12_site-packages_PyQt6 --> node_venv_lib_python3_12_site-packages_PyQt6_Qt6["Qt6"]\n    node_venv_lib_python3_12_site-packages_PyQt6_Qt6 --> node_venv_lib_python3_12_site-packages_PyQt6_Qt6_qml["qml"]\n    node_venv_lib_python3_12_site-packages_PyQt6_Qt6_qml --> node_venv_lib_python3_12_site-packages_PyQt6_Qt6_qml_QtNetwork["QtNetwork"]\n    node_venv_lib_python3_12_site-packages_PyQt6_Qt6_qml_QtNetwork --> node_venv_lib_python3_12_site-packages_PyQt6_Qt6_qml_QtNetwork_qmldir["qmldir"]\n    Root --> node_venv["venv"]\n    node_venv --> node_venv_lib["lib"]\n    node_venv_lib --> node_venv_lib_python3_12["python3.12"]\n    node_venv_lib_python3_12 --> node_venv_lib_python3_12_site-packages["site-packages"]\n    node_venv_lib_python3_12_site-packages --> node_venv_lib_python3_12_site-packages_PyQt6["PyQt6"]\n    node_venv_lib_python3_12_site-packages_PyQt6 --> node_venv_lib_python3_12_site-packages_PyQt6_Qt6["Qt6"]\n    node_venv_lib_python3_12_site-packages_PyQt6_Qt6 --> node_venv_lib_python3_12_site-packages_PyQt6_Qt6_qml["qml"]\n    node_venv_lib_python3_12_site-packages_PyQt6_Qt6_qml --> node_venv_lib_python3_12_site-packages_PyQt6_Qt6_qml_QtQuick3D["QtQuick3D"]\n    node_venv_lib_python3_12_site-packages_PyQt6_Qt6_qml_QtQuick3D --> node_venv_lib_python3_12_site-packages_PyQt6_Qt6_qml_QtQuick3D_LightmapperOutputWindow_qml["LightmapperOutputWindow.qml"]\n    Root --> node_venv["venv"]\n    node_venv --> node_venv_lib["lib"]\n    node_venv_lib --> node_venv_lib_python3_12["python3.12"]\n    node_venv_lib_python3_12 --> node_venv_lib_python3_12_site-packages["site-packages"]\n    node_venv_lib_python3_12_site-packages --> node_venv_lib_python3_12_site-packages_PyQt6["PyQt6"]\n    node_venv_lib_python3_12_site-packages_PyQt6 --> node_venv_lib_python3_12_site-packages_PyQt6_Qt6["Qt6"]\n    node_venv_lib_python3_12_site-packages_PyQt6_Qt6 --> node_venv_lib_python3_12_site-packages_PyQt6_Qt6_qml["qml"]\n    node_venv_lib_python3_12_site-packages_PyQt6_Qt6_qml --> node_venv_lib_python3_12_site-packages_PyQt6_Qt6_qml_QtQuick3D["QtQuick3D"]\n    node_venv_lib_python3_12_site-packages_PyQt6_Qt6_qml_QtQuick3D --> node_venv_lib_python3_12_site-packages_PyQt6_Qt6_qml_QtQuick3D_Quick3D_qmltypes["Quick3D.qmltypes"]\n    Root --> node_venv["venv"]\n    node_venv --> node_venv_lib["lib"]\n    node_venv_lib --> node_venv_lib_python3_12["python3.12"]\n    node_venv_lib_python3_12 --> node_venv_lib_python3_12_site-packages["site-packages"]\n    node_venv_lib_python3_12_site-packages --> node_venv_lib_python3_12_site-packages_PyQt6["PyQt6"]\n    node_venv_lib_python3_12_site-packages_PyQt6 --> node_venv_lib_python3_12_site-packages_PyQt6_Qt6["Qt6"]\n    node_venv_lib_python3_12_site-packages_PyQt6_Qt6 --> node_venv_lib_python3_12_site-packages_PyQt6_Qt6_qml["qml"]\n    node_venv_lib_python3_12_site-packages_PyQt6_Qt6_qml --> node_venv_lib_python3_12_site-packages_PyQt6_Qt6_qml_QtQuick3D["QtQuick3D"]\n    node_venv_lib_python3_12_site-packages_PyQt6_Qt6_qml_QtQuick3D --> node_venv_lib_python3_12_site-packages_PyQt6_Qt6_qml_QtQuick3D_libqquick3dplugin_dylib["libqquick3dplugin.dylib"]\n    Root --> node_venv["venv"]\n    node_venv --> node_venv_lib["lib"]\n    node_venv_lib --> node_venv_lib_python3_12["python3.12"]\n    node_venv_lib_python3_12 --> node_venv_lib_python3_12_site-packages["site-packages"]\n    node_venv_lib_python3_12_site-packages --> node_venv_lib_python3_12_site-packages_PyQt6["PyQt6"]\n    node_venv_lib_python3_12_site-packages_PyQt6 --> node_venv_lib_python3_12_site-packages_PyQt6_Qt6["Qt6"]\n    node_venv_lib_python3_12_site-packages_PyQt6_Qt6 --> node_venv_lib_python3_12_site-packages_PyQt6_Qt6_qml["qml"]\n    node_venv_lib_python3_12_site-packages_PyQt6_Qt6_qml --> node_venv_lib_python3_12_site-packages_PyQt6_Qt6_qml_QtQuick3D["QtQuick3D"]\n    node_venv_lib_python3_12_site-packages_PyQt6_Qt6_qml_QtQuick3D --> node_venv_lib_python3_12_site-packages_PyQt6_Qt6_qml_QtQuick3D_qmldir["qmldir"]\n    Root --> node_venv["venv"]\n    node_venv --> node_venv_lib["lib"]\n    node_venv_lib --> node_venv_lib_python3_12["python3.12"]\n    node_venv_lib_python3_12 --> node_venv_lib_python3_12_site-packages["site-packages"]\n    node_venv_lib_python3_12_site-packages --> node_venv_lib_python3_12_site-packages_PyQt6["PyQt6"]\n    node_venv_lib_python3_12_site-packages_PyQt6 --> node_venv_lib_python3_12_site-packages_PyQt6_Qt6["Qt6"]\n    node_venv_lib_python3_12_site-packages_PyQt6_Qt6 --> node_venv_lib_python3_12_site-packages_PyQt6_Qt6_qml["qml"]\n    node_venv_lib_python3_12_site-packages_PyQt6_Qt6_qml --> node_venv_lib_python3_12_site-packages_PyQt6_Qt6_qml_QtQuick3D["QtQuick3D"]\n    node_venv_lib_python3_12_site-packages_PyQt6_Qt6_qml_QtQuick3D --> node_venv_lib_python3_12_site-packages_PyQt6_Qt6_qml_QtQuick3D_lightmapviewer["lightmapviewer"]\n    node_venv_lib_python3_12_site-packages_PyQt6_Qt6_qml_QtQuick3D_lightmapviewer --> node_venv_lib_python3_12_site-packages_PyQt6_Qt6_qml_QtQuick3D_lightmapviewer_LightmapViewer_qml["LightmapViewer.qml"]\n    Root --> node_venv["venv"]\n    node_venv --> node_venv_lib["lib"]\n    node_venv_lib --> node_venv_lib_python3_12["python3.12"]\n    node_venv_lib_python3_12 --> node_venv_lib_python3_12_site-packages["site-packages"]\n    node_venv_lib_python3_12_site-packages --> node_venv_lib_python3_12_site-packages_PyQt6["PyQt6"]\n    node_venv_lib_python3_12_site-packages_PyQt6 --> node_venv_lib_python3_12_site-packages_PyQt6_Qt6["Qt6"]\n    node_venv_lib_python3_12_site-packages_PyQt6_Qt6 --> node_venv_lib_python3_12_site-packages_PyQt6_Qt6_qml["qml"]\n    node_venv_lib_python3_12_site-packages_PyQt6_Qt6_qml --> node_venv_lib_python3_12_site-packages_PyQt6_Qt6_qml_QtQuick3D["QtQuick3D"]\n    node_venv_lib_python3_12_site-packages_PyQt6_Qt6_qml_QtQuick3D --> node_venv_lib_python3_12_site-packages_PyQt6_Qt6_qml_QtQuick3D_lightmapviewer["lightmapviewer"]\n    node_venv_lib_python3_12_site-packages_PyQt6_Qt6_qml_QtQuick3D_lightmapviewer --> node_venv_lib_python3_12_site-packages_PyQt6_Qt6_qml_QtQuick3D_lightmapviewer_lightmapviewer_qmltypes["lightmapviewer.qmltypes"]\n    Root --> node_venv["venv"]\n    node_venv --> node_venv_lib["lib"]\n    node_venv_lib --> node_venv_lib_python3_12["python3.12"]\n    node_venv_lib_python3_12 --> node_venv_lib_python3_12_site-packages["site-packages"]\n    node_venv_lib_python3_12_site-packages --> node_venv_lib_python3_12_site-packages_PyQt6["PyQt6"]\n    node_venv_lib_python3_12_site-packages_PyQt6 --> node_venv_lib_python3_12_site-packages_PyQt6_Qt6["Qt6"]\n    node_venv_lib_python3_12_site-packages_PyQt6_Qt6 --> node_venv_lib_python3_12_site-packages_PyQt6_Qt6_qml["qml"]\n    node_venv_lib_python3_12_site-packages_PyQt6_Qt6_qml --> node_venv_lib_python3_12_site-packages_PyQt6_Qt6_qml_QtQuick3D["QtQuick3D"]\n    node_venv_lib_python3_12_site-packages_PyQt6_Qt6_qml_QtQuick3D --> node_venv_lib_python3_12_site-packages_PyQt6_Qt6_qml_QtQuick3D_lightmapviewer["lightmapviewer"]\n    node_venv_lib_python3_12_site-packages_PyQt6_Qt6_qml_QtQuick3D_lightmapviewer --> node_venv_lib_python3_12_site-packages_PyQt6_Qt6_qml_QtQuick3D_lightmapviewer_qmldir["qmldir"]\n    Root --> node_venv["venv"]\n    node_venv --> node_venv_lib["lib"]\n    node_venv_lib --> node_venv_lib_python3_12["python3.12"]\n    node_venv_lib_python3_12 --> node_venv_lib_python3_12_site-packages["site-packages"]\n    node_venv_lib_python3_12_site-packages --> node_venv_lib_python3_12_site-packages_PyQt6["PyQt6"]\n    node_venv_lib_python3_12_site-packages_PyQt6 --> node_venv_lib_python3_12_site-packages_PyQt6_Qt6["Qt6"]\n    node_venv_lib_python3_12_site-packages_PyQt6_Qt6 --> node_venv_lib_python3_12_site-packages_PyQt6_Qt6_qml["qml"]\n    node_venv_lib_python3_12_site-packages_PyQt6_Qt6_qml --> node_venv_lib_python3_12_site-packages_PyQt6_Qt6_qml_QtQuick3D["QtQuick3D"]\n    node_venv_lib_python3_12_site-packages_PyQt6_Qt6_qml_QtQuick3D --> node_venv_lib_python3_12_site-packages_PyQt6_Qt6_qml_QtQuick3D_MaterialEditor["MaterialEditor"]\n    node_venv_lib_python3_12_site-packages_PyQt6_Qt6_qml_QtQuick3D_MaterialEditor --> node_venv_lib_python3_12_site-packages_PyQt6_Qt6_qml_QtQuick3D_MaterialEditor_AboutDialog_qml["AboutDialog.qml"]\n    Root --> node_venv["venv"]\n    node_venv --> node_venv_lib["lib"]\n    node_venv_lib --> node_venv_lib_python3_12["python3.12"]\n    node_venv_lib_python3_12 --> node_venv_lib_python3_12_site-packages["site-packages"]\n    node_venv_lib_python3_12_site-packages --> node_venv_lib_python3_12_site-packages_PyQt6["PyQt6"]\n    node_venv_lib_python3_12_site-packages_PyQt6 --> node_venv_lib_python3_12_site-packages_PyQt6_Qt6["Qt6"]\n    node_venv_lib_python3_12_site-packages_PyQt6_Qt6 --> node_venv_lib_python3_12_site-packages_PyQt6_Qt6_qml["qml"]\n    node_venv_lib_python3_12_site-packages_PyQt6_Qt6_qml --> node_venv_lib_python3_12_site-packages_PyQt6_Qt6_qml_QtQuick3D["QtQuick3D"]\n    node_venv_lib_python3_12_site-packages_PyQt6_Qt6_qml_QtQuick3D --> node_venv_lib_python3_12_site-packages_PyQt6_Qt6_qml_QtQuick3D_MaterialEditor["MaterialEditor"]\n    node_venv_lib_python3_12_site-packages_PyQt6_Qt6_qml_QtQuick3D_MaterialEditor --> node_venv_lib_python3_12_site-packages_PyQt6_Qt6_qml_QtQuick3D_MaterialEditor_EditorView_qml["EditorView.qml"]\n    Root --> node_venv["venv"]\n    node_venv --> node_venv_lib["lib"]\n    node_venv_lib --> node_venv_lib_python3_12["python3.12"]\n    node_venv_lib_python3_12 --> node_venv_lib_python3_12_site-packages["site-packages"]\n    node_venv_lib_python3_12_site-packages --> node_venv_lib_python3_12_site-packages_PyQt6["PyQt6"]\n    node_venv_lib_python3_12_site-packages_PyQt6 --> node_venv_lib_python3_12_site-packages_PyQt6_Qt6["Qt6"]\n    node_venv_lib_python3_12_site-packages_PyQt6_Qt6 --> node_venv_lib_python3_12_site-packages_PyQt6_Qt6_qml["qml"]\n    node_venv_lib_python3_12_site-packages_PyQt6_Qt6_qml --> node_venv_lib_python3_12_site-packages_PyQt6_Qt6_qml_QtQuick3D["QtQuick3D"]\n    node_venv_lib_python3_12_site-packages_PyQt6_Qt6_qml_QtQuick3D --> node_venv_lib_python3_12_site-packages_PyQt6_Qt6_qml_QtQuick3D_MaterialEditor["MaterialEditor"]\n    node_venv_lib_python3_12_site-packages_PyQt6_Qt6_qml_QtQuick3D_MaterialEditor --> node_venv_lib_python3_12_site-packages_PyQt6_Qt6_qml_QtQuick3D_MaterialEditor_FrostedGlass_qml["FrostedGlass.qml"]\n    Root --> node_venv["venv"]\n    node_venv --> node_venv_lib["lib"]\n    node_venv_lib --> node_venv_lib_python3_12["python3.12"]\n    node_venv_lib_python3_12 --> node_venv_lib_python3_12_site-packages["site-packages"]\n    node_venv_lib_python3_12_site-packages --> node_venv_lib_python3_12_site-packages_PyQt6["PyQt6"]\n    node_venv_lib_python3_12_site-packages_PyQt6 --> node_venv_lib_python3_12_site-packages_PyQt6_Qt6["Qt6"]\n    node_venv_lib_python3_12_site-packages_PyQt6_Qt6 --> node_venv_lib_python3_12_site-packages_PyQt6_Qt6_qml["qml"]\n    node_venv_lib_python3_12_site-packages_PyQt6_Qt6_qml --> node_venv_lib_python3_12_site-packages_PyQt6_Qt6_qml_QtQuick3D["QtQuick3D"]\n    node_venv_lib_python3_12_site-packages_PyQt6_Qt6_qml_QtQuick3D --> node_venv_lib_python3_12_site-packages_PyQt6_Qt6_qml_QtQuick3D_MaterialEditor["MaterialEditor"]\n    node_venv_lib_python3_12_site-packages_PyQt6_Qt6_qml_QtQuick3D_MaterialEditor --> node_venv_lib_python3_12_site-packages_PyQt6_Qt6_qml_QtQuick3D_MaterialEditor_InstancingPropertiesPane_qml["InstancingPropertiesPane.qml"]\n    Root --> node_venv["venv"]\n    node_venv --> node_venv_lib["lib"]\n    node_venv_lib --> node_venv_lib_python3_12["python3.12"]\n    node_venv_lib_python3_12 --> node_venv_lib_python3_12_site-packages["site-packages"]\n    node_venv_lib_python3_12_site-packages --> node_venv_lib_python3_12_site-packages_PyQt6["PyQt6"]\n    node_venv_lib_python3_12_site-packages_PyQt6 --> node_venv_lib_python3_12_site-packages_PyQt6_Qt6["Qt6"]\n    node_venv_lib_python3_12_site-packages_PyQt6_Qt6 --> node_venv_lib_python3_12_site-packages_PyQt6_Qt6_qml["qml"]\n    node_venv_lib_python3_12_site-packages_PyQt6_Qt6_qml --> node_venv_lib_python3_12_site-packages_PyQt6_Qt6_qml_QtQuick3D["QtQuick3D"]\n    node_venv_lib_python3_12_site-packages_PyQt6_Qt6_qml_QtQuick3D --> node_venv_lib_python3_12_site-packages_PyQt6_Qt6_qml_QtQuick3D_MaterialEditor["MaterialEditor"]\n    node_venv_lib_python3_12_site-packages_PyQt6_Qt6_qml_QtQuick3D_MaterialEditor --> node_venv_lib_python3_12_site-packages_PyQt6_Qt6_qml_QtQuick3D_MaterialEditor_MaterialPropertiesPane_qml["MaterialPropertiesPane.qml"]\n    Root --> node_venv["venv"]\n    node_venv --> node_venv_lib["lib"]\n    node_venv_lib --> node_venv_lib_python3_12["python3.12"]\n    node_venv_lib_python3_12 --> node_venv_lib_python3_12_site-packages["site-packages"]\n    node_venv_lib_python3_12_site-packages --> node_venv_lib_python3_12_site-packages_PyQt6["PyQt6"]\n    node_venv_lib_python3_12_site-packages_PyQt6 --> node_venv_lib_python3_12_site-packages_PyQt6_Qt6["Qt6"]\n    node_venv_lib_python3_12_site-packages_PyQt6_Qt6 --> node_venv_lib_python3_12_site-packages_PyQt6_Qt6_qml["qml"]\n    node_venv_lib_python3_12_site-packages_PyQt6_Qt6_qml --> node_venv_lib_python3_12_site-packages_PyQt6_Qt6_qml_QtQuick3D["QtQuick3D"]\n    node_venv_lib_python3_12_site-packages_PyQt6_Qt6_qml_QtQuick3D --> node_venv_lib_python3_12_site-packages_PyQt6_Qt6_qml_QtQuick3D_MaterialEditor["MaterialEditor"]\n    node_venv_lib_python3_12_site-packages_PyQt6_Qt6_qml_QtQuick3D_MaterialEditor --> node_venv_lib_python3_12_site-packages_PyQt6_Qt6_qml_QtQuick3D_MaterialEditor_Preview_qml["Preview.qml"]\n    Root --> node_venv["venv"]\n    node_venv --> node_venv_lib["lib"]\n    node_venv_lib --> node_venv_lib_python3_12["python3.12"]\n    node_venv_lib_python3_12 --> node_venv_lib_python3_12_site-packages["site-packages"]\n    node_venv_lib_python3_12_site-packages --> node_venv_lib_python3_12_site-packages_PyQt6["PyQt6"]\n    node_venv_lib_python3_12_site-packages_PyQt6 --> node_venv_lib_python3_12_site-packages_PyQt6_Qt6["Qt6"]\n    node_venv_lib_python3_12_site-packages_PyQt6_Qt6 --> node_venv_lib_python3_12_site-packages_PyQt6_Qt6_qml["qml"]\n    node_venv_lib_python3_12_site-packages_PyQt6_Qt6_qml --> node_venv_lib_python3_12_site-packages_PyQt6_Qt6_qml_QtQuick3D["QtQuick3D"]\n    node_venv_lib_python3_12_site-packages_PyQt6_Qt6_qml_QtQuick3D --> node_venv_lib_python3_12_site-packages_PyQt6_Qt6_qml_QtQuick3D_MaterialEditor["MaterialEditor"]\n    node_venv_lib_python3_12_site-packages_PyQt6_Qt6_qml_QtQuick3D_MaterialEditor --> node_venv_lib_python3_12_site-packages_PyQt6_Qt6_qml_QtQuick3D_MaterialEditor_PreviewControls_qml["PreviewControls.qml"]\n    Root --> node_venv["venv"]\n    node_venv --> node_venv_lib["lib"]\n    node_venv_lib --> node_venv_lib_python3_12["python3.12"]\n    node_venv_lib_python3_12 --> node_venv_lib_python3_12_site-packages["site-packages"]\n    node_venv_lib_python3_12_site-packages --> node_venv_lib_python3_12_site-packages_PyQt6["PyQt6"]\n    node_venv_lib_python3_12_site-packages_PyQt6 --> node_venv_lib_python3_12_site-packages_PyQt6_Qt6["Qt6"]\n    node_venv_lib_python3_12_site-packages_PyQt6_Qt6 --> node_venv_lib_python3_12_site-packages_PyQt6_Qt6_qml["qml"]\n    node_venv_lib_python3_12_site-packages_PyQt6_Qt6_qml --> node_venv_lib_python3_12_site-packages_PyQt6_Qt6_qml_QtQuick3D["QtQuick3D"]\n    node_venv_lib_python3_12_site-packages_PyQt6_Qt6_qml_QtQuick3D --> node_venv_lib_python3_12_site-packages_PyQt6_Qt6_qml_QtQuick3D_MaterialEditor["MaterialEditor"]\n    node_venv_lib_python3_12_site-packages_PyQt6_Qt6_qml_QtQuick3D_MaterialEditor --> node_venv_lib_python3_12_site-packages_PyQt6_Qt6_qml_QtQuick3D_MaterialEditor_SaveChangesDialog_qml["SaveChangesDialog.qml"]\n    Root --> node_venv["venv"]\n    node_venv --> node_venv_lib["lib"]\n    node_venv_lib --> node_venv_lib_python3_12["python3.12"]\n    node_venv_lib_python3_12 --> node_venv_lib_python3_12_site-packages["site-packages"]\n    node_venv_lib_python3_12_site-packages --> node_venv_lib_python3_12_site-packages_PyQt6["PyQt6"]\n    node_venv_lib_python3_12_site-packages_PyQt6 --> node_venv_lib_python3_12_site-packages_PyQt6_Qt6["Qt6"]\n    node_venv_lib_python3_12_site-packages_PyQt6_Qt6 --> node_venv_lib_python3_12_site-packages_PyQt6_Qt6_qml["qml"]\n    node_venv_lib_python3_12_site-packages_PyQt6_Qt6_qml --> node_venv_lib_python3_12_site-packages_PyQt6_Qt6_qml_QtQuick3D["QtQuick3D"]\n    node_venv_lib_python3_12_site-packages_PyQt6_Qt6_qml_QtQuick3D --> node_venv_lib_python3_12_site-packages_PyQt6_Qt6_qml_QtQuick3D_MaterialEditor["MaterialEditor"]\n    node_venv_lib_python3_12_site-packages_PyQt6_Qt6_qml_QtQuick3D_MaterialEditor --> node_venv_lib_python3_12_site-packages_PyQt6_Qt6_qml_QtQuick3D_MaterialEditor_ShaderEditor_qml["ShaderEditor.qml"]\n    Root --> node_venv["venv"]\n    node_venv --> node_venv_lib["lib"]\n    node_venv_lib --> node_venv_lib_python3_12["python3.12"]\n    node_venv_lib_python3_12 --> node_venv_lib_python3_12_site-packages["site-packages"]\n    node_venv_lib_python3_12_site-packages --> node_venv_lib_python3_12_site-packages_PyQt6["PyQt6"]\n    node_venv_lib_python3_12_site-packages_PyQt6 --> node_venv_lib_python3_12_site-packages_PyQt6_Qt6["Qt6"]\n    node_venv_lib_python3_12_site-packages_PyQt6_Qt6 --> node_venv_lib_python3_12_site-packages_PyQt6_Qt6_qml["qml"]\n    node_venv_lib_python3_12_site-packages_PyQt6_Qt6_qml --> node_venv_lib_python3_12_site-packages_PyQt6_Qt6_qml_QtQuick3D["QtQuick3D"]\n    node_venv_lib_python3_12_site-packages_PyQt6_Qt6_qml_QtQuick3D --> node_venv_lib_python3_12_site-packages_PyQt6_Qt6_qml_QtQuick3D_MaterialEditor["MaterialEditor"]\n    node_venv_lib_python3_12_site-packages_PyQt6_Qt6_qml_QtQuick3D_MaterialEditor --> node_venv_lib_python3_12_site-packages_PyQt6_Qt6_qml_QtQuick3D_MaterialEditor_UniformManagerPane_qml["UniformManagerPane.qml"]\n    Root --> node_venv["venv"]\n    node_venv --> node_venv_lib["lib"]\n    node_venv_lib --> node_venv_lib_python3_12["python3.12"]\n    node_venv_lib_python3_12 --> node_venv_lib_python3_12_site-packages["site-packages"]\n    node_venv_lib_python3_12_site-packages --> node_venv_lib_python3_12_site-packages_PyQt6["PyQt6"]\n    node_venv_lib_python3_12_site-packages_PyQt6 --> node_venv_lib_python3_12_site-packages_PyQt6_Qt6["Qt6"]\n    node_venv_lib_python3_12_site-packages_PyQt6_Qt6 --> node_venv_lib_python3_12_site-packages_PyQt6_Qt6_qml["qml"]\n    node_venv_lib_python3_12_site-packages_PyQt6_Qt6_qml --> node_venv_lib_python3_12_site-packages_PyQt6_Qt6_qml_QtQuick3D["QtQuick3D"]\n    node_venv_lib_python3_12_site-packages_PyQt6_Qt6_qml_QtQuick3D --> node_venv_lib_python3_12_site-packages_PyQt6_Qt6_qml_QtQuick3D_MaterialEditor["MaterialEditor"]\n    node_venv_lib_python3_12_site-packages_PyQt6_Qt6_qml_QtQuick3D_MaterialEditor --> node_venv_lib_python3_12_site-packages_PyQt6_Qt6_qml_QtQuick3D_MaterialEditor_main_qml["main.qml"]\n    Root --> node_venv["venv"]\n    node_venv --> node_venv_lib["lib"]\n    node_venv_lib --> node_venv_lib_python3_12["python3.12"]\n    node_venv_lib_python3_12 --> node_venv_lib_python3_12_site-packages["site-packages"]\n    node_venv_lib_python3_12_site-packages --> node_venv_lib_python3_12_site-packages_PyQt6["PyQt6"]\n    node_venv_lib_python3_12_site-packages_PyQt6 --> node_venv_lib_python3_12_site-packages_PyQt6_Qt6["Qt6"]\n    node_venv_lib_python3_12_site-packages_PyQt6_Qt6 --> node_venv_lib_python3_12_site-packages_PyQt6_Qt6_qml["qml"]\n    node_venv_lib_python3_12_site-packages_PyQt6_Qt6_qml --> node_venv_lib_python3_12_site-packages_PyQt6_Qt6_qml_QtQuick3D["QtQuick3D"]\n    node_venv_lib_python3_12_site-packages_PyQt6_Qt6_qml_QtQuick3D --> node_venv_lib_python3_12_site-packages_PyQt6_Qt6_qml_QtQuick3D_MaterialEditor["MaterialEditor"]\n    node_venv_lib_python3_12_site-packages_PyQt6_Qt6_qml_QtQuick3D_MaterialEditor --> node_venv_lib_python3_12_site-packages_PyQt6_Qt6_qml_QtQuick3D_MaterialEditor_plugins_qmltypes["plugins.qmltypes"]\n    Root --> node_venv["venv"]\n    node_venv --> node_venv_lib["lib"]\n    node_venv_lib --> node_venv_lib_python3_12["python3.12"]\n    node_venv_lib_python3_12 --> node_venv_lib_python3_12_site-packages["site-packages"]\n    node_venv_lib_python3_12_site-packages --> node_venv_lib_python3_12_site-packages_PyQt6["PyQt6"]\n    node_venv_lib_python3_12_site-packages_PyQt6 --> node_venv_lib_python3_12_site-packages_PyQt6_Qt6["Qt6"]\n    node_venv_lib_python3_12_site-packages_PyQt6_Qt6 --> node_venv_lib_python3_12_site-packages_PyQt6_Qt6_qml["qml"]\n    node_venv_lib_python3_12_site-packages_PyQt6_Qt6_qml --> node_venv_lib_python3_12_site-packages_PyQt6_Qt6_qml_QtQuick3D["QtQuick3D"]\n    node_venv_lib_python3_12_site-packages_PyQt6_Qt6_qml_QtQuick3D --> node_venv_lib_python3_12_site-packages_PyQt6_Qt6_qml_QtQuick3D_MaterialEditor["MaterialEditor"]\n    node_venv_lib_python3_12_site-packages_PyQt6_Qt6_qml_QtQuick3D_MaterialEditor --> node_venv_lib_python3_12_site-packages_PyQt6_Qt6_qml_QtQuick3D_MaterialEditor_qmldir["qmldir"]\n    Root --> node_venv["venv"]\n    node_venv --> node_venv_lib["lib"]\n    node_venv_lib --> node_venv_lib_python3_12["python3.12"]\n    node_venv_lib_python3_12 --> node_venv_lib_python3_12_site-packages["site-packages"]\n    node_venv_lib_python3_12_site-packages --> node_venv_lib_python3_12_site-packages_PyQt6["PyQt6"]\n    node_venv_lib_python3_12_site-packages_PyQt6 --> node_venv_lib_python3_12_site-packages_PyQt6_Qt6["Qt6"]\n    node_venv_lib_python3_12_site-packages_PyQt6_Qt6 --> node_venv_lib_python3_12_site-packages_PyQt6_Qt6_qml["qml"]\n    node_venv_lib_python3_12_site-packages_PyQt6_Qt6_qml --> node_venv_lib_python3_12_site-packages_PyQt6_Qt6_qml_QtQuick3D["QtQuick3D"]\n    node_venv_lib_python3_12_site-packages_PyQt6_Qt6_qml_QtQuick3D --> node_venv_lib_python3_12_site-packages_PyQt6_Qt6_qml_QtQuick3D_ParticleEffects["ParticleEffects"]\n    node_venv_lib_python3_12_site-packages_PyQt6_Qt6_qml_QtQuick3D_ParticleEffects --> node_venv_lib_python3_12_site-packages_PyQt6_Qt6_qml_QtQuick3D_ParticleEffects_Quick3DParticleEffects_qmltypes["Quick3DParticleEffects.qmltypes"]\n    Root --> node_venv["venv"]\n    node_venv --> node_venv_lib["lib"]\n    node_venv_lib --> node_venv_lib_python3_12["python3.12"]\n    node_venv_lib_python3_12 --> node_venv_lib_python3_12_site-packages["site-packages"]\n    node_venv_lib_python3_12_site-packages --> node_venv_lib_python3_12_site-packages_PyQt6["PyQt6"]\n    node_venv_lib_python3_12_site-packages_PyQt6 --> node_venv_lib_python3_12_site-packages_PyQt6_Qt6["Qt6"]\n    node_venv_lib_python3_12_site-packages_PyQt6_Qt6 --> node_venv_lib_python3_12_site-packages_PyQt6_Qt6_qml["qml"]\n    node_venv_lib_python3_12_site-packages_PyQt6_Qt6_qml --> node_venv_lib_python3_12_site-packages_PyQt6_Qt6_qml_QtQuick3D["QtQuick3D"]\n    node_venv_lib_python3_12_site-packages_PyQt6_Qt6_qml_QtQuick3D --> node_venv_lib_python3_12_site-packages_PyQt6_Qt6_qml_QtQuick3D_ParticleEffects["ParticleEffects"]\n    node_venv_lib_python3_12_site-packages_PyQt6_Qt6_qml_QtQuick3D_ParticleEffects --> node_venv_lib_python3_12_site-packages_PyQt6_Qt6_qml_QtQuick3D_ParticleEffects_libqtquick3dparticleeffectsplugin_dylib["libqtquick3dparticleeffectsplugin.dylib"]\n    Root --> node_venv["venv"]\n    node_venv --> node_venv_lib["lib"]\n    node_venv_lib --> node_venv_lib_python3_12["python3.12"]\n    node_venv_lib_python3_12 --> node_venv_lib_python3_12_site-packages["site-packages"]\n    node_venv_lib_python3_12_site-packages --> node_venv_lib_python3_12_site-packages_PyQt6["PyQt6"]\n    node_venv_lib_python3_12_site-packages_PyQt6 --> node_venv_lib_python3_12_site-packages_PyQt6_Qt6["Qt6"]\n    node_venv_lib_python3_12_site-packages_PyQt6_Qt6 --> node_venv_lib_python3_12_site-packages_PyQt6_Qt6_qml["qml"]\n    node_venv_lib_python3_12_site-packages_PyQt6_Qt6_qml --> node_venv_lib_python3_12_site-packages_PyQt6_Qt6_qml_QtQuick3D["QtQuick3D"]\n    node_venv_lib_python3_12_site-packages_PyQt6_Qt6_qml_QtQuick3D --> node_venv_lib_python3_12_site-packages_PyQt6_Qt6_qml_QtQuick3D_ParticleEffects["ParticleEffects"]\n    node_venv_lib_python3_12_site-packages_PyQt6_Qt6_qml_QtQuick3D_ParticleEffects --> node_venv_lib_python3_12_site-packages_PyQt6_Qt6_qml_QtQuick3D_ParticleEffects_qmldir["qmldir"]\n    Root --> node_venv["venv"]\n    node_venv --> node_venv_lib["lib"]\n    node_venv_lib --> node_venv_lib_python3_12["python3.12"]\n    node_venv_lib_python3_12 --> node_venv_lib_python3_12_site-packages["site-packages"]\n    node_venv_lib_python3_12_site-packages --> node_venv_lib_python3_12_site-packages_PyQt6["PyQt6"]\n    node_venv_lib_python3_12_site-packages_PyQt6 --> node_venv_lib_python3_12_site-packages_PyQt6_Qt6["Qt6"]\n    node_venv_lib_python3_12_site-packages_PyQt6_Qt6 --> node_venv_lib_python3_12_site-packages_PyQt6_Qt6_qml["qml"]\n    node_venv_lib_python3_12_site-packages_PyQt6_Qt6_qml --> node_venv_lib_python3_12_site-packages_PyQt6_Qt6_qml_QtQuick3D["QtQuick3D"]\n    node_venv_lib_python3_12_site-packages_PyQt6_Qt6_qml_QtQuick3D --> node_venv_lib_python3_12_site-packages_PyQt6_Qt6_qml_QtQuick3D_ParticleEffects["ParticleEffects"]\n    node_venv_lib_python3_12_site-packages_PyQt6_Qt6_qml_QtQuick3D_ParticleEffects --> node_venv_lib_python3_12_site-packages_PyQt6_Qt6_qml_QtQuick3D_ParticleEffects_designer["designer"]\n    node_venv_lib_python3_12_site-packages_PyQt6_Qt6_qml_QtQuick3D_ParticleEffects_designer --> node_venv_lib_python3_12_site-packages_PyQt6_Qt6_qml_QtQuick3D_ParticleEffects_designer_particleeffects_metainfo["particleeffects.metainfo"]\n    Root --> node_venv["venv"]\n    node_venv --> node_venv_lib["lib"]\n    node_venv_lib --> node_venv_lib_python3_12["python3.12"]\n    node_venv_lib_python3_12 --> node_venv_lib_python3_12_site-packages["site-packages"]\n    node_venv_lib_python3_12_site-packages --> node_venv_lib_python3_12_site-packages_PyQt6["PyQt6"]\n    node_venv_lib_python3_12_site-packages_PyQt6 --> node_venv_lib_python3_12_site-packages_PyQt6_Qt6["Qt6"]\n    node_venv_lib_python3_12_site-packages_PyQt6_Qt6 --> node_venv_lib_python3_12_site-packages_PyQt6_Qt6_qml["qml"]\n    node_venv_lib_python3_12_site-packages_PyQt6_Qt6_qml --> node_venv_lib_python3_12_site-packages_PyQt6_Qt6_qml_QtQuick3D["QtQuick3D"]\n    node_venv_lib_python3_12_site-packages_PyQt6_Qt6_qml_QtQuick3D --> node_venv_lib_python3_12_site-packages_PyQt6_Qt6_qml_QtQuick3D_ParticleEffects["ParticleEffects"]\n    node_venv_lib_python3_12_site-packages_PyQt6_Qt6_qml_QtQuick3D_ParticleEffects --> node_venv_lib_python3_12_site-packages_PyQt6_Qt6_qml_QtQuick3D_ParticleEffects_designer["designer"]\n    node_venv_lib_python3_12_site-packages_PyQt6_Qt6_qml_QtQuick3D_ParticleEffects_designer --> node_venv_lib_python3_12_site-packages_PyQt6_Qt6_qml_QtQuick3D_ParticleEffects_designer_images["images"]\n    node_venv_lib_python3_12_site-packages_PyQt6_Qt6_qml_QtQuick3D_ParticleEffects_designer_images --> node_venv_lib_python3_12_site-packages_PyQt6_Qt6_qml_QtQuick3D_ParticleEffects_designer_images_color_table_png["color_table.png"]\n    Root --> node_venv["venv"]\n    node_venv --> node_venv_lib["lib"]\n    node_venv_lib --> node_venv_lib_python3_12["python3.12"]\n    node_venv_lib_python3_12 --> node_venv_lib_python3_12_site-packages["site-packages"]\n    node_venv_lib_python3_12_site-packages --> node_venv_lib_python3_12_site-packages_PyQt6["PyQt6"]\n    node_venv_lib_python3_12_site-packages_PyQt6 --> node_venv_lib_python3_12_site-packages_PyQt6_Qt6["Qt6"]\n    node_venv_lib_python3_12_site-packages_PyQt6_Qt6 --> node_venv_lib_python3_12_site-packages_PyQt6_Qt6_qml["qml"]\n    node_venv_lib_python3_12_site-packages_PyQt6_Qt6_qml --> node_venv_lib_python3_12_site-packages_PyQt6_Qt6_qml_QtQuick3D["QtQuick3D"]\n    node_venv_lib_python3_12_site-packages_PyQt6_Qt6_qml_QtQuick3D --> node_venv_lib_python3_12_site-packages_PyQt6_Qt6_qml_QtQuick3D_ParticleEffects["ParticleEffects"]\n    node_venv_lib_python3_12_site-packages_PyQt6_Qt6_qml_QtQuick3D_ParticleEffects --> node_venv_lib_python3_12_site-packages_PyQt6_Qt6_qml_QtQuick3D_ParticleEffects_designer["designer"]\n    node_venv_lib_python3_12_site-packages_PyQt6_Qt6_qml_QtQuick3D_ParticleEffects_designer --> node_venv_lib_python3_12_site-packages_PyQt6_Qt6_qml_QtQuick3D_ParticleEffects_designer_images["images"]\n    node_venv_lib_python3_12_site-packages_PyQt6_Qt6_qml_QtQuick3D_ParticleEffects_designer_images --> node_venv_lib_python3_12_site-packages_PyQt6_Qt6_qml_QtQuick3D_ParticleEffects_designer_images_color_table2_png["color_table2.png"]\n    Root --> node_venv["venv"]\n    node_venv --> node_venv_lib["lib"]\n    node_venv_lib --> node_venv_lib_python3_12["python3.12"]\n    node_venv_lib_python3_12 --> node_venv_lib_python3_12_site-packages["site-packages"]\n    node_venv_lib_python3_12_site-packages --> node_venv_lib_python3_12_site-packages_PyQt6["PyQt6"]\n    node_venv_lib_python3_12_site-packages_PyQt6 --> node_venv_lib_python3_12_site-packages_PyQt6_Qt6["Qt6"]\n    node_venv_lib_python3_12_site-packages_PyQt6_Qt6 --> node_venv_lib_python3_12_site-packages_PyQt6_Qt6_qml["qml"]\n    node_venv_lib_python3_12_site-packages_PyQt6_Qt6_qml --> node_venv_lib_python3_12_site-packages_PyQt6_Qt6_qml_QtQuick3D["QtQuick3D"]\n    node_venv_lib_python3_12_site-packages_PyQt6_Qt6_qml_QtQuick3D --> node_venv_lib_python3_12_site-packages_PyQt6_Qt6_qml_QtQuick3D_ParticleEffects["ParticleEffects"]\n    node_venv_lib_python3_12_site-packages_PyQt6_Qt6_qml_QtQuick3D_ParticleEffects --> node_venv_lib_python3_12_site-packages_PyQt6_Qt6_qml_QtQuick3D_ParticleEffects_designer["designer"]\n    node_venv_lib_python3_12_site-packages_PyQt6_Qt6_qml_QtQuick3D_ParticleEffects_designer --> node_venv_lib_python3_12_site-packages_PyQt6_Qt6_qml_QtQuick3D_ParticleEffects_designer_images["images"]\n    node_venv_lib_python3_12_site-packages_PyQt6_Qt6_qml_QtQuick3D_ParticleEffects_designer_images --> node_venv_lib_python3_12_site-packages_PyQt6_Qt6_qml_QtQuick3D_ParticleEffects_designer_images_droplet_png["droplet.png"]\n    Root --> node_venv["venv"]\n    node_venv --> node_venv_lib["lib"]\n    node_venv_lib --> node_venv_lib_python3_12["python3.12"]\n    node_venv_lib_python3_12 --> node_venv_lib_python3_12_site-packages["site-packages"]\n    node_venv_lib_python3_12_site-packages --> node_venv_lib_python3_12_site-packages_PyQt6["PyQt6"]\n    node_venv_lib_python3_12_site-packages_PyQt6 --> node_venv_lib_python3_12_site-packages_PyQt6_Qt6["Qt6"]\n    node_venv_lib_python3_12_site-packages_PyQt6_Qt6 --> node_venv_lib_python3_12_site-packages_PyQt6_Qt6_qml["qml"]\n    node_venv_lib_python3_12_site-packages_PyQt6_Qt6_qml --> node_venv_lib_python3_12_site-packages_PyQt6_Qt6_qml_QtQuick3D["QtQuick3D"]\n    node_venv_lib_python3_12_site-packages_PyQt6_Qt6_qml_QtQuick3D --> node_venv_lib_python3_12_site-packages_PyQt6_Qt6_qml_QtQuick3D_ParticleEffects["ParticleEffects"]\n    node_venv_lib_python3_12_site-packages_PyQt6_Qt6_qml_QtQuick3D_ParticleEffects --> node_venv_lib_python3_12_site-packages_PyQt6_Qt6_qml_QtQuick3D_ParticleEffects_designer["designer"]\n    node_venv_lib_python3_12_site-packages_PyQt6_Qt6_qml_QtQuick3D_ParticleEffects_designer --> node_venv_lib_python3_12_site-packages_PyQt6_Qt6_qml_QtQuick3D_ParticleEffects_designer_images["images"]\n    node_venv_lib_python3_12_site-packages_PyQt6_Qt6_qml_QtQuick3D_ParticleEffects_designer_images --> node_venv_lib_python3_12_site-packages_PyQt6_Qt6_qml_QtQuick3D_ParticleEffects_designer_images_dummy_png["dummy.png"]\n    Root --> node_venv["venv"]\n    node_venv --> node_venv_lib["lib"]\n    node_venv_lib --> node_venv_lib_python3_12["python3.12"]\n    node_venv_lib_python3_12 --> node_venv_lib_python3_12_site-packages["site-packages"]\n    node_venv_lib_python3_12_site-packages --> node_venv_lib_python3_12_site-packages_PyQt6["PyQt6"]\n    node_venv_lib_python3_12_site-packages_PyQt6 --> node_venv_lib_python3_12_site-packages_PyQt6_Qt6["Qt6"]\n    node_venv_lib_python3_12_site-packages_PyQt6_Qt6 --> node_venv_lib_python3_12_site-packages_PyQt6_Qt6_qml["qml"]\n    node_venv_lib_python3_12_site-packages_PyQt6_Qt6_qml --> node_venv_lib_python3_12_site-packages_PyQt6_Qt6_qml_QtQuick3D["QtQuick3D"]\n    node_venv_lib_python3_12_site-packages_PyQt6_Qt6_qml_QtQuick3D --> node_venv_lib_python3_12_site-packages_PyQt6_Qt6_qml_QtQuick3D_ParticleEffects["ParticleEffects"]\n    node_venv_lib_python3_12_site-packages_PyQt6_Qt6_qml_QtQuick3D_ParticleEffects --> node_venv_lib_python3_12_site-packages_PyQt6_Qt6_qml_QtQuick3D_ParticleEffects_designer["designer"]\n    node_venv_lib_python3_12_site-packages_PyQt6_Qt6_qml_QtQuick3D_ParticleEffects_designer --> node_venv_lib_python3_12_site-packages_PyQt6_Qt6_qml_QtQuick3D_ParticleEffects_designer_images["images"]\n    node_venv_lib_python3_12_site-packages_PyQt6_Qt6_qml_QtQuick3D_ParticleEffects_designer_images --> node_venv_lib_python3_12_site-packages_PyQt6_Qt6_qml_QtQuick3D_ParticleEffects_designer_images_dummy16_png["dummy16.png"]\n    Root --> node_venv["venv"]\n    node_venv --> node_venv_lib["lib"]\n    node_venv_lib --> node_venv_lib_python3_12["python3.12"]\n    node_venv_lib_python3_12 --> node_venv_lib_python3_12_site-packages["site-packages"]\n    node_venv_lib_python3_12_site-packages --> node_venv_lib_python3_12_site-packages_PyQt6["PyQt6"]\n    node_venv_lib_python3_12_site-packages_PyQt6 --> node_venv_lib_python3_12_site-packages_PyQt6_Qt6["Qt6"]\n    node_venv_lib_python3_12_site-packages_PyQt6_Qt6 --> node_venv_lib_python3_12_site-packages_PyQt6_Qt6_qml["qml"]\n    node_venv_lib_python3_12_site-packages_PyQt6_Qt6_qml --> node_venv_lib_python3_12_site-packages_PyQt6_Qt6_qml_QtQuick3D["QtQuick3D"]\n    node_venv_lib_python3_12_site-packages_PyQt6_Qt6_qml_QtQuick3D --> node_venv_lib_python3_12_site-packages_PyQt6_Qt6_qml_QtQuick3D_ParticleEffects["ParticleEffects"]\n    node_venv_lib_python3_12_site-packages_PyQt6_Qt6_qml_QtQuick3D_ParticleEffects --> node_venv_lib_python3_12_site-packages_PyQt6_Qt6_qml_QtQuick3D_ParticleEffects_designer["designer"]\n    node_venv_lib_python3_12_site-packages_PyQt6_Qt6_qml_QtQuick3D_ParticleEffects_designer --> node_venv_lib_python3_12_site-packages_PyQt6_Qt6_qml_QtQuick3D_ParticleEffects_designer_images["images"]\n    node_venv_lib_python3_12_site-packages_PyQt6_Qt6_qml_QtQuick3D_ParticleEffects_designer_images --> node_venv_lib_python3_12_site-packages_PyQt6_Qt6_qml_QtQuick3D_ParticleEffects_designer_images_dummy@2x_png["dummy@2x.png"]\n    Root --> node_venv["venv"]\n    node_venv --> node_venv_lib["lib"]\n    node_venv_lib --> node_venv_lib_python3_12["python3.12"]\n    node_venv_lib_python3_12 --> node_venv_lib_python3_12_site-packages["site-packages"]\n    node_venv_lib_python3_12_site-packages --> node_venv_lib_python3_12_site-packages_PyQt6["PyQt6"]\n    node_venv_lib_python3_12_site-packages_PyQt6 --> node_venv_lib_python3_12_site-packages_PyQt6_Qt6["Qt6"]\n    node_venv_lib_python3_12_site-packages_PyQt6_Qt6 --> node_venv_lib_python3_12_site-packages_PyQt6_Qt6_qml["qml"]\n    node_venv_lib_python3_12_site-packages_PyQt6_Qt6_qml --> node_venv_lib_python3_12_site-packages_PyQt6_Qt6_qml_QtQuick3D["QtQuick3D"]\n    node_venv_lib_python3_12_site-packages_PyQt6_Qt6_qml_QtQuick3D --> node_venv_lib_python3_12_site-packages_PyQt6_Qt6_qml_QtQuick3D_ParticleEffects["ParticleEffects"]\n    node_venv_lib_python3_12_site-packages_PyQt6_Qt6_qml_QtQuick3D_ParticleEffects --> node_venv_lib_python3_12_site-packages_PyQt6_Qt6_qml_QtQuick3D_ParticleEffects_designer["designer"]\n    node_venv_lib_python3_12_site-packages_PyQt6_Qt6_qml_QtQuick3D_ParticleEffects_designer --> node_venv_lib_python3_12_site-packages_PyQt6_Qt6_qml_QtQuick3D_ParticleEffects_designer_images["images"]\n    node_venv_lib_python3_12_site-packages_PyQt6_Qt6_qml_QtQuick3D_ParticleEffects_designer_images --> node_venv_lib_python3_12_site-packages_PyQt6_Qt6_qml_QtQuick3D_ParticleEffects_designer_images_rain_png["rain.png"]\n    Root --> node_venv["venv"]\n    node_venv --> node_venv_lib["lib"]\n    node_venv_lib --> node_venv_lib_python3_12["python3.12"]\n    node_venv_lib_python3_12 --> node_venv_lib_python3_12_site-packages["site-packages"]\n    node_venv_lib_python3_12_site-packages --> node_venv_lib_python3_12_site-packages_PyQt6["PyQt6"]\n    node_venv_lib_python3_12_site-packages_PyQt6 --> node_venv_lib_python3_12_site-packages_PyQt6_Qt6["Qt6"]\n    node_venv_lib_python3_12_site-packages_PyQt6_Qt6 --> node_venv_lib_python3_12_site-packages_PyQt6_Qt6_qml["qml"]\n    node_venv_lib_python3_12_site-packages_PyQt6_Qt6_qml --> node_venv_lib_python3_12_site-packages_PyQt6_Qt6_qml_QtQuick3D["QtQuick3D"]\n    node_venv_lib_python3_12_site-packages_PyQt6_Qt6_qml_QtQuick3D --> node_venv_lib_python3_12_site-packages_PyQt6_Qt6_qml_QtQuick3D_ParticleEffects["ParticleEffects"]\n    node_venv_lib_python3_12_site-packages_PyQt6_Qt6_qml_QtQuick3D_ParticleEffects --> node_venv_lib_python3_12_site-packages_PyQt6_Qt6_qml_QtQuick3D_ParticleEffects_designer["designer"]\n    node_venv_lib_python3_12_site-packages_PyQt6_Qt6_qml_QtQuick3D_ParticleEffects_designer --> node_venv_lib_python3_12_site-packages_PyQt6_Qt6_qml_QtQuick3D_ParticleEffects_designer_images["images"]\n    node_venv_lib_python3_12_site-packages_PyQt6_Qt6_qml_QtQuick3D_ParticleEffects_designer_images --> node_venv_lib_python3_12_site-packages_PyQt6_Qt6_qml_QtQuick3D_ParticleEffects_designer_images_ripple_png["ripple.png"]\n    Root --> node_venv["venv"]\n    node_venv --> node_venv_lib["lib"]\n    node_venv_lib --> node_venv_lib_python3_12["python3.12"]\n    node_venv_lib_python3_12 --> node_venv_lib_python3_12_site-packages["site-packages"]\n    node_venv_lib_python3_12_site-packages --> node_venv_lib_python3_12_site-packages_PyQt6["PyQt6"]\n    node_venv_lib_python3_12_site-packages_PyQt6 --> node_venv_lib_python3_12_site-packages_PyQt6_Qt6["Qt6"]\n    node_venv_lib_python3_12_site-packages_PyQt6_Qt6 --> node_venv_lib_python3_12_site-packages_PyQt6_Qt6_qml["qml"]\n    node_venv_lib_python3_12_site-packages_PyQt6_Qt6_qml --> node_venv_lib_python3_12_site-packages_PyQt6_Qt6_qml_QtQuick3D["QtQuick3D"]\n    node_venv_lib_python3_12_site-packages_PyQt6_Qt6_qml_QtQuick3D --> node_venv_lib_python3_12_site-packages_PyQt6_Qt6_qml_QtQuick3D_ParticleEffects["ParticleEffects"]\n    node_venv_lib_python3_12_site-packages_PyQt6_Qt6_qml_QtQuick3D_ParticleEffects --> node_venv_lib_python3_12_site-packages_PyQt6_Qt6_qml_QtQuick3D_ParticleEffects_designer["designer"]\n    node_venv_lib_python3_12_site-packages_PyQt6_Qt6_qml_QtQuick3D_ParticleEffects_designer --> node_venv_lib_python3_12_site-packages_PyQt6_Qt6_qml_QtQuick3D_ParticleEffects_designer_images["images"]\n    node_venv_lib_python3_12_site-packages_PyQt6_Qt6_qml_QtQuick3D_ParticleEffects_designer_images --> node_venv_lib_python3_12_site-packages_PyQt6_Qt6_qml_QtQuick3D_ParticleEffects_designer_images_smoke2_png["smoke2.png"]\n    Root --> node_venv["venv"]\n    node_venv --> node_venv_lib["lib"]\n    node_venv_lib --> node_venv_lib_python3_12["python3.12"]\n    node_venv_lib_python3_12 --> node_venv_lib_python3_12_site-packages["site-packages"]\n    node_venv_lib_python3_12_site-packages --> node_venv_lib_python3_12_site-packages_PyQt6["PyQt6"]\n    node_venv_lib_python3_12_site-packages_PyQt6 --> node_venv_lib_python3_12_site-packages_PyQt6_Qt6["Qt6"]\n    node_venv_lib_python3_12_site-packages_PyQt6_Qt6 --> node_venv_lib_python3_12_site-packages_PyQt6_Qt6_qml["qml"]\n    node_venv_lib_python3_12_site-packages_PyQt6_Qt6_qml --> node_venv_lib_python3_12_site-packages_PyQt6_Qt6_qml_QtQuick3D["QtQuick3D"]\n    node_venv_lib_python3_12_site-packages_PyQt6_Qt6_qml_QtQuick3D --> node_venv_lib_python3_12_site-packages_PyQt6_Qt6_qml_QtQuick3D_ParticleEffects["ParticleEffects"]\n    node_venv_lib_python3_12_site-packages_PyQt6_Qt6_qml_QtQuick3D_ParticleEffects --> node_venv_lib_python3_12_site-packages_PyQt6_Qt6_qml_QtQuick3D_ParticleEffects_designer["designer"]\n    node_venv_lib_python3_12_site-packages_PyQt6_Qt6_qml_QtQuick3D_ParticleEffects_designer --> node_venv_lib_python3_12_site-packages_PyQt6_Qt6_qml_QtQuick3D_ParticleEffects_designer_images["images"]\n    node_venv_lib_python3_12_site-packages_PyQt6_Qt6_qml_QtQuick3D_ParticleEffects_designer_images --> node_venv_lib_python3_12_site-packages_PyQt6_Qt6_qml_QtQuick3D_ParticleEffects_designer_images_smoke_sprite_png["smoke_sprite.png"]\n    Root --> node_venv["venv"]\n    node_venv --> node_venv_lib["lib"]\n    node_venv_lib --> node_venv_lib_python3_12["python3.12"]\n    node_venv_lib_python3_12 --> node_venv_lib_python3_12_site-packages["site-packages"]\n    node_venv_lib_python3_12_site-packages --> node_venv_lib_python3_12_site-packages_PyQt6["PyQt6"]\n    node_venv_lib_python3_12_site-packages_PyQt6 --> node_venv_lib_python3_12_site-packages_PyQt6_Qt6["Qt6"]\n    node_venv_lib_python3_12_site-packages_PyQt6_Qt6 --> node_venv_lib_python3_12_site-packages_PyQt6_Qt6_qml["qml"]\n    node_venv_lib_python3_12_site-packages_PyQt6_Qt6_qml --> node_venv_lib_python3_12_site-packages_PyQt6_Qt6_qml_QtQuick3D["QtQuick3D"]\n    node_venv_lib_python3_12_site-packages_PyQt6_Qt6_qml_QtQuick3D --> node_venv_lib_python3_12_site-packages_PyQt6_Qt6_qml_QtQuick3D_ParticleEffects["ParticleEffects"]\n    node_venv_lib_python3_12_site-packages_PyQt6_Qt6_qml_QtQuick3D_ParticleEffects --> node_venv_lib_python3_12_site-packages_PyQt6_Qt6_qml_QtQuick3D_ParticleEffects_designer["designer"]\n    node_venv_lib_python3_12_site-packages_PyQt6_Qt6_qml_QtQuick3D_ParticleEffects_designer --> node_venv_lib_python3_12_site-packages_PyQt6_Qt6_qml_QtQuick3D_ParticleEffects_designer_images["images"]\n    node_venv_lib_python3_12_site-packages_PyQt6_Qt6_qml_QtQuick3D_ParticleEffects_designer_images --> node_venv_lib_python3_12_site-packages_PyQt6_Qt6_qml_QtQuick3D_ParticleEffects_designer_images_smoke_sprite2_png["smoke_sprite2.png"]\n    Root --> node_venv["venv"]\n    node_venv --> node_venv_lib["lib"]\n    node_venv_lib --> node_venv_lib_python3_12["python3.12"]\n    node_venv_lib_python3_12 --> node_venv_lib_python3_12_site-packages["site-packages"]\n    node_venv_lib_python3_12_site-packages --> node_venv_lib_python3_12_site-packages_PyQt6["PyQt6"]\n    node_venv_lib_python3_12_site-packages_PyQt6 --> node_venv_lib_python3_12_site-packages_PyQt6_Qt6["Qt6"]\n    node_venv_lib_python3_12_site-packages_PyQt6_Qt6 --> node_venv_lib_python3_12_site-packages_PyQt6_Qt6_qml["qml"]\n    node_venv_lib_python3_12_site-packages_PyQt6_Qt6_qml --> node_venv_lib_python3_12_site-packages_PyQt6_Qt6_qml_QtQuick3D["QtQuick3D"]\n    node_venv_lib_python3_12_site-packages_PyQt6_Qt6_qml_QtQuick3D --> node_venv_lib_python3_12_site-packages_PyQt6_Qt6_qml_QtQuick3D_ParticleEffects["ParticleEffects"]\n    node_venv_lib_python3_12_site-packages_PyQt6_Qt6_qml_QtQuick3D_ParticleEffects --> node_venv_lib_python3_12_site-packages_PyQt6_Qt6_qml_QtQuick3D_ParticleEffects_designer["designer"]\n    node_venv_lib_python3_12_site-packages_PyQt6_Qt6_qml_QtQuick3D_ParticleEffects_designer --> node_venv_lib_python3_12_site-packages_PyQt6_Qt6_qml_QtQuick3D_ParticleEffects_designer_images["images"]\n    node_venv_lib_python3_12_site-packages_PyQt6_Qt6_qml_QtQuick3D_ParticleEffects_designer_images --> node_venv_lib_python3_12_site-packages_PyQt6_Qt6_qml_QtQuick3D_ParticleEffects_designer_images_snowflake_png["snowflake.png"]\n    Root --> node_venv["venv"]\n    node_venv --> node_venv_lib["lib"]\n    node_venv_lib --> node_venv_lib_python3_12["python3.12"]\n    node_venv_lib_python3_12 --> node_venv_lib_python3_12_site-packages["site-packages"]\n    node_venv_lib_python3_12_site-packages --> node_venv_lib_python3_12_site-packages_PyQt6["PyQt6"]\n    node_venv_lib_python3_12_site-packages_PyQt6 --> node_venv_lib_python3_12_site-packages_PyQt6_Qt6["Qt6"]\n    node_venv_lib_python3_12_site-packages_PyQt6_Qt6 --> node_venv_lib_python3_12_site-packages_PyQt6_Qt6_qml["qml"]\n    node_venv_lib_python3_12_site-packages_PyQt6_Qt6_qml --> node_venv_lib_python3_12_site-packages_PyQt6_Qt6_qml_QtQuick3D["QtQuick3D"]\n    node_venv_lib_python3_12_site-packages_PyQt6_Qt6_qml_QtQuick3D --> node_venv_lib_python3_12_site-packages_PyQt6_Qt6_qml_QtQuick3D_ParticleEffects["ParticleEffects"]\n    node_venv_lib_python3_12_site-packages_PyQt6_Qt6_qml_QtQuick3D_ParticleEffects --> node_venv_lib_python3_12_site-packages_PyQt6_Qt6_qml_QtQuick3D_ParticleEffects_designer["designer"]\n    node_venv_lib_python3_12_site-packages_PyQt6_Qt6_qml_QtQuick3D_ParticleEffects_designer --> node_venv_lib_python3_12_site-packages_PyQt6_Qt6_qml_QtQuick3D_ParticleEffects_designer_images["images"]\n    node_venv_lib_python3_12_site-packages_PyQt6_Qt6_qml_QtQuick3D_ParticleEffects_designer_images --> node_venv_lib_python3_12_site-packages_PyQt6_Qt6_qml_QtQuick3D_ParticleEffects_designer_images_sphere_png["sphere.png"]\n    Root --> node_venv["venv"]\n    node_venv --> node_venv_lib["lib"]\n    node_venv_lib --> node_venv_lib_python3_12["python3.12"]\n    node_venv_lib_python3_12 --> node_venv_lib_python3_12_site-packages["site-packages"]\n    node_venv_lib_python3_12_site-packages --> node_venv_lib_python3_12_site-packages_PyQt6["PyQt6"]\n    node_venv_lib_python3_12_site-packages_PyQt6 --> node_venv_lib_python3_12_site-packages_PyQt6_Qt6["Qt6"]\n    node_venv_lib_python3_12_site-packages_PyQt6_Qt6 --> node_venv_lib_python3_12_site-packages_PyQt6_Qt6_qml["qml"]\n    node_venv_lib_python3_12_site-packages_PyQt6_Qt6_qml --> node_venv_lib_python3_12_site-packages_PyQt6_Qt6_qml_QtQuick3D["QtQuick3D"]\n    node_venv_lib_python3_12_site-packages_PyQt6_Qt6_qml_QtQuick3D --> node_venv_lib_python3_12_site-packages_PyQt6_Qt6_qml_QtQuick3D_ParticleEffects["ParticleEffects"]\n    node_venv_lib_python3_12_site-packages_PyQt6_Qt6_qml_QtQuick3D_ParticleEffects --> node_venv_lib_python3_12_site-packages_PyQt6_Qt6_qml_QtQuick3D_ParticleEffects_designer["designer"]\n    node_venv_lib_python3_12_site-packages_PyQt6_Qt6_qml_QtQuick3D_ParticleEffects_designer --> node_venv_lib_python3_12_site-packages_PyQt6_Qt6_qml_QtQuick3D_ParticleEffects_designer_images["images"]\n    node_venv_lib_python3_12_site-packages_PyQt6_Qt6_qml_QtQuick3D_ParticleEffects_designer_images --> node_venv_lib_python3_12_site-packages_PyQt6_Qt6_qml_QtQuick3D_ParticleEffects_designer_images_splash7_png["splash7.png"]\n    Root --> node_venv["venv"]\n    node_venv --> node_venv_lib["lib"]\n    node_venv_lib --> node_venv_lib_python3_12["python3.12"]\n    node_venv_lib_python3_12 --> node_venv_lib_python3_12_site-packages["site-packages"]\n    node_venv_lib_python3_12_site-packages --> node_venv_lib_python3_12_site-packages_PyQt6["PyQt6"]\n    node_venv_lib_python3_12_site-packages_PyQt6 --> node_venv_lib_python3_12_site-packages_PyQt6_Qt6["Qt6"]\n    node_venv_lib_python3_12_site-packages_PyQt6_Qt6 --> node_venv_lib_python3_12_site-packages_PyQt6_Qt6_qml["qml"]\n    node_venv_lib_python3_12_site-packages_PyQt6_Qt6_qml --> node_venv_lib_python3_12_site-packages_PyQt6_Qt6_qml_QtQuick3D["QtQuick3D"]\n    node_venv_lib_python3_12_site-packages_PyQt6_Qt6_qml_QtQuick3D --> node_venv_lib_python3_12_site-packages_PyQt6_Qt6_qml_QtQuick3D_ParticleEffects["ParticleEffects"]\n    node_venv_lib_python3_12_site-packages_PyQt6_Qt6_qml_QtQuick3D_ParticleEffects --> node_venv_lib_python3_12_site-packages_PyQt6_Qt6_qml_QtQuick3D_ParticleEffects_designer["designer"]\n    node_venv_lib_python3_12_site-packages_PyQt6_Qt6_qml_QtQuick3D_ParticleEffects_designer --> node_venv_lib_python3_12_site-packages_PyQt6_Qt6_qml_QtQuick3D_ParticleEffects_designer_source["source"]\n    node_venv_lib_python3_12_site-packages_PyQt6_Qt6_qml_QtQuick3D_ParticleEffects_designer_source --> node_venv_lib_python3_12_site-packages_PyQt6_Qt6_qml_QtQuick3D_ParticleEffects_designer_source_particleeffect_clouds_qml["particleeffect_clouds.qml"]\n    Root --> node_venv["venv"]\n    node_venv --> node_venv_lib["lib"]\n    node_venv_lib --> node_venv_lib_python3_12["python3.12"]\n    node_venv_lib_python3_12 --> node_venv_lib_python3_12_site-packages["site-packages"]\n    node_venv_lib_python3_12_site-packages --> node_venv_lib_python3_12_site-packages_PyQt6["PyQt6"]\n    node_venv_lib_python3_12_site-packages_PyQt6 --> node_venv_lib_python3_12_site-packages_PyQt6_Qt6["Qt6"]\n    node_venv_lib_python3_12_site-packages_PyQt6_Qt6 --> node_venv_lib_python3_12_site-packages_PyQt6_Qt6_qml["qml"]\n    node_venv_lib_python3_12_site-packages_PyQt6_Qt6_qml --> node_venv_lib_python3_12_site-packages_PyQt6_Qt6_qml_QtQuick3D["QtQuick3D"]\n    node_venv_lib_python3_12_site-packages_PyQt6_Qt6_qml_QtQuick3D --> node_venv_lib_python3_12_site-packages_PyQt6_Qt6_qml_QtQuick3D_ParticleEffects["ParticleEffects"]\n    node_venv_lib_python3_12_site-packages_PyQt6_Qt6_qml_QtQuick3D_ParticleEffects --> node_venv_lib_python3_12_site-packages_PyQt6_Qt6_qml_QtQuick3D_ParticleEffects_designer["designer"]\n    node_venv_lib_python3_12_site-packages_PyQt6_Qt6_qml_QtQuick3D_ParticleEffects_designer --> node_venv_lib_python3_12_site-packages_PyQt6_Qt6_qml_QtQuick3D_ParticleEffects_designer_source["source"]\n    node_venv_lib_python3_12_site-packages_PyQt6_Qt6_qml_QtQuick3D_ParticleEffects_designer_source --> node_venv_lib_python3_12_site-packages_PyQt6_Qt6_qml_QtQuick3D_ParticleEffects_designer_source_particleeffect_dust_qml["particleeffect_dust.qml"]\n    Root --> node_venv["venv"]\n    node_venv --> node_venv_lib["lib"]\n    node_venv_lib --> node_venv_lib_python3_12["python3.12"]\n    node_venv_lib_python3_12 --> node_venv_lib_python3_12_site-packages["site-packages"]\n    node_venv_lib_python3_12_site-packages --> node_venv_lib_python3_12_site-packages_PyQt6["PyQt6"]\n    node_venv_lib_python3_12_site-packages_PyQt6 --> node_venv_lib_python3_12_site-packages_PyQt6_Qt6["Qt6"]\n    node_venv_lib_python3_12_site-packages_PyQt6_Qt6 --> node_venv_lib_python3_12_site-packages_PyQt6_Qt6_qml["qml"]\n    node_venv_lib_python3_12_site-packages_PyQt6_Qt6_qml --> node_venv_lib_python3_12_site-packages_PyQt6_Qt6_qml_QtQuick3D["QtQuick3D"]\n    node_venv_lib_python3_12_site-packages_PyQt6_Qt6_qml_QtQuick3D --> node_venv_lib_python3_12_site-packages_PyQt6_Qt6_qml_QtQuick3D_ParticleEffects["ParticleEffects"]\n    node_venv_lib_python3_12_site-packages_PyQt6_Qt6_qml_QtQuick3D_ParticleEffects --> node_venv_lib_python3_12_site-packages_PyQt6_Qt6_qml_QtQuick3D_ParticleEffects_designer["designer"]\n    node_venv_lib_python3_12_site-packages_PyQt6_Qt6_qml_QtQuick3D_ParticleEffects_designer --> node_venv_lib_python3_12_site-packages_PyQt6_Qt6_qml_QtQuick3D_ParticleEffects_designer_source["source"]\n    node_venv_lib_python3_12_site-packages_PyQt6_Qt6_qml_QtQuick3D_ParticleEffects_designer_source --> node_venv_lib_python3_12_site-packages_PyQt6_Qt6_qml_QtQuick3D_ParticleEffects_designer_source_particleeffect_exhaust_qml["particleeffect_exhaust.qml"]\n    Root --> node_venv["venv"]\n    node_venv --> node_venv_lib["lib"]\n    node_venv_lib --> node_venv_lib_python3_12["python3.12"]\n    node_venv_lib_python3_12 --> node_venv_lib_python3_12_site-packages["site-packages"]\n    node_venv_lib_python3_12_site-packages --> node_venv_lib_python3_12_site-packages_PyQt6["PyQt6"]\n    node_venv_lib_python3_12_site-packages_PyQt6 --> node_venv_lib_python3_12_site-packages_PyQt6_Qt6["Qt6"]\n    node_venv_lib_python3_12_site-packages_PyQt6_Qt6 --> node_venv_lib_python3_12_site-packages_PyQt6_Qt6_qml["qml"]\n    node_venv_lib_python3_12_site-packages_PyQt6_Qt6_qml --> node_venv_lib_python3_12_site-packages_PyQt6_Qt6_qml_QtQuick3D["QtQuick3D"]\n    node_venv_lib_python3_12_site-packages_PyQt6_Qt6_qml_QtQuick3D --> node_venv_lib_python3_12_site-packages_PyQt6_Qt6_qml_QtQuick3D_ParticleEffects["ParticleEffects"]\n    node_venv_lib_python3_12_site-packages_PyQt6_Qt6_qml_QtQuick3D_ParticleEffects --> node_venv_lib_python3_12_site-packages_PyQt6_Qt6_qml_QtQuick3D_ParticleEffects_designer["designer"]\n    node_venv_lib_python3_12_site-packages_PyQt6_Qt6_qml_QtQuick3D_ParticleEffects_designer --> node_venv_lib_python3_12_site-packages_PyQt6_Qt6_qml_QtQuick3D_ParticleEffects_designer_source["source"]\n    node_venv_lib_python3_12_site-packages_PyQt6_Qt6_qml_QtQuick3D_ParticleEffects_designer_source --> node_venv_lib_python3_12_site-packages_PyQt6_Qt6_qml_QtQuick3D_ParticleEffects_designer_source_particleeffect_fire_qml["particleeffect_fire.qml"]\n    Root --> node_venv["venv"]\n    node_venv --> node_venv_lib["lib"]\n    node_venv_lib --> node_venv_lib_python3_12["python3.12"]\n    node_venv_lib_python3_12 --> node_venv_lib_python3_12_site-packages["site-packages"]\n    node_venv_lib_python3_12_site-packages --> node_venv_lib_python3_12_site-packages_PyQt6["PyQt6"]\n    node_venv_lib_python3_12_site-packages_PyQt6 --> node_venv_lib_python3_12_site-packages_PyQt6_Qt6["Qt6"]\n    node_venv_lib_python3_12_site-packages_PyQt6_Qt6 --> node_venv_lib_python3_12_site-packages_PyQt6_Qt6_qml["qml"]\n    node_venv_lib_python3_12_site-packages_PyQt6_Qt6_qml --> node_venv_lib_python3_12_site-packages_PyQt6_Qt6_qml_QtQuick3D["QtQuick3D"]\n    node_venv_lib_python3_12_site-packages_PyQt6_Qt6_qml_QtQuick3D --> node_venv_lib_python3_12_site-packages_PyQt6_Qt6_qml_QtQuick3D_ParticleEffects["ParticleEffects"]\n    node_venv_lib_python3_12_site-packages_PyQt6_Qt6_qml_QtQuick3D_ParticleEffects --> node_venv_lib_python3_12_site-packages_PyQt6_Qt6_qml_QtQuick3D_ParticleEffects_designer["designer"]\n    node_venv_lib_python3_12_site-packages_PyQt6_Qt6_qml_QtQuick3D_ParticleEffects_designer --> node_venv_lib_python3_12_site-packages_PyQt6_Qt6_qml_QtQuick3D_ParticleEffects_designer_source["source"]\n    node_venv_lib_python3_12_site-packages_PyQt6_Qt6_qml_QtQuick3D_ParticleEffects_designer_source --> node_venv_lib_python3_12_site-packages_PyQt6_Qt6_qml_QtQuick3D_ParticleEffects_designer_source_particleeffect_heavyrain_qml["particleeffect_heavyrain.qml"]\n    Root --> node_venv["venv"]\n    node_venv --> node_venv_lib["lib"]\n    node_venv_lib --> node_venv_lib_python3_12["python3.12"]\n    node_venv_lib_python3_12 --> node_venv_lib_python3_12_site-packages["site-packages"]\n    node_venv_lib_python3_12_site-packages --> node_venv_lib_python3_12_site-packages_PyQt6["PyQt6"]\n    node_venv_lib_python3_12_site-packages_PyQt6 --> node_venv_lib_python3_12_site-packages_PyQt6_Qt6["Qt6"]\n    node_venv_lib_python3_12_site-packages_PyQt6_Qt6 --> node_venv_lib_python3_12_site-packages_PyQt6_Qt6_qml["qml"]\n    node_venv_lib_python3_12_site-packages_PyQt6_Qt6_qml --> node_venv_lib_python3_12_site-packages_PyQt6_Qt6_qml_QtQuick3D["QtQuick3D"]\n    node_venv_lib_python3_12_site-packages_PyQt6_Qt6_qml_QtQuick3D --> node_venv_lib_python3_12_site-packages_PyQt6_Qt6_qml_QtQuick3D_ParticleEffects["ParticleEffects"]\n    node_venv_lib_python3_12_site-packages_PyQt6_Qt6_qml_QtQuick3D_ParticleEffects --> node_venv_lib_python3_12_site-packages_PyQt6_Qt6_qml_QtQuick3D_ParticleEffects_designer["designer"]\n    node_venv_lib_python3_12_site-packages_PyQt6_Qt6_qml_QtQuick3D_ParticleEffects_designer --> node_venv_lib_python3_12_site-packages_PyQt6_Qt6_qml_QtQuick3D_ParticleEffects_designer_source["source"]\n    node_venv_lib_python3_12_site-packages_PyQt6_Qt6_qml_QtQuick3D_ParticleEffects_designer_source --> node_venv_lib_python3_12_site-packages_PyQt6_Qt6_qml_QtQuick3D_ParticleEffects_designer_source_particleeffect_heavyrain_tirespray_qml["particleeffect_heavyrain_tirespray.qml"]\n    Root --> node_venv["venv"]\n    node_venv --> node_venv_lib["lib"]\n    node_venv_lib --> node_venv_lib_python3_12["python3.12"]\n    node_venv_lib_python3_12 --> node_venv_lib_python3_12_site-packages["site-packages"]\n    node_venv_lib_python3_12_site-packages --> node_venv_lib_python3_12_site-packages_PyQt6["PyQt6"]\n    node_venv_lib_python3_12_site-packages_PyQt6 --> node_venv_lib_python3_12_site-packages_PyQt6_Qt6["Qt6"]\n    node_venv_lib_python3_12_site-packages_PyQt6_Qt6 --> node_venv_lib_python3_12_site-packages_PyQt6_Qt6_qml["qml"]\n    node_venv_lib_python3_12_site-packages_PyQt6_Qt6_qml --> node_venv_lib_python3_12_site-packages_PyQt6_Qt6_qml_QtQuick3D["QtQuick3D"]\n    node_venv_lib_python3_12_site-packages_PyQt6_Qt6_qml_QtQuick3D --> node_venv_lib_python3_12_site-packages_PyQt6_Qt6_qml_QtQuick3D_ParticleEffects["ParticleEffects"]\n    node_venv_lib_python3_12_site-packages_PyQt6_Qt6_qml_QtQuick3D_ParticleEffects --> node_venv_lib_python3_12_site-packages_PyQt6_Qt6_qml_QtQuick3D_ParticleEffects_designer["designer"]\n    node_venv_lib_python3_12_site-packages_PyQt6_Qt6_qml_QtQuick3D_ParticleEffects_designer --> node_venv_lib_python3_12_site-packages_PyQt6_Qt6_qml_QtQuick3D_ParticleEffects_designer_source["source"]\n    node_venv_lib_python3_12_site-packages_PyQt6_Qt6_qml_QtQuick3D_ParticleEffects_designer_source --> node_venv_lib_python3_12_site-packages_PyQt6_Qt6_qml_QtQuick3D_ParticleEffects_designer_source_particleeffect_lightrain_qml["particleeffect_lightrain.qml"]\n    Root --> node_venv["venv"]\n    node_venv --> node_venv_lib["lib"]\n    node_venv_lib --> node_venv_lib_python3_12["python3.12"]\n    node_venv_lib_python3_12 --> node_venv_lib_python3_12_site-packages["site-packages"]\n    node_venv_lib_python3_12_site-packages --> node_venv_lib_python3_12_site-packages_PyQt6["PyQt6"]\n    node_venv_lib_python3_12_site-packages_PyQt6 --> node_venv_lib_python3_12_site-packages_PyQt6_Qt6["Qt6"]\n    node_venv_lib_python3_12_site-packages_PyQt6_Qt6 --> node_venv_lib_python3_12_site-packages_PyQt6_Qt6_qml["qml"]\n    node_venv_lib_python3_12_site-packages_PyQt6_Qt6_qml --> node_venv_lib_python3_12_site-packages_PyQt6_Qt6_qml_QtQuick3D["QtQuick3D"]\n    node_venv_lib_python3_12_site-packages_PyQt6_Qt6_qml_QtQuick3D --> node_venv_lib_python3_12_site-packages_PyQt6_Qt6_qml_QtQuick3D_ParticleEffects["ParticleEffects"]\n    node_venv_lib_python3_12_site-packages_PyQt6_Qt6_qml_QtQuick3D_ParticleEffects --> node_venv_lib_python3_12_site-packages_PyQt6_Qt6_qml_QtQuick3D_ParticleEffects_designer["designer"]\n    node_venv_lib_python3_12_site-packages_PyQt6_Qt6_qml_QtQuick3D_ParticleEffects_designer --> node_venv_lib_python3_12_site-packages_PyQt6_Qt6_qml_QtQuick3D_ParticleEffects_designer_source["source"]\n    node_venv_lib_python3_12_site-packages_PyQt6_Qt6_qml_QtQuick3D_ParticleEffects_designer_source --> node_venv_lib_python3_12_site-packages_PyQt6_Qt6_qml_QtQuick3D_ParticleEffects_designer_source_particleeffect_lightrain_tirespray_qml["particleeffect_lightrain_tirespray.qml"]\n    Root --> node_venv["venv"]\n    node_venv --> node_venv_lib["lib"]\n    node_venv_lib --> node_venv_lib_python3_12["python3.12"]\n    node_venv_lib_python3_12 --> node_venv_lib_python3_12_site-packages["site-packages"]\n    node_venv_lib_python3_12_site-packages --> node_venv_lib_python3_12_site-packages_PyQt6["PyQt6"]\n    node_venv_lib_python3_12_site-packages_PyQt6 --> node_venv_lib_python3_12_site-packages_PyQt6_Qt6["Qt6"]\n    node_venv_lib_python3_12_site-packages_PyQt6_Qt6 --> node_venv_lib_python3_12_site-packages_PyQt6_Qt6_qml["qml"]\n    node_venv_lib_python3_12_site-packages_PyQt6_Qt6_qml --> node_venv_lib_python3_12_site-packages_PyQt6_Qt6_qml_QtQuick3D["QtQuick3D"]\n    node_venv_lib_python3_12_site-packages_PyQt6_Qt6_qml_QtQuick3D --> node_venv_lib_python3_12_site-packages_PyQt6_Qt6_qml_QtQuick3D_ParticleEffects["ParticleEffects"]\n    node_venv_lib_python3_12_site-packages_PyQt6_Qt6_qml_QtQuick3D_ParticleEffects --> node_venv_lib_python3_12_site-packages_PyQt6_Qt6_qml_QtQuick3D_ParticleEffects_designer["designer"]\n    node_venv_lib_python3_12_site-packages_PyQt6_Qt6_qml_QtQuick3D_ParticleEffects_designer --> node_venv_lib_python3_12_site-packages_PyQt6_Qt6_qml_QtQuick3D_ParticleEffects_designer_source["source"]\n    node_venv_lib_python3_12_site-packages_PyQt6_Qt6_qml_QtQuick3D_ParticleEffects_designer_source --> node_venv_lib_python3_12_site-packages_PyQt6_Qt6_qml_QtQuick3D_ParticleEffects_designer_source_particleeffect_rainmist_qml["particleeffect_rainmist.qml"]\n    Root --> node_venv["venv"]\n    node_venv --> node_venv_lib["lib"]\n    node_venv_lib --> node_venv_lib_python3_12["python3.12"]\n    node_venv_lib_python3_12 --> node_venv_lib_python3_12_site-packages["site-packages"]\n    node_venv_lib_python3_12_site-packages --> node_venv_lib_python3_12_site-packages_PyQt6["PyQt6"]\n    node_venv_lib_python3_12_site-packages_PyQt6 --> node_venv_lib_python3_12_site-packages_PyQt6_Qt6["Qt6"]\n    node_venv_lib_python3_12_site-packages_PyQt6_Qt6 --> node_venv_lib_python3_12_site-packages_PyQt6_Qt6_qml["qml"]\n    node_venv_lib_python3_12_site-packages_PyQt6_Qt6_qml --> node_venv_lib_python3_12_site-packages_PyQt6_Qt6_qml_QtQuick3D["QtQuick3D"]\n    node_venv_lib_python3_12_site-packages_PyQt6_Qt6_qml_QtQuick3D --> node_venv_lib_python3_12_site-packages_PyQt6_Qt6_qml_QtQuick3D_ParticleEffects["ParticleEffects"]\n    node_venv_lib_python3_12_site-packages_PyQt6_Qt6_qml_QtQuick3D_ParticleEffects --> node_venv_lib_python3_12_site-packages_PyQt6_Qt6_qml_QtQuick3D_ParticleEffects_designer["designer"]\n    node_venv_lib_python3_12_site-packages_PyQt6_Qt6_qml_QtQuick3D_ParticleEffects_designer --> node_venv_lib_python3_12_site-packages_PyQt6_Qt6_qml_QtQuick3D_ParticleEffects_designer_source["source"]\n    node_venv_lib_python3_12_site-packages_PyQt6_Qt6_qml_QtQuick3D_ParticleEffects_designer_source --> node_venv_lib_python3_12_site-packages_PyQt6_Qt6_qml_QtQuick3D_ParticleEffects_designer_source_particleeffect_snow_qml["particleeffect_snow.qml"]\n    Root --> node_venv["venv"]\n    node_venv --> node_venv_lib["lib"]\n    node_venv_lib --> node_venv_lib_python3_12["python3.12"]\n    node_venv_lib_python3_12 --> node_venv_lib_python3_12_site-packages["site-packages"]\n    node_venv_lib_python3_12_site-packages --> node_venv_lib_python3_12_site-packages_PyQt6["PyQt6"]\n    node_venv_lib_python3_12_site-packages_PyQt6 --> node_venv_lib_python3_12_site-packages_PyQt6_Qt6["Qt6"]\n    node_venv_lib_python3_12_site-packages_PyQt6_Qt6 --> node_venv_lib_python3_12_site-packages_PyQt6_Qt6_qml["qml"]\n    node_venv_lib_python3_12_site-packages_PyQt6_Qt6_qml --> node_venv_lib_python3_12_site-packages_PyQt6_Qt6_qml_QtQuick3D["QtQuick3D"]\n    node_venv_lib_python3_12_site-packages_PyQt6_Qt6_qml_QtQuick3D --> node_venv_lib_python3_12_site-packages_PyQt6_Qt6_qml_QtQuick3D_ParticleEffects["ParticleEffects"]\n    node_venv_lib_python3_12_site-packages_PyQt6_Qt6_qml_QtQuick3D_ParticleEffects --> node_venv_lib_python3_12_site-packages_PyQt6_Qt6_qml_QtQuick3D_ParticleEffects_designer["designer"]\n    node_venv_lib_python3_12_site-packages_PyQt6_Qt6_qml_QtQuick3D_ParticleEffects_designer --> node_venv_lib_python3_12_site-packages_PyQt6_Qt6_qml_QtQuick3D_ParticleEffects_designer_source["source"]\n    node_venv_lib_python3_12_site-packages_PyQt6_Qt6_qml_QtQuick3D_ParticleEffects_designer_source --> node_venv_lib_python3_12_site-packages_PyQt6_Qt6_qml_QtQuick3D_ParticleEffects_designer_source_particleeffect_steam_qml["particleeffect_steam.qml"]\n    Root --> node_venv["venv"]\n    node_venv --> node_venv_lib["lib"]\n    node_venv_lib --> node_venv_lib_python3_12["python3.12"]\n    node_venv_lib_python3_12 --> node_venv_lib_python3_12_site-packages["site-packages"]\n    node_venv_lib_python3_12_site-packages --> node_venv_lib_python3_12_site-packages_PyQt6["PyQt6"]\n    node_venv_lib_python3_12_site-packages_PyQt6 --> node_venv_lib_python3_12_site-packages_PyQt6_Qt6["Qt6"]\n    node_venv_lib_python3_12_site-packages_PyQt6_Qt6 --> node_venv_lib_python3_12_site-packages_PyQt6_Qt6_qml["qml"]\n    node_venv_lib_python3_12_site-packages_PyQt6_Qt6_qml --> node_venv_lib_python3_12_site-packages_PyQt6_Qt6_qml_QtQuick3D["QtQuick3D"]\n    node_venv_lib_python3_12_site-packages_PyQt6_Qt6_qml_QtQuick3D --> node_venv_lib_python3_12_site-packages_PyQt6_Qt6_qml_QtQuick3D_Xr["Xr"]\n    node_venv_lib_python3_12_site-packages_PyQt6_Qt6_qml_QtQuick3D_Xr --> node_venv_lib_python3_12_site-packages_PyQt6_Qt6_qml_QtQuick3D_Xr_XrErrorDialog_qml["XrErrorDialog.qml"]\n    Root --> node_venv["venv"]\n    node_venv --> node_venv_lib["lib"]\n    node_venv_lib --> node_venv_lib_python3_12["python3.12"]\n    node_venv_lib_python3_12 --> node_venv_lib_python3_12_site-packages["site-packages"]\n    node_venv_lib_python3_12_site-packages --> node_venv_lib_python3_12_site-packages_PyQt6["PyQt6"]\n    node_venv_lib_python3_12_site-packages_PyQt6 --> node_venv_lib_python3_12_site-packages_PyQt6_Qt6["Qt6"]\n    node_venv_lib_python3_12_site-packages_PyQt6_Qt6 --> node_venv_lib_python3_12_site-packages_PyQt6_Qt6_qml["qml"]\n    node_venv_lib_python3_12_site-packages_PyQt6_Qt6_qml --> node_venv_lib_python3_12_site-packages_PyQt6_Qt6_qml_QtQuick3D["QtQuick3D"]\n    node_venv_lib_python3_12_site-packages_PyQt6_Qt6_qml_QtQuick3D --> node_venv_lib_python3_12_site-packages_PyQt6_Qt6_qml_QtQuick3D_Xr["Xr"]\n    node_venv_lib_python3_12_site-packages_PyQt6_Qt6_qml_QtQuick3D_Xr --> node_venv_lib_python3_12_site-packages_PyQt6_Qt6_qml_QtQuick3D_Xr_libquick3dxrplugin_dylib["libquick3dxrplugin.dylib"]\n    Root --> node_venv["venv"]\n    node_venv --> node_venv_lib["lib"]\n    node_venv_lib --> node_venv_lib_python3_12["python3.12"]\n    node_venv_lib_python3_12 --> node_venv_lib_python3_12_site-packages["site-packages"]\n    node_venv_lib_python3_12_site-packages --> node_venv_lib_python3_12_site-packages_PyQt6["PyQt6"]\n    node_venv_lib_python3_12_site-packages_PyQt6 --> node_venv_lib_python3_12_site-packages_PyQt6_Qt6["Qt6"]\n    node_venv_lib_python3_12_site-packages_PyQt6_Qt6 --> node_venv_lib_python3_12_site-packages_PyQt6_Qt6_qml["qml"]\n    node_venv_lib_python3_12_site-packages_PyQt6_Qt6_qml --> node_venv_lib_python3_12_site-packages_PyQt6_Qt6_qml_QtQuick3D["QtQuick3D"]\n    node_venv_lib_python3_12_site-packages_PyQt6_Qt6_qml_QtQuick3D --> node_venv_lib_python3_12_site-packages_PyQt6_Qt6_qml_QtQuick3D_Xr["Xr"]\n    node_venv_lib_python3_12_site-packages_PyQt6_Qt6_qml_QtQuick3D_Xr --> node_venv_lib_python3_12_site-packages_PyQt6_Qt6_qml_QtQuick3D_Xr_plugins_qmltypes["plugins.qmltypes"]\n    Root --> node_venv["venv"]\n    node_venv --> node_venv_lib["lib"]\n    node_venv_lib --> node_venv_lib_python3_12["python3.12"]\n    node_venv_lib_python3_12 --> node_venv_lib_python3_12_site-packages["site-packages"]\n    node_venv_lib_python3_12_site-packages --> node_venv_lib_python3_12_site-packages_PyQt6["PyQt6"]\n    node_venv_lib_python3_12_site-packages_PyQt6 --> node_venv_lib_python3_12_site-packages_PyQt6_Qt6["Qt6"]\n    node_venv_lib_python3_12_site-packages_PyQt6_Qt6 --> node_venv_lib_python3_12_site-packages_PyQt6_Qt6_qml["qml"]\n    node_venv_lib_python3_12_site-packages_PyQt6_Qt6_qml --> node_venv_lib_python3_12_site-packages_PyQt6_Qt6_qml_QtQuick3D["QtQuick3D"]\n    node_venv_lib_python3_12_site-packages_PyQt6_Qt6_qml_QtQuick3D --> node_venv_lib_python3_12_site-packages_PyQt6_Qt6_qml_QtQuick3D_Xr["Xr"]\n    node_venv_lib_python3_12_site-packages_PyQt6_Qt6_qml_QtQuick3D_Xr --> node_venv_lib_python3_12_site-packages_PyQt6_Qt6_qml_QtQuick3D_Xr_qmldir["qmldir"]\n    Root --> node_venv["venv"]\n    node_venv --> node_venv_lib["lib"]\n    node_venv_lib --> node_venv_lib_python3_12["python3.12"]\n    node_venv_lib_python3_12 --> node_venv_lib_python3_12_site-packages["site-packages"]\n    node_venv_lib_python3_12_site-packages --> node_venv_lib_python3_12_site-packages_PyQt6["PyQt6"]\n    node_venv_lib_python3_12_site-packages_PyQt6 --> node_venv_lib_python3_12_site-packages_PyQt6_Qt6["Qt6"]\n    node_venv_lib_python3_12_site-packages_PyQt6_Qt6 --> node_venv_lib_python3_12_site-packages_PyQt6_Qt6_qml["qml"]\n    node_venv_lib_python3_12_site-packages_PyQt6_Qt6_qml --> node_venv_lib_python3_12_site-packages_PyQt6_Qt6_qml_QtQuick3D["QtQuick3D"]\n    node_venv_lib_python3_12_site-packages_PyQt6_Qt6_qml_QtQuick3D --> node_venv_lib_python3_12_site-packages_PyQt6_Qt6_qml_QtQuick3D_AssetUtils["AssetUtils"]\n    node_venv_lib_python3_12_site-packages_PyQt6_Qt6_qml_QtQuick3D_AssetUtils --> node_venv_lib_python3_12_site-packages_PyQt6_Qt6_qml_QtQuick3D_AssetUtils_libqtquick3dassetutilsplugin_dylib["libqtquick3dassetutilsplugin.dylib"]\n    Root --> node_venv["venv"]\n    node_venv --> node_venv_lib["lib"]\n    node_venv_lib --> node_venv_lib_python3_12["python3.12"]\n    node_venv_lib_python3_12 --> node_venv_lib_python3_12_site-packages["site-packages"]\n    node_venv_lib_python3_12_site-packages --> node_venv_lib_python3_12_site-packages_PyQt6["PyQt6"]\n    node_venv_lib_python3_12_site-packages_PyQt6 --> node_venv_lib_python3_12_site-packages_PyQt6_Qt6["Qt6"]\n    node_venv_lib_python3_12_site-packages_PyQt6_Qt6 --> node_venv_lib_python3_12_site-packages_PyQt6_Qt6_qml["qml"]\n    node_venv_lib_python3_12_site-packages_PyQt6_Qt6_qml --> node_venv_lib_python3_12_site-packages_PyQt6_Qt6_qml_QtQuick3D["QtQuick3D"]\n    node_venv_lib_python3_12_site-packages_PyQt6_Qt6_qml_QtQuick3D --> node_venv_lib_python3_12_site-packages_PyQt6_Qt6_qml_QtQuick3D_AssetUtils["AssetUtils"]\n    node_venv_lib_python3_12_site-packages_PyQt6_Qt6_qml_QtQuick3D_AssetUtils --> node_venv_lib_python3_12_site-packages_PyQt6_Qt6_qml_QtQuick3D_AssetUtils_plugins_qmltypes["plugins.qmltypes"]\n    Root --> node_venv["venv"]\n    node_venv --> node_venv_lib["lib"]\n    node_venv_lib --> node_venv_lib_python3_12["python3.12"]\n    node_venv_lib_python3_12 --> node_venv_lib_python3_12_site-packages["site-packages"]\n    node_venv_lib_python3_12_site-packages --> node_venv_lib_python3_12_site-packages_PyQt6["PyQt6"]\n    node_venv_lib_python3_12_site-packages_PyQt6 --> node_venv_lib_python3_12_site-packages_PyQt6_Qt6["Qt6"]\n    node_venv_lib_python3_12_site-packages_PyQt6_Qt6 --> node_venv_lib_python3_12_site-packages_PyQt6_Qt6_qml["qml"]\n    node_venv_lib_python3_12_site-packages_PyQt6_Qt6_qml --> node_venv_lib_python3_12_site-packages_PyQt6_Qt6_qml_QtQuick3D["QtQuick3D"]\n    node_venv_lib_python3_12_site-packages_PyQt6_Qt6_qml_QtQuick3D --> node_venv_lib_python3_12_site-packages_PyQt6_Qt6_qml_QtQuick3D_AssetUtils["AssetUtils"]\n    node_venv_lib_python3_12_site-packages_PyQt6_Qt6_qml_QtQuick3D_AssetUtils --> node_venv_lib_python3_12_site-packages_PyQt6_Qt6_qml_QtQuick3D_AssetUtils_qmldir["qmldir"]\n    Root --> node_venv["venv"]\n    node_venv --> node_venv_lib["lib"]\n    node_venv_lib --> node_venv_lib_python3_12["python3.12"]\n    node_venv_lib_python3_12 --> node_venv_lib_python3_12_site-packages["site-packages"]\n    node_venv_lib_python3_12_site-packages --> node_venv_lib_python3_12_site-packages_PyQt6["PyQt6"]\n    node_venv_lib_python3_12_site-packages_PyQt6 --> node_venv_lib_python3_12_site-packages_PyQt6_Qt6["Qt6"]\n    node_venv_lib_python3_12_site-packages_PyQt6_Qt6 --> node_venv_lib_python3_12_site-packages_PyQt6_Qt6_qml["qml"]\n    node_venv_lib_python3_12_site-packages_PyQt6_Qt6_qml --> node_venv_lib_python3_12_site-packages_PyQt6_Qt6_qml_QtQuick3D["QtQuick3D"]\n    node_venv_lib_python3_12_site-packages_PyQt6_Qt6_qml_QtQuick3D --> node_venv_lib_python3_12_site-packages_PyQt6_Qt6_qml_QtQuick3D_AssetUtils["AssetUtils"]\n    node_venv_lib_python3_12_site-packages_PyQt6_Qt6_qml_QtQuick3D_AssetUtils --> node_venv_lib_python3_12_site-packages_PyQt6_Qt6_qml_QtQuick3D_AssetUtils_designer["designer"]\n    node_venv_lib_python3_12_site-packages_PyQt6_Qt6_qml_QtQuick3D_AssetUtils_designer --> node_venv_lib_python3_12_site-packages_PyQt6_Qt6_qml_QtQuick3D_AssetUtils_designer_NodeSection_qml["NodeSection.qml"]\n    Root --> node_venv["venv"]\n    node_venv --> node_venv_lib["lib"]\n    node_venv_lib --> node_venv_lib_python3_12["python3.12"]\n    node_venv_lib_python3_12 --> node_venv_lib_python3_12_site-packages["site-packages"]\n    node_venv_lib_python3_12_site-packages --> node_venv_lib_python3_12_site-packages_PyQt6["PyQt6"]\n    node_venv_lib_python3_12_site-packages_PyQt6 --> node_venv_lib_python3_12_site-packages_PyQt6_Qt6["Qt6"]\n    node_venv_lib_python3_12_site-packages_PyQt6_Qt6 --> node_venv_lib_python3_12_site-packages_PyQt6_Qt6_qml["qml"]\n    node_venv_lib_python3_12_site-packages_PyQt6_Qt6_qml --> node_venv_lib_python3_12_site-packages_PyQt6_Qt6_qml_QtQuick3D["QtQuick3D"]\n    node_venv_lib_python3_12_site-packages_PyQt6_Qt6_qml_QtQuick3D --> node_venv_lib_python3_12_site-packages_PyQt6_Qt6_qml_QtQuick3D_AssetUtils["AssetUtils"]\n    node_venv_lib_python3_12_site-packages_PyQt6_Qt6_qml_QtQuick3D_AssetUtils --> node_venv_lib_python3_12_site-packages_PyQt6_Qt6_qml_QtQuick3D_AssetUtils_designer["designer"]\n    node_venv_lib_python3_12_site-packages_PyQt6_Qt6_qml_QtQuick3D_AssetUtils_designer --> node_venv_lib_python3_12_site-packages_PyQt6_Qt6_qml_QtQuick3D_AssetUtils_designer_RuntimeLoaderSection_qml["RuntimeLoaderSection.qml"]\n    Root --> node_venv["venv"]\n    node_venv --> node_venv_lib["lib"]\n    node_venv_lib --> node_venv_lib_python3_12["python3.12"]\n    node_venv_lib_python3_12 --> node_venv_lib_python3_12_site-packages["site-packages"]\n    node_venv_lib_python3_12_site-packages --> node_venv_lib_python3_12_site-packages_PyQt6["PyQt6"]\n    node_venv_lib_python3_12_site-packages_PyQt6 --> node_venv_lib_python3_12_site-packages_PyQt6_Qt6["Qt6"]\n    node_venv_lib_python3_12_site-packages_PyQt6_Qt6 --> node_venv_lib_python3_12_site-packages_PyQt6_Qt6_qml["qml"]\n    node_venv_lib_python3_12_site-packages_PyQt6_Qt6_qml --> node_venv_lib_python3_12_site-packages_PyQt6_Qt6_qml_QtQuick3D["QtQuick3D"]\n    node_venv_lib_python3_12_site-packages_PyQt6_Qt6_qml_QtQuick3D --> node_venv_lib_python3_12_site-packages_PyQt6_Qt6_qml_QtQuick3D_AssetUtils["AssetUtils"]\n    node_venv_lib_python3_12_site-packages_PyQt6_Qt6_qml_QtQuick3D_AssetUtils --> node_venv_lib_python3_12_site-packages_PyQt6_Qt6_qml_QtQuick3D_AssetUtils_designer["designer"]\n    node_venv_lib_python3_12_site-packages_PyQt6_Qt6_qml_QtQuick3D_AssetUtils_designer --> node_venv_lib_python3_12_site-packages_PyQt6_Qt6_qml_QtQuick3D_AssetUtils_designer_RuntimeLoaderSpecifics_qml["RuntimeLoaderSpecifics.qml"]\n    Root --> node_venv["venv"]\n    node_venv --> node_venv_lib["lib"]\n    node_venv_lib --> node_venv_lib_python3_12["python3.12"]\n    node_venv_lib_python3_12 --> node_venv_lib_python3_12_site-packages["site-packages"]\n    node_venv_lib_python3_12_site-packages --> node_venv_lib_python3_12_site-packages_PyQt6["PyQt6"]\n    node_venv_lib_python3_12_site-packages_PyQt6 --> node_venv_lib_python3_12_site-packages_PyQt6_Qt6["Qt6"]\n    node_venv_lib_python3_12_site-packages_PyQt6_Qt6 --> node_venv_lib_python3_12_site-packages_PyQt6_Qt6_qml["qml"]\n    node_venv_lib_python3_12_site-packages_PyQt6_Qt6_qml --> node_venv_lib_python3_12_site-packages_PyQt6_Qt6_qml_QtQuick3D["QtQuick3D"]\n    node_venv_lib_python3_12_site-packages_PyQt6_Qt6_qml_QtQuick3D --> node_venv_lib_python3_12_site-packages_PyQt6_Qt6_qml_QtQuick3D_AssetUtils["AssetUtils"]\n    node_venv_lib_python3_12_site-packages_PyQt6_Qt6_qml_QtQuick3D_AssetUtils --> node_venv_lib_python3_12_site-packages_PyQt6_Qt6_qml_QtQuick3D_AssetUtils_designer["designer"]\n    node_venv_lib_python3_12_site-packages_PyQt6_Qt6_qml_QtQuick3D_AssetUtils_designer --> node_venv_lib_python3_12_site-packages_PyQt6_Qt6_qml_QtQuick3D_AssetUtils_designer_assetutils_metainfo["assetutils.metainfo"]\n    Root --> node_venv["venv"]\n    node_venv --> node_venv_lib["lib"]\n    node_venv_lib --> node_venv_lib_python3_12["python3.12"]\n    node_venv_lib_python3_12 --> node_venv_lib_python3_12_site-packages["site-packages"]\n    node_venv_lib_python3_12_site-packages --> node_venv_lib_python3_12_site-packages_PyQt6["PyQt6"]\n    node_venv_lib_python3_12_site-packages_PyQt6 --> node_venv_lib_python3_12_site-packages_PyQt6_Qt6["Qt6"]\n    node_venv_lib_python3_12_site-packages_PyQt6_Qt6 --> node_venv_lib_python3_12_site-packages_PyQt6_Qt6_qml["qml"]\n    node_venv_lib_python3_12_site-packages_PyQt6_Qt6_qml --> node_venv_lib_python3_12_site-packages_PyQt6_Qt6_qml_QtQuick3D["QtQuick3D"]\n    node_venv_lib_python3_12_site-packages_PyQt6_Qt6_qml_QtQuick3D --> node_venv_lib_python3_12_site-packages_PyQt6_Qt6_qml_QtQuick3D_AssetUtils["AssetUtils"]\n    node_venv_lib_python3_12_site-packages_PyQt6_Qt6_qml_QtQuick3D_AssetUtils --> node_venv_lib_python3_12_site-packages_PyQt6_Qt6_qml_QtQuick3D_AssetUtils_designer["designer"]\n    node_venv_lib_python3_12_site-packages_PyQt6_Qt6_qml_QtQuick3D_AssetUtils_designer --> node_venv_lib_python3_12_site-packages_PyQt6_Qt6_qml_QtQuick3D_AssetUtils_designer_images["images"]\n    node_venv_lib_python3_12_site-packages_PyQt6_Qt6_qml_QtQuick3D_AssetUtils_designer_images --> node_venv_lib_python3_12_site-packages_PyQt6_Qt6_qml_QtQuick3D_AssetUtils_designer_images_dummy_png["dummy.png"]\n    Root --> node_venv["venv"]\n    node_venv --> node_venv_lib["lib"]\n    node_venv_lib --> node_venv_lib_python3_12["python3.12"]\n    node_venv_lib_python3_12 --> node_venv_lib_python3_12_site-packages["site-packages"]\n    node_venv_lib_python3_12_site-packages --> node_venv_lib_python3_12_site-packages_PyQt6["PyQt6"]\n    node_venv_lib_python3_12_site-packages_PyQt6 --> node_venv_lib_python3_12_site-packages_PyQt6_Qt6["Qt6"]\n    node_venv_lib_python3_12_site-packages_PyQt6_Qt6 --> node_venv_lib_python3_12_site-packages_PyQt6_Qt6_qml["qml"]\n    node_venv_lib_python3_12_site-packages_PyQt6_Qt6_qml --> node_venv_lib_python3_12_site-packages_PyQt6_Qt6_qml_QtQuick3D["QtQuick3D"]\n    node_venv_lib_python3_12_site-packages_PyQt6_Qt6_qml_QtQuick3D --> node_venv_lib_python3_12_site-packages_PyQt6_Qt6_qml_QtQuick3D_AssetUtils["AssetUtils"]\n    node_venv_lib_python3_12_site-packages_PyQt6_Qt6_qml_QtQuick3D_AssetUtils --> node_venv_lib_python3_12_site-packages_PyQt6_Qt6_qml_QtQuick3D_AssetUtils_designer["designer"]\n    node_venv_lib_python3_12_site-packages_PyQt6_Qt6_qml_QtQuick3D_AssetUtils_designer --> node_venv_lib_python3_12_site-packages_PyQt6_Qt6_qml_QtQuick3D_AssetUtils_designer_images["images"]\n    node_venv_lib_python3_12_site-packages_PyQt6_Qt6_qml_QtQuick3D_AssetUtils_designer_images --> node_venv_lib_python3_12_site-packages_PyQt6_Qt6_qml_QtQuick3D_AssetUtils_designer_images_dummy16_png["dummy16.png"]\n    Root --> node_venv["venv"]\n    node_venv --> node_venv_lib["lib"]\n    node_venv_lib --> node_venv_lib_python3_12["python3.12"]\n    node_venv_lib_python3_12 --> node_venv_lib_python3_12_site-packages["site-packages"]\n    node_venv_lib_python3_12_site-packages --> node_venv_lib_python3_12_site-packages_PyQt6["PyQt6"]\n    node_venv_lib_python3_12_site-packages_PyQt6 --> node_venv_lib_python3_12_site-packages_PyQt6_Qt6["Qt6"]\n    node_venv_lib_python3_12_site-packages_PyQt6_Qt6 --> node_venv_lib_python3_12_site-packages_PyQt6_Qt6_qml["qml"]\n    node_venv_lib_python3_12_site-packages_PyQt6_Qt6_qml --> node_venv_lib_python3_12_site-packages_PyQt6_Qt6_qml_QtQuick3D["QtQuick3D"]\n    node_venv_lib_python3_12_site-packages_PyQt6_Qt6_qml_QtQuick3D --> node_venv_lib_python3_12_site-packages_PyQt6_Qt6_qml_QtQuick3D_AssetUtils["AssetUtils"]\n    node_venv_lib_python3_12_site-packages_PyQt6_Qt6_qml_QtQuick3D_AssetUtils --> node_venv_lib_python3_12_site-packages_PyQt6_Qt6_qml_QtQuick3D_AssetUtils_designer["designer"]\n    node_venv_lib_python3_12_site-packages_PyQt6_Qt6_qml_QtQuick3D_AssetUtils_designer --> node_venv_lib_python3_12_site-packages_PyQt6_Qt6_qml_QtQuick3D_AssetUtils_designer_images["images"]\n    node_venv_lib_python3_12_site-packages_PyQt6_Qt6_qml_QtQuick3D_AssetUtils_designer_images --> node_venv_lib_python3_12_site-packages_PyQt6_Qt6_qml_QtQuick3D_AssetUtils_designer_images_dummy@2x_png["dummy@2x.png"]\n    Root --> node_venv["venv"]\n    node_venv --> node_venv_lib["lib"]\n    node_venv_lib --> node_venv_lib_python3_12["python3.12"]\n    node_venv_lib_python3_12 --> node_venv_lib_python3_12_site-packages["site-packages"]\n    node_venv_lib_python3_12_site-packages --> node_venv_lib_python3_12_site-packages_PyQt6["PyQt6"]\n    node_venv_lib_python3_12_site-packages_PyQt6 --> node_venv_lib_python3_12_site-packages_PyQt6_Qt6["Qt6"]\n    node_venv_lib_python3_12_site-packages_PyQt6_Qt6 --> node_venv_lib_python3_12_site-packages_PyQt6_Qt6_qml["qml"]\n    node_venv_lib_python3_12_site-packages_PyQt6_Qt6_qml --> node_venv_lib_python3_12_site-packages_PyQt6_Qt6_qml_QtQuick3D["QtQuick3D"]\n    node_venv_lib_python3_12_site-packages_PyQt6_Qt6_qml_QtQuick3D --> node_venv_lib_python3_12_site-packages_PyQt6_Qt6_qml_QtQuick3D_AssetUtils["AssetUtils"]\n    node_venv_lib_python3_12_site-packages_PyQt6_Qt6_qml_QtQuick3D_AssetUtils --> node_venv_lib_python3_12_site-packages_PyQt6_Qt6_qml_QtQuick3D_AssetUtils_designer["designer"]\n    node_venv_lib_python3_12_site-packages_PyQt6_Qt6_qml_QtQuick3D_AssetUtils_designer --> node_venv_lib_python3_12_site-packages_PyQt6_Qt6_qml_QtQuick3D_AssetUtils_designer_images["images"]\n    node_venv_lib_python3_12_site-packages_PyQt6_Qt6_qml_QtQuick3D_AssetUtils_designer_images --> node_venv_lib_python3_12_site-packages_PyQt6_Qt6_qml_QtQuick3D_AssetUtils_designer_images_runtimeloader_png["runtimeloader.png"]\n    Root --> node_venv["venv"]\n    node_venv --> node_venv_lib["lib"]\n    node_venv_lib --> node_venv_lib_python3_12["python3.12"]\n    node_venv_lib_python3_12 --> node_venv_lib_python3_12_site-packages["site-packages"]\n    node_venv_lib_python3_12_site-packages --> node_venv_lib_python3_12_site-packages_PyQt6["PyQt6"]\n    node_venv_lib_python3_12_site-packages_PyQt6 --> node_venv_lib_python3_12_site-packages_PyQt6_Qt6["Qt6"]\n    node_venv_lib_python3_12_site-packages_PyQt6_Qt6 --> node_venv_lib_python3_12_site-packages_PyQt6_Qt6_qml["qml"]\n    node_venv_lib_python3_12_site-packages_PyQt6_Qt6_qml --> node_venv_lib_python3_12_site-packages_PyQt6_Qt6_qml_QtQuick3D["QtQuick3D"]\n    node_venv_lib_python3_12_site-packages_PyQt6_Qt6_qml_QtQuick3D --> node_venv_lib_python3_12_site-packages_PyQt6_Qt6_qml_QtQuick3D_AssetUtils["AssetUtils"]\n    node_venv_lib_python3_12_site-packages_PyQt6_Qt6_qml_QtQuick3D_AssetUtils --> node_venv_lib_python3_12_site-packages_PyQt6_Qt6_qml_QtQuick3D_AssetUtils_designer["designer"]\n    node_venv_lib_python3_12_site-packages_PyQt6_Qt6_qml_QtQuick3D_AssetUtils_designer --> node_venv_lib_python3_12_site-packages_PyQt6_Qt6_qml_QtQuick3D_AssetUtils_designer_images["images"]\n    node_venv_lib_python3_12_site-packages_PyQt6_Qt6_qml_QtQuick3D_AssetUtils_designer_images --> node_venv_lib_python3_12_site-packages_PyQt6_Qt6_qml_QtQuick3D_AssetUtils_designer_images_runtimeloader16_png["runtimeloader16.png"]\n    Root --> node_venv["venv"]\n    node_venv --> node_venv_lib["lib"]\n    node_venv_lib --> node_venv_lib_python3_12["python3.12"]\n    node_venv_lib_python3_12 --> node_venv_lib_python3_12_site-packages["site-packages"]\n    node_venv_lib_python3_12_site-packages --> node_venv_lib_python3_12_site-packages_PyQt6["PyQt6"]\n    node_venv_lib_python3_12_site-packages_PyQt6 --> node_venv_lib_python3_12_site-packages_PyQt6_Qt6["Qt6"]\n    node_venv_lib_python3_12_site-packages_PyQt6_Qt6 --> node_venv_lib_python3_12_site-packages_PyQt6_Qt6_qml["qml"]\n    node_venv_lib_python3_12_site-packages_PyQt6_Qt6_qml --> node_venv_lib_python3_12_site-packages_PyQt6_Qt6_qml_QtQuick3D["QtQuick3D"]\n    node_venv_lib_python3_12_site-packages_PyQt6_Qt6_qml_QtQuick3D --> node_venv_lib_python3_12_site-packages_PyQt6_Qt6_qml_QtQuick3D_AssetUtils["AssetUtils"]\n    node_venv_lib_python3_12_site-packages_PyQt6_Qt6_qml_QtQuick3D_AssetUtils --> node_venv_lib_python3_12_site-packages_PyQt6_Qt6_qml_QtQuick3D_AssetUtils_designer["designer"]\n    node_venv_lib_python3_12_site-packages_PyQt6_Qt6_qml_QtQuick3D_AssetUtils_designer --> node_venv_lib_python3_12_site-packages_PyQt6_Qt6_qml_QtQuick3D_AssetUtils_designer_images["images"]\n    node_venv_lib_python3_12_site-packages_PyQt6_Qt6_qml_QtQuick3D_AssetUtils_designer_images --> node_venv_lib_python3_12_site-packages_PyQt6_Qt6_qml_QtQuick3D_AssetUtils_designer_images_runtimeloader@2x_png["runtimeloader@2x.png"]\n    Root --> node_venv["venv"]\n    node_venv --> node_venv_lib["lib"]\n    node_venv_lib --> node_venv_lib_python3_12["python3.12"]\n    node_venv_lib_python3_12 --> node_venv_lib_python3_12_site-packages["site-packages"]\n    node_venv_lib_python3_12_site-packages --> node_venv_lib_python3_12_site-packages_PyQt6["PyQt6"]\n    node_venv_lib_python3_12_site-packages_PyQt6 --> node_venv_lib_python3_12_site-packages_PyQt6_Qt6["Qt6"]\n    node_venv_lib_python3_12_site-packages_PyQt6_Qt6 --> node_venv_lib_python3_12_site-packages_PyQt6_Qt6_qml["qml"]\n    node_venv_lib_python3_12_site-packages_PyQt6_Qt6_qml --> node_venv_lib_python3_12_site-packages_PyQt6_Qt6_qml_QtQuick3D["QtQuick3D"]\n    node_venv_lib_python3_12_site-packages_PyQt6_Qt6_qml_QtQuick3D --> node_venv_lib_python3_12_site-packages_PyQt6_Qt6_qml_QtQuick3D_SpatialAudio["SpatialAudio"]\n    node_venv_lib_python3_12_site-packages_PyQt6_Qt6_qml_QtQuick3D_SpatialAudio --> node_venv_lib_python3_12_site-packages_PyQt6_Qt6_qml_QtQuick3D_SpatialAudio_libquick3dspatialaudioplugin_dylib["libquick3dspatialaudioplugin.dylib"]\n    Root --> node_venv["venv"]\n    node_venv --> node_venv_lib["lib"]\n    node_venv_lib --> node_venv_lib_python3_12["python3.12"]\n    node_venv_lib_python3_12 --> node_venv_lib_python3_12_site-packages["site-packages"]\n    node_venv_lib_python3_12_site-packages --> node_venv_lib_python3_12_site-packages_PyQt6["PyQt6"]\n    node_venv_lib_python3_12_site-packages_PyQt6 --> node_venv_lib_python3_12_site-packages_PyQt6_Qt6["Qt6"]\n    node_venv_lib_python3_12_site-packages_PyQt6_Qt6 --> node_venv_lib_python3_12_site-packages_PyQt6_Qt6_qml["qml"]\n    node_venv_lib_python3_12_site-packages_PyQt6_Qt6_qml --> node_venv_lib_python3_12_site-packages_PyQt6_Qt6_qml_QtQuick3D["QtQuick3D"]\n    node_venv_lib_python3_12_site-packages_PyQt6_Qt6_qml_QtQuick3D --> node_venv_lib_python3_12_site-packages_PyQt6_Qt6_qml_QtQuick3D_SpatialAudio["SpatialAudio"]\n    node_venv_lib_python3_12_site-packages_PyQt6_Qt6_qml_QtQuick3D_SpatialAudio --> node_venv_lib_python3_12_site-packages_PyQt6_Qt6_qml_QtQuick3D_SpatialAudio_plugins_qmltypes["plugins.qmltypes"]\n    Root --> node_venv["venv"]\n    node_venv --> node_venv_lib["lib"]\n    node_venv_lib --> node_venv_lib_python3_12["python3.12"]\n    node_venv_lib_python3_12 --> node_venv_lib_python3_12_site-packages["site-packages"]\n    node_venv_lib_python3_12_site-packages --> node_venv_lib_python3_12_site-packages_PyQt6["PyQt6"]\n    node_venv_lib_python3_12_site-packages_PyQt6 --> node_venv_lib_python3_12_site-packages_PyQt6_Qt6["Qt6"]\n    node_venv_lib_python3_12_site-packages_PyQt6_Qt6 --> node_venv_lib_python3_12_site-packages_PyQt6_Qt6_qml["qml"]\n    node_venv_lib_python3_12_site-packages_PyQt6_Qt6_qml --> node_venv_lib_python3_12_site-packages_PyQt6_Qt6_qml_QtQuick3D["QtQuick3D"]\n    node_venv_lib_python3_12_site-packages_PyQt6_Qt6_qml_QtQuick3D --> node_venv_lib_python3_12_site-packages_PyQt6_Qt6_qml_QtQuick3D_SpatialAudio["SpatialAudio"]\n    node_venv_lib_python3_12_site-packages_PyQt6_Qt6_qml_QtQuick3D_SpatialAudio --> node_venv_lib_python3_12_site-packages_PyQt6_Qt6_qml_QtQuick3D_SpatialAudio_qmldir["qmldir"]\n    Root --> node_venv["venv"]\n    node_venv --> node_venv_lib["lib"]\n    node_venv_lib --> node_venv_lib_python3_12["python3.12"]\n    node_venv_lib_python3_12 --> node_venv_lib_python3_12_site-packages["site-packages"]\n    node_venv_lib_python3_12_site-packages --> node_venv_lib_python3_12_site-packages_PyQt6["PyQt6"]\n    node_venv_lib_python3_12_site-packages_PyQt6 --> node_venv_lib_python3_12_site-packages_PyQt6_Qt6["Qt6"]\n    node_venv_lib_python3_12_site-packages_PyQt6_Qt6 --> node_venv_lib_python3_12_site-packages_PyQt6_Qt6_qml["qml"]\n    node_venv_lib_python3_12_site-packages_PyQt6_Qt6_qml --> node_venv_lib_python3_12_site-packages_PyQt6_Qt6_qml_QtQuick3D["QtQuick3D"]\n    node_venv_lib_python3_12_site-packages_PyQt6_Qt6_qml_QtQuick3D --> node_venv_lib_python3_12_site-packages_PyQt6_Qt6_qml_QtQuick3D_designer["designer"]\n    node_venv_lib_python3_12_site-packages_PyQt6_Qt6_qml_QtQuick3D_designer --> node_venv_lib_python3_12_site-packages_PyQt6_Qt6_qml_QtQuick3D_designer_AbstractLightSection_qml["AbstractLightSection.qml"]\n    Root --> node_venv["venv"]\n    node_venv --> node_venv_lib["lib"]\n    node_venv_lib --> node_venv_lib_python3_12["python3.12"]\n    node_venv_lib_python3_12 --> node_venv_lib_python3_12_site-packages["site-packages"]\n    node_venv_lib_python3_12_site-packages --> node_venv_lib_python3_12_site-packages_PyQt6["PyQt6"]\n    node_venv_lib_python3_12_site-packages_PyQt6 --> node_venv_lib_python3_12_site-packages_PyQt6_Qt6["Qt6"]\n    node_venv_lib_python3_12_site-packages_PyQt6_Qt6 --> node_venv_lib_python3_12_site-packages_PyQt6_Qt6_qml["qml"]\n    node_venv_lib_python3_12_site-packages_PyQt6_Qt6_qml --> node_venv_lib_python3_12_site-packages_PyQt6_Qt6_qml_QtQuick3D["QtQuick3D"]\n    node_venv_lib_python3_12_site-packages_PyQt6_Qt6_qml_QtQuick3D --> node_venv_lib_python3_12_site-packages_PyQt6_Qt6_qml_QtQuick3D_designer["designer"]\n    node_venv_lib_python3_12_site-packages_PyQt6_Qt6_qml_QtQuick3D_designer --> node_venv_lib_python3_12_site-packages_PyQt6_Qt6_qml_QtQuick3D_designer_BufferInputSection_qml["BufferInputSection.qml"]\n    Root --> node_venv["venv"]\n    node_venv --> node_venv_lib["lib"]\n    node_venv_lib --> node_venv_lib_python3_12["python3.12"]\n    node_venv_lib_python3_12 --> node_venv_lib_python3_12_site-packages["site-packages"]\n    node_venv_lib_python3_12_site-packages --> node_venv_lib_python3_12_site-packages_PyQt6["PyQt6"]\n    node_venv_lib_python3_12_site-packages_PyQt6 --> node_venv_lib_python3_12_site-packages_PyQt6_Qt6["Qt6"]\n    node_venv_lib_python3_12_site-packages_PyQt6_Qt6 --> node_venv_lib_python3_12_site-packages_PyQt6_Qt6_qml["qml"]\n    node_venv_lib_python3_12_site-packages_PyQt6_Qt6_qml --> node_venv_lib_python3_12_site-packages_PyQt6_Qt6_qml_QtQuick3D["QtQuick3D"]\n    node_venv_lib_python3_12_site-packages_PyQt6_Qt6_qml_QtQuick3D --> node_venv_lib_python3_12_site-packages_PyQt6_Qt6_qml_QtQuick3D_designer["designer"]\n    node_venv_lib_python3_12_site-packages_PyQt6_Qt6_qml_QtQuick3D_designer --> node_venv_lib_python3_12_site-packages_PyQt6_Qt6_qml_QtQuick3D_designer_BufferInputSpecifics_qml["BufferInputSpecifics.qml"]\n    Root --> node_venv["venv"]\n    node_venv --> node_venv_lib["lib"]\n    node_venv_lib --> node_venv_lib_python3_12["python3.12"]\n    node_venv_lib_python3_12 --> node_venv_lib_python3_12_site-packages["site-packages"]\n    node_venv_lib_python3_12_site-packages --> node_venv_lib_python3_12_site-packages_PyQt6["PyQt6"]\n    node_venv_lib_python3_12_site-packages_PyQt6 --> node_venv_lib_python3_12_site-packages_PyQt6_Qt6["Qt6"]\n    node_venv_lib_python3_12_site-packages_PyQt6_Qt6 --> node_venv_lib_python3_12_site-packages_PyQt6_Qt6_qml["qml"]\n    node_venv_lib_python3_12_site-packages_PyQt6_Qt6_qml --> node_venv_lib_python3_12_site-packages_PyQt6_Qt6_qml_QtQuick3D["QtQuick3D"]\n    node_venv_lib_python3_12_site-packages_PyQt6_Qt6_qml_QtQuick3D --> node_venv_lib_python3_12_site-packages_PyQt6_Qt6_qml_QtQuick3D_designer["designer"]\n    node_venv_lib_python3_12_site-packages_PyQt6_Qt6_qml_QtQuick3D_designer --> node_venv_lib_python3_12_site-packages_PyQt6_Qt6_qml_QtQuick3D_designer_BufferSection_qml["BufferSection.qml"]\n    Root --> node_venv["venv"]\n    node_venv --> node_venv_lib["lib"]\n    node_venv_lib --> node_venv_lib_python3_12["python3.12"]\n    node_venv_lib_python3_12 --> node_venv_lib_python3_12_site-packages["site-packages"]\n    node_venv_lib_python3_12_site-packages --> node_venv_lib_python3_12_site-packages_PyQt6["PyQt6"]\n    node_venv_lib_python3_12_site-packages_PyQt6 --> node_venv_lib_python3_12_site-packages_PyQt6_Qt6["Qt6"]\n    node_venv_lib_python3_12_site-packages_PyQt6_Qt6 --> node_venv_lib_python3_12_site-packages_PyQt6_Qt6_qml["qml"]\n    node_venv_lib_python3_12_site-packages_PyQt6_Qt6_qml --> node_venv_lib_python3_12_site-packages_PyQt6_Qt6_qml_QtQuick3D["QtQuick3D"]\n    node_venv_lib_python3_12_site-packages_PyQt6_Qt6_qml_QtQuick3D --> node_venv_lib_python3_12_site-packages_PyQt6_Qt6_qml_QtQuick3D_designer["designer"]\n    node_venv_lib_python3_12_site-packages_PyQt6_Qt6_qml_QtQuick3D_designer --> node_venv_lib_python3_12_site-packages_PyQt6_Qt6_qml_QtQuick3D_designer_BufferSpecifics_qml["BufferSpecifics.qml"]\n    Root --> node_venv["venv"]\n    node_venv --> node_venv_lib["lib"]\n    node_venv_lib --> node_venv_lib_python3_12["python3.12"]\n    node_venv_lib_python3_12 --> node_venv_lib_python3_12_site-packages["site-packages"]\n    node_venv_lib_python3_12_site-packages --> node_venv_lib_python3_12_site-packages_PyQt6["PyQt6"]\n    node_venv_lib_python3_12_site-packages_PyQt6 --> node_venv_lib_python3_12_site-packages_PyQt6_Qt6["Qt6"]\n    node_venv_lib_python3_12_site-packages_PyQt6_Qt6 --> node_venv_lib_python3_12_site-packages_PyQt6_Qt6_qml["qml"]\n    node_venv_lib_python3_12_site-packages_PyQt6_Qt6_qml --> node_venv_lib_python3_12_site-packages_PyQt6_Qt6_qml_QtQuick3D["QtQuick3D"]\n    node_venv_lib_python3_12_site-packages_PyQt6_Qt6_qml_QtQuick3D --> node_venv_lib_python3_12_site-packages_PyQt6_Qt6_qml_QtQuick3D_designer["designer"]\n    node_venv_lib_python3_12_site-packages_PyQt6_Qt6_qml_QtQuick3D_designer --> node_venv_lib_python3_12_site-packages_PyQt6_Qt6_qml_QtQuick3D_designer_CameraSection_qml["CameraSection.qml"]\n    Root --> node_venv["venv"]\n    node_venv --> node_venv_lib["lib"]\n    node_venv_lib --> node_venv_lib_python3_12["python3.12"]\n    node_venv_lib_python3_12 --> node_venv_lib_python3_12_site-packages["site-packages"]\n    node_venv_lib_python3_12_site-packages --> node_venv_lib_python3_12_site-packages_PyQt6["PyQt6"]\n    node_venv_lib_python3_12_site-packages_PyQt6 --> node_venv_lib_python3_12_site-packages_PyQt6_Qt6["Qt6"]\n    node_venv_lib_python3_12_site-packages_PyQt6_Qt6 --> node_venv_lib_python3_12_site-packages_PyQt6_Qt6_qml["qml"]\n    node_venv_lib_python3_12_site-packages_PyQt6_Qt6_qml --> node_venv_lib_python3_12_site-packages_PyQt6_Qt6_qml_QtQuick3D["QtQuick3D"]\n    node_venv_lib_python3_12_site-packages_PyQt6_Qt6_qml_QtQuick3D --> node_venv_lib_python3_12_site-packages_PyQt6_Qt6_qml_QtQuick3D_designer["designer"]\n    node_venv_lib_python3_12_site-packages_PyQt6_Qt6_qml_QtQuick3D_designer --> node_venv_lib_python3_12_site-packages_PyQt6_Qt6_qml_QtQuick3D_designer_CascadesSection_qml["CascadesSection.qml"]\n    Root --> node_venv["venv"]\n    node_venv --> node_venv_lib["lib"]\n    node_venv_lib --> node_venv_lib_python3_12["python3.12"]\n    node_venv_lib_python3_12 --> node_venv_lib_python3_12_site-packages["site-packages"]\n    node_venv_lib_python3_12_site-packages --> node_venv_lib_python3_12_site-packages_PyQt6["PyQt6"]\n    node_venv_lib_python3_12_site-packages_PyQt6 --> node_venv_lib_python3_12_site-packages_PyQt6_Qt6["Qt6"]\n    node_venv_lib_python3_12_site-packages_PyQt6_Qt6 --> node_venv_lib_python3_12_site-packages_PyQt6_Qt6_qml["qml"]\n    node_venv_lib_python3_12_site-packages_PyQt6_Qt6_qml --> node_venv_lib_python3_12_site-packages_PyQt6_Qt6_qml_QtQuick3D["QtQuick3D"]\n    node_venv_lib_python3_12_site-packages_PyQt6_Qt6_qml_QtQuick3D --> node_venv_lib_python3_12_site-packages_PyQt6_Qt6_qml_QtQuick3D_designer["designer"]\n    node_venv_lib_python3_12_site-packages_PyQt6_Qt6_qml_QtQuick3D_designer --> node_venv_lib_python3_12_site-packages_PyQt6_Qt6_qml_QtQuick3D_designer_CubeMapTextureSpecifics_qml["CubeMapTextureSpecifics.qml"]\n    Root --> node_venv["venv"]\n    node_venv --> node_venv_lib["lib"]\n    node_venv_lib --> node_venv_lib_python3_12["python3.12"]\n    node_venv_lib_python3_12 --> node_venv_lib_python3_12_site-packages["site-packages"]\n    node_venv_lib_python3_12_site-packages --> node_venv_lib_python3_12_site-packages_PyQt6["PyQt6"]\n    node_venv_lib_python3_12_site-packages_PyQt6 --> node_venv_lib_python3_12_site-packages_PyQt6_Qt6["Qt6"]\n    node_venv_lib_python3_12_site-packages_PyQt6_Qt6 --> node_venv_lib_python3_12_site-packages_PyQt6_Qt6_qml["qml"]\n    node_venv_lib_python3_12_site-packages_PyQt6_Qt6_qml --> node_venv_lib_python3_12_site-packages_PyQt6_Qt6_qml_QtQuick3D["QtQuick3D"]\n    node_venv_lib_python3_12_site-packages_PyQt6_Qt6_qml_QtQuick3D --> node_venv_lib_python3_12_site-packages_PyQt6_Qt6_qml_QtQuick3D_designer["designer"]\n    node_venv_lib_python3_12_site-packages_PyQt6_Qt6_qml_QtQuick3D_designer --> node_venv_lib_python3_12_site-packages_PyQt6_Qt6_qml_QtQuick3D_designer_CustomCameraSpecifics_qml["CustomCameraSpecifics.qml"]\n    Root --> node_venv["venv"]\n    node_venv --> node_venv_lib["lib"]\n    node_venv_lib --> node_venv_lib_python3_12["python3.12"]\n    node_venv_lib_python3_12 --> node_venv_lib_python3_12_site-packages["site-packages"]\n    node_venv_lib_python3_12_site-packages --> node_venv_lib_python3_12_site-packages_PyQt6["PyQt6"]\n    node_venv_lib_python3_12_site-packages_PyQt6 --> node_venv_lib_python3_12_site-packages_PyQt6_Qt6["Qt6"]\n    node_venv_lib_python3_12_site-packages_PyQt6_Qt6 --> node_venv_lib_python3_12_site-packages_PyQt6_Qt6_qml["qml"]\n    node_venv_lib_python3_12_site-packages_PyQt6_Qt6_qml --> node_venv_lib_python3_12_site-packages_PyQt6_Qt6_qml_QtQuick3D["QtQuick3D"]\n    node_venv_lib_python3_12_site-packages_PyQt6_Qt6_qml_QtQuick3D --> node_venv_lib_python3_12_site-packages_PyQt6_Qt6_qml_QtQuick3D_designer["designer"]\n    node_venv_lib_python3_12_site-packages_PyQt6_Qt6_qml_QtQuick3D_designer --> node_venv_lib_python3_12_site-packages_PyQt6_Qt6_qml_QtQuick3D_designer_CustomMaterialSection_qml["CustomMaterialSection.qml"]\n    Root --> node_venv["venv"]\n    node_venv --> node_venv_lib["lib"]\n    node_venv_lib --> node_venv_lib_python3_12["python3.12"]\n    node_venv_lib_python3_12 --> node_venv_lib_python3_12_site-packages["site-packages"]\n    node_venv_lib_python3_12_site-packages --> node_venv_lib_python3_12_site-packages_PyQt6["PyQt6"]\n    node_venv_lib_python3_12_site-packages_PyQt6 --> node_venv_lib_python3_12_site-packages_PyQt6_Qt6["Qt6"]\n    node_venv_lib_python3_12_site-packages_PyQt6_Qt6 --> node_venv_lib_python3_12_site-packages_PyQt6_Qt6_qml["qml"]\n    node_venv_lib_python3_12_site-packages_PyQt6_Qt6_qml --> node_venv_lib_python3_12_site-packages_PyQt6_Qt6_qml_QtQuick3D["QtQuick3D"]\n    node_venv_lib_python3_12_site-packages_PyQt6_Qt6_qml_QtQuick3D --> node_venv_lib_python3_12_site-packages_PyQt6_Qt6_qml_QtQuick3D_designer["designer"]\n    node_venv_lib_python3_12_site-packages_PyQt6_Qt6_qml_QtQuick3D_designer --> node_venv_lib_python3_12_site-packages_PyQt6_Qt6_qml_QtQuick3D_designer_CustomMaterialSpecifics_qml["CustomMaterialSpecifics.qml"]\n    Root --> node_venv["venv"]\n    node_venv --> node_venv_lib["lib"]\n    node_venv_lib --> node_venv_lib_python3_12["python3.12"]\n    node_venv_lib_python3_12 --> node_venv_lib_python3_12_site-packages["site-packages"]\n    node_venv_lib_python3_12_site-packages --> node_venv_lib_python3_12_site-packages_PyQt6["PyQt6"]\n    node_venv_lib_python3_12_site-packages_PyQt6 --> node_venv_lib_python3_12_site-packages_PyQt6_Qt6["Qt6"]\n    node_venv_lib_python3_12_site-packages_PyQt6_Qt6 --> node_venv_lib_python3_12_site-packages_PyQt6_Qt6_qml["qml"]\n    node_venv_lib_python3_12_site-packages_PyQt6_Qt6_qml --> node_venv_lib_python3_12_site-packages_PyQt6_Qt6_qml_QtQuick3D["QtQuick3D"]\n    node_venv_lib_python3_12_site-packages_PyQt6_Qt6_qml_QtQuick3D --> node_venv_lib_python3_12_site-packages_PyQt6_Qt6_qml_QtQuick3D_designer["designer"]\n    node_venv_lib_python3_12_site-packages_PyQt6_Qt6_qml_QtQuick3D_designer --> node_venv_lib_python3_12_site-packages_PyQt6_Qt6_qml_QtQuick3D_designer_DebugSettingsSection_qml["DebugSettingsSection.qml"]\n    Root --> node_venv["venv"]\n    node_venv --> node_venv_lib["lib"]\n    node_venv_lib --> node_venv_lib_python3_12["python3.12"]\n    node_venv_lib_python3_12 --> node_venv_lib_python3_12_site-packages["site-packages"]\n    node_venv_lib_python3_12_site-packages --> node_venv_lib_python3_12_site-packages_PyQt6["PyQt6"]\n    node_venv_lib_python3_12_site-packages_PyQt6 --> node_venv_lib_python3_12_site-packages_PyQt6_Qt6["Qt6"]\n    node_venv_lib_python3_12_site-packages_PyQt6_Qt6 --> node_venv_lib_python3_12_site-packages_PyQt6_Qt6_qml["qml"]\n    node_venv_lib_python3_12_site-packages_PyQt6_Qt6_qml --> node_venv_lib_python3_12_site-packages_PyQt6_Qt6_qml_QtQuick3D["QtQuick3D"]\n    node_venv_lib_python3_12_site-packages_PyQt6_Qt6_qml_QtQuick3D --> node_venv_lib_python3_12_site-packages_PyQt6_Qt6_qml_QtQuick3D_designer["designer"]\n    node_venv_lib_python3_12_site-packages_PyQt6_Qt6_qml_QtQuick3D_designer --> node_venv_lib_python3_12_site-packages_PyQt6_Qt6_qml_QtQuick3D_designer_DebugSettingsSpecifics_qml["DebugSettingsSpecifics.qml"]\n    Root --> node_venv["venv"]\n    node_venv --> node_venv_lib["lib"]\n    node_venv_lib --> node_venv_lib_python3_12["python3.12"]\n    node_venv_lib_python3_12 --> node_venv_lib_python3_12_site-packages["site-packages"]\n    node_venv_lib_python3_12_site-packages --> node_venv_lib_python3_12_site-packages_PyQt6["PyQt6"]\n    node_venv_lib_python3_12_site-packages_PyQt6 --> node_venv_lib_python3_12_site-packages_PyQt6_Qt6["Qt6"]\n    node_venv_lib_python3_12_site-packages_PyQt6_Qt6 --> node_venv_lib_python3_12_site-packages_PyQt6_Qt6_qml["qml"]\n    node_venv_lib_python3_12_site-packages_PyQt6_Qt6_qml --> node_venv_lib_python3_12_site-packages_PyQt6_Qt6_qml_QtQuick3D["QtQuick3D"]\n    node_venv_lib_python3_12_site-packages_PyQt6_Qt6_qml_QtQuick3D --> node_venv_lib_python3_12_site-packages_PyQt6_Qt6_qml_QtQuick3D_designer["designer"]\n    node_venv_lib_python3_12_site-packages_PyQt6_Qt6_qml_QtQuick3D_designer --> node_venv_lib_python3_12_site-packages_PyQt6_Qt6_qml_QtQuick3D_designer_DefaultMaterialSection_qml["DefaultMaterialSection.qml"]\n    Root --> node_venv["venv"]\n    node_venv --> node_venv_lib["lib"]\n    node_venv_lib --> node_venv_lib_python3_12["python3.12"]\n    node_venv_lib_python3_12 --> node_venv_lib_python3_12_site-packages["site-packages"]\n    node_venv_lib_python3_12_site-packages --> node_venv_lib_python3_12_site-packages_PyQt6["PyQt6"]\n    node_venv_lib_python3_12_site-packages_PyQt6 --> node_venv_lib_python3_12_site-packages_PyQt6_Qt6["Qt6"]\n    node_venv_lib_python3_12_site-packages_PyQt6_Qt6 --> node_venv_lib_python3_12_site-packages_PyQt6_Qt6_qml["qml"]\n    node_venv_lib_python3_12_site-packages_PyQt6_Qt6_qml --> node_venv_lib_python3_12_site-packages_PyQt6_Qt6_qml_QtQuick3D["QtQuick3D"]\n    node_venv_lib_python3_12_site-packages_PyQt6_Qt6_qml_QtQuick3D --> node_venv_lib_python3_12_site-packages_PyQt6_Qt6_qml_QtQuick3D_designer["designer"]\n    node_venv_lib_python3_12_site-packages_PyQt6_Qt6_qml_QtQuick3D_designer --> node_venv_lib_python3_12_site-packages_PyQt6_Qt6_qml_QtQuick3D_designer_DefaultMaterialSpecifics_qml["DefaultMaterialSpecifics.qml"]\n    Root --> node_venv["venv"]\n    node_venv --> node_venv_lib["lib"]\n    node_venv_lib --> node_venv_lib_python3_12["python3.12"]\n    node_venv_lib_python3_12 --> node_venv_lib_python3_12_site-packages["site-packages"]\n    node_venv_lib_python3_12_site-packages --> node_venv_lib_python3_12_site-packages_PyQt6["PyQt6"]\n    node_venv_lib_python3_12_site-packages_PyQt6 --> node_venv_lib_python3_12_site-packages_PyQt6_Qt6["Qt6"]\n    node_venv_lib_python3_12_site-packages_PyQt6_Qt6 --> node_venv_lib_python3_12_site-packages_PyQt6_Qt6_qml["qml"]\n    node_venv_lib_python3_12_site-packages_PyQt6_Qt6_qml --> node_venv_lib_python3_12_site-packages_PyQt6_Qt6_qml_QtQuick3D["QtQuick3D"]\n    node_venv_lib_python3_12_site-packages_PyQt6_Qt6_qml_QtQuick3D --> node_venv_lib_python3_12_site-packages_PyQt6_Qt6_qml_QtQuick3D_designer["designer"]\n    node_venv_lib_python3_12_site-packages_PyQt6_Qt6_qml_QtQuick3D_designer --> node_venv_lib_python3_12_site-packages_PyQt6_Qt6_qml_QtQuick3D_designer_DirectionalLightSection_qml["DirectionalLightSection.qml"]\n    Root --> node_venv["venv"]\n    node_venv --> node_venv_lib["lib"]\n    node_venv_lib --> node_venv_lib_python3_12["python3.12"]\n    node_venv_lib_python3_12 --> node_venv_lib_python3_12_site-packages["site-packages"]\n    node_venv_lib_python3_12_site-packages --> node_venv_lib_python3_12_site-packages_PyQt6["PyQt6"]\n    node_venv_lib_python3_12_site-packages_PyQt6 --> node_venv_lib_python3_12_site-packages_PyQt6_Qt6["Qt6"]\n    node_venv_lib_python3_12_site-packages_PyQt6_Qt6 --> node_venv_lib_python3_12_site-packages_PyQt6_Qt6_qml["qml"]\n    node_venv_lib_python3_12_site-packages_PyQt6_Qt6_qml --> node_venv_lib_python3_12_site-packages_PyQt6_Qt6_qml_QtQuick3D["QtQuick3D"]\n    node_venv_lib_python3_12_site-packages_PyQt6_Qt6_qml_QtQuick3D --> node_venv_lib_python3_12_site-packages_PyQt6_Qt6_qml_QtQuick3D_designer["designer"]\n    node_venv_lib_python3_12_site-packages_PyQt6_Qt6_qml_QtQuick3D_designer --> node_venv_lib_python3_12_site-packages_PyQt6_Qt6_qml_QtQuick3D_designer_DirectionalLightSpecifics_qml["DirectionalLightSpecifics.qml"]\n    Root --> node_venv["venv"]\n    node_venv --> node_venv_lib["lib"]\n    node_venv_lib --> node_venv_lib_python3_12["python3.12"]\n    node_venv_lib_python3_12 --> node_venv_lib_python3_12_site-packages["site-packages"]\n    node_venv_lib_python3_12_site-packages --> node_venv_lib_python3_12_site-packages_PyQt6["PyQt6"]\n    node_venv_lib_python3_12_site-packages_PyQt6 --> node_venv_lib_python3_12_site-packages_PyQt6_Qt6["Qt6"]\n    node_venv_lib_python3_12_site-packages_PyQt6_Qt6 --> node_venv_lib_python3_12_site-packages_PyQt6_Qt6_qml["qml"]\n    node_venv_lib_python3_12_site-packages_PyQt6_Qt6_qml --> node_venv_lib_python3_12_site-packages_PyQt6_Qt6_qml_QtQuick3D["QtQuick3D"]\n    node_venv_lib_python3_12_site-packages_PyQt6_Qt6_qml_QtQuick3D --> node_venv_lib_python3_12_site-packages_PyQt6_Qt6_qml_QtQuick3D_designer["designer"]\n    node_venv_lib_python3_12_site-packages_PyQt6_Qt6_qml_QtQuick3D_designer --> node_venv_lib_python3_12_site-packages_PyQt6_Qt6_qml_QtQuick3D_designer_EffectSection_qml["EffectSection.qml"]\n    Root --> node_venv["venv"]\n    node_venv --> node_venv_lib["lib"]\n    node_venv_lib --> node_venv_lib_python3_12["python3.12"]\n    node_venv_lib_python3_12 --> node_venv_lib_python3_12_site-packages["site-packages"]\n    node_venv_lib_python3_12_site-packages --> node_venv_lib_python3_12_site-packages_PyQt6["PyQt6"]\n    node_venv_lib_python3_12_site-packages_PyQt6 --> node_venv_lib_python3_12_site-packages_PyQt6_Qt6["Qt6"]\n    node_venv_lib_python3_12_site-packages_PyQt6_Qt6 --> node_venv_lib_python3_12_site-packages_PyQt6_Qt6_qml["qml"]\n    node_venv_lib_python3_12_site-packages_PyQt6_Qt6_qml --> node_venv_lib_python3_12_site-packages_PyQt6_Qt6_qml_QtQuick3D["QtQuick3D"]\n    node_venv_lib_python3_12_site-packages_PyQt6_Qt6_qml_QtQuick3D --> node_venv_lib_python3_12_site-packages_PyQt6_Qt6_qml_QtQuick3D_designer["designer"]\n    node_venv_lib_python3_12_site-packages_PyQt6_Qt6_qml_QtQuick3D_designer --> node_venv_lib_python3_12_site-packages_PyQt6_Qt6_qml_QtQuick3D_designer_EffectSpecifics_qml["EffectSpecifics.qml"]\n    Root --> node_venv["venv"]\n    node_venv --> node_venv_lib["lib"]\n    node_venv_lib --> node_venv_lib_python3_12["python3.12"]\n    node_venv_lib_python3_12 --> node_venv_lib_python3_12_site-packages["site-packages"]\n    node_venv_lib_python3_12_site-packages --> node_venv_lib_python3_12_site-packages_PyQt6["PyQt6"]\n    node_venv_lib_python3_12_site-packages_PyQt6 --> node_venv_lib_python3_12_site-packages_PyQt6_Qt6["Qt6"]\n    node_venv_lib_python3_12_site-packages_PyQt6_Qt6 --> node_venv_lib_python3_12_site-packages_PyQt6_Qt6_qml["qml"]\n    node_venv_lib_python3_12_site-packages_PyQt6_Qt6_qml --> node_venv_lib_python3_12_site-packages_PyQt6_Qt6_qml_QtQuick3D["QtQuick3D"]\n    node_venv_lib_python3_12_site-packages_PyQt6_Qt6_qml_QtQuick3D --> node_venv_lib_python3_12_site-packages_PyQt6_Qt6_qml_QtQuick3D_designer["designer"]\n    node_venv_lib_python3_12_site-packages_PyQt6_Qt6_qml_QtQuick3D_designer --> node_venv_lib_python3_12_site-packages_PyQt6_Qt6_qml_QtQuick3D_designer_FileInstancingSection_qml["FileInstancingSection.qml"]\n    Root --> node_venv["venv"]\n    node_venv --> node_venv_lib["lib"]\n    node_venv_lib --> node_venv_lib_python3_12["python3.12"]\n    node_venv_lib_python3_12 --> node_venv_lib_python3_12_site-packages["site-packages"]\n    node_venv_lib_python3_12_site-packages --> node_venv_lib_python3_12_site-packages_PyQt6["PyQt6"]\n    node_venv_lib_python3_12_site-packages_PyQt6 --> node_venv_lib_python3_12_site-packages_PyQt6_Qt6["Qt6"]\n    node_venv_lib_python3_12_site-packages_PyQt6_Qt6 --> node_venv_lib_python3_12_site-packages_PyQt6_Qt6_qml["qml"]\n    node_venv_lib_python3_12_site-packages_PyQt6_Qt6_qml --> node_venv_lib_python3_12_site-packages_PyQt6_Qt6_qml_QtQuick3D["QtQuick3D"]\n    node_venv_lib_python3_12_site-packages_PyQt6_Qt6_qml_QtQuick3D --> node_venv_lib_python3_12_site-packages_PyQt6_Qt6_qml_QtQuick3D_designer["designer"]\n    node_venv_lib_python3_12_site-packages_PyQt6_Qt6_qml_QtQuick3D_designer --> node_venv_lib_python3_12_site-packages_PyQt6_Qt6_qml_QtQuick3D_designer_FileInstancingSpecifics_qml["FileInstancingSpecifics.qml"]\n    Root --> node_venv["venv"]\n    node_venv --> node_venv_lib["lib"]\n    node_venv_lib --> node_venv_lib_python3_12["python3.12"]\n    node_venv_lib_python3_12 --> node_venv_lib_python3_12_site-packages["site-packages"]\n    node_venv_lib_python3_12_site-packages --> node_venv_lib_python3_12_site-packages_PyQt6["PyQt6"]\n    node_venv_lib_python3_12_site-packages_PyQt6 --> node_venv_lib_python3_12_site-packages_PyQt6_Qt6["Qt6"]\n    node_venv_lib_python3_12_site-packages_PyQt6_Qt6 --> node_venv_lib_python3_12_site-packages_PyQt6_Qt6_qml["qml"]\n    node_venv_lib_python3_12_site-packages_PyQt6_Qt6_qml --> node_venv_lib_python3_12_site-packages_PyQt6_Qt6_qml_QtQuick3D["QtQuick3D"]\n    node_venv_lib_python3_12_site-packages_PyQt6_Qt6_qml_QtQuick3D --> node_venv_lib_python3_12_site-packages_PyQt6_Qt6_qml_QtQuick3D_designer["designer"]\n    node_venv_lib_python3_12_site-packages_PyQt6_Qt6_qml_QtQuick3D_designer --> node_venv_lib_python3_12_site-packages_PyQt6_Qt6_qml_QtQuick3D_designer_FogSection_qml["FogSection.qml"]\n    Root --> node_venv["venv"]\n    node_venv --> node_venv_lib["lib"]\n    node_venv_lib --> node_venv_lib_python3_12["python3.12"]\n    node_venv_lib_python3_12 --> node_venv_lib_python3_12_site-packages["site-packages"]\n    node_venv_lib_python3_12_site-packages --> node_venv_lib_python3_12_site-packages_PyQt6["PyQt6"]\n    node_venv_lib_python3_12_site-packages_PyQt6 --> node_venv_lib_python3_12_site-packages_PyQt6_Qt6["Qt6"]\n    node_venv_lib_python3_12_site-packages_PyQt6_Qt6 --> node_venv_lib_python3_12_site-packages_PyQt6_Qt6_qml["qml"]\n    node_venv_lib_python3_12_site-packages_PyQt6_Qt6_qml --> node_venv_lib_python3_12_site-packages_PyQt6_Qt6_qml_QtQuick3D["QtQuick3D"]\n    node_venv_lib_python3_12_site-packages_PyQt6_Qt6_qml_QtQuick3D --> node_venv_lib_python3_12_site-packages_PyQt6_Qt6_qml_QtQuick3D_designer["designer"]\n    node_venv_lib_python3_12_site-packages_PyQt6_Qt6_qml_QtQuick3D_designer --> node_venv_lib_python3_12_site-packages_PyQt6_Qt6_qml_QtQuick3D_designer_FogSpecifics_qml["FogSpecifics.qml"]\n    Root --> node_venv["venv"]\n    node_venv --> node_venv_lib["lib"]\n    node_venv_lib --> node_venv_lib_python3_12["python3.12"]\n    node_venv_lib_python3_12 --> node_venv_lib_python3_12_site-packages["site-packages"]\n    node_venv_lib_python3_12_site-packages --> node_venv_lib_python3_12_site-packages_PyQt6["PyQt6"]\n    node_venv_lib_python3_12_site-packages_PyQt6 --> node_venv_lib_python3_12_site-packages_PyQt6_Qt6["Qt6"]\n    node_venv_lib_python3_12_site-packages_PyQt6_Qt6 --> node_venv_lib_python3_12_site-packages_PyQt6_Qt6_qml["qml"]\n    node_venv_lib_python3_12_site-packages_PyQt6_Qt6_qml --> node_venv_lib_python3_12_site-packages_PyQt6_Qt6_qml_QtQuick3D["QtQuick3D"]\n    node_venv_lib_python3_12_site-packages_PyQt6_Qt6_qml_QtQuick3D --> node_venv_lib_python3_12_site-packages_PyQt6_Qt6_qml_QtQuick3D_designer["designer"]\n    node_venv_lib_python3_12_site-packages_PyQt6_Qt6_qml_QtQuick3D_designer --> node_venv_lib_python3_12_site-packages_PyQt6_Qt6_qml_QtQuick3D_designer_FrustumCameraSection_qml["FrustumCameraSection.qml"]\n    Root --> node_venv["venv"]\n    node_venv --> node_venv_lib["lib"]\n    node_venv_lib --> node_venv_lib_python3_12["python3.12"]\n    node_venv_lib_python3_12 --> node_venv_lib_python3_12_site-packages["site-packages"]\n    node_venv_lib_python3_12_site-packages --> node_venv_lib_python3_12_site-packages_PyQt6["PyQt6"]\n    node_venv_lib_python3_12_site-packages_PyQt6 --> node_venv_lib_python3_12_site-packages_PyQt6_Qt6["Qt6"]\n    node_venv_lib_python3_12_site-packages_PyQt6_Qt6 --> node_venv_lib_python3_12_site-packages_PyQt6_Qt6_qml["qml"]\n    node_venv_lib_python3_12_site-packages_PyQt6_Qt6_qml --> node_venv_lib_python3_12_site-packages_PyQt6_Qt6_qml_QtQuick3D["QtQuick3D"]\n    node_venv_lib_python3_12_site-packages_PyQt6_Qt6_qml_QtQuick3D --> node_venv_lib_python3_12_site-packages_PyQt6_Qt6_qml_QtQuick3D_designer["designer"]\n    node_venv_lib_python3_12_site-packages_PyQt6_Qt6_qml_QtQuick3D_designer --> node_venv_lib_python3_12_site-packages_PyQt6_Qt6_qml_QtQuick3D_designer_FrustumCameraSpecifics_qml["FrustumCameraSpecifics.qml"]\n    Root --> node_venv["venv"]\n    node_venv --> node_venv_lib["lib"]\n    node_venv_lib --> node_venv_lib_python3_12["python3.12"]\n    node_venv_lib_python3_12 --> node_venv_lib_python3_12_site-packages["site-packages"]\n    node_venv_lib_python3_12_site-packages --> node_venv_lib_python3_12_site-packages_PyQt6["PyQt6"]\n    node_venv_lib_python3_12_site-packages_PyQt6 --> node_venv_lib_python3_12_site-packages_PyQt6_Qt6["Qt6"]\n    node_venv_lib_python3_12_site-packages_PyQt6_Qt6 --> node_venv_lib_python3_12_site-packages_PyQt6_Qt6_qml["qml"]\n    node_venv_lib_python3_12_site-packages_PyQt6_Qt6_qml --> node_venv_lib_python3_12_site-packages_PyQt6_Qt6_qml_QtQuick3D["QtQuick3D"]\n    node_venv_lib_python3_12_site-packages_PyQt6_Qt6_qml_QtQuick3D --> node_venv_lib_python3_12_site-packages_PyQt6_Qt6_qml_QtQuick3D_designer["designer"]\n    node_venv_lib_python3_12_site-packages_PyQt6_Qt6_qml_QtQuick3D_designer --> node_venv_lib_python3_12_site-packages_PyQt6_Qt6_qml_QtQuick3D_designer_InstanceListEntrySection_qml["InstanceListEntrySection.qml"]\n    Root --> node_venv["venv"]\n    node_venv --> node_venv_lib["lib"]\n    node_venv_lib --> node_venv_lib_python3_12["python3.12"]\n    node_venv_lib_python3_12 --> node_venv_lib_python3_12_site-packages["site-packages"]\n    node_venv_lib_python3_12_site-packages --> node_venv_lib_python3_12_site-packages_PyQt6["PyQt6"]\n    node_venv_lib_python3_12_site-packages_PyQt6 --> node_venv_lib_python3_12_site-packages_PyQt6_Qt6["Qt6"]\n    node_venv_lib_python3_12_site-packages_PyQt6_Qt6 --> node_venv_lib_python3_12_site-packages_PyQt6_Qt6_qml["qml"]\n    node_venv_lib_python3_12_site-packages_PyQt6_Qt6_qml --> node_venv_lib_python3_12_site-packages_PyQt6_Qt6_qml_QtQuick3D["QtQuick3D"]\n    node_venv_lib_python3_12_site-packages_PyQt6_Qt6_qml_QtQuick3D --> node_venv_lib_python3_12_site-packages_PyQt6_Qt6_qml_QtQuick3D_designer["designer"]\n    node_venv_lib_python3_12_site-packages_PyQt6_Qt6_qml_QtQuick3D_designer --> node_venv_lib_python3_12_site-packages_PyQt6_Qt6_qml_QtQuick3D_designer_InstanceListEntrySpecifics_qml["InstanceListEntrySpecifics.qml"]\n    Root --> node_venv["venv"]\n    node_venv --> node_venv_lib["lib"]\n    node_venv_lib --> node_venv_lib_python3_12["python3.12"]\n    node_venv_lib_python3_12 --> node_venv_lib_python3_12_site-packages["site-packages"]\n    node_venv_lib_python3_12_site-packages --> node_venv_lib_python3_12_site-packages_PyQt6["PyQt6"]\n    node_venv_lib_python3_12_site-packages_PyQt6 --> node_venv_lib_python3_12_site-packages_PyQt6_Qt6["Qt6"]\n    node_venv_lib_python3_12_site-packages_PyQt6_Qt6 --> node_venv_lib_python3_12_site-packages_PyQt6_Qt6_qml["qml"]\n    node_venv_lib_python3_12_site-packages_PyQt6_Qt6_qml --> node_venv_lib_python3_12_site-packages_PyQt6_Qt6_qml_QtQuick3D["QtQuick3D"]\n    node_venv_lib_python3_12_site-packages_PyQt6_Qt6_qml_QtQuick3D --> node_venv_lib_python3_12_site-packages_PyQt6_Qt6_qml_QtQuick3D_designer["designer"]\n    node_venv_lib_python3_12_site-packages_PyQt6_Qt6_qml_QtQuick3D_designer --> node_venv_lib_python3_12_site-packages_PyQt6_Qt6_qml_QtQuick3D_designer_InstanceListSection_qml["InstanceListSection.qml"]\n    Root --> node_venv["venv"]\n    node_venv --> node_venv_lib["lib"]\n    node_venv_lib --> node_venv_lib_python3_12["python3.12"]\n    node_venv_lib_python3_12 --> node_venv_lib_python3_12_site-packages["site-packages"]\n    node_venv_lib_python3_12_site-packages --> node_venv_lib_python3_12_site-packages_PyQt6["PyQt6"]\n    node_venv_lib_python3_12_site-packages_PyQt6 --> node_venv_lib_python3_12_site-packages_PyQt6_Qt6["Qt6"]\n    node_venv_lib_python3_12_site-packages_PyQt6_Qt6 --> node_venv_lib_python3_12_site-packages_PyQt6_Qt6_qml["qml"]\n    node_venv_lib_python3_12_site-packages_PyQt6_Qt6_qml --> node_venv_lib_python3_12_site-packages_PyQt6_Qt6_qml_QtQuick3D["QtQuick3D"]\n    node_venv_lib_python3_12_site-packages_PyQt6_Qt6_qml_QtQuick3D --> node_venv_lib_python3_12_site-packages_PyQt6_Qt6_qml_QtQuick3D_designer["designer"]\n    node_venv_lib_python3_12_site-packages_PyQt6_Qt6_qml_QtQuick3D_designer --> node_venv_lib_python3_12_site-packages_PyQt6_Qt6_qml_QtQuick3D_designer_InstanceListSpecifics_qml["InstanceListSpecifics.qml"]\n    Root --> node_venv["venv"]\n    node_venv --> node_venv_lib["lib"]\n    node_venv_lib --> node_venv_lib_python3_12["python3.12"]\n    node_venv_lib_python3_12 --> node_venv_lib_python3_12_site-packages["site-packages"]\n    node_venv_lib_python3_12_site-packages --> node_venv_lib_python3_12_site-packages_PyQt6["PyQt6"]\n    node_venv_lib_python3_12_site-packages_PyQt6 --> node_venv_lib_python3_12_site-packages_PyQt6_Qt6["Qt6"]\n    node_venv_lib_python3_12_site-packages_PyQt6_Qt6 --> node_venv_lib_python3_12_site-packages_PyQt6_Qt6_qml["qml"]\n    node_venv_lib_python3_12_site-packages_PyQt6_Qt6_qml --> node_venv_lib_python3_12_site-packages_PyQt6_Qt6_qml_QtQuick3D["QtQuick3D"]\n    node_venv_lib_python3_12_site-packages_PyQt6_Qt6_qml_QtQuick3D --> node_venv_lib_python3_12_site-packages_PyQt6_Qt6_qml_QtQuick3D_designer["designer"]\n    node_venv_lib_python3_12_site-packages_PyQt6_Qt6_qml_QtQuick3D_designer --> node_venv_lib_python3_12_site-packages_PyQt6_Qt6_qml_QtQuick3D_designer_InstancingSection_qml["InstancingSection.qml"]\n    Root --> node_venv["venv"]\n    node_venv --> node_venv_lib["lib"]\n    node_venv_lib --> node_venv_lib_python3_12["python3.12"]\n    node_venv_lib_python3_12 --> node_venv_lib_python3_12_site-packages["site-packages"]\n    node_venv_lib_python3_12_site-packages --> node_venv_lib_python3_12_site-packages_PyQt6["PyQt6"]\n    node_venv_lib_python3_12_site-packages_PyQt6 --> node_venv_lib_python3_12_site-packages_PyQt6_Qt6["Qt6"]\n    node_venv_lib_python3_12_site-packages_PyQt6_Qt6 --> node_venv_lib_python3_12_site-packages_PyQt6_Qt6_qml["qml"]\n    node_venv_lib_python3_12_site-packages_PyQt6_Qt6_qml --> node_venv_lib_python3_12_site-packages_PyQt6_Qt6_qml_QtQuick3D["QtQuick3D"]\n    node_venv_lib_python3_12_site-packages_PyQt6_Qt6_qml_QtQuick3D --> node_venv_lib_python3_12_site-packages_PyQt6_Qt6_qml_QtQuick3D_designer["designer"]\n    node_venv_lib_python3_12_site-packages_PyQt6_Qt6_qml_QtQuick3D_designer --> node_venv_lib_python3_12_site-packages_PyQt6_Qt6_qml_QtQuick3D_designer_JointSection_qml["JointSection.qml"]\n    Root --> node_venv["venv"]\n    node_venv --> node_venv_lib["lib"]\n    node_venv_lib --> node_venv_lib_python3_12["python3.12"]\n    node_venv_lib_python3_12 --> node_venv_lib_python3_12_site-packages["site-packages"]\n    node_venv_lib_python3_12_site-packages --> node_venv_lib_python3_12_site-packages_PyQt6["PyQt6"]\n    node_venv_lib_python3_12_site-packages_PyQt6 --> node_venv_lib_python3_12_site-packages_PyQt6_Qt6["Qt6"]\n    node_venv_lib_python3_12_site-packages_PyQt6_Qt6 --> node_venv_lib_python3_12_site-packages_PyQt6_Qt6_qml["qml"]\n    node_venv_lib_python3_12_site-packages_PyQt6_Qt6_qml --> node_venv_lib_python3_12_site-packages_PyQt6_Qt6_qml_QtQuick3D["QtQuick3D"]\n    node_venv_lib_python3_12_site-packages_PyQt6_Qt6_qml_QtQuick3D --> node_venv_lib_python3_12_site-packages_PyQt6_Qt6_qml_QtQuick3D_designer["designer"]\n    node_venv_lib_python3_12_site-packages_PyQt6_Qt6_qml_QtQuick3D_designer --> node_venv_lib_python3_12_site-packages_PyQt6_Qt6_qml_QtQuick3D_designer_JointSpecifics_qml["JointSpecifics.qml"]\n    Root --> node_venv["venv"]\n    node_venv --> node_venv_lib["lib"]\n    node_venv_lib --> node_venv_lib_python3_12["python3.12"]\n    node_venv_lib_python3_12 --> node_venv_lib_python3_12_site-packages["site-packages"]\n    node_venv_lib_python3_12_site-packages --> node_venv_lib_python3_12_site-packages_PyQt6["PyQt6"]\n    node_venv_lib_python3_12_site-packages_PyQt6 --> node_venv_lib_python3_12_site-packages_PyQt6_Qt6["Qt6"]\n    node_venv_lib_python3_12_site-packages_PyQt6_Qt6 --> node_venv_lib_python3_12_site-packages_PyQt6_Qt6_qml["qml"]\n    node_venv_lib_python3_12_site-packages_PyQt6_Qt6_qml --> node_venv_lib_python3_12_site-packages_PyQt6_Qt6_qml_QtQuick3D["QtQuick3D"]\n    node_venv_lib_python3_12_site-packages_PyQt6_Qt6_qml_QtQuick3D --> node_venv_lib_python3_12_site-packages_PyQt6_Qt6_qml_QtQuick3D_designer["designer"]\n    node_venv_lib_python3_12_site-packages_PyQt6_Qt6_qml_QtQuick3D_designer --> node_venv_lib_python3_12_site-packages_PyQt6_Qt6_qml_QtQuick3D_designer_LightmapperSection_qml["LightmapperSection.qml"]\n    Root --> node_venv["venv"]\n    node_venv --> node_venv_lib["lib"]\n    node_venv_lib --> node_venv_lib_python3_12["python3.12"]\n    node_venv_lib_python3_12 --> node_venv_lib_python3_12_site-packages["site-packages"]\n    node_venv_lib_python3_12_site-packages --> node_venv_lib_python3_12_site-packages_PyQt6["PyQt6"]\n    node_venv_lib_python3_12_site-packages_PyQt6 --> node_venv_lib_python3_12_site-packages_PyQt6_Qt6["Qt6"]\n    node_venv_lib_python3_12_site-packages_PyQt6_Qt6 --> node_venv_lib_python3_12_site-packages_PyQt6_Qt6_qml["qml"]\n    node_venv_lib_python3_12_site-packages_PyQt6_Qt6_qml --> node_venv_lib_python3_12_site-packages_PyQt6_Qt6_qml_QtQuick3D["QtQuick3D"]\n    node_venv_lib_python3_12_site-packages_PyQt6_Qt6_qml_QtQuick3D --> node_venv_lib_python3_12_site-packages_PyQt6_Qt6_qml_QtQuick3D_designer["designer"]\n    node_venv_lib_python3_12_site-packages_PyQt6_Qt6_qml_QtQuick3D_designer --> node_venv_lib_python3_12_site-packages_PyQt6_Qt6_qml_QtQuick3D_designer_LightmapperSpecifics_qml["LightmapperSpecifics.qml"]\n    Root --> node_venv["venv"]\n    node_venv --> node_venv_lib["lib"]\n    node_venv_lib --> node_venv_lib_python3_12["python3.12"]\n    node_venv_lib_python3_12 --> node_venv_lib_python3_12_site-packages["site-packages"]\n    node_venv_lib_python3_12_site-packages --> node_venv_lib_python3_12_site-packages_PyQt6["PyQt6"]\n    node_venv_lib_python3_12_site-packages_PyQt6 --> node_venv_lib_python3_12_site-packages_PyQt6_Qt6["Qt6"]\n    node_venv_lib_python3_12_site-packages_PyQt6_Qt6 --> node_venv_lib_python3_12_site-packages_PyQt6_Qt6_qml["qml"]\n    node_venv_lib_python3_12_site-packages_PyQt6_Qt6_qml --> node_venv_lib_python3_12_site-packages_PyQt6_Qt6_qml_QtQuick3D["QtQuick3D"]\n    node_venv_lib_python3_12_site-packages_PyQt6_Qt6_qml_QtQuick3D --> node_venv_lib_python3_12_site-packages_PyQt6_Qt6_qml_QtQuick3D_designer["designer"]\n    node_venv_lib_python3_12_site-packages_PyQt6_Qt6_qml_QtQuick3D_designer --> node_venv_lib_python3_12_site-packages_PyQt6_Qt6_qml_QtQuick3D_designer_Loader3DSection_qml["Loader3DSection.qml"]\n    Root --> node_venv["venv"]\n    node_venv --> node_venv_lib["lib"]\n    node_venv_lib --> node_venv_lib_python3_12["python3.12"]\n    node_venv_lib_python3_12 --> node_venv_lib_python3_12_site-packages["site-packages"]\n    node_venv_lib_python3_12_site-packages --> node_venv_lib_python3_12_site-packages_PyQt6["PyQt6"]\n    node_venv_lib_python3_12_site-packages_PyQt6 --> node_venv_lib_python3_12_site-packages_PyQt6_Qt6["Qt6"]\n    node_venv_lib_python3_12_site-packages_PyQt6_Qt6 --> node_venv_lib_python3_12_site-packages_PyQt6_Qt6_qml["qml"]\n    node_venv_lib_python3_12_site-packages_PyQt6_Qt6_qml --> node_venv_lib_python3_12_site-packages_PyQt6_Qt6_qml_QtQuick3D["QtQuick3D"]\n    node_venv_lib_python3_12_site-packages_PyQt6_Qt6_qml_QtQuick3D --> node_venv_lib_python3_12_site-packages_PyQt6_Qt6_qml_QtQuick3D_designer["designer"]\n    node_venv_lib_python3_12_site-packages_PyQt6_Qt6_qml_QtQuick3D_designer --> node_venv_lib_python3_12_site-packages_PyQt6_Qt6_qml_QtQuick3D_designer_Loader3DSpecifics_qml["Loader3DSpecifics.qml"]\n    Root --> node_venv["venv"]\n    node_venv --> node_venv_lib["lib"]\n    node_venv_lib --> node_venv_lib_python3_12["python3.12"]\n    node_venv_lib_python3_12 --> node_venv_lib_python3_12_site-packages["site-packages"]\n    node_venv_lib_python3_12_site-packages --> node_venv_lib_python3_12_site-packages_PyQt6["PyQt6"]\n    node_venv_lib_python3_12_site-packages_PyQt6 --> node_venv_lib_python3_12_site-packages_PyQt6_Qt6["Qt6"]\n    node_venv_lib_python3_12_site-packages_PyQt6_Qt6 --> node_venv_lib_python3_12_site-packages_PyQt6_Qt6_qml["qml"]\n    node_venv_lib_python3_12_site-packages_PyQt6_Qt6_qml --> node_venv_lib_python3_12_site-packages_PyQt6_Qt6_qml_QtQuick3D["QtQuick3D"]\n    node_venv_lib_python3_12_site-packages_PyQt6_Qt6_qml_QtQuick3D --> node_venv_lib_python3_12_site-packages_PyQt6_Qt6_qml_QtQuick3D_designer["designer"]\n    node_venv_lib_python3_12_site-packages_PyQt6_Qt6_qml_QtQuick3D_designer --> node_venv_lib_python3_12_site-packages_PyQt6_Qt6_qml_QtQuick3D_designer_MaterialSection_qml["MaterialSection.qml"]\n    Root --> node_venv["venv"]\n    node_venv --> node_venv_lib["lib"]\n    node_venv_lib --> node_venv_lib_python3_12["python3.12"]\n    node_venv_lib_python3_12 --> node_venv_lib_python3_12_site-packages["site-packages"]\n    node_venv_lib_python3_12_site-packages --> node_venv_lib_python3_12_site-packages_PyQt6["PyQt6"]\n    node_venv_lib_python3_12_site-packages_PyQt6 --> node_venv_lib_python3_12_site-packages_PyQt6_Qt6["Qt6"]\n    node_venv_lib_python3_12_site-packages_PyQt6_Qt6 --> node_venv_lib_python3_12_site-packages_PyQt6_Qt6_qml["qml"]\n    node_venv_lib_python3_12_site-packages_PyQt6_Qt6_qml --> node_venv_lib_python3_12_site-packages_PyQt6_Qt6_qml_QtQuick3D["QtQuick3D"]\n    node_venv_lib_python3_12_site-packages_PyQt6_Qt6_qml_QtQuick3D --> node_venv_lib_python3_12_site-packages_PyQt6_Qt6_qml_QtQuick3D_designer["designer"]\n    node_venv_lib_python3_12_site-packages_PyQt6_Qt6_qml_QtQuick3D_designer --> node_venv_lib_python3_12_site-packages_PyQt6_Qt6_qml_QtQuick3D_designer_ModelSection_qml["ModelSection.qml"]\n    Root --> node_venv["venv"]\n    node_venv --> node_venv_lib["lib"]\n    node_venv_lib --> node_venv_lib_python3_12["python3.12"]\n    node_venv_lib_python3_12 --> node_venv_lib_python3_12_site-packages["site-packages"]\n    node_venv_lib_python3_12_site-packages --> node_venv_lib_python3_12_site-packages_PyQt6["PyQt6"]\n    node_venv_lib_python3_12_site-packages_PyQt6 --> node_venv_lib_python3_12_site-packages_PyQt6_Qt6["Qt6"]\n    node_venv_lib_python3_12_site-packages_PyQt6_Qt6 --> node_venv_lib_python3_12_site-packages_PyQt6_Qt6_qml["qml"]\n    node_venv_lib_python3_12_site-packages_PyQt6_Qt6_qml --> node_venv_lib_python3_12_site-packages_PyQt6_Qt6_qml_QtQuick3D["QtQuick3D"]\n    node_venv_lib_python3_12_site-packages_PyQt6_Qt6_qml_QtQuick3D --> node_venv_lib_python3_12_site-packages_PyQt6_Qt6_qml_QtQuick3D_designer["designer"]\n    node_venv_lib_python3_12_site-packages_PyQt6_Qt6_qml_QtQuick3D_designer --> node_venv_lib_python3_12_site-packages_PyQt6_Qt6_qml_QtQuick3D_designer_ModelSpecifics_qml["ModelSpecifics.qml"]\n    Root --> node_venv["venv"]\n    node_venv --> node_venv_lib["lib"]\n    node_venv_lib --> node_venv_lib_python3_12["python3.12"]\n    node_venv_lib_python3_12 --> node_venv_lib_python3_12_site-packages["site-packages"]\n    node_venv_lib_python3_12_site-packages --> node_venv_lib_python3_12_site-packages_PyQt6["PyQt6"]\n    node_venv_lib_python3_12_site-packages_PyQt6 --> node_venv_lib_python3_12_site-packages_PyQt6_Qt6["Qt6"]\n    node_venv_lib_python3_12_site-packages_PyQt6_Qt6 --> node_venv_lib_python3_12_site-packages_PyQt6_Qt6_qml["qml"]\n    node_venv_lib_python3_12_site-packages_PyQt6_Qt6_qml --> node_venv_lib_python3_12_site-packages_PyQt6_Qt6_qml_QtQuick3D["QtQuick3D"]\n    node_venv_lib_python3_12_site-packages_PyQt6_Qt6_qml_QtQuick3D --> node_venv_lib_python3_12_site-packages_PyQt6_Qt6_qml_QtQuick3D_designer["designer"]\n    node_venv_lib_python3_12_site-packages_PyQt6_Qt6_qml_QtQuick3D_designer --> node_venv_lib_python3_12_site-packages_PyQt6_Qt6_qml_QtQuick3D_designer_MorphTargetSection_qml["MorphTargetSection.qml"]\n    Root --> node_venv["venv"]\n    node_venv --> node_venv_lib["lib"]\n    node_venv_lib --> node_venv_lib_python3_12["python3.12"]\n    node_venv_lib_python3_12 --> node_venv_lib_python3_12_site-packages["site-packages"]\n    node_venv_lib_python3_12_site-packages --> node_venv_lib_python3_12_site-packages_PyQt6["PyQt6"]\n    node_venv_lib_python3_12_site-packages_PyQt6 --> node_venv_lib_python3_12_site-packages_PyQt6_Qt6["Qt6"]\n    node_venv_lib_python3_12_site-packages_PyQt6_Qt6 --> node_venv_lib_python3_12_site-packages_PyQt6_Qt6_qml["qml"]\n    node_venv_lib_python3_12_site-packages_PyQt6_Qt6_qml --> node_venv_lib_python3_12_site-packages_PyQt6_Qt6_qml_QtQuick3D["QtQuick3D"]\n    node_venv_lib_python3_12_site-packages_PyQt6_Qt6_qml_QtQuick3D --> node_venv_lib_python3_12_site-packages_PyQt6_Qt6_qml_QtQuick3D_designer["designer"]\n    node_venv_lib_python3_12_site-packages_PyQt6_Qt6_qml_QtQuick3D_designer --> node_venv_lib_python3_12_site-packages_PyQt6_Qt6_qml_QtQuick3D_designer_MorphTargetSpecifics_qml["MorphTargetSpecifics.qml"]\n    Root --> node_venv["venv"]\n    node_venv --> node_venv_lib["lib"]\n    node_venv_lib --> node_venv_lib_python3_12["python3.12"]\n    node_venv_lib_python3_12 --> node_venv_lib_python3_12_site-packages["site-packages"]\n    node_venv_lib_python3_12_site-packages --> node_venv_lib_python3_12_site-packages_PyQt6["PyQt6"]\n    node_venv_lib_python3_12_site-packages_PyQt6 --> node_venv_lib_python3_12_site-packages_PyQt6_Qt6["Qt6"]\n    node_venv_lib_python3_12_site-packages_PyQt6_Qt6 --> node_venv_lib_python3_12_site-packages_PyQt6_Qt6_qml["qml"]\n    node_venv_lib_python3_12_site-packages_PyQt6_Qt6_qml --> node_venv_lib_python3_12_site-packages_PyQt6_Qt6_qml_QtQuick3D["QtQuick3D"]\n    node_venv_lib_python3_12_site-packages_PyQt6_Qt6_qml_QtQuick3D --> node_venv_lib_python3_12_site-packages_PyQt6_Qt6_qml_QtQuick3D_designer["designer"]\n    node_venv_lib_python3_12_site-packages_PyQt6_Qt6_qml_QtQuick3D_designer --> node_venv_lib_python3_12_site-packages_PyQt6_Qt6_qml_QtQuick3D_designer_NodeSection_qml["NodeSection.qml"]\n    Root --> node_venv["venv"]\n    node_venv --> node_venv_lib["lib"]\n    node_venv_lib --> node_venv_lib_python3_12["python3.12"]\n    node_venv_lib_python3_12 --> node_venv_lib_python3_12_site-packages["site-packages"]\n    node_venv_lib_python3_12_site-packages --> node_venv_lib_python3_12_site-packages_PyQt6["PyQt6"]\n    node_venv_lib_python3_12_site-packages_PyQt6 --> node_venv_lib_python3_12_site-packages_PyQt6_Qt6["Qt6"]\n    node_venv_lib_python3_12_site-packages_PyQt6_Qt6 --> node_venv_lib_python3_12_site-packages_PyQt6_Qt6_qml["qml"]\n    node_venv_lib_python3_12_site-packages_PyQt6_Qt6_qml --> node_venv_lib_python3_12_site-packages_PyQt6_Qt6_qml_QtQuick3D["QtQuick3D"]\n    node_venv_lib_python3_12_site-packages_PyQt6_Qt6_qml_QtQuick3D --> node_venv_lib_python3_12_site-packages_PyQt6_Qt6_qml_QtQuick3D_designer["designer"]\n    node_venv_lib_python3_12_site-packages_PyQt6_Qt6_qml_QtQuick3D_designer --> node_venv_lib_python3_12_site-packages_PyQt6_Qt6_qml_QtQuick3D_designer_NodeSpecifics_qml["NodeSpecifics.qml"]\n    Root --> node_venv["venv"]\n    node_venv --> node_venv_lib["lib"]\n    node_venv_lib --> node_venv_lib_python3_12["python3.12"]\n    node_venv_lib_python3_12 --> node_venv_lib_python3_12_site-packages["site-packages"]\n    node_venv_lib_python3_12_site-packages --> node_venv_lib_python3_12_site-packages_PyQt6["PyQt6"]\n    node_venv_lib_python3_12_site-packages_PyQt6 --> node_venv_lib_python3_12_site-packages_PyQt6_Qt6["Qt6"]\n    node_venv_lib_python3_12_site-packages_PyQt6_Qt6 --> node_venv_lib_python3_12_site-packages_PyQt6_Qt6_qml["qml"]\n    node_venv_lib_python3_12_site-packages_PyQt6_Qt6_qml --> node_venv_lib_python3_12_site-packages_PyQt6_Qt6_qml_QtQuick3D["QtQuick3D"]\n    node_venv_lib_python3_12_site-packages_PyQt6_Qt6_qml_QtQuick3D --> node_venv_lib_python3_12_site-packages_PyQt6_Qt6_qml_QtQuick3D_designer["designer"]\n    node_venv_lib_python3_12_site-packages_PyQt6_Qt6_qml_QtQuick3D_designer --> node_venv_lib_python3_12_site-packages_PyQt6_Qt6_qml_QtQuick3D_designer_Object3DSection_qml["Object3DSection.qml"]\n    Root --> node_venv["venv"]\n    node_venv --> node_venv_lib["lib"]\n    node_venv_lib --> node_venv_lib_python3_12["python3.12"]\n    node_venv_lib_python3_12 --> node_venv_lib_python3_12_site-packages["site-packages"]\n    node_venv_lib_python3_12_site-packages --> node_venv_lib_python3_12_site-packages_PyQt6["PyQt6"]\n    node_venv_lib_python3_12_site-packages_PyQt6 --> node_venv_lib_python3_12_site-packages_PyQt6_Qt6["Qt6"]\n    node_venv_lib_python3_12_site-packages_PyQt6_Qt6 --> node_venv_lib_python3_12_site-packages_PyQt6_Qt6_qml["qml"]\n    node_venv_lib_python3_12_site-packages_PyQt6_Qt6_qml --> node_venv_lib_python3_12_site-packages_PyQt6_Qt6_qml_QtQuick3D["QtQuick3D"]\n    node_venv_lib_python3_12_site-packages_PyQt6_Qt6_qml_QtQuick3D --> node_venv_lib_python3_12_site-packages_PyQt6_Qt6_qml_QtQuick3D_designer["designer"]\n    node_venv_lib_python3_12_site-packages_PyQt6_Qt6_qml_QtQuick3D_designer --> node_venv_lib_python3_12_site-packages_PyQt6_Qt6_qml_QtQuick3D_designer_OrthographicCameraSection_qml["OrthographicCameraSection.qml"]\n    Root --> node_venv["venv"]\n    node_venv --> node_venv_lib["lib"]\n    node_venv_lib --> node_venv_lib_python3_12["python3.12"]\n    node_venv_lib_python3_12 --> node_venv_lib_python3_12_site-packages["site-packages"]\n    node_venv_lib_python3_12_site-packages --> node_venv_lib_python3_12_site-packages_PyQt6["PyQt6"]\n    node_venv_lib_python3_12_site-packages_PyQt6 --> node_venv_lib_python3_12_site-packages_PyQt6_Qt6["Qt6"]\n    node_venv_lib_python3_12_site-packages_PyQt6_Qt6 --> node_venv_lib_python3_12_site-packages_PyQt6_Qt6_qml["qml"]\n    node_venv_lib_python3_12_site-packages_PyQt6_Qt6_qml --> node_venv_lib_python3_12_site-packages_PyQt6_Qt6_qml_QtQuick3D["QtQuick3D"]\n    node_venv_lib_python3_12_site-packages_PyQt6_Qt6_qml_QtQuick3D --> node_venv_lib_python3_12_site-packages_PyQt6_Qt6_qml_QtQuick3D_designer["designer"]\n    node_venv_lib_python3_12_site-packages_PyQt6_Qt6_qml_QtQuick3D_designer --> node_venv_lib_python3_12_site-packages_PyQt6_Qt6_qml_QtQuick3D_designer_OrthographicCameraSpecifics_qml["OrthographicCameraSpecifics.qml"]\n    Root --> node_venv["venv"]\n    node_venv --> node_venv_lib["lib"]\n    node_venv_lib --> node_venv_lib_python3_12["python3.12"]\n    node_venv_lib_python3_12 --> node_venv_lib_python3_12_site-packages["site-packages"]\n    node_venv_lib_python3_12_site-packages --> node_venv_lib_python3_12_site-packages_PyQt6["PyQt6"]\n    node_venv_lib_python3_12_site-packages_PyQt6 --> node_venv_lib_python3_12_site-packages_PyQt6_Qt6["Qt6"]\n    node_venv_lib_python3_12_site-packages_PyQt6_Qt6 --> node_venv_lib_python3_12_site-packages_PyQt6_Qt6_qml["qml"]\n    node_venv_lib_python3_12_site-packages_PyQt6_Qt6_qml --> node_venv_lib_python3_12_site-packages_PyQt6_Qt6_qml_QtQuick3D["QtQuick3D"]\n    node_venv_lib_python3_12_site-packages_PyQt6_Qt6_qml_QtQuick3D --> node_venv_lib_python3_12_site-packages_PyQt6_Qt6_qml_QtQuick3D_designer["designer"]\n    node_venv_lib_python3_12_site-packages_PyQt6_Qt6_qml_QtQuick3D_designer --> node_venv_lib_python3_12_site-packages_PyQt6_Qt6_qml_QtQuick3D_designer_PassSection_qml["PassSection.qml"]\n    Root --> node_venv["venv"]\n    node_venv --> node_venv_lib["lib"]\n    node_venv_lib --> node_venv_lib_python3_12["python3.12"]\n    node_venv_lib_python3_12 --> node_venv_lib_python3_12_site-packages["site-packages"]\n    node_venv_lib_python3_12_site-packages --> node_venv_lib_python3_12_site-packages_PyQt6["PyQt6"]\n    node_venv_lib_python3_12_site-packages_PyQt6 --> node_venv_lib_python3_12_site-packages_PyQt6_Qt6["Qt6"]\n    node_venv_lib_python3_12_site-packages_PyQt6_Qt6 --> node_venv_lib_python3_12_site-packages_PyQt6_Qt6_qml["qml"]\n    node_venv_lib_python3_12_site-packages_PyQt6_Qt6_qml --> node_venv_lib_python3_12_site-packages_PyQt6_Qt6_qml_QtQuick3D["QtQuick3D"]\n    node_venv_lib_python3_12_site-packages_PyQt6_Qt6_qml_QtQuick3D --> node_venv_lib_python3_12_site-packages_PyQt6_Qt6_qml_QtQuick3D_designer["designer"]\n    node_venv_lib_python3_12_site-packages_PyQt6_Qt6_qml_QtQuick3D_designer --> node_venv_lib_python3_12_site-packages_PyQt6_Qt6_qml_QtQuick3D_designer_PassSpecifics_qml["PassSpecifics.qml"]\n    Root --> node_venv["venv"]\n    node_venv --> node_venv_lib["lib"]\n    node_venv_lib --> node_venv_lib_python3_12["python3.12"]\n    node_venv_lib_python3_12 --> node_venv_lib_python3_12_site-packages["site-packages"]\n    node_venv_lib_python3_12_site-packages --> node_venv_lib_python3_12_site-packages_PyQt6["PyQt6"]\n    node_venv_lib_python3_12_site-packages_PyQt6 --> node_venv_lib_python3_12_site-packages_PyQt6_Qt6["Qt6"]\n    node_venv_lib_python3_12_site-packages_PyQt6_Qt6 --> node_venv_lib_python3_12_site-packages_PyQt6_Qt6_qml["qml"]\n    node_venv_lib_python3_12_site-packages_PyQt6_Qt6_qml --> node_venv_lib_python3_12_site-packages_PyQt6_Qt6_qml_QtQuick3D["QtQuick3D"]\n    node_venv_lib_python3_12_site-packages_PyQt6_Qt6_qml_QtQuick3D --> node_venv_lib_python3_12_site-packages_PyQt6_Qt6_qml_QtQuick3D_designer["designer"]\n    node_venv_lib_python3_12_site-packages_PyQt6_Qt6_qml_QtQuick3D_designer --> node_venv_lib_python3_12_site-packages_PyQt6_Qt6_qml_QtQuick3D_designer_PerspectiveCameraSection_qml["PerspectiveCameraSection.qml"]\n    Root --> node_venv["venv"]\n    node_venv --> node_venv_lib["lib"]\n    node_venv_lib --> node_venv_lib_python3_12["python3.12"]\n    node_venv_lib_python3_12 --> node_venv_lib_python3_12_site-packages["site-packages"]\n    node_venv_lib_python3_12_site-packages --> node_venv_lib_python3_12_site-packages_PyQt6["PyQt6"]\n    node_venv_lib_python3_12_site-packages_PyQt6 --> node_venv_lib_python3_12_site-packages_PyQt6_Qt6["Qt6"]\n    node_venv_lib_python3_12_site-packages_PyQt6_Qt6 --> node_venv_lib_python3_12_site-packages_PyQt6_Qt6_qml["qml"]\n    node_venv_lib_python3_12_site-packages_PyQt6_Qt6_qml --> node_venv_lib_python3_12_site-packages_PyQt6_Qt6_qml_QtQuick3D["QtQuick3D"]\n    node_venv_lib_python3_12_site-packages_PyQt6_Qt6_qml_QtQuick3D --> node_venv_lib_python3_12_site-packages_PyQt6_Qt6_qml_QtQuick3D_designer["designer"]\n    node_venv_lib_python3_12_site-packages_PyQt6_Qt6_qml_QtQuick3D_designer --> node_venv_lib_python3_12_site-packages_PyQt6_Qt6_qml_QtQuick3D_designer_PerspectiveCameraSpecifics_qml["PerspectiveCameraSpecifics.qml"]\n    Root --> node_venv["venv"]\n    node_venv --> node_venv_lib["lib"]\n    node_venv_lib --> node_venv_lib_python3_12["python3.12"]\n    node_venv_lib_python3_12 --> node_venv_lib_python3_12_site-packages["site-packages"]\n    node_venv_lib_python3_12_site-packages --> node_venv_lib_python3_12_site-packages_PyQt6["PyQt6"]\n    node_venv_lib_python3_12_site-packages_PyQt6 --> node_venv_lib_python3_12_site-packages_PyQt6_Qt6["Qt6"]\n    node_venv_lib_python3_12_site-packages_PyQt6_Qt6 --> node_venv_lib_python3_12_site-packages_PyQt6_Qt6_qml["qml"]\n    node_venv_lib_python3_12_site-packages_PyQt6_Qt6_qml --> node_venv_lib_python3_12_site-packages_PyQt6_Qt6_qml_QtQuick3D["QtQuick3D"]\n    node_venv_lib_python3_12_site-packages_PyQt6_Qt6_qml_QtQuick3D --> node_venv_lib_python3_12_site-packages_PyQt6_Qt6_qml_QtQuick3D_designer["designer"]\n    node_venv_lib_python3_12_site-packages_PyQt6_Qt6_qml_QtQuick3D_designer --> node_venv_lib_python3_12_site-packages_PyQt6_Qt6_qml_QtQuick3D_designer_PointLightSection_qml["PointLightSection.qml"]\n    Root --> node_venv["venv"]\n    node_venv --> node_venv_lib["lib"]\n    node_venv_lib --> node_venv_lib_python3_12["python3.12"]\n    node_venv_lib_python3_12 --> node_venv_lib_python3_12_site-packages["site-packages"]\n    node_venv_lib_python3_12_site-packages --> node_venv_lib_python3_12_site-packages_PyQt6["PyQt6"]\n    node_venv_lib_python3_12_site-packages_PyQt6 --> node_venv_lib_python3_12_site-packages_PyQt6_Qt6["Qt6"]\n    node_venv_lib_python3_12_site-packages_PyQt6_Qt6 --> node_venv_lib_python3_12_site-packages_PyQt6_Qt6_qml["qml"]\n    node_venv_lib_python3_12_site-packages_PyQt6_Qt6_qml --> node_venv_lib_python3_12_site-packages_PyQt6_Qt6_qml_QtQuick3D["QtQuick3D"]\n    node_venv_lib_python3_12_site-packages_PyQt6_Qt6_qml_QtQuick3D --> node_venv_lib_python3_12_site-packages_PyQt6_Qt6_qml_QtQuick3D_designer["designer"]\n    node_venv_lib_python3_12_site-packages_PyQt6_Qt6_qml_QtQuick3D_designer --> node_venv_lib_python3_12_site-packages_PyQt6_Qt6_qml_QtQuick3D_designer_PointLightSpecifics_qml["PointLightSpecifics.qml"]\n    Root --> node_venv["venv"]\n    node_venv --> node_venv_lib["lib"]\n    node_venv_lib --> node_venv_lib_python3_12["python3.12"]\n    node_venv_lib_python3_12 --> node_venv_lib_python3_12_site-packages["site-packages"]\n    node_venv_lib_python3_12_site-packages --> node_venv_lib_python3_12_site-packages_PyQt6["PyQt6"]\n    node_venv_lib_python3_12_site-packages_PyQt6 --> node_venv_lib_python3_12_site-packages_PyQt6_Qt6["Qt6"]\n    node_venv_lib_python3_12_site-packages_PyQt6_Qt6 --> node_venv_lib_python3_12_site-packages_PyQt6_Qt6_qml["qml"]\n    node_venv_lib_python3_12_site-packages_PyQt6_Qt6_qml --> node_venv_lib_python3_12_site-packages_PyQt6_Qt6_qml_QtQuick3D["QtQuick3D"]\n    node_venv_lib_python3_12_site-packages_PyQt6_Qt6_qml_QtQuick3D --> node_venv_lib_python3_12_site-packages_PyQt6_Qt6_qml_QtQuick3D_designer["designer"]\n    node_venv_lib_python3_12_site-packages_PyQt6_Qt6_qml_QtQuick3D_designer --> node_venv_lib_python3_12_site-packages_PyQt6_Qt6_qml_QtQuick3D_designer_PrincipledMaterialSection_qml["PrincipledMaterialSection.qml"]\n    Root --> node_venv["venv"]\n    node_venv --> node_venv_lib["lib"]\n    node_venv_lib --> node_venv_lib_python3_12["python3.12"]\n    node_venv_lib_python3_12 --> node_venv_lib_python3_12_site-packages["site-packages"]\n    node_venv_lib_python3_12_site-packages --> node_venv_lib_python3_12_site-packages_PyQt6["PyQt6"]\n    node_venv_lib_python3_12_site-packages_PyQt6 --> node_venv_lib_python3_12_site-packages_PyQt6_Qt6["Qt6"]\n    node_venv_lib_python3_12_site-packages_PyQt6_Qt6 --> node_venv_lib_python3_12_site-packages_PyQt6_Qt6_qml["qml"]\n    node_venv_lib_python3_12_site-packages_PyQt6_Qt6_qml --> node_venv_lib_python3_12_site-packages_PyQt6_Qt6_qml_QtQuick3D["QtQuick3D"]\n    node_venv_lib_python3_12_site-packages_PyQt6_Qt6_qml_QtQuick3D --> node_venv_lib_python3_12_site-packages_PyQt6_Qt6_qml_QtQuick3D_designer["designer"]\n    node_venv_lib_python3_12_site-packages_PyQt6_Qt6_qml_QtQuick3D_designer --> node_venv_lib_python3_12_site-packages_PyQt6_Qt6_qml_QtQuick3D_designer_PrincipledMaterialSpecifics_qml["PrincipledMaterialSpecifics.qml"]\n    Root --> node_venv["venv"]\n    node_venv --> node_venv_lib["lib"]\n    node_venv_lib --> node_venv_lib_python3_12["python3.12"]\n    node_venv_lib_python3_12 --> node_venv_lib_python3_12_site-packages["site-packages"]\n    node_venv_lib_python3_12_site-packages --> node_venv_lib_python3_12_site-packages_PyQt6["PyQt6"]\n    node_venv_lib_python3_12_site-packages_PyQt6 --> node_venv_lib_python3_12_site-packages_PyQt6_Qt6["Qt6"]\n    node_venv_lib_python3_12_site-packages_PyQt6_Qt6 --> node_venv_lib_python3_12_site-packages_PyQt6_Qt6_qml["qml"]\n    node_venv_lib_python3_12_site-packages_PyQt6_Qt6_qml --> node_venv_lib_python3_12_site-packages_PyQt6_Qt6_qml_QtQuick3D["QtQuick3D"]\n    node_venv_lib_python3_12_site-packages_PyQt6_Qt6_qml_QtQuick3D --> node_venv_lib_python3_12_site-packages_PyQt6_Qt6_qml_QtQuick3D_designer["designer"]\n    node_venv_lib_python3_12_site-packages_PyQt6_Qt6_qml_QtQuick3D_designer --> node_venv_lib_python3_12_site-packages_PyQt6_Qt6_qml_QtQuick3D_designer_ReflectionProbeSection_qml["ReflectionProbeSection.qml"]\n    Root --> node_venv["venv"]\n    node_venv --> node_venv_lib["lib"]\n    node_venv_lib --> node_venv_lib_python3_12["python3.12"]\n    node_venv_lib_python3_12 --> node_venv_lib_python3_12_site-packages["site-packages"]\n    node_venv_lib_python3_12_site-packages --> node_venv_lib_python3_12_site-packages_PyQt6["PyQt6"]\n    node_venv_lib_python3_12_site-packages_PyQt6 --> node_venv_lib_python3_12_site-packages_PyQt6_Qt6["Qt6"]\n    node_venv_lib_python3_12_site-packages_PyQt6_Qt6 --> node_venv_lib_python3_12_site-packages_PyQt6_Qt6_qml["qml"]\n    node_venv_lib_python3_12_site-packages_PyQt6_Qt6_qml --> node_venv_lib_python3_12_site-packages_PyQt6_Qt6_qml_QtQuick3D["QtQuick3D"]\n    node_venv_lib_python3_12_site-packages_PyQt6_Qt6_qml_QtQuick3D --> node_venv_lib_python3_12_site-packages_PyQt6_Qt6_qml_QtQuick3D_designer["designer"]\n    node_venv_lib_python3_12_site-packages_PyQt6_Qt6_qml_QtQuick3D_designer --> node_venv_lib_python3_12_site-packages_PyQt6_Qt6_qml_QtQuick3D_designer_ReflectionProbeSpecifics_qml["ReflectionProbeSpecifics.qml"]\n    Root --> node_venv["venv"]\n    node_venv --> node_venv_lib["lib"]\n    node_venv_lib --> node_venv_lib_python3_12["python3.12"]\n    node_venv_lib_python3_12 --> node_venv_lib_python3_12_site-packages["site-packages"]\n    node_venv_lib_python3_12_site-packages --> node_venv_lib_python3_12_site-packages_PyQt6["PyQt6"]\n    node_venv_lib_python3_12_site-packages_PyQt6 --> node_venv_lib_python3_12_site-packages_PyQt6_Qt6["Qt6"]\n    node_venv_lib_python3_12_site-packages_PyQt6_Qt6 --> node_venv_lib_python3_12_site-packages_PyQt6_Qt6_qml["qml"]\n    node_venv_lib_python3_12_site-packages_PyQt6_Qt6_qml --> node_venv_lib_python3_12_site-packages_PyQt6_Qt6_qml_QtQuick3D["QtQuick3D"]\n    node_venv_lib_python3_12_site-packages_PyQt6_Qt6_qml_QtQuick3D --> node_venv_lib_python3_12_site-packages_PyQt6_Qt6_qml_QtQuick3D_designer["designer"]\n    node_venv_lib_python3_12_site-packages_PyQt6_Qt6_qml_QtQuick3D_designer --> node_venv_lib_python3_12_site-packages_PyQt6_Qt6_qml_QtQuick3D_designer_Repeater3DSection_qml["Repeater3DSection.qml"]\n    Root --> node_venv["venv"]\n    node_venv --> node_venv_lib["lib"]\n    node_venv_lib --> node_venv_lib_python3_12["python3.12"]\n    node_venv_lib_python3_12 --> node_venv_lib_python3_12_site-packages["site-packages"]\n    node_venv_lib_python3_12_site-packages --> node_venv_lib_python3_12_site-packages_PyQt6["PyQt6"]\n    node_venv_lib_python3_12_site-packages_PyQt6 --> node_venv_lib_python3_12_site-packages_PyQt6_Qt6["Qt6"]\n    node_venv_lib_python3_12_site-packages_PyQt6_Qt6 --> node_venv_lib_python3_12_site-packages_PyQt6_Qt6_qml["qml"]\n    node_venv_lib_python3_12_site-packages_PyQt6_Qt6_qml --> node_venv_lib_python3_12_site-packages_PyQt6_Qt6_qml_QtQuick3D["QtQuick3D"]\n    node_venv_lib_python3_12_site-packages_PyQt6_Qt6_qml_QtQuick3D --> node_venv_lib_python3_12_site-packages_PyQt6_Qt6_qml_QtQuick3D_designer["designer"]\n    node_venv_lib_python3_12_site-packages_PyQt6_Qt6_qml_QtQuick3D_designer --> node_venv_lib_python3_12_site-packages_PyQt6_Qt6_qml_QtQuick3D_designer_Repeater3DSpecifics_qml["Repeater3DSpecifics.qml"]\n    Root --> node_venv["venv"]\n    node_venv --> node_venv_lib["lib"]\n    node_venv_lib --> node_venv_lib_python3_12["python3.12"]\n    node_venv_lib_python3_12 --> node_venv_lib_python3_12_site-packages["site-packages"]\n    node_venv_lib_python3_12_site-packages --> node_venv_lib_python3_12_site-packages_PyQt6["PyQt6"]\n    node_venv_lib_python3_12_site-packages_PyQt6 --> node_venv_lib_python3_12_site-packages_PyQt6_Qt6["Qt6"]\n    node_venv_lib_python3_12_site-packages_PyQt6_Qt6 --> node_venv_lib_python3_12_site-packages_PyQt6_Qt6_qml["qml"]\n    node_venv_lib_python3_12_site-packages_PyQt6_Qt6_qml --> node_venv_lib_python3_12_site-packages_PyQt6_Qt6_qml_QtQuick3D["QtQuick3D"]\n    node_venv_lib_python3_12_site-packages_PyQt6_Qt6_qml_QtQuick3D --> node_venv_lib_python3_12_site-packages_PyQt6_Qt6_qml_QtQuick3D_designer["designer"]\n    node_venv_lib_python3_12_site-packages_PyQt6_Qt6_qml_QtQuick3D_designer --> node_venv_lib_python3_12_site-packages_PyQt6_Qt6_qml_QtQuick3D_designer_ResourceLoaderSection_qml["ResourceLoaderSection.qml"]\n    Root --> node_venv["venv"]\n    node_venv --> node_venv_lib["lib"]\n    node_venv_lib --> node_venv_lib_python3_12["python3.12"]\n    node_venv_lib_python3_12 --> node_venv_lib_python3_12_site-packages["site-packages"]\n    node_venv_lib_python3_12_site-packages --> node_venv_lib_python3_12_site-packages_PyQt6["PyQt6"]\n    node_venv_lib_python3_12_site-packages_PyQt6 --> node_venv_lib_python3_12_site-packages_PyQt6_Qt6["Qt6"]\n    node_venv_lib_python3_12_site-packages_PyQt6_Qt6 --> node_venv_lib_python3_12_site-packages_PyQt6_Qt6_qml["qml"]\n    node_venv_lib_python3_12_site-packages_PyQt6_Qt6_qml --> node_venv_lib_python3_12_site-packages_PyQt6_Qt6_qml_QtQuick3D["QtQuick3D"]\n    node_venv_lib_python3_12_site-packages_PyQt6_Qt6_qml_QtQuick3D --> node_venv_lib_python3_12_site-packages_PyQt6_Qt6_qml_QtQuick3D_designer["designer"]\n    node_venv_lib_python3_12_site-packages_PyQt6_Qt6_qml_QtQuick3D_designer --> node_venv_lib_python3_12_site-packages_PyQt6_Qt6_qml_QtQuick3D_designer_ResourceLoaderSpecifics_qml["ResourceLoaderSpecifics.qml"]\n    Root --> node_venv["venv"]\n    node_venv --> node_venv_lib["lib"]\n    node_venv_lib --> node_venv_lib_python3_12["python3.12"]\n    node_venv_lib_python3_12 --> node_venv_lib_python3_12_site-packages["site-packages"]\n    node_venv_lib_python3_12_site-packages --> node_venv_lib_python3_12_site-packages_PyQt6["PyQt6"]\n    node_venv_lib_python3_12_site-packages_PyQt6 --> node_venv_lib_python3_12_site-packages_PyQt6_Qt6["Qt6"]\n    node_venv_lib_python3_12_site-packages_PyQt6_Qt6 --> node_venv_lib_python3_12_site-packages_PyQt6_Qt6_qml["qml"]\n    node_venv_lib_python3_12_site-packages_PyQt6_Qt6_qml --> node_venv_lib_python3_12_site-packages_PyQt6_Qt6_qml_QtQuick3D["QtQuick3D"]\n    node_venv_lib_python3_12_site-packages_PyQt6_Qt6_qml_QtQuick3D --> node_venv_lib_python3_12_site-packages_PyQt6_Qt6_qml_QtQuick3D_designer["designer"]\n    node_venv_lib_python3_12_site-packages_PyQt6_Qt6_qml_QtQuick3D_designer --> node_venv_lib_python3_12_site-packages_PyQt6_Qt6_qml_QtQuick3D_designer_SceneEnvironmentSection_qml["SceneEnvironmentSection.qml"]\n    Root --> node_venv["venv"]\n    node_venv --> node_venv_lib["lib"]\n    node_venv_lib --> node_venv_lib_python3_12["python3.12"]\n    node_venv_lib_python3_12 --> node_venv_lib_python3_12_site-packages["site-packages"]\n    node_venv_lib_python3_12_site-packages --> node_venv_lib_python3_12_site-packages_PyQt6["PyQt6"]\n    node_venv_lib_python3_12_site-packages_PyQt6 --> node_venv_lib_python3_12_site-packages_PyQt6_Qt6["Qt6"]\n    node_venv_lib_python3_12_site-packages_PyQt6_Qt6 --> node_venv_lib_python3_12_site-packages_PyQt6_Qt6_qml["qml"]\n    node_venv_lib_python3_12_site-packages_PyQt6_Qt6_qml --> node_venv_lib_python3_12_site-packages_PyQt6_Qt6_qml_QtQuick3D["QtQuick3D"]\n    node_venv_lib_python3_12_site-packages_PyQt6_Qt6_qml_QtQuick3D --> node_venv_lib_python3_12_site-packages_PyQt6_Qt6_qml_QtQuick3D_designer["designer"]\n    node_venv_lib_python3_12_site-packages_PyQt6_Qt6_qml_QtQuick3D_designer --> node_venv_lib_python3_12_site-packages_PyQt6_Qt6_qml_QtQuick3D_designer_SceneEnvironmentSpecifics_qml["SceneEnvironmentSpecifics.qml"]\n    Root --> node_venv["venv"]\n    node_venv --> node_venv_lib["lib"]\n    node_venv_lib --> node_venv_lib_python3_12["python3.12"]\n    node_venv_lib_python3_12 --> node_venv_lib_python3_12_site-packages["site-packages"]\n    node_venv_lib_python3_12_site-packages --> node_venv_lib_python3_12_site-packages_PyQt6["PyQt6"]\n    node_venv_lib_python3_12_site-packages_PyQt6 --> node_venv_lib_python3_12_site-packages_PyQt6_Qt6["Qt6"]\n    node_venv_lib_python3_12_site-packages_PyQt6_Qt6 --> node_venv_lib_python3_12_site-packages_PyQt6_Qt6_qml["qml"]\n    node_venv_lib_python3_12_site-packages_PyQt6_Qt6_qml --> node_venv_lib_python3_12_site-packages_PyQt6_Qt6_qml_QtQuick3D["QtQuick3D"]\n    node_venv_lib_python3_12_site-packages_PyQt6_Qt6_qml_QtQuick3D --> node_venv_lib_python3_12_site-packages_PyQt6_Qt6_qml_QtQuick3D_designer["designer"]\n    node_venv_lib_python3_12_site-packages_PyQt6_Qt6_qml_QtQuick3D_designer --> node_venv_lib_python3_12_site-packages_PyQt6_Qt6_qml_QtQuick3D_designer_SetUniformValueSection_qml["SetUniformValueSection.qml"]\n    Root --> node_venv["venv"]\n    node_venv --> node_venv_lib["lib"]\n    node_venv_lib --> node_venv_lib_python3_12["python3.12"]\n    node_venv_lib_python3_12 --> node_venv_lib_python3_12_site-packages["site-packages"]\n    node_venv_lib_python3_12_site-packages --> node_venv_lib_python3_12_site-packages_PyQt6["PyQt6"]\n    node_venv_lib_python3_12_site-packages_PyQt6 --> node_venv_lib_python3_12_site-packages_PyQt6_Qt6["Qt6"]\n    node_venv_lib_python3_12_site-packages_PyQt6_Qt6 --> node_venv_lib_python3_12_site-packages_PyQt6_Qt6_qml["qml"]\n    node_venv_lib_python3_12_site-packages_PyQt6_Qt6_qml --> node_venv_lib_python3_12_site-packages_PyQt6_Qt6_qml_QtQuick3D["QtQuick3D"]\n    node_venv_lib_python3_12_site-packages_PyQt6_Qt6_qml_QtQuick3D --> node_venv_lib_python3_12_site-packages_PyQt6_Qt6_qml_QtQuick3D_designer["designer"]\n    node_venv_lib_python3_12_site-packages_PyQt6_Qt6_qml_QtQuick3D_designer --> node_venv_lib_python3_12_site-packages_PyQt6_Qt6_qml_QtQuick3D_designer_SetUniformValueSpecifics_qml["SetUniformValueSpecifics.qml"]\n    Root --> node_venv["venv"]\n    node_venv --> node_venv_lib["lib"]\n    node_venv_lib --> node_venv_lib_python3_12["python3.12"]\n    node_venv_lib_python3_12 --> node_venv_lib_python3_12_site-packages["site-packages"]\n    node_venv_lib_python3_12_site-packages --> node_venv_lib_python3_12_site-packages_PyQt6["PyQt6"]\n    node_venv_lib_python3_12_site-packages_PyQt6 --> node_venv_lib_python3_12_site-packages_PyQt6_Qt6["Qt6"]\n    node_venv_lib_python3_12_site-packages_PyQt6_Qt6 --> node_venv_lib_python3_12_site-packages_PyQt6_Qt6_qml["qml"]\n    node_venv_lib_python3_12_site-packages_PyQt6_Qt6_qml --> node_venv_lib_python3_12_site-packages_PyQt6_Qt6_qml_QtQuick3D["QtQuick3D"]\n    node_venv_lib_python3_12_site-packages_PyQt6_Qt6_qml_QtQuick3D --> node_venv_lib_python3_12_site-packages_PyQt6_Qt6_qml_QtQuick3D_designer["designer"]\n    node_venv_lib_python3_12_site-packages_PyQt6_Qt6_qml_QtQuick3D_designer --> node_venv_lib_python3_12_site-packages_PyQt6_Qt6_qml_QtQuick3D_designer_ShaderSection_qml["ShaderSection.qml"]\n    Root --> node_venv["venv"]\n    node_venv --> node_venv_lib["lib"]\n    node_venv_lib --> node_venv_lib_python3_12["python3.12"]\n    node_venv_lib_python3_12 --> node_venv_lib_python3_12_site-packages["site-packages"]\n    node_venv_lib_python3_12_site-packages --> node_venv_lib_python3_12_site-packages_PyQt6["PyQt6"]\n    node_venv_lib_python3_12_site-packages_PyQt6 --> node_venv_lib_python3_12_site-packages_PyQt6_Qt6["Qt6"]\n    node_venv_lib_python3_12_site-packages_PyQt6_Qt6 --> node_venv_lib_python3_12_site-packages_PyQt6_Qt6_qml["qml"]\n    node_venv_lib_python3_12_site-packages_PyQt6_Qt6_qml --> node_venv_lib_python3_12_site-packages_PyQt6_Qt6_qml_QtQuick3D["QtQuick3D"]\n    node_venv_lib_python3_12_site-packages_PyQt6_Qt6_qml_QtQuick3D --> node_venv_lib_python3_12_site-packages_PyQt6_Qt6_qml_QtQuick3D_designer["designer"]\n    node_venv_lib_python3_12_site-packages_PyQt6_Qt6_qml_QtQuick3D_designer --> node_venv_lib_python3_12_site-packages_PyQt6_Qt6_qml_QtQuick3D_designer_ShaderSpecifics_qml["ShaderSpecifics.qml"]\n    Root --> node_venv["venv"]\n    node_venv --> node_venv_lib["lib"]\n    node_venv_lib --> node_venv_lib_python3_12["python3.12"]\n    node_venv_lib_python3_12 --> node_venv_lib_python3_12_site-packages["site-packages"]\n    node_venv_lib_python3_12_site-packages --> node_venv_lib_python3_12_site-packages_PyQt6["PyQt6"]\n    node_venv_lib_python3_12_site-packages_PyQt6 --> node_venv_lib_python3_12_site-packages_PyQt6_Qt6["Qt6"]\n    node_venv_lib_python3_12_site-packages_PyQt6_Qt6 --> node_venv_lib_python3_12_site-packages_PyQt6_Qt6_qml["qml"]\n    node_venv_lib_python3_12_site-packages_PyQt6_Qt6_qml --> node_venv_lib_python3_12_site-packages_PyQt6_Qt6_qml_QtQuick3D["QtQuick3D"]\n    node_venv_lib_python3_12_site-packages_PyQt6_Qt6_qml_QtQuick3D --> node_venv_lib_python3_12_site-packages_PyQt6_Qt6_qml_QtQuick3D_designer["designer"]\n    node_venv_lib_python3_12_site-packages_PyQt6_Qt6_qml_QtQuick3D_designer --> node_venv_lib_python3_12_site-packages_PyQt6_Qt6_qml_QtQuick3D_designer_ShadowSection_qml["ShadowSection.qml"]\n    Root --> node_venv["venv"]\n    node_venv --> node_venv_lib["lib"]\n    node_venv_lib --> node_venv_lib_python3_12["python3.12"]\n    node_venv_lib_python3_12 --> node_venv_lib_python3_12_site-packages["site-packages"]\n    node_venv_lib_python3_12_site-packages --> node_venv_lib_python3_12_site-packages_PyQt6["PyQt6"]\n    node_venv_lib_python3_12_site-packages_PyQt6 --> node_venv_lib_python3_12_site-packages_PyQt6_Qt6["Qt6"]\n    node_venv_lib_python3_12_site-packages_PyQt6_Qt6 --> node_venv_lib_python3_12_site-packages_PyQt6_Qt6_qml["qml"]\n    node_venv_lib_python3_12_site-packages_PyQt6_Qt6_qml --> node_venv_lib_python3_12_site-packages_PyQt6_Qt6_qml_QtQuick3D["QtQuick3D"]\n    node_venv_lib_python3_12_site-packages_PyQt6_Qt6_qml_QtQuick3D --> node_venv_lib_python3_12_site-packages_PyQt6_Qt6_qml_QtQuick3D_designer["designer"]\n    node_venv_lib_python3_12_site-packages_PyQt6_Qt6_qml_QtQuick3D_designer --> node_venv_lib_python3_12_site-packages_PyQt6_Qt6_qml_QtQuick3D_designer_SkinSection_qml["SkinSection.qml"]\n    Root --> node_venv["venv"]\n    node_venv --> node_venv_lib["lib"]\n    node_venv_lib --> node_venv_lib_python3_12["python3.12"]\n    node_venv_lib_python3_12 --> node_venv_lib_python3_12_site-packages["site-packages"]\n    node_venv_lib_python3_12_site-packages --> node_venv_lib_python3_12_site-packages_PyQt6["PyQt6"]\n    node_venv_lib_python3_12_site-packages_PyQt6 --> node_venv_lib_python3_12_site-packages_PyQt6_Qt6["Qt6"]\n    node_venv_lib_python3_12_site-packages_PyQt6_Qt6 --> node_venv_lib_python3_12_site-packages_PyQt6_Qt6_qml["qml"]\n    node_venv_lib_python3_12_site-packages_PyQt6_Qt6_qml --> node_venv_lib_python3_12_site-packages_PyQt6_Qt6_qml_QtQuick3D["QtQuick3D"]\n    node_venv_lib_python3_12_site-packages_PyQt6_Qt6_qml_QtQuick3D --> node_venv_lib_python3_12_site-packages_PyQt6_Qt6_qml_QtQuick3D_designer["designer"]\n    node_venv_lib_python3_12_site-packages_PyQt6_Qt6_qml_QtQuick3D_designer --> node_venv_lib_python3_12_site-packages_PyQt6_Qt6_qml_QtQuick3D_designer_SkinSpecifics_qml["SkinSpecifics.qml"]\n    Root --> node_venv["venv"]\n    node_venv --> node_venv_lib["lib"]\n    node_venv_lib --> node_venv_lib_python3_12["python3.12"]\n    node_venv_lib_python3_12 --> node_venv_lib_python3_12_site-packages["site-packages"]\n    node_venv_lib_python3_12_site-packages --> node_venv_lib_python3_12_site-packages_PyQt6["PyQt6"]\n    node_venv_lib_python3_12_site-packages_PyQt6 --> node_venv_lib_python3_12_site-packages_PyQt6_Qt6["Qt6"]\n    node_venv_lib_python3_12_site-packages_PyQt6_Qt6 --> node_venv_lib_python3_12_site-packages_PyQt6_Qt6_qml["qml"]\n    node_venv_lib_python3_12_site-packages_PyQt6_Qt6_qml --> node_venv_lib_python3_12_site-packages_PyQt6_Qt6_qml_QtQuick3D["QtQuick3D"]\n    node_venv_lib_python3_12_site-packages_PyQt6_Qt6_qml_QtQuick3D --> node_venv_lib_python3_12_site-packages_PyQt6_Qt6_qml_QtQuick3D_designer["designer"]\n    node_venv_lib_python3_12_site-packages_PyQt6_Qt6_qml_QtQuick3D_designer --> node_venv_lib_python3_12_site-packages_PyQt6_Qt6_qml_QtQuick3D_designer_SpecularGlossyMaterialSection_qml["SpecularGlossyMaterialSection.qml"]\n    Root --> node_venv["venv"]\n    node_venv --> node_venv_lib["lib"]\n    node_venv_lib --> node_venv_lib_python3_12["python3.12"]\n    node_venv_lib_python3_12 --> node_venv_lib_python3_12_site-packages["site-packages"]\n    node_venv_lib_python3_12_site-packages --> node_venv_lib_python3_12_site-packages_PyQt6["PyQt6"]\n    node_venv_lib_python3_12_site-packages_PyQt6 --> node_venv_lib_python3_12_site-packages_PyQt6_Qt6["Qt6"]\n    node_venv_lib_python3_12_site-packages_PyQt6_Qt6 --> node_venv_lib_python3_12_site-packages_PyQt6_Qt6_qml["qml"]\n    node_venv_lib_python3_12_site-packages_PyQt6_Qt6_qml --> node_venv_lib_python3_12_site-packages_PyQt6_Qt6_qml_QtQuick3D["QtQuick3D"]\n    node_venv_lib_python3_12_site-packages_PyQt6_Qt6_qml_QtQuick3D --> node_venv_lib_python3_12_site-packages_PyQt6_Qt6_qml_QtQuick3D_designer["designer"]\n    node_venv_lib_python3_12_site-packages_PyQt6_Qt6_qml_QtQuick3D_designer --> node_venv_lib_python3_12_site-packages_PyQt6_Qt6_qml_QtQuick3D_designer_SpecularGlossyMaterialSpecifics_qml["SpecularGlossyMaterialSpecifics.qml"]\n    Root --> node_venv["venv"]\n    node_venv --> node_venv_lib["lib"]\n    node_venv_lib --> node_venv_lib_python3_12["python3.12"]\n    node_venv_lib_python3_12 --> node_venv_lib_python3_12_site-packages["site-packages"]\n    node_venv_lib_python3_12_site-packages --> node_venv_lib_python3_12_site-packages_PyQt6["PyQt6"]\n    node_venv_lib_python3_12_site-packages_PyQt6 --> node_venv_lib_python3_12_site-packages_PyQt6_Qt6["Qt6"]\n    node_venv_lib_python3_12_site-packages_PyQt6_Qt6 --> node_venv_lib_python3_12_site-packages_PyQt6_Qt6_qml["qml"]\n    node_venv_lib_python3_12_site-packages_PyQt6_Qt6_qml --> node_venv_lib_python3_12_site-packages_PyQt6_Qt6_qml_QtQuick3D["QtQuick3D"]\n    node_venv_lib_python3_12_site-packages_PyQt6_Qt6_qml_QtQuick3D --> node_venv_lib_python3_12_site-packages_PyQt6_Qt6_qml_QtQuick3D_designer["designer"]\n    node_venv_lib_python3_12_site-packages_PyQt6_Qt6_qml_QtQuick3D_designer --> node_venv_lib_python3_12_site-packages_PyQt6_Qt6_qml_QtQuick3D_designer_SpotLightSection_qml["SpotLightSection.qml"]\n    Root --> node_venv["venv"]\n    node_venv --> node_venv_lib["lib"]\n    node_venv_lib --> node_venv_lib_python3_12["python3.12"]\n    node_venv_lib_python3_12 --> node_venv_lib_python3_12_site-packages["site-packages"]\n    node_venv_lib_python3_12_site-packages --> node_venv_lib_python3_12_site-packages_PyQt6["PyQt6"]\n    node_venv_lib_python3_12_site-packages_PyQt6 --> node_venv_lib_python3_12_site-packages_PyQt6_Qt6["Qt6"]\n    node_venv_lib_python3_12_site-packages_PyQt6_Qt6 --> node_venv_lib_python3_12_site-packages_PyQt6_Qt6_qml["qml"]\n    node_venv_lib_python3_12_site-packages_PyQt6_Qt6_qml --> node_venv_lib_python3_12_site-packages_PyQt6_Qt6_qml_QtQuick3D["QtQuick3D"]\n    node_venv_lib_python3_12_site-packages_PyQt6_Qt6_qml_QtQuick3D --> node_venv_lib_python3_12_site-packages_PyQt6_Qt6_qml_QtQuick3D_designer["designer"]\n    node_venv_lib_python3_12_site-packages_PyQt6_Qt6_qml_QtQuick3D_designer --> node_venv_lib_python3_12_site-packages_PyQt6_Qt6_qml_QtQuick3D_designer_SpotLightSpecifics_qml["SpotLightSpecifics.qml"]\n    Root --> node_venv["venv"]\n    node_venv --> node_venv_lib["lib"]\n    node_venv_lib --> node_venv_lib_python3_12["python3.12"]\n    node_venv_lib_python3_12 --> node_venv_lib_python3_12_site-packages["site-packages"]\n    node_venv_lib_python3_12_site-packages --> node_venv_lib_python3_12_site-packages_PyQt6["PyQt6"]\n    node_venv_lib_python3_12_site-packages_PyQt6 --> node_venv_lib_python3_12_site-packages_PyQt6_Qt6["Qt6"]\n    node_venv_lib_python3_12_site-packages_PyQt6_Qt6 --> node_venv_lib_python3_12_site-packages_PyQt6_Qt6_qml["qml"]\n    node_venv_lib_python3_12_site-packages_PyQt6_Qt6_qml --> node_venv_lib_python3_12_site-packages_PyQt6_Qt6_qml_QtQuick3D["QtQuick3D"]\n    node_venv_lib_python3_12_site-packages_PyQt6_Qt6_qml_QtQuick3D --> node_venv_lib_python3_12_site-packages_PyQt6_Qt6_qml_QtQuick3D_designer["designer"]\n    node_venv_lib_python3_12_site-packages_PyQt6_Qt6_qml_QtQuick3D_designer --> node_venv_lib_python3_12_site-packages_PyQt6_Qt6_qml_QtQuick3D_designer_TextureInputSection_qml["TextureInputSection.qml"]\n    Root --> node_venv["venv"]\n    node_venv --> node_venv_lib["lib"]\n    node_venv_lib --> node_venv_lib_python3_12["python3.12"]\n    node_venv_lib_python3_12 --> node_venv_lib_python3_12_site-packages["site-packages"]\n    node_venv_lib_python3_12_site-packages --> node_venv_lib_python3_12_site-packages_PyQt6["PyQt6"]\n    node_venv_lib_python3_12_site-packages_PyQt6 --> node_venv_lib_python3_12_site-packages_PyQt6_Qt6["Qt6"]\n    node_venv_lib_python3_12_site-packages_PyQt6_Qt6 --> node_venv_lib_python3_12_site-packages_PyQt6_Qt6_qml["qml"]\n    node_venv_lib_python3_12_site-packages_PyQt6_Qt6_qml --> node_venv_lib_python3_12_site-packages_PyQt6_Qt6_qml_QtQuick3D["QtQuick3D"]\n    node_venv_lib_python3_12_site-packages_PyQt6_Qt6_qml_QtQuick3D --> node_venv_lib_python3_12_site-packages_PyQt6_Qt6_qml_QtQuick3D_designer["designer"]\n    node_venv_lib_python3_12_site-packages_PyQt6_Qt6_qml_QtQuick3D_designer --> node_venv_lib_python3_12_site-packages_PyQt6_Qt6_qml_QtQuick3D_designer_TextureInputSpecifics_qml["TextureInputSpecifics.qml"]\n    Root --> node_venv["venv"]\n    node_venv --> node_venv_lib["lib"]\n    node_venv_lib --> node_venv_lib_python3_12["python3.12"]\n    node_venv_lib_python3_12 --> node_venv_lib_python3_12_site-packages["site-packages"]\n    node_venv_lib_python3_12_site-packages --> node_venv_lib_python3_12_site-packages_PyQt6["PyQt6"]\n    node_venv_lib_python3_12_site-packages_PyQt6 --> node_venv_lib_python3_12_site-packages_PyQt6_Qt6["Qt6"]\n    node_venv_lib_python3_12_site-packages_PyQt6_Qt6 --> node_venv_lib_python3_12_site-packages_PyQt6_Qt6_qml["qml"]\n    node_venv_lib_python3_12_site-packages_PyQt6_Qt6_qml --> node_venv_lib_python3_12_site-packages_PyQt6_Qt6_qml_QtQuick3D["QtQuick3D"]\n    node_venv_lib_python3_12_site-packages_PyQt6_Qt6_qml_QtQuick3D --> node_venv_lib_python3_12_site-packages_PyQt6_Qt6_qml_QtQuick3D_designer["designer"]\n    node_venv_lib_python3_12_site-packages_PyQt6_Qt6_qml_QtQuick3D_designer --> node_venv_lib_python3_12_site-packages_PyQt6_Qt6_qml_QtQuick3D_designer_TextureSection_qml["TextureSection.qml"]\n    Root --> node_venv["venv"]\n    node_venv --> node_venv_lib["lib"]\n    node_venv_lib --> node_venv_lib_python3_12["python3.12"]\n    node_venv_lib_python3_12 --> node_venv_lib_python3_12_site-packages["site-packages"]\n    node_venv_lib_python3_12_site-packages --> node_venv_lib_python3_12_site-packages_PyQt6["PyQt6"]\n    node_venv_lib_python3_12_site-packages_PyQt6 --> node_venv_lib_python3_12_site-packages_PyQt6_Qt6["Qt6"]\n    node_venv_lib_python3_12_site-packages_PyQt6_Qt6 --> node_venv_lib_python3_12_site-packages_PyQt6_Qt6_qml["qml"]\n    node_venv_lib_python3_12_site-packages_PyQt6_Qt6_qml --> node_venv_lib_python3_12_site-packages_PyQt6_Qt6_qml_QtQuick3D["QtQuick3D"]\n    node_venv_lib_python3_12_site-packages_PyQt6_Qt6_qml_QtQuick3D --> node_venv_lib_python3_12_site-packages_PyQt6_Qt6_qml_QtQuick3D_designer["designer"]\n    node_venv_lib_python3_12_site-packages_PyQt6_Qt6_qml_QtQuick3D_designer --> node_venv_lib_python3_12_site-packages_PyQt6_Qt6_qml_QtQuick3D_designer_TextureSpecifics_qml["TextureSpecifics.qml"]\n    Root --> node_venv["venv"]\n    node_venv --> node_venv_lib["lib"]\n    node_venv_lib --> node_venv_lib_python3_12["python3.12"]\n    node_venv_lib_python3_12 --> node_venv_lib_python3_12_site-packages["site-packages"]\n    node_venv_lib_python3_12_site-packages --> node_venv_lib_python3_12_site-packages_PyQt6["PyQt6"]\n    node_venv_lib_python3_12_site-packages_PyQt6 --> node_venv_lib_python3_12_site-packages_PyQt6_Qt6["Qt6"]\n    node_venv_lib_python3_12_site-packages_PyQt6_Qt6 --> node_venv_lib_python3_12_site-packages_PyQt6_Qt6_qml["qml"]\n    node_venv_lib_python3_12_site-packages_PyQt6_Qt6_qml --> node_venv_lib_python3_12_site-packages_PyQt6_Qt6_qml_QtQuick3D["QtQuick3D"]\n    node_venv_lib_python3_12_site-packages_PyQt6_Qt6_qml_QtQuick3D --> node_venv_lib_python3_12_site-packages_PyQt6_Qt6_qml_QtQuick3D_designer["designer"]\n    node_venv_lib_python3_12_site-packages_PyQt6_Qt6_qml_QtQuick3D_designer --> node_venv_lib_python3_12_site-packages_PyQt6_Qt6_qml_QtQuick3D_designer_View3DSection_qml["View3DSection.qml"]\n    Root --> node_venv["venv"]\n    node_venv --> node_venv_lib["lib"]\n    node_venv_lib --> node_venv_lib_python3_12["python3.12"]\n    node_venv_lib_python3_12 --> node_venv_lib_python3_12_site-packages["site-packages"]\n    node_venv_lib_python3_12_site-packages --> node_venv_lib_python3_12_site-packages_PyQt6["PyQt6"]\n    node_venv_lib_python3_12_site-packages_PyQt6 --> node_venv_lib_python3_12_site-packages_PyQt6_Qt6["Qt6"]\n    node_venv_lib_python3_12_site-packages_PyQt6_Qt6 --> node_venv_lib_python3_12_site-packages_PyQt6_Qt6_qml["qml"]\n    node_venv_lib_python3_12_site-packages_PyQt6_Qt6_qml --> node_venv_lib_python3_12_site-packages_PyQt6_Qt6_qml_QtQuick3D["QtQuick3D"]\n    node_venv_lib_python3_12_site-packages_PyQt6_Qt6_qml_QtQuick3D --> node_venv_lib_python3_12_site-packages_PyQt6_Qt6_qml_QtQuick3D_designer["designer"]\n    node_venv_lib_python3_12_site-packages_PyQt6_Qt6_qml_QtQuick3D_designer --> node_venv_lib_python3_12_site-packages_PyQt6_Qt6_qml_QtQuick3D_designer_View3DSpecifics_qml["View3DSpecifics.qml"]\n    Root --> node_venv["venv"]\n    node_venv --> node_venv_lib["lib"]\n    node_venv_lib --> node_venv_lib_python3_12["python3.12"]\n    node_venv_lib_python3_12 --> node_venv_lib_python3_12_site-packages["site-packages"]\n    node_venv_lib_python3_12_site-packages --> node_venv_lib_python3_12_site-packages_PyQt6["PyQt6"]\n    node_venv_lib_python3_12_site-packages_PyQt6 --> node_venv_lib_python3_12_site-packages_PyQt6_Qt6["Qt6"]\n    node_venv_lib_python3_12_site-packages_PyQt6_Qt6 --> node_venv_lib_python3_12_site-packages_PyQt6_Qt6_qml["qml"]\n    node_venv_lib_python3_12_site-packages_PyQt6_Qt6_qml --> node_venv_lib_python3_12_site-packages_PyQt6_Qt6_qml_QtQuick3D["QtQuick3D"]\n    node_venv_lib_python3_12_site-packages_PyQt6_Qt6_qml_QtQuick3D --> node_venv_lib_python3_12_site-packages_PyQt6_Qt6_qml_QtQuick3D_designer["designer"]\n    node_venv_lib_python3_12_site-packages_PyQt6_Qt6_qml_QtQuick3D_designer --> node_venv_lib_python3_12_site-packages_PyQt6_Qt6_qml_QtQuick3D_designer_propertyGroups_json["propertyGroups.json"]\n    Root --> node_venv["venv"]\n    node_venv --> node_venv_lib["lib"]\n    node_venv_lib --> node_venv_lib_python3_12["python3.12"]\n    node_venv_lib_python3_12 --> node_venv_lib_python3_12_site-packages["site-packages"]\n    node_venv_lib_python3_12_site-packages --> node_venv_lib_python3_12_site-packages_PyQt6["PyQt6"]\n    node_venv_lib_python3_12_site-packages_PyQt6 --> node_venv_lib_python3_12_site-packages_PyQt6_Qt6["Qt6"]\n    node_venv_lib_python3_12_site-packages_PyQt6_Qt6 --> node_venv_lib_python3_12_site-packages_PyQt6_Qt6_qml["qml"]\n    node_venv_lib_python3_12_site-packages_PyQt6_Qt6_qml --> node_venv_lib_python3_12_site-packages_PyQt6_Qt6_qml_QtQuick3D["QtQuick3D"]\n    node_venv_lib_python3_12_site-packages_PyQt6_Qt6_qml_QtQuick3D --> node_venv_lib_python3_12_site-packages_PyQt6_Qt6_qml_QtQuick3D_designer["designer"]\n    node_venv_lib_python3_12_site-packages_PyQt6_Qt6_qml_QtQuick3D_designer --> node_venv_lib_python3_12_site-packages_PyQt6_Qt6_qml_QtQuick3D_designer_quick3d_metainfo["quick3d.metainfo"]\n    Root --> node_venv["venv"]\n    node_venv --> node_venv_lib["lib"]\n    node_venv_lib --> node_venv_lib_python3_12["python3.12"]\n    node_venv_lib_python3_12 --> node_venv_lib_python3_12_site-packages["site-packages"]\n    node_venv_lib_python3_12_site-packages --> node_venv_lib_python3_12_site-packages_PyQt6["PyQt6"]\n    node_venv_lib_python3_12_site-packages_PyQt6 --> node_venv_lib_python3_12_site-packages_PyQt6_Qt6["Qt6"]\n    node_venv_lib_python3_12_site-packages_PyQt6_Qt6 --> node_venv_lib_python3_12_site-packages_PyQt6_Qt6_qml["qml"]\n    node_venv_lib_python3_12_site-packages_PyQt6_Qt6_qml --> node_venv_lib_python3_12_site-packages_PyQt6_Qt6_qml_QtQuick3D["QtQuick3D"]\n    node_venv_lib_python3_12_site-packages_PyQt6_Qt6_qml_QtQuick3D --> node_venv_lib_python3_12_site-packages_PyQt6_Qt6_qml_QtQuick3D_designer["designer"]\n    node_venv_lib_python3_12_site-packages_PyQt6_Qt6_qml_QtQuick3D_designer --> node_venv_lib_python3_12_site-packages_PyQt6_Qt6_qml_QtQuick3D_designer_images["images"]\n    node_venv_lib_python3_12_site-packages_PyQt6_Qt6_qml_QtQuick3D_designer_images --> node_venv_lib_python3_12_site-packages_PyQt6_Qt6_qml_QtQuick3D_designer_images_camera_png["camera.png"]\n    Root --> node_venv["venv"]\n    node_venv --> node_venv_lib["lib"]\n    node_venv_lib --> node_venv_lib_python3_12["python3.12"]\n    node_venv_lib_python3_12 --> node_venv_lib_python3_12_site-packages["site-packages"]\n    node_venv_lib_python3_12_site-packages --> node_venv_lib_python3_12_site-packages_PyQt6["PyQt6"]\n    node_venv_lib_python3_12_site-packages_PyQt6 --> node_venv_lib_python3_12_site-packages_PyQt6_Qt6["Qt6"]\n    node_venv_lib_python3_12_site-packages_PyQt6_Qt6 --> node_venv_lib_python3_12_site-packages_PyQt6_Qt6_qml["qml"]\n    node_venv_lib_python3_12_site-packages_PyQt6_Qt6_qml --> node_venv_lib_python3_12_site-packages_PyQt6_Qt6_qml_QtQuick3D["QtQuick3D"]\n    node_venv_lib_python3_12_site-packages_PyQt6_Qt6_qml_QtQuick3D --> node_venv_lib_python3_12_site-packages_PyQt6_Qt6_qml_QtQuick3D_designer["designer"]\n    node_venv_lib_python3_12_site-packages_PyQt6_Qt6_qml_QtQuick3D_designer --> node_venv_lib_python3_12_site-packages_PyQt6_Qt6_qml_QtQuick3D_designer_images["images"]\n    node_venv_lib_python3_12_site-packages_PyQt6_Qt6_qml_QtQuick3D_designer_images --> node_venv_lib_python3_12_site-packages_PyQt6_Qt6_qml_QtQuick3D_designer_images_camera16_png["camera16.png"]\n    Root --> node_venv["venv"]\n    node_venv --> node_venv_lib["lib"]\n    node_venv_lib --> node_venv_lib_python3_12["python3.12"]\n    node_venv_lib_python3_12 --> node_venv_lib_python3_12_site-packages["site-packages"]\n    node_venv_lib_python3_12_site-packages --> node_venv_lib_python3_12_site-packages_PyQt6["PyQt6"]\n    node_venv_lib_python3_12_site-packages_PyQt6 --> node_venv_lib_python3_12_site-packages_PyQt6_Qt6["Qt6"]\n    node_venv_lib_python3_12_site-packages_PyQt6_Qt6 --> node_venv_lib_python3_12_site-packages_PyQt6_Qt6_qml["qml"]\n    node_venv_lib_python3_12_site-packages_PyQt6_Qt6_qml --> node_venv_lib_python3_12_site-packages_PyQt6_Qt6_qml_QtQuick3D["QtQuick3D"]\n    node_venv_lib_python3_12_site-packages_PyQt6_Qt6_qml_QtQuick3D --> node_venv_lib_python3_12_site-packages_PyQt6_Qt6_qml_QtQuick3D_designer["designer"]\n    node_venv_lib_python3_12_site-packages_PyQt6_Qt6_qml_QtQuick3D_designer --> node_venv_lib_python3_12_site-packages_PyQt6_Qt6_qml_QtQuick3D_designer_images["images"]\n    node_venv_lib_python3_12_site-packages_PyQt6_Qt6_qml_QtQuick3D_designer_images --> node_venv_lib_python3_12_site-packages_PyQt6_Qt6_qml_QtQuick3D_designer_images_camera@2x_png["camera@2x.png"]\n    Root --> node_venv["venv"]\n    node_venv --> node_venv_lib["lib"]\n    node_venv_lib --> node_venv_lib_python3_12["python3.12"]\n    node_venv_lib_python3_12 --> node_venv_lib_python3_12_site-packages["site-packages"]\n    node_venv_lib_python3_12_site-packages --> node_venv_lib_python3_12_site-packages_PyQt6["PyQt6"]\n    node_venv_lib_python3_12_site-packages_PyQt6 --> node_venv_lib_python3_12_site-packages_PyQt6_Qt6["Qt6"]\n    node_venv_lib_python3_12_site-packages_PyQt6_Qt6 --> node_venv_lib_python3_12_site-packages_PyQt6_Qt6_qml["qml"]\n    node_venv_lib_python3_12_site-packages_PyQt6_Qt6_qml --> node_venv_lib_python3_12_site-packages_PyQt6_Qt6_qml_QtQuick3D["QtQuick3D"]\n    node_venv_lib_python3_12_site-packages_PyQt6_Qt6_qml_QtQuick3D --> node_venv_lib_python3_12_site-packages_PyQt6_Qt6_qml_QtQuick3D_designer["designer"]\n    node_venv_lib_python3_12_site-packages_PyQt6_Qt6_qml_QtQuick3D_designer --> node_venv_lib_python3_12_site-packages_PyQt6_Qt6_qml_QtQuick3D_designer_images["images"]\n    node_venv_lib_python3_12_site-packages_PyQt6_Qt6_qml_QtQuick3D_designer_images --> node_venv_lib_python3_12_site-packages_PyQt6_Qt6_qml_QtQuick3D_designer_images_cone_png["cone.png"]\n    Root --> node_venv["venv"]\n    node_venv --> node_venv_lib["lib"]\n    node_venv_lib --> node_venv_lib_python3_12["python3.12"]\n    node_venv_lib_python3_12 --> node_venv_lib_python3_12_site-packages["site-packages"]\n    node_venv_lib_python3_12_site-packages --> node_venv_lib_python3_12_site-packages_PyQt6["PyQt6"]\n    node_venv_lib_python3_12_site-packages_PyQt6 --> node_venv_lib_python3_12_site-packages_PyQt6_Qt6["Qt6"]\n    node_venv_lib_python3_12_site-packages_PyQt6_Qt6 --> node_venv_lib_python3_12_site-packages_PyQt6_Qt6_qml["qml"]\n    node_venv_lib_python3_12_site-packages_PyQt6_Qt6_qml --> node_venv_lib_python3_12_site-packages_PyQt6_Qt6_qml_QtQuick3D["QtQuick3D"]\n    node_venv_lib_python3_12_site-packages_PyQt6_Qt6_qml_QtQuick3D --> node_venv_lib_python3_12_site-packages_PyQt6_Qt6_qml_QtQuick3D_designer["designer"]\n    node_venv_lib_python3_12_site-packages_PyQt6_Qt6_qml_QtQuick3D_designer --> node_venv_lib_python3_12_site-packages_PyQt6_Qt6_qml_QtQuick3D_designer_images["images"]\n    node_venv_lib_python3_12_site-packages_PyQt6_Qt6_qml_QtQuick3D_designer_images --> node_venv_lib_python3_12_site-packages_PyQt6_Qt6_qml_QtQuick3D_designer_images_cone16_png["cone16.png"]\n    Root --> node_venv["venv"]\n    node_venv --> node_venv_lib["lib"]\n    node_venv_lib --> node_venv_lib_python3_12["python3.12"]\n    node_venv_lib_python3_12 --> node_venv_lib_python3_12_site-packages["site-packages"]\n    node_venv_lib_python3_12_site-packages --> node_venv_lib_python3_12_site-packages_PyQt6["PyQt6"]\n    node_venv_lib_python3_12_site-packages_PyQt6 --> node_venv_lib_python3_12_site-packages_PyQt6_Qt6["Qt6"]\n    node_venv_lib_python3_12_site-packages_PyQt6_Qt6 --> node_venv_lib_python3_12_site-packages_PyQt6_Qt6_qml["qml"]\n    node_venv_lib_python3_12_site-packages_PyQt6_Qt6_qml --> node_venv_lib_python3_12_site-packages_PyQt6_Qt6_qml_QtQuick3D["QtQuick3D"]\n    node_venv_lib_python3_12_site-packages_PyQt6_Qt6_qml_QtQuick3D --> node_venv_lib_python3_12_site-packages_PyQt6_Qt6_qml_QtQuick3D_designer["designer"]\n    node_venv_lib_python3_12_site-packages_PyQt6_Qt6_qml_QtQuick3D_designer --> node_venv_lib_python3_12_site-packages_PyQt6_Qt6_qml_QtQuick3D_designer_images["images"]\n    node_venv_lib_python3_12_site-packages_PyQt6_Qt6_qml_QtQuick3D_designer_images --> node_venv_lib_python3_12_site-packages_PyQt6_Qt6_qml_QtQuick3D_designer_images_cone@2x_png["cone@2x.png"]\n    Root --> node_venv["venv"]\n    node_venv --> node_venv_lib["lib"]\n    node_venv_lib --> node_venv_lib_python3_12["python3.12"]\n    node_venv_lib_python3_12 --> node_venv_lib_python3_12_site-packages["site-packages"]\n    node_venv_lib_python3_12_site-packages --> node_venv_lib_python3_12_site-packages_PyQt6["PyQt6"]\n    node_venv_lib_python3_12_site-packages_PyQt6 --> node_venv_lib_python3_12_site-packages_PyQt6_Qt6["Qt6"]\n    node_venv_lib_python3_12_site-packages_PyQt6_Qt6 --> node_venv_lib_python3_12_site-packages_PyQt6_Qt6_qml["qml"]\n    node_venv_lib_python3_12_site-packages_PyQt6_Qt6_qml --> node_venv_lib_python3_12_site-packages_PyQt6_Qt6_qml_QtQuick3D["QtQuick3D"]\n    node_venv_lib_python3_12_site-packages_PyQt6_Qt6_qml_QtQuick3D --> node_venv_lib_python3_12_site-packages_PyQt6_Qt6_qml_QtQuick3D_designer["designer"]\n    node_venv_lib_python3_12_site-packages_PyQt6_Qt6_qml_QtQuick3D_designer --> node_venv_lib_python3_12_site-packages_PyQt6_Qt6_qml_QtQuick3D_designer_images["images"]\n    node_venv_lib_python3_12_site-packages_PyQt6_Qt6_qml_QtQuick3D_designer_images --> node_venv_lib_python3_12_site-packages_PyQt6_Qt6_qml_QtQuick3D_designer_images_cube_png["cube.png"]\n    Root --> node_venv["venv"]\n    node_venv --> node_venv_lib["lib"]\n    node_venv_lib --> node_venv_lib_python3_12["python3.12"]\n    node_venv_lib_python3_12 --> node_venv_lib_python3_12_site-packages["site-packages"]\n    node_venv_lib_python3_12_site-packages --> node_venv_lib_python3_12_site-packages_PyQt6["PyQt6"]\n    node_venv_lib_python3_12_site-packages_PyQt6 --> node_venv_lib_python3_12_site-packages_PyQt6_Qt6["Qt6"]\n    node_venv_lib_python3_12_site-packages_PyQt6_Qt6 --> node_venv_lib_python3_12_site-packages_PyQt6_Qt6_qml["qml"]\n    node_venv_lib_python3_12_site-packages_PyQt6_Qt6_qml --> node_venv_lib_python3_12_site-packages_PyQt6_Qt6_qml_QtQuick3D["QtQuick3D"]\n    node_venv_lib_python3_12_site-packages_PyQt6_Qt6_qml_QtQuick3D --> node_venv_lib_python3_12_site-packages_PyQt6_Qt6_qml_QtQuick3D_designer["designer"]\n    node_venv_lib_python3_12_site-packages_PyQt6_Qt6_qml_QtQuick3D_designer --> node_venv_lib_python3_12_site-packages_PyQt6_Qt6_qml_QtQuick3D_designer_images["images"]\n    node_venv_lib_python3_12_site-packages_PyQt6_Qt6_qml_QtQuick3D_designer_images --> node_venv_lib_python3_12_site-packages_PyQt6_Qt6_qml_QtQuick3D_designer_images_cube16_png["cube16.png"]\n    Root --> node_venv["venv"]\n    node_venv --> node_venv_lib["lib"]\n    node_venv_lib --> node_venv_lib_python3_12["python3.12"]\n    node_venv_lib_python3_12 --> node_venv_lib_python3_12_site-packages["site-packages"]\n    node_venv_lib_python3_12_site-packages --> node_venv_lib_python3_12_site-packages_PyQt6["PyQt6"]\n    node_venv_lib_python3_12_site-packages_PyQt6 --> node_venv_lib_python3_12_site-packages_PyQt6_Qt6["Qt6"]\n    node_venv_lib_python3_12_site-packages_PyQt6_Qt6 --> node_venv_lib_python3_12_site-packages_PyQt6_Qt6_qml["qml"]\n    node_venv_lib_python3_12_site-packages_PyQt6_Qt6_qml --> node_venv_lib_python3_12_site-packages_PyQt6_Qt6_qml_QtQuick3D["QtQuick3D"]\n    node_venv_lib_python3_12_site-packages_PyQt6_Qt6_qml_QtQuick3D --> node_venv_lib_python3_12_site-packages_PyQt6_Qt6_qml_QtQuick3D_designer["designer"]\n    node_venv_lib_python3_12_site-packages_PyQt6_Qt6_qml_QtQuick3D_designer --> node_venv_lib_python3_12_site-packages_PyQt6_Qt6_qml_QtQuick3D_designer_images["images"]\n    node_venv_lib_python3_12_site-packages_PyQt6_Qt6_qml_QtQuick3D_designer_images --> node_venv_lib_python3_12_site-packages_PyQt6_Qt6_qml_QtQuick3D_designer_images_cube@2x_png["cube@2x.png"]\n    Root --> node_venv["venv"]\n    node_venv --> node_venv_lib["lib"]\n    node_venv_lib --> node_venv_lib_python3_12["python3.12"]\n    node_venv_lib_python3_12 --> node_venv_lib_python3_12_site-packages["site-packages"]\n    node_venv_lib_python3_12_site-packages --> node_venv_lib_python3_12_site-packages_PyQt6["PyQt6"]\n    node_venv_lib_python3_12_site-packages_PyQt6 --> node_venv_lib_python3_12_site-packages_PyQt6_Qt6["Qt6"]\n    node_venv_lib_python3_12_site-packages_PyQt6_Qt6 --> node_venv_lib_python3_12_site-packages_PyQt6_Qt6_qml["qml"]\n    node_venv_lib_python3_12_site-packages_PyQt6_Qt6_qml --> node_venv_lib_python3_12_site-packages_PyQt6_Qt6_qml_QtQuick3D["QtQuick3D"]\n    node_venv_lib_python3_12_site-packages_PyQt6_Qt6_qml_QtQuick3D --> node_venv_lib_python3_12_site-packages_PyQt6_Qt6_qml_QtQuick3D_designer["designer"]\n    node_venv_lib_python3_12_site-packages_PyQt6_Qt6_qml_QtQuick3D_designer --> node_venv_lib_python3_12_site-packages_PyQt6_Qt6_qml_QtQuick3D_designer_images["images"]\n    node_venv_lib_python3_12_site-packages_PyQt6_Qt6_qml_QtQuick3D_designer_images --> node_venv_lib_python3_12_site-packages_PyQt6_Qt6_qml_QtQuick3D_designer_images_cubemaptexture_png["cubemaptexture.png"]\n    Root --> node_venv["venv"]\n    node_venv --> node_venv_lib["lib"]\n    node_venv_lib --> node_venv_lib_python3_12["python3.12"]\n    node_venv_lib_python3_12 --> node_venv_lib_python3_12_site-packages["site-packages"]\n    node_venv_lib_python3_12_site-packages --> node_venv_lib_python3_12_site-packages_PyQt6["PyQt6"]\n    node_venv_lib_python3_12_site-packages_PyQt6 --> node_venv_lib_python3_12_site-packages_PyQt6_Qt6["Qt6"]\n    node_venv_lib_python3_12_site-packages_PyQt6_Qt6 --> node_venv_lib_python3_12_site-packages_PyQt6_Qt6_qml["qml"]\n    node_venv_lib_python3_12_site-packages_PyQt6_Qt6_qml --> node_venv_lib_python3_12_site-packages_PyQt6_Qt6_qml_QtQuick3D["QtQuick3D"]\n    node_venv_lib_python3_12_site-packages_PyQt6_Qt6_qml_QtQuick3D --> node_venv_lib_python3_12_site-packages_PyQt6_Qt6_qml_QtQuick3D_designer["designer"]\n    node_venv_lib_python3_12_site-packages_PyQt6_Qt6_qml_QtQuick3D_designer --> node_venv_lib_python3_12_site-packages_PyQt6_Qt6_qml_QtQuick3D_designer_images["images"]\n    node_venv_lib_python3_12_site-packages_PyQt6_Qt6_qml_QtQuick3D_designer_images --> node_venv_lib_python3_12_site-packages_PyQt6_Qt6_qml_QtQuick3D_designer_images_cubemaptexture16_png["cubemaptexture16.png"]\n    Root --> node_venv["venv"]\n    node_venv --> node_venv_lib["lib"]\n    node_venv_lib --> node_venv_lib_python3_12["python3.12"]\n    node_venv_lib_python3_12 --> node_venv_lib_python3_12_site-packages["site-packages"]\n    node_venv_lib_python3_12_site-packages --> node_venv_lib_python3_12_site-packages_PyQt6["PyQt6"]\n    node_venv_lib_python3_12_site-packages_PyQt6 --> node_venv_lib_python3_12_site-packages_PyQt6_Qt6["Qt6"]\n    node_venv_lib_python3_12_site-packages_PyQt6_Qt6 --> node_venv_lib_python3_12_site-packages_PyQt6_Qt6_qml["qml"]\n    node_venv_lib_python3_12_site-packages_PyQt6_Qt6_qml --> node_venv_lib_python3_12_site-packages_PyQt6_Qt6_qml_QtQuick3D["QtQuick3D"]\n    node_venv_lib_python3_12_site-packages_PyQt6_Qt6_qml_QtQuick3D --> node_venv_lib_python3_12_site-packages_PyQt6_Qt6_qml_QtQuick3D_designer["designer"]\n    node_venv_lib_python3_12_site-packages_PyQt6_Qt6_qml_QtQuick3D_designer --> node_venv_lib_python3_12_site-packages_PyQt6_Qt6_qml_QtQuick3D_designer_images["images"]\n    node_venv_lib_python3_12_site-packages_PyQt6_Qt6_qml_QtQuick3D_designer_images --> node_venv_lib_python3_12_site-packages_PyQt6_Qt6_qml_QtQuick3D_designer_images_cubemaptexture@2x_png["cubemaptexture@2x.png"]\n    Root --> node_venv["venv"]\n    node_venv --> node_venv_lib["lib"]\n    node_venv_lib --> node_venv_lib_python3_12["python3.12"]\n    node_venv_lib_python3_12 --> node_venv_lib_python3_12_site-packages["site-packages"]\n    node_venv_lib_python3_12_site-packages --> node_venv_lib_python3_12_site-packages_PyQt6["PyQt6"]\n    node_venv_lib_python3_12_site-packages_PyQt6 --> node_venv_lib_python3_12_site-packages_PyQt6_Qt6["Qt6"]\n    node_venv_lib_python3_12_site-packages_PyQt6_Qt6 --> node_venv_lib_python3_12_site-packages_PyQt6_Qt6_qml["qml"]\n    node_venv_lib_python3_12_site-packages_PyQt6_Qt6_qml --> node_venv_lib_python3_12_site-packages_PyQt6_Qt6_qml_QtQuick3D["QtQuick3D"]\n    node_venv_lib_python3_12_site-packages_PyQt6_Qt6_qml_QtQuick3D --> node_venv_lib_python3_12_site-packages_PyQt6_Qt6_qml_QtQuick3D_designer["designer"]\n    node_venv_lib_python3_12_site-packages_PyQt6_Qt6_qml_QtQuick3D_designer --> node_venv_lib_python3_12_site-packages_PyQt6_Qt6_qml_QtQuick3D_designer_images["images"]\n    node_venv_lib_python3_12_site-packages_PyQt6_Qt6_qml_QtQuick3D_designer_images --> node_venv_lib_python3_12_site-packages_PyQt6_Qt6_qml_QtQuick3D_designer_images_custommaterial_png["custommaterial.png"]\n    Root --> node_venv["venv"]\n    node_venv --> node_venv_lib["lib"]\n    node_venv_lib --> node_venv_lib_python3_12["python3.12"]\n    node_venv_lib_python3_12 --> node_venv_lib_python3_12_site-packages["site-packages"]\n    node_venv_lib_python3_12_site-packages --> node_venv_lib_python3_12_site-packages_PyQt6["PyQt6"]\n    node_venv_lib_python3_12_site-packages_PyQt6 --> node_venv_lib_python3_12_site-packages_PyQt6_Qt6["Qt6"]\n    node_venv_lib_python3_12_site-packages_PyQt6_Qt6 --> node_venv_lib_python3_12_site-packages_PyQt6_Qt6_qml["qml"]\n    node_venv_lib_python3_12_site-packages_PyQt6_Qt6_qml --> node_venv_lib_python3_12_site-packages_PyQt6_Qt6_qml_QtQuick3D["QtQuick3D"]\n    node_venv_lib_python3_12_site-packages_PyQt6_Qt6_qml_QtQuick3D --> node_venv_lib_python3_12_site-packages_PyQt6_Qt6_qml_QtQuick3D_designer["designer"]\n    node_venv_lib_python3_12_site-packages_PyQt6_Qt6_qml_QtQuick3D_designer --> node_venv_lib_python3_12_site-packages_PyQt6_Qt6_qml_QtQuick3D_designer_images["images"]\n    node_venv_lib_python3_12_site-packages_PyQt6_Qt6_qml_QtQuick3D_designer_images --> node_venv_lib_python3_12_site-packages_PyQt6_Qt6_qml_QtQuick3D_designer_images_custommaterial16_png["custommaterial16.png"]\n    Root --> node_venv["venv"]\n    node_venv --> node_venv_lib["lib"]\n    node_venv_lib --> node_venv_lib_python3_12["python3.12"]\n    node_venv_lib_python3_12 --> node_venv_lib_python3_12_site-packages["site-packages"]\n    node_venv_lib_python3_12_site-packages --> node_venv_lib_python3_12_site-packages_PyQt6["PyQt6"]\n    node_venv_lib_python3_12_site-packages_PyQt6 --> node_venv_lib_python3_12_site-packages_PyQt6_Qt6["Qt6"]\n    node_venv_lib_python3_12_site-packages_PyQt6_Qt6 --> node_venv_lib_python3_12_site-packages_PyQt6_Qt6_qml["qml"]\n    node_venv_lib_python3_12_site-packages_PyQt6_Qt6_qml --> node_venv_lib_python3_12_site-packages_PyQt6_Qt6_qml_QtQuick3D["QtQuick3D"]\n    node_venv_lib_python3_12_site-packages_PyQt6_Qt6_qml_QtQuick3D --> node_venv_lib_python3_12_site-packages_PyQt6_Qt6_qml_QtQuick3D_designer["designer"]\n    node_venv_lib_python3_12_site-packages_PyQt6_Qt6_qml_QtQuick3D_designer --> node_venv_lib_python3_12_site-packages_PyQt6_Qt6_qml_QtQuick3D_designer_images["images"]\n    node_venv_lib_python3_12_site-packages_PyQt6_Qt6_qml_QtQuick3D_designer_images --> node_venv_lib_python3_12_site-packages_PyQt6_Qt6_qml_QtQuick3D_designer_images_custommaterial@2x_png["custommaterial@2x.png"]\n    Root --> node_venv["venv"]\n    node_venv --> node_venv_lib["lib"]\n    node_venv_lib --> node_venv_lib_python3_12["python3.12"]\n    node_venv_lib_python3_12 --> node_venv_lib_python3_12_site-packages["site-packages"]\n    node_venv_lib_python3_12_site-packages --> node_venv_lib_python3_12_site-packages_PyQt6["PyQt6"]\n    node_venv_lib_python3_12_site-packages_PyQt6 --> node_venv_lib_python3_12_site-packages_PyQt6_Qt6["Qt6"]\n    node_venv_lib_python3_12_site-packages_PyQt6_Qt6 --> node_venv_lib_python3_12_site-packages_PyQt6_Qt6_qml["qml"]\n    node_venv_lib_python3_12_site-packages_PyQt6_Qt6_qml --> node_venv_lib_python3_12_site-packages_PyQt6_Qt6_qml_QtQuick3D["QtQuick3D"]\n    node_venv_lib_python3_12_site-packages_PyQt6_Qt6_qml_QtQuick3D --> node_venv_lib_python3_12_site-packages_PyQt6_Qt6_qml_QtQuick3D_designer["designer"]\n    node_venv_lib_python3_12_site-packages_PyQt6_Qt6_qml_QtQuick3D_designer --> node_venv_lib_python3_12_site-packages_PyQt6_Qt6_qml_QtQuick3D_designer_images["images"]\n    node_venv_lib_python3_12_site-packages_PyQt6_Qt6_qml_QtQuick3D_designer_images --> node_venv_lib_python3_12_site-packages_PyQt6_Qt6_qml_QtQuick3D_designer_images_cylinder_png["cylinder.png"]\n    Root --> node_venv["venv"]\n    node_venv --> node_venv_lib["lib"]\n    node_venv_lib --> node_venv_lib_python3_12["python3.12"]\n    node_venv_lib_python3_12 --> node_venv_lib_python3_12_site-packages["site-packages"]\n    node_venv_lib_python3_12_site-packages --> node_venv_lib_python3_12_site-packages_PyQt6["PyQt6"]\n    node_venv_lib_python3_12_site-packages_PyQt6 --> node_venv_lib_python3_12_site-packages_PyQt6_Qt6["Qt6"]\n    node_venv_lib_python3_12_site-packages_PyQt6_Qt6 --> node_venv_lib_python3_12_site-packages_PyQt6_Qt6_qml["qml"]\n    node_venv_lib_python3_12_site-packages_PyQt6_Qt6_qml --> node_venv_lib_python3_12_site-packages_PyQt6_Qt6_qml_QtQuick3D["QtQuick3D"]\n    node_venv_lib_python3_12_site-packages_PyQt6_Qt6_qml_QtQuick3D --> node_venv_lib_python3_12_site-packages_PyQt6_Qt6_qml_QtQuick3D_designer["designer"]\n    node_venv_lib_python3_12_site-packages_PyQt6_Qt6_qml_QtQuick3D_designer --> node_venv_lib_python3_12_site-packages_PyQt6_Qt6_qml_QtQuick3D_designer_images["images"]\n    node_venv_lib_python3_12_site-packages_PyQt6_Qt6_qml_QtQuick3D_designer_images --> node_venv_lib_python3_12_site-packages_PyQt6_Qt6_qml_QtQuick3D_designer_images_cylinder16_png["cylinder16.png"]\n    Root --> node_venv["venv"]\n    node_venv --> node_venv_lib["lib"]\n    node_venv_lib --> node_venv_lib_python3_12["python3.12"]\n    node_venv_lib_python3_12 --> node_venv_lib_python3_12_site-packages["site-packages"]\n    node_venv_lib_python3_12_site-packages --> node_venv_lib_python3_12_site-packages_PyQt6["PyQt6"]\n    node_venv_lib_python3_12_site-packages_PyQt6 --> node_venv_lib_python3_12_site-packages_PyQt6_Qt6["Qt6"]\n    node_venv_lib_python3_12_site-packages_PyQt6_Qt6 --> node_venv_lib_python3_12_site-packages_PyQt6_Qt6_qml["qml"]\n    node_venv_lib_python3_12_site-packages_PyQt6_Qt6_qml --> node_venv_lib_python3_12_site-packages_PyQt6_Qt6_qml_QtQuick3D["QtQuick3D"]\n    node_venv_lib_python3_12_site-packages_PyQt6_Qt6_qml_QtQuick3D --> node_venv_lib_python3_12_site-packages_PyQt6_Qt6_qml_QtQuick3D_designer["designer"]\n    node_venv_lib_python3_12_site-packages_PyQt6_Qt6_qml_QtQuick3D_designer --> node_venv_lib_python3_12_site-packages_PyQt6_Qt6_qml_QtQuick3D_designer_images["images"]\n    node_venv_lib_python3_12_site-packages_PyQt6_Qt6_qml_QtQuick3D_designer_images --> node_venv_lib_python3_12_site-packages_PyQt6_Qt6_qml_QtQuick3D_designer_images_cylinder@2x_png["cylinder@2x.png"]\n    Root --> node_venv["venv"]\n    node_venv --> node_venv_lib["lib"]\n    node_venv_lib --> node_venv_lib_python3_12["python3.12"]\n    node_venv_lib_python3_12 --> node_venv_lib_python3_12_site-packages["site-packages"]\n    node_venv_lib_python3_12_site-packages --> node_venv_lib_python3_12_site-packages_PyQt6["PyQt6"]\n    node_venv_lib_python3_12_site-packages_PyQt6 --> node_venv_lib_python3_12_site-packages_PyQt6_Qt6["Qt6"]\n    node_venv_lib_python3_12_site-packages_PyQt6_Qt6 --> node_venv_lib_python3_12_site-packages_PyQt6_Qt6_qml["qml"]\n    node_venv_lib_python3_12_site-packages_PyQt6_Qt6_qml --> node_venv_lib_python3_12_site-packages_PyQt6_Qt6_qml_QtQuick3D["QtQuick3D"]\n    node_venv_lib_python3_12_site-packages_PyQt6_Qt6_qml_QtQuick3D --> node_venv_lib_python3_12_site-packages_PyQt6_Qt6_qml_QtQuick3D_designer["designer"]\n    node_venv_lib_python3_12_site-packages_PyQt6_Qt6_qml_QtQuick3D_designer --> node_venv_lib_python3_12_site-packages_PyQt6_Qt6_qml_QtQuick3D_designer_images["images"]\n    node_venv_lib_python3_12_site-packages_PyQt6_Qt6_qml_QtQuick3D_designer_images --> node_venv_lib_python3_12_site-packages_PyQt6_Qt6_qml_QtQuick3D_designer_images_debugsettings_png["debugsettings.png"]\n    Root --> node_venv["venv"]\n    node_venv --> node_venv_lib["lib"]\n    node_venv_lib --> node_venv_lib_python3_12["python3.12"]\n    node_venv_lib_python3_12 --> node_venv_lib_python3_12_site-packages["site-packages"]\n    node_venv_lib_python3_12_site-packages --> node_venv_lib_python3_12_site-packages_PyQt6["PyQt6"]\n    node_venv_lib_python3_12_site-packages_PyQt6 --> node_venv_lib_python3_12_site-packages_PyQt6_Qt6["Qt6"]\n    node_venv_lib_python3_12_site-packages_PyQt6_Qt6 --> node_venv_lib_python3_12_site-packages_PyQt6_Qt6_qml["qml"]\n    node_venv_lib_python3_12_site-packages_PyQt6_Qt6_qml --> node_venv_lib_python3_12_site-packages_PyQt6_Qt6_qml_QtQuick3D["QtQuick3D"]\n    node_venv_lib_python3_12_site-packages_PyQt6_Qt6_qml_QtQuick3D --> node_venv_lib_python3_12_site-packages_PyQt6_Qt6_qml_QtQuick3D_designer["designer"]\n    node_venv_lib_python3_12_site-packages_PyQt6_Qt6_qml_QtQuick3D_designer --> node_venv_lib_python3_12_site-packages_PyQt6_Qt6_qml_QtQuick3D_designer_images["images"]\n    node_venv_lib_python3_12_site-packages_PyQt6_Qt6_qml_QtQuick3D_designer_images --> node_venv_lib_python3_12_site-packages_PyQt6_Qt6_qml_QtQuick3D_designer_images_debugsettings16_png["debugsettings16.png"]\n    Root --> node_venv["venv"]\n    node_venv --> node_venv_lib["lib"]\n    node_venv_lib --> node_venv_lib_python3_12["python3.12"]\n    node_venv_lib_python3_12 --> node_venv_lib_python3_12_site-packages["site-packages"]\n    node_venv_lib_python3_12_site-packages --> node_venv_lib_python3_12_site-packages_PyQt6["PyQt6"]\n    node_venv_lib_python3_12_site-packages_PyQt6 --> node_venv_lib_python3_12_site-packages_PyQt6_Qt6["Qt6"]\n    node_venv_lib_python3_12_site-packages_PyQt6_Qt6 --> node_venv_lib_python3_12_site-packages_PyQt6_Qt6_qml["qml"]\n    node_venv_lib_python3_12_site-packages_PyQt6_Qt6_qml --> node_venv_lib_python3_12_site-packages_PyQt6_Qt6_qml_QtQuick3D["QtQuick3D"]\n    node_venv_lib_python3_12_site-packages_PyQt6_Qt6_qml_QtQuick3D --> node_venv_lib_python3_12_site-packages_PyQt6_Qt6_qml_QtQuick3D_designer["designer"]\n    node_venv_lib_python3_12_site-packages_PyQt6_Qt6_qml_QtQuick3D_designer --> node_venv_lib_python3_12_site-packages_PyQt6_Qt6_qml_QtQuick3D_designer_images["images"]\n    node_venv_lib_python3_12_site-packages_PyQt6_Qt6_qml_QtQuick3D_designer_images --> node_venv_lib_python3_12_site-packages_PyQt6_Qt6_qml_QtQuick3D_designer_images_debugsettings@2x_png["debugsettings@2x.png"]\n    Root --> node_venv["venv"]\n    node_venv --> node_venv_lib["lib"]\n    node_venv_lib --> node_venv_lib_python3_12["python3.12"]\n    node_venv_lib_python3_12 --> node_venv_lib_python3_12_site-packages["site-packages"]\n    node_venv_lib_python3_12_site-packages --> node_venv_lib_python3_12_site-packages_PyQt6["PyQt6"]\n    node_venv_lib_python3_12_site-packages_PyQt6 --> node_venv_lib_python3_12_site-packages_PyQt6_Qt6["Qt6"]\n    node_venv_lib_python3_12_site-packages_PyQt6_Qt6 --> node_venv_lib_python3_12_site-packages_PyQt6_Qt6_qml["qml"]\n    node_venv_lib_python3_12_site-packages_PyQt6_Qt6_qml --> node_venv_lib_python3_12_site-packages_PyQt6_Qt6_qml_QtQuick3D["QtQuick3D"]\n    node_venv_lib_python3_12_site-packages_PyQt6_Qt6_qml_QtQuick3D --> node_venv_lib_python3_12_site-packages_PyQt6_Qt6_qml_QtQuick3D_designer["designer"]\n    node_venv_lib_python3_12_site-packages_PyQt6_Qt6_qml_QtQuick3D_designer --> node_venv_lib_python3_12_site-packages_PyQt6_Qt6_qml_QtQuick3D_designer_images["images"]\n    node_venv_lib_python3_12_site-packages_PyQt6_Qt6_qml_QtQuick3D_designer_images --> node_venv_lib_python3_12_site-packages_PyQt6_Qt6_qml_QtQuick3D_designer_images_dummy_png["dummy.png"]\n    Root --> node_venv["venv"]\n    node_venv --> node_venv_lib["lib"]\n    node_venv_lib --> node_venv_lib_python3_12["python3.12"]\n    node_venv_lib_python3_12 --> node_venv_lib_python3_12_site-packages["site-packages"]\n    node_venv_lib_python3_12_site-packages --> node_venv_lib_python3_12_site-packages_PyQt6["PyQt6"]\n    node_venv_lib_python3_12_site-packages_PyQt6 --> node_venv_lib_python3_12_site-packages_PyQt6_Qt6["Qt6"]\n    node_venv_lib_python3_12_site-packages_PyQt6_Qt6 --> node_venv_lib_python3_12_site-packages_PyQt6_Qt6_qml["qml"]\n    node_venv_lib_python3_12_site-packages_PyQt6_Qt6_qml --> node_venv_lib_python3_12_site-packages_PyQt6_Qt6_qml_QtQuick3D["QtQuick3D"]\n    node_venv_lib_python3_12_site-packages_PyQt6_Qt6_qml_QtQuick3D --> node_venv_lib_python3_12_site-packages_PyQt6_Qt6_qml_QtQuick3D_designer["designer"]\n    node_venv_lib_python3_12_site-packages_PyQt6_Qt6_qml_QtQuick3D_designer --> node_venv_lib_python3_12_site-packages_PyQt6_Qt6_qml_QtQuick3D_designer_images["images"]\n    node_venv_lib_python3_12_site-packages_PyQt6_Qt6_qml_QtQuick3D_designer_images --> node_venv_lib_python3_12_site-packages_PyQt6_Qt6_qml_QtQuick3D_designer_images_dummy16_png["dummy16.png"]\n    Root --> node_venv["venv"]\n    node_venv --> node_venv_lib["lib"]\n    node_venv_lib --> node_venv_lib_python3_12["python3.12"]\n    node_venv_lib_python3_12 --> node_venv_lib_python3_12_site-packages["site-packages"]\n    node_venv_lib_python3_12_site-packages --> node_venv_lib_python3_12_site-packages_PyQt6["PyQt6"]\n    node_venv_lib_python3_12_site-packages_PyQt6 --> node_venv_lib_python3_12_site-packages_PyQt6_Qt6["Qt6"]\n    node_venv_lib_python3_12_site-packages_PyQt6_Qt6 --> node_venv_lib_python3_12_site-packages_PyQt6_Qt6_qml["qml"]\n    node_venv_lib_python3_12_site-packages_PyQt6_Qt6_qml --> node_venv_lib_python3_12_site-packages_PyQt6_Qt6_qml_QtQuick3D["QtQuick3D"]\n    node_venv_lib_python3_12_site-packages_PyQt6_Qt6_qml_QtQuick3D --> node_venv_lib_python3_12_site-packages_PyQt6_Qt6_qml_QtQuick3D_designer["designer"]\n    node_venv_lib_python3_12_site-packages_PyQt6_Qt6_qml_QtQuick3D_designer --> node_venv_lib_python3_12_site-packages_PyQt6_Qt6_qml_QtQuick3D_designer_images["images"]\n    node_venv_lib_python3_12_site-packages_PyQt6_Qt6_qml_QtQuick3D_designer_images --> node_venv_lib_python3_12_site-packages_PyQt6_Qt6_qml_QtQuick3D_designer_images_dummy@2x_png["dummy@2x.png"]\n    Root --> node_venv["venv"]\n    node_venv --> node_venv_lib["lib"]\n    node_venv_lib --> node_venv_lib_python3_12["python3.12"]\n    node_venv_lib_python3_12 --> node_venv_lib_python3_12_site-packages["site-packages"]\n    node_venv_lib_python3_12_site-packages --> node_venv_lib_python3_12_site-packages_PyQt6["PyQt6"]\n    node_venv_lib_python3_12_site-packages_PyQt6 --> node_venv_lib_python3_12_site-packages_PyQt6_Qt6["Qt6"]\n    node_venv_lib_python3_12_site-packages_PyQt6_Qt6 --> node_venv_lib_python3_12_site-packages_PyQt6_Qt6_qml["qml"]\n    node_venv_lib_python3_12_site-packages_PyQt6_Qt6_qml --> node_venv_lib_python3_12_site-packages_PyQt6_Qt6_qml_QtQuick3D["QtQuick3D"]\n    node_venv_lib_python3_12_site-packages_PyQt6_Qt6_qml_QtQuick3D --> node_venv_lib_python3_12_site-packages_PyQt6_Qt6_qml_QtQuick3D_designer["designer"]\n    node_venv_lib_python3_12_site-packages_PyQt6_Qt6_qml_QtQuick3D_designer --> node_venv_lib_python3_12_site-packages_PyQt6_Qt6_qml_QtQuick3D_designer_images["images"]\n    node_venv_lib_python3_12_site-packages_PyQt6_Qt6_qml_QtQuick3D_designer_images --> node_venv_lib_python3_12_site-packages_PyQt6_Qt6_qml_QtQuick3D_designer_images_effect_png["effect.png"]\n    Root --> node_venv["venv"]\n    node_venv --> node_venv_lib["lib"]\n    node_venv_lib --> node_venv_lib_python3_12["python3.12"]\n    node_venv_lib_python3_12 --> node_venv_lib_python3_12_site-packages["site-packages"]\n    node_venv_lib_python3_12_site-packages --> node_venv_lib_python3_12_site-packages_PyQt6["PyQt6"]\n    node_venv_lib_python3_12_site-packages_PyQt6 --> node_venv_lib_python3_12_site-packages_PyQt6_Qt6["Qt6"]\n    node_venv_lib_python3_12_site-packages_PyQt6_Qt6 --> node_venv_lib_python3_12_site-packages_PyQt6_Qt6_qml["qml"]\n    node_venv_lib_python3_12_site-packages_PyQt6_Qt6_qml --> node_venv_lib_python3_12_site-packages_PyQt6_Qt6_qml_QtQuick3D["QtQuick3D"]\n    node_venv_lib_python3_12_site-packages_PyQt6_Qt6_qml_QtQuick3D --> node_venv_lib_python3_12_site-packages_PyQt6_Qt6_qml_QtQuick3D_designer["designer"]\n    node_venv_lib_python3_12_site-packages_PyQt6_Qt6_qml_QtQuick3D_designer --> node_venv_lib_python3_12_site-packages_PyQt6_Qt6_qml_QtQuick3D_designer_images["images"]\n    node_venv_lib_python3_12_site-packages_PyQt6_Qt6_qml_QtQuick3D_designer_images --> node_venv_lib_python3_12_site-packages_PyQt6_Qt6_qml_QtQuick3D_designer_images_effect16_png["effect16.png"]\n    Root --> node_venv["venv"]\n    node_venv --> node_venv_lib["lib"]\n    node_venv_lib --> node_venv_lib_python3_12["python3.12"]\n    node_venv_lib_python3_12 --> node_venv_lib_python3_12_site-packages["site-packages"]\n    node_venv_lib_python3_12_site-packages --> node_venv_lib_python3_12_site-packages_PyQt6["PyQt6"]\n    node_venv_lib_python3_12_site-packages_PyQt6 --> node_venv_lib_python3_12_site-packages_PyQt6_Qt6["Qt6"]\n    node_venv_lib_python3_12_site-packages_PyQt6_Qt6 --> node_venv_lib_python3_12_site-packages_PyQt6_Qt6_qml["qml"]\n    node_venv_lib_python3_12_site-packages_PyQt6_Qt6_qml --> node_venv_lib_python3_12_site-packages_PyQt6_Qt6_qml_QtQuick3D["QtQuick3D"]\n    node_venv_lib_python3_12_site-packages_PyQt6_Qt6_qml_QtQuick3D --> node_venv_lib_python3_12_site-packages_PyQt6_Qt6_qml_QtQuick3D_designer["designer"]\n    node_venv_lib_python3_12_site-packages_PyQt6_Qt6_qml_QtQuick3D_designer --> node_venv_lib_python3_12_site-packages_PyQt6_Qt6_qml_QtQuick3D_designer_images["images"]\n    node_venv_lib_python3_12_site-packages_PyQt6_Qt6_qml_QtQuick3D_designer_images --> node_venv_lib_python3_12_site-packages_PyQt6_Qt6_qml_QtQuick3D_designer_images_effect@2x_png["effect@2x.png"]\n    Root --> node_venv["venv"]\n    node_venv --> node_venv_lib["lib"]\n    node_venv_lib --> node_venv_lib_python3_12["python3.12"]\n    node_venv_lib_python3_12 --> node_venv_lib_python3_12_site-packages["site-packages"]\n    node_venv_lib_python3_12_site-packages --> node_venv_lib_python3_12_site-packages_PyQt6["PyQt6"]\n    node_venv_lib_python3_12_site-packages_PyQt6 --> node_venv_lib_python3_12_site-packages_PyQt6_Qt6["Qt6"]\n    node_venv_lib_python3_12_site-packages_PyQt6_Qt6 --> node_venv_lib_python3_12_site-packages_PyQt6_Qt6_qml["qml"]\n    node_venv_lib_python3_12_site-packages_PyQt6_Qt6_qml --> node_venv_lib_python3_12_site-packages_PyQt6_Qt6_qml_QtQuick3D["QtQuick3D"]\n    node_venv_lib_python3_12_site-packages_PyQt6_Qt6_qml_QtQuick3D --> node_venv_lib_python3_12_site-packages_PyQt6_Qt6_qml_QtQuick3D_designer["designer"]\n    node_venv_lib_python3_12_site-packages_PyQt6_Qt6_qml_QtQuick3D_designer --> node_venv_lib_python3_12_site-packages_PyQt6_Qt6_qml_QtQuick3D_designer_images["images"]\n    node_venv_lib_python3_12_site-packages_PyQt6_Qt6_qml_QtQuick3D_designer_images --> node_venv_lib_python3_12_site-packages_PyQt6_Qt6_qml_QtQuick3D_designer_images_fileinstancing_png["fileinstancing.png"]\n    Root --> node_venv["venv"]\n    node_venv --> node_venv_lib["lib"]\n    node_venv_lib --> node_venv_lib_python3_12["python3.12"]\n    node_venv_lib_python3_12 --> node_venv_lib_python3_12_site-packages["site-packages"]\n    node_venv_lib_python3_12_site-packages --> node_venv_lib_python3_12_site-packages_PyQt6["PyQt6"]\n    node_venv_lib_python3_12_site-packages_PyQt6 --> node_venv_lib_python3_12_site-packages_PyQt6_Qt6["Qt6"]\n    node_venv_lib_python3_12_site-packages_PyQt6_Qt6 --> node_venv_lib_python3_12_site-packages_PyQt6_Qt6_qml["qml"]\n    node_venv_lib_python3_12_site-packages_PyQt6_Qt6_qml --> node_venv_lib_python3_12_site-packages_PyQt6_Qt6_qml_QtQuick3D["QtQuick3D"]\n    node_venv_lib_python3_12_site-packages_PyQt6_Qt6_qml_QtQuick3D --> node_venv_lib_python3_12_site-packages_PyQt6_Qt6_qml_QtQuick3D_designer["designer"]\n    node_venv_lib_python3_12_site-packages_PyQt6_Qt6_qml_QtQuick3D_designer --> node_venv_lib_python3_12_site-packages_PyQt6_Qt6_qml_QtQuick3D_designer_images["images"]\n    node_venv_lib_python3_12_site-packages_PyQt6_Qt6_qml_QtQuick3D_designer_images --> node_venv_lib_python3_12_site-packages_PyQt6_Qt6_qml_QtQuick3D_designer_images_fileinstancing16_png["fileinstancing16.png"]\n    Root --> node_venv["venv"]\n    node_venv --> node_venv_lib["lib"]\n    node_venv_lib --> node_venv_lib_python3_12["python3.12"]\n    node_venv_lib_python3_12 --> node_venv_lib_python3_12_site-packages["site-packages"]\n    node_venv_lib_python3_12_site-packages --> node_venv_lib_python3_12_site-packages_PyQt6["PyQt6"]\n    node_venv_lib_python3_12_site-packages_PyQt6 --> node_venv_lib_python3_12_site-packages_PyQt6_Qt6["Qt6"]\n    node_venv_lib_python3_12_site-packages_PyQt6_Qt6 --> node_venv_lib_python3_12_site-packages_PyQt6_Qt6_qml["qml"]\n    node_venv_lib_python3_12_site-packages_PyQt6_Qt6_qml --> node_venv_lib_python3_12_site-packages_PyQt6_Qt6_qml_QtQuick3D["QtQuick3D"]\n    node_venv_lib_python3_12_site-packages_PyQt6_Qt6_qml_QtQuick3D --> node_venv_lib_python3_12_site-packages_PyQt6_Qt6_qml_QtQuick3D_designer["designer"]\n    node_venv_lib_python3_12_site-packages_PyQt6_Qt6_qml_QtQuick3D_designer --> node_venv_lib_python3_12_site-packages_PyQt6_Qt6_qml_QtQuick3D_designer_images["images"]\n    node_venv_lib_python3_12_site-packages_PyQt6_Qt6_qml_QtQuick3D_designer_images --> node_venv_lib_python3_12_site-packages_PyQt6_Qt6_qml_QtQuick3D_designer_images_fileinstancing@2x_png["fileinstancing@2x.png"]\n    Root --> node_venv["venv"]\n    node_venv --> node_venv_lib["lib"]\n    node_venv_lib --> node_venv_lib_python3_12["python3.12"]\n    node_venv_lib_python3_12 --> node_venv_lib_python3_12_site-packages["site-packages"]\n    node_venv_lib_python3_12_site-packages --> node_venv_lib_python3_12_site-packages_PyQt6["PyQt6"]\n    node_venv_lib_python3_12_site-packages_PyQt6 --> node_venv_lib_python3_12_site-packages_PyQt6_Qt6["Qt6"]\n    node_venv_lib_python3_12_site-packages_PyQt6_Qt6 --> node_venv_lib_python3_12_site-packages_PyQt6_Qt6_qml["qml"]\n    node_venv_lib_python3_12_site-packages_PyQt6_Qt6_qml --> node_venv_lib_python3_12_site-packages_PyQt6_Qt6_qml_QtQuick3D["QtQuick3D"]\n    node_venv_lib_python3_12_site-packages_PyQt6_Qt6_qml_QtQuick3D --> node_venv_lib_python3_12_site-packages_PyQt6_Qt6_qml_QtQuick3D_designer["designer"]\n    node_venv_lib_python3_12_site-packages_PyQt6_Qt6_qml_QtQuick3D_designer --> node_venv_lib_python3_12_site-packages_PyQt6_Qt6_qml_QtQuick3D_designer_images["images"]\n    node_venv_lib_python3_12_site-packages_PyQt6_Qt6_qml_QtQuick3D_designer_images --> node_venv_lib_python3_12_site-packages_PyQt6_Qt6_qml_QtQuick3D_designer_images_fog_png["fog.png"]\n    Root --> node_venv["venv"]\n    node_venv --> node_venv_lib["lib"]\n    node_venv_lib --> node_venv_lib_python3_12["python3.12"]\n    node_venv_lib_python3_12 --> node_venv_lib_python3_12_site-packages["site-packages"]\n    node_venv_lib_python3_12_site-packages --> node_venv_lib_python3_12_site-packages_PyQt6["PyQt6"]\n    node_venv_lib_python3_12_site-packages_PyQt6 --> node_venv_lib_python3_12_site-packages_PyQt6_Qt6["Qt6"]\n    node_venv_lib_python3_12_site-packages_PyQt6_Qt6 --> node_venv_lib_python3_12_site-packages_PyQt6_Qt6_qml["qml"]\n    node_venv_lib_python3_12_site-packages_PyQt6_Qt6_qml --> node_venv_lib_python3_12_site-packages_PyQt6_Qt6_qml_QtQuick3D["QtQuick3D"]\n    node_venv_lib_python3_12_site-packages_PyQt6_Qt6_qml_QtQuick3D --> node_venv_lib_python3_12_site-packages_PyQt6_Qt6_qml_QtQuick3D_designer["designer"]\n    node_venv_lib_python3_12_site-packages_PyQt6_Qt6_qml_QtQuick3D_designer --> node_venv_lib_python3_12_site-packages_PyQt6_Qt6_qml_QtQuick3D_designer_images["images"]\n    node_venv_lib_python3_12_site-packages_PyQt6_Qt6_qml_QtQuick3D_designer_images --> node_venv_lib_python3_12_site-packages_PyQt6_Qt6_qml_QtQuick3D_designer_images_fog16_png["fog16.png"]\n    Root --> node_venv["venv"]\n    node_venv --> node_venv_lib["lib"]\n    node_venv_lib --> node_venv_lib_python3_12["python3.12"]\n    node_venv_lib_python3_12 --> node_venv_lib_python3_12_site-packages["site-packages"]\n    node_venv_lib_python3_12_site-packages --> node_venv_lib_python3_12_site-packages_PyQt6["PyQt6"]\n    node_venv_lib_python3_12_site-packages_PyQt6 --> node_venv_lib_python3_12_site-packages_PyQt6_Qt6["Qt6"]\n    node_venv_lib_python3_12_site-packages_PyQt6_Qt6 --> node_venv_lib_python3_12_site-packages_PyQt6_Qt6_qml["qml"]\n    node_venv_lib_python3_12_site-packages_PyQt6_Qt6_qml --> node_venv_lib_python3_12_site-packages_PyQt6_Qt6_qml_QtQuick3D["QtQuick3D"]\n    node_venv_lib_python3_12_site-packages_PyQt6_Qt6_qml_QtQuick3D --> node_venv_lib_python3_12_site-packages_PyQt6_Qt6_qml_QtQuick3D_designer["designer"]\n    node_venv_lib_python3_12_site-packages_PyQt6_Qt6_qml_QtQuick3D_designer --> node_venv_lib_python3_12_site-packages_PyQt6_Qt6_qml_QtQuick3D_designer_images["images"]\n    node_venv_lib_python3_12_site-packages_PyQt6_Qt6_qml_QtQuick3D_designer_images --> node_venv_lib_python3_12_site-packages_PyQt6_Qt6_qml_QtQuick3D_designer_images_fog@2x_png["fog@2x.png"]\n    Root --> node_venv["venv"]\n    node_venv --> node_venv_lib["lib"]\n    node_venv_lib --> node_venv_lib_python3_12["python3.12"]\n    node_venv_lib_python3_12 --> node_venv_lib_python3_12_site-packages["site-packages"]\n    node_venv_lib_python3_12_site-packages --> node_venv_lib_python3_12_site-packages_PyQt6["PyQt6"]\n    node_venv_lib_python3_12_site-packages_PyQt6 --> node_venv_lib_python3_12_site-packages_PyQt6_Qt6["Qt6"]\n    node_venv_lib_python3_12_site-packages_PyQt6_Qt6 --> node_venv_lib_python3_12_site-packages_PyQt6_Qt6_qml["qml"]\n    node_venv_lib_python3_12_site-packages_PyQt6_Qt6_qml --> node_venv_lib_python3_12_site-packages_PyQt6_Qt6_qml_QtQuick3D["QtQuick3D"]\n    node_venv_lib_python3_12_site-packages_PyQt6_Qt6_qml_QtQuick3D --> node_venv_lib_python3_12_site-packages_PyQt6_Qt6_qml_QtQuick3D_designer["designer"]\n    node_venv_lib_python3_12_site-packages_PyQt6_Qt6_qml_QtQuick3D_designer --> node_venv_lib_python3_12_site-packages_PyQt6_Qt6_qml_QtQuick3D_designer_images["images"]\n    node_venv_lib_python3_12_site-packages_PyQt6_Qt6_qml_QtQuick3D_designer_images --> node_venv_lib_python3_12_site-packages_PyQt6_Qt6_qml_QtQuick3D_designer_images_group_png["group.png"]\n    Root --> node_venv["venv"]\n    node_venv --> node_venv_lib["lib"]\n    node_venv_lib --> node_venv_lib_python3_12["python3.12"]\n    node_venv_lib_python3_12 --> node_venv_lib_python3_12_site-packages["site-packages"]\n    node_venv_lib_python3_12_site-packages --> node_venv_lib_python3_12_site-packages_PyQt6["PyQt6"]\n    node_venv_lib_python3_12_site-packages_PyQt6 --> node_venv_lib_python3_12_site-packages_PyQt6_Qt6["Qt6"]\n    node_venv_lib_python3_12_site-packages_PyQt6_Qt6 --> node_venv_lib_python3_12_site-packages_PyQt6_Qt6_qml["qml"]\n    node_venv_lib_python3_12_site-packages_PyQt6_Qt6_qml --> node_venv_lib_python3_12_site-packages_PyQt6_Qt6_qml_QtQuick3D["QtQuick3D"]\n    node_venv_lib_python3_12_site-packages_PyQt6_Qt6_qml_QtQuick3D --> node_venv_lib_python3_12_site-packages_PyQt6_Qt6_qml_QtQuick3D_designer["designer"]\n    node_venv_lib_python3_12_site-packages_PyQt6_Qt6_qml_QtQuick3D_designer --> node_venv_lib_python3_12_site-packages_PyQt6_Qt6_qml_QtQuick3D_designer_images["images"]\n    node_venv_lib_python3_12_site-packages_PyQt6_Qt6_qml_QtQuick3D_designer_images --> node_venv_lib_python3_12_site-packages_PyQt6_Qt6_qml_QtQuick3D_designer_images_group16_png["group16.png"]\n    Root --> node_venv["venv"]\n    node_venv --> node_venv_lib["lib"]\n    node_venv_lib --> node_venv_lib_python3_12["python3.12"]\n    node_venv_lib_python3_12 --> node_venv_lib_python3_12_site-packages["site-packages"]\n    node_venv_lib_python3_12_site-packages --> node_venv_lib_python3_12_site-packages_PyQt6["PyQt6"]\n    node_venv_lib_python3_12_site-packages_PyQt6 --> node_venv_lib_python3_12_site-packages_PyQt6_Qt6["Qt6"]\n    node_venv_lib_python3_12_site-packages_PyQt6_Qt6 --> node_venv_lib_python3_12_site-packages_PyQt6_Qt6_qml["qml"]\n    node_venv_lib_python3_12_site-packages_PyQt6_Qt6_qml --> node_venv_lib_python3_12_site-packages_PyQt6_Qt6_qml_QtQuick3D["QtQuick3D"]\n    node_venv_lib_python3_12_site-packages_PyQt6_Qt6_qml_QtQuick3D --> node_venv_lib_python3_12_site-packages_PyQt6_Qt6_qml_QtQuick3D_designer["designer"]\n    node_venv_lib_python3_12_site-packages_PyQt6_Qt6_qml_QtQuick3D_designer --> node_venv_lib_python3_12_site-packages_PyQt6_Qt6_qml_QtQuick3D_designer_images["images"]\n    node_venv_lib_python3_12_site-packages_PyQt6_Qt6_qml_QtQuick3D_designer_images --> node_venv_lib_python3_12_site-packages_PyQt6_Qt6_qml_QtQuick3D_designer_images_group@2x_png["group@2x.png"]\n    Root --> node_venv["venv"]\n    node_venv --> node_venv_lib["lib"]\n    node_venv_lib --> node_venv_lib_python3_12["python3.12"]\n    node_venv_lib_python3_12 --> node_venv_lib_python3_12_site-packages["site-packages"]\n    node_venv_lib_python3_12_site-packages --> node_venv_lib_python3_12_site-packages_PyQt6["PyQt6"]\n    node_venv_lib_python3_12_site-packages_PyQt6 --> node_venv_lib_python3_12_site-packages_PyQt6_Qt6["Qt6"]\n    node_venv_lib_python3_12_site-packages_PyQt6_Qt6 --> node_venv_lib_python3_12_site-packages_PyQt6_Qt6_qml["qml"]\n    node_venv_lib_python3_12_site-packages_PyQt6_Qt6_qml --> node_venv_lib_python3_12_site-packages_PyQt6_Qt6_qml_QtQuick3D["QtQuick3D"]\n    node_venv_lib_python3_12_site-packages_PyQt6_Qt6_qml_QtQuick3D --> node_venv_lib_python3_12_site-packages_PyQt6_Qt6_qml_QtQuick3D_designer["designer"]\n    node_venv_lib_python3_12_site-packages_PyQt6_Qt6_qml_QtQuick3D_designer --> node_venv_lib_python3_12_site-packages_PyQt6_Qt6_qml_QtQuick3D_designer_images["images"]\n    node_venv_lib_python3_12_site-packages_PyQt6_Qt6_qml_QtQuick3D_designer_images --> node_venv_lib_python3_12_site-packages_PyQt6_Qt6_qml_QtQuick3D_designer_images_instancelist_png["instancelist.png"]\n    Root --> node_venv["venv"]\n    node_venv --> node_venv_lib["lib"]\n    node_venv_lib --> node_venv_lib_python3_12["python3.12"]\n    node_venv_lib_python3_12 --> node_venv_lib_python3_12_site-packages["site-packages"]\n    node_venv_lib_python3_12_site-packages --> node_venv_lib_python3_12_site-packages_PyQt6["PyQt6"]\n    node_venv_lib_python3_12_site-packages_PyQt6 --> node_venv_lib_python3_12_site-packages_PyQt6_Qt6["Qt6"]\n    node_venv_lib_python3_12_site-packages_PyQt6_Qt6 --> node_venv_lib_python3_12_site-packages_PyQt6_Qt6_qml["qml"]\n    node_venv_lib_python3_12_site-packages_PyQt6_Qt6_qml --> node_venv_lib_python3_12_site-packages_PyQt6_Qt6_qml_QtQuick3D["QtQuick3D"]\n    node_venv_lib_python3_12_site-packages_PyQt6_Qt6_qml_QtQuick3D --> node_venv_lib_python3_12_site-packages_PyQt6_Qt6_qml_QtQuick3D_designer["designer"]\n    node_venv_lib_python3_12_site-packages_PyQt6_Qt6_qml_QtQuick3D_designer --> node_venv_lib_python3_12_site-packages_PyQt6_Qt6_qml_QtQuick3D_designer_images["images"]\n    node_venv_lib_python3_12_site-packages_PyQt6_Qt6_qml_QtQuick3D_designer_images --> node_venv_lib_python3_12_site-packages_PyQt6_Qt6_qml_QtQuick3D_designer_images_instancelist16_png["instancelist16.png"]\n    Root --> node_venv["venv"]\n    node_venv --> node_venv_lib["lib"]\n    node_venv_lib --> node_venv_lib_python3_12["python3.12"]\n    node_venv_lib_python3_12 --> node_venv_lib_python3_12_site-packages["site-packages"]\n    node_venv_lib_python3_12_site-packages --> node_venv_lib_python3_12_site-packages_PyQt6["PyQt6"]\n    node_venv_lib_python3_12_site-packages_PyQt6 --> node_venv_lib_python3_12_site-packages_PyQt6_Qt6["Qt6"]\n    node_venv_lib_python3_12_site-packages_PyQt6_Qt6 --> node_venv_lib_python3_12_site-packages_PyQt6_Qt6_qml["qml"]\n    node_venv_lib_python3_12_site-packages_PyQt6_Qt6_qml --> node_venv_lib_python3_12_site-packages_PyQt6_Qt6_qml_QtQuick3D["QtQuick3D"]\n    node_venv_lib_python3_12_site-packages_PyQt6_Qt6_qml_QtQuick3D --> node_venv_lib_python3_12_site-packages_PyQt6_Qt6_qml_QtQuick3D_designer["designer"]\n    node_venv_lib_python3_12_site-packages_PyQt6_Qt6_qml_QtQuick3D_designer --> node_venv_lib_python3_12_site-packages_PyQt6_Qt6_qml_QtQuick3D_designer_images["images"]\n    node_venv_lib_python3_12_site-packages_PyQt6_Qt6_qml_QtQuick3D_designer_images --> node_venv_lib_python3_12_site-packages_PyQt6_Qt6_qml_QtQuick3D_designer_images_instancelist@2x_png["instancelist@2x.png"]\n    Root --> node_venv["venv"]\n    node_venv --> node_venv_lib["lib"]\n    node_venv_lib --> node_venv_lib_python3_12["python3.12"]\n    node_venv_lib_python3_12 --> node_venv_lib_python3_12_site-packages["site-packages"]\n    node_venv_lib_python3_12_site-packages --> node_venv_lib_python3_12_site-packages_PyQt6["PyQt6"]\n    node_venv_lib_python3_12_site-packages_PyQt6 --> node_venv_lib_python3_12_site-packages_PyQt6_Qt6["Qt6"]\n    node_venv_lib_python3_12_site-packages_PyQt6_Qt6 --> node_venv_lib_python3_12_site-packages_PyQt6_Qt6_qml["qml"]\n    node_venv_lib_python3_12_site-packages_PyQt6_Qt6_qml --> node_venv_lib_python3_12_site-packages_PyQt6_Qt6_qml_QtQuick3D["QtQuick3D"]\n    node_venv_lib_python3_12_site-packages_PyQt6_Qt6_qml_QtQuick3D --> node_venv_lib_python3_12_site-packages_PyQt6_Qt6_qml_QtQuick3D_designer["designer"]\n    node_venv_lib_python3_12_site-packages_PyQt6_Qt6_qml_QtQuick3D_designer --> node_venv_lib_python3_12_site-packages_PyQt6_Qt6_qml_QtQuick3D_designer_images["images"]\n    node_venv_lib_python3_12_site-packages_PyQt6_Qt6_qml_QtQuick3D_designer_images --> node_venv_lib_python3_12_site-packages_PyQt6_Qt6_qml_QtQuick3D_designer_images_instancelistentry_png["instancelistentry.png"]\n    Root --> node_venv["venv"]\n    node_venv --> node_venv_lib["lib"]\n    node_venv_lib --> node_venv_lib_python3_12["python3.12"]\n    node_venv_lib_python3_12 --> node_venv_lib_python3_12_site-packages["site-packages"]\n    node_venv_lib_python3_12_site-packages --> node_venv_lib_python3_12_site-packages_PyQt6["PyQt6"]\n    node_venv_lib_python3_12_site-packages_PyQt6 --> node_venv_lib_python3_12_site-packages_PyQt6_Qt6["Qt6"]\n    node_venv_lib_python3_12_site-packages_PyQt6_Qt6 --> node_venv_lib_python3_12_site-packages_PyQt6_Qt6_qml["qml"]\n    node_venv_lib_python3_12_site-packages_PyQt6_Qt6_qml --> node_venv_lib_python3_12_site-packages_PyQt6_Qt6_qml_QtQuick3D["QtQuick3D"]\n    node_venv_lib_python3_12_site-packages_PyQt6_Qt6_qml_QtQuick3D --> node_venv_lib_python3_12_site-packages_PyQt6_Qt6_qml_QtQuick3D_designer["designer"]\n    node_venv_lib_python3_12_site-packages_PyQt6_Qt6_qml_QtQuick3D_designer --> node_venv_lib_python3_12_site-packages_PyQt6_Qt6_qml_QtQuick3D_designer_images["images"]\n    node_venv_lib_python3_12_site-packages_PyQt6_Qt6_qml_QtQuick3D_designer_images --> node_venv_lib_python3_12_site-packages_PyQt6_Qt6_qml_QtQuick3D_designer_images_instancelistentry16_png["instancelistentry16.png"]\n    Root --> node_venv["venv"]\n    node_venv --> node_venv_lib["lib"]\n    node_venv_lib --> node_venv_lib_python3_12["python3.12"]\n    node_venv_lib_python3_12 --> node_venv_lib_python3_12_site-packages["site-packages"]\n    node_venv_lib_python3_12_site-packages --> node_venv_lib_python3_12_site-packages_PyQt6["PyQt6"]\n    node_venv_lib_python3_12_site-packages_PyQt6 --> node_venv_lib_python3_12_site-packages_PyQt6_Qt6["Qt6"]\n    node_venv_lib_python3_12_site-packages_PyQt6_Qt6 --> node_venv_lib_python3_12_site-packages_PyQt6_Qt6_qml["qml"]\n    node_venv_lib_python3_12_site-packages_PyQt6_Qt6_qml --> node_venv_lib_python3_12_site-packages_PyQt6_Qt6_qml_QtQuick3D["QtQuick3D"]\n    node_venv_lib_python3_12_site-packages_PyQt6_Qt6_qml_QtQuick3D --> node_venv_lib_python3_12_site-packages_PyQt6_Qt6_qml_QtQuick3D_designer["designer"]\n    node_venv_lib_python3_12_site-packages_PyQt6_Qt6_qml_QtQuick3D_designer --> node_venv_lib_python3_12_site-packages_PyQt6_Qt6_qml_QtQuick3D_designer_images["images"]\n    node_venv_lib_python3_12_site-packages_PyQt6_Qt6_qml_QtQuick3D_designer_images --> node_venv_lib_python3_12_site-packages_PyQt6_Qt6_qml_QtQuick3D_designer_images_instancelistentry@2x_png["instancelistentry@2x.png"]\n    Root --> node_venv["venv"]\n    node_venv --> node_venv_lib["lib"]\n    node_venv_lib --> node_venv_lib_python3_12["python3.12"]\n    node_venv_lib_python3_12 --> node_venv_lib_python3_12_site-packages["site-packages"]\n    node_venv_lib_python3_12_site-packages --> node_venv_lib_python3_12_site-packages_PyQt6["PyQt6"]\n    node_venv_lib_python3_12_site-packages_PyQt6 --> node_venv_lib_python3_12_site-packages_PyQt6_Qt6["Qt6"]\n    node_venv_lib_python3_12_site-packages_PyQt6_Qt6 --> node_venv_lib_python3_12_site-packages_PyQt6_Qt6_qml["qml"]\n    node_venv_lib_python3_12_site-packages_PyQt6_Qt6_qml --> node_venv_lib_python3_12_site-packages_PyQt6_Qt6_qml_QtQuick3D["QtQuick3D"]\n    node_venv_lib_python3_12_site-packages_PyQt6_Qt6_qml_QtQuick3D --> node_venv_lib_python3_12_site-packages_PyQt6_Qt6_qml_QtQuick3D_designer["designer"]\n    node_venv_lib_python3_12_site-packages_PyQt6_Qt6_qml_QtQuick3D_designer --> node_venv_lib_python3_12_site-packages_PyQt6_Qt6_qml_QtQuick3D_designer_images["images"]\n    node_venv_lib_python3_12_site-packages_PyQt6_Qt6_qml_QtQuick3D_designer_images --> node_venv_lib_python3_12_site-packages_PyQt6_Qt6_qml_QtQuick3D_designer_images_joint_png["joint.png"]\n    Root --> node_venv["venv"]\n    node_venv --> node_venv_lib["lib"]\n    node_venv_lib --> node_venv_lib_python3_12["python3.12"]\n    node_venv_lib_python3_12 --> node_venv_lib_python3_12_site-packages["site-packages"]\n    node_venv_lib_python3_12_site-packages --> node_venv_lib_python3_12_site-packages_PyQt6["PyQt6"]\n    node_venv_lib_python3_12_site-packages_PyQt6 --> node_venv_lib_python3_12_site-packages_PyQt6_Qt6["Qt6"]\n    node_venv_lib_python3_12_site-packages_PyQt6_Qt6 --> node_venv_lib_python3_12_site-packages_PyQt6_Qt6_qml["qml"]\n    node_venv_lib_python3_12_site-packages_PyQt6_Qt6_qml --> node_venv_lib_python3_12_site-packages_PyQt6_Qt6_qml_QtQuick3D["QtQuick3D"]\n    node_venv_lib_python3_12_site-packages_PyQt6_Qt6_qml_QtQuick3D --> node_venv_lib_python3_12_site-packages_PyQt6_Qt6_qml_QtQuick3D_designer["designer"]\n    node_venv_lib_python3_12_site-packages_PyQt6_Qt6_qml_QtQuick3D_designer --> node_venv_lib_python3_12_site-packages_PyQt6_Qt6_qml_QtQuick3D_designer_images["images"]\n    node_venv_lib_python3_12_site-packages_PyQt6_Qt6_qml_QtQuick3D_designer_images --> node_venv_lib_python3_12_site-packages_PyQt6_Qt6_qml_QtQuick3D_designer_images_joint16_png["joint16.png"]\n    Root --> node_venv["venv"]\n    node_venv --> node_venv_lib["lib"]\n    node_venv_lib --> node_venv_lib_python3_12["python3.12"]\n    node_venv_lib_python3_12 --> node_venv_lib_python3_12_site-packages["site-packages"]\n    node_venv_lib_python3_12_site-packages --> node_venv_lib_python3_12_site-packages_PyQt6["PyQt6"]\n    node_venv_lib_python3_12_site-packages_PyQt6 --> node_venv_lib_python3_12_site-packages_PyQt6_Qt6["Qt6"]\n    node_venv_lib_python3_12_site-packages_PyQt6_Qt6 --> node_venv_lib_python3_12_site-packages_PyQt6_Qt6_qml["qml"]\n    node_venv_lib_python3_12_site-packages_PyQt6_Qt6_qml --> node_venv_lib_python3_12_site-packages_PyQt6_Qt6_qml_QtQuick3D["QtQuick3D"]\n    node_venv_lib_python3_12_site-packages_PyQt6_Qt6_qml_QtQuick3D --> node_venv_lib_python3_12_site-packages_PyQt6_Qt6_qml_QtQuick3D_designer["designer"]\n    node_venv_lib_python3_12_site-packages_PyQt6_Qt6_qml_QtQuick3D_designer --> node_venv_lib_python3_12_site-packages_PyQt6_Qt6_qml_QtQuick3D_designer_images["images"]\n    node_venv_lib_python3_12_site-packages_PyQt6_Qt6_qml_QtQuick3D_designer_images --> node_venv_lib_python3_12_site-packages_PyQt6_Qt6_qml_QtQuick3D_designer_images_joint@2x_png["joint@2x.png"]\n    Root --> node_venv["venv"]\n    node_venv --> node_venv_lib["lib"]\n    node_venv_lib --> node_venv_lib_python3_12["python3.12"]\n    node_venv_lib_python3_12 --> node_venv_lib_python3_12_site-packages["site-packages"]\n    node_venv_lib_python3_12_site-packages --> node_venv_lib_python3_12_site-packages_PyQt6["PyQt6"]\n    node_venv_lib_python3_12_site-packages_PyQt6 --> node_venv_lib_python3_12_site-packages_PyQt6_Qt6["Qt6"]\n    node_venv_lib_python3_12_site-packages_PyQt6_Qt6 --> node_venv_lib_python3_12_site-packages_PyQt6_Qt6_qml["qml"]\n    node_venv_lib_python3_12_site-packages_PyQt6_Qt6_qml --> node_venv_lib_python3_12_site-packages_PyQt6_Qt6_qml_QtQuick3D["QtQuick3D"]\n    node_venv_lib_python3_12_site-packages_PyQt6_Qt6_qml_QtQuick3D --> node_venv_lib_python3_12_site-packages_PyQt6_Qt6_qml_QtQuick3D_designer["designer"]\n    node_venv_lib_python3_12_site-packages_PyQt6_Qt6_qml_QtQuick3D_designer --> node_venv_lib_python3_12_site-packages_PyQt6_Qt6_qml_QtQuick3D_designer_images["images"]\n    node_venv_lib_python3_12_site-packages_PyQt6_Qt6_qml_QtQuick3D_designer_images --> node_venv_lib_python3_12_site-packages_PyQt6_Qt6_qml_QtQuick3D_designer_images_lightdirectional_png["lightdirectional.png"]\n    Root --> node_venv["venv"]\n    node_venv --> node_venv_lib["lib"]\n    node_venv_lib --> node_venv_lib_python3_12["python3.12"]\n    node_venv_lib_python3_12 --> node_venv_lib_python3_12_site-packages["site-packages"]\n    node_venv_lib_python3_12_site-packages --> node_venv_lib_python3_12_site-packages_PyQt6["PyQt6"]\n    node_venv_lib_python3_12_site-packages_PyQt6 --> node_venv_lib_python3_12_site-packages_PyQt6_Qt6["Qt6"]\n    node_venv_lib_python3_12_site-packages_PyQt6_Qt6 --> node_venv_lib_python3_12_site-packages_PyQt6_Qt6_qml["qml"]\n    node_venv_lib_python3_12_site-packages_PyQt6_Qt6_qml --> node_venv_lib_python3_12_site-packages_PyQt6_Qt6_qml_QtQuick3D["QtQuick3D"]\n    node_venv_lib_python3_12_site-packages_PyQt6_Qt6_qml_QtQuick3D --> node_venv_lib_python3_12_site-packages_PyQt6_Qt6_qml_QtQuick3D_designer["designer"]\n    node_venv_lib_python3_12_site-packages_PyQt6_Qt6_qml_QtQuick3D_designer --> node_venv_lib_python3_12_site-packages_PyQt6_Qt6_qml_QtQuick3D_designer_images["images"]\n    node_venv_lib_python3_12_site-packages_PyQt6_Qt6_qml_QtQuick3D_designer_images --> node_venv_lib_python3_12_site-packages_PyQt6_Qt6_qml_QtQuick3D_designer_images_lightdirectional16_png["lightdirectional16.png"]\n    Root --> node_venv["venv"]\n    node_venv --> node_venv_lib["lib"]\n    node_venv_lib --> node_venv_lib_python3_12["python3.12"]\n    node_venv_lib_python3_12 --> node_venv_lib_python3_12_site-packages["site-packages"]\n    node_venv_lib_python3_12_site-packages --> node_venv_lib_python3_12_site-packages_PyQt6["PyQt6"]\n    node_venv_lib_python3_12_site-packages_PyQt6 --> node_venv_lib_python3_12_site-packages_PyQt6_Qt6["Qt6"]\n    node_venv_lib_python3_12_site-packages_PyQt6_Qt6 --> node_venv_lib_python3_12_site-packages_PyQt6_Qt6_qml["qml"]\n    node_venv_lib_python3_12_site-packages_PyQt6_Qt6_qml --> node_venv_lib_python3_12_site-packages_PyQt6_Qt6_qml_QtQuick3D["QtQuick3D"]\n    node_venv_lib_python3_12_site-packages_PyQt6_Qt6_qml_QtQuick3D --> node_venv_lib_python3_12_site-packages_PyQt6_Qt6_qml_QtQuick3D_designer["designer"]\n    node_venv_lib_python3_12_site-packages_PyQt6_Qt6_qml_QtQuick3D_designer --> node_venv_lib_python3_12_site-packages_PyQt6_Qt6_qml_QtQuick3D_designer_images["images"]\n    node_venv_lib_python3_12_site-packages_PyQt6_Qt6_qml_QtQuick3D_designer_images --> node_venv_lib_python3_12_site-packages_PyQt6_Qt6_qml_QtQuick3D_designer_images_lightdirectional@2x_png["lightdirectional@2x.png"]\n    Root --> node_venv["venv"]\n    node_venv --> node_venv_lib["lib"]\n    node_venv_lib --> node_venv_lib_python3_12["python3.12"]\n    node_venv_lib_python3_12 --> node_venv_lib_python3_12_site-packages["site-packages"]\n    node_venv_lib_python3_12_site-packages --> node_venv_lib_python3_12_site-packages_PyQt6["PyQt6"]\n    node_venv_lib_python3_12_site-packages_PyQt6 --> node_venv_lib_python3_12_site-packages_PyQt6_Qt6["Qt6"]\n    node_venv_lib_python3_12_site-packages_PyQt6_Qt6 --> node_venv_lib_python3_12_site-packages_PyQt6_Qt6_qml["qml"]\n    node_venv_lib_python3_12_site-packages_PyQt6_Qt6_qml --> node_venv_lib_python3_12_site-packages_PyQt6_Qt6_qml_QtQuick3D["QtQuick3D"]\n    node_venv_lib_python3_12_site-packages_PyQt6_Qt6_qml_QtQuick3D --> node_venv_lib_python3_12_site-packages_PyQt6_Qt6_qml_QtQuick3D_designer["designer"]\n    node_venv_lib_python3_12_site-packages_PyQt6_Qt6_qml_QtQuick3D_designer --> node_venv_lib_python3_12_site-packages_PyQt6_Qt6_qml_QtQuick3D_designer_images["images"]\n    node_venv_lib_python3_12_site-packages_PyQt6_Qt6_qml_QtQuick3D_designer_images --> node_venv_lib_python3_12_site-packages_PyQt6_Qt6_qml_QtQuick3D_designer_images_lightmapper_png["lightmapper.png"]\n    Root --> node_venv["venv"]\n    node_venv --> node_venv_lib["lib"]\n    node_venv_lib --> node_venv_lib_python3_12["python3.12"]\n    node_venv_lib_python3_12 --> node_venv_lib_python3_12_site-packages["site-packages"]\n    node_venv_lib_python3_12_site-packages --> node_venv_lib_python3_12_site-packages_PyQt6["PyQt6"]\n    node_venv_lib_python3_12_site-packages_PyQt6 --> node_venv_lib_python3_12_site-packages_PyQt6_Qt6["Qt6"]\n    node_venv_lib_python3_12_site-packages_PyQt6_Qt6 --> node_venv_lib_python3_12_site-packages_PyQt6_Qt6_qml["qml"]\n    node_venv_lib_python3_12_site-packages_PyQt6_Qt6_qml --> node_venv_lib_python3_12_site-packages_PyQt6_Qt6_qml_QtQuick3D["QtQuick3D"]\n    node_venv_lib_python3_12_site-packages_PyQt6_Qt6_qml_QtQuick3D --> node_venv_lib_python3_12_site-packages_PyQt6_Qt6_qml_QtQuick3D_designer["designer"]\n    node_venv_lib_python3_12_site-packages_PyQt6_Qt6_qml_QtQuick3D_designer --> node_venv_lib_python3_12_site-packages_PyQt6_Qt6_qml_QtQuick3D_designer_images["images"]\n    node_venv_lib_python3_12_site-packages_PyQt6_Qt6_qml_QtQuick3D_designer_images --> node_venv_lib_python3_12_site-packages_PyQt6_Qt6_qml_QtQuick3D_designer_images_lightmapper16_png["lightmapper16.png"]\n    Root --> node_venv["venv"]\n    node_venv --> node_venv_lib["lib"]\n    node_venv_lib --> node_venv_lib_python3_12["python3.12"]\n    node_venv_lib_python3_12 --> node_venv_lib_python3_12_site-packages["site-packages"]\n    node_venv_lib_python3_12_site-packages --> node_venv_lib_python3_12_site-packages_PyQt6["PyQt6"]\n    node_venv_lib_python3_12_site-packages_PyQt6 --> node_venv_lib_python3_12_site-packages_PyQt6_Qt6["Qt6"]\n    node_venv_lib_python3_12_site-packages_PyQt6_Qt6 --> node_venv_lib_python3_12_site-packages_PyQt6_Qt6_qml["qml"]\n    node_venv_lib_python3_12_site-packages_PyQt6_Qt6_qml --> node_venv_lib_python3_12_site-packages_PyQt6_Qt6_qml_QtQuick3D["QtQuick3D"]\n    node_venv_lib_python3_12_site-packages_PyQt6_Qt6_qml_QtQuick3D --> node_venv_lib_python3_12_site-packages_PyQt6_Qt6_qml_QtQuick3D_designer["designer"]\n    node_venv_lib_python3_12_site-packages_PyQt6_Qt6_qml_QtQuick3D_designer --> node_venv_lib_python3_12_site-packages_PyQt6_Qt6_qml_QtQuick3D_designer_images["images"]\n    node_venv_lib_python3_12_site-packages_PyQt6_Qt6_qml_QtQuick3D_designer_images --> node_venv_lib_python3_12_site-packages_PyQt6_Qt6_qml_QtQuick3D_designer_images_lightmapper@2x_png["lightmapper@2x.png"]\n    Root --> node_venv["venv"]\n    node_venv --> node_venv_lib["lib"]\n    node_venv_lib --> node_venv_lib_python3_12["python3.12"]\n    node_venv_lib_python3_12 --> node_venv_lib_python3_12_site-packages["site-packages"]\n    node_venv_lib_python3_12_site-packages --> node_venv_lib_python3_12_site-packages_PyQt6["PyQt6"]\n    node_venv_lib_python3_12_site-packages_PyQt6 --> node_venv_lib_python3_12_site-packages_PyQt6_Qt6["Qt6"]\n    node_venv_lib_python3_12_site-packages_PyQt6_Qt6 --> node_venv_lib_python3_12_site-packages_PyQt6_Qt6_qml["qml"]\n    node_venv_lib_python3_12_site-packages_PyQt6_Qt6_qml --> node_venv_lib_python3_12_site-packages_PyQt6_Qt6_qml_QtQuick3D["QtQuick3D"]\n    node_venv_lib_python3_12_site-packages_PyQt6_Qt6_qml_QtQuick3D --> node_venv_lib_python3_12_site-packages_PyQt6_Qt6_qml_QtQuick3D_designer["designer"]\n    node_venv_lib_python3_12_site-packages_PyQt6_Qt6_qml_QtQuick3D_designer --> node_venv_lib_python3_12_site-packages_PyQt6_Qt6_qml_QtQuick3D_designer_images["images"]\n    node_venv_lib_python3_12_site-packages_PyQt6_Qt6_qml_QtQuick3D_designer_images --> node_venv_lib_python3_12_site-packages_PyQt6_Qt6_qml_QtQuick3D_designer_images_lightpoint_png["lightpoint.png"]\n    Root --> node_venv["venv"]\n    node_venv --> node_venv_lib["lib"]\n    node_venv_lib --> node_venv_lib_python3_12["python3.12"]\n    node_venv_lib_python3_12 --> node_venv_lib_python3_12_site-packages["site-packages"]\n    node_venv_lib_python3_12_site-packages --> node_venv_lib_python3_12_site-packages_PyQt6["PyQt6"]\n    node_venv_lib_python3_12_site-packages_PyQt6 --> node_venv_lib_python3_12_site-packages_PyQt6_Qt6["Qt6"]\n    node_venv_lib_python3_12_site-packages_PyQt6_Qt6 --> node_venv_lib_python3_12_site-packages_PyQt6_Qt6_qml["qml"]\n    node_venv_lib_python3_12_site-packages_PyQt6_Qt6_qml --> node_venv_lib_python3_12_site-packages_PyQt6_Qt6_qml_QtQuick3D["QtQuick3D"]\n    node_venv_lib_python3_12_site-packages_PyQt6_Qt6_qml_QtQuick3D --> node_venv_lib_python3_12_site-packages_PyQt6_Qt6_qml_QtQuick3D_designer["designer"]\n    node_venv_lib_python3_12_site-packages_PyQt6_Qt6_qml_QtQuick3D_designer --> node_venv_lib_python3_12_site-packages_PyQt6_Qt6_qml_QtQuick3D_designer_images["images"]\n    node_venv_lib_python3_12_site-packages_PyQt6_Qt6_qml_QtQuick3D_designer_images --> node_venv_lib_python3_12_site-packages_PyQt6_Qt6_qml_QtQuick3D_designer_images_lightpoint16_png["lightpoint16.png"]\n    Root --> node_venv["venv"]\n    node_venv --> node_venv_lib["lib"]\n    node_venv_lib --> node_venv_lib_python3_12["python3.12"]\n    node_venv_lib_python3_12 --> node_venv_lib_python3_12_site-packages["site-packages"]\n    node_venv_lib_python3_12_site-packages --> node_venv_lib_python3_12_site-packages_PyQt6["PyQt6"]\n    node_venv_lib_python3_12_site-packages_PyQt6 --> node_venv_lib_python3_12_site-packages_PyQt6_Qt6["Qt6"]\n    node_venv_lib_python3_12_site-packages_PyQt6_Qt6 --> node_venv_lib_python3_12_site-packages_PyQt6_Qt6_qml["qml"]\n    node_venv_lib_python3_12_site-packages_PyQt6_Qt6_qml --> node_venv_lib_python3_12_site-packages_PyQt6_Qt6_qml_QtQuick3D["QtQuick3D"]\n    node_venv_lib_python3_12_site-packages_PyQt6_Qt6_qml_QtQuick3D --> node_venv_lib_python3_12_site-packages_PyQt6_Qt6_qml_QtQuick3D_designer["designer"]\n    node_venv_lib_python3_12_site-packages_PyQt6_Qt6_qml_QtQuick3D_designer --> node_venv_lib_python3_12_site-packages_PyQt6_Qt6_qml_QtQuick3D_designer_images["images"]\n    node_venv_lib_python3_12_site-packages_PyQt6_Qt6_qml_QtQuick3D_designer_images --> node_venv_lib_python3_12_site-packages_PyQt6_Qt6_qml_QtQuick3D_designer_images_lightpoint@2x_png["lightpoint@2x.png"]\n    Root --> node_venv["venv"]\n    node_venv --> node_venv_lib["lib"]\n    node_venv_lib --> node_venv_lib_python3_12["python3.12"]\n    node_venv_lib_python3_12 --> node_venv_lib_python3_12_site-packages["site-packages"]\n    node_venv_lib_python3_12_site-packages --> node_venv_lib_python3_12_site-packages_PyQt6["PyQt6"]\n    node_venv_lib_python3_12_site-packages_PyQt6 --> node_venv_lib_python3_12_site-packages_PyQt6_Qt6["Qt6"]\n    node_venv_lib_python3_12_site-packages_PyQt6_Qt6 --> node_venv_lib_python3_12_site-packages_PyQt6_Qt6_qml["qml"]\n    node_venv_lib_python3_12_site-packages_PyQt6_Qt6_qml --> node_venv_lib_python3_12_site-packages_PyQt6_Qt6_qml_QtQuick3D["QtQuick3D"]\n    node_venv_lib_python3_12_site-packages_PyQt6_Qt6_qml_QtQuick3D --> node_venv_lib_python3_12_site-packages_PyQt6_Qt6_qml_QtQuick3D_designer["designer"]\n    node_venv_lib_python3_12_site-packages_PyQt6_Qt6_qml_QtQuick3D_designer --> node_venv_lib_python3_12_site-packages_PyQt6_Qt6_qml_QtQuick3D_designer_images["images"]\n    node_venv_lib_python3_12_site-packages_PyQt6_Qt6_qml_QtQuick3D_designer_images --> node_venv_lib_python3_12_site-packages_PyQt6_Qt6_qml_QtQuick3D_designer_images_lightspot_png["lightspot.png"]\n    Root --> node_venv["venv"]\n    node_venv --> node_venv_lib["lib"]\n    node_venv_lib --> node_venv_lib_python3_12["python3.12"]\n    node_venv_lib_python3_12 --> node_venv_lib_python3_12_site-packages["site-packages"]\n    node_venv_lib_python3_12_site-packages --> node_venv_lib_python3_12_site-packages_PyQt6["PyQt6"]\n    node_venv_lib_python3_12_site-packages_PyQt6 --> node_venv_lib_python3_12_site-packages_PyQt6_Qt6["Qt6"]\n    node_venv_lib_python3_12_site-packages_PyQt6_Qt6 --> node_venv_lib_python3_12_site-packages_PyQt6_Qt6_qml["qml"]\n    node_venv_lib_python3_12_site-packages_PyQt6_Qt6_qml --> node_venv_lib_python3_12_site-packages_PyQt6_Qt6_qml_QtQuick3D["QtQuick3D"]\n    node_venv_lib_python3_12_site-packages_PyQt6_Qt6_qml_QtQuick3D --> node_venv_lib_python3_12_site-packages_PyQt6_Qt6_qml_QtQuick3D_designer["designer"]\n    node_venv_lib_python3_12_site-packages_PyQt6_Qt6_qml_QtQuick3D_designer --> node_venv_lib_python3_12_site-packages_PyQt6_Qt6_qml_QtQuick3D_designer_images["images"]\n    node_venv_lib_python3_12_site-packages_PyQt6_Qt6_qml_QtQuick3D_designer_images --> node_venv_lib_python3_12_site-packages_PyQt6_Qt6_qml_QtQuick3D_designer_images_lightspot16_png["lightspot16.png"]\n    Root --> node_venv["venv"]\n    node_venv --> node_venv_lib["lib"]\n    node_venv_lib --> node_venv_lib_python3_12["python3.12"]\n    node_venv_lib_python3_12 --> node_venv_lib_python3_12_site-packages["site-packages"]\n    node_venv_lib_python3_12_site-packages --> node_venv_lib_python3_12_site-packages_PyQt6["PyQt6"]\n    node_venv_lib_python3_12_site-packages_PyQt6 --> node_venv_lib_python3_12_site-packages_PyQt6_Qt6["Qt6"]\n    node_venv_lib_python3_12_site-packages_PyQt6_Qt6 --> node_venv_lib_python3_12_site-packages_PyQt6_Qt6_qml["qml"]\n    node_venv_lib_python3_12_site-packages_PyQt6_Qt6_qml --> node_venv_lib_python3_12_site-packages_PyQt6_Qt6_qml_QtQuick3D["QtQuick3D"]\n    node_venv_lib_python3_12_site-packages_PyQt6_Qt6_qml_QtQuick3D --> node_venv_lib_python3_12_site-packages_PyQt6_Qt6_qml_QtQuick3D_designer["designer"]\n    node_venv_lib_python3_12_site-packages_PyQt6_Qt6_qml_QtQuick3D_designer --> node_venv_lib_python3_12_site-packages_PyQt6_Qt6_qml_QtQuick3D_designer_images["images"]\n    node_venv_lib_python3_12_site-packages_PyQt6_Qt6_qml_QtQuick3D_designer_images --> node_venv_lib_python3_12_site-packages_PyQt6_Qt6_qml_QtQuick3D_designer_images_lightspot@2x_png["lightspot@2x.png"]\n    Root --> node_venv["venv"]\n    node_venv --> node_venv_lib["lib"]\n    node_venv_lib --> node_venv_lib_python3_12["python3.12"]\n    node_venv_lib_python3_12 --> node_venv_lib_python3_12_site-packages["site-packages"]\n    node_venv_lib_python3_12_site-packages --> node_venv_lib_python3_12_site-packages_PyQt6["PyQt6"]\n    node_venv_lib_python3_12_site-packages_PyQt6 --> node_venv_lib_python3_12_site-packages_PyQt6_Qt6["Qt6"]\n    node_venv_lib_python3_12_site-packages_PyQt6_Qt6 --> node_venv_lib_python3_12_site-packages_PyQt6_Qt6_qml["qml"]\n    node_venv_lib_python3_12_site-packages_PyQt6_Qt6_qml --> node_venv_lib_python3_12_site-packages_PyQt6_Qt6_qml_QtQuick3D["QtQuick3D"]\n    node_venv_lib_python3_12_site-packages_PyQt6_Qt6_qml_QtQuick3D --> node_venv_lib_python3_12_site-packages_PyQt6_Qt6_qml_QtQuick3D_designer["designer"]\n    node_venv_lib_python3_12_site-packages_PyQt6_Qt6_qml_QtQuick3D_designer --> node_venv_lib_python3_12_site-packages_PyQt6_Qt6_qml_QtQuick3D_designer_images["images"]\n    node_venv_lib_python3_12_site-packages_PyQt6_Qt6_qml_QtQuick3D_designer_images --> node_venv_lib_python3_12_site-packages_PyQt6_Qt6_qml_QtQuick3D_designer_images_loader3d_png["loader3d.png"]\n    Root --> node_venv["venv"]\n    node_venv --> node_venv_lib["lib"]\n    node_venv_lib --> node_venv_lib_python3_12["python3.12"]\n    node_venv_lib_python3_12 --> node_venv_lib_python3_12_site-packages["site-packages"]\n    node_venv_lib_python3_12_site-packages --> node_venv_lib_python3_12_site-packages_PyQt6["PyQt6"]\n    node_venv_lib_python3_12_site-packages_PyQt6 --> node_venv_lib_python3_12_site-packages_PyQt6_Qt6["Qt6"]\n    node_venv_lib_python3_12_site-packages_PyQt6_Qt6 --> node_venv_lib_python3_12_site-packages_PyQt6_Qt6_qml["qml"]\n    node_venv_lib_python3_12_site-packages_PyQt6_Qt6_qml --> node_venv_lib_python3_12_site-packages_PyQt6_Qt6_qml_QtQuick3D["QtQuick3D"]\n    node_venv_lib_python3_12_site-packages_PyQt6_Qt6_qml_QtQuick3D --> node_venv_lib_python3_12_site-packages_PyQt6_Qt6_qml_QtQuick3D_designer["designer"]\n    node_venv_lib_python3_12_site-packages_PyQt6_Qt6_qml_QtQuick3D_designer --> node_venv_lib_python3_12_site-packages_PyQt6_Qt6_qml_QtQuick3D_designer_images["images"]\n    node_venv_lib_python3_12_site-packages_PyQt6_Qt6_qml_QtQuick3D_designer_images --> node_venv_lib_python3_12_site-packages_PyQt6_Qt6_qml_QtQuick3D_designer_images_loader3d16_png["loader3d16.png"]\n    Root --> node_venv["venv"]\n    node_venv --> node_venv_lib["lib"]\n    node_venv_lib --> node_venv_lib_python3_12["python3.12"]\n    node_venv_lib_python3_12 --> node_venv_lib_python3_12_site-packages["site-packages"]\n    node_venv_lib_python3_12_site-packages --> node_venv_lib_python3_12_site-packages_PyQt6["PyQt6"]\n    node_venv_lib_python3_12_site-packages_PyQt6 --> node_venv_lib_python3_12_site-packages_PyQt6_Qt6["Qt6"]\n    node_venv_lib_python3_12_site-packages_PyQt6_Qt6 --> node_venv_lib_python3_12_site-packages_PyQt6_Qt6_qml["qml"]\n    node_venv_lib_python3_12_site-packages_PyQt6_Qt6_qml --> node_venv_lib_python3_12_site-packages_PyQt6_Qt6_qml_QtQuick3D["QtQuick3D"]\n    node_venv_lib_python3_12_site-packages_PyQt6_Qt6_qml_QtQuick3D --> node_venv_lib_python3_12_site-packages_PyQt6_Qt6_qml_QtQuick3D_designer["designer"]\n    node_venv_lib_python3_12_site-packages_PyQt6_Qt6_qml_QtQuick3D_designer --> node_venv_lib_python3_12_site-packages_PyQt6_Qt6_qml_QtQuick3D_designer_images["images"]\n    node_venv_lib_python3_12_site-packages_PyQt6_Qt6_qml_QtQuick3D_designer_images --> node_venv_lib_python3_12_site-packages_PyQt6_Qt6_qml_QtQuick3D_designer_images_loader3d@2x_png["loader3d@2x.png"]\n    Root --> node_venv["venv"]\n    node_venv --> node_venv_lib["lib"]\n    node_venv_lib --> node_venv_lib_python3_12["python3.12"]\n    node_venv_lib_python3_12 --> node_venv_lib_python3_12_site-packages["site-packages"]\n    node_venv_lib_python3_12_site-packages --> node_venv_lib_python3_12_site-packages_PyQt6["PyQt6"]\n    node_venv_lib_python3_12_site-packages_PyQt6 --> node_venv_lib_python3_12_site-packages_PyQt6_Qt6["Qt6"]\n    node_venv_lib_python3_12_site-packages_PyQt6_Qt6 --> node_venv_lib_python3_12_site-packages_PyQt6_Qt6_qml["qml"]\n    node_venv_lib_python3_12_site-packages_PyQt6_Qt6_qml --> node_venv_lib_python3_12_site-packages_PyQt6_Qt6_qml_QtQuick3D["QtQuick3D"]\n    node_venv_lib_python3_12_site-packages_PyQt6_Qt6_qml_QtQuick3D --> node_venv_lib_python3_12_site-packages_PyQt6_Qt6_qml_QtQuick3D_designer["designer"]\n    node_venv_lib_python3_12_site-packages_PyQt6_Qt6_qml_QtQuick3D_designer --> node_venv_lib_python3_12_site-packages_PyQt6_Qt6_qml_QtQuick3D_designer_images["images"]\n    node_venv_lib_python3_12_site-packages_PyQt6_Qt6_qml_QtQuick3D_designer_images --> node_venv_lib_python3_12_site-packages_PyQt6_Qt6_qml_QtQuick3D_designer_images_material_png["material.png"]\n    Root --> node_venv["venv"]\n    node_venv --> node_venv_lib["lib"]\n    node_venv_lib --> node_venv_lib_python3_12["python3.12"]\n    node_venv_lib_python3_12 --> node_venv_lib_python3_12_site-packages["site-packages"]\n    node_venv_lib_python3_12_site-packages --> node_venv_lib_python3_12_site-packages_PyQt6["PyQt6"]\n    node_venv_lib_python3_12_site-packages_PyQt6 --> node_venv_lib_python3_12_site-packages_PyQt6_Qt6["Qt6"]\n    node_venv_lib_python3_12_site-packages_PyQt6_Qt6 --> node_venv_lib_python3_12_site-packages_PyQt6_Qt6_qml["qml"]\n    node_venv_lib_python3_12_site-packages_PyQt6_Qt6_qml --> node_venv_lib_python3_12_site-packages_PyQt6_Qt6_qml_QtQuick3D["QtQuick3D"]\n    node_venv_lib_python3_12_site-packages_PyQt6_Qt6_qml_QtQuick3D --> node_venv_lib_python3_12_site-packages_PyQt6_Qt6_qml_QtQuick3D_designer["designer"]\n    node_venv_lib_python3_12_site-packages_PyQt6_Qt6_qml_QtQuick3D_designer --> node_venv_lib_python3_12_site-packages_PyQt6_Qt6_qml_QtQuick3D_designer_images["images"]\n    node_venv_lib_python3_12_site-packages_PyQt6_Qt6_qml_QtQuick3D_designer_images --> node_venv_lib_python3_12_site-packages_PyQt6_Qt6_qml_QtQuick3D_designer_images_material16_png["material16.png"]\n    Root --> node_venv["venv"]\n    node_venv --> node_venv_lib["lib"]\n    node_venv_lib --> node_venv_lib_python3_12["python3.12"]\n    node_venv_lib_python3_12 --> node_venv_lib_python3_12_site-packages["site-packages"]\n    node_venv_lib_python3_12_site-packages --> node_venv_lib_python3_12_site-packages_PyQt6["PyQt6"]\n    node_venv_lib_python3_12_site-packages_PyQt6 --> node_venv_lib_python3_12_site-packages_PyQt6_Qt6["Qt6"]\n    node_venv_lib_python3_12_site-packages_PyQt6_Qt6 --> node_venv_lib_python3_12_site-packages_PyQt6_Qt6_qml["qml"]\n    node_venv_lib_python3_12_site-packages_PyQt6_Qt6_qml --> node_venv_lib_python3_12_site-packages_PyQt6_Qt6_qml_QtQuick3D["QtQuick3D"]\n    node_venv_lib_python3_12_site-packages_PyQt6_Qt6_qml_QtQuick3D --> node_venv_lib_python3_12_site-packages_PyQt6_Qt6_qml_QtQuick3D_designer["designer"]\n    node_venv_lib_python3_12_site-packages_PyQt6_Qt6_qml_QtQuick3D_designer --> node_venv_lib_python3_12_site-packages_PyQt6_Qt6_qml_QtQuick3D_designer_images["images"]\n    node_venv_lib_python3_12_site-packages_PyQt6_Qt6_qml_QtQuick3D_designer_images --> node_venv_lib_python3_12_site-packages_PyQt6_Qt6_qml_QtQuick3D_designer_images_material@2x_png["material@2x.png"]\n    Root --> node_venv["venv"]\n    node_venv --> node_venv_lib["lib"]\n    node_venv_lib --> node_venv_lib_python3_12["python3.12"]\n    node_venv_lib_python3_12 --> node_venv_lib_python3_12_site-packages["site-packages"]\n    node_venv_lib_python3_12_site-packages --> node_venv_lib_python3_12_site-packages_PyQt6["PyQt6"]\n    node_venv_lib_python3_12_site-packages_PyQt6 --> node_venv_lib_python3_12_site-packages_PyQt6_Qt6["Qt6"]\n    node_venv_lib_python3_12_site-packages_PyQt6_Qt6 --> node_venv_lib_python3_12_site-packages_PyQt6_Qt6_qml["qml"]\n    node_venv_lib_python3_12_site-packages_PyQt6_Qt6_qml --> node_venv_lib_python3_12_site-packages_PyQt6_Qt6_qml_QtQuick3D["QtQuick3D"]\n    node_venv_lib_python3_12_site-packages_PyQt6_Qt6_qml_QtQuick3D --> node_venv_lib_python3_12_site-packages_PyQt6_Qt6_qml_QtQuick3D_designer["designer"]\n    node_venv_lib_python3_12_site-packages_PyQt6_Qt6_qml_QtQuick3D_designer --> node_venv_lib_python3_12_site-packages_PyQt6_Qt6_qml_QtQuick3D_designer_images["images"]\n    node_venv_lib_python3_12_site-packages_PyQt6_Qt6_qml_QtQuick3D_designer_images --> node_venv_lib_python3_12_site-packages_PyQt6_Qt6_qml_QtQuick3D_designer_images_model16_png["model16.png"]\n    Root --> node_venv["venv"]\n    node_venv --> node_venv_lib["lib"]\n    node_venv_lib --> node_venv_lib_python3_12["python3.12"]\n    node_venv_lib_python3_12 --> node_venv_lib_python3_12_site-packages["site-packages"]\n    node_venv_lib_python3_12_site-packages --> node_venv_lib_python3_12_site-packages_PyQt6["PyQt6"]\n    node_venv_lib_python3_12_site-packages_PyQt6 --> node_venv_lib_python3_12_site-packages_PyQt6_Qt6["Qt6"]\n    node_venv_lib_python3_12_site-packages_PyQt6_Qt6 --> node_venv_lib_python3_12_site-packages_PyQt6_Qt6_qml["qml"]\n    node_venv_lib_python3_12_site-packages_PyQt6_Qt6_qml --> node_venv_lib_python3_12_site-packages_PyQt6_Qt6_qml_QtQuick3D["QtQuick3D"]\n    node_venv_lib_python3_12_site-packages_PyQt6_Qt6_qml_QtQuick3D --> node_venv_lib_python3_12_site-packages_PyQt6_Qt6_qml_QtQuick3D_designer["designer"]\n    node_venv_lib_python3_12_site-packages_PyQt6_Qt6_qml_QtQuick3D_designer --> node_venv_lib_python3_12_site-packages_PyQt6_Qt6_qml_QtQuick3D_designer_images["images"]\n    node_venv_lib_python3_12_site-packages_PyQt6_Qt6_qml_QtQuick3D_designer_images --> node_venv_lib_python3_12_site-packages_PyQt6_Qt6_qml_QtQuick3D_designer_images_morphtarget_png["morphtarget.png"]\n    Root --> node_venv["venv"]\n    node_venv --> node_venv_lib["lib"]\n    node_venv_lib --> node_venv_lib_python3_12["python3.12"]\n    node_venv_lib_python3_12 --> node_venv_lib_python3_12_site-packages["site-packages"]\n    node_venv_lib_python3_12_site-packages --> node_venv_lib_python3_12_site-packages_PyQt6["PyQt6"]\n    node_venv_lib_python3_12_site-packages_PyQt6 --> node_venv_lib_python3_12_site-packages_PyQt6_Qt6["Qt6"]\n    node_venv_lib_python3_12_site-packages_PyQt6_Qt6 --> node_venv_lib_python3_12_site-packages_PyQt6_Qt6_qml["qml"]\n    node_venv_lib_python3_12_site-packages_PyQt6_Qt6_qml --> node_venv_lib_python3_12_site-packages_PyQt6_Qt6_qml_QtQuick3D["QtQuick3D"]\n    node_venv_lib_python3_12_site-packages_PyQt6_Qt6_qml_QtQuick3D --> node_venv_lib_python3_12_site-packages_PyQt6_Qt6_qml_QtQuick3D_designer["designer"]\n    node_venv_lib_python3_12_site-packages_PyQt6_Qt6_qml_QtQuick3D_designer --> node_venv_lib_python3_12_site-packages_PyQt6_Qt6_qml_QtQuick3D_designer_images["images"]\n    node_venv_lib_python3_12_site-packages_PyQt6_Qt6_qml_QtQuick3D_designer_images --> node_venv_lib_python3_12_site-packages_PyQt6_Qt6_qml_QtQuick3D_designer_images_morphtarget16_png["morphtarget16.png"]\n    Root --> node_venv["venv"]\n    node_venv --> node_venv_lib["lib"]\n    node_venv_lib --> node_venv_lib_python3_12["python3.12"]\n    node_venv_lib_python3_12 --> node_venv_lib_python3_12_site-packages["site-packages"]\n    node_venv_lib_python3_12_site-packages --> node_venv_lib_python3_12_site-packages_PyQt6["PyQt6"]\n    node_venv_lib_python3_12_site-packages_PyQt6 --> node_venv_lib_python3_12_site-packages_PyQt6_Qt6["Qt6"]\n    node_venv_lib_python3_12_site-packages_PyQt6_Qt6 --> node_venv_lib_python3_12_site-packages_PyQt6_Qt6_qml["qml"]\n    node_venv_lib_python3_12_site-packages_PyQt6_Qt6_qml --> node_venv_lib_python3_12_site-packages_PyQt6_Qt6_qml_QtQuick3D["QtQuick3D"]\n    node_venv_lib_python3_12_site-packages_PyQt6_Qt6_qml_QtQuick3D --> node_venv_lib_python3_12_site-packages_PyQt6_Qt6_qml_QtQuick3D_designer["designer"]\n    node_venv_lib_python3_12_site-packages_PyQt6_Qt6_qml_QtQuick3D_designer --> node_venv_lib_python3_12_site-packages_PyQt6_Qt6_qml_QtQuick3D_designer_images["images"]\n    node_venv_lib_python3_12_site-packages_PyQt6_Qt6_qml_QtQuick3D_designer_images --> node_venv_lib_python3_12_site-packages_PyQt6_Qt6_qml_QtQuick3D_designer_images_morphtarget@2x_png["morphtarget@2x.png"]\n    Root --> node_venv["venv"]\n    node_venv --> node_venv_lib["lib"]\n    node_venv_lib --> node_venv_lib_python3_12["python3.12"]\n    node_venv_lib_python3_12 --> node_venv_lib_python3_12_site-packages["site-packages"]\n    node_venv_lib_python3_12_site-packages --> node_venv_lib_python3_12_site-packages_PyQt6["PyQt6"]\n    node_venv_lib_python3_12_site-packages_PyQt6 --> node_venv_lib_python3_12_site-packages_PyQt6_Qt6["Qt6"]\n    node_venv_lib_python3_12_site-packages_PyQt6_Qt6 --> node_venv_lib_python3_12_site-packages_PyQt6_Qt6_qml["qml"]\n    node_venv_lib_python3_12_site-packages_PyQt6_Qt6_qml --> node_venv_lib_python3_12_site-packages_PyQt6_Qt6_qml_QtQuick3D["QtQuick3D"]\n    node_venv_lib_python3_12_site-packages_PyQt6_Qt6_qml_QtQuick3D --> node_venv_lib_python3_12_site-packages_PyQt6_Qt6_qml_QtQuick3D_designer["designer"]\n    node_venv_lib_python3_12_site-packages_PyQt6_Qt6_qml_QtQuick3D_designer --> node_venv_lib_python3_12_site-packages_PyQt6_Qt6_qml_QtQuick3D_designer_images["images"]\n    node_venv_lib_python3_12_site-packages_PyQt6_Qt6_qml_QtQuick3D_designer_images --> node_venv_lib_python3_12_site-packages_PyQt6_Qt6_qml_QtQuick3D_designer_images_plane_png["plane.png"]\n    Root --> node_venv["venv"]\n    node_venv --> node_venv_lib["lib"]\n    node_venv_lib --> node_venv_lib_python3_12["python3.12"]\n    node_venv_lib_python3_12 --> node_venv_lib_python3_12_site-packages["site-packages"]\n    node_venv_lib_python3_12_site-packages --> node_venv_lib_python3_12_site-packages_PyQt6["PyQt6"]\n    node_venv_lib_python3_12_site-packages_PyQt6 --> node_venv_lib_python3_12_site-packages_PyQt6_Qt6["Qt6"]\n    node_venv_lib_python3_12_site-packages_PyQt6_Qt6 --> node_venv_lib_python3_12_site-packages_PyQt6_Qt6_qml["qml"]\n    node_venv_lib_python3_12_site-packages_PyQt6_Qt6_qml --> node_venv_lib_python3_12_site-packages_PyQt6_Qt6_qml_QtQuick3D["QtQuick3D"]\n    node_venv_lib_python3_12_site-packages_PyQt6_Qt6_qml_QtQuick3D --> node_venv_lib_python3_12_site-packages_PyQt6_Qt6_qml_QtQuick3D_designer["designer"]\n    node_venv_lib_python3_12_site-packages_PyQt6_Qt6_qml_QtQuick3D_designer --> node_venv_lib_python3_12_site-packages_PyQt6_Qt6_qml_QtQuick3D_designer_images["images"]\n    node_venv_lib_python3_12_site-packages_PyQt6_Qt6_qml_QtQuick3D_designer_images --> node_venv_lib_python3_12_site-packages_PyQt6_Qt6_qml_QtQuick3D_designer_images_plane16_png["plane16.png"]\n    Root --> node_venv["venv"]\n    node_venv --> node_venv_lib["lib"]\n    node_venv_lib --> node_venv_lib_python3_12["python3.12"]\n    node_venv_lib_python3_12 --> node_venv_lib_python3_12_site-packages["site-packages"]\n    node_venv_lib_python3_12_site-packages --> node_venv_lib_python3_12_site-packages_PyQt6["PyQt6"]\n    node_venv_lib_python3_12_site-packages_PyQt6 --> node_venv_lib_python3_12_site-packages_PyQt6_Qt6["Qt6"]\n    node_venv_lib_python3_12_site-packages_PyQt6_Qt6 --> node_venv_lib_python3_12_site-packages_PyQt6_Qt6_qml["qml"]\n    node_venv_lib_python3_12_site-packages_PyQt6_Qt6_qml --> node_venv_lib_python3_12_site-packages_PyQt6_Qt6_qml_QtQuick3D["QtQuick3D"]\n    node_venv_lib_python3_12_site-packages_PyQt6_Qt6_qml_QtQuick3D --> node_venv_lib_python3_12_site-packages_PyQt6_Qt6_qml_QtQuick3D_designer["designer"]\n    node_venv_lib_python3_12_site-packages_PyQt6_Qt6_qml_QtQuick3D_designer --> node_venv_lib_python3_12_site-packages_PyQt6_Qt6_qml_QtQuick3D_designer_images["images"]\n    node_venv_lib_python3_12_site-packages_PyQt6_Qt6_qml_QtQuick3D_designer_images --> node_venv_lib_python3_12_site-packages_PyQt6_Qt6_qml_QtQuick3D_designer_images_plane@2x_png["plane@2x.png"]\n    Root --> node_venv["venv"]\n    node_venv --> node_venv_lib["lib"]\n    node_venv_lib --> node_venv_lib_python3_12["python3.12"]\n    node_venv_lib_python3_12 --> node_venv_lib_python3_12_site-packages["site-packages"]\n    node_venv_lib_python3_12_site-packages --> node_venv_lib_python3_12_site-packages_PyQt6["PyQt6"]\n    node_venv_lib_python3_12_site-packages_PyQt6 --> node_venv_lib_python3_12_site-packages_PyQt6_Qt6["Qt6"]\n    node_venv_lib_python3_12_site-packages_PyQt6_Qt6 --> node_venv_lib_python3_12_site-packages_PyQt6_Qt6_qml["qml"]\n    node_venv_lib_python3_12_site-packages_PyQt6_Qt6_qml --> node_venv_lib_python3_12_site-packages_PyQt6_Qt6_qml_QtQuick3D["QtQuick3D"]\n    node_venv_lib_python3_12_site-packages_PyQt6_Qt6_qml_QtQuick3D --> node_venv_lib_python3_12_site-packages_PyQt6_Qt6_qml_QtQuick3D_designer["designer"]\n    node_venv_lib_python3_12_site-packages_PyQt6_Qt6_qml_QtQuick3D_designer --> node_venv_lib_python3_12_site-packages_PyQt6_Qt6_qml_QtQuick3D_designer_images["images"]\n    node_venv_lib_python3_12_site-packages_PyQt6_Qt6_qml_QtQuick3D_designer_images --> node_venv_lib_python3_12_site-packages_PyQt6_Qt6_qml_QtQuick3D_designer_images_reflectionProbe_png["reflectionProbe.png"]\n    Root --> node_venv["venv"]\n    node_venv --> node_venv_lib["lib"]\n    node_venv_lib --> node_venv_lib_python3_12["python3.12"]\n    node_venv_lib_python3_12 --> node_venv_lib_python3_12_site-packages["site-packages"]\n    node_venv_lib_python3_12_site-packages --> node_venv_lib_python3_12_site-packages_PyQt6["PyQt6"]\n    node_venv_lib_python3_12_site-packages_PyQt6 --> node_venv_lib_python3_12_site-packages_PyQt6_Qt6["Qt6"]\n    node_venv_lib_python3_12_site-packages_PyQt6_Qt6 --> node_venv_lib_python3_12_site-packages_PyQt6_Qt6_qml["qml"]\n    node_venv_lib_python3_12_site-packages_PyQt6_Qt6_qml --> node_venv_lib_python3_12_site-packages_PyQt6_Qt6_qml_QtQuick3D["QtQuick3D"]\n    node_venv_lib_python3_12_site-packages_PyQt6_Qt6_qml_QtQuick3D --> node_venv_lib_python3_12_site-packages_PyQt6_Qt6_qml_QtQuick3D_designer["designer"]\n    node_venv_lib_python3_12_site-packages_PyQt6_Qt6_qml_QtQuick3D_designer --> node_venv_lib_python3_12_site-packages_PyQt6_Qt6_qml_QtQuick3D_designer_images["images"]\n    node_venv_lib_python3_12_site-packages_PyQt6_Qt6_qml_QtQuick3D_designer_images --> node_venv_lib_python3_12_site-packages_PyQt6_Qt6_qml_QtQuick3D_designer_images_reflectionProbe16_png["reflectionProbe16.png"]\n    Root --> node_venv["venv"]\n    node_venv --> node_venv_lib["lib"]\n    node_venv_lib --> node_venv_lib_python3_12["python3.12"]\n    node_venv_lib_python3_12 --> node_venv_lib_python3_12_site-packages["site-packages"]\n    node_venv_lib_python3_12_site-packages --> node_venv_lib_python3_12_site-packages_PyQt6["PyQt6"]\n    node_venv_lib_python3_12_site-packages_PyQt6 --> node_venv_lib_python3_12_site-packages_PyQt6_Qt6["Qt6"]\n    node_venv_lib_python3_12_site-packages_PyQt6_Qt6 --> node_venv_lib_python3_12_site-packages_PyQt6_Qt6_qml["qml"]\n    node_venv_lib_python3_12_site-packages_PyQt6_Qt6_qml --> node_venv_lib_python3_12_site-packages_PyQt6_Qt6_qml_QtQuick3D["QtQuick3D"]\n    node_venv_lib_python3_12_site-packages_PyQt6_Qt6_qml_QtQuick3D --> node_venv_lib_python3_12_site-packages_PyQt6_Qt6_qml_QtQuick3D_designer["designer"]\n    node_venv_lib_python3_12_site-packages_PyQt6_Qt6_qml_QtQuick3D_designer --> node_venv_lib_python3_12_site-packages_PyQt6_Qt6_qml_QtQuick3D_designer_images["images"]\n    node_venv_lib_python3_12_site-packages_PyQt6_Qt6_qml_QtQuick3D_designer_images --> node_venv_lib_python3_12_site-packages_PyQt6_Qt6_qml_QtQuick3D_designer_images_reflectionProbe@2x_png["reflectionProbe@2x.png"]\n    Root --> node_venv["venv"]\n    node_venv --> node_venv_lib["lib"]\n    node_venv_lib --> node_venv_lib_python3_12["python3.12"]\n    node_venv_lib_python3_12 --> node_venv_lib_python3_12_site-packages["site-packages"]\n    node_venv_lib_python3_12_site-packages --> node_venv_lib_python3_12_site-packages_PyQt6["PyQt6"]\n    node_venv_lib_python3_12_site-packages_PyQt6 --> node_venv_lib_python3_12_site-packages_PyQt6_Qt6["Qt6"]\n    node_venv_lib_python3_12_site-packages_PyQt6_Qt6 --> node_venv_lib_python3_12_site-packages_PyQt6_Qt6_qml["qml"]\n    node_venv_lib_python3_12_site-packages_PyQt6_Qt6_qml --> node_venv_lib_python3_12_site-packages_PyQt6_Qt6_qml_QtQuick3D["QtQuick3D"]\n    node_venv_lib_python3_12_site-packages_PyQt6_Qt6_qml_QtQuick3D --> node_venv_lib_python3_12_site-packages_PyQt6_Qt6_qml_QtQuick3D_designer["designer"]\n    node_venv_lib_python3_12_site-packages_PyQt6_Qt6_qml_QtQuick3D_designer --> node_venv_lib_python3_12_site-packages_PyQt6_Qt6_qml_QtQuick3D_designer_images["images"]\n    node_venv_lib_python3_12_site-packages_PyQt6_Qt6_qml_QtQuick3D_designer_images --> node_venv_lib_python3_12_site-packages_PyQt6_Qt6_qml_QtQuick3D_designer_images_repeater3d_png["repeater3d.png"]\n    Root --> node_venv["venv"]\n    node_venv --> node_venv_lib["lib"]\n    node_venv_lib --> node_venv_lib_python3_12["python3.12"]\n    node_venv_lib_python3_12 --> node_venv_lib_python3_12_site-packages["site-packages"]\n    node_venv_lib_python3_12_site-packages --> node_venv_lib_python3_12_site-packages_PyQt6["PyQt6"]\n    node_venv_lib_python3_12_site-packages_PyQt6 --> node_venv_lib_python3_12_site-packages_PyQt6_Qt6["Qt6"]\n    node_venv_lib_python3_12_site-packages_PyQt6_Qt6 --> node_venv_lib_python3_12_site-packages_PyQt6_Qt6_qml["qml"]\n    node_venv_lib_python3_12_site-packages_PyQt6_Qt6_qml --> node_venv_lib_python3_12_site-packages_PyQt6_Qt6_qml_QtQuick3D["QtQuick3D"]\n    node_venv_lib_python3_12_site-packages_PyQt6_Qt6_qml_QtQuick3D --> node_venv_lib_python3_12_site-packages_PyQt6_Qt6_qml_QtQuick3D_designer["designer"]\n    node_venv_lib_python3_12_site-packages_PyQt6_Qt6_qml_QtQuick3D_designer --> node_venv_lib_python3_12_site-packages_PyQt6_Qt6_qml_QtQuick3D_designer_images["images"]\n    node_venv_lib_python3_12_site-packages_PyQt6_Qt6_qml_QtQuick3D_designer_images --> node_venv_lib_python3_12_site-packages_PyQt6_Qt6_qml_QtQuick3D_designer_images_repeater3d16_png["repeater3d16.png"]\n    Root --> node_venv["venv"]\n    node_venv --> node_venv_lib["lib"]\n    node_venv_lib --> node_venv_lib_python3_12["python3.12"]\n    node_venv_lib_python3_12 --> node_venv_lib_python3_12_site-packages["site-packages"]\n    node_venv_lib_python3_12_site-packages --> node_venv_lib_python3_12_site-packages_PyQt6["PyQt6"]\n    node_venv_lib_python3_12_site-packages_PyQt6 --> node_venv_lib_python3_12_site-packages_PyQt6_Qt6["Qt6"]\n    node_venv_lib_python3_12_site-packages_PyQt6_Qt6 --> node_venv_lib_python3_12_site-packages_PyQt6_Qt6_qml["qml"]\n    node_venv_lib_python3_12_site-packages_PyQt6_Qt6_qml --> node_venv_lib_python3_12_site-packages_PyQt6_Qt6_qml_QtQuick3D["QtQuick3D"]\n    node_venv_lib_python3_12_site-packages_PyQt6_Qt6_qml_QtQuick3D --> node_venv_lib_python3_12_site-packages_PyQt6_Qt6_qml_QtQuick3D_designer["designer"]\n    node_venv_lib_python3_12_site-packages_PyQt6_Qt6_qml_QtQuick3D_designer --> node_venv_lib_python3_12_site-packages_PyQt6_Qt6_qml_QtQuick3D_designer_images["images"]\n    node_venv_lib_python3_12_site-packages_PyQt6_Qt6_qml_QtQuick3D_designer_images --> node_venv_lib_python3_12_site-packages_PyQt6_Qt6_qml_QtQuick3D_designer_images_repeater3d@2x_png["repeater3d@2x.png"]\n    Root --> node_venv["venv"]\n    node_venv --> node_venv_lib["lib"]\n    node_venv_lib --> node_venv_lib_python3_12["python3.12"]\n    node_venv_lib_python3_12 --> node_venv_lib_python3_12_site-packages["site-packages"]\n    node_venv_lib_python3_12_site-packages --> node_venv_lib_python3_12_site-packages_PyQt6["PyQt6"]\n    node_venv_lib_python3_12_site-packages_PyQt6 --> node_venv_lib_python3_12_site-packages_PyQt6_Qt6["Qt6"]\n    node_venv_lib_python3_12_site-packages_PyQt6_Qt6 --> node_venv_lib_python3_12_site-packages_PyQt6_Qt6_qml["qml"]\n    node_venv_lib_python3_12_site-packages_PyQt6_Qt6_qml --> node_venv_lib_python3_12_site-packages_PyQt6_Qt6_qml_QtQuick3D["QtQuick3D"]\n    node_venv_lib_python3_12_site-packages_PyQt6_Qt6_qml_QtQuick3D --> node_venv_lib_python3_12_site-packages_PyQt6_Qt6_qml_QtQuick3D_designer["designer"]\n    node_venv_lib_python3_12_site-packages_PyQt6_Qt6_qml_QtQuick3D_designer --> node_venv_lib_python3_12_site-packages_PyQt6_Qt6_qml_QtQuick3D_designer_images["images"]\n    node_venv_lib_python3_12_site-packages_PyQt6_Qt6_qml_QtQuick3D_designer_images --> node_venv_lib_python3_12_site-packages_PyQt6_Qt6_qml_QtQuick3D_designer_images_resourceloader_png["resourceloader.png"]\n    Root --> node_venv["venv"]\n    node_venv --> node_venv_lib["lib"]\n    node_venv_lib --> node_venv_lib_python3_12["python3.12"]\n    node_venv_lib_python3_12 --> node_venv_lib_python3_12_site-packages["site-packages"]\n    node_venv_lib_python3_12_site-packages --> node_venv_lib_python3_12_site-packages_PyQt6["PyQt6"]\n    node_venv_lib_python3_12_site-packages_PyQt6 --> node_venv_lib_python3_12_site-packages_PyQt6_Qt6["Qt6"]\n    node_venv_lib_python3_12_site-packages_PyQt6_Qt6 --> node_venv_lib_python3_12_site-packages_PyQt6_Qt6_qml["qml"]\n    node_venv_lib_python3_12_site-packages_PyQt6_Qt6_qml --> node_venv_lib_python3_12_site-packages_PyQt6_Qt6_qml_QtQuick3D["QtQuick3D"]\n    node_venv_lib_python3_12_site-packages_PyQt6_Qt6_qml_QtQuick3D --> node_venv_lib_python3_12_site-packages_PyQt6_Qt6_qml_QtQuick3D_designer["designer"]\n    node_venv_lib_python3_12_site-packages_PyQt6_Qt6_qml_QtQuick3D_designer --> node_venv_lib_python3_12_site-packages_PyQt6_Qt6_qml_QtQuick3D_designer_images["images"]\n    node_venv_lib_python3_12_site-packages_PyQt6_Qt6_qml_QtQuick3D_designer_images --> node_venv_lib_python3_12_site-packages_PyQt6_Qt6_qml_QtQuick3D_designer_images_resourceloader16_png["resourceloader16.png"]\n    Root --> node_venv["venv"]\n    node_venv --> node_venv_lib["lib"]\n    node_venv_lib --> node_venv_lib_python3_12["python3.12"]\n    node_venv_lib_python3_12 --> node_venv_lib_python3_12_site-packages["site-packages"]\n    node_venv_lib_python3_12_site-packages --> node_venv_lib_python3_12_site-packages_PyQt6["PyQt6"]\n    node_venv_lib_python3_12_site-packages_PyQt6 --> node_venv_lib_python3_12_site-packages_PyQt6_Qt6["Qt6"]\n    node_venv_lib_python3_12_site-packages_PyQt6_Qt6 --> node_venv_lib_python3_12_site-packages_PyQt6_Qt6_qml["qml"]\n    node_venv_lib_python3_12_site-packages_PyQt6_Qt6_qml --> node_venv_lib_python3_12_site-packages_PyQt6_Qt6_qml_QtQuick3D["QtQuick3D"]\n    node_venv_lib_python3_12_site-packages_PyQt6_Qt6_qml_QtQuick3D --> node_venv_lib_python3_12_site-packages_PyQt6_Qt6_qml_QtQuick3D_designer["designer"]\n    node_venv_lib_python3_12_site-packages_PyQt6_Qt6_qml_QtQuick3D_designer --> node_venv_lib_python3_12_site-packages_PyQt6_Qt6_qml_QtQuick3D_designer_images["images"]\n    node_venv_lib_python3_12_site-packages_PyQt6_Qt6_qml_QtQuick3D_designer_images --> node_venv_lib_python3_12_site-packages_PyQt6_Qt6_qml_QtQuick3D_designer_images_resourceloader@2x_png["resourceloader@2x.png"]\n    Root --> node_venv["venv"]\n    node_venv --> node_venv_lib["lib"]\n    node_venv_lib --> node_venv_lib_python3_12["python3.12"]\n    node_venv_lib_python3_12 --> node_venv_lib_python3_12_site-packages["site-packages"]\n    node_venv_lib_python3_12_site-packages --> node_venv_lib_python3_12_site-packages_PyQt6["PyQt6"]\n    node_venv_lib_python3_12_site-packages_PyQt6 --> node_venv_lib_python3_12_site-packages_PyQt6_Qt6["Qt6"]\n    node_venv_lib_python3_12_site-packages_PyQt6_Qt6 --> node_venv_lib_python3_12_site-packages_PyQt6_Qt6_qml["qml"]\n    node_venv_lib_python3_12_site-packages_PyQt6_Qt6_qml --> node_venv_lib_python3_12_site-packages_PyQt6_Qt6_qml_QtQuick3D["QtQuick3D"]\n    node_venv_lib_python3_12_site-packages_PyQt6_Qt6_qml_QtQuick3D --> node_venv_lib_python3_12_site-packages_PyQt6_Qt6_qml_QtQuick3D_designer["designer"]\n    node_venv_lib_python3_12_site-packages_PyQt6_Qt6_qml_QtQuick3D_designer --> node_venv_lib_python3_12_site-packages_PyQt6_Qt6_qml_QtQuick3D_designer_images["images"]\n    node_venv_lib_python3_12_site-packages_PyQt6_Qt6_qml_QtQuick3D_designer_images --> node_venv_lib_python3_12_site-packages_PyQt6_Qt6_qml_QtQuick3D_designer_images_scene_png["scene.png"]\n    Root --> node_venv["venv"]\n    node_venv --> node_venv_lib["lib"]\n    node_venv_lib --> node_venv_lib_python3_12["python3.12"]\n    node_venv_lib_python3_12 --> node_venv_lib_python3_12_site-packages["site-packages"]\n    node_venv_lib_python3_12_site-packages --> node_venv_lib_python3_12_site-packages_PyQt6["PyQt6"]\n    node_venv_lib_python3_12_site-packages_PyQt6 --> node_venv_lib_python3_12_site-packages_PyQt6_Qt6["Qt6"]\n    node_venv_lib_python3_12_site-packages_PyQt6_Qt6 --> node_venv_lib_python3_12_site-packages_PyQt6_Qt6_qml["qml"]\n    node_venv_lib_python3_12_site-packages_PyQt6_Qt6_qml --> node_venv_lib_python3_12_site-packages_PyQt6_Qt6_qml_QtQuick3D["QtQuick3D"]\n    node_venv_lib_python3_12_site-packages_PyQt6_Qt6_qml_QtQuick3D --> node_venv_lib_python3_12_site-packages_PyQt6_Qt6_qml_QtQuick3D_designer["designer"]\n    node_venv_lib_python3_12_site-packages_PyQt6_Qt6_qml_QtQuick3D_designer --> node_venv_lib_python3_12_site-packages_PyQt6_Qt6_qml_QtQuick3D_designer_images["images"]\n    node_venv_lib_python3_12_site-packages_PyQt6_Qt6_qml_QtQuick3D_designer_images --> node_venv_lib_python3_12_site-packages_PyQt6_Qt6_qml_QtQuick3D_designer_images_scene16_png["scene16.png"]\n    Root --> node_venv["venv"]\n    node_venv --> node_venv_lib["lib"]\n    node_venv_lib --> node_venv_lib_python3_12["python3.12"]\n    node_venv_lib_python3_12 --> node_venv_lib_python3_12_site-packages["site-packages"]\n    node_venv_lib_python3_12_site-packages --> node_venv_lib_python3_12_site-packages_PyQt6["PyQt6"]\n    node_venv_lib_python3_12_site-packages_PyQt6 --> node_venv_lib_python3_12_site-packages_PyQt6_Qt6["Qt6"]\n    node_venv_lib_python3_12_site-packages_PyQt6_Qt6 --> node_venv_lib_python3_12_site-packages_PyQt6_Qt6_qml["qml"]\n    node_venv_lib_python3_12_site-packages_PyQt6_Qt6_qml --> node_venv_lib_python3_12_site-packages_PyQt6_Qt6_qml_QtQuick3D["QtQuick3D"]\n    node_venv_lib_python3_12_site-packages_PyQt6_Qt6_qml_QtQuick3D --> node_venv_lib_python3_12_site-packages_PyQt6_Qt6_qml_QtQuick3D_designer["designer"]\n    node_venv_lib_python3_12_site-packages_PyQt6_Qt6_qml_QtQuick3D_designer --> node_venv_lib_python3_12_site-packages_PyQt6_Qt6_qml_QtQuick3D_designer_images["images"]\n    node_venv_lib_python3_12_site-packages_PyQt6_Qt6_qml_QtQuick3D_designer_images --> node_venv_lib_python3_12_site-packages_PyQt6_Qt6_qml_QtQuick3D_designer_images_scene@2x_png["scene@2x.png"]\n    Root --> node_venv["venv"]\n    node_venv --> node_venv_lib["lib"]\n    node_venv_lib --> node_venv_lib_python3_12["python3.12"]\n    node_venv_lib_python3_12 --> node_venv_lib_python3_12_site-packages["site-packages"]\n    node_venv_lib_python3_12_site-packages --> node_venv_lib_python3_12_site-packages_PyQt6["PyQt6"]\n    node_venv_lib_python3_12_site-packages_PyQt6 --> node_venv_lib_python3_12_site-packages_PyQt6_Qt6["Qt6"]\n    node_venv_lib_python3_12_site-packages_PyQt6_Qt6 --> node_venv_lib_python3_12_site-packages_PyQt6_Qt6_qml["qml"]\n    node_venv_lib_python3_12_site-packages_PyQt6_Qt6_qml --> node_venv_lib_python3_12_site-packages_PyQt6_Qt6_qml_QtQuick3D["QtQuick3D"]\n    node_venv_lib_python3_12_site-packages_PyQt6_Qt6_qml_QtQuick3D --> node_venv_lib_python3_12_site-packages_PyQt6_Qt6_qml_QtQuick3D_designer["designer"]\n    node_venv_lib_python3_12_site-packages_PyQt6_Qt6_qml_QtQuick3D_designer --> node_venv_lib_python3_12_site-packages_PyQt6_Qt6_qml_QtQuick3D_designer_images["images"]\n    node_venv_lib_python3_12_site-packages_PyQt6_Qt6_qml_QtQuick3D_designer_images --> node_venv_lib_python3_12_site-packages_PyQt6_Qt6_qml_QtQuick3D_designer_images_shadercommand_png["shadercommand.png"]\n    Root --> node_venv["venv"]\n    node_venv --> node_venv_lib["lib"]\n    node_venv_lib --> node_venv_lib_python3_12["python3.12"]\n    node_venv_lib_python3_12 --> node_venv_lib_python3_12_site-packages["site-packages"]\n    node_venv_lib_python3_12_site-packages --> node_venv_lib_python3_12_site-packages_PyQt6["PyQt6"]\n    node_venv_lib_python3_12_site-packages_PyQt6 --> node_venv_lib_python3_12_site-packages_PyQt6_Qt6["Qt6"]\n    node_venv_lib_python3_12_site-packages_PyQt6_Qt6 --> node_venv_lib_python3_12_site-packages_PyQt6_Qt6_qml["qml"]\n    node_venv_lib_python3_12_site-packages_PyQt6_Qt6_qml --> node_venv_lib_python3_12_site-packages_PyQt6_Qt6_qml_QtQuick3D["QtQuick3D"]\n    node_venv_lib_python3_12_site-packages_PyQt6_Qt6_qml_QtQuick3D --> node_venv_lib_python3_12_site-packages_PyQt6_Qt6_qml_QtQuick3D_designer["designer"]\n    node_venv_lib_python3_12_site-packages_PyQt6_Qt6_qml_QtQuick3D_designer --> node_venv_lib_python3_12_site-packages_PyQt6_Qt6_qml_QtQuick3D_designer_images["images"]\n    node_venv_lib_python3_12_site-packages_PyQt6_Qt6_qml_QtQuick3D_designer_images --> node_venv_lib_python3_12_site-packages_PyQt6_Qt6_qml_QtQuick3D_designer_images_shadercommand16_png["shadercommand16.png"]\n    Root --> node_venv["venv"]\n    node_venv --> node_venv_lib["lib"]\n    node_venv_lib --> node_venv_lib_python3_12["python3.12"]\n    node_venv_lib_python3_12 --> node_venv_lib_python3_12_site-packages["site-packages"]\n    node_venv_lib_python3_12_site-packages --> node_venv_lib_python3_12_site-packages_PyQt6["PyQt6"]\n    node_venv_lib_python3_12_site-packages_PyQt6 --> node_venv_lib_python3_12_site-packages_PyQt6_Qt6["Qt6"]\n    node_venv_lib_python3_12_site-packages_PyQt6_Qt6 --> node_venv_lib_python3_12_site-packages_PyQt6_Qt6_qml["qml"]\n    node_venv_lib_python3_12_site-packages_PyQt6_Qt6_qml --> node_venv_lib_python3_12_site-packages_PyQt6_Qt6_qml_QtQuick3D["QtQuick3D"]\n    node_venv_lib_python3_12_site-packages_PyQt6_Qt6_qml_QtQuick3D --> node_venv_lib_python3_12_site-packages_PyQt6_Qt6_qml_QtQuick3D_designer["designer"]\n    node_venv_lib_python3_12_site-packages_PyQt6_Qt6_qml_QtQuick3D_designer --> node_venv_lib_python3_12_site-packages_PyQt6_Qt6_qml_QtQuick3D_designer_images["images"]\n    node_venv_lib_python3_12_site-packages_PyQt6_Qt6_qml_QtQuick3D_designer_images --> node_venv_lib_python3_12_site-packages_PyQt6_Qt6_qml_QtQuick3D_designer_images_shadercommand@2x_png["shadercommand@2x.png"]\n    Root --> node_venv["venv"]\n    node_venv --> node_venv_lib["lib"]\n    node_venv_lib --> node_venv_lib_python3_12["python3.12"]\n    node_venv_lib_python3_12 --> node_venv_lib_python3_12_site-packages["site-packages"]\n    node_venv_lib_python3_12_site-packages --> node_venv_lib_python3_12_site-packages_PyQt6["PyQt6"]\n    node_venv_lib_python3_12_site-packages_PyQt6 --> node_venv_lib_python3_12_site-packages_PyQt6_Qt6["Qt6"]\n    node_venv_lib_python3_12_site-packages_PyQt6_Qt6 --> node_venv_lib_python3_12_site-packages_PyQt6_Qt6_qml["qml"]\n    node_venv_lib_python3_12_site-packages_PyQt6_Qt6_qml --> node_venv_lib_python3_12_site-packages_PyQt6_Qt6_qml_QtQuick3D["QtQuick3D"]\n    node_venv_lib_python3_12_site-packages_PyQt6_Qt6_qml_QtQuick3D --> node_venv_lib_python3_12_site-packages_PyQt6_Qt6_qml_QtQuick3D_designer["designer"]\n    node_venv_lib_python3_12_site-packages_PyQt6_Qt6_qml_QtQuick3D_designer --> node_venv_lib_python3_12_site-packages_PyQt6_Qt6_qml_QtQuick3D_designer_images["images"]\n    node_venv_lib_python3_12_site-packages_PyQt6_Qt6_qml_QtQuick3D_designer_images --> node_venv_lib_python3_12_site-packages_PyQt6_Qt6_qml_QtQuick3D_designer_images_shaderutil_png["shaderutil.png"]\n    Root --> node_venv["venv"]\n    node_venv --> node_venv_lib["lib"]\n    node_venv_lib --> node_venv_lib_python3_12["python3.12"]\n    node_venv_lib_python3_12 --> node_venv_lib_python3_12_site-packages["site-packages"]\n    node_venv_lib_python3_12_site-packages --> node_venv_lib_python3_12_site-packages_PyQt6["PyQt6"]\n    node_venv_lib_python3_12_site-packages_PyQt6 --> node_venv_lib_python3_12_site-packages_PyQt6_Qt6["Qt6"]\n    node_venv_lib_python3_12_site-packages_PyQt6_Qt6 --> node_venv_lib_python3_12_site-packages_PyQt6_Qt6_qml["qml"]\n    node_venv_lib_python3_12_site-packages_PyQt6_Qt6_qml --> node_venv_lib_python3_12_site-packages_PyQt6_Qt6_qml_QtQuick3D["QtQuick3D"]\n    node_venv_lib_python3_12_site-packages_PyQt6_Qt6_qml_QtQuick3D --> node_venv_lib_python3_12_site-packages_PyQt6_Qt6_qml_QtQuick3D_designer["designer"]\n    node_venv_lib_python3_12_site-packages_PyQt6_Qt6_qml_QtQuick3D_designer --> node_venv_lib_python3_12_site-packages_PyQt6_Qt6_qml_QtQuick3D_designer_images["images"]\n    node_venv_lib_python3_12_site-packages_PyQt6_Qt6_qml_QtQuick3D_designer_images --> node_venv_lib_python3_12_site-packages_PyQt6_Qt6_qml_QtQuick3D_designer_images_shaderutil16_png["shaderutil16.png"]\n    Root --> node_venv["venv"]\n    node_venv --> node_venv_lib["lib"]\n    node_venv_lib --> node_venv_lib_python3_12["python3.12"]\n    node_venv_lib_python3_12 --> node_venv_lib_python3_12_site-packages["site-packages"]\n    node_venv_lib_python3_12_site-packages --> node_venv_lib_python3_12_site-packages_PyQt6["PyQt6"]\n    node_venv_lib_python3_12_site-packages_PyQt6 --> node_venv_lib_python3_12_site-packages_PyQt6_Qt6["Qt6"]\n    node_venv_lib_python3_12_site-packages_PyQt6_Qt6 --> node_venv_lib_python3_12_site-packages_PyQt6_Qt6_qml["qml"]\n    node_venv_lib_python3_12_site-packages_PyQt6_Qt6_qml --> node_venv_lib_python3_12_site-packages_PyQt6_Qt6_qml_QtQuick3D["QtQuick3D"]\n    node_venv_lib_python3_12_site-packages_PyQt6_Qt6_qml_QtQuick3D --> node_venv_lib_python3_12_site-packages_PyQt6_Qt6_qml_QtQuick3D_designer["designer"]\n    node_venv_lib_python3_12_site-packages_PyQt6_Qt6_qml_QtQuick3D_designer --> node_venv_lib_python3_12_site-packages_PyQt6_Qt6_qml_QtQuick3D_designer_images["images"]\n    node_venv_lib_python3_12_site-packages_PyQt6_Qt6_qml_QtQuick3D_designer_images --> node_venv_lib_python3_12_site-packages_PyQt6_Qt6_qml_QtQuick3D_designer_images_shaderutil@2x_png["shaderutil@2x.png"]\n    Root --> node_venv["venv"]\n    node_venv --> node_venv_lib["lib"]\n    node_venv_lib --> node_venv_lib_python3_12["python3.12"]\n    node_venv_lib_python3_12 --> node_venv_lib_python3_12_site-packages["site-packages"]\n    node_venv_lib_python3_12_site-packages --> node_venv_lib_python3_12_site-packages_PyQt6["PyQt6"]\n    node_venv_lib_python3_12_site-packages_PyQt6 --> node_venv_lib_python3_12_site-packages_PyQt6_Qt6["Qt6"]\n    node_venv_lib_python3_12_site-packages_PyQt6_Qt6 --> node_venv_lib_python3_12_site-packages_PyQt6_Qt6_qml["qml"]\n    node_venv_lib_python3_12_site-packages_PyQt6_Qt6_qml --> node_venv_lib_python3_12_site-packages_PyQt6_Qt6_qml_QtQuick3D["QtQuick3D"]\n    node_venv_lib_python3_12_site-packages_PyQt6_Qt6_qml_QtQuick3D --> node_venv_lib_python3_12_site-packages_PyQt6_Qt6_qml_QtQuick3D_designer["designer"]\n    node_venv_lib_python3_12_site-packages_PyQt6_Qt6_qml_QtQuick3D_designer --> node_venv_lib_python3_12_site-packages_PyQt6_Qt6_qml_QtQuick3D_designer_images["images"]\n    node_venv_lib_python3_12_site-packages_PyQt6_Qt6_qml_QtQuick3D_designer_images --> node_venv_lib_python3_12_site-packages_PyQt6_Qt6_qml_QtQuick3D_designer_images_skeleton_png["skeleton.png"]\n    Root --> node_venv["venv"]\n    node_venv --> node_venv_lib["lib"]\n    node_venv_lib --> node_venv_lib_python3_12["python3.12"]\n    node_venv_lib_python3_12 --> node_venv_lib_python3_12_site-packages["site-packages"]\n    node_venv_lib_python3_12_site-packages --> node_venv_lib_python3_12_site-packages_PyQt6["PyQt6"]\n    node_venv_lib_python3_12_site-packages_PyQt6 --> node_venv_lib_python3_12_site-packages_PyQt6_Qt6["Qt6"]\n    node_venv_lib_python3_12_site-packages_PyQt6_Qt6 --> node_venv_lib_python3_12_site-packages_PyQt6_Qt6_qml["qml"]\n    node_venv_lib_python3_12_site-packages_PyQt6_Qt6_qml --> node_venv_lib_python3_12_site-packages_PyQt6_Qt6_qml_QtQuick3D["QtQuick3D"]\n    node_venv_lib_python3_12_site-packages_PyQt6_Qt6_qml_QtQuick3D --> node_venv_lib_python3_12_site-packages_PyQt6_Qt6_qml_QtQuick3D_designer["designer"]\n    node_venv_lib_python3_12_site-packages_PyQt6_Qt6_qml_QtQuick3D_designer --> node_venv_lib_python3_12_site-packages_PyQt6_Qt6_qml_QtQuick3D_designer_images["images"]\n    node_venv_lib_python3_12_site-packages_PyQt6_Qt6_qml_QtQuick3D_designer_images --> node_venv_lib_python3_12_site-packages_PyQt6_Qt6_qml_QtQuick3D_designer_images_skeleton16_png["skeleton16.png"]\n    Root --> node_venv["venv"]\n    node_venv --> node_venv_lib["lib"]\n    node_venv_lib --> node_venv_lib_python3_12["python3.12"]\n    node_venv_lib_python3_12 --> node_venv_lib_python3_12_site-packages["site-packages"]\n    node_venv_lib_python3_12_site-packages --> node_venv_lib_python3_12_site-packages_PyQt6["PyQt6"]\n    node_venv_lib_python3_12_site-packages_PyQt6 --> node_venv_lib_python3_12_site-packages_PyQt6_Qt6["Qt6"]\n    node_venv_lib_python3_12_site-packages_PyQt6_Qt6 --> node_venv_lib_python3_12_site-packages_PyQt6_Qt6_qml["qml"]\n    node_venv_lib_python3_12_site-packages_PyQt6_Qt6_qml --> node_venv_lib_python3_12_site-packages_PyQt6_Qt6_qml_QtQuick3D["QtQuick3D"]\n    node_venv_lib_python3_12_site-packages_PyQt6_Qt6_qml_QtQuick3D --> node_venv_lib_python3_12_site-packages_PyQt6_Qt6_qml_QtQuick3D_designer["designer"]\n    node_venv_lib_python3_12_site-packages_PyQt6_Qt6_qml_QtQuick3D_designer --> node_venv_lib_python3_12_site-packages_PyQt6_Qt6_qml_QtQuick3D_designer_images["images"]\n    node_venv_lib_python3_12_site-packages_PyQt6_Qt6_qml_QtQuick3D_designer_images --> node_venv_lib_python3_12_site-packages_PyQt6_Qt6_qml_QtQuick3D_designer_images_skeleton@2x_png["skeleton@2x.png"]\n    Root --> node_venv["venv"]\n    node_venv --> node_venv_lib["lib"]\n    node_venv_lib --> node_venv_lib_python3_12["python3.12"]\n    node_venv_lib_python3_12 --> node_venv_lib_python3_12_site-packages["site-packages"]\n    node_venv_lib_python3_12_site-packages --> node_venv_lib_python3_12_site-packages_PyQt6["PyQt6"]\n    node_venv_lib_python3_12_site-packages_PyQt6 --> node_venv_lib_python3_12_site-packages_PyQt6_Qt6["Qt6"]\n    node_venv_lib_python3_12_site-packages_PyQt6_Qt6 --> node_venv_lib_python3_12_site-packages_PyQt6_Qt6_qml["qml"]\n    node_venv_lib_python3_12_site-packages_PyQt6_Qt6_qml --> node_venv_lib_python3_12_site-packages_PyQt6_Qt6_qml_QtQuick3D["QtQuick3D"]\n    node_venv_lib_python3_12_site-packages_PyQt6_Qt6_qml_QtQuick3D --> node_venv_lib_python3_12_site-packages_PyQt6_Qt6_qml_QtQuick3D_designer["designer"]\n    node_venv_lib_python3_12_site-packages_PyQt6_Qt6_qml_QtQuick3D_designer --> node_venv_lib_python3_12_site-packages_PyQt6_Qt6_qml_QtQuick3D_designer_images["images"]\n    node_venv_lib_python3_12_site-packages_PyQt6_Qt6_qml_QtQuick3D_designer_images --> node_venv_lib_python3_12_site-packages_PyQt6_Qt6_qml_QtQuick3D_designer_images_skin_png["skin.png"]\n    Root --> node_venv["venv"]\n    node_venv --> node_venv_lib["lib"]\n    node_venv_lib --> node_venv_lib_python3_12["python3.12"]\n    node_venv_lib_python3_12 --> node_venv_lib_python3_12_site-packages["site-packages"]\n    node_venv_lib_python3_12_site-packages --> node_venv_lib_python3_12_site-packages_PyQt6["PyQt6"]\n    node_venv_lib_python3_12_site-packages_PyQt6 --> node_venv_lib_python3_12_site-packages_PyQt6_Qt6["Qt6"]\n    node_venv_lib_python3_12_site-packages_PyQt6_Qt6 --> node_venv_lib_python3_12_site-packages_PyQt6_Qt6_qml["qml"]\n    node_venv_lib_python3_12_site-packages_PyQt6_Qt6_qml --> node_venv_lib_python3_12_site-packages_PyQt6_Qt6_qml_QtQuick3D["QtQuick3D"]\n    node_venv_lib_python3_12_site-packages_PyQt6_Qt6_qml_QtQuick3D --> node_venv_lib_python3_12_site-packages_PyQt6_Qt6_qml_QtQuick3D_designer["designer"]\n    node_venv_lib_python3_12_site-packages_PyQt6_Qt6_qml_QtQuick3D_designer --> node_venv_lib_python3_12_site-packages_PyQt6_Qt6_qml_QtQuick3D_designer_images["images"]\n    node_venv_lib_python3_12_site-packages_PyQt6_Qt6_qml_QtQuick3D_designer_images --> node_venv_lib_python3_12_site-packages_PyQt6_Qt6_qml_QtQuick3D_designer_images_skin16_png["skin16.png"]\n    Root --> node_venv["venv"]\n    node_venv --> node_venv_lib["lib"]\n    node_venv_lib --> node_venv_lib_python3_12["python3.12"]\n    node_venv_lib_python3_12 --> node_venv_lib_python3_12_site-packages["site-packages"]\n    node_venv_lib_python3_12_site-packages --> node_venv_lib_python3_12_site-packages_PyQt6["PyQt6"]\n    node_venv_lib_python3_12_site-packages_PyQt6 --> node_venv_lib_python3_12_site-packages_PyQt6_Qt6["Qt6"]\n    node_venv_lib_python3_12_site-packages_PyQt6_Qt6 --> node_venv_lib_python3_12_site-packages_PyQt6_Qt6_qml["qml"]\n    node_venv_lib_python3_12_site-packages_PyQt6_Qt6_qml --> node_venv_lib_python3_12_site-packages_PyQt6_Qt6_qml_QtQuick3D["QtQuick3D"]\n    node_venv_lib_python3_12_site-packages_PyQt6_Qt6_qml_QtQuick3D --> node_venv_lib_python3_12_site-packages_PyQt6_Qt6_qml_QtQuick3D_designer["designer"]\n    node_venv_lib_python3_12_site-packages_PyQt6_Qt6_qml_QtQuick3D_designer --> node_venv_lib_python3_12_site-packages_PyQt6_Qt6_qml_QtQuick3D_designer_images["images"]\n    node_venv_lib_python3_12_site-packages_PyQt6_Qt6_qml_QtQuick3D_designer_images --> node_venv_lib_python3_12_site-packages_PyQt6_Qt6_qml_QtQuick3D_designer_images_skin@2x_png["skin@2x.png"]\n    Root --> node_venv["venv"]\n    node_venv --> node_venv_lib["lib"]\n    node_venv_lib --> node_venv_lib_python3_12["python3.12"]\n    node_venv_lib_python3_12 --> node_venv_lib_python3_12_site-packages["site-packages"]\n    node_venv_lib_python3_12_site-packages --> node_venv_lib_python3_12_site-packages_PyQt6["PyQt6"]\n    node_venv_lib_python3_12_site-packages_PyQt6 --> node_venv_lib_python3_12_site-packages_PyQt6_Qt6["Qt6"]\n    node_venv_lib_python3_12_site-packages_PyQt6_Qt6 --> node_venv_lib_python3_12_site-packages_PyQt6_Qt6_qml["qml"]\n    node_venv_lib_python3_12_site-packages_PyQt6_Qt6_qml --> node_venv_lib_python3_12_site-packages_PyQt6_Qt6_qml_QtQuick3D["QtQuick3D"]\n    node_venv_lib_python3_12_site-packages_PyQt6_Qt6_qml_QtQuick3D --> node_venv_lib_python3_12_site-packages_PyQt6_Qt6_qml_QtQuick3D_designer["designer"]\n    node_venv_lib_python3_12_site-packages_PyQt6_Qt6_qml_QtQuick3D_designer --> node_venv_lib_python3_12_site-packages_PyQt6_Qt6_qml_QtQuick3D_designer_images["images"]\n    node_venv_lib_python3_12_site-packages_PyQt6_Qt6_qml_QtQuick3D_designer_images --> node_venv_lib_python3_12_site-packages_PyQt6_Qt6_qml_QtQuick3D_designer_images_sphere_png["sphere.png"]\n    Root --> node_venv["venv"]\n    node_venv --> node_venv_lib["lib"]\n    node_venv_lib --> node_venv_lib_python3_12["python3.12"]\n    node_venv_lib_python3_12 --> node_venv_lib_python3_12_site-packages["site-packages"]\n    node_venv_lib_python3_12_site-packages --> node_venv_lib_python3_12_site-packages_PyQt6["PyQt6"]\n    node_venv_lib_python3_12_site-packages_PyQt6 --> node_venv_lib_python3_12_site-packages_PyQt6_Qt6["Qt6"]\n    node_venv_lib_python3_12_site-packages_PyQt6_Qt6 --> node_venv_lib_python3_12_site-packages_PyQt6_Qt6_qml["qml"]\n    node_venv_lib_python3_12_site-packages_PyQt6_Qt6_qml --> node_venv_lib_python3_12_site-packages_PyQt6_Qt6_qml_QtQuick3D["QtQuick3D"]\n    node_venv_lib_python3_12_site-packages_PyQt6_Qt6_qml_QtQuick3D --> node_venv_lib_python3_12_site-packages_PyQt6_Qt6_qml_QtQuick3D_designer["designer"]\n    node_venv_lib_python3_12_site-packages_PyQt6_Qt6_qml_QtQuick3D_designer --> node_venv_lib_python3_12_site-packages_PyQt6_Qt6_qml_QtQuick3D_designer_images["images"]\n    node_venv_lib_python3_12_site-packages_PyQt6_Qt6_qml_QtQuick3D_designer_images --> node_venv_lib_python3_12_site-packages_PyQt6_Qt6_qml_QtQuick3D_designer_images_sphere16_png["sphere16.png"]\n    Root --> node_venv["venv"]\n    node_venv --> node_venv_lib["lib"]\n    node_venv_lib --> node_venv_lib_python3_12["python3.12"]\n    node_venv_lib_python3_12 --> node_venv_lib_python3_12_site-packages["site-packages"]\n    node_venv_lib_python3_12_site-packages --> node_venv_lib_python3_12_site-packages_PyQt6["PyQt6"]\n    node_venv_lib_python3_12_site-packages_PyQt6 --> node_venv_lib_python3_12_site-packages_PyQt6_Qt6["Qt6"]\n    node_venv_lib_python3_12_site-packages_PyQt6_Qt6 --> node_venv_lib_python3_12_site-packages_PyQt6_Qt6_qml["qml"]\n    node_venv_lib_python3_12_site-packages_PyQt6_Qt6_qml --> node_venv_lib_python3_12_site-packages_PyQt6_Qt6_qml_QtQuick3D["QtQuick3D"]\n    node_venv_lib_python3_12_site-packages_PyQt6_Qt6_qml_QtQuick3D --> node_venv_lib_python3_12_site-packages_PyQt6_Qt6_qml_QtQuick3D_designer["designer"]\n    node_venv_lib_python3_12_site-packages_PyQt6_Qt6_qml_QtQuick3D_designer --> node_venv_lib_python3_12_site-packages_PyQt6_Qt6_qml_QtQuick3D_designer_images["images"]\n    node_venv_lib_python3_12_site-packages_PyQt6_Qt6_qml_QtQuick3D_designer_images --> node_venv_lib_python3_12_site-packages_PyQt6_Qt6_qml_QtQuick3D_designer_images_sphere@2x_png["sphere@2x.png"]\n    Root --> node_venv["venv"]\n    node_venv --> node_venv_lib["lib"]\n    node_venv_lib --> node_venv_lib_python3_12["python3.12"]\n    node_venv_lib_python3_12 --> node_venv_lib_python3_12_site-packages["site-packages"]\n    node_venv_lib_python3_12_site-packages --> node_venv_lib_python3_12_site-packages_PyQt6["PyQt6"]\n    node_venv_lib_python3_12_site-packages_PyQt6 --> node_venv_lib_python3_12_site-packages_PyQt6_Qt6["Qt6"]\n    node_venv_lib_python3_12_site-packages_PyQt6_Qt6 --> node_venv_lib_python3_12_site-packages_PyQt6_Qt6_qml["qml"]\n    node_venv_lib_python3_12_site-packages_PyQt6_Qt6_qml --> node_venv_lib_python3_12_site-packages_PyQt6_Qt6_qml_QtQuick3D["QtQuick3D"]\n    node_venv_lib_python3_12_site-packages_PyQt6_Qt6_qml_QtQuick3D --> node_venv_lib_python3_12_site-packages_PyQt6_Qt6_qml_QtQuick3D_designer["designer"]\n    node_venv_lib_python3_12_site-packages_PyQt6_Qt6_qml_QtQuick3D_designer --> node_venv_lib_python3_12_site-packages_PyQt6_Qt6_qml_QtQuick3D_designer_images["images"]\n    node_venv_lib_python3_12_site-packages_PyQt6_Qt6_qml_QtQuick3D_designer_images --> node_venv_lib_python3_12_site-packages_PyQt6_Qt6_qml_QtQuick3D_designer_images_texture_png["texture.png"]\n    Root --> node_venv["venv"]\n    node_venv --> node_venv_lib["lib"]\n    node_venv_lib --> node_venv_lib_python3_12["python3.12"]\n    node_venv_lib_python3_12 --> node_venv_lib_python3_12_site-packages["site-packages"]\n    node_venv_lib_python3_12_site-packages --> node_venv_lib_python3_12_site-packages_PyQt6["PyQt6"]\n    node_venv_lib_python3_12_site-packages_PyQt6 --> node_venv_lib_python3_12_site-packages_PyQt6_Qt6["Qt6"]\n    node_venv_lib_python3_12_site-packages_PyQt6_Qt6 --> node_venv_lib_python3_12_site-packages_PyQt6_Qt6_qml["qml"]\n    node_venv_lib_python3_12_site-packages_PyQt6_Qt6_qml --> node_venv_lib_python3_12_site-packages_PyQt6_Qt6_qml_QtQuick3D["QtQuick3D"]\n    node_venv_lib_python3_12_site-packages_PyQt6_Qt6_qml_QtQuick3D --> node_venv_lib_python3_12_site-packages_PyQt6_Qt6_qml_QtQuick3D_designer["designer"]\n    node_venv_lib_python3_12_site-packages_PyQt6_Qt6_qml_QtQuick3D_designer --> node_venv_lib_python3_12_site-packages_PyQt6_Qt6_qml_QtQuick3D_designer_images["images"]\n    node_venv_lib_python3_12_site-packages_PyQt6_Qt6_qml_QtQuick3D_designer_images --> node_venv_lib_python3_12_site-packages_PyQt6_Qt6_qml_QtQuick3D_designer_images_texture16_png["texture16.png"]\n    Root --> node_venv["venv"]\n    node_venv --> node_venv_lib["lib"]\n    node_venv_lib --> node_venv_lib_python3_12["python3.12"]\n    node_venv_lib_python3_12 --> node_venv_lib_python3_12_site-packages["site-packages"]\n    node_venv_lib_python3_12_site-packages --> node_venv_lib_python3_12_site-packages_PyQt6["PyQt6"]\n    node_venv_lib_python3_12_site-packages_PyQt6 --> node_venv_lib_python3_12_site-packages_PyQt6_Qt6["Qt6"]\n    node_venv_lib_python3_12_site-packages_PyQt6_Qt6 --> node_venv_lib_python3_12_site-packages_PyQt6_Qt6_qml["qml"]\n    node_venv_lib_python3_12_site-packages_PyQt6_Qt6_qml --> node_venv_lib_python3_12_site-packages_PyQt6_Qt6_qml_QtQuick3D["QtQuick3D"]\n    node_venv_lib_python3_12_site-packages_PyQt6_Qt6_qml_QtQuick3D --> node_venv_lib_python3_12_site-packages_PyQt6_Qt6_qml_QtQuick3D_designer["designer"]\n    node_venv_lib_python3_12_site-packages_PyQt6_Qt6_qml_QtQuick3D_designer --> node_venv_lib_python3_12_site-packages_PyQt6_Qt6_qml_QtQuick3D_designer_images["images"]\n    node_venv_lib_python3_12_site-packages_PyQt6_Qt6_qml_QtQuick3D_designer_images --> node_venv_lib_python3_12_site-packages_PyQt6_Qt6_qml_QtQuick3D_designer_images_texture@2x_png["texture@2x.png"]\n    Root --> node_venv["venv"]\n    node_venv --> node_venv_lib["lib"]\n    node_venv_lib --> node_venv_lib_python3_12["python3.12"]\n    node_venv_lib_python3_12 --> node_venv_lib_python3_12_site-packages["site-packages"]\n    node_venv_lib_python3_12_site-packages --> node_venv_lib_python3_12_site-packages_PyQt6["PyQt6"]\n    node_venv_lib_python3_12_site-packages_PyQt6 --> node_venv_lib_python3_12_site-packages_PyQt6_Qt6["Qt6"]\n    node_venv_lib_python3_12_site-packages_PyQt6_Qt6 --> node_venv_lib_python3_12_site-packages_PyQt6_Qt6_qml["qml"]\n    node_venv_lib_python3_12_site-packages_PyQt6_Qt6_qml --> node_venv_lib_python3_12_site-packages_PyQt6_Qt6_qml_QtQuick3D["QtQuick3D"]\n    node_venv_lib_python3_12_site-packages_PyQt6_Qt6_qml_QtQuick3D --> node_venv_lib_python3_12_site-packages_PyQt6_Qt6_qml_QtQuick3D_designer["designer"]\n    node_venv_lib_python3_12_site-packages_PyQt6_Qt6_qml_QtQuick3D_designer --> node_venv_lib_python3_12_site-packages_PyQt6_Qt6_qml_QtQuick3D_designer_images["images"]\n    node_venv_lib_python3_12_site-packages_PyQt6_Qt6_qml_QtQuick3D_designer_images --> node_venv_lib_python3_12_site-packages_PyQt6_Qt6_qml_QtQuick3D_designer_images_view3D_png["view3D.png"]\n    Root --> node_venv["venv"]\n    node_venv --> node_venv_lib["lib"]\n    node_venv_lib --> node_venv_lib_python3_12["python3.12"]\n    node_venv_lib_python3_12 --> node_venv_lib_python3_12_site-packages["site-packages"]\n    node_venv_lib_python3_12_site-packages --> node_venv_lib_python3_12_site-packages_PyQt6["PyQt6"]\n    node_venv_lib_python3_12_site-packages_PyQt6 --> node_venv_lib_python3_12_site-packages_PyQt6_Qt6["Qt6"]\n    node_venv_lib_python3_12_site-packages_PyQt6_Qt6 --> node_venv_lib_python3_12_site-packages_PyQt6_Qt6_qml["qml"]\n    node_venv_lib_python3_12_site-packages_PyQt6_Qt6_qml --> node_venv_lib_python3_12_site-packages_PyQt6_Qt6_qml_QtQuick3D["QtQuick3D"]\n    node_venv_lib_python3_12_site-packages_PyQt6_Qt6_qml_QtQuick3D --> node_venv_lib_python3_12_site-packages_PyQt6_Qt6_qml_QtQuick3D_designer["designer"]\n    node_venv_lib_python3_12_site-packages_PyQt6_Qt6_qml_QtQuick3D_designer --> node_venv_lib_python3_12_site-packages_PyQt6_Qt6_qml_QtQuick3D_designer_images["images"]\n    node_venv_lib_python3_12_site-packages_PyQt6_Qt6_qml_QtQuick3D_designer_images --> node_venv_lib_python3_12_site-packages_PyQt6_Qt6_qml_QtQuick3D_designer_images_view3D16_png["view3D16.png"]\n    Root --> node_venv["venv"]\n    node_venv --> node_venv_lib["lib"]\n    node_venv_lib --> node_venv_lib_python3_12["python3.12"]\n    node_venv_lib_python3_12 --> node_venv_lib_python3_12_site-packages["site-packages"]\n    node_venv_lib_python3_12_site-packages --> node_venv_lib_python3_12_site-packages_PyQt6["PyQt6"]\n    node_venv_lib_python3_12_site-packages_PyQt6 --> node_venv_lib_python3_12_site-packages_PyQt6_Qt6["Qt6"]\n    node_venv_lib_python3_12_site-packages_PyQt6_Qt6 --> node_venv_lib_python3_12_site-packages_PyQt6_Qt6_qml["qml"]\n    node_venv_lib_python3_12_site-packages_PyQt6_Qt6_qml --> node_venv_lib_python3_12_site-packages_PyQt6_Qt6_qml_QtQuick3D["QtQuick3D"]\n    node_venv_lib_python3_12_site-packages_PyQt6_Qt6_qml_QtQuick3D --> node_venv_lib_python3_12_site-packages_PyQt6_Qt6_qml_QtQuick3D_designer["designer"]\n    node_venv_lib_python3_12_site-packages_PyQt6_Qt6_qml_QtQuick3D_designer --> node_venv_lib_python3_12_site-packages_PyQt6_Qt6_qml_QtQuick3D_designer_images["images"]\n    node_venv_lib_python3_12_site-packages_PyQt6_Qt6_qml_QtQuick3D_designer_images --> node_venv_lib_python3_12_site-packages_PyQt6_Qt6_qml_QtQuick3D_designer_images_view3D@2x_png["view3D@2x.png"]\n    Root --> node_venv["venv"]\n    node_venv --> node_venv_lib["lib"]\n    node_venv_lib --> node_venv_lib_python3_12["python3.12"]\n    node_venv_lib_python3_12 --> node_venv_lib_python3_12_site-packages["site-packages"]\n    node_venv_lib_python3_12_site-packages --> node_venv_lib_python3_12_site-packages_PyQt6["PyQt6"]\n    node_venv_lib_python3_12_site-packages_PyQt6 --> node_venv_lib_python3_12_site-packages_PyQt6_Qt6["Qt6"]\n    node_venv_lib_python3_12_site-packages_PyQt6_Qt6 --> node_venv_lib_python3_12_site-packages_PyQt6_Qt6_qml["qml"]\n    node_venv_lib_python3_12_site-packages_PyQt6_Qt6_qml --> node_venv_lib_python3_12_site-packages_PyQt6_Qt6_qml_QtQuick3D["QtQuick3D"]\n    node_venv_lib_python3_12_site-packages_PyQt6_Qt6_qml_QtQuick3D --> node_venv_lib_python3_12_site-packages_PyQt6_Qt6_qml_QtQuick3D_designer["designer"]\n    node_venv_lib_python3_12_site-packages_PyQt6_Qt6_qml_QtQuick3D_designer --> node_venv_lib_python3_12_site-packages_PyQt6_Qt6_qml_QtQuick3D_designer_source["source"]\n    node_venv_lib_python3_12_site-packages_PyQt6_Qt6_qml_QtQuick3D_designer_source --> node_venv_lib_python3_12_site-packages_PyQt6_Qt6_qml_QtQuick3D_designer_source_custom_material_default_shader_frag["custom_material_default_shader.frag"]\n    Root --> node_venv["venv"]\n    node_venv --> node_venv_lib["lib"]\n    node_venv_lib --> node_venv_lib_python3_12["python3.12"]\n    node_venv_lib_python3_12 --> node_venv_lib_python3_12_site-packages["site-packages"]\n    node_venv_lib_python3_12_site-packages --> node_venv_lib_python3_12_site-packages_PyQt6["PyQt6"]\n    node_venv_lib_python3_12_site-packages_PyQt6 --> node_venv_lib_python3_12_site-packages_PyQt6_Qt6["Qt6"]\n    node_venv_lib_python3_12_site-packages_PyQt6_Qt6 --> node_venv_lib_python3_12_site-packages_PyQt6_Qt6_qml["qml"]\n    node_venv_lib_python3_12_site-packages_PyQt6_Qt6_qml --> node_venv_lib_python3_12_site-packages_PyQt6_Qt6_qml_QtQuick3D["QtQuick3D"]\n    node_venv_lib_python3_12_site-packages_PyQt6_Qt6_qml_QtQuick3D --> node_venv_lib_python3_12_site-packages_PyQt6_Qt6_qml_QtQuick3D_designer["designer"]\n    node_venv_lib_python3_12_site-packages_PyQt6_Qt6_qml_QtQuick3D_designer --> node_venv_lib_python3_12_site-packages_PyQt6_Qt6_qml_QtQuick3D_designer_source["source"]\n    node_venv_lib_python3_12_site-packages_PyQt6_Qt6_qml_QtQuick3D_designer_source --> node_venv_lib_python3_12_site-packages_PyQt6_Qt6_qml_QtQuick3D_designer_source_effect_default_shader_frag["effect_default_shader.frag"]\n    Root --> node_venv["venv"]\n    node_venv --> node_venv_lib["lib"]\n    node_venv_lib --> node_venv_lib_python3_12["python3.12"]\n    node_venv_lib_python3_12 --> node_venv_lib_python3_12_site-packages["site-packages"]\n    node_venv_lib_python3_12_site-packages --> node_venv_lib_python3_12_site-packages_PyQt6["PyQt6"]\n    node_venv_lib_python3_12_site-packages_PyQt6 --> node_venv_lib_python3_12_site-packages_PyQt6_Qt6["Qt6"]\n    node_venv_lib_python3_12_site-packages_PyQt6_Qt6 --> node_venv_lib_python3_12_site-packages_PyQt6_Qt6_qml["qml"]\n    node_venv_lib_python3_12_site-packages_PyQt6_Qt6_qml --> node_venv_lib_python3_12_site-packages_PyQt6_Qt6_qml_QtQuick3D["QtQuick3D"]\n    node_venv_lib_python3_12_site-packages_PyQt6_Qt6_qml_QtQuick3D --> node_venv_lib_python3_12_site-packages_PyQt6_Qt6_qml_QtQuick3D_designer["designer"]\n    node_venv_lib_python3_12_site-packages_PyQt6_Qt6_qml_QtQuick3D_designer --> node_venv_lib_python3_12_site-packages_PyQt6_Qt6_qml_QtQuick3D_designer_source["source"]\n    node_venv_lib_python3_12_site-packages_PyQt6_Qt6_qml_QtQuick3D_designer_source --> node_venv_lib_python3_12_site-packages_PyQt6_Qt6_qml_QtQuick3D_designer_source_effect_template_qml["effect_template.qml"]\n    Root --> node_venv["venv"]\n    node_venv --> node_venv_lib["lib"]\n    node_venv_lib --> node_venv_lib_python3_12["python3.12"]\n    node_venv_lib_python3_12 --> node_venv_lib_python3_12_site-packages["site-packages"]\n    node_venv_lib_python3_12_site-packages --> node_venv_lib_python3_12_site-packages_PyQt6["PyQt6"]\n    node_venv_lib_python3_12_site-packages_PyQt6 --> node_venv_lib_python3_12_site-packages_PyQt6_Qt6["Qt6"]\n    node_venv_lib_python3_12_site-packages_PyQt6_Qt6 --> node_venv_lib_python3_12_site-packages_PyQt6_Qt6_qml["qml"]\n    node_venv_lib_python3_12_site-packages_PyQt6_Qt6_qml --> node_venv_lib_python3_12_site-packages_PyQt6_Qt6_qml_QtQuick3D["QtQuick3D"]\n    node_venv_lib_python3_12_site-packages_PyQt6_Qt6_qml_QtQuick3D --> node_venv_lib_python3_12_site-packages_PyQt6_Qt6_qml_QtQuick3D_designer["designer"]\n    node_venv_lib_python3_12_site-packages_PyQt6_Qt6_qml_QtQuick3D_designer --> node_venv_lib_python3_12_site-packages_PyQt6_Qt6_qml_QtQuick3D_designer_source["source"]\n    node_venv_lib_python3_12_site-packages_PyQt6_Qt6_qml_QtQuick3D_designer_source --> node_venv_lib_python3_12_site-packages_PyQt6_Qt6_qml_QtQuick3D_designer_source_view3D_template_qml["view3D_template.qml"]\n    Root --> node_venv["venv"]\n    node_venv --> node_venv_lib["lib"]\n    node_venv_lib --> node_venv_lib_python3_12["python3.12"]\n    node_venv_lib_python3_12 --> node_venv_lib_python3_12_site-packages["site-packages"]\n    node_venv_lib_python3_12_site-packages --> node_venv_lib_python3_12_site-packages_PyQt6["PyQt6"]\n    node_venv_lib_python3_12_site-packages_PyQt6 --> node_venv_lib_python3_12_site-packages_PyQt6_Qt6["Qt6"]\n    node_venv_lib_python3_12_site-packages_PyQt6_Qt6 --> node_venv_lib_python3_12_site-packages_PyQt6_Qt6_qml["qml"]\n    node_venv_lib_python3_12_site-packages_PyQt6_Qt6_qml --> node_venv_lib_python3_12_site-packages_PyQt6_Qt6_qml_QtQuick3D["QtQuick3D"]\n    node_venv_lib_python3_12_site-packages_PyQt6_Qt6_qml_QtQuick3D --> node_venv_lib_python3_12_site-packages_PyQt6_Qt6_qml_QtQuick3D_Particles3D["Particles3D"]\n    node_venv_lib_python3_12_site-packages_PyQt6_Qt6_qml_QtQuick3D_Particles3D --> node_venv_lib_python3_12_site-packages_PyQt6_Qt6_qml_QtQuick3D_Particles3D_libqtquick3dparticles3dplugin_dylib["libqtquick3dparticles3dplugin.dylib"]\n    Root --> node_venv["venv"]\n    node_venv --> node_venv_lib["lib"]\n    node_venv_lib --> node_venv_lib_python3_12["python3.12"]\n    node_venv_lib_python3_12 --> node_venv_lib_python3_12_site-packages["site-packages"]\n    node_venv_lib_python3_12_site-packages --> node_venv_lib_python3_12_site-packages_PyQt6["PyQt6"]\n    node_venv_lib_python3_12_site-packages_PyQt6 --> node_venv_lib_python3_12_site-packages_PyQt6_Qt6["Qt6"]\n    node_venv_lib_python3_12_site-packages_PyQt6_Qt6 --> node_venv_lib_python3_12_site-packages_PyQt6_Qt6_qml["qml"]\n    node_venv_lib_python3_12_site-packages_PyQt6_Qt6_qml --> node_venv_lib_python3_12_site-packages_PyQt6_Qt6_qml_QtQuick3D["QtQuick3D"]\n    node_venv_lib_python3_12_site-packages_PyQt6_Qt6_qml_QtQuick3D --> node_venv_lib_python3_12_site-packages_PyQt6_Qt6_qml_QtQuick3D_Particles3D["Particles3D"]\n    node_venv_lib_python3_12_site-packages_PyQt6_Qt6_qml_QtQuick3D_Particles3D --> node_venv_lib_python3_12_site-packages_PyQt6_Qt6_qml_QtQuick3D_Particles3D_plugins_qmltypes["plugins.qmltypes"]\n    Root --> node_venv["venv"]\n    node_venv --> node_venv_lib["lib"]\n    node_venv_lib --> node_venv_lib_python3_12["python3.12"]\n    node_venv_lib_python3_12 --> node_venv_lib_python3_12_site-packages["site-packages"]\n    node_venv_lib_python3_12_site-packages --> node_venv_lib_python3_12_site-packages_PyQt6["PyQt6"]\n    node_venv_lib_python3_12_site-packages_PyQt6 --> node_venv_lib_python3_12_site-packages_PyQt6_Qt6["Qt6"]\n    node_venv_lib_python3_12_site-packages_PyQt6_Qt6 --> node_venv_lib_python3_12_site-packages_PyQt6_Qt6_qml["qml"]\n    node_venv_lib_python3_12_site-packages_PyQt6_Qt6_qml --> node_venv_lib_python3_12_site-packages_PyQt6_Qt6_qml_QtQuick3D["QtQuick3D"]\n    node_venv_lib_python3_12_site-packages_PyQt6_Qt6_qml_QtQuick3D --> node_venv_lib_python3_12_site-packages_PyQt6_Qt6_qml_QtQuick3D_Particles3D["Particles3D"]\n    node_venv_lib_python3_12_site-packages_PyQt6_Qt6_qml_QtQuick3D_Particles3D --> node_venv_lib_python3_12_site-packages_PyQt6_Qt6_qml_QtQuick3D_Particles3D_qmldir["qmldir"]\n    Root --> node_venv["venv"]\n    node_venv --> node_venv_lib["lib"]\n    node_venv_lib --> node_venv_lib_python3_12["python3.12"]\n    node_venv_lib_python3_12 --> node_venv_lib_python3_12_site-packages["site-packages"]\n    node_venv_lib_python3_12_site-packages --> node_venv_lib_python3_12_site-packages_PyQt6["PyQt6"]\n    node_venv_lib_python3_12_site-packages_PyQt6 --> node_venv_lib_python3_12_site-packages_PyQt6_Qt6["Qt6"]\n    node_venv_lib_python3_12_site-packages_PyQt6_Qt6 --> node_venv_lib_python3_12_site-packages_PyQt6_Qt6_qml["qml"]\n    node_venv_lib_python3_12_site-packages_PyQt6_Qt6_qml --> node_venv_lib_python3_12_site-packages_PyQt6_Qt6_qml_QtQuick3D["QtQuick3D"]\n    node_venv_lib_python3_12_site-packages_PyQt6_Qt6_qml_QtQuick3D --> node_venv_lib_python3_12_site-packages_PyQt6_Qt6_qml_QtQuick3D_Particles3D["Particles3D"]\n    node_venv_lib_python3_12_site-packages_PyQt6_Qt6_qml_QtQuick3D_Particles3D --> node_venv_lib_python3_12_site-packages_PyQt6_Qt6_qml_QtQuick3D_Particles3D_designer["designer"]\n    node_venv_lib_python3_12_site-packages_PyQt6_Qt6_qml_QtQuick3D_Particles3D_designer --> node_venv_lib_python3_12_site-packages_PyQt6_Qt6_qml_QtQuick3D_Particles3D_designer_Affector3DSection_qml["Affector3DSection.qml"]\n    Root --> node_venv["venv"]\n    node_venv --> node_venv_lib["lib"]\n    node_venv_lib --> node_venv_lib_python3_12["python3.12"]\n    node_venv_lib_python3_12 --> node_venv_lib_python3_12_site-packages["site-packages"]\n    node_venv_lib_python3_12_site-packages --> node_venv_lib_python3_12_site-packages_PyQt6["PyQt6"]\n    node_venv_lib_python3_12_site-packages_PyQt6 --> node_venv_lib_python3_12_site-packages_PyQt6_Qt6["Qt6"]\n    node_venv_lib_python3_12_site-packages_PyQt6_Qt6 --> node_venv_lib_python3_12_site-packages_PyQt6_Qt6_qml["qml"]\n    node_venv_lib_python3_12_site-packages_PyQt6_Qt6_qml --> node_venv_lib_python3_12_site-packages_PyQt6_Qt6_qml_QtQuick3D["QtQuick3D"]\n    node_venv_lib_python3_12_site-packages_PyQt6_Qt6_qml_QtQuick3D --> node_venv_lib_python3_12_site-packages_PyQt6_Qt6_qml_QtQuick3D_Particles3D["Particles3D"]\n    node_venv_lib_python3_12_site-packages_PyQt6_Qt6_qml_QtQuick3D_Particles3D --> node_venv_lib_python3_12_site-packages_PyQt6_Qt6_qml_QtQuick3D_Particles3D_designer["designer"]\n    node_venv_lib_python3_12_site-packages_PyQt6_Qt6_qml_QtQuick3D_Particles3D_designer --> node_venv_lib_python3_12_site-packages_PyQt6_Qt6_qml_QtQuick3D_Particles3D_designer_Affector3DSpecifics_qml["Affector3DSpecifics.qml"]\n    Root --> node_venv["venv"]\n    node_venv --> node_venv_lib["lib"]\n    node_venv_lib --> node_venv_lib_python3_12["python3.12"]\n    node_venv_lib_python3_12 --> node_venv_lib_python3_12_site-packages["site-packages"]\n    node_venv_lib_python3_12_site-packages --> node_venv_lib_python3_12_site-packages_PyQt6["PyQt6"]\n    node_venv_lib_python3_12_site-packages_PyQt6 --> node_venv_lib_python3_12_site-packages_PyQt6_Qt6["Qt6"]\n    node_venv_lib_python3_12_site-packages_PyQt6_Qt6 --> node_venv_lib_python3_12_site-packages_PyQt6_Qt6_qml["qml"]\n    node_venv_lib_python3_12_site-packages_PyQt6_Qt6_qml --> node_venv_lib_python3_12_site-packages_PyQt6_Qt6_qml_QtQuick3D["QtQuick3D"]\n    node_venv_lib_python3_12_site-packages_PyQt6_Qt6_qml_QtQuick3D --> node_venv_lib_python3_12_site-packages_PyQt6_Qt6_qml_QtQuick3D_Particles3D["Particles3D"]\n    node_venv_lib_python3_12_site-packages_PyQt6_Qt6_qml_QtQuick3D_Particles3D --> node_venv_lib_python3_12_site-packages_PyQt6_Qt6_qml_QtQuick3D_Particles3D_designer["designer"]\n    node_venv_lib_python3_12_site-packages_PyQt6_Qt6_qml_QtQuick3D_Particles3D_designer --> node_venv_lib_python3_12_site-packages_PyQt6_Qt6_qml_QtQuick3D_Particles3D_designer_Attractor3DSection_qml["Attractor3DSection.qml"]\n    Root --> node_venv["venv"]\n    node_venv --> node_venv_lib["lib"]\n    node_venv_lib --> node_venv_lib_python3_12["python3.12"]\n    node_venv_lib_python3_12 --> node_venv_lib_python3_12_site-packages["site-packages"]\n    node_venv_lib_python3_12_site-packages --> node_venv_lib_python3_12_site-packages_PyQt6["PyQt6"]\n    node_venv_lib_python3_12_site-packages_PyQt6 --> node_venv_lib_python3_12_site-packages_PyQt6_Qt6["Qt6"]\n    node_venv_lib_python3_12_site-packages_PyQt6_Qt6 --> node_venv_lib_python3_12_site-packages_PyQt6_Qt6_qml["qml"]\n    node_venv_lib_python3_12_site-packages_PyQt6_Qt6_qml --> node_venv_lib_python3_12_site-packages_PyQt6_Qt6_qml_QtQuick3D["QtQuick3D"]\n    node_venv_lib_python3_12_site-packages_PyQt6_Qt6_qml_QtQuick3D --> node_venv_lib_python3_12_site-packages_PyQt6_Qt6_qml_QtQuick3D_Particles3D["Particles3D"]\n    node_venv_lib_python3_12_site-packages_PyQt6_Qt6_qml_QtQuick3D_Particles3D --> node_venv_lib_python3_12_site-packages_PyQt6_Qt6_qml_QtQuick3D_Particles3D_designer["designer"]\n    node_venv_lib_python3_12_site-packages_PyQt6_Qt6_qml_QtQuick3D_Particles3D_designer --> node_venv_lib_python3_12_site-packages_PyQt6_Qt6_qml_QtQuick3D_Particles3D_designer_Attractor3DSpecifics_qml["Attractor3DSpecifics.qml"]\n    Root --> node_venv["venv"]\n    node_venv --> node_venv_lib["lib"]\n    node_venv_lib --> node_venv_lib_python3_12["python3.12"]\n    node_venv_lib_python3_12 --> node_venv_lib_python3_12_site-packages["site-packages"]\n    node_venv_lib_python3_12_site-packages --> node_venv_lib_python3_12_site-packages_PyQt6["PyQt6"]\n    node_venv_lib_python3_12_site-packages_PyQt6 --> node_venv_lib_python3_12_site-packages_PyQt6_Qt6["Qt6"]\n    node_venv_lib_python3_12_site-packages_PyQt6_Qt6 --> node_venv_lib_python3_12_site-packages_PyQt6_Qt6_qml["qml"]\n    node_venv_lib_python3_12_site-packages_PyQt6_Qt6_qml --> node_venv_lib_python3_12_site-packages_PyQt6_Qt6_qml_QtQuick3D["QtQuick3D"]\n    node_venv_lib_python3_12_site-packages_PyQt6_Qt6_qml_QtQuick3D --> node_venv_lib_python3_12_site-packages_PyQt6_Qt6_qml_QtQuick3D_Particles3D["Particles3D"]\n    node_venv_lib_python3_12_site-packages_PyQt6_Qt6_qml_QtQuick3D_Particles3D --> node_venv_lib_python3_12_site-packages_PyQt6_Qt6_qml_QtQuick3D_Particles3D_designer["designer"]\n    node_venv_lib_python3_12_site-packages_PyQt6_Qt6_qml_QtQuick3D_Particles3D_designer --> node_venv_lib_python3_12_site-packages_PyQt6_Qt6_qml_QtQuick3D_Particles3D_designer_DynamicBurst3DSection_qml["DynamicBurst3DSection.qml"]\n    Root --> node_venv["venv"]\n    node_venv --> node_venv_lib["lib"]\n    node_venv_lib --> node_venv_lib_python3_12["python3.12"]\n    node_venv_lib_python3_12 --> node_venv_lib_python3_12_site-packages["site-packages"]\n    node_venv_lib_python3_12_site-packages --> node_venv_lib_python3_12_site-packages_PyQt6["PyQt6"]\n    node_venv_lib_python3_12_site-packages_PyQt6 --> node_venv_lib_python3_12_site-packages_PyQt6_Qt6["Qt6"]\n    node_venv_lib_python3_12_site-packages_PyQt6_Qt6 --> node_venv_lib_python3_12_site-packages_PyQt6_Qt6_qml["qml"]\n    node_venv_lib_python3_12_site-packages_PyQt6_Qt6_qml --> node_venv_lib_python3_12_site-packages_PyQt6_Qt6_qml_QtQuick3D["QtQuick3D"]\n    node_venv_lib_python3_12_site-packages_PyQt6_Qt6_qml_QtQuick3D --> node_venv_lib_python3_12_site-packages_PyQt6_Qt6_qml_QtQuick3D_Particles3D["Particles3D"]\n    node_venv_lib_python3_12_site-packages_PyQt6_Qt6_qml_QtQuick3D_Particles3D --> node_venv_lib_python3_12_site-packages_PyQt6_Qt6_qml_QtQuick3D_Particles3D_designer["designer"]\n    node_venv_lib_python3_12_site-packages_PyQt6_Qt6_qml_QtQuick3D_Particles3D_designer --> node_venv_lib_python3_12_site-packages_PyQt6_Qt6_qml_QtQuick3D_Particles3D_designer_DynamicBurst3DSpecifics_qml["DynamicBurst3DSpecifics.qml"]\n    Root --> node_venv["venv"]\n    node_venv --> node_venv_lib["lib"]\n    node_venv_lib --> node_venv_lib_python3_12["python3.12"]\n    node_venv_lib_python3_12 --> node_venv_lib_python3_12_site-packages["site-packages"]\n    node_venv_lib_python3_12_site-packages --> node_venv_lib_python3_12_site-packages_PyQt6["PyQt6"]\n    node_venv_lib_python3_12_site-packages_PyQt6 --> node_venv_lib_python3_12_site-packages_PyQt6_Qt6["Qt6"]\n    node_venv_lib_python3_12_site-packages_PyQt6_Qt6 --> node_venv_lib_python3_12_site-packages_PyQt6_Qt6_qml["qml"]\n    node_venv_lib_python3_12_site-packages_PyQt6_Qt6_qml --> node_venv_lib_python3_12_site-packages_PyQt6_Qt6_qml_QtQuick3D["QtQuick3D"]\n    node_venv_lib_python3_12_site-packages_PyQt6_Qt6_qml_QtQuick3D --> node_venv_lib_python3_12_site-packages_PyQt6_Qt6_qml_QtQuick3D_Particles3D["Particles3D"]\n    node_venv_lib_python3_12_site-packages_PyQt6_Qt6_qml_QtQuick3D_Particles3D --> node_venv_lib_python3_12_site-packages_PyQt6_Qt6_qml_QtQuick3D_Particles3D_designer["designer"]\n    node_venv_lib_python3_12_site-packages_PyQt6_Qt6_qml_QtQuick3D_Particles3D_designer --> node_venv_lib_python3_12_site-packages_PyQt6_Qt6_qml_QtQuick3D_Particles3D_designer_EmitBurst3DSection_qml["EmitBurst3DSection.qml"]\n    Root --> node_venv["venv"]\n    node_venv --> node_venv_lib["lib"]\n    node_venv_lib --> node_venv_lib_python3_12["python3.12"]\n    node_venv_lib_python3_12 --> node_venv_lib_python3_12_site-packages["site-packages"]\n    node_venv_lib_python3_12_site-packages --> node_venv_lib_python3_12_site-packages_PyQt6["PyQt6"]\n    node_venv_lib_python3_12_site-packages_PyQt6 --> node_venv_lib_python3_12_site-packages_PyQt6_Qt6["Qt6"]\n    node_venv_lib_python3_12_site-packages_PyQt6_Qt6 --> node_venv_lib_python3_12_site-packages_PyQt6_Qt6_qml["qml"]\n    node_venv_lib_python3_12_site-packages_PyQt6_Qt6_qml --> node_venv_lib_python3_12_site-packages_PyQt6_Qt6_qml_QtQuick3D["QtQuick3D"]\n    node_venv_lib_python3_12_site-packages_PyQt6_Qt6_qml_QtQuick3D --> node_venv_lib_python3_12_site-packages_PyQt6_Qt6_qml_QtQuick3D_Particles3D["Particles3D"]\n    node_venv_lib_python3_12_site-packages_PyQt6_Qt6_qml_QtQuick3D_Particles3D --> node_venv_lib_python3_12_site-packages_PyQt6_Qt6_qml_QtQuick3D_Particles3D_designer["designer"]\n    node_venv_lib_python3_12_site-packages_PyQt6_Qt6_qml_QtQuick3D_Particles3D_designer --> node_venv_lib_python3_12_site-packages_PyQt6_Qt6_qml_QtQuick3D_Particles3D_designer_EmitBurst3DSpecifics_qml["EmitBurst3DSpecifics.qml"]\n    Root --> node_venv["venv"]\n    node_venv --> node_venv_lib["lib"]\n    node_venv_lib --> node_venv_lib_python3_12["python3.12"]\n    node_venv_lib_python3_12 --> node_venv_lib_python3_12_site-packages["site-packages"]\n    node_venv_lib_python3_12_site-packages --> node_venv_lib_python3_12_site-packages_PyQt6["PyQt6"]\n    node_venv_lib_python3_12_site-packages_PyQt6 --> node_venv_lib_python3_12_site-packages_PyQt6_Qt6["Qt6"]\n    node_venv_lib_python3_12_site-packages_PyQt6_Qt6 --> node_venv_lib_python3_12_site-packages_PyQt6_Qt6_qml["qml"]\n    node_venv_lib_python3_12_site-packages_PyQt6_Qt6_qml --> node_venv_lib_python3_12_site-packages_PyQt6_Qt6_qml_QtQuick3D["QtQuick3D"]\n    node_venv_lib_python3_12_site-packages_PyQt6_Qt6_qml_QtQuick3D --> node_venv_lib_python3_12_site-packages_PyQt6_Qt6_qml_QtQuick3D_Particles3D["Particles3D"]\n    node_venv_lib_python3_12_site-packages_PyQt6_Qt6_qml_QtQuick3D_Particles3D --> node_venv_lib_python3_12_site-packages_PyQt6_Qt6_qml_QtQuick3D_Particles3D_designer["designer"]\n    node_venv_lib_python3_12_site-packages_PyQt6_Qt6_qml_QtQuick3D_Particles3D_designer --> node_venv_lib_python3_12_site-packages_PyQt6_Qt6_qml_QtQuick3D_Particles3D_designer_Gravity3DSection_qml["Gravity3DSection.qml"]\n    Root --> node_venv["venv"]\n    node_venv --> node_venv_lib["lib"]\n    node_venv_lib --> node_venv_lib_python3_12["python3.12"]\n    node_venv_lib_python3_12 --> node_venv_lib_python3_12_site-packages["site-packages"]\n    node_venv_lib_python3_12_site-packages --> node_venv_lib_python3_12_site-packages_PyQt6["PyQt6"]\n    node_venv_lib_python3_12_site-packages_PyQt6 --> node_venv_lib_python3_12_site-packages_PyQt6_Qt6["Qt6"]\n    node_venv_lib_python3_12_site-packages_PyQt6_Qt6 --> node_venv_lib_python3_12_site-packages_PyQt6_Qt6_qml["qml"]\n    node_venv_lib_python3_12_site-packages_PyQt6_Qt6_qml --> node_venv_lib_python3_12_site-packages_PyQt6_Qt6_qml_QtQuick3D["QtQuick3D"]\n    node_venv_lib_python3_12_site-packages_PyQt6_Qt6_qml_QtQuick3D --> node_venv_lib_python3_12_site-packages_PyQt6_Qt6_qml_QtQuick3D_Particles3D["Particles3D"]\n    node_venv_lib_python3_12_site-packages_PyQt6_Qt6_qml_QtQuick3D_Particles3D --> node_venv_lib_python3_12_site-packages_PyQt6_Qt6_qml_QtQuick3D_Particles3D_designer["designer"]\n    node_venv_lib_python3_12_site-packages_PyQt6_Qt6_qml_QtQuick3D_Particles3D_designer --> node_venv_lib_python3_12_site-packages_PyQt6_Qt6_qml_QtQuick3D_Particles3D_designer_Gravity3DSpecifics_qml["Gravity3DSpecifics.qml"]\n    Root --> node_venv["venv"]\n    node_venv --> node_venv_lib["lib"]\n    node_venv_lib --> node_venv_lib_python3_12["python3.12"]\n    node_venv_lib_python3_12 --> node_venv_lib_python3_12_site-packages["site-packages"]\n    node_venv_lib_python3_12_site-packages --> node_venv_lib_python3_12_site-packages_PyQt6["PyQt6"]\n    node_venv_lib_python3_12_site-packages_PyQt6 --> node_venv_lib_python3_12_site-packages_PyQt6_Qt6["Qt6"]\n    node_venv_lib_python3_12_site-packages_PyQt6_Qt6 --> node_venv_lib_python3_12_site-packages_PyQt6_Qt6_qml["qml"]\n    node_venv_lib_python3_12_site-packages_PyQt6_Qt6_qml --> node_venv_lib_python3_12_site-packages_PyQt6_Qt6_qml_QtQuick3D["QtQuick3D"]\n    node_venv_lib_python3_12_site-packages_PyQt6_Qt6_qml_QtQuick3D --> node_venv_lib_python3_12_site-packages_PyQt6_Qt6_qml_QtQuick3D_Particles3D["Particles3D"]\n    node_venv_lib_python3_12_site-packages_PyQt6_Qt6_qml_QtQuick3D_Particles3D --> node_venv_lib_python3_12_site-packages_PyQt6_Qt6_qml_QtQuick3D_Particles3D_designer["designer"]\n    node_venv_lib_python3_12_site-packages_PyQt6_Qt6_qml_QtQuick3D_Particles3D_designer --> node_venv_lib_python3_12_site-packages_PyQt6_Qt6_qml_QtQuick3D_Particles3D_designer_LineParticle3DSection_qml["LineParticle3DSection.qml"]\n    Root --> node_venv["venv"]\n    node_venv --> node_venv_lib["lib"]\n    node_venv_lib --> node_venv_lib_python3_12["python3.12"]\n    node_venv_lib_python3_12 --> node_venv_lib_python3_12_site-packages["site-packages"]\n    node_venv_lib_python3_12_site-packages --> node_venv_lib_python3_12_site-packages_PyQt6["PyQt6"]\n    node_venv_lib_python3_12_site-packages_PyQt6 --> node_venv_lib_python3_12_site-packages_PyQt6_Qt6["Qt6"]\n    node_venv_lib_python3_12_site-packages_PyQt6_Qt6 --> node_venv_lib_python3_12_site-packages_PyQt6_Qt6_qml["qml"]\n    node_venv_lib_python3_12_site-packages_PyQt6_Qt6_qml --> node_venv_lib_python3_12_site-packages_PyQt6_Qt6_qml_QtQuick3D["QtQuick3D"]\n    node_venv_lib_python3_12_site-packages_PyQt6_Qt6_qml_QtQuick3D --> node_venv_lib_python3_12_site-packages_PyQt6_Qt6_qml_QtQuick3D_Particles3D["Particles3D"]\n    node_venv_lib_python3_12_site-packages_PyQt6_Qt6_qml_QtQuick3D_Particles3D --> node_venv_lib_python3_12_site-packages_PyQt6_Qt6_qml_QtQuick3D_Particles3D_designer["designer"]\n    node_venv_lib_python3_12_site-packages_PyQt6_Qt6_qml_QtQuick3D_Particles3D_designer --> node_venv_lib_python3_12_site-packages_PyQt6_Qt6_qml_QtQuick3D_Particles3D_designer_LineParticle3DSpecifics_qml["LineParticle3DSpecifics.qml"]\n    Root --> node_venv["venv"]\n    node_venv --> node_venv_lib["lib"]\n    node_venv_lib --> node_venv_lib_python3_12["python3.12"]\n    node_venv_lib_python3_12 --> node_venv_lib_python3_12_site-packages["site-packages"]\n    node_venv_lib_python3_12_site-packages --> node_venv_lib_python3_12_site-packages_PyQt6["PyQt6"]\n    node_venv_lib_python3_12_site-packages_PyQt6 --> node_venv_lib_python3_12_site-packages_PyQt6_Qt6["Qt6"]\n    node_venv_lib_python3_12_site-packages_PyQt6_Qt6 --> node_venv_lib_python3_12_site-packages_PyQt6_Qt6_qml["qml"]\n    node_venv_lib_python3_12_site-packages_PyQt6_Qt6_qml --> node_venv_lib_python3_12_site-packages_PyQt6_Qt6_qml_QtQuick3D["QtQuick3D"]\n    node_venv_lib_python3_12_site-packages_PyQt6_Qt6_qml_QtQuick3D --> node_venv_lib_python3_12_site-packages_PyQt6_Qt6_qml_QtQuick3D_Particles3D["Particles3D"]\n    node_venv_lib_python3_12_site-packages_PyQt6_Qt6_qml_QtQuick3D_Particles3D --> node_venv_lib_python3_12_site-packages_PyQt6_Qt6_qml_QtQuick3D_Particles3D_designer["designer"]\n    node_venv_lib_python3_12_site-packages_PyQt6_Qt6_qml_QtQuick3D_Particles3D_designer --> node_venv_lib_python3_12_site-packages_PyQt6_Qt6_qml_QtQuick3D_Particles3D_designer_ModelBlendParticle3DSection_qml["ModelBlendParticle3DSection.qml"]\n    Root --> node_venv["venv"]\n    node_venv --> node_venv_lib["lib"]\n    node_venv_lib --> node_venv_lib_python3_12["python3.12"]\n    node_venv_lib_python3_12 --> node_venv_lib_python3_12_site-packages["site-packages"]\n    node_venv_lib_python3_12_site-packages --> node_venv_lib_python3_12_site-packages_PyQt6["PyQt6"]\n    node_venv_lib_python3_12_site-packages_PyQt6 --> node_venv_lib_python3_12_site-packages_PyQt6_Qt6["Qt6"]\n    node_venv_lib_python3_12_site-packages_PyQt6_Qt6 --> node_venv_lib_python3_12_site-packages_PyQt6_Qt6_qml["qml"]\n    node_venv_lib_python3_12_site-packages_PyQt6_Qt6_qml --> node_venv_lib_python3_12_site-packages_PyQt6_Qt6_qml_QtQuick3D["QtQuick3D"]\n    node_venv_lib_python3_12_site-packages_PyQt6_Qt6_qml_QtQuick3D --> node_venv_lib_python3_12_site-packages_PyQt6_Qt6_qml_QtQuick3D_Particles3D["Particles3D"]\n    node_venv_lib_python3_12_site-packages_PyQt6_Qt6_qml_QtQuick3D_Particles3D --> node_venv_lib_python3_12_site-packages_PyQt6_Qt6_qml_QtQuick3D_Particles3D_designer["designer"]\n    node_venv_lib_python3_12_site-packages_PyQt6_Qt6_qml_QtQuick3D_Particles3D_designer --> node_venv_lib_python3_12_site-packages_PyQt6_Qt6_qml_QtQuick3D_Particles3D_designer_ModelBlendParticle3DSpecifics_qml["ModelBlendParticle3DSpecifics.qml"]\n    Root --> node_venv["venv"]\n    node_venv --> node_venv_lib["lib"]\n    node_venv_lib --> node_venv_lib_python3_12["python3.12"]\n    node_venv_lib_python3_12 --> node_venv_lib_python3_12_site-packages["site-packages"]\n    node_venv_lib_python3_12_site-packages --> node_venv_lib_python3_12_site-packages_PyQt6["PyQt6"]\n    node_venv_lib_python3_12_site-packages_PyQt6 --> node_venv_lib_python3_12_site-packages_PyQt6_Qt6["Qt6"]\n    node_venv_lib_python3_12_site-packages_PyQt6_Qt6 --> node_venv_lib_python3_12_site-packages_PyQt6_Qt6_qml["qml"]\n    node_venv_lib_python3_12_site-packages_PyQt6_Qt6_qml --> node_venv_lib_python3_12_site-packages_PyQt6_Qt6_qml_QtQuick3D["QtQuick3D"]\n    node_venv_lib_python3_12_site-packages_PyQt6_Qt6_qml_QtQuick3D --> node_venv_lib_python3_12_site-packages_PyQt6_Qt6_qml_QtQuick3D_Particles3D["Particles3D"]\n    node_venv_lib_python3_12_site-packages_PyQt6_Qt6_qml_QtQuick3D_Particles3D --> node_venv_lib_python3_12_site-packages_PyQt6_Qt6_qml_QtQuick3D_Particles3D_designer["designer"]\n    node_venv_lib_python3_12_site-packages_PyQt6_Qt6_qml_QtQuick3D_Particles3D_designer --> node_venv_lib_python3_12_site-packages_PyQt6_Qt6_qml_QtQuick3D_Particles3D_designer_ModelParticle3DSection_qml["ModelParticle3DSection.qml"]\n    Root --> node_venv["venv"]\n    node_venv --> node_venv_lib["lib"]\n    node_venv_lib --> node_venv_lib_python3_12["python3.12"]\n    node_venv_lib_python3_12 --> node_venv_lib_python3_12_site-packages["site-packages"]\n    node_venv_lib_python3_12_site-packages --> node_venv_lib_python3_12_site-packages_PyQt6["PyQt6"]\n    node_venv_lib_python3_12_site-packages_PyQt6 --> node_venv_lib_python3_12_site-packages_PyQt6_Qt6["Qt6"]\n    node_venv_lib_python3_12_site-packages_PyQt6_Qt6 --> node_venv_lib_python3_12_site-packages_PyQt6_Qt6_qml["qml"]\n    node_venv_lib_python3_12_site-packages_PyQt6_Qt6_qml --> node_venv_lib_python3_12_site-packages_PyQt6_Qt6_qml_QtQuick3D["QtQuick3D"]\n    node_venv_lib_python3_12_site-packages_PyQt6_Qt6_qml_QtQuick3D --> node_venv_lib_python3_12_site-packages_PyQt6_Qt6_qml_QtQuick3D_Particles3D["Particles3D"]\n    node_venv_lib_python3_12_site-packages_PyQt6_Qt6_qml_QtQuick3D_Particles3D --> node_venv_lib_python3_12_site-packages_PyQt6_Qt6_qml_QtQuick3D_Particles3D_designer["designer"]\n    node_venv_lib_python3_12_site-packages_PyQt6_Qt6_qml_QtQuick3D_Particles3D_designer --> node_venv_lib_python3_12_site-packages_PyQt6_Qt6_qml_QtQuick3D_Particles3D_designer_ModelParticle3DSpecifics_qml["ModelParticle3DSpecifics.qml"]\n    Root --> node_venv["venv"]\n    node_venv --> node_venv_lib["lib"]\n    node_venv_lib --> node_venv_lib_python3_12["python3.12"]\n    node_venv_lib_python3_12 --> node_venv_lib_python3_12_site-packages["site-packages"]\n    node_venv_lib_python3_12_site-packages --> node_venv_lib_python3_12_site-packages_PyQt6["PyQt6"]\n    node_venv_lib_python3_12_site-packages_PyQt6 --> node_venv_lib_python3_12_site-packages_PyQt6_Qt6["Qt6"]\n    node_venv_lib_python3_12_site-packages_PyQt6_Qt6 --> node_venv_lib_python3_12_site-packages_PyQt6_Qt6_qml["qml"]\n    node_venv_lib_python3_12_site-packages_PyQt6_Qt6_qml --> node_venv_lib_python3_12_site-packages_PyQt6_Qt6_qml_QtQuick3D["QtQuick3D"]\n    node_venv_lib_python3_12_site-packages_PyQt6_Qt6_qml_QtQuick3D --> node_venv_lib_python3_12_site-packages_PyQt6_Qt6_qml_QtQuick3D_Particles3D["Particles3D"]\n    node_venv_lib_python3_12_site-packages_PyQt6_Qt6_qml_QtQuick3D_Particles3D --> node_venv_lib_python3_12_site-packages_PyQt6_Qt6_qml_QtQuick3D_Particles3D_designer["designer"]\n    node_venv_lib_python3_12_site-packages_PyQt6_Qt6_qml_QtQuick3D_Particles3D_designer --> node_venv_lib_python3_12_site-packages_PyQt6_Qt6_qml_QtQuick3D_Particles3D_designer_NodeSection_qml["NodeSection.qml"]\n    Root --> node_venv["venv"]\n    node_venv --> node_venv_lib["lib"]\n    node_venv_lib --> node_venv_lib_python3_12["python3.12"]\n    node_venv_lib_python3_12 --> node_venv_lib_python3_12_site-packages["site-packages"]\n    node_venv_lib_python3_12_site-packages --> node_venv_lib_python3_12_site-packages_PyQt6["PyQt6"]\n    node_venv_lib_python3_12_site-packages_PyQt6 --> node_venv_lib_python3_12_site-packages_PyQt6_Qt6["Qt6"]\n    node_venv_lib_python3_12_site-packages_PyQt6_Qt6 --> node_venv_lib_python3_12_site-packages_PyQt6_Qt6_qml["qml"]\n    node_venv_lib_python3_12_site-packages_PyQt6_Qt6_qml --> node_venv_lib_python3_12_site-packages_PyQt6_Qt6_qml_QtQuick3D["QtQuick3D"]\n    node_venv_lib_python3_12_site-packages_PyQt6_Qt6_qml_QtQuick3D --> node_venv_lib_python3_12_site-packages_PyQt6_Qt6_qml_QtQuick3D_Particles3D["Particles3D"]\n    node_venv_lib_python3_12_site-packages_PyQt6_Qt6_qml_QtQuick3D_Particles3D --> node_venv_lib_python3_12_site-packages_PyQt6_Qt6_qml_QtQuick3D_Particles3D_designer["designer"]\n    node_venv_lib_python3_12_site-packages_PyQt6_Qt6_qml_QtQuick3D_Particles3D_designer --> node_venv_lib_python3_12_site-packages_PyQt6_Qt6_qml_QtQuick3D_Particles3D_designer_NodeSpecifics_qml["NodeSpecifics.qml"]\n    Root --> node_venv["venv"]\n    node_venv --> node_venv_lib["lib"]\n    node_venv_lib --> node_venv_lib_python3_12["python3.12"]\n    node_venv_lib_python3_12 --> node_venv_lib_python3_12_site-packages["site-packages"]\n    node_venv_lib_python3_12_site-packages --> node_venv_lib_python3_12_site-packages_PyQt6["PyQt6"]\n    node_venv_lib_python3_12_site-packages_PyQt6 --> node_venv_lib_python3_12_site-packages_PyQt6_Qt6["Qt6"]\n    node_venv_lib_python3_12_site-packages_PyQt6_Qt6 --> node_venv_lib_python3_12_site-packages_PyQt6_Qt6_qml["qml"]\n    node_venv_lib_python3_12_site-packages_PyQt6_Qt6_qml --> node_venv_lib_python3_12_site-packages_PyQt6_Qt6_qml_QtQuick3D["QtQuick3D"]\n    node_venv_lib_python3_12_site-packages_PyQt6_Qt6_qml_QtQuick3D --> node_venv_lib_python3_12_site-packages_PyQt6_Qt6_qml_QtQuick3D_Particles3D["Particles3D"]\n    node_venv_lib_python3_12_site-packages_PyQt6_Qt6_qml_QtQuick3D_Particles3D --> node_venv_lib_python3_12_site-packages_PyQt6_Qt6_qml_QtQuick3D_Particles3D_designer["designer"]\n    node_venv_lib_python3_12_site-packages_PyQt6_Qt6_qml_QtQuick3D_Particles3D_designer --> node_venv_lib_python3_12_site-packages_PyQt6_Qt6_qml_QtQuick3D_Particles3D_designer_Particle3DSection_qml["Particle3DSection.qml"]\n    Root --> node_venv["venv"]\n    node_venv --> node_venv_lib["lib"]\n    node_venv_lib --> node_venv_lib_python3_12["python3.12"]\n    node_venv_lib_python3_12 --> node_venv_lib_python3_12_site-packages["site-packages"]\n    node_venv_lib_python3_12_site-packages --> node_venv_lib_python3_12_site-packages_PyQt6["PyQt6"]\n    node_venv_lib_python3_12_site-packages_PyQt6 --> node_venv_lib_python3_12_site-packages_PyQt6_Qt6["Qt6"]\n    node_venv_lib_python3_12_site-packages_PyQt6_Qt6 --> node_venv_lib_python3_12_site-packages_PyQt6_Qt6_qml["qml"]\n    node_venv_lib_python3_12_site-packages_PyQt6_Qt6_qml --> node_venv_lib_python3_12_site-packages_PyQt6_Qt6_qml_QtQuick3D["QtQuick3D"]\n    node_venv_lib_python3_12_site-packages_PyQt6_Qt6_qml_QtQuick3D --> node_venv_lib_python3_12_site-packages_PyQt6_Qt6_qml_QtQuick3D_Particles3D["Particles3D"]\n    node_venv_lib_python3_12_site-packages_PyQt6_Qt6_qml_QtQuick3D_Particles3D --> node_venv_lib_python3_12_site-packages_PyQt6_Qt6_qml_QtQuick3D_Particles3D_designer["designer"]\n    node_venv_lib_python3_12_site-packages_PyQt6_Qt6_qml_QtQuick3D_Particles3D_designer --> node_venv_lib_python3_12_site-packages_PyQt6_Qt6_qml_QtQuick3D_Particles3D_designer_Particle3DSpecifics_qml["Particle3DSpecifics.qml"]\n    Root --> node_venv["venv"]\n    node_venv --> node_venv_lib["lib"]\n    node_venv_lib --> node_venv_lib_python3_12["python3.12"]\n    node_venv_lib_python3_12 --> node_venv_lib_python3_12_site-packages["site-packages"]\n    node_venv_lib_python3_12_site-packages --> node_venv_lib_python3_12_site-packages_PyQt6["PyQt6"]\n    node_venv_lib_python3_12_site-packages_PyQt6 --> node_venv_lib_python3_12_site-packages_PyQt6_Qt6["Qt6"]\n    node_venv_lib_python3_12_site-packages_PyQt6_Qt6 --> node_venv_lib_python3_12_site-packages_PyQt6_Qt6_qml["qml"]\n    node_venv_lib_python3_12_site-packages_PyQt6_Qt6_qml --> node_venv_lib_python3_12_site-packages_PyQt6_Qt6_qml_QtQuick3D["QtQuick3D"]\n    node_venv_lib_python3_12_site-packages_PyQt6_Qt6_qml_QtQuick3D --> node_venv_lib_python3_12_site-packages_PyQt6_Qt6_qml_QtQuick3D_Particles3D["Particles3D"]\n    node_venv_lib_python3_12_site-packages_PyQt6_Qt6_qml_QtQuick3D_Particles3D --> node_venv_lib_python3_12_site-packages_PyQt6_Qt6_qml_QtQuick3D_Particles3D_designer["designer"]\n    node_venv_lib_python3_12_site-packages_PyQt6_Qt6_qml_QtQuick3D_Particles3D_designer --> node_venv_lib_python3_12_site-packages_PyQt6_Qt6_qml_QtQuick3D_Particles3D_designer_ParticleCustomShape3DSection_qml["ParticleCustomShape3DSection.qml"]\n    Root --> node_venv["venv"]\n    node_venv --> node_venv_lib["lib"]\n    node_venv_lib --> node_venv_lib_python3_12["python3.12"]\n    node_venv_lib_python3_12 --> node_venv_lib_python3_12_site-packages["site-packages"]\n    node_venv_lib_python3_12_site-packages --> node_venv_lib_python3_12_site-packages_PyQt6["PyQt6"]\n    node_venv_lib_python3_12_site-packages_PyQt6 --> node_venv_lib_python3_12_site-packages_PyQt6_Qt6["Qt6"]\n    node_venv_lib_python3_12_site-packages_PyQt6_Qt6 --> node_venv_lib_python3_12_site-packages_PyQt6_Qt6_qml["qml"]\n    node_venv_lib_python3_12_site-packages_PyQt6_Qt6_qml --> node_venv_lib_python3_12_site-packages_PyQt6_Qt6_qml_QtQuick3D["QtQuick3D"]\n    node_venv_lib_python3_12_site-packages_PyQt6_Qt6_qml_QtQuick3D --> node_venv_lib_python3_12_site-packages_PyQt6_Qt6_qml_QtQuick3D_Particles3D["Particles3D"]\n    node_venv_lib_python3_12_site-packages_PyQt6_Qt6_qml_QtQuick3D_Particles3D --> node_venv_lib_python3_12_site-packages_PyQt6_Qt6_qml_QtQuick3D_Particles3D_designer["designer"]\n    node_venv_lib_python3_12_site-packages_PyQt6_Qt6_qml_QtQuick3D_Particles3D_designer --> node_venv_lib_python3_12_site-packages_PyQt6_Qt6_qml_QtQuick3D_Particles3D_designer_ParticleCustomShape3DSpecifics_qml["ParticleCustomShape3DSpecifics.qml"]\n    Root --> node_venv["venv"]\n    node_venv --> node_venv_lib["lib"]\n    node_venv_lib --> node_venv_lib_python3_12["python3.12"]\n    node_venv_lib_python3_12 --> node_venv_lib_python3_12_site-packages["site-packages"]\n    node_venv_lib_python3_12_site-packages --> node_venv_lib_python3_12_site-packages_PyQt6["PyQt6"]\n    node_venv_lib_python3_12_site-packages_PyQt6 --> node_venv_lib_python3_12_site-packages_PyQt6_Qt6["Qt6"]\n    node_venv_lib_python3_12_site-packages_PyQt6_Qt6 --> node_venv_lib_python3_12_site-packages_PyQt6_Qt6_qml["qml"]\n    node_venv_lib_python3_12_site-packages_PyQt6_Qt6_qml --> node_venv_lib_python3_12_site-packages_PyQt6_Qt6_qml_QtQuick3D["QtQuick3D"]\n    node_venv_lib_python3_12_site-packages_PyQt6_Qt6_qml_QtQuick3D --> node_venv_lib_python3_12_site-packages_PyQt6_Qt6_qml_QtQuick3D_Particles3D["Particles3D"]\n    node_venv_lib_python3_12_site-packages_PyQt6_Qt6_qml_QtQuick3D_Particles3D --> node_venv_lib_python3_12_site-packages_PyQt6_Qt6_qml_QtQuick3D_Particles3D_designer["designer"]\n    node_venv_lib_python3_12_site-packages_PyQt6_Qt6_qml_QtQuick3D_Particles3D_designer --> node_venv_lib_python3_12_site-packages_PyQt6_Qt6_qml_QtQuick3D_Particles3D_designer_ParticleEmitter3DSection_qml["ParticleEmitter3DSection.qml"]\n    Root --> node_venv["venv"]\n    node_venv --> node_venv_lib["lib"]\n    node_venv_lib --> node_venv_lib_python3_12["python3.12"]\n    node_venv_lib_python3_12 --> node_venv_lib_python3_12_site-packages["site-packages"]\n    node_venv_lib_python3_12_site-packages --> node_venv_lib_python3_12_site-packages_PyQt6["PyQt6"]\n    node_venv_lib_python3_12_site-packages_PyQt6 --> node_venv_lib_python3_12_site-packages_PyQt6_Qt6["Qt6"]\n    node_venv_lib_python3_12_site-packages_PyQt6_Qt6 --> node_venv_lib_python3_12_site-packages_PyQt6_Qt6_qml["qml"]\n    node_venv_lib_python3_12_site-packages_PyQt6_Qt6_qml --> node_venv_lib_python3_12_site-packages_PyQt6_Qt6_qml_QtQuick3D["QtQuick3D"]\n    node_venv_lib_python3_12_site-packages_PyQt6_Qt6_qml_QtQuick3D --> node_venv_lib_python3_12_site-packages_PyQt6_Qt6_qml_QtQuick3D_Particles3D["Particles3D"]\n    node_venv_lib_python3_12_site-packages_PyQt6_Qt6_qml_QtQuick3D_Particles3D --> node_venv_lib_python3_12_site-packages_PyQt6_Qt6_qml_QtQuick3D_Particles3D_designer["designer"]\n    node_venv_lib_python3_12_site-packages_PyQt6_Qt6_qml_QtQuick3D_Particles3D_designer --> node_venv_lib_python3_12_site-packages_PyQt6_Qt6_qml_QtQuick3D_Particles3D_designer_ParticleEmitter3DSpecifics_qml["ParticleEmitter3DSpecifics.qml"]\n    Root --> node_venv["venv"]\n    node_venv --> node_venv_lib["lib"]\n    node_venv_lib --> node_venv_lib_python3_12["python3.12"]\n    node_venv_lib_python3_12 --> node_venv_lib_python3_12_site-packages["site-packages"]\n    node_venv_lib_python3_12_site-packages --> node_venv_lib_python3_12_site-packages_PyQt6["PyQt6"]\n    node_venv_lib_python3_12_site-packages_PyQt6 --> node_venv_lib_python3_12_site-packages_PyQt6_Qt6["Qt6"]\n    node_venv_lib_python3_12_site-packages_PyQt6_Qt6 --> node_venv_lib_python3_12_site-packages_PyQt6_Qt6_qml["qml"]\n    node_venv_lib_python3_12_site-packages_PyQt6_Qt6_qml --> node_venv_lib_python3_12_site-packages_PyQt6_Qt6_qml_QtQuick3D["QtQuick3D"]\n    node_venv_lib_python3_12_site-packages_PyQt6_Qt6_qml_QtQuick3D --> node_venv_lib_python3_12_site-packages_PyQt6_Qt6_qml_QtQuick3D_Particles3D["Particles3D"]\n    node_venv_lib_python3_12_site-packages_PyQt6_Qt6_qml_QtQuick3D_Particles3D --> node_venv_lib_python3_12_site-packages_PyQt6_Qt6_qml_QtQuick3D_Particles3D_designer["designer"]\n    node_venv_lib_python3_12_site-packages_PyQt6_Qt6_qml_QtQuick3D_Particles3D_designer --> node_venv_lib_python3_12_site-packages_PyQt6_Qt6_qml_QtQuick3D_Particles3D_designer_ParticleModelShape3DSection_qml["ParticleModelShape3DSection.qml"]\n    Root --> node_venv["venv"]\n    node_venv --> node_venv_lib["lib"]\n    node_venv_lib --> node_venv_lib_python3_12["python3.12"]\n    node_venv_lib_python3_12 --> node_venv_lib_python3_12_site-packages["site-packages"]\n    node_venv_lib_python3_12_site-packages --> node_venv_lib_python3_12_site-packages_PyQt6["PyQt6"]\n    node_venv_lib_python3_12_site-packages_PyQt6 --> node_venv_lib_python3_12_site-packages_PyQt6_Qt6["Qt6"]\n    node_venv_lib_python3_12_site-packages_PyQt6_Qt6 --> node_venv_lib_python3_12_site-packages_PyQt6_Qt6_qml["qml"]\n    node_venv_lib_python3_12_site-packages_PyQt6_Qt6_qml --> node_venv_lib_python3_12_site-packages_PyQt6_Qt6_qml_QtQuick3D["QtQuick3D"]\n    node_venv_lib_python3_12_site-packages_PyQt6_Qt6_qml_QtQuick3D --> node_venv_lib_python3_12_site-packages_PyQt6_Qt6_qml_QtQuick3D_Particles3D["Particles3D"]\n    node_venv_lib_python3_12_site-packages_PyQt6_Qt6_qml_QtQuick3D_Particles3D --> node_venv_lib_python3_12_site-packages_PyQt6_Qt6_qml_QtQuick3D_Particles3D_designer["designer"]\n    node_venv_lib_python3_12_site-packages_PyQt6_Qt6_qml_QtQuick3D_Particles3D_designer --> node_venv_lib_python3_12_site-packages_PyQt6_Qt6_qml_QtQuick3D_Particles3D_designer_ParticleModelShape3DSpecifics_qml["ParticleModelShape3DSpecifics.qml"]\n    Root --> node_venv["venv"]\n    node_venv --> node_venv_lib["lib"]\n    node_venv_lib --> node_venv_lib_python3_12["python3.12"]\n    node_venv_lib_python3_12 --> node_venv_lib_python3_12_site-packages["site-packages"]\n    node_venv_lib_python3_12_site-packages --> node_venv_lib_python3_12_site-packages_PyQt6["PyQt6"]\n    node_venv_lib_python3_12_site-packages_PyQt6 --> node_venv_lib_python3_12_site-packages_PyQt6_Qt6["Qt6"]\n    node_venv_lib_python3_12_site-packages_PyQt6_Qt6 --> node_venv_lib_python3_12_site-packages_PyQt6_Qt6_qml["qml"]\n    node_venv_lib_python3_12_site-packages_PyQt6_Qt6_qml --> node_venv_lib_python3_12_site-packages_PyQt6_Qt6_qml_QtQuick3D["QtQuick3D"]\n    node_venv_lib_python3_12_site-packages_PyQt6_Qt6_qml_QtQuick3D --> node_venv_lib_python3_12_site-packages_PyQt6_Qt6_qml_QtQuick3D_Particles3D["Particles3D"]\n    node_venv_lib_python3_12_site-packages_PyQt6_Qt6_qml_QtQuick3D_Particles3D --> node_venv_lib_python3_12_site-packages_PyQt6_Qt6_qml_QtQuick3D_Particles3D_designer["designer"]\n    node_venv_lib_python3_12_site-packages_PyQt6_Qt6_qml_QtQuick3D_Particles3D_designer --> node_venv_lib_python3_12_site-packages_PyQt6_Qt6_qml_QtQuick3D_Particles3D_designer_ParticleShape3DSection_qml["ParticleShape3DSection.qml"]\n    Root --> node_venv["venv"]\n    node_venv --> node_venv_lib["lib"]\n    node_venv_lib --> node_venv_lib_python3_12["python3.12"]\n    node_venv_lib_python3_12 --> node_venv_lib_python3_12_site-packages["site-packages"]\n    node_venv_lib_python3_12_site-packages --> node_venv_lib_python3_12_site-packages_PyQt6["PyQt6"]\n    node_venv_lib_python3_12_site-packages_PyQt6 --> node_venv_lib_python3_12_site-packages_PyQt6_Qt6["Qt6"]\n    node_venv_lib_python3_12_site-packages_PyQt6_Qt6 --> node_venv_lib_python3_12_site-packages_PyQt6_Qt6_qml["qml"]\n    node_venv_lib_python3_12_site-packages_PyQt6_Qt6_qml --> node_venv_lib_python3_12_site-packages_PyQt6_Qt6_qml_QtQuick3D["QtQuick3D"]\n    node_venv_lib_python3_12_site-packages_PyQt6_Qt6_qml_QtQuick3D --> node_venv_lib_python3_12_site-packages_PyQt6_Qt6_qml_QtQuick3D_Particles3D["Particles3D"]\n    node_venv_lib_python3_12_site-packages_PyQt6_Qt6_qml_QtQuick3D_Particles3D --> node_venv_lib_python3_12_site-packages_PyQt6_Qt6_qml_QtQuick3D_Particles3D_designer["designer"]\n    node_venv_lib_python3_12_site-packages_PyQt6_Qt6_qml_QtQuick3D_Particles3D_designer --> node_venv_lib_python3_12_site-packages_PyQt6_Qt6_qml_QtQuick3D_Particles3D_designer_ParticleShape3DSpecifics_qml["ParticleShape3DSpecifics.qml"]\n    Root --> node_venv["venv"]\n    node_venv --> node_venv_lib["lib"]\n    node_venv_lib --> node_venv_lib_python3_12["python3.12"]\n    node_venv_lib_python3_12 --> node_venv_lib_python3_12_site-packages["site-packages"]\n    node_venv_lib_python3_12_site-packages --> node_venv_lib_python3_12_site-packages_PyQt6["PyQt6"]\n    node_venv_lib_python3_12_site-packages_PyQt6 --> node_venv_lib_python3_12_site-packages_PyQt6_Qt6["Qt6"]\n    node_venv_lib_python3_12_site-packages_PyQt6_Qt6 --> node_venv_lib_python3_12_site-packages_PyQt6_Qt6_qml["qml"]\n    node_venv_lib_python3_12_site-packages_PyQt6_Qt6_qml --> node_venv_lib_python3_12_site-packages_PyQt6_Qt6_qml_QtQuick3D["QtQuick3D"]\n    node_venv_lib_python3_12_site-packages_PyQt6_Qt6_qml_QtQuick3D --> node_venv_lib_python3_12_site-packages_PyQt6_Qt6_qml_QtQuick3D_Particles3D["Particles3D"]\n    node_venv_lib_python3_12_site-packages_PyQt6_Qt6_qml_QtQuick3D_Particles3D --> node_venv_lib_python3_12_site-packages_PyQt6_Qt6_qml_QtQuick3D_Particles3D_designer["designer"]\n    node_venv_lib_python3_12_site-packages_PyQt6_Qt6_qml_QtQuick3D_Particles3D_designer --> node_venv_lib_python3_12_site-packages_PyQt6_Qt6_qml_QtQuick3D_Particles3D_designer_ParticleSystem3DSection_qml["ParticleSystem3DSection.qml"]\n    Root --> node_venv["venv"]\n    node_venv --> node_venv_lib["lib"]\n    node_venv_lib --> node_venv_lib_python3_12["python3.12"]\n    node_venv_lib_python3_12 --> node_venv_lib_python3_12_site-packages["site-packages"]\n    node_venv_lib_python3_12_site-packages --> node_venv_lib_python3_12_site-packages_PyQt6["PyQt6"]\n    node_venv_lib_python3_12_site-packages_PyQt6 --> node_venv_lib_python3_12_site-packages_PyQt6_Qt6["Qt6"]\n    node_venv_lib_python3_12_site-packages_PyQt6_Qt6 --> node_venv_lib_python3_12_site-packages_PyQt6_Qt6_qml["qml"]\n    node_venv_lib_python3_12_site-packages_PyQt6_Qt6_qml --> node_venv_lib_python3_12_site-packages_PyQt6_Qt6_qml_QtQuick3D["QtQuick3D"]\n    node_venv_lib_python3_12_site-packages_PyQt6_Qt6_qml_QtQuick3D --> node_venv_lib_python3_12_site-packages_PyQt6_Qt6_qml_QtQuick3D_Particles3D["Particles3D"]\n    node_venv_lib_python3_12_site-packages_PyQt6_Qt6_qml_QtQuick3D_Particles3D --> node_venv_lib_python3_12_site-packages_PyQt6_Qt6_qml_QtQuick3D_Particles3D_designer["designer"]\n    node_venv_lib_python3_12_site-packages_PyQt6_Qt6_qml_QtQuick3D_Particles3D_designer --> node_venv_lib_python3_12_site-packages_PyQt6_Qt6_qml_QtQuick3D_Particles3D_designer_ParticleSystem3DSpecifics_qml["ParticleSystem3DSpecifics.qml"]\n    Root --> node_venv["venv"]\n    node_venv --> node_venv_lib["lib"]\n    node_venv_lib --> node_venv_lib_python3_12["python3.12"]\n    node_venv_lib_python3_12 --> node_venv_lib_python3_12_site-packages["site-packages"]\n    node_venv_lib_python3_12_site-packages --> node_venv_lib_python3_12_site-packages_PyQt6["PyQt6"]\n    node_venv_lib_python3_12_site-packages_PyQt6 --> node_venv_lib_python3_12_site-packages_PyQt6_Qt6["Qt6"]\n    node_venv_lib_python3_12_site-packages_PyQt6_Qt6 --> node_venv_lib_python3_12_site-packages_PyQt6_Qt6_qml["qml"]\n    node_venv_lib_python3_12_site-packages_PyQt6_Qt6_qml --> node_venv_lib_python3_12_site-packages_PyQt6_Qt6_qml_QtQuick3D["QtQuick3D"]\n    node_venv_lib_python3_12_site-packages_PyQt6_Qt6_qml_QtQuick3D --> node_venv_lib_python3_12_site-packages_PyQt6_Qt6_qml_QtQuick3D_Particles3D["Particles3D"]\n    node_venv_lib_python3_12_site-packages_PyQt6_Qt6_qml_QtQuick3D_Particles3D --> node_venv_lib_python3_12_site-packages_PyQt6_Qt6_qml_QtQuick3D_Particles3D_designer["designer"]\n    node_venv_lib_python3_12_site-packages_PyQt6_Qt6_qml_QtQuick3D_Particles3D_designer --> node_venv_lib_python3_12_site-packages_PyQt6_Qt6_qml_QtQuick3D_Particles3D_designer_PointRotator3DSection_qml["PointRotator3DSection.qml"]\n    Root --> node_venv["venv"]\n    node_venv --> node_venv_lib["lib"]\n    node_venv_lib --> node_venv_lib_python3_12["python3.12"]\n    node_venv_lib_python3_12 --> node_venv_lib_python3_12_site-packages["site-packages"]\n    node_venv_lib_python3_12_site-packages --> node_venv_lib_python3_12_site-packages_PyQt6["PyQt6"]\n    node_venv_lib_python3_12_site-packages_PyQt6 --> node_venv_lib_python3_12_site-packages_PyQt6_Qt6["Qt6"]\n    node_venv_lib_python3_12_site-packages_PyQt6_Qt6 --> node_venv_lib_python3_12_site-packages_PyQt6_Qt6_qml["qml"]\n    node_venv_lib_python3_12_site-packages_PyQt6_Qt6_qml --> node_venv_lib_python3_12_site-packages_PyQt6_Qt6_qml_QtQuick3D["QtQuick3D"]\n    node_venv_lib_python3_12_site-packages_PyQt6_Qt6_qml_QtQuick3D --> node_venv_lib_python3_12_site-packages_PyQt6_Qt6_qml_QtQuick3D_Particles3D["Particles3D"]\n    node_venv_lib_python3_12_site-packages_PyQt6_Qt6_qml_QtQuick3D_Particles3D --> node_venv_lib_python3_12_site-packages_PyQt6_Qt6_qml_QtQuick3D_Particles3D_designer["designer"]\n    node_venv_lib_python3_12_site-packages_PyQt6_Qt6_qml_QtQuick3D_Particles3D_designer --> node_venv_lib_python3_12_site-packages_PyQt6_Qt6_qml_QtQuick3D_Particles3D_designer_PointRotator3DSpecifics_qml["PointRotator3DSpecifics.qml"]\n    Root --> node_venv["venv"]\n    node_venv --> node_venv_lib["lib"]\n    node_venv_lib --> node_venv_lib_python3_12["python3.12"]\n    node_venv_lib_python3_12 --> node_venv_lib_python3_12_site-packages["site-packages"]\n    node_venv_lib_python3_12_site-packages --> node_venv_lib_python3_12_site-packages_PyQt6["PyQt6"]\n    node_venv_lib_python3_12_site-packages_PyQt6 --> node_venv_lib_python3_12_site-packages_PyQt6_Qt6["Qt6"]\n    node_venv_lib_python3_12_site-packages_PyQt6_Qt6 --> node_venv_lib_python3_12_site-packages_PyQt6_Qt6_qml["qml"]\n    node_venv_lib_python3_12_site-packages_PyQt6_Qt6_qml --> node_venv_lib_python3_12_site-packages_PyQt6_Qt6_qml_QtQuick3D["QtQuick3D"]\n    node_venv_lib_python3_12_site-packages_PyQt6_Qt6_qml_QtQuick3D --> node_venv_lib_python3_12_site-packages_PyQt6_Qt6_qml_QtQuick3D_Particles3D["Particles3D"]\n    node_venv_lib_python3_12_site-packages_PyQt6_Qt6_qml_QtQuick3D_Particles3D --> node_venv_lib_python3_12_site-packages_PyQt6_Qt6_qml_QtQuick3D_Particles3D_designer["designer"]\n    node_venv_lib_python3_12_site-packages_PyQt6_Qt6_qml_QtQuick3D_Particles3D_designer --> node_venv_lib_python3_12_site-packages_PyQt6_Qt6_qml_QtQuick3D_Particles3D_designer_Repeller3DSection_qml["Repeller3DSection.qml"]\n    Root --> node_venv["venv"]\n    node_venv --> node_venv_lib["lib"]\n    node_venv_lib --> node_venv_lib_python3_12["python3.12"]\n    node_venv_lib_python3_12 --> node_venv_lib_python3_12_site-packages["site-packages"]\n    node_venv_lib_python3_12_site-packages --> node_venv_lib_python3_12_site-packages_PyQt6["PyQt6"]\n    node_venv_lib_python3_12_site-packages_PyQt6 --> node_venv_lib_python3_12_site-packages_PyQt6_Qt6["Qt6"]\n    node_venv_lib_python3_12_site-packages_PyQt6_Qt6 --> node_venv_lib_python3_12_site-packages_PyQt6_Qt6_qml["qml"]\n    node_venv_lib_python3_12_site-packages_PyQt6_Qt6_qml --> node_venv_lib_python3_12_site-packages_PyQt6_Qt6_qml_QtQuick3D["QtQuick3D"]\n    node_venv_lib_python3_12_site-packages_PyQt6_Qt6_qml_QtQuick3D --> node_venv_lib_python3_12_site-packages_PyQt6_Qt6_qml_QtQuick3D_Particles3D["Particles3D"]\n    node_venv_lib_python3_12_site-packages_PyQt6_Qt6_qml_QtQuick3D_Particles3D --> node_venv_lib_python3_12_site-packages_PyQt6_Qt6_qml_QtQuick3D_Particles3D_designer["designer"]\n    node_venv_lib_python3_12_site-packages_PyQt6_Qt6_qml_QtQuick3D_Particles3D_designer --> node_venv_lib_python3_12_site-packages_PyQt6_Qt6_qml_QtQuick3D_Particles3D_designer_Repeller3DSpecifics_qml["Repeller3DSpecifics.qml"]\n    Root --> node_venv["venv"]\n    node_venv --> node_venv_lib["lib"]\n    node_venv_lib --> node_venv_lib_python3_12["python3.12"]\n    node_venv_lib_python3_12 --> node_venv_lib_python3_12_site-packages["site-packages"]\n    node_venv_lib_python3_12_site-packages --> node_venv_lib_python3_12_site-packages_PyQt6["PyQt6"]\n    node_venv_lib_python3_12_site-packages_PyQt6 --> node_venv_lib_python3_12_site-packages_PyQt6_Qt6["Qt6"]\n    node_venv_lib_python3_12_site-packages_PyQt6_Qt6 --> node_venv_lib_python3_12_site-packages_PyQt6_Qt6_qml["qml"]\n    node_venv_lib_python3_12_site-packages_PyQt6_Qt6_qml --> node_venv_lib_python3_12_site-packages_PyQt6_Qt6_qml_QtQuick3D["QtQuick3D"]\n    node_venv_lib_python3_12_site-packages_PyQt6_Qt6_qml_QtQuick3D --> node_venv_lib_python3_12_site-packages_PyQt6_Qt6_qml_QtQuick3D_Particles3D["Particles3D"]\n    node_venv_lib_python3_12_site-packages_PyQt6_Qt6_qml_QtQuick3D_Particles3D --> node_venv_lib_python3_12_site-packages_PyQt6_Qt6_qml_QtQuick3D_Particles3D_designer["designer"]\n    node_venv_lib_python3_12_site-packages_PyQt6_Qt6_qml_QtQuick3D_Particles3D_designer --> node_venv_lib_python3_12_site-packages_PyQt6_Qt6_qml_QtQuick3D_Particles3D_designer_ScaleAffector3DSection_qml["ScaleAffector3DSection.qml"]\n    Root --> node_venv["venv"]\n    node_venv --> node_venv_lib["lib"]\n    node_venv_lib --> node_venv_lib_python3_12["python3.12"]\n    node_venv_lib_python3_12 --> node_venv_lib_python3_12_site-packages["site-packages"]\n    node_venv_lib_python3_12_site-packages --> node_venv_lib_python3_12_site-packages_PyQt6["PyQt6"]\n    node_venv_lib_python3_12_site-packages_PyQt6 --> node_venv_lib_python3_12_site-packages_PyQt6_Qt6["Qt6"]\n    node_venv_lib_python3_12_site-packages_PyQt6_Qt6 --> node_venv_lib_python3_12_site-packages_PyQt6_Qt6_qml["qml"]\n    node_venv_lib_python3_12_site-packages_PyQt6_Qt6_qml --> node_venv_lib_python3_12_site-packages_PyQt6_Qt6_qml_QtQuick3D["QtQuick3D"]\n    node_venv_lib_python3_12_site-packages_PyQt6_Qt6_qml_QtQuick3D --> node_venv_lib_python3_12_site-packages_PyQt6_Qt6_qml_QtQuick3D_Particles3D["Particles3D"]\n    node_venv_lib_python3_12_site-packages_PyQt6_Qt6_qml_QtQuick3D_Particles3D --> node_venv_lib_python3_12_site-packages_PyQt6_Qt6_qml_QtQuick3D_Particles3D_designer["designer"]\n    node_venv_lib_python3_12_site-packages_PyQt6_Qt6_qml_QtQuick3D_Particles3D_designer --> node_venv_lib_python3_12_site-packages_PyQt6_Qt6_qml_QtQuick3D_Particles3D_designer_ScaleAffector3DSpecifics_qml["ScaleAffector3DSpecifics.qml"]\n    Root --> node_venv["venv"]\n    node_venv --> node_venv_lib["lib"]\n    node_venv_lib --> node_venv_lib_python3_12["python3.12"]\n    node_venv_lib_python3_12 --> node_venv_lib_python3_12_site-packages["site-packages"]\n    node_venv_lib_python3_12_site-packages --> node_venv_lib_python3_12_site-packages_PyQt6["PyQt6"]\n    node_venv_lib_python3_12_site-packages_PyQt6 --> node_venv_lib_python3_12_site-packages_PyQt6_Qt6["Qt6"]\n    node_venv_lib_python3_12_site-packages_PyQt6_Qt6 --> node_venv_lib_python3_12_site-packages_PyQt6_Qt6_qml["qml"]\n    node_venv_lib_python3_12_site-packages_PyQt6_Qt6_qml --> node_venv_lib_python3_12_site-packages_PyQt6_Qt6_qml_QtQuick3D["QtQuick3D"]\n    node_venv_lib_python3_12_site-packages_PyQt6_Qt6_qml_QtQuick3D --> node_venv_lib_python3_12_site-packages_PyQt6_Qt6_qml_QtQuick3D_Particles3D["Particles3D"]\n    node_venv_lib_python3_12_site-packages_PyQt6_Qt6_qml_QtQuick3D_Particles3D --> node_venv_lib_python3_12_site-packages_PyQt6_Qt6_qml_QtQuick3D_Particles3D_designer["designer"]\n    node_venv_lib_python3_12_site-packages_PyQt6_Qt6_qml_QtQuick3D_Particles3D_designer --> node_venv_lib_python3_12_site-packages_PyQt6_Qt6_qml_QtQuick3D_Particles3D_designer_SpriteParticle3DSection_qml["SpriteParticle3DSection.qml"]\n    Root --> node_venv["venv"]\n    node_venv --> node_venv_lib["lib"]\n    node_venv_lib --> node_venv_lib_python3_12["python3.12"]\n    node_venv_lib_python3_12 --> node_venv_lib_python3_12_site-packages["site-packages"]\n    node_venv_lib_python3_12_site-packages --> node_venv_lib_python3_12_site-packages_PyQt6["PyQt6"]\n    node_venv_lib_python3_12_site-packages_PyQt6 --> node_venv_lib_python3_12_site-packages_PyQt6_Qt6["Qt6"]\n    node_venv_lib_python3_12_site-packages_PyQt6_Qt6 --> node_venv_lib_python3_12_site-packages_PyQt6_Qt6_qml["qml"]\n    node_venv_lib_python3_12_site-packages_PyQt6_Qt6_qml --> node_venv_lib_python3_12_site-packages_PyQt6_Qt6_qml_QtQuick3D["QtQuick3D"]\n    node_venv_lib_python3_12_site-packages_PyQt6_Qt6_qml_QtQuick3D --> node_venv_lib_python3_12_site-packages_PyQt6_Qt6_qml_QtQuick3D_Particles3D["Particles3D"]\n    node_venv_lib_python3_12_site-packages_PyQt6_Qt6_qml_QtQuick3D_Particles3D --> node_venv_lib_python3_12_site-packages_PyQt6_Qt6_qml_QtQuick3D_Particles3D_designer["designer"]\n    node_venv_lib_python3_12_site-packages_PyQt6_Qt6_qml_QtQuick3D_Particles3D_designer --> node_venv_lib_python3_12_site-packages_PyQt6_Qt6_qml_QtQuick3D_Particles3D_designer_SpriteParticle3DSpecifics_qml["SpriteParticle3DSpecifics.qml"]\n    Root --> node_venv["venv"]\n    node_venv --> node_venv_lib["lib"]\n    node_venv_lib --> node_venv_lib_python3_12["python3.12"]\n    node_venv_lib_python3_12 --> node_venv_lib_python3_12_site-packages["site-packages"]\n    node_venv_lib_python3_12_site-packages --> node_venv_lib_python3_12_site-packages_PyQt6["PyQt6"]\n    node_venv_lib_python3_12_site-packages_PyQt6 --> node_venv_lib_python3_12_site-packages_PyQt6_Qt6["Qt6"]\n    node_venv_lib_python3_12_site-packages_PyQt6_Qt6 --> node_venv_lib_python3_12_site-packages_PyQt6_Qt6_qml["qml"]\n    node_venv_lib_python3_12_site-packages_PyQt6_Qt6_qml --> node_venv_lib_python3_12_site-packages_PyQt6_Qt6_qml_QtQuick3D["QtQuick3D"]\n    node_venv_lib_python3_12_site-packages_PyQt6_Qt6_qml_QtQuick3D --> node_venv_lib_python3_12_site-packages_PyQt6_Qt6_qml_QtQuick3D_Particles3D["Particles3D"]\n    node_venv_lib_python3_12_site-packages_PyQt6_Qt6_qml_QtQuick3D_Particles3D --> node_venv_lib_python3_12_site-packages_PyQt6_Qt6_qml_QtQuick3D_Particles3D_designer["designer"]\n    node_venv_lib_python3_12_site-packages_PyQt6_Qt6_qml_QtQuick3D_Particles3D_designer --> node_venv_lib_python3_12_site-packages_PyQt6_Qt6_qml_QtQuick3D_Particles3D_designer_SpriteSequence3DSection_qml["SpriteSequence3DSection.qml"]\n    Root --> node_venv["venv"]\n    node_venv --> node_venv_lib["lib"]\n    node_venv_lib --> node_venv_lib_python3_12["python3.12"]\n    node_venv_lib_python3_12 --> node_venv_lib_python3_12_site-packages["site-packages"]\n    node_venv_lib_python3_12_site-packages --> node_venv_lib_python3_12_site-packages_PyQt6["PyQt6"]\n    node_venv_lib_python3_12_site-packages_PyQt6 --> node_venv_lib_python3_12_site-packages_PyQt6_Qt6["Qt6"]\n    node_venv_lib_python3_12_site-packages_PyQt6_Qt6 --> node_venv_lib_python3_12_site-packages_PyQt6_Qt6_qml["qml"]\n    node_venv_lib_python3_12_site-packages_PyQt6_Qt6_qml --> node_venv_lib_python3_12_site-packages_PyQt6_Qt6_qml_QtQuick3D["QtQuick3D"]\n    node_venv_lib_python3_12_site-packages_PyQt6_Qt6_qml_QtQuick3D --> node_venv_lib_python3_12_site-packages_PyQt6_Qt6_qml_QtQuick3D_Particles3D["Particles3D"]\n    node_venv_lib_python3_12_site-packages_PyQt6_Qt6_qml_QtQuick3D_Particles3D --> node_venv_lib_python3_12_site-packages_PyQt6_Qt6_qml_QtQuick3D_Particles3D_designer["designer"]\n    node_venv_lib_python3_12_site-packages_PyQt6_Qt6_qml_QtQuick3D_Particles3D_designer --> node_venv_lib_python3_12_site-packages_PyQt6_Qt6_qml_QtQuick3D_Particles3D_designer_SpriteSequence3DSpecifics_qml["SpriteSequence3DSpecifics.qml"]\n    Root --> node_venv["venv"]\n    node_venv --> node_venv_lib["lib"]\n    node_venv_lib --> node_venv_lib_python3_12["python3.12"]\n    node_venv_lib_python3_12 --> node_venv_lib_python3_12_site-packages["site-packages"]\n    node_venv_lib_python3_12_site-packages --> node_venv_lib_python3_12_site-packages_PyQt6["PyQt6"]\n    node_venv_lib_python3_12_site-packages_PyQt6 --> node_venv_lib_python3_12_site-packages_PyQt6_Qt6["Qt6"]\n    node_venv_lib_python3_12_site-packages_PyQt6_Qt6 --> node_venv_lib_python3_12_site-packages_PyQt6_Qt6_qml["qml"]\n    node_venv_lib_python3_12_site-packages_PyQt6_Qt6_qml --> node_venv_lib_python3_12_site-packages_PyQt6_Qt6_qml_QtQuick3D["QtQuick3D"]\n    node_venv_lib_python3_12_site-packages_PyQt6_Qt6_qml_QtQuick3D --> node_venv_lib_python3_12_site-packages_PyQt6_Qt6_qml_QtQuick3D_Particles3D["Particles3D"]\n    node_venv_lib_python3_12_site-packages_PyQt6_Qt6_qml_QtQuick3D_Particles3D --> node_venv_lib_python3_12_site-packages_PyQt6_Qt6_qml_QtQuick3D_Particles3D_designer["designer"]\n    node_venv_lib_python3_12_site-packages_PyQt6_Qt6_qml_QtQuick3D_Particles3D_designer --> node_venv_lib_python3_12_site-packages_PyQt6_Qt6_qml_QtQuick3D_Particles3D_designer_TargetDirection3DSection_qml["TargetDirection3DSection.qml"]\n    Root --> node_venv["venv"]\n    node_venv --> node_venv_lib["lib"]\n    node_venv_lib --> node_venv_lib_python3_12["python3.12"]\n    node_venv_lib_python3_12 --> node_venv_lib_python3_12_site-packages["site-packages"]\n    node_venv_lib_python3_12_site-packages --> node_venv_lib_python3_12_site-packages_PyQt6["PyQt6"]\n    node_venv_lib_python3_12_site-packages_PyQt6 --> node_venv_lib_python3_12_site-packages_PyQt6_Qt6["Qt6"]\n    node_venv_lib_python3_12_site-packages_PyQt6_Qt6 --> node_venv_lib_python3_12_site-packages_PyQt6_Qt6_qml["qml"]\n    node_venv_lib_python3_12_site-packages_PyQt6_Qt6_qml --> node_venv_lib_python3_12_site-packages_PyQt6_Qt6_qml_QtQuick3D["QtQuick3D"]\n    node_venv_lib_python3_12_site-packages_PyQt6_Qt6_qml_QtQuick3D --> node_venv_lib_python3_12_site-packages_PyQt6_Qt6_qml_QtQuick3D_Particles3D["Particles3D"]\n    node_venv_lib_python3_12_site-packages_PyQt6_Qt6_qml_QtQuick3D_Particles3D --> node_venv_lib_python3_12_site-packages_PyQt6_Qt6_qml_QtQuick3D_Particles3D_designer["designer"]\n    node_venv_lib_python3_12_site-packages_PyQt6_Qt6_qml_QtQuick3D_Particles3D_designer --> node_venv_lib_python3_12_site-packages_PyQt6_Qt6_qml_QtQuick3D_Particles3D_designer_TargetDirection3DSpecifics_qml["TargetDirection3DSpecifics.qml"]\n    Root --> node_venv["venv"]\n    node_venv --> node_venv_lib["lib"]\n    node_venv_lib --> node_venv_lib_python3_12["python3.12"]\n    node_venv_lib_python3_12 --> node_venv_lib_python3_12_site-packages["site-packages"]\n    node_venv_lib_python3_12_site-packages --> node_venv_lib_python3_12_site-packages_PyQt6["PyQt6"]\n    node_venv_lib_python3_12_site-packages_PyQt6 --> node_venv_lib_python3_12_site-packages_PyQt6_Qt6["Qt6"]\n    node_venv_lib_python3_12_site-packages_PyQt6_Qt6 --> node_venv_lib_python3_12_site-packages_PyQt6_Qt6_qml["qml"]\n    node_venv_lib_python3_12_site-packages_PyQt6_Qt6_qml --> node_venv_lib_python3_12_site-packages_PyQt6_Qt6_qml_QtQuick3D["QtQuick3D"]\n    node_venv_lib_python3_12_site-packages_PyQt6_Qt6_qml_QtQuick3D --> node_venv_lib_python3_12_site-packages_PyQt6_Qt6_qml_QtQuick3D_Particles3D["Particles3D"]\n    node_venv_lib_python3_12_site-packages_PyQt6_Qt6_qml_QtQuick3D_Particles3D --> node_venv_lib_python3_12_site-packages_PyQt6_Qt6_qml_QtQuick3D_Particles3D_designer["designer"]\n    node_venv_lib_python3_12_site-packages_PyQt6_Qt6_qml_QtQuick3D_Particles3D_designer --> node_venv_lib_python3_12_site-packages_PyQt6_Qt6_qml_QtQuick3D_Particles3D_designer_TrailEmitter3DSection_qml["TrailEmitter3DSection.qml"]\n    Root --> node_venv["venv"]\n    node_venv --> node_venv_lib["lib"]\n    node_venv_lib --> node_venv_lib_python3_12["python3.12"]\n    node_venv_lib_python3_12 --> node_venv_lib_python3_12_site-packages["site-packages"]\n    node_venv_lib_python3_12_site-packages --> node_venv_lib_python3_12_site-packages_PyQt6["PyQt6"]\n    node_venv_lib_python3_12_site-packages_PyQt6 --> node_venv_lib_python3_12_site-packages_PyQt6_Qt6["Qt6"]\n    node_venv_lib_python3_12_site-packages_PyQt6_Qt6 --> node_venv_lib_python3_12_site-packages_PyQt6_Qt6_qml["qml"]\n    node_venv_lib_python3_12_site-packages_PyQt6_Qt6_qml --> node_venv_lib_python3_12_site-packages_PyQt6_Qt6_qml_QtQuick3D["QtQuick3D"]\n    node_venv_lib_python3_12_site-packages_PyQt6_Qt6_qml_QtQuick3D --> node_venv_lib_python3_12_site-packages_PyQt6_Qt6_qml_QtQuick3D_Particles3D["Particles3D"]\n    node_venv_lib_python3_12_site-packages_PyQt6_Qt6_qml_QtQuick3D_Particles3D --> node_venv_lib_python3_12_site-packages_PyQt6_Qt6_qml_QtQuick3D_Particles3D_designer["designer"]\n    node_venv_lib_python3_12_site-packages_PyQt6_Qt6_qml_QtQuick3D_Particles3D_designer --> node_venv_lib_python3_12_site-packages_PyQt6_Qt6_qml_QtQuick3D_Particles3D_designer_TrailEmitter3DSpecifics_qml["TrailEmitter3DSpecifics.qml"]\n    Root --> node_venv["venv"]\n    node_venv --> node_venv_lib["lib"]\n    node_venv_lib --> node_venv_lib_python3_12["python3.12"]\n    node_venv_lib_python3_12 --> node_venv_lib_python3_12_site-packages["site-packages"]\n    node_venv_lib_python3_12_site-packages --> node_venv_lib_python3_12_site-packages_PyQt6["PyQt6"]\n    node_venv_lib_python3_12_site-packages_PyQt6 --> node_venv_lib_python3_12_site-packages_PyQt6_Qt6["Qt6"]\n    node_venv_lib_python3_12_site-packages_PyQt6_Qt6 --> node_venv_lib_python3_12_site-packages_PyQt6_Qt6_qml["qml"]\n    node_venv_lib_python3_12_site-packages_PyQt6_Qt6_qml --> node_venv_lib_python3_12_site-packages_PyQt6_Qt6_qml_QtQuick3D["QtQuick3D"]\n    node_venv_lib_python3_12_site-packages_PyQt6_Qt6_qml_QtQuick3D --> node_venv_lib_python3_12_site-packages_PyQt6_Qt6_qml_QtQuick3D_Particles3D["Particles3D"]\n    node_venv_lib_python3_12_site-packages_PyQt6_Qt6_qml_QtQuick3D_Particles3D --> node_venv_lib_python3_12_site-packages_PyQt6_Qt6_qml_QtQuick3D_Particles3D_designer["designer"]\n    node_venv_lib_python3_12_site-packages_PyQt6_Qt6_qml_QtQuick3D_Particles3D_designer --> node_venv_lib_python3_12_site-packages_PyQt6_Qt6_qml_QtQuick3D_Particles3D_designer_VectorDirection3DSection_qml["VectorDirection3DSection.qml"]\n    Root --> node_venv["venv"]\n    node_venv --> node_venv_lib["lib"]\n    node_venv_lib --> node_venv_lib_python3_12["python3.12"]\n    node_venv_lib_python3_12 --> node_venv_lib_python3_12_site-packages["site-packages"]\n    node_venv_lib_python3_12_site-packages --> node_venv_lib_python3_12_site-packages_PyQt6["PyQt6"]\n    node_venv_lib_python3_12_site-packages_PyQt6 --> node_venv_lib_python3_12_site-packages_PyQt6_Qt6["Qt6"]\n    node_venv_lib_python3_12_site-packages_PyQt6_Qt6 --> node_venv_lib_python3_12_site-packages_PyQt6_Qt6_qml["qml"]\n    node_venv_lib_python3_12_site-packages_PyQt6_Qt6_qml --> node_venv_lib_python3_12_site-packages_PyQt6_Qt6_qml_QtQuick3D["QtQuick3D"]\n    node_venv_lib_python3_12_site-packages_PyQt6_Qt6_qml_QtQuick3D --> node_venv_lib_python3_12_site-packages_PyQt6_Qt6_qml_QtQuick3D_Particles3D["Particles3D"]\n    node_venv_lib_python3_12_site-packages_PyQt6_Qt6_qml_QtQuick3D_Particles3D --> node_venv_lib_python3_12_site-packages_PyQt6_Qt6_qml_QtQuick3D_Particles3D_designer["designer"]\n    node_venv_lib_python3_12_site-packages_PyQt6_Qt6_qml_QtQuick3D_Particles3D_designer --> node_venv_lib_python3_12_site-packages_PyQt6_Qt6_qml_QtQuick3D_Particles3D_designer_VectorDirection3DSpecifics_qml["VectorDirection3DSpecifics.qml"]\n    Root --> node_venv["venv"]\n    node_venv --> node_venv_lib["lib"]\n    node_venv_lib --> node_venv_lib_python3_12["python3.12"]\n    node_venv_lib_python3_12 --> node_venv_lib_python3_12_site-packages["site-packages"]\n    node_venv_lib_python3_12_site-packages --> node_venv_lib_python3_12_site-packages_PyQt6["PyQt6"]\n    node_venv_lib_python3_12_site-packages_PyQt6 --> node_venv_lib_python3_12_site-packages_PyQt6_Qt6["Qt6"]\n    node_venv_lib_python3_12_site-packages_PyQt6_Qt6 --> node_venv_lib_python3_12_site-packages_PyQt6_Qt6_qml["qml"]\n    node_venv_lib_python3_12_site-packages_PyQt6_Qt6_qml --> node_venv_lib_python3_12_site-packages_PyQt6_Qt6_qml_QtQuick3D["QtQuick3D"]\n    node_venv_lib_python3_12_site-packages_PyQt6_Qt6_qml_QtQuick3D --> node_venv_lib_python3_12_site-packages_PyQt6_Qt6_qml_QtQuick3D_Particles3D["Particles3D"]\n    node_venv_lib_python3_12_site-packages_PyQt6_Qt6_qml_QtQuick3D_Particles3D --> node_venv_lib_python3_12_site-packages_PyQt6_Qt6_qml_QtQuick3D_Particles3D_designer["designer"]\n    node_venv_lib_python3_12_site-packages_PyQt6_Qt6_qml_QtQuick3D_Particles3D_designer --> node_venv_lib_python3_12_site-packages_PyQt6_Qt6_qml_QtQuick3D_Particles3D_designer_Wander3DSection_qml["Wander3DSection.qml"]\n    Root --> node_venv["venv"]\n    node_venv --> node_venv_lib["lib"]\n    node_venv_lib --> node_venv_lib_python3_12["python3.12"]\n    node_venv_lib_python3_12 --> node_venv_lib_python3_12_site-packages["site-packages"]\n    node_venv_lib_python3_12_site-packages --> node_venv_lib_python3_12_site-packages_PyQt6["PyQt6"]\n    node_venv_lib_python3_12_site-packages_PyQt6 --> node_venv_lib_python3_12_site-packages_PyQt6_Qt6["Qt6"]\n    node_venv_lib_python3_12_site-packages_PyQt6_Qt6 --> node_venv_lib_python3_12_site-packages_PyQt6_Qt6_qml["qml"]\n    node_venv_lib_python3_12_site-packages_PyQt6_Qt6_qml --> node_venv_lib_python3_12_site-packages_PyQt6_Qt6_qml_QtQuick3D["QtQuick3D"]\n    node_venv_lib_python3_12_site-packages_PyQt6_Qt6_qml_QtQuick3D --> node_venv_lib_python3_12_site-packages_PyQt6_Qt6_qml_QtQuick3D_Particles3D["Particles3D"]\n    node_venv_lib_python3_12_site-packages_PyQt6_Qt6_qml_QtQuick3D_Particles3D --> node_venv_lib_python3_12_site-packages_PyQt6_Qt6_qml_QtQuick3D_Particles3D_designer["designer"]\n    node_venv_lib_python3_12_site-packages_PyQt6_Qt6_qml_QtQuick3D_Particles3D_designer --> node_venv_lib_python3_12_site-packages_PyQt6_Qt6_qml_QtQuick3D_Particles3D_designer_Wander3DSpecifics_qml["Wander3DSpecifics.qml"]\n    Root --> node_venv["venv"]\n    node_venv --> node_venv_lib["lib"]\n    node_venv_lib --> node_venv_lib_python3_12["python3.12"]\n    node_venv_lib_python3_12 --> node_venv_lib_python3_12_site-packages["site-packages"]\n    node_venv_lib_python3_12_site-packages --> node_venv_lib_python3_12_site-packages_PyQt6["PyQt6"]\n    node_venv_lib_python3_12_site-packages_PyQt6 --> node_venv_lib_python3_12_site-packages_PyQt6_Qt6["Qt6"]\n    node_venv_lib_python3_12_site-packages_PyQt6_Qt6 --> node_venv_lib_python3_12_site-packages_PyQt6_Qt6_qml["qml"]\n    node_venv_lib_python3_12_site-packages_PyQt6_Qt6_qml --> node_venv_lib_python3_12_site-packages_PyQt6_Qt6_qml_QtQuick3D["QtQuick3D"]\n    node_venv_lib_python3_12_site-packages_PyQt6_Qt6_qml_QtQuick3D --> node_venv_lib_python3_12_site-packages_PyQt6_Qt6_qml_QtQuick3D_Particles3D["Particles3D"]\n    node_venv_lib_python3_12_site-packages_PyQt6_Qt6_qml_QtQuick3D_Particles3D --> node_venv_lib_python3_12_site-packages_PyQt6_Qt6_qml_QtQuick3D_Particles3D_designer["designer"]\n    node_venv_lib_python3_12_site-packages_PyQt6_Qt6_qml_QtQuick3D_Particles3D_designer --> node_venv_lib_python3_12_site-packages_PyQt6_Qt6_qml_QtQuick3D_Particles3D_designer_particles3d_metainfo["particles3d.metainfo"]\n    Root --> node_venv["venv"]\n    node_venv --> node_venv_lib["lib"]\n    node_venv_lib --> node_venv_lib_python3_12["python3.12"]\n    node_venv_lib_python3_12 --> node_venv_lib_python3_12_site-packages["site-packages"]\n    node_venv_lib_python3_12_site-packages --> node_venv_lib_python3_12_site-packages_PyQt6["PyQt6"]\n    node_venv_lib_python3_12_site-packages_PyQt6 --> node_venv_lib_python3_12_site-packages_PyQt6_Qt6["Qt6"]\n    node_venv_lib_python3_12_site-packages_PyQt6_Qt6 --> node_venv_lib_python3_12_site-packages_PyQt6_Qt6_qml["qml"]\n    node_venv_lib_python3_12_site-packages_PyQt6_Qt6_qml --> node_venv_lib_python3_12_site-packages_PyQt6_Qt6_qml_QtQuick3D["QtQuick3D"]\n    node_venv_lib_python3_12_site-packages_PyQt6_Qt6_qml_QtQuick3D --> node_venv_lib_python3_12_site-packages_PyQt6_Qt6_qml_QtQuick3D_Particles3D["Particles3D"]\n    node_venv_lib_python3_12_site-packages_PyQt6_Qt6_qml_QtQuick3D_Particles3D --> node_venv_lib_python3_12_site-packages_PyQt6_Qt6_qml_QtQuick3D_Particles3D_designer["designer"]\n    node_venv_lib_python3_12_site-packages_PyQt6_Qt6_qml_QtQuick3D_Particles3D_designer --> node_venv_lib_python3_12_site-packages_PyQt6_Qt6_qml_QtQuick3D_Particles3D_designer_images["images"]\n    node_venv_lib_python3_12_site-packages_PyQt6_Qt6_qml_QtQuick3D_Particles3D_designer_images --> node_venv_lib_python3_12_site-packages_PyQt6_Qt6_qml_QtQuick3D_Particles3D_designer_images_attractor-16px_png["attractor-16px.png"]\n    Root --> node_venv["venv"]\n    node_venv --> node_venv_lib["lib"]\n    node_venv_lib --> node_venv_lib_python3_12["python3.12"]\n    node_venv_lib_python3_12 --> node_venv_lib_python3_12_site-packages["site-packages"]\n    node_venv_lib_python3_12_site-packages --> node_venv_lib_python3_12_site-packages_PyQt6["PyQt6"]\n    node_venv_lib_python3_12_site-packages_PyQt6 --> node_venv_lib_python3_12_site-packages_PyQt6_Qt6["Qt6"]\n    node_venv_lib_python3_12_site-packages_PyQt6_Qt6 --> node_venv_lib_python3_12_site-packages_PyQt6_Qt6_qml["qml"]\n    node_venv_lib_python3_12_site-packages_PyQt6_Qt6_qml --> node_venv_lib_python3_12_site-packages_PyQt6_Qt6_qml_QtQuick3D["QtQuick3D"]\n    node_venv_lib_python3_12_site-packages_PyQt6_Qt6_qml_QtQuick3D --> node_venv_lib_python3_12_site-packages_PyQt6_Qt6_qml_QtQuick3D_Particles3D["Particles3D"]\n    node_venv_lib_python3_12_site-packages_PyQt6_Qt6_qml_QtQuick3D_Particles3D --> node_venv_lib_python3_12_site-packages_PyQt6_Qt6_qml_QtQuick3D_Particles3D_designer["designer"]\n    node_venv_lib_python3_12_site-packages_PyQt6_Qt6_qml_QtQuick3D_Particles3D_designer --> node_venv_lib_python3_12_site-packages_PyQt6_Qt6_qml_QtQuick3D_Particles3D_designer_images["images"]\n    node_venv_lib_python3_12_site-packages_PyQt6_Qt6_qml_QtQuick3D_Particles3D_designer_images --> node_venv_lib_python3_12_site-packages_PyQt6_Qt6_qml_QtQuick3D_Particles3D_designer_images_attractor-24px_png["attractor-24px.png"]\n    Root --> node_venv["venv"]\n    node_venv --> node_venv_lib["lib"]\n    node_venv_lib --> node_venv_lib_python3_12["python3.12"]\n    node_venv_lib_python3_12 --> node_venv_lib_python3_12_site-packages["site-packages"]\n    node_venv_lib_python3_12_site-packages --> node_venv_lib_python3_12_site-packages_PyQt6["PyQt6"]\n    node_venv_lib_python3_12_site-packages_PyQt6 --> node_venv_lib_python3_12_site-packages_PyQt6_Qt6["Qt6"]\n    node_venv_lib_python3_12_site-packages_PyQt6_Qt6 --> node_venv_lib_python3_12_site-packages_PyQt6_Qt6_qml["qml"]\n    node_venv_lib_python3_12_site-packages_PyQt6_Qt6_qml --> node_venv_lib_python3_12_site-packages_PyQt6_Qt6_qml_QtQuick3D["QtQuick3D"]\n    node_venv_lib_python3_12_site-packages_PyQt6_Qt6_qml_QtQuick3D --> node_venv_lib_python3_12_site-packages_PyQt6_Qt6_qml_QtQuick3D_Particles3D["Particles3D"]\n    node_venv_lib_python3_12_site-packages_PyQt6_Qt6_qml_QtQuick3D_Particles3D --> node_venv_lib_python3_12_site-packages_PyQt6_Qt6_qml_QtQuick3D_Particles3D_designer["designer"]\n    node_venv_lib_python3_12_site-packages_PyQt6_Qt6_qml_QtQuick3D_Particles3D_designer --> node_venv_lib_python3_12_site-packages_PyQt6_Qt6_qml_QtQuick3D_Particles3D_designer_images["images"]\n    node_venv_lib_python3_12_site-packages_PyQt6_Qt6_qml_QtQuick3D_Particles3D_designer_images --> node_venv_lib_python3_12_site-packages_PyQt6_Qt6_qml_QtQuick3D_Particles3D_designer_images_attractor-24px@2x_png["attractor-24px@2x.png"]\n    Root --> node_venv["venv"]\n    node_venv --> node_venv_lib["lib"]\n    node_venv_lib --> node_venv_lib_python3_12["python3.12"]\n    node_venv_lib_python3_12 --> node_venv_lib_python3_12_site-packages["site-packages"]\n    node_venv_lib_python3_12_site-packages --> node_venv_lib_python3_12_site-packages_PyQt6["PyQt6"]\n    node_venv_lib_python3_12_site-packages_PyQt6 --> node_venv_lib_python3_12_site-packages_PyQt6_Qt6["Qt6"]\n    node_venv_lib_python3_12_site-packages_PyQt6_Qt6 --> node_venv_lib_python3_12_site-packages_PyQt6_Qt6_qml["qml"]\n    node_venv_lib_python3_12_site-packages_PyQt6_Qt6_qml --> node_venv_lib_python3_12_site-packages_PyQt6_Qt6_qml_QtQuick3D["QtQuick3D"]\n    node_venv_lib_python3_12_site-packages_PyQt6_Qt6_qml_QtQuick3D --> node_venv_lib_python3_12_site-packages_PyQt6_Qt6_qml_QtQuick3D_Particles3D["Particles3D"]\n    node_venv_lib_python3_12_site-packages_PyQt6_Qt6_qml_QtQuick3D_Particles3D --> node_venv_lib_python3_12_site-packages_PyQt6_Qt6_qml_QtQuick3D_Particles3D_designer["designer"]\n    node_venv_lib_python3_12_site-packages_PyQt6_Qt6_qml_QtQuick3D_Particles3D_designer --> node_venv_lib_python3_12_site-packages_PyQt6_Qt6_qml_QtQuick3D_Particles3D_designer_images["images"]\n    node_venv_lib_python3_12_site-packages_PyQt6_Qt6_qml_QtQuick3D_Particles3D_designer_images --> node_venv_lib_python3_12_site-packages_PyQt6_Qt6_qml_QtQuick3D_Particles3D_designer_images_dummy_png["dummy.png"]\n    Root --> node_venv["venv"]\n    node_venv --> node_venv_lib["lib"]\n    node_venv_lib --> node_venv_lib_python3_12["python3.12"]\n    node_venv_lib_python3_12 --> node_venv_lib_python3_12_site-packages["site-packages"]\n    node_venv_lib_python3_12_site-packages --> node_venv_lib_python3_12_site-packages_PyQt6["PyQt6"]\n    node_venv_lib_python3_12_site-packages_PyQt6 --> node_venv_lib_python3_12_site-packages_PyQt6_Qt6["Qt6"]\n    node_venv_lib_python3_12_site-packages_PyQt6_Qt6 --> node_venv_lib_python3_12_site-packages_PyQt6_Qt6_qml["qml"]\n    node_venv_lib_python3_12_site-packages_PyQt6_Qt6_qml --> node_venv_lib_python3_12_site-packages_PyQt6_Qt6_qml_QtQuick3D["QtQuick3D"]\n    node_venv_lib_python3_12_site-packages_PyQt6_Qt6_qml_QtQuick3D --> node_venv_lib_python3_12_site-packages_PyQt6_Qt6_qml_QtQuick3D_Particles3D["Particles3D"]\n    node_venv_lib_python3_12_site-packages_PyQt6_Qt6_qml_QtQuick3D_Particles3D --> node_venv_lib_python3_12_site-packages_PyQt6_Qt6_qml_QtQuick3D_Particles3D_designer["designer"]\n    node_venv_lib_python3_12_site-packages_PyQt6_Qt6_qml_QtQuick3D_Particles3D_designer --> node_venv_lib_python3_12_site-packages_PyQt6_Qt6_qml_QtQuick3D_Particles3D_designer_images["images"]\n    node_venv_lib_python3_12_site-packages_PyQt6_Qt6_qml_QtQuick3D_Particles3D_designer_images --> node_venv_lib_python3_12_site-packages_PyQt6_Qt6_qml_QtQuick3D_Particles3D_designer_images_dummy16_png["dummy16.png"]\n    Root --> node_venv["venv"]\n    node_venv --> node_venv_lib["lib"]\n    node_venv_lib --> node_venv_lib_python3_12["python3.12"]\n    node_venv_lib_python3_12 --> node_venv_lib_python3_12_site-packages["site-packages"]\n    node_venv_lib_python3_12_site-packages --> node_venv_lib_python3_12_site-packages_PyQt6["PyQt6"]\n    node_venv_lib_python3_12_site-packages_PyQt6 --> node_venv_lib_python3_12_site-packages_PyQt6_Qt6["Qt6"]\n    node_venv_lib_python3_12_site-packages_PyQt6_Qt6 --> node_venv_lib_python3_12_site-packages_PyQt6_Qt6_qml["qml"]\n    node_venv_lib_python3_12_site-packages_PyQt6_Qt6_qml --> node_venv_lib_python3_12_site-packages_PyQt6_Qt6_qml_QtQuick3D["QtQuick3D"]\n    node_venv_lib_python3_12_site-packages_PyQt6_Qt6_qml_QtQuick3D --> node_venv_lib_python3_12_site-packages_PyQt6_Qt6_qml_QtQuick3D_Particles3D["Particles3D"]\n    node_venv_lib_python3_12_site-packages_PyQt6_Qt6_qml_QtQuick3D_Particles3D --> node_venv_lib_python3_12_site-packages_PyQt6_Qt6_qml_QtQuick3D_Particles3D_designer["designer"]\n    node_venv_lib_python3_12_site-packages_PyQt6_Qt6_qml_QtQuick3D_Particles3D_designer --> node_venv_lib_python3_12_site-packages_PyQt6_Qt6_qml_QtQuick3D_Particles3D_designer_images["images"]\n    node_venv_lib_python3_12_site-packages_PyQt6_Qt6_qml_QtQuick3D_Particles3D_designer_images --> node_venv_lib_python3_12_site-packages_PyQt6_Qt6_qml_QtQuick3D_Particles3D_designer_images_dummy@2x_png["dummy@2x.png"]\n    Root --> node_venv["venv"]\n    node_venv --> node_venv_lib["lib"]\n    node_venv_lib --> node_venv_lib_python3_12["python3.12"]\n    node_venv_lib_python3_12 --> node_venv_lib_python3_12_site-packages["site-packages"]\n    node_venv_lib_python3_12_site-packages --> node_venv_lib_python3_12_site-packages_PyQt6["PyQt6"]\n    node_venv_lib_python3_12_site-packages_PyQt6 --> node_venv_lib_python3_12_site-packages_PyQt6_Qt6["Qt6"]\n    node_venv_lib_python3_12_site-packages_PyQt6_Qt6 --> node_venv_lib_python3_12_site-packages_PyQt6_Qt6_qml["qml"]\n    node_venv_lib_python3_12_site-packages_PyQt6_Qt6_qml --> node_venv_lib_python3_12_site-packages_PyQt6_Qt6_qml_QtQuick3D["QtQuick3D"]\n    node_venv_lib_python3_12_site-packages_PyQt6_Qt6_qml_QtQuick3D --> node_venv_lib_python3_12_site-packages_PyQt6_Qt6_qml_QtQuick3D_Particles3D["Particles3D"]\n    node_venv_lib_python3_12_site-packages_PyQt6_Qt6_qml_QtQuick3D_Particles3D --> node_venv_lib_python3_12_site-packages_PyQt6_Qt6_qml_QtQuick3D_Particles3D_designer["designer"]\n    node_venv_lib_python3_12_site-packages_PyQt6_Qt6_qml_QtQuick3D_Particles3D_designer --> node_venv_lib_python3_12_site-packages_PyQt6_Qt6_qml_QtQuick3D_Particles3D_designer_images["images"]\n    node_venv_lib_python3_12_site-packages_PyQt6_Qt6_qml_QtQuick3D_Particles3D_designer_images --> node_venv_lib_python3_12_site-packages_PyQt6_Qt6_qml_QtQuick3D_Particles3D_designer_images_emit-burst-16px_png["emit-burst-16px.png"]\n    Root --> node_venv["venv"]\n    node_venv --> node_venv_lib["lib"]\n    node_venv_lib --> node_venv_lib_python3_12["python3.12"]\n    node_venv_lib_python3_12 --> node_venv_lib_python3_12_site-packages["site-packages"]\n    node_venv_lib_python3_12_site-packages --> node_venv_lib_python3_12_site-packages_PyQt6["PyQt6"]\n    node_venv_lib_python3_12_site-packages_PyQt6 --> node_venv_lib_python3_12_site-packages_PyQt6_Qt6["Qt6"]\n    node_venv_lib_python3_12_site-packages_PyQt6_Qt6 --> node_venv_lib_python3_12_site-packages_PyQt6_Qt6_qml["qml"]\n    node_venv_lib_python3_12_site-packages_PyQt6_Qt6_qml --> node_venv_lib_python3_12_site-packages_PyQt6_Qt6_qml_QtQuick3D["QtQuick3D"]\n    node_venv_lib_python3_12_site-packages_PyQt6_Qt6_qml_QtQuick3D --> node_venv_lib_python3_12_site-packages_PyQt6_Qt6_qml_QtQuick3D_Particles3D["Particles3D"]\n    node_venv_lib_python3_12_site-packages_PyQt6_Qt6_qml_QtQuick3D_Particles3D --> node_venv_lib_python3_12_site-packages_PyQt6_Qt6_qml_QtQuick3D_Particles3D_designer["designer"]\n    node_venv_lib_python3_12_site-packages_PyQt6_Qt6_qml_QtQuick3D_Particles3D_designer --> node_venv_lib_python3_12_site-packages_PyQt6_Qt6_qml_QtQuick3D_Particles3D_designer_images["images"]\n    node_venv_lib_python3_12_site-packages_PyQt6_Qt6_qml_QtQuick3D_Particles3D_designer_images --> node_venv_lib_python3_12_site-packages_PyQt6_Qt6_qml_QtQuick3D_Particles3D_designer_images_emit-burst-24px_png["emit-burst-24px.png"]\n    Root --> node_venv["venv"]\n    node_venv --> node_venv_lib["lib"]\n    node_venv_lib --> node_venv_lib_python3_12["python3.12"]\n    node_venv_lib_python3_12 --> node_venv_lib_python3_12_site-packages["site-packages"]\n    node_venv_lib_python3_12_site-packages --> node_venv_lib_python3_12_site-packages_PyQt6["PyQt6"]\n    node_venv_lib_python3_12_site-packages_PyQt6 --> node_venv_lib_python3_12_site-packages_PyQt6_Qt6["Qt6"]\n    node_venv_lib_python3_12_site-packages_PyQt6_Qt6 --> node_venv_lib_python3_12_site-packages_PyQt6_Qt6_qml["qml"]\n    node_venv_lib_python3_12_site-packages_PyQt6_Qt6_qml --> node_venv_lib_python3_12_site-packages_PyQt6_Qt6_qml_QtQuick3D["QtQuick3D"]\n    node_venv_lib_python3_12_site-packages_PyQt6_Qt6_qml_QtQuick3D --> node_venv_lib_python3_12_site-packages_PyQt6_Qt6_qml_QtQuick3D_Particles3D["Particles3D"]\n    node_venv_lib_python3_12_site-packages_PyQt6_Qt6_qml_QtQuick3D_Particles3D --> node_venv_lib_python3_12_site-packages_PyQt6_Qt6_qml_QtQuick3D_Particles3D_designer["designer"]\n    node_venv_lib_python3_12_site-packages_PyQt6_Qt6_qml_QtQuick3D_Particles3D_designer --> node_venv_lib_python3_12_site-packages_PyQt6_Qt6_qml_QtQuick3D_Particles3D_designer_images["images"]\n    node_venv_lib_python3_12_site-packages_PyQt6_Qt6_qml_QtQuick3D_Particles3D_designer_images --> node_venv_lib_python3_12_site-packages_PyQt6_Qt6_qml_QtQuick3D_Particles3D_designer_images_emit-burst-24px@2x_png["emit-burst-24px@2x.png"]\n    Root --> node_venv["venv"]\n    node_venv --> node_venv_lib["lib"]\n    node_venv_lib --> node_venv_lib_python3_12["python3.12"]\n    node_venv_lib_python3_12 --> node_venv_lib_python3_12_site-packages["site-packages"]\n    node_venv_lib_python3_12_site-packages --> node_venv_lib_python3_12_site-packages_PyQt6["PyQt6"]\n    node_venv_lib_python3_12_site-packages_PyQt6 --> node_venv_lib_python3_12_site-packages_PyQt6_Qt6["Qt6"]\n    node_venv_lib_python3_12_site-packages_PyQt6_Qt6 --> node_venv_lib_python3_12_site-packages_PyQt6_Qt6_qml["qml"]\n    node_venv_lib_python3_12_site-packages_PyQt6_Qt6_qml --> node_venv_lib_python3_12_site-packages_PyQt6_Qt6_qml_QtQuick3D["QtQuick3D"]\n    node_venv_lib_python3_12_site-packages_PyQt6_Qt6_qml_QtQuick3D --> node_venv_lib_python3_12_site-packages_PyQt6_Qt6_qml_QtQuick3D_Particles3D["Particles3D"]\n    node_venv_lib_python3_12_site-packages_PyQt6_Qt6_qml_QtQuick3D_Particles3D --> node_venv_lib_python3_12_site-packages_PyQt6_Qt6_qml_QtQuick3D_Particles3D_designer["designer"]\n    node_venv_lib_python3_12_site-packages_PyQt6_Qt6_qml_QtQuick3D_Particles3D_designer --> node_venv_lib_python3_12_site-packages_PyQt6_Qt6_qml_QtQuick3D_Particles3D_designer_images["images"]\n    node_venv_lib_python3_12_site-packages_PyQt6_Qt6_qml_QtQuick3D_Particles3D_designer_images --> node_venv_lib_python3_12_site-packages_PyQt6_Qt6_qml_QtQuick3D_Particles3D_designer_images_emitter-16px_png["emitter-16px.png"]\n    Root --> node_venv["venv"]\n    node_venv --> node_venv_lib["lib"]\n    node_venv_lib --> node_venv_lib_python3_12["python3.12"]\n    node_venv_lib_python3_12 --> node_venv_lib_python3_12_site-packages["site-packages"]\n    node_venv_lib_python3_12_site-packages --> node_venv_lib_python3_12_site-packages_PyQt6["PyQt6"]\n    node_venv_lib_python3_12_site-packages_PyQt6 --> node_venv_lib_python3_12_site-packages_PyQt6_Qt6["Qt6"]\n    node_venv_lib_python3_12_site-packages_PyQt6_Qt6 --> node_venv_lib_python3_12_site-packages_PyQt6_Qt6_qml["qml"]\n    node_venv_lib_python3_12_site-packages_PyQt6_Qt6_qml --> node_venv_lib_python3_12_site-packages_PyQt6_Qt6_qml_QtQuick3D["QtQuick3D"]\n    node_venv_lib_python3_12_site-packages_PyQt6_Qt6_qml_QtQuick3D --> node_venv_lib_python3_12_site-packages_PyQt6_Qt6_qml_QtQuick3D_Particles3D["Particles3D"]\n    node_venv_lib_python3_12_site-packages_PyQt6_Qt6_qml_QtQuick3D_Particles3D --> node_venv_lib_python3_12_site-packages_PyQt6_Qt6_qml_QtQuick3D_Particles3D_designer["designer"]\n    node_venv_lib_python3_12_site-packages_PyQt6_Qt6_qml_QtQuick3D_Particles3D_designer --> node_venv_lib_python3_12_site-packages_PyQt6_Qt6_qml_QtQuick3D_Particles3D_designer_images["images"]\n    node_venv_lib_python3_12_site-packages_PyQt6_Qt6_qml_QtQuick3D_Particles3D_designer_images --> node_venv_lib_python3_12_site-packages_PyQt6_Qt6_qml_QtQuick3D_Particles3D_designer_images_emitter-24px_png["emitter-24px.png"]\n    Root --> node_venv["venv"]\n    node_venv --> node_venv_lib["lib"]\n    node_venv_lib --> node_venv_lib_python3_12["python3.12"]\n    node_venv_lib_python3_12 --> node_venv_lib_python3_12_site-packages["site-packages"]\n    node_venv_lib_python3_12_site-packages --> node_venv_lib_python3_12_site-packages_PyQt6["PyQt6"]\n    node_venv_lib_python3_12_site-packages_PyQt6 --> node_venv_lib_python3_12_site-packages_PyQt6_Qt6["Qt6"]\n    node_venv_lib_python3_12_site-packages_PyQt6_Qt6 --> node_venv_lib_python3_12_site-packages_PyQt6_Qt6_qml["qml"]\n    node_venv_lib_python3_12_site-packages_PyQt6_Qt6_qml --> node_venv_lib_python3_12_site-packages_PyQt6_Qt6_qml_QtQuick3D["QtQuick3D"]\n    node_venv_lib_python3_12_site-packages_PyQt6_Qt6_qml_QtQuick3D --> node_venv_lib_python3_12_site-packages_PyQt6_Qt6_qml_QtQuick3D_Particles3D["Particles3D"]\n    node_venv_lib_python3_12_site-packages_PyQt6_Qt6_qml_QtQuick3D_Particles3D --> node_venv_lib_python3_12_site-packages_PyQt6_Qt6_qml_QtQuick3D_Particles3D_designer["designer"]\n    node_venv_lib_python3_12_site-packages_PyQt6_Qt6_qml_QtQuick3D_Particles3D_designer --> node_venv_lib_python3_12_site-packages_PyQt6_Qt6_qml_QtQuick3D_Particles3D_designer_images["images"]\n    node_venv_lib_python3_12_site-packages_PyQt6_Qt6_qml_QtQuick3D_Particles3D_designer_images --> node_venv_lib_python3_12_site-packages_PyQt6_Qt6_qml_QtQuick3D_Particles3D_designer_images_emitter-24px@2x_png["emitter-24px@2x.png"]\n    Root --> node_venv["venv"]\n    node_venv --> node_venv_lib["lib"]\n    node_venv_lib --> node_venv_lib_python3_12["python3.12"]\n    node_venv_lib_python3_12 --> node_venv_lib_python3_12_site-packages["site-packages"]\n    node_venv_lib_python3_12_site-packages --> node_venv_lib_python3_12_site-packages_PyQt6["PyQt6"]\n    node_venv_lib_python3_12_site-packages_PyQt6 --> node_venv_lib_python3_12_site-packages_PyQt6_Qt6["Qt6"]\n    node_venv_lib_python3_12_site-packages_PyQt6_Qt6 --> node_venv_lib_python3_12_site-packages_PyQt6_Qt6_qml["qml"]\n    node_venv_lib_python3_12_site-packages_PyQt6_Qt6_qml --> node_venv_lib_python3_12_site-packages_PyQt6_Qt6_qml_QtQuick3D["QtQuick3D"]\n    node_venv_lib_python3_12_site-packages_PyQt6_Qt6_qml_QtQuick3D --> node_venv_lib_python3_12_site-packages_PyQt6_Qt6_qml_QtQuick3D_Particles3D["Particles3D"]\n    node_venv_lib_python3_12_site-packages_PyQt6_Qt6_qml_QtQuick3D_Particles3D --> node_venv_lib_python3_12_site-packages_PyQt6_Qt6_qml_QtQuick3D_Particles3D_designer["designer"]\n    node_venv_lib_python3_12_site-packages_PyQt6_Qt6_qml_QtQuick3D_Particles3D_designer --> node_venv_lib_python3_12_site-packages_PyQt6_Qt6_qml_QtQuick3D_Particles3D_designer_images["images"]\n    node_venv_lib_python3_12_site-packages_PyQt6_Qt6_qml_QtQuick3D_Particles3D_designer_images --> node_venv_lib_python3_12_site-packages_PyQt6_Qt6_qml_QtQuick3D_Particles3D_designer_images_gravity-16px_png["gravity-16px.png"]\n    Root --> node_venv["venv"]\n    node_venv --> node_venv_lib["lib"]\n    node_venv_lib --> node_venv_lib_python3_12["python3.12"]\n    node_venv_lib_python3_12 --> node_venv_lib_python3_12_site-packages["site-packages"]\n    node_venv_lib_python3_12_site-packages --> node_venv_lib_python3_12_site-packages_PyQt6["PyQt6"]\n    node_venv_lib_python3_12_site-packages_PyQt6 --> node_venv_lib_python3_12_site-packages_PyQt6_Qt6["Qt6"]\n    node_venv_lib_python3_12_site-packages_PyQt6_Qt6 --> node_venv_lib_python3_12_site-packages_PyQt6_Qt6_qml["qml"]\n    node_venv_lib_python3_12_site-packages_PyQt6_Qt6_qml --> node_venv_lib_python3_12_site-packages_PyQt6_Qt6_qml_QtQuick3D["QtQuick3D"]\n    node_venv_lib_python3_12_site-packages_PyQt6_Qt6_qml_QtQuick3D --> node_venv_lib_python3_12_site-packages_PyQt6_Qt6_qml_QtQuick3D_Particles3D["Particles3D"]\n    node_venv_lib_python3_12_site-packages_PyQt6_Qt6_qml_QtQuick3D_Particles3D --> node_venv_lib_python3_12_site-packages_PyQt6_Qt6_qml_QtQuick3D_Particles3D_designer["designer"]\n    node_venv_lib_python3_12_site-packages_PyQt6_Qt6_qml_QtQuick3D_Particles3D_designer --> node_venv_lib_python3_12_site-packages_PyQt6_Qt6_qml_QtQuick3D_Particles3D_designer_images["images"]\n    node_venv_lib_python3_12_site-packages_PyQt6_Qt6_qml_QtQuick3D_Particles3D_designer_images --> node_venv_lib_python3_12_site-packages_PyQt6_Qt6_qml_QtQuick3D_Particles3D_designer_images_gravity-24px_png["gravity-24px.png"]\n    Root --> node_venv["venv"]\n    node_venv --> node_venv_lib["lib"]\n    node_venv_lib --> node_venv_lib_python3_12["python3.12"]\n    node_venv_lib_python3_12 --> node_venv_lib_python3_12_site-packages["site-packages"]\n    node_venv_lib_python3_12_site-packages --> node_venv_lib_python3_12_site-packages_PyQt6["PyQt6"]\n    node_venv_lib_python3_12_site-packages_PyQt6 --> node_venv_lib_python3_12_site-packages_PyQt6_Qt6["Qt6"]\n    node_venv_lib_python3_12_site-packages_PyQt6_Qt6 --> node_venv_lib_python3_12_site-packages_PyQt6_Qt6_qml["qml"]\n    node_venv_lib_python3_12_site-packages_PyQt6_Qt6_qml --> node_venv_lib_python3_12_site-packages_PyQt6_Qt6_qml_QtQuick3D["QtQuick3D"]\n    node_venv_lib_python3_12_site-packages_PyQt6_Qt6_qml_QtQuick3D --> node_venv_lib_python3_12_site-packages_PyQt6_Qt6_qml_QtQuick3D_Particles3D["Particles3D"]\n    node_venv_lib_python3_12_site-packages_PyQt6_Qt6_qml_QtQuick3D_Particles3D --> node_venv_lib_python3_12_site-packages_PyQt6_Qt6_qml_QtQuick3D_Particles3D_designer["designer"]\n    node_venv_lib_python3_12_site-packages_PyQt6_Qt6_qml_QtQuick3D_Particles3D_designer --> node_venv_lib_python3_12_site-packages_PyQt6_Qt6_qml_QtQuick3D_Particles3D_designer_images["images"]\n    node_venv_lib_python3_12_site-packages_PyQt6_Qt6_qml_QtQuick3D_Particles3D_designer_images --> node_venv_lib_python3_12_site-packages_PyQt6_Qt6_qml_QtQuick3D_Particles3D_designer_images_gravity-24px@2x_png["gravity-24px@2x.png"]\n    Root --> node_venv["venv"]\n    node_venv --> node_venv_lib["lib"]\n    node_venv_lib --> node_venv_lib_python3_12["python3.12"]\n    node_venv_lib_python3_12 --> node_venv_lib_python3_12_site-packages["site-packages"]\n    node_venv_lib_python3_12_site-packages --> node_venv_lib_python3_12_site-packages_PyQt6["PyQt6"]\n    node_venv_lib_python3_12_site-packages_PyQt6 --> node_venv_lib_python3_12_site-packages_PyQt6_Qt6["Qt6"]\n    node_venv_lib_python3_12_site-packages_PyQt6_Qt6 --> node_venv_lib_python3_12_site-packages_PyQt6_Qt6_qml["qml"]\n    node_venv_lib_python3_12_site-packages_PyQt6_Qt6_qml --> node_venv_lib_python3_12_site-packages_PyQt6_Qt6_qml_QtQuick3D["QtQuick3D"]\n    node_venv_lib_python3_12_site-packages_PyQt6_Qt6_qml_QtQuick3D --> node_venv_lib_python3_12_site-packages_PyQt6_Qt6_qml_QtQuick3D_Particles3D["Particles3D"]\n    node_venv_lib_python3_12_site-packages_PyQt6_Qt6_qml_QtQuick3D_Particles3D --> node_venv_lib_python3_12_site-packages_PyQt6_Qt6_qml_QtQuick3D_Particles3D_designer["designer"]\n    node_venv_lib_python3_12_site-packages_PyQt6_Qt6_qml_QtQuick3D_Particles3D_designer --> node_venv_lib_python3_12_site-packages_PyQt6_Qt6_qml_QtQuick3D_Particles3D_designer_images["images"]\n    node_venv_lib_python3_12_site-packages_PyQt6_Qt6_qml_QtQuick3D_Particles3D_designer_images --> node_venv_lib_python3_12_site-packages_PyQt6_Qt6_qml_QtQuick3D_Particles3D_designer_images_line-particle-16px_png["line-particle-16px.png"]\n    Root --> node_venv["venv"]\n    node_venv --> node_venv_lib["lib"]\n    node_venv_lib --> node_venv_lib_python3_12["python3.12"]\n    node_venv_lib_python3_12 --> node_venv_lib_python3_12_site-packages["site-packages"]\n    node_venv_lib_python3_12_site-packages --> node_venv_lib_python3_12_site-packages_PyQt6["PyQt6"]\n    node_venv_lib_python3_12_site-packages_PyQt6 --> node_venv_lib_python3_12_site-packages_PyQt6_Qt6["Qt6"]\n    node_venv_lib_python3_12_site-packages_PyQt6_Qt6 --> node_venv_lib_python3_12_site-packages_PyQt6_Qt6_qml["qml"]\n    node_venv_lib_python3_12_site-packages_PyQt6_Qt6_qml --> node_venv_lib_python3_12_site-packages_PyQt6_Qt6_qml_QtQuick3D["QtQuick3D"]\n    node_venv_lib_python3_12_site-packages_PyQt6_Qt6_qml_QtQuick3D --> node_venv_lib_python3_12_site-packages_PyQt6_Qt6_qml_QtQuick3D_Particles3D["Particles3D"]\n    node_venv_lib_python3_12_site-packages_PyQt6_Qt6_qml_QtQuick3D_Particles3D --> node_venv_lib_python3_12_site-packages_PyQt6_Qt6_qml_QtQuick3D_Particles3D_designer["designer"]\n    node_venv_lib_python3_12_site-packages_PyQt6_Qt6_qml_QtQuick3D_Particles3D_designer --> node_venv_lib_python3_12_site-packages_PyQt6_Qt6_qml_QtQuick3D_Particles3D_designer_images["images"]\n    node_venv_lib_python3_12_site-packages_PyQt6_Qt6_qml_QtQuick3D_Particles3D_designer_images --> node_venv_lib_python3_12_site-packages_PyQt6_Qt6_qml_QtQuick3D_Particles3D_designer_images_line-particle-24px_png["line-particle-24px.png"]\n    Root --> node_venv["venv"]\n    node_venv --> node_venv_lib["lib"]\n    node_venv_lib --> node_venv_lib_python3_12["python3.12"]\n    node_venv_lib_python3_12 --> node_venv_lib_python3_12_site-packages["site-packages"]\n    node_venv_lib_python3_12_site-packages --> node_venv_lib_python3_12_site-packages_PyQt6["PyQt6"]\n    node_venv_lib_python3_12_site-packages_PyQt6 --> node_venv_lib_python3_12_site-packages_PyQt6_Qt6["Qt6"]\n    node_venv_lib_python3_12_site-packages_PyQt6_Qt6 --> node_venv_lib_python3_12_site-packages_PyQt6_Qt6_qml["qml"]\n    node_venv_lib_python3_12_site-packages_PyQt6_Qt6_qml --> node_venv_lib_python3_12_site-packages_PyQt6_Qt6_qml_QtQuick3D["QtQuick3D"]\n    node_venv_lib_python3_12_site-packages_PyQt6_Qt6_qml_QtQuick3D --> node_venv_lib_python3_12_site-packages_PyQt6_Qt6_qml_QtQuick3D_Particles3D["Particles3D"]\n    node_venv_lib_python3_12_site-packages_PyQt6_Qt6_qml_QtQuick3D_Particles3D --> node_venv_lib_python3_12_site-packages_PyQt6_Qt6_qml_QtQuick3D_Particles3D_designer["designer"]\n    node_venv_lib_python3_12_site-packages_PyQt6_Qt6_qml_QtQuick3D_Particles3D_designer --> node_venv_lib_python3_12_site-packages_PyQt6_Qt6_qml_QtQuick3D_Particles3D_designer_images["images"]\n    node_venv_lib_python3_12_site-packages_PyQt6_Qt6_qml_QtQuick3D_Particles3D_designer_images --> node_venv_lib_python3_12_site-packages_PyQt6_Qt6_qml_QtQuick3D_Particles3D_designer_images_line-particle-24px@2x_png["line-particle-24px@2x.png"]\n    Root --> node_venv["venv"]\n    node_venv --> node_venv_lib["lib"]\n    node_venv_lib --> node_venv_lib_python3_12["python3.12"]\n    node_venv_lib_python3_12 --> node_venv_lib_python3_12_site-packages["site-packages"]\n    node_venv_lib_python3_12_site-packages --> node_venv_lib_python3_12_site-packages_PyQt6["PyQt6"]\n    node_venv_lib_python3_12_site-packages_PyQt6 --> node_venv_lib_python3_12_site-packages_PyQt6_Qt6["Qt6"]\n    node_venv_lib_python3_12_site-packages_PyQt6_Qt6 --> node_venv_lib_python3_12_site-packages_PyQt6_Qt6_qml["qml"]\n    node_venv_lib_python3_12_site-packages_PyQt6_Qt6_qml --> node_venv_lib_python3_12_site-packages_PyQt6_Qt6_qml_QtQuick3D["QtQuick3D"]\n    node_venv_lib_python3_12_site-packages_PyQt6_Qt6_qml_QtQuick3D --> node_venv_lib_python3_12_site-packages_PyQt6_Qt6_qml_QtQuick3D_Particles3D["Particles3D"]\n    node_venv_lib_python3_12_site-packages_PyQt6_Qt6_qml_QtQuick3D_Particles3D --> node_venv_lib_python3_12_site-packages_PyQt6_Qt6_qml_QtQuick3D_Particles3D_designer["designer"]\n    node_venv_lib_python3_12_site-packages_PyQt6_Qt6_qml_QtQuick3D_Particles3D_designer --> node_venv_lib_python3_12_site-packages_PyQt6_Qt6_qml_QtQuick3D_Particles3D_designer_images["images"]\n    node_venv_lib_python3_12_site-packages_PyQt6_Qt6_qml_QtQuick3D_Particles3D_designer_images --> node_venv_lib_python3_12_site-packages_PyQt6_Qt6_qml_QtQuick3D_Particles3D_designer_images_model-blend-particle-16px_png["model-blend-particle-16px.png"]\n    Root --> node_venv["venv"]\n    node_venv --> node_venv_lib["lib"]\n    node_venv_lib --> node_venv_lib_python3_12["python3.12"]\n    node_venv_lib_python3_12 --> node_venv_lib_python3_12_site-packages["site-packages"]\n    node_venv_lib_python3_12_site-packages --> node_venv_lib_python3_12_site-packages_PyQt6["PyQt6"]\n    node_venv_lib_python3_12_site-packages_PyQt6 --> node_venv_lib_python3_12_site-packages_PyQt6_Qt6["Qt6"]\n    node_venv_lib_python3_12_site-packages_PyQt6_Qt6 --> node_venv_lib_python3_12_site-packages_PyQt6_Qt6_qml["qml"]\n    node_venv_lib_python3_12_site-packages_PyQt6_Qt6_qml --> node_venv_lib_python3_12_site-packages_PyQt6_Qt6_qml_QtQuick3D["QtQuick3D"]\n    node_venv_lib_python3_12_site-packages_PyQt6_Qt6_qml_QtQuick3D --> node_venv_lib_python3_12_site-packages_PyQt6_Qt6_qml_QtQuick3D_Particles3D["Particles3D"]\n    node_venv_lib_python3_12_site-packages_PyQt6_Qt6_qml_QtQuick3D_Particles3D --> node_venv_lib_python3_12_site-packages_PyQt6_Qt6_qml_QtQuick3D_Particles3D_designer["designer"]\n    node_venv_lib_python3_12_site-packages_PyQt6_Qt6_qml_QtQuick3D_Particles3D_designer --> node_venv_lib_python3_12_site-packages_PyQt6_Qt6_qml_QtQuick3D_Particles3D_designer_images["images"]\n    node_venv_lib_python3_12_site-packages_PyQt6_Qt6_qml_QtQuick3D_Particles3D_designer_images --> node_venv_lib_python3_12_site-packages_PyQt6_Qt6_qml_QtQuick3D_Particles3D_designer_images_model-blend-particle-24px_png["model-blend-particle-24px.png"]\n    Root --> node_venv["venv"]\n    node_venv --> node_venv_lib["lib"]\n    node_venv_lib --> node_venv_lib_python3_12["python3.12"]\n    node_venv_lib_python3_12 --> node_venv_lib_python3_12_site-packages["site-packages"]\n    node_venv_lib_python3_12_site-packages --> node_venv_lib_python3_12_site-packages_PyQt6["PyQt6"]\n    node_venv_lib_python3_12_site-packages_PyQt6 --> node_venv_lib_python3_12_site-packages_PyQt6_Qt6["Qt6"]\n    node_venv_lib_python3_12_site-packages_PyQt6_Qt6 --> node_venv_lib_python3_12_site-packages_PyQt6_Qt6_qml["qml"]\n    node_venv_lib_python3_12_site-packages_PyQt6_Qt6_qml --> node_venv_lib_python3_12_site-packages_PyQt6_Qt6_qml_QtQuick3D["QtQuick3D"]\n    node_venv_lib_python3_12_site-packages_PyQt6_Qt6_qml_QtQuick3D --> node_venv_lib_python3_12_site-packages_PyQt6_Qt6_qml_QtQuick3D_Particles3D["Particles3D"]\n    node_venv_lib_python3_12_site-packages_PyQt6_Qt6_qml_QtQuick3D_Particles3D --> node_venv_lib_python3_12_site-packages_PyQt6_Qt6_qml_QtQuick3D_Particles3D_designer["designer"]\n    node_venv_lib_python3_12_site-packages_PyQt6_Qt6_qml_QtQuick3D_Particles3D_designer --> node_venv_lib_python3_12_site-packages_PyQt6_Qt6_qml_QtQuick3D_Particles3D_designer_images["images"]\n    node_venv_lib_python3_12_site-packages_PyQt6_Qt6_qml_QtQuick3D_Particles3D_designer_images --> node_venv_lib_python3_12_site-packages_PyQt6_Qt6_qml_QtQuick3D_Particles3D_designer_images_model-blend-particle-24px@2x_png["model-blend-particle-24px@2x.png"]\n    Root --> node_venv["venv"]\n    node_venv --> node_venv_lib["lib"]\n    node_venv_lib --> node_venv_lib_python3_12["python3.12"]\n    node_venv_lib_python3_12 --> node_venv_lib_python3_12_site-packages["site-packages"]\n    node_venv_lib_python3_12_site-packages --> node_venv_lib_python3_12_site-packages_PyQt6["PyQt6"]\n    node_venv_lib_python3_12_site-packages_PyQt6 --> node_venv_lib_python3_12_site-packages_PyQt6_Qt6["Qt6"]\n    node_venv_lib_python3_12_site-packages_PyQt6_Qt6 --> node_venv_lib_python3_12_site-packages_PyQt6_Qt6_qml["qml"]\n    node_venv_lib_python3_12_site-packages_PyQt6_Qt6_qml --> node_venv_lib_python3_12_site-packages_PyQt6_Qt6_qml_QtQuick3D["QtQuick3D"]\n    node_venv_lib_python3_12_site-packages_PyQt6_Qt6_qml_QtQuick3D --> node_venv_lib_python3_12_site-packages_PyQt6_Qt6_qml_QtQuick3D_Particles3D["Particles3D"]\n    node_venv_lib_python3_12_site-packages_PyQt6_Qt6_qml_QtQuick3D_Particles3D --> node_venv_lib_python3_12_site-packages_PyQt6_Qt6_qml_QtQuick3D_Particles3D_designer["designer"]\n    node_venv_lib_python3_12_site-packages_PyQt6_Qt6_qml_QtQuick3D_Particles3D_designer --> node_venv_lib_python3_12_site-packages_PyQt6_Qt6_qml_QtQuick3D_Particles3D_designer_images["images"]\n    node_venv_lib_python3_12_site-packages_PyQt6_Qt6_qml_QtQuick3D_Particles3D_designer_images --> node_venv_lib_python3_12_site-packages_PyQt6_Qt6_qml_QtQuick3D_Particles3D_designer_images_model-particle-16px_png["model-particle-16px.png"]\n    Root --> node_venv["venv"]\n    node_venv --> node_venv_lib["lib"]\n    node_venv_lib --> node_venv_lib_python3_12["python3.12"]\n    node_venv_lib_python3_12 --> node_venv_lib_python3_12_site-packages["site-packages"]\n    node_venv_lib_python3_12_site-packages --> node_venv_lib_python3_12_site-packages_PyQt6["PyQt6"]\n    node_venv_lib_python3_12_site-packages_PyQt6 --> node_venv_lib_python3_12_site-packages_PyQt6_Qt6["Qt6"]\n    node_venv_lib_python3_12_site-packages_PyQt6_Qt6 --> node_venv_lib_python3_12_site-packages_PyQt6_Qt6_qml["qml"]\n    node_venv_lib_python3_12_site-packages_PyQt6_Qt6_qml --> node_venv_lib_python3_12_site-packages_PyQt6_Qt6_qml_QtQuick3D["QtQuick3D"]\n    node_venv_lib_python3_12_site-packages_PyQt6_Qt6_qml_QtQuick3D --> node_venv_lib_python3_12_site-packages_PyQt6_Qt6_qml_QtQuick3D_Particles3D["Particles3D"]\n    node_venv_lib_python3_12_site-packages_PyQt6_Qt6_qml_QtQuick3D_Particles3D --> node_venv_lib_python3_12_site-packages_PyQt6_Qt6_qml_QtQuick3D_Particles3D_designer["designer"]\n    node_venv_lib_python3_12_site-packages_PyQt6_Qt6_qml_QtQuick3D_Particles3D_designer --> node_venv_lib_python3_12_site-packages_PyQt6_Qt6_qml_QtQuick3D_Particles3D_designer_images["images"]\n    node_venv_lib_python3_12_site-packages_PyQt6_Qt6_qml_QtQuick3D_Particles3D_designer_images --> node_venv_lib_python3_12_site-packages_PyQt6_Qt6_qml_QtQuick3D_Particles3D_designer_images_model-particle-24px_png["model-particle-24px.png"]\n    Root --> node_venv["venv"]\n    node_venv --> node_venv_lib["lib"]\n    node_venv_lib --> node_venv_lib_python3_12["python3.12"]\n    node_venv_lib_python3_12 --> node_venv_lib_python3_12_site-packages["site-packages"]\n    node_venv_lib_python3_12_site-packages --> node_venv_lib_python3_12_site-packages_PyQt6["PyQt6"]\n    node_venv_lib_python3_12_site-packages_PyQt6 --> node_venv_lib_python3_12_site-packages_PyQt6_Qt6["Qt6"]\n    node_venv_lib_python3_12_site-packages_PyQt6_Qt6 --> node_venv_lib_python3_12_site-packages_PyQt6_Qt6_qml["qml"]\n    node_venv_lib_python3_12_site-packages_PyQt6_Qt6_qml --> node_venv_lib_python3_12_site-packages_PyQt6_Qt6_qml_QtQuick3D["QtQuick3D"]\n    node_venv_lib_python3_12_site-packages_PyQt6_Qt6_qml_QtQuick3D --> node_venv_lib_python3_12_site-packages_PyQt6_Qt6_qml_QtQuick3D_Particles3D["Particles3D"]\n    node_venv_lib_python3_12_site-packages_PyQt6_Qt6_qml_QtQuick3D_Particles3D --> node_venv_lib_python3_12_site-packages_PyQt6_Qt6_qml_QtQuick3D_Particles3D_designer["designer"]\n    node_venv_lib_python3_12_site-packages_PyQt6_Qt6_qml_QtQuick3D_Particles3D_designer --> node_venv_lib_python3_12_site-packages_PyQt6_Qt6_qml_QtQuick3D_Particles3D_designer_images["images"]\n    node_venv_lib_python3_12_site-packages_PyQt6_Qt6_qml_QtQuick3D_Particles3D_designer_images --> node_venv_lib_python3_12_site-packages_PyQt6_Qt6_qml_QtQuick3D_Particles3D_designer_images_model-particle-24px@2x_png["model-particle-24px@2x.png"]\n    Root --> node_venv["venv"]\n    node_venv --> node_venv_lib["lib"]\n    node_venv_lib --> node_venv_lib_python3_12["python3.12"]\n    node_venv_lib_python3_12 --> node_venv_lib_python3_12_site-packages["site-packages"]\n    node_venv_lib_python3_12_site-packages --> node_venv_lib_python3_12_site-packages_PyQt6["PyQt6"]\n    node_venv_lib_python3_12_site-packages_PyQt6 --> node_venv_lib_python3_12_site-packages_PyQt6_Qt6["Qt6"]\n    node_venv_lib_python3_12_site-packages_PyQt6_Qt6 --> node_venv_lib_python3_12_site-packages_PyQt6_Qt6_qml["qml"]\n    node_venv_lib_python3_12_site-packages_PyQt6_Qt6_qml --> node_venv_lib_python3_12_site-packages_PyQt6_Qt6_qml_QtQuick3D["QtQuick3D"]\n    node_venv_lib_python3_12_site-packages_PyQt6_Qt6_qml_QtQuick3D --> node_venv_lib_python3_12_site-packages_PyQt6_Qt6_qml_QtQuick3D_Particles3D["Particles3D"]\n    node_venv_lib_python3_12_site-packages_PyQt6_Qt6_qml_QtQuick3D_Particles3D --> node_venv_lib_python3_12_site-packages_PyQt6_Qt6_qml_QtQuick3D_Particles3D_designer["designer"]\n    node_venv_lib_python3_12_site-packages_PyQt6_Qt6_qml_QtQuick3D_Particles3D_designer --> node_venv_lib_python3_12_site-packages_PyQt6_Qt6_qml_QtQuick3D_Particles3D_designer_images["images"]\n    node_venv_lib_python3_12_site-packages_PyQt6_Qt6_qml_QtQuick3D_Particles3D_designer_images --> node_venv_lib_python3_12_site-packages_PyQt6_Qt6_qml_QtQuick3D_Particles3D_designer_images_model-shape-16px_png["model-shape-16px.png"]\n    Root --> node_venv["venv"]\n    node_venv --> node_venv_lib["lib"]\n    node_venv_lib --> node_venv_lib_python3_12["python3.12"]\n    node_venv_lib_python3_12 --> node_venv_lib_python3_12_site-packages["site-packages"]\n    node_venv_lib_python3_12_site-packages --> node_venv_lib_python3_12_site-packages_PyQt6["PyQt6"]\n    node_venv_lib_python3_12_site-packages_PyQt6 --> node_venv_lib_python3_12_site-packages_PyQt6_Qt6["Qt6"]\n    node_venv_lib_python3_12_site-packages_PyQt6_Qt6 --> node_venv_lib_python3_12_site-packages_PyQt6_Qt6_qml["qml"]\n    node_venv_lib_python3_12_site-packages_PyQt6_Qt6_qml --> node_venv_lib_python3_12_site-packages_PyQt6_Qt6_qml_QtQuick3D["QtQuick3D"]\n    node_venv_lib_python3_12_site-packages_PyQt6_Qt6_qml_QtQuick3D --> node_venv_lib_python3_12_site-packages_PyQt6_Qt6_qml_QtQuick3D_Particles3D["Particles3D"]\n    node_venv_lib_python3_12_site-packages_PyQt6_Qt6_qml_QtQuick3D_Particles3D --> node_venv_lib_python3_12_site-packages_PyQt6_Qt6_qml_QtQuick3D_Particles3D_designer["designer"]\n    node_venv_lib_python3_12_site-packages_PyQt6_Qt6_qml_QtQuick3D_Particles3D_designer --> node_venv_lib_python3_12_site-packages_PyQt6_Qt6_qml_QtQuick3D_Particles3D_designer_images["images"]\n    node_venv_lib_python3_12_site-packages_PyQt6_Qt6_qml_QtQuick3D_Particles3D_designer_images --> node_venv_lib_python3_12_site-packages_PyQt6_Qt6_qml_QtQuick3D_Particles3D_designer_images_model-shape-24px_png["model-shape-24px.png"]\n    Root --> node_venv["venv"]\n    node_venv --> node_venv_lib["lib"]\n    node_venv_lib --> node_venv_lib_python3_12["python3.12"]\n    node_venv_lib_python3_12 --> node_venv_lib_python3_12_site-packages["site-packages"]\n    node_venv_lib_python3_12_site-packages --> node_venv_lib_python3_12_site-packages_PyQt6["PyQt6"]\n    node_venv_lib_python3_12_site-packages_PyQt6 --> node_venv_lib_python3_12_site-packages_PyQt6_Qt6["Qt6"]\n    node_venv_lib_python3_12_site-packages_PyQt6_Qt6 --> node_venv_lib_python3_12_site-packages_PyQt6_Qt6_qml["qml"]\n    node_venv_lib_python3_12_site-packages_PyQt6_Qt6_qml --> node_venv_lib_python3_12_site-packages_PyQt6_Qt6_qml_QtQuick3D["QtQuick3D"]\n    node_venv_lib_python3_12_site-packages_PyQt6_Qt6_qml_QtQuick3D --> node_venv_lib_python3_12_site-packages_PyQt6_Qt6_qml_QtQuick3D_Particles3D["Particles3D"]\n    node_venv_lib_python3_12_site-packages_PyQt6_Qt6_qml_QtQuick3D_Particles3D --> node_venv_lib_python3_12_site-packages_PyQt6_Qt6_qml_QtQuick3D_Particles3D_designer["designer"]\n    node_venv_lib_python3_12_site-packages_PyQt6_Qt6_qml_QtQuick3D_Particles3D_designer --> node_venv_lib_python3_12_site-packages_PyQt6_Qt6_qml_QtQuick3D_Particles3D_designer_images["images"]\n    node_venv_lib_python3_12_site-packages_PyQt6_Qt6_qml_QtQuick3D_Particles3D_designer_images --> node_venv_lib_python3_12_site-packages_PyQt6_Qt6_qml_QtQuick3D_Particles3D_designer_images_model-shape-24px@2x_png["model-shape-24px@2x.png"]\n    Root --> node_venv["venv"]\n    node_venv --> node_venv_lib["lib"]\n    node_venv_lib --> node_venv_lib_python3_12["python3.12"]\n    node_venv_lib_python3_12 --> node_venv_lib_python3_12_site-packages["site-packages"]\n    node_venv_lib_python3_12_site-packages --> node_venv_lib_python3_12_site-packages_PyQt6["PyQt6"]\n    node_venv_lib_python3_12_site-packages_PyQt6 --> node_venv_lib_python3_12_site-packages_PyQt6_Qt6["Qt6"]\n    node_venv_lib_python3_12_site-packages_PyQt6_Qt6 --> node_venv_lib_python3_12_site-packages_PyQt6_Qt6_qml["qml"]\n    node_venv_lib_python3_12_site-packages_PyQt6_Qt6_qml --> node_venv_lib_python3_12_site-packages_PyQt6_Qt6_qml_QtQuick3D["QtQuick3D"]\n    node_venv_lib_python3_12_site-packages_PyQt6_Qt6_qml_QtQuick3D --> node_venv_lib_python3_12_site-packages_PyQt6_Qt6_qml_QtQuick3D_Particles3D["Particles3D"]\n    node_venv_lib_python3_12_site-packages_PyQt6_Qt6_qml_QtQuick3D_Particles3D --> node_venv_lib_python3_12_site-packages_PyQt6_Qt6_qml_QtQuick3D_Particles3D_designer["designer"]\n    node_venv_lib_python3_12_site-packages_PyQt6_Qt6_qml_QtQuick3D_Particles3D_designer --> node_venv_lib_python3_12_site-packages_PyQt6_Qt6_qml_QtQuick3D_Particles3D_designer_images["images"]\n    node_venv_lib_python3_12_site-packages_PyQt6_Qt6_qml_QtQuick3D_Particles3D_designer_images --> node_venv_lib_python3_12_site-packages_PyQt6_Qt6_qml_QtQuick3D_Particles3D_designer_images_particle-custom-shape-16px_png["particle-custom-shape-16px.png"]\n    Root --> node_venv["venv"]\n    node_venv --> node_venv_lib["lib"]\n    node_venv_lib --> node_venv_lib_python3_12["python3.12"]\n    node_venv_lib_python3_12 --> node_venv_lib_python3_12_site-packages["site-packages"]\n    node_venv_lib_python3_12_site-packages --> node_venv_lib_python3_12_site-packages_PyQt6["PyQt6"]\n    node_venv_lib_python3_12_site-packages_PyQt6 --> node_venv_lib_python3_12_site-packages_PyQt6_Qt6["Qt6"]\n    node_venv_lib_python3_12_site-packages_PyQt6_Qt6 --> node_venv_lib_python3_12_site-packages_PyQt6_Qt6_qml["qml"]\n    node_venv_lib_python3_12_site-packages_PyQt6_Qt6_qml --> node_venv_lib_python3_12_site-packages_PyQt6_Qt6_qml_QtQuick3D["QtQuick3D"]\n    node_venv_lib_python3_12_site-packages_PyQt6_Qt6_qml_QtQuick3D --> node_venv_lib_python3_12_site-packages_PyQt6_Qt6_qml_QtQuick3D_Particles3D["Particles3D"]\n    node_venv_lib_python3_12_site-packages_PyQt6_Qt6_qml_QtQuick3D_Particles3D --> node_venv_lib_python3_12_site-packages_PyQt6_Qt6_qml_QtQuick3D_Particles3D_designer["designer"]\n    node_venv_lib_python3_12_site-packages_PyQt6_Qt6_qml_QtQuick3D_Particles3D_designer --> node_venv_lib_python3_12_site-packages_PyQt6_Qt6_qml_QtQuick3D_Particles3D_designer_images["images"]\n    node_venv_lib_python3_12_site-packages_PyQt6_Qt6_qml_QtQuick3D_Particles3D_designer_images --> node_venv_lib_python3_12_site-packages_PyQt6_Qt6_qml_QtQuick3D_Particles3D_designer_images_particle-custom-shape-24px_png["particle-custom-shape-24px.png"]\n    Root --> node_venv["venv"]\n    node_venv --> node_venv_lib["lib"]\n    node_venv_lib --> node_venv_lib_python3_12["python3.12"]\n    node_venv_lib_python3_12 --> node_venv_lib_python3_12_site-packages["site-packages"]\n    node_venv_lib_python3_12_site-packages --> node_venv_lib_python3_12_site-packages_PyQt6["PyQt6"]\n    node_venv_lib_python3_12_site-packages_PyQt6 --> node_venv_lib_python3_12_site-packages_PyQt6_Qt6["Qt6"]\n    node_venv_lib_python3_12_site-packages_PyQt6_Qt6 --> node_venv_lib_python3_12_site-packages_PyQt6_Qt6_qml["qml"]\n    node_venv_lib_python3_12_site-packages_PyQt6_Qt6_qml --> node_venv_lib_python3_12_site-packages_PyQt6_Qt6_qml_QtQuick3D["QtQuick3D"]\n    node_venv_lib_python3_12_site-packages_PyQt6_Qt6_qml_QtQuick3D --> node_venv_lib_python3_12_site-packages_PyQt6_Qt6_qml_QtQuick3D_Particles3D["Particles3D"]\n    node_venv_lib_python3_12_site-packages_PyQt6_Qt6_qml_QtQuick3D_Particles3D --> node_venv_lib_python3_12_site-packages_PyQt6_Qt6_qml_QtQuick3D_Particles3D_designer["designer"]\n    node_venv_lib_python3_12_site-packages_PyQt6_Qt6_qml_QtQuick3D_Particles3D_designer --> node_venv_lib_python3_12_site-packages_PyQt6_Qt6_qml_QtQuick3D_Particles3D_designer_images["images"]\n    node_venv_lib_python3_12_site-packages_PyQt6_Qt6_qml_QtQuick3D_Particles3D_designer_images --> node_venv_lib_python3_12_site-packages_PyQt6_Qt6_qml_QtQuick3D_Particles3D_designer_images_particle-custom-shape-24px@2x_png["particle-custom-shape-24px@2x.png"]\n    Root --> node_venv["venv"]\n    node_venv --> node_venv_lib["lib"]\n    node_venv_lib --> node_venv_lib_python3_12["python3.12"]\n    node_venv_lib_python3_12 --> node_venv_lib_python3_12_site-packages["site-packages"]\n    node_venv_lib_python3_12_site-packages --> node_venv_lib_python3_12_site-packages_PyQt6["PyQt6"]\n    node_venv_lib_python3_12_site-packages_PyQt6 --> node_venv_lib_python3_12_site-packages_PyQt6_Qt6["Qt6"]\n    node_venv_lib_python3_12_site-packages_PyQt6_Qt6 --> node_venv_lib_python3_12_site-packages_PyQt6_Qt6_qml["qml"]\n    node_venv_lib_python3_12_site-packages_PyQt6_Qt6_qml --> node_venv_lib_python3_12_site-packages_PyQt6_Qt6_qml_QtQuick3D["QtQuick3D"]\n    node_venv_lib_python3_12_site-packages_PyQt6_Qt6_qml_QtQuick3D --> node_venv_lib_python3_12_site-packages_PyQt6_Qt6_qml_QtQuick3D_Particles3D["Particles3D"]\n    node_venv_lib_python3_12_site-packages_PyQt6_Qt6_qml_QtQuick3D_Particles3D --> node_venv_lib_python3_12_site-packages_PyQt6_Qt6_qml_QtQuick3D_Particles3D_designer["designer"]\n    node_venv_lib_python3_12_site-packages_PyQt6_Qt6_qml_QtQuick3D_Particles3D_designer --> node_venv_lib_python3_12_site-packages_PyQt6_Qt6_qml_QtQuick3D_Particles3D_designer_images["images"]\n    node_venv_lib_python3_12_site-packages_PyQt6_Qt6_qml_QtQuick3D_Particles3D_designer_images --> node_venv_lib_python3_12_site-packages_PyQt6_Qt6_qml_QtQuick3D_Particles3D_designer_images_particle-shape-16px_png["particle-shape-16px.png"]\n    Root --> node_venv["venv"]\n    node_venv --> node_venv_lib["lib"]\n    node_venv_lib --> node_venv_lib_python3_12["python3.12"]\n    node_venv_lib_python3_12 --> node_venv_lib_python3_12_site-packages["site-packages"]\n    node_venv_lib_python3_12_site-packages --> node_venv_lib_python3_12_site-packages_PyQt6["PyQt6"]\n    node_venv_lib_python3_12_site-packages_PyQt6 --> node_venv_lib_python3_12_site-packages_PyQt6_Qt6["Qt6"]\n    node_venv_lib_python3_12_site-packages_PyQt6_Qt6 --> node_venv_lib_python3_12_site-packages_PyQt6_Qt6_qml["qml"]\n    node_venv_lib_python3_12_site-packages_PyQt6_Qt6_qml --> node_venv_lib_python3_12_site-packages_PyQt6_Qt6_qml_QtQuick3D["QtQuick3D"]\n    node_venv_lib_python3_12_site-packages_PyQt6_Qt6_qml_QtQuick3D --> node_venv_lib_python3_12_site-packages_PyQt6_Qt6_qml_QtQuick3D_Particles3D["Particles3D"]\n    node_venv_lib_python3_12_site-packages_PyQt6_Qt6_qml_QtQuick3D_Particles3D --> node_venv_lib_python3_12_site-packages_PyQt6_Qt6_qml_QtQuick3D_Particles3D_designer["designer"]\n    node_venv_lib_python3_12_site-packages_PyQt6_Qt6_qml_QtQuick3D_Particles3D_designer --> node_venv_lib_python3_12_site-packages_PyQt6_Qt6_qml_QtQuick3D_Particles3D_designer_images["images"]\n    node_venv_lib_python3_12_site-packages_PyQt6_Qt6_qml_QtQuick3D_Particles3D_designer_images --> node_venv_lib_python3_12_site-packages_PyQt6_Qt6_qml_QtQuick3D_Particles3D_designer_images_particle-shape-24px_png["particle-shape-24px.png"]\n    Root --> node_venv["venv"]\n    node_venv --> node_venv_lib["lib"]\n    node_venv_lib --> node_venv_lib_python3_12["python3.12"]\n    node_venv_lib_python3_12 --> node_venv_lib_python3_12_site-packages["site-packages"]\n    node_venv_lib_python3_12_site-packages --> node_venv_lib_python3_12_site-packages_PyQt6["PyQt6"]\n    node_venv_lib_python3_12_site-packages_PyQt6 --> node_venv_lib_python3_12_site-packages_PyQt6_Qt6["Qt6"]\n    node_venv_lib_python3_12_site-packages_PyQt6_Qt6 --> node_venv_lib_python3_12_site-packages_PyQt6_Qt6_qml["qml"]\n    node_venv_lib_python3_12_site-packages_PyQt6_Qt6_qml --> node_venv_lib_python3_12_site-packages_PyQt6_Qt6_qml_QtQuick3D["QtQuick3D"]\n    node_venv_lib_python3_12_site-packages_PyQt6_Qt6_qml_QtQuick3D --> node_venv_lib_python3_12_site-packages_PyQt6_Qt6_qml_QtQuick3D_Particles3D["Particles3D"]\n    node_venv_lib_python3_12_site-packages_PyQt6_Qt6_qml_QtQuick3D_Particles3D --> node_venv_lib_python3_12_site-packages_PyQt6_Qt6_qml_QtQuick3D_Particles3D_designer["designer"]\n    node_venv_lib_python3_12_site-packages_PyQt6_Qt6_qml_QtQuick3D_Particles3D_designer --> node_venv_lib_python3_12_site-packages_PyQt6_Qt6_qml_QtQuick3D_Particles3D_designer_images["images"]\n    node_venv_lib_python3_12_site-packages_PyQt6_Qt6_qml_QtQuick3D_Particles3D_designer_images --> node_venv_lib_python3_12_site-packages_PyQt6_Qt6_qml_QtQuick3D_Particles3D_designer_images_particle-shape-24px@2x_png["particle-shape-24px@2x.png"]\n    Root --> node_venv["venv"]\n    node_venv --> node_venv_lib["lib"]\n    node_venv_lib --> node_venv_lib_python3_12["python3.12"]\n    node_venv_lib_python3_12 --> node_venv_lib_python3_12_site-packages["site-packages"]\n    node_venv_lib_python3_12_site-packages --> node_venv_lib_python3_12_site-packages_PyQt6["PyQt6"]\n    node_venv_lib_python3_12_site-packages_PyQt6 --> node_venv_lib_python3_12_site-packages_PyQt6_Qt6["Qt6"]\n    node_venv_lib_python3_12_site-packages_PyQt6_Qt6 --> node_venv_lib_python3_12_site-packages_PyQt6_Qt6_qml["qml"]\n    node_venv_lib_python3_12_site-packages_PyQt6_Qt6_qml --> node_venv_lib_python3_12_site-packages_PyQt6_Qt6_qml_QtQuick3D["QtQuick3D"]\n    node_venv_lib_python3_12_site-packages_PyQt6_Qt6_qml_QtQuick3D --> node_venv_lib_python3_12_site-packages_PyQt6_Qt6_qml_QtQuick3D_Particles3D["Particles3D"]\n    node_venv_lib_python3_12_site-packages_PyQt6_Qt6_qml_QtQuick3D_Particles3D --> node_venv_lib_python3_12_site-packages_PyQt6_Qt6_qml_QtQuick3D_Particles3D_designer["designer"]\n    node_venv_lib_python3_12_site-packages_PyQt6_Qt6_qml_QtQuick3D_Particles3D_designer --> node_venv_lib_python3_12_site-packages_PyQt6_Qt6_qml_QtQuick3D_Particles3D_designer_images["images"]\n    node_venv_lib_python3_12_site-packages_PyQt6_Qt6_qml_QtQuick3D_Particles3D_designer_images --> node_venv_lib_python3_12_site-packages_PyQt6_Qt6_qml_QtQuick3D_Particles3D_designer_images_particle-system-16px_png["particle-system-16px.png"]\n    Root --> node_venv["venv"]\n    node_venv --> node_venv_lib["lib"]\n    node_venv_lib --> node_venv_lib_python3_12["python3.12"]\n    node_venv_lib_python3_12 --> node_venv_lib_python3_12_site-packages["site-packages"]\n    node_venv_lib_python3_12_site-packages --> node_venv_lib_python3_12_site-packages_PyQt6["PyQt6"]\n    node_venv_lib_python3_12_site-packages_PyQt6 --> node_venv_lib_python3_12_site-packages_PyQt6_Qt6["Qt6"]\n    node_venv_lib_python3_12_site-packages_PyQt6_Qt6 --> node_venv_lib_python3_12_site-packages_PyQt6_Qt6_qml["qml"]\n    node_venv_lib_python3_12_site-packages_PyQt6_Qt6_qml --> node_venv_lib_python3_12_site-packages_PyQt6_Qt6_qml_QtQuick3D["QtQuick3D"]\n    node_venv_lib_python3_12_site-packages_PyQt6_Qt6_qml_QtQuick3D --> node_venv_lib_python3_12_site-packages_PyQt6_Qt6_qml_QtQuick3D_Particles3D["Particles3D"]\n    node_venv_lib_python3_12_site-packages_PyQt6_Qt6_qml_QtQuick3D_Particles3D --> node_venv_lib_python3_12_site-packages_PyQt6_Qt6_qml_QtQuick3D_Particles3D_designer["designer"]\n    node_venv_lib_python3_12_site-packages_PyQt6_Qt6_qml_QtQuick3D_Particles3D_designer --> node_venv_lib_python3_12_site-packages_PyQt6_Qt6_qml_QtQuick3D_Particles3D_designer_images["images"]\n    node_venv_lib_python3_12_site-packages_PyQt6_Qt6_qml_QtQuick3D_Particles3D_designer_images --> node_venv_lib_python3_12_site-packages_PyQt6_Qt6_qml_QtQuick3D_Particles3D_designer_images_particle-system-24px_png["particle-system-24px.png"]\n    Root --> node_venv["venv"]\n    node_venv --> node_venv_lib["lib"]\n    node_venv_lib --> node_venv_lib_python3_12["python3.12"]\n    node_venv_lib_python3_12 --> node_venv_lib_python3_12_site-packages["site-packages"]\n    node_venv_lib_python3_12_site-packages --> node_venv_lib_python3_12_site-packages_PyQt6["PyQt6"]\n    node_venv_lib_python3_12_site-packages_PyQt6 --> node_venv_lib_python3_12_site-packages_PyQt6_Qt6["Qt6"]\n    node_venv_lib_python3_12_site-packages_PyQt6_Qt6 --> node_venv_lib_python3_12_site-packages_PyQt6_Qt6_qml["qml"]\n    node_venv_lib_python3_12_site-packages_PyQt6_Qt6_qml --> node_venv_lib_python3_12_site-packages_PyQt6_Qt6_qml_QtQuick3D["QtQuick3D"]\n    node_venv_lib_python3_12_site-packages_PyQt6_Qt6_qml_QtQuick3D --> node_venv_lib_python3_12_site-packages_PyQt6_Qt6_qml_QtQuick3D_Particles3D["Particles3D"]\n    node_venv_lib_python3_12_site-packages_PyQt6_Qt6_qml_QtQuick3D_Particles3D --> node_venv_lib_python3_12_site-packages_PyQt6_Qt6_qml_QtQuick3D_Particles3D_designer["designer"]\n    node_venv_lib_python3_12_site-packages_PyQt6_Qt6_qml_QtQuick3D_Particles3D_designer --> node_venv_lib_python3_12_site-packages_PyQt6_Qt6_qml_QtQuick3D_Particles3D_designer_images["images"]\n    node_venv_lib_python3_12_site-packages_PyQt6_Qt6_qml_QtQuick3D_Particles3D_designer_images --> node_venv_lib_python3_12_site-packages_PyQt6_Qt6_qml_QtQuick3D_Particles3D_designer_images_particle-system-24px@2x_png["particle-system-24px@2x.png"]\n    Root --> node_venv["venv"]\n    node_venv --> node_venv_lib["lib"]\n    node_venv_lib --> node_venv_lib_python3_12["python3.12"]\n    node_venv_lib_python3_12 --> node_venv_lib_python3_12_site-packages["site-packages"]\n    node_venv_lib_python3_12_site-packages --> node_venv_lib_python3_12_site-packages_PyQt6["PyQt6"]\n    node_venv_lib_python3_12_site-packages_PyQt6 --> node_venv_lib_python3_12_site-packages_PyQt6_Qt6["Qt6"]\n    node_venv_lib_python3_12_site-packages_PyQt6_Qt6 --> node_venv_lib_python3_12_site-packages_PyQt6_Qt6_qml["qml"]\n    node_venv_lib_python3_12_site-packages_PyQt6_Qt6_qml --> node_venv_lib_python3_12_site-packages_PyQt6_Qt6_qml_QtQuick3D["QtQuick3D"]\n    node_venv_lib_python3_12_site-packages_PyQt6_Qt6_qml_QtQuick3D --> node_venv_lib_python3_12_site-packages_PyQt6_Qt6_qml_QtQuick3D_Particles3D["Particles3D"]\n    node_venv_lib_python3_12_site-packages_PyQt6_Qt6_qml_QtQuick3D_Particles3D --> node_venv_lib_python3_12_site-packages_PyQt6_Qt6_qml_QtQuick3D_Particles3D_designer["designer"]\n    node_venv_lib_python3_12_site-packages_PyQt6_Qt6_qml_QtQuick3D_Particles3D_designer --> node_venv_lib_python3_12_site-packages_PyQt6_Qt6_qml_QtQuick3D_Particles3D_designer_images["images"]\n    node_venv_lib_python3_12_site-packages_PyQt6_Qt6_qml_QtQuick3D_Particles3D_designer_images --> node_venv_lib_python3_12_site-packages_PyQt6_Qt6_qml_QtQuick3D_Particles3D_designer_images_point-rotator-16px_png["point-rotator-16px.png"]\n    Root --> node_venv["venv"]\n    node_venv --> node_venv_lib["lib"]\n    node_venv_lib --> node_venv_lib_python3_12["python3.12"]\n    node_venv_lib_python3_12 --> node_venv_lib_python3_12_site-packages["site-packages"]\n    node_venv_lib_python3_12_site-packages --> node_venv_lib_python3_12_site-packages_PyQt6["PyQt6"]\n    node_venv_lib_python3_12_site-packages_PyQt6 --> node_venv_lib_python3_12_site-packages_PyQt6_Qt6["Qt6"]\n    node_venv_lib_python3_12_site-packages_PyQt6_Qt6 --> node_venv_lib_python3_12_site-packages_PyQt6_Qt6_qml["qml"]\n    node_venv_lib_python3_12_site-packages_PyQt6_Qt6_qml --> node_venv_lib_python3_12_site-packages_PyQt6_Qt6_qml_QtQuick3D["QtQuick3D"]\n    node_venv_lib_python3_12_site-packages_PyQt6_Qt6_qml_QtQuick3D --> node_venv_lib_python3_12_site-packages_PyQt6_Qt6_qml_QtQuick3D_Particles3D["Particles3D"]\n    node_venv_lib_python3_12_site-packages_PyQt6_Qt6_qml_QtQuick3D_Particles3D --> node_venv_lib_python3_12_site-packages_PyQt6_Qt6_qml_QtQuick3D_Particles3D_designer["designer"]\n    node_venv_lib_python3_12_site-packages_PyQt6_Qt6_qml_QtQuick3D_Particles3D_designer --> node_venv_lib_python3_12_site-packages_PyQt6_Qt6_qml_QtQuick3D_Particles3D_designer_images["images"]\n    node_venv_lib_python3_12_site-packages_PyQt6_Qt6_qml_QtQuick3D_Particles3D_designer_images --> node_venv_lib_python3_12_site-packages_PyQt6_Qt6_qml_QtQuick3D_Particles3D_designer_images_point-rotator-24px_png["point-rotator-24px.png"]\n    Root --> node_venv["venv"]\n    node_venv --> node_venv_lib["lib"]\n    node_venv_lib --> node_venv_lib_python3_12["python3.12"]\n    node_venv_lib_python3_12 --> node_venv_lib_python3_12_site-packages["site-packages"]\n    node_venv_lib_python3_12_site-packages --> node_venv_lib_python3_12_site-packages_PyQt6["PyQt6"]\n    node_venv_lib_python3_12_site-packages_PyQt6 --> node_venv_lib_python3_12_site-packages_PyQt6_Qt6["Qt6"]\n    node_venv_lib_python3_12_site-packages_PyQt6_Qt6 --> node_venv_lib_python3_12_site-packages_PyQt6_Qt6_qml["qml"]\n    node_venv_lib_python3_12_site-packages_PyQt6_Qt6_qml --> node_venv_lib_python3_12_site-packages_PyQt6_Qt6_qml_QtQuick3D["QtQuick3D"]\n    node_venv_lib_python3_12_site-packages_PyQt6_Qt6_qml_QtQuick3D --> node_venv_lib_python3_12_site-packages_PyQt6_Qt6_qml_QtQuick3D_Particles3D["Particles3D"]\n    node_venv_lib_python3_12_site-packages_PyQt6_Qt6_qml_QtQuick3D_Particles3D --> node_venv_lib_python3_12_site-packages_PyQt6_Qt6_qml_QtQuick3D_Particles3D_designer["designer"]\n    node_venv_lib_python3_12_site-packages_PyQt6_Qt6_qml_QtQuick3D_Particles3D_designer --> node_venv_lib_python3_12_site-packages_PyQt6_Qt6_qml_QtQuick3D_Particles3D_designer_images["images"]\n    node_venv_lib_python3_12_site-packages_PyQt6_Qt6_qml_QtQuick3D_Particles3D_designer_images --> node_venv_lib_python3_12_site-packages_PyQt6_Qt6_qml_QtQuick3D_Particles3D_designer_images_point-rotator-24px@2x_png["point-rotator-24px@2x.png"]\n    Root --> node_venv["venv"]\n    node_venv --> node_venv_lib["lib"]\n    node_venv_lib --> node_venv_lib_python3_12["python3.12"]\n    node_venv_lib_python3_12 --> node_venv_lib_python3_12_site-packages["site-packages"]\n    node_venv_lib_python3_12_site-packages --> node_venv_lib_python3_12_site-packages_PyQt6["PyQt6"]\n    node_venv_lib_python3_12_site-packages_PyQt6 --> node_venv_lib_python3_12_site-packages_PyQt6_Qt6["Qt6"]\n    node_venv_lib_python3_12_site-packages_PyQt6_Qt6 --> node_venv_lib_python3_12_site-packages_PyQt6_Qt6_qml["qml"]\n    node_venv_lib_python3_12_site-packages_PyQt6_Qt6_qml --> node_venv_lib_python3_12_site-packages_PyQt6_Qt6_qml_QtQuick3D["QtQuick3D"]\n    node_venv_lib_python3_12_site-packages_PyQt6_Qt6_qml_QtQuick3D --> node_venv_lib_python3_12_site-packages_PyQt6_Qt6_qml_QtQuick3D_Particles3D["Particles3D"]\n    node_venv_lib_python3_12_site-packages_PyQt6_Qt6_qml_QtQuick3D_Particles3D --> node_venv_lib_python3_12_site-packages_PyQt6_Qt6_qml_QtQuick3D_Particles3D_designer["designer"]\n    node_venv_lib_python3_12_site-packages_PyQt6_Qt6_qml_QtQuick3D_Particles3D_designer --> node_venv_lib_python3_12_site-packages_PyQt6_Qt6_qml_QtQuick3D_Particles3D_designer_images["images"]\n    node_venv_lib_python3_12_site-packages_PyQt6_Qt6_qml_QtQuick3D_Particles3D_designer_images --> node_venv_lib_python3_12_site-packages_PyQt6_Qt6_qml_QtQuick3D_Particles3D_designer_images_repeller-16px_png["repeller-16px.png"]\n    Root --> node_venv["venv"]\n    node_venv --> node_venv_lib["lib"]\n    node_venv_lib --> node_venv_lib_python3_12["python3.12"]\n    node_venv_lib_python3_12 --> node_venv_lib_python3_12_site-packages["site-packages"]\n    node_venv_lib_python3_12_site-packages --> node_venv_lib_python3_12_site-packages_PyQt6["PyQt6"]\n    node_venv_lib_python3_12_site-packages_PyQt6 --> node_venv_lib_python3_12_site-packages_PyQt6_Qt6["Qt6"]\n    node_venv_lib_python3_12_site-packages_PyQt6_Qt6 --> node_venv_lib_python3_12_site-packages_PyQt6_Qt6_qml["qml"]\n    node_venv_lib_python3_12_site-packages_PyQt6_Qt6_qml --> node_venv_lib_python3_12_site-packages_PyQt6_Qt6_qml_QtQuick3D["QtQuick3D"]\n    node_venv_lib_python3_12_site-packages_PyQt6_Qt6_qml_QtQuick3D --> node_venv_lib_python3_12_site-packages_PyQt6_Qt6_qml_QtQuick3D_Particles3D["Particles3D"]\n    node_venv_lib_python3_12_site-packages_PyQt6_Qt6_qml_QtQuick3D_Particles3D --> node_venv_lib_python3_12_site-packages_PyQt6_Qt6_qml_QtQuick3D_Particles3D_designer["designer"]\n    node_venv_lib_python3_12_site-packages_PyQt6_Qt6_qml_QtQuick3D_Particles3D_designer --> node_venv_lib_python3_12_site-packages_PyQt6_Qt6_qml_QtQuick3D_Particles3D_designer_images["images"]\n    node_venv_lib_python3_12_site-packages_PyQt6_Qt6_qml_QtQuick3D_Particles3D_designer_images --> node_venv_lib_python3_12_site-packages_PyQt6_Qt6_qml_QtQuick3D_Particles3D_designer_images_repeller-24px_png["repeller-24px.png"]\n    Root --> node_venv["venv"]\n    node_venv --> node_venv_lib["lib"]\n    node_venv_lib --> node_venv_lib_python3_12["python3.12"]\n    node_venv_lib_python3_12 --> node_venv_lib_python3_12_site-packages["site-packages"]\n    node_venv_lib_python3_12_site-packages --> node_venv_lib_python3_12_site-packages_PyQt6["PyQt6"]\n    node_venv_lib_python3_12_site-packages_PyQt6 --> node_venv_lib_python3_12_site-packages_PyQt6_Qt6["Qt6"]\n    node_venv_lib_python3_12_site-packages_PyQt6_Qt6 --> node_venv_lib_python3_12_site-packages_PyQt6_Qt6_qml["qml"]\n    node_venv_lib_python3_12_site-packages_PyQt6_Qt6_qml --> node_venv_lib_python3_12_site-packages_PyQt6_Qt6_qml_QtQuick3D["QtQuick3D"]\n    node_venv_lib_python3_12_site-packages_PyQt6_Qt6_qml_QtQuick3D --> node_venv_lib_python3_12_site-packages_PyQt6_Qt6_qml_QtQuick3D_Particles3D["Particles3D"]\n    node_venv_lib_python3_12_site-packages_PyQt6_Qt6_qml_QtQuick3D_Particles3D --> node_venv_lib_python3_12_site-packages_PyQt6_Qt6_qml_QtQuick3D_Particles3D_designer["designer"]\n    node_venv_lib_python3_12_site-packages_PyQt6_Qt6_qml_QtQuick3D_Particles3D_designer --> node_venv_lib_python3_12_site-packages_PyQt6_Qt6_qml_QtQuick3D_Particles3D_designer_images["images"]\n    node_venv_lib_python3_12_site-packages_PyQt6_Qt6_qml_QtQuick3D_Particles3D_designer_images --> node_venv_lib_python3_12_site-packages_PyQt6_Qt6_qml_QtQuick3D_Particles3D_designer_images_repeller-24px@2x_png["repeller-24px@2x.png"]\n    Root --> node_venv["venv"]\n    node_venv --> node_venv_lib["lib"]\n    node_venv_lib --> node_venv_lib_python3_12["python3.12"]\n    node_venv_lib_python3_12 --> node_venv_lib_python3_12_site-packages["site-packages"]\n    node_venv_lib_python3_12_site-packages --> node_venv_lib_python3_12_site-packages_PyQt6["PyQt6"]\n    node_venv_lib_python3_12_site-packages_PyQt6 --> node_venv_lib_python3_12_site-packages_PyQt6_Qt6["Qt6"]\n    node_venv_lib_python3_12_site-packages_PyQt6_Qt6 --> node_venv_lib_python3_12_site-packages_PyQt6_Qt6_qml["qml"]\n    node_venv_lib_python3_12_site-packages_PyQt6_Qt6_qml --> node_venv_lib_python3_12_site-packages_PyQt6_Qt6_qml_QtQuick3D["QtQuick3D"]\n    node_venv_lib_python3_12_site-packages_PyQt6_Qt6_qml_QtQuick3D --> node_venv_lib_python3_12_site-packages_PyQt6_Qt6_qml_QtQuick3D_Particles3D["Particles3D"]\n    node_venv_lib_python3_12_site-packages_PyQt6_Qt6_qml_QtQuick3D_Particles3D --> node_venv_lib_python3_12_site-packages_PyQt6_Qt6_qml_QtQuick3D_Particles3D_designer["designer"]\n    node_venv_lib_python3_12_site-packages_PyQt6_Qt6_qml_QtQuick3D_Particles3D_designer --> node_venv_lib_python3_12_site-packages_PyQt6_Qt6_qml_QtQuick3D_Particles3D_designer_images["images"]\n    node_venv_lib_python3_12_site-packages_PyQt6_Qt6_qml_QtQuick3D_Particles3D_designer_images --> node_venv_lib_python3_12_site-packages_PyQt6_Qt6_qml_QtQuick3D_Particles3D_designer_images_scale-affector-16px_png["scale-affector-16px.png"]\n    Root --> node_venv["venv"]\n    node_venv --> node_venv_lib["lib"]\n    node_venv_lib --> node_venv_lib_python3_12["python3.12"]\n    node_venv_lib_python3_12 --> node_venv_lib_python3_12_site-packages["site-packages"]\n    node_venv_lib_python3_12_site-packages --> node_venv_lib_python3_12_site-packages_PyQt6["PyQt6"]\n    node_venv_lib_python3_12_site-packages_PyQt6 --> node_venv_lib_python3_12_site-packages_PyQt6_Qt6["Qt6"]\n    node_venv_lib_python3_12_site-packages_PyQt6_Qt6 --> node_venv_lib_python3_12_site-packages_PyQt6_Qt6_qml["qml"]\n    node_venv_lib_python3_12_site-packages_PyQt6_Qt6_qml --> node_venv_lib_python3_12_site-packages_PyQt6_Qt6_qml_QtQuick3D["QtQuick3D"]\n    node_venv_lib_python3_12_site-packages_PyQt6_Qt6_qml_QtQuick3D --> node_venv_lib_python3_12_site-packages_PyQt6_Qt6_qml_QtQuick3D_Particles3D["Particles3D"]\n    node_venv_lib_python3_12_site-packages_PyQt6_Qt6_qml_QtQuick3D_Particles3D --> node_venv_lib_python3_12_site-packages_PyQt6_Qt6_qml_QtQuick3D_Particles3D_designer["designer"]\n    node_venv_lib_python3_12_site-packages_PyQt6_Qt6_qml_QtQuick3D_Particles3D_designer --> node_venv_lib_python3_12_site-packages_PyQt6_Qt6_qml_QtQuick3D_Particles3D_designer_images["images"]\n    node_venv_lib_python3_12_site-packages_PyQt6_Qt6_qml_QtQuick3D_Particles3D_designer_images --> node_venv_lib_python3_12_site-packages_PyQt6_Qt6_qml_QtQuick3D_Particles3D_designer_images_scale-affector-24px_png["scale-affector-24px.png"]\n    Root --> node_venv["venv"]\n    node_venv --> node_venv_lib["lib"]\n    node_venv_lib --> node_venv_lib_python3_12["python3.12"]\n    node_venv_lib_python3_12 --> node_venv_lib_python3_12_site-packages["site-packages"]\n    node_venv_lib_python3_12_site-packages --> node_venv_lib_python3_12_site-packages_PyQt6["PyQt6"]\n    node_venv_lib_python3_12_site-packages_PyQt6 --> node_venv_lib_python3_12_site-packages_PyQt6_Qt6["Qt6"]\n    node_venv_lib_python3_12_site-packages_PyQt6_Qt6 --> node_venv_lib_python3_12_site-packages_PyQt6_Qt6_qml["qml"]\n    node_venv_lib_python3_12_site-packages_PyQt6_Qt6_qml --> node_venv_lib_python3_12_site-packages_PyQt6_Qt6_qml_QtQuick3D["QtQuick3D"]\n    node_venv_lib_python3_12_site-packages_PyQt6_Qt6_qml_QtQuick3D --> node_venv_lib_python3_12_site-packages_PyQt6_Qt6_qml_QtQuick3D_Particles3D["Particles3D"]\n    node_venv_lib_python3_12_site-packages_PyQt6_Qt6_qml_QtQuick3D_Particles3D --> node_venv_lib_python3_12_site-packages_PyQt6_Qt6_qml_QtQuick3D_Particles3D_designer["designer"]\n    node_venv_lib_python3_12_site-packages_PyQt6_Qt6_qml_QtQuick3D_Particles3D_designer --> node_venv_lib_python3_12_site-packages_PyQt6_Qt6_qml_QtQuick3D_Particles3D_designer_images["images"]\n    node_venv_lib_python3_12_site-packages_PyQt6_Qt6_qml_QtQuick3D_Particles3D_designer_images --> node_venv_lib_python3_12_site-packages_PyQt6_Qt6_qml_QtQuick3D_Particles3D_designer_images_scale-affector-24px@2x_png["scale-affector-24px@2x.png"]\n    Root --> node_venv["venv"]\n    node_venv --> node_venv_lib["lib"]\n    node_venv_lib --> node_venv_lib_python3_12["python3.12"]\n    node_venv_lib_python3_12 --> node_venv_lib_python3_12_site-packages["site-packages"]\n    node_venv_lib_python3_12_site-packages --> node_venv_lib_python3_12_site-packages_PyQt6["PyQt6"]\n    node_venv_lib_python3_12_site-packages_PyQt6 --> node_venv_lib_python3_12_site-packages_PyQt6_Qt6["Qt6"]\n    node_venv_lib_python3_12_site-packages_PyQt6_Qt6 --> node_venv_lib_python3_12_site-packages_PyQt6_Qt6_qml["qml"]\n    node_venv_lib_python3_12_site-packages_PyQt6_Qt6_qml --> node_venv_lib_python3_12_site-packages_PyQt6_Qt6_qml_QtQuick3D["QtQuick3D"]\n    node_venv_lib_python3_12_site-packages_PyQt6_Qt6_qml_QtQuick3D --> node_venv_lib_python3_12_site-packages_PyQt6_Qt6_qml_QtQuick3D_Particles3D["Particles3D"]\n    node_venv_lib_python3_12_site-packages_PyQt6_Qt6_qml_QtQuick3D_Particles3D --> node_venv_lib_python3_12_site-packages_PyQt6_Qt6_qml_QtQuick3D_Particles3D_designer["designer"]\n    node_venv_lib_python3_12_site-packages_PyQt6_Qt6_qml_QtQuick3D_Particles3D_designer --> node_venv_lib_python3_12_site-packages_PyQt6_Qt6_qml_QtQuick3D_Particles3D_designer_images["images"]\n    node_venv_lib_python3_12_site-packages_PyQt6_Qt6_qml_QtQuick3D_Particles3D_designer_images --> node_venv_lib_python3_12_site-packages_PyQt6_Qt6_qml_QtQuick3D_Particles3D_designer_images_sprite-particle-16px_png["sprite-particle-16px.png"]\n    Root --> node_venv["venv"]\n    node_venv --> node_venv_lib["lib"]\n    node_venv_lib --> node_venv_lib_python3_12["python3.12"]\n    node_venv_lib_python3_12 --> node_venv_lib_python3_12_site-packages["site-packages"]\n    node_venv_lib_python3_12_site-packages --> node_venv_lib_python3_12_site-packages_PyQt6["PyQt6"]\n    node_venv_lib_python3_12_site-packages_PyQt6 --> node_venv_lib_python3_12_site-packages_PyQt6_Qt6["Qt6"]\n    node_venv_lib_python3_12_site-packages_PyQt6_Qt6 --> node_venv_lib_python3_12_site-packages_PyQt6_Qt6_qml["qml"]\n    node_venv_lib_python3_12_site-packages_PyQt6_Qt6_qml --> node_venv_lib_python3_12_site-packages_PyQt6_Qt6_qml_QtQuick3D["QtQuick3D"]\n    node_venv_lib_python3_12_site-packages_PyQt6_Qt6_qml_QtQuick3D --> node_venv_lib_python3_12_site-packages_PyQt6_Qt6_qml_QtQuick3D_Particles3D["Particles3D"]\n    node_venv_lib_python3_12_site-packages_PyQt6_Qt6_qml_QtQuick3D_Particles3D --> node_venv_lib_python3_12_site-packages_PyQt6_Qt6_qml_QtQuick3D_Particles3D_designer["designer"]\n    node_venv_lib_python3_12_site-packages_PyQt6_Qt6_qml_QtQuick3D_Particles3D_designer --> node_venv_lib_python3_12_site-packages_PyQt6_Qt6_qml_QtQuick3D_Particles3D_designer_images["images"]\n    node_venv_lib_python3_12_site-packages_PyQt6_Qt6_qml_QtQuick3D_Particles3D_designer_images --> node_venv_lib_python3_12_site-packages_PyQt6_Qt6_qml_QtQuick3D_Particles3D_designer_images_sprite-particle-24px_png["sprite-particle-24px.png"]\n    Root --> node_venv["venv"]\n    node_venv --> node_venv_lib["lib"]\n    node_venv_lib --> node_venv_lib_python3_12["python3.12"]\n    node_venv_lib_python3_12 --> node_venv_lib_python3_12_site-packages["site-packages"]\n    node_venv_lib_python3_12_site-packages --> node_venv_lib_python3_12_site-packages_PyQt6["PyQt6"]\n    node_venv_lib_python3_12_site-packages_PyQt6 --> node_venv_lib_python3_12_site-packages_PyQt6_Qt6["Qt6"]\n    node_venv_lib_python3_12_site-packages_PyQt6_Qt6 --> node_venv_lib_python3_12_site-packages_PyQt6_Qt6_qml["qml"]\n    node_venv_lib_python3_12_site-packages_PyQt6_Qt6_qml --> node_venv_lib_python3_12_site-packages_PyQt6_Qt6_qml_QtQuick3D["QtQuick3D"]\n    node_venv_lib_python3_12_site-packages_PyQt6_Qt6_qml_QtQuick3D --> node_venv_lib_python3_12_site-packages_PyQt6_Qt6_qml_QtQuick3D_Particles3D["Particles3D"]\n    node_venv_lib_python3_12_site-packages_PyQt6_Qt6_qml_QtQuick3D_Particles3D --> node_venv_lib_python3_12_site-packages_PyQt6_Qt6_qml_QtQuick3D_Particles3D_designer["designer"]\n    node_venv_lib_python3_12_site-packages_PyQt6_Qt6_qml_QtQuick3D_Particles3D_designer --> node_venv_lib_python3_12_site-packages_PyQt6_Qt6_qml_QtQuick3D_Particles3D_designer_images["images"]\n    node_venv_lib_python3_12_site-packages_PyQt6_Qt6_qml_QtQuick3D_Particles3D_designer_images --> node_venv_lib_python3_12_site-packages_PyQt6_Qt6_qml_QtQuick3D_Particles3D_designer_images_sprite-particle-24px@2x_png["sprite-particle-24px@2x.png"]\n    Root --> node_venv["venv"]\n    node_venv --> node_venv_lib["lib"]\n    node_venv_lib --> node_venv_lib_python3_12["python3.12"]\n    node_venv_lib_python3_12 --> node_venv_lib_python3_12_site-packages["site-packages"]\n    node_venv_lib_python3_12_site-packages --> node_venv_lib_python3_12_site-packages_PyQt6["PyQt6"]\n    node_venv_lib_python3_12_site-packages_PyQt6 --> node_venv_lib_python3_12_site-packages_PyQt6_Qt6["Qt6"]\n    node_venv_lib_python3_12_site-packages_PyQt6_Qt6 --> node_venv_lib_python3_12_site-packages_PyQt6_Qt6_qml["qml"]\n    node_venv_lib_python3_12_site-packages_PyQt6_Qt6_qml --> node_venv_lib_python3_12_site-packages_PyQt6_Qt6_qml_QtQuick3D["QtQuick3D"]\n    node_venv_lib_python3_12_site-packages_PyQt6_Qt6_qml_QtQuick3D --> node_venv_lib_python3_12_site-packages_PyQt6_Qt6_qml_QtQuick3D_Particles3D["Particles3D"]\n    node_venv_lib_python3_12_site-packages_PyQt6_Qt6_qml_QtQuick3D_Particles3D --> node_venv_lib_python3_12_site-packages_PyQt6_Qt6_qml_QtQuick3D_Particles3D_designer["designer"]\n    node_venv_lib_python3_12_site-packages_PyQt6_Qt6_qml_QtQuick3D_Particles3D_designer --> node_venv_lib_python3_12_site-packages_PyQt6_Qt6_qml_QtQuick3D_Particles3D_designer_images["images"]\n    node_venv_lib_python3_12_site-packages_PyQt6_Qt6_qml_QtQuick3D_Particles3D_designer_images --> node_venv_lib_python3_12_site-packages_PyQt6_Qt6_qml_QtQuick3D_Particles3D_designer_images_sprite-sequence-16px_png["sprite-sequence-16px.png"]\n    Root --> node_venv["venv"]\n    node_venv --> node_venv_lib["lib"]\n    node_venv_lib --> node_venv_lib_python3_12["python3.12"]\n    node_venv_lib_python3_12 --> node_venv_lib_python3_12_site-packages["site-packages"]\n    node_venv_lib_python3_12_site-packages --> node_venv_lib_python3_12_site-packages_PyQt6["PyQt6"]\n    node_venv_lib_python3_12_site-packages_PyQt6 --> node_venv_lib_python3_12_site-packages_PyQt6_Qt6["Qt6"]\n    node_venv_lib_python3_12_site-packages_PyQt6_Qt6 --> node_venv_lib_python3_12_site-packages_PyQt6_Qt6_qml["qml"]\n    node_venv_lib_python3_12_site-packages_PyQt6_Qt6_qml --> node_venv_lib_python3_12_site-packages_PyQt6_Qt6_qml_QtQuick3D["QtQuick3D"]\n    node_venv_lib_python3_12_site-packages_PyQt6_Qt6_qml_QtQuick3D --> node_venv_lib_python3_12_site-packages_PyQt6_Qt6_qml_QtQuick3D_Particles3D["Particles3D"]\n    node_venv_lib_python3_12_site-packages_PyQt6_Qt6_qml_QtQuick3D_Particles3D --> node_venv_lib_python3_12_site-packages_PyQt6_Qt6_qml_QtQuick3D_Particles3D_designer["designer"]\n    node_venv_lib_python3_12_site-packages_PyQt6_Qt6_qml_QtQuick3D_Particles3D_designer --> node_venv_lib_python3_12_site-packages_PyQt6_Qt6_qml_QtQuick3D_Particles3D_designer_images["images"]\n    node_venv_lib_python3_12_site-packages_PyQt6_Qt6_qml_QtQuick3D_Particles3D_designer_images --> node_venv_lib_python3_12_site-packages_PyQt6_Qt6_qml_QtQuick3D_Particles3D_designer_images_sprite-sequence-24px_png["sprite-sequence-24px.png"]\n    Root --> node_venv["venv"]\n    node_venv --> node_venv_lib["lib"]\n    node_venv_lib --> node_venv_lib_python3_12["python3.12"]\n    node_venv_lib_python3_12 --> node_venv_lib_python3_12_site-packages["site-packages"]\n    node_venv_lib_python3_12_site-packages --> node_venv_lib_python3_12_site-packages_PyQt6["PyQt6"]\n    node_venv_lib_python3_12_site-packages_PyQt6 --> node_venv_lib_python3_12_site-packages_PyQt6_Qt6["Qt6"]\n    node_venv_lib_python3_12_site-packages_PyQt6_Qt6 --> node_venv_lib_python3_12_site-packages_PyQt6_Qt6_qml["qml"]\n    node_venv_lib_python3_12_site-packages_PyQt6_Qt6_qml --> node_venv_lib_python3_12_site-packages_PyQt6_Qt6_qml_QtQuick3D["QtQuick3D"]\n    node_venv_lib_python3_12_site-packages_PyQt6_Qt6_qml_QtQuick3D --> node_venv_lib_python3_12_site-packages_PyQt6_Qt6_qml_QtQuick3D_Particles3D["Particles3D"]\n    node_venv_lib_python3_12_site-packages_PyQt6_Qt6_qml_QtQuick3D_Particles3D --> node_venv_lib_python3_12_site-packages_PyQt6_Qt6_qml_QtQuick3D_Particles3D_designer["designer"]\n    node_venv_lib_python3_12_site-packages_PyQt6_Qt6_qml_QtQuick3D_Particles3D_designer --> node_venv_lib_python3_12_site-packages_PyQt6_Qt6_qml_QtQuick3D_Particles3D_designer_images["images"]\n    node_venv_lib_python3_12_site-packages_PyQt6_Qt6_qml_QtQuick3D_Particles3D_designer_images --> node_venv_lib_python3_12_site-packages_PyQt6_Qt6_qml_QtQuick3D_Particles3D_designer_images_sprite-sequence-24px@2x_png["sprite-sequence-24px@2x.png"]\n    Root --> node_venv["venv"]\n    node_venv --> node_venv_lib["lib"]\n    node_venv_lib --> node_venv_lib_python3_12["python3.12"]\n    node_venv_lib_python3_12 --> node_venv_lib_python3_12_site-packages["site-packages"]\n    node_venv_lib_python3_12_site-packages --> node_venv_lib_python3_12_site-packages_PyQt6["PyQt6"]\n    node_venv_lib_python3_12_site-packages_PyQt6 --> node_venv_lib_python3_12_site-packages_PyQt6_Qt6["Qt6"]\n    node_venv_lib_python3_12_site-packages_PyQt6_Qt6 --> node_venv_lib_python3_12_site-packages_PyQt6_Qt6_qml["qml"]\n    node_venv_lib_python3_12_site-packages_PyQt6_Qt6_qml --> node_venv_lib_python3_12_site-packages_PyQt6_Qt6_qml_QtQuick3D["QtQuick3D"]\n    node_venv_lib_python3_12_site-packages_PyQt6_Qt6_qml_QtQuick3D --> node_venv_lib_python3_12_site-packages_PyQt6_Qt6_qml_QtQuick3D_Particles3D["Particles3D"]\n    node_venv_lib_python3_12_site-packages_PyQt6_Qt6_qml_QtQuick3D_Particles3D --> node_venv_lib_python3_12_site-packages_PyQt6_Qt6_qml_QtQuick3D_Particles3D_designer["designer"]\n    node_venv_lib_python3_12_site-packages_PyQt6_Qt6_qml_QtQuick3D_Particles3D_designer --> node_venv_lib_python3_12_site-packages_PyQt6_Qt6_qml_QtQuick3D_Particles3D_designer_images["images"]\n    node_venv_lib_python3_12_site-packages_PyQt6_Qt6_qml_QtQuick3D_Particles3D_designer_images --> node_venv_lib_python3_12_site-packages_PyQt6_Qt6_qml_QtQuick3D_Particles3D_designer_images_target-direction-16px_png["target-direction-16px.png"]\n    Root --> node_venv["venv"]\n    node_venv --> node_venv_lib["lib"]\n    node_venv_lib --> node_venv_lib_python3_12["python3.12"]\n    node_venv_lib_python3_12 --> node_venv_lib_python3_12_site-packages["site-packages"]\n    node_venv_lib_python3_12_site-packages --> node_venv_lib_python3_12_site-packages_PyQt6["PyQt6"]\n    node_venv_lib_python3_12_site-packages_PyQt6 --> node_venv_lib_python3_12_site-packages_PyQt6_Qt6["Qt6"]\n    node_venv_lib_python3_12_site-packages_PyQt6_Qt6 --> node_venv_lib_python3_12_site-packages_PyQt6_Qt6_qml["qml"]\n    node_venv_lib_python3_12_site-packages_PyQt6_Qt6_qml --> node_venv_lib_python3_12_site-packages_PyQt6_Qt6_qml_QtQuick3D["QtQuick3D"]\n    node_venv_lib_python3_12_site-packages_PyQt6_Qt6_qml_QtQuick3D --> node_venv_lib_python3_12_site-packages_PyQt6_Qt6_qml_QtQuick3D_Particles3D["Particles3D"]\n    node_venv_lib_python3_12_site-packages_PyQt6_Qt6_qml_QtQuick3D_Particles3D --> node_venv_lib_python3_12_site-packages_PyQt6_Qt6_qml_QtQuick3D_Particles3D_designer["designer"]\n    node_venv_lib_python3_12_site-packages_PyQt6_Qt6_qml_QtQuick3D_Particles3D_designer --> node_venv_lib_python3_12_site-packages_PyQt6_Qt6_qml_QtQuick3D_Particles3D_designer_images["images"]\n    node_venv_lib_python3_12_site-packages_PyQt6_Qt6_qml_QtQuick3D_Particles3D_designer_images --> node_venv_lib_python3_12_site-packages_PyQt6_Qt6_qml_QtQuick3D_Particles3D_designer_images_target-direction-24px_png["target-direction-24px.png"]\n    Root --> node_venv["venv"]\n    node_venv --> node_venv_lib["lib"]\n    node_venv_lib --> node_venv_lib_python3_12["python3.12"]\n    node_venv_lib_python3_12 --> node_venv_lib_python3_12_site-packages["site-packages"]\n    node_venv_lib_python3_12_site-packages --> node_venv_lib_python3_12_site-packages_PyQt6["PyQt6"]\n    node_venv_lib_python3_12_site-packages_PyQt6 --> node_venv_lib_python3_12_site-packages_PyQt6_Qt6["Qt6"]\n    node_venv_lib_python3_12_site-packages_PyQt6_Qt6 --> node_venv_lib_python3_12_site-packages_PyQt6_Qt6_qml["qml"]\n    node_venv_lib_python3_12_site-packages_PyQt6_Qt6_qml --> node_venv_lib_python3_12_site-packages_PyQt6_Qt6_qml_QtQuick3D["QtQuick3D"]\n    node_venv_lib_python3_12_site-packages_PyQt6_Qt6_qml_QtQuick3D --> node_venv_lib_python3_12_site-packages_PyQt6_Qt6_qml_QtQuick3D_Particles3D["Particles3D"]\n    node_venv_lib_python3_12_site-packages_PyQt6_Qt6_qml_QtQuick3D_Particles3D --> node_venv_lib_python3_12_site-packages_PyQt6_Qt6_qml_QtQuick3D_Particles3D_designer["designer"]\n    node_venv_lib_python3_12_site-packages_PyQt6_Qt6_qml_QtQuick3D_Particles3D_designer --> node_venv_lib_python3_12_site-packages_PyQt6_Qt6_qml_QtQuick3D_Particles3D_designer_images["images"]\n    node_venv_lib_python3_12_site-packages_PyQt6_Qt6_qml_QtQuick3D_Particles3D_designer_images --> node_venv_lib_python3_12_site-packages_PyQt6_Qt6_qml_QtQuick3D_Particles3D_designer_images_target-direction-24px@2x_png["target-direction-24px@2x.png"]\n    Root --> node_venv["venv"]\n    node_venv --> node_venv_lib["lib"]\n    node_venv_lib --> node_venv_lib_python3_12["python3.12"]\n    node_venv_lib_python3_12 --> node_venv_lib_python3_12_site-packages["site-packages"]\n    node_venv_lib_python3_12_site-packages --> node_venv_lib_python3_12_site-packages_PyQt6["PyQt6"]\n    node_venv_lib_python3_12_site-packages_PyQt6 --> node_venv_lib_python3_12_site-packages_PyQt6_Qt6["Qt6"]\n    node_venv_lib_python3_12_site-packages_PyQt6_Qt6 --> node_venv_lib_python3_12_site-packages_PyQt6_Qt6_qml["qml"]\n    node_venv_lib_python3_12_site-packages_PyQt6_Qt6_qml --> node_venv_lib_python3_12_site-packages_PyQt6_Qt6_qml_QtQuick3D["QtQuick3D"]\n    node_venv_lib_python3_12_site-packages_PyQt6_Qt6_qml_QtQuick3D --> node_venv_lib_python3_12_site-packages_PyQt6_Qt6_qml_QtQuick3D_Particles3D["Particles3D"]\n    node_venv_lib_python3_12_site-packages_PyQt6_Qt6_qml_QtQuick3D_Particles3D --> node_venv_lib_python3_12_site-packages_PyQt6_Qt6_qml_QtQuick3D_Particles3D_designer["designer"]\n    node_venv_lib_python3_12_site-packages_PyQt6_Qt6_qml_QtQuick3D_Particles3D_designer --> node_venv_lib_python3_12_site-packages_PyQt6_Qt6_qml_QtQuick3D_Particles3D_designer_images["images"]\n    node_venv_lib_python3_12_site-packages_PyQt6_Qt6_qml_QtQuick3D_Particles3D_designer_images --> node_venv_lib_python3_12_site-packages_PyQt6_Qt6_qml_QtQuick3D_Particles3D_designer_images_trail-emitter-16px_png["trail-emitter-16px.png"]\n    Root --> node_venv["venv"]\n    node_venv --> node_venv_lib["lib"]\n    node_venv_lib --> node_venv_lib_python3_12["python3.12"]\n    node_venv_lib_python3_12 --> node_venv_lib_python3_12_site-packages["site-packages"]\n    node_venv_lib_python3_12_site-packages --> node_venv_lib_python3_12_site-packages_PyQt6["PyQt6"]\n    node_venv_lib_python3_12_site-packages_PyQt6 --> node_venv_lib_python3_12_site-packages_PyQt6_Qt6["Qt6"]\n    node_venv_lib_python3_12_site-packages_PyQt6_Qt6 --> node_venv_lib_python3_12_site-packages_PyQt6_Qt6_qml["qml"]\n    node_venv_lib_python3_12_site-packages_PyQt6_Qt6_qml --> node_venv_lib_python3_12_site-packages_PyQt6_Qt6_qml_QtQuick3D["QtQuick3D"]\n    node_venv_lib_python3_12_site-packages_PyQt6_Qt6_qml_QtQuick3D --> node_venv_lib_python3_12_site-packages_PyQt6_Qt6_qml_QtQuick3D_Particles3D["Particles3D"]\n    node_venv_lib_python3_12_site-packages_PyQt6_Qt6_qml_QtQuick3D_Particles3D --> node_venv_lib_python3_12_site-packages_PyQt6_Qt6_qml_QtQuick3D_Particles3D_designer["designer"]\n    node_venv_lib_python3_12_site-packages_PyQt6_Qt6_qml_QtQuick3D_Particles3D_designer --> node_venv_lib_python3_12_site-packages_PyQt6_Qt6_qml_QtQuick3D_Particles3D_designer_images["images"]\n    node_venv_lib_python3_12_site-packages_PyQt6_Qt6_qml_QtQuick3D_Particles3D_designer_images --> node_venv_lib_python3_12_site-packages_PyQt6_Qt6_qml_QtQuick3D_Particles3D_designer_images_trail-emitter-24px_png["trail-emitter-24px.png"]\n    Root --> node_venv["venv"]\n    node_venv --> node_venv_lib["lib"]\n    node_venv_lib --> node_venv_lib_python3_12["python3.12"]\n    node_venv_lib_python3_12 --> node_venv_lib_python3_12_site-packages["site-packages"]\n    node_venv_lib_python3_12_site-packages --> node_venv_lib_python3_12_site-packages_PyQt6["PyQt6"]\n    node_venv_lib_python3_12_site-packages_PyQt6 --> node_venv_lib_python3_12_site-packages_PyQt6_Qt6["Qt6"]\n    node_venv_lib_python3_12_site-packages_PyQt6_Qt6 --> node_venv_lib_python3_12_site-packages_PyQt6_Qt6_qml["qml"]\n    node_venv_lib_python3_12_site-packages_PyQt6_Qt6_qml --> node_venv_lib_python3_12_site-packages_PyQt6_Qt6_qml_QtQuick3D["QtQuick3D"]\n    node_venv_lib_python3_12_site-packages_PyQt6_Qt6_qml_QtQuick3D --> node_venv_lib_python3_12_site-packages_PyQt6_Qt6_qml_QtQuick3D_Particles3D["Particles3D"]\n    node_venv_lib_python3_12_site-packages_PyQt6_Qt6_qml_QtQuick3D_Particles3D --> node_venv_lib_python3_12_site-packages_PyQt6_Qt6_qml_QtQuick3D_Particles3D_designer["designer"]\n    node_venv_lib_python3_12_site-packages_PyQt6_Qt6_qml_QtQuick3D_Particles3D_designer --> node_venv_lib_python3_12_site-packages_PyQt6_Qt6_qml_QtQuick3D_Particles3D_designer_images["images"]\n    node_venv_lib_python3_12_site-packages_PyQt6_Qt6_qml_QtQuick3D_Particles3D_designer_images --> node_venv_lib_python3_12_site-packages_PyQt6_Qt6_qml_QtQuick3D_Particles3D_designer_images_trail-emitter-24px@2x_png["trail-emitter-24px@2x.png"]\n    Root --> node_venv["venv"]\n    node_venv --> node_venv_lib["lib"]\n    node_venv_lib --> node_venv_lib_python3_12["python3.12"]\n    node_venv_lib_python3_12 --> node_venv_lib_python3_12_site-packages["site-packages"]\n    node_venv_lib_python3_12_site-packages --> node_venv_lib_python3_12_site-packages_PyQt6["PyQt6"]\n    node_venv_lib_python3_12_site-packages_PyQt6 --> node_venv_lib_python3_12_site-packages_PyQt6_Qt6["Qt6"]\n    node_venv_lib_python3_12_site-packages_PyQt6_Qt6 --> node_venv_lib_python3_12_site-packages_PyQt6_Qt6_qml["qml"]\n    node_venv_lib_python3_12_site-packages_PyQt6_Qt6_qml --> node_venv_lib_python3_12_site-packages_PyQt6_Qt6_qml_QtQuick3D["QtQuick3D"]\n    node_venv_lib_python3_12_site-packages_PyQt6_Qt6_qml_QtQuick3D --> node_venv_lib_python3_12_site-packages_PyQt6_Qt6_qml_QtQuick3D_Particles3D["Particles3D"]\n    node_venv_lib_python3_12_site-packages_PyQt6_Qt6_qml_QtQuick3D_Particles3D --> node_venv_lib_python3_12_site-packages_PyQt6_Qt6_qml_QtQuick3D_Particles3D_designer["designer"]\n    node_venv_lib_python3_12_site-packages_PyQt6_Qt6_qml_QtQuick3D_Particles3D_designer --> node_venv_lib_python3_12_site-packages_PyQt6_Qt6_qml_QtQuick3D_Particles3D_designer_images["images"]\n    node_venv_lib_python3_12_site-packages_PyQt6_Qt6_qml_QtQuick3D_Particles3D_designer_images --> node_venv_lib_python3_12_site-packages_PyQt6_Qt6_qml_QtQuick3D_Particles3D_designer_images_vector-direction-16px_png["vector-direction-16px.png"]\n    Root --> node_venv["venv"]\n    node_venv --> node_venv_lib["lib"]\n    node_venv_lib --> node_venv_lib_python3_12["python3.12"]\n    node_venv_lib_python3_12 --> node_venv_lib_python3_12_site-packages["site-packages"]\n    node_venv_lib_python3_12_site-packages --> node_venv_lib_python3_12_site-packages_PyQt6["PyQt6"]\n    node_venv_lib_python3_12_site-packages_PyQt6 --> node_venv_lib_python3_12_site-packages_PyQt6_Qt6["Qt6"]\n    node_venv_lib_python3_12_site-packages_PyQt6_Qt6 --> node_venv_lib_python3_12_site-packages_PyQt6_Qt6_qml["qml"]\n    node_venv_lib_python3_12_site-packages_PyQt6_Qt6_qml --> node_venv_lib_python3_12_site-packages_PyQt6_Qt6_qml_QtQuick3D["QtQuick3D"]\n    node_venv_lib_python3_12_site-packages_PyQt6_Qt6_qml_QtQuick3D --> node_venv_lib_python3_12_site-packages_PyQt6_Qt6_qml_QtQuick3D_Particles3D["Particles3D"]\n    node_venv_lib_python3_12_site-packages_PyQt6_Qt6_qml_QtQuick3D_Particles3D --> node_venv_lib_python3_12_site-packages_PyQt6_Qt6_qml_QtQuick3D_Particles3D_designer["designer"]\n    node_venv_lib_python3_12_site-packages_PyQt6_Qt6_qml_QtQuick3D_Particles3D_designer --> node_venv_lib_python3_12_site-packages_PyQt6_Qt6_qml_QtQuick3D_Particles3D_designer_images["images"]\n    node_venv_lib_python3_12_site-packages_PyQt6_Qt6_qml_QtQuick3D_Particles3D_designer_images --> node_venv_lib_python3_12_site-packages_PyQt6_Qt6_qml_QtQuick3D_Particles3D_designer_images_vector-direction-24px_png["vector-direction-24px.png"]\n    Root --> node_venv["venv"]\n    node_venv --> node_venv_lib["lib"]\n    node_venv_lib --> node_venv_lib_python3_12["python3.12"]\n    node_venv_lib_python3_12 --> node_venv_lib_python3_12_site-packages["site-packages"]\n    node_venv_lib_python3_12_site-packages --> node_venv_lib_python3_12_site-packages_PyQt6["PyQt6"]\n    node_venv_lib_python3_12_site-packages_PyQt6 --> node_venv_lib_python3_12_site-packages_PyQt6_Qt6["Qt6"]\n    node_venv_lib_python3_12_site-packages_PyQt6_Qt6 --> node_venv_lib_python3_12_site-packages_PyQt6_Qt6_qml["qml"]\n    node_venv_lib_python3_12_site-packages_PyQt6_Qt6_qml --> node_venv_lib_python3_12_site-packages_PyQt6_Qt6_qml_QtQuick3D["QtQuick3D"]\n    node_venv_lib_python3_12_site-packages_PyQt6_Qt6_qml_QtQuick3D --> node_venv_lib_python3_12_site-packages_PyQt6_Qt6_qml_QtQuick3D_Particles3D["Particles3D"]\n    node_venv_lib_python3_12_site-packages_PyQt6_Qt6_qml_QtQuick3D_Particles3D --> node_venv_lib_python3_12_site-packages_PyQt6_Qt6_qml_QtQuick3D_Particles3D_designer["designer"]\n    node_venv_lib_python3_12_site-packages_PyQt6_Qt6_qml_QtQuick3D_Particles3D_designer --> node_venv_lib_python3_12_site-packages_PyQt6_Qt6_qml_QtQuick3D_Particles3D_designer_images["images"]\n    node_venv_lib_python3_12_site-packages_PyQt6_Qt6_qml_QtQuick3D_Particles3D_designer_images --> node_venv_lib_python3_12_site-packages_PyQt6_Qt6_qml_QtQuick3D_Particles3D_designer_images_vector-direction-24px@2x_png["vector-direction-24px@2x.png"]\n    Root --> node_venv["venv"]\n    node_venv --> node_venv_lib["lib"]\n    node_venv_lib --> node_venv_lib_python3_12["python3.12"]\n    node_venv_lib_python3_12 --> node_venv_lib_python3_12_site-packages["site-packages"]\n    node_venv_lib_python3_12_site-packages --> node_venv_lib_python3_12_site-packages_PyQt6["PyQt6"]\n    node_venv_lib_python3_12_site-packages_PyQt6 --> node_venv_lib_python3_12_site-packages_PyQt6_Qt6["Qt6"]\n    node_venv_lib_python3_12_site-packages_PyQt6_Qt6 --> node_venv_lib_python3_12_site-packages_PyQt6_Qt6_qml["qml"]\n    node_venv_lib_python3_12_site-packages_PyQt6_Qt6_qml --> node_venv_lib_python3_12_site-packages_PyQt6_Qt6_qml_QtQuick3D["QtQuick3D"]\n    node_venv_lib_python3_12_site-packages_PyQt6_Qt6_qml_QtQuick3D --> node_venv_lib_python3_12_site-packages_PyQt6_Qt6_qml_QtQuick3D_Particles3D["Particles3D"]\n    node_venv_lib_python3_12_site-packages_PyQt6_Qt6_qml_QtQuick3D_Particles3D --> node_venv_lib_python3_12_site-packages_PyQt6_Qt6_qml_QtQuick3D_Particles3D_designer["designer"]\n    node_venv_lib_python3_12_site-packages_PyQt6_Qt6_qml_QtQuick3D_Particles3D_designer --> node_venv_lib_python3_12_site-packages_PyQt6_Qt6_qml_QtQuick3D_Particles3D_designer_images["images"]\n    node_venv_lib_python3_12_site-packages_PyQt6_Qt6_qml_QtQuick3D_Particles3D_designer_images --> node_venv_lib_python3_12_site-packages_PyQt6_Qt6_qml_QtQuick3D_Particles3D_designer_images_wander-16px_png["wander-16px.png"]\n    Root --> node_venv["venv"]\n    node_venv --> node_venv_lib["lib"]\n    node_venv_lib --> node_venv_lib_python3_12["python3.12"]\n    node_venv_lib_python3_12 --> node_venv_lib_python3_12_site-packages["site-packages"]\n    node_venv_lib_python3_12_site-packages --> node_venv_lib_python3_12_site-packages_PyQt6["PyQt6"]\n    node_venv_lib_python3_12_site-packages_PyQt6 --> node_venv_lib_python3_12_site-packages_PyQt6_Qt6["Qt6"]\n    node_venv_lib_python3_12_site-packages_PyQt6_Qt6 --> node_venv_lib_python3_12_site-packages_PyQt6_Qt6_qml["qml"]\n    node_venv_lib_python3_12_site-packages_PyQt6_Qt6_qml --> node_venv_lib_python3_12_site-packages_PyQt6_Qt6_qml_QtQuick3D["QtQuick3D"]\n    node_venv_lib_python3_12_site-packages_PyQt6_Qt6_qml_QtQuick3D --> node_venv_lib_python3_12_site-packages_PyQt6_Qt6_qml_QtQuick3D_Particles3D["Particles3D"]\n    node_venv_lib_python3_12_site-packages_PyQt6_Qt6_qml_QtQuick3D_Particles3D --> node_venv_lib_python3_12_site-packages_PyQt6_Qt6_qml_QtQuick3D_Particles3D_designer["designer"]\n    node_venv_lib_python3_12_site-packages_PyQt6_Qt6_qml_QtQuick3D_Particles3D_designer --> node_venv_lib_python3_12_site-packages_PyQt6_Qt6_qml_QtQuick3D_Particles3D_designer_images["images"]\n    node_venv_lib_python3_12_site-packages_PyQt6_Qt6_qml_QtQuick3D_Particles3D_designer_images --> node_venv_lib_python3_12_site-packages_PyQt6_Qt6_qml_QtQuick3D_Particles3D_designer_images_wander-24px_png["wander-24px.png"]\n    Root --> node_venv["venv"]\n    node_venv --> node_venv_lib["lib"]\n    node_venv_lib --> node_venv_lib_python3_12["python3.12"]\n    node_venv_lib_python3_12 --> node_venv_lib_python3_12_site-packages["site-packages"]\n    node_venv_lib_python3_12_site-packages --> node_venv_lib_python3_12_site-packages_PyQt6["PyQt6"]\n    node_venv_lib_python3_12_site-packages_PyQt6 --> node_venv_lib_python3_12_site-packages_PyQt6_Qt6["Qt6"]\n    node_venv_lib_python3_12_site-packages_PyQt6_Qt6 --> node_venv_lib_python3_12_site-packages_PyQt6_Qt6_qml["qml"]\n    node_venv_lib_python3_12_site-packages_PyQt6_Qt6_qml --> node_venv_lib_python3_12_site-packages_PyQt6_Qt6_qml_QtQuick3D["QtQuick3D"]\n    node_venv_lib_python3_12_site-packages_PyQt6_Qt6_qml_QtQuick3D --> node_venv_lib_python3_12_site-packages_PyQt6_Qt6_qml_QtQuick3D_Particles3D["Particles3D"]\n    node_venv_lib_python3_12_site-packages_PyQt6_Qt6_qml_QtQuick3D_Particles3D --> node_venv_lib_python3_12_site-packages_PyQt6_Qt6_qml_QtQuick3D_Particles3D_designer["designer"]\n    node_venv_lib_python3_12_site-packages_PyQt6_Qt6_qml_QtQuick3D_Particles3D_designer --> node_venv_lib_python3_12_site-packages_PyQt6_Qt6_qml_QtQuick3D_Particles3D_designer_images["images"]\n    node_venv_lib_python3_12_site-packages_PyQt6_Qt6_qml_QtQuick3D_Particles3D_designer_images --> node_venv_lib_python3_12_site-packages_PyQt6_Qt6_qml_QtQuick3D_Particles3D_designer_images_wander-24px@2x_png["wander-24px@2x.png"]\n    Root --> node_venv["venv"]\n    node_venv --> node_venv_lib["lib"]\n    node_venv_lib --> node_venv_lib_python3_12["python3.12"]\n    node_venv_lib_python3_12 --> node_venv_lib_python3_12_site-packages["site-packages"]\n    node_venv_lib_python3_12_site-packages --> node_venv_lib_python3_12_site-packages_PyQt6["PyQt6"]\n    node_venv_lib_python3_12_site-packages_PyQt6 --> node_venv_lib_python3_12_site-packages_PyQt6_Qt6["Qt6"]\n    node_venv_lib_python3_12_site-packages_PyQt6_Qt6 --> node_venv_lib_python3_12_site-packages_PyQt6_Qt6_qml["qml"]\n    node_venv_lib_python3_12_site-packages_PyQt6_Qt6_qml --> node_venv_lib_python3_12_site-packages_PyQt6_Qt6_qml_QtQuick3D["QtQuick3D"]\n    node_venv_lib_python3_12_site-packages_PyQt6_Qt6_qml_QtQuick3D --> node_venv_lib_python3_12_site-packages_PyQt6_Qt6_qml_QtQuick3D_Particles3D["Particles3D"]\n    node_venv_lib_python3_12_site-packages_PyQt6_Qt6_qml_QtQuick3D_Particles3D --> node_venv_lib_python3_12_site-packages_PyQt6_Qt6_qml_QtQuick3D_Particles3D_designer["designer"]\n    node_venv_lib_python3_12_site-packages_PyQt6_Qt6_qml_QtQuick3D_Particles3D_designer --> node_venv_lib_python3_12_site-packages_PyQt6_Qt6_qml_QtQuick3D_Particles3D_designer_source["source"]\n    node_venv_lib_python3_12_site-packages_PyQt6_Qt6_qml_QtQuick3D_Particles3D_designer_source --> node_venv_lib_python3_12_site-packages_PyQt6_Qt6_qml_QtQuick3D_Particles3D_designer_source_particlesystem_animatedsprite_template_qml["particlesystem_animatedsprite_template.qml"]\n    Root --> node_venv["venv"]\n    node_venv --> node_venv_lib["lib"]\n    node_venv_lib --> node_venv_lib_python3_12["python3.12"]\n    node_venv_lib_python3_12 --> node_venv_lib_python3_12_site-packages["site-packages"]\n    node_venv_lib_python3_12_site-packages --> node_venv_lib_python3_12_site-packages_PyQt6["PyQt6"]\n    node_venv_lib_python3_12_site-packages_PyQt6 --> node_venv_lib_python3_12_site-packages_PyQt6_Qt6["Qt6"]\n    node_venv_lib_python3_12_site-packages_PyQt6_Qt6 --> node_venv_lib_python3_12_site-packages_PyQt6_Qt6_qml["qml"]\n    node_venv_lib_python3_12_site-packages_PyQt6_Qt6_qml --> node_venv_lib_python3_12_site-packages_PyQt6_Qt6_qml_QtQuick3D["QtQuick3D"]\n    node_venv_lib_python3_12_site-packages_PyQt6_Qt6_qml_QtQuick3D --> node_venv_lib_python3_12_site-packages_PyQt6_Qt6_qml_QtQuick3D_Particles3D["Particles3D"]\n    node_venv_lib_python3_12_site-packages_PyQt6_Qt6_qml_QtQuick3D_Particles3D --> node_venv_lib_python3_12_site-packages_PyQt6_Qt6_qml_QtQuick3D_Particles3D_designer["designer"]\n    node_venv_lib_python3_12_site-packages_PyQt6_Qt6_qml_QtQuick3D_Particles3D_designer --> node_venv_lib_python3_12_site-packages_PyQt6_Qt6_qml_QtQuick3D_Particles3D_designer_source["source"]\n    node_venv_lib_python3_12_site-packages_PyQt6_Qt6_qml_QtQuick3D_Particles3D_designer_source --> node_venv_lib_python3_12_site-packages_PyQt6_Qt6_qml_QtQuick3D_Particles3D_designer_source_particlesystem_attractor_template_qml["particlesystem_attractor_template.qml"]\n    Root --> node_venv["venv"]\n    node_venv --> node_venv_lib["lib"]\n    node_venv_lib --> node_venv_lib_python3_12["python3.12"]\n    node_venv_lib_python3_12 --> node_venv_lib_python3_12_site-packages["site-packages"]\n    node_venv_lib_python3_12_site-packages --> node_venv_lib_python3_12_site-packages_PyQt6["PyQt6"]\n    node_venv_lib_python3_12_site-packages_PyQt6 --> node_venv_lib_python3_12_site-packages_PyQt6_Qt6["Qt6"]\n    node_venv_lib_python3_12_site-packages_PyQt6_Qt6 --> node_venv_lib_python3_12_site-packages_PyQt6_Qt6_qml["qml"]\n    node_venv_lib_python3_12_site-packages_PyQt6_Qt6_qml --> node_venv_lib_python3_12_site-packages_PyQt6_Qt6_qml_QtQuick3D["QtQuick3D"]\n    node_venv_lib_python3_12_site-packages_PyQt6_Qt6_qml_QtQuick3D --> node_venv_lib_python3_12_site-packages_PyQt6_Qt6_qml_QtQuick3D_Particles3D["Particles3D"]\n    node_venv_lib_python3_12_site-packages_PyQt6_Qt6_qml_QtQuick3D_Particles3D --> node_venv_lib_python3_12_site-packages_PyQt6_Qt6_qml_QtQuick3D_Particles3D_designer["designer"]\n    node_venv_lib_python3_12_site-packages_PyQt6_Qt6_qml_QtQuick3D_Particles3D_designer --> node_venv_lib_python3_12_site-packages_PyQt6_Qt6_qml_QtQuick3D_Particles3D_designer_source["source"]\n    node_venv_lib_python3_12_site-packages_PyQt6_Qt6_qml_QtQuick3D_Particles3D_designer_source --> node_venv_lib_python3_12_site-packages_PyQt6_Qt6_qml_QtQuick3D_Particles3D_designer_source_particlesystem_burst_template_qml["particlesystem_burst_template.qml"]\n    Root --> node_venv["venv"]\n    node_venv --> node_venv_lib["lib"]\n    node_venv_lib --> node_venv_lib_python3_12["python3.12"]\n    node_venv_lib_python3_12 --> node_venv_lib_python3_12_site-packages["site-packages"]\n    node_venv_lib_python3_12_site-packages --> node_venv_lib_python3_12_site-packages_PyQt6["PyQt6"]\n    node_venv_lib_python3_12_site-packages_PyQt6 --> node_venv_lib_python3_12_site-packages_PyQt6_Qt6["Qt6"]\n    node_venv_lib_python3_12_site-packages_PyQt6_Qt6 --> node_venv_lib_python3_12_site-packages_PyQt6_Qt6_qml["qml"]\n    node_venv_lib_python3_12_site-packages_PyQt6_Qt6_qml --> node_venv_lib_python3_12_site-packages_PyQt6_Qt6_qml_QtQuick3D["QtQuick3D"]\n    node_venv_lib_python3_12_site-packages_PyQt6_Qt6_qml_QtQuick3D --> node_venv_lib_python3_12_site-packages_PyQt6_Qt6_qml_QtQuick3D_Particles3D["Particles3D"]\n    node_venv_lib_python3_12_site-packages_PyQt6_Qt6_qml_QtQuick3D_Particles3D --> node_venv_lib_python3_12_site-packages_PyQt6_Qt6_qml_QtQuick3D_Particles3D_designer["designer"]\n    node_venv_lib_python3_12_site-packages_PyQt6_Qt6_qml_QtQuick3D_Particles3D_designer --> node_venv_lib_python3_12_site-packages_PyQt6_Qt6_qml_QtQuick3D_Particles3D_designer_source["source"]\n    node_venv_lib_python3_12_site-packages_PyQt6_Qt6_qml_QtQuick3D_Particles3D_designer_source --> node_venv_lib_python3_12_site-packages_PyQt6_Qt6_qml_QtQuick3D_Particles3D_designer_source_particlesystem_modelblend_template_qml["particlesystem_modelblend_template.qml"]\n    Root --> node_venv["venv"]\n    node_venv --> node_venv_lib["lib"]\n    node_venv_lib --> node_venv_lib_python3_12["python3.12"]\n    node_venv_lib_python3_12 --> node_venv_lib_python3_12_site-packages["site-packages"]\n    node_venv_lib_python3_12_site-packages --> node_venv_lib_python3_12_site-packages_PyQt6["PyQt6"]\n    node_venv_lib_python3_12_site-packages_PyQt6 --> node_venv_lib_python3_12_site-packages_PyQt6_Qt6["Qt6"]\n    node_venv_lib_python3_12_site-packages_PyQt6_Qt6 --> node_venv_lib_python3_12_site-packages_PyQt6_Qt6_qml["qml"]\n    node_venv_lib_python3_12_site-packages_PyQt6_Qt6_qml --> node_venv_lib_python3_12_site-packages_PyQt6_Qt6_qml_QtQuick3D["QtQuick3D"]\n    node_venv_lib_python3_12_site-packages_PyQt6_Qt6_qml_QtQuick3D --> node_venv_lib_python3_12_site-packages_PyQt6_Qt6_qml_QtQuick3D_Particles3D["Particles3D"]\n    node_venv_lib_python3_12_site-packages_PyQt6_Qt6_qml_QtQuick3D_Particles3D --> node_venv_lib_python3_12_site-packages_PyQt6_Qt6_qml_QtQuick3D_Particles3D_designer["designer"]\n    node_venv_lib_python3_12_site-packages_PyQt6_Qt6_qml_QtQuick3D_Particles3D_designer --> node_venv_lib_python3_12_site-packages_PyQt6_Qt6_qml_QtQuick3D_Particles3D_designer_source["source"]\n    node_venv_lib_python3_12_site-packages_PyQt6_Qt6_qml_QtQuick3D_Particles3D_designer_source --> node_venv_lib_python3_12_site-packages_PyQt6_Qt6_qml_QtQuick3D_Particles3D_designer_source_particlesystem_modelshape_template_qml["particlesystem_modelshape_template.qml"]\n    Root --> node_venv["venv"]\n    node_venv --> node_venv_lib["lib"]\n    node_venv_lib --> node_venv_lib_python3_12["python3.12"]\n    node_venv_lib_python3_12 --> node_venv_lib_python3_12_site-packages["site-packages"]\n    node_venv_lib_python3_12_site-packages --> node_venv_lib_python3_12_site-packages_PyQt6["PyQt6"]\n    node_venv_lib_python3_12_site-packages_PyQt6 --> node_venv_lib_python3_12_site-packages_PyQt6_Qt6["Qt6"]\n    node_venv_lib_python3_12_site-packages_PyQt6_Qt6 --> node_venv_lib_python3_12_site-packages_PyQt6_Qt6_qml["qml"]\n    node_venv_lib_python3_12_site-packages_PyQt6_Qt6_qml --> node_venv_lib_python3_12_site-packages_PyQt6_Qt6_qml_QtQuick3D["QtQuick3D"]\n    node_venv_lib_python3_12_site-packages_PyQt6_Qt6_qml_QtQuick3D --> node_venv_lib_python3_12_site-packages_PyQt6_Qt6_qml_QtQuick3D_Particles3D["Particles3D"]\n    node_venv_lib_python3_12_site-packages_PyQt6_Qt6_qml_QtQuick3D_Particles3D --> node_venv_lib_python3_12_site-packages_PyQt6_Qt6_qml_QtQuick3D_Particles3D_designer["designer"]\n    node_venv_lib_python3_12_site-packages_PyQt6_Qt6_qml_QtQuick3D_Particles3D_designer --> node_venv_lib_python3_12_site-packages_PyQt6_Qt6_qml_QtQuick3D_Particles3D_designer_source["source"]\n    node_venv_lib_python3_12_site-packages_PyQt6_Qt6_qml_QtQuick3D_Particles3D_designer_source --> node_venv_lib_python3_12_site-packages_PyQt6_Qt6_qml_QtQuick3D_Particles3D_designer_source_particlesystem_particletrail_template_qml["particlesystem_particletrail_template.qml"]\n    Root --> node_venv["venv"]\n    node_venv --> node_venv_lib["lib"]\n    node_venv_lib --> node_venv_lib_python3_12["python3.12"]\n    node_venv_lib_python3_12 --> node_venv_lib_python3_12_site-packages["site-packages"]\n    node_venv_lib_python3_12_site-packages --> node_venv_lib_python3_12_site-packages_PyQt6["PyQt6"]\n    node_venv_lib_python3_12_site-packages_PyQt6 --> node_venv_lib_python3_12_site-packages_PyQt6_Qt6["Qt6"]\n    node_venv_lib_python3_12_site-packages_PyQt6_Qt6 --> node_venv_lib_python3_12_site-packages_PyQt6_Qt6_qml["qml"]\n    node_venv_lib_python3_12_site-packages_PyQt6_Qt6_qml --> node_venv_lib_python3_12_site-packages_PyQt6_Qt6_qml_QtQuick3D["QtQuick3D"]\n    node_venv_lib_python3_12_site-packages_PyQt6_Qt6_qml_QtQuick3D --> node_venv_lib_python3_12_site-packages_PyQt6_Qt6_qml_QtQuick3D_Particles3D["Particles3D"]\n    node_venv_lib_python3_12_site-packages_PyQt6_Qt6_qml_QtQuick3D_Particles3D --> node_venv_lib_python3_12_site-packages_PyQt6_Qt6_qml_QtQuick3D_Particles3D_designer["designer"]\n    node_venv_lib_python3_12_site-packages_PyQt6_Qt6_qml_QtQuick3D_Particles3D_designer --> node_venv_lib_python3_12_site-packages_PyQt6_Qt6_qml_QtQuick3D_Particles3D_designer_source["source"]\n    node_venv_lib_python3_12_site-packages_PyQt6_Qt6_qml_QtQuick3D_Particles3D_designer_source --> node_venv_lib_python3_12_site-packages_PyQt6_Qt6_qml_QtQuick3D_Particles3D_designer_source_particlesystem_sprite_template_qml["particlesystem_sprite_template.qml"]\n    Root --> node_venv["venv"]\n    node_venv --> node_venv_lib["lib"]\n    node_venv_lib --> node_venv_lib_python3_12["python3.12"]\n    node_venv_lib_python3_12 --> node_venv_lib_python3_12_site-packages["site-packages"]\n    node_venv_lib_python3_12_site-packages --> node_venv_lib_python3_12_site-packages_PyQt6["PyQt6"]\n    node_venv_lib_python3_12_site-packages_PyQt6 --> node_venv_lib_python3_12_site-packages_PyQt6_Qt6["Qt6"]\n    node_venv_lib_python3_12_site-packages_PyQt6_Qt6 --> node_venv_lib_python3_12_site-packages_PyQt6_Qt6_qml["qml"]\n    node_venv_lib_python3_12_site-packages_PyQt6_Qt6_qml --> node_venv_lib_python3_12_site-packages_PyQt6_Qt6_qml_QtQuick3D["QtQuick3D"]\n    node_venv_lib_python3_12_site-packages_PyQt6_Qt6_qml_QtQuick3D --> node_venv_lib_python3_12_site-packages_PyQt6_Qt6_qml_QtQuick3D_Particles3D["Particles3D"]\n    node_venv_lib_python3_12_site-packages_PyQt6_Qt6_qml_QtQuick3D_Particles3D --> node_venv_lib_python3_12_site-packages_PyQt6_Qt6_qml_QtQuick3D_Particles3D_designer["designer"]\n    node_venv_lib_python3_12_site-packages_PyQt6_Qt6_qml_QtQuick3D_Particles3D_designer --> node_venv_lib_python3_12_site-packages_PyQt6_Qt6_qml_QtQuick3D_Particles3D_designer_source["source"]\n    node_venv_lib_python3_12_site-packages_PyQt6_Qt6_qml_QtQuick3D_Particles3D_designer_source --> node_venv_lib_python3_12_site-packages_PyQt6_Qt6_qml_QtQuick3D_Particles3D_designer_source_particlesystem_template_qml["particlesystem_template.qml"]\n    Root --> node_venv["venv"]\n    node_venv --> node_venv_lib["lib"]\n    node_venv_lib --> node_venv_lib_python3_12["python3.12"]\n    node_venv_lib_python3_12 --> node_venv_lib_python3_12_site-packages["site-packages"]\n    node_venv_lib_python3_12_site-packages --> node_venv_lib_python3_12_site-packages_PyQt6["PyQt6"]\n    node_venv_lib_python3_12_site-packages_PyQt6 --> node_venv_lib_python3_12_site-packages_PyQt6_Qt6["Qt6"]\n    node_venv_lib_python3_12_site-packages_PyQt6_Qt6 --> node_venv_lib_python3_12_site-packages_PyQt6_Qt6_qml["qml"]\n    node_venv_lib_python3_12_site-packages_PyQt6_Qt6_qml --> node_venv_lib_python3_12_site-packages_PyQt6_Qt6_qml_QtQuick3D["QtQuick3D"]\n    node_venv_lib_python3_12_site-packages_PyQt6_Qt6_qml_QtQuick3D --> node_venv_lib_python3_12_site-packages_PyQt6_Qt6_qml_QtQuick3D_Particles3D["Particles3D"]\n    node_venv_lib_python3_12_site-packages_PyQt6_Qt6_qml_QtQuick3D_Particles3D --> node_venv_lib_python3_12_site-packages_PyQt6_Qt6_qml_QtQuick3D_Particles3D_designer["designer"]\n    node_venv_lib_python3_12_site-packages_PyQt6_Qt6_qml_QtQuick3D_Particles3D_designer --> node_venv_lib_python3_12_site-packages_PyQt6_Qt6_qml_QtQuick3D_Particles3D_designer_source["source"]\n    node_venv_lib_python3_12_site-packages_PyQt6_Qt6_qml_QtQuick3D_Particles3D_designer_source --> node_venv_lib_python3_12_site-packages_PyQt6_Qt6_qml_QtQuick3D_Particles3D_designer_source_particlesystem_wander_template_qml["particlesystem_wander_template.qml"]\n    Root --> node_venv["venv"]\n    node_venv --> node_venv_lib["lib"]\n    node_venv_lib --> node_venv_lib_python3_12["python3.12"]\n    node_venv_lib_python3_12 --> node_venv_lib_python3_12_site-packages["site-packages"]\n    node_venv_lib_python3_12_site-packages --> node_venv_lib_python3_12_site-packages_PyQt6["PyQt6"]\n    node_venv_lib_python3_12_site-packages_PyQt6 --> node_venv_lib_python3_12_site-packages_PyQt6_Qt6["Qt6"]\n    node_venv_lib_python3_12_site-packages_PyQt6_Qt6 --> node_venv_lib_python3_12_site-packages_PyQt6_Qt6_qml["qml"]\n    node_venv_lib_python3_12_site-packages_PyQt6_Qt6_qml --> node_venv_lib_python3_12_site-packages_PyQt6_Qt6_qml_QtQuick3D["QtQuick3D"]\n    node_venv_lib_python3_12_site-packages_PyQt6_Qt6_qml_QtQuick3D --> node_venv_lib_python3_12_site-packages_PyQt6_Qt6_qml_QtQuick3D_Physics["Physics"]\n    node_venv_lib_python3_12_site-packages_PyQt6_Qt6_qml_QtQuick3D_Physics --> node_venv_lib_python3_12_site-packages_PyQt6_Qt6_qml_QtQuick3D_Physics_libqquick3dphysicsplugin_dylib["libqquick3dphysicsplugin.dylib"]\n    Root --> node_venv["venv"]\n    node_venv --> node_venv_lib["lib"]\n    node_venv_lib --> node_venv_lib_python3_12["python3.12"]\n    node_venv_lib_python3_12 --> node_venv_lib_python3_12_site-packages["site-packages"]\n    node_venv_lib_python3_12_site-packages --> node_venv_lib_python3_12_site-packages_PyQt6["PyQt6"]\n    node_venv_lib_python3_12_site-packages_PyQt6 --> node_venv_lib_python3_12_site-packages_PyQt6_Qt6["Qt6"]\n    node_venv_lib_python3_12_site-packages_PyQt6_Qt6 --> node_venv_lib_python3_12_site-packages_PyQt6_Qt6_qml["qml"]\n    node_venv_lib_python3_12_site-packages_PyQt6_Qt6_qml --> node_venv_lib_python3_12_site-packages_PyQt6_Qt6_qml_QtQuick3D["QtQuick3D"]\n    node_venv_lib_python3_12_site-packages_PyQt6_Qt6_qml_QtQuick3D --> node_venv_lib_python3_12_site-packages_PyQt6_Qt6_qml_QtQuick3D_Physics["Physics"]\n    node_venv_lib_python3_12_site-packages_PyQt6_Qt6_qml_QtQuick3D_Physics --> node_venv_lib_python3_12_site-packages_PyQt6_Qt6_qml_QtQuick3D_Physics_plugins_qmltypes["plugins.qmltypes"]\n    Root --> node_venv["venv"]\n    node_venv --> node_venv_lib["lib"]\n    node_venv_lib --> node_venv_lib_python3_12["python3.12"]\n    node_venv_lib_python3_12 --> node_venv_lib_python3_12_site-packages["site-packages"]\n    node_venv_lib_python3_12_site-packages --> node_venv_lib_python3_12_site-packages_PyQt6["PyQt6"]\n    node_venv_lib_python3_12_site-packages_PyQt6 --> node_venv_lib_python3_12_site-packages_PyQt6_Qt6["Qt6"]\n    node_venv_lib_python3_12_site-packages_PyQt6_Qt6 --> node_venv_lib_python3_12_site-packages_PyQt6_Qt6_qml["qml"]\n    node_venv_lib_python3_12_site-packages_PyQt6_Qt6_qml --> node_venv_lib_python3_12_site-packages_PyQt6_Qt6_qml_QtQuick3D["QtQuick3D"]\n    node_venv_lib_python3_12_site-packages_PyQt6_Qt6_qml_QtQuick3D --> node_venv_lib_python3_12_site-packages_PyQt6_Qt6_qml_QtQuick3D_Physics["Physics"]\n    node_venv_lib_python3_12_site-packages_PyQt6_Qt6_qml_QtQuick3D_Physics --> node_venv_lib_python3_12_site-packages_PyQt6_Qt6_qml_QtQuick3D_Physics_qmldir["qmldir"]\n    Root --> node_venv["venv"]\n    node_venv --> node_venv_lib["lib"]\n    node_venv_lib --> node_venv_lib_python3_12["python3.12"]\n    node_venv_lib_python3_12 --> node_venv_lib_python3_12_site-packages["site-packages"]\n    node_venv_lib_python3_12_site-packages --> node_venv_lib_python3_12_site-packages_PyQt6["PyQt6"]\n    node_venv_lib_python3_12_site-packages_PyQt6 --> node_venv_lib_python3_12_site-packages_PyQt6_Qt6["Qt6"]\n    node_venv_lib_python3_12_site-packages_PyQt6_Qt6 --> node_venv_lib_python3_12_site-packages_PyQt6_Qt6_qml["qml"]\n    node_venv_lib_python3_12_site-packages_PyQt6_Qt6_qml --> node_venv_lib_python3_12_site-packages_PyQt6_Qt6_qml_QtQuick3D["QtQuick3D"]\n    node_venv_lib_python3_12_site-packages_PyQt6_Qt6_qml_QtQuick3D --> node_venv_lib_python3_12_site-packages_PyQt6_Qt6_qml_QtQuick3D_Physics["Physics"]\n    node_venv_lib_python3_12_site-packages_PyQt6_Qt6_qml_QtQuick3D_Physics --> node_venv_lib_python3_12_site-packages_PyQt6_Qt6_qml_QtQuick3D_Physics_designer["designer"]\n    node_venv_lib_python3_12_site-packages_PyQt6_Qt6_qml_QtQuick3D_Physics_designer --> node_venv_lib_python3_12_site-packages_PyQt6_Qt6_qml_QtQuick3D_Physics_designer_BoxShapeSection_qml["BoxShapeSection.qml"]\n    Root --> node_venv["venv"]\n    node_venv --> node_venv_lib["lib"]\n    node_venv_lib --> node_venv_lib_python3_12["python3.12"]\n    node_venv_lib_python3_12 --> node_venv_lib_python3_12_site-packages["site-packages"]\n    node_venv_lib_python3_12_site-packages --> node_venv_lib_python3_12_site-packages_PyQt6["PyQt6"]\n    node_venv_lib_python3_12_site-packages_PyQt6 --> node_venv_lib_python3_12_site-packages_PyQt6_Qt6["Qt6"]\n    node_venv_lib_python3_12_site-packages_PyQt6_Qt6 --> node_venv_lib_python3_12_site-packages_PyQt6_Qt6_qml["qml"]\n    node_venv_lib_python3_12_site-packages_PyQt6_Qt6_qml --> node_venv_lib_python3_12_site-packages_PyQt6_Qt6_qml_QtQuick3D["QtQuick3D"]\n    node_venv_lib_python3_12_site-packages_PyQt6_Qt6_qml_QtQuick3D --> node_venv_lib_python3_12_site-packages_PyQt6_Qt6_qml_QtQuick3D_Physics["Physics"]\n    node_venv_lib_python3_12_site-packages_PyQt6_Qt6_qml_QtQuick3D_Physics --> node_venv_lib_python3_12_site-packages_PyQt6_Qt6_qml_QtQuick3D_Physics_designer["designer"]\n    node_venv_lib_python3_12_site-packages_PyQt6_Qt6_qml_QtQuick3D_Physics_designer --> node_venv_lib_python3_12_site-packages_PyQt6_Qt6_qml_QtQuick3D_Physics_designer_BoxShapeSpecifics_qml["BoxShapeSpecifics.qml"]\n    Root --> node_venv["venv"]\n    node_venv --> node_venv_lib["lib"]\n    node_venv_lib --> node_venv_lib_python3_12["python3.12"]\n    node_venv_lib_python3_12 --> node_venv_lib_python3_12_site-packages["site-packages"]\n    node_venv_lib_python3_12_site-packages --> node_venv_lib_python3_12_site-packages_PyQt6["PyQt6"]\n    node_venv_lib_python3_12_site-packages_PyQt6 --> node_venv_lib_python3_12_site-packages_PyQt6_Qt6["Qt6"]\n    node_venv_lib_python3_12_site-packages_PyQt6_Qt6 --> node_venv_lib_python3_12_site-packages_PyQt6_Qt6_qml["qml"]\n    node_venv_lib_python3_12_site-packages_PyQt6_Qt6_qml --> node_venv_lib_python3_12_site-packages_PyQt6_Qt6_qml_QtQuick3D["QtQuick3D"]\n    node_venv_lib_python3_12_site-packages_PyQt6_Qt6_qml_QtQuick3D --> node_venv_lib_python3_12_site-packages_PyQt6_Qt6_qml_QtQuick3D_Physics["Physics"]\n    node_venv_lib_python3_12_site-packages_PyQt6_Qt6_qml_QtQuick3D_Physics --> node_venv_lib_python3_12_site-packages_PyQt6_Qt6_qml_QtQuick3D_Physics_designer["designer"]\n    node_venv_lib_python3_12_site-packages_PyQt6_Qt6_qml_QtQuick3D_Physics_designer --> node_venv_lib_python3_12_site-packages_PyQt6_Qt6_qml_QtQuick3D_Physics_designer_CapsuleShapeSection_qml["CapsuleShapeSection.qml"]\n    Root --> node_venv["venv"]\n    node_venv --> node_venv_lib["lib"]\n    node_venv_lib --> node_venv_lib_python3_12["python3.12"]\n    node_venv_lib_python3_12 --> node_venv_lib_python3_12_site-packages["site-packages"]\n    node_venv_lib_python3_12_site-packages --> node_venv_lib_python3_12_site-packages_PyQt6["PyQt6"]\n    node_venv_lib_python3_12_site-packages_PyQt6 --> node_venv_lib_python3_12_site-packages_PyQt6_Qt6["Qt6"]\n    node_venv_lib_python3_12_site-packages_PyQt6_Qt6 --> node_venv_lib_python3_12_site-packages_PyQt6_Qt6_qml["qml"]\n    node_venv_lib_python3_12_site-packages_PyQt6_Qt6_qml --> node_venv_lib_python3_12_site-packages_PyQt6_Qt6_qml_QtQuick3D["QtQuick3D"]\n    node_venv_lib_python3_12_site-packages_PyQt6_Qt6_qml_QtQuick3D --> node_venv_lib_python3_12_site-packages_PyQt6_Qt6_qml_QtQuick3D_Physics["Physics"]\n    node_venv_lib_python3_12_site-packages_PyQt6_Qt6_qml_QtQuick3D_Physics --> node_venv_lib_python3_12_site-packages_PyQt6_Qt6_qml_QtQuick3D_Physics_designer["designer"]\n    node_venv_lib_python3_12_site-packages_PyQt6_Qt6_qml_QtQuick3D_Physics_designer --> node_venv_lib_python3_12_site-packages_PyQt6_Qt6_qml_QtQuick3D_Physics_designer_CapsuleShapeSpecifics_qml["CapsuleShapeSpecifics.qml"]\n    Root --> node_venv["venv"]\n    node_venv --> node_venv_lib["lib"]\n    node_venv_lib --> node_venv_lib_python3_12["python3.12"]\n    node_venv_lib_python3_12 --> node_venv_lib_python3_12_site-packages["site-packages"]\n    node_venv_lib_python3_12_site-packages --> node_venv_lib_python3_12_site-packages_PyQt6["PyQt6"]\n    node_venv_lib_python3_12_site-packages_PyQt6 --> node_venv_lib_python3_12_site-packages_PyQt6_Qt6["Qt6"]\n    node_venv_lib_python3_12_site-packages_PyQt6_Qt6 --> node_venv_lib_python3_12_site-packages_PyQt6_Qt6_qml["qml"]\n    node_venv_lib_python3_12_site-packages_PyQt6_Qt6_qml --> node_venv_lib_python3_12_site-packages_PyQt6_Qt6_qml_QtQuick3D["QtQuick3D"]\n    node_venv_lib_python3_12_site-packages_PyQt6_Qt6_qml_QtQuick3D --> node_venv_lib_python3_12_site-packages_PyQt6_Qt6_qml_QtQuick3D_Physics["Physics"]\n    node_venv_lib_python3_12_site-packages_PyQt6_Qt6_qml_QtQuick3D_Physics --> node_venv_lib_python3_12_site-packages_PyQt6_Qt6_qml_QtQuick3D_Physics_designer["designer"]\n    node_venv_lib_python3_12_site-packages_PyQt6_Qt6_qml_QtQuick3D_Physics_designer --> node_venv_lib_python3_12_site-packages_PyQt6_Qt6_qml_QtQuick3D_Physics_designer_CharacterControllerSection_qml["CharacterControllerSection.qml"]\n    Root --> node_venv["venv"]\n    node_venv --> node_venv_lib["lib"]\n    node_venv_lib --> node_venv_lib_python3_12["python3.12"]\n    node_venv_lib_python3_12 --> node_venv_lib_python3_12_site-packages["site-packages"]\n    node_venv_lib_python3_12_site-packages --> node_venv_lib_python3_12_site-packages_PyQt6["PyQt6"]\n    node_venv_lib_python3_12_site-packages_PyQt6 --> node_venv_lib_python3_12_site-packages_PyQt6_Qt6["Qt6"]\n    node_venv_lib_python3_12_site-packages_PyQt6_Qt6 --> node_venv_lib_python3_12_site-packages_PyQt6_Qt6_qml["qml"]\n    node_venv_lib_python3_12_site-packages_PyQt6_Qt6_qml --> node_venv_lib_python3_12_site-packages_PyQt6_Qt6_qml_QtQuick3D["QtQuick3D"]\n    node_venv_lib_python3_12_site-packages_PyQt6_Qt6_qml_QtQuick3D --> node_venv_lib_python3_12_site-packages_PyQt6_Qt6_qml_QtQuick3D_Physics["Physics"]\n    node_venv_lib_python3_12_site-packages_PyQt6_Qt6_qml_QtQuick3D_Physics --> node_venv_lib_python3_12_site-packages_PyQt6_Qt6_qml_QtQuick3D_Physics_designer["designer"]\n    node_venv_lib_python3_12_site-packages_PyQt6_Qt6_qml_QtQuick3D_Physics_designer --> node_venv_lib_python3_12_site-packages_PyQt6_Qt6_qml_QtQuick3D_Physics_designer_CharacterControllerSpecifics_qml["CharacterControllerSpecifics.qml"]\n    Root --> node_venv["venv"]\n    node_venv --> node_venv_lib["lib"]\n    node_venv_lib --> node_venv_lib_python3_12["python3.12"]\n    node_venv_lib_python3_12 --> node_venv_lib_python3_12_site-packages["site-packages"]\n    node_venv_lib_python3_12_site-packages --> node_venv_lib_python3_12_site-packages_PyQt6["PyQt6"]\n    node_venv_lib_python3_12_site-packages_PyQt6 --> node_venv_lib_python3_12_site-packages_PyQt6_Qt6["Qt6"]\n    node_venv_lib_python3_12_site-packages_PyQt6_Qt6 --> node_venv_lib_python3_12_site-packages_PyQt6_Qt6_qml["qml"]\n    node_venv_lib_python3_12_site-packages_PyQt6_Qt6_qml --> node_venv_lib_python3_12_site-packages_PyQt6_Qt6_qml_QtQuick3D["QtQuick3D"]\n    node_venv_lib_python3_12_site-packages_PyQt6_Qt6_qml_QtQuick3D --> node_venv_lib_python3_12_site-packages_PyQt6_Qt6_qml_QtQuick3D_Physics["Physics"]\n    node_venv_lib_python3_12_site-packages_PyQt6_Qt6_qml_QtQuick3D_Physics --> node_venv_lib_python3_12_site-packages_PyQt6_Qt6_qml_QtQuick3D_Physics_designer["designer"]\n    node_venv_lib_python3_12_site-packages_PyQt6_Qt6_qml_QtQuick3D_Physics_designer --> node_venv_lib_python3_12_site-packages_PyQt6_Qt6_qml_QtQuick3D_Physics_designer_CollisionShapeSection_qml["CollisionShapeSection.qml"]\n    Root --> node_venv["venv"]\n    node_venv --> node_venv_lib["lib"]\n    node_venv_lib --> node_venv_lib_python3_12["python3.12"]\n    node_venv_lib_python3_12 --> node_venv_lib_python3_12_site-packages["site-packages"]\n    node_venv_lib_python3_12_site-packages --> node_venv_lib_python3_12_site-packages_PyQt6["PyQt6"]\n    node_venv_lib_python3_12_site-packages_PyQt6 --> node_venv_lib_python3_12_site-packages_PyQt6_Qt6["Qt6"]\n    node_venv_lib_python3_12_site-packages_PyQt6_Qt6 --> node_venv_lib_python3_12_site-packages_PyQt6_Qt6_qml["qml"]\n    node_venv_lib_python3_12_site-packages_PyQt6_Qt6_qml --> node_venv_lib_python3_12_site-packages_PyQt6_Qt6_qml_QtQuick3D["QtQuick3D"]\n    node_venv_lib_python3_12_site-packages_PyQt6_Qt6_qml_QtQuick3D --> node_venv_lib_python3_12_site-packages_PyQt6_Qt6_qml_QtQuick3D_Physics["Physics"]\n    node_venv_lib_python3_12_site-packages_PyQt6_Qt6_qml_QtQuick3D_Physics --> node_venv_lib_python3_12_site-packages_PyQt6_Qt6_qml_QtQuick3D_Physics_designer["designer"]\n    node_venv_lib_python3_12_site-packages_PyQt6_Qt6_qml_QtQuick3D_Physics_designer --> node_venv_lib_python3_12_site-packages_PyQt6_Qt6_qml_QtQuick3D_Physics_designer_ConvexMeshShapeSection_qml["ConvexMeshShapeSection.qml"]\n    Root --> node_venv["venv"]\n    node_venv --> node_venv_lib["lib"]\n    node_venv_lib --> node_venv_lib_python3_12["python3.12"]\n    node_venv_lib_python3_12 --> node_venv_lib_python3_12_site-packages["site-packages"]\n    node_venv_lib_python3_12_site-packages --> node_venv_lib_python3_12_site-packages_PyQt6["PyQt6"]\n    node_venv_lib_python3_12_site-packages_PyQt6 --> node_venv_lib_python3_12_site-packages_PyQt6_Qt6["Qt6"]\n    node_venv_lib_python3_12_site-packages_PyQt6_Qt6 --> node_venv_lib_python3_12_site-packages_PyQt6_Qt6_qml["qml"]\n    node_venv_lib_python3_12_site-packages_PyQt6_Qt6_qml --> node_venv_lib_python3_12_site-packages_PyQt6_Qt6_qml_QtQuick3D["QtQuick3D"]\n    node_venv_lib_python3_12_site-packages_PyQt6_Qt6_qml_QtQuick3D --> node_venv_lib_python3_12_site-packages_PyQt6_Qt6_qml_QtQuick3D_Physics["Physics"]\n    node_venv_lib_python3_12_site-packages_PyQt6_Qt6_qml_QtQuick3D_Physics --> node_venv_lib_python3_12_site-packages_PyQt6_Qt6_qml_QtQuick3D_Physics_designer["designer"]\n    node_venv_lib_python3_12_site-packages_PyQt6_Qt6_qml_QtQuick3D_Physics_designer --> node_venv_lib_python3_12_site-packages_PyQt6_Qt6_qml_QtQuick3D_Physics_designer_ConvexMeshShapeSpecifics_qml["ConvexMeshShapeSpecifics.qml"]\n    Root --> node_venv["venv"]\n    node_venv --> node_venv_lib["lib"]\n    node_venv_lib --> node_venv_lib_python3_12["python3.12"]\n    node_venv_lib_python3_12 --> node_venv_lib_python3_12_site-packages["site-packages"]\n    node_venv_lib_python3_12_site-packages --> node_venv_lib_python3_12_site-packages_PyQt6["PyQt6"]\n    node_venv_lib_python3_12_site-packages_PyQt6 --> node_venv_lib_python3_12_site-packages_PyQt6_Qt6["Qt6"]\n    node_venv_lib_python3_12_site-packages_PyQt6_Qt6 --> node_venv_lib_python3_12_site-packages_PyQt6_Qt6_qml["qml"]\n    node_venv_lib_python3_12_site-packages_PyQt6_Qt6_qml --> node_venv_lib_python3_12_site-packages_PyQt6_Qt6_qml_QtQuick3D["QtQuick3D"]\n    node_venv_lib_python3_12_site-packages_PyQt6_Qt6_qml_QtQuick3D --> node_venv_lib_python3_12_site-packages_PyQt6_Qt6_qml_QtQuick3D_Physics["Physics"]\n    node_venv_lib_python3_12_site-packages_PyQt6_Qt6_qml_QtQuick3D_Physics --> node_venv_lib_python3_12_site-packages_PyQt6_Qt6_qml_QtQuick3D_Physics_designer["designer"]\n    node_venv_lib_python3_12_site-packages_PyQt6_Qt6_qml_QtQuick3D_Physics_designer --> node_venv_lib_python3_12_site-packages_PyQt6_Qt6_qml_QtQuick3D_Physics_designer_DynamicRigidBodySection_qml["DynamicRigidBodySection.qml"]\n    Root --> node_venv["venv"]\n    node_venv --> node_venv_lib["lib"]\n    node_venv_lib --> node_venv_lib_python3_12["python3.12"]\n    node_venv_lib_python3_12 --> node_venv_lib_python3_12_site-packages["site-packages"]\n    node_venv_lib_python3_12_site-packages --> node_venv_lib_python3_12_site-packages_PyQt6["PyQt6"]\n    node_venv_lib_python3_12_site-packages_PyQt6 --> node_venv_lib_python3_12_site-packages_PyQt6_Qt6["Qt6"]\n    node_venv_lib_python3_12_site-packages_PyQt6_Qt6 --> node_venv_lib_python3_12_site-packages_PyQt6_Qt6_qml["qml"]\n    node_venv_lib_python3_12_site-packages_PyQt6_Qt6_qml --> node_venv_lib_python3_12_site-packages_PyQt6_Qt6_qml_QtQuick3D["QtQuick3D"]\n    node_venv_lib_python3_12_site-packages_PyQt6_Qt6_qml_QtQuick3D --> node_venv_lib_python3_12_site-packages_PyQt6_Qt6_qml_QtQuick3D_Physics["Physics"]\n    node_venv_lib_python3_12_site-packages_PyQt6_Qt6_qml_QtQuick3D_Physics --> node_venv_lib_python3_12_site-packages_PyQt6_Qt6_qml_QtQuick3D_Physics_designer["designer"]\n    node_venv_lib_python3_12_site-packages_PyQt6_Qt6_qml_QtQuick3D_Physics_designer --> node_venv_lib_python3_12_site-packages_PyQt6_Qt6_qml_QtQuick3D_Physics_designer_DynamicRigidBodySpecifics_qml["DynamicRigidBodySpecifics.qml"]\n    Root --> node_venv["venv"]\n    node_venv --> node_venv_lib["lib"]\n    node_venv_lib --> node_venv_lib_python3_12["python3.12"]\n    node_venv_lib_python3_12 --> node_venv_lib_python3_12_site-packages["site-packages"]\n    node_venv_lib_python3_12_site-packages --> node_venv_lib_python3_12_site-packages_PyQt6["PyQt6"]\n    node_venv_lib_python3_12_site-packages_PyQt6 --> node_venv_lib_python3_12_site-packages_PyQt6_Qt6["Qt6"]\n    node_venv_lib_python3_12_site-packages_PyQt6_Qt6 --> node_venv_lib_python3_12_site-packages_PyQt6_Qt6_qml["qml"]\n    node_venv_lib_python3_12_site-packages_PyQt6_Qt6_qml --> node_venv_lib_python3_12_site-packages_PyQt6_Qt6_qml_QtQuick3D["QtQuick3D"]\n    node_venv_lib_python3_12_site-packages_PyQt6_Qt6_qml_QtQuick3D --> node_venv_lib_python3_12_site-packages_PyQt6_Qt6_qml_QtQuick3D_Physics["Physics"]\n    node_venv_lib_python3_12_site-packages_PyQt6_Qt6_qml_QtQuick3D_Physics --> node_venv_lib_python3_12_site-packages_PyQt6_Qt6_qml_QtQuick3D_Physics_designer["designer"]\n    node_venv_lib_python3_12_site-packages_PyQt6_Qt6_qml_QtQuick3D_Physics_designer --> node_venv_lib_python3_12_site-packages_PyQt6_Qt6_qml_QtQuick3D_Physics_designer_HeightFieldShapeSection_qml["HeightFieldShapeSection.qml"]\n    Root --> node_venv["venv"]\n    node_venv --> node_venv_lib["lib"]\n    node_venv_lib --> node_venv_lib_python3_12["python3.12"]\n    node_venv_lib_python3_12 --> node_venv_lib_python3_12_site-packages["site-packages"]\n    node_venv_lib_python3_12_site-packages --> node_venv_lib_python3_12_site-packages_PyQt6["PyQt6"]\n    node_venv_lib_python3_12_site-packages_PyQt6 --> node_venv_lib_python3_12_site-packages_PyQt6_Qt6["Qt6"]\n    node_venv_lib_python3_12_site-packages_PyQt6_Qt6 --> node_venv_lib_python3_12_site-packages_PyQt6_Qt6_qml["qml"]\n    node_venv_lib_python3_12_site-packages_PyQt6_Qt6_qml --> node_venv_lib_python3_12_site-packages_PyQt6_Qt6_qml_QtQuick3D["QtQuick3D"]\n    node_venv_lib_python3_12_site-packages_PyQt6_Qt6_qml_QtQuick3D --> node_venv_lib_python3_12_site-packages_PyQt6_Qt6_qml_QtQuick3D_Physics["Physics"]\n    node_venv_lib_python3_12_site-packages_PyQt6_Qt6_qml_QtQuick3D_Physics --> node_venv_lib_python3_12_site-packages_PyQt6_Qt6_qml_QtQuick3D_Physics_designer["designer"]\n    node_venv_lib_python3_12_site-packages_PyQt6_Qt6_qml_QtQuick3D_Physics_designer --> node_venv_lib_python3_12_site-packages_PyQt6_Qt6_qml_QtQuick3D_Physics_designer_HeightFieldShapeSpecifics_qml["HeightFieldShapeSpecifics.qml"]\n    Root --> node_venv["venv"]\n    node_venv --> node_venv_lib["lib"]\n    node_venv_lib --> node_venv_lib_python3_12["python3.12"]\n    node_venv_lib_python3_12 --> node_venv_lib_python3_12_site-packages["site-packages"]\n    node_venv_lib_python3_12_site-packages --> node_venv_lib_python3_12_site-packages_PyQt6["PyQt6"]\n    node_venv_lib_python3_12_site-packages_PyQt6 --> node_venv_lib_python3_12_site-packages_PyQt6_Qt6["Qt6"]\n    node_venv_lib_python3_12_site-packages_PyQt6_Qt6 --> node_venv_lib_python3_12_site-packages_PyQt6_Qt6_qml["qml"]\n    node_venv_lib_python3_12_site-packages_PyQt6_Qt6_qml --> node_venv_lib_python3_12_site-packages_PyQt6_Qt6_qml_QtQuick3D["QtQuick3D"]\n    node_venv_lib_python3_12_site-packages_PyQt6_Qt6_qml_QtQuick3D --> node_venv_lib_python3_12_site-packages_PyQt6_Qt6_qml_QtQuick3D_Physics["Physics"]\n    node_venv_lib_python3_12_site-packages_PyQt6_Qt6_qml_QtQuick3D_Physics --> node_venv_lib_python3_12_site-packages_PyQt6_Qt6_qml_QtQuick3D_Physics_designer["designer"]\n    node_venv_lib_python3_12_site-packages_PyQt6_Qt6_qml_QtQuick3D_Physics_designer --> node_venv_lib_python3_12_site-packages_PyQt6_Qt6_qml_QtQuick3D_Physics_designer_NodeSection_qml["NodeSection.qml"]\n    Root --> node_venv["venv"]\n    node_venv --> node_venv_lib["lib"]\n    node_venv_lib --> node_venv_lib_python3_12["python3.12"]\n    node_venv_lib_python3_12 --> node_venv_lib_python3_12_site-packages["site-packages"]\n    node_venv_lib_python3_12_site-packages --> node_venv_lib_python3_12_site-packages_PyQt6["PyQt6"]\n    node_venv_lib_python3_12_site-packages_PyQt6 --> node_venv_lib_python3_12_site-packages_PyQt6_Qt6["Qt6"]\n    node_venv_lib_python3_12_site-packages_PyQt6_Qt6 --> node_venv_lib_python3_12_site-packages_PyQt6_Qt6_qml["qml"]\n    node_venv_lib_python3_12_site-packages_PyQt6_Qt6_qml --> node_venv_lib_python3_12_site-packages_PyQt6_Qt6_qml_QtQuick3D["QtQuick3D"]\n    node_venv_lib_python3_12_site-packages_PyQt6_Qt6_qml_QtQuick3D --> node_venv_lib_python3_12_site-packages_PyQt6_Qt6_qml_QtQuick3D_Physics["Physics"]\n    node_venv_lib_python3_12_site-packages_PyQt6_Qt6_qml_QtQuick3D_Physics --> node_venv_lib_python3_12_site-packages_PyQt6_Qt6_qml_QtQuick3D_Physics_designer["designer"]\n    node_venv_lib_python3_12_site-packages_PyQt6_Qt6_qml_QtQuick3D_Physics_designer --> node_venv_lib_python3_12_site-packages_PyQt6_Qt6_qml_QtQuick3D_Physics_designer_PhysicsBodySection_qml["PhysicsBodySection.qml"]\n    Root --> node_venv["venv"]\n    node_venv --> node_venv_lib["lib"]\n    node_venv_lib --> node_venv_lib_python3_12["python3.12"]\n    node_venv_lib_python3_12 --> node_venv_lib_python3_12_site-packages["site-packages"]\n    node_venv_lib_python3_12_site-packages --> node_venv_lib_python3_12_site-packages_PyQt6["PyQt6"]\n    node_venv_lib_python3_12_site-packages_PyQt6 --> node_venv_lib_python3_12_site-packages_PyQt6_Qt6["Qt6"]\n    node_venv_lib_python3_12_site-packages_PyQt6_Qt6 --> node_venv_lib_python3_12_site-packages_PyQt6_Qt6_qml["qml"]\n    node_venv_lib_python3_12_site-packages_PyQt6_Qt6_qml --> node_venv_lib_python3_12_site-packages_PyQt6_Qt6_qml_QtQuick3D["QtQuick3D"]\n    node_venv_lib_python3_12_site-packages_PyQt6_Qt6_qml_QtQuick3D --> node_venv_lib_python3_12_site-packages_PyQt6_Qt6_qml_QtQuick3D_Physics["Physics"]\n    node_venv_lib_python3_12_site-packages_PyQt6_Qt6_qml_QtQuick3D_Physics --> node_venv_lib_python3_12_site-packages_PyQt6_Qt6_qml_QtQuick3D_Physics_designer["designer"]\n    node_venv_lib_python3_12_site-packages_PyQt6_Qt6_qml_QtQuick3D_Physics_designer --> node_venv_lib_python3_12_site-packages_PyQt6_Qt6_qml_QtQuick3D_Physics_designer_PhysicsMaterialSection_qml["PhysicsMaterialSection.qml"]\n    Root --> node_venv["venv"]\n    node_venv --> node_venv_lib["lib"]\n    node_venv_lib --> node_venv_lib_python3_12["python3.12"]\n    node_venv_lib_python3_12 --> node_venv_lib_python3_12_site-packages["site-packages"]\n    node_venv_lib_python3_12_site-packages --> node_venv_lib_python3_12_site-packages_PyQt6["PyQt6"]\n    node_venv_lib_python3_12_site-packages_PyQt6 --> node_venv_lib_python3_12_site-packages_PyQt6_Qt6["Qt6"]\n    node_venv_lib_python3_12_site-packages_PyQt6_Qt6 --> node_venv_lib_python3_12_site-packages_PyQt6_Qt6_qml["qml"]\n    node_venv_lib_python3_12_site-packages_PyQt6_Qt6_qml --> node_venv_lib_python3_12_site-packages_PyQt6_Qt6_qml_QtQuick3D["QtQuick3D"]\n    node_venv_lib_python3_12_site-packages_PyQt6_Qt6_qml_QtQuick3D --> node_venv_lib_python3_12_site-packages_PyQt6_Qt6_qml_QtQuick3D_Physics["Physics"]\n    node_venv_lib_python3_12_site-packages_PyQt6_Qt6_qml_QtQuick3D_Physics --> node_venv_lib_python3_12_site-packages_PyQt6_Qt6_qml_QtQuick3D_Physics_designer["designer"]\n    node_venv_lib_python3_12_site-packages_PyQt6_Qt6_qml_QtQuick3D_Physics_designer --> node_venv_lib_python3_12_site-packages_PyQt6_Qt6_qml_QtQuick3D_Physics_designer_PhysicsMaterialSpecifics_qml["PhysicsMaterialSpecifics.qml"]\n    Root --> node_venv["venv"]\n    node_venv --> node_venv_lib["lib"]\n    node_venv_lib --> node_venv_lib_python3_12["python3.12"]\n    node_venv_lib_python3_12 --> node_venv_lib_python3_12_site-packages["site-packages"]\n    node_venv_lib_python3_12_site-packages --> node_venv_lib_python3_12_site-packages_PyQt6["PyQt6"]\n    node_venv_lib_python3_12_site-packages_PyQt6 --> node_venv_lib_python3_12_site-packages_PyQt6_Qt6["Qt6"]\n    node_venv_lib_python3_12_site-packages_PyQt6_Qt6 --> node_venv_lib_python3_12_site-packages_PyQt6_Qt6_qml["qml"]\n    node_venv_lib_python3_12_site-packages_PyQt6_Qt6_qml --> node_venv_lib_python3_12_site-packages_PyQt6_Qt6_qml_QtQuick3D["QtQuick3D"]\n    node_venv_lib_python3_12_site-packages_PyQt6_Qt6_qml_QtQuick3D --> node_venv_lib_python3_12_site-packages_PyQt6_Qt6_qml_QtQuick3D_Physics["Physics"]\n    node_venv_lib_python3_12_site-packages_PyQt6_Qt6_qml_QtQuick3D_Physics --> node_venv_lib_python3_12_site-packages_PyQt6_Qt6_qml_QtQuick3D_Physics_designer["designer"]\n    node_venv_lib_python3_12_site-packages_PyQt6_Qt6_qml_QtQuick3D_Physics_designer --> node_venv_lib_python3_12_site-packages_PyQt6_Qt6_qml_QtQuick3D_Physics_designer_PhysicsNodeSection_qml["PhysicsNodeSection.qml"]\n    Root --> node_venv["venv"]\n    node_venv --> node_venv_lib["lib"]\n    node_venv_lib --> node_venv_lib_python3_12["python3.12"]\n    node_venv_lib_python3_12 --> node_venv_lib_python3_12_site-packages["site-packages"]\n    node_venv_lib_python3_12_site-packages --> node_venv_lib_python3_12_site-packages_PyQt6["PyQt6"]\n    node_venv_lib_python3_12_site-packages_PyQt6 --> node_venv_lib_python3_12_site-packages_PyQt6_Qt6["Qt6"]\n    node_venv_lib_python3_12_site-packages_PyQt6_Qt6 --> node_venv_lib_python3_12_site-packages_PyQt6_Qt6_qml["qml"]\n    node_venv_lib_python3_12_site-packages_PyQt6_Qt6_qml --> node_venv_lib_python3_12_site-packages_PyQt6_Qt6_qml_QtQuick3D["QtQuick3D"]\n    node_venv_lib_python3_12_site-packages_PyQt6_Qt6_qml_QtQuick3D --> node_venv_lib_python3_12_site-packages_PyQt6_Qt6_qml_QtQuick3D_Physics["Physics"]\n    node_venv_lib_python3_12_site-packages_PyQt6_Qt6_qml_QtQuick3D_Physics --> node_venv_lib_python3_12_site-packages_PyQt6_Qt6_qml_QtQuick3D_Physics_designer["designer"]\n    node_venv_lib_python3_12_site-packages_PyQt6_Qt6_qml_QtQuick3D_Physics_designer --> node_venv_lib_python3_12_site-packages_PyQt6_Qt6_qml_QtQuick3D_Physics_designer_PhysicsWorldSection_qml["PhysicsWorldSection.qml"]\n    Root --> node_venv["venv"]\n    node_venv --> node_venv_lib["lib"]\n    node_venv_lib --> node_venv_lib_python3_12["python3.12"]\n    node_venv_lib_python3_12 --> node_venv_lib_python3_12_site-packages["site-packages"]\n    node_venv_lib_python3_12_site-packages --> node_venv_lib_python3_12_site-packages_PyQt6["PyQt6"]\n    node_venv_lib_python3_12_site-packages_PyQt6 --> node_venv_lib_python3_12_site-packages_PyQt6_Qt6["Qt6"]\n    node_venv_lib_python3_12_site-packages_PyQt6_Qt6 --> node_venv_lib_python3_12_site-packages_PyQt6_Qt6_qml["qml"]\n    node_venv_lib_python3_12_site-packages_PyQt6_Qt6_qml --> node_venv_lib_python3_12_site-packages_PyQt6_Qt6_qml_QtQuick3D["QtQuick3D"]\n    node_venv_lib_python3_12_site-packages_PyQt6_Qt6_qml_QtQuick3D --> node_venv_lib_python3_12_site-packages_PyQt6_Qt6_qml_QtQuick3D_Physics["Physics"]\n    node_venv_lib_python3_12_site-packages_PyQt6_Qt6_qml_QtQuick3D_Physics --> node_venv_lib_python3_12_site-packages_PyQt6_Qt6_qml_QtQuick3D_Physics_designer["designer"]\n    node_venv_lib_python3_12_site-packages_PyQt6_Qt6_qml_QtQuick3D_Physics_designer --> node_venv_lib_python3_12_site-packages_PyQt6_Qt6_qml_QtQuick3D_Physics_designer_PhysicsWorldSpecifics_qml["PhysicsWorldSpecifics.qml"]\n    Root --> node_venv["venv"]\n    node_venv --> node_venv_lib["lib"]\n    node_venv_lib --> node_venv_lib_python3_12["python3.12"]\n    node_venv_lib_python3_12 --> node_venv_lib_python3_12_site-packages["site-packages"]\n    node_venv_lib_python3_12_site-packages --> node_venv_lib_python3_12_site-packages_PyQt6["PyQt6"]\n    node_venv_lib_python3_12_site-packages_PyQt6 --> node_venv_lib_python3_12_site-packages_PyQt6_Qt6["Qt6"]\n    node_venv_lib_python3_12_site-packages_PyQt6_Qt6 --> node_venv_lib_python3_12_site-packages_PyQt6_Qt6_qml["qml"]\n    node_venv_lib_python3_12_site-packages_PyQt6_Qt6_qml --> node_venv_lib_python3_12_site-packages_PyQt6_Qt6_qml_QtQuick3D["QtQuick3D"]\n    node_venv_lib_python3_12_site-packages_PyQt6_Qt6_qml_QtQuick3D --> node_venv_lib_python3_12_site-packages_PyQt6_Qt6_qml_QtQuick3D_Physics["Physics"]\n    node_venv_lib_python3_12_site-packages_PyQt6_Qt6_qml_QtQuick3D_Physics --> node_venv_lib_python3_12_site-packages_PyQt6_Qt6_qml_QtQuick3D_Physics_designer["designer"]\n    node_venv_lib_python3_12_site-packages_PyQt6_Qt6_qml_QtQuick3D_Physics_designer --> node_venv_lib_python3_12_site-packages_PyQt6_Qt6_qml_QtQuick3D_Physics_designer_PlaneShapeSpecifics_qml["PlaneShapeSpecifics.qml"]\n    Root --> node_venv["venv"]\n    node_venv --> node_venv_lib["lib"]\n    node_venv_lib --> node_venv_lib_python3_12["python3.12"]\n    node_venv_lib_python3_12 --> node_venv_lib_python3_12_site-packages["site-packages"]\n    node_venv_lib_python3_12_site-packages --> node_venv_lib_python3_12_site-packages_PyQt6["PyQt6"]\n    node_venv_lib_python3_12_site-packages_PyQt6 --> node_venv_lib_python3_12_site-packages_PyQt6_Qt6["Qt6"]\n    node_venv_lib_python3_12_site-packages_PyQt6_Qt6 --> node_venv_lib_python3_12_site-packages_PyQt6_Qt6_qml["qml"]\n    node_venv_lib_python3_12_site-packages_PyQt6_Qt6_qml --> node_venv_lib_python3_12_site-packages_PyQt6_Qt6_qml_QtQuick3D["QtQuick3D"]\n    node_venv_lib_python3_12_site-packages_PyQt6_Qt6_qml_QtQuick3D --> node_venv_lib_python3_12_site-packages_PyQt6_Qt6_qml_QtQuick3D_Physics["Physics"]\n    node_venv_lib_python3_12_site-packages_PyQt6_Qt6_qml_QtQuick3D_Physics --> node_venv_lib_python3_12_site-packages_PyQt6_Qt6_qml_QtQuick3D_Physics_designer["designer"]\n    node_venv_lib_python3_12_site-packages_PyQt6_Qt6_qml_QtQuick3D_Physics_designer --> node_venv_lib_python3_12_site-packages_PyQt6_Qt6_qml_QtQuick3D_Physics_designer_SphereShapeSection_qml["SphereShapeSection.qml"]\n    Root --> node_venv["venv"]\n    node_venv --> node_venv_lib["lib"]\n    node_venv_lib --> node_venv_lib_python3_12["python3.12"]\n    node_venv_lib_python3_12 --> node_venv_lib_python3_12_site-packages["site-packages"]\n    node_venv_lib_python3_12_site-packages --> node_venv_lib_python3_12_site-packages_PyQt6["PyQt6"]\n    node_venv_lib_python3_12_site-packages_PyQt6 --> node_venv_lib_python3_12_site-packages_PyQt6_Qt6["Qt6"]\n    node_venv_lib_python3_12_site-packages_PyQt6_Qt6 --> node_venv_lib_python3_12_site-packages_PyQt6_Qt6_qml["qml"]\n    node_venv_lib_python3_12_site-packages_PyQt6_Qt6_qml --> node_venv_lib_python3_12_site-packages_PyQt6_Qt6_qml_QtQuick3D["QtQuick3D"]\n    node_venv_lib_python3_12_site-packages_PyQt6_Qt6_qml_QtQuick3D --> node_venv_lib_python3_12_site-packages_PyQt6_Qt6_qml_QtQuick3D_Physics["Physics"]\n    node_venv_lib_python3_12_site-packages_PyQt6_Qt6_qml_QtQuick3D_Physics --> node_venv_lib_python3_12_site-packages_PyQt6_Qt6_qml_QtQuick3D_Physics_designer["designer"]\n    node_venv_lib_python3_12_site-packages_PyQt6_Qt6_qml_QtQuick3D_Physics_designer --> node_venv_lib_python3_12_site-packages_PyQt6_Qt6_qml_QtQuick3D_Physics_designer_SphereShapeSpecifics_qml["SphereShapeSpecifics.qml"]\n    Root --> node_venv["venv"]\n    node_venv --> node_venv_lib["lib"]\n    node_venv_lib --> node_venv_lib_python3_12["python3.12"]\n    node_venv_lib_python3_12 --> node_venv_lib_python3_12_site-packages["site-packages"]\n    node_venv_lib_python3_12_site-packages --> node_venv_lib_python3_12_site-packages_PyQt6["PyQt6"]\n    node_venv_lib_python3_12_site-packages_PyQt6 --> node_venv_lib_python3_12_site-packages_PyQt6_Qt6["Qt6"]\n    node_venv_lib_python3_12_site-packages_PyQt6_Qt6 --> node_venv_lib_python3_12_site-packages_PyQt6_Qt6_qml["qml"]\n    node_venv_lib_python3_12_site-packages_PyQt6_Qt6_qml --> node_venv_lib_python3_12_site-packages_PyQt6_Qt6_qml_QtQuick3D["QtQuick3D"]\n    node_venv_lib_python3_12_site-packages_PyQt6_Qt6_qml_QtQuick3D --> node_venv_lib_python3_12_site-packages_PyQt6_Qt6_qml_QtQuick3D_Physics["Physics"]\n    node_venv_lib_python3_12_site-packages_PyQt6_Qt6_qml_QtQuick3D_Physics --> node_venv_lib_python3_12_site-packages_PyQt6_Qt6_qml_QtQuick3D_Physics_designer["designer"]\n    node_venv_lib_python3_12_site-packages_PyQt6_Qt6_qml_QtQuick3D_Physics_designer --> node_venv_lib_python3_12_site-packages_PyQt6_Qt6_qml_QtQuick3D_Physics_designer_StaticRigidBodySpecifics_qml["StaticRigidBodySpecifics.qml"]\n    Root --> node_venv["venv"]\n    node_venv --> node_venv_lib["lib"]\n    node_venv_lib --> node_venv_lib_python3_12["python3.12"]\n    node_venv_lib_python3_12 --> node_venv_lib_python3_12_site-packages["site-packages"]\n    node_venv_lib_python3_12_site-packages --> node_venv_lib_python3_12_site-packages_PyQt6["PyQt6"]\n    node_venv_lib_python3_12_site-packages_PyQt6 --> node_venv_lib_python3_12_site-packages_PyQt6_Qt6["Qt6"]\n    node_venv_lib_python3_12_site-packages_PyQt6_Qt6 --> node_venv_lib_python3_12_site-packages_PyQt6_Qt6_qml["qml"]\n    node_venv_lib_python3_12_site-packages_PyQt6_Qt6_qml --> node_venv_lib_python3_12_site-packages_PyQt6_Qt6_qml_QtQuick3D["QtQuick3D"]\n    node_venv_lib_python3_12_site-packages_PyQt6_Qt6_qml_QtQuick3D --> node_venv_lib_python3_12_site-packages_PyQt6_Qt6_qml_QtQuick3D_Physics["Physics"]\n    node_venv_lib_python3_12_site-packages_PyQt6_Qt6_qml_QtQuick3D_Physics --> node_venv_lib_python3_12_site-packages_PyQt6_Qt6_qml_QtQuick3D_Physics_designer["designer"]\n    node_venv_lib_python3_12_site-packages_PyQt6_Qt6_qml_QtQuick3D_Physics_designer --> node_venv_lib_python3_12_site-packages_PyQt6_Qt6_qml_QtQuick3D_Physics_designer_TriangleMeshShapeSection_qml["TriangleMeshShapeSection.qml"]\n    Root --> node_venv["venv"]\n    node_venv --> node_venv_lib["lib"]\n    node_venv_lib --> node_venv_lib_python3_12["python3.12"]\n    node_venv_lib_python3_12 --> node_venv_lib_python3_12_site-packages["site-packages"]\n    node_venv_lib_python3_12_site-packages --> node_venv_lib_python3_12_site-packages_PyQt6["PyQt6"]\n    node_venv_lib_python3_12_site-packages_PyQt6 --> node_venv_lib_python3_12_site-packages_PyQt6_Qt6["Qt6"]\n    node_venv_lib_python3_12_site-packages_PyQt6_Qt6 --> node_venv_lib_python3_12_site-packages_PyQt6_Qt6_qml["qml"]\n    node_venv_lib_python3_12_site-packages_PyQt6_Qt6_qml --> node_venv_lib_python3_12_site-packages_PyQt6_Qt6_qml_QtQuick3D["QtQuick3D"]\n    node_venv_lib_python3_12_site-packages_PyQt6_Qt6_qml_QtQuick3D --> node_venv_lib_python3_12_site-packages_PyQt6_Qt6_qml_QtQuick3D_Physics["Physics"]\n    node_venv_lib_python3_12_site-packages_PyQt6_Qt6_qml_QtQuick3D_Physics --> node_venv_lib_python3_12_site-packages_PyQt6_Qt6_qml_QtQuick3D_Physics_designer["designer"]\n    node_venv_lib_python3_12_site-packages_PyQt6_Qt6_qml_QtQuick3D_Physics_designer --> node_venv_lib_python3_12_site-packages_PyQt6_Qt6_qml_QtQuick3D_Physics_designer_TriangleMeshShapeSpecifics_qml["TriangleMeshShapeSpecifics.qml"]\n    Root --> node_venv["venv"]\n    node_venv --> node_venv_lib["lib"]\n    node_venv_lib --> node_venv_lib_python3_12["python3.12"]\n    node_venv_lib_python3_12 --> node_venv_lib_python3_12_site-packages["site-packages"]\n    node_venv_lib_python3_12_site-packages --> node_venv_lib_python3_12_site-packages_PyQt6["PyQt6"]\n    node_venv_lib_python3_12_site-packages_PyQt6 --> node_venv_lib_python3_12_site-packages_PyQt6_Qt6["Qt6"]\n    node_venv_lib_python3_12_site-packages_PyQt6_Qt6 --> node_venv_lib_python3_12_site-packages_PyQt6_Qt6_qml["qml"]\n    node_venv_lib_python3_12_site-packages_PyQt6_Qt6_qml --> node_venv_lib_python3_12_site-packages_PyQt6_Qt6_qml_QtQuick3D["QtQuick3D"]\n    node_venv_lib_python3_12_site-packages_PyQt6_Qt6_qml_QtQuick3D --> node_venv_lib_python3_12_site-packages_PyQt6_Qt6_qml_QtQuick3D_Physics["Physics"]\n    node_venv_lib_python3_12_site-packages_PyQt6_Qt6_qml_QtQuick3D_Physics --> node_venv_lib_python3_12_site-packages_PyQt6_Qt6_qml_QtQuick3D_Physics_designer["designer"]\n    node_venv_lib_python3_12_site-packages_PyQt6_Qt6_qml_QtQuick3D_Physics_designer --> node_venv_lib_python3_12_site-packages_PyQt6_Qt6_qml_QtQuick3D_Physics_designer_TriggerBodySpecifics_qml["TriggerBodySpecifics.qml"]\n    Root --> node_venv["venv"]\n    node_venv --> node_venv_lib["lib"]\n    node_venv_lib --> node_venv_lib_python3_12["python3.12"]\n    node_venv_lib_python3_12 --> node_venv_lib_python3_12_site-packages["site-packages"]\n    node_venv_lib_python3_12_site-packages --> node_venv_lib_python3_12_site-packages_PyQt6["PyQt6"]\n    node_venv_lib_python3_12_site-packages_PyQt6 --> node_venv_lib_python3_12_site-packages_PyQt6_Qt6["Qt6"]\n    node_venv_lib_python3_12_site-packages_PyQt6_Qt6 --> node_venv_lib_python3_12_site-packages_PyQt6_Qt6_qml["qml"]\n    node_venv_lib_python3_12_site-packages_PyQt6_Qt6_qml --> node_venv_lib_python3_12_site-packages_PyQt6_Qt6_qml_QtQuick3D["QtQuick3D"]\n    node_venv_lib_python3_12_site-packages_PyQt6_Qt6_qml_QtQuick3D --> node_venv_lib_python3_12_site-packages_PyQt6_Qt6_qml_QtQuick3D_Physics["Physics"]\n    node_venv_lib_python3_12_site-packages_PyQt6_Qt6_qml_QtQuick3D_Physics --> node_venv_lib_python3_12_site-packages_PyQt6_Qt6_qml_QtQuick3D_Physics_designer["designer"]\n    node_venv_lib_python3_12_site-packages_PyQt6_Qt6_qml_QtQuick3D_Physics_designer --> node_venv_lib_python3_12_site-packages_PyQt6_Qt6_qml_QtQuick3D_Physics_designer_physics_metainfo["physics.metainfo"]\n    Root --> node_venv["venv"]\n    node_venv --> node_venv_lib["lib"]\n    node_venv_lib --> node_venv_lib_python3_12["python3.12"]\n    node_venv_lib_python3_12 --> node_venv_lib_python3_12_site-packages["site-packages"]\n    node_venv_lib_python3_12_site-packages --> node_venv_lib_python3_12_site-packages_PyQt6["PyQt6"]\n    node_venv_lib_python3_12_site-packages_PyQt6 --> node_venv_lib_python3_12_site-packages_PyQt6_Qt6["Qt6"]\n    node_venv_lib_python3_12_site-packages_PyQt6_Qt6 --> node_venv_lib_python3_12_site-packages_PyQt6_Qt6_qml["qml"]\n    node_venv_lib_python3_12_site-packages_PyQt6_Qt6_qml --> node_venv_lib_python3_12_site-packages_PyQt6_Qt6_qml_QtQuick3D["QtQuick3D"]\n    node_venv_lib_python3_12_site-packages_PyQt6_Qt6_qml_QtQuick3D --> node_venv_lib_python3_12_site-packages_PyQt6_Qt6_qml_QtQuick3D_Physics["Physics"]\n    node_venv_lib_python3_12_site-packages_PyQt6_Qt6_qml_QtQuick3D_Physics --> node_venv_lib_python3_12_site-packages_PyQt6_Qt6_qml_QtQuick3D_Physics_designer["designer"]\n    node_venv_lib_python3_12_site-packages_PyQt6_Qt6_qml_QtQuick3D_Physics_designer --> node_venv_lib_python3_12_site-packages_PyQt6_Qt6_qml_QtQuick3D_Physics_designer_images["images"]\n    node_venv_lib_python3_12_site-packages_PyQt6_Qt6_qml_QtQuick3D_Physics_designer_images --> node_venv_lib_python3_12_site-packages_PyQt6_Qt6_qml_QtQuick3D_Physics_designer_images_boxshape_png["boxshape.png"]\n    Root --> node_venv["venv"]\n    node_venv --> node_venv_lib["lib"]\n    node_venv_lib --> node_venv_lib_python3_12["python3.12"]\n    node_venv_lib_python3_12 --> node_venv_lib_python3_12_site-packages["site-packages"]\n    node_venv_lib_python3_12_site-packages --> node_venv_lib_python3_12_site-packages_PyQt6["PyQt6"]\n    node_venv_lib_python3_12_site-packages_PyQt6 --> node_venv_lib_python3_12_site-packages_PyQt6_Qt6["Qt6"]\n    node_venv_lib_python3_12_site-packages_PyQt6_Qt6 --> node_venv_lib_python3_12_site-packages_PyQt6_Qt6_qml["qml"]\n    node_venv_lib_python3_12_site-packages_PyQt6_Qt6_qml --> node_venv_lib_python3_12_site-packages_PyQt6_Qt6_qml_QtQuick3D["QtQuick3D"]\n    node_venv_lib_python3_12_site-packages_PyQt6_Qt6_qml_QtQuick3D --> node_venv_lib_python3_12_site-packages_PyQt6_Qt6_qml_QtQuick3D_Physics["Physics"]\n    node_venv_lib_python3_12_site-packages_PyQt6_Qt6_qml_QtQuick3D_Physics --> node_venv_lib_python3_12_site-packages_PyQt6_Qt6_qml_QtQuick3D_Physics_designer["designer"]\n    node_venv_lib_python3_12_site-packages_PyQt6_Qt6_qml_QtQuick3D_Physics_designer --> node_venv_lib_python3_12_site-packages_PyQt6_Qt6_qml_QtQuick3D_Physics_designer_images["images"]\n    node_venv_lib_python3_12_site-packages_PyQt6_Qt6_qml_QtQuick3D_Physics_designer_images --> node_venv_lib_python3_12_site-packages_PyQt6_Qt6_qml_QtQuick3D_Physics_designer_images_boxshape16_png["boxshape16.png"]\n    Root --> node_venv["venv"]\n    node_venv --> node_venv_lib["lib"]\n    node_venv_lib --> node_venv_lib_python3_12["python3.12"]\n    node_venv_lib_python3_12 --> node_venv_lib_python3_12_site-packages["site-packages"]\n    node_venv_lib_python3_12_site-packages --> node_venv_lib_python3_12_site-packages_PyQt6["PyQt6"]\n    node_venv_lib_python3_12_site-packages_PyQt6 --> node_venv_lib_python3_12_site-packages_PyQt6_Qt6["Qt6"]\n    node_venv_lib_python3_12_site-packages_PyQt6_Qt6 --> node_venv_lib_python3_12_site-packages_PyQt6_Qt6_qml["qml"]\n    node_venv_lib_python3_12_site-packages_PyQt6_Qt6_qml --> node_venv_lib_python3_12_site-packages_PyQt6_Qt6_qml_QtQuick3D["QtQuick3D"]\n    node_venv_lib_python3_12_site-packages_PyQt6_Qt6_qml_QtQuick3D --> node_venv_lib_python3_12_site-packages_PyQt6_Qt6_qml_QtQuick3D_Physics["Physics"]\n    node_venv_lib_python3_12_site-packages_PyQt6_Qt6_qml_QtQuick3D_Physics --> node_venv_lib_python3_12_site-packages_PyQt6_Qt6_qml_QtQuick3D_Physics_designer["designer"]\n    node_venv_lib_python3_12_site-packages_PyQt6_Qt6_qml_QtQuick3D_Physics_designer --> node_venv_lib_python3_12_site-packages_PyQt6_Qt6_qml_QtQuick3D_Physics_designer_images["images"]\n    node_venv_lib_python3_12_site-packages_PyQt6_Qt6_qml_QtQuick3D_Physics_designer_images --> node_venv_lib_python3_12_site-packages_PyQt6_Qt6_qml_QtQuick3D_Physics_designer_images_boxshape@2x_png["boxshape@2x.png"]\n    Root --> node_venv["venv"]\n    node_venv --> node_venv_lib["lib"]\n    node_venv_lib --> node_venv_lib_python3_12["python3.12"]\n    node_venv_lib_python3_12 --> node_venv_lib_python3_12_site-packages["site-packages"]\n    node_venv_lib_python3_12_site-packages --> node_venv_lib_python3_12_site-packages_PyQt6["PyQt6"]\n    node_venv_lib_python3_12_site-packages_PyQt6 --> node_venv_lib_python3_12_site-packages_PyQt6_Qt6["Qt6"]\n    node_venv_lib_python3_12_site-packages_PyQt6_Qt6 --> node_venv_lib_python3_12_site-packages_PyQt6_Qt6_qml["qml"]\n    node_venv_lib_python3_12_site-packages_PyQt6_Qt6_qml --> node_venv_lib_python3_12_site-packages_PyQt6_Qt6_qml_QtQuick3D["QtQuick3D"]\n    node_venv_lib_python3_12_site-packages_PyQt6_Qt6_qml_QtQuick3D --> node_venv_lib_python3_12_site-packages_PyQt6_Qt6_qml_QtQuick3D_Physics["Physics"]\n    node_venv_lib_python3_12_site-packages_PyQt6_Qt6_qml_QtQuick3D_Physics --> node_venv_lib_python3_12_site-packages_PyQt6_Qt6_qml_QtQuick3D_Physics_designer["designer"]\n    node_venv_lib_python3_12_site-packages_PyQt6_Qt6_qml_QtQuick3D_Physics_designer --> node_venv_lib_python3_12_site-packages_PyQt6_Qt6_qml_QtQuick3D_Physics_designer_images["images"]\n    node_venv_lib_python3_12_site-packages_PyQt6_Qt6_qml_QtQuick3D_Physics_designer_images --> node_venv_lib_python3_12_site-packages_PyQt6_Qt6_qml_QtQuick3D_Physics_designer_images_capsuleshape_png["capsuleshape.png"]\n    Root --> node_venv["venv"]\n    node_venv --> node_venv_lib["lib"]\n    node_venv_lib --> node_venv_lib_python3_12["python3.12"]\n    node_venv_lib_python3_12 --> node_venv_lib_python3_12_site-packages["site-packages"]\n    node_venv_lib_python3_12_site-packages --> node_venv_lib_python3_12_site-packages_PyQt6["PyQt6"]\n    node_venv_lib_python3_12_site-packages_PyQt6 --> node_venv_lib_python3_12_site-packages_PyQt6_Qt6["Qt6"]\n    node_venv_lib_python3_12_site-packages_PyQt6_Qt6 --> node_venv_lib_python3_12_site-packages_PyQt6_Qt6_qml["qml"]\n    node_venv_lib_python3_12_site-packages_PyQt6_Qt6_qml --> node_venv_lib_python3_12_site-packages_PyQt6_Qt6_qml_QtQuick3D["QtQuick3D"]\n    node_venv_lib_python3_12_site-packages_PyQt6_Qt6_qml_QtQuick3D --> node_venv_lib_python3_12_site-packages_PyQt6_Qt6_qml_QtQuick3D_Physics["Physics"]\n    node_venv_lib_python3_12_site-packages_PyQt6_Qt6_qml_QtQuick3D_Physics --> node_venv_lib_python3_12_site-packages_PyQt6_Qt6_qml_QtQuick3D_Physics_designer["designer"]\n    node_venv_lib_python3_12_site-packages_PyQt6_Qt6_qml_QtQuick3D_Physics_designer --> node_venv_lib_python3_12_site-packages_PyQt6_Qt6_qml_QtQuick3D_Physics_designer_images["images"]\n    node_venv_lib_python3_12_site-packages_PyQt6_Qt6_qml_QtQuick3D_Physics_designer_images --> node_venv_lib_python3_12_site-packages_PyQt6_Qt6_qml_QtQuick3D_Physics_designer_images_capsuleshape16_png["capsuleshape16.png"]\n    Root --> node_venv["venv"]\n    node_venv --> node_venv_lib["lib"]\n    node_venv_lib --> node_venv_lib_python3_12["python3.12"]\n    node_venv_lib_python3_12 --> node_venv_lib_python3_12_site-packages["site-packages"]\n    node_venv_lib_python3_12_site-packages --> node_venv_lib_python3_12_site-packages_PyQt6["PyQt6"]\n    node_venv_lib_python3_12_site-packages_PyQt6 --> node_venv_lib_python3_12_site-packages_PyQt6_Qt6["Qt6"]\n    node_venv_lib_python3_12_site-packages_PyQt6_Qt6 --> node_venv_lib_python3_12_site-packages_PyQt6_Qt6_qml["qml"]\n    node_venv_lib_python3_12_site-packages_PyQt6_Qt6_qml --> node_venv_lib_python3_12_site-packages_PyQt6_Qt6_qml_QtQuick3D["QtQuick3D"]\n    node_venv_lib_python3_12_site-packages_PyQt6_Qt6_qml_QtQuick3D --> node_venv_lib_python3_12_site-packages_PyQt6_Qt6_qml_QtQuick3D_Physics["Physics"]\n    node_venv_lib_python3_12_site-packages_PyQt6_Qt6_qml_QtQuick3D_Physics --> node_venv_lib_python3_12_site-packages_PyQt6_Qt6_qml_QtQuick3D_Physics_designer["designer"]\n    node_venv_lib_python3_12_site-packages_PyQt6_Qt6_qml_QtQuick3D_Physics_designer --> node_venv_lib_python3_12_site-packages_PyQt6_Qt6_qml_QtQuick3D_Physics_designer_images["images"]\n    node_venv_lib_python3_12_site-packages_PyQt6_Qt6_qml_QtQuick3D_Physics_designer_images --> node_venv_lib_python3_12_site-packages_PyQt6_Qt6_qml_QtQuick3D_Physics_designer_images_capsuleshape@2x_png["capsuleshape@2x.png"]\n    Root --> node_venv["venv"]\n    node_venv --> node_venv_lib["lib"]\n    node_venv_lib --> node_venv_lib_python3_12["python3.12"]\n    node_venv_lib_python3_12 --> node_venv_lib_python3_12_site-packages["site-packages"]\n    node_venv_lib_python3_12_site-packages --> node_venv_lib_python3_12_site-packages_PyQt6["PyQt6"]\n    node_venv_lib_python3_12_site-packages_PyQt6 --> node_venv_lib_python3_12_site-packages_PyQt6_Qt6["Qt6"]\n    node_venv_lib_python3_12_site-packages_PyQt6_Qt6 --> node_venv_lib_python3_12_site-packages_PyQt6_Qt6_qml["qml"]\n    node_venv_lib_python3_12_site-packages_PyQt6_Qt6_qml --> node_venv_lib_python3_12_site-packages_PyQt6_Qt6_qml_QtQuick3D["QtQuick3D"]\n    node_venv_lib_python3_12_site-packages_PyQt6_Qt6_qml_QtQuick3D --> node_venv_lib_python3_12_site-packages_PyQt6_Qt6_qml_QtQuick3D_Physics["Physics"]\n    node_venv_lib_python3_12_site-packages_PyQt6_Qt6_qml_QtQuick3D_Physics --> node_venv_lib_python3_12_site-packages_PyQt6_Qt6_qml_QtQuick3D_Physics_designer["designer"]\n    node_venv_lib_python3_12_site-packages_PyQt6_Qt6_qml_QtQuick3D_Physics_designer --> node_venv_lib_python3_12_site-packages_PyQt6_Qt6_qml_QtQuick3D_Physics_designer_images["images"]\n    node_venv_lib_python3_12_site-packages_PyQt6_Qt6_qml_QtQuick3D_Physics_designer_images --> node_venv_lib_python3_12_site-packages_PyQt6_Qt6_qml_QtQuick3D_Physics_designer_images_charactercontroller_png["charactercontroller.png"]\n    Root --> node_venv["venv"]\n    node_venv --> node_venv_lib["lib"]\n    node_venv_lib --> node_venv_lib_python3_12["python3.12"]\n    node_venv_lib_python3_12 --> node_venv_lib_python3_12_site-packages["site-packages"]\n    node_venv_lib_python3_12_site-packages --> node_venv_lib_python3_12_site-packages_PyQt6["PyQt6"]\n    node_venv_lib_python3_12_site-packages_PyQt6 --> node_venv_lib_python3_12_site-packages_PyQt6_Qt6["Qt6"]\n    node_venv_lib_python3_12_site-packages_PyQt6_Qt6 --> node_venv_lib_python3_12_site-packages_PyQt6_Qt6_qml["qml"]\n    node_venv_lib_python3_12_site-packages_PyQt6_Qt6_qml --> node_venv_lib_python3_12_site-packages_PyQt6_Qt6_qml_QtQuick3D["QtQuick3D"]\n    node_venv_lib_python3_12_site-packages_PyQt6_Qt6_qml_QtQuick3D --> node_venv_lib_python3_12_site-packages_PyQt6_Qt6_qml_QtQuick3D_Physics["Physics"]\n    node_venv_lib_python3_12_site-packages_PyQt6_Qt6_qml_QtQuick3D_Physics --> node_venv_lib_python3_12_site-packages_PyQt6_Qt6_qml_QtQuick3D_Physics_designer["designer"]\n    node_venv_lib_python3_12_site-packages_PyQt6_Qt6_qml_QtQuick3D_Physics_designer --> node_venv_lib_python3_12_site-packages_PyQt6_Qt6_qml_QtQuick3D_Physics_designer_images["images"]\n    node_venv_lib_python3_12_site-packages_PyQt6_Qt6_qml_QtQuick3D_Physics_designer_images --> node_venv_lib_python3_12_site-packages_PyQt6_Qt6_qml_QtQuick3D_Physics_designer_images_charactercontroller16_png["charactercontroller16.png"]\n    Root --> node_venv["venv"]\n    node_venv --> node_venv_lib["lib"]\n    node_venv_lib --> node_venv_lib_python3_12["python3.12"]\n    node_venv_lib_python3_12 --> node_venv_lib_python3_12_site-packages["site-packages"]\n    node_venv_lib_python3_12_site-packages --> node_venv_lib_python3_12_site-packages_PyQt6["PyQt6"]\n    node_venv_lib_python3_12_site-packages_PyQt6 --> node_venv_lib_python3_12_site-packages_PyQt6_Qt6["Qt6"]\n    node_venv_lib_python3_12_site-packages_PyQt6_Qt6 --> node_venv_lib_python3_12_site-packages_PyQt6_Qt6_qml["qml"]\n    node_venv_lib_python3_12_site-packages_PyQt6_Qt6_qml --> node_venv_lib_python3_12_site-packages_PyQt6_Qt6_qml_QtQuick3D["QtQuick3D"]\n    node_venv_lib_python3_12_site-packages_PyQt6_Qt6_qml_QtQuick3D --> node_venv_lib_python3_12_site-packages_PyQt6_Qt6_qml_QtQuick3D_Physics["Physics"]\n    node_venv_lib_python3_12_site-packages_PyQt6_Qt6_qml_QtQuick3D_Physics --> node_venv_lib_python3_12_site-packages_PyQt6_Qt6_qml_QtQuick3D_Physics_designer["designer"]\n    node_venv_lib_python3_12_site-packages_PyQt6_Qt6_qml_QtQuick3D_Physics_designer --> node_venv_lib_python3_12_site-packages_PyQt6_Qt6_qml_QtQuick3D_Physics_designer_images["images"]\n    node_venv_lib_python3_12_site-packages_PyQt6_Qt6_qml_QtQuick3D_Physics_designer_images --> node_venv_lib_python3_12_site-packages_PyQt6_Qt6_qml_QtQuick3D_Physics_designer_images_charactercontroller@2x_png["charactercontroller@2x.png"]\n    Root --> node_venv["venv"]\n    node_venv --> node_venv_lib["lib"]\n    node_venv_lib --> node_venv_lib_python3_12["python3.12"]\n    node_venv_lib_python3_12 --> node_venv_lib_python3_12_site-packages["site-packages"]\n    node_venv_lib_python3_12_site-packages --> node_venv_lib_python3_12_site-packages_PyQt6["PyQt6"]\n    node_venv_lib_python3_12_site-packages_PyQt6 --> node_venv_lib_python3_12_site-packages_PyQt6_Qt6["Qt6"]\n    node_venv_lib_python3_12_site-packages_PyQt6_Qt6 --> node_venv_lib_python3_12_site-packages_PyQt6_Qt6_qml["qml"]\n    node_venv_lib_python3_12_site-packages_PyQt6_Qt6_qml --> node_venv_lib_python3_12_site-packages_PyQt6_Qt6_qml_QtQuick3D["QtQuick3D"]\n    node_venv_lib_python3_12_site-packages_PyQt6_Qt6_qml_QtQuick3D --> node_venv_lib_python3_12_site-packages_PyQt6_Qt6_qml_QtQuick3D_Physics["Physics"]\n    node_venv_lib_python3_12_site-packages_PyQt6_Qt6_qml_QtQuick3D_Physics --> node_venv_lib_python3_12_site-packages_PyQt6_Qt6_qml_QtQuick3D_Physics_designer["designer"]\n    node_venv_lib_python3_12_site-packages_PyQt6_Qt6_qml_QtQuick3D_Physics_designer --> node_venv_lib_python3_12_site-packages_PyQt6_Qt6_qml_QtQuick3D_Physics_designer_images["images"]\n    node_venv_lib_python3_12_site-packages_PyQt6_Qt6_qml_QtQuick3D_Physics_designer_images --> node_venv_lib_python3_12_site-packages_PyQt6_Qt6_qml_QtQuick3D_Physics_designer_images_convexmeshshape_png["convexmeshshape.png"]\n    Root --> node_venv["venv"]\n    node_venv --> node_venv_lib["lib"]\n    node_venv_lib --> node_venv_lib_python3_12["python3.12"]\n    node_venv_lib_python3_12 --> node_venv_lib_python3_12_site-packages["site-packages"]\n    node_venv_lib_python3_12_site-packages --> node_venv_lib_python3_12_site-packages_PyQt6["PyQt6"]\n    node_venv_lib_python3_12_site-packages_PyQt6 --> node_venv_lib_python3_12_site-packages_PyQt6_Qt6["Qt6"]\n    node_venv_lib_python3_12_site-packages_PyQt6_Qt6 --> node_venv_lib_python3_12_site-packages_PyQt6_Qt6_qml["qml"]\n    node_venv_lib_python3_12_site-packages_PyQt6_Qt6_qml --> node_venv_lib_python3_12_site-packages_PyQt6_Qt6_qml_QtQuick3D["QtQuick3D"]\n    node_venv_lib_python3_12_site-packages_PyQt6_Qt6_qml_QtQuick3D --> node_venv_lib_python3_12_site-packages_PyQt6_Qt6_qml_QtQuick3D_Physics["Physics"]\n    node_venv_lib_python3_12_site-packages_PyQt6_Qt6_qml_QtQuick3D_Physics --> node_venv_lib_python3_12_site-packages_PyQt6_Qt6_qml_QtQuick3D_Physics_designer["designer"]\n    node_venv_lib_python3_12_site-packages_PyQt6_Qt6_qml_QtQuick3D_Physics_designer --> node_venv_lib_python3_12_site-packages_PyQt6_Qt6_qml_QtQuick3D_Physics_designer_images["images"]\n    node_venv_lib_python3_12_site-packages_PyQt6_Qt6_qml_QtQuick3D_Physics_designer_images --> node_venv_lib_python3_12_site-packages_PyQt6_Qt6_qml_QtQuick3D_Physics_designer_images_convexmeshshape16_png["convexmeshshape16.png"]\n    Root --> node_venv["venv"]\n    node_venv --> node_venv_lib["lib"]\n    node_venv_lib --> node_venv_lib_python3_12["python3.12"]\n    node_venv_lib_python3_12 --> node_venv_lib_python3_12_site-packages["site-packages"]\n    node_venv_lib_python3_12_site-packages --> node_venv_lib_python3_12_site-packages_PyQt6["PyQt6"]\n    node_venv_lib_python3_12_site-packages_PyQt6 --> node_venv_lib_python3_12_site-packages_PyQt6_Qt6["Qt6"]\n    node_venv_lib_python3_12_site-packages_PyQt6_Qt6 --> node_venv_lib_python3_12_site-packages_PyQt6_Qt6_qml["qml"]\n    node_venv_lib_python3_12_site-packages_PyQt6_Qt6_qml --> node_venv_lib_python3_12_site-packages_PyQt6_Qt6_qml_QtQuick3D["QtQuick3D"]\n    node_venv_lib_python3_12_site-packages_PyQt6_Qt6_qml_QtQuick3D --> node_venv_lib_python3_12_site-packages_PyQt6_Qt6_qml_QtQuick3D_Physics["Physics"]\n    node_venv_lib_python3_12_site-packages_PyQt6_Qt6_qml_QtQuick3D_Physics --> node_venv_lib_python3_12_site-packages_PyQt6_Qt6_qml_QtQuick3D_Physics_designer["designer"]\n    node_venv_lib_python3_12_site-packages_PyQt6_Qt6_qml_QtQuick3D_Physics_designer --> node_venv_lib_python3_12_site-packages_PyQt6_Qt6_qml_QtQuick3D_Physics_designer_images["images"]\n    node_venv_lib_python3_12_site-packages_PyQt6_Qt6_qml_QtQuick3D_Physics_designer_images --> node_venv_lib_python3_12_site-packages_PyQt6_Qt6_qml_QtQuick3D_Physics_designer_images_convexmeshshape@2x_png["convexmeshshape@2x.png"]\n    Root --> node_venv["venv"]\n    node_venv --> node_venv_lib["lib"]\n    node_venv_lib --> node_venv_lib_python3_12["python3.12"]\n    node_venv_lib_python3_12 --> node_venv_lib_python3_12_site-packages["site-packages"]\n    node_venv_lib_python3_12_site-packages --> node_venv_lib_python3_12_site-packages_PyQt6["PyQt6"]\n    node_venv_lib_python3_12_site-packages_PyQt6 --> node_venv_lib_python3_12_site-packages_PyQt6_Qt6["Qt6"]\n    node_venv_lib_python3_12_site-packages_PyQt6_Qt6 --> node_venv_lib_python3_12_site-packages_PyQt6_Qt6_qml["qml"]\n    node_venv_lib_python3_12_site-packages_PyQt6_Qt6_qml --> node_venv_lib_python3_12_site-packages_PyQt6_Qt6_qml_QtQuick3D["QtQuick3D"]\n    node_venv_lib_python3_12_site-packages_PyQt6_Qt6_qml_QtQuick3D --> node_venv_lib_python3_12_site-packages_PyQt6_Qt6_qml_QtQuick3D_Physics["Physics"]\n    node_venv_lib_python3_12_site-packages_PyQt6_Qt6_qml_QtQuick3D_Physics --> node_venv_lib_python3_12_site-packages_PyQt6_Qt6_qml_QtQuick3D_Physics_designer["designer"]\n    node_venv_lib_python3_12_site-packages_PyQt6_Qt6_qml_QtQuick3D_Physics_designer --> node_venv_lib_python3_12_site-packages_PyQt6_Qt6_qml_QtQuick3D_Physics_designer_images["images"]\n    node_venv_lib_python3_12_site-packages_PyQt6_Qt6_qml_QtQuick3D_Physics_designer_images --> node_venv_lib_python3_12_site-packages_PyQt6_Qt6_qml_QtQuick3D_Physics_designer_images_dynamicrigidbody_png["dynamicrigidbody.png"]\n    Root --> node_venv["venv"]\n    node_venv --> node_venv_lib["lib"]\n    node_venv_lib --> node_venv_lib_python3_12["python3.12"]\n    node_venv_lib_python3_12 --> node_venv_lib_python3_12_site-packages["site-packages"]\n    node_venv_lib_python3_12_site-packages --> node_venv_lib_python3_12_site-packages_PyQt6["PyQt6"]\n    node_venv_lib_python3_12_site-packages_PyQt6 --> node_venv_lib_python3_12_site-packages_PyQt6_Qt6["Qt6"]\n    node_venv_lib_python3_12_site-packages_PyQt6_Qt6 --> node_venv_lib_python3_12_site-packages_PyQt6_Qt6_qml["qml"]\n    node_venv_lib_python3_12_site-packages_PyQt6_Qt6_qml --> node_venv_lib_python3_12_site-packages_PyQt6_Qt6_qml_QtQuick3D["QtQuick3D"]\n    node_venv_lib_python3_12_site-packages_PyQt6_Qt6_qml_QtQuick3D --> node_venv_lib_python3_12_site-packages_PyQt6_Qt6_qml_QtQuick3D_Physics["Physics"]\n    node_venv_lib_python3_12_site-packages_PyQt6_Qt6_qml_QtQuick3D_Physics --> node_venv_lib_python3_12_site-packages_PyQt6_Qt6_qml_QtQuick3D_Physics_designer["designer"]\n    node_venv_lib_python3_12_site-packages_PyQt6_Qt6_qml_QtQuick3D_Physics_designer --> node_venv_lib_python3_12_site-packages_PyQt6_Qt6_qml_QtQuick3D_Physics_designer_images["images"]\n    node_venv_lib_python3_12_site-packages_PyQt6_Qt6_qml_QtQuick3D_Physics_designer_images --> node_venv_lib_python3_12_site-packages_PyQt6_Qt6_qml_QtQuick3D_Physics_designer_images_dynamicrigidbody16_png["dynamicrigidbody16.png"]\n    Root --> node_venv["venv"]\n    node_venv --> node_venv_lib["lib"]\n    node_venv_lib --> node_venv_lib_python3_12["python3.12"]\n    node_venv_lib_python3_12 --> node_venv_lib_python3_12_site-packages["site-packages"]\n    node_venv_lib_python3_12_site-packages --> node_venv_lib_python3_12_site-packages_PyQt6["PyQt6"]\n    node_venv_lib_python3_12_site-packages_PyQt6 --> node_venv_lib_python3_12_site-packages_PyQt6_Qt6["Qt6"]\n    node_venv_lib_python3_12_site-packages_PyQt6_Qt6 --> node_venv_lib_python3_12_site-packages_PyQt6_Qt6_qml["qml"]\n    node_venv_lib_python3_12_site-packages_PyQt6_Qt6_qml --> node_venv_lib_python3_12_site-packages_PyQt6_Qt6_qml_QtQuick3D["QtQuick3D"]\n    node_venv_lib_python3_12_site-packages_PyQt6_Qt6_qml_QtQuick3D --> node_venv_lib_python3_12_site-packages_PyQt6_Qt6_qml_QtQuick3D_Physics["Physics"]\n    node_venv_lib_python3_12_site-packages_PyQt6_Qt6_qml_QtQuick3D_Physics --> node_venv_lib_python3_12_site-packages_PyQt6_Qt6_qml_QtQuick3D_Physics_designer["designer"]\n    node_venv_lib_python3_12_site-packages_PyQt6_Qt6_qml_QtQuick3D_Physics_designer --> node_venv_lib_python3_12_site-packages_PyQt6_Qt6_qml_QtQuick3D_Physics_designer_images["images"]\n    node_venv_lib_python3_12_site-packages_PyQt6_Qt6_qml_QtQuick3D_Physics_designer_images --> node_venv_lib_python3_12_site-packages_PyQt6_Qt6_qml_QtQuick3D_Physics_designer_images_dynamicrigidbody@2x_png["dynamicrigidbody@2x.png"]\n    Root --> node_venv["venv"]\n    node_venv --> node_venv_lib["lib"]\n    node_venv_lib --> node_venv_lib_python3_12["python3.12"]\n    node_venv_lib_python3_12 --> node_venv_lib_python3_12_site-packages["site-packages"]\n    node_venv_lib_python3_12_site-packages --> node_venv_lib_python3_12_site-packages_PyQt6["PyQt6"]\n    node_venv_lib_python3_12_site-packages_PyQt6 --> node_venv_lib_python3_12_site-packages_PyQt6_Qt6["Qt6"]\n    node_venv_lib_python3_12_site-packages_PyQt6_Qt6 --> node_venv_lib_python3_12_site-packages_PyQt6_Qt6_qml["qml"]\n    node_venv_lib_python3_12_site-packages_PyQt6_Qt6_qml --> node_venv_lib_python3_12_site-packages_PyQt6_Qt6_qml_QtQuick3D["QtQuick3D"]\n    node_venv_lib_python3_12_site-packages_PyQt6_Qt6_qml_QtQuick3D --> node_venv_lib_python3_12_site-packages_PyQt6_Qt6_qml_QtQuick3D_Physics["Physics"]\n    node_venv_lib_python3_12_site-packages_PyQt6_Qt6_qml_QtQuick3D_Physics --> node_venv_lib_python3_12_site-packages_PyQt6_Qt6_qml_QtQuick3D_Physics_designer["designer"]\n    node_venv_lib_python3_12_site-packages_PyQt6_Qt6_qml_QtQuick3D_Physics_designer --> node_venv_lib_python3_12_site-packages_PyQt6_Qt6_qml_QtQuick3D_Physics_designer_images["images"]\n    node_venv_lib_python3_12_site-packages_PyQt6_Qt6_qml_QtQuick3D_Physics_designer_images --> node_venv_lib_python3_12_site-packages_PyQt6_Qt6_qml_QtQuick3D_Physics_designer_images_heightfieldshape_png["heightfieldshape.png"]\n    Root --> node_venv["venv"]\n    node_venv --> node_venv_lib["lib"]\n    node_venv_lib --> node_venv_lib_python3_12["python3.12"]\n    node_venv_lib_python3_12 --> node_venv_lib_python3_12_site-packages["site-packages"]\n    node_venv_lib_python3_12_site-packages --> node_venv_lib_python3_12_site-packages_PyQt6["PyQt6"]\n    node_venv_lib_python3_12_site-packages_PyQt6 --> node_venv_lib_python3_12_site-packages_PyQt6_Qt6["Qt6"]\n    node_venv_lib_python3_12_site-packages_PyQt6_Qt6 --> node_venv_lib_python3_12_site-packages_PyQt6_Qt6_qml["qml"]\n    node_venv_lib_python3_12_site-packages_PyQt6_Qt6_qml --> node_venv_lib_python3_12_site-packages_PyQt6_Qt6_qml_QtQuick3D["QtQuick3D"]\n    node_venv_lib_python3_12_site-packages_PyQt6_Qt6_qml_QtQuick3D --> node_venv_lib_python3_12_site-packages_PyQt6_Qt6_qml_QtQuick3D_Physics["Physics"]\n    node_venv_lib_python3_12_site-packages_PyQt6_Qt6_qml_QtQuick3D_Physics --> node_venv_lib_python3_12_site-packages_PyQt6_Qt6_qml_QtQuick3D_Physics_designer["designer"]\n    node_venv_lib_python3_12_site-packages_PyQt6_Qt6_qml_QtQuick3D_Physics_designer --> node_venv_lib_python3_12_site-packages_PyQt6_Qt6_qml_QtQuick3D_Physics_designer_images["images"]\n    node_venv_lib_python3_12_site-packages_PyQt6_Qt6_qml_QtQuick3D_Physics_designer_images --> node_venv_lib_python3_12_site-packages_PyQt6_Qt6_qml_QtQuick3D_Physics_designer_images_heightfieldshape16_png["heightfieldshape16.png"]\n    Root --> node_venv["venv"]\n    node_venv --> node_venv_lib["lib"]\n    node_venv_lib --> node_venv_lib_python3_12["python3.12"]\n    node_venv_lib_python3_12 --> node_venv_lib_python3_12_site-packages["site-packages"]\n    node_venv_lib_python3_12_site-packages --> node_venv_lib_python3_12_site-packages_PyQt6["PyQt6"]\n    node_venv_lib_python3_12_site-packages_PyQt6 --> node_venv_lib_python3_12_site-packages_PyQt6_Qt6["Qt6"]\n    node_venv_lib_python3_12_site-packages_PyQt6_Qt6 --> node_venv_lib_python3_12_site-packages_PyQt6_Qt6_qml["qml"]\n    node_venv_lib_python3_12_site-packages_PyQt6_Qt6_qml --> node_venv_lib_python3_12_site-packages_PyQt6_Qt6_qml_QtQuick3D["QtQuick3D"]\n    node_venv_lib_python3_12_site-packages_PyQt6_Qt6_qml_QtQuick3D --> node_venv_lib_python3_12_site-packages_PyQt6_Qt6_qml_QtQuick3D_Physics["Physics"]\n    node_venv_lib_python3_12_site-packages_PyQt6_Qt6_qml_QtQuick3D_Physics --> node_venv_lib_python3_12_site-packages_PyQt6_Qt6_qml_QtQuick3D_Physics_designer["designer"]\n    node_venv_lib_python3_12_site-packages_PyQt6_Qt6_qml_QtQuick3D_Physics_designer --> node_venv_lib_python3_12_site-packages_PyQt6_Qt6_qml_QtQuick3D_Physics_designer_images["images"]\n    node_venv_lib_python3_12_site-packages_PyQt6_Qt6_qml_QtQuick3D_Physics_designer_images --> node_venv_lib_python3_12_site-packages_PyQt6_Qt6_qml_QtQuick3D_Physics_designer_images_heightfieldshape@2x_png["heightfieldshape@2x.png"]\n    Root --> node_venv["venv"]\n    node_venv --> node_venv_lib["lib"]\n    node_venv_lib --> node_venv_lib_python3_12["python3.12"]\n    node_venv_lib_python3_12 --> node_venv_lib_python3_12_site-packages["site-packages"]\n    node_venv_lib_python3_12_site-packages --> node_venv_lib_python3_12_site-packages_PyQt6["PyQt6"]\n    node_venv_lib_python3_12_site-packages_PyQt6 --> node_venv_lib_python3_12_site-packages_PyQt6_Qt6["Qt6"]\n    node_venv_lib_python3_12_site-packages_PyQt6_Qt6 --> node_venv_lib_python3_12_site-packages_PyQt6_Qt6_qml["qml"]\n    node_venv_lib_python3_12_site-packages_PyQt6_Qt6_qml --> node_venv_lib_python3_12_site-packages_PyQt6_Qt6_qml_QtQuick3D["QtQuick3D"]\n    node_venv_lib_python3_12_site-packages_PyQt6_Qt6_qml_QtQuick3D --> node_venv_lib_python3_12_site-packages_PyQt6_Qt6_qml_QtQuick3D_Physics["Physics"]\n    node_venv_lib_python3_12_site-packages_PyQt6_Qt6_qml_QtQuick3D_Physics --> node_venv_lib_python3_12_site-packages_PyQt6_Qt6_qml_QtQuick3D_Physics_designer["designer"]\n    node_venv_lib_python3_12_site-packages_PyQt6_Qt6_qml_QtQuick3D_Physics_designer --> node_venv_lib_python3_12_site-packages_PyQt6_Qt6_qml_QtQuick3D_Physics_designer_images["images"]\n    node_venv_lib_python3_12_site-packages_PyQt6_Qt6_qml_QtQuick3D_Physics_designer_images --> node_venv_lib_python3_12_site-packages_PyQt6_Qt6_qml_QtQuick3D_Physics_designer_images_physicsmaterial_png["physicsmaterial.png"]\n    Root --> node_venv["venv"]\n    node_venv --> node_venv_lib["lib"]\n    node_venv_lib --> node_venv_lib_python3_12["python3.12"]\n    node_venv_lib_python3_12 --> node_venv_lib_python3_12_site-packages["site-packages"]\n    node_venv_lib_python3_12_site-packages --> node_venv_lib_python3_12_site-packages_PyQt6["PyQt6"]\n    node_venv_lib_python3_12_site-packages_PyQt6 --> node_venv_lib_python3_12_site-packages_PyQt6_Qt6["Qt6"]\n    node_venv_lib_python3_12_site-packages_PyQt6_Qt6 --> node_venv_lib_python3_12_site-packages_PyQt6_Qt6_qml["qml"]\n    node_venv_lib_python3_12_site-packages_PyQt6_Qt6_qml --> node_venv_lib_python3_12_site-packages_PyQt6_Qt6_qml_QtQuick3D["QtQuick3D"]\n    node_venv_lib_python3_12_site-packages_PyQt6_Qt6_qml_QtQuick3D --> node_venv_lib_python3_12_site-packages_PyQt6_Qt6_qml_QtQuick3D_Physics["Physics"]\n    node_venv_lib_python3_12_site-packages_PyQt6_Qt6_qml_QtQuick3D_Physics --> node_venv_lib_python3_12_site-packages_PyQt6_Qt6_qml_QtQuick3D_Physics_designer["designer"]\n    node_venv_lib_python3_12_site-packages_PyQt6_Qt6_qml_QtQuick3D_Physics_designer --> node_venv_lib_python3_12_site-packages_PyQt6_Qt6_qml_QtQuick3D_Physics_designer_images["images"]\n    node_venv_lib_python3_12_site-packages_PyQt6_Qt6_qml_QtQuick3D_Physics_designer_images --> node_venv_lib_python3_12_site-packages_PyQt6_Qt6_qml_QtQuick3D_Physics_designer_images_physicsmaterial16_png["physicsmaterial16.png"]\n    Root --> node_venv["venv"]\n    node_venv --> node_venv_lib["lib"]\n    node_venv_lib --> node_venv_lib_python3_12["python3.12"]\n    node_venv_lib_python3_12 --> node_venv_lib_python3_12_site-packages["site-packages"]\n    node_venv_lib_python3_12_site-packages --> node_venv_lib_python3_12_site-packages_PyQt6["PyQt6"]\n    node_venv_lib_python3_12_site-packages_PyQt6 --> node_venv_lib_python3_12_site-packages_PyQt6_Qt6["Qt6"]\n    node_venv_lib_python3_12_site-packages_PyQt6_Qt6 --> node_venv_lib_python3_12_site-packages_PyQt6_Qt6_qml["qml"]\n    node_venv_lib_python3_12_site-packages_PyQt6_Qt6_qml --> node_venv_lib_python3_12_site-packages_PyQt6_Qt6_qml_QtQuick3D["QtQuick3D"]\n    node_venv_lib_python3_12_site-packages_PyQt6_Qt6_qml_QtQuick3D --> node_venv_lib_python3_12_site-packages_PyQt6_Qt6_qml_QtQuick3D_Physics["Physics"]\n    node_venv_lib_python3_12_site-packages_PyQt6_Qt6_qml_QtQuick3D_Physics --> node_venv_lib_python3_12_site-packages_PyQt6_Qt6_qml_QtQuick3D_Physics_designer["designer"]\n    node_venv_lib_python3_12_site-packages_PyQt6_Qt6_qml_QtQuick3D_Physics_designer --> node_venv_lib_python3_12_site-packages_PyQt6_Qt6_qml_QtQuick3D_Physics_designer_images["images"]\n    node_venv_lib_python3_12_site-packages_PyQt6_Qt6_qml_QtQuick3D_Physics_designer_images --> node_venv_lib_python3_12_site-packages_PyQt6_Qt6_qml_QtQuick3D_Physics_designer_images_physicsmaterial@2x_png["physicsmaterial@2x.png"]\n    Root --> node_venv["venv"]\n    node_venv --> node_venv_lib["lib"]\n    node_venv_lib --> node_venv_lib_python3_12["python3.12"]\n    node_venv_lib_python3_12 --> node_venv_lib_python3_12_site-packages["site-packages"]\n    node_venv_lib_python3_12_site-packages --> node_venv_lib_python3_12_site-packages_PyQt6["PyQt6"]\n    node_venv_lib_python3_12_site-packages_PyQt6 --> node_venv_lib_python3_12_site-packages_PyQt6_Qt6["Qt6"]\n    node_venv_lib_python3_12_site-packages_PyQt6_Qt6 --> node_venv_lib_python3_12_site-packages_PyQt6_Qt6_qml["qml"]\n    node_venv_lib_python3_12_site-packages_PyQt6_Qt6_qml --> node_venv_lib_python3_12_site-packages_PyQt6_Qt6_qml_QtQuick3D["QtQuick3D"]\n    node_venv_lib_python3_12_site-packages_PyQt6_Qt6_qml_QtQuick3D --> node_venv_lib_python3_12_site-packages_PyQt6_Qt6_qml_QtQuick3D_Physics["Physics"]\n    node_venv_lib_python3_12_site-packages_PyQt6_Qt6_qml_QtQuick3D_Physics --> node_venv_lib_python3_12_site-packages_PyQt6_Qt6_qml_QtQuick3D_Physics_designer["designer"]\n    node_venv_lib_python3_12_site-packages_PyQt6_Qt6_qml_QtQuick3D_Physics_designer --> node_venv_lib_python3_12_site-packages_PyQt6_Qt6_qml_QtQuick3D_Physics_designer_images["images"]\n    node_venv_lib_python3_12_site-packages_PyQt6_Qt6_qml_QtQuick3D_Physics_designer_images --> node_venv_lib_python3_12_site-packages_PyQt6_Qt6_qml_QtQuick3D_Physics_designer_images_physicsworld_png["physicsworld.png"]\n    Root --> node_venv["venv"]\n    node_venv --> node_venv_lib["lib"]\n    node_venv_lib --> node_venv_lib_python3_12["python3.12"]\n    node_venv_lib_python3_12 --> node_venv_lib_python3_12_site-packages["site-packages"]\n    node_venv_lib_python3_12_site-packages --> node_venv_lib_python3_12_site-packages_PyQt6["PyQt6"]\n    node_venv_lib_python3_12_site-packages_PyQt6 --> node_venv_lib_python3_12_site-packages_PyQt6_Qt6["Qt6"]\n    node_venv_lib_python3_12_site-packages_PyQt6_Qt6 --> node_venv_lib_python3_12_site-packages_PyQt6_Qt6_qml["qml"]\n    node_venv_lib_python3_12_site-packages_PyQt6_Qt6_qml --> node_venv_lib_python3_12_site-packages_PyQt6_Qt6_qml_QtQuick3D["QtQuick3D"]\n    node_venv_lib_python3_12_site-packages_PyQt6_Qt6_qml_QtQuick3D --> node_venv_lib_python3_12_site-packages_PyQt6_Qt6_qml_QtQuick3D_Physics["Physics"]\n    node_venv_lib_python3_12_site-packages_PyQt6_Qt6_qml_QtQuick3D_Physics --> node_venv_lib_python3_12_site-packages_PyQt6_Qt6_qml_QtQuick3D_Physics_designer["designer"]\n    node_venv_lib_python3_12_site-packages_PyQt6_Qt6_qml_QtQuick3D_Physics_designer --> node_venv_lib_python3_12_site-packages_PyQt6_Qt6_qml_QtQuick3D_Physics_designer_images["images"]\n    node_venv_lib_python3_12_site-packages_PyQt6_Qt6_qml_QtQuick3D_Physics_designer_images --> node_venv_lib_python3_12_site-packages_PyQt6_Qt6_qml_QtQuick3D_Physics_designer_images_physicsworld16_png["physicsworld16.png"]\n    Root --> node_venv["venv"]\n    node_venv --> node_venv_lib["lib"]\n    node_venv_lib --> node_venv_lib_python3_12["python3.12"]\n    node_venv_lib_python3_12 --> node_venv_lib_python3_12_site-packages["site-packages"]\n    node_venv_lib_python3_12_site-packages --> node_venv_lib_python3_12_site-packages_PyQt6["PyQt6"]\n    node_venv_lib_python3_12_site-packages_PyQt6 --> node_venv_lib_python3_12_site-packages_PyQt6_Qt6["Qt6"]\n    node_venv_lib_python3_12_site-packages_PyQt6_Qt6 --> node_venv_lib_python3_12_site-packages_PyQt6_Qt6_qml["qml"]\n    node_venv_lib_python3_12_site-packages_PyQt6_Qt6_qml --> node_venv_lib_python3_12_site-packages_PyQt6_Qt6_qml_QtQuick3D["QtQuick3D"]\n    node_venv_lib_python3_12_site-packages_PyQt6_Qt6_qml_QtQuick3D --> node_venv_lib_python3_12_site-packages_PyQt6_Qt6_qml_QtQuick3D_Physics["Physics"]\n    node_venv_lib_python3_12_site-packages_PyQt6_Qt6_qml_QtQuick3D_Physics --> node_venv_lib_python3_12_site-packages_PyQt6_Qt6_qml_QtQuick3D_Physics_designer["designer"]\n    node_venv_lib_python3_12_site-packages_PyQt6_Qt6_qml_QtQuick3D_Physics_designer --> node_venv_lib_python3_12_site-packages_PyQt6_Qt6_qml_QtQuick3D_Physics_designer_images["images"]\n    node_venv_lib_python3_12_site-packages_PyQt6_Qt6_qml_QtQuick3D_Physics_designer_images --> node_venv_lib_python3_12_site-packages_PyQt6_Qt6_qml_QtQuick3D_Physics_designer_images_physicsworld@2x_png["physicsworld@2x.png"]\n    Root --> node_venv["venv"]\n    node_venv --> node_venv_lib["lib"]\n    node_venv_lib --> node_venv_lib_python3_12["python3.12"]\n    node_venv_lib_python3_12 --> node_venv_lib_python3_12_site-packages["site-packages"]\n    node_venv_lib_python3_12_site-packages --> node_venv_lib_python3_12_site-packages_PyQt6["PyQt6"]\n    node_venv_lib_python3_12_site-packages_PyQt6 --> node_venv_lib_python3_12_site-packages_PyQt6_Qt6["Qt6"]\n    node_venv_lib_python3_12_site-packages_PyQt6_Qt6 --> node_venv_lib_python3_12_site-packages_PyQt6_Qt6_qml["qml"]\n    node_venv_lib_python3_12_site-packages_PyQt6_Qt6_qml --> node_venv_lib_python3_12_site-packages_PyQt6_Qt6_qml_QtQuick3D["QtQuick3D"]\n    node_venv_lib_python3_12_site-packages_PyQt6_Qt6_qml_QtQuick3D --> node_venv_lib_python3_12_site-packages_PyQt6_Qt6_qml_QtQuick3D_Physics["Physics"]\n    node_venv_lib_python3_12_site-packages_PyQt6_Qt6_qml_QtQuick3D_Physics --> node_venv_lib_python3_12_site-packages_PyQt6_Qt6_qml_QtQuick3D_Physics_designer["designer"]\n    node_venv_lib_python3_12_site-packages_PyQt6_Qt6_qml_QtQuick3D_Physics_designer --> node_venv_lib_python3_12_site-packages_PyQt6_Qt6_qml_QtQuick3D_Physics_designer_images["images"]\n    node_venv_lib_python3_12_site-packages_PyQt6_Qt6_qml_QtQuick3D_Physics_designer_images --> node_venv_lib_python3_12_site-packages_PyQt6_Qt6_qml_QtQuick3D_Physics_designer_images_planeshape_png["planeshape.png"]\n    Root --> node_venv["venv"]\n    node_venv --> node_venv_lib["lib"]\n    node_venv_lib --> node_venv_lib_python3_12["python3.12"]\n    node_venv_lib_python3_12 --> node_venv_lib_python3_12_site-packages["site-packages"]\n    node_venv_lib_python3_12_site-packages --> node_venv_lib_python3_12_site-packages_PyQt6["PyQt6"]\n    node_venv_lib_python3_12_site-packages_PyQt6 --> node_venv_lib_python3_12_site-packages_PyQt6_Qt6["Qt6"]\n    node_venv_lib_python3_12_site-packages_PyQt6_Qt6 --> node_venv_lib_python3_12_site-packages_PyQt6_Qt6_qml["qml"]\n    node_venv_lib_python3_12_site-packages_PyQt6_Qt6_qml --> node_venv_lib_python3_12_site-packages_PyQt6_Qt6_qml_QtQuick3D["QtQuick3D"]\n    node_venv_lib_python3_12_site-packages_PyQt6_Qt6_qml_QtQuick3D --> node_venv_lib_python3_12_site-packages_PyQt6_Qt6_qml_QtQuick3D_Physics["Physics"]\n    node_venv_lib_python3_12_site-packages_PyQt6_Qt6_qml_QtQuick3D_Physics --> node_venv_lib_python3_12_site-packages_PyQt6_Qt6_qml_QtQuick3D_Physics_designer["designer"]\n    node_venv_lib_python3_12_site-packages_PyQt6_Qt6_qml_QtQuick3D_Physics_designer --> node_venv_lib_python3_12_site-packages_PyQt6_Qt6_qml_QtQuick3D_Physics_designer_images["images"]\n    node_venv_lib_python3_12_site-packages_PyQt6_Qt6_qml_QtQuick3D_Physics_designer_images --> node_venv_lib_python3_12_site-packages_PyQt6_Qt6_qml_QtQuick3D_Physics_designer_images_planeshape16_png["planeshape16.png"]\n    Root --> node_venv["venv"]\n    node_venv --> node_venv_lib["lib"]\n    node_venv_lib --> node_venv_lib_python3_12["python3.12"]\n    node_venv_lib_python3_12 --> node_venv_lib_python3_12_site-packages["site-packages"]\n    node_venv_lib_python3_12_site-packages --> node_venv_lib_python3_12_site-packages_PyQt6["PyQt6"]\n    node_venv_lib_python3_12_site-packages_PyQt6 --> node_venv_lib_python3_12_site-packages_PyQt6_Qt6["Qt6"]\n    node_venv_lib_python3_12_site-packages_PyQt6_Qt6 --> node_venv_lib_python3_12_site-packages_PyQt6_Qt6_qml["qml"]\n    node_venv_lib_python3_12_site-packages_PyQt6_Qt6_qml --> node_venv_lib_python3_12_site-packages_PyQt6_Qt6_qml_QtQuick3D["QtQuick3D"]\n    node_venv_lib_python3_12_site-packages_PyQt6_Qt6_qml_QtQuick3D --> node_venv_lib_python3_12_site-packages_PyQt6_Qt6_qml_QtQuick3D_Physics["Physics"]\n    node_venv_lib_python3_12_site-packages_PyQt6_Qt6_qml_QtQuick3D_Physics --> node_venv_lib_python3_12_site-packages_PyQt6_Qt6_qml_QtQuick3D_Physics_designer["designer"]\n    node_venv_lib_python3_12_site-packages_PyQt6_Qt6_qml_QtQuick3D_Physics_designer --> node_venv_lib_python3_12_site-packages_PyQt6_Qt6_qml_QtQuick3D_Physics_designer_images["images"]\n    node_venv_lib_python3_12_site-packages_PyQt6_Qt6_qml_QtQuick3D_Physics_designer_images --> node_venv_lib_python3_12_site-packages_PyQt6_Qt6_qml_QtQuick3D_Physics_designer_images_planeshape@2x_png["planeshape@2x.png"]\n    Root --> node_venv["venv"]\n    node_venv --> node_venv_lib["lib"]\n    node_venv_lib --> node_venv_lib_python3_12["python3.12"]\n    node_venv_lib_python3_12 --> node_venv_lib_python3_12_site-packages["site-packages"]\n    node_venv_lib_python3_12_site-packages --> node_venv_lib_python3_12_site-packages_PyQt6["PyQt6"]\n    node_venv_lib_python3_12_site-packages_PyQt6 --> node_venv_lib_python3_12_site-packages_PyQt6_Qt6["Qt6"]\n    node_venv_lib_python3_12_site-packages_PyQt6_Qt6 --> node_venv_lib_python3_12_site-packages_PyQt6_Qt6_qml["qml"]\n    node_venv_lib_python3_12_site-packages_PyQt6_Qt6_qml --> node_venv_lib_python3_12_site-packages_PyQt6_Qt6_qml_QtQuick3D["QtQuick3D"]\n    node_venv_lib_python3_12_site-packages_PyQt6_Qt6_qml_QtQuick3D --> node_venv_lib_python3_12_site-packages_PyQt6_Qt6_qml_QtQuick3D_Physics["Physics"]\n    node_venv_lib_python3_12_site-packages_PyQt6_Qt6_qml_QtQuick3D_Physics --> node_venv_lib_python3_12_site-packages_PyQt6_Qt6_qml_QtQuick3D_Physics_designer["designer"]\n    node_venv_lib_python3_12_site-packages_PyQt6_Qt6_qml_QtQuick3D_Physics_designer --> node_venv_lib_python3_12_site-packages_PyQt6_Qt6_qml_QtQuick3D_Physics_designer_images["images"]\n    node_venv_lib_python3_12_site-packages_PyQt6_Qt6_qml_QtQuick3D_Physics_designer_images --> node_venv_lib_python3_12_site-packages_PyQt6_Qt6_qml_QtQuick3D_Physics_designer_images_sphereshape_png["sphereshape.png"]\n    Root --> node_venv["venv"]\n    node_venv --> node_venv_lib["lib"]\n    node_venv_lib --> node_venv_lib_python3_12["python3.12"]\n    node_venv_lib_python3_12 --> node_venv_lib_python3_12_site-packages["site-packages"]\n    node_venv_lib_python3_12_site-packages --> node_venv_lib_python3_12_site-packages_PyQt6["PyQt6"]\n    node_venv_lib_python3_12_site-packages_PyQt6 --> node_venv_lib_python3_12_site-packages_PyQt6_Qt6["Qt6"]\n    node_venv_lib_python3_12_site-packages_PyQt6_Qt6 --> node_venv_lib_python3_12_site-packages_PyQt6_Qt6_qml["qml"]\n    node_venv_lib_python3_12_site-packages_PyQt6_Qt6_qml --> node_venv_lib_python3_12_site-packages_PyQt6_Qt6_qml_QtQuick3D["QtQuick3D"]\n    node_venv_lib_python3_12_site-packages_PyQt6_Qt6_qml_QtQuick3D --> node_venv_lib_python3_12_site-packages_PyQt6_Qt6_qml_QtQuick3D_Physics["Physics"]\n    node_venv_lib_python3_12_site-packages_PyQt6_Qt6_qml_QtQuick3D_Physics --> node_venv_lib_python3_12_site-packages_PyQt6_Qt6_qml_QtQuick3D_Physics_designer["designer"]\n    node_venv_lib_python3_12_site-packages_PyQt6_Qt6_qml_QtQuick3D_Physics_designer --> node_venv_lib_python3_12_site-packages_PyQt6_Qt6_qml_QtQuick3D_Physics_designer_images["images"]\n    node_venv_lib_python3_12_site-packages_PyQt6_Qt6_qml_QtQuick3D_Physics_designer_images --> node_venv_lib_python3_12_site-packages_PyQt6_Qt6_qml_QtQuick3D_Physics_designer_images_sphereshape16_png["sphereshape16.png"]\n    Root --> node_venv["venv"]\n    node_venv --> node_venv_lib["lib"]\n    node_venv_lib --> node_venv_lib_python3_12["python3.12"]\n    node_venv_lib_python3_12 --> node_venv_lib_python3_12_site-packages["site-packages"]\n    node_venv_lib_python3_12_site-packages --> node_venv_lib_python3_12_site-packages_PyQt6["PyQt6"]\n    node_venv_lib_python3_12_site-packages_PyQt6 --> node_venv_lib_python3_12_site-packages_PyQt6_Qt6["Qt6"]\n    node_venv_lib_python3_12_site-packages_PyQt6_Qt6 --> node_venv_lib_python3_12_site-packages_PyQt6_Qt6_qml["qml"]\n    node_venv_lib_python3_12_site-packages_PyQt6_Qt6_qml --> node_venv_lib_python3_12_site-packages_PyQt6_Qt6_qml_QtQuick3D["QtQuick3D"]\n    node_venv_lib_python3_12_site-packages_PyQt6_Qt6_qml_QtQuick3D --> node_venv_lib_python3_12_site-packages_PyQt6_Qt6_qml_QtQuick3D_Physics["Physics"]\n    node_venv_lib_python3_12_site-packages_PyQt6_Qt6_qml_QtQuick3D_Physics --> node_venv_lib_python3_12_site-packages_PyQt6_Qt6_qml_QtQuick3D_Physics_designer["designer"]\n    node_venv_lib_python3_12_site-packages_PyQt6_Qt6_qml_QtQuick3D_Physics_designer --> node_venv_lib_python3_12_site-packages_PyQt6_Qt6_qml_QtQuick3D_Physics_designer_images["images"]\n    node_venv_lib_python3_12_site-packages_PyQt6_Qt6_qml_QtQuick3D_Physics_designer_images --> node_venv_lib_python3_12_site-packages_PyQt6_Qt6_qml_QtQuick3D_Physics_designer_images_sphereshape@2x_png["sphereshape@2x.png"]\n    Root --> node_venv["venv"]\n    node_venv --> node_venv_lib["lib"]\n    node_venv_lib --> node_venv_lib_python3_12["python3.12"]\n    node_venv_lib_python3_12 --> node_venv_lib_python3_12_site-packages["site-packages"]\n    node_venv_lib_python3_12_site-packages --> node_venv_lib_python3_12_site-packages_PyQt6["PyQt6"]\n    node_venv_lib_python3_12_site-packages_PyQt6 --> node_venv_lib_python3_12_site-packages_PyQt6_Qt6["Qt6"]\n    node_venv_lib_python3_12_site-packages_PyQt6_Qt6 --> node_venv_lib_python3_12_site-packages_PyQt6_Qt6_qml["qml"]\n    node_venv_lib_python3_12_site-packages_PyQt6_Qt6_qml --> node_venv_lib_python3_12_site-packages_PyQt6_Qt6_qml_QtQuick3D["QtQuick3D"]\n    node_venv_lib_python3_12_site-packages_PyQt6_Qt6_qml_QtQuick3D --> node_venv_lib_python3_12_site-packages_PyQt6_Qt6_qml_QtQuick3D_Physics["Physics"]\n    node_venv_lib_python3_12_site-packages_PyQt6_Qt6_qml_QtQuick3D_Physics --> node_venv_lib_python3_12_site-packages_PyQt6_Qt6_qml_QtQuick3D_Physics_designer["designer"]\n    node_venv_lib_python3_12_site-packages_PyQt6_Qt6_qml_QtQuick3D_Physics_designer --> node_venv_lib_python3_12_site-packages_PyQt6_Qt6_qml_QtQuick3D_Physics_designer_images["images"]\n    node_venv_lib_python3_12_site-packages_PyQt6_Qt6_qml_QtQuick3D_Physics_designer_images --> node_venv_lib_python3_12_site-packages_PyQt6_Qt6_qml_QtQuick3D_Physics_designer_images_staticrigidbody_png["staticrigidbody.png"]\n    Root --> node_venv["venv"]\n    node_venv --> node_venv_lib["lib"]\n    node_venv_lib --> node_venv_lib_python3_12["python3.12"]\n    node_venv_lib_python3_12 --> node_venv_lib_python3_12_site-packages["site-packages"]\n    node_venv_lib_python3_12_site-packages --> node_venv_lib_python3_12_site-packages_PyQt6["PyQt6"]\n    node_venv_lib_python3_12_site-packages_PyQt6 --> node_venv_lib_python3_12_site-packages_PyQt6_Qt6["Qt6"]\n    node_venv_lib_python3_12_site-packages_PyQt6_Qt6 --> node_venv_lib_python3_12_site-packages_PyQt6_Qt6_qml["qml"]\n    node_venv_lib_python3_12_site-packages_PyQt6_Qt6_qml --> node_venv_lib_python3_12_site-packages_PyQt6_Qt6_qml_QtQuick3D["QtQuick3D"]\n    node_venv_lib_python3_12_site-packages_PyQt6_Qt6_qml_QtQuick3D --> node_venv_lib_python3_12_site-packages_PyQt6_Qt6_qml_QtQuick3D_Physics["Physics"]\n    node_venv_lib_python3_12_site-packages_PyQt6_Qt6_qml_QtQuick3D_Physics --> node_venv_lib_python3_12_site-packages_PyQt6_Qt6_qml_QtQuick3D_Physics_designer["designer"]\n    node_venv_lib_python3_12_site-packages_PyQt6_Qt6_qml_QtQuick3D_Physics_designer --> node_venv_lib_python3_12_site-packages_PyQt6_Qt6_qml_QtQuick3D_Physics_designer_images["images"]\n    node_venv_lib_python3_12_site-packages_PyQt6_Qt6_qml_QtQuick3D_Physics_designer_images --> node_venv_lib_python3_12_site-packages_PyQt6_Qt6_qml_QtQuick3D_Physics_designer_images_staticrigidbody16_png["staticrigidbody16.png"]\n    Root --> node_venv["venv"]\n    node_venv --> node_venv_lib["lib"]\n    node_venv_lib --> node_venv_lib_python3_12["python3.12"]\n    node_venv_lib_python3_12 --> node_venv_lib_python3_12_site-packages["site-packages"]\n    node_venv_lib_python3_12_site-packages --> node_venv_lib_python3_12_site-packages_PyQt6["PyQt6"]\n    node_venv_lib_python3_12_site-packages_PyQt6 --> node_venv_lib_python3_12_site-packages_PyQt6_Qt6["Qt6"]\n    node_venv_lib_python3_12_site-packages_PyQt6_Qt6 --> node_venv_lib_python3_12_site-packages_PyQt6_Qt6_qml["qml"]\n    node_venv_lib_python3_12_site-packages_PyQt6_Qt6_qml --> node_venv_lib_python3_12_site-packages_PyQt6_Qt6_qml_QtQuick3D["QtQuick3D"]\n    node_venv_lib_python3_12_site-packages_PyQt6_Qt6_qml_QtQuick3D --> node_venv_lib_python3_12_site-packages_PyQt6_Qt6_qml_QtQuick3D_Physics["Physics"]\n    node_venv_lib_python3_12_site-packages_PyQt6_Qt6_qml_QtQuick3D_Physics --> node_venv_lib_python3_12_site-packages_PyQt6_Qt6_qml_QtQuick3D_Physics_designer["designer"]\n    node_venv_lib_python3_12_site-packages_PyQt6_Qt6_qml_QtQuick3D_Physics_designer --> node_venv_lib_python3_12_site-packages_PyQt6_Qt6_qml_QtQuick3D_Physics_designer_images["images"]\n    node_venv_lib_python3_12_site-packages_PyQt6_Qt6_qml_QtQuick3D_Physics_designer_images --> node_venv_lib_python3_12_site-packages_PyQt6_Qt6_qml_QtQuick3D_Physics_designer_images_staticrigidbody@2x_png["staticrigidbody@2x.png"]\n    Root --> node_venv["venv"]\n    node_venv --> node_venv_lib["lib"]\n    node_venv_lib --> node_venv_lib_python3_12["python3.12"]\n    node_venv_lib_python3_12 --> node_venv_lib_python3_12_site-packages["site-packages"]\n    node_venv_lib_python3_12_site-packages --> node_venv_lib_python3_12_site-packages_PyQt6["PyQt6"]\n    node_venv_lib_python3_12_site-packages_PyQt6 --> node_venv_lib_python3_12_site-packages_PyQt6_Qt6["Qt6"]\n    node_venv_lib_python3_12_site-packages_PyQt6_Qt6 --> node_venv_lib_python3_12_site-packages_PyQt6_Qt6_qml["qml"]\n    node_venv_lib_python3_12_site-packages_PyQt6_Qt6_qml --> node_venv_lib_python3_12_site-packages_PyQt6_Qt6_qml_QtQuick3D["QtQuick3D"]\n    node_venv_lib_python3_12_site-packages_PyQt6_Qt6_qml_QtQuick3D --> node_venv_lib_python3_12_site-packages_PyQt6_Qt6_qml_QtQuick3D_Physics["Physics"]\n    node_venv_lib_python3_12_site-packages_PyQt6_Qt6_qml_QtQuick3D_Physics --> node_venv_lib_python3_12_site-packages_PyQt6_Qt6_qml_QtQuick3D_Physics_designer["designer"]\n    node_venv_lib_python3_12_site-packages_PyQt6_Qt6_qml_QtQuick3D_Physics_designer --> node_venv_lib_python3_12_site-packages_PyQt6_Qt6_qml_QtQuick3D_Physics_designer_images["images"]\n    node_venv_lib_python3_12_site-packages_PyQt6_Qt6_qml_QtQuick3D_Physics_designer_images --> node_venv_lib_python3_12_site-packages_PyQt6_Qt6_qml_QtQuick3D_Physics_designer_images_trianglemeshshape_png["trianglemeshshape.png"]\n    Root --> node_venv["venv"]\n    node_venv --> node_venv_lib["lib"]\n    node_venv_lib --> node_venv_lib_python3_12["python3.12"]\n    node_venv_lib_python3_12 --> node_venv_lib_python3_12_site-packages["site-packages"]\n    node_venv_lib_python3_12_site-packages --> node_venv_lib_python3_12_site-packages_PyQt6["PyQt6"]\n    node_venv_lib_python3_12_site-packages_PyQt6 --> node_venv_lib_python3_12_site-packages_PyQt6_Qt6["Qt6"]\n    node_venv_lib_python3_12_site-packages_PyQt6_Qt6 --> node_venv_lib_python3_12_site-packages_PyQt6_Qt6_qml["qml"]\n    node_venv_lib_python3_12_site-packages_PyQt6_Qt6_qml --> node_venv_lib_python3_12_site-packages_PyQt6_Qt6_qml_QtQuick3D["QtQuick3D"]\n    node_venv_lib_python3_12_site-packages_PyQt6_Qt6_qml_QtQuick3D --> node_venv_lib_python3_12_site-packages_PyQt6_Qt6_qml_QtQuick3D_Physics["Physics"]\n    node_venv_lib_python3_12_site-packages_PyQt6_Qt6_qml_QtQuick3D_Physics --> node_venv_lib_python3_12_site-packages_PyQt6_Qt6_qml_QtQuick3D_Physics_designer["designer"]\n    node_venv_lib_python3_12_site-packages_PyQt6_Qt6_qml_QtQuick3D_Physics_designer --> node_venv_lib_python3_12_site-packages_PyQt6_Qt6_qml_QtQuick3D_Physics_designer_images["images"]\n    node_venv_lib_python3_12_site-packages_PyQt6_Qt6_qml_QtQuick3D_Physics_designer_images --> node_venv_lib_python3_12_site-packages_PyQt6_Qt6_qml_QtQuick3D_Physics_designer_images_trianglemeshshape16_png["trianglemeshshape16.png"]\n    Root --> node_venv["venv"]\n    node_venv --> node_venv_lib["lib"]\n    node_venv_lib --> node_venv_lib_python3_12["python3.12"]\n    node_venv_lib_python3_12 --> node_venv_lib_python3_12_site-packages["site-packages"]\n    node_venv_lib_python3_12_site-packages --> node_venv_lib_python3_12_site-packages_PyQt6["PyQt6"]\n    node_venv_lib_python3_12_site-packages_PyQt6 --> node_venv_lib_python3_12_site-packages_PyQt6_Qt6["Qt6"]\n    node_venv_lib_python3_12_site-packages_PyQt6_Qt6 --> node_venv_lib_python3_12_site-packages_PyQt6_Qt6_qml["qml"]\n    node_venv_lib_python3_12_site-packages_PyQt6_Qt6_qml --> node_venv_lib_python3_12_site-packages_PyQt6_Qt6_qml_QtQuick3D["QtQuick3D"]\n    node_venv_lib_python3_12_site-packages_PyQt6_Qt6_qml_QtQuick3D --> node_venv_lib_python3_12_site-packages_PyQt6_Qt6_qml_QtQuick3D_Physics["Physics"]\n    node_venv_lib_python3_12_site-packages_PyQt6_Qt6_qml_QtQuick3D_Physics --> node_venv_lib_python3_12_site-packages_PyQt6_Qt6_qml_QtQuick3D_Physics_designer["designer"]\n    node_venv_lib_python3_12_site-packages_PyQt6_Qt6_qml_QtQuick3D_Physics_designer --> node_venv_lib_python3_12_site-packages_PyQt6_Qt6_qml_QtQuick3D_Physics_designer_images["images"]\n    node_venv_lib_python3_12_site-packages_PyQt6_Qt6_qml_QtQuick3D_Physics_designer_images --> node_venv_lib_python3_12_site-packages_PyQt6_Qt6_qml_QtQuick3D_Physics_designer_images_trianglemeshshape@2x_png["trianglemeshshape@2x.png"]\n    Root --> node_venv["venv"]\n    node_venv --> node_venv_lib["lib"]\n    node_venv_lib --> node_venv_lib_python3_12["python3.12"]\n    node_venv_lib_python3_12 --> node_venv_lib_python3_12_site-packages["site-packages"]\n    node_venv_lib_python3_12_site-packages --> node_venv_lib_python3_12_site-packages_PyQt6["PyQt6"]\n    node_venv_lib_python3_12_site-packages_PyQt6 --> node_venv_lib_python3_12_site-packages_PyQt6_Qt6["Qt6"]\n    node_venv_lib_python3_12_site-packages_PyQt6_Qt6 --> node_venv_lib_python3_12_site-packages_PyQt6_Qt6_qml["qml"]\n    node_venv_lib_python3_12_site-packages_PyQt6_Qt6_qml --> node_venv_lib_python3_12_site-packages_PyQt6_Qt6_qml_QtQuick3D["QtQuick3D"]\n    node_venv_lib_python3_12_site-packages_PyQt6_Qt6_qml_QtQuick3D --> node_venv_lib_python3_12_site-packages_PyQt6_Qt6_qml_QtQuick3D_Physics["Physics"]\n    node_venv_lib_python3_12_site-packages_PyQt6_Qt6_qml_QtQuick3D_Physics --> node_venv_lib_python3_12_site-packages_PyQt6_Qt6_qml_QtQuick3D_Physics_designer["designer"]\n    node_venv_lib_python3_12_site-packages_PyQt6_Qt6_qml_QtQuick3D_Physics_designer --> node_venv_lib_python3_12_site-packages_PyQt6_Qt6_qml_QtQuick3D_Physics_designer_images["images"]\n    node_venv_lib_python3_12_site-packages_PyQt6_Qt6_qml_QtQuick3D_Physics_designer_images --> node_venv_lib_python3_12_site-packages_PyQt6_Qt6_qml_QtQuick3D_Physics_designer_images_triggerbody_png["triggerbody.png"]\n    Root --> node_venv["venv"]\n    node_venv --> node_venv_lib["lib"]\n    node_venv_lib --> node_venv_lib_python3_12["python3.12"]\n    node_venv_lib_python3_12 --> node_venv_lib_python3_12_site-packages["site-packages"]\n    node_venv_lib_python3_12_site-packages --> node_venv_lib_python3_12_site-packages_PyQt6["PyQt6"]\n    node_venv_lib_python3_12_site-packages_PyQt6 --> node_venv_lib_python3_12_site-packages_PyQt6_Qt6["Qt6"]\n    node_venv_lib_python3_12_site-packages_PyQt6_Qt6 --> node_venv_lib_python3_12_site-packages_PyQt6_Qt6_qml["qml"]\n    node_venv_lib_python3_12_site-packages_PyQt6_Qt6_qml --> node_venv_lib_python3_12_site-packages_PyQt6_Qt6_qml_QtQuick3D["QtQuick3D"]\n    node_venv_lib_python3_12_site-packages_PyQt6_Qt6_qml_QtQuick3D --> node_venv_lib_python3_12_site-packages_PyQt6_Qt6_qml_QtQuick3D_Physics["Physics"]\n    node_venv_lib_python3_12_site-packages_PyQt6_Qt6_qml_QtQuick3D_Physics --> node_venv_lib_python3_12_site-packages_PyQt6_Qt6_qml_QtQuick3D_Physics_designer["designer"]\n    node_venv_lib_python3_12_site-packages_PyQt6_Qt6_qml_QtQuick3D_Physics_designer --> node_venv_lib_python3_12_site-packages_PyQt6_Qt6_qml_QtQuick3D_Physics_designer_images["images"]\n    node_venv_lib_python3_12_site-packages_PyQt6_Qt6_qml_QtQuick3D_Physics_designer_images --> node_venv_lib_python3_12_site-packages_PyQt6_Qt6_qml_QtQuick3D_Physics_designer_images_triggerbody16_png["triggerbody16.png"]\n    Root --> node_venv["venv"]\n    node_venv --> node_venv_lib["lib"]\n    node_venv_lib --> node_venv_lib_python3_12["python3.12"]\n    node_venv_lib_python3_12 --> node_venv_lib_python3_12_site-packages["site-packages"]\n    node_venv_lib_python3_12_site-packages --> node_venv_lib_python3_12_site-packages_PyQt6["PyQt6"]\n    node_venv_lib_python3_12_site-packages_PyQt6 --> node_venv_lib_python3_12_site-packages_PyQt6_Qt6["Qt6"]\n    node_venv_lib_python3_12_site-packages_PyQt6_Qt6 --> node_venv_lib_python3_12_site-packages_PyQt6_Qt6_qml["qml"]\n    node_venv_lib_python3_12_site-packages_PyQt6_Qt6_qml --> node_venv_lib_python3_12_site-packages_PyQt6_Qt6_qml_QtQuick3D["QtQuick3D"]\n    node_venv_lib_python3_12_site-packages_PyQt6_Qt6_qml_QtQuick3D --> node_venv_lib_python3_12_site-packages_PyQt6_Qt6_qml_QtQuick3D_Physics["Physics"]\n    node_venv_lib_python3_12_site-packages_PyQt6_Qt6_qml_QtQuick3D_Physics --> node_venv_lib_python3_12_site-packages_PyQt6_Qt6_qml_QtQuick3D_Physics_designer["designer"]\n    node_venv_lib_python3_12_site-packages_PyQt6_Qt6_qml_QtQuick3D_Physics_designer --> node_venv_lib_python3_12_site-packages_PyQt6_Qt6_qml_QtQuick3D_Physics_designer_images["images"]\n    node_venv_lib_python3_12_site-packages_PyQt6_Qt6_qml_QtQuick3D_Physics_designer_images --> node_venv_lib_python3_12_site-packages_PyQt6_Qt6_qml_QtQuick3D_Physics_designer_images_triggerbody@2x_png["triggerbody@2x.png"]\n    Root --> node_venv["venv"]\n    node_venv --> node_venv_lib["lib"]\n    node_venv_lib --> node_venv_lib_python3_12["python3.12"]\n    node_venv_lib_python3_12 --> node_venv_lib_python3_12_site-packages["site-packages"]\n    node_venv_lib_python3_12_site-packages --> node_venv_lib_python3_12_site-packages_PyQt6["PyQt6"]\n    node_venv_lib_python3_12_site-packages_PyQt6 --> node_venv_lib_python3_12_site-packages_PyQt6_Qt6["Qt6"]\n    node_venv_lib_python3_12_site-packages_PyQt6_Qt6 --> node_venv_lib_python3_12_site-packages_PyQt6_Qt6_qml["qml"]\n    node_venv_lib_python3_12_site-packages_PyQt6_Qt6_qml --> node_venv_lib_python3_12_site-packages_PyQt6_Qt6_qml_QtQuick3D["QtQuick3D"]\n    node_venv_lib_python3_12_site-packages_PyQt6_Qt6_qml_QtQuick3D --> node_venv_lib_python3_12_site-packages_PyQt6_Qt6_qml_QtQuick3D_Physics["Physics"]\n    node_venv_lib_python3_12_site-packages_PyQt6_Qt6_qml_QtQuick3D_Physics --> node_venv_lib_python3_12_site-packages_PyQt6_Qt6_qml_QtQuick3D_Physics_Helpers["Helpers"]\n    node_venv_lib_python3_12_site-packages_PyQt6_Qt6_qml_QtQuick3D_Physics_Helpers --> node_venv_lib_python3_12_site-packages_PyQt6_Qt6_qml_QtQuick3D_Physics_Helpers_libqtquick3dphysicshelpersplugin_dylib["libqtquick3dphysicshelpersplugin.dylib"]\n    Root --> node_venv["venv"]\n    node_venv --> node_venv_lib["lib"]\n    node_venv_lib --> node_venv_lib_python3_12["python3.12"]\n    node_venv_lib_python3_12 --> node_venv_lib_python3_12_site-packages["site-packages"]\n    node_venv_lib_python3_12_site-packages --> node_venv_lib_python3_12_site-packages_PyQt6["PyQt6"]\n    node_venv_lib_python3_12_site-packages_PyQt6 --> node_venv_lib_python3_12_site-packages_PyQt6_Qt6["Qt6"]\n    node_venv_lib_python3_12_site-packages_PyQt6_Qt6 --> node_venv_lib_python3_12_site-packages_PyQt6_Qt6_qml["qml"]\n    node_venv_lib_python3_12_site-packages_PyQt6_Qt6_qml --> node_venv_lib_python3_12_site-packages_PyQt6_Qt6_qml_QtQuick3D["QtQuick3D"]\n    node_venv_lib_python3_12_site-packages_PyQt6_Qt6_qml_QtQuick3D --> node_venv_lib_python3_12_site-packages_PyQt6_Qt6_qml_QtQuick3D_Physics["Physics"]\n    node_venv_lib_python3_12_site-packages_PyQt6_Qt6_qml_QtQuick3D_Physics --> node_venv_lib_python3_12_site-packages_PyQt6_Qt6_qml_QtQuick3D_Physics_Helpers["Helpers"]\n    node_venv_lib_python3_12_site-packages_PyQt6_Qt6_qml_QtQuick3D_Physics_Helpers --> node_venv_lib_python3_12_site-packages_PyQt6_Qt6_qml_QtQuick3D_Physics_Helpers_plugins_qmltypes["plugins.qmltypes"]\n    Root --> node_venv["venv"]\n    node_venv --> node_venv_lib["lib"]\n    node_venv_lib --> node_venv_lib_python3_12["python3.12"]\n    node_venv_lib_python3_12 --> node_venv_lib_python3_12_site-packages["site-packages"]\n    node_venv_lib_python3_12_site-packages --> node_venv_lib_python3_12_site-packages_PyQt6["PyQt6"]\n    node_venv_lib_python3_12_site-packages_PyQt6 --> node_venv_lib_python3_12_site-packages_PyQt6_Qt6["Qt6"]\n    node_venv_lib_python3_12_site-packages_PyQt6_Qt6 --> node_venv_lib_python3_12_site-packages_PyQt6_Qt6_qml["qml"]\n    node_venv_lib_python3_12_site-packages_PyQt6_Qt6_qml --> node_venv_lib_python3_12_site-packages_PyQt6_Qt6_qml_QtQuick3D["QtQuick3D"]\n    node_venv_lib_python3_12_site-packages_PyQt6_Qt6_qml_QtQuick3D --> node_venv_lib_python3_12_site-packages_PyQt6_Qt6_qml_QtQuick3D_Physics["Physics"]\n    node_venv_lib_python3_12_site-packages_PyQt6_Qt6_qml_QtQuick3D_Physics --> node_venv_lib_python3_12_site-packages_PyQt6_Qt6_qml_QtQuick3D_Physics_Helpers["Helpers"]\n    node_venv_lib_python3_12_site-packages_PyQt6_Qt6_qml_QtQuick3D_Physics_Helpers --> node_venv_lib_python3_12_site-packages_PyQt6_Qt6_qml_QtQuick3D_Physics_Helpers_qmldir["qmldir"]\n    Root --> node_venv["venv"]\n    node_venv --> node_venv_lib["lib"]\n    node_venv_lib --> node_venv_lib_python3_12["python3.12"]\n    node_venv_lib_python3_12 --> node_venv_lib_python3_12_site-packages["site-packages"]\n    node_venv_lib_python3_12_site-packages --> node_venv_lib_python3_12_site-packages_PyQt6["PyQt6"]\n    node_venv_lib_python3_12_site-packages_PyQt6 --> node_venv_lib_python3_12_site-packages_PyQt6_Qt6["Qt6"]\n    node_venv_lib_python3_12_site-packages_PyQt6_Qt6 --> node_venv_lib_python3_12_site-packages_PyQt6_Qt6_qml["qml"]\n    node_venv_lib_python3_12_site-packages_PyQt6_Qt6_qml --> node_venv_lib_python3_12_site-packages_PyQt6_Qt6_qml_QtQuick3D["QtQuick3D"]\n    node_venv_lib_python3_12_site-packages_PyQt6_Qt6_qml_QtQuick3D --> node_venv_lib_python3_12_site-packages_PyQt6_Qt6_qml_QtQuick3D_Effects["Effects"]\n    node_venv_lib_python3_12_site-packages_PyQt6_Qt6_qml_QtQuick3D_Effects --> node_venv_lib_python3_12_site-packages_PyQt6_Qt6_qml_QtQuick3D_Effects_AdditiveColorGradient_qml["AdditiveColorGradient.qml"]\n    Root --> node_venv["venv"]\n    node_venv --> node_venv_lib["lib"]\n    node_venv_lib --> node_venv_lib_python3_12["python3.12"]\n    node_venv_lib_python3_12 --> node_venv_lib_python3_12_site-packages["site-packages"]\n    node_venv_lib_python3_12_site-packages --> node_venv_lib_python3_12_site-packages_PyQt6["PyQt6"]\n    node_venv_lib_python3_12_site-packages_PyQt6 --> node_venv_lib_python3_12_site-packages_PyQt6_Qt6["Qt6"]\n    node_venv_lib_python3_12_site-packages_PyQt6_Qt6 --> node_venv_lib_python3_12_site-packages_PyQt6_Qt6_qml["qml"]\n    node_venv_lib_python3_12_site-packages_PyQt6_Qt6_qml --> node_venv_lib_python3_12_site-packages_PyQt6_Qt6_qml_QtQuick3D["QtQuick3D"]\n    node_venv_lib_python3_12_site-packages_PyQt6_Qt6_qml_QtQuick3D --> node_venv_lib_python3_12_site-packages_PyQt6_Qt6_qml_QtQuick3D_Effects["Effects"]\n    node_venv_lib_python3_12_site-packages_PyQt6_Qt6_qml_QtQuick3D_Effects --> node_venv_lib_python3_12_site-packages_PyQt6_Qt6_qml_QtQuick3D_Effects_Blur_qml["Blur.qml"]\n    Root --> node_venv["venv"]\n    node_venv --> node_venv_lib["lib"]\n    node_venv_lib --> node_venv_lib_python3_12["python3.12"]\n    node_venv_lib_python3_12 --> node_venv_lib_python3_12_site-packages["site-packages"]\n    node_venv_lib_python3_12_site-packages --> node_venv_lib_python3_12_site-packages_PyQt6["PyQt6"]\n    node_venv_lib_python3_12_site-packages_PyQt6 --> node_venv_lib_python3_12_site-packages_PyQt6_Qt6["Qt6"]\n    node_venv_lib_python3_12_site-packages_PyQt6_Qt6 --> node_venv_lib_python3_12_site-packages_PyQt6_Qt6_qml["qml"]\n    node_venv_lib_python3_12_site-packages_PyQt6_Qt6_qml --> node_venv_lib_python3_12_site-packages_PyQt6_Qt6_qml_QtQuick3D["QtQuick3D"]\n    node_venv_lib_python3_12_site-packages_PyQt6_Qt6_qml_QtQuick3D --> node_venv_lib_python3_12_site-packages_PyQt6_Qt6_qml_QtQuick3D_Effects["Effects"]\n    node_venv_lib_python3_12_site-packages_PyQt6_Qt6_qml_QtQuick3D_Effects --> node_venv_lib_python3_12_site-packages_PyQt6_Qt6_qml_QtQuick3D_Effects_BrushStrokes_qml["BrushStrokes.qml"]\n    Root --> node_venv["venv"]\n    node_venv --> node_venv_lib["lib"]\n    node_venv_lib --> node_venv_lib_python3_12["python3.12"]\n    node_venv_lib_python3_12 --> node_venv_lib_python3_12_site-packages["site-packages"]\n    node_venv_lib_python3_12_site-packages --> node_venv_lib_python3_12_site-packages_PyQt6["PyQt6"]\n    node_venv_lib_python3_12_site-packages_PyQt6 --> node_venv_lib_python3_12_site-packages_PyQt6_Qt6["Qt6"]\n    node_venv_lib_python3_12_site-packages_PyQt6_Qt6 --> node_venv_lib_python3_12_site-packages_PyQt6_Qt6_qml["qml"]\n    node_venv_lib_python3_12_site-packages_PyQt6_Qt6_qml --> node_venv_lib_python3_12_site-packages_PyQt6_Qt6_qml_QtQuick3D["QtQuick3D"]\n    node_venv_lib_python3_12_site-packages_PyQt6_Qt6_qml_QtQuick3D --> node_venv_lib_python3_12_site-packages_PyQt6_Qt6_qml_QtQuick3D_Effects["Effects"]\n    node_venv_lib_python3_12_site-packages_PyQt6_Qt6_qml_QtQuick3D_Effects --> node_venv_lib_python3_12_site-packages_PyQt6_Qt6_qml_QtQuick3D_Effects_ChromaticAberration_qml["ChromaticAberration.qml"]\n    Root --> node_venv["venv"]\n    node_venv --> node_venv_lib["lib"]\n    node_venv_lib --> node_venv_lib_python3_12["python3.12"]\n    node_venv_lib_python3_12 --> node_venv_lib_python3_12_site-packages["site-packages"]\n    node_venv_lib_python3_12_site-packages --> node_venv_lib_python3_12_site-packages_PyQt6["PyQt6"]\n    node_venv_lib_python3_12_site-packages_PyQt6 --> node_venv_lib_python3_12_site-packages_PyQt6_Qt6["Qt6"]\n    node_venv_lib_python3_12_site-packages_PyQt6_Qt6 --> node_venv_lib_python3_12_site-packages_PyQt6_Qt6_qml["qml"]\n    node_venv_lib_python3_12_site-packages_PyQt6_Qt6_qml --> node_venv_lib_python3_12_site-packages_PyQt6_Qt6_qml_QtQuick3D["QtQuick3D"]\n    node_venv_lib_python3_12_site-packages_PyQt6_Qt6_qml_QtQuick3D --> node_venv_lib_python3_12_site-packages_PyQt6_Qt6_qml_QtQuick3D_Effects["Effects"]\n    node_venv_lib_python3_12_site-packages_PyQt6_Qt6_qml_QtQuick3D_Effects --> node_venv_lib_python3_12_site-packages_PyQt6_Qt6_qml_QtQuick3D_Effects_ColorMaster_qml["ColorMaster.qml"]\n    Root --> node_venv["venv"]\n    node_venv --> node_venv_lib["lib"]\n    node_venv_lib --> node_venv_lib_python3_12["python3.12"]\n    node_venv_lib_python3_12 --> node_venv_lib_python3_12_site-packages["site-packages"]\n    node_venv_lib_python3_12_site-packages --> node_venv_lib_python3_12_site-packages_PyQt6["PyQt6"]\n    node_venv_lib_python3_12_site-packages_PyQt6 --> node_venv_lib_python3_12_site-packages_PyQt6_Qt6["Qt6"]\n    node_venv_lib_python3_12_site-packages_PyQt6_Qt6 --> node_venv_lib_python3_12_site-packages_PyQt6_Qt6_qml["qml"]\n    node_venv_lib_python3_12_site-packages_PyQt6_Qt6_qml --> node_venv_lib_python3_12_site-packages_PyQt6_Qt6_qml_QtQuick3D["QtQuick3D"]\n    node_venv_lib_python3_12_site-packages_PyQt6_Qt6_qml_QtQuick3D --> node_venv_lib_python3_12_site-packages_PyQt6_Qt6_qml_QtQuick3D_Effects["Effects"]\n    node_venv_lib_python3_12_site-packages_PyQt6_Qt6_qml_QtQuick3D_Effects --> node_venv_lib_python3_12_site-packages_PyQt6_Qt6_qml_QtQuick3D_Effects_DepthOfFieldHQBlur_qml["DepthOfFieldHQBlur.qml"]\n    Root --> node_venv["venv"]\n    node_venv --> node_venv_lib["lib"]\n    node_venv_lib --> node_venv_lib_python3_12["python3.12"]\n    node_venv_lib_python3_12 --> node_venv_lib_python3_12_site-packages["site-packages"]\n    node_venv_lib_python3_12_site-packages --> node_venv_lib_python3_12_site-packages_PyQt6["PyQt6"]\n    node_venv_lib_python3_12_site-packages_PyQt6 --> node_venv_lib_python3_12_site-packages_PyQt6_Qt6["Qt6"]\n    node_venv_lib_python3_12_site-packages_PyQt6_Qt6 --> node_venv_lib_python3_12_site-packages_PyQt6_Qt6_qml["qml"]\n    node_venv_lib_python3_12_site-packages_PyQt6_Qt6_qml --> node_venv_lib_python3_12_site-packages_PyQt6_Qt6_qml_QtQuick3D["QtQuick3D"]\n    node_venv_lib_python3_12_site-packages_PyQt6_Qt6_qml_QtQuick3D --> node_venv_lib_python3_12_site-packages_PyQt6_Qt6_qml_QtQuick3D_Effects["Effects"]\n    node_venv_lib_python3_12_site-packages_PyQt6_Qt6_qml_QtQuick3D_Effects --> node_venv_lib_python3_12_site-packages_PyQt6_Qt6_qml_QtQuick3D_Effects_Desaturate_qml["Desaturate.qml"]\n    Root --> node_venv["venv"]\n    node_venv --> node_venv_lib["lib"]\n    node_venv_lib --> node_venv_lib_python3_12["python3.12"]\n    node_venv_lib_python3_12 --> node_venv_lib_python3_12_site-packages["site-packages"]\n    node_venv_lib_python3_12_site-packages --> node_venv_lib_python3_12_site-packages_PyQt6["PyQt6"]\n    node_venv_lib_python3_12_site-packages_PyQt6 --> node_venv_lib_python3_12_site-packages_PyQt6_Qt6["Qt6"]\n    node_venv_lib_python3_12_site-packages_PyQt6_Qt6 --> node_venv_lib_python3_12_site-packages_PyQt6_Qt6_qml["qml"]\n    node_venv_lib_python3_12_site-packages_PyQt6_Qt6_qml --> node_venv_lib_python3_12_site-packages_PyQt6_Qt6_qml_QtQuick3D["QtQuick3D"]\n    node_venv_lib_python3_12_site-packages_PyQt6_Qt6_qml_QtQuick3D --> node_venv_lib_python3_12_site-packages_PyQt6_Qt6_qml_QtQuick3D_Effects["Effects"]\n    node_venv_lib_python3_12_site-packages_PyQt6_Qt6_qml_QtQuick3D_Effects --> node_venv_lib_python3_12_site-packages_PyQt6_Qt6_qml_QtQuick3D_Effects_DistortionRipple_qml["DistortionRipple.qml"]\n    Root --> node_venv["venv"]\n    node_venv --> node_venv_lib["lib"]\n    node_venv_lib --> node_venv_lib_python3_12["python3.12"]\n    node_venv_lib_python3_12 --> node_venv_lib_python3_12_site-packages["site-packages"]\n    node_venv_lib_python3_12_site-packages --> node_venv_lib_python3_12_site-packages_PyQt6["PyQt6"]\n    node_venv_lib_python3_12_site-packages_PyQt6 --> node_venv_lib_python3_12_site-packages_PyQt6_Qt6["Qt6"]\n    node_venv_lib_python3_12_site-packages_PyQt6_Qt6 --> node_venv_lib_python3_12_site-packages_PyQt6_Qt6_qml["qml"]\n    node_venv_lib_python3_12_site-packages_PyQt6_Qt6_qml --> node_venv_lib_python3_12_site-packages_PyQt6_Qt6_qml_QtQuick3D["QtQuick3D"]\n    node_venv_lib_python3_12_site-packages_PyQt6_Qt6_qml_QtQuick3D --> node_venv_lib_python3_12_site-packages_PyQt6_Qt6_qml_QtQuick3D_Effects["Effects"]\n    node_venv_lib_python3_12_site-packages_PyQt6_Qt6_qml_QtQuick3D_Effects --> node_venv_lib_python3_12_site-packages_PyQt6_Qt6_qml_QtQuick3D_Effects_DistortionSphere_qml["DistortionSphere.qml"]\n    Root --> node_venv["venv"]\n    node_venv --> node_venv_lib["lib"]\n    node_venv_lib --> node_venv_lib_python3_12["python3.12"]\n    node_venv_lib_python3_12 --> node_venv_lib_python3_12_site-packages["site-packages"]\n    node_venv_lib_python3_12_site-packages --> node_venv_lib_python3_12_site-packages_PyQt6["PyQt6"]\n    node_venv_lib_python3_12_site-packages_PyQt6 --> node_venv_lib_python3_12_site-packages_PyQt6_Qt6["Qt6"]\n    node_venv_lib_python3_12_site-packages_PyQt6_Qt6 --> node_venv_lib_python3_12_site-packages_PyQt6_Qt6_qml["qml"]\n    node_venv_lib_python3_12_site-packages_PyQt6_Qt6_qml --> node_venv_lib_python3_12_site-packages_PyQt6_Qt6_qml_QtQuick3D["QtQuick3D"]\n    node_venv_lib_python3_12_site-packages_PyQt6_Qt6_qml_QtQuick3D --> node_venv_lib_python3_12_site-packages_PyQt6_Qt6_qml_QtQuick3D_Effects["Effects"]\n    node_venv_lib_python3_12_site-packages_PyQt6_Qt6_qml_QtQuick3D_Effects --> node_venv_lib_python3_12_site-packages_PyQt6_Qt6_qml_QtQuick3D_Effects_DistortionSpiral_qml["DistortionSpiral.qml"]\n    Root --> node_venv["venv"]\n    node_venv --> node_venv_lib["lib"]\n    node_venv_lib --> node_venv_lib_python3_12["python3.12"]\n    node_venv_lib_python3_12 --> node_venv_lib_python3_12_site-packages["site-packages"]\n    node_venv_lib_python3_12_site-packages --> node_venv_lib_python3_12_site-packages_PyQt6["PyQt6"]\n    node_venv_lib_python3_12_site-packages_PyQt6 --> node_venv_lib_python3_12_site-packages_PyQt6_Qt6["Qt6"]\n    node_venv_lib_python3_12_site-packages_PyQt6_Qt6 --> node_venv_lib_python3_12_site-packages_PyQt6_Qt6_qml["qml"]\n    node_venv_lib_python3_12_site-packages_PyQt6_Qt6_qml --> node_venv_lib_python3_12_site-packages_PyQt6_Qt6_qml_QtQuick3D["QtQuick3D"]\n    node_venv_lib_python3_12_site-packages_PyQt6_Qt6_qml_QtQuick3D --> node_venv_lib_python3_12_site-packages_PyQt6_Qt6_qml_QtQuick3D_Effects["Effects"]\n    node_venv_lib_python3_12_site-packages_PyQt6_Qt6_qml_QtQuick3D_Effects --> node_venv_lib_python3_12_site-packages_PyQt6_Qt6_qml_QtQuick3D_Effects_EdgeDetect_qml["EdgeDetect.qml"]\n    Root --> node_venv["venv"]\n    node_venv --> node_venv_lib["lib"]\n    node_venv_lib --> node_venv_lib_python3_12["python3.12"]\n    node_venv_lib_python3_12 --> node_venv_lib_python3_12_site-packages["site-packages"]\n    node_venv_lib_python3_12_site-packages --> node_venv_lib_python3_12_site-packages_PyQt6["PyQt6"]\n    node_venv_lib_python3_12_site-packages_PyQt6 --> node_venv_lib_python3_12_site-packages_PyQt6_Qt6["Qt6"]\n    node_venv_lib_python3_12_site-packages_PyQt6_Qt6 --> node_venv_lib_python3_12_site-packages_PyQt6_Qt6_qml["qml"]\n    node_venv_lib_python3_12_site-packages_PyQt6_Qt6_qml --> node_venv_lib_python3_12_site-packages_PyQt6_Qt6_qml_QtQuick3D["QtQuick3D"]\n    node_venv_lib_python3_12_site-packages_PyQt6_Qt6_qml_QtQuick3D --> node_venv_lib_python3_12_site-packages_PyQt6_Qt6_qml_QtQuick3D_Effects["Effects"]\n    node_venv_lib_python3_12_site-packages_PyQt6_Qt6_qml_QtQuick3D_Effects --> node_venv_lib_python3_12_site-packages_PyQt6_Qt6_qml_QtQuick3D_Effects_Emboss_qml["Emboss.qml"]\n    Root --> node_venv["venv"]\n    node_venv --> node_venv_lib["lib"]\n    node_venv_lib --> node_venv_lib_python3_12["python3.12"]\n    node_venv_lib_python3_12 --> node_venv_lib_python3_12_site-packages["site-packages"]\n    node_venv_lib_python3_12_site-packages --> node_venv_lib_python3_12_site-packages_PyQt6["PyQt6"]\n    node_venv_lib_python3_12_site-packages_PyQt6 --> node_venv_lib_python3_12_site-packages_PyQt6_Qt6["Qt6"]\n    node_venv_lib_python3_12_site-packages_PyQt6_Qt6 --> node_venv_lib_python3_12_site-packages_PyQt6_Qt6_qml["qml"]\n    node_venv_lib_python3_12_site-packages_PyQt6_Qt6_qml --> node_venv_lib_python3_12_site-packages_PyQt6_Qt6_qml_QtQuick3D["QtQuick3D"]\n    node_venv_lib_python3_12_site-packages_PyQt6_Qt6_qml_QtQuick3D --> node_venv_lib_python3_12_site-packages_PyQt6_Qt6_qml_QtQuick3D_Effects["Effects"]\n    node_venv_lib_python3_12_site-packages_PyQt6_Qt6_qml_QtQuick3D_Effects --> node_venv_lib_python3_12_site-packages_PyQt6_Qt6_qml_QtQuick3D_Effects_Flip_qml["Flip.qml"]\n    Root --> node_venv["venv"]\n    node_venv --> node_venv_lib["lib"]\n    node_venv_lib --> node_venv_lib_python3_12["python3.12"]\n    node_venv_lib_python3_12 --> node_venv_lib_python3_12_site-packages["site-packages"]\n    node_venv_lib_python3_12_site-packages --> node_venv_lib_python3_12_site-packages_PyQt6["PyQt6"]\n    node_venv_lib_python3_12_site-packages_PyQt6 --> node_venv_lib_python3_12_site-packages_PyQt6_Qt6["Qt6"]\n    node_venv_lib_python3_12_site-packages_PyQt6_Qt6 --> node_venv_lib_python3_12_site-packages_PyQt6_Qt6_qml["qml"]\n    node_venv_lib_python3_12_site-packages_PyQt6_Qt6_qml --> node_venv_lib_python3_12_site-packages_PyQt6_Qt6_qml_QtQuick3D["QtQuick3D"]\n    node_venv_lib_python3_12_site-packages_PyQt6_Qt6_qml_QtQuick3D --> node_venv_lib_python3_12_site-packages_PyQt6_Qt6_qml_QtQuick3D_Effects["Effects"]\n    node_venv_lib_python3_12_site-packages_PyQt6_Qt6_qml_QtQuick3D_Effects --> node_venv_lib_python3_12_site-packages_PyQt6_Qt6_qml_QtQuick3D_Effects_Fxaa_qml["Fxaa.qml"]\n    Root --> node_venv["venv"]\n    node_venv --> node_venv_lib["lib"]\n    node_venv_lib --> node_venv_lib_python3_12["python3.12"]\n    node_venv_lib_python3_12 --> node_venv_lib_python3_12_site-packages["site-packages"]\n    node_venv_lib_python3_12_site-packages --> node_venv_lib_python3_12_site-packages_PyQt6["PyQt6"]\n    node_venv_lib_python3_12_site-packages_PyQt6 --> node_venv_lib_python3_12_site-packages_PyQt6_Qt6["Qt6"]\n    node_venv_lib_python3_12_site-packages_PyQt6_Qt6 --> node_venv_lib_python3_12_site-packages_PyQt6_Qt6_qml["qml"]\n    node_venv_lib_python3_12_site-packages_PyQt6_Qt6_qml --> node_venv_lib_python3_12_site-packages_PyQt6_Qt6_qml_QtQuick3D["QtQuick3D"]\n    node_venv_lib_python3_12_site-packages_PyQt6_Qt6_qml_QtQuick3D --> node_venv_lib_python3_12_site-packages_PyQt6_Qt6_qml_QtQuick3D_Effects["Effects"]\n    node_venv_lib_python3_12_site-packages_PyQt6_Qt6_qml_QtQuick3D_Effects --> node_venv_lib_python3_12_site-packages_PyQt6_Qt6_qml_QtQuick3D_Effects_GaussianBlur_qml["GaussianBlur.qml"]\n    Root --> node_venv["venv"]\n    node_venv --> node_venv_lib["lib"]\n    node_venv_lib --> node_venv_lib_python3_12["python3.12"]\n    node_venv_lib_python3_12 --> node_venv_lib_python3_12_site-packages["site-packages"]\n    node_venv_lib_python3_12_site-packages --> node_venv_lib_python3_12_site-packages_PyQt6["PyQt6"]\n    node_venv_lib_python3_12_site-packages_PyQt6 --> node_venv_lib_python3_12_site-packages_PyQt6_Qt6["Qt6"]\n    node_venv_lib_python3_12_site-packages_PyQt6_Qt6 --> node_venv_lib_python3_12_site-packages_PyQt6_Qt6_qml["qml"]\n    node_venv_lib_python3_12_site-packages_PyQt6_Qt6_qml --> node_venv_lib_python3_12_site-packages_PyQt6_Qt6_qml_QtQuick3D["QtQuick3D"]\n    node_venv_lib_python3_12_site-packages_PyQt6_Qt6_qml_QtQuick3D --> node_venv_lib_python3_12_site-packages_PyQt6_Qt6_qml_QtQuick3D_Effects["Effects"]\n    node_venv_lib_python3_12_site-packages_PyQt6_Qt6_qml_QtQuick3D_Effects --> node_venv_lib_python3_12_site-packages_PyQt6_Qt6_qml_QtQuick3D_Effects_HDRBloomTonemap_qml["HDRBloomTonemap.qml"]\n    Root --> node_venv["venv"]\n    node_venv --> node_venv_lib["lib"]\n    node_venv_lib --> node_venv_lib_python3_12["python3.12"]\n    node_venv_lib_python3_12 --> node_venv_lib_python3_12_site-packages["site-packages"]\n    node_venv_lib_python3_12_site-packages --> node_venv_lib_python3_12_site-packages_PyQt6["PyQt6"]\n    node_venv_lib_python3_12_site-packages_PyQt6 --> node_venv_lib_python3_12_site-packages_PyQt6_Qt6["Qt6"]\n    node_venv_lib_python3_12_site-packages_PyQt6_Qt6 --> node_venv_lib_python3_12_site-packages_PyQt6_Qt6_qml["qml"]\n    node_venv_lib_python3_12_site-packages_PyQt6_Qt6_qml --> node_venv_lib_python3_12_site-packages_PyQt6_Qt6_qml_QtQuick3D["QtQuick3D"]\n    node_venv_lib_python3_12_site-packages_PyQt6_Qt6_qml_QtQuick3D --> node_venv_lib_python3_12_site-packages_PyQt6_Qt6_qml_QtQuick3D_Effects["Effects"]\n    node_venv_lib_python3_12_site-packages_PyQt6_Qt6_qml_QtQuick3D_Effects --> node_venv_lib_python3_12_site-packages_PyQt6_Qt6_qml_QtQuick3D_Effects_MotionBlur_qml["MotionBlur.qml"]\n    Root --> node_venv["venv"]\n    node_venv --> node_venv_lib["lib"]\n    node_venv_lib --> node_venv_lib_python3_12["python3.12"]\n    node_venv_lib_python3_12 --> node_venv_lib_python3_12_site-packages["site-packages"]\n    node_venv_lib_python3_12_site-packages --> node_venv_lib_python3_12_site-packages_PyQt6["PyQt6"]\n    node_venv_lib_python3_12_site-packages_PyQt6 --> node_venv_lib_python3_12_site-packages_PyQt6_Qt6["Qt6"]\n    node_venv_lib_python3_12_site-packages_PyQt6_Qt6 --> node_venv_lib_python3_12_site-packages_PyQt6_Qt6_qml["qml"]\n    node_venv_lib_python3_12_site-packages_PyQt6_Qt6_qml --> node_venv_lib_python3_12_site-packages_PyQt6_Qt6_qml_QtQuick3D["QtQuick3D"]\n    node_venv_lib_python3_12_site-packages_PyQt6_Qt6_qml_QtQuick3D --> node_venv_lib_python3_12_site-packages_PyQt6_Qt6_qml_QtQuick3D_Effects["Effects"]\n    node_venv_lib_python3_12_site-packages_PyQt6_Qt6_qml_QtQuick3D_Effects --> node_venv_lib_python3_12_site-packages_PyQt6_Qt6_qml_QtQuick3D_Effects_Quick3DEffects_qmltypes["Quick3DEffects.qmltypes"]\n    Root --> node_venv["venv"]\n    node_venv --> node_venv_lib["lib"]\n    node_venv_lib --> node_venv_lib_python3_12["python3.12"]\n    node_venv_lib_python3_12 --> node_venv_lib_python3_12_site-packages["site-packages"]\n    node_venv_lib_python3_12_site-packages --> node_venv_lib_python3_12_site-packages_PyQt6["PyQt6"]\n    node_venv_lib_python3_12_site-packages_PyQt6 --> node_venv_lib_python3_12_site-packages_PyQt6_Qt6["Qt6"]\n    node_venv_lib_python3_12_site-packages_PyQt6_Qt6 --> node_venv_lib_python3_12_site-packages_PyQt6_Qt6_qml["qml"]\n    node_venv_lib_python3_12_site-packages_PyQt6_Qt6_qml --> node_venv_lib_python3_12_site-packages_PyQt6_Qt6_qml_QtQuick3D["QtQuick3D"]\n    node_venv_lib_python3_12_site-packages_PyQt6_Qt6_qml_QtQuick3D --> node_venv_lib_python3_12_site-packages_PyQt6_Qt6_qml_QtQuick3D_Effects["Effects"]\n    node_venv_lib_python3_12_site-packages_PyQt6_Qt6_qml_QtQuick3D_Effects --> node_venv_lib_python3_12_site-packages_PyQt6_Qt6_qml_QtQuick3D_Effects_SCurveTonemap_qml["SCurveTonemap.qml"]\n    Root --> node_venv["venv"]\n    node_venv --> node_venv_lib["lib"]\n    node_venv_lib --> node_venv_lib_python3_12["python3.12"]\n    node_venv_lib_python3_12 --> node_venv_lib_python3_12_site-packages["site-packages"]\n    node_venv_lib_python3_12_site-packages --> node_venv_lib_python3_12_site-packages_PyQt6["PyQt6"]\n    node_venv_lib_python3_12_site-packages_PyQt6 --> node_venv_lib_python3_12_site-packages_PyQt6_Qt6["Qt6"]\n    node_venv_lib_python3_12_site-packages_PyQt6_Qt6 --> node_venv_lib_python3_12_site-packages_PyQt6_Qt6_qml["qml"]\n    node_venv_lib_python3_12_site-packages_PyQt6_Qt6_qml --> node_venv_lib_python3_12_site-packages_PyQt6_Qt6_qml_QtQuick3D["QtQuick3D"]\n    node_venv_lib_python3_12_site-packages_PyQt6_Qt6_qml_QtQuick3D --> node_venv_lib_python3_12_site-packages_PyQt6_Qt6_qml_QtQuick3D_Effects["Effects"]\n    node_venv_lib_python3_12_site-packages_PyQt6_Qt6_qml_QtQuick3D_Effects --> node_venv_lib_python3_12_site-packages_PyQt6_Qt6_qml_QtQuick3D_Effects_Scatter_qml["Scatter.qml"]\n    Root --> node_venv["venv"]\n    node_venv --> node_venv_lib["lib"]\n    node_venv_lib --> node_venv_lib_python3_12["python3.12"]\n    node_venv_lib_python3_12 --> node_venv_lib_python3_12_site-packages["site-packages"]\n    node_venv_lib_python3_12_site-packages --> node_venv_lib_python3_12_site-packages_PyQt6["PyQt6"]\n    node_venv_lib_python3_12_site-packages_PyQt6 --> node_venv_lib_python3_12_site-packages_PyQt6_Qt6["Qt6"]\n    node_venv_lib_python3_12_site-packages_PyQt6_Qt6 --> node_venv_lib_python3_12_site-packages_PyQt6_Qt6_qml["qml"]\n    node_venv_lib_python3_12_site-packages_PyQt6_Qt6_qml --> node_venv_lib_python3_12_site-packages_PyQt6_Qt6_qml_QtQuick3D["QtQuick3D"]\n    node_venv_lib_python3_12_site-packages_PyQt6_Qt6_qml_QtQuick3D --> node_venv_lib_python3_12_site-packages_PyQt6_Qt6_qml_QtQuick3D_Effects["Effects"]\n    node_venv_lib_python3_12_site-packages_PyQt6_Qt6_qml_QtQuick3D_Effects --> node_venv_lib_python3_12_site-packages_PyQt6_Qt6_qml_QtQuick3D_Effects_TiltShift_qml["TiltShift.qml"]\n    Root --> node_venv["venv"]\n    node_venv --> node_venv_lib["lib"]\n    node_venv_lib --> node_venv_lib_python3_12["python3.12"]\n    node_venv_lib_python3_12 --> node_venv_lib_python3_12_site-packages["site-packages"]\n    node_venv_lib_python3_12_site-packages --> node_venv_lib_python3_12_site-packages_PyQt6["PyQt6"]\n    node_venv_lib_python3_12_site-packages_PyQt6 --> node_venv_lib_python3_12_site-packages_PyQt6_Qt6["Qt6"]\n    node_venv_lib_python3_12_site-packages_PyQt6_Qt6 --> node_venv_lib_python3_12_site-packages_PyQt6_Qt6_qml["qml"]\n    node_venv_lib_python3_12_site-packages_PyQt6_Qt6_qml --> node_venv_lib_python3_12_site-packages_PyQt6_Qt6_qml_QtQuick3D["QtQuick3D"]\n    node_venv_lib_python3_12_site-packages_PyQt6_Qt6_qml_QtQuick3D --> node_venv_lib_python3_12_site-packages_PyQt6_Qt6_qml_QtQuick3D_Effects["Effects"]\n    node_venv_lib_python3_12_site-packages_PyQt6_Qt6_qml_QtQuick3D_Effects --> node_venv_lib_python3_12_site-packages_PyQt6_Qt6_qml_QtQuick3D_Effects_Vignette_qml["Vignette.qml"]\n    Root --> node_venv["venv"]\n    node_venv --> node_venv_lib["lib"]\n    node_venv_lib --> node_venv_lib_python3_12["python3.12"]\n    node_venv_lib_python3_12 --> node_venv_lib_python3_12_site-packages["site-packages"]\n    node_venv_lib_python3_12_site-packages --> node_venv_lib_python3_12_site-packages_PyQt6["PyQt6"]\n    node_venv_lib_python3_12_site-packages_PyQt6 --> node_venv_lib_python3_12_site-packages_PyQt6_Qt6["Qt6"]\n    node_venv_lib_python3_12_site-packages_PyQt6_Qt6 --> node_venv_lib_python3_12_site-packages_PyQt6_Qt6_qml["qml"]\n    node_venv_lib_python3_12_site-packages_PyQt6_Qt6_qml --> node_venv_lib_python3_12_site-packages_PyQt6_Qt6_qml_QtQuick3D["QtQuick3D"]\n    node_venv_lib_python3_12_site-packages_PyQt6_Qt6_qml_QtQuick3D --> node_venv_lib_python3_12_site-packages_PyQt6_Qt6_qml_QtQuick3D_Effects["Effects"]\n    node_venv_lib_python3_12_site-packages_PyQt6_Qt6_qml_QtQuick3D_Effects --> node_venv_lib_python3_12_site-packages_PyQt6_Qt6_qml_QtQuick3D_Effects_libqtquick3deffectplugin_dylib["libqtquick3deffectplugin.dylib"]\n    Root --> node_venv["venv"]\n    node_venv --> node_venv_lib["lib"]\n    node_venv_lib --> node_venv_lib_python3_12["python3.12"]\n    node_venv_lib_python3_12 --> node_venv_lib_python3_12_site-packages["site-packages"]\n    node_venv_lib_python3_12_site-packages --> node_venv_lib_python3_12_site-packages_PyQt6["PyQt6"]\n    node_venv_lib_python3_12_site-packages_PyQt6 --> node_venv_lib_python3_12_site-packages_PyQt6_Qt6["Qt6"]\n    node_venv_lib_python3_12_site-packages_PyQt6_Qt6 --> node_venv_lib_python3_12_site-packages_PyQt6_Qt6_qml["qml"]\n    node_venv_lib_python3_12_site-packages_PyQt6_Qt6_qml --> node_venv_lib_python3_12_site-packages_PyQt6_Qt6_qml_QtQuick3D["QtQuick3D"]\n    node_venv_lib_python3_12_site-packages_PyQt6_Qt6_qml_QtQuick3D --> node_venv_lib_python3_12_site-packages_PyQt6_Qt6_qml_QtQuick3D_Effects["Effects"]\n    node_venv_lib_python3_12_site-packages_PyQt6_Qt6_qml_QtQuick3D_Effects --> node_venv_lib_python3_12_site-packages_PyQt6_Qt6_qml_QtQuick3D_Effects_qmldir["qmldir"]\n    Root --> node_venv["venv"]\n    node_venv --> node_venv_lib["lib"]\n    node_venv_lib --> node_venv_lib_python3_12["python3.12"]\n    node_venv_lib_python3_12 --> node_venv_lib_python3_12_site-packages["site-packages"]\n    node_venv_lib_python3_12_site-packages --> node_venv_lib_python3_12_site-packages_PyQt6["PyQt6"]\n    node_venv_lib_python3_12_site-packages_PyQt6 --> node_venv_lib_python3_12_site-packages_PyQt6_Qt6["Qt6"]\n    node_venv_lib_python3_12_site-packages_PyQt6_Qt6 --> node_venv_lib_python3_12_site-packages_PyQt6_Qt6_qml["qml"]\n    node_venv_lib_python3_12_site-packages_PyQt6_Qt6_qml --> node_venv_lib_python3_12_site-packages_PyQt6_Qt6_qml_QtQuick3D["QtQuick3D"]\n    node_venv_lib_python3_12_site-packages_PyQt6_Qt6_qml_QtQuick3D --> node_venv_lib_python3_12_site-packages_PyQt6_Qt6_qml_QtQuick3D_Effects["Effects"]\n    node_venv_lib_python3_12_site-packages_PyQt6_Qt6_qml_QtQuick3D_Effects --> node_venv_lib_python3_12_site-packages_PyQt6_Qt6_qml_QtQuick3D_Effects_designer["designer"]\n    node_venv_lib_python3_12_site-packages_PyQt6_Qt6_qml_QtQuick3D_Effects_designer --> node_venv_lib_python3_12_site-packages_PyQt6_Qt6_qml_QtQuick3D_Effects_designer_AdditiveColorGradientSection_qml["AdditiveColorGradientSection.qml"]\n    Root --> node_venv["venv"]\n    node_venv --> node_venv_lib["lib"]\n    node_venv_lib --> node_venv_lib_python3_12["python3.12"]\n    node_venv_lib_python3_12 --> node_venv_lib_python3_12_site-packages["site-packages"]\n    node_venv_lib_python3_12_site-packages --> node_venv_lib_python3_12_site-packages_PyQt6["PyQt6"]\n    node_venv_lib_python3_12_site-packages_PyQt6 --> node_venv_lib_python3_12_site-packages_PyQt6_Qt6["Qt6"]\n    node_venv_lib_python3_12_site-packages_PyQt6_Qt6 --> node_venv_lib_python3_12_site-packages_PyQt6_Qt6_qml["qml"]\n    node_venv_lib_python3_12_site-packages_PyQt6_Qt6_qml --> node_venv_lib_python3_12_site-packages_PyQt6_Qt6_qml_QtQuick3D["QtQuick3D"]\n    node_venv_lib_python3_12_site-packages_PyQt6_Qt6_qml_QtQuick3D --> node_venv_lib_python3_12_site-packages_PyQt6_Qt6_qml_QtQuick3D_Effects["Effects"]\n    node_venv_lib_python3_12_site-packages_PyQt6_Qt6_qml_QtQuick3D_Effects --> node_venv_lib_python3_12_site-packages_PyQt6_Qt6_qml_QtQuick3D_Effects_designer["designer"]\n    node_venv_lib_python3_12_site-packages_PyQt6_Qt6_qml_QtQuick3D_Effects_designer --> node_venv_lib_python3_12_site-packages_PyQt6_Qt6_qml_QtQuick3D_Effects_designer_AdditiveColorGradientSpecifics_qml["AdditiveColorGradientSpecifics.qml"]\n    Root --> node_venv["venv"]\n    node_venv --> node_venv_lib["lib"]\n    node_venv_lib --> node_venv_lib_python3_12["python3.12"]\n    node_venv_lib_python3_12 --> node_venv_lib_python3_12_site-packages["site-packages"]\n    node_venv_lib_python3_12_site-packages --> node_venv_lib_python3_12_site-packages_PyQt6["PyQt6"]\n    node_venv_lib_python3_12_site-packages_PyQt6 --> node_venv_lib_python3_12_site-packages_PyQt6_Qt6["Qt6"]\n    node_venv_lib_python3_12_site-packages_PyQt6_Qt6 --> node_venv_lib_python3_12_site-packages_PyQt6_Qt6_qml["qml"]\n    node_venv_lib_python3_12_site-packages_PyQt6_Qt6_qml --> node_venv_lib_python3_12_site-packages_PyQt6_Qt6_qml_QtQuick3D["QtQuick3D"]\n    node_venv_lib_python3_12_site-packages_PyQt6_Qt6_qml_QtQuick3D --> node_venv_lib_python3_12_site-packages_PyQt6_Qt6_qml_QtQuick3D_Effects["Effects"]\n    node_venv_lib_python3_12_site-packages_PyQt6_Qt6_qml_QtQuick3D_Effects --> node_venv_lib_python3_12_site-packages_PyQt6_Qt6_qml_QtQuick3D_Effects_designer["designer"]\n    node_venv_lib_python3_12_site-packages_PyQt6_Qt6_qml_QtQuick3D_Effects_designer --> node_venv_lib_python3_12_site-packages_PyQt6_Qt6_qml_QtQuick3D_Effects_designer_BlurSection_qml["BlurSection.qml"]\n    Root --> node_venv["venv"]\n    node_venv --> node_venv_lib["lib"]\n    node_venv_lib --> node_venv_lib_python3_12["python3.12"]\n    node_venv_lib_python3_12 --> node_venv_lib_python3_12_site-packages["site-packages"]\n    node_venv_lib_python3_12_site-packages --> node_venv_lib_python3_12_site-packages_PyQt6["PyQt6"]\n    node_venv_lib_python3_12_site-packages_PyQt6 --> node_venv_lib_python3_12_site-packages_PyQt6_Qt6["Qt6"]\n    node_venv_lib_python3_12_site-packages_PyQt6_Qt6 --> node_venv_lib_python3_12_site-packages_PyQt6_Qt6_qml["qml"]\n    node_venv_lib_python3_12_site-packages_PyQt6_Qt6_qml --> node_venv_lib_python3_12_site-packages_PyQt6_Qt6_qml_QtQuick3D["QtQuick3D"]\n    node_venv_lib_python3_12_site-packages_PyQt6_Qt6_qml_QtQuick3D --> node_venv_lib_python3_12_site-packages_PyQt6_Qt6_qml_QtQuick3D_Effects["Effects"]\n    node_venv_lib_python3_12_site-packages_PyQt6_Qt6_qml_QtQuick3D_Effects --> node_venv_lib_python3_12_site-packages_PyQt6_Qt6_qml_QtQuick3D_Effects_designer["designer"]\n    node_venv_lib_python3_12_site-packages_PyQt6_Qt6_qml_QtQuick3D_Effects_designer --> node_venv_lib_python3_12_site-packages_PyQt6_Qt6_qml_QtQuick3D_Effects_designer_BlurSpecifics_qml["BlurSpecifics.qml"]\n    Root --> node_venv["venv"]\n    node_venv --> node_venv_lib["lib"]\n    node_venv_lib --> node_venv_lib_python3_12["python3.12"]\n    node_venv_lib_python3_12 --> node_venv_lib_python3_12_site-packages["site-packages"]\n    node_venv_lib_python3_12_site-packages --> node_venv_lib_python3_12_site-packages_PyQt6["PyQt6"]\n    node_venv_lib_python3_12_site-packages_PyQt6 --> node_venv_lib_python3_12_site-packages_PyQt6_Qt6["Qt6"]\n    node_venv_lib_python3_12_site-packages_PyQt6_Qt6 --> node_venv_lib_python3_12_site-packages_PyQt6_Qt6_qml["qml"]\n    node_venv_lib_python3_12_site-packages_PyQt6_Qt6_qml --> node_venv_lib_python3_12_site-packages_PyQt6_Qt6_qml_QtQuick3D["QtQuick3D"]\n    node_venv_lib_python3_12_site-packages_PyQt6_Qt6_qml_QtQuick3D --> node_venv_lib_python3_12_site-packages_PyQt6_Qt6_qml_QtQuick3D_Effects["Effects"]\n    node_venv_lib_python3_12_site-packages_PyQt6_Qt6_qml_QtQuick3D_Effects --> node_venv_lib_python3_12_site-packages_PyQt6_Qt6_qml_QtQuick3D_Effects_designer["designer"]\n    node_venv_lib_python3_12_site-packages_PyQt6_Qt6_qml_QtQuick3D_Effects_designer --> node_venv_lib_python3_12_site-packages_PyQt6_Qt6_qml_QtQuick3D_Effects_designer_BrushStrokesSection_qml["BrushStrokesSection.qml"]\n    Root --> node_venv["venv"]\n    node_venv --> node_venv_lib["lib"]\n    node_venv_lib --> node_venv_lib_python3_12["python3.12"]\n    node_venv_lib_python3_12 --> node_venv_lib_python3_12_site-packages["site-packages"]\n    node_venv_lib_python3_12_site-packages --> node_venv_lib_python3_12_site-packages_PyQt6["PyQt6"]\n    node_venv_lib_python3_12_site-packages_PyQt6 --> node_venv_lib_python3_12_site-packages_PyQt6_Qt6["Qt6"]\n    node_venv_lib_python3_12_site-packages_PyQt6_Qt6 --> node_venv_lib_python3_12_site-packages_PyQt6_Qt6_qml["qml"]\n    node_venv_lib_python3_12_site-packages_PyQt6_Qt6_qml --> node_venv_lib_python3_12_site-packages_PyQt6_Qt6_qml_QtQuick3D["QtQuick3D"]\n    node_venv_lib_python3_12_site-packages_PyQt6_Qt6_qml_QtQuick3D --> node_venv_lib_python3_12_site-packages_PyQt6_Qt6_qml_QtQuick3D_Effects["Effects"]\n    node_venv_lib_python3_12_site-packages_PyQt6_Qt6_qml_QtQuick3D_Effects --> node_venv_lib_python3_12_site-packages_PyQt6_Qt6_qml_QtQuick3D_Effects_designer["designer"]\n    node_venv_lib_python3_12_site-packages_PyQt6_Qt6_qml_QtQuick3D_Effects_designer --> node_venv_lib_python3_12_site-packages_PyQt6_Qt6_qml_QtQuick3D_Effects_designer_BrushStrokesSpecifics_qml["BrushStrokesSpecifics.qml"]\n    Root --> node_venv["venv"]\n    node_venv --> node_venv_lib["lib"]\n    node_venv_lib --> node_venv_lib_python3_12["python3.12"]\n    node_venv_lib_python3_12 --> node_venv_lib_python3_12_site-packages["site-packages"]\n    node_venv_lib_python3_12_site-packages --> node_venv_lib_python3_12_site-packages_PyQt6["PyQt6"]\n    node_venv_lib_python3_12_site-packages_PyQt6 --> node_venv_lib_python3_12_site-packages_PyQt6_Qt6["Qt6"]\n    node_venv_lib_python3_12_site-packages_PyQt6_Qt6 --> node_venv_lib_python3_12_site-packages_PyQt6_Qt6_qml["qml"]\n    node_venv_lib_python3_12_site-packages_PyQt6_Qt6_qml --> node_venv_lib_python3_12_site-packages_PyQt6_Qt6_qml_QtQuick3D["QtQuick3D"]\n    node_venv_lib_python3_12_site-packages_PyQt6_Qt6_qml_QtQuick3D --> node_venv_lib_python3_12_site-packages_PyQt6_Qt6_qml_QtQuick3D_Effects["Effects"]\n    node_venv_lib_python3_12_site-packages_PyQt6_Qt6_qml_QtQuick3D_Effects --> node_venv_lib_python3_12_site-packages_PyQt6_Qt6_qml_QtQuick3D_Effects_designer["designer"]\n    node_venv_lib_python3_12_site-packages_PyQt6_Qt6_qml_QtQuick3D_Effects_designer --> node_venv_lib_python3_12_site-packages_PyQt6_Qt6_qml_QtQuick3D_Effects_designer_ChromaticAberrationSection_qml["ChromaticAberrationSection.qml"]\n    Root --> node_venv["venv"]\n    node_venv --> node_venv_lib["lib"]\n    node_venv_lib --> node_venv_lib_python3_12["python3.12"]\n    node_venv_lib_python3_12 --> node_venv_lib_python3_12_site-packages["site-packages"]\n    node_venv_lib_python3_12_site-packages --> node_venv_lib_python3_12_site-packages_PyQt6["PyQt6"]\n    node_venv_lib_python3_12_site-packages_PyQt6 --> node_venv_lib_python3_12_site-packages_PyQt6_Qt6["Qt6"]\n    node_venv_lib_python3_12_site-packages_PyQt6_Qt6 --> node_venv_lib_python3_12_site-packages_PyQt6_Qt6_qml["qml"]\n    node_venv_lib_python3_12_site-packages_PyQt6_Qt6_qml --> node_venv_lib_python3_12_site-packages_PyQt6_Qt6_qml_QtQuick3D["QtQuick3D"]\n    node_venv_lib_python3_12_site-packages_PyQt6_Qt6_qml_QtQuick3D --> node_venv_lib_python3_12_site-packages_PyQt6_Qt6_qml_QtQuick3D_Effects["Effects"]\n    node_venv_lib_python3_12_site-packages_PyQt6_Qt6_qml_QtQuick3D_Effects --> node_venv_lib_python3_12_site-packages_PyQt6_Qt6_qml_QtQuick3D_Effects_designer["designer"]\n    node_venv_lib_python3_12_site-packages_PyQt6_Qt6_qml_QtQuick3D_Effects_designer --> node_venv_lib_python3_12_site-packages_PyQt6_Qt6_qml_QtQuick3D_Effects_designer_ChromaticAberrationSpecifics_qml["ChromaticAberrationSpecifics.qml"]\n    Root --> node_venv["venv"]\n    node_venv --> node_venv_lib["lib"]\n    node_venv_lib --> node_venv_lib_python3_12["python3.12"]\n    node_venv_lib_python3_12 --> node_venv_lib_python3_12_site-packages["site-packages"]\n    node_venv_lib_python3_12_site-packages --> node_venv_lib_python3_12_site-packages_PyQt6["PyQt6"]\n    node_venv_lib_python3_12_site-packages_PyQt6 --> node_venv_lib_python3_12_site-packages_PyQt6_Qt6["Qt6"]\n    node_venv_lib_python3_12_site-packages_PyQt6_Qt6 --> node_venv_lib_python3_12_site-packages_PyQt6_Qt6_qml["qml"]\n    node_venv_lib_python3_12_site-packages_PyQt6_Qt6_qml --> node_venv_lib_python3_12_site-packages_PyQt6_Qt6_qml_QtQuick3D["QtQuick3D"]\n    node_venv_lib_python3_12_site-packages_PyQt6_Qt6_qml_QtQuick3D --> node_venv_lib_python3_12_site-packages_PyQt6_Qt6_qml_QtQuick3D_Effects["Effects"]\n    node_venv_lib_python3_12_site-packages_PyQt6_Qt6_qml_QtQuick3D_Effects --> node_venv_lib_python3_12_site-packages_PyQt6_Qt6_qml_QtQuick3D_Effects_designer["designer"]\n    node_venv_lib_python3_12_site-packages_PyQt6_Qt6_qml_QtQuick3D_Effects_designer --> node_venv_lib_python3_12_site-packages_PyQt6_Qt6_qml_QtQuick3D_Effects_designer_ColorMasterSection_qml["ColorMasterSection.qml"]\n    Root --> node_venv["venv"]\n    node_venv --> node_venv_lib["lib"]\n    node_venv_lib --> node_venv_lib_python3_12["python3.12"]\n    node_venv_lib_python3_12 --> node_venv_lib_python3_12_site-packages["site-packages"]\n    node_venv_lib_python3_12_site-packages --> node_venv_lib_python3_12_site-packages_PyQt6["PyQt6"]\n    node_venv_lib_python3_12_site-packages_PyQt6 --> node_venv_lib_python3_12_site-packages_PyQt6_Qt6["Qt6"]\n    node_venv_lib_python3_12_site-packages_PyQt6_Qt6 --> node_venv_lib_python3_12_site-packages_PyQt6_Qt6_qml["qml"]\n    node_venv_lib_python3_12_site-packages_PyQt6_Qt6_qml --> node_venv_lib_python3_12_site-packages_PyQt6_Qt6_qml_QtQuick3D["QtQuick3D"]\n    node_venv_lib_python3_12_site-packages_PyQt6_Qt6_qml_QtQuick3D --> node_venv_lib_python3_12_site-packages_PyQt6_Qt6_qml_QtQuick3D_Effects["Effects"]\n    node_venv_lib_python3_12_site-packages_PyQt6_Qt6_qml_QtQuick3D_Effects --> node_venv_lib_python3_12_site-packages_PyQt6_Qt6_qml_QtQuick3D_Effects_designer["designer"]\n    node_venv_lib_python3_12_site-packages_PyQt6_Qt6_qml_QtQuick3D_Effects_designer --> node_venv_lib_python3_12_site-packages_PyQt6_Qt6_qml_QtQuick3D_Effects_designer_ColorMasterSpecifics_qml["ColorMasterSpecifics.qml"]\n    Root --> node_venv["venv"]\n    node_venv --> node_venv_lib["lib"]\n    node_venv_lib --> node_venv_lib_python3_12["python3.12"]\n    node_venv_lib_python3_12 --> node_venv_lib_python3_12_site-packages["site-packages"]\n    node_venv_lib_python3_12_site-packages --> node_venv_lib_python3_12_site-packages_PyQt6["PyQt6"]\n    node_venv_lib_python3_12_site-packages_PyQt6 --> node_venv_lib_python3_12_site-packages_PyQt6_Qt6["Qt6"]\n    node_venv_lib_python3_12_site-packages_PyQt6_Qt6 --> node_venv_lib_python3_12_site-packages_PyQt6_Qt6_qml["qml"]\n    node_venv_lib_python3_12_site-packages_PyQt6_Qt6_qml --> node_venv_lib_python3_12_site-packages_PyQt6_Qt6_qml_QtQuick3D["QtQuick3D"]\n    node_venv_lib_python3_12_site-packages_PyQt6_Qt6_qml_QtQuick3D --> node_venv_lib_python3_12_site-packages_PyQt6_Qt6_qml_QtQuick3D_Effects["Effects"]\n    node_venv_lib_python3_12_site-packages_PyQt6_Qt6_qml_QtQuick3D_Effects --> node_venv_lib_python3_12_site-packages_PyQt6_Qt6_qml_QtQuick3D_Effects_designer["designer"]\n    node_venv_lib_python3_12_site-packages_PyQt6_Qt6_qml_QtQuick3D_Effects_designer --> node_venv_lib_python3_12_site-packages_PyQt6_Qt6_qml_QtQuick3D_Effects_designer_DepthOfFieldHQBlurSection_qml["DepthOfFieldHQBlurSection.qml"]\n    Root --> node_venv["venv"]\n    node_venv --> node_venv_lib["lib"]\n    node_venv_lib --> node_venv_lib_python3_12["python3.12"]\n    node_venv_lib_python3_12 --> node_venv_lib_python3_12_site-packages["site-packages"]\n    node_venv_lib_python3_12_site-packages --> node_venv_lib_python3_12_site-packages_PyQt6["PyQt6"]\n    node_venv_lib_python3_12_site-packages_PyQt6 --> node_venv_lib_python3_12_site-packages_PyQt6_Qt6["Qt6"]\n    node_venv_lib_python3_12_site-packages_PyQt6_Qt6 --> node_venv_lib_python3_12_site-packages_PyQt6_Qt6_qml["qml"]\n    node_venv_lib_python3_12_site-packages_PyQt6_Qt6_qml --> node_venv_lib_python3_12_site-packages_PyQt6_Qt6_qml_QtQuick3D["QtQuick3D"]\n    node_venv_lib_python3_12_site-packages_PyQt6_Qt6_qml_QtQuick3D --> node_venv_lib_python3_12_site-packages_PyQt6_Qt6_qml_QtQuick3D_Effects["Effects"]\n    node_venv_lib_python3_12_site-packages_PyQt6_Qt6_qml_QtQuick3D_Effects --> node_venv_lib_python3_12_site-packages_PyQt6_Qt6_qml_QtQuick3D_Effects_designer["designer"]\n    node_venv_lib_python3_12_site-packages_PyQt6_Qt6_qml_QtQuick3D_Effects_designer --> node_venv_lib_python3_12_site-packages_PyQt6_Qt6_qml_QtQuick3D_Effects_designer_DepthOfFieldHQBlurSpecifics_qml["DepthOfFieldHQBlurSpecifics.qml"]\n    Root --> node_venv["venv"]\n    node_venv --> node_venv_lib["lib"]\n    node_venv_lib --> node_venv_lib_python3_12["python3.12"]\n    node_venv_lib_python3_12 --> node_venv_lib_python3_12_site-packages["site-packages"]\n    node_venv_lib_python3_12_site-packages --> node_venv_lib_python3_12_site-packages_PyQt6["PyQt6"]\n    node_venv_lib_python3_12_site-packages_PyQt6 --> node_venv_lib_python3_12_site-packages_PyQt6_Qt6["Qt6"]\n    node_venv_lib_python3_12_site-packages_PyQt6_Qt6 --> node_venv_lib_python3_12_site-packages_PyQt6_Qt6_qml["qml"]\n    node_venv_lib_python3_12_site-packages_PyQt6_Qt6_qml --> node_venv_lib_python3_12_site-packages_PyQt6_Qt6_qml_QtQuick3D["QtQuick3D"]\n    node_venv_lib_python3_12_site-packages_PyQt6_Qt6_qml_QtQuick3D --> node_venv_lib_python3_12_site-packages_PyQt6_Qt6_qml_QtQuick3D_Effects["Effects"]\n    node_venv_lib_python3_12_site-packages_PyQt6_Qt6_qml_QtQuick3D_Effects --> node_venv_lib_python3_12_site-packages_PyQt6_Qt6_qml_QtQuick3D_Effects_designer["designer"]\n    node_venv_lib_python3_12_site-packages_PyQt6_Qt6_qml_QtQuick3D_Effects_designer --> node_venv_lib_python3_12_site-packages_PyQt6_Qt6_qml_QtQuick3D_Effects_designer_DesaturateSection_qml["DesaturateSection.qml"]\n    Root --> node_venv["venv"]\n    node_venv --> node_venv_lib["lib"]\n    node_venv_lib --> node_venv_lib_python3_12["python3.12"]\n    node_venv_lib_python3_12 --> node_venv_lib_python3_12_site-packages["site-packages"]\n    node_venv_lib_python3_12_site-packages --> node_venv_lib_python3_12_site-packages_PyQt6["PyQt6"]\n    node_venv_lib_python3_12_site-packages_PyQt6 --> node_venv_lib_python3_12_site-packages_PyQt6_Qt6["Qt6"]\n    node_venv_lib_python3_12_site-packages_PyQt6_Qt6 --> node_venv_lib_python3_12_site-packages_PyQt6_Qt6_qml["qml"]\n    node_venv_lib_python3_12_site-packages_PyQt6_Qt6_qml --> node_venv_lib_python3_12_site-packages_PyQt6_Qt6_qml_QtQuick3D["QtQuick3D"]\n    node_venv_lib_python3_12_site-packages_PyQt6_Qt6_qml_QtQuick3D --> node_venv_lib_python3_12_site-packages_PyQt6_Qt6_qml_QtQuick3D_Effects["Effects"]\n    node_venv_lib_python3_12_site-packages_PyQt6_Qt6_qml_QtQuick3D_Effects --> node_venv_lib_python3_12_site-packages_PyQt6_Qt6_qml_QtQuick3D_Effects_designer["designer"]\n    node_venv_lib_python3_12_site-packages_PyQt6_Qt6_qml_QtQuick3D_Effects_designer --> node_venv_lib_python3_12_site-packages_PyQt6_Qt6_qml_QtQuick3D_Effects_designer_DesaturateSpecifics_qml["DesaturateSpecifics.qml"]\n    Root --> node_venv["venv"]\n    node_venv --> node_venv_lib["lib"]\n    node_venv_lib --> node_venv_lib_python3_12["python3.12"]\n    node_venv_lib_python3_12 --> node_venv_lib_python3_12_site-packages["site-packages"]\n    node_venv_lib_python3_12_site-packages --> node_venv_lib_python3_12_site-packages_PyQt6["PyQt6"]\n    node_venv_lib_python3_12_site-packages_PyQt6 --> node_venv_lib_python3_12_site-packages_PyQt6_Qt6["Qt6"]\n    node_venv_lib_python3_12_site-packages_PyQt6_Qt6 --> node_venv_lib_python3_12_site-packages_PyQt6_Qt6_qml["qml"]\n    node_venv_lib_python3_12_site-packages_PyQt6_Qt6_qml --> node_venv_lib_python3_12_site-packages_PyQt6_Qt6_qml_QtQuick3D["QtQuick3D"]\n    node_venv_lib_python3_12_site-packages_PyQt6_Qt6_qml_QtQuick3D --> node_venv_lib_python3_12_site-packages_PyQt6_Qt6_qml_QtQuick3D_Effects["Effects"]\n    node_venv_lib_python3_12_site-packages_PyQt6_Qt6_qml_QtQuick3D_Effects --> node_venv_lib_python3_12_site-packages_PyQt6_Qt6_qml_QtQuick3D_Effects_designer["designer"]\n    node_venv_lib_python3_12_site-packages_PyQt6_Qt6_qml_QtQuick3D_Effects_designer --> node_venv_lib_python3_12_site-packages_PyQt6_Qt6_qml_QtQuick3D_Effects_designer_DistortionRippleSection_qml["DistortionRippleSection.qml"]\n    Root --> node_venv["venv"]\n    node_venv --> node_venv_lib["lib"]\n    node_venv_lib --> node_venv_lib_python3_12["python3.12"]\n    node_venv_lib_python3_12 --> node_venv_lib_python3_12_site-packages["site-packages"]\n    node_venv_lib_python3_12_site-packages --> node_venv_lib_python3_12_site-packages_PyQt6["PyQt6"]\n    node_venv_lib_python3_12_site-packages_PyQt6 --> node_venv_lib_python3_12_site-packages_PyQt6_Qt6["Qt6"]\n    node_venv_lib_python3_12_site-packages_PyQt6_Qt6 --> node_venv_lib_python3_12_site-packages_PyQt6_Qt6_qml["qml"]\n    node_venv_lib_python3_12_site-packages_PyQt6_Qt6_qml --> node_venv_lib_python3_12_site-packages_PyQt6_Qt6_qml_QtQuick3D["QtQuick3D"]\n    node_venv_lib_python3_12_site-packages_PyQt6_Qt6_qml_QtQuick3D --> node_venv_lib_python3_12_site-packages_PyQt6_Qt6_qml_QtQuick3D_Effects["Effects"]\n    node_venv_lib_python3_12_site-packages_PyQt6_Qt6_qml_QtQuick3D_Effects --> node_venv_lib_python3_12_site-packages_PyQt6_Qt6_qml_QtQuick3D_Effects_designer["designer"]\n    node_venv_lib_python3_12_site-packages_PyQt6_Qt6_qml_QtQuick3D_Effects_designer --> node_venv_lib_python3_12_site-packages_PyQt6_Qt6_qml_QtQuick3D_Effects_designer_DistortionRippleSpecifics_qml["DistortionRippleSpecifics.qml"]\n    Root --> node_venv["venv"]\n    node_venv --> node_venv_lib["lib"]\n    node_venv_lib --> node_venv_lib_python3_12["python3.12"]\n    node_venv_lib_python3_12 --> node_venv_lib_python3_12_site-packages["site-packages"]\n    node_venv_lib_python3_12_site-packages --> node_venv_lib_python3_12_site-packages_PyQt6["PyQt6"]\n    node_venv_lib_python3_12_site-packages_PyQt6 --> node_venv_lib_python3_12_site-packages_PyQt6_Qt6["Qt6"]\n    node_venv_lib_python3_12_site-packages_PyQt6_Qt6 --> node_venv_lib_python3_12_site-packages_PyQt6_Qt6_qml["qml"]\n    node_venv_lib_python3_12_site-packages_PyQt6_Qt6_qml --> node_venv_lib_python3_12_site-packages_PyQt6_Qt6_qml_QtQuick3D["QtQuick3D"]\n    node_venv_lib_python3_12_site-packages_PyQt6_Qt6_qml_QtQuick3D --> node_venv_lib_python3_12_site-packages_PyQt6_Qt6_qml_QtQuick3D_Effects["Effects"]\n    node_venv_lib_python3_12_site-packages_PyQt6_Qt6_qml_QtQuick3D_Effects --> node_venv_lib_python3_12_site-packages_PyQt6_Qt6_qml_QtQuick3D_Effects_designer["designer"]\n    node_venv_lib_python3_12_site-packages_PyQt6_Qt6_qml_QtQuick3D_Effects_designer --> node_venv_lib_python3_12_site-packages_PyQt6_Qt6_qml_QtQuick3D_Effects_designer_DistortionSphereSection_qml["DistortionSphereSection.qml"]\n    Root --> node_venv["venv"]\n    node_venv --> node_venv_lib["lib"]\n    node_venv_lib --> node_venv_lib_python3_12["python3.12"]\n    node_venv_lib_python3_12 --> node_venv_lib_python3_12_site-packages["site-packages"]\n    node_venv_lib_python3_12_site-packages --> node_venv_lib_python3_12_site-packages_PyQt6["PyQt6"]\n    node_venv_lib_python3_12_site-packages_PyQt6 --> node_venv_lib_python3_12_site-packages_PyQt6_Qt6["Qt6"]\n    node_venv_lib_python3_12_site-packages_PyQt6_Qt6 --> node_venv_lib_python3_12_site-packages_PyQt6_Qt6_qml["qml"]\n    node_venv_lib_python3_12_site-packages_PyQt6_Qt6_qml --> node_venv_lib_python3_12_site-packages_PyQt6_Qt6_qml_QtQuick3D["QtQuick3D"]\n    node_venv_lib_python3_12_site-packages_PyQt6_Qt6_qml_QtQuick3D --> node_venv_lib_python3_12_site-packages_PyQt6_Qt6_qml_QtQuick3D_Effects["Effects"]\n    node_venv_lib_python3_12_site-packages_PyQt6_Qt6_qml_QtQuick3D_Effects --> node_venv_lib_python3_12_site-packages_PyQt6_Qt6_qml_QtQuick3D_Effects_designer["designer"]\n    node_venv_lib_python3_12_site-packages_PyQt6_Qt6_qml_QtQuick3D_Effects_designer --> node_venv_lib_python3_12_site-packages_PyQt6_Qt6_qml_QtQuick3D_Effects_designer_DistortionSphereSpecifics_qml["DistortionSphereSpecifics.qml"]\n    Root --> node_venv["venv"]\n    node_venv --> node_venv_lib["lib"]\n    node_venv_lib --> node_venv_lib_python3_12["python3.12"]\n    node_venv_lib_python3_12 --> node_venv_lib_python3_12_site-packages["site-packages"]\n    node_venv_lib_python3_12_site-packages --> node_venv_lib_python3_12_site-packages_PyQt6["PyQt6"]\n    node_venv_lib_python3_12_site-packages_PyQt6 --> node_venv_lib_python3_12_site-packages_PyQt6_Qt6["Qt6"]\n    node_venv_lib_python3_12_site-packages_PyQt6_Qt6 --> node_venv_lib_python3_12_site-packages_PyQt6_Qt6_qml["qml"]\n    node_venv_lib_python3_12_site-packages_PyQt6_Qt6_qml --> node_venv_lib_python3_12_site-packages_PyQt6_Qt6_qml_QtQuick3D["QtQuick3D"]\n    node_venv_lib_python3_12_site-packages_PyQt6_Qt6_qml_QtQuick3D --> node_venv_lib_python3_12_site-packages_PyQt6_Qt6_qml_QtQuick3D_Effects["Effects"]\n    node_venv_lib_python3_12_site-packages_PyQt6_Qt6_qml_QtQuick3D_Effects --> node_venv_lib_python3_12_site-packages_PyQt6_Qt6_qml_QtQuick3D_Effects_designer["designer"]\n    node_venv_lib_python3_12_site-packages_PyQt6_Qt6_qml_QtQuick3D_Effects_designer --> node_venv_lib_python3_12_site-packages_PyQt6_Qt6_qml_QtQuick3D_Effects_designer_DistortionSpiralSection_qml["DistortionSpiralSection.qml"]\n    Root --> node_venv["venv"]\n    node_venv --> node_venv_lib["lib"]\n    node_venv_lib --> node_venv_lib_python3_12["python3.12"]\n    node_venv_lib_python3_12 --> node_venv_lib_python3_12_site-packages["site-packages"]\n    node_venv_lib_python3_12_site-packages --> node_venv_lib_python3_12_site-packages_PyQt6["PyQt6"]\n    node_venv_lib_python3_12_site-packages_PyQt6 --> node_venv_lib_python3_12_site-packages_PyQt6_Qt6["Qt6"]\n    node_venv_lib_python3_12_site-packages_PyQt6_Qt6 --> node_venv_lib_python3_12_site-packages_PyQt6_Qt6_qml["qml"]\n    node_venv_lib_python3_12_site-packages_PyQt6_Qt6_qml --> node_venv_lib_python3_12_site-packages_PyQt6_Qt6_qml_QtQuick3D["QtQuick3D"]\n    node_venv_lib_python3_12_site-packages_PyQt6_Qt6_qml_QtQuick3D --> node_venv_lib_python3_12_site-packages_PyQt6_Qt6_qml_QtQuick3D_Effects["Effects"]\n    node_venv_lib_python3_12_site-packages_PyQt6_Qt6_qml_QtQuick3D_Effects --> node_venv_lib_python3_12_site-packages_PyQt6_Qt6_qml_QtQuick3D_Effects_designer["designer"]\n    node_venv_lib_python3_12_site-packages_PyQt6_Qt6_qml_QtQuick3D_Effects_designer --> node_venv_lib_python3_12_site-packages_PyQt6_Qt6_qml_QtQuick3D_Effects_designer_DistortionSpiralSpecifics_qml["DistortionSpiralSpecifics.qml"]\n    Root --> node_venv["venv"]\n    node_venv --> node_venv_lib["lib"]\n    node_venv_lib --> node_venv_lib_python3_12["python3.12"]\n    node_venv_lib_python3_12 --> node_venv_lib_python3_12_site-packages["site-packages"]\n    node_venv_lib_python3_12_site-packages --> node_venv_lib_python3_12_site-packages_PyQt6["PyQt6"]\n    node_venv_lib_python3_12_site-packages_PyQt6 --> node_venv_lib_python3_12_site-packages_PyQt6_Qt6["Qt6"]\n    node_venv_lib_python3_12_site-packages_PyQt6_Qt6 --> node_venv_lib_python3_12_site-packages_PyQt6_Qt6_qml["qml"]\n    node_venv_lib_python3_12_site-packages_PyQt6_Qt6_qml --> node_venv_lib_python3_12_site-packages_PyQt6_Qt6_qml_QtQuick3D["QtQuick3D"]\n    node_venv_lib_python3_12_site-packages_PyQt6_Qt6_qml_QtQuick3D --> node_venv_lib_python3_12_site-packages_PyQt6_Qt6_qml_QtQuick3D_Effects["Effects"]\n    node_venv_lib_python3_12_site-packages_PyQt6_Qt6_qml_QtQuick3D_Effects --> node_venv_lib_python3_12_site-packages_PyQt6_Qt6_qml_QtQuick3D_Effects_designer["designer"]\n    node_venv_lib_python3_12_site-packages_PyQt6_Qt6_qml_QtQuick3D_Effects_designer --> node_venv_lib_python3_12_site-packages_PyQt6_Qt6_qml_QtQuick3D_Effects_designer_EdgeDetectSection_qml["EdgeDetectSection.qml"]\n    Root --> node_venv["venv"]\n    node_venv --> node_venv_lib["lib"]\n    node_venv_lib --> node_venv_lib_python3_12["python3.12"]\n    node_venv_lib_python3_12 --> node_venv_lib_python3_12_site-packages["site-packages"]\n    node_venv_lib_python3_12_site-packages --> node_venv_lib_python3_12_site-packages_PyQt6["PyQt6"]\n    node_venv_lib_python3_12_site-packages_PyQt6 --> node_venv_lib_python3_12_site-packages_PyQt6_Qt6["Qt6"]\n    node_venv_lib_python3_12_site-packages_PyQt6_Qt6 --> node_venv_lib_python3_12_site-packages_PyQt6_Qt6_qml["qml"]\n    node_venv_lib_python3_12_site-packages_PyQt6_Qt6_qml --> node_venv_lib_python3_12_site-packages_PyQt6_Qt6_qml_QtQuick3D["QtQuick3D"]\n    node_venv_lib_python3_12_site-packages_PyQt6_Qt6_qml_QtQuick3D --> node_venv_lib_python3_12_site-packages_PyQt6_Qt6_qml_QtQuick3D_Effects["Effects"]\n    node_venv_lib_python3_12_site-packages_PyQt6_Qt6_qml_QtQuick3D_Effects --> node_venv_lib_python3_12_site-packages_PyQt6_Qt6_qml_QtQuick3D_Effects_designer["designer"]\n    node_venv_lib_python3_12_site-packages_PyQt6_Qt6_qml_QtQuick3D_Effects_designer --> node_venv_lib_python3_12_site-packages_PyQt6_Qt6_qml_QtQuick3D_Effects_designer_EdgeDetectSpecifics_qml["EdgeDetectSpecifics.qml"]\n    Root --> node_venv["venv"]\n    node_venv --> node_venv_lib["lib"]\n    node_venv_lib --> node_venv_lib_python3_12["python3.12"]\n    node_venv_lib_python3_12 --> node_venv_lib_python3_12_site-packages["site-packages"]\n    node_venv_lib_python3_12_site-packages --> node_venv_lib_python3_12_site-packages_PyQt6["PyQt6"]\n    node_venv_lib_python3_12_site-packages_PyQt6 --> node_venv_lib_python3_12_site-packages_PyQt6_Qt6["Qt6"]\n    node_venv_lib_python3_12_site-packages_PyQt6_Qt6 --> node_venv_lib_python3_12_site-packages_PyQt6_Qt6_qml["qml"]\n    node_venv_lib_python3_12_site-packages_PyQt6_Qt6_qml --> node_venv_lib_python3_12_site-packages_PyQt6_Qt6_qml_QtQuick3D["QtQuick3D"]\n    node_venv_lib_python3_12_site-packages_PyQt6_Qt6_qml_QtQuick3D --> node_venv_lib_python3_12_site-packages_PyQt6_Qt6_qml_QtQuick3D_Effects["Effects"]\n    node_venv_lib_python3_12_site-packages_PyQt6_Qt6_qml_QtQuick3D_Effects --> node_venv_lib_python3_12_site-packages_PyQt6_Qt6_qml_QtQuick3D_Effects_designer["designer"]\n    node_venv_lib_python3_12_site-packages_PyQt6_Qt6_qml_QtQuick3D_Effects_designer --> node_venv_lib_python3_12_site-packages_PyQt6_Qt6_qml_QtQuick3D_Effects_designer_EmbossSection_qml["EmbossSection.qml"]\n    Root --> node_venv["venv"]\n    node_venv --> node_venv_lib["lib"]\n    node_venv_lib --> node_venv_lib_python3_12["python3.12"]\n    node_venv_lib_python3_12 --> node_venv_lib_python3_12_site-packages["site-packages"]\n    node_venv_lib_python3_12_site-packages --> node_venv_lib_python3_12_site-packages_PyQt6["PyQt6"]\n    node_venv_lib_python3_12_site-packages_PyQt6 --> node_venv_lib_python3_12_site-packages_PyQt6_Qt6["Qt6"]\n    node_venv_lib_python3_12_site-packages_PyQt6_Qt6 --> node_venv_lib_python3_12_site-packages_PyQt6_Qt6_qml["qml"]\n    node_venv_lib_python3_12_site-packages_PyQt6_Qt6_qml --> node_venv_lib_python3_12_site-packages_PyQt6_Qt6_qml_QtQuick3D["QtQuick3D"]\n    node_venv_lib_python3_12_site-packages_PyQt6_Qt6_qml_QtQuick3D --> node_venv_lib_python3_12_site-packages_PyQt6_Qt6_qml_QtQuick3D_Effects["Effects"]\n    node_venv_lib_python3_12_site-packages_PyQt6_Qt6_qml_QtQuick3D_Effects --> node_venv_lib_python3_12_site-packages_PyQt6_Qt6_qml_QtQuick3D_Effects_designer["designer"]\n    node_venv_lib_python3_12_site-packages_PyQt6_Qt6_qml_QtQuick3D_Effects_designer --> node_venv_lib_python3_12_site-packages_PyQt6_Qt6_qml_QtQuick3D_Effects_designer_EmbossSpecifics_qml["EmbossSpecifics.qml"]\n    Root --> node_venv["venv"]\n    node_venv --> node_venv_lib["lib"]\n    node_venv_lib --> node_venv_lib_python3_12["python3.12"]\n    node_venv_lib_python3_12 --> node_venv_lib_python3_12_site-packages["site-packages"]\n    node_venv_lib_python3_12_site-packages --> node_venv_lib_python3_12_site-packages_PyQt6["PyQt6"]\n    node_venv_lib_python3_12_site-packages_PyQt6 --> node_venv_lib_python3_12_site-packages_PyQt6_Qt6["Qt6"]\n    node_venv_lib_python3_12_site-packages_PyQt6_Qt6 --> node_venv_lib_python3_12_site-packages_PyQt6_Qt6_qml["qml"]\n    node_venv_lib_python3_12_site-packages_PyQt6_Qt6_qml --> node_venv_lib_python3_12_site-packages_PyQt6_Qt6_qml_QtQuick3D["QtQuick3D"]\n    node_venv_lib_python3_12_site-packages_PyQt6_Qt6_qml_QtQuick3D --> node_venv_lib_python3_12_site-packages_PyQt6_Qt6_qml_QtQuick3D_Effects["Effects"]\n    node_venv_lib_python3_12_site-packages_PyQt6_Qt6_qml_QtQuick3D_Effects --> node_venv_lib_python3_12_site-packages_PyQt6_Qt6_qml_QtQuick3D_Effects_designer["designer"]\n    node_venv_lib_python3_12_site-packages_PyQt6_Qt6_qml_QtQuick3D_Effects_designer --> node_venv_lib_python3_12_site-packages_PyQt6_Qt6_qml_QtQuick3D_Effects_designer_FlipSection_qml["FlipSection.qml"]\n    Root --> node_venv["venv"]\n    node_venv --> node_venv_lib["lib"]\n    node_venv_lib --> node_venv_lib_python3_12["python3.12"]\n    node_venv_lib_python3_12 --> node_venv_lib_python3_12_site-packages["site-packages"]\n    node_venv_lib_python3_12_site-packages --> node_venv_lib_python3_12_site-packages_PyQt6["PyQt6"]\n    node_venv_lib_python3_12_site-packages_PyQt6 --> node_venv_lib_python3_12_site-packages_PyQt6_Qt6["Qt6"]\n    node_venv_lib_python3_12_site-packages_PyQt6_Qt6 --> node_venv_lib_python3_12_site-packages_PyQt6_Qt6_qml["qml"]\n    node_venv_lib_python3_12_site-packages_PyQt6_Qt6_qml --> node_venv_lib_python3_12_site-packages_PyQt6_Qt6_qml_QtQuick3D["QtQuick3D"]\n    node_venv_lib_python3_12_site-packages_PyQt6_Qt6_qml_QtQuick3D --> node_venv_lib_python3_12_site-packages_PyQt6_Qt6_qml_QtQuick3D_Effects["Effects"]\n    node_venv_lib_python3_12_site-packages_PyQt6_Qt6_qml_QtQuick3D_Effects --> node_venv_lib_python3_12_site-packages_PyQt6_Qt6_qml_QtQuick3D_Effects_designer["designer"]\n    node_venv_lib_python3_12_site-packages_PyQt6_Qt6_qml_QtQuick3D_Effects_designer --> node_venv_lib_python3_12_site-packages_PyQt6_Qt6_qml_QtQuick3D_Effects_designer_FlipSpecifics_qml["FlipSpecifics.qml"]\n    Root --> node_venv["venv"]\n    node_venv --> node_venv_lib["lib"]\n    node_venv_lib --> node_venv_lib_python3_12["python3.12"]\n    node_venv_lib_python3_12 --> node_venv_lib_python3_12_site-packages["site-packages"]\n    node_venv_lib_python3_12_site-packages --> node_venv_lib_python3_12_site-packages_PyQt6["PyQt6"]\n    node_venv_lib_python3_12_site-packages_PyQt6 --> node_venv_lib_python3_12_site-packages_PyQt6_Qt6["Qt6"]\n    node_venv_lib_python3_12_site-packages_PyQt6_Qt6 --> node_venv_lib_python3_12_site-packages_PyQt6_Qt6_qml["qml"]\n    node_venv_lib_python3_12_site-packages_PyQt6_Qt6_qml --> node_venv_lib_python3_12_site-packages_PyQt6_Qt6_qml_QtQuick3D["QtQuick3D"]\n    node_venv_lib_python3_12_site-packages_PyQt6_Qt6_qml_QtQuick3D --> node_venv_lib_python3_12_site-packages_PyQt6_Qt6_qml_QtQuick3D_Effects["Effects"]\n    node_venv_lib_python3_12_site-packages_PyQt6_Qt6_qml_QtQuick3D_Effects --> node_venv_lib_python3_12_site-packages_PyQt6_Qt6_qml_QtQuick3D_Effects_designer["designer"]\n    node_venv_lib_python3_12_site-packages_PyQt6_Qt6_qml_QtQuick3D_Effects_designer --> node_venv_lib_python3_12_site-packages_PyQt6_Qt6_qml_QtQuick3D_Effects_designer_FxaaSection_qml["FxaaSection.qml"]\n    Root --> node_venv["venv"]\n    node_venv --> node_venv_lib["lib"]\n    node_venv_lib --> node_venv_lib_python3_12["python3.12"]\n    node_venv_lib_python3_12 --> node_venv_lib_python3_12_site-packages["site-packages"]\n    node_venv_lib_python3_12_site-packages --> node_venv_lib_python3_12_site-packages_PyQt6["PyQt6"]\n    node_venv_lib_python3_12_site-packages_PyQt6 --> node_venv_lib_python3_12_site-packages_PyQt6_Qt6["Qt6"]\n    node_venv_lib_python3_12_site-packages_PyQt6_Qt6 --> node_venv_lib_python3_12_site-packages_PyQt6_Qt6_qml["qml"]\n    node_venv_lib_python3_12_site-packages_PyQt6_Qt6_qml --> node_venv_lib_python3_12_site-packages_PyQt6_Qt6_qml_QtQuick3D["QtQuick3D"]\n    node_venv_lib_python3_12_site-packages_PyQt6_Qt6_qml_QtQuick3D --> node_venv_lib_python3_12_site-packages_PyQt6_Qt6_qml_QtQuick3D_Effects["Effects"]\n    node_venv_lib_python3_12_site-packages_PyQt6_Qt6_qml_QtQuick3D_Effects --> node_venv_lib_python3_12_site-packages_PyQt6_Qt6_qml_QtQuick3D_Effects_designer["designer"]\n    node_venv_lib_python3_12_site-packages_PyQt6_Qt6_qml_QtQuick3D_Effects_designer --> node_venv_lib_python3_12_site-packages_PyQt6_Qt6_qml_QtQuick3D_Effects_designer_FxaaSpecifics_qml["FxaaSpecifics.qml"]\n    Root --> node_venv["venv"]\n    node_venv --> node_venv_lib["lib"]\n    node_venv_lib --> node_venv_lib_python3_12["python3.12"]\n    node_venv_lib_python3_12 --> node_venv_lib_python3_12_site-packages["site-packages"]\n    node_venv_lib_python3_12_site-packages --> node_venv_lib_python3_12_site-packages_PyQt6["PyQt6"]\n    node_venv_lib_python3_12_site-packages_PyQt6 --> node_venv_lib_python3_12_site-packages_PyQt6_Qt6["Qt6"]\n    node_venv_lib_python3_12_site-packages_PyQt6_Qt6 --> node_venv_lib_python3_12_site-packages_PyQt6_Qt6_qml["qml"]\n    node_venv_lib_python3_12_site-packages_PyQt6_Qt6_qml --> node_venv_lib_python3_12_site-packages_PyQt6_Qt6_qml_QtQuick3D["QtQuick3D"]\n    node_venv_lib_python3_12_site-packages_PyQt6_Qt6_qml_QtQuick3D --> node_venv_lib_python3_12_site-packages_PyQt6_Qt6_qml_QtQuick3D_Effects["Effects"]\n    node_venv_lib_python3_12_site-packages_PyQt6_Qt6_qml_QtQuick3D_Effects --> node_venv_lib_python3_12_site-packages_PyQt6_Qt6_qml_QtQuick3D_Effects_designer["designer"]\n    node_venv_lib_python3_12_site-packages_PyQt6_Qt6_qml_QtQuick3D_Effects_designer --> node_venv_lib_python3_12_site-packages_PyQt6_Qt6_qml_QtQuick3D_Effects_designer_GaussianBlurSection_qml["GaussianBlurSection.qml"]\n    Root --> node_venv["venv"]\n    node_venv --> node_venv_lib["lib"]\n    node_venv_lib --> node_venv_lib_python3_12["python3.12"]\n    node_venv_lib_python3_12 --> node_venv_lib_python3_12_site-packages["site-packages"]\n    node_venv_lib_python3_12_site-packages --> node_venv_lib_python3_12_site-packages_PyQt6["PyQt6"]\n    node_venv_lib_python3_12_site-packages_PyQt6 --> node_venv_lib_python3_12_site-packages_PyQt6_Qt6["Qt6"]\n    node_venv_lib_python3_12_site-packages_PyQt6_Qt6 --> node_venv_lib_python3_12_site-packages_PyQt6_Qt6_qml["qml"]\n    node_venv_lib_python3_12_site-packages_PyQt6_Qt6_qml --> node_venv_lib_python3_12_site-packages_PyQt6_Qt6_qml_QtQuick3D["QtQuick3D"]\n    node_venv_lib_python3_12_site-packages_PyQt6_Qt6_qml_QtQuick3D --> node_venv_lib_python3_12_site-packages_PyQt6_Qt6_qml_QtQuick3D_Effects["Effects"]\n    node_venv_lib_python3_12_site-packages_PyQt6_Qt6_qml_QtQuick3D_Effects --> node_venv_lib_python3_12_site-packages_PyQt6_Qt6_qml_QtQuick3D_Effects_designer["designer"]\n    node_venv_lib_python3_12_site-packages_PyQt6_Qt6_qml_QtQuick3D_Effects_designer --> node_venv_lib_python3_12_site-packages_PyQt6_Qt6_qml_QtQuick3D_Effects_designer_GaussianBlurSpecifics_qml["GaussianBlurSpecifics.qml"]\n    Root --> node_venv["venv"]\n    node_venv --> node_venv_lib["lib"]\n    node_venv_lib --> node_venv_lib_python3_12["python3.12"]\n    node_venv_lib_python3_12 --> node_venv_lib_python3_12_site-packages["site-packages"]\n    node_venv_lib_python3_12_site-packages --> node_venv_lib_python3_12_site-packages_PyQt6["PyQt6"]\n    node_venv_lib_python3_12_site-packages_PyQt6 --> node_venv_lib_python3_12_site-packages_PyQt6_Qt6["Qt6"]\n    node_venv_lib_python3_12_site-packages_PyQt6_Qt6 --> node_venv_lib_python3_12_site-packages_PyQt6_Qt6_qml["qml"]\n    node_venv_lib_python3_12_site-packages_PyQt6_Qt6_qml --> node_venv_lib_python3_12_site-packages_PyQt6_Qt6_qml_QtQuick3D["QtQuick3D"]\n    node_venv_lib_python3_12_site-packages_PyQt6_Qt6_qml_QtQuick3D --> node_venv_lib_python3_12_site-packages_PyQt6_Qt6_qml_QtQuick3D_Effects["Effects"]\n    node_venv_lib_python3_12_site-packages_PyQt6_Qt6_qml_QtQuick3D_Effects --> node_venv_lib_python3_12_site-packages_PyQt6_Qt6_qml_QtQuick3D_Effects_designer["designer"]\n    node_venv_lib_python3_12_site-packages_PyQt6_Qt6_qml_QtQuick3D_Effects_designer --> node_venv_lib_python3_12_site-packages_PyQt6_Qt6_qml_QtQuick3D_Effects_designer_HDRBloomTonemapSection_qml["HDRBloomTonemapSection.qml"]\n    Root --> node_venv["venv"]\n    node_venv --> node_venv_lib["lib"]\n    node_venv_lib --> node_venv_lib_python3_12["python3.12"]\n    node_venv_lib_python3_12 --> node_venv_lib_python3_12_site-packages["site-packages"]\n    node_venv_lib_python3_12_site-packages --> node_venv_lib_python3_12_site-packages_PyQt6["PyQt6"]\n    node_venv_lib_python3_12_site-packages_PyQt6 --> node_venv_lib_python3_12_site-packages_PyQt6_Qt6["Qt6"]\n    node_venv_lib_python3_12_site-packages_PyQt6_Qt6 --> node_venv_lib_python3_12_site-packages_PyQt6_Qt6_qml["qml"]\n    node_venv_lib_python3_12_site-packages_PyQt6_Qt6_qml --> node_venv_lib_python3_12_site-packages_PyQt6_Qt6_qml_QtQuick3D["QtQuick3D"]\n    node_venv_lib_python3_12_site-packages_PyQt6_Qt6_qml_QtQuick3D --> node_venv_lib_python3_12_site-packages_PyQt6_Qt6_qml_QtQuick3D_Effects["Effects"]\n    node_venv_lib_python3_12_site-packages_PyQt6_Qt6_qml_QtQuick3D_Effects --> node_venv_lib_python3_12_site-packages_PyQt6_Qt6_qml_QtQuick3D_Effects_designer["designer"]\n    node_venv_lib_python3_12_site-packages_PyQt6_Qt6_qml_QtQuick3D_Effects_designer --> node_venv_lib_python3_12_site-packages_PyQt6_Qt6_qml_QtQuick3D_Effects_designer_HDRBloomTonemapSpecifics_qml["HDRBloomTonemapSpecifics.qml"]\n    Root --> node_venv["venv"]\n    node_venv --> node_venv_lib["lib"]\n    node_venv_lib --> node_venv_lib_python3_12["python3.12"]\n    node_venv_lib_python3_12 --> node_venv_lib_python3_12_site-packages["site-packages"]\n    node_venv_lib_python3_12_site-packages --> node_venv_lib_python3_12_site-packages_PyQt6["PyQt6"]\n    node_venv_lib_python3_12_site-packages_PyQt6 --> node_venv_lib_python3_12_site-packages_PyQt6_Qt6["Qt6"]\n    node_venv_lib_python3_12_site-packages_PyQt6_Qt6 --> node_venv_lib_python3_12_site-packages_PyQt6_Qt6_qml["qml"]\n    node_venv_lib_python3_12_site-packages_PyQt6_Qt6_qml --> node_venv_lib_python3_12_site-packages_PyQt6_Qt6_qml_QtQuick3D["QtQuick3D"]\n    node_venv_lib_python3_12_site-packages_PyQt6_Qt6_qml_QtQuick3D --> node_venv_lib_python3_12_site-packages_PyQt6_Qt6_qml_QtQuick3D_Effects["Effects"]\n    node_venv_lib_python3_12_site-packages_PyQt6_Qt6_qml_QtQuick3D_Effects --> node_venv_lib_python3_12_site-packages_PyQt6_Qt6_qml_QtQuick3D_Effects_designer["designer"]\n    node_venv_lib_python3_12_site-packages_PyQt6_Qt6_qml_QtQuick3D_Effects_designer --> node_venv_lib_python3_12_site-packages_PyQt6_Qt6_qml_QtQuick3D_Effects_designer_MotionBlurSection_qml["MotionBlurSection.qml"]\n    Root --> node_venv["venv"]\n    node_venv --> node_venv_lib["lib"]\n    node_venv_lib --> node_venv_lib_python3_12["python3.12"]\n    node_venv_lib_python3_12 --> node_venv_lib_python3_12_site-packages["site-packages"]\n    node_venv_lib_python3_12_site-packages --> node_venv_lib_python3_12_site-packages_PyQt6["PyQt6"]\n    node_venv_lib_python3_12_site-packages_PyQt6 --> node_venv_lib_python3_12_site-packages_PyQt6_Qt6["Qt6"]\n    node_venv_lib_python3_12_site-packages_PyQt6_Qt6 --> node_venv_lib_python3_12_site-packages_PyQt6_Qt6_qml["qml"]\n    node_venv_lib_python3_12_site-packages_PyQt6_Qt6_qml --> node_venv_lib_python3_12_site-packages_PyQt6_Qt6_qml_QtQuick3D["QtQuick3D"]\n    node_venv_lib_python3_12_site-packages_PyQt6_Qt6_qml_QtQuick3D --> node_venv_lib_python3_12_site-packages_PyQt6_Qt6_qml_QtQuick3D_Effects["Effects"]\n    node_venv_lib_python3_12_site-packages_PyQt6_Qt6_qml_QtQuick3D_Effects --> node_venv_lib_python3_12_site-packages_PyQt6_Qt6_qml_QtQuick3D_Effects_designer["designer"]\n    node_venv_lib_python3_12_site-packages_PyQt6_Qt6_qml_QtQuick3D_Effects_designer --> node_venv_lib_python3_12_site-packages_PyQt6_Qt6_qml_QtQuick3D_Effects_designer_MotionBlurSpecifics_qml["MotionBlurSpecifics.qml"]\n    Root --> node_venv["venv"]\n    node_venv --> node_venv_lib["lib"]\n    node_venv_lib --> node_venv_lib_python3_12["python3.12"]\n    node_venv_lib_python3_12 --> node_venv_lib_python3_12_site-packages["site-packages"]\n    node_venv_lib_python3_12_site-packages --> node_venv_lib_python3_12_site-packages_PyQt6["PyQt6"]\n    node_venv_lib_python3_12_site-packages_PyQt6 --> node_venv_lib_python3_12_site-packages_PyQt6_Qt6["Qt6"]\n    node_venv_lib_python3_12_site-packages_PyQt6_Qt6 --> node_venv_lib_python3_12_site-packages_PyQt6_Qt6_qml["qml"]\n    node_venv_lib_python3_12_site-packages_PyQt6_Qt6_qml --> node_venv_lib_python3_12_site-packages_PyQt6_Qt6_qml_QtQuick3D["QtQuick3D"]\n    node_venv_lib_python3_12_site-packages_PyQt6_Qt6_qml_QtQuick3D --> node_venv_lib_python3_12_site-packages_PyQt6_Qt6_qml_QtQuick3D_Effects["Effects"]\n    node_venv_lib_python3_12_site-packages_PyQt6_Qt6_qml_QtQuick3D_Effects --> node_venv_lib_python3_12_site-packages_PyQt6_Qt6_qml_QtQuick3D_Effects_designer["designer"]\n    node_venv_lib_python3_12_site-packages_PyQt6_Qt6_qml_QtQuick3D_Effects_designer --> node_venv_lib_python3_12_site-packages_PyQt6_Qt6_qml_QtQuick3D_Effects_designer_SCurveTonemapSection_qml["SCurveTonemapSection.qml"]\n    Root --> node_venv["venv"]\n    node_venv --> node_venv_lib["lib"]\n    node_venv_lib --> node_venv_lib_python3_12["python3.12"]\n    node_venv_lib_python3_12 --> node_venv_lib_python3_12_site-packages["site-packages"]\n    node_venv_lib_python3_12_site-packages --> node_venv_lib_python3_12_site-packages_PyQt6["PyQt6"]\n    node_venv_lib_python3_12_site-packages_PyQt6 --> node_venv_lib_python3_12_site-packages_PyQt6_Qt6["Qt6"]\n    node_venv_lib_python3_12_site-packages_PyQt6_Qt6 --> node_venv_lib_python3_12_site-packages_PyQt6_Qt6_qml["qml"]\n    node_venv_lib_python3_12_site-packages_PyQt6_Qt6_qml --> node_venv_lib_python3_12_site-packages_PyQt6_Qt6_qml_QtQuick3D["QtQuick3D"]\n    node_venv_lib_python3_12_site-packages_PyQt6_Qt6_qml_QtQuick3D --> node_venv_lib_python3_12_site-packages_PyQt6_Qt6_qml_QtQuick3D_Effects["Effects"]\n    node_venv_lib_python3_12_site-packages_PyQt6_Qt6_qml_QtQuick3D_Effects --> node_venv_lib_python3_12_site-packages_PyQt6_Qt6_qml_QtQuick3D_Effects_designer["designer"]\n    node_venv_lib_python3_12_site-packages_PyQt6_Qt6_qml_QtQuick3D_Effects_designer --> node_venv_lib_python3_12_site-packages_PyQt6_Qt6_qml_QtQuick3D_Effects_designer_SCurveTonemapSpecifics_qml["SCurveTonemapSpecifics.qml"]\n    Root --> node_venv["venv"]\n    node_venv --> node_venv_lib["lib"]\n    node_venv_lib --> node_venv_lib_python3_12["python3.12"]\n    node_venv_lib_python3_12 --> node_venv_lib_python3_12_site-packages["site-packages"]\n    node_venv_lib_python3_12_site-packages --> node_venv_lib_python3_12_site-packages_PyQt6["PyQt6"]\n    node_venv_lib_python3_12_site-packages_PyQt6 --> node_venv_lib_python3_12_site-packages_PyQt6_Qt6["Qt6"]\n    node_venv_lib_python3_12_site-packages_PyQt6_Qt6 --> node_venv_lib_python3_12_site-packages_PyQt6_Qt6_qml["qml"]\n    node_venv_lib_python3_12_site-packages_PyQt6_Qt6_qml --> node_venv_lib_python3_12_site-packages_PyQt6_Qt6_qml_QtQuick3D["QtQuick3D"]\n    node_venv_lib_python3_12_site-packages_PyQt6_Qt6_qml_QtQuick3D --> node_venv_lib_python3_12_site-packages_PyQt6_Qt6_qml_QtQuick3D_Effects["Effects"]\n    node_venv_lib_python3_12_site-packages_PyQt6_Qt6_qml_QtQuick3D_Effects --> node_venv_lib_python3_12_site-packages_PyQt6_Qt6_qml_QtQuick3D_Effects_designer["designer"]\n    node_venv_lib_python3_12_site-packages_PyQt6_Qt6_qml_QtQuick3D_Effects_designer --> node_venv_lib_python3_12_site-packages_PyQt6_Qt6_qml_QtQuick3D_Effects_designer_ScatterSection_qml["ScatterSection.qml"]\n    Root --> node_venv["venv"]\n    node_venv --> node_venv_lib["lib"]\n    node_venv_lib --> node_venv_lib_python3_12["python3.12"]\n    node_venv_lib_python3_12 --> node_venv_lib_python3_12_site-packages["site-packages"]\n    node_venv_lib_python3_12_site-packages --> node_venv_lib_python3_12_site-packages_PyQt6["PyQt6"]\n    node_venv_lib_python3_12_site-packages_PyQt6 --> node_venv_lib_python3_12_site-packages_PyQt6_Qt6["Qt6"]\n    node_venv_lib_python3_12_site-packages_PyQt6_Qt6 --> node_venv_lib_python3_12_site-packages_PyQt6_Qt6_qml["qml"]\n    node_venv_lib_python3_12_site-packages_PyQt6_Qt6_qml --> node_venv_lib_python3_12_site-packages_PyQt6_Qt6_qml_QtQuick3D["QtQuick3D"]\n    node_venv_lib_python3_12_site-packages_PyQt6_Qt6_qml_QtQuick3D --> node_venv_lib_python3_12_site-packages_PyQt6_Qt6_qml_QtQuick3D_Effects["Effects"]\n    node_venv_lib_python3_12_site-packages_PyQt6_Qt6_qml_QtQuick3D_Effects --> node_venv_lib_python3_12_site-packages_PyQt6_Qt6_qml_QtQuick3D_Effects_designer["designer"]\n    node_venv_lib_python3_12_site-packages_PyQt6_Qt6_qml_QtQuick3D_Effects_designer --> node_venv_lib_python3_12_site-packages_PyQt6_Qt6_qml_QtQuick3D_Effects_designer_ScatterSpecifics_qml["ScatterSpecifics.qml"]\n    Root --> node_venv["venv"]\n    node_venv --> node_venv_lib["lib"]\n    node_venv_lib --> node_venv_lib_python3_12["python3.12"]\n    node_venv_lib_python3_12 --> node_venv_lib_python3_12_site-packages["site-packages"]\n    node_venv_lib_python3_12_site-packages --> node_venv_lib_python3_12_site-packages_PyQt6["PyQt6"]\n    node_venv_lib_python3_12_site-packages_PyQt6 --> node_venv_lib_python3_12_site-packages_PyQt6_Qt6["Qt6"]\n    node_venv_lib_python3_12_site-packages_PyQt6_Qt6 --> node_venv_lib_python3_12_site-packages_PyQt6_Qt6_qml["qml"]\n    node_venv_lib_python3_12_site-packages_PyQt6_Qt6_qml --> node_venv_lib_python3_12_site-packages_PyQt6_Qt6_qml_QtQuick3D["QtQuick3D"]\n    node_venv_lib_python3_12_site-packages_PyQt6_Qt6_qml_QtQuick3D --> node_venv_lib_python3_12_site-packages_PyQt6_Qt6_qml_QtQuick3D_Effects["Effects"]\n    node_venv_lib_python3_12_site-packages_PyQt6_Qt6_qml_QtQuick3D_Effects --> node_venv_lib_python3_12_site-packages_PyQt6_Qt6_qml_QtQuick3D_Effects_designer["designer"]\n    node_venv_lib_python3_12_site-packages_PyQt6_Qt6_qml_QtQuick3D_Effects_designer --> node_venv_lib_python3_12_site-packages_PyQt6_Qt6_qml_QtQuick3D_Effects_designer_TiltShiftSection_qml["TiltShiftSection.qml"]\n    Root --> node_venv["venv"]\n    node_venv --> node_venv_lib["lib"]\n    node_venv_lib --> node_venv_lib_python3_12["python3.12"]\n    node_venv_lib_python3_12 --> node_venv_lib_python3_12_site-packages["site-packages"]\n    node_venv_lib_python3_12_site-packages --> node_venv_lib_python3_12_site-packages_PyQt6["PyQt6"]\n    node_venv_lib_python3_12_site-packages_PyQt6 --> node_venv_lib_python3_12_site-packages_PyQt6_Qt6["Qt6"]\n    node_venv_lib_python3_12_site-packages_PyQt6_Qt6 --> node_venv_lib_python3_12_site-packages_PyQt6_Qt6_qml["qml"]\n    node_venv_lib_python3_12_site-packages_PyQt6_Qt6_qml --> node_venv_lib_python3_12_site-packages_PyQt6_Qt6_qml_QtQuick3D["QtQuick3D"]\n    node_venv_lib_python3_12_site-packages_PyQt6_Qt6_qml_QtQuick3D --> node_venv_lib_python3_12_site-packages_PyQt6_Qt6_qml_QtQuick3D_Effects["Effects"]\n    node_venv_lib_python3_12_site-packages_PyQt6_Qt6_qml_QtQuick3D_Effects --> node_venv_lib_python3_12_site-packages_PyQt6_Qt6_qml_QtQuick3D_Effects_designer["designer"]\n    node_venv_lib_python3_12_site-packages_PyQt6_Qt6_qml_QtQuick3D_Effects_designer --> node_venv_lib_python3_12_site-packages_PyQt6_Qt6_qml_QtQuick3D_Effects_designer_TiltShiftSpecifics_qml["TiltShiftSpecifics.qml"]\n    Root --> node_venv["venv"]\n    node_venv --> node_venv_lib["lib"]\n    node_venv_lib --> node_venv_lib_python3_12["python3.12"]\n    node_venv_lib_python3_12 --> node_venv_lib_python3_12_site-packages["site-packages"]\n    node_venv_lib_python3_12_site-packages --> node_venv_lib_python3_12_site-packages_PyQt6["PyQt6"]\n    node_venv_lib_python3_12_site-packages_PyQt6 --> node_venv_lib_python3_12_site-packages_PyQt6_Qt6["Qt6"]\n    node_venv_lib_python3_12_site-packages_PyQt6_Qt6 --> node_venv_lib_python3_12_site-packages_PyQt6_Qt6_qml["qml"]\n    node_venv_lib_python3_12_site-packages_PyQt6_Qt6_qml --> node_venv_lib_python3_12_site-packages_PyQt6_Qt6_qml_QtQuick3D["QtQuick3D"]\n    node_venv_lib_python3_12_site-packages_PyQt6_Qt6_qml_QtQuick3D --> node_venv_lib_python3_12_site-packages_PyQt6_Qt6_qml_QtQuick3D_Effects["Effects"]\n    node_venv_lib_python3_12_site-packages_PyQt6_Qt6_qml_QtQuick3D_Effects --> node_venv_lib_python3_12_site-packages_PyQt6_Qt6_qml_QtQuick3D_Effects_designer["designer"]\n    node_venv_lib_python3_12_site-packages_PyQt6_Qt6_qml_QtQuick3D_Effects_designer --> node_venv_lib_python3_12_site-packages_PyQt6_Qt6_qml_QtQuick3D_Effects_designer_VignetteSection_qml["VignetteSection.qml"]\n    Root --> node_venv["venv"]\n    node_venv --> node_venv_lib["lib"]\n    node_venv_lib --> node_venv_lib_python3_12["python3.12"]\n    node_venv_lib_python3_12 --> node_venv_lib_python3_12_site-packages["site-packages"]\n    node_venv_lib_python3_12_site-packages --> node_venv_lib_python3_12_site-packages_PyQt6["PyQt6"]\n    node_venv_lib_python3_12_site-packages_PyQt6 --> node_venv_lib_python3_12_site-packages_PyQt6_Qt6["Qt6"]\n    node_venv_lib_python3_12_site-packages_PyQt6_Qt6 --> node_venv_lib_python3_12_site-packages_PyQt6_Qt6_qml["qml"]\n    node_venv_lib_python3_12_site-packages_PyQt6_Qt6_qml --> node_venv_lib_python3_12_site-packages_PyQt6_Qt6_qml_QtQuick3D["QtQuick3D"]\n    node_venv_lib_python3_12_site-packages_PyQt6_Qt6_qml_QtQuick3D --> node_venv_lib_python3_12_site-packages_PyQt6_Qt6_qml_QtQuick3D_Effects["Effects"]\n    node_venv_lib_python3_12_site-packages_PyQt6_Qt6_qml_QtQuick3D_Effects --> node_venv_lib_python3_12_site-packages_PyQt6_Qt6_qml_QtQuick3D_Effects_designer["designer"]\n    node_venv_lib_python3_12_site-packages_PyQt6_Qt6_qml_QtQuick3D_Effects_designer --> node_venv_lib_python3_12_site-packages_PyQt6_Qt6_qml_QtQuick3D_Effects_designer_VignetteSpecifics_qml["VignetteSpecifics.qml"]\n    Root --> node_venv["venv"]\n    node_venv --> node_venv_lib["lib"]\n    node_venv_lib --> node_venv_lib_python3_12["python3.12"]\n    node_venv_lib_python3_12 --> node_venv_lib_python3_12_site-packages["site-packages"]\n    node_venv_lib_python3_12_site-packages --> node_venv_lib_python3_12_site-packages_PyQt6["PyQt6"]\n    node_venv_lib_python3_12_site-packages_PyQt6 --> node_venv_lib_python3_12_site-packages_PyQt6_Qt6["Qt6"]\n    node_venv_lib_python3_12_site-packages_PyQt6_Qt6 --> node_venv_lib_python3_12_site-packages_PyQt6_Qt6_qml["qml"]\n    node_venv_lib_python3_12_site-packages_PyQt6_Qt6_qml --> node_venv_lib_python3_12_site-packages_PyQt6_Qt6_qml_QtQuick3D["QtQuick3D"]\n    node_venv_lib_python3_12_site-packages_PyQt6_Qt6_qml_QtQuick3D --> node_venv_lib_python3_12_site-packages_PyQt6_Qt6_qml_QtQuick3D_Effects["Effects"]\n    node_venv_lib_python3_12_site-packages_PyQt6_Qt6_qml_QtQuick3D_Effects --> node_venv_lib_python3_12_site-packages_PyQt6_Qt6_qml_QtQuick3D_Effects_designer["designer"]\n    node_venv_lib_python3_12_site-packages_PyQt6_Qt6_qml_QtQuick3D_Effects_designer --> node_venv_lib_python3_12_site-packages_PyQt6_Qt6_qml_QtQuick3D_Effects_designer_effectlib_metainfo["effectlib.metainfo"]\n    Root --> node_venv["venv"]\n    node_venv --> node_venv_lib["lib"]\n    node_venv_lib --> node_venv_lib_python3_12["python3.12"]\n    node_venv_lib_python3_12 --> node_venv_lib_python3_12_site-packages["site-packages"]\n    node_venv_lib_python3_12_site-packages --> node_venv_lib_python3_12_site-packages_PyQt6["PyQt6"]\n    node_venv_lib_python3_12_site-packages_PyQt6 --> node_venv_lib_python3_12_site-packages_PyQt6_Qt6["Qt6"]\n    node_venv_lib_python3_12_site-packages_PyQt6_Qt6 --> node_venv_lib_python3_12_site-packages_PyQt6_Qt6_qml["qml"]\n    node_venv_lib_python3_12_site-packages_PyQt6_Qt6_qml --> node_venv_lib_python3_12_site-packages_PyQt6_Qt6_qml_QtQuick3D["QtQuick3D"]\n    node_venv_lib_python3_12_site-packages_PyQt6_Qt6_qml_QtQuick3D --> node_venv_lib_python3_12_site-packages_PyQt6_Qt6_qml_QtQuick3D_Effects["Effects"]\n    node_venv_lib_python3_12_site-packages_PyQt6_Qt6_qml_QtQuick3D_Effects --> node_venv_lib_python3_12_site-packages_PyQt6_Qt6_qml_QtQuick3D_Effects_designer["designer"]\n    node_venv_lib_python3_12_site-packages_PyQt6_Qt6_qml_QtQuick3D_Effects_designer --> node_venv_lib_python3_12_site-packages_PyQt6_Qt6_qml_QtQuick3D_Effects_designer_images["images"]\n    node_venv_lib_python3_12_site-packages_PyQt6_Qt6_qml_QtQuick3D_Effects_designer_images --> node_venv_lib_python3_12_site-packages_PyQt6_Qt6_qml_QtQuick3D_Effects_designer_images_effect_png["effect.png"]\n    Root --> node_venv["venv"]\n    node_venv --> node_venv_lib["lib"]\n    node_venv_lib --> node_venv_lib_python3_12["python3.12"]\n    node_venv_lib_python3_12 --> node_venv_lib_python3_12_site-packages["site-packages"]\n    node_venv_lib_python3_12_site-packages --> node_venv_lib_python3_12_site-packages_PyQt6["PyQt6"]\n    node_venv_lib_python3_12_site-packages_PyQt6 --> node_venv_lib_python3_12_site-packages_PyQt6_Qt6["Qt6"]\n    node_venv_lib_python3_12_site-packages_PyQt6_Qt6 --> node_venv_lib_python3_12_site-packages_PyQt6_Qt6_qml["qml"]\n    node_venv_lib_python3_12_site-packages_PyQt6_Qt6_qml --> node_venv_lib_python3_12_site-packages_PyQt6_Qt6_qml_QtQuick3D["QtQuick3D"]\n    node_venv_lib_python3_12_site-packages_PyQt6_Qt6_qml_QtQuick3D --> node_venv_lib_python3_12_site-packages_PyQt6_Qt6_qml_QtQuick3D_Effects["Effects"]\n    node_venv_lib_python3_12_site-packages_PyQt6_Qt6_qml_QtQuick3D_Effects --> node_venv_lib_python3_12_site-packages_PyQt6_Qt6_qml_QtQuick3D_Effects_designer["designer"]\n    node_venv_lib_python3_12_site-packages_PyQt6_Qt6_qml_QtQuick3D_Effects_designer --> node_venv_lib_python3_12_site-packages_PyQt6_Qt6_qml_QtQuick3D_Effects_designer_images["images"]\n    node_venv_lib_python3_12_site-packages_PyQt6_Qt6_qml_QtQuick3D_Effects_designer_images --> node_venv_lib_python3_12_site-packages_PyQt6_Qt6_qml_QtQuick3D_Effects_designer_images_effect16_png["effect16.png"]\n    Root --> node_venv["venv"]\n    node_venv --> node_venv_lib["lib"]\n    node_venv_lib --> node_venv_lib_python3_12["python3.12"]\n    node_venv_lib_python3_12 --> node_venv_lib_python3_12_site-packages["site-packages"]\n    node_venv_lib_python3_12_site-packages --> node_venv_lib_python3_12_site-packages_PyQt6["PyQt6"]\n    node_venv_lib_python3_12_site-packages_PyQt6 --> node_venv_lib_python3_12_site-packages_PyQt6_Qt6["Qt6"]\n    node_venv_lib_python3_12_site-packages_PyQt6_Qt6 --> node_venv_lib_python3_12_site-packages_PyQt6_Qt6_qml["qml"]\n    node_venv_lib_python3_12_site-packages_PyQt6_Qt6_qml --> node_venv_lib_python3_12_site-packages_PyQt6_Qt6_qml_QtQuick3D["QtQuick3D"]\n    node_venv_lib_python3_12_site-packages_PyQt6_Qt6_qml_QtQuick3D --> node_venv_lib_python3_12_site-packages_PyQt6_Qt6_qml_QtQuick3D_Effects["Effects"]\n    node_venv_lib_python3_12_site-packages_PyQt6_Qt6_qml_QtQuick3D_Effects --> node_venv_lib_python3_12_site-packages_PyQt6_Qt6_qml_QtQuick3D_Effects_designer["designer"]\n    node_venv_lib_python3_12_site-packages_PyQt6_Qt6_qml_QtQuick3D_Effects_designer --> node_venv_lib_python3_12_site-packages_PyQt6_Qt6_qml_QtQuick3D_Effects_designer_images["images"]\n    node_venv_lib_python3_12_site-packages_PyQt6_Qt6_qml_QtQuick3D_Effects_designer_images --> node_venv_lib_python3_12_site-packages_PyQt6_Qt6_qml_QtQuick3D_Effects_designer_images_effect@2x_png["effect@2x.png"]\n    Root --> node_venv["venv"]\n    node_venv --> node_venv_lib["lib"]\n    node_venv_lib --> node_venv_lib_python3_12["python3.12"]\n    node_venv_lib_python3_12 --> node_venv_lib_python3_12_site-packages["site-packages"]\n    node_venv_lib_python3_12_site-packages --> node_venv_lib_python3_12_site-packages_PyQt6["PyQt6"]\n    node_venv_lib_python3_12_site-packages_PyQt6 --> node_venv_lib_python3_12_site-packages_PyQt6_Qt6["Qt6"]\n    node_venv_lib_python3_12_site-packages_PyQt6_Qt6 --> node_venv_lib_python3_12_site-packages_PyQt6_Qt6_qml["qml"]\n    node_venv_lib_python3_12_site-packages_PyQt6_Qt6_qml --> node_venv_lib_python3_12_site-packages_PyQt6_Qt6_qml_QtQuick3D["QtQuick3D"]\n    node_venv_lib_python3_12_site-packages_PyQt6_Qt6_qml_QtQuick3D --> node_venv_lib_python3_12_site-packages_PyQt6_Qt6_qml_QtQuick3D_Helpers["Helpers"]\n    node_venv_lib_python3_12_site-packages_PyQt6_Qt6_qml_QtQuick3D_Helpers --> node_venv_lib_python3_12_site-packages_PyQt6_Qt6_qml_QtQuick3D_Helpers_AxisHelper_qml["AxisHelper.qml"]\n    Root --> node_venv["venv"]\n    node_venv --> node_venv_lib["lib"]\n    node_venv_lib --> node_venv_lib_python3_12["python3.12"]\n    node_venv_lib_python3_12 --> node_venv_lib_python3_12_site-packages["site-packages"]\n    node_venv_lib_python3_12_site-packages --> node_venv_lib_python3_12_site-packages_PyQt6["PyQt6"]\n    node_venv_lib_python3_12_site-packages_PyQt6 --> node_venv_lib_python3_12_site-packages_PyQt6_Qt6["Qt6"]\n    node_venv_lib_python3_12_site-packages_PyQt6_Qt6 --> node_venv_lib_python3_12_site-packages_PyQt6_Qt6_qml["qml"]\n    node_venv_lib_python3_12_site-packages_PyQt6_Qt6_qml --> node_venv_lib_python3_12_site-packages_PyQt6_Qt6_qml_QtQuick3D["QtQuick3D"]\n    node_venv_lib_python3_12_site-packages_PyQt6_Qt6_qml_QtQuick3D --> node_venv_lib_python3_12_site-packages_PyQt6_Qt6_qml_QtQuick3D_Helpers["Helpers"]\n    node_venv_lib_python3_12_site-packages_PyQt6_Qt6_qml_QtQuick3D_Helpers --> node_venv_lib_python3_12_site-packages_PyQt6_Qt6_qml_QtQuick3D_Helpers_DebugView_qml["DebugView.qml"]\n    Root --> node_venv["venv"]\n    node_venv --> node_venv_lib["lib"]\n    node_venv_lib --> node_venv_lib_python3_12["python3.12"]\n    node_venv_lib_python3_12 --> node_venv_lib_python3_12_site-packages["site-packages"]\n    node_venv_lib_python3_12_site-packages --> node_venv_lib_python3_12_site-packages_PyQt6["PyQt6"]\n    node_venv_lib_python3_12_site-packages_PyQt6 --> node_venv_lib_python3_12_site-packages_PyQt6_Qt6["Qt6"]\n    node_venv_lib_python3_12_site-packages_PyQt6_Qt6 --> node_venv_lib_python3_12_site-packages_PyQt6_Qt6_qml["qml"]\n    node_venv_lib_python3_12_site-packages_PyQt6_Qt6_qml --> node_venv_lib_python3_12_site-packages_PyQt6_Qt6_qml_QtQuick3D["QtQuick3D"]\n    node_venv_lib_python3_12_site-packages_PyQt6_Qt6_qml_QtQuick3D --> node_venv_lib_python3_12_site-packages_PyQt6_Qt6_qml_QtQuick3D_Helpers["Helpers"]\n    node_venv_lib_python3_12_site-packages_PyQt6_Qt6_qml_QtQuick3D_Helpers --> node_venv_lib_python3_12_site-packages_PyQt6_Qt6_qml_QtQuick3D_Helpers_ExtendedSceneEnvironment_qml["ExtendedSceneEnvironment.qml"]\n    Root --> node_venv["venv"]\n    node_venv --> node_venv_lib["lib"]\n    node_venv_lib --> node_venv_lib_python3_12["python3.12"]\n    node_venv_lib_python3_12 --> node_venv_lib_python3_12_site-packages["site-packages"]\n    node_venv_lib_python3_12_site-packages --> node_venv_lib_python3_12_site-packages_PyQt6["PyQt6"]\n    node_venv_lib_python3_12_site-packages_PyQt6 --> node_venv_lib_python3_12_site-packages_PyQt6_Qt6["Qt6"]\n    node_venv_lib_python3_12_site-packages_PyQt6_Qt6 --> node_venv_lib_python3_12_site-packages_PyQt6_Qt6_qml["qml"]\n    node_venv_lib_python3_12_site-packages_PyQt6_Qt6_qml --> node_venv_lib_python3_12_site-packages_PyQt6_Qt6_qml_QtQuick3D["QtQuick3D"]\n    node_venv_lib_python3_12_site-packages_PyQt6_Qt6_qml_QtQuick3D --> node_venv_lib_python3_12_site-packages_PyQt6_Qt6_qml_QtQuick3D_Helpers["Helpers"]\n    node_venv_lib_python3_12_site-packages_PyQt6_Qt6_qml_QtQuick3D_Helpers --> node_venv_lib_python3_12_site-packages_PyQt6_Qt6_qml_QtQuick3D_Helpers_LodManager_qml["LodManager.qml"]\n    Root --> node_venv["venv"]\n    node_venv --> node_venv_lib["lib"]\n    node_venv_lib --> node_venv_lib_python3_12["python3.12"]\n    node_venv_lib_python3_12 --> node_venv_lib_python3_12_site-packages["site-packages"]\n    node_venv_lib_python3_12_site-packages --> node_venv_lib_python3_12_site-packages_PyQt6["PyQt6"]\n    node_venv_lib_python3_12_site-packages_PyQt6 --> node_venv_lib_python3_12_site-packages_PyQt6_Qt6["Qt6"]\n    node_venv_lib_python3_12_site-packages_PyQt6_Qt6 --> node_venv_lib_python3_12_site-packages_PyQt6_Qt6_qml["qml"]\n    node_venv_lib_python3_12_site-packages_PyQt6_Qt6_qml --> node_venv_lib_python3_12_site-packages_PyQt6_Qt6_qml_QtQuick3D["QtQuick3D"]\n    node_venv_lib_python3_12_site-packages_PyQt6_Qt6_qml_QtQuick3D --> node_venv_lib_python3_12_site-packages_PyQt6_Qt6_qml_QtQuick3D_Helpers["Helpers"]\n    node_venv_lib_python3_12_site-packages_PyQt6_Qt6_qml_QtQuick3D_Helpers --> node_venv_lib_python3_12_site-packages_PyQt6_Qt6_qml_QtQuick3D_Helpers_OrbitCameraController_qml["OrbitCameraController.qml"]\n    Root --> node_venv["venv"]\n    node_venv --> node_venv_lib["lib"]\n    node_venv_lib --> node_venv_lib_python3_12["python3.12"]\n    node_venv_lib_python3_12 --> node_venv_lib_python3_12_site-packages["site-packages"]\n    node_venv_lib_python3_12_site-packages --> node_venv_lib_python3_12_site-packages_PyQt6["PyQt6"]\n    node_venv_lib_python3_12_site-packages_PyQt6 --> node_venv_lib_python3_12_site-packages_PyQt6_Qt6["Qt6"]\n    node_venv_lib_python3_12_site-packages_PyQt6_Qt6 --> node_venv_lib_python3_12_site-packages_PyQt6_Qt6_qml["qml"]\n    node_venv_lib_python3_12_site-packages_PyQt6_Qt6_qml --> node_venv_lib_python3_12_site-packages_PyQt6_Qt6_qml_QtQuick3D["QtQuick3D"]\n    node_venv_lib_python3_12_site-packages_PyQt6_Qt6_qml_QtQuick3D --> node_venv_lib_python3_12_site-packages_PyQt6_Qt6_qml_QtQuick3D_Helpers["Helpers"]\n    node_venv_lib_python3_12_site-packages_PyQt6_Qt6_qml_QtQuick3D_Helpers --> node_venv_lib_python3_12_site-packages_PyQt6_Qt6_qml_QtQuick3D_Helpers_WasdController_qml["WasdController.qml"]\n    Root --> node_venv["venv"]\n    node_venv --> node_venv_lib["lib"]\n    node_venv_lib --> node_venv_lib_python3_12["python3.12"]\n    node_venv_lib_python3_12 --> node_venv_lib_python3_12_site-packages["site-packages"]\n    node_venv_lib_python3_12_site-packages --> node_venv_lib_python3_12_site-packages_PyQt6["PyQt6"]\n    node_venv_lib_python3_12_site-packages_PyQt6 --> node_venv_lib_python3_12_site-packages_PyQt6_Qt6["Qt6"]\n    node_venv_lib_python3_12_site-packages_PyQt6_Qt6 --> node_venv_lib_python3_12_site-packages_PyQt6_Qt6_qml["qml"]\n    node_venv_lib_python3_12_site-packages_PyQt6_Qt6_qml --> node_venv_lib_python3_12_site-packages_PyQt6_Qt6_qml_QtQuick3D["QtQuick3D"]\n    node_venv_lib_python3_12_site-packages_PyQt6_Qt6_qml_QtQuick3D --> node_venv_lib_python3_12_site-packages_PyQt6_Qt6_qml_QtQuick3D_Helpers["Helpers"]\n    node_venv_lib_python3_12_site-packages_PyQt6_Qt6_qml_QtQuick3D_Helpers --> node_venv_lib_python3_12_site-packages_PyQt6_Qt6_qml_QtQuick3D_Helpers_libqtquick3dhelpersplugin_dylib["libqtquick3dhelpersplugin.dylib"]\n    Root --> node_venv["venv"]\n    node_venv --> node_venv_lib["lib"]\n    node_venv_lib --> node_venv_lib_python3_12["python3.12"]\n    node_venv_lib_python3_12 --> node_venv_lib_python3_12_site-packages["site-packages"]\n    node_venv_lib_python3_12_site-packages --> node_venv_lib_python3_12_site-packages_PyQt6["PyQt6"]\n    node_venv_lib_python3_12_site-packages_PyQt6 --> node_venv_lib_python3_12_site-packages_PyQt6_Qt6["Qt6"]\n    node_venv_lib_python3_12_site-packages_PyQt6_Qt6 --> node_venv_lib_python3_12_site-packages_PyQt6_Qt6_qml["qml"]\n    node_venv_lib_python3_12_site-packages_PyQt6_Qt6_qml --> node_venv_lib_python3_12_site-packages_PyQt6_Qt6_qml_QtQuick3D["QtQuick3D"]\n    node_venv_lib_python3_12_site-packages_PyQt6_Qt6_qml_QtQuick3D --> node_venv_lib_python3_12_site-packages_PyQt6_Qt6_qml_QtQuick3D_Helpers["Helpers"]\n    node_venv_lib_python3_12_site-packages_PyQt6_Qt6_qml_QtQuick3D_Helpers --> node_venv_lib_python3_12_site-packages_PyQt6_Qt6_qml_QtQuick3D_Helpers_plugins_qmltypes["plugins.qmltypes"]\n    Root --> node_venv["venv"]\n    node_venv --> node_venv_lib["lib"]\n    node_venv_lib --> node_venv_lib_python3_12["python3.12"]\n    node_venv_lib_python3_12 --> node_venv_lib_python3_12_site-packages["site-packages"]\n    node_venv_lib_python3_12_site-packages --> node_venv_lib_python3_12_site-packages_PyQt6["PyQt6"]\n    node_venv_lib_python3_12_site-packages_PyQt6 --> node_venv_lib_python3_12_site-packages_PyQt6_Qt6["Qt6"]\n    node_venv_lib_python3_12_site-packages_PyQt6_Qt6 --> node_venv_lib_python3_12_site-packages_PyQt6_Qt6_qml["qml"]\n    node_venv_lib_python3_12_site-packages_PyQt6_Qt6_qml --> node_venv_lib_python3_12_site-packages_PyQt6_Qt6_qml_QtQuick3D["QtQuick3D"]\n    node_venv_lib_python3_12_site-packages_PyQt6_Qt6_qml_QtQuick3D --> node_venv_lib_python3_12_site-packages_PyQt6_Qt6_qml_QtQuick3D_Helpers["Helpers"]\n    node_venv_lib_python3_12_site-packages_PyQt6_Qt6_qml_QtQuick3D_Helpers --> node_venv_lib_python3_12_site-packages_PyQt6_Qt6_qml_QtQuick3D_Helpers_qmldir["qmldir"]\n    Root --> node_venv["venv"]\n    node_venv --> node_venv_lib["lib"]\n    node_venv_lib --> node_venv_lib_python3_12["python3.12"]\n    node_venv_lib_python3_12 --> node_venv_lib_python3_12_site-packages["site-packages"]\n    node_venv_lib_python3_12_site-packages --> node_venv_lib_python3_12_site-packages_PyQt6["PyQt6"]\n    node_venv_lib_python3_12_site-packages_PyQt6 --> node_venv_lib_python3_12_site-packages_PyQt6_Qt6["Qt6"]\n    node_venv_lib_python3_12_site-packages_PyQt6_Qt6 --> node_venv_lib_python3_12_site-packages_PyQt6_Qt6_qml["qml"]\n    node_venv_lib_python3_12_site-packages_PyQt6_Qt6_qml --> node_venv_lib_python3_12_site-packages_PyQt6_Qt6_qml_QtQuick3D["QtQuick3D"]\n    node_venv_lib_python3_12_site-packages_PyQt6_Qt6_qml_QtQuick3D --> node_venv_lib_python3_12_site-packages_PyQt6_Qt6_qml_QtQuick3D_Helpers["Helpers"]\n    node_venv_lib_python3_12_site-packages_PyQt6_Qt6_qml_QtQuick3D_Helpers --> node_venv_lib_python3_12_site-packages_PyQt6_Qt6_qml_QtQuick3D_Helpers_impl["impl"]\n    node_venv_lib_python3_12_site-packages_PyQt6_Qt6_qml_QtQuick3D_Helpers_impl --> node_venv_lib_python3_12_site-packages_PyQt6_Qt6_qml_QtQuick3D_Helpers_impl_DepthOfFieldBlur_qml["DepthOfFieldBlur.qml"]\n    Root --> node_venv["venv"]\n    node_venv --> node_venv_lib["lib"]\n    node_venv_lib --> node_venv_lib_python3_12["python3.12"]\n    node_venv_lib_python3_12 --> node_venv_lib_python3_12_site-packages["site-packages"]\n    node_venv_lib_python3_12_site-packages --> node_venv_lib_python3_12_site-packages_PyQt6["PyQt6"]\n    node_venv_lib_python3_12_site-packages_PyQt6 --> node_venv_lib_python3_12_site-packages_PyQt6_Qt6["Qt6"]\n    node_venv_lib_python3_12_site-packages_PyQt6_Qt6 --> node_venv_lib_python3_12_site-packages_PyQt6_Qt6_qml["qml"]\n    node_venv_lib_python3_12_site-packages_PyQt6_Qt6_qml --> node_venv_lib_python3_12_site-packages_PyQt6_Qt6_qml_QtQuick3D["QtQuick3D"]\n    node_venv_lib_python3_12_site-packages_PyQt6_Qt6_qml_QtQuick3D --> node_venv_lib_python3_12_site-packages_PyQt6_Qt6_qml_QtQuick3D_Helpers["Helpers"]\n    node_venv_lib_python3_12_site-packages_PyQt6_Qt6_qml_QtQuick3D_Helpers --> node_venv_lib_python3_12_site-packages_PyQt6_Qt6_qml_QtQuick3D_Helpers_impl["impl"]\n    node_venv_lib_python3_12_site-packages_PyQt6_Qt6_qml_QtQuick3D_Helpers_impl --> node_venv_lib_python3_12_site-packages_PyQt6_Qt6_qml_QtQuick3D_Helpers_impl_SceneEffect_qml["SceneEffect.qml"]\n    Root --> node_venv["venv"]\n    node_venv --> node_venv_lib["lib"]\n    node_venv_lib --> node_venv_lib_python3_12["python3.12"]\n    node_venv_lib_python3_12 --> node_venv_lib_python3_12_site-packages["site-packages"]\n    node_venv_lib_python3_12_site-packages --> node_venv_lib_python3_12_site-packages_PyQt6["PyQt6"]\n    node_venv_lib_python3_12_site-packages_PyQt6 --> node_venv_lib_python3_12_site-packages_PyQt6_Qt6["Qt6"]\n    node_venv_lib_python3_12_site-packages_PyQt6_Qt6 --> node_venv_lib_python3_12_site-packages_PyQt6_Qt6_qml["qml"]\n    node_venv_lib_python3_12_site-packages_PyQt6_Qt6_qml --> node_venv_lib_python3_12_site-packages_PyQt6_Qt6_qml_QtQuick3D["QtQuick3D"]\n    node_venv_lib_python3_12_site-packages_PyQt6_Qt6_qml_QtQuick3D --> node_venv_lib_python3_12_site-packages_PyQt6_Qt6_qml_QtQuick3D_Helpers["Helpers"]\n    node_venv_lib_python3_12_site-packages_PyQt6_Qt6_qml_QtQuick3D_Helpers --> node_venv_lib_python3_12_site-packages_PyQt6_Qt6_qml_QtQuick3D_Helpers_impl["impl"]\n    node_venv_lib_python3_12_site-packages_PyQt6_Qt6_qml_QtQuick3D_Helpers_impl --> node_venv_lib_python3_12_site-packages_PyQt6_Qt6_qml_QtQuick3D_Helpers_impl_libqtquick3dhelpersimplplugin_dylib["libqtquick3dhelpersimplplugin.dylib"]\n    Root --> node_venv["venv"]\n    node_venv --> node_venv_lib["lib"]\n    node_venv_lib --> node_venv_lib_python3_12["python3.12"]\n    node_venv_lib_python3_12 --> node_venv_lib_python3_12_site-packages["site-packages"]\n    node_venv_lib_python3_12_site-packages --> node_venv_lib_python3_12_site-packages_PyQt6["PyQt6"]\n    node_venv_lib_python3_12_site-packages_PyQt6 --> node_venv_lib_python3_12_site-packages_PyQt6_Qt6["Qt6"]\n    node_venv_lib_python3_12_site-packages_PyQt6_Qt6 --> node_venv_lib_python3_12_site-packages_PyQt6_Qt6_qml["qml"]\n    node_venv_lib_python3_12_site-packages_PyQt6_Qt6_qml --> node_venv_lib_python3_12_site-packages_PyQt6_Qt6_qml_QtQuick3D["QtQuick3D"]\n    node_venv_lib_python3_12_site-packages_PyQt6_Qt6_qml_QtQuick3D --> node_venv_lib_python3_12_site-packages_PyQt6_Qt6_qml_QtQuick3D_Helpers["Helpers"]\n    node_venv_lib_python3_12_site-packages_PyQt6_Qt6_qml_QtQuick3D_Helpers --> node_venv_lib_python3_12_site-packages_PyQt6_Qt6_qml_QtQuick3D_Helpers_impl["impl"]\n    node_venv_lib_python3_12_site-packages_PyQt6_Qt6_qml_QtQuick3D_Helpers_impl --> node_venv_lib_python3_12_site-packages_PyQt6_Qt6_qml_QtQuick3D_Helpers_impl_plugins_qmltypes["plugins.qmltypes"]\n    Root --> node_venv["venv"]\n    node_venv --> node_venv_lib["lib"]\n    node_venv_lib --> node_venv_lib_python3_12["python3.12"]\n    node_venv_lib_python3_12 --> node_venv_lib_python3_12_site-packages["site-packages"]\n    node_venv_lib_python3_12_site-packages --> node_venv_lib_python3_12_site-packages_PyQt6["PyQt6"]\n    node_venv_lib_python3_12_site-packages_PyQt6 --> node_venv_lib_python3_12_site-packages_PyQt6_Qt6["Qt6"]\n    node_venv_lib_python3_12_site-packages_PyQt6_Qt6 --> node_venv_lib_python3_12_site-packages_PyQt6_Qt6_qml["qml"]\n    node_venv_lib_python3_12_site-packages_PyQt6_Qt6_qml --> node_venv_lib_python3_12_site-packages_PyQt6_Qt6_qml_QtQuick3D["QtQuick3D"]\n    node_venv_lib_python3_12_site-packages_PyQt6_Qt6_qml_QtQuick3D --> node_venv_lib_python3_12_site-packages_PyQt6_Qt6_qml_QtQuick3D_Helpers["Helpers"]\n    node_venv_lib_python3_12_site-packages_PyQt6_Qt6_qml_QtQuick3D_Helpers --> node_venv_lib_python3_12_site-packages_PyQt6_Qt6_qml_QtQuick3D_Helpers_impl["impl"]\n    node_venv_lib_python3_12_site-packages_PyQt6_Qt6_qml_QtQuick3D_Helpers_impl --> node_venv_lib_python3_12_site-packages_PyQt6_Qt6_qml_QtQuick3D_Helpers_impl_qmldir["qmldir"]\n    Root --> node_venv["venv"]\n    node_venv --> node_venv_lib["lib"]\n    node_venv_lib --> node_venv_lib_python3_12["python3.12"]\n    node_venv_lib_python3_12 --> node_venv_lib_python3_12_site-packages["site-packages"]\n    node_venv_lib_python3_12_site-packages --> node_venv_lib_python3_12_site-packages_PyQt6["PyQt6"]\n    node_venv_lib_python3_12_site-packages_PyQt6 --> node_venv_lib_python3_12_site-packages_PyQt6_Qt6["Qt6"]\n    node_venv_lib_python3_12_site-packages_PyQt6_Qt6 --> node_venv_lib_python3_12_site-packages_PyQt6_Qt6_qml["qml"]\n    node_venv_lib_python3_12_site-packages_PyQt6_Qt6_qml --> node_venv_lib_python3_12_site-packages_PyQt6_Qt6_qml_QtQuick3D["QtQuick3D"]\n    node_venv_lib_python3_12_site-packages_PyQt6_Qt6_qml_QtQuick3D --> node_venv_lib_python3_12_site-packages_PyQt6_Qt6_qml_QtQuick3D_Helpers["Helpers"]\n    node_venv_lib_python3_12_site-packages_PyQt6_Qt6_qml_QtQuick3D_Helpers --> node_venv_lib_python3_12_site-packages_PyQt6_Qt6_qml_QtQuick3D_Helpers_meshes["meshes"]\n    node_venv_lib_python3_12_site-packages_PyQt6_Qt6_qml_QtQuick3D_Helpers_meshes --> node_venv_lib_python3_12_site-packages_PyQt6_Qt6_qml_QtQuick3D_Helpers_meshes_axisGrid_mesh["axisGrid.mesh"]\n    Root --> node_venv["venv"]\n    node_venv --> node_venv_lib["lib"]\n    node_venv_lib --> node_venv_lib_python3_12["python3.12"]\n    node_venv_lib_python3_12 --> node_venv_lib_python3_12_site-packages["site-packages"]\n    node_venv_lib_python3_12_site-packages --> node_venv_lib_python3_12_site-packages_PyQt6["PyQt6"]\n    node_venv_lib_python3_12_site-packages_PyQt6 --> node_venv_lib_python3_12_site-packages_PyQt6_Qt6["Qt6"]\n    node_venv_lib_python3_12_site-packages_PyQt6_Qt6 --> node_venv_lib_python3_12_site-packages_PyQt6_Qt6_qml["qml"]\n    node_venv_lib_python3_12_site-packages_PyQt6_Qt6_qml --> node_venv_lib_python3_12_site-packages_PyQt6_Qt6_qml_QtQuick3D["QtQuick3D"]\n    node_venv_lib_python3_12_site-packages_PyQt6_Qt6_qml_QtQuick3D --> node_venv_lib_python3_12_site-packages_PyQt6_Qt6_qml_QtQuick3D_Helpers["Helpers"]\n    node_venv_lib_python3_12_site-packages_PyQt6_Qt6_qml_QtQuick3D_Helpers --> node_venv_lib_python3_12_site-packages_PyQt6_Qt6_qml_QtQuick3D_Helpers_designer["designer"]\n    node_venv_lib_python3_12_site-packages_PyQt6_Qt6_qml_QtQuick3D_Helpers_designer --> node_venv_lib_python3_12_site-packages_PyQt6_Qt6_qml_QtQuick3D_Helpers_designer_AxisHelperSection_qml["AxisHelperSection.qml"]\n    Root --> node_venv["venv"]\n    node_venv --> node_venv_lib["lib"]\n    node_venv_lib --> node_venv_lib_python3_12["python3.12"]\n    node_venv_lib_python3_12 --> node_venv_lib_python3_12_site-packages["site-packages"]\n    node_venv_lib_python3_12_site-packages --> node_venv_lib_python3_12_site-packages_PyQt6["PyQt6"]\n    node_venv_lib_python3_12_site-packages_PyQt6 --> node_venv_lib_python3_12_site-packages_PyQt6_Qt6["Qt6"]\n    node_venv_lib_python3_12_site-packages_PyQt6_Qt6 --> node_venv_lib_python3_12_site-packages_PyQt6_Qt6_qml["qml"]\n    node_venv_lib_python3_12_site-packages_PyQt6_Qt6_qml --> node_venv_lib_python3_12_site-packages_PyQt6_Qt6_qml_QtQuick3D["QtQuick3D"]\n    node_venv_lib_python3_12_site-packages_PyQt6_Qt6_qml_QtQuick3D --> node_venv_lib_python3_12_site-packages_PyQt6_Qt6_qml_QtQuick3D_Helpers["Helpers"]\n    node_venv_lib_python3_12_site-packages_PyQt6_Qt6_qml_QtQuick3D_Helpers --> node_venv_lib_python3_12_site-packages_PyQt6_Qt6_qml_QtQuick3D_Helpers_designer["designer"]\n    node_venv_lib_python3_12_site-packages_PyQt6_Qt6_qml_QtQuick3D_Helpers_designer --> node_venv_lib_python3_12_site-packages_PyQt6_Qt6_qml_QtQuick3D_Helpers_designer_AxisHelperSpecifics_qml["AxisHelperSpecifics.qml"]\n    Root --> node_venv["venv"]\n    node_venv --> node_venv_lib["lib"]\n    node_venv_lib --> node_venv_lib_python3_12["python3.12"]\n    node_venv_lib_python3_12 --> node_venv_lib_python3_12_site-packages["site-packages"]\n    node_venv_lib_python3_12_site-packages --> node_venv_lib_python3_12_site-packages_PyQt6["PyQt6"]\n    node_venv_lib_python3_12_site-packages_PyQt6 --> node_venv_lib_python3_12_site-packages_PyQt6_Qt6["Qt6"]\n    node_venv_lib_python3_12_site-packages_PyQt6_Qt6 --> node_venv_lib_python3_12_site-packages_PyQt6_Qt6_qml["qml"]\n    node_venv_lib_python3_12_site-packages_PyQt6_Qt6_qml --> node_venv_lib_python3_12_site-packages_PyQt6_Qt6_qml_QtQuick3D["QtQuick3D"]\n    node_venv_lib_python3_12_site-packages_PyQt6_Qt6_qml_QtQuick3D --> node_venv_lib_python3_12_site-packages_PyQt6_Qt6_qml_QtQuick3D_Helpers["Helpers"]\n    node_venv_lib_python3_12_site-packages_PyQt6_Qt6_qml_QtQuick3D_Helpers --> node_venv_lib_python3_12_site-packages_PyQt6_Qt6_qml_QtQuick3D_Helpers_designer["designer"]\n    node_venv_lib_python3_12_site-packages_PyQt6_Qt6_qml_QtQuick3D_Helpers_designer --> node_venv_lib_python3_12_site-packages_PyQt6_Qt6_qml_QtQuick3D_Helpers_designer_DebugViewSection_qml["DebugViewSection.qml"]\n    Root --> node_venv["venv"]\n    node_venv --> node_venv_lib["lib"]\n    node_venv_lib --> node_venv_lib_python3_12["python3.12"]\n    node_venv_lib_python3_12 --> node_venv_lib_python3_12_site-packages["site-packages"]\n    node_venv_lib_python3_12_site-packages --> node_venv_lib_python3_12_site-packages_PyQt6["PyQt6"]\n    node_venv_lib_python3_12_site-packages_PyQt6 --> node_venv_lib_python3_12_site-packages_PyQt6_Qt6["Qt6"]\n    node_venv_lib_python3_12_site-packages_PyQt6_Qt6 --> node_venv_lib_python3_12_site-packages_PyQt6_Qt6_qml["qml"]\n    node_venv_lib_python3_12_site-packages_PyQt6_Qt6_qml --> node_venv_lib_python3_12_site-packages_PyQt6_Qt6_qml_QtQuick3D["QtQuick3D"]\n    node_venv_lib_python3_12_site-packages_PyQt6_Qt6_qml_QtQuick3D --> node_venv_lib_python3_12_site-packages_PyQt6_Qt6_qml_QtQuick3D_Helpers["Helpers"]\n    node_venv_lib_python3_12_site-packages_PyQt6_Qt6_qml_QtQuick3D_Helpers --> node_venv_lib_python3_12_site-packages_PyQt6_Qt6_qml_QtQuick3D_Helpers_designer["designer"]\n    node_venv_lib_python3_12_site-packages_PyQt6_Qt6_qml_QtQuick3D_Helpers_designer --> node_venv_lib_python3_12_site-packages_PyQt6_Qt6_qml_QtQuick3D_Helpers_designer_DebugViewSpecifics_qml["DebugViewSpecifics.qml"]\n    Root --> node_venv["venv"]\n    node_venv --> node_venv_lib["lib"]\n    node_venv_lib --> node_venv_lib_python3_12["python3.12"]\n    node_venv_lib_python3_12 --> node_venv_lib_python3_12_site-packages["site-packages"]\n    node_venv_lib_python3_12_site-packages --> node_venv_lib_python3_12_site-packages_PyQt6["PyQt6"]\n    node_venv_lib_python3_12_site-packages_PyQt6 --> node_venv_lib_python3_12_site-packages_PyQt6_Qt6["Qt6"]\n    node_venv_lib_python3_12_site-packages_PyQt6_Qt6 --> node_venv_lib_python3_12_site-packages_PyQt6_Qt6_qml["qml"]\n    node_venv_lib_python3_12_site-packages_PyQt6_Qt6_qml --> node_venv_lib_python3_12_site-packages_PyQt6_Qt6_qml_QtQuick3D["QtQuick3D"]\n    node_venv_lib_python3_12_site-packages_PyQt6_Qt6_qml_QtQuick3D --> node_venv_lib_python3_12_site-packages_PyQt6_Qt6_qml_QtQuick3D_Helpers["Helpers"]\n    node_venv_lib_python3_12_site-packages_PyQt6_Qt6_qml_QtQuick3D_Helpers --> node_venv_lib_python3_12_site-packages_PyQt6_Qt6_qml_QtQuick3D_Helpers_designer["designer"]\n    node_venv_lib_python3_12_site-packages_PyQt6_Qt6_qml_QtQuick3D_Helpers_designer --> node_venv_lib_python3_12_site-packages_PyQt6_Qt6_qml_QtQuick3D_Helpers_designer_ExtendedSceneEnvironmentSection_qml["ExtendedSceneEnvironmentSection.qml"]\n    Root --> node_venv["venv"]\n    node_venv --> node_venv_lib["lib"]\n    node_venv_lib --> node_venv_lib_python3_12["python3.12"]\n    node_venv_lib_python3_12 --> node_venv_lib_python3_12_site-packages["site-packages"]\n    node_venv_lib_python3_12_site-packages --> node_venv_lib_python3_12_site-packages_PyQt6["PyQt6"]\n    node_venv_lib_python3_12_site-packages_PyQt6 --> node_venv_lib_python3_12_site-packages_PyQt6_Qt6["Qt6"]\n    node_venv_lib_python3_12_site-packages_PyQt6_Qt6 --> node_venv_lib_python3_12_site-packages_PyQt6_Qt6_qml["qml"]\n    node_venv_lib_python3_12_site-packages_PyQt6_Qt6_qml --> node_venv_lib_python3_12_site-packages_PyQt6_Qt6_qml_QtQuick3D["QtQuick3D"]\n    node_venv_lib_python3_12_site-packages_PyQt6_Qt6_qml_QtQuick3D --> node_venv_lib_python3_12_site-packages_PyQt6_Qt6_qml_QtQuick3D_Helpers["Helpers"]\n    node_venv_lib_python3_12_site-packages_PyQt6_Qt6_qml_QtQuick3D_Helpers --> node_venv_lib_python3_12_site-packages_PyQt6_Qt6_qml_QtQuick3D_Helpers_designer["designer"]\n    node_venv_lib_python3_12_site-packages_PyQt6_Qt6_qml_QtQuick3D_Helpers_designer --> node_venv_lib_python3_12_site-packages_PyQt6_Qt6_qml_QtQuick3D_Helpers_designer_ExtendedSceneEnvironmentSpecifics_qml["ExtendedSceneEnvironmentSpecifics.qml"]\n    Root --> node_venv["venv"]\n    node_venv --> node_venv_lib["lib"]\n    node_venv_lib --> node_venv_lib_python3_12["python3.12"]\n    node_venv_lib_python3_12 --> node_venv_lib_python3_12_site-packages["site-packages"]\n    node_venv_lib_python3_12_site-packages --> node_venv_lib_python3_12_site-packages_PyQt6["PyQt6"]\n    node_venv_lib_python3_12_site-packages_PyQt6 --> node_venv_lib_python3_12_site-packages_PyQt6_Qt6["Qt6"]\n    node_venv_lib_python3_12_site-packages_PyQt6_Qt6 --> node_venv_lib_python3_12_site-packages_PyQt6_Qt6_qml["qml"]\n    node_venv_lib_python3_12_site-packages_PyQt6_Qt6_qml --> node_venv_lib_python3_12_site-packages_PyQt6_Qt6_qml_QtQuick3D["QtQuick3D"]\n    node_venv_lib_python3_12_site-packages_PyQt6_Qt6_qml_QtQuick3D --> node_venv_lib_python3_12_site-packages_PyQt6_Qt6_qml_QtQuick3D_Helpers["Helpers"]\n    node_venv_lib_python3_12_site-packages_PyQt6_Qt6_qml_QtQuick3D_Helpers --> node_venv_lib_python3_12_site-packages_PyQt6_Qt6_qml_QtQuick3D_Helpers_designer["designer"]\n    node_venv_lib_python3_12_site-packages_PyQt6_Qt6_qml_QtQuick3D_Helpers_designer --> node_venv_lib_python3_12_site-packages_PyQt6_Qt6_qml_QtQuick3D_Helpers_designer_GridGeometrySection_qml["GridGeometrySection.qml"]\n    Root --> node_venv["venv"]\n    node_venv --> node_venv_lib["lib"]\n    node_venv_lib --> node_venv_lib_python3_12["python3.12"]\n    node_venv_lib_python3_12 --> node_venv_lib_python3_12_site-packages["site-packages"]\n    node_venv_lib_python3_12_site-packages --> node_venv_lib_python3_12_site-packages_PyQt6["PyQt6"]\n    node_venv_lib_python3_12_site-packages_PyQt6 --> node_venv_lib_python3_12_site-packages_PyQt6_Qt6["Qt6"]\n    node_venv_lib_python3_12_site-packages_PyQt6_Qt6 --> node_venv_lib_python3_12_site-packages_PyQt6_Qt6_qml["qml"]\n    node_venv_lib_python3_12_site-packages_PyQt6_Qt6_qml --> node_venv_lib_python3_12_site-packages_PyQt6_Qt6_qml_QtQuick3D["QtQuick3D"]\n    node_venv_lib_python3_12_site-packages_PyQt6_Qt6_qml_QtQuick3D --> node_venv_lib_python3_12_site-packages_PyQt6_Qt6_qml_QtQuick3D_Helpers["Helpers"]\n    node_venv_lib_python3_12_site-packages_PyQt6_Qt6_qml_QtQuick3D_Helpers --> node_venv_lib_python3_12_site-packages_PyQt6_Qt6_qml_QtQuick3D_Helpers_designer["designer"]\n    node_venv_lib_python3_12_site-packages_PyQt6_Qt6_qml_QtQuick3D_Helpers_designer --> node_venv_lib_python3_12_site-packages_PyQt6_Qt6_qml_QtQuick3D_Helpers_designer_GridGeometrySpecifics_qml["GridGeometrySpecifics.qml"]\n    Root --> node_venv["venv"]\n    node_venv --> node_venv_lib["lib"]\n    node_venv_lib --> node_venv_lib_python3_12["python3.12"]\n    node_venv_lib_python3_12 --> node_venv_lib_python3_12_site-packages["site-packages"]\n    node_venv_lib_python3_12_site-packages --> node_venv_lib_python3_12_site-packages_PyQt6["PyQt6"]\n    node_venv_lib_python3_12_site-packages_PyQt6 --> node_venv_lib_python3_12_site-packages_PyQt6_Qt6["Qt6"]\n    node_venv_lib_python3_12_site-packages_PyQt6_Qt6 --> node_venv_lib_python3_12_site-packages_PyQt6_Qt6_qml["qml"]\n    node_venv_lib_python3_12_site-packages_PyQt6_Qt6_qml --> node_venv_lib_python3_12_site-packages_PyQt6_Qt6_qml_QtQuick3D["QtQuick3D"]\n    node_venv_lib_python3_12_site-packages_PyQt6_Qt6_qml_QtQuick3D --> node_venv_lib_python3_12_site-packages_PyQt6_Qt6_qml_QtQuick3D_Helpers["Helpers"]\n    node_venv_lib_python3_12_site-packages_PyQt6_Qt6_qml_QtQuick3D_Helpers --> node_venv_lib_python3_12_site-packages_PyQt6_Qt6_qml_QtQuick3D_Helpers_designer["designer"]\n    node_venv_lib_python3_12_site-packages_PyQt6_Qt6_qml_QtQuick3D_Helpers_designer --> node_venv_lib_python3_12_site-packages_PyQt6_Qt6_qml_QtQuick3D_Helpers_designer_HeightFieldGeometrySection_qml["HeightFieldGeometrySection.qml"]\n    Root --> node_venv["venv"]\n    node_venv --> node_venv_lib["lib"]\n    node_venv_lib --> node_venv_lib_python3_12["python3.12"]\n    node_venv_lib_python3_12 --> node_venv_lib_python3_12_site-packages["site-packages"]\n    node_venv_lib_python3_12_site-packages --> node_venv_lib_python3_12_site-packages_PyQt6["PyQt6"]\n    node_venv_lib_python3_12_site-packages_PyQt6 --> node_venv_lib_python3_12_site-packages_PyQt6_Qt6["Qt6"]\n    node_venv_lib_python3_12_site-packages_PyQt6_Qt6 --> node_venv_lib_python3_12_site-packages_PyQt6_Qt6_qml["qml"]\n    node_venv_lib_python3_12_site-packages_PyQt6_Qt6_qml --> node_venv_lib_python3_12_site-packages_PyQt6_Qt6_qml_QtQuick3D["QtQuick3D"]\n    node_venv_lib_python3_12_site-packages_PyQt6_Qt6_qml_QtQuick3D --> node_venv_lib_python3_12_site-packages_PyQt6_Qt6_qml_QtQuick3D_Helpers["Helpers"]\n    node_venv_lib_python3_12_site-packages_PyQt6_Qt6_qml_QtQuick3D_Helpers --> node_venv_lib_python3_12_site-packages_PyQt6_Qt6_qml_QtQuick3D_Helpers_designer["designer"]\n    node_venv_lib_python3_12_site-packages_PyQt6_Qt6_qml_QtQuick3D_Helpers_designer --> node_venv_lib_python3_12_site-packages_PyQt6_Qt6_qml_QtQuick3D_Helpers_designer_HeightFieldGeometrySpecifics_qml["HeightFieldGeometrySpecifics.qml"]\n    Root --> node_venv["venv"]\n    node_venv --> node_venv_lib["lib"]\n    node_venv_lib --> node_venv_lib_python3_12["python3.12"]\n    node_venv_lib_python3_12 --> node_venv_lib_python3_12_site-packages["site-packages"]\n    node_venv_lib_python3_12_site-packages --> node_venv_lib_python3_12_site-packages_PyQt6["PyQt6"]\n    node_venv_lib_python3_12_site-packages_PyQt6 --> node_venv_lib_python3_12_site-packages_PyQt6_Qt6["Qt6"]\n    node_venv_lib_python3_12_site-packages_PyQt6_Qt6 --> node_venv_lib_python3_12_site-packages_PyQt6_Qt6_qml["qml"]\n    node_venv_lib_python3_12_site-packages_PyQt6_Qt6_qml --> node_venv_lib_python3_12_site-packages_PyQt6_Qt6_qml_QtQuick3D["QtQuick3D"]\n    node_venv_lib_python3_12_site-packages_PyQt6_Qt6_qml_QtQuick3D --> node_venv_lib_python3_12_site-packages_PyQt6_Qt6_qml_QtQuick3D_Helpers["Helpers"]\n    node_venv_lib_python3_12_site-packages_PyQt6_Qt6_qml_QtQuick3D_Helpers --> node_venv_lib_python3_12_site-packages_PyQt6_Qt6_qml_QtQuick3D_Helpers_designer["designer"]\n    node_venv_lib_python3_12_site-packages_PyQt6_Qt6_qml_QtQuick3D_Helpers_designer --> node_venv_lib_python3_12_site-packages_PyQt6_Qt6_qml_QtQuick3D_Helpers_designer_InfiniteGridSection_qml["InfiniteGridSection.qml"]\n    Root --> node_venv["venv"]\n    node_venv --> node_venv_lib["lib"]\n    node_venv_lib --> node_venv_lib_python3_12["python3.12"]\n    node_venv_lib_python3_12 --> node_venv_lib_python3_12_site-packages["site-packages"]\n    node_venv_lib_python3_12_site-packages --> node_venv_lib_python3_12_site-packages_PyQt6["PyQt6"]\n    node_venv_lib_python3_12_site-packages_PyQt6 --> node_venv_lib_python3_12_site-packages_PyQt6_Qt6["Qt6"]\n    node_venv_lib_python3_12_site-packages_PyQt6_Qt6 --> node_venv_lib_python3_12_site-packages_PyQt6_Qt6_qml["qml"]\n    node_venv_lib_python3_12_site-packages_PyQt6_Qt6_qml --> node_venv_lib_python3_12_site-packages_PyQt6_Qt6_qml_QtQuick3D["QtQuick3D"]\n    node_venv_lib_python3_12_site-packages_PyQt6_Qt6_qml_QtQuick3D --> node_venv_lib_python3_12_site-packages_PyQt6_Qt6_qml_QtQuick3D_Helpers["Helpers"]\n    node_venv_lib_python3_12_site-packages_PyQt6_Qt6_qml_QtQuick3D_Helpers --> node_venv_lib_python3_12_site-packages_PyQt6_Qt6_qml_QtQuick3D_Helpers_designer["designer"]\n    node_venv_lib_python3_12_site-packages_PyQt6_Qt6_qml_QtQuick3D_Helpers_designer --> node_venv_lib_python3_12_site-packages_PyQt6_Qt6_qml_QtQuick3D_Helpers_designer_InfiniteGridSpecifics_qml["InfiniteGridSpecifics.qml"]\n    Root --> node_venv["venv"]\n    node_venv --> node_venv_lib["lib"]\n    node_venv_lib --> node_venv_lib_python3_12["python3.12"]\n    node_venv_lib_python3_12 --> node_venv_lib_python3_12_site-packages["site-packages"]\n    node_venv_lib_python3_12_site-packages --> node_venv_lib_python3_12_site-packages_PyQt6["PyQt6"]\n    node_venv_lib_python3_12_site-packages_PyQt6 --> node_venv_lib_python3_12_site-packages_PyQt6_Qt6["Qt6"]\n    node_venv_lib_python3_12_site-packages_PyQt6_Qt6 --> node_venv_lib_python3_12_site-packages_PyQt6_Qt6_qml["qml"]\n    node_venv_lib_python3_12_site-packages_PyQt6_Qt6_qml --> node_venv_lib_python3_12_site-packages_PyQt6_Qt6_qml_QtQuick3D["QtQuick3D"]\n    node_venv_lib_python3_12_site-packages_PyQt6_Qt6_qml_QtQuick3D --> node_venv_lib_python3_12_site-packages_PyQt6_Qt6_qml_QtQuick3D_Helpers["Helpers"]\n    node_venv_lib_python3_12_site-packages_PyQt6_Qt6_qml_QtQuick3D_Helpers --> node_venv_lib_python3_12_site-packages_PyQt6_Qt6_qml_QtQuick3D_Helpers_designer["designer"]\n    node_venv_lib_python3_12_site-packages_PyQt6_Qt6_qml_QtQuick3D_Helpers_designer --> node_venv_lib_python3_12_site-packages_PyQt6_Qt6_qml_QtQuick3D_Helpers_designer_InstanceModelSection_qml["InstanceModelSection.qml"]\n    Root --> node_venv["venv"]\n    node_venv --> node_venv_lib["lib"]\n    node_venv_lib --> node_venv_lib_python3_12["python3.12"]\n    node_venv_lib_python3_12 --> node_venv_lib_python3_12_site-packages["site-packages"]\n    node_venv_lib_python3_12_site-packages --> node_venv_lib_python3_12_site-packages_PyQt6["PyQt6"]\n    node_venv_lib_python3_12_site-packages_PyQt6 --> node_venv_lib_python3_12_site-packages_PyQt6_Qt6["Qt6"]\n    node_venv_lib_python3_12_site-packages_PyQt6_Qt6 --> node_venv_lib_python3_12_site-packages_PyQt6_Qt6_qml["qml"]\n    node_venv_lib_python3_12_site-packages_PyQt6_Qt6_qml --> node_venv_lib_python3_12_site-packages_PyQt6_Qt6_qml_QtQuick3D["QtQuick3D"]\n    node_venv_lib_python3_12_site-packages_PyQt6_Qt6_qml_QtQuick3D --> node_venv_lib_python3_12_site-packages_PyQt6_Qt6_qml_QtQuick3D_Helpers["Helpers"]\n    node_venv_lib_python3_12_site-packages_PyQt6_Qt6_qml_QtQuick3D_Helpers --> node_venv_lib_python3_12_site-packages_PyQt6_Qt6_qml_QtQuick3D_Helpers_designer["designer"]\n    node_venv_lib_python3_12_site-packages_PyQt6_Qt6_qml_QtQuick3D_Helpers_designer --> node_venv_lib_python3_12_site-packages_PyQt6_Qt6_qml_QtQuick3D_Helpers_designer_InstanceModelSpecifics_qml["InstanceModelSpecifics.qml"]\n    Root --> node_venv["venv"]\n    node_venv --> node_venv_lib["lib"]\n    node_venv_lib --> node_venv_lib_python3_12["python3.12"]\n    node_venv_lib_python3_12 --> node_venv_lib_python3_12_site-packages["site-packages"]\n    node_venv_lib_python3_12_site-packages --> node_venv_lib_python3_12_site-packages_PyQt6["PyQt6"]\n    node_venv_lib_python3_12_site-packages_PyQt6 --> node_venv_lib_python3_12_site-packages_PyQt6_Qt6["Qt6"]\n    node_venv_lib_python3_12_site-packages_PyQt6_Qt6 --> node_venv_lib_python3_12_site-packages_PyQt6_Qt6_qml["qml"]\n    node_venv_lib_python3_12_site-packages_PyQt6_Qt6_qml --> node_venv_lib_python3_12_site-packages_PyQt6_Qt6_qml_QtQuick3D["QtQuick3D"]\n    node_venv_lib_python3_12_site-packages_PyQt6_Qt6_qml_QtQuick3D --> node_venv_lib_python3_12_site-packages_PyQt6_Qt6_qml_QtQuick3D_Helpers["Helpers"]\n    node_venv_lib_python3_12_site-packages_PyQt6_Qt6_qml_QtQuick3D_Helpers --> node_venv_lib_python3_12_site-packages_PyQt6_Qt6_qml_QtQuick3D_Helpers_designer["designer"]\n    node_venv_lib_python3_12_site-packages_PyQt6_Qt6_qml_QtQuick3D_Helpers_designer --> node_venv_lib_python3_12_site-packages_PyQt6_Qt6_qml_QtQuick3D_Helpers_designer_InstanceRepeaterSection_qml["InstanceRepeaterSection.qml"]\n    Root --> node_venv["venv"]\n    node_venv --> node_venv_lib["lib"]\n    node_venv_lib --> node_venv_lib_python3_12["python3.12"]\n    node_venv_lib_python3_12 --> node_venv_lib_python3_12_site-packages["site-packages"]\n    node_venv_lib_python3_12_site-packages --> node_venv_lib_python3_12_site-packages_PyQt6["PyQt6"]\n    node_venv_lib_python3_12_site-packages_PyQt6 --> node_venv_lib_python3_12_site-packages_PyQt6_Qt6["Qt6"]\n    node_venv_lib_python3_12_site-packages_PyQt6_Qt6 --> node_venv_lib_python3_12_site-packages_PyQt6_Qt6_qml["qml"]\n    node_venv_lib_python3_12_site-packages_PyQt6_Qt6_qml --> node_venv_lib_python3_12_site-packages_PyQt6_Qt6_qml_QtQuick3D["QtQuick3D"]\n    node_venv_lib_python3_12_site-packages_PyQt6_Qt6_qml_QtQuick3D --> node_venv_lib_python3_12_site-packages_PyQt6_Qt6_qml_QtQuick3D_Helpers["Helpers"]\n    node_venv_lib_python3_12_site-packages_PyQt6_Qt6_qml_QtQuick3D_Helpers --> node_venv_lib_python3_12_site-packages_PyQt6_Qt6_qml_QtQuick3D_Helpers_designer["designer"]\n    node_venv_lib_python3_12_site-packages_PyQt6_Qt6_qml_QtQuick3D_Helpers_designer --> node_venv_lib_python3_12_site-packages_PyQt6_Qt6_qml_QtQuick3D_Helpers_designer_InstanceRepeaterSpecifics_qml["InstanceRepeaterSpecifics.qml"]\n    Root --> node_venv["venv"]\n    node_venv --> node_venv_lib["lib"]\n    node_venv_lib --> node_venv_lib_python3_12["python3.12"]\n    node_venv_lib_python3_12 --> node_venv_lib_python3_12_site-packages["site-packages"]\n    node_venv_lib_python3_12_site-packages --> node_venv_lib_python3_12_site-packages_PyQt6["PyQt6"]\n    node_venv_lib_python3_12_site-packages_PyQt6 --> node_venv_lib_python3_12_site-packages_PyQt6_Qt6["Qt6"]\n    node_venv_lib_python3_12_site-packages_PyQt6_Qt6 --> node_venv_lib_python3_12_site-packages_PyQt6_Qt6_qml["qml"]\n    node_venv_lib_python3_12_site-packages_PyQt6_Qt6_qml --> node_venv_lib_python3_12_site-packages_PyQt6_Qt6_qml_QtQuick3D["QtQuick3D"]\n    node_venv_lib_python3_12_site-packages_PyQt6_Qt6_qml_QtQuick3D --> node_venv_lib_python3_12_site-packages_PyQt6_Qt6_qml_QtQuick3D_Helpers["Helpers"]\n    node_venv_lib_python3_12_site-packages_PyQt6_Qt6_qml_QtQuick3D_Helpers --> node_venv_lib_python3_12_site-packages_PyQt6_Qt6_qml_QtQuick3D_Helpers_designer["designer"]\n    node_venv_lib_python3_12_site-packages_PyQt6_Qt6_qml_QtQuick3D_Helpers_designer --> node_venv_lib_python3_12_site-packages_PyQt6_Qt6_qml_QtQuick3D_Helpers_designer_LodManagerSection_qml["LodManagerSection.qml"]\n    Root --> node_venv["venv"]\n    node_venv --> node_venv_lib["lib"]\n    node_venv_lib --> node_venv_lib_python3_12["python3.12"]\n    node_venv_lib_python3_12 --> node_venv_lib_python3_12_site-packages["site-packages"]\n    node_venv_lib_python3_12_site-packages --> node_venv_lib_python3_12_site-packages_PyQt6["PyQt6"]\n    node_venv_lib_python3_12_site-packages_PyQt6 --> node_venv_lib_python3_12_site-packages_PyQt6_Qt6["Qt6"]\n    node_venv_lib_python3_12_site-packages_PyQt6_Qt6 --> node_venv_lib_python3_12_site-packages_PyQt6_Qt6_qml["qml"]\n    node_venv_lib_python3_12_site-packages_PyQt6_Qt6_qml --> node_venv_lib_python3_12_site-packages_PyQt6_Qt6_qml_QtQuick3D["QtQuick3D"]\n    node_venv_lib_python3_12_site-packages_PyQt6_Qt6_qml_QtQuick3D --> node_venv_lib_python3_12_site-packages_PyQt6_Qt6_qml_QtQuick3D_Helpers["Helpers"]\n    node_venv_lib_python3_12_site-packages_PyQt6_Qt6_qml_QtQuick3D_Helpers --> node_venv_lib_python3_12_site-packages_PyQt6_Qt6_qml_QtQuick3D_Helpers_designer["designer"]\n    node_venv_lib_python3_12_site-packages_PyQt6_Qt6_qml_QtQuick3D_Helpers_designer --> node_venv_lib_python3_12_site-packages_PyQt6_Qt6_qml_QtQuick3D_Helpers_designer_LodManagerSpecifics_qml["LodManagerSpecifics.qml"]\n    Root --> node_venv["venv"]\n    node_venv --> node_venv_lib["lib"]\n    node_venv_lib --> node_venv_lib_python3_12["python3.12"]\n    node_venv_lib_python3_12 --> node_venv_lib_python3_12_site-packages["site-packages"]\n    node_venv_lib_python3_12_site-packages --> node_venv_lib_python3_12_site-packages_PyQt6["PyQt6"]\n    node_venv_lib_python3_12_site-packages_PyQt6 --> node_venv_lib_python3_12_site-packages_PyQt6_Qt6["Qt6"]\n    node_venv_lib_python3_12_site-packages_PyQt6_Qt6 --> node_venv_lib_python3_12_site-packages_PyQt6_Qt6_qml["qml"]\n    node_venv_lib_python3_12_site-packages_PyQt6_Qt6_qml --> node_venv_lib_python3_12_site-packages_PyQt6_Qt6_qml_QtQuick3D["QtQuick3D"]\n    node_venv_lib_python3_12_site-packages_PyQt6_Qt6_qml_QtQuick3D --> node_venv_lib_python3_12_site-packages_PyQt6_Qt6_qml_QtQuick3D_Helpers["Helpers"]\n    node_venv_lib_python3_12_site-packages_PyQt6_Qt6_qml_QtQuick3D_Helpers --> node_venv_lib_python3_12_site-packages_PyQt6_Qt6_qml_QtQuick3D_Helpers_designer["designer"]\n    node_venv_lib_python3_12_site-packages_PyQt6_Qt6_qml_QtQuick3D_Helpers_designer --> node_venv_lib_python3_12_site-packages_PyQt6_Qt6_qml_QtQuick3D_Helpers_designer_LookAtNodeSection_qml["LookAtNodeSection.qml"]\n    Root --> node_venv["venv"]\n    node_venv --> node_venv_lib["lib"]\n    node_venv_lib --> node_venv_lib_python3_12["python3.12"]\n    node_venv_lib_python3_12 --> node_venv_lib_python3_12_site-packages["site-packages"]\n    node_venv_lib_python3_12_site-packages --> node_venv_lib_python3_12_site-packages_PyQt6["PyQt6"]\n    node_venv_lib_python3_12_site-packages_PyQt6 --> node_venv_lib_python3_12_site-packages_PyQt6_Qt6["Qt6"]\n    node_venv_lib_python3_12_site-packages_PyQt6_Qt6 --> node_venv_lib_python3_12_site-packages_PyQt6_Qt6_qml["qml"]\n    node_venv_lib_python3_12_site-packages_PyQt6_Qt6_qml --> node_venv_lib_python3_12_site-packages_PyQt6_Qt6_qml_QtQuick3D["QtQuick3D"]\n    node_venv_lib_python3_12_site-packages_PyQt6_Qt6_qml_QtQuick3D --> node_venv_lib_python3_12_site-packages_PyQt6_Qt6_qml_QtQuick3D_Helpers["Helpers"]\n    node_venv_lib_python3_12_site-packages_PyQt6_Qt6_qml_QtQuick3D_Helpers --> node_venv_lib_python3_12_site-packages_PyQt6_Qt6_qml_QtQuick3D_Helpers_designer["designer"]\n    node_venv_lib_python3_12_site-packages_PyQt6_Qt6_qml_QtQuick3D_Helpers_designer --> node_venv_lib_python3_12_site-packages_PyQt6_Qt6_qml_QtQuick3D_Helpers_designer_LookAtNodeSpecifics_qml["LookAtNodeSpecifics.qml"]\n    Root --> node_venv["venv"]\n    node_venv --> node_venv_lib["lib"]\n    node_venv_lib --> node_venv_lib_python3_12["python3.12"]\n    node_venv_lib_python3_12 --> node_venv_lib_python3_12_site-packages["site-packages"]\n    node_venv_lib_python3_12_site-packages --> node_venv_lib_python3_12_site-packages_PyQt6["PyQt6"]\n    node_venv_lib_python3_12_site-packages_PyQt6 --> node_venv_lib_python3_12_site-packages_PyQt6_Qt6["Qt6"]\n    node_venv_lib_python3_12_site-packages_PyQt6_Qt6 --> node_venv_lib_python3_12_site-packages_PyQt6_Qt6_qml["qml"]\n    node_venv_lib_python3_12_site-packages_PyQt6_Qt6_qml --> node_venv_lib_python3_12_site-packages_PyQt6_Qt6_qml_QtQuick3D["QtQuick3D"]\n    node_venv_lib_python3_12_site-packages_PyQt6_Qt6_qml_QtQuick3D --> node_venv_lib_python3_12_site-packages_PyQt6_Qt6_qml_QtQuick3D_Helpers["Helpers"]\n    node_venv_lib_python3_12_site-packages_PyQt6_Qt6_qml_QtQuick3D_Helpers --> node_venv_lib_python3_12_site-packages_PyQt6_Qt6_qml_QtQuick3D_Helpers_designer["designer"]\n    node_venv_lib_python3_12_site-packages_PyQt6_Qt6_qml_QtQuick3D_Helpers_designer --> node_venv_lib_python3_12_site-packages_PyQt6_Qt6_qml_QtQuick3D_Helpers_designer_NodeSection_qml["NodeSection.qml"]\n    Root --> node_venv["venv"]\n    node_venv --> node_venv_lib["lib"]\n    node_venv_lib --> node_venv_lib_python3_12["python3.12"]\n    node_venv_lib_python3_12 --> node_venv_lib_python3_12_site-packages["site-packages"]\n    node_venv_lib_python3_12_site-packages --> node_venv_lib_python3_12_site-packages_PyQt6["PyQt6"]\n    node_venv_lib_python3_12_site-packages_PyQt6 --> node_venv_lib_python3_12_site-packages_PyQt6_Qt6["Qt6"]\n    node_venv_lib_python3_12_site-packages_PyQt6_Qt6 --> node_venv_lib_python3_12_site-packages_PyQt6_Qt6_qml["qml"]\n    node_venv_lib_python3_12_site-packages_PyQt6_Qt6_qml --> node_venv_lib_python3_12_site-packages_PyQt6_Qt6_qml_QtQuick3D["QtQuick3D"]\n    node_venv_lib_python3_12_site-packages_PyQt6_Qt6_qml_QtQuick3D --> node_venv_lib_python3_12_site-packages_PyQt6_Qt6_qml_QtQuick3D_Helpers["Helpers"]\n    node_venv_lib_python3_12_site-packages_PyQt6_Qt6_qml_QtQuick3D_Helpers --> node_venv_lib_python3_12_site-packages_PyQt6_Qt6_qml_QtQuick3D_Helpers_designer["designer"]\n    node_venv_lib_python3_12_site-packages_PyQt6_Qt6_qml_QtQuick3D_Helpers_designer --> node_venv_lib_python3_12_site-packages_PyQt6_Qt6_qml_QtQuick3D_Helpers_designer_OrbitCameraControllerSection_qml["OrbitCameraControllerSection.qml"]\n    Root --> node_venv["venv"]\n    node_venv --> node_venv_lib["lib"]\n    node_venv_lib --> node_venv_lib_python3_12["python3.12"]\n    node_venv_lib_python3_12 --> node_venv_lib_python3_12_site-packages["site-packages"]\n    node_venv_lib_python3_12_site-packages --> node_venv_lib_python3_12_site-packages_PyQt6["PyQt6"]\n    node_venv_lib_python3_12_site-packages_PyQt6 --> node_venv_lib_python3_12_site-packages_PyQt6_Qt6["Qt6"]\n    node_venv_lib_python3_12_site-packages_PyQt6_Qt6 --> node_venv_lib_python3_12_site-packages_PyQt6_Qt6_qml["qml"]\n    node_venv_lib_python3_12_site-packages_PyQt6_Qt6_qml --> node_venv_lib_python3_12_site-packages_PyQt6_Qt6_qml_QtQuick3D["QtQuick3D"]\n    node_venv_lib_python3_12_site-packages_PyQt6_Qt6_qml_QtQuick3D --> node_venv_lib_python3_12_site-packages_PyQt6_Qt6_qml_QtQuick3D_Helpers["Helpers"]\n    node_venv_lib_python3_12_site-packages_PyQt6_Qt6_qml_QtQuick3D_Helpers --> node_venv_lib_python3_12_site-packages_PyQt6_Qt6_qml_QtQuick3D_Helpers_designer["designer"]\n    node_venv_lib_python3_12_site-packages_PyQt6_Qt6_qml_QtQuick3D_Helpers_designer --> node_venv_lib_python3_12_site-packages_PyQt6_Qt6_qml_QtQuick3D_Helpers_designer_OrbitCameraControllerSpecifics_qml["OrbitCameraControllerSpecifics.qml"]\n    Root --> node_venv["venv"]\n    node_venv --> node_venv_lib["lib"]\n    node_venv_lib --> node_venv_lib_python3_12["python3.12"]\n    node_venv_lib_python3_12 --> node_venv_lib_python3_12_site-packages["site-packages"]\n    node_venv_lib_python3_12_site-packages --> node_venv_lib_python3_12_site-packages_PyQt6["PyQt6"]\n    node_venv_lib_python3_12_site-packages_PyQt6 --> node_venv_lib_python3_12_site-packages_PyQt6_Qt6["Qt6"]\n    node_venv_lib_python3_12_site-packages_PyQt6_Qt6 --> node_venv_lib_python3_12_site-packages_PyQt6_Qt6_qml["qml"]\n    node_venv_lib_python3_12_site-packages_PyQt6_Qt6_qml --> node_venv_lib_python3_12_site-packages_PyQt6_Qt6_qml_QtQuick3D["QtQuick3D"]\n    node_venv_lib_python3_12_site-packages_PyQt6_Qt6_qml_QtQuick3D --> node_venv_lib_python3_12_site-packages_PyQt6_Qt6_qml_QtQuick3D_Helpers["Helpers"]\n    node_venv_lib_python3_12_site-packages_PyQt6_Qt6_qml_QtQuick3D_Helpers --> node_venv_lib_python3_12_site-packages_PyQt6_Qt6_qml_QtQuick3D_Helpers_designer["designer"]\n    node_venv_lib_python3_12_site-packages_PyQt6_Qt6_qml_QtQuick3D_Helpers_designer --> node_venv_lib_python3_12_site-packages_PyQt6_Qt6_qml_QtQuick3D_Helpers_designer_ProceduralSkyTextureDataSection_qml["ProceduralSkyTextureDataSection.qml"]\n    Root --> node_venv["venv"]\n    node_venv --> node_venv_lib["lib"]\n    node_venv_lib --> node_venv_lib_python3_12["python3.12"]\n    node_venv_lib_python3_12 --> node_venv_lib_python3_12_site-packages["site-packages"]\n    node_venv_lib_python3_12_site-packages --> node_venv_lib_python3_12_site-packages_PyQt6["PyQt6"]\n    node_venv_lib_python3_12_site-packages_PyQt6 --> node_venv_lib_python3_12_site-packages_PyQt6_Qt6["Qt6"]\n    node_venv_lib_python3_12_site-packages_PyQt6_Qt6 --> node_venv_lib_python3_12_site-packages_PyQt6_Qt6_qml["qml"]\n    node_venv_lib_python3_12_site-packages_PyQt6_Qt6_qml --> node_venv_lib_python3_12_site-packages_PyQt6_Qt6_qml_QtQuick3D["QtQuick3D"]\n    node_venv_lib_python3_12_site-packages_PyQt6_Qt6_qml_QtQuick3D --> node_venv_lib_python3_12_site-packages_PyQt6_Qt6_qml_QtQuick3D_Helpers["Helpers"]\n    node_venv_lib_python3_12_site-packages_PyQt6_Qt6_qml_QtQuick3D_Helpers --> node_venv_lib_python3_12_site-packages_PyQt6_Qt6_qml_QtQuick3D_Helpers_designer["designer"]\n    node_venv_lib_python3_12_site-packages_PyQt6_Qt6_qml_QtQuick3D_Helpers_designer --> node_venv_lib_python3_12_site-packages_PyQt6_Qt6_qml_QtQuick3D_Helpers_designer_ProceduralSkyTextureDataSpecifics_qml["ProceduralSkyTextureDataSpecifics.qml"]\n    Root --> node_venv["venv"]\n    node_venv --> node_venv_lib["lib"]\n    node_venv_lib --> node_venv_lib_python3_12["python3.12"]\n    node_venv_lib_python3_12 --> node_venv_lib_python3_12_site-packages["site-packages"]\n    node_venv_lib_python3_12_site-packages --> node_venv_lib_python3_12_site-packages_PyQt6["PyQt6"]\n    node_venv_lib_python3_12_site-packages_PyQt6 --> node_venv_lib_python3_12_site-packages_PyQt6_Qt6["Qt6"]\n    node_venv_lib_python3_12_site-packages_PyQt6_Qt6 --> node_venv_lib_python3_12_site-packages_PyQt6_Qt6_qml["qml"]\n    node_venv_lib_python3_12_site-packages_PyQt6_Qt6_qml --> node_venv_lib_python3_12_site-packages_PyQt6_Qt6_qml_QtQuick3D["QtQuick3D"]\n    node_venv_lib_python3_12_site-packages_PyQt6_Qt6_qml_QtQuick3D --> node_venv_lib_python3_12_site-packages_PyQt6_Qt6_qml_QtQuick3D_Helpers["Helpers"]\n    node_venv_lib_python3_12_site-packages_PyQt6_Qt6_qml_QtQuick3D_Helpers --> node_venv_lib_python3_12_site-packages_PyQt6_Qt6_qml_QtQuick3D_Helpers_designer["designer"]\n    node_venv_lib_python3_12_site-packages_PyQt6_Qt6_qml_QtQuick3D_Helpers_designer --> node_venv_lib_python3_12_site-packages_PyQt6_Qt6_qml_QtQuick3D_Helpers_designer_Repeater3DSection_qml["Repeater3DSection.qml"]\n    Root --> node_venv["venv"]\n    node_venv --> node_venv_lib["lib"]\n    node_venv_lib --> node_venv_lib_python3_12["python3.12"]\n    node_venv_lib_python3_12 --> node_venv_lib_python3_12_site-packages["site-packages"]\n    node_venv_lib_python3_12_site-packages --> node_venv_lib_python3_12_site-packages_PyQt6["PyQt6"]\n    node_venv_lib_python3_12_site-packages_PyQt6 --> node_venv_lib_python3_12_site-packages_PyQt6_Qt6["Qt6"]\n    node_venv_lib_python3_12_site-packages_PyQt6_Qt6 --> node_venv_lib_python3_12_site-packages_PyQt6_Qt6_qml["qml"]\n    node_venv_lib_python3_12_site-packages_PyQt6_Qt6_qml --> node_venv_lib_python3_12_site-packages_PyQt6_Qt6_qml_QtQuick3D["QtQuick3D"]\n    node_venv_lib_python3_12_site-packages_PyQt6_Qt6_qml_QtQuick3D --> node_venv_lib_python3_12_site-packages_PyQt6_Qt6_qml_QtQuick3D_Helpers["Helpers"]\n    node_venv_lib_python3_12_site-packages_PyQt6_Qt6_qml_QtQuick3D_Helpers --> node_venv_lib_python3_12_site-packages_PyQt6_Qt6_qml_QtQuick3D_Helpers_designer["designer"]\n    node_venv_lib_python3_12_site-packages_PyQt6_Qt6_qml_QtQuick3D_Helpers_designer --> node_venv_lib_python3_12_site-packages_PyQt6_Qt6_qml_QtQuick3D_Helpers_designer_WasdControllerSection_qml["WasdControllerSection.qml"]\n    Root --> node_venv["venv"]\n    node_venv --> node_venv_lib["lib"]\n    node_venv_lib --> node_venv_lib_python3_12["python3.12"]\n    node_venv_lib_python3_12 --> node_venv_lib_python3_12_site-packages["site-packages"]\n    node_venv_lib_python3_12_site-packages --> node_venv_lib_python3_12_site-packages_PyQt6["PyQt6"]\n    node_venv_lib_python3_12_site-packages_PyQt6 --> node_venv_lib_python3_12_site-packages_PyQt6_Qt6["Qt6"]\n    node_venv_lib_python3_12_site-packages_PyQt6_Qt6 --> node_venv_lib_python3_12_site-packages_PyQt6_Qt6_qml["qml"]\n    node_venv_lib_python3_12_site-packages_PyQt6_Qt6_qml --> node_venv_lib_python3_12_site-packages_PyQt6_Qt6_qml_QtQuick3D["QtQuick3D"]\n    node_venv_lib_python3_12_site-packages_PyQt6_Qt6_qml_QtQuick3D --> node_venv_lib_python3_12_site-packages_PyQt6_Qt6_qml_QtQuick3D_Helpers["Helpers"]\n    node_venv_lib_python3_12_site-packages_PyQt6_Qt6_qml_QtQuick3D_Helpers --> node_venv_lib_python3_12_site-packages_PyQt6_Qt6_qml_QtQuick3D_Helpers_designer["designer"]\n    node_venv_lib_python3_12_site-packages_PyQt6_Qt6_qml_QtQuick3D_Helpers_designer --> node_venv_lib_python3_12_site-packages_PyQt6_Qt6_qml_QtQuick3D_Helpers_designer_WasdControllerSpecifics_qml["WasdControllerSpecifics.qml"]\n    Root --> node_venv["venv"]\n    node_venv --> node_venv_lib["lib"]\n    node_venv_lib --> node_venv_lib_python3_12["python3.12"]\n    node_venv_lib_python3_12 --> node_venv_lib_python3_12_site-packages["site-packages"]\n    node_venv_lib_python3_12_site-packages --> node_venv_lib_python3_12_site-packages_PyQt6["PyQt6"]\n    node_venv_lib_python3_12_site-packages_PyQt6 --> node_venv_lib_python3_12_site-packages_PyQt6_Qt6["Qt6"]\n    node_venv_lib_python3_12_site-packages_PyQt6_Qt6 --> node_venv_lib_python3_12_site-packages_PyQt6_Qt6_qml["qml"]\n    node_venv_lib_python3_12_site-packages_PyQt6_Qt6_qml --> node_venv_lib_python3_12_site-packages_PyQt6_Qt6_qml_QtQuick3D["QtQuick3D"]\n    node_venv_lib_python3_12_site-packages_PyQt6_Qt6_qml_QtQuick3D --> node_venv_lib_python3_12_site-packages_PyQt6_Qt6_qml_QtQuick3D_Helpers["Helpers"]\n    node_venv_lib_python3_12_site-packages_PyQt6_Qt6_qml_QtQuick3D_Helpers --> node_venv_lib_python3_12_site-packages_PyQt6_Qt6_qml_QtQuick3D_Helpers_designer["designer"]\n    node_venv_lib_python3_12_site-packages_PyQt6_Qt6_qml_QtQuick3D_Helpers_designer --> node_venv_lib_python3_12_site-packages_PyQt6_Qt6_qml_QtQuick3D_Helpers_designer_helpers_metainfo["helpers.metainfo"]\n    Root --> node_venv["venv"]\n    node_venv --> node_venv_lib["lib"]\n    node_venv_lib --> node_venv_lib_python3_12["python3.12"]\n    node_venv_lib_python3_12 --> node_venv_lib_python3_12_site-packages["site-packages"]\n    node_venv_lib_python3_12_site-packages --> node_venv_lib_python3_12_site-packages_PyQt6["PyQt6"]\n    node_venv_lib_python3_12_site-packages_PyQt6 --> node_venv_lib_python3_12_site-packages_PyQt6_Qt6["Qt6"]\n    node_venv_lib_python3_12_site-packages_PyQt6_Qt6 --> node_venv_lib_python3_12_site-packages_PyQt6_Qt6_qml["qml"]\n    node_venv_lib_python3_12_site-packages_PyQt6_Qt6_qml --> node_venv_lib_python3_12_site-packages_PyQt6_Qt6_qml_QtQuick3D["QtQuick3D"]\n    node_venv_lib_python3_12_site-packages_PyQt6_Qt6_qml_QtQuick3D --> node_venv_lib_python3_12_site-packages_PyQt6_Qt6_qml_QtQuick3D_Helpers["Helpers"]\n    node_venv_lib_python3_12_site-packages_PyQt6_Qt6_qml_QtQuick3D_Helpers --> node_venv_lib_python3_12_site-packages_PyQt6_Qt6_qml_QtQuick3D_Helpers_designer["designer"]\n    node_venv_lib_python3_12_site-packages_PyQt6_Qt6_qml_QtQuick3D_Helpers_designer --> node_venv_lib_python3_12_site-packages_PyQt6_Qt6_qml_QtQuick3D_Helpers_designer_images["images"]\n    node_venv_lib_python3_12_site-packages_PyQt6_Qt6_qml_QtQuick3D_Helpers_designer_images --> node_venv_lib_python3_12_site-packages_PyQt6_Qt6_qml_QtQuick3D_Helpers_designer_images_axishelper_png["axishelper.png"]\n    Root --> node_venv["venv"]\n    node_venv --> node_venv_lib["lib"]\n    node_venv_lib --> node_venv_lib_python3_12["python3.12"]\n    node_venv_lib_python3_12 --> node_venv_lib_python3_12_site-packages["site-packages"]\n    node_venv_lib_python3_12_site-packages --> node_venv_lib_python3_12_site-packages_PyQt6["PyQt6"]\n    node_venv_lib_python3_12_site-packages_PyQt6 --> node_venv_lib_python3_12_site-packages_PyQt6_Qt6["Qt6"]\n    node_venv_lib_python3_12_site-packages_PyQt6_Qt6 --> node_venv_lib_python3_12_site-packages_PyQt6_Qt6_qml["qml"]\n    node_venv_lib_python3_12_site-packages_PyQt6_Qt6_qml --> node_venv_lib_python3_12_site-packages_PyQt6_Qt6_qml_QtQuick3D["QtQuick3D"]\n    node_venv_lib_python3_12_site-packages_PyQt6_Qt6_qml_QtQuick3D --> node_venv_lib_python3_12_site-packages_PyQt6_Qt6_qml_QtQuick3D_Helpers["Helpers"]\n    node_venv_lib_python3_12_site-packages_PyQt6_Qt6_qml_QtQuick3D_Helpers --> node_venv_lib_python3_12_site-packages_PyQt6_Qt6_qml_QtQuick3D_Helpers_designer["designer"]\n    node_venv_lib_python3_12_site-packages_PyQt6_Qt6_qml_QtQuick3D_Helpers_designer --> node_venv_lib_python3_12_site-packages_PyQt6_Qt6_qml_QtQuick3D_Helpers_designer_images["images"]\n    node_venv_lib_python3_12_site-packages_PyQt6_Qt6_qml_QtQuick3D_Helpers_designer_images --> node_venv_lib_python3_12_site-packages_PyQt6_Qt6_qml_QtQuick3D_Helpers_designer_images_axishelper16_png["axishelper16.png"]\n    Root --> node_venv["venv"]\n    node_venv --> node_venv_lib["lib"]\n    node_venv_lib --> node_venv_lib_python3_12["python3.12"]\n    node_venv_lib_python3_12 --> node_venv_lib_python3_12_site-packages["site-packages"]\n    node_venv_lib_python3_12_site-packages --> node_venv_lib_python3_12_site-packages_PyQt6["PyQt6"]\n    node_venv_lib_python3_12_site-packages_PyQt6 --> node_venv_lib_python3_12_site-packages_PyQt6_Qt6["Qt6"]\n    node_venv_lib_python3_12_site-packages_PyQt6_Qt6 --> node_venv_lib_python3_12_site-packages_PyQt6_Qt6_qml["qml"]\n    node_venv_lib_python3_12_site-packages_PyQt6_Qt6_qml --> node_venv_lib_python3_12_site-packages_PyQt6_Qt6_qml_QtQuick3D["QtQuick3D"]\n    node_venv_lib_python3_12_site-packages_PyQt6_Qt6_qml_QtQuick3D --> node_venv_lib_python3_12_site-packages_PyQt6_Qt6_qml_QtQuick3D_Helpers["Helpers"]\n    node_venv_lib_python3_12_site-packages_PyQt6_Qt6_qml_QtQuick3D_Helpers --> node_venv_lib_python3_12_site-packages_PyQt6_Qt6_qml_QtQuick3D_Helpers_designer["designer"]\n    node_venv_lib_python3_12_site-packages_PyQt6_Qt6_qml_QtQuick3D_Helpers_designer --> node_venv_lib_python3_12_site-packages_PyQt6_Qt6_qml_QtQuick3D_Helpers_designer_images["images"]\n    node_venv_lib_python3_12_site-packages_PyQt6_Qt6_qml_QtQuick3D_Helpers_designer_images --> node_venv_lib_python3_12_site-packages_PyQt6_Qt6_qml_QtQuick3D_Helpers_designer_images_axishelper@2x_png["axishelper@2x.png"]\n    Root --> node_venv["venv"]\n    node_venv --> node_venv_lib["lib"]\n    node_venv_lib --> node_venv_lib_python3_12["python3.12"]\n    node_venv_lib_python3_12 --> node_venv_lib_python3_12_site-packages["site-packages"]\n    node_venv_lib_python3_12_site-packages --> node_venv_lib_python3_12_site-packages_PyQt6["PyQt6"]\n    node_venv_lib_python3_12_site-packages_PyQt6 --> node_venv_lib_python3_12_site-packages_PyQt6_Qt6["Qt6"]\n    node_venv_lib_python3_12_site-packages_PyQt6_Qt6 --> node_venv_lib_python3_12_site-packages_PyQt6_Qt6_qml["qml"]\n    node_venv_lib_python3_12_site-packages_PyQt6_Qt6_qml --> node_venv_lib_python3_12_site-packages_PyQt6_Qt6_qml_QtQuick3D["QtQuick3D"]\n    node_venv_lib_python3_12_site-packages_PyQt6_Qt6_qml_QtQuick3D --> node_venv_lib_python3_12_site-packages_PyQt6_Qt6_qml_QtQuick3D_Helpers["Helpers"]\n    node_venv_lib_python3_12_site-packages_PyQt6_Qt6_qml_QtQuick3D_Helpers --> node_venv_lib_python3_12_site-packages_PyQt6_Qt6_qml_QtQuick3D_Helpers_designer["designer"]\n    node_venv_lib_python3_12_site-packages_PyQt6_Qt6_qml_QtQuick3D_Helpers_designer --> node_venv_lib_python3_12_site-packages_PyQt6_Qt6_qml_QtQuick3D_Helpers_designer_images["images"]\n    node_venv_lib_python3_12_site-packages_PyQt6_Qt6_qml_QtQuick3D_Helpers_designer_images --> node_venv_lib_python3_12_site-packages_PyQt6_Qt6_qml_QtQuick3D_Helpers_designer_images_debugview_png["debugview.png"]\n    Root --> node_venv["venv"]\n    node_venv --> node_venv_lib["lib"]\n    node_venv_lib --> node_venv_lib_python3_12["python3.12"]\n    node_venv_lib_python3_12 --> node_venv_lib_python3_12_site-packages["site-packages"]\n    node_venv_lib_python3_12_site-packages --> node_venv_lib_python3_12_site-packages_PyQt6["PyQt6"]\n    node_venv_lib_python3_12_site-packages_PyQt6 --> node_venv_lib_python3_12_site-packages_PyQt6_Qt6["Qt6"]\n    node_venv_lib_python3_12_site-packages_PyQt6_Qt6 --> node_venv_lib_python3_12_site-packages_PyQt6_Qt6_qml["qml"]\n    node_venv_lib_python3_12_site-packages_PyQt6_Qt6_qml --> node_venv_lib_python3_12_site-packages_PyQt6_Qt6_qml_QtQuick3D["QtQuick3D"]\n    node_venv_lib_python3_12_site-packages_PyQt6_Qt6_qml_QtQuick3D --> node_venv_lib_python3_12_site-packages_PyQt6_Qt6_qml_QtQuick3D_Helpers["Helpers"]\n    node_venv_lib_python3_12_site-packages_PyQt6_Qt6_qml_QtQuick3D_Helpers --> node_venv_lib_python3_12_site-packages_PyQt6_Qt6_qml_QtQuick3D_Helpers_designer["designer"]\n    node_venv_lib_python3_12_site-packages_PyQt6_Qt6_qml_QtQuick3D_Helpers_designer --> node_venv_lib_python3_12_site-packages_PyQt6_Qt6_qml_QtQuick3D_Helpers_designer_images["images"]\n    node_venv_lib_python3_12_site-packages_PyQt6_Qt6_qml_QtQuick3D_Helpers_designer_images --> node_venv_lib_python3_12_site-packages_PyQt6_Qt6_qml_QtQuick3D_Helpers_designer_images_debugview16_png["debugview16.png"]\n    Root --> node_venv["venv"]\n    node_venv --> node_venv_lib["lib"]\n    node_venv_lib --> node_venv_lib_python3_12["python3.12"]\n    node_venv_lib_python3_12 --> node_venv_lib_python3_12_site-packages["site-packages"]\n    node_venv_lib_python3_12_site-packages --> node_venv_lib_python3_12_site-packages_PyQt6["PyQt6"]\n    node_venv_lib_python3_12_site-packages_PyQt6 --> node_venv_lib_python3_12_site-packages_PyQt6_Qt6["Qt6"]\n    node_venv_lib_python3_12_site-packages_PyQt6_Qt6 --> node_venv_lib_python3_12_site-packages_PyQt6_Qt6_qml["qml"]\n    node_venv_lib_python3_12_site-packages_PyQt6_Qt6_qml --> node_venv_lib_python3_12_site-packages_PyQt6_Qt6_qml_QtQuick3D["QtQuick3D"]\n    node_venv_lib_python3_12_site-packages_PyQt6_Qt6_qml_QtQuick3D --> node_venv_lib_python3_12_site-packages_PyQt6_Qt6_qml_QtQuick3D_Helpers["Helpers"]\n    node_venv_lib_python3_12_site-packages_PyQt6_Qt6_qml_QtQuick3D_Helpers --> node_venv_lib_python3_12_site-packages_PyQt6_Qt6_qml_QtQuick3D_Helpers_designer["designer"]\n    node_venv_lib_python3_12_site-packages_PyQt6_Qt6_qml_QtQuick3D_Helpers_designer --> node_venv_lib_python3_12_site-packages_PyQt6_Qt6_qml_QtQuick3D_Helpers_designer_images["images"]\n    node_venv_lib_python3_12_site-packages_PyQt6_Qt6_qml_QtQuick3D_Helpers_designer_images --> node_venv_lib_python3_12_site-packages_PyQt6_Qt6_qml_QtQuick3D_Helpers_designer_images_debugview@2x_png["debugview@2x.png"]\n    Root --> node_venv["venv"]\n    node_venv --> node_venv_lib["lib"]\n    node_venv_lib --> node_venv_lib_python3_12["python3.12"]\n    node_venv_lib_python3_12 --> node_venv_lib_python3_12_site-packages["site-packages"]\n    node_venv_lib_python3_12_site-packages --> node_venv_lib_python3_12_site-packages_PyQt6["PyQt6"]\n    node_venv_lib_python3_12_site-packages_PyQt6 --> node_venv_lib_python3_12_site-packages_PyQt6_Qt6["Qt6"]\n    node_venv_lib_python3_12_site-packages_PyQt6_Qt6 --> node_venv_lib_python3_12_site-packages_PyQt6_Qt6_qml["qml"]\n    node_venv_lib_python3_12_site-packages_PyQt6_Qt6_qml --> node_venv_lib_python3_12_site-packages_PyQt6_Qt6_qml_QtQuick3D["QtQuick3D"]\n    node_venv_lib_python3_12_site-packages_PyQt6_Qt6_qml_QtQuick3D --> node_venv_lib_python3_12_site-packages_PyQt6_Qt6_qml_QtQuick3D_Helpers["Helpers"]\n    node_venv_lib_python3_12_site-packages_PyQt6_Qt6_qml_QtQuick3D_Helpers --> node_venv_lib_python3_12_site-packages_PyQt6_Qt6_qml_QtQuick3D_Helpers_designer["designer"]\n    node_venv_lib_python3_12_site-packages_PyQt6_Qt6_qml_QtQuick3D_Helpers_designer --> node_venv_lib_python3_12_site-packages_PyQt6_Qt6_qml_QtQuick3D_Helpers_designer_images["images"]\n    node_venv_lib_python3_12_site-packages_PyQt6_Qt6_qml_QtQuick3D_Helpers_designer_images --> node_venv_lib_python3_12_site-packages_PyQt6_Qt6_qml_QtQuick3D_Helpers_designer_images_dummy_png["dummy.png"]\n    Root --> node_venv["venv"]\n    node_venv --> node_venv_lib["lib"]\n    node_venv_lib --> node_venv_lib_python3_12["python3.12"]\n    node_venv_lib_python3_12 --> node_venv_lib_python3_12_site-packages["site-packages"]\n    node_venv_lib_python3_12_site-packages --> node_venv_lib_python3_12_site-packages_PyQt6["PyQt6"]\n    node_venv_lib_python3_12_site-packages_PyQt6 --> node_venv_lib_python3_12_site-packages_PyQt6_Qt6["Qt6"]\n    node_venv_lib_python3_12_site-packages_PyQt6_Qt6 --> node_venv_lib_python3_12_site-packages_PyQt6_Qt6_qml["qml"]\n    node_venv_lib_python3_12_site-packages_PyQt6_Qt6_qml --> node_venv_lib_python3_12_site-packages_PyQt6_Qt6_qml_QtQuick3D["QtQuick3D"]\n    node_venv_lib_python3_12_site-packages_PyQt6_Qt6_qml_QtQuick3D --> node_venv_lib_python3_12_site-packages_PyQt6_Qt6_qml_QtQuick3D_Helpers["Helpers"]\n    node_venv_lib_python3_12_site-packages_PyQt6_Qt6_qml_QtQuick3D_Helpers --> node_venv_lib_python3_12_site-packages_PyQt6_Qt6_qml_QtQuick3D_Helpers_designer["designer"]\n    node_venv_lib_python3_12_site-packages_PyQt6_Qt6_qml_QtQuick3D_Helpers_designer --> node_venv_lib_python3_12_site-packages_PyQt6_Qt6_qml_QtQuick3D_Helpers_designer_images["images"]\n    node_venv_lib_python3_12_site-packages_PyQt6_Qt6_qml_QtQuick3D_Helpers_designer_images --> node_venv_lib_python3_12_site-packages_PyQt6_Qt6_qml_QtQuick3D_Helpers_designer_images_dummy16_png["dummy16.png"]\n    Root --> node_venv["venv"]\n    node_venv --> node_venv_lib["lib"]\n    node_venv_lib --> node_venv_lib_python3_12["python3.12"]\n    node_venv_lib_python3_12 --> node_venv_lib_python3_12_site-packages["site-packages"]\n    node_venv_lib_python3_12_site-packages --> node_venv_lib_python3_12_site-packages_PyQt6["PyQt6"]\n    node_venv_lib_python3_12_site-packages_PyQt6 --> node_venv_lib_python3_12_site-packages_PyQt6_Qt6["Qt6"]\n    node_venv_lib_python3_12_site-packages_PyQt6_Qt6 --> node_venv_lib_python3_12_site-packages_PyQt6_Qt6_qml["qml"]\n    node_venv_lib_python3_12_site-packages_PyQt6_Qt6_qml --> node_venv_lib_python3_12_site-packages_PyQt6_Qt6_qml_QtQuick3D["QtQuick3D"]\n    node_venv_lib_python3_12_site-packages_PyQt6_Qt6_qml_QtQuick3D --> node_venv_lib_python3_12_site-packages_PyQt6_Qt6_qml_QtQuick3D_Helpers["Helpers"]\n    node_venv_lib_python3_12_site-packages_PyQt6_Qt6_qml_QtQuick3D_Helpers --> node_venv_lib_python3_12_site-packages_PyQt6_Qt6_qml_QtQuick3D_Helpers_designer["designer"]\n    node_venv_lib_python3_12_site-packages_PyQt6_Qt6_qml_QtQuick3D_Helpers_designer --> node_venv_lib_python3_12_site-packages_PyQt6_Qt6_qml_QtQuick3D_Helpers_designer_images["images"]\n    node_venv_lib_python3_12_site-packages_PyQt6_Qt6_qml_QtQuick3D_Helpers_designer_images --> node_venv_lib_python3_12_site-packages_PyQt6_Qt6_qml_QtQuick3D_Helpers_designer_images_dummy@2x_png["dummy@2x.png"]\n    Root --> node_venv["venv"]\n    node_venv --> node_venv_lib["lib"]\n    node_venv_lib --> node_venv_lib_python3_12["python3.12"]\n    node_venv_lib_python3_12 --> node_venv_lib_python3_12_site-packages["site-packages"]\n    node_venv_lib_python3_12_site-packages --> node_venv_lib_python3_12_site-packages_PyQt6["PyQt6"]\n    node_venv_lib_python3_12_site-packages_PyQt6 --> node_venv_lib_python3_12_site-packages_PyQt6_Qt6["Qt6"]\n    node_venv_lib_python3_12_site-packages_PyQt6_Qt6 --> node_venv_lib_python3_12_site-packages_PyQt6_Qt6_qml["qml"]\n    node_venv_lib_python3_12_site-packages_PyQt6_Qt6_qml --> node_venv_lib_python3_12_site-packages_PyQt6_Qt6_qml_QtQuick3D["QtQuick3D"]\n    node_venv_lib_python3_12_site-packages_PyQt6_Qt6_qml_QtQuick3D --> node_venv_lib_python3_12_site-packages_PyQt6_Qt6_qml_QtQuick3D_Helpers["Helpers"]\n    node_venv_lib_python3_12_site-packages_PyQt6_Qt6_qml_QtQuick3D_Helpers --> node_venv_lib_python3_12_site-packages_PyQt6_Qt6_qml_QtQuick3D_Helpers_designer["designer"]\n    node_venv_lib_python3_12_site-packages_PyQt6_Qt6_qml_QtQuick3D_Helpers_designer --> node_venv_lib_python3_12_site-packages_PyQt6_Qt6_qml_QtQuick3D_Helpers_designer_images["images"]\n    node_venv_lib_python3_12_site-packages_PyQt6_Qt6_qml_QtQuick3D_Helpers_designer_images --> node_venv_lib_python3_12_site-packages_PyQt6_Qt6_qml_QtQuick3D_Helpers_designer_images_extendedsceneenvironment_png["extendedsceneenvironment.png"]\n    Root --> node_venv["venv"]\n    node_venv --> node_venv_lib["lib"]\n    node_venv_lib --> node_venv_lib_python3_12["python3.12"]\n    node_venv_lib_python3_12 --> node_venv_lib_python3_12_site-packages["site-packages"]\n    node_venv_lib_python3_12_site-packages --> node_venv_lib_python3_12_site-packages_PyQt6["PyQt6"]\n    node_venv_lib_python3_12_site-packages_PyQt6 --> node_venv_lib_python3_12_site-packages_PyQt6_Qt6["Qt6"]\n    node_venv_lib_python3_12_site-packages_PyQt6_Qt6 --> node_venv_lib_python3_12_site-packages_PyQt6_Qt6_qml["qml"]\n    node_venv_lib_python3_12_site-packages_PyQt6_Qt6_qml --> node_venv_lib_python3_12_site-packages_PyQt6_Qt6_qml_QtQuick3D["QtQuick3D"]\n    node_venv_lib_python3_12_site-packages_PyQt6_Qt6_qml_QtQuick3D --> node_venv_lib_python3_12_site-packages_PyQt6_Qt6_qml_QtQuick3D_Helpers["Helpers"]\n    node_venv_lib_python3_12_site-packages_PyQt6_Qt6_qml_QtQuick3D_Helpers --> node_venv_lib_python3_12_site-packages_PyQt6_Qt6_qml_QtQuick3D_Helpers_designer["designer"]\n    node_venv_lib_python3_12_site-packages_PyQt6_Qt6_qml_QtQuick3D_Helpers_designer --> node_venv_lib_python3_12_site-packages_PyQt6_Qt6_qml_QtQuick3D_Helpers_designer_images["images"]\n    node_venv_lib_python3_12_site-packages_PyQt6_Qt6_qml_QtQuick3D_Helpers_designer_images --> node_venv_lib_python3_12_site-packages_PyQt6_Qt6_qml_QtQuick3D_Helpers_designer_images_extendedsceneenvironment16_png["extendedsceneenvironment16.png"]\n    Root --> node_venv["venv"]\n    node_venv --> node_venv_lib["lib"]\n    node_venv_lib --> node_venv_lib_python3_12["python3.12"]\n    node_venv_lib_python3_12 --> node_venv_lib_python3_12_site-packages["site-packages"]\n    node_venv_lib_python3_12_site-packages --> node_venv_lib_python3_12_site-packages_PyQt6["PyQt6"]\n    node_venv_lib_python3_12_site-packages_PyQt6 --> node_venv_lib_python3_12_site-packages_PyQt6_Qt6["Qt6"]\n    node_venv_lib_python3_12_site-packages_PyQt6_Qt6 --> node_venv_lib_python3_12_site-packages_PyQt6_Qt6_qml["qml"]\n    node_venv_lib_python3_12_site-packages_PyQt6_Qt6_qml --> node_venv_lib_python3_12_site-packages_PyQt6_Qt6_qml_QtQuick3D["QtQuick3D"]\n    node_venv_lib_python3_12_site-packages_PyQt6_Qt6_qml_QtQuick3D --> node_venv_lib_python3_12_site-packages_PyQt6_Qt6_qml_QtQuick3D_Helpers["Helpers"]\n    node_venv_lib_python3_12_site-packages_PyQt6_Qt6_qml_QtQuick3D_Helpers --> node_venv_lib_python3_12_site-packages_PyQt6_Qt6_qml_QtQuick3D_Helpers_designer["designer"]\n    node_venv_lib_python3_12_site-packages_PyQt6_Qt6_qml_QtQuick3D_Helpers_designer --> node_venv_lib_python3_12_site-packages_PyQt6_Qt6_qml_QtQuick3D_Helpers_designer_images["images"]\n    node_venv_lib_python3_12_site-packages_PyQt6_Qt6_qml_QtQuick3D_Helpers_designer_images --> node_venv_lib_python3_12_site-packages_PyQt6_Qt6_qml_QtQuick3D_Helpers_designer_images_extendedsceneenvironment@2x_png["extendedsceneenvironment@2x.png"]\n    Root --> node_venv["venv"]\n    node_venv --> node_venv_lib["lib"]\n    node_venv_lib --> node_venv_lib_python3_12["python3.12"]\n    node_venv_lib_python3_12 --> node_venv_lib_python3_12_site-packages["site-packages"]\n    node_venv_lib_python3_12_site-packages --> node_venv_lib_python3_12_site-packages_PyQt6["PyQt6"]\n    node_venv_lib_python3_12_site-packages_PyQt6 --> node_venv_lib_python3_12_site-packages_PyQt6_Qt6["Qt6"]\n    node_venv_lib_python3_12_site-packages_PyQt6_Qt6 --> node_venv_lib_python3_12_site-packages_PyQt6_Qt6_qml["qml"]\n    node_venv_lib_python3_12_site-packages_PyQt6_Qt6_qml --> node_venv_lib_python3_12_site-packages_PyQt6_Qt6_qml_QtQuick3D["QtQuick3D"]\n    node_venv_lib_python3_12_site-packages_PyQt6_Qt6_qml_QtQuick3D --> node_venv_lib_python3_12_site-packages_PyQt6_Qt6_qml_QtQuick3D_Helpers["Helpers"]\n    node_venv_lib_python3_12_site-packages_PyQt6_Qt6_qml_QtQuick3D_Helpers --> node_venv_lib_python3_12_site-packages_PyQt6_Qt6_qml_QtQuick3D_Helpers_designer["designer"]\n    node_venv_lib_python3_12_site-packages_PyQt6_Qt6_qml_QtQuick3D_Helpers_designer --> node_venv_lib_python3_12_site-packages_PyQt6_Qt6_qml_QtQuick3D_Helpers_designer_images["images"]\n    node_venv_lib_python3_12_site-packages_PyQt6_Qt6_qml_QtQuick3D_Helpers_designer_images --> node_venv_lib_python3_12_site-packages_PyQt6_Qt6_qml_QtQuick3D_Helpers_designer_images_gridgeometry_png["gridgeometry.png"]\n    Root --> node_venv["venv"]\n    node_venv --> node_venv_lib["lib"]\n    node_venv_lib --> node_venv_lib_python3_12["python3.12"]\n    node_venv_lib_python3_12 --> node_venv_lib_python3_12_site-packages["site-packages"]\n    node_venv_lib_python3_12_site-packages --> node_venv_lib_python3_12_site-packages_PyQt6["PyQt6"]\n    node_venv_lib_python3_12_site-packages_PyQt6 --> node_venv_lib_python3_12_site-packages_PyQt6_Qt6["Qt6"]\n    node_venv_lib_python3_12_site-packages_PyQt6_Qt6 --> node_venv_lib_python3_12_site-packages_PyQt6_Qt6_qml["qml"]\n    node_venv_lib_python3_12_site-packages_PyQt6_Qt6_qml --> node_venv_lib_python3_12_site-packages_PyQt6_Qt6_qml_QtQuick3D["QtQuick3D"]\n    node_venv_lib_python3_12_site-packages_PyQt6_Qt6_qml_QtQuick3D --> node_venv_lib_python3_12_site-packages_PyQt6_Qt6_qml_QtQuick3D_Helpers["Helpers"]\n    node_venv_lib_python3_12_site-packages_PyQt6_Qt6_qml_QtQuick3D_Helpers --> node_venv_lib_python3_12_site-packages_PyQt6_Qt6_qml_QtQuick3D_Helpers_designer["designer"]\n    node_venv_lib_python3_12_site-packages_PyQt6_Qt6_qml_QtQuick3D_Helpers_designer --> node_venv_lib_python3_12_site-packages_PyQt6_Qt6_qml_QtQuick3D_Helpers_designer_images["images"]\n    node_venv_lib_python3_12_site-packages_PyQt6_Qt6_qml_QtQuick3D_Helpers_designer_images --> node_venv_lib_python3_12_site-packages_PyQt6_Qt6_qml_QtQuick3D_Helpers_designer_images_gridgeometry16_png["gridgeometry16.png"]\n    Root --> node_venv["venv"]\n    node_venv --> node_venv_lib["lib"]\n    node_venv_lib --> node_venv_lib_python3_12["python3.12"]\n    node_venv_lib_python3_12 --> node_venv_lib_python3_12_site-packages["site-packages"]\n    node_venv_lib_python3_12_site-packages --> node_venv_lib_python3_12_site-packages_PyQt6["PyQt6"]\n    node_venv_lib_python3_12_site-packages_PyQt6 --> node_venv_lib_python3_12_site-packages_PyQt6_Qt6["Qt6"]\n    node_venv_lib_python3_12_site-packages_PyQt6_Qt6 --> node_venv_lib_python3_12_site-packages_PyQt6_Qt6_qml["qml"]\n    node_venv_lib_python3_12_site-packages_PyQt6_Qt6_qml --> node_venv_lib_python3_12_site-packages_PyQt6_Qt6_qml_QtQuick3D["QtQuick3D"]\n    node_venv_lib_python3_12_site-packages_PyQt6_Qt6_qml_QtQuick3D --> node_venv_lib_python3_12_site-packages_PyQt6_Qt6_qml_QtQuick3D_Helpers["Helpers"]\n    node_venv_lib_python3_12_site-packages_PyQt6_Qt6_qml_QtQuick3D_Helpers --> node_venv_lib_python3_12_site-packages_PyQt6_Qt6_qml_QtQuick3D_Helpers_designer["designer"]\n    node_venv_lib_python3_12_site-packages_PyQt6_Qt6_qml_QtQuick3D_Helpers_designer --> node_venv_lib_python3_12_site-packages_PyQt6_Qt6_qml_QtQuick3D_Helpers_designer_images["images"]\n    node_venv_lib_python3_12_site-packages_PyQt6_Qt6_qml_QtQuick3D_Helpers_designer_images --> node_venv_lib_python3_12_site-packages_PyQt6_Qt6_qml_QtQuick3D_Helpers_designer_images_gridgeometry@2x_png["gridgeometry@2x.png"]\n    Root --> node_venv["venv"]\n    node_venv --> node_venv_lib["lib"]\n    node_venv_lib --> node_venv_lib_python3_12["python3.12"]\n    node_venv_lib_python3_12 --> node_venv_lib_python3_12_site-packages["site-packages"]\n    node_venv_lib_python3_12_site-packages --> node_venv_lib_python3_12_site-packages_PyQt6["PyQt6"]\n    node_venv_lib_python3_12_site-packages_PyQt6 --> node_venv_lib_python3_12_site-packages_PyQt6_Qt6["Qt6"]\n    node_venv_lib_python3_12_site-packages_PyQt6_Qt6 --> node_venv_lib_python3_12_site-packages_PyQt6_Qt6_qml["qml"]\n    node_venv_lib_python3_12_site-packages_PyQt6_Qt6_qml --> node_venv_lib_python3_12_site-packages_PyQt6_Qt6_qml_QtQuick3D["QtQuick3D"]\n    node_venv_lib_python3_12_site-packages_PyQt6_Qt6_qml_QtQuick3D --> node_venv_lib_python3_12_site-packages_PyQt6_Qt6_qml_QtQuick3D_Helpers["Helpers"]\n    node_venv_lib_python3_12_site-packages_PyQt6_Qt6_qml_QtQuick3D_Helpers --> node_venv_lib_python3_12_site-packages_PyQt6_Qt6_qml_QtQuick3D_Helpers_designer["designer"]\n    node_venv_lib_python3_12_site-packages_PyQt6_Qt6_qml_QtQuick3D_Helpers_designer --> node_venv_lib_python3_12_site-packages_PyQt6_Qt6_qml_QtQuick3D_Helpers_designer_images["images"]\n    node_venv_lib_python3_12_site-packages_PyQt6_Qt6_qml_QtQuick3D_Helpers_designer_images --> node_venv_lib_python3_12_site-packages_PyQt6_Qt6_qml_QtQuick3D_Helpers_designer_images_heightfieldgeometry_png["heightfieldgeometry.png"]\n    Root --> node_venv["venv"]\n    node_venv --> node_venv_lib["lib"]\n    node_venv_lib --> node_venv_lib_python3_12["python3.12"]\n    node_venv_lib_python3_12 --> node_venv_lib_python3_12_site-packages["site-packages"]\n    node_venv_lib_python3_12_site-packages --> node_venv_lib_python3_12_site-packages_PyQt6["PyQt6"]\n    node_venv_lib_python3_12_site-packages_PyQt6 --> node_venv_lib_python3_12_site-packages_PyQt6_Qt6["Qt6"]\n    node_venv_lib_python3_12_site-packages_PyQt6_Qt6 --> node_venv_lib_python3_12_site-packages_PyQt6_Qt6_qml["qml"]\n    node_venv_lib_python3_12_site-packages_PyQt6_Qt6_qml --> node_venv_lib_python3_12_site-packages_PyQt6_Qt6_qml_QtQuick3D["QtQuick3D"]\n    node_venv_lib_python3_12_site-packages_PyQt6_Qt6_qml_QtQuick3D --> node_venv_lib_python3_12_site-packages_PyQt6_Qt6_qml_QtQuick3D_Helpers["Helpers"]\n    node_venv_lib_python3_12_site-packages_PyQt6_Qt6_qml_QtQuick3D_Helpers --> node_venv_lib_python3_12_site-packages_PyQt6_Qt6_qml_QtQuick3D_Helpers_designer["designer"]\n    node_venv_lib_python3_12_site-packages_PyQt6_Qt6_qml_QtQuick3D_Helpers_designer --> node_venv_lib_python3_12_site-packages_PyQt6_Qt6_qml_QtQuick3D_Helpers_designer_images["images"]\n    node_venv_lib_python3_12_site-packages_PyQt6_Qt6_qml_QtQuick3D_Helpers_designer_images --> node_venv_lib_python3_12_site-packages_PyQt6_Qt6_qml_QtQuick3D_Helpers_designer_images_heightfieldgeometry16_png["heightfieldgeometry16.png"]\n    Root --> node_venv["venv"]\n    node_venv --> node_venv_lib["lib"]\n    node_venv_lib --> node_venv_lib_python3_12["python3.12"]\n    node_venv_lib_python3_12 --> node_venv_lib_python3_12_site-packages["site-packages"]\n    node_venv_lib_python3_12_site-packages --> node_venv_lib_python3_12_site-packages_PyQt6["PyQt6"]\n    node_venv_lib_python3_12_site-packages_PyQt6 --> node_venv_lib_python3_12_site-packages_PyQt6_Qt6["Qt6"]\n    node_venv_lib_python3_12_site-packages_PyQt6_Qt6 --> node_venv_lib_python3_12_site-packages_PyQt6_Qt6_qml["qml"]\n    node_venv_lib_python3_12_site-packages_PyQt6_Qt6_qml --> node_venv_lib_python3_12_site-packages_PyQt6_Qt6_qml_QtQuick3D["QtQuick3D"]\n    node_venv_lib_python3_12_site-packages_PyQt6_Qt6_qml_QtQuick3D --> node_venv_lib_python3_12_site-packages_PyQt6_Qt6_qml_QtQuick3D_Helpers["Helpers"]\n    node_venv_lib_python3_12_site-packages_PyQt6_Qt6_qml_QtQuick3D_Helpers --> node_venv_lib_python3_12_site-packages_PyQt6_Qt6_qml_QtQuick3D_Helpers_designer["designer"]\n    node_venv_lib_python3_12_site-packages_PyQt6_Qt6_qml_QtQuick3D_Helpers_designer --> node_venv_lib_python3_12_site-packages_PyQt6_Qt6_qml_QtQuick3D_Helpers_designer_images["images"]\n    node_venv_lib_python3_12_site-packages_PyQt6_Qt6_qml_QtQuick3D_Helpers_designer_images --> node_venv_lib_python3_12_site-packages_PyQt6_Qt6_qml_QtQuick3D_Helpers_designer_images_heightfieldgeometry@2x_png["heightfieldgeometry@2x.png"]\n    Root --> node_venv["venv"]\n    node_venv --> node_venv_lib["lib"]\n    node_venv_lib --> node_venv_lib_python3_12["python3.12"]\n    node_venv_lib_python3_12 --> node_venv_lib_python3_12_site-packages["site-packages"]\n    node_venv_lib_python3_12_site-packages --> node_venv_lib_python3_12_site-packages_PyQt6["PyQt6"]\n    node_venv_lib_python3_12_site-packages_PyQt6 --> node_venv_lib_python3_12_site-packages_PyQt6_Qt6["Qt6"]\n    node_venv_lib_python3_12_site-packages_PyQt6_Qt6 --> node_venv_lib_python3_12_site-packages_PyQt6_Qt6_qml["qml"]\n    node_venv_lib_python3_12_site-packages_PyQt6_Qt6_qml --> node_venv_lib_python3_12_site-packages_PyQt6_Qt6_qml_QtQuick3D["QtQuick3D"]\n    node_venv_lib_python3_12_site-packages_PyQt6_Qt6_qml_QtQuick3D --> node_venv_lib_python3_12_site-packages_PyQt6_Qt6_qml_QtQuick3D_Helpers["Helpers"]\n    node_venv_lib_python3_12_site-packages_PyQt6_Qt6_qml_QtQuick3D_Helpers --> node_venv_lib_python3_12_site-packages_PyQt6_Qt6_qml_QtQuick3D_Helpers_designer["designer"]\n    node_venv_lib_python3_12_site-packages_PyQt6_Qt6_qml_QtQuick3D_Helpers_designer --> node_venv_lib_python3_12_site-packages_PyQt6_Qt6_qml_QtQuick3D_Helpers_designer_images["images"]\n    node_venv_lib_python3_12_site-packages_PyQt6_Qt6_qml_QtQuick3D_Helpers_designer_images --> node_venv_lib_python3_12_site-packages_PyQt6_Qt6_qml_QtQuick3D_Helpers_designer_images_infinitegrid_png["infinitegrid.png"]\n    Root --> node_venv["venv"]\n    node_venv --> node_venv_lib["lib"]\n    node_venv_lib --> node_venv_lib_python3_12["python3.12"]\n    node_venv_lib_python3_12 --> node_venv_lib_python3_12_site-packages["site-packages"]\n    node_venv_lib_python3_12_site-packages --> node_venv_lib_python3_12_site-packages_PyQt6["PyQt6"]\n    node_venv_lib_python3_12_site-packages_PyQt6 --> node_venv_lib_python3_12_site-packages_PyQt6_Qt6["Qt6"]\n    node_venv_lib_python3_12_site-packages_PyQt6_Qt6 --> node_venv_lib_python3_12_site-packages_PyQt6_Qt6_qml["qml"]\n    node_venv_lib_python3_12_site-packages_PyQt6_Qt6_qml --> node_venv_lib_python3_12_site-packages_PyQt6_Qt6_qml_QtQuick3D["QtQuick3D"]\n    node_venv_lib_python3_12_site-packages_PyQt6_Qt6_qml_QtQuick3D --> node_venv_lib_python3_12_site-packages_PyQt6_Qt6_qml_QtQuick3D_Helpers["Helpers"]\n    node_venv_lib_python3_12_site-packages_PyQt6_Qt6_qml_QtQuick3D_Helpers --> node_venv_lib_python3_12_site-packages_PyQt6_Qt6_qml_QtQuick3D_Helpers_designer["designer"]\n    node_venv_lib_python3_12_site-packages_PyQt6_Qt6_qml_QtQuick3D_Helpers_designer --> node_venv_lib_python3_12_site-packages_PyQt6_Qt6_qml_QtQuick3D_Helpers_designer_images["images"]\n    node_venv_lib_python3_12_site-packages_PyQt6_Qt6_qml_QtQuick3D_Helpers_designer_images --> node_venv_lib_python3_12_site-packages_PyQt6_Qt6_qml_QtQuick3D_Helpers_designer_images_infinitegrid16_png["infinitegrid16.png"]\n    Root --> node_venv["venv"]\n    node_venv --> node_venv_lib["lib"]\n    node_venv_lib --> node_venv_lib_python3_12["python3.12"]\n    node_venv_lib_python3_12 --> node_venv_lib_python3_12_site-packages["site-packages"]\n    node_venv_lib_python3_12_site-packages --> node_venv_lib_python3_12_site-packages_PyQt6["PyQt6"]\n    node_venv_lib_python3_12_site-packages_PyQt6 --> node_venv_lib_python3_12_site-packages_PyQt6_Qt6["Qt6"]\n    node_venv_lib_python3_12_site-packages_PyQt6_Qt6 --> node_venv_lib_python3_12_site-packages_PyQt6_Qt6_qml["qml"]\n    node_venv_lib_python3_12_site-packages_PyQt6_Qt6_qml --> node_venv_lib_python3_12_site-packages_PyQt6_Qt6_qml_QtQuick3D["QtQuick3D"]\n    node_venv_lib_python3_12_site-packages_PyQt6_Qt6_qml_QtQuick3D --> node_venv_lib_python3_12_site-packages_PyQt6_Qt6_qml_QtQuick3D_Helpers["Helpers"]\n    node_venv_lib_python3_12_site-packages_PyQt6_Qt6_qml_QtQuick3D_Helpers --> node_venv_lib_python3_12_site-packages_PyQt6_Qt6_qml_QtQuick3D_Helpers_designer["designer"]\n    node_venv_lib_python3_12_site-packages_PyQt6_Qt6_qml_QtQuick3D_Helpers_designer --> node_venv_lib_python3_12_site-packages_PyQt6_Qt6_qml_QtQuick3D_Helpers_designer_images["images"]\n    node_venv_lib_python3_12_site-packages_PyQt6_Qt6_qml_QtQuick3D_Helpers_designer_images --> node_venv_lib_python3_12_site-packages_PyQt6_Qt6_qml_QtQuick3D_Helpers_designer_images_infinitegrid@2x_png["infinitegrid@2x.png"]\n    Root --> node_venv["venv"]\n    node_venv --> node_venv_lib["lib"]\n    node_venv_lib --> node_venv_lib_python3_12["python3.12"]\n    node_venv_lib_python3_12 --> node_venv_lib_python3_12_site-packages["site-packages"]\n    node_venv_lib_python3_12_site-packages --> node_venv_lib_python3_12_site-packages_PyQt6["PyQt6"]\n    node_venv_lib_python3_12_site-packages_PyQt6 --> node_venv_lib_python3_12_site-packages_PyQt6_Qt6["Qt6"]\n    node_venv_lib_python3_12_site-packages_PyQt6_Qt6 --> node_venv_lib_python3_12_site-packages_PyQt6_Qt6_qml["qml"]\n    node_venv_lib_python3_12_site-packages_PyQt6_Qt6_qml --> node_venv_lib_python3_12_site-packages_PyQt6_Qt6_qml_QtQuick3D["QtQuick3D"]\n    node_venv_lib_python3_12_site-packages_PyQt6_Qt6_qml_QtQuick3D --> node_venv_lib_python3_12_site-packages_PyQt6_Qt6_qml_QtQuick3D_Helpers["Helpers"]\n    node_venv_lib_python3_12_site-packages_PyQt6_Qt6_qml_QtQuick3D_Helpers --> node_venv_lib_python3_12_site-packages_PyQt6_Qt6_qml_QtQuick3D_Helpers_designer["designer"]\n    node_venv_lib_python3_12_site-packages_PyQt6_Qt6_qml_QtQuick3D_Helpers_designer --> node_venv_lib_python3_12_site-packages_PyQt6_Qt6_qml_QtQuick3D_Helpers_designer_images["images"]\n    node_venv_lib_python3_12_site-packages_PyQt6_Qt6_qml_QtQuick3D_Helpers_designer_images --> node_venv_lib_python3_12_site-packages_PyQt6_Qt6_qml_QtQuick3D_Helpers_designer_images_instancemodel_png["instancemodel.png"]\n    Root --> node_venv["venv"]\n    node_venv --> node_venv_lib["lib"]\n    node_venv_lib --> node_venv_lib_python3_12["python3.12"]\n    node_venv_lib_python3_12 --> node_venv_lib_python3_12_site-packages["site-packages"]\n    node_venv_lib_python3_12_site-packages --> node_venv_lib_python3_12_site-packages_PyQt6["PyQt6"]\n    node_venv_lib_python3_12_site-packages_PyQt6 --> node_venv_lib_python3_12_site-packages_PyQt6_Qt6["Qt6"]\n    node_venv_lib_python3_12_site-packages_PyQt6_Qt6 --> node_venv_lib_python3_12_site-packages_PyQt6_Qt6_qml["qml"]\n    node_venv_lib_python3_12_site-packages_PyQt6_Qt6_qml --> node_venv_lib_python3_12_site-packages_PyQt6_Qt6_qml_QtQuick3D["QtQuick3D"]\n    node_venv_lib_python3_12_site-packages_PyQt6_Qt6_qml_QtQuick3D --> node_venv_lib_python3_12_site-packages_PyQt6_Qt6_qml_QtQuick3D_Helpers["Helpers"]\n    node_venv_lib_python3_12_site-packages_PyQt6_Qt6_qml_QtQuick3D_Helpers --> node_venv_lib_python3_12_site-packages_PyQt6_Qt6_qml_QtQuick3D_Helpers_designer["designer"]\n    node_venv_lib_python3_12_site-packages_PyQt6_Qt6_qml_QtQuick3D_Helpers_designer --> node_venv_lib_python3_12_site-packages_PyQt6_Qt6_qml_QtQuick3D_Helpers_designer_images["images"]\n    node_venv_lib_python3_12_site-packages_PyQt6_Qt6_qml_QtQuick3D_Helpers_designer_images --> node_venv_lib_python3_12_site-packages_PyQt6_Qt6_qml_QtQuick3D_Helpers_designer_images_instancemodel16_png["instancemodel16.png"]\n    Root --> node_venv["venv"]\n    node_venv --> node_venv_lib["lib"]\n    node_venv_lib --> node_venv_lib_python3_12["python3.12"]\n    node_venv_lib_python3_12 --> node_venv_lib_python3_12_site-packages["site-packages"]\n    node_venv_lib_python3_12_site-packages --> node_venv_lib_python3_12_site-packages_PyQt6["PyQt6"]\n    node_venv_lib_python3_12_site-packages_PyQt6 --> node_venv_lib_python3_12_site-packages_PyQt6_Qt6["Qt6"]\n    node_venv_lib_python3_12_site-packages_PyQt6_Qt6 --> node_venv_lib_python3_12_site-packages_PyQt6_Qt6_qml["qml"]\n    node_venv_lib_python3_12_site-packages_PyQt6_Qt6_qml --> node_venv_lib_python3_12_site-packages_PyQt6_Qt6_qml_QtQuick3D["QtQuick3D"]\n    node_venv_lib_python3_12_site-packages_PyQt6_Qt6_qml_QtQuick3D --> node_venv_lib_python3_12_site-packages_PyQt6_Qt6_qml_QtQuick3D_Helpers["Helpers"]\n    node_venv_lib_python3_12_site-packages_PyQt6_Qt6_qml_QtQuick3D_Helpers --> node_venv_lib_python3_12_site-packages_PyQt6_Qt6_qml_QtQuick3D_Helpers_designer["designer"]\n    node_venv_lib_python3_12_site-packages_PyQt6_Qt6_qml_QtQuick3D_Helpers_designer --> node_venv_lib_python3_12_site-packages_PyQt6_Qt6_qml_QtQuick3D_Helpers_designer_images["images"]\n    node_venv_lib_python3_12_site-packages_PyQt6_Qt6_qml_QtQuick3D_Helpers_designer_images --> node_venv_lib_python3_12_site-packages_PyQt6_Qt6_qml_QtQuick3D_Helpers_designer_images_instancemodel@2x_png["instancemodel@2x.png"]\n    Root --> node_venv["venv"]\n    node_venv --> node_venv_lib["lib"]\n    node_venv_lib --> node_venv_lib_python3_12["python3.12"]\n    node_venv_lib_python3_12 --> node_venv_lib_python3_12_site-packages["site-packages"]\n    node_venv_lib_python3_12_site-packages --> node_venv_lib_python3_12_site-packages_PyQt6["PyQt6"]\n    node_venv_lib_python3_12_site-packages_PyQt6 --> node_venv_lib_python3_12_site-packages_PyQt6_Qt6["Qt6"]\n    node_venv_lib_python3_12_site-packages_PyQt6_Qt6 --> node_venv_lib_python3_12_site-packages_PyQt6_Qt6_qml["qml"]\n    node_venv_lib_python3_12_site-packages_PyQt6_Qt6_qml --> node_venv_lib_python3_12_site-packages_PyQt6_Qt6_qml_QtQuick3D["QtQuick3D"]\n    node_venv_lib_python3_12_site-packages_PyQt6_Qt6_qml_QtQuick3D --> node_venv_lib_python3_12_site-packages_PyQt6_Qt6_qml_QtQuick3D_Helpers["Helpers"]\n    node_venv_lib_python3_12_site-packages_PyQt6_Qt6_qml_QtQuick3D_Helpers --> node_venv_lib_python3_12_site-packages_PyQt6_Qt6_qml_QtQuick3D_Helpers_designer["designer"]\n    node_venv_lib_python3_12_site-packages_PyQt6_Qt6_qml_QtQuick3D_Helpers_designer --> node_venv_lib_python3_12_site-packages_PyQt6_Qt6_qml_QtQuick3D_Helpers_designer_images["images"]\n    node_venv_lib_python3_12_site-packages_PyQt6_Qt6_qml_QtQuick3D_Helpers_designer_images --> node_venv_lib_python3_12_site-packages_PyQt6_Qt6_qml_QtQuick3D_Helpers_designer_images_instancerepeater_png["instancerepeater.png"]\n    Root --> node_venv["venv"]\n    node_venv --> node_venv_lib["lib"]\n    node_venv_lib --> node_venv_lib_python3_12["python3.12"]\n    node_venv_lib_python3_12 --> node_venv_lib_python3_12_site-packages["site-packages"]\n    node_venv_lib_python3_12_site-packages --> node_venv_lib_python3_12_site-packages_PyQt6["PyQt6"]\n    node_venv_lib_python3_12_site-packages_PyQt6 --> node_venv_lib_python3_12_site-packages_PyQt6_Qt6["Qt6"]\n    node_venv_lib_python3_12_site-packages_PyQt6_Qt6 --> node_venv_lib_python3_12_site-packages_PyQt6_Qt6_qml["qml"]\n    node_venv_lib_python3_12_site-packages_PyQt6_Qt6_qml --> node_venv_lib_python3_12_site-packages_PyQt6_Qt6_qml_QtQuick3D["QtQuick3D"]\n    node_venv_lib_python3_12_site-packages_PyQt6_Qt6_qml_QtQuick3D --> node_venv_lib_python3_12_site-packages_PyQt6_Qt6_qml_QtQuick3D_Helpers["Helpers"]\n    node_venv_lib_python3_12_site-packages_PyQt6_Qt6_qml_QtQuick3D_Helpers --> node_venv_lib_python3_12_site-packages_PyQt6_Qt6_qml_QtQuick3D_Helpers_designer["designer"]\n    node_venv_lib_python3_12_site-packages_PyQt6_Qt6_qml_QtQuick3D_Helpers_designer --> node_venv_lib_python3_12_site-packages_PyQt6_Qt6_qml_QtQuick3D_Helpers_designer_images["images"]\n    node_venv_lib_python3_12_site-packages_PyQt6_Qt6_qml_QtQuick3D_Helpers_designer_images --> node_venv_lib_python3_12_site-packages_PyQt6_Qt6_qml_QtQuick3D_Helpers_designer_images_instancerepeater16_png["instancerepeater16.png"]\n    Root --> node_venv["venv"]\n    node_venv --> node_venv_lib["lib"]\n    node_venv_lib --> node_venv_lib_python3_12["python3.12"]\n    node_venv_lib_python3_12 --> node_venv_lib_python3_12_site-packages["site-packages"]\n    node_venv_lib_python3_12_site-packages --> node_venv_lib_python3_12_site-packages_PyQt6["PyQt6"]\n    node_venv_lib_python3_12_site-packages_PyQt6 --> node_venv_lib_python3_12_site-packages_PyQt6_Qt6["Qt6"]\n    node_venv_lib_python3_12_site-packages_PyQt6_Qt6 --> node_venv_lib_python3_12_site-packages_PyQt6_Qt6_qml["qml"]\n    node_venv_lib_python3_12_site-packages_PyQt6_Qt6_qml --> node_venv_lib_python3_12_site-packages_PyQt6_Qt6_qml_QtQuick3D["QtQuick3D"]\n    node_venv_lib_python3_12_site-packages_PyQt6_Qt6_qml_QtQuick3D --> node_venv_lib_python3_12_site-packages_PyQt6_Qt6_qml_QtQuick3D_Helpers["Helpers"]\n    node_venv_lib_python3_12_site-packages_PyQt6_Qt6_qml_QtQuick3D_Helpers --> node_venv_lib_python3_12_site-packages_PyQt6_Qt6_qml_QtQuick3D_Helpers_designer["designer"]\n    node_venv_lib_python3_12_site-packages_PyQt6_Qt6_qml_QtQuick3D_Helpers_designer --> node_venv_lib_python3_12_site-packages_PyQt6_Qt6_qml_QtQuick3D_Helpers_designer_images["images"]\n    node_venv_lib_python3_12_site-packages_PyQt6_Qt6_qml_QtQuick3D_Helpers_designer_images --> node_venv_lib_python3_12_site-packages_PyQt6_Qt6_qml_QtQuick3D_Helpers_designer_images_instancerepeater@2x_png["instancerepeater@2x.png"]\n    Root --> node_venv["venv"]\n    node_venv --> node_venv_lib["lib"]\n    node_venv_lib --> node_venv_lib_python3_12["python3.12"]\n    node_venv_lib_python3_12 --> node_venv_lib_python3_12_site-packages["site-packages"]\n    node_venv_lib_python3_12_site-packages --> node_venv_lib_python3_12_site-packages_PyQt6["PyQt6"]\n    node_venv_lib_python3_12_site-packages_PyQt6 --> node_venv_lib_python3_12_site-packages_PyQt6_Qt6["Qt6"]\n    node_venv_lib_python3_12_site-packages_PyQt6_Qt6 --> node_venv_lib_python3_12_site-packages_PyQt6_Qt6_qml["qml"]\n    node_venv_lib_python3_12_site-packages_PyQt6_Qt6_qml --> node_venv_lib_python3_12_site-packages_PyQt6_Qt6_qml_QtQuick3D["QtQuick3D"]\n    node_venv_lib_python3_12_site-packages_PyQt6_Qt6_qml_QtQuick3D --> node_venv_lib_python3_12_site-packages_PyQt6_Qt6_qml_QtQuick3D_Helpers["Helpers"]\n    node_venv_lib_python3_12_site-packages_PyQt6_Qt6_qml_QtQuick3D_Helpers --> node_venv_lib_python3_12_site-packages_PyQt6_Qt6_qml_QtQuick3D_Helpers_designer["designer"]\n    node_venv_lib_python3_12_site-packages_PyQt6_Qt6_qml_QtQuick3D_Helpers_designer --> node_venv_lib_python3_12_site-packages_PyQt6_Qt6_qml_QtQuick3D_Helpers_designer_images["images"]\n    node_venv_lib_python3_12_site-packages_PyQt6_Qt6_qml_QtQuick3D_Helpers_designer_images --> node_venv_lib_python3_12_site-packages_PyQt6_Qt6_qml_QtQuick3D_Helpers_designer_images_lodmanager_png["lodmanager.png"]\n    Root --> node_venv["venv"]\n    node_venv --> node_venv_lib["lib"]\n    node_venv_lib --> node_venv_lib_python3_12["python3.12"]\n    node_venv_lib_python3_12 --> node_venv_lib_python3_12_site-packages["site-packages"]\n    node_venv_lib_python3_12_site-packages --> node_venv_lib_python3_12_site-packages_PyQt6["PyQt6"]\n    node_venv_lib_python3_12_site-packages_PyQt6 --> node_venv_lib_python3_12_site-packages_PyQt6_Qt6["Qt6"]\n    node_venv_lib_python3_12_site-packages_PyQt6_Qt6 --> node_venv_lib_python3_12_site-packages_PyQt6_Qt6_qml["qml"]\n    node_venv_lib_python3_12_site-packages_PyQt6_Qt6_qml --> node_venv_lib_python3_12_site-packages_PyQt6_Qt6_qml_QtQuick3D["QtQuick3D"]\n    node_venv_lib_python3_12_site-packages_PyQt6_Qt6_qml_QtQuick3D --> node_venv_lib_python3_12_site-packages_PyQt6_Qt6_qml_QtQuick3D_Helpers["Helpers"]\n    node_venv_lib_python3_12_site-packages_PyQt6_Qt6_qml_QtQuick3D_Helpers --> node_venv_lib_python3_12_site-packages_PyQt6_Qt6_qml_QtQuick3D_Helpers_designer["designer"]\n    node_venv_lib_python3_12_site-packages_PyQt6_Qt6_qml_QtQuick3D_Helpers_designer --> node_venv_lib_python3_12_site-packages_PyQt6_Qt6_qml_QtQuick3D_Helpers_designer_images["images"]\n    node_venv_lib_python3_12_site-packages_PyQt6_Qt6_qml_QtQuick3D_Helpers_designer_images --> node_venv_lib_python3_12_site-packages_PyQt6_Qt6_qml_QtQuick3D_Helpers_designer_images_lodmanager16_png["lodmanager16.png"]\n    Root --> node_venv["venv"]\n    node_venv --> node_venv_lib["lib"]\n    node_venv_lib --> node_venv_lib_python3_12["python3.12"]\n    node_venv_lib_python3_12 --> node_venv_lib_python3_12_site-packages["site-packages"]\n    node_venv_lib_python3_12_site-packages --> node_venv_lib_python3_12_site-packages_PyQt6["PyQt6"]\n    node_venv_lib_python3_12_site-packages_PyQt6 --> node_venv_lib_python3_12_site-packages_PyQt6_Qt6["Qt6"]\n    node_venv_lib_python3_12_site-packages_PyQt6_Qt6 --> node_venv_lib_python3_12_site-packages_PyQt6_Qt6_qml["qml"]\n    node_venv_lib_python3_12_site-packages_PyQt6_Qt6_qml --> node_venv_lib_python3_12_site-packages_PyQt6_Qt6_qml_QtQuick3D["QtQuick3D"]\n    node_venv_lib_python3_12_site-packages_PyQt6_Qt6_qml_QtQuick3D --> node_venv_lib_python3_12_site-packages_PyQt6_Qt6_qml_QtQuick3D_Helpers["Helpers"]\n    node_venv_lib_python3_12_site-packages_PyQt6_Qt6_qml_QtQuick3D_Helpers --> node_venv_lib_python3_12_site-packages_PyQt6_Qt6_qml_QtQuick3D_Helpers_designer["designer"]\n    node_venv_lib_python3_12_site-packages_PyQt6_Qt6_qml_QtQuick3D_Helpers_designer --> node_venv_lib_python3_12_site-packages_PyQt6_Qt6_qml_QtQuick3D_Helpers_designer_images["images"]\n    node_venv_lib_python3_12_site-packages_PyQt6_Qt6_qml_QtQuick3D_Helpers_designer_images --> node_venv_lib_python3_12_site-packages_PyQt6_Qt6_qml_QtQuick3D_Helpers_designer_images_lodmanager@2x_png["lodmanager@2x.png"]\n    Root --> node_venv["venv"]\n    node_venv --> node_venv_lib["lib"]\n    node_venv_lib --> node_venv_lib_python3_12["python3.12"]\n    node_venv_lib_python3_12 --> node_venv_lib_python3_12_site-packages["site-packages"]\n    node_venv_lib_python3_12_site-packages --> node_venv_lib_python3_12_site-packages_PyQt6["PyQt6"]\n    node_venv_lib_python3_12_site-packages_PyQt6 --> node_venv_lib_python3_12_site-packages_PyQt6_Qt6["Qt6"]\n    node_venv_lib_python3_12_site-packages_PyQt6_Qt6 --> node_venv_lib_python3_12_site-packages_PyQt6_Qt6_qml["qml"]\n    node_venv_lib_python3_12_site-packages_PyQt6_Qt6_qml --> node_venv_lib_python3_12_site-packages_PyQt6_Qt6_qml_QtQuick3D["QtQuick3D"]\n    node_venv_lib_python3_12_site-packages_PyQt6_Qt6_qml_QtQuick3D --> node_venv_lib_python3_12_site-packages_PyQt6_Qt6_qml_QtQuick3D_Helpers["Helpers"]\n    node_venv_lib_python3_12_site-packages_PyQt6_Qt6_qml_QtQuick3D_Helpers --> node_venv_lib_python3_12_site-packages_PyQt6_Qt6_qml_QtQuick3D_Helpers_designer["designer"]\n    node_venv_lib_python3_12_site-packages_PyQt6_Qt6_qml_QtQuick3D_Helpers_designer --> node_venv_lib_python3_12_site-packages_PyQt6_Qt6_qml_QtQuick3D_Helpers_designer_images["images"]\n    node_venv_lib_python3_12_site-packages_PyQt6_Qt6_qml_QtQuick3D_Helpers_designer_images --> node_venv_lib_python3_12_site-packages_PyQt6_Qt6_qml_QtQuick3D_Helpers_designer_images_lookatnode_png["lookatnode.png"]\n    Root --> node_venv["venv"]\n    node_venv --> node_venv_lib["lib"]\n    node_venv_lib --> node_venv_lib_python3_12["python3.12"]\n    node_venv_lib_python3_12 --> node_venv_lib_python3_12_site-packages["site-packages"]\n    node_venv_lib_python3_12_site-packages --> node_venv_lib_python3_12_site-packages_PyQt6["PyQt6"]\n    node_venv_lib_python3_12_site-packages_PyQt6 --> node_venv_lib_python3_12_site-packages_PyQt6_Qt6["Qt6"]\n    node_venv_lib_python3_12_site-packages_PyQt6_Qt6 --> node_venv_lib_python3_12_site-packages_PyQt6_Qt6_qml["qml"]\n    node_venv_lib_python3_12_site-packages_PyQt6_Qt6_qml --> node_venv_lib_python3_12_site-packages_PyQt6_Qt6_qml_QtQuick3D["QtQuick3D"]\n    node_venv_lib_python3_12_site-packages_PyQt6_Qt6_qml_QtQuick3D --> node_venv_lib_python3_12_site-packages_PyQt6_Qt6_qml_QtQuick3D_Helpers["Helpers"]\n    node_venv_lib_python3_12_site-packages_PyQt6_Qt6_qml_QtQuick3D_Helpers --> node_venv_lib_python3_12_site-packages_PyQt6_Qt6_qml_QtQuick3D_Helpers_designer["designer"]\n    node_venv_lib_python3_12_site-packages_PyQt6_Qt6_qml_QtQuick3D_Helpers_designer --> node_venv_lib_python3_12_site-packages_PyQt6_Qt6_qml_QtQuick3D_Helpers_designer_images["images"]\n    node_venv_lib_python3_12_site-packages_PyQt6_Qt6_qml_QtQuick3D_Helpers_designer_images --> node_venv_lib_python3_12_site-packages_PyQt6_Qt6_qml_QtQuick3D_Helpers_designer_images_lookatnode16_png["lookatnode16.png"]\n    Root --> node_venv["venv"]\n    node_venv --> node_venv_lib["lib"]\n    node_venv_lib --> node_venv_lib_python3_12["python3.12"]\n    node_venv_lib_python3_12 --> node_venv_lib_python3_12_site-packages["site-packages"]\n    node_venv_lib_python3_12_site-packages --> node_venv_lib_python3_12_site-packages_PyQt6["PyQt6"]\n    node_venv_lib_python3_12_site-packages_PyQt6 --> node_venv_lib_python3_12_site-packages_PyQt6_Qt6["Qt6"]\n    node_venv_lib_python3_12_site-packages_PyQt6_Qt6 --> node_venv_lib_python3_12_site-packages_PyQt6_Qt6_qml["qml"]\n    node_venv_lib_python3_12_site-packages_PyQt6_Qt6_qml --> node_venv_lib_python3_12_site-packages_PyQt6_Qt6_qml_QtQuick3D["QtQuick3D"]\n    node_venv_lib_python3_12_site-packages_PyQt6_Qt6_qml_QtQuick3D --> node_venv_lib_python3_12_site-packages_PyQt6_Qt6_qml_QtQuick3D_Helpers["Helpers"]\n    node_venv_lib_python3_12_site-packages_PyQt6_Qt6_qml_QtQuick3D_Helpers --> node_venv_lib_python3_12_site-packages_PyQt6_Qt6_qml_QtQuick3D_Helpers_designer["designer"]\n    node_venv_lib_python3_12_site-packages_PyQt6_Qt6_qml_QtQuick3D_Helpers_designer --> node_venv_lib_python3_12_site-packages_PyQt6_Qt6_qml_QtQuick3D_Helpers_designer_images["images"]\n    node_venv_lib_python3_12_site-packages_PyQt6_Qt6_qml_QtQuick3D_Helpers_designer_images --> node_venv_lib_python3_12_site-packages_PyQt6_Qt6_qml_QtQuick3D_Helpers_designer_images_lookatnode@2x_png["lookatnode@2x.png"]\n    Root --> node_venv["venv"]\n    node_venv --> node_venv_lib["lib"]\n    node_venv_lib --> node_venv_lib_python3_12["python3.12"]\n    node_venv_lib_python3_12 --> node_venv_lib_python3_12_site-packages["site-packages"]\n    node_venv_lib_python3_12_site-packages --> node_venv_lib_python3_12_site-packages_PyQt6["PyQt6"]\n    node_venv_lib_python3_12_site-packages_PyQt6 --> node_venv_lib_python3_12_site-packages_PyQt6_Qt6["Qt6"]\n    node_venv_lib_python3_12_site-packages_PyQt6_Qt6 --> node_venv_lib_python3_12_site-packages_PyQt6_Qt6_qml["qml"]\n    node_venv_lib_python3_12_site-packages_PyQt6_Qt6_qml --> node_venv_lib_python3_12_site-packages_PyQt6_Qt6_qml_QtQuick3D["QtQuick3D"]\n    node_venv_lib_python3_12_site-packages_PyQt6_Qt6_qml_QtQuick3D --> node_venv_lib_python3_12_site-packages_PyQt6_Qt6_qml_QtQuick3D_Helpers["Helpers"]\n    node_venv_lib_python3_12_site-packages_PyQt6_Qt6_qml_QtQuick3D_Helpers --> node_venv_lib_python3_12_site-packages_PyQt6_Qt6_qml_QtQuick3D_Helpers_designer["designer"]\n    node_venv_lib_python3_12_site-packages_PyQt6_Qt6_qml_QtQuick3D_Helpers_designer --> node_venv_lib_python3_12_site-packages_PyQt6_Qt6_qml_QtQuick3D_Helpers_designer_images["images"]\n    node_venv_lib_python3_12_site-packages_PyQt6_Qt6_qml_QtQuick3D_Helpers_designer_images --> node_venv_lib_python3_12_site-packages_PyQt6_Qt6_qml_QtQuick3D_Helpers_designer_images_orbitcameracontroller_png["orbitcameracontroller.png"]\n    Root --> node_venv["venv"]\n    node_venv --> node_venv_lib["lib"]\n    node_venv_lib --> node_venv_lib_python3_12["python3.12"]\n    node_venv_lib_python3_12 --> node_venv_lib_python3_12_site-packages["site-packages"]\n    node_venv_lib_python3_12_site-packages --> node_venv_lib_python3_12_site-packages_PyQt6["PyQt6"]\n    node_venv_lib_python3_12_site-packages_PyQt6 --> node_venv_lib_python3_12_site-packages_PyQt6_Qt6["Qt6"]\n    node_venv_lib_python3_12_site-packages_PyQt6_Qt6 --> node_venv_lib_python3_12_site-packages_PyQt6_Qt6_qml["qml"]\n    node_venv_lib_python3_12_site-packages_PyQt6_Qt6_qml --> node_venv_lib_python3_12_site-packages_PyQt6_Qt6_qml_QtQuick3D["QtQuick3D"]\n    node_venv_lib_python3_12_site-packages_PyQt6_Qt6_qml_QtQuick3D --> node_venv_lib_python3_12_site-packages_PyQt6_Qt6_qml_QtQuick3D_Helpers["Helpers"]\n    node_venv_lib_python3_12_site-packages_PyQt6_Qt6_qml_QtQuick3D_Helpers --> node_venv_lib_python3_12_site-packages_PyQt6_Qt6_qml_QtQuick3D_Helpers_designer["designer"]\n    node_venv_lib_python3_12_site-packages_PyQt6_Qt6_qml_QtQuick3D_Helpers_designer --> node_venv_lib_python3_12_site-packages_PyQt6_Qt6_qml_QtQuick3D_Helpers_designer_images["images"]\n    node_venv_lib_python3_12_site-packages_PyQt6_Qt6_qml_QtQuick3D_Helpers_designer_images --> node_venv_lib_python3_12_site-packages_PyQt6_Qt6_qml_QtQuick3D_Helpers_designer_images_orbitcameracontroller16_png["orbitcameracontroller16.png"]\n    Root --> node_venv["venv"]\n    node_venv --> node_venv_lib["lib"]\n    node_venv_lib --> node_venv_lib_python3_12["python3.12"]\n    node_venv_lib_python3_12 --> node_venv_lib_python3_12_site-packages["site-packages"]\n    node_venv_lib_python3_12_site-packages --> node_venv_lib_python3_12_site-packages_PyQt6["PyQt6"]\n    node_venv_lib_python3_12_site-packages_PyQt6 --> node_venv_lib_python3_12_site-packages_PyQt6_Qt6["Qt6"]\n    node_venv_lib_python3_12_site-packages_PyQt6_Qt6 --> node_venv_lib_python3_12_site-packages_PyQt6_Qt6_qml["qml"]\n    node_venv_lib_python3_12_site-packages_PyQt6_Qt6_qml --> node_venv_lib_python3_12_site-packages_PyQt6_Qt6_qml_QtQuick3D["QtQuick3D"]\n    node_venv_lib_python3_12_site-packages_PyQt6_Qt6_qml_QtQuick3D --> node_venv_lib_python3_12_site-packages_PyQt6_Qt6_qml_QtQuick3D_Helpers["Helpers"]\n    node_venv_lib_python3_12_site-packages_PyQt6_Qt6_qml_QtQuick3D_Helpers --> node_venv_lib_python3_12_site-packages_PyQt6_Qt6_qml_QtQuick3D_Helpers_designer["designer"]\n    node_venv_lib_python3_12_site-packages_PyQt6_Qt6_qml_QtQuick3D_Helpers_designer --> node_venv_lib_python3_12_site-packages_PyQt6_Qt6_qml_QtQuick3D_Helpers_designer_images["images"]\n    node_venv_lib_python3_12_site-packages_PyQt6_Qt6_qml_QtQuick3D_Helpers_designer_images --> node_venv_lib_python3_12_site-packages_PyQt6_Qt6_qml_QtQuick3D_Helpers_designer_images_orbitcameracontroller@2x_png["orbitcameracontroller@2x.png"]\n    Root --> node_venv["venv"]\n    node_venv --> node_venv_lib["lib"]\n    node_venv_lib --> node_venv_lib_python3_12["python3.12"]\n    node_venv_lib_python3_12 --> node_venv_lib_python3_12_site-packages["site-packages"]\n    node_venv_lib_python3_12_site-packages --> node_venv_lib_python3_12_site-packages_PyQt6["PyQt6"]\n    node_venv_lib_python3_12_site-packages_PyQt6 --> node_venv_lib_python3_12_site-packages_PyQt6_Qt6["Qt6"]\n    node_venv_lib_python3_12_site-packages_PyQt6_Qt6 --> node_venv_lib_python3_12_site-packages_PyQt6_Qt6_qml["qml"]\n    node_venv_lib_python3_12_site-packages_PyQt6_Qt6_qml --> node_venv_lib_python3_12_site-packages_PyQt6_Qt6_qml_QtQuick3D["QtQuick3D"]\n    node_venv_lib_python3_12_site-packages_PyQt6_Qt6_qml_QtQuick3D --> node_venv_lib_python3_12_site-packages_PyQt6_Qt6_qml_QtQuick3D_Helpers["Helpers"]\n    node_venv_lib_python3_12_site-packages_PyQt6_Qt6_qml_QtQuick3D_Helpers --> node_venv_lib_python3_12_site-packages_PyQt6_Qt6_qml_QtQuick3D_Helpers_designer["designer"]\n    node_venv_lib_python3_12_site-packages_PyQt6_Qt6_qml_QtQuick3D_Helpers_designer --> node_venv_lib_python3_12_site-packages_PyQt6_Qt6_qml_QtQuick3D_Helpers_designer_images["images"]\n    node_venv_lib_python3_12_site-packages_PyQt6_Qt6_qml_QtQuick3D_Helpers_designer_images --> node_venv_lib_python3_12_site-packages_PyQt6_Qt6_qml_QtQuick3D_Helpers_designer_images_proceduralskytexturedata_png["proceduralskytexturedata.png"]\n    Root --> node_venv["venv"]\n    node_venv --> node_venv_lib["lib"]\n    node_venv_lib --> node_venv_lib_python3_12["python3.12"]\n    node_venv_lib_python3_12 --> node_venv_lib_python3_12_site-packages["site-packages"]\n    node_venv_lib_python3_12_site-packages --> node_venv_lib_python3_12_site-packages_PyQt6["PyQt6"]\n    node_venv_lib_python3_12_site-packages_PyQt6 --> node_venv_lib_python3_12_site-packages_PyQt6_Qt6["Qt6"]\n    node_venv_lib_python3_12_site-packages_PyQt6_Qt6 --> node_venv_lib_python3_12_site-packages_PyQt6_Qt6_qml["qml"]\n    node_venv_lib_python3_12_site-packages_PyQt6_Qt6_qml --> node_venv_lib_python3_12_site-packages_PyQt6_Qt6_qml_QtQuick3D["QtQuick3D"]\n    node_venv_lib_python3_12_site-packages_PyQt6_Qt6_qml_QtQuick3D --> node_venv_lib_python3_12_site-packages_PyQt6_Qt6_qml_QtQuick3D_Helpers["Helpers"]\n    node_venv_lib_python3_12_site-packages_PyQt6_Qt6_qml_QtQuick3D_Helpers --> node_venv_lib_python3_12_site-packages_PyQt6_Qt6_qml_QtQuick3D_Helpers_designer["designer"]\n    node_venv_lib_python3_12_site-packages_PyQt6_Qt6_qml_QtQuick3D_Helpers_designer --> node_venv_lib_python3_12_site-packages_PyQt6_Qt6_qml_QtQuick3D_Helpers_designer_images["images"]\n    node_venv_lib_python3_12_site-packages_PyQt6_Qt6_qml_QtQuick3D_Helpers_designer_images --> node_venv_lib_python3_12_site-packages_PyQt6_Qt6_qml_QtQuick3D_Helpers_designer_images_proceduralskytexturedata16_png["proceduralskytexturedata16.png"]\n    Root --> node_venv["venv"]\n    node_venv --> node_venv_lib["lib"]\n    node_venv_lib --> node_venv_lib_python3_12["python3.12"]\n    node_venv_lib_python3_12 --> node_venv_lib_python3_12_site-packages["site-packages"]\n    node_venv_lib_python3_12_site-packages --> node_venv_lib_python3_12_site-packages_PyQt6["PyQt6"]\n    node_venv_lib_python3_12_site-packages_PyQt6 --> node_venv_lib_python3_12_site-packages_PyQt6_Qt6["Qt6"]\n    node_venv_lib_python3_12_site-packages_PyQt6_Qt6 --> node_venv_lib_python3_12_site-packages_PyQt6_Qt6_qml["qml"]\n    node_venv_lib_python3_12_site-packages_PyQt6_Qt6_qml --> node_venv_lib_python3_12_site-packages_PyQt6_Qt6_qml_QtQuick3D["QtQuick3D"]\n    node_venv_lib_python3_12_site-packages_PyQt6_Qt6_qml_QtQuick3D --> node_venv_lib_python3_12_site-packages_PyQt6_Qt6_qml_QtQuick3D_Helpers["Helpers"]\n    node_venv_lib_python3_12_site-packages_PyQt6_Qt6_qml_QtQuick3D_Helpers --> node_venv_lib_python3_12_site-packages_PyQt6_Qt6_qml_QtQuick3D_Helpers_designer["designer"]\n    node_venv_lib_python3_12_site-packages_PyQt6_Qt6_qml_QtQuick3D_Helpers_designer --> node_venv_lib_python3_12_site-packages_PyQt6_Qt6_qml_QtQuick3D_Helpers_designer_images["images"]\n    node_venv_lib_python3_12_site-packages_PyQt6_Qt6_qml_QtQuick3D_Helpers_designer_images --> node_venv_lib_python3_12_site-packages_PyQt6_Qt6_qml_QtQuick3D_Helpers_designer_images_proceduralskytexturedata@2x_png["proceduralskytexturedata@2x.png"]\n    Root --> node_venv["venv"]\n    node_venv --> node_venv_lib["lib"]\n    node_venv_lib --> node_venv_lib_python3_12["python3.12"]\n    node_venv_lib_python3_12 --> node_venv_lib_python3_12_site-packages["site-packages"]\n    node_venv_lib_python3_12_site-packages --> node_venv_lib_python3_12_site-packages_PyQt6["PyQt6"]\n    node_venv_lib_python3_12_site-packages_PyQt6 --> node_venv_lib_python3_12_site-packages_PyQt6_Qt6["Qt6"]\n    node_venv_lib_python3_12_site-packages_PyQt6_Qt6 --> node_venv_lib_python3_12_site-packages_PyQt6_Qt6_qml["qml"]\n    node_venv_lib_python3_12_site-packages_PyQt6_Qt6_qml --> node_venv_lib_python3_12_site-packages_PyQt6_Qt6_qml_QtQuick3D["QtQuick3D"]\n    node_venv_lib_python3_12_site-packages_PyQt6_Qt6_qml_QtQuick3D --> node_venv_lib_python3_12_site-packages_PyQt6_Qt6_qml_QtQuick3D_Helpers["Helpers"]\n    node_venv_lib_python3_12_site-packages_PyQt6_Qt6_qml_QtQuick3D_Helpers --> node_venv_lib_python3_12_site-packages_PyQt6_Qt6_qml_QtQuick3D_Helpers_designer["designer"]\n    node_venv_lib_python3_12_site-packages_PyQt6_Qt6_qml_QtQuick3D_Helpers_designer --> node_venv_lib_python3_12_site-packages_PyQt6_Qt6_qml_QtQuick3D_Helpers_designer_images["images"]\n    node_venv_lib_python3_12_site-packages_PyQt6_Qt6_qml_QtQuick3D_Helpers_designer_images --> node_venv_lib_python3_12_site-packages_PyQt6_Qt6_qml_QtQuick3D_Helpers_designer_images_wasdcontroller_png["wasdcontroller.png"]\n    Root --> node_venv["venv"]\n    node_venv --> node_venv_lib["lib"]\n    node_venv_lib --> node_venv_lib_python3_12["python3.12"]\n    node_venv_lib_python3_12 --> node_venv_lib_python3_12_site-packages["site-packages"]\n    node_venv_lib_python3_12_site-packages --> node_venv_lib_python3_12_site-packages_PyQt6["PyQt6"]\n    node_venv_lib_python3_12_site-packages_PyQt6 --> node_venv_lib_python3_12_site-packages_PyQt6_Qt6["Qt6"]\n    node_venv_lib_python3_12_site-packages_PyQt6_Qt6 --> node_venv_lib_python3_12_site-packages_PyQt6_Qt6_qml["qml"]\n    node_venv_lib_python3_12_site-packages_PyQt6_Qt6_qml --> node_venv_lib_python3_12_site-packages_PyQt6_Qt6_qml_QtQuick3D["QtQuick3D"]\n    node_venv_lib_python3_12_site-packages_PyQt6_Qt6_qml_QtQuick3D --> node_venv_lib_python3_12_site-packages_PyQt6_Qt6_qml_QtQuick3D_Helpers["Helpers"]\n    node_venv_lib_python3_12_site-packages_PyQt6_Qt6_qml_QtQuick3D_Helpers --> node_venv_lib_python3_12_site-packages_PyQt6_Qt6_qml_QtQuick3D_Helpers_designer["designer"]\n    node_venv_lib_python3_12_site-packages_PyQt6_Qt6_qml_QtQuick3D_Helpers_designer --> node_venv_lib_python3_12_site-packages_PyQt6_Qt6_qml_QtQuick3D_Helpers_designer_images["images"]\n    node_venv_lib_python3_12_site-packages_PyQt6_Qt6_qml_QtQuick3D_Helpers_designer_images --> node_venv_lib_python3_12_site-packages_PyQt6_Qt6_qml_QtQuick3D_Helpers_designer_images_wasdcontroller16_png["wasdcontroller16.png"]\n    Root --> node_venv["venv"]\n    node_venv --> node_venv_lib["lib"]\n    node_venv_lib --> node_venv_lib_python3_12["python3.12"]\n    node_venv_lib_python3_12 --> node_venv_lib_python3_12_site-packages["site-packages"]\n    node_venv_lib_python3_12_site-packages --> node_venv_lib_python3_12_site-packages_PyQt6["PyQt6"]\n    node_venv_lib_python3_12_site-packages_PyQt6 --> node_venv_lib_python3_12_site-packages_PyQt6_Qt6["Qt6"]\n    node_venv_lib_python3_12_site-packages_PyQt6_Qt6 --> node_venv_lib_python3_12_site-packages_PyQt6_Qt6_qml["qml"]\n    node_venv_lib_python3_12_site-packages_PyQt6_Qt6_qml --> node_venv_lib_python3_12_site-packages_PyQt6_Qt6_qml_QtQuick3D["QtQuick3D"]\n    node_venv_lib_python3_12_site-packages_PyQt6_Qt6_qml_QtQuick3D --> node_venv_lib_python3_12_site-packages_PyQt6_Qt6_qml_QtQuick3D_Helpers["Helpers"]\n    node_venv_lib_python3_12_site-packages_PyQt6_Qt6_qml_QtQuick3D_Helpers --> node_venv_lib_python3_12_site-packages_PyQt6_Qt6_qml_QtQuick3D_Helpers_designer["designer"]\n    node_venv_lib_python3_12_site-packages_PyQt6_Qt6_qml_QtQuick3D_Helpers_designer --> node_venv_lib_python3_12_site-packages_PyQt6_Qt6_qml_QtQuick3D_Helpers_designer_images["images"]\n    node_venv_lib_python3_12_site-packages_PyQt6_Qt6_qml_QtQuick3D_Helpers_designer_images --> node_venv_lib_python3_12_site-packages_PyQt6_Qt6_qml_QtQuick3D_Helpers_designer_images_wasdcontroller@2x_png["wasdcontroller@2x.png"]\n    Root --> node_venv["venv"]\n    node_venv --> node_venv_lib["lib"]\n    node_venv_lib --> node_venv_lib_python3_12["python3.12"]\n    node_venv_lib_python3_12 --> node_venv_lib_python3_12_site-packages["site-packages"]\n    node_venv_lib_python3_12_site-packages --> node_venv_lib_python3_12_site-packages_PyQt6["PyQt6"]\n    node_venv_lib_python3_12_site-packages_PyQt6 --> node_venv_lib_python3_12_site-packages_PyQt6_Qt6["Qt6"]\n    node_venv_lib_python3_12_site-packages_PyQt6_Qt6 --> node_venv_lib_python3_12_site-packages_PyQt6_Qt6_qml["qml"]\n    node_venv_lib_python3_12_site-packages_PyQt6_Qt6_qml --> node_venv_lib_python3_12_site-packages_PyQt6_Qt6_qml_QtRemoteObjects["QtRemoteObjects"]\n    node_venv_lib_python3_12_site-packages_PyQt6_Qt6_qml_QtRemoteObjects --> node_venv_lib_python3_12_site-packages_PyQt6_Qt6_qml_QtRemoteObjects_libdeclarative_remoteobjectsplugin_dylib["libdeclarative_remoteobjectsplugin.dylib"]\n    Root --> node_venv["venv"]\n    node_venv --> node_venv_lib["lib"]\n    node_venv_lib --> node_venv_lib_python3_12["python3.12"]\n    node_venv_lib_python3_12 --> node_venv_lib_python3_12_site-packages["site-packages"]\n    node_venv_lib_python3_12_site-packages --> node_venv_lib_python3_12_site-packages_PyQt6["PyQt6"]\n    node_venv_lib_python3_12_site-packages_PyQt6 --> node_venv_lib_python3_12_site-packages_PyQt6_Qt6["Qt6"]\n    node_venv_lib_python3_12_site-packages_PyQt6_Qt6 --> node_venv_lib_python3_12_site-packages_PyQt6_Qt6_qml["qml"]\n    node_venv_lib_python3_12_site-packages_PyQt6_Qt6_qml --> node_venv_lib_python3_12_site-packages_PyQt6_Qt6_qml_QtRemoteObjects["QtRemoteObjects"]\n    node_venv_lib_python3_12_site-packages_PyQt6_Qt6_qml_QtRemoteObjects --> node_venv_lib_python3_12_site-packages_PyQt6_Qt6_qml_QtRemoteObjects_plugins_qmltypes["plugins.qmltypes"]\n    Root --> node_venv["venv"]\n    node_venv --> node_venv_lib["lib"]\n    node_venv_lib --> node_venv_lib_python3_12["python3.12"]\n    node_venv_lib_python3_12 --> node_venv_lib_python3_12_site-packages["site-packages"]\n    node_venv_lib_python3_12_site-packages --> node_venv_lib_python3_12_site-packages_PyQt6["PyQt6"]\n    node_venv_lib_python3_12_site-packages_PyQt6 --> node_venv_lib_python3_12_site-packages_PyQt6_Qt6["Qt6"]\n    node_venv_lib_python3_12_site-packages_PyQt6_Qt6 --> node_venv_lib_python3_12_site-packages_PyQt6_Qt6_qml["qml"]\n    node_venv_lib_python3_12_site-packages_PyQt6_Qt6_qml --> node_venv_lib_python3_12_site-packages_PyQt6_Qt6_qml_QtRemoteObjects["QtRemoteObjects"]\n    node_venv_lib_python3_12_site-packages_PyQt6_Qt6_qml_QtRemoteObjects --> node_venv_lib_python3_12_site-packages_PyQt6_Qt6_qml_QtRemoteObjects_qmldir["qmldir"]\n    Root --> node_venv["venv"]\n    node_venv --> node_venv_lib["lib"]\n    node_venv_lib --> node_venv_lib_python3_12["python3.12"]\n    node_venv_lib_python3_12 --> node_venv_lib_python3_12_site-packages["site-packages"]\n    node_venv_lib_python3_12_site-packages --> node_venv_lib_python3_12_site-packages_PyQt6["PyQt6"]\n    node_venv_lib_python3_12_site-packages_PyQt6 --> node_venv_lib_python3_12_site-packages_PyQt6_Qt6["Qt6"]\n    node_venv_lib_python3_12_site-packages_PyQt6_Qt6 --> node_venv_lib_python3_12_site-packages_PyQt6_Qt6_qml["qml"]\n    node_venv_lib_python3_12_site-packages_PyQt6_Qt6_qml --> node_venv_lib_python3_12_site-packages_PyQt6_Qt6_qml_QtSensors["QtSensors"]\n    node_venv_lib_python3_12_site-packages_PyQt6_Qt6_qml_QtSensors --> node_venv_lib_python3_12_site-packages_PyQt6_Qt6_qml_QtSensors_libsensorsquickplugin_dylib["libsensorsquickplugin.dylib"]\n    Root --> node_venv["venv"]\n    node_venv --> node_venv_lib["lib"]\n    node_venv_lib --> node_venv_lib_python3_12["python3.12"]\n    node_venv_lib_python3_12 --> node_venv_lib_python3_12_site-packages["site-packages"]\n    node_venv_lib_python3_12_site-packages --> node_venv_lib_python3_12_site-packages_PyQt6["PyQt6"]\n    node_venv_lib_python3_12_site-packages_PyQt6 --> node_venv_lib_python3_12_site-packages_PyQt6_Qt6["Qt6"]\n    node_venv_lib_python3_12_site-packages_PyQt6_Qt6 --> node_venv_lib_python3_12_site-packages_PyQt6_Qt6_qml["qml"]\n    node_venv_lib_python3_12_site-packages_PyQt6_Qt6_qml --> node_venv_lib_python3_12_site-packages_PyQt6_Qt6_qml_QtSensors["QtSensors"]\n    node_venv_lib_python3_12_site-packages_PyQt6_Qt6_qml_QtSensors --> node_venv_lib_python3_12_site-packages_PyQt6_Qt6_qml_QtSensors_plugins_qmltypes["plugins.qmltypes"]\n    Root --> node_venv["venv"]\n    node_venv --> node_venv_lib["lib"]\n    node_venv_lib --> node_venv_lib_python3_12["python3.12"]\n    node_venv_lib_python3_12 --> node_venv_lib_python3_12_site-packages["site-packages"]\n    node_venv_lib_python3_12_site-packages --> node_venv_lib_python3_12_site-packages_PyQt6["PyQt6"]\n    node_venv_lib_python3_12_site-packages_PyQt6 --> node_venv_lib_python3_12_site-packages_PyQt6_Qt6["Qt6"]\n    node_venv_lib_python3_12_site-packages_PyQt6_Qt6 --> node_venv_lib_python3_12_site-packages_PyQt6_Qt6_qml["qml"]\n    node_venv_lib_python3_12_site-packages_PyQt6_Qt6_qml --> node_venv_lib_python3_12_site-packages_PyQt6_Qt6_qml_QtSensors["QtSensors"]\n    node_venv_lib_python3_12_site-packages_PyQt6_Qt6_qml_QtSensors --> node_venv_lib_python3_12_site-packages_PyQt6_Qt6_qml_QtSensors_qmldir["qmldir"]\n    Root --> node_venv["venv"]\n    node_venv --> node_venv_lib["lib"]\n    node_venv_lib --> node_venv_lib_python3_12["python3.12"]\n    node_venv_lib_python3_12 --> node_venv_lib_python3_12_site-packages["site-packages"]\n    node_venv_lib_python3_12_site-packages --> node_venv_lib_python3_12_site-packages_PyQt6["PyQt6"]\n    node_venv_lib_python3_12_site-packages_PyQt6 --> node_venv_lib_python3_12_site-packages_PyQt6_Qt6["Qt6"]\n    node_venv_lib_python3_12_site-packages_PyQt6_Qt6 --> node_venv_lib_python3_12_site-packages_PyQt6_Qt6_qml["qml"]\n    node_venv_lib_python3_12_site-packages_PyQt6_Qt6_qml --> node_venv_lib_python3_12_site-packages_PyQt6_Qt6_qml_QtQuick["QtQuick"]\n    node_venv_lib_python3_12_site-packages_PyQt6_Qt6_qml_QtQuick --> node_venv_lib_python3_12_site-packages_PyQt6_Qt6_qml_QtQuick_libqtquick2plugin_dylib["libqtquick2plugin.dylib"]\n    Root --> node_venv["venv"]\n    node_venv --> node_venv_lib["lib"]\n    node_venv_lib --> node_venv_lib_python3_12["python3.12"]\n    node_venv_lib_python3_12 --> node_venv_lib_python3_12_site-packages["site-packages"]\n    node_venv_lib_python3_12_site-packages --> node_venv_lib_python3_12_site-packages_PyQt6["PyQt6"]\n    node_venv_lib_python3_12_site-packages_PyQt6 --> node_venv_lib_python3_12_site-packages_PyQt6_Qt6["Qt6"]\n    node_venv_lib_python3_12_site-packages_PyQt6_Qt6 --> node_venv_lib_python3_12_site-packages_PyQt6_Qt6_qml["qml"]\n    node_venv_lib_python3_12_site-packages_PyQt6_Qt6_qml --> node_venv_lib_python3_12_site-packages_PyQt6_Qt6_qml_QtQuick["QtQuick"]\n    node_venv_lib_python3_12_site-packages_PyQt6_Qt6_qml_QtQuick --> node_venv_lib_python3_12_site-packages_PyQt6_Qt6_qml_QtQuick_plugins_qmltypes["plugins.qmltypes"]\n    Root --> node_venv["venv"]\n    node_venv --> node_venv_lib["lib"]\n    node_venv_lib --> node_venv_lib_python3_12["python3.12"]\n    node_venv_lib_python3_12 --> node_venv_lib_python3_12_site-packages["site-packages"]\n    node_venv_lib_python3_12_site-packages --> node_venv_lib_python3_12_site-packages_PyQt6["PyQt6"]\n    node_venv_lib_python3_12_site-packages_PyQt6 --> node_venv_lib_python3_12_site-packages_PyQt6_Qt6["Qt6"]\n    node_venv_lib_python3_12_site-packages_PyQt6_Qt6 --> node_venv_lib_python3_12_site-packages_PyQt6_Qt6_qml["qml"]\n    node_venv_lib_python3_12_site-packages_PyQt6_Qt6_qml --> node_venv_lib_python3_12_site-packages_PyQt6_Qt6_qml_QtQuick["QtQuick"]\n    node_venv_lib_python3_12_site-packages_PyQt6_Qt6_qml_QtQuick --> node_venv_lib_python3_12_site-packages_PyQt6_Qt6_qml_QtQuick_qmldir["qmldir"]\n    Root --> node_venv["venv"]\n    node_venv --> node_venv_lib["lib"]\n    node_venv_lib --> node_venv_lib_python3_12["python3.12"]\n    node_venv_lib_python3_12 --> node_venv_lib_python3_12_site-packages["site-packages"]\n    node_venv_lib_python3_12_site-packages --> node_venv_lib_python3_12_site-packages_PyQt6["PyQt6"]\n    node_venv_lib_python3_12_site-packages_PyQt6 --> node_venv_lib_python3_12_site-packages_PyQt6_Qt6["Qt6"]\n    node_venv_lib_python3_12_site-packages_PyQt6_Qt6 --> node_venv_lib_python3_12_site-packages_PyQt6_Qt6_qml["qml"]\n    node_venv_lib_python3_12_site-packages_PyQt6_Qt6_qml --> node_venv_lib_python3_12_site-packages_PyQt6_Qt6_qml_QtQuick["QtQuick"]\n    node_venv_lib_python3_12_site-packages_PyQt6_Qt6_qml_QtQuick --> node_venv_lib_python3_12_site-packages_PyQt6_Qt6_qml_QtQuick_tooling["tooling"]\n    node_venv_lib_python3_12_site-packages_PyQt6_Qt6_qml_QtQuick_tooling --> node_venv_lib_python3_12_site-packages_PyQt6_Qt6_qml_QtQuick_tooling_Component_qml["Component.qml"]\n    Root --> node_venv["venv"]\n    node_venv --> node_venv_lib["lib"]\n    node_venv_lib --> node_venv_lib_python3_12["python3.12"]\n    node_venv_lib_python3_12 --> node_venv_lib_python3_12_site-packages["site-packages"]\n    node_venv_lib_python3_12_site-packages --> node_venv_lib_python3_12_site-packages_PyQt6["PyQt6"]\n    node_venv_lib_python3_12_site-packages_PyQt6 --> node_venv_lib_python3_12_site-packages_PyQt6_Qt6["Qt6"]\n    node_venv_lib_python3_12_site-packages_PyQt6_Qt6 --> node_venv_lib_python3_12_site-packages_PyQt6_Qt6_qml["qml"]\n    node_venv_lib_python3_12_site-packages_PyQt6_Qt6_qml --> node_venv_lib_python3_12_site-packages_PyQt6_Qt6_qml_QtQuick["QtQuick"]\n    node_venv_lib_python3_12_site-packages_PyQt6_Qt6_qml_QtQuick --> node_venv_lib_python3_12_site-packages_PyQt6_Qt6_qml_QtQuick_tooling["tooling"]\n    node_venv_lib_python3_12_site-packages_PyQt6_Qt6_qml_QtQuick_tooling --> node_venv_lib_python3_12_site-packages_PyQt6_Qt6_qml_QtQuick_tooling_Enum_qml["Enum.qml"]\n    Root --> node_venv["venv"]\n    node_venv --> node_venv_lib["lib"]\n    node_venv_lib --> node_venv_lib_python3_12["python3.12"]\n    node_venv_lib_python3_12 --> node_venv_lib_python3_12_site-packages["site-packages"]\n    node_venv_lib_python3_12_site-packages --> node_venv_lib_python3_12_site-packages_PyQt6["PyQt6"]\n    node_venv_lib_python3_12_site-packages_PyQt6 --> node_venv_lib_python3_12_site-packages_PyQt6_Qt6["Qt6"]\n    node_venv_lib_python3_12_site-packages_PyQt6_Qt6 --> node_venv_lib_python3_12_site-packages_PyQt6_Qt6_qml["qml"]\n    node_venv_lib_python3_12_site-packages_PyQt6_Qt6_qml --> node_venv_lib_python3_12_site-packages_PyQt6_Qt6_qml_QtQuick["QtQuick"]\n    node_venv_lib_python3_12_site-packages_PyQt6_Qt6_qml_QtQuick --> node_venv_lib_python3_12_site-packages_PyQt6_Qt6_qml_QtQuick_tooling["tooling"]\n    node_venv_lib_python3_12_site-packages_PyQt6_Qt6_qml_QtQuick_tooling --> node_venv_lib_python3_12_site-packages_PyQt6_Qt6_qml_QtQuick_tooling_Member_qml["Member.qml"]\n    Root --> node_venv["venv"]\n    node_venv --> node_venv_lib["lib"]\n    node_venv_lib --> node_venv_lib_python3_12["python3.12"]\n    node_venv_lib_python3_12 --> node_venv_lib_python3_12_site-packages["site-packages"]\n    node_venv_lib_python3_12_site-packages --> node_venv_lib_python3_12_site-packages_PyQt6["PyQt6"]\n    node_venv_lib_python3_12_site-packages_PyQt6 --> node_venv_lib_python3_12_site-packages_PyQt6_Qt6["Qt6"]\n    node_venv_lib_python3_12_site-packages_PyQt6_Qt6 --> node_venv_lib_python3_12_site-packages_PyQt6_Qt6_qml["qml"]\n    node_venv_lib_python3_12_site-packages_PyQt6_Qt6_qml --> node_venv_lib_python3_12_site-packages_PyQt6_Qt6_qml_QtQuick["QtQuick"]\n    node_venv_lib_python3_12_site-packages_PyQt6_Qt6_qml_QtQuick --> node_venv_lib_python3_12_site-packages_PyQt6_Qt6_qml_QtQuick_tooling["tooling"]\n    node_venv_lib_python3_12_site-packages_PyQt6_Qt6_qml_QtQuick_tooling --> node_venv_lib_python3_12_site-packages_PyQt6_Qt6_qml_QtQuick_tooling_Method_qml["Method.qml"]\n    Root --> node_venv["venv"]\n    node_venv --> node_venv_lib["lib"]\n    node_venv_lib --> node_venv_lib_python3_12["python3.12"]\n    node_venv_lib_python3_12 --> node_venv_lib_python3_12_site-packages["site-packages"]\n    node_venv_lib_python3_12_site-packages --> node_venv_lib_python3_12_site-packages_PyQt6["PyQt6"]\n    node_venv_lib_python3_12_site-packages_PyQt6 --> node_venv_lib_python3_12_site-packages_PyQt6_Qt6["Qt6"]\n    node_venv_lib_python3_12_site-packages_PyQt6_Qt6 --> node_venv_lib_python3_12_site-packages_PyQt6_Qt6_qml["qml"]\n    node_venv_lib_python3_12_site-packages_PyQt6_Qt6_qml --> node_venv_lib_python3_12_site-packages_PyQt6_Qt6_qml_QtQuick["QtQuick"]\n    node_venv_lib_python3_12_site-packages_PyQt6_Qt6_qml_QtQuick --> node_venv_lib_python3_12_site-packages_PyQt6_Qt6_qml_QtQuick_tooling["tooling"]\n    node_venv_lib_python3_12_site-packages_PyQt6_Qt6_qml_QtQuick_tooling --> node_venv_lib_python3_12_site-packages_PyQt6_Qt6_qml_QtQuick_tooling_Module_qml["Module.qml"]\n    Root --> node_venv["venv"]\n    node_venv --> node_venv_lib["lib"]\n    node_venv_lib --> node_venv_lib_python3_12["python3.12"]\n    node_venv_lib_python3_12 --> node_venv_lib_python3_12_site-packages["site-packages"]\n    node_venv_lib_python3_12_site-packages --> node_venv_lib_python3_12_site-packages_PyQt6["PyQt6"]\n    node_venv_lib_python3_12_site-packages_PyQt6 --> node_venv_lib_python3_12_site-packages_PyQt6_Qt6["Qt6"]\n    node_venv_lib_python3_12_site-packages_PyQt6_Qt6 --> node_venv_lib_python3_12_site-packages_PyQt6_Qt6_qml["qml"]\n    node_venv_lib_python3_12_site-packages_PyQt6_Qt6_qml --> node_venv_lib_python3_12_site-packages_PyQt6_Qt6_qml_QtQuick["QtQuick"]\n    node_venv_lib_python3_12_site-packages_PyQt6_Qt6_qml_QtQuick --> node_venv_lib_python3_12_site-packages_PyQt6_Qt6_qml_QtQuick_tooling["tooling"]\n    node_venv_lib_python3_12_site-packages_PyQt6_Qt6_qml_QtQuick_tooling --> node_venv_lib_python3_12_site-packages_PyQt6_Qt6_qml_QtQuick_tooling_Parameter_qml["Parameter.qml"]\n    Root --> node_venv["venv"]\n    node_venv --> node_venv_lib["lib"]\n    node_venv_lib --> node_venv_lib_python3_12["python3.12"]\n    node_venv_lib_python3_12 --> node_venv_lib_python3_12_site-packages["site-packages"]\n    node_venv_lib_python3_12_site-packages --> node_venv_lib_python3_12_site-packages_PyQt6["PyQt6"]\n    node_venv_lib_python3_12_site-packages_PyQt6 --> node_venv_lib_python3_12_site-packages_PyQt6_Qt6["Qt6"]\n    node_venv_lib_python3_12_site-packages_PyQt6_Qt6 --> node_venv_lib_python3_12_site-packages_PyQt6_Qt6_qml["qml"]\n    node_venv_lib_python3_12_site-packages_PyQt6_Qt6_qml --> node_venv_lib_python3_12_site-packages_PyQt6_Qt6_qml_QtQuick["QtQuick"]\n    node_venv_lib_python3_12_site-packages_PyQt6_Qt6_qml_QtQuick --> node_venv_lib_python3_12_site-packages_PyQt6_Qt6_qml_QtQuick_tooling["tooling"]\n    node_venv_lib_python3_12_site-packages_PyQt6_Qt6_qml_QtQuick_tooling --> node_venv_lib_python3_12_site-packages_PyQt6_Qt6_qml_QtQuick_tooling_Property_qml["Property.qml"]\n    Root --> node_venv["venv"]\n    node_venv --> node_venv_lib["lib"]\n    node_venv_lib --> node_venv_lib_python3_12["python3.12"]\n    node_venv_lib_python3_12 --> node_venv_lib_python3_12_site-packages["site-packages"]\n    node_venv_lib_python3_12_site-packages --> node_venv_lib_python3_12_site-packages_PyQt6["PyQt6"]\n    node_venv_lib_python3_12_site-packages_PyQt6 --> node_venv_lib_python3_12_site-packages_PyQt6_Qt6["Qt6"]\n    node_venv_lib_python3_12_site-packages_PyQt6_Qt6 --> node_venv_lib_python3_12_site-packages_PyQt6_Qt6_qml["qml"]\n    node_venv_lib_python3_12_site-packages_PyQt6_Qt6_qml --> node_venv_lib_python3_12_site-packages_PyQt6_Qt6_qml_QtQuick["QtQuick"]\n    node_venv_lib_python3_12_site-packages_PyQt6_Qt6_qml_QtQuick --> node_venv_lib_python3_12_site-packages_PyQt6_Qt6_qml_QtQuick_tooling["tooling"]\n    node_venv_lib_python3_12_site-packages_PyQt6_Qt6_qml_QtQuick_tooling --> node_venv_lib_python3_12_site-packages_PyQt6_Qt6_qml_QtQuick_tooling_Signal_qml["Signal.qml"]\n    Root --> node_venv["venv"]\n    node_venv --> node_venv_lib["lib"]\n    node_venv_lib --> node_venv_lib_python3_12["python3.12"]\n    node_venv_lib_python3_12 --> node_venv_lib_python3_12_site-packages["site-packages"]\n    node_venv_lib_python3_12_site-packages --> node_venv_lib_python3_12_site-packages_PyQt6["PyQt6"]\n    node_venv_lib_python3_12_site-packages_PyQt6 --> node_venv_lib_python3_12_site-packages_PyQt6_Qt6["Qt6"]\n    node_venv_lib_python3_12_site-packages_PyQt6_Qt6 --> node_venv_lib_python3_12_site-packages_PyQt6_Qt6_qml["qml"]\n    node_venv_lib_python3_12_site-packages_PyQt6_Qt6_qml --> node_venv_lib_python3_12_site-packages_PyQt6_Qt6_qml_QtQuick["QtQuick"]\n    node_venv_lib_python3_12_site-packages_PyQt6_Qt6_qml_QtQuick --> node_venv_lib_python3_12_site-packages_PyQt6_Qt6_qml_QtQuick_tooling["tooling"]\n    node_venv_lib_python3_12_site-packages_PyQt6_Qt6_qml_QtQuick_tooling --> node_venv_lib_python3_12_site-packages_PyQt6_Qt6_qml_QtQuick_tooling_libquicktoolingplugin_dylib["libquicktoolingplugin.dylib"]\n    Root --> node_venv["venv"]\n    node_venv --> node_venv_lib["lib"]\n    node_venv_lib --> node_venv_lib_python3_12["python3.12"]\n    node_venv_lib_python3_12 --> node_venv_lib_python3_12_site-packages["site-packages"]\n    node_venv_lib_python3_12_site-packages --> node_venv_lib_python3_12_site-packages_PyQt6["PyQt6"]\n    node_venv_lib_python3_12_site-packages_PyQt6 --> node_venv_lib_python3_12_site-packages_PyQt6_Qt6["Qt6"]\n    node_venv_lib_python3_12_site-packages_PyQt6_Qt6 --> node_venv_lib_python3_12_site-packages_PyQt6_Qt6_qml["qml"]\n    node_venv_lib_python3_12_site-packages_PyQt6_Qt6_qml --> node_venv_lib_python3_12_site-packages_PyQt6_Qt6_qml_QtQuick["QtQuick"]\n    node_venv_lib_python3_12_site-packages_PyQt6_Qt6_qml_QtQuick --> node_venv_lib_python3_12_site-packages_PyQt6_Qt6_qml_QtQuick_tooling["tooling"]\n    node_venv_lib_python3_12_site-packages_PyQt6_Qt6_qml_QtQuick_tooling --> node_venv_lib_python3_12_site-packages_PyQt6_Qt6_qml_QtQuick_tooling_qmldir["qmldir"]\n    Root --> node_venv["venv"]\n    node_venv --> node_venv_lib["lib"]\n    node_venv_lib --> node_venv_lib_python3_12["python3.12"]\n    node_venv_lib_python3_12 --> node_venv_lib_python3_12_site-packages["site-packages"]\n    node_venv_lib_python3_12_site-packages --> node_venv_lib_python3_12_site-packages_PyQt6["PyQt6"]\n    node_venv_lib_python3_12_site-packages_PyQt6 --> node_venv_lib_python3_12_site-packages_PyQt6_Qt6["Qt6"]\n    node_venv_lib_python3_12_site-packages_PyQt6_Qt6 --> node_venv_lib_python3_12_site-packages_PyQt6_Qt6_qml["qml"]\n    node_venv_lib_python3_12_site-packages_PyQt6_Qt6_qml --> node_venv_lib_python3_12_site-packages_PyQt6_Qt6_qml_QtQuick["QtQuick"]\n    node_venv_lib_python3_12_site-packages_PyQt6_Qt6_qml_QtQuick --> node_venv_lib_python3_12_site-packages_PyQt6_Qt6_qml_QtQuick_tooling["tooling"]\n    node_venv_lib_python3_12_site-packages_PyQt6_Qt6_qml_QtQuick_tooling --> node_venv_lib_python3_12_site-packages_PyQt6_Qt6_qml_QtQuick_tooling_quicktooling_qmltypes["quicktooling.qmltypes"]\n    Root --> node_venv["venv"]\n    node_venv --> node_venv_lib["lib"]\n    node_venv_lib --> node_venv_lib_python3_12["python3.12"]\n    node_venv_lib_python3_12 --> node_venv_lib_python3_12_site-packages["site-packages"]\n    node_venv_lib_python3_12_site-packages --> node_venv_lib_python3_12_site-packages_PyQt6["PyQt6"]\n    node_venv_lib_python3_12_site-packages_PyQt6 --> node_venv_lib_python3_12_site-packages_PyQt6_Qt6["Qt6"]\n    node_venv_lib_python3_12_site-packages_PyQt6_Qt6 --> node_venv_lib_python3_12_site-packages_PyQt6_Qt6_qml["qml"]\n    node_venv_lib_python3_12_site-packages_PyQt6_Qt6_qml --> node_venv_lib_python3_12_site-packages_PyQt6_Qt6_qml_QtQuick["QtQuick"]\n    node_venv_lib_python3_12_site-packages_PyQt6_Qt6_qml_QtQuick --> node_venv_lib_python3_12_site-packages_PyQt6_Qt6_qml_QtQuick_Scene2D["Scene2D"]\n    node_venv_lib_python3_12_site-packages_PyQt6_Qt6_qml_QtQuick_Scene2D --> node_venv_lib_python3_12_site-packages_PyQt6_Qt6_qml_QtQuick_Scene2D_libqtquickscene2dplugin_dylib["libqtquickscene2dplugin.dylib"]\n    Root --> node_venv["venv"]\n    node_venv --> node_venv_lib["lib"]\n    node_venv_lib --> node_venv_lib_python3_12["python3.12"]\n    node_venv_lib_python3_12 --> node_venv_lib_python3_12_site-packages["site-packages"]\n    node_venv_lib_python3_12_site-packages --> node_venv_lib_python3_12_site-packages_PyQt6["PyQt6"]\n    node_venv_lib_python3_12_site-packages_PyQt6 --> node_venv_lib_python3_12_site-packages_PyQt6_Qt6["Qt6"]\n    node_venv_lib_python3_12_site-packages_PyQt6_Qt6 --> node_venv_lib_python3_12_site-packages_PyQt6_Qt6_qml["qml"]\n    node_venv_lib_python3_12_site-packages_PyQt6_Qt6_qml --> node_venv_lib_python3_12_site-packages_PyQt6_Qt6_qml_QtQuick["QtQuick"]\n    node_venv_lib_python3_12_site-packages_PyQt6_Qt6_qml_QtQuick --> node_venv_lib_python3_12_site-packages_PyQt6_Qt6_qml_QtQuick_Scene2D["Scene2D"]\n    node_venv_lib_python3_12_site-packages_PyQt6_Qt6_qml_QtQuick_Scene2D --> node_venv_lib_python3_12_site-packages_PyQt6_Qt6_qml_QtQuick_Scene2D_plugins_qmltypes["plugins.qmltypes"]\n    Root --> node_venv["venv"]\n    node_venv --> node_venv_lib["lib"]\n    node_venv_lib --> node_venv_lib_python3_12["python3.12"]\n    node_venv_lib_python3_12 --> node_venv_lib_python3_12_site-packages["site-packages"]\n    node_venv_lib_python3_12_site-packages --> node_venv_lib_python3_12_site-packages_PyQt6["PyQt6"]\n    node_venv_lib_python3_12_site-packages_PyQt6 --> node_venv_lib_python3_12_site-packages_PyQt6_Qt6["Qt6"]\n    node_venv_lib_python3_12_site-packages_PyQt6_Qt6 --> node_venv_lib_python3_12_site-packages_PyQt6_Qt6_qml["qml"]\n    node_venv_lib_python3_12_site-packages_PyQt6_Qt6_qml --> node_venv_lib_python3_12_site-packages_PyQt6_Qt6_qml_QtQuick["QtQuick"]\n    node_venv_lib_python3_12_site-packages_PyQt6_Qt6_qml_QtQuick --> node_venv_lib_python3_12_site-packages_PyQt6_Qt6_qml_QtQuick_Scene2D["Scene2D"]\n    node_venv_lib_python3_12_site-packages_PyQt6_Qt6_qml_QtQuick_Scene2D --> node_venv_lib_python3_12_site-packages_PyQt6_Qt6_qml_QtQuick_Scene2D_qmldir["qmldir"]\n    Root --> node_venv["venv"]\n    node_venv --> node_venv_lib["lib"]\n    node_venv_lib --> node_venv_lib_python3_12["python3.12"]\n    node_venv_lib_python3_12 --> node_venv_lib_python3_12_site-packages["site-packages"]\n    node_venv_lib_python3_12_site-packages --> node_venv_lib_python3_12_site-packages_PyQt6["PyQt6"]\n    node_venv_lib_python3_12_site-packages_PyQt6 --> node_venv_lib_python3_12_site-packages_PyQt6_Qt6["Qt6"]\n    node_venv_lib_python3_12_site-packages_PyQt6_Qt6 --> node_venv_lib_python3_12_site-packages_PyQt6_Qt6_qml["qml"]\n    node_venv_lib_python3_12_site-packages_PyQt6_Qt6_qml --> node_venv_lib_python3_12_site-packages_PyQt6_Qt6_qml_QtQuick["QtQuick"]\n    node_venv_lib_python3_12_site-packages_PyQt6_Qt6_qml_QtQuick --> node_venv_lib_python3_12_site-packages_PyQt6_Qt6_qml_QtQuick_Pdf["Pdf"]\n    node_venv_lib_python3_12_site-packages_PyQt6_Qt6_qml_QtQuick_Pdf --> node_venv_lib_python3_12_site-packages_PyQt6_Qt6_qml_QtQuick_Pdf_PdfLinkDelegate_qml["PdfLinkDelegate.qml"]\n    Root --> node_venv["venv"]\n    node_venv --> node_venv_lib["lib"]\n    node_venv_lib --> node_venv_lib_python3_12["python3.12"]\n    node_venv_lib_python3_12 --> node_venv_lib_python3_12_site-packages["site-packages"]\n    node_venv_lib_python3_12_site-packages --> node_venv_lib_python3_12_site-packages_PyQt6["PyQt6"]\n    node_venv_lib_python3_12_site-packages_PyQt6 --> node_venv_lib_python3_12_site-packages_PyQt6_Qt6["Qt6"]\n    node_venv_lib_python3_12_site-packages_PyQt6_Qt6 --> node_venv_lib_python3_12_site-packages_PyQt6_Qt6_qml["qml"]\n    node_venv_lib_python3_12_site-packages_PyQt6_Qt6_qml --> node_venv_lib_python3_12_site-packages_PyQt6_Qt6_qml_QtQuick["QtQuick"]\n    node_venv_lib_python3_12_site-packages_PyQt6_Qt6_qml_QtQuick --> node_venv_lib_python3_12_site-packages_PyQt6_Qt6_qml_QtQuick_Pdf["Pdf"]\n    node_venv_lib_python3_12_site-packages_PyQt6_Qt6_qml_QtQuick_Pdf --> node_venv_lib_python3_12_site-packages_PyQt6_Qt6_qml_QtQuick_Pdf_PdfMultiPageView_qml["PdfMultiPageView.qml"]\n    Root --> node_venv["venv"]\n    node_venv --> node_venv_lib["lib"]\n    node_venv_lib --> node_venv_lib_python3_12["python3.12"]\n    node_venv_lib_python3_12 --> node_venv_lib_python3_12_site-packages["site-packages"]\n    node_venv_lib_python3_12_site-packages --> node_venv_lib_python3_12_site-packages_PyQt6["PyQt6"]\n    node_venv_lib_python3_12_site-packages_PyQt6 --> node_venv_lib_python3_12_site-packages_PyQt6_Qt6["Qt6"]\n    node_venv_lib_python3_12_site-packages_PyQt6_Qt6 --> node_venv_lib_python3_12_site-packages_PyQt6_Qt6_qml["qml"]\n    node_venv_lib_python3_12_site-packages_PyQt6_Qt6_qml --> node_venv_lib_python3_12_site-packages_PyQt6_Qt6_qml_QtQuick["QtQuick"]\n    node_venv_lib_python3_12_site-packages_PyQt6_Qt6_qml_QtQuick --> node_venv_lib_python3_12_site-packages_PyQt6_Qt6_qml_QtQuick_Pdf["Pdf"]\n    node_venv_lib_python3_12_site-packages_PyQt6_Qt6_qml_QtQuick_Pdf --> node_venv_lib_python3_12_site-packages_PyQt6_Qt6_qml_QtQuick_Pdf_PdfPageView_qml["PdfPageView.qml"]\n    Root --> node_venv["venv"]\n    node_venv --> node_venv_lib["lib"]\n    node_venv_lib --> node_venv_lib_python3_12["python3.12"]\n    node_venv_lib_python3_12 --> node_venv_lib_python3_12_site-packages["site-packages"]\n    node_venv_lib_python3_12_site-packages --> node_venv_lib_python3_12_site-packages_PyQt6["PyQt6"]\n    node_venv_lib_python3_12_site-packages_PyQt6 --> node_venv_lib_python3_12_site-packages_PyQt6_Qt6["Qt6"]\n    node_venv_lib_python3_12_site-packages_PyQt6_Qt6 --> node_venv_lib_python3_12_site-packages_PyQt6_Qt6_qml["qml"]\n    node_venv_lib_python3_12_site-packages_PyQt6_Qt6_qml --> node_venv_lib_python3_12_site-packages_PyQt6_Qt6_qml_QtQuick["QtQuick"]\n    node_venv_lib_python3_12_site-packages_PyQt6_Qt6_qml_QtQuick --> node_venv_lib_python3_12_site-packages_PyQt6_Qt6_qml_QtQuick_Pdf["Pdf"]\n    node_venv_lib_python3_12_site-packages_PyQt6_Qt6_qml_QtQuick_Pdf --> node_venv_lib_python3_12_site-packages_PyQt6_Qt6_qml_QtQuick_Pdf_PdfScrollablePageView_qml["PdfScrollablePageView.qml"]\n    Root --> node_venv["venv"]\n    node_venv --> node_venv_lib["lib"]\n    node_venv_lib --> node_venv_lib_python3_12["python3.12"]\n    node_venv_lib_python3_12 --> node_venv_lib_python3_12_site-packages["site-packages"]\n    node_venv_lib_python3_12_site-packages --> node_venv_lib_python3_12_site-packages_PyQt6["PyQt6"]\n    node_venv_lib_python3_12_site-packages_PyQt6 --> node_venv_lib_python3_12_site-packages_PyQt6_Qt6["Qt6"]\n    node_venv_lib_python3_12_site-packages_PyQt6_Qt6 --> node_venv_lib_python3_12_site-packages_PyQt6_Qt6_qml["qml"]\n    node_venv_lib_python3_12_site-packages_PyQt6_Qt6_qml --> node_venv_lib_python3_12_site-packages_PyQt6_Qt6_qml_QtQuick["QtQuick"]\n    node_venv_lib_python3_12_site-packages_PyQt6_Qt6_qml_QtQuick --> node_venv_lib_python3_12_site-packages_PyQt6_Qt6_qml_QtQuick_Pdf["Pdf"]\n    node_venv_lib_python3_12_site-packages_PyQt6_Qt6_qml_QtQuick_Pdf --> node_venv_lib_python3_12_site-packages_PyQt6_Qt6_qml_QtQuick_Pdf_PdfStyle_qml["PdfStyle.qml"]\n    Root --> node_venv["venv"]\n    node_venv --> node_venv_lib["lib"]\n    node_venv_lib --> node_venv_lib_python3_12["python3.12"]\n    node_venv_lib_python3_12 --> node_venv_lib_python3_12_site-packages["site-packages"]\n    node_venv_lib_python3_12_site-packages --> node_venv_lib_python3_12_site-packages_PyQt6["PyQt6"]\n    node_venv_lib_python3_12_site-packages_PyQt6 --> node_venv_lib_python3_12_site-packages_PyQt6_Qt6["Qt6"]\n    node_venv_lib_python3_12_site-packages_PyQt6_Qt6 --> node_venv_lib_python3_12_site-packages_PyQt6_Qt6_qml["qml"]\n    node_venv_lib_python3_12_site-packages_PyQt6_Qt6_qml --> node_venv_lib_python3_12_site-packages_PyQt6_Qt6_qml_QtQuick["QtQuick"]\n    node_venv_lib_python3_12_site-packages_PyQt6_Qt6_qml_QtQuick --> node_venv_lib_python3_12_site-packages_PyQt6_Qt6_qml_QtQuick_Pdf["Pdf"]\n    node_venv_lib_python3_12_site-packages_PyQt6_Qt6_qml_QtQuick_Pdf --> node_venv_lib_python3_12_site-packages_PyQt6_Qt6_qml_QtQuick_Pdf_libpdfquickplugin_dylib["libpdfquickplugin.dylib"]\n    Root --> node_venv["venv"]\n    node_venv --> node_venv_lib["lib"]\n    node_venv_lib --> node_venv_lib_python3_12["python3.12"]\n    node_venv_lib_python3_12 --> node_venv_lib_python3_12_site-packages["site-packages"]\n    node_venv_lib_python3_12_site-packages --> node_venv_lib_python3_12_site-packages_PyQt6["PyQt6"]\n    node_venv_lib_python3_12_site-packages_PyQt6 --> node_venv_lib_python3_12_site-packages_PyQt6_Qt6["Qt6"]\n    node_venv_lib_python3_12_site-packages_PyQt6_Qt6 --> node_venv_lib_python3_12_site-packages_PyQt6_Qt6_qml["qml"]\n    node_venv_lib_python3_12_site-packages_PyQt6_Qt6_qml --> node_venv_lib_python3_12_site-packages_PyQt6_Qt6_qml_QtQuick["QtQuick"]\n    node_venv_lib_python3_12_site-packages_PyQt6_Qt6_qml_QtQuick --> node_venv_lib_python3_12_site-packages_PyQt6_Qt6_qml_QtQuick_Pdf["Pdf"]\n    node_venv_lib_python3_12_site-packages_PyQt6_Qt6_qml_QtQuick_Pdf --> node_venv_lib_python3_12_site-packages_PyQt6_Qt6_qml_QtQuick_Pdf_plugins_qmltypes["plugins.qmltypes"]\n    Root --> node_venv["venv"]\n    node_venv --> node_venv_lib["lib"]\n    node_venv_lib --> node_venv_lib_python3_12["python3.12"]\n    node_venv_lib_python3_12 --> node_venv_lib_python3_12_site-packages["site-packages"]\n    node_venv_lib_python3_12_site-packages --> node_venv_lib_python3_12_site-packages_PyQt6["PyQt6"]\n    node_venv_lib_python3_12_site-packages_PyQt6 --> node_venv_lib_python3_12_site-packages_PyQt6_Qt6["Qt6"]\n    node_venv_lib_python3_12_site-packages_PyQt6_Qt6 --> node_venv_lib_python3_12_site-packages_PyQt6_Qt6_qml["qml"]\n    node_venv_lib_python3_12_site-packages_PyQt6_Qt6_qml --> node_venv_lib_python3_12_site-packages_PyQt6_Qt6_qml_QtQuick["QtQuick"]\n    node_venv_lib_python3_12_site-packages_PyQt6_Qt6_qml_QtQuick --> node_venv_lib_python3_12_site-packages_PyQt6_Qt6_qml_QtQuick_Pdf["Pdf"]\n    node_venv_lib_python3_12_site-packages_PyQt6_Qt6_qml_QtQuick_Pdf --> node_venv_lib_python3_12_site-packages_PyQt6_Qt6_qml_QtQuick_Pdf_qmldir["qmldir"]\n    Root --> node_venv["venv"]\n    node_venv --> node_venv_lib["lib"]\n    node_venv_lib --> node_venv_lib_python3_12["python3.12"]\n    node_venv_lib_python3_12 --> node_venv_lib_python3_12_site-packages["site-packages"]\n    node_venv_lib_python3_12_site-packages --> node_venv_lib_python3_12_site-packages_PyQt6["PyQt6"]\n    node_venv_lib_python3_12_site-packages_PyQt6 --> node_venv_lib_python3_12_site-packages_PyQt6_Qt6["Qt6"]\n    node_venv_lib_python3_12_site-packages_PyQt6_Qt6 --> node_venv_lib_python3_12_site-packages_PyQt6_Qt6_qml["qml"]\n    node_venv_lib_python3_12_site-packages_PyQt6_Qt6_qml --> node_venv_lib_python3_12_site-packages_PyQt6_Qt6_qml_QtQuick["QtQuick"]\n    node_venv_lib_python3_12_site-packages_PyQt6_Qt6_qml_QtQuick --> node_venv_lib_python3_12_site-packages_PyQt6_Qt6_qml_QtQuick_Pdf["Pdf"]\n    node_venv_lib_python3_12_site-packages_PyQt6_Qt6_qml_QtQuick_Pdf --> node_venv_lib_python3_12_site-packages_PyQt6_Qt6_qml_QtQuick_Pdf_+Universal["+Universal"]\n    node_venv_lib_python3_12_site-packages_PyQt6_Qt6_qml_QtQuick_Pdf_+Universal --> node_venv_lib_python3_12_site-packages_PyQt6_Qt6_qml_QtQuick_Pdf_+Universal_PdfStyle_qml["PdfStyle.qml"]\n    Root --> node_venv["venv"]\n    node_venv --> node_venv_lib["lib"]\n    node_venv_lib --> node_venv_lib_python3_12["python3.12"]\n    node_venv_lib_python3_12 --> node_venv_lib_python3_12_site-packages["site-packages"]\n    node_venv_lib_python3_12_site-packages --> node_venv_lib_python3_12_site-packages_PyQt6["PyQt6"]\n    node_venv_lib_python3_12_site-packages_PyQt6 --> node_venv_lib_python3_12_site-packages_PyQt6_Qt6["Qt6"]\n    node_venv_lib_python3_12_site-packages_PyQt6_Qt6 --> node_venv_lib_python3_12_site-packages_PyQt6_Qt6_qml["qml"]\n    node_venv_lib_python3_12_site-packages_PyQt6_Qt6_qml --> node_venv_lib_python3_12_site-packages_PyQt6_Qt6_qml_QtQuick["QtQuick"]\n    node_venv_lib_python3_12_site-packages_PyQt6_Qt6_qml_QtQuick --> node_venv_lib_python3_12_site-packages_PyQt6_Qt6_qml_QtQuick_Pdf["Pdf"]\n    node_venv_lib_python3_12_site-packages_PyQt6_Qt6_qml_QtQuick_Pdf --> node_venv_lib_python3_12_site-packages_PyQt6_Qt6_qml_QtQuick_Pdf_+Material["+Material"]\n    node_venv_lib_python3_12_site-packages_PyQt6_Qt6_qml_QtQuick_Pdf_+Material --> node_venv_lib_python3_12_site-packages_PyQt6_Qt6_qml_QtQuick_Pdf_+Material_PdfStyle_qml["PdfStyle.qml"]\n    Root --> node_venv["venv"]\n    node_venv --> node_venv_lib["lib"]\n    node_venv_lib --> node_venv_lib_python3_12["python3.12"]\n    node_venv_lib_python3_12 --> node_venv_lib_python3_12_site-packages["site-packages"]\n    node_venv_lib_python3_12_site-packages --> node_venv_lib_python3_12_site-packages_PyQt6["PyQt6"]\n    node_venv_lib_python3_12_site-packages_PyQt6 --> node_venv_lib_python3_12_site-packages_PyQt6_Qt6["Qt6"]\n    node_venv_lib_python3_12_site-packages_PyQt6_Qt6 --> node_venv_lib_python3_12_site-packages_PyQt6_Qt6_qml["qml"]\n    node_venv_lib_python3_12_site-packages_PyQt6_Qt6_qml --> node_venv_lib_python3_12_site-packages_PyQt6_Qt6_qml_QtQuick["QtQuick"]\n    node_venv_lib_python3_12_site-packages_PyQt6_Qt6_qml_QtQuick --> node_venv_lib_python3_12_site-packages_PyQt6_Qt6_qml_QtQuick_Shapes["Shapes"]\n    node_venv_lib_python3_12_site-packages_PyQt6_Qt6_qml_QtQuick_Shapes --> node_venv_lib_python3_12_site-packages_PyQt6_Qt6_qml_QtQuick_Shapes_libqmlshapesplugin_dylib["libqmlshapesplugin.dylib"]\n    Root --> node_venv["venv"]\n    node_venv --> node_venv_lib["lib"]\n    node_venv_lib --> node_venv_lib_python3_12["python3.12"]\n    node_venv_lib_python3_12 --> node_venv_lib_python3_12_site-packages["site-packages"]\n    node_venv_lib_python3_12_site-packages --> node_venv_lib_python3_12_site-packages_PyQt6["PyQt6"]\n    node_venv_lib_python3_12_site-packages_PyQt6 --> node_venv_lib_python3_12_site-packages_PyQt6_Qt6["Qt6"]\n    node_venv_lib_python3_12_site-packages_PyQt6_Qt6 --> node_venv_lib_python3_12_site-packages_PyQt6_Qt6_qml["qml"]\n    node_venv_lib_python3_12_site-packages_PyQt6_Qt6_qml --> node_venv_lib_python3_12_site-packages_PyQt6_Qt6_qml_QtQuick["QtQuick"]\n    node_venv_lib_python3_12_site-packages_PyQt6_Qt6_qml_QtQuick --> node_venv_lib_python3_12_site-packages_PyQt6_Qt6_qml_QtQuick_Shapes["Shapes"]\n    node_venv_lib_python3_12_site-packages_PyQt6_Qt6_qml_QtQuick_Shapes --> node_venv_lib_python3_12_site-packages_PyQt6_Qt6_qml_QtQuick_Shapes_plugins_qmltypes["plugins.qmltypes"]\n    Root --> node_venv["venv"]\n    node_venv --> node_venv_lib["lib"]\n    node_venv_lib --> node_venv_lib_python3_12["python3.12"]\n    node_venv_lib_python3_12 --> node_venv_lib_python3_12_site-packages["site-packages"]\n    node_venv_lib_python3_12_site-packages --> node_venv_lib_python3_12_site-packages_PyQt6["PyQt6"]\n    node_venv_lib_python3_12_site-packages_PyQt6 --> node_venv_lib_python3_12_site-packages_PyQt6_Qt6["Qt6"]\n    node_venv_lib_python3_12_site-packages_PyQt6_Qt6 --> node_venv_lib_python3_12_site-packages_PyQt6_Qt6_qml["qml"]\n    node_venv_lib_python3_12_site-packages_PyQt6_Qt6_qml --> node_venv_lib_python3_12_site-packages_PyQt6_Qt6_qml_QtQuick["QtQuick"]\n    node_venv_lib_python3_12_site-packages_PyQt6_Qt6_qml_QtQuick --> node_venv_lib_python3_12_site-packages_PyQt6_Qt6_qml_QtQuick_Shapes["Shapes"]\n    node_venv_lib_python3_12_site-packages_PyQt6_Qt6_qml_QtQuick_Shapes --> node_venv_lib_python3_12_site-packages_PyQt6_Qt6_qml_QtQuick_Shapes_qmldir["qmldir"]\n    Root --> node_venv["venv"]\n    node_venv --> node_venv_lib["lib"]\n    node_venv_lib --> node_venv_lib_python3_12["python3.12"]\n    node_venv_lib_python3_12 --> node_venv_lib_python3_12_site-packages["site-packages"]\n    node_venv_lib_python3_12_site-packages --> node_venv_lib_python3_12_site-packages_PyQt6["PyQt6"]\n    node_venv_lib_python3_12_site-packages_PyQt6 --> node_venv_lib_python3_12_site-packages_PyQt6_Qt6["Qt6"]\n    node_venv_lib_python3_12_site-packages_PyQt6_Qt6 --> node_venv_lib_python3_12_site-packages_PyQt6_Qt6_qml["qml"]\n    node_venv_lib_python3_12_site-packages_PyQt6_Qt6_qml --> node_venv_lib_python3_12_site-packages_PyQt6_Qt6_qml_QtQuick["QtQuick"]\n    node_venv_lib_python3_12_site-packages_PyQt6_Qt6_qml_QtQuick --> node_venv_lib_python3_12_site-packages_PyQt6_Qt6_qml_QtQuick_Shapes["Shapes"]\n    node_venv_lib_python3_12_site-packages_PyQt6_Qt6_qml_QtQuick_Shapes --> node_venv_lib_python3_12_site-packages_PyQt6_Qt6_qml_QtQuick_Shapes_DesignHelpers["DesignHelpers"]\n    node_venv_lib_python3_12_site-packages_PyQt6_Qt6_qml_QtQuick_Shapes_DesignHelpers --> node_venv_lib_python3_12_site-packages_PyQt6_Qt6_qml_QtQuick_Shapes_DesignHelpers_libqtquickshapesdesignhelpersplugin_dylib["libqtquickshapesdesignhelpersplugin.dylib"]\n    Root --> node_venv["venv"]\n    node_venv --> node_venv_lib["lib"]\n    node_venv_lib --> node_venv_lib_python3_12["python3.12"]\n    node_venv_lib_python3_12 --> node_venv_lib_python3_12_site-packages["site-packages"]\n    node_venv_lib_python3_12_site-packages --> node_venv_lib_python3_12_site-packages_PyQt6["PyQt6"]\n    node_venv_lib_python3_12_site-packages_PyQt6 --> node_venv_lib_python3_12_site-packages_PyQt6_Qt6["Qt6"]\n    node_venv_lib_python3_12_site-packages_PyQt6_Qt6 --> node_venv_lib_python3_12_site-packages_PyQt6_Qt6_qml["qml"]\n    node_venv_lib_python3_12_site-packages_PyQt6_Qt6_qml --> node_venv_lib_python3_12_site-packages_PyQt6_Qt6_qml_QtQuick["QtQuick"]\n    node_venv_lib_python3_12_site-packages_PyQt6_Qt6_qml_QtQuick --> node_venv_lib_python3_12_site-packages_PyQt6_Qt6_qml_QtQuick_Shapes["Shapes"]\n    node_venv_lib_python3_12_site-packages_PyQt6_Qt6_qml_QtQuick_Shapes --> node_venv_lib_python3_12_site-packages_PyQt6_Qt6_qml_QtQuick_Shapes_DesignHelpers["DesignHelpers"]\n    node_venv_lib_python3_12_site-packages_PyQt6_Qt6_qml_QtQuick_Shapes_DesignHelpers --> node_venv_lib_python3_12_site-packages_PyQt6_Qt6_qml_QtQuick_Shapes_DesignHelpers_plugins_qmltypes["plugins.qmltypes"]\n    Root --> node_venv["venv"]\n    node_venv --> node_venv_lib["lib"]\n    node_venv_lib --> node_venv_lib_python3_12["python3.12"]\n    node_venv_lib_python3_12 --> node_venv_lib_python3_12_site-packages["site-packages"]\n    node_venv_lib_python3_12_site-packages --> node_venv_lib_python3_12_site-packages_PyQt6["PyQt6"]\n    node_venv_lib_python3_12_site-packages_PyQt6 --> node_venv_lib_python3_12_site-packages_PyQt6_Qt6["Qt6"]\n    node_venv_lib_python3_12_site-packages_PyQt6_Qt6 --> node_venv_lib_python3_12_site-packages_PyQt6_Qt6_qml["qml"]\n    node_venv_lib_python3_12_site-packages_PyQt6_Qt6_qml --> node_venv_lib_python3_12_site-packages_PyQt6_Qt6_qml_QtQuick["QtQuick"]\n    node_venv_lib_python3_12_site-packages_PyQt6_Qt6_qml_QtQuick --> node_venv_lib_python3_12_site-packages_PyQt6_Qt6_qml_QtQuick_Shapes["Shapes"]\n    node_venv_lib_python3_12_site-packages_PyQt6_Qt6_qml_QtQuick_Shapes --> node_venv_lib_python3_12_site-packages_PyQt6_Qt6_qml_QtQuick_Shapes_DesignHelpers["DesignHelpers"]\n    node_venv_lib_python3_12_site-packages_PyQt6_Qt6_qml_QtQuick_Shapes_DesignHelpers --> node_venv_lib_python3_12_site-packages_PyQt6_Qt6_qml_QtQuick_Shapes_DesignHelpers_qmldir["qmldir"]\n    Root --> node_venv["venv"]\n    node_venv --> node_venv_lib["lib"]\n    node_venv_lib --> node_venv_lib_python3_12["python3.12"]\n    node_venv_lib_python3_12 --> node_venv_lib_python3_12_site-packages["site-packages"]\n    node_venv_lib_python3_12_site-packages --> node_venv_lib_python3_12_site-packages_PyQt6["PyQt6"]\n    node_venv_lib_python3_12_site-packages_PyQt6 --> node_venv_lib_python3_12_site-packages_PyQt6_Qt6["Qt6"]\n    node_venv_lib_python3_12_site-packages_PyQt6_Qt6 --> node_venv_lib_python3_12_site-packages_PyQt6_Qt6_qml["qml"]\n    node_venv_lib_python3_12_site-packages_PyQt6_Qt6_qml --> node_venv_lib_python3_12_site-packages_PyQt6_Qt6_qml_QtQuick["QtQuick"]\n    node_venv_lib_python3_12_site-packages_PyQt6_Qt6_qml_QtQuick --> node_venv_lib_python3_12_site-packages_PyQt6_Qt6_qml_QtQuick_Particles["Particles"]\n    node_venv_lib_python3_12_site-packages_PyQt6_Qt6_qml_QtQuick_Particles --> node_venv_lib_python3_12_site-packages_PyQt6_Qt6_qml_QtQuick_Particles_libparticlesplugin_dylib["libparticlesplugin.dylib"]\n    Root --> node_venv["venv"]\n    node_venv --> node_venv_lib["lib"]\n    node_venv_lib --> node_venv_lib_python3_12["python3.12"]\n    node_venv_lib_python3_12 --> node_venv_lib_python3_12_site-packages["site-packages"]\n    node_venv_lib_python3_12_site-packages --> node_venv_lib_python3_12_site-packages_PyQt6["PyQt6"]\n    node_venv_lib_python3_12_site-packages_PyQt6 --> node_venv_lib_python3_12_site-packages_PyQt6_Qt6["Qt6"]\n    node_venv_lib_python3_12_site-packages_PyQt6_Qt6 --> node_venv_lib_python3_12_site-packages_PyQt6_Qt6_qml["qml"]\n    node_venv_lib_python3_12_site-packages_PyQt6_Qt6_qml --> node_venv_lib_python3_12_site-packages_PyQt6_Qt6_qml_QtQuick["QtQuick"]\n    node_venv_lib_python3_12_site-packages_PyQt6_Qt6_qml_QtQuick --> node_venv_lib_python3_12_site-packages_PyQt6_Qt6_qml_QtQuick_Particles["Particles"]\n    node_venv_lib_python3_12_site-packages_PyQt6_Qt6_qml_QtQuick_Particles --> node_venv_lib_python3_12_site-packages_PyQt6_Qt6_qml_QtQuick_Particles_plugins_qmltypes["plugins.qmltypes"]\n    Root --> node_venv["venv"]\n    node_venv --> node_venv_lib["lib"]\n    node_venv_lib --> node_venv_lib_python3_12["python3.12"]\n    node_venv_lib_python3_12 --> node_venv_lib_python3_12_site-packages["site-packages"]\n    node_venv_lib_python3_12_site-packages --> node_venv_lib_python3_12_site-packages_PyQt6["PyQt6"]\n    node_venv_lib_python3_12_site-packages_PyQt6 --> node_venv_lib_python3_12_site-packages_PyQt6_Qt6["Qt6"]\n    node_venv_lib_python3_12_site-packages_PyQt6_Qt6 --> node_venv_lib_python3_12_site-packages_PyQt6_Qt6_qml["qml"]\n    node_venv_lib_python3_12_site-packages_PyQt6_Qt6_qml --> node_venv_lib_python3_12_site-packages_PyQt6_Qt6_qml_QtQuick["QtQuick"]\n    node_venv_lib_python3_12_site-packages_PyQt6_Qt6_qml_QtQuick --> node_venv_lib_python3_12_site-packages_PyQt6_Qt6_qml_QtQuick_Particles["Particles"]\n    node_venv_lib_python3_12_site-packages_PyQt6_Qt6_qml_QtQuick_Particles --> node_venv_lib_python3_12_site-packages_PyQt6_Qt6_qml_QtQuick_Particles_qmldir["qmldir"]\n    Root --> node_venv["venv"]\n    node_venv --> node_venv_lib["lib"]\n    node_venv_lib --> node_venv_lib_python3_12["python3.12"]\n    node_venv_lib_python3_12 --> node_venv_lib_python3_12_site-packages["site-packages"]\n    node_venv_lib_python3_12_site-packages --> node_venv_lib_python3_12_site-packages_PyQt6["PyQt6"]\n    node_venv_lib_python3_12_site-packages_PyQt6 --> node_venv_lib_python3_12_site-packages_PyQt6_Qt6["Qt6"]\n    node_venv_lib_python3_12_site-packages_PyQt6_Qt6 --> node_venv_lib_python3_12_site-packages_PyQt6_Qt6_qml["qml"]\n    node_venv_lib_python3_12_site-packages_PyQt6_Qt6_qml --> node_venv_lib_python3_12_site-packages_PyQt6_Qt6_qml_QtQuick["QtQuick"]\n    node_venv_lib_python3_12_site-packages_PyQt6_Qt6_qml_QtQuick --> node_venv_lib_python3_12_site-packages_PyQt6_Qt6_qml_QtQuick_VectorImage["VectorImage"]\n    node_venv_lib_python3_12_site-packages_PyQt6_Qt6_qml_QtQuick_VectorImage --> node_venv_lib_python3_12_site-packages_PyQt6_Qt6_qml_QtQuick_VectorImage_libqquickvectorimageplugin_dylib["libqquickvectorimageplugin.dylib"]\n    Root --> node_venv["venv"]\n    node_venv --> node_venv_lib["lib"]\n    node_venv_lib --> node_venv_lib_python3_12["python3.12"]\n    node_venv_lib_python3_12 --> node_venv_lib_python3_12_site-packages["site-packages"]\n    node_venv_lib_python3_12_site-packages --> node_venv_lib_python3_12_site-packages_PyQt6["PyQt6"]\n    node_venv_lib_python3_12_site-packages_PyQt6 --> node_venv_lib_python3_12_site-packages_PyQt6_Qt6["Qt6"]\n    node_venv_lib_python3_12_site-packages_PyQt6_Qt6 --> node_venv_lib_python3_12_site-packages_PyQt6_Qt6_qml["qml"]\n    node_venv_lib_python3_12_site-packages_PyQt6_Qt6_qml --> node_venv_lib_python3_12_site-packages_PyQt6_Qt6_qml_QtQuick["QtQuick"]\n    node_venv_lib_python3_12_site-packages_PyQt6_Qt6_qml_QtQuick --> node_venv_lib_python3_12_site-packages_PyQt6_Qt6_qml_QtQuick_VectorImage["VectorImage"]\n    node_venv_lib_python3_12_site-packages_PyQt6_Qt6_qml_QtQuick_VectorImage --> node_venv_lib_python3_12_site-packages_PyQt6_Qt6_qml_QtQuick_VectorImage_plugins_qmltypes["plugins.qmltypes"]\n    Root --> node_venv["venv"]\n    node_venv --> node_venv_lib["lib"]\n    node_venv_lib --> node_venv_lib_python3_12["python3.12"]\n    node_venv_lib_python3_12 --> node_venv_lib_python3_12_site-packages["site-packages"]\n    node_venv_lib_python3_12_site-packages --> node_venv_lib_python3_12_site-packages_PyQt6["PyQt6"]\n    node_venv_lib_python3_12_site-packages_PyQt6 --> node_venv_lib_python3_12_site-packages_PyQt6_Qt6["Qt6"]\n    node_venv_lib_python3_12_site-packages_PyQt6_Qt6 --> node_venv_lib_python3_12_site-packages_PyQt6_Qt6_qml["qml"]\n    node_venv_lib_python3_12_site-packages_PyQt6_Qt6_qml --> node_venv_lib_python3_12_site-packages_PyQt6_Qt6_qml_QtQuick["QtQuick"]\n    node_venv_lib_python3_12_site-packages_PyQt6_Qt6_qml_QtQuick --> node_venv_lib_python3_12_site-packages_PyQt6_Qt6_qml_QtQuick_VectorImage["VectorImage"]\n    node_venv_lib_python3_12_site-packages_PyQt6_Qt6_qml_QtQuick_VectorImage --> node_venv_lib_python3_12_site-packages_PyQt6_Qt6_qml_QtQuick_VectorImage_qmldir["qmldir"]\n    Root --> node_venv["venv"]\n    node_venv --> node_venv_lib["lib"]\n    node_venv_lib --> node_venv_lib_python3_12["python3.12"]\n    node_venv_lib_python3_12 --> node_venv_lib_python3_12_site-packages["site-packages"]\n    node_venv_lib_python3_12_site-packages --> node_venv_lib_python3_12_site-packages_PyQt6["PyQt6"]\n    node_venv_lib_python3_12_site-packages_PyQt6 --> node_venv_lib_python3_12_site-packages_PyQt6_Qt6["Qt6"]\n    node_venv_lib_python3_12_site-packages_PyQt6_Qt6 --> node_venv_lib_python3_12_site-packages_PyQt6_Qt6_qml["qml"]\n    node_venv_lib_python3_12_site-packages_PyQt6_Qt6_qml --> node_venv_lib_python3_12_site-packages_PyQt6_Qt6_qml_QtQuick["QtQuick"]\n    node_venv_lib_python3_12_site-packages_PyQt6_Qt6_qml_QtQuick --> node_venv_lib_python3_12_site-packages_PyQt6_Qt6_qml_QtQuick_VectorImage["VectorImage"]\n    node_venv_lib_python3_12_site-packages_PyQt6_Qt6_qml_QtQuick_VectorImage --> node_venv_lib_python3_12_site-packages_PyQt6_Qt6_qml_QtQuick_VectorImage_Helpers["Helpers"]\n    node_venv_lib_python3_12_site-packages_PyQt6_Qt6_qml_QtQuick_VectorImage_Helpers --> node_venv_lib_python3_12_site-packages_PyQt6_Qt6_qml_QtQuick_VectorImage_Helpers_libqquickvectorimagehelpersplugin_dylib["libqquickvectorimagehelpersplugin.dylib"]\n    Root --> node_venv["venv"]\n    node_venv --> node_venv_lib["lib"]\n    node_venv_lib --> node_venv_lib_python3_12["python3.12"]\n    node_venv_lib_python3_12 --> node_venv_lib_python3_12_site-packages["site-packages"]\n    node_venv_lib_python3_12_site-packages --> node_venv_lib_python3_12_site-packages_PyQt6["PyQt6"]\n    node_venv_lib_python3_12_site-packages_PyQt6 --> node_venv_lib_python3_12_site-packages_PyQt6_Qt6["Qt6"]\n    node_venv_lib_python3_12_site-packages_PyQt6_Qt6 --> node_venv_lib_python3_12_site-packages_PyQt6_Qt6_qml["qml"]\n    node_venv_lib_python3_12_site-packages_PyQt6_Qt6_qml --> node_venv_lib_python3_12_site-packages_PyQt6_Qt6_qml_QtQuick["QtQuick"]\n    node_venv_lib_python3_12_site-packages_PyQt6_Qt6_qml_QtQuick --> node_venv_lib_python3_12_site-packages_PyQt6_Qt6_qml_QtQuick_VectorImage["VectorImage"]\n    node_venv_lib_python3_12_site-packages_PyQt6_Qt6_qml_QtQuick_VectorImage --> node_venv_lib_python3_12_site-packages_PyQt6_Qt6_qml_QtQuick_VectorImage_Helpers["Helpers"]\n    node_venv_lib_python3_12_site-packages_PyQt6_Qt6_qml_QtQuick_VectorImage_Helpers --> node_venv_lib_python3_12_site-packages_PyQt6_Qt6_qml_QtQuick_VectorImage_Helpers_plugins_qmltypes["plugins.qmltypes"]\n    Root --> node_venv["venv"]\n    node_venv --> node_venv_lib["lib"]\n    node_venv_lib --> node_venv_lib_python3_12["python3.12"]\n    node_venv_lib_python3_12 --> node_venv_lib_python3_12_site-packages["site-packages"]\n    node_venv_lib_python3_12_site-packages --> node_venv_lib_python3_12_site-packages_PyQt6["PyQt6"]\n    node_venv_lib_python3_12_site-packages_PyQt6 --> node_venv_lib_python3_12_site-packages_PyQt6_Qt6["Qt6"]\n    node_venv_lib_python3_12_site-packages_PyQt6_Qt6 --> node_venv_lib_python3_12_site-packages_PyQt6_Qt6_qml["qml"]\n    node_venv_lib_python3_12_site-packages_PyQt6_Qt6_qml --> node_venv_lib_python3_12_site-packages_PyQt6_Qt6_qml_QtQuick["QtQuick"]\n    node_venv_lib_python3_12_site-packages_PyQt6_Qt6_qml_QtQuick --> node_venv_lib_python3_12_site-packages_PyQt6_Qt6_qml_QtQuick_VectorImage["VectorImage"]\n    node_venv_lib_python3_12_site-packages_PyQt6_Qt6_qml_QtQuick_VectorImage --> node_venv_lib_python3_12_site-packages_PyQt6_Qt6_qml_QtQuick_VectorImage_Helpers["Helpers"]\n    node_venv_lib_python3_12_site-packages_PyQt6_Qt6_qml_QtQuick_VectorImage_Helpers --> node_venv_lib_python3_12_site-packages_PyQt6_Qt6_qml_QtQuick_VectorImage_Helpers_qmldir["qmldir"]\n    Root --> node_venv["venv"]\n    node_venv --> node_venv_lib["lib"]\n    node_venv_lib --> node_venv_lib_python3_12["python3.12"]\n    node_venv_lib_python3_12 --> node_venv_lib_python3_12_site-packages["site-packages"]\n    node_venv_lib_python3_12_site-packages --> node_venv_lib_python3_12_site-packages_PyQt6["PyQt6"]\n    node_venv_lib_python3_12_site-packages_PyQt6 --> node_venv_lib_python3_12_site-packages_PyQt6_Qt6["Qt6"]\n    node_venv_lib_python3_12_site-packages_PyQt6_Qt6 --> node_venv_lib_python3_12_site-packages_PyQt6_Qt6_qml["qml"]\n    node_venv_lib_python3_12_site-packages_PyQt6_Qt6_qml --> node_venv_lib_python3_12_site-packages_PyQt6_Qt6_qml_QtQuick["QtQuick"]\n    node_venv_lib_python3_12_site-packages_PyQt6_Qt6_qml_QtQuick --> node_venv_lib_python3_12_site-packages_PyQt6_Qt6_qml_QtQuick_Controls["Controls"]\n    node_venv_lib_python3_12_site-packages_PyQt6_Qt6_qml_QtQuick_Controls --> node_venv_lib_python3_12_site-packages_PyQt6_Qt6_qml_QtQuick_Controls_libqtquickcontrols2plugin_dylib["libqtquickcontrols2plugin.dylib"]\n    Root --> node_venv["venv"]\n    node_venv --> node_venv_lib["lib"]\n    node_venv_lib --> node_venv_lib_python3_12["python3.12"]\n    node_venv_lib_python3_12 --> node_venv_lib_python3_12_site-packages["site-packages"]\n    node_venv_lib_python3_12_site-packages --> node_venv_lib_python3_12_site-packages_PyQt6["PyQt6"]\n    node_venv_lib_python3_12_site-packages_PyQt6 --> node_venv_lib_python3_12_site-packages_PyQt6_Qt6["Qt6"]\n    node_venv_lib_python3_12_site-packages_PyQt6_Qt6 --> node_venv_lib_python3_12_site-packages_PyQt6_Qt6_qml["qml"]\n    node_venv_lib_python3_12_site-packages_PyQt6_Qt6_qml --> node_venv_lib_python3_12_site-packages_PyQt6_Qt6_qml_QtQuick["QtQuick"]\n    node_venv_lib_python3_12_site-packages_PyQt6_Qt6_qml_QtQuick --> node_venv_lib_python3_12_site-packages_PyQt6_Qt6_qml_QtQuick_Controls["Controls"]\n    node_venv_lib_python3_12_site-packages_PyQt6_Qt6_qml_QtQuick_Controls --> node_venv_lib_python3_12_site-packages_PyQt6_Qt6_qml_QtQuick_Controls_plugins_qmltypes["plugins.qmltypes"]\n    Root --> node_venv["venv"]\n    node_venv --> node_venv_lib["lib"]\n    node_venv_lib --> node_venv_lib_python3_12["python3.12"]\n    node_venv_lib_python3_12 --> node_venv_lib_python3_12_site-packages["site-packages"]\n    node_venv_lib_python3_12_site-packages --> node_venv_lib_python3_12_site-packages_PyQt6["PyQt6"]\n    node_venv_lib_python3_12_site-packages_PyQt6 --> node_venv_lib_python3_12_site-packages_PyQt6_Qt6["Qt6"]\n    node_venv_lib_python3_12_site-packages_PyQt6_Qt6 --> node_venv_lib_python3_12_site-packages_PyQt6_Qt6_qml["qml"]\n    node_venv_lib_python3_12_site-packages_PyQt6_Qt6_qml --> node_venv_lib_python3_12_site-packages_PyQt6_Qt6_qml_QtQuick["QtQuick"]\n    node_venv_lib_python3_12_site-packages_PyQt6_Qt6_qml_QtQuick --> node_venv_lib_python3_12_site-packages_PyQt6_Qt6_qml_QtQuick_Controls["Controls"]\n    node_venv_lib_python3_12_site-packages_PyQt6_Qt6_qml_QtQuick_Controls --> node_venv_lib_python3_12_site-packages_PyQt6_Qt6_qml_QtQuick_Controls_qmldir["qmldir"]\n    Root --> node_venv["venv"]\n    node_venv --> node_venv_lib["lib"]\n    node_venv_lib --> node_venv_lib_python3_12["python3.12"]\n    node_venv_lib_python3_12 --> node_venv_lib_python3_12_site-packages["site-packages"]\n    node_venv_lib_python3_12_site-packages --> node_venv_lib_python3_12_site-packages_PyQt6["PyQt6"]\n    node_venv_lib_python3_12_site-packages_PyQt6 --> node_venv_lib_python3_12_site-packages_PyQt6_Qt6["Qt6"]\n    node_venv_lib_python3_12_site-packages_PyQt6_Qt6 --> node_venv_lib_python3_12_site-packages_PyQt6_Qt6_qml["qml"]\n    node_venv_lib_python3_12_site-packages_PyQt6_Qt6_qml --> node_venv_lib_python3_12_site-packages_PyQt6_Qt6_qml_QtQuick["QtQuick"]\n    node_venv_lib_python3_12_site-packages_PyQt6_Qt6_qml_QtQuick --> node_venv_lib_python3_12_site-packages_PyQt6_Qt6_qml_QtQuick_Controls["Controls"]\n    node_venv_lib_python3_12_site-packages_PyQt6_Qt6_qml_QtQuick_Controls --> node_venv_lib_python3_12_site-packages_PyQt6_Qt6_qml_QtQuick_Controls_Fusion["Fusion"]\n    node_venv_lib_python3_12_site-packages_PyQt6_Qt6_qml_QtQuick_Controls_Fusion --> node_venv_lib_python3_12_site-packages_PyQt6_Qt6_qml_QtQuick_Controls_Fusion_ApplicationWindow_qml["ApplicationWindow.qml"]\n    Root --> node_venv["venv"]\n    node_venv --> node_venv_lib["lib"]\n    node_venv_lib --> node_venv_lib_python3_12["python3.12"]\n    node_venv_lib_python3_12 --> node_venv_lib_python3_12_site-packages["site-packages"]\n    node_venv_lib_python3_12_site-packages --> node_venv_lib_python3_12_site-packages_PyQt6["PyQt6"]\n    node_venv_lib_python3_12_site-packages_PyQt6 --> node_venv_lib_python3_12_site-packages_PyQt6_Qt6["Qt6"]\n    node_venv_lib_python3_12_site-packages_PyQt6_Qt6 --> node_venv_lib_python3_12_site-packages_PyQt6_Qt6_qml["qml"]\n    node_venv_lib_python3_12_site-packages_PyQt6_Qt6_qml --> node_venv_lib_python3_12_site-packages_PyQt6_Qt6_qml_QtQuick["QtQuick"]\n    node_venv_lib_python3_12_site-packages_PyQt6_Qt6_qml_QtQuick --> node_venv_lib_python3_12_site-packages_PyQt6_Qt6_qml_QtQuick_Controls["Controls"]\n    node_venv_lib_python3_12_site-packages_PyQt6_Qt6_qml_QtQuick_Controls --> node_venv_lib_python3_12_site-packages_PyQt6_Qt6_qml_QtQuick_Controls_Fusion["Fusion"]\n    node_venv_lib_python3_12_site-packages_PyQt6_Qt6_qml_QtQuick_Controls_Fusion --> node_venv_lib_python3_12_site-packages_PyQt6_Qt6_qml_QtQuick_Controls_Fusion_BusyIndicator_qml["BusyIndicator.qml"]\n    Root --> node_venv["venv"]\n    node_venv --> node_venv_lib["lib"]\n    node_venv_lib --> node_venv_lib_python3_12["python3.12"]\n    node_venv_lib_python3_12 --> node_venv_lib_python3_12_site-packages["site-packages"]\n    node_venv_lib_python3_12_site-packages --> node_venv_lib_python3_12_site-packages_PyQt6["PyQt6"]\n    node_venv_lib_python3_12_site-packages_PyQt6 --> node_venv_lib_python3_12_site-packages_PyQt6_Qt6["Qt6"]\n    node_venv_lib_python3_12_site-packages_PyQt6_Qt6 --> node_venv_lib_python3_12_site-packages_PyQt6_Qt6_qml["qml"]\n    node_venv_lib_python3_12_site-packages_PyQt6_Qt6_qml --> node_venv_lib_python3_12_site-packages_PyQt6_Qt6_qml_QtQuick["QtQuick"]\n    node_venv_lib_python3_12_site-packages_PyQt6_Qt6_qml_QtQuick --> node_venv_lib_python3_12_site-packages_PyQt6_Qt6_qml_QtQuick_Controls["Controls"]\n    node_venv_lib_python3_12_site-packages_PyQt6_Qt6_qml_QtQuick_Controls --> node_venv_lib_python3_12_site-packages_PyQt6_Qt6_qml_QtQuick_Controls_Fusion["Fusion"]\n    node_venv_lib_python3_12_site-packages_PyQt6_Qt6_qml_QtQuick_Controls_Fusion --> node_venv_lib_python3_12_site-packages_PyQt6_Qt6_qml_QtQuick_Controls_Fusion_Button_qml["Button.qml"]\n    Root --> node_venv["venv"]\n    node_venv --> node_venv_lib["lib"]\n    node_venv_lib --> node_venv_lib_python3_12["python3.12"]\n    node_venv_lib_python3_12 --> node_venv_lib_python3_12_site-packages["site-packages"]\n    node_venv_lib_python3_12_site-packages --> node_venv_lib_python3_12_site-packages_PyQt6["PyQt6"]\n    node_venv_lib_python3_12_site-packages_PyQt6 --> node_venv_lib_python3_12_site-packages_PyQt6_Qt6["Qt6"]\n    node_venv_lib_python3_12_site-packages_PyQt6_Qt6 --> node_venv_lib_python3_12_site-packages_PyQt6_Qt6_qml["qml"]\n    node_venv_lib_python3_12_site-packages_PyQt6_Qt6_qml --> node_venv_lib_python3_12_site-packages_PyQt6_Qt6_qml_QtQuick["QtQuick"]\n    node_venv_lib_python3_12_site-packages_PyQt6_Qt6_qml_QtQuick --> node_venv_lib_python3_12_site-packages_PyQt6_Qt6_qml_QtQuick_Controls["Controls"]\n    node_venv_lib_python3_12_site-packages_PyQt6_Qt6_qml_QtQuick_Controls --> node_venv_lib_python3_12_site-packages_PyQt6_Qt6_qml_QtQuick_Controls_Fusion["Fusion"]\n    node_venv_lib_python3_12_site-packages_PyQt6_Qt6_qml_QtQuick_Controls_Fusion --> node_venv_lib_python3_12_site-packages_PyQt6_Qt6_qml_QtQuick_Controls_Fusion_CheckBox_qml["CheckBox.qml"]\n    Root --> node_venv["venv"]\n    node_venv --> node_venv_lib["lib"]\n    node_venv_lib --> node_venv_lib_python3_12["python3.12"]\n    node_venv_lib_python3_12 --> node_venv_lib_python3_12_site-packages["site-packages"]\n    node_venv_lib_python3_12_site-packages --> node_venv_lib_python3_12_site-packages_PyQt6["PyQt6"]\n    node_venv_lib_python3_12_site-packages_PyQt6 --> node_venv_lib_python3_12_site-packages_PyQt6_Qt6["Qt6"]\n    node_venv_lib_python3_12_site-packages_PyQt6_Qt6 --> node_venv_lib_python3_12_site-packages_PyQt6_Qt6_qml["qml"]\n    node_venv_lib_python3_12_site-packages_PyQt6_Qt6_qml --> node_venv_lib_python3_12_site-packages_PyQt6_Qt6_qml_QtQuick["QtQuick"]\n    node_venv_lib_python3_12_site-packages_PyQt6_Qt6_qml_QtQuick --> node_venv_lib_python3_12_site-packages_PyQt6_Qt6_qml_QtQuick_Controls["Controls"]\n    node_venv_lib_python3_12_site-packages_PyQt6_Qt6_qml_QtQuick_Controls --> node_venv_lib_python3_12_site-packages_PyQt6_Qt6_qml_QtQuick_Controls_Fusion["Fusion"]\n    node_venv_lib_python3_12_site-packages_PyQt6_Qt6_qml_QtQuick_Controls_Fusion --> node_venv_lib_python3_12_site-packages_PyQt6_Qt6_qml_QtQuick_Controls_Fusion_CheckDelegate_qml["CheckDelegate.qml"]\n    Root --> node_venv["venv"]\n    node_venv --> node_venv_lib["lib"]\n    node_venv_lib --> node_venv_lib_python3_12["python3.12"]\n    node_venv_lib_python3_12 --> node_venv_lib_python3_12_site-packages["site-packages"]\n    node_venv_lib_python3_12_site-packages --> node_venv_lib_python3_12_site-packages_PyQt6["PyQt6"]\n    node_venv_lib_python3_12_site-packages_PyQt6 --> node_venv_lib_python3_12_site-packages_PyQt6_Qt6["Qt6"]\n    node_venv_lib_python3_12_site-packages_PyQt6_Qt6 --> node_venv_lib_python3_12_site-packages_PyQt6_Qt6_qml["qml"]\n    node_venv_lib_python3_12_site-packages_PyQt6_Qt6_qml --> node_venv_lib_python3_12_site-packages_PyQt6_Qt6_qml_QtQuick["QtQuick"]\n    node_venv_lib_python3_12_site-packages_PyQt6_Qt6_qml_QtQuick --> node_venv_lib_python3_12_site-packages_PyQt6_Qt6_qml_QtQuick_Controls["Controls"]\n    node_venv_lib_python3_12_site-packages_PyQt6_Qt6_qml_QtQuick_Controls --> node_venv_lib_python3_12_site-packages_PyQt6_Qt6_qml_QtQuick_Controls_Fusion["Fusion"]\n    node_venv_lib_python3_12_site-packages_PyQt6_Qt6_qml_QtQuick_Controls_Fusion --> node_venv_lib_python3_12_site-packages_PyQt6_Qt6_qml_QtQuick_Controls_Fusion_ComboBox_qml["ComboBox.qml"]\n    Root --> node_venv["venv"]\n    node_venv --> node_venv_lib["lib"]\n    node_venv_lib --> node_venv_lib_python3_12["python3.12"]\n    node_venv_lib_python3_12 --> node_venv_lib_python3_12_site-packages["site-packages"]\n    node_venv_lib_python3_12_site-packages --> node_venv_lib_python3_12_site-packages_PyQt6["PyQt6"]\n    node_venv_lib_python3_12_site-packages_PyQt6 --> node_venv_lib_python3_12_site-packages_PyQt6_Qt6["Qt6"]\n    node_venv_lib_python3_12_site-packages_PyQt6_Qt6 --> node_venv_lib_python3_12_site-packages_PyQt6_Qt6_qml["qml"]\n    node_venv_lib_python3_12_site-packages_PyQt6_Qt6_qml --> node_venv_lib_python3_12_site-packages_PyQt6_Qt6_qml_QtQuick["QtQuick"]\n    node_venv_lib_python3_12_site-packages_PyQt6_Qt6_qml_QtQuick --> node_venv_lib_python3_12_site-packages_PyQt6_Qt6_qml_QtQuick_Controls["Controls"]\n    node_venv_lib_python3_12_site-packages_PyQt6_Qt6_qml_QtQuick_Controls --> node_venv_lib_python3_12_site-packages_PyQt6_Qt6_qml_QtQuick_Controls_Fusion["Fusion"]\n    node_venv_lib_python3_12_site-packages_PyQt6_Qt6_qml_QtQuick_Controls_Fusion --> node_venv_lib_python3_12_site-packages_PyQt6_Qt6_qml_QtQuick_Controls_Fusion_DelayButton_qml["DelayButton.qml"]\n    Root --> node_venv["venv"]\n    node_venv --> node_venv_lib["lib"]\n    node_venv_lib --> node_venv_lib_python3_12["python3.12"]\n    node_venv_lib_python3_12 --> node_venv_lib_python3_12_site-packages["site-packages"]\n    node_venv_lib_python3_12_site-packages --> node_venv_lib_python3_12_site-packages_PyQt6["PyQt6"]\n    node_venv_lib_python3_12_site-packages_PyQt6 --> node_venv_lib_python3_12_site-packages_PyQt6_Qt6["Qt6"]\n    node_venv_lib_python3_12_site-packages_PyQt6_Qt6 --> node_venv_lib_python3_12_site-packages_PyQt6_Qt6_qml["qml"]\n    node_venv_lib_python3_12_site-packages_PyQt6_Qt6_qml --> node_venv_lib_python3_12_site-packages_PyQt6_Qt6_qml_QtQuick["QtQuick"]\n    node_venv_lib_python3_12_site-packages_PyQt6_Qt6_qml_QtQuick --> node_venv_lib_python3_12_site-packages_PyQt6_Qt6_qml_QtQuick_Controls["Controls"]\n    node_venv_lib_python3_12_site-packages_PyQt6_Qt6_qml_QtQuick_Controls --> node_venv_lib_python3_12_site-packages_PyQt6_Qt6_qml_QtQuick_Controls_Fusion["Fusion"]\n    node_venv_lib_python3_12_site-packages_PyQt6_Qt6_qml_QtQuick_Controls_Fusion --> node_venv_lib_python3_12_site-packages_PyQt6_Qt6_qml_QtQuick_Controls_Fusion_Dial_qml["Dial.qml"]\n    Root --> node_venv["venv"]\n    node_venv --> node_venv_lib["lib"]\n    node_venv_lib --> node_venv_lib_python3_12["python3.12"]\n    node_venv_lib_python3_12 --> node_venv_lib_python3_12_site-packages["site-packages"]\n    node_venv_lib_python3_12_site-packages --> node_venv_lib_python3_12_site-packages_PyQt6["PyQt6"]\n    node_venv_lib_python3_12_site-packages_PyQt6 --> node_venv_lib_python3_12_site-packages_PyQt6_Qt6["Qt6"]\n    node_venv_lib_python3_12_site-packages_PyQt6_Qt6 --> node_venv_lib_python3_12_site-packages_PyQt6_Qt6_qml["qml"]\n    node_venv_lib_python3_12_site-packages_PyQt6_Qt6_qml --> node_venv_lib_python3_12_site-packages_PyQt6_Qt6_qml_QtQuick["QtQuick"]\n    node_venv_lib_python3_12_site-packages_PyQt6_Qt6_qml_QtQuick --> node_venv_lib_python3_12_site-packages_PyQt6_Qt6_qml_QtQuick_Controls["Controls"]\n    node_venv_lib_python3_12_site-packages_PyQt6_Qt6_qml_QtQuick_Controls --> node_venv_lib_python3_12_site-packages_PyQt6_Qt6_qml_QtQuick_Controls_Fusion["Fusion"]\n    node_venv_lib_python3_12_site-packages_PyQt6_Qt6_qml_QtQuick_Controls_Fusion --> node_venv_lib_python3_12_site-packages_PyQt6_Qt6_qml_QtQuick_Controls_Fusion_Dialog_qml["Dialog.qml"]\n    Root --> node_venv["venv"]\n    node_venv --> node_venv_lib["lib"]\n    node_venv_lib --> node_venv_lib_python3_12["python3.12"]\n    node_venv_lib_python3_12 --> node_venv_lib_python3_12_site-packages["site-packages"]\n    node_venv_lib_python3_12_site-packages --> node_venv_lib_python3_12_site-packages_PyQt6["PyQt6"]\n    node_venv_lib_python3_12_site-packages_PyQt6 --> node_venv_lib_python3_12_site-packages_PyQt6_Qt6["Qt6"]\n    node_venv_lib_python3_12_site-packages_PyQt6_Qt6 --> node_venv_lib_python3_12_site-packages_PyQt6_Qt6_qml["qml"]\n    node_venv_lib_python3_12_site-packages_PyQt6_Qt6_qml --> node_venv_lib_python3_12_site-packages_PyQt6_Qt6_qml_QtQuick["QtQuick"]\n    node_venv_lib_python3_12_site-packages_PyQt6_Qt6_qml_QtQuick --> node_venv_lib_python3_12_site-packages_PyQt6_Qt6_qml_QtQuick_Controls["Controls"]\n    node_venv_lib_python3_12_site-packages_PyQt6_Qt6_qml_QtQuick_Controls --> node_venv_lib_python3_12_site-packages_PyQt6_Qt6_qml_QtQuick_Controls_Fusion["Fusion"]\n    node_venv_lib_python3_12_site-packages_PyQt6_Qt6_qml_QtQuick_Controls_Fusion --> node_venv_lib_python3_12_site-packages_PyQt6_Qt6_qml_QtQuick_Controls_Fusion_DialogButtonBox_qml["DialogButtonBox.qml"]\n    Root --> node_venv["venv"]\n    node_venv --> node_venv_lib["lib"]\n    node_venv_lib --> node_venv_lib_python3_12["python3.12"]\n    node_venv_lib_python3_12 --> node_venv_lib_python3_12_site-packages["site-packages"]\n    node_venv_lib_python3_12_site-packages --> node_venv_lib_python3_12_site-packages_PyQt6["PyQt6"]\n    node_venv_lib_python3_12_site-packages_PyQt6 --> node_venv_lib_python3_12_site-packages_PyQt6_Qt6["Qt6"]\n    node_venv_lib_python3_12_site-packages_PyQt6_Qt6 --> node_venv_lib_python3_12_site-packages_PyQt6_Qt6_qml["qml"]\n    node_venv_lib_python3_12_site-packages_PyQt6_Qt6_qml --> node_venv_lib_python3_12_site-packages_PyQt6_Qt6_qml_QtQuick["QtQuick"]\n    node_venv_lib_python3_12_site-packages_PyQt6_Qt6_qml_QtQuick --> node_venv_lib_python3_12_site-packages_PyQt6_Qt6_qml_QtQuick_Controls["Controls"]\n    node_venv_lib_python3_12_site-packages_PyQt6_Qt6_qml_QtQuick_Controls --> node_venv_lib_python3_12_site-packages_PyQt6_Qt6_qml_QtQuick_Controls_Fusion["Fusion"]\n    node_venv_lib_python3_12_site-packages_PyQt6_Qt6_qml_QtQuick_Controls_Fusion --> node_venv_lib_python3_12_site-packages_PyQt6_Qt6_qml_QtQuick_Controls_Fusion_Drawer_qml["Drawer.qml"]\n    Root --> node_venv["venv"]\n    node_venv --> node_venv_lib["lib"]\n    node_venv_lib --> node_venv_lib_python3_12["python3.12"]\n    node_venv_lib_python3_12 --> node_venv_lib_python3_12_site-packages["site-packages"]\n    node_venv_lib_python3_12_site-packages --> node_venv_lib_python3_12_site-packages_PyQt6["PyQt6"]\n    node_venv_lib_python3_12_site-packages_PyQt6 --> node_venv_lib_python3_12_site-packages_PyQt6_Qt6["Qt6"]\n    node_venv_lib_python3_12_site-packages_PyQt6_Qt6 --> node_venv_lib_python3_12_site-packages_PyQt6_Qt6_qml["qml"]\n    node_venv_lib_python3_12_site-packages_PyQt6_Qt6_qml --> node_venv_lib_python3_12_site-packages_PyQt6_Qt6_qml_QtQuick["QtQuick"]\n    node_venv_lib_python3_12_site-packages_PyQt6_Qt6_qml_QtQuick --> node_venv_lib_python3_12_site-packages_PyQt6_Qt6_qml_QtQuick_Controls["Controls"]\n    node_venv_lib_python3_12_site-packages_PyQt6_Qt6_qml_QtQuick_Controls --> node_venv_lib_python3_12_site-packages_PyQt6_Qt6_qml_QtQuick_Controls_Fusion["Fusion"]\n    node_venv_lib_python3_12_site-packages_PyQt6_Qt6_qml_QtQuick_Controls_Fusion --> node_venv_lib_python3_12_site-packages_PyQt6_Qt6_qml_QtQuick_Controls_Fusion_Frame_qml["Frame.qml"]\n    Root --> node_venv["venv"]\n    node_venv --> node_venv_lib["lib"]\n    node_venv_lib --> node_venv_lib_python3_12["python3.12"]\n    node_venv_lib_python3_12 --> node_venv_lib_python3_12_site-packages["site-packages"]\n    node_venv_lib_python3_12_site-packages --> node_venv_lib_python3_12_site-packages_PyQt6["PyQt6"]\n    node_venv_lib_python3_12_site-packages_PyQt6 --> node_venv_lib_python3_12_site-packages_PyQt6_Qt6["Qt6"]\n    node_venv_lib_python3_12_site-packages_PyQt6_Qt6 --> node_venv_lib_python3_12_site-packages_PyQt6_Qt6_qml["qml"]\n    node_venv_lib_python3_12_site-packages_PyQt6_Qt6_qml --> node_venv_lib_python3_12_site-packages_PyQt6_Qt6_qml_QtQuick["QtQuick"]\n    node_venv_lib_python3_12_site-packages_PyQt6_Qt6_qml_QtQuick --> node_venv_lib_python3_12_site-packages_PyQt6_Qt6_qml_QtQuick_Controls["Controls"]\n    node_venv_lib_python3_12_site-packages_PyQt6_Qt6_qml_QtQuick_Controls --> node_venv_lib_python3_12_site-packages_PyQt6_Qt6_qml_QtQuick_Controls_Fusion["Fusion"]\n    node_venv_lib_python3_12_site-packages_PyQt6_Qt6_qml_QtQuick_Controls_Fusion --> node_venv_lib_python3_12_site-packages_PyQt6_Qt6_qml_QtQuick_Controls_Fusion_GroupBox_qml["GroupBox.qml"]\n    Root --> node_venv["venv"]\n    node_venv --> node_venv_lib["lib"]\n    node_venv_lib --> node_venv_lib_python3_12["python3.12"]\n    node_venv_lib_python3_12 --> node_venv_lib_python3_12_site-packages["site-packages"]\n    node_venv_lib_python3_12_site-packages --> node_venv_lib_python3_12_site-packages_PyQt6["PyQt6"]\n    node_venv_lib_python3_12_site-packages_PyQt6 --> node_venv_lib_python3_12_site-packages_PyQt6_Qt6["Qt6"]\n    node_venv_lib_python3_12_site-packages_PyQt6_Qt6 --> node_venv_lib_python3_12_site-packages_PyQt6_Qt6_qml["qml"]\n    node_venv_lib_python3_12_site-packages_PyQt6_Qt6_qml --> node_venv_lib_python3_12_site-packages_PyQt6_Qt6_qml_QtQuick["QtQuick"]\n    node_venv_lib_python3_12_site-packages_PyQt6_Qt6_qml_QtQuick --> node_venv_lib_python3_12_site-packages_PyQt6_Qt6_qml_QtQuick_Controls["Controls"]\n    node_venv_lib_python3_12_site-packages_PyQt6_Qt6_qml_QtQuick_Controls --> node_venv_lib_python3_12_site-packages_PyQt6_Qt6_qml_QtQuick_Controls_Fusion["Fusion"]\n    node_venv_lib_python3_12_site-packages_PyQt6_Qt6_qml_QtQuick_Controls_Fusion --> node_venv_lib_python3_12_site-packages_PyQt6_Qt6_qml_QtQuick_Controls_Fusion_HorizontalHeaderView_qml["HorizontalHeaderView.qml"]\n    Root --> node_venv["venv"]\n    node_venv --> node_venv_lib["lib"]\n    node_venv_lib --> node_venv_lib_python3_12["python3.12"]\n    node_venv_lib_python3_12 --> node_venv_lib_python3_12_site-packages["site-packages"]\n    node_venv_lib_python3_12_site-packages --> node_venv_lib_python3_12_site-packages_PyQt6["PyQt6"]\n    node_venv_lib_python3_12_site-packages_PyQt6 --> node_venv_lib_python3_12_site-packages_PyQt6_Qt6["Qt6"]\n    node_venv_lib_python3_12_site-packages_PyQt6_Qt6 --> node_venv_lib_python3_12_site-packages_PyQt6_Qt6_qml["qml"]\n    node_venv_lib_python3_12_site-packages_PyQt6_Qt6_qml --> node_venv_lib_python3_12_site-packages_PyQt6_Qt6_qml_QtQuick["QtQuick"]\n    node_venv_lib_python3_12_site-packages_PyQt6_Qt6_qml_QtQuick --> node_venv_lib_python3_12_site-packages_PyQt6_Qt6_qml_QtQuick_Controls["Controls"]\n    node_venv_lib_python3_12_site-packages_PyQt6_Qt6_qml_QtQuick_Controls --> node_venv_lib_python3_12_site-packages_PyQt6_Qt6_qml_QtQuick_Controls_Fusion["Fusion"]\n    node_venv_lib_python3_12_site-packages_PyQt6_Qt6_qml_QtQuick_Controls_Fusion --> node_venv_lib_python3_12_site-packages_PyQt6_Qt6_qml_QtQuick_Controls_Fusion_HorizontalHeaderViewDelegate_qml["HorizontalHeaderViewDelegate.qml"]\n    Root --> node_venv["venv"]\n    node_venv --> node_venv_lib["lib"]\n    node_venv_lib --> node_venv_lib_python3_12["python3.12"]\n    node_venv_lib_python3_12 --> node_venv_lib_python3_12_site-packages["site-packages"]\n    node_venv_lib_python3_12_site-packages --> node_venv_lib_python3_12_site-packages_PyQt6["PyQt6"]\n    node_venv_lib_python3_12_site-packages_PyQt6 --> node_venv_lib_python3_12_site-packages_PyQt6_Qt6["Qt6"]\n    node_venv_lib_python3_12_site-packages_PyQt6_Qt6 --> node_venv_lib_python3_12_site-packages_PyQt6_Qt6_qml["qml"]\n    node_venv_lib_python3_12_site-packages_PyQt6_Qt6_qml --> node_venv_lib_python3_12_site-packages_PyQt6_Qt6_qml_QtQuick["QtQuick"]\n    node_venv_lib_python3_12_site-packages_PyQt6_Qt6_qml_QtQuick --> node_venv_lib_python3_12_site-packages_PyQt6_Qt6_qml_QtQuick_Controls["Controls"]\n    node_venv_lib_python3_12_site-packages_PyQt6_Qt6_qml_QtQuick_Controls --> node_venv_lib_python3_12_site-packages_PyQt6_Qt6_qml_QtQuick_Controls_Fusion["Fusion"]\n    node_venv_lib_python3_12_site-packages_PyQt6_Qt6_qml_QtQuick_Controls_Fusion --> node_venv_lib_python3_12_site-packages_PyQt6_Qt6_qml_QtQuick_Controls_Fusion_ItemDelegate_qml["ItemDelegate.qml"]\n    Root --> node_venv["venv"]\n    node_venv --> node_venv_lib["lib"]\n    node_venv_lib --> node_venv_lib_python3_12["python3.12"]\n    node_venv_lib_python3_12 --> node_venv_lib_python3_12_site-packages["site-packages"]\n    node_venv_lib_python3_12_site-packages --> node_venv_lib_python3_12_site-packages_PyQt6["PyQt6"]\n    node_venv_lib_python3_12_site-packages_PyQt6 --> node_venv_lib_python3_12_site-packages_PyQt6_Qt6["Qt6"]\n    node_venv_lib_python3_12_site-packages_PyQt6_Qt6 --> node_venv_lib_python3_12_site-packages_PyQt6_Qt6_qml["qml"]\n    node_venv_lib_python3_12_site-packages_PyQt6_Qt6_qml --> node_venv_lib_python3_12_site-packages_PyQt6_Qt6_qml_QtQuick["QtQuick"]\n    node_venv_lib_python3_12_site-packages_PyQt6_Qt6_qml_QtQuick --> node_venv_lib_python3_12_site-packages_PyQt6_Qt6_qml_QtQuick_Controls["Controls"]\n    node_venv_lib_python3_12_site-packages_PyQt6_Qt6_qml_QtQuick_Controls --> node_venv_lib_python3_12_site-packages_PyQt6_Qt6_qml_QtQuick_Controls_Fusion["Fusion"]\n    node_venv_lib_python3_12_site-packages_PyQt6_Qt6_qml_QtQuick_Controls_Fusion --> node_venv_lib_python3_12_site-packages_PyQt6_Qt6_qml_QtQuick_Controls_Fusion_Label_qml["Label.qml"]\n    Root --> node_venv["venv"]\n    node_venv --> node_venv_lib["lib"]\n    node_venv_lib --> node_venv_lib_python3_12["python3.12"]\n    node_venv_lib_python3_12 --> node_venv_lib_python3_12_site-packages["site-packages"]\n    node_venv_lib_python3_12_site-packages --> node_venv_lib_python3_12_site-packages_PyQt6["PyQt6"]\n    node_venv_lib_python3_12_site-packages_PyQt6 --> node_venv_lib_python3_12_site-packages_PyQt6_Qt6["Qt6"]\n    node_venv_lib_python3_12_site-packages_PyQt6_Qt6 --> node_venv_lib_python3_12_site-packages_PyQt6_Qt6_qml["qml"]\n    node_venv_lib_python3_12_site-packages_PyQt6_Qt6_qml --> node_venv_lib_python3_12_site-packages_PyQt6_Qt6_qml_QtQuick["QtQuick"]\n    node_venv_lib_python3_12_site-packages_PyQt6_Qt6_qml_QtQuick --> node_venv_lib_python3_12_site-packages_PyQt6_Qt6_qml_QtQuick_Controls["Controls"]\n    node_venv_lib_python3_12_site-packages_PyQt6_Qt6_qml_QtQuick_Controls --> node_venv_lib_python3_12_site-packages_PyQt6_Qt6_qml_QtQuick_Controls_Fusion["Fusion"]\n    node_venv_lib_python3_12_site-packages_PyQt6_Qt6_qml_QtQuick_Controls_Fusion --> node_venv_lib_python3_12_site-packages_PyQt6_Qt6_qml_QtQuick_Controls_Fusion_Menu_qml["Menu.qml"]\n    Root --> node_venv["venv"]\n    node_venv --> node_venv_lib["lib"]\n    node_venv_lib --> node_venv_lib_python3_12["python3.12"]\n    node_venv_lib_python3_12 --> node_venv_lib_python3_12_site-packages["site-packages"]\n    node_venv_lib_python3_12_site-packages --> node_venv_lib_python3_12_site-packages_PyQt6["PyQt6"]\n    node_venv_lib_python3_12_site-packages_PyQt6 --> node_venv_lib_python3_12_site-packages_PyQt6_Qt6["Qt6"]\n    node_venv_lib_python3_12_site-packages_PyQt6_Qt6 --> node_venv_lib_python3_12_site-packages_PyQt6_Qt6_qml["qml"]\n    node_venv_lib_python3_12_site-packages_PyQt6_Qt6_qml --> node_venv_lib_python3_12_site-packages_PyQt6_Qt6_qml_QtQuick["QtQuick"]\n    node_venv_lib_python3_12_site-packages_PyQt6_Qt6_qml_QtQuick --> node_venv_lib_python3_12_site-packages_PyQt6_Qt6_qml_QtQuick_Controls["Controls"]\n    node_venv_lib_python3_12_site-packages_PyQt6_Qt6_qml_QtQuick_Controls --> node_venv_lib_python3_12_site-packages_PyQt6_Qt6_qml_QtQuick_Controls_Fusion["Fusion"]\n    node_venv_lib_python3_12_site-packages_PyQt6_Qt6_qml_QtQuick_Controls_Fusion --> node_venv_lib_python3_12_site-packages_PyQt6_Qt6_qml_QtQuick_Controls_Fusion_MenuBar_qml["MenuBar.qml"]\n    Root --> node_venv["venv"]\n    node_venv --> node_venv_lib["lib"]\n    node_venv_lib --> node_venv_lib_python3_12["python3.12"]\n    node_venv_lib_python3_12 --> node_venv_lib_python3_12_site-packages["site-packages"]\n    node_venv_lib_python3_12_site-packages --> node_venv_lib_python3_12_site-packages_PyQt6["PyQt6"]\n    node_venv_lib_python3_12_site-packages_PyQt6 --> node_venv_lib_python3_12_site-packages_PyQt6_Qt6["Qt6"]\n    node_venv_lib_python3_12_site-packages_PyQt6_Qt6 --> node_venv_lib_python3_12_site-packages_PyQt6_Qt6_qml["qml"]\n    node_venv_lib_python3_12_site-packages_PyQt6_Qt6_qml --> node_venv_lib_python3_12_site-packages_PyQt6_Qt6_qml_QtQuick["QtQuick"]\n    node_venv_lib_python3_12_site-packages_PyQt6_Qt6_qml_QtQuick --> node_venv_lib_python3_12_site-packages_PyQt6_Qt6_qml_QtQuick_Controls["Controls"]\n    node_venv_lib_python3_12_site-packages_PyQt6_Qt6_qml_QtQuick_Controls --> node_venv_lib_python3_12_site-packages_PyQt6_Qt6_qml_QtQuick_Controls_Fusion["Fusion"]\n    node_venv_lib_python3_12_site-packages_PyQt6_Qt6_qml_QtQuick_Controls_Fusion --> node_venv_lib_python3_12_site-packages_PyQt6_Qt6_qml_QtQuick_Controls_Fusion_MenuBarItem_qml["MenuBarItem.qml"]\n    Root --> node_venv["venv"]\n    node_venv --> node_venv_lib["lib"]\n    node_venv_lib --> node_venv_lib_python3_12["python3.12"]\n    node_venv_lib_python3_12 --> node_venv_lib_python3_12_site-packages["site-packages"]\n    node_venv_lib_python3_12_site-packages --> node_venv_lib_python3_12_site-packages_PyQt6["PyQt6"]\n    node_venv_lib_python3_12_site-packages_PyQt6 --> node_venv_lib_python3_12_site-packages_PyQt6_Qt6["Qt6"]\n    node_venv_lib_python3_12_site-packages_PyQt6_Qt6 --> node_venv_lib_python3_12_site-packages_PyQt6_Qt6_qml["qml"]\n    node_venv_lib_python3_12_site-packages_PyQt6_Qt6_qml --> node_venv_lib_python3_12_site-packages_PyQt6_Qt6_qml_QtQuick["QtQuick"]\n    node_venv_lib_python3_12_site-packages_PyQt6_Qt6_qml_QtQuick --> node_venv_lib_python3_12_site-packages_PyQt6_Qt6_qml_QtQuick_Controls["Controls"]\n    node_venv_lib_python3_12_site-packages_PyQt6_Qt6_qml_QtQuick_Controls --> node_venv_lib_python3_12_site-packages_PyQt6_Qt6_qml_QtQuick_Controls_Fusion["Fusion"]\n    node_venv_lib_python3_12_site-packages_PyQt6_Qt6_qml_QtQuick_Controls_Fusion --> node_venv_lib_python3_12_site-packages_PyQt6_Qt6_qml_QtQuick_Controls_Fusion_MenuItem_qml["MenuItem.qml"]\n    Root --> node_venv["venv"]\n    node_venv --> node_venv_lib["lib"]\n    node_venv_lib --> node_venv_lib_python3_12["python3.12"]\n    node_venv_lib_python3_12 --> node_venv_lib_python3_12_site-packages["site-packages"]\n    node_venv_lib_python3_12_site-packages --> node_venv_lib_python3_12_site-packages_PyQt6["PyQt6"]\n    node_venv_lib_python3_12_site-packages_PyQt6 --> node_venv_lib_python3_12_site-packages_PyQt6_Qt6["Qt6"]\n    node_venv_lib_python3_12_site-packages_PyQt6_Qt6 --> node_venv_lib_python3_12_site-packages_PyQt6_Qt6_qml["qml"]\n    node_venv_lib_python3_12_site-packages_PyQt6_Qt6_qml --> node_venv_lib_python3_12_site-packages_PyQt6_Qt6_qml_QtQuick["QtQuick"]\n    node_venv_lib_python3_12_site-packages_PyQt6_Qt6_qml_QtQuick --> node_venv_lib_python3_12_site-packages_PyQt6_Qt6_qml_QtQuick_Controls["Controls"]\n    node_venv_lib_python3_12_site-packages_PyQt6_Qt6_qml_QtQuick_Controls --> node_venv_lib_python3_12_site-packages_PyQt6_Qt6_qml_QtQuick_Controls_Fusion["Fusion"]\n    node_venv_lib_python3_12_site-packages_PyQt6_Qt6_qml_QtQuick_Controls_Fusion --> node_venv_lib_python3_12_site-packages_PyQt6_Qt6_qml_QtQuick_Controls_Fusion_MenuSeparator_qml["MenuSeparator.qml"]\n    Root --> node_venv["venv"]\n    node_venv --> node_venv_lib["lib"]\n    node_venv_lib --> node_venv_lib_python3_12["python3.12"]\n    node_venv_lib_python3_12 --> node_venv_lib_python3_12_site-packages["site-packages"]\n    node_venv_lib_python3_12_site-packages --> node_venv_lib_python3_12_site-packages_PyQt6["PyQt6"]\n    node_venv_lib_python3_12_site-packages_PyQt6 --> node_venv_lib_python3_12_site-packages_PyQt6_Qt6["Qt6"]\n    node_venv_lib_python3_12_site-packages_PyQt6_Qt6 --> node_venv_lib_python3_12_site-packages_PyQt6_Qt6_qml["qml"]\n    node_venv_lib_python3_12_site-packages_PyQt6_Qt6_qml --> node_venv_lib_python3_12_site-packages_PyQt6_Qt6_qml_QtQuick["QtQuick"]\n    node_venv_lib_python3_12_site-packages_PyQt6_Qt6_qml_QtQuick --> node_venv_lib_python3_12_site-packages_PyQt6_Qt6_qml_QtQuick_Controls["Controls"]\n    node_venv_lib_python3_12_site-packages_PyQt6_Qt6_qml_QtQuick_Controls --> node_venv_lib_python3_12_site-packages_PyQt6_Qt6_qml_QtQuick_Controls_Fusion["Fusion"]\n    node_venv_lib_python3_12_site-packages_PyQt6_Qt6_qml_QtQuick_Controls_Fusion --> node_venv_lib_python3_12_site-packages_PyQt6_Qt6_qml_QtQuick_Controls_Fusion_Page_qml["Page.qml"]\n    Root --> node_venv["venv"]\n    node_venv --> node_venv_lib["lib"]\n    node_venv_lib --> node_venv_lib_python3_12["python3.12"]\n    node_venv_lib_python3_12 --> node_venv_lib_python3_12_site-packages["site-packages"]\n    node_venv_lib_python3_12_site-packages --> node_venv_lib_python3_12_site-packages_PyQt6["PyQt6"]\n    node_venv_lib_python3_12_site-packages_PyQt6 --> node_venv_lib_python3_12_site-packages_PyQt6_Qt6["Qt6"]\n    node_venv_lib_python3_12_site-packages_PyQt6_Qt6 --> node_venv_lib_python3_12_site-packages_PyQt6_Qt6_qml["qml"]\n    node_venv_lib_python3_12_site-packages_PyQt6_Qt6_qml --> node_venv_lib_python3_12_site-packages_PyQt6_Qt6_qml_QtQuick["QtQuick"]\n    node_venv_lib_python3_12_site-packages_PyQt6_Qt6_qml_QtQuick --> node_venv_lib_python3_12_site-packages_PyQt6_Qt6_qml_QtQuick_Controls["Controls"]\n    node_venv_lib_python3_12_site-packages_PyQt6_Qt6_qml_QtQuick_Controls --> node_venv_lib_python3_12_site-packages_PyQt6_Qt6_qml_QtQuick_Controls_Fusion["Fusion"]\n    node_venv_lib_python3_12_site-packages_PyQt6_Qt6_qml_QtQuick_Controls_Fusion --> node_venv_lib_python3_12_site-packages_PyQt6_Qt6_qml_QtQuick_Controls_Fusion_PageIndicator_qml["PageIndicator.qml"]\n    Root --> node_venv["venv"]\n    node_venv --> node_venv_lib["lib"]\n    node_venv_lib --> node_venv_lib_python3_12["python3.12"]\n    node_venv_lib_python3_12 --> node_venv_lib_python3_12_site-packages["site-packages"]\n    node_venv_lib_python3_12_site-packages --> node_venv_lib_python3_12_site-packages_PyQt6["PyQt6"]\n    node_venv_lib_python3_12_site-packages_PyQt6 --> node_venv_lib_python3_12_site-packages_PyQt6_Qt6["Qt6"]\n    node_venv_lib_python3_12_site-packages_PyQt6_Qt6 --> node_venv_lib_python3_12_site-packages_PyQt6_Qt6_qml["qml"]\n    node_venv_lib_python3_12_site-packages_PyQt6_Qt6_qml --> node_venv_lib_python3_12_site-packages_PyQt6_Qt6_qml_QtQuick["QtQuick"]\n    node_venv_lib_python3_12_site-packages_PyQt6_Qt6_qml_QtQuick --> node_venv_lib_python3_12_site-packages_PyQt6_Qt6_qml_QtQuick_Controls["Controls"]\n    node_venv_lib_python3_12_site-packages_PyQt6_Qt6_qml_QtQuick_Controls --> node_venv_lib_python3_12_site-packages_PyQt6_Qt6_qml_QtQuick_Controls_Fusion["Fusion"]\n    node_venv_lib_python3_12_site-packages_PyQt6_Qt6_qml_QtQuick_Controls_Fusion --> node_venv_lib_python3_12_site-packages_PyQt6_Qt6_qml_QtQuick_Controls_Fusion_Pane_qml["Pane.qml"]\n    Root --> node_venv["venv"]\n    node_venv --> node_venv_lib["lib"]\n    node_venv_lib --> node_venv_lib_python3_12["python3.12"]\n    node_venv_lib_python3_12 --> node_venv_lib_python3_12_site-packages["site-packages"]\n    node_venv_lib_python3_12_site-packages --> node_venv_lib_python3_12_site-packages_PyQt6["PyQt6"]\n    node_venv_lib_python3_12_site-packages_PyQt6 --> node_venv_lib_python3_12_site-packages_PyQt6_Qt6["Qt6"]\n    node_venv_lib_python3_12_site-packages_PyQt6_Qt6 --> node_venv_lib_python3_12_site-packages_PyQt6_Qt6_qml["qml"]\n    node_venv_lib_python3_12_site-packages_PyQt6_Qt6_qml --> node_venv_lib_python3_12_site-packages_PyQt6_Qt6_qml_QtQuick["QtQuick"]\n    node_venv_lib_python3_12_site-packages_PyQt6_Qt6_qml_QtQuick --> node_venv_lib_python3_12_site-packages_PyQt6_Qt6_qml_QtQuick_Controls["Controls"]\n    node_venv_lib_python3_12_site-packages_PyQt6_Qt6_qml_QtQuick_Controls --> node_venv_lib_python3_12_site-packages_PyQt6_Qt6_qml_QtQuick_Controls_Fusion["Fusion"]\n    node_venv_lib_python3_12_site-packages_PyQt6_Qt6_qml_QtQuick_Controls_Fusion --> node_venv_lib_python3_12_site-packages_PyQt6_Qt6_qml_QtQuick_Controls_Fusion_Popup_qml["Popup.qml"]\n    Root --> node_venv["venv"]\n    node_venv --> node_venv_lib["lib"]\n    node_venv_lib --> node_venv_lib_python3_12["python3.12"]\n    node_venv_lib_python3_12 --> node_venv_lib_python3_12_site-packages["site-packages"]\n    node_venv_lib_python3_12_site-packages --> node_venv_lib_python3_12_site-packages_PyQt6["PyQt6"]\n    node_venv_lib_python3_12_site-packages_PyQt6 --> node_venv_lib_python3_12_site-packages_PyQt6_Qt6["Qt6"]\n    node_venv_lib_python3_12_site-packages_PyQt6_Qt6 --> node_venv_lib_python3_12_site-packages_PyQt6_Qt6_qml["qml"]\n    node_venv_lib_python3_12_site-packages_PyQt6_Qt6_qml --> node_venv_lib_python3_12_site-packages_PyQt6_Qt6_qml_QtQuick["QtQuick"]\n    node_venv_lib_python3_12_site-packages_PyQt6_Qt6_qml_QtQuick --> node_venv_lib_python3_12_site-packages_PyQt6_Qt6_qml_QtQuick_Controls["Controls"]\n    node_venv_lib_python3_12_site-packages_PyQt6_Qt6_qml_QtQuick_Controls --> node_venv_lib_python3_12_site-packages_PyQt6_Qt6_qml_QtQuick_Controls_Fusion["Fusion"]\n    node_venv_lib_python3_12_site-packages_PyQt6_Qt6_qml_QtQuick_Controls_Fusion --> node_venv_lib_python3_12_site-packages_PyQt6_Qt6_qml_QtQuick_Controls_Fusion_ProgressBar_qml["ProgressBar.qml"]\n    Root --> node_venv["venv"]\n    node_venv --> node_venv_lib["lib"]\n    node_venv_lib --> node_venv_lib_python3_12["python3.12"]\n    node_venv_lib_python3_12 --> node_venv_lib_python3_12_site-packages["site-packages"]\n    node_venv_lib_python3_12_site-packages --> node_venv_lib_python3_12_site-packages_PyQt6["PyQt6"]\n    node_venv_lib_python3_12_site-packages_PyQt6 --> node_venv_lib_python3_12_site-packages_PyQt6_Qt6["Qt6"]\n    node_venv_lib_python3_12_site-packages_PyQt6_Qt6 --> node_venv_lib_python3_12_site-packages_PyQt6_Qt6_qml["qml"]\n    node_venv_lib_python3_12_site-packages_PyQt6_Qt6_qml --> node_venv_lib_python3_12_site-packages_PyQt6_Qt6_qml_QtQuick["QtQuick"]\n    node_venv_lib_python3_12_site-packages_PyQt6_Qt6_qml_QtQuick --> node_venv_lib_python3_12_site-packages_PyQt6_Qt6_qml_QtQuick_Controls["Controls"]\n    node_venv_lib_python3_12_site-packages_PyQt6_Qt6_qml_QtQuick_Controls --> node_venv_lib_python3_12_site-packages_PyQt6_Qt6_qml_QtQuick_Controls_Fusion["Fusion"]\n    node_venv_lib_python3_12_site-packages_PyQt6_Qt6_qml_QtQuick_Controls_Fusion --> node_venv_lib_python3_12_site-packages_PyQt6_Qt6_qml_QtQuick_Controls_Fusion_RadioButton_qml["RadioButton.qml"]\n    Root --> node_venv["venv"]\n    node_venv --> node_venv_lib["lib"]\n    node_venv_lib --> node_venv_lib_python3_12["python3.12"]\n    node_venv_lib_python3_12 --> node_venv_lib_python3_12_site-packages["site-packages"]\n    node_venv_lib_python3_12_site-packages --> node_venv_lib_python3_12_site-packages_PyQt6["PyQt6"]\n    node_venv_lib_python3_12_site-packages_PyQt6 --> node_venv_lib_python3_12_site-packages_PyQt6_Qt6["Qt6"]\n    node_venv_lib_python3_12_site-packages_PyQt6_Qt6 --> node_venv_lib_python3_12_site-packages_PyQt6_Qt6_qml["qml"]\n    node_venv_lib_python3_12_site-packages_PyQt6_Qt6_qml --> node_venv_lib_python3_12_site-packages_PyQt6_Qt6_qml_QtQuick["QtQuick"]\n    node_venv_lib_python3_12_site-packages_PyQt6_Qt6_qml_QtQuick --> node_venv_lib_python3_12_site-packages_PyQt6_Qt6_qml_QtQuick_Controls["Controls"]\n    node_venv_lib_python3_12_site-packages_PyQt6_Qt6_qml_QtQuick_Controls --> node_venv_lib_python3_12_site-packages_PyQt6_Qt6_qml_QtQuick_Controls_Fusion["Fusion"]\n    node_venv_lib_python3_12_site-packages_PyQt6_Qt6_qml_QtQuick_Controls_Fusion --> node_venv_lib_python3_12_site-packages_PyQt6_Qt6_qml_QtQuick_Controls_Fusion_RadioDelegate_qml["RadioDelegate.qml"]\n    Root --> node_venv["venv"]\n    node_venv --> node_venv_lib["lib"]\n    node_venv_lib --> node_venv_lib_python3_12["python3.12"]\n    node_venv_lib_python3_12 --> node_venv_lib_python3_12_site-packages["site-packages"]\n    node_venv_lib_python3_12_site-packages --> node_venv_lib_python3_12_site-packages_PyQt6["PyQt6"]\n    node_venv_lib_python3_12_site-packages_PyQt6 --> node_venv_lib_python3_12_site-packages_PyQt6_Qt6["Qt6"]\n    node_venv_lib_python3_12_site-packages_PyQt6_Qt6 --> node_venv_lib_python3_12_site-packages_PyQt6_Qt6_qml["qml"]\n    node_venv_lib_python3_12_site-packages_PyQt6_Qt6_qml --> node_venv_lib_python3_12_site-packages_PyQt6_Qt6_qml_QtQuick["QtQuick"]\n    node_venv_lib_python3_12_site-packages_PyQt6_Qt6_qml_QtQuick --> node_venv_lib_python3_12_site-packages_PyQt6_Qt6_qml_QtQuick_Controls["Controls"]\n    node_venv_lib_python3_12_site-packages_PyQt6_Qt6_qml_QtQuick_Controls --> node_venv_lib_python3_12_site-packages_PyQt6_Qt6_qml_QtQuick_Controls_Fusion["Fusion"]\n    node_venv_lib_python3_12_site-packages_PyQt6_Qt6_qml_QtQuick_Controls_Fusion --> node_venv_lib_python3_12_site-packages_PyQt6_Qt6_qml_QtQuick_Controls_Fusion_RangeSlider_qml["RangeSlider.qml"]\n    Root --> node_venv["venv"]\n    node_venv --> node_venv_lib["lib"]\n    node_venv_lib --> node_venv_lib_python3_12["python3.12"]\n    node_venv_lib_python3_12 --> node_venv_lib_python3_12_site-packages["site-packages"]\n    node_venv_lib_python3_12_site-packages --> node_venv_lib_python3_12_site-packages_PyQt6["PyQt6"]\n    node_venv_lib_python3_12_site-packages_PyQt6 --> node_venv_lib_python3_12_site-packages_PyQt6_Qt6["Qt6"]\n    node_venv_lib_python3_12_site-packages_PyQt6_Qt6 --> node_venv_lib_python3_12_site-packages_PyQt6_Qt6_qml["qml"]\n    node_venv_lib_python3_12_site-packages_PyQt6_Qt6_qml --> node_venv_lib_python3_12_site-packages_PyQt6_Qt6_qml_QtQuick["QtQuick"]\n    node_venv_lib_python3_12_site-packages_PyQt6_Qt6_qml_QtQuick --> node_venv_lib_python3_12_site-packages_PyQt6_Qt6_qml_QtQuick_Controls["Controls"]\n    node_venv_lib_python3_12_site-packages_PyQt6_Qt6_qml_QtQuick_Controls --> node_venv_lib_python3_12_site-packages_PyQt6_Qt6_qml_QtQuick_Controls_Fusion["Fusion"]\n    node_venv_lib_python3_12_site-packages_PyQt6_Qt6_qml_QtQuick_Controls_Fusion --> node_venv_lib_python3_12_site-packages_PyQt6_Qt6_qml_QtQuick_Controls_Fusion_RoundButton_qml["RoundButton.qml"]\n    Root --> node_venv["venv"]\n    node_venv --> node_venv_lib["lib"]\n    node_venv_lib --> node_venv_lib_python3_12["python3.12"]\n    node_venv_lib_python3_12 --> node_venv_lib_python3_12_site-packages["site-packages"]\n    node_venv_lib_python3_12_site-packages --> node_venv_lib_python3_12_site-packages_PyQt6["PyQt6"]\n    node_venv_lib_python3_12_site-packages_PyQt6 --> node_venv_lib_python3_12_site-packages_PyQt6_Qt6["Qt6"]\n    node_venv_lib_python3_12_site-packages_PyQt6_Qt6 --> node_venv_lib_python3_12_site-packages_PyQt6_Qt6_qml["qml"]\n    node_venv_lib_python3_12_site-packages_PyQt6_Qt6_qml --> node_venv_lib_python3_12_site-packages_PyQt6_Qt6_qml_QtQuick["QtQuick"]\n    node_venv_lib_python3_12_site-packages_PyQt6_Qt6_qml_QtQuick --> node_venv_lib_python3_12_site-packages_PyQt6_Qt6_qml_QtQuick_Controls["Controls"]\n    node_venv_lib_python3_12_site-packages_PyQt6_Qt6_qml_QtQuick_Controls --> node_venv_lib_python3_12_site-packages_PyQt6_Qt6_qml_QtQuick_Controls_Fusion["Fusion"]\n    node_venv_lib_python3_12_site-packages_PyQt6_Qt6_qml_QtQuick_Controls_Fusion --> node_venv_lib_python3_12_site-packages_PyQt6_Qt6_qml_QtQuick_Controls_Fusion_ScrollBar_qml["ScrollBar.qml"]\n    Root --> node_venv["venv"]\n    node_venv --> node_venv_lib["lib"]\n    node_venv_lib --> node_venv_lib_python3_12["python3.12"]\n    node_venv_lib_python3_12 --> node_venv_lib_python3_12_site-packages["site-packages"]\n    node_venv_lib_python3_12_site-packages --> node_venv_lib_python3_12_site-packages_PyQt6["PyQt6"]\n    node_venv_lib_python3_12_site-packages_PyQt6 --> node_venv_lib_python3_12_site-packages_PyQt6_Qt6["Qt6"]\n    node_venv_lib_python3_12_site-packages_PyQt6_Qt6 --> node_venv_lib_python3_12_site-packages_PyQt6_Qt6_qml["qml"]\n    node_venv_lib_python3_12_site-packages_PyQt6_Qt6_qml --> node_venv_lib_python3_12_site-packages_PyQt6_Qt6_qml_QtQuick["QtQuick"]\n    node_venv_lib_python3_12_site-packages_PyQt6_Qt6_qml_QtQuick --> node_venv_lib_python3_12_site-packages_PyQt6_Qt6_qml_QtQuick_Controls["Controls"]\n    node_venv_lib_python3_12_site-packages_PyQt6_Qt6_qml_QtQuick_Controls --> node_venv_lib_python3_12_site-packages_PyQt6_Qt6_qml_QtQuick_Controls_Fusion["Fusion"]\n    node_venv_lib_python3_12_site-packages_PyQt6_Qt6_qml_QtQuick_Controls_Fusion --> node_venv_lib_python3_12_site-packages_PyQt6_Qt6_qml_QtQuick_Controls_Fusion_ScrollIndicator_qml["ScrollIndicator.qml"]\n    Root --> node_venv["venv"]\n    node_venv --> node_venv_lib["lib"]\n    node_venv_lib --> node_venv_lib_python3_12["python3.12"]\n    node_venv_lib_python3_12 --> node_venv_lib_python3_12_site-packages["site-packages"]\n    node_venv_lib_python3_12_site-packages --> node_venv_lib_python3_12_site-packages_PyQt6["PyQt6"]\n    node_venv_lib_python3_12_site-packages_PyQt6 --> node_venv_lib_python3_12_site-packages_PyQt6_Qt6["Qt6"]\n    node_venv_lib_python3_12_site-packages_PyQt6_Qt6 --> node_venv_lib_python3_12_site-packages_PyQt6_Qt6_qml["qml"]\n    node_venv_lib_python3_12_site-packages_PyQt6_Qt6_qml --> node_venv_lib_python3_12_site-packages_PyQt6_Qt6_qml_QtQuick["QtQuick"]\n    node_venv_lib_python3_12_site-packages_PyQt6_Qt6_qml_QtQuick --> node_venv_lib_python3_12_site-packages_PyQt6_Qt6_qml_QtQuick_Controls["Controls"]\n    node_venv_lib_python3_12_site-packages_PyQt6_Qt6_qml_QtQuick_Controls --> node_venv_lib_python3_12_site-packages_PyQt6_Qt6_qml_QtQuick_Controls_Fusion["Fusion"]\n    node_venv_lib_python3_12_site-packages_PyQt6_Qt6_qml_QtQuick_Controls_Fusion --> node_venv_lib_python3_12_site-packages_PyQt6_Qt6_qml_QtQuick_Controls_Fusion_ScrollView_qml["ScrollView.qml"]\n    Root --> node_venv["venv"]\n    node_venv --> node_venv_lib["lib"]\n    node_venv_lib --> node_venv_lib_python3_12["python3.12"]\n    node_venv_lib_python3_12 --> node_venv_lib_python3_12_site-packages["site-packages"]\n    node_venv_lib_python3_12_site-packages --> node_venv_lib_python3_12_site-packages_PyQt6["PyQt6"]\n    node_venv_lib_python3_12_site-packages_PyQt6 --> node_venv_lib_python3_12_site-packages_PyQt6_Qt6["Qt6"]\n    node_venv_lib_python3_12_site-packages_PyQt6_Qt6 --> node_venv_lib_python3_12_site-packages_PyQt6_Qt6_qml["qml"]\n    node_venv_lib_python3_12_site-packages_PyQt6_Qt6_qml --> node_venv_lib_python3_12_site-packages_PyQt6_Qt6_qml_QtQuick["QtQuick"]\n    node_venv_lib_python3_12_site-packages_PyQt6_Qt6_qml_QtQuick --> node_venv_lib_python3_12_site-packages_PyQt6_Qt6_qml_QtQuick_Controls["Controls"]\n    node_venv_lib_python3_12_site-packages_PyQt6_Qt6_qml_QtQuick_Controls --> node_venv_lib_python3_12_site-packages_PyQt6_Qt6_qml_QtQuick_Controls_Fusion["Fusion"]\n    node_venv_lib_python3_12_site-packages_PyQt6_Qt6_qml_QtQuick_Controls_Fusion --> node_venv_lib_python3_12_site-packages_PyQt6_Qt6_qml_QtQuick_Controls_Fusion_SearchField_qml["SearchField.qml"]\n    Root --> node_venv["venv"]\n    node_venv --> node_venv_lib["lib"]\n    node_venv_lib --> node_venv_lib_python3_12["python3.12"]\n    node_venv_lib_python3_12 --> node_venv_lib_python3_12_site-packages["site-packages"]\n    node_venv_lib_python3_12_site-packages --> node_venv_lib_python3_12_site-packages_PyQt6["PyQt6"]\n    node_venv_lib_python3_12_site-packages_PyQt6 --> node_venv_lib_python3_12_site-packages_PyQt6_Qt6["Qt6"]\n    node_venv_lib_python3_12_site-packages_PyQt6_Qt6 --> node_venv_lib_python3_12_site-packages_PyQt6_Qt6_qml["qml"]\n    node_venv_lib_python3_12_site-packages_PyQt6_Qt6_qml --> node_venv_lib_python3_12_site-packages_PyQt6_Qt6_qml_QtQuick["QtQuick"]\n    node_venv_lib_python3_12_site-packages_PyQt6_Qt6_qml_QtQuick --> node_venv_lib_python3_12_site-packages_PyQt6_Qt6_qml_QtQuick_Controls["Controls"]\n    node_venv_lib_python3_12_site-packages_PyQt6_Qt6_qml_QtQuick_Controls --> node_venv_lib_python3_12_site-packages_PyQt6_Qt6_qml_QtQuick_Controls_Fusion["Fusion"]\n    node_venv_lib_python3_12_site-packages_PyQt6_Qt6_qml_QtQuick_Controls_Fusion --> node_venv_lib_python3_12_site-packages_PyQt6_Qt6_qml_QtQuick_Controls_Fusion_SelectionRectangle_qml["SelectionRectangle.qml"]\n    Root --> node_venv["venv"]\n    node_venv --> node_venv_lib["lib"]\n    node_venv_lib --> node_venv_lib_python3_12["python3.12"]\n    node_venv_lib_python3_12 --> node_venv_lib_python3_12_site-packages["site-packages"]\n    node_venv_lib_python3_12_site-packages --> node_venv_lib_python3_12_site-packages_PyQt6["PyQt6"]\n    node_venv_lib_python3_12_site-packages_PyQt6 --> node_venv_lib_python3_12_site-packages_PyQt6_Qt6["Qt6"]\n    node_venv_lib_python3_12_site-packages_PyQt6_Qt6 --> node_venv_lib_python3_12_site-packages_PyQt6_Qt6_qml["qml"]\n    node_venv_lib_python3_12_site-packages_PyQt6_Qt6_qml --> node_venv_lib_python3_12_site-packages_PyQt6_Qt6_qml_QtQuick["QtQuick"]\n    node_venv_lib_python3_12_site-packages_PyQt6_Qt6_qml_QtQuick --> node_venv_lib_python3_12_site-packages_PyQt6_Qt6_qml_QtQuick_Controls["Controls"]\n    node_venv_lib_python3_12_site-packages_PyQt6_Qt6_qml_QtQuick_Controls --> node_venv_lib_python3_12_site-packages_PyQt6_Qt6_qml_QtQuick_Controls_Fusion["Fusion"]\n    node_venv_lib_python3_12_site-packages_PyQt6_Qt6_qml_QtQuick_Controls_Fusion --> node_venv_lib_python3_12_site-packages_PyQt6_Qt6_qml_QtQuick_Controls_Fusion_Slider_qml["Slider.qml"]\n    Root --> node_venv["venv"]\n    node_venv --> node_venv_lib["lib"]\n    node_venv_lib --> node_venv_lib_python3_12["python3.12"]\n    node_venv_lib_python3_12 --> node_venv_lib_python3_12_site-packages["site-packages"]\n    node_venv_lib_python3_12_site-packages --> node_venv_lib_python3_12_site-packages_PyQt6["PyQt6"]\n    node_venv_lib_python3_12_site-packages_PyQt6 --> node_venv_lib_python3_12_site-packages_PyQt6_Qt6["Qt6"]\n    node_venv_lib_python3_12_site-packages_PyQt6_Qt6 --> node_venv_lib_python3_12_site-packages_PyQt6_Qt6_qml["qml"]\n    node_venv_lib_python3_12_site-packages_PyQt6_Qt6_qml --> node_venv_lib_python3_12_site-packages_PyQt6_Qt6_qml_QtQuick["QtQuick"]\n    node_venv_lib_python3_12_site-packages_PyQt6_Qt6_qml_QtQuick --> node_venv_lib_python3_12_site-packages_PyQt6_Qt6_qml_QtQuick_Controls["Controls"]\n    node_venv_lib_python3_12_site-packages_PyQt6_Qt6_qml_QtQuick_Controls --> node_venv_lib_python3_12_site-packages_PyQt6_Qt6_qml_QtQuick_Controls_Fusion["Fusion"]\n    node_venv_lib_python3_12_site-packages_PyQt6_Qt6_qml_QtQuick_Controls_Fusion --> node_venv_lib_python3_12_site-packages_PyQt6_Qt6_qml_QtQuick_Controls_Fusion_SpinBox_qml["SpinBox.qml"]\n    Root --> node_venv["venv"]\n    node_venv --> node_venv_lib["lib"]\n    node_venv_lib --> node_venv_lib_python3_12["python3.12"]\n    node_venv_lib_python3_12 --> node_venv_lib_python3_12_site-packages["site-packages"]\n    node_venv_lib_python3_12_site-packages --> node_venv_lib_python3_12_site-packages_PyQt6["PyQt6"]\n    node_venv_lib_python3_12_site-packages_PyQt6 --> node_venv_lib_python3_12_site-packages_PyQt6_Qt6["Qt6"]\n    node_venv_lib_python3_12_site-packages_PyQt6_Qt6 --> node_venv_lib_python3_12_site-packages_PyQt6_Qt6_qml["qml"]\n    node_venv_lib_python3_12_site-packages_PyQt6_Qt6_qml --> node_venv_lib_python3_12_site-packages_PyQt6_Qt6_qml_QtQuick["QtQuick"]\n    node_venv_lib_python3_12_site-packages_PyQt6_Qt6_qml_QtQuick --> node_venv_lib_python3_12_site-packages_PyQt6_Qt6_qml_QtQuick_Controls["Controls"]\n    node_venv_lib_python3_12_site-packages_PyQt6_Qt6_qml_QtQuick_Controls --> node_venv_lib_python3_12_site-packages_PyQt6_Qt6_qml_QtQuick_Controls_Fusion["Fusion"]\n    node_venv_lib_python3_12_site-packages_PyQt6_Qt6_qml_QtQuick_Controls_Fusion --> node_venv_lib_python3_12_site-packages_PyQt6_Qt6_qml_QtQuick_Controls_Fusion_SplitView_qml["SplitView.qml"]\n    Root --> node_venv["venv"]\n    node_venv --> node_venv_lib["lib"]\n    node_venv_lib --> node_venv_lib_python3_12["python3.12"]\n    node_venv_lib_python3_12 --> node_venv_lib_python3_12_site-packages["site-packages"]\n    node_venv_lib_python3_12_site-packages --> node_venv_lib_python3_12_site-packages_PyQt6["PyQt6"]\n    node_venv_lib_python3_12_site-packages_PyQt6 --> node_venv_lib_python3_12_site-packages_PyQt6_Qt6["Qt6"]\n    node_venv_lib_python3_12_site-packages_PyQt6_Qt6 --> node_venv_lib_python3_12_site-packages_PyQt6_Qt6_qml["qml"]\n    node_venv_lib_python3_12_site-packages_PyQt6_Qt6_qml --> node_venv_lib_python3_12_site-packages_PyQt6_Qt6_qml_QtQuick["QtQuick"]\n    node_venv_lib_python3_12_site-packages_PyQt6_Qt6_qml_QtQuick --> node_venv_lib_python3_12_site-packages_PyQt6_Qt6_qml_QtQuick_Controls["Controls"]\n    node_venv_lib_python3_12_site-packages_PyQt6_Qt6_qml_QtQuick_Controls --> node_venv_lib_python3_12_site-packages_PyQt6_Qt6_qml_QtQuick_Controls_Fusion["Fusion"]\n    node_venv_lib_python3_12_site-packages_PyQt6_Qt6_qml_QtQuick_Controls_Fusion --> node_venv_lib_python3_12_site-packages_PyQt6_Qt6_qml_QtQuick_Controls_Fusion_SwipeDelegate_qml["SwipeDelegate.qml"]\n    Root --> node_venv["venv"]\n    node_venv --> node_venv_lib["lib"]\n    node_venv_lib --> node_venv_lib_python3_12["python3.12"]\n    node_venv_lib_python3_12 --> node_venv_lib_python3_12_site-packages["site-packages"]\n    node_venv_lib_python3_12_site-packages --> node_venv_lib_python3_12_site-packages_PyQt6["PyQt6"]\n    node_venv_lib_python3_12_site-packages_PyQt6 --> node_venv_lib_python3_12_site-packages_PyQt6_Qt6["Qt6"]\n    node_venv_lib_python3_12_site-packages_PyQt6_Qt6 --> node_venv_lib_python3_12_site-packages_PyQt6_Qt6_qml["qml"]\n    node_venv_lib_python3_12_site-packages_PyQt6_Qt6_qml --> node_venv_lib_python3_12_site-packages_PyQt6_Qt6_qml_QtQuick["QtQuick"]\n    node_venv_lib_python3_12_site-packages_PyQt6_Qt6_qml_QtQuick --> node_venv_lib_python3_12_site-packages_PyQt6_Qt6_qml_QtQuick_Controls["Controls"]\n    node_venv_lib_python3_12_site-packages_PyQt6_Qt6_qml_QtQuick_Controls --> node_venv_lib_python3_12_site-packages_PyQt6_Qt6_qml_QtQuick_Controls_Fusion["Fusion"]\n    node_venv_lib_python3_12_site-packages_PyQt6_Qt6_qml_QtQuick_Controls_Fusion --> node_venv_lib_python3_12_site-packages_PyQt6_Qt6_qml_QtQuick_Controls_Fusion_Switch_qml["Switch.qml"]\n    Root --> node_venv["venv"]\n    node_venv --> node_venv_lib["lib"]\n    node_venv_lib --> node_venv_lib_python3_12["python3.12"]\n    node_venv_lib_python3_12 --> node_venv_lib_python3_12_site-packages["site-packages"]\n    node_venv_lib_python3_12_site-packages --> node_venv_lib_python3_12_site-packages_PyQt6["PyQt6"]\n    node_venv_lib_python3_12_site-packages_PyQt6 --> node_venv_lib_python3_12_site-packages_PyQt6_Qt6["Qt6"]\n    node_venv_lib_python3_12_site-packages_PyQt6_Qt6 --> node_venv_lib_python3_12_site-packages_PyQt6_Qt6_qml["qml"]\n    node_venv_lib_python3_12_site-packages_PyQt6_Qt6_qml --> node_venv_lib_python3_12_site-packages_PyQt6_Qt6_qml_QtQuick["QtQuick"]\n    node_venv_lib_python3_12_site-packages_PyQt6_Qt6_qml_QtQuick --> node_venv_lib_python3_12_site-packages_PyQt6_Qt6_qml_QtQuick_Controls["Controls"]\n    node_venv_lib_python3_12_site-packages_PyQt6_Qt6_qml_QtQuick_Controls --> node_venv_lib_python3_12_site-packages_PyQt6_Qt6_qml_QtQuick_Controls_Fusion["Fusion"]\n    node_venv_lib_python3_12_site-packages_PyQt6_Qt6_qml_QtQuick_Controls_Fusion --> node_venv_lib_python3_12_site-packages_PyQt6_Qt6_qml_QtQuick_Controls_Fusion_SwitchDelegate_qml["SwitchDelegate.qml"]\n    Root --> node_venv["venv"]\n    node_venv --> node_venv_lib["lib"]\n    node_venv_lib --> node_venv_lib_python3_12["python3.12"]\n    node_venv_lib_python3_12 --> node_venv_lib_python3_12_site-packages["site-packages"]\n    node_venv_lib_python3_12_site-packages --> node_venv_lib_python3_12_site-packages_PyQt6["PyQt6"]\n    node_venv_lib_python3_12_site-packages_PyQt6 --> node_venv_lib_python3_12_site-packages_PyQt6_Qt6["Qt6"]\n    node_venv_lib_python3_12_site-packages_PyQt6_Qt6 --> node_venv_lib_python3_12_site-packages_PyQt6_Qt6_qml["qml"]\n    node_venv_lib_python3_12_site-packages_PyQt6_Qt6_qml --> node_venv_lib_python3_12_site-packages_PyQt6_Qt6_qml_QtQuick["QtQuick"]\n    node_venv_lib_python3_12_site-packages_PyQt6_Qt6_qml_QtQuick --> node_venv_lib_python3_12_site-packages_PyQt6_Qt6_qml_QtQuick_Controls["Controls"]\n    node_venv_lib_python3_12_site-packages_PyQt6_Qt6_qml_QtQuick_Controls --> node_venv_lib_python3_12_site-packages_PyQt6_Qt6_qml_QtQuick_Controls_Fusion["Fusion"]\n    node_venv_lib_python3_12_site-packages_PyQt6_Qt6_qml_QtQuick_Controls_Fusion --> node_venv_lib_python3_12_site-packages_PyQt6_Qt6_qml_QtQuick_Controls_Fusion_TabBar_qml["TabBar.qml"]\n    Root --> node_venv["venv"]\n    node_venv --> node_venv_lib["lib"]\n    node_venv_lib --> node_venv_lib_python3_12["python3.12"]\n    node_venv_lib_python3_12 --> node_venv_lib_python3_12_site-packages["site-packages"]\n    node_venv_lib_python3_12_site-packages --> node_venv_lib_python3_12_site-packages_PyQt6["PyQt6"]\n    node_venv_lib_python3_12_site-packages_PyQt6 --> node_venv_lib_python3_12_site-packages_PyQt6_Qt6["Qt6"]\n    node_venv_lib_python3_12_site-packages_PyQt6_Qt6 --> node_venv_lib_python3_12_site-packages_PyQt6_Qt6_qml["qml"]\n    node_venv_lib_python3_12_site-packages_PyQt6_Qt6_qml --> node_venv_lib_python3_12_site-packages_PyQt6_Qt6_qml_QtQuick["QtQuick"]\n    node_venv_lib_python3_12_site-packages_PyQt6_Qt6_qml_QtQuick --> node_venv_lib_python3_12_site-packages_PyQt6_Qt6_qml_QtQuick_Controls["Controls"]\n    node_venv_lib_python3_12_site-packages_PyQt6_Qt6_qml_QtQuick_Controls --> node_venv_lib_python3_12_site-packages_PyQt6_Qt6_qml_QtQuick_Controls_Fusion["Fusion"]\n    node_venv_lib_python3_12_site-packages_PyQt6_Qt6_qml_QtQuick_Controls_Fusion --> node_venv_lib_python3_12_site-packages_PyQt6_Qt6_qml_QtQuick_Controls_Fusion_TabButton_qml["TabButton.qml"]\n    Root --> node_venv["venv"]\n    node_venv --> node_venv_lib["lib"]\n    node_venv_lib --> node_venv_lib_python3_12["python3.12"]\n    node_venv_lib_python3_12 --> node_venv_lib_python3_12_site-packages["site-packages"]\n    node_venv_lib_python3_12_site-packages --> node_venv_lib_python3_12_site-packages_PyQt6["PyQt6"]\n    node_venv_lib_python3_12_site-packages_PyQt6 --> node_venv_lib_python3_12_site-packages_PyQt6_Qt6["Qt6"]\n    node_venv_lib_python3_12_site-packages_PyQt6_Qt6 --> node_venv_lib_python3_12_site-packages_PyQt6_Qt6_qml["qml"]\n    node_venv_lib_python3_12_site-packages_PyQt6_Qt6_qml --> node_venv_lib_python3_12_site-packages_PyQt6_Qt6_qml_QtQuick["QtQuick"]\n    node_venv_lib_python3_12_site-packages_PyQt6_Qt6_qml_QtQuick --> node_venv_lib_python3_12_site-packages_PyQt6_Qt6_qml_QtQuick_Controls["Controls"]\n    node_venv_lib_python3_12_site-packages_PyQt6_Qt6_qml_QtQuick_Controls --> node_venv_lib_python3_12_site-packages_PyQt6_Qt6_qml_QtQuick_Controls_Fusion["Fusion"]\n    node_venv_lib_python3_12_site-packages_PyQt6_Qt6_qml_QtQuick_Controls_Fusion --> node_venv_lib_python3_12_site-packages_PyQt6_Qt6_qml_QtQuick_Controls_Fusion_TextArea_qml["TextArea.qml"]\n    Root --> node_venv["venv"]\n    node_venv --> node_venv_lib["lib"]\n    node_venv_lib --> node_venv_lib_python3_12["python3.12"]\n    node_venv_lib_python3_12 --> node_venv_lib_python3_12_site-packages["site-packages"]\n    node_venv_lib_python3_12_site-packages --> node_venv_lib_python3_12_site-packages_PyQt6["PyQt6"]\n    node_venv_lib_python3_12_site-packages_PyQt6 --> node_venv_lib_python3_12_site-packages_PyQt6_Qt6["Qt6"]\n    node_venv_lib_python3_12_site-packages_PyQt6_Qt6 --> node_venv_lib_python3_12_site-packages_PyQt6_Qt6_qml["qml"]\n    node_venv_lib_python3_12_site-packages_PyQt6_Qt6_qml --> node_venv_lib_python3_12_site-packages_PyQt6_Qt6_qml_QtQuick["QtQuick"]\n    node_venv_lib_python3_12_site-packages_PyQt6_Qt6_qml_QtQuick --> node_venv_lib_python3_12_site-packages_PyQt6_Qt6_qml_QtQuick_Controls["Controls"]\n    node_venv_lib_python3_12_site-packages_PyQt6_Qt6_qml_QtQuick_Controls --> node_venv_lib_python3_12_site-packages_PyQt6_Qt6_qml_QtQuick_Controls_Fusion["Fusion"]\n    node_venv_lib_python3_12_site-packages_PyQt6_Qt6_qml_QtQuick_Controls_Fusion --> node_venv_lib_python3_12_site-packages_PyQt6_Qt6_qml_QtQuick_Controls_Fusion_TextField_qml["TextField.qml"]\n    Root --> node_venv["venv"]\n    node_venv --> node_venv_lib["lib"]\n    node_venv_lib --> node_venv_lib_python3_12["python3.12"]\n    node_venv_lib_python3_12 --> node_venv_lib_python3_12_site-packages["site-packages"]\n    node_venv_lib_python3_12_site-packages --> node_venv_lib_python3_12_site-packages_PyQt6["PyQt6"]\n    node_venv_lib_python3_12_site-packages_PyQt6 --> node_venv_lib_python3_12_site-packages_PyQt6_Qt6["Qt6"]\n    node_venv_lib_python3_12_site-packages_PyQt6_Qt6 --> node_venv_lib_python3_12_site-packages_PyQt6_Qt6_qml["qml"]\n    node_venv_lib_python3_12_site-packages_PyQt6_Qt6_qml --> node_venv_lib_python3_12_site-packages_PyQt6_Qt6_qml_QtQuick["QtQuick"]\n    node_venv_lib_python3_12_site-packages_PyQt6_Qt6_qml_QtQuick --> node_venv_lib_python3_12_site-packages_PyQt6_Qt6_qml_QtQuick_Controls["Controls"]\n    node_venv_lib_python3_12_site-packages_PyQt6_Qt6_qml_QtQuick_Controls --> node_venv_lib_python3_12_site-packages_PyQt6_Qt6_qml_QtQuick_Controls_Fusion["Fusion"]\n    node_venv_lib_python3_12_site-packages_PyQt6_Qt6_qml_QtQuick_Controls_Fusion --> node_venv_lib_python3_12_site-packages_PyQt6_Qt6_qml_QtQuick_Controls_Fusion_ToolBar_qml["ToolBar.qml"]\n    Root --> node_venv["venv"]\n    node_venv --> node_venv_lib["lib"]\n    node_venv_lib --> node_venv_lib_python3_12["python3.12"]\n    node_venv_lib_python3_12 --> node_venv_lib_python3_12_site-packages["site-packages"]\n    node_venv_lib_python3_12_site-packages --> node_venv_lib_python3_12_site-packages_PyQt6["PyQt6"]\n    node_venv_lib_python3_12_site-packages_PyQt6 --> node_venv_lib_python3_12_site-packages_PyQt6_Qt6["Qt6"]\n    node_venv_lib_python3_12_site-packages_PyQt6_Qt6 --> node_venv_lib_python3_12_site-packages_PyQt6_Qt6_qml["qml"]\n    node_venv_lib_python3_12_site-packages_PyQt6_Qt6_qml --> node_venv_lib_python3_12_site-packages_PyQt6_Qt6_qml_QtQuick["QtQuick"]\n    node_venv_lib_python3_12_site-packages_PyQt6_Qt6_qml_QtQuick --> node_venv_lib_python3_12_site-packages_PyQt6_Qt6_qml_QtQuick_Controls["Controls"]\n    node_venv_lib_python3_12_site-packages_PyQt6_Qt6_qml_QtQuick_Controls --> node_venv_lib_python3_12_site-packages_PyQt6_Qt6_qml_QtQuick_Controls_Fusion["Fusion"]\n    node_venv_lib_python3_12_site-packages_PyQt6_Qt6_qml_QtQuick_Controls_Fusion --> node_venv_lib_python3_12_site-packages_PyQt6_Qt6_qml_QtQuick_Controls_Fusion_ToolButton_qml["ToolButton.qml"]\n    Root --> node_venv["venv"]\n    node_venv --> node_venv_lib["lib"]\n    node_venv_lib --> node_venv_lib_python3_12["python3.12"]\n    node_venv_lib_python3_12 --> node_venv_lib_python3_12_site-packages["site-packages"]\n    node_venv_lib_python3_12_site-packages --> node_venv_lib_python3_12_site-packages_PyQt6["PyQt6"]\n    node_venv_lib_python3_12_site-packages_PyQt6 --> node_venv_lib_python3_12_site-packages_PyQt6_Qt6["Qt6"]\n    node_venv_lib_python3_12_site-packages_PyQt6_Qt6 --> node_venv_lib_python3_12_site-packages_PyQt6_Qt6_qml["qml"]\n    node_venv_lib_python3_12_site-packages_PyQt6_Qt6_qml --> node_venv_lib_python3_12_site-packages_PyQt6_Qt6_qml_QtQuick["QtQuick"]\n    node_venv_lib_python3_12_site-packages_PyQt6_Qt6_qml_QtQuick --> node_venv_lib_python3_12_site-packages_PyQt6_Qt6_qml_QtQuick_Controls["Controls"]\n    node_venv_lib_python3_12_site-packages_PyQt6_Qt6_qml_QtQuick_Controls --> node_venv_lib_python3_12_site-packages_PyQt6_Qt6_qml_QtQuick_Controls_Fusion["Fusion"]\n    node_venv_lib_python3_12_site-packages_PyQt6_Qt6_qml_QtQuick_Controls_Fusion --> node_venv_lib_python3_12_site-packages_PyQt6_Qt6_qml_QtQuick_Controls_Fusion_ToolSeparator_qml["ToolSeparator.qml"]\n    Root --> node_venv["venv"]\n    node_venv --> node_venv_lib["lib"]\n    node_venv_lib --> node_venv_lib_python3_12["python3.12"]\n    node_venv_lib_python3_12 --> node_venv_lib_python3_12_site-packages["site-packages"]\n    node_venv_lib_python3_12_site-packages --> node_venv_lib_python3_12_site-packages_PyQt6["PyQt6"]\n    node_venv_lib_python3_12_site-packages_PyQt6 --> node_venv_lib_python3_12_site-packages_PyQt6_Qt6["Qt6"]\n    node_venv_lib_python3_12_site-packages_PyQt6_Qt6 --> node_venv_lib_python3_12_site-packages_PyQt6_Qt6_qml["qml"]\n    node_venv_lib_python3_12_site-packages_PyQt6_Qt6_qml --> node_venv_lib_python3_12_site-packages_PyQt6_Qt6_qml_QtQuick["QtQuick"]\n    node_venv_lib_python3_12_site-packages_PyQt6_Qt6_qml_QtQuick --> node_venv_lib_python3_12_site-packages_PyQt6_Qt6_qml_QtQuick_Controls["Controls"]\n    node_venv_lib_python3_12_site-packages_PyQt6_Qt6_qml_QtQuick_Controls --> node_venv_lib_python3_12_site-packages_PyQt6_Qt6_qml_QtQuick_Controls_Fusion["Fusion"]\n    node_venv_lib_python3_12_site-packages_PyQt6_Qt6_qml_QtQuick_Controls_Fusion --> node_venv_lib_python3_12_site-packages_PyQt6_Qt6_qml_QtQuick_Controls_Fusion_ToolTip_qml["ToolTip.qml"]\n    Root --> node_venv["venv"]\n    node_venv --> node_venv_lib["lib"]\n    node_venv_lib --> node_venv_lib_python3_12["python3.12"]\n    node_venv_lib_python3_12 --> node_venv_lib_python3_12_site-packages["site-packages"]\n    node_venv_lib_python3_12_site-packages --> node_venv_lib_python3_12_site-packages_PyQt6["PyQt6"]\n    node_venv_lib_python3_12_site-packages_PyQt6 --> node_venv_lib_python3_12_site-packages_PyQt6_Qt6["Qt6"]\n    node_venv_lib_python3_12_site-packages_PyQt6_Qt6 --> node_venv_lib_python3_12_site-packages_PyQt6_Qt6_qml["qml"]\n    node_venv_lib_python3_12_site-packages_PyQt6_Qt6_qml --> node_venv_lib_python3_12_site-packages_PyQt6_Qt6_qml_QtQuick["QtQuick"]\n    node_venv_lib_python3_12_site-packages_PyQt6_Qt6_qml_QtQuick --> node_venv_lib_python3_12_site-packages_PyQt6_Qt6_qml_QtQuick_Controls["Controls"]\n    node_venv_lib_python3_12_site-packages_PyQt6_Qt6_qml_QtQuick_Controls --> node_venv_lib_python3_12_site-packages_PyQt6_Qt6_qml_QtQuick_Controls_Fusion["Fusion"]\n    node_venv_lib_python3_12_site-packages_PyQt6_Qt6_qml_QtQuick_Controls_Fusion --> node_venv_lib_python3_12_site-packages_PyQt6_Qt6_qml_QtQuick_Controls_Fusion_TreeViewDelegate_qml["TreeViewDelegate.qml"]\n    Root --> node_venv["venv"]\n    node_venv --> node_venv_lib["lib"]\n    node_venv_lib --> node_venv_lib_python3_12["python3.12"]\n    node_venv_lib_python3_12 --> node_venv_lib_python3_12_site-packages["site-packages"]\n    node_venv_lib_python3_12_site-packages --> node_venv_lib_python3_12_site-packages_PyQt6["PyQt6"]\n    node_venv_lib_python3_12_site-packages_PyQt6 --> node_venv_lib_python3_12_site-packages_PyQt6_Qt6["Qt6"]\n    node_venv_lib_python3_12_site-packages_PyQt6_Qt6 --> node_venv_lib_python3_12_site-packages_PyQt6_Qt6_qml["qml"]\n    node_venv_lib_python3_12_site-packages_PyQt6_Qt6_qml --> node_venv_lib_python3_12_site-packages_PyQt6_Qt6_qml_QtQuick["QtQuick"]\n    node_venv_lib_python3_12_site-packages_PyQt6_Qt6_qml_QtQuick --> node_venv_lib_python3_12_site-packages_PyQt6_Qt6_qml_QtQuick_Controls["Controls"]\n    node_venv_lib_python3_12_site-packages_PyQt6_Qt6_qml_QtQuick_Controls --> node_venv_lib_python3_12_site-packages_PyQt6_Qt6_qml_QtQuick_Controls_Fusion["Fusion"]\n    node_venv_lib_python3_12_site-packages_PyQt6_Qt6_qml_QtQuick_Controls_Fusion --> node_venv_lib_python3_12_site-packages_PyQt6_Qt6_qml_QtQuick_Controls_Fusion_Tumbler_qml["Tumbler.qml"]\n    Root --> node_venv["venv"]\n    node_venv --> node_venv_lib["lib"]\n    node_venv_lib --> node_venv_lib_python3_12["python3.12"]\n    node_venv_lib_python3_12 --> node_venv_lib_python3_12_site-packages["site-packages"]\n    node_venv_lib_python3_12_site-packages --> node_venv_lib_python3_12_site-packages_PyQt6["PyQt6"]\n    node_venv_lib_python3_12_site-packages_PyQt6 --> node_venv_lib_python3_12_site-packages_PyQt6_Qt6["Qt6"]\n    node_venv_lib_python3_12_site-packages_PyQt6_Qt6 --> node_venv_lib_python3_12_site-packages_PyQt6_Qt6_qml["qml"]\n    node_venv_lib_python3_12_site-packages_PyQt6_Qt6_qml --> node_venv_lib_python3_12_site-packages_PyQt6_Qt6_qml_QtQuick["QtQuick"]\n    node_venv_lib_python3_12_site-packages_PyQt6_Qt6_qml_QtQuick --> node_venv_lib_python3_12_site-packages_PyQt6_Qt6_qml_QtQuick_Controls["Controls"]\n    node_venv_lib_python3_12_site-packages_PyQt6_Qt6_qml_QtQuick_Controls --> node_venv_lib_python3_12_site-packages_PyQt6_Qt6_qml_QtQuick_Controls_Fusion["Fusion"]\n    node_venv_lib_python3_12_site-packages_PyQt6_Qt6_qml_QtQuick_Controls_Fusion --> node_venv_lib_python3_12_site-packages_PyQt6_Qt6_qml_QtQuick_Controls_Fusion_VerticalHeaderView_qml["VerticalHeaderView.qml"]\n    Root --> node_venv["venv"]\n    node_venv --> node_venv_lib["lib"]\n    node_venv_lib --> node_venv_lib_python3_12["python3.12"]\n    node_venv_lib_python3_12 --> node_venv_lib_python3_12_site-packages["site-packages"]\n    node_venv_lib_python3_12_site-packages --> node_venv_lib_python3_12_site-packages_PyQt6["PyQt6"]\n    node_venv_lib_python3_12_site-packages_PyQt6 --> node_venv_lib_python3_12_site-packages_PyQt6_Qt6["Qt6"]\n    node_venv_lib_python3_12_site-packages_PyQt6_Qt6 --> node_venv_lib_python3_12_site-packages_PyQt6_Qt6_qml["qml"]\n    node_venv_lib_python3_12_site-packages_PyQt6_Qt6_qml --> node_venv_lib_python3_12_site-packages_PyQt6_Qt6_qml_QtQuick["QtQuick"]\n    node_venv_lib_python3_12_site-packages_PyQt6_Qt6_qml_QtQuick --> node_venv_lib_python3_12_site-packages_PyQt6_Qt6_qml_QtQuick_Controls["Controls"]\n    node_venv_lib_python3_12_site-packages_PyQt6_Qt6_qml_QtQuick_Controls --> node_venv_lib_python3_12_site-packages_PyQt6_Qt6_qml_QtQuick_Controls_Fusion["Fusion"]\n    node_venv_lib_python3_12_site-packages_PyQt6_Qt6_qml_QtQuick_Controls_Fusion --> node_venv_lib_python3_12_site-packages_PyQt6_Qt6_qml_QtQuick_Controls_Fusion_VerticalHeaderViewDelegate_qml["VerticalHeaderViewDelegate.qml"]\n    Root --> node_venv["venv"]\n    node_venv --> node_venv_lib["lib"]\n    node_venv_lib --> node_venv_lib_python3_12["python3.12"]\n    node_venv_lib_python3_12 --> node_venv_lib_python3_12_site-packages["site-packages"]\n    node_venv_lib_python3_12_site-packages --> node_venv_lib_python3_12_site-packages_PyQt6["PyQt6"]\n    node_venv_lib_python3_12_site-packages_PyQt6 --> node_venv_lib_python3_12_site-packages_PyQt6_Qt6["Qt6"]\n    node_venv_lib_python3_12_site-packages_PyQt6_Qt6 --> node_venv_lib_python3_12_site-packages_PyQt6_Qt6_qml["qml"]\n    node_venv_lib_python3_12_site-packages_PyQt6_Qt6_qml --> node_venv_lib_python3_12_site-packages_PyQt6_Qt6_qml_QtQuick["QtQuick"]\n    node_venv_lib_python3_12_site-packages_PyQt6_Qt6_qml_QtQuick --> node_venv_lib_python3_12_site-packages_PyQt6_Qt6_qml_QtQuick_Controls["Controls"]\n    node_venv_lib_python3_12_site-packages_PyQt6_Qt6_qml_QtQuick_Controls --> node_venv_lib_python3_12_site-packages_PyQt6_Qt6_qml_QtQuick_Controls_Fusion["Fusion"]\n    node_venv_lib_python3_12_site-packages_PyQt6_Qt6_qml_QtQuick_Controls_Fusion --> node_venv_lib_python3_12_site-packages_PyQt6_Qt6_qml_QtQuick_Controls_Fusion_libqtquickcontrols2fusionstyleplugin_dylib["libqtquickcontrols2fusionstyleplugin.dylib"]\n    Root --> node_venv["venv"]\n    node_venv --> node_venv_lib["lib"]\n    node_venv_lib --> node_venv_lib_python3_12["python3.12"]\n    node_venv_lib_python3_12 --> node_venv_lib_python3_12_site-packages["site-packages"]\n    node_venv_lib_python3_12_site-packages --> node_venv_lib_python3_12_site-packages_PyQt6["PyQt6"]\n    node_venv_lib_python3_12_site-packages_PyQt6 --> node_venv_lib_python3_12_site-packages_PyQt6_Qt6["Qt6"]\n    node_venv_lib_python3_12_site-packages_PyQt6_Qt6 --> node_venv_lib_python3_12_site-packages_PyQt6_Qt6_qml["qml"]\n    node_venv_lib_python3_12_site-packages_PyQt6_Qt6_qml --> node_venv_lib_python3_12_site-packages_PyQt6_Qt6_qml_QtQuick["QtQuick"]\n    node_venv_lib_python3_12_site-packages_PyQt6_Qt6_qml_QtQuick --> node_venv_lib_python3_12_site-packages_PyQt6_Qt6_qml_QtQuick_Controls["Controls"]\n    node_venv_lib_python3_12_site-packages_PyQt6_Qt6_qml_QtQuick_Controls --> node_venv_lib_python3_12_site-packages_PyQt6_Qt6_qml_QtQuick_Controls_Fusion["Fusion"]\n    node_venv_lib_python3_12_site-packages_PyQt6_Qt6_qml_QtQuick_Controls_Fusion --> node_venv_lib_python3_12_site-packages_PyQt6_Qt6_qml_QtQuick_Controls_Fusion_plugins_qmltypes["plugins.qmltypes"]\n    Root --> node_venv["venv"]\n    node_venv --> node_venv_lib["lib"]\n    node_venv_lib --> node_venv_lib_python3_12["python3.12"]\n    node_venv_lib_python3_12 --> node_venv_lib_python3_12_site-packages["site-packages"]\n    node_venv_lib_python3_12_site-packages --> node_venv_lib_python3_12_site-packages_PyQt6["PyQt6"]\n    node_venv_lib_python3_12_site-packages_PyQt6 --> node_venv_lib_python3_12_site-packages_PyQt6_Qt6["Qt6"]\n    node_venv_lib_python3_12_site-packages_PyQt6_Qt6 --> node_venv_lib_python3_12_site-packages_PyQt6_Qt6_qml["qml"]\n    node_venv_lib_python3_12_site-packages_PyQt6_Qt6_qml --> node_venv_lib_python3_12_site-packages_PyQt6_Qt6_qml_QtQuick["QtQuick"]\n    node_venv_lib_python3_12_site-packages_PyQt6_Qt6_qml_QtQuick --> node_venv_lib_python3_12_site-packages_PyQt6_Qt6_qml_QtQuick_Controls["Controls"]\n    node_venv_lib_python3_12_site-packages_PyQt6_Qt6_qml_QtQuick_Controls --> node_venv_lib_python3_12_site-packages_PyQt6_Qt6_qml_QtQuick_Controls_Fusion["Fusion"]\n    node_venv_lib_python3_12_site-packages_PyQt6_Qt6_qml_QtQuick_Controls_Fusion --> node_venv_lib_python3_12_site-packages_PyQt6_Qt6_qml_QtQuick_Controls_Fusion_qmldir["qmldir"]\n    Root --> node_venv["venv"]\n    node_venv --> node_venv_lib["lib"]\n    node_venv_lib --> node_venv_lib_python3_12["python3.12"]\n    node_venv_lib_python3_12 --> node_venv_lib_python3_12_site-packages["site-packages"]\n    node_venv_lib_python3_12_site-packages --> node_venv_lib_python3_12_site-packages_PyQt6["PyQt6"]\n    node_venv_lib_python3_12_site-packages_PyQt6 --> node_venv_lib_python3_12_site-packages_PyQt6_Qt6["Qt6"]\n    node_venv_lib_python3_12_site-packages_PyQt6_Qt6 --> node_venv_lib_python3_12_site-packages_PyQt6_Qt6_qml["qml"]\n    node_venv_lib_python3_12_site-packages_PyQt6_Qt6_qml --> node_venv_lib_python3_12_site-packages_PyQt6_Qt6_qml_QtQuick["QtQuick"]\n    node_venv_lib_python3_12_site-packages_PyQt6_Qt6_qml_QtQuick --> node_venv_lib_python3_12_site-packages_PyQt6_Qt6_qml_QtQuick_Controls["Controls"]\n    node_venv_lib_python3_12_site-packages_PyQt6_Qt6_qml_QtQuick_Controls --> node_venv_lib_python3_12_site-packages_PyQt6_Qt6_qml_QtQuick_Controls_Fusion["Fusion"]\n    node_venv_lib_python3_12_site-packages_PyQt6_Qt6_qml_QtQuick_Controls_Fusion --> node_venv_lib_python3_12_site-packages_PyQt6_Qt6_qml_QtQuick_Controls_Fusion_impl["impl"]\n    node_venv_lib_python3_12_site-packages_PyQt6_Qt6_qml_QtQuick_Controls_Fusion_impl --> node_venv_lib_python3_12_site-packages_PyQt6_Qt6_qml_QtQuick_Controls_Fusion_impl_ButtonPanel_qml["ButtonPanel.qml"]\n    Root --> node_venv["venv"]\n    node_venv --> node_venv_lib["lib"]\n    node_venv_lib --> node_venv_lib_python3_12["python3.12"]\n    node_venv_lib_python3_12 --> node_venv_lib_python3_12_site-packages["site-packages"]\n    node_venv_lib_python3_12_site-packages --> node_venv_lib_python3_12_site-packages_PyQt6["PyQt6"]\n    node_venv_lib_python3_12_site-packages_PyQt6 --> node_venv_lib_python3_12_site-packages_PyQt6_Qt6["Qt6"]\n    node_venv_lib_python3_12_site-packages_PyQt6_Qt6 --> node_venv_lib_python3_12_site-packages_PyQt6_Qt6_qml["qml"]\n    node_venv_lib_python3_12_site-packages_PyQt6_Qt6_qml --> node_venv_lib_python3_12_site-packages_PyQt6_Qt6_qml_QtQuick["QtQuick"]\n    node_venv_lib_python3_12_site-packages_PyQt6_Qt6_qml_QtQuick --> node_venv_lib_python3_12_site-packages_PyQt6_Qt6_qml_QtQuick_Controls["Controls"]\n    node_venv_lib_python3_12_site-packages_PyQt6_Qt6_qml_QtQuick_Controls --> node_venv_lib_python3_12_site-packages_PyQt6_Qt6_qml_QtQuick_Controls_Fusion["Fusion"]\n    node_venv_lib_python3_12_site-packages_PyQt6_Qt6_qml_QtQuick_Controls_Fusion --> node_venv_lib_python3_12_site-packages_PyQt6_Qt6_qml_QtQuick_Controls_Fusion_impl["impl"]\n    node_venv_lib_python3_12_site-packages_PyQt6_Qt6_qml_QtQuick_Controls_Fusion_impl --> node_venv_lib_python3_12_site-packages_PyQt6_Qt6_qml_QtQuick_Controls_Fusion_impl_CheckIndicator_qml["CheckIndicator.qml"]\n    Root --> node_venv["venv"]\n    node_venv --> node_venv_lib["lib"]\n    node_venv_lib --> node_venv_lib_python3_12["python3.12"]\n    node_venv_lib_python3_12 --> node_venv_lib_python3_12_site-packages["site-packages"]\n    node_venv_lib_python3_12_site-packages --> node_venv_lib_python3_12_site-packages_PyQt6["PyQt6"]\n    node_venv_lib_python3_12_site-packages_PyQt6 --> node_venv_lib_python3_12_site-packages_PyQt6_Qt6["Qt6"]\n    node_venv_lib_python3_12_site-packages_PyQt6_Qt6 --> node_venv_lib_python3_12_site-packages_PyQt6_Qt6_qml["qml"]\n    node_venv_lib_python3_12_site-packages_PyQt6_Qt6_qml --> node_venv_lib_python3_12_site-packages_PyQt6_Qt6_qml_QtQuick["QtQuick"]\n    node_venv_lib_python3_12_site-packages_PyQt6_Qt6_qml_QtQuick --> node_venv_lib_python3_12_site-packages_PyQt6_Qt6_qml_QtQuick_Controls["Controls"]\n    node_venv_lib_python3_12_site-packages_PyQt6_Qt6_qml_QtQuick_Controls --> node_venv_lib_python3_12_site-packages_PyQt6_Qt6_qml_QtQuick_Controls_Fusion["Fusion"]\n    node_venv_lib_python3_12_site-packages_PyQt6_Qt6_qml_QtQuick_Controls_Fusion --> node_venv_lib_python3_12_site-packages_PyQt6_Qt6_qml_QtQuick_Controls_Fusion_impl["impl"]\n    node_venv_lib_python3_12_site-packages_PyQt6_Qt6_qml_QtQuick_Controls_Fusion_impl --> node_venv_lib_python3_12_site-packages_PyQt6_Qt6_qml_QtQuick_Controls_Fusion_impl_RadioIndicator_qml["RadioIndicator.qml"]\n    Root --> node_venv["venv"]\n    node_venv --> node_venv_lib["lib"]\n    node_venv_lib --> node_venv_lib_python3_12["python3.12"]\n    node_venv_lib_python3_12 --> node_venv_lib_python3_12_site-packages["site-packages"]\n    node_venv_lib_python3_12_site-packages --> node_venv_lib_python3_12_site-packages_PyQt6["PyQt6"]\n    node_venv_lib_python3_12_site-packages_PyQt6 --> node_venv_lib_python3_12_site-packages_PyQt6_Qt6["Qt6"]\n    node_venv_lib_python3_12_site-packages_PyQt6_Qt6 --> node_venv_lib_python3_12_site-packages_PyQt6_Qt6_qml["qml"]\n    node_venv_lib_python3_12_site-packages_PyQt6_Qt6_qml --> node_venv_lib_python3_12_site-packages_PyQt6_Qt6_qml_QtQuick["QtQuick"]\n    node_venv_lib_python3_12_site-packages_PyQt6_Qt6_qml_QtQuick --> node_venv_lib_python3_12_site-packages_PyQt6_Qt6_qml_QtQuick_Controls["Controls"]\n    node_venv_lib_python3_12_site-packages_PyQt6_Qt6_qml_QtQuick_Controls --> node_venv_lib_python3_12_site-packages_PyQt6_Qt6_qml_QtQuick_Controls_Fusion["Fusion"]\n    node_venv_lib_python3_12_site-packages_PyQt6_Qt6_qml_QtQuick_Controls_Fusion --> node_venv_lib_python3_12_site-packages_PyQt6_Qt6_qml_QtQuick_Controls_Fusion_impl["impl"]\n    node_venv_lib_python3_12_site-packages_PyQt6_Qt6_qml_QtQuick_Controls_Fusion_impl --> node_venv_lib_python3_12_site-packages_PyQt6_Qt6_qml_QtQuick_Controls_Fusion_impl_SliderGroove_qml["SliderGroove.qml"]\n    Root --> node_venv["venv"]\n    node_venv --> node_venv_lib["lib"]\n    node_venv_lib --> node_venv_lib_python3_12["python3.12"]\n    node_venv_lib_python3_12 --> node_venv_lib_python3_12_site-packages["site-packages"]\n    node_venv_lib_python3_12_site-packages --> node_venv_lib_python3_12_site-packages_PyQt6["PyQt6"]\n    node_venv_lib_python3_12_site-packages_PyQt6 --> node_venv_lib_python3_12_site-packages_PyQt6_Qt6["Qt6"]\n    node_venv_lib_python3_12_site-packages_PyQt6_Qt6 --> node_venv_lib_python3_12_site-packages_PyQt6_Qt6_qml["qml"]\n    node_venv_lib_python3_12_site-packages_PyQt6_Qt6_qml --> node_venv_lib_python3_12_site-packages_PyQt6_Qt6_qml_QtQuick["QtQuick"]\n    node_venv_lib_python3_12_site-packages_PyQt6_Qt6_qml_QtQuick --> node_venv_lib_python3_12_site-packages_PyQt6_Qt6_qml_QtQuick_Controls["Controls"]\n    node_venv_lib_python3_12_site-packages_PyQt6_Qt6_qml_QtQuick_Controls --> node_venv_lib_python3_12_site-packages_PyQt6_Qt6_qml_QtQuick_Controls_Fusion["Fusion"]\n    node_venv_lib_python3_12_site-packages_PyQt6_Qt6_qml_QtQuick_Controls_Fusion --> node_venv_lib_python3_12_site-packages_PyQt6_Qt6_qml_QtQuick_Controls_Fusion_impl["impl"]\n    node_venv_lib_python3_12_site-packages_PyQt6_Qt6_qml_QtQuick_Controls_Fusion_impl --> node_venv_lib_python3_12_site-packages_PyQt6_Qt6_qml_QtQuick_Controls_Fusion_impl_SliderHandle_qml["SliderHandle.qml"]\n    Root --> node_venv["venv"]\n    node_venv --> node_venv_lib["lib"]\n    node_venv_lib --> node_venv_lib_python3_12["python3.12"]\n    node_venv_lib_python3_12 --> node_venv_lib_python3_12_site-packages["site-packages"]\n    node_venv_lib_python3_12_site-packages --> node_venv_lib_python3_12_site-packages_PyQt6["PyQt6"]\n    node_venv_lib_python3_12_site-packages_PyQt6 --> node_venv_lib_python3_12_site-packages_PyQt6_Qt6["Qt6"]\n    node_venv_lib_python3_12_site-packages_PyQt6_Qt6 --> node_venv_lib_python3_12_site-packages_PyQt6_Qt6_qml["qml"]\n    node_venv_lib_python3_12_site-packages_PyQt6_Qt6_qml --> node_venv_lib_python3_12_site-packages_PyQt6_Qt6_qml_QtQuick["QtQuick"]\n    node_venv_lib_python3_12_site-packages_PyQt6_Qt6_qml_QtQuick --> node_venv_lib_python3_12_site-packages_PyQt6_Qt6_qml_QtQuick_Controls["Controls"]\n    node_venv_lib_python3_12_site-packages_PyQt6_Qt6_qml_QtQuick_Controls --> node_venv_lib_python3_12_site-packages_PyQt6_Qt6_qml_QtQuick_Controls_Fusion["Fusion"]\n    node_venv_lib_python3_12_site-packages_PyQt6_Qt6_qml_QtQuick_Controls_Fusion --> node_venv_lib_python3_12_site-packages_PyQt6_Qt6_qml_QtQuick_Controls_Fusion_impl["impl"]\n    node_venv_lib_python3_12_site-packages_PyQt6_Qt6_qml_QtQuick_Controls_Fusion_impl --> node_venv_lib_python3_12_site-packages_PyQt6_Qt6_qml_QtQuick_Controls_Fusion_impl_SwitchIndicator_qml["SwitchIndicator.qml"]\n    Root --> node_venv["venv"]\n    node_venv --> node_venv_lib["lib"]\n    node_venv_lib --> node_venv_lib_python3_12["python3.12"]\n    node_venv_lib_python3_12 --> node_venv_lib_python3_12_site-packages["site-packages"]\n    node_venv_lib_python3_12_site-packages --> node_venv_lib_python3_12_site-packages_PyQt6["PyQt6"]\n    node_venv_lib_python3_12_site-packages_PyQt6 --> node_venv_lib_python3_12_site-packages_PyQt6_Qt6["Qt6"]\n    node_venv_lib_python3_12_site-packages_PyQt6_Qt6 --> node_venv_lib_python3_12_site-packages_PyQt6_Qt6_qml["qml"]\n    node_venv_lib_python3_12_site-packages_PyQt6_Qt6_qml --> node_venv_lib_python3_12_site-packages_PyQt6_Qt6_qml_QtQuick["QtQuick"]\n    node_venv_lib_python3_12_site-packages_PyQt6_Qt6_qml_QtQuick --> node_venv_lib_python3_12_site-packages_PyQt6_Qt6_qml_QtQuick_Controls["Controls"]\n    node_venv_lib_python3_12_site-packages_PyQt6_Qt6_qml_QtQuick_Controls --> node_venv_lib_python3_12_site-packages_PyQt6_Qt6_qml_QtQuick_Controls_Fusion["Fusion"]\n    node_venv_lib_python3_12_site-packages_PyQt6_Qt6_qml_QtQuick_Controls_Fusion --> node_venv_lib_python3_12_site-packages_PyQt6_Qt6_qml_QtQuick_Controls_Fusion_impl["impl"]\n    node_venv_lib_python3_12_site-packages_PyQt6_Qt6_qml_QtQuick_Controls_Fusion_impl --> node_venv_lib_python3_12_site-packages_PyQt6_Qt6_qml_QtQuick_Controls_Fusion_impl_TextFieldBackground_qml["TextFieldBackground.qml"]\n    Root --> node_venv["venv"]\n    node_venv --> node_venv_lib["lib"]\n    node_venv_lib --> node_venv_lib_python3_12["python3.12"]\n    node_venv_lib_python3_12 --> node_venv_lib_python3_12_site-packages["site-packages"]\n    node_venv_lib_python3_12_site-packages --> node_venv_lib_python3_12_site-packages_PyQt6["PyQt6"]\n    node_venv_lib_python3_12_site-packages_PyQt6 --> node_venv_lib_python3_12_site-packages_PyQt6_Qt6["Qt6"]\n    node_venv_lib_python3_12_site-packages_PyQt6_Qt6 --> node_venv_lib_python3_12_site-packages_PyQt6_Qt6_qml["qml"]\n    node_venv_lib_python3_12_site-packages_PyQt6_Qt6_qml --> node_venv_lib_python3_12_site-packages_PyQt6_Qt6_qml_QtQuick["QtQuick"]\n    node_venv_lib_python3_12_site-packages_PyQt6_Qt6_qml_QtQuick --> node_venv_lib_python3_12_site-packages_PyQt6_Qt6_qml_QtQuick_Controls["Controls"]\n    node_venv_lib_python3_12_site-packages_PyQt6_Qt6_qml_QtQuick_Controls --> node_venv_lib_python3_12_site-packages_PyQt6_Qt6_qml_QtQuick_Controls_Fusion["Fusion"]\n    node_venv_lib_python3_12_site-packages_PyQt6_Qt6_qml_QtQuick_Controls_Fusion --> node_venv_lib_python3_12_site-packages_PyQt6_Qt6_qml_QtQuick_Controls_Fusion_impl["impl"]\n    node_venv_lib_python3_12_site-packages_PyQt6_Qt6_qml_QtQuick_Controls_Fusion_impl --> node_venv_lib_python3_12_site-packages_PyQt6_Qt6_qml_QtQuick_Controls_Fusion_impl_libqtquickcontrols2fusionstyleimplplugin_dylib["libqtquickcontrols2fusionstyleimplplugin.dylib"]\n    Root --> node_venv["venv"]\n    node_venv --> node_venv_lib["lib"]\n    node_venv_lib --> node_venv_lib_python3_12["python3.12"]\n    node_venv_lib_python3_12 --> node_venv_lib_python3_12_site-packages["site-packages"]\n    node_venv_lib_python3_12_site-packages --> node_venv_lib_python3_12_site-packages_PyQt6["PyQt6"]\n    node_venv_lib_python3_12_site-packages_PyQt6 --> node_venv_lib_python3_12_site-packages_PyQt6_Qt6["Qt6"]\n    node_venv_lib_python3_12_site-packages_PyQt6_Qt6 --> node_venv_lib_python3_12_site-packages_PyQt6_Qt6_qml["qml"]\n    node_venv_lib_python3_12_site-packages_PyQt6_Qt6_qml --> node_venv_lib_python3_12_site-packages_PyQt6_Qt6_qml_QtQuick["QtQuick"]\n    node_venv_lib_python3_12_site-packages_PyQt6_Qt6_qml_QtQuick --> node_venv_lib_python3_12_site-packages_PyQt6_Qt6_qml_QtQuick_Controls["Controls"]\n    node_venv_lib_python3_12_site-packages_PyQt6_Qt6_qml_QtQuick_Controls --> node_venv_lib_python3_12_site-packages_PyQt6_Qt6_qml_QtQuick_Controls_Fusion["Fusion"]\n    node_venv_lib_python3_12_site-packages_PyQt6_Qt6_qml_QtQuick_Controls_Fusion --> node_venv_lib_python3_12_site-packages_PyQt6_Qt6_qml_QtQuick_Controls_Fusion_impl["impl"]\n    node_venv_lib_python3_12_site-packages_PyQt6_Qt6_qml_QtQuick_Controls_Fusion_impl --> node_venv_lib_python3_12_site-packages_PyQt6_Qt6_qml_QtQuick_Controls_Fusion_impl_plugins_qmltypes["plugins.qmltypes"]\n    Root --> node_venv["venv"]\n    node_venv --> node_venv_lib["lib"]\n    node_venv_lib --> node_venv_lib_python3_12["python3.12"]\n    node_venv_lib_python3_12 --> node_venv_lib_python3_12_site-packages["site-packages"]\n    node_venv_lib_python3_12_site-packages --> node_venv_lib_python3_12_site-packages_PyQt6["PyQt6"]\n    node_venv_lib_python3_12_site-packages_PyQt6 --> node_venv_lib_python3_12_site-packages_PyQt6_Qt6["Qt6"]\n    node_venv_lib_python3_12_site-packages_PyQt6_Qt6 --> node_venv_lib_python3_12_site-packages_PyQt6_Qt6_qml["qml"]\n    node_venv_lib_python3_12_site-packages_PyQt6_Qt6_qml --> node_venv_lib_python3_12_site-packages_PyQt6_Qt6_qml_QtQuick["QtQuick"]\n    node_venv_lib_python3_12_site-packages_PyQt6_Qt6_qml_QtQuick --> node_venv_lib_python3_12_site-packages_PyQt6_Qt6_qml_QtQuick_Controls["Controls"]\n    node_venv_lib_python3_12_site-packages_PyQt6_Qt6_qml_QtQuick_Controls --> node_venv_lib_python3_12_site-packages_PyQt6_Qt6_qml_QtQuick_Controls_Fusion["Fusion"]\n    node_venv_lib_python3_12_site-packages_PyQt6_Qt6_qml_QtQuick_Controls_Fusion --> node_venv_lib_python3_12_site-packages_PyQt6_Qt6_qml_QtQuick_Controls_Fusion_impl["impl"]\n    node_venv_lib_python3_12_site-packages_PyQt6_Qt6_qml_QtQuick_Controls_Fusion_impl --> node_venv_lib_python3_12_site-packages_PyQt6_Qt6_qml_QtQuick_Controls_Fusion_impl_qmldir["qmldir"]\n    Root --> node_venv["venv"]\n    node_venv --> node_venv_lib["lib"]\n    node_venv_lib --> node_venv_lib_python3_12["python3.12"]\n    node_venv_lib_python3_12 --> node_venv_lib_python3_12_site-packages["site-packages"]\n    node_venv_lib_python3_12_site-packages --> node_venv_lib_python3_12_site-packages_PyQt6["PyQt6"]\n    node_venv_lib_python3_12_site-packages_PyQt6 --> node_venv_lib_python3_12_site-packages_PyQt6_Qt6["Qt6"]\n    node_venv_lib_python3_12_site-packages_PyQt6_Qt6 --> node_venv_lib_python3_12_site-packages_PyQt6_Qt6_qml["qml"]\n    node_venv_lib_python3_12_site-packages_PyQt6_Qt6_qml --> node_venv_lib_python3_12_site-packages_PyQt6_Qt6_qml_QtQuick["QtQuick"]\n    node_venv_lib_python3_12_site-packages_PyQt6_Qt6_qml_QtQuick --> node_venv_lib_python3_12_site-packages_PyQt6_Qt6_qml_QtQuick_Controls["Controls"]\n    node_venv_lib_python3_12_site-packages_PyQt6_Qt6_qml_QtQuick_Controls --> node_venv_lib_python3_12_site-packages_PyQt6_Qt6_qml_QtQuick_Controls_impl["impl"]\n    node_venv_lib_python3_12_site-packages_PyQt6_Qt6_qml_QtQuick_Controls_impl --> node_venv_lib_python3_12_site-packages_PyQt6_Qt6_qml_QtQuick_Controls_impl_libqtquickcontrols2implplugin_dylib["libqtquickcontrols2implplugin.dylib"]\n    Root --> node_venv["venv"]\n    node_venv --> node_venv_lib["lib"]\n    node_venv_lib --> node_venv_lib_python3_12["python3.12"]\n    node_venv_lib_python3_12 --> node_venv_lib_python3_12_site-packages["site-packages"]\n    node_venv_lib_python3_12_site-packages --> node_venv_lib_python3_12_site-packages_PyQt6["PyQt6"]\n    node_venv_lib_python3_12_site-packages_PyQt6 --> node_venv_lib_python3_12_site-packages_PyQt6_Qt6["Qt6"]\n    node_venv_lib_python3_12_site-packages_PyQt6_Qt6 --> node_venv_lib_python3_12_site-packages_PyQt6_Qt6_qml["qml"]\n    node_venv_lib_python3_12_site-packages_PyQt6_Qt6_qml --> node_venv_lib_python3_12_site-packages_PyQt6_Qt6_qml_QtQuick["QtQuick"]\n    node_venv_lib_python3_12_site-packages_PyQt6_Qt6_qml_QtQuick --> node_venv_lib_python3_12_site-packages_PyQt6_Qt6_qml_QtQuick_Controls["Controls"]\n    node_venv_lib_python3_12_site-packages_PyQt6_Qt6_qml_QtQuick_Controls --> node_venv_lib_python3_12_site-packages_PyQt6_Qt6_qml_QtQuick_Controls_impl["impl"]\n    node_venv_lib_python3_12_site-packages_PyQt6_Qt6_qml_QtQuick_Controls_impl --> node_venv_lib_python3_12_site-packages_PyQt6_Qt6_qml_QtQuick_Controls_impl_plugins_qmltypes["plugins.qmltypes"]\n    Root --> node_venv["venv"]\n    node_venv --> node_venv_lib["lib"]\n    node_venv_lib --> node_venv_lib_python3_12["python3.12"]\n    node_venv_lib_python3_12 --> node_venv_lib_python3_12_site-packages["site-packages"]\n    node_venv_lib_python3_12_site-packages --> node_venv_lib_python3_12_site-packages_PyQt6["PyQt6"]\n    node_venv_lib_python3_12_site-packages_PyQt6 --> node_venv_lib_python3_12_site-packages_PyQt6_Qt6["Qt6"]\n    node_venv_lib_python3_12_site-packages_PyQt6_Qt6 --> node_venv_lib_python3_12_site-packages_PyQt6_Qt6_qml["qml"]\n    node_venv_lib_python3_12_site-packages_PyQt6_Qt6_qml --> node_venv_lib_python3_12_site-packages_PyQt6_Qt6_qml_QtQuick["QtQuick"]\n    node_venv_lib_python3_12_site-packages_PyQt6_Qt6_qml_QtQuick --> node_venv_lib_python3_12_site-packages_PyQt6_Qt6_qml_QtQuick_Controls["Controls"]\n    node_venv_lib_python3_12_site-packages_PyQt6_Qt6_qml_QtQuick_Controls --> node_venv_lib_python3_12_site-packages_PyQt6_Qt6_qml_QtQuick_Controls_impl["impl"]\n    node_venv_lib_python3_12_site-packages_PyQt6_Qt6_qml_QtQuick_Controls_impl --> node_venv_lib_python3_12_site-packages_PyQt6_Qt6_qml_QtQuick_Controls_impl_qmldir["qmldir"]\n    Root --> node_venv["venv"]\n    node_venv --> node_venv_lib["lib"]\n    node_venv_lib --> node_venv_lib_python3_12["python3.12"]\n    node_venv_lib_python3_12 --> node_venv_lib_python3_12_site-packages["site-packages"]\n    node_venv_lib_python3_12_site-packages --> node_venv_lib_python3_12_site-packages_PyQt6["PyQt6"]\n    node_venv_lib_python3_12_site-packages_PyQt6 --> node_venv_lib_python3_12_site-packages_PyQt6_Qt6["Qt6"]\n    node_venv_lib_python3_12_site-packages_PyQt6_Qt6 --> node_venv_lib_python3_12_site-packages_PyQt6_Qt6_qml["qml"]\n    node_venv_lib_python3_12_site-packages_PyQt6_Qt6_qml --> node_venv_lib_python3_12_site-packages_PyQt6_Qt6_qml_QtQuick["QtQuick"]\n    node_venv_lib_python3_12_site-packages_PyQt6_Qt6_qml_QtQuick --> node_venv_lib_python3_12_site-packages_PyQt6_Qt6_qml_QtQuick_Controls["Controls"]\n    node_venv_lib_python3_12_site-packages_PyQt6_Qt6_qml_QtQuick_Controls --> node_venv_lib_python3_12_site-packages_PyQt6_Qt6_qml_QtQuick_Controls_FluentWinUI3["FluentWinUI3"]\n    node_venv_lib_python3_12_site-packages_PyQt6_Qt6_qml_QtQuick_Controls_FluentWinUI3 --> node_venv_lib_python3_12_site-packages_PyQt6_Qt6_qml_QtQuick_Controls_FluentWinUI3_ApplicationWindow_qml["ApplicationWindow.qml"]\n    Root --> node_venv["venv"]\n    node_venv --> node_venv_lib["lib"]\n    node_venv_lib --> node_venv_lib_python3_12["python3.12"]\n    node_venv_lib_python3_12 --> node_venv_lib_python3_12_site-packages["site-packages"]\n    node_venv_lib_python3_12_site-packages --> node_venv_lib_python3_12_site-packages_PyQt6["PyQt6"]\n    node_venv_lib_python3_12_site-packages_PyQt6 --> node_venv_lib_python3_12_site-packages_PyQt6_Qt6["Qt6"]\n    node_venv_lib_python3_12_site-packages_PyQt6_Qt6 --> node_venv_lib_python3_12_site-packages_PyQt6_Qt6_qml["qml"]\n    node_venv_lib_python3_12_site-packages_PyQt6_Qt6_qml --> node_venv_lib_python3_12_site-packages_PyQt6_Qt6_qml_QtQuick["QtQuick"]\n    node_venv_lib_python3_12_site-packages_PyQt6_Qt6_qml_QtQuick --> node_venv_lib_python3_12_site-packages_PyQt6_Qt6_qml_QtQuick_Controls["Controls"]\n    node_venv_lib_python3_12_site-packages_PyQt6_Qt6_qml_QtQuick_Controls --> node_venv_lib_python3_12_site-packages_PyQt6_Qt6_qml_QtQuick_Controls_FluentWinUI3["FluentWinUI3"]\n    node_venv_lib_python3_12_site-packages_PyQt6_Qt6_qml_QtQuick_Controls_FluentWinUI3 --> node_venv_lib_python3_12_site-packages_PyQt6_Qt6_qml_QtQuick_Controls_FluentWinUI3_BusyIndicator_qml["BusyIndicator.qml"]\n    Root --> node_venv["venv"]\n    node_venv --> node_venv_lib["lib"]\n    node_venv_lib --> node_venv_lib_python3_12["python3.12"]\n    node_venv_lib_python3_12 --> node_venv_lib_python3_12_site-packages["site-packages"]\n    node_venv_lib_python3_12_site-packages --> node_venv_lib_python3_12_site-packages_PyQt6["PyQt6"]\n    node_venv_lib_python3_12_site-packages_PyQt6 --> node_venv_lib_python3_12_site-packages_PyQt6_Qt6["Qt6"]\n    node_venv_lib_python3_12_site-packages_PyQt6_Qt6 --> node_venv_lib_python3_12_site-packages_PyQt6_Qt6_qml["qml"]\n    node_venv_lib_python3_12_site-packages_PyQt6_Qt6_qml --> node_venv_lib_python3_12_site-packages_PyQt6_Qt6_qml_QtQuick["QtQuick"]\n    node_venv_lib_python3_12_site-packages_PyQt6_Qt6_qml_QtQuick --> node_venv_lib_python3_12_site-packages_PyQt6_Qt6_qml_QtQuick_Controls["Controls"]\n    node_venv_lib_python3_12_site-packages_PyQt6_Qt6_qml_QtQuick_Controls --> node_venv_lib_python3_12_site-packages_PyQt6_Qt6_qml_QtQuick_Controls_FluentWinUI3["FluentWinUI3"]\n    node_venv_lib_python3_12_site-packages_PyQt6_Qt6_qml_QtQuick_Controls_FluentWinUI3 --> node_venv_lib_python3_12_site-packages_PyQt6_Qt6_qml_QtQuick_Controls_FluentWinUI3_Button_qml["Button.qml"]\n    Root --> node_venv["venv"]\n    node_venv --> node_venv_lib["lib"]\n    node_venv_lib --> node_venv_lib_python3_12["python3.12"]\n    node_venv_lib_python3_12 --> node_venv_lib_python3_12_site-packages["site-packages"]\n    node_venv_lib_python3_12_site-packages --> node_venv_lib_python3_12_site-packages_PyQt6["PyQt6"]\n    node_venv_lib_python3_12_site-packages_PyQt6 --> node_venv_lib_python3_12_site-packages_PyQt6_Qt6["Qt6"]\n    node_venv_lib_python3_12_site-packages_PyQt6_Qt6 --> node_venv_lib_python3_12_site-packages_PyQt6_Qt6_qml["qml"]\n    node_venv_lib_python3_12_site-packages_PyQt6_Qt6_qml --> node_venv_lib_python3_12_site-packages_PyQt6_Qt6_qml_QtQuick["QtQuick"]\n    node_venv_lib_python3_12_site-packages_PyQt6_Qt6_qml_QtQuick --> node_venv_lib_python3_12_site-packages_PyQt6_Qt6_qml_QtQuick_Controls["Controls"]\n    node_venv_lib_python3_12_site-packages_PyQt6_Qt6_qml_QtQuick_Controls --> node_venv_lib_python3_12_site-packages_PyQt6_Qt6_qml_QtQuick_Controls_FluentWinUI3["FluentWinUI3"]\n    node_venv_lib_python3_12_site-packages_PyQt6_Qt6_qml_QtQuick_Controls_FluentWinUI3 --> node_venv_lib_python3_12_site-packages_PyQt6_Qt6_qml_QtQuick_Controls_FluentWinUI3_CheckBox_qml["CheckBox.qml"]\n    Root --> node_venv["venv"]\n    node_venv --> node_venv_lib["lib"]\n    node_venv_lib --> node_venv_lib_python3_12["python3.12"]\n    node_venv_lib_python3_12 --> node_venv_lib_python3_12_site-packages["site-packages"]\n    node_venv_lib_python3_12_site-packages --> node_venv_lib_python3_12_site-packages_PyQt6["PyQt6"]\n    node_venv_lib_python3_12_site-packages_PyQt6 --> node_venv_lib_python3_12_site-packages_PyQt6_Qt6["Qt6"]\n    node_venv_lib_python3_12_site-packages_PyQt6_Qt6 --> node_venv_lib_python3_12_site-packages_PyQt6_Qt6_qml["qml"]\n    node_venv_lib_python3_12_site-packages_PyQt6_Qt6_qml --> node_venv_lib_python3_12_site-packages_PyQt6_Qt6_qml_QtQuick["QtQuick"]\n    node_venv_lib_python3_12_site-packages_PyQt6_Qt6_qml_QtQuick --> node_venv_lib_python3_12_site-packages_PyQt6_Qt6_qml_QtQuick_Controls["Controls"]\n    node_venv_lib_python3_12_site-packages_PyQt6_Qt6_qml_QtQuick_Controls --> node_venv_lib_python3_12_site-packages_PyQt6_Qt6_qml_QtQuick_Controls_FluentWinUI3["FluentWinUI3"]\n    node_venv_lib_python3_12_site-packages_PyQt6_Qt6_qml_QtQuick_Controls_FluentWinUI3 --> node_venv_lib_python3_12_site-packages_PyQt6_Qt6_qml_QtQuick_Controls_FluentWinUI3_CheckDelegate_qml["CheckDelegate.qml"]\n    Root --> node_venv["venv"]\n    node_venv --> node_venv_lib["lib"]\n    node_venv_lib --> node_venv_lib_python3_12["python3.12"]\n    node_venv_lib_python3_12 --> node_venv_lib_python3_12_site-packages["site-packages"]\n    node_venv_lib_python3_12_site-packages --> node_venv_lib_python3_12_site-packages_PyQt6["PyQt6"]\n    node_venv_lib_python3_12_site-packages_PyQt6 --> node_venv_lib_python3_12_site-packages_PyQt6_Qt6["Qt6"]\n    node_venv_lib_python3_12_site-packages_PyQt6_Qt6 --> node_venv_lib_python3_12_site-packages_PyQt6_Qt6_qml["qml"]\n    node_venv_lib_python3_12_site-packages_PyQt6_Qt6_qml --> node_venv_lib_python3_12_site-packages_PyQt6_Qt6_qml_QtQuick["QtQuick"]\n    node_venv_lib_python3_12_site-packages_PyQt6_Qt6_qml_QtQuick --> node_venv_lib_python3_12_site-packages_PyQt6_Qt6_qml_QtQuick_Controls["Controls"]\n    node_venv_lib_python3_12_site-packages_PyQt6_Qt6_qml_QtQuick_Controls --> node_venv_lib_python3_12_site-packages_PyQt6_Qt6_qml_QtQuick_Controls_FluentWinUI3["FluentWinUI3"]\n    node_venv_lib_python3_12_site-packages_PyQt6_Qt6_qml_QtQuick_Controls_FluentWinUI3 --> node_venv_lib_python3_12_site-packages_PyQt6_Qt6_qml_QtQuick_Controls_FluentWinUI3_ComboBox_qml["ComboBox.qml"]\n    Root --> node_venv["venv"]\n    node_venv --> node_venv_lib["lib"]\n    node_venv_lib --> node_venv_lib_python3_12["python3.12"]\n    node_venv_lib_python3_12 --> node_venv_lib_python3_12_site-packages["site-packages"]\n    node_venv_lib_python3_12_site-packages --> node_venv_lib_python3_12_site-packages_PyQt6["PyQt6"]\n    node_venv_lib_python3_12_site-packages_PyQt6 --> node_venv_lib_python3_12_site-packages_PyQt6_Qt6["Qt6"]\n    node_venv_lib_python3_12_site-packages_PyQt6_Qt6 --> node_venv_lib_python3_12_site-packages_PyQt6_Qt6_qml["qml"]\n    node_venv_lib_python3_12_site-packages_PyQt6_Qt6_qml --> node_venv_lib_python3_12_site-packages_PyQt6_Qt6_qml_QtQuick["QtQuick"]\n    node_venv_lib_python3_12_site-packages_PyQt6_Qt6_qml_QtQuick --> node_venv_lib_python3_12_site-packages_PyQt6_Qt6_qml_QtQuick_Controls["Controls"]\n    node_venv_lib_python3_12_site-packages_PyQt6_Qt6_qml_QtQuick_Controls --> node_venv_lib_python3_12_site-packages_PyQt6_Qt6_qml_QtQuick_Controls_FluentWinUI3["FluentWinUI3"]\n    node_venv_lib_python3_12_site-packages_PyQt6_Qt6_qml_QtQuick_Controls_FluentWinUI3 --> node_venv_lib_python3_12_site-packages_PyQt6_Qt6_qml_QtQuick_Controls_FluentWinUI3_Config_qml["Config.qml"]\n    Root --> node_venv["venv"]\n    node_venv --> node_venv_lib["lib"]\n    node_venv_lib --> node_venv_lib_python3_12["python3.12"]\n    node_venv_lib_python3_12 --> node_venv_lib_python3_12_site-packages["site-packages"]\n    node_venv_lib_python3_12_site-packages --> node_venv_lib_python3_12_site-packages_PyQt6["PyQt6"]\n    node_venv_lib_python3_12_site-packages_PyQt6 --> node_venv_lib_python3_12_site-packages_PyQt6_Qt6["Qt6"]\n    node_venv_lib_python3_12_site-packages_PyQt6_Qt6 --> node_venv_lib_python3_12_site-packages_PyQt6_Qt6_qml["qml"]\n    node_venv_lib_python3_12_site-packages_PyQt6_Qt6_qml --> node_venv_lib_python3_12_site-packages_PyQt6_Qt6_qml_QtQuick["QtQuick"]\n    node_venv_lib_python3_12_site-packages_PyQt6_Qt6_qml_QtQuick --> node_venv_lib_python3_12_site-packages_PyQt6_Qt6_qml_QtQuick_Controls["Controls"]\n    node_venv_lib_python3_12_site-packages_PyQt6_Qt6_qml_QtQuick_Controls --> node_venv_lib_python3_12_site-packages_PyQt6_Qt6_qml_QtQuick_Controls_FluentWinUI3["FluentWinUI3"]\n    node_venv_lib_python3_12_site-packages_PyQt6_Qt6_qml_QtQuick_Controls_FluentWinUI3 --> node_venv_lib_python3_12_site-packages_PyQt6_Qt6_qml_QtQuick_Controls_FluentWinUI3_DelayButton_qml["DelayButton.qml"]\n    Root --> node_venv["venv"]\n    node_venv --> node_venv_lib["lib"]\n    node_venv_lib --> node_venv_lib_python3_12["python3.12"]\n    node_venv_lib_python3_12 --> node_venv_lib_python3_12_site-packages["site-packages"]\n    node_venv_lib_python3_12_site-packages --> node_venv_lib_python3_12_site-packages_PyQt6["PyQt6"]\n    node_venv_lib_python3_12_site-packages_PyQt6 --> node_venv_lib_python3_12_site-packages_PyQt6_Qt6["Qt6"]\n    node_venv_lib_python3_12_site-packages_PyQt6_Qt6 --> node_venv_lib_python3_12_site-packages_PyQt6_Qt6_qml["qml"]\n    node_venv_lib_python3_12_site-packages_PyQt6_Qt6_qml --> node_venv_lib_python3_12_site-packages_PyQt6_Qt6_qml_QtQuick["QtQuick"]\n    node_venv_lib_python3_12_site-packages_PyQt6_Qt6_qml_QtQuick --> node_venv_lib_python3_12_site-packages_PyQt6_Qt6_qml_QtQuick_Controls["Controls"]\n    node_venv_lib_python3_12_site-packages_PyQt6_Qt6_qml_QtQuick_Controls --> node_venv_lib_python3_12_site-packages_PyQt6_Qt6_qml_QtQuick_Controls_FluentWinUI3["FluentWinUI3"]\n    node_venv_lib_python3_12_site-packages_PyQt6_Qt6_qml_QtQuick_Controls_FluentWinUI3 --> node_venv_lib_python3_12_site-packages_PyQt6_Qt6_qml_QtQuick_Controls_FluentWinUI3_Dialog_qml["Dialog.qml"]\n    Root --> node_venv["venv"]\n    node_venv --> node_venv_lib["lib"]\n    node_venv_lib --> node_venv_lib_python3_12["python3.12"]\n    node_venv_lib_python3_12 --> node_venv_lib_python3_12_site-packages["site-packages"]\n    node_venv_lib_python3_12_site-packages --> node_venv_lib_python3_12_site-packages_PyQt6["PyQt6"]\n    node_venv_lib_python3_12_site-packages_PyQt6 --> node_venv_lib_python3_12_site-packages_PyQt6_Qt6["Qt6"]\n    node_venv_lib_python3_12_site-packages_PyQt6_Qt6 --> node_venv_lib_python3_12_site-packages_PyQt6_Qt6_qml["qml"]\n    node_venv_lib_python3_12_site-packages_PyQt6_Qt6_qml --> node_venv_lib_python3_12_site-packages_PyQt6_Qt6_qml_QtQuick["QtQuick"]\n    node_venv_lib_python3_12_site-packages_PyQt6_Qt6_qml_QtQuick --> node_venv_lib_python3_12_site-packages_PyQt6_Qt6_qml_QtQuick_Controls["Controls"]\n    node_venv_lib_python3_12_site-packages_PyQt6_Qt6_qml_QtQuick_Controls --> node_venv_lib_python3_12_site-packages_PyQt6_Qt6_qml_QtQuick_Controls_FluentWinUI3["FluentWinUI3"]\n    node_venv_lib_python3_12_site-packages_PyQt6_Qt6_qml_QtQuick_Controls_FluentWinUI3 --> node_venv_lib_python3_12_site-packages_PyQt6_Qt6_qml_QtQuick_Controls_FluentWinUI3_DialogButtonBox_qml["DialogButtonBox.qml"]\n    Root --> node_venv["venv"]\n    node_venv --> node_venv_lib["lib"]\n    node_venv_lib --> node_venv_lib_python3_12["python3.12"]\n    node_venv_lib_python3_12 --> node_venv_lib_python3_12_site-packages["site-packages"]\n    node_venv_lib_python3_12_site-packages --> node_venv_lib_python3_12_site-packages_PyQt6["PyQt6"]\n    node_venv_lib_python3_12_site-packages_PyQt6 --> node_venv_lib_python3_12_site-packages_PyQt6_Qt6["Qt6"]\n    node_venv_lib_python3_12_site-packages_PyQt6_Qt6 --> node_venv_lib_python3_12_site-packages_PyQt6_Qt6_qml["qml"]\n    node_venv_lib_python3_12_site-packages_PyQt6_Qt6_qml --> node_venv_lib_python3_12_site-packages_PyQt6_Qt6_qml_QtQuick["QtQuick"]\n    node_venv_lib_python3_12_site-packages_PyQt6_Qt6_qml_QtQuick --> node_venv_lib_python3_12_site-packages_PyQt6_Qt6_qml_QtQuick_Controls["Controls"]\n    node_venv_lib_python3_12_site-packages_PyQt6_Qt6_qml_QtQuick_Controls --> node_venv_lib_python3_12_site-packages_PyQt6_Qt6_qml_QtQuick_Controls_FluentWinUI3["FluentWinUI3"]\n    node_venv_lib_python3_12_site-packages_PyQt6_Qt6_qml_QtQuick_Controls_FluentWinUI3 --> node_venv_lib_python3_12_site-packages_PyQt6_Qt6_qml_QtQuick_Controls_FluentWinUI3_FocusFrame_qml["FocusFrame.qml"]\n    Root --> node_venv["venv"]\n    node_venv --> node_venv_lib["lib"]\n    node_venv_lib --> node_venv_lib_python3_12["python3.12"]\n    node_venv_lib_python3_12 --> node_venv_lib_python3_12_site-packages["site-packages"]\n    node_venv_lib_python3_12_site-packages --> node_venv_lib_python3_12_site-packages_PyQt6["PyQt6"]\n    node_venv_lib_python3_12_site-packages_PyQt6 --> node_venv_lib_python3_12_site-packages_PyQt6_Qt6["Qt6"]\n    node_venv_lib_python3_12_site-packages_PyQt6_Qt6 --> node_venv_lib_python3_12_site-packages_PyQt6_Qt6_qml["qml"]\n    node_venv_lib_python3_12_site-packages_PyQt6_Qt6_qml --> node_venv_lib_python3_12_site-packages_PyQt6_Qt6_qml_QtQuick["QtQuick"]\n    node_venv_lib_python3_12_site-packages_PyQt6_Qt6_qml_QtQuick --> node_venv_lib_python3_12_site-packages_PyQt6_Qt6_qml_QtQuick_Controls["Controls"]\n    node_venv_lib_python3_12_site-packages_PyQt6_Qt6_qml_QtQuick_Controls --> node_venv_lib_python3_12_site-packages_PyQt6_Qt6_qml_QtQuick_Controls_FluentWinUI3["FluentWinUI3"]\n    node_venv_lib_python3_12_site-packages_PyQt6_Qt6_qml_QtQuick_Controls_FluentWinUI3 --> node_venv_lib_python3_12_site-packages_PyQt6_Qt6_qml_QtQuick_Controls_FluentWinUI3_Frame_qml["Frame.qml"]\n    Root --> node_venv["venv"]\n    node_venv --> node_venv_lib["lib"]\n    node_venv_lib --> node_venv_lib_python3_12["python3.12"]\n    node_venv_lib_python3_12 --> node_venv_lib_python3_12_site-packages["site-packages"]\n    node_venv_lib_python3_12_site-packages --> node_venv_lib_python3_12_site-packages_PyQt6["PyQt6"]\n    node_venv_lib_python3_12_site-packages_PyQt6 --> node_venv_lib_python3_12_site-packages_PyQt6_Qt6["Qt6"]\n    node_venv_lib_python3_12_site-packages_PyQt6_Qt6 --> node_venv_lib_python3_12_site-packages_PyQt6_Qt6_qml["qml"]\n    node_venv_lib_python3_12_site-packages_PyQt6_Qt6_qml --> node_venv_lib_python3_12_site-packages_PyQt6_Qt6_qml_QtQuick["QtQuick"]\n    node_venv_lib_python3_12_site-packages_PyQt6_Qt6_qml_QtQuick --> node_venv_lib_python3_12_site-packages_PyQt6_Qt6_qml_QtQuick_Controls["Controls"]\n    node_venv_lib_python3_12_site-packages_PyQt6_Qt6_qml_QtQuick_Controls --> node_venv_lib_python3_12_site-packages_PyQt6_Qt6_qml_QtQuick_Controls_FluentWinUI3["FluentWinUI3"]\n    node_venv_lib_python3_12_site-packages_PyQt6_Qt6_qml_QtQuick_Controls_FluentWinUI3 --> node_venv_lib_python3_12_site-packages_PyQt6_Qt6_qml_QtQuick_Controls_FluentWinUI3_GroupBox_qml["GroupBox.qml"]\n    Root --> node_venv["venv"]\n    node_venv --> node_venv_lib["lib"]\n    node_venv_lib --> node_venv_lib_python3_12["python3.12"]\n    node_venv_lib_python3_12 --> node_venv_lib_python3_12_site-packages["site-packages"]\n    node_venv_lib_python3_12_site-packages --> node_venv_lib_python3_12_site-packages_PyQt6["PyQt6"]\n    node_venv_lib_python3_12_site-packages_PyQt6 --> node_venv_lib_python3_12_site-packages_PyQt6_Qt6["Qt6"]\n    node_venv_lib_python3_12_site-packages_PyQt6_Qt6 --> node_venv_lib_python3_12_site-packages_PyQt6_Qt6_qml["qml"]\n    node_venv_lib_python3_12_site-packages_PyQt6_Qt6_qml --> node_venv_lib_python3_12_site-packages_PyQt6_Qt6_qml_QtQuick["QtQuick"]\n    node_venv_lib_python3_12_site-packages_PyQt6_Qt6_qml_QtQuick --> node_venv_lib_python3_12_site-packages_PyQt6_Qt6_qml_QtQuick_Controls["Controls"]\n    node_venv_lib_python3_12_site-packages_PyQt6_Qt6_qml_QtQuick_Controls --> node_venv_lib_python3_12_site-packages_PyQt6_Qt6_qml_QtQuick_Controls_FluentWinUI3["FluentWinUI3"]\n    node_venv_lib_python3_12_site-packages_PyQt6_Qt6_qml_QtQuick_Controls_FluentWinUI3 --> node_venv_lib_python3_12_site-packages_PyQt6_Qt6_qml_QtQuick_Controls_FluentWinUI3_ItemDelegate_qml["ItemDelegate.qml"]\n    Root --> node_venv["venv"]\n    node_venv --> node_venv_lib["lib"]\n    node_venv_lib --> node_venv_lib_python3_12["python3.12"]\n    node_venv_lib_python3_12 --> node_venv_lib_python3_12_site-packages["site-packages"]\n    node_venv_lib_python3_12_site-packages --> node_venv_lib_python3_12_site-packages_PyQt6["PyQt6"]\n    node_venv_lib_python3_12_site-packages_PyQt6 --> node_venv_lib_python3_12_site-packages_PyQt6_Qt6["Qt6"]\n    node_venv_lib_python3_12_site-packages_PyQt6_Qt6 --> node_venv_lib_python3_12_site-packages_PyQt6_Qt6_qml["qml"]\n    node_venv_lib_python3_12_site-packages_PyQt6_Qt6_qml --> node_venv_lib_python3_12_site-packages_PyQt6_Qt6_qml_QtQuick["QtQuick"]\n    node_venv_lib_python3_12_site-packages_PyQt6_Qt6_qml_QtQuick --> node_venv_lib_python3_12_site-packages_PyQt6_Qt6_qml_QtQuick_Controls["Controls"]\n    node_venv_lib_python3_12_site-packages_PyQt6_Qt6_qml_QtQuick_Controls --> node_venv_lib_python3_12_site-packages_PyQt6_Qt6_qml_QtQuick_Controls_FluentWinUI3["FluentWinUI3"]\n    node_venv_lib_python3_12_site-packages_PyQt6_Qt6_qml_QtQuick_Controls_FluentWinUI3 --> node_venv_lib_python3_12_site-packages_PyQt6_Qt6_qml_QtQuick_Controls_FluentWinUI3_Menu_qml["Menu.qml"]\n    Root --> node_venv["venv"]\n    node_venv --> node_venv_lib["lib"]\n    node_venv_lib --> node_venv_lib_python3_12["python3.12"]\n    node_venv_lib_python3_12 --> node_venv_lib_python3_12_site-packages["site-packages"]\n    node_venv_lib_python3_12_site-packages --> node_venv_lib_python3_12_site-packages_PyQt6["PyQt6"]\n    node_venv_lib_python3_12_site-packages_PyQt6 --> node_venv_lib_python3_12_site-packages_PyQt6_Qt6["Qt6"]\n    node_venv_lib_python3_12_site-packages_PyQt6_Qt6 --> node_venv_lib_python3_12_site-packages_PyQt6_Qt6_qml["qml"]\n    node_venv_lib_python3_12_site-packages_PyQt6_Qt6_qml --> node_venv_lib_python3_12_site-packages_PyQt6_Qt6_qml_QtQuick["QtQuick"]\n    node_venv_lib_python3_12_site-packages_PyQt6_Qt6_qml_QtQuick --> node_venv_lib_python3_12_site-packages_PyQt6_Qt6_qml_QtQuick_Controls["Controls"]\n    node_venv_lib_python3_12_site-packages_PyQt6_Qt6_qml_QtQuick_Controls --> node_venv_lib_python3_12_site-packages_PyQt6_Qt6_qml_QtQuick_Controls_FluentWinUI3["FluentWinUI3"]\n    node_venv_lib_python3_12_site-packages_PyQt6_Qt6_qml_QtQuick_Controls_FluentWinUI3 --> node_venv_lib_python3_12_site-packages_PyQt6_Qt6_qml_QtQuick_Controls_FluentWinUI3_MenuBar_qml["MenuBar.qml"]\n    Root --> node_venv["venv"]\n    node_venv --> node_venv_lib["lib"]\n    node_venv_lib --> node_venv_lib_python3_12["python3.12"]\n    node_venv_lib_python3_12 --> node_venv_lib_python3_12_site-packages["site-packages"]\n    node_venv_lib_python3_12_site-packages --> node_venv_lib_python3_12_site-packages_PyQt6["PyQt6"]\n    node_venv_lib_python3_12_site-packages_PyQt6 --> node_venv_lib_python3_12_site-packages_PyQt6_Qt6["Qt6"]\n    node_venv_lib_python3_12_site-packages_PyQt6_Qt6 --> node_venv_lib_python3_12_site-packages_PyQt6_Qt6_qml["qml"]\n    node_venv_lib_python3_12_site-packages_PyQt6_Qt6_qml --> node_venv_lib_python3_12_site-packages_PyQt6_Qt6_qml_QtQuick["QtQuick"]\n    node_venv_lib_python3_12_site-packages_PyQt6_Qt6_qml_QtQuick --> node_venv_lib_python3_12_site-packages_PyQt6_Qt6_qml_QtQuick_Controls["Controls"]\n    node_venv_lib_python3_12_site-packages_PyQt6_Qt6_qml_QtQuick_Controls --> node_venv_lib_python3_12_site-packages_PyQt6_Qt6_qml_QtQuick_Controls_FluentWinUI3["FluentWinUI3"]\n    node_venv_lib_python3_12_site-packages_PyQt6_Qt6_qml_QtQuick_Controls_FluentWinUI3 --> node_venv_lib_python3_12_site-packages_PyQt6_Qt6_qml_QtQuick_Controls_FluentWinUI3_MenuBarItem_qml["MenuBarItem.qml"]\n    Root --> node_venv["venv"]\n    node_venv --> node_venv_lib["lib"]\n    node_venv_lib --> node_venv_lib_python3_12["python3.12"]\n    node_venv_lib_python3_12 --> node_venv_lib_python3_12_site-packages["site-packages"]\n    node_venv_lib_python3_12_site-packages --> node_venv_lib_python3_12_site-packages_PyQt6["PyQt6"]\n    node_venv_lib_python3_12_site-packages_PyQt6 --> node_venv_lib_python3_12_site-packages_PyQt6_Qt6["Qt6"]\n    node_venv_lib_python3_12_site-packages_PyQt6_Qt6 --> node_venv_lib_python3_12_site-packages_PyQt6_Qt6_qml["qml"]\n    node_venv_lib_python3_12_site-packages_PyQt6_Qt6_qml --> node_venv_lib_python3_12_site-packages_PyQt6_Qt6_qml_QtQuick["QtQuick"]\n    node_venv_lib_python3_12_site-packages_PyQt6_Qt6_qml_QtQuick --> node_venv_lib_python3_12_site-packages_PyQt6_Qt6_qml_QtQuick_Controls["Controls"]\n    node_venv_lib_python3_12_site-packages_PyQt6_Qt6_qml_QtQuick_Controls --> node_venv_lib_python3_12_site-packages_PyQt6_Qt6_qml_QtQuick_Controls_FluentWinUI3["FluentWinUI3"]\n    node_venv_lib_python3_12_site-packages_PyQt6_Qt6_qml_QtQuick_Controls_FluentWinUI3 --> node_venv_lib_python3_12_site-packages_PyQt6_Qt6_qml_QtQuick_Controls_FluentWinUI3_MenuItem_qml["MenuItem.qml"]\n    Root --> node_venv["venv"]\n    node_venv --> node_venv_lib["lib"]\n    node_venv_lib --> node_venv_lib_python3_12["python3.12"]\n    node_venv_lib_python3_12 --> node_venv_lib_python3_12_site-packages["site-packages"]\n    node_venv_lib_python3_12_site-packages --> node_venv_lib_python3_12_site-packages_PyQt6["PyQt6"]\n    node_venv_lib_python3_12_site-packages_PyQt6 --> node_venv_lib_python3_12_site-packages_PyQt6_Qt6["Qt6"]\n    node_venv_lib_python3_12_site-packages_PyQt6_Qt6 --> node_venv_lib_python3_12_site-packages_PyQt6_Qt6_qml["qml"]\n    node_venv_lib_python3_12_site-packages_PyQt6_Qt6_qml --> node_venv_lib_python3_12_site-packages_PyQt6_Qt6_qml_QtQuick["QtQuick"]\n    node_venv_lib_python3_12_site-packages_PyQt6_Qt6_qml_QtQuick --> node_venv_lib_python3_12_site-packages_PyQt6_Qt6_qml_QtQuick_Controls["Controls"]\n    node_venv_lib_python3_12_site-packages_PyQt6_Qt6_qml_QtQuick_Controls --> node_venv_lib_python3_12_site-packages_PyQt6_Qt6_qml_QtQuick_Controls_FluentWinUI3["FluentWinUI3"]\n    node_venv_lib_python3_12_site-packages_PyQt6_Qt6_qml_QtQuick_Controls_FluentWinUI3 --> node_venv_lib_python3_12_site-packages_PyQt6_Qt6_qml_QtQuick_Controls_FluentWinUI3_MenuSeparator_qml["MenuSeparator.qml"]\n    Root --> node_venv["venv"]\n    node_venv --> node_venv_lib["lib"]\n    node_venv_lib --> node_venv_lib_python3_12["python3.12"]\n    node_venv_lib_python3_12 --> node_venv_lib_python3_12_site-packages["site-packages"]\n    node_venv_lib_python3_12_site-packages --> node_venv_lib_python3_12_site-packages_PyQt6["PyQt6"]\n    node_venv_lib_python3_12_site-packages_PyQt6 --> node_venv_lib_python3_12_site-packages_PyQt6_Qt6["Qt6"]\n    node_venv_lib_python3_12_site-packages_PyQt6_Qt6 --> node_venv_lib_python3_12_site-packages_PyQt6_Qt6_qml["qml"]\n    node_venv_lib_python3_12_site-packages_PyQt6_Qt6_qml --> node_venv_lib_python3_12_site-packages_PyQt6_Qt6_qml_QtQuick["QtQuick"]\n    node_venv_lib_python3_12_site-packages_PyQt6_Qt6_qml_QtQuick --> node_venv_lib_python3_12_site-packages_PyQt6_Qt6_qml_QtQuick_Controls["Controls"]\n    node_venv_lib_python3_12_site-packages_PyQt6_Qt6_qml_QtQuick_Controls --> node_venv_lib_python3_12_site-packages_PyQt6_Qt6_qml_QtQuick_Controls_FluentWinUI3["FluentWinUI3"]\n    node_venv_lib_python3_12_site-packages_PyQt6_Qt6_qml_QtQuick_Controls_FluentWinUI3 --> node_venv_lib_python3_12_site-packages_PyQt6_Qt6_qml_QtQuick_Controls_FluentWinUI3_PageIndicator_qml["PageIndicator.qml"]\n    Root --> node_venv["venv"]\n    node_venv --> node_venv_lib["lib"]\n    node_venv_lib --> node_venv_lib_python3_12["python3.12"]\n    node_venv_lib_python3_12 --> node_venv_lib_python3_12_site-packages["site-packages"]\n    node_venv_lib_python3_12_site-packages --> node_venv_lib_python3_12_site-packages_PyQt6["PyQt6"]\n    node_venv_lib_python3_12_site-packages_PyQt6 --> node_venv_lib_python3_12_site-packages_PyQt6_Qt6["Qt6"]\n    node_venv_lib_python3_12_site-packages_PyQt6_Qt6 --> node_venv_lib_python3_12_site-packages_PyQt6_Qt6_qml["qml"]\n    node_venv_lib_python3_12_site-packages_PyQt6_Qt6_qml --> node_venv_lib_python3_12_site-packages_PyQt6_Qt6_qml_QtQuick["QtQuick"]\n    node_venv_lib_python3_12_site-packages_PyQt6_Qt6_qml_QtQuick --> node_venv_lib_python3_12_site-packages_PyQt6_Qt6_qml_QtQuick_Controls["Controls"]\n    node_venv_lib_python3_12_site-packages_PyQt6_Qt6_qml_QtQuick_Controls --> node_venv_lib_python3_12_site-packages_PyQt6_Qt6_qml_QtQuick_Controls_FluentWinUI3["FluentWinUI3"]\n    node_venv_lib_python3_12_site-packages_PyQt6_Qt6_qml_QtQuick_Controls_FluentWinUI3 --> node_venv_lib_python3_12_site-packages_PyQt6_Qt6_qml_QtQuick_Controls_FluentWinUI3_Popup_qml["Popup.qml"]\n    Root --> node_venv["venv"]\n    node_venv --> node_venv_lib["lib"]\n    node_venv_lib --> node_venv_lib_python3_12["python3.12"]\n    node_venv_lib_python3_12 --> node_venv_lib_python3_12_site-packages["site-packages"]\n    node_venv_lib_python3_12_site-packages --> node_venv_lib_python3_12_site-packages_PyQt6["PyQt6"]\n    node_venv_lib_python3_12_site-packages_PyQt6 --> node_venv_lib_python3_12_site-packages_PyQt6_Qt6["Qt6"]\n    node_venv_lib_python3_12_site-packages_PyQt6_Qt6 --> node_venv_lib_python3_12_site-packages_PyQt6_Qt6_qml["qml"]\n    node_venv_lib_python3_12_site-packages_PyQt6_Qt6_qml --> node_venv_lib_python3_12_site-packages_PyQt6_Qt6_qml_QtQuick["QtQuick"]\n    node_venv_lib_python3_12_site-packages_PyQt6_Qt6_qml_QtQuick --> node_venv_lib_python3_12_site-packages_PyQt6_Qt6_qml_QtQuick_Controls["Controls"]\n    node_venv_lib_python3_12_site-packages_PyQt6_Qt6_qml_QtQuick_Controls --> node_venv_lib_python3_12_site-packages_PyQt6_Qt6_qml_QtQuick_Controls_FluentWinUI3["FluentWinUI3"]\n    node_venv_lib_python3_12_site-packages_PyQt6_Qt6_qml_QtQuick_Controls_FluentWinUI3 --> node_venv_lib_python3_12_site-packages_PyQt6_Qt6_qml_QtQuick_Controls_FluentWinUI3_ProgressBar_qml["ProgressBar.qml"]\n    Root --> node_venv["venv"]\n    node_venv --> node_venv_lib["lib"]\n    node_venv_lib --> node_venv_lib_python3_12["python3.12"]\n    node_venv_lib_python3_12 --> node_venv_lib_python3_12_site-packages["site-packages"]\n    node_venv_lib_python3_12_site-packages --> node_venv_lib_python3_12_site-packages_PyQt6["PyQt6"]\n    node_venv_lib_python3_12_site-packages_PyQt6 --> node_venv_lib_python3_12_site-packages_PyQt6_Qt6["Qt6"]\n    node_venv_lib_python3_12_site-packages_PyQt6_Qt6 --> node_venv_lib_python3_12_site-packages_PyQt6_Qt6_qml["qml"]\n    node_venv_lib_python3_12_site-packages_PyQt6_Qt6_qml --> node_venv_lib_python3_12_site-packages_PyQt6_Qt6_qml_QtQuick["QtQuick"]\n    node_venv_lib_python3_12_site-packages_PyQt6_Qt6_qml_QtQuick --> node_venv_lib_python3_12_site-packages_PyQt6_Qt6_qml_QtQuick_Controls["Controls"]\n    node_venv_lib_python3_12_site-packages_PyQt6_Qt6_qml_QtQuick_Controls --> node_venv_lib_python3_12_site-packages_PyQt6_Qt6_qml_QtQuick_Controls_FluentWinUI3["FluentWinUI3"]\n    node_venv_lib_python3_12_site-packages_PyQt6_Qt6_qml_QtQuick_Controls_FluentWinUI3 --> node_venv_lib_python3_12_site-packages_PyQt6_Qt6_qml_QtQuick_Controls_FluentWinUI3_RadioButton_qml["RadioButton.qml"]\n    Root --> node_venv["venv"]\n    node_venv --> node_venv_lib["lib"]\n    node_venv_lib --> node_venv_lib_python3_12["python3.12"]\n    node_venv_lib_python3_12 --> node_venv_lib_python3_12_site-packages["site-packages"]\n    node_venv_lib_python3_12_site-packages --> node_venv_lib_python3_12_site-packages_PyQt6["PyQt6"]\n    node_venv_lib_python3_12_site-packages_PyQt6 --> node_venv_lib_python3_12_site-packages_PyQt6_Qt6["Qt6"]\n    node_venv_lib_python3_12_site-packages_PyQt6_Qt6 --> node_venv_lib_python3_12_site-packages_PyQt6_Qt6_qml["qml"]\n    node_venv_lib_python3_12_site-packages_PyQt6_Qt6_qml --> node_venv_lib_python3_12_site-packages_PyQt6_Qt6_qml_QtQuick["QtQuick"]\n    node_venv_lib_python3_12_site-packages_PyQt6_Qt6_qml_QtQuick --> node_venv_lib_python3_12_site-packages_PyQt6_Qt6_qml_QtQuick_Controls["Controls"]\n    node_venv_lib_python3_12_site-packages_PyQt6_Qt6_qml_QtQuick_Controls --> node_venv_lib_python3_12_site-packages_PyQt6_Qt6_qml_QtQuick_Controls_FluentWinUI3["FluentWinUI3"]\n    node_venv_lib_python3_12_site-packages_PyQt6_Qt6_qml_QtQuick_Controls_FluentWinUI3 --> node_venv_lib_python3_12_site-packages_PyQt6_Qt6_qml_QtQuick_Controls_FluentWinUI3_RadioDelegate_qml["RadioDelegate.qml"]\n    Root --> node_venv["venv"]\n    node_venv --> node_venv_lib["lib"]\n    node_venv_lib --> node_venv_lib_python3_12["python3.12"]\n    node_venv_lib_python3_12 --> node_venv_lib_python3_12_site-packages["site-packages"]\n    node_venv_lib_python3_12_site-packages --> node_venv_lib_python3_12_site-packages_PyQt6["PyQt6"]\n    node_venv_lib_python3_12_site-packages_PyQt6 --> node_venv_lib_python3_12_site-packages_PyQt6_Qt6["Qt6"]\n    node_venv_lib_python3_12_site-packages_PyQt6_Qt6 --> node_venv_lib_python3_12_site-packages_PyQt6_Qt6_qml["qml"]\n    node_venv_lib_python3_12_site-packages_PyQt6_Qt6_qml --> node_venv_lib_python3_12_site-packages_PyQt6_Qt6_qml_QtQuick["QtQuick"]\n    node_venv_lib_python3_12_site-packages_PyQt6_Qt6_qml_QtQuick --> node_venv_lib_python3_12_site-packages_PyQt6_Qt6_qml_QtQuick_Controls["Controls"]\n    node_venv_lib_python3_12_site-packages_PyQt6_Qt6_qml_QtQuick_Controls --> node_venv_lib_python3_12_site-packages_PyQt6_Qt6_qml_QtQuick_Controls_FluentWinUI3["FluentWinUI3"]\n    node_venv_lib_python3_12_site-packages_PyQt6_Qt6_qml_QtQuick_Controls_FluentWinUI3 --> node_venv_lib_python3_12_site-packages_PyQt6_Qt6_qml_QtQuick_Controls_FluentWinUI3_RangeSlider_qml["RangeSlider.qml"]\n    Root --> node_venv["venv"]\n    node_venv --> node_venv_lib["lib"]\n    node_venv_lib --> node_venv_lib_python3_12["python3.12"]\n    node_venv_lib_python3_12 --> node_venv_lib_python3_12_site-packages["site-packages"]\n    node_venv_lib_python3_12_site-packages --> node_venv_lib_python3_12_site-packages_PyQt6["PyQt6"]\n    node_venv_lib_python3_12_site-packages_PyQt6 --> node_venv_lib_python3_12_site-packages_PyQt6_Qt6["Qt6"]\n    node_venv_lib_python3_12_site-packages_PyQt6_Qt6 --> node_venv_lib_python3_12_site-packages_PyQt6_Qt6_qml["qml"]\n    node_venv_lib_python3_12_site-packages_PyQt6_Qt6_qml --> node_venv_lib_python3_12_site-packages_PyQt6_Qt6_qml_QtQuick["QtQuick"]\n    node_venv_lib_python3_12_site-packages_PyQt6_Qt6_qml_QtQuick --> node_venv_lib_python3_12_site-packages_PyQt6_Qt6_qml_QtQuick_Controls["Controls"]\n    node_venv_lib_python3_12_site-packages_PyQt6_Qt6_qml_QtQuick_Controls --> node_venv_lib_python3_12_site-packages_PyQt6_Qt6_qml_QtQuick_Controls_FluentWinUI3["FluentWinUI3"]\n    node_venv_lib_python3_12_site-packages_PyQt6_Qt6_qml_QtQuick_Controls_FluentWinUI3 --> node_venv_lib_python3_12_site-packages_PyQt6_Qt6_qml_QtQuick_Controls_FluentWinUI3_RoundButton_qml["RoundButton.qml"]\n    Root --> node_venv["venv"]\n    node_venv --> node_venv_lib["lib"]\n    node_venv_lib --> node_venv_lib_python3_12["python3.12"]\n    node_venv_lib_python3_12 --> node_venv_lib_python3_12_site-packages["site-packages"]\n    node_venv_lib_python3_12_site-packages --> node_venv_lib_python3_12_site-packages_PyQt6["PyQt6"]\n    node_venv_lib_python3_12_site-packages_PyQt6 --> node_venv_lib_python3_12_site-packages_PyQt6_Qt6["Qt6"]\n    node_venv_lib_python3_12_site-packages_PyQt6_Qt6 --> node_venv_lib_python3_12_site-packages_PyQt6_Qt6_qml["qml"]\n    node_venv_lib_python3_12_site-packages_PyQt6_Qt6_qml --> node_venv_lib_python3_12_site-packages_PyQt6_Qt6_qml_QtQuick["QtQuick"]\n    node_venv_lib_python3_12_site-packages_PyQt6_Qt6_qml_QtQuick --> node_venv_lib_python3_12_site-packages_PyQt6_Qt6_qml_QtQuick_Controls["Controls"]\n    node_venv_lib_python3_12_site-packages_PyQt6_Qt6_qml_QtQuick_Controls --> node_venv_lib_python3_12_site-packages_PyQt6_Qt6_qml_QtQuick_Controls_FluentWinUI3["FluentWinUI3"]\n    node_venv_lib_python3_12_site-packages_PyQt6_Qt6_qml_QtQuick_Controls_FluentWinUI3 --> node_venv_lib_python3_12_site-packages_PyQt6_Qt6_qml_QtQuick_Controls_FluentWinUI3_SearchField_qml["SearchField.qml"]\n    Root --> node_venv["venv"]\n    node_venv --> node_venv_lib["lib"]\n    node_venv_lib --> node_venv_lib_python3_12["python3.12"]\n    node_venv_lib_python3_12 --> node_venv_lib_python3_12_site-packages["site-packages"]\n    node_venv_lib_python3_12_site-packages --> node_venv_lib_python3_12_site-packages_PyQt6["PyQt6"]\n    node_venv_lib_python3_12_site-packages_PyQt6 --> node_venv_lib_python3_12_site-packages_PyQt6_Qt6["Qt6"]\n    node_venv_lib_python3_12_site-packages_PyQt6_Qt6 --> node_venv_lib_python3_12_site-packages_PyQt6_Qt6_qml["qml"]\n    node_venv_lib_python3_12_site-packages_PyQt6_Qt6_qml --> node_venv_lib_python3_12_site-packages_PyQt6_Qt6_qml_QtQuick["QtQuick"]\n    node_venv_lib_python3_12_site-packages_PyQt6_Qt6_qml_QtQuick --> node_venv_lib_python3_12_site-packages_PyQt6_Qt6_qml_QtQuick_Controls["Controls"]\n    node_venv_lib_python3_12_site-packages_PyQt6_Qt6_qml_QtQuick_Controls --> node_venv_lib_python3_12_site-packages_PyQt6_Qt6_qml_QtQuick_Controls_FluentWinUI3["FluentWinUI3"]\n    node_venv_lib_python3_12_site-packages_PyQt6_Qt6_qml_QtQuick_Controls_FluentWinUI3 --> node_venv_lib_python3_12_site-packages_PyQt6_Qt6_qml_QtQuick_Controls_FluentWinUI3_Slider_qml["Slider.qml"]\n    Root --> node_venv["venv"]\n    node_venv --> node_venv_lib["lib"]\n    node_venv_lib --> node_venv_lib_python3_12["python3.12"]\n    node_venv_lib_python3_12 --> node_venv_lib_python3_12_site-packages["site-packages"]\n    node_venv_lib_python3_12_site-packages --> node_venv_lib_python3_12_site-packages_PyQt6["PyQt6"]\n    node_venv_lib_python3_12_site-packages_PyQt6 --> node_venv_lib_python3_12_site-packages_PyQt6_Qt6["Qt6"]\n    node_venv_lib_python3_12_site-packages_PyQt6_Qt6 --> node_venv_lib_python3_12_site-packages_PyQt6_Qt6_qml["qml"]\n    node_venv_lib_python3_12_site-packages_PyQt6_Qt6_qml --> node_venv_lib_python3_12_site-packages_PyQt6_Qt6_qml_QtQuick["QtQuick"]\n    node_venv_lib_python3_12_site-packages_PyQt6_Qt6_qml_QtQuick --> node_venv_lib_python3_12_site-packages_PyQt6_Qt6_qml_QtQuick_Controls["Controls"]\n    node_venv_lib_python3_12_site-packages_PyQt6_Qt6_qml_QtQuick_Controls --> node_venv_lib_python3_12_site-packages_PyQt6_Qt6_qml_QtQuick_Controls_FluentWinUI3["FluentWinUI3"]\n    node_venv_lib_python3_12_site-packages_PyQt6_Qt6_qml_QtQuick_Controls_FluentWinUI3 --> node_venv_lib_python3_12_site-packages_PyQt6_Qt6_qml_QtQuick_Controls_FluentWinUI3_SpinBox_qml["SpinBox.qml"]\n    Root --> node_venv["venv"]\n    node_venv --> node_venv_lib["lib"]\n    node_venv_lib --> node_venv_lib_python3_12["python3.12"]\n    node_venv_lib_python3_12 --> node_venv_lib_python3_12_site-packages["site-packages"]\n    node_venv_lib_python3_12_site-packages --> node_venv_lib_python3_12_site-packages_PyQt6["PyQt6"]\n    node_venv_lib_python3_12_site-packages_PyQt6 --> node_venv_lib_python3_12_site-packages_PyQt6_Qt6["Qt6"]\n    node_venv_lib_python3_12_site-packages_PyQt6_Qt6 --> node_venv_lib_python3_12_site-packages_PyQt6_Qt6_qml["qml"]\n    node_venv_lib_python3_12_site-packages_PyQt6_Qt6_qml --> node_venv_lib_python3_12_site-packages_PyQt6_Qt6_qml_QtQuick["QtQuick"]\n    node_venv_lib_python3_12_site-packages_PyQt6_Qt6_qml_QtQuick --> node_venv_lib_python3_12_site-packages_PyQt6_Qt6_qml_QtQuick_Controls["Controls"]\n    node_venv_lib_python3_12_site-packages_PyQt6_Qt6_qml_QtQuick_Controls --> node_venv_lib_python3_12_site-packages_PyQt6_Qt6_qml_QtQuick_Controls_FluentWinUI3["FluentWinUI3"]\n    node_venv_lib_python3_12_site-packages_PyQt6_Qt6_qml_QtQuick_Controls_FluentWinUI3 --> node_venv_lib_python3_12_site-packages_PyQt6_Qt6_qml_QtQuick_Controls_FluentWinUI3_StyleImage_qml["StyleImage.qml"]\n    Root --> node_venv["venv"]\n    node_venv --> node_venv_lib["lib"]\n    node_venv_lib --> node_venv_lib_python3_12["python3.12"]\n    node_venv_lib_python3_12 --> node_venv_lib_python3_12_site-packages["site-packages"]\n    node_venv_lib_python3_12_site-packages --> node_venv_lib_python3_12_site-packages_PyQt6["PyQt6"]\n    node_venv_lib_python3_12_site-packages_PyQt6 --> node_venv_lib_python3_12_site-packages_PyQt6_Qt6["Qt6"]\n    node_venv_lib_python3_12_site-packages_PyQt6_Qt6 --> node_venv_lib_python3_12_site-packages_PyQt6_Qt6_qml["qml"]\n    node_venv_lib_python3_12_site-packages_PyQt6_Qt6_qml --> node_venv_lib_python3_12_site-packages_PyQt6_Qt6_qml_QtQuick["QtQuick"]\n    node_venv_lib_python3_12_site-packages_PyQt6_Qt6_qml_QtQuick --> node_venv_lib_python3_12_site-packages_PyQt6_Qt6_qml_QtQuick_Controls["Controls"]\n    node_venv_lib_python3_12_site-packages_PyQt6_Qt6_qml_QtQuick_Controls --> node_venv_lib_python3_12_site-packages_PyQt6_Qt6_qml_QtQuick_Controls_FluentWinUI3["FluentWinUI3"]\n    node_venv_lib_python3_12_site-packages_PyQt6_Qt6_qml_QtQuick_Controls_FluentWinUI3 --> node_venv_lib_python3_12_site-packages_PyQt6_Qt6_qml_QtQuick_Controls_FluentWinUI3_SwipeDelegate_qml["SwipeDelegate.qml"]\n    Root --> node_venv["venv"]\n    node_venv --> node_venv_lib["lib"]\n    node_venv_lib --> node_venv_lib_python3_12["python3.12"]\n    node_venv_lib_python3_12 --> node_venv_lib_python3_12_site-packages["site-packages"]\n    node_venv_lib_python3_12_site-packages --> node_venv_lib_python3_12_site-packages_PyQt6["PyQt6"]\n    node_venv_lib_python3_12_site-packages_PyQt6 --> node_venv_lib_python3_12_site-packages_PyQt6_Qt6["Qt6"]\n    node_venv_lib_python3_12_site-packages_PyQt6_Qt6 --> node_venv_lib_python3_12_site-packages_PyQt6_Qt6_qml["qml"]\n    node_venv_lib_python3_12_site-packages_PyQt6_Qt6_qml --> node_venv_lib_python3_12_site-packages_PyQt6_Qt6_qml_QtQuick["QtQuick"]\n    node_venv_lib_python3_12_site-packages_PyQt6_Qt6_qml_QtQuick --> node_venv_lib_python3_12_site-packages_PyQt6_Qt6_qml_QtQuick_Controls["Controls"]\n    node_venv_lib_python3_12_site-packages_PyQt6_Qt6_qml_QtQuick_Controls --> node_venv_lib_python3_12_site-packages_PyQt6_Qt6_qml_QtQuick_Controls_FluentWinUI3["FluentWinUI3"]\n    node_venv_lib_python3_12_site-packages_PyQt6_Qt6_qml_QtQuick_Controls_FluentWinUI3 --> node_venv_lib_python3_12_site-packages_PyQt6_Qt6_qml_QtQuick_Controls_FluentWinUI3_Switch_qml["Switch.qml"]\n    Root --> node_venv["venv"]\n    node_venv --> node_venv_lib["lib"]\n    node_venv_lib --> node_venv_lib_python3_12["python3.12"]\n    node_venv_lib_python3_12 --> node_venv_lib_python3_12_site-packages["site-packages"]\n    node_venv_lib_python3_12_site-packages --> node_venv_lib_python3_12_site-packages_PyQt6["PyQt6"]\n    node_venv_lib_python3_12_site-packages_PyQt6 --> node_venv_lib_python3_12_site-packages_PyQt6_Qt6["Qt6"]\n    node_venv_lib_python3_12_site-packages_PyQt6_Qt6 --> node_venv_lib_python3_12_site-packages_PyQt6_Qt6_qml["qml"]\n    node_venv_lib_python3_12_site-packages_PyQt6_Qt6_qml --> node_venv_lib_python3_12_site-packages_PyQt6_Qt6_qml_QtQuick["QtQuick"]\n    node_venv_lib_python3_12_site-packages_PyQt6_Qt6_qml_QtQuick --> node_venv_lib_python3_12_site-packages_PyQt6_Qt6_qml_QtQuick_Controls["Controls"]\n    node_venv_lib_python3_12_site-packages_PyQt6_Qt6_qml_QtQuick_Controls --> node_venv_lib_python3_12_site-packages_PyQt6_Qt6_qml_QtQuick_Controls_FluentWinUI3["FluentWinUI3"]\n    node_venv_lib_python3_12_site-packages_PyQt6_Qt6_qml_QtQuick_Controls_FluentWinUI3 --> node_venv_lib_python3_12_site-packages_PyQt6_Qt6_qml_QtQuick_Controls_FluentWinUI3_SwitchDelegate_qml["SwitchDelegate.qml"]\n    Root --> node_venv["venv"]\n    node_venv --> node_venv_lib["lib"]\n    node_venv_lib --> node_venv_lib_python3_12["python3.12"]\n    node_venv_lib_python3_12 --> node_venv_lib_python3_12_site-packages["site-packages"]\n    node_venv_lib_python3_12_site-packages --> node_venv_lib_python3_12_site-packages_PyQt6["PyQt6"]\n    node_venv_lib_python3_12_site-packages_PyQt6 --> node_venv_lib_python3_12_site-packages_PyQt6_Qt6["Qt6"]\n    node_venv_lib_python3_12_site-packages_PyQt6_Qt6 --> node_venv_lib_python3_12_site-packages_PyQt6_Qt6_qml["qml"]\n    node_venv_lib_python3_12_site-packages_PyQt6_Qt6_qml --> node_venv_lib_python3_12_site-packages_PyQt6_Qt6_qml_QtQuick["QtQuick"]\n    node_venv_lib_python3_12_site-packages_PyQt6_Qt6_qml_QtQuick --> node_venv_lib_python3_12_site-packages_PyQt6_Qt6_qml_QtQuick_Controls["Controls"]\n    node_venv_lib_python3_12_site-packages_PyQt6_Qt6_qml_QtQuick_Controls --> node_venv_lib_python3_12_site-packages_PyQt6_Qt6_qml_QtQuick_Controls_FluentWinUI3["FluentWinUI3"]\n    node_venv_lib_python3_12_site-packages_PyQt6_Qt6_qml_QtQuick_Controls_FluentWinUI3 --> node_venv_lib_python3_12_site-packages_PyQt6_Qt6_qml_QtQuick_Controls_FluentWinUI3_TabBar_qml["TabBar.qml"]\n    Root --> node_venv["venv"]\n    node_venv --> node_venv_lib["lib"]\n    node_venv_lib --> node_venv_lib_python3_12["python3.12"]\n    node_venv_lib_python3_12 --> node_venv_lib_python3_12_site-packages["site-packages"]\n    node_venv_lib_python3_12_site-packages --> node_venv_lib_python3_12_site-packages_PyQt6["PyQt6"]\n    node_venv_lib_python3_12_site-packages_PyQt6 --> node_venv_lib_python3_12_site-packages_PyQt6_Qt6["Qt6"]\n    node_venv_lib_python3_12_site-packages_PyQt6_Qt6 --> node_venv_lib_python3_12_site-packages_PyQt6_Qt6_qml["qml"]\n    node_venv_lib_python3_12_site-packages_PyQt6_Qt6_qml --> node_venv_lib_python3_12_site-packages_PyQt6_Qt6_qml_QtQuick["QtQuick"]\n    node_venv_lib_python3_12_site-packages_PyQt6_Qt6_qml_QtQuick --> node_venv_lib_python3_12_site-packages_PyQt6_Qt6_qml_QtQuick_Controls["Controls"]\n    node_venv_lib_python3_12_site-packages_PyQt6_Qt6_qml_QtQuick_Controls --> node_venv_lib_python3_12_site-packages_PyQt6_Qt6_qml_QtQuick_Controls_FluentWinUI3["FluentWinUI3"]\n    node_venv_lib_python3_12_site-packages_PyQt6_Qt6_qml_QtQuick_Controls_FluentWinUI3 --> node_venv_lib_python3_12_site-packages_PyQt6_Qt6_qml_QtQuick_Controls_FluentWinUI3_TabButton_qml["TabButton.qml"]\n    Root --> node_venv["venv"]\n    node_venv --> node_venv_lib["lib"]\n    node_venv_lib --> node_venv_lib_python3_12["python3.12"]\n    node_venv_lib_python3_12 --> node_venv_lib_python3_12_site-packages["site-packages"]\n    node_venv_lib_python3_12_site-packages --> node_venv_lib_python3_12_site-packages_PyQt6["PyQt6"]\n    node_venv_lib_python3_12_site-packages_PyQt6 --> node_venv_lib_python3_12_site-packages_PyQt6_Qt6["Qt6"]\n    node_venv_lib_python3_12_site-packages_PyQt6_Qt6 --> node_venv_lib_python3_12_site-packages_PyQt6_Qt6_qml["qml"]\n    node_venv_lib_python3_12_site-packages_PyQt6_Qt6_qml --> node_venv_lib_python3_12_site-packages_PyQt6_Qt6_qml_QtQuick["QtQuick"]\n    node_venv_lib_python3_12_site-packages_PyQt6_Qt6_qml_QtQuick --> node_venv_lib_python3_12_site-packages_PyQt6_Qt6_qml_QtQuick_Controls["Controls"]\n    node_venv_lib_python3_12_site-packages_PyQt6_Qt6_qml_QtQuick_Controls --> node_venv_lib_python3_12_site-packages_PyQt6_Qt6_qml_QtQuick_Controls_FluentWinUI3["FluentWinUI3"]\n    node_venv_lib_python3_12_site-packages_PyQt6_Qt6_qml_QtQuick_Controls_FluentWinUI3 --> node_venv_lib_python3_12_site-packages_PyQt6_Qt6_qml_QtQuick_Controls_FluentWinUI3_TextArea_qml["TextArea.qml"]\n    Root --> node_venv["venv"]\n    node_venv --> node_venv_lib["lib"]\n    node_venv_lib --> node_venv_lib_python3_12["python3.12"]\n    node_venv_lib_python3_12 --> node_venv_lib_python3_12_site-packages["site-packages"]\n    node_venv_lib_python3_12_site-packages --> node_venv_lib_python3_12_site-packages_PyQt6["PyQt6"]\n    node_venv_lib_python3_12_site-packages_PyQt6 --> node_venv_lib_python3_12_site-packages_PyQt6_Qt6["Qt6"]\n    node_venv_lib_python3_12_site-packages_PyQt6_Qt6 --> node_venv_lib_python3_12_site-packages_PyQt6_Qt6_qml["qml"]\n    node_venv_lib_python3_12_site-packages_PyQt6_Qt6_qml --> node_venv_lib_python3_12_site-packages_PyQt6_Qt6_qml_QtQuick["QtQuick"]\n    node_venv_lib_python3_12_site-packages_PyQt6_Qt6_qml_QtQuick --> node_venv_lib_python3_12_site-packages_PyQt6_Qt6_qml_QtQuick_Controls["Controls"]\n    node_venv_lib_python3_12_site-packages_PyQt6_Qt6_qml_QtQuick_Controls --> node_venv_lib_python3_12_site-packages_PyQt6_Qt6_qml_QtQuick_Controls_FluentWinUI3["FluentWinUI3"]\n    node_venv_lib_python3_12_site-packages_PyQt6_Qt6_qml_QtQuick_Controls_FluentWinUI3 --> node_venv_lib_python3_12_site-packages_PyQt6_Qt6_qml_QtQuick_Controls_FluentWinUI3_TextField_qml["TextField.qml"]\n    Root --> node_venv["venv"]\n    node_venv --> node_venv_lib["lib"]\n    node_venv_lib --> node_venv_lib_python3_12["python3.12"]\n    node_venv_lib_python3_12 --> node_venv_lib_python3_12_site-packages["site-packages"]\n    node_venv_lib_python3_12_site-packages --> node_venv_lib_python3_12_site-packages_PyQt6["PyQt6"]\n    node_venv_lib_python3_12_site-packages_PyQt6 --> node_venv_lib_python3_12_site-packages_PyQt6_Qt6["Qt6"]\n    node_venv_lib_python3_12_site-packages_PyQt6_Qt6 --> node_venv_lib_python3_12_site-packages_PyQt6_Qt6_qml["qml"]\n    node_venv_lib_python3_12_site-packages_PyQt6_Qt6_qml --> node_venv_lib_python3_12_site-packages_PyQt6_Qt6_qml_QtQuick["QtQuick"]\n    node_venv_lib_python3_12_site-packages_PyQt6_Qt6_qml_QtQuick --> node_venv_lib_python3_12_site-packages_PyQt6_Qt6_qml_QtQuick_Controls["Controls"]\n    node_venv_lib_python3_12_site-packages_PyQt6_Qt6_qml_QtQuick_Controls --> node_venv_lib_python3_12_site-packages_PyQt6_Qt6_qml_QtQuick_Controls_FluentWinUI3["FluentWinUI3"]\n    node_venv_lib_python3_12_site-packages_PyQt6_Qt6_qml_QtQuick_Controls_FluentWinUI3 --> node_venv_lib_python3_12_site-packages_PyQt6_Qt6_qml_QtQuick_Controls_FluentWinUI3_ToolBar_qml["ToolBar.qml"]\n    Root --> node_venv["venv"]\n    node_venv --> node_venv_lib["lib"]\n    node_venv_lib --> node_venv_lib_python3_12["python3.12"]\n    node_venv_lib_python3_12 --> node_venv_lib_python3_12_site-packages["site-packages"]\n    node_venv_lib_python3_12_site-packages --> node_venv_lib_python3_12_site-packages_PyQt6["PyQt6"]\n    node_venv_lib_python3_12_site-packages_PyQt6 --> node_venv_lib_python3_12_site-packages_PyQt6_Qt6["Qt6"]\n    node_venv_lib_python3_12_site-packages_PyQt6_Qt6 --> node_venv_lib_python3_12_site-packages_PyQt6_Qt6_qml["qml"]\n    node_venv_lib_python3_12_site-packages_PyQt6_Qt6_qml --> node_venv_lib_python3_12_site-packages_PyQt6_Qt6_qml_QtQuick["QtQuick"]\n    node_venv_lib_python3_12_site-packages_PyQt6_Qt6_qml_QtQuick --> node_venv_lib_python3_12_site-packages_PyQt6_Qt6_qml_QtQuick_Controls["Controls"]\n    node_venv_lib_python3_12_site-packages_PyQt6_Qt6_qml_QtQuick_Controls --> node_venv_lib_python3_12_site-packages_PyQt6_Qt6_qml_QtQuick_Controls_FluentWinUI3["FluentWinUI3"]\n    node_venv_lib_python3_12_site-packages_PyQt6_Qt6_qml_QtQuick_Controls_FluentWinUI3 --> node_venv_lib_python3_12_site-packages_PyQt6_Qt6_qml_QtQuick_Controls_FluentWinUI3_ToolButton_qml["ToolButton.qml"]\n    Root --> node_venv["venv"]\n    node_venv --> node_venv_lib["lib"]\n    node_venv_lib --> node_venv_lib_python3_12["python3.12"]\n    node_venv_lib_python3_12 --> node_venv_lib_python3_12_site-packages["site-packages"]\n    node_venv_lib_python3_12_site-packages --> node_venv_lib_python3_12_site-packages_PyQt6["PyQt6"]\n    node_venv_lib_python3_12_site-packages_PyQt6 --> node_venv_lib_python3_12_site-packages_PyQt6_Qt6["Qt6"]\n    node_venv_lib_python3_12_site-packages_PyQt6_Qt6 --> node_venv_lib_python3_12_site-packages_PyQt6_Qt6_qml["qml"]\n    node_venv_lib_python3_12_site-packages_PyQt6_Qt6_qml --> node_venv_lib_python3_12_site-packages_PyQt6_Qt6_qml_QtQuick["QtQuick"]\n    node_venv_lib_python3_12_site-packages_PyQt6_Qt6_qml_QtQuick --> node_venv_lib_python3_12_site-packages_PyQt6_Qt6_qml_QtQuick_Controls["Controls"]\n    node_venv_lib_python3_12_site-packages_PyQt6_Qt6_qml_QtQuick_Controls --> node_venv_lib_python3_12_site-packages_PyQt6_Qt6_qml_QtQuick_Controls_FluentWinUI3["FluentWinUI3"]\n    node_venv_lib_python3_12_site-packages_PyQt6_Qt6_qml_QtQuick_Controls_FluentWinUI3 --> node_venv_lib_python3_12_site-packages_PyQt6_Qt6_qml_QtQuick_Controls_FluentWinUI3_ToolSeparator_qml["ToolSeparator.qml"]\n    Root --> node_venv["venv"]\n    node_venv --> node_venv_lib["lib"]\n    node_venv_lib --> node_venv_lib_python3_12["python3.12"]\n    node_venv_lib_python3_12 --> node_venv_lib_python3_12_site-packages["site-packages"]\n    node_venv_lib_python3_12_site-packages --> node_venv_lib_python3_12_site-packages_PyQt6["PyQt6"]\n    node_venv_lib_python3_12_site-packages_PyQt6 --> node_venv_lib_python3_12_site-packages_PyQt6_Qt6["Qt6"]\n    node_venv_lib_python3_12_site-packages_PyQt6_Qt6 --> node_venv_lib_python3_12_site-packages_PyQt6_Qt6_qml["qml"]\n    node_venv_lib_python3_12_site-packages_PyQt6_Qt6_qml --> node_venv_lib_python3_12_site-packages_PyQt6_Qt6_qml_QtQuick["QtQuick"]\n    node_venv_lib_python3_12_site-packages_PyQt6_Qt6_qml_QtQuick --> node_venv_lib_python3_12_site-packages_PyQt6_Qt6_qml_QtQuick_Controls["Controls"]\n    node_venv_lib_python3_12_site-packages_PyQt6_Qt6_qml_QtQuick_Controls --> node_venv_lib_python3_12_site-packages_PyQt6_Qt6_qml_QtQuick_Controls_FluentWinUI3["FluentWinUI3"]\n    node_venv_lib_python3_12_site-packages_PyQt6_Qt6_qml_QtQuick_Controls_FluentWinUI3 --> node_venv_lib_python3_12_site-packages_PyQt6_Qt6_qml_QtQuick_Controls_FluentWinUI3_ToolTip_qml["ToolTip.qml"]\n    Root --> node_venv["venv"]\n    node_venv --> node_venv_lib["lib"]\n    node_venv_lib --> node_venv_lib_python3_12["python3.12"]\n    node_venv_lib_python3_12 --> node_venv_lib_python3_12_site-packages["site-packages"]\n    node_venv_lib_python3_12_site-packages --> node_venv_lib_python3_12_site-packages_PyQt6["PyQt6"]\n    node_venv_lib_python3_12_site-packages_PyQt6 --> node_venv_lib_python3_12_site-packages_PyQt6_Qt6["Qt6"]\n    node_venv_lib_python3_12_site-packages_PyQt6_Qt6 --> node_venv_lib_python3_12_site-packages_PyQt6_Qt6_qml["qml"]\n    node_venv_lib_python3_12_site-packages_PyQt6_Qt6_qml --> node_venv_lib_python3_12_site-packages_PyQt6_Qt6_qml_QtQuick["QtQuick"]\n    node_venv_lib_python3_12_site-packages_PyQt6_Qt6_qml_QtQuick --> node_venv_lib_python3_12_site-packages_PyQt6_Qt6_qml_QtQuick_Controls["Controls"]\n    node_venv_lib_python3_12_site-packages_PyQt6_Qt6_qml_QtQuick_Controls --> node_venv_lib_python3_12_site-packages_PyQt6_Qt6_qml_QtQuick_Controls_FluentWinUI3["FluentWinUI3"]\n    node_venv_lib_python3_12_site-packages_PyQt6_Qt6_qml_QtQuick_Controls_FluentWinUI3 --> node_venv_lib_python3_12_site-packages_PyQt6_Qt6_qml_QtQuick_Controls_FluentWinUI3_libqtquickcontrols2fluentwinui3styleplugin_dylib["libqtquickcontrols2fluentwinui3styleplugin.dylib"]\n    Root --> node_venv["venv"]\n    node_venv --> node_venv_lib["lib"]\n    node_venv_lib --> node_venv_lib_python3_12["python3.12"]\n    node_venv_lib_python3_12 --> node_venv_lib_python3_12_site-packages["site-packages"]\n    node_venv_lib_python3_12_site-packages --> node_venv_lib_python3_12_site-packages_PyQt6["PyQt6"]\n    node_venv_lib_python3_12_site-packages_PyQt6 --> node_venv_lib_python3_12_site-packages_PyQt6_Qt6["Qt6"]\n    node_venv_lib_python3_12_site-packages_PyQt6_Qt6 --> node_venv_lib_python3_12_site-packages_PyQt6_Qt6_qml["qml"]\n    node_venv_lib_python3_12_site-packages_PyQt6_Qt6_qml --> node_venv_lib_python3_12_site-packages_PyQt6_Qt6_qml_QtQuick["QtQuick"]\n    node_venv_lib_python3_12_site-packages_PyQt6_Qt6_qml_QtQuick --> node_venv_lib_python3_12_site-packages_PyQt6_Qt6_qml_QtQuick_Controls["Controls"]\n    node_venv_lib_python3_12_site-packages_PyQt6_Qt6_qml_QtQuick_Controls --> node_venv_lib_python3_12_site-packages_PyQt6_Qt6_qml_QtQuick_Controls_FluentWinUI3["FluentWinUI3"]\n    node_venv_lib_python3_12_site-packages_PyQt6_Qt6_qml_QtQuick_Controls_FluentWinUI3 --> node_venv_lib_python3_12_site-packages_PyQt6_Qt6_qml_QtQuick_Controls_FluentWinUI3_plugins_qmltypes["plugins.qmltypes"]\n    Root --> node_venv["venv"]\n    node_venv --> node_venv_lib["lib"]\n    node_venv_lib --> node_venv_lib_python3_12["python3.12"]\n    node_venv_lib_python3_12 --> node_venv_lib_python3_12_site-packages["site-packages"]\n    node_venv_lib_python3_12_site-packages --> node_venv_lib_python3_12_site-packages_PyQt6["PyQt6"]\n    node_venv_lib_python3_12_site-packages_PyQt6 --> node_venv_lib_python3_12_site-packages_PyQt6_Qt6["Qt6"]\n    node_venv_lib_python3_12_site-packages_PyQt6_Qt6 --> node_venv_lib_python3_12_site-packages_PyQt6_Qt6_qml["qml"]\n    node_venv_lib_python3_12_site-packages_PyQt6_Qt6_qml --> node_venv_lib_python3_12_site-packages_PyQt6_Qt6_qml_QtQuick["QtQuick"]\n    node_venv_lib_python3_12_site-packages_PyQt6_Qt6_qml_QtQuick --> node_venv_lib_python3_12_site-packages_PyQt6_Qt6_qml_QtQuick_Controls["Controls"]\n    node_venv_lib_python3_12_site-packages_PyQt6_Qt6_qml_QtQuick_Controls --> node_venv_lib_python3_12_site-packages_PyQt6_Qt6_qml_QtQuick_Controls_FluentWinUI3["FluentWinUI3"]\n    node_venv_lib_python3_12_site-packages_PyQt6_Qt6_qml_QtQuick_Controls_FluentWinUI3 --> node_venv_lib_python3_12_site-packages_PyQt6_Qt6_qml_QtQuick_Controls_FluentWinUI3_qmldir["qmldir"]\n    Root --> node_venv["venv"]\n    node_venv --> node_venv_lib["lib"]\n    node_venv_lib --> node_venv_lib_python3_12["python3.12"]\n    node_venv_lib_python3_12 --> node_venv_lib_python3_12_site-packages["site-packages"]\n    node_venv_lib_python3_12_site-packages --> node_venv_lib_python3_12_site-packages_PyQt6["PyQt6"]\n    node_venv_lib_python3_12_site-packages_PyQt6 --> node_venv_lib_python3_12_site-packages_PyQt6_Qt6["Qt6"]\n    node_venv_lib_python3_12_site-packages_PyQt6_Qt6 --> node_venv_lib_python3_12_site-packages_PyQt6_Qt6_qml["qml"]\n    node_venv_lib_python3_12_site-packages_PyQt6_Qt6_qml --> node_venv_lib_python3_12_site-packages_PyQt6_Qt6_qml_QtQuick["QtQuick"]\n    node_venv_lib_python3_12_site-packages_PyQt6_Qt6_qml_QtQuick --> node_venv_lib_python3_12_site-packages_PyQt6_Qt6_qml_QtQuick_Controls["Controls"]\n    node_venv_lib_python3_12_site-packages_PyQt6_Qt6_qml_QtQuick_Controls --> node_venv_lib_python3_12_site-packages_PyQt6_Qt6_qml_QtQuick_Controls_FluentWinUI3["FluentWinUI3"]\n    node_venv_lib_python3_12_site-packages_PyQt6_Qt6_qml_QtQuick_Controls_FluentWinUI3 --> node_venv_lib_python3_12_site-packages_PyQt6_Qt6_qml_QtQuick_Controls_FluentWinUI3_impl["impl"]\n    node_venv_lib_python3_12_site-packages_PyQt6_Qt6_qml_QtQuick_Controls_FluentWinUI3_impl --> node_venv_lib_python3_12_site-packages_PyQt6_Qt6_qml_QtQuick_Controls_FluentWinUI3_impl_ButtonBackground_qml["ButtonBackground.qml"]\n    Root --> node_venv["venv"]\n    node_venv --> node_venv_lib["lib"]\n    node_venv_lib --> node_venv_lib_python3_12["python3.12"]\n    node_venv_lib_python3_12 --> node_venv_lib_python3_12_site-packages["site-packages"]\n    node_venv_lib_python3_12_site-packages --> node_venv_lib_python3_12_site-packages_PyQt6["PyQt6"]\n    node_venv_lib_python3_12_site-packages_PyQt6 --> node_venv_lib_python3_12_site-packages_PyQt6_Qt6["Qt6"]\n    node_venv_lib_python3_12_site-packages_PyQt6_Qt6 --> node_venv_lib_python3_12_site-packages_PyQt6_Qt6_qml["qml"]\n    node_venv_lib_python3_12_site-packages_PyQt6_Qt6_qml --> node_venv_lib_python3_12_site-packages_PyQt6_Qt6_qml_QtQuick["QtQuick"]\n    node_venv_lib_python3_12_site-packages_PyQt6_Qt6_qml_QtQuick --> node_venv_lib_python3_12_site-packages_PyQt6_Qt6_qml_QtQuick_Controls["Controls"]\n    node_venv_lib_python3_12_site-packages_PyQt6_Qt6_qml_QtQuick_Controls --> node_venv_lib_python3_12_site-packages_PyQt6_Qt6_qml_QtQuick_Controls_FluentWinUI3["FluentWinUI3"]\n    node_venv_lib_python3_12_site-packages_PyQt6_Qt6_qml_QtQuick_Controls_FluentWinUI3 --> node_venv_lib_python3_12_site-packages_PyQt6_Qt6_qml_QtQuick_Controls_FluentWinUI3_impl["impl"]\n    node_venv_lib_python3_12_site-packages_PyQt6_Qt6_qml_QtQuick_Controls_FluentWinUI3_impl --> node_venv_lib_python3_12_site-packages_PyQt6_Qt6_qml_QtQuick_Controls_FluentWinUI3_impl_CheckIndicator_qml["CheckIndicator.qml"]\n    Root --> node_venv["venv"]\n    node_venv --> node_venv_lib["lib"]\n    node_venv_lib --> node_venv_lib_python3_12["python3.12"]\n    node_venv_lib_python3_12 --> node_venv_lib_python3_12_site-packages["site-packages"]\n    node_venv_lib_python3_12_site-packages --> node_venv_lib_python3_12_site-packages_PyQt6["PyQt6"]\n    node_venv_lib_python3_12_site-packages_PyQt6 --> node_venv_lib_python3_12_site-packages_PyQt6_Qt6["Qt6"]\n    node_venv_lib_python3_12_site-packages_PyQt6_Qt6 --> node_venv_lib_python3_12_site-packages_PyQt6_Qt6_qml["qml"]\n    node_venv_lib_python3_12_site-packages_PyQt6_Qt6_qml --> node_venv_lib_python3_12_site-packages_PyQt6_Qt6_qml_QtQuick["QtQuick"]\n    node_venv_lib_python3_12_site-packages_PyQt6_Qt6_qml_QtQuick --> node_venv_lib_python3_12_site-packages_PyQt6_Qt6_qml_QtQuick_Controls["Controls"]\n    node_venv_lib_python3_12_site-packages_PyQt6_Qt6_qml_QtQuick_Controls --> node_venv_lib_python3_12_site-packages_PyQt6_Qt6_qml_QtQuick_Controls_FluentWinUI3["FluentWinUI3"]\n    node_venv_lib_python3_12_site-packages_PyQt6_Qt6_qml_QtQuick_Controls_FluentWinUI3 --> node_venv_lib_python3_12_site-packages_PyQt6_Qt6_qml_QtQuick_Controls_FluentWinUI3_impl["impl"]\n    node_venv_lib_python3_12_site-packages_PyQt6_Qt6_qml_QtQuick_Controls_FluentWinUI3_impl --> node_venv_lib_python3_12_site-packages_PyQt6_Qt6_qml_QtQuick_Controls_FluentWinUI3_impl_FocusFrame_qml["FocusFrame.qml"]\n    Root --> node_venv["venv"]\n    node_venv --> node_venv_lib["lib"]\n    node_venv_lib --> node_venv_lib_python3_12["python3.12"]\n    node_venv_lib_python3_12 --> node_venv_lib_python3_12_site-packages["site-packages"]\n    node_venv_lib_python3_12_site-packages --> node_venv_lib_python3_12_site-packages_PyQt6["PyQt6"]\n    node_venv_lib_python3_12_site-packages_PyQt6 --> node_venv_lib_python3_12_site-packages_PyQt6_Qt6["Qt6"]\n    node_venv_lib_python3_12_site-packages_PyQt6_Qt6 --> node_venv_lib_python3_12_site-packages_PyQt6_Qt6_qml["qml"]\n    node_venv_lib_python3_12_site-packages_PyQt6_Qt6_qml --> node_venv_lib_python3_12_site-packages_PyQt6_Qt6_qml_QtQuick["QtQuick"]\n    node_venv_lib_python3_12_site-packages_PyQt6_Qt6_qml_QtQuick --> node_venv_lib_python3_12_site-packages_PyQt6_Qt6_qml_QtQuick_Controls["Controls"]\n    node_venv_lib_python3_12_site-packages_PyQt6_Qt6_qml_QtQuick_Controls --> node_venv_lib_python3_12_site-packages_PyQt6_Qt6_qml_QtQuick_Controls_FluentWinUI3["FluentWinUI3"]\n    node_venv_lib_python3_12_site-packages_PyQt6_Qt6_qml_QtQuick_Controls_FluentWinUI3 --> node_venv_lib_python3_12_site-packages_PyQt6_Qt6_qml_QtQuick_Controls_FluentWinUI3_impl["impl"]\n    node_venv_lib_python3_12_site-packages_PyQt6_Qt6_qml_QtQuick_Controls_FluentWinUI3_impl --> node_venv_lib_python3_12_site-packages_PyQt6_Qt6_qml_QtQuick_Controls_FluentWinUI3_impl_RadioIndicator_qml["RadioIndicator.qml"]\n    Root --> node_venv["venv"]\n    node_venv --> node_venv_lib["lib"]\n    node_venv_lib --> node_venv_lib_python3_12["python3.12"]\n    node_venv_lib_python3_12 --> node_venv_lib_python3_12_site-packages["site-packages"]\n    node_venv_lib_python3_12_site-packages --> node_venv_lib_python3_12_site-packages_PyQt6["PyQt6"]\n    node_venv_lib_python3_12_site-packages_PyQt6 --> node_venv_lib_python3_12_site-packages_PyQt6_Qt6["Qt6"]\n    node_venv_lib_python3_12_site-packages_PyQt6_Qt6 --> node_venv_lib_python3_12_site-packages_PyQt6_Qt6_qml["qml"]\n    node_venv_lib_python3_12_site-packages_PyQt6_Qt6_qml --> node_venv_lib_python3_12_site-packages_PyQt6_Qt6_qml_QtQuick["QtQuick"]\n    node_venv_lib_python3_12_site-packages_PyQt6_Qt6_qml_QtQuick --> node_venv_lib_python3_12_site-packages_PyQt6_Qt6_qml_QtQuick_Controls["Controls"]\n    node_venv_lib_python3_12_site-packages_PyQt6_Qt6_qml_QtQuick_Controls --> node_venv_lib_python3_12_site-packages_PyQt6_Qt6_qml_QtQuick_Controls_FluentWinUI3["FluentWinUI3"]\n    node_venv_lib_python3_12_site-packages_PyQt6_Qt6_qml_QtQuick_Controls_FluentWinUI3 --> node_venv_lib_python3_12_site-packages_PyQt6_Qt6_qml_QtQuick_Controls_FluentWinUI3_impl["impl"]\n    node_venv_lib_python3_12_site-packages_PyQt6_Qt6_qml_QtQuick_Controls_FluentWinUI3_impl --> node_venv_lib_python3_12_site-packages_PyQt6_Qt6_qml_QtQuick_Controls_FluentWinUI3_impl_StyleImage_qml["StyleImage.qml"]\n    Root --> node_venv["venv"]\n    node_venv --> node_venv_lib["lib"]\n    node_venv_lib --> node_venv_lib_python3_12["python3.12"]\n    node_venv_lib_python3_12 --> node_venv_lib_python3_12_site-packages["site-packages"]\n    node_venv_lib_python3_12_site-packages --> node_venv_lib_python3_12_site-packages_PyQt6["PyQt6"]\n    node_venv_lib_python3_12_site-packages_PyQt6 --> node_venv_lib_python3_12_site-packages_PyQt6_Qt6["Qt6"]\n    node_venv_lib_python3_12_site-packages_PyQt6_Qt6 --> node_venv_lib_python3_12_site-packages_PyQt6_Qt6_qml["qml"]\n    node_venv_lib_python3_12_site-packages_PyQt6_Qt6_qml --> node_venv_lib_python3_12_site-packages_PyQt6_Qt6_qml_QtQuick["QtQuick"]\n    node_venv_lib_python3_12_site-packages_PyQt6_Qt6_qml_QtQuick --> node_venv_lib_python3_12_site-packages_PyQt6_Qt6_qml_QtQuick_Controls["Controls"]\n    node_venv_lib_python3_12_site-packages_PyQt6_Qt6_qml_QtQuick_Controls --> node_venv_lib_python3_12_site-packages_PyQt6_Qt6_qml_QtQuick_Controls_FluentWinUI3["FluentWinUI3"]\n    node_venv_lib_python3_12_site-packages_PyQt6_Qt6_qml_QtQuick_Controls_FluentWinUI3 --> node_venv_lib_python3_12_site-packages_PyQt6_Qt6_qml_QtQuick_Controls_FluentWinUI3_impl["impl"]\n    node_venv_lib_python3_12_site-packages_PyQt6_Qt6_qml_QtQuick_Controls_FluentWinUI3_impl --> node_venv_lib_python3_12_site-packages_PyQt6_Qt6_qml_QtQuick_Controls_FluentWinUI3_impl_SwitchIndicator_qml["SwitchIndicator.qml"]\n    Root --> node_venv["venv"]\n    node_venv --> node_venv_lib["lib"]\n    node_venv_lib --> node_venv_lib_python3_12["python3.12"]\n    node_venv_lib_python3_12 --> node_venv_lib_python3_12_site-packages["site-packages"]\n    node_venv_lib_python3_12_site-packages --> node_venv_lib_python3_12_site-packages_PyQt6["PyQt6"]\n    node_venv_lib_python3_12_site-packages_PyQt6 --> node_venv_lib_python3_12_site-packages_PyQt6_Qt6["Qt6"]\n    node_venv_lib_python3_12_site-packages_PyQt6_Qt6 --> node_venv_lib_python3_12_site-packages_PyQt6_Qt6_qml["qml"]\n    node_venv_lib_python3_12_site-packages_PyQt6_Qt6_qml --> node_venv_lib_python3_12_site-packages_PyQt6_Qt6_qml_QtQuick["QtQuick"]\n    node_venv_lib_python3_12_site-packages_PyQt6_Qt6_qml_QtQuick --> node_venv_lib_python3_12_site-packages_PyQt6_Qt6_qml_QtQuick_Controls["Controls"]\n    node_venv_lib_python3_12_site-packages_PyQt6_Qt6_qml_QtQuick_Controls --> node_venv_lib_python3_12_site-packages_PyQt6_Qt6_qml_QtQuick_Controls_FluentWinUI3["FluentWinUI3"]\n    node_venv_lib_python3_12_site-packages_PyQt6_Qt6_qml_QtQuick_Controls_FluentWinUI3 --> node_venv_lib_python3_12_site-packages_PyQt6_Qt6_qml_QtQuick_Controls_FluentWinUI3_impl["impl"]\n    node_venv_lib_python3_12_site-packages_PyQt6_Qt6_qml_QtQuick_Controls_FluentWinUI3_impl --> node_venv_lib_python3_12_site-packages_PyQt6_Qt6_qml_QtQuick_Controls_FluentWinUI3_impl_libqtquickcontrols2fluentwinui3styleimplplugin_dylib["libqtquickcontrols2fluentwinui3styleimplplugin.dylib"]\n    Root --> node_venv["venv"]\n    node_venv --> node_venv_lib["lib"]\n    node_venv_lib --> node_venv_lib_python3_12["python3.12"]\n    node_venv_lib_python3_12 --> node_venv_lib_python3_12_site-packages["site-packages"]\n    node_venv_lib_python3_12_site-packages --> node_venv_lib_python3_12_site-packages_PyQt6["PyQt6"]\n    node_venv_lib_python3_12_site-packages_PyQt6 --> node_venv_lib_python3_12_site-packages_PyQt6_Qt6["Qt6"]\n    node_venv_lib_python3_12_site-packages_PyQt6_Qt6 --> node_venv_lib_python3_12_site-packages_PyQt6_Qt6_qml["qml"]\n    node_venv_lib_python3_12_site-packages_PyQt6_Qt6_qml --> node_venv_lib_python3_12_site-packages_PyQt6_Qt6_qml_QtQuick["QtQuick"]\n    node_venv_lib_python3_12_site-packages_PyQt6_Qt6_qml_QtQuick --> node_venv_lib_python3_12_site-packages_PyQt6_Qt6_qml_QtQuick_Controls["Controls"]\n    node_venv_lib_python3_12_site-packages_PyQt6_Qt6_qml_QtQuick_Controls --> node_venv_lib_python3_12_site-packages_PyQt6_Qt6_qml_QtQuick_Controls_FluentWinUI3["FluentWinUI3"]\n    node_venv_lib_python3_12_site-packages_PyQt6_Qt6_qml_QtQuick_Controls_FluentWinUI3 --> node_venv_lib_python3_12_site-packages_PyQt6_Qt6_qml_QtQuick_Controls_FluentWinUI3_impl["impl"]\n    node_venv_lib_python3_12_site-packages_PyQt6_Qt6_qml_QtQuick_Controls_FluentWinUI3_impl --> node_venv_lib_python3_12_site-packages_PyQt6_Qt6_qml_QtQuick_Controls_FluentWinUI3_impl_plugins_qmltypes["plugins.qmltypes"]\n    Root --> node_venv["venv"]\n    node_venv --> node_venv_lib["lib"]\n    node_venv_lib --> node_venv_lib_python3_12["python3.12"]\n    node_venv_lib_python3_12 --> node_venv_lib_python3_12_site-packages["site-packages"]\n    node_venv_lib_python3_12_site-packages --> node_venv_lib_python3_12_site-packages_PyQt6["PyQt6"]\n    node_venv_lib_python3_12_site-packages_PyQt6 --> node_venv_lib_python3_12_site-packages_PyQt6_Qt6["Qt6"]\n    node_venv_lib_python3_12_site-packages_PyQt6_Qt6 --> node_venv_lib_python3_12_site-packages_PyQt6_Qt6_qml["qml"]\n    node_venv_lib_python3_12_site-packages_PyQt6_Qt6_qml --> node_venv_lib_python3_12_site-packages_PyQt6_Qt6_qml_QtQuick["QtQuick"]\n    node_venv_lib_python3_12_site-packages_PyQt6_Qt6_qml_QtQuick --> node_venv_lib_python3_12_site-packages_PyQt6_Qt6_qml_QtQuick_Controls["Controls"]\n    node_venv_lib_python3_12_site-packages_PyQt6_Qt6_qml_QtQuick_Controls --> node_venv_lib_python3_12_site-packages_PyQt6_Qt6_qml_QtQuick_Controls_FluentWinUI3["FluentWinUI3"]\n    node_venv_lib_python3_12_site-packages_PyQt6_Qt6_qml_QtQuick_Controls_FluentWinUI3 --> node_venv_lib_python3_12_site-packages_PyQt6_Qt6_qml_QtQuick_Controls_FluentWinUI3_impl["impl"]\n    node_venv_lib_python3_12_site-packages_PyQt6_Qt6_qml_QtQuick_Controls_FluentWinUI3_impl --> node_venv_lib_python3_12_site-packages_PyQt6_Qt6_qml_QtQuick_Controls_FluentWinUI3_impl_qmldir["qmldir"]\n    Root --> node_venv["venv"]\n    node_venv --> node_venv_lib["lib"]\n    node_venv_lib --> node_venv_lib_python3_12["python3.12"]\n    node_venv_lib_python3_12 --> node_venv_lib_python3_12_site-packages["site-packages"]\n    node_venv_lib_python3_12_site-packages --> node_venv_lib_python3_12_site-packages_PyQt6["PyQt6"]\n    node_venv_lib_python3_12_site-packages_PyQt6 --> node_venv_lib_python3_12_site-packages_PyQt6_Qt6["Qt6"]\n    node_venv_lib_python3_12_site-packages_PyQt6_Qt6 --> node_venv_lib_python3_12_site-packages_PyQt6_Qt6_qml["qml"]\n    node_venv_lib_python3_12_site-packages_PyQt6_Qt6_qml --> node_venv_lib_python3_12_site-packages_PyQt6_Qt6_qml_QtQuick["QtQuick"]\n    node_venv_lib_python3_12_site-packages_PyQt6_Qt6_qml_QtQuick --> node_venv_lib_python3_12_site-packages_PyQt6_Qt6_qml_QtQuick_Controls["Controls"]\n    node_venv_lib_python3_12_site-packages_PyQt6_Qt6_qml_QtQuick_Controls --> node_venv_lib_python3_12_site-packages_PyQt6_Qt6_qml_QtQuick_Controls_FluentWinUI3["FluentWinUI3"]\n    node_venv_lib_python3_12_site-packages_PyQt6_Qt6_qml_QtQuick_Controls_FluentWinUI3 --> node_venv_lib_python3_12_site-packages_PyQt6_Qt6_qml_QtQuick_Controls_FluentWinUI3_icons["icons"]\n    node_venv_lib_python3_12_site-packages_PyQt6_Qt6_qml_QtQuick_Controls_FluentWinUI3_icons --> node_venv_lib_python3_12_site-packages_PyQt6_Qt6_qml_QtQuick_Controls_FluentWinUI3_icons_checkmark_png["checkmark.png"]\n    Root --> node_venv["venv"]\n    node_venv --> node_venv_lib["lib"]\n    node_venv_lib --> node_venv_lib_python3_12["python3.12"]\n    node_venv_lib_python3_12 --> node_venv_lib_python3_12_site-packages["site-packages"]\n    node_venv_lib_python3_12_site-packages --> node_venv_lib_python3_12_site-packages_PyQt6["PyQt6"]\n    node_venv_lib_python3_12_site-packages_PyQt6 --> node_venv_lib_python3_12_site-packages_PyQt6_Qt6["Qt6"]\n    node_venv_lib_python3_12_site-packages_PyQt6_Qt6 --> node_venv_lib_python3_12_site-packages_PyQt6_Qt6_qml["qml"]\n    node_venv_lib_python3_12_site-packages_PyQt6_Qt6_qml --> node_venv_lib_python3_12_site-packages_PyQt6_Qt6_qml_QtQuick["QtQuick"]\n    node_venv_lib_python3_12_site-packages_PyQt6_Qt6_qml_QtQuick --> node_venv_lib_python3_12_site-packages_PyQt6_Qt6_qml_QtQuick_Controls["Controls"]\n    node_venv_lib_python3_12_site-packages_PyQt6_Qt6_qml_QtQuick_Controls --> node_venv_lib_python3_12_site-packages_PyQt6_Qt6_qml_QtQuick_Controls_FluentWinUI3["FluentWinUI3"]\n    node_venv_lib_python3_12_site-packages_PyQt6_Qt6_qml_QtQuick_Controls_FluentWinUI3 --> node_venv_lib_python3_12_site-packages_PyQt6_Qt6_qml_QtQuick_Controls_FluentWinUI3_icons["icons"]\n    node_venv_lib_python3_12_site-packages_PyQt6_Qt6_qml_QtQuick_Controls_FluentWinUI3_icons --> node_venv_lib_python3_12_site-packages_PyQt6_Qt6_qml_QtQuick_Controls_FluentWinUI3_icons_checkmark@2x_png["checkmark@2x.png"]\n    Root --> node_venv["venv"]\n    node_venv --> node_venv_lib["lib"]\n    node_venv_lib --> node_venv_lib_python3_12["python3.12"]\n    node_venv_lib_python3_12 --> node_venv_lib_python3_12_site-packages["site-packages"]\n    node_venv_lib_python3_12_site-packages --> node_venv_lib_python3_12_site-packages_PyQt6["PyQt6"]\n    node_venv_lib_python3_12_site-packages_PyQt6 --> node_venv_lib_python3_12_site-packages_PyQt6_Qt6["Qt6"]\n    node_venv_lib_python3_12_site-packages_PyQt6_Qt6 --> node_venv_lib_python3_12_site-packages_PyQt6_Qt6_qml["qml"]\n    node_venv_lib_python3_12_site-packages_PyQt6_Qt6_qml --> node_venv_lib_python3_12_site-packages_PyQt6_Qt6_qml_QtQuick["QtQuick"]\n    node_venv_lib_python3_12_site-packages_PyQt6_Qt6_qml_QtQuick --> node_venv_lib_python3_12_site-packages_PyQt6_Qt6_qml_QtQuick_Controls["Controls"]\n    node_venv_lib_python3_12_site-packages_PyQt6_Qt6_qml_QtQuick_Controls --> node_venv_lib_python3_12_site-packages_PyQt6_Qt6_qml_QtQuick_Controls_FluentWinUI3["FluentWinUI3"]\n    node_venv_lib_python3_12_site-packages_PyQt6_Qt6_qml_QtQuick_Controls_FluentWinUI3 --> node_venv_lib_python3_12_site-packages_PyQt6_Qt6_qml_QtQuick_Controls_FluentWinUI3_icons["icons"]\n    node_venv_lib_python3_12_site-packages_PyQt6_Qt6_qml_QtQuick_Controls_FluentWinUI3_icons --> node_venv_lib_python3_12_site-packages_PyQt6_Qt6_qml_QtQuick_Controls_FluentWinUI3_icons_checkmark@3x_png["checkmark@3x.png"]\n    Root --> node_venv["venv"]\n    node_venv --> node_venv_lib["lib"]\n    node_venv_lib --> node_venv_lib_python3_12["python3.12"]\n    node_venv_lib_python3_12 --> node_venv_lib_python3_12_site-packages["site-packages"]\n    node_venv_lib_python3_12_site-packages --> node_venv_lib_python3_12_site-packages_PyQt6["PyQt6"]\n    node_venv_lib_python3_12_site-packages_PyQt6 --> node_venv_lib_python3_12_site-packages_PyQt6_Qt6["Qt6"]\n    node_venv_lib_python3_12_site-packages_PyQt6_Qt6 --> node_venv_lib_python3_12_site-packages_PyQt6_Qt6_qml["qml"]\n    node_venv_lib_python3_12_site-packages_PyQt6_Qt6_qml --> node_venv_lib_python3_12_site-packages_PyQt6_Qt6_qml_QtQuick["QtQuick"]\n    node_venv_lib_python3_12_site-packages_PyQt6_Qt6_qml_QtQuick --> node_venv_lib_python3_12_site-packages_PyQt6_Qt6_qml_QtQuick_Controls["Controls"]\n    node_venv_lib_python3_12_site-packages_PyQt6_Qt6_qml_QtQuick_Controls --> node_venv_lib_python3_12_site-packages_PyQt6_Qt6_qml_QtQuick_Controls_FluentWinUI3["FluentWinUI3"]\n    node_venv_lib_python3_12_site-packages_PyQt6_Qt6_qml_QtQuick_Controls_FluentWinUI3 --> node_venv_lib_python3_12_site-packages_PyQt6_Qt6_qml_QtQuick_Controls_FluentWinUI3_icons["icons"]\n    node_venv_lib_python3_12_site-packages_PyQt6_Qt6_qml_QtQuick_Controls_FluentWinUI3_icons --> node_venv_lib_python3_12_site-packages_PyQt6_Qt6_qml_QtQuick_Controls_FluentWinUI3_icons_close_big_png["close_big.png"]\n    Root --> node_venv["venv"]\n    node_venv --> node_venv_lib["lib"]\n    node_venv_lib --> node_venv_lib_python3_12["python3.12"]\n    node_venv_lib_python3_12 --> node_venv_lib_python3_12_site-packages["site-packages"]\n    node_venv_lib_python3_12_site-packages --> node_venv_lib_python3_12_site-packages_PyQt6["PyQt6"]\n    node_venv_lib_python3_12_site-packages_PyQt6 --> node_venv_lib_python3_12_site-packages_PyQt6_Qt6["Qt6"]\n    node_venv_lib_python3_12_site-packages_PyQt6_Qt6 --> node_venv_lib_python3_12_site-packages_PyQt6_Qt6_qml["qml"]\n    node_venv_lib_python3_12_site-packages_PyQt6_Qt6_qml --> node_venv_lib_python3_12_site-packages_PyQt6_Qt6_qml_QtQuick["QtQuick"]\n    node_venv_lib_python3_12_site-packages_PyQt6_Qt6_qml_QtQuick --> node_venv_lib_python3_12_site-packages_PyQt6_Qt6_qml_QtQuick_Controls["Controls"]\n    node_venv_lib_python3_12_site-packages_PyQt6_Qt6_qml_QtQuick_Controls --> node_venv_lib_python3_12_site-packages_PyQt6_Qt6_qml_QtQuick_Controls_FluentWinUI3["FluentWinUI3"]\n    node_venv_lib_python3_12_site-packages_PyQt6_Qt6_qml_QtQuick_Controls_FluentWinUI3 --> node_venv_lib_python3_12_site-packages_PyQt6_Qt6_qml_QtQuick_Controls_FluentWinUI3_icons["icons"]\n    node_venv_lib_python3_12_site-packages_PyQt6_Qt6_qml_QtQuick_Controls_FluentWinUI3_icons --> node_venv_lib_python3_12_site-packages_PyQt6_Qt6_qml_QtQuick_Controls_FluentWinUI3_icons_close_big@2x_png["close_big@2x.png"]\n    Root --> node_venv["venv"]\n    node_venv --> node_venv_lib["lib"]\n    node_venv_lib --> node_venv_lib_python3_12["python3.12"]\n    node_venv_lib_python3_12 --> node_venv_lib_python3_12_site-packages["site-packages"]\n    node_venv_lib_python3_12_site-packages --> node_venv_lib_python3_12_site-packages_PyQt6["PyQt6"]\n    node_venv_lib_python3_12_site-packages_PyQt6 --> node_venv_lib_python3_12_site-packages_PyQt6_Qt6["Qt6"]\n    node_venv_lib_python3_12_site-packages_PyQt6_Qt6 --> node_venv_lib_python3_12_site-packages_PyQt6_Qt6_qml["qml"]\n    node_venv_lib_python3_12_site-packages_PyQt6_Qt6_qml --> node_venv_lib_python3_12_site-packages_PyQt6_Qt6_qml_QtQuick["QtQuick"]\n    node_venv_lib_python3_12_site-packages_PyQt6_Qt6_qml_QtQuick --> node_venv_lib_python3_12_site-packages_PyQt6_Qt6_qml_QtQuick_Controls["Controls"]\n    node_venv_lib_python3_12_site-packages_PyQt6_Qt6_qml_QtQuick_Controls --> node_venv_lib_python3_12_site-packages_PyQt6_Qt6_qml_QtQuick_Controls_FluentWinUI3["FluentWinUI3"]\n    node_venv_lib_python3_12_site-packages_PyQt6_Qt6_qml_QtQuick_Controls_FluentWinUI3 --> node_venv_lib_python3_12_site-packages_PyQt6_Qt6_qml_QtQuick_Controls_FluentWinUI3_icons["icons"]\n    node_venv_lib_python3_12_site-packages_PyQt6_Qt6_qml_QtQuick_Controls_FluentWinUI3_icons --> node_venv_lib_python3_12_site-packages_PyQt6_Qt6_qml_QtQuick_Controls_FluentWinUI3_icons_close_big@3x_png["close_big@3x.png"]\n    Root --> node_venv["venv"]\n    node_venv --> node_venv_lib["lib"]\n    node_venv_lib --> node_venv_lib_python3_12["python3.12"]\n    node_venv_lib_python3_12 --> node_venv_lib_python3_12_site-packages["site-packages"]\n    node_venv_lib_python3_12_site-packages --> node_venv_lib_python3_12_site-packages_PyQt6["PyQt6"]\n    node_venv_lib_python3_12_site-packages_PyQt6 --> node_venv_lib_python3_12_site-packages_PyQt6_Qt6["Qt6"]\n    node_venv_lib_python3_12_site-packages_PyQt6_Qt6 --> node_venv_lib_python3_12_site-packages_PyQt6_Qt6_qml["qml"]\n    node_venv_lib_python3_12_site-packages_PyQt6_Qt6_qml --> node_venv_lib_python3_12_site-packages_PyQt6_Qt6_qml_QtQuick["QtQuick"]\n    node_venv_lib_python3_12_site-packages_PyQt6_Qt6_qml_QtQuick --> node_venv_lib_python3_12_site-packages_PyQt6_Qt6_qml_QtQuick_Controls["Controls"]\n    node_venv_lib_python3_12_site-packages_PyQt6_Qt6_qml_QtQuick_Controls --> node_venv_lib_python3_12_site-packages_PyQt6_Qt6_qml_QtQuick_Controls_FluentWinUI3["FluentWinUI3"]\n    node_venv_lib_python3_12_site-packages_PyQt6_Qt6_qml_QtQuick_Controls_FluentWinUI3 --> node_venv_lib_python3_12_site-packages_PyQt6_Qt6_qml_QtQuick_Controls_FluentWinUI3_icons["icons"]\n    node_venv_lib_python3_12_site-packages_PyQt6_Qt6_qml_QtQuick_Controls_FluentWinUI3_icons --> node_venv_lib_python3_12_site-packages_PyQt6_Qt6_qml_QtQuick_Controls_FluentWinUI3_icons_menuarrow_png["menuarrow.png"]\n    Root --> node_venv["venv"]\n    node_venv --> node_venv_lib["lib"]\n    node_venv_lib --> node_venv_lib_python3_12["python3.12"]\n    node_venv_lib_python3_12 --> node_venv_lib_python3_12_site-packages["site-packages"]\n    node_venv_lib_python3_12_site-packages --> node_venv_lib_python3_12_site-packages_PyQt6["PyQt6"]\n    node_venv_lib_python3_12_site-packages_PyQt6 --> node_venv_lib_python3_12_site-packages_PyQt6_Qt6["Qt6"]\n    node_venv_lib_python3_12_site-packages_PyQt6_Qt6 --> node_venv_lib_python3_12_site-packages_PyQt6_Qt6_qml["qml"]\n    node_venv_lib_python3_12_site-packages_PyQt6_Qt6_qml --> node_venv_lib_python3_12_site-packages_PyQt6_Qt6_qml_QtQuick["QtQuick"]\n    node_venv_lib_python3_12_site-packages_PyQt6_Qt6_qml_QtQuick --> node_venv_lib_python3_12_site-packages_PyQt6_Qt6_qml_QtQuick_Controls["Controls"]\n    node_venv_lib_python3_12_site-packages_PyQt6_Qt6_qml_QtQuick_Controls --> node_venv_lib_python3_12_site-packages_PyQt6_Qt6_qml_QtQuick_Controls_FluentWinUI3["FluentWinUI3"]\n    node_venv_lib_python3_12_site-packages_PyQt6_Qt6_qml_QtQuick_Controls_FluentWinUI3 --> node_venv_lib_python3_12_site-packages_PyQt6_Qt6_qml_QtQuick_Controls_FluentWinUI3_icons["icons"]\n    node_venv_lib_python3_12_site-packages_PyQt6_Qt6_qml_QtQuick_Controls_FluentWinUI3_icons --> node_venv_lib_python3_12_site-packages_PyQt6_Qt6_qml_QtQuick_Controls_FluentWinUI3_icons_menuarrow@2x_png["menuarrow@2x.png"]\n    Root --> node_venv["venv"]\n    node_venv --> node_venv_lib["lib"]\n    node_venv_lib --> node_venv_lib_python3_12["python3.12"]\n    node_venv_lib_python3_12 --> node_venv_lib_python3_12_site-packages["site-packages"]\n    node_venv_lib_python3_12_site-packages --> node_venv_lib_python3_12_site-packages_PyQt6["PyQt6"]\n    node_venv_lib_python3_12_site-packages_PyQt6 --> node_venv_lib_python3_12_site-packages_PyQt6_Qt6["Qt6"]\n    node_venv_lib_python3_12_site-packages_PyQt6_Qt6 --> node_venv_lib_python3_12_site-packages_PyQt6_Qt6_qml["qml"]\n    node_venv_lib_python3_12_site-packages_PyQt6_Qt6_qml --> node_venv_lib_python3_12_site-packages_PyQt6_Qt6_qml_QtQuick["QtQuick"]\n    node_venv_lib_python3_12_site-packages_PyQt6_Qt6_qml_QtQuick --> node_venv_lib_python3_12_site-packages_PyQt6_Qt6_qml_QtQuick_Controls["Controls"]\n    node_venv_lib_python3_12_site-packages_PyQt6_Qt6_qml_QtQuick_Controls --> node_venv_lib_python3_12_site-packages_PyQt6_Qt6_qml_QtQuick_Controls_FluentWinUI3["FluentWinUI3"]\n    node_venv_lib_python3_12_site-packages_PyQt6_Qt6_qml_QtQuick_Controls_FluentWinUI3 --> node_venv_lib_python3_12_site-packages_PyQt6_Qt6_qml_QtQuick_Controls_FluentWinUI3_icons["icons"]\n    node_venv_lib_python3_12_site-packages_PyQt6_Qt6_qml_QtQuick_Controls_FluentWinUI3_icons --> node_venv_lib_python3_12_site-packages_PyQt6_Qt6_qml_QtQuick_Controls_FluentWinUI3_icons_menuarrow@3x_png["menuarrow@3x.png"]\n    Root --> node_venv["venv"]\n    node_venv --> node_venv_lib["lib"]\n    node_venv_lib --> node_venv_lib_python3_12["python3.12"]\n    node_venv_lib_python3_12 --> node_venv_lib_python3_12_site-packages["site-packages"]\n    node_venv_lib_python3_12_site-packages --> node_venv_lib_python3_12_site-packages_PyQt6["PyQt6"]\n    node_venv_lib_python3_12_site-packages_PyQt6 --> node_venv_lib_python3_12_site-packages_PyQt6_Qt6["Qt6"]\n    node_venv_lib_python3_12_site-packages_PyQt6_Qt6 --> node_venv_lib_python3_12_site-packages_PyQt6_Qt6_qml["qml"]\n    node_venv_lib_python3_12_site-packages_PyQt6_Qt6_qml --> node_venv_lib_python3_12_site-packages_PyQt6_Qt6_qml_QtQuick["QtQuick"]\n    node_venv_lib_python3_12_site-packages_PyQt6_Qt6_qml_QtQuick --> node_venv_lib_python3_12_site-packages_PyQt6_Qt6_qml_QtQuick_Controls["Controls"]\n    node_venv_lib_python3_12_site-packages_PyQt6_Qt6_qml_QtQuick_Controls --> node_venv_lib_python3_12_site-packages_PyQt6_Qt6_qml_QtQuick_Controls_FluentWinUI3["FluentWinUI3"]\n    node_venv_lib_python3_12_site-packages_PyQt6_Qt6_qml_QtQuick_Controls_FluentWinUI3 --> node_venv_lib_python3_12_site-packages_PyQt6_Qt6_qml_QtQuick_Controls_FluentWinUI3_icons["icons"]\n    node_venv_lib_python3_12_site-packages_PyQt6_Qt6_qml_QtQuick_Controls_FluentWinUI3_icons --> node_venv_lib_python3_12_site-packages_PyQt6_Qt6_qml_QtQuick_Controls_FluentWinUI3_icons_search-magnifier_png["search-magnifier.png"]\n    Root --> node_venv["venv"]\n    node_venv --> node_venv_lib["lib"]\n    node_venv_lib --> node_venv_lib_python3_12["python3.12"]\n    node_venv_lib_python3_12 --> node_venv_lib_python3_12_site-packages["site-packages"]\n    node_venv_lib_python3_12_site-packages --> node_venv_lib_python3_12_site-packages_PyQt6["PyQt6"]\n    node_venv_lib_python3_12_site-packages_PyQt6 --> node_venv_lib_python3_12_site-packages_PyQt6_Qt6["Qt6"]\n    node_venv_lib_python3_12_site-packages_PyQt6_Qt6 --> node_venv_lib_python3_12_site-packages_PyQt6_Qt6_qml["qml"]\n    node_venv_lib_python3_12_site-packages_PyQt6_Qt6_qml --> node_venv_lib_python3_12_site-packages_PyQt6_Qt6_qml_QtQuick["QtQuick"]\n    node_venv_lib_python3_12_site-packages_PyQt6_Qt6_qml_QtQuick --> node_venv_lib_python3_12_site-packages_PyQt6_Qt6_qml_QtQuick_Controls["Controls"]\n    node_venv_lib_python3_12_site-packages_PyQt6_Qt6_qml_QtQuick_Controls --> node_venv_lib_python3_12_site-packages_PyQt6_Qt6_qml_QtQuick_Controls_FluentWinUI3["FluentWinUI3"]\n    node_venv_lib_python3_12_site-packages_PyQt6_Qt6_qml_QtQuick_Controls_FluentWinUI3 --> node_venv_lib_python3_12_site-packages_PyQt6_Qt6_qml_QtQuick_Controls_FluentWinUI3_icons["icons"]\n    node_venv_lib_python3_12_site-packages_PyQt6_Qt6_qml_QtQuick_Controls_FluentWinUI3_icons --> node_venv_lib_python3_12_site-packages_PyQt6_Qt6_qml_QtQuick_Controls_FluentWinUI3_icons_search-magnifier@2x_png["search-magnifier@2x.png"]\n    Root --> node_venv["venv"]\n    node_venv --> node_venv_lib["lib"]\n    node_venv_lib --> node_venv_lib_python3_12["python3.12"]\n    node_venv_lib_python3_12 --> node_venv_lib_python3_12_site-packages["site-packages"]\n    node_venv_lib_python3_12_site-packages --> node_venv_lib_python3_12_site-packages_PyQt6["PyQt6"]\n    node_venv_lib_python3_12_site-packages_PyQt6 --> node_venv_lib_python3_12_site-packages_PyQt6_Qt6["Qt6"]\n    node_venv_lib_python3_12_site-packages_PyQt6_Qt6 --> node_venv_lib_python3_12_site-packages_PyQt6_Qt6_qml["qml"]\n    node_venv_lib_python3_12_site-packages_PyQt6_Qt6_qml --> node_venv_lib_python3_12_site-packages_PyQt6_Qt6_qml_QtQuick["QtQuick"]\n    node_venv_lib_python3_12_site-packages_PyQt6_Qt6_qml_QtQuick --> node_venv_lib_python3_12_site-packages_PyQt6_Qt6_qml_QtQuick_Controls["Controls"]\n    node_venv_lib_python3_12_site-packages_PyQt6_Qt6_qml_QtQuick_Controls --> node_venv_lib_python3_12_site-packages_PyQt6_Qt6_qml_QtQuick_Controls_FluentWinUI3["FluentWinUI3"]\n    node_venv_lib_python3_12_site-packages_PyQt6_Qt6_qml_QtQuick_Controls_FluentWinUI3 --> node_venv_lib_python3_12_site-packages_PyQt6_Qt6_qml_QtQuick_Controls_FluentWinUI3_icons["icons"]\n    node_venv_lib_python3_12_site-packages_PyQt6_Qt6_qml_QtQuick_Controls_FluentWinUI3_icons --> node_venv_lib_python3_12_site-packages_PyQt6_Qt6_qml_QtQuick_Controls_FluentWinUI3_icons_search-magnifier@3x_png["search-magnifier@3x.png"]\n    Root --> node_venv["venv"]\n    node_venv --> node_venv_lib["lib"]\n    node_venv_lib --> node_venv_lib_python3_12["python3.12"]\n    node_venv_lib_python3_12 --> node_venv_lib_python3_12_site-packages["site-packages"]\n    node_venv_lib_python3_12_site-packages --> node_venv_lib_python3_12_site-packages_PyQt6["PyQt6"]\n    node_venv_lib_python3_12_site-packages_PyQt6 --> node_venv_lib_python3_12_site-packages_PyQt6_Qt6["Qt6"]\n    node_venv_lib_python3_12_site-packages_PyQt6_Qt6 --> node_venv_lib_python3_12_site-packages_PyQt6_Qt6_qml["qml"]\n    node_venv_lib_python3_12_site-packages_PyQt6_Qt6_qml --> node_venv_lib_python3_12_site-packages_PyQt6_Qt6_qml_QtQuick["QtQuick"]\n    node_venv_lib_python3_12_site-packages_PyQt6_Qt6_qml_QtQuick --> node_venv_lib_python3_12_site-packages_PyQt6_Qt6_qml_QtQuick_Controls["Controls"]\n    node_venv_lib_python3_12_site-packages_PyQt6_Qt6_qml_QtQuick_Controls --> node_venv_lib_python3_12_site-packages_PyQt6_Qt6_qml_QtQuick_Controls_FluentWinUI3["FluentWinUI3"]\n    node_venv_lib_python3_12_site-packages_PyQt6_Qt6_qml_QtQuick_Controls_FluentWinUI3 --> node_venv_lib_python3_12_site-packages_PyQt6_Qt6_qml_QtQuick_Controls_FluentWinUI3_light["light"]\n    node_venv_lib_python3_12_site-packages_PyQt6_Qt6_qml_QtQuick_Controls_FluentWinUI3_light --> node_venv_lib_python3_12_site-packages_PyQt6_Qt6_qml_QtQuick_Controls_FluentWinUI3_light_images["images"]\n    node_venv_lib_python3_12_site-packages_PyQt6_Qt6_qml_QtQuick_Controls_FluentWinUI3_light_images --> node_venv_lib_python3_12_site-packages_PyQt6_Qt6_qml_QtQuick_Controls_FluentWinUI3_light_images_checkbox-indicator-checked-disabled_png["checkbox-indicator-checked-disabled.png"]\n    Root --> node_venv["venv"]\n    node_venv --> node_venv_lib["lib"]\n    node_venv_lib --> node_venv_lib_python3_12["python3.12"]\n    node_venv_lib_python3_12 --> node_venv_lib_python3_12_site-packages["site-packages"]\n    node_venv_lib_python3_12_site-packages --> node_venv_lib_python3_12_site-packages_PyQt6["PyQt6"]\n    node_venv_lib_python3_12_site-packages_PyQt6 --> node_venv_lib_python3_12_site-packages_PyQt6_Qt6["Qt6"]\n    node_venv_lib_python3_12_site-packages_PyQt6_Qt6 --> node_venv_lib_python3_12_site-packages_PyQt6_Qt6_qml["qml"]\n    node_venv_lib_python3_12_site-packages_PyQt6_Qt6_qml --> node_venv_lib_python3_12_site-packages_PyQt6_Qt6_qml_QtQuick["QtQuick"]\n    node_venv_lib_python3_12_site-packages_PyQt6_Qt6_qml_QtQuick --> node_venv_lib_python3_12_site-packages_PyQt6_Qt6_qml_QtQuick_Controls["Controls"]\n    node_venv_lib_python3_12_site-packages_PyQt6_Qt6_qml_QtQuick_Controls --> node_venv_lib_python3_12_site-packages_PyQt6_Qt6_qml_QtQuick_Controls_FluentWinUI3["FluentWinUI3"]\n    node_venv_lib_python3_12_site-packages_PyQt6_Qt6_qml_QtQuick_Controls_FluentWinUI3 --> node_venv_lib_python3_12_site-packages_PyQt6_Qt6_qml_QtQuick_Controls_FluentWinUI3_light["light"]\n    node_venv_lib_python3_12_site-packages_PyQt6_Qt6_qml_QtQuick_Controls_FluentWinUI3_light --> node_venv_lib_python3_12_site-packages_PyQt6_Qt6_qml_QtQuick_Controls_FluentWinUI3_light_images["images"]\n    node_venv_lib_python3_12_site-packages_PyQt6_Qt6_qml_QtQuick_Controls_FluentWinUI3_light_images --> node_venv_lib_python3_12_site-packages_PyQt6_Qt6_qml_QtQuick_Controls_FluentWinUI3_light_images_checkbox-indicator-checked-disabled@2x_png["checkbox-indicator-checked-disabled@2x.png"]\n    Root --> node_venv["venv"]\n    node_venv --> node_venv_lib["lib"]\n    node_venv_lib --> node_venv_lib_python3_12["python3.12"]\n    node_venv_lib_python3_12 --> node_venv_lib_python3_12_site-packages["site-packages"]\n    node_venv_lib_python3_12_site-packages --> node_venv_lib_python3_12_site-packages_PyQt6["PyQt6"]\n    node_venv_lib_python3_12_site-packages_PyQt6 --> node_venv_lib_python3_12_site-packages_PyQt6_Qt6["Qt6"]\n    node_venv_lib_python3_12_site-packages_PyQt6_Qt6 --> node_venv_lib_python3_12_site-packages_PyQt6_Qt6_qml["qml"]\n    node_venv_lib_python3_12_site-packages_PyQt6_Qt6_qml --> node_venv_lib_python3_12_site-packages_PyQt6_Qt6_qml_QtQuick["QtQuick"]\n    node_venv_lib_python3_12_site-packages_PyQt6_Qt6_qml_QtQuick --> node_venv_lib_python3_12_site-packages_PyQt6_Qt6_qml_QtQuick_Controls["Controls"]\n    node_venv_lib_python3_12_site-packages_PyQt6_Qt6_qml_QtQuick_Controls --> node_venv_lib_python3_12_site-packages_PyQt6_Qt6_qml_QtQuick_Controls_FluentWinUI3["FluentWinUI3"]\n    node_venv_lib_python3_12_site-packages_PyQt6_Qt6_qml_QtQuick_Controls_FluentWinUI3 --> node_venv_lib_python3_12_site-packages_PyQt6_Qt6_qml_QtQuick_Controls_FluentWinUI3_light["light"]\n    node_venv_lib_python3_12_site-packages_PyQt6_Qt6_qml_QtQuick_Controls_FluentWinUI3_light --> node_venv_lib_python3_12_site-packages_PyQt6_Qt6_qml_QtQuick_Controls_FluentWinUI3_light_images["images"]\n    node_venv_lib_python3_12_site-packages_PyQt6_Qt6_qml_QtQuick_Controls_FluentWinUI3_light_images --> node_venv_lib_python3_12_site-packages_PyQt6_Qt6_qml_QtQuick_Controls_FluentWinUI3_light_images_checkbox-indicator-checked-disabled@3x_png["checkbox-indicator-checked-disabled@3x.png"]\n    Root --> node_venv["venv"]\n    node_venv --> node_venv_lib["lib"]\n    node_venv_lib --> node_venv_lib_python3_12["python3.12"]\n    node_venv_lib_python3_12 --> node_venv_lib_python3_12_site-packages["site-packages"]\n    node_venv_lib_python3_12_site-packages --> node_venv_lib_python3_12_site-packages_PyQt6["PyQt6"]\n    node_venv_lib_python3_12_site-packages_PyQt6 --> node_venv_lib_python3_12_site-packages_PyQt6_Qt6["Qt6"]\n    node_venv_lib_python3_12_site-packages_PyQt6_Qt6 --> node_venv_lib_python3_12_site-packages_PyQt6_Qt6_qml["qml"]\n    node_venv_lib_python3_12_site-packages_PyQt6_Qt6_qml --> node_venv_lib_python3_12_site-packages_PyQt6_Qt6_qml_QtQuick["QtQuick"]\n    node_venv_lib_python3_12_site-packages_PyQt6_Qt6_qml_QtQuick --> node_venv_lib_python3_12_site-packages_PyQt6_Qt6_qml_QtQuick_Controls["Controls"]\n    node_venv_lib_python3_12_site-packages_PyQt6_Qt6_qml_QtQuick_Controls --> node_venv_lib_python3_12_site-packages_PyQt6_Qt6_qml_QtQuick_Controls_FluentWinUI3["FluentWinUI3"]\n    node_venv_lib_python3_12_site-packages_PyQt6_Qt6_qml_QtQuick_Controls_FluentWinUI3 --> node_venv_lib_python3_12_site-packages_PyQt6_Qt6_qml_QtQuick_Controls_FluentWinUI3_light["light"]\n    node_venv_lib_python3_12_site-packages_PyQt6_Qt6_qml_QtQuick_Controls_FluentWinUI3_light --> node_venv_lib_python3_12_site-packages_PyQt6_Qt6_qml_QtQuick_Controls_FluentWinUI3_light_images["images"]\n    node_venv_lib_python3_12_site-packages_PyQt6_Qt6_qml_QtQuick_Controls_FluentWinUI3_light_images --> node_venv_lib_python3_12_site-packages_PyQt6_Qt6_qml_QtQuick_Controls_FluentWinUI3_light_images_checkbox-indicator-checked-hovered_png["checkbox-indicator-checked-hovered.png"]\n    Root --> node_venv["venv"]\n    node_venv --> node_venv_lib["lib"]\n    node_venv_lib --> node_venv_lib_python3_12["python3.12"]\n    node_venv_lib_python3_12 --> node_venv_lib_python3_12_site-packages["site-packages"]\n    node_venv_lib_python3_12_site-packages --> node_venv_lib_python3_12_site-packages_PyQt6["PyQt6"]\n    node_venv_lib_python3_12_site-packages_PyQt6 --> node_venv_lib_python3_12_site-packages_PyQt6_Qt6["Qt6"]\n    node_venv_lib_python3_12_site-packages_PyQt6_Qt6 --> node_venv_lib_python3_12_site-packages_PyQt6_Qt6_qml["qml"]\n    node_venv_lib_python3_12_site-packages_PyQt6_Qt6_qml --> node_venv_lib_python3_12_site-packages_PyQt6_Qt6_qml_QtQuick["QtQuick"]\n    node_venv_lib_python3_12_site-packages_PyQt6_Qt6_qml_QtQuick --> node_venv_lib_python3_12_site-packages_PyQt6_Qt6_qml_QtQuick_Controls["Controls"]\n    node_venv_lib_python3_12_site-packages_PyQt6_Qt6_qml_QtQuick_Controls --> node_venv_lib_python3_12_site-packages_PyQt6_Qt6_qml_QtQuick_Controls_FluentWinUI3["FluentWinUI3"]\n    node_venv_lib_python3_12_site-packages_PyQt6_Qt6_qml_QtQuick_Controls_FluentWinUI3 --> node_venv_lib_python3_12_site-packages_PyQt6_Qt6_qml_QtQuick_Controls_FluentWinUI3_light["light"]\n    node_venv_lib_python3_12_site-packages_PyQt6_Qt6_qml_QtQuick_Controls_FluentWinUI3_light --> node_venv_lib_python3_12_site-packages_PyQt6_Qt6_qml_QtQuick_Controls_FluentWinUI3_light_images["images"]\n    node_venv_lib_python3_12_site-packages_PyQt6_Qt6_qml_QtQuick_Controls_FluentWinUI3_light_images --> node_venv_lib_python3_12_site-packages_PyQt6_Qt6_qml_QtQuick_Controls_FluentWinUI3_light_images_checkbox-indicator-checked-hovered@2x_png["checkbox-indicator-checked-hovered@2x.png"]\n    Root --> node_venv["venv"]\n    node_venv --> node_venv_lib["lib"]\n    node_venv_lib --> node_venv_lib_python3_12["python3.12"]\n    node_venv_lib_python3_12 --> node_venv_lib_python3_12_site-packages["site-packages"]\n    node_venv_lib_python3_12_site-packages --> node_venv_lib_python3_12_site-packages_PyQt6["PyQt6"]\n    node_venv_lib_python3_12_site-packages_PyQt6 --> node_venv_lib_python3_12_site-packages_PyQt6_Qt6["Qt6"]\n    node_venv_lib_python3_12_site-packages_PyQt6_Qt6 --> node_venv_lib_python3_12_site-packages_PyQt6_Qt6_qml["qml"]\n    node_venv_lib_python3_12_site-packages_PyQt6_Qt6_qml --> node_venv_lib_python3_12_site-packages_PyQt6_Qt6_qml_QtQuick["QtQuick"]\n    node_venv_lib_python3_12_site-packages_PyQt6_Qt6_qml_QtQuick --> node_venv_lib_python3_12_site-packages_PyQt6_Qt6_qml_QtQuick_Controls["Controls"]\n    node_venv_lib_python3_12_site-packages_PyQt6_Qt6_qml_QtQuick_Controls --> node_venv_lib_python3_12_site-packages_PyQt6_Qt6_qml_QtQuick_Controls_FluentWinUI3["FluentWinUI3"]\n    node_venv_lib_python3_12_site-packages_PyQt6_Qt6_qml_QtQuick_Controls_FluentWinUI3 --> node_venv_lib_python3_12_site-packages_PyQt6_Qt6_qml_QtQuick_Controls_FluentWinUI3_light["light"]\n    node_venv_lib_python3_12_site-packages_PyQt6_Qt6_qml_QtQuick_Controls_FluentWinUI3_light --> node_venv_lib_python3_12_site-packages_PyQt6_Qt6_qml_QtQuick_Controls_FluentWinUI3_light_images["images"]\n    node_venv_lib_python3_12_site-packages_PyQt6_Qt6_qml_QtQuick_Controls_FluentWinUI3_light_images --> node_venv_lib_python3_12_site-packages_PyQt6_Qt6_qml_QtQuick_Controls_FluentWinUI3_light_images_checkbox-indicator-checked-hovered@3x_png["checkbox-indicator-checked-hovered@3x.png"]\n    Root --> node_venv["venv"]\n    node_venv --> node_venv_lib["lib"]\n    node_venv_lib --> node_venv_lib_python3_12["python3.12"]\n    node_venv_lib_python3_12 --> node_venv_lib_python3_12_site-packages["site-packages"]\n    node_venv_lib_python3_12_site-packages --> node_venv_lib_python3_12_site-packages_PyQt6["PyQt6"]\n    node_venv_lib_python3_12_site-packages_PyQt6 --> node_venv_lib_python3_12_site-packages_PyQt6_Qt6["Qt6"]\n    node_venv_lib_python3_12_site-packages_PyQt6_Qt6 --> node_venv_lib_python3_12_site-packages_PyQt6_Qt6_qml["qml"]\n    node_venv_lib_python3_12_site-packages_PyQt6_Qt6_qml --> node_venv_lib_python3_12_site-packages_PyQt6_Qt6_qml_QtQuick["QtQuick"]\n    node_venv_lib_python3_12_site-packages_PyQt6_Qt6_qml_QtQuick --> node_venv_lib_python3_12_site-packages_PyQt6_Qt6_qml_QtQuick_Controls["Controls"]\n    node_venv_lib_python3_12_site-packages_PyQt6_Qt6_qml_QtQuick_Controls --> node_venv_lib_python3_12_site-packages_PyQt6_Qt6_qml_QtQuick_Controls_FluentWinUI3["FluentWinUI3"]\n    node_venv_lib_python3_12_site-packages_PyQt6_Qt6_qml_QtQuick_Controls_FluentWinUI3 --> node_venv_lib_python3_12_site-packages_PyQt6_Qt6_qml_QtQuick_Controls_FluentWinUI3_light["light"]\n    node_venv_lib_python3_12_site-packages_PyQt6_Qt6_qml_QtQuick_Controls_FluentWinUI3_light --> node_venv_lib_python3_12_site-packages_PyQt6_Qt6_qml_QtQuick_Controls_FluentWinUI3_light_images["images"]\n    node_venv_lib_python3_12_site-packages_PyQt6_Qt6_qml_QtQuick_Controls_FluentWinUI3_light_images --> node_venv_lib_python3_12_site-packages_PyQt6_Qt6_qml_QtQuick_Controls_FluentWinUI3_light_images_checkbox-indicator-checked-pressed_png["checkbox-indicator-checked-pressed.png"]\n    Root --> node_venv["venv"]\n    node_venv --> node_venv_lib["lib"]\n    node_venv_lib --> node_venv_lib_python3_12["python3.12"]\n    node_venv_lib_python3_12 --> node_venv_lib_python3_12_site-packages["site-packages"]\n    node_venv_lib_python3_12_site-packages --> node_venv_lib_python3_12_site-packages_PyQt6["PyQt6"]\n    node_venv_lib_python3_12_site-packages_PyQt6 --> node_venv_lib_python3_12_site-packages_PyQt6_Qt6["Qt6"]\n    node_venv_lib_python3_12_site-packages_PyQt6_Qt6 --> node_venv_lib_python3_12_site-packages_PyQt6_Qt6_qml["qml"]\n    node_venv_lib_python3_12_site-packages_PyQt6_Qt6_qml --> node_venv_lib_python3_12_site-packages_PyQt6_Qt6_qml_QtQuick["QtQuick"]\n    node_venv_lib_python3_12_site-packages_PyQt6_Qt6_qml_QtQuick --> node_venv_lib_python3_12_site-packages_PyQt6_Qt6_qml_QtQuick_Controls["Controls"]\n    node_venv_lib_python3_12_site-packages_PyQt6_Qt6_qml_QtQuick_Controls --> node_venv_lib_python3_12_site-packages_PyQt6_Qt6_qml_QtQuick_Controls_FluentWinUI3["FluentWinUI3"]\n    node_venv_lib_python3_12_site-packages_PyQt6_Qt6_qml_QtQuick_Controls_FluentWinUI3 --> node_venv_lib_python3_12_site-packages_PyQt6_Qt6_qml_QtQuick_Controls_FluentWinUI3_light["light"]\n    node_venv_lib_python3_12_site-packages_PyQt6_Qt6_qml_QtQuick_Controls_FluentWinUI3_light --> node_venv_lib_python3_12_site-packages_PyQt6_Qt6_qml_QtQuick_Controls_FluentWinUI3_light_images["images"]\n    node_venv_lib_python3_12_site-packages_PyQt6_Qt6_qml_QtQuick_Controls_FluentWinUI3_light_images --> node_venv_lib_python3_12_site-packages_PyQt6_Qt6_qml_QtQuick_Controls_FluentWinUI3_light_images_checkbox-indicator-checked-pressed@2x_png["checkbox-indicator-checked-pressed@2x.png"]\n    Root --> node_venv["venv"]\n    node_venv --> node_venv_lib["lib"]\n    node_venv_lib --> node_venv_lib_python3_12["python3.12"]\n    node_venv_lib_python3_12 --> node_venv_lib_python3_12_site-packages["site-packages"]\n    node_venv_lib_python3_12_site-packages --> node_venv_lib_python3_12_site-packages_PyQt6["PyQt6"]\n    node_venv_lib_python3_12_site-packages_PyQt6 --> node_venv_lib_python3_12_site-packages_PyQt6_Qt6["Qt6"]\n    node_venv_lib_python3_12_site-packages_PyQt6_Qt6 --> node_venv_lib_python3_12_site-packages_PyQt6_Qt6_qml["qml"]\n    node_venv_lib_python3_12_site-packages_PyQt6_Qt6_qml --> node_venv_lib_python3_12_site-packages_PyQt6_Qt6_qml_QtQuick["QtQuick"]\n    node_venv_lib_python3_12_site-packages_PyQt6_Qt6_qml_QtQuick --> node_venv_lib_python3_12_site-packages_PyQt6_Qt6_qml_QtQuick_Controls["Controls"]\n    node_venv_lib_python3_12_site-packages_PyQt6_Qt6_qml_QtQuick_Controls --> node_venv_lib_python3_12_site-packages_PyQt6_Qt6_qml_QtQuick_Controls_FluentWinUI3["FluentWinUI3"]\n    node_venv_lib_python3_12_site-packages_PyQt6_Qt6_qml_QtQuick_Controls_FluentWinUI3 --> node_venv_lib_python3_12_site-packages_PyQt6_Qt6_qml_QtQuick_Controls_FluentWinUI3_light["light"]\n    node_venv_lib_python3_12_site-packages_PyQt6_Qt6_qml_QtQuick_Controls_FluentWinUI3_light --> node_venv_lib_python3_12_site-packages_PyQt6_Qt6_qml_QtQuick_Controls_FluentWinUI3_light_images["images"]\n    node_venv_lib_python3_12_site-packages_PyQt6_Qt6_qml_QtQuick_Controls_FluentWinUI3_light_images --> node_venv_lib_python3_12_site-packages_PyQt6_Qt6_qml_QtQuick_Controls_FluentWinUI3_light_images_checkbox-indicator-checked-pressed@3x_png["checkbox-indicator-checked-pressed@3x.png"]\n    Root --> node_venv["venv"]\n    node_venv --> node_venv_lib["lib"]\n    node_venv_lib --> node_venv_lib_python3_12["python3.12"]\n    node_venv_lib_python3_12 --> node_venv_lib_python3_12_site-packages["site-packages"]\n    node_venv_lib_python3_12_site-packages --> node_venv_lib_python3_12_site-packages_PyQt6["PyQt6"]\n    node_venv_lib_python3_12_site-packages_PyQt6 --> node_venv_lib_python3_12_site-packages_PyQt6_Qt6["Qt6"]\n    node_venv_lib_python3_12_site-packages_PyQt6_Qt6 --> node_venv_lib_python3_12_site-packages_PyQt6_Qt6_qml["qml"]\n    node_venv_lib_python3_12_site-packages_PyQt6_Qt6_qml --> node_venv_lib_python3_12_site-packages_PyQt6_Qt6_qml_QtQuick["QtQuick"]\n    node_venv_lib_python3_12_site-packages_PyQt6_Qt6_qml_QtQuick --> node_venv_lib_python3_12_site-packages_PyQt6_Qt6_qml_QtQuick_Controls["Controls"]\n    node_venv_lib_python3_12_site-packages_PyQt6_Qt6_qml_QtQuick_Controls --> node_venv_lib_python3_12_site-packages_PyQt6_Qt6_qml_QtQuick_Controls_FluentWinUI3["FluentWinUI3"]\n    node_venv_lib_python3_12_site-packages_PyQt6_Qt6_qml_QtQuick_Controls_FluentWinUI3 --> node_venv_lib_python3_12_site-packages_PyQt6_Qt6_qml_QtQuick_Controls_FluentWinUI3_light["light"]\n    node_venv_lib_python3_12_site-packages_PyQt6_Qt6_qml_QtQuick_Controls_FluentWinUI3_light --> node_venv_lib_python3_12_site-packages_PyQt6_Qt6_qml_QtQuick_Controls_FluentWinUI3_light_images["images"]\n    node_venv_lib_python3_12_site-packages_PyQt6_Qt6_qml_QtQuick_Controls_FluentWinUI3_light_images --> node_venv_lib_python3_12_site-packages_PyQt6_Qt6_qml_QtQuick_Controls_FluentWinUI3_light_images_checkbox-indicator-checked_png["checkbox-indicator-checked.png"]\n    Root --> node_venv["venv"]\n    node_venv --> node_venv_lib["lib"]\n    node_venv_lib --> node_venv_lib_python3_12["python3.12"]\n    node_venv_lib_python3_12 --> node_venv_lib_python3_12_site-packages["site-packages"]\n    node_venv_lib_python3_12_site-packages --> node_venv_lib_python3_12_site-packages_PyQt6["PyQt6"]\n    node_venv_lib_python3_12_site-packages_PyQt6 --> node_venv_lib_python3_12_site-packages_PyQt6_Qt6["Qt6"]\n    node_venv_lib_python3_12_site-packages_PyQt6_Qt6 --> node_venv_lib_python3_12_site-packages_PyQt6_Qt6_qml["qml"]\n    node_venv_lib_python3_12_site-packages_PyQt6_Qt6_qml --> node_venv_lib_python3_12_site-packages_PyQt6_Qt6_qml_QtQuick["QtQuick"]\n    node_venv_lib_python3_12_site-packages_PyQt6_Qt6_qml_QtQuick --> node_venv_lib_python3_12_site-packages_PyQt6_Qt6_qml_QtQuick_Controls["Controls"]\n    node_venv_lib_python3_12_site-packages_PyQt6_Qt6_qml_QtQuick_Controls --> node_venv_lib_python3_12_site-packages_PyQt6_Qt6_qml_QtQuick_Controls_FluentWinUI3["FluentWinUI3"]\n    node_venv_lib_python3_12_site-packages_PyQt6_Qt6_qml_QtQuick_Controls_FluentWinUI3 --> node_venv_lib_python3_12_site-packages_PyQt6_Qt6_qml_QtQuick_Controls_FluentWinUI3_light["light"]\n    node_venv_lib_python3_12_site-packages_PyQt6_Qt6_qml_QtQuick_Controls_FluentWinUI3_light --> node_venv_lib_python3_12_site-packages_PyQt6_Qt6_qml_QtQuick_Controls_FluentWinUI3_light_images["images"]\n    node_venv_lib_python3_12_site-packages_PyQt6_Qt6_qml_QtQuick_Controls_FluentWinUI3_light_images --> node_venv_lib_python3_12_site-packages_PyQt6_Qt6_qml_QtQuick_Controls_FluentWinUI3_light_images_checkbox-indicator-checked@2x_png["checkbox-indicator-checked@2x.png"]\n    Root --> node_venv["venv"]\n    node_venv --> node_venv_lib["lib"]\n    node_venv_lib --> node_venv_lib_python3_12["python3.12"]\n    node_venv_lib_python3_12 --> node_venv_lib_python3_12_site-packages["site-packages"]\n    node_venv_lib_python3_12_site-packages --> node_venv_lib_python3_12_site-packages_PyQt6["PyQt6"]\n    node_venv_lib_python3_12_site-packages_PyQt6 --> node_venv_lib_python3_12_site-packages_PyQt6_Qt6["Qt6"]\n    node_venv_lib_python3_12_site-packages_PyQt6_Qt6 --> node_venv_lib_python3_12_site-packages_PyQt6_Qt6_qml["qml"]\n    node_venv_lib_python3_12_site-packages_PyQt6_Qt6_qml --> node_venv_lib_python3_12_site-packages_PyQt6_Qt6_qml_QtQuick["QtQuick"]\n    node_venv_lib_python3_12_site-packages_PyQt6_Qt6_qml_QtQuick --> node_venv_lib_python3_12_site-packages_PyQt6_Qt6_qml_QtQuick_Controls["Controls"]\n    node_venv_lib_python3_12_site-packages_PyQt6_Qt6_qml_QtQuick_Controls --> node_venv_lib_python3_12_site-packages_PyQt6_Qt6_qml_QtQuick_Controls_FluentWinUI3["FluentWinUI3"]\n    node_venv_lib_python3_12_site-packages_PyQt6_Qt6_qml_QtQuick_Controls_FluentWinUI3 --> node_venv_lib_python3_12_site-packages_PyQt6_Qt6_qml_QtQuick_Controls_FluentWinUI3_light["light"]\n    node_venv_lib_python3_12_site-packages_PyQt6_Qt6_qml_QtQuick_Controls_FluentWinUI3_light --> node_venv_lib_python3_12_site-packages_PyQt6_Qt6_qml_QtQuick_Controls_FluentWinUI3_light_images["images"]\n    node_venv_lib_python3_12_site-packages_PyQt6_Qt6_qml_QtQuick_Controls_FluentWinUI3_light_images --> node_venv_lib_python3_12_site-packages_PyQt6_Qt6_qml_QtQuick_Controls_FluentWinUI3_light_images_checkbox-indicator-checked@3x_png["checkbox-indicator-checked@3x.png"]\n    Root --> node_venv["venv"]\n    node_venv --> node_venv_lib["lib"]\n    node_venv_lib --> node_venv_lib_python3_12["python3.12"]\n    node_venv_lib_python3_12 --> node_venv_lib_python3_12_site-packages["site-packages"]\n    node_venv_lib_python3_12_site-packages --> node_venv_lib_python3_12_site-packages_PyQt6["PyQt6"]\n    node_venv_lib_python3_12_site-packages_PyQt6 --> node_venv_lib_python3_12_site-packages_PyQt6_Qt6["Qt6"]\n    node_venv_lib_python3_12_site-packages_PyQt6_Qt6 --> node_venv_lib_python3_12_site-packages_PyQt6_Qt6_qml["qml"]\n    node_venv_lib_python3_12_site-packages_PyQt6_Qt6_qml --> node_venv_lib_python3_12_site-packages_PyQt6_Qt6_qml_QtQuick["QtQuick"]\n    node_venv_lib_python3_12_site-packages_PyQt6_Qt6_qml_QtQuick --> node_venv_lib_python3_12_site-packages_PyQt6_Qt6_qml_QtQuick_Controls["Controls"]\n    node_venv_lib_python3_12_site-packages_PyQt6_Qt6_qml_QtQuick_Controls --> node_venv_lib_python3_12_site-packages_PyQt6_Qt6_qml_QtQuick_Controls_FluentWinUI3["FluentWinUI3"]\n    node_venv_lib_python3_12_site-packages_PyQt6_Qt6_qml_QtQuick_Controls_FluentWinUI3 --> node_venv_lib_python3_12_site-packages_PyQt6_Qt6_qml_QtQuick_Controls_FluentWinUI3_light["light"]\n    node_venv_lib_python3_12_site-packages_PyQt6_Qt6_qml_QtQuick_Controls_FluentWinUI3_light --> node_venv_lib_python3_12_site-packages_PyQt6_Qt6_qml_QtQuick_Controls_FluentWinUI3_light_images["images"]\n    node_venv_lib_python3_12_site-packages_PyQt6_Qt6_qml_QtQuick_Controls_FluentWinUI3_light_images --> node_venv_lib_python3_12_site-packages_PyQt6_Qt6_qml_QtQuick_Controls_FluentWinUI3_light_images_checkbox-indicator-disabled-partiallyChecked_png["checkbox-indicator-disabled-partiallyChecked.png"]\n    Root --> node_venv["venv"]\n    node_venv --> node_venv_lib["lib"]\n    node_venv_lib --> node_venv_lib_python3_12["python3.12"]\n    node_venv_lib_python3_12 --> node_venv_lib_python3_12_site-packages["site-packages"]\n    node_venv_lib_python3_12_site-packages --> node_venv_lib_python3_12_site-packages_PyQt6["PyQt6"]\n    node_venv_lib_python3_12_site-packages_PyQt6 --> node_venv_lib_python3_12_site-packages_PyQt6_Qt6["Qt6"]\n    node_venv_lib_python3_12_site-packages_PyQt6_Qt6 --> node_venv_lib_python3_12_site-packages_PyQt6_Qt6_qml["qml"]\n    node_venv_lib_python3_12_site-packages_PyQt6_Qt6_qml --> node_venv_lib_python3_12_site-packages_PyQt6_Qt6_qml_QtQuick["QtQuick"]\n    node_venv_lib_python3_12_site-packages_PyQt6_Qt6_qml_QtQuick --> node_venv_lib_python3_12_site-packages_PyQt6_Qt6_qml_QtQuick_Controls["Controls"]\n    node_venv_lib_python3_12_site-packages_PyQt6_Qt6_qml_QtQuick_Controls --> node_venv_lib_python3_12_site-packages_PyQt6_Qt6_qml_QtQuick_Controls_FluentWinUI3["FluentWinUI3"]\n    node_venv_lib_python3_12_site-packages_PyQt6_Qt6_qml_QtQuick_Controls_FluentWinUI3 --> node_venv_lib_python3_12_site-packages_PyQt6_Qt6_qml_QtQuick_Controls_FluentWinUI3_light["light"]\n    node_venv_lib_python3_12_site-packages_PyQt6_Qt6_qml_QtQuick_Controls_FluentWinUI3_light --> node_venv_lib_python3_12_site-packages_PyQt6_Qt6_qml_QtQuick_Controls_FluentWinUI3_light_images["images"]\n    node_venv_lib_python3_12_site-packages_PyQt6_Qt6_qml_QtQuick_Controls_FluentWinUI3_light_images --> node_venv_lib_python3_12_site-packages_PyQt6_Qt6_qml_QtQuick_Controls_FluentWinUI3_light_images_checkbox-indicator-disabled-partiallyChecked@2x_png["checkbox-indicator-disabled-partiallyChecked@2x.png"]\n    Root --> node_venv["venv"]\n    node_venv --> node_venv_lib["lib"]\n    node_venv_lib --> node_venv_lib_python3_12["python3.12"]\n    node_venv_lib_python3_12 --> node_venv_lib_python3_12_site-packages["site-packages"]\n    node_venv_lib_python3_12_site-packages --> node_venv_lib_python3_12_site-packages_PyQt6["PyQt6"]\n    node_venv_lib_python3_12_site-packages_PyQt6 --> node_venv_lib_python3_12_site-packages_PyQt6_Qt6["Qt6"]\n    node_venv_lib_python3_12_site-packages_PyQt6_Qt6 --> node_venv_lib_python3_12_site-packages_PyQt6_Qt6_qml["qml"]\n    node_venv_lib_python3_12_site-packages_PyQt6_Qt6_qml --> node_venv_lib_python3_12_site-packages_PyQt6_Qt6_qml_QtQuick["QtQuick"]\n    node_venv_lib_python3_12_site-packages_PyQt6_Qt6_qml_QtQuick --> node_venv_lib_python3_12_site-packages_PyQt6_Qt6_qml_QtQuick_Controls["Controls"]\n    node_venv_lib_python3_12_site-packages_PyQt6_Qt6_qml_QtQuick_Controls --> node_venv_lib_python3_12_site-packages_PyQt6_Qt6_qml_QtQuick_Controls_FluentWinUI3["FluentWinUI3"]\n    node_venv_lib_python3_12_site-packages_PyQt6_Qt6_qml_QtQuick_Controls_FluentWinUI3 --> node_venv_lib_python3_12_site-packages_PyQt6_Qt6_qml_QtQuick_Controls_FluentWinUI3_light["light"]\n    node_venv_lib_python3_12_site-packages_PyQt6_Qt6_qml_QtQuick_Controls_FluentWinUI3_light --> node_venv_lib_python3_12_site-packages_PyQt6_Qt6_qml_QtQuick_Controls_FluentWinUI3_light_images["images"]\n    node_venv_lib_python3_12_site-packages_PyQt6_Qt6_qml_QtQuick_Controls_FluentWinUI3_light_images --> node_venv_lib_python3_12_site-packages_PyQt6_Qt6_qml_QtQuick_Controls_FluentWinUI3_light_images_checkbox-indicator-disabled-partiallyChecked@3x_png["checkbox-indicator-disabled-partiallyChecked@3x.png"]\n    Root --> node_venv["venv"]\n    node_venv --> node_venv_lib["lib"]\n    node_venv_lib --> node_venv_lib_python3_12["python3.12"]\n    node_venv_lib_python3_12 --> node_venv_lib_python3_12_site-packages["site-packages"]\n    node_venv_lib_python3_12_site-packages --> node_venv_lib_python3_12_site-packages_PyQt6["PyQt6"]\n    node_venv_lib_python3_12_site-packages_PyQt6 --> node_venv_lib_python3_12_site-packages_PyQt6_Qt6["Qt6"]\n    node_venv_lib_python3_12_site-packages_PyQt6_Qt6 --> node_venv_lib_python3_12_site-packages_PyQt6_Qt6_qml["qml"]\n    node_venv_lib_python3_12_site-packages_PyQt6_Qt6_qml --> node_venv_lib_python3_12_site-packages_PyQt6_Qt6_qml_QtQuick["QtQuick"]\n    node_venv_lib_python3_12_site-packages_PyQt6_Qt6_qml_QtQuick --> node_venv_lib_python3_12_site-packages_PyQt6_Qt6_qml_QtQuick_Controls["Controls"]\n    node_venv_lib_python3_12_site-packages_PyQt6_Qt6_qml_QtQuick_Controls --> node_venv_lib_python3_12_site-packages_PyQt6_Qt6_qml_QtQuick_Controls_FluentWinUI3["FluentWinUI3"]\n    node_venv_lib_python3_12_site-packages_PyQt6_Qt6_qml_QtQuick_Controls_FluentWinUI3 --> node_venv_lib_python3_12_site-packages_PyQt6_Qt6_qml_QtQuick_Controls_FluentWinUI3_light["light"]\n    node_venv_lib_python3_12_site-packages_PyQt6_Qt6_qml_QtQuick_Controls_FluentWinUI3_light --> node_venv_lib_python3_12_site-packages_PyQt6_Qt6_qml_QtQuick_Controls_FluentWinUI3_light_images["images"]\n    node_venv_lib_python3_12_site-packages_PyQt6_Qt6_qml_QtQuick_Controls_FluentWinUI3_light_images --> node_venv_lib_python3_12_site-packages_PyQt6_Qt6_qml_QtQuick_Controls_FluentWinUI3_light_images_checkbox-indicator-disabled_png["checkbox-indicator-disabled.png"]\n    Root --> node_venv["venv"]\n    node_venv --> node_venv_lib["lib"]\n    node_venv_lib --> node_venv_lib_python3_12["python3.12"]\n    node_venv_lib_python3_12 --> node_venv_lib_python3_12_site-packages["site-packages"]\n    node_venv_lib_python3_12_site-packages --> node_venv_lib_python3_12_site-packages_PyQt6["PyQt6"]\n    node_venv_lib_python3_12_site-packages_PyQt6 --> node_venv_lib_python3_12_site-packages_PyQt6_Qt6["Qt6"]\n    node_venv_lib_python3_12_site-packages_PyQt6_Qt6 --> node_venv_lib_python3_12_site-packages_PyQt6_Qt6_qml["qml"]\n    node_venv_lib_python3_12_site-packages_PyQt6_Qt6_qml --> node_venv_lib_python3_12_site-packages_PyQt6_Qt6_qml_QtQuick["QtQuick"]\n    node_venv_lib_python3_12_site-packages_PyQt6_Qt6_qml_QtQuick --> node_venv_lib_python3_12_site-packages_PyQt6_Qt6_qml_QtQuick_Controls["Controls"]\n    node_venv_lib_python3_12_site-packages_PyQt6_Qt6_qml_QtQuick_Controls --> node_venv_lib_python3_12_site-packages_PyQt6_Qt6_qml_QtQuick_Controls_FluentWinUI3["FluentWinUI3"]\n    node_venv_lib_python3_12_site-packages_PyQt6_Qt6_qml_QtQuick_Controls_FluentWinUI3 --> node_venv_lib_python3_12_site-packages_PyQt6_Qt6_qml_QtQuick_Controls_FluentWinUI3_light["light"]\n    node_venv_lib_python3_12_site-packages_PyQt6_Qt6_qml_QtQuick_Controls_FluentWinUI3_light --> node_venv_lib_python3_12_site-packages_PyQt6_Qt6_qml_QtQuick_Controls_FluentWinUI3_light_images["images"]\n    node_venv_lib_python3_12_site-packages_PyQt6_Qt6_qml_QtQuick_Controls_FluentWinUI3_light_images --> node_venv_lib_python3_12_site-packages_PyQt6_Qt6_qml_QtQuick_Controls_FluentWinUI3_light_images_checkbox-indicator-disabled@2x_png["checkbox-indicator-disabled@2x.png"]\n    Root --> node_venv["venv"]\n    node_venv --> node_venv_lib["lib"]\n    node_venv_lib --> node_venv_lib_python3_12["python3.12"]\n    node_venv_lib_python3_12 --> node_venv_lib_python3_12_site-packages["site-packages"]\n    node_venv_lib_python3_12_site-packages --> node_venv_lib_python3_12_site-packages_PyQt6["PyQt6"]\n    node_venv_lib_python3_12_site-packages_PyQt6 --> node_venv_lib_python3_12_site-packages_PyQt6_Qt6["Qt6"]\n    node_venv_lib_python3_12_site-packages_PyQt6_Qt6 --> node_venv_lib_python3_12_site-packages_PyQt6_Qt6_qml["qml"]\n    node_venv_lib_python3_12_site-packages_PyQt6_Qt6_qml --> node_venv_lib_python3_12_site-packages_PyQt6_Qt6_qml_QtQuick["QtQuick"]\n    node_venv_lib_python3_12_site-packages_PyQt6_Qt6_qml_QtQuick --> node_venv_lib_python3_12_site-packages_PyQt6_Qt6_qml_QtQuick_Controls["Controls"]\n    node_venv_lib_python3_12_site-packages_PyQt6_Qt6_qml_QtQuick_Controls --> node_venv_lib_python3_12_site-packages_PyQt6_Qt6_qml_QtQuick_Controls_FluentWinUI3["FluentWinUI3"]\n    node_venv_lib_python3_12_site-packages_PyQt6_Qt6_qml_QtQuick_Controls_FluentWinUI3 --> node_venv_lib_python3_12_site-packages_PyQt6_Qt6_qml_QtQuick_Controls_FluentWinUI3_light["light"]\n    node_venv_lib_python3_12_site-packages_PyQt6_Qt6_qml_QtQuick_Controls_FluentWinUI3_light --> node_venv_lib_python3_12_site-packages_PyQt6_Qt6_qml_QtQuick_Controls_FluentWinUI3_light_images["images"]\n    node_venv_lib_python3_12_site-packages_PyQt6_Qt6_qml_QtQuick_Controls_FluentWinUI3_light_images --> node_venv_lib_python3_12_site-packages_PyQt6_Qt6_qml_QtQuick_Controls_FluentWinUI3_light_images_checkbox-indicator-disabled@3x_png["checkbox-indicator-disabled@3x.png"]\n    Root --> node_venv["venv"]\n    node_venv --> node_venv_lib["lib"]\n    node_venv_lib --> node_venv_lib_python3_12["python3.12"]\n    node_venv_lib_python3_12 --> node_venv_lib_python3_12_site-packages["site-packages"]\n    node_venv_lib_python3_12_site-packages --> node_venv_lib_python3_12_site-packages_PyQt6["PyQt6"]\n    node_venv_lib_python3_12_site-packages_PyQt6 --> node_venv_lib_python3_12_site-packages_PyQt6_Qt6["Qt6"]\n    node_venv_lib_python3_12_site-packages_PyQt6_Qt6 --> node_venv_lib_python3_12_site-packages_PyQt6_Qt6_qml["qml"]\n    node_venv_lib_python3_12_site-packages_PyQt6_Qt6_qml --> node_venv_lib_python3_12_site-packages_PyQt6_Qt6_qml_QtQuick["QtQuick"]\n    node_venv_lib_python3_12_site-packages_PyQt6_Qt6_qml_QtQuick --> node_venv_lib_python3_12_site-packages_PyQt6_Qt6_qml_QtQuick_Controls["Controls"]\n    node_venv_lib_python3_12_site-packages_PyQt6_Qt6_qml_QtQuick_Controls --> node_venv_lib_python3_12_site-packages_PyQt6_Qt6_qml_QtQuick_Controls_FluentWinUI3["FluentWinUI3"]\n    node_venv_lib_python3_12_site-packages_PyQt6_Qt6_qml_QtQuick_Controls_FluentWinUI3 --> node_venv_lib_python3_12_site-packages_PyQt6_Qt6_qml_QtQuick_Controls_FluentWinUI3_light["light"]\n    node_venv_lib_python3_12_site-packages_PyQt6_Qt6_qml_QtQuick_Controls_FluentWinUI3_light --> node_venv_lib_python3_12_site-packages_PyQt6_Qt6_qml_QtQuick_Controls_FluentWinUI3_light_images["images"]\n    node_venv_lib_python3_12_site-packages_PyQt6_Qt6_qml_QtQuick_Controls_FluentWinUI3_light_images --> node_venv_lib_python3_12_site-packages_PyQt6_Qt6_qml_QtQuick_Controls_FluentWinUI3_light_images_checkbox-indicator-hovered-partiallyChecked_png["checkbox-indicator-hovered-partiallyChecked.png"]\n    Root --> node_venv["venv"]\n    node_venv --> node_venv_lib["lib"]\n    node_venv_lib --> node_venv_lib_python3_12["python3.12"]\n    node_venv_lib_python3_12 --> node_venv_lib_python3_12_site-packages["site-packages"]\n    node_venv_lib_python3_12_site-packages --> node_venv_lib_python3_12_site-packages_PyQt6["PyQt6"]\n    node_venv_lib_python3_12_site-packages_PyQt6 --> node_venv_lib_python3_12_site-packages_PyQt6_Qt6["Qt6"]\n    node_venv_lib_python3_12_site-packages_PyQt6_Qt6 --> node_venv_lib_python3_12_site-packages_PyQt6_Qt6_qml["qml"]\n    node_venv_lib_python3_12_site-packages_PyQt6_Qt6_qml --> node_venv_lib_python3_12_site-packages_PyQt6_Qt6_qml_QtQuick["QtQuick"]\n    node_venv_lib_python3_12_site-packages_PyQt6_Qt6_qml_QtQuick --> node_venv_lib_python3_12_site-packages_PyQt6_Qt6_qml_QtQuick_Controls["Controls"]\n    node_venv_lib_python3_12_site-packages_PyQt6_Qt6_qml_QtQuick_Controls --> node_venv_lib_python3_12_site-packages_PyQt6_Qt6_qml_QtQuick_Controls_FluentWinUI3["FluentWinUI3"]\n    node_venv_lib_python3_12_site-packages_PyQt6_Qt6_qml_QtQuick_Controls_FluentWinUI3 --> node_venv_lib_python3_12_site-packages_PyQt6_Qt6_qml_QtQuick_Controls_FluentWinUI3_light["light"]\n    node_venv_lib_python3_12_site-packages_PyQt6_Qt6_qml_QtQuick_Controls_FluentWinUI3_light --> node_venv_lib_python3_12_site-packages_PyQt6_Qt6_qml_QtQuick_Controls_FluentWinUI3_light_images["images"]\n    node_venv_lib_python3_12_site-packages_PyQt6_Qt6_qml_QtQuick_Controls_FluentWinUI3_light_images --> node_venv_lib_python3_12_site-packages_PyQt6_Qt6_qml_QtQuick_Controls_FluentWinUI3_light_images_checkbox-indicator-hovered-partiallyChecked@2x_png["checkbox-indicator-hovered-partiallyChecked@2x.png"]\n    Root --> node_venv["venv"]\n    node_venv --> node_venv_lib["lib"]\n    node_venv_lib --> node_venv_lib_python3_12["python3.12"]\n    node_venv_lib_python3_12 --> node_venv_lib_python3_12_site-packages["site-packages"]\n    node_venv_lib_python3_12_site-packages --> node_venv_lib_python3_12_site-packages_PyQt6["PyQt6"]\n    node_venv_lib_python3_12_site-packages_PyQt6 --> node_venv_lib_python3_12_site-packages_PyQt6_Qt6["Qt6"]\n    node_venv_lib_python3_12_site-packages_PyQt6_Qt6 --> node_venv_lib_python3_12_site-packages_PyQt6_Qt6_qml["qml"]\n    node_venv_lib_python3_12_site-packages_PyQt6_Qt6_qml --> node_venv_lib_python3_12_site-packages_PyQt6_Qt6_qml_QtQuick["QtQuick"]\n    node_venv_lib_python3_12_site-packages_PyQt6_Qt6_qml_QtQuick --> node_venv_lib_python3_12_site-packages_PyQt6_Qt6_qml_QtQuick_Controls["Controls"]\n    node_venv_lib_python3_12_site-packages_PyQt6_Qt6_qml_QtQuick_Controls --> node_venv_lib_python3_12_site-packages_PyQt6_Qt6_qml_QtQuick_Controls_FluentWinUI3["FluentWinUI3"]\n    node_venv_lib_python3_12_site-packages_PyQt6_Qt6_qml_QtQuick_Controls_FluentWinUI3 --> node_venv_lib_python3_12_site-packages_PyQt6_Qt6_qml_QtQuick_Controls_FluentWinUI3_light["light"]\n    node_venv_lib_python3_12_site-packages_PyQt6_Qt6_qml_QtQuick_Controls_FluentWinUI3_light --> node_venv_lib_python3_12_site-packages_PyQt6_Qt6_qml_QtQuick_Controls_FluentWinUI3_light_images["images"]\n    node_venv_lib_python3_12_site-packages_PyQt6_Qt6_qml_QtQuick_Controls_FluentWinUI3_light_images --> node_venv_lib_python3_12_site-packages_PyQt6_Qt6_qml_QtQuick_Controls_FluentWinUI3_light_images_checkbox-indicator-hovered-partiallyChecked@3x_png["checkbox-indicator-hovered-partiallyChecked@3x.png"]\n    Root --> node_venv["venv"]\n    node_venv --> node_venv_lib["lib"]\n    node_venv_lib --> node_venv_lib_python3_12["python3.12"]\n    node_venv_lib_python3_12 --> node_venv_lib_python3_12_site-packages["site-packages"]\n    node_venv_lib_python3_12_site-packages --> node_venv_lib_python3_12_site-packages_PyQt6["PyQt6"]\n    node_venv_lib_python3_12_site-packages_PyQt6 --> node_venv_lib_python3_12_site-packages_PyQt6_Qt6["Qt6"]\n    node_venv_lib_python3_12_site-packages_PyQt6_Qt6 --> node_venv_lib_python3_12_site-packages_PyQt6_Qt6_qml["qml"]\n    node_venv_lib_python3_12_site-packages_PyQt6_Qt6_qml --> node_venv_lib_python3_12_site-packages_PyQt6_Qt6_qml_QtQuick["QtQuick"]\n    node_venv_lib_python3_12_site-packages_PyQt6_Qt6_qml_QtQuick --> node_venv_lib_python3_12_site-packages_PyQt6_Qt6_qml_QtQuick_Controls["Controls"]\n    node_venv_lib_python3_12_site-packages_PyQt6_Qt6_qml_QtQuick_Controls --> node_venv_lib_python3_12_site-packages_PyQt6_Qt6_qml_QtQuick_Controls_FluentWinUI3["FluentWinUI3"]\n    node_venv_lib_python3_12_site-packages_PyQt6_Qt6_qml_QtQuick_Controls_FluentWinUI3 --> node_venv_lib_python3_12_site-packages_PyQt6_Qt6_qml_QtQuick_Controls_FluentWinUI3_light["light"]\n    node_venv_lib_python3_12_site-packages_PyQt6_Qt6_qml_QtQuick_Controls_FluentWinUI3_light --> node_venv_lib_python3_12_site-packages_PyQt6_Qt6_qml_QtQuick_Controls_FluentWinUI3_light_images["images"]\n    node_venv_lib_python3_12_site-packages_PyQt6_Qt6_qml_QtQuick_Controls_FluentWinUI3_light_images --> node_venv_lib_python3_12_site-packages_PyQt6_Qt6_qml_QtQuick_Controls_FluentWinUI3_light_images_checkbox-indicator-hovered_png["checkbox-indicator-hovered.png"]\n    Root --> node_venv["venv"]\n    node_venv --> node_venv_lib["lib"]\n    node_venv_lib --> node_venv_lib_python3_12["python3.12"]\n    node_venv_lib_python3_12 --> node_venv_lib_python3_12_site-packages["site-packages"]\n    node_venv_lib_python3_12_site-packages --> node_venv_lib_python3_12_site-packages_PyQt6["PyQt6"]\n    node_venv_lib_python3_12_site-packages_PyQt6 --> node_venv_lib_python3_12_site-packages_PyQt6_Qt6["Qt6"]\n    node_venv_lib_python3_12_site-packages_PyQt6_Qt6 --> node_venv_lib_python3_12_site-packages_PyQt6_Qt6_qml["qml"]\n    node_venv_lib_python3_12_site-packages_PyQt6_Qt6_qml --> node_venv_lib_python3_12_site-packages_PyQt6_Qt6_qml_QtQuick["QtQuick"]\n    node_venv_lib_python3_12_site-packages_PyQt6_Qt6_qml_QtQuick --> node_venv_lib_python3_12_site-packages_PyQt6_Qt6_qml_QtQuick_Controls["Controls"]\n    node_venv_lib_python3_12_site-packages_PyQt6_Qt6_qml_QtQuick_Controls --> node_venv_lib_python3_12_site-packages_PyQt6_Qt6_qml_QtQuick_Controls_FluentWinUI3["FluentWinUI3"]\n    node_venv_lib_python3_12_site-packages_PyQt6_Qt6_qml_QtQuick_Controls_FluentWinUI3 --> node_venv_lib_python3_12_site-packages_PyQt6_Qt6_qml_QtQuick_Controls_FluentWinUI3_light["light"]\n    node_venv_lib_python3_12_site-packages_PyQt6_Qt6_qml_QtQuick_Controls_FluentWinUI3_light --> node_venv_lib_python3_12_site-packages_PyQt6_Qt6_qml_QtQuick_Controls_FluentWinUI3_light_images["images"]\n    node_venv_lib_python3_12_site-packages_PyQt6_Qt6_qml_QtQuick_Controls_FluentWinUI3_light_images --> node_venv_lib_python3_12_site-packages_PyQt6_Qt6_qml_QtQuick_Controls_FluentWinUI3_light_images_checkbox-indicator-hovered@2x_png["checkbox-indicator-hovered@2x.png"]\n    Root --> node_venv["venv"]\n    node_venv --> node_venv_lib["lib"]\n    node_venv_lib --> node_venv_lib_python3_12["python3.12"]\n    node_venv_lib_python3_12 --> node_venv_lib_python3_12_site-packages["site-packages"]\n    node_venv_lib_python3_12_site-packages --> node_venv_lib_python3_12_site-packages_PyQt6["PyQt6"]\n    node_venv_lib_python3_12_site-packages_PyQt6 --> node_venv_lib_python3_12_site-packages_PyQt6_Qt6["Qt6"]\n    node_venv_lib_python3_12_site-packages_PyQt6_Qt6 --> node_venv_lib_python3_12_site-packages_PyQt6_Qt6_qml["qml"]\n    node_venv_lib_python3_12_site-packages_PyQt6_Qt6_qml --> node_venv_lib_python3_12_site-packages_PyQt6_Qt6_qml_QtQuick["QtQuick"]\n    node_venv_lib_python3_12_site-packages_PyQt6_Qt6_qml_QtQuick --> node_venv_lib_python3_12_site-packages_PyQt6_Qt6_qml_QtQuick_Controls["Controls"]\n    node_venv_lib_python3_12_site-packages_PyQt6_Qt6_qml_QtQuick_Controls --> node_venv_lib_python3_12_site-packages_PyQt6_Qt6_qml_QtQuick_Controls_FluentWinUI3["FluentWinUI3"]\n    node_venv_lib_python3_12_site-packages_PyQt6_Qt6_qml_QtQuick_Controls_FluentWinUI3 --> node_venv_lib_python3_12_site-packages_PyQt6_Qt6_qml_QtQuick_Controls_FluentWinUI3_light["light"]\n    node_venv_lib_python3_12_site-packages_PyQt6_Qt6_qml_QtQuick_Controls_FluentWinUI3_light --> node_venv_lib_python3_12_site-packages_PyQt6_Qt6_qml_QtQuick_Controls_FluentWinUI3_light_images["images"]\n    node_venv_lib_python3_12_site-packages_PyQt6_Qt6_qml_QtQuick_Controls_FluentWinUI3_light_images --> node_venv_lib_python3_12_site-packages_PyQt6_Qt6_qml_QtQuick_Controls_FluentWinUI3_light_images_checkbox-indicator-hovered@3x_png["checkbox-indicator-hovered@3x.png"]\n    Root --> node_venv["venv"]\n    node_venv --> node_venv_lib["lib"]\n    node_venv_lib --> node_venv_lib_python3_12["python3.12"]\n    node_venv_lib_python3_12 --> node_venv_lib_python3_12_site-packages["site-packages"]\n    node_venv_lib_python3_12_site-packages --> node_venv_lib_python3_12_site-packages_PyQt6["PyQt6"]\n    node_venv_lib_python3_12_site-packages_PyQt6 --> node_venv_lib_python3_12_site-packages_PyQt6_Qt6["Qt6"]\n    node_venv_lib_python3_12_site-packages_PyQt6_Qt6 --> node_venv_lib_python3_12_site-packages_PyQt6_Qt6_qml["qml"]\n    node_venv_lib_python3_12_site-packages_PyQt6_Qt6_qml --> node_venv_lib_python3_12_site-packages_PyQt6_Qt6_qml_QtQuick["QtQuick"]\n    node_venv_lib_python3_12_site-packages_PyQt6_Qt6_qml_QtQuick --> node_venv_lib_python3_12_site-packages_PyQt6_Qt6_qml_QtQuick_Controls["Controls"]\n    node_venv_lib_python3_12_site-packages_PyQt6_Qt6_qml_QtQuick_Controls --> node_venv_lib_python3_12_site-packages_PyQt6_Qt6_qml_QtQuick_Controls_FluentWinUI3["FluentWinUI3"]\n    node_venv_lib_python3_12_site-packages_PyQt6_Qt6_qml_QtQuick_Controls_FluentWinUI3 --> node_venv_lib_python3_12_site-packages_PyQt6_Qt6_qml_QtQuick_Controls_FluentWinUI3_light["light"]\n    node_venv_lib_python3_12_site-packages_PyQt6_Qt6_qml_QtQuick_Controls_FluentWinUI3_light --> node_venv_lib_python3_12_site-packages_PyQt6_Qt6_qml_QtQuick_Controls_FluentWinUI3_light_images["images"]\n    node_venv_lib_python3_12_site-packages_PyQt6_Qt6_qml_QtQuick_Controls_FluentWinUI3_light_images --> node_venv_lib_python3_12_site-packages_PyQt6_Qt6_qml_QtQuick_Controls_FluentWinUI3_light_images_checkbox-indicator-partiallyChecked-pressed_png["checkbox-indicator-partiallyChecked-pressed.png"]\n    Root --> node_venv["venv"]\n    node_venv --> node_venv_lib["lib"]\n    node_venv_lib --> node_venv_lib_python3_12["python3.12"]\n    node_venv_lib_python3_12 --> node_venv_lib_python3_12_site-packages["site-packages"]\n    node_venv_lib_python3_12_site-packages --> node_venv_lib_python3_12_site-packages_PyQt6["PyQt6"]\n    node_venv_lib_python3_12_site-packages_PyQt6 --> node_venv_lib_python3_12_site-packages_PyQt6_Qt6["Qt6"]\n    node_venv_lib_python3_12_site-packages_PyQt6_Qt6 --> node_venv_lib_python3_12_site-packages_PyQt6_Qt6_qml["qml"]\n    node_venv_lib_python3_12_site-packages_PyQt6_Qt6_qml --> node_venv_lib_python3_12_site-packages_PyQt6_Qt6_qml_QtQuick["QtQuick"]\n    node_venv_lib_python3_12_site-packages_PyQt6_Qt6_qml_QtQuick --> node_venv_lib_python3_12_site-packages_PyQt6_Qt6_qml_QtQuick_Controls["Controls"]\n    node_venv_lib_python3_12_site-packages_PyQt6_Qt6_qml_QtQuick_Controls --> node_venv_lib_python3_12_site-packages_PyQt6_Qt6_qml_QtQuick_Controls_FluentWinUI3["FluentWinUI3"]\n    node_venv_lib_python3_12_site-packages_PyQt6_Qt6_qml_QtQuick_Controls_FluentWinUI3 --> node_venv_lib_python3_12_site-packages_PyQt6_Qt6_qml_QtQuick_Controls_FluentWinUI3_light["light"]\n    node_venv_lib_python3_12_site-packages_PyQt6_Qt6_qml_QtQuick_Controls_FluentWinUI3_light --> node_venv_lib_python3_12_site-packages_PyQt6_Qt6_qml_QtQuick_Controls_FluentWinUI3_light_images["images"]\n    node_venv_lib_python3_12_site-packages_PyQt6_Qt6_qml_QtQuick_Controls_FluentWinUI3_light_images --> node_venv_lib_python3_12_site-packages_PyQt6_Qt6_qml_QtQuick_Controls_FluentWinUI3_light_images_checkbox-indicator-partiallyChecked-pressed@2x_png["checkbox-indicator-partiallyChecked-pressed@2x.png"]\n    Root --> node_venv["venv"]\n    node_venv --> node_venv_lib["lib"]\n    node_venv_lib --> node_venv_lib_python3_12["python3.12"]\n    node_venv_lib_python3_12 --> node_venv_lib_python3_12_site-packages["site-packages"]\n    node_venv_lib_python3_12_site-packages --> node_venv_lib_python3_12_site-packages_PyQt6["PyQt6"]\n    node_venv_lib_python3_12_site-packages_PyQt6 --> node_venv_lib_python3_12_site-packages_PyQt6_Qt6["Qt6"]\n    node_venv_lib_python3_12_site-packages_PyQt6_Qt6 --> node_venv_lib_python3_12_site-packages_PyQt6_Qt6_qml["qml"]\n    node_venv_lib_python3_12_site-packages_PyQt6_Qt6_qml --> node_venv_lib_python3_12_site-packages_PyQt6_Qt6_qml_QtQuick["QtQuick"]\n    node_venv_lib_python3_12_site-packages_PyQt6_Qt6_qml_QtQuick --> node_venv_lib_python3_12_site-packages_PyQt6_Qt6_qml_QtQuick_Controls["Controls"]\n    node_venv_lib_python3_12_site-packages_PyQt6_Qt6_qml_QtQuick_Controls --> node_venv_lib_python3_12_site-packages_PyQt6_Qt6_qml_QtQuick_Controls_FluentWinUI3["FluentWinUI3"]\n    node_venv_lib_python3_12_site-packages_PyQt6_Qt6_qml_QtQuick_Controls_FluentWinUI3 --> node_venv_lib_python3_12_site-packages_PyQt6_Qt6_qml_QtQuick_Controls_FluentWinUI3_light["light"]\n    node_venv_lib_python3_12_site-packages_PyQt6_Qt6_qml_QtQuick_Controls_FluentWinUI3_light --> node_venv_lib_python3_12_site-packages_PyQt6_Qt6_qml_QtQuick_Controls_FluentWinUI3_light_images["images"]\n    node_venv_lib_python3_12_site-packages_PyQt6_Qt6_qml_QtQuick_Controls_FluentWinUI3_light_images --> node_venv_lib_python3_12_site-packages_PyQt6_Qt6_qml_QtQuick_Controls_FluentWinUI3_light_images_checkbox-indicator-partiallyChecked-pressed@3x_png["checkbox-indicator-partiallyChecked-pressed@3x.png"]\n    Root --> node_venv["venv"]\n    node_venv --> node_venv_lib["lib"]\n    node_venv_lib --> node_venv_lib_python3_12["python3.12"]\n    node_venv_lib_python3_12 --> node_venv_lib_python3_12_site-packages["site-packages"]\n    node_venv_lib_python3_12_site-packages --> node_venv_lib_python3_12_site-packages_PyQt6["PyQt6"]\n    node_venv_lib_python3_12_site-packages_PyQt6 --> node_venv_lib_python3_12_site-packages_PyQt6_Qt6["Qt6"]\n    node_venv_lib_python3_12_site-packages_PyQt6_Qt6 --> node_venv_lib_python3_12_site-packages_PyQt6_Qt6_qml["qml"]\n    node_venv_lib_python3_12_site-packages_PyQt6_Qt6_qml --> node_venv_lib_python3_12_site-packages_PyQt6_Qt6_qml_QtQuick["QtQuick"]\n    node_venv_lib_python3_12_site-packages_PyQt6_Qt6_qml_QtQuick --> node_venv_lib_python3_12_site-packages_PyQt6_Qt6_qml_QtQuick_Controls["Controls"]\n    node_venv_lib_python3_12_site-packages_PyQt6_Qt6_qml_QtQuick_Controls --> node_venv_lib_python3_12_site-packages_PyQt6_Qt6_qml_QtQuick_Controls_FluentWinUI3["FluentWinUI3"]\n    node_venv_lib_python3_12_site-packages_PyQt6_Qt6_qml_QtQuick_Controls_FluentWinUI3 --> node_venv_lib_python3_12_site-packages_PyQt6_Qt6_qml_QtQuick_Controls_FluentWinUI3_light["light"]\n    node_venv_lib_python3_12_site-packages_PyQt6_Qt6_qml_QtQuick_Controls_FluentWinUI3_light --> node_venv_lib_python3_12_site-packages_PyQt6_Qt6_qml_QtQuick_Controls_FluentWinUI3_light_images["images"]\n    node_venv_lib_python3_12_site-packages_PyQt6_Qt6_qml_QtQuick_Controls_FluentWinUI3_light_images --> node_venv_lib_python3_12_site-packages_PyQt6_Qt6_qml_QtQuick_Controls_FluentWinUI3_light_images_checkbox-indicator-partiallyChecked_png["checkbox-indicator-partiallyChecked.png"]\n    Root --> node_venv["venv"]\n    node_venv --> node_venv_lib["lib"]\n    node_venv_lib --> node_venv_lib_python3_12["python3.12"]\n    node_venv_lib_python3_12 --> node_venv_lib_python3_12_site-packages["site-packages"]\n    node_venv_lib_python3_12_site-packages --> node_venv_lib_python3_12_site-packages_PyQt6["PyQt6"]\n    node_venv_lib_python3_12_site-packages_PyQt6 --> node_venv_lib_python3_12_site-packages_PyQt6_Qt6["Qt6"]\n    node_venv_lib_python3_12_site-packages_PyQt6_Qt6 --> node_venv_lib_python3_12_site-packages_PyQt6_Qt6_qml["qml"]\n    node_venv_lib_python3_12_site-packages_PyQt6_Qt6_qml --> node_venv_lib_python3_12_site-packages_PyQt6_Qt6_qml_QtQuick["QtQuick"]\n    node_venv_lib_python3_12_site-packages_PyQt6_Qt6_qml_QtQuick --> node_venv_lib_python3_12_site-packages_PyQt6_Qt6_qml_QtQuick_Controls["Controls"]\n    node_venv_lib_python3_12_site-packages_PyQt6_Qt6_qml_QtQuick_Controls --> node_venv_lib_python3_12_site-packages_PyQt6_Qt6_qml_QtQuick_Controls_FluentWinUI3["FluentWinUI3"]\n    node_venv_lib_python3_12_site-packages_PyQt6_Qt6_qml_QtQuick_Controls_FluentWinUI3 --> node_venv_lib_python3_12_site-packages_PyQt6_Qt6_qml_QtQuick_Controls_FluentWinUI3_light["light"]\n    node_venv_lib_python3_12_site-packages_PyQt6_Qt6_qml_QtQuick_Controls_FluentWinUI3_light --> node_venv_lib_python3_12_site-packages_PyQt6_Qt6_qml_QtQuick_Controls_FluentWinUI3_light_images["images"]\n    node_venv_lib_python3_12_site-packages_PyQt6_Qt6_qml_QtQuick_Controls_FluentWinUI3_light_images --> node_venv_lib_python3_12_site-packages_PyQt6_Qt6_qml_QtQuick_Controls_FluentWinUI3_light_images_checkbox-indicator-partiallyChecked@2x_png["checkbox-indicator-partiallyChecked@2x.png"]\n    Root --> node_venv["venv"]\n    node_venv --> node_venv_lib["lib"]\n    node_venv_lib --> node_venv_lib_python3_12["python3.12"]\n    node_venv_lib_python3_12 --> node_venv_lib_python3_12_site-packages["site-packages"]\n    node_venv_lib_python3_12_site-packages --> node_venv_lib_python3_12_site-packages_PyQt6["PyQt6"]\n    node_venv_lib_python3_12_site-packages_PyQt6 --> node_venv_lib_python3_12_site-packages_PyQt6_Qt6["Qt6"]\n    node_venv_lib_python3_12_site-packages_PyQt6_Qt6 --> node_venv_lib_python3_12_site-packages_PyQt6_Qt6_qml["qml"]\n    node_venv_lib_python3_12_site-packages_PyQt6_Qt6_qml --> node_venv_lib_python3_12_site-packages_PyQt6_Qt6_qml_QtQuick["QtQuick"]\n    node_venv_lib_python3_12_site-packages_PyQt6_Qt6_qml_QtQuick --> node_venv_lib_python3_12_site-packages_PyQt6_Qt6_qml_QtQuick_Controls["Controls"]\n    node_venv_lib_python3_12_site-packages_PyQt6_Qt6_qml_QtQuick_Controls --> node_venv_lib_python3_12_site-packages_PyQt6_Qt6_qml_QtQuick_Controls_FluentWinUI3["FluentWinUI3"]\n    node_venv_lib_python3_12_site-packages_PyQt6_Qt6_qml_QtQuick_Controls_FluentWinUI3 --> node_venv_lib_python3_12_site-packages_PyQt6_Qt6_qml_QtQuick_Controls_FluentWinUI3_light["light"]\n    node_venv_lib_python3_12_site-packages_PyQt6_Qt6_qml_QtQuick_Controls_FluentWinUI3_light --> node_venv_lib_python3_12_site-packages_PyQt6_Qt6_qml_QtQuick_Controls_FluentWinUI3_light_images["images"]\n    node_venv_lib_python3_12_site-packages_PyQt6_Qt6_qml_QtQuick_Controls_FluentWinUI3_light_images --> node_venv_lib_python3_12_site-packages_PyQt6_Qt6_qml_QtQuick_Controls_FluentWinUI3_light_images_checkbox-indicator-partiallyChecked@3x_png["checkbox-indicator-partiallyChecked@3x.png"]\n    Root --> node_venv["venv"]\n    node_venv --> node_venv_lib["lib"]\n    node_venv_lib --> node_venv_lib_python3_12["python3.12"]\n    node_venv_lib_python3_12 --> node_venv_lib_python3_12_site-packages["site-packages"]\n    node_venv_lib_python3_12_site-packages --> node_venv_lib_python3_12_site-packages_PyQt6["PyQt6"]\n    node_venv_lib_python3_12_site-packages_PyQt6 --> node_venv_lib_python3_12_site-packages_PyQt6_Qt6["Qt6"]\n    node_venv_lib_python3_12_site-packages_PyQt6_Qt6 --> node_venv_lib_python3_12_site-packages_PyQt6_Qt6_qml["qml"]\n    node_venv_lib_python3_12_site-packages_PyQt6_Qt6_qml --> node_venv_lib_python3_12_site-packages_PyQt6_Qt6_qml_QtQuick["QtQuick"]\n    node_venv_lib_python3_12_site-packages_PyQt6_Qt6_qml_QtQuick --> node_venv_lib_python3_12_site-packages_PyQt6_Qt6_qml_QtQuick_Controls["Controls"]\n    node_venv_lib_python3_12_site-packages_PyQt6_Qt6_qml_QtQuick_Controls --> node_venv_lib_python3_12_site-packages_PyQt6_Qt6_qml_QtQuick_Controls_FluentWinUI3["FluentWinUI3"]\n    node_venv_lib_python3_12_site-packages_PyQt6_Qt6_qml_QtQuick_Controls_FluentWinUI3 --> node_venv_lib_python3_12_site-packages_PyQt6_Qt6_qml_QtQuick_Controls_FluentWinUI3_light["light"]\n    node_venv_lib_python3_12_site-packages_PyQt6_Qt6_qml_QtQuick_Controls_FluentWinUI3_light --> node_venv_lib_python3_12_site-packages_PyQt6_Qt6_qml_QtQuick_Controls_FluentWinUI3_light_images["images"]\n    node_venv_lib_python3_12_site-packages_PyQt6_Qt6_qml_QtQuick_Controls_FluentWinUI3_light_images --> node_venv_lib_python3_12_site-packages_PyQt6_Qt6_qml_QtQuick_Controls_FluentWinUI3_light_images_checkbox-indicator-pressed_png["checkbox-indicator-pressed.png"]\n    Root --> node_venv["venv"]\n    node_venv --> node_venv_lib["lib"]\n    node_venv_lib --> node_venv_lib_python3_12["python3.12"]\n    node_venv_lib_python3_12 --> node_venv_lib_python3_12_site-packages["site-packages"]\n    node_venv_lib_python3_12_site-packages --> node_venv_lib_python3_12_site-packages_PyQt6["PyQt6"]\n    node_venv_lib_python3_12_site-packages_PyQt6 --> node_venv_lib_python3_12_site-packages_PyQt6_Qt6["Qt6"]\n    node_venv_lib_python3_12_site-packages_PyQt6_Qt6 --> node_venv_lib_python3_12_site-packages_PyQt6_Qt6_qml["qml"]\n    node_venv_lib_python3_12_site-packages_PyQt6_Qt6_qml --> node_venv_lib_python3_12_site-packages_PyQt6_Qt6_qml_QtQuick["QtQuick"]\n    node_venv_lib_python3_12_site-packages_PyQt6_Qt6_qml_QtQuick --> node_venv_lib_python3_12_site-packages_PyQt6_Qt6_qml_QtQuick_Controls["Controls"]\n    node_venv_lib_python3_12_site-packages_PyQt6_Qt6_qml_QtQuick_Controls --> node_venv_lib_python3_12_site-packages_PyQt6_Qt6_qml_QtQuick_Controls_FluentWinUI3["FluentWinUI3"]\n    node_venv_lib_python3_12_site-packages_PyQt6_Qt6_qml_QtQuick_Controls_FluentWinUI3 --> node_venv_lib_python3_12_site-packages_PyQt6_Qt6_qml_QtQuick_Controls_FluentWinUI3_light["light"]\n    node_venv_lib_python3_12_site-packages_PyQt6_Qt6_qml_QtQuick_Controls_FluentWinUI3_light --> node_venv_lib_python3_12_site-packages_PyQt6_Qt6_qml_QtQuick_Controls_FluentWinUI3_light_images["images"]\n    node_venv_lib_python3_12_site-packages_PyQt6_Qt6_qml_QtQuick_Controls_FluentWinUI3_light_images --> node_venv_lib_python3_12_site-packages_PyQt6_Qt6_qml_QtQuick_Controls_FluentWinUI3_light_images_checkbox-indicator-pressed@2x_png["checkbox-indicator-pressed@2x.png"]\n    Root --> node_venv["venv"]\n    node_venv --> node_venv_lib["lib"]\n    node_venv_lib --> node_venv_lib_python3_12["python3.12"]\n    node_venv_lib_python3_12 --> node_venv_lib_python3_12_site-packages["site-packages"]\n    node_venv_lib_python3_12_site-packages --> node_venv_lib_python3_12_site-packages_PyQt6["PyQt6"]\n    node_venv_lib_python3_12_site-packages_PyQt6 --> node_venv_lib_python3_12_site-packages_PyQt6_Qt6["Qt6"]\n    node_venv_lib_python3_12_site-packages_PyQt6_Qt6 --> node_venv_lib_python3_12_site-packages_PyQt6_Qt6_qml["qml"]\n    node_venv_lib_python3_12_site-packages_PyQt6_Qt6_qml --> node_venv_lib_python3_12_site-packages_PyQt6_Qt6_qml_QtQuick["QtQuick"]\n    node_venv_lib_python3_12_site-packages_PyQt6_Qt6_qml_QtQuick --> node_venv_lib_python3_12_site-packages_PyQt6_Qt6_qml_QtQuick_Controls["Controls"]\n    node_venv_lib_python3_12_site-packages_PyQt6_Qt6_qml_QtQuick_Controls --> node_venv_lib_python3_12_site-packages_PyQt6_Qt6_qml_QtQuick_Controls_FluentWinUI3["FluentWinUI3"]\n    node_venv_lib_python3_12_site-packages_PyQt6_Qt6_qml_QtQuick_Controls_FluentWinUI3 --> node_venv_lib_python3_12_site-packages_PyQt6_Qt6_qml_QtQuick_Controls_FluentWinUI3_light["light"]\n    node_venv_lib_python3_12_site-packages_PyQt6_Qt6_qml_QtQuick_Controls_FluentWinUI3_light --> node_venv_lib_python3_12_site-packages_PyQt6_Qt6_qml_QtQuick_Controls_FluentWinUI3_light_images["images"]\n    node_venv_lib_python3_12_site-packages_PyQt6_Qt6_qml_QtQuick_Controls_FluentWinUI3_light_images --> node_venv_lib_python3_12_site-packages_PyQt6_Qt6_qml_QtQuick_Controls_FluentWinUI3_light_images_checkbox-indicator-pressed@3x_png["checkbox-indicator-pressed@3x.png"]\n    Root --> node_venv["venv"]\n    node_venv --> node_venv_lib["lib"]\n    node_venv_lib --> node_venv_lib_python3_12["python3.12"]\n    node_venv_lib_python3_12 --> node_venv_lib_python3_12_site-packages["site-packages"]\n    node_venv_lib_python3_12_site-packages --> node_venv_lib_python3_12_site-packages_PyQt6["PyQt6"]\n    node_venv_lib_python3_12_site-packages_PyQt6 --> node_venv_lib_python3_12_site-packages_PyQt6_Qt6["Qt6"]\n    node_venv_lib_python3_12_site-packages_PyQt6_Qt6 --> node_venv_lib_python3_12_site-packages_PyQt6_Qt6_qml["qml"]\n    node_venv_lib_python3_12_site-packages_PyQt6_Qt6_qml --> node_venv_lib_python3_12_site-packages_PyQt6_Qt6_qml_QtQuick["QtQuick"]\n    node_venv_lib_python3_12_site-packages_PyQt6_Qt6_qml_QtQuick --> node_venv_lib_python3_12_site-packages_PyQt6_Qt6_qml_QtQuick_Controls["Controls"]\n    node_venv_lib_python3_12_site-packages_PyQt6_Qt6_qml_QtQuick_Controls --> node_venv_lib_python3_12_site-packages_PyQt6_Qt6_qml_QtQuick_Controls_FluentWinUI3["FluentWinUI3"]\n    node_venv_lib_python3_12_site-packages_PyQt6_Qt6_qml_QtQuick_Controls_FluentWinUI3 --> node_venv_lib_python3_12_site-packages_PyQt6_Qt6_qml_QtQuick_Controls_FluentWinUI3_light["light"]\n    node_venv_lib_python3_12_site-packages_PyQt6_Qt6_qml_QtQuick_Controls_FluentWinUI3_light --> node_venv_lib_python3_12_site-packages_PyQt6_Qt6_qml_QtQuick_Controls_FluentWinUI3_light_images["images"]\n    node_venv_lib_python3_12_site-packages_PyQt6_Qt6_qml_QtQuick_Controls_FluentWinUI3_light_images --> node_venv_lib_python3_12_site-packages_PyQt6_Qt6_qml_QtQuick_Controls_FluentWinUI3_light_images_checkbox-indicator_png["checkbox-indicator.png"]\n    Root --> node_venv["venv"]\n    node_venv --> node_venv_lib["lib"]\n    node_venv_lib --> node_venv_lib_python3_12["python3.12"]\n    node_venv_lib_python3_12 --> node_venv_lib_python3_12_site-packages["site-packages"]\n    node_venv_lib_python3_12_site-packages --> node_venv_lib_python3_12_site-packages_PyQt6["PyQt6"]\n    node_venv_lib_python3_12_site-packages_PyQt6 --> node_venv_lib_python3_12_site-packages_PyQt6_Qt6["Qt6"]\n    node_venv_lib_python3_12_site-packages_PyQt6_Qt6 --> node_venv_lib_python3_12_site-packages_PyQt6_Qt6_qml["qml"]\n    node_venv_lib_python3_12_site-packages_PyQt6_Qt6_qml --> node_venv_lib_python3_12_site-packages_PyQt6_Qt6_qml_QtQuick["QtQuick"]\n    node_venv_lib_python3_12_site-packages_PyQt6_Qt6_qml_QtQuick --> node_venv_lib_python3_12_site-packages_PyQt6_Qt6_qml_QtQuick_Controls["Controls"]\n    node_venv_lib_python3_12_site-packages_PyQt6_Qt6_qml_QtQuick_Controls --> node_venv_lib_python3_12_site-packages_PyQt6_Qt6_qml_QtQuick_Controls_FluentWinUI3["FluentWinUI3"]\n    node_venv_lib_python3_12_site-packages_PyQt6_Qt6_qml_QtQuick_Controls_FluentWinUI3 --> node_venv_lib_python3_12_site-packages_PyQt6_Qt6_qml_QtQuick_Controls_FluentWinUI3_light["light"]\n    node_venv_lib_python3_12_site-packages_PyQt6_Qt6_qml_QtQuick_Controls_FluentWinUI3_light --> node_venv_lib_python3_12_site-packages_PyQt6_Qt6_qml_QtQuick_Controls_FluentWinUI3_light_images["images"]\n    node_venv_lib_python3_12_site-packages_PyQt6_Qt6_qml_QtQuick_Controls_FluentWinUI3_light_images --> node_venv_lib_python3_12_site-packages_PyQt6_Qt6_qml_QtQuick_Controls_FluentWinUI3_light_images_checkbox-indicator@2x_png["checkbox-indicator@2x.png"]\n    Root --> node_venv["venv"]\n    node_venv --> node_venv_lib["lib"]\n    node_venv_lib --> node_venv_lib_python3_12["python3.12"]\n    node_venv_lib_python3_12 --> node_venv_lib_python3_12_site-packages["site-packages"]\n    node_venv_lib_python3_12_site-packages --> node_venv_lib_python3_12_site-packages_PyQt6["PyQt6"]\n    node_venv_lib_python3_12_site-packages_PyQt6 --> node_venv_lib_python3_12_site-packages_PyQt6_Qt6["Qt6"]\n    node_venv_lib_python3_12_site-packages_PyQt6_Qt6 --> node_venv_lib_python3_12_site-packages_PyQt6_Qt6_qml["qml"]\n    node_venv_lib_python3_12_site-packages_PyQt6_Qt6_qml --> node_venv_lib_python3_12_site-packages_PyQt6_Qt6_qml_QtQuick["QtQuick"]\n    node_venv_lib_python3_12_site-packages_PyQt6_Qt6_qml_QtQuick --> node_venv_lib_python3_12_site-packages_PyQt6_Qt6_qml_QtQuick_Controls["Controls"]\n    node_venv_lib_python3_12_site-packages_PyQt6_Qt6_qml_QtQuick_Controls --> node_venv_lib_python3_12_site-packages_PyQt6_Qt6_qml_QtQuick_Controls_FluentWinUI3["FluentWinUI3"]\n    node_venv_lib_python3_12_site-packages_PyQt6_Qt6_qml_QtQuick_Controls_FluentWinUI3 --> node_venv_lib_python3_12_site-packages_PyQt6_Qt6_qml_QtQuick_Controls_FluentWinUI3_light["light"]\n    node_venv_lib_python3_12_site-packages_PyQt6_Qt6_qml_QtQuick_Controls_FluentWinUI3_light --> node_venv_lib_python3_12_site-packages_PyQt6_Qt6_qml_QtQuick_Controls_FluentWinUI3_light_images["images"]\n    node_venv_lib_python3_12_site-packages_PyQt6_Qt6_qml_QtQuick_Controls_FluentWinUI3_light_images --> node_venv_lib_python3_12_site-packages_PyQt6_Qt6_qml_QtQuick_Controls_FluentWinUI3_light_images_checkbox-indicator@3x_png["checkbox-indicator@3x.png"]\n    Root --> node_venv["venv"]\n    node_venv --> node_venv_lib["lib"]\n    node_venv_lib --> node_venv_lib_python3_12["python3.12"]\n    node_venv_lib_python3_12 --> node_venv_lib_python3_12_site-packages["site-packages"]\n    node_venv_lib_python3_12_site-packages --> node_venv_lib_python3_12_site-packages_PyQt6["PyQt6"]\n    node_venv_lib_python3_12_site-packages_PyQt6 --> node_venv_lib_python3_12_site-packages_PyQt6_Qt6["Qt6"]\n    node_venv_lib_python3_12_site-packages_PyQt6_Qt6 --> node_venv_lib_python3_12_site-packages_PyQt6_Qt6_qml["qml"]\n    node_venv_lib_python3_12_site-packages_PyQt6_Qt6_qml --> node_venv_lib_python3_12_site-packages_PyQt6_Qt6_qml_QtQuick["QtQuick"]\n    node_venv_lib_python3_12_site-packages_PyQt6_Qt6_qml_QtQuick --> node_venv_lib_python3_12_site-packages_PyQt6_Qt6_qml_QtQuick_Controls["Controls"]\n    node_venv_lib_python3_12_site-packages_PyQt6_Qt6_qml_QtQuick_Controls --> node_venv_lib_python3_12_site-packages_PyQt6_Qt6_qml_QtQuick_Controls_FluentWinUI3["FluentWinUI3"]\n    node_venv_lib_python3_12_site-packages_PyQt6_Qt6_qml_QtQuick_Controls_FluentWinUI3 --> node_venv_lib_python3_12_site-packages_PyQt6_Qt6_qml_QtQuick_Controls_FluentWinUI3_light["light"]\n    node_venv_lib_python3_12_site-packages_PyQt6_Qt6_qml_QtQuick_Controls_FluentWinUI3_light --> node_venv_lib_python3_12_site-packages_PyQt6_Qt6_qml_QtQuick_Controls_FluentWinUI3_light_images["images"]\n    node_venv_lib_python3_12_site-packages_PyQt6_Qt6_qml_QtQuick_Controls_FluentWinUI3_light_images --> node_venv_lib_python3_12_site-packages_PyQt6_Qt6_qml_QtQuick_Controls_FluentWinUI3_light_images_combobox-background-disabled_png["combobox-background-disabled.png"]\n    Root --> node_venv["venv"]\n    node_venv --> node_venv_lib["lib"]\n    node_venv_lib --> node_venv_lib_python3_12["python3.12"]\n    node_venv_lib_python3_12 --> node_venv_lib_python3_12_site-packages["site-packages"]\n    node_venv_lib_python3_12_site-packages --> node_venv_lib_python3_12_site-packages_PyQt6["PyQt6"]\n    node_venv_lib_python3_12_site-packages_PyQt6 --> node_venv_lib_python3_12_site-packages_PyQt6_Qt6["Qt6"]\n    node_venv_lib_python3_12_site-packages_PyQt6_Qt6 --> node_venv_lib_python3_12_site-packages_PyQt6_Qt6_qml["qml"]\n    node_venv_lib_python3_12_site-packages_PyQt6_Qt6_qml --> node_venv_lib_python3_12_site-packages_PyQt6_Qt6_qml_QtQuick["QtQuick"]\n    node_venv_lib_python3_12_site-packages_PyQt6_Qt6_qml_QtQuick --> node_venv_lib_python3_12_site-packages_PyQt6_Qt6_qml_QtQuick_Controls["Controls"]\n    node_venv_lib_python3_12_site-packages_PyQt6_Qt6_qml_QtQuick_Controls --> node_venv_lib_python3_12_site-packages_PyQt6_Qt6_qml_QtQuick_Controls_FluentWinUI3["FluentWinUI3"]\n    node_venv_lib_python3_12_site-packages_PyQt6_Qt6_qml_QtQuick_Controls_FluentWinUI3 --> node_venv_lib_python3_12_site-packages_PyQt6_Qt6_qml_QtQuick_Controls_FluentWinUI3_light["light"]\n    node_venv_lib_python3_12_site-packages_PyQt6_Qt6_qml_QtQuick_Controls_FluentWinUI3_light --> node_venv_lib_python3_12_site-packages_PyQt6_Qt6_qml_QtQuick_Controls_FluentWinUI3_light_images["images"]\n    node_venv_lib_python3_12_site-packages_PyQt6_Qt6_qml_QtQuick_Controls_FluentWinUI3_light_images --> node_venv_lib_python3_12_site-packages_PyQt6_Qt6_qml_QtQuick_Controls_FluentWinUI3_light_images_combobox-background-disabled@2x_png["combobox-background-disabled@2x.png"]\n    Root --> node_venv["venv"]\n    node_venv --> node_venv_lib["lib"]\n    node_venv_lib --> node_venv_lib_python3_12["python3.12"]\n    node_venv_lib_python3_12 --> node_venv_lib_python3_12_site-packages["site-packages"]\n    node_venv_lib_python3_12_site-packages --> node_venv_lib_python3_12_site-packages_PyQt6["PyQt6"]\n    node_venv_lib_python3_12_site-packages_PyQt6 --> node_venv_lib_python3_12_site-packages_PyQt6_Qt6["Qt6"]\n    node_venv_lib_python3_12_site-packages_PyQt6_Qt6 --> node_venv_lib_python3_12_site-packages_PyQt6_Qt6_qml["qml"]\n    node_venv_lib_python3_12_site-packages_PyQt6_Qt6_qml --> node_venv_lib_python3_12_site-packages_PyQt6_Qt6_qml_QtQuick["QtQuick"]\n    node_venv_lib_python3_12_site-packages_PyQt6_Qt6_qml_QtQuick --> node_venv_lib_python3_12_site-packages_PyQt6_Qt6_qml_QtQuick_Controls["Controls"]\n    node_venv_lib_python3_12_site-packages_PyQt6_Qt6_qml_QtQuick_Controls --> node_venv_lib_python3_12_site-packages_PyQt6_Qt6_qml_QtQuick_Controls_FluentWinUI3["FluentWinUI3"]\n    node_venv_lib_python3_12_site-packages_PyQt6_Qt6_qml_QtQuick_Controls_FluentWinUI3 --> node_venv_lib_python3_12_site-packages_PyQt6_Qt6_qml_QtQuick_Controls_FluentWinUI3_light["light"]\n    node_venv_lib_python3_12_site-packages_PyQt6_Qt6_qml_QtQuick_Controls_FluentWinUI3_light --> node_venv_lib_python3_12_site-packages_PyQt6_Qt6_qml_QtQuick_Controls_FluentWinUI3_light_images["images"]\n    node_venv_lib_python3_12_site-packages_PyQt6_Qt6_qml_QtQuick_Controls_FluentWinUI3_light_images --> node_venv_lib_python3_12_site-packages_PyQt6_Qt6_qml_QtQuick_Controls_FluentWinUI3_light_images_combobox-background-disabled@3x_png["combobox-background-disabled@3x.png"]\n    Root --> node_venv["venv"]\n    node_venv --> node_venv_lib["lib"]\n    node_venv_lib --> node_venv_lib_python3_12["python3.12"]\n    node_venv_lib_python3_12 --> node_venv_lib_python3_12_site-packages["site-packages"]\n    node_venv_lib_python3_12_site-packages --> node_venv_lib_python3_12_site-packages_PyQt6["PyQt6"]\n    node_venv_lib_python3_12_site-packages_PyQt6 --> node_venv_lib_python3_12_site-packages_PyQt6_Qt6["Qt6"]\n    node_venv_lib_python3_12_site-packages_PyQt6_Qt6 --> node_venv_lib_python3_12_site-packages_PyQt6_Qt6_qml["qml"]\n    node_venv_lib_python3_12_site-packages_PyQt6_Qt6_qml --> node_venv_lib_python3_12_site-packages_PyQt6_Qt6_qml_QtQuick["QtQuick"]\n    node_venv_lib_python3_12_site-packages_PyQt6_Qt6_qml_QtQuick --> node_venv_lib_python3_12_site-packages_PyQt6_Qt6_qml_QtQuick_Controls["Controls"]\n    node_venv_lib_python3_12_site-packages_PyQt6_Qt6_qml_QtQuick_Controls --> node_venv_lib_python3_12_site-packages_PyQt6_Qt6_qml_QtQuick_Controls_FluentWinUI3["FluentWinUI3"]\n    node_venv_lib_python3_12_site-packages_PyQt6_Qt6_qml_QtQuick_Controls_FluentWinUI3 --> node_venv_lib_python3_12_site-packages_PyQt6_Qt6_qml_QtQuick_Controls_FluentWinUI3_light["light"]\n    node_venv_lib_python3_12_site-packages_PyQt6_Qt6_qml_QtQuick_Controls_FluentWinUI3_light --> node_venv_lib_python3_12_site-packages_PyQt6_Qt6_qml_QtQuick_Controls_FluentWinUI3_light_images["images"]\n    node_venv_lib_python3_12_site-packages_PyQt6_Qt6_qml_QtQuick_Controls_FluentWinUI3_light_images --> node_venv_lib_python3_12_site-packages_PyQt6_Qt6_qml_QtQuick_Controls_FluentWinUI3_light_images_combobox-background-focused_png["combobox-background-focused.png"]\n    Root --> node_venv["venv"]\n    node_venv --> node_venv_lib["lib"]\n    node_venv_lib --> node_venv_lib_python3_12["python3.12"]\n    node_venv_lib_python3_12 --> node_venv_lib_python3_12_site-packages["site-packages"]\n    node_venv_lib_python3_12_site-packages --> node_venv_lib_python3_12_site-packages_PyQt6["PyQt6"]\n    node_venv_lib_python3_12_site-packages_PyQt6 --> node_venv_lib_python3_12_site-packages_PyQt6_Qt6["Qt6"]\n    node_venv_lib_python3_12_site-packages_PyQt6_Qt6 --> node_venv_lib_python3_12_site-packages_PyQt6_Qt6_qml["qml"]\n    node_venv_lib_python3_12_site-packages_PyQt6_Qt6_qml --> node_venv_lib_python3_12_site-packages_PyQt6_Qt6_qml_QtQuick["QtQuick"]\n    node_venv_lib_python3_12_site-packages_PyQt6_Qt6_qml_QtQuick --> node_venv_lib_python3_12_site-packages_PyQt6_Qt6_qml_QtQuick_Controls["Controls"]\n    node_venv_lib_python3_12_site-packages_PyQt6_Qt6_qml_QtQuick_Controls --> node_venv_lib_python3_12_site-packages_PyQt6_Qt6_qml_QtQuick_Controls_FluentWinUI3["FluentWinUI3"]\n    node_venv_lib_python3_12_site-packages_PyQt6_Qt6_qml_QtQuick_Controls_FluentWinUI3 --> node_venv_lib_python3_12_site-packages_PyQt6_Qt6_qml_QtQuick_Controls_FluentWinUI3_light["light"]\n    node_venv_lib_python3_12_site-packages_PyQt6_Qt6_qml_QtQuick_Controls_FluentWinUI3_light --> node_venv_lib_python3_12_site-packages_PyQt6_Qt6_qml_QtQuick_Controls_FluentWinUI3_light_images["images"]\n    node_venv_lib_python3_12_site-packages_PyQt6_Qt6_qml_QtQuick_Controls_FluentWinUI3_light_images --> node_venv_lib_python3_12_site-packages_PyQt6_Qt6_qml_QtQuick_Controls_FluentWinUI3_light_images_combobox-background-focused@2x_png["combobox-background-focused@2x.png"]\n    Root --> node_venv["venv"]\n    node_venv --> node_venv_lib["lib"]\n    node_venv_lib --> node_venv_lib_python3_12["python3.12"]\n    node_venv_lib_python3_12 --> node_venv_lib_python3_12_site-packages["site-packages"]\n    node_venv_lib_python3_12_site-packages --> node_venv_lib_python3_12_site-packages_PyQt6["PyQt6"]\n    node_venv_lib_python3_12_site-packages_PyQt6 --> node_venv_lib_python3_12_site-packages_PyQt6_Qt6["Qt6"]\n    node_venv_lib_python3_12_site-packages_PyQt6_Qt6 --> node_venv_lib_python3_12_site-packages_PyQt6_Qt6_qml["qml"]\n    node_venv_lib_python3_12_site-packages_PyQt6_Qt6_qml --> node_venv_lib_python3_12_site-packages_PyQt6_Qt6_qml_QtQuick["QtQuick"]\n    node_venv_lib_python3_12_site-packages_PyQt6_Qt6_qml_QtQuick --> node_venv_lib_python3_12_site-packages_PyQt6_Qt6_qml_QtQuick_Controls["Controls"]\n    node_venv_lib_python3_12_site-packages_PyQt6_Qt6_qml_QtQuick_Controls --> node_venv_lib_python3_12_site-packages_PyQt6_Qt6_qml_QtQuick_Controls_FluentWinUI3["FluentWinUI3"]\n    node_venv_lib_python3_12_site-packages_PyQt6_Qt6_qml_QtQuick_Controls_FluentWinUI3 --> node_venv_lib_python3_12_site-packages_PyQt6_Qt6_qml_QtQuick_Controls_FluentWinUI3_light["light"]\n    node_venv_lib_python3_12_site-packages_PyQt6_Qt6_qml_QtQuick_Controls_FluentWinUI3_light --> node_venv_lib_python3_12_site-packages_PyQt6_Qt6_qml_QtQuick_Controls_FluentWinUI3_light_images["images"]\n    node_venv_lib_python3_12_site-packages_PyQt6_Qt6_qml_QtQuick_Controls_FluentWinUI3_light_images --> node_venv_lib_python3_12_site-packages_PyQt6_Qt6_qml_QtQuick_Controls_FluentWinUI3_light_images_combobox-background-focused@3x_png["combobox-background-focused@3x.png"]\n    Root --> node_venv["venv"]\n    node_venv --> node_venv_lib["lib"]\n    node_venv_lib --> node_venv_lib_python3_12["python3.12"]\n    node_venv_lib_python3_12 --> node_venv_lib_python3_12_site-packages["site-packages"]\n    node_venv_lib_python3_12_site-packages --> node_venv_lib_python3_12_site-packages_PyQt6["PyQt6"]\n    node_venv_lib_python3_12_site-packages_PyQt6 --> node_venv_lib_python3_12_site-packages_PyQt6_Qt6["Qt6"]\n    node_venv_lib_python3_12_site-packages_PyQt6_Qt6 --> node_venv_lib_python3_12_site-packages_PyQt6_Qt6_qml["qml"]\n    node_venv_lib_python3_12_site-packages_PyQt6_Qt6_qml --> node_venv_lib_python3_12_site-packages_PyQt6_Qt6_qml_QtQuick["QtQuick"]\n    node_venv_lib_python3_12_site-packages_PyQt6_Qt6_qml_QtQuick --> node_venv_lib_python3_12_site-packages_PyQt6_Qt6_qml_QtQuick_Controls["Controls"]\n    node_venv_lib_python3_12_site-packages_PyQt6_Qt6_qml_QtQuick_Controls --> node_venv_lib_python3_12_site-packages_PyQt6_Qt6_qml_QtQuick_Controls_FluentWinUI3["FluentWinUI3"]\n    node_venv_lib_python3_12_site-packages_PyQt6_Qt6_qml_QtQuick_Controls_FluentWinUI3 --> node_venv_lib_python3_12_site-packages_PyQt6_Qt6_qml_QtQuick_Controls_FluentWinUI3_light["light"]\n    node_venv_lib_python3_12_site-packages_PyQt6_Qt6_qml_QtQuick_Controls_FluentWinUI3_light --> node_venv_lib_python3_12_site-packages_PyQt6_Qt6_qml_QtQuick_Controls_FluentWinUI3_light_images["images"]\n    node_venv_lib_python3_12_site-packages_PyQt6_Qt6_qml_QtQuick_Controls_FluentWinUI3_light_images --> node_venv_lib_python3_12_site-packages_PyQt6_Qt6_qml_QtQuick_Controls_FluentWinUI3_light_images_combobox-background-hovered-open_png["combobox-background-hovered-open.png"]\n    Root --> node_venv["venv"]\n    node_venv --> node_venv_lib["lib"]\n    node_venv_lib --> node_venv_lib_python3_12["python3.12"]\n    node_venv_lib_python3_12 --> node_venv_lib_python3_12_site-packages["site-packages"]\n    node_venv_lib_python3_12_site-packages --> node_venv_lib_python3_12_site-packages_PyQt6["PyQt6"]\n    node_venv_lib_python3_12_site-packages_PyQt6 --> node_venv_lib_python3_12_site-packages_PyQt6_Qt6["Qt6"]\n    node_venv_lib_python3_12_site-packages_PyQt6_Qt6 --> node_venv_lib_python3_12_site-packages_PyQt6_Qt6_qml["qml"]\n    node_venv_lib_python3_12_site-packages_PyQt6_Qt6_qml --> node_venv_lib_python3_12_site-packages_PyQt6_Qt6_qml_QtQuick["QtQuick"]\n    node_venv_lib_python3_12_site-packages_PyQt6_Qt6_qml_QtQuick --> node_venv_lib_python3_12_site-packages_PyQt6_Qt6_qml_QtQuick_Controls["Controls"]\n    node_venv_lib_python3_12_site-packages_PyQt6_Qt6_qml_QtQuick_Controls --> node_venv_lib_python3_12_site-packages_PyQt6_Qt6_qml_QtQuick_Controls_FluentWinUI3["FluentWinUI3"]\n    node_venv_lib_python3_12_site-packages_PyQt6_Qt6_qml_QtQuick_Controls_FluentWinUI3 --> node_venv_lib_python3_12_site-packages_PyQt6_Qt6_qml_QtQuick_Controls_FluentWinUI3_light["light"]\n    node_venv_lib_python3_12_site-packages_PyQt6_Qt6_qml_QtQuick_Controls_FluentWinUI3_light --> node_venv_lib_python3_12_site-packages_PyQt6_Qt6_qml_QtQuick_Controls_FluentWinUI3_light_images["images"]\n    node_venv_lib_python3_12_site-packages_PyQt6_Qt6_qml_QtQuick_Controls_FluentWinUI3_light_images --> node_venv_lib_python3_12_site-packages_PyQt6_Qt6_qml_QtQuick_Controls_FluentWinUI3_light_images_combobox-background-hovered-open@2x_png["combobox-background-hovered-open@2x.png"]\n    Root --> node_venv["venv"]\n    node_venv --> node_venv_lib["lib"]\n    node_venv_lib --> node_venv_lib_python3_12["python3.12"]\n    node_venv_lib_python3_12 --> node_venv_lib_python3_12_site-packages["site-packages"]\n    node_venv_lib_python3_12_site-packages --> node_venv_lib_python3_12_site-packages_PyQt6["PyQt6"]\n    node_venv_lib_python3_12_site-packages_PyQt6 --> node_venv_lib_python3_12_site-packages_PyQt6_Qt6["Qt6"]\n    node_venv_lib_python3_12_site-packages_PyQt6_Qt6 --> node_venv_lib_python3_12_site-packages_PyQt6_Qt6_qml["qml"]\n    node_venv_lib_python3_12_site-packages_PyQt6_Qt6_qml --> node_venv_lib_python3_12_site-packages_PyQt6_Qt6_qml_QtQuick["QtQuick"]\n    node_venv_lib_python3_12_site-packages_PyQt6_Qt6_qml_QtQuick --> node_venv_lib_python3_12_site-packages_PyQt6_Qt6_qml_QtQuick_Controls["Controls"]\n    node_venv_lib_python3_12_site-packages_PyQt6_Qt6_qml_QtQuick_Controls --> node_venv_lib_python3_12_site-packages_PyQt6_Qt6_qml_QtQuick_Controls_FluentWinUI3["FluentWinUI3"]\n    node_venv_lib_python3_12_site-packages_PyQt6_Qt6_qml_QtQuick_Controls_FluentWinUI3 --> node_venv_lib_python3_12_site-packages_PyQt6_Qt6_qml_QtQuick_Controls_FluentWinUI3_light["light"]\n    node_venv_lib_python3_12_site-packages_PyQt6_Qt6_qml_QtQuick_Controls_FluentWinUI3_light --> node_venv_lib_python3_12_site-packages_PyQt6_Qt6_qml_QtQuick_Controls_FluentWinUI3_light_images["images"]\n    node_venv_lib_python3_12_site-packages_PyQt6_Qt6_qml_QtQuick_Controls_FluentWinUI3_light_images --> node_venv_lib_python3_12_site-packages_PyQt6_Qt6_qml_QtQuick_Controls_FluentWinUI3_light_images_combobox-background-hovered-open@3x_png["combobox-background-hovered-open@3x.png"]\n    Root --> node_venv["venv"]\n    node_venv --> node_venv_lib["lib"]\n    node_venv_lib --> node_venv_lib_python3_12["python3.12"]\n    node_venv_lib_python3_12 --> node_venv_lib_python3_12_site-packages["site-packages"]\n    node_venv_lib_python3_12_site-packages --> node_venv_lib_python3_12_site-packages_PyQt6["PyQt6"]\n    node_venv_lib_python3_12_site-packages_PyQt6 --> node_venv_lib_python3_12_site-packages_PyQt6_Qt6["Qt6"]\n    node_venv_lib_python3_12_site-packages_PyQt6_Qt6 --> node_venv_lib_python3_12_site-packages_PyQt6_Qt6_qml["qml"]\n    node_venv_lib_python3_12_site-packages_PyQt6_Qt6_qml --> node_venv_lib_python3_12_site-packages_PyQt6_Qt6_qml_QtQuick["QtQuick"]\n    node_venv_lib_python3_12_site-packages_PyQt6_Qt6_qml_QtQuick --> node_venv_lib_python3_12_site-packages_PyQt6_Qt6_qml_QtQuick_Controls["Controls"]\n    node_venv_lib_python3_12_site-packages_PyQt6_Qt6_qml_QtQuick_Controls --> node_venv_lib_python3_12_site-packages_PyQt6_Qt6_qml_QtQuick_Controls_FluentWinUI3["FluentWinUI3"]\n    node_venv_lib_python3_12_site-packages_PyQt6_Qt6_qml_QtQuick_Controls_FluentWinUI3 --> node_venv_lib_python3_12_site-packages_PyQt6_Qt6_qml_QtQuick_Controls_FluentWinUI3_light["light"]\n    node_venv_lib_python3_12_site-packages_PyQt6_Qt6_qml_QtQuick_Controls_FluentWinUI3_light --> node_venv_lib_python3_12_site-packages_PyQt6_Qt6_qml_QtQuick_Controls_FluentWinUI3_light_images["images"]\n    node_venv_lib_python3_12_site-packages_PyQt6_Qt6_qml_QtQuick_Controls_FluentWinUI3_light_images --> node_venv_lib_python3_12_site-packages_PyQt6_Qt6_qml_QtQuick_Controls_FluentWinUI3_light_images_combobox-background-hovered_png["combobox-background-hovered.png"]\n    Root --> node_venv["venv"]\n    node_venv --> node_venv_lib["lib"]\n    node_venv_lib --> node_venv_lib_python3_12["python3.12"]\n    node_venv_lib_python3_12 --> node_venv_lib_python3_12_site-packages["site-packages"]\n    node_venv_lib_python3_12_site-packages --> node_venv_lib_python3_12_site-packages_PyQt6["PyQt6"]\n    node_venv_lib_python3_12_site-packages_PyQt6 --> node_venv_lib_python3_12_site-packages_PyQt6_Qt6["Qt6"]\n    node_venv_lib_python3_12_site-packages_PyQt6_Qt6 --> node_venv_lib_python3_12_site-packages_PyQt6_Qt6_qml["qml"]\n    node_venv_lib_python3_12_site-packages_PyQt6_Qt6_qml --> node_venv_lib_python3_12_site-packages_PyQt6_Qt6_qml_QtQuick["QtQuick"]\n    node_venv_lib_python3_12_site-packages_PyQt6_Qt6_qml_QtQuick --> node_venv_lib_python3_12_site-packages_PyQt6_Qt6_qml_QtQuick_Controls["Controls"]\n    node_venv_lib_python3_12_site-packages_PyQt6_Qt6_qml_QtQuick_Controls --> node_venv_lib_python3_12_site-packages_PyQt6_Qt6_qml_QtQuick_Controls_FluentWinUI3["FluentWinUI3"]\n    node_venv_lib_python3_12_site-packages_PyQt6_Qt6_qml_QtQuick_Controls_FluentWinUI3 --> node_venv_lib_python3_12_site-packages_PyQt6_Qt6_qml_QtQuick_Controls_FluentWinUI3_light["light"]\n    node_venv_lib_python3_12_site-packages_PyQt6_Qt6_qml_QtQuick_Controls_FluentWinUI3_light --> node_venv_lib_python3_12_site-packages_PyQt6_Qt6_qml_QtQuick_Controls_FluentWinUI3_light_images["images"]\n    node_venv_lib_python3_12_site-packages_PyQt6_Qt6_qml_QtQuick_Controls_FluentWinUI3_light_images --> node_venv_lib_python3_12_site-packages_PyQt6_Qt6_qml_QtQuick_Controls_FluentWinUI3_light_images_combobox-background-hovered@2x_png["combobox-background-hovered@2x.png"]\n    Root --> node_venv["venv"]\n    node_venv --> node_venv_lib["lib"]\n    node_venv_lib --> node_venv_lib_python3_12["python3.12"]\n    node_venv_lib_python3_12 --> node_venv_lib_python3_12_site-packages["site-packages"]\n    node_venv_lib_python3_12_site-packages --> node_venv_lib_python3_12_site-packages_PyQt6["PyQt6"]\n    node_venv_lib_python3_12_site-packages_PyQt6 --> node_venv_lib_python3_12_site-packages_PyQt6_Qt6["Qt6"]\n    node_venv_lib_python3_12_site-packages_PyQt6_Qt6 --> node_venv_lib_python3_12_site-packages_PyQt6_Qt6_qml["qml"]\n    node_venv_lib_python3_12_site-packages_PyQt6_Qt6_qml --> node_venv_lib_python3_12_site-packages_PyQt6_Qt6_qml_QtQuick["QtQuick"]\n    node_venv_lib_python3_12_site-packages_PyQt6_Qt6_qml_QtQuick --> node_venv_lib_python3_12_site-packages_PyQt6_Qt6_qml_QtQuick_Controls["Controls"]\n    node_venv_lib_python3_12_site-packages_PyQt6_Qt6_qml_QtQuick_Controls --> node_venv_lib_python3_12_site-packages_PyQt6_Qt6_qml_QtQuick_Controls_FluentWinUI3["FluentWinUI3"]\n    node_venv_lib_python3_12_site-packages_PyQt6_Qt6_qml_QtQuick_Controls_FluentWinUI3 --> node_venv_lib_python3_12_site-packages_PyQt6_Qt6_qml_QtQuick_Controls_FluentWinUI3_light["light"]\n    node_venv_lib_python3_12_site-packages_PyQt6_Qt6_qml_QtQuick_Controls_FluentWinUI3_light --> node_venv_lib_python3_12_site-packages_PyQt6_Qt6_qml_QtQuick_Controls_FluentWinUI3_light_images["images"]\n    node_venv_lib_python3_12_site-packages_PyQt6_Qt6_qml_QtQuick_Controls_FluentWinUI3_light_images --> node_venv_lib_python3_12_site-packages_PyQt6_Qt6_qml_QtQuick_Controls_FluentWinUI3_light_images_combobox-background-hovered@3x_png["combobox-background-hovered@3x.png"]\n    Root --> node_venv["venv"]\n    node_venv --> node_venv_lib["lib"]\n    node_venv_lib --> node_venv_lib_python3_12["python3.12"]\n    node_venv_lib_python3_12 --> node_venv_lib_python3_12_site-packages["site-packages"]\n    node_venv_lib_python3_12_site-packages --> node_venv_lib_python3_12_site-packages_PyQt6["PyQt6"]\n    node_venv_lib_python3_12_site-packages_PyQt6 --> node_venv_lib_python3_12_site-packages_PyQt6_Qt6["Qt6"]\n    node_venv_lib_python3_12_site-packages_PyQt6_Qt6 --> node_venv_lib_python3_12_site-packages_PyQt6_Qt6_qml["qml"]\n    node_venv_lib_python3_12_site-packages_PyQt6_Qt6_qml --> node_venv_lib_python3_12_site-packages_PyQt6_Qt6_qml_QtQuick["QtQuick"]\n    node_venv_lib_python3_12_site-packages_PyQt6_Qt6_qml_QtQuick --> node_venv_lib_python3_12_site-packages_PyQt6_Qt6_qml_QtQuick_Controls["Controls"]\n    node_venv_lib_python3_12_site-packages_PyQt6_Qt6_qml_QtQuick_Controls --> node_venv_lib_python3_12_site-packages_PyQt6_Qt6_qml_QtQuick_Controls_FluentWinUI3["FluentWinUI3"]\n    node_venv_lib_python3_12_site-packages_PyQt6_Qt6_qml_QtQuick_Controls_FluentWinUI3 --> node_venv_lib_python3_12_site-packages_PyQt6_Qt6_qml_QtQuick_Controls_FluentWinUI3_light["light"]\n    node_venv_lib_python3_12_site-packages_PyQt6_Qt6_qml_QtQuick_Controls_FluentWinUI3_light --> node_venv_lib_python3_12_site-packages_PyQt6_Qt6_qml_QtQuick_Controls_FluentWinUI3_light_images["images"]\n    node_venv_lib_python3_12_site-packages_PyQt6_Qt6_qml_QtQuick_Controls_FluentWinUI3_light_images --> node_venv_lib_python3_12_site-packages_PyQt6_Qt6_qml_QtQuick_Controls_FluentWinUI3_light_images_combobox-background-open-pressed_png["combobox-background-open-pressed.png"]\n    Root --> node_venv["venv"]\n    node_venv --> node_venv_lib["lib"]\n    node_venv_lib --> node_venv_lib_python3_12["python3.12"]\n    node_venv_lib_python3_12 --> node_venv_lib_python3_12_site-packages["site-packages"]\n    node_venv_lib_python3_12_site-packages --> node_venv_lib_python3_12_site-packages_PyQt6["PyQt6"]\n    node_venv_lib_python3_12_site-packages_PyQt6 --> node_venv_lib_python3_12_site-packages_PyQt6_Qt6["Qt6"]\n    node_venv_lib_python3_12_site-packages_PyQt6_Qt6 --> node_venv_lib_python3_12_site-packages_PyQt6_Qt6_qml["qml"]\n    node_venv_lib_python3_12_site-packages_PyQt6_Qt6_qml --> node_venv_lib_python3_12_site-packages_PyQt6_Qt6_qml_QtQuick["QtQuick"]\n    node_venv_lib_python3_12_site-packages_PyQt6_Qt6_qml_QtQuick --> node_venv_lib_python3_12_site-packages_PyQt6_Qt6_qml_QtQuick_Controls["Controls"]\n    node_venv_lib_python3_12_site-packages_PyQt6_Qt6_qml_QtQuick_Controls --> node_venv_lib_python3_12_site-packages_PyQt6_Qt6_qml_QtQuick_Controls_FluentWinUI3["FluentWinUI3"]\n    node_venv_lib_python3_12_site-packages_PyQt6_Qt6_qml_QtQuick_Controls_FluentWinUI3 --> node_venv_lib_python3_12_site-packages_PyQt6_Qt6_qml_QtQuick_Controls_FluentWinUI3_light["light"]\n    node_venv_lib_python3_12_site-packages_PyQt6_Qt6_qml_QtQuick_Controls_FluentWinUI3_light --> node_venv_lib_python3_12_site-packages_PyQt6_Qt6_qml_QtQuick_Controls_FluentWinUI3_light_images["images"]\n    node_venv_lib_python3_12_site-packages_PyQt6_Qt6_qml_QtQuick_Controls_FluentWinUI3_light_images --> node_venv_lib_python3_12_site-packages_PyQt6_Qt6_qml_QtQuick_Controls_FluentWinUI3_light_images_combobox-background-open-pressed@2x_png["combobox-background-open-pressed@2x.png"]\n    Root --> node_venv["venv"]\n    node_venv --> node_venv_lib["lib"]\n    node_venv_lib --> node_venv_lib_python3_12["python3.12"]\n    node_venv_lib_python3_12 --> node_venv_lib_python3_12_site-packages["site-packages"]\n    node_venv_lib_python3_12_site-packages --> node_venv_lib_python3_12_site-packages_PyQt6["PyQt6"]\n    node_venv_lib_python3_12_site-packages_PyQt6 --> node_venv_lib_python3_12_site-packages_PyQt6_Qt6["Qt6"]\n    node_venv_lib_python3_12_site-packages_PyQt6_Qt6 --> node_venv_lib_python3_12_site-packages_PyQt6_Qt6_qml["qml"]\n    node_venv_lib_python3_12_site-packages_PyQt6_Qt6_qml --> node_venv_lib_python3_12_site-packages_PyQt6_Qt6_qml_QtQuick["QtQuick"]\n    node_venv_lib_python3_12_site-packages_PyQt6_Qt6_qml_QtQuick --> node_venv_lib_python3_12_site-packages_PyQt6_Qt6_qml_QtQuick_Controls["Controls"]\n    node_venv_lib_python3_12_site-packages_PyQt6_Qt6_qml_QtQuick_Controls --> node_venv_lib_python3_12_site-packages_PyQt6_Qt6_qml_QtQuick_Controls_FluentWinUI3["FluentWinUI3"]\n    node_venv_lib_python3_12_site-packages_PyQt6_Qt6_qml_QtQuick_Controls_FluentWinUI3 --> node_venv_lib_python3_12_site-packages_PyQt6_Qt6_qml_QtQuick_Controls_FluentWinUI3_light["light"]\n    node_venv_lib_python3_12_site-packages_PyQt6_Qt6_qml_QtQuick_Controls_FluentWinUI3_light --> node_venv_lib_python3_12_site-packages_PyQt6_Qt6_qml_QtQuick_Controls_FluentWinUI3_light_images["images"]\n    node_venv_lib_python3_12_site-packages_PyQt6_Qt6_qml_QtQuick_Controls_FluentWinUI3_light_images --> node_venv_lib_python3_12_site-packages_PyQt6_Qt6_qml_QtQuick_Controls_FluentWinUI3_light_images_combobox-background-open-pressed@3x_png["combobox-background-open-pressed@3x.png"]\n    Root --> node_venv["venv"]\n    node_venv --> node_venv_lib["lib"]\n    node_venv_lib --> node_venv_lib_python3_12["python3.12"]\n    node_venv_lib_python3_12 --> node_venv_lib_python3_12_site-packages["site-packages"]\n    node_venv_lib_python3_12_site-packages --> node_venv_lib_python3_12_site-packages_PyQt6["PyQt6"]\n    node_venv_lib_python3_12_site-packages_PyQt6 --> node_venv_lib_python3_12_site-packages_PyQt6_Qt6["Qt6"]\n    node_venv_lib_python3_12_site-packages_PyQt6_Qt6 --> node_venv_lib_python3_12_site-packages_PyQt6_Qt6_qml["qml"]\n    node_venv_lib_python3_12_site-packages_PyQt6_Qt6_qml --> node_venv_lib_python3_12_site-packages_PyQt6_Qt6_qml_QtQuick["QtQuick"]\n    node_venv_lib_python3_12_site-packages_PyQt6_Qt6_qml_QtQuick --> node_venv_lib_python3_12_site-packages_PyQt6_Qt6_qml_QtQuick_Controls["Controls"]\n    node_venv_lib_python3_12_site-packages_PyQt6_Qt6_qml_QtQuick_Controls --> node_venv_lib_python3_12_site-packages_PyQt6_Qt6_qml_QtQuick_Controls_FluentWinUI3["FluentWinUI3"]\n    node_venv_lib_python3_12_site-packages_PyQt6_Qt6_qml_QtQuick_Controls_FluentWinUI3 --> node_venv_lib_python3_12_site-packages_PyQt6_Qt6_qml_QtQuick_Controls_FluentWinUI3_light["light"]\n    node_venv_lib_python3_12_site-packages_PyQt6_Qt6_qml_QtQuick_Controls_FluentWinUI3_light --> node_venv_lib_python3_12_site-packages_PyQt6_Qt6_qml_QtQuick_Controls_FluentWinUI3_light_images["images"]\n    node_venv_lib_python3_12_site-packages_PyQt6_Qt6_qml_QtQuick_Controls_FluentWinUI3_light_images --> node_venv_lib_python3_12_site-packages_PyQt6_Qt6_qml_QtQuick_Controls_FluentWinUI3_light_images_combobox-background-open_png["combobox-background-open.png"]\n    Root --> node_venv["venv"]\n    node_venv --> node_venv_lib["lib"]\n    node_venv_lib --> node_venv_lib_python3_12["python3.12"]\n    node_venv_lib_python3_12 --> node_venv_lib_python3_12_site-packages["site-packages"]\n    node_venv_lib_python3_12_site-packages --> node_venv_lib_python3_12_site-packages_PyQt6["PyQt6"]\n    node_venv_lib_python3_12_site-packages_PyQt6 --> node_venv_lib_python3_12_site-packages_PyQt6_Qt6["Qt6"]\n    node_venv_lib_python3_12_site-packages_PyQt6_Qt6 --> node_venv_lib_python3_12_site-packages_PyQt6_Qt6_qml["qml"]\n    node_venv_lib_python3_12_site-packages_PyQt6_Qt6_qml --> node_venv_lib_python3_12_site-packages_PyQt6_Qt6_qml_QtQuick["QtQuick"]\n    node_venv_lib_python3_12_site-packages_PyQt6_Qt6_qml_QtQuick --> node_venv_lib_python3_12_site-packages_PyQt6_Qt6_qml_QtQuick_Controls["Controls"]\n    node_venv_lib_python3_12_site-packages_PyQt6_Qt6_qml_QtQuick_Controls --> node_venv_lib_python3_12_site-packages_PyQt6_Qt6_qml_QtQuick_Controls_FluentWinUI3["FluentWinUI3"]\n    node_venv_lib_python3_12_site-packages_PyQt6_Qt6_qml_QtQuick_Controls_FluentWinUI3 --> node_venv_lib_python3_12_site-packages_PyQt6_Qt6_qml_QtQuick_Controls_FluentWinUI3_light["light"]\n    node_venv_lib_python3_12_site-packages_PyQt6_Qt6_qml_QtQuick_Controls_FluentWinUI3_light --> node_venv_lib_python3_12_site-packages_PyQt6_Qt6_qml_QtQuick_Controls_FluentWinUI3_light_images["images"]\n    node_venv_lib_python3_12_site-packages_PyQt6_Qt6_qml_QtQuick_Controls_FluentWinUI3_light_images --> node_venv_lib_python3_12_site-packages_PyQt6_Qt6_qml_QtQuick_Controls_FluentWinUI3_light_images_combobox-background-open@2x_png["combobox-background-open@2x.png"]\n    Root --> node_venv["venv"]\n    node_venv --> node_venv_lib["lib"]\n    node_venv_lib --> node_venv_lib_python3_12["python3.12"]\n    node_venv_lib_python3_12 --> node_venv_lib_python3_12_site-packages["site-packages"]\n    node_venv_lib_python3_12_site-packages --> node_venv_lib_python3_12_site-packages_PyQt6["PyQt6"]\n    node_venv_lib_python3_12_site-packages_PyQt6 --> node_venv_lib_python3_12_site-packages_PyQt6_Qt6["Qt6"]\n    node_venv_lib_python3_12_site-packages_PyQt6_Qt6 --> node_venv_lib_python3_12_site-packages_PyQt6_Qt6_qml["qml"]\n    node_venv_lib_python3_12_site-packages_PyQt6_Qt6_qml --> node_venv_lib_python3_12_site-packages_PyQt6_Qt6_qml_QtQuick["QtQuick"]\n    node_venv_lib_python3_12_site-packages_PyQt6_Qt6_qml_QtQuick --> node_venv_lib_python3_12_site-packages_PyQt6_Qt6_qml_QtQuick_Controls["Controls"]\n    node_venv_lib_python3_12_site-packages_PyQt6_Qt6_qml_QtQuick_Controls --> node_venv_lib_python3_12_site-packages_PyQt6_Qt6_qml_QtQuick_Controls_FluentWinUI3["FluentWinUI3"]\n    node_venv_lib_python3_12_site-packages_PyQt6_Qt6_qml_QtQuick_Controls_FluentWinUI3 --> node_venv_lib_python3_12_site-packages_PyQt6_Qt6_qml_QtQuick_Controls_FluentWinUI3_light["light"]\n    node_venv_lib_python3_12_site-packages_PyQt6_Qt6_qml_QtQuick_Controls_FluentWinUI3_light --> node_venv_lib_python3_12_site-packages_PyQt6_Qt6_qml_QtQuick_Controls_FluentWinUI3_light_images["images"]\n    node_venv_lib_python3_12_site-packages_PyQt6_Qt6_qml_QtQuick_Controls_FluentWinUI3_light_images --> node_venv_lib_python3_12_site-packages_PyQt6_Qt6_qml_QtQuick_Controls_FluentWinUI3_light_images_combobox-background-open@3x_png["combobox-background-open@3x.png"]\n    Root --> node_venv["venv"]\n    node_venv --> node_venv_lib["lib"]\n    node_venv_lib --> node_venv_lib_python3_12["python3.12"]\n    node_venv_lib_python3_12 --> node_venv_lib_python3_12_site-packages["site-packages"]\n    node_venv_lib_python3_12_site-packages --> node_venv_lib_python3_12_site-packages_PyQt6["PyQt6"]\n    node_venv_lib_python3_12_site-packages_PyQt6 --> node_venv_lib_python3_12_site-packages_PyQt6_Qt6["Qt6"]\n    node_venv_lib_python3_12_site-packages_PyQt6_Qt6 --> node_venv_lib_python3_12_site-packages_PyQt6_Qt6_qml["qml"]\n    node_venv_lib_python3_12_site-packages_PyQt6_Qt6_qml --> node_venv_lib_python3_12_site-packages_PyQt6_Qt6_qml_QtQuick["QtQuick"]\n    node_venv_lib_python3_12_site-packages_PyQt6_Qt6_qml_QtQuick --> node_venv_lib_python3_12_site-packages_PyQt6_Qt6_qml_QtQuick_Controls["Controls"]\n    node_venv_lib_python3_12_site-packages_PyQt6_Qt6_qml_QtQuick_Controls --> node_venv_lib_python3_12_site-packages_PyQt6_Qt6_qml_QtQuick_Controls_FluentWinUI3["FluentWinUI3"]\n    node_venv_lib_python3_12_site-packages_PyQt6_Qt6_qml_QtQuick_Controls_FluentWinUI3 --> node_venv_lib_python3_12_site-packages_PyQt6_Qt6_qml_QtQuick_Controls_FluentWinUI3_light["light"]\n    node_venv_lib_python3_12_site-packages_PyQt6_Qt6_qml_QtQuick_Controls_FluentWinUI3_light --> node_venv_lib_python3_12_site-packages_PyQt6_Qt6_qml_QtQuick_Controls_FluentWinUI3_light_images["images"]\n    node_venv_lib_python3_12_site-packages_PyQt6_Qt6_qml_QtQuick_Controls_FluentWinUI3_light_images --> node_venv_lib_python3_12_site-packages_PyQt6_Qt6_qml_QtQuick_Controls_FluentWinUI3_light_images_combobox-background-pressed_png["combobox-background-pressed.png"]\n    Root --> node_venv["venv"]\n    node_venv --> node_venv_lib["lib"]\n    node_venv_lib --> node_venv_lib_python3_12["python3.12"]\n    node_venv_lib_python3_12 --> node_venv_lib_python3_12_site-packages["site-packages"]\n    node_venv_lib_python3_12_site-packages --> node_venv_lib_python3_12_site-packages_PyQt6["PyQt6"]\n    node_venv_lib_python3_12_site-packages_PyQt6 --> node_venv_lib_python3_12_site-packages_PyQt6_Qt6["Qt6"]\n    node_venv_lib_python3_12_site-packages_PyQt6_Qt6 --> node_venv_lib_python3_12_site-packages_PyQt6_Qt6_qml["qml"]\n    node_venv_lib_python3_12_site-packages_PyQt6_Qt6_qml --> node_venv_lib_python3_12_site-packages_PyQt6_Qt6_qml_QtQuick["QtQuick"]\n    node_venv_lib_python3_12_site-packages_PyQt6_Qt6_qml_QtQuick --> node_venv_lib_python3_12_site-packages_PyQt6_Qt6_qml_QtQuick_Controls["Controls"]\n    node_venv_lib_python3_12_site-packages_PyQt6_Qt6_qml_QtQuick_Controls --> node_venv_lib_python3_12_site-packages_PyQt6_Qt6_qml_QtQuick_Controls_FluentWinUI3["FluentWinUI3"]\n    node_venv_lib_python3_12_site-packages_PyQt6_Qt6_qml_QtQuick_Controls_FluentWinUI3 --> node_venv_lib_python3_12_site-packages_PyQt6_Qt6_qml_QtQuick_Controls_FluentWinUI3_light["light"]\n    node_venv_lib_python3_12_site-packages_PyQt6_Qt6_qml_QtQuick_Controls_FluentWinUI3_light --> node_venv_lib_python3_12_site-packages_PyQt6_Qt6_qml_QtQuick_Controls_FluentWinUI3_light_images["images"]\n    node_venv_lib_python3_12_site-packages_PyQt6_Qt6_qml_QtQuick_Controls_FluentWinUI3_light_images --> node_venv_lib_python3_12_site-packages_PyQt6_Qt6_qml_QtQuick_Controls_FluentWinUI3_light_images_combobox-background-pressed@2x_png["combobox-background-pressed@2x.png"]\n    Root --> node_venv["venv"]\n    node_venv --> node_venv_lib["lib"]\n    node_venv_lib --> node_venv_lib_python3_12["python3.12"]\n    node_venv_lib_python3_12 --> node_venv_lib_python3_12_site-packages["site-packages"]\n    node_venv_lib_python3_12_site-packages --> node_venv_lib_python3_12_site-packages_PyQt6["PyQt6"]\n    node_venv_lib_python3_12_site-packages_PyQt6 --> node_venv_lib_python3_12_site-packages_PyQt6_Qt6["Qt6"]\n    node_venv_lib_python3_12_site-packages_PyQt6_Qt6 --> node_venv_lib_python3_12_site-packages_PyQt6_Qt6_qml["qml"]\n    node_venv_lib_python3_12_site-packages_PyQt6_Qt6_qml --> node_venv_lib_python3_12_site-packages_PyQt6_Qt6_qml_QtQuick["QtQuick"]\n    node_venv_lib_python3_12_site-packages_PyQt6_Qt6_qml_QtQuick --> node_venv_lib_python3_12_site-packages_PyQt6_Qt6_qml_QtQuick_Controls["Controls"]\n    node_venv_lib_python3_12_site-packages_PyQt6_Qt6_qml_QtQuick_Controls --> node_venv_lib_python3_12_site-packages_PyQt6_Qt6_qml_QtQuick_Controls_FluentWinUI3["FluentWinUI3"]\n    node_venv_lib_python3_12_site-packages_PyQt6_Qt6_qml_QtQuick_Controls_FluentWinUI3 --> node_venv_lib_python3_12_site-packages_PyQt6_Qt6_qml_QtQuick_Controls_FluentWinUI3_light["light"]\n    node_venv_lib_python3_12_site-packages_PyQt6_Qt6_qml_QtQuick_Controls_FluentWinUI3_light --> node_venv_lib_python3_12_site-packages_PyQt6_Qt6_qml_QtQuick_Controls_FluentWinUI3_light_images["images"]\n    node_venv_lib_python3_12_site-packages_PyQt6_Qt6_qml_QtQuick_Controls_FluentWinUI3_light_images --> node_venv_lib_python3_12_site-packages_PyQt6_Qt6_qml_QtQuick_Controls_FluentWinUI3_light_images_combobox-background-pressed@3x_png["combobox-background-pressed@3x.png"]\n    Root --> node_venv["venv"]\n    node_venv --> node_venv_lib["lib"]\n    node_venv_lib --> node_venv_lib_python3_12["python3.12"]\n    node_venv_lib_python3_12 --> node_venv_lib_python3_12_site-packages["site-packages"]\n    node_venv_lib_python3_12_site-packages --> node_venv_lib_python3_12_site-packages_PyQt6["PyQt6"]\n    node_venv_lib_python3_12_site-packages_PyQt6 --> node_venv_lib_python3_12_site-packages_PyQt6_Qt6["Qt6"]\n    node_venv_lib_python3_12_site-packages_PyQt6_Qt6 --> node_venv_lib_python3_12_site-packages_PyQt6_Qt6_qml["qml"]\n    node_venv_lib_python3_12_site-packages_PyQt6_Qt6_qml --> node_venv_lib_python3_12_site-packages_PyQt6_Qt6_qml_QtQuick["QtQuick"]\n    node_venv_lib_python3_12_site-packages_PyQt6_Qt6_qml_QtQuick --> node_venv_lib_python3_12_site-packages_PyQt6_Qt6_qml_QtQuick_Controls["Controls"]\n    node_venv_lib_python3_12_site-packages_PyQt6_Qt6_qml_QtQuick_Controls --> node_venv_lib_python3_12_site-packages_PyQt6_Qt6_qml_QtQuick_Controls_FluentWinUI3["FluentWinUI3"]\n    node_venv_lib_python3_12_site-packages_PyQt6_Qt6_qml_QtQuick_Controls_FluentWinUI3 --> node_venv_lib_python3_12_site-packages_PyQt6_Qt6_qml_QtQuick_Controls_FluentWinUI3_light["light"]\n    node_venv_lib_python3_12_site-packages_PyQt6_Qt6_qml_QtQuick_Controls_FluentWinUI3_light --> node_venv_lib_python3_12_site-packages_PyQt6_Qt6_qml_QtQuick_Controls_FluentWinUI3_light_images["images"]\n    node_venv_lib_python3_12_site-packages_PyQt6_Qt6_qml_QtQuick_Controls_FluentWinUI3_light_images --> node_venv_lib_python3_12_site-packages_PyQt6_Qt6_qml_QtQuick_Controls_FluentWinUI3_light_images_combobox-background_png["combobox-background.png"]\n    Root --> node_venv["venv"]\n    node_venv --> node_venv_lib["lib"]\n    node_venv_lib --> node_venv_lib_python3_12["python3.12"]\n    node_venv_lib_python3_12 --> node_venv_lib_python3_12_site-packages["site-packages"]\n    node_venv_lib_python3_12_site-packages --> node_venv_lib_python3_12_site-packages_PyQt6["PyQt6"]\n    node_venv_lib_python3_12_site-packages_PyQt6 --> node_venv_lib_python3_12_site-packages_PyQt6_Qt6["Qt6"]\n    node_venv_lib_python3_12_site-packages_PyQt6_Qt6 --> node_venv_lib_python3_12_site-packages_PyQt6_Qt6_qml["qml"]\n    node_venv_lib_python3_12_site-packages_PyQt6_Qt6_qml --> node_venv_lib_python3_12_site-packages_PyQt6_Qt6_qml_QtQuick["QtQuick"]\n    node_venv_lib_python3_12_site-packages_PyQt6_Qt6_qml_QtQuick --> node_venv_lib_python3_12_site-packages_PyQt6_Qt6_qml_QtQuick_Controls["Controls"]\n    node_venv_lib_python3_12_site-packages_PyQt6_Qt6_qml_QtQuick_Controls --> node_venv_lib_python3_12_site-packages_PyQt6_Qt6_qml_QtQuick_Controls_FluentWinUI3["FluentWinUI3"]\n    node_venv_lib_python3_12_site-packages_PyQt6_Qt6_qml_QtQuick_Controls_FluentWinUI3 --> node_venv_lib_python3_12_site-packages_PyQt6_Qt6_qml_QtQuick_Controls_FluentWinUI3_light["light"]\n    node_venv_lib_python3_12_site-packages_PyQt6_Qt6_qml_QtQuick_Controls_FluentWinUI3_light --> node_venv_lib_python3_12_site-packages_PyQt6_Qt6_qml_QtQuick_Controls_FluentWinUI3_light_images["images"]\n    node_venv_lib_python3_12_site-packages_PyQt6_Qt6_qml_QtQuick_Controls_FluentWinUI3_light_images --> node_venv_lib_python3_12_site-packages_PyQt6_Qt6_qml_QtQuick_Controls_FluentWinUI3_light_images_combobox-background@2x_png["combobox-background@2x.png"]\n    Root --> node_venv["venv"]\n    node_venv --> node_venv_lib["lib"]\n    node_venv_lib --> node_venv_lib_python3_12["python3.12"]\n    node_venv_lib_python3_12 --> node_venv_lib_python3_12_site-packages["site-packages"]\n    node_venv_lib_python3_12_site-packages --> node_venv_lib_python3_12_site-packages_PyQt6["PyQt6"]\n    node_venv_lib_python3_12_site-packages_PyQt6 --> node_venv_lib_python3_12_site-packages_PyQt6_Qt6["Qt6"]\n    node_venv_lib_python3_12_site-packages_PyQt6_Qt6 --> node_venv_lib_python3_12_site-packages_PyQt6_Qt6_qml["qml"]\n    node_venv_lib_python3_12_site-packages_PyQt6_Qt6_qml --> node_venv_lib_python3_12_site-packages_PyQt6_Qt6_qml_QtQuick["QtQuick"]\n    node_venv_lib_python3_12_site-packages_PyQt6_Qt6_qml_QtQuick --> node_venv_lib_python3_12_site-packages_PyQt6_Qt6_qml_QtQuick_Controls["Controls"]\n    node_venv_lib_python3_12_site-packages_PyQt6_Qt6_qml_QtQuick_Controls --> node_venv_lib_python3_12_site-packages_PyQt6_Qt6_qml_QtQuick_Controls_FluentWinUI3["FluentWinUI3"]\n    node_venv_lib_python3_12_site-packages_PyQt6_Qt6_qml_QtQuick_Controls_FluentWinUI3 --> node_venv_lib_python3_12_site-packages_PyQt6_Qt6_qml_QtQuick_Controls_FluentWinUI3_light["light"]\n    node_venv_lib_python3_12_site-packages_PyQt6_Qt6_qml_QtQuick_Controls_FluentWinUI3_light --> node_venv_lib_python3_12_site-packages_PyQt6_Qt6_qml_QtQuick_Controls_FluentWinUI3_light_images["images"]\n    node_venv_lib_python3_12_site-packages_PyQt6_Qt6_qml_QtQuick_Controls_FluentWinUI3_light_images --> node_venv_lib_python3_12_site-packages_PyQt6_Qt6_qml_QtQuick_Controls_FluentWinUI3_light_images_combobox-background@3x_png["combobox-background@3x.png"]\n    Root --> node_venv["venv"]\n    node_venv --> node_venv_lib["lib"]\n    node_venv_lib --> node_venv_lib_python3_12["python3.12"]\n    node_venv_lib_python3_12 --> node_venv_lib_python3_12_site-packages["site-packages"]\n    node_venv_lib_python3_12_site-packages --> node_venv_lib_python3_12_site-packages_PyQt6["PyQt6"]\n    node_venv_lib_python3_12_site-packages_PyQt6 --> node_venv_lib_python3_12_site-packages_PyQt6_Qt6["Qt6"]\n    node_venv_lib_python3_12_site-packages_PyQt6_Qt6 --> node_venv_lib_python3_12_site-packages_PyQt6_Qt6_qml["qml"]\n    node_venv_lib_python3_12_site-packages_PyQt6_Qt6_qml --> node_venv_lib_python3_12_site-packages_PyQt6_Qt6_qml_QtQuick["QtQuick"]\n    node_venv_lib_python3_12_site-packages_PyQt6_Qt6_qml_QtQuick --> node_venv_lib_python3_12_site-packages_PyQt6_Qt6_qml_QtQuick_Controls["Controls"]\n    node_venv_lib_python3_12_site-packages_PyQt6_Qt6_qml_QtQuick_Controls --> node_venv_lib_python3_12_site-packages_PyQt6_Qt6_qml_QtQuick_Controls_FluentWinUI3["FluentWinUI3"]\n    node_venv_lib_python3_12_site-packages_PyQt6_Qt6_qml_QtQuick_Controls_FluentWinUI3 --> node_venv_lib_python3_12_site-packages_PyQt6_Qt6_qml_QtQuick_Controls_FluentWinUI3_light["light"]\n    node_venv_lib_python3_12_site-packages_PyQt6_Qt6_qml_QtQuick_Controls_FluentWinUI3_light --> node_venv_lib_python3_12_site-packages_PyQt6_Qt6_qml_QtQuick_Controls_FluentWinUI3_light_images["images"]\n    node_venv_lib_python3_12_site-packages_PyQt6_Qt6_qml_QtQuick_Controls_FluentWinUI3_light_images --> node_venv_lib_python3_12_site-packages_PyQt6_Qt6_qml_QtQuick_Controls_FluentWinUI3_light_images_combobox-indicator-disabled_png["combobox-indicator-disabled.png"]\n    Root --> node_venv["venv"]\n    node_venv --> node_venv_lib["lib"]\n    node_venv_lib --> node_venv_lib_python3_12["python3.12"]\n    node_venv_lib_python3_12 --> node_venv_lib_python3_12_site-packages["site-packages"]\n    node_venv_lib_python3_12_site-packages --> node_venv_lib_python3_12_site-packages_PyQt6["PyQt6"]\n    node_venv_lib_python3_12_site-packages_PyQt6 --> node_venv_lib_python3_12_site-packages_PyQt6_Qt6["Qt6"]\n    node_venv_lib_python3_12_site-packages_PyQt6_Qt6 --> node_venv_lib_python3_12_site-packages_PyQt6_Qt6_qml["qml"]\n    node_venv_lib_python3_12_site-packages_PyQt6_Qt6_qml --> node_venv_lib_python3_12_site-packages_PyQt6_Qt6_qml_QtQuick["QtQuick"]\n    node_venv_lib_python3_12_site-packages_PyQt6_Qt6_qml_QtQuick --> node_venv_lib_python3_12_site-packages_PyQt6_Qt6_qml_QtQuick_Controls["Controls"]\n    node_venv_lib_python3_12_site-packages_PyQt6_Qt6_qml_QtQuick_Controls --> node_venv_lib_python3_12_site-packages_PyQt6_Qt6_qml_QtQuick_Controls_FluentWinUI3["FluentWinUI3"]\n    node_venv_lib_python3_12_site-packages_PyQt6_Qt6_qml_QtQuick_Controls_FluentWinUI3 --> node_venv_lib_python3_12_site-packages_PyQt6_Qt6_qml_QtQuick_Controls_FluentWinUI3_light["light"]\n    node_venv_lib_python3_12_site-packages_PyQt6_Qt6_qml_QtQuick_Controls_FluentWinUI3_light --> node_venv_lib_python3_12_site-packages_PyQt6_Qt6_qml_QtQuick_Controls_FluentWinUI3_light_images["images"]\n    node_venv_lib_python3_12_site-packages_PyQt6_Qt6_qml_QtQuick_Controls_FluentWinUI3_light_images --> node_venv_lib_python3_12_site-packages_PyQt6_Qt6_qml_QtQuick_Controls_FluentWinUI3_light_images_combobox-indicator-disabled@2x_png["combobox-indicator-disabled@2x.png"]\n    Root --> node_venv["venv"]\n    node_venv --> node_venv_lib["lib"]\n    node_venv_lib --> node_venv_lib_python3_12["python3.12"]\n    node_venv_lib_python3_12 --> node_venv_lib_python3_12_site-packages["site-packages"]\n    node_venv_lib_python3_12_site-packages --> node_venv_lib_python3_12_site-packages_PyQt6["PyQt6"]\n    node_venv_lib_python3_12_site-packages_PyQt6 --> node_venv_lib_python3_12_site-packages_PyQt6_Qt6["Qt6"]\n    node_venv_lib_python3_12_site-packages_PyQt6_Qt6 --> node_venv_lib_python3_12_site-packages_PyQt6_Qt6_qml["qml"]\n    node_venv_lib_python3_12_site-packages_PyQt6_Qt6_qml --> node_venv_lib_python3_12_site-packages_PyQt6_Qt6_qml_QtQuick["QtQuick"]\n    node_venv_lib_python3_12_site-packages_PyQt6_Qt6_qml_QtQuick --> node_venv_lib_python3_12_site-packages_PyQt6_Qt6_qml_QtQuick_Controls["Controls"]\n    node_venv_lib_python3_12_site-packages_PyQt6_Qt6_qml_QtQuick_Controls --> node_venv_lib_python3_12_site-packages_PyQt6_Qt6_qml_QtQuick_Controls_FluentWinUI3["FluentWinUI3"]\n    node_venv_lib_python3_12_site-packages_PyQt6_Qt6_qml_QtQuick_Controls_FluentWinUI3 --> node_venv_lib_python3_12_site-packages_PyQt6_Qt6_qml_QtQuick_Controls_FluentWinUI3_light["light"]\n    node_venv_lib_python3_12_site-packages_PyQt6_Qt6_qml_QtQuick_Controls_FluentWinUI3_light --> node_venv_lib_python3_12_site-packages_PyQt6_Qt6_qml_QtQuick_Controls_FluentWinUI3_light_images["images"]\n    node_venv_lib_python3_12_site-packages_PyQt6_Qt6_qml_QtQuick_Controls_FluentWinUI3_light_images --> node_venv_lib_python3_12_site-packages_PyQt6_Qt6_qml_QtQuick_Controls_FluentWinUI3_light_images_combobox-indicator-disabled@3x_png["combobox-indicator-disabled@3x.png"]\n    Root --> node_venv["venv"]\n    node_venv --> node_venv_lib["lib"]\n    node_venv_lib --> node_venv_lib_python3_12["python3.12"]\n    node_venv_lib_python3_12 --> node_venv_lib_python3_12_site-packages["site-packages"]\n    node_venv_lib_python3_12_site-packages --> node_venv_lib_python3_12_site-packages_PyQt6["PyQt6"]\n    node_venv_lib_python3_12_site-packages_PyQt6 --> node_venv_lib_python3_12_site-packages_PyQt6_Qt6["Qt6"]\n    node_venv_lib_python3_12_site-packages_PyQt6_Qt6 --> node_venv_lib_python3_12_site-packages_PyQt6_Qt6_qml["qml"]\n    node_venv_lib_python3_12_site-packages_PyQt6_Qt6_qml --> node_venv_lib_python3_12_site-packages_PyQt6_Qt6_qml_QtQuick["QtQuick"]\n    node_venv_lib_python3_12_site-packages_PyQt6_Qt6_qml_QtQuick --> node_venv_lib_python3_12_site-packages_PyQt6_Qt6_qml_QtQuick_Controls["Controls"]\n    node_venv_lib_python3_12_site-packages_PyQt6_Qt6_qml_QtQuick_Controls --> node_venv_lib_python3_12_site-packages_PyQt6_Qt6_qml_QtQuick_Controls_FluentWinUI3["FluentWinUI3"]\n    node_venv_lib_python3_12_site-packages_PyQt6_Qt6_qml_QtQuick_Controls_FluentWinUI3 --> node_venv_lib_python3_12_site-packages_PyQt6_Qt6_qml_QtQuick_Controls_FluentWinUI3_light["light"]\n    node_venv_lib_python3_12_site-packages_PyQt6_Qt6_qml_QtQuick_Controls_FluentWinUI3_light --> node_venv_lib_python3_12_site-packages_PyQt6_Qt6_qml_QtQuick_Controls_FluentWinUI3_light_images["images"]\n    node_venv_lib_python3_12_site-packages_PyQt6_Qt6_qml_QtQuick_Controls_FluentWinUI3_light_images --> node_venv_lib_python3_12_site-packages_PyQt6_Qt6_qml_QtQuick_Controls_FluentWinUI3_light_images_combobox-indicator-focused_png["combobox-indicator-focused.png"]\n    Root --> node_venv["venv"]\n    node_venv --> node_venv_lib["lib"]\n    node_venv_lib --> node_venv_lib_python3_12["python3.12"]\n    node_venv_lib_python3_12 --> node_venv_lib_python3_12_site-packages["site-packages"]\n    node_venv_lib_python3_12_site-packages --> node_venv_lib_python3_12_site-packages_PyQt6["PyQt6"]\n    node_venv_lib_python3_12_site-packages_PyQt6 --> node_venv_lib_python3_12_site-packages_PyQt6_Qt6["Qt6"]\n    node_venv_lib_python3_12_site-packages_PyQt6_Qt6 --> node_venv_lib_python3_12_site-packages_PyQt6_Qt6_qml["qml"]\n    node_venv_lib_python3_12_site-packages_PyQt6_Qt6_qml --> node_venv_lib_python3_12_site-packages_PyQt6_Qt6_qml_QtQuick["QtQuick"]\n    node_venv_lib_python3_12_site-packages_PyQt6_Qt6_qml_QtQuick --> node_venv_lib_python3_12_site-packages_PyQt6_Qt6_qml_QtQuick_Controls["Controls"]\n    node_venv_lib_python3_12_site-packages_PyQt6_Qt6_qml_QtQuick_Controls --> node_venv_lib_python3_12_site-packages_PyQt6_Qt6_qml_QtQuick_Controls_FluentWinUI3["FluentWinUI3"]\n    node_venv_lib_python3_12_site-packages_PyQt6_Qt6_qml_QtQuick_Controls_FluentWinUI3 --> node_venv_lib_python3_12_site-packages_PyQt6_Qt6_qml_QtQuick_Controls_FluentWinUI3_light["light"]\n    node_venv_lib_python3_12_site-packages_PyQt6_Qt6_qml_QtQuick_Controls_FluentWinUI3_light --> node_venv_lib_python3_12_site-packages_PyQt6_Qt6_qml_QtQuick_Controls_FluentWinUI3_light_images["images"]\n    node_venv_lib_python3_12_site-packages_PyQt6_Qt6_qml_QtQuick_Controls_FluentWinUI3_light_images --> node_venv_lib_python3_12_site-packages_PyQt6_Qt6_qml_QtQuick_Controls_FluentWinUI3_light_images_combobox-indicator-focused@2x_png["combobox-indicator-focused@2x.png"]\n    Root --> node_venv["venv"]\n    node_venv --> node_venv_lib["lib"]\n    node_venv_lib --> node_venv_lib_python3_12["python3.12"]\n    node_venv_lib_python3_12 --> node_venv_lib_python3_12_site-packages["site-packages"]\n    node_venv_lib_python3_12_site-packages --> node_venv_lib_python3_12_site-packages_PyQt6["PyQt6"]\n    node_venv_lib_python3_12_site-packages_PyQt6 --> node_venv_lib_python3_12_site-packages_PyQt6_Qt6["Qt6"]\n    node_venv_lib_python3_12_site-packages_PyQt6_Qt6 --> node_venv_lib_python3_12_site-packages_PyQt6_Qt6_qml["qml"]\n    node_venv_lib_python3_12_site-packages_PyQt6_Qt6_qml --> node_venv_lib_python3_12_site-packages_PyQt6_Qt6_qml_QtQuick["QtQuick"]\n    node_venv_lib_python3_12_site-packages_PyQt6_Qt6_qml_QtQuick --> node_venv_lib_python3_12_site-packages_PyQt6_Qt6_qml_QtQuick_Controls["Controls"]\n    node_venv_lib_python3_12_site-packages_PyQt6_Qt6_qml_QtQuick_Controls --> node_venv_lib_python3_12_site-packages_PyQt6_Qt6_qml_QtQuick_Controls_FluentWinUI3["FluentWinUI3"]\n    node_venv_lib_python3_12_site-packages_PyQt6_Qt6_qml_QtQuick_Controls_FluentWinUI3 --> node_venv_lib_python3_12_site-packages_PyQt6_Qt6_qml_QtQuick_Controls_FluentWinUI3_light["light"]\n    node_venv_lib_python3_12_site-packages_PyQt6_Qt6_qml_QtQuick_Controls_FluentWinUI3_light --> node_venv_lib_python3_12_site-packages_PyQt6_Qt6_qml_QtQuick_Controls_FluentWinUI3_light_images["images"]\n    node_venv_lib_python3_12_site-packages_PyQt6_Qt6_qml_QtQuick_Controls_FluentWinUI3_light_images --> node_venv_lib_python3_12_site-packages_PyQt6_Qt6_qml_QtQuick_Controls_FluentWinUI3_light_images_combobox-indicator-focused@3x_png["combobox-indicator-focused@3x.png"]\n    Root --> node_venv["venv"]\n    node_venv --> node_venv_lib["lib"]\n    node_venv_lib --> node_venv_lib_python3_12["python3.12"]\n    node_venv_lib_python3_12 --> node_venv_lib_python3_12_site-packages["site-packages"]\n    node_venv_lib_python3_12_site-packages --> node_venv_lib_python3_12_site-packages_PyQt6["PyQt6"]\n    node_venv_lib_python3_12_site-packages_PyQt6 --> node_venv_lib_python3_12_site-packages_PyQt6_Qt6["Qt6"]\n    node_venv_lib_python3_12_site-packages_PyQt6_Qt6 --> node_venv_lib_python3_12_site-packages_PyQt6_Qt6_qml["qml"]\n    node_venv_lib_python3_12_site-packages_PyQt6_Qt6_qml --> node_venv_lib_python3_12_site-packages_PyQt6_Qt6_qml_QtQuick["QtQuick"]\n    node_venv_lib_python3_12_site-packages_PyQt6_Qt6_qml_QtQuick --> node_venv_lib_python3_12_site-packages_PyQt6_Qt6_qml_QtQuick_Controls["Controls"]\n    node_venv_lib_python3_12_site-packages_PyQt6_Qt6_qml_QtQuick_Controls --> node_venv_lib_python3_12_site-packages_PyQt6_Qt6_qml_QtQuick_Controls_FluentWinUI3["FluentWinUI3"]\n    node_venv_lib_python3_12_site-packages_PyQt6_Qt6_qml_QtQuick_Controls_FluentWinUI3 --> node_venv_lib_python3_12_site-packages_PyQt6_Qt6_qml_QtQuick_Controls_FluentWinUI3_light["light"]\n    node_venv_lib_python3_12_site-packages_PyQt6_Qt6_qml_QtQuick_Controls_FluentWinUI3_light --> node_venv_lib_python3_12_site-packages_PyQt6_Qt6_qml_QtQuick_Controls_FluentWinUI3_light_images["images"]\n    node_venv_lib_python3_12_site-packages_PyQt6_Qt6_qml_QtQuick_Controls_FluentWinUI3_light_images --> node_venv_lib_python3_12_site-packages_PyQt6_Qt6_qml_QtQuick_Controls_FluentWinUI3_light_images_combobox-indicator-hovered-open_png["combobox-indicator-hovered-open.png"]\n    Root --> node_venv["venv"]\n    node_venv --> node_venv_lib["lib"]\n    node_venv_lib --> node_venv_lib_python3_12["python3.12"]\n    node_venv_lib_python3_12 --> node_venv_lib_python3_12_site-packages["site-packages"]\n    node_venv_lib_python3_12_site-packages --> node_venv_lib_python3_12_site-packages_PyQt6["PyQt6"]\n    node_venv_lib_python3_12_site-packages_PyQt6 --> node_venv_lib_python3_12_site-packages_PyQt6_Qt6["Qt6"]\n    node_venv_lib_python3_12_site-packages_PyQt6_Qt6 --> node_venv_lib_python3_12_site-packages_PyQt6_Qt6_qml["qml"]\n    node_venv_lib_python3_12_site-packages_PyQt6_Qt6_qml --> node_venv_lib_python3_12_site-packages_PyQt6_Qt6_qml_QtQuick["QtQuick"]\n    node_venv_lib_python3_12_site-packages_PyQt6_Qt6_qml_QtQuick --> node_venv_lib_python3_12_site-packages_PyQt6_Qt6_qml_QtQuick_Controls["Controls"]\n    node_venv_lib_python3_12_site-packages_PyQt6_Qt6_qml_QtQuick_Controls --> node_venv_lib_python3_12_site-packages_PyQt6_Qt6_qml_QtQuick_Controls_FluentWinUI3["FluentWinUI3"]\n    node_venv_lib_python3_12_site-packages_PyQt6_Qt6_qml_QtQuick_Controls_FluentWinUI3 --> node_venv_lib_python3_12_site-packages_PyQt6_Qt6_qml_QtQuick_Controls_FluentWinUI3_light["light"]\n    node_venv_lib_python3_12_site-packages_PyQt6_Qt6_qml_QtQuick_Controls_FluentWinUI3_light --> node_venv_lib_python3_12_site-packages_PyQt6_Qt6_qml_QtQuick_Controls_FluentWinUI3_light_images["images"]\n    node_venv_lib_python3_12_site-packages_PyQt6_Qt6_qml_QtQuick_Controls_FluentWinUI3_light_images --> node_venv_lib_python3_12_site-packages_PyQt6_Qt6_qml_QtQuick_Controls_FluentWinUI3_light_images_combobox-indicator-hovered-open@2x_png["combobox-indicator-hovered-open@2x.png"]\n    Root --> node_venv["venv"]\n    node_venv --> node_venv_lib["lib"]\n    node_venv_lib --> node_venv_lib_python3_12["python3.12"]\n    node_venv_lib_python3_12 --> node_venv_lib_python3_12_site-packages["site-packages"]\n    node_venv_lib_python3_12_site-packages --> node_venv_lib_python3_12_site-packages_PyQt6["PyQt6"]\n    node_venv_lib_python3_12_site-packages_PyQt6 --> node_venv_lib_python3_12_site-packages_PyQt6_Qt6["Qt6"]\n    node_venv_lib_python3_12_site-packages_PyQt6_Qt6 --> node_venv_lib_python3_12_site-packages_PyQt6_Qt6_qml["qml"]\n    node_venv_lib_python3_12_site-packages_PyQt6_Qt6_qml --> node_venv_lib_python3_12_site-packages_PyQt6_Qt6_qml_QtQuick["QtQuick"]\n    node_venv_lib_python3_12_site-packages_PyQt6_Qt6_qml_QtQuick --> node_venv_lib_python3_12_site-packages_PyQt6_Qt6_qml_QtQuick_Controls["Controls"]\n    node_venv_lib_python3_12_site-packages_PyQt6_Qt6_qml_QtQuick_Controls --> node_venv_lib_python3_12_site-packages_PyQt6_Qt6_qml_QtQuick_Controls_FluentWinUI3["FluentWinUI3"]\n    node_venv_lib_python3_12_site-packages_PyQt6_Qt6_qml_QtQuick_Controls_FluentWinUI3 --> node_venv_lib_python3_12_site-packages_PyQt6_Qt6_qml_QtQuick_Controls_FluentWinUI3_light["light"]\n    node_venv_lib_python3_12_site-packages_PyQt6_Qt6_qml_QtQuick_Controls_FluentWinUI3_light --> node_venv_lib_python3_12_site-packages_PyQt6_Qt6_qml_QtQuick_Controls_FluentWinUI3_light_images["images"]\n    node_venv_lib_python3_12_site-packages_PyQt6_Qt6_qml_QtQuick_Controls_FluentWinUI3_light_images --> node_venv_lib_python3_12_site-packages_PyQt6_Qt6_qml_QtQuick_Controls_FluentWinUI3_light_images_combobox-indicator-hovered-open@3x_png["combobox-indicator-hovered-open@3x.png"]\n    Root --> node_venv["venv"]\n    node_venv --> node_venv_lib["lib"]\n    node_venv_lib --> node_venv_lib_python3_12["python3.12"]\n    node_venv_lib_python3_12 --> node_venv_lib_python3_12_site-packages["site-packages"]\n    node_venv_lib_python3_12_site-packages --> node_venv_lib_python3_12_site-packages_PyQt6["PyQt6"]\n    node_venv_lib_python3_12_site-packages_PyQt6 --> node_venv_lib_python3_12_site-packages_PyQt6_Qt6["Qt6"]\n    node_venv_lib_python3_12_site-packages_PyQt6_Qt6 --> node_venv_lib_python3_12_site-packages_PyQt6_Qt6_qml["qml"]\n    node_venv_lib_python3_12_site-packages_PyQt6_Qt6_qml --> node_venv_lib_python3_12_site-packages_PyQt6_Qt6_qml_QtQuick["QtQuick"]\n    node_venv_lib_python3_12_site-packages_PyQt6_Qt6_qml_QtQuick --> node_venv_lib_python3_12_site-packages_PyQt6_Qt6_qml_QtQuick_Controls["Controls"]\n    node_venv_lib_python3_12_site-packages_PyQt6_Qt6_qml_QtQuick_Controls --> node_venv_lib_python3_12_site-packages_PyQt6_Qt6_qml_QtQuick_Controls_FluentWinUI3["FluentWinUI3"]\n    node_venv_lib_python3_12_site-packages_PyQt6_Qt6_qml_QtQuick_Controls_FluentWinUI3 --> node_venv_lib_python3_12_site-packages_PyQt6_Qt6_qml_QtQuick_Controls_FluentWinUI3_light["light"]\n    node_venv_lib_python3_12_site-packages_PyQt6_Qt6_qml_QtQuick_Controls_FluentWinUI3_light --> node_venv_lib_python3_12_site-packages_PyQt6_Qt6_qml_QtQuick_Controls_FluentWinUI3_light_images["images"]\n    node_venv_lib_python3_12_site-packages_PyQt6_Qt6_qml_QtQuick_Controls_FluentWinUI3_light_images --> node_venv_lib_python3_12_site-packages_PyQt6_Qt6_qml_QtQuick_Controls_FluentWinUI3_light_images_combobox-indicator-hovered_png["combobox-indicator-hovered.png"]\n    Root --> node_venv["venv"]\n    node_venv --> node_venv_lib["lib"]\n    node_venv_lib --> node_venv_lib_python3_12["python3.12"]\n    node_venv_lib_python3_12 --> node_venv_lib_python3_12_site-packages["site-packages"]\n    node_venv_lib_python3_12_site-packages --> node_venv_lib_python3_12_site-packages_PyQt6["PyQt6"]\n    node_venv_lib_python3_12_site-packages_PyQt6 --> node_venv_lib_python3_12_site-packages_PyQt6_Qt6["Qt6"]\n    node_venv_lib_python3_12_site-packages_PyQt6_Qt6 --> node_venv_lib_python3_12_site-packages_PyQt6_Qt6_qml["qml"]\n    node_venv_lib_python3_12_site-packages_PyQt6_Qt6_qml --> node_venv_lib_python3_12_site-packages_PyQt6_Qt6_qml_QtQuick["QtQuick"]\n    node_venv_lib_python3_12_site-packages_PyQt6_Qt6_qml_QtQuick --> node_venv_lib_python3_12_site-packages_PyQt6_Qt6_qml_QtQuick_Controls["Controls"]\n    node_venv_lib_python3_12_site-packages_PyQt6_Qt6_qml_QtQuick_Controls --> node_venv_lib_python3_12_site-packages_PyQt6_Qt6_qml_QtQuick_Controls_FluentWinUI3["FluentWinUI3"]\n    node_venv_lib_python3_12_site-packages_PyQt6_Qt6_qml_QtQuick_Controls_FluentWinUI3 --> node_venv_lib_python3_12_site-packages_PyQt6_Qt6_qml_QtQuick_Controls_FluentWinUI3_light["light"]\n    node_venv_lib_python3_12_site-packages_PyQt6_Qt6_qml_QtQuick_Controls_FluentWinUI3_light --> node_venv_lib_python3_12_site-packages_PyQt6_Qt6_qml_QtQuick_Controls_FluentWinUI3_light_images["images"]\n    node_venv_lib_python3_12_site-packages_PyQt6_Qt6_qml_QtQuick_Controls_FluentWinUI3_light_images --> node_venv_lib_python3_12_site-packages_PyQt6_Qt6_qml_QtQuick_Controls_FluentWinUI3_light_images_combobox-indicator-hovered@2x_png["combobox-indicator-hovered@2x.png"]\n    Root --> node_venv["venv"]\n    node_venv --> node_venv_lib["lib"]\n    node_venv_lib --> node_venv_lib_python3_12["python3.12"]\n    node_venv_lib_python3_12 --> node_venv_lib_python3_12_site-packages["site-packages"]\n    node_venv_lib_python3_12_site-packages --> node_venv_lib_python3_12_site-packages_PyQt6["PyQt6"]\n    node_venv_lib_python3_12_site-packages_PyQt6 --> node_venv_lib_python3_12_site-packages_PyQt6_Qt6["Qt6"]\n    node_venv_lib_python3_12_site-packages_PyQt6_Qt6 --> node_venv_lib_python3_12_site-packages_PyQt6_Qt6_qml["qml"]\n    node_venv_lib_python3_12_site-packages_PyQt6_Qt6_qml --> node_venv_lib_python3_12_site-packages_PyQt6_Qt6_qml_QtQuick["QtQuick"]\n    node_venv_lib_python3_12_site-packages_PyQt6_Qt6_qml_QtQuick --> node_venv_lib_python3_12_site-packages_PyQt6_Qt6_qml_QtQuick_Controls["Controls"]\n    node_venv_lib_python3_12_site-packages_PyQt6_Qt6_qml_QtQuick_Controls --> node_venv_lib_python3_12_site-packages_PyQt6_Qt6_qml_QtQuick_Controls_FluentWinUI3["FluentWinUI3"]\n    node_venv_lib_python3_12_site-packages_PyQt6_Qt6_qml_QtQuick_Controls_FluentWinUI3 --> node_venv_lib_python3_12_site-packages_PyQt6_Qt6_qml_QtQuick_Controls_FluentWinUI3_light["light"]\n    node_venv_lib_python3_12_site-packages_PyQt6_Qt6_qml_QtQuick_Controls_FluentWinUI3_light --> node_venv_lib_python3_12_site-packages_PyQt6_Qt6_qml_QtQuick_Controls_FluentWinUI3_light_images["images"]\n    node_venv_lib_python3_12_site-packages_PyQt6_Qt6_qml_QtQuick_Controls_FluentWinUI3_light_images --> node_venv_lib_python3_12_site-packages_PyQt6_Qt6_qml_QtQuick_Controls_FluentWinUI3_light_images_combobox-indicator-hovered@3x_png["combobox-indicator-hovered@3x.png"]\n    Root --> node_venv["venv"]\n    node_venv --> node_venv_lib["lib"]\n    node_venv_lib --> node_venv_lib_python3_12["python3.12"]\n    node_venv_lib_python3_12 --> node_venv_lib_python3_12_site-packages["site-packages"]\n    node_venv_lib_python3_12_site-packages --> node_venv_lib_python3_12_site-packages_PyQt6["PyQt6"]\n    node_venv_lib_python3_12_site-packages_PyQt6 --> node_venv_lib_python3_12_site-packages_PyQt6_Qt6["Qt6"]\n    node_venv_lib_python3_12_site-packages_PyQt6_Qt6 --> node_venv_lib_python3_12_site-packages_PyQt6_Qt6_qml["qml"]\n    node_venv_lib_python3_12_site-packages_PyQt6_Qt6_qml --> node_venv_lib_python3_12_site-packages_PyQt6_Qt6_qml_QtQuick["QtQuick"]\n    node_venv_lib_python3_12_site-packages_PyQt6_Qt6_qml_QtQuick --> node_venv_lib_python3_12_site-packages_PyQt6_Qt6_qml_QtQuick_Controls["Controls"]\n    node_venv_lib_python3_12_site-packages_PyQt6_Qt6_qml_QtQuick_Controls --> node_venv_lib_python3_12_site-packages_PyQt6_Qt6_qml_QtQuick_Controls_FluentWinUI3["FluentWinUI3"]\n    node_venv_lib_python3_12_site-packages_PyQt6_Qt6_qml_QtQuick_Controls_FluentWinUI3 --> node_venv_lib_python3_12_site-packages_PyQt6_Qt6_qml_QtQuick_Controls_FluentWinUI3_light["light"]\n    node_venv_lib_python3_12_site-packages_PyQt6_Qt6_qml_QtQuick_Controls_FluentWinUI3_light --> node_venv_lib_python3_12_site-packages_PyQt6_Qt6_qml_QtQuick_Controls_FluentWinUI3_light_images["images"]\n    node_venv_lib_python3_12_site-packages_PyQt6_Qt6_qml_QtQuick_Controls_FluentWinUI3_light_images --> node_venv_lib_python3_12_site-packages_PyQt6_Qt6_qml_QtQuick_Controls_FluentWinUI3_light_images_combobox-indicator-open-pressed_png["combobox-indicator-open-pressed.png"]\n    Root --> node_venv["venv"]\n    node_venv --> node_venv_lib["lib"]\n    node_venv_lib --> node_venv_lib_python3_12["python3.12"]\n    node_venv_lib_python3_12 --> node_venv_lib_python3_12_site-packages["site-packages"]\n    node_venv_lib_python3_12_site-packages --> node_venv_lib_python3_12_site-packages_PyQt6["PyQt6"]\n    node_venv_lib_python3_12_site-packages_PyQt6 --> node_venv_lib_python3_12_site-packages_PyQt6_Qt6["Qt6"]\n    node_venv_lib_python3_12_site-packages_PyQt6_Qt6 --> node_venv_lib_python3_12_site-packages_PyQt6_Qt6_qml["qml"]\n    node_venv_lib_python3_12_site-packages_PyQt6_Qt6_qml --> node_venv_lib_python3_12_site-packages_PyQt6_Qt6_qml_QtQuick["QtQuick"]\n    node_venv_lib_python3_12_site-packages_PyQt6_Qt6_qml_QtQuick --> node_venv_lib_python3_12_site-packages_PyQt6_Qt6_qml_QtQuick_Controls["Controls"]\n    node_venv_lib_python3_12_site-packages_PyQt6_Qt6_qml_QtQuick_Controls --> node_venv_lib_python3_12_site-packages_PyQt6_Qt6_qml_QtQuick_Controls_FluentWinUI3["FluentWinUI3"]\n    node_venv_lib_python3_12_site-packages_PyQt6_Qt6_qml_QtQuick_Controls_FluentWinUI3 --> node_venv_lib_python3_12_site-packages_PyQt6_Qt6_qml_QtQuick_Controls_FluentWinUI3_light["light"]\n    node_venv_lib_python3_12_site-packages_PyQt6_Qt6_qml_QtQuick_Controls_FluentWinUI3_light --> node_venv_lib_python3_12_site-packages_PyQt6_Qt6_qml_QtQuick_Controls_FluentWinUI3_light_images["images"]\n    node_venv_lib_python3_12_site-packages_PyQt6_Qt6_qml_QtQuick_Controls_FluentWinUI3_light_images --> node_venv_lib_python3_12_site-packages_PyQt6_Qt6_qml_QtQuick_Controls_FluentWinUI3_light_images_combobox-indicator-open-pressed@2x_png["combobox-indicator-open-pressed@2x.png"]\n    Root --> node_venv["venv"]\n    node_venv --> node_venv_lib["lib"]\n    node_venv_lib --> node_venv_lib_python3_12["python3.12"]\n    node_venv_lib_python3_12 --> node_venv_lib_python3_12_site-packages["site-packages"]\n    node_venv_lib_python3_12_site-packages --> node_venv_lib_python3_12_site-packages_PyQt6["PyQt6"]\n    node_venv_lib_python3_12_site-packages_PyQt6 --> node_venv_lib_python3_12_site-packages_PyQt6_Qt6["Qt6"]\n    node_venv_lib_python3_12_site-packages_PyQt6_Qt6 --> node_venv_lib_python3_12_site-packages_PyQt6_Qt6_qml["qml"]\n    node_venv_lib_python3_12_site-packages_PyQt6_Qt6_qml --> node_venv_lib_python3_12_site-packages_PyQt6_Qt6_qml_QtQuick["QtQuick"]\n    node_venv_lib_python3_12_site-packages_PyQt6_Qt6_qml_QtQuick --> node_venv_lib_python3_12_site-packages_PyQt6_Qt6_qml_QtQuick_Controls["Controls"]\n    node_venv_lib_python3_12_site-packages_PyQt6_Qt6_qml_QtQuick_Controls --> node_venv_lib_python3_12_site-packages_PyQt6_Qt6_qml_QtQuick_Controls_FluentWinUI3["FluentWinUI3"]\n    node_venv_lib_python3_12_site-packages_PyQt6_Qt6_qml_QtQuick_Controls_FluentWinUI3 --> node_venv_lib_python3_12_site-packages_PyQt6_Qt6_qml_QtQuick_Controls_FluentWinUI3_light["light"]\n    node_venv_lib_python3_12_site-packages_PyQt6_Qt6_qml_QtQuick_Controls_FluentWinUI3_light --> node_venv_lib_python3_12_site-packages_PyQt6_Qt6_qml_QtQuick_Controls_FluentWinUI3_light_images["images"]\n    node_venv_lib_python3_12_site-packages_PyQt6_Qt6_qml_QtQuick_Controls_FluentWinUI3_light_images --> node_venv_lib_python3_12_site-packages_PyQt6_Qt6_qml_QtQuick_Controls_FluentWinUI3_light_images_combobox-indicator-open-pressed@3x_png["combobox-indicator-open-pressed@3x.png"]\n    Root --> node_venv["venv"]\n    node_venv --> node_venv_lib["lib"]\n    node_venv_lib --> node_venv_lib_python3_12["python3.12"]\n    node_venv_lib_python3_12 --> node_venv_lib_python3_12_site-packages["site-packages"]\n    node_venv_lib_python3_12_site-packages --> node_venv_lib_python3_12_site-packages_PyQt6["PyQt6"]\n    node_venv_lib_python3_12_site-packages_PyQt6 --> node_venv_lib_python3_12_site-packages_PyQt6_Qt6["Qt6"]\n    node_venv_lib_python3_12_site-packages_PyQt6_Qt6 --> node_venv_lib_python3_12_site-packages_PyQt6_Qt6_qml["qml"]\n    node_venv_lib_python3_12_site-packages_PyQt6_Qt6_qml --> node_venv_lib_python3_12_site-packages_PyQt6_Qt6_qml_QtQuick["QtQuick"]\n    node_venv_lib_python3_12_site-packages_PyQt6_Qt6_qml_QtQuick --> node_venv_lib_python3_12_site-packages_PyQt6_Qt6_qml_QtQuick_Controls["Controls"]\n    node_venv_lib_python3_12_site-packages_PyQt6_Qt6_qml_QtQuick_Controls --> node_venv_lib_python3_12_site-packages_PyQt6_Qt6_qml_QtQuick_Controls_FluentWinUI3["FluentWinUI3"]\n    node_venv_lib_python3_12_site-packages_PyQt6_Qt6_qml_QtQuick_Controls_FluentWinUI3 --> node_venv_lib_python3_12_site-packages_PyQt6_Qt6_qml_QtQuick_Controls_FluentWinUI3_light["light"]\n    node_venv_lib_python3_12_site-packages_PyQt6_Qt6_qml_QtQuick_Controls_FluentWinUI3_light --> node_venv_lib_python3_12_site-packages_PyQt6_Qt6_qml_QtQuick_Controls_FluentWinUI3_light_images["images"]\n    node_venv_lib_python3_12_site-packages_PyQt6_Qt6_qml_QtQuick_Controls_FluentWinUI3_light_images --> node_venv_lib_python3_12_site-packages_PyQt6_Qt6_qml_QtQuick_Controls_FluentWinUI3_light_images_combobox-indicator-open_png["combobox-indicator-open.png"]\n    Root --> node_venv["venv"]\n    node_venv --> node_venv_lib["lib"]\n    node_venv_lib --> node_venv_lib_python3_12["python3.12"]\n    node_venv_lib_python3_12 --> node_venv_lib_python3_12_site-packages["site-packages"]\n    node_venv_lib_python3_12_site-packages --> node_venv_lib_python3_12_site-packages_PyQt6["PyQt6"]\n    node_venv_lib_python3_12_site-packages_PyQt6 --> node_venv_lib_python3_12_site-packages_PyQt6_Qt6["Qt6"]\n    node_venv_lib_python3_12_site-packages_PyQt6_Qt6 --> node_venv_lib_python3_12_site-packages_PyQt6_Qt6_qml["qml"]\n    node_venv_lib_python3_12_site-packages_PyQt6_Qt6_qml --> node_venv_lib_python3_12_site-packages_PyQt6_Qt6_qml_QtQuick["QtQuick"]\n    node_venv_lib_python3_12_site-packages_PyQt6_Qt6_qml_QtQuick --> node_venv_lib_python3_12_site-packages_PyQt6_Qt6_qml_QtQuick_Controls["Controls"]\n    node_venv_lib_python3_12_site-packages_PyQt6_Qt6_qml_QtQuick_Controls --> node_venv_lib_python3_12_site-packages_PyQt6_Qt6_qml_QtQuick_Controls_FluentWinUI3["FluentWinUI3"]\n    node_venv_lib_python3_12_site-packages_PyQt6_Qt6_qml_QtQuick_Controls_FluentWinUI3 --> node_venv_lib_python3_12_site-packages_PyQt6_Qt6_qml_QtQuick_Controls_FluentWinUI3_light["light"]\n    node_venv_lib_python3_12_site-packages_PyQt6_Qt6_qml_QtQuick_Controls_FluentWinUI3_light --> node_venv_lib_python3_12_site-packages_PyQt6_Qt6_qml_QtQuick_Controls_FluentWinUI3_light_images["images"]\n    node_venv_lib_python3_12_site-packages_PyQt6_Qt6_qml_QtQuick_Controls_FluentWinUI3_light_images --> node_venv_lib_python3_12_site-packages_PyQt6_Qt6_qml_QtQuick_Controls_FluentWinUI3_light_images_combobox-indicator-open@2x_png["combobox-indicator-open@2x.png"]\n    Root --> node_venv["venv"]\n    node_venv --> node_venv_lib["lib"]\n    node_venv_lib --> node_venv_lib_python3_12["python3.12"]\n    node_venv_lib_python3_12 --> node_venv_lib_python3_12_site-packages["site-packages"]\n    node_venv_lib_python3_12_site-packages --> node_venv_lib_python3_12_site-packages_PyQt6["PyQt6"]\n    node_venv_lib_python3_12_site-packages_PyQt6 --> node_venv_lib_python3_12_site-packages_PyQt6_Qt6["Qt6"]\n    node_venv_lib_python3_12_site-packages_PyQt6_Qt6 --> node_venv_lib_python3_12_site-packages_PyQt6_Qt6_qml["qml"]\n    node_venv_lib_python3_12_site-packages_PyQt6_Qt6_qml --> node_venv_lib_python3_12_site-packages_PyQt6_Qt6_qml_QtQuick["QtQuick"]\n    node_venv_lib_python3_12_site-packages_PyQt6_Qt6_qml_QtQuick --> node_venv_lib_python3_12_site-packages_PyQt6_Qt6_qml_QtQuick_Controls["Controls"]\n    node_venv_lib_python3_12_site-packages_PyQt6_Qt6_qml_QtQuick_Controls --> node_venv_lib_python3_12_site-packages_PyQt6_Qt6_qml_QtQuick_Controls_FluentWinUI3["FluentWinUI3"]\n    node_venv_lib_python3_12_site-packages_PyQt6_Qt6_qml_QtQuick_Controls_FluentWinUI3 --> node_venv_lib_python3_12_site-packages_PyQt6_Qt6_qml_QtQuick_Controls_FluentWinUI3_light["light"]\n    node_venv_lib_python3_12_site-packages_PyQt6_Qt6_qml_QtQuick_Controls_FluentWinUI3_light --> node_venv_lib_python3_12_site-packages_PyQt6_Qt6_qml_QtQuick_Controls_FluentWinUI3_light_images["images"]\n    node_venv_lib_python3_12_site-packages_PyQt6_Qt6_qml_QtQuick_Controls_FluentWinUI3_light_images --> node_venv_lib_python3_12_site-packages_PyQt6_Qt6_qml_QtQuick_Controls_FluentWinUI3_light_images_combobox-indicator-open@3x_png["combobox-indicator-open@3x.png"]\n    Root --> node_venv["venv"]\n    node_venv --> node_venv_lib["lib"]\n    node_venv_lib --> node_venv_lib_python3_12["python3.12"]\n    node_venv_lib_python3_12 --> node_venv_lib_python3_12_site-packages["site-packages"]\n    node_venv_lib_python3_12_site-packages --> node_venv_lib_python3_12_site-packages_PyQt6["PyQt6"]\n    node_venv_lib_python3_12_site-packages_PyQt6 --> node_venv_lib_python3_12_site-packages_PyQt6_Qt6["Qt6"]\n    node_venv_lib_python3_12_site-packages_PyQt6_Qt6 --> node_venv_lib_python3_12_site-packages_PyQt6_Qt6_qml["qml"]\n    node_venv_lib_python3_12_site-packages_PyQt6_Qt6_qml --> node_venv_lib_python3_12_site-packages_PyQt6_Qt6_qml_QtQuick["QtQuick"]\n    node_venv_lib_python3_12_site-packages_PyQt6_Qt6_qml_QtQuick --> node_venv_lib_python3_12_site-packages_PyQt6_Qt6_qml_QtQuick_Controls["Controls"]\n    node_venv_lib_python3_12_site-packages_PyQt6_Qt6_qml_QtQuick_Controls --> node_venv_lib_python3_12_site-packages_PyQt6_Qt6_qml_QtQuick_Controls_FluentWinUI3["FluentWinUI3"]\n    node_venv_lib_python3_12_site-packages_PyQt6_Qt6_qml_QtQuick_Controls_FluentWinUI3 --> node_venv_lib_python3_12_site-packages_PyQt6_Qt6_qml_QtQuick_Controls_FluentWinUI3_light["light"]\n    node_venv_lib_python3_12_site-packages_PyQt6_Qt6_qml_QtQuick_Controls_FluentWinUI3_light --> node_venv_lib_python3_12_site-packages_PyQt6_Qt6_qml_QtQuick_Controls_FluentWinUI3_light_images["images"]\n    node_venv_lib_python3_12_site-packages_PyQt6_Qt6_qml_QtQuick_Controls_FluentWinUI3_light_images --> node_venv_lib_python3_12_site-packages_PyQt6_Qt6_qml_QtQuick_Controls_FluentWinUI3_light_images_combobox-indicator-pressed_png["combobox-indicator-pressed.png"]\n    Root --> node_venv["venv"]\n    node_venv --> node_venv_lib["lib"]\n    node_venv_lib --> node_venv_lib_python3_12["python3.12"]\n    node_venv_lib_python3_12 --> node_venv_lib_python3_12_site-packages["site-packages"]\n    node_venv_lib_python3_12_site-packages --> node_venv_lib_python3_12_site-packages_PyQt6["PyQt6"]\n    node_venv_lib_python3_12_site-packages_PyQt6 --> node_venv_lib_python3_12_site-packages_PyQt6_Qt6["Qt6"]\n    node_venv_lib_python3_12_site-packages_PyQt6_Qt6 --> node_venv_lib_python3_12_site-packages_PyQt6_Qt6_qml["qml"]\n    node_venv_lib_python3_12_site-packages_PyQt6_Qt6_qml --> node_venv_lib_python3_12_site-packages_PyQt6_Qt6_qml_QtQuick["QtQuick"]\n    node_venv_lib_python3_12_site-packages_PyQt6_Qt6_qml_QtQuick --> node_venv_lib_python3_12_site-packages_PyQt6_Qt6_qml_QtQuick_Controls["Controls"]\n    node_venv_lib_python3_12_site-packages_PyQt6_Qt6_qml_QtQuick_Controls --> node_venv_lib_python3_12_site-packages_PyQt6_Qt6_qml_QtQuick_Controls_FluentWinUI3["FluentWinUI3"]\n    node_venv_lib_python3_12_site-packages_PyQt6_Qt6_qml_QtQuick_Controls_FluentWinUI3 --> node_venv_lib_python3_12_site-packages_PyQt6_Qt6_qml_QtQuick_Controls_FluentWinUI3_light["light"]\n    node_venv_lib_python3_12_site-packages_PyQt6_Qt6_qml_QtQuick_Controls_FluentWinUI3_light --> node_venv_lib_python3_12_site-packages_PyQt6_Qt6_qml_QtQuick_Controls_FluentWinUI3_light_images["images"]\n    node_venv_lib_python3_12_site-packages_PyQt6_Qt6_qml_QtQuick_Controls_FluentWinUI3_light_images --> node_venv_lib_python3_12_site-packages_PyQt6_Qt6_qml_QtQuick_Controls_FluentWinUI3_light_images_combobox-indicator-pressed@2x_png["combobox-indicator-pressed@2x.png"]\n    Root --> node_venv["venv"]\n    node_venv --> node_venv_lib["lib"]\n    node_venv_lib --> node_venv_lib_python3_12["python3.12"]\n    node_venv_lib_python3_12 --> node_venv_lib_python3_12_site-packages["site-packages"]\n    node_venv_lib_python3_12_site-packages --> node_venv_lib_python3_12_site-packages_PyQt6["PyQt6"]\n    node_venv_lib_python3_12_site-packages_PyQt6 --> node_venv_lib_python3_12_site-packages_PyQt6_Qt6["Qt6"]\n    node_venv_lib_python3_12_site-packages_PyQt6_Qt6 --> node_venv_lib_python3_12_site-packages_PyQt6_Qt6_qml["qml"]\n    node_venv_lib_python3_12_site-packages_PyQt6_Qt6_qml --> node_venv_lib_python3_12_site-packages_PyQt6_Qt6_qml_QtQuick["QtQuick"]\n    node_venv_lib_python3_12_site-packages_PyQt6_Qt6_qml_QtQuick --> node_venv_lib_python3_12_site-packages_PyQt6_Qt6_qml_QtQuick_Controls["Controls"]\n    node_venv_lib_python3_12_site-packages_PyQt6_Qt6_qml_QtQuick_Controls --> node_venv_lib_python3_12_site-packages_PyQt6_Qt6_qml_QtQuick_Controls_FluentWinUI3["FluentWinUI3"]\n    node_venv_lib_python3_12_site-packages_PyQt6_Qt6_qml_QtQuick_Controls_FluentWinUI3 --> node_venv_lib_python3_12_site-packages_PyQt6_Qt6_qml_QtQuick_Controls_FluentWinUI3_light["light"]\n    node_venv_lib_python3_12_site-packages_PyQt6_Qt6_qml_QtQuick_Controls_FluentWinUI3_light --> node_venv_lib_python3_12_site-packages_PyQt6_Qt6_qml_QtQuick_Controls_FluentWinUI3_light_images["images"]\n    node_venv_lib_python3_12_site-packages_PyQt6_Qt6_qml_QtQuick_Controls_FluentWinUI3_light_images --> node_venv_lib_python3_12_site-packages_PyQt6_Qt6_qml_QtQuick_Controls_FluentWinUI3_light_images_combobox-indicator-pressed@3x_png["combobox-indicator-pressed@3x.png"]\n    Root --> node_venv["venv"]\n    node_venv --> node_venv_lib["lib"]\n    node_venv_lib --> node_venv_lib_python3_12["python3.12"]\n    node_venv_lib_python3_12 --> node_venv_lib_python3_12_site-packages["site-packages"]\n    node_venv_lib_python3_12_site-packages --> node_venv_lib_python3_12_site-packages_PyQt6["PyQt6"]\n    node_venv_lib_python3_12_site-packages_PyQt6 --> node_venv_lib_python3_12_site-packages_PyQt6_Qt6["Qt6"]\n    node_venv_lib_python3_12_site-packages_PyQt6_Qt6 --> node_venv_lib_python3_12_site-packages_PyQt6_Qt6_qml["qml"]\n    node_venv_lib_python3_12_site-packages_PyQt6_Qt6_qml --> node_venv_lib_python3_12_site-packages_PyQt6_Qt6_qml_QtQuick["QtQuick"]\n    node_venv_lib_python3_12_site-packages_PyQt6_Qt6_qml_QtQuick --> node_venv_lib_python3_12_site-packages_PyQt6_Qt6_qml_QtQuick_Controls["Controls"]\n    node_venv_lib_python3_12_site-packages_PyQt6_Qt6_qml_QtQuick_Controls --> node_venv_lib_python3_12_site-packages_PyQt6_Qt6_qml_QtQuick_Controls_FluentWinUI3["FluentWinUI3"]\n    node_venv_lib_python3_12_site-packages_PyQt6_Qt6_qml_QtQuick_Controls_FluentWinUI3 --> node_venv_lib_python3_12_site-packages_PyQt6_Qt6_qml_QtQuick_Controls_FluentWinUI3_light["light"]\n    node_venv_lib_python3_12_site-packages_PyQt6_Qt6_qml_QtQuick_Controls_FluentWinUI3_light --> node_venv_lib_python3_12_site-packages_PyQt6_Qt6_qml_QtQuick_Controls_FluentWinUI3_light_images["images"]\n    node_venv_lib_python3_12_site-packages_PyQt6_Qt6_qml_QtQuick_Controls_FluentWinUI3_light_images --> node_venv_lib_python3_12_site-packages_PyQt6_Qt6_qml_QtQuick_Controls_FluentWinUI3_light_images_combobox-indicator_png["combobox-indicator.png"]\n    Root --> node_venv["venv"]\n    node_venv --> node_venv_lib["lib"]\n    node_venv_lib --> node_venv_lib_python3_12["python3.12"]\n    node_venv_lib_python3_12 --> node_venv_lib_python3_12_site-packages["site-packages"]\n    node_venv_lib_python3_12_site-packages --> node_venv_lib_python3_12_site-packages_PyQt6["PyQt6"]\n    node_venv_lib_python3_12_site-packages_PyQt6 --> node_venv_lib_python3_12_site-packages_PyQt6_Qt6["Qt6"]\n    node_venv_lib_python3_12_site-packages_PyQt6_Qt6 --> node_venv_lib_python3_12_site-packages_PyQt6_Qt6_qml["qml"]\n    node_venv_lib_python3_12_site-packages_PyQt6_Qt6_qml --> node_venv_lib_python3_12_site-packages_PyQt6_Qt6_qml_QtQuick["QtQuick"]\n    node_venv_lib_python3_12_site-packages_PyQt6_Qt6_qml_QtQuick --> node_venv_lib_python3_12_site-packages_PyQt6_Qt6_qml_QtQuick_Controls["Controls"]\n    node_venv_lib_python3_12_site-packages_PyQt6_Qt6_qml_QtQuick_Controls --> node_venv_lib_python3_12_site-packages_PyQt6_Qt6_qml_QtQuick_Controls_FluentWinUI3["FluentWinUI3"]\n    node_venv_lib_python3_12_site-packages_PyQt6_Qt6_qml_QtQuick_Controls_FluentWinUI3 --> node_venv_lib_python3_12_site-packages_PyQt6_Qt6_qml_QtQuick_Controls_FluentWinUI3_light["light"]\n    node_venv_lib_python3_12_site-packages_PyQt6_Qt6_qml_QtQuick_Controls_FluentWinUI3_light --> node_venv_lib_python3_12_site-packages_PyQt6_Qt6_qml_QtQuick_Controls_FluentWinUI3_light_images["images"]\n    node_venv_lib_python3_12_site-packages_PyQt6_Qt6_qml_QtQuick_Controls_FluentWinUI3_light_images --> node_venv_lib_python3_12_site-packages_PyQt6_Qt6_qml_QtQuick_Controls_FluentWinUI3_light_images_combobox-indicator@2x_png["combobox-indicator@2x.png"]\n    Root --> node_venv["venv"]\n    node_venv --> node_venv_lib["lib"]\n    node_venv_lib --> node_venv_lib_python3_12["python3.12"]\n    node_venv_lib_python3_12 --> node_venv_lib_python3_12_site-packages["site-packages"]\n    node_venv_lib_python3_12_site-packages --> node_venv_lib_python3_12_site-packages_PyQt6["PyQt6"]\n    node_venv_lib_python3_12_site-packages_PyQt6 --> node_venv_lib_python3_12_site-packages_PyQt6_Qt6["Qt6"]\n    node_venv_lib_python3_12_site-packages_PyQt6_Qt6 --> node_venv_lib_python3_12_site-packages_PyQt6_Qt6_qml["qml"]\n    node_venv_lib_python3_12_site-packages_PyQt6_Qt6_qml --> node_venv_lib_python3_12_site-packages_PyQt6_Qt6_qml_QtQuick["QtQuick"]\n    node_venv_lib_python3_12_site-packages_PyQt6_Qt6_qml_QtQuick --> node_venv_lib_python3_12_site-packages_PyQt6_Qt6_qml_QtQuick_Controls["Controls"]\n    node_venv_lib_python3_12_site-packages_PyQt6_Qt6_qml_QtQuick_Controls --> node_venv_lib_python3_12_site-packages_PyQt6_Qt6_qml_QtQuick_Controls_FluentWinUI3["FluentWinUI3"]\n    node_venv_lib_python3_12_site-packages_PyQt6_Qt6_qml_QtQuick_Controls_FluentWinUI3 --> node_venv_lib_python3_12_site-packages_PyQt6_Qt6_qml_QtQuick_Controls_FluentWinUI3_light["light"]\n    node_venv_lib_python3_12_site-packages_PyQt6_Qt6_qml_QtQuick_Controls_FluentWinUI3_light --> node_venv_lib_python3_12_site-packages_PyQt6_Qt6_qml_QtQuick_Controls_FluentWinUI3_light_images["images"]\n    node_venv_lib_python3_12_site-packages_PyQt6_Qt6_qml_QtQuick_Controls_FluentWinUI3_light_images --> node_venv_lib_python3_12_site-packages_PyQt6_Qt6_qml_QtQuick_Controls_FluentWinUI3_light_images_combobox-indicator@3x_png["combobox-indicator@3x.png"]\n    Root --> node_venv["venv"]\n    node_venv --> node_venv_lib["lib"]\n    node_venv_lib --> node_venv_lib_python3_12["python3.12"]\n    node_venv_lib_python3_12 --> node_venv_lib_python3_12_site-packages["site-packages"]\n    node_venv_lib_python3_12_site-packages --> node_venv_lib_python3_12_site-packages_PyQt6["PyQt6"]\n    node_venv_lib_python3_12_site-packages_PyQt6 --> node_venv_lib_python3_12_site-packages_PyQt6_Qt6["Qt6"]\n    node_venv_lib_python3_12_site-packages_PyQt6_Qt6 --> node_venv_lib_python3_12_site-packages_PyQt6_Qt6_qml["qml"]\n    node_venv_lib_python3_12_site-packages_PyQt6_Qt6_qml --> node_venv_lib_python3_12_site-packages_PyQt6_Qt6_qml_QtQuick["QtQuick"]\n    node_venv_lib_python3_12_site-packages_PyQt6_Qt6_qml_QtQuick --> node_venv_lib_python3_12_site-packages_PyQt6_Qt6_qml_QtQuick_Controls["Controls"]\n    node_venv_lib_python3_12_site-packages_PyQt6_Qt6_qml_QtQuick_Controls --> node_venv_lib_python3_12_site-packages_PyQt6_Qt6_qml_QtQuick_Controls_FluentWinUI3["FluentWinUI3"]\n    node_venv_lib_python3_12_site-packages_PyQt6_Qt6_qml_QtQuick_Controls_FluentWinUI3 --> node_venv_lib_python3_12_site-packages_PyQt6_Qt6_qml_QtQuick_Controls_FluentWinUI3_light["light"]\n    node_venv_lib_python3_12_site-packages_PyQt6_Qt6_qml_QtQuick_Controls_FluentWinUI3_light --> node_venv_lib_python3_12_site-packages_PyQt6_Qt6_qml_QtQuick_Controls_FluentWinUI3_light_images["images"]\n    node_venv_lib_python3_12_site-packages_PyQt6_Qt6_qml_QtQuick_Controls_FluentWinUI3_light_images --> node_venv_lib_python3_12_site-packages_PyQt6_Qt6_qml_QtQuick_Controls_FluentWinUI3_light_images_editablecombobox-background-hovered-open_png["editablecombobox-background-hovered-open.png"]\n    Root --> node_venv["venv"]\n    node_venv --> node_venv_lib["lib"]\n    node_venv_lib --> node_venv_lib_python3_12["python3.12"]\n    node_venv_lib_python3_12 --> node_venv_lib_python3_12_site-packages["site-packages"]\n    node_venv_lib_python3_12_site-packages --> node_venv_lib_python3_12_site-packages_PyQt6["PyQt6"]\n    node_venv_lib_python3_12_site-packages_PyQt6 --> node_venv_lib_python3_12_site-packages_PyQt6_Qt6["Qt6"]\n    node_venv_lib_python3_12_site-packages_PyQt6_Qt6 --> node_venv_lib_python3_12_site-packages_PyQt6_Qt6_qml["qml"]\n    node_venv_lib_python3_12_site-packages_PyQt6_Qt6_qml --> node_venv_lib_python3_12_site-packages_PyQt6_Qt6_qml_QtQuick["QtQuick"]\n    node_venv_lib_python3_12_site-packages_PyQt6_Qt6_qml_QtQuick --> node_venv_lib_python3_12_site-packages_PyQt6_Qt6_qml_QtQuick_Controls["Controls"]\n    node_venv_lib_python3_12_site-packages_PyQt6_Qt6_qml_QtQuick_Controls --> node_venv_lib_python3_12_site-packages_PyQt6_Qt6_qml_QtQuick_Controls_FluentWinUI3["FluentWinUI3"]\n    node_venv_lib_python3_12_site-packages_PyQt6_Qt6_qml_QtQuick_Controls_FluentWinUI3 --> node_venv_lib_python3_12_site-packages_PyQt6_Qt6_qml_QtQuick_Controls_FluentWinUI3_light["light"]\n    node_venv_lib_python3_12_site-packages_PyQt6_Qt6_qml_QtQuick_Controls_FluentWinUI3_light --> node_venv_lib_python3_12_site-packages_PyQt6_Qt6_qml_QtQuick_Controls_FluentWinUI3_light_images["images"]\n    node_venv_lib_python3_12_site-packages_PyQt6_Qt6_qml_QtQuick_Controls_FluentWinUI3_light_images --> node_venv_lib_python3_12_site-packages_PyQt6_Qt6_qml_QtQuick_Controls_FluentWinUI3_light_images_editablecombobox-background-hovered-open@2x_png["editablecombobox-background-hovered-open@2x.png"]\n    Root --> node_venv["venv"]\n    node_venv --> node_venv_lib["lib"]\n    node_venv_lib --> node_venv_lib_python3_12["python3.12"]\n    node_venv_lib_python3_12 --> node_venv_lib_python3_12_site-packages["site-packages"]\n    node_venv_lib_python3_12_site-packages --> node_venv_lib_python3_12_site-packages_PyQt6["PyQt6"]\n    node_venv_lib_python3_12_site-packages_PyQt6 --> node_venv_lib_python3_12_site-packages_PyQt6_Qt6["Qt6"]\n    node_venv_lib_python3_12_site-packages_PyQt6_Qt6 --> node_venv_lib_python3_12_site-packages_PyQt6_Qt6_qml["qml"]\n    node_venv_lib_python3_12_site-packages_PyQt6_Qt6_qml --> node_venv_lib_python3_12_site-packages_PyQt6_Qt6_qml_QtQuick["QtQuick"]\n    node_venv_lib_python3_12_site-packages_PyQt6_Qt6_qml_QtQuick --> node_venv_lib_python3_12_site-packages_PyQt6_Qt6_qml_QtQuick_Controls["Controls"]\n    node_venv_lib_python3_12_site-packages_PyQt6_Qt6_qml_QtQuick_Controls --> node_venv_lib_python3_12_site-packages_PyQt6_Qt6_qml_QtQuick_Controls_FluentWinUI3["FluentWinUI3"]\n    node_venv_lib_python3_12_site-packages_PyQt6_Qt6_qml_QtQuick_Controls_FluentWinUI3 --> node_venv_lib_python3_12_site-packages_PyQt6_Qt6_qml_QtQuick_Controls_FluentWinUI3_light["light"]\n    node_venv_lib_python3_12_site-packages_PyQt6_Qt6_qml_QtQuick_Controls_FluentWinUI3_light --> node_venv_lib_python3_12_site-packages_PyQt6_Qt6_qml_QtQuick_Controls_FluentWinUI3_light_images["images"]\n    node_venv_lib_python3_12_site-packages_PyQt6_Qt6_qml_QtQuick_Controls_FluentWinUI3_light_images --> node_venv_lib_python3_12_site-packages_PyQt6_Qt6_qml_QtQuick_Controls_FluentWinUI3_light_images_editablecombobox-background-hovered-open@3x_png["editablecombobox-background-hovered-open@3x.png"]\n    Root --> node_venv["venv"]\n    node_venv --> node_venv_lib["lib"]\n    node_venv_lib --> node_venv_lib_python3_12["python3.12"]\n    node_venv_lib_python3_12 --> node_venv_lib_python3_12_site-packages["site-packages"]\n    node_venv_lib_python3_12_site-packages --> node_venv_lib_python3_12_site-packages_PyQt6["PyQt6"]\n    node_venv_lib_python3_12_site-packages_PyQt6 --> node_venv_lib_python3_12_site-packages_PyQt6_Qt6["Qt6"]\n    node_venv_lib_python3_12_site-packages_PyQt6_Qt6 --> node_venv_lib_python3_12_site-packages_PyQt6_Qt6_qml["qml"]\n    node_venv_lib_python3_12_site-packages_PyQt6_Qt6_qml --> node_venv_lib_python3_12_site-packages_PyQt6_Qt6_qml_QtQuick["QtQuick"]\n    node_venv_lib_python3_12_site-packages_PyQt6_Qt6_qml_QtQuick --> node_venv_lib_python3_12_site-packages_PyQt6_Qt6_qml_QtQuick_Controls["Controls"]\n    node_venv_lib_python3_12_site-packages_PyQt6_Qt6_qml_QtQuick_Controls --> node_venv_lib_python3_12_site-packages_PyQt6_Qt6_qml_QtQuick_Controls_FluentWinUI3["FluentWinUI3"]\n    node_venv_lib_python3_12_site-packages_PyQt6_Qt6_qml_QtQuick_Controls_FluentWinUI3 --> node_venv_lib_python3_12_site-packages_PyQt6_Qt6_qml_QtQuick_Controls_FluentWinUI3_light["light"]\n    node_venv_lib_python3_12_site-packages_PyQt6_Qt6_qml_QtQuick_Controls_FluentWinUI3_light --> node_venv_lib_python3_12_site-packages_PyQt6_Qt6_qml_QtQuick_Controls_FluentWinUI3_light_images["images"]\n    node_venv_lib_python3_12_site-packages_PyQt6_Qt6_qml_QtQuick_Controls_FluentWinUI3_light_images --> node_venv_lib_python3_12_site-packages_PyQt6_Qt6_qml_QtQuick_Controls_FluentWinUI3_light_images_editablecombobox-background-open-pressed_png["editablecombobox-background-open-pressed.png"]\n    Root --> node_venv["venv"]\n    node_venv --> node_venv_lib["lib"]\n    node_venv_lib --> node_venv_lib_python3_12["python3.12"]\n    node_venv_lib_python3_12 --> node_venv_lib_python3_12_site-packages["site-packages"]\n    node_venv_lib_python3_12_site-packages --> node_venv_lib_python3_12_site-packages_PyQt6["PyQt6"]\n    node_venv_lib_python3_12_site-packages_PyQt6 --> node_venv_lib_python3_12_site-packages_PyQt6_Qt6["Qt6"]\n    node_venv_lib_python3_12_site-packages_PyQt6_Qt6 --> node_venv_lib_python3_12_site-packages_PyQt6_Qt6_qml["qml"]\n    node_venv_lib_python3_12_site-packages_PyQt6_Qt6_qml --> node_venv_lib_python3_12_site-packages_PyQt6_Qt6_qml_QtQuick["QtQuick"]\n    node_venv_lib_python3_12_site-packages_PyQt6_Qt6_qml_QtQuick --> node_venv_lib_python3_12_site-packages_PyQt6_Qt6_qml_QtQuick_Controls["Controls"]\n    node_venv_lib_python3_12_site-packages_PyQt6_Qt6_qml_QtQuick_Controls --> node_venv_lib_python3_12_site-packages_PyQt6_Qt6_qml_QtQuick_Controls_FluentWinUI3["FluentWinUI3"]\n    node_venv_lib_python3_12_site-packages_PyQt6_Qt6_qml_QtQuick_Controls_FluentWinUI3 --> node_venv_lib_python3_12_site-packages_PyQt6_Qt6_qml_QtQuick_Controls_FluentWinUI3_light["light"]\n    node_venv_lib_python3_12_site-packages_PyQt6_Qt6_qml_QtQuick_Controls_FluentWinUI3_light --> node_venv_lib_python3_12_site-packages_PyQt6_Qt6_qml_QtQuick_Controls_FluentWinUI3_light_images["images"]\n    node_venv_lib_python3_12_site-packages_PyQt6_Qt6_qml_QtQuick_Controls_FluentWinUI3_light_images --> node_venv_lib_python3_12_site-packages_PyQt6_Qt6_qml_QtQuick_Controls_FluentWinUI3_light_images_editablecombobox-background-open-pressed@2x_png["editablecombobox-background-open-pressed@2x.png"]\n    Root --> node_venv["venv"]\n    node_venv --> node_venv_lib["lib"]\n    node_venv_lib --> node_venv_lib_python3_12["python3.12"]\n    node_venv_lib_python3_12 --> node_venv_lib_python3_12_site-packages["site-packages"]\n    node_venv_lib_python3_12_site-packages --> node_venv_lib_python3_12_site-packages_PyQt6["PyQt6"]\n    node_venv_lib_python3_12_site-packages_PyQt6 --> node_venv_lib_python3_12_site-packages_PyQt6_Qt6["Qt6"]\n    node_venv_lib_python3_12_site-packages_PyQt6_Qt6 --> node_venv_lib_python3_12_site-packages_PyQt6_Qt6_qml["qml"]\n    node_venv_lib_python3_12_site-packages_PyQt6_Qt6_qml --> node_venv_lib_python3_12_site-packages_PyQt6_Qt6_qml_QtQuick["QtQuick"]\n    node_venv_lib_python3_12_site-packages_PyQt6_Qt6_qml_QtQuick --> node_venv_lib_python3_12_site-packages_PyQt6_Qt6_qml_QtQuick_Controls["Controls"]\n    node_venv_lib_python3_12_site-packages_PyQt6_Qt6_qml_QtQuick_Controls --> node_venv_lib_python3_12_site-packages_PyQt6_Qt6_qml_QtQuick_Controls_FluentWinUI3["FluentWinUI3"]\n    node_venv_lib_python3_12_site-packages_PyQt6_Qt6_qml_QtQuick_Controls_FluentWinUI3 --> node_venv_lib_python3_12_site-packages_PyQt6_Qt6_qml_QtQuick_Controls_FluentWinUI3_light["light"]\n    node_venv_lib_python3_12_site-packages_PyQt6_Qt6_qml_QtQuick_Controls_FluentWinUI3_light --> node_venv_lib_python3_12_site-packages_PyQt6_Qt6_qml_QtQuick_Controls_FluentWinUI3_light_images["images"]\n    node_venv_lib_python3_12_site-packages_PyQt6_Qt6_qml_QtQuick_Controls_FluentWinUI3_light_images --> node_venv_lib_python3_12_site-packages_PyQt6_Qt6_qml_QtQuick_Controls_FluentWinUI3_light_images_editablecombobox-background-open-pressed@3x_png["editablecombobox-background-open-pressed@3x.png"]\n    Root --> node_venv["venv"]\n    node_venv --> node_venv_lib["lib"]\n    node_venv_lib --> node_venv_lib_python3_12["python3.12"]\n    node_venv_lib_python3_12 --> node_venv_lib_python3_12_site-packages["site-packages"]\n    node_venv_lib_python3_12_site-packages --> node_venv_lib_python3_12_site-packages_PyQt6["PyQt6"]\n    node_venv_lib_python3_12_site-packages_PyQt6 --> node_venv_lib_python3_12_site-packages_PyQt6_Qt6["Qt6"]\n    node_venv_lib_python3_12_site-packages_PyQt6_Qt6 --> node_venv_lib_python3_12_site-packages_PyQt6_Qt6_qml["qml"]\n    node_venv_lib_python3_12_site-packages_PyQt6_Qt6_qml --> node_venv_lib_python3_12_site-packages_PyQt6_Qt6_qml_QtQuick["QtQuick"]\n    node_venv_lib_python3_12_site-packages_PyQt6_Qt6_qml_QtQuick --> node_venv_lib_python3_12_site-packages_PyQt6_Qt6_qml_QtQuick_Controls["Controls"]\n    node_venv_lib_python3_12_site-packages_PyQt6_Qt6_qml_QtQuick_Controls --> node_venv_lib_python3_12_site-packages_PyQt6_Qt6_qml_QtQuick_Controls_FluentWinUI3["FluentWinUI3"]\n    node_venv_lib_python3_12_site-packages_PyQt6_Qt6_qml_QtQuick_Controls_FluentWinUI3 --> node_venv_lib_python3_12_site-packages_PyQt6_Qt6_qml_QtQuick_Controls_FluentWinUI3_light["light"]\n    node_venv_lib_python3_12_site-packages_PyQt6_Qt6_qml_QtQuick_Controls_FluentWinUI3_light --> node_venv_lib_python3_12_site-packages_PyQt6_Qt6_qml_QtQuick_Controls_FluentWinUI3_light_images["images"]\n    node_venv_lib_python3_12_site-packages_PyQt6_Qt6_qml_QtQuick_Controls_FluentWinUI3_light_images --> node_venv_lib_python3_12_site-packages_PyQt6_Qt6_qml_QtQuick_Controls_FluentWinUI3_light_images_editablecombobox-background-open_png["editablecombobox-background-open.png"]\n    Root --> node_venv["venv"]\n    node_venv --> node_venv_lib["lib"]\n    node_venv_lib --> node_venv_lib_python3_12["python3.12"]\n    node_venv_lib_python3_12 --> node_venv_lib_python3_12_site-packages["site-packages"]\n    node_venv_lib_python3_12_site-packages --> node_venv_lib_python3_12_site-packages_PyQt6["PyQt6"]\n    node_venv_lib_python3_12_site-packages_PyQt6 --> node_venv_lib_python3_12_site-packages_PyQt6_Qt6["Qt6"]\n    node_venv_lib_python3_12_site-packages_PyQt6_Qt6 --> node_venv_lib_python3_12_site-packages_PyQt6_Qt6_qml["qml"]\n    node_venv_lib_python3_12_site-packages_PyQt6_Qt6_qml --> node_venv_lib_python3_12_site-packages_PyQt6_Qt6_qml_QtQuick["QtQuick"]\n    node_venv_lib_python3_12_site-packages_PyQt6_Qt6_qml_QtQuick --> node_venv_lib_python3_12_site-packages_PyQt6_Qt6_qml_QtQuick_Controls["Controls"]\n    node_venv_lib_python3_12_site-packages_PyQt6_Qt6_qml_QtQuick_Controls --> node_venv_lib_python3_12_site-packages_PyQt6_Qt6_qml_QtQuick_Controls_FluentWinUI3["FluentWinUI3"]\n    node_venv_lib_python3_12_site-packages_PyQt6_Qt6_qml_QtQuick_Controls_FluentWinUI3 --> node_venv_lib_python3_12_site-packages_PyQt6_Qt6_qml_QtQuick_Controls_FluentWinUI3_light["light"]\n    node_venv_lib_python3_12_site-packages_PyQt6_Qt6_qml_QtQuick_Controls_FluentWinUI3_light --> node_venv_lib_python3_12_site-packages_PyQt6_Qt6_qml_QtQuick_Controls_FluentWinUI3_light_images["images"]\n    node_venv_lib_python3_12_site-packages_PyQt6_Qt6_qml_QtQuick_Controls_FluentWinUI3_light_images --> node_venv_lib_python3_12_site-packages_PyQt6_Qt6_qml_QtQuick_Controls_FluentWinUI3_light_images_editablecombobox-background-open@2x_png["editablecombobox-background-open@2x.png"]\n    Root --> node_venv["venv"]\n    node_venv --> node_venv_lib["lib"]\n    node_venv_lib --> node_venv_lib_python3_12["python3.12"]\n    node_venv_lib_python3_12 --> node_venv_lib_python3_12_site-packages["site-packages"]\n    node_venv_lib_python3_12_site-packages --> node_venv_lib_python3_12_site-packages_PyQt6["PyQt6"]\n    node_venv_lib_python3_12_site-packages_PyQt6 --> node_venv_lib_python3_12_site-packages_PyQt6_Qt6["Qt6"]\n    node_venv_lib_python3_12_site-packages_PyQt6_Qt6 --> node_venv_lib_python3_12_site-packages_PyQt6_Qt6_qml["qml"]\n    node_venv_lib_python3_12_site-packages_PyQt6_Qt6_qml --> node_venv_lib_python3_12_site-packages_PyQt6_Qt6_qml_QtQuick["QtQuick"]\n    node_venv_lib_python3_12_site-packages_PyQt6_Qt6_qml_QtQuick --> node_venv_lib_python3_12_site-packages_PyQt6_Qt6_qml_QtQuick_Controls["Controls"]\n    node_venv_lib_python3_12_site-packages_PyQt6_Qt6_qml_QtQuick_Controls --> node_venv_lib_python3_12_site-packages_PyQt6_Qt6_qml_QtQuick_Controls_FluentWinUI3["FluentWinUI3"]\n    node_venv_lib_python3_12_site-packages_PyQt6_Qt6_qml_QtQuick_Controls_FluentWinUI3 --> node_venv_lib_python3_12_site-packages_PyQt6_Qt6_qml_QtQuick_Controls_FluentWinUI3_light["light"]\n    node_venv_lib_python3_12_site-packages_PyQt6_Qt6_qml_QtQuick_Controls_FluentWinUI3_light --> node_venv_lib_python3_12_site-packages_PyQt6_Qt6_qml_QtQuick_Controls_FluentWinUI3_light_images["images"]\n    node_venv_lib_python3_12_site-packages_PyQt6_Qt6_qml_QtQuick_Controls_FluentWinUI3_light_images --> node_venv_lib_python3_12_site-packages_PyQt6_Qt6_qml_QtQuick_Controls_FluentWinUI3_light_images_editablecombobox-background-open@3x_png["editablecombobox-background-open@3x.png"]\n    Root --> node_venv["venv"]\n    node_venv --> node_venv_lib["lib"]\n    node_venv_lib --> node_venv_lib_python3_12["python3.12"]\n    node_venv_lib_python3_12 --> node_venv_lib_python3_12_site-packages["site-packages"]\n    node_venv_lib_python3_12_site-packages --> node_venv_lib_python3_12_site-packages_PyQt6["PyQt6"]\n    node_venv_lib_python3_12_site-packages_PyQt6 --> node_venv_lib_python3_12_site-packages_PyQt6_Qt6["Qt6"]\n    node_venv_lib_python3_12_site-packages_PyQt6_Qt6 --> node_venv_lib_python3_12_site-packages_PyQt6_Qt6_qml["qml"]\n    node_venv_lib_python3_12_site-packages_PyQt6_Qt6_qml --> node_venv_lib_python3_12_site-packages_PyQt6_Qt6_qml_QtQuick["QtQuick"]\n    node_venv_lib_python3_12_site-packages_PyQt6_Qt6_qml_QtQuick --> node_venv_lib_python3_12_site-packages_PyQt6_Qt6_qml_QtQuick_Controls["Controls"]\n    node_venv_lib_python3_12_site-packages_PyQt6_Qt6_qml_QtQuick_Controls --> node_venv_lib_python3_12_site-packages_PyQt6_Qt6_qml_QtQuick_Controls_FluentWinUI3["FluentWinUI3"]\n    node_venv_lib_python3_12_site-packages_PyQt6_Qt6_qml_QtQuick_Controls_FluentWinUI3 --> node_venv_lib_python3_12_site-packages_PyQt6_Qt6_qml_QtQuick_Controls_FluentWinUI3_light["light"]\n    node_venv_lib_python3_12_site-packages_PyQt6_Qt6_qml_QtQuick_Controls_FluentWinUI3_light --> node_venv_lib_python3_12_site-packages_PyQt6_Qt6_qml_QtQuick_Controls_FluentWinUI3_light_images["images"]\n    node_venv_lib_python3_12_site-packages_PyQt6_Qt6_qml_QtQuick_Controls_FluentWinUI3_light_images --> node_venv_lib_python3_12_site-packages_PyQt6_Qt6_qml_QtQuick_Controls_FluentWinUI3_light_images_editablecombobox-indicator-hovered-open_png["editablecombobox-indicator-hovered-open.png"]\n    Root --> node_venv["venv"]\n    node_venv --> node_venv_lib["lib"]\n    node_venv_lib --> node_venv_lib_python3_12["python3.12"]\n    node_venv_lib_python3_12 --> node_venv_lib_python3_12_site-packages["site-packages"]\n    node_venv_lib_python3_12_site-packages --> node_venv_lib_python3_12_site-packages_PyQt6["PyQt6"]\n    node_venv_lib_python3_12_site-packages_PyQt6 --> node_venv_lib_python3_12_site-packages_PyQt6_Qt6["Qt6"]\n    node_venv_lib_python3_12_site-packages_PyQt6_Qt6 --> node_venv_lib_python3_12_site-packages_PyQt6_Qt6_qml["qml"]\n    node_venv_lib_python3_12_site-packages_PyQt6_Qt6_qml --> node_venv_lib_python3_12_site-packages_PyQt6_Qt6_qml_QtQuick["QtQuick"]\n    node_venv_lib_python3_12_site-packages_PyQt6_Qt6_qml_QtQuick --> node_venv_lib_python3_12_site-packages_PyQt6_Qt6_qml_QtQuick_Controls["Controls"]\n    node_venv_lib_python3_12_site-packages_PyQt6_Qt6_qml_QtQuick_Controls --> node_venv_lib_python3_12_site-packages_PyQt6_Qt6_qml_QtQuick_Controls_FluentWinUI3["FluentWinUI3"]\n    node_venv_lib_python3_12_site-packages_PyQt6_Qt6_qml_QtQuick_Controls_FluentWinUI3 --> node_venv_lib_python3_12_site-packages_PyQt6_Qt6_qml_QtQuick_Controls_FluentWinUI3_light["light"]\n    node_venv_lib_python3_12_site-packages_PyQt6_Qt6_qml_QtQuick_Controls_FluentWinUI3_light --> node_venv_lib_python3_12_site-packages_PyQt6_Qt6_qml_QtQuick_Controls_FluentWinUI3_light_images["images"]\n    node_venv_lib_python3_12_site-packages_PyQt6_Qt6_qml_QtQuick_Controls_FluentWinUI3_light_images --> node_venv_lib_python3_12_site-packages_PyQt6_Qt6_qml_QtQuick_Controls_FluentWinUI3_light_images_editablecombobox-indicator-hovered-open@2x_png["editablecombobox-indicator-hovered-open@2x.png"]\n    Root --> node_venv["venv"]\n    node_venv --> node_venv_lib["lib"]\n    node_venv_lib --> node_venv_lib_python3_12["python3.12"]\n    node_venv_lib_python3_12 --> node_venv_lib_python3_12_site-packages["site-packages"]\n    node_venv_lib_python3_12_site-packages --> node_venv_lib_python3_12_site-packages_PyQt6["PyQt6"]\n    node_venv_lib_python3_12_site-packages_PyQt6 --> node_venv_lib_python3_12_site-packages_PyQt6_Qt6["Qt6"]\n    node_venv_lib_python3_12_site-packages_PyQt6_Qt6 --> node_venv_lib_python3_12_site-packages_PyQt6_Qt6_qml["qml"]\n    node_venv_lib_python3_12_site-packages_PyQt6_Qt6_qml --> node_venv_lib_python3_12_site-packages_PyQt6_Qt6_qml_QtQuick["QtQuick"]\n    node_venv_lib_python3_12_site-packages_PyQt6_Qt6_qml_QtQuick --> node_venv_lib_python3_12_site-packages_PyQt6_Qt6_qml_QtQuick_Controls["Controls"]\n    node_venv_lib_python3_12_site-packages_PyQt6_Qt6_qml_QtQuick_Controls --> node_venv_lib_python3_12_site-packages_PyQt6_Qt6_qml_QtQuick_Controls_FluentWinUI3["FluentWinUI3"]\n    node_venv_lib_python3_12_site-packages_PyQt6_Qt6_qml_QtQuick_Controls_FluentWinUI3 --> node_venv_lib_python3_12_site-packages_PyQt6_Qt6_qml_QtQuick_Controls_FluentWinUI3_light["light"]\n    node_venv_lib_python3_12_site-packages_PyQt6_Qt6_qml_QtQuick_Controls_FluentWinUI3_light --> node_venv_lib_python3_12_site-packages_PyQt6_Qt6_qml_QtQuick_Controls_FluentWinUI3_light_images["images"]\n    node_venv_lib_python3_12_site-packages_PyQt6_Qt6_qml_QtQuick_Controls_FluentWinUI3_light_images --> node_venv_lib_python3_12_site-packages_PyQt6_Qt6_qml_QtQuick_Controls_FluentWinUI3_light_images_editablecombobox-indicator-hovered-open@3x_png["editablecombobox-indicator-hovered-open@3x.png"]\n    Root --> node_venv["venv"]\n    node_venv --> node_venv_lib["lib"]\n    node_venv_lib --> node_venv_lib_python3_12["python3.12"]\n    node_venv_lib_python3_12 --> node_venv_lib_python3_12_site-packages["site-packages"]\n    node_venv_lib_python3_12_site-packages --> node_venv_lib_python3_12_site-packages_PyQt6["PyQt6"]\n    node_venv_lib_python3_12_site-packages_PyQt6 --> node_venv_lib_python3_12_site-packages_PyQt6_Qt6["Qt6"]\n    node_venv_lib_python3_12_site-packages_PyQt6_Qt6 --> node_venv_lib_python3_12_site-packages_PyQt6_Qt6_qml["qml"]\n    node_venv_lib_python3_12_site-packages_PyQt6_Qt6_qml --> node_venv_lib_python3_12_site-packages_PyQt6_Qt6_qml_QtQuick["QtQuick"]\n    node_venv_lib_python3_12_site-packages_PyQt6_Qt6_qml_QtQuick --> node_venv_lib_python3_12_site-packages_PyQt6_Qt6_qml_QtQuick_Controls["Controls"]\n    node_venv_lib_python3_12_site-packages_PyQt6_Qt6_qml_QtQuick_Controls --> node_venv_lib_python3_12_site-packages_PyQt6_Qt6_qml_QtQuick_Controls_FluentWinUI3["FluentWinUI3"]\n    node_venv_lib_python3_12_site-packages_PyQt6_Qt6_qml_QtQuick_Controls_FluentWinUI3 --> node_venv_lib_python3_12_site-packages_PyQt6_Qt6_qml_QtQuick_Controls_FluentWinUI3_light["light"]\n    node_venv_lib_python3_12_site-packages_PyQt6_Qt6_qml_QtQuick_Controls_FluentWinUI3_light --> node_venv_lib_python3_12_site-packages_PyQt6_Qt6_qml_QtQuick_Controls_FluentWinUI3_light_images["images"]\n    node_venv_lib_python3_12_site-packages_PyQt6_Qt6_qml_QtQuick_Controls_FluentWinUI3_light_images --> node_venv_lib_python3_12_site-packages_PyQt6_Qt6_qml_QtQuick_Controls_FluentWinUI3_light_images_editablecombobox-indicator-open-pressed_png["editablecombobox-indicator-open-pressed.png"]\n    Root --> node_venv["venv"]\n    node_venv --> node_venv_lib["lib"]\n    node_venv_lib --> node_venv_lib_python3_12["python3.12"]\n    node_venv_lib_python3_12 --> node_venv_lib_python3_12_site-packages["site-packages"]\n    node_venv_lib_python3_12_site-packages --> node_venv_lib_python3_12_site-packages_PyQt6["PyQt6"]\n    node_venv_lib_python3_12_site-packages_PyQt6 --> node_venv_lib_python3_12_site-packages_PyQt6_Qt6["Qt6"]\n    node_venv_lib_python3_12_site-packages_PyQt6_Qt6 --> node_venv_lib_python3_12_site-packages_PyQt6_Qt6_qml["qml"]\n    node_venv_lib_python3_12_site-packages_PyQt6_Qt6_qml --> node_venv_lib_python3_12_site-packages_PyQt6_Qt6_qml_QtQuick["QtQuick"]\n    node_venv_lib_python3_12_site-packages_PyQt6_Qt6_qml_QtQuick --> node_venv_lib_python3_12_site-packages_PyQt6_Qt6_qml_QtQuick_Controls["Controls"]\n    node_venv_lib_python3_12_site-packages_PyQt6_Qt6_qml_QtQuick_Controls --> node_venv_lib_python3_12_site-packages_PyQt6_Qt6_qml_QtQuick_Controls_FluentWinUI3["FluentWinUI3"]\n    node_venv_lib_python3_12_site-packages_PyQt6_Qt6_qml_QtQuick_Controls_FluentWinUI3 --> node_venv_lib_python3_12_site-packages_PyQt6_Qt6_qml_QtQuick_Controls_FluentWinUI3_light["light"]\n    node_venv_lib_python3_12_site-packages_PyQt6_Qt6_qml_QtQuick_Controls_FluentWinUI3_light --> node_venv_lib_python3_12_site-packages_PyQt6_Qt6_qml_QtQuick_Controls_FluentWinUI3_light_images["images"]\n    node_venv_lib_python3_12_site-packages_PyQt6_Qt6_qml_QtQuick_Controls_FluentWinUI3_light_images --> node_venv_lib_python3_12_site-packages_PyQt6_Qt6_qml_QtQuick_Controls_FluentWinUI3_light_images_editablecombobox-indicator-open-pressed@2x_png["editablecombobox-indicator-open-pressed@2x.png"]\n    Root --> node_venv["venv"]\n    node_venv --> node_venv_lib["lib"]\n    node_venv_lib --> node_venv_lib_python3_12["python3.12"]\n    node_venv_lib_python3_12 --> node_venv_lib_python3_12_site-packages["site-packages"]\n    node_venv_lib_python3_12_site-packages --> node_venv_lib_python3_12_site-packages_PyQt6["PyQt6"]\n    node_venv_lib_python3_12_site-packages_PyQt6 --> node_venv_lib_python3_12_site-packages_PyQt6_Qt6["Qt6"]\n    node_venv_lib_python3_12_site-packages_PyQt6_Qt6 --> node_venv_lib_python3_12_site-packages_PyQt6_Qt6_qml["qml"]\n    node_venv_lib_python3_12_site-packages_PyQt6_Qt6_qml --> node_venv_lib_python3_12_site-packages_PyQt6_Qt6_qml_QtQuick["QtQuick"]\n    node_venv_lib_python3_12_site-packages_PyQt6_Qt6_qml_QtQuick --> node_venv_lib_python3_12_site-packages_PyQt6_Qt6_qml_QtQuick_Controls["Controls"]\n    node_venv_lib_python3_12_site-packages_PyQt6_Qt6_qml_QtQuick_Controls --> node_venv_lib_python3_12_site-packages_PyQt6_Qt6_qml_QtQuick_Controls_FluentWinUI3["FluentWinUI3"]\n    node_venv_lib_python3_12_site-packages_PyQt6_Qt6_qml_QtQuick_Controls_FluentWinUI3 --> node_venv_lib_python3_12_site-packages_PyQt6_Qt6_qml_QtQuick_Controls_FluentWinUI3_light["light"]\n    node_venv_lib_python3_12_site-packages_PyQt6_Qt6_qml_QtQuick_Controls_FluentWinUI3_light --> node_venv_lib_python3_12_site-packages_PyQt6_Qt6_qml_QtQuick_Controls_FluentWinUI3_light_images["images"]\n    node_venv_lib_python3_12_site-packages_PyQt6_Qt6_qml_QtQuick_Controls_FluentWinUI3_light_images --> node_venv_lib_python3_12_site-packages_PyQt6_Qt6_qml_QtQuick_Controls_FluentWinUI3_light_images_editablecombobox-indicator-open-pressed@3x_png["editablecombobox-indicator-open-pressed@3x.png"]\n    Root --> node_venv["venv"]\n    node_venv --> node_venv_lib["lib"]\n    node_venv_lib --> node_venv_lib_python3_12["python3.12"]\n    node_venv_lib_python3_12 --> node_venv_lib_python3_12_site-packages["site-packages"]\n    node_venv_lib_python3_12_site-packages --> node_venv_lib_python3_12_site-packages_PyQt6["PyQt6"]\n    node_venv_lib_python3_12_site-packages_PyQt6 --> node_venv_lib_python3_12_site-packages_PyQt6_Qt6["Qt6"]\n    node_venv_lib_python3_12_site-packages_PyQt6_Qt6 --> node_venv_lib_python3_12_site-packages_PyQt6_Qt6_qml["qml"]\n    node_venv_lib_python3_12_site-packages_PyQt6_Qt6_qml --> node_venv_lib_python3_12_site-packages_PyQt6_Qt6_qml_QtQuick["QtQuick"]\n    node_venv_lib_python3_12_site-packages_PyQt6_Qt6_qml_QtQuick --> node_venv_lib_python3_12_site-packages_PyQt6_Qt6_qml_QtQuick_Controls["Controls"]\n    node_venv_lib_python3_12_site-packages_PyQt6_Qt6_qml_QtQuick_Controls --> node_venv_lib_python3_12_site-packages_PyQt6_Qt6_qml_QtQuick_Controls_FluentWinUI3["FluentWinUI3"]\n    node_venv_lib_python3_12_site-packages_PyQt6_Qt6_qml_QtQuick_Controls_FluentWinUI3 --> node_venv_lib_python3_12_site-packages_PyQt6_Qt6_qml_QtQuick_Controls_FluentWinUI3_light["light"]\n    node_venv_lib_python3_12_site-packages_PyQt6_Qt6_qml_QtQuick_Controls_FluentWinUI3_light --> node_venv_lib_python3_12_site-packages_PyQt6_Qt6_qml_QtQuick_Controls_FluentWinUI3_light_images["images"]\n    node_venv_lib_python3_12_site-packages_PyQt6_Qt6_qml_QtQuick_Controls_FluentWinUI3_light_images --> node_venv_lib_python3_12_site-packages_PyQt6_Qt6_qml_QtQuick_Controls_FluentWinUI3_light_images_editablecombobox-indicator-open_png["editablecombobox-indicator-open.png"]\n    Root --> node_venv["venv"]\n    node_venv --> node_venv_lib["lib"]\n    node_venv_lib --> node_venv_lib_python3_12["python3.12"]\n    node_venv_lib_python3_12 --> node_venv_lib_python3_12_site-packages["site-packages"]\n    node_venv_lib_python3_12_site-packages --> node_venv_lib_python3_12_site-packages_PyQt6["PyQt6"]\n    node_venv_lib_python3_12_site-packages_PyQt6 --> node_venv_lib_python3_12_site-packages_PyQt6_Qt6["Qt6"]\n    node_venv_lib_python3_12_site-packages_PyQt6_Qt6 --> node_venv_lib_python3_12_site-packages_PyQt6_Qt6_qml["qml"]\n    node_venv_lib_python3_12_site-packages_PyQt6_Qt6_qml --> node_venv_lib_python3_12_site-packages_PyQt6_Qt6_qml_QtQuick["QtQuick"]\n    node_venv_lib_python3_12_site-packages_PyQt6_Qt6_qml_QtQuick --> node_venv_lib_python3_12_site-packages_PyQt6_Qt6_qml_QtQuick_Controls["Controls"]\n    node_venv_lib_python3_12_site-packages_PyQt6_Qt6_qml_QtQuick_Controls --> node_venv_lib_python3_12_site-packages_PyQt6_Qt6_qml_QtQuick_Controls_FluentWinUI3["FluentWinUI3"]\n    node_venv_lib_python3_12_site-packages_PyQt6_Qt6_qml_QtQuick_Controls_FluentWinUI3 --> node_venv_lib_python3_12_site-packages_PyQt6_Qt6_qml_QtQuick_Controls_FluentWinUI3_light["light"]\n    node_venv_lib_python3_12_site-packages_PyQt6_Qt6_qml_QtQuick_Controls_FluentWinUI3_light --> node_venv_lib_python3_12_site-packages_PyQt6_Qt6_qml_QtQuick_Controls_FluentWinUI3_light_images["images"]\n    node_venv_lib_python3_12_site-packages_PyQt6_Qt6_qml_QtQuick_Controls_FluentWinUI3_light_images --> node_venv_lib_python3_12_site-packages_PyQt6_Qt6_qml_QtQuick_Controls_FluentWinUI3_light_images_editablecombobox-indicator-open@2x_png["editablecombobox-indicator-open@2x.png"]\n    Root --> node_venv["venv"]\n    node_venv --> node_venv_lib["lib"]\n    node_venv_lib --> node_venv_lib_python3_12["python3.12"]\n    node_venv_lib_python3_12 --> node_venv_lib_python3_12_site-packages["site-packages"]\n    node_venv_lib_python3_12_site-packages --> node_venv_lib_python3_12_site-packages_PyQt6["PyQt6"]\n    node_venv_lib_python3_12_site-packages_PyQt6 --> node_venv_lib_python3_12_site-packages_PyQt6_Qt6["Qt6"]\n    node_venv_lib_python3_12_site-packages_PyQt6_Qt6 --> node_venv_lib_python3_12_site-packages_PyQt6_Qt6_qml["qml"]\n    node_venv_lib_python3_12_site-packages_PyQt6_Qt6_qml --> node_venv_lib_python3_12_site-packages_PyQt6_Qt6_qml_QtQuick["QtQuick"]\n    node_venv_lib_python3_12_site-packages_PyQt6_Qt6_qml_QtQuick --> node_venv_lib_python3_12_site-packages_PyQt6_Qt6_qml_QtQuick_Controls["Controls"]\n    node_venv_lib_python3_12_site-packages_PyQt6_Qt6_qml_QtQuick_Controls --> node_venv_lib_python3_12_site-packages_PyQt6_Qt6_qml_QtQuick_Controls_FluentWinUI3["FluentWinUI3"]\n    node_venv_lib_python3_12_site-packages_PyQt6_Qt6_qml_QtQuick_Controls_FluentWinUI3 --> node_venv_lib_python3_12_site-packages_PyQt6_Qt6_qml_QtQuick_Controls_FluentWinUI3_light["light"]\n    node_venv_lib_python3_12_site-packages_PyQt6_Qt6_qml_QtQuick_Controls_FluentWinUI3_light --> node_venv_lib_python3_12_site-packages_PyQt6_Qt6_qml_QtQuick_Controls_FluentWinUI3_light_images["images"]\n    node_venv_lib_python3_12_site-packages_PyQt6_Qt6_qml_QtQuick_Controls_FluentWinUI3_light_images --> node_venv_lib_python3_12_site-packages_PyQt6_Qt6_qml_QtQuick_Controls_FluentWinUI3_light_images_editablecombobox-indicator-open@3x_png["editablecombobox-indicator-open@3x.png"]\n    Root --> node_venv["venv"]\n    node_venv --> node_venv_lib["lib"]\n    node_venv_lib --> node_venv_lib_python3_12["python3.12"]\n    node_venv_lib_python3_12 --> node_venv_lib_python3_12_site-packages["site-packages"]\n    node_venv_lib_python3_12_site-packages --> node_venv_lib_python3_12_site-packages_PyQt6["PyQt6"]\n    node_venv_lib_python3_12_site-packages_PyQt6 --> node_venv_lib_python3_12_site-packages_PyQt6_Qt6["Qt6"]\n    node_venv_lib_python3_12_site-packages_PyQt6_Qt6 --> node_venv_lib_python3_12_site-packages_PyQt6_Qt6_qml["qml"]\n    node_venv_lib_python3_12_site-packages_PyQt6_Qt6_qml --> node_venv_lib_python3_12_site-packages_PyQt6_Qt6_qml_QtQuick["QtQuick"]\n    node_venv_lib_python3_12_site-packages_PyQt6_Qt6_qml_QtQuick --> node_venv_lib_python3_12_site-packages_PyQt6_Qt6_qml_QtQuick_Controls["Controls"]\n    node_venv_lib_python3_12_site-packages_PyQt6_Qt6_qml_QtQuick_Controls --> node_venv_lib_python3_12_site-packages_PyQt6_Qt6_qml_QtQuick_Controls_FluentWinUI3["FluentWinUI3"]\n    node_venv_lib_python3_12_site-packages_PyQt6_Qt6_qml_QtQuick_Controls_FluentWinUI3 --> node_venv_lib_python3_12_site-packages_PyQt6_Qt6_qml_QtQuick_Controls_FluentWinUI3_light["light"]\n    node_venv_lib_python3_12_site-packages_PyQt6_Qt6_qml_QtQuick_Controls_FluentWinUI3_light --> node_venv_lib_python3_12_site-packages_PyQt6_Qt6_qml_QtQuick_Controls_FluentWinUI3_light_images["images"]\n    node_venv_lib_python3_12_site-packages_PyQt6_Qt6_qml_QtQuick_Controls_FluentWinUI3_light_images --> node_venv_lib_python3_12_site-packages_PyQt6_Qt6_qml_QtQuick_Controls_FluentWinUI3_light_images_editablecombobox-popup-background-hovered-open_png["editablecombobox-popup-background-hovered-open.png"]\n    Root --> node_venv["venv"]\n    node_venv --> node_venv_lib["lib"]\n    node_venv_lib --> node_venv_lib_python3_12["python3.12"]\n    node_venv_lib_python3_12 --> node_venv_lib_python3_12_site-packages["site-packages"]\n    node_venv_lib_python3_12_site-packages --> node_venv_lib_python3_12_site-packages_PyQt6["PyQt6"]\n    node_venv_lib_python3_12_site-packages_PyQt6 --> node_venv_lib_python3_12_site-packages_PyQt6_Qt6["Qt6"]\n    node_venv_lib_python3_12_site-packages_PyQt6_Qt6 --> node_venv_lib_python3_12_site-packages_PyQt6_Qt6_qml["qml"]\n    node_venv_lib_python3_12_site-packages_PyQt6_Qt6_qml --> node_venv_lib_python3_12_site-packages_PyQt6_Qt6_qml_QtQuick["QtQuick"]\n    node_venv_lib_python3_12_site-packages_PyQt6_Qt6_qml_QtQuick --> node_venv_lib_python3_12_site-packages_PyQt6_Qt6_qml_QtQuick_Controls["Controls"]\n    node_venv_lib_python3_12_site-packages_PyQt6_Qt6_qml_QtQuick_Controls --> node_venv_lib_python3_12_site-packages_PyQt6_Qt6_qml_QtQuick_Controls_FluentWinUI3["FluentWinUI3"]\n    node_venv_lib_python3_12_site-packages_PyQt6_Qt6_qml_QtQuick_Controls_FluentWinUI3 --> node_venv_lib_python3_12_site-packages_PyQt6_Qt6_qml_QtQuick_Controls_FluentWinUI3_light["light"]\n    node_venv_lib_python3_12_site-packages_PyQt6_Qt6_qml_QtQuick_Controls_FluentWinUI3_light --> node_venv_lib_python3_12_site-packages_PyQt6_Qt6_qml_QtQuick_Controls_FluentWinUI3_light_images["images"]\n    node_venv_lib_python3_12_site-packages_PyQt6_Qt6_qml_QtQuick_Controls_FluentWinUI3_light_images --> node_venv_lib_python3_12_site-packages_PyQt6_Qt6_qml_QtQuick_Controls_FluentWinUI3_light_images_editablecombobox-popup-background-hovered-open@2x_png["editablecombobox-popup-background-hovered-open@2x.png"]\n    Root --> node_venv["venv"]\n    node_venv --> node_venv_lib["lib"]\n    node_venv_lib --> node_venv_lib_python3_12["python3.12"]\n    node_venv_lib_python3_12 --> node_venv_lib_python3_12_site-packages["site-packages"]\n    node_venv_lib_python3_12_site-packages --> node_venv_lib_python3_12_site-packages_PyQt6["PyQt6"]\n    node_venv_lib_python3_12_site-packages_PyQt6 --> node_venv_lib_python3_12_site-packages_PyQt6_Qt6["Qt6"]\n    node_venv_lib_python3_12_site-packages_PyQt6_Qt6 --> node_venv_lib_python3_12_site-packages_PyQt6_Qt6_qml["qml"]\n    node_venv_lib_python3_12_site-packages_PyQt6_Qt6_qml --> node_venv_lib_python3_12_site-packages_PyQt6_Qt6_qml_QtQuick["QtQuick"]\n    node_venv_lib_python3_12_site-packages_PyQt6_Qt6_qml_QtQuick --> node_venv_lib_python3_12_site-packages_PyQt6_Qt6_qml_QtQuick_Controls["Controls"]\n    node_venv_lib_python3_12_site-packages_PyQt6_Qt6_qml_QtQuick_Controls --> node_venv_lib_python3_12_site-packages_PyQt6_Qt6_qml_QtQuick_Controls_FluentWinUI3["FluentWinUI3"]\n    node_venv_lib_python3_12_site-packages_PyQt6_Qt6_qml_QtQuick_Controls_FluentWinUI3 --> node_venv_lib_python3_12_site-packages_PyQt6_Qt6_qml_QtQuick_Controls_FluentWinUI3_light["light"]\n    node_venv_lib_python3_12_site-packages_PyQt6_Qt6_qml_QtQuick_Controls_FluentWinUI3_light --> node_venv_lib_python3_12_site-packages_PyQt6_Qt6_qml_QtQuick_Controls_FluentWinUI3_light_images["images"]\n    node_venv_lib_python3_12_site-packages_PyQt6_Qt6_qml_QtQuick_Controls_FluentWinUI3_light_images --> node_venv_lib_python3_12_site-packages_PyQt6_Qt6_qml_QtQuick_Controls_FluentWinUI3_light_images_editablecombobox-popup-background-hovered-open@3x_png["editablecombobox-popup-background-hovered-open@3x.png"]\n    Root --> node_venv["venv"]\n    node_venv --> node_venv_lib["lib"]\n    node_venv_lib --> node_venv_lib_python3_12["python3.12"]\n    node_venv_lib_python3_12 --> node_venv_lib_python3_12_site-packages["site-packages"]\n    node_venv_lib_python3_12_site-packages --> node_venv_lib_python3_12_site-packages_PyQt6["PyQt6"]\n    node_venv_lib_python3_12_site-packages_PyQt6 --> node_venv_lib_python3_12_site-packages_PyQt6_Qt6["Qt6"]\n    node_venv_lib_python3_12_site-packages_PyQt6_Qt6 --> node_venv_lib_python3_12_site-packages_PyQt6_Qt6_qml["qml"]\n    node_venv_lib_python3_12_site-packages_PyQt6_Qt6_qml --> node_venv_lib_python3_12_site-packages_PyQt6_Qt6_qml_QtQuick["QtQuick"]\n    node_venv_lib_python3_12_site-packages_PyQt6_Qt6_qml_QtQuick --> node_venv_lib_python3_12_site-packages_PyQt6_Qt6_qml_QtQuick_Controls["Controls"]\n    node_venv_lib_python3_12_site-packages_PyQt6_Qt6_qml_QtQuick_Controls --> node_venv_lib_python3_12_site-packages_PyQt6_Qt6_qml_QtQuick_Controls_FluentWinUI3["FluentWinUI3"]\n    node_venv_lib_python3_12_site-packages_PyQt6_Qt6_qml_QtQuick_Controls_FluentWinUI3 --> node_venv_lib_python3_12_site-packages_PyQt6_Qt6_qml_QtQuick_Controls_FluentWinUI3_light["light"]\n    node_venv_lib_python3_12_site-packages_PyQt6_Qt6_qml_QtQuick_Controls_FluentWinUI3_light --> node_venv_lib_python3_12_site-packages_PyQt6_Qt6_qml_QtQuick_Controls_FluentWinUI3_light_images["images"]\n    node_venv_lib_python3_12_site-packages_PyQt6_Qt6_qml_QtQuick_Controls_FluentWinUI3_light_images --> node_venv_lib_python3_12_site-packages_PyQt6_Qt6_qml_QtQuick_Controls_FluentWinUI3_light_images_editablecombobox-popup-background-open-pressed_png["editablecombobox-popup-background-open-pressed.png"]\n    Root --> node_venv["venv"]\n    node_venv --> node_venv_lib["lib"]\n    node_venv_lib --> node_venv_lib_python3_12["python3.12"]\n    node_venv_lib_python3_12 --> node_venv_lib_python3_12_site-packages["site-packages"]\n    node_venv_lib_python3_12_site-packages --> node_venv_lib_python3_12_site-packages_PyQt6["PyQt6"]\n    node_venv_lib_python3_12_site-packages_PyQt6 --> node_venv_lib_python3_12_site-packages_PyQt6_Qt6["Qt6"]\n    node_venv_lib_python3_12_site-packages_PyQt6_Qt6 --> node_venv_lib_python3_12_site-packages_PyQt6_Qt6_qml["qml"]\n    node_venv_lib_python3_12_site-packages_PyQt6_Qt6_qml --> node_venv_lib_python3_12_site-packages_PyQt6_Qt6_qml_QtQuick["QtQuick"]\n    node_venv_lib_python3_12_site-packages_PyQt6_Qt6_qml_QtQuick --> node_venv_lib_python3_12_site-packages_PyQt6_Qt6_qml_QtQuick_Controls["Controls"]\n    node_venv_lib_python3_12_site-packages_PyQt6_Qt6_qml_QtQuick_Controls --> node_venv_lib_python3_12_site-packages_PyQt6_Qt6_qml_QtQuick_Controls_FluentWinUI3["FluentWinUI3"]\n    node_venv_lib_python3_12_site-packages_PyQt6_Qt6_qml_QtQuick_Controls_FluentWinUI3 --> node_venv_lib_python3_12_site-packages_PyQt6_Qt6_qml_QtQuick_Controls_FluentWinUI3_light["light"]\n    node_venv_lib_python3_12_site-packages_PyQt6_Qt6_qml_QtQuick_Controls_FluentWinUI3_light --> node_venv_lib_python3_12_site-packages_PyQt6_Qt6_qml_QtQuick_Controls_FluentWinUI3_light_images["images"]\n    node_venv_lib_python3_12_site-packages_PyQt6_Qt6_qml_QtQuick_Controls_FluentWinUI3_light_images --> node_venv_lib_python3_12_site-packages_PyQt6_Qt6_qml_QtQuick_Controls_FluentWinUI3_light_images_editablecombobox-popup-background-open-pressed@2x_png["editablecombobox-popup-background-open-pressed@2x.png"]\n    Root --> node_venv["venv"]\n    node_venv --> node_venv_lib["lib"]\n    node_venv_lib --> node_venv_lib_python3_12["python3.12"]\n    node_venv_lib_python3_12 --> node_venv_lib_python3_12_site-packages["site-packages"]\n    node_venv_lib_python3_12_site-packages --> node_venv_lib_python3_12_site-packages_PyQt6["PyQt6"]\n    node_venv_lib_python3_12_site-packages_PyQt6 --> node_venv_lib_python3_12_site-packages_PyQt6_Qt6["Qt6"]\n    node_venv_lib_python3_12_site-packages_PyQt6_Qt6 --> node_venv_lib_python3_12_site-packages_PyQt6_Qt6_qml["qml"]\n    node_venv_lib_python3_12_site-packages_PyQt6_Qt6_qml --> node_venv_lib_python3_12_site-packages_PyQt6_Qt6_qml_QtQuick["QtQuick"]\n    node_venv_lib_python3_12_site-packages_PyQt6_Qt6_qml_QtQuick --> node_venv_lib_python3_12_site-packages_PyQt6_Qt6_qml_QtQuick_Controls["Controls"]\n    node_venv_lib_python3_12_site-packages_PyQt6_Qt6_qml_QtQuick_Controls --> node_venv_lib_python3_12_site-packages_PyQt6_Qt6_qml_QtQuick_Controls_FluentWinUI3["FluentWinUI3"]\n    node_venv_lib_python3_12_site-packages_PyQt6_Qt6_qml_QtQuick_Controls_FluentWinUI3 --> node_venv_lib_python3_12_site-packages_PyQt6_Qt6_qml_QtQuick_Controls_FluentWinUI3_light["light"]\n    node_venv_lib_python3_12_site-packages_PyQt6_Qt6_qml_QtQuick_Controls_FluentWinUI3_light --> node_venv_lib_python3_12_site-packages_PyQt6_Qt6_qml_QtQuick_Controls_FluentWinUI3_light_images["images"]\n    node_venv_lib_python3_12_site-packages_PyQt6_Qt6_qml_QtQuick_Controls_FluentWinUI3_light_images --> node_venv_lib_python3_12_site-packages_PyQt6_Qt6_qml_QtQuick_Controls_FluentWinUI3_light_images_editablecombobox-popup-background-open-pressed@3x_png["editablecombobox-popup-background-open-pressed@3x.png"]\n    Root --> node_venv["venv"]\n    node_venv --> node_venv_lib["lib"]\n    node_venv_lib --> node_venv_lib_python3_12["python3.12"]\n    node_venv_lib_python3_12 --> node_venv_lib_python3_12_site-packages["site-packages"]\n    node_venv_lib_python3_12_site-packages --> node_venv_lib_python3_12_site-packages_PyQt6["PyQt6"]\n    node_venv_lib_python3_12_site-packages_PyQt6 --> node_venv_lib_python3_12_site-packages_PyQt6_Qt6["Qt6"]\n    node_venv_lib_python3_12_site-packages_PyQt6_Qt6 --> node_venv_lib_python3_12_site-packages_PyQt6_Qt6_qml["qml"]\n    node_venv_lib_python3_12_site-packages_PyQt6_Qt6_qml --> node_venv_lib_python3_12_site-packages_PyQt6_Qt6_qml_QtQuick["QtQuick"]\n    node_venv_lib_python3_12_site-packages_PyQt6_Qt6_qml_QtQuick --> node_venv_lib_python3_12_site-packages_PyQt6_Qt6_qml_QtQuick_Controls["Controls"]\n    node_venv_lib_python3_12_site-packages_PyQt6_Qt6_qml_QtQuick_Controls --> node_venv_lib_python3_12_site-packages_PyQt6_Qt6_qml_QtQuick_Controls_FluentWinUI3["FluentWinUI3"]\n    node_venv_lib_python3_12_site-packages_PyQt6_Qt6_qml_QtQuick_Controls_FluentWinUI3 --> node_venv_lib_python3_12_site-packages_PyQt6_Qt6_qml_QtQuick_Controls_FluentWinUI3_light["light"]\n    node_venv_lib_python3_12_site-packages_PyQt6_Qt6_qml_QtQuick_Controls_FluentWinUI3_light --> node_venv_lib_python3_12_site-packages_PyQt6_Qt6_qml_QtQuick_Controls_FluentWinUI3_light_images["images"]\n    node_venv_lib_python3_12_site-packages_PyQt6_Qt6_qml_QtQuick_Controls_FluentWinUI3_light_images --> node_venv_lib_python3_12_site-packages_PyQt6_Qt6_qml_QtQuick_Controls_FluentWinUI3_light_images_editablecombobox-popup-background-open_png["editablecombobox-popup-background-open.png"]\n    Root --> node_venv["venv"]\n    node_venv --> node_venv_lib["lib"]\n    node_venv_lib --> node_venv_lib_python3_12["python3.12"]\n    node_venv_lib_python3_12 --> node_venv_lib_python3_12_site-packages["site-packages"]\n    node_venv_lib_python3_12_site-packages --> node_venv_lib_python3_12_site-packages_PyQt6["PyQt6"]\n    node_venv_lib_python3_12_site-packages_PyQt6 --> node_venv_lib_python3_12_site-packages_PyQt6_Qt6["Qt6"]\n    node_venv_lib_python3_12_site-packages_PyQt6_Qt6 --> node_venv_lib_python3_12_site-packages_PyQt6_Qt6_qml["qml"]\n    node_venv_lib_python3_12_site-packages_PyQt6_Qt6_qml --> node_venv_lib_python3_12_site-packages_PyQt6_Qt6_qml_QtQuick["QtQuick"]\n    node_venv_lib_python3_12_site-packages_PyQt6_Qt6_qml_QtQuick --> node_venv_lib_python3_12_site-packages_PyQt6_Qt6_qml_QtQuick_Controls["Controls"]\n    node_venv_lib_python3_12_site-packages_PyQt6_Qt6_qml_QtQuick_Controls --> node_venv_lib_python3_12_site-packages_PyQt6_Qt6_qml_QtQuick_Controls_FluentWinUI3["FluentWinUI3"]\n    node_venv_lib_python3_12_site-packages_PyQt6_Qt6_qml_QtQuick_Controls_FluentWinUI3 --> node_venv_lib_python3_12_site-packages_PyQt6_Qt6_qml_QtQuick_Controls_FluentWinUI3_light["light"]\n    node_venv_lib_python3_12_site-packages_PyQt6_Qt6_qml_QtQuick_Controls_FluentWinUI3_light --> node_venv_lib_python3_12_site-packages_PyQt6_Qt6_qml_QtQuick_Controls_FluentWinUI3_light_images["images"]\n    node_venv_lib_python3_12_site-packages_PyQt6_Qt6_qml_QtQuick_Controls_FluentWinUI3_light_images --> node_venv_lib_python3_12_site-packages_PyQt6_Qt6_qml_QtQuick_Controls_FluentWinUI3_light_images_editablecombobox-popup-background-open@2x_png["editablecombobox-popup-background-open@2x.png"]\n    Root --> node_venv["venv"]\n    node_venv --> node_venv_lib["lib"]\n    node_venv_lib --> node_venv_lib_python3_12["python3.12"]\n    node_venv_lib_python3_12 --> node_venv_lib_python3_12_site-packages["site-packages"]\n    node_venv_lib_python3_12_site-packages --> node_venv_lib_python3_12_site-packages_PyQt6["PyQt6"]\n    node_venv_lib_python3_12_site-packages_PyQt6 --> node_venv_lib_python3_12_site-packages_PyQt6_Qt6["Qt6"]\n    node_venv_lib_python3_12_site-packages_PyQt6_Qt6 --> node_venv_lib_python3_12_site-packages_PyQt6_Qt6_qml["qml"]\n    node_venv_lib_python3_12_site-packages_PyQt6_Qt6_qml --> node_venv_lib_python3_12_site-packages_PyQt6_Qt6_qml_QtQuick["QtQuick"]\n    node_venv_lib_python3_12_site-packages_PyQt6_Qt6_qml_QtQuick --> node_venv_lib_python3_12_site-packages_PyQt6_Qt6_qml_QtQuick_Controls["Controls"]\n    node_venv_lib_python3_12_site-packages_PyQt6_Qt6_qml_QtQuick_Controls --> node_venv_lib_python3_12_site-packages_PyQt6_Qt6_qml_QtQuick_Controls_FluentWinUI3["FluentWinUI3"]\n    node_venv_lib_python3_12_site-packages_PyQt6_Qt6_qml_QtQuick_Controls_FluentWinUI3 --> node_venv_lib_python3_12_site-packages_PyQt6_Qt6_qml_QtQuick_Controls_FluentWinUI3_light["light"]\n    node_venv_lib_python3_12_site-packages_PyQt6_Qt6_qml_QtQuick_Controls_FluentWinUI3_light --> node_venv_lib_python3_12_site-packages_PyQt6_Qt6_qml_QtQuick_Controls_FluentWinUI3_light_images["images"]\n    node_venv_lib_python3_12_site-packages_PyQt6_Qt6_qml_QtQuick_Controls_FluentWinUI3_light_images --> node_venv_lib_python3_12_site-packages_PyQt6_Qt6_qml_QtQuick_Controls_FluentWinUI3_light_images_editablecombobox-popup-background-open@3x_png["editablecombobox-popup-background-open@3x.png"]\n    Root --> node_venv["venv"]\n    node_venv --> node_venv_lib["lib"]\n    node_venv_lib --> node_venv_lib_python3_12["python3.12"]\n    node_venv_lib_python3_12 --> node_venv_lib_python3_12_site-packages["site-packages"]\n    node_venv_lib_python3_12_site-packages --> node_venv_lib_python3_12_site-packages_PyQt6["PyQt6"]\n    node_venv_lib_python3_12_site-packages_PyQt6 --> node_venv_lib_python3_12_site-packages_PyQt6_Qt6["Qt6"]\n    node_venv_lib_python3_12_site-packages_PyQt6_Qt6 --> node_venv_lib_python3_12_site-packages_PyQt6_Qt6_qml["qml"]\n    node_venv_lib_python3_12_site-packages_PyQt6_Qt6_qml --> node_venv_lib_python3_12_site-packages_PyQt6_Qt6_qml_QtQuick["QtQuick"]\n    node_venv_lib_python3_12_site-packages_PyQt6_Qt6_qml_QtQuick --> node_venv_lib_python3_12_site-packages_PyQt6_Qt6_qml_QtQuick_Controls["Controls"]\n    node_venv_lib_python3_12_site-packages_PyQt6_Qt6_qml_QtQuick_Controls --> node_venv_lib_python3_12_site-packages_PyQt6_Qt6_qml_QtQuick_Controls_FluentWinUI3["FluentWinUI3"]\n    node_venv_lib_python3_12_site-packages_PyQt6_Qt6_qml_QtQuick_Controls_FluentWinUI3 --> node_venv_lib_python3_12_site-packages_PyQt6_Qt6_qml_QtQuick_Controls_FluentWinUI3_light["light"]\n    node_venv_lib_python3_12_site-packages_PyQt6_Qt6_qml_QtQuick_Controls_FluentWinUI3_light --> node_venv_lib_python3_12_site-packages_PyQt6_Qt6_qml_QtQuick_Controls_FluentWinUI3_light_images["images"]\n    node_venv_lib_python3_12_site-packages_PyQt6_Qt6_qml_QtQuick_Controls_FluentWinUI3_light_images --> node_venv_lib_python3_12_site-packages_PyQt6_Qt6_qml_QtQuick_Controls_FluentWinUI3_light_images_frame-background-disabled_png["frame-background-disabled.png"]\n    Root --> node_venv["venv"]\n    node_venv --> node_venv_lib["lib"]\n    node_venv_lib --> node_venv_lib_python3_12["python3.12"]\n    node_venv_lib_python3_12 --> node_venv_lib_python3_12_site-packages["site-packages"]\n    node_venv_lib_python3_12_site-packages --> node_venv_lib_python3_12_site-packages_PyQt6["PyQt6"]\n    node_venv_lib_python3_12_site-packages_PyQt6 --> node_venv_lib_python3_12_site-packages_PyQt6_Qt6["Qt6"]\n    node_venv_lib_python3_12_site-packages_PyQt6_Qt6 --> node_venv_lib_python3_12_site-packages_PyQt6_Qt6_qml["qml"]\n    node_venv_lib_python3_12_site-packages_PyQt6_Qt6_qml --> node_venv_lib_python3_12_site-packages_PyQt6_Qt6_qml_QtQuick["QtQuick"]\n    node_venv_lib_python3_12_site-packages_PyQt6_Qt6_qml_QtQuick --> node_venv_lib_python3_12_site-packages_PyQt6_Qt6_qml_QtQuick_Controls["Controls"]\n    node_venv_lib_python3_12_site-packages_PyQt6_Qt6_qml_QtQuick_Controls --> node_venv_lib_python3_12_site-packages_PyQt6_Qt6_qml_QtQuick_Controls_FluentWinUI3["FluentWinUI3"]\n    node_venv_lib_python3_12_site-packages_PyQt6_Qt6_qml_QtQuick_Controls_FluentWinUI3 --> node_venv_lib_python3_12_site-packages_PyQt6_Qt6_qml_QtQuick_Controls_FluentWinUI3_light["light"]\n    node_venv_lib_python3_12_site-packages_PyQt6_Qt6_qml_QtQuick_Controls_FluentWinUI3_light --> node_venv_lib_python3_12_site-packages_PyQt6_Qt6_qml_QtQuick_Controls_FluentWinUI3_light_images["images"]\n    node_venv_lib_python3_12_site-packages_PyQt6_Qt6_qml_QtQuick_Controls_FluentWinUI3_light_images --> node_venv_lib_python3_12_site-packages_PyQt6_Qt6_qml_QtQuick_Controls_FluentWinUI3_light_images_frame-background-disabled@2x_png["frame-background-disabled@2x.png"]\n    Root --> node_venv["venv"]\n    node_venv --> node_venv_lib["lib"]\n    node_venv_lib --> node_venv_lib_python3_12["python3.12"]\n    node_venv_lib_python3_12 --> node_venv_lib_python3_12_site-packages["site-packages"]\n    node_venv_lib_python3_12_site-packages --> node_venv_lib_python3_12_site-packages_PyQt6["PyQt6"]\n    node_venv_lib_python3_12_site-packages_PyQt6 --> node_venv_lib_python3_12_site-packages_PyQt6_Qt6["Qt6"]\n    node_venv_lib_python3_12_site-packages_PyQt6_Qt6 --> node_venv_lib_python3_12_site-packages_PyQt6_Qt6_qml["qml"]\n    node_venv_lib_python3_12_site-packages_PyQt6_Qt6_qml --> node_venv_lib_python3_12_site-packages_PyQt6_Qt6_qml_QtQuick["QtQuick"]\n    node_venv_lib_python3_12_site-packages_PyQt6_Qt6_qml_QtQuick --> node_venv_lib_python3_12_site-packages_PyQt6_Qt6_qml_QtQuick_Controls["Controls"]\n    node_venv_lib_python3_12_site-packages_PyQt6_Qt6_qml_QtQuick_Controls --> node_venv_lib_python3_12_site-packages_PyQt6_Qt6_qml_QtQuick_Controls_FluentWinUI3["FluentWinUI3"]\n    node_venv_lib_python3_12_site-packages_PyQt6_Qt6_qml_QtQuick_Controls_FluentWinUI3 --> node_venv_lib_python3_12_site-packages_PyQt6_Qt6_qml_QtQuick_Controls_FluentWinUI3_light["light"]\n    node_venv_lib_python3_12_site-packages_PyQt6_Qt6_qml_QtQuick_Controls_FluentWinUI3_light --> node_venv_lib_python3_12_site-packages_PyQt6_Qt6_qml_QtQuick_Controls_FluentWinUI3_light_images["images"]\n    node_venv_lib_python3_12_site-packages_PyQt6_Qt6_qml_QtQuick_Controls_FluentWinUI3_light_images --> node_venv_lib_python3_12_site-packages_PyQt6_Qt6_qml_QtQuick_Controls_FluentWinUI3_light_images_frame-background-disabled@3x_png["frame-background-disabled@3x.png"]\n    Root --> node_venv["venv"]\n    node_venv --> node_venv_lib["lib"]\n    node_venv_lib --> node_venv_lib_python3_12["python3.12"]\n    node_venv_lib_python3_12 --> node_venv_lib_python3_12_site-packages["site-packages"]\n    node_venv_lib_python3_12_site-packages --> node_venv_lib_python3_12_site-packages_PyQt6["PyQt6"]\n    node_venv_lib_python3_12_site-packages_PyQt6 --> node_venv_lib_python3_12_site-packages_PyQt6_Qt6["Qt6"]\n    node_venv_lib_python3_12_site-packages_PyQt6_Qt6 --> node_venv_lib_python3_12_site-packages_PyQt6_Qt6_qml["qml"]\n    node_venv_lib_python3_12_site-packages_PyQt6_Qt6_qml --> node_venv_lib_python3_12_site-packages_PyQt6_Qt6_qml_QtQuick["QtQuick"]\n    node_venv_lib_python3_12_site-packages_PyQt6_Qt6_qml_QtQuick --> node_venv_lib_python3_12_site-packages_PyQt6_Qt6_qml_QtQuick_Controls["Controls"]\n    node_venv_lib_python3_12_site-packages_PyQt6_Qt6_qml_QtQuick_Controls --> node_venv_lib_python3_12_site-packages_PyQt6_Qt6_qml_QtQuick_Controls_FluentWinUI3["FluentWinUI3"]\n    node_venv_lib_python3_12_site-packages_PyQt6_Qt6_qml_QtQuick_Controls_FluentWinUI3 --> node_venv_lib_python3_12_site-packages_PyQt6_Qt6_qml_QtQuick_Controls_FluentWinUI3_light["light"]\n    node_venv_lib_python3_12_site-packages_PyQt6_Qt6_qml_QtQuick_Controls_FluentWinUI3_light --> node_venv_lib_python3_12_site-packages_PyQt6_Qt6_qml_QtQuick_Controls_FluentWinUI3_light_images["images"]\n    node_venv_lib_python3_12_site-packages_PyQt6_Qt6_qml_QtQuick_Controls_FluentWinUI3_light_images --> node_venv_lib_python3_12_site-packages_PyQt6_Qt6_qml_QtQuick_Controls_FluentWinUI3_light_images_frame-background_png["frame-background.png"]\n    Root --> node_venv["venv"]\n    node_venv --> node_venv_lib["lib"]\n    node_venv_lib --> node_venv_lib_python3_12["python3.12"]\n    node_venv_lib_python3_12 --> node_venv_lib_python3_12_site-packages["site-packages"]\n    node_venv_lib_python3_12_site-packages --> node_venv_lib_python3_12_site-packages_PyQt6["PyQt6"]\n    node_venv_lib_python3_12_site-packages_PyQt6 --> node_venv_lib_python3_12_site-packages_PyQt6_Qt6["Qt6"]\n    node_venv_lib_python3_12_site-packages_PyQt6_Qt6 --> node_venv_lib_python3_12_site-packages_PyQt6_Qt6_qml["qml"]\n    node_venv_lib_python3_12_site-packages_PyQt6_Qt6_qml --> node_venv_lib_python3_12_site-packages_PyQt6_Qt6_qml_QtQuick["QtQuick"]\n    node_venv_lib_python3_12_site-packages_PyQt6_Qt6_qml_QtQuick --> node_venv_lib_python3_12_site-packages_PyQt6_Qt6_qml_QtQuick_Controls["Controls"]\n    node_venv_lib_python3_12_site-packages_PyQt6_Qt6_qml_QtQuick_Controls --> node_venv_lib_python3_12_site-packages_PyQt6_Qt6_qml_QtQuick_Controls_FluentWinUI3["FluentWinUI3"]\n    node_venv_lib_python3_12_site-packages_PyQt6_Qt6_qml_QtQuick_Controls_FluentWinUI3 --> node_venv_lib_python3_12_site-packages_PyQt6_Qt6_qml_QtQuick_Controls_FluentWinUI3_light["light"]\n    node_venv_lib_python3_12_site-packages_PyQt6_Qt6_qml_QtQuick_Controls_FluentWinUI3_light --> node_venv_lib_python3_12_site-packages_PyQt6_Qt6_qml_QtQuick_Controls_FluentWinUI3_light_images["images"]\n    node_venv_lib_python3_12_site-packages_PyQt6_Qt6_qml_QtQuick_Controls_FluentWinUI3_light_images --> node_venv_lib_python3_12_site-packages_PyQt6_Qt6_qml_QtQuick_Controls_FluentWinUI3_light_images_frame-background@2x_png["frame-background@2x.png"]\n    Root --> node_venv["venv"]\n    node_venv --> node_venv_lib["lib"]\n    node_venv_lib --> node_venv_lib_python3_12["python3.12"]\n    node_venv_lib_python3_12 --> node_venv_lib_python3_12_site-packages["site-packages"]\n    node_venv_lib_python3_12_site-packages --> node_venv_lib_python3_12_site-packages_PyQt6["PyQt6"]\n    node_venv_lib_python3_12_site-packages_PyQt6 --> node_venv_lib_python3_12_site-packages_PyQt6_Qt6["Qt6"]\n    node_venv_lib_python3_12_site-packages_PyQt6_Qt6 --> node_venv_lib_python3_12_site-packages_PyQt6_Qt6_qml["qml"]\n    node_venv_lib_python3_12_site-packages_PyQt6_Qt6_qml --> node_venv_lib_python3_12_site-packages_PyQt6_Qt6_qml_QtQuick["QtQuick"]\n    node_venv_lib_python3_12_site-packages_PyQt6_Qt6_qml_QtQuick --> node_venv_lib_python3_12_site-packages_PyQt6_Qt6_qml_QtQuick_Controls["Controls"]\n    node_venv_lib_python3_12_site-packages_PyQt6_Qt6_qml_QtQuick_Controls --> node_venv_lib_python3_12_site-packages_PyQt6_Qt6_qml_QtQuick_Controls_FluentWinUI3["FluentWinUI3"]\n    node_venv_lib_python3_12_site-packages_PyQt6_Qt6_qml_QtQuick_Controls_FluentWinUI3 --> node_venv_lib_python3_12_site-packages_PyQt6_Qt6_qml_QtQuick_Controls_FluentWinUI3_light["light"]\n    node_venv_lib_python3_12_site-packages_PyQt6_Qt6_qml_QtQuick_Controls_FluentWinUI3_light --> node_venv_lib_python3_12_site-packages_PyQt6_Qt6_qml_QtQuick_Controls_FluentWinUI3_light_images["images"]\n    node_venv_lib_python3_12_site-packages_PyQt6_Qt6_qml_QtQuick_Controls_FluentWinUI3_light_images --> node_venv_lib_python3_12_site-packages_PyQt6_Qt6_qml_QtQuick_Controls_FluentWinUI3_light_images_frame-background@3x_png["frame-background@3x.png"]\n    Root --> node_venv["venv"]\n    node_venv --> node_venv_lib["lib"]\n    node_venv_lib --> node_venv_lib_python3_12["python3.12"]\n    node_venv_lib_python3_12 --> node_venv_lib_python3_12_site-packages["site-packages"]\n    node_venv_lib_python3_12_site-packages --> node_venv_lib_python3_12_site-packages_PyQt6["PyQt6"]\n    node_venv_lib_python3_12_site-packages_PyQt6 --> node_venv_lib_python3_12_site-packages_PyQt6_Qt6["Qt6"]\n    node_venv_lib_python3_12_site-packages_PyQt6_Qt6 --> node_venv_lib_python3_12_site-packages_PyQt6_Qt6_qml["qml"]\n    node_venv_lib_python3_12_site-packages_PyQt6_Qt6_qml --> node_venv_lib_python3_12_site-packages_PyQt6_Qt6_qml_QtQuick["QtQuick"]\n    node_venv_lib_python3_12_site-packages_PyQt6_Qt6_qml_QtQuick --> node_venv_lib_python3_12_site-packages_PyQt6_Qt6_qml_QtQuick_Controls["Controls"]\n    node_venv_lib_python3_12_site-packages_PyQt6_Qt6_qml_QtQuick_Controls --> node_venv_lib_python3_12_site-packages_PyQt6_Qt6_qml_QtQuick_Controls_FluentWinUI3["FluentWinUI3"]\n    node_venv_lib_python3_12_site-packages_PyQt6_Qt6_qml_QtQuick_Controls_FluentWinUI3 --> node_venv_lib_python3_12_site-packages_PyQt6_Qt6_qml_QtQuick_Controls_FluentWinUI3_light["light"]\n    node_venv_lib_python3_12_site-packages_PyQt6_Qt6_qml_QtQuick_Controls_FluentWinUI3_light --> node_venv_lib_python3_12_site-packages_PyQt6_Qt6_qml_QtQuick_Controls_FluentWinUI3_light_images["images"]\n    node_venv_lib_python3_12_site-packages_PyQt6_Qt6_qml_QtQuick_Controls_FluentWinUI3_light_images --> node_venv_lib_python3_12_site-packages_PyQt6_Qt6_qml_QtQuick_Controls_FluentWinUI3_light_images_itemdelegate-background-highlighted-hovered_png["itemdelegate-background-highlighted-hovered.png"]\n    Root --> node_venv["venv"]\n    node_venv --> node_venv_lib["lib"]\n    node_venv_lib --> node_venv_lib_python3_12["python3.12"]\n    node_venv_lib_python3_12 --> node_venv_lib_python3_12_site-packages["site-packages"]\n    node_venv_lib_python3_12_site-packages --> node_venv_lib_python3_12_site-packages_PyQt6["PyQt6"]\n    node_venv_lib_python3_12_site-packages_PyQt6 --> node_venv_lib_python3_12_site-packages_PyQt6_Qt6["Qt6"]\n    node_venv_lib_python3_12_site-packages_PyQt6_Qt6 --> node_venv_lib_python3_12_site-packages_PyQt6_Qt6_qml["qml"]\n    node_venv_lib_python3_12_site-packages_PyQt6_Qt6_qml --> node_venv_lib_python3_12_site-packages_PyQt6_Qt6_qml_QtQuick["QtQuick"]\n    node_venv_lib_python3_12_site-packages_PyQt6_Qt6_qml_QtQuick --> node_venv_lib_python3_12_site-packages_PyQt6_Qt6_qml_QtQuick_Controls["Controls"]\n    node_venv_lib_python3_12_site-packages_PyQt6_Qt6_qml_QtQuick_Controls --> node_venv_lib_python3_12_site-packages_PyQt6_Qt6_qml_QtQuick_Controls_FluentWinUI3["FluentWinUI3"]\n    node_venv_lib_python3_12_site-packages_PyQt6_Qt6_qml_QtQuick_Controls_FluentWinUI3 --> node_venv_lib_python3_12_site-packages_PyQt6_Qt6_qml_QtQuick_Controls_FluentWinUI3_light["light"]\n    node_venv_lib_python3_12_site-packages_PyQt6_Qt6_qml_QtQuick_Controls_FluentWinUI3_light --> node_venv_lib_python3_12_site-packages_PyQt6_Qt6_qml_QtQuick_Controls_FluentWinUI3_light_images["images"]\n    node_venv_lib_python3_12_site-packages_PyQt6_Qt6_qml_QtQuick_Controls_FluentWinUI3_light_images --> node_venv_lib_python3_12_site-packages_PyQt6_Qt6_qml_QtQuick_Controls_FluentWinUI3_light_images_itemdelegate-background-highlighted-hovered@2x_png["itemdelegate-background-highlighted-hovered@2x.png"]\n    Root --> node_venv["venv"]\n    node_venv --> node_venv_lib["lib"]\n    node_venv_lib --> node_venv_lib_python3_12["python3.12"]\n    node_venv_lib_python3_12 --> node_venv_lib_python3_12_site-packages["site-packages"]\n    node_venv_lib_python3_12_site-packages --> node_venv_lib_python3_12_site-packages_PyQt6["PyQt6"]\n    node_venv_lib_python3_12_site-packages_PyQt6 --> node_venv_lib_python3_12_site-packages_PyQt6_Qt6["Qt6"]\n    node_venv_lib_python3_12_site-packages_PyQt6_Qt6 --> node_venv_lib_python3_12_site-packages_PyQt6_Qt6_qml["qml"]\n    node_venv_lib_python3_12_site-packages_PyQt6_Qt6_qml --> node_venv_lib_python3_12_site-packages_PyQt6_Qt6_qml_QtQuick["QtQuick"]\n    node_venv_lib_python3_12_site-packages_PyQt6_Qt6_qml_QtQuick --> node_venv_lib_python3_12_site-packages_PyQt6_Qt6_qml_QtQuick_Controls["Controls"]\n    node_venv_lib_python3_12_site-packages_PyQt6_Qt6_qml_QtQuick_Controls --> node_venv_lib_python3_12_site-packages_PyQt6_Qt6_qml_QtQuick_Controls_FluentWinUI3["FluentWinUI3"]\n    node_venv_lib_python3_12_site-packages_PyQt6_Qt6_qml_QtQuick_Controls_FluentWinUI3 --> node_venv_lib_python3_12_site-packages_PyQt6_Qt6_qml_QtQuick_Controls_FluentWinUI3_light["light"]\n    node_venv_lib_python3_12_site-packages_PyQt6_Qt6_qml_QtQuick_Controls_FluentWinUI3_light --> node_venv_lib_python3_12_site-packages_PyQt6_Qt6_qml_QtQuick_Controls_FluentWinUI3_light_images["images"]\n    node_venv_lib_python3_12_site-packages_PyQt6_Qt6_qml_QtQuick_Controls_FluentWinUI3_light_images --> node_venv_lib_python3_12_site-packages_PyQt6_Qt6_qml_QtQuick_Controls_FluentWinUI3_light_images_itemdelegate-background-highlighted-hovered@3x_png["itemdelegate-background-highlighted-hovered@3x.png"]\n    Root --> node_venv["venv"]\n    node_venv --> node_venv_lib["lib"]\n    node_venv_lib --> node_venv_lib_python3_12["python3.12"]\n    node_venv_lib_python3_12 --> node_venv_lib_python3_12_site-packages["site-packages"]\n    node_venv_lib_python3_12_site-packages --> node_venv_lib_python3_12_site-packages_PyQt6["PyQt6"]\n    node_venv_lib_python3_12_site-packages_PyQt6 --> node_venv_lib_python3_12_site-packages_PyQt6_Qt6["Qt6"]\n    node_venv_lib_python3_12_site-packages_PyQt6_Qt6 --> node_venv_lib_python3_12_site-packages_PyQt6_Qt6_qml["qml"]\n    node_venv_lib_python3_12_site-packages_PyQt6_Qt6_qml --> node_venv_lib_python3_12_site-packages_PyQt6_Qt6_qml_QtQuick["QtQuick"]\n    node_venv_lib_python3_12_site-packages_PyQt6_Qt6_qml_QtQuick --> node_venv_lib_python3_12_site-packages_PyQt6_Qt6_qml_QtQuick_Controls["Controls"]\n    node_venv_lib_python3_12_site-packages_PyQt6_Qt6_qml_QtQuick_Controls --> node_venv_lib_python3_12_site-packages_PyQt6_Qt6_qml_QtQuick_Controls_FluentWinUI3["FluentWinUI3"]\n    node_venv_lib_python3_12_site-packages_PyQt6_Qt6_qml_QtQuick_Controls_FluentWinUI3 --> node_venv_lib_python3_12_site-packages_PyQt6_Qt6_qml_QtQuick_Controls_FluentWinUI3_light["light"]\n    node_venv_lib_python3_12_site-packages_PyQt6_Qt6_qml_QtQuick_Controls_FluentWinUI3_light --> node_venv_lib_python3_12_site-packages_PyQt6_Qt6_qml_QtQuick_Controls_FluentWinUI3_light_images["images"]\n    node_venv_lib_python3_12_site-packages_PyQt6_Qt6_qml_QtQuick_Controls_FluentWinUI3_light_images --> node_venv_lib_python3_12_site-packages_PyQt6_Qt6_qml_QtQuick_Controls_FluentWinUI3_light_images_itemdelegate-background-highlighted-pressed_png["itemdelegate-background-highlighted-pressed.png"]\n    Root --> node_venv["venv"]\n    node_venv --> node_venv_lib["lib"]\n    node_venv_lib --> node_venv_lib_python3_12["python3.12"]\n    node_venv_lib_python3_12 --> node_venv_lib_python3_12_site-packages["site-packages"]\n    node_venv_lib_python3_12_site-packages --> node_venv_lib_python3_12_site-packages_PyQt6["PyQt6"]\n    node_venv_lib_python3_12_site-packages_PyQt6 --> node_venv_lib_python3_12_site-packages_PyQt6_Qt6["Qt6"]\n    node_venv_lib_python3_12_site-packages_PyQt6_Qt6 --> node_venv_lib_python3_12_site-packages_PyQt6_Qt6_qml["qml"]\n    node_venv_lib_python3_12_site-packages_PyQt6_Qt6_qml --> node_venv_lib_python3_12_site-packages_PyQt6_Qt6_qml_QtQuick["QtQuick"]\n    node_venv_lib_python3_12_site-packages_PyQt6_Qt6_qml_QtQuick --> node_venv_lib_python3_12_site-packages_PyQt6_Qt6_qml_QtQuick_Controls["Controls"]\n    node_venv_lib_python3_12_site-packages_PyQt6_Qt6_qml_QtQuick_Controls --> node_venv_lib_python3_12_site-packages_PyQt6_Qt6_qml_QtQuick_Controls_FluentWinUI3["FluentWinUI3"]\n    node_venv_lib_python3_12_site-packages_PyQt6_Qt6_qml_QtQuick_Controls_FluentWinUI3 --> node_venv_lib_python3_12_site-packages_PyQt6_Qt6_qml_QtQuick_Controls_FluentWinUI3_light["light"]\n    node_venv_lib_python3_12_site-packages_PyQt6_Qt6_qml_QtQuick_Controls_FluentWinUI3_light --> node_venv_lib_python3_12_site-packages_PyQt6_Qt6_qml_QtQuick_Controls_FluentWinUI3_light_images["images"]\n    node_venv_lib_python3_12_site-packages_PyQt6_Qt6_qml_QtQuick_Controls_FluentWinUI3_light_images --> node_venv_lib_python3_12_site-packages_PyQt6_Qt6_qml_QtQuick_Controls_FluentWinUI3_light_images_itemdelegate-background-highlighted-pressed@2x_png["itemdelegate-background-highlighted-pressed@2x.png"]\n    Root --> node_venv["venv"]\n    node_venv --> node_venv_lib["lib"]\n    node_venv_lib --> node_venv_lib_python3_12["python3.12"]\n    node_venv_lib_python3_12 --> node_venv_lib_python3_12_site-packages["site-packages"]\n    node_venv_lib_python3_12_site-packages --> node_venv_lib_python3_12_site-packages_PyQt6["PyQt6"]\n    node_venv_lib_python3_12_site-packages_PyQt6 --> node_venv_lib_python3_12_site-packages_PyQt6_Qt6["Qt6"]\n    node_venv_lib_python3_12_site-packages_PyQt6_Qt6 --> node_venv_lib_python3_12_site-packages_PyQt6_Qt6_qml["qml"]\n    node_venv_lib_python3_12_site-packages_PyQt6_Qt6_qml --> node_venv_lib_python3_12_site-packages_PyQt6_Qt6_qml_QtQuick["QtQuick"]\n    node_venv_lib_python3_12_site-packages_PyQt6_Qt6_qml_QtQuick --> node_venv_lib_python3_12_site-packages_PyQt6_Qt6_qml_QtQuick_Controls["Controls"]\n    node_venv_lib_python3_12_site-packages_PyQt6_Qt6_qml_QtQuick_Controls --> node_venv_lib_python3_12_site-packages_PyQt6_Qt6_qml_QtQuick_Controls_FluentWinUI3["FluentWinUI3"]\n    node_venv_lib_python3_12_site-packages_PyQt6_Qt6_qml_QtQuick_Controls_FluentWinUI3 --> node_venv_lib_python3_12_site-packages_PyQt6_Qt6_qml_QtQuick_Controls_FluentWinUI3_light["light"]\n    node_venv_lib_python3_12_site-packages_PyQt6_Qt6_qml_QtQuick_Controls_FluentWinUI3_light --> node_venv_lib_python3_12_site-packages_PyQt6_Qt6_qml_QtQuick_Controls_FluentWinUI3_light_images["images"]\n    node_venv_lib_python3_12_site-packages_PyQt6_Qt6_qml_QtQuick_Controls_FluentWinUI3_light_images --> node_venv_lib_python3_12_site-packages_PyQt6_Qt6_qml_QtQuick_Controls_FluentWinUI3_light_images_itemdelegate-background-highlighted-pressed@3x_png["itemdelegate-background-highlighted-pressed@3x.png"]\n    Root --> node_venv["venv"]\n    node_venv --> node_venv_lib["lib"]\n    node_venv_lib --> node_venv_lib_python3_12["python3.12"]\n    node_venv_lib_python3_12 --> node_venv_lib_python3_12_site-packages["site-packages"]\n    node_venv_lib_python3_12_site-packages --> node_venv_lib_python3_12_site-packages_PyQt6["PyQt6"]\n    node_venv_lib_python3_12_site-packages_PyQt6 --> node_venv_lib_python3_12_site-packages_PyQt6_Qt6["Qt6"]\n    node_venv_lib_python3_12_site-packages_PyQt6_Qt6 --> node_venv_lib_python3_12_site-packages_PyQt6_Qt6_qml["qml"]\n    node_venv_lib_python3_12_site-packages_PyQt6_Qt6_qml --> node_venv_lib_python3_12_site-packages_PyQt6_Qt6_qml_QtQuick["QtQuick"]\n    node_venv_lib_python3_12_site-packages_PyQt6_Qt6_qml_QtQuick --> node_venv_lib_python3_12_site-packages_PyQt6_Qt6_qml_QtQuick_Controls["Controls"]\n    node_venv_lib_python3_12_site-packages_PyQt6_Qt6_qml_QtQuick_Controls --> node_venv_lib_python3_12_site-packages_PyQt6_Qt6_qml_QtQuick_Controls_FluentWinUI3["FluentWinUI3"]\n    node_venv_lib_python3_12_site-packages_PyQt6_Qt6_qml_QtQuick_Controls_FluentWinUI3 --> node_venv_lib_python3_12_site-packages_PyQt6_Qt6_qml_QtQuick_Controls_FluentWinUI3_light["light"]\n    node_venv_lib_python3_12_site-packages_PyQt6_Qt6_qml_QtQuick_Controls_FluentWinUI3_light --> node_venv_lib_python3_12_site-packages_PyQt6_Qt6_qml_QtQuick_Controls_FluentWinUI3_light_images["images"]\n    node_venv_lib_python3_12_site-packages_PyQt6_Qt6_qml_QtQuick_Controls_FluentWinUI3_light_images --> node_venv_lib_python3_12_site-packages_PyQt6_Qt6_qml_QtQuick_Controls_FluentWinUI3_light_images_itemdelegate-background-highlighted_png["itemdelegate-background-highlighted.png"]\n    Root --> node_venv["venv"]\n    node_venv --> node_venv_lib["lib"]\n    node_venv_lib --> node_venv_lib_python3_12["python3.12"]\n    node_venv_lib_python3_12 --> node_venv_lib_python3_12_site-packages["site-packages"]\n    node_venv_lib_python3_12_site-packages --> node_venv_lib_python3_12_site-packages_PyQt6["PyQt6"]\n    node_venv_lib_python3_12_site-packages_PyQt6 --> node_venv_lib_python3_12_site-packages_PyQt6_Qt6["Qt6"]\n    node_venv_lib_python3_12_site-packages_PyQt6_Qt6 --> node_venv_lib_python3_12_site-packages_PyQt6_Qt6_qml["qml"]\n    node_venv_lib_python3_12_site-packages_PyQt6_Qt6_qml --> node_venv_lib_python3_12_site-packages_PyQt6_Qt6_qml_QtQuick["QtQuick"]\n    node_venv_lib_python3_12_site-packages_PyQt6_Qt6_qml_QtQuick --> node_venv_lib_python3_12_site-packages_PyQt6_Qt6_qml_QtQuick_Controls["Controls"]\n    node_venv_lib_python3_12_site-packages_PyQt6_Qt6_qml_QtQuick_Controls --> node_venv_lib_python3_12_site-packages_PyQt6_Qt6_qml_QtQuick_Controls_FluentWinUI3["FluentWinUI3"]\n    node_venv_lib_python3_12_site-packages_PyQt6_Qt6_qml_QtQuick_Controls_FluentWinUI3 --> node_venv_lib_python3_12_site-packages_PyQt6_Qt6_qml_QtQuick_Controls_FluentWinUI3_light["light"]\n    node_venv_lib_python3_12_site-packages_PyQt6_Qt6_qml_QtQuick_Controls_FluentWinUI3_light --> node_venv_lib_python3_12_site-packages_PyQt6_Qt6_qml_QtQuick_Controls_FluentWinUI3_light_images["images"]\n    node_venv_lib_python3_12_site-packages_PyQt6_Qt6_qml_QtQuick_Controls_FluentWinUI3_light_images --> node_venv_lib_python3_12_site-packages_PyQt6_Qt6_qml_QtQuick_Controls_FluentWinUI3_light_images_itemdelegate-background-highlighted@2x_png["itemdelegate-background-highlighted@2x.png"]\n    Root --> node_venv["venv"]\n    node_venv --> node_venv_lib["lib"]\n    node_venv_lib --> node_venv_lib_python3_12["python3.12"]\n    node_venv_lib_python3_12 --> node_venv_lib_python3_12_site-packages["site-packages"]\n    node_venv_lib_python3_12_site-packages --> node_venv_lib_python3_12_site-packages_PyQt6["PyQt6"]\n    node_venv_lib_python3_12_site-packages_PyQt6 --> node_venv_lib_python3_12_site-packages_PyQt6_Qt6["Qt6"]\n    node_venv_lib_python3_12_site-packages_PyQt6_Qt6 --> node_venv_lib_python3_12_site-packages_PyQt6_Qt6_qml["qml"]\n    node_venv_lib_python3_12_site-packages_PyQt6_Qt6_qml --> node_venv_lib_python3_12_site-packages_PyQt6_Qt6_qml_QtQuick["QtQuick"]\n    node_venv_lib_python3_12_site-packages_PyQt6_Qt6_qml_QtQuick --> node_venv_lib_python3_12_site-packages_PyQt6_Qt6_qml_QtQuick_Controls["Controls"]\n    node_venv_lib_python3_12_site-packages_PyQt6_Qt6_qml_QtQuick_Controls --> node_venv_lib_python3_12_site-packages_PyQt6_Qt6_qml_QtQuick_Controls_FluentWinUI3["FluentWinUI3"]\n    node_venv_lib_python3_12_site-packages_PyQt6_Qt6_qml_QtQuick_Controls_FluentWinUI3 --> node_venv_lib_python3_12_site-packages_PyQt6_Qt6_qml_QtQuick_Controls_FluentWinUI3_light["light"]\n    node_venv_lib_python3_12_site-packages_PyQt6_Qt6_qml_QtQuick_Controls_FluentWinUI3_light --> node_venv_lib_python3_12_site-packages_PyQt6_Qt6_qml_QtQuick_Controls_FluentWinUI3_light_images["images"]\n    node_venv_lib_python3_12_site-packages_PyQt6_Qt6_qml_QtQuick_Controls_FluentWinUI3_light_images --> node_venv_lib_python3_12_site-packages_PyQt6_Qt6_qml_QtQuick_Controls_FluentWinUI3_light_images_itemdelegate-background-highlighted@3x_png["itemdelegate-background-highlighted@3x.png"]\n    Root --> node_venv["venv"]\n    node_venv --> node_venv_lib["lib"]\n    node_venv_lib --> node_venv_lib_python3_12["python3.12"]\n    node_venv_lib_python3_12 --> node_venv_lib_python3_12_site-packages["site-packages"]\n    node_venv_lib_python3_12_site-packages --> node_venv_lib_python3_12_site-packages_PyQt6["PyQt6"]\n    node_venv_lib_python3_12_site-packages_PyQt6 --> node_venv_lib_python3_12_site-packages_PyQt6_Qt6["Qt6"]\n    node_venv_lib_python3_12_site-packages_PyQt6_Qt6 --> node_venv_lib_python3_12_site-packages_PyQt6_Qt6_qml["qml"]\n    node_venv_lib_python3_12_site-packages_PyQt6_Qt6_qml --> node_venv_lib_python3_12_site-packages_PyQt6_Qt6_qml_QtQuick["QtQuick"]\n    node_venv_lib_python3_12_site-packages_PyQt6_Qt6_qml_QtQuick --> node_venv_lib_python3_12_site-packages_PyQt6_Qt6_qml_QtQuick_Controls["Controls"]\n    node_venv_lib_python3_12_site-packages_PyQt6_Qt6_qml_QtQuick_Controls --> node_venv_lib_python3_12_site-packages_PyQt6_Qt6_qml_QtQuick_Controls_FluentWinUI3["FluentWinUI3"]\n    node_venv_lib_python3_12_site-packages_PyQt6_Qt6_qml_QtQuick_Controls_FluentWinUI3 --> node_venv_lib_python3_12_site-packages_PyQt6_Qt6_qml_QtQuick_Controls_FluentWinUI3_light["light"]\n    node_venv_lib_python3_12_site-packages_PyQt6_Qt6_qml_QtQuick_Controls_FluentWinUI3_light --> node_venv_lib_python3_12_site-packages_PyQt6_Qt6_qml_QtQuick_Controls_FluentWinUI3_light_images["images"]\n    node_venv_lib_python3_12_site-packages_PyQt6_Qt6_qml_QtQuick_Controls_FluentWinUI3_light_images --> node_venv_lib_python3_12_site-packages_PyQt6_Qt6_qml_QtQuick_Controls_FluentWinUI3_light_images_itemdelegate-background-hovered_png["itemdelegate-background-hovered.png"]\n    Root --> node_venv["venv"]\n    node_venv --> node_venv_lib["lib"]\n    node_venv_lib --> node_venv_lib_python3_12["python3.12"]\n    node_venv_lib_python3_12 --> node_venv_lib_python3_12_site-packages["site-packages"]\n    node_venv_lib_python3_12_site-packages --> node_venv_lib_python3_12_site-packages_PyQt6["PyQt6"]\n    node_venv_lib_python3_12_site-packages_PyQt6 --> node_venv_lib_python3_12_site-packages_PyQt6_Qt6["Qt6"]\n    node_venv_lib_python3_12_site-packages_PyQt6_Qt6 --> node_venv_lib_python3_12_site-packages_PyQt6_Qt6_qml["qml"]\n    node_venv_lib_python3_12_site-packages_PyQt6_Qt6_qml --> node_venv_lib_python3_12_site-packages_PyQt6_Qt6_qml_QtQuick["QtQuick"]\n    node_venv_lib_python3_12_site-packages_PyQt6_Qt6_qml_QtQuick --> node_venv_lib_python3_12_site-packages_PyQt6_Qt6_qml_QtQuick_Controls["Controls"]\n    node_venv_lib_python3_12_site-packages_PyQt6_Qt6_qml_QtQuick_Controls --> node_venv_lib_python3_12_site-packages_PyQt6_Qt6_qml_QtQuick_Controls_FluentWinUI3["FluentWinUI3"]\n    node_venv_lib_python3_12_site-packages_PyQt6_Qt6_qml_QtQuick_Controls_FluentWinUI3 --> node_venv_lib_python3_12_site-packages_PyQt6_Qt6_qml_QtQuick_Controls_FluentWinUI3_light["light"]\n    node_venv_lib_python3_12_site-packages_PyQt6_Qt6_qml_QtQuick_Controls_FluentWinUI3_light --> node_venv_lib_python3_12_site-packages_PyQt6_Qt6_qml_QtQuick_Controls_FluentWinUI3_light_images["images"]\n    node_venv_lib_python3_12_site-packages_PyQt6_Qt6_qml_QtQuick_Controls_FluentWinUI3_light_images --> node_venv_lib_python3_12_site-packages_PyQt6_Qt6_qml_QtQuick_Controls_FluentWinUI3_light_images_itemdelegate-background-hovered@2x_png["itemdelegate-background-hovered@2x.png"]\n    Root --> node_venv["venv"]\n    node_venv --> node_venv_lib["lib"]\n    node_venv_lib --> node_venv_lib_python3_12["python3.12"]\n    node_venv_lib_python3_12 --> node_venv_lib_python3_12_site-packages["site-packages"]\n    node_venv_lib_python3_12_site-packages --> node_venv_lib_python3_12_site-packages_PyQt6["PyQt6"]\n    node_venv_lib_python3_12_site-packages_PyQt6 --> node_venv_lib_python3_12_site-packages_PyQt6_Qt6["Qt6"]\n    node_venv_lib_python3_12_site-packages_PyQt6_Qt6 --> node_venv_lib_python3_12_site-packages_PyQt6_Qt6_qml["qml"]\n    node_venv_lib_python3_12_site-packages_PyQt6_Qt6_qml --> node_venv_lib_python3_12_site-packages_PyQt6_Qt6_qml_QtQuick["QtQuick"]\n    node_venv_lib_python3_12_site-packages_PyQt6_Qt6_qml_QtQuick --> node_venv_lib_python3_12_site-packages_PyQt6_Qt6_qml_QtQuick_Controls["Controls"]\n    node_venv_lib_python3_12_site-packages_PyQt6_Qt6_qml_QtQuick_Controls --> node_venv_lib_python3_12_site-packages_PyQt6_Qt6_qml_QtQuick_Controls_FluentWinUI3["FluentWinUI3"]\n    node_venv_lib_python3_12_site-packages_PyQt6_Qt6_qml_QtQuick_Controls_FluentWinUI3 --> node_venv_lib_python3_12_site-packages_PyQt6_Qt6_qml_QtQuick_Controls_FluentWinUI3_light["light"]\n    node_venv_lib_python3_12_site-packages_PyQt6_Qt6_qml_QtQuick_Controls_FluentWinUI3_light --> node_venv_lib_python3_12_site-packages_PyQt6_Qt6_qml_QtQuick_Controls_FluentWinUI3_light_images["images"]\n    node_venv_lib_python3_12_site-packages_PyQt6_Qt6_qml_QtQuick_Controls_FluentWinUI3_light_images --> node_venv_lib_python3_12_site-packages_PyQt6_Qt6_qml_QtQuick_Controls_FluentWinUI3_light_images_itemdelegate-background-hovered@3x_png["itemdelegate-background-hovered@3x.png"]\n    Root --> node_venv["venv"]\n    node_venv --> node_venv_lib["lib"]\n    node_venv_lib --> node_venv_lib_python3_12["python3.12"]\n    node_venv_lib_python3_12 --> node_venv_lib_python3_12_site-packages["site-packages"]\n    node_venv_lib_python3_12_site-packages --> node_venv_lib_python3_12_site-packages_PyQt6["PyQt6"]\n    node_venv_lib_python3_12_site-packages_PyQt6 --> node_venv_lib_python3_12_site-packages_PyQt6_Qt6["Qt6"]\n    node_venv_lib_python3_12_site-packages_PyQt6_Qt6 --> node_venv_lib_python3_12_site-packages_PyQt6_Qt6_qml["qml"]\n    node_venv_lib_python3_12_site-packages_PyQt6_Qt6_qml --> node_venv_lib_python3_12_site-packages_PyQt6_Qt6_qml_QtQuick["QtQuick"]\n    node_venv_lib_python3_12_site-packages_PyQt6_Qt6_qml_QtQuick --> node_venv_lib_python3_12_site-packages_PyQt6_Qt6_qml_QtQuick_Controls["Controls"]\n    node_venv_lib_python3_12_site-packages_PyQt6_Qt6_qml_QtQuick_Controls --> node_venv_lib_python3_12_site-packages_PyQt6_Qt6_qml_QtQuick_Controls_FluentWinUI3["FluentWinUI3"]\n    node_venv_lib_python3_12_site-packages_PyQt6_Qt6_qml_QtQuick_Controls_FluentWinUI3 --> node_venv_lib_python3_12_site-packages_PyQt6_Qt6_qml_QtQuick_Controls_FluentWinUI3_light["light"]\n    node_venv_lib_python3_12_site-packages_PyQt6_Qt6_qml_QtQuick_Controls_FluentWinUI3_light --> node_venv_lib_python3_12_site-packages_PyQt6_Qt6_qml_QtQuick_Controls_FluentWinUI3_light_images["images"]\n    node_venv_lib_python3_12_site-packages_PyQt6_Qt6_qml_QtQuick_Controls_FluentWinUI3_light_images --> node_venv_lib_python3_12_site-packages_PyQt6_Qt6_qml_QtQuick_Controls_FluentWinUI3_light_images_itemdelegate-background-pressed_png["itemdelegate-background-pressed.png"]\n    Root --> node_venv["venv"]\n    node_venv --> node_venv_lib["lib"]\n    node_venv_lib --> node_venv_lib_python3_12["python3.12"]\n    node_venv_lib_python3_12 --> node_venv_lib_python3_12_site-packages["site-packages"]\n    node_venv_lib_python3_12_site-packages --> node_venv_lib_python3_12_site-packages_PyQt6["PyQt6"]\n    node_venv_lib_python3_12_site-packages_PyQt6 --> node_venv_lib_python3_12_site-packages_PyQt6_Qt6["Qt6"]\n    node_venv_lib_python3_12_site-packages_PyQt6_Qt6 --> node_venv_lib_python3_12_site-packages_PyQt6_Qt6_qml["qml"]\n    node_venv_lib_python3_12_site-packages_PyQt6_Qt6_qml --> node_venv_lib_python3_12_site-packages_PyQt6_Qt6_qml_QtQuick["QtQuick"]\n    node_venv_lib_python3_12_site-packages_PyQt6_Qt6_qml_QtQuick --> node_venv_lib_python3_12_site-packages_PyQt6_Qt6_qml_QtQuick_Controls["Controls"]\n    node_venv_lib_python3_12_site-packages_PyQt6_Qt6_qml_QtQuick_Controls --> node_venv_lib_python3_12_site-packages_PyQt6_Qt6_qml_QtQuick_Controls_FluentWinUI3["FluentWinUI3"]\n    node_venv_lib_python3_12_site-packages_PyQt6_Qt6_qml_QtQuick_Controls_FluentWinUI3 --> node_venv_lib_python3_12_site-packages_PyQt6_Qt6_qml_QtQuick_Controls_FluentWinUI3_light["light"]\n    node_venv_lib_python3_12_site-packages_PyQt6_Qt6_qml_QtQuick_Controls_FluentWinUI3_light --> node_venv_lib_python3_12_site-packages_PyQt6_Qt6_qml_QtQuick_Controls_FluentWinUI3_light_images["images"]\n    node_venv_lib_python3_12_site-packages_PyQt6_Qt6_qml_QtQuick_Controls_FluentWinUI3_light_images --> node_venv_lib_python3_12_site-packages_PyQt6_Qt6_qml_QtQuick_Controls_FluentWinUI3_light_images_itemdelegate-background-pressed@2x_png["itemdelegate-background-pressed@2x.png"]\n    Root --> node_venv["venv"]\n    node_venv --> node_venv_lib["lib"]\n    node_venv_lib --> node_venv_lib_python3_12["python3.12"]\n    node_venv_lib_python3_12 --> node_venv_lib_python3_12_site-packages["site-packages"]\n    node_venv_lib_python3_12_site-packages --> node_venv_lib_python3_12_site-packages_PyQt6["PyQt6"]\n    node_venv_lib_python3_12_site-packages_PyQt6 --> node_venv_lib_python3_12_site-packages_PyQt6_Qt6["Qt6"]\n    node_venv_lib_python3_12_site-packages_PyQt6_Qt6 --> node_venv_lib_python3_12_site-packages_PyQt6_Qt6_qml["qml"]\n    node_venv_lib_python3_12_site-packages_PyQt6_Qt6_qml --> node_venv_lib_python3_12_site-packages_PyQt6_Qt6_qml_QtQuick["QtQuick"]\n    node_venv_lib_python3_12_site-packages_PyQt6_Qt6_qml_QtQuick --> node_venv_lib_python3_12_site-packages_PyQt6_Qt6_qml_QtQuick_Controls["Controls"]\n    node_venv_lib_python3_12_site-packages_PyQt6_Qt6_qml_QtQuick_Controls --> node_venv_lib_python3_12_site-packages_PyQt6_Qt6_qml_QtQuick_Controls_FluentWinUI3["FluentWinUI3"]\n    node_venv_lib_python3_12_site-packages_PyQt6_Qt6_qml_QtQuick_Controls_FluentWinUI3 --> node_venv_lib_python3_12_site-packages_PyQt6_Qt6_qml_QtQuick_Controls_FluentWinUI3_light["light"]\n    node_venv_lib_python3_12_site-packages_PyQt6_Qt6_qml_QtQuick_Controls_FluentWinUI3_light --> node_venv_lib_python3_12_site-packages_PyQt6_Qt6_qml_QtQuick_Controls_FluentWinUI3_light_images["images"]\n    node_venv_lib_python3_12_site-packages_PyQt6_Qt6_qml_QtQuick_Controls_FluentWinUI3_light_images --> node_venv_lib_python3_12_site-packages_PyQt6_Qt6_qml_QtQuick_Controls_FluentWinUI3_light_images_itemdelegate-background-pressed@3x_png["itemdelegate-background-pressed@3x.png"]\n    Root --> node_venv["venv"]\n    node_venv --> node_venv_lib["lib"]\n    node_venv_lib --> node_venv_lib_python3_12["python3.12"]\n    node_venv_lib_python3_12 --> node_venv_lib_python3_12_site-packages["site-packages"]\n    node_venv_lib_python3_12_site-packages --> node_venv_lib_python3_12_site-packages_PyQt6["PyQt6"]\n    node_venv_lib_python3_12_site-packages_PyQt6 --> node_venv_lib_python3_12_site-packages_PyQt6_Qt6["Qt6"]\n    node_venv_lib_python3_12_site-packages_PyQt6_Qt6 --> node_venv_lib_python3_12_site-packages_PyQt6_Qt6_qml["qml"]\n    node_venv_lib_python3_12_site-packages_PyQt6_Qt6_qml --> node_venv_lib_python3_12_site-packages_PyQt6_Qt6_qml_QtQuick["QtQuick"]\n    node_venv_lib_python3_12_site-packages_PyQt6_Qt6_qml_QtQuick --> node_venv_lib_python3_12_site-packages_PyQt6_Qt6_qml_QtQuick_Controls["Controls"]\n    node_venv_lib_python3_12_site-packages_PyQt6_Qt6_qml_QtQuick_Controls --> node_venv_lib_python3_12_site-packages_PyQt6_Qt6_qml_QtQuick_Controls_FluentWinUI3["FluentWinUI3"]\n    node_venv_lib_python3_12_site-packages_PyQt6_Qt6_qml_QtQuick_Controls_FluentWinUI3 --> node_venv_lib_python3_12_site-packages_PyQt6_Qt6_qml_QtQuick_Controls_FluentWinUI3_light["light"]\n    node_venv_lib_python3_12_site-packages_PyQt6_Qt6_qml_QtQuick_Controls_FluentWinUI3_light --> node_venv_lib_python3_12_site-packages_PyQt6_Qt6_qml_QtQuick_Controls_FluentWinUI3_light_images["images"]\n    node_venv_lib_python3_12_site-packages_PyQt6_Qt6_qml_QtQuick_Controls_FluentWinUI3_light_images --> node_venv_lib_python3_12_site-packages_PyQt6_Qt6_qml_QtQuick_Controls_FluentWinUI3_light_images_pageindicatordelegate-indicator-delegate-current-hovered_png["pageindicatordelegate-indicator-delegate-current-hovered.png"]\n    Root --> node_venv["venv"]\n    node_venv --> node_venv_lib["lib"]\n    node_venv_lib --> node_venv_lib_python3_12["python3.12"]\n    node_venv_lib_python3_12 --> node_venv_lib_python3_12_site-packages["site-packages"]\n    node_venv_lib_python3_12_site-packages --> node_venv_lib_python3_12_site-packages_PyQt6["PyQt6"]\n    node_venv_lib_python3_12_site-packages_PyQt6 --> node_venv_lib_python3_12_site-packages_PyQt6_Qt6["Qt6"]\n    node_venv_lib_python3_12_site-packages_PyQt6_Qt6 --> node_venv_lib_python3_12_site-packages_PyQt6_Qt6_qml["qml"]\n    node_venv_lib_python3_12_site-packages_PyQt6_Qt6_qml --> node_venv_lib_python3_12_site-packages_PyQt6_Qt6_qml_QtQuick["QtQuick"]\n    node_venv_lib_python3_12_site-packages_PyQt6_Qt6_qml_QtQuick --> node_venv_lib_python3_12_site-packages_PyQt6_Qt6_qml_QtQuick_Controls["Controls"]\n    node_venv_lib_python3_12_site-packages_PyQt6_Qt6_qml_QtQuick_Controls --> node_venv_lib_python3_12_site-packages_PyQt6_Qt6_qml_QtQuick_Controls_FluentWinUI3["FluentWinUI3"]\n    node_venv_lib_python3_12_site-packages_PyQt6_Qt6_qml_QtQuick_Controls_FluentWinUI3 --> node_venv_lib_python3_12_site-packages_PyQt6_Qt6_qml_QtQuick_Controls_FluentWinUI3_light["light"]\n    node_venv_lib_python3_12_site-packages_PyQt6_Qt6_qml_QtQuick_Controls_FluentWinUI3_light --> node_venv_lib_python3_12_site-packages_PyQt6_Qt6_qml_QtQuick_Controls_FluentWinUI3_light_images["images"]\n    node_venv_lib_python3_12_site-packages_PyQt6_Qt6_qml_QtQuick_Controls_FluentWinUI3_light_images --> node_venv_lib_python3_12_site-packages_PyQt6_Qt6_qml_QtQuick_Controls_FluentWinUI3_light_images_pageindicatordelegate-indicator-delegate-current-hovered@2x_png["pageindicatordelegate-indicator-delegate-current-hovered@2x.png"]\n    Root --> node_venv["venv"]\n    node_venv --> node_venv_lib["lib"]\n    node_venv_lib --> node_venv_lib_python3_12["python3.12"]\n    node_venv_lib_python3_12 --> node_venv_lib_python3_12_site-packages["site-packages"]\n    node_venv_lib_python3_12_site-packages --> node_venv_lib_python3_12_site-packages_PyQt6["PyQt6"]\n    node_venv_lib_python3_12_site-packages_PyQt6 --> node_venv_lib_python3_12_site-packages_PyQt6_Qt6["Qt6"]\n    node_venv_lib_python3_12_site-packages_PyQt6_Qt6 --> node_venv_lib_python3_12_site-packages_PyQt6_Qt6_qml["qml"]\n    node_venv_lib_python3_12_site-packages_PyQt6_Qt6_qml --> node_venv_lib_python3_12_site-packages_PyQt6_Qt6_qml_QtQuick["QtQuick"]\n    node_venv_lib_python3_12_site-packages_PyQt6_Qt6_qml_QtQuick --> node_venv_lib_python3_12_site-packages_PyQt6_Qt6_qml_QtQuick_Controls["Controls"]\n    node_venv_lib_python3_12_site-packages_PyQt6_Qt6_qml_QtQuick_Controls --> node_venv_lib_python3_12_site-packages_PyQt6_Qt6_qml_QtQuick_Controls_FluentWinUI3["FluentWinUI3"]\n    node_venv_lib_python3_12_site-packages_PyQt6_Qt6_qml_QtQuick_Controls_FluentWinUI3 --> node_venv_lib_python3_12_site-packages_PyQt6_Qt6_qml_QtQuick_Controls_FluentWinUI3_light["light"]\n    node_venv_lib_python3_12_site-packages_PyQt6_Qt6_qml_QtQuick_Controls_FluentWinUI3_light --> node_venv_lib_python3_12_site-packages_PyQt6_Qt6_qml_QtQuick_Controls_FluentWinUI3_light_images["images"]\n    node_venv_lib_python3_12_site-packages_PyQt6_Qt6_qml_QtQuick_Controls_FluentWinUI3_light_images --> node_venv_lib_python3_12_site-packages_PyQt6_Qt6_qml_QtQuick_Controls_FluentWinUI3_light_images_pageindicatordelegate-indicator-delegate-current-hovered@3x_png["pageindicatordelegate-indicator-delegate-current-hovered@3x.png"]\n    Root --> node_venv["venv"]\n    node_venv --> node_venv_lib["lib"]\n    node_venv_lib --> node_venv_lib_python3_12["python3.12"]\n    node_venv_lib_python3_12 --> node_venv_lib_python3_12_site-packages["site-packages"]\n    node_venv_lib_python3_12_site-packages --> node_venv_lib_python3_12_site-packages_PyQt6["PyQt6"]\n    node_venv_lib_python3_12_site-packages_PyQt6 --> node_venv_lib_python3_12_site-packages_PyQt6_Qt6["Qt6"]\n    node_venv_lib_python3_12_site-packages_PyQt6_Qt6 --> node_venv_lib_python3_12_site-packages_PyQt6_Qt6_qml["qml"]\n    node_venv_lib_python3_12_site-packages_PyQt6_Qt6_qml --> node_venv_lib_python3_12_site-packages_PyQt6_Qt6_qml_QtQuick["QtQuick"]\n    node_venv_lib_python3_12_site-packages_PyQt6_Qt6_qml_QtQuick --> node_venv_lib_python3_12_site-packages_PyQt6_Qt6_qml_QtQuick_Controls["Controls"]\n    node_venv_lib_python3_12_site-packages_PyQt6_Qt6_qml_QtQuick_Controls --> node_venv_lib_python3_12_site-packages_PyQt6_Qt6_qml_QtQuick_Controls_FluentWinUI3["FluentWinUI3"]\n    node_venv_lib_python3_12_site-packages_PyQt6_Qt6_qml_QtQuick_Controls_FluentWinUI3 --> node_venv_lib_python3_12_site-packages_PyQt6_Qt6_qml_QtQuick_Controls_FluentWinUI3_light["light"]\n    node_venv_lib_python3_12_site-packages_PyQt6_Qt6_qml_QtQuick_Controls_FluentWinUI3_light --> node_venv_lib_python3_12_site-packages_PyQt6_Qt6_qml_QtQuick_Controls_FluentWinUI3_light_images["images"]\n    node_venv_lib_python3_12_site-packages_PyQt6_Qt6_qml_QtQuick_Controls_FluentWinUI3_light_images --> node_venv_lib_python3_12_site-packages_PyQt6_Qt6_qml_QtQuick_Controls_FluentWinUI3_light_images_pageindicatordelegate-indicator-delegate-current-pressed_png["pageindicatordelegate-indicator-delegate-current-pressed.png"]\n    Root --> node_venv["venv"]\n    node_venv --> node_venv_lib["lib"]\n    node_venv_lib --> node_venv_lib_python3_12["python3.12"]\n    node_venv_lib_python3_12 --> node_venv_lib_python3_12_site-packages["site-packages"]\n    node_venv_lib_python3_12_site-packages --> node_venv_lib_python3_12_site-packages_PyQt6["PyQt6"]\n    node_venv_lib_python3_12_site-packages_PyQt6 --> node_venv_lib_python3_12_site-packages_PyQt6_Qt6["Qt6"]\n    node_venv_lib_python3_12_site-packages_PyQt6_Qt6 --> node_venv_lib_python3_12_site-packages_PyQt6_Qt6_qml["qml"]\n    node_venv_lib_python3_12_site-packages_PyQt6_Qt6_qml --> node_venv_lib_python3_12_site-packages_PyQt6_Qt6_qml_QtQuick["QtQuick"]\n    node_venv_lib_python3_12_site-packages_PyQt6_Qt6_qml_QtQuick --> node_venv_lib_python3_12_site-packages_PyQt6_Qt6_qml_QtQuick_Controls["Controls"]\n    node_venv_lib_python3_12_site-packages_PyQt6_Qt6_qml_QtQuick_Controls --> node_venv_lib_python3_12_site-packages_PyQt6_Qt6_qml_QtQuick_Controls_FluentWinUI3["FluentWinUI3"]\n    node_venv_lib_python3_12_site-packages_PyQt6_Qt6_qml_QtQuick_Controls_FluentWinUI3 --> node_venv_lib_python3_12_site-packages_PyQt6_Qt6_qml_QtQuick_Controls_FluentWinUI3_light["light"]\n    node_venv_lib_python3_12_site-packages_PyQt6_Qt6_qml_QtQuick_Controls_FluentWinUI3_light --> node_venv_lib_python3_12_site-packages_PyQt6_Qt6_qml_QtQuick_Controls_FluentWinUI3_light_images["images"]\n    node_venv_lib_python3_12_site-packages_PyQt6_Qt6_qml_QtQuick_Controls_FluentWinUI3_light_images --> node_venv_lib_python3_12_site-packages_PyQt6_Qt6_qml_QtQuick_Controls_FluentWinUI3_light_images_pageindicatordelegate-indicator-delegate-current-pressed@2x_png["pageindicatordelegate-indicator-delegate-current-pressed@2x.png"]\n    Root --> node_venv["venv"]\n    node_venv --> node_venv_lib["lib"]\n    node_venv_lib --> node_venv_lib_python3_12["python3.12"]\n    node_venv_lib_python3_12 --> node_venv_lib_python3_12_site-packages["site-packages"]\n    node_venv_lib_python3_12_site-packages --> node_venv_lib_python3_12_site-packages_PyQt6["PyQt6"]\n    node_venv_lib_python3_12_site-packages_PyQt6 --> node_venv_lib_python3_12_site-packages_PyQt6_Qt6["Qt6"]\n    node_venv_lib_python3_12_site-packages_PyQt6_Qt6 --> node_venv_lib_python3_12_site-packages_PyQt6_Qt6_qml["qml"]\n    node_venv_lib_python3_12_site-packages_PyQt6_Qt6_qml --> node_venv_lib_python3_12_site-packages_PyQt6_Qt6_qml_QtQuick["QtQuick"]\n    node_venv_lib_python3_12_site-packages_PyQt6_Qt6_qml_QtQuick --> node_venv_lib_python3_12_site-packages_PyQt6_Qt6_qml_QtQuick_Controls["Controls"]\n    node_venv_lib_python3_12_site-packages_PyQt6_Qt6_qml_QtQuick_Controls --> node_venv_lib_python3_12_site-packages_PyQt6_Qt6_qml_QtQuick_Controls_FluentWinUI3["FluentWinUI3"]\n    node_venv_lib_python3_12_site-packages_PyQt6_Qt6_qml_QtQuick_Controls_FluentWinUI3 --> node_venv_lib_python3_12_site-packages_PyQt6_Qt6_qml_QtQuick_Controls_FluentWinUI3_light["light"]\n    node_venv_lib_python3_12_site-packages_PyQt6_Qt6_qml_QtQuick_Controls_FluentWinUI3_light --> node_venv_lib_python3_12_site-packages_PyQt6_Qt6_qml_QtQuick_Controls_FluentWinUI3_light_images["images"]\n    node_venv_lib_python3_12_site-packages_PyQt6_Qt6_qml_QtQuick_Controls_FluentWinUI3_light_images --> node_venv_lib_python3_12_site-packages_PyQt6_Qt6_qml_QtQuick_Controls_FluentWinUI3_light_images_pageindicatordelegate-indicator-delegate-current-pressed@3x_png["pageindicatordelegate-indicator-delegate-current-pressed@3x.png"]\n    Root --> node_venv["venv"]\n    node_venv --> node_venv_lib["lib"]\n    node_venv_lib --> node_venv_lib_python3_12["python3.12"]\n    node_venv_lib_python3_12 --> node_venv_lib_python3_12_site-packages["site-packages"]\n    node_venv_lib_python3_12_site-packages --> node_venv_lib_python3_12_site-packages_PyQt6["PyQt6"]\n    node_venv_lib_python3_12_site-packages_PyQt6 --> node_venv_lib_python3_12_site-packages_PyQt6_Qt6["Qt6"]\n    node_venv_lib_python3_12_site-packages_PyQt6_Qt6 --> node_venv_lib_python3_12_site-packages_PyQt6_Qt6_qml["qml"]\n    node_venv_lib_python3_12_site-packages_PyQt6_Qt6_qml --> node_venv_lib_python3_12_site-packages_PyQt6_Qt6_qml_QtQuick["QtQuick"]\n    node_venv_lib_python3_12_site-packages_PyQt6_Qt6_qml_QtQuick --> node_venv_lib_python3_12_site-packages_PyQt6_Qt6_qml_QtQuick_Controls["Controls"]\n    node_venv_lib_python3_12_site-packages_PyQt6_Qt6_qml_QtQuick_Controls --> node_venv_lib_python3_12_site-packages_PyQt6_Qt6_qml_QtQuick_Controls_FluentWinUI3["FluentWinUI3"]\n    node_venv_lib_python3_12_site-packages_PyQt6_Qt6_qml_QtQuick_Controls_FluentWinUI3 --> node_venv_lib_python3_12_site-packages_PyQt6_Qt6_qml_QtQuick_Controls_FluentWinUI3_light["light"]\n    node_venv_lib_python3_12_site-packages_PyQt6_Qt6_qml_QtQuick_Controls_FluentWinUI3_light --> node_venv_lib_python3_12_site-packages_PyQt6_Qt6_qml_QtQuick_Controls_FluentWinUI3_light_images["images"]\n    node_venv_lib_python3_12_site-packages_PyQt6_Qt6_qml_QtQuick_Controls_FluentWinUI3_light_images --> node_venv_lib_python3_12_site-packages_PyQt6_Qt6_qml_QtQuick_Controls_FluentWinUI3_light_images_pageindicatordelegate-indicator-delegate-current_png["pageindicatordelegate-indicator-delegate-current.png"]\n    Root --> node_venv["venv"]\n    node_venv --> node_venv_lib["lib"]\n    node_venv_lib --> node_venv_lib_python3_12["python3.12"]\n    node_venv_lib_python3_12 --> node_venv_lib_python3_12_site-packages["site-packages"]\n    node_venv_lib_python3_12_site-packages --> node_venv_lib_python3_12_site-packages_PyQt6["PyQt6"]\n    node_venv_lib_python3_12_site-packages_PyQt6 --> node_venv_lib_python3_12_site-packages_PyQt6_Qt6["Qt6"]\n    node_venv_lib_python3_12_site-packages_PyQt6_Qt6 --> node_venv_lib_python3_12_site-packages_PyQt6_Qt6_qml["qml"]\n    node_venv_lib_python3_12_site-packages_PyQt6_Qt6_qml --> node_venv_lib_python3_12_site-packages_PyQt6_Qt6_qml_QtQuick["QtQuick"]\n    node_venv_lib_python3_12_site-packages_PyQt6_Qt6_qml_QtQuick --> node_venv_lib_python3_12_site-packages_PyQt6_Qt6_qml_QtQuick_Controls["Controls"]\n    node_venv_lib_python3_12_site-packages_PyQt6_Qt6_qml_QtQuick_Controls --> node_venv_lib_python3_12_site-packages_PyQt6_Qt6_qml_QtQuick_Controls_FluentWinUI3["FluentWinUI3"]\n    node_venv_lib_python3_12_site-packages_PyQt6_Qt6_qml_QtQuick_Controls_FluentWinUI3 --> node_venv_lib_python3_12_site-packages_PyQt6_Qt6_qml_QtQuick_Controls_FluentWinUI3_light["light"]\n    node_venv_lib_python3_12_site-packages_PyQt6_Qt6_qml_QtQuick_Controls_FluentWinUI3_light --> node_venv_lib_python3_12_site-packages_PyQt6_Qt6_qml_QtQuick_Controls_FluentWinUI3_light_images["images"]\n    node_venv_lib_python3_12_site-packages_PyQt6_Qt6_qml_QtQuick_Controls_FluentWinUI3_light_images --> node_venv_lib_python3_12_site-packages_PyQt6_Qt6_qml_QtQuick_Controls_FluentWinUI3_light_images_pageindicatordelegate-indicator-delegate-current@2x_png["pageindicatordelegate-indicator-delegate-current@2x.png"]\n    Root --> node_venv["venv"]\n    node_venv --> node_venv_lib["lib"]\n    node_venv_lib --> node_venv_lib_python3_12["python3.12"]\n    node_venv_lib_python3_12 --> node_venv_lib_python3_12_site-packages["site-packages"]\n    node_venv_lib_python3_12_site-packages --> node_venv_lib_python3_12_site-packages_PyQt6["PyQt6"]\n    node_venv_lib_python3_12_site-packages_PyQt6 --> node_venv_lib_python3_12_site-packages_PyQt6_Qt6["Qt6"]\n    node_venv_lib_python3_12_site-packages_PyQt6_Qt6 --> node_venv_lib_python3_12_site-packages_PyQt6_Qt6_qml["qml"]\n    node_venv_lib_python3_12_site-packages_PyQt6_Qt6_qml --> node_venv_lib_python3_12_site-packages_PyQt6_Qt6_qml_QtQuick["QtQuick"]\n    node_venv_lib_python3_12_site-packages_PyQt6_Qt6_qml_QtQuick --> node_venv_lib_python3_12_site-packages_PyQt6_Qt6_qml_QtQuick_Controls["Controls"]\n    node_venv_lib_python3_12_site-packages_PyQt6_Qt6_qml_QtQuick_Controls --> node_venv_lib_python3_12_site-packages_PyQt6_Qt6_qml_QtQuick_Controls_FluentWinUI3["FluentWinUI3"]\n    node_venv_lib_python3_12_site-packages_PyQt6_Qt6_qml_QtQuick_Controls_FluentWinUI3 --> node_venv_lib_python3_12_site-packages_PyQt6_Qt6_qml_QtQuick_Controls_FluentWinUI3_light["light"]\n    node_venv_lib_python3_12_site-packages_PyQt6_Qt6_qml_QtQuick_Controls_FluentWinUI3_light --> node_venv_lib_python3_12_site-packages_PyQt6_Qt6_qml_QtQuick_Controls_FluentWinUI3_light_images["images"]\n    node_venv_lib_python3_12_site-packages_PyQt6_Qt6_qml_QtQuick_Controls_FluentWinUI3_light_images --> node_venv_lib_python3_12_site-packages_PyQt6_Qt6_qml_QtQuick_Controls_FluentWinUI3_light_images_pageindicatordelegate-indicator-delegate-current@3x_png["pageindicatordelegate-indicator-delegate-current@3x.png"]\n    Root --> node_venv["venv"]\n    node_venv --> node_venv_lib["lib"]\n    node_venv_lib --> node_venv_lib_python3_12["python3.12"]\n    node_venv_lib_python3_12 --> node_venv_lib_python3_12_site-packages["site-packages"]\n    node_venv_lib_python3_12_site-packages --> node_venv_lib_python3_12_site-packages_PyQt6["PyQt6"]\n    node_venv_lib_python3_12_site-packages_PyQt6 --> node_venv_lib_python3_12_site-packages_PyQt6_Qt6["Qt6"]\n    node_venv_lib_python3_12_site-packages_PyQt6_Qt6 --> node_venv_lib_python3_12_site-packages_PyQt6_Qt6_qml["qml"]\n    node_venv_lib_python3_12_site-packages_PyQt6_Qt6_qml --> node_venv_lib_python3_12_site-packages_PyQt6_Qt6_qml_QtQuick["QtQuick"]\n    node_venv_lib_python3_12_site-packages_PyQt6_Qt6_qml_QtQuick --> node_venv_lib_python3_12_site-packages_PyQt6_Qt6_qml_QtQuick_Controls["Controls"]\n    node_venv_lib_python3_12_site-packages_PyQt6_Qt6_qml_QtQuick_Controls --> node_venv_lib_python3_12_site-packages_PyQt6_Qt6_qml_QtQuick_Controls_FluentWinUI3["FluentWinUI3"]\n    node_venv_lib_python3_12_site-packages_PyQt6_Qt6_qml_QtQuick_Controls_FluentWinUI3 --> node_venv_lib_python3_12_site-packages_PyQt6_Qt6_qml_QtQuick_Controls_FluentWinUI3_light["light"]\n    node_venv_lib_python3_12_site-packages_PyQt6_Qt6_qml_QtQuick_Controls_FluentWinUI3_light --> node_venv_lib_python3_12_site-packages_PyQt6_Qt6_qml_QtQuick_Controls_FluentWinUI3_light_images["images"]\n    node_venv_lib_python3_12_site-packages_PyQt6_Qt6_qml_QtQuick_Controls_FluentWinUI3_light_images --> node_venv_lib_python3_12_site-packages_PyQt6_Qt6_qml_QtQuick_Controls_FluentWinUI3_light_images_pageindicatordelegate-indicator-delegate-pressed_png["pageindicatordelegate-indicator-delegate-pressed.png"]\n    Root --> node_venv["venv"]\n    node_venv --> node_venv_lib["lib"]\n    node_venv_lib --> node_venv_lib_python3_12["python3.12"]\n    node_venv_lib_python3_12 --> node_venv_lib_python3_12_site-packages["site-packages"]\n    node_venv_lib_python3_12_site-packages --> node_venv_lib_python3_12_site-packages_PyQt6["PyQt6"]\n    node_venv_lib_python3_12_site-packages_PyQt6 --> node_venv_lib_python3_12_site-packages_PyQt6_Qt6["Qt6"]\n    node_venv_lib_python3_12_site-packages_PyQt6_Qt6 --> node_venv_lib_python3_12_site-packages_PyQt6_Qt6_qml["qml"]\n    node_venv_lib_python3_12_site-packages_PyQt6_Qt6_qml --> node_venv_lib_python3_12_site-packages_PyQt6_Qt6_qml_QtQuick["QtQuick"]\n    node_venv_lib_python3_12_site-packages_PyQt6_Qt6_qml_QtQuick --> node_venv_lib_python3_12_site-packages_PyQt6_Qt6_qml_QtQuick_Controls["Controls"]\n    node_venv_lib_python3_12_site-packages_PyQt6_Qt6_qml_QtQuick_Controls --> node_venv_lib_python3_12_site-packages_PyQt6_Qt6_qml_QtQuick_Controls_FluentWinUI3["FluentWinUI3"]\n    node_venv_lib_python3_12_site-packages_PyQt6_Qt6_qml_QtQuick_Controls_FluentWinUI3 --> node_venv_lib_python3_12_site-packages_PyQt6_Qt6_qml_QtQuick_Controls_FluentWinUI3_light["light"]\n    node_venv_lib_python3_12_site-packages_PyQt6_Qt6_qml_QtQuick_Controls_FluentWinUI3_light --> node_venv_lib_python3_12_site-packages_PyQt6_Qt6_qml_QtQuick_Controls_FluentWinUI3_light_images["images"]\n    node_venv_lib_python3_12_site-packages_PyQt6_Qt6_qml_QtQuick_Controls_FluentWinUI3_light_images --> node_venv_lib_python3_12_site-packages_PyQt6_Qt6_qml_QtQuick_Controls_FluentWinUI3_light_images_pageindicatordelegate-indicator-delegate-pressed@2x_png["pageindicatordelegate-indicator-delegate-pressed@2x.png"]\n    Root --> node_venv["venv"]\n    node_venv --> node_venv_lib["lib"]\n    node_venv_lib --> node_venv_lib_python3_12["python3.12"]\n    node_venv_lib_python3_12 --> node_venv_lib_python3_12_site-packages["site-packages"]\n    node_venv_lib_python3_12_site-packages --> node_venv_lib_python3_12_site-packages_PyQt6["PyQt6"]\n    node_venv_lib_python3_12_site-packages_PyQt6 --> node_venv_lib_python3_12_site-packages_PyQt6_Qt6["Qt6"]\n    node_venv_lib_python3_12_site-packages_PyQt6_Qt6 --> node_venv_lib_python3_12_site-packages_PyQt6_Qt6_qml["qml"]\n    node_venv_lib_python3_12_site-packages_PyQt6_Qt6_qml --> node_venv_lib_python3_12_site-packages_PyQt6_Qt6_qml_QtQuick["QtQuick"]\n    node_venv_lib_python3_12_site-packages_PyQt6_Qt6_qml_QtQuick --> node_venv_lib_python3_12_site-packages_PyQt6_Qt6_qml_QtQuick_Controls["Controls"]\n    node_venv_lib_python3_12_site-packages_PyQt6_Qt6_qml_QtQuick_Controls --> node_venv_lib_python3_12_site-packages_PyQt6_Qt6_qml_QtQuick_Controls_FluentWinUI3["FluentWinUI3"]\n    node_venv_lib_python3_12_site-packages_PyQt6_Qt6_qml_QtQuick_Controls_FluentWinUI3 --> node_venv_lib_python3_12_site-packages_PyQt6_Qt6_qml_QtQuick_Controls_FluentWinUI3_light["light"]\n    node_venv_lib_python3_12_site-packages_PyQt6_Qt6_qml_QtQuick_Controls_FluentWinUI3_light --> node_venv_lib_python3_12_site-packages_PyQt6_Qt6_qml_QtQuick_Controls_FluentWinUI3_light_images["images"]\n    node_venv_lib_python3_12_site-packages_PyQt6_Qt6_qml_QtQuick_Controls_FluentWinUI3_light_images --> node_venv_lib_python3_12_site-packages_PyQt6_Qt6_qml_QtQuick_Controls_FluentWinUI3_light_images_pageindicatordelegate-indicator-delegate-pressed@3x_png["pageindicatordelegate-indicator-delegate-pressed@3x.png"]\n    Root --> node_venv["venv"]\n    node_venv --> node_venv_lib["lib"]\n    node_venv_lib --> node_venv_lib_python3_12["python3.12"]\n    node_venv_lib_python3_12 --> node_venv_lib_python3_12_site-packages["site-packages"]\n    node_venv_lib_python3_12_site-packages --> node_venv_lib_python3_12_site-packages_PyQt6["PyQt6"]\n    node_venv_lib_python3_12_site-packages_PyQt6 --> node_venv_lib_python3_12_site-packages_PyQt6_Qt6["Qt6"]\n    node_venv_lib_python3_12_site-packages_PyQt6_Qt6 --> node_venv_lib_python3_12_site-packages_PyQt6_Qt6_qml["qml"]\n    node_venv_lib_python3_12_site-packages_PyQt6_Qt6_qml --> node_venv_lib_python3_12_site-packages_PyQt6_Qt6_qml_QtQuick["QtQuick"]\n    node_venv_lib_python3_12_site-packages_PyQt6_Qt6_qml_QtQuick --> node_venv_lib_python3_12_site-packages_PyQt6_Qt6_qml_QtQuick_Controls["Controls"]\n    node_venv_lib_python3_12_site-packages_PyQt6_Qt6_qml_QtQuick_Controls --> node_venv_lib_python3_12_site-packages_PyQt6_Qt6_qml_QtQuick_Controls_FluentWinUI3["FluentWinUI3"]\n    node_venv_lib_python3_12_site-packages_PyQt6_Qt6_qml_QtQuick_Controls_FluentWinUI3 --> node_venv_lib_python3_12_site-packages_PyQt6_Qt6_qml_QtQuick_Controls_FluentWinUI3_light["light"]\n    node_venv_lib_python3_12_site-packages_PyQt6_Qt6_qml_QtQuick_Controls_FluentWinUI3_light --> node_venv_lib_python3_12_site-packages_PyQt6_Qt6_qml_QtQuick_Controls_FluentWinUI3_light_images["images"]\n    node_venv_lib_python3_12_site-packages_PyQt6_Qt6_qml_QtQuick_Controls_FluentWinUI3_light_images --> node_venv_lib_python3_12_site-packages_PyQt6_Qt6_qml_QtQuick_Controls_FluentWinUI3_light_images_pageindicatordelegate-indicator-disabled_png["pageindicatordelegate-indicator-disabled.png"]\n    Root --> node_venv["venv"]\n    node_venv --> node_venv_lib["lib"]\n    node_venv_lib --> node_venv_lib_python3_12["python3.12"]\n    node_venv_lib_python3_12 --> node_venv_lib_python3_12_site-packages["site-packages"]\n    node_venv_lib_python3_12_site-packages --> node_venv_lib_python3_12_site-packages_PyQt6["PyQt6"]\n    node_venv_lib_python3_12_site-packages_PyQt6 --> node_venv_lib_python3_12_site-packages_PyQt6_Qt6["Qt6"]\n    node_venv_lib_python3_12_site-packages_PyQt6_Qt6 --> node_venv_lib_python3_12_site-packages_PyQt6_Qt6_qml["qml"]\n    node_venv_lib_python3_12_site-packages_PyQt6_Qt6_qml --> node_venv_lib_python3_12_site-packages_PyQt6_Qt6_qml_QtQuick["QtQuick"]\n    node_venv_lib_python3_12_site-packages_PyQt6_Qt6_qml_QtQuick --> node_venv_lib_python3_12_site-packages_PyQt6_Qt6_qml_QtQuick_Controls["Controls"]\n    node_venv_lib_python3_12_site-packages_PyQt6_Qt6_qml_QtQuick_Controls --> node_venv_lib_python3_12_site-packages_PyQt6_Qt6_qml_QtQuick_Controls_FluentWinUI3["FluentWinUI3"]\n    node_venv_lib_python3_12_site-packages_PyQt6_Qt6_qml_QtQuick_Controls_FluentWinUI3 --> node_venv_lib_python3_12_site-packages_PyQt6_Qt6_qml_QtQuick_Controls_FluentWinUI3_light["light"]\n    node_venv_lib_python3_12_site-packages_PyQt6_Qt6_qml_QtQuick_Controls_FluentWinUI3_light --> node_venv_lib_python3_12_site-packages_PyQt6_Qt6_qml_QtQuick_Controls_FluentWinUI3_light_images["images"]\n    node_venv_lib_python3_12_site-packages_PyQt6_Qt6_qml_QtQuick_Controls_FluentWinUI3_light_images --> node_venv_lib_python3_12_site-packages_PyQt6_Qt6_qml_QtQuick_Controls_FluentWinUI3_light_images_pageindicatordelegate-indicator-disabled@2x_png["pageindicatordelegate-indicator-disabled@2x.png"]\n    Root --> node_venv["venv"]\n    node_venv --> node_venv_lib["lib"]\n    node_venv_lib --> node_venv_lib_python3_12["python3.12"]\n    node_venv_lib_python3_12 --> node_venv_lib_python3_12_site-packages["site-packages"]\n    node_venv_lib_python3_12_site-packages --> node_venv_lib_python3_12_site-packages_PyQt6["PyQt6"]\n    node_venv_lib_python3_12_site-packages_PyQt6 --> node_venv_lib_python3_12_site-packages_PyQt6_Qt6["Qt6"]\n    node_venv_lib_python3_12_site-packages_PyQt6_Qt6 --> node_venv_lib_python3_12_site-packages_PyQt6_Qt6_qml["qml"]\n    node_venv_lib_python3_12_site-packages_PyQt6_Qt6_qml --> node_venv_lib_python3_12_site-packages_PyQt6_Qt6_qml_QtQuick["QtQuick"]\n    node_venv_lib_python3_12_site-packages_PyQt6_Qt6_qml_QtQuick --> node_venv_lib_python3_12_site-packages_PyQt6_Qt6_qml_QtQuick_Controls["Controls"]\n    node_venv_lib_python3_12_site-packages_PyQt6_Qt6_qml_QtQuick_Controls --> node_venv_lib_python3_12_site-packages_PyQt6_Qt6_qml_QtQuick_Controls_FluentWinUI3["FluentWinUI3"]\n    node_venv_lib_python3_12_site-packages_PyQt6_Qt6_qml_QtQuick_Controls_FluentWinUI3 --> node_venv_lib_python3_12_site-packages_PyQt6_Qt6_qml_QtQuick_Controls_FluentWinUI3_light["light"]\n    node_venv_lib_python3_12_site-packages_PyQt6_Qt6_qml_QtQuick_Controls_FluentWinUI3_light --> node_venv_lib_python3_12_site-packages_PyQt6_Qt6_qml_QtQuick_Controls_FluentWinUI3_light_images["images"]\n    node_venv_lib_python3_12_site-packages_PyQt6_Qt6_qml_QtQuick_Controls_FluentWinUI3_light_images --> node_venv_lib_python3_12_site-packages_PyQt6_Qt6_qml_QtQuick_Controls_FluentWinUI3_light_images_pageindicatordelegate-indicator-disabled@3x_png["pageindicatordelegate-indicator-disabled@3x.png"]\n    Root --> node_venv["venv"]\n    node_venv --> node_venv_lib["lib"]\n    node_venv_lib --> node_venv_lib_python3_12["python3.12"]\n    node_venv_lib_python3_12 --> node_venv_lib_python3_12_site-packages["site-packages"]\n    node_venv_lib_python3_12_site-packages --> node_venv_lib_python3_12_site-packages_PyQt6["PyQt6"]\n    node_venv_lib_python3_12_site-packages_PyQt6 --> node_venv_lib_python3_12_site-packages_PyQt6_Qt6["Qt6"]\n    node_venv_lib_python3_12_site-packages_PyQt6_Qt6 --> node_venv_lib_python3_12_site-packages_PyQt6_Qt6_qml["qml"]\n    node_venv_lib_python3_12_site-packages_PyQt6_Qt6_qml --> node_venv_lib_python3_12_site-packages_PyQt6_Qt6_qml_QtQuick["QtQuick"]\n    node_venv_lib_python3_12_site-packages_PyQt6_Qt6_qml_QtQuick --> node_venv_lib_python3_12_site-packages_PyQt6_Qt6_qml_QtQuick_Controls["Controls"]\n    node_venv_lib_python3_12_site-packages_PyQt6_Qt6_qml_QtQuick_Controls --> node_venv_lib_python3_12_site-packages_PyQt6_Qt6_qml_QtQuick_Controls_FluentWinUI3["FluentWinUI3"]\n    node_venv_lib_python3_12_site-packages_PyQt6_Qt6_qml_QtQuick_Controls_FluentWinUI3 --> node_venv_lib_python3_12_site-packages_PyQt6_Qt6_qml_QtQuick_Controls_FluentWinUI3_light["light"]\n    node_venv_lib_python3_12_site-packages_PyQt6_Qt6_qml_QtQuick_Controls_FluentWinUI3_light --> node_venv_lib_python3_12_site-packages_PyQt6_Qt6_qml_QtQuick_Controls_FluentWinUI3_light_images["images"]\n    node_venv_lib_python3_12_site-packages_PyQt6_Qt6_qml_QtQuick_Controls_FluentWinUI3_light_images --> node_venv_lib_python3_12_site-packages_PyQt6_Qt6_qml_QtQuick_Controls_FluentWinUI3_light_images_pageindicatordelegate-indicator-hovered_png["pageindicatordelegate-indicator-hovered.png"]\n    Root --> node_venv["venv"]\n    node_venv --> node_venv_lib["lib"]\n    node_venv_lib --> node_venv_lib_python3_12["python3.12"]\n    node_venv_lib_python3_12 --> node_venv_lib_python3_12_site-packages["site-packages"]\n    node_venv_lib_python3_12_site-packages --> node_venv_lib_python3_12_site-packages_PyQt6["PyQt6"]\n    node_venv_lib_python3_12_site-packages_PyQt6 --> node_venv_lib_python3_12_site-packages_PyQt6_Qt6["Qt6"]\n    node_venv_lib_python3_12_site-packages_PyQt6_Qt6 --> node_venv_lib_python3_12_site-packages_PyQt6_Qt6_qml["qml"]\n    node_venv_lib_python3_12_site-packages_PyQt6_Qt6_qml --> node_venv_lib_python3_12_site-packages_PyQt6_Qt6_qml_QtQuick["QtQuick"]\n    node_venv_lib_python3_12_site-packages_PyQt6_Qt6_qml_QtQuick --> node_venv_lib_python3_12_site-packages_PyQt6_Qt6_qml_QtQuick_Controls["Controls"]\n    node_venv_lib_python3_12_site-packages_PyQt6_Qt6_qml_QtQuick_Controls --> node_venv_lib_python3_12_site-packages_PyQt6_Qt6_qml_QtQuick_Controls_FluentWinUI3["FluentWinUI3"]\n    node_venv_lib_python3_12_site-packages_PyQt6_Qt6_qml_QtQuick_Controls_FluentWinUI3 --> node_venv_lib_python3_12_site-packages_PyQt6_Qt6_qml_QtQuick_Controls_FluentWinUI3_light["light"]\n    node_venv_lib_python3_12_site-packages_PyQt6_Qt6_qml_QtQuick_Controls_FluentWinUI3_light --> node_venv_lib_python3_12_site-packages_PyQt6_Qt6_qml_QtQuick_Controls_FluentWinUI3_light_images["images"]\n    node_venv_lib_python3_12_site-packages_PyQt6_Qt6_qml_QtQuick_Controls_FluentWinUI3_light_images --> node_venv_lib_python3_12_site-packages_PyQt6_Qt6_qml_QtQuick_Controls_FluentWinUI3_light_images_pageindicatordelegate-indicator-hovered@2x_png["pageindicatordelegate-indicator-hovered@2x.png"]\n    Root --> node_venv["venv"]\n    node_venv --> node_venv_lib["lib"]\n    node_venv_lib --> node_venv_lib_python3_12["python3.12"]\n    node_venv_lib_python3_12 --> node_venv_lib_python3_12_site-packages["site-packages"]\n    node_venv_lib_python3_12_site-packages --> node_venv_lib_python3_12_site-packages_PyQt6["PyQt6"]\n    node_venv_lib_python3_12_site-packages_PyQt6 --> node_venv_lib_python3_12_site-packages_PyQt6_Qt6["Qt6"]\n    node_venv_lib_python3_12_site-packages_PyQt6_Qt6 --> node_venv_lib_python3_12_site-packages_PyQt6_Qt6_qml["qml"]\n    node_venv_lib_python3_12_site-packages_PyQt6_Qt6_qml --> node_venv_lib_python3_12_site-packages_PyQt6_Qt6_qml_QtQuick["QtQuick"]\n    node_venv_lib_python3_12_site-packages_PyQt6_Qt6_qml_QtQuick --> node_venv_lib_python3_12_site-packages_PyQt6_Qt6_qml_QtQuick_Controls["Controls"]\n    node_venv_lib_python3_12_site-packages_PyQt6_Qt6_qml_QtQuick_Controls --> node_venv_lib_python3_12_site-packages_PyQt6_Qt6_qml_QtQuick_Controls_FluentWinUI3["FluentWinUI3"]\n    node_venv_lib_python3_12_site-packages_PyQt6_Qt6_qml_QtQuick_Controls_FluentWinUI3 --> node_venv_lib_python3_12_site-packages_PyQt6_Qt6_qml_QtQuick_Controls_FluentWinUI3_light["light"]\n    node_venv_lib_python3_12_site-packages_PyQt6_Qt6_qml_QtQuick_Controls_FluentWinUI3_light --> node_venv_lib_python3_12_site-packages_PyQt6_Qt6_qml_QtQuick_Controls_FluentWinUI3_light_images["images"]\n    node_venv_lib_python3_12_site-packages_PyQt6_Qt6_qml_QtQuick_Controls_FluentWinUI3_light_images --> node_venv_lib_python3_12_site-packages_PyQt6_Qt6_qml_QtQuick_Controls_FluentWinUI3_light_images_pageindicatordelegate-indicator-hovered@3x_png["pageindicatordelegate-indicator-hovered@3x.png"]\n    Root --> node_venv["venv"]\n    node_venv --> node_venv_lib["lib"]\n    node_venv_lib --> node_venv_lib_python3_12["python3.12"]\n    node_venv_lib_python3_12 --> node_venv_lib_python3_12_site-packages["site-packages"]\n    node_venv_lib_python3_12_site-packages --> node_venv_lib_python3_12_site-packages_PyQt6["PyQt6"]\n    node_venv_lib_python3_12_site-packages_PyQt6 --> node_venv_lib_python3_12_site-packages_PyQt6_Qt6["Qt6"]\n    node_venv_lib_python3_12_site-packages_PyQt6_Qt6 --> node_venv_lib_python3_12_site-packages_PyQt6_Qt6_qml["qml"]\n    node_venv_lib_python3_12_site-packages_PyQt6_Qt6_qml --> node_venv_lib_python3_12_site-packages_PyQt6_Qt6_qml_QtQuick["QtQuick"]\n    node_venv_lib_python3_12_site-packages_PyQt6_Qt6_qml_QtQuick --> node_venv_lib_python3_12_site-packages_PyQt6_Qt6_qml_QtQuick_Controls["Controls"]\n    node_venv_lib_python3_12_site-packages_PyQt6_Qt6_qml_QtQuick_Controls --> node_venv_lib_python3_12_site-packages_PyQt6_Qt6_qml_QtQuick_Controls_FluentWinUI3["FluentWinUI3"]\n    node_venv_lib_python3_12_site-packages_PyQt6_Qt6_qml_QtQuick_Controls_FluentWinUI3 --> node_venv_lib_python3_12_site-packages_PyQt6_Qt6_qml_QtQuick_Controls_FluentWinUI3_light["light"]\n    node_venv_lib_python3_12_site-packages_PyQt6_Qt6_qml_QtQuick_Controls_FluentWinUI3_light --> node_venv_lib_python3_12_site-packages_PyQt6_Qt6_qml_QtQuick_Controls_FluentWinUI3_light_images["images"]\n    node_venv_lib_python3_12_site-packages_PyQt6_Qt6_qml_QtQuick_Controls_FluentWinUI3_light_images --> node_venv_lib_python3_12_site-packages_PyQt6_Qt6_qml_QtQuick_Controls_FluentWinUI3_light_images_pageindicatordelegate-indicator_png["pageindicatordelegate-indicator.png"]\n    Root --> node_venv["venv"]\n    node_venv --> node_venv_lib["lib"]\n    node_venv_lib --> node_venv_lib_python3_12["python3.12"]\n    node_venv_lib_python3_12 --> node_venv_lib_python3_12_site-packages["site-packages"]\n    node_venv_lib_python3_12_site-packages --> node_venv_lib_python3_12_site-packages_PyQt6["PyQt6"]\n    node_venv_lib_python3_12_site-packages_PyQt6 --> node_venv_lib_python3_12_site-packages_PyQt6_Qt6["Qt6"]\n    node_venv_lib_python3_12_site-packages_PyQt6_Qt6 --> node_venv_lib_python3_12_site-packages_PyQt6_Qt6_qml["qml"]\n    node_venv_lib_python3_12_site-packages_PyQt6_Qt6_qml --> node_venv_lib_python3_12_site-packages_PyQt6_Qt6_qml_QtQuick["QtQuick"]\n    node_venv_lib_python3_12_site-packages_PyQt6_Qt6_qml_QtQuick --> node_venv_lib_python3_12_site-packages_PyQt6_Qt6_qml_QtQuick_Controls["Controls"]\n    node_venv_lib_python3_12_site-packages_PyQt6_Qt6_qml_QtQuick_Controls --> node_venv_lib_python3_12_site-packages_PyQt6_Qt6_qml_QtQuick_Controls_FluentWinUI3["FluentWinUI3"]\n    node_venv_lib_python3_12_site-packages_PyQt6_Qt6_qml_QtQuick_Controls_FluentWinUI3 --> node_venv_lib_python3_12_site-packages_PyQt6_Qt6_qml_QtQuick_Controls_FluentWinUI3_light["light"]\n    node_venv_lib_python3_12_site-packages_PyQt6_Qt6_qml_QtQuick_Controls_FluentWinUI3_light --> node_venv_lib_python3_12_site-packages_PyQt6_Qt6_qml_QtQuick_Controls_FluentWinUI3_light_images["images"]\n    node_venv_lib_python3_12_site-packages_PyQt6_Qt6_qml_QtQuick_Controls_FluentWinUI3_light_images --> node_venv_lib_python3_12_site-packages_PyQt6_Qt6_qml_QtQuick_Controls_FluentWinUI3_light_images_pageindicatordelegate-indicator@2x_png["pageindicatordelegate-indicator@2x.png"]\n    Root --> node_venv["venv"]\n    node_venv --> node_venv_lib["lib"]\n    node_venv_lib --> node_venv_lib_python3_12["python3.12"]\n    node_venv_lib_python3_12 --> node_venv_lib_python3_12_site-packages["site-packages"]\n    node_venv_lib_python3_12_site-packages --> node_venv_lib_python3_12_site-packages_PyQt6["PyQt6"]\n    node_venv_lib_python3_12_site-packages_PyQt6 --> node_venv_lib_python3_12_site-packages_PyQt6_Qt6["Qt6"]\n    node_venv_lib_python3_12_site-packages_PyQt6_Qt6 --> node_venv_lib_python3_12_site-packages_PyQt6_Qt6_qml["qml"]\n    node_venv_lib_python3_12_site-packages_PyQt6_Qt6_qml --> node_venv_lib_python3_12_site-packages_PyQt6_Qt6_qml_QtQuick["QtQuick"]\n    node_venv_lib_python3_12_site-packages_PyQt6_Qt6_qml_QtQuick --> node_venv_lib_python3_12_site-packages_PyQt6_Qt6_qml_QtQuick_Controls["Controls"]\n    node_venv_lib_python3_12_site-packages_PyQt6_Qt6_qml_QtQuick_Controls --> node_venv_lib_python3_12_site-packages_PyQt6_Qt6_qml_QtQuick_Controls_FluentWinUI3["FluentWinUI3"]\n    node_venv_lib_python3_12_site-packages_PyQt6_Qt6_qml_QtQuick_Controls_FluentWinUI3 --> node_venv_lib_python3_12_site-packages_PyQt6_Qt6_qml_QtQuick_Controls_FluentWinUI3_light["light"]\n    node_venv_lib_python3_12_site-packages_PyQt6_Qt6_qml_QtQuick_Controls_FluentWinUI3_light --> node_venv_lib_python3_12_site-packages_PyQt6_Qt6_qml_QtQuick_Controls_FluentWinUI3_light_images["images"]\n    node_venv_lib_python3_12_site-packages_PyQt6_Qt6_qml_QtQuick_Controls_FluentWinUI3_light_images --> node_venv_lib_python3_12_site-packages_PyQt6_Qt6_qml_QtQuick_Controls_FluentWinUI3_light_images_pageindicatordelegate-indicator@3x_png["pageindicatordelegate-indicator@3x.png"]\n    Root --> node_venv["venv"]\n    node_venv --> node_venv_lib["lib"]\n    node_venv_lib --> node_venv_lib_python3_12["python3.12"]\n    node_venv_lib_python3_12 --> node_venv_lib_python3_12_site-packages["site-packages"]\n    node_venv_lib_python3_12_site-packages --> node_venv_lib_python3_12_site-packages_PyQt6["PyQt6"]\n    node_venv_lib_python3_12_site-packages_PyQt6 --> node_venv_lib_python3_12_site-packages_PyQt6_Qt6["Qt6"]\n    node_venv_lib_python3_12_site-packages_PyQt6_Qt6 --> node_venv_lib_python3_12_site-packages_PyQt6_Qt6_qml["qml"]\n    node_venv_lib_python3_12_site-packages_PyQt6_Qt6_qml --> node_venv_lib_python3_12_site-packages_PyQt6_Qt6_qml_QtQuick["QtQuick"]\n    node_venv_lib_python3_12_site-packages_PyQt6_Qt6_qml_QtQuick --> node_venv_lib_python3_12_site-packages_PyQt6_Qt6_qml_QtQuick_Controls["Controls"]\n    node_venv_lib_python3_12_site-packages_PyQt6_Qt6_qml_QtQuick_Controls --> node_venv_lib_python3_12_site-packages_PyQt6_Qt6_qml_QtQuick_Controls_FluentWinUI3["FluentWinUI3"]\n    node_venv_lib_python3_12_site-packages_PyQt6_Qt6_qml_QtQuick_Controls_FluentWinUI3 --> node_venv_lib_python3_12_site-packages_PyQt6_Qt6_qml_QtQuick_Controls_FluentWinUI3_light["light"]\n    node_venv_lib_python3_12_site-packages_PyQt6_Qt6_qml_QtQuick_Controls_FluentWinUI3_light --> node_venv_lib_python3_12_site-packages_PyQt6_Qt6_qml_QtQuick_Controls_FluentWinUI3_light_images["images"]\n    node_venv_lib_python3_12_site-packages_PyQt6_Qt6_qml_QtQuick_Controls_FluentWinUI3_light_images --> node_venv_lib_python3_12_site-packages_PyQt6_Qt6_qml_QtQuick_Controls_FluentWinUI3_light_images_popup-background_png["popup-background.png"]\n    Root --> node_venv["venv"]\n    node_venv --> node_venv_lib["lib"]\n    node_venv_lib --> node_venv_lib_python3_12["python3.12"]\n    node_venv_lib_python3_12 --> node_venv_lib_python3_12_site-packages["site-packages"]\n    node_venv_lib_python3_12_site-packages --> node_venv_lib_python3_12_site-packages_PyQt6["PyQt6"]\n    node_venv_lib_python3_12_site-packages_PyQt6 --> node_venv_lib_python3_12_site-packages_PyQt6_Qt6["Qt6"]\n    node_venv_lib_python3_12_site-packages_PyQt6_Qt6 --> node_venv_lib_python3_12_site-packages_PyQt6_Qt6_qml["qml"]\n    node_venv_lib_python3_12_site-packages_PyQt6_Qt6_qml --> node_venv_lib_python3_12_site-packages_PyQt6_Qt6_qml_QtQuick["QtQuick"]\n    node_venv_lib_python3_12_site-packages_PyQt6_Qt6_qml_QtQuick --> node_venv_lib_python3_12_site-packages_PyQt6_Qt6_qml_QtQuick_Controls["Controls"]\n    node_venv_lib_python3_12_site-packages_PyQt6_Qt6_qml_QtQuick_Controls --> node_venv_lib_python3_12_site-packages_PyQt6_Qt6_qml_QtQuick_Controls_FluentWinUI3["FluentWinUI3"]\n    node_venv_lib_python3_12_site-packages_PyQt6_Qt6_qml_QtQuick_Controls_FluentWinUI3 --> node_venv_lib_python3_12_site-packages_PyQt6_Qt6_qml_QtQuick_Controls_FluentWinUI3_light["light"]\n    node_venv_lib_python3_12_site-packages_PyQt6_Qt6_qml_QtQuick_Controls_FluentWinUI3_light --> node_venv_lib_python3_12_site-packages_PyQt6_Qt6_qml_QtQuick_Controls_FluentWinUI3_light_images["images"]\n    node_venv_lib_python3_12_site-packages_PyQt6_Qt6_qml_QtQuick_Controls_FluentWinUI3_light_images --> node_venv_lib_python3_12_site-packages_PyQt6_Qt6_qml_QtQuick_Controls_FluentWinUI3_light_images_popup-background@2x_png["popup-background@2x.png"]\n    Root --> node_venv["venv"]\n    node_venv --> node_venv_lib["lib"]\n    node_venv_lib --> node_venv_lib_python3_12["python3.12"]\n    node_venv_lib_python3_12 --> node_venv_lib_python3_12_site-packages["site-packages"]\n    node_venv_lib_python3_12_site-packages --> node_venv_lib_python3_12_site-packages_PyQt6["PyQt6"]\n    node_venv_lib_python3_12_site-packages_PyQt6 --> node_venv_lib_python3_12_site-packages_PyQt6_Qt6["Qt6"]\n    node_venv_lib_python3_12_site-packages_PyQt6_Qt6 --> node_venv_lib_python3_12_site-packages_PyQt6_Qt6_qml["qml"]\n    node_venv_lib_python3_12_site-packages_PyQt6_Qt6_qml --> node_venv_lib_python3_12_site-packages_PyQt6_Qt6_qml_QtQuick["QtQuick"]\n    node_venv_lib_python3_12_site-packages_PyQt6_Qt6_qml_QtQuick --> node_venv_lib_python3_12_site-packages_PyQt6_Qt6_qml_QtQuick_Controls["Controls"]\n    node_venv_lib_python3_12_site-packages_PyQt6_Qt6_qml_QtQuick_Controls --> node_venv_lib_python3_12_site-packages_PyQt6_Qt6_qml_QtQuick_Controls_FluentWinUI3["FluentWinUI3"]\n    node_venv_lib_python3_12_site-packages_PyQt6_Qt6_qml_QtQuick_Controls_FluentWinUI3 --> node_venv_lib_python3_12_site-packages_PyQt6_Qt6_qml_QtQuick_Controls_FluentWinUI3_light["light"]\n    node_venv_lib_python3_12_site-packages_PyQt6_Qt6_qml_QtQuick_Controls_FluentWinUI3_light --> node_venv_lib_python3_12_site-packages_PyQt6_Qt6_qml_QtQuick_Controls_FluentWinUI3_light_images["images"]\n    node_venv_lib_python3_12_site-packages_PyQt6_Qt6_qml_QtQuick_Controls_FluentWinUI3_light_images --> node_venv_lib_python3_12_site-packages_PyQt6_Qt6_qml_QtQuick_Controls_FluentWinUI3_light_images_popup-background@3x_png["popup-background@3x.png"]\n    Root --> node_venv["venv"]\n    node_venv --> node_venv_lib["lib"]\n    node_venv_lib --> node_venv_lib_python3_12["python3.12"]\n    node_venv_lib_python3_12 --> node_venv_lib_python3_12_site-packages["site-packages"]\n    node_venv_lib_python3_12_site-packages --> node_venv_lib_python3_12_site-packages_PyQt6["PyQt6"]\n    node_venv_lib_python3_12_site-packages_PyQt6 --> node_venv_lib_python3_12_site-packages_PyQt6_Qt6["Qt6"]\n    node_venv_lib_python3_12_site-packages_PyQt6_Qt6 --> node_venv_lib_python3_12_site-packages_PyQt6_Qt6_qml["qml"]\n    node_venv_lib_python3_12_site-packages_PyQt6_Qt6_qml --> node_venv_lib_python3_12_site-packages_PyQt6_Qt6_qml_QtQuick["QtQuick"]\n    node_venv_lib_python3_12_site-packages_PyQt6_Qt6_qml_QtQuick --> node_venv_lib_python3_12_site-packages_PyQt6_Qt6_qml_QtQuick_Controls["Controls"]\n    node_venv_lib_python3_12_site-packages_PyQt6_Qt6_qml_QtQuick_Controls --> node_venv_lib_python3_12_site-packages_PyQt6_Qt6_qml_QtQuick_Controls_FluentWinUI3["FluentWinUI3"]\n    node_venv_lib_python3_12_site-packages_PyQt6_Qt6_qml_QtQuick_Controls_FluentWinUI3 --> node_venv_lib_python3_12_site-packages_PyQt6_Qt6_qml_QtQuick_Controls_FluentWinUI3_light["light"]\n    node_venv_lib_python3_12_site-packages_PyQt6_Qt6_qml_QtQuick_Controls_FluentWinUI3_light --> node_venv_lib_python3_12_site-packages_PyQt6_Qt6_qml_QtQuick_Controls_FluentWinUI3_light_images["images"]\n    node_venv_lib_python3_12_site-packages_PyQt6_Qt6_qml_QtQuick_Controls_FluentWinUI3_light_images --> node_venv_lib_python3_12_site-packages_PyQt6_Qt6_qml_QtQuick_Controls_FluentWinUI3_light_images_progressbar-groove-disabled_png["progressbar-groove-disabled.png"]\n    Root --> node_venv["venv"]\n    node_venv --> node_venv_lib["lib"]\n    node_venv_lib --> node_venv_lib_python3_12["python3.12"]\n    node_venv_lib_python3_12 --> node_venv_lib_python3_12_site-packages["site-packages"]\n    node_venv_lib_python3_12_site-packages --> node_venv_lib_python3_12_site-packages_PyQt6["PyQt6"]\n    node_venv_lib_python3_12_site-packages_PyQt6 --> node_venv_lib_python3_12_site-packages_PyQt6_Qt6["Qt6"]\n    node_venv_lib_python3_12_site-packages_PyQt6_Qt6 --> node_venv_lib_python3_12_site-packages_PyQt6_Qt6_qml["qml"]\n    node_venv_lib_python3_12_site-packages_PyQt6_Qt6_qml --> node_venv_lib_python3_12_site-packages_PyQt6_Qt6_qml_QtQuick["QtQuick"]\n    node_venv_lib_python3_12_site-packages_PyQt6_Qt6_qml_QtQuick --> node_venv_lib_python3_12_site-packages_PyQt6_Qt6_qml_QtQuick_Controls["Controls"]\n    node_venv_lib_python3_12_site-packages_PyQt6_Qt6_qml_QtQuick_Controls --> node_venv_lib_python3_12_site-packages_PyQt6_Qt6_qml_QtQuick_Controls_FluentWinUI3["FluentWinUI3"]\n    node_venv_lib_python3_12_site-packages_PyQt6_Qt6_qml_QtQuick_Controls_FluentWinUI3 --> node_venv_lib_python3_12_site-packages_PyQt6_Qt6_qml_QtQuick_Controls_FluentWinUI3_light["light"]\n    node_venv_lib_python3_12_site-packages_PyQt6_Qt6_qml_QtQuick_Controls_FluentWinUI3_light --> node_venv_lib_python3_12_site-packages_PyQt6_Qt6_qml_QtQuick_Controls_FluentWinUI3_light_images["images"]\n    node_venv_lib_python3_12_site-packages_PyQt6_Qt6_qml_QtQuick_Controls_FluentWinUI3_light_images --> node_venv_lib_python3_12_site-packages_PyQt6_Qt6_qml_QtQuick_Controls_FluentWinUI3_light_images_progressbar-groove-disabled@2x_png["progressbar-groove-disabled@2x.png"]\n    Root --> node_venv["venv"]\n    node_venv --> node_venv_lib["lib"]\n    node_venv_lib --> node_venv_lib_python3_12["python3.12"]\n    node_venv_lib_python3_12 --> node_venv_lib_python3_12_site-packages["site-packages"]\n    node_venv_lib_python3_12_site-packages --> node_venv_lib_python3_12_site-packages_PyQt6["PyQt6"]\n    node_venv_lib_python3_12_site-packages_PyQt6 --> node_venv_lib_python3_12_site-packages_PyQt6_Qt6["Qt6"]\n    node_venv_lib_python3_12_site-packages_PyQt6_Qt6 --> node_venv_lib_python3_12_site-packages_PyQt6_Qt6_qml["qml"]\n    node_venv_lib_python3_12_site-packages_PyQt6_Qt6_qml --> node_venv_lib_python3_12_site-packages_PyQt6_Qt6_qml_QtQuick["QtQuick"]\n    node_venv_lib_python3_12_site-packages_PyQt6_Qt6_qml_QtQuick --> node_venv_lib_python3_12_site-packages_PyQt6_Qt6_qml_QtQuick_Controls["Controls"]\n    node_venv_lib_python3_12_site-packages_PyQt6_Qt6_qml_QtQuick_Controls --> node_venv_lib_python3_12_site-packages_PyQt6_Qt6_qml_QtQuick_Controls_FluentWinUI3["FluentWinUI3"]\n    node_venv_lib_python3_12_site-packages_PyQt6_Qt6_qml_QtQuick_Controls_FluentWinUI3 --> node_venv_lib_python3_12_site-packages_PyQt6_Qt6_qml_QtQuick_Controls_FluentWinUI3_light["light"]\n    node_venv_lib_python3_12_site-packages_PyQt6_Qt6_qml_QtQuick_Controls_FluentWinUI3_light --> node_venv_lib_python3_12_site-packages_PyQt6_Qt6_qml_QtQuick_Controls_FluentWinUI3_light_images["images"]\n    node_venv_lib_python3_12_site-packages_PyQt6_Qt6_qml_QtQuick_Controls_FluentWinUI3_light_images --> node_venv_lib_python3_12_site-packages_PyQt6_Qt6_qml_QtQuick_Controls_FluentWinUI3_light_images_progressbar-groove-disabled@3x_png["progressbar-groove-disabled@3x.png"]\n    Root --> node_venv["venv"]\n    node_venv --> node_venv_lib["lib"]\n    node_venv_lib --> node_venv_lib_python3_12["python3.12"]\n    node_venv_lib_python3_12 --> node_venv_lib_python3_12_site-packages["site-packages"]\n    node_venv_lib_python3_12_site-packages --> node_venv_lib_python3_12_site-packages_PyQt6["PyQt6"]\n    node_venv_lib_python3_12_site-packages_PyQt6 --> node_venv_lib_python3_12_site-packages_PyQt6_Qt6["Qt6"]\n    node_venv_lib_python3_12_site-packages_PyQt6_Qt6 --> node_venv_lib_python3_12_site-packages_PyQt6_Qt6_qml["qml"]\n    node_venv_lib_python3_12_site-packages_PyQt6_Qt6_qml --> node_venv_lib_python3_12_site-packages_PyQt6_Qt6_qml_QtQuick["QtQuick"]\n    node_venv_lib_python3_12_site-packages_PyQt6_Qt6_qml_QtQuick --> node_venv_lib_python3_12_site-packages_PyQt6_Qt6_qml_QtQuick_Controls["Controls"]\n    node_venv_lib_python3_12_site-packages_PyQt6_Qt6_qml_QtQuick_Controls --> node_venv_lib_python3_12_site-packages_PyQt6_Qt6_qml_QtQuick_Controls_FluentWinUI3["FluentWinUI3"]\n    node_venv_lib_python3_12_site-packages_PyQt6_Qt6_qml_QtQuick_Controls_FluentWinUI3 --> node_venv_lib_python3_12_site-packages_PyQt6_Qt6_qml_QtQuick_Controls_FluentWinUI3_light["light"]\n    node_venv_lib_python3_12_site-packages_PyQt6_Qt6_qml_QtQuick_Controls_FluentWinUI3_light --> node_venv_lib_python3_12_site-packages_PyQt6_Qt6_qml_QtQuick_Controls_FluentWinUI3_light_images["images"]\n    node_venv_lib_python3_12_site-packages_PyQt6_Qt6_qml_QtQuick_Controls_FluentWinUI3_light_images --> node_venv_lib_python3_12_site-packages_PyQt6_Qt6_qml_QtQuick_Controls_FluentWinUI3_light_images_progressbar-groove_png["progressbar-groove.png"]\n    Root --> node_venv["venv"]\n    node_venv --> node_venv_lib["lib"]\n    node_venv_lib --> node_venv_lib_python3_12["python3.12"]\n    node_venv_lib_python3_12 --> node_venv_lib_python3_12_site-packages["site-packages"]\n    node_venv_lib_python3_12_site-packages --> node_venv_lib_python3_12_site-packages_PyQt6["PyQt6"]\n    node_venv_lib_python3_12_site-packages_PyQt6 --> node_venv_lib_python3_12_site-packages_PyQt6_Qt6["Qt6"]\n    node_venv_lib_python3_12_site-packages_PyQt6_Qt6 --> node_venv_lib_python3_12_site-packages_PyQt6_Qt6_qml["qml"]\n    node_venv_lib_python3_12_site-packages_PyQt6_Qt6_qml --> node_venv_lib_python3_12_site-packages_PyQt6_Qt6_qml_QtQuick["QtQuick"]\n    node_venv_lib_python3_12_site-packages_PyQt6_Qt6_qml_QtQuick --> node_venv_lib_python3_12_site-packages_PyQt6_Qt6_qml_QtQuick_Controls["Controls"]\n    node_venv_lib_python3_12_site-packages_PyQt6_Qt6_qml_QtQuick_Controls --> node_venv_lib_python3_12_site-packages_PyQt6_Qt6_qml_QtQuick_Controls_FluentWinUI3["FluentWinUI3"]\n    node_venv_lib_python3_12_site-packages_PyQt6_Qt6_qml_QtQuick_Controls_FluentWinUI3 --> node_venv_lib_python3_12_site-packages_PyQt6_Qt6_qml_QtQuick_Controls_FluentWinUI3_light["light"]\n    node_venv_lib_python3_12_site-packages_PyQt6_Qt6_qml_QtQuick_Controls_FluentWinUI3_light --> node_venv_lib_python3_12_site-packages_PyQt6_Qt6_qml_QtQuick_Controls_FluentWinUI3_light_images["images"]\n    node_venv_lib_python3_12_site-packages_PyQt6_Qt6_qml_QtQuick_Controls_FluentWinUI3_light_images --> node_venv_lib_python3_12_site-packages_PyQt6_Qt6_qml_QtQuick_Controls_FluentWinUI3_light_images_progressbar-groove@2x_png["progressbar-groove@2x.png"]\n    Root --> node_venv["venv"]\n    node_venv --> node_venv_lib["lib"]\n    node_venv_lib --> node_venv_lib_python3_12["python3.12"]\n    node_venv_lib_python3_12 --> node_venv_lib_python3_12_site-packages["site-packages"]\n    node_venv_lib_python3_12_site-packages --> node_venv_lib_python3_12_site-packages_PyQt6["PyQt6"]\n    node_venv_lib_python3_12_site-packages_PyQt6 --> node_venv_lib_python3_12_site-packages_PyQt6_Qt6["Qt6"]\n    node_venv_lib_python3_12_site-packages_PyQt6_Qt6 --> node_venv_lib_python3_12_site-packages_PyQt6_Qt6_qml["qml"]\n    node_venv_lib_python3_12_site-packages_PyQt6_Qt6_qml --> node_venv_lib_python3_12_site-packages_PyQt6_Qt6_qml_QtQuick["QtQuick"]\n    node_venv_lib_python3_12_site-packages_PyQt6_Qt6_qml_QtQuick --> node_venv_lib_python3_12_site-packages_PyQt6_Qt6_qml_QtQuick_Controls["Controls"]\n    node_venv_lib_python3_12_site-packages_PyQt6_Qt6_qml_QtQuick_Controls --> node_venv_lib_python3_12_site-packages_PyQt6_Qt6_qml_QtQuick_Controls_FluentWinUI3["FluentWinUI3"]\n    node_venv_lib_python3_12_site-packages_PyQt6_Qt6_qml_QtQuick_Controls_FluentWinUI3 --> node_venv_lib_python3_12_site-packages_PyQt6_Qt6_qml_QtQuick_Controls_FluentWinUI3_light["light"]\n    node_venv_lib_python3_12_site-packages_PyQt6_Qt6_qml_QtQuick_Controls_FluentWinUI3_light --> node_venv_lib_python3_12_site-packages_PyQt6_Qt6_qml_QtQuick_Controls_FluentWinUI3_light_images["images"]\n    node_venv_lib_python3_12_site-packages_PyQt6_Qt6_qml_QtQuick_Controls_FluentWinUI3_light_images --> node_venv_lib_python3_12_site-packages_PyQt6_Qt6_qml_QtQuick_Controls_FluentWinUI3_light_images_progressbar-groove@3x_png["progressbar-groove@3x.png"]\n    Root --> node_venv["venv"]\n    node_venv --> node_venv_lib["lib"]\n    node_venv_lib --> node_venv_lib_python3_12["python3.12"]\n    node_venv_lib_python3_12 --> node_venv_lib_python3_12_site-packages["site-packages"]\n    node_venv_lib_python3_12_site-packages --> node_venv_lib_python3_12_site-packages_PyQt6["PyQt6"]\n    node_venv_lib_python3_12_site-packages_PyQt6 --> node_venv_lib_python3_12_site-packages_PyQt6_Qt6["Qt6"]\n    node_venv_lib_python3_12_site-packages_PyQt6_Qt6 --> node_venv_lib_python3_12_site-packages_PyQt6_Qt6_qml["qml"]\n    node_venv_lib_python3_12_site-packages_PyQt6_Qt6_qml --> node_venv_lib_python3_12_site-packages_PyQt6_Qt6_qml_QtQuick["QtQuick"]\n    node_venv_lib_python3_12_site-packages_PyQt6_Qt6_qml_QtQuick --> node_venv_lib_python3_12_site-packages_PyQt6_Qt6_qml_QtQuick_Controls["Controls"]\n    node_venv_lib_python3_12_site-packages_PyQt6_Qt6_qml_QtQuick_Controls --> node_venv_lib_python3_12_site-packages_PyQt6_Qt6_qml_QtQuick_Controls_FluentWinUI3["FluentWinUI3"]\n    node_venv_lib_python3_12_site-packages_PyQt6_Qt6_qml_QtQuick_Controls_FluentWinUI3 --> node_venv_lib_python3_12_site-packages_PyQt6_Qt6_qml_QtQuick_Controls_FluentWinUI3_light["light"]\n    node_venv_lib_python3_12_site-packages_PyQt6_Qt6_qml_QtQuick_Controls_FluentWinUI3_light --> node_venv_lib_python3_12_site-packages_PyQt6_Qt6_qml_QtQuick_Controls_FluentWinUI3_light_images["images"]\n    node_venv_lib_python3_12_site-packages_PyQt6_Qt6_qml_QtQuick_Controls_FluentWinUI3_light_images --> node_venv_lib_python3_12_site-packages_PyQt6_Qt6_qml_QtQuick_Controls_FluentWinUI3_light_images_radiobutton-indicator-checked-disabled_png["radiobutton-indicator-checked-disabled.png"]\n    Root --> node_venv["venv"]\n    node_venv --> node_venv_lib["lib"]\n    node_venv_lib --> node_venv_lib_python3_12["python3.12"]\n    node_venv_lib_python3_12 --> node_venv_lib_python3_12_site-packages["site-packages"]\n    node_venv_lib_python3_12_site-packages --> node_venv_lib_python3_12_site-packages_PyQt6["PyQt6"]\n    node_venv_lib_python3_12_site-packages_PyQt6 --> node_venv_lib_python3_12_site-packages_PyQt6_Qt6["Qt6"]\n    node_venv_lib_python3_12_site-packages_PyQt6_Qt6 --> node_venv_lib_python3_12_site-packages_PyQt6_Qt6_qml["qml"]\n    node_venv_lib_python3_12_site-packages_PyQt6_Qt6_qml --> node_venv_lib_python3_12_site-packages_PyQt6_Qt6_qml_QtQuick["QtQuick"]\n    node_venv_lib_python3_12_site-packages_PyQt6_Qt6_qml_QtQuick --> node_venv_lib_python3_12_site-packages_PyQt6_Qt6_qml_QtQuick_Controls["Controls"]\n    node_venv_lib_python3_12_site-packages_PyQt6_Qt6_qml_QtQuick_Controls --> node_venv_lib_python3_12_site-packages_PyQt6_Qt6_qml_QtQuick_Controls_FluentWinUI3["FluentWinUI3"]\n    node_venv_lib_python3_12_site-packages_PyQt6_Qt6_qml_QtQuick_Controls_FluentWinUI3 --> node_venv_lib_python3_12_site-packages_PyQt6_Qt6_qml_QtQuick_Controls_FluentWinUI3_light["light"]\n    node_venv_lib_python3_12_site-packages_PyQt6_Qt6_qml_QtQuick_Controls_FluentWinUI3_light --> node_venv_lib_python3_12_site-packages_PyQt6_Qt6_qml_QtQuick_Controls_FluentWinUI3_light_images["images"]\n    node_venv_lib_python3_12_site-packages_PyQt6_Qt6_qml_QtQuick_Controls_FluentWinUI3_light_images --> node_venv_lib_python3_12_site-packages_PyQt6_Qt6_qml_QtQuick_Controls_FluentWinUI3_light_images_radiobutton-indicator-checked-disabled@2x_png["radiobutton-indicator-checked-disabled@2x.png"]\n    Root --> node_venv["venv"]\n    node_venv --> node_venv_lib["lib"]\n    node_venv_lib --> node_venv_lib_python3_12["python3.12"]\n    node_venv_lib_python3_12 --> node_venv_lib_python3_12_site-packages["site-packages"]\n    node_venv_lib_python3_12_site-packages --> node_venv_lib_python3_12_site-packages_PyQt6["PyQt6"]\n    node_venv_lib_python3_12_site-packages_PyQt6 --> node_venv_lib_python3_12_site-packages_PyQt6_Qt6["Qt6"]\n    node_venv_lib_python3_12_site-packages_PyQt6_Qt6 --> node_venv_lib_python3_12_site-packages_PyQt6_Qt6_qml["qml"]\n    node_venv_lib_python3_12_site-packages_PyQt6_Qt6_qml --> node_venv_lib_python3_12_site-packages_PyQt6_Qt6_qml_QtQuick["QtQuick"]\n    node_venv_lib_python3_12_site-packages_PyQt6_Qt6_qml_QtQuick --> node_venv_lib_python3_12_site-packages_PyQt6_Qt6_qml_QtQuick_Controls["Controls"]\n    node_venv_lib_python3_12_site-packages_PyQt6_Qt6_qml_QtQuick_Controls --> node_venv_lib_python3_12_site-packages_PyQt6_Qt6_qml_QtQuick_Controls_FluentWinUI3["FluentWinUI3"]\n    node_venv_lib_python3_12_site-packages_PyQt6_Qt6_qml_QtQuick_Controls_FluentWinUI3 --> node_venv_lib_python3_12_site-packages_PyQt6_Qt6_qml_QtQuick_Controls_FluentWinUI3_light["light"]\n    node_venv_lib_python3_12_site-packages_PyQt6_Qt6_qml_QtQuick_Controls_FluentWinUI3_light --> node_venv_lib_python3_12_site-packages_PyQt6_Qt6_qml_QtQuick_Controls_FluentWinUI3_light_images["images"]\n    node_venv_lib_python3_12_site-packages_PyQt6_Qt6_qml_QtQuick_Controls_FluentWinUI3_light_images --> node_venv_lib_python3_12_site-packages_PyQt6_Qt6_qml_QtQuick_Controls_FluentWinUI3_light_images_radiobutton-indicator-checked-disabled@3x_png["radiobutton-indicator-checked-disabled@3x.png"]\n    Root --> node_venv["venv"]\n    node_venv --> node_venv_lib["lib"]\n    node_venv_lib --> node_venv_lib_python3_12["python3.12"]\n    node_venv_lib_python3_12 --> node_venv_lib_python3_12_site-packages["site-packages"]\n    node_venv_lib_python3_12_site-packages --> node_venv_lib_python3_12_site-packages_PyQt6["PyQt6"]\n    node_venv_lib_python3_12_site-packages_PyQt6 --> node_venv_lib_python3_12_site-packages_PyQt6_Qt6["Qt6"]\n    node_venv_lib_python3_12_site-packages_PyQt6_Qt6 --> node_venv_lib_python3_12_site-packages_PyQt6_Qt6_qml["qml"]\n    node_venv_lib_python3_12_site-packages_PyQt6_Qt6_qml --> node_venv_lib_python3_12_site-packages_PyQt6_Qt6_qml_QtQuick["QtQuick"]\n    node_venv_lib_python3_12_site-packages_PyQt6_Qt6_qml_QtQuick --> node_venv_lib_python3_12_site-packages_PyQt6_Qt6_qml_QtQuick_Controls["Controls"]\n    node_venv_lib_python3_12_site-packages_PyQt6_Qt6_qml_QtQuick_Controls --> node_venv_lib_python3_12_site-packages_PyQt6_Qt6_qml_QtQuick_Controls_FluentWinUI3["FluentWinUI3"]\n    node_venv_lib_python3_12_site-packages_PyQt6_Qt6_qml_QtQuick_Controls_FluentWinUI3 --> node_venv_lib_python3_12_site-packages_PyQt6_Qt6_qml_QtQuick_Controls_FluentWinUI3_light["light"]\n    node_venv_lib_python3_12_site-packages_PyQt6_Qt6_qml_QtQuick_Controls_FluentWinUI3_light --> node_venv_lib_python3_12_site-packages_PyQt6_Qt6_qml_QtQuick_Controls_FluentWinUI3_light_images["images"]\n    node_venv_lib_python3_12_site-packages_PyQt6_Qt6_qml_QtQuick_Controls_FluentWinUI3_light_images --> node_venv_lib_python3_12_site-packages_PyQt6_Qt6_qml_QtQuick_Controls_FluentWinUI3_light_images_radiobutton-indicator-checked-hovered_png["radiobutton-indicator-checked-hovered.png"]\n    Root --> node_venv["venv"]\n    node_venv --> node_venv_lib["lib"]\n    node_venv_lib --> node_venv_lib_python3_12["python3.12"]\n    node_venv_lib_python3_12 --> node_venv_lib_python3_12_site-packages["site-packages"]\n    node_venv_lib_python3_12_site-packages --> node_venv_lib_python3_12_site-packages_PyQt6["PyQt6"]\n    node_venv_lib_python3_12_site-packages_PyQt6 --> node_venv_lib_python3_12_site-packages_PyQt6_Qt6["Qt6"]\n    node_venv_lib_python3_12_site-packages_PyQt6_Qt6 --> node_venv_lib_python3_12_site-packages_PyQt6_Qt6_qml["qml"]\n    node_venv_lib_python3_12_site-packages_PyQt6_Qt6_qml --> node_venv_lib_python3_12_site-packages_PyQt6_Qt6_qml_QtQuick["QtQuick"]\n    node_venv_lib_python3_12_site-packages_PyQt6_Qt6_qml_QtQuick --> node_venv_lib_python3_12_site-packages_PyQt6_Qt6_qml_QtQuick_Controls["Controls"]\n    node_venv_lib_python3_12_site-packages_PyQt6_Qt6_qml_QtQuick_Controls --> node_venv_lib_python3_12_site-packages_PyQt6_Qt6_qml_QtQuick_Controls_FluentWinUI3["FluentWinUI3"]\n    node_venv_lib_python3_12_site-packages_PyQt6_Qt6_qml_QtQuick_Controls_FluentWinUI3 --> node_venv_lib_python3_12_site-packages_PyQt6_Qt6_qml_QtQuick_Controls_FluentWinUI3_light["light"]\n    node_venv_lib_python3_12_site-packages_PyQt6_Qt6_qml_QtQuick_Controls_FluentWinUI3_light --> node_venv_lib_python3_12_site-packages_PyQt6_Qt6_qml_QtQuick_Controls_FluentWinUI3_light_images["images"]\n    node_venv_lib_python3_12_site-packages_PyQt6_Qt6_qml_QtQuick_Controls_FluentWinUI3_light_images --> node_venv_lib_python3_12_site-packages_PyQt6_Qt6_qml_QtQuick_Controls_FluentWinUI3_light_images_radiobutton-indicator-checked-hovered@2x_png["radiobutton-indicator-checked-hovered@2x.png"]\n    Root --> node_venv["venv"]\n    node_venv --> node_venv_lib["lib"]\n    node_venv_lib --> node_venv_lib_python3_12["python3.12"]\n    node_venv_lib_python3_12 --> node_venv_lib_python3_12_site-packages["site-packages"]\n    node_venv_lib_python3_12_site-packages --> node_venv_lib_python3_12_site-packages_PyQt6["PyQt6"]\n    node_venv_lib_python3_12_site-packages_PyQt6 --> node_venv_lib_python3_12_site-packages_PyQt6_Qt6["Qt6"]\n    node_venv_lib_python3_12_site-packages_PyQt6_Qt6 --> node_venv_lib_python3_12_site-packages_PyQt6_Qt6_qml["qml"]\n    node_venv_lib_python3_12_site-packages_PyQt6_Qt6_qml --> node_venv_lib_python3_12_site-packages_PyQt6_Qt6_qml_QtQuick["QtQuick"]\n    node_venv_lib_python3_12_site-packages_PyQt6_Qt6_qml_QtQuick --> node_venv_lib_python3_12_site-packages_PyQt6_Qt6_qml_QtQuick_Controls["Controls"]\n    node_venv_lib_python3_12_site-packages_PyQt6_Qt6_qml_QtQuick_Controls --> node_venv_lib_python3_12_site-packages_PyQt6_Qt6_qml_QtQuick_Controls_FluentWinUI3["FluentWinUI3"]\n    node_venv_lib_python3_12_site-packages_PyQt6_Qt6_qml_QtQuick_Controls_FluentWinUI3 --> node_venv_lib_python3_12_site-packages_PyQt6_Qt6_qml_QtQuick_Controls_FluentWinUI3_light["light"]\n    node_venv_lib_python3_12_site-packages_PyQt6_Qt6_qml_QtQuick_Controls_FluentWinUI3_light --> node_venv_lib_python3_12_site-packages_PyQt6_Qt6_qml_QtQuick_Controls_FluentWinUI3_light_images["images"]\n    node_venv_lib_python3_12_site-packages_PyQt6_Qt6_qml_QtQuick_Controls_FluentWinUI3_light_images --> node_venv_lib_python3_12_site-packages_PyQt6_Qt6_qml_QtQuick_Controls_FluentWinUI3_light_images_radiobutton-indicator-checked-hovered@3x_png["radiobutton-indicator-checked-hovered@3x.png"]\n    Root --> node_venv["venv"]\n    node_venv --> node_venv_lib["lib"]\n    node_venv_lib --> node_venv_lib_python3_12["python3.12"]\n    node_venv_lib_python3_12 --> node_venv_lib_python3_12_site-packages["site-packages"]\n    node_venv_lib_python3_12_site-packages --> node_venv_lib_python3_12_site-packages_PyQt6["PyQt6"]\n    node_venv_lib_python3_12_site-packages_PyQt6 --> node_venv_lib_python3_12_site-packages_PyQt6_Qt6["Qt6"]\n    node_venv_lib_python3_12_site-packages_PyQt6_Qt6 --> node_venv_lib_python3_12_site-packages_PyQt6_Qt6_qml["qml"]\n    node_venv_lib_python3_12_site-packages_PyQt6_Qt6_qml --> node_venv_lib_python3_12_site-packages_PyQt6_Qt6_qml_QtQuick["QtQuick"]\n    node_venv_lib_python3_12_site-packages_PyQt6_Qt6_qml_QtQuick --> node_venv_lib_python3_12_site-packages_PyQt6_Qt6_qml_QtQuick_Controls["Controls"]\n    node_venv_lib_python3_12_site-packages_PyQt6_Qt6_qml_QtQuick_Controls --> node_venv_lib_python3_12_site-packages_PyQt6_Qt6_qml_QtQuick_Controls_FluentWinUI3["FluentWinUI3"]\n    node_venv_lib_python3_12_site-packages_PyQt6_Qt6_qml_QtQuick_Controls_FluentWinUI3 --> node_venv_lib_python3_12_site-packages_PyQt6_Qt6_qml_QtQuick_Controls_FluentWinUI3_light["light"]\n    node_venv_lib_python3_12_site-packages_PyQt6_Qt6_qml_QtQuick_Controls_FluentWinUI3_light --> node_venv_lib_python3_12_site-packages_PyQt6_Qt6_qml_QtQuick_Controls_FluentWinUI3_light_images["images"]\n    node_venv_lib_python3_12_site-packages_PyQt6_Qt6_qml_QtQuick_Controls_FluentWinUI3_light_images --> node_venv_lib_python3_12_site-packages_PyQt6_Qt6_qml_QtQuick_Controls_FluentWinUI3_light_images_radiobutton-indicator-checked-pressed_png["radiobutton-indicator-checked-pressed.png"]\n    Root --> node_venv["venv"]\n    node_venv --> node_venv_lib["lib"]\n    node_venv_lib --> node_venv_lib_python3_12["python3.12"]\n    node_venv_lib_python3_12 --> node_venv_lib_python3_12_site-packages["site-packages"]\n    node_venv_lib_python3_12_site-packages --> node_venv_lib_python3_12_site-packages_PyQt6["PyQt6"]\n    node_venv_lib_python3_12_site-packages_PyQt6 --> node_venv_lib_python3_12_site-packages_PyQt6_Qt6["Qt6"]\n    node_venv_lib_python3_12_site-packages_PyQt6_Qt6 --> node_venv_lib_python3_12_site-packages_PyQt6_Qt6_qml["qml"]\n    node_venv_lib_python3_12_site-packages_PyQt6_Qt6_qml --> node_venv_lib_python3_12_site-packages_PyQt6_Qt6_qml_QtQuick["QtQuick"]\n    node_venv_lib_python3_12_site-packages_PyQt6_Qt6_qml_QtQuick --> node_venv_lib_python3_12_site-packages_PyQt6_Qt6_qml_QtQuick_Controls["Controls"]\n    node_venv_lib_python3_12_site-packages_PyQt6_Qt6_qml_QtQuick_Controls --> node_venv_lib_python3_12_site-packages_PyQt6_Qt6_qml_QtQuick_Controls_FluentWinUI3["FluentWinUI3"]\n    node_venv_lib_python3_12_site-packages_PyQt6_Qt6_qml_QtQuick_Controls_FluentWinUI3 --> node_venv_lib_python3_12_site-packages_PyQt6_Qt6_qml_QtQuick_Controls_FluentWinUI3_light["light"]\n    node_venv_lib_python3_12_site-packages_PyQt6_Qt6_qml_QtQuick_Controls_FluentWinUI3_light --> node_venv_lib_python3_12_site-packages_PyQt6_Qt6_qml_QtQuick_Controls_FluentWinUI3_light_images["images"]\n    node_venv_lib_python3_12_site-packages_PyQt6_Qt6_qml_QtQuick_Controls_FluentWinUI3_light_images --> node_venv_lib_python3_12_site-packages_PyQt6_Qt6_qml_QtQuick_Controls_FluentWinUI3_light_images_radiobutton-indicator-checked-pressed@2x_png["radiobutton-indicator-checked-pressed@2x.png"]\n    Root --> node_venv["venv"]\n    node_venv --> node_venv_lib["lib"]\n    node_venv_lib --> node_venv_lib_python3_12["python3.12"]\n    node_venv_lib_python3_12 --> node_venv_lib_python3_12_site-packages["site-packages"]\n    node_venv_lib_python3_12_site-packages --> node_venv_lib_python3_12_site-packages_PyQt6["PyQt6"]\n    node_venv_lib_python3_12_site-packages_PyQt6 --> node_venv_lib_python3_12_site-packages_PyQt6_Qt6["Qt6"]\n    node_venv_lib_python3_12_site-packages_PyQt6_Qt6 --> node_venv_lib_python3_12_site-packages_PyQt6_Qt6_qml["qml"]\n    node_venv_lib_python3_12_site-packages_PyQt6_Qt6_qml --> node_venv_lib_python3_12_site-packages_PyQt6_Qt6_qml_QtQuick["QtQuick"]\n    node_venv_lib_python3_12_site-packages_PyQt6_Qt6_qml_QtQuick --> node_venv_lib_python3_12_site-packages_PyQt6_Qt6_qml_QtQuick_Controls["Controls"]\n    node_venv_lib_python3_12_site-packages_PyQt6_Qt6_qml_QtQuick_Controls --> node_venv_lib_python3_12_site-packages_PyQt6_Qt6_qml_QtQuick_Controls_FluentWinUI3["FluentWinUI3"]\n    node_venv_lib_python3_12_site-packages_PyQt6_Qt6_qml_QtQuick_Controls_FluentWinUI3 --> node_venv_lib_python3_12_site-packages_PyQt6_Qt6_qml_QtQuick_Controls_FluentWinUI3_light["light"]\n    node_venv_lib_python3_12_site-packages_PyQt6_Qt6_qml_QtQuick_Controls_FluentWinUI3_light --> node_venv_lib_python3_12_site-packages_PyQt6_Qt6_qml_QtQuick_Controls_FluentWinUI3_light_images["images"]\n    node_venv_lib_python3_12_site-packages_PyQt6_Qt6_qml_QtQuick_Controls_FluentWinUI3_light_images --> node_venv_lib_python3_12_site-packages_PyQt6_Qt6_qml_QtQuick_Controls_FluentWinUI3_light_images_radiobutton-indicator-checked-pressed@3x_png["radiobutton-indicator-checked-pressed@3x.png"]\n    Root --> node_venv["venv"]\n    node_venv --> node_venv_lib["lib"]\n    node_venv_lib --> node_venv_lib_python3_12["python3.12"]\n    node_venv_lib_python3_12 --> node_venv_lib_python3_12_site-packages["site-packages"]\n    node_venv_lib_python3_12_site-packages --> node_venv_lib_python3_12_site-packages_PyQt6["PyQt6"]\n    node_venv_lib_python3_12_site-packages_PyQt6 --> node_venv_lib_python3_12_site-packages_PyQt6_Qt6["Qt6"]\n    node_venv_lib_python3_12_site-packages_PyQt6_Qt6 --> node_venv_lib_python3_12_site-packages_PyQt6_Qt6_qml["qml"]\n    node_venv_lib_python3_12_site-packages_PyQt6_Qt6_qml --> node_venv_lib_python3_12_site-packages_PyQt6_Qt6_qml_QtQuick["QtQuick"]\n    node_venv_lib_python3_12_site-packages_PyQt6_Qt6_qml_QtQuick --> node_venv_lib_python3_12_site-packages_PyQt6_Qt6_qml_QtQuick_Controls["Controls"]\n    node_venv_lib_python3_12_site-packages_PyQt6_Qt6_qml_QtQuick_Controls --> node_venv_lib_python3_12_site-packages_PyQt6_Qt6_qml_QtQuick_Controls_FluentWinUI3["FluentWinUI3"]\n    node_venv_lib_python3_12_site-packages_PyQt6_Qt6_qml_QtQuick_Controls_FluentWinUI3 --> node_venv_lib_python3_12_site-packages_PyQt6_Qt6_qml_QtQuick_Controls_FluentWinUI3_light["light"]\n    node_venv_lib_python3_12_site-packages_PyQt6_Qt6_qml_QtQuick_Controls_FluentWinUI3_light --> node_venv_lib_python3_12_site-packages_PyQt6_Qt6_qml_QtQuick_Controls_FluentWinUI3_light_images["images"]\n    node_venv_lib_python3_12_site-packages_PyQt6_Qt6_qml_QtQuick_Controls_FluentWinUI3_light_images --> node_venv_lib_python3_12_site-packages_PyQt6_Qt6_qml_QtQuick_Controls_FluentWinUI3_light_images_radiobutton-indicator-checked_png["radiobutton-indicator-checked.png"]\n    Root --> node_venv["venv"]\n    node_venv --> node_venv_lib["lib"]\n    node_venv_lib --> node_venv_lib_python3_12["python3.12"]\n    node_venv_lib_python3_12 --> node_venv_lib_python3_12_site-packages["site-packages"]\n    node_venv_lib_python3_12_site-packages --> node_venv_lib_python3_12_site-packages_PyQt6["PyQt6"]\n    node_venv_lib_python3_12_site-packages_PyQt6 --> node_venv_lib_python3_12_site-packages_PyQt6_Qt6["Qt6"]\n    node_venv_lib_python3_12_site-packages_PyQt6_Qt6 --> node_venv_lib_python3_12_site-packages_PyQt6_Qt6_qml["qml"]\n    node_venv_lib_python3_12_site-packages_PyQt6_Qt6_qml --> node_venv_lib_python3_12_site-packages_PyQt6_Qt6_qml_QtQuick["QtQuick"]\n    node_venv_lib_python3_12_site-packages_PyQt6_Qt6_qml_QtQuick --> node_venv_lib_python3_12_site-packages_PyQt6_Qt6_qml_QtQuick_Controls["Controls"]\n    node_venv_lib_python3_12_site-packages_PyQt6_Qt6_qml_QtQuick_Controls --> node_venv_lib_python3_12_site-packages_PyQt6_Qt6_qml_QtQuick_Controls_FluentWinUI3["FluentWinUI3"]\n    node_venv_lib_python3_12_site-packages_PyQt6_Qt6_qml_QtQuick_Controls_FluentWinUI3 --> node_venv_lib_python3_12_site-packages_PyQt6_Qt6_qml_QtQuick_Controls_FluentWinUI3_light["light"]\n    node_venv_lib_python3_12_site-packages_PyQt6_Qt6_qml_QtQuick_Controls_FluentWinUI3_light --> node_venv_lib_python3_12_site-packages_PyQt6_Qt6_qml_QtQuick_Controls_FluentWinUI3_light_images["images"]\n    node_venv_lib_python3_12_site-packages_PyQt6_Qt6_qml_QtQuick_Controls_FluentWinUI3_light_images --> node_venv_lib_python3_12_site-packages_PyQt6_Qt6_qml_QtQuick_Controls_FluentWinUI3_light_images_radiobutton-indicator-checked@2x_png["radiobutton-indicator-checked@2x.png"]\n    Root --> node_venv["venv"]\n    node_venv --> node_venv_lib["lib"]\n    node_venv_lib --> node_venv_lib_python3_12["python3.12"]\n    node_venv_lib_python3_12 --> node_venv_lib_python3_12_site-packages["site-packages"]\n    node_venv_lib_python3_12_site-packages --> node_venv_lib_python3_12_site-packages_PyQt6["PyQt6"]\n    node_venv_lib_python3_12_site-packages_PyQt6 --> node_venv_lib_python3_12_site-packages_PyQt6_Qt6["Qt6"]\n    node_venv_lib_python3_12_site-packages_PyQt6_Qt6 --> node_venv_lib_python3_12_site-packages_PyQt6_Qt6_qml["qml"]\n    node_venv_lib_python3_12_site-packages_PyQt6_Qt6_qml --> node_venv_lib_python3_12_site-packages_PyQt6_Qt6_qml_QtQuick["QtQuick"]\n    node_venv_lib_python3_12_site-packages_PyQt6_Qt6_qml_QtQuick --> node_venv_lib_python3_12_site-packages_PyQt6_Qt6_qml_QtQuick_Controls["Controls"]\n    node_venv_lib_python3_12_site-packages_PyQt6_Qt6_qml_QtQuick_Controls --> node_venv_lib_python3_12_site-packages_PyQt6_Qt6_qml_QtQuick_Controls_FluentWinUI3["FluentWinUI3"]\n    node_venv_lib_python3_12_site-packages_PyQt6_Qt6_qml_QtQuick_Controls_FluentWinUI3 --> node_venv_lib_python3_12_site-packages_PyQt6_Qt6_qml_QtQuick_Controls_FluentWinUI3_light["light"]\n    node_venv_lib_python3_12_site-packages_PyQt6_Qt6_qml_QtQuick_Controls_FluentWinUI3_light --> node_venv_lib_python3_12_site-packages_PyQt6_Qt6_qml_QtQuick_Controls_FluentWinUI3_light_images["images"]\n    node_venv_lib_python3_12_site-packages_PyQt6_Qt6_qml_QtQuick_Controls_FluentWinUI3_light_images --> node_venv_lib_python3_12_site-packages_PyQt6_Qt6_qml_QtQuick_Controls_FluentWinUI3_light_images_radiobutton-indicator-checked@3x_png["radiobutton-indicator-checked@3x.png"]\n    Root --> node_venv["venv"]\n    node_venv --> node_venv_lib["lib"]\n    node_venv_lib --> node_venv_lib_python3_12["python3.12"]\n    node_venv_lib_python3_12 --> node_venv_lib_python3_12_site-packages["site-packages"]\n    node_venv_lib_python3_12_site-packages --> node_venv_lib_python3_12_site-packages_PyQt6["PyQt6"]\n    node_venv_lib_python3_12_site-packages_PyQt6 --> node_venv_lib_python3_12_site-packages_PyQt6_Qt6["Qt6"]\n    node_venv_lib_python3_12_site-packages_PyQt6_Qt6 --> node_venv_lib_python3_12_site-packages_PyQt6_Qt6_qml["qml"]\n    node_venv_lib_python3_12_site-packages_PyQt6_Qt6_qml --> node_venv_lib_python3_12_site-packages_PyQt6_Qt6_qml_QtQuick["QtQuick"]\n    node_venv_lib_python3_12_site-packages_PyQt6_Qt6_qml_QtQuick --> node_venv_lib_python3_12_site-packages_PyQt6_Qt6_qml_QtQuick_Controls["Controls"]\n    node_venv_lib_python3_12_site-packages_PyQt6_Qt6_qml_QtQuick_Controls --> node_venv_lib_python3_12_site-packages_PyQt6_Qt6_qml_QtQuick_Controls_FluentWinUI3["FluentWinUI3"]\n    node_venv_lib_python3_12_site-packages_PyQt6_Qt6_qml_QtQuick_Controls_FluentWinUI3 --> node_venv_lib_python3_12_site-packages_PyQt6_Qt6_qml_QtQuick_Controls_FluentWinUI3_light["light"]\n    node_venv_lib_python3_12_site-packages_PyQt6_Qt6_qml_QtQuick_Controls_FluentWinUI3_light --> node_venv_lib_python3_12_site-packages_PyQt6_Qt6_qml_QtQuick_Controls_FluentWinUI3_light_images["images"]\n    node_venv_lib_python3_12_site-packages_PyQt6_Qt6_qml_QtQuick_Controls_FluentWinUI3_light_images --> node_venv_lib_python3_12_site-packages_PyQt6_Qt6_qml_QtQuick_Controls_FluentWinUI3_light_images_radiobutton-indicator-disabled_png["radiobutton-indicator-disabled.png"]\n    Root --> node_venv["venv"]\n    node_venv --> node_venv_lib["lib"]\n    node_venv_lib --> node_venv_lib_python3_12["python3.12"]\n    node_venv_lib_python3_12 --> node_venv_lib_python3_12_site-packages["site-packages"]\n    node_venv_lib_python3_12_site-packages --> node_venv_lib_python3_12_site-packages_PyQt6["PyQt6"]\n    node_venv_lib_python3_12_site-packages_PyQt6 --> node_venv_lib_python3_12_site-packages_PyQt6_Qt6["Qt6"]\n    node_venv_lib_python3_12_site-packages_PyQt6_Qt6 --> node_venv_lib_python3_12_site-packages_PyQt6_Qt6_qml["qml"]\n    node_venv_lib_python3_12_site-packages_PyQt6_Qt6_qml --> node_venv_lib_python3_12_site-packages_PyQt6_Qt6_qml_QtQuick["QtQuick"]\n    node_venv_lib_python3_12_site-packages_PyQt6_Qt6_qml_QtQuick --> node_venv_lib_python3_12_site-packages_PyQt6_Qt6_qml_QtQuick_Controls["Controls"]\n    node_venv_lib_python3_12_site-packages_PyQt6_Qt6_qml_QtQuick_Controls --> node_venv_lib_python3_12_site-packages_PyQt6_Qt6_qml_QtQuick_Controls_FluentWinUI3["FluentWinUI3"]\n    node_venv_lib_python3_12_site-packages_PyQt6_Qt6_qml_QtQuick_Controls_FluentWinUI3 --> node_venv_lib_python3_12_site-packages_PyQt6_Qt6_qml_QtQuick_Controls_FluentWinUI3_light["light"]\n    node_venv_lib_python3_12_site-packages_PyQt6_Qt6_qml_QtQuick_Controls_FluentWinUI3_light --> node_venv_lib_python3_12_site-packages_PyQt6_Qt6_qml_QtQuick_Controls_FluentWinUI3_light_images["images"]\n    node_venv_lib_python3_12_site-packages_PyQt6_Qt6_qml_QtQuick_Controls_FluentWinUI3_light_images --> node_venv_lib_python3_12_site-packages_PyQt6_Qt6_qml_QtQuick_Controls_FluentWinUI3_light_images_radiobutton-indicator-disabled@2x_png["radiobutton-indicator-disabled@2x.png"]\n    Root --> node_venv["venv"]\n    node_venv --> node_venv_lib["lib"]\n    node_venv_lib --> node_venv_lib_python3_12["python3.12"]\n    node_venv_lib_python3_12 --> node_venv_lib_python3_12_site-packages["site-packages"]\n    node_venv_lib_python3_12_site-packages --> node_venv_lib_python3_12_site-packages_PyQt6["PyQt6"]\n    node_venv_lib_python3_12_site-packages_PyQt6 --> node_venv_lib_python3_12_site-packages_PyQt6_Qt6["Qt6"]\n    node_venv_lib_python3_12_site-packages_PyQt6_Qt6 --> node_venv_lib_python3_12_site-packages_PyQt6_Qt6_qml["qml"]\n    node_venv_lib_python3_12_site-packages_PyQt6_Qt6_qml --> node_venv_lib_python3_12_site-packages_PyQt6_Qt6_qml_QtQuick["QtQuick"]\n    node_venv_lib_python3_12_site-packages_PyQt6_Qt6_qml_QtQuick --> node_venv_lib_python3_12_site-packages_PyQt6_Qt6_qml_QtQuick_Controls["Controls"]\n    node_venv_lib_python3_12_site-packages_PyQt6_Qt6_qml_QtQuick_Controls --> node_venv_lib_python3_12_site-packages_PyQt6_Qt6_qml_QtQuick_Controls_FluentWinUI3["FluentWinUI3"]\n    node_venv_lib_python3_12_site-packages_PyQt6_Qt6_qml_QtQuick_Controls_FluentWinUI3 --> node_venv_lib_python3_12_site-packages_PyQt6_Qt6_qml_QtQuick_Controls_FluentWinUI3_light["light"]\n    node_venv_lib_python3_12_site-packages_PyQt6_Qt6_qml_QtQuick_Controls_FluentWinUI3_light --> node_venv_lib_python3_12_site-packages_PyQt6_Qt6_qml_QtQuick_Controls_FluentWinUI3_light_images["images"]\n    node_venv_lib_python3_12_site-packages_PyQt6_Qt6_qml_QtQuick_Controls_FluentWinUI3_light_images --> node_venv_lib_python3_12_site-packages_PyQt6_Qt6_qml_QtQuick_Controls_FluentWinUI3_light_images_radiobutton-indicator-disabled@3x_png["radiobutton-indicator-disabled@3x.png"]\n    Root --> node_venv["venv"]\n    node_venv --> node_venv_lib["lib"]\n    node_venv_lib --> node_venv_lib_python3_12["python3.12"]\n    node_venv_lib_python3_12 --> node_venv_lib_python3_12_site-packages["site-packages"]\n    node_venv_lib_python3_12_site-packages --> node_venv_lib_python3_12_site-packages_PyQt6["PyQt6"]\n    node_venv_lib_python3_12_site-packages_PyQt6 --> node_venv_lib_python3_12_site-packages_PyQt6_Qt6["Qt6"]\n    node_venv_lib_python3_12_site-packages_PyQt6_Qt6 --> node_venv_lib_python3_12_site-packages_PyQt6_Qt6_qml["qml"]\n    node_venv_lib_python3_12_site-packages_PyQt6_Qt6_qml --> node_venv_lib_python3_12_site-packages_PyQt6_Qt6_qml_QtQuick["QtQuick"]\n    node_venv_lib_python3_12_site-packages_PyQt6_Qt6_qml_QtQuick --> node_venv_lib_python3_12_site-packages_PyQt6_Qt6_qml_QtQuick_Controls["Controls"]\n    node_venv_lib_python3_12_site-packages_PyQt6_Qt6_qml_QtQuick_Controls --> node_venv_lib_python3_12_site-packages_PyQt6_Qt6_qml_QtQuick_Controls_FluentWinUI3["FluentWinUI3"]\n    node_venv_lib_python3_12_site-packages_PyQt6_Qt6_qml_QtQuick_Controls_FluentWinUI3 --> node_venv_lib_python3_12_site-packages_PyQt6_Qt6_qml_QtQuick_Controls_FluentWinUI3_light["light"]\n    node_venv_lib_python3_12_site-packages_PyQt6_Qt6_qml_QtQuick_Controls_FluentWinUI3_light --> node_venv_lib_python3_12_site-packages_PyQt6_Qt6_qml_QtQuick_Controls_FluentWinUI3_light_images["images"]\n    node_venv_lib_python3_12_site-packages_PyQt6_Qt6_qml_QtQuick_Controls_FluentWinUI3_light_images --> node_venv_lib_python3_12_site-packages_PyQt6_Qt6_qml_QtQuick_Controls_FluentWinUI3_light_images_radiobutton-indicator-hovered_png["radiobutton-indicator-hovered.png"]\n    Root --> node_venv["venv"]\n    node_venv --> node_venv_lib["lib"]\n    node_venv_lib --> node_venv_lib_python3_12["python3.12"]\n    node_venv_lib_python3_12 --> node_venv_lib_python3_12_site-packages["site-packages"]\n    node_venv_lib_python3_12_site-packages --> node_venv_lib_python3_12_site-packages_PyQt6["PyQt6"]\n    node_venv_lib_python3_12_site-packages_PyQt6 --> node_venv_lib_python3_12_site-packages_PyQt6_Qt6["Qt6"]\n    node_venv_lib_python3_12_site-packages_PyQt6_Qt6 --> node_venv_lib_python3_12_site-packages_PyQt6_Qt6_qml["qml"]\n    node_venv_lib_python3_12_site-packages_PyQt6_Qt6_qml --> node_venv_lib_python3_12_site-packages_PyQt6_Qt6_qml_QtQuick["QtQuick"]\n    node_venv_lib_python3_12_site-packages_PyQt6_Qt6_qml_QtQuick --> node_venv_lib_python3_12_site-packages_PyQt6_Qt6_qml_QtQuick_Controls["Controls"]\n    node_venv_lib_python3_12_site-packages_PyQt6_Qt6_qml_QtQuick_Controls --> node_venv_lib_python3_12_site-packages_PyQt6_Qt6_qml_QtQuick_Controls_FluentWinUI3["FluentWinUI3"]\n    node_venv_lib_python3_12_site-packages_PyQt6_Qt6_qml_QtQuick_Controls_FluentWinUI3 --> node_venv_lib_python3_12_site-packages_PyQt6_Qt6_qml_QtQuick_Controls_FluentWinUI3_light["light"]\n    node_venv_lib_python3_12_site-packages_PyQt6_Qt6_qml_QtQuick_Controls_FluentWinUI3_light --> node_venv_lib_python3_12_site-packages_PyQt6_Qt6_qml_QtQuick_Controls_FluentWinUI3_light_images["images"]\n    node_venv_lib_python3_12_site-packages_PyQt6_Qt6_qml_QtQuick_Controls_FluentWinUI3_light_images --> node_venv_lib_python3_12_site-packages_PyQt6_Qt6_qml_QtQuick_Controls_FluentWinUI3_light_images_radiobutton-indicator-hovered@2x_png["radiobutton-indicator-hovered@2x.png"]\n    Root --> node_venv["venv"]\n    node_venv --> node_venv_lib["lib"]\n    node_venv_lib --> node_venv_lib_python3_12["python3.12"]\n    node_venv_lib_python3_12 --> node_venv_lib_python3_12_site-packages["site-packages"]\n    node_venv_lib_python3_12_site-packages --> node_venv_lib_python3_12_site-packages_PyQt6["PyQt6"]\n    node_venv_lib_python3_12_site-packages_PyQt6 --> node_venv_lib_python3_12_site-packages_PyQt6_Qt6["Qt6"]\n    node_venv_lib_python3_12_site-packages_PyQt6_Qt6 --> node_venv_lib_python3_12_site-packages_PyQt6_Qt6_qml["qml"]\n    node_venv_lib_python3_12_site-packages_PyQt6_Qt6_qml --> node_venv_lib_python3_12_site-packages_PyQt6_Qt6_qml_QtQuick["QtQuick"]\n    node_venv_lib_python3_12_site-packages_PyQt6_Qt6_qml_QtQuick --> node_venv_lib_python3_12_site-packages_PyQt6_Qt6_qml_QtQuick_Controls["Controls"]\n    node_venv_lib_python3_12_site-packages_PyQt6_Qt6_qml_QtQuick_Controls --> node_venv_lib_python3_12_site-packages_PyQt6_Qt6_qml_QtQuick_Controls_FluentWinUI3["FluentWinUI3"]\n    node_venv_lib_python3_12_site-packages_PyQt6_Qt6_qml_QtQuick_Controls_FluentWinUI3 --> node_venv_lib_python3_12_site-packages_PyQt6_Qt6_qml_QtQuick_Controls_FluentWinUI3_light["light"]\n    node_venv_lib_python3_12_site-packages_PyQt6_Qt6_qml_QtQuick_Controls_FluentWinUI3_light --> node_venv_lib_python3_12_site-packages_PyQt6_Qt6_qml_QtQuick_Controls_FluentWinUI3_light_images["images"]\n    node_venv_lib_python3_12_site-packages_PyQt6_Qt6_qml_QtQuick_Controls_FluentWinUI3_light_images --> node_venv_lib_python3_12_site-packages_PyQt6_Qt6_qml_QtQuick_Controls_FluentWinUI3_light_images_radiobutton-indicator-hovered@3x_png["radiobutton-indicator-hovered@3x.png"]\n    Root --> node_venv["venv"]\n    node_venv --> node_venv_lib["lib"]\n    node_venv_lib --> node_venv_lib_python3_12["python3.12"]\n    node_venv_lib_python3_12 --> node_venv_lib_python3_12_site-packages["site-packages"]\n    node_venv_lib_python3_12_site-packages --> node_venv_lib_python3_12_site-packages_PyQt6["PyQt6"]\n    node_venv_lib_python3_12_site-packages_PyQt6 --> node_venv_lib_python3_12_site-packages_PyQt6_Qt6["Qt6"]\n    node_venv_lib_python3_12_site-packages_PyQt6_Qt6 --> node_venv_lib_python3_12_site-packages_PyQt6_Qt6_qml["qml"]\n    node_venv_lib_python3_12_site-packages_PyQt6_Qt6_qml --> node_venv_lib_python3_12_site-packages_PyQt6_Qt6_qml_QtQuick["QtQuick"]\n    node_venv_lib_python3_12_site-packages_PyQt6_Qt6_qml_QtQuick --> node_venv_lib_python3_12_site-packages_PyQt6_Qt6_qml_QtQuick_Controls["Controls"]\n    node_venv_lib_python3_12_site-packages_PyQt6_Qt6_qml_QtQuick_Controls --> node_venv_lib_python3_12_site-packages_PyQt6_Qt6_qml_QtQuick_Controls_FluentWinUI3["FluentWinUI3"]\n    node_venv_lib_python3_12_site-packages_PyQt6_Qt6_qml_QtQuick_Controls_FluentWinUI3 --> node_venv_lib_python3_12_site-packages_PyQt6_Qt6_qml_QtQuick_Controls_FluentWinUI3_light["light"]\n    node_venv_lib_python3_12_site-packages_PyQt6_Qt6_qml_QtQuick_Controls_FluentWinUI3_light --> node_venv_lib_python3_12_site-packages_PyQt6_Qt6_qml_QtQuick_Controls_FluentWinUI3_light_images["images"]\n    node_venv_lib_python3_12_site-packages_PyQt6_Qt6_qml_QtQuick_Controls_FluentWinUI3_light_images --> node_venv_lib_python3_12_site-packages_PyQt6_Qt6_qml_QtQuick_Controls_FluentWinUI3_light_images_radiobutton-indicator-pressed_png["radiobutton-indicator-pressed.png"]\n    Root --> node_venv["venv"]\n    node_venv --> node_venv_lib["lib"]\n    node_venv_lib --> node_venv_lib_python3_12["python3.12"]\n    node_venv_lib_python3_12 --> node_venv_lib_python3_12_site-packages["site-packages"]\n    node_venv_lib_python3_12_site-packages --> node_venv_lib_python3_12_site-packages_PyQt6["PyQt6"]\n    node_venv_lib_python3_12_site-packages_PyQt6 --> node_venv_lib_python3_12_site-packages_PyQt6_Qt6["Qt6"]\n    node_venv_lib_python3_12_site-packages_PyQt6_Qt6 --> node_venv_lib_python3_12_site-packages_PyQt6_Qt6_qml["qml"]\n    node_venv_lib_python3_12_site-packages_PyQt6_Qt6_qml --> node_venv_lib_python3_12_site-packages_PyQt6_Qt6_qml_QtQuick["QtQuick"]\n    node_venv_lib_python3_12_site-packages_PyQt6_Qt6_qml_QtQuick --> node_venv_lib_python3_12_site-packages_PyQt6_Qt6_qml_QtQuick_Controls["Controls"]\n    node_venv_lib_python3_12_site-packages_PyQt6_Qt6_qml_QtQuick_Controls --> node_venv_lib_python3_12_site-packages_PyQt6_Qt6_qml_QtQuick_Controls_FluentWinUI3["FluentWinUI3"]\n    node_venv_lib_python3_12_site-packages_PyQt6_Qt6_qml_QtQuick_Controls_FluentWinUI3 --> node_venv_lib_python3_12_site-packages_PyQt6_Qt6_qml_QtQuick_Controls_FluentWinUI3_light["light"]\n    node_venv_lib_python3_12_site-packages_PyQt6_Qt6_qml_QtQuick_Controls_FluentWinUI3_light --> node_venv_lib_python3_12_site-packages_PyQt6_Qt6_qml_QtQuick_Controls_FluentWinUI3_light_images["images"]\n    node_venv_lib_python3_12_site-packages_PyQt6_Qt6_qml_QtQuick_Controls_FluentWinUI3_light_images --> node_venv_lib_python3_12_site-packages_PyQt6_Qt6_qml_QtQuick_Controls_FluentWinUI3_light_images_radiobutton-indicator-pressed@2x_png["radiobutton-indicator-pressed@2x.png"]\n    Root --> node_venv["venv"]\n    node_venv --> node_venv_lib["lib"]\n    node_venv_lib --> node_venv_lib_python3_12["python3.12"]\n    node_venv_lib_python3_12 --> node_venv_lib_python3_12_site-packages["site-packages"]\n    node_venv_lib_python3_12_site-packages --> node_venv_lib_python3_12_site-packages_PyQt6["PyQt6"]\n    node_venv_lib_python3_12_site-packages_PyQt6 --> node_venv_lib_python3_12_site-packages_PyQt6_Qt6["Qt6"]\n    node_venv_lib_python3_12_site-packages_PyQt6_Qt6 --> node_venv_lib_python3_12_site-packages_PyQt6_Qt6_qml["qml"]\n    node_venv_lib_python3_12_site-packages_PyQt6_Qt6_qml --> node_venv_lib_python3_12_site-packages_PyQt6_Qt6_qml_QtQuick["QtQuick"]\n    node_venv_lib_python3_12_site-packages_PyQt6_Qt6_qml_QtQuick --> node_venv_lib_python3_12_site-packages_PyQt6_Qt6_qml_QtQuick_Controls["Controls"]\n    node_venv_lib_python3_12_site-packages_PyQt6_Qt6_qml_QtQuick_Controls --> node_venv_lib_python3_12_site-packages_PyQt6_Qt6_qml_QtQuick_Controls_FluentWinUI3["FluentWinUI3"]\n    node_venv_lib_python3_12_site-packages_PyQt6_Qt6_qml_QtQuick_Controls_FluentWinUI3 --> node_venv_lib_python3_12_site-packages_PyQt6_Qt6_qml_QtQuick_Controls_FluentWinUI3_light["light"]\n    node_venv_lib_python3_12_site-packages_PyQt6_Qt6_qml_QtQuick_Controls_FluentWinUI3_light --> node_venv_lib_python3_12_site-packages_PyQt6_Qt6_qml_QtQuick_Controls_FluentWinUI3_light_images["images"]\n    node_venv_lib_python3_12_site-packages_PyQt6_Qt6_qml_QtQuick_Controls_FluentWinUI3_light_images --> node_venv_lib_python3_12_site-packages_PyQt6_Qt6_qml_QtQuick_Controls_FluentWinUI3_light_images_radiobutton-indicator-pressed@3x_png["radiobutton-indicator-pressed@3x.png"]\n    Root --> node_venv["venv"]\n    node_venv --> node_venv_lib["lib"]\n    node_venv_lib --> node_venv_lib_python3_12["python3.12"]\n    node_venv_lib_python3_12 --> node_venv_lib_python3_12_site-packages["site-packages"]\n    node_venv_lib_python3_12_site-packages --> node_venv_lib_python3_12_site-packages_PyQt6["PyQt6"]\n    node_venv_lib_python3_12_site-packages_PyQt6 --> node_venv_lib_python3_12_site-packages_PyQt6_Qt6["Qt6"]\n    node_venv_lib_python3_12_site-packages_PyQt6_Qt6 --> node_venv_lib_python3_12_site-packages_PyQt6_Qt6_qml["qml"]\n    node_venv_lib_python3_12_site-packages_PyQt6_Qt6_qml --> node_venv_lib_python3_12_site-packages_PyQt6_Qt6_qml_QtQuick["QtQuick"]\n    node_venv_lib_python3_12_site-packages_PyQt6_Qt6_qml_QtQuick --> node_venv_lib_python3_12_site-packages_PyQt6_Qt6_qml_QtQuick_Controls["Controls"]\n    node_venv_lib_python3_12_site-packages_PyQt6_Qt6_qml_QtQuick_Controls --> node_venv_lib_python3_12_site-packages_PyQt6_Qt6_qml_QtQuick_Controls_FluentWinUI3["FluentWinUI3"]\n    node_venv_lib_python3_12_site-packages_PyQt6_Qt6_qml_QtQuick_Controls_FluentWinUI3 --> node_venv_lib_python3_12_site-packages_PyQt6_Qt6_qml_QtQuick_Controls_FluentWinUI3_light["light"]\n    node_venv_lib_python3_12_site-packages_PyQt6_Qt6_qml_QtQuick_Controls_FluentWinUI3_light --> node_venv_lib_python3_12_site-packages_PyQt6_Qt6_qml_QtQuick_Controls_FluentWinUI3_light_images["images"]\n    node_venv_lib_python3_12_site-packages_PyQt6_Qt6_qml_QtQuick_Controls_FluentWinUI3_light_images --> node_venv_lib_python3_12_site-packages_PyQt6_Qt6_qml_QtQuick_Controls_FluentWinUI3_light_images_radiobutton-indicator_png["radiobutton-indicator.png"]\n    Root --> node_venv["venv"]\n    node_venv --> node_venv_lib["lib"]\n    node_venv_lib --> node_venv_lib_python3_12["python3.12"]\n    node_venv_lib_python3_12 --> node_venv_lib_python3_12_site-packages["site-packages"]\n    node_venv_lib_python3_12_site-packages --> node_venv_lib_python3_12_site-packages_PyQt6["PyQt6"]\n    node_venv_lib_python3_12_site-packages_PyQt6 --> node_venv_lib_python3_12_site-packages_PyQt6_Qt6["Qt6"]\n    node_venv_lib_python3_12_site-packages_PyQt6_Qt6 --> node_venv_lib_python3_12_site-packages_PyQt6_Qt6_qml["qml"]\n    node_venv_lib_python3_12_site-packages_PyQt6_Qt6_qml --> node_venv_lib_python3_12_site-packages_PyQt6_Qt6_qml_QtQuick["QtQuick"]\n    node_venv_lib_python3_12_site-packages_PyQt6_Qt6_qml_QtQuick --> node_venv_lib_python3_12_site-packages_PyQt6_Qt6_qml_QtQuick_Controls["Controls"]\n    node_venv_lib_python3_12_site-packages_PyQt6_Qt6_qml_QtQuick_Controls --> node_venv_lib_python3_12_site-packages_PyQt6_Qt6_qml_QtQuick_Controls_FluentWinUI3["FluentWinUI3"]\n    node_venv_lib_python3_12_site-packages_PyQt6_Qt6_qml_QtQuick_Controls_FluentWinUI3 --> node_venv_lib_python3_12_site-packages_PyQt6_Qt6_qml_QtQuick_Controls_FluentWinUI3_light["light"]\n    node_venv_lib_python3_12_site-packages_PyQt6_Qt6_qml_QtQuick_Controls_FluentWinUI3_light --> node_venv_lib_python3_12_site-packages_PyQt6_Qt6_qml_QtQuick_Controls_FluentWinUI3_light_images["images"]\n    node_venv_lib_python3_12_site-packages_PyQt6_Qt6_qml_QtQuick_Controls_FluentWinUI3_light_images --> node_venv_lib_python3_12_site-packages_PyQt6_Qt6_qml_QtQuick_Controls_FluentWinUI3_light_images_radiobutton-indicator@2x_png["radiobutton-indicator@2x.png"]\n    Root --> node_venv["venv"]\n    node_venv --> node_venv_lib["lib"]\n    node_venv_lib --> node_venv_lib_python3_12["python3.12"]\n    node_venv_lib_python3_12 --> node_venv_lib_python3_12_site-packages["site-packages"]\n    node_venv_lib_python3_12_site-packages --> node_venv_lib_python3_12_site-packages_PyQt6["PyQt6"]\n    node_venv_lib_python3_12_site-packages_PyQt6 --> node_venv_lib_python3_12_site-packages_PyQt6_Qt6["Qt6"]\n    node_venv_lib_python3_12_site-packages_PyQt6_Qt6 --> node_venv_lib_python3_12_site-packages_PyQt6_Qt6_qml["qml"]\n    node_venv_lib_python3_12_site-packages_PyQt6_Qt6_qml --> node_venv_lib_python3_12_site-packages_PyQt6_Qt6_qml_QtQuick["QtQuick"]\n    node_venv_lib_python3_12_site-packages_PyQt6_Qt6_qml_QtQuick --> node_venv_lib_python3_12_site-packages_PyQt6_Qt6_qml_QtQuick_Controls["Controls"]\n    node_venv_lib_python3_12_site-packages_PyQt6_Qt6_qml_QtQuick_Controls --> node_venv_lib_python3_12_site-packages_PyQt6_Qt6_qml_QtQuick_Controls_FluentWinUI3["FluentWinUI3"]\n    node_venv_lib_python3_12_site-packages_PyQt6_Qt6_qml_QtQuick_Controls_FluentWinUI3 --> node_venv_lib_python3_12_site-packages_PyQt6_Qt6_qml_QtQuick_Controls_FluentWinUI3_light["light"]\n    node_venv_lib_python3_12_site-packages_PyQt6_Qt6_qml_QtQuick_Controls_FluentWinUI3_light --> node_venv_lib_python3_12_site-packages_PyQt6_Qt6_qml_QtQuick_Controls_FluentWinUI3_light_images["images"]\n    node_venv_lib_python3_12_site-packages_PyQt6_Qt6_qml_QtQuick_Controls_FluentWinUI3_light_images --> node_venv_lib_python3_12_site-packages_PyQt6_Qt6_qml_QtQuick_Controls_FluentWinUI3_light_images_radiobutton-indicator@3x_png["radiobutton-indicator@3x.png"]\n    Root --> node_venv["venv"]\n    node_venv --> node_venv_lib["lib"]\n    node_venv_lib --> node_venv_lib_python3_12["python3.12"]\n    node_venv_lib_python3_12 --> node_venv_lib_python3_12_site-packages["site-packages"]\n    node_venv_lib_python3_12_site-packages --> node_venv_lib_python3_12_site-packages_PyQt6["PyQt6"]\n    node_venv_lib_python3_12_site-packages_PyQt6 --> node_venv_lib_python3_12_site-packages_PyQt6_Qt6["Qt6"]\n    node_venv_lib_python3_12_site-packages_PyQt6_Qt6 --> node_venv_lib_python3_12_site-packages_PyQt6_Qt6_qml["qml"]\n    node_venv_lib_python3_12_site-packages_PyQt6_Qt6_qml --> node_venv_lib_python3_12_site-packages_PyQt6_Qt6_qml_QtQuick["QtQuick"]\n    node_venv_lib_python3_12_site-packages_PyQt6_Qt6_qml_QtQuick --> node_venv_lib_python3_12_site-packages_PyQt6_Qt6_qml_QtQuick_Controls["Controls"]\n    node_venv_lib_python3_12_site-packages_PyQt6_Qt6_qml_QtQuick_Controls --> node_venv_lib_python3_12_site-packages_PyQt6_Qt6_qml_QtQuick_Controls_FluentWinUI3["FluentWinUI3"]\n    node_venv_lib_python3_12_site-packages_PyQt6_Qt6_qml_QtQuick_Controls_FluentWinUI3 --> node_venv_lib_python3_12_site-packages_PyQt6_Qt6_qml_QtQuick_Controls_FluentWinUI3_light["light"]\n    node_venv_lib_python3_12_site-packages_PyQt6_Qt6_qml_QtQuick_Controls_FluentWinUI3_light --> node_venv_lib_python3_12_site-packages_PyQt6_Qt6_qml_QtQuick_Controls_FluentWinUI3_light_images["images"]\n    node_venv_lib_python3_12_site-packages_PyQt6_Qt6_qml_QtQuick_Controls_FluentWinUI3_light_images --> node_venv_lib_python3_12_site-packages_PyQt6_Qt6_qml_QtQuick_Controls_FluentWinUI3_light_images_rangeslider-first-handle-disabled_png["rangeslider-first-handle-disabled.png"]\n    Root --> node_venv["venv"]\n    node_venv --> node_venv_lib["lib"]\n    node_venv_lib --> node_venv_lib_python3_12["python3.12"]\n    node_venv_lib_python3_12 --> node_venv_lib_python3_12_site-packages["site-packages"]\n    node_venv_lib_python3_12_site-packages --> node_venv_lib_python3_12_site-packages_PyQt6["PyQt6"]\n    node_venv_lib_python3_12_site-packages_PyQt6 --> node_venv_lib_python3_12_site-packages_PyQt6_Qt6["Qt6"]\n    node_venv_lib_python3_12_site-packages_PyQt6_Qt6 --> node_venv_lib_python3_12_site-packages_PyQt6_Qt6_qml["qml"]\n    node_venv_lib_python3_12_site-packages_PyQt6_Qt6_qml --> node_venv_lib_python3_12_site-packages_PyQt6_Qt6_qml_QtQuick["QtQuick"]\n    node_venv_lib_python3_12_site-packages_PyQt6_Qt6_qml_QtQuick --> node_venv_lib_python3_12_site-packages_PyQt6_Qt6_qml_QtQuick_Controls["Controls"]\n    node_venv_lib_python3_12_site-packages_PyQt6_Qt6_qml_QtQuick_Controls --> node_venv_lib_python3_12_site-packages_PyQt6_Qt6_qml_QtQuick_Controls_FluentWinUI3["FluentWinUI3"]\n    node_venv_lib_python3_12_site-packages_PyQt6_Qt6_qml_QtQuick_Controls_FluentWinUI3 --> node_venv_lib_python3_12_site-packages_PyQt6_Qt6_qml_QtQuick_Controls_FluentWinUI3_light["light"]\n    node_venv_lib_python3_12_site-packages_PyQt6_Qt6_qml_QtQuick_Controls_FluentWinUI3_light --> node_venv_lib_python3_12_site-packages_PyQt6_Qt6_qml_QtQuick_Controls_FluentWinUI3_light_images["images"]\n    node_venv_lib_python3_12_site-packages_PyQt6_Qt6_qml_QtQuick_Controls_FluentWinUI3_light_images --> node_venv_lib_python3_12_site-packages_PyQt6_Qt6_qml_QtQuick_Controls_FluentWinUI3_light_images_rangeslider-first-handle-disabled@2x_png["rangeslider-first-handle-disabled@2x.png"]\n    Root --> node_venv["venv"]\n    node_venv --> node_venv_lib["lib"]\n    node_venv_lib --> node_venv_lib_python3_12["python3.12"]\n    node_venv_lib_python3_12 --> node_venv_lib_python3_12_site-packages["site-packages"]\n    node_venv_lib_python3_12_site-packages --> node_venv_lib_python3_12_site-packages_PyQt6["PyQt6"]\n    node_venv_lib_python3_12_site-packages_PyQt6 --> node_venv_lib_python3_12_site-packages_PyQt6_Qt6["Qt6"]\n    node_venv_lib_python3_12_site-packages_PyQt6_Qt6 --> node_venv_lib_python3_12_site-packages_PyQt6_Qt6_qml["qml"]\n    node_venv_lib_python3_12_site-packages_PyQt6_Qt6_qml --> node_venv_lib_python3_12_site-packages_PyQt6_Qt6_qml_QtQuick["QtQuick"]\n    node_venv_lib_python3_12_site-packages_PyQt6_Qt6_qml_QtQuick --> node_venv_lib_python3_12_site-packages_PyQt6_Qt6_qml_QtQuick_Controls["Controls"]\n    node_venv_lib_python3_12_site-packages_PyQt6_Qt6_qml_QtQuick_Controls --> node_venv_lib_python3_12_site-packages_PyQt6_Qt6_qml_QtQuick_Controls_FluentWinUI3["FluentWinUI3"]\n    node_venv_lib_python3_12_site-packages_PyQt6_Qt6_qml_QtQuick_Controls_FluentWinUI3 --> node_venv_lib_python3_12_site-packages_PyQt6_Qt6_qml_QtQuick_Controls_FluentWinUI3_light["light"]\n    node_venv_lib_python3_12_site-packages_PyQt6_Qt6_qml_QtQuick_Controls_FluentWinUI3_light --> node_venv_lib_python3_12_site-packages_PyQt6_Qt6_qml_QtQuick_Controls_FluentWinUI3_light_images["images"]\n    node_venv_lib_python3_12_site-packages_PyQt6_Qt6_qml_QtQuick_Controls_FluentWinUI3_light_images --> node_venv_lib_python3_12_site-packages_PyQt6_Qt6_qml_QtQuick_Controls_FluentWinUI3_light_images_rangeslider-first-handle-disabled@3x_png["rangeslider-first-handle-disabled@3x.png"]\n    Root --> node_venv["venv"]\n    node_venv --> node_venv_lib["lib"]\n    node_venv_lib --> node_venv_lib_python3_12["python3.12"]\n    node_venv_lib_python3_12 --> node_venv_lib_python3_12_site-packages["site-packages"]\n    node_venv_lib_python3_12_site-packages --> node_venv_lib_python3_12_site-packages_PyQt6["PyQt6"]\n    node_venv_lib_python3_12_site-packages_PyQt6 --> node_venv_lib_python3_12_site-packages_PyQt6_Qt6["Qt6"]\n    node_venv_lib_python3_12_site-packages_PyQt6_Qt6 --> node_venv_lib_python3_12_site-packages_PyQt6_Qt6_qml["qml"]\n    node_venv_lib_python3_12_site-packages_PyQt6_Qt6_qml --> node_venv_lib_python3_12_site-packages_PyQt6_Qt6_qml_QtQuick["QtQuick"]\n    node_venv_lib_python3_12_site-packages_PyQt6_Qt6_qml_QtQuick --> node_venv_lib_python3_12_site-packages_PyQt6_Qt6_qml_QtQuick_Controls["Controls"]\n    node_venv_lib_python3_12_site-packages_PyQt6_Qt6_qml_QtQuick_Controls --> node_venv_lib_python3_12_site-packages_PyQt6_Qt6_qml_QtQuick_Controls_FluentWinUI3["FluentWinUI3"]\n    node_venv_lib_python3_12_site-packages_PyQt6_Qt6_qml_QtQuick_Controls_FluentWinUI3 --> node_venv_lib_python3_12_site-packages_PyQt6_Qt6_qml_QtQuick_Controls_FluentWinUI3_light["light"]\n    node_venv_lib_python3_12_site-packages_PyQt6_Qt6_qml_QtQuick_Controls_FluentWinUI3_light --> node_venv_lib_python3_12_site-packages_PyQt6_Qt6_qml_QtQuick_Controls_FluentWinUI3_light_images["images"]\n    node_venv_lib_python3_12_site-packages_PyQt6_Qt6_qml_QtQuick_Controls_FluentWinUI3_light_images --> node_venv_lib_python3_12_site-packages_PyQt6_Qt6_qml_QtQuick_Controls_FluentWinUI3_light_images_rangeslider-first-handle-handle-pressed_png["rangeslider-first-handle-handle-pressed.png"]\n    Root --> node_venv["venv"]\n    node_venv --> node_venv_lib["lib"]\n    node_venv_lib --> node_venv_lib_python3_12["python3.12"]\n    node_venv_lib_python3_12 --> node_venv_lib_python3_12_site-packages["site-packages"]\n    node_venv_lib_python3_12_site-packages --> node_venv_lib_python3_12_site-packages_PyQt6["PyQt6"]\n    node_venv_lib_python3_12_site-packages_PyQt6 --> node_venv_lib_python3_12_site-packages_PyQt6_Qt6["Qt6"]\n    node_venv_lib_python3_12_site-packages_PyQt6_Qt6 --> node_venv_lib_python3_12_site-packages_PyQt6_Qt6_qml["qml"]\n    node_venv_lib_python3_12_site-packages_PyQt6_Qt6_qml --> node_venv_lib_python3_12_site-packages_PyQt6_Qt6_qml_QtQuick["QtQuick"]\n    node_venv_lib_python3_12_site-packages_PyQt6_Qt6_qml_QtQuick --> node_venv_lib_python3_12_site-packages_PyQt6_Qt6_qml_QtQuick_Controls["Controls"]\n    node_venv_lib_python3_12_site-packages_PyQt6_Qt6_qml_QtQuick_Controls --> node_venv_lib_python3_12_site-packages_PyQt6_Qt6_qml_QtQuick_Controls_FluentWinUI3["FluentWinUI3"]\n    node_venv_lib_python3_12_site-packages_PyQt6_Qt6_qml_QtQuick_Controls_FluentWinUI3 --> node_venv_lib_python3_12_site-packages_PyQt6_Qt6_qml_QtQuick_Controls_FluentWinUI3_light["light"]\n    node_venv_lib_python3_12_site-packages_PyQt6_Qt6_qml_QtQuick_Controls_FluentWinUI3_light --> node_venv_lib_python3_12_site-packages_PyQt6_Qt6_qml_QtQuick_Controls_FluentWinUI3_light_images["images"]\n    node_venv_lib_python3_12_site-packages_PyQt6_Qt6_qml_QtQuick_Controls_FluentWinUI3_light_images --> node_venv_lib_python3_12_site-packages_PyQt6_Qt6_qml_QtQuick_Controls_FluentWinUI3_light_images_rangeslider-first-handle-handle-pressed@2x_png["rangeslider-first-handle-handle-pressed@2x.png"]\n    Root --> node_venv["venv"]\n    node_venv --> node_venv_lib["lib"]\n    node_venv_lib --> node_venv_lib_python3_12["python3.12"]\n    node_venv_lib_python3_12 --> node_venv_lib_python3_12_site-packages["site-packages"]\n    node_venv_lib_python3_12_site-packages --> node_venv_lib_python3_12_site-packages_PyQt6["PyQt6"]\n    node_venv_lib_python3_12_site-packages_PyQt6 --> node_venv_lib_python3_12_site-packages_PyQt6_Qt6["Qt6"]\n    node_venv_lib_python3_12_site-packages_PyQt6_Qt6 --> node_venv_lib_python3_12_site-packages_PyQt6_Qt6_qml["qml"]\n    node_venv_lib_python3_12_site-packages_PyQt6_Qt6_qml --> node_venv_lib_python3_12_site-packages_PyQt6_Qt6_qml_QtQuick["QtQuick"]\n    node_venv_lib_python3_12_site-packages_PyQt6_Qt6_qml_QtQuick --> node_venv_lib_python3_12_site-packages_PyQt6_Qt6_qml_QtQuick_Controls["Controls"]\n    node_venv_lib_python3_12_site-packages_PyQt6_Qt6_qml_QtQuick_Controls --> node_venv_lib_python3_12_site-packages_PyQt6_Qt6_qml_QtQuick_Controls_FluentWinUI3["FluentWinUI3"]\n    node_venv_lib_python3_12_site-packages_PyQt6_Qt6_qml_QtQuick_Controls_FluentWinUI3 --> node_venv_lib_python3_12_site-packages_PyQt6_Qt6_qml_QtQuick_Controls_FluentWinUI3_light["light"]\n    node_venv_lib_python3_12_site-packages_PyQt6_Qt6_qml_QtQuick_Controls_FluentWinUI3_light --> node_venv_lib_python3_12_site-packages_PyQt6_Qt6_qml_QtQuick_Controls_FluentWinUI3_light_images["images"]\n    node_venv_lib_python3_12_site-packages_PyQt6_Qt6_qml_QtQuick_Controls_FluentWinUI3_light_images --> node_venv_lib_python3_12_site-packages_PyQt6_Qt6_qml_QtQuick_Controls_FluentWinUI3_light_images_rangeslider-first-handle-handle-pressed@3x_png["rangeslider-first-handle-handle-pressed@3x.png"]\n    Root --> node_venv["venv"]\n    node_venv --> node_venv_lib["lib"]\n    node_venv_lib --> node_venv_lib_python3_12["python3.12"]\n    node_venv_lib_python3_12 --> node_venv_lib_python3_12_site-packages["site-packages"]\n    node_venv_lib_python3_12_site-packages --> node_venv_lib_python3_12_site-packages_PyQt6["PyQt6"]\n    node_venv_lib_python3_12_site-packages_PyQt6 --> node_venv_lib_python3_12_site-packages_PyQt6_Qt6["Qt6"]\n    node_venv_lib_python3_12_site-packages_PyQt6_Qt6 --> node_venv_lib_python3_12_site-packages_PyQt6_Qt6_qml["qml"]\n    node_venv_lib_python3_12_site-packages_PyQt6_Qt6_qml --> node_venv_lib_python3_12_site-packages_PyQt6_Qt6_qml_QtQuick["QtQuick"]\n    node_venv_lib_python3_12_site-packages_PyQt6_Qt6_qml_QtQuick --> node_venv_lib_python3_12_site-packages_PyQt6_Qt6_qml_QtQuick_Controls["Controls"]\n    node_venv_lib_python3_12_site-packages_PyQt6_Qt6_qml_QtQuick_Controls --> node_venv_lib_python3_12_site-packages_PyQt6_Qt6_qml_QtQuick_Controls_FluentWinUI3["FluentWinUI3"]\n    node_venv_lib_python3_12_site-packages_PyQt6_Qt6_qml_QtQuick_Controls_FluentWinUI3 --> node_venv_lib_python3_12_site-packages_PyQt6_Qt6_qml_QtQuick_Controls_FluentWinUI3_light["light"]\n    node_venv_lib_python3_12_site-packages_PyQt6_Qt6_qml_QtQuick_Controls_FluentWinUI3_light --> node_venv_lib_python3_12_site-packages_PyQt6_Qt6_qml_QtQuick_Controls_FluentWinUI3_light_images["images"]\n    node_venv_lib_python3_12_site-packages_PyQt6_Qt6_qml_QtQuick_Controls_FluentWinUI3_light_images --> node_venv_lib_python3_12_site-packages_PyQt6_Qt6_qml_QtQuick_Controls_FluentWinUI3_light_images_rangeslider-first-handle-hovered_png["rangeslider-first-handle-hovered.png"]\n    Root --> node_venv["venv"]\n    node_venv --> node_venv_lib["lib"]\n    node_venv_lib --> node_venv_lib_python3_12["python3.12"]\n    node_venv_lib_python3_12 --> node_venv_lib_python3_12_site-packages["site-packages"]\n    node_venv_lib_python3_12_site-packages --> node_venv_lib_python3_12_site-packages_PyQt6["PyQt6"]\n    node_venv_lib_python3_12_site-packages_PyQt6 --> node_venv_lib_python3_12_site-packages_PyQt6_Qt6["Qt6"]\n    node_venv_lib_python3_12_site-packages_PyQt6_Qt6 --> node_venv_lib_python3_12_site-packages_PyQt6_Qt6_qml["qml"]\n    node_venv_lib_python3_12_site-packages_PyQt6_Qt6_qml --> node_venv_lib_python3_12_site-packages_PyQt6_Qt6_qml_QtQuick["QtQuick"]\n    node_venv_lib_python3_12_site-packages_PyQt6_Qt6_qml_QtQuick --> node_venv_lib_python3_12_site-packages_PyQt6_Qt6_qml_QtQuick_Controls["Controls"]\n    node_venv_lib_python3_12_site-packages_PyQt6_Qt6_qml_QtQuick_Controls --> node_venv_lib_python3_12_site-packages_PyQt6_Qt6_qml_QtQuick_Controls_FluentWinUI3["FluentWinUI3"]\n    node_venv_lib_python3_12_site-packages_PyQt6_Qt6_qml_QtQuick_Controls_FluentWinUI3 --> node_venv_lib_python3_12_site-packages_PyQt6_Qt6_qml_QtQuick_Controls_FluentWinUI3_light["light"]\n    node_venv_lib_python3_12_site-packages_PyQt6_Qt6_qml_QtQuick_Controls_FluentWinUI3_light --> node_venv_lib_python3_12_site-packages_PyQt6_Qt6_qml_QtQuick_Controls_FluentWinUI3_light_images["images"]\n    node_venv_lib_python3_12_site-packages_PyQt6_Qt6_qml_QtQuick_Controls_FluentWinUI3_light_images --> node_venv_lib_python3_12_site-packages_PyQt6_Qt6_qml_QtQuick_Controls_FluentWinUI3_light_images_rangeslider-first-handle-hovered@2x_png["rangeslider-first-handle-hovered@2x.png"]\n    Root --> node_venv["venv"]\n    node_venv --> node_venv_lib["lib"]\n    node_venv_lib --> node_venv_lib_python3_12["python3.12"]\n    node_venv_lib_python3_12 --> node_venv_lib_python3_12_site-packages["site-packages"]\n    node_venv_lib_python3_12_site-packages --> node_venv_lib_python3_12_site-packages_PyQt6["PyQt6"]\n    node_venv_lib_python3_12_site-packages_PyQt6 --> node_venv_lib_python3_12_site-packages_PyQt6_Qt6["Qt6"]\n    node_venv_lib_python3_12_site-packages_PyQt6_Qt6 --> node_venv_lib_python3_12_site-packages_PyQt6_Qt6_qml["qml"]\n    node_venv_lib_python3_12_site-packages_PyQt6_Qt6_qml --> node_venv_lib_python3_12_site-packages_PyQt6_Qt6_qml_QtQuick["QtQuick"]\n    node_venv_lib_python3_12_site-packages_PyQt6_Qt6_qml_QtQuick --> node_venv_lib_python3_12_site-packages_PyQt6_Qt6_qml_QtQuick_Controls["Controls"]\n    node_venv_lib_python3_12_site-packages_PyQt6_Qt6_qml_QtQuick_Controls --> node_venv_lib_python3_12_site-packages_PyQt6_Qt6_qml_QtQuick_Controls_FluentWinUI3["FluentWinUI3"]\n    node_venv_lib_python3_12_site-packages_PyQt6_Qt6_qml_QtQuick_Controls_FluentWinUI3 --> node_venv_lib_python3_12_site-packages_PyQt6_Qt6_qml_QtQuick_Controls_FluentWinUI3_light["light"]\n    node_venv_lib_python3_12_site-packages_PyQt6_Qt6_qml_QtQuick_Controls_FluentWinUI3_light --> node_venv_lib_python3_12_site-packages_PyQt6_Qt6_qml_QtQuick_Controls_FluentWinUI3_light_images["images"]\n    node_venv_lib_python3_12_site-packages_PyQt6_Qt6_qml_QtQuick_Controls_FluentWinUI3_light_images --> node_venv_lib_python3_12_site-packages_PyQt6_Qt6_qml_QtQuick_Controls_FluentWinUI3_light_images_rangeslider-first-handle-hovered@3x_png["rangeslider-first-handle-hovered@3x.png"]\n    Root --> node_venv["venv"]\n    node_venv --> node_venv_lib["lib"]\n    node_venv_lib --> node_venv_lib_python3_12["python3.12"]\n    node_venv_lib_python3_12 --> node_venv_lib_python3_12_site-packages["site-packages"]\n    node_venv_lib_python3_12_site-packages --> node_venv_lib_python3_12_site-packages_PyQt6["PyQt6"]\n    node_venv_lib_python3_12_site-packages_PyQt6 --> node_venv_lib_python3_12_site-packages_PyQt6_Qt6["Qt6"]\n    node_venv_lib_python3_12_site-packages_PyQt6_Qt6 --> node_venv_lib_python3_12_site-packages_PyQt6_Qt6_qml["qml"]\n    node_venv_lib_python3_12_site-packages_PyQt6_Qt6_qml --> node_venv_lib_python3_12_site-packages_PyQt6_Qt6_qml_QtQuick["QtQuick"]\n    node_venv_lib_python3_12_site-packages_PyQt6_Qt6_qml_QtQuick --> node_venv_lib_python3_12_site-packages_PyQt6_Qt6_qml_QtQuick_Controls["Controls"]\n    node_venv_lib_python3_12_site-packages_PyQt6_Qt6_qml_QtQuick_Controls --> node_venv_lib_python3_12_site-packages_PyQt6_Qt6_qml_QtQuick_Controls_FluentWinUI3["FluentWinUI3"]\n    node_venv_lib_python3_12_site-packages_PyQt6_Qt6_qml_QtQuick_Controls_FluentWinUI3 --> node_venv_lib_python3_12_site-packages_PyQt6_Qt6_qml_QtQuick_Controls_FluentWinUI3_light["light"]\n    node_venv_lib_python3_12_site-packages_PyQt6_Qt6_qml_QtQuick_Controls_FluentWinUI3_light --> node_venv_lib_python3_12_site-packages_PyQt6_Qt6_qml_QtQuick_Controls_FluentWinUI3_light_images["images"]\n    node_venv_lib_python3_12_site-packages_PyQt6_Qt6_qml_QtQuick_Controls_FluentWinUI3_light_images --> node_venv_lib_python3_12_site-packages_PyQt6_Qt6_qml_QtQuick_Controls_FluentWinUI3_light_images_rangeslider-first-handle_png["rangeslider-first-handle.png"]\n    Root --> node_venv["venv"]\n    node_venv --> node_venv_lib["lib"]\n    node_venv_lib --> node_venv_lib_python3_12["python3.12"]\n    node_venv_lib_python3_12 --> node_venv_lib_python3_12_site-packages["site-packages"]\n    node_venv_lib_python3_12_site-packages --> node_venv_lib_python3_12_site-packages_PyQt6["PyQt6"]\n    node_venv_lib_python3_12_site-packages_PyQt6 --> node_venv_lib_python3_12_site-packages_PyQt6_Qt6["Qt6"]\n    node_venv_lib_python3_12_site-packages_PyQt6_Qt6 --> node_venv_lib_python3_12_site-packages_PyQt6_Qt6_qml["qml"]\n    node_venv_lib_python3_12_site-packages_PyQt6_Qt6_qml --> node_venv_lib_python3_12_site-packages_PyQt6_Qt6_qml_QtQuick["QtQuick"]\n    node_venv_lib_python3_12_site-packages_PyQt6_Qt6_qml_QtQuick --> node_venv_lib_python3_12_site-packages_PyQt6_Qt6_qml_QtQuick_Controls["Controls"]\n    node_venv_lib_python3_12_site-packages_PyQt6_Qt6_qml_QtQuick_Controls --> node_venv_lib_python3_12_site-packages_PyQt6_Qt6_qml_QtQuick_Controls_FluentWinUI3["FluentWinUI3"]\n    node_venv_lib_python3_12_site-packages_PyQt6_Qt6_qml_QtQuick_Controls_FluentWinUI3 --> node_venv_lib_python3_12_site-packages_PyQt6_Qt6_qml_QtQuick_Controls_FluentWinUI3_light["light"]\n    node_venv_lib_python3_12_site-packages_PyQt6_Qt6_qml_QtQuick_Controls_FluentWinUI3_light --> node_venv_lib_python3_12_site-packages_PyQt6_Qt6_qml_QtQuick_Controls_FluentWinUI3_light_images["images"]\n    node_venv_lib_python3_12_site-packages_PyQt6_Qt6_qml_QtQuick_Controls_FluentWinUI3_light_images --> node_venv_lib_python3_12_site-packages_PyQt6_Qt6_qml_QtQuick_Controls_FluentWinUI3_light_images_rangeslider-first-handle@2x_png["rangeslider-first-handle@2x.png"]\n    Root --> node_venv["venv"]\n    node_venv --> node_venv_lib["lib"]\n    node_venv_lib --> node_venv_lib_python3_12["python3.12"]\n    node_venv_lib_python3_12 --> node_venv_lib_python3_12_site-packages["site-packages"]\n    node_venv_lib_python3_12_site-packages --> node_venv_lib_python3_12_site-packages_PyQt6["PyQt6"]\n    node_venv_lib_python3_12_site-packages_PyQt6 --> node_venv_lib_python3_12_site-packages_PyQt6_Qt6["Qt6"]\n    node_venv_lib_python3_12_site-packages_PyQt6_Qt6 --> node_venv_lib_python3_12_site-packages_PyQt6_Qt6_qml["qml"]\n    node_venv_lib_python3_12_site-packages_PyQt6_Qt6_qml --> node_venv_lib_python3_12_site-packages_PyQt6_Qt6_qml_QtQuick["QtQuick"]\n    node_venv_lib_python3_12_site-packages_PyQt6_Qt6_qml_QtQuick --> node_venv_lib_python3_12_site-packages_PyQt6_Qt6_qml_QtQuick_Controls["Controls"]\n    node_venv_lib_python3_12_site-packages_PyQt6_Qt6_qml_QtQuick_Controls --> node_venv_lib_python3_12_site-packages_PyQt6_Qt6_qml_QtQuick_Controls_FluentWinUI3["FluentWinUI3"]\n    node_venv_lib_python3_12_site-packages_PyQt6_Qt6_qml_QtQuick_Controls_FluentWinUI3 --> node_venv_lib_python3_12_site-packages_PyQt6_Qt6_qml_QtQuick_Controls_FluentWinUI3_light["light"]\n    node_venv_lib_python3_12_site-packages_PyQt6_Qt6_qml_QtQuick_Controls_FluentWinUI3_light --> node_venv_lib_python3_12_site-packages_PyQt6_Qt6_qml_QtQuick_Controls_FluentWinUI3_light_images["images"]\n    node_venv_lib_python3_12_site-packages_PyQt6_Qt6_qml_QtQuick_Controls_FluentWinUI3_light_images --> node_venv_lib_python3_12_site-packages_PyQt6_Qt6_qml_QtQuick_Controls_FluentWinUI3_light_images_rangeslider-first-handle@3x_png["rangeslider-first-handle@3x.png"]\n    Root --> node_venv["venv"]\n    node_venv --> node_venv_lib["lib"]\n    node_venv_lib --> node_venv_lib_python3_12["python3.12"]\n    node_venv_lib_python3_12 --> node_venv_lib_python3_12_site-packages["site-packages"]\n    node_venv_lib_python3_12_site-packages --> node_venv_lib_python3_12_site-packages_PyQt6["PyQt6"]\n    node_venv_lib_python3_12_site-packages_PyQt6 --> node_venv_lib_python3_12_site-packages_PyQt6_Qt6["Qt6"]\n    node_venv_lib_python3_12_site-packages_PyQt6_Qt6 --> node_venv_lib_python3_12_site-packages_PyQt6_Qt6_qml["qml"]\n    node_venv_lib_python3_12_site-packages_PyQt6_Qt6_qml --> node_venv_lib_python3_12_site-packages_PyQt6_Qt6_qml_QtQuick["QtQuick"]\n    node_venv_lib_python3_12_site-packages_PyQt6_Qt6_qml_QtQuick --> node_venv_lib_python3_12_site-packages_PyQt6_Qt6_qml_QtQuick_Controls["Controls"]\n    node_venv_lib_python3_12_site-packages_PyQt6_Qt6_qml_QtQuick_Controls --> node_venv_lib_python3_12_site-packages_PyQt6_Qt6_qml_QtQuick_Controls_FluentWinUI3["FluentWinUI3"]\n    node_venv_lib_python3_12_site-packages_PyQt6_Qt6_qml_QtQuick_Controls_FluentWinUI3 --> node_venv_lib_python3_12_site-packages_PyQt6_Qt6_qml_QtQuick_Controls_FluentWinUI3_light["light"]\n    node_venv_lib_python3_12_site-packages_PyQt6_Qt6_qml_QtQuick_Controls_FluentWinUI3_light --> node_venv_lib_python3_12_site-packages_PyQt6_Qt6_qml_QtQuick_Controls_FluentWinUI3_light_images["images"]\n    node_venv_lib_python3_12_site-packages_PyQt6_Qt6_qml_QtQuick_Controls_FluentWinUI3_light_images --> node_venv_lib_python3_12_site-packages_PyQt6_Qt6_qml_QtQuick_Controls_FluentWinUI3_light_images_rangeslider-groove-disabled_png["rangeslider-groove-disabled.png"]\n    Root --> node_venv["venv"]\n    node_venv --> node_venv_lib["lib"]\n    node_venv_lib --> node_venv_lib_python3_12["python3.12"]\n    node_venv_lib_python3_12 --> node_venv_lib_python3_12_site-packages["site-packages"]\n    node_venv_lib_python3_12_site-packages --> node_venv_lib_python3_12_site-packages_PyQt6["PyQt6"]\n    node_venv_lib_python3_12_site-packages_PyQt6 --> node_venv_lib_python3_12_site-packages_PyQt6_Qt6["Qt6"]\n    node_venv_lib_python3_12_site-packages_PyQt6_Qt6 --> node_venv_lib_python3_12_site-packages_PyQt6_Qt6_qml["qml"]\n    node_venv_lib_python3_12_site-packages_PyQt6_Qt6_qml --> node_venv_lib_python3_12_site-packages_PyQt6_Qt6_qml_QtQuick["QtQuick"]\n    node_venv_lib_python3_12_site-packages_PyQt6_Qt6_qml_QtQuick --> node_venv_lib_python3_12_site-packages_PyQt6_Qt6_qml_QtQuick_Controls["Controls"]\n    node_venv_lib_python3_12_site-packages_PyQt6_Qt6_qml_QtQuick_Controls --> node_venv_lib_python3_12_site-packages_PyQt6_Qt6_qml_QtQuick_Controls_FluentWinUI3["FluentWinUI3"]\n    node_venv_lib_python3_12_site-packages_PyQt6_Qt6_qml_QtQuick_Controls_FluentWinUI3 --> node_venv_lib_python3_12_site-packages_PyQt6_Qt6_qml_QtQuick_Controls_FluentWinUI3_light["light"]\n    node_venv_lib_python3_12_site-packages_PyQt6_Qt6_qml_QtQuick_Controls_FluentWinUI3_light --> node_venv_lib_python3_12_site-packages_PyQt6_Qt6_qml_QtQuick_Controls_FluentWinUI3_light_images["images"]\n    node_venv_lib_python3_12_site-packages_PyQt6_Qt6_qml_QtQuick_Controls_FluentWinUI3_light_images --> node_venv_lib_python3_12_site-packages_PyQt6_Qt6_qml_QtQuick_Controls_FluentWinUI3_light_images_rangeslider-groove-disabled@2x_png["rangeslider-groove-disabled@2x.png"]\n    Root --> node_venv["venv"]\n    node_venv --> node_venv_lib["lib"]\n    node_venv_lib --> node_venv_lib_python3_12["python3.12"]\n    node_venv_lib_python3_12 --> node_venv_lib_python3_12_site-packages["site-packages"]\n    node_venv_lib_python3_12_site-packages --> node_venv_lib_python3_12_site-packages_PyQt6["PyQt6"]\n    node_venv_lib_python3_12_site-packages_PyQt6 --> node_venv_lib_python3_12_site-packages_PyQt6_Qt6["Qt6"]\n    node_venv_lib_python3_12_site-packages_PyQt6_Qt6 --> node_venv_lib_python3_12_site-packages_PyQt6_Qt6_qml["qml"]\n    node_venv_lib_python3_12_site-packages_PyQt6_Qt6_qml --> node_venv_lib_python3_12_site-packages_PyQt6_Qt6_qml_QtQuick["QtQuick"]\n    node_venv_lib_python3_12_site-packages_PyQt6_Qt6_qml_QtQuick --> node_venv_lib_python3_12_site-packages_PyQt6_Qt6_qml_QtQuick_Controls["Controls"]\n    node_venv_lib_python3_12_site-packages_PyQt6_Qt6_qml_QtQuick_Controls --> node_venv_lib_python3_12_site-packages_PyQt6_Qt6_qml_QtQuick_Controls_FluentWinUI3["FluentWinUI3"]\n    node_venv_lib_python3_12_site-packages_PyQt6_Qt6_qml_QtQuick_Controls_FluentWinUI3 --> node_venv_lib_python3_12_site-packages_PyQt6_Qt6_qml_QtQuick_Controls_FluentWinUI3_light["light"]\n    node_venv_lib_python3_12_site-packages_PyQt6_Qt6_qml_QtQuick_Controls_FluentWinUI3_light --> node_venv_lib_python3_12_site-packages_PyQt6_Qt6_qml_QtQuick_Controls_FluentWinUI3_light_images["images"]\n    node_venv_lib_python3_12_site-packages_PyQt6_Qt6_qml_QtQuick_Controls_FluentWinUI3_light_images --> node_venv_lib_python3_12_site-packages_PyQt6_Qt6_qml_QtQuick_Controls_FluentWinUI3_light_images_rangeslider-groove-disabled@3x_png["rangeslider-groove-disabled@3x.png"]\n    Root --> node_venv["venv"]\n    node_venv --> node_venv_lib["lib"]\n    node_venv_lib --> node_venv_lib_python3_12["python3.12"]\n    node_venv_lib_python3_12 --> node_venv_lib_python3_12_site-packages["site-packages"]\n    node_venv_lib_python3_12_site-packages --> node_venv_lib_python3_12_site-packages_PyQt6["PyQt6"]\n    node_venv_lib_python3_12_site-packages_PyQt6 --> node_venv_lib_python3_12_site-packages_PyQt6_Qt6["Qt6"]\n    node_venv_lib_python3_12_site-packages_PyQt6_Qt6 --> node_venv_lib_python3_12_site-packages_PyQt6_Qt6_qml["qml"]\n    node_venv_lib_python3_12_site-packages_PyQt6_Qt6_qml --> node_venv_lib_python3_12_site-packages_PyQt6_Qt6_qml_QtQuick["QtQuick"]\n    node_venv_lib_python3_12_site-packages_PyQt6_Qt6_qml_QtQuick --> node_venv_lib_python3_12_site-packages_PyQt6_Qt6_qml_QtQuick_Controls["Controls"]\n    node_venv_lib_python3_12_site-packages_PyQt6_Qt6_qml_QtQuick_Controls --> node_venv_lib_python3_12_site-packages_PyQt6_Qt6_qml_QtQuick_Controls_FluentWinUI3["FluentWinUI3"]\n    node_venv_lib_python3_12_site-packages_PyQt6_Qt6_qml_QtQuick_Controls_FluentWinUI3 --> node_venv_lib_python3_12_site-packages_PyQt6_Qt6_qml_QtQuick_Controls_FluentWinUI3_light["light"]\n    node_venv_lib_python3_12_site-packages_PyQt6_Qt6_qml_QtQuick_Controls_FluentWinUI3_light --> node_venv_lib_python3_12_site-packages_PyQt6_Qt6_qml_QtQuick_Controls_FluentWinUI3_light_images["images"]\n    node_venv_lib_python3_12_site-packages_PyQt6_Qt6_qml_QtQuick_Controls_FluentWinUI3_light_images --> node_venv_lib_python3_12_site-packages_PyQt6_Qt6_qml_QtQuick_Controls_FluentWinUI3_light_images_rangeslider-groove-handle-pressed_png["rangeslider-groove-handle-pressed.png"]\n    Root --> node_venv["venv"]\n    node_venv --> node_venv_lib["lib"]\n    node_venv_lib --> node_venv_lib_python3_12["python3.12"]\n    node_venv_lib_python3_12 --> node_venv_lib_python3_12_site-packages["site-packages"]\n    node_venv_lib_python3_12_site-packages --> node_venv_lib_python3_12_site-packages_PyQt6["PyQt6"]\n    node_venv_lib_python3_12_site-packages_PyQt6 --> node_venv_lib_python3_12_site-packages_PyQt6_Qt6["Qt6"]\n    node_venv_lib_python3_12_site-packages_PyQt6_Qt6 --> node_venv_lib_python3_12_site-packages_PyQt6_Qt6_qml["qml"]\n    node_venv_lib_python3_12_site-packages_PyQt6_Qt6_qml --> node_venv_lib_python3_12_site-packages_PyQt6_Qt6_qml_QtQuick["QtQuick"]\n    node_venv_lib_python3_12_site-packages_PyQt6_Qt6_qml_QtQuick --> node_venv_lib_python3_12_site-packages_PyQt6_Qt6_qml_QtQuick_Controls["Controls"]\n    node_venv_lib_python3_12_site-packages_PyQt6_Qt6_qml_QtQuick_Controls --> node_venv_lib_python3_12_site-packages_PyQt6_Qt6_qml_QtQuick_Controls_FluentWinUI3["FluentWinUI3"]\n    node_venv_lib_python3_12_site-packages_PyQt6_Qt6_qml_QtQuick_Controls_FluentWinUI3 --> node_venv_lib_python3_12_site-packages_PyQt6_Qt6_qml_QtQuick_Controls_FluentWinUI3_light["light"]\n    node_venv_lib_python3_12_site-packages_PyQt6_Qt6_qml_QtQuick_Controls_FluentWinUI3_light --> node_venv_lib_python3_12_site-packages_PyQt6_Qt6_qml_QtQuick_Controls_FluentWinUI3_light_images["images"]\n    node_venv_lib_python3_12_site-packages_PyQt6_Qt6_qml_QtQuick_Controls_FluentWinUI3_light_images --> node_venv_lib_python3_12_site-packages_PyQt6_Qt6_qml_QtQuick_Controls_FluentWinUI3_light_images_rangeslider-groove-handle-pressed@2x_png["rangeslider-groove-handle-pressed@2x.png"]\n    Root --> node_venv["venv"]\n    node_venv --> node_venv_lib["lib"]\n    node_venv_lib --> node_venv_lib_python3_12["python3.12"]\n    node_venv_lib_python3_12 --> node_venv_lib_python3_12_site-packages["site-packages"]\n    node_venv_lib_python3_12_site-packages --> node_venv_lib_python3_12_site-packages_PyQt6["PyQt6"]\n    node_venv_lib_python3_12_site-packages_PyQt6 --> node_venv_lib_python3_12_site-packages_PyQt6_Qt6["Qt6"]\n    node_venv_lib_python3_12_site-packages_PyQt6_Qt6 --> node_venv_lib_python3_12_site-packages_PyQt6_Qt6_qml["qml"]\n    node_venv_lib_python3_12_site-packages_PyQt6_Qt6_qml --> node_venv_lib_python3_12_site-packages_PyQt6_Qt6_qml_QtQuick["QtQuick"]\n    node_venv_lib_python3_12_site-packages_PyQt6_Qt6_qml_QtQuick --> node_venv_lib_python3_12_site-packages_PyQt6_Qt6_qml_QtQuick_Controls["Controls"]\n    node_venv_lib_python3_12_site-packages_PyQt6_Qt6_qml_QtQuick_Controls --> node_venv_lib_python3_12_site-packages_PyQt6_Qt6_qml_QtQuick_Controls_FluentWinUI3["FluentWinUI3"]\n    node_venv_lib_python3_12_site-packages_PyQt6_Qt6_qml_QtQuick_Controls_FluentWinUI3 --> node_venv_lib_python3_12_site-packages_PyQt6_Qt6_qml_QtQuick_Controls_FluentWinUI3_light["light"]\n    node_venv_lib_python3_12_site-packages_PyQt6_Qt6_qml_QtQuick_Controls_FluentWinUI3_light --> node_venv_lib_python3_12_site-packages_PyQt6_Qt6_qml_QtQuick_Controls_FluentWinUI3_light_images["images"]\n    node_venv_lib_python3_12_site-packages_PyQt6_Qt6_qml_QtQuick_Controls_FluentWinUI3_light_images --> node_venv_lib_python3_12_site-packages_PyQt6_Qt6_qml_QtQuick_Controls_FluentWinUI3_light_images_rangeslider-groove-handle-pressed@3x_png["rangeslider-groove-handle-pressed@3x.png"]\n    Root --> node_venv["venv"]\n    node_venv --> node_venv_lib["lib"]\n    node_venv_lib --> node_venv_lib_python3_12["python3.12"]\n    node_venv_lib_python3_12 --> node_venv_lib_python3_12_site-packages["site-packages"]\n    node_venv_lib_python3_12_site-packages --> node_venv_lib_python3_12_site-packages_PyQt6["PyQt6"]\n    node_venv_lib_python3_12_site-packages_PyQt6 --> node_venv_lib_python3_12_site-packages_PyQt6_Qt6["Qt6"]\n    node_venv_lib_python3_12_site-packages_PyQt6_Qt6 --> node_venv_lib_python3_12_site-packages_PyQt6_Qt6_qml["qml"]\n    node_venv_lib_python3_12_site-packages_PyQt6_Qt6_qml --> node_venv_lib_python3_12_site-packages_PyQt6_Qt6_qml_QtQuick["QtQuick"]\n    node_venv_lib_python3_12_site-packages_PyQt6_Qt6_qml_QtQuick --> node_venv_lib_python3_12_site-packages_PyQt6_Qt6_qml_QtQuick_Controls["Controls"]\n    node_venv_lib_python3_12_site-packages_PyQt6_Qt6_qml_QtQuick_Controls --> node_venv_lib_python3_12_site-packages_PyQt6_Qt6_qml_QtQuick_Controls_FluentWinUI3["FluentWinUI3"]\n    node_venv_lib_python3_12_site-packages_PyQt6_Qt6_qml_QtQuick_Controls_FluentWinUI3 --> node_venv_lib_python3_12_site-packages_PyQt6_Qt6_qml_QtQuick_Controls_FluentWinUI3_light["light"]\n    node_venv_lib_python3_12_site-packages_PyQt6_Qt6_qml_QtQuick_Controls_FluentWinUI3_light --> node_venv_lib_python3_12_site-packages_PyQt6_Qt6_qml_QtQuick_Controls_FluentWinUI3_light_images["images"]\n    node_venv_lib_python3_12_site-packages_PyQt6_Qt6_qml_QtQuick_Controls_FluentWinUI3_light_images --> node_venv_lib_python3_12_site-packages_PyQt6_Qt6_qml_QtQuick_Controls_FluentWinUI3_light_images_rangeslider-groove-hovered_png["rangeslider-groove-hovered.png"]\n    Root --> node_venv["venv"]\n    node_venv --> node_venv_lib["lib"]\n    node_venv_lib --> node_venv_lib_python3_12["python3.12"]\n    node_venv_lib_python3_12 --> node_venv_lib_python3_12_site-packages["site-packages"]\n    node_venv_lib_python3_12_site-packages --> node_venv_lib_python3_12_site-packages_PyQt6["PyQt6"]\n    node_venv_lib_python3_12_site-packages_PyQt6 --> node_venv_lib_python3_12_site-packages_PyQt6_Qt6["Qt6"]\n    node_venv_lib_python3_12_site-packages_PyQt6_Qt6 --> node_venv_lib_python3_12_site-packages_PyQt6_Qt6_qml["qml"]\n    node_venv_lib_python3_12_site-packages_PyQt6_Qt6_qml --> node_venv_lib_python3_12_site-packages_PyQt6_Qt6_qml_QtQuick["QtQuick"]\n    node_venv_lib_python3_12_site-packages_PyQt6_Qt6_qml_QtQuick --> node_venv_lib_python3_12_site-packages_PyQt6_Qt6_qml_QtQuick_Controls["Controls"]\n    node_venv_lib_python3_12_site-packages_PyQt6_Qt6_qml_QtQuick_Controls --> node_venv_lib_python3_12_site-packages_PyQt6_Qt6_qml_QtQuick_Controls_FluentWinUI3["FluentWinUI3"]\n    node_venv_lib_python3_12_site-packages_PyQt6_Qt6_qml_QtQuick_Controls_FluentWinUI3 --> node_venv_lib_python3_12_site-packages_PyQt6_Qt6_qml_QtQuick_Controls_FluentWinUI3_light["light"]\n    node_venv_lib_python3_12_site-packages_PyQt6_Qt6_qml_QtQuick_Controls_FluentWinUI3_light --> node_venv_lib_python3_12_site-packages_PyQt6_Qt6_qml_QtQuick_Controls_FluentWinUI3_light_images["images"]\n    node_venv_lib_python3_12_site-packages_PyQt6_Qt6_qml_QtQuick_Controls_FluentWinUI3_light_images --> node_venv_lib_python3_12_site-packages_PyQt6_Qt6_qml_QtQuick_Controls_FluentWinUI3_light_images_rangeslider-groove-hovered@2x_png["rangeslider-groove-hovered@2x.png"]\n    Root --> node_venv["venv"]\n    node_venv --> node_venv_lib["lib"]\n    node_venv_lib --> node_venv_lib_python3_12["python3.12"]\n    node_venv_lib_python3_12 --> node_venv_lib_python3_12_site-packages["site-packages"]\n    node_venv_lib_python3_12_site-packages --> node_venv_lib_python3_12_site-packages_PyQt6["PyQt6"]\n    node_venv_lib_python3_12_site-packages_PyQt6 --> node_venv_lib_python3_12_site-packages_PyQt6_Qt6["Qt6"]\n    node_venv_lib_python3_12_site-packages_PyQt6_Qt6 --> node_venv_lib_python3_12_site-packages_PyQt6_Qt6_qml["qml"]\n    node_venv_lib_python3_12_site-packages_PyQt6_Qt6_qml --> node_venv_lib_python3_12_site-packages_PyQt6_Qt6_qml_QtQuick["QtQuick"]\n    node_venv_lib_python3_12_site-packages_PyQt6_Qt6_qml_QtQuick --> node_venv_lib_python3_12_site-packages_PyQt6_Qt6_qml_QtQuick_Controls["Controls"]\n    node_venv_lib_python3_12_site-packages_PyQt6_Qt6_qml_QtQuick_Controls --> node_venv_lib_python3_12_site-packages_PyQt6_Qt6_qml_QtQuick_Controls_FluentWinUI3["FluentWinUI3"]\n    node_venv_lib_python3_12_site-packages_PyQt6_Qt6_qml_QtQuick_Controls_FluentWinUI3 --> node_venv_lib_python3_12_site-packages_PyQt6_Qt6_qml_QtQuick_Controls_FluentWinUI3_light["light"]\n    node_venv_lib_python3_12_site-packages_PyQt6_Qt6_qml_QtQuick_Controls_FluentWinUI3_light --> node_venv_lib_python3_12_site-packages_PyQt6_Qt6_qml_QtQuick_Controls_FluentWinUI3_light_images["images"]\n    node_venv_lib_python3_12_site-packages_PyQt6_Qt6_qml_QtQuick_Controls_FluentWinUI3_light_images --> node_venv_lib_python3_12_site-packages_PyQt6_Qt6_qml_QtQuick_Controls_FluentWinUI3_light_images_rangeslider-groove-hovered@3x_png["rangeslider-groove-hovered@3x.png"]\n    Root --> node_venv["venv"]\n    node_venv --> node_venv_lib["lib"]\n    node_venv_lib --> node_venv_lib_python3_12["python3.12"]\n    node_venv_lib_python3_12 --> node_venv_lib_python3_12_site-packages["site-packages"]\n    node_venv_lib_python3_12_site-packages --> node_venv_lib_python3_12_site-packages_PyQt6["PyQt6"]\n    node_venv_lib_python3_12_site-packages_PyQt6 --> node_venv_lib_python3_12_site-packages_PyQt6_Qt6["Qt6"]\n    node_venv_lib_python3_12_site-packages_PyQt6_Qt6 --> node_venv_lib_python3_12_site-packages_PyQt6_Qt6_qml["qml"]\n    node_venv_lib_python3_12_site-packages_PyQt6_Qt6_qml --> node_venv_lib_python3_12_site-packages_PyQt6_Qt6_qml_QtQuick["QtQuick"]\n    node_venv_lib_python3_12_site-packages_PyQt6_Qt6_qml_QtQuick --> node_venv_lib_python3_12_site-packages_PyQt6_Qt6_qml_QtQuick_Controls["Controls"]\n    node_venv_lib_python3_12_site-packages_PyQt6_Qt6_qml_QtQuick_Controls --> node_venv_lib_python3_12_site-packages_PyQt6_Qt6_qml_QtQuick_Controls_FluentWinUI3["FluentWinUI3"]\n    node_venv_lib_python3_12_site-packages_PyQt6_Qt6_qml_QtQuick_Controls_FluentWinUI3 --> node_venv_lib_python3_12_site-packages_PyQt6_Qt6_qml_QtQuick_Controls_FluentWinUI3_light["light"]\n    node_venv_lib_python3_12_site-packages_PyQt6_Qt6_qml_QtQuick_Controls_FluentWinUI3_light --> node_venv_lib_python3_12_site-packages_PyQt6_Qt6_qml_QtQuick_Controls_FluentWinUI3_light_images["images"]\n    node_venv_lib_python3_12_site-packages_PyQt6_Qt6_qml_QtQuick_Controls_FluentWinUI3_light_images --> node_venv_lib_python3_12_site-packages_PyQt6_Qt6_qml_QtQuick_Controls_FluentWinUI3_light_images_rangeslider-groove_png["rangeslider-groove.png"]\n    Root --> node_venv["venv"]\n    node_venv --> node_venv_lib["lib"]\n    node_venv_lib --> node_venv_lib_python3_12["python3.12"]\n    node_venv_lib_python3_12 --> node_venv_lib_python3_12_site-packages["site-packages"]\n    node_venv_lib_python3_12_site-packages --> node_venv_lib_python3_12_site-packages_PyQt6["PyQt6"]\n    node_venv_lib_python3_12_site-packages_PyQt6 --> node_venv_lib_python3_12_site-packages_PyQt6_Qt6["Qt6"]\n    node_venv_lib_python3_12_site-packages_PyQt6_Qt6 --> node_venv_lib_python3_12_site-packages_PyQt6_Qt6_qml["qml"]\n    node_venv_lib_python3_12_site-packages_PyQt6_Qt6_qml --> node_venv_lib_python3_12_site-packages_PyQt6_Qt6_qml_QtQuick["QtQuick"]\n    node_venv_lib_python3_12_site-packages_PyQt6_Qt6_qml_QtQuick --> node_venv_lib_python3_12_site-packages_PyQt6_Qt6_qml_QtQuick_Controls["Controls"]\n    node_venv_lib_python3_12_site-packages_PyQt6_Qt6_qml_QtQuick_Controls --> node_venv_lib_python3_12_site-packages_PyQt6_Qt6_qml_QtQuick_Controls_FluentWinUI3["FluentWinUI3"]\n    node_venv_lib_python3_12_site-packages_PyQt6_Qt6_qml_QtQuick_Controls_FluentWinUI3 --> node_venv_lib_python3_12_site-packages_PyQt6_Qt6_qml_QtQuick_Controls_FluentWinUI3_light["light"]\n    node_venv_lib_python3_12_site-packages_PyQt6_Qt6_qml_QtQuick_Controls_FluentWinUI3_light --> node_venv_lib_python3_12_site-packages_PyQt6_Qt6_qml_QtQuick_Controls_FluentWinUI3_light_images["images"]\n    node_venv_lib_python3_12_site-packages_PyQt6_Qt6_qml_QtQuick_Controls_FluentWinUI3_light_images --> node_venv_lib_python3_12_site-packages_PyQt6_Qt6_qml_QtQuick_Controls_FluentWinUI3_light_images_rangeslider-groove@2x_png["rangeslider-groove@2x.png"]\n    Root --> node_venv["venv"]\n    node_venv --> node_venv_lib["lib"]\n    node_venv_lib --> node_venv_lib_python3_12["python3.12"]\n    node_venv_lib_python3_12 --> node_venv_lib_python3_12_site-packages["site-packages"]\n    node_venv_lib_python3_12_site-packages --> node_venv_lib_python3_12_site-packages_PyQt6["PyQt6"]\n    node_venv_lib_python3_12_site-packages_PyQt6 --> node_venv_lib_python3_12_site-packages_PyQt6_Qt6["Qt6"]\n    node_venv_lib_python3_12_site-packages_PyQt6_Qt6 --> node_venv_lib_python3_12_site-packages_PyQt6_Qt6_qml["qml"]\n    node_venv_lib_python3_12_site-packages_PyQt6_Qt6_qml --> node_venv_lib_python3_12_site-packages_PyQt6_Qt6_qml_QtQuick["QtQuick"]\n    node_venv_lib_python3_12_site-packages_PyQt6_Qt6_qml_QtQuick --> node_venv_lib_python3_12_site-packages_PyQt6_Qt6_qml_QtQuick_Controls["Controls"]\n    node_venv_lib_python3_12_site-packages_PyQt6_Qt6_qml_QtQuick_Controls --> node_venv_lib_python3_12_site-packages_PyQt6_Qt6_qml_QtQuick_Controls_FluentWinUI3["FluentWinUI3"]\n    node_venv_lib_python3_12_site-packages_PyQt6_Qt6_qml_QtQuick_Controls_FluentWinUI3 --> node_venv_lib_python3_12_site-packages_PyQt6_Qt6_qml_QtQuick_Controls_FluentWinUI3_light["light"]\n    node_venv_lib_python3_12_site-packages_PyQt6_Qt6_qml_QtQuick_Controls_FluentWinUI3_light --> node_venv_lib_python3_12_site-packages_PyQt6_Qt6_qml_QtQuick_Controls_FluentWinUI3_light_images["images"]\n    node_venv_lib_python3_12_site-packages_PyQt6_Qt6_qml_QtQuick_Controls_FluentWinUI3_light_images --> node_venv_lib_python3_12_site-packages_PyQt6_Qt6_qml_QtQuick_Controls_FluentWinUI3_light_images_rangeslider-groove@3x_png["rangeslider-groove@3x.png"]\n    Root --> node_venv["venv"]\n    node_venv --> node_venv_lib["lib"]\n    node_venv_lib --> node_venv_lib_python3_12["python3.12"]\n    node_venv_lib_python3_12 --> node_venv_lib_python3_12_site-packages["site-packages"]\n    node_venv_lib_python3_12_site-packages --> node_venv_lib_python3_12_site-packages_PyQt6["PyQt6"]\n    node_venv_lib_python3_12_site-packages_PyQt6 --> node_venv_lib_python3_12_site-packages_PyQt6_Qt6["Qt6"]\n    node_venv_lib_python3_12_site-packages_PyQt6_Qt6 --> node_venv_lib_python3_12_site-packages_PyQt6_Qt6_qml["qml"]\n    node_venv_lib_python3_12_site-packages_PyQt6_Qt6_qml --> node_venv_lib_python3_12_site-packages_PyQt6_Qt6_qml_QtQuick["QtQuick"]\n    node_venv_lib_python3_12_site-packages_PyQt6_Qt6_qml_QtQuick --> node_venv_lib_python3_12_site-packages_PyQt6_Qt6_qml_QtQuick_Controls["Controls"]\n    node_venv_lib_python3_12_site-packages_PyQt6_Qt6_qml_QtQuick_Controls --> node_venv_lib_python3_12_site-packages_PyQt6_Qt6_qml_QtQuick_Controls_FluentWinUI3["FluentWinUI3"]\n    node_venv_lib_python3_12_site-packages_PyQt6_Qt6_qml_QtQuick_Controls_FluentWinUI3 --> node_venv_lib_python3_12_site-packages_PyQt6_Qt6_qml_QtQuick_Controls_FluentWinUI3_light["light"]\n    node_venv_lib_python3_12_site-packages_PyQt6_Qt6_qml_QtQuick_Controls_FluentWinUI3_light --> node_venv_lib_python3_12_site-packages_PyQt6_Qt6_qml_QtQuick_Controls_FluentWinUI3_light_images["images"]\n    node_venv_lib_python3_12_site-packages_PyQt6_Qt6_qml_QtQuick_Controls_FluentWinUI3_light_images --> node_venv_lib_python3_12_site-packages_PyQt6_Qt6_qml_QtQuick_Controls_FluentWinUI3_light_images_rangeslider-second-handle-disabled_png["rangeslider-second-handle-disabled.png"]\n    Root --> node_venv["venv"]\n    node_venv --> node_venv_lib["lib"]\n    node_venv_lib --> node_venv_lib_python3_12["python3.12"]\n    node_venv_lib_python3_12 --> node_venv_lib_python3_12_site-packages["site-packages"]\n    node_venv_lib_python3_12_site-packages --> node_venv_lib_python3_12_site-packages_PyQt6["PyQt6"]\n    node_venv_lib_python3_12_site-packages_PyQt6 --> node_venv_lib_python3_12_site-packages_PyQt6_Qt6["Qt6"]\n    node_venv_lib_python3_12_site-packages_PyQt6_Qt6 --> node_venv_lib_python3_12_site-packages_PyQt6_Qt6_qml["qml"]\n    node_venv_lib_python3_12_site-packages_PyQt6_Qt6_qml --> node_venv_lib_python3_12_site-packages_PyQt6_Qt6_qml_QtQuick["QtQuick"]\n    node_venv_lib_python3_12_site-packages_PyQt6_Qt6_qml_QtQuick --> node_venv_lib_python3_12_site-packages_PyQt6_Qt6_qml_QtQuick_Controls["Controls"]\n    node_venv_lib_python3_12_site-packages_PyQt6_Qt6_qml_QtQuick_Controls --> node_venv_lib_python3_12_site-packages_PyQt6_Qt6_qml_QtQuick_Controls_FluentWinUI3["FluentWinUI3"]\n    node_venv_lib_python3_12_site-packages_PyQt6_Qt6_qml_QtQuick_Controls_FluentWinUI3 --> node_venv_lib_python3_12_site-packages_PyQt6_Qt6_qml_QtQuick_Controls_FluentWinUI3_light["light"]\n    node_venv_lib_python3_12_site-packages_PyQt6_Qt6_qml_QtQuick_Controls_FluentWinUI3_light --> node_venv_lib_python3_12_site-packages_PyQt6_Qt6_qml_QtQuick_Controls_FluentWinUI3_light_images["images"]\n    node_venv_lib_python3_12_site-packages_PyQt6_Qt6_qml_QtQuick_Controls_FluentWinUI3_light_images --> node_venv_lib_python3_12_site-packages_PyQt6_Qt6_qml_QtQuick_Controls_FluentWinUI3_light_images_rangeslider-second-handle-disabled@2x_png["rangeslider-second-handle-disabled@2x.png"]\n    Root --> node_venv["venv"]\n    node_venv --> node_venv_lib["lib"]\n    node_venv_lib --> node_venv_lib_python3_12["python3.12"]\n    node_venv_lib_python3_12 --> node_venv_lib_python3_12_site-packages["site-packages"]\n    node_venv_lib_python3_12_site-packages --> node_venv_lib_python3_12_site-packages_PyQt6["PyQt6"]\n    node_venv_lib_python3_12_site-packages_PyQt6 --> node_venv_lib_python3_12_site-packages_PyQt6_Qt6["Qt6"]\n    node_venv_lib_python3_12_site-packages_PyQt6_Qt6 --> node_venv_lib_python3_12_site-packages_PyQt6_Qt6_qml["qml"]\n    node_venv_lib_python3_12_site-packages_PyQt6_Qt6_qml --> node_venv_lib_python3_12_site-packages_PyQt6_Qt6_qml_QtQuick["QtQuick"]\n    node_venv_lib_python3_12_site-packages_PyQt6_Qt6_qml_QtQuick --> node_venv_lib_python3_12_site-packages_PyQt6_Qt6_qml_QtQuick_Controls["Controls"]\n    node_venv_lib_python3_12_site-packages_PyQt6_Qt6_qml_QtQuick_Controls --> node_venv_lib_python3_12_site-packages_PyQt6_Qt6_qml_QtQuick_Controls_FluentWinUI3["FluentWinUI3"]\n    node_venv_lib_python3_12_site-packages_PyQt6_Qt6_qml_QtQuick_Controls_FluentWinUI3 --> node_venv_lib_python3_12_site-packages_PyQt6_Qt6_qml_QtQuick_Controls_FluentWinUI3_light["light"]\n    node_venv_lib_python3_12_site-packages_PyQt6_Qt6_qml_QtQuick_Controls_FluentWinUI3_light --> node_venv_lib_python3_12_site-packages_PyQt6_Qt6_qml_QtQuick_Controls_FluentWinUI3_light_images["images"]\n    node_venv_lib_python3_12_site-packages_PyQt6_Qt6_qml_QtQuick_Controls_FluentWinUI3_light_images --> node_venv_lib_python3_12_site-packages_PyQt6_Qt6_qml_QtQuick_Controls_FluentWinUI3_light_images_rangeslider-second-handle-disabled@3x_png["rangeslider-second-handle-disabled@3x.png"]\n    Root --> node_venv["venv"]\n    node_venv --> node_venv_lib["lib"]\n    node_venv_lib --> node_venv_lib_python3_12["python3.12"]\n    node_venv_lib_python3_12 --> node_venv_lib_python3_12_site-packages["site-packages"]\n    node_venv_lib_python3_12_site-packages --> node_venv_lib_python3_12_site-packages_PyQt6["PyQt6"]\n    node_venv_lib_python3_12_site-packages_PyQt6 --> node_venv_lib_python3_12_site-packages_PyQt6_Qt6["Qt6"]\n    node_venv_lib_python3_12_site-packages_PyQt6_Qt6 --> node_venv_lib_python3_12_site-packages_PyQt6_Qt6_qml["qml"]\n    node_venv_lib_python3_12_site-packages_PyQt6_Qt6_qml --> node_venv_lib_python3_12_site-packages_PyQt6_Qt6_qml_QtQuick["QtQuick"]\n    node_venv_lib_python3_12_site-packages_PyQt6_Qt6_qml_QtQuick --> node_venv_lib_python3_12_site-packages_PyQt6_Qt6_qml_QtQuick_Controls["Controls"]\n    node_venv_lib_python3_12_site-packages_PyQt6_Qt6_qml_QtQuick_Controls --> node_venv_lib_python3_12_site-packages_PyQt6_Qt6_qml_QtQuick_Controls_FluentWinUI3["FluentWinUI3"]\n    node_venv_lib_python3_12_site-packages_PyQt6_Qt6_qml_QtQuick_Controls_FluentWinUI3 --> node_venv_lib_python3_12_site-packages_PyQt6_Qt6_qml_QtQuick_Controls_FluentWinUI3_light["light"]\n    node_venv_lib_python3_12_site-packages_PyQt6_Qt6_qml_QtQuick_Controls_FluentWinUI3_light --> node_venv_lib_python3_12_site-packages_PyQt6_Qt6_qml_QtQuick_Controls_FluentWinUI3_light_images["images"]\n    node_venv_lib_python3_12_site-packages_PyQt6_Qt6_qml_QtQuick_Controls_FluentWinUI3_light_images --> node_venv_lib_python3_12_site-packages_PyQt6_Qt6_qml_QtQuick_Controls_FluentWinUI3_light_images_rangeslider-second-handle-handle-pressed_png["rangeslider-second-handle-handle-pressed.png"]\n    Root --> node_venv["venv"]\n    node_venv --> node_venv_lib["lib"]\n    node_venv_lib --> node_venv_lib_python3_12["python3.12"]\n    node_venv_lib_python3_12 --> node_venv_lib_python3_12_site-packages["site-packages"]\n    node_venv_lib_python3_12_site-packages --> node_venv_lib_python3_12_site-packages_PyQt6["PyQt6"]\n    node_venv_lib_python3_12_site-packages_PyQt6 --> node_venv_lib_python3_12_site-packages_PyQt6_Qt6["Qt6"]\n    node_venv_lib_python3_12_site-packages_PyQt6_Qt6 --> node_venv_lib_python3_12_site-packages_PyQt6_Qt6_qml["qml"]\n    node_venv_lib_python3_12_site-packages_PyQt6_Qt6_qml --> node_venv_lib_python3_12_site-packages_PyQt6_Qt6_qml_QtQuick["QtQuick"]\n    node_venv_lib_python3_12_site-packages_PyQt6_Qt6_qml_QtQuick --> node_venv_lib_python3_12_site-packages_PyQt6_Qt6_qml_QtQuick_Controls["Controls"]\n    node_venv_lib_python3_12_site-packages_PyQt6_Qt6_qml_QtQuick_Controls --> node_venv_lib_python3_12_site-packages_PyQt6_Qt6_qml_QtQuick_Controls_FluentWinUI3["FluentWinUI3"]\n    node_venv_lib_python3_12_site-packages_PyQt6_Qt6_qml_QtQuick_Controls_FluentWinUI3 --> node_venv_lib_python3_12_site-packages_PyQt6_Qt6_qml_QtQuick_Controls_FluentWinUI3_light["light"]\n    node_venv_lib_python3_12_site-packages_PyQt6_Qt6_qml_QtQuick_Controls_FluentWinUI3_light --> node_venv_lib_python3_12_site-packages_PyQt6_Qt6_qml_QtQuick_Controls_FluentWinUI3_light_images["images"]\n    node_venv_lib_python3_12_site-packages_PyQt6_Qt6_qml_QtQuick_Controls_FluentWinUI3_light_images --> node_venv_lib_python3_12_site-packages_PyQt6_Qt6_qml_QtQuick_Controls_FluentWinUI3_light_images_rangeslider-second-handle-handle-pressed@2x_png["rangeslider-second-handle-handle-pressed@2x.png"]\n    Root --> node_venv["venv"]\n    node_venv --> node_venv_lib["lib"]\n    node_venv_lib --> node_venv_lib_python3_12["python3.12"]\n    node_venv_lib_python3_12 --> node_venv_lib_python3_12_site-packages["site-packages"]\n    node_venv_lib_python3_12_site-packages --> node_venv_lib_python3_12_site-packages_PyQt6["PyQt6"]\n    node_venv_lib_python3_12_site-packages_PyQt6 --> node_venv_lib_python3_12_site-packages_PyQt6_Qt6["Qt6"]\n    node_venv_lib_python3_12_site-packages_PyQt6_Qt6 --> node_venv_lib_python3_12_site-packages_PyQt6_Qt6_qml["qml"]\n    node_venv_lib_python3_12_site-packages_PyQt6_Qt6_qml --> node_venv_lib_python3_12_site-packages_PyQt6_Qt6_qml_QtQuick["QtQuick"]\n    node_venv_lib_python3_12_site-packages_PyQt6_Qt6_qml_QtQuick --> node_venv_lib_python3_12_site-packages_PyQt6_Qt6_qml_QtQuick_Controls["Controls"]\n    node_venv_lib_python3_12_site-packages_PyQt6_Qt6_qml_QtQuick_Controls --> node_venv_lib_python3_12_site-packages_PyQt6_Qt6_qml_QtQuick_Controls_FluentWinUI3["FluentWinUI3"]\n    node_venv_lib_python3_12_site-packages_PyQt6_Qt6_qml_QtQuick_Controls_FluentWinUI3 --> node_venv_lib_python3_12_site-packages_PyQt6_Qt6_qml_QtQuick_Controls_FluentWinUI3_light["light"]\n    node_venv_lib_python3_12_site-packages_PyQt6_Qt6_qml_QtQuick_Controls_FluentWinUI3_light --> node_venv_lib_python3_12_site-packages_PyQt6_Qt6_qml_QtQuick_Controls_FluentWinUI3_light_images["images"]\n    node_venv_lib_python3_12_site-packages_PyQt6_Qt6_qml_QtQuick_Controls_FluentWinUI3_light_images --> node_venv_lib_python3_12_site-packages_PyQt6_Qt6_qml_QtQuick_Controls_FluentWinUI3_light_images_rangeslider-second-handle-handle-pressed@3x_png["rangeslider-second-handle-handle-pressed@3x.png"]\n    Root --> node_venv["venv"]\n    node_venv --> node_venv_lib["lib"]\n    node_venv_lib --> node_venv_lib_python3_12["python3.12"]\n    node_venv_lib_python3_12 --> node_venv_lib_python3_12_site-packages["site-packages"]\n    node_venv_lib_python3_12_site-packages --> node_venv_lib_python3_12_site-packages_PyQt6["PyQt6"]\n    node_venv_lib_python3_12_site-packages_PyQt6 --> node_venv_lib_python3_12_site-packages_PyQt6_Qt6["Qt6"]\n    node_venv_lib_python3_12_site-packages_PyQt6_Qt6 --> node_venv_lib_python3_12_site-packages_PyQt6_Qt6_qml["qml"]\n    node_venv_lib_python3_12_site-packages_PyQt6_Qt6_qml --> node_venv_lib_python3_12_site-packages_PyQt6_Qt6_qml_QtQuick["QtQuick"]\n    node_venv_lib_python3_12_site-packages_PyQt6_Qt6_qml_QtQuick --> node_venv_lib_python3_12_site-packages_PyQt6_Qt6_qml_QtQuick_Controls["Controls"]\n    node_venv_lib_python3_12_site-packages_PyQt6_Qt6_qml_QtQuick_Controls --> node_venv_lib_python3_12_site-packages_PyQt6_Qt6_qml_QtQuick_Controls_FluentWinUI3["FluentWinUI3"]\n    node_venv_lib_python3_12_site-packages_PyQt6_Qt6_qml_QtQuick_Controls_FluentWinUI3 --> node_venv_lib_python3_12_site-packages_PyQt6_Qt6_qml_QtQuick_Controls_FluentWinUI3_light["light"]\n    node_venv_lib_python3_12_site-packages_PyQt6_Qt6_qml_QtQuick_Controls_FluentWinUI3_light --> node_venv_lib_python3_12_site-packages_PyQt6_Qt6_qml_QtQuick_Controls_FluentWinUI3_light_images["images"]\n    node_venv_lib_python3_12_site-packages_PyQt6_Qt6_qml_QtQuick_Controls_FluentWinUI3_light_images --> node_venv_lib_python3_12_site-packages_PyQt6_Qt6_qml_QtQuick_Controls_FluentWinUI3_light_images_rangeslider-second-handle-hovered_png["rangeslider-second-handle-hovered.png"]\n    Root --> node_venv["venv"]\n    node_venv --> node_venv_lib["lib"]\n    node_venv_lib --> node_venv_lib_python3_12["python3.12"]\n    node_venv_lib_python3_12 --> node_venv_lib_python3_12_site-packages["site-packages"]\n    node_venv_lib_python3_12_site-packages --> node_venv_lib_python3_12_site-packages_PyQt6["PyQt6"]\n    node_venv_lib_python3_12_site-packages_PyQt6 --> node_venv_lib_python3_12_site-packages_PyQt6_Qt6["Qt6"]\n    node_venv_lib_python3_12_site-packages_PyQt6_Qt6 --> node_venv_lib_python3_12_site-packages_PyQt6_Qt6_qml["qml"]\n    node_venv_lib_python3_12_site-packages_PyQt6_Qt6_qml --> node_venv_lib_python3_12_site-packages_PyQt6_Qt6_qml_QtQuick["QtQuick"]\n    node_venv_lib_python3_12_site-packages_PyQt6_Qt6_qml_QtQuick --> node_venv_lib_python3_12_site-packages_PyQt6_Qt6_qml_QtQuick_Controls["Controls"]\n    node_venv_lib_python3_12_site-packages_PyQt6_Qt6_qml_QtQuick_Controls --> node_venv_lib_python3_12_site-packages_PyQt6_Qt6_qml_QtQuick_Controls_FluentWinUI3["FluentWinUI3"]\n    node_venv_lib_python3_12_site-packages_PyQt6_Qt6_qml_QtQuick_Controls_FluentWinUI3 --> node_venv_lib_python3_12_site-packages_PyQt6_Qt6_qml_QtQuick_Controls_FluentWinUI3_light["light"]\n    node_venv_lib_python3_12_site-packages_PyQt6_Qt6_qml_QtQuick_Controls_FluentWinUI3_light --> node_venv_lib_python3_12_site-packages_PyQt6_Qt6_qml_QtQuick_Controls_FluentWinUI3_light_images["images"]\n    node_venv_lib_python3_12_site-packages_PyQt6_Qt6_qml_QtQuick_Controls_FluentWinUI3_light_images --> node_venv_lib_python3_12_site-packages_PyQt6_Qt6_qml_QtQuick_Controls_FluentWinUI3_light_images_rangeslider-second-handle-hovered@2x_png["rangeslider-second-handle-hovered@2x.png"]\n    Root --> node_venv["venv"]\n    node_venv --> node_venv_lib["lib"]\n    node_venv_lib --> node_venv_lib_python3_12["python3.12"]\n    node_venv_lib_python3_12 --> node_venv_lib_python3_12_site-packages["site-packages"]\n    node_venv_lib_python3_12_site-packages --> node_venv_lib_python3_12_site-packages_PyQt6["PyQt6"]\n    node_venv_lib_python3_12_site-packages_PyQt6 --> node_venv_lib_python3_12_site-packages_PyQt6_Qt6["Qt6"]\n    node_venv_lib_python3_12_site-packages_PyQt6_Qt6 --> node_venv_lib_python3_12_site-packages_PyQt6_Qt6_qml["qml"]\n    node_venv_lib_python3_12_site-packages_PyQt6_Qt6_qml --> node_venv_lib_python3_12_site-packages_PyQt6_Qt6_qml_QtQuick["QtQuick"]\n    node_venv_lib_python3_12_site-packages_PyQt6_Qt6_qml_QtQuick --> node_venv_lib_python3_12_site-packages_PyQt6_Qt6_qml_QtQuick_Controls["Controls"]\n    node_venv_lib_python3_12_site-packages_PyQt6_Qt6_qml_QtQuick_Controls --> node_venv_lib_python3_12_site-packages_PyQt6_Qt6_qml_QtQuick_Controls_FluentWinUI3["FluentWinUI3"]\n    node_venv_lib_python3_12_site-packages_PyQt6_Qt6_qml_QtQuick_Controls_FluentWinUI3 --> node_venv_lib_python3_12_site-packages_PyQt6_Qt6_qml_QtQuick_Controls_FluentWinUI3_light["light"]\n    node_venv_lib_python3_12_site-packages_PyQt6_Qt6_qml_QtQuick_Controls_FluentWinUI3_light --> node_venv_lib_python3_12_site-packages_PyQt6_Qt6_qml_QtQuick_Controls_FluentWinUI3_light_images["images"]\n    node_venv_lib_python3_12_site-packages_PyQt6_Qt6_qml_QtQuick_Controls_FluentWinUI3_light_images --> node_venv_lib_python3_12_site-packages_PyQt6_Qt6_qml_QtQuick_Controls_FluentWinUI3_light_images_rangeslider-second-handle-hovered@3x_png["rangeslider-second-handle-hovered@3x.png"]\n    Root --> node_venv["venv"]\n    node_venv --> node_venv_lib["lib"]\n    node_venv_lib --> node_venv_lib_python3_12["python3.12"]\n    node_venv_lib_python3_12 --> node_venv_lib_python3_12_site-packages["site-packages"]\n    node_venv_lib_python3_12_site-packages --> node_venv_lib_python3_12_site-packages_PyQt6["PyQt6"]\n    node_venv_lib_python3_12_site-packages_PyQt6 --> node_venv_lib_python3_12_site-packages_PyQt6_Qt6["Qt6"]\n    node_venv_lib_python3_12_site-packages_PyQt6_Qt6 --> node_venv_lib_python3_12_site-packages_PyQt6_Qt6_qml["qml"]\n    node_venv_lib_python3_12_site-packages_PyQt6_Qt6_qml --> node_venv_lib_python3_12_site-packages_PyQt6_Qt6_qml_QtQuick["QtQuick"]\n    node_venv_lib_python3_12_site-packages_PyQt6_Qt6_qml_QtQuick --> node_venv_lib_python3_12_site-packages_PyQt6_Qt6_qml_QtQuick_Controls["Controls"]\n    node_venv_lib_python3_12_site-packages_PyQt6_Qt6_qml_QtQuick_Controls --> node_venv_lib_python3_12_site-packages_PyQt6_Qt6_qml_QtQuick_Controls_FluentWinUI3["FluentWinUI3"]\n    node_venv_lib_python3_12_site-packages_PyQt6_Qt6_qml_QtQuick_Controls_FluentWinUI3 --> node_venv_lib_python3_12_site-packages_PyQt6_Qt6_qml_QtQuick_Controls_FluentWinUI3_light["light"]\n    node_venv_lib_python3_12_site-packages_PyQt6_Qt6_qml_QtQuick_Controls_FluentWinUI3_light --> node_venv_lib_python3_12_site-packages_PyQt6_Qt6_qml_QtQuick_Controls_FluentWinUI3_light_images["images"]\n    node_venv_lib_python3_12_site-packages_PyQt6_Qt6_qml_QtQuick_Controls_FluentWinUI3_light_images --> node_venv_lib_python3_12_site-packages_PyQt6_Qt6_qml_QtQuick_Controls_FluentWinUI3_light_images_rangeslider-second-handle_png["rangeslider-second-handle.png"]\n    Root --> node_venv["venv"]\n    node_venv --> node_venv_lib["lib"]\n    node_venv_lib --> node_venv_lib_python3_12["python3.12"]\n    node_venv_lib_python3_12 --> node_venv_lib_python3_12_site-packages["site-packages"]\n    node_venv_lib_python3_12_site-packages --> node_venv_lib_python3_12_site-packages_PyQt6["PyQt6"]\n    node_venv_lib_python3_12_site-packages_PyQt6 --> node_venv_lib_python3_12_site-packages_PyQt6_Qt6["Qt6"]\n    node_venv_lib_python3_12_site-packages_PyQt6_Qt6 --> node_venv_lib_python3_12_site-packages_PyQt6_Qt6_qml["qml"]\n    node_venv_lib_python3_12_site-packages_PyQt6_Qt6_qml --> node_venv_lib_python3_12_site-packages_PyQt6_Qt6_qml_QtQuick["QtQuick"]\n    node_venv_lib_python3_12_site-packages_PyQt6_Qt6_qml_QtQuick --> node_venv_lib_python3_12_site-packages_PyQt6_Qt6_qml_QtQuick_Controls["Controls"]\n    node_venv_lib_python3_12_site-packages_PyQt6_Qt6_qml_QtQuick_Controls --> node_venv_lib_python3_12_site-packages_PyQt6_Qt6_qml_QtQuick_Controls_FluentWinUI3["FluentWinUI3"]\n    node_venv_lib_python3_12_site-packages_PyQt6_Qt6_qml_QtQuick_Controls_FluentWinUI3 --> node_venv_lib_python3_12_site-packages_PyQt6_Qt6_qml_QtQuick_Controls_FluentWinUI3_light["light"]\n    node_venv_lib_python3_12_site-packages_PyQt6_Qt6_qml_QtQuick_Controls_FluentWinUI3_light --> node_venv_lib_python3_12_site-packages_PyQt6_Qt6_qml_QtQuick_Controls_FluentWinUI3_light_images["images"]\n    node_venv_lib_python3_12_site-packages_PyQt6_Qt6_qml_QtQuick_Controls_FluentWinUI3_light_images --> node_venv_lib_python3_12_site-packages_PyQt6_Qt6_qml_QtQuick_Controls_FluentWinUI3_light_images_rangeslider-second-handle@2x_png["rangeslider-second-handle@2x.png"]\n    Root --> node_venv["venv"]\n    node_venv --> node_venv_lib["lib"]\n    node_venv_lib --> node_venv_lib_python3_12["python3.12"]\n    node_venv_lib_python3_12 --> node_venv_lib_python3_12_site-packages["site-packages"]\n    node_venv_lib_python3_12_site-packages --> node_venv_lib_python3_12_site-packages_PyQt6["PyQt6"]\n    node_venv_lib_python3_12_site-packages_PyQt6 --> node_venv_lib_python3_12_site-packages_PyQt6_Qt6["Qt6"]\n    node_venv_lib_python3_12_site-packages_PyQt6_Qt6 --> node_venv_lib_python3_12_site-packages_PyQt6_Qt6_qml["qml"]\n    node_venv_lib_python3_12_site-packages_PyQt6_Qt6_qml --> node_venv_lib_python3_12_site-packages_PyQt6_Qt6_qml_QtQuick["QtQuick"]\n    node_venv_lib_python3_12_site-packages_PyQt6_Qt6_qml_QtQuick --> node_venv_lib_python3_12_site-packages_PyQt6_Qt6_qml_QtQuick_Controls["Controls"]\n    node_venv_lib_python3_12_site-packages_PyQt6_Qt6_qml_QtQuick_Controls --> node_venv_lib_python3_12_site-packages_PyQt6_Qt6_qml_QtQuick_Controls_FluentWinUI3["FluentWinUI3"]\n    node_venv_lib_python3_12_site-packages_PyQt6_Qt6_qml_QtQuick_Controls_FluentWinUI3 --> node_venv_lib_python3_12_site-packages_PyQt6_Qt6_qml_QtQuick_Controls_FluentWinUI3_light["light"]\n    node_venv_lib_python3_12_site-packages_PyQt6_Qt6_qml_QtQuick_Controls_FluentWinUI3_light --> node_venv_lib_python3_12_site-packages_PyQt6_Qt6_qml_QtQuick_Controls_FluentWinUI3_light_images["images"]\n    node_venv_lib_python3_12_site-packages_PyQt6_Qt6_qml_QtQuick_Controls_FluentWinUI3_light_images --> node_venv_lib_python3_12_site-packages_PyQt6_Qt6_qml_QtQuick_Controls_FluentWinUI3_light_images_rangeslider-second-handle@3x_png["rangeslider-second-handle@3x.png"]\n    Root --> node_venv["venv"]\n    node_venv --> node_venv_lib["lib"]\n    node_venv_lib --> node_venv_lib_python3_12["python3.12"]\n    node_venv_lib_python3_12 --> node_venv_lib_python3_12_site-packages["site-packages"]\n    node_venv_lib_python3_12_site-packages --> node_venv_lib_python3_12_site-packages_PyQt6["PyQt6"]\n    node_venv_lib_python3_12_site-packages_PyQt6 --> node_venv_lib_python3_12_site-packages_PyQt6_Qt6["Qt6"]\n    node_venv_lib_python3_12_site-packages_PyQt6_Qt6 --> node_venv_lib_python3_12_site-packages_PyQt6_Qt6_qml["qml"]\n    node_venv_lib_python3_12_site-packages_PyQt6_Qt6_qml --> node_venv_lib_python3_12_site-packages_PyQt6_Qt6_qml_QtQuick["QtQuick"]\n    node_venv_lib_python3_12_site-packages_PyQt6_Qt6_qml_QtQuick --> node_venv_lib_python3_12_site-packages_PyQt6_Qt6_qml_QtQuick_Controls["Controls"]\n    node_venv_lib_python3_12_site-packages_PyQt6_Qt6_qml_QtQuick_Controls --> node_venv_lib_python3_12_site-packages_PyQt6_Qt6_qml_QtQuick_Controls_FluentWinUI3["FluentWinUI3"]\n    node_venv_lib_python3_12_site-packages_PyQt6_Qt6_qml_QtQuick_Controls_FluentWinUI3 --> node_venv_lib_python3_12_site-packages_PyQt6_Qt6_qml_QtQuick_Controls_FluentWinUI3_light["light"]\n    node_venv_lib_python3_12_site-packages_PyQt6_Qt6_qml_QtQuick_Controls_FluentWinUI3_light --> node_venv_lib_python3_12_site-packages_PyQt6_Qt6_qml_QtQuick_Controls_FluentWinUI3_light_images["images"]\n    node_venv_lib_python3_12_site-packages_PyQt6_Qt6_qml_QtQuick_Controls_FluentWinUI3_light_images --> node_venv_lib_python3_12_site-packages_PyQt6_Qt6_qml_QtQuick_Controls_FluentWinUI3_light_images_slider-groove-disabled_png["slider-groove-disabled.png"]\n    Root --> node_venv["venv"]\n    node_venv --> node_venv_lib["lib"]\n    node_venv_lib --> node_venv_lib_python3_12["python3.12"]\n    node_venv_lib_python3_12 --> node_venv_lib_python3_12_site-packages["site-packages"]\n    node_venv_lib_python3_12_site-packages --> node_venv_lib_python3_12_site-packages_PyQt6["PyQt6"]\n    node_venv_lib_python3_12_site-packages_PyQt6 --> node_venv_lib_python3_12_site-packages_PyQt6_Qt6["Qt6"]\n    node_venv_lib_python3_12_site-packages_PyQt6_Qt6 --> node_venv_lib_python3_12_site-packages_PyQt6_Qt6_qml["qml"]\n    node_venv_lib_python3_12_site-packages_PyQt6_Qt6_qml --> node_venv_lib_python3_12_site-packages_PyQt6_Qt6_qml_QtQuick["QtQuick"]\n    node_venv_lib_python3_12_site-packages_PyQt6_Qt6_qml_QtQuick --> node_venv_lib_python3_12_site-packages_PyQt6_Qt6_qml_QtQuick_Controls["Controls"]\n    node_venv_lib_python3_12_site-packages_PyQt6_Qt6_qml_QtQuick_Controls --> node_venv_lib_python3_12_site-packages_PyQt6_Qt6_qml_QtQuick_Controls_FluentWinUI3["FluentWinUI3"]\n    node_venv_lib_python3_12_site-packages_PyQt6_Qt6_qml_QtQuick_Controls_FluentWinUI3 --> node_venv_lib_python3_12_site-packages_PyQt6_Qt6_qml_QtQuick_Controls_FluentWinUI3_light["light"]\n    node_venv_lib_python3_12_site-packages_PyQt6_Qt6_qml_QtQuick_Controls_FluentWinUI3_light --> node_venv_lib_python3_12_site-packages_PyQt6_Qt6_qml_QtQuick_Controls_FluentWinUI3_light_images["images"]\n    node_venv_lib_python3_12_site-packages_PyQt6_Qt6_qml_QtQuick_Controls_FluentWinUI3_light_images --> node_venv_lib_python3_12_site-packages_PyQt6_Qt6_qml_QtQuick_Controls_FluentWinUI3_light_images_slider-groove-disabled@2x_png["slider-groove-disabled@2x.png"]\n    Root --> node_venv["venv"]\n    node_venv --> node_venv_lib["lib"]\n    node_venv_lib --> node_venv_lib_python3_12["python3.12"]\n    node_venv_lib_python3_12 --> node_venv_lib_python3_12_site-packages["site-packages"]\n    node_venv_lib_python3_12_site-packages --> node_venv_lib_python3_12_site-packages_PyQt6["PyQt6"]\n    node_venv_lib_python3_12_site-packages_PyQt6 --> node_venv_lib_python3_12_site-packages_PyQt6_Qt6["Qt6"]\n    node_venv_lib_python3_12_site-packages_PyQt6_Qt6 --> node_venv_lib_python3_12_site-packages_PyQt6_Qt6_qml["qml"]\n    node_venv_lib_python3_12_site-packages_PyQt6_Qt6_qml --> node_venv_lib_python3_12_site-packages_PyQt6_Qt6_qml_QtQuick["QtQuick"]\n    node_venv_lib_python3_12_site-packages_PyQt6_Qt6_qml_QtQuick --> node_venv_lib_python3_12_site-packages_PyQt6_Qt6_qml_QtQuick_Controls["Controls"]\n    node_venv_lib_python3_12_site-packages_PyQt6_Qt6_qml_QtQuick_Controls --> node_venv_lib_python3_12_site-packages_PyQt6_Qt6_qml_QtQuick_Controls_FluentWinUI3["FluentWinUI3"]\n    node_venv_lib_python3_12_site-packages_PyQt6_Qt6_qml_QtQuick_Controls_FluentWinUI3 --> node_venv_lib_python3_12_site-packages_PyQt6_Qt6_qml_QtQuick_Controls_FluentWinUI3_light["light"]\n    node_venv_lib_python3_12_site-packages_PyQt6_Qt6_qml_QtQuick_Controls_FluentWinUI3_light --> node_venv_lib_python3_12_site-packages_PyQt6_Qt6_qml_QtQuick_Controls_FluentWinUI3_light_images["images"]\n    node_venv_lib_python3_12_site-packages_PyQt6_Qt6_qml_QtQuick_Controls_FluentWinUI3_light_images --> node_venv_lib_python3_12_site-packages_PyQt6_Qt6_qml_QtQuick_Controls_FluentWinUI3_light_images_slider-groove-disabled@3x_png["slider-groove-disabled@3x.png"]\n    Root --> node_venv["venv"]\n    node_venv --> node_venv_lib["lib"]\n    node_venv_lib --> node_venv_lib_python3_12["python3.12"]\n    node_venv_lib_python3_12 --> node_venv_lib_python3_12_site-packages["site-packages"]\n    node_venv_lib_python3_12_site-packages --> node_venv_lib_python3_12_site-packages_PyQt6["PyQt6"]\n    node_venv_lib_python3_12_site-packages_PyQt6 --> node_venv_lib_python3_12_site-packages_PyQt6_Qt6["Qt6"]\n    node_venv_lib_python3_12_site-packages_PyQt6_Qt6 --> node_venv_lib_python3_12_site-packages_PyQt6_Qt6_qml["qml"]\n    node_venv_lib_python3_12_site-packages_PyQt6_Qt6_qml --> node_venv_lib_python3_12_site-packages_PyQt6_Qt6_qml_QtQuick["QtQuick"]\n    node_venv_lib_python3_12_site-packages_PyQt6_Qt6_qml_QtQuick --> node_venv_lib_python3_12_site-packages_PyQt6_Qt6_qml_QtQuick_Controls["Controls"]\n    node_venv_lib_python3_12_site-packages_PyQt6_Qt6_qml_QtQuick_Controls --> node_venv_lib_python3_12_site-packages_PyQt6_Qt6_qml_QtQuick_Controls_FluentWinUI3["FluentWinUI3"]\n    node_venv_lib_python3_12_site-packages_PyQt6_Qt6_qml_QtQuick_Controls_FluentWinUI3 --> node_venv_lib_python3_12_site-packages_PyQt6_Qt6_qml_QtQuick_Controls_FluentWinUI3_light["light"]\n    node_venv_lib_python3_12_site-packages_PyQt6_Qt6_qml_QtQuick_Controls_FluentWinUI3_light --> node_venv_lib_python3_12_site-packages_PyQt6_Qt6_qml_QtQuick_Controls_FluentWinUI3_light_images["images"]\n    node_venv_lib_python3_12_site-packages_PyQt6_Qt6_qml_QtQuick_Controls_FluentWinUI3_light_images --> node_venv_lib_python3_12_site-packages_PyQt6_Qt6_qml_QtQuick_Controls_FluentWinUI3_light_images_slider-groove-hovered_png["slider-groove-hovered.png"]\n    Root --> node_venv["venv"]\n    node_venv --> node_venv_lib["lib"]\n    node_venv_lib --> node_venv_lib_python3_12["python3.12"]\n    node_venv_lib_python3_12 --> node_venv_lib_python3_12_site-packages["site-packages"]\n    node_venv_lib_python3_12_site-packages --> node_venv_lib_python3_12_site-packages_PyQt6["PyQt6"]\n    node_venv_lib_python3_12_site-packages_PyQt6 --> node_venv_lib_python3_12_site-packages_PyQt6_Qt6["Qt6"]\n    node_venv_lib_python3_12_site-packages_PyQt6_Qt6 --> node_venv_lib_python3_12_site-packages_PyQt6_Qt6_qml["qml"]\n    node_venv_lib_python3_12_site-packages_PyQt6_Qt6_qml --> node_venv_lib_python3_12_site-packages_PyQt6_Qt6_qml_QtQuick["QtQuick"]\n    node_venv_lib_python3_12_site-packages_PyQt6_Qt6_qml_QtQuick --> node_venv_lib_python3_12_site-packages_PyQt6_Qt6_qml_QtQuick_Controls["Controls"]\n    node_venv_lib_python3_12_site-packages_PyQt6_Qt6_qml_QtQuick_Controls --> node_venv_lib_python3_12_site-packages_PyQt6_Qt6_qml_QtQuick_Controls_FluentWinUI3["FluentWinUI3"]\n    node_venv_lib_python3_12_site-packages_PyQt6_Qt6_qml_QtQuick_Controls_FluentWinUI3 --> node_venv_lib_python3_12_site-packages_PyQt6_Qt6_qml_QtQuick_Controls_FluentWinUI3_light["light"]\n    node_venv_lib_python3_12_site-packages_PyQt6_Qt6_qml_QtQuick_Controls_FluentWinUI3_light --> node_venv_lib_python3_12_site-packages_PyQt6_Qt6_qml_QtQuick_Controls_FluentWinUI3_light_images["images"]\n    node_venv_lib_python3_12_site-packages_PyQt6_Qt6_qml_QtQuick_Controls_FluentWinUI3_light_images --> node_venv_lib_python3_12_site-packages_PyQt6_Qt6_qml_QtQuick_Controls_FluentWinUI3_light_images_slider-groove-hovered@2x_png["slider-groove-hovered@2x.png"]\n    Root --> node_venv["venv"]\n    node_venv --> node_venv_lib["lib"]\n    node_venv_lib --> node_venv_lib_python3_12["python3.12"]\n    node_venv_lib_python3_12 --> node_venv_lib_python3_12_site-packages["site-packages"]\n    node_venv_lib_python3_12_site-packages --> node_venv_lib_python3_12_site-packages_PyQt6["PyQt6"]\n    node_venv_lib_python3_12_site-packages_PyQt6 --> node_venv_lib_python3_12_site-packages_PyQt6_Qt6["Qt6"]\n    node_venv_lib_python3_12_site-packages_PyQt6_Qt6 --> node_venv_lib_python3_12_site-packages_PyQt6_Qt6_qml["qml"]\n    node_venv_lib_python3_12_site-packages_PyQt6_Qt6_qml --> node_venv_lib_python3_12_site-packages_PyQt6_Qt6_qml_QtQuick["QtQuick"]\n    node_venv_lib_python3_12_site-packages_PyQt6_Qt6_qml_QtQuick --> node_venv_lib_python3_12_site-packages_PyQt6_Qt6_qml_QtQuick_Controls["Controls"]\n    node_venv_lib_python3_12_site-packages_PyQt6_Qt6_qml_QtQuick_Controls --> node_venv_lib_python3_12_site-packages_PyQt6_Qt6_qml_QtQuick_Controls_FluentWinUI3["FluentWinUI3"]\n    node_venv_lib_python3_12_site-packages_PyQt6_Qt6_qml_QtQuick_Controls_FluentWinUI3 --> node_venv_lib_python3_12_site-packages_PyQt6_Qt6_qml_QtQuick_Controls_FluentWinUI3_light["light"]\n    node_venv_lib_python3_12_site-packages_PyQt6_Qt6_qml_QtQuick_Controls_FluentWinUI3_light --> node_venv_lib_python3_12_site-packages_PyQt6_Qt6_qml_QtQuick_Controls_FluentWinUI3_light_images["images"]\n    node_venv_lib_python3_12_site-packages_PyQt6_Qt6_qml_QtQuick_Controls_FluentWinUI3_light_images --> node_venv_lib_python3_12_site-packages_PyQt6_Qt6_qml_QtQuick_Controls_FluentWinUI3_light_images_slider-groove-hovered@3x_png["slider-groove-hovered@3x.png"]\n    Root --> node_venv["venv"]\n    node_venv --> node_venv_lib["lib"]\n    node_venv_lib --> node_venv_lib_python3_12["python3.12"]\n    node_venv_lib_python3_12 --> node_venv_lib_python3_12_site-packages["site-packages"]\n    node_venv_lib_python3_12_site-packages --> node_venv_lib_python3_12_site-packages_PyQt6["PyQt6"]\n    node_venv_lib_python3_12_site-packages_PyQt6 --> node_venv_lib_python3_12_site-packages_PyQt6_Qt6["Qt6"]\n    node_venv_lib_python3_12_site-packages_PyQt6_Qt6 --> node_venv_lib_python3_12_site-packages_PyQt6_Qt6_qml["qml"]\n    node_venv_lib_python3_12_site-packages_PyQt6_Qt6_qml --> node_venv_lib_python3_12_site-packages_PyQt6_Qt6_qml_QtQuick["QtQuick"]\n    node_venv_lib_python3_12_site-packages_PyQt6_Qt6_qml_QtQuick --> node_venv_lib_python3_12_site-packages_PyQt6_Qt6_qml_QtQuick_Controls["Controls"]\n    node_venv_lib_python3_12_site-packages_PyQt6_Qt6_qml_QtQuick_Controls --> node_venv_lib_python3_12_site-packages_PyQt6_Qt6_qml_QtQuick_Controls_FluentWinUI3["FluentWinUI3"]\n    node_venv_lib_python3_12_site-packages_PyQt6_Qt6_qml_QtQuick_Controls_FluentWinUI3 --> node_venv_lib_python3_12_site-packages_PyQt6_Qt6_qml_QtQuick_Controls_FluentWinUI3_light["light"]\n    node_venv_lib_python3_12_site-packages_PyQt6_Qt6_qml_QtQuick_Controls_FluentWinUI3_light --> node_venv_lib_python3_12_site-packages_PyQt6_Qt6_qml_QtQuick_Controls_FluentWinUI3_light_images["images"]\n    node_venv_lib_python3_12_site-packages_PyQt6_Qt6_qml_QtQuick_Controls_FluentWinUI3_light_images --> node_venv_lib_python3_12_site-packages_PyQt6_Qt6_qml_QtQuick_Controls_FluentWinUI3_light_images_slider-groove-pressed_png["slider-groove-pressed.png"]\n    Root --> node_venv["venv"]\n    node_venv --> node_venv_lib["lib"]\n    node_venv_lib --> node_venv_lib_python3_12["python3.12"]\n    node_venv_lib_python3_12 --> node_venv_lib_python3_12_site-packages["site-packages"]\n    node_venv_lib_python3_12_site-packages --> node_venv_lib_python3_12_site-packages_PyQt6["PyQt6"]\n    node_venv_lib_python3_12_site-packages_PyQt6 --> node_venv_lib_python3_12_site-packages_PyQt6_Qt6["Qt6"]\n    node_venv_lib_python3_12_site-packages_PyQt6_Qt6 --> node_venv_lib_python3_12_site-packages_PyQt6_Qt6_qml["qml"]\n    node_venv_lib_python3_12_site-packages_PyQt6_Qt6_qml --> node_venv_lib_python3_12_site-packages_PyQt6_Qt6_qml_QtQuick["QtQuick"]\n    node_venv_lib_python3_12_site-packages_PyQt6_Qt6_qml_QtQuick --> node_venv_lib_python3_12_site-packages_PyQt6_Qt6_qml_QtQuick_Controls["Controls"]\n    node_venv_lib_python3_12_site-packages_PyQt6_Qt6_qml_QtQuick_Controls --> node_venv_lib_python3_12_site-packages_PyQt6_Qt6_qml_QtQuick_Controls_FluentWinUI3["FluentWinUI3"]\n    node_venv_lib_python3_12_site-packages_PyQt6_Qt6_qml_QtQuick_Controls_FluentWinUI3 --> node_venv_lib_python3_12_site-packages_PyQt6_Qt6_qml_QtQuick_Controls_FluentWinUI3_light["light"]\n    node_venv_lib_python3_12_site-packages_PyQt6_Qt6_qml_QtQuick_Controls_FluentWinUI3_light --> node_venv_lib_python3_12_site-packages_PyQt6_Qt6_qml_QtQuick_Controls_FluentWinUI3_light_images["images"]\n    node_venv_lib_python3_12_site-packages_PyQt6_Qt6_qml_QtQuick_Controls_FluentWinUI3_light_images --> node_venv_lib_python3_12_site-packages_PyQt6_Qt6_qml_QtQuick_Controls_FluentWinUI3_light_images_slider-groove-pressed@2x_png["slider-groove-pressed@2x.png"]\n    Root --> node_venv["venv"]\n    node_venv --> node_venv_lib["lib"]\n    node_venv_lib --> node_venv_lib_python3_12["python3.12"]\n    node_venv_lib_python3_12 --> node_venv_lib_python3_12_site-packages["site-packages"]\n    node_venv_lib_python3_12_site-packages --> node_venv_lib_python3_12_site-packages_PyQt6["PyQt6"]\n    node_venv_lib_python3_12_site-packages_PyQt6 --> node_venv_lib_python3_12_site-packages_PyQt6_Qt6["Qt6"]\n    node_venv_lib_python3_12_site-packages_PyQt6_Qt6 --> node_venv_lib_python3_12_site-packages_PyQt6_Qt6_qml["qml"]\n    node_venv_lib_python3_12_site-packages_PyQt6_Qt6_qml --> node_venv_lib_python3_12_site-packages_PyQt6_Qt6_qml_QtQuick["QtQuick"]\n    node_venv_lib_python3_12_site-packages_PyQt6_Qt6_qml_QtQuick --> node_venv_lib_python3_12_site-packages_PyQt6_Qt6_qml_QtQuick_Controls["Controls"]\n    node_venv_lib_python3_12_site-packages_PyQt6_Qt6_qml_QtQuick_Controls --> node_venv_lib_python3_12_site-packages_PyQt6_Qt6_qml_QtQuick_Controls_FluentWinUI3["FluentWinUI3"]\n    node_venv_lib_python3_12_site-packages_PyQt6_Qt6_qml_QtQuick_Controls_FluentWinUI3 --> node_venv_lib_python3_12_site-packages_PyQt6_Qt6_qml_QtQuick_Controls_FluentWinUI3_light["light"]\n    node_venv_lib_python3_12_site-packages_PyQt6_Qt6_qml_QtQuick_Controls_FluentWinUI3_light --> node_venv_lib_python3_12_site-packages_PyQt6_Qt6_qml_QtQuick_Controls_FluentWinUI3_light_images["images"]\n    node_venv_lib_python3_12_site-packages_PyQt6_Qt6_qml_QtQuick_Controls_FluentWinUI3_light_images --> node_venv_lib_python3_12_site-packages_PyQt6_Qt6_qml_QtQuick_Controls_FluentWinUI3_light_images_slider-groove-pressed@3x_png["slider-groove-pressed@3x.png"]\n    Root --> node_venv["venv"]\n    node_venv --> node_venv_lib["lib"]\n    node_venv_lib --> node_venv_lib_python3_12["python3.12"]\n    node_venv_lib_python3_12 --> node_venv_lib_python3_12_site-packages["site-packages"]\n    node_venv_lib_python3_12_site-packages --> node_venv_lib_python3_12_site-packages_PyQt6["PyQt6"]\n    node_venv_lib_python3_12_site-packages_PyQt6 --> node_venv_lib_python3_12_site-packages_PyQt6_Qt6["Qt6"]\n    node_venv_lib_python3_12_site-packages_PyQt6_Qt6 --> node_venv_lib_python3_12_site-packages_PyQt6_Qt6_qml["qml"]\n    node_venv_lib_python3_12_site-packages_PyQt6_Qt6_qml --> node_venv_lib_python3_12_site-packages_PyQt6_Qt6_qml_QtQuick["QtQuick"]\n    node_venv_lib_python3_12_site-packages_PyQt6_Qt6_qml_QtQuick --> node_venv_lib_python3_12_site-packages_PyQt6_Qt6_qml_QtQuick_Controls["Controls"]\n    node_venv_lib_python3_12_site-packages_PyQt6_Qt6_qml_QtQuick_Controls --> node_venv_lib_python3_12_site-packages_PyQt6_Qt6_qml_QtQuick_Controls_FluentWinUI3["FluentWinUI3"]\n    node_venv_lib_python3_12_site-packages_PyQt6_Qt6_qml_QtQuick_Controls_FluentWinUI3 --> node_venv_lib_python3_12_site-packages_PyQt6_Qt6_qml_QtQuick_Controls_FluentWinUI3_light["light"]\n    node_venv_lib_python3_12_site-packages_PyQt6_Qt6_qml_QtQuick_Controls_FluentWinUI3_light --> node_venv_lib_python3_12_site-packages_PyQt6_Qt6_qml_QtQuick_Controls_FluentWinUI3_light_images["images"]\n    node_venv_lib_python3_12_site-packages_PyQt6_Qt6_qml_QtQuick_Controls_FluentWinUI3_light_images --> node_venv_lib_python3_12_site-packages_PyQt6_Qt6_qml_QtQuick_Controls_FluentWinUI3_light_images_slider-groove_png["slider-groove.png"]\n    Root --> node_venv["venv"]\n    node_venv --> node_venv_lib["lib"]\n    node_venv_lib --> node_venv_lib_python3_12["python3.12"]\n    node_venv_lib_python3_12 --> node_venv_lib_python3_12_site-packages["site-packages"]\n    node_venv_lib_python3_12_site-packages --> node_venv_lib_python3_12_site-packages_PyQt6["PyQt6"]\n    node_venv_lib_python3_12_site-packages_PyQt6 --> node_venv_lib_python3_12_site-packages_PyQt6_Qt6["Qt6"]\n    node_venv_lib_python3_12_site-packages_PyQt6_Qt6 --> node_venv_lib_python3_12_site-packages_PyQt6_Qt6_qml["qml"]\n    node_venv_lib_python3_12_site-packages_PyQt6_Qt6_qml --> node_venv_lib_python3_12_site-packages_PyQt6_Qt6_qml_QtQuick["QtQuick"]\n    node_venv_lib_python3_12_site-packages_PyQt6_Qt6_qml_QtQuick --> node_venv_lib_python3_12_site-packages_PyQt6_Qt6_qml_QtQuick_Controls["Controls"]\n    node_venv_lib_python3_12_site-packages_PyQt6_Qt6_qml_QtQuick_Controls --> node_venv_lib_python3_12_site-packages_PyQt6_Qt6_qml_QtQuick_Controls_FluentWinUI3["FluentWinUI3"]\n    node_venv_lib_python3_12_site-packages_PyQt6_Qt6_qml_QtQuick_Controls_FluentWinUI3 --> node_venv_lib_python3_12_site-packages_PyQt6_Qt6_qml_QtQuick_Controls_FluentWinUI3_light["light"]\n    node_venv_lib_python3_12_site-packages_PyQt6_Qt6_qml_QtQuick_Controls_FluentWinUI3_light --> node_venv_lib_python3_12_site-packages_PyQt6_Qt6_qml_QtQuick_Controls_FluentWinUI3_light_images["images"]\n    node_venv_lib_python3_12_site-packages_PyQt6_Qt6_qml_QtQuick_Controls_FluentWinUI3_light_images --> node_venv_lib_python3_12_site-packages_PyQt6_Qt6_qml_QtQuick_Controls_FluentWinUI3_light_images_slider-groove@2x_png["slider-groove@2x.png"]\n    Root --> node_venv["venv"]\n    node_venv --> node_venv_lib["lib"]\n    node_venv_lib --> node_venv_lib_python3_12["python3.12"]\n    node_venv_lib_python3_12 --> node_venv_lib_python3_12_site-packages["site-packages"]\n    node_venv_lib_python3_12_site-packages --> node_venv_lib_python3_12_site-packages_PyQt6["PyQt6"]\n    node_venv_lib_python3_12_site-packages_PyQt6 --> node_venv_lib_python3_12_site-packages_PyQt6_Qt6["Qt6"]\n    node_venv_lib_python3_12_site-packages_PyQt6_Qt6 --> node_venv_lib_python3_12_site-packages_PyQt6_Qt6_qml["qml"]\n    node_venv_lib_python3_12_site-packages_PyQt6_Qt6_qml --> node_venv_lib_python3_12_site-packages_PyQt6_Qt6_qml_QtQuick["QtQuick"]\n    node_venv_lib_python3_12_site-packages_PyQt6_Qt6_qml_QtQuick --> node_venv_lib_python3_12_site-packages_PyQt6_Qt6_qml_QtQuick_Controls["Controls"]\n    node_venv_lib_python3_12_site-packages_PyQt6_Qt6_qml_QtQuick_Controls --> node_venv_lib_python3_12_site-packages_PyQt6_Qt6_qml_QtQuick_Controls_FluentWinUI3["FluentWinUI3"]\n    node_venv_lib_python3_12_site-packages_PyQt6_Qt6_qml_QtQuick_Controls_FluentWinUI3 --> node_venv_lib_python3_12_site-packages_PyQt6_Qt6_qml_QtQuick_Controls_FluentWinUI3_light["light"]\n    node_venv_lib_python3_12_site-packages_PyQt6_Qt6_qml_QtQuick_Controls_FluentWinUI3_light --> node_venv_lib_python3_12_site-packages_PyQt6_Qt6_qml_QtQuick_Controls_FluentWinUI3_light_images["images"]\n    node_venv_lib_python3_12_site-packages_PyQt6_Qt6_qml_QtQuick_Controls_FluentWinUI3_light_images --> node_venv_lib_python3_12_site-packages_PyQt6_Qt6_qml_QtQuick_Controls_FluentWinUI3_light_images_slider-groove@3x_png["slider-groove@3x.png"]\n    Root --> node_venv["venv"]\n    node_venv --> node_venv_lib["lib"]\n    node_venv_lib --> node_venv_lib_python3_12["python3.12"]\n    node_venv_lib_python3_12 --> node_venv_lib_python3_12_site-packages["site-packages"]\n    node_venv_lib_python3_12_site-packages --> node_venv_lib_python3_12_site-packages_PyQt6["PyQt6"]\n    node_venv_lib_python3_12_site-packages_PyQt6 --> node_venv_lib_python3_12_site-packages_PyQt6_Qt6["Qt6"]\n    node_venv_lib_python3_12_site-packages_PyQt6_Qt6 --> node_venv_lib_python3_12_site-packages_PyQt6_Qt6_qml["qml"]\n    node_venv_lib_python3_12_site-packages_PyQt6_Qt6_qml --> node_venv_lib_python3_12_site-packages_PyQt6_Qt6_qml_QtQuick["QtQuick"]\n    node_venv_lib_python3_12_site-packages_PyQt6_Qt6_qml_QtQuick --> node_venv_lib_python3_12_site-packages_PyQt6_Qt6_qml_QtQuick_Controls["Controls"]\n    node_venv_lib_python3_12_site-packages_PyQt6_Qt6_qml_QtQuick_Controls --> node_venv_lib_python3_12_site-packages_PyQt6_Qt6_qml_QtQuick_Controls_FluentWinUI3["FluentWinUI3"]\n    node_venv_lib_python3_12_site-packages_PyQt6_Qt6_qml_QtQuick_Controls_FluentWinUI3 --> node_venv_lib_python3_12_site-packages_PyQt6_Qt6_qml_QtQuick_Controls_FluentWinUI3_light["light"]\n    node_venv_lib_python3_12_site-packages_PyQt6_Qt6_qml_QtQuick_Controls_FluentWinUI3_light --> node_venv_lib_python3_12_site-packages_PyQt6_Qt6_qml_QtQuick_Controls_FluentWinUI3_light_images["images"]\n    node_venv_lib_python3_12_site-packages_PyQt6_Qt6_qml_QtQuick_Controls_FluentWinUI3_light_images --> node_venv_lib_python3_12_site-packages_PyQt6_Qt6_qml_QtQuick_Controls_FluentWinUI3_light_images_slider-handle-disabled_png["slider-handle-disabled.png"]\n    Root --> node_venv["venv"]\n    node_venv --> node_venv_lib["lib"]\n    node_venv_lib --> node_venv_lib_python3_12["python3.12"]\n    node_venv_lib_python3_12 --> node_venv_lib_python3_12_site-packages["site-packages"]\n    node_venv_lib_python3_12_site-packages --> node_venv_lib_python3_12_site-packages_PyQt6["PyQt6"]\n    node_venv_lib_python3_12_site-packages_PyQt6 --> node_venv_lib_python3_12_site-packages_PyQt6_Qt6["Qt6"]\n    node_venv_lib_python3_12_site-packages_PyQt6_Qt6 --> node_venv_lib_python3_12_site-packages_PyQt6_Qt6_qml["qml"]\n    node_venv_lib_python3_12_site-packages_PyQt6_Qt6_qml --> node_venv_lib_python3_12_site-packages_PyQt6_Qt6_qml_QtQuick["QtQuick"]\n    node_venv_lib_python3_12_site-packages_PyQt6_Qt6_qml_QtQuick --> node_venv_lib_python3_12_site-packages_PyQt6_Qt6_qml_QtQuick_Controls["Controls"]\n    node_venv_lib_python3_12_site-packages_PyQt6_Qt6_qml_QtQuick_Controls --> node_venv_lib_python3_12_site-packages_PyQt6_Qt6_qml_QtQuick_Controls_FluentWinUI3["FluentWinUI3"]\n    node_venv_lib_python3_12_site-packages_PyQt6_Qt6_qml_QtQuick_Controls_FluentWinUI3 --> node_venv_lib_python3_12_site-packages_PyQt6_Qt6_qml_QtQuick_Controls_FluentWinUI3_light["light"]\n    node_venv_lib_python3_12_site-packages_PyQt6_Qt6_qml_QtQuick_Controls_FluentWinUI3_light --> node_venv_lib_python3_12_site-packages_PyQt6_Qt6_qml_QtQuick_Controls_FluentWinUI3_light_images["images"]\n    node_venv_lib_python3_12_site-packages_PyQt6_Qt6_qml_QtQuick_Controls_FluentWinUI3_light_images --> node_venv_lib_python3_12_site-packages_PyQt6_Qt6_qml_QtQuick_Controls_FluentWinUI3_light_images_slider-handle-disabled@2x_png["slider-handle-disabled@2x.png"]\n    Root --> node_venv["venv"]\n    node_venv --> node_venv_lib["lib"]\n    node_venv_lib --> node_venv_lib_python3_12["python3.12"]\n    node_venv_lib_python3_12 --> node_venv_lib_python3_12_site-packages["site-packages"]\n    node_venv_lib_python3_12_site-packages --> node_venv_lib_python3_12_site-packages_PyQt6["PyQt6"]\n    node_venv_lib_python3_12_site-packages_PyQt6 --> node_venv_lib_python3_12_site-packages_PyQt6_Qt6["Qt6"]\n    node_venv_lib_python3_12_site-packages_PyQt6_Qt6 --> node_venv_lib_python3_12_site-packages_PyQt6_Qt6_qml["qml"]\n    node_venv_lib_python3_12_site-packages_PyQt6_Qt6_qml --> node_venv_lib_python3_12_site-packages_PyQt6_Qt6_qml_QtQuick["QtQuick"]\n    node_venv_lib_python3_12_site-packages_PyQt6_Qt6_qml_QtQuick --> node_venv_lib_python3_12_site-packages_PyQt6_Qt6_qml_QtQuick_Controls["Controls"]\n    node_venv_lib_python3_12_site-packages_PyQt6_Qt6_qml_QtQuick_Controls --> node_venv_lib_python3_12_site-packages_PyQt6_Qt6_qml_QtQuick_Controls_FluentWinUI3["FluentWinUI3"]\n    node_venv_lib_python3_12_site-packages_PyQt6_Qt6_qml_QtQuick_Controls_FluentWinUI3 --> node_venv_lib_python3_12_site-packages_PyQt6_Qt6_qml_QtQuick_Controls_FluentWinUI3_light["light"]\n    node_venv_lib_python3_12_site-packages_PyQt6_Qt6_qml_QtQuick_Controls_FluentWinUI3_light --> node_venv_lib_python3_12_site-packages_PyQt6_Qt6_qml_QtQuick_Controls_FluentWinUI3_light_images["images"]\n    node_venv_lib_python3_12_site-packages_PyQt6_Qt6_qml_QtQuick_Controls_FluentWinUI3_light_images --> node_venv_lib_python3_12_site-packages_PyQt6_Qt6_qml_QtQuick_Controls_FluentWinUI3_light_images_slider-handle-disabled@3x_png["slider-handle-disabled@3x.png"]\n    Root --> node_venv["venv"]\n    node_venv --> node_venv_lib["lib"]\n    node_venv_lib --> node_venv_lib_python3_12["python3.12"]\n    node_venv_lib_python3_12 --> node_venv_lib_python3_12_site-packages["site-packages"]\n    node_venv_lib_python3_12_site-packages --> node_venv_lib_python3_12_site-packages_PyQt6["PyQt6"]\n    node_venv_lib_python3_12_site-packages_PyQt6 --> node_venv_lib_python3_12_site-packages_PyQt6_Qt6["Qt6"]\n    node_venv_lib_python3_12_site-packages_PyQt6_Qt6 --> node_venv_lib_python3_12_site-packages_PyQt6_Qt6_qml["qml"]\n    node_venv_lib_python3_12_site-packages_PyQt6_Qt6_qml --> node_venv_lib_python3_12_site-packages_PyQt6_Qt6_qml_QtQuick["QtQuick"]\n    node_venv_lib_python3_12_site-packages_PyQt6_Qt6_qml_QtQuick --> node_venv_lib_python3_12_site-packages_PyQt6_Qt6_qml_QtQuick_Controls["Controls"]\n    node_venv_lib_python3_12_site-packages_PyQt6_Qt6_qml_QtQuick_Controls --> node_venv_lib_python3_12_site-packages_PyQt6_Qt6_qml_QtQuick_Controls_FluentWinUI3["FluentWinUI3"]\n    node_venv_lib_python3_12_site-packages_PyQt6_Qt6_qml_QtQuick_Controls_FluentWinUI3 --> node_venv_lib_python3_12_site-packages_PyQt6_Qt6_qml_QtQuick_Controls_FluentWinUI3_light["light"]\n    node_venv_lib_python3_12_site-packages_PyQt6_Qt6_qml_QtQuick_Controls_FluentWinUI3_light --> node_venv_lib_python3_12_site-packages_PyQt6_Qt6_qml_QtQuick_Controls_FluentWinUI3_light_images["images"]\n    node_venv_lib_python3_12_site-packages_PyQt6_Qt6_qml_QtQuick_Controls_FluentWinUI3_light_images --> node_venv_lib_python3_12_site-packages_PyQt6_Qt6_qml_QtQuick_Controls_FluentWinUI3_light_images_slider-handle-hovered_png["slider-handle-hovered.png"]\n    Root --> node_venv["venv"]\n    node_venv --> node_venv_lib["lib"]\n    node_venv_lib --> node_venv_lib_python3_12["python3.12"]\n    node_venv_lib_python3_12 --> node_venv_lib_python3_12_site-packages["site-packages"]\n    node_venv_lib_python3_12_site-packages --> node_venv_lib_python3_12_site-packages_PyQt6["PyQt6"]\n    node_venv_lib_python3_12_site-packages_PyQt6 --> node_venv_lib_python3_12_site-packages_PyQt6_Qt6["Qt6"]\n    node_venv_lib_python3_12_site-packages_PyQt6_Qt6 --> node_venv_lib_python3_12_site-packages_PyQt6_Qt6_qml["qml"]\n    node_venv_lib_python3_12_site-packages_PyQt6_Qt6_qml --> node_venv_lib_python3_12_site-packages_PyQt6_Qt6_qml_QtQuick["QtQuick"]\n    node_venv_lib_python3_12_site-packages_PyQt6_Qt6_qml_QtQuick --> node_venv_lib_python3_12_site-packages_PyQt6_Qt6_qml_QtQuick_Controls["Controls"]\n    node_venv_lib_python3_12_site-packages_PyQt6_Qt6_qml_QtQuick_Controls --> node_venv_lib_python3_12_site-packages_PyQt6_Qt6_qml_QtQuick_Controls_FluentWinUI3["FluentWinUI3"]\n    node_venv_lib_python3_12_site-packages_PyQt6_Qt6_qml_QtQuick_Controls_FluentWinUI3 --> node_venv_lib_python3_12_site-packages_PyQt6_Qt6_qml_QtQuick_Controls_FluentWinUI3_light["light"]\n    node_venv_lib_python3_12_site-packages_PyQt6_Qt6_qml_QtQuick_Controls_FluentWinUI3_light --> node_venv_lib_python3_12_site-packages_PyQt6_Qt6_qml_QtQuick_Controls_FluentWinUI3_light_images["images"]\n    node_venv_lib_python3_12_site-packages_PyQt6_Qt6_qml_QtQuick_Controls_FluentWinUI3_light_images --> node_venv_lib_python3_12_site-packages_PyQt6_Qt6_qml_QtQuick_Controls_FluentWinUI3_light_images_slider-handle-hovered@2x_png["slider-handle-hovered@2x.png"]\n    Root --> node_venv["venv"]\n    node_venv --> node_venv_lib["lib"]\n    node_venv_lib --> node_venv_lib_python3_12["python3.12"]\n    node_venv_lib_python3_12 --> node_venv_lib_python3_12_site-packages["site-packages"]\n    node_venv_lib_python3_12_site-packages --> node_venv_lib_python3_12_site-packages_PyQt6["PyQt6"]\n    node_venv_lib_python3_12_site-packages_PyQt6 --> node_venv_lib_python3_12_site-packages_PyQt6_Qt6["Qt6"]\n    node_venv_lib_python3_12_site-packages_PyQt6_Qt6 --> node_venv_lib_python3_12_site-packages_PyQt6_Qt6_qml["qml"]\n    node_venv_lib_python3_12_site-packages_PyQt6_Qt6_qml --> node_venv_lib_python3_12_site-packages_PyQt6_Qt6_qml_QtQuick["QtQuick"]\n    node_venv_lib_python3_12_site-packages_PyQt6_Qt6_qml_QtQuick --> node_venv_lib_python3_12_site-packages_PyQt6_Qt6_qml_QtQuick_Controls["Controls"]\n    node_venv_lib_python3_12_site-packages_PyQt6_Qt6_qml_QtQuick_Controls --> node_venv_lib_python3_12_site-packages_PyQt6_Qt6_qml_QtQuick_Controls_FluentWinUI3["FluentWinUI3"]\n    node_venv_lib_python3_12_site-packages_PyQt6_Qt6_qml_QtQuick_Controls_FluentWinUI3 --> node_venv_lib_python3_12_site-packages_PyQt6_Qt6_qml_QtQuick_Controls_FluentWinUI3_light["light"]\n    node_venv_lib_python3_12_site-packages_PyQt6_Qt6_qml_QtQuick_Controls_FluentWinUI3_light --> node_venv_lib_python3_12_site-packages_PyQt6_Qt6_qml_QtQuick_Controls_FluentWinUI3_light_images["images"]\n    node_venv_lib_python3_12_site-packages_PyQt6_Qt6_qml_QtQuick_Controls_FluentWinUI3_light_images --> node_venv_lib_python3_12_site-packages_PyQt6_Qt6_qml_QtQuick_Controls_FluentWinUI3_light_images_slider-handle-hovered@3x_png["slider-handle-hovered@3x.png"]\n    Root --> node_venv["venv"]\n    node_venv --> node_venv_lib["lib"]\n    node_venv_lib --> node_venv_lib_python3_12["python3.12"]\n    node_venv_lib_python3_12 --> node_venv_lib_python3_12_site-packages["site-packages"]\n    node_venv_lib_python3_12_site-packages --> node_venv_lib_python3_12_site-packages_PyQt6["PyQt6"]\n    node_venv_lib_python3_12_site-packages_PyQt6 --> node_venv_lib_python3_12_site-packages_PyQt6_Qt6["Qt6"]\n    node_venv_lib_python3_12_site-packages_PyQt6_Qt6 --> node_venv_lib_python3_12_site-packages_PyQt6_Qt6_qml["qml"]\n    node_venv_lib_python3_12_site-packages_PyQt6_Qt6_qml --> node_venv_lib_python3_12_site-packages_PyQt6_Qt6_qml_QtQuick["QtQuick"]\n    node_venv_lib_python3_12_site-packages_PyQt6_Qt6_qml_QtQuick --> node_venv_lib_python3_12_site-packages_PyQt6_Qt6_qml_QtQuick_Controls["Controls"]\n    node_venv_lib_python3_12_site-packages_PyQt6_Qt6_qml_QtQuick_Controls --> node_venv_lib_python3_12_site-packages_PyQt6_Qt6_qml_QtQuick_Controls_FluentWinUI3["FluentWinUI3"]\n    node_venv_lib_python3_12_site-packages_PyQt6_Qt6_qml_QtQuick_Controls_FluentWinUI3 --> node_venv_lib_python3_12_site-packages_PyQt6_Qt6_qml_QtQuick_Controls_FluentWinUI3_light["light"]\n    node_venv_lib_python3_12_site-packages_PyQt6_Qt6_qml_QtQuick_Controls_FluentWinUI3_light --> node_venv_lib_python3_12_site-packages_PyQt6_Qt6_qml_QtQuick_Controls_FluentWinUI3_light_images["images"]\n    node_venv_lib_python3_12_site-packages_PyQt6_Qt6_qml_QtQuick_Controls_FluentWinUI3_light_images --> node_venv_lib_python3_12_site-packages_PyQt6_Qt6_qml_QtQuick_Controls_FluentWinUI3_light_images_slider-handle-pressed_png["slider-handle-pressed.png"]\n    Root --> node_venv["venv"]\n    node_venv --> node_venv_lib["lib"]\n    node_venv_lib --> node_venv_lib_python3_12["python3.12"]\n    node_venv_lib_python3_12 --> node_venv_lib_python3_12_site-packages["site-packages"]\n    node_venv_lib_python3_12_site-packages --> node_venv_lib_python3_12_site-packages_PyQt6["PyQt6"]\n    node_venv_lib_python3_12_site-packages_PyQt6 --> node_venv_lib_python3_12_site-packages_PyQt6_Qt6["Qt6"]\n    node_venv_lib_python3_12_site-packages_PyQt6_Qt6 --> node_venv_lib_python3_12_site-packages_PyQt6_Qt6_qml["qml"]\n    node_venv_lib_python3_12_site-packages_PyQt6_Qt6_qml --> node_venv_lib_python3_12_site-packages_PyQt6_Qt6_qml_QtQuick["QtQuick"]\n    node_venv_lib_python3_12_site-packages_PyQt6_Qt6_qml_QtQuick --> node_venv_lib_python3_12_site-packages_PyQt6_Qt6_qml_QtQuick_Controls["Controls"]\n    node_venv_lib_python3_12_site-packages_PyQt6_Qt6_qml_QtQuick_Controls --> node_venv_lib_python3_12_site-packages_PyQt6_Qt6_qml_QtQuick_Controls_FluentWinUI3["FluentWinUI3"]\n    node_venv_lib_python3_12_site-packages_PyQt6_Qt6_qml_QtQuick_Controls_FluentWinUI3 --> node_venv_lib_python3_12_site-packages_PyQt6_Qt6_qml_QtQuick_Controls_FluentWinUI3_light["light"]\n    node_venv_lib_python3_12_site-packages_PyQt6_Qt6_qml_QtQuick_Controls_FluentWinUI3_light --> node_venv_lib_python3_12_site-packages_PyQt6_Qt6_qml_QtQuick_Controls_FluentWinUI3_light_images["images"]\n    node_venv_lib_python3_12_site-packages_PyQt6_Qt6_qml_QtQuick_Controls_FluentWinUI3_light_images --> node_venv_lib_python3_12_site-packages_PyQt6_Qt6_qml_QtQuick_Controls_FluentWinUI3_light_images_slider-handle-pressed@2x_png["slider-handle-pressed@2x.png"]\n    Root --> node_venv["venv"]\n    node_venv --> node_venv_lib["lib"]\n    node_venv_lib --> node_venv_lib_python3_12["python3.12"]\n    node_venv_lib_python3_12 --> node_venv_lib_python3_12_site-packages["site-packages"]\n    node_venv_lib_python3_12_site-packages --> node_venv_lib_python3_12_site-packages_PyQt6["PyQt6"]\n    node_venv_lib_python3_12_site-packages_PyQt6 --> node_venv_lib_python3_12_site-packages_PyQt6_Qt6["Qt6"]\n    node_venv_lib_python3_12_site-packages_PyQt6_Qt6 --> node_venv_lib_python3_12_site-packages_PyQt6_Qt6_qml["qml"]\n    node_venv_lib_python3_12_site-packages_PyQt6_Qt6_qml --> node_venv_lib_python3_12_site-packages_PyQt6_Qt6_qml_QtQuick["QtQuick"]\n    node_venv_lib_python3_12_site-packages_PyQt6_Qt6_qml_QtQuick --> node_venv_lib_python3_12_site-packages_PyQt6_Qt6_qml_QtQuick_Controls["Controls"]\n    node_venv_lib_python3_12_site-packages_PyQt6_Qt6_qml_QtQuick_Controls --> node_venv_lib_python3_12_site-packages_PyQt6_Qt6_qml_QtQuick_Controls_FluentWinUI3["FluentWinUI3"]\n    node_venv_lib_python3_12_site-packages_PyQt6_Qt6_qml_QtQuick_Controls_FluentWinUI3 --> node_venv_lib_python3_12_site-packages_PyQt6_Qt6_qml_QtQuick_Controls_FluentWinUI3_light["light"]\n    node_venv_lib_python3_12_site-packages_PyQt6_Qt6_qml_QtQuick_Controls_FluentWinUI3_light --> node_venv_lib_python3_12_site-packages_PyQt6_Qt6_qml_QtQuick_Controls_FluentWinUI3_light_images["images"]\n    node_venv_lib_python3_12_site-packages_PyQt6_Qt6_qml_QtQuick_Controls_FluentWinUI3_light_images --> node_venv_lib_python3_12_site-packages_PyQt6_Qt6_qml_QtQuick_Controls_FluentWinUI3_light_images_slider-handle-pressed@3x_png["slider-handle-pressed@3x.png"]\n    Root --> node_venv["venv"]\n    node_venv --> node_venv_lib["lib"]\n    node_venv_lib --> node_venv_lib_python3_12["python3.12"]\n    node_venv_lib_python3_12 --> node_venv_lib_python3_12_site-packages["site-packages"]\n    node_venv_lib_python3_12_site-packages --> node_venv_lib_python3_12_site-packages_PyQt6["PyQt6"]\n    node_venv_lib_python3_12_site-packages_PyQt6 --> node_venv_lib_python3_12_site-packages_PyQt6_Qt6["Qt6"]\n    node_venv_lib_python3_12_site-packages_PyQt6_Qt6 --> node_venv_lib_python3_12_site-packages_PyQt6_Qt6_qml["qml"]\n    node_venv_lib_python3_12_site-packages_PyQt6_Qt6_qml --> node_venv_lib_python3_12_site-packages_PyQt6_Qt6_qml_QtQuick["QtQuick"]\n    node_venv_lib_python3_12_site-packages_PyQt6_Qt6_qml_QtQuick --> node_venv_lib_python3_12_site-packages_PyQt6_Qt6_qml_QtQuick_Controls["Controls"]\n    node_venv_lib_python3_12_site-packages_PyQt6_Qt6_qml_QtQuick_Controls --> node_venv_lib_python3_12_site-packages_PyQt6_Qt6_qml_QtQuick_Controls_FluentWinUI3["FluentWinUI3"]\n    node_venv_lib_python3_12_site-packages_PyQt6_Qt6_qml_QtQuick_Controls_FluentWinUI3 --> node_venv_lib_python3_12_site-packages_PyQt6_Qt6_qml_QtQuick_Controls_FluentWinUI3_light["light"]\n    node_venv_lib_python3_12_site-packages_PyQt6_Qt6_qml_QtQuick_Controls_FluentWinUI3_light --> node_venv_lib_python3_12_site-packages_PyQt6_Qt6_qml_QtQuick_Controls_FluentWinUI3_light_images["images"]\n    node_venv_lib_python3_12_site-packages_PyQt6_Qt6_qml_QtQuick_Controls_FluentWinUI3_light_images --> node_venv_lib_python3_12_site-packages_PyQt6_Qt6_qml_QtQuick_Controls_FluentWinUI3_light_images_slider-handle_png["slider-handle.png"]\n    Root --> node_venv["venv"]\n    node_venv --> node_venv_lib["lib"]\n    node_venv_lib --> node_venv_lib_python3_12["python3.12"]\n    node_venv_lib_python3_12 --> node_venv_lib_python3_12_site-packages["site-packages"]\n    node_venv_lib_python3_12_site-packages --> node_venv_lib_python3_12_site-packages_PyQt6["PyQt6"]\n    node_venv_lib_python3_12_site-packages_PyQt6 --> node_venv_lib_python3_12_site-packages_PyQt6_Qt6["Qt6"]\n    node_venv_lib_python3_12_site-packages_PyQt6_Qt6 --> node_venv_lib_python3_12_site-packages_PyQt6_Qt6_qml["qml"]\n    node_venv_lib_python3_12_site-packages_PyQt6_Qt6_qml --> node_venv_lib_python3_12_site-packages_PyQt6_Qt6_qml_QtQuick["QtQuick"]\n    node_venv_lib_python3_12_site-packages_PyQt6_Qt6_qml_QtQuick --> node_venv_lib_python3_12_site-packages_PyQt6_Qt6_qml_QtQuick_Controls["Controls"]\n    node_venv_lib_python3_12_site-packages_PyQt6_Qt6_qml_QtQuick_Controls --> node_venv_lib_python3_12_site-packages_PyQt6_Qt6_qml_QtQuick_Controls_FluentWinUI3["FluentWinUI3"]\n    node_venv_lib_python3_12_site-packages_PyQt6_Qt6_qml_QtQuick_Controls_FluentWinUI3 --> node_venv_lib_python3_12_site-packages_PyQt6_Qt6_qml_QtQuick_Controls_FluentWinUI3_light["light"]\n    node_venv_lib_python3_12_site-packages_PyQt6_Qt6_qml_QtQuick_Controls_FluentWinUI3_light --> node_venv_lib_python3_12_site-packages_PyQt6_Qt6_qml_QtQuick_Controls_FluentWinUI3_light_images["images"]\n    node_venv_lib_python3_12_site-packages_PyQt6_Qt6_qml_QtQuick_Controls_FluentWinUI3_light_images --> node_venv_lib_python3_12_site-packages_PyQt6_Qt6_qml_QtQuick_Controls_FluentWinUI3_light_images_slider-handle@2x_png["slider-handle@2x.png"]\n    Root --> node_venv["venv"]\n    node_venv --> node_venv_lib["lib"]\n    node_venv_lib --> node_venv_lib_python3_12["python3.12"]\n    node_venv_lib_python3_12 --> node_venv_lib_python3_12_site-packages["site-packages"]\n    node_venv_lib_python3_12_site-packages --> node_venv_lib_python3_12_site-packages_PyQt6["PyQt6"]\n    node_venv_lib_python3_12_site-packages_PyQt6 --> node_venv_lib_python3_12_site-packages_PyQt6_Qt6["Qt6"]\n    node_venv_lib_python3_12_site-packages_PyQt6_Qt6 --> node_venv_lib_python3_12_site-packages_PyQt6_Qt6_qml["qml"]\n    node_venv_lib_python3_12_site-packages_PyQt6_Qt6_qml --> node_venv_lib_python3_12_site-packages_PyQt6_Qt6_qml_QtQuick["QtQuick"]\n    node_venv_lib_python3_12_site-packages_PyQt6_Qt6_qml_QtQuick --> node_venv_lib_python3_12_site-packages_PyQt6_Qt6_qml_QtQuick_Controls["Controls"]\n    node_venv_lib_python3_12_site-packages_PyQt6_Qt6_qml_QtQuick_Controls --> node_venv_lib_python3_12_site-packages_PyQt6_Qt6_qml_QtQuick_Controls_FluentWinUI3["FluentWinUI3"]\n    node_venv_lib_python3_12_site-packages_PyQt6_Qt6_qml_QtQuick_Controls_FluentWinUI3 --> node_venv_lib_python3_12_site-packages_PyQt6_Qt6_qml_QtQuick_Controls_FluentWinUI3_light["light"]\n    node_venv_lib_python3_12_site-packages_PyQt6_Qt6_qml_QtQuick_Controls_FluentWinUI3_light --> node_venv_lib_python3_12_site-packages_PyQt6_Qt6_qml_QtQuick_Controls_FluentWinUI3_light_images["images"]\n    node_venv_lib_python3_12_site-packages_PyQt6_Qt6_qml_QtQuick_Controls_FluentWinUI3_light_images --> node_venv_lib_python3_12_site-packages_PyQt6_Qt6_qml_QtQuick_Controls_FluentWinUI3_light_images_slider-handle@3x_png["slider-handle@3x.png"]\n    Root --> node_venv["venv"]\n    node_venv --> node_venv_lib["lib"]\n    node_venv_lib --> node_venv_lib_python3_12["python3.12"]\n    node_venv_lib_python3_12 --> node_venv_lib_python3_12_site-packages["site-packages"]\n    node_venv_lib_python3_12_site-packages --> node_venv_lib_python3_12_site-packages_PyQt6["PyQt6"]\n    node_venv_lib_python3_12_site-packages_PyQt6 --> node_venv_lib_python3_12_site-packages_PyQt6_Qt6["Qt6"]\n    node_venv_lib_python3_12_site-packages_PyQt6_Qt6 --> node_venv_lib_python3_12_site-packages_PyQt6_Qt6_qml["qml"]\n    node_venv_lib_python3_12_site-packages_PyQt6_Qt6_qml --> node_venv_lib_python3_12_site-packages_PyQt6_Qt6_qml_QtQuick["QtQuick"]\n    node_venv_lib_python3_12_site-packages_PyQt6_Qt6_qml_QtQuick --> node_venv_lib_python3_12_site-packages_PyQt6_Qt6_qml_QtQuick_Controls["Controls"]\n    node_venv_lib_python3_12_site-packages_PyQt6_Qt6_qml_QtQuick_Controls --> node_venv_lib_python3_12_site-packages_PyQt6_Qt6_qml_QtQuick_Controls_FluentWinUI3["FluentWinUI3"]\n    node_venv_lib_python3_12_site-packages_PyQt6_Qt6_qml_QtQuick_Controls_FluentWinUI3 --> node_venv_lib_python3_12_site-packages_PyQt6_Qt6_qml_QtQuick_Controls_FluentWinUI3_light["light"]\n    node_venv_lib_python3_12_site-packages_PyQt6_Qt6_qml_QtQuick_Controls_FluentWinUI3_light --> node_venv_lib_python3_12_site-packages_PyQt6_Qt6_qml_QtQuick_Controls_FluentWinUI3_light_images["images"]\n    node_venv_lib_python3_12_site-packages_PyQt6_Qt6_qml_QtQuick_Controls_FluentWinUI3_light_images --> node_venv_lib_python3_12_site-packages_PyQt6_Qt6_qml_QtQuick_Controls_FluentWinUI3_light_images_spinbox-background-atlimit_png["spinbox-background-atlimit.png"]\n    Root --> node_venv["venv"]\n    node_venv --> node_venv_lib["lib"]\n    node_venv_lib --> node_venv_lib_python3_12["python3.12"]\n    node_venv_lib_python3_12 --> node_venv_lib_python3_12_site-packages["site-packages"]\n    node_venv_lib_python3_12_site-packages --> node_venv_lib_python3_12_site-packages_PyQt6["PyQt6"]\n    node_venv_lib_python3_12_site-packages_PyQt6 --> node_venv_lib_python3_12_site-packages_PyQt6_Qt6["Qt6"]\n    node_venv_lib_python3_12_site-packages_PyQt6_Qt6 --> node_venv_lib_python3_12_site-packages_PyQt6_Qt6_qml["qml"]\n    node_venv_lib_python3_12_site-packages_PyQt6_Qt6_qml --> node_venv_lib_python3_12_site-packages_PyQt6_Qt6_qml_QtQuick["QtQuick"]\n    node_venv_lib_python3_12_site-packages_PyQt6_Qt6_qml_QtQuick --> node_venv_lib_python3_12_site-packages_PyQt6_Qt6_qml_QtQuick_Controls["Controls"]\n    node_venv_lib_python3_12_site-packages_PyQt6_Qt6_qml_QtQuick_Controls --> node_venv_lib_python3_12_site-packages_PyQt6_Qt6_qml_QtQuick_Controls_FluentWinUI3["FluentWinUI3"]\n    node_venv_lib_python3_12_site-packages_PyQt6_Qt6_qml_QtQuick_Controls_FluentWinUI3 --> node_venv_lib_python3_12_site-packages_PyQt6_Qt6_qml_QtQuick_Controls_FluentWinUI3_light["light"]\n    node_venv_lib_python3_12_site-packages_PyQt6_Qt6_qml_QtQuick_Controls_FluentWinUI3_light --> node_venv_lib_python3_12_site-packages_PyQt6_Qt6_qml_QtQuick_Controls_FluentWinUI3_light_images["images"]\n    node_venv_lib_python3_12_site-packages_PyQt6_Qt6_qml_QtQuick_Controls_FluentWinUI3_light_images --> node_venv_lib_python3_12_site-packages_PyQt6_Qt6_qml_QtQuick_Controls_FluentWinUI3_light_images_spinbox-background-atlimit@2x_png["spinbox-background-atlimit@2x.png"]\n    Root --> node_venv["venv"]\n    node_venv --> node_venv_lib["lib"]\n    node_venv_lib --> node_venv_lib_python3_12["python3.12"]\n    node_venv_lib_python3_12 --> node_venv_lib_python3_12_site-packages["site-packages"]\n    node_venv_lib_python3_12_site-packages --> node_venv_lib_python3_12_site-packages_PyQt6["PyQt6"]\n    node_venv_lib_python3_12_site-packages_PyQt6 --> node_venv_lib_python3_12_site-packages_PyQt6_Qt6["Qt6"]\n    node_venv_lib_python3_12_site-packages_PyQt6_Qt6 --> node_venv_lib_python3_12_site-packages_PyQt6_Qt6_qml["qml"]\n    node_venv_lib_python3_12_site-packages_PyQt6_Qt6_qml --> node_venv_lib_python3_12_site-packages_PyQt6_Qt6_qml_QtQuick["QtQuick"]\n    node_venv_lib_python3_12_site-packages_PyQt6_Qt6_qml_QtQuick --> node_venv_lib_python3_12_site-packages_PyQt6_Qt6_qml_QtQuick_Controls["Controls"]\n    node_venv_lib_python3_12_site-packages_PyQt6_Qt6_qml_QtQuick_Controls --> node_venv_lib_python3_12_site-packages_PyQt6_Qt6_qml_QtQuick_Controls_FluentWinUI3["FluentWinUI3"]\n    node_venv_lib_python3_12_site-packages_PyQt6_Qt6_qml_QtQuick_Controls_FluentWinUI3 --> node_venv_lib_python3_12_site-packages_PyQt6_Qt6_qml_QtQuick_Controls_FluentWinUI3_light["light"]\n    node_venv_lib_python3_12_site-packages_PyQt6_Qt6_qml_QtQuick_Controls_FluentWinUI3_light --> node_venv_lib_python3_12_site-packages_PyQt6_Qt6_qml_QtQuick_Controls_FluentWinUI3_light_images["images"]\n    node_venv_lib_python3_12_site-packages_PyQt6_Qt6_qml_QtQuick_Controls_FluentWinUI3_light_images --> node_venv_lib_python3_12_site-packages_PyQt6_Qt6_qml_QtQuick_Controls_FluentWinUI3_light_images_spinbox-background-atlimit@3x_png["spinbox-background-atlimit@3x.png"]\n    Root --> node_venv["venv"]\n    node_venv --> node_venv_lib["lib"]\n    node_venv_lib --> node_venv_lib_python3_12["python3.12"]\n    node_venv_lib_python3_12 --> node_venv_lib_python3_12_site-packages["site-packages"]\n    node_venv_lib_python3_12_site-packages --> node_venv_lib_python3_12_site-packages_PyQt6["PyQt6"]\n    node_venv_lib_python3_12_site-packages_PyQt6 --> node_venv_lib_python3_12_site-packages_PyQt6_Qt6["Qt6"]\n    node_venv_lib_python3_12_site-packages_PyQt6_Qt6 --> node_venv_lib_python3_12_site-packages_PyQt6_Qt6_qml["qml"]\n    node_venv_lib_python3_12_site-packages_PyQt6_Qt6_qml --> node_venv_lib_python3_12_site-packages_PyQt6_Qt6_qml_QtQuick["QtQuick"]\n    node_venv_lib_python3_12_site-packages_PyQt6_Qt6_qml_QtQuick --> node_venv_lib_python3_12_site-packages_PyQt6_Qt6_qml_QtQuick_Controls["Controls"]\n    node_venv_lib_python3_12_site-packages_PyQt6_Qt6_qml_QtQuick_Controls --> node_venv_lib_python3_12_site-packages_PyQt6_Qt6_qml_QtQuick_Controls_FluentWinUI3["FluentWinUI3"]\n    node_venv_lib_python3_12_site-packages_PyQt6_Qt6_qml_QtQuick_Controls_FluentWinUI3 --> node_venv_lib_python3_12_site-packages_PyQt6_Qt6_qml_QtQuick_Controls_FluentWinUI3_light["light"]\n    node_venv_lib_python3_12_site-packages_PyQt6_Qt6_qml_QtQuick_Controls_FluentWinUI3_light --> node_venv_lib_python3_12_site-packages_PyQt6_Qt6_qml_QtQuick_Controls_FluentWinUI3_light_images["images"]\n    node_venv_lib_python3_12_site-packages_PyQt6_Qt6_qml_QtQuick_Controls_FluentWinUI3_light_images --> node_venv_lib_python3_12_site-packages_PyQt6_Qt6_qml_QtQuick_Controls_FluentWinUI3_light_images_spinbox-background-disabled_png["spinbox-background-disabled.png"]\n    Root --> node_venv["venv"]\n    node_venv --> node_venv_lib["lib"]\n    node_venv_lib --> node_venv_lib_python3_12["python3.12"]\n    node_venv_lib_python3_12 --> node_venv_lib_python3_12_site-packages["site-packages"]\n    node_venv_lib_python3_12_site-packages --> node_venv_lib_python3_12_site-packages_PyQt6["PyQt6"]\n    node_venv_lib_python3_12_site-packages_PyQt6 --> node_venv_lib_python3_12_site-packages_PyQt6_Qt6["Qt6"]\n    node_venv_lib_python3_12_site-packages_PyQt6_Qt6 --> node_venv_lib_python3_12_site-packages_PyQt6_Qt6_qml["qml"]\n    node_venv_lib_python3_12_site-packages_PyQt6_Qt6_qml --> node_venv_lib_python3_12_site-packages_PyQt6_Qt6_qml_QtQuick["QtQuick"]\n    node_venv_lib_python3_12_site-packages_PyQt6_Qt6_qml_QtQuick --> node_venv_lib_python3_12_site-packages_PyQt6_Qt6_qml_QtQuick_Controls["Controls"]\n    node_venv_lib_python3_12_site-packages_PyQt6_Qt6_qml_QtQuick_Controls --> node_venv_lib_python3_12_site-packages_PyQt6_Qt6_qml_QtQuick_Controls_FluentWinUI3["FluentWinUI3"]\n    node_venv_lib_python3_12_site-packages_PyQt6_Qt6_qml_QtQuick_Controls_FluentWinUI3 --> node_venv_lib_python3_12_site-packages_PyQt6_Qt6_qml_QtQuick_Controls_FluentWinUI3_light["light"]\n    node_venv_lib_python3_12_site-packages_PyQt6_Qt6_qml_QtQuick_Controls_FluentWinUI3_light --> node_venv_lib_python3_12_site-packages_PyQt6_Qt6_qml_QtQuick_Controls_FluentWinUI3_light_images["images"]\n    node_venv_lib_python3_12_site-packages_PyQt6_Qt6_qml_QtQuick_Controls_FluentWinUI3_light_images --> node_venv_lib_python3_12_site-packages_PyQt6_Qt6_qml_QtQuick_Controls_FluentWinUI3_light_images_spinbox-background-disabled@2x_png["spinbox-background-disabled@2x.png"]\n    Root --> node_venv["venv"]\n    node_venv --> node_venv_lib["lib"]\n    node_venv_lib --> node_venv_lib_python3_12["python3.12"]\n    node_venv_lib_python3_12 --> node_venv_lib_python3_12_site-packages["site-packages"]\n    node_venv_lib_python3_12_site-packages --> node_venv_lib_python3_12_site-packages_PyQt6["PyQt6"]\n    node_venv_lib_python3_12_site-packages_PyQt6 --> node_venv_lib_python3_12_site-packages_PyQt6_Qt6["Qt6"]\n    node_venv_lib_python3_12_site-packages_PyQt6_Qt6 --> node_venv_lib_python3_12_site-packages_PyQt6_Qt6_qml["qml"]\n    node_venv_lib_python3_12_site-packages_PyQt6_Qt6_qml --> node_venv_lib_python3_12_site-packages_PyQt6_Qt6_qml_QtQuick["QtQuick"]\n    node_venv_lib_python3_12_site-packages_PyQt6_Qt6_qml_QtQuick --> node_venv_lib_python3_12_site-packages_PyQt6_Qt6_qml_QtQuick_Controls["Controls"]\n    node_venv_lib_python3_12_site-packages_PyQt6_Qt6_qml_QtQuick_Controls --> node_venv_lib_python3_12_site-packages_PyQt6_Qt6_qml_QtQuick_Controls_FluentWinUI3["FluentWinUI3"]\n    node_venv_lib_python3_12_site-packages_PyQt6_Qt6_qml_QtQuick_Controls_FluentWinUI3 --> node_venv_lib_python3_12_site-packages_PyQt6_Qt6_qml_QtQuick_Controls_FluentWinUI3_light["light"]\n    node_venv_lib_python3_12_site-packages_PyQt6_Qt6_qml_QtQuick_Controls_FluentWinUI3_light --> node_venv_lib_python3_12_site-packages_PyQt6_Qt6_qml_QtQuick_Controls_FluentWinUI3_light_images["images"]\n    node_venv_lib_python3_12_site-packages_PyQt6_Qt6_qml_QtQuick_Controls_FluentWinUI3_light_images --> node_venv_lib_python3_12_site-packages_PyQt6_Qt6_qml_QtQuick_Controls_FluentWinUI3_light_images_spinbox-background-disabled@3x_png["spinbox-background-disabled@3x.png"]\n    Root --> node_venv["venv"]\n    node_venv --> node_venv_lib["lib"]\n    node_venv_lib --> node_venv_lib_python3_12["python3.12"]\n    node_venv_lib_python3_12 --> node_venv_lib_python3_12_site-packages["site-packages"]\n    node_venv_lib_python3_12_site-packages --> node_venv_lib_python3_12_site-packages_PyQt6["PyQt6"]\n    node_venv_lib_python3_12_site-packages_PyQt6 --> node_venv_lib_python3_12_site-packages_PyQt6_Qt6["Qt6"]\n    node_venv_lib_python3_12_site-packages_PyQt6_Qt6 --> node_venv_lib_python3_12_site-packages_PyQt6_Qt6_qml["qml"]\n    node_venv_lib_python3_12_site-packages_PyQt6_Qt6_qml --> node_venv_lib_python3_12_site-packages_PyQt6_Qt6_qml_QtQuick["QtQuick"]\n    node_venv_lib_python3_12_site-packages_PyQt6_Qt6_qml_QtQuick --> node_venv_lib_python3_12_site-packages_PyQt6_Qt6_qml_QtQuick_Controls["Controls"]\n    node_venv_lib_python3_12_site-packages_PyQt6_Qt6_qml_QtQuick_Controls --> node_venv_lib_python3_12_site-packages_PyQt6_Qt6_qml_QtQuick_Controls_FluentWinUI3["FluentWinUI3"]\n    node_venv_lib_python3_12_site-packages_PyQt6_Qt6_qml_QtQuick_Controls_FluentWinUI3 --> node_venv_lib_python3_12_site-packages_PyQt6_Qt6_qml_QtQuick_Controls_FluentWinUI3_light["light"]\n    node_venv_lib_python3_12_site-packages_PyQt6_Qt6_qml_QtQuick_Controls_FluentWinUI3_light --> node_venv_lib_python3_12_site-packages_PyQt6_Qt6_qml_QtQuick_Controls_FluentWinUI3_light_images["images"]\n    node_venv_lib_python3_12_site-packages_PyQt6_Qt6_qml_QtQuick_Controls_FluentWinUI3_light_images --> node_venv_lib_python3_12_site-packages_PyQt6_Qt6_qml_QtQuick_Controls_FluentWinUI3_light_images_spinbox-background-down-hovered_png["spinbox-background-down-hovered.png"]\n    Root --> node_venv["venv"]\n    node_venv --> node_venv_lib["lib"]\n    node_venv_lib --> node_venv_lib_python3_12["python3.12"]\n    node_venv_lib_python3_12 --> node_venv_lib_python3_12_site-packages["site-packages"]\n    node_venv_lib_python3_12_site-packages --> node_venv_lib_python3_12_site-packages_PyQt6["PyQt6"]\n    node_venv_lib_python3_12_site-packages_PyQt6 --> node_venv_lib_python3_12_site-packages_PyQt6_Qt6["Qt6"]\n    node_venv_lib_python3_12_site-packages_PyQt6_Qt6 --> node_venv_lib_python3_12_site-packages_PyQt6_Qt6_qml["qml"]\n    node_venv_lib_python3_12_site-packages_PyQt6_Qt6_qml --> node_venv_lib_python3_12_site-packages_PyQt6_Qt6_qml_QtQuick["QtQuick"]\n    node_venv_lib_python3_12_site-packages_PyQt6_Qt6_qml_QtQuick --> node_venv_lib_python3_12_site-packages_PyQt6_Qt6_qml_QtQuick_Controls["Controls"]\n    node_venv_lib_python3_12_site-packages_PyQt6_Qt6_qml_QtQuick_Controls --> node_venv_lib_python3_12_site-packages_PyQt6_Qt6_qml_QtQuick_Controls_FluentWinUI3["FluentWinUI3"]\n    node_venv_lib_python3_12_site-packages_PyQt6_Qt6_qml_QtQuick_Controls_FluentWinUI3 --> node_venv_lib_python3_12_site-packages_PyQt6_Qt6_qml_QtQuick_Controls_FluentWinUI3_light["light"]\n    node_venv_lib_python3_12_site-packages_PyQt6_Qt6_qml_QtQuick_Controls_FluentWinUI3_light --> node_venv_lib_python3_12_site-packages_PyQt6_Qt6_qml_QtQuick_Controls_FluentWinUI3_light_images["images"]\n    node_venv_lib_python3_12_site-packages_PyQt6_Qt6_qml_QtQuick_Controls_FluentWinUI3_light_images --> node_venv_lib_python3_12_site-packages_PyQt6_Qt6_qml_QtQuick_Controls_FluentWinUI3_light_images_spinbox-background-down-hovered@2x_png["spinbox-background-down-hovered@2x.png"]\n    Root --> node_venv["venv"]\n    node_venv --> node_venv_lib["lib"]\n    node_venv_lib --> node_venv_lib_python3_12["python3.12"]\n    node_venv_lib_python3_12 --> node_venv_lib_python3_12_site-packages["site-packages"]\n    node_venv_lib_python3_12_site-packages --> node_venv_lib_python3_12_site-packages_PyQt6["PyQt6"]\n    node_venv_lib_python3_12_site-packages_PyQt6 --> node_venv_lib_python3_12_site-packages_PyQt6_Qt6["Qt6"]\n    node_venv_lib_python3_12_site-packages_PyQt6_Qt6 --> node_venv_lib_python3_12_site-packages_PyQt6_Qt6_qml["qml"]\n    node_venv_lib_python3_12_site-packages_PyQt6_Qt6_qml --> node_venv_lib_python3_12_site-packages_PyQt6_Qt6_qml_QtQuick["QtQuick"]\n    node_venv_lib_python3_12_site-packages_PyQt6_Qt6_qml_QtQuick --> node_venv_lib_python3_12_site-packages_PyQt6_Qt6_qml_QtQuick_Controls["Controls"]\n    node_venv_lib_python3_12_site-packages_PyQt6_Qt6_qml_QtQuick_Controls --> node_venv_lib_python3_12_site-packages_PyQt6_Qt6_qml_QtQuick_Controls_FluentWinUI3["FluentWinUI3"]\n    node_venv_lib_python3_12_site-packages_PyQt6_Qt6_qml_QtQuick_Controls_FluentWinUI3 --> node_venv_lib_python3_12_site-packages_PyQt6_Qt6_qml_QtQuick_Controls_FluentWinUI3_light["light"]\n    node_venv_lib_python3_12_site-packages_PyQt6_Qt6_qml_QtQuick_Controls_FluentWinUI3_light --> node_venv_lib_python3_12_site-packages_PyQt6_Qt6_qml_QtQuick_Controls_FluentWinUI3_light_images["images"]\n    node_venv_lib_python3_12_site-packages_PyQt6_Qt6_qml_QtQuick_Controls_FluentWinUI3_light_images --> node_venv_lib_python3_12_site-packages_PyQt6_Qt6_qml_QtQuick_Controls_FluentWinUI3_light_images_spinbox-background-down-hovered@3x_png["spinbox-background-down-hovered@3x.png"]\n    Root --> node_venv["venv"]\n    node_venv --> node_venv_lib["lib"]\n    node_venv_lib --> node_venv_lib_python3_12["python3.12"]\n    node_venv_lib_python3_12 --> node_venv_lib_python3_12_site-packages["site-packages"]\n    node_venv_lib_python3_12_site-packages --> node_venv_lib_python3_12_site-packages_PyQt6["PyQt6"]\n    node_venv_lib_python3_12_site-packages_PyQt6 --> node_venv_lib_python3_12_site-packages_PyQt6_Qt6["Qt6"]\n    node_venv_lib_python3_12_site-packages_PyQt6_Qt6 --> node_venv_lib_python3_12_site-packages_PyQt6_Qt6_qml["qml"]\n    node_venv_lib_python3_12_site-packages_PyQt6_Qt6_qml --> node_venv_lib_python3_12_site-packages_PyQt6_Qt6_qml_QtQuick["QtQuick"]\n    node_venv_lib_python3_12_site-packages_PyQt6_Qt6_qml_QtQuick --> node_venv_lib_python3_12_site-packages_PyQt6_Qt6_qml_QtQuick_Controls["Controls"]\n    node_venv_lib_python3_12_site-packages_PyQt6_Qt6_qml_QtQuick_Controls --> node_venv_lib_python3_12_site-packages_PyQt6_Qt6_qml_QtQuick_Controls_FluentWinUI3["FluentWinUI3"]\n    node_venv_lib_python3_12_site-packages_PyQt6_Qt6_qml_QtQuick_Controls_FluentWinUI3 --> node_venv_lib_python3_12_site-packages_PyQt6_Qt6_qml_QtQuick_Controls_FluentWinUI3_light["light"]\n    node_venv_lib_python3_12_site-packages_PyQt6_Qt6_qml_QtQuick_Controls_FluentWinUI3_light --> node_venv_lib_python3_12_site-packages_PyQt6_Qt6_qml_QtQuick_Controls_FluentWinUI3_light_images["images"]\n    node_venv_lib_python3_12_site-packages_PyQt6_Qt6_qml_QtQuick_Controls_FluentWinUI3_light_images --> node_venv_lib_python3_12_site-packages_PyQt6_Qt6_qml_QtQuick_Controls_FluentWinUI3_light_images_spinbox-background-down-pressed_png["spinbox-background-down-pressed.png"]\n    Root --> node_venv["venv"]\n    node_venv --> node_venv_lib["lib"]\n    node_venv_lib --> node_venv_lib_python3_12["python3.12"]\n    node_venv_lib_python3_12 --> node_venv_lib_python3_12_site-packages["site-packages"]\n    node_venv_lib_python3_12_site-packages --> node_venv_lib_python3_12_site-packages_PyQt6["PyQt6"]\n    node_venv_lib_python3_12_site-packages_PyQt6 --> node_venv_lib_python3_12_site-packages_PyQt6_Qt6["Qt6"]\n    node_venv_lib_python3_12_site-packages_PyQt6_Qt6 --> node_venv_lib_python3_12_site-packages_PyQt6_Qt6_qml["qml"]\n    node_venv_lib_python3_12_site-packages_PyQt6_Qt6_qml --> node_venv_lib_python3_12_site-packages_PyQt6_Qt6_qml_QtQuick["QtQuick"]\n    node_venv_lib_python3_12_site-packages_PyQt6_Qt6_qml_QtQuick --> node_venv_lib_python3_12_site-packages_PyQt6_Qt6_qml_QtQuick_Controls["Controls"]\n    node_venv_lib_python3_12_site-packages_PyQt6_Qt6_qml_QtQuick_Controls --> node_venv_lib_python3_12_site-packages_PyQt6_Qt6_qml_QtQuick_Controls_FluentWinUI3["FluentWinUI3"]\n    node_venv_lib_python3_12_site-packages_PyQt6_Qt6_qml_QtQuick_Controls_FluentWinUI3 --> node_venv_lib_python3_12_site-packages_PyQt6_Qt6_qml_QtQuick_Controls_FluentWinUI3_light["light"]\n    node_venv_lib_python3_12_site-packages_PyQt6_Qt6_qml_QtQuick_Controls_FluentWinUI3_light --> node_venv_lib_python3_12_site-packages_PyQt6_Qt6_qml_QtQuick_Controls_FluentWinUI3_light_images["images"]\n    node_venv_lib_python3_12_site-packages_PyQt6_Qt6_qml_QtQuick_Controls_FluentWinUI3_light_images --> node_venv_lib_python3_12_site-packages_PyQt6_Qt6_qml_QtQuick_Controls_FluentWinUI3_light_images_spinbox-background-down-pressed@2x_png["spinbox-background-down-pressed@2x.png"]\n    Root --> node_venv["venv"]\n    node_venv --> node_venv_lib["lib"]\n    node_venv_lib --> node_venv_lib_python3_12["python3.12"]\n    node_venv_lib_python3_12 --> node_venv_lib_python3_12_site-packages["site-packages"]\n    node_venv_lib_python3_12_site-packages --> node_venv_lib_python3_12_site-packages_PyQt6["PyQt6"]\n    node_venv_lib_python3_12_site-packages_PyQt6 --> node_venv_lib_python3_12_site-packages_PyQt6_Qt6["Qt6"]\n    node_venv_lib_python3_12_site-packages_PyQt6_Qt6 --> node_venv_lib_python3_12_site-packages_PyQt6_Qt6_qml["qml"]\n    node_venv_lib_python3_12_site-packages_PyQt6_Qt6_qml --> node_venv_lib_python3_12_site-packages_PyQt6_Qt6_qml_QtQuick["QtQuick"]\n    node_venv_lib_python3_12_site-packages_PyQt6_Qt6_qml_QtQuick --> node_venv_lib_python3_12_site-packages_PyQt6_Qt6_qml_QtQuick_Controls["Controls"]\n    node_venv_lib_python3_12_site-packages_PyQt6_Qt6_qml_QtQuick_Controls --> node_venv_lib_python3_12_site-packages_PyQt6_Qt6_qml_QtQuick_Controls_FluentWinUI3["FluentWinUI3"]\n    node_venv_lib_python3_12_site-packages_PyQt6_Qt6_qml_QtQuick_Controls_FluentWinUI3 --> node_venv_lib_python3_12_site-packages_PyQt6_Qt6_qml_QtQuick_Controls_FluentWinUI3_light["light"]\n    node_venv_lib_python3_12_site-packages_PyQt6_Qt6_qml_QtQuick_Controls_FluentWinUI3_light --> node_venv_lib_python3_12_site-packages_PyQt6_Qt6_qml_QtQuick_Controls_FluentWinUI3_light_images["images"]\n    node_venv_lib_python3_12_site-packages_PyQt6_Qt6_qml_QtQuick_Controls_FluentWinUI3_light_images --> node_venv_lib_python3_12_site-packages_PyQt6_Qt6_qml_QtQuick_Controls_FluentWinUI3_light_images_spinbox-background-down-pressed@3x_png["spinbox-background-down-pressed@3x.png"]\n    Root --> node_venv["venv"]\n    node_venv --> node_venv_lib["lib"]\n    node_venv_lib --> node_venv_lib_python3_12["python3.12"]\n    node_venv_lib_python3_12 --> node_venv_lib_python3_12_site-packages["site-packages"]\n    node_venv_lib_python3_12_site-packages --> node_venv_lib_python3_12_site-packages_PyQt6["PyQt6"]\n    node_venv_lib_python3_12_site-packages_PyQt6 --> node_venv_lib_python3_12_site-packages_PyQt6_Qt6["Qt6"]\n    node_venv_lib_python3_12_site-packages_PyQt6_Qt6 --> node_venv_lib_python3_12_site-packages_PyQt6_Qt6_qml["qml"]\n    node_venv_lib_python3_12_site-packages_PyQt6_Qt6_qml --> node_venv_lib_python3_12_site-packages_PyQt6_Qt6_qml_QtQuick["QtQuick"]\n    node_venv_lib_python3_12_site-packages_PyQt6_Qt6_qml_QtQuick --> node_venv_lib_python3_12_site-packages_PyQt6_Qt6_qml_QtQuick_Controls["Controls"]\n    node_venv_lib_python3_12_site-packages_PyQt6_Qt6_qml_QtQuick_Controls --> node_venv_lib_python3_12_site-packages_PyQt6_Qt6_qml_QtQuick_Controls_FluentWinUI3["FluentWinUI3"]\n    node_venv_lib_python3_12_site-packages_PyQt6_Qt6_qml_QtQuick_Controls_FluentWinUI3 --> node_venv_lib_python3_12_site-packages_PyQt6_Qt6_qml_QtQuick_Controls_FluentWinUI3_light["light"]\n    node_venv_lib_python3_12_site-packages_PyQt6_Qt6_qml_QtQuick_Controls_FluentWinUI3_light --> node_venv_lib_python3_12_site-packages_PyQt6_Qt6_qml_QtQuick_Controls_FluentWinUI3_light_images["images"]\n    node_venv_lib_python3_12_site-packages_PyQt6_Qt6_qml_QtQuick_Controls_FluentWinUI3_light_images --> node_venv_lib_python3_12_site-packages_PyQt6_Qt6_qml_QtQuick_Controls_FluentWinUI3_light_images_spinbox-background-hovered_png["spinbox-background-hovered.png"]\n    Root --> node_venv["venv"]\n    node_venv --> node_venv_lib["lib"]\n    node_venv_lib --> node_venv_lib_python3_12["python3.12"]\n    node_venv_lib_python3_12 --> node_venv_lib_python3_12_site-packages["site-packages"]\n    node_venv_lib_python3_12_site-packages --> node_venv_lib_python3_12_site-packages_PyQt6["PyQt6"]\n    node_venv_lib_python3_12_site-packages_PyQt6 --> node_venv_lib_python3_12_site-packages_PyQt6_Qt6["Qt6"]\n    node_venv_lib_python3_12_site-packages_PyQt6_Qt6 --> node_venv_lib_python3_12_site-packages_PyQt6_Qt6_qml["qml"]\n    node_venv_lib_python3_12_site-packages_PyQt6_Qt6_qml --> node_venv_lib_python3_12_site-packages_PyQt6_Qt6_qml_QtQuick["QtQuick"]\n    node_venv_lib_python3_12_site-packages_PyQt6_Qt6_qml_QtQuick --> node_venv_lib_python3_12_site-packages_PyQt6_Qt6_qml_QtQuick_Controls["Controls"]\n    node_venv_lib_python3_12_site-packages_PyQt6_Qt6_qml_QtQuick_Controls --> node_venv_lib_python3_12_site-packages_PyQt6_Qt6_qml_QtQuick_Controls_FluentWinUI3["FluentWinUI3"]\n    node_venv_lib_python3_12_site-packages_PyQt6_Qt6_qml_QtQuick_Controls_FluentWinUI3 --> node_venv_lib_python3_12_site-packages_PyQt6_Qt6_qml_QtQuick_Controls_FluentWinUI3_light["light"]\n    node_venv_lib_python3_12_site-packages_PyQt6_Qt6_qml_QtQuick_Controls_FluentWinUI3_light --> node_venv_lib_python3_12_site-packages_PyQt6_Qt6_qml_QtQuick_Controls_FluentWinUI3_light_images["images"]\n    node_venv_lib_python3_12_site-packages_PyQt6_Qt6_qml_QtQuick_Controls_FluentWinUI3_light_images --> node_venv_lib_python3_12_site-packages_PyQt6_Qt6_qml_QtQuick_Controls_FluentWinUI3_light_images_spinbox-background-hovered@2x_png["spinbox-background-hovered@2x.png"]\n    Root --> node_venv["venv"]\n    node_venv --> node_venv_lib["lib"]\n    node_venv_lib --> node_venv_lib_python3_12["python3.12"]\n    node_venv_lib_python3_12 --> node_venv_lib_python3_12_site-packages["site-packages"]\n    node_venv_lib_python3_12_site-packages --> node_venv_lib_python3_12_site-packages_PyQt6["PyQt6"]\n    node_venv_lib_python3_12_site-packages_PyQt6 --> node_venv_lib_python3_12_site-packages_PyQt6_Qt6["Qt6"]\n    node_venv_lib_python3_12_site-packages_PyQt6_Qt6 --> node_venv_lib_python3_12_site-packages_PyQt6_Qt6_qml["qml"]\n    node_venv_lib_python3_12_site-packages_PyQt6_Qt6_qml --> node_venv_lib_python3_12_site-packages_PyQt6_Qt6_qml_QtQuick["QtQuick"]\n    node_venv_lib_python3_12_site-packages_PyQt6_Qt6_qml_QtQuick --> node_venv_lib_python3_12_site-packages_PyQt6_Qt6_qml_QtQuick_Controls["Controls"]\n    node_venv_lib_python3_12_site-packages_PyQt6_Qt6_qml_QtQuick_Controls --> node_venv_lib_python3_12_site-packages_PyQt6_Qt6_qml_QtQuick_Controls_FluentWinUI3["FluentWinUI3"]\n    node_venv_lib_python3_12_site-packages_PyQt6_Qt6_qml_QtQuick_Controls_FluentWinUI3 --> node_venv_lib_python3_12_site-packages_PyQt6_Qt6_qml_QtQuick_Controls_FluentWinUI3_light["light"]\n    node_venv_lib_python3_12_site-packages_PyQt6_Qt6_qml_QtQuick_Controls_FluentWinUI3_light --> node_venv_lib_python3_12_site-packages_PyQt6_Qt6_qml_QtQuick_Controls_FluentWinUI3_light_images["images"]\n    node_venv_lib_python3_12_site-packages_PyQt6_Qt6_qml_QtQuick_Controls_FluentWinUI3_light_images --> node_venv_lib_python3_12_site-packages_PyQt6_Qt6_qml_QtQuick_Controls_FluentWinUI3_light_images_spinbox-background-hovered@3x_png["spinbox-background-hovered@3x.png"]\n    Root --> node_venv["venv"]\n    node_venv --> node_venv_lib["lib"]\n    node_venv_lib --> node_venv_lib_python3_12["python3.12"]\n    node_venv_lib_python3_12 --> node_venv_lib_python3_12_site-packages["site-packages"]\n    node_venv_lib_python3_12_site-packages --> node_venv_lib_python3_12_site-packages_PyQt6["PyQt6"]\n    node_venv_lib_python3_12_site-packages_PyQt6 --> node_venv_lib_python3_12_site-packages_PyQt6_Qt6["Qt6"]\n    node_venv_lib_python3_12_site-packages_PyQt6_Qt6 --> node_venv_lib_python3_12_site-packages_PyQt6_Qt6_qml["qml"]\n    node_venv_lib_python3_12_site-packages_PyQt6_Qt6_qml --> node_venv_lib_python3_12_site-packages_PyQt6_Qt6_qml_QtQuick["QtQuick"]\n    node_venv_lib_python3_12_site-packages_PyQt6_Qt6_qml_QtQuick --> node_venv_lib_python3_12_site-packages_PyQt6_Qt6_qml_QtQuick_Controls["Controls"]\n    node_venv_lib_python3_12_site-packages_PyQt6_Qt6_qml_QtQuick_Controls --> node_venv_lib_python3_12_site-packages_PyQt6_Qt6_qml_QtQuick_Controls_FluentWinUI3["FluentWinUI3"]\n    node_venv_lib_python3_12_site-packages_PyQt6_Qt6_qml_QtQuick_Controls_FluentWinUI3 --> node_venv_lib_python3_12_site-packages_PyQt6_Qt6_qml_QtQuick_Controls_FluentWinUI3_light["light"]\n    node_venv_lib_python3_12_site-packages_PyQt6_Qt6_qml_QtQuick_Controls_FluentWinUI3_light --> node_venv_lib_python3_12_site-packages_PyQt6_Qt6_qml_QtQuick_Controls_FluentWinUI3_light_images["images"]\n    node_venv_lib_python3_12_site-packages_PyQt6_Qt6_qml_QtQuick_Controls_FluentWinUI3_light_images --> node_venv_lib_python3_12_site-packages_PyQt6_Qt6_qml_QtQuick_Controls_FluentWinUI3_light_images_spinbox-background-up-hovered_png["spinbox-background-up-hovered.png"]\n    Root --> node_venv["venv"]\n    node_venv --> node_venv_lib["lib"]\n    node_venv_lib --> node_venv_lib_python3_12["python3.12"]\n    node_venv_lib_python3_12 --> node_venv_lib_python3_12_site-packages["site-packages"]\n    node_venv_lib_python3_12_site-packages --> node_venv_lib_python3_12_site-packages_PyQt6["PyQt6"]\n    node_venv_lib_python3_12_site-packages_PyQt6 --> node_venv_lib_python3_12_site-packages_PyQt6_Qt6["Qt6"]\n    node_venv_lib_python3_12_site-packages_PyQt6_Qt6 --> node_venv_lib_python3_12_site-packages_PyQt6_Qt6_qml["qml"]\n    node_venv_lib_python3_12_site-packages_PyQt6_Qt6_qml --> node_venv_lib_python3_12_site-packages_PyQt6_Qt6_qml_QtQuick["QtQuick"]\n    node_venv_lib_python3_12_site-packages_PyQt6_Qt6_qml_QtQuick --> node_venv_lib_python3_12_site-packages_PyQt6_Qt6_qml_QtQuick_Controls["Controls"]\n    node_venv_lib_python3_12_site-packages_PyQt6_Qt6_qml_QtQuick_Controls --> node_venv_lib_python3_12_site-packages_PyQt6_Qt6_qml_QtQuick_Controls_FluentWinUI3["FluentWinUI3"]\n    node_venv_lib_python3_12_site-packages_PyQt6_Qt6_qml_QtQuick_Controls_FluentWinUI3 --> node_venv_lib_python3_12_site-packages_PyQt6_Qt6_qml_QtQuick_Controls_FluentWinUI3_light["light"]\n    node_venv_lib_python3_12_site-packages_PyQt6_Qt6_qml_QtQuick_Controls_FluentWinUI3_light --> node_venv_lib_python3_12_site-packages_PyQt6_Qt6_qml_QtQuick_Controls_FluentWinUI3_light_images["images"]\n    node_venv_lib_python3_12_site-packages_PyQt6_Qt6_qml_QtQuick_Controls_FluentWinUI3_light_images --> node_venv_lib_python3_12_site-packages_PyQt6_Qt6_qml_QtQuick_Controls_FluentWinUI3_light_images_spinbox-background-up-hovered@2x_png["spinbox-background-up-hovered@2x.png"]\n    Root --> node_venv["venv"]\n    node_venv --> node_venv_lib["lib"]\n    node_venv_lib --> node_venv_lib_python3_12["python3.12"]\n    node_venv_lib_python3_12 --> node_venv_lib_python3_12_site-packages["site-packages"]\n    node_venv_lib_python3_12_site-packages --> node_venv_lib_python3_12_site-packages_PyQt6["PyQt6"]\n    node_venv_lib_python3_12_site-packages_PyQt6 --> node_venv_lib_python3_12_site-packages_PyQt6_Qt6["Qt6"]\n    node_venv_lib_python3_12_site-packages_PyQt6_Qt6 --> node_venv_lib_python3_12_site-packages_PyQt6_Qt6_qml["qml"]\n    node_venv_lib_python3_12_site-packages_PyQt6_Qt6_qml --> node_venv_lib_python3_12_site-packages_PyQt6_Qt6_qml_QtQuick["QtQuick"]\n    node_venv_lib_python3_12_site-packages_PyQt6_Qt6_qml_QtQuick --> node_venv_lib_python3_12_site-packages_PyQt6_Qt6_qml_QtQuick_Controls["Controls"]\n    node_venv_lib_python3_12_site-packages_PyQt6_Qt6_qml_QtQuick_Controls --> node_venv_lib_python3_12_site-packages_PyQt6_Qt6_qml_QtQuick_Controls_FluentWinUI3["FluentWinUI3"]\n    node_venv_lib_python3_12_site-packages_PyQt6_Qt6_qml_QtQuick_Controls_FluentWinUI3 --> node_venv_lib_python3_12_site-packages_PyQt6_Qt6_qml_QtQuick_Controls_FluentWinUI3_light["light"]\n    node_venv_lib_python3_12_site-packages_PyQt6_Qt6_qml_QtQuick_Controls_FluentWinUI3_light --> node_venv_lib_python3_12_site-packages_PyQt6_Qt6_qml_QtQuick_Controls_FluentWinUI3_light_images["images"]\n    node_venv_lib_python3_12_site-packages_PyQt6_Qt6_qml_QtQuick_Controls_FluentWinUI3_light_images --> node_venv_lib_python3_12_site-packages_PyQt6_Qt6_qml_QtQuick_Controls_FluentWinUI3_light_images_spinbox-background-up-hovered@3x_png["spinbox-background-up-hovered@3x.png"]\n    Root --> node_venv["venv"]\n    node_venv --> node_venv_lib["lib"]\n    node_venv_lib --> node_venv_lib_python3_12["python3.12"]\n    node_venv_lib_python3_12 --> node_venv_lib_python3_12_site-packages["site-packages"]\n    node_venv_lib_python3_12_site-packages --> node_venv_lib_python3_12_site-packages_PyQt6["PyQt6"]\n    node_venv_lib_python3_12_site-packages_PyQt6 --> node_venv_lib_python3_12_site-packages_PyQt6_Qt6["Qt6"]\n    node_venv_lib_python3_12_site-packages_PyQt6_Qt6 --> node_venv_lib_python3_12_site-packages_PyQt6_Qt6_qml["qml"]\n    node_venv_lib_python3_12_site-packages_PyQt6_Qt6_qml --> node_venv_lib_python3_12_site-packages_PyQt6_Qt6_qml_QtQuick["QtQuick"]\n    node_venv_lib_python3_12_site-packages_PyQt6_Qt6_qml_QtQuick --> node_venv_lib_python3_12_site-packages_PyQt6_Qt6_qml_QtQuick_Controls["Controls"]\n    node_venv_lib_python3_12_site-packages_PyQt6_Qt6_qml_QtQuick_Controls --> node_venv_lib_python3_12_site-packages_PyQt6_Qt6_qml_QtQuick_Controls_FluentWinUI3["FluentWinUI3"]\n    node_venv_lib_python3_12_site-packages_PyQt6_Qt6_qml_QtQuick_Controls_FluentWinUI3 --> node_venv_lib_python3_12_site-packages_PyQt6_Qt6_qml_QtQuick_Controls_FluentWinUI3_light["light"]\n    node_venv_lib_python3_12_site-packages_PyQt6_Qt6_qml_QtQuick_Controls_FluentWinUI3_light --> node_venv_lib_python3_12_site-packages_PyQt6_Qt6_qml_QtQuick_Controls_FluentWinUI3_light_images["images"]\n    node_venv_lib_python3_12_site-packages_PyQt6_Qt6_qml_QtQuick_Controls_FluentWinUI3_light_images --> node_venv_lib_python3_12_site-packages_PyQt6_Qt6_qml_QtQuick_Controls_FluentWinUI3_light_images_spinbox-background-up-pressed_png["spinbox-background-up-pressed.png"]\n    Root --> node_venv["venv"]\n    node_venv --> node_venv_lib["lib"]\n    node_venv_lib --> node_venv_lib_python3_12["python3.12"]\n    node_venv_lib_python3_12 --> node_venv_lib_python3_12_site-packages["site-packages"]\n    node_venv_lib_python3_12_site-packages --> node_venv_lib_python3_12_site-packages_PyQt6["PyQt6"]\n    node_venv_lib_python3_12_site-packages_PyQt6 --> node_venv_lib_python3_12_site-packages_PyQt6_Qt6["Qt6"]\n    node_venv_lib_python3_12_site-packages_PyQt6_Qt6 --> node_venv_lib_python3_12_site-packages_PyQt6_Qt6_qml["qml"]\n    node_venv_lib_python3_12_site-packages_PyQt6_Qt6_qml --> node_venv_lib_python3_12_site-packages_PyQt6_Qt6_qml_QtQuick["QtQuick"]\n    node_venv_lib_python3_12_site-packages_PyQt6_Qt6_qml_QtQuick --> node_venv_lib_python3_12_site-packages_PyQt6_Qt6_qml_QtQuick_Controls["Controls"]\n    node_venv_lib_python3_12_site-packages_PyQt6_Qt6_qml_QtQuick_Controls --> node_venv_lib_python3_12_site-packages_PyQt6_Qt6_qml_QtQuick_Controls_FluentWinUI3["FluentWinUI3"]\n    node_venv_lib_python3_12_site-packages_PyQt6_Qt6_qml_QtQuick_Controls_FluentWinUI3 --> node_venv_lib_python3_12_site-packages_PyQt6_Qt6_qml_QtQuick_Controls_FluentWinUI3_light["light"]\n    node_venv_lib_python3_12_site-packages_PyQt6_Qt6_qml_QtQuick_Controls_FluentWinUI3_light --> node_venv_lib_python3_12_site-packages_PyQt6_Qt6_qml_QtQuick_Controls_FluentWinUI3_light_images["images"]\n    node_venv_lib_python3_12_site-packages_PyQt6_Qt6_qml_QtQuick_Controls_FluentWinUI3_light_images --> node_venv_lib_python3_12_site-packages_PyQt6_Qt6_qml_QtQuick_Controls_FluentWinUI3_light_images_spinbox-background-up-pressed@2x_png["spinbox-background-up-pressed@2x.png"]\n    Root --> node_venv["venv"]\n    node_venv --> node_venv_lib["lib"]\n    node_venv_lib --> node_venv_lib_python3_12["python3.12"]\n    node_venv_lib_python3_12 --> node_venv_lib_python3_12_site-packages["site-packages"]\n    node_venv_lib_python3_12_site-packages --> node_venv_lib_python3_12_site-packages_PyQt6["PyQt6"]\n    node_venv_lib_python3_12_site-packages_PyQt6 --> node_venv_lib_python3_12_site-packages_PyQt6_Qt6["Qt6"]\n    node_venv_lib_python3_12_site-packages_PyQt6_Qt6 --> node_venv_lib_python3_12_site-packages_PyQt6_Qt6_qml["qml"]\n    node_venv_lib_python3_12_site-packages_PyQt6_Qt6_qml --> node_venv_lib_python3_12_site-packages_PyQt6_Qt6_qml_QtQuick["QtQuick"]\n    node_venv_lib_python3_12_site-packages_PyQt6_Qt6_qml_QtQuick --> node_venv_lib_python3_12_site-packages_PyQt6_Qt6_qml_QtQuick_Controls["Controls"]\n    node_venv_lib_python3_12_site-packages_PyQt6_Qt6_qml_QtQuick_Controls --> node_venv_lib_python3_12_site-packages_PyQt6_Qt6_qml_QtQuick_Controls_FluentWinUI3["FluentWinUI3"]\n    node_venv_lib_python3_12_site-packages_PyQt6_Qt6_qml_QtQuick_Controls_FluentWinUI3 --> node_venv_lib_python3_12_site-packages_PyQt6_Qt6_qml_QtQuick_Controls_FluentWinUI3_light["light"]\n    node_venv_lib_python3_12_site-packages_PyQt6_Qt6_qml_QtQuick_Controls_FluentWinUI3_light --> node_venv_lib_python3_12_site-packages_PyQt6_Qt6_qml_QtQuick_Controls_FluentWinUI3_light_images["images"]\n    node_venv_lib_python3_12_site-packages_PyQt6_Qt6_qml_QtQuick_Controls_FluentWinUI3_light_images --> node_venv_lib_python3_12_site-packages_PyQt6_Qt6_qml_QtQuick_Controls_FluentWinUI3_light_images_spinbox-background-up-pressed@3x_png["spinbox-background-up-pressed@3x.png"]\n    Root --> node_venv["venv"]\n    node_venv --> node_venv_lib["lib"]\n    node_venv_lib --> node_venv_lib_python3_12["python3.12"]\n    node_venv_lib_python3_12 --> node_venv_lib_python3_12_site-packages["site-packages"]\n    node_venv_lib_python3_12_site-packages --> node_venv_lib_python3_12_site-packages_PyQt6["PyQt6"]\n    node_venv_lib_python3_12_site-packages_PyQt6 --> node_venv_lib_python3_12_site-packages_PyQt6_Qt6["Qt6"]\n    node_venv_lib_python3_12_site-packages_PyQt6_Qt6 --> node_venv_lib_python3_12_site-packages_PyQt6_Qt6_qml["qml"]\n    node_venv_lib_python3_12_site-packages_PyQt6_Qt6_qml --> node_venv_lib_python3_12_site-packages_PyQt6_Qt6_qml_QtQuick["QtQuick"]\n    node_venv_lib_python3_12_site-packages_PyQt6_Qt6_qml_QtQuick --> node_venv_lib_python3_12_site-packages_PyQt6_Qt6_qml_QtQuick_Controls["Controls"]\n    node_venv_lib_python3_12_site-packages_PyQt6_Qt6_qml_QtQuick_Controls --> node_venv_lib_python3_12_site-packages_PyQt6_Qt6_qml_QtQuick_Controls_FluentWinUI3["FluentWinUI3"]\n    node_venv_lib_python3_12_site-packages_PyQt6_Qt6_qml_QtQuick_Controls_FluentWinUI3 --> node_venv_lib_python3_12_site-packages_PyQt6_Qt6_qml_QtQuick_Controls_FluentWinUI3_light["light"]\n    node_venv_lib_python3_12_site-packages_PyQt6_Qt6_qml_QtQuick_Controls_FluentWinUI3_light --> node_venv_lib_python3_12_site-packages_PyQt6_Qt6_qml_QtQuick_Controls_FluentWinUI3_light_images["images"]\n    node_venv_lib_python3_12_site-packages_PyQt6_Qt6_qml_QtQuick_Controls_FluentWinUI3_light_images --> node_venv_lib_python3_12_site-packages_PyQt6_Qt6_qml_QtQuick_Controls_FluentWinUI3_light_images_spinbox-background_png["spinbox-background.png"]\n    Root --> node_venv["venv"]\n    node_venv --> node_venv_lib["lib"]\n    node_venv_lib --> node_venv_lib_python3_12["python3.12"]\n    node_venv_lib_python3_12 --> node_venv_lib_python3_12_site-packages["site-packages"]\n    node_venv_lib_python3_12_site-packages --> node_venv_lib_python3_12_site-packages_PyQt6["PyQt6"]\n    node_venv_lib_python3_12_site-packages_PyQt6 --> node_venv_lib_python3_12_site-packages_PyQt6_Qt6["Qt6"]\n    node_venv_lib_python3_12_site-packages_PyQt6_Qt6 --> node_venv_lib_python3_12_site-packages_PyQt6_Qt6_qml["qml"]\n    node_venv_lib_python3_12_site-packages_PyQt6_Qt6_qml --> node_venv_lib_python3_12_site-packages_PyQt6_Qt6_qml_QtQuick["QtQuick"]\n    node_venv_lib_python3_12_site-packages_PyQt6_Qt6_qml_QtQuick --> node_venv_lib_python3_12_site-packages_PyQt6_Qt6_qml_QtQuick_Controls["Controls"]\n    node_venv_lib_python3_12_site-packages_PyQt6_Qt6_qml_QtQuick_Controls --> node_venv_lib_python3_12_site-packages_PyQt6_Qt6_qml_QtQuick_Controls_FluentWinUI3["FluentWinUI3"]\n    node_venv_lib_python3_12_site-packages_PyQt6_Qt6_qml_QtQuick_Controls_FluentWinUI3 --> node_venv_lib_python3_12_site-packages_PyQt6_Qt6_qml_QtQuick_Controls_FluentWinUI3_light["light"]\n    node_venv_lib_python3_12_site-packages_PyQt6_Qt6_qml_QtQuick_Controls_FluentWinUI3_light --> node_venv_lib_python3_12_site-packages_PyQt6_Qt6_qml_QtQuick_Controls_FluentWinUI3_light_images["images"]\n    node_venv_lib_python3_12_site-packages_PyQt6_Qt6_qml_QtQuick_Controls_FluentWinUI3_light_images --> node_venv_lib_python3_12_site-packages_PyQt6_Qt6_qml_QtQuick_Controls_FluentWinUI3_light_images_spinbox-background@2x_png["spinbox-background@2x.png"]\n    Root --> node_venv["venv"]\n    node_venv --> node_venv_lib["lib"]\n    node_venv_lib --> node_venv_lib_python3_12["python3.12"]\n    node_venv_lib_python3_12 --> node_venv_lib_python3_12_site-packages["site-packages"]\n    node_venv_lib_python3_12_site-packages --> node_venv_lib_python3_12_site-packages_PyQt6["PyQt6"]\n    node_venv_lib_python3_12_site-packages_PyQt6 --> node_venv_lib_python3_12_site-packages_PyQt6_Qt6["Qt6"]\n    node_venv_lib_python3_12_site-packages_PyQt6_Qt6 --> node_venv_lib_python3_12_site-packages_PyQt6_Qt6_qml["qml"]\n    node_venv_lib_python3_12_site-packages_PyQt6_Qt6_qml --> node_venv_lib_python3_12_site-packages_PyQt6_Qt6_qml_QtQuick["QtQuick"]\n    node_venv_lib_python3_12_site-packages_PyQt6_Qt6_qml_QtQuick --> node_venv_lib_python3_12_site-packages_PyQt6_Qt6_qml_QtQuick_Controls["Controls"]\n    node_venv_lib_python3_12_site-packages_PyQt6_Qt6_qml_QtQuick_Controls --> node_venv_lib_python3_12_site-packages_PyQt6_Qt6_qml_QtQuick_Controls_FluentWinUI3["FluentWinUI3"]\n    node_venv_lib_python3_12_site-packages_PyQt6_Qt6_qml_QtQuick_Controls_FluentWinUI3 --> node_venv_lib_python3_12_site-packages_PyQt6_Qt6_qml_QtQuick_Controls_FluentWinUI3_light["light"]\n    node_venv_lib_python3_12_site-packages_PyQt6_Qt6_qml_QtQuick_Controls_FluentWinUI3_light --> node_venv_lib_python3_12_site-packages_PyQt6_Qt6_qml_QtQuick_Controls_FluentWinUI3_light_images["images"]\n    node_venv_lib_python3_12_site-packages_PyQt6_Qt6_qml_QtQuick_Controls_FluentWinUI3_light_images --> node_venv_lib_python3_12_site-packages_PyQt6_Qt6_qml_QtQuick_Controls_FluentWinUI3_light_images_spinbox-background@3x_png["spinbox-background@3x.png"]\n    Root --> node_venv["venv"]\n    node_venv --> node_venv_lib["lib"]\n    node_venv_lib --> node_venv_lib_python3_12["python3.12"]\n    node_venv_lib_python3_12 --> node_venv_lib_python3_12_site-packages["site-packages"]\n    node_venv_lib_python3_12_site-packages --> node_venv_lib_python3_12_site-packages_PyQt6["PyQt6"]\n    node_venv_lib_python3_12_site-packages_PyQt6 --> node_venv_lib_python3_12_site-packages_PyQt6_Qt6["Qt6"]\n    node_venv_lib_python3_12_site-packages_PyQt6_Qt6 --> node_venv_lib_python3_12_site-packages_PyQt6_Qt6_qml["qml"]\n    node_venv_lib_python3_12_site-packages_PyQt6_Qt6_qml --> node_venv_lib_python3_12_site-packages_PyQt6_Qt6_qml_QtQuick["QtQuick"]\n    node_venv_lib_python3_12_site-packages_PyQt6_Qt6_qml_QtQuick --> node_venv_lib_python3_12_site-packages_PyQt6_Qt6_qml_QtQuick_Controls["Controls"]\n    node_venv_lib_python3_12_site-packages_PyQt6_Qt6_qml_QtQuick_Controls --> node_venv_lib_python3_12_site-packages_PyQt6_Qt6_qml_QtQuick_Controls_FluentWinUI3["FluentWinUI3"]\n    node_venv_lib_python3_12_site-packages_PyQt6_Qt6_qml_QtQuick_Controls_FluentWinUI3 --> node_venv_lib_python3_12_site-packages_PyQt6_Qt6_qml_QtQuick_Controls_FluentWinUI3_light["light"]\n    node_venv_lib_python3_12_site-packages_PyQt6_Qt6_qml_QtQuick_Controls_FluentWinUI3_light --> node_venv_lib_python3_12_site-packages_PyQt6_Qt6_qml_QtQuick_Controls_FluentWinUI3_light_images["images"]\n    node_venv_lib_python3_12_site-packages_PyQt6_Qt6_qml_QtQuick_Controls_FluentWinUI3_light_images --> node_venv_lib_python3_12_site-packages_PyQt6_Qt6_qml_QtQuick_Controls_FluentWinUI3_light_images_spinbox-indicator-down-background-atlimit_png["spinbox-indicator-down-background-atlimit.png"]\n    Root --> node_venv["venv"]\n    node_venv --> node_venv_lib["lib"]\n    node_venv_lib --> node_venv_lib_python3_12["python3.12"]\n    node_venv_lib_python3_12 --> node_venv_lib_python3_12_site-packages["site-packages"]\n    node_venv_lib_python3_12_site-packages --> node_venv_lib_python3_12_site-packages_PyQt6["PyQt6"]\n    node_venv_lib_python3_12_site-packages_PyQt6 --> node_venv_lib_python3_12_site-packages_PyQt6_Qt6["Qt6"]\n    node_venv_lib_python3_12_site-packages_PyQt6_Qt6 --> node_venv_lib_python3_12_site-packages_PyQt6_Qt6_qml["qml"]\n    node_venv_lib_python3_12_site-packages_PyQt6_Qt6_qml --> node_venv_lib_python3_12_site-packages_PyQt6_Qt6_qml_QtQuick["QtQuick"]\n    node_venv_lib_python3_12_site-packages_PyQt6_Qt6_qml_QtQuick --> node_venv_lib_python3_12_site-packages_PyQt6_Qt6_qml_QtQuick_Controls["Controls"]\n    node_venv_lib_python3_12_site-packages_PyQt6_Qt6_qml_QtQuick_Controls --> node_venv_lib_python3_12_site-packages_PyQt6_Qt6_qml_QtQuick_Controls_FluentWinUI3["FluentWinUI3"]\n    node_venv_lib_python3_12_site-packages_PyQt6_Qt6_qml_QtQuick_Controls_FluentWinUI3 --> node_venv_lib_python3_12_site-packages_PyQt6_Qt6_qml_QtQuick_Controls_FluentWinUI3_light["light"]\n    node_venv_lib_python3_12_site-packages_PyQt6_Qt6_qml_QtQuick_Controls_FluentWinUI3_light --> node_venv_lib_python3_12_site-packages_PyQt6_Qt6_qml_QtQuick_Controls_FluentWinUI3_light_images["images"]\n    node_venv_lib_python3_12_site-packages_PyQt6_Qt6_qml_QtQuick_Controls_FluentWinUI3_light_images --> node_venv_lib_python3_12_site-packages_PyQt6_Qt6_qml_QtQuick_Controls_FluentWinUI3_light_images_spinbox-indicator-down-background-atlimit@2x_png["spinbox-indicator-down-background-atlimit@2x.png"]\n    Root --> node_venv["venv"]\n    node_venv --> node_venv_lib["lib"]\n    node_venv_lib --> node_venv_lib_python3_12["python3.12"]\n    node_venv_lib_python3_12 --> node_venv_lib_python3_12_site-packages["site-packages"]\n    node_venv_lib_python3_12_site-packages --> node_venv_lib_python3_12_site-packages_PyQt6["PyQt6"]\n    node_venv_lib_python3_12_site-packages_PyQt6 --> node_venv_lib_python3_12_site-packages_PyQt6_Qt6["Qt6"]\n    node_venv_lib_python3_12_site-packages_PyQt6_Qt6 --> node_venv_lib_python3_12_site-packages_PyQt6_Qt6_qml["qml"]\n    node_venv_lib_python3_12_site-packages_PyQt6_Qt6_qml --> node_venv_lib_python3_12_site-packages_PyQt6_Qt6_qml_QtQuick["QtQuick"]\n    node_venv_lib_python3_12_site-packages_PyQt6_Qt6_qml_QtQuick --> node_venv_lib_python3_12_site-packages_PyQt6_Qt6_qml_QtQuick_Controls["Controls"]\n    node_venv_lib_python3_12_site-packages_PyQt6_Qt6_qml_QtQuick_Controls --> node_venv_lib_python3_12_site-packages_PyQt6_Qt6_qml_QtQuick_Controls_FluentWinUI3["FluentWinUI3"]\n    node_venv_lib_python3_12_site-packages_PyQt6_Qt6_qml_QtQuick_Controls_FluentWinUI3 --> node_venv_lib_python3_12_site-packages_PyQt6_Qt6_qml_QtQuick_Controls_FluentWinUI3_light["light"]\n    node_venv_lib_python3_12_site-packages_PyQt6_Qt6_qml_QtQuick_Controls_FluentWinUI3_light --> node_venv_lib_python3_12_site-packages_PyQt6_Qt6_qml_QtQuick_Controls_FluentWinUI3_light_images["images"]\n    node_venv_lib_python3_12_site-packages_PyQt6_Qt6_qml_QtQuick_Controls_FluentWinUI3_light_images --> node_venv_lib_python3_12_site-packages_PyQt6_Qt6_qml_QtQuick_Controls_FluentWinUI3_light_images_spinbox-indicator-down-background-atlimit@3x_png["spinbox-indicator-down-background-atlimit@3x.png"]\n    Root --> node_venv["venv"]\n    node_venv --> node_venv_lib["lib"]\n    node_venv_lib --> node_venv_lib_python3_12["python3.12"]\n    node_venv_lib_python3_12 --> node_venv_lib_python3_12_site-packages["site-packages"]\n    node_venv_lib_python3_12_site-packages --> node_venv_lib_python3_12_site-packages_PyQt6["PyQt6"]\n    node_venv_lib_python3_12_site-packages_PyQt6 --> node_venv_lib_python3_12_site-packages_PyQt6_Qt6["Qt6"]\n    node_venv_lib_python3_12_site-packages_PyQt6_Qt6 --> node_venv_lib_python3_12_site-packages_PyQt6_Qt6_qml["qml"]\n    node_venv_lib_python3_12_site-packages_PyQt6_Qt6_qml --> node_venv_lib_python3_12_site-packages_PyQt6_Qt6_qml_QtQuick["QtQuick"]\n    node_venv_lib_python3_12_site-packages_PyQt6_Qt6_qml_QtQuick --> node_venv_lib_python3_12_site-packages_PyQt6_Qt6_qml_QtQuick_Controls["Controls"]\n    node_venv_lib_python3_12_site-packages_PyQt6_Qt6_qml_QtQuick_Controls --> node_venv_lib_python3_12_site-packages_PyQt6_Qt6_qml_QtQuick_Controls_FluentWinUI3["FluentWinUI3"]\n    node_venv_lib_python3_12_site-packages_PyQt6_Qt6_qml_QtQuick_Controls_FluentWinUI3 --> node_venv_lib_python3_12_site-packages_PyQt6_Qt6_qml_QtQuick_Controls_FluentWinUI3_light["light"]\n    node_venv_lib_python3_12_site-packages_PyQt6_Qt6_qml_QtQuick_Controls_FluentWinUI3_light --> node_venv_lib_python3_12_site-packages_PyQt6_Qt6_qml_QtQuick_Controls_FluentWinUI3_light_images["images"]\n    node_venv_lib_python3_12_site-packages_PyQt6_Qt6_qml_QtQuick_Controls_FluentWinUI3_light_images --> node_venv_lib_python3_12_site-packages_PyQt6_Qt6_qml_QtQuick_Controls_FluentWinUI3_light_images_spinbox-indicator-down-background-disabled_png["spinbox-indicator-down-background-disabled.png"]\n    Root --> node_venv["venv"]\n    node_venv --> node_venv_lib["lib"]\n    node_venv_lib --> node_venv_lib_python3_12["python3.12"]\n    node_venv_lib_python3_12 --> node_venv_lib_python3_12_site-packages["site-packages"]\n    node_venv_lib_python3_12_site-packages --> node_venv_lib_python3_12_site-packages_PyQt6["PyQt6"]\n    node_venv_lib_python3_12_site-packages_PyQt6 --> node_venv_lib_python3_12_site-packages_PyQt6_Qt6["Qt6"]\n    node_venv_lib_python3_12_site-packages_PyQt6_Qt6 --> node_venv_lib_python3_12_site-packages_PyQt6_Qt6_qml["qml"]\n    node_venv_lib_python3_12_site-packages_PyQt6_Qt6_qml --> node_venv_lib_python3_12_site-packages_PyQt6_Qt6_qml_QtQuick["QtQuick"]\n    node_venv_lib_python3_12_site-packages_PyQt6_Qt6_qml_QtQuick --> node_venv_lib_python3_12_site-packages_PyQt6_Qt6_qml_QtQuick_Controls["Controls"]\n    node_venv_lib_python3_12_site-packages_PyQt6_Qt6_qml_QtQuick_Controls --> node_venv_lib_python3_12_site-packages_PyQt6_Qt6_qml_QtQuick_Controls_FluentWinUI3["FluentWinUI3"]\n    node_venv_lib_python3_12_site-packages_PyQt6_Qt6_qml_QtQuick_Controls_FluentWinUI3 --> node_venv_lib_python3_12_site-packages_PyQt6_Qt6_qml_QtQuick_Controls_FluentWinUI3_light["light"]\n    node_venv_lib_python3_12_site-packages_PyQt6_Qt6_qml_QtQuick_Controls_FluentWinUI3_light --> node_venv_lib_python3_12_site-packages_PyQt6_Qt6_qml_QtQuick_Controls_FluentWinUI3_light_images["images"]\n    node_venv_lib_python3_12_site-packages_PyQt6_Qt6_qml_QtQuick_Controls_FluentWinUI3_light_images --> node_venv_lib_python3_12_site-packages_PyQt6_Qt6_qml_QtQuick_Controls_FluentWinUI3_light_images_spinbox-indicator-down-background-disabled@2x_png["spinbox-indicator-down-background-disabled@2x.png"]\n    Root --> node_venv["venv"]\n    node_venv --> node_venv_lib["lib"]\n    node_venv_lib --> node_venv_lib_python3_12["python3.12"]\n    node_venv_lib_python3_12 --> node_venv_lib_python3_12_site-packages["site-packages"]\n    node_venv_lib_python3_12_site-packages --> node_venv_lib_python3_12_site-packages_PyQt6["PyQt6"]\n    node_venv_lib_python3_12_site-packages_PyQt6 --> node_venv_lib_python3_12_site-packages_PyQt6_Qt6["Qt6"]\n    node_venv_lib_python3_12_site-packages_PyQt6_Qt6 --> node_venv_lib_python3_12_site-packages_PyQt6_Qt6_qml["qml"]\n    node_venv_lib_python3_12_site-packages_PyQt6_Qt6_qml --> node_venv_lib_python3_12_site-packages_PyQt6_Qt6_qml_QtQuick["QtQuick"]\n    node_venv_lib_python3_12_site-packages_PyQt6_Qt6_qml_QtQuick --> node_venv_lib_python3_12_site-packages_PyQt6_Qt6_qml_QtQuick_Controls["Controls"]\n    node_venv_lib_python3_12_site-packages_PyQt6_Qt6_qml_QtQuick_Controls --> node_venv_lib_python3_12_site-packages_PyQt6_Qt6_qml_QtQuick_Controls_FluentWinUI3["FluentWinUI3"]\n    node_venv_lib_python3_12_site-packages_PyQt6_Qt6_qml_QtQuick_Controls_FluentWinUI3 --> node_venv_lib_python3_12_site-packages_PyQt6_Qt6_qml_QtQuick_Controls_FluentWinUI3_light["light"]\n    node_venv_lib_python3_12_site-packages_PyQt6_Qt6_qml_QtQuick_Controls_FluentWinUI3_light --> node_venv_lib_python3_12_site-packages_PyQt6_Qt6_qml_QtQuick_Controls_FluentWinUI3_light_images["images"]\n    node_venv_lib_python3_12_site-packages_PyQt6_Qt6_qml_QtQuick_Controls_FluentWinUI3_light_images --> node_venv_lib_python3_12_site-packages_PyQt6_Qt6_qml_QtQuick_Controls_FluentWinUI3_light_images_spinbox-indicator-down-background-disabled@3x_png["spinbox-indicator-down-background-disabled@3x.png"]\n    Root --> node_venv["venv"]\n    node_venv --> node_venv_lib["lib"]\n    node_venv_lib --> node_venv_lib_python3_12["python3.12"]\n    node_venv_lib_python3_12 --> node_venv_lib_python3_12_site-packages["site-packages"]\n    node_venv_lib_python3_12_site-packages --> node_venv_lib_python3_12_site-packages_PyQt6["PyQt6"]\n    node_venv_lib_python3_12_site-packages_PyQt6 --> node_venv_lib_python3_12_site-packages_PyQt6_Qt6["Qt6"]\n    node_venv_lib_python3_12_site-packages_PyQt6_Qt6 --> node_venv_lib_python3_12_site-packages_PyQt6_Qt6_qml["qml"]\n    node_venv_lib_python3_12_site-packages_PyQt6_Qt6_qml --> node_venv_lib_python3_12_site-packages_PyQt6_Qt6_qml_QtQuick["QtQuick"]\n    node_venv_lib_python3_12_site-packages_PyQt6_Qt6_qml_QtQuick --> node_venv_lib_python3_12_site-packages_PyQt6_Qt6_qml_QtQuick_Controls["Controls"]\n    node_venv_lib_python3_12_site-packages_PyQt6_Qt6_qml_QtQuick_Controls --> node_venv_lib_python3_12_site-packages_PyQt6_Qt6_qml_QtQuick_Controls_FluentWinUI3["FluentWinUI3"]\n    node_venv_lib_python3_12_site-packages_PyQt6_Qt6_qml_QtQuick_Controls_FluentWinUI3 --> node_venv_lib_python3_12_site-packages_PyQt6_Qt6_qml_QtQuick_Controls_FluentWinUI3_light["light"]\n    node_venv_lib_python3_12_site-packages_PyQt6_Qt6_qml_QtQuick_Controls_FluentWinUI3_light --> node_venv_lib_python3_12_site-packages_PyQt6_Qt6_qml_QtQuick_Controls_FluentWinUI3_light_images["images"]\n    node_venv_lib_python3_12_site-packages_PyQt6_Qt6_qml_QtQuick_Controls_FluentWinUI3_light_images --> node_venv_lib_python3_12_site-packages_PyQt6_Qt6_qml_QtQuick_Controls_FluentWinUI3_light_images_spinbox-indicator-down-background-down-hovered_png["spinbox-indicator-down-background-down-hovered.png"]\n    Root --> node_venv["venv"]\n    node_venv --> node_venv_lib["lib"]\n    node_venv_lib --> node_venv_lib_python3_12["python3.12"]\n    node_venv_lib_python3_12 --> node_venv_lib_python3_12_site-packages["site-packages"]\n    node_venv_lib_python3_12_site-packages --> node_venv_lib_python3_12_site-packages_PyQt6["PyQt6"]\n    node_venv_lib_python3_12_site-packages_PyQt6 --> node_venv_lib_python3_12_site-packages_PyQt6_Qt6["Qt6"]\n    node_venv_lib_python3_12_site-packages_PyQt6_Qt6 --> node_venv_lib_python3_12_site-packages_PyQt6_Qt6_qml["qml"]\n    node_venv_lib_python3_12_site-packages_PyQt6_Qt6_qml --> node_venv_lib_python3_12_site-packages_PyQt6_Qt6_qml_QtQuick["QtQuick"]\n    node_venv_lib_python3_12_site-packages_PyQt6_Qt6_qml_QtQuick --> node_venv_lib_python3_12_site-packages_PyQt6_Qt6_qml_QtQuick_Controls["Controls"]\n    node_venv_lib_python3_12_site-packages_PyQt6_Qt6_qml_QtQuick_Controls --> node_venv_lib_python3_12_site-packages_PyQt6_Qt6_qml_QtQuick_Controls_FluentWinUI3["FluentWinUI3"]\n    node_venv_lib_python3_12_site-packages_PyQt6_Qt6_qml_QtQuick_Controls_FluentWinUI3 --> node_venv_lib_python3_12_site-packages_PyQt6_Qt6_qml_QtQuick_Controls_FluentWinUI3_light["light"]\n    node_venv_lib_python3_12_site-packages_PyQt6_Qt6_qml_QtQuick_Controls_FluentWinUI3_light --> node_venv_lib_python3_12_site-packages_PyQt6_Qt6_qml_QtQuick_Controls_FluentWinUI3_light_images["images"]\n    node_venv_lib_python3_12_site-packages_PyQt6_Qt6_qml_QtQuick_Controls_FluentWinUI3_light_images --> node_venv_lib_python3_12_site-packages_PyQt6_Qt6_qml_QtQuick_Controls_FluentWinUI3_light_images_spinbox-indicator-down-background-down-hovered@2x_png["spinbox-indicator-down-background-down-hovered@2x.png"]\n    Root --> node_venv["venv"]\n    node_venv --> node_venv_lib["lib"]\n    node_venv_lib --> node_venv_lib_python3_12["python3.12"]\n    node_venv_lib_python3_12 --> node_venv_lib_python3_12_site-packages["site-packages"]\n    node_venv_lib_python3_12_site-packages --> node_venv_lib_python3_12_site-packages_PyQt6["PyQt6"]\n    node_venv_lib_python3_12_site-packages_PyQt6 --> node_venv_lib_python3_12_site-packages_PyQt6_Qt6["Qt6"]\n    node_venv_lib_python3_12_site-packages_PyQt6_Qt6 --> node_venv_lib_python3_12_site-packages_PyQt6_Qt6_qml["qml"]\n    node_venv_lib_python3_12_site-packages_PyQt6_Qt6_qml --> node_venv_lib_python3_12_site-packages_PyQt6_Qt6_qml_QtQuick["QtQuick"]\n    node_venv_lib_python3_12_site-packages_PyQt6_Qt6_qml_QtQuick --> node_venv_lib_python3_12_site-packages_PyQt6_Qt6_qml_QtQuick_Controls["Controls"]\n    node_venv_lib_python3_12_site-packages_PyQt6_Qt6_qml_QtQuick_Controls --> node_venv_lib_python3_12_site-packages_PyQt6_Qt6_qml_QtQuick_Controls_FluentWinUI3["FluentWinUI3"]\n    node_venv_lib_python3_12_site-packages_PyQt6_Qt6_qml_QtQuick_Controls_FluentWinUI3 --> node_venv_lib_python3_12_site-packages_PyQt6_Qt6_qml_QtQuick_Controls_FluentWinUI3_light["light"]\n    node_venv_lib_python3_12_site-packages_PyQt6_Qt6_qml_QtQuick_Controls_FluentWinUI3_light --> node_venv_lib_python3_12_site-packages_PyQt6_Qt6_qml_QtQuick_Controls_FluentWinUI3_light_images["images"]\n    node_venv_lib_python3_12_site-packages_PyQt6_Qt6_qml_QtQuick_Controls_FluentWinUI3_light_images --> node_venv_lib_python3_12_site-packages_PyQt6_Qt6_qml_QtQuick_Controls_FluentWinUI3_light_images_spinbox-indicator-down-background-down-hovered@3x_png["spinbox-indicator-down-background-down-hovered@3x.png"]\n    Root --> node_venv["venv"]\n    node_venv --> node_venv_lib["lib"]\n    node_venv_lib --> node_venv_lib_python3_12["python3.12"]\n    node_venv_lib_python3_12 --> node_venv_lib_python3_12_site-packages["site-packages"]\n    node_venv_lib_python3_12_site-packages --> node_venv_lib_python3_12_site-packages_PyQt6["PyQt6"]\n    node_venv_lib_python3_12_site-packages_PyQt6 --> node_venv_lib_python3_12_site-packages_PyQt6_Qt6["Qt6"]\n    node_venv_lib_python3_12_site-packages_PyQt6_Qt6 --> node_venv_lib_python3_12_site-packages_PyQt6_Qt6_qml["qml"]\n    node_venv_lib_python3_12_site-packages_PyQt6_Qt6_qml --> node_venv_lib_python3_12_site-packages_PyQt6_Qt6_qml_QtQuick["QtQuick"]\n    node_venv_lib_python3_12_site-packages_PyQt6_Qt6_qml_QtQuick --> node_venv_lib_python3_12_site-packages_PyQt6_Qt6_qml_QtQuick_Controls["Controls"]\n    node_venv_lib_python3_12_site-packages_PyQt6_Qt6_qml_QtQuick_Controls --> node_venv_lib_python3_12_site-packages_PyQt6_Qt6_qml_QtQuick_Controls_FluentWinUI3["FluentWinUI3"]\n    node_venv_lib_python3_12_site-packages_PyQt6_Qt6_qml_QtQuick_Controls_FluentWinUI3 --> node_venv_lib_python3_12_site-packages_PyQt6_Qt6_qml_QtQuick_Controls_FluentWinUI3_light["light"]\n    node_venv_lib_python3_12_site-packages_PyQt6_Qt6_qml_QtQuick_Controls_FluentWinUI3_light --> node_venv_lib_python3_12_site-packages_PyQt6_Qt6_qml_QtQuick_Controls_FluentWinUI3_light_images["images"]\n    node_venv_lib_python3_12_site-packages_PyQt6_Qt6_qml_QtQuick_Controls_FluentWinUI3_light_images --> node_venv_lib_python3_12_site-packages_PyQt6_Qt6_qml_QtQuick_Controls_FluentWinUI3_light_images_spinbox-indicator-down-background-down-pressed_png["spinbox-indicator-down-background-down-pressed.png"]\n    Root --> node_venv["venv"]\n    node_venv --> node_venv_lib["lib"]\n    node_venv_lib --> node_venv_lib_python3_12["python3.12"]\n    node_venv_lib_python3_12 --> node_venv_lib_python3_12_site-packages["site-packages"]\n    node_venv_lib_python3_12_site-packages --> node_venv_lib_python3_12_site-packages_PyQt6["PyQt6"]\n    node_venv_lib_python3_12_site-packages_PyQt6 --> node_venv_lib_python3_12_site-packages_PyQt6_Qt6["Qt6"]\n    node_venv_lib_python3_12_site-packages_PyQt6_Qt6 --> node_venv_lib_python3_12_site-packages_PyQt6_Qt6_qml["qml"]\n    node_venv_lib_python3_12_site-packages_PyQt6_Qt6_qml --> node_venv_lib_python3_12_site-packages_PyQt6_Qt6_qml_QtQuick["QtQuick"]\n    node_venv_lib_python3_12_site-packages_PyQt6_Qt6_qml_QtQuick --> node_venv_lib_python3_12_site-packages_PyQt6_Qt6_qml_QtQuick_Controls["Controls"]\n    node_venv_lib_python3_12_site-packages_PyQt6_Qt6_qml_QtQuick_Controls --> node_venv_lib_python3_12_site-packages_PyQt6_Qt6_qml_QtQuick_Controls_FluentWinUI3["FluentWinUI3"]\n    node_venv_lib_python3_12_site-packages_PyQt6_Qt6_qml_QtQuick_Controls_FluentWinUI3 --> node_venv_lib_python3_12_site-packages_PyQt6_Qt6_qml_QtQuick_Controls_FluentWinUI3_light["light"]\n    node_venv_lib_python3_12_site-packages_PyQt6_Qt6_qml_QtQuick_Controls_FluentWinUI3_light --> node_venv_lib_python3_12_site-packages_PyQt6_Qt6_qml_QtQuick_Controls_FluentWinUI3_light_images["images"]\n    node_venv_lib_python3_12_site-packages_PyQt6_Qt6_qml_QtQuick_Controls_FluentWinUI3_light_images --> node_venv_lib_python3_12_site-packages_PyQt6_Qt6_qml_QtQuick_Controls_FluentWinUI3_light_images_spinbox-indicator-down-background-down-pressed@2x_png["spinbox-indicator-down-background-down-pressed@2x.png"]\n    Root --> node_venv["venv"]\n    node_venv --> node_venv_lib["lib"]\n    node_venv_lib --> node_venv_lib_python3_12["python3.12"]\n    node_venv_lib_python3_12 --> node_venv_lib_python3_12_site-packages["site-packages"]\n    node_venv_lib_python3_12_site-packages --> node_venv_lib_python3_12_site-packages_PyQt6["PyQt6"]\n    node_venv_lib_python3_12_site-packages_PyQt6 --> node_venv_lib_python3_12_site-packages_PyQt6_Qt6["Qt6"]\n    node_venv_lib_python3_12_site-packages_PyQt6_Qt6 --> node_venv_lib_python3_12_site-packages_PyQt6_Qt6_qml["qml"]\n    node_venv_lib_python3_12_site-packages_PyQt6_Qt6_qml --> node_venv_lib_python3_12_site-packages_PyQt6_Qt6_qml_QtQuick["QtQuick"]\n    node_venv_lib_python3_12_site-packages_PyQt6_Qt6_qml_QtQuick --> node_venv_lib_python3_12_site-packages_PyQt6_Qt6_qml_QtQuick_Controls["Controls"]\n    node_venv_lib_python3_12_site-packages_PyQt6_Qt6_qml_QtQuick_Controls --> node_venv_lib_python3_12_site-packages_PyQt6_Qt6_qml_QtQuick_Controls_FluentWinUI3["FluentWinUI3"]\n    node_venv_lib_python3_12_site-packages_PyQt6_Qt6_qml_QtQuick_Controls_FluentWinUI3 --> node_venv_lib_python3_12_site-packages_PyQt6_Qt6_qml_QtQuick_Controls_FluentWinUI3_light["light"]\n    node_venv_lib_python3_12_site-packages_PyQt6_Qt6_qml_QtQuick_Controls_FluentWinUI3_light --> node_venv_lib_python3_12_site-packages_PyQt6_Qt6_qml_QtQuick_Controls_FluentWinUI3_light_images["images"]\n    node_venv_lib_python3_12_site-packages_PyQt6_Qt6_qml_QtQuick_Controls_FluentWinUI3_light_images --> node_venv_lib_python3_12_site-packages_PyQt6_Qt6_qml_QtQuick_Controls_FluentWinUI3_light_images_spinbox-indicator-down-background-down-pressed@3x_png["spinbox-indicator-down-background-down-pressed@3x.png"]\n    Root --> node_venv["venv"]\n    node_venv --> node_venv_lib["lib"]\n    node_venv_lib --> node_venv_lib_python3_12["python3.12"]\n    node_venv_lib_python3_12 --> node_venv_lib_python3_12_site-packages["site-packages"]\n    node_venv_lib_python3_12_site-packages --> node_venv_lib_python3_12_site-packages_PyQt6["PyQt6"]\n    node_venv_lib_python3_12_site-packages_PyQt6 --> node_venv_lib_python3_12_site-packages_PyQt6_Qt6["Qt6"]\n    node_venv_lib_python3_12_site-packages_PyQt6_Qt6 --> node_venv_lib_python3_12_site-packages_PyQt6_Qt6_qml["qml"]\n    node_venv_lib_python3_12_site-packages_PyQt6_Qt6_qml --> node_venv_lib_python3_12_site-packages_PyQt6_Qt6_qml_QtQuick["QtQuick"]\n    node_venv_lib_python3_12_site-packages_PyQt6_Qt6_qml_QtQuick --> node_venv_lib_python3_12_site-packages_PyQt6_Qt6_qml_QtQuick_Controls["Controls"]\n    node_venv_lib_python3_12_site-packages_PyQt6_Qt6_qml_QtQuick_Controls --> node_venv_lib_python3_12_site-packages_PyQt6_Qt6_qml_QtQuick_Controls_FluentWinUI3["FluentWinUI3"]\n    node_venv_lib_python3_12_site-packages_PyQt6_Qt6_qml_QtQuick_Controls_FluentWinUI3 --> node_venv_lib_python3_12_site-packages_PyQt6_Qt6_qml_QtQuick_Controls_FluentWinUI3_light["light"]\n    node_venv_lib_python3_12_site-packages_PyQt6_Qt6_qml_QtQuick_Controls_FluentWinUI3_light --> node_venv_lib_python3_12_site-packages_PyQt6_Qt6_qml_QtQuick_Controls_FluentWinUI3_light_images["images"]\n    node_venv_lib_python3_12_site-packages_PyQt6_Qt6_qml_QtQuick_Controls_FluentWinUI3_light_images --> node_venv_lib_python3_12_site-packages_PyQt6_Qt6_qml_QtQuick_Controls_FluentWinUI3_light_images_spinbox-indicator-down-background-hovered_png["spinbox-indicator-down-background-hovered.png"]\n    Root --> node_venv["venv"]\n    node_venv --> node_venv_lib["lib"]\n    node_venv_lib --> node_venv_lib_python3_12["python3.12"]\n    node_venv_lib_python3_12 --> node_venv_lib_python3_12_site-packages["site-packages"]\n    node_venv_lib_python3_12_site-packages --> node_venv_lib_python3_12_site-packages_PyQt6["PyQt6"]\n    node_venv_lib_python3_12_site-packages_PyQt6 --> node_venv_lib_python3_12_site-packages_PyQt6_Qt6["Qt6"]\n    node_venv_lib_python3_12_site-packages_PyQt6_Qt6 --> node_venv_lib_python3_12_site-packages_PyQt6_Qt6_qml["qml"]\n    node_venv_lib_python3_12_site-packages_PyQt6_Qt6_qml --> node_venv_lib_python3_12_site-packages_PyQt6_Qt6_qml_QtQuick["QtQuick"]\n    node_venv_lib_python3_12_site-packages_PyQt6_Qt6_qml_QtQuick --> node_venv_lib_python3_12_site-packages_PyQt6_Qt6_qml_QtQuick_Controls["Controls"]\n    node_venv_lib_python3_12_site-packages_PyQt6_Qt6_qml_QtQuick_Controls --> node_venv_lib_python3_12_site-packages_PyQt6_Qt6_qml_QtQuick_Controls_FluentWinUI3["FluentWinUI3"]\n    node_venv_lib_python3_12_site-packages_PyQt6_Qt6_qml_QtQuick_Controls_FluentWinUI3 --> node_venv_lib_python3_12_site-packages_PyQt6_Qt6_qml_QtQuick_Controls_FluentWinUI3_light["light"]\n    node_venv_lib_python3_12_site-packages_PyQt6_Qt6_qml_QtQuick_Controls_FluentWinUI3_light --> node_venv_lib_python3_12_site-packages_PyQt6_Qt6_qml_QtQuick_Controls_FluentWinUI3_light_images["images"]\n    node_venv_lib_python3_12_site-packages_PyQt6_Qt6_qml_QtQuick_Controls_FluentWinUI3_light_images --> node_venv_lib_python3_12_site-packages_PyQt6_Qt6_qml_QtQuick_Controls_FluentWinUI3_light_images_spinbox-indicator-down-background-hovered@2x_png["spinbox-indicator-down-background-hovered@2x.png"]\n    Root --> node_venv["venv"]\n    node_venv --> node_venv_lib["lib"]\n    node_venv_lib --> node_venv_lib_python3_12["python3.12"]\n    node_venv_lib_python3_12 --> node_venv_lib_python3_12_site-packages["site-packages"]\n    node_venv_lib_python3_12_site-packages --> node_venv_lib_python3_12_site-packages_PyQt6["PyQt6"]\n    node_venv_lib_python3_12_site-packages_PyQt6 --> node_venv_lib_python3_12_site-packages_PyQt6_Qt6["Qt6"]\n    node_venv_lib_python3_12_site-packages_PyQt6_Qt6 --> node_venv_lib_python3_12_site-packages_PyQt6_Qt6_qml["qml"]\n    node_venv_lib_python3_12_site-packages_PyQt6_Qt6_qml --> node_venv_lib_python3_12_site-packages_PyQt6_Qt6_qml_QtQuick["QtQuick"]\n    node_venv_lib_python3_12_site-packages_PyQt6_Qt6_qml_QtQuick --> node_venv_lib_python3_12_site-packages_PyQt6_Qt6_qml_QtQuick_Controls["Controls"]\n    node_venv_lib_python3_12_site-packages_PyQt6_Qt6_qml_QtQuick_Controls --> node_venv_lib_python3_12_site-packages_PyQt6_Qt6_qml_QtQuick_Controls_FluentWinUI3["FluentWinUI3"]\n    node_venv_lib_python3_12_site-packages_PyQt6_Qt6_qml_QtQuick_Controls_FluentWinUI3 --> node_venv_lib_python3_12_site-packages_PyQt6_Qt6_qml_QtQuick_Controls_FluentWinUI3_light["light"]\n    node_venv_lib_python3_12_site-packages_PyQt6_Qt6_qml_QtQuick_Controls_FluentWinUI3_light --> node_venv_lib_python3_12_site-packages_PyQt6_Qt6_qml_QtQuick_Controls_FluentWinUI3_light_images["images"]\n    node_venv_lib_python3_12_site-packages_PyQt6_Qt6_qml_QtQuick_Controls_FluentWinUI3_light_images --> node_venv_lib_python3_12_site-packages_PyQt6_Qt6_qml_QtQuick_Controls_FluentWinUI3_light_images_spinbox-indicator-down-background-hovered@3x_png["spinbox-indicator-down-background-hovered@3x.png"]\n    Root --> node_venv["venv"]\n    node_venv --> node_venv_lib["lib"]\n    node_venv_lib --> node_venv_lib_python3_12["python3.12"]\n    node_venv_lib_python3_12 --> node_venv_lib_python3_12_site-packages["site-packages"]\n    node_venv_lib_python3_12_site-packages --> node_venv_lib_python3_12_site-packages_PyQt6["PyQt6"]\n    node_venv_lib_python3_12_site-packages_PyQt6 --> node_venv_lib_python3_12_site-packages_PyQt6_Qt6["Qt6"]\n    node_venv_lib_python3_12_site-packages_PyQt6_Qt6 --> node_venv_lib_python3_12_site-packages_PyQt6_Qt6_qml["qml"]\n    node_venv_lib_python3_12_site-packages_PyQt6_Qt6_qml --> node_venv_lib_python3_12_site-packages_PyQt6_Qt6_qml_QtQuick["QtQuick"]\n    node_venv_lib_python3_12_site-packages_PyQt6_Qt6_qml_QtQuick --> node_venv_lib_python3_12_site-packages_PyQt6_Qt6_qml_QtQuick_Controls["Controls"]\n    node_venv_lib_python3_12_site-packages_PyQt6_Qt6_qml_QtQuick_Controls --> node_venv_lib_python3_12_site-packages_PyQt6_Qt6_qml_QtQuick_Controls_FluentWinUI3["FluentWinUI3"]\n    node_venv_lib_python3_12_site-packages_PyQt6_Qt6_qml_QtQuick_Controls_FluentWinUI3 --> node_venv_lib_python3_12_site-packages_PyQt6_Qt6_qml_QtQuick_Controls_FluentWinUI3_light["light"]\n    node_venv_lib_python3_12_site-packages_PyQt6_Qt6_qml_QtQuick_Controls_FluentWinUI3_light --> node_venv_lib_python3_12_site-packages_PyQt6_Qt6_qml_QtQuick_Controls_FluentWinUI3_light_images["images"]\n    node_venv_lib_python3_12_site-packages_PyQt6_Qt6_qml_QtQuick_Controls_FluentWinUI3_light_images --> node_venv_lib_python3_12_site-packages_PyQt6_Qt6_qml_QtQuick_Controls_FluentWinUI3_light_images_spinbox-indicator-down-background-up-hovered_png["spinbox-indicator-down-background-up-hovered.png"]\n    Root --> node_venv["venv"]\n    node_venv --> node_venv_lib["lib"]\n    node_venv_lib --> node_venv_lib_python3_12["python3.12"]\n    node_venv_lib_python3_12 --> node_venv_lib_python3_12_site-packages["site-packages"]\n    node_venv_lib_python3_12_site-packages --> node_venv_lib_python3_12_site-packages_PyQt6["PyQt6"]\n    node_venv_lib_python3_12_site-packages_PyQt6 --> node_venv_lib_python3_12_site-packages_PyQt6_Qt6["Qt6"]\n    node_venv_lib_python3_12_site-packages_PyQt6_Qt6 --> node_venv_lib_python3_12_site-packages_PyQt6_Qt6_qml["qml"]\n    node_venv_lib_python3_12_site-packages_PyQt6_Qt6_qml --> node_venv_lib_python3_12_site-packages_PyQt6_Qt6_qml_QtQuick["QtQuick"]\n    node_venv_lib_python3_12_site-packages_PyQt6_Qt6_qml_QtQuick --> node_venv_lib_python3_12_site-packages_PyQt6_Qt6_qml_QtQuick_Controls["Controls"]\n    node_venv_lib_python3_12_site-packages_PyQt6_Qt6_qml_QtQuick_Controls --> node_venv_lib_python3_12_site-packages_PyQt6_Qt6_qml_QtQuick_Controls_FluentWinUI3["FluentWinUI3"]\n    node_venv_lib_python3_12_site-packages_PyQt6_Qt6_qml_QtQuick_Controls_FluentWinUI3 --> node_venv_lib_python3_12_site-packages_PyQt6_Qt6_qml_QtQuick_Controls_FluentWinUI3_light["light"]\n    node_venv_lib_python3_12_site-packages_PyQt6_Qt6_qml_QtQuick_Controls_FluentWinUI3_light --> node_venv_lib_python3_12_site-packages_PyQt6_Qt6_qml_QtQuick_Controls_FluentWinUI3_light_images["images"]\n    node_venv_lib_python3_12_site-packages_PyQt6_Qt6_qml_QtQuick_Controls_FluentWinUI3_light_images --> node_venv_lib_python3_12_site-packages_PyQt6_Qt6_qml_QtQuick_Controls_FluentWinUI3_light_images_spinbox-indicator-down-background-up-hovered@2x_png["spinbox-indicator-down-background-up-hovered@2x.png"]\n    Root --> node_venv["venv"]\n    node_venv --> node_venv_lib["lib"]\n    node_venv_lib --> node_venv_lib_python3_12["python3.12"]\n    node_venv_lib_python3_12 --> node_venv_lib_python3_12_site-packages["site-packages"]\n    node_venv_lib_python3_12_site-packages --> node_venv_lib_python3_12_site-packages_PyQt6["PyQt6"]\n    node_venv_lib_python3_12_site-packages_PyQt6 --> node_venv_lib_python3_12_site-packages_PyQt6_Qt6["Qt6"]\n    node_venv_lib_python3_12_site-packages_PyQt6_Qt6 --> node_venv_lib_python3_12_site-packages_PyQt6_Qt6_qml["qml"]\n    node_venv_lib_python3_12_site-packages_PyQt6_Qt6_qml --> node_venv_lib_python3_12_site-packages_PyQt6_Qt6_qml_QtQuick["QtQuick"]\n    node_venv_lib_python3_12_site-packages_PyQt6_Qt6_qml_QtQuick --> node_venv_lib_python3_12_site-packages_PyQt6_Qt6_qml_QtQuick_Controls["Controls"]\n    node_venv_lib_python3_12_site-packages_PyQt6_Qt6_qml_QtQuick_Controls --> node_venv_lib_python3_12_site-packages_PyQt6_Qt6_qml_QtQuick_Controls_FluentWinUI3["FluentWinUI3"]\n    node_venv_lib_python3_12_site-packages_PyQt6_Qt6_qml_QtQuick_Controls_FluentWinUI3 --> node_venv_lib_python3_12_site-packages_PyQt6_Qt6_qml_QtQuick_Controls_FluentWinUI3_light["light"]\n    node_venv_lib_python3_12_site-packages_PyQt6_Qt6_qml_QtQuick_Controls_FluentWinUI3_light --> node_venv_lib_python3_12_site-packages_PyQt6_Qt6_qml_QtQuick_Controls_FluentWinUI3_light_images["images"]\n    node_venv_lib_python3_12_site-packages_PyQt6_Qt6_qml_QtQuick_Controls_FluentWinUI3_light_images --> node_venv_lib_python3_12_site-packages_PyQt6_Qt6_qml_QtQuick_Controls_FluentWinUI3_light_images_spinbox-indicator-down-background-up-hovered@3x_png["spinbox-indicator-down-background-up-hovered@3x.png"]\n    Root --> node_venv["venv"]\n    node_venv --> node_venv_lib["lib"]\n    node_venv_lib --> node_venv_lib_python3_12["python3.12"]\n    node_venv_lib_python3_12 --> node_venv_lib_python3_12_site-packages["site-packages"]\n    node_venv_lib_python3_12_site-packages --> node_venv_lib_python3_12_site-packages_PyQt6["PyQt6"]\n    node_venv_lib_python3_12_site-packages_PyQt6 --> node_venv_lib_python3_12_site-packages_PyQt6_Qt6["Qt6"]\n    node_venv_lib_python3_12_site-packages_PyQt6_Qt6 --> node_venv_lib_python3_12_site-packages_PyQt6_Qt6_qml["qml"]\n    node_venv_lib_python3_12_site-packages_PyQt6_Qt6_qml --> node_venv_lib_python3_12_site-packages_PyQt6_Qt6_qml_QtQuick["QtQuick"]\n    node_venv_lib_python3_12_site-packages_PyQt6_Qt6_qml_QtQuick --> node_venv_lib_python3_12_site-packages_PyQt6_Qt6_qml_QtQuick_Controls["Controls"]\n    node_venv_lib_python3_12_site-packages_PyQt6_Qt6_qml_QtQuick_Controls --> node_venv_lib_python3_12_site-packages_PyQt6_Qt6_qml_QtQuick_Controls_FluentWinUI3["FluentWinUI3"]\n    node_venv_lib_python3_12_site-packages_PyQt6_Qt6_qml_QtQuick_Controls_FluentWinUI3 --> node_venv_lib_python3_12_site-packages_PyQt6_Qt6_qml_QtQuick_Controls_FluentWinUI3_light["light"]\n    node_venv_lib_python3_12_site-packages_PyQt6_Qt6_qml_QtQuick_Controls_FluentWinUI3_light --> node_venv_lib_python3_12_site-packages_PyQt6_Qt6_qml_QtQuick_Controls_FluentWinUI3_light_images["images"]\n    node_venv_lib_python3_12_site-packages_PyQt6_Qt6_qml_QtQuick_Controls_FluentWinUI3_light_images --> node_venv_lib_python3_12_site-packages_PyQt6_Qt6_qml_QtQuick_Controls_FluentWinUI3_light_images_spinbox-indicator-down-background-up-pressed_png["spinbox-indicator-down-background-up-pressed.png"]\n    Root --> node_venv["venv"]\n    node_venv --> node_venv_lib["lib"]\n    node_venv_lib --> node_venv_lib_python3_12["python3.12"]\n    node_venv_lib_python3_12 --> node_venv_lib_python3_12_site-packages["site-packages"]\n    node_venv_lib_python3_12_site-packages --> node_venv_lib_python3_12_site-packages_PyQt6["PyQt6"]\n    node_venv_lib_python3_12_site-packages_PyQt6 --> node_venv_lib_python3_12_site-packages_PyQt6_Qt6["Qt6"]\n    node_venv_lib_python3_12_site-packages_PyQt6_Qt6 --> node_venv_lib_python3_12_site-packages_PyQt6_Qt6_qml["qml"]\n    node_venv_lib_python3_12_site-packages_PyQt6_Qt6_qml --> node_venv_lib_python3_12_site-packages_PyQt6_Qt6_qml_QtQuick["QtQuick"]\n    node_venv_lib_python3_12_site-packages_PyQt6_Qt6_qml_QtQuick --> node_venv_lib_python3_12_site-packages_PyQt6_Qt6_qml_QtQuick_Controls["Controls"]\n    node_venv_lib_python3_12_site-packages_PyQt6_Qt6_qml_QtQuick_Controls --> node_venv_lib_python3_12_site-packages_PyQt6_Qt6_qml_QtQuick_Controls_FluentWinUI3["FluentWinUI3"]\n    node_venv_lib_python3_12_site-packages_PyQt6_Qt6_qml_QtQuick_Controls_FluentWinUI3 --> node_venv_lib_python3_12_site-packages_PyQt6_Qt6_qml_QtQuick_Controls_FluentWinUI3_light["light"]\n    node_venv_lib_python3_12_site-packages_PyQt6_Qt6_qml_QtQuick_Controls_FluentWinUI3_light --> node_venv_lib_python3_12_site-packages_PyQt6_Qt6_qml_QtQuick_Controls_FluentWinUI3_light_images["images"]\n    node_venv_lib_python3_12_site-packages_PyQt6_Qt6_qml_QtQuick_Controls_FluentWinUI3_light_images --> node_venv_lib_python3_12_site-packages_PyQt6_Qt6_qml_QtQuick_Controls_FluentWinUI3_light_images_spinbox-indicator-down-background-up-pressed@2x_png["spinbox-indicator-down-background-up-pressed@2x.png"]\n    Root --> node_venv["venv"]\n    node_venv --> node_venv_lib["lib"]\n    node_venv_lib --> node_venv_lib_python3_12["python3.12"]\n    node_venv_lib_python3_12 --> node_venv_lib_python3_12_site-packages["site-packages"]\n    node_venv_lib_python3_12_site-packages --> node_venv_lib_python3_12_site-packages_PyQt6["PyQt6"]\n    node_venv_lib_python3_12_site-packages_PyQt6 --> node_venv_lib_python3_12_site-packages_PyQt6_Qt6["Qt6"]\n    node_venv_lib_python3_12_site-packages_PyQt6_Qt6 --> node_venv_lib_python3_12_site-packages_PyQt6_Qt6_qml["qml"]\n    node_venv_lib_python3_12_site-packages_PyQt6_Qt6_qml --> node_venv_lib_python3_12_site-packages_PyQt6_Qt6_qml_QtQuick["QtQuick"]\n    node_venv_lib_python3_12_site-packages_PyQt6_Qt6_qml_QtQuick --> node_venv_lib_python3_12_site-packages_PyQt6_Qt6_qml_QtQuick_Controls["Controls"]\n    node_venv_lib_python3_12_site-packages_PyQt6_Qt6_qml_QtQuick_Controls --> node_venv_lib_python3_12_site-packages_PyQt6_Qt6_qml_QtQuick_Controls_FluentWinUI3["FluentWinUI3"]\n    node_venv_lib_python3_12_site-packages_PyQt6_Qt6_qml_QtQuick_Controls_FluentWinUI3 --> node_venv_lib_python3_12_site-packages_PyQt6_Qt6_qml_QtQuick_Controls_FluentWinUI3_light["light"]\n    node_venv_lib_python3_12_site-packages_PyQt6_Qt6_qml_QtQuick_Controls_FluentWinUI3_light --> node_venv_lib_python3_12_site-packages_PyQt6_Qt6_qml_QtQuick_Controls_FluentWinUI3_light_images["images"]\n    node_venv_lib_python3_12_site-packages_PyQt6_Qt6_qml_QtQuick_Controls_FluentWinUI3_light_images --> node_venv_lib_python3_12_site-packages_PyQt6_Qt6_qml_QtQuick_Controls_FluentWinUI3_light_images_spinbox-indicator-down-background-up-pressed@3x_png["spinbox-indicator-down-background-up-pressed@3x.png"]\n    Root --> node_venv["venv"]\n    node_venv --> node_venv_lib["lib"]\n    node_venv_lib --> node_venv_lib_python3_12["python3.12"]\n    node_venv_lib_python3_12 --> node_venv_lib_python3_12_site-packages["site-packages"]\n    node_venv_lib_python3_12_site-packages --> node_venv_lib_python3_12_site-packages_PyQt6["PyQt6"]\n    node_venv_lib_python3_12_site-packages_PyQt6 --> node_venv_lib_python3_12_site-packages_PyQt6_Qt6["Qt6"]\n    node_venv_lib_python3_12_site-packages_PyQt6_Qt6 --> node_venv_lib_python3_12_site-packages_PyQt6_Qt6_qml["qml"]\n    node_venv_lib_python3_12_site-packages_PyQt6_Qt6_qml --> node_venv_lib_python3_12_site-packages_PyQt6_Qt6_qml_QtQuick["QtQuick"]\n    node_venv_lib_python3_12_site-packages_PyQt6_Qt6_qml_QtQuick --> node_venv_lib_python3_12_site-packages_PyQt6_Qt6_qml_QtQuick_Controls["Controls"]\n    node_venv_lib_python3_12_site-packages_PyQt6_Qt6_qml_QtQuick_Controls --> node_venv_lib_python3_12_site-packages_PyQt6_Qt6_qml_QtQuick_Controls_FluentWinUI3["FluentWinUI3"]\n    node_venv_lib_python3_12_site-packages_PyQt6_Qt6_qml_QtQuick_Controls_FluentWinUI3 --> node_venv_lib_python3_12_site-packages_PyQt6_Qt6_qml_QtQuick_Controls_FluentWinUI3_light["light"]\n    node_venv_lib_python3_12_site-packages_PyQt6_Qt6_qml_QtQuick_Controls_FluentWinUI3_light --> node_venv_lib_python3_12_site-packages_PyQt6_Qt6_qml_QtQuick_Controls_FluentWinUI3_light_images["images"]\n    node_venv_lib_python3_12_site-packages_PyQt6_Qt6_qml_QtQuick_Controls_FluentWinUI3_light_images --> node_venv_lib_python3_12_site-packages_PyQt6_Qt6_qml_QtQuick_Controls_FluentWinUI3_light_images_spinbox-indicator-down-background_png["spinbox-indicator-down-background.png"]\n    Root --> node_venv["venv"]\n    node_venv --> node_venv_lib["lib"]\n    node_venv_lib --> node_venv_lib_python3_12["python3.12"]\n    node_venv_lib_python3_12 --> node_venv_lib_python3_12_site-packages["site-packages"]\n    node_venv_lib_python3_12_site-packages --> node_venv_lib_python3_12_site-packages_PyQt6["PyQt6"]\n    node_venv_lib_python3_12_site-packages_PyQt6 --> node_venv_lib_python3_12_site-packages_PyQt6_Qt6["Qt6"]\n    node_venv_lib_python3_12_site-packages_PyQt6_Qt6 --> node_venv_lib_python3_12_site-packages_PyQt6_Qt6_qml["qml"]\n    node_venv_lib_python3_12_site-packages_PyQt6_Qt6_qml --> node_venv_lib_python3_12_site-packages_PyQt6_Qt6_qml_QtQuick["QtQuick"]\n    node_venv_lib_python3_12_site-packages_PyQt6_Qt6_qml_QtQuick --> node_venv_lib_python3_12_site-packages_PyQt6_Qt6_qml_QtQuick_Controls["Controls"]\n    node_venv_lib_python3_12_site-packages_PyQt6_Qt6_qml_QtQuick_Controls --> node_venv_lib_python3_12_site-packages_PyQt6_Qt6_qml_QtQuick_Controls_FluentWinUI3["FluentWinUI3"]\n    node_venv_lib_python3_12_site-packages_PyQt6_Qt6_qml_QtQuick_Controls_FluentWinUI3 --> node_venv_lib_python3_12_site-packages_PyQt6_Qt6_qml_QtQuick_Controls_FluentWinUI3_light["light"]\n    node_venv_lib_python3_12_site-packages_PyQt6_Qt6_qml_QtQuick_Controls_FluentWinUI3_light --> node_venv_lib_python3_12_site-packages_PyQt6_Qt6_qml_QtQuick_Controls_FluentWinUI3_light_images["images"]\n    node_venv_lib_python3_12_site-packages_PyQt6_Qt6_qml_QtQuick_Controls_FluentWinUI3_light_images --> node_venv_lib_python3_12_site-packages_PyQt6_Qt6_qml_QtQuick_Controls_FluentWinUI3_light_images_spinbox-indicator-down-background@2x_png["spinbox-indicator-down-background@2x.png"]\n    Root --> node_venv["venv"]\n    node_venv --> node_venv_lib["lib"]\n    node_venv_lib --> node_venv_lib_python3_12["python3.12"]\n    node_venv_lib_python3_12 --> node_venv_lib_python3_12_site-packages["site-packages"]\n    node_venv_lib_python3_12_site-packages --> node_venv_lib_python3_12_site-packages_PyQt6["PyQt6"]\n    node_venv_lib_python3_12_site-packages_PyQt6 --> node_venv_lib_python3_12_site-packages_PyQt6_Qt6["Qt6"]\n    node_venv_lib_python3_12_site-packages_PyQt6_Qt6 --> node_venv_lib_python3_12_site-packages_PyQt6_Qt6_qml["qml"]\n    node_venv_lib_python3_12_site-packages_PyQt6_Qt6_qml --> node_venv_lib_python3_12_site-packages_PyQt6_Qt6_qml_QtQuick["QtQuick"]\n    node_venv_lib_python3_12_site-packages_PyQt6_Qt6_qml_QtQuick --> node_venv_lib_python3_12_site-packages_PyQt6_Qt6_qml_QtQuick_Controls["Controls"]\n    node_venv_lib_python3_12_site-packages_PyQt6_Qt6_qml_QtQuick_Controls --> node_venv_lib_python3_12_site-packages_PyQt6_Qt6_qml_QtQuick_Controls_FluentWinUI3["FluentWinUI3"]\n    node_venv_lib_python3_12_site-packages_PyQt6_Qt6_qml_QtQuick_Controls_FluentWinUI3 --> node_venv_lib_python3_12_site-packages_PyQt6_Qt6_qml_QtQuick_Controls_FluentWinUI3_light["light"]\n    node_venv_lib_python3_12_site-packages_PyQt6_Qt6_qml_QtQuick_Controls_FluentWinUI3_light --> node_venv_lib_python3_12_site-packages_PyQt6_Qt6_qml_QtQuick_Controls_FluentWinUI3_light_images["images"]\n    node_venv_lib_python3_12_site-packages_PyQt6_Qt6_qml_QtQuick_Controls_FluentWinUI3_light_images --> node_venv_lib_python3_12_site-packages_PyQt6_Qt6_qml_QtQuick_Controls_FluentWinUI3_light_images_spinbox-indicator-down-background@3x_png["spinbox-indicator-down-background@3x.png"]\n    Root --> node_venv["venv"]\n    node_venv --> node_venv_lib["lib"]\n    node_venv_lib --> node_venv_lib_python3_12["python3.12"]\n    node_venv_lib_python3_12 --> node_venv_lib_python3_12_site-packages["site-packages"]\n    node_venv_lib_python3_12_site-packages --> node_venv_lib_python3_12_site-packages_PyQt6["PyQt6"]\n    node_venv_lib_python3_12_site-packages_PyQt6 --> node_venv_lib_python3_12_site-packages_PyQt6_Qt6["Qt6"]\n    node_venv_lib_python3_12_site-packages_PyQt6_Qt6 --> node_venv_lib_python3_12_site-packages_PyQt6_Qt6_qml["qml"]\n    node_venv_lib_python3_12_site-packages_PyQt6_Qt6_qml --> node_venv_lib_python3_12_site-packages_PyQt6_Qt6_qml_QtQuick["QtQuick"]\n    node_venv_lib_python3_12_site-packages_PyQt6_Qt6_qml_QtQuick --> node_venv_lib_python3_12_site-packages_PyQt6_Qt6_qml_QtQuick_Controls["Controls"]\n    node_venv_lib_python3_12_site-packages_PyQt6_Qt6_qml_QtQuick_Controls --> node_venv_lib_python3_12_site-packages_PyQt6_Qt6_qml_QtQuick_Controls_FluentWinUI3["FluentWinUI3"]\n    node_venv_lib_python3_12_site-packages_PyQt6_Qt6_qml_QtQuick_Controls_FluentWinUI3 --> node_venv_lib_python3_12_site-packages_PyQt6_Qt6_qml_QtQuick_Controls_FluentWinUI3_light["light"]\n    node_venv_lib_python3_12_site-packages_PyQt6_Qt6_qml_QtQuick_Controls_FluentWinUI3_light --> node_venv_lib_python3_12_site-packages_PyQt6_Qt6_qml_QtQuick_Controls_FluentWinUI3_light_images["images"]\n    node_venv_lib_python3_12_site-packages_PyQt6_Qt6_qml_QtQuick_Controls_FluentWinUI3_light_images --> node_venv_lib_python3_12_site-packages_PyQt6_Qt6_qml_QtQuick_Controls_FluentWinUI3_light_images_spinbox-indicator-down-icon-atlimit_png["spinbox-indicator-down-icon-atlimit.png"]\n    Root --> node_venv["venv"]\n    node_venv --> node_venv_lib["lib"]\n    node_venv_lib --> node_venv_lib_python3_12["python3.12"]\n    node_venv_lib_python3_12 --> node_venv_lib_python3_12_site-packages["site-packages"]\n    node_venv_lib_python3_12_site-packages --> node_venv_lib_python3_12_site-packages_PyQt6["PyQt6"]\n    node_venv_lib_python3_12_site-packages_PyQt6 --> node_venv_lib_python3_12_site-packages_PyQt6_Qt6["Qt6"]\n    node_venv_lib_python3_12_site-packages_PyQt6_Qt6 --> node_venv_lib_python3_12_site-packages_PyQt6_Qt6_qml["qml"]\n    node_venv_lib_python3_12_site-packages_PyQt6_Qt6_qml --> node_venv_lib_python3_12_site-packages_PyQt6_Qt6_qml_QtQuick["QtQuick"]\n    node_venv_lib_python3_12_site-packages_PyQt6_Qt6_qml_QtQuick --> node_venv_lib_python3_12_site-packages_PyQt6_Qt6_qml_QtQuick_Controls["Controls"]\n    node_venv_lib_python3_12_site-packages_PyQt6_Qt6_qml_QtQuick_Controls --> node_venv_lib_python3_12_site-packages_PyQt6_Qt6_qml_QtQuick_Controls_FluentWinUI3["FluentWinUI3"]\n    node_venv_lib_python3_12_site-packages_PyQt6_Qt6_qml_QtQuick_Controls_FluentWinUI3 --> node_venv_lib_python3_12_site-packages_PyQt6_Qt6_qml_QtQuick_Controls_FluentWinUI3_light["light"]\n    node_venv_lib_python3_12_site-packages_PyQt6_Qt6_qml_QtQuick_Controls_FluentWinUI3_light --> node_venv_lib_python3_12_site-packages_PyQt6_Qt6_qml_QtQuick_Controls_FluentWinUI3_light_images["images"]\n    node_venv_lib_python3_12_site-packages_PyQt6_Qt6_qml_QtQuick_Controls_FluentWinUI3_light_images --> node_venv_lib_python3_12_site-packages_PyQt6_Qt6_qml_QtQuick_Controls_FluentWinUI3_light_images_spinbox-indicator-down-icon-atlimit@2x_png["spinbox-indicator-down-icon-atlimit@2x.png"]\n    Root --> node_venv["venv"]\n    node_venv --> node_venv_lib["lib"]\n    node_venv_lib --> node_venv_lib_python3_12["python3.12"]\n    node_venv_lib_python3_12 --> node_venv_lib_python3_12_site-packages["site-packages"]\n    node_venv_lib_python3_12_site-packages --> node_venv_lib_python3_12_site-packages_PyQt6["PyQt6"]\n    node_venv_lib_python3_12_site-packages_PyQt6 --> node_venv_lib_python3_12_site-packages_PyQt6_Qt6["Qt6"]\n    node_venv_lib_python3_12_site-packages_PyQt6_Qt6 --> node_venv_lib_python3_12_site-packages_PyQt6_Qt6_qml["qml"]\n    node_venv_lib_python3_12_site-packages_PyQt6_Qt6_qml --> node_venv_lib_python3_12_site-packages_PyQt6_Qt6_qml_QtQuick["QtQuick"]\n    node_venv_lib_python3_12_site-packages_PyQt6_Qt6_qml_QtQuick --> node_venv_lib_python3_12_site-packages_PyQt6_Qt6_qml_QtQuick_Controls["Controls"]\n    node_venv_lib_python3_12_site-packages_PyQt6_Qt6_qml_QtQuick_Controls --> node_venv_lib_python3_12_site-packages_PyQt6_Qt6_qml_QtQuick_Controls_FluentWinUI3["FluentWinUI3"]\n    node_venv_lib_python3_12_site-packages_PyQt6_Qt6_qml_QtQuick_Controls_FluentWinUI3 --> node_venv_lib_python3_12_site-packages_PyQt6_Qt6_qml_QtQuick_Controls_FluentWinUI3_light["light"]\n    node_venv_lib_python3_12_site-packages_PyQt6_Qt6_qml_QtQuick_Controls_FluentWinUI3_light --> node_venv_lib_python3_12_site-packages_PyQt6_Qt6_qml_QtQuick_Controls_FluentWinUI3_light_images["images"]\n    node_venv_lib_python3_12_site-packages_PyQt6_Qt6_qml_QtQuick_Controls_FluentWinUI3_light_images --> node_venv_lib_python3_12_site-packages_PyQt6_Qt6_qml_QtQuick_Controls_FluentWinUI3_light_images_spinbox-indicator-down-icon-atlimit@3x_png["spinbox-indicator-down-icon-atlimit@3x.png"]\n    Root --> node_venv["venv"]\n    node_venv --> node_venv_lib["lib"]\n    node_venv_lib --> node_venv_lib_python3_12["python3.12"]\n    node_venv_lib_python3_12 --> node_venv_lib_python3_12_site-packages["site-packages"]\n    node_venv_lib_python3_12_site-packages --> node_venv_lib_python3_12_site-packages_PyQt6["PyQt6"]\n    node_venv_lib_python3_12_site-packages_PyQt6 --> node_venv_lib_python3_12_site-packages_PyQt6_Qt6["Qt6"]\n    node_venv_lib_python3_12_site-packages_PyQt6_Qt6 --> node_venv_lib_python3_12_site-packages_PyQt6_Qt6_qml["qml"]\n    node_venv_lib_python3_12_site-packages_PyQt6_Qt6_qml --> node_venv_lib_python3_12_site-packages_PyQt6_Qt6_qml_QtQuick["QtQuick"]\n    node_venv_lib_python3_12_site-packages_PyQt6_Qt6_qml_QtQuick --> node_venv_lib_python3_12_site-packages_PyQt6_Qt6_qml_QtQuick_Controls["Controls"]\n    node_venv_lib_python3_12_site-packages_PyQt6_Qt6_qml_QtQuick_Controls --> node_venv_lib_python3_12_site-packages_PyQt6_Qt6_qml_QtQuick_Controls_FluentWinUI3["FluentWinUI3"]\n    node_venv_lib_python3_12_site-packages_PyQt6_Qt6_qml_QtQuick_Controls_FluentWinUI3 --> node_venv_lib_python3_12_site-packages_PyQt6_Qt6_qml_QtQuick_Controls_FluentWinUI3_light["light"]\n    node_venv_lib_python3_12_site-packages_PyQt6_Qt6_qml_QtQuick_Controls_FluentWinUI3_light --> node_venv_lib_python3_12_site-packages_PyQt6_Qt6_qml_QtQuick_Controls_FluentWinUI3_light_images["images"]\n    node_venv_lib_python3_12_site-packages_PyQt6_Qt6_qml_QtQuick_Controls_FluentWinUI3_light_images --> node_venv_lib_python3_12_site-packages_PyQt6_Qt6_qml_QtQuick_Controls_FluentWinUI3_light_images_spinbox-indicator-down-icon-disabled_png["spinbox-indicator-down-icon-disabled.png"]\n    Root --> node_venv["venv"]\n    node_venv --> node_venv_lib["lib"]\n    node_venv_lib --> node_venv_lib_python3_12["python3.12"]\n    node_venv_lib_python3_12 --> node_venv_lib_python3_12_site-packages["site-packages"]\n    node_venv_lib_python3_12_site-packages --> node_venv_lib_python3_12_site-packages_PyQt6["PyQt6"]\n    node_venv_lib_python3_12_site-packages_PyQt6 --> node_venv_lib_python3_12_site-packages_PyQt6_Qt6["Qt6"]\n    node_venv_lib_python3_12_site-packages_PyQt6_Qt6 --> node_venv_lib_python3_12_site-packages_PyQt6_Qt6_qml["qml"]\n    node_venv_lib_python3_12_site-packages_PyQt6_Qt6_qml --> node_venv_lib_python3_12_site-packages_PyQt6_Qt6_qml_QtQuick["QtQuick"]\n    node_venv_lib_python3_12_site-packages_PyQt6_Qt6_qml_QtQuick --> node_venv_lib_python3_12_site-packages_PyQt6_Qt6_qml_QtQuick_Controls["Controls"]\n    node_venv_lib_python3_12_site-packages_PyQt6_Qt6_qml_QtQuick_Controls --> node_venv_lib_python3_12_site-packages_PyQt6_Qt6_qml_QtQuick_Controls_FluentWinUI3["FluentWinUI3"]\n    node_venv_lib_python3_12_site-packages_PyQt6_Qt6_qml_QtQuick_Controls_FluentWinUI3 --> node_venv_lib_python3_12_site-packages_PyQt6_Qt6_qml_QtQuick_Controls_FluentWinUI3_light["light"]\n    node_venv_lib_python3_12_site-packages_PyQt6_Qt6_qml_QtQuick_Controls_FluentWinUI3_light --> node_venv_lib_python3_12_site-packages_PyQt6_Qt6_qml_QtQuick_Controls_FluentWinUI3_light_images["images"]\n    node_venv_lib_python3_12_site-packages_PyQt6_Qt6_qml_QtQuick_Controls_FluentWinUI3_light_images --> node_venv_lib_python3_12_site-packages_PyQt6_Qt6_qml_QtQuick_Controls_FluentWinUI3_light_images_spinbox-indicator-down-icon-disabled@2x_png["spinbox-indicator-down-icon-disabled@2x.png"]\n    Root --> node_venv["venv"]\n    node_venv --> node_venv_lib["lib"]\n    node_venv_lib --> node_venv_lib_python3_12["python3.12"]\n    node_venv_lib_python3_12 --> node_venv_lib_python3_12_site-packages["site-packages"]\n    node_venv_lib_python3_12_site-packages --> node_venv_lib_python3_12_site-packages_PyQt6["PyQt6"]\n    node_venv_lib_python3_12_site-packages_PyQt6 --> node_venv_lib_python3_12_site-packages_PyQt6_Qt6["Qt6"]\n    node_venv_lib_python3_12_site-packages_PyQt6_Qt6 --> node_venv_lib_python3_12_site-packages_PyQt6_Qt6_qml["qml"]\n    node_venv_lib_python3_12_site-packages_PyQt6_Qt6_qml --> node_venv_lib_python3_12_site-packages_PyQt6_Qt6_qml_QtQuick["QtQuick"]\n    node_venv_lib_python3_12_site-packages_PyQt6_Qt6_qml_QtQuick --> node_venv_lib_python3_12_site-packages_PyQt6_Qt6_qml_QtQuick_Controls["Controls"]\n    node_venv_lib_python3_12_site-packages_PyQt6_Qt6_qml_QtQuick_Controls --> node_venv_lib_python3_12_site-packages_PyQt6_Qt6_qml_QtQuick_Controls_FluentWinUI3["FluentWinUI3"]\n    node_venv_lib_python3_12_site-packages_PyQt6_Qt6_qml_QtQuick_Controls_FluentWinUI3 --> node_venv_lib_python3_12_site-packages_PyQt6_Qt6_qml_QtQuick_Controls_FluentWinUI3_light["light"]\n    node_venv_lib_python3_12_site-packages_PyQt6_Qt6_qml_QtQuick_Controls_FluentWinUI3_light --> node_venv_lib_python3_12_site-packages_PyQt6_Qt6_qml_QtQuick_Controls_FluentWinUI3_light_images["images"]\n    node_venv_lib_python3_12_site-packages_PyQt6_Qt6_qml_QtQuick_Controls_FluentWinUI3_light_images --> node_venv_lib_python3_12_site-packages_PyQt6_Qt6_qml_QtQuick_Controls_FluentWinUI3_light_images_spinbox-indicator-down-icon-disabled@3x_png["spinbox-indicator-down-icon-disabled@3x.png"]\n    Root --> node_venv["venv"]\n    node_venv --> node_venv_lib["lib"]\n    node_venv_lib --> node_venv_lib_python3_12["python3.12"]\n    node_venv_lib_python3_12 --> node_venv_lib_python3_12_site-packages["site-packages"]\n    node_venv_lib_python3_12_site-packages --> node_venv_lib_python3_12_site-packages_PyQt6["PyQt6"]\n    node_venv_lib_python3_12_site-packages_PyQt6 --> node_venv_lib_python3_12_site-packages_PyQt6_Qt6["Qt6"]\n    node_venv_lib_python3_12_site-packages_PyQt6_Qt6 --> node_venv_lib_python3_12_site-packages_PyQt6_Qt6_qml["qml"]\n    node_venv_lib_python3_12_site-packages_PyQt6_Qt6_qml --> node_venv_lib_python3_12_site-packages_PyQt6_Qt6_qml_QtQuick["QtQuick"]\n    node_venv_lib_python3_12_site-packages_PyQt6_Qt6_qml_QtQuick --> node_venv_lib_python3_12_site-packages_PyQt6_Qt6_qml_QtQuick_Controls["Controls"]\n    node_venv_lib_python3_12_site-packages_PyQt6_Qt6_qml_QtQuick_Controls --> node_venv_lib_python3_12_site-packages_PyQt6_Qt6_qml_QtQuick_Controls_FluentWinUI3["FluentWinUI3"]\n    node_venv_lib_python3_12_site-packages_PyQt6_Qt6_qml_QtQuick_Controls_FluentWinUI3 --> node_venv_lib_python3_12_site-packages_PyQt6_Qt6_qml_QtQuick_Controls_FluentWinUI3_light["light"]\n    node_venv_lib_python3_12_site-packages_PyQt6_Qt6_qml_QtQuick_Controls_FluentWinUI3_light --> node_venv_lib_python3_12_site-packages_PyQt6_Qt6_qml_QtQuick_Controls_FluentWinUI3_light_images["images"]\n    node_venv_lib_python3_12_site-packages_PyQt6_Qt6_qml_QtQuick_Controls_FluentWinUI3_light_images --> node_venv_lib_python3_12_site-packages_PyQt6_Qt6_qml_QtQuick_Controls_FluentWinUI3_light_images_spinbox-indicator-down-icon-down-hovered_png["spinbox-indicator-down-icon-down-hovered.png"]\n    Root --> node_venv["venv"]\n    node_venv --> node_venv_lib["lib"]\n    node_venv_lib --> node_venv_lib_python3_12["python3.12"]\n    node_venv_lib_python3_12 --> node_venv_lib_python3_12_site-packages["site-packages"]\n    node_venv_lib_python3_12_site-packages --> node_venv_lib_python3_12_site-packages_PyQt6["PyQt6"]\n    node_venv_lib_python3_12_site-packages_PyQt6 --> node_venv_lib_python3_12_site-packages_PyQt6_Qt6["Qt6"]\n    node_venv_lib_python3_12_site-packages_PyQt6_Qt6 --> node_venv_lib_python3_12_site-packages_PyQt6_Qt6_qml["qml"]\n    node_venv_lib_python3_12_site-packages_PyQt6_Qt6_qml --> node_venv_lib_python3_12_site-packages_PyQt6_Qt6_qml_QtQuick["QtQuick"]\n    node_venv_lib_python3_12_site-packages_PyQt6_Qt6_qml_QtQuick --> node_venv_lib_python3_12_site-packages_PyQt6_Qt6_qml_QtQuick_Controls["Controls"]\n    node_venv_lib_python3_12_site-packages_PyQt6_Qt6_qml_QtQuick_Controls --> node_venv_lib_python3_12_site-packages_PyQt6_Qt6_qml_QtQuick_Controls_FluentWinUI3["FluentWinUI3"]\n    node_venv_lib_python3_12_site-packages_PyQt6_Qt6_qml_QtQuick_Controls_FluentWinUI3 --> node_venv_lib_python3_12_site-packages_PyQt6_Qt6_qml_QtQuick_Controls_FluentWinUI3_light["light"]\n    node_venv_lib_python3_12_site-packages_PyQt6_Qt6_qml_QtQuick_Controls_FluentWinUI3_light --> node_venv_lib_python3_12_site-packages_PyQt6_Qt6_qml_QtQuick_Controls_FluentWinUI3_light_images["images"]\n    node_venv_lib_python3_12_site-packages_PyQt6_Qt6_qml_QtQuick_Controls_FluentWinUI3_light_images --> node_venv_lib_python3_12_site-packages_PyQt6_Qt6_qml_QtQuick_Controls_FluentWinUI3_light_images_spinbox-indicator-down-icon-down-hovered@2x_png["spinbox-indicator-down-icon-down-hovered@2x.png"]\n    Root --> node_venv["venv"]\n    node_venv --> node_venv_lib["lib"]\n    node_venv_lib --> node_venv_lib_python3_12["python3.12"]\n    node_venv_lib_python3_12 --> node_venv_lib_python3_12_site-packages["site-packages"]\n    node_venv_lib_python3_12_site-packages --> node_venv_lib_python3_12_site-packages_PyQt6["PyQt6"]\n    node_venv_lib_python3_12_site-packages_PyQt6 --> node_venv_lib_python3_12_site-packages_PyQt6_Qt6["Qt6"]\n    node_venv_lib_python3_12_site-packages_PyQt6_Qt6 --> node_venv_lib_python3_12_site-packages_PyQt6_Qt6_qml["qml"]\n    node_venv_lib_python3_12_site-packages_PyQt6_Qt6_qml --> node_venv_lib_python3_12_site-packages_PyQt6_Qt6_qml_QtQuick["QtQuick"]\n    node_venv_lib_python3_12_site-packages_PyQt6_Qt6_qml_QtQuick --> node_venv_lib_python3_12_site-packages_PyQt6_Qt6_qml_QtQuick_Controls["Controls"]\n    node_venv_lib_python3_12_site-packages_PyQt6_Qt6_qml_QtQuick_Controls --> node_venv_lib_python3_12_site-packages_PyQt6_Qt6_qml_QtQuick_Controls_FluentWinUI3["FluentWinUI3"]\n    node_venv_lib_python3_12_site-packages_PyQt6_Qt6_qml_QtQuick_Controls_FluentWinUI3 --> node_venv_lib_python3_12_site-packages_PyQt6_Qt6_qml_QtQuick_Controls_FluentWinUI3_light["light"]\n    node_venv_lib_python3_12_site-packages_PyQt6_Qt6_qml_QtQuick_Controls_FluentWinUI3_light --> node_venv_lib_python3_12_site-packages_PyQt6_Qt6_qml_QtQuick_Controls_FluentWinUI3_light_images["images"]\n    node_venv_lib_python3_12_site-packages_PyQt6_Qt6_qml_QtQuick_Controls_FluentWinUI3_light_images --> node_venv_lib_python3_12_site-packages_PyQt6_Qt6_qml_QtQuick_Controls_FluentWinUI3_light_images_spinbox-indicator-down-icon-down-hovered@3x_png["spinbox-indicator-down-icon-down-hovered@3x.png"]\n    Root --> node_venv["venv"]\n    node_venv --> node_venv_lib["lib"]\n    node_venv_lib --> node_venv_lib_python3_12["python3.12"]\n    node_venv_lib_python3_12 --> node_venv_lib_python3_12_site-packages["site-packages"]\n    node_venv_lib_python3_12_site-packages --> node_venv_lib_python3_12_site-packages_PyQt6["PyQt6"]\n    node_venv_lib_python3_12_site-packages_PyQt6 --> node_venv_lib_python3_12_site-packages_PyQt6_Qt6["Qt6"]\n    node_venv_lib_python3_12_site-packages_PyQt6_Qt6 --> node_venv_lib_python3_12_site-packages_PyQt6_Qt6_qml["qml"]\n    node_venv_lib_python3_12_site-packages_PyQt6_Qt6_qml --> node_venv_lib_python3_12_site-packages_PyQt6_Qt6_qml_QtQuick["QtQuick"]\n    node_venv_lib_python3_12_site-packages_PyQt6_Qt6_qml_QtQuick --> node_venv_lib_python3_12_site-packages_PyQt6_Qt6_qml_QtQuick_Controls["Controls"]\n    node_venv_lib_python3_12_site-packages_PyQt6_Qt6_qml_QtQuick_Controls --> node_venv_lib_python3_12_site-packages_PyQt6_Qt6_qml_QtQuick_Controls_FluentWinUI3["FluentWinUI3"]\n    node_venv_lib_python3_12_site-packages_PyQt6_Qt6_qml_QtQuick_Controls_FluentWinUI3 --> node_venv_lib_python3_12_site-packages_PyQt6_Qt6_qml_QtQuick_Controls_FluentWinUI3_light["light"]\n    node_venv_lib_python3_12_site-packages_PyQt6_Qt6_qml_QtQuick_Controls_FluentWinUI3_light --> node_venv_lib_python3_12_site-packages_PyQt6_Qt6_qml_QtQuick_Controls_FluentWinUI3_light_images["images"]\n    node_venv_lib_python3_12_site-packages_PyQt6_Qt6_qml_QtQuick_Controls_FluentWinUI3_light_images --> node_venv_lib_python3_12_site-packages_PyQt6_Qt6_qml_QtQuick_Controls_FluentWinUI3_light_images_spinbox-indicator-down-icon-down-pressed_png["spinbox-indicator-down-icon-down-pressed.png"]\n    Root --> node_venv["venv"]\n    node_venv --> node_venv_lib["lib"]\n    node_venv_lib --> node_venv_lib_python3_12["python3.12"]\n    node_venv_lib_python3_12 --> node_venv_lib_python3_12_site-packages["site-packages"]\n    node_venv_lib_python3_12_site-packages --> node_venv_lib_python3_12_site-packages_PyQt6["PyQt6"]\n    node_venv_lib_python3_12_site-packages_PyQt6 --> node_venv_lib_python3_12_site-packages_PyQt6_Qt6["Qt6"]\n    node_venv_lib_python3_12_site-packages_PyQt6_Qt6 --> node_venv_lib_python3_12_site-packages_PyQt6_Qt6_qml["qml"]\n    node_venv_lib_python3_12_site-packages_PyQt6_Qt6_qml --> node_venv_lib_python3_12_site-packages_PyQt6_Qt6_qml_QtQuick["QtQuick"]\n    node_venv_lib_python3_12_site-packages_PyQt6_Qt6_qml_QtQuick --> node_venv_lib_python3_12_site-packages_PyQt6_Qt6_qml_QtQuick_Controls["Controls"]\n    node_venv_lib_python3_12_site-packages_PyQt6_Qt6_qml_QtQuick_Controls --> node_venv_lib_python3_12_site-packages_PyQt6_Qt6_qml_QtQuick_Controls_FluentWinUI3["FluentWinUI3"]\n    node_venv_lib_python3_12_site-packages_PyQt6_Qt6_qml_QtQuick_Controls_FluentWinUI3 --> node_venv_lib_python3_12_site-packages_PyQt6_Qt6_qml_QtQuick_Controls_FluentWinUI3_light["light"]\n    node_venv_lib_python3_12_site-packages_PyQt6_Qt6_qml_QtQuick_Controls_FluentWinUI3_light --> node_venv_lib_python3_12_site-packages_PyQt6_Qt6_qml_QtQuick_Controls_FluentWinUI3_light_images["images"]\n    node_venv_lib_python3_12_site-packages_PyQt6_Qt6_qml_QtQuick_Controls_FluentWinUI3_light_images --> node_venv_lib_python3_12_site-packages_PyQt6_Qt6_qml_QtQuick_Controls_FluentWinUI3_light_images_spinbox-indicator-down-icon-down-pressed@2x_png["spinbox-indicator-down-icon-down-pressed@2x.png"]\n    Root --> node_venv["venv"]\n    node_venv --> node_venv_lib["lib"]\n    node_venv_lib --> node_venv_lib_python3_12["python3.12"]\n    node_venv_lib_python3_12 --> node_venv_lib_python3_12_site-packages["site-packages"]\n    node_venv_lib_python3_12_site-packages --> node_venv_lib_python3_12_site-packages_PyQt6["PyQt6"]\n    node_venv_lib_python3_12_site-packages_PyQt6 --> node_venv_lib_python3_12_site-packages_PyQt6_Qt6["Qt6"]\n    node_venv_lib_python3_12_site-packages_PyQt6_Qt6 --> node_venv_lib_python3_12_site-packages_PyQt6_Qt6_qml["qml"]\n    node_venv_lib_python3_12_site-packages_PyQt6_Qt6_qml --> node_venv_lib_python3_12_site-packages_PyQt6_Qt6_qml_QtQuick["QtQuick"]\n    node_venv_lib_python3_12_site-packages_PyQt6_Qt6_qml_QtQuick --> node_venv_lib_python3_12_site-packages_PyQt6_Qt6_qml_QtQuick_Controls["Controls"]\n    node_venv_lib_python3_12_site-packages_PyQt6_Qt6_qml_QtQuick_Controls --> node_venv_lib_python3_12_site-packages_PyQt6_Qt6_qml_QtQuick_Controls_FluentWinUI3["FluentWinUI3"]\n    node_venv_lib_python3_12_site-packages_PyQt6_Qt6_qml_QtQuick_Controls_FluentWinUI3 --> node_venv_lib_python3_12_site-packages_PyQt6_Qt6_qml_QtQuick_Controls_FluentWinUI3_light["light"]\n    node_venv_lib_python3_12_site-packages_PyQt6_Qt6_qml_QtQuick_Controls_FluentWinUI3_light --> node_venv_lib_python3_12_site-packages_PyQt6_Qt6_qml_QtQuick_Controls_FluentWinUI3_light_images["images"]\n    node_venv_lib_python3_12_site-packages_PyQt6_Qt6_qml_QtQuick_Controls_FluentWinUI3_light_images --> node_venv_lib_python3_12_site-packages_PyQt6_Qt6_qml_QtQuick_Controls_FluentWinUI3_light_images_spinbox-indicator-down-icon-down-pressed@3x_png["spinbox-indicator-down-icon-down-pressed@3x.png"]\n    Root --> node_venv["venv"]\n    node_venv --> node_venv_lib["lib"]\n    node_venv_lib --> node_venv_lib_python3_12["python3.12"]\n    node_venv_lib_python3_12 --> node_venv_lib_python3_12_site-packages["site-packages"]\n    node_venv_lib_python3_12_site-packages --> node_venv_lib_python3_12_site-packages_PyQt6["PyQt6"]\n    node_venv_lib_python3_12_site-packages_PyQt6 --> node_venv_lib_python3_12_site-packages_PyQt6_Qt6["Qt6"]\n    node_venv_lib_python3_12_site-packages_PyQt6_Qt6 --> node_venv_lib_python3_12_site-packages_PyQt6_Qt6_qml["qml"]\n    node_venv_lib_python3_12_site-packages_PyQt6_Qt6_qml --> node_venv_lib_python3_12_site-packages_PyQt6_Qt6_qml_QtQuick["QtQuick"]\n    node_venv_lib_python3_12_site-packages_PyQt6_Qt6_qml_QtQuick --> node_venv_lib_python3_12_site-packages_PyQt6_Qt6_qml_QtQuick_Controls["Controls"]\n    node_venv_lib_python3_12_site-packages_PyQt6_Qt6_qml_QtQuick_Controls --> node_venv_lib_python3_12_site-packages_PyQt6_Qt6_qml_QtQuick_Controls_FluentWinUI3["FluentWinUI3"]\n    node_venv_lib_python3_12_site-packages_PyQt6_Qt6_qml_QtQuick_Controls_FluentWinUI3 --> node_venv_lib_python3_12_site-packages_PyQt6_Qt6_qml_QtQuick_Controls_FluentWinUI3_light["light"]\n    node_venv_lib_python3_12_site-packages_PyQt6_Qt6_qml_QtQuick_Controls_FluentWinUI3_light --> node_venv_lib_python3_12_site-packages_PyQt6_Qt6_qml_QtQuick_Controls_FluentWinUI3_light_images["images"]\n    node_venv_lib_python3_12_site-packages_PyQt6_Qt6_qml_QtQuick_Controls_FluentWinUI3_light_images --> node_venv_lib_python3_12_site-packages_PyQt6_Qt6_qml_QtQuick_Controls_FluentWinUI3_light_images_spinbox-indicator-down-icon-hovered_png["spinbox-indicator-down-icon-hovered.png"]\n    Root --> node_venv["venv"]\n    node_venv --> node_venv_lib["lib"]\n    node_venv_lib --> node_venv_lib_python3_12["python3.12"]\n    node_venv_lib_python3_12 --> node_venv_lib_python3_12_site-packages["site-packages"]\n    node_venv_lib_python3_12_site-packages --> node_venv_lib_python3_12_site-packages_PyQt6["PyQt6"]\n    node_venv_lib_python3_12_site-packages_PyQt6 --> node_venv_lib_python3_12_site-packages_PyQt6_Qt6["Qt6"]\n    node_venv_lib_python3_12_site-packages_PyQt6_Qt6 --> node_venv_lib_python3_12_site-packages_PyQt6_Qt6_qml["qml"]\n    node_venv_lib_python3_12_site-packages_PyQt6_Qt6_qml --> node_venv_lib_python3_12_site-packages_PyQt6_Qt6_qml_QtQuick["QtQuick"]\n    node_venv_lib_python3_12_site-packages_PyQt6_Qt6_qml_QtQuick --> node_venv_lib_python3_12_site-packages_PyQt6_Qt6_qml_QtQuick_Controls["Controls"]\n    node_venv_lib_python3_12_site-packages_PyQt6_Qt6_qml_QtQuick_Controls --> node_venv_lib_python3_12_site-packages_PyQt6_Qt6_qml_QtQuick_Controls_FluentWinUI3["FluentWinUI3"]\n    node_venv_lib_python3_12_site-packages_PyQt6_Qt6_qml_QtQuick_Controls_FluentWinUI3 --> node_venv_lib_python3_12_site-packages_PyQt6_Qt6_qml_QtQuick_Controls_FluentWinUI3_light["light"]\n    node_venv_lib_python3_12_site-packages_PyQt6_Qt6_qml_QtQuick_Controls_FluentWinUI3_light --> node_venv_lib_python3_12_site-packages_PyQt6_Qt6_qml_QtQuick_Controls_FluentWinUI3_light_images["images"]\n    node_venv_lib_python3_12_site-packages_PyQt6_Qt6_qml_QtQuick_Controls_FluentWinUI3_light_images --> node_venv_lib_python3_12_site-packages_PyQt6_Qt6_qml_QtQuick_Controls_FluentWinUI3_light_images_spinbox-indicator-down-icon-hovered@2x_png["spinbox-indicator-down-icon-hovered@2x.png"]\n    Root --> node_venv["venv"]\n    node_venv --> node_venv_lib["lib"]\n    node_venv_lib --> node_venv_lib_python3_12["python3.12"]\n    node_venv_lib_python3_12 --> node_venv_lib_python3_12_site-packages["site-packages"]\n    node_venv_lib_python3_12_site-packages --> node_venv_lib_python3_12_site-packages_PyQt6["PyQt6"]\n    node_venv_lib_python3_12_site-packages_PyQt6 --> node_venv_lib_python3_12_site-packages_PyQt6_Qt6["Qt6"]\n    node_venv_lib_python3_12_site-packages_PyQt6_Qt6 --> node_venv_lib_python3_12_site-packages_PyQt6_Qt6_qml["qml"]\n    node_venv_lib_python3_12_site-packages_PyQt6_Qt6_qml --> node_venv_lib_python3_12_site-packages_PyQt6_Qt6_qml_QtQuick["QtQuick"]\n    node_venv_lib_python3_12_site-packages_PyQt6_Qt6_qml_QtQuick --> node_venv_lib_python3_12_site-packages_PyQt6_Qt6_qml_QtQuick_Controls["Controls"]\n    node_venv_lib_python3_12_site-packages_PyQt6_Qt6_qml_QtQuick_Controls --> node_venv_lib_python3_12_site-packages_PyQt6_Qt6_qml_QtQuick_Controls_FluentWinUI3["FluentWinUI3"]\n    node_venv_lib_python3_12_site-packages_PyQt6_Qt6_qml_QtQuick_Controls_FluentWinUI3 --> node_venv_lib_python3_12_site-packages_PyQt6_Qt6_qml_QtQuick_Controls_FluentWinUI3_light["light"]\n    node_venv_lib_python3_12_site-packages_PyQt6_Qt6_qml_QtQuick_Controls_FluentWinUI3_light --> node_venv_lib_python3_12_site-packages_PyQt6_Qt6_qml_QtQuick_Controls_FluentWinUI3_light_images["images"]\n    node_venv_lib_python3_12_site-packages_PyQt6_Qt6_qml_QtQuick_Controls_FluentWinUI3_light_images --> node_venv_lib_python3_12_site-packages_PyQt6_Qt6_qml_QtQuick_Controls_FluentWinUI3_light_images_spinbox-indicator-down-icon-hovered@3x_png["spinbox-indicator-down-icon-hovered@3x.png"]\n    Root --> node_venv["venv"]\n    node_venv --> node_venv_lib["lib"]\n    node_venv_lib --> node_venv_lib_python3_12["python3.12"]\n    node_venv_lib_python3_12 --> node_venv_lib_python3_12_site-packages["site-packages"]\n    node_venv_lib_python3_12_site-packages --> node_venv_lib_python3_12_site-packages_PyQt6["PyQt6"]\n    node_venv_lib_python3_12_site-packages_PyQt6 --> node_venv_lib_python3_12_site-packages_PyQt6_Qt6["Qt6"]\n    node_venv_lib_python3_12_site-packages_PyQt6_Qt6 --> node_venv_lib_python3_12_site-packages_PyQt6_Qt6_qml["qml"]\n    node_venv_lib_python3_12_site-packages_PyQt6_Qt6_qml --> node_venv_lib_python3_12_site-packages_PyQt6_Qt6_qml_QtQuick["QtQuick"]\n    node_venv_lib_python3_12_site-packages_PyQt6_Qt6_qml_QtQuick --> node_venv_lib_python3_12_site-packages_PyQt6_Qt6_qml_QtQuick_Controls["Controls"]\n    node_venv_lib_python3_12_site-packages_PyQt6_Qt6_qml_QtQuick_Controls --> node_venv_lib_python3_12_site-packages_PyQt6_Qt6_qml_QtQuick_Controls_FluentWinUI3["FluentWinUI3"]\n    node_venv_lib_python3_12_site-packages_PyQt6_Qt6_qml_QtQuick_Controls_FluentWinUI3 --> node_venv_lib_python3_12_site-packages_PyQt6_Qt6_qml_QtQuick_Controls_FluentWinUI3_light["light"]\n    node_venv_lib_python3_12_site-packages_PyQt6_Qt6_qml_QtQuick_Controls_FluentWinUI3_light --> node_venv_lib_python3_12_site-packages_PyQt6_Qt6_qml_QtQuick_Controls_FluentWinUI3_light_images["images"]\n    node_venv_lib_python3_12_site-packages_PyQt6_Qt6_qml_QtQuick_Controls_FluentWinUI3_light_images --> node_venv_lib_python3_12_site-packages_PyQt6_Qt6_qml_QtQuick_Controls_FluentWinUI3_light_images_spinbox-indicator-down-icon-up-hovered_png["spinbox-indicator-down-icon-up-hovered.png"]\n    Root --> node_venv["venv"]\n    node_venv --> node_venv_lib["lib"]\n    node_venv_lib --> node_venv_lib_python3_12["python3.12"]\n    node_venv_lib_python3_12 --> node_venv_lib_python3_12_site-packages["site-packages"]\n    node_venv_lib_python3_12_site-packages --> node_venv_lib_python3_12_site-packages_PyQt6["PyQt6"]\n    node_venv_lib_python3_12_site-packages_PyQt6 --> node_venv_lib_python3_12_site-packages_PyQt6_Qt6["Qt6"]\n    node_venv_lib_python3_12_site-packages_PyQt6_Qt6 --> node_venv_lib_python3_12_site-packages_PyQt6_Qt6_qml["qml"]\n    node_venv_lib_python3_12_site-packages_PyQt6_Qt6_qml --> node_venv_lib_python3_12_site-packages_PyQt6_Qt6_qml_QtQuick["QtQuick"]\n    node_venv_lib_python3_12_site-packages_PyQt6_Qt6_qml_QtQuick --> node_venv_lib_python3_12_site-packages_PyQt6_Qt6_qml_QtQuick_Controls["Controls"]\n    node_venv_lib_python3_12_site-packages_PyQt6_Qt6_qml_QtQuick_Controls --> node_venv_lib_python3_12_site-packages_PyQt6_Qt6_qml_QtQuick_Controls_FluentWinUI3["FluentWinUI3"]\n    node_venv_lib_python3_12_site-packages_PyQt6_Qt6_qml_QtQuick_Controls_FluentWinUI3 --> node_venv_lib_python3_12_site-packages_PyQt6_Qt6_qml_QtQuick_Controls_FluentWinUI3_light["light"]\n    node_venv_lib_python3_12_site-packages_PyQt6_Qt6_qml_QtQuick_Controls_FluentWinUI3_light --> node_venv_lib_python3_12_site-packages_PyQt6_Qt6_qml_QtQuick_Controls_FluentWinUI3_light_images["images"]\n    node_venv_lib_python3_12_site-packages_PyQt6_Qt6_qml_QtQuick_Controls_FluentWinUI3_light_images --> node_venv_lib_python3_12_site-packages_PyQt6_Qt6_qml_QtQuick_Controls_FluentWinUI3_light_images_spinbox-indicator-down-icon-up-hovered@2x_png["spinbox-indicator-down-icon-up-hovered@2x.png"]\n    Root --> node_venv["venv"]\n    node_venv --> node_venv_lib["lib"]\n    node_venv_lib --> node_venv_lib_python3_12["python3.12"]\n    node_venv_lib_python3_12 --> node_venv_lib_python3_12_site-packages["site-packages"]\n    node_venv_lib_python3_12_site-packages --> node_venv_lib_python3_12_site-packages_PyQt6["PyQt6"]\n    node_venv_lib_python3_12_site-packages_PyQt6 --> node_venv_lib_python3_12_site-packages_PyQt6_Qt6["Qt6"]\n    node_venv_lib_python3_12_site-packages_PyQt6_Qt6 --> node_venv_lib_python3_12_site-packages_PyQt6_Qt6_qml["qml"]\n    node_venv_lib_python3_12_site-packages_PyQt6_Qt6_qml --> node_venv_lib_python3_12_site-packages_PyQt6_Qt6_qml_QtQuick["QtQuick"]\n    node_venv_lib_python3_12_site-packages_PyQt6_Qt6_qml_QtQuick --> node_venv_lib_python3_12_site-packages_PyQt6_Qt6_qml_QtQuick_Controls["Controls"]\n    node_venv_lib_python3_12_site-packages_PyQt6_Qt6_qml_QtQuick_Controls --> node_venv_lib_python3_12_site-packages_PyQt6_Qt6_qml_QtQuick_Controls_FluentWinUI3["FluentWinUI3"]\n    node_venv_lib_python3_12_site-packages_PyQt6_Qt6_qml_QtQuick_Controls_FluentWinUI3 --> node_venv_lib_python3_12_site-packages_PyQt6_Qt6_qml_QtQuick_Controls_FluentWinUI3_light["light"]\n    node_venv_lib_python3_12_site-packages_PyQt6_Qt6_qml_QtQuick_Controls_FluentWinUI3_light --> node_venv_lib_python3_12_site-packages_PyQt6_Qt6_qml_QtQuick_Controls_FluentWinUI3_light_images["images"]\n    node_venv_lib_python3_12_site-packages_PyQt6_Qt6_qml_QtQuick_Controls_FluentWinUI3_light_images --> node_venv_lib_python3_12_site-packages_PyQt6_Qt6_qml_QtQuick_Controls_FluentWinUI3_light_images_spinbox-indicator-down-icon-up-hovered@3x_png["spinbox-indicator-down-icon-up-hovered@3x.png"]\n    Root --> node_venv["venv"]\n    node_venv --> node_venv_lib["lib"]\n    node_venv_lib --> node_venv_lib_python3_12["python3.12"]\n    node_venv_lib_python3_12 --> node_venv_lib_python3_12_site-packages["site-packages"]\n    node_venv_lib_python3_12_site-packages --> node_venv_lib_python3_12_site-packages_PyQt6["PyQt6"]\n    node_venv_lib_python3_12_site-packages_PyQt6 --> node_venv_lib_python3_12_site-packages_PyQt6_Qt6["Qt6"]\n    node_venv_lib_python3_12_site-packages_PyQt6_Qt6 --> node_venv_lib_python3_12_site-packages_PyQt6_Qt6_qml["qml"]\n    node_venv_lib_python3_12_site-packages_PyQt6_Qt6_qml --> node_venv_lib_python3_12_site-packages_PyQt6_Qt6_qml_QtQuick["QtQuick"]\n    node_venv_lib_python3_12_site-packages_PyQt6_Qt6_qml_QtQuick --> node_venv_lib_python3_12_site-packages_PyQt6_Qt6_qml_QtQuick_Controls["Controls"]\n    node_venv_lib_python3_12_site-packages_PyQt6_Qt6_qml_QtQuick_Controls --> node_venv_lib_python3_12_site-packages_PyQt6_Qt6_qml_QtQuick_Controls_FluentWinUI3["FluentWinUI3"]\n    node_venv_lib_python3_12_site-packages_PyQt6_Qt6_qml_QtQuick_Controls_FluentWinUI3 --> node_venv_lib_python3_12_site-packages_PyQt6_Qt6_qml_QtQuick_Controls_FluentWinUI3_light["light"]\n    node_venv_lib_python3_12_site-packages_PyQt6_Qt6_qml_QtQuick_Controls_FluentWinUI3_light --> node_venv_lib_python3_12_site-packages_PyQt6_Qt6_qml_QtQuick_Controls_FluentWinUI3_light_images["images"]\n    node_venv_lib_python3_12_site-packages_PyQt6_Qt6_qml_QtQuick_Controls_FluentWinUI3_light_images --> node_venv_lib_python3_12_site-packages_PyQt6_Qt6_qml_QtQuick_Controls_FluentWinUI3_light_images_spinbox-indicator-down-icon-up-pressed_png["spinbox-indicator-down-icon-up-pressed.png"]\n    Root --> node_venv["venv"]\n    node_venv --> node_venv_lib["lib"]\n    node_venv_lib --> node_venv_lib_python3_12["python3.12"]\n    node_venv_lib_python3_12 --> node_venv_lib_python3_12_site-packages["site-packages"]\n    node_venv_lib_python3_12_site-packages --> node_venv_lib_python3_12_site-packages_PyQt6["PyQt6"]\n    node_venv_lib_python3_12_site-packages_PyQt6 --> node_venv_lib_python3_12_site-packages_PyQt6_Qt6["Qt6"]\n    node_venv_lib_python3_12_site-packages_PyQt6_Qt6 --> node_venv_lib_python3_12_site-packages_PyQt6_Qt6_qml["qml"]\n    node_venv_lib_python3_12_site-packages_PyQt6_Qt6_qml --> node_venv_lib_python3_12_site-packages_PyQt6_Qt6_qml_QtQuick["QtQuick"]\n    node_venv_lib_python3_12_site-packages_PyQt6_Qt6_qml_QtQuick --> node_venv_lib_python3_12_site-packages_PyQt6_Qt6_qml_QtQuick_Controls["Controls"]\n    node_venv_lib_python3_12_site-packages_PyQt6_Qt6_qml_QtQuick_Controls --> node_venv_lib_python3_12_site-packages_PyQt6_Qt6_qml_QtQuick_Controls_FluentWinUI3["FluentWinUI3"]\n    node_venv_lib_python3_12_site-packages_PyQt6_Qt6_qml_QtQuick_Controls_FluentWinUI3 --> node_venv_lib_python3_12_site-packages_PyQt6_Qt6_qml_QtQuick_Controls_FluentWinUI3_light["light"]\n    node_venv_lib_python3_12_site-packages_PyQt6_Qt6_qml_QtQuick_Controls_FluentWinUI3_light --> node_venv_lib_python3_12_site-packages_PyQt6_Qt6_qml_QtQuick_Controls_FluentWinUI3_light_images["images"]\n    node_venv_lib_python3_12_site-packages_PyQt6_Qt6_qml_QtQuick_Controls_FluentWinUI3_light_images --> node_venv_lib_python3_12_site-packages_PyQt6_Qt6_qml_QtQuick_Controls_FluentWinUI3_light_images_spinbox-indicator-down-icon-up-pressed@2x_png["spinbox-indicator-down-icon-up-pressed@2x.png"]\n    Root --> node_venv["venv"]\n    node_venv --> node_venv_lib["lib"]\n    node_venv_lib --> node_venv_lib_python3_12["python3.12"]\n    node_venv_lib_python3_12 --> node_venv_lib_python3_12_site-packages["site-packages"]\n    node_venv_lib_python3_12_site-packages --> node_venv_lib_python3_12_site-packages_PyQt6["PyQt6"]\n    node_venv_lib_python3_12_site-packages_PyQt6 --> node_venv_lib_python3_12_site-packages_PyQt6_Qt6["Qt6"]\n    node_venv_lib_python3_12_site-packages_PyQt6_Qt6 --> node_venv_lib_python3_12_site-packages_PyQt6_Qt6_qml["qml"]\n    node_venv_lib_python3_12_site-packages_PyQt6_Qt6_qml --> node_venv_lib_python3_12_site-packages_PyQt6_Qt6_qml_QtQuick["QtQuick"]\n    node_venv_lib_python3_12_site-packages_PyQt6_Qt6_qml_QtQuick --> node_venv_lib_python3_12_site-packages_PyQt6_Qt6_qml_QtQuick_Controls["Controls"]\n    node_venv_lib_python3_12_site-packages_PyQt6_Qt6_qml_QtQuick_Controls --> node_venv_lib_python3_12_site-packages_PyQt6_Qt6_qml_QtQuick_Controls_FluentWinUI3["FluentWinUI3"]\n    node_venv_lib_python3_12_site-packages_PyQt6_Qt6_qml_QtQuick_Controls_FluentWinUI3 --> node_venv_lib_python3_12_site-packages_PyQt6_Qt6_qml_QtQuick_Controls_FluentWinUI3_light["light"]\n    node_venv_lib_python3_12_site-packages_PyQt6_Qt6_qml_QtQuick_Controls_FluentWinUI3_light --> node_venv_lib_python3_12_site-packages_PyQt6_Qt6_qml_QtQuick_Controls_FluentWinUI3_light_images["images"]\n    node_venv_lib_python3_12_site-packages_PyQt6_Qt6_qml_QtQuick_Controls_FluentWinUI3_light_images --> node_venv_lib_python3_12_site-packages_PyQt6_Qt6_qml_QtQuick_Controls_FluentWinUI3_light_images_spinbox-indicator-down-icon-up-pressed@3x_png["spinbox-indicator-down-icon-up-pressed@3x.png"]\n    Root --> node_venv["venv"]\n    node_venv --> node_venv_lib["lib"]\n    node_venv_lib --> node_venv_lib_python3_12["python3.12"]\n    node_venv_lib_python3_12 --> node_venv_lib_python3_12_site-packages["site-packages"]\n    node_venv_lib_python3_12_site-packages --> node_venv_lib_python3_12_site-packages_PyQt6["PyQt6"]\n    node_venv_lib_python3_12_site-packages_PyQt6 --> node_venv_lib_python3_12_site-packages_PyQt6_Qt6["Qt6"]\n    node_venv_lib_python3_12_site-packages_PyQt6_Qt6 --> node_venv_lib_python3_12_site-packages_PyQt6_Qt6_qml["qml"]\n    node_venv_lib_python3_12_site-packages_PyQt6_Qt6_qml --> node_venv_lib_python3_12_site-packages_PyQt6_Qt6_qml_QtQuick["QtQuick"]\n    node_venv_lib_python3_12_site-packages_PyQt6_Qt6_qml_QtQuick --> node_venv_lib_python3_12_site-packages_PyQt6_Qt6_qml_QtQuick_Controls["Controls"]\n    node_venv_lib_python3_12_site-packages_PyQt6_Qt6_qml_QtQuick_Controls --> node_venv_lib_python3_12_site-packages_PyQt6_Qt6_qml_QtQuick_Controls_FluentWinUI3["FluentWinUI3"]\n    node_venv_lib_python3_12_site-packages_PyQt6_Qt6_qml_QtQuick_Controls_FluentWinUI3 --> node_venv_lib_python3_12_site-packages_PyQt6_Qt6_qml_QtQuick_Controls_FluentWinUI3_light["light"]\n    node_venv_lib_python3_12_site-packages_PyQt6_Qt6_qml_QtQuick_Controls_FluentWinUI3_light --> node_venv_lib_python3_12_site-packages_PyQt6_Qt6_qml_QtQuick_Controls_FluentWinUI3_light_images["images"]\n    node_venv_lib_python3_12_site-packages_PyQt6_Qt6_qml_QtQuick_Controls_FluentWinUI3_light_images --> node_venv_lib_python3_12_site-packages_PyQt6_Qt6_qml_QtQuick_Controls_FluentWinUI3_light_images_spinbox-indicator-down-icon_png["spinbox-indicator-down-icon.png"]\n    Root --> node_venv["venv"]\n    node_venv --> node_venv_lib["lib"]\n    node_venv_lib --> node_venv_lib_python3_12["python3.12"]\n    node_venv_lib_python3_12 --> node_venv_lib_python3_12_site-packages["site-packages"]\n    node_venv_lib_python3_12_site-packages --> node_venv_lib_python3_12_site-packages_PyQt6["PyQt6"]\n    node_venv_lib_python3_12_site-packages_PyQt6 --> node_venv_lib_python3_12_site-packages_PyQt6_Qt6["Qt6"]\n    node_venv_lib_python3_12_site-packages_PyQt6_Qt6 --> node_venv_lib_python3_12_site-packages_PyQt6_Qt6_qml["qml"]\n    node_venv_lib_python3_12_site-packages_PyQt6_Qt6_qml --> node_venv_lib_python3_12_site-packages_PyQt6_Qt6_qml_QtQuick["QtQuick"]\n    node_venv_lib_python3_12_site-packages_PyQt6_Qt6_qml_QtQuick --> node_venv_lib_python3_12_site-packages_PyQt6_Qt6_qml_QtQuick_Controls["Controls"]\n    node_venv_lib_python3_12_site-packages_PyQt6_Qt6_qml_QtQuick_Controls --> node_venv_lib_python3_12_site-packages_PyQt6_Qt6_qml_QtQuick_Controls_FluentWinUI3["FluentWinUI3"]\n    node_venv_lib_python3_12_site-packages_PyQt6_Qt6_qml_QtQuick_Controls_FluentWinUI3 --> node_venv_lib_python3_12_site-packages_PyQt6_Qt6_qml_QtQuick_Controls_FluentWinUI3_light["light"]\n    node_venv_lib_python3_12_site-packages_PyQt6_Qt6_qml_QtQuick_Controls_FluentWinUI3_light --> node_venv_lib_python3_12_site-packages_PyQt6_Qt6_qml_QtQuick_Controls_FluentWinUI3_light_images["images"]\n    node_venv_lib_python3_12_site-packages_PyQt6_Qt6_qml_QtQuick_Controls_FluentWinUI3_light_images --> node_venv_lib_python3_12_site-packages_PyQt6_Qt6_qml_QtQuick_Controls_FluentWinUI3_light_images_spinbox-indicator-down-icon@2x_png["spinbox-indicator-down-icon@2x.png"]\n    Root --> node_venv["venv"]\n    node_venv --> node_venv_lib["lib"]\n    node_venv_lib --> node_venv_lib_python3_12["python3.12"]\n    node_venv_lib_python3_12 --> node_venv_lib_python3_12_site-packages["site-packages"]\n    node_venv_lib_python3_12_site-packages --> node_venv_lib_python3_12_site-packages_PyQt6["PyQt6"]\n    node_venv_lib_python3_12_site-packages_PyQt6 --> node_venv_lib_python3_12_site-packages_PyQt6_Qt6["Qt6"]\n    node_venv_lib_python3_12_site-packages_PyQt6_Qt6 --> node_venv_lib_python3_12_site-packages_PyQt6_Qt6_qml["qml"]\n    node_venv_lib_python3_12_site-packages_PyQt6_Qt6_qml --> node_venv_lib_python3_12_site-packages_PyQt6_Qt6_qml_QtQuick["QtQuick"]\n    node_venv_lib_python3_12_site-packages_PyQt6_Qt6_qml_QtQuick --> node_venv_lib_python3_12_site-packages_PyQt6_Qt6_qml_QtQuick_Controls["Controls"]\n    node_venv_lib_python3_12_site-packages_PyQt6_Qt6_qml_QtQuick_Controls --> node_venv_lib_python3_12_site-packages_PyQt6_Qt6_qml_QtQuick_Controls_FluentWinUI3["FluentWinUI3"]\n    node_venv_lib_python3_12_site-packages_PyQt6_Qt6_qml_QtQuick_Controls_FluentWinUI3 --> node_venv_lib_python3_12_site-packages_PyQt6_Qt6_qml_QtQuick_Controls_FluentWinUI3_light["light"]\n    node_venv_lib_python3_12_site-packages_PyQt6_Qt6_qml_QtQuick_Controls_FluentWinUI3_light --> node_venv_lib_python3_12_site-packages_PyQt6_Qt6_qml_QtQuick_Controls_FluentWinUI3_light_images["images"]\n    node_venv_lib_python3_12_site-packages_PyQt6_Qt6_qml_QtQuick_Controls_FluentWinUI3_light_images --> node_venv_lib_python3_12_site-packages_PyQt6_Qt6_qml_QtQuick_Controls_FluentWinUI3_light_images_spinbox-indicator-down-icon@3x_png["spinbox-indicator-down-icon@3x.png"]\n    Root --> node_venv["venv"]\n    node_venv --> node_venv_lib["lib"]\n    node_venv_lib --> node_venv_lib_python3_12["python3.12"]\n    node_venv_lib_python3_12 --> node_venv_lib_python3_12_site-packages["site-packages"]\n    node_venv_lib_python3_12_site-packages --> node_venv_lib_python3_12_site-packages_PyQt6["PyQt6"]\n    node_venv_lib_python3_12_site-packages_PyQt6 --> node_venv_lib_python3_12_site-packages_PyQt6_Qt6["Qt6"]\n    node_venv_lib_python3_12_site-packages_PyQt6_Qt6 --> node_venv_lib_python3_12_site-packages_PyQt6_Qt6_qml["qml"]\n    node_venv_lib_python3_12_site-packages_PyQt6_Qt6_qml --> node_venv_lib_python3_12_site-packages_PyQt6_Qt6_qml_QtQuick["QtQuick"]\n    node_venv_lib_python3_12_site-packages_PyQt6_Qt6_qml_QtQuick --> node_venv_lib_python3_12_site-packages_PyQt6_Qt6_qml_QtQuick_Controls["Controls"]\n    node_venv_lib_python3_12_site-packages_PyQt6_Qt6_qml_QtQuick_Controls --> node_venv_lib_python3_12_site-packages_PyQt6_Qt6_qml_QtQuick_Controls_FluentWinUI3["FluentWinUI3"]\n    node_venv_lib_python3_12_site-packages_PyQt6_Qt6_qml_QtQuick_Controls_FluentWinUI3 --> node_venv_lib_python3_12_site-packages_PyQt6_Qt6_qml_QtQuick_Controls_FluentWinUI3_light["light"]\n    node_venv_lib_python3_12_site-packages_PyQt6_Qt6_qml_QtQuick_Controls_FluentWinUI3_light --> node_venv_lib_python3_12_site-packages_PyQt6_Qt6_qml_QtQuick_Controls_FluentWinUI3_light_images["images"]\n    node_venv_lib_python3_12_site-packages_PyQt6_Qt6_qml_QtQuick_Controls_FluentWinUI3_light_images --> node_venv_lib_python3_12_site-packages_PyQt6_Qt6_qml_QtQuick_Controls_FluentWinUI3_light_images_spinbox-indicator-up-background-atlimit_png["spinbox-indicator-up-background-atlimit.png"]\n    Root --> node_venv["venv"]\n    node_venv --> node_venv_lib["lib"]\n    node_venv_lib --> node_venv_lib_python3_12["python3.12"]\n    node_venv_lib_python3_12 --> node_venv_lib_python3_12_site-packages["site-packages"]\n    node_venv_lib_python3_12_site-packages --> node_venv_lib_python3_12_site-packages_PyQt6["PyQt6"]\n    node_venv_lib_python3_12_site-packages_PyQt6 --> node_venv_lib_python3_12_site-packages_PyQt6_Qt6["Qt6"]\n    node_venv_lib_python3_12_site-packages_PyQt6_Qt6 --> node_venv_lib_python3_12_site-packages_PyQt6_Qt6_qml["qml"]\n    node_venv_lib_python3_12_site-packages_PyQt6_Qt6_qml --> node_venv_lib_python3_12_site-packages_PyQt6_Qt6_qml_QtQuick["QtQuick"]\n    node_venv_lib_python3_12_site-packages_PyQt6_Qt6_qml_QtQuick --> node_venv_lib_python3_12_site-packages_PyQt6_Qt6_qml_QtQuick_Controls["Controls"]\n    node_venv_lib_python3_12_site-packages_PyQt6_Qt6_qml_QtQuick_Controls --> node_venv_lib_python3_12_site-packages_PyQt6_Qt6_qml_QtQuick_Controls_FluentWinUI3["FluentWinUI3"]\n    node_venv_lib_python3_12_site-packages_PyQt6_Qt6_qml_QtQuick_Controls_FluentWinUI3 --> node_venv_lib_python3_12_site-packages_PyQt6_Qt6_qml_QtQuick_Controls_FluentWinUI3_light["light"]\n    node_venv_lib_python3_12_site-packages_PyQt6_Qt6_qml_QtQuick_Controls_FluentWinUI3_light --> node_venv_lib_python3_12_site-packages_PyQt6_Qt6_qml_QtQuick_Controls_FluentWinUI3_light_images["images"]\n    node_venv_lib_python3_12_site-packages_PyQt6_Qt6_qml_QtQuick_Controls_FluentWinUI3_light_images --> node_venv_lib_python3_12_site-packages_PyQt6_Qt6_qml_QtQuick_Controls_FluentWinUI3_light_images_spinbox-indicator-up-background-atlimit@2x_png["spinbox-indicator-up-background-atlimit@2x.png"]\n    Root --> node_venv["venv"]\n    node_venv --> node_venv_lib["lib"]\n    node_venv_lib --> node_venv_lib_python3_12["python3.12"]\n    node_venv_lib_python3_12 --> node_venv_lib_python3_12_site-packages["site-packages"]\n    node_venv_lib_python3_12_site-packages --> node_venv_lib_python3_12_site-packages_PyQt6["PyQt6"]\n    node_venv_lib_python3_12_site-packages_PyQt6 --> node_venv_lib_python3_12_site-packages_PyQt6_Qt6["Qt6"]\n    node_venv_lib_python3_12_site-packages_PyQt6_Qt6 --> node_venv_lib_python3_12_site-packages_PyQt6_Qt6_qml["qml"]\n    node_venv_lib_python3_12_site-packages_PyQt6_Qt6_qml --> node_venv_lib_python3_12_site-packages_PyQt6_Qt6_qml_QtQuick["QtQuick"]\n    node_venv_lib_python3_12_site-packages_PyQt6_Qt6_qml_QtQuick --> node_venv_lib_python3_12_site-packages_PyQt6_Qt6_qml_QtQuick_Controls["Controls"]\n    node_venv_lib_python3_12_site-packages_PyQt6_Qt6_qml_QtQuick_Controls --> node_venv_lib_python3_12_site-packages_PyQt6_Qt6_qml_QtQuick_Controls_FluentWinUI3["FluentWinUI3"]\n    node_venv_lib_python3_12_site-packages_PyQt6_Qt6_qml_QtQuick_Controls_FluentWinUI3 --> node_venv_lib_python3_12_site-packages_PyQt6_Qt6_qml_QtQuick_Controls_FluentWinUI3_light["light"]\n    node_venv_lib_python3_12_site-packages_PyQt6_Qt6_qml_QtQuick_Controls_FluentWinUI3_light --> node_venv_lib_python3_12_site-packages_PyQt6_Qt6_qml_QtQuick_Controls_FluentWinUI3_light_images["images"]\n    node_venv_lib_python3_12_site-packages_PyQt6_Qt6_qml_QtQuick_Controls_FluentWinUI3_light_images --> node_venv_lib_python3_12_site-packages_PyQt6_Qt6_qml_QtQuick_Controls_FluentWinUI3_light_images_spinbox-indicator-up-background-atlimit@3x_png["spinbox-indicator-up-background-atlimit@3x.png"]\n    Root --> node_venv["venv"]\n    node_venv --> node_venv_lib["lib"]\n    node_venv_lib --> node_venv_lib_python3_12["python3.12"]\n    node_venv_lib_python3_12 --> node_venv_lib_python3_12_site-packages["site-packages"]\n    node_venv_lib_python3_12_site-packages --> node_venv_lib_python3_12_site-packages_PyQt6["PyQt6"]\n    node_venv_lib_python3_12_site-packages_PyQt6 --> node_venv_lib_python3_12_site-packages_PyQt6_Qt6["Qt6"]\n    node_venv_lib_python3_12_site-packages_PyQt6_Qt6 --> node_venv_lib_python3_12_site-packages_PyQt6_Qt6_qml["qml"]\n    node_venv_lib_python3_12_site-packages_PyQt6_Qt6_qml --> node_venv_lib_python3_12_site-packages_PyQt6_Qt6_qml_QtQuick["QtQuick"]\n    node_venv_lib_python3_12_site-packages_PyQt6_Qt6_qml_QtQuick --> node_venv_lib_python3_12_site-packages_PyQt6_Qt6_qml_QtQuick_Controls["Controls"]\n    node_venv_lib_python3_12_site-packages_PyQt6_Qt6_qml_QtQuick_Controls --> node_venv_lib_python3_12_site-packages_PyQt6_Qt6_qml_QtQuick_Controls_FluentWinUI3["FluentWinUI3"]\n    node_venv_lib_python3_12_site-packages_PyQt6_Qt6_qml_QtQuick_Controls_FluentWinUI3 --> node_venv_lib_python3_12_site-packages_PyQt6_Qt6_qml_QtQuick_Controls_FluentWinUI3_light["light"]\n    node_venv_lib_python3_12_site-packages_PyQt6_Qt6_qml_QtQuick_Controls_FluentWinUI3_light --> node_venv_lib_python3_12_site-packages_PyQt6_Qt6_qml_QtQuick_Controls_FluentWinUI3_light_images["images"]\n    node_venv_lib_python3_12_site-packages_PyQt6_Qt6_qml_QtQuick_Controls_FluentWinUI3_light_images --> node_venv_lib_python3_12_site-packages_PyQt6_Qt6_qml_QtQuick_Controls_FluentWinUI3_light_images_spinbox-indicator-up-background-disabled_png["spinbox-indicator-up-background-disabled.png"]\n    Root --> node_venv["venv"]\n    node_venv --> node_venv_lib["lib"]\n    node_venv_lib --> node_venv_lib_python3_12["python3.12"]\n    node_venv_lib_python3_12 --> node_venv_lib_python3_12_site-packages["site-packages"]\n    node_venv_lib_python3_12_site-packages --> node_venv_lib_python3_12_site-packages_PyQt6["PyQt6"]\n    node_venv_lib_python3_12_site-packages_PyQt6 --> node_venv_lib_python3_12_site-packages_PyQt6_Qt6["Qt6"]\n    node_venv_lib_python3_12_site-packages_PyQt6_Qt6 --> node_venv_lib_python3_12_site-packages_PyQt6_Qt6_qml["qml"]\n    node_venv_lib_python3_12_site-packages_PyQt6_Qt6_qml --> node_venv_lib_python3_12_site-packages_PyQt6_Qt6_qml_QtQuick["QtQuick"]\n    node_venv_lib_python3_12_site-packages_PyQt6_Qt6_qml_QtQuick --> node_venv_lib_python3_12_site-packages_PyQt6_Qt6_qml_QtQuick_Controls["Controls"]\n    node_venv_lib_python3_12_site-packages_PyQt6_Qt6_qml_QtQuick_Controls --> node_venv_lib_python3_12_site-packages_PyQt6_Qt6_qml_QtQuick_Controls_FluentWinUI3["FluentWinUI3"]\n    node_venv_lib_python3_12_site-packages_PyQt6_Qt6_qml_QtQuick_Controls_FluentWinUI3 --> node_venv_lib_python3_12_site-packages_PyQt6_Qt6_qml_QtQuick_Controls_FluentWinUI3_light["light"]\n    node_venv_lib_python3_12_site-packages_PyQt6_Qt6_qml_QtQuick_Controls_FluentWinUI3_light --> node_venv_lib_python3_12_site-packages_PyQt6_Qt6_qml_QtQuick_Controls_FluentWinUI3_light_images["images"]\n    node_venv_lib_python3_12_site-packages_PyQt6_Qt6_qml_QtQuick_Controls_FluentWinUI3_light_images --> node_venv_lib_python3_12_site-packages_PyQt6_Qt6_qml_QtQuick_Controls_FluentWinUI3_light_images_spinbox-indicator-up-background-disabled@2x_png["spinbox-indicator-up-background-disabled@2x.png"]\n    Root --> node_venv["venv"]\n    node_venv --> node_venv_lib["lib"]\n    node_venv_lib --> node_venv_lib_python3_12["python3.12"]\n    node_venv_lib_python3_12 --> node_venv_lib_python3_12_site-packages["site-packages"]\n    node_venv_lib_python3_12_site-packages --> node_venv_lib_python3_12_site-packages_PyQt6["PyQt6"]\n    node_venv_lib_python3_12_site-packages_PyQt6 --> node_venv_lib_python3_12_site-packages_PyQt6_Qt6["Qt6"]\n    node_venv_lib_python3_12_site-packages_PyQt6_Qt6 --> node_venv_lib_python3_12_site-packages_PyQt6_Qt6_qml["qml"]\n    node_venv_lib_python3_12_site-packages_PyQt6_Qt6_qml --> node_venv_lib_python3_12_site-packages_PyQt6_Qt6_qml_QtQuick["QtQuick"]\n    node_venv_lib_python3_12_site-packages_PyQt6_Qt6_qml_QtQuick --> node_venv_lib_python3_12_site-packages_PyQt6_Qt6_qml_QtQuick_Controls["Controls"]\n    node_venv_lib_python3_12_site-packages_PyQt6_Qt6_qml_QtQuick_Controls --> node_venv_lib_python3_12_site-packages_PyQt6_Qt6_qml_QtQuick_Controls_FluentWinUI3["FluentWinUI3"]\n    node_venv_lib_python3_12_site-packages_PyQt6_Qt6_qml_QtQuick_Controls_FluentWinUI3 --> node_venv_lib_python3_12_site-packages_PyQt6_Qt6_qml_QtQuick_Controls_FluentWinUI3_light["light"]\n    node_venv_lib_python3_12_site-packages_PyQt6_Qt6_qml_QtQuick_Controls_FluentWinUI3_light --> node_venv_lib_python3_12_site-packages_PyQt6_Qt6_qml_QtQuick_Controls_FluentWinUI3_light_images["images"]\n    node_venv_lib_python3_12_site-packages_PyQt6_Qt6_qml_QtQuick_Controls_FluentWinUI3_light_images --> node_venv_lib_python3_12_site-packages_PyQt6_Qt6_qml_QtQuick_Controls_FluentWinUI3_light_images_spinbox-indicator-up-background-disabled@3x_png["spinbox-indicator-up-background-disabled@3x.png"]\n    Root --> node_venv["venv"]\n    node_venv --> node_venv_lib["lib"]\n    node_venv_lib --> node_venv_lib_python3_12["python3.12"]\n    node_venv_lib_python3_12 --> node_venv_lib_python3_12_site-packages["site-packages"]\n    node_venv_lib_python3_12_site-packages --> node_venv_lib_python3_12_site-packages_PyQt6["PyQt6"]\n    node_venv_lib_python3_12_site-packages_PyQt6 --> node_venv_lib_python3_12_site-packages_PyQt6_Qt6["Qt6"]\n    node_venv_lib_python3_12_site-packages_PyQt6_Qt6 --> node_venv_lib_python3_12_site-packages_PyQt6_Qt6_qml["qml"]\n    node_venv_lib_python3_12_site-packages_PyQt6_Qt6_qml --> node_venv_lib_python3_12_site-packages_PyQt6_Qt6_qml_QtQuick["QtQuick"]\n    node_venv_lib_python3_12_site-packages_PyQt6_Qt6_qml_QtQuick --> node_venv_lib_python3_12_site-packages_PyQt6_Qt6_qml_QtQuick_Controls["Controls"]\n    node_venv_lib_python3_12_site-packages_PyQt6_Qt6_qml_QtQuick_Controls --> node_venv_lib_python3_12_site-packages_PyQt6_Qt6_qml_QtQuick_Controls_FluentWinUI3["FluentWinUI3"]\n    node_venv_lib_python3_12_site-packages_PyQt6_Qt6_qml_QtQuick_Controls_FluentWinUI3 --> node_venv_lib_python3_12_site-packages_PyQt6_Qt6_qml_QtQuick_Controls_FluentWinUI3_light["light"]\n    node_venv_lib_python3_12_site-packages_PyQt6_Qt6_qml_QtQuick_Controls_FluentWinUI3_light --> node_venv_lib_python3_12_site-packages_PyQt6_Qt6_qml_QtQuick_Controls_FluentWinUI3_light_images["images"]\n    node_venv_lib_python3_12_site-packages_PyQt6_Qt6_qml_QtQuick_Controls_FluentWinUI3_light_images --> node_venv_lib_python3_12_site-packages_PyQt6_Qt6_qml_QtQuick_Controls_FluentWinUI3_light_images_spinbox-indicator-up-background-down-hovered_png["spinbox-indicator-up-background-down-hovered.png"]\n    Root --> node_venv["venv"]\n    node_venv --> node_venv_lib["lib"]\n    node_venv_lib --> node_venv_lib_python3_12["python3.12"]\n    node_venv_lib_python3_12 --> node_venv_lib_python3_12_site-packages["site-packages"]\n    node_venv_lib_python3_12_site-packages --> node_venv_lib_python3_12_site-packages_PyQt6["PyQt6"]\n    node_venv_lib_python3_12_site-packages_PyQt6 --> node_venv_lib_python3_12_site-packages_PyQt6_Qt6["Qt6"]\n    node_venv_lib_python3_12_site-packages_PyQt6_Qt6 --> node_venv_lib_python3_12_site-packages_PyQt6_Qt6_qml["qml"]\n    node_venv_lib_python3_12_site-packages_PyQt6_Qt6_qml --> node_venv_lib_python3_12_site-packages_PyQt6_Qt6_qml_QtQuick["QtQuick"]\n    node_venv_lib_python3_12_site-packages_PyQt6_Qt6_qml_QtQuick --> node_venv_lib_python3_12_site-packages_PyQt6_Qt6_qml_QtQuick_Controls["Controls"]\n    node_venv_lib_python3_12_site-packages_PyQt6_Qt6_qml_QtQuick_Controls --> node_venv_lib_python3_12_site-packages_PyQt6_Qt6_qml_QtQuick_Controls_FluentWinUI3["FluentWinUI3"]\n    node_venv_lib_python3_12_site-packages_PyQt6_Qt6_qml_QtQuick_Controls_FluentWinUI3 --> node_venv_lib_python3_12_site-packages_PyQt6_Qt6_qml_QtQuick_Controls_FluentWinUI3_light["light"]\n    node_venv_lib_python3_12_site-packages_PyQt6_Qt6_qml_QtQuick_Controls_FluentWinUI3_light --> node_venv_lib_python3_12_site-packages_PyQt6_Qt6_qml_QtQuick_Controls_FluentWinUI3_light_images["images"]\n    node_venv_lib_python3_12_site-packages_PyQt6_Qt6_qml_QtQuick_Controls_FluentWinUI3_light_images --> node_venv_lib_python3_12_site-packages_PyQt6_Qt6_qml_QtQuick_Controls_FluentWinUI3_light_images_spinbox-indicator-up-background-down-hovered@2x_png["spinbox-indicator-up-background-down-hovered@2x.png"]\n    Root --> node_venv["venv"]\n    node_venv --> node_venv_lib["lib"]\n    node_venv_lib --> node_venv_lib_python3_12["python3.12"]\n    node_venv_lib_python3_12 --> node_venv_lib_python3_12_site-packages["site-packages"]\n    node_venv_lib_python3_12_site-packages --> node_venv_lib_python3_12_site-packages_PyQt6["PyQt6"]\n    node_venv_lib_python3_12_site-packages_PyQt6 --> node_venv_lib_python3_12_site-packages_PyQt6_Qt6["Qt6"]\n    node_venv_lib_python3_12_site-packages_PyQt6_Qt6 --> node_venv_lib_python3_12_site-packages_PyQt6_Qt6_qml["qml"]\n    node_venv_lib_python3_12_site-packages_PyQt6_Qt6_qml --> node_venv_lib_python3_12_site-packages_PyQt6_Qt6_qml_QtQuick["QtQuick"]\n    node_venv_lib_python3_12_site-packages_PyQt6_Qt6_qml_QtQuick --> node_venv_lib_python3_12_site-packages_PyQt6_Qt6_qml_QtQuick_Controls["Controls"]\n    node_venv_lib_python3_12_site-packages_PyQt6_Qt6_qml_QtQuick_Controls --> node_venv_lib_python3_12_site-packages_PyQt6_Qt6_qml_QtQuick_Controls_FluentWinUI3["FluentWinUI3"]\n    node_venv_lib_python3_12_site-packages_PyQt6_Qt6_qml_QtQuick_Controls_FluentWinUI3 --> node_venv_lib_python3_12_site-packages_PyQt6_Qt6_qml_QtQuick_Controls_FluentWinUI3_light["light"]\n    node_venv_lib_python3_12_site-packages_PyQt6_Qt6_qml_QtQuick_Controls_FluentWinUI3_light --> node_venv_lib_python3_12_site-packages_PyQt6_Qt6_qml_QtQuick_Controls_FluentWinUI3_light_images["images"]\n    node_venv_lib_python3_12_site-packages_PyQt6_Qt6_qml_QtQuick_Controls_FluentWinUI3_light_images --> node_venv_lib_python3_12_site-packages_PyQt6_Qt6_qml_QtQuick_Controls_FluentWinUI3_light_images_spinbox-indicator-up-background-down-hovered@3x_png["spinbox-indicator-up-background-down-hovered@3x.png"]\n    Root --> node_venv["venv"]\n    node_venv --> node_venv_lib["lib"]\n    node_venv_lib --> node_venv_lib_python3_12["python3.12"]\n    node_venv_lib_python3_12 --> node_venv_lib_python3_12_site-packages["site-packages"]\n    node_venv_lib_python3_12_site-packages --> node_venv_lib_python3_12_site-packages_PyQt6["PyQt6"]\n    node_venv_lib_python3_12_site-packages_PyQt6 --> node_venv_lib_python3_12_site-packages_PyQt6_Qt6["Qt6"]\n    node_venv_lib_python3_12_site-packages_PyQt6_Qt6 --> node_venv_lib_python3_12_site-packages_PyQt6_Qt6_qml["qml"]\n    node_venv_lib_python3_12_site-packages_PyQt6_Qt6_qml --> node_venv_lib_python3_12_site-packages_PyQt6_Qt6_qml_QtQuick["QtQuick"]\n    node_venv_lib_python3_12_site-packages_PyQt6_Qt6_qml_QtQuick --> node_venv_lib_python3_12_site-packages_PyQt6_Qt6_qml_QtQuick_Controls["Controls"]\n    node_venv_lib_python3_12_site-packages_PyQt6_Qt6_qml_QtQuick_Controls --> node_venv_lib_python3_12_site-packages_PyQt6_Qt6_qml_QtQuick_Controls_FluentWinUI3["FluentWinUI3"]\n    node_venv_lib_python3_12_site-packages_PyQt6_Qt6_qml_QtQuick_Controls_FluentWinUI3 --> node_venv_lib_python3_12_site-packages_PyQt6_Qt6_qml_QtQuick_Controls_FluentWinUI3_light["light"]\n    node_venv_lib_python3_12_site-packages_PyQt6_Qt6_qml_QtQuick_Controls_FluentWinUI3_light --> node_venv_lib_python3_12_site-packages_PyQt6_Qt6_qml_QtQuick_Controls_FluentWinUI3_light_images["images"]\n    node_venv_lib_python3_12_site-packages_PyQt6_Qt6_qml_QtQuick_Controls_FluentWinUI3_light_images --> node_venv_lib_python3_12_site-packages_PyQt6_Qt6_qml_QtQuick_Controls_FluentWinUI3_light_images_spinbox-indicator-up-background-down-pressed_png["spinbox-indicator-up-background-down-pressed.png"]\n    Root --> node_venv["venv"]\n    node_venv --> node_venv_lib["lib"]\n    node_venv_lib --> node_venv_lib_python3_12["python3.12"]\n    node_venv_lib_python3_12 --> node_venv_lib_python3_12_site-packages["site-packages"]\n    node_venv_lib_python3_12_site-packages --> node_venv_lib_python3_12_site-packages_PyQt6["PyQt6"]\n    node_venv_lib_python3_12_site-packages_PyQt6 --> node_venv_lib_python3_12_site-packages_PyQt6_Qt6["Qt6"]\n    node_venv_lib_python3_12_site-packages_PyQt6_Qt6 --> node_venv_lib_python3_12_site-packages_PyQt6_Qt6_qml["qml"]\n    node_venv_lib_python3_12_site-packages_PyQt6_Qt6_qml --> node_venv_lib_python3_12_site-packages_PyQt6_Qt6_qml_QtQuick["QtQuick"]\n    node_venv_lib_python3_12_site-packages_PyQt6_Qt6_qml_QtQuick --> node_venv_lib_python3_12_site-packages_PyQt6_Qt6_qml_QtQuick_Controls["Controls"]\n    node_venv_lib_python3_12_site-packages_PyQt6_Qt6_qml_QtQuick_Controls --> node_venv_lib_python3_12_site-packages_PyQt6_Qt6_qml_QtQuick_Controls_FluentWinUI3["FluentWinUI3"]\n    node_venv_lib_python3_12_site-packages_PyQt6_Qt6_qml_QtQuick_Controls_FluentWinUI3 --> node_venv_lib_python3_12_site-packages_PyQt6_Qt6_qml_QtQuick_Controls_FluentWinUI3_light["light"]\n    node_venv_lib_python3_12_site-packages_PyQt6_Qt6_qml_QtQuick_Controls_FluentWinUI3_light --> node_venv_lib_python3_12_site-packages_PyQt6_Qt6_qml_QtQuick_Controls_FluentWinUI3_light_images["images"]\n    node_venv_lib_python3_12_site-packages_PyQt6_Qt6_qml_QtQuick_Controls_FluentWinUI3_light_images --> node_venv_lib_python3_12_site-packages_PyQt6_Qt6_qml_QtQuick_Controls_FluentWinUI3_light_images_spinbox-indicator-up-background-down-pressed@2x_png["spinbox-indicator-up-background-down-pressed@2x.png"]\n    Root --> node_venv["venv"]\n    node_venv --> node_venv_lib["lib"]\n    node_venv_lib --> node_venv_lib_python3_12["python3.12"]\n    node_venv_lib_python3_12 --> node_venv_lib_python3_12_site-packages["site-packages"]\n    node_venv_lib_python3_12_site-packages --> node_venv_lib_python3_12_site-packages_PyQt6["PyQt6"]\n    node_venv_lib_python3_12_site-packages_PyQt6 --> node_venv_lib_python3_12_site-packages_PyQt6_Qt6["Qt6"]\n    node_venv_lib_python3_12_site-packages_PyQt6_Qt6 --> node_venv_lib_python3_12_site-packages_PyQt6_Qt6_qml["qml"]\n    node_venv_lib_python3_12_site-packages_PyQt6_Qt6_qml --> node_venv_lib_python3_12_site-packages_PyQt6_Qt6_qml_QtQuick["QtQuick"]\n    node_venv_lib_python3_12_site-packages_PyQt6_Qt6_qml_QtQuick --> node_venv_lib_python3_12_site-packages_PyQt6_Qt6_qml_QtQuick_Controls["Controls"]\n    node_venv_lib_python3_12_site-packages_PyQt6_Qt6_qml_QtQuick_Controls --> node_venv_lib_python3_12_site-packages_PyQt6_Qt6_qml_QtQuick_Controls_FluentWinUI3["FluentWinUI3"]\n    node_venv_lib_python3_12_site-packages_PyQt6_Qt6_qml_QtQuick_Controls_FluentWinUI3 --> node_venv_lib_python3_12_site-packages_PyQt6_Qt6_qml_QtQuick_Controls_FluentWinUI3_light["light"]\n    node_venv_lib_python3_12_site-packages_PyQt6_Qt6_qml_QtQuick_Controls_FluentWinUI3_light --> node_venv_lib_python3_12_site-packages_PyQt6_Qt6_qml_QtQuick_Controls_FluentWinUI3_light_images["images"]\n    node_venv_lib_python3_12_site-packages_PyQt6_Qt6_qml_QtQuick_Controls_FluentWinUI3_light_images --> node_venv_lib_python3_12_site-packages_PyQt6_Qt6_qml_QtQuick_Controls_FluentWinUI3_light_images_spinbox-indicator-up-background-down-pressed@3x_png["spinbox-indicator-up-background-down-pressed@3x.png"]\n    Root --> node_venv["venv"]\n    node_venv --> node_venv_lib["lib"]\n    node_venv_lib --> node_venv_lib_python3_12["python3.12"]\n    node_venv_lib_python3_12 --> node_venv_lib_python3_12_site-packages["site-packages"]\n    node_venv_lib_python3_12_site-packages --> node_venv_lib_python3_12_site-packages_PyQt6["PyQt6"]\n    node_venv_lib_python3_12_site-packages_PyQt6 --> node_venv_lib_python3_12_site-packages_PyQt6_Qt6["Qt6"]\n    node_venv_lib_python3_12_site-packages_PyQt6_Qt6 --> node_venv_lib_python3_12_site-packages_PyQt6_Qt6_qml["qml"]\n    node_venv_lib_python3_12_site-packages_PyQt6_Qt6_qml --> node_venv_lib_python3_12_site-packages_PyQt6_Qt6_qml_QtQuick["QtQuick"]\n    node_venv_lib_python3_12_site-packages_PyQt6_Qt6_qml_QtQuick --> node_venv_lib_python3_12_site-packages_PyQt6_Qt6_qml_QtQuick_Controls["Controls"]\n    node_venv_lib_python3_12_site-packages_PyQt6_Qt6_qml_QtQuick_Controls --> node_venv_lib_python3_12_site-packages_PyQt6_Qt6_qml_QtQuick_Controls_FluentWinUI3["FluentWinUI3"]\n    node_venv_lib_python3_12_site-packages_PyQt6_Qt6_qml_QtQuick_Controls_FluentWinUI3 --> node_venv_lib_python3_12_site-packages_PyQt6_Qt6_qml_QtQuick_Controls_FluentWinUI3_light["light"]\n    node_venv_lib_python3_12_site-packages_PyQt6_Qt6_qml_QtQuick_Controls_FluentWinUI3_light --> node_venv_lib_python3_12_site-packages_PyQt6_Qt6_qml_QtQuick_Controls_FluentWinUI3_light_images["images"]\n    node_venv_lib_python3_12_site-packages_PyQt6_Qt6_qml_QtQuick_Controls_FluentWinUI3_light_images --> node_venv_lib_python3_12_site-packages_PyQt6_Qt6_qml_QtQuick_Controls_FluentWinUI3_light_images_spinbox-indicator-up-background-hovered_png["spinbox-indicator-up-background-hovered.png"]\n    Root --> node_venv["venv"]\n    node_venv --> node_venv_lib["lib"]\n    node_venv_lib --> node_venv_lib_python3_12["python3.12"]\n    node_venv_lib_python3_12 --> node_venv_lib_python3_12_site-packages["site-packages"]\n    node_venv_lib_python3_12_site-packages --> node_venv_lib_python3_12_site-packages_PyQt6["PyQt6"]\n    node_venv_lib_python3_12_site-packages_PyQt6 --> node_venv_lib_python3_12_site-packages_PyQt6_Qt6["Qt6"]\n    node_venv_lib_python3_12_site-packages_PyQt6_Qt6 --> node_venv_lib_python3_12_site-packages_PyQt6_Qt6_qml["qml"]\n    node_venv_lib_python3_12_site-packages_PyQt6_Qt6_qml --> node_venv_lib_python3_12_site-packages_PyQt6_Qt6_qml_QtQuick["QtQuick"]\n    node_venv_lib_python3_12_site-packages_PyQt6_Qt6_qml_QtQuick --> node_venv_lib_python3_12_site-packages_PyQt6_Qt6_qml_QtQuick_Controls["Controls"]\n    node_venv_lib_python3_12_site-packages_PyQt6_Qt6_qml_QtQuick_Controls --> node_venv_lib_python3_12_site-packages_PyQt6_Qt6_qml_QtQuick_Controls_FluentWinUI3["FluentWinUI3"]\n    node_venv_lib_python3_12_site-packages_PyQt6_Qt6_qml_QtQuick_Controls_FluentWinUI3 --> node_venv_lib_python3_12_site-packages_PyQt6_Qt6_qml_QtQuick_Controls_FluentWinUI3_light["light"]\n    node_venv_lib_python3_12_site-packages_PyQt6_Qt6_qml_QtQuick_Controls_FluentWinUI3_light --> node_venv_lib_python3_12_site-packages_PyQt6_Qt6_qml_QtQuick_Controls_FluentWinUI3_light_images["images"]\n    node_venv_lib_python3_12_site-packages_PyQt6_Qt6_qml_QtQuick_Controls_FluentWinUI3_light_images --> node_venv_lib_python3_12_site-packages_PyQt6_Qt6_qml_QtQuick_Controls_FluentWinUI3_light_images_spinbox-indicator-up-background-hovered@2x_png["spinbox-indicator-up-background-hovered@2x.png"]\n    Root --> node_venv["venv"]\n    node_venv --> node_venv_lib["lib"]\n    node_venv_lib --> node_venv_lib_python3_12["python3.12"]\n    node_venv_lib_python3_12 --> node_venv_lib_python3_12_site-packages["site-packages"]\n    node_venv_lib_python3_12_site-packages --> node_venv_lib_python3_12_site-packages_PyQt6["PyQt6"]\n    node_venv_lib_python3_12_site-packages_PyQt6 --> node_venv_lib_python3_12_site-packages_PyQt6_Qt6["Qt6"]\n    node_venv_lib_python3_12_site-packages_PyQt6_Qt6 --> node_venv_lib_python3_12_site-packages_PyQt6_Qt6_qml["qml"]\n    node_venv_lib_python3_12_site-packages_PyQt6_Qt6_qml --> node_venv_lib_python3_12_site-packages_PyQt6_Qt6_qml_QtQuick["QtQuick"]\n    node_venv_lib_python3_12_site-packages_PyQt6_Qt6_qml_QtQuick --> node_venv_lib_python3_12_site-packages_PyQt6_Qt6_qml_QtQuick_Controls["Controls"]\n    node_venv_lib_python3_12_site-packages_PyQt6_Qt6_qml_QtQuick_Controls --> node_venv_lib_python3_12_site-packages_PyQt6_Qt6_qml_QtQuick_Controls_FluentWinUI3["FluentWinUI3"]\n    node_venv_lib_python3_12_site-packages_PyQt6_Qt6_qml_QtQuick_Controls_FluentWinUI3 --> node_venv_lib_python3_12_site-packages_PyQt6_Qt6_qml_QtQuick_Controls_FluentWinUI3_light["light"]\n    node_venv_lib_python3_12_site-packages_PyQt6_Qt6_qml_QtQuick_Controls_FluentWinUI3_light --> node_venv_lib_python3_12_site-packages_PyQt6_Qt6_qml_QtQuick_Controls_FluentWinUI3_light_images["images"]\n    node_venv_lib_python3_12_site-packages_PyQt6_Qt6_qml_QtQuick_Controls_FluentWinUI3_light_images --> node_venv_lib_python3_12_site-packages_PyQt6_Qt6_qml_QtQuick_Controls_FluentWinUI3_light_images_spinbox-indicator-up-background-hovered@3x_png["spinbox-indicator-up-background-hovered@3x.png"]\n    Root --> node_venv["venv"]\n    node_venv --> node_venv_lib["lib"]\n    node_venv_lib --> node_venv_lib_python3_12["python3.12"]\n    node_venv_lib_python3_12 --> node_venv_lib_python3_12_site-packages["site-packages"]\n    node_venv_lib_python3_12_site-packages --> node_venv_lib_python3_12_site-packages_PyQt6["PyQt6"]\n    node_venv_lib_python3_12_site-packages_PyQt6 --> node_venv_lib_python3_12_site-packages_PyQt6_Qt6["Qt6"]\n    node_venv_lib_python3_12_site-packages_PyQt6_Qt6 --> node_venv_lib_python3_12_site-packages_PyQt6_Qt6_qml["qml"]\n    node_venv_lib_python3_12_site-packages_PyQt6_Qt6_qml --> node_venv_lib_python3_12_site-packages_PyQt6_Qt6_qml_QtQuick["QtQuick"]\n    node_venv_lib_python3_12_site-packages_PyQt6_Qt6_qml_QtQuick --> node_venv_lib_python3_12_site-packages_PyQt6_Qt6_qml_QtQuick_Controls["Controls"]\n    node_venv_lib_python3_12_site-packages_PyQt6_Qt6_qml_QtQuick_Controls --> node_venv_lib_python3_12_site-packages_PyQt6_Qt6_qml_QtQuick_Controls_FluentWinUI3["FluentWinUI3"]\n    node_venv_lib_python3_12_site-packages_PyQt6_Qt6_qml_QtQuick_Controls_FluentWinUI3 --> node_venv_lib_python3_12_site-packages_PyQt6_Qt6_qml_QtQuick_Controls_FluentWinUI3_light["light"]\n    node_venv_lib_python3_12_site-packages_PyQt6_Qt6_qml_QtQuick_Controls_FluentWinUI3_light --> node_venv_lib_python3_12_site-packages_PyQt6_Qt6_qml_QtQuick_Controls_FluentWinUI3_light_images["images"]\n    node_venv_lib_python3_12_site-packages_PyQt6_Qt6_qml_QtQuick_Controls_FluentWinUI3_light_images --> node_venv_lib_python3_12_site-packages_PyQt6_Qt6_qml_QtQuick_Controls_FluentWinUI3_light_images_spinbox-indicator-up-background-up-hovered_png["spinbox-indicator-up-background-up-hovered.png"]\n    Root --> node_venv["venv"]\n    node_venv --> node_venv_lib["lib"]\n    node_venv_lib --> node_venv_lib_python3_12["python3.12"]\n    node_venv_lib_python3_12 --> node_venv_lib_python3_12_site-packages["site-packages"]\n    node_venv_lib_python3_12_site-packages --> node_venv_lib_python3_12_site-packages_PyQt6["PyQt6"]\n    node_venv_lib_python3_12_site-packages_PyQt6 --> node_venv_lib_python3_12_site-packages_PyQt6_Qt6["Qt6"]\n    node_venv_lib_python3_12_site-packages_PyQt6_Qt6 --> node_venv_lib_python3_12_site-packages_PyQt6_Qt6_qml["qml"]\n    node_venv_lib_python3_12_site-packages_PyQt6_Qt6_qml --> node_venv_lib_python3_12_site-packages_PyQt6_Qt6_qml_QtQuick["QtQuick"]\n    node_venv_lib_python3_12_site-packages_PyQt6_Qt6_qml_QtQuick --> node_venv_lib_python3_12_site-packages_PyQt6_Qt6_qml_QtQuick_Controls["Controls"]\n    node_venv_lib_python3_12_site-packages_PyQt6_Qt6_qml_QtQuick_Controls --> node_venv_lib_python3_12_site-packages_PyQt6_Qt6_qml_QtQuick_Controls_FluentWinUI3["FluentWinUI3"]\n    node_venv_lib_python3_12_site-packages_PyQt6_Qt6_qml_QtQuick_Controls_FluentWinUI3 --> node_venv_lib_python3_12_site-packages_PyQt6_Qt6_qml_QtQuick_Controls_FluentWinUI3_light["light"]\n    node_venv_lib_python3_12_site-packages_PyQt6_Qt6_qml_QtQuick_Controls_FluentWinUI3_light --> node_venv_lib_python3_12_site-packages_PyQt6_Qt6_qml_QtQuick_Controls_FluentWinUI3_light_images["images"]\n    node_venv_lib_python3_12_site-packages_PyQt6_Qt6_qml_QtQuick_Controls_FluentWinUI3_light_images --> node_venv_lib_python3_12_site-packages_PyQt6_Qt6_qml_QtQuick_Controls_FluentWinUI3_light_images_spinbox-indicator-up-background-up-hovered@2x_png["spinbox-indicator-up-background-up-hovered@2x.png"]\n    Root --> node_venv["venv"]\n    node_venv --> node_venv_lib["lib"]\n    node_venv_lib --> node_venv_lib_python3_12["python3.12"]\n    node_venv_lib_python3_12 --> node_venv_lib_python3_12_site-packages["site-packages"]\n    node_venv_lib_python3_12_site-packages --> node_venv_lib_python3_12_site-packages_PyQt6["PyQt6"]\n    node_venv_lib_python3_12_site-packages_PyQt6 --> node_venv_lib_python3_12_site-packages_PyQt6_Qt6["Qt6"]\n    node_venv_lib_python3_12_site-packages_PyQt6_Qt6 --> node_venv_lib_python3_12_site-packages_PyQt6_Qt6_qml["qml"]\n    node_venv_lib_python3_12_site-packages_PyQt6_Qt6_qml --> node_venv_lib_python3_12_site-packages_PyQt6_Qt6_qml_QtQuick["QtQuick"]\n    node_venv_lib_python3_12_site-packages_PyQt6_Qt6_qml_QtQuick --> node_venv_lib_python3_12_site-packages_PyQt6_Qt6_qml_QtQuick_Controls["Controls"]\n    node_venv_lib_python3_12_site-packages_PyQt6_Qt6_qml_QtQuick_Controls --> node_venv_lib_python3_12_site-packages_PyQt6_Qt6_qml_QtQuick_Controls_FluentWinUI3["FluentWinUI3"]\n    node_venv_lib_python3_12_site-packages_PyQt6_Qt6_qml_QtQuick_Controls_FluentWinUI3 --> node_venv_lib_python3_12_site-packages_PyQt6_Qt6_qml_QtQuick_Controls_FluentWinUI3_light["light"]\n    node_venv_lib_python3_12_site-packages_PyQt6_Qt6_qml_QtQuick_Controls_FluentWinUI3_light --> node_venv_lib_python3_12_site-packages_PyQt6_Qt6_qml_QtQuick_Controls_FluentWinUI3_light_images["images"]\n    node_venv_lib_python3_12_site-packages_PyQt6_Qt6_qml_QtQuick_Controls_FluentWinUI3_light_images --> node_venv_lib_python3_12_site-packages_PyQt6_Qt6_qml_QtQuick_Controls_FluentWinUI3_light_images_spinbox-indicator-up-background-up-hovered@3x_png["spinbox-indicator-up-background-up-hovered@3x.png"]\n    Root --> node_venv["venv"]\n    node_venv --> node_venv_lib["lib"]\n    node_venv_lib --> node_venv_lib_python3_12["python3.12"]\n    node_venv_lib_python3_12 --> node_venv_lib_python3_12_site-packages["site-packages"]\n    node_venv_lib_python3_12_site-packages --> node_venv_lib_python3_12_site-packages_PyQt6["PyQt6"]\n    node_venv_lib_python3_12_site-packages_PyQt6 --> node_venv_lib_python3_12_site-packages_PyQt6_Qt6["Qt6"]\n    node_venv_lib_python3_12_site-packages_PyQt6_Qt6 --> node_venv_lib_python3_12_site-packages_PyQt6_Qt6_qml["qml"]\n    node_venv_lib_python3_12_site-packages_PyQt6_Qt6_qml --> node_venv_lib_python3_12_site-packages_PyQt6_Qt6_qml_QtQuick["QtQuick"]\n    node_venv_lib_python3_12_site-packages_PyQt6_Qt6_qml_QtQuick --> node_venv_lib_python3_12_site-packages_PyQt6_Qt6_qml_QtQuick_Controls["Controls"]\n    node_venv_lib_python3_12_site-packages_PyQt6_Qt6_qml_QtQuick_Controls --> node_venv_lib_python3_12_site-packages_PyQt6_Qt6_qml_QtQuick_Controls_FluentWinUI3["FluentWinUI3"]\n    node_venv_lib_python3_12_site-packages_PyQt6_Qt6_qml_QtQuick_Controls_FluentWinUI3 --> node_venv_lib_python3_12_site-packages_PyQt6_Qt6_qml_QtQuick_Controls_FluentWinUI3_light["light"]\n    node_venv_lib_python3_12_site-packages_PyQt6_Qt6_qml_QtQuick_Controls_FluentWinUI3_light --> node_venv_lib_python3_12_site-packages_PyQt6_Qt6_qml_QtQuick_Controls_FluentWinUI3_light_images["images"]\n    node_venv_lib_python3_12_site-packages_PyQt6_Qt6_qml_QtQuick_Controls_FluentWinUI3_light_images --> node_venv_lib_python3_12_site-packages_PyQt6_Qt6_qml_QtQuick_Controls_FluentWinUI3_light_images_spinbox-indicator-up-background-up-pressed_png["spinbox-indicator-up-background-up-pressed.png"]\n    Root --> node_venv["venv"]\n    node_venv --> node_venv_lib["lib"]\n    node_venv_lib --> node_venv_lib_python3_12["python3.12"]\n    node_venv_lib_python3_12 --> node_venv_lib_python3_12_site-packages["site-packages"]\n    node_venv_lib_python3_12_site-packages --> node_venv_lib_python3_12_site-packages_PyQt6["PyQt6"]\n    node_venv_lib_python3_12_site-packages_PyQt6 --> node_venv_lib_python3_12_site-packages_PyQt6_Qt6["Qt6"]\n    node_venv_lib_python3_12_site-packages_PyQt6_Qt6 --> node_venv_lib_python3_12_site-packages_PyQt6_Qt6_qml["qml"]\n    node_venv_lib_python3_12_site-packages_PyQt6_Qt6_qml --> node_venv_lib_python3_12_site-packages_PyQt6_Qt6_qml_QtQuick["QtQuick"]\n    node_venv_lib_python3_12_site-packages_PyQt6_Qt6_qml_QtQuick --> node_venv_lib_python3_12_site-packages_PyQt6_Qt6_qml_QtQuick_Controls["Controls"]\n    node_venv_lib_python3_12_site-packages_PyQt6_Qt6_qml_QtQuick_Controls --> node_venv_lib_python3_12_site-packages_PyQt6_Qt6_qml_QtQuick_Controls_FluentWinUI3["FluentWinUI3"]\n    node_venv_lib_python3_12_site-packages_PyQt6_Qt6_qml_QtQuick_Controls_FluentWinUI3 --> node_venv_lib_python3_12_site-packages_PyQt6_Qt6_qml_QtQuick_Controls_FluentWinUI3_light["light"]\n    node_venv_lib_python3_12_site-packages_PyQt6_Qt6_qml_QtQuick_Controls_FluentWinUI3_light --> node_venv_lib_python3_12_site-packages_PyQt6_Qt6_qml_QtQuick_Controls_FluentWinUI3_light_images["images"]\n    node_venv_lib_python3_12_site-packages_PyQt6_Qt6_qml_QtQuick_Controls_FluentWinUI3_light_images --> node_venv_lib_python3_12_site-packages_PyQt6_Qt6_qml_QtQuick_Controls_FluentWinUI3_light_images_spinbox-indicator-up-background-up-pressed@2x_png["spinbox-indicator-up-background-up-pressed@2x.png"]\n    Root --> node_venv["venv"]\n    node_venv --> node_venv_lib["lib"]\n    node_venv_lib --> node_venv_lib_python3_12["python3.12"]\n    node_venv_lib_python3_12 --> node_venv_lib_python3_12_site-packages["site-packages"]\n    node_venv_lib_python3_12_site-packages --> node_venv_lib_python3_12_site-packages_PyQt6["PyQt6"]\n    node_venv_lib_python3_12_site-packages_PyQt6 --> node_venv_lib_python3_12_site-packages_PyQt6_Qt6["Qt6"]\n    node_venv_lib_python3_12_site-packages_PyQt6_Qt6 --> node_venv_lib_python3_12_site-packages_PyQt6_Qt6_qml["qml"]\n    node_venv_lib_python3_12_site-packages_PyQt6_Qt6_qml --> node_venv_lib_python3_12_site-packages_PyQt6_Qt6_qml_QtQuick["QtQuick"]\n    node_venv_lib_python3_12_site-packages_PyQt6_Qt6_qml_QtQuick --> node_venv_lib_python3_12_site-packages_PyQt6_Qt6_qml_QtQuick_Controls["Controls"]\n    node_venv_lib_python3_12_site-packages_PyQt6_Qt6_qml_QtQuick_Controls --> node_venv_lib_python3_12_site-packages_PyQt6_Qt6_qml_QtQuick_Controls_FluentWinUI3["FluentWinUI3"]\n    node_venv_lib_python3_12_site-packages_PyQt6_Qt6_qml_QtQuick_Controls_FluentWinUI3 --> node_venv_lib_python3_12_site-packages_PyQt6_Qt6_qml_QtQuick_Controls_FluentWinUI3_light["light"]\n    node_venv_lib_python3_12_site-packages_PyQt6_Qt6_qml_QtQuick_Controls_FluentWinUI3_light --> node_venv_lib_python3_12_site-packages_PyQt6_Qt6_qml_QtQuick_Controls_FluentWinUI3_light_images["images"]\n    node_venv_lib_python3_12_site-packages_PyQt6_Qt6_qml_QtQuick_Controls_FluentWinUI3_light_images --> node_venv_lib_python3_12_site-packages_PyQt6_Qt6_qml_QtQuick_Controls_FluentWinUI3_light_images_spinbox-indicator-up-background-up-pressed@3x_png["spinbox-indicator-up-background-up-pressed@3x.png"]\n    Root --> node_venv["venv"]\n    node_venv --> node_venv_lib["lib"]\n    node_venv_lib --> node_venv_lib_python3_12["python3.12"]\n    node_venv_lib_python3_12 --> node_venv_lib_python3_12_site-packages["site-packages"]\n    node_venv_lib_python3_12_site-packages --> node_venv_lib_python3_12_site-packages_PyQt6["PyQt6"]\n    node_venv_lib_python3_12_site-packages_PyQt6 --> node_venv_lib_python3_12_site-packages_PyQt6_Qt6["Qt6"]\n    node_venv_lib_python3_12_site-packages_PyQt6_Qt6 --> node_venv_lib_python3_12_site-packages_PyQt6_Qt6_qml["qml"]\n    node_venv_lib_python3_12_site-packages_PyQt6_Qt6_qml --> node_venv_lib_python3_12_site-packages_PyQt6_Qt6_qml_QtQuick["QtQuick"]\n    node_venv_lib_python3_12_site-packages_PyQt6_Qt6_qml_QtQuick --> node_venv_lib_python3_12_site-packages_PyQt6_Qt6_qml_QtQuick_Controls["Controls"]\n    node_venv_lib_python3_12_site-packages_PyQt6_Qt6_qml_QtQuick_Controls --> node_venv_lib_python3_12_site-packages_PyQt6_Qt6_qml_QtQuick_Controls_FluentWinUI3["FluentWinUI3"]\n    node_venv_lib_python3_12_site-packages_PyQt6_Qt6_qml_QtQuick_Controls_FluentWinUI3 --> node_venv_lib_python3_12_site-packages_PyQt6_Qt6_qml_QtQuick_Controls_FluentWinUI3_light["light"]\n    node_venv_lib_python3_12_site-packages_PyQt6_Qt6_qml_QtQuick_Controls_FluentWinUI3_light --> node_venv_lib_python3_12_site-packages_PyQt6_Qt6_qml_QtQuick_Controls_FluentWinUI3_light_images["images"]\n    node_venv_lib_python3_12_site-packages_PyQt6_Qt6_qml_QtQuick_Controls_FluentWinUI3_light_images --> node_venv_lib_python3_12_site-packages_PyQt6_Qt6_qml_QtQuick_Controls_FluentWinUI3_light_images_spinbox-indicator-up-background_png["spinbox-indicator-up-background.png"]\n    Root --> node_venv["venv"]\n    node_venv --> node_venv_lib["lib"]\n    node_venv_lib --> node_venv_lib_python3_12["python3.12"]\n    node_venv_lib_python3_12 --> node_venv_lib_python3_12_site-packages["site-packages"]\n    node_venv_lib_python3_12_site-packages --> node_venv_lib_python3_12_site-packages_PyQt6["PyQt6"]\n    node_venv_lib_python3_12_site-packages_PyQt6 --> node_venv_lib_python3_12_site-packages_PyQt6_Qt6["Qt6"]\n    node_venv_lib_python3_12_site-packages_PyQt6_Qt6 --> node_venv_lib_python3_12_site-packages_PyQt6_Qt6_qml["qml"]\n    node_venv_lib_python3_12_site-packages_PyQt6_Qt6_qml --> node_venv_lib_python3_12_site-packages_PyQt6_Qt6_qml_QtQuick["QtQuick"]\n    node_venv_lib_python3_12_site-packages_PyQt6_Qt6_qml_QtQuick --> node_venv_lib_python3_12_site-packages_PyQt6_Qt6_qml_QtQuick_Controls["Controls"]\n    node_venv_lib_python3_12_site-packages_PyQt6_Qt6_qml_QtQuick_Controls --> node_venv_lib_python3_12_site-packages_PyQt6_Qt6_qml_QtQuick_Controls_FluentWinUI3["FluentWinUI3"]\n    node_venv_lib_python3_12_site-packages_PyQt6_Qt6_qml_QtQuick_Controls_FluentWinUI3 --> node_venv_lib_python3_12_site-packages_PyQt6_Qt6_qml_QtQuick_Controls_FluentWinUI3_light["light"]\n    node_venv_lib_python3_12_site-packages_PyQt6_Qt6_qml_QtQuick_Controls_FluentWinUI3_light --> node_venv_lib_python3_12_site-packages_PyQt6_Qt6_qml_QtQuick_Controls_FluentWinUI3_light_images["images"]\n    node_venv_lib_python3_12_site-packages_PyQt6_Qt6_qml_QtQuick_Controls_FluentWinUI3_light_images --> node_venv_lib_python3_12_site-packages_PyQt6_Qt6_qml_QtQuick_Controls_FluentWinUI3_light_images_spinbox-indicator-up-background@2x_png["spinbox-indicator-up-background@2x.png"]\n    Root --> node_venv["venv"]\n    node_venv --> node_venv_lib["lib"]\n    node_venv_lib --> node_venv_lib_python3_12["python3.12"]\n    node_venv_lib_python3_12 --> node_venv_lib_python3_12_site-packages["site-packages"]\n    node_venv_lib_python3_12_site-packages --> node_venv_lib_python3_12_site-packages_PyQt6["PyQt6"]\n    node_venv_lib_python3_12_site-packages_PyQt6 --> node_venv_lib_python3_12_site-packages_PyQt6_Qt6["Qt6"]\n    node_venv_lib_python3_12_site-packages_PyQt6_Qt6 --> node_venv_lib_python3_12_site-packages_PyQt6_Qt6_qml["qml"]\n    node_venv_lib_python3_12_site-packages_PyQt6_Qt6_qml --> node_venv_lib_python3_12_site-packages_PyQt6_Qt6_qml_QtQuick["QtQuick"]\n    node_venv_lib_python3_12_site-packages_PyQt6_Qt6_qml_QtQuick --> node_venv_lib_python3_12_site-packages_PyQt6_Qt6_qml_QtQuick_Controls["Controls"]\n    node_venv_lib_python3_12_site-packages_PyQt6_Qt6_qml_QtQuick_Controls --> node_venv_lib_python3_12_site-packages_PyQt6_Qt6_qml_QtQuick_Controls_FluentWinUI3["FluentWinUI3"]\n    node_venv_lib_python3_12_site-packages_PyQt6_Qt6_qml_QtQuick_Controls_FluentWinUI3 --> node_venv_lib_python3_12_site-packages_PyQt6_Qt6_qml_QtQuick_Controls_FluentWinUI3_light["light"]\n    node_venv_lib_python3_12_site-packages_PyQt6_Qt6_qml_QtQuick_Controls_FluentWinUI3_light --> node_venv_lib_python3_12_site-packages_PyQt6_Qt6_qml_QtQuick_Controls_FluentWinUI3_light_images["images"]\n    node_venv_lib_python3_12_site-packages_PyQt6_Qt6_qml_QtQuick_Controls_FluentWinUI3_light_images --> node_venv_lib_python3_12_site-packages_PyQt6_Qt6_qml_QtQuick_Controls_FluentWinUI3_light_images_spinbox-indicator-up-background@3x_png["spinbox-indicator-up-background@3x.png"]\n    Root --> node_venv["venv"]\n    node_venv --> node_venv_lib["lib"]\n    node_venv_lib --> node_venv_lib_python3_12["python3.12"]\n    node_venv_lib_python3_12 --> node_venv_lib_python3_12_site-packages["site-packages"]\n    node_venv_lib_python3_12_site-packages --> node_venv_lib_python3_12_site-packages_PyQt6["PyQt6"]\n    node_venv_lib_python3_12_site-packages_PyQt6 --> node_venv_lib_python3_12_site-packages_PyQt6_Qt6["Qt6"]\n    node_venv_lib_python3_12_site-packages_PyQt6_Qt6 --> node_venv_lib_python3_12_site-packages_PyQt6_Qt6_qml["qml"]\n    node_venv_lib_python3_12_site-packages_PyQt6_Qt6_qml --> node_venv_lib_python3_12_site-packages_PyQt6_Qt6_qml_QtQuick["QtQuick"]\n    node_venv_lib_python3_12_site-packages_PyQt6_Qt6_qml_QtQuick --> node_venv_lib_python3_12_site-packages_PyQt6_Qt6_qml_QtQuick_Controls["Controls"]\n    node_venv_lib_python3_12_site-packages_PyQt6_Qt6_qml_QtQuick_Controls --> node_venv_lib_python3_12_site-packages_PyQt6_Qt6_qml_QtQuick_Controls_FluentWinUI3["FluentWinUI3"]\n    node_venv_lib_python3_12_site-packages_PyQt6_Qt6_qml_QtQuick_Controls_FluentWinUI3 --> node_venv_lib_python3_12_site-packages_PyQt6_Qt6_qml_QtQuick_Controls_FluentWinUI3_light["light"]\n    node_venv_lib_python3_12_site-packages_PyQt6_Qt6_qml_QtQuick_Controls_FluentWinUI3_light --> node_venv_lib_python3_12_site-packages_PyQt6_Qt6_qml_QtQuick_Controls_FluentWinUI3_light_images["images"]\n    node_venv_lib_python3_12_site-packages_PyQt6_Qt6_qml_QtQuick_Controls_FluentWinUI3_light_images --> node_venv_lib_python3_12_site-packages_PyQt6_Qt6_qml_QtQuick_Controls_FluentWinUI3_light_images_spinbox-indicator-up-icon-atlimit_png["spinbox-indicator-up-icon-atlimit.png"]\n    Root --> node_venv["venv"]\n    node_venv --> node_venv_lib["lib"]\n    node_venv_lib --> node_venv_lib_python3_12["python3.12"]\n    node_venv_lib_python3_12 --> node_venv_lib_python3_12_site-packages["site-packages"]\n    node_venv_lib_python3_12_site-packages --> node_venv_lib_python3_12_site-packages_PyQt6["PyQt6"]\n    node_venv_lib_python3_12_site-packages_PyQt6 --> node_venv_lib_python3_12_site-packages_PyQt6_Qt6["Qt6"]\n    node_venv_lib_python3_12_site-packages_PyQt6_Qt6 --> node_venv_lib_python3_12_site-packages_PyQt6_Qt6_qml["qml"]\n    node_venv_lib_python3_12_site-packages_PyQt6_Qt6_qml --> node_venv_lib_python3_12_site-packages_PyQt6_Qt6_qml_QtQuick["QtQuick"]\n    node_venv_lib_python3_12_site-packages_PyQt6_Qt6_qml_QtQuick --> node_venv_lib_python3_12_site-packages_PyQt6_Qt6_qml_QtQuick_Controls["Controls"]\n    node_venv_lib_python3_12_site-packages_PyQt6_Qt6_qml_QtQuick_Controls --> node_venv_lib_python3_12_site-packages_PyQt6_Qt6_qml_QtQuick_Controls_FluentWinUI3["FluentWinUI3"]\n    node_venv_lib_python3_12_site-packages_PyQt6_Qt6_qml_QtQuick_Controls_FluentWinUI3 --> node_venv_lib_python3_12_site-packages_PyQt6_Qt6_qml_QtQuick_Controls_FluentWinUI3_light["light"]\n    node_venv_lib_python3_12_site-packages_PyQt6_Qt6_qml_QtQuick_Controls_FluentWinUI3_light --> node_venv_lib_python3_12_site-packages_PyQt6_Qt6_qml_QtQuick_Controls_FluentWinUI3_light_images["images"]\n    node_venv_lib_python3_12_site-packages_PyQt6_Qt6_qml_QtQuick_Controls_FluentWinUI3_light_images --> node_venv_lib_python3_12_site-packages_PyQt6_Qt6_qml_QtQuick_Controls_FluentWinUI3_light_images_spinbox-indicator-up-icon-atlimit@2x_png["spinbox-indicator-up-icon-atlimit@2x.png"]\n    Root --> node_venv["venv"]\n    node_venv --> node_venv_lib["lib"]\n    node_venv_lib --> node_venv_lib_python3_12["python3.12"]\n    node_venv_lib_python3_12 --> node_venv_lib_python3_12_site-packages["site-packages"]\n    node_venv_lib_python3_12_site-packages --> node_venv_lib_python3_12_site-packages_PyQt6["PyQt6"]\n    node_venv_lib_python3_12_site-packages_PyQt6 --> node_venv_lib_python3_12_site-packages_PyQt6_Qt6["Qt6"]\n    node_venv_lib_python3_12_site-packages_PyQt6_Qt6 --> node_venv_lib_python3_12_site-packages_PyQt6_Qt6_qml["qml"]\n    node_venv_lib_python3_12_site-packages_PyQt6_Qt6_qml --> node_venv_lib_python3_12_site-packages_PyQt6_Qt6_qml_QtQuick["QtQuick"]\n    node_venv_lib_python3_12_site-packages_PyQt6_Qt6_qml_QtQuick --> node_venv_lib_python3_12_site-packages_PyQt6_Qt6_qml_QtQuick_Controls["Controls"]\n    node_venv_lib_python3_12_site-packages_PyQt6_Qt6_qml_QtQuick_Controls --> node_venv_lib_python3_12_site-packages_PyQt6_Qt6_qml_QtQuick_Controls_FluentWinUI3["FluentWinUI3"]\n    node_venv_lib_python3_12_site-packages_PyQt6_Qt6_qml_QtQuick_Controls_FluentWinUI3 --> node_venv_lib_python3_12_site-packages_PyQt6_Qt6_qml_QtQuick_Controls_FluentWinUI3_light["light"]\n    node_venv_lib_python3_12_site-packages_PyQt6_Qt6_qml_QtQuick_Controls_FluentWinUI3_light --> node_venv_lib_python3_12_site-packages_PyQt6_Qt6_qml_QtQuick_Controls_FluentWinUI3_light_images["images"]\n    node_venv_lib_python3_12_site-packages_PyQt6_Qt6_qml_QtQuick_Controls_FluentWinUI3_light_images --> node_venv_lib_python3_12_site-packages_PyQt6_Qt6_qml_QtQuick_Controls_FluentWinUI3_light_images_spinbox-indicator-up-icon-atlimit@3x_png["spinbox-indicator-up-icon-atlimit@3x.png"]\n    Root --> node_venv["venv"]\n    node_venv --> node_venv_lib["lib"]\n    node_venv_lib --> node_venv_lib_python3_12["python3.12"]\n    node_venv_lib_python3_12 --> node_venv_lib_python3_12_site-packages["site-packages"]\n    node_venv_lib_python3_12_site-packages --> node_venv_lib_python3_12_site-packages_PyQt6["PyQt6"]\n    node_venv_lib_python3_12_site-packages_PyQt6 --> node_venv_lib_python3_12_site-packages_PyQt6_Qt6["Qt6"]\n    node_venv_lib_python3_12_site-packages_PyQt6_Qt6 --> node_venv_lib_python3_12_site-packages_PyQt6_Qt6_qml["qml"]\n    node_venv_lib_python3_12_site-packages_PyQt6_Qt6_qml --> node_venv_lib_python3_12_site-packages_PyQt6_Qt6_qml_QtQuick["QtQuick"]\n    node_venv_lib_python3_12_site-packages_PyQt6_Qt6_qml_QtQuick --> node_venv_lib_python3_12_site-packages_PyQt6_Qt6_qml_QtQuick_Controls["Controls"]\n    node_venv_lib_python3_12_site-packages_PyQt6_Qt6_qml_QtQuick_Controls --> node_venv_lib_python3_12_site-packages_PyQt6_Qt6_qml_QtQuick_Controls_FluentWinUI3["FluentWinUI3"]\n    node_venv_lib_python3_12_site-packages_PyQt6_Qt6_qml_QtQuick_Controls_FluentWinUI3 --> node_venv_lib_python3_12_site-packages_PyQt6_Qt6_qml_QtQuick_Controls_FluentWinUI3_light["light"]\n    node_venv_lib_python3_12_site-packages_PyQt6_Qt6_qml_QtQuick_Controls_FluentWinUI3_light --> node_venv_lib_python3_12_site-packages_PyQt6_Qt6_qml_QtQuick_Controls_FluentWinUI3_light_images["images"]\n    node_venv_lib_python3_12_site-packages_PyQt6_Qt6_qml_QtQuick_Controls_FluentWinUI3_light_images --> node_venv_lib_python3_12_site-packages_PyQt6_Qt6_qml_QtQuick_Controls_FluentWinUI3_light_images_spinbox-indicator-up-icon-disabled_png["spinbox-indicator-up-icon-disabled.png"]\n    Root --> node_venv["venv"]\n    node_venv --> node_venv_lib["lib"]\n    node_venv_lib --> node_venv_lib_python3_12["python3.12"]\n    node_venv_lib_python3_12 --> node_venv_lib_python3_12_site-packages["site-packages"]\n    node_venv_lib_python3_12_site-packages --> node_venv_lib_python3_12_site-packages_PyQt6["PyQt6"]\n    node_venv_lib_python3_12_site-packages_PyQt6 --> node_venv_lib_python3_12_site-packages_PyQt6_Qt6["Qt6"]\n    node_venv_lib_python3_12_site-packages_PyQt6_Qt6 --> node_venv_lib_python3_12_site-packages_PyQt6_Qt6_qml["qml"]\n    node_venv_lib_python3_12_site-packages_PyQt6_Qt6_qml --> node_venv_lib_python3_12_site-packages_PyQt6_Qt6_qml_QtQuick["QtQuick"]\n    node_venv_lib_python3_12_site-packages_PyQt6_Qt6_qml_QtQuick --> node_venv_lib_python3_12_site-packages_PyQt6_Qt6_qml_QtQuick_Controls["Controls"]\n    node_venv_lib_python3_12_site-packages_PyQt6_Qt6_qml_QtQuick_Controls --> node_venv_lib_python3_12_site-packages_PyQt6_Qt6_qml_QtQuick_Controls_FluentWinUI3["FluentWinUI3"]\n    node_venv_lib_python3_12_site-packages_PyQt6_Qt6_qml_QtQuick_Controls_FluentWinUI3 --> node_venv_lib_python3_12_site-packages_PyQt6_Qt6_qml_QtQuick_Controls_FluentWinUI3_light["light"]\n    node_venv_lib_python3_12_site-packages_PyQt6_Qt6_qml_QtQuick_Controls_FluentWinUI3_light --> node_venv_lib_python3_12_site-packages_PyQt6_Qt6_qml_QtQuick_Controls_FluentWinUI3_light_images["images"]\n    node_venv_lib_python3_12_site-packages_PyQt6_Qt6_qml_QtQuick_Controls_FluentWinUI3_light_images --> node_venv_lib_python3_12_site-packages_PyQt6_Qt6_qml_QtQuick_Controls_FluentWinUI3_light_images_spinbox-indicator-up-icon-disabled@2x_png["spinbox-indicator-up-icon-disabled@2x.png"]\n    Root --> node_venv["venv"]\n    node_venv --> node_venv_lib["lib"]\n    node_venv_lib --> node_venv_lib_python3_12["python3.12"]\n    node_venv_lib_python3_12 --> node_venv_lib_python3_12_site-packages["site-packages"]\n    node_venv_lib_python3_12_site-packages --> node_venv_lib_python3_12_site-packages_PyQt6["PyQt6"]\n    node_venv_lib_python3_12_site-packages_PyQt6 --> node_venv_lib_python3_12_site-packages_PyQt6_Qt6["Qt6"]\n    node_venv_lib_python3_12_site-packages_PyQt6_Qt6 --> node_venv_lib_python3_12_site-packages_PyQt6_Qt6_qml["qml"]\n    node_venv_lib_python3_12_site-packages_PyQt6_Qt6_qml --> node_venv_lib_python3_12_site-packages_PyQt6_Qt6_qml_QtQuick["QtQuick"]\n    node_venv_lib_python3_12_site-packages_PyQt6_Qt6_qml_QtQuick --> node_venv_lib_python3_12_site-packages_PyQt6_Qt6_qml_QtQuick_Controls["Controls"]\n    node_venv_lib_python3_12_site-packages_PyQt6_Qt6_qml_QtQuick_Controls --> node_venv_lib_python3_12_site-packages_PyQt6_Qt6_qml_QtQuick_Controls_FluentWinUI3["FluentWinUI3"]\n    node_venv_lib_python3_12_site-packages_PyQt6_Qt6_qml_QtQuick_Controls_FluentWinUI3 --> node_venv_lib_python3_12_site-packages_PyQt6_Qt6_qml_QtQuick_Controls_FluentWinUI3_light["light"]\n    node_venv_lib_python3_12_site-packages_PyQt6_Qt6_qml_QtQuick_Controls_FluentWinUI3_light --> node_venv_lib_python3_12_site-packages_PyQt6_Qt6_qml_QtQuick_Controls_FluentWinUI3_light_images["images"]\n    node_venv_lib_python3_12_site-packages_PyQt6_Qt6_qml_QtQuick_Controls_FluentWinUI3_light_images --> node_venv_lib_python3_12_site-packages_PyQt6_Qt6_qml_QtQuick_Controls_FluentWinUI3_light_images_spinbox-indicator-up-icon-disabled@3x_png["spinbox-indicator-up-icon-disabled@3x.png"]\n    Root --> node_venv["venv"]\n    node_venv --> node_venv_lib["lib"]\n    node_venv_lib --> node_venv_lib_python3_12["python3.12"]\n    node_venv_lib_python3_12 --> node_venv_lib_python3_12_site-packages["site-packages"]\n    node_venv_lib_python3_12_site-packages --> node_venv_lib_python3_12_site-packages_PyQt6["PyQt6"]\n    node_venv_lib_python3_12_site-packages_PyQt6 --> node_venv_lib_python3_12_site-packages_PyQt6_Qt6["Qt6"]\n    node_venv_lib_python3_12_site-packages_PyQt6_Qt6 --> node_venv_lib_python3_12_site-packages_PyQt6_Qt6_qml["qml"]\n    node_venv_lib_python3_12_site-packages_PyQt6_Qt6_qml --> node_venv_lib_python3_12_site-packages_PyQt6_Qt6_qml_QtQuick["QtQuick"]\n    node_venv_lib_python3_12_site-packages_PyQt6_Qt6_qml_QtQuick --> node_venv_lib_python3_12_site-packages_PyQt6_Qt6_qml_QtQuick_Controls["Controls"]\n    node_venv_lib_python3_12_site-packages_PyQt6_Qt6_qml_QtQuick_Controls --> node_venv_lib_python3_12_site-packages_PyQt6_Qt6_qml_QtQuick_Controls_FluentWinUI3["FluentWinUI3"]\n    node_venv_lib_python3_12_site-packages_PyQt6_Qt6_qml_QtQuick_Controls_FluentWinUI3 --> node_venv_lib_python3_12_site-packages_PyQt6_Qt6_qml_QtQuick_Controls_FluentWinUI3_light["light"]\n    node_venv_lib_python3_12_site-packages_PyQt6_Qt6_qml_QtQuick_Controls_FluentWinUI3_light --> node_venv_lib_python3_12_site-packages_PyQt6_Qt6_qml_QtQuick_Controls_FluentWinUI3_light_images["images"]\n    node_venv_lib_python3_12_site-packages_PyQt6_Qt6_qml_QtQuick_Controls_FluentWinUI3_light_images --> node_venv_lib_python3_12_site-packages_PyQt6_Qt6_qml_QtQuick_Controls_FluentWinUI3_light_images_spinbox-indicator-up-icon-down-hovered_png["spinbox-indicator-up-icon-down-hovered.png"]\n    Root --> node_venv["venv"]\n    node_venv --> node_venv_lib["lib"]\n    node_venv_lib --> node_venv_lib_python3_12["python3.12"]\n    node_venv_lib_python3_12 --> node_venv_lib_python3_12_site-packages["site-packages"]\n    node_venv_lib_python3_12_site-packages --> node_venv_lib_python3_12_site-packages_PyQt6["PyQt6"]\n    node_venv_lib_python3_12_site-packages_PyQt6 --> node_venv_lib_python3_12_site-packages_PyQt6_Qt6["Qt6"]\n    node_venv_lib_python3_12_site-packages_PyQt6_Qt6 --> node_venv_lib_python3_12_site-packages_PyQt6_Qt6_qml["qml"]\n    node_venv_lib_python3_12_site-packages_PyQt6_Qt6_qml --> node_venv_lib_python3_12_site-packages_PyQt6_Qt6_qml_QtQuick["QtQuick"]\n    node_venv_lib_python3_12_site-packages_PyQt6_Qt6_qml_QtQuick --> node_venv_lib_python3_12_site-packages_PyQt6_Qt6_qml_QtQuick_Controls["Controls"]\n    node_venv_lib_python3_12_site-packages_PyQt6_Qt6_qml_QtQuick_Controls --> node_venv_lib_python3_12_site-packages_PyQt6_Qt6_qml_QtQuick_Controls_FluentWinUI3["FluentWinUI3"]\n    node_venv_lib_python3_12_site-packages_PyQt6_Qt6_qml_QtQuick_Controls_FluentWinUI3 --> node_venv_lib_python3_12_site-packages_PyQt6_Qt6_qml_QtQuick_Controls_FluentWinUI3_light["light"]\n    node_venv_lib_python3_12_site-packages_PyQt6_Qt6_qml_QtQuick_Controls_FluentWinUI3_light --> node_venv_lib_python3_12_site-packages_PyQt6_Qt6_qml_QtQuick_Controls_FluentWinUI3_light_images["images"]\n    node_venv_lib_python3_12_site-packages_PyQt6_Qt6_qml_QtQuick_Controls_FluentWinUI3_light_images --> node_venv_lib_python3_12_site-packages_PyQt6_Qt6_qml_QtQuick_Controls_FluentWinUI3_light_images_spinbox-indicator-up-icon-down-hovered@2x_png["spinbox-indicator-up-icon-down-hovered@2x.png"]\n    Root --> node_venv["venv"]\n    node_venv --> node_venv_lib["lib"]\n    node_venv_lib --> node_venv_lib_python3_12["python3.12"]\n    node_venv_lib_python3_12 --> node_venv_lib_python3_12_site-packages["site-packages"]\n    node_venv_lib_python3_12_site-packages --> node_venv_lib_python3_12_site-packages_PyQt6["PyQt6"]\n    node_venv_lib_python3_12_site-packages_PyQt6 --> node_venv_lib_python3_12_site-packages_PyQt6_Qt6["Qt6"]\n    node_venv_lib_python3_12_site-packages_PyQt6_Qt6 --> node_venv_lib_python3_12_site-packages_PyQt6_Qt6_qml["qml"]\n    node_venv_lib_python3_12_site-packages_PyQt6_Qt6_qml --> node_venv_lib_python3_12_site-packages_PyQt6_Qt6_qml_QtQuick["QtQuick"]\n    node_venv_lib_python3_12_site-packages_PyQt6_Qt6_qml_QtQuick --> node_venv_lib_python3_12_site-packages_PyQt6_Qt6_qml_QtQuick_Controls["Controls"]\n    node_venv_lib_python3_12_site-packages_PyQt6_Qt6_qml_QtQuick_Controls --> node_venv_lib_python3_12_site-packages_PyQt6_Qt6_qml_QtQuick_Controls_FluentWinUI3["FluentWinUI3"]\n    node_venv_lib_python3_12_site-packages_PyQt6_Qt6_qml_QtQuick_Controls_FluentWinUI3 --> node_venv_lib_python3_12_site-packages_PyQt6_Qt6_qml_QtQuick_Controls_FluentWinUI3_light["light"]\n    node_venv_lib_python3_12_site-packages_PyQt6_Qt6_qml_QtQuick_Controls_FluentWinUI3_light --> node_venv_lib_python3_12_site-packages_PyQt6_Qt6_qml_QtQuick_Controls_FluentWinUI3_light_images["images"]\n    node_venv_lib_python3_12_site-packages_PyQt6_Qt6_qml_QtQuick_Controls_FluentWinUI3_light_images --> node_venv_lib_python3_12_site-packages_PyQt6_Qt6_qml_QtQuick_Controls_FluentWinUI3_light_images_spinbox-indicator-up-icon-down-hovered@3x_png["spinbox-indicator-up-icon-down-hovered@3x.png"]\n    Root --> node_venv["venv"]\n    node_venv --> node_venv_lib["lib"]\n    node_venv_lib --> node_venv_lib_python3_12["python3.12"]\n    node_venv_lib_python3_12 --> node_venv_lib_python3_12_site-packages["site-packages"]\n    node_venv_lib_python3_12_site-packages --> node_venv_lib_python3_12_site-packages_PyQt6["PyQt6"]\n    node_venv_lib_python3_12_site-packages_PyQt6 --> node_venv_lib_python3_12_site-packages_PyQt6_Qt6["Qt6"]\n    node_venv_lib_python3_12_site-packages_PyQt6_Qt6 --> node_venv_lib_python3_12_site-packages_PyQt6_Qt6_qml["qml"]\n    node_venv_lib_python3_12_site-packages_PyQt6_Qt6_qml --> node_venv_lib_python3_12_site-packages_PyQt6_Qt6_qml_QtQuick["QtQuick"]\n    node_venv_lib_python3_12_site-packages_PyQt6_Qt6_qml_QtQuick --> node_venv_lib_python3_12_site-packages_PyQt6_Qt6_qml_QtQuick_Controls["Controls"]\n    node_venv_lib_python3_12_site-packages_PyQt6_Qt6_qml_QtQuick_Controls --> node_venv_lib_python3_12_site-packages_PyQt6_Qt6_qml_QtQuick_Controls_FluentWinUI3["FluentWinUI3"]\n    node_venv_lib_python3_12_site-packages_PyQt6_Qt6_qml_QtQuick_Controls_FluentWinUI3 --> node_venv_lib_python3_12_site-packages_PyQt6_Qt6_qml_QtQuick_Controls_FluentWinUI3_light["light"]\n    node_venv_lib_python3_12_site-packages_PyQt6_Qt6_qml_QtQuick_Controls_FluentWinUI3_light --> node_venv_lib_python3_12_site-packages_PyQt6_Qt6_qml_QtQuick_Controls_FluentWinUI3_light_images["images"]\n    node_venv_lib_python3_12_site-packages_PyQt6_Qt6_qml_QtQuick_Controls_FluentWinUI3_light_images --> node_venv_lib_python3_12_site-packages_PyQt6_Qt6_qml_QtQuick_Controls_FluentWinUI3_light_images_spinbox-indicator-up-icon-down-pressed_png["spinbox-indicator-up-icon-down-pressed.png"]\n    Root --> node_venv["venv"]\n    node_venv --> node_venv_lib["lib"]\n    node_venv_lib --> node_venv_lib_python3_12["python3.12"]\n    node_venv_lib_python3_12 --> node_venv_lib_python3_12_site-packages["site-packages"]\n    node_venv_lib_python3_12_site-packages --> node_venv_lib_python3_12_site-packages_PyQt6["PyQt6"]\n    node_venv_lib_python3_12_site-packages_PyQt6 --> node_venv_lib_python3_12_site-packages_PyQt6_Qt6["Qt6"]\n    node_venv_lib_python3_12_site-packages_PyQt6_Qt6 --> node_venv_lib_python3_12_site-packages_PyQt6_Qt6_qml["qml"]\n    node_venv_lib_python3_12_site-packages_PyQt6_Qt6_qml --> node_venv_lib_python3_12_site-packages_PyQt6_Qt6_qml_QtQuick["QtQuick"]\n    node_venv_lib_python3_12_site-packages_PyQt6_Qt6_qml_QtQuick --> node_venv_lib_python3_12_site-packages_PyQt6_Qt6_qml_QtQuick_Controls["Controls"]\n    node_venv_lib_python3_12_site-packages_PyQt6_Qt6_qml_QtQuick_Controls --> node_venv_lib_python3_12_site-packages_PyQt6_Qt6_qml_QtQuick_Controls_FluentWinUI3["FluentWinUI3"]\n    node_venv_lib_python3_12_site-packages_PyQt6_Qt6_qml_QtQuick_Controls_FluentWinUI3 --> node_venv_lib_python3_12_site-packages_PyQt6_Qt6_qml_QtQuick_Controls_FluentWinUI3_light["light"]\n    node_venv_lib_python3_12_site-packages_PyQt6_Qt6_qml_QtQuick_Controls_FluentWinUI3_light --> node_venv_lib_python3_12_site-packages_PyQt6_Qt6_qml_QtQuick_Controls_FluentWinUI3_light_images["images"]\n    node_venv_lib_python3_12_site-packages_PyQt6_Qt6_qml_QtQuick_Controls_FluentWinUI3_light_images --> node_venv_lib_python3_12_site-packages_PyQt6_Qt6_qml_QtQuick_Controls_FluentWinUI3_light_images_spinbox-indicator-up-icon-down-pressed@2x_png["spinbox-indicator-up-icon-down-pressed@2x.png"]\n    Root --> node_venv["venv"]\n    node_venv --> node_venv_lib["lib"]\n    node_venv_lib --> node_venv_lib_python3_12["python3.12"]\n    node_venv_lib_python3_12 --> node_venv_lib_python3_12_site-packages["site-packages"]\n    node_venv_lib_python3_12_site-packages --> node_venv_lib_python3_12_site-packages_PyQt6["PyQt6"]\n    node_venv_lib_python3_12_site-packages_PyQt6 --> node_venv_lib_python3_12_site-packages_PyQt6_Qt6["Qt6"]\n    node_venv_lib_python3_12_site-packages_PyQt6_Qt6 --> node_venv_lib_python3_12_site-packages_PyQt6_Qt6_qml["qml"]\n    node_venv_lib_python3_12_site-packages_PyQt6_Qt6_qml --> node_venv_lib_python3_12_site-packages_PyQt6_Qt6_qml_QtQuick["QtQuick"]\n    node_venv_lib_python3_12_site-packages_PyQt6_Qt6_qml_QtQuick --> node_venv_lib_python3_12_site-packages_PyQt6_Qt6_qml_QtQuick_Controls["Controls"]\n    node_venv_lib_python3_12_site-packages_PyQt6_Qt6_qml_QtQuick_Controls --> node_venv_lib_python3_12_site-packages_PyQt6_Qt6_qml_QtQuick_Controls_FluentWinUI3["FluentWinUI3"]\n    node_venv_lib_python3_12_site-packages_PyQt6_Qt6_qml_QtQuick_Controls_FluentWinUI3 --> node_venv_lib_python3_12_site-packages_PyQt6_Qt6_qml_QtQuick_Controls_FluentWinUI3_light["light"]\n    node_venv_lib_python3_12_site-packages_PyQt6_Qt6_qml_QtQuick_Controls_FluentWinUI3_light --> node_venv_lib_python3_12_site-packages_PyQt6_Qt6_qml_QtQuick_Controls_FluentWinUI3_light_images["images"]\n    node_venv_lib_python3_12_site-packages_PyQt6_Qt6_qml_QtQuick_Controls_FluentWinUI3_light_images --> node_venv_lib_python3_12_site-packages_PyQt6_Qt6_qml_QtQuick_Controls_FluentWinUI3_light_images_spinbox-indicator-up-icon-down-pressed@3x_png["spinbox-indicator-up-icon-down-pressed@3x.png"]\n    Root --> node_venv["venv"]\n    node_venv --> node_venv_lib["lib"]\n    node_venv_lib --> node_venv_lib_python3_12["python3.12"]\n    node_venv_lib_python3_12 --> node_venv_lib_python3_12_site-packages["site-packages"]\n    node_venv_lib_python3_12_site-packages --> node_venv_lib_python3_12_site-packages_PyQt6["PyQt6"]\n    node_venv_lib_python3_12_site-packages_PyQt6 --> node_venv_lib_python3_12_site-packages_PyQt6_Qt6["Qt6"]\n    node_venv_lib_python3_12_site-packages_PyQt6_Qt6 --> node_venv_lib_python3_12_site-packages_PyQt6_Qt6_qml["qml"]\n    node_venv_lib_python3_12_site-packages_PyQt6_Qt6_qml --> node_venv_lib_python3_12_site-packages_PyQt6_Qt6_qml_QtQuick["QtQuick"]\n    node_venv_lib_python3_12_site-packages_PyQt6_Qt6_qml_QtQuick --> node_venv_lib_python3_12_site-packages_PyQt6_Qt6_qml_QtQuick_Controls["Controls"]\n    node_venv_lib_python3_12_site-packages_PyQt6_Qt6_qml_QtQuick_Controls --> node_venv_lib_python3_12_site-packages_PyQt6_Qt6_qml_QtQuick_Controls_FluentWinUI3["FluentWinUI3"]\n    node_venv_lib_python3_12_site-packages_PyQt6_Qt6_qml_QtQuick_Controls_FluentWinUI3 --> node_venv_lib_python3_12_site-packages_PyQt6_Qt6_qml_QtQuick_Controls_FluentWinUI3_light["light"]\n    node_venv_lib_python3_12_site-packages_PyQt6_Qt6_qml_QtQuick_Controls_FluentWinUI3_light --> node_venv_lib_python3_12_site-packages_PyQt6_Qt6_qml_QtQuick_Controls_FluentWinUI3_light_images["images"]\n    node_venv_lib_python3_12_site-packages_PyQt6_Qt6_qml_QtQuick_Controls_FluentWinUI3_light_images --> node_venv_lib_python3_12_site-packages_PyQt6_Qt6_qml_QtQuick_Controls_FluentWinUI3_light_images_spinbox-indicator-up-icon-hovered_png["spinbox-indicator-up-icon-hovered.png"]\n    Root --> node_venv["venv"]\n    node_venv --> node_venv_lib["lib"]\n    node_venv_lib --> node_venv_lib_python3_12["python3.12"]\n    node_venv_lib_python3_12 --> node_venv_lib_python3_12_site-packages["site-packages"]\n    node_venv_lib_python3_12_site-packages --> node_venv_lib_python3_12_site-packages_PyQt6["PyQt6"]\n    node_venv_lib_python3_12_site-packages_PyQt6 --> node_venv_lib_python3_12_site-packages_PyQt6_Qt6["Qt6"]\n    node_venv_lib_python3_12_site-packages_PyQt6_Qt6 --> node_venv_lib_python3_12_site-packages_PyQt6_Qt6_qml["qml"]\n    node_venv_lib_python3_12_site-packages_PyQt6_Qt6_qml --> node_venv_lib_python3_12_site-packages_PyQt6_Qt6_qml_QtQuick["QtQuick"]\n    node_venv_lib_python3_12_site-packages_PyQt6_Qt6_qml_QtQuick --> node_venv_lib_python3_12_site-packages_PyQt6_Qt6_qml_QtQuick_Controls["Controls"]\n    node_venv_lib_python3_12_site-packages_PyQt6_Qt6_qml_QtQuick_Controls --> node_venv_lib_python3_12_site-packages_PyQt6_Qt6_qml_QtQuick_Controls_FluentWinUI3["FluentWinUI3"]\n    node_venv_lib_python3_12_site-packages_PyQt6_Qt6_qml_QtQuick_Controls_FluentWinUI3 --> node_venv_lib_python3_12_site-packages_PyQt6_Qt6_qml_QtQuick_Controls_FluentWinUI3_light["light"]\n    node_venv_lib_python3_12_site-packages_PyQt6_Qt6_qml_QtQuick_Controls_FluentWinUI3_light --> node_venv_lib_python3_12_site-packages_PyQt6_Qt6_qml_QtQuick_Controls_FluentWinUI3_light_images["images"]\n    node_venv_lib_python3_12_site-packages_PyQt6_Qt6_qml_QtQuick_Controls_FluentWinUI3_light_images --> node_venv_lib_python3_12_site-packages_PyQt6_Qt6_qml_QtQuick_Controls_FluentWinUI3_light_images_spinbox-indicator-up-icon-hovered@2x_png["spinbox-indicator-up-icon-hovered@2x.png"]\n    Root --> node_venv["venv"]\n    node_venv --> node_venv_lib["lib"]\n    node_venv_lib --> node_venv_lib_python3_12["python3.12"]\n    node_venv_lib_python3_12 --> node_venv_lib_python3_12_site-packages["site-packages"]\n    node_venv_lib_python3_12_site-packages --> node_venv_lib_python3_12_site-packages_PyQt6["PyQt6"]\n    node_venv_lib_python3_12_site-packages_PyQt6 --> node_venv_lib_python3_12_site-packages_PyQt6_Qt6["Qt6"]\n    node_venv_lib_python3_12_site-packages_PyQt6_Qt6 --> node_venv_lib_python3_12_site-packages_PyQt6_Qt6_qml["qml"]\n    node_venv_lib_python3_12_site-packages_PyQt6_Qt6_qml --> node_venv_lib_python3_12_site-packages_PyQt6_Qt6_qml_QtQuick["QtQuick"]\n    node_venv_lib_python3_12_site-packages_PyQt6_Qt6_qml_QtQuick --> node_venv_lib_python3_12_site-packages_PyQt6_Qt6_qml_QtQuick_Controls["Controls"]\n    node_venv_lib_python3_12_site-packages_PyQt6_Qt6_qml_QtQuick_Controls --> node_venv_lib_python3_12_site-packages_PyQt6_Qt6_qml_QtQuick_Controls_FluentWinUI3["FluentWinUI3"]\n    node_venv_lib_python3_12_site-packages_PyQt6_Qt6_qml_QtQuick_Controls_FluentWinUI3 --> node_venv_lib_python3_12_site-packages_PyQt6_Qt6_qml_QtQuick_Controls_FluentWinUI3_light["light"]\n    node_venv_lib_python3_12_site-packages_PyQt6_Qt6_qml_QtQuick_Controls_FluentWinUI3_light --> node_venv_lib_python3_12_site-packages_PyQt6_Qt6_qml_QtQuick_Controls_FluentWinUI3_light_images["images"]\n    node_venv_lib_python3_12_site-packages_PyQt6_Qt6_qml_QtQuick_Controls_FluentWinUI3_light_images --> node_venv_lib_python3_12_site-packages_PyQt6_Qt6_qml_QtQuick_Controls_FluentWinUI3_light_images_spinbox-indicator-up-icon-hovered@3x_png["spinbox-indicator-up-icon-hovered@3x.png"]\n    Root --> node_venv["venv"]\n    node_venv --> node_venv_lib["lib"]\n    node_venv_lib --> node_venv_lib_python3_12["python3.12"]\n    node_venv_lib_python3_12 --> node_venv_lib_python3_12_site-packages["site-packages"]\n    node_venv_lib_python3_12_site-packages --> node_venv_lib_python3_12_site-packages_PyQt6["PyQt6"]\n    node_venv_lib_python3_12_site-packages_PyQt6 --> node_venv_lib_python3_12_site-packages_PyQt6_Qt6["Qt6"]\n    node_venv_lib_python3_12_site-packages_PyQt6_Qt6 --> node_venv_lib_python3_12_site-packages_PyQt6_Qt6_qml["qml"]\n    node_venv_lib_python3_12_site-packages_PyQt6_Qt6_qml --> node_venv_lib_python3_12_site-packages_PyQt6_Qt6_qml_QtQuick["QtQuick"]\n    node_venv_lib_python3_12_site-packages_PyQt6_Qt6_qml_QtQuick --> node_venv_lib_python3_12_site-packages_PyQt6_Qt6_qml_QtQuick_Controls["Controls"]\n    node_venv_lib_python3_12_site-packages_PyQt6_Qt6_qml_QtQuick_Controls --> node_venv_lib_python3_12_site-packages_PyQt6_Qt6_qml_QtQuick_Controls_FluentWinUI3["FluentWinUI3"]\n    node_venv_lib_python3_12_site-packages_PyQt6_Qt6_qml_QtQuick_Controls_FluentWinUI3 --> node_venv_lib_python3_12_site-packages_PyQt6_Qt6_qml_QtQuick_Controls_FluentWinUI3_light["light"]\n    node_venv_lib_python3_12_site-packages_PyQt6_Qt6_qml_QtQuick_Controls_FluentWinUI3_light --> node_venv_lib_python3_12_site-packages_PyQt6_Qt6_qml_QtQuick_Controls_FluentWinUI3_light_images["images"]\n    node_venv_lib_python3_12_site-packages_PyQt6_Qt6_qml_QtQuick_Controls_FluentWinUI3_light_images --> node_venv_lib_python3_12_site-packages_PyQt6_Qt6_qml_QtQuick_Controls_FluentWinUI3_light_images_spinbox-indicator-up-icon-up-hovered_png["spinbox-indicator-up-icon-up-hovered.png"]\n    Root --> node_venv["venv"]\n    node_venv --> node_venv_lib["lib"]\n    node_venv_lib --> node_venv_lib_python3_12["python3.12"]\n    node_venv_lib_python3_12 --> node_venv_lib_python3_12_site-packages["site-packages"]\n    node_venv_lib_python3_12_site-packages --> node_venv_lib_python3_12_site-packages_PyQt6["PyQt6"]\n    node_venv_lib_python3_12_site-packages_PyQt6 --> node_venv_lib_python3_12_site-packages_PyQt6_Qt6["Qt6"]\n    node_venv_lib_python3_12_site-packages_PyQt6_Qt6 --> node_venv_lib_python3_12_site-packages_PyQt6_Qt6_qml["qml"]\n    node_venv_lib_python3_12_site-packages_PyQt6_Qt6_qml --> node_venv_lib_python3_12_site-packages_PyQt6_Qt6_qml_QtQuick["QtQuick"]\n    node_venv_lib_python3_12_site-packages_PyQt6_Qt6_qml_QtQuick --> node_venv_lib_python3_12_site-packages_PyQt6_Qt6_qml_QtQuick_Controls["Controls"]\n    node_venv_lib_python3_12_site-packages_PyQt6_Qt6_qml_QtQuick_Controls --> node_venv_lib_python3_12_site-packages_PyQt6_Qt6_qml_QtQuick_Controls_FluentWinUI3["FluentWinUI3"]\n    node_venv_lib_python3_12_site-packages_PyQt6_Qt6_qml_QtQuick_Controls_FluentWinUI3 --> node_venv_lib_python3_12_site-packages_PyQt6_Qt6_qml_QtQuick_Controls_FluentWinUI3_light["light"]\n    node_venv_lib_python3_12_site-packages_PyQt6_Qt6_qml_QtQuick_Controls_FluentWinUI3_light --> node_venv_lib_python3_12_site-packages_PyQt6_Qt6_qml_QtQuick_Controls_FluentWinUI3_light_images["images"]\n    node_venv_lib_python3_12_site-packages_PyQt6_Qt6_qml_QtQuick_Controls_FluentWinUI3_light_images --> node_venv_lib_python3_12_site-packages_PyQt6_Qt6_qml_QtQuick_Controls_FluentWinUI3_light_images_spinbox-indicator-up-icon-up-hovered@2x_png["spinbox-indicator-up-icon-up-hovered@2x.png"]\n    Root --> node_venv["venv"]\n    node_venv --> node_venv_lib["lib"]\n    node_venv_lib --> node_venv_lib_python3_12["python3.12"]\n    node_venv_lib_python3_12 --> node_venv_lib_python3_12_site-packages["site-packages"]\n    node_venv_lib_python3_12_site-packages --> node_venv_lib_python3_12_site-packages_PyQt6["PyQt6"]\n    node_venv_lib_python3_12_site-packages_PyQt6 --> node_venv_lib_python3_12_site-packages_PyQt6_Qt6["Qt6"]\n    node_venv_lib_python3_12_site-packages_PyQt6_Qt6 --> node_venv_lib_python3_12_site-packages_PyQt6_Qt6_qml["qml"]\n    node_venv_lib_python3_12_site-packages_PyQt6_Qt6_qml --> node_venv_lib_python3_12_site-packages_PyQt6_Qt6_qml_QtQuick["QtQuick"]\n    node_venv_lib_python3_12_site-packages_PyQt6_Qt6_qml_QtQuick --> node_venv_lib_python3_12_site-packages_PyQt6_Qt6_qml_QtQuick_Controls["Controls"]\n    node_venv_lib_python3_12_site-packages_PyQt6_Qt6_qml_QtQuick_Controls --> node_venv_lib_python3_12_site-packages_PyQt6_Qt6_qml_QtQuick_Controls_FluentWinUI3["FluentWinUI3"]\n    node_venv_lib_python3_12_site-packages_PyQt6_Qt6_qml_QtQuick_Controls_FluentWinUI3 --> node_venv_lib_python3_12_site-packages_PyQt6_Qt6_qml_QtQuick_Controls_FluentWinUI3_light["light"]\n    node_venv_lib_python3_12_site-packages_PyQt6_Qt6_qml_QtQuick_Controls_FluentWinUI3_light --> node_venv_lib_python3_12_site-packages_PyQt6_Qt6_qml_QtQuick_Controls_FluentWinUI3_light_images["images"]\n    node_venv_lib_python3_12_site-packages_PyQt6_Qt6_qml_QtQuick_Controls_FluentWinUI3_light_images --> node_venv_lib_python3_12_site-packages_PyQt6_Qt6_qml_QtQuick_Controls_FluentWinUI3_light_images_spinbox-indicator-up-icon-up-hovered@3x_png["spinbox-indicator-up-icon-up-hovered@3x.png"]\n    Root --> node_venv["venv"]\n    node_venv --> node_venv_lib["lib"]\n    node_venv_lib --> node_venv_lib_python3_12["python3.12"]\n    node_venv_lib_python3_12 --> node_venv_lib_python3_12_site-packages["site-packages"]\n    node_venv_lib_python3_12_site-packages --> node_venv_lib_python3_12_site-packages_PyQt6["PyQt6"]\n    node_venv_lib_python3_12_site-packages_PyQt6 --> node_venv_lib_python3_12_site-packages_PyQt6_Qt6["Qt6"]\n    node_venv_lib_python3_12_site-packages_PyQt6_Qt6 --> node_venv_lib_python3_12_site-packages_PyQt6_Qt6_qml["qml"]\n    node_venv_lib_python3_12_site-packages_PyQt6_Qt6_qml --> node_venv_lib_python3_12_site-packages_PyQt6_Qt6_qml_QtQuick["QtQuick"]\n    node_venv_lib_python3_12_site-packages_PyQt6_Qt6_qml_QtQuick --> node_venv_lib_python3_12_site-packages_PyQt6_Qt6_qml_QtQuick_Controls["Controls"]\n    node_venv_lib_python3_12_site-packages_PyQt6_Qt6_qml_QtQuick_Controls --> node_venv_lib_python3_12_site-packages_PyQt6_Qt6_qml_QtQuick_Controls_FluentWinUI3["FluentWinUI3"]\n    node_venv_lib_python3_12_site-packages_PyQt6_Qt6_qml_QtQuick_Controls_FluentWinUI3 --> node_venv_lib_python3_12_site-packages_PyQt6_Qt6_qml_QtQuick_Controls_FluentWinUI3_light["light"]\n    node_venv_lib_python3_12_site-packages_PyQt6_Qt6_qml_QtQuick_Controls_FluentWinUI3_light --> node_venv_lib_python3_12_site-packages_PyQt6_Qt6_qml_QtQuick_Controls_FluentWinUI3_light_images["images"]\n    node_venv_lib_python3_12_site-packages_PyQt6_Qt6_qml_QtQuick_Controls_FluentWinUI3_light_images --> node_venv_lib_python3_12_site-packages_PyQt6_Qt6_qml_QtQuick_Controls_FluentWinUI3_light_images_spinbox-indicator-up-icon-up-pressed_png["spinbox-indicator-up-icon-up-pressed.png"]\n    Root --> node_venv["venv"]\n    node_venv --> node_venv_lib["lib"]\n    node_venv_lib --> node_venv_lib_python3_12["python3.12"]\n    node_venv_lib_python3_12 --> node_venv_lib_python3_12_site-packages["site-packages"]\n    node_venv_lib_python3_12_site-packages --> node_venv_lib_python3_12_site-packages_PyQt6["PyQt6"]\n    node_venv_lib_python3_12_site-packages_PyQt6 --> node_venv_lib_python3_12_site-packages_PyQt6_Qt6["Qt6"]\n    node_venv_lib_python3_12_site-packages_PyQt6_Qt6 --> node_venv_lib_python3_12_site-packages_PyQt6_Qt6_qml["qml"]\n    node_venv_lib_python3_12_site-packages_PyQt6_Qt6_qml --> node_venv_lib_python3_12_site-packages_PyQt6_Qt6_qml_QtQuick["QtQuick"]\n    node_venv_lib_python3_12_site-packages_PyQt6_Qt6_qml_QtQuick --> node_venv_lib_python3_12_site-packages_PyQt6_Qt6_qml_QtQuick_Controls["Controls"]\n    node_venv_lib_python3_12_site-packages_PyQt6_Qt6_qml_QtQuick_Controls --> node_venv_lib_python3_12_site-packages_PyQt6_Qt6_qml_QtQuick_Controls_FluentWinUI3["FluentWinUI3"]\n    node_venv_lib_python3_12_site-packages_PyQt6_Qt6_qml_QtQuick_Controls_FluentWinUI3 --> node_venv_lib_python3_12_site-packages_PyQt6_Qt6_qml_QtQuick_Controls_FluentWinUI3_light["light"]\n    node_venv_lib_python3_12_site-packages_PyQt6_Qt6_qml_QtQuick_Controls_FluentWinUI3_light --> node_venv_lib_python3_12_site-packages_PyQt6_Qt6_qml_QtQuick_Controls_FluentWinUI3_light_images["images"]\n    node_venv_lib_python3_12_site-packages_PyQt6_Qt6_qml_QtQuick_Controls_FluentWinUI3_light_images --> node_venv_lib_python3_12_site-packages_PyQt6_Qt6_qml_QtQuick_Controls_FluentWinUI3_light_images_spinbox-indicator-up-icon-up-pressed@2x_png["spinbox-indicator-up-icon-up-pressed@2x.png"]\n    Root --> node_venv["venv"]\n    node_venv --> node_venv_lib["lib"]\n    node_venv_lib --> node_venv_lib_python3_12["python3.12"]\n    node_venv_lib_python3_12 --> node_venv_lib_python3_12_site-packages["site-packages"]\n    node_venv_lib_python3_12_site-packages --> node_venv_lib_python3_12_site-packages_PyQt6["PyQt6"]\n    node_venv_lib_python3_12_site-packages_PyQt6 --> node_venv_lib_python3_12_site-packages_PyQt6_Qt6["Qt6"]\n    node_venv_lib_python3_12_site-packages_PyQt6_Qt6 --> node_venv_lib_python3_12_site-packages_PyQt6_Qt6_qml["qml"]\n    node_venv_lib_python3_12_site-packages_PyQt6_Qt6_qml --> node_venv_lib_python3_12_site-packages_PyQt6_Qt6_qml_QtQuick["QtQuick"]\n    node_venv_lib_python3_12_site-packages_PyQt6_Qt6_qml_QtQuick --> node_venv_lib_python3_12_site-packages_PyQt6_Qt6_qml_QtQuick_Controls["Controls"]\n    node_venv_lib_python3_12_site-packages_PyQt6_Qt6_qml_QtQuick_Controls --> node_venv_lib_python3_12_site-packages_PyQt6_Qt6_qml_QtQuick_Controls_FluentWinUI3["FluentWinUI3"]\n    node_venv_lib_python3_12_site-packages_PyQt6_Qt6_qml_QtQuick_Controls_FluentWinUI3 --> node_venv_lib_python3_12_site-packages_PyQt6_Qt6_qml_QtQuick_Controls_FluentWinUI3_light["light"]\n    node_venv_lib_python3_12_site-packages_PyQt6_Qt6_qml_QtQuick_Controls_FluentWinUI3_light --> node_venv_lib_python3_12_site-packages_PyQt6_Qt6_qml_QtQuick_Controls_FluentWinUI3_light_images["images"]\n    node_venv_lib_python3_12_site-packages_PyQt6_Qt6_qml_QtQuick_Controls_FluentWinUI3_light_images --> node_venv_lib_python3_12_site-packages_PyQt6_Qt6_qml_QtQuick_Controls_FluentWinUI3_light_images_spinbox-indicator-up-icon-up-pressed@3x_png["spinbox-indicator-up-icon-up-pressed@3x.png"]\n    Root --> node_venv["venv"]\n    node_venv --> node_venv_lib["lib"]\n    node_venv_lib --> node_venv_lib_python3_12["python3.12"]\n    node_venv_lib_python3_12 --> node_venv_lib_python3_12_site-packages["site-packages"]\n    node_venv_lib_python3_12_site-packages --> node_venv_lib_python3_12_site-packages_PyQt6["PyQt6"]\n    node_venv_lib_python3_12_site-packages_PyQt6 --> node_venv_lib_python3_12_site-packages_PyQt6_Qt6["Qt6"]\n    node_venv_lib_python3_12_site-packages_PyQt6_Qt6 --> node_venv_lib_python3_12_site-packages_PyQt6_Qt6_qml["qml"]\n    node_venv_lib_python3_12_site-packages_PyQt6_Qt6_qml --> node_venv_lib_python3_12_site-packages_PyQt6_Qt6_qml_QtQuick["QtQuick"]\n    node_venv_lib_python3_12_site-packages_PyQt6_Qt6_qml_QtQuick --> node_venv_lib_python3_12_site-packages_PyQt6_Qt6_qml_QtQuick_Controls["Controls"]\n    node_venv_lib_python3_12_site-packages_PyQt6_Qt6_qml_QtQuick_Controls --> node_venv_lib_python3_12_site-packages_PyQt6_Qt6_qml_QtQuick_Controls_FluentWinUI3["FluentWinUI3"]\n    node_venv_lib_python3_12_site-packages_PyQt6_Qt6_qml_QtQuick_Controls_FluentWinUI3 --> node_venv_lib_python3_12_site-packages_PyQt6_Qt6_qml_QtQuick_Controls_FluentWinUI3_light["light"]\n    node_venv_lib_python3_12_site-packages_PyQt6_Qt6_qml_QtQuick_Controls_FluentWinUI3_light --> node_venv_lib_python3_12_site-packages_PyQt6_Qt6_qml_QtQuick_Controls_FluentWinUI3_light_images["images"]\n    node_venv_lib_python3_12_site-packages_PyQt6_Qt6_qml_QtQuick_Controls_FluentWinUI3_light_images --> node_venv_lib_python3_12_site-packages_PyQt6_Qt6_qml_QtQuick_Controls_FluentWinUI3_light_images_spinbox-indicator-up-icon_png["spinbox-indicator-up-icon.png"]\n    Root --> node_venv["venv"]\n    node_venv --> node_venv_lib["lib"]\n    node_venv_lib --> node_venv_lib_python3_12["python3.12"]\n    node_venv_lib_python3_12 --> node_venv_lib_python3_12_site-packages["site-packages"]\n    node_venv_lib_python3_12_site-packages --> node_venv_lib_python3_12_site-packages_PyQt6["PyQt6"]\n    node_venv_lib_python3_12_site-packages_PyQt6 --> node_venv_lib_python3_12_site-packages_PyQt6_Qt6["Qt6"]\n    node_venv_lib_python3_12_site-packages_PyQt6_Qt6 --> node_venv_lib_python3_12_site-packages_PyQt6_Qt6_qml["qml"]\n    node_venv_lib_python3_12_site-packages_PyQt6_Qt6_qml --> node_venv_lib_python3_12_site-packages_PyQt6_Qt6_qml_QtQuick["QtQuick"]\n    node_venv_lib_python3_12_site-packages_PyQt6_Qt6_qml_QtQuick --> node_venv_lib_python3_12_site-packages_PyQt6_Qt6_qml_QtQuick_Controls["Controls"]\n    node_venv_lib_python3_12_site-packages_PyQt6_Qt6_qml_QtQuick_Controls --> node_venv_lib_python3_12_site-packages_PyQt6_Qt6_qml_QtQuick_Controls_FluentWinUI3["FluentWinUI3"]\n    node_venv_lib_python3_12_site-packages_PyQt6_Qt6_qml_QtQuick_Controls_FluentWinUI3 --> node_venv_lib_python3_12_site-packages_PyQt6_Qt6_qml_QtQuick_Controls_FluentWinUI3_light["light"]\n    node_venv_lib_python3_12_site-packages_PyQt6_Qt6_qml_QtQuick_Controls_FluentWinUI3_light --> node_venv_lib_python3_12_site-packages_PyQt6_Qt6_qml_QtQuick_Controls_FluentWinUI3_light_images["images"]\n    node_venv_lib_python3_12_site-packages_PyQt6_Qt6_qml_QtQuick_Controls_FluentWinUI3_light_images --> node_venv_lib_python3_12_site-packages_PyQt6_Qt6_qml_QtQuick_Controls_FluentWinUI3_light_images_spinbox-indicator-up-icon@2x_png["spinbox-indicator-up-icon@2x.png"]\n    Root --> node_venv["venv"]\n    node_venv --> node_venv_lib["lib"]\n    node_venv_lib --> node_venv_lib_python3_12["python3.12"]\n    node_venv_lib_python3_12 --> node_venv_lib_python3_12_site-packages["site-packages"]\n    node_venv_lib_python3_12_site-packages --> node_venv_lib_python3_12_site-packages_PyQt6["PyQt6"]\n    node_venv_lib_python3_12_site-packages_PyQt6 --> node_venv_lib_python3_12_site-packages_PyQt6_Qt6["Qt6"]\n    node_venv_lib_python3_12_site-packages_PyQt6_Qt6 --> node_venv_lib_python3_12_site-packages_PyQt6_Qt6_qml["qml"]\n    node_venv_lib_python3_12_site-packages_PyQt6_Qt6_qml --> node_venv_lib_python3_12_site-packages_PyQt6_Qt6_qml_QtQuick["QtQuick"]\n    node_venv_lib_python3_12_site-packages_PyQt6_Qt6_qml_QtQuick --> node_venv_lib_python3_12_site-packages_PyQt6_Qt6_qml_QtQuick_Controls["Controls"]\n    node_venv_lib_python3_12_site-packages_PyQt6_Qt6_qml_QtQuick_Controls --> node_venv_lib_python3_12_site-packages_PyQt6_Qt6_qml_QtQuick_Controls_FluentWinUI3["FluentWinUI3"]\n    node_venv_lib_python3_12_site-packages_PyQt6_Qt6_qml_QtQuick_Controls_FluentWinUI3 --> node_venv_lib_python3_12_site-packages_PyQt6_Qt6_qml_QtQuick_Controls_FluentWinUI3_light["light"]\n    node_venv_lib_python3_12_site-packages_PyQt6_Qt6_qml_QtQuick_Controls_FluentWinUI3_light --> node_venv_lib_python3_12_site-packages_PyQt6_Qt6_qml_QtQuick_Controls_FluentWinUI3_light_images["images"]\n    node_venv_lib_python3_12_site-packages_PyQt6_Qt6_qml_QtQuick_Controls_FluentWinUI3_light_images --> node_venv_lib_python3_12_site-packages_PyQt6_Qt6_qml_QtQuick_Controls_FluentWinUI3_light_images_spinbox-indicator-up-icon@3x_png["spinbox-indicator-up-icon@3x.png"]\n    Root --> node_venv["venv"]\n    node_venv --> node_venv_lib["lib"]\n    node_venv_lib --> node_venv_lib_python3_12["python3.12"]\n    node_venv_lib_python3_12 --> node_venv_lib_python3_12_site-packages["site-packages"]\n    node_venv_lib_python3_12_site-packages --> node_venv_lib_python3_12_site-packages_PyQt6["PyQt6"]\n    node_venv_lib_python3_12_site-packages_PyQt6 --> node_venv_lib_python3_12_site-packages_PyQt6_Qt6["Qt6"]\n    node_venv_lib_python3_12_site-packages_PyQt6_Qt6 --> node_venv_lib_python3_12_site-packages_PyQt6_Qt6_qml["qml"]\n    node_venv_lib_python3_12_site-packages_PyQt6_Qt6_qml --> node_venv_lib_python3_12_site-packages_PyQt6_Qt6_qml_QtQuick["QtQuick"]\n    node_venv_lib_python3_12_site-packages_PyQt6_Qt6_qml_QtQuick --> node_venv_lib_python3_12_site-packages_PyQt6_Qt6_qml_QtQuick_Controls["Controls"]\n    node_venv_lib_python3_12_site-packages_PyQt6_Qt6_qml_QtQuick_Controls --> node_venv_lib_python3_12_site-packages_PyQt6_Qt6_qml_QtQuick_Controls_FluentWinUI3["FluentWinUI3"]\n    node_venv_lib_python3_12_site-packages_PyQt6_Qt6_qml_QtQuick_Controls_FluentWinUI3 --> node_venv_lib_python3_12_site-packages_PyQt6_Qt6_qml_QtQuick_Controls_FluentWinUI3_light["light"]\n    node_venv_lib_python3_12_site-packages_PyQt6_Qt6_qml_QtQuick_Controls_FluentWinUI3_light --> node_venv_lib_python3_12_site-packages_PyQt6_Qt6_qml_QtQuick_Controls_FluentWinUI3_light_images["images"]\n    node_venv_lib_python3_12_site-packages_PyQt6_Qt6_qml_QtQuick_Controls_FluentWinUI3_light_images --> node_venv_lib_python3_12_site-packages_PyQt6_Qt6_qml_QtQuick_Controls_FluentWinUI3_light_images_textarea-background-disabled_png["textarea-background-disabled.png"]\n    Root --> node_venv["venv"]\n    node_venv --> node_venv_lib["lib"]\n    node_venv_lib --> node_venv_lib_python3_12["python3.12"]\n    node_venv_lib_python3_12 --> node_venv_lib_python3_12_site-packages["site-packages"]\n    node_venv_lib_python3_12_site-packages --> node_venv_lib_python3_12_site-packages_PyQt6["PyQt6"]\n    node_venv_lib_python3_12_site-packages_PyQt6 --> node_venv_lib_python3_12_site-packages_PyQt6_Qt6["Qt6"]\n    node_venv_lib_python3_12_site-packages_PyQt6_Qt6 --> node_venv_lib_python3_12_site-packages_PyQt6_Qt6_qml["qml"]\n    node_venv_lib_python3_12_site-packages_PyQt6_Qt6_qml --> node_venv_lib_python3_12_site-packages_PyQt6_Qt6_qml_QtQuick["QtQuick"]\n    node_venv_lib_python3_12_site-packages_PyQt6_Qt6_qml_QtQuick --> node_venv_lib_python3_12_site-packages_PyQt6_Qt6_qml_QtQuick_Controls["Controls"]\n    node_venv_lib_python3_12_site-packages_PyQt6_Qt6_qml_QtQuick_Controls --> node_venv_lib_python3_12_site-packages_PyQt6_Qt6_qml_QtQuick_Controls_FluentWinUI3["FluentWinUI3"]\n    node_venv_lib_python3_12_site-packages_PyQt6_Qt6_qml_QtQuick_Controls_FluentWinUI3 --> node_venv_lib_python3_12_site-packages_PyQt6_Qt6_qml_QtQuick_Controls_FluentWinUI3_light["light"]\n    node_venv_lib_python3_12_site-packages_PyQt6_Qt6_qml_QtQuick_Controls_FluentWinUI3_light --> node_venv_lib_python3_12_site-packages_PyQt6_Qt6_qml_QtQuick_Controls_FluentWinUI3_light_images["images"]\n    node_venv_lib_python3_12_site-packages_PyQt6_Qt6_qml_QtQuick_Controls_FluentWinUI3_light_images --> node_venv_lib_python3_12_site-packages_PyQt6_Qt6_qml_QtQuick_Controls_FluentWinUI3_light_images_textarea-background-disabled@2x_png["textarea-background-disabled@2x.png"]\n    Root --> node_venv["venv"]\n    node_venv --> node_venv_lib["lib"]\n    node_venv_lib --> node_venv_lib_python3_12["python3.12"]\n    node_venv_lib_python3_12 --> node_venv_lib_python3_12_site-packages["site-packages"]\n    node_venv_lib_python3_12_site-packages --> node_venv_lib_python3_12_site-packages_PyQt6["PyQt6"]\n    node_venv_lib_python3_12_site-packages_PyQt6 --> node_venv_lib_python3_12_site-packages_PyQt6_Qt6["Qt6"]\n    node_venv_lib_python3_12_site-packages_PyQt6_Qt6 --> node_venv_lib_python3_12_site-packages_PyQt6_Qt6_qml["qml"]\n    node_venv_lib_python3_12_site-packages_PyQt6_Qt6_qml --> node_venv_lib_python3_12_site-packages_PyQt6_Qt6_qml_QtQuick["QtQuick"]\n    node_venv_lib_python3_12_site-packages_PyQt6_Qt6_qml_QtQuick --> node_venv_lib_python3_12_site-packages_PyQt6_Qt6_qml_QtQuick_Controls["Controls"]\n    node_venv_lib_python3_12_site-packages_PyQt6_Qt6_qml_QtQuick_Controls --> node_venv_lib_python3_12_site-packages_PyQt6_Qt6_qml_QtQuick_Controls_FluentWinUI3["FluentWinUI3"]\n    node_venv_lib_python3_12_site-packages_PyQt6_Qt6_qml_QtQuick_Controls_FluentWinUI3 --> node_venv_lib_python3_12_site-packages_PyQt6_Qt6_qml_QtQuick_Controls_FluentWinUI3_light["light"]\n    node_venv_lib_python3_12_site-packages_PyQt6_Qt6_qml_QtQuick_Controls_FluentWinUI3_light --> node_venv_lib_python3_12_site-packages_PyQt6_Qt6_qml_QtQuick_Controls_FluentWinUI3_light_images["images"]\n    node_venv_lib_python3_12_site-packages_PyQt6_Qt6_qml_QtQuick_Controls_FluentWinUI3_light_images --> node_venv_lib_python3_12_site-packages_PyQt6_Qt6_qml_QtQuick_Controls_FluentWinUI3_light_images_textarea-background-disabled@3x_png["textarea-background-disabled@3x.png"]\n    Root --> node_venv["venv"]\n    node_venv --> node_venv_lib["lib"]\n    node_venv_lib --> node_venv_lib_python3_12["python3.12"]\n    node_venv_lib_python3_12 --> node_venv_lib_python3_12_site-packages["site-packages"]\n    node_venv_lib_python3_12_site-packages --> node_venv_lib_python3_12_site-packages_PyQt6["PyQt6"]\n    node_venv_lib_python3_12_site-packages_PyQt6 --> node_venv_lib_python3_12_site-packages_PyQt6_Qt6["Qt6"]\n    node_venv_lib_python3_12_site-packages_PyQt6_Qt6 --> node_venv_lib_python3_12_site-packages_PyQt6_Qt6_qml["qml"]\n    node_venv_lib_python3_12_site-packages_PyQt6_Qt6_qml --> node_venv_lib_python3_12_site-packages_PyQt6_Qt6_qml_QtQuick["QtQuick"]\n    node_venv_lib_python3_12_site-packages_PyQt6_Qt6_qml_QtQuick --> node_venv_lib_python3_12_site-packages_PyQt6_Qt6_qml_QtQuick_Controls["Controls"]\n    node_venv_lib_python3_12_site-packages_PyQt6_Qt6_qml_QtQuick_Controls --> node_venv_lib_python3_12_site-packages_PyQt6_Qt6_qml_QtQuick_Controls_FluentWinUI3["FluentWinUI3"]\n    node_venv_lib_python3_12_site-packages_PyQt6_Qt6_qml_QtQuick_Controls_FluentWinUI3 --> node_venv_lib_python3_12_site-packages_PyQt6_Qt6_qml_QtQuick_Controls_FluentWinUI3_light["light"]\n    node_venv_lib_python3_12_site-packages_PyQt6_Qt6_qml_QtQuick_Controls_FluentWinUI3_light --> node_venv_lib_python3_12_site-packages_PyQt6_Qt6_qml_QtQuick_Controls_FluentWinUI3_light_images["images"]\n    node_venv_lib_python3_12_site-packages_PyQt6_Qt6_qml_QtQuick_Controls_FluentWinUI3_light_images --> node_venv_lib_python3_12_site-packages_PyQt6_Qt6_qml_QtQuick_Controls_FluentWinUI3_light_images_textarea-background-focused_png["textarea-background-focused.png"]\n    Root --> node_venv["venv"]\n    node_venv --> node_venv_lib["lib"]\n    node_venv_lib --> node_venv_lib_python3_12["python3.12"]\n    node_venv_lib_python3_12 --> node_venv_lib_python3_12_site-packages["site-packages"]\n    node_venv_lib_python3_12_site-packages --> node_venv_lib_python3_12_site-packages_PyQt6["PyQt6"]\n    node_venv_lib_python3_12_site-packages_PyQt6 --> node_venv_lib_python3_12_site-packages_PyQt6_Qt6["Qt6"]\n    node_venv_lib_python3_12_site-packages_PyQt6_Qt6 --> node_venv_lib_python3_12_site-packages_PyQt6_Qt6_qml["qml"]\n    node_venv_lib_python3_12_site-packages_PyQt6_Qt6_qml --> node_venv_lib_python3_12_site-packages_PyQt6_Qt6_qml_QtQuick["QtQuick"]\n    node_venv_lib_python3_12_site-packages_PyQt6_Qt6_qml_QtQuick --> node_venv_lib_python3_12_site-packages_PyQt6_Qt6_qml_QtQuick_Controls["Controls"]\n    node_venv_lib_python3_12_site-packages_PyQt6_Qt6_qml_QtQuick_Controls --> node_venv_lib_python3_12_site-packages_PyQt6_Qt6_qml_QtQuick_Controls_FluentWinUI3["FluentWinUI3"]\n    node_venv_lib_python3_12_site-packages_PyQt6_Qt6_qml_QtQuick_Controls_FluentWinUI3 --> node_venv_lib_python3_12_site-packages_PyQt6_Qt6_qml_QtQuick_Controls_FluentWinUI3_light["light"]\n    node_venv_lib_python3_12_site-packages_PyQt6_Qt6_qml_QtQuick_Controls_FluentWinUI3_light --> node_venv_lib_python3_12_site-packages_PyQt6_Qt6_qml_QtQuick_Controls_FluentWinUI3_light_images["images"]\n    node_venv_lib_python3_12_site-packages_PyQt6_Qt6_qml_QtQuick_Controls_FluentWinUI3_light_images --> node_venv_lib_python3_12_site-packages_PyQt6_Qt6_qml_QtQuick_Controls_FluentWinUI3_light_images_textarea-background-focused@2x_png["textarea-background-focused@2x.png"]\n    Root --> node_venv["venv"]\n    node_venv --> node_venv_lib["lib"]\n    node_venv_lib --> node_venv_lib_python3_12["python3.12"]\n    node_venv_lib_python3_12 --> node_venv_lib_python3_12_site-packages["site-packages"]\n    node_venv_lib_python3_12_site-packages --> node_venv_lib_python3_12_site-packages_PyQt6["PyQt6"]\n    node_venv_lib_python3_12_site-packages_PyQt6 --> node_venv_lib_python3_12_site-packages_PyQt6_Qt6["Qt6"]\n    node_venv_lib_python3_12_site-packages_PyQt6_Qt6 --> node_venv_lib_python3_12_site-packages_PyQt6_Qt6_qml["qml"]\n    node_venv_lib_python3_12_site-packages_PyQt6_Qt6_qml --> node_venv_lib_python3_12_site-packages_PyQt6_Qt6_qml_QtQuick["QtQuick"]\n    node_venv_lib_python3_12_site-packages_PyQt6_Qt6_qml_QtQuick --> node_venv_lib_python3_12_site-packages_PyQt6_Qt6_qml_QtQuick_Controls["Controls"]\n    node_venv_lib_python3_12_site-packages_PyQt6_Qt6_qml_QtQuick_Controls --> node_venv_lib_python3_12_site-packages_PyQt6_Qt6_qml_QtQuick_Controls_FluentWinUI3["FluentWinUI3"]\n    node_venv_lib_python3_12_site-packages_PyQt6_Qt6_qml_QtQuick_Controls_FluentWinUI3 --> node_venv_lib_python3_12_site-packages_PyQt6_Qt6_qml_QtQuick_Controls_FluentWinUI3_light["light"]\n    node_venv_lib_python3_12_site-packages_PyQt6_Qt6_qml_QtQuick_Controls_FluentWinUI3_light --> node_venv_lib_python3_12_site-packages_PyQt6_Qt6_qml_QtQuick_Controls_FluentWinUI3_light_images["images"]\n    node_venv_lib_python3_12_site-packages_PyQt6_Qt6_qml_QtQuick_Controls_FluentWinUI3_light_images --> node_venv_lib_python3_12_site-packages_PyQt6_Qt6_qml_QtQuick_Controls_FluentWinUI3_light_images_textarea-background-focused@3x_png["textarea-background-focused@3x.png"]\n    Root --> node_venv["venv"]\n    node_venv --> node_venv_lib["lib"]\n    node_venv_lib --> node_venv_lib_python3_12["python3.12"]\n    node_venv_lib_python3_12 --> node_venv_lib_python3_12_site-packages["site-packages"]\n    node_venv_lib_python3_12_site-packages --> node_venv_lib_python3_12_site-packages_PyQt6["PyQt6"]\n    node_venv_lib_python3_12_site-packages_PyQt6 --> node_venv_lib_python3_12_site-packages_PyQt6_Qt6["Qt6"]\n    node_venv_lib_python3_12_site-packages_PyQt6_Qt6 --> node_venv_lib_python3_12_site-packages_PyQt6_Qt6_qml["qml"]\n    node_venv_lib_python3_12_site-packages_PyQt6_Qt6_qml --> node_venv_lib_python3_12_site-packages_PyQt6_Qt6_qml_QtQuick["QtQuick"]\n    node_venv_lib_python3_12_site-packages_PyQt6_Qt6_qml_QtQuick --> node_venv_lib_python3_12_site-packages_PyQt6_Qt6_qml_QtQuick_Controls["Controls"]\n    node_venv_lib_python3_12_site-packages_PyQt6_Qt6_qml_QtQuick_Controls --> node_venv_lib_python3_12_site-packages_PyQt6_Qt6_qml_QtQuick_Controls_FluentWinUI3["FluentWinUI3"]\n    node_venv_lib_python3_12_site-packages_PyQt6_Qt6_qml_QtQuick_Controls_FluentWinUI3 --> node_venv_lib_python3_12_site-packages_PyQt6_Qt6_qml_QtQuick_Controls_FluentWinUI3_light["light"]\n    node_venv_lib_python3_12_site-packages_PyQt6_Qt6_qml_QtQuick_Controls_FluentWinUI3_light --> node_venv_lib_python3_12_site-packages_PyQt6_Qt6_qml_QtQuick_Controls_FluentWinUI3_light_images["images"]\n    node_venv_lib_python3_12_site-packages_PyQt6_Qt6_qml_QtQuick_Controls_FluentWinUI3_light_images --> node_venv_lib_python3_12_site-packages_PyQt6_Qt6_qml_QtQuick_Controls_FluentWinUI3_light_images_textarea-background-hovered_png["textarea-background-hovered.png"]\n    Root --> node_venv["venv"]\n    node_venv --> node_venv_lib["lib"]\n    node_venv_lib --> node_venv_lib_python3_12["python3.12"]\n    node_venv_lib_python3_12 --> node_venv_lib_python3_12_site-packages["site-packages"]\n    node_venv_lib_python3_12_site-packages --> node_venv_lib_python3_12_site-packages_PyQt6["PyQt6"]\n    node_venv_lib_python3_12_site-packages_PyQt6 --> node_venv_lib_python3_12_site-packages_PyQt6_Qt6["Qt6"]\n    node_venv_lib_python3_12_site-packages_PyQt6_Qt6 --> node_venv_lib_python3_12_site-packages_PyQt6_Qt6_qml["qml"]\n    node_venv_lib_python3_12_site-packages_PyQt6_Qt6_qml --> node_venv_lib_python3_12_site-packages_PyQt6_Qt6_qml_QtQuick["QtQuick"]\n    node_venv_lib_python3_12_site-packages_PyQt6_Qt6_qml_QtQuick --> node_venv_lib_python3_12_site-packages_PyQt6_Qt6_qml_QtQuick_Controls["Controls"]\n    node_venv_lib_python3_12_site-packages_PyQt6_Qt6_qml_QtQuick_Controls --> node_venv_lib_python3_12_site-packages_PyQt6_Qt6_qml_QtQuick_Controls_FluentWinUI3["FluentWinUI3"]\n    node_venv_lib_python3_12_site-packages_PyQt6_Qt6_qml_QtQuick_Controls_FluentWinUI3 --> node_venv_lib_python3_12_site-packages_PyQt6_Qt6_qml_QtQuick_Controls_FluentWinUI3_light["light"]\n    node_venv_lib_python3_12_site-packages_PyQt6_Qt6_qml_QtQuick_Controls_FluentWinUI3_light --> node_venv_lib_python3_12_site-packages_PyQt6_Qt6_qml_QtQuick_Controls_FluentWinUI3_light_images["images"]\n    node_venv_lib_python3_12_site-packages_PyQt6_Qt6_qml_QtQuick_Controls_FluentWinUI3_light_images --> node_venv_lib_python3_12_site-packages_PyQt6_Qt6_qml_QtQuick_Controls_FluentWinUI3_light_images_textarea-background-hovered@2x_png["textarea-background-hovered@2x.png"]\n    Root --> node_venv["venv"]\n    node_venv --> node_venv_lib["lib"]\n    node_venv_lib --> node_venv_lib_python3_12["python3.12"]\n    node_venv_lib_python3_12 --> node_venv_lib_python3_12_site-packages["site-packages"]\n    node_venv_lib_python3_12_site-packages --> node_venv_lib_python3_12_site-packages_PyQt6["PyQt6"]\n    node_venv_lib_python3_12_site-packages_PyQt6 --> node_venv_lib_python3_12_site-packages_PyQt6_Qt6["Qt6"]\n    node_venv_lib_python3_12_site-packages_PyQt6_Qt6 --> node_venv_lib_python3_12_site-packages_PyQt6_Qt6_qml["qml"]\n    node_venv_lib_python3_12_site-packages_PyQt6_Qt6_qml --> node_venv_lib_python3_12_site-packages_PyQt6_Qt6_qml_QtQuick["QtQuick"]\n    node_venv_lib_python3_12_site-packages_PyQt6_Qt6_qml_QtQuick --> node_venv_lib_python3_12_site-packages_PyQt6_Qt6_qml_QtQuick_Controls["Controls"]\n    node_venv_lib_python3_12_site-packages_PyQt6_Qt6_qml_QtQuick_Controls --> node_venv_lib_python3_12_site-packages_PyQt6_Qt6_qml_QtQuick_Controls_FluentWinUI3["FluentWinUI3"]\n    node_venv_lib_python3_12_site-packages_PyQt6_Qt6_qml_QtQuick_Controls_FluentWinUI3 --> node_venv_lib_python3_12_site-packages_PyQt6_Qt6_qml_QtQuick_Controls_FluentWinUI3_light["light"]\n    node_venv_lib_python3_12_site-packages_PyQt6_Qt6_qml_QtQuick_Controls_FluentWinUI3_light --> node_venv_lib_python3_12_site-packages_PyQt6_Qt6_qml_QtQuick_Controls_FluentWinUI3_light_images["images"]\n    node_venv_lib_python3_12_site-packages_PyQt6_Qt6_qml_QtQuick_Controls_FluentWinUI3_light_images --> node_venv_lib_python3_12_site-packages_PyQt6_Qt6_qml_QtQuick_Controls_FluentWinUI3_light_images_textarea-background-hovered@3x_png["textarea-background-hovered@3x.png"]\n    Root --> node_venv["venv"]\n    node_venv --> node_venv_lib["lib"]\n    node_venv_lib --> node_venv_lib_python3_12["python3.12"]\n    node_venv_lib_python3_12 --> node_venv_lib_python3_12_site-packages["site-packages"]\n    node_venv_lib_python3_12_site-packages --> node_venv_lib_python3_12_site-packages_PyQt6["PyQt6"]\n    node_venv_lib_python3_12_site-packages_PyQt6 --> node_venv_lib_python3_12_site-packages_PyQt6_Qt6["Qt6"]\n    node_venv_lib_python3_12_site-packages_PyQt6_Qt6 --> node_venv_lib_python3_12_site-packages_PyQt6_Qt6_qml["qml"]\n    node_venv_lib_python3_12_site-packages_PyQt6_Qt6_qml --> node_venv_lib_python3_12_site-packages_PyQt6_Qt6_qml_QtQuick["QtQuick"]\n    node_venv_lib_python3_12_site-packages_PyQt6_Qt6_qml_QtQuick --> node_venv_lib_python3_12_site-packages_PyQt6_Qt6_qml_QtQuick_Controls["Controls"]\n    node_venv_lib_python3_12_site-packages_PyQt6_Qt6_qml_QtQuick_Controls --> node_venv_lib_python3_12_site-packages_PyQt6_Qt6_qml_QtQuick_Controls_FluentWinUI3["FluentWinUI3"]\n    node_venv_lib_python3_12_site-packages_PyQt6_Qt6_qml_QtQuick_Controls_FluentWinUI3 --> node_venv_lib_python3_12_site-packages_PyQt6_Qt6_qml_QtQuick_Controls_FluentWinUI3_light["light"]\n    node_venv_lib_python3_12_site-packages_PyQt6_Qt6_qml_QtQuick_Controls_FluentWinUI3_light --> node_venv_lib_python3_12_site-packages_PyQt6_Qt6_qml_QtQuick_Controls_FluentWinUI3_light_images["images"]\n    node_venv_lib_python3_12_site-packages_PyQt6_Qt6_qml_QtQuick_Controls_FluentWinUI3_light_images --> node_venv_lib_python3_12_site-packages_PyQt6_Qt6_qml_QtQuick_Controls_FluentWinUI3_light_images_textarea-background_png["textarea-background.png"]\n    Root --> node_venv["venv"]\n    node_venv --> node_venv_lib["lib"]\n    node_venv_lib --> node_venv_lib_python3_12["python3.12"]\n    node_venv_lib_python3_12 --> node_venv_lib_python3_12_site-packages["site-packages"]\n    node_venv_lib_python3_12_site-packages --> node_venv_lib_python3_12_site-packages_PyQt6["PyQt6"]\n    node_venv_lib_python3_12_site-packages_PyQt6 --> node_venv_lib_python3_12_site-packages_PyQt6_Qt6["Qt6"]\n    node_venv_lib_python3_12_site-packages_PyQt6_Qt6 --> node_venv_lib_python3_12_site-packages_PyQt6_Qt6_qml["qml"]\n    node_venv_lib_python3_12_site-packages_PyQt6_Qt6_qml --> node_venv_lib_python3_12_site-packages_PyQt6_Qt6_qml_QtQuick["QtQuick"]\n    node_venv_lib_python3_12_site-packages_PyQt6_Qt6_qml_QtQuick --> node_venv_lib_python3_12_site-packages_PyQt6_Qt6_qml_QtQuick_Controls["Controls"]\n    node_venv_lib_python3_12_site-packages_PyQt6_Qt6_qml_QtQuick_Controls --> node_venv_lib_python3_12_site-packages_PyQt6_Qt6_qml_QtQuick_Controls_FluentWinUI3["FluentWinUI3"]\n    node_venv_lib_python3_12_site-packages_PyQt6_Qt6_qml_QtQuick_Controls_FluentWinUI3 --> node_venv_lib_python3_12_site-packages_PyQt6_Qt6_qml_QtQuick_Controls_FluentWinUI3_light["light"]\n    node_venv_lib_python3_12_site-packages_PyQt6_Qt6_qml_QtQuick_Controls_FluentWinUI3_light --> node_venv_lib_python3_12_site-packages_PyQt6_Qt6_qml_QtQuick_Controls_FluentWinUI3_light_images["images"]\n    node_venv_lib_python3_12_site-packages_PyQt6_Qt6_qml_QtQuick_Controls_FluentWinUI3_light_images --> node_venv_lib_python3_12_site-packages_PyQt6_Qt6_qml_QtQuick_Controls_FluentWinUI3_light_images_textarea-background@2x_png["textarea-background@2x.png"]\n    Root --> node_venv["venv"]\n    node_venv --> node_venv_lib["lib"]\n    node_venv_lib --> node_venv_lib_python3_12["python3.12"]\n    node_venv_lib_python3_12 --> node_venv_lib_python3_12_site-packages["site-packages"]\n    node_venv_lib_python3_12_site-packages --> node_venv_lib_python3_12_site-packages_PyQt6["PyQt6"]\n    node_venv_lib_python3_12_site-packages_PyQt6 --> node_venv_lib_python3_12_site-packages_PyQt6_Qt6["Qt6"]\n    node_venv_lib_python3_12_site-packages_PyQt6_Qt6 --> node_venv_lib_python3_12_site-packages_PyQt6_Qt6_qml["qml"]\n    node_venv_lib_python3_12_site-packages_PyQt6_Qt6_qml --> node_venv_lib_python3_12_site-packages_PyQt6_Qt6_qml_QtQuick["QtQuick"]\n    node_venv_lib_python3_12_site-packages_PyQt6_Qt6_qml_QtQuick --> node_venv_lib_python3_12_site-packages_PyQt6_Qt6_qml_QtQuick_Controls["Controls"]\n    node_venv_lib_python3_12_site-packages_PyQt6_Qt6_qml_QtQuick_Controls --> node_venv_lib_python3_12_site-packages_PyQt6_Qt6_qml_QtQuick_Controls_FluentWinUI3["FluentWinUI3"]\n    node_venv_lib_python3_12_site-packages_PyQt6_Qt6_qml_QtQuick_Controls_FluentWinUI3 --> node_venv_lib_python3_12_site-packages_PyQt6_Qt6_qml_QtQuick_Controls_FluentWinUI3_light["light"]\n    node_venv_lib_python3_12_site-packages_PyQt6_Qt6_qml_QtQuick_Controls_FluentWinUI3_light --> node_venv_lib_python3_12_site-packages_PyQt6_Qt6_qml_QtQuick_Controls_FluentWinUI3_light_images["images"]\n    node_venv_lib_python3_12_site-packages_PyQt6_Qt6_qml_QtQuick_Controls_FluentWinUI3_light_images --> node_venv_lib_python3_12_site-packages_PyQt6_Qt6_qml_QtQuick_Controls_FluentWinUI3_light_images_textarea-background@3x_png["textarea-background@3x.png"]\n    Root --> node_venv["venv"]\n    node_venv --> node_venv_lib["lib"]\n    node_venv_lib --> node_venv_lib_python3_12["python3.12"]\n    node_venv_lib_python3_12 --> node_venv_lib_python3_12_site-packages["site-packages"]\n    node_venv_lib_python3_12_site-packages --> node_venv_lib_python3_12_site-packages_PyQt6["PyQt6"]\n    node_venv_lib_python3_12_site-packages_PyQt6 --> node_venv_lib_python3_12_site-packages_PyQt6_Qt6["Qt6"]\n    node_venv_lib_python3_12_site-packages_PyQt6_Qt6 --> node_venv_lib_python3_12_site-packages_PyQt6_Qt6_qml["qml"]\n    node_venv_lib_python3_12_site-packages_PyQt6_Qt6_qml --> node_venv_lib_python3_12_site-packages_PyQt6_Qt6_qml_QtQuick["QtQuick"]\n    node_venv_lib_python3_12_site-packages_PyQt6_Qt6_qml_QtQuick --> node_venv_lib_python3_12_site-packages_PyQt6_Qt6_qml_QtQuick_Controls["Controls"]\n    node_venv_lib_python3_12_site-packages_PyQt6_Qt6_qml_QtQuick_Controls --> node_venv_lib_python3_12_site-packages_PyQt6_Qt6_qml_QtQuick_Controls_FluentWinUI3["FluentWinUI3"]\n    node_venv_lib_python3_12_site-packages_PyQt6_Qt6_qml_QtQuick_Controls_FluentWinUI3 --> node_venv_lib_python3_12_site-packages_PyQt6_Qt6_qml_QtQuick_Controls_FluentWinUI3_light["light"]\n    node_venv_lib_python3_12_site-packages_PyQt6_Qt6_qml_QtQuick_Controls_FluentWinUI3_light --> node_venv_lib_python3_12_site-packages_PyQt6_Qt6_qml_QtQuick_Controls_FluentWinUI3_light_images["images"]\n    node_venv_lib_python3_12_site-packages_PyQt6_Qt6_qml_QtQuick_Controls_FluentWinUI3_light_images --> node_venv_lib_python3_12_site-packages_PyQt6_Qt6_qml_QtQuick_Controls_FluentWinUI3_light_images_textfield-background-disabled_png["textfield-background-disabled.png"]\n    Root --> node_venv["venv"]\n    node_venv --> node_venv_lib["lib"]\n    node_venv_lib --> node_venv_lib_python3_12["python3.12"]\n    node_venv_lib_python3_12 --> node_venv_lib_python3_12_site-packages["site-packages"]\n    node_venv_lib_python3_12_site-packages --> node_venv_lib_python3_12_site-packages_PyQt6["PyQt6"]\n    node_venv_lib_python3_12_site-packages_PyQt6 --> node_venv_lib_python3_12_site-packages_PyQt6_Qt6["Qt6"]\n    node_venv_lib_python3_12_site-packages_PyQt6_Qt6 --> node_venv_lib_python3_12_site-packages_PyQt6_Qt6_qml["qml"]\n    node_venv_lib_python3_12_site-packages_PyQt6_Qt6_qml --> node_venv_lib_python3_12_site-packages_PyQt6_Qt6_qml_QtQuick["QtQuick"]\n    node_venv_lib_python3_12_site-packages_PyQt6_Qt6_qml_QtQuick --> node_venv_lib_python3_12_site-packages_PyQt6_Qt6_qml_QtQuick_Controls["Controls"]\n    node_venv_lib_python3_12_site-packages_PyQt6_Qt6_qml_QtQuick_Controls --> node_venv_lib_python3_12_site-packages_PyQt6_Qt6_qml_QtQuick_Controls_FluentWinUI3["FluentWinUI3"]\n    node_venv_lib_python3_12_site-packages_PyQt6_Qt6_qml_QtQuick_Controls_FluentWinUI3 --> node_venv_lib_python3_12_site-packages_PyQt6_Qt6_qml_QtQuick_Controls_FluentWinUI3_light["light"]\n    node_venv_lib_python3_12_site-packages_PyQt6_Qt6_qml_QtQuick_Controls_FluentWinUI3_light --> node_venv_lib_python3_12_site-packages_PyQt6_Qt6_qml_QtQuick_Controls_FluentWinUI3_light_images["images"]\n    node_venv_lib_python3_12_site-packages_PyQt6_Qt6_qml_QtQuick_Controls_FluentWinUI3_light_images --> node_venv_lib_python3_12_site-packages_PyQt6_Qt6_qml_QtQuick_Controls_FluentWinUI3_light_images_textfield-background-disabled@2x_png["textfield-background-disabled@2x.png"]\n    Root --> node_venv["venv"]\n    node_venv --> node_venv_lib["lib"]\n    node_venv_lib --> node_venv_lib_python3_12["python3.12"]\n    node_venv_lib_python3_12 --> node_venv_lib_python3_12_site-packages["site-packages"]\n    node_venv_lib_python3_12_site-packages --> node_venv_lib_python3_12_site-packages_PyQt6["PyQt6"]\n    node_venv_lib_python3_12_site-packages_PyQt6 --> node_venv_lib_python3_12_site-packages_PyQt6_Qt6["Qt6"]\n    node_venv_lib_python3_12_site-packages_PyQt6_Qt6 --> node_venv_lib_python3_12_site-packages_PyQt6_Qt6_qml["qml"]\n    node_venv_lib_python3_12_site-packages_PyQt6_Qt6_qml --> node_venv_lib_python3_12_site-packages_PyQt6_Qt6_qml_QtQuick["QtQuick"]\n    node_venv_lib_python3_12_site-packages_PyQt6_Qt6_qml_QtQuick --> node_venv_lib_python3_12_site-packages_PyQt6_Qt6_qml_QtQuick_Controls["Controls"]\n    node_venv_lib_python3_12_site-packages_PyQt6_Qt6_qml_QtQuick_Controls --> node_venv_lib_python3_12_site-packages_PyQt6_Qt6_qml_QtQuick_Controls_FluentWinUI3["FluentWinUI3"]\n    node_venv_lib_python3_12_site-packages_PyQt6_Qt6_qml_QtQuick_Controls_FluentWinUI3 --> node_venv_lib_python3_12_site-packages_PyQt6_Qt6_qml_QtQuick_Controls_FluentWinUI3_light["light"]\n    node_venv_lib_python3_12_site-packages_PyQt6_Qt6_qml_QtQuick_Controls_FluentWinUI3_light --> node_venv_lib_python3_12_site-packages_PyQt6_Qt6_qml_QtQuick_Controls_FluentWinUI3_light_images["images"]\n    node_venv_lib_python3_12_site-packages_PyQt6_Qt6_qml_QtQuick_Controls_FluentWinUI3_light_images --> node_venv_lib_python3_12_site-packages_PyQt6_Qt6_qml_QtQuick_Controls_FluentWinUI3_light_images_textfield-background-disabled@3x_png["textfield-background-disabled@3x.png"]\n    Root --> node_venv["venv"]\n    node_venv --> node_venv_lib["lib"]\n    node_venv_lib --> node_venv_lib_python3_12["python3.12"]\n    node_venv_lib_python3_12 --> node_venv_lib_python3_12_site-packages["site-packages"]\n    node_venv_lib_python3_12_site-packages --> node_venv_lib_python3_12_site-packages_PyQt6["PyQt6"]\n    node_venv_lib_python3_12_site-packages_PyQt6 --> node_venv_lib_python3_12_site-packages_PyQt6_Qt6["Qt6"]\n    node_venv_lib_python3_12_site-packages_PyQt6_Qt6 --> node_venv_lib_python3_12_site-packages_PyQt6_Qt6_qml["qml"]\n    node_venv_lib_python3_12_site-packages_PyQt6_Qt6_qml --> node_venv_lib_python3_12_site-packages_PyQt6_Qt6_qml_QtQuick["QtQuick"]\n    node_venv_lib_python3_12_site-packages_PyQt6_Qt6_qml_QtQuick --> node_venv_lib_python3_12_site-packages_PyQt6_Qt6_qml_QtQuick_Controls["Controls"]\n    node_venv_lib_python3_12_site-packages_PyQt6_Qt6_qml_QtQuick_Controls --> node_venv_lib_python3_12_site-packages_PyQt6_Qt6_qml_QtQuick_Controls_FluentWinUI3["FluentWinUI3"]\n    node_venv_lib_python3_12_site-packages_PyQt6_Qt6_qml_QtQuick_Controls_FluentWinUI3 --> node_venv_lib_python3_12_site-packages_PyQt6_Qt6_qml_QtQuick_Controls_FluentWinUI3_light["light"]\n    node_venv_lib_python3_12_site-packages_PyQt6_Qt6_qml_QtQuick_Controls_FluentWinUI3_light --> node_venv_lib_python3_12_site-packages_PyQt6_Qt6_qml_QtQuick_Controls_FluentWinUI3_light_images["images"]\n    node_venv_lib_python3_12_site-packages_PyQt6_Qt6_qml_QtQuick_Controls_FluentWinUI3_light_images --> node_venv_lib_python3_12_site-packages_PyQt6_Qt6_qml_QtQuick_Controls_FluentWinUI3_light_images_textfield-background-focused_png["textfield-background-focused.png"]\n    Root --> node_venv["venv"]\n    node_venv --> node_venv_lib["lib"]\n    node_venv_lib --> node_venv_lib_python3_12["python3.12"]\n    node_venv_lib_python3_12 --> node_venv_lib_python3_12_site-packages["site-packages"]\n    node_venv_lib_python3_12_site-packages --> node_venv_lib_python3_12_site-packages_PyQt6["PyQt6"]\n    node_venv_lib_python3_12_site-packages_PyQt6 --> node_venv_lib_python3_12_site-packages_PyQt6_Qt6["Qt6"]\n    node_venv_lib_python3_12_site-packages_PyQt6_Qt6 --> node_venv_lib_python3_12_site-packages_PyQt6_Qt6_qml["qml"]\n    node_venv_lib_python3_12_site-packages_PyQt6_Qt6_qml --> node_venv_lib_python3_12_site-packages_PyQt6_Qt6_qml_QtQuick["QtQuick"]\n    node_venv_lib_python3_12_site-packages_PyQt6_Qt6_qml_QtQuick --> node_venv_lib_python3_12_site-packages_PyQt6_Qt6_qml_QtQuick_Controls["Controls"]\n    node_venv_lib_python3_12_site-packages_PyQt6_Qt6_qml_QtQuick_Controls --> node_venv_lib_python3_12_site-packages_PyQt6_Qt6_qml_QtQuick_Controls_FluentWinUI3["FluentWinUI3"]\n    node_venv_lib_python3_12_site-packages_PyQt6_Qt6_qml_QtQuick_Controls_FluentWinUI3 --> node_venv_lib_python3_12_site-packages_PyQt6_Qt6_qml_QtQuick_Controls_FluentWinUI3_light["light"]\n    node_venv_lib_python3_12_site-packages_PyQt6_Qt6_qml_QtQuick_Controls_FluentWinUI3_light --> node_venv_lib_python3_12_site-packages_PyQt6_Qt6_qml_QtQuick_Controls_FluentWinUI3_light_images["images"]\n    node_venv_lib_python3_12_site-packages_PyQt6_Qt6_qml_QtQuick_Controls_FluentWinUI3_light_images --> node_venv_lib_python3_12_site-packages_PyQt6_Qt6_qml_QtQuick_Controls_FluentWinUI3_light_images_textfield-background-focused@2x_png["textfield-background-focused@2x.png"]\n    Root --> node_venv["venv"]\n    node_venv --> node_venv_lib["lib"]\n    node_venv_lib --> node_venv_lib_python3_12["python3.12"]\n    node_venv_lib_python3_12 --> node_venv_lib_python3_12_site-packages["site-packages"]\n    node_venv_lib_python3_12_site-packages --> node_venv_lib_python3_12_site-packages_PyQt6["PyQt6"]\n    node_venv_lib_python3_12_site-packages_PyQt6 --> node_venv_lib_python3_12_site-packages_PyQt6_Qt6["Qt6"]\n    node_venv_lib_python3_12_site-packages_PyQt6_Qt6 --> node_venv_lib_python3_12_site-packages_PyQt6_Qt6_qml["qml"]\n    node_venv_lib_python3_12_site-packages_PyQt6_Qt6_qml --> node_venv_lib_python3_12_site-packages_PyQt6_Qt6_qml_QtQuick["QtQuick"]\n    node_venv_lib_python3_12_site-packages_PyQt6_Qt6_qml_QtQuick --> node_venv_lib_python3_12_site-packages_PyQt6_Qt6_qml_QtQuick_Controls["Controls"]\n    node_venv_lib_python3_12_site-packages_PyQt6_Qt6_qml_QtQuick_Controls --> node_venv_lib_python3_12_site-packages_PyQt6_Qt6_qml_QtQuick_Controls_FluentWinUI3["FluentWinUI3"]\n    node_venv_lib_python3_12_site-packages_PyQt6_Qt6_qml_QtQuick_Controls_FluentWinUI3 --> node_venv_lib_python3_12_site-packages_PyQt6_Qt6_qml_QtQuick_Controls_FluentWinUI3_light["light"]\n    node_venv_lib_python3_12_site-packages_PyQt6_Qt6_qml_QtQuick_Controls_FluentWinUI3_light --> node_venv_lib_python3_12_site-packages_PyQt6_Qt6_qml_QtQuick_Controls_FluentWinUI3_light_images["images"]\n    node_venv_lib_python3_12_site-packages_PyQt6_Qt6_qml_QtQuick_Controls_FluentWinUI3_light_images --> node_venv_lib_python3_12_site-packages_PyQt6_Qt6_qml_QtQuick_Controls_FluentWinUI3_light_images_textfield-background-focused@3x_png["textfield-background-focused@3x.png"]\n    Root --> node_venv["venv"]\n    node_venv --> node_venv_lib["lib"]\n    node_venv_lib --> node_venv_lib_python3_12["python3.12"]\n    node_venv_lib_python3_12 --> node_venv_lib_python3_12_site-packages["site-packages"]\n    node_venv_lib_python3_12_site-packages --> node_venv_lib_python3_12_site-packages_PyQt6["PyQt6"]\n    node_venv_lib_python3_12_site-packages_PyQt6 --> node_venv_lib_python3_12_site-packages_PyQt6_Qt6["Qt6"]\n    node_venv_lib_python3_12_site-packages_PyQt6_Qt6 --> node_venv_lib_python3_12_site-packages_PyQt6_Qt6_qml["qml"]\n    node_venv_lib_python3_12_site-packages_PyQt6_Qt6_qml --> node_venv_lib_python3_12_site-packages_PyQt6_Qt6_qml_QtQuick["QtQuick"]\n    node_venv_lib_python3_12_site-packages_PyQt6_Qt6_qml_QtQuick --> node_venv_lib_python3_12_site-packages_PyQt6_Qt6_qml_QtQuick_Controls["Controls"]\n    node_venv_lib_python3_12_site-packages_PyQt6_Qt6_qml_QtQuick_Controls --> node_venv_lib_python3_12_site-packages_PyQt6_Qt6_qml_QtQuick_Controls_FluentWinUI3["FluentWinUI3"]\n    node_venv_lib_python3_12_site-packages_PyQt6_Qt6_qml_QtQuick_Controls_FluentWinUI3 --> node_venv_lib_python3_12_site-packages_PyQt6_Qt6_qml_QtQuick_Controls_FluentWinUI3_light["light"]\n    node_venv_lib_python3_12_site-packages_PyQt6_Qt6_qml_QtQuick_Controls_FluentWinUI3_light --> node_venv_lib_python3_12_site-packages_PyQt6_Qt6_qml_QtQuick_Controls_FluentWinUI3_light_images["images"]\n    node_venv_lib_python3_12_site-packages_PyQt6_Qt6_qml_QtQuick_Controls_FluentWinUI3_light_images --> node_venv_lib_python3_12_site-packages_PyQt6_Qt6_qml_QtQuick_Controls_FluentWinUI3_light_images_textfield-background-hovered_png["textfield-background-hovered.png"]\n    Root --> node_venv["venv"]\n    node_venv --> node_venv_lib["lib"]\n    node_venv_lib --> node_venv_lib_python3_12["python3.12"]\n    node_venv_lib_python3_12 --> node_venv_lib_python3_12_site-packages["site-packages"]\n    node_venv_lib_python3_12_site-packages --> node_venv_lib_python3_12_site-packages_PyQt6["PyQt6"]\n    node_venv_lib_python3_12_site-packages_PyQt6 --> node_venv_lib_python3_12_site-packages_PyQt6_Qt6["Qt6"]\n    node_venv_lib_python3_12_site-packages_PyQt6_Qt6 --> node_venv_lib_python3_12_site-packages_PyQt6_Qt6_qml["qml"]\n    node_venv_lib_python3_12_site-packages_PyQt6_Qt6_qml --> node_venv_lib_python3_12_site-packages_PyQt6_Qt6_qml_QtQuick["QtQuick"]\n    node_venv_lib_python3_12_site-packages_PyQt6_Qt6_qml_QtQuick --> node_venv_lib_python3_12_site-packages_PyQt6_Qt6_qml_QtQuick_Controls["Controls"]\n    node_venv_lib_python3_12_site-packages_PyQt6_Qt6_qml_QtQuick_Controls --> node_venv_lib_python3_12_site-packages_PyQt6_Qt6_qml_QtQuick_Controls_FluentWinUI3["FluentWinUI3"]\n    node_venv_lib_python3_12_site-packages_PyQt6_Qt6_qml_QtQuick_Controls_FluentWinUI3 --> node_venv_lib_python3_12_site-packages_PyQt6_Qt6_qml_QtQuick_Controls_FluentWinUI3_light["light"]\n    node_venv_lib_python3_12_site-packages_PyQt6_Qt6_qml_QtQuick_Controls_FluentWinUI3_light --> node_venv_lib_python3_12_site-packages_PyQt6_Qt6_qml_QtQuick_Controls_FluentWinUI3_light_images["images"]\n    node_venv_lib_python3_12_site-packages_PyQt6_Qt6_qml_QtQuick_Controls_FluentWinUI3_light_images --> node_venv_lib_python3_12_site-packages_PyQt6_Qt6_qml_QtQuick_Controls_FluentWinUI3_light_images_textfield-background-hovered@2x_png["textfield-background-hovered@2x.png"]\n    Root --> node_venv["venv"]\n    node_venv --> node_venv_lib["lib"]\n    node_venv_lib --> node_venv_lib_python3_12["python3.12"]\n    node_venv_lib_python3_12 --> node_venv_lib_python3_12_site-packages["site-packages"]\n    node_venv_lib_python3_12_site-packages --> node_venv_lib_python3_12_site-packages_PyQt6["PyQt6"]\n    node_venv_lib_python3_12_site-packages_PyQt6 --> node_venv_lib_python3_12_site-packages_PyQt6_Qt6["Qt6"]\n    node_venv_lib_python3_12_site-packages_PyQt6_Qt6 --> node_venv_lib_python3_12_site-packages_PyQt6_Qt6_qml["qml"]\n    node_venv_lib_python3_12_site-packages_PyQt6_Qt6_qml --> node_venv_lib_python3_12_site-packages_PyQt6_Qt6_qml_QtQuick["QtQuick"]\n    node_venv_lib_python3_12_site-packages_PyQt6_Qt6_qml_QtQuick --> node_venv_lib_python3_12_site-packages_PyQt6_Qt6_qml_QtQuick_Controls["Controls"]\n    node_venv_lib_python3_12_site-packages_PyQt6_Qt6_qml_QtQuick_Controls --> node_venv_lib_python3_12_site-packages_PyQt6_Qt6_qml_QtQuick_Controls_FluentWinUI3["FluentWinUI3"]\n    node_venv_lib_python3_12_site-packages_PyQt6_Qt6_qml_QtQuick_Controls_FluentWinUI3 --> node_venv_lib_python3_12_site-packages_PyQt6_Qt6_qml_QtQuick_Controls_FluentWinUI3_light["light"]\n    node_venv_lib_python3_12_site-packages_PyQt6_Qt6_qml_QtQuick_Controls_FluentWinUI3_light --> node_venv_lib_python3_12_site-packages_PyQt6_Qt6_qml_QtQuick_Controls_FluentWinUI3_light_images["images"]\n    node_venv_lib_python3_12_site-packages_PyQt6_Qt6_qml_QtQuick_Controls_FluentWinUI3_light_images --> node_venv_lib_python3_12_site-packages_PyQt6_Qt6_qml_QtQuick_Controls_FluentWinUI3_light_images_textfield-background-hovered@3x_png["textfield-background-hovered@3x.png"]\n    Root --> node_venv["venv"]\n    node_venv --> node_venv_lib["lib"]\n    node_venv_lib --> node_venv_lib_python3_12["python3.12"]\n    node_venv_lib_python3_12 --> node_venv_lib_python3_12_site-packages["site-packages"]\n    node_venv_lib_python3_12_site-packages --> node_venv_lib_python3_12_site-packages_PyQt6["PyQt6"]\n    node_venv_lib_python3_12_site-packages_PyQt6 --> node_venv_lib_python3_12_site-packages_PyQt6_Qt6["Qt6"]\n    node_venv_lib_python3_12_site-packages_PyQt6_Qt6 --> node_venv_lib_python3_12_site-packages_PyQt6_Qt6_qml["qml"]\n    node_venv_lib_python3_12_site-packages_PyQt6_Qt6_qml --> node_venv_lib_python3_12_site-packages_PyQt6_Qt6_qml_QtQuick["QtQuick"]\n    node_venv_lib_python3_12_site-packages_PyQt6_Qt6_qml_QtQuick --> node_venv_lib_python3_12_site-packages_PyQt6_Qt6_qml_QtQuick_Controls["Controls"]\n    node_venv_lib_python3_12_site-packages_PyQt6_Qt6_qml_QtQuick_Controls --> node_venv_lib_python3_12_site-packages_PyQt6_Qt6_qml_QtQuick_Controls_FluentWinUI3["FluentWinUI3"]\n    node_venv_lib_python3_12_site-packages_PyQt6_Qt6_qml_QtQuick_Controls_FluentWinUI3 --> node_venv_lib_python3_12_site-packages_PyQt6_Qt6_qml_QtQuick_Controls_FluentWinUI3_light["light"]\n    node_venv_lib_python3_12_site-packages_PyQt6_Qt6_qml_QtQuick_Controls_FluentWinUI3_light --> node_venv_lib_python3_12_site-packages_PyQt6_Qt6_qml_QtQuick_Controls_FluentWinUI3_light_images["images"]\n    node_venv_lib_python3_12_site-packages_PyQt6_Qt6_qml_QtQuick_Controls_FluentWinUI3_light_images --> node_venv_lib_python3_12_site-packages_PyQt6_Qt6_qml_QtQuick_Controls_FluentWinUI3_light_images_textfield-background_png["textfield-background.png"]\n    Root --> node_venv["venv"]\n    node_venv --> node_venv_lib["lib"]\n    node_venv_lib --> node_venv_lib_python3_12["python3.12"]\n    node_venv_lib_python3_12 --> node_venv_lib_python3_12_site-packages["site-packages"]\n    node_venv_lib_python3_12_site-packages --> node_venv_lib_python3_12_site-packages_PyQt6["PyQt6"]\n    node_venv_lib_python3_12_site-packages_PyQt6 --> node_venv_lib_python3_12_site-packages_PyQt6_Qt6["Qt6"]\n    node_venv_lib_python3_12_site-packages_PyQt6_Qt6 --> node_venv_lib_python3_12_site-packages_PyQt6_Qt6_qml["qml"]\n    node_venv_lib_python3_12_site-packages_PyQt6_Qt6_qml --> node_venv_lib_python3_12_site-packages_PyQt6_Qt6_qml_QtQuick["QtQuick"]\n    node_venv_lib_python3_12_site-packages_PyQt6_Qt6_qml_QtQuick --> node_venv_lib_python3_12_site-packages_PyQt6_Qt6_qml_QtQuick_Controls["Controls"]\n    node_venv_lib_python3_12_site-packages_PyQt6_Qt6_qml_QtQuick_Controls --> node_venv_lib_python3_12_site-packages_PyQt6_Qt6_qml_QtQuick_Controls_FluentWinUI3["FluentWinUI3"]\n    node_venv_lib_python3_12_site-packages_PyQt6_Qt6_qml_QtQuick_Controls_FluentWinUI3 --> node_venv_lib_python3_12_site-packages_PyQt6_Qt6_qml_QtQuick_Controls_FluentWinUI3_light["light"]\n    node_venv_lib_python3_12_site-packages_PyQt6_Qt6_qml_QtQuick_Controls_FluentWinUI3_light --> node_venv_lib_python3_12_site-packages_PyQt6_Qt6_qml_QtQuick_Controls_FluentWinUI3_light_images["images"]\n    node_venv_lib_python3_12_site-packages_PyQt6_Qt6_qml_QtQuick_Controls_FluentWinUI3_light_images --> node_venv_lib_python3_12_site-packages_PyQt6_Qt6_qml_QtQuick_Controls_FluentWinUI3_light_images_textfield-background@2x_png["textfield-background@2x.png"]\n    Root --> node_venv["venv"]\n    node_venv --> node_venv_lib["lib"]\n    node_venv_lib --> node_venv_lib_python3_12["python3.12"]\n    node_venv_lib_python3_12 --> node_venv_lib_python3_12_site-packages["site-packages"]\n    node_venv_lib_python3_12_site-packages --> node_venv_lib_python3_12_site-packages_PyQt6["PyQt6"]\n    node_venv_lib_python3_12_site-packages_PyQt6 --> node_venv_lib_python3_12_site-packages_PyQt6_Qt6["Qt6"]\n    node_venv_lib_python3_12_site-packages_PyQt6_Qt6 --> node_venv_lib_python3_12_site-packages_PyQt6_Qt6_qml["qml"]\n    node_venv_lib_python3_12_site-packages_PyQt6_Qt6_qml --> node_venv_lib_python3_12_site-packages_PyQt6_Qt6_qml_QtQuick["QtQuick"]\n    node_venv_lib_python3_12_site-packages_PyQt6_Qt6_qml_QtQuick --> node_venv_lib_python3_12_site-packages_PyQt6_Qt6_qml_QtQuick_Controls["Controls"]\n    node_venv_lib_python3_12_site-packages_PyQt6_Qt6_qml_QtQuick_Controls --> node_venv_lib_python3_12_site-packages_PyQt6_Qt6_qml_QtQuick_Controls_FluentWinUI3["FluentWinUI3"]\n    node_venv_lib_python3_12_site-packages_PyQt6_Qt6_qml_QtQuick_Controls_FluentWinUI3 --> node_venv_lib_python3_12_site-packages_PyQt6_Qt6_qml_QtQuick_Controls_FluentWinUI3_light["light"]\n    node_venv_lib_python3_12_site-packages_PyQt6_Qt6_qml_QtQuick_Controls_FluentWinUI3_light --> node_venv_lib_python3_12_site-packages_PyQt6_Qt6_qml_QtQuick_Controls_FluentWinUI3_light_images["images"]\n    node_venv_lib_python3_12_site-packages_PyQt6_Qt6_qml_QtQuick_Controls_FluentWinUI3_light_images --> node_venv_lib_python3_12_site-packages_PyQt6_Qt6_qml_QtQuick_Controls_FluentWinUI3_light_images_textfield-background@3x_png["textfield-background@3x.png"]\n    Root --> node_venv["venv"]\n    node_venv --> node_venv_lib["lib"]\n    node_venv_lib --> node_venv_lib_python3_12["python3.12"]\n    node_venv_lib_python3_12 --> node_venv_lib_python3_12_site-packages["site-packages"]\n    node_venv_lib_python3_12_site-packages --> node_venv_lib_python3_12_site-packages_PyQt6["PyQt6"]\n    node_venv_lib_python3_12_site-packages_PyQt6 --> node_venv_lib_python3_12_site-packages_PyQt6_Qt6["Qt6"]\n    node_venv_lib_python3_12_site-packages_PyQt6_Qt6 --> node_venv_lib_python3_12_site-packages_PyQt6_Qt6_qml["qml"]\n    node_venv_lib_python3_12_site-packages_PyQt6_Qt6_qml --> node_venv_lib_python3_12_site-packages_PyQt6_Qt6_qml_QtQuick["QtQuick"]\n    node_venv_lib_python3_12_site-packages_PyQt6_Qt6_qml_QtQuick --> node_venv_lib_python3_12_site-packages_PyQt6_Qt6_qml_QtQuick_Controls["Controls"]\n    node_venv_lib_python3_12_site-packages_PyQt6_Qt6_qml_QtQuick_Controls --> node_venv_lib_python3_12_site-packages_PyQt6_Qt6_qml_QtQuick_Controls_FluentWinUI3["FluentWinUI3"]\n    node_venv_lib_python3_12_site-packages_PyQt6_Qt6_qml_QtQuick_Controls_FluentWinUI3 --> node_venv_lib_python3_12_site-packages_PyQt6_Qt6_qml_QtQuick_Controls_FluentWinUI3_dark["dark"]\n    node_venv_lib_python3_12_site-packages_PyQt6_Qt6_qml_QtQuick_Controls_FluentWinUI3_dark --> node_venv_lib_python3_12_site-packages_PyQt6_Qt6_qml_QtQuick_Controls_FluentWinUI3_dark_images["images"]\n    node_venv_lib_python3_12_site-packages_PyQt6_Qt6_qml_QtQuick_Controls_FluentWinUI3_dark_images --> node_venv_lib_python3_12_site-packages_PyQt6_Qt6_qml_QtQuick_Controls_FluentWinUI3_dark_images_checkbox-indicator-checked-disabled_png["checkbox-indicator-checked-disabled.png"]\n    Root --> node_venv["venv"]\n    node_venv --> node_venv_lib["lib"]\n    node_venv_lib --> node_venv_lib_python3_12["python3.12"]\n    node_venv_lib_python3_12 --> node_venv_lib_python3_12_site-packages["site-packages"]\n    node_venv_lib_python3_12_site-packages --> node_venv_lib_python3_12_site-packages_PyQt6["PyQt6"]\n    node_venv_lib_python3_12_site-packages_PyQt6 --> node_venv_lib_python3_12_site-packages_PyQt6_Qt6["Qt6"]\n    node_venv_lib_python3_12_site-packages_PyQt6_Qt6 --> node_venv_lib_python3_12_site-packages_PyQt6_Qt6_qml["qml"]\n    node_venv_lib_python3_12_site-packages_PyQt6_Qt6_qml --> node_venv_lib_python3_12_site-packages_PyQt6_Qt6_qml_QtQuick["QtQuick"]\n    node_venv_lib_python3_12_site-packages_PyQt6_Qt6_qml_QtQuick --> node_venv_lib_python3_12_site-packages_PyQt6_Qt6_qml_QtQuick_Controls["Controls"]\n    node_venv_lib_python3_12_site-packages_PyQt6_Qt6_qml_QtQuick_Controls --> node_venv_lib_python3_12_site-packages_PyQt6_Qt6_qml_QtQuick_Controls_FluentWinUI3["FluentWinUI3"]\n    node_venv_lib_python3_12_site-packages_PyQt6_Qt6_qml_QtQuick_Controls_FluentWinUI3 --> node_venv_lib_python3_12_site-packages_PyQt6_Qt6_qml_QtQuick_Controls_FluentWinUI3_dark["dark"]\n    node_venv_lib_python3_12_site-packages_PyQt6_Qt6_qml_QtQuick_Controls_FluentWinUI3_dark --> node_venv_lib_python3_12_site-packages_PyQt6_Qt6_qml_QtQuick_Controls_FluentWinUI3_dark_images["images"]\n    node_venv_lib_python3_12_site-packages_PyQt6_Qt6_qml_QtQuick_Controls_FluentWinUI3_dark_images --> node_venv_lib_python3_12_site-packages_PyQt6_Qt6_qml_QtQuick_Controls_FluentWinUI3_dark_images_checkbox-indicator-checked-disabled@2x_png["checkbox-indicator-checked-disabled@2x.png"]\n    Root --> node_venv["venv"]\n    node_venv --> node_venv_lib["lib"]\n    node_venv_lib --> node_venv_lib_python3_12["python3.12"]\n    node_venv_lib_python3_12 --> node_venv_lib_python3_12_site-packages["site-packages"]\n    node_venv_lib_python3_12_site-packages --> node_venv_lib_python3_12_site-packages_PyQt6["PyQt6"]\n    node_venv_lib_python3_12_site-packages_PyQt6 --> node_venv_lib_python3_12_site-packages_PyQt6_Qt6["Qt6"]\n    node_venv_lib_python3_12_site-packages_PyQt6_Qt6 --> node_venv_lib_python3_12_site-packages_PyQt6_Qt6_qml["qml"]\n    node_venv_lib_python3_12_site-packages_PyQt6_Qt6_qml --> node_venv_lib_python3_12_site-packages_PyQt6_Qt6_qml_QtQuick["QtQuick"]\n    node_venv_lib_python3_12_site-packages_PyQt6_Qt6_qml_QtQuick --> node_venv_lib_python3_12_site-packages_PyQt6_Qt6_qml_QtQuick_Controls["Controls"]\n    node_venv_lib_python3_12_site-packages_PyQt6_Qt6_qml_QtQuick_Controls --> node_venv_lib_python3_12_site-packages_PyQt6_Qt6_qml_QtQuick_Controls_FluentWinUI3["FluentWinUI3"]\n    node_venv_lib_python3_12_site-packages_PyQt6_Qt6_qml_QtQuick_Controls_FluentWinUI3 --> node_venv_lib_python3_12_site-packages_PyQt6_Qt6_qml_QtQuick_Controls_FluentWinUI3_dark["dark"]\n    node_venv_lib_python3_12_site-packages_PyQt6_Qt6_qml_QtQuick_Controls_FluentWinUI3_dark --> node_venv_lib_python3_12_site-packages_PyQt6_Qt6_qml_QtQuick_Controls_FluentWinUI3_dark_images["images"]\n    node_venv_lib_python3_12_site-packages_PyQt6_Qt6_qml_QtQuick_Controls_FluentWinUI3_dark_images --> node_venv_lib_python3_12_site-packages_PyQt6_Qt6_qml_QtQuick_Controls_FluentWinUI3_dark_images_checkbox-indicator-checked-disabled@3x_png["checkbox-indicator-checked-disabled@3x.png"]\n    Root --> node_venv["venv"]\n    node_venv --> node_venv_lib["lib"]\n    node_venv_lib --> node_venv_lib_python3_12["python3.12"]\n    node_venv_lib_python3_12 --> node_venv_lib_python3_12_site-packages["site-packages"]\n    node_venv_lib_python3_12_site-packages --> node_venv_lib_python3_12_site-packages_PyQt6["PyQt6"]\n    node_venv_lib_python3_12_site-packages_PyQt6 --> node_venv_lib_python3_12_site-packages_PyQt6_Qt6["Qt6"]\n    node_venv_lib_python3_12_site-packages_PyQt6_Qt6 --> node_venv_lib_python3_12_site-packages_PyQt6_Qt6_qml["qml"]\n    node_venv_lib_python3_12_site-packages_PyQt6_Qt6_qml --> node_venv_lib_python3_12_site-packages_PyQt6_Qt6_qml_QtQuick["QtQuick"]\n    node_venv_lib_python3_12_site-packages_PyQt6_Qt6_qml_QtQuick --> node_venv_lib_python3_12_site-packages_PyQt6_Qt6_qml_QtQuick_Controls["Controls"]\n    node_venv_lib_python3_12_site-packages_PyQt6_Qt6_qml_QtQuick_Controls --> node_venv_lib_python3_12_site-packages_PyQt6_Qt6_qml_QtQuick_Controls_FluentWinUI3["FluentWinUI3"]\n    node_venv_lib_python3_12_site-packages_PyQt6_Qt6_qml_QtQuick_Controls_FluentWinUI3 --> node_venv_lib_python3_12_site-packages_PyQt6_Qt6_qml_QtQuick_Controls_FluentWinUI3_dark["dark"]\n    node_venv_lib_python3_12_site-packages_PyQt6_Qt6_qml_QtQuick_Controls_FluentWinUI3_dark --> node_venv_lib_python3_12_site-packages_PyQt6_Qt6_qml_QtQuick_Controls_FluentWinUI3_dark_images["images"]\n    node_venv_lib_python3_12_site-packages_PyQt6_Qt6_qml_QtQuick_Controls_FluentWinUI3_dark_images --> node_venv_lib_python3_12_site-packages_PyQt6_Qt6_qml_QtQuick_Controls_FluentWinUI3_dark_images_checkbox-indicator-checked-hovered_png["checkbox-indicator-checked-hovered.png"]\n    Root --> node_venv["venv"]\n    node_venv --> node_venv_lib["lib"]\n    node_venv_lib --> node_venv_lib_python3_12["python3.12"]\n    node_venv_lib_python3_12 --> node_venv_lib_python3_12_site-packages["site-packages"]\n    node_venv_lib_python3_12_site-packages --> node_venv_lib_python3_12_site-packages_PyQt6["PyQt6"]\n    node_venv_lib_python3_12_site-packages_PyQt6 --> node_venv_lib_python3_12_site-packages_PyQt6_Qt6["Qt6"]\n    node_venv_lib_python3_12_site-packages_PyQt6_Qt6 --> node_venv_lib_python3_12_site-packages_PyQt6_Qt6_qml["qml"]\n    node_venv_lib_python3_12_site-packages_PyQt6_Qt6_qml --> node_venv_lib_python3_12_site-packages_PyQt6_Qt6_qml_QtQuick["QtQuick"]\n    node_venv_lib_python3_12_site-packages_PyQt6_Qt6_qml_QtQuick --> node_venv_lib_python3_12_site-packages_PyQt6_Qt6_qml_QtQuick_Controls["Controls"]\n    node_venv_lib_python3_12_site-packages_PyQt6_Qt6_qml_QtQuick_Controls --> node_venv_lib_python3_12_site-packages_PyQt6_Qt6_qml_QtQuick_Controls_FluentWinUI3["FluentWinUI3"]\n    node_venv_lib_python3_12_site-packages_PyQt6_Qt6_qml_QtQuick_Controls_FluentWinUI3 --> node_venv_lib_python3_12_site-packages_PyQt6_Qt6_qml_QtQuick_Controls_FluentWinUI3_dark["dark"]\n    node_venv_lib_python3_12_site-packages_PyQt6_Qt6_qml_QtQuick_Controls_FluentWinUI3_dark --> node_venv_lib_python3_12_site-packages_PyQt6_Qt6_qml_QtQuick_Controls_FluentWinUI3_dark_images["images"]\n    node_venv_lib_python3_12_site-packages_PyQt6_Qt6_qml_QtQuick_Controls_FluentWinUI3_dark_images --> node_venv_lib_python3_12_site-packages_PyQt6_Qt6_qml_QtQuick_Controls_FluentWinUI3_dark_images_checkbox-indicator-checked-hovered@2x_png["checkbox-indicator-checked-hovered@2x.png"]\n    Root --> node_venv["venv"]\n    node_venv --> node_venv_lib["lib"]\n    node_venv_lib --> node_venv_lib_python3_12["python3.12"]\n    node_venv_lib_python3_12 --> node_venv_lib_python3_12_site-packages["site-packages"]\n    node_venv_lib_python3_12_site-packages --> node_venv_lib_python3_12_site-packages_PyQt6["PyQt6"]\n    node_venv_lib_python3_12_site-packages_PyQt6 --> node_venv_lib_python3_12_site-packages_PyQt6_Qt6["Qt6"]\n    node_venv_lib_python3_12_site-packages_PyQt6_Qt6 --> node_venv_lib_python3_12_site-packages_PyQt6_Qt6_qml["qml"]\n    node_venv_lib_python3_12_site-packages_PyQt6_Qt6_qml --> node_venv_lib_python3_12_site-packages_PyQt6_Qt6_qml_QtQuick["QtQuick"]\n    node_venv_lib_python3_12_site-packages_PyQt6_Qt6_qml_QtQuick --> node_venv_lib_python3_12_site-packages_PyQt6_Qt6_qml_QtQuick_Controls["Controls"]\n    node_venv_lib_python3_12_site-packages_PyQt6_Qt6_qml_QtQuick_Controls --> node_venv_lib_python3_12_site-packages_PyQt6_Qt6_qml_QtQuick_Controls_FluentWinUI3["FluentWinUI3"]\n    node_venv_lib_python3_12_site-packages_PyQt6_Qt6_qml_QtQuick_Controls_FluentWinUI3 --> node_venv_lib_python3_12_site-packages_PyQt6_Qt6_qml_QtQuick_Controls_FluentWinUI3_dark["dark"]\n    node_venv_lib_python3_12_site-packages_PyQt6_Qt6_qml_QtQuick_Controls_FluentWinUI3_dark --> node_venv_lib_python3_12_site-packages_PyQt6_Qt6_qml_QtQuick_Controls_FluentWinUI3_dark_images["images"]\n    node_venv_lib_python3_12_site-packages_PyQt6_Qt6_qml_QtQuick_Controls_FluentWinUI3_dark_images --> node_venv_lib_python3_12_site-packages_PyQt6_Qt6_qml_QtQuick_Controls_FluentWinUI3_dark_images_checkbox-indicator-checked-hovered@3x_png["checkbox-indicator-checked-hovered@3x.png"]\n    Root --> node_venv["venv"]\n    node_venv --> node_venv_lib["lib"]\n    node_venv_lib --> node_venv_lib_python3_12["python3.12"]\n    node_venv_lib_python3_12 --> node_venv_lib_python3_12_site-packages["site-packages"]\n    node_venv_lib_python3_12_site-packages --> node_venv_lib_python3_12_site-packages_PyQt6["PyQt6"]\n    node_venv_lib_python3_12_site-packages_PyQt6 --> node_venv_lib_python3_12_site-packages_PyQt6_Qt6["Qt6"]\n    node_venv_lib_python3_12_site-packages_PyQt6_Qt6 --> node_venv_lib_python3_12_site-packages_PyQt6_Qt6_qml["qml"]\n    node_venv_lib_python3_12_site-packages_PyQt6_Qt6_qml --> node_venv_lib_python3_12_site-packages_PyQt6_Qt6_qml_QtQuick["QtQuick"]\n    node_venv_lib_python3_12_site-packages_PyQt6_Qt6_qml_QtQuick --> node_venv_lib_python3_12_site-packages_PyQt6_Qt6_qml_QtQuick_Controls["Controls"]\n    node_venv_lib_python3_12_site-packages_PyQt6_Qt6_qml_QtQuick_Controls --> node_venv_lib_python3_12_site-packages_PyQt6_Qt6_qml_QtQuick_Controls_FluentWinUI3["FluentWinUI3"]\n    node_venv_lib_python3_12_site-packages_PyQt6_Qt6_qml_QtQuick_Controls_FluentWinUI3 --> node_venv_lib_python3_12_site-packages_PyQt6_Qt6_qml_QtQuick_Controls_FluentWinUI3_dark["dark"]\n    node_venv_lib_python3_12_site-packages_PyQt6_Qt6_qml_QtQuick_Controls_FluentWinUI3_dark --> node_venv_lib_python3_12_site-packages_PyQt6_Qt6_qml_QtQuick_Controls_FluentWinUI3_dark_images["images"]\n    node_venv_lib_python3_12_site-packages_PyQt6_Qt6_qml_QtQuick_Controls_FluentWinUI3_dark_images --> node_venv_lib_python3_12_site-packages_PyQt6_Qt6_qml_QtQuick_Controls_FluentWinUI3_dark_images_checkbox-indicator-checked-pressed_png["checkbox-indicator-checked-pressed.png"]\n    Root --> node_venv["venv"]\n    node_venv --> node_venv_lib["lib"]\n    node_venv_lib --> node_venv_lib_python3_12["python3.12"]\n    node_venv_lib_python3_12 --> node_venv_lib_python3_12_site-packages["site-packages"]\n    node_venv_lib_python3_12_site-packages --> node_venv_lib_python3_12_site-packages_PyQt6["PyQt6"]\n    node_venv_lib_python3_12_site-packages_PyQt6 --> node_venv_lib_python3_12_site-packages_PyQt6_Qt6["Qt6"]\n    node_venv_lib_python3_12_site-packages_PyQt6_Qt6 --> node_venv_lib_python3_12_site-packages_PyQt6_Qt6_qml["qml"]\n    node_venv_lib_python3_12_site-packages_PyQt6_Qt6_qml --> node_venv_lib_python3_12_site-packages_PyQt6_Qt6_qml_QtQuick["QtQuick"]\n    node_venv_lib_python3_12_site-packages_PyQt6_Qt6_qml_QtQuick --> node_venv_lib_python3_12_site-packages_PyQt6_Qt6_qml_QtQuick_Controls["Controls"]\n    node_venv_lib_python3_12_site-packages_PyQt6_Qt6_qml_QtQuick_Controls --> node_venv_lib_python3_12_site-packages_PyQt6_Qt6_qml_QtQuick_Controls_FluentWinUI3["FluentWinUI3"]\n    node_venv_lib_python3_12_site-packages_PyQt6_Qt6_qml_QtQuick_Controls_FluentWinUI3 --> node_venv_lib_python3_12_site-packages_PyQt6_Qt6_qml_QtQuick_Controls_FluentWinUI3_dark["dark"]\n    node_venv_lib_python3_12_site-packages_PyQt6_Qt6_qml_QtQuick_Controls_FluentWinUI3_dark --> node_venv_lib_python3_12_site-packages_PyQt6_Qt6_qml_QtQuick_Controls_FluentWinUI3_dark_images["images"]\n    node_venv_lib_python3_12_site-packages_PyQt6_Qt6_qml_QtQuick_Controls_FluentWinUI3_dark_images --> node_venv_lib_python3_12_site-packages_PyQt6_Qt6_qml_QtQuick_Controls_FluentWinUI3_dark_images_checkbox-indicator-checked-pressed@2x_png["checkbox-indicator-checked-pressed@2x.png"]\n    Root --> node_venv["venv"]\n    node_venv --> node_venv_lib["lib"]\n    node_venv_lib --> node_venv_lib_python3_12["python3.12"]\n    node_venv_lib_python3_12 --> node_venv_lib_python3_12_site-packages["site-packages"]\n    node_venv_lib_python3_12_site-packages --> node_venv_lib_python3_12_site-packages_PyQt6["PyQt6"]\n    node_venv_lib_python3_12_site-packages_PyQt6 --> node_venv_lib_python3_12_site-packages_PyQt6_Qt6["Qt6"]\n    node_venv_lib_python3_12_site-packages_PyQt6_Qt6 --> node_venv_lib_python3_12_site-packages_PyQt6_Qt6_qml["qml"]\n    node_venv_lib_python3_12_site-packages_PyQt6_Qt6_qml --> node_venv_lib_python3_12_site-packages_PyQt6_Qt6_qml_QtQuick["QtQuick"]\n    node_venv_lib_python3_12_site-packages_PyQt6_Qt6_qml_QtQuick --> node_venv_lib_python3_12_site-packages_PyQt6_Qt6_qml_QtQuick_Controls["Controls"]\n    node_venv_lib_python3_12_site-packages_PyQt6_Qt6_qml_QtQuick_Controls --> node_venv_lib_python3_12_site-packages_PyQt6_Qt6_qml_QtQuick_Controls_FluentWinUI3["FluentWinUI3"]\n    node_venv_lib_python3_12_site-packages_PyQt6_Qt6_qml_QtQuick_Controls_FluentWinUI3 --> node_venv_lib_python3_12_site-packages_PyQt6_Qt6_qml_QtQuick_Controls_FluentWinUI3_dark["dark"]\n    node_venv_lib_python3_12_site-packages_PyQt6_Qt6_qml_QtQuick_Controls_FluentWinUI3_dark --> node_venv_lib_python3_12_site-packages_PyQt6_Qt6_qml_QtQuick_Controls_FluentWinUI3_dark_images["images"]\n    node_venv_lib_python3_12_site-packages_PyQt6_Qt6_qml_QtQuick_Controls_FluentWinUI3_dark_images --> node_venv_lib_python3_12_site-packages_PyQt6_Qt6_qml_QtQuick_Controls_FluentWinUI3_dark_images_checkbox-indicator-checked-pressed@3x_png["checkbox-indicator-checked-pressed@3x.png"]\n    Root --> node_venv["venv"]\n    node_venv --> node_venv_lib["lib"]\n    node_venv_lib --> node_venv_lib_python3_12["python3.12"]\n    node_venv_lib_python3_12 --> node_venv_lib_python3_12_site-packages["site-packages"]\n    node_venv_lib_python3_12_site-packages --> node_venv_lib_python3_12_site-packages_PyQt6["PyQt6"]\n    node_venv_lib_python3_12_site-packages_PyQt6 --> node_venv_lib_python3_12_site-packages_PyQt6_Qt6["Qt6"]\n    node_venv_lib_python3_12_site-packages_PyQt6_Qt6 --> node_venv_lib_python3_12_site-packages_PyQt6_Qt6_qml["qml"]\n    node_venv_lib_python3_12_site-packages_PyQt6_Qt6_qml --> node_venv_lib_python3_12_site-packages_PyQt6_Qt6_qml_QtQuick["QtQuick"]\n    node_venv_lib_python3_12_site-packages_PyQt6_Qt6_qml_QtQuick --> node_venv_lib_python3_12_site-packages_PyQt6_Qt6_qml_QtQuick_Controls["Controls"]\n    node_venv_lib_python3_12_site-packages_PyQt6_Qt6_qml_QtQuick_Controls --> node_venv_lib_python3_12_site-packages_PyQt6_Qt6_qml_QtQuick_Controls_FluentWinUI3["FluentWinUI3"]\n    node_venv_lib_python3_12_site-packages_PyQt6_Qt6_qml_QtQuick_Controls_FluentWinUI3 --> node_venv_lib_python3_12_site-packages_PyQt6_Qt6_qml_QtQuick_Controls_FluentWinUI3_dark["dark"]\n    node_venv_lib_python3_12_site-packages_PyQt6_Qt6_qml_QtQuick_Controls_FluentWinUI3_dark --> node_venv_lib_python3_12_site-packages_PyQt6_Qt6_qml_QtQuick_Controls_FluentWinUI3_dark_images["images"]\n    node_venv_lib_python3_12_site-packages_PyQt6_Qt6_qml_QtQuick_Controls_FluentWinUI3_dark_images --> node_venv_lib_python3_12_site-packages_PyQt6_Qt6_qml_QtQuick_Controls_FluentWinUI3_dark_images_checkbox-indicator-checked_png["checkbox-indicator-checked.png"]\n    Root --> node_venv["venv"]\n    node_venv --> node_venv_lib["lib"]\n    node_venv_lib --> node_venv_lib_python3_12["python3.12"]\n    node_venv_lib_python3_12 --> node_venv_lib_python3_12_site-packages["site-packages"]\n    node_venv_lib_python3_12_site-packages --> node_venv_lib_python3_12_site-packages_PyQt6["PyQt6"]\n    node_venv_lib_python3_12_site-packages_PyQt6 --> node_venv_lib_python3_12_site-packages_PyQt6_Qt6["Qt6"]\n    node_venv_lib_python3_12_site-packages_PyQt6_Qt6 --> node_venv_lib_python3_12_site-packages_PyQt6_Qt6_qml["qml"]\n    node_venv_lib_python3_12_site-packages_PyQt6_Qt6_qml --> node_venv_lib_python3_12_site-packages_PyQt6_Qt6_qml_QtQuick["QtQuick"]\n    node_venv_lib_python3_12_site-packages_PyQt6_Qt6_qml_QtQuick --> node_venv_lib_python3_12_site-packages_PyQt6_Qt6_qml_QtQuick_Controls["Controls"]\n    node_venv_lib_python3_12_site-packages_PyQt6_Qt6_qml_QtQuick_Controls --> node_venv_lib_python3_12_site-packages_PyQt6_Qt6_qml_QtQuick_Controls_FluentWinUI3["FluentWinUI3"]\n    node_venv_lib_python3_12_site-packages_PyQt6_Qt6_qml_QtQuick_Controls_FluentWinUI3 --> node_venv_lib_python3_12_site-packages_PyQt6_Qt6_qml_QtQuick_Controls_FluentWinUI3_dark["dark"]\n    node_venv_lib_python3_12_site-packages_PyQt6_Qt6_qml_QtQuick_Controls_FluentWinUI3_dark --> node_venv_lib_python3_12_site-packages_PyQt6_Qt6_qml_QtQuick_Controls_FluentWinUI3_dark_images["images"]\n    node_venv_lib_python3_12_site-packages_PyQt6_Qt6_qml_QtQuick_Controls_FluentWinUI3_dark_images --> node_venv_lib_python3_12_site-packages_PyQt6_Qt6_qml_QtQuick_Controls_FluentWinUI3_dark_images_checkbox-indicator-checked@2x_png["checkbox-indicator-checked@2x.png"]\n    Root --> node_venv["venv"]\n    node_venv --> node_venv_lib["lib"]\n    node_venv_lib --> node_venv_lib_python3_12["python3.12"]\n    node_venv_lib_python3_12 --> node_venv_lib_python3_12_site-packages["site-packages"]\n    node_venv_lib_python3_12_site-packages --> node_venv_lib_python3_12_site-packages_PyQt6["PyQt6"]\n    node_venv_lib_python3_12_site-packages_PyQt6 --> node_venv_lib_python3_12_site-packages_PyQt6_Qt6["Qt6"]\n    node_venv_lib_python3_12_site-packages_PyQt6_Qt6 --> node_venv_lib_python3_12_site-packages_PyQt6_Qt6_qml["qml"]\n    node_venv_lib_python3_12_site-packages_PyQt6_Qt6_qml --> node_venv_lib_python3_12_site-packages_PyQt6_Qt6_qml_QtQuick["QtQuick"]\n    node_venv_lib_python3_12_site-packages_PyQt6_Qt6_qml_QtQuick --> node_venv_lib_python3_12_site-packages_PyQt6_Qt6_qml_QtQuick_Controls["Controls"]\n    node_venv_lib_python3_12_site-packages_PyQt6_Qt6_qml_QtQuick_Controls --> node_venv_lib_python3_12_site-packages_PyQt6_Qt6_qml_QtQuick_Controls_FluentWinUI3["FluentWinUI3"]\n    node_venv_lib_python3_12_site-packages_PyQt6_Qt6_qml_QtQuick_Controls_FluentWinUI3 --> node_venv_lib_python3_12_site-packages_PyQt6_Qt6_qml_QtQuick_Controls_FluentWinUI3_dark["dark"]\n    node_venv_lib_python3_12_site-packages_PyQt6_Qt6_qml_QtQuick_Controls_FluentWinUI3_dark --> node_venv_lib_python3_12_site-packages_PyQt6_Qt6_qml_QtQuick_Controls_FluentWinUI3_dark_images["images"]\n    node_venv_lib_python3_12_site-packages_PyQt6_Qt6_qml_QtQuick_Controls_FluentWinUI3_dark_images --> node_venv_lib_python3_12_site-packages_PyQt6_Qt6_qml_QtQuick_Controls_FluentWinUI3_dark_images_checkbox-indicator-checked@3x_png["checkbox-indicator-checked@3x.png"]\n    Root --> node_venv["venv"]\n    node_venv --> node_venv_lib["lib"]\n    node_venv_lib --> node_venv_lib_python3_12["python3.12"]\n    node_venv_lib_python3_12 --> node_venv_lib_python3_12_site-packages["site-packages"]\n    node_venv_lib_python3_12_site-packages --> node_venv_lib_python3_12_site-packages_PyQt6["PyQt6"]\n    node_venv_lib_python3_12_site-packages_PyQt6 --> node_venv_lib_python3_12_site-packages_PyQt6_Qt6["Qt6"]\n    node_venv_lib_python3_12_site-packages_PyQt6_Qt6 --> node_venv_lib_python3_12_site-packages_PyQt6_Qt6_qml["qml"]\n    node_venv_lib_python3_12_site-packages_PyQt6_Qt6_qml --> node_venv_lib_python3_12_site-packages_PyQt6_Qt6_qml_QtQuick["QtQuick"]\n    node_venv_lib_python3_12_site-packages_PyQt6_Qt6_qml_QtQuick --> node_venv_lib_python3_12_site-packages_PyQt6_Qt6_qml_QtQuick_Controls["Controls"]\n    node_venv_lib_python3_12_site-packages_PyQt6_Qt6_qml_QtQuick_Controls --> node_venv_lib_python3_12_site-packages_PyQt6_Qt6_qml_QtQuick_Controls_FluentWinUI3["FluentWinUI3"]\n    node_venv_lib_python3_12_site-packages_PyQt6_Qt6_qml_QtQuick_Controls_FluentWinUI3 --> node_venv_lib_python3_12_site-packages_PyQt6_Qt6_qml_QtQuick_Controls_FluentWinUI3_dark["dark"]\n    node_venv_lib_python3_12_site-packages_PyQt6_Qt6_qml_QtQuick_Controls_FluentWinUI3_dark --> node_venv_lib_python3_12_site-packages_PyQt6_Qt6_qml_QtQuick_Controls_FluentWinUI3_dark_images["images"]\n    node_venv_lib_python3_12_site-packages_PyQt6_Qt6_qml_QtQuick_Controls_FluentWinUI3_dark_images --> node_venv_lib_python3_12_site-packages_PyQt6_Qt6_qml_QtQuick_Controls_FluentWinUI3_dark_images_checkbox-indicator-disabled-partiallyChecked_png["checkbox-indicator-disabled-partiallyChecked.png"]\n    Root --> node_venv["venv"]\n    node_venv --> node_venv_lib["lib"]\n    node_venv_lib --> node_venv_lib_python3_12["python3.12"]\n    node_venv_lib_python3_12 --> node_venv_lib_python3_12_site-packages["site-packages"]\n    node_venv_lib_python3_12_site-packages --> node_venv_lib_python3_12_site-packages_PyQt6["PyQt6"]\n    node_venv_lib_python3_12_site-packages_PyQt6 --> node_venv_lib_python3_12_site-packages_PyQt6_Qt6["Qt6"]\n    node_venv_lib_python3_12_site-packages_PyQt6_Qt6 --> node_venv_lib_python3_12_site-packages_PyQt6_Qt6_qml["qml"]\n    node_venv_lib_python3_12_site-packages_PyQt6_Qt6_qml --> node_venv_lib_python3_12_site-packages_PyQt6_Qt6_qml_QtQuick["QtQuick"]\n    node_venv_lib_python3_12_site-packages_PyQt6_Qt6_qml_QtQuick --> node_venv_lib_python3_12_site-packages_PyQt6_Qt6_qml_QtQuick_Controls["Controls"]\n    node_venv_lib_python3_12_site-packages_PyQt6_Qt6_qml_QtQuick_Controls --> node_venv_lib_python3_12_site-packages_PyQt6_Qt6_qml_QtQuick_Controls_FluentWinUI3["FluentWinUI3"]\n    node_venv_lib_python3_12_site-packages_PyQt6_Qt6_qml_QtQuick_Controls_FluentWinUI3 --> node_venv_lib_python3_12_site-packages_PyQt6_Qt6_qml_QtQuick_Controls_FluentWinUI3_dark["dark"]\n    node_venv_lib_python3_12_site-packages_PyQt6_Qt6_qml_QtQuick_Controls_FluentWinUI3_dark --> node_venv_lib_python3_12_site-packages_PyQt6_Qt6_qml_QtQuick_Controls_FluentWinUI3_dark_images["images"]\n    node_venv_lib_python3_12_site-packages_PyQt6_Qt6_qml_QtQuick_Controls_FluentWinUI3_dark_images --> node_venv_lib_python3_12_site-packages_PyQt6_Qt6_qml_QtQuick_Controls_FluentWinUI3_dark_images_checkbox-indicator-disabled-partiallyChecked@2x_png["checkbox-indicator-disabled-partiallyChecked@2x.png"]\n    Root --> node_venv["venv"]\n    node_venv --> node_venv_lib["lib"]\n    node_venv_lib --> node_venv_lib_python3_12["python3.12"]\n    node_venv_lib_python3_12 --> node_venv_lib_python3_12_site-packages["site-packages"]\n    node_venv_lib_python3_12_site-packages --> node_venv_lib_python3_12_site-packages_PyQt6["PyQt6"]\n    node_venv_lib_python3_12_site-packages_PyQt6 --> node_venv_lib_python3_12_site-packages_PyQt6_Qt6["Qt6"]\n    node_venv_lib_python3_12_site-packages_PyQt6_Qt6 --> node_venv_lib_python3_12_site-packages_PyQt6_Qt6_qml["qml"]\n    node_venv_lib_python3_12_site-packages_PyQt6_Qt6_qml --> node_venv_lib_python3_12_site-packages_PyQt6_Qt6_qml_QtQuick["QtQuick"]\n    node_venv_lib_python3_12_site-packages_PyQt6_Qt6_qml_QtQuick --> node_venv_lib_python3_12_site-packages_PyQt6_Qt6_qml_QtQuick_Controls["Controls"]\n    node_venv_lib_python3_12_site-packages_PyQt6_Qt6_qml_QtQuick_Controls --> node_venv_lib_python3_12_site-packages_PyQt6_Qt6_qml_QtQuick_Controls_FluentWinUI3["FluentWinUI3"]\n    node_venv_lib_python3_12_site-packages_PyQt6_Qt6_qml_QtQuick_Controls_FluentWinUI3 --> node_venv_lib_python3_12_site-packages_PyQt6_Qt6_qml_QtQuick_Controls_FluentWinUI3_dark["dark"]\n    node_venv_lib_python3_12_site-packages_PyQt6_Qt6_qml_QtQuick_Controls_FluentWinUI3_dark --> node_venv_lib_python3_12_site-packages_PyQt6_Qt6_qml_QtQuick_Controls_FluentWinUI3_dark_images["images"]\n    node_venv_lib_python3_12_site-packages_PyQt6_Qt6_qml_QtQuick_Controls_FluentWinUI3_dark_images --> node_venv_lib_python3_12_site-packages_PyQt6_Qt6_qml_QtQuick_Controls_FluentWinUI3_dark_images_checkbox-indicator-disabled-partiallyChecked@3x_png["checkbox-indicator-disabled-partiallyChecked@3x.png"]\n    Root --> node_venv["venv"]\n    node_venv --> node_venv_lib["lib"]\n    node_venv_lib --> node_venv_lib_python3_12["python3.12"]\n    node_venv_lib_python3_12 --> node_venv_lib_python3_12_site-packages["site-packages"]\n    node_venv_lib_python3_12_site-packages --> node_venv_lib_python3_12_site-packages_PyQt6["PyQt6"]\n    node_venv_lib_python3_12_site-packages_PyQt6 --> node_venv_lib_python3_12_site-packages_PyQt6_Qt6["Qt6"]\n    node_venv_lib_python3_12_site-packages_PyQt6_Qt6 --> node_venv_lib_python3_12_site-packages_PyQt6_Qt6_qml["qml"]\n    node_venv_lib_python3_12_site-packages_PyQt6_Qt6_qml --> node_venv_lib_python3_12_site-packages_PyQt6_Qt6_qml_QtQuick["QtQuick"]\n    node_venv_lib_python3_12_site-packages_PyQt6_Qt6_qml_QtQuick --> node_venv_lib_python3_12_site-packages_PyQt6_Qt6_qml_QtQuick_Controls["Controls"]\n    node_venv_lib_python3_12_site-packages_PyQt6_Qt6_qml_QtQuick_Controls --> node_venv_lib_python3_12_site-packages_PyQt6_Qt6_qml_QtQuick_Controls_FluentWinUI3["FluentWinUI3"]\n    node_venv_lib_python3_12_site-packages_PyQt6_Qt6_qml_QtQuick_Controls_FluentWinUI3 --> node_venv_lib_python3_12_site-packages_PyQt6_Qt6_qml_QtQuick_Controls_FluentWinUI3_dark["dark"]\n    node_venv_lib_python3_12_site-packages_PyQt6_Qt6_qml_QtQuick_Controls_FluentWinUI3_dark --> node_venv_lib_python3_12_site-packages_PyQt6_Qt6_qml_QtQuick_Controls_FluentWinUI3_dark_images["images"]\n    node_venv_lib_python3_12_site-packages_PyQt6_Qt6_qml_QtQuick_Controls_FluentWinUI3_dark_images --> node_venv_lib_python3_12_site-packages_PyQt6_Qt6_qml_QtQuick_Controls_FluentWinUI3_dark_images_checkbox-indicator-disabled_png["checkbox-indicator-disabled.png"]\n    Root --> node_venv["venv"]\n    node_venv --> node_venv_lib["lib"]\n    node_venv_lib --> node_venv_lib_python3_12["python3.12"]\n    node_venv_lib_python3_12 --> node_venv_lib_python3_12_site-packages["site-packages"]\n    node_venv_lib_python3_12_site-packages --> node_venv_lib_python3_12_site-packages_PyQt6["PyQt6"]\n    node_venv_lib_python3_12_site-packages_PyQt6 --> node_venv_lib_python3_12_site-packages_PyQt6_Qt6["Qt6"]\n    node_venv_lib_python3_12_site-packages_PyQt6_Qt6 --> node_venv_lib_python3_12_site-packages_PyQt6_Qt6_qml["qml"]\n    node_venv_lib_python3_12_site-packages_PyQt6_Qt6_qml --> node_venv_lib_python3_12_site-packages_PyQt6_Qt6_qml_QtQuick["QtQuick"]\n    node_venv_lib_python3_12_site-packages_PyQt6_Qt6_qml_QtQuick --> node_venv_lib_python3_12_site-packages_PyQt6_Qt6_qml_QtQuick_Controls["Controls"]\n    node_venv_lib_python3_12_site-packages_PyQt6_Qt6_qml_QtQuick_Controls --> node_venv_lib_python3_12_site-packages_PyQt6_Qt6_qml_QtQuick_Controls_FluentWinUI3["FluentWinUI3"]\n    node_venv_lib_python3_12_site-packages_PyQt6_Qt6_qml_QtQuick_Controls_FluentWinUI3 --> node_venv_lib_python3_12_site-packages_PyQt6_Qt6_qml_QtQuick_Controls_FluentWinUI3_dark["dark"]\n    node_venv_lib_python3_12_site-packages_PyQt6_Qt6_qml_QtQuick_Controls_FluentWinUI3_dark --> node_venv_lib_python3_12_site-packages_PyQt6_Qt6_qml_QtQuick_Controls_FluentWinUI3_dark_images["images"]\n    node_venv_lib_python3_12_site-packages_PyQt6_Qt6_qml_QtQuick_Controls_FluentWinUI3_dark_images --> node_venv_lib_python3_12_site-packages_PyQt6_Qt6_qml_QtQuick_Controls_FluentWinUI3_dark_images_checkbox-indicator-disabled@2x_png["checkbox-indicator-disabled@2x.png"]\n    Root --> node_venv["venv"]\n    node_venv --> node_venv_lib["lib"]\n    node_venv_lib --> node_venv_lib_python3_12["python3.12"]\n    node_venv_lib_python3_12 --> node_venv_lib_python3_12_site-packages["site-packages"]\n    node_venv_lib_python3_12_site-packages --> node_venv_lib_python3_12_site-packages_PyQt6["PyQt6"]\n    node_venv_lib_python3_12_site-packages_PyQt6 --> node_venv_lib_python3_12_site-packages_PyQt6_Qt6["Qt6"]\n    node_venv_lib_python3_12_site-packages_PyQt6_Qt6 --> node_venv_lib_python3_12_site-packages_PyQt6_Qt6_qml["qml"]\n    node_venv_lib_python3_12_site-packages_PyQt6_Qt6_qml --> node_venv_lib_python3_12_site-packages_PyQt6_Qt6_qml_QtQuick["QtQuick"]\n    node_venv_lib_python3_12_site-packages_PyQt6_Qt6_qml_QtQuick --> node_venv_lib_python3_12_site-packages_PyQt6_Qt6_qml_QtQuick_Controls["Controls"]\n    node_venv_lib_python3_12_site-packages_PyQt6_Qt6_qml_QtQuick_Controls --> node_venv_lib_python3_12_site-packages_PyQt6_Qt6_qml_QtQuick_Controls_FluentWinUI3["FluentWinUI3"]\n    node_venv_lib_python3_12_site-packages_PyQt6_Qt6_qml_QtQuick_Controls_FluentWinUI3 --> node_venv_lib_python3_12_site-packages_PyQt6_Qt6_qml_QtQuick_Controls_FluentWinUI3_dark["dark"]\n    node_venv_lib_python3_12_site-packages_PyQt6_Qt6_qml_QtQuick_Controls_FluentWinUI3_dark --> node_venv_lib_python3_12_site-packages_PyQt6_Qt6_qml_QtQuick_Controls_FluentWinUI3_dark_images["images"]\n    node_venv_lib_python3_12_site-packages_PyQt6_Qt6_qml_QtQuick_Controls_FluentWinUI3_dark_images --> node_venv_lib_python3_12_site-packages_PyQt6_Qt6_qml_QtQuick_Controls_FluentWinUI3_dark_images_checkbox-indicator-disabled@3x_png["checkbox-indicator-disabled@3x.png"]\n    Root --> node_venv["venv"]\n    node_venv --> node_venv_lib["lib"]\n    node_venv_lib --> node_venv_lib_python3_12["python3.12"]\n    node_venv_lib_python3_12 --> node_venv_lib_python3_12_site-packages["site-packages"]\n    node_venv_lib_python3_12_site-packages --> node_venv_lib_python3_12_site-packages_PyQt6["PyQt6"]\n    node_venv_lib_python3_12_site-packages_PyQt6 --> node_venv_lib_python3_12_site-packages_PyQt6_Qt6["Qt6"]\n    node_venv_lib_python3_12_site-packages_PyQt6_Qt6 --> node_venv_lib_python3_12_site-packages_PyQt6_Qt6_qml["qml"]\n    node_venv_lib_python3_12_site-packages_PyQt6_Qt6_qml --> node_venv_lib_python3_12_site-packages_PyQt6_Qt6_qml_QtQuick["QtQuick"]\n    node_venv_lib_python3_12_site-packages_PyQt6_Qt6_qml_QtQuick --> node_venv_lib_python3_12_site-packages_PyQt6_Qt6_qml_QtQuick_Controls["Controls"]\n    node_venv_lib_python3_12_site-packages_PyQt6_Qt6_qml_QtQuick_Controls --> node_venv_lib_python3_12_site-packages_PyQt6_Qt6_qml_QtQuick_Controls_FluentWinUI3["FluentWinUI3"]\n    node_venv_lib_python3_12_site-packages_PyQt6_Qt6_qml_QtQuick_Controls_FluentWinUI3 --> node_venv_lib_python3_12_site-packages_PyQt6_Qt6_qml_QtQuick_Controls_FluentWinUI3_dark["dark"]\n    node_venv_lib_python3_12_site-packages_PyQt6_Qt6_qml_QtQuick_Controls_FluentWinUI3_dark --> node_venv_lib_python3_12_site-packages_PyQt6_Qt6_qml_QtQuick_Controls_FluentWinUI3_dark_images["images"]\n    node_venv_lib_python3_12_site-packages_PyQt6_Qt6_qml_QtQuick_Controls_FluentWinUI3_dark_images --> node_venv_lib_python3_12_site-packages_PyQt6_Qt6_qml_QtQuick_Controls_FluentWinUI3_dark_images_checkbox-indicator-hovered-partiallyChecked_png["checkbox-indicator-hovered-partiallyChecked.png"]\n    Root --> node_venv["venv"]\n    node_venv --> node_venv_lib["lib"]\n    node_venv_lib --> node_venv_lib_python3_12["python3.12"]\n    node_venv_lib_python3_12 --> node_venv_lib_python3_12_site-packages["site-packages"]\n    node_venv_lib_python3_12_site-packages --> node_venv_lib_python3_12_site-packages_PyQt6["PyQt6"]\n    node_venv_lib_python3_12_site-packages_PyQt6 --> node_venv_lib_python3_12_site-packages_PyQt6_Qt6["Qt6"]\n    node_venv_lib_python3_12_site-packages_PyQt6_Qt6 --> node_venv_lib_python3_12_site-packages_PyQt6_Qt6_qml["qml"]\n    node_venv_lib_python3_12_site-packages_PyQt6_Qt6_qml --> node_venv_lib_python3_12_site-packages_PyQt6_Qt6_qml_QtQuick["QtQuick"]\n    node_venv_lib_python3_12_site-packages_PyQt6_Qt6_qml_QtQuick --> node_venv_lib_python3_12_site-packages_PyQt6_Qt6_qml_QtQuick_Controls["Controls"]\n    node_venv_lib_python3_12_site-packages_PyQt6_Qt6_qml_QtQuick_Controls --> node_venv_lib_python3_12_site-packages_PyQt6_Qt6_qml_QtQuick_Controls_FluentWinUI3["FluentWinUI3"]\n    node_venv_lib_python3_12_site-packages_PyQt6_Qt6_qml_QtQuick_Controls_FluentWinUI3 --> node_venv_lib_python3_12_site-packages_PyQt6_Qt6_qml_QtQuick_Controls_FluentWinUI3_dark["dark"]\n    node_venv_lib_python3_12_site-packages_PyQt6_Qt6_qml_QtQuick_Controls_FluentWinUI3_dark --> node_venv_lib_python3_12_site-packages_PyQt6_Qt6_qml_QtQuick_Controls_FluentWinUI3_dark_images["images"]\n    node_venv_lib_python3_12_site-packages_PyQt6_Qt6_qml_QtQuick_Controls_FluentWinUI3_dark_images --> node_venv_lib_python3_12_site-packages_PyQt6_Qt6_qml_QtQuick_Controls_FluentWinUI3_dark_images_checkbox-indicator-hovered-partiallyChecked@2x_png["checkbox-indicator-hovered-partiallyChecked@2x.png"]\n    Root --> node_venv["venv"]\n    node_venv --> node_venv_lib["lib"]\n    node_venv_lib --> node_venv_lib_python3_12["python3.12"]\n    node_venv_lib_python3_12 --> node_venv_lib_python3_12_site-packages["site-packages"]\n    node_venv_lib_python3_12_site-packages --> node_venv_lib_python3_12_site-packages_PyQt6["PyQt6"]\n    node_venv_lib_python3_12_site-packages_PyQt6 --> node_venv_lib_python3_12_site-packages_PyQt6_Qt6["Qt6"]\n    node_venv_lib_python3_12_site-packages_PyQt6_Qt6 --> node_venv_lib_python3_12_site-packages_PyQt6_Qt6_qml["qml"]\n    node_venv_lib_python3_12_site-packages_PyQt6_Qt6_qml --> node_venv_lib_python3_12_site-packages_PyQt6_Qt6_qml_QtQuick["QtQuick"]\n    node_venv_lib_python3_12_site-packages_PyQt6_Qt6_qml_QtQuick --> node_venv_lib_python3_12_site-packages_PyQt6_Qt6_qml_QtQuick_Controls["Controls"]\n    node_venv_lib_python3_12_site-packages_PyQt6_Qt6_qml_QtQuick_Controls --> node_venv_lib_python3_12_site-packages_PyQt6_Qt6_qml_QtQuick_Controls_FluentWinUI3["FluentWinUI3"]\n    node_venv_lib_python3_12_site-packages_PyQt6_Qt6_qml_QtQuick_Controls_FluentWinUI3 --> node_venv_lib_python3_12_site-packages_PyQt6_Qt6_qml_QtQuick_Controls_FluentWinUI3_dark["dark"]\n    node_venv_lib_python3_12_site-packages_PyQt6_Qt6_qml_QtQuick_Controls_FluentWinUI3_dark --> node_venv_lib_python3_12_site-packages_PyQt6_Qt6_qml_QtQuick_Controls_FluentWinUI3_dark_images["images"]\n    node_venv_lib_python3_12_site-packages_PyQt6_Qt6_qml_QtQuick_Controls_FluentWinUI3_dark_images --> node_venv_lib_python3_12_site-packages_PyQt6_Qt6_qml_QtQuick_Controls_FluentWinUI3_dark_images_checkbox-indicator-hovered-partiallyChecked@3x_png["checkbox-indicator-hovered-partiallyChecked@3x.png"]\n    Root --> node_venv["venv"]\n    node_venv --> node_venv_lib["lib"]\n    node_venv_lib --> node_venv_lib_python3_12["python3.12"]\n    node_venv_lib_python3_12 --> node_venv_lib_python3_12_site-packages["site-packages"]\n    node_venv_lib_python3_12_site-packages --> node_venv_lib_python3_12_site-packages_PyQt6["PyQt6"]\n    node_venv_lib_python3_12_site-packages_PyQt6 --> node_venv_lib_python3_12_site-packages_PyQt6_Qt6["Qt6"]\n    node_venv_lib_python3_12_site-packages_PyQt6_Qt6 --> node_venv_lib_python3_12_site-packages_PyQt6_Qt6_qml["qml"]\n    node_venv_lib_python3_12_site-packages_PyQt6_Qt6_qml --> node_venv_lib_python3_12_site-packages_PyQt6_Qt6_qml_QtQuick["QtQuick"]\n    node_venv_lib_python3_12_site-packages_PyQt6_Qt6_qml_QtQuick --> node_venv_lib_python3_12_site-packages_PyQt6_Qt6_qml_QtQuick_Controls["Controls"]\n    node_venv_lib_python3_12_site-packages_PyQt6_Qt6_qml_QtQuick_Controls --> node_venv_lib_python3_12_site-packages_PyQt6_Qt6_qml_QtQuick_Controls_FluentWinUI3["FluentWinUI3"]\n    node_venv_lib_python3_12_site-packages_PyQt6_Qt6_qml_QtQuick_Controls_FluentWinUI3 --> node_venv_lib_python3_12_site-packages_PyQt6_Qt6_qml_QtQuick_Controls_FluentWinUI3_dark["dark"]\n    node_venv_lib_python3_12_site-packages_PyQt6_Qt6_qml_QtQuick_Controls_FluentWinUI3_dark --> node_venv_lib_python3_12_site-packages_PyQt6_Qt6_qml_QtQuick_Controls_FluentWinUI3_dark_images["images"]\n    node_venv_lib_python3_12_site-packages_PyQt6_Qt6_qml_QtQuick_Controls_FluentWinUI3_dark_images --> node_venv_lib_python3_12_site-packages_PyQt6_Qt6_qml_QtQuick_Controls_FluentWinUI3_dark_images_checkbox-indicator-hovered_png["checkbox-indicator-hovered.png"]\n    Root --> node_venv["venv"]\n    node_venv --> node_venv_lib["lib"]\n    node_venv_lib --> node_venv_lib_python3_12["python3.12"]\n    node_venv_lib_python3_12 --> node_venv_lib_python3_12_site-packages["site-packages"]\n    node_venv_lib_python3_12_site-packages --> node_venv_lib_python3_12_site-packages_PyQt6["PyQt6"]\n    node_venv_lib_python3_12_site-packages_PyQt6 --> node_venv_lib_python3_12_site-packages_PyQt6_Qt6["Qt6"]\n    node_venv_lib_python3_12_site-packages_PyQt6_Qt6 --> node_venv_lib_python3_12_site-packages_PyQt6_Qt6_qml["qml"]\n    node_venv_lib_python3_12_site-packages_PyQt6_Qt6_qml --> node_venv_lib_python3_12_site-packages_PyQt6_Qt6_qml_QtQuick["QtQuick"]\n    node_venv_lib_python3_12_site-packages_PyQt6_Qt6_qml_QtQuick --> node_venv_lib_python3_12_site-packages_PyQt6_Qt6_qml_QtQuick_Controls["Controls"]\n    node_venv_lib_python3_12_site-packages_PyQt6_Qt6_qml_QtQuick_Controls --> node_venv_lib_python3_12_site-packages_PyQt6_Qt6_qml_QtQuick_Controls_FluentWinUI3["FluentWinUI3"]\n    node_venv_lib_python3_12_site-packages_PyQt6_Qt6_qml_QtQuick_Controls_FluentWinUI3 --> node_venv_lib_python3_12_site-packages_PyQt6_Qt6_qml_QtQuick_Controls_FluentWinUI3_dark["dark"]\n    node_venv_lib_python3_12_site-packages_PyQt6_Qt6_qml_QtQuick_Controls_FluentWinUI3_dark --> node_venv_lib_python3_12_site-packages_PyQt6_Qt6_qml_QtQuick_Controls_FluentWinUI3_dark_images["images"]\n    node_venv_lib_python3_12_site-packages_PyQt6_Qt6_qml_QtQuick_Controls_FluentWinUI3_dark_images --> node_venv_lib_python3_12_site-packages_PyQt6_Qt6_qml_QtQuick_Controls_FluentWinUI3_dark_images_checkbox-indicator-hovered@2x_png["checkbox-indicator-hovered@2x.png"]\n    Root --> node_venv["venv"]\n    node_venv --> node_venv_lib["lib"]\n    node_venv_lib --> node_venv_lib_python3_12["python3.12"]\n    node_venv_lib_python3_12 --> node_venv_lib_python3_12_site-packages["site-packages"]\n    node_venv_lib_python3_12_site-packages --> node_venv_lib_python3_12_site-packages_PyQt6["PyQt6"]\n    node_venv_lib_python3_12_site-packages_PyQt6 --> node_venv_lib_python3_12_site-packages_PyQt6_Qt6["Qt6"]\n    node_venv_lib_python3_12_site-packages_PyQt6_Qt6 --> node_venv_lib_python3_12_site-packages_PyQt6_Qt6_qml["qml"]\n    node_venv_lib_python3_12_site-packages_PyQt6_Qt6_qml --> node_venv_lib_python3_12_site-packages_PyQt6_Qt6_qml_QtQuick["QtQuick"]\n    node_venv_lib_python3_12_site-packages_PyQt6_Qt6_qml_QtQuick --> node_venv_lib_python3_12_site-packages_PyQt6_Qt6_qml_QtQuick_Controls["Controls"]\n    node_venv_lib_python3_12_site-packages_PyQt6_Qt6_qml_QtQuick_Controls --> node_venv_lib_python3_12_site-packages_PyQt6_Qt6_qml_QtQuick_Controls_FluentWinUI3["FluentWinUI3"]\n    node_venv_lib_python3_12_site-packages_PyQt6_Qt6_qml_QtQuick_Controls_FluentWinUI3 --> node_venv_lib_python3_12_site-packages_PyQt6_Qt6_qml_QtQuick_Controls_FluentWinUI3_dark["dark"]\n    node_venv_lib_python3_12_site-packages_PyQt6_Qt6_qml_QtQuick_Controls_FluentWinUI3_dark --> node_venv_lib_python3_12_site-packages_PyQt6_Qt6_qml_QtQuick_Controls_FluentWinUI3_dark_images["images"]\n    node_venv_lib_python3_12_site-packages_PyQt6_Qt6_qml_QtQuick_Controls_FluentWinUI3_dark_images --> node_venv_lib_python3_12_site-packages_PyQt6_Qt6_qml_QtQuick_Controls_FluentWinUI3_dark_images_checkbox-indicator-hovered@3x_png["checkbox-indicator-hovered@3x.png"]\n    Root --> node_venv["venv"]\n    node_venv --> node_venv_lib["lib"]\n    node_venv_lib --> node_venv_lib_python3_12["python3.12"]\n    node_venv_lib_python3_12 --> node_venv_lib_python3_12_site-packages["site-packages"]\n    node_venv_lib_python3_12_site-packages --> node_venv_lib_python3_12_site-packages_PyQt6["PyQt6"]\n    node_venv_lib_python3_12_site-packages_PyQt6 --> node_venv_lib_python3_12_site-packages_PyQt6_Qt6["Qt6"]\n    node_venv_lib_python3_12_site-packages_PyQt6_Qt6 --> node_venv_lib_python3_12_site-packages_PyQt6_Qt6_qml["qml"]\n    node_venv_lib_python3_12_site-packages_PyQt6_Qt6_qml --> node_venv_lib_python3_12_site-packages_PyQt6_Qt6_qml_QtQuick["QtQuick"]\n    node_venv_lib_python3_12_site-packages_PyQt6_Qt6_qml_QtQuick --> node_venv_lib_python3_12_site-packages_PyQt6_Qt6_qml_QtQuick_Controls["Controls"]\n    node_venv_lib_python3_12_site-packages_PyQt6_Qt6_qml_QtQuick_Controls --> node_venv_lib_python3_12_site-packages_PyQt6_Qt6_qml_QtQuick_Controls_FluentWinUI3["FluentWinUI3"]\n    node_venv_lib_python3_12_site-packages_PyQt6_Qt6_qml_QtQuick_Controls_FluentWinUI3 --> node_venv_lib_python3_12_site-packages_PyQt6_Qt6_qml_QtQuick_Controls_FluentWinUI3_dark["dark"]\n    node_venv_lib_python3_12_site-packages_PyQt6_Qt6_qml_QtQuick_Controls_FluentWinUI3_dark --> node_venv_lib_python3_12_site-packages_PyQt6_Qt6_qml_QtQuick_Controls_FluentWinUI3_dark_images["images"]\n    node_venv_lib_python3_12_site-packages_PyQt6_Qt6_qml_QtQuick_Controls_FluentWinUI3_dark_images --> node_venv_lib_python3_12_site-packages_PyQt6_Qt6_qml_QtQuick_Controls_FluentWinUI3_dark_images_checkbox-indicator-partiallyChecked-pressed_png["checkbox-indicator-partiallyChecked-pressed.png"]\n    Root --> node_venv["venv"]\n    node_venv --> node_venv_lib["lib"]\n    node_venv_lib --> node_venv_lib_python3_12["python3.12"]\n    node_venv_lib_python3_12 --> node_venv_lib_python3_12_site-packages["site-packages"]\n    node_venv_lib_python3_12_site-packages --> node_venv_lib_python3_12_site-packages_PyQt6["PyQt6"]\n    node_venv_lib_python3_12_site-packages_PyQt6 --> node_venv_lib_python3_12_site-packages_PyQt6_Qt6["Qt6"]\n    node_venv_lib_python3_12_site-packages_PyQt6_Qt6 --> node_venv_lib_python3_12_site-packages_PyQt6_Qt6_qml["qml"]\n    node_venv_lib_python3_12_site-packages_PyQt6_Qt6_qml --> node_venv_lib_python3_12_site-packages_PyQt6_Qt6_qml_QtQuick["QtQuick"]\n    node_venv_lib_python3_12_site-packages_PyQt6_Qt6_qml_QtQuick --> node_venv_lib_python3_12_site-packages_PyQt6_Qt6_qml_QtQuick_Controls["Controls"]\n    node_venv_lib_python3_12_site-packages_PyQt6_Qt6_qml_QtQuick_Controls --> node_venv_lib_python3_12_site-packages_PyQt6_Qt6_qml_QtQuick_Controls_FluentWinUI3["FluentWinUI3"]\n    node_venv_lib_python3_12_site-packages_PyQt6_Qt6_qml_QtQuick_Controls_FluentWinUI3 --> node_venv_lib_python3_12_site-packages_PyQt6_Qt6_qml_QtQuick_Controls_FluentWinUI3_dark["dark"]\n    node_venv_lib_python3_12_site-packages_PyQt6_Qt6_qml_QtQuick_Controls_FluentWinUI3_dark --> node_venv_lib_python3_12_site-packages_PyQt6_Qt6_qml_QtQuick_Controls_FluentWinUI3_dark_images["images"]\n    node_venv_lib_python3_12_site-packages_PyQt6_Qt6_qml_QtQuick_Controls_FluentWinUI3_dark_images --> node_venv_lib_python3_12_site-packages_PyQt6_Qt6_qml_QtQuick_Controls_FluentWinUI3_dark_images_checkbox-indicator-partiallyChecked-pressed@2x_png["checkbox-indicator-partiallyChecked-pressed@2x.png"]\n    Root --> node_venv["venv"]\n    node_venv --> node_venv_lib["lib"]\n    node_venv_lib --> node_venv_lib_python3_12["python3.12"]\n    node_venv_lib_python3_12 --> node_venv_lib_python3_12_site-packages["site-packages"]\n    node_venv_lib_python3_12_site-packages --> node_venv_lib_python3_12_site-packages_PyQt6["PyQt6"]\n    node_venv_lib_python3_12_site-packages_PyQt6 --> node_venv_lib_python3_12_site-packages_PyQt6_Qt6["Qt6"]\n    node_venv_lib_python3_12_site-packages_PyQt6_Qt6 --> node_venv_lib_python3_12_site-packages_PyQt6_Qt6_qml["qml"]\n    node_venv_lib_python3_12_site-packages_PyQt6_Qt6_qml --> node_venv_lib_python3_12_site-packages_PyQt6_Qt6_qml_QtQuick["QtQuick"]\n    node_venv_lib_python3_12_site-packages_PyQt6_Qt6_qml_QtQuick --> node_venv_lib_python3_12_site-packages_PyQt6_Qt6_qml_QtQuick_Controls["Controls"]\n    node_venv_lib_python3_12_site-packages_PyQt6_Qt6_qml_QtQuick_Controls --> node_venv_lib_python3_12_site-packages_PyQt6_Qt6_qml_QtQuick_Controls_FluentWinUI3["FluentWinUI3"]\n    node_venv_lib_python3_12_site-packages_PyQt6_Qt6_qml_QtQuick_Controls_FluentWinUI3 --> node_venv_lib_python3_12_site-packages_PyQt6_Qt6_qml_QtQuick_Controls_FluentWinUI3_dark["dark"]\n    node_venv_lib_python3_12_site-packages_PyQt6_Qt6_qml_QtQuick_Controls_FluentWinUI3_dark --> node_venv_lib_python3_12_site-packages_PyQt6_Qt6_qml_QtQuick_Controls_FluentWinUI3_dark_images["images"]\n    node_venv_lib_python3_12_site-packages_PyQt6_Qt6_qml_QtQuick_Controls_FluentWinUI3_dark_images --> node_venv_lib_python3_12_site-packages_PyQt6_Qt6_qml_QtQuick_Controls_FluentWinUI3_dark_images_checkbox-indicator-partiallyChecked-pressed@3x_png["checkbox-indicator-partiallyChecked-pressed@3x.png"]\n    Root --> node_venv["venv"]\n    node_venv --> node_venv_lib["lib"]\n    node_venv_lib --> node_venv_lib_python3_12["python3.12"]\n    node_venv_lib_python3_12 --> node_venv_lib_python3_12_site-packages["site-packages"]\n    node_venv_lib_python3_12_site-packages --> node_venv_lib_python3_12_site-packages_PyQt6["PyQt6"]\n    node_venv_lib_python3_12_site-packages_PyQt6 --> node_venv_lib_python3_12_site-packages_PyQt6_Qt6["Qt6"]\n    node_venv_lib_python3_12_site-packages_PyQt6_Qt6 --> node_venv_lib_python3_12_site-packages_PyQt6_Qt6_qml["qml"]\n    node_venv_lib_python3_12_site-packages_PyQt6_Qt6_qml --> node_venv_lib_python3_12_site-packages_PyQt6_Qt6_qml_QtQuick["QtQuick"]\n    node_venv_lib_python3_12_site-packages_PyQt6_Qt6_qml_QtQuick --> node_venv_lib_python3_12_site-packages_PyQt6_Qt6_qml_QtQuick_Controls["Controls"]\n    node_venv_lib_python3_12_site-packages_PyQt6_Qt6_qml_QtQuick_Controls --> node_venv_lib_python3_12_site-packages_PyQt6_Qt6_qml_QtQuick_Controls_FluentWinUI3["FluentWinUI3"]\n    node_venv_lib_python3_12_site-packages_PyQt6_Qt6_qml_QtQuick_Controls_FluentWinUI3 --> node_venv_lib_python3_12_site-packages_PyQt6_Qt6_qml_QtQuick_Controls_FluentWinUI3_dark["dark"]\n    node_venv_lib_python3_12_site-packages_PyQt6_Qt6_qml_QtQuick_Controls_FluentWinUI3_dark --> node_venv_lib_python3_12_site-packages_PyQt6_Qt6_qml_QtQuick_Controls_FluentWinUI3_dark_images["images"]\n    node_venv_lib_python3_12_site-packages_PyQt6_Qt6_qml_QtQuick_Controls_FluentWinUI3_dark_images --> node_venv_lib_python3_12_site-packages_PyQt6_Qt6_qml_QtQuick_Controls_FluentWinUI3_dark_images_checkbox-indicator-partiallyChecked_png["checkbox-indicator-partiallyChecked.png"]\n    Root --> node_venv["venv"]\n    node_venv --> node_venv_lib["lib"]\n    node_venv_lib --> node_venv_lib_python3_12["python3.12"]\n    node_venv_lib_python3_12 --> node_venv_lib_python3_12_site-packages["site-packages"]\n    node_venv_lib_python3_12_site-packages --> node_venv_lib_python3_12_site-packages_PyQt6["PyQt6"]\n    node_venv_lib_python3_12_site-packages_PyQt6 --> node_venv_lib_python3_12_site-packages_PyQt6_Qt6["Qt6"]\n    node_venv_lib_python3_12_site-packages_PyQt6_Qt6 --> node_venv_lib_python3_12_site-packages_PyQt6_Qt6_qml["qml"]\n    node_venv_lib_python3_12_site-packages_PyQt6_Qt6_qml --> node_venv_lib_python3_12_site-packages_PyQt6_Qt6_qml_QtQuick["QtQuick"]\n    node_venv_lib_python3_12_site-packages_PyQt6_Qt6_qml_QtQuick --> node_venv_lib_python3_12_site-packages_PyQt6_Qt6_qml_QtQuick_Controls["Controls"]\n    node_venv_lib_python3_12_site-packages_PyQt6_Qt6_qml_QtQuick_Controls --> node_venv_lib_python3_12_site-packages_PyQt6_Qt6_qml_QtQuick_Controls_FluentWinUI3["FluentWinUI3"]\n    node_venv_lib_python3_12_site-packages_PyQt6_Qt6_qml_QtQuick_Controls_FluentWinUI3 --> node_venv_lib_python3_12_site-packages_PyQt6_Qt6_qml_QtQuick_Controls_FluentWinUI3_dark["dark"]\n    node_venv_lib_python3_12_site-packages_PyQt6_Qt6_qml_QtQuick_Controls_FluentWinUI3_dark --> node_venv_lib_python3_12_site-packages_PyQt6_Qt6_qml_QtQuick_Controls_FluentWinUI3_dark_images["images"]\n    node_venv_lib_python3_12_site-packages_PyQt6_Qt6_qml_QtQuick_Controls_FluentWinUI3_dark_images --> node_venv_lib_python3_12_site-packages_PyQt6_Qt6_qml_QtQuick_Controls_FluentWinUI3_dark_images_checkbox-indicator-partiallyChecked@2x_png["checkbox-indicator-partiallyChecked@2x.png"]\n    Root --> node_venv["venv"]\n    node_venv --> node_venv_lib["lib"]\n    node_venv_lib --> node_venv_lib_python3_12["python3.12"]\n    node_venv_lib_python3_12 --> node_venv_lib_python3_12_site-packages["site-packages"]\n    node_venv_lib_python3_12_site-packages --> node_venv_lib_python3_12_site-packages_PyQt6["PyQt6"]\n    node_venv_lib_python3_12_site-packages_PyQt6 --> node_venv_lib_python3_12_site-packages_PyQt6_Qt6["Qt6"]\n    node_venv_lib_python3_12_site-packages_PyQt6_Qt6 --> node_venv_lib_python3_12_site-packages_PyQt6_Qt6_qml["qml"]\n    node_venv_lib_python3_12_site-packages_PyQt6_Qt6_qml --> node_venv_lib_python3_12_site-packages_PyQt6_Qt6_qml_QtQuick["QtQuick"]\n    node_venv_lib_python3_12_site-packages_PyQt6_Qt6_qml_QtQuick --> node_venv_lib_python3_12_site-packages_PyQt6_Qt6_qml_QtQuick_Controls["Controls"]\n    node_venv_lib_python3_12_site-packages_PyQt6_Qt6_qml_QtQuick_Controls --> node_venv_lib_python3_12_site-packages_PyQt6_Qt6_qml_QtQuick_Controls_FluentWinUI3["FluentWinUI3"]\n    node_venv_lib_python3_12_site-packages_PyQt6_Qt6_qml_QtQuick_Controls_FluentWinUI3 --> node_venv_lib_python3_12_site-packages_PyQt6_Qt6_qml_QtQuick_Controls_FluentWinUI3_dark["dark"]\n    node_venv_lib_python3_12_site-packages_PyQt6_Qt6_qml_QtQuick_Controls_FluentWinUI3_dark --> node_venv_lib_python3_12_site-packages_PyQt6_Qt6_qml_QtQuick_Controls_FluentWinUI3_dark_images["images"]\n    node_venv_lib_python3_12_site-packages_PyQt6_Qt6_qml_QtQuick_Controls_FluentWinUI3_dark_images --> node_venv_lib_python3_12_site-packages_PyQt6_Qt6_qml_QtQuick_Controls_FluentWinUI3_dark_images_checkbox-indicator-partiallyChecked@3x_png["checkbox-indicator-partiallyChecked@3x.png"]\n    Root --> node_venv["venv"]\n    node_venv --> node_venv_lib["lib"]\n    node_venv_lib --> node_venv_lib_python3_12["python3.12"]\n    node_venv_lib_python3_12 --> node_venv_lib_python3_12_site-packages["site-packages"]\n    node_venv_lib_python3_12_site-packages --> node_venv_lib_python3_12_site-packages_PyQt6["PyQt6"]\n    node_venv_lib_python3_12_site-packages_PyQt6 --> node_venv_lib_python3_12_site-packages_PyQt6_Qt6["Qt6"]\n    node_venv_lib_python3_12_site-packages_PyQt6_Qt6 --> node_venv_lib_python3_12_site-packages_PyQt6_Qt6_qml["qml"]\n    node_venv_lib_python3_12_site-packages_PyQt6_Qt6_qml --> node_venv_lib_python3_12_site-packages_PyQt6_Qt6_qml_QtQuick["QtQuick"]\n    node_venv_lib_python3_12_site-packages_PyQt6_Qt6_qml_QtQuick --> node_venv_lib_python3_12_site-packages_PyQt6_Qt6_qml_QtQuick_Controls["Controls"]\n    node_venv_lib_python3_12_site-packages_PyQt6_Qt6_qml_QtQuick_Controls --> node_venv_lib_python3_12_site-packages_PyQt6_Qt6_qml_QtQuick_Controls_FluentWinUI3["FluentWinUI3"]\n    node_venv_lib_python3_12_site-packages_PyQt6_Qt6_qml_QtQuick_Controls_FluentWinUI3 --> node_venv_lib_python3_12_site-packages_PyQt6_Qt6_qml_QtQuick_Controls_FluentWinUI3_dark["dark"]\n    node_venv_lib_python3_12_site-packages_PyQt6_Qt6_qml_QtQuick_Controls_FluentWinUI3_dark --> node_venv_lib_python3_12_site-packages_PyQt6_Qt6_qml_QtQuick_Controls_FluentWinUI3_dark_images["images"]\n    node_venv_lib_python3_12_site-packages_PyQt6_Qt6_qml_QtQuick_Controls_FluentWinUI3_dark_images --> node_venv_lib_python3_12_site-packages_PyQt6_Qt6_qml_QtQuick_Controls_FluentWinUI3_dark_images_checkbox-indicator-pressed_png["checkbox-indicator-pressed.png"]\n    Root --> node_venv["venv"]\n    node_venv --> node_venv_lib["lib"]\n    node_venv_lib --> node_venv_lib_python3_12["python3.12"]\n    node_venv_lib_python3_12 --> node_venv_lib_python3_12_site-packages["site-packages"]\n    node_venv_lib_python3_12_site-packages --> node_venv_lib_python3_12_site-packages_PyQt6["PyQt6"]\n    node_venv_lib_python3_12_site-packages_PyQt6 --> node_venv_lib_python3_12_site-packages_PyQt6_Qt6["Qt6"]\n    node_venv_lib_python3_12_site-packages_PyQt6_Qt6 --> node_venv_lib_python3_12_site-packages_PyQt6_Qt6_qml["qml"]\n    node_venv_lib_python3_12_site-packages_PyQt6_Qt6_qml --> node_venv_lib_python3_12_site-packages_PyQt6_Qt6_qml_QtQuick["QtQuick"]\n    node_venv_lib_python3_12_site-packages_PyQt6_Qt6_qml_QtQuick --> node_venv_lib_python3_12_site-packages_PyQt6_Qt6_qml_QtQuick_Controls["Controls"]\n    node_venv_lib_python3_12_site-packages_PyQt6_Qt6_qml_QtQuick_Controls --> node_venv_lib_python3_12_site-packages_PyQt6_Qt6_qml_QtQuick_Controls_FluentWinUI3["FluentWinUI3"]\n    node_venv_lib_python3_12_site-packages_PyQt6_Qt6_qml_QtQuick_Controls_FluentWinUI3 --> node_venv_lib_python3_12_site-packages_PyQt6_Qt6_qml_QtQuick_Controls_FluentWinUI3_dark["dark"]\n    node_venv_lib_python3_12_site-packages_PyQt6_Qt6_qml_QtQuick_Controls_FluentWinUI3_dark --> node_venv_lib_python3_12_site-packages_PyQt6_Qt6_qml_QtQuick_Controls_FluentWinUI3_dark_images["images"]\n    node_venv_lib_python3_12_site-packages_PyQt6_Qt6_qml_QtQuick_Controls_FluentWinUI3_dark_images --> node_venv_lib_python3_12_site-packages_PyQt6_Qt6_qml_QtQuick_Controls_FluentWinUI3_dark_images_checkbox-indicator-pressed@2x_png["checkbox-indicator-pressed@2x.png"]\n    Root --> node_venv["venv"]\n    node_venv --> node_venv_lib["lib"]\n    node_venv_lib --> node_venv_lib_python3_12["python3.12"]\n    node_venv_lib_python3_12 --> node_venv_lib_python3_12_site-packages["site-packages"]\n    node_venv_lib_python3_12_site-packages --> node_venv_lib_python3_12_site-packages_PyQt6["PyQt6"]\n    node_venv_lib_python3_12_site-packages_PyQt6 --> node_venv_lib_python3_12_site-packages_PyQt6_Qt6["Qt6"]\n    node_venv_lib_python3_12_site-packages_PyQt6_Qt6 --> node_venv_lib_python3_12_site-packages_PyQt6_Qt6_qml["qml"]\n    node_venv_lib_python3_12_site-packages_PyQt6_Qt6_qml --> node_venv_lib_python3_12_site-packages_PyQt6_Qt6_qml_QtQuick["QtQuick"]\n    node_venv_lib_python3_12_site-packages_PyQt6_Qt6_qml_QtQuick --> node_venv_lib_python3_12_site-packages_PyQt6_Qt6_qml_QtQuick_Controls["Controls"]\n    node_venv_lib_python3_12_site-packages_PyQt6_Qt6_qml_QtQuick_Controls --> node_venv_lib_python3_12_site-packages_PyQt6_Qt6_qml_QtQuick_Controls_FluentWinUI3["FluentWinUI3"]\n    node_venv_lib_python3_12_site-packages_PyQt6_Qt6_qml_QtQuick_Controls_FluentWinUI3 --> node_venv_lib_python3_12_site-packages_PyQt6_Qt6_qml_QtQuick_Controls_FluentWinUI3_dark["dark"]\n    node_venv_lib_python3_12_site-packages_PyQt6_Qt6_qml_QtQuick_Controls_FluentWinUI3_dark --> node_venv_lib_python3_12_site-packages_PyQt6_Qt6_qml_QtQuick_Controls_FluentWinUI3_dark_images["images"]\n    node_venv_lib_python3_12_site-packages_PyQt6_Qt6_qml_QtQuick_Controls_FluentWinUI3_dark_images --> node_venv_lib_python3_12_site-packages_PyQt6_Qt6_qml_QtQuick_Controls_FluentWinUI3_dark_images_checkbox-indicator-pressed@3x_png["checkbox-indicator-pressed@3x.png"]\n    Root --> node_venv["venv"]\n    node_venv --> node_venv_lib["lib"]\n    node_venv_lib --> node_venv_lib_python3_12["python3.12"]\n    node_venv_lib_python3_12 --> node_venv_lib_python3_12_site-packages["site-packages"]\n    node_venv_lib_python3_12_site-packages --> node_venv_lib_python3_12_site-packages_PyQt6["PyQt6"]\n    node_venv_lib_python3_12_site-packages_PyQt6 --> node_venv_lib_python3_12_site-packages_PyQt6_Qt6["Qt6"]\n    node_venv_lib_python3_12_site-packages_PyQt6_Qt6 --> node_venv_lib_python3_12_site-packages_PyQt6_Qt6_qml["qml"]\n    node_venv_lib_python3_12_site-packages_PyQt6_Qt6_qml --> node_venv_lib_python3_12_site-packages_PyQt6_Qt6_qml_QtQuick["QtQuick"]\n    node_venv_lib_python3_12_site-packages_PyQt6_Qt6_qml_QtQuick --> node_venv_lib_python3_12_site-packages_PyQt6_Qt6_qml_QtQuick_Controls["Controls"]\n    node_venv_lib_python3_12_site-packages_PyQt6_Qt6_qml_QtQuick_Controls --> node_venv_lib_python3_12_site-packages_PyQt6_Qt6_qml_QtQuick_Controls_FluentWinUI3["FluentWinUI3"]\n    node_venv_lib_python3_12_site-packages_PyQt6_Qt6_qml_QtQuick_Controls_FluentWinUI3 --> node_venv_lib_python3_12_site-packages_PyQt6_Qt6_qml_QtQuick_Controls_FluentWinUI3_dark["dark"]\n    node_venv_lib_python3_12_site-packages_PyQt6_Qt6_qml_QtQuick_Controls_FluentWinUI3_dark --> node_venv_lib_python3_12_site-packages_PyQt6_Qt6_qml_QtQuick_Controls_FluentWinUI3_dark_images["images"]\n    node_venv_lib_python3_12_site-packages_PyQt6_Qt6_qml_QtQuick_Controls_FluentWinUI3_dark_images --> node_venv_lib_python3_12_site-packages_PyQt6_Qt6_qml_QtQuick_Controls_FluentWinUI3_dark_images_checkbox-indicator_png["checkbox-indicator.png"]\n    Root --> node_venv["venv"]\n    node_venv --> node_venv_lib["lib"]\n    node_venv_lib --> node_venv_lib_python3_12["python3.12"]\n    node_venv_lib_python3_12 --> node_venv_lib_python3_12_site-packages["site-packages"]\n    node_venv_lib_python3_12_site-packages --> node_venv_lib_python3_12_site-packages_PyQt6["PyQt6"]\n    node_venv_lib_python3_12_site-packages_PyQt6 --> node_venv_lib_python3_12_site-packages_PyQt6_Qt6["Qt6"]\n    node_venv_lib_python3_12_site-packages_PyQt6_Qt6 --> node_venv_lib_python3_12_site-packages_PyQt6_Qt6_qml["qml"]\n    node_venv_lib_python3_12_site-packages_PyQt6_Qt6_qml --> node_venv_lib_python3_12_site-packages_PyQt6_Qt6_qml_QtQuick["QtQuick"]\n    node_venv_lib_python3_12_site-packages_PyQt6_Qt6_qml_QtQuick --> node_venv_lib_python3_12_site-packages_PyQt6_Qt6_qml_QtQuick_Controls["Controls"]\n    node_venv_lib_python3_12_site-packages_PyQt6_Qt6_qml_QtQuick_Controls --> node_venv_lib_python3_12_site-packages_PyQt6_Qt6_qml_QtQuick_Controls_FluentWinUI3["FluentWinUI3"]\n    node_venv_lib_python3_12_site-packages_PyQt6_Qt6_qml_QtQuick_Controls_FluentWinUI3 --> node_venv_lib_python3_12_site-packages_PyQt6_Qt6_qml_QtQuick_Controls_FluentWinUI3_dark["dark"]\n    node_venv_lib_python3_12_site-packages_PyQt6_Qt6_qml_QtQuick_Controls_FluentWinUI3_dark --> node_venv_lib_python3_12_site-packages_PyQt6_Qt6_qml_QtQuick_Controls_FluentWinUI3_dark_images["images"]\n    node_venv_lib_python3_12_site-packages_PyQt6_Qt6_qml_QtQuick_Controls_FluentWinUI3_dark_images --> node_venv_lib_python3_12_site-packages_PyQt6_Qt6_qml_QtQuick_Controls_FluentWinUI3_dark_images_checkbox-indicator@2x_png["checkbox-indicator@2x.png"]\n    Root --> node_venv["venv"]\n    node_venv --> node_venv_lib["lib"]\n    node_venv_lib --> node_venv_lib_python3_12["python3.12"]\n    node_venv_lib_python3_12 --> node_venv_lib_python3_12_site-packages["site-packages"]\n    node_venv_lib_python3_12_site-packages --> node_venv_lib_python3_12_site-packages_PyQt6["PyQt6"]\n    node_venv_lib_python3_12_site-packages_PyQt6 --> node_venv_lib_python3_12_site-packages_PyQt6_Qt6["Qt6"]\n    node_venv_lib_python3_12_site-packages_PyQt6_Qt6 --> node_venv_lib_python3_12_site-packages_PyQt6_Qt6_qml["qml"]\n    node_venv_lib_python3_12_site-packages_PyQt6_Qt6_qml --> node_venv_lib_python3_12_site-packages_PyQt6_Qt6_qml_QtQuick["QtQuick"]\n    node_venv_lib_python3_12_site-packages_PyQt6_Qt6_qml_QtQuick --> node_venv_lib_python3_12_site-packages_PyQt6_Qt6_qml_QtQuick_Controls["Controls"]\n    node_venv_lib_python3_12_site-packages_PyQt6_Qt6_qml_QtQuick_Controls --> node_venv_lib_python3_12_site-packages_PyQt6_Qt6_qml_QtQuick_Controls_FluentWinUI3["FluentWinUI3"]\n    node_venv_lib_python3_12_site-packages_PyQt6_Qt6_qml_QtQuick_Controls_FluentWinUI3 --> node_venv_lib_python3_12_site-packages_PyQt6_Qt6_qml_QtQuick_Controls_FluentWinUI3_dark["dark"]\n    node_venv_lib_python3_12_site-packages_PyQt6_Qt6_qml_QtQuick_Controls_FluentWinUI3_dark --> node_venv_lib_python3_12_site-packages_PyQt6_Qt6_qml_QtQuick_Controls_FluentWinUI3_dark_images["images"]\n    node_venv_lib_python3_12_site-packages_PyQt6_Qt6_qml_QtQuick_Controls_FluentWinUI3_dark_images --> node_venv_lib_python3_12_site-packages_PyQt6_Qt6_qml_QtQuick_Controls_FluentWinUI3_dark_images_checkbox-indicator@3x_png["checkbox-indicator@3x.png"]\n    Root --> node_venv["venv"]\n    node_venv --> node_venv_lib["lib"]\n    node_venv_lib --> node_venv_lib_python3_12["python3.12"]\n    node_venv_lib_python3_12 --> node_venv_lib_python3_12_site-packages["site-packages"]\n    node_venv_lib_python3_12_site-packages --> node_venv_lib_python3_12_site-packages_PyQt6["PyQt6"]\n    node_venv_lib_python3_12_site-packages_PyQt6 --> node_venv_lib_python3_12_site-packages_PyQt6_Qt6["Qt6"]\n    node_venv_lib_python3_12_site-packages_PyQt6_Qt6 --> node_venv_lib_python3_12_site-packages_PyQt6_Qt6_qml["qml"]\n    node_venv_lib_python3_12_site-packages_PyQt6_Qt6_qml --> node_venv_lib_python3_12_site-packages_PyQt6_Qt6_qml_QtQuick["QtQuick"]\n    node_venv_lib_python3_12_site-packages_PyQt6_Qt6_qml_QtQuick --> node_venv_lib_python3_12_site-packages_PyQt6_Qt6_qml_QtQuick_Controls["Controls"]\n    node_venv_lib_python3_12_site-packages_PyQt6_Qt6_qml_QtQuick_Controls --> node_venv_lib_python3_12_site-packages_PyQt6_Qt6_qml_QtQuick_Controls_FluentWinUI3["FluentWinUI3"]\n    node_venv_lib_python3_12_site-packages_PyQt6_Qt6_qml_QtQuick_Controls_FluentWinUI3 --> node_venv_lib_python3_12_site-packages_PyQt6_Qt6_qml_QtQuick_Controls_FluentWinUI3_dark["dark"]\n    node_venv_lib_python3_12_site-packages_PyQt6_Qt6_qml_QtQuick_Controls_FluentWinUI3_dark --> node_venv_lib_python3_12_site-packages_PyQt6_Qt6_qml_QtQuick_Controls_FluentWinUI3_dark_images["images"]\n    node_venv_lib_python3_12_site-packages_PyQt6_Qt6_qml_QtQuick_Controls_FluentWinUI3_dark_images --> node_venv_lib_python3_12_site-packages_PyQt6_Qt6_qml_QtQuick_Controls_FluentWinUI3_dark_images_combobox-background-disabled_png["combobox-background-disabled.png"]\n    Root --> node_venv["venv"]\n    node_venv --> node_venv_lib["lib"]\n    node_venv_lib --> node_venv_lib_python3_12["python3.12"]\n    node_venv_lib_python3_12 --> node_venv_lib_python3_12_site-packages["site-packages"]\n    node_venv_lib_python3_12_site-packages --> node_venv_lib_python3_12_site-packages_PyQt6["PyQt6"]\n    node_venv_lib_python3_12_site-packages_PyQt6 --> node_venv_lib_python3_12_site-packages_PyQt6_Qt6["Qt6"]\n    node_venv_lib_python3_12_site-packages_PyQt6_Qt6 --> node_venv_lib_python3_12_site-packages_PyQt6_Qt6_qml["qml"]\n    node_venv_lib_python3_12_site-packages_PyQt6_Qt6_qml --> node_venv_lib_python3_12_site-packages_PyQt6_Qt6_qml_QtQuick["QtQuick"]\n    node_venv_lib_python3_12_site-packages_PyQt6_Qt6_qml_QtQuick --> node_venv_lib_python3_12_site-packages_PyQt6_Qt6_qml_QtQuick_Controls["Controls"]\n    node_venv_lib_python3_12_site-packages_PyQt6_Qt6_qml_QtQuick_Controls --> node_venv_lib_python3_12_site-packages_PyQt6_Qt6_qml_QtQuick_Controls_FluentWinUI3["FluentWinUI3"]\n    node_venv_lib_python3_12_site-packages_PyQt6_Qt6_qml_QtQuick_Controls_FluentWinUI3 --> node_venv_lib_python3_12_site-packages_PyQt6_Qt6_qml_QtQuick_Controls_FluentWinUI3_dark["dark"]\n    node_venv_lib_python3_12_site-packages_PyQt6_Qt6_qml_QtQuick_Controls_FluentWinUI3_dark --> node_venv_lib_python3_12_site-packages_PyQt6_Qt6_qml_QtQuick_Controls_FluentWinUI3_dark_images["images"]\n    node_venv_lib_python3_12_site-packages_PyQt6_Qt6_qml_QtQuick_Controls_FluentWinUI3_dark_images --> node_venv_lib_python3_12_site-packages_PyQt6_Qt6_qml_QtQuick_Controls_FluentWinUI3_dark_images_combobox-background-disabled@2x_png["combobox-background-disabled@2x.png"]\n    Root --> node_venv["venv"]\n    node_venv --> node_venv_lib["lib"]\n    node_venv_lib --> node_venv_lib_python3_12["python3.12"]\n    node_venv_lib_python3_12 --> node_venv_lib_python3_12_site-packages["site-packages"]\n    node_venv_lib_python3_12_site-packages --> node_venv_lib_python3_12_site-packages_PyQt6["PyQt6"]\n    node_venv_lib_python3_12_site-packages_PyQt6 --> node_venv_lib_python3_12_site-packages_PyQt6_Qt6["Qt6"]\n    node_venv_lib_python3_12_site-packages_PyQt6_Qt6 --> node_venv_lib_python3_12_site-packages_PyQt6_Qt6_qml["qml"]\n    node_venv_lib_python3_12_site-packages_PyQt6_Qt6_qml --> node_venv_lib_python3_12_site-packages_PyQt6_Qt6_qml_QtQuick["QtQuick"]\n    node_venv_lib_python3_12_site-packages_PyQt6_Qt6_qml_QtQuick --> node_venv_lib_python3_12_site-packages_PyQt6_Qt6_qml_QtQuick_Controls["Controls"]\n    node_venv_lib_python3_12_site-packages_PyQt6_Qt6_qml_QtQuick_Controls --> node_venv_lib_python3_12_site-packages_PyQt6_Qt6_qml_QtQuick_Controls_FluentWinUI3["FluentWinUI3"]\n    node_venv_lib_python3_12_site-packages_PyQt6_Qt6_qml_QtQuick_Controls_FluentWinUI3 --> node_venv_lib_python3_12_site-packages_PyQt6_Qt6_qml_QtQuick_Controls_FluentWinUI3_dark["dark"]\n    node_venv_lib_python3_12_site-packages_PyQt6_Qt6_qml_QtQuick_Controls_FluentWinUI3_dark --> node_venv_lib_python3_12_site-packages_PyQt6_Qt6_qml_QtQuick_Controls_FluentWinUI3_dark_images["images"]\n    node_venv_lib_python3_12_site-packages_PyQt6_Qt6_qml_QtQuick_Controls_FluentWinUI3_dark_images --> node_venv_lib_python3_12_site-packages_PyQt6_Qt6_qml_QtQuick_Controls_FluentWinUI3_dark_images_combobox-background-disabled@3x_png["combobox-background-disabled@3x.png"]\n    Root --> node_venv["venv"]\n    node_venv --> node_venv_lib["lib"]\n    node_venv_lib --> node_venv_lib_python3_12["python3.12"]\n    node_venv_lib_python3_12 --> node_venv_lib_python3_12_site-packages["site-packages"]\n    node_venv_lib_python3_12_site-packages --> node_venv_lib_python3_12_site-packages_PyQt6["PyQt6"]\n    node_venv_lib_python3_12_site-packages_PyQt6 --> node_venv_lib_python3_12_site-packages_PyQt6_Qt6["Qt6"]\n    node_venv_lib_python3_12_site-packages_PyQt6_Qt6 --> node_venv_lib_python3_12_site-packages_PyQt6_Qt6_qml["qml"]\n    node_venv_lib_python3_12_site-packages_PyQt6_Qt6_qml --> node_venv_lib_python3_12_site-packages_PyQt6_Qt6_qml_QtQuick["QtQuick"]\n    node_venv_lib_python3_12_site-packages_PyQt6_Qt6_qml_QtQuick --> node_venv_lib_python3_12_site-packages_PyQt6_Qt6_qml_QtQuick_Controls["Controls"]\n    node_venv_lib_python3_12_site-packages_PyQt6_Qt6_qml_QtQuick_Controls --> node_venv_lib_python3_12_site-packages_PyQt6_Qt6_qml_QtQuick_Controls_FluentWinUI3["FluentWinUI3"]\n    node_venv_lib_python3_12_site-packages_PyQt6_Qt6_qml_QtQuick_Controls_FluentWinUI3 --> node_venv_lib_python3_12_site-packages_PyQt6_Qt6_qml_QtQuick_Controls_FluentWinUI3_dark["dark"]\n    node_venv_lib_python3_12_site-packages_PyQt6_Qt6_qml_QtQuick_Controls_FluentWinUI3_dark --> node_venv_lib_python3_12_site-packages_PyQt6_Qt6_qml_QtQuick_Controls_FluentWinUI3_dark_images["images"]\n    node_venv_lib_python3_12_site-packages_PyQt6_Qt6_qml_QtQuick_Controls_FluentWinUI3_dark_images --> node_venv_lib_python3_12_site-packages_PyQt6_Qt6_qml_QtQuick_Controls_FluentWinUI3_dark_images_combobox-background-focused_png["combobox-background-focused.png"]\n    Root --> node_venv["venv"]\n    node_venv --> node_venv_lib["lib"]\n    node_venv_lib --> node_venv_lib_python3_12["python3.12"]\n    node_venv_lib_python3_12 --> node_venv_lib_python3_12_site-packages["site-packages"]\n    node_venv_lib_python3_12_site-packages --> node_venv_lib_python3_12_site-packages_PyQt6["PyQt6"]\n    node_venv_lib_python3_12_site-packages_PyQt6 --> node_venv_lib_python3_12_site-packages_PyQt6_Qt6["Qt6"]\n    node_venv_lib_python3_12_site-packages_PyQt6_Qt6 --> node_venv_lib_python3_12_site-packages_PyQt6_Qt6_qml["qml"]\n    node_venv_lib_python3_12_site-packages_PyQt6_Qt6_qml --> node_venv_lib_python3_12_site-packages_PyQt6_Qt6_qml_QtQuick["QtQuick"]\n    node_venv_lib_python3_12_site-packages_PyQt6_Qt6_qml_QtQuick --> node_venv_lib_python3_12_site-packages_PyQt6_Qt6_qml_QtQuick_Controls["Controls"]\n    node_venv_lib_python3_12_site-packages_PyQt6_Qt6_qml_QtQuick_Controls --> node_venv_lib_python3_12_site-packages_PyQt6_Qt6_qml_QtQuick_Controls_FluentWinUI3["FluentWinUI3"]\n    node_venv_lib_python3_12_site-packages_PyQt6_Qt6_qml_QtQuick_Controls_FluentWinUI3 --> node_venv_lib_python3_12_site-packages_PyQt6_Qt6_qml_QtQuick_Controls_FluentWinUI3_dark["dark"]\n    node_venv_lib_python3_12_site-packages_PyQt6_Qt6_qml_QtQuick_Controls_FluentWinUI3_dark --> node_venv_lib_python3_12_site-packages_PyQt6_Qt6_qml_QtQuick_Controls_FluentWinUI3_dark_images["images"]\n    node_venv_lib_python3_12_site-packages_PyQt6_Qt6_qml_QtQuick_Controls_FluentWinUI3_dark_images --> node_venv_lib_python3_12_site-packages_PyQt6_Qt6_qml_QtQuick_Controls_FluentWinUI3_dark_images_combobox-background-focused@2x_png["combobox-background-focused@2x.png"]\n    Root --> node_venv["venv"]\n    node_venv --> node_venv_lib["lib"]\n    node_venv_lib --> node_venv_lib_python3_12["python3.12"]\n    node_venv_lib_python3_12 --> node_venv_lib_python3_12_site-packages["site-packages"]\n    node_venv_lib_python3_12_site-packages --> node_venv_lib_python3_12_site-packages_PyQt6["PyQt6"]\n    node_venv_lib_python3_12_site-packages_PyQt6 --> node_venv_lib_python3_12_site-packages_PyQt6_Qt6["Qt6"]\n    node_venv_lib_python3_12_site-packages_PyQt6_Qt6 --> node_venv_lib_python3_12_site-packages_PyQt6_Qt6_qml["qml"]\n    node_venv_lib_python3_12_site-packages_PyQt6_Qt6_qml --> node_venv_lib_python3_12_site-packages_PyQt6_Qt6_qml_QtQuick["QtQuick"]\n    node_venv_lib_python3_12_site-packages_PyQt6_Qt6_qml_QtQuick --> node_venv_lib_python3_12_site-packages_PyQt6_Qt6_qml_QtQuick_Controls["Controls"]\n    node_venv_lib_python3_12_site-packages_PyQt6_Qt6_qml_QtQuick_Controls --> node_venv_lib_python3_12_site-packages_PyQt6_Qt6_qml_QtQuick_Controls_FluentWinUI3["FluentWinUI3"]\n    node_venv_lib_python3_12_site-packages_PyQt6_Qt6_qml_QtQuick_Controls_FluentWinUI3 --> node_venv_lib_python3_12_site-packages_PyQt6_Qt6_qml_QtQuick_Controls_FluentWinUI3_dark["dark"]\n    node_venv_lib_python3_12_site-packages_PyQt6_Qt6_qml_QtQuick_Controls_FluentWinUI3_dark --> node_venv_lib_python3_12_site-packages_PyQt6_Qt6_qml_QtQuick_Controls_FluentWinUI3_dark_images["images"]\n    node_venv_lib_python3_12_site-packages_PyQt6_Qt6_qml_QtQuick_Controls_FluentWinUI3_dark_images --> node_venv_lib_python3_12_site-packages_PyQt6_Qt6_qml_QtQuick_Controls_FluentWinUI3_dark_images_combobox-background-focused@3x_png["combobox-background-focused@3x.png"]\n    Root --> node_venv["venv"]\n    node_venv --> node_venv_lib["lib"]\n    node_venv_lib --> node_venv_lib_python3_12["python3.12"]\n    node_venv_lib_python3_12 --> node_venv_lib_python3_12_site-packages["site-packages"]\n    node_venv_lib_python3_12_site-packages --> node_venv_lib_python3_12_site-packages_PyQt6["PyQt6"]\n    node_venv_lib_python3_12_site-packages_PyQt6 --> node_venv_lib_python3_12_site-packages_PyQt6_Qt6["Qt6"]\n    node_venv_lib_python3_12_site-packages_PyQt6_Qt6 --> node_venv_lib_python3_12_site-packages_PyQt6_Qt6_qml["qml"]\n    node_venv_lib_python3_12_site-packages_PyQt6_Qt6_qml --> node_venv_lib_python3_12_site-packages_PyQt6_Qt6_qml_QtQuick["QtQuick"]\n    node_venv_lib_python3_12_site-packages_PyQt6_Qt6_qml_QtQuick --> node_venv_lib_python3_12_site-packages_PyQt6_Qt6_qml_QtQuick_Controls["Controls"]\n    node_venv_lib_python3_12_site-packages_PyQt6_Qt6_qml_QtQuick_Controls --> node_venv_lib_python3_12_site-packages_PyQt6_Qt6_qml_QtQuick_Controls_FluentWinUI3["FluentWinUI3"]\n    node_venv_lib_python3_12_site-packages_PyQt6_Qt6_qml_QtQuick_Controls_FluentWinUI3 --> node_venv_lib_python3_12_site-packages_PyQt6_Qt6_qml_QtQuick_Controls_FluentWinUI3_dark["dark"]\n    node_venv_lib_python3_12_site-packages_PyQt6_Qt6_qml_QtQuick_Controls_FluentWinUI3_dark --> node_venv_lib_python3_12_site-packages_PyQt6_Qt6_qml_QtQuick_Controls_FluentWinUI3_dark_images["images"]\n    node_venv_lib_python3_12_site-packages_PyQt6_Qt6_qml_QtQuick_Controls_FluentWinUI3_dark_images --> node_venv_lib_python3_12_site-packages_PyQt6_Qt6_qml_QtQuick_Controls_FluentWinUI3_dark_images_combobox-background-hovered-open_png["combobox-background-hovered-open.png"]\n    Root --> node_venv["venv"]\n    node_venv --> node_venv_lib["lib"]\n    node_venv_lib --> node_venv_lib_python3_12["python3.12"]\n    node_venv_lib_python3_12 --> node_venv_lib_python3_12_site-packages["site-packages"]\n    node_venv_lib_python3_12_site-packages --> node_venv_lib_python3_12_site-packages_PyQt6["PyQt6"]\n    node_venv_lib_python3_12_site-packages_PyQt6 --> node_venv_lib_python3_12_site-packages_PyQt6_Qt6["Qt6"]\n    node_venv_lib_python3_12_site-packages_PyQt6_Qt6 --> node_venv_lib_python3_12_site-packages_PyQt6_Qt6_qml["qml"]\n    node_venv_lib_python3_12_site-packages_PyQt6_Qt6_qml --> node_venv_lib_python3_12_site-packages_PyQt6_Qt6_qml_QtQuick["QtQuick"]\n    node_venv_lib_python3_12_site-packages_PyQt6_Qt6_qml_QtQuick --> node_venv_lib_python3_12_site-packages_PyQt6_Qt6_qml_QtQuick_Controls["Controls"]\n    node_venv_lib_python3_12_site-packages_PyQt6_Qt6_qml_QtQuick_Controls --> node_venv_lib_python3_12_site-packages_PyQt6_Qt6_qml_QtQuick_Controls_FluentWinUI3["FluentWinUI3"]\n    node_venv_lib_python3_12_site-packages_PyQt6_Qt6_qml_QtQuick_Controls_FluentWinUI3 --> node_venv_lib_python3_12_site-packages_PyQt6_Qt6_qml_QtQuick_Controls_FluentWinUI3_dark["dark"]\n    node_venv_lib_python3_12_site-packages_PyQt6_Qt6_qml_QtQuick_Controls_FluentWinUI3_dark --> node_venv_lib_python3_12_site-packages_PyQt6_Qt6_qml_QtQuick_Controls_FluentWinUI3_dark_images["images"]\n    node_venv_lib_python3_12_site-packages_PyQt6_Qt6_qml_QtQuick_Controls_FluentWinUI3_dark_images --> node_venv_lib_python3_12_site-packages_PyQt6_Qt6_qml_QtQuick_Controls_FluentWinUI3_dark_images_combobox-background-hovered-open@2x_png["combobox-background-hovered-open@2x.png"]\n    Root --> node_venv["venv"]\n    node_venv --> node_venv_lib["lib"]\n    node_venv_lib --> node_venv_lib_python3_12["python3.12"]\n    node_venv_lib_python3_12 --> node_venv_lib_python3_12_site-packages["site-packages"]\n    node_venv_lib_python3_12_site-packages --> node_venv_lib_python3_12_site-packages_PyQt6["PyQt6"]\n    node_venv_lib_python3_12_site-packages_PyQt6 --> node_venv_lib_python3_12_site-packages_PyQt6_Qt6["Qt6"]\n    node_venv_lib_python3_12_site-packages_PyQt6_Qt6 --> node_venv_lib_python3_12_site-packages_PyQt6_Qt6_qml["qml"]\n    node_venv_lib_python3_12_site-packages_PyQt6_Qt6_qml --> node_venv_lib_python3_12_site-packages_PyQt6_Qt6_qml_QtQuick["QtQuick"]\n    node_venv_lib_python3_12_site-packages_PyQt6_Qt6_qml_QtQuick --> node_venv_lib_python3_12_site-packages_PyQt6_Qt6_qml_QtQuick_Controls["Controls"]\n    node_venv_lib_python3_12_site-packages_PyQt6_Qt6_qml_QtQuick_Controls --> node_venv_lib_python3_12_site-packages_PyQt6_Qt6_qml_QtQuick_Controls_FluentWinUI3["FluentWinUI3"]\n    node_venv_lib_python3_12_site-packages_PyQt6_Qt6_qml_QtQuick_Controls_FluentWinUI3 --> node_venv_lib_python3_12_site-packages_PyQt6_Qt6_qml_QtQuick_Controls_FluentWinUI3_dark["dark"]\n    node_venv_lib_python3_12_site-packages_PyQt6_Qt6_qml_QtQuick_Controls_FluentWinUI3_dark --> node_venv_lib_python3_12_site-packages_PyQt6_Qt6_qml_QtQuick_Controls_FluentWinUI3_dark_images["images"]\n    node_venv_lib_python3_12_site-packages_PyQt6_Qt6_qml_QtQuick_Controls_FluentWinUI3_dark_images --> node_venv_lib_python3_12_site-packages_PyQt6_Qt6_qml_QtQuick_Controls_FluentWinUI3_dark_images_combobox-background-hovered-open@3x_png["combobox-background-hovered-open@3x.png"]\n    Root --> node_venv["venv"]\n    node_venv --> node_venv_lib["lib"]\n    node_venv_lib --> node_venv_lib_python3_12["python3.12"]\n    node_venv_lib_python3_12 --> node_venv_lib_python3_12_site-packages["site-packages"]\n    node_venv_lib_python3_12_site-packages --> node_venv_lib_python3_12_site-packages_PyQt6["PyQt6"]\n    node_venv_lib_python3_12_site-packages_PyQt6 --> node_venv_lib_python3_12_site-packages_PyQt6_Qt6["Qt6"]\n    node_venv_lib_python3_12_site-packages_PyQt6_Qt6 --> node_venv_lib_python3_12_site-packages_PyQt6_Qt6_qml["qml"]\n    node_venv_lib_python3_12_site-packages_PyQt6_Qt6_qml --> node_venv_lib_python3_12_site-packages_PyQt6_Qt6_qml_QtQuick["QtQuick"]\n    node_venv_lib_python3_12_site-packages_PyQt6_Qt6_qml_QtQuick --> node_venv_lib_python3_12_site-packages_PyQt6_Qt6_qml_QtQuick_Controls["Controls"]\n    node_venv_lib_python3_12_site-packages_PyQt6_Qt6_qml_QtQuick_Controls --> node_venv_lib_python3_12_site-packages_PyQt6_Qt6_qml_QtQuick_Controls_FluentWinUI3["FluentWinUI3"]\n    node_venv_lib_python3_12_site-packages_PyQt6_Qt6_qml_QtQuick_Controls_FluentWinUI3 --> node_venv_lib_python3_12_site-packages_PyQt6_Qt6_qml_QtQuick_Controls_FluentWinUI3_dark["dark"]\n    node_venv_lib_python3_12_site-packages_PyQt6_Qt6_qml_QtQuick_Controls_FluentWinUI3_dark --> node_venv_lib_python3_12_site-packages_PyQt6_Qt6_qml_QtQuick_Controls_FluentWinUI3_dark_images["images"]\n    node_venv_lib_python3_12_site-packages_PyQt6_Qt6_qml_QtQuick_Controls_FluentWinUI3_dark_images --> node_venv_lib_python3_12_site-packages_PyQt6_Qt6_qml_QtQuick_Controls_FluentWinUI3_dark_images_combobox-background-hovered_png["combobox-background-hovered.png"]\n    Root --> node_venv["venv"]\n    node_venv --> node_venv_lib["lib"]\n    node_venv_lib --> node_venv_lib_python3_12["python3.12"]\n    node_venv_lib_python3_12 --> node_venv_lib_python3_12_site-packages["site-packages"]\n    node_venv_lib_python3_12_site-packages --> node_venv_lib_python3_12_site-packages_PyQt6["PyQt6"]\n    node_venv_lib_python3_12_site-packages_PyQt6 --> node_venv_lib_python3_12_site-packages_PyQt6_Qt6["Qt6"]\n    node_venv_lib_python3_12_site-packages_PyQt6_Qt6 --> node_venv_lib_python3_12_site-packages_PyQt6_Qt6_qml["qml"]\n    node_venv_lib_python3_12_site-packages_PyQt6_Qt6_qml --> node_venv_lib_python3_12_site-packages_PyQt6_Qt6_qml_QtQuick["QtQuick"]\n    node_venv_lib_python3_12_site-packages_PyQt6_Qt6_qml_QtQuick --> node_venv_lib_python3_12_site-packages_PyQt6_Qt6_qml_QtQuick_Controls["Controls"]\n    node_venv_lib_python3_12_site-packages_PyQt6_Qt6_qml_QtQuick_Controls --> node_venv_lib_python3_12_site-packages_PyQt6_Qt6_qml_QtQuick_Controls_FluentWinUI3["FluentWinUI3"]\n    node_venv_lib_python3_12_site-packages_PyQt6_Qt6_qml_QtQuick_Controls_FluentWinUI3 --> node_venv_lib_python3_12_site-packages_PyQt6_Qt6_qml_QtQuick_Controls_FluentWinUI3_dark["dark"]\n    node_venv_lib_python3_12_site-packages_PyQt6_Qt6_qml_QtQuick_Controls_FluentWinUI3_dark --> node_venv_lib_python3_12_site-packages_PyQt6_Qt6_qml_QtQuick_Controls_FluentWinUI3_dark_images["images"]\n    node_venv_lib_python3_12_site-packages_PyQt6_Qt6_qml_QtQuick_Controls_FluentWinUI3_dark_images --> node_venv_lib_python3_12_site-packages_PyQt6_Qt6_qml_QtQuick_Controls_FluentWinUI3_dark_images_combobox-background-hovered@2x_png["combobox-background-hovered@2x.png"]\n    Root --> node_venv["venv"]\n    node_venv --> node_venv_lib["lib"]\n    node_venv_lib --> node_venv_lib_python3_12["python3.12"]\n    node_venv_lib_python3_12 --> node_venv_lib_python3_12_site-packages["site-packages"]\n    node_venv_lib_python3_12_site-packages --> node_venv_lib_python3_12_site-packages_PyQt6["PyQt6"]\n    node_venv_lib_python3_12_site-packages_PyQt6 --> node_venv_lib_python3_12_site-packages_PyQt6_Qt6["Qt6"]\n    node_venv_lib_python3_12_site-packages_PyQt6_Qt6 --> node_venv_lib_python3_12_site-packages_PyQt6_Qt6_qml["qml"]\n    node_venv_lib_python3_12_site-packages_PyQt6_Qt6_qml --> node_venv_lib_python3_12_site-packages_PyQt6_Qt6_qml_QtQuick["QtQuick"]\n    node_venv_lib_python3_12_site-packages_PyQt6_Qt6_qml_QtQuick --> node_venv_lib_python3_12_site-packages_PyQt6_Qt6_qml_QtQuick_Controls["Controls"]\n    node_venv_lib_python3_12_site-packages_PyQt6_Qt6_qml_QtQuick_Controls --> node_venv_lib_python3_12_site-packages_PyQt6_Qt6_qml_QtQuick_Controls_FluentWinUI3["FluentWinUI3"]\n    node_venv_lib_python3_12_site-packages_PyQt6_Qt6_qml_QtQuick_Controls_FluentWinUI3 --> node_venv_lib_python3_12_site-packages_PyQt6_Qt6_qml_QtQuick_Controls_FluentWinUI3_dark["dark"]\n    node_venv_lib_python3_12_site-packages_PyQt6_Qt6_qml_QtQuick_Controls_FluentWinUI3_dark --> node_venv_lib_python3_12_site-packages_PyQt6_Qt6_qml_QtQuick_Controls_FluentWinUI3_dark_images["images"]\n    node_venv_lib_python3_12_site-packages_PyQt6_Qt6_qml_QtQuick_Controls_FluentWinUI3_dark_images --> node_venv_lib_python3_12_site-packages_PyQt6_Qt6_qml_QtQuick_Controls_FluentWinUI3_dark_images_combobox-background-hovered@3x_png["combobox-background-hovered@3x.png"]\n    Root --> node_venv["venv"]\n    node_venv --> node_venv_lib["lib"]\n    node_venv_lib --> node_venv_lib_python3_12["python3.12"]\n    node_venv_lib_python3_12 --> node_venv_lib_python3_12_site-packages["site-packages"]\n    node_venv_lib_python3_12_site-packages --> node_venv_lib_python3_12_site-packages_PyQt6["PyQt6"]\n    node_venv_lib_python3_12_site-packages_PyQt6 --> node_venv_lib_python3_12_site-packages_PyQt6_Qt6["Qt6"]\n    node_venv_lib_python3_12_site-packages_PyQt6_Qt6 --> node_venv_lib_python3_12_site-packages_PyQt6_Qt6_qml["qml"]\n    node_venv_lib_python3_12_site-packages_PyQt6_Qt6_qml --> node_venv_lib_python3_12_site-packages_PyQt6_Qt6_qml_QtQuick["QtQuick"]\n    node_venv_lib_python3_12_site-packages_PyQt6_Qt6_qml_QtQuick --> node_venv_lib_python3_12_site-packages_PyQt6_Qt6_qml_QtQuick_Controls["Controls"]\n    node_venv_lib_python3_12_site-packages_PyQt6_Qt6_qml_QtQuick_Controls --> node_venv_lib_python3_12_site-packages_PyQt6_Qt6_qml_QtQuick_Controls_FluentWinUI3["FluentWinUI3"]\n    node_venv_lib_python3_12_site-packages_PyQt6_Qt6_qml_QtQuick_Controls_FluentWinUI3 --> node_venv_lib_python3_12_site-packages_PyQt6_Qt6_qml_QtQuick_Controls_FluentWinUI3_dark["dark"]\n    node_venv_lib_python3_12_site-packages_PyQt6_Qt6_qml_QtQuick_Controls_FluentWinUI3_dark --> node_venv_lib_python3_12_site-packages_PyQt6_Qt6_qml_QtQuick_Controls_FluentWinUI3_dark_images["images"]\n    node_venv_lib_python3_12_site-packages_PyQt6_Qt6_qml_QtQuick_Controls_FluentWinUI3_dark_images --> node_venv_lib_python3_12_site-packages_PyQt6_Qt6_qml_QtQuick_Controls_FluentWinUI3_dark_images_combobox-background-open-pressed_png["combobox-background-open-pressed.png"]\n    Root --> node_venv["venv"]\n    node_venv --> node_venv_lib["lib"]\n    node_venv_lib --> node_venv_lib_python3_12["python3.12"]\n    node_venv_lib_python3_12 --> node_venv_lib_python3_12_site-packages["site-packages"]\n    node_venv_lib_python3_12_site-packages --> node_venv_lib_python3_12_site-packages_PyQt6["PyQt6"]\n    node_venv_lib_python3_12_site-packages_PyQt6 --> node_venv_lib_python3_12_site-packages_PyQt6_Qt6["Qt6"]\n    node_venv_lib_python3_12_site-packages_PyQt6_Qt6 --> node_venv_lib_python3_12_site-packages_PyQt6_Qt6_qml["qml"]\n    node_venv_lib_python3_12_site-packages_PyQt6_Qt6_qml --> node_venv_lib_python3_12_site-packages_PyQt6_Qt6_qml_QtQuick["QtQuick"]\n    node_venv_lib_python3_12_site-packages_PyQt6_Qt6_qml_QtQuick --> node_venv_lib_python3_12_site-packages_PyQt6_Qt6_qml_QtQuick_Controls["Controls"]\n    node_venv_lib_python3_12_site-packages_PyQt6_Qt6_qml_QtQuick_Controls --> node_venv_lib_python3_12_site-packages_PyQt6_Qt6_qml_QtQuick_Controls_FluentWinUI3["FluentWinUI3"]\n    node_venv_lib_python3_12_site-packages_PyQt6_Qt6_qml_QtQuick_Controls_FluentWinUI3 --> node_venv_lib_python3_12_site-packages_PyQt6_Qt6_qml_QtQuick_Controls_FluentWinUI3_dark["dark"]\n    node_venv_lib_python3_12_site-packages_PyQt6_Qt6_qml_QtQuick_Controls_FluentWinUI3_dark --> node_venv_lib_python3_12_site-packages_PyQt6_Qt6_qml_QtQuick_Controls_FluentWinUI3_dark_images["images"]\n    node_venv_lib_python3_12_site-packages_PyQt6_Qt6_qml_QtQuick_Controls_FluentWinUI3_dark_images --> node_venv_lib_python3_12_site-packages_PyQt6_Qt6_qml_QtQuick_Controls_FluentWinUI3_dark_images_combobox-background-open-pressed@2x_png["combobox-background-open-pressed@2x.png"]\n    Root --> node_venv["venv"]\n    node_venv --> node_venv_lib["lib"]\n    node_venv_lib --> node_venv_lib_python3_12["python3.12"]\n    node_venv_lib_python3_12 --> node_venv_lib_python3_12_site-packages["site-packages"]\n    node_venv_lib_python3_12_site-packages --> node_venv_lib_python3_12_site-packages_PyQt6["PyQt6"]\n    node_venv_lib_python3_12_site-packages_PyQt6 --> node_venv_lib_python3_12_site-packages_PyQt6_Qt6["Qt6"]\n    node_venv_lib_python3_12_site-packages_PyQt6_Qt6 --> node_venv_lib_python3_12_site-packages_PyQt6_Qt6_qml["qml"]\n    node_venv_lib_python3_12_site-packages_PyQt6_Qt6_qml --> node_venv_lib_python3_12_site-packages_PyQt6_Qt6_qml_QtQuick["QtQuick"]\n    node_venv_lib_python3_12_site-packages_PyQt6_Qt6_qml_QtQuick --> node_venv_lib_python3_12_site-packages_PyQt6_Qt6_qml_QtQuick_Controls["Controls"]\n    node_venv_lib_python3_12_site-packages_PyQt6_Qt6_qml_QtQuick_Controls --> node_venv_lib_python3_12_site-packages_PyQt6_Qt6_qml_QtQuick_Controls_FluentWinUI3["FluentWinUI3"]\n    node_venv_lib_python3_12_site-packages_PyQt6_Qt6_qml_QtQuick_Controls_FluentWinUI3 --> node_venv_lib_python3_12_site-packages_PyQt6_Qt6_qml_QtQuick_Controls_FluentWinUI3_dark["dark"]\n    node_venv_lib_python3_12_site-packages_PyQt6_Qt6_qml_QtQuick_Controls_FluentWinUI3_dark --> node_venv_lib_python3_12_site-packages_PyQt6_Qt6_qml_QtQuick_Controls_FluentWinUI3_dark_images["images"]\n    node_venv_lib_python3_12_site-packages_PyQt6_Qt6_qml_QtQuick_Controls_FluentWinUI3_dark_images --> node_venv_lib_python3_12_site-packages_PyQt6_Qt6_qml_QtQuick_Controls_FluentWinUI3_dark_images_combobox-background-open-pressed@3x_png["combobox-background-open-pressed@3x.png"]\n    Root --> node_venv["venv"]\n    node_venv --> node_venv_lib["lib"]\n    node_venv_lib --> node_venv_lib_python3_12["python3.12"]\n    node_venv_lib_python3_12 --> node_venv_lib_python3_12_site-packages["site-packages"]\n    node_venv_lib_python3_12_site-packages --> node_venv_lib_python3_12_site-packages_PyQt6["PyQt6"]\n    node_venv_lib_python3_12_site-packages_PyQt6 --> node_venv_lib_python3_12_site-packages_PyQt6_Qt6["Qt6"]\n    node_venv_lib_python3_12_site-packages_PyQt6_Qt6 --> node_venv_lib_python3_12_site-packages_PyQt6_Qt6_qml["qml"]\n    node_venv_lib_python3_12_site-packages_PyQt6_Qt6_qml --> node_venv_lib_python3_12_site-packages_PyQt6_Qt6_qml_QtQuick["QtQuick"]\n    node_venv_lib_python3_12_site-packages_PyQt6_Qt6_qml_QtQuick --> node_venv_lib_python3_12_site-packages_PyQt6_Qt6_qml_QtQuick_Controls["Controls"]\n    node_venv_lib_python3_12_site-packages_PyQt6_Qt6_qml_QtQuick_Controls --> node_venv_lib_python3_12_site-packages_PyQt6_Qt6_qml_QtQuick_Controls_FluentWinUI3["FluentWinUI3"]\n    node_venv_lib_python3_12_site-packages_PyQt6_Qt6_qml_QtQuick_Controls_FluentWinUI3 --> node_venv_lib_python3_12_site-packages_PyQt6_Qt6_qml_QtQuick_Controls_FluentWinUI3_dark["dark"]\n    node_venv_lib_python3_12_site-packages_PyQt6_Qt6_qml_QtQuick_Controls_FluentWinUI3_dark --> node_venv_lib_python3_12_site-packages_PyQt6_Qt6_qml_QtQuick_Controls_FluentWinUI3_dark_images["images"]\n    node_venv_lib_python3_12_site-packages_PyQt6_Qt6_qml_QtQuick_Controls_FluentWinUI3_dark_images --> node_venv_lib_python3_12_site-packages_PyQt6_Qt6_qml_QtQuick_Controls_FluentWinUI3_dark_images_combobox-background-open_png["combobox-background-open.png"]\n    Root --> node_venv["venv"]\n    node_venv --> node_venv_lib["lib"]\n    node_venv_lib --> node_venv_lib_python3_12["python3.12"]\n    node_venv_lib_python3_12 --> node_venv_lib_python3_12_site-packages["site-packages"]\n    node_venv_lib_python3_12_site-packages --> node_venv_lib_python3_12_site-packages_PyQt6["PyQt6"]\n    node_venv_lib_python3_12_site-packages_PyQt6 --> node_venv_lib_python3_12_site-packages_PyQt6_Qt6["Qt6"]\n    node_venv_lib_python3_12_site-packages_PyQt6_Qt6 --> node_venv_lib_python3_12_site-packages_PyQt6_Qt6_qml["qml"]\n    node_venv_lib_python3_12_site-packages_PyQt6_Qt6_qml --> node_venv_lib_python3_12_site-packages_PyQt6_Qt6_qml_QtQuick["QtQuick"]\n    node_venv_lib_python3_12_site-packages_PyQt6_Qt6_qml_QtQuick --> node_venv_lib_python3_12_site-packages_PyQt6_Qt6_qml_QtQuick_Controls["Controls"]\n    node_venv_lib_python3_12_site-packages_PyQt6_Qt6_qml_QtQuick_Controls --> node_venv_lib_python3_12_site-packages_PyQt6_Qt6_qml_QtQuick_Controls_FluentWinUI3["FluentWinUI3"]\n    node_venv_lib_python3_12_site-packages_PyQt6_Qt6_qml_QtQuick_Controls_FluentWinUI3 --> node_venv_lib_python3_12_site-packages_PyQt6_Qt6_qml_QtQuick_Controls_FluentWinUI3_dark["dark"]\n    node_venv_lib_python3_12_site-packages_PyQt6_Qt6_qml_QtQuick_Controls_FluentWinUI3_dark --> node_venv_lib_python3_12_site-packages_PyQt6_Qt6_qml_QtQuick_Controls_FluentWinUI3_dark_images["images"]\n    node_venv_lib_python3_12_site-packages_PyQt6_Qt6_qml_QtQuick_Controls_FluentWinUI3_dark_images --> node_venv_lib_python3_12_site-packages_PyQt6_Qt6_qml_QtQuick_Controls_FluentWinUI3_dark_images_combobox-background-open@2x_png["combobox-background-open@2x.png"]\n    Root --> node_venv["venv"]\n    node_venv --> node_venv_lib["lib"]\n    node_venv_lib --> node_venv_lib_python3_12["python3.12"]\n    node_venv_lib_python3_12 --> node_venv_lib_python3_12_site-packages["site-packages"]\n    node_venv_lib_python3_12_site-packages --> node_venv_lib_python3_12_site-packages_PyQt6["PyQt6"]\n    node_venv_lib_python3_12_site-packages_PyQt6 --> node_venv_lib_python3_12_site-packages_PyQt6_Qt6["Qt6"]\n    node_venv_lib_python3_12_site-packages_PyQt6_Qt6 --> node_venv_lib_python3_12_site-packages_PyQt6_Qt6_qml["qml"]\n    node_venv_lib_python3_12_site-packages_PyQt6_Qt6_qml --> node_venv_lib_python3_12_site-packages_PyQt6_Qt6_qml_QtQuick["QtQuick"]\n    node_venv_lib_python3_12_site-packages_PyQt6_Qt6_qml_QtQuick --> node_venv_lib_python3_12_site-packages_PyQt6_Qt6_qml_QtQuick_Controls["Controls"]\n    node_venv_lib_python3_12_site-packages_PyQt6_Qt6_qml_QtQuick_Controls --> node_venv_lib_python3_12_site-packages_PyQt6_Qt6_qml_QtQuick_Controls_FluentWinUI3["FluentWinUI3"]\n    node_venv_lib_python3_12_site-packages_PyQt6_Qt6_qml_QtQuick_Controls_FluentWinUI3 --> node_venv_lib_python3_12_site-packages_PyQt6_Qt6_qml_QtQuick_Controls_FluentWinUI3_dark["dark"]\n    node_venv_lib_python3_12_site-packages_PyQt6_Qt6_qml_QtQuick_Controls_FluentWinUI3_dark --> node_venv_lib_python3_12_site-packages_PyQt6_Qt6_qml_QtQuick_Controls_FluentWinUI3_dark_images["images"]\n    node_venv_lib_python3_12_site-packages_PyQt6_Qt6_qml_QtQuick_Controls_FluentWinUI3_dark_images --> node_venv_lib_python3_12_site-packages_PyQt6_Qt6_qml_QtQuick_Controls_FluentWinUI3_dark_images_combobox-background-open@3x_png["combobox-background-open@3x.png"]\n    Root --> node_venv["venv"]\n    node_venv --> node_venv_lib["lib"]\n    node_venv_lib --> node_venv_lib_python3_12["python3.12"]\n    node_venv_lib_python3_12 --> node_venv_lib_python3_12_site-packages["site-packages"]\n    node_venv_lib_python3_12_site-packages --> node_venv_lib_python3_12_site-packages_PyQt6["PyQt6"]\n    node_venv_lib_python3_12_site-packages_PyQt6 --> node_venv_lib_python3_12_site-packages_PyQt6_Qt6["Qt6"]\n    node_venv_lib_python3_12_site-packages_PyQt6_Qt6 --> node_venv_lib_python3_12_site-packages_PyQt6_Qt6_qml["qml"]\n    node_venv_lib_python3_12_site-packages_PyQt6_Qt6_qml --> node_venv_lib_python3_12_site-packages_PyQt6_Qt6_qml_QtQuick["QtQuick"]\n    node_venv_lib_python3_12_site-packages_PyQt6_Qt6_qml_QtQuick --> node_venv_lib_python3_12_site-packages_PyQt6_Qt6_qml_QtQuick_Controls["Controls"]\n    node_venv_lib_python3_12_site-packages_PyQt6_Qt6_qml_QtQuick_Controls --> node_venv_lib_python3_12_site-packages_PyQt6_Qt6_qml_QtQuick_Controls_FluentWinUI3["FluentWinUI3"]\n    node_venv_lib_python3_12_site-packages_PyQt6_Qt6_qml_QtQuick_Controls_FluentWinUI3 --> node_venv_lib_python3_12_site-packages_PyQt6_Qt6_qml_QtQuick_Controls_FluentWinUI3_dark["dark"]\n    node_venv_lib_python3_12_site-packages_PyQt6_Qt6_qml_QtQuick_Controls_FluentWinUI3_dark --> node_venv_lib_python3_12_site-packages_PyQt6_Qt6_qml_QtQuick_Controls_FluentWinUI3_dark_images["images"]\n    node_venv_lib_python3_12_site-packages_PyQt6_Qt6_qml_QtQuick_Controls_FluentWinUI3_dark_images --> node_venv_lib_python3_12_site-packages_PyQt6_Qt6_qml_QtQuick_Controls_FluentWinUI3_dark_images_combobox-background-pressed_png["combobox-background-pressed.png"]\n    Root --> node_venv["venv"]\n    node_venv --> node_venv_lib["lib"]\n    node_venv_lib --> node_venv_lib_python3_12["python3.12"]\n    node_venv_lib_python3_12 --> node_venv_lib_python3_12_site-packages["site-packages"]\n    node_venv_lib_python3_12_site-packages --> node_venv_lib_python3_12_site-packages_PyQt6["PyQt6"]\n    node_venv_lib_python3_12_site-packages_PyQt6 --> node_venv_lib_python3_12_site-packages_PyQt6_Qt6["Qt6"]\n    node_venv_lib_python3_12_site-packages_PyQt6_Qt6 --> node_venv_lib_python3_12_site-packages_PyQt6_Qt6_qml["qml"]\n    node_venv_lib_python3_12_site-packages_PyQt6_Qt6_qml --> node_venv_lib_python3_12_site-packages_PyQt6_Qt6_qml_QtQuick["QtQuick"]\n    node_venv_lib_python3_12_site-packages_PyQt6_Qt6_qml_QtQuick --> node_venv_lib_python3_12_site-packages_PyQt6_Qt6_qml_QtQuick_Controls["Controls"]\n    node_venv_lib_python3_12_site-packages_PyQt6_Qt6_qml_QtQuick_Controls --> node_venv_lib_python3_12_site-packages_PyQt6_Qt6_qml_QtQuick_Controls_FluentWinUI3["FluentWinUI3"]\n    node_venv_lib_python3_12_site-packages_PyQt6_Qt6_qml_QtQuick_Controls_FluentWinUI3 --> node_venv_lib_python3_12_site-packages_PyQt6_Qt6_qml_QtQuick_Controls_FluentWinUI3_dark["dark"]\n    node_venv_lib_python3_12_site-packages_PyQt6_Qt6_qml_QtQuick_Controls_FluentWinUI3_dark --> node_venv_lib_python3_12_site-packages_PyQt6_Qt6_qml_QtQuick_Controls_FluentWinUI3_dark_images["images"]\n    node_venv_lib_python3_12_site-packages_PyQt6_Qt6_qml_QtQuick_Controls_FluentWinUI3_dark_images --> node_venv_lib_python3_12_site-packages_PyQt6_Qt6_qml_QtQuick_Controls_FluentWinUI3_dark_images_combobox-background-pressed@2x_png["combobox-background-pressed@2x.png"]\n    Root --> node_venv["venv"]\n    node_venv --> node_venv_lib["lib"]\n    node_venv_lib --> node_venv_lib_python3_12["python3.12"]\n    node_venv_lib_python3_12 --> node_venv_lib_python3_12_site-packages["site-packages"]\n    node_venv_lib_python3_12_site-packages --> node_venv_lib_python3_12_site-packages_PyQt6["PyQt6"]\n    node_venv_lib_python3_12_site-packages_PyQt6 --> node_venv_lib_python3_12_site-packages_PyQt6_Qt6["Qt6"]\n    node_venv_lib_python3_12_site-packages_PyQt6_Qt6 --> node_venv_lib_python3_12_site-packages_PyQt6_Qt6_qml["qml"]\n    node_venv_lib_python3_12_site-packages_PyQt6_Qt6_qml --> node_venv_lib_python3_12_site-packages_PyQt6_Qt6_qml_QtQuick["QtQuick"]\n    node_venv_lib_python3_12_site-packages_PyQt6_Qt6_qml_QtQuick --> node_venv_lib_python3_12_site-packages_PyQt6_Qt6_qml_QtQuick_Controls["Controls"]\n    node_venv_lib_python3_12_site-packages_PyQt6_Qt6_qml_QtQuick_Controls --> node_venv_lib_python3_12_site-packages_PyQt6_Qt6_qml_QtQuick_Controls_FluentWinUI3["FluentWinUI3"]\n    node_venv_lib_python3_12_site-packages_PyQt6_Qt6_qml_QtQuick_Controls_FluentWinUI3 --> node_venv_lib_python3_12_site-packages_PyQt6_Qt6_qml_QtQuick_Controls_FluentWinUI3_dark["dark"]\n    node_venv_lib_python3_12_site-packages_PyQt6_Qt6_qml_QtQuick_Controls_FluentWinUI3_dark --> node_venv_lib_python3_12_site-packages_PyQt6_Qt6_qml_QtQuick_Controls_FluentWinUI3_dark_images["images"]\n    node_venv_lib_python3_12_site-packages_PyQt6_Qt6_qml_QtQuick_Controls_FluentWinUI3_dark_images --> node_venv_lib_python3_12_site-packages_PyQt6_Qt6_qml_QtQuick_Controls_FluentWinUI3_dark_images_combobox-background-pressed@3x_png["combobox-background-pressed@3x.png"]\n    Root --> node_venv["venv"]\n    node_venv --> node_venv_lib["lib"]\n    node_venv_lib --> node_venv_lib_python3_12["python3.12"]\n    node_venv_lib_python3_12 --> node_venv_lib_python3_12_site-packages["site-packages"]\n    node_venv_lib_python3_12_site-packages --> node_venv_lib_python3_12_site-packages_PyQt6["PyQt6"]\n    node_venv_lib_python3_12_site-packages_PyQt6 --> node_venv_lib_python3_12_site-packages_PyQt6_Qt6["Qt6"]\n    node_venv_lib_python3_12_site-packages_PyQt6_Qt6 --> node_venv_lib_python3_12_site-packages_PyQt6_Qt6_qml["qml"]\n    node_venv_lib_python3_12_site-packages_PyQt6_Qt6_qml --> node_venv_lib_python3_12_site-packages_PyQt6_Qt6_qml_QtQuick["QtQuick"]\n    node_venv_lib_python3_12_site-packages_PyQt6_Qt6_qml_QtQuick --> node_venv_lib_python3_12_site-packages_PyQt6_Qt6_qml_QtQuick_Controls["Controls"]\n    node_venv_lib_python3_12_site-packages_PyQt6_Qt6_qml_QtQuick_Controls --> node_venv_lib_python3_12_site-packages_PyQt6_Qt6_qml_QtQuick_Controls_FluentWinUI3["FluentWinUI3"]\n    node_venv_lib_python3_12_site-packages_PyQt6_Qt6_qml_QtQuick_Controls_FluentWinUI3 --> node_venv_lib_python3_12_site-packages_PyQt6_Qt6_qml_QtQuick_Controls_FluentWinUI3_dark["dark"]\n    node_venv_lib_python3_12_site-packages_PyQt6_Qt6_qml_QtQuick_Controls_FluentWinUI3_dark --> node_venv_lib_python3_12_site-packages_PyQt6_Qt6_qml_QtQuick_Controls_FluentWinUI3_dark_images["images"]\n    node_venv_lib_python3_12_site-packages_PyQt6_Qt6_qml_QtQuick_Controls_FluentWinUI3_dark_images --> node_venv_lib_python3_12_site-packages_PyQt6_Qt6_qml_QtQuick_Controls_FluentWinUI3_dark_images_combobox-background_png["combobox-background.png"]\n    Root --> node_venv["venv"]\n    node_venv --> node_venv_lib["lib"]\n    node_venv_lib --> node_venv_lib_python3_12["python3.12"]\n    node_venv_lib_python3_12 --> node_venv_lib_python3_12_site-packages["site-packages"]\n    node_venv_lib_python3_12_site-packages --> node_venv_lib_python3_12_site-packages_PyQt6["PyQt6"]\n    node_venv_lib_python3_12_site-packages_PyQt6 --> node_venv_lib_python3_12_site-packages_PyQt6_Qt6["Qt6"]\n    node_venv_lib_python3_12_site-packages_PyQt6_Qt6 --> node_venv_lib_python3_12_site-packages_PyQt6_Qt6_qml["qml"]\n    node_venv_lib_python3_12_site-packages_PyQt6_Qt6_qml --> node_venv_lib_python3_12_site-packages_PyQt6_Qt6_qml_QtQuick["QtQuick"]\n    node_venv_lib_python3_12_site-packages_PyQt6_Qt6_qml_QtQuick --> node_venv_lib_python3_12_site-packages_PyQt6_Qt6_qml_QtQuick_Controls["Controls"]\n    node_venv_lib_python3_12_site-packages_PyQt6_Qt6_qml_QtQuick_Controls --> node_venv_lib_python3_12_site-packages_PyQt6_Qt6_qml_QtQuick_Controls_FluentWinUI3["FluentWinUI3"]\n    node_venv_lib_python3_12_site-packages_PyQt6_Qt6_qml_QtQuick_Controls_FluentWinUI3 --> node_venv_lib_python3_12_site-packages_PyQt6_Qt6_qml_QtQuick_Controls_FluentWinUI3_dark["dark"]\n    node_venv_lib_python3_12_site-packages_PyQt6_Qt6_qml_QtQuick_Controls_FluentWinUI3_dark --> node_venv_lib_python3_12_site-packages_PyQt6_Qt6_qml_QtQuick_Controls_FluentWinUI3_dark_images["images"]\n    node_venv_lib_python3_12_site-packages_PyQt6_Qt6_qml_QtQuick_Controls_FluentWinUI3_dark_images --> node_venv_lib_python3_12_site-packages_PyQt6_Qt6_qml_QtQuick_Controls_FluentWinUI3_dark_images_combobox-background@2x_png["combobox-background@2x.png"]\n    Root --> node_venv["venv"]\n    node_venv --> node_venv_lib["lib"]\n    node_venv_lib --> node_venv_lib_python3_12["python3.12"]\n    node_venv_lib_python3_12 --> node_venv_lib_python3_12_site-packages["site-packages"]\n    node_venv_lib_python3_12_site-packages --> node_venv_lib_python3_12_site-packages_PyQt6["PyQt6"]\n    node_venv_lib_python3_12_site-packages_PyQt6 --> node_venv_lib_python3_12_site-packages_PyQt6_Qt6["Qt6"]\n    node_venv_lib_python3_12_site-packages_PyQt6_Qt6 --> node_venv_lib_python3_12_site-packages_PyQt6_Qt6_qml["qml"]\n    node_venv_lib_python3_12_site-packages_PyQt6_Qt6_qml --> node_venv_lib_python3_12_site-packages_PyQt6_Qt6_qml_QtQuick["QtQuick"]\n    node_venv_lib_python3_12_site-packages_PyQt6_Qt6_qml_QtQuick --> node_venv_lib_python3_12_site-packages_PyQt6_Qt6_qml_QtQuick_Controls["Controls"]\n    node_venv_lib_python3_12_site-packages_PyQt6_Qt6_qml_QtQuick_Controls --> node_venv_lib_python3_12_site-packages_PyQt6_Qt6_qml_QtQuick_Controls_FluentWinUI3["FluentWinUI3"]\n    node_venv_lib_python3_12_site-packages_PyQt6_Qt6_qml_QtQuick_Controls_FluentWinUI3 --> node_venv_lib_python3_12_site-packages_PyQt6_Qt6_qml_QtQuick_Controls_FluentWinUI3_dark["dark"]\n    node_venv_lib_python3_12_site-packages_PyQt6_Qt6_qml_QtQuick_Controls_FluentWinUI3_dark --> node_venv_lib_python3_12_site-packages_PyQt6_Qt6_qml_QtQuick_Controls_FluentWinUI3_dark_images["images"]\n    node_venv_lib_python3_12_site-packages_PyQt6_Qt6_qml_QtQuick_Controls_FluentWinUI3_dark_images --> node_venv_lib_python3_12_site-packages_PyQt6_Qt6_qml_QtQuick_Controls_FluentWinUI3_dark_images_combobox-background@3x_png["combobox-background@3x.png"]\n    Root --> node_venv["venv"]\n    node_venv --> node_venv_lib["lib"]\n    node_venv_lib --> node_venv_lib_python3_12["python3.12"]\n    node_venv_lib_python3_12 --> node_venv_lib_python3_12_site-packages["site-packages"]\n    node_venv_lib_python3_12_site-packages --> node_venv_lib_python3_12_site-packages_PyQt6["PyQt6"]\n    node_venv_lib_python3_12_site-packages_PyQt6 --> node_venv_lib_python3_12_site-packages_PyQt6_Qt6["Qt6"]\n    node_venv_lib_python3_12_site-packages_PyQt6_Qt6 --> node_venv_lib_python3_12_site-packages_PyQt6_Qt6_qml["qml"]\n    node_venv_lib_python3_12_site-packages_PyQt6_Qt6_qml --> node_venv_lib_python3_12_site-packages_PyQt6_Qt6_qml_QtQuick["QtQuick"]\n    node_venv_lib_python3_12_site-packages_PyQt6_Qt6_qml_QtQuick --> node_venv_lib_python3_12_site-packages_PyQt6_Qt6_qml_QtQuick_Controls["Controls"]\n    node_venv_lib_python3_12_site-packages_PyQt6_Qt6_qml_QtQuick_Controls --> node_venv_lib_python3_12_site-packages_PyQt6_Qt6_qml_QtQuick_Controls_FluentWinUI3["FluentWinUI3"]\n    node_venv_lib_python3_12_site-packages_PyQt6_Qt6_qml_QtQuick_Controls_FluentWinUI3 --> node_venv_lib_python3_12_site-packages_PyQt6_Qt6_qml_QtQuick_Controls_FluentWinUI3_dark["dark"]\n    node_venv_lib_python3_12_site-packages_PyQt6_Qt6_qml_QtQuick_Controls_FluentWinUI3_dark --> node_venv_lib_python3_12_site-packages_PyQt6_Qt6_qml_QtQuick_Controls_FluentWinUI3_dark_images["images"]\n    node_venv_lib_python3_12_site-packages_PyQt6_Qt6_qml_QtQuick_Controls_FluentWinUI3_dark_images --> node_venv_lib_python3_12_site-packages_PyQt6_Qt6_qml_QtQuick_Controls_FluentWinUI3_dark_images_combobox-indicator-disabled_png["combobox-indicator-disabled.png"]\n    Root --> node_venv["venv"]\n    node_venv --> node_venv_lib["lib"]\n    node_venv_lib --> node_venv_lib_python3_12["python3.12"]\n    node_venv_lib_python3_12 --> node_venv_lib_python3_12_site-packages["site-packages"]\n    node_venv_lib_python3_12_site-packages --> node_venv_lib_python3_12_site-packages_PyQt6["PyQt6"]\n    node_venv_lib_python3_12_site-packages_PyQt6 --> node_venv_lib_python3_12_site-packages_PyQt6_Qt6["Qt6"]\n    node_venv_lib_python3_12_site-packages_PyQt6_Qt6 --> node_venv_lib_python3_12_site-packages_PyQt6_Qt6_qml["qml"]\n    node_venv_lib_python3_12_site-packages_PyQt6_Qt6_qml --> node_venv_lib_python3_12_site-packages_PyQt6_Qt6_qml_QtQuick["QtQuick"]\n    node_venv_lib_python3_12_site-packages_PyQt6_Qt6_qml_QtQuick --> node_venv_lib_python3_12_site-packages_PyQt6_Qt6_qml_QtQuick_Controls["Controls"]\n    node_venv_lib_python3_12_site-packages_PyQt6_Qt6_qml_QtQuick_Controls --> node_venv_lib_python3_12_site-packages_PyQt6_Qt6_qml_QtQuick_Controls_FluentWinUI3["FluentWinUI3"]\n    node_venv_lib_python3_12_site-packages_PyQt6_Qt6_qml_QtQuick_Controls_FluentWinUI3 --> node_venv_lib_python3_12_site-packages_PyQt6_Qt6_qml_QtQuick_Controls_FluentWinUI3_dark["dark"]\n    node_venv_lib_python3_12_site-packages_PyQt6_Qt6_qml_QtQuick_Controls_FluentWinUI3_dark --> node_venv_lib_python3_12_site-packages_PyQt6_Qt6_qml_QtQuick_Controls_FluentWinUI3_dark_images["images"]\n    node_venv_lib_python3_12_site-packages_PyQt6_Qt6_qml_QtQuick_Controls_FluentWinUI3_dark_images --> node_venv_lib_python3_12_site-packages_PyQt6_Qt6_qml_QtQuick_Controls_FluentWinUI3_dark_images_combobox-indicator-disabled@2x_png["combobox-indicator-disabled@2x.png"]\n    Root --> node_venv["venv"]\n    node_venv --> node_venv_lib["lib"]\n    node_venv_lib --> node_venv_lib_python3_12["python3.12"]\n    node_venv_lib_python3_12 --> node_venv_lib_python3_12_site-packages["site-packages"]\n    node_venv_lib_python3_12_site-packages --> node_venv_lib_python3_12_site-packages_PyQt6["PyQt6"]\n    node_venv_lib_python3_12_site-packages_PyQt6 --> node_venv_lib_python3_12_site-packages_PyQt6_Qt6["Qt6"]\n    node_venv_lib_python3_12_site-packages_PyQt6_Qt6 --> node_venv_lib_python3_12_site-packages_PyQt6_Qt6_qml["qml"]\n    node_venv_lib_python3_12_site-packages_PyQt6_Qt6_qml --> node_venv_lib_python3_12_site-packages_PyQt6_Qt6_qml_QtQuick["QtQuick"]\n    node_venv_lib_python3_12_site-packages_PyQt6_Qt6_qml_QtQuick --> node_venv_lib_python3_12_site-packages_PyQt6_Qt6_qml_QtQuick_Controls["Controls"]\n    node_venv_lib_python3_12_site-packages_PyQt6_Qt6_qml_QtQuick_Controls --> node_venv_lib_python3_12_site-packages_PyQt6_Qt6_qml_QtQuick_Controls_FluentWinUI3["FluentWinUI3"]\n    node_venv_lib_python3_12_site-packages_PyQt6_Qt6_qml_QtQuick_Controls_FluentWinUI3 --> node_venv_lib_python3_12_site-packages_PyQt6_Qt6_qml_QtQuick_Controls_FluentWinUI3_dark["dark"]\n    node_venv_lib_python3_12_site-packages_PyQt6_Qt6_qml_QtQuick_Controls_FluentWinUI3_dark --> node_venv_lib_python3_12_site-packages_PyQt6_Qt6_qml_QtQuick_Controls_FluentWinUI3_dark_images["images"]\n    node_venv_lib_python3_12_site-packages_PyQt6_Qt6_qml_QtQuick_Controls_FluentWinUI3_dark_images --> node_venv_lib_python3_12_site-packages_PyQt6_Qt6_qml_QtQuick_Controls_FluentWinUI3_dark_images_combobox-indicator-disabled@3x_png["combobox-indicator-disabled@3x.png"]\n    Root --> node_venv["venv"]\n    node_venv --> node_venv_lib["lib"]\n    node_venv_lib --> node_venv_lib_python3_12["python3.12"]\n    node_venv_lib_python3_12 --> node_venv_lib_python3_12_site-packages["site-packages"]\n    node_venv_lib_python3_12_site-packages --> node_venv_lib_python3_12_site-packages_PyQt6["PyQt6"]\n    node_venv_lib_python3_12_site-packages_PyQt6 --> node_venv_lib_python3_12_site-packages_PyQt6_Qt6["Qt6"]\n    node_venv_lib_python3_12_site-packages_PyQt6_Qt6 --> node_venv_lib_python3_12_site-packages_PyQt6_Qt6_qml["qml"]\n    node_venv_lib_python3_12_site-packages_PyQt6_Qt6_qml --> node_venv_lib_python3_12_site-packages_PyQt6_Qt6_qml_QtQuick["QtQuick"]\n    node_venv_lib_python3_12_site-packages_PyQt6_Qt6_qml_QtQuick --> node_venv_lib_python3_12_site-packages_PyQt6_Qt6_qml_QtQuick_Controls["Controls"]\n    node_venv_lib_python3_12_site-packages_PyQt6_Qt6_qml_QtQuick_Controls --> node_venv_lib_python3_12_site-packages_PyQt6_Qt6_qml_QtQuick_Controls_FluentWinUI3["FluentWinUI3"]\n    node_venv_lib_python3_12_site-packages_PyQt6_Qt6_qml_QtQuick_Controls_FluentWinUI3 --> node_venv_lib_python3_12_site-packages_PyQt6_Qt6_qml_QtQuick_Controls_FluentWinUI3_dark["dark"]\n    node_venv_lib_python3_12_site-packages_PyQt6_Qt6_qml_QtQuick_Controls_FluentWinUI3_dark --> node_venv_lib_python3_12_site-packages_PyQt6_Qt6_qml_QtQuick_Controls_FluentWinUI3_dark_images["images"]\n    node_venv_lib_python3_12_site-packages_PyQt6_Qt6_qml_QtQuick_Controls_FluentWinUI3_dark_images --> node_venv_lib_python3_12_site-packages_PyQt6_Qt6_qml_QtQuick_Controls_FluentWinUI3_dark_images_combobox-indicator-focused_png["combobox-indicator-focused.png"]\n    Root --> node_venv["venv"]\n    node_venv --> node_venv_lib["lib"]\n    node_venv_lib --> node_venv_lib_python3_12["python3.12"]\n    node_venv_lib_python3_12 --> node_venv_lib_python3_12_site-packages["site-packages"]\n    node_venv_lib_python3_12_site-packages --> node_venv_lib_python3_12_site-packages_PyQt6["PyQt6"]\n    node_venv_lib_python3_12_site-packages_PyQt6 --> node_venv_lib_python3_12_site-packages_PyQt6_Qt6["Qt6"]\n    node_venv_lib_python3_12_site-packages_PyQt6_Qt6 --> node_venv_lib_python3_12_site-packages_PyQt6_Qt6_qml["qml"]\n    node_venv_lib_python3_12_site-packages_PyQt6_Qt6_qml --> node_venv_lib_python3_12_site-packages_PyQt6_Qt6_qml_QtQuick["QtQuick"]\n    node_venv_lib_python3_12_site-packages_PyQt6_Qt6_qml_QtQuick --> node_venv_lib_python3_12_site-packages_PyQt6_Qt6_qml_QtQuick_Controls["Controls"]\n    node_venv_lib_python3_12_site-packages_PyQt6_Qt6_qml_QtQuick_Controls --> node_venv_lib_python3_12_site-packages_PyQt6_Qt6_qml_QtQuick_Controls_FluentWinUI3["FluentWinUI3"]\n    node_venv_lib_python3_12_site-packages_PyQt6_Qt6_qml_QtQuick_Controls_FluentWinUI3 --> node_venv_lib_python3_12_site-packages_PyQt6_Qt6_qml_QtQuick_Controls_FluentWinUI3_dark["dark"]\n    node_venv_lib_python3_12_site-packages_PyQt6_Qt6_qml_QtQuick_Controls_FluentWinUI3_dark --> node_venv_lib_python3_12_site-packages_PyQt6_Qt6_qml_QtQuick_Controls_FluentWinUI3_dark_images["images"]\n    node_venv_lib_python3_12_site-packages_PyQt6_Qt6_qml_QtQuick_Controls_FluentWinUI3_dark_images --> node_venv_lib_python3_12_site-packages_PyQt6_Qt6_qml_QtQuick_Controls_FluentWinUI3_dark_images_combobox-indicator-focused@2x_png["combobox-indicator-focused@2x.png"]\n    Root --> node_venv["venv"]\n    node_venv --> node_venv_lib["lib"]\n    node_venv_lib --> node_venv_lib_python3_12["python3.12"]\n    node_venv_lib_python3_12 --> node_venv_lib_python3_12_site-packages["site-packages"]\n    node_venv_lib_python3_12_site-packages --> node_venv_lib_python3_12_site-packages_PyQt6["PyQt6"]\n    node_venv_lib_python3_12_site-packages_PyQt6 --> node_venv_lib_python3_12_site-packages_PyQt6_Qt6["Qt6"]\n    node_venv_lib_python3_12_site-packages_PyQt6_Qt6 --> node_venv_lib_python3_12_site-packages_PyQt6_Qt6_qml["qml"]\n    node_venv_lib_python3_12_site-packages_PyQt6_Qt6_qml --> node_venv_lib_python3_12_site-packages_PyQt6_Qt6_qml_QtQuick["QtQuick"]\n    node_venv_lib_python3_12_site-packages_PyQt6_Qt6_qml_QtQuick --> node_venv_lib_python3_12_site-packages_PyQt6_Qt6_qml_QtQuick_Controls["Controls"]\n    node_venv_lib_python3_12_site-packages_PyQt6_Qt6_qml_QtQuick_Controls --> node_venv_lib_python3_12_site-packages_PyQt6_Qt6_qml_QtQuick_Controls_FluentWinUI3["FluentWinUI3"]\n    node_venv_lib_python3_12_site-packages_PyQt6_Qt6_qml_QtQuick_Controls_FluentWinUI3 --> node_venv_lib_python3_12_site-packages_PyQt6_Qt6_qml_QtQuick_Controls_FluentWinUI3_dark["dark"]\n    node_venv_lib_python3_12_site-packages_PyQt6_Qt6_qml_QtQuick_Controls_FluentWinUI3_dark --> node_venv_lib_python3_12_site-packages_PyQt6_Qt6_qml_QtQuick_Controls_FluentWinUI3_dark_images["images"]\n    node_venv_lib_python3_12_site-packages_PyQt6_Qt6_qml_QtQuick_Controls_FluentWinUI3_dark_images --> node_venv_lib_python3_12_site-packages_PyQt6_Qt6_qml_QtQuick_Controls_FluentWinUI3_dark_images_combobox-indicator-focused@3x_png["combobox-indicator-focused@3x.png"]\n    Root --> node_venv["venv"]\n    node_venv --> node_venv_lib["lib"]\n    node_venv_lib --> node_venv_lib_python3_12["python3.12"]\n    node_venv_lib_python3_12 --> node_venv_lib_python3_12_site-packages["site-packages"]\n    node_venv_lib_python3_12_site-packages --> node_venv_lib_python3_12_site-packages_PyQt6["PyQt6"]\n    node_venv_lib_python3_12_site-packages_PyQt6 --> node_venv_lib_python3_12_site-packages_PyQt6_Qt6["Qt6"]\n    node_venv_lib_python3_12_site-packages_PyQt6_Qt6 --> node_venv_lib_python3_12_site-packages_PyQt6_Qt6_qml["qml"]\n    node_venv_lib_python3_12_site-packages_PyQt6_Qt6_qml --> node_venv_lib_python3_12_site-packages_PyQt6_Qt6_qml_QtQuick["QtQuick"]\n    node_venv_lib_python3_12_site-packages_PyQt6_Qt6_qml_QtQuick --> node_venv_lib_python3_12_site-packages_PyQt6_Qt6_qml_QtQuick_Controls["Controls"]\n    node_venv_lib_python3_12_site-packages_PyQt6_Qt6_qml_QtQuick_Controls --> node_venv_lib_python3_12_site-packages_PyQt6_Qt6_qml_QtQuick_Controls_FluentWinUI3["FluentWinUI3"]\n    node_venv_lib_python3_12_site-packages_PyQt6_Qt6_qml_QtQuick_Controls_FluentWinUI3 --> node_venv_lib_python3_12_site-packages_PyQt6_Qt6_qml_QtQuick_Controls_FluentWinUI3_dark["dark"]\n    node_venv_lib_python3_12_site-packages_PyQt6_Qt6_qml_QtQuick_Controls_FluentWinUI3_dark --> node_venv_lib_python3_12_site-packages_PyQt6_Qt6_qml_QtQuick_Controls_FluentWinUI3_dark_images["images"]\n    node_venv_lib_python3_12_site-packages_PyQt6_Qt6_qml_QtQuick_Controls_FluentWinUI3_dark_images --> node_venv_lib_python3_12_site-packages_PyQt6_Qt6_qml_QtQuick_Controls_FluentWinUI3_dark_images_combobox-indicator-hovered-open_png["combobox-indicator-hovered-open.png"]\n    Root --> node_venv["venv"]\n    node_venv --> node_venv_lib["lib"]\n    node_venv_lib --> node_venv_lib_python3_12["python3.12"]\n    node_venv_lib_python3_12 --> node_venv_lib_python3_12_site-packages["site-packages"]\n    node_venv_lib_python3_12_site-packages --> node_venv_lib_python3_12_site-packages_PyQt6["PyQt6"]\n    node_venv_lib_python3_12_site-packages_PyQt6 --> node_venv_lib_python3_12_site-packages_PyQt6_Qt6["Qt6"]\n    node_venv_lib_python3_12_site-packages_PyQt6_Qt6 --> node_venv_lib_python3_12_site-packages_PyQt6_Qt6_qml["qml"]\n    node_venv_lib_python3_12_site-packages_PyQt6_Qt6_qml --> node_venv_lib_python3_12_site-packages_PyQt6_Qt6_qml_QtQuick["QtQuick"]\n    node_venv_lib_python3_12_site-packages_PyQt6_Qt6_qml_QtQuick --> node_venv_lib_python3_12_site-packages_PyQt6_Qt6_qml_QtQuick_Controls["Controls"]\n    node_venv_lib_python3_12_site-packages_PyQt6_Qt6_qml_QtQuick_Controls --> node_venv_lib_python3_12_site-packages_PyQt6_Qt6_qml_QtQuick_Controls_FluentWinUI3["FluentWinUI3"]\n    node_venv_lib_python3_12_site-packages_PyQt6_Qt6_qml_QtQuick_Controls_FluentWinUI3 --> node_venv_lib_python3_12_site-packages_PyQt6_Qt6_qml_QtQuick_Controls_FluentWinUI3_dark["dark"]\n    node_venv_lib_python3_12_site-packages_PyQt6_Qt6_qml_QtQuick_Controls_FluentWinUI3_dark --> node_venv_lib_python3_12_site-packages_PyQt6_Qt6_qml_QtQuick_Controls_FluentWinUI3_dark_images["images"]\n    node_venv_lib_python3_12_site-packages_PyQt6_Qt6_qml_QtQuick_Controls_FluentWinUI3_dark_images --> node_venv_lib_python3_12_site-packages_PyQt6_Qt6_qml_QtQuick_Controls_FluentWinUI3_dark_images_combobox-indicator-hovered-open@2x_png["combobox-indicator-hovered-open@2x.png"]\n    Root --> node_venv["venv"]\n    node_venv --> node_venv_lib["lib"]\n    node_venv_lib --> node_venv_lib_python3_12["python3.12"]\n    node_venv_lib_python3_12 --> node_venv_lib_python3_12_site-packages["site-packages"]\n    node_venv_lib_python3_12_site-packages --> node_venv_lib_python3_12_site-packages_PyQt6["PyQt6"]\n    node_venv_lib_python3_12_site-packages_PyQt6 --> node_venv_lib_python3_12_site-packages_PyQt6_Qt6["Qt6"]\n    node_venv_lib_python3_12_site-packages_PyQt6_Qt6 --> node_venv_lib_python3_12_site-packages_PyQt6_Qt6_qml["qml"]\n    node_venv_lib_python3_12_site-packages_PyQt6_Qt6_qml --> node_venv_lib_python3_12_site-packages_PyQt6_Qt6_qml_QtQuick["QtQuick"]\n    node_venv_lib_python3_12_site-packages_PyQt6_Qt6_qml_QtQuick --> node_venv_lib_python3_12_site-packages_PyQt6_Qt6_qml_QtQuick_Controls["Controls"]\n    node_venv_lib_python3_12_site-packages_PyQt6_Qt6_qml_QtQuick_Controls --> node_venv_lib_python3_12_site-packages_PyQt6_Qt6_qml_QtQuick_Controls_FluentWinUI3["FluentWinUI3"]\n    node_venv_lib_python3_12_site-packages_PyQt6_Qt6_qml_QtQuick_Controls_FluentWinUI3 --> node_venv_lib_python3_12_site-packages_PyQt6_Qt6_qml_QtQuick_Controls_FluentWinUI3_dark["dark"]\n    node_venv_lib_python3_12_site-packages_PyQt6_Qt6_qml_QtQuick_Controls_FluentWinUI3_dark --> node_venv_lib_python3_12_site-packages_PyQt6_Qt6_qml_QtQuick_Controls_FluentWinUI3_dark_images["images"]\n    node_venv_lib_python3_12_site-packages_PyQt6_Qt6_qml_QtQuick_Controls_FluentWinUI3_dark_images --> node_venv_lib_python3_12_site-packages_PyQt6_Qt6_qml_QtQuick_Controls_FluentWinUI3_dark_images_combobox-indicator-hovered-open@3x_png["combobox-indicator-hovered-open@3x.png"]\n    Root --> node_venv["venv"]\n    node_venv --> node_venv_lib["lib"]\n    node_venv_lib --> node_venv_lib_python3_12["python3.12"]\n    node_venv_lib_python3_12 --> node_venv_lib_python3_12_site-packages["site-packages"]\n    node_venv_lib_python3_12_site-packages --> node_venv_lib_python3_12_site-packages_PyQt6["PyQt6"]\n    node_venv_lib_python3_12_site-packages_PyQt6 --> node_venv_lib_python3_12_site-packages_PyQt6_Qt6["Qt6"]\n    node_venv_lib_python3_12_site-packages_PyQt6_Qt6 --> node_venv_lib_python3_12_site-packages_PyQt6_Qt6_qml["qml"]\n    node_venv_lib_python3_12_site-packages_PyQt6_Qt6_qml --> node_venv_lib_python3_12_site-packages_PyQt6_Qt6_qml_QtQuick["QtQuick"]\n    node_venv_lib_python3_12_site-packages_PyQt6_Qt6_qml_QtQuick --> node_venv_lib_python3_12_site-packages_PyQt6_Qt6_qml_QtQuick_Controls["Controls"]\n    node_venv_lib_python3_12_site-packages_PyQt6_Qt6_qml_QtQuick_Controls --> node_venv_lib_python3_12_site-packages_PyQt6_Qt6_qml_QtQuick_Controls_FluentWinUI3["FluentWinUI3"]\n    node_venv_lib_python3_12_site-packages_PyQt6_Qt6_qml_QtQuick_Controls_FluentWinUI3 --> node_venv_lib_python3_12_site-packages_PyQt6_Qt6_qml_QtQuick_Controls_FluentWinUI3_dark["dark"]\n    node_venv_lib_python3_12_site-packages_PyQt6_Qt6_qml_QtQuick_Controls_FluentWinUI3_dark --> node_venv_lib_python3_12_site-packages_PyQt6_Qt6_qml_QtQuick_Controls_FluentWinUI3_dark_images["images"]\n    node_venv_lib_python3_12_site-packages_PyQt6_Qt6_qml_QtQuick_Controls_FluentWinUI3_dark_images --> node_venv_lib_python3_12_site-packages_PyQt6_Qt6_qml_QtQuick_Controls_FluentWinUI3_dark_images_combobox-indicator-hovered_png["combobox-indicator-hovered.png"]\n    Root --> node_venv["venv"]\n    node_venv --> node_venv_lib["lib"]\n    node_venv_lib --> node_venv_lib_python3_12["python3.12"]\n    node_venv_lib_python3_12 --> node_venv_lib_python3_12_site-packages["site-packages"]\n    node_venv_lib_python3_12_site-packages --> node_venv_lib_python3_12_site-packages_PyQt6["PyQt6"]\n    node_venv_lib_python3_12_site-packages_PyQt6 --> node_venv_lib_python3_12_site-packages_PyQt6_Qt6["Qt6"]\n    node_venv_lib_python3_12_site-packages_PyQt6_Qt6 --> node_venv_lib_python3_12_site-packages_PyQt6_Qt6_qml["qml"]\n    node_venv_lib_python3_12_site-packages_PyQt6_Qt6_qml --> node_venv_lib_python3_12_site-packages_PyQt6_Qt6_qml_QtQuick["QtQuick"]\n    node_venv_lib_python3_12_site-packages_PyQt6_Qt6_qml_QtQuick --> node_venv_lib_python3_12_site-packages_PyQt6_Qt6_qml_QtQuick_Controls["Controls"]\n    node_venv_lib_python3_12_site-packages_PyQt6_Qt6_qml_QtQuick_Controls --> node_venv_lib_python3_12_site-packages_PyQt6_Qt6_qml_QtQuick_Controls_FluentWinUI3["FluentWinUI3"]\n    node_venv_lib_python3_12_site-packages_PyQt6_Qt6_qml_QtQuick_Controls_FluentWinUI3 --> node_venv_lib_python3_12_site-packages_PyQt6_Qt6_qml_QtQuick_Controls_FluentWinUI3_dark["dark"]\n    node_venv_lib_python3_12_site-packages_PyQt6_Qt6_qml_QtQuick_Controls_FluentWinUI3_dark --> node_venv_lib_python3_12_site-packages_PyQt6_Qt6_qml_QtQuick_Controls_FluentWinUI3_dark_images["images"]\n    node_venv_lib_python3_12_site-packages_PyQt6_Qt6_qml_QtQuick_Controls_FluentWinUI3_dark_images --> node_venv_lib_python3_12_site-packages_PyQt6_Qt6_qml_QtQuick_Controls_FluentWinUI3_dark_images_combobox-indicator-hovered@2x_png["combobox-indicator-hovered@2x.png"]\n    Root --> node_venv["venv"]\n    node_venv --> node_venv_lib["lib"]\n    node_venv_lib --> node_venv_lib_python3_12["python3.12"]\n    node_venv_lib_python3_12 --> node_venv_lib_python3_12_site-packages["site-packages"]\n    node_venv_lib_python3_12_site-packages --> node_venv_lib_python3_12_site-packages_PyQt6["PyQt6"]\n    node_venv_lib_python3_12_site-packages_PyQt6 --> node_venv_lib_python3_12_site-packages_PyQt6_Qt6["Qt6"]\n    node_venv_lib_python3_12_site-packages_PyQt6_Qt6 --> node_venv_lib_python3_12_site-packages_PyQt6_Qt6_qml["qml"]\n    node_venv_lib_python3_12_site-packages_PyQt6_Qt6_qml --> node_venv_lib_python3_12_site-packages_PyQt6_Qt6_qml_QtQuick["QtQuick"]\n    node_venv_lib_python3_12_site-packages_PyQt6_Qt6_qml_QtQuick --> node_venv_lib_python3_12_site-packages_PyQt6_Qt6_qml_QtQuick_Controls["Controls"]\n    node_venv_lib_python3_12_site-packages_PyQt6_Qt6_qml_QtQuick_Controls --> node_venv_lib_python3_12_site-packages_PyQt6_Qt6_qml_QtQuick_Controls_FluentWinUI3["FluentWinUI3"]\n    node_venv_lib_python3_12_site-packages_PyQt6_Qt6_qml_QtQuick_Controls_FluentWinUI3 --> node_venv_lib_python3_12_site-packages_PyQt6_Qt6_qml_QtQuick_Controls_FluentWinUI3_dark["dark"]\n    node_venv_lib_python3_12_site-packages_PyQt6_Qt6_qml_QtQuick_Controls_FluentWinUI3_dark --> node_venv_lib_python3_12_site-packages_PyQt6_Qt6_qml_QtQuick_Controls_FluentWinUI3_dark_images["images"]\n    node_venv_lib_python3_12_site-packages_PyQt6_Qt6_qml_QtQuick_Controls_FluentWinUI3_dark_images --> node_venv_lib_python3_12_site-packages_PyQt6_Qt6_qml_QtQuick_Controls_FluentWinUI3_dark_images_combobox-indicator-hovered@3x_png["combobox-indicator-hovered@3x.png"]\n    Root --> node_venv["venv"]\n    node_venv --> node_venv_lib["lib"]\n    node_venv_lib --> node_venv_lib_python3_12["python3.12"]\n    node_venv_lib_python3_12 --> node_venv_lib_python3_12_site-packages["site-packages"]\n    node_venv_lib_python3_12_site-packages --> node_venv_lib_python3_12_site-packages_PyQt6["PyQt6"]\n    node_venv_lib_python3_12_site-packages_PyQt6 --> node_venv_lib_python3_12_site-packages_PyQt6_Qt6["Qt6"]\n    node_venv_lib_python3_12_site-packages_PyQt6_Qt6 --> node_venv_lib_python3_12_site-packages_PyQt6_Qt6_qml["qml"]\n    node_venv_lib_python3_12_site-packages_PyQt6_Qt6_qml --> node_venv_lib_python3_12_site-packages_PyQt6_Qt6_qml_QtQuick["QtQuick"]\n    node_venv_lib_python3_12_site-packages_PyQt6_Qt6_qml_QtQuick --> node_venv_lib_python3_12_site-packages_PyQt6_Qt6_qml_QtQuick_Controls["Controls"]\n    node_venv_lib_python3_12_site-packages_PyQt6_Qt6_qml_QtQuick_Controls --> node_venv_lib_python3_12_site-packages_PyQt6_Qt6_qml_QtQuick_Controls_FluentWinUI3["FluentWinUI3"]\n    node_venv_lib_python3_12_site-packages_PyQt6_Qt6_qml_QtQuick_Controls_FluentWinUI3 --> node_venv_lib_python3_12_site-packages_PyQt6_Qt6_qml_QtQuick_Controls_FluentWinUI3_dark["dark"]\n    node_venv_lib_python3_12_site-packages_PyQt6_Qt6_qml_QtQuick_Controls_FluentWinUI3_dark --> node_venv_lib_python3_12_site-packages_PyQt6_Qt6_qml_QtQuick_Controls_FluentWinUI3_dark_images["images"]\n    node_venv_lib_python3_12_site-packages_PyQt6_Qt6_qml_QtQuick_Controls_FluentWinUI3_dark_images --> node_venv_lib_python3_12_site-packages_PyQt6_Qt6_qml_QtQuick_Controls_FluentWinUI3_dark_images_combobox-indicator-open-pressed_png["combobox-indicator-open-pressed.png"]\n    Root --> node_venv["venv"]\n    node_venv --> node_venv_lib["lib"]\n    node_venv_lib --> node_venv_lib_python3_12["python3.12"]\n    node_venv_lib_python3_12 --> node_venv_lib_python3_12_site-packages["site-packages"]\n    node_venv_lib_python3_12_site-packages --> node_venv_lib_python3_12_site-packages_PyQt6["PyQt6"]\n    node_venv_lib_python3_12_site-packages_PyQt6 --> node_venv_lib_python3_12_site-packages_PyQt6_Qt6["Qt6"]\n    node_venv_lib_python3_12_site-packages_PyQt6_Qt6 --> node_venv_lib_python3_12_site-packages_PyQt6_Qt6_qml["qml"]\n    node_venv_lib_python3_12_site-packages_PyQt6_Qt6_qml --> node_venv_lib_python3_12_site-packages_PyQt6_Qt6_qml_QtQuick["QtQuick"]\n    node_venv_lib_python3_12_site-packages_PyQt6_Qt6_qml_QtQuick --> node_venv_lib_python3_12_site-packages_PyQt6_Qt6_qml_QtQuick_Controls["Controls"]\n    node_venv_lib_python3_12_site-packages_PyQt6_Qt6_qml_QtQuick_Controls --> node_venv_lib_python3_12_site-packages_PyQt6_Qt6_qml_QtQuick_Controls_FluentWinUI3["FluentWinUI3"]\n    node_venv_lib_python3_12_site-packages_PyQt6_Qt6_qml_QtQuick_Controls_FluentWinUI3 --> node_venv_lib_python3_12_site-packages_PyQt6_Qt6_qml_QtQuick_Controls_FluentWinUI3_dark["dark"]\n    node_venv_lib_python3_12_site-packages_PyQt6_Qt6_qml_QtQuick_Controls_FluentWinUI3_dark --> node_venv_lib_python3_12_site-packages_PyQt6_Qt6_qml_QtQuick_Controls_FluentWinUI3_dark_images["images"]\n    node_venv_lib_python3_12_site-packages_PyQt6_Qt6_qml_QtQuick_Controls_FluentWinUI3_dark_images --> node_venv_lib_python3_12_site-packages_PyQt6_Qt6_qml_QtQuick_Controls_FluentWinUI3_dark_images_combobox-indicator-open-pressed@2x_png["combobox-indicator-open-pressed@2x.png"]\n    Root --> node_venv["venv"]\n    node_venv --> node_venv_lib["lib"]\n    node_venv_lib --> node_venv_lib_python3_12["python3.12"]\n    node_venv_lib_python3_12 --> node_venv_lib_python3_12_site-packages["site-packages"]\n    node_venv_lib_python3_12_site-packages --> node_venv_lib_python3_12_site-packages_PyQt6["PyQt6"]\n    node_venv_lib_python3_12_site-packages_PyQt6 --> node_venv_lib_python3_12_site-packages_PyQt6_Qt6["Qt6"]\n    node_venv_lib_python3_12_site-packages_PyQt6_Qt6 --> node_venv_lib_python3_12_site-packages_PyQt6_Qt6_qml["qml"]\n    node_venv_lib_python3_12_site-packages_PyQt6_Qt6_qml --> node_venv_lib_python3_12_site-packages_PyQt6_Qt6_qml_QtQuick["QtQuick"]\n    node_venv_lib_python3_12_site-packages_PyQt6_Qt6_qml_QtQuick --> node_venv_lib_python3_12_site-packages_PyQt6_Qt6_qml_QtQuick_Controls["Controls"]\n    node_venv_lib_python3_12_site-packages_PyQt6_Qt6_qml_QtQuick_Controls --> node_venv_lib_python3_12_site-packages_PyQt6_Qt6_qml_QtQuick_Controls_FluentWinUI3["FluentWinUI3"]\n    node_venv_lib_python3_12_site-packages_PyQt6_Qt6_qml_QtQuick_Controls_FluentWinUI3 --> node_venv_lib_python3_12_site-packages_PyQt6_Qt6_qml_QtQuick_Controls_FluentWinUI3_dark["dark"]\n    node_venv_lib_python3_12_site-packages_PyQt6_Qt6_qml_QtQuick_Controls_FluentWinUI3_dark --> node_venv_lib_python3_12_site-packages_PyQt6_Qt6_qml_QtQuick_Controls_FluentWinUI3_dark_images["images"]\n    node_venv_lib_python3_12_site-packages_PyQt6_Qt6_qml_QtQuick_Controls_FluentWinUI3_dark_images --> node_venv_lib_python3_12_site-packages_PyQt6_Qt6_qml_QtQuick_Controls_FluentWinUI3_dark_images_combobox-indicator-open-pressed@3x_png["combobox-indicator-open-pressed@3x.png"]\n    Root --> node_venv["venv"]\n    node_venv --> node_venv_lib["lib"]\n    node_venv_lib --> node_venv_lib_python3_12["python3.12"]\n    node_venv_lib_python3_12 --> node_venv_lib_python3_12_site-packages["site-packages"]\n    node_venv_lib_python3_12_site-packages --> node_venv_lib_python3_12_site-packages_PyQt6["PyQt6"]\n    node_venv_lib_python3_12_site-packages_PyQt6 --> node_venv_lib_python3_12_site-packages_PyQt6_Qt6["Qt6"]\n    node_venv_lib_python3_12_site-packages_PyQt6_Qt6 --> node_venv_lib_python3_12_site-packages_PyQt6_Qt6_qml["qml"]\n    node_venv_lib_python3_12_site-packages_PyQt6_Qt6_qml --> node_venv_lib_python3_12_site-packages_PyQt6_Qt6_qml_QtQuick["QtQuick"]\n    node_venv_lib_python3_12_site-packages_PyQt6_Qt6_qml_QtQuick --> node_venv_lib_python3_12_site-packages_PyQt6_Qt6_qml_QtQuick_Controls["Controls"]\n    node_venv_lib_python3_12_site-packages_PyQt6_Qt6_qml_QtQuick_Controls --> node_venv_lib_python3_12_site-packages_PyQt6_Qt6_qml_QtQuick_Controls_FluentWinUI3["FluentWinUI3"]\n    node_venv_lib_python3_12_site-packages_PyQt6_Qt6_qml_QtQuick_Controls_FluentWinUI3 --> node_venv_lib_python3_12_site-packages_PyQt6_Qt6_qml_QtQuick_Controls_FluentWinUI3_dark["dark"]\n    node_venv_lib_python3_12_site-packages_PyQt6_Qt6_qml_QtQuick_Controls_FluentWinUI3_dark --> node_venv_lib_python3_12_site-packages_PyQt6_Qt6_qml_QtQuick_Controls_FluentWinUI3_dark_images["images"]\n    node_venv_lib_python3_12_site-packages_PyQt6_Qt6_qml_QtQuick_Controls_FluentWinUI3_dark_images --> node_venv_lib_python3_12_site-packages_PyQt6_Qt6_qml_QtQuick_Controls_FluentWinUI3_dark_images_combobox-indicator-open_png["combobox-indicator-open.png"]\n    Root --> node_venv["venv"]\n    node_venv --> node_venv_lib["lib"]\n    node_venv_lib --> node_venv_lib_python3_12["python3.12"]\n    node_venv_lib_python3_12 --> node_venv_lib_python3_12_site-packages["site-packages"]\n    node_venv_lib_python3_12_site-packages --> node_venv_lib_python3_12_site-packages_PyQt6["PyQt6"]\n    node_venv_lib_python3_12_site-packages_PyQt6 --> node_venv_lib_python3_12_site-packages_PyQt6_Qt6["Qt6"]\n    node_venv_lib_python3_12_site-packages_PyQt6_Qt6 --> node_venv_lib_python3_12_site-packages_PyQt6_Qt6_qml["qml"]\n    node_venv_lib_python3_12_site-packages_PyQt6_Qt6_qml --> node_venv_lib_python3_12_site-packages_PyQt6_Qt6_qml_QtQuick["QtQuick"]\n    node_venv_lib_python3_12_site-packages_PyQt6_Qt6_qml_QtQuick --> node_venv_lib_python3_12_site-packages_PyQt6_Qt6_qml_QtQuick_Controls["Controls"]\n    node_venv_lib_python3_12_site-packages_PyQt6_Qt6_qml_QtQuick_Controls --> node_venv_lib_python3_12_site-packages_PyQt6_Qt6_qml_QtQuick_Controls_FluentWinUI3["FluentWinUI3"]\n    node_venv_lib_python3_12_site-packages_PyQt6_Qt6_qml_QtQuick_Controls_FluentWinUI3 --> node_venv_lib_python3_12_site-packages_PyQt6_Qt6_qml_QtQuick_Controls_FluentWinUI3_dark["dark"]\n    node_venv_lib_python3_12_site-packages_PyQt6_Qt6_qml_QtQuick_Controls_FluentWinUI3_dark --> node_venv_lib_python3_12_site-packages_PyQt6_Qt6_qml_QtQuick_Controls_FluentWinUI3_dark_images["images"]\n    node_venv_lib_python3_12_site-packages_PyQt6_Qt6_qml_QtQuick_Controls_FluentWinUI3_dark_images --> node_venv_lib_python3_12_site-packages_PyQt6_Qt6_qml_QtQuick_Controls_FluentWinUI3_dark_images_combobox-indicator-open@2x_png["combobox-indicator-open@2x.png"]\n    Root --> node_venv["venv"]\n    node_venv --> node_venv_lib["lib"]\n    node_venv_lib --> node_venv_lib_python3_12["python3.12"]\n    node_venv_lib_python3_12 --> node_venv_lib_python3_12_site-packages["site-packages"]\n    node_venv_lib_python3_12_site-packages --> node_venv_lib_python3_12_site-packages_PyQt6["PyQt6"]\n    node_venv_lib_python3_12_site-packages_PyQt6 --> node_venv_lib_python3_12_site-packages_PyQt6_Qt6["Qt6"]\n    node_venv_lib_python3_12_site-packages_PyQt6_Qt6 --> node_venv_lib_python3_12_site-packages_PyQt6_Qt6_qml["qml"]\n    node_venv_lib_python3_12_site-packages_PyQt6_Qt6_qml --> node_venv_lib_python3_12_site-packages_PyQt6_Qt6_qml_QtQuick["QtQuick"]\n    node_venv_lib_python3_12_site-packages_PyQt6_Qt6_qml_QtQuick --> node_venv_lib_python3_12_site-packages_PyQt6_Qt6_qml_QtQuick_Controls["Controls"]\n    node_venv_lib_python3_12_site-packages_PyQt6_Qt6_qml_QtQuick_Controls --> node_venv_lib_python3_12_site-packages_PyQt6_Qt6_qml_QtQuick_Controls_FluentWinUI3["FluentWinUI3"]\n    node_venv_lib_python3_12_site-packages_PyQt6_Qt6_qml_QtQuick_Controls_FluentWinUI3 --> node_venv_lib_python3_12_site-packages_PyQt6_Qt6_qml_QtQuick_Controls_FluentWinUI3_dark["dark"]\n    node_venv_lib_python3_12_site-packages_PyQt6_Qt6_qml_QtQuick_Controls_FluentWinUI3_dark --> node_venv_lib_python3_12_site-packages_PyQt6_Qt6_qml_QtQuick_Controls_FluentWinUI3_dark_images["images"]\n    node_venv_lib_python3_12_site-packages_PyQt6_Qt6_qml_QtQuick_Controls_FluentWinUI3_dark_images --> node_venv_lib_python3_12_site-packages_PyQt6_Qt6_qml_QtQuick_Controls_FluentWinUI3_dark_images_combobox-indicator-open@3x_png["combobox-indicator-open@3x.png"]\n    Root --> node_venv["venv"]\n    node_venv --> node_venv_lib["lib"]\n    node_venv_lib --> node_venv_lib_python3_12["python3.12"]\n    node_venv_lib_python3_12 --> node_venv_lib_python3_12_site-packages["site-packages"]\n    node_venv_lib_python3_12_site-packages --> node_venv_lib_python3_12_site-packages_PyQt6["PyQt6"]\n    node_venv_lib_python3_12_site-packages_PyQt6 --> node_venv_lib_python3_12_site-packages_PyQt6_Qt6["Qt6"]\n    node_venv_lib_python3_12_site-packages_PyQt6_Qt6 --> node_venv_lib_python3_12_site-packages_PyQt6_Qt6_qml["qml"]\n    node_venv_lib_python3_12_site-packages_PyQt6_Qt6_qml --> node_venv_lib_python3_12_site-packages_PyQt6_Qt6_qml_QtQuick["QtQuick"]\n    node_venv_lib_python3_12_site-packages_PyQt6_Qt6_qml_QtQuick --> node_venv_lib_python3_12_site-packages_PyQt6_Qt6_qml_QtQuick_Controls["Controls"]\n    node_venv_lib_python3_12_site-packages_PyQt6_Qt6_qml_QtQuick_Controls --> node_venv_lib_python3_12_site-packages_PyQt6_Qt6_qml_QtQuick_Controls_FluentWinUI3["FluentWinUI3"]\n    node_venv_lib_python3_12_site-packages_PyQt6_Qt6_qml_QtQuick_Controls_FluentWinUI3 --> node_venv_lib_python3_12_site-packages_PyQt6_Qt6_qml_QtQuick_Controls_FluentWinUI3_dark["dark"]\n    node_venv_lib_python3_12_site-packages_PyQt6_Qt6_qml_QtQuick_Controls_FluentWinUI3_dark --> node_venv_lib_python3_12_site-packages_PyQt6_Qt6_qml_QtQuick_Controls_FluentWinUI3_dark_images["images"]\n    node_venv_lib_python3_12_site-packages_PyQt6_Qt6_qml_QtQuick_Controls_FluentWinUI3_dark_images --> node_venv_lib_python3_12_site-packages_PyQt6_Qt6_qml_QtQuick_Controls_FluentWinUI3_dark_images_combobox-indicator-pressed_png["combobox-indicator-pressed.png"]\n    Root --> node_venv["venv"]\n    node_venv --> node_venv_lib["lib"]\n    node_venv_lib --> node_venv_lib_python3_12["python3.12"]\n    node_venv_lib_python3_12 --> node_venv_lib_python3_12_site-packages["site-packages"]\n    node_venv_lib_python3_12_site-packages --> node_venv_lib_python3_12_site-packages_PyQt6["PyQt6"]\n    node_venv_lib_python3_12_site-packages_PyQt6 --> node_venv_lib_python3_12_site-packages_PyQt6_Qt6["Qt6"]\n    node_venv_lib_python3_12_site-packages_PyQt6_Qt6 --> node_venv_lib_python3_12_site-packages_PyQt6_Qt6_qml["qml"]\n    node_venv_lib_python3_12_site-packages_PyQt6_Qt6_qml --> node_venv_lib_python3_12_site-packages_PyQt6_Qt6_qml_QtQuick["QtQuick"]\n    node_venv_lib_python3_12_site-packages_PyQt6_Qt6_qml_QtQuick --> node_venv_lib_python3_12_site-packages_PyQt6_Qt6_qml_QtQuick_Controls["Controls"]\n    node_venv_lib_python3_12_site-packages_PyQt6_Qt6_qml_QtQuick_Controls --> node_venv_lib_python3_12_site-packages_PyQt6_Qt6_qml_QtQuick_Controls_FluentWinUI3["FluentWinUI3"]\n    node_venv_lib_python3_12_site-packages_PyQt6_Qt6_qml_QtQuick_Controls_FluentWinUI3 --> node_venv_lib_python3_12_site-packages_PyQt6_Qt6_qml_QtQuick_Controls_FluentWinUI3_dark["dark"]\n    node_venv_lib_python3_12_site-packages_PyQt6_Qt6_qml_QtQuick_Controls_FluentWinUI3_dark --> node_venv_lib_python3_12_site-packages_PyQt6_Qt6_qml_QtQuick_Controls_FluentWinUI3_dark_images["images"]\n    node_venv_lib_python3_12_site-packages_PyQt6_Qt6_qml_QtQuick_Controls_FluentWinUI3_dark_images --> node_venv_lib_python3_12_site-packages_PyQt6_Qt6_qml_QtQuick_Controls_FluentWinUI3_dark_images_combobox-indicator-pressed@2x_png["combobox-indicator-pressed@2x.png"]\n    Root --> node_venv["venv"]\n    node_venv --> node_venv_lib["lib"]\n    node_venv_lib --> node_venv_lib_python3_12["python3.12"]\n    node_venv_lib_python3_12 --> node_venv_lib_python3_12_site-packages["site-packages"]\n    node_venv_lib_python3_12_site-packages --> node_venv_lib_python3_12_site-packages_PyQt6["PyQt6"]\n    node_venv_lib_python3_12_site-packages_PyQt6 --> node_venv_lib_python3_12_site-packages_PyQt6_Qt6["Qt6"]\n    node_venv_lib_python3_12_site-packages_PyQt6_Qt6 --> node_venv_lib_python3_12_site-packages_PyQt6_Qt6_qml["qml"]\n    node_venv_lib_python3_12_site-packages_PyQt6_Qt6_qml --> node_venv_lib_python3_12_site-packages_PyQt6_Qt6_qml_QtQuick["QtQuick"]\n    node_venv_lib_python3_12_site-packages_PyQt6_Qt6_qml_QtQuick --> node_venv_lib_python3_12_site-packages_PyQt6_Qt6_qml_QtQuick_Controls["Controls"]\n    node_venv_lib_python3_12_site-packages_PyQt6_Qt6_qml_QtQuick_Controls --> node_venv_lib_python3_12_site-packages_PyQt6_Qt6_qml_QtQuick_Controls_FluentWinUI3["FluentWinUI3"]\n    node_venv_lib_python3_12_site-packages_PyQt6_Qt6_qml_QtQuick_Controls_FluentWinUI3 --> node_venv_lib_python3_12_site-packages_PyQt6_Qt6_qml_QtQuick_Controls_FluentWinUI3_dark["dark"]\n    node_venv_lib_python3_12_site-packages_PyQt6_Qt6_qml_QtQuick_Controls_FluentWinUI3_dark --> node_venv_lib_python3_12_site-packages_PyQt6_Qt6_qml_QtQuick_Controls_FluentWinUI3_dark_images["images"]\n    node_venv_lib_python3_12_site-packages_PyQt6_Qt6_qml_QtQuick_Controls_FluentWinUI3_dark_images --> node_venv_lib_python3_12_site-packages_PyQt6_Qt6_qml_QtQuick_Controls_FluentWinUI3_dark_images_combobox-indicator-pressed@3x_png["combobox-indicator-pressed@3x.png"]\n    Root --> node_venv["venv"]\n    node_venv --> node_venv_lib["lib"]\n    node_venv_lib --> node_venv_lib_python3_12["python3.12"]\n    node_venv_lib_python3_12 --> node_venv_lib_python3_12_site-packages["site-packages"]\n    node_venv_lib_python3_12_site-packages --> node_venv_lib_python3_12_site-packages_PyQt6["PyQt6"]\n    node_venv_lib_python3_12_site-packages_PyQt6 --> node_venv_lib_python3_12_site-packages_PyQt6_Qt6["Qt6"]\n    node_venv_lib_python3_12_site-packages_PyQt6_Qt6 --> node_venv_lib_python3_12_site-packages_PyQt6_Qt6_qml["qml"]\n    node_venv_lib_python3_12_site-packages_PyQt6_Qt6_qml --> node_venv_lib_python3_12_site-packages_PyQt6_Qt6_qml_QtQuick["QtQuick"]\n    node_venv_lib_python3_12_site-packages_PyQt6_Qt6_qml_QtQuick --> node_venv_lib_python3_12_site-packages_PyQt6_Qt6_qml_QtQuick_Controls["Controls"]\n    node_venv_lib_python3_12_site-packages_PyQt6_Qt6_qml_QtQuick_Controls --> node_venv_lib_python3_12_site-packages_PyQt6_Qt6_qml_QtQuick_Controls_FluentWinUI3["FluentWinUI3"]\n    node_venv_lib_python3_12_site-packages_PyQt6_Qt6_qml_QtQuick_Controls_FluentWinUI3 --> node_venv_lib_python3_12_site-packages_PyQt6_Qt6_qml_QtQuick_Controls_FluentWinUI3_dark["dark"]\n    node_venv_lib_python3_12_site-packages_PyQt6_Qt6_qml_QtQuick_Controls_FluentWinUI3_dark --> node_venv_lib_python3_12_site-packages_PyQt6_Qt6_qml_QtQuick_Controls_FluentWinUI3_dark_images["images"]\n    node_venv_lib_python3_12_site-packages_PyQt6_Qt6_qml_QtQuick_Controls_FluentWinUI3_dark_images --> node_venv_lib_python3_12_site-packages_PyQt6_Qt6_qml_QtQuick_Controls_FluentWinUI3_dark_images_combobox-indicator_png["combobox-indicator.png"]\n    Root --> node_venv["venv"]\n    node_venv --> node_venv_lib["lib"]\n    node_venv_lib --> node_venv_lib_python3_12["python3.12"]\n    node_venv_lib_python3_12 --> node_venv_lib_python3_12_site-packages["site-packages"]\n    node_venv_lib_python3_12_site-packages --> node_venv_lib_python3_12_site-packages_PyQt6["PyQt6"]\n    node_venv_lib_python3_12_site-packages_PyQt6 --> node_venv_lib_python3_12_site-packages_PyQt6_Qt6["Qt6"]\n    node_venv_lib_python3_12_site-packages_PyQt6_Qt6 --> node_venv_lib_python3_12_site-packages_PyQt6_Qt6_qml["qml"]\n    node_venv_lib_python3_12_site-packages_PyQt6_Qt6_qml --> node_venv_lib_python3_12_site-packages_PyQt6_Qt6_qml_QtQuick["QtQuick"]\n    node_venv_lib_python3_12_site-packages_PyQt6_Qt6_qml_QtQuick --> node_venv_lib_python3_12_site-packages_PyQt6_Qt6_qml_QtQuick_Controls["Controls"]\n    node_venv_lib_python3_12_site-packages_PyQt6_Qt6_qml_QtQuick_Controls --> node_venv_lib_python3_12_site-packages_PyQt6_Qt6_qml_QtQuick_Controls_FluentWinUI3["FluentWinUI3"]\n    node_venv_lib_python3_12_site-packages_PyQt6_Qt6_qml_QtQuick_Controls_FluentWinUI3 --> node_venv_lib_python3_12_site-packages_PyQt6_Qt6_qml_QtQuick_Controls_FluentWinUI3_dark["dark"]\n    node_venv_lib_python3_12_site-packages_PyQt6_Qt6_qml_QtQuick_Controls_FluentWinUI3_dark --> node_venv_lib_python3_12_site-packages_PyQt6_Qt6_qml_QtQuick_Controls_FluentWinUI3_dark_images["images"]\n    node_venv_lib_python3_12_site-packages_PyQt6_Qt6_qml_QtQuick_Controls_FluentWinUI3_dark_images --> node_venv_lib_python3_12_site-packages_PyQt6_Qt6_qml_QtQuick_Controls_FluentWinUI3_dark_images_combobox-indicator@2x_png["combobox-indicator@2x.png"]\n    Root --> node_venv["venv"]\n    node_venv --> node_venv_lib["lib"]\n    node_venv_lib --> node_venv_lib_python3_12["python3.12"]\n    node_venv_lib_python3_12 --> node_venv_lib_python3_12_site-packages["site-packages"]\n    node_venv_lib_python3_12_site-packages --> node_venv_lib_python3_12_site-packages_PyQt6["PyQt6"]\n    node_venv_lib_python3_12_site-packages_PyQt6 --> node_venv_lib_python3_12_site-packages_PyQt6_Qt6["Qt6"]\n    node_venv_lib_python3_12_site-packages_PyQt6_Qt6 --> node_venv_lib_python3_12_site-packages_PyQt6_Qt6_qml["qml"]\n    node_venv_lib_python3_12_site-packages_PyQt6_Qt6_qml --> node_venv_lib_python3_12_site-packages_PyQt6_Qt6_qml_QtQuick["QtQuick"]\n    node_venv_lib_python3_12_site-packages_PyQt6_Qt6_qml_QtQuick --> node_venv_lib_python3_12_site-packages_PyQt6_Qt6_qml_QtQuick_Controls["Controls"]\n    node_venv_lib_python3_12_site-packages_PyQt6_Qt6_qml_QtQuick_Controls --> node_venv_lib_python3_12_site-packages_PyQt6_Qt6_qml_QtQuick_Controls_FluentWinUI3["FluentWinUI3"]\n    node_venv_lib_python3_12_site-packages_PyQt6_Qt6_qml_QtQuick_Controls_FluentWinUI3 --> node_venv_lib_python3_12_site-packages_PyQt6_Qt6_qml_QtQuick_Controls_FluentWinUI3_dark["dark"]\n    node_venv_lib_python3_12_site-packages_PyQt6_Qt6_qml_QtQuick_Controls_FluentWinUI3_dark --> node_venv_lib_python3_12_site-packages_PyQt6_Qt6_qml_QtQuick_Controls_FluentWinUI3_dark_images["images"]\n    node_venv_lib_python3_12_site-packages_PyQt6_Qt6_qml_QtQuick_Controls_FluentWinUI3_dark_images --> node_venv_lib_python3_12_site-packages_PyQt6_Qt6_qml_QtQuick_Controls_FluentWinUI3_dark_images_combobox-indicator@3x_png["combobox-indicator@3x.png"]\n    Root --> node_venv["venv"]\n    node_venv --> node_venv_lib["lib"]\n    node_venv_lib --> node_venv_lib_python3_12["python3.12"]\n    node_venv_lib_python3_12 --> node_venv_lib_python3_12_site-packages["site-packages"]\n    node_venv_lib_python3_12_site-packages --> node_venv_lib_python3_12_site-packages_PyQt6["PyQt6"]\n    node_venv_lib_python3_12_site-packages_PyQt6 --> node_venv_lib_python3_12_site-packages_PyQt6_Qt6["Qt6"]\n    node_venv_lib_python3_12_site-packages_PyQt6_Qt6 --> node_venv_lib_python3_12_site-packages_PyQt6_Qt6_qml["qml"]\n    node_venv_lib_python3_12_site-packages_PyQt6_Qt6_qml --> node_venv_lib_python3_12_site-packages_PyQt6_Qt6_qml_QtQuick["QtQuick"]\n    node_venv_lib_python3_12_site-packages_PyQt6_Qt6_qml_QtQuick --> node_venv_lib_python3_12_site-packages_PyQt6_Qt6_qml_QtQuick_Controls["Controls"]\n    node_venv_lib_python3_12_site-packages_PyQt6_Qt6_qml_QtQuick_Controls --> node_venv_lib_python3_12_site-packages_PyQt6_Qt6_qml_QtQuick_Controls_FluentWinUI3["FluentWinUI3"]\n    node_venv_lib_python3_12_site-packages_PyQt6_Qt6_qml_QtQuick_Controls_FluentWinUI3 --> node_venv_lib_python3_12_site-packages_PyQt6_Qt6_qml_QtQuick_Controls_FluentWinUI3_dark["dark"]\n    node_venv_lib_python3_12_site-packages_PyQt6_Qt6_qml_QtQuick_Controls_FluentWinUI3_dark --> node_venv_lib_python3_12_site-packages_PyQt6_Qt6_qml_QtQuick_Controls_FluentWinUI3_dark_images["images"]\n    node_venv_lib_python3_12_site-packages_PyQt6_Qt6_qml_QtQuick_Controls_FluentWinUI3_dark_images --> node_venv_lib_python3_12_site-packages_PyQt6_Qt6_qml_QtQuick_Controls_FluentWinUI3_dark_images_editablecombobox-background-hovered-open_png["editablecombobox-background-hovered-open.png"]\n    Root --> node_venv["venv"]\n    node_venv --> node_venv_lib["lib"]\n    node_venv_lib --> node_venv_lib_python3_12["python3.12"]\n    node_venv_lib_python3_12 --> node_venv_lib_python3_12_site-packages["site-packages"]\n    node_venv_lib_python3_12_site-packages --> node_venv_lib_python3_12_site-packages_PyQt6["PyQt6"]\n    node_venv_lib_python3_12_site-packages_PyQt6 --> node_venv_lib_python3_12_site-packages_PyQt6_Qt6["Qt6"]\n    node_venv_lib_python3_12_site-packages_PyQt6_Qt6 --> node_venv_lib_python3_12_site-packages_PyQt6_Qt6_qml["qml"]\n    node_venv_lib_python3_12_site-packages_PyQt6_Qt6_qml --> node_venv_lib_python3_12_site-packages_PyQt6_Qt6_qml_QtQuick["QtQuick"]\n    node_venv_lib_python3_12_site-packages_PyQt6_Qt6_qml_QtQuick --> node_venv_lib_python3_12_site-packages_PyQt6_Qt6_qml_QtQuick_Controls["Controls"]\n    node_venv_lib_python3_12_site-packages_PyQt6_Qt6_qml_QtQuick_Controls --> node_venv_lib_python3_12_site-packages_PyQt6_Qt6_qml_QtQuick_Controls_FluentWinUI3["FluentWinUI3"]\n    node_venv_lib_python3_12_site-packages_PyQt6_Qt6_qml_QtQuick_Controls_FluentWinUI3 --> node_venv_lib_python3_12_site-packages_PyQt6_Qt6_qml_QtQuick_Controls_FluentWinUI3_dark["dark"]\n    node_venv_lib_python3_12_site-packages_PyQt6_Qt6_qml_QtQuick_Controls_FluentWinUI3_dark --> node_venv_lib_python3_12_site-packages_PyQt6_Qt6_qml_QtQuick_Controls_FluentWinUI3_dark_images["images"]\n    node_venv_lib_python3_12_site-packages_PyQt6_Qt6_qml_QtQuick_Controls_FluentWinUI3_dark_images --> node_venv_lib_python3_12_site-packages_PyQt6_Qt6_qml_QtQuick_Controls_FluentWinUI3_dark_images_editablecombobox-background-hovered-open@2x_png["editablecombobox-background-hovered-open@2x.png"]\n    Root --> node_venv["venv"]\n    node_venv --> node_venv_lib["lib"]\n    node_venv_lib --> node_venv_lib_python3_12["python3.12"]\n    node_venv_lib_python3_12 --> node_venv_lib_python3_12_site-packages["site-packages"]\n    node_venv_lib_python3_12_site-packages --> node_venv_lib_python3_12_site-packages_PyQt6["PyQt6"]\n    node_venv_lib_python3_12_site-packages_PyQt6 --> node_venv_lib_python3_12_site-packages_PyQt6_Qt6["Qt6"]\n    node_venv_lib_python3_12_site-packages_PyQt6_Qt6 --> node_venv_lib_python3_12_site-packages_PyQt6_Qt6_qml["qml"]\n    node_venv_lib_python3_12_site-packages_PyQt6_Qt6_qml --> node_venv_lib_python3_12_site-packages_PyQt6_Qt6_qml_QtQuick["QtQuick"]\n    node_venv_lib_python3_12_site-packages_PyQt6_Qt6_qml_QtQuick --> node_venv_lib_python3_12_site-packages_PyQt6_Qt6_qml_QtQuick_Controls["Controls"]\n    node_venv_lib_python3_12_site-packages_PyQt6_Qt6_qml_QtQuick_Controls --> node_venv_lib_python3_12_site-packages_PyQt6_Qt6_qml_QtQuick_Controls_FluentWinUI3["FluentWinUI3"]\n    node_venv_lib_python3_12_site-packages_PyQt6_Qt6_qml_QtQuick_Controls_FluentWinUI3 --> node_venv_lib_python3_12_site-packages_PyQt6_Qt6_qml_QtQuick_Controls_FluentWinUI3_dark["dark"]\n    node_venv_lib_python3_12_site-packages_PyQt6_Qt6_qml_QtQuick_Controls_FluentWinUI3_dark --> node_venv_lib_python3_12_site-packages_PyQt6_Qt6_qml_QtQuick_Controls_FluentWinUI3_dark_images["images"]\n    node_venv_lib_python3_12_site-packages_PyQt6_Qt6_qml_QtQuick_Controls_FluentWinUI3_dark_images --> node_venv_lib_python3_12_site-packages_PyQt6_Qt6_qml_QtQuick_Controls_FluentWinUI3_dark_images_editablecombobox-background-hovered-open@3x_png["editablecombobox-background-hovered-open@3x.png"]\n    Root --> node_venv["venv"]\n    node_venv --> node_venv_lib["lib"]\n    node_venv_lib --> node_venv_lib_python3_12["python3.12"]\n    node_venv_lib_python3_12 --> node_venv_lib_python3_12_site-packages["site-packages"]\n    node_venv_lib_python3_12_site-packages --> node_venv_lib_python3_12_site-packages_PyQt6["PyQt6"]\n    node_venv_lib_python3_12_site-packages_PyQt6 --> node_venv_lib_python3_12_site-packages_PyQt6_Qt6["Qt6"]\n    node_venv_lib_python3_12_site-packages_PyQt6_Qt6 --> node_venv_lib_python3_12_site-packages_PyQt6_Qt6_qml["qml"]\n    node_venv_lib_python3_12_site-packages_PyQt6_Qt6_qml --> node_venv_lib_python3_12_site-packages_PyQt6_Qt6_qml_QtQuick["QtQuick"]\n    node_venv_lib_python3_12_site-packages_PyQt6_Qt6_qml_QtQuick --> node_venv_lib_python3_12_site-packages_PyQt6_Qt6_qml_QtQuick_Controls["Controls"]\n    node_venv_lib_python3_12_site-packages_PyQt6_Qt6_qml_QtQuick_Controls --> node_venv_lib_python3_12_site-packages_PyQt6_Qt6_qml_QtQuick_Controls_FluentWinUI3["FluentWinUI3"]\n    node_venv_lib_python3_12_site-packages_PyQt6_Qt6_qml_QtQuick_Controls_FluentWinUI3 --> node_venv_lib_python3_12_site-packages_PyQt6_Qt6_qml_QtQuick_Controls_FluentWinUI3_dark["dark"]\n    node_venv_lib_python3_12_site-packages_PyQt6_Qt6_qml_QtQuick_Controls_FluentWinUI3_dark --> node_venv_lib_python3_12_site-packages_PyQt6_Qt6_qml_QtQuick_Controls_FluentWinUI3_dark_images["images"]\n    node_venv_lib_python3_12_site-packages_PyQt6_Qt6_qml_QtQuick_Controls_FluentWinUI3_dark_images --> node_venv_lib_python3_12_site-packages_PyQt6_Qt6_qml_QtQuick_Controls_FluentWinUI3_dark_images_editablecombobox-background-open-pressed_png["editablecombobox-background-open-pressed.png"]\n    Root --> node_venv["venv"]\n    node_venv --> node_venv_lib["lib"]\n    node_venv_lib --> node_venv_lib_python3_12["python3.12"]\n    node_venv_lib_python3_12 --> node_venv_lib_python3_12_site-packages["site-packages"]\n    node_venv_lib_python3_12_site-packages --> node_venv_lib_python3_12_site-packages_PyQt6["PyQt6"]\n    node_venv_lib_python3_12_site-packages_PyQt6 --> node_venv_lib_python3_12_site-packages_PyQt6_Qt6["Qt6"]\n    node_venv_lib_python3_12_site-packages_PyQt6_Qt6 --> node_venv_lib_python3_12_site-packages_PyQt6_Qt6_qml["qml"]\n    node_venv_lib_python3_12_site-packages_PyQt6_Qt6_qml --> node_venv_lib_python3_12_site-packages_PyQt6_Qt6_qml_QtQuick["QtQuick"]\n    node_venv_lib_python3_12_site-packages_PyQt6_Qt6_qml_QtQuick --> node_venv_lib_python3_12_site-packages_PyQt6_Qt6_qml_QtQuick_Controls["Controls"]\n    node_venv_lib_python3_12_site-packages_PyQt6_Qt6_qml_QtQuick_Controls --> node_venv_lib_python3_12_site-packages_PyQt6_Qt6_qml_QtQuick_Controls_FluentWinUI3["FluentWinUI3"]\n    node_venv_lib_python3_12_site-packages_PyQt6_Qt6_qml_QtQuick_Controls_FluentWinUI3 --> node_venv_lib_python3_12_site-packages_PyQt6_Qt6_qml_QtQuick_Controls_FluentWinUI3_dark["dark"]\n    node_venv_lib_python3_12_site-packages_PyQt6_Qt6_qml_QtQuick_Controls_FluentWinUI3_dark --> node_venv_lib_python3_12_site-packages_PyQt6_Qt6_qml_QtQuick_Controls_FluentWinUI3_dark_images["images"]\n    node_venv_lib_python3_12_site-packages_PyQt6_Qt6_qml_QtQuick_Controls_FluentWinUI3_dark_images --> node_venv_lib_python3_12_site-packages_PyQt6_Qt6_qml_QtQuick_Controls_FluentWinUI3_dark_images_editablecombobox-background-open-pressed@2x_png["editablecombobox-background-open-pressed@2x.png"]\n    Root --> node_venv["venv"]\n    node_venv --> node_venv_lib["lib"]\n    node_venv_lib --> node_venv_lib_python3_12["python3.12"]\n    node_venv_lib_python3_12 --> node_venv_lib_python3_12_site-packages["site-packages"]\n    node_venv_lib_python3_12_site-packages --> node_venv_lib_python3_12_site-packages_PyQt6["PyQt6"]\n    node_venv_lib_python3_12_site-packages_PyQt6 --> node_venv_lib_python3_12_site-packages_PyQt6_Qt6["Qt6"]\n    node_venv_lib_python3_12_site-packages_PyQt6_Qt6 --> node_venv_lib_python3_12_site-packages_PyQt6_Qt6_qml["qml"]\n    node_venv_lib_python3_12_site-packages_PyQt6_Qt6_qml --> node_venv_lib_python3_12_site-packages_PyQt6_Qt6_qml_QtQuick["QtQuick"]\n    node_venv_lib_python3_12_site-packages_PyQt6_Qt6_qml_QtQuick --> node_venv_lib_python3_12_site-packages_PyQt6_Qt6_qml_QtQuick_Controls["Controls"]\n    node_venv_lib_python3_12_site-packages_PyQt6_Qt6_qml_QtQuick_Controls --> node_venv_lib_python3_12_site-packages_PyQt6_Qt6_qml_QtQuick_Controls_FluentWinUI3["FluentWinUI3"]\n    node_venv_lib_python3_12_site-packages_PyQt6_Qt6_qml_QtQuick_Controls_FluentWinUI3 --> node_venv_lib_python3_12_site-packages_PyQt6_Qt6_qml_QtQuick_Controls_FluentWinUI3_dark["dark"]\n    node_venv_lib_python3_12_site-packages_PyQt6_Qt6_qml_QtQuick_Controls_FluentWinUI3_dark --> node_venv_lib_python3_12_site-packages_PyQt6_Qt6_qml_QtQuick_Controls_FluentWinUI3_dark_images["images"]\n    node_venv_lib_python3_12_site-packages_PyQt6_Qt6_qml_QtQuick_Controls_FluentWinUI3_dark_images --> node_venv_lib_python3_12_site-packages_PyQt6_Qt6_qml_QtQuick_Controls_FluentWinUI3_dark_images_editablecombobox-background-open-pressed@3x_png["editablecombobox-background-open-pressed@3x.png"]\n    Root --> node_venv["venv"]\n    node_venv --> node_venv_lib["lib"]\n    node_venv_lib --> node_venv_lib_python3_12["python3.12"]\n    node_venv_lib_python3_12 --> node_venv_lib_python3_12_site-packages["site-packages"]\n    node_venv_lib_python3_12_site-packages --> node_venv_lib_python3_12_site-packages_PyQt6["PyQt6"]\n    node_venv_lib_python3_12_site-packages_PyQt6 --> node_venv_lib_python3_12_site-packages_PyQt6_Qt6["Qt6"]\n    node_venv_lib_python3_12_site-packages_PyQt6_Qt6 --> node_venv_lib_python3_12_site-packages_PyQt6_Qt6_qml["qml"]\n    node_venv_lib_python3_12_site-packages_PyQt6_Qt6_qml --> node_venv_lib_python3_12_site-packages_PyQt6_Qt6_qml_QtQuick["QtQuick"]\n    node_venv_lib_python3_12_site-packages_PyQt6_Qt6_qml_QtQuick --> node_venv_lib_python3_12_site-packages_PyQt6_Qt6_qml_QtQuick_Controls["Controls"]\n    node_venv_lib_python3_12_site-packages_PyQt6_Qt6_qml_QtQuick_Controls --> node_venv_lib_python3_12_site-packages_PyQt6_Qt6_qml_QtQuick_Controls_FluentWinUI3["FluentWinUI3"]\n    node_venv_lib_python3_12_site-packages_PyQt6_Qt6_qml_QtQuick_Controls_FluentWinUI3 --> node_venv_lib_python3_12_site-packages_PyQt6_Qt6_qml_QtQuick_Controls_FluentWinUI3_dark["dark"]\n    node_venv_lib_python3_12_site-packages_PyQt6_Qt6_qml_QtQuick_Controls_FluentWinUI3_dark --> node_venv_lib_python3_12_site-packages_PyQt6_Qt6_qml_QtQuick_Controls_FluentWinUI3_dark_images["images"]\n    node_venv_lib_python3_12_site-packages_PyQt6_Qt6_qml_QtQuick_Controls_FluentWinUI3_dark_images --> node_venv_lib_python3_12_site-packages_PyQt6_Qt6_qml_QtQuick_Controls_FluentWinUI3_dark_images_editablecombobox-background-open_png["editablecombobox-background-open.png"]\n    Root --> node_venv["venv"]\n    node_venv --> node_venv_lib["lib"]\n    node_venv_lib --> node_venv_lib_python3_12["python3.12"]\n    node_venv_lib_python3_12 --> node_venv_lib_python3_12_site-packages["site-packages"]\n    node_venv_lib_python3_12_site-packages --> node_venv_lib_python3_12_site-packages_PyQt6["PyQt6"]\n    node_venv_lib_python3_12_site-packages_PyQt6 --> node_venv_lib_python3_12_site-packages_PyQt6_Qt6["Qt6"]\n    node_venv_lib_python3_12_site-packages_PyQt6_Qt6 --> node_venv_lib_python3_12_site-packages_PyQt6_Qt6_qml["qml"]\n    node_venv_lib_python3_12_site-packages_PyQt6_Qt6_qml --> node_venv_lib_python3_12_site-packages_PyQt6_Qt6_qml_QtQuick["QtQuick"]\n    node_venv_lib_python3_12_site-packages_PyQt6_Qt6_qml_QtQuick --> node_venv_lib_python3_12_site-packages_PyQt6_Qt6_qml_QtQuick_Controls["Controls"]\n    node_venv_lib_python3_12_site-packages_PyQt6_Qt6_qml_QtQuick_Controls --> node_venv_lib_python3_12_site-packages_PyQt6_Qt6_qml_QtQuick_Controls_FluentWinUI3["FluentWinUI3"]\n    node_venv_lib_python3_12_site-packages_PyQt6_Qt6_qml_QtQuick_Controls_FluentWinUI3 --> node_venv_lib_python3_12_site-packages_PyQt6_Qt6_qml_QtQuick_Controls_FluentWinUI3_dark["dark"]\n    node_venv_lib_python3_12_site-packages_PyQt6_Qt6_qml_QtQuick_Controls_FluentWinUI3_dark --> node_venv_lib_python3_12_site-packages_PyQt6_Qt6_qml_QtQuick_Controls_FluentWinUI3_dark_images["images"]\n    node_venv_lib_python3_12_site-packages_PyQt6_Qt6_qml_QtQuick_Controls_FluentWinUI3_dark_images --> node_venv_lib_python3_12_site-packages_PyQt6_Qt6_qml_QtQuick_Controls_FluentWinUI3_dark_images_editablecombobox-background-open@2x_png["editablecombobox-background-open@2x.png"]\n    Root --> node_venv["venv"]\n    node_venv --> node_venv_lib["lib"]\n    node_venv_lib --> node_venv_lib_python3_12["python3.12"]\n    node_venv_lib_python3_12 --> node_venv_lib_python3_12_site-packages["site-packages"]\n    node_venv_lib_python3_12_site-packages --> node_venv_lib_python3_12_site-packages_PyQt6["PyQt6"]\n    node_venv_lib_python3_12_site-packages_PyQt6 --> node_venv_lib_python3_12_site-packages_PyQt6_Qt6["Qt6"]\n    node_venv_lib_python3_12_site-packages_PyQt6_Qt6 --> node_venv_lib_python3_12_site-packages_PyQt6_Qt6_qml["qml"]\n    node_venv_lib_python3_12_site-packages_PyQt6_Qt6_qml --> node_venv_lib_python3_12_site-packages_PyQt6_Qt6_qml_QtQuick["QtQuick"]\n    node_venv_lib_python3_12_site-packages_PyQt6_Qt6_qml_QtQuick --> node_venv_lib_python3_12_site-packages_PyQt6_Qt6_qml_QtQuick_Controls["Controls"]\n    node_venv_lib_python3_12_site-packages_PyQt6_Qt6_qml_QtQuick_Controls --> node_venv_lib_python3_12_site-packages_PyQt6_Qt6_qml_QtQuick_Controls_FluentWinUI3["FluentWinUI3"]\n    node_venv_lib_python3_12_site-packages_PyQt6_Qt6_qml_QtQuick_Controls_FluentWinUI3 --> node_venv_lib_python3_12_site-packages_PyQt6_Qt6_qml_QtQuick_Controls_FluentWinUI3_dark["dark"]\n    node_venv_lib_python3_12_site-packages_PyQt6_Qt6_qml_QtQuick_Controls_FluentWinUI3_dark --> node_venv_lib_python3_12_site-packages_PyQt6_Qt6_qml_QtQuick_Controls_FluentWinUI3_dark_images["images"]\n    node_venv_lib_python3_12_site-packages_PyQt6_Qt6_qml_QtQuick_Controls_FluentWinUI3_dark_images --> node_venv_lib_python3_12_site-packages_PyQt6_Qt6_qml_QtQuick_Controls_FluentWinUI3_dark_images_editablecombobox-background-open@3x_png["editablecombobox-background-open@3x.png"]\n    Root --> node_venv["venv"]\n    node_venv --> node_venv_lib["lib"]\n    node_venv_lib --> node_venv_lib_python3_12["python3.12"]\n    node_venv_lib_python3_12 --> node_venv_lib_python3_12_site-packages["site-packages"]\n    node_venv_lib_python3_12_site-packages --> node_venv_lib_python3_12_site-packages_PyQt6["PyQt6"]\n    node_venv_lib_python3_12_site-packages_PyQt6 --> node_venv_lib_python3_12_site-packages_PyQt6_Qt6["Qt6"]\n    node_venv_lib_python3_12_site-packages_PyQt6_Qt6 --> node_venv_lib_python3_12_site-packages_PyQt6_Qt6_qml["qml"]\n    node_venv_lib_python3_12_site-packages_PyQt6_Qt6_qml --> node_venv_lib_python3_12_site-packages_PyQt6_Qt6_qml_QtQuick["QtQuick"]\n    node_venv_lib_python3_12_site-packages_PyQt6_Qt6_qml_QtQuick --> node_venv_lib_python3_12_site-packages_PyQt6_Qt6_qml_QtQuick_Controls["Controls"]\n    node_venv_lib_python3_12_site-packages_PyQt6_Qt6_qml_QtQuick_Controls --> node_venv_lib_python3_12_site-packages_PyQt6_Qt6_qml_QtQuick_Controls_FluentWinUI3["FluentWinUI3"]\n    node_venv_lib_python3_12_site-packages_PyQt6_Qt6_qml_QtQuick_Controls_FluentWinUI3 --> node_venv_lib_python3_12_site-packages_PyQt6_Qt6_qml_QtQuick_Controls_FluentWinUI3_dark["dark"]\n    node_venv_lib_python3_12_site-packages_PyQt6_Qt6_qml_QtQuick_Controls_FluentWinUI3_dark --> node_venv_lib_python3_12_site-packages_PyQt6_Qt6_qml_QtQuick_Controls_FluentWinUI3_dark_images["images"]\n    node_venv_lib_python3_12_site-packages_PyQt6_Qt6_qml_QtQuick_Controls_FluentWinUI3_dark_images --> node_venv_lib_python3_12_site-packages_PyQt6_Qt6_qml_QtQuick_Controls_FluentWinUI3_dark_images_editablecombobox-indicator-hovered-open_png["editablecombobox-indicator-hovered-open.png"]\n    Root --> node_venv["venv"]\n    node_venv --> node_venv_lib["lib"]\n    node_venv_lib --> node_venv_lib_python3_12["python3.12"]\n    node_venv_lib_python3_12 --> node_venv_lib_python3_12_site-packages["site-packages"]\n    node_venv_lib_python3_12_site-packages --> node_venv_lib_python3_12_site-packages_PyQt6["PyQt6"]\n    node_venv_lib_python3_12_site-packages_PyQt6 --> node_venv_lib_python3_12_site-packages_PyQt6_Qt6["Qt6"]\n    node_venv_lib_python3_12_site-packages_PyQt6_Qt6 --> node_venv_lib_python3_12_site-packages_PyQt6_Qt6_qml["qml"]\n    node_venv_lib_python3_12_site-packages_PyQt6_Qt6_qml --> node_venv_lib_python3_12_site-packages_PyQt6_Qt6_qml_QtQuick["QtQuick"]\n    node_venv_lib_python3_12_site-packages_PyQt6_Qt6_qml_QtQuick --> node_venv_lib_python3_12_site-packages_PyQt6_Qt6_qml_QtQuick_Controls["Controls"]\n    node_venv_lib_python3_12_site-packages_PyQt6_Qt6_qml_QtQuick_Controls --> node_venv_lib_python3_12_site-packages_PyQt6_Qt6_qml_QtQuick_Controls_FluentWinUI3["FluentWinUI3"]\n    node_venv_lib_python3_12_site-packages_PyQt6_Qt6_qml_QtQuick_Controls_FluentWinUI3 --> node_venv_lib_python3_12_site-packages_PyQt6_Qt6_qml_QtQuick_Controls_FluentWinUI3_dark["dark"]\n    node_venv_lib_python3_12_site-packages_PyQt6_Qt6_qml_QtQuick_Controls_FluentWinUI3_dark --> node_venv_lib_python3_12_site-packages_PyQt6_Qt6_qml_QtQuick_Controls_FluentWinUI3_dark_images["images"]\n    node_venv_lib_python3_12_site-packages_PyQt6_Qt6_qml_QtQuick_Controls_FluentWinUI3_dark_images --> node_venv_lib_python3_12_site-packages_PyQt6_Qt6_qml_QtQuick_Controls_FluentWinUI3_dark_images_editablecombobox-indicator-hovered-open@2x_png["editablecombobox-indicator-hovered-open@2x.png"]\n    Root --> node_venv["venv"]\n    node_venv --> node_venv_lib["lib"]\n    node_venv_lib --> node_venv_lib_python3_12["python3.12"]\n    node_venv_lib_python3_12 --> node_venv_lib_python3_12_site-packages["site-packages"]\n    node_venv_lib_python3_12_site-packages --> node_venv_lib_python3_12_site-packages_PyQt6["PyQt6"]\n    node_venv_lib_python3_12_site-packages_PyQt6 --> node_venv_lib_python3_12_site-packages_PyQt6_Qt6["Qt6"]\n    node_venv_lib_python3_12_site-packages_PyQt6_Qt6 --> node_venv_lib_python3_12_site-packages_PyQt6_Qt6_qml["qml"]\n    node_venv_lib_python3_12_site-packages_PyQt6_Qt6_qml --> node_venv_lib_python3_12_site-packages_PyQt6_Qt6_qml_QtQuick["QtQuick"]\n    node_venv_lib_python3_12_site-packages_PyQt6_Qt6_qml_QtQuick --> node_venv_lib_python3_12_site-packages_PyQt6_Qt6_qml_QtQuick_Controls["Controls"]\n    node_venv_lib_python3_12_site-packages_PyQt6_Qt6_qml_QtQuick_Controls --> node_venv_lib_python3_12_site-packages_PyQt6_Qt6_qml_QtQuick_Controls_FluentWinUI3["FluentWinUI3"]\n    node_venv_lib_python3_12_site-packages_PyQt6_Qt6_qml_QtQuick_Controls_FluentWinUI3 --> node_venv_lib_python3_12_site-packages_PyQt6_Qt6_qml_QtQuick_Controls_FluentWinUI3_dark["dark"]\n    node_venv_lib_python3_12_site-packages_PyQt6_Qt6_qml_QtQuick_Controls_FluentWinUI3_dark --> node_venv_lib_python3_12_site-packages_PyQt6_Qt6_qml_QtQuick_Controls_FluentWinUI3_dark_images["images"]\n    node_venv_lib_python3_12_site-packages_PyQt6_Qt6_qml_QtQuick_Controls_FluentWinUI3_dark_images --> node_venv_lib_python3_12_site-packages_PyQt6_Qt6_qml_QtQuick_Controls_FluentWinUI3_dark_images_editablecombobox-indicator-hovered-open@3x_png["editablecombobox-indicator-hovered-open@3x.png"]\n    Root --> node_venv["venv"]\n    node_venv --> node_venv_lib["lib"]\n    node_venv_lib --> node_venv_lib_python3_12["python3.12"]\n    node_venv_lib_python3_12 --> node_venv_lib_python3_12_site-packages["site-packages"]\n    node_venv_lib_python3_12_site-packages --> node_venv_lib_python3_12_site-packages_PyQt6["PyQt6"]\n    node_venv_lib_python3_12_site-packages_PyQt6 --> node_venv_lib_python3_12_site-packages_PyQt6_Qt6["Qt6"]\n    node_venv_lib_python3_12_site-packages_PyQt6_Qt6 --> node_venv_lib_python3_12_site-packages_PyQt6_Qt6_qml["qml"]\n    node_venv_lib_python3_12_site-packages_PyQt6_Qt6_qml --> node_venv_lib_python3_12_site-packages_PyQt6_Qt6_qml_QtQuick["QtQuick"]\n    node_venv_lib_python3_12_site-packages_PyQt6_Qt6_qml_QtQuick --> node_venv_lib_python3_12_site-packages_PyQt6_Qt6_qml_QtQuick_Controls["Controls"]\n    node_venv_lib_python3_12_site-packages_PyQt6_Qt6_qml_QtQuick_Controls --> node_venv_lib_python3_12_site-packages_PyQt6_Qt6_qml_QtQuick_Controls_FluentWinUI3["FluentWinUI3"]\n    node_venv_lib_python3_12_site-packages_PyQt6_Qt6_qml_QtQuick_Controls_FluentWinUI3 --> node_venv_lib_python3_12_site-packages_PyQt6_Qt6_qml_QtQuick_Controls_FluentWinUI3_dark["dark"]\n    node_venv_lib_python3_12_site-packages_PyQt6_Qt6_qml_QtQuick_Controls_FluentWinUI3_dark --> node_venv_lib_python3_12_site-packages_PyQt6_Qt6_qml_QtQuick_Controls_FluentWinUI3_dark_images["images"]\n    node_venv_lib_python3_12_site-packages_PyQt6_Qt6_qml_QtQuick_Controls_FluentWinUI3_dark_images --> node_venv_lib_python3_12_site-packages_PyQt6_Qt6_qml_QtQuick_Controls_FluentWinUI3_dark_images_editablecombobox-indicator-open-pressed_png["editablecombobox-indicator-open-pressed.png"]\n    Root --> node_venv["venv"]\n    node_venv --> node_venv_lib["lib"]\n    node_venv_lib --> node_venv_lib_python3_12["python3.12"]\n    node_venv_lib_python3_12 --> node_venv_lib_python3_12_site-packages["site-packages"]\n    node_venv_lib_python3_12_site-packages --> node_venv_lib_python3_12_site-packages_PyQt6["PyQt6"]\n    node_venv_lib_python3_12_site-packages_PyQt6 --> node_venv_lib_python3_12_site-packages_PyQt6_Qt6["Qt6"]\n    node_venv_lib_python3_12_site-packages_PyQt6_Qt6 --> node_venv_lib_python3_12_site-packages_PyQt6_Qt6_qml["qml"]\n    node_venv_lib_python3_12_site-packages_PyQt6_Qt6_qml --> node_venv_lib_python3_12_site-packages_PyQt6_Qt6_qml_QtQuick["QtQuick"]\n    node_venv_lib_python3_12_site-packages_PyQt6_Qt6_qml_QtQuick --> node_venv_lib_python3_12_site-packages_PyQt6_Qt6_qml_QtQuick_Controls["Controls"]\n    node_venv_lib_python3_12_site-packages_PyQt6_Qt6_qml_QtQuick_Controls --> node_venv_lib_python3_12_site-packages_PyQt6_Qt6_qml_QtQuick_Controls_FluentWinUI3["FluentWinUI3"]\n    node_venv_lib_python3_12_site-packages_PyQt6_Qt6_qml_QtQuick_Controls_FluentWinUI3 --> node_venv_lib_python3_12_site-packages_PyQt6_Qt6_qml_QtQuick_Controls_FluentWinUI3_dark["dark"]\n    node_venv_lib_python3_12_site-packages_PyQt6_Qt6_qml_QtQuick_Controls_FluentWinUI3_dark --> node_venv_lib_python3_12_site-packages_PyQt6_Qt6_qml_QtQuick_Controls_FluentWinUI3_dark_images["images"]\n    node_venv_lib_python3_12_site-packages_PyQt6_Qt6_qml_QtQuick_Controls_FluentWinUI3_dark_images --> node_venv_lib_python3_12_site-packages_PyQt6_Qt6_qml_QtQuick_Controls_FluentWinUI3_dark_images_editablecombobox-indicator-open-pressed@2x_png["editablecombobox-indicator-open-pressed@2x.png"]\n    Root --> node_venv["venv"]\n    node_venv --> node_venv_lib["lib"]\n    node_venv_lib --> node_venv_lib_python3_12["python3.12"]\n    node_venv_lib_python3_12 --> node_venv_lib_python3_12_site-packages["site-packages"]\n    node_venv_lib_python3_12_site-packages --> node_venv_lib_python3_12_site-packages_PyQt6["PyQt6"]\n    node_venv_lib_python3_12_site-packages_PyQt6 --> node_venv_lib_python3_12_site-packages_PyQt6_Qt6["Qt6"]\n    node_venv_lib_python3_12_site-packages_PyQt6_Qt6 --> node_venv_lib_python3_12_site-packages_PyQt6_Qt6_qml["qml"]\n    node_venv_lib_python3_12_site-packages_PyQt6_Qt6_qml --> node_venv_lib_python3_12_site-packages_PyQt6_Qt6_qml_QtQuick["QtQuick"]\n    node_venv_lib_python3_12_site-packages_PyQt6_Qt6_qml_QtQuick --> node_venv_lib_python3_12_site-packages_PyQt6_Qt6_qml_QtQuick_Controls["Controls"]\n    node_venv_lib_python3_12_site-packages_PyQt6_Qt6_qml_QtQuick_Controls --> node_venv_lib_python3_12_site-packages_PyQt6_Qt6_qml_QtQuick_Controls_FluentWinUI3["FluentWinUI3"]\n    node_venv_lib_python3_12_site-packages_PyQt6_Qt6_qml_QtQuick_Controls_FluentWinUI3 --> node_venv_lib_python3_12_site-packages_PyQt6_Qt6_qml_QtQuick_Controls_FluentWinUI3_dark["dark"]\n    node_venv_lib_python3_12_site-packages_PyQt6_Qt6_qml_QtQuick_Controls_FluentWinUI3_dark --> node_venv_lib_python3_12_site-packages_PyQt6_Qt6_qml_QtQuick_Controls_FluentWinUI3_dark_images["images"]\n    node_venv_lib_python3_12_site-packages_PyQt6_Qt6_qml_QtQuick_Controls_FluentWinUI3_dark_images --> node_venv_lib_python3_12_site-packages_PyQt6_Qt6_qml_QtQuick_Controls_FluentWinUI3_dark_images_editablecombobox-indicator-open-pressed@3x_png["editablecombobox-indicator-open-pressed@3x.png"]\n    Root --> node_venv["venv"]\n    node_venv --> node_venv_lib["lib"]\n    node_venv_lib --> node_venv_lib_python3_12["python3.12"]\n    node_venv_lib_python3_12 --> node_venv_lib_python3_12_site-packages["site-packages"]\n    node_venv_lib_python3_12_site-packages --> node_venv_lib_python3_12_site-packages_PyQt6["PyQt6"]\n    node_venv_lib_python3_12_site-packages_PyQt6 --> node_venv_lib_python3_12_site-packages_PyQt6_Qt6["Qt6"]\n    node_venv_lib_python3_12_site-packages_PyQt6_Qt6 --> node_venv_lib_python3_12_site-packages_PyQt6_Qt6_qml["qml"]\n    node_venv_lib_python3_12_site-packages_PyQt6_Qt6_qml --> node_venv_lib_python3_12_site-packages_PyQt6_Qt6_qml_QtQuick["QtQuick"]\n    node_venv_lib_python3_12_site-packages_PyQt6_Qt6_qml_QtQuick --> node_venv_lib_python3_12_site-packages_PyQt6_Qt6_qml_QtQuick_Controls["Controls"]\n    node_venv_lib_python3_12_site-packages_PyQt6_Qt6_qml_QtQuick_Controls --> node_venv_lib_python3_12_site-packages_PyQt6_Qt6_qml_QtQuick_Controls_FluentWinUI3["FluentWinUI3"]\n    node_venv_lib_python3_12_site-packages_PyQt6_Qt6_qml_QtQuick_Controls_FluentWinUI3 --> node_venv_lib_python3_12_site-packages_PyQt6_Qt6_qml_QtQuick_Controls_FluentWinUI3_dark["dark"]\n    node_venv_lib_python3_12_site-packages_PyQt6_Qt6_qml_QtQuick_Controls_FluentWinUI3_dark --> node_venv_lib_python3_12_site-packages_PyQt6_Qt6_qml_QtQuick_Controls_FluentWinUI3_dark_images["images"]\n    node_venv_lib_python3_12_site-packages_PyQt6_Qt6_qml_QtQuick_Controls_FluentWinUI3_dark_images --> node_venv_lib_python3_12_site-packages_PyQt6_Qt6_qml_QtQuick_Controls_FluentWinUI3_dark_images_editablecombobox-indicator-open_png["editablecombobox-indicator-open.png"]\n    Root --> node_venv["venv"]\n    node_venv --> node_venv_lib["lib"]\n    node_venv_lib --> node_venv_lib_python3_12["python3.12"]\n    node_venv_lib_python3_12 --> node_venv_lib_python3_12_site-packages["site-packages"]\n    node_venv_lib_python3_12_site-packages --> node_venv_lib_python3_12_site-packages_PyQt6["PyQt6"]\n    node_venv_lib_python3_12_site-packages_PyQt6 --> node_venv_lib_python3_12_site-packages_PyQt6_Qt6["Qt6"]\n    node_venv_lib_python3_12_site-packages_PyQt6_Qt6 --> node_venv_lib_python3_12_site-packages_PyQt6_Qt6_qml["qml"]\n    node_venv_lib_python3_12_site-packages_PyQt6_Qt6_qml --> node_venv_lib_python3_12_site-packages_PyQt6_Qt6_qml_QtQuick["QtQuick"]\n    node_venv_lib_python3_12_site-packages_PyQt6_Qt6_qml_QtQuick --> node_venv_lib_python3_12_site-packages_PyQt6_Qt6_qml_QtQuick_Controls["Controls"]\n    node_venv_lib_python3_12_site-packages_PyQt6_Qt6_qml_QtQuick_Controls --> node_venv_lib_python3_12_site-packages_PyQt6_Qt6_qml_QtQuick_Controls_FluentWinUI3["FluentWinUI3"]\n    node_venv_lib_python3_12_site-packages_PyQt6_Qt6_qml_QtQuick_Controls_FluentWinUI3 --> node_venv_lib_python3_12_site-packages_PyQt6_Qt6_qml_QtQuick_Controls_FluentWinUI3_dark["dark"]\n    node_venv_lib_python3_12_site-packages_PyQt6_Qt6_qml_QtQuick_Controls_FluentWinUI3_dark --> node_venv_lib_python3_12_site-packages_PyQt6_Qt6_qml_QtQuick_Controls_FluentWinUI3_dark_images["images"]\n    node_venv_lib_python3_12_site-packages_PyQt6_Qt6_qml_QtQuick_Controls_FluentWinUI3_dark_images --> node_venv_lib_python3_12_site-packages_PyQt6_Qt6_qml_QtQuick_Controls_FluentWinUI3_dark_images_editablecombobox-indicator-open@2x_png["editablecombobox-indicator-open@2x.png"]\n    Root --> node_venv["venv"]\n    node_venv --> node_venv_lib["lib"]\n    node_venv_lib --> node_venv_lib_python3_12["python3.12"]\n    node_venv_lib_python3_12 --> node_venv_lib_python3_12_site-packages["site-packages"]\n    node_venv_lib_python3_12_site-packages --> node_venv_lib_python3_12_site-packages_PyQt6["PyQt6"]\n    node_venv_lib_python3_12_site-packages_PyQt6 --> node_venv_lib_python3_12_site-packages_PyQt6_Qt6["Qt6"]\n    node_venv_lib_python3_12_site-packages_PyQt6_Qt6 --> node_venv_lib_python3_12_site-packages_PyQt6_Qt6_qml["qml"]\n    node_venv_lib_python3_12_site-packages_PyQt6_Qt6_qml --> node_venv_lib_python3_12_site-packages_PyQt6_Qt6_qml_QtQuick["QtQuick"]\n    node_venv_lib_python3_12_site-packages_PyQt6_Qt6_qml_QtQuick --> node_venv_lib_python3_12_site-packages_PyQt6_Qt6_qml_QtQuick_Controls["Controls"]\n    node_venv_lib_python3_12_site-packages_PyQt6_Qt6_qml_QtQuick_Controls --> node_venv_lib_python3_12_site-packages_PyQt6_Qt6_qml_QtQuick_Controls_FluentWinUI3["FluentWinUI3"]\n    node_venv_lib_python3_12_site-packages_PyQt6_Qt6_qml_QtQuick_Controls_FluentWinUI3 --> node_venv_lib_python3_12_site-packages_PyQt6_Qt6_qml_QtQuick_Controls_FluentWinUI3_dark["dark"]\n    node_venv_lib_python3_12_site-packages_PyQt6_Qt6_qml_QtQuick_Controls_FluentWinUI3_dark --> node_venv_lib_python3_12_site-packages_PyQt6_Qt6_qml_QtQuick_Controls_FluentWinUI3_dark_images["images"]\n    node_venv_lib_python3_12_site-packages_PyQt6_Qt6_qml_QtQuick_Controls_FluentWinUI3_dark_images --> node_venv_lib_python3_12_site-packages_PyQt6_Qt6_qml_QtQuick_Controls_FluentWinUI3_dark_images_editablecombobox-indicator-open@3x_png["editablecombobox-indicator-open@3x.png"]\n    Root --> node_venv["venv"]\n    node_venv --> node_venv_lib["lib"]\n    node_venv_lib --> node_venv_lib_python3_12["python3.12"]\n    node_venv_lib_python3_12 --> node_venv_lib_python3_12_site-packages["site-packages"]\n    node_venv_lib_python3_12_site-packages --> node_venv_lib_python3_12_site-packages_PyQt6["PyQt6"]\n    node_venv_lib_python3_12_site-packages_PyQt6 --> node_venv_lib_python3_12_site-packages_PyQt6_Qt6["Qt6"]\n    node_venv_lib_python3_12_site-packages_PyQt6_Qt6 --> node_venv_lib_python3_12_site-packages_PyQt6_Qt6_qml["qml"]\n    node_venv_lib_python3_12_site-packages_PyQt6_Qt6_qml --> node_venv_lib_python3_12_site-packages_PyQt6_Qt6_qml_QtQuick["QtQuick"]\n    node_venv_lib_python3_12_site-packages_PyQt6_Qt6_qml_QtQuick --> node_venv_lib_python3_12_site-packages_PyQt6_Qt6_qml_QtQuick_Controls["Controls"]\n    node_venv_lib_python3_12_site-packages_PyQt6_Qt6_qml_QtQuick_Controls --> node_venv_lib_python3_12_site-packages_PyQt6_Qt6_qml_QtQuick_Controls_FluentWinUI3["FluentWinUI3"]\n    node_venv_lib_python3_12_site-packages_PyQt6_Qt6_qml_QtQuick_Controls_FluentWinUI3 --> node_venv_lib_python3_12_site-packages_PyQt6_Qt6_qml_QtQuick_Controls_FluentWinUI3_dark["dark"]\n    node_venv_lib_python3_12_site-packages_PyQt6_Qt6_qml_QtQuick_Controls_FluentWinUI3_dark --> node_venv_lib_python3_12_site-packages_PyQt6_Qt6_qml_QtQuick_Controls_FluentWinUI3_dark_images["images"]\n    node_venv_lib_python3_12_site-packages_PyQt6_Qt6_qml_QtQuick_Controls_FluentWinUI3_dark_images --> node_venv_lib_python3_12_site-packages_PyQt6_Qt6_qml_QtQuick_Controls_FluentWinUI3_dark_images_editablecombobox-popup-background-hovered-open_png["editablecombobox-popup-background-hovered-open.png"]\n    Root --> node_venv["venv"]\n    node_venv --> node_venv_lib["lib"]\n    node_venv_lib --> node_venv_lib_python3_12["python3.12"]\n    node_venv_lib_python3_12 --> node_venv_lib_python3_12_site-packages["site-packages"]\n    node_venv_lib_python3_12_site-packages --> node_venv_lib_python3_12_site-packages_PyQt6["PyQt6"]\n    node_venv_lib_python3_12_site-packages_PyQt6 --> node_venv_lib_python3_12_site-packages_PyQt6_Qt6["Qt6"]\n    node_venv_lib_python3_12_site-packages_PyQt6_Qt6 --> node_venv_lib_python3_12_site-packages_PyQt6_Qt6_qml["qml"]\n    node_venv_lib_python3_12_site-packages_PyQt6_Qt6_qml --> node_venv_lib_python3_12_site-packages_PyQt6_Qt6_qml_QtQuick["QtQuick"]\n    node_venv_lib_python3_12_site-packages_PyQt6_Qt6_qml_QtQuick --> node_venv_lib_python3_12_site-packages_PyQt6_Qt6_qml_QtQuick_Controls["Controls"]\n    node_venv_lib_python3_12_site-packages_PyQt6_Qt6_qml_QtQuick_Controls --> node_venv_lib_python3_12_site-packages_PyQt6_Qt6_qml_QtQuick_Controls_FluentWinUI3["FluentWinUI3"]\n    node_venv_lib_python3_12_site-packages_PyQt6_Qt6_qml_QtQuick_Controls_FluentWinUI3 --> node_venv_lib_python3_12_site-packages_PyQt6_Qt6_qml_QtQuick_Controls_FluentWinUI3_dark["dark"]\n    node_venv_lib_python3_12_site-packages_PyQt6_Qt6_qml_QtQuick_Controls_FluentWinUI3_dark --> node_venv_lib_python3_12_site-packages_PyQt6_Qt6_qml_QtQuick_Controls_FluentWinUI3_dark_images["images"]\n    node_venv_lib_python3_12_site-packages_PyQt6_Qt6_qml_QtQuick_Controls_FluentWinUI3_dark_images --> node_venv_lib_python3_12_site-packages_PyQt6_Qt6_qml_QtQuick_Controls_FluentWinUI3_dark_images_editablecombobox-popup-background-hovered-open@2x_png["editablecombobox-popup-background-hovered-open@2x.png"]\n    Root --> node_venv["venv"]\n    node_venv --> node_venv_lib["lib"]\n    node_venv_lib --> node_venv_lib_python3_12["python3.12"]\n    node_venv_lib_python3_12 --> node_venv_lib_python3_12_site-packages["site-packages"]\n    node_venv_lib_python3_12_site-packages --> node_venv_lib_python3_12_site-packages_PyQt6["PyQt6"]\n    node_venv_lib_python3_12_site-packages_PyQt6 --> node_venv_lib_python3_12_site-packages_PyQt6_Qt6["Qt6"]\n    node_venv_lib_python3_12_site-packages_PyQt6_Qt6 --> node_venv_lib_python3_12_site-packages_PyQt6_Qt6_qml["qml"]\n    node_venv_lib_python3_12_site-packages_PyQt6_Qt6_qml --> node_venv_lib_python3_12_site-packages_PyQt6_Qt6_qml_QtQuick["QtQuick"]\n    node_venv_lib_python3_12_site-packages_PyQt6_Qt6_qml_QtQuick --> node_venv_lib_python3_12_site-packages_PyQt6_Qt6_qml_QtQuick_Controls["Controls"]\n    node_venv_lib_python3_12_site-packages_PyQt6_Qt6_qml_QtQuick_Controls --> node_venv_lib_python3_12_site-packages_PyQt6_Qt6_qml_QtQuick_Controls_FluentWinUI3["FluentWinUI3"]\n    node_venv_lib_python3_12_site-packages_PyQt6_Qt6_qml_QtQuick_Controls_FluentWinUI3 --> node_venv_lib_python3_12_site-packages_PyQt6_Qt6_qml_QtQuick_Controls_FluentWinUI3_dark["dark"]\n    node_venv_lib_python3_12_site-packages_PyQt6_Qt6_qml_QtQuick_Controls_FluentWinUI3_dark --> node_venv_lib_python3_12_site-packages_PyQt6_Qt6_qml_QtQuick_Controls_FluentWinUI3_dark_images["images"]\n    node_venv_lib_python3_12_site-packages_PyQt6_Qt6_qml_QtQuick_Controls_FluentWinUI3_dark_images --> node_venv_lib_python3_12_site-packages_PyQt6_Qt6_qml_QtQuick_Controls_FluentWinUI3_dark_images_editablecombobox-popup-background-hovered-open@3x_png["editablecombobox-popup-background-hovered-open@3x.png"]\n    Root --> node_venv["venv"]\n    node_venv --> node_venv_lib["lib"]\n    node_venv_lib --> node_venv_lib_python3_12["python3.12"]\n    node_venv_lib_python3_12 --> node_venv_lib_python3_12_site-packages["site-packages"]\n    node_venv_lib_python3_12_site-packages --> node_venv_lib_python3_12_site-packages_PyQt6["PyQt6"]\n    node_venv_lib_python3_12_site-packages_PyQt6 --> node_venv_lib_python3_12_site-packages_PyQt6_Qt6["Qt6"]\n    node_venv_lib_python3_12_site-packages_PyQt6_Qt6 --> node_venv_lib_python3_12_site-packages_PyQt6_Qt6_qml["qml"]\n    node_venv_lib_python3_12_site-packages_PyQt6_Qt6_qml --> node_venv_lib_python3_12_site-packages_PyQt6_Qt6_qml_QtQuick["QtQuick"]\n    node_venv_lib_python3_12_site-packages_PyQt6_Qt6_qml_QtQuick --> node_venv_lib_python3_12_site-packages_PyQt6_Qt6_qml_QtQuick_Controls["Controls"]\n    node_venv_lib_python3_12_site-packages_PyQt6_Qt6_qml_QtQuick_Controls --> node_venv_lib_python3_12_site-packages_PyQt6_Qt6_qml_QtQuick_Controls_FluentWinUI3["FluentWinUI3"]\n    node_venv_lib_python3_12_site-packages_PyQt6_Qt6_qml_QtQuick_Controls_FluentWinUI3 --> node_venv_lib_python3_12_site-packages_PyQt6_Qt6_qml_QtQuick_Controls_FluentWinUI3_dark["dark"]\n    node_venv_lib_python3_12_site-packages_PyQt6_Qt6_qml_QtQuick_Controls_FluentWinUI3_dark --> node_venv_lib_python3_12_site-packages_PyQt6_Qt6_qml_QtQuick_Controls_FluentWinUI3_dark_images["images"]\n    node_venv_lib_python3_12_site-packages_PyQt6_Qt6_qml_QtQuick_Controls_FluentWinUI3_dark_images --> node_venv_lib_python3_12_site-packages_PyQt6_Qt6_qml_QtQuick_Controls_FluentWinUI3_dark_images_editablecombobox-popup-background-open-pressed_png["editablecombobox-popup-background-open-pressed.png"]\n    Root --> node_venv["venv"]\n    node_venv --> node_venv_lib["lib"]\n    node_venv_lib --> node_venv_lib_python3_12["python3.12"]\n    node_venv_lib_python3_12 --> node_venv_lib_python3_12_site-packages["site-packages"]\n    node_venv_lib_python3_12_site-packages --> node_venv_lib_python3_12_site-packages_PyQt6["PyQt6"]\n    node_venv_lib_python3_12_site-packages_PyQt6 --> node_venv_lib_python3_12_site-packages_PyQt6_Qt6["Qt6"]\n    node_venv_lib_python3_12_site-packages_PyQt6_Qt6 --> node_venv_lib_python3_12_site-packages_PyQt6_Qt6_qml["qml"]\n    node_venv_lib_python3_12_site-packages_PyQt6_Qt6_qml --> node_venv_lib_python3_12_site-packages_PyQt6_Qt6_qml_QtQuick["QtQuick"]\n    node_venv_lib_python3_12_site-packages_PyQt6_Qt6_qml_QtQuick --> node_venv_lib_python3_12_site-packages_PyQt6_Qt6_qml_QtQuick_Controls["Controls"]\n    node_venv_lib_python3_12_site-packages_PyQt6_Qt6_qml_QtQuick_Controls --> node_venv_lib_python3_12_site-packages_PyQt6_Qt6_qml_QtQuick_Controls_FluentWinUI3["FluentWinUI3"]\n    node_venv_lib_python3_12_site-packages_PyQt6_Qt6_qml_QtQuick_Controls_FluentWinUI3 --> node_venv_lib_python3_12_site-packages_PyQt6_Qt6_qml_QtQuick_Controls_FluentWinUI3_dark["dark"]\n    node_venv_lib_python3_12_site-packages_PyQt6_Qt6_qml_QtQuick_Controls_FluentWinUI3_dark --> node_venv_lib_python3_12_site-packages_PyQt6_Qt6_qml_QtQuick_Controls_FluentWinUI3_dark_images["images"]\n    node_venv_lib_python3_12_site-packages_PyQt6_Qt6_qml_QtQuick_Controls_FluentWinUI3_dark_images --> node_venv_lib_python3_12_site-packages_PyQt6_Qt6_qml_QtQuick_Controls_FluentWinUI3_dark_images_editablecombobox-popup-background-open-pressed@2x_png["editablecombobox-popup-background-open-pressed@2x.png"]\n    Root --> node_venv["venv"]\n    node_venv --> node_venv_lib["lib"]\n    node_venv_lib --> node_venv_lib_python3_12["python3.12"]\n    node_venv_lib_python3_12 --> node_venv_lib_python3_12_site-packages["site-packages"]\n    node_venv_lib_python3_12_site-packages --> node_venv_lib_python3_12_site-packages_PyQt6["PyQt6"]\n    node_venv_lib_python3_12_site-packages_PyQt6 --> node_venv_lib_python3_12_site-packages_PyQt6_Qt6["Qt6"]\n    node_venv_lib_python3_12_site-packages_PyQt6_Qt6 --> node_venv_lib_python3_12_site-packages_PyQt6_Qt6_qml["qml"]\n    node_venv_lib_python3_12_site-packages_PyQt6_Qt6_qml --> node_venv_lib_python3_12_site-packages_PyQt6_Qt6_qml_QtQuick["QtQuick"]\n    node_venv_lib_python3_12_site-packages_PyQt6_Qt6_qml_QtQuick --> node_venv_lib_python3_12_site-packages_PyQt6_Qt6_qml_QtQuick_Controls["Controls"]\n    node_venv_lib_python3_12_site-packages_PyQt6_Qt6_qml_QtQuick_Controls --> node_venv_lib_python3_12_site-packages_PyQt6_Qt6_qml_QtQuick_Controls_FluentWinUI3["FluentWinUI3"]\n    node_venv_lib_python3_12_site-packages_PyQt6_Qt6_qml_QtQuick_Controls_FluentWinUI3 --> node_venv_lib_python3_12_site-packages_PyQt6_Qt6_qml_QtQuick_Controls_FluentWinUI3_dark["dark"]\n    node_venv_lib_python3_12_site-packages_PyQt6_Qt6_qml_QtQuick_Controls_FluentWinUI3_dark --> node_venv_lib_python3_12_site-packages_PyQt6_Qt6_qml_QtQuick_Controls_FluentWinUI3_dark_images["images"]\n    node_venv_lib_python3_12_site-packages_PyQt6_Qt6_qml_QtQuick_Controls_FluentWinUI3_dark_images --> node_venv_lib_python3_12_site-packages_PyQt6_Qt6_qml_QtQuick_Controls_FluentWinUI3_dark_images_editablecombobox-popup-background-open-pressed@3x_png["editablecombobox-popup-background-open-pressed@3x.png"]\n    Root --> node_venv["venv"]\n    node_venv --> node_venv_lib["lib"]\n    node_venv_lib --> node_venv_lib_python3_12["python3.12"]\n    node_venv_lib_python3_12 --> node_venv_lib_python3_12_site-packages["site-packages"]\n    node_venv_lib_python3_12_site-packages --> node_venv_lib_python3_12_site-packages_PyQt6["PyQt6"]\n    node_venv_lib_python3_12_site-packages_PyQt6 --> node_venv_lib_python3_12_site-packages_PyQt6_Qt6["Qt6"]\n    node_venv_lib_python3_12_site-packages_PyQt6_Qt6 --> node_venv_lib_python3_12_site-packages_PyQt6_Qt6_qml["qml"]\n    node_venv_lib_python3_12_site-packages_PyQt6_Qt6_qml --> node_venv_lib_python3_12_site-packages_PyQt6_Qt6_qml_QtQuick["QtQuick"]\n    node_venv_lib_python3_12_site-packages_PyQt6_Qt6_qml_QtQuick --> node_venv_lib_python3_12_site-packages_PyQt6_Qt6_qml_QtQuick_Controls["Controls"]\n    node_venv_lib_python3_12_site-packages_PyQt6_Qt6_qml_QtQuick_Controls --> node_venv_lib_python3_12_site-packages_PyQt6_Qt6_qml_QtQuick_Controls_FluentWinUI3["FluentWinUI3"]\n    node_venv_lib_python3_12_site-packages_PyQt6_Qt6_qml_QtQuick_Controls_FluentWinUI3 --> node_venv_lib_python3_12_site-packages_PyQt6_Qt6_qml_QtQuick_Controls_FluentWinUI3_dark["dark"]\n    node_venv_lib_python3_12_site-packages_PyQt6_Qt6_qml_QtQuick_Controls_FluentWinUI3_dark --> node_venv_lib_python3_12_site-packages_PyQt6_Qt6_qml_QtQuick_Controls_FluentWinUI3_dark_images["images"]\n    node_venv_lib_python3_12_site-packages_PyQt6_Qt6_qml_QtQuick_Controls_FluentWinUI3_dark_images --> node_venv_lib_python3_12_site-packages_PyQt6_Qt6_qml_QtQuick_Controls_FluentWinUI3_dark_images_editablecombobox-popup-background-open_png["editablecombobox-popup-background-open.png"]\n    Root --> node_venv["venv"]\n    node_venv --> node_venv_lib["lib"]\n    node_venv_lib --> node_venv_lib_python3_12["python3.12"]\n    node_venv_lib_python3_12 --> node_venv_lib_python3_12_site-packages["site-packages"]\n    node_venv_lib_python3_12_site-packages --> node_venv_lib_python3_12_site-packages_PyQt6["PyQt6"]\n    node_venv_lib_python3_12_site-packages_PyQt6 --> node_venv_lib_python3_12_site-packages_PyQt6_Qt6["Qt6"]\n    node_venv_lib_python3_12_site-packages_PyQt6_Qt6 --> node_venv_lib_python3_12_site-packages_PyQt6_Qt6_qml["qml"]\n    node_venv_lib_python3_12_site-packages_PyQt6_Qt6_qml --> node_venv_lib_python3_12_site-packages_PyQt6_Qt6_qml_QtQuick["QtQuick"]\n    node_venv_lib_python3_12_site-packages_PyQt6_Qt6_qml_QtQuick --> node_venv_lib_python3_12_site-packages_PyQt6_Qt6_qml_QtQuick_Controls["Controls"]\n    node_venv_lib_python3_12_site-packages_PyQt6_Qt6_qml_QtQuick_Controls --> node_venv_lib_python3_12_site-packages_PyQt6_Qt6_qml_QtQuick_Controls_FluentWinUI3["FluentWinUI3"]\n    node_venv_lib_python3_12_site-packages_PyQt6_Qt6_qml_QtQuick_Controls_FluentWinUI3 --> node_venv_lib_python3_12_site-packages_PyQt6_Qt6_qml_QtQuick_Controls_FluentWinUI3_dark["dark"]\n    node_venv_lib_python3_12_site-packages_PyQt6_Qt6_qml_QtQuick_Controls_FluentWinUI3_dark --> node_venv_lib_python3_12_site-packages_PyQt6_Qt6_qml_QtQuick_Controls_FluentWinUI3_dark_images["images"]\n    node_venv_lib_python3_12_site-packages_PyQt6_Qt6_qml_QtQuick_Controls_FluentWinUI3_dark_images --> node_venv_lib_python3_12_site-packages_PyQt6_Qt6_qml_QtQuick_Controls_FluentWinUI3_dark_images_editablecombobox-popup-background-open@2x_png["editablecombobox-popup-background-open@2x.png"]\n    Root --> node_venv["venv"]\n    node_venv --> node_venv_lib["lib"]\n    node_venv_lib --> node_venv_lib_python3_12["python3.12"]\n    node_venv_lib_python3_12 --> node_venv_lib_python3_12_site-packages["site-packages"]\n    node_venv_lib_python3_12_site-packages --> node_venv_lib_python3_12_site-packages_PyQt6["PyQt6"]\n    node_venv_lib_python3_12_site-packages_PyQt6 --> node_venv_lib_python3_12_site-packages_PyQt6_Qt6["Qt6"]\n    node_venv_lib_python3_12_site-packages_PyQt6_Qt6 --> node_venv_lib_python3_12_site-packages_PyQt6_Qt6_qml["qml"]\n    node_venv_lib_python3_12_site-packages_PyQt6_Qt6_qml --> node_venv_lib_python3_12_site-packages_PyQt6_Qt6_qml_QtQuick["QtQuick"]\n    node_venv_lib_python3_12_site-packages_PyQt6_Qt6_qml_QtQuick --> node_venv_lib_python3_12_site-packages_PyQt6_Qt6_qml_QtQuick_Controls["Controls"]\n    node_venv_lib_python3_12_site-packages_PyQt6_Qt6_qml_QtQuick_Controls --> node_venv_lib_python3_12_site-packages_PyQt6_Qt6_qml_QtQuick_Controls_FluentWinUI3["FluentWinUI3"]\n    node_venv_lib_python3_12_site-packages_PyQt6_Qt6_qml_QtQuick_Controls_FluentWinUI3 --> node_venv_lib_python3_12_site-packages_PyQt6_Qt6_qml_QtQuick_Controls_FluentWinUI3_dark["dark"]\n    node_venv_lib_python3_12_site-packages_PyQt6_Qt6_qml_QtQuick_Controls_FluentWinUI3_dark --> node_venv_lib_python3_12_site-packages_PyQt6_Qt6_qml_QtQuick_Controls_FluentWinUI3_dark_images["images"]\n    node_venv_lib_python3_12_site-packages_PyQt6_Qt6_qml_QtQuick_Controls_FluentWinUI3_dark_images --> node_venv_lib_python3_12_site-packages_PyQt6_Qt6_qml_QtQuick_Controls_FluentWinUI3_dark_images_editablecombobox-popup-background-open@3x_png["editablecombobox-popup-background-open@3x.png"]\n    Root --> node_venv["venv"]\n    node_venv --> node_venv_lib["lib"]\n    node_venv_lib --> node_venv_lib_python3_12["python3.12"]\n    node_venv_lib_python3_12 --> node_venv_lib_python3_12_site-packages["site-packages"]\n    node_venv_lib_python3_12_site-packages --> node_venv_lib_python3_12_site-packages_PyQt6["PyQt6"]\n    node_venv_lib_python3_12_site-packages_PyQt6 --> node_venv_lib_python3_12_site-packages_PyQt6_Qt6["Qt6"]\n    node_venv_lib_python3_12_site-packages_PyQt6_Qt6 --> node_venv_lib_python3_12_site-packages_PyQt6_Qt6_qml["qml"]\n    node_venv_lib_python3_12_site-packages_PyQt6_Qt6_qml --> node_venv_lib_python3_12_site-packages_PyQt6_Qt6_qml_QtQuick["QtQuick"]\n    node_venv_lib_python3_12_site-packages_PyQt6_Qt6_qml_QtQuick --> node_venv_lib_python3_12_site-packages_PyQt6_Qt6_qml_QtQuick_Controls["Controls"]\n    node_venv_lib_python3_12_site-packages_PyQt6_Qt6_qml_QtQuick_Controls --> node_venv_lib_python3_12_site-packages_PyQt6_Qt6_qml_QtQuick_Controls_FluentWinUI3["FluentWinUI3"]\n    node_venv_lib_python3_12_site-packages_PyQt6_Qt6_qml_QtQuick_Controls_FluentWinUI3 --> node_venv_lib_python3_12_site-packages_PyQt6_Qt6_qml_QtQuick_Controls_FluentWinUI3_dark["dark"]\n    node_venv_lib_python3_12_site-packages_PyQt6_Qt6_qml_QtQuick_Controls_FluentWinUI3_dark --> node_venv_lib_python3_12_site-packages_PyQt6_Qt6_qml_QtQuick_Controls_FluentWinUI3_dark_images["images"]\n    node_venv_lib_python3_12_site-packages_PyQt6_Qt6_qml_QtQuick_Controls_FluentWinUI3_dark_images --> node_venv_lib_python3_12_site-packages_PyQt6_Qt6_qml_QtQuick_Controls_FluentWinUI3_dark_images_frame-background-disabled_png["frame-background-disabled.png"]\n    Root --> node_venv["venv"]\n    node_venv --> node_venv_lib["lib"]\n    node_venv_lib --> node_venv_lib_python3_12["python3.12"]\n    node_venv_lib_python3_12 --> node_venv_lib_python3_12_site-packages["site-packages"]\n    node_venv_lib_python3_12_site-packages --> node_venv_lib_python3_12_site-packages_PyQt6["PyQt6"]\n    node_venv_lib_python3_12_site-packages_PyQt6 --> node_venv_lib_python3_12_site-packages_PyQt6_Qt6["Qt6"]\n    node_venv_lib_python3_12_site-packages_PyQt6_Qt6 --> node_venv_lib_python3_12_site-packages_PyQt6_Qt6_qml["qml"]\n    node_venv_lib_python3_12_site-packages_PyQt6_Qt6_qml --> node_venv_lib_python3_12_site-packages_PyQt6_Qt6_qml_QtQuick["QtQuick"]\n    node_venv_lib_python3_12_site-packages_PyQt6_Qt6_qml_QtQuick --> node_venv_lib_python3_12_site-packages_PyQt6_Qt6_qml_QtQuick_Controls["Controls"]\n    node_venv_lib_python3_12_site-packages_PyQt6_Qt6_qml_QtQuick_Controls --> node_venv_lib_python3_12_site-packages_PyQt6_Qt6_qml_QtQuick_Controls_FluentWinUI3["FluentWinUI3"]\n    node_venv_lib_python3_12_site-packages_PyQt6_Qt6_qml_QtQuick_Controls_FluentWinUI3 --> node_venv_lib_python3_12_site-packages_PyQt6_Qt6_qml_QtQuick_Controls_FluentWinUI3_dark["dark"]\n    node_venv_lib_python3_12_site-packages_PyQt6_Qt6_qml_QtQuick_Controls_FluentWinUI3_dark --> node_venv_lib_python3_12_site-packages_PyQt6_Qt6_qml_QtQuick_Controls_FluentWinUI3_dark_images["images"]\n    node_venv_lib_python3_12_site-packages_PyQt6_Qt6_qml_QtQuick_Controls_FluentWinUI3_dark_images --> node_venv_lib_python3_12_site-packages_PyQt6_Qt6_qml_QtQuick_Controls_FluentWinUI3_dark_images_frame-background-disabled@2x_png["frame-background-disabled@2x.png"]\n    Root --> node_venv["venv"]\n    node_venv --> node_venv_lib["lib"]\n    node_venv_lib --> node_venv_lib_python3_12["python3.12"]\n    node_venv_lib_python3_12 --> node_venv_lib_python3_12_site-packages["site-packages"]\n    node_venv_lib_python3_12_site-packages --> node_venv_lib_python3_12_site-packages_PyQt6["PyQt6"]\n    node_venv_lib_python3_12_site-packages_PyQt6 --> node_venv_lib_python3_12_site-packages_PyQt6_Qt6["Qt6"]\n    node_venv_lib_python3_12_site-packages_PyQt6_Qt6 --> node_venv_lib_python3_12_site-packages_PyQt6_Qt6_qml["qml"]\n    node_venv_lib_python3_12_site-packages_PyQt6_Qt6_qml --> node_venv_lib_python3_12_site-packages_PyQt6_Qt6_qml_QtQuick["QtQuick"]\n    node_venv_lib_python3_12_site-packages_PyQt6_Qt6_qml_QtQuick --> node_venv_lib_python3_12_site-packages_PyQt6_Qt6_qml_QtQuick_Controls["Controls"]\n    node_venv_lib_python3_12_site-packages_PyQt6_Qt6_qml_QtQuick_Controls --> node_venv_lib_python3_12_site-packages_PyQt6_Qt6_qml_QtQuick_Controls_FluentWinUI3["FluentWinUI3"]\n    node_venv_lib_python3_12_site-packages_PyQt6_Qt6_qml_QtQuick_Controls_FluentWinUI3 --> node_venv_lib_python3_12_site-packages_PyQt6_Qt6_qml_QtQuick_Controls_FluentWinUI3_dark["dark"]\n    node_venv_lib_python3_12_site-packages_PyQt6_Qt6_qml_QtQuick_Controls_FluentWinUI3_dark --> node_venv_lib_python3_12_site-packages_PyQt6_Qt6_qml_QtQuick_Controls_FluentWinUI3_dark_images["images"]\n    node_venv_lib_python3_12_site-packages_PyQt6_Qt6_qml_QtQuick_Controls_FluentWinUI3_dark_images --> node_venv_lib_python3_12_site-packages_PyQt6_Qt6_qml_QtQuick_Controls_FluentWinUI3_dark_images_frame-background-disabled@3x_png["frame-background-disabled@3x.png"]\n    Root --> node_venv["venv"]\n    node_venv --> node_venv_lib["lib"]\n    node_venv_lib --> node_venv_lib_python3_12["python3.12"]\n    node_venv_lib_python3_12 --> node_venv_lib_python3_12_site-packages["site-packages"]\n    node_venv_lib_python3_12_site-packages --> node_venv_lib_python3_12_site-packages_PyQt6["PyQt6"]\n    node_venv_lib_python3_12_site-packages_PyQt6 --> node_venv_lib_python3_12_site-packages_PyQt6_Qt6["Qt6"]\n    node_venv_lib_python3_12_site-packages_PyQt6_Qt6 --> node_venv_lib_python3_12_site-packages_PyQt6_Qt6_qml["qml"]\n    node_venv_lib_python3_12_site-packages_PyQt6_Qt6_qml --> node_venv_lib_python3_12_site-packages_PyQt6_Qt6_qml_QtQuick["QtQuick"]\n    node_venv_lib_python3_12_site-packages_PyQt6_Qt6_qml_QtQuick --> node_venv_lib_python3_12_site-packages_PyQt6_Qt6_qml_QtQuick_Controls["Controls"]\n    node_venv_lib_python3_12_site-packages_PyQt6_Qt6_qml_QtQuick_Controls --> node_venv_lib_python3_12_site-packages_PyQt6_Qt6_qml_QtQuick_Controls_FluentWinUI3["FluentWinUI3"]\n    node_venv_lib_python3_12_site-packages_PyQt6_Qt6_qml_QtQuick_Controls_FluentWinUI3 --> node_venv_lib_python3_12_site-packages_PyQt6_Qt6_qml_QtQuick_Controls_FluentWinUI3_dark["dark"]\n    node_venv_lib_python3_12_site-packages_PyQt6_Qt6_qml_QtQuick_Controls_FluentWinUI3_dark --> node_venv_lib_python3_12_site-packages_PyQt6_Qt6_qml_QtQuick_Controls_FluentWinUI3_dark_images["images"]\n    node_venv_lib_python3_12_site-packages_PyQt6_Qt6_qml_QtQuick_Controls_FluentWinUI3_dark_images --> node_venv_lib_python3_12_site-packages_PyQt6_Qt6_qml_QtQuick_Controls_FluentWinUI3_dark_images_frame-background_png["frame-background.png"]\n    Root --> node_venv["venv"]\n    node_venv --> node_venv_lib["lib"]\n    node_venv_lib --> node_venv_lib_python3_12["python3.12"]\n    node_venv_lib_python3_12 --> node_venv_lib_python3_12_site-packages["site-packages"]\n    node_venv_lib_python3_12_site-packages --> node_venv_lib_python3_12_site-packages_PyQt6["PyQt6"]\n    node_venv_lib_python3_12_site-packages_PyQt6 --> node_venv_lib_python3_12_site-packages_PyQt6_Qt6["Qt6"]\n    node_venv_lib_python3_12_site-packages_PyQt6_Qt6 --> node_venv_lib_python3_12_site-packages_PyQt6_Qt6_qml["qml"]\n    node_venv_lib_python3_12_site-packages_PyQt6_Qt6_qml --> node_venv_lib_python3_12_site-packages_PyQt6_Qt6_qml_QtQuick["QtQuick"]\n    node_venv_lib_python3_12_site-packages_PyQt6_Qt6_qml_QtQuick --> node_venv_lib_python3_12_site-packages_PyQt6_Qt6_qml_QtQuick_Controls["Controls"]\n    node_venv_lib_python3_12_site-packages_PyQt6_Qt6_qml_QtQuick_Controls --> node_venv_lib_python3_12_site-packages_PyQt6_Qt6_qml_QtQuick_Controls_FluentWinUI3["FluentWinUI3"]\n    node_venv_lib_python3_12_site-packages_PyQt6_Qt6_qml_QtQuick_Controls_FluentWinUI3 --> node_venv_lib_python3_12_site-packages_PyQt6_Qt6_qml_QtQuick_Controls_FluentWinUI3_dark["dark"]\n    node_venv_lib_python3_12_site-packages_PyQt6_Qt6_qml_QtQuick_Controls_FluentWinUI3_dark --> node_venv_lib_python3_12_site-packages_PyQt6_Qt6_qml_QtQuick_Controls_FluentWinUI3_dark_images["images"]\n    node_venv_lib_python3_12_site-packages_PyQt6_Qt6_qml_QtQuick_Controls_FluentWinUI3_dark_images --> node_venv_lib_python3_12_site-packages_PyQt6_Qt6_qml_QtQuick_Controls_FluentWinUI3_dark_images_frame-background@2x_png["frame-background@2x.png"]\n    Root --> node_venv["venv"]\n    node_venv --> node_venv_lib["lib"]\n    node_venv_lib --> node_venv_lib_python3_12["python3.12"]\n    node_venv_lib_python3_12 --> node_venv_lib_python3_12_site-packages["site-packages"]\n    node_venv_lib_python3_12_site-packages --> node_venv_lib_python3_12_site-packages_PyQt6["PyQt6"]\n    node_venv_lib_python3_12_site-packages_PyQt6 --> node_venv_lib_python3_12_site-packages_PyQt6_Qt6["Qt6"]\n    node_venv_lib_python3_12_site-packages_PyQt6_Qt6 --> node_venv_lib_python3_12_site-packages_PyQt6_Qt6_qml["qml"]\n    node_venv_lib_python3_12_site-packages_PyQt6_Qt6_qml --> node_venv_lib_python3_12_site-packages_PyQt6_Qt6_qml_QtQuick["QtQuick"]\n    node_venv_lib_python3_12_site-packages_PyQt6_Qt6_qml_QtQuick --> node_venv_lib_python3_12_site-packages_PyQt6_Qt6_qml_QtQuick_Controls["Controls"]\n    node_venv_lib_python3_12_site-packages_PyQt6_Qt6_qml_QtQuick_Controls --> node_venv_lib_python3_12_site-packages_PyQt6_Qt6_qml_QtQuick_Controls_FluentWinUI3["FluentWinUI3"]\n    node_venv_lib_python3_12_site-packages_PyQt6_Qt6_qml_QtQuick_Controls_FluentWinUI3 --> node_venv_lib_python3_12_site-packages_PyQt6_Qt6_qml_QtQuick_Controls_FluentWinUI3_dark["dark"]\n    node_venv_lib_python3_12_site-packages_PyQt6_Qt6_qml_QtQuick_Controls_FluentWinUI3_dark --> node_venv_lib_python3_12_site-packages_PyQt6_Qt6_qml_QtQuick_Controls_FluentWinUI3_dark_images["images"]\n    node_venv_lib_python3_12_site-packages_PyQt6_Qt6_qml_QtQuick_Controls_FluentWinUI3_dark_images --> node_venv_lib_python3_12_site-packages_PyQt6_Qt6_qml_QtQuick_Controls_FluentWinUI3_dark_images_frame-background@3x_png["frame-background@3x.png"]\n    Root --> node_venv["venv"]\n    node_venv --> node_venv_lib["lib"]\n    node_venv_lib --> node_venv_lib_python3_12["python3.12"]\n    node_venv_lib_python3_12 --> node_venv_lib_python3_12_site-packages["site-packages"]\n    node_venv_lib_python3_12_site-packages --> node_venv_lib_python3_12_site-packages_PyQt6["PyQt6"]\n    node_venv_lib_python3_12_site-packages_PyQt6 --> node_venv_lib_python3_12_site-packages_PyQt6_Qt6["Qt6"]\n    node_venv_lib_python3_12_site-packages_PyQt6_Qt6 --> node_venv_lib_python3_12_site-packages_PyQt6_Qt6_qml["qml"]\n    node_venv_lib_python3_12_site-packages_PyQt6_Qt6_qml --> node_venv_lib_python3_12_site-packages_PyQt6_Qt6_qml_QtQuick["QtQuick"]\n    node_venv_lib_python3_12_site-packages_PyQt6_Qt6_qml_QtQuick --> node_venv_lib_python3_12_site-packages_PyQt6_Qt6_qml_QtQuick_Controls["Controls"]\n    node_venv_lib_python3_12_site-packages_PyQt6_Qt6_qml_QtQuick_Controls --> node_venv_lib_python3_12_site-packages_PyQt6_Qt6_qml_QtQuick_Controls_FluentWinUI3["FluentWinUI3"]\n    node_venv_lib_python3_12_site-packages_PyQt6_Qt6_qml_QtQuick_Controls_FluentWinUI3 --> node_venv_lib_python3_12_site-packages_PyQt6_Qt6_qml_QtQuick_Controls_FluentWinUI3_dark["dark"]\n    node_venv_lib_python3_12_site-packages_PyQt6_Qt6_qml_QtQuick_Controls_FluentWinUI3_dark --> node_venv_lib_python3_12_site-packages_PyQt6_Qt6_qml_QtQuick_Controls_FluentWinUI3_dark_images["images"]\n    node_venv_lib_python3_12_site-packages_PyQt6_Qt6_qml_QtQuick_Controls_FluentWinUI3_dark_images --> node_venv_lib_python3_12_site-packages_PyQt6_Qt6_qml_QtQuick_Controls_FluentWinUI3_dark_images_itemdelegate-background-highlighted-hovered_png["itemdelegate-background-highlighted-hovered.png"]\n    Root --> node_venv["venv"]\n    node_venv --> node_venv_lib["lib"]\n    node_venv_lib --> node_venv_lib_python3_12["python3.12"]\n    node_venv_lib_python3_12 --> node_venv_lib_python3_12_site-packages["site-packages"]\n    node_venv_lib_python3_12_site-packages --> node_venv_lib_python3_12_site-packages_PyQt6["PyQt6"]\n    node_venv_lib_python3_12_site-packages_PyQt6 --> node_venv_lib_python3_12_site-packages_PyQt6_Qt6["Qt6"]\n    node_venv_lib_python3_12_site-packages_PyQt6_Qt6 --> node_venv_lib_python3_12_site-packages_PyQt6_Qt6_qml["qml"]\n    node_venv_lib_python3_12_site-packages_PyQt6_Qt6_qml --> node_venv_lib_python3_12_site-packages_PyQt6_Qt6_qml_QtQuick["QtQuick"]\n    node_venv_lib_python3_12_site-packages_PyQt6_Qt6_qml_QtQuick --> node_venv_lib_python3_12_site-packages_PyQt6_Qt6_qml_QtQuick_Controls["Controls"]\n    node_venv_lib_python3_12_site-packages_PyQt6_Qt6_qml_QtQuick_Controls --> node_venv_lib_python3_12_site-packages_PyQt6_Qt6_qml_QtQuick_Controls_FluentWinUI3["FluentWinUI3"]\n    node_venv_lib_python3_12_site-packages_PyQt6_Qt6_qml_QtQuick_Controls_FluentWinUI3 --> node_venv_lib_python3_12_site-packages_PyQt6_Qt6_qml_QtQuick_Controls_FluentWinUI3_dark["dark"]\n    node_venv_lib_python3_12_site-packages_PyQt6_Qt6_qml_QtQuick_Controls_FluentWinUI3_dark --> node_venv_lib_python3_12_site-packages_PyQt6_Qt6_qml_QtQuick_Controls_FluentWinUI3_dark_images["images"]\n    node_venv_lib_python3_12_site-packages_PyQt6_Qt6_qml_QtQuick_Controls_FluentWinUI3_dark_images --> node_venv_lib_python3_12_site-packages_PyQt6_Qt6_qml_QtQuick_Controls_FluentWinUI3_dark_images_itemdelegate-background-highlighted-hovered@2x_png["itemdelegate-background-highlighted-hovered@2x.png"]\n    Root --> node_venv["venv"]\n    node_venv --> node_venv_lib["lib"]\n    node_venv_lib --> node_venv_lib_python3_12["python3.12"]\n    node_venv_lib_python3_12 --> node_venv_lib_python3_12_site-packages["site-packages"]\n    node_venv_lib_python3_12_site-packages --> node_venv_lib_python3_12_site-packages_PyQt6["PyQt6"]\n    node_venv_lib_python3_12_site-packages_PyQt6 --> node_venv_lib_python3_12_site-packages_PyQt6_Qt6["Qt6"]\n    node_venv_lib_python3_12_site-packages_PyQt6_Qt6 --> node_venv_lib_python3_12_site-packages_PyQt6_Qt6_qml["qml"]\n    node_venv_lib_python3_12_site-packages_PyQt6_Qt6_qml --> node_venv_lib_python3_12_site-packages_PyQt6_Qt6_qml_QtQuick["QtQuick"]\n    node_venv_lib_python3_12_site-packages_PyQt6_Qt6_qml_QtQuick --> node_venv_lib_python3_12_site-packages_PyQt6_Qt6_qml_QtQuick_Controls["Controls"]\n    node_venv_lib_python3_12_site-packages_PyQt6_Qt6_qml_QtQuick_Controls --> node_venv_lib_python3_12_site-packages_PyQt6_Qt6_qml_QtQuick_Controls_FluentWinUI3["FluentWinUI3"]\n    node_venv_lib_python3_12_site-packages_PyQt6_Qt6_qml_QtQuick_Controls_FluentWinUI3 --> node_venv_lib_python3_12_site-packages_PyQt6_Qt6_qml_QtQuick_Controls_FluentWinUI3_dark["dark"]\n    node_venv_lib_python3_12_site-packages_PyQt6_Qt6_qml_QtQuick_Controls_FluentWinUI3_dark --> node_venv_lib_python3_12_site-packages_PyQt6_Qt6_qml_QtQuick_Controls_FluentWinUI3_dark_images["images"]\n    node_venv_lib_python3_12_site-packages_PyQt6_Qt6_qml_QtQuick_Controls_FluentWinUI3_dark_images --> node_venv_lib_python3_12_site-packages_PyQt6_Qt6_qml_QtQuick_Controls_FluentWinUI3_dark_images_itemdelegate-background-highlighted-hovered@3x_png["itemdelegate-background-highlighted-hovered@3x.png"]\n    Root --> node_venv["venv"]\n    node_venv --> node_venv_lib["lib"]\n    node_venv_lib --> node_venv_lib_python3_12["python3.12"]\n    node_venv_lib_python3_12 --> node_venv_lib_python3_12_site-packages["site-packages"]\n    node_venv_lib_python3_12_site-packages --> node_venv_lib_python3_12_site-packages_PyQt6["PyQt6"]\n    node_venv_lib_python3_12_site-packages_PyQt6 --> node_venv_lib_python3_12_site-packages_PyQt6_Qt6["Qt6"]\n    node_venv_lib_python3_12_site-packages_PyQt6_Qt6 --> node_venv_lib_python3_12_site-packages_PyQt6_Qt6_qml["qml"]\n    node_venv_lib_python3_12_site-packages_PyQt6_Qt6_qml --> node_venv_lib_python3_12_site-packages_PyQt6_Qt6_qml_QtQuick["QtQuick"]\n    node_venv_lib_python3_12_site-packages_PyQt6_Qt6_qml_QtQuick --> node_venv_lib_python3_12_site-packages_PyQt6_Qt6_qml_QtQuick_Controls["Controls"]\n    node_venv_lib_python3_12_site-packages_PyQt6_Qt6_qml_QtQuick_Controls --> node_venv_lib_python3_12_site-packages_PyQt6_Qt6_qml_QtQuick_Controls_FluentWinUI3["FluentWinUI3"]\n    node_venv_lib_python3_12_site-packages_PyQt6_Qt6_qml_QtQuick_Controls_FluentWinUI3 --> node_venv_lib_python3_12_site-packages_PyQt6_Qt6_qml_QtQuick_Controls_FluentWinUI3_dark["dark"]\n    node_venv_lib_python3_12_site-packages_PyQt6_Qt6_qml_QtQuick_Controls_FluentWinUI3_dark --> node_venv_lib_python3_12_site-packages_PyQt6_Qt6_qml_QtQuick_Controls_FluentWinUI3_dark_images["images"]\n    node_venv_lib_python3_12_site-packages_PyQt6_Qt6_qml_QtQuick_Controls_FluentWinUI3_dark_images --> node_venv_lib_python3_12_site-packages_PyQt6_Qt6_qml_QtQuick_Controls_FluentWinUI3_dark_images_itemdelegate-background-highlighted-pressed_png["itemdelegate-background-highlighted-pressed.png"]\n    Root --> node_venv["venv"]\n    node_venv --> node_venv_lib["lib"]\n    node_venv_lib --> node_venv_lib_python3_12["python3.12"]\n    node_venv_lib_python3_12 --> node_venv_lib_python3_12_site-packages["site-packages"]\n    node_venv_lib_python3_12_site-packages --> node_venv_lib_python3_12_site-packages_PyQt6["PyQt6"]\n    node_venv_lib_python3_12_site-packages_PyQt6 --> node_venv_lib_python3_12_site-packages_PyQt6_Qt6["Qt6"]\n    node_venv_lib_python3_12_site-packages_PyQt6_Qt6 --> node_venv_lib_python3_12_site-packages_PyQt6_Qt6_qml["qml"]\n    node_venv_lib_python3_12_site-packages_PyQt6_Qt6_qml --> node_venv_lib_python3_12_site-packages_PyQt6_Qt6_qml_QtQuick["QtQuick"]\n    node_venv_lib_python3_12_site-packages_PyQt6_Qt6_qml_QtQuick --> node_venv_lib_python3_12_site-packages_PyQt6_Qt6_qml_QtQuick_Controls["Controls"]\n    node_venv_lib_python3_12_site-packages_PyQt6_Qt6_qml_QtQuick_Controls --> node_venv_lib_python3_12_site-packages_PyQt6_Qt6_qml_QtQuick_Controls_FluentWinUI3["FluentWinUI3"]\n    node_venv_lib_python3_12_site-packages_PyQt6_Qt6_qml_QtQuick_Controls_FluentWinUI3 --> node_venv_lib_python3_12_site-packages_PyQt6_Qt6_qml_QtQuick_Controls_FluentWinUI3_dark["dark"]\n    node_venv_lib_python3_12_site-packages_PyQt6_Qt6_qml_QtQuick_Controls_FluentWinUI3_dark --> node_venv_lib_python3_12_site-packages_PyQt6_Qt6_qml_QtQuick_Controls_FluentWinUI3_dark_images["images"]\n    node_venv_lib_python3_12_site-packages_PyQt6_Qt6_qml_QtQuick_Controls_FluentWinUI3_dark_images --> node_venv_lib_python3_12_site-packages_PyQt6_Qt6_qml_QtQuick_Controls_FluentWinUI3_dark_images_itemdelegate-background-highlighted-pressed@2x_png["itemdelegate-background-highlighted-pressed@2x.png"]\n    Root --> node_venv["venv"]\n    node_venv --> node_venv_lib["lib"]\n    node_venv_lib --> node_venv_lib_python3_12["python3.12"]\n    node_venv_lib_python3_12 --> node_venv_lib_python3_12_site-packages["site-packages"]\n    node_venv_lib_python3_12_site-packages --> node_venv_lib_python3_12_site-packages_PyQt6["PyQt6"]\n    node_venv_lib_python3_12_site-packages_PyQt6 --> node_venv_lib_python3_12_site-packages_PyQt6_Qt6["Qt6"]\n    node_venv_lib_python3_12_site-packages_PyQt6_Qt6 --> node_venv_lib_python3_12_site-packages_PyQt6_Qt6_qml["qml"]\n    node_venv_lib_python3_12_site-packages_PyQt6_Qt6_qml --> node_venv_lib_python3_12_site-packages_PyQt6_Qt6_qml_QtQuick["QtQuick"]\n    node_venv_lib_python3_12_site-packages_PyQt6_Qt6_qml_QtQuick --> node_venv_lib_python3_12_site-packages_PyQt6_Qt6_qml_QtQuick_Controls["Controls"]\n    node_venv_lib_python3_12_site-packages_PyQt6_Qt6_qml_QtQuick_Controls --> node_venv_lib_python3_12_site-packages_PyQt6_Qt6_qml_QtQuick_Controls_FluentWinUI3["FluentWinUI3"]\n    node_venv_lib_python3_12_site-packages_PyQt6_Qt6_qml_QtQuick_Controls_FluentWinUI3 --> node_venv_lib_python3_12_site-packages_PyQt6_Qt6_qml_QtQuick_Controls_FluentWinUI3_dark["dark"]\n    node_venv_lib_python3_12_site-packages_PyQt6_Qt6_qml_QtQuick_Controls_FluentWinUI3_dark --> node_venv_lib_python3_12_site-packages_PyQt6_Qt6_qml_QtQuick_Controls_FluentWinUI3_dark_images["images"]\n    node_venv_lib_python3_12_site-packages_PyQt6_Qt6_qml_QtQuick_Controls_FluentWinUI3_dark_images --> node_venv_lib_python3_12_site-packages_PyQt6_Qt6_qml_QtQuick_Controls_FluentWinUI3_dark_images_itemdelegate-background-highlighted-pressed@3x_png["itemdelegate-background-highlighted-pressed@3x.png"]\n    Root --> node_venv["venv"]\n    node_venv --> node_venv_lib["lib"]\n    node_venv_lib --> node_venv_lib_python3_12["python3.12"]\n    node_venv_lib_python3_12 --> node_venv_lib_python3_12_site-packages["site-packages"]\n    node_venv_lib_python3_12_site-packages --> node_venv_lib_python3_12_site-packages_PyQt6["PyQt6"]\n    node_venv_lib_python3_12_site-packages_PyQt6 --> node_venv_lib_python3_12_site-packages_PyQt6_Qt6["Qt6"]\n    node_venv_lib_python3_12_site-packages_PyQt6_Qt6 --> node_venv_lib_python3_12_site-packages_PyQt6_Qt6_qml["qml"]\n    node_venv_lib_python3_12_site-packages_PyQt6_Qt6_qml --> node_venv_lib_python3_12_site-packages_PyQt6_Qt6_qml_QtQuick["QtQuick"]\n    node_venv_lib_python3_12_site-packages_PyQt6_Qt6_qml_QtQuick --> node_venv_lib_python3_12_site-packages_PyQt6_Qt6_qml_QtQuick_Controls["Controls"]\n    node_venv_lib_python3_12_site-packages_PyQt6_Qt6_qml_QtQuick_Controls --> node_venv_lib_python3_12_site-packages_PyQt6_Qt6_qml_QtQuick_Controls_FluentWinUI3["FluentWinUI3"]\n    node_venv_lib_python3_12_site-packages_PyQt6_Qt6_qml_QtQuick_Controls_FluentWinUI3 --> node_venv_lib_python3_12_site-packages_PyQt6_Qt6_qml_QtQuick_Controls_FluentWinUI3_dark["dark"]\n    node_venv_lib_python3_12_site-packages_PyQt6_Qt6_qml_QtQuick_Controls_FluentWinUI3_dark --> node_venv_lib_python3_12_site-packages_PyQt6_Qt6_qml_QtQuick_Controls_FluentWinUI3_dark_images["images"]\n    node_venv_lib_python3_12_site-packages_PyQt6_Qt6_qml_QtQuick_Controls_FluentWinUI3_dark_images --> node_venv_lib_python3_12_site-packages_PyQt6_Qt6_qml_QtQuick_Controls_FluentWinUI3_dark_images_itemdelegate-background-highlighted_png["itemdelegate-background-highlighted.png"]\n    Root --> node_venv["venv"]\n    node_venv --> node_venv_lib["lib"]\n    node_venv_lib --> node_venv_lib_python3_12["python3.12"]\n    node_venv_lib_python3_12 --> node_venv_lib_python3_12_site-packages["site-packages"]\n    node_venv_lib_python3_12_site-packages --> node_venv_lib_python3_12_site-packages_PyQt6["PyQt6"]\n    node_venv_lib_python3_12_site-packages_PyQt6 --> node_venv_lib_python3_12_site-packages_PyQt6_Qt6["Qt6"]\n    node_venv_lib_python3_12_site-packages_PyQt6_Qt6 --> node_venv_lib_python3_12_site-packages_PyQt6_Qt6_qml["qml"]\n    node_venv_lib_python3_12_site-packages_PyQt6_Qt6_qml --> node_venv_lib_python3_12_site-packages_PyQt6_Qt6_qml_QtQuick["QtQuick"]\n    node_venv_lib_python3_12_site-packages_PyQt6_Qt6_qml_QtQuick --> node_venv_lib_python3_12_site-packages_PyQt6_Qt6_qml_QtQuick_Controls["Controls"]\n    node_venv_lib_python3_12_site-packages_PyQt6_Qt6_qml_QtQuick_Controls --> node_venv_lib_python3_12_site-packages_PyQt6_Qt6_qml_QtQuick_Controls_FluentWinUI3["FluentWinUI3"]\n    node_venv_lib_python3_12_site-packages_PyQt6_Qt6_qml_QtQuick_Controls_FluentWinUI3 --> node_venv_lib_python3_12_site-packages_PyQt6_Qt6_qml_QtQuick_Controls_FluentWinUI3_dark["dark"]\n    node_venv_lib_python3_12_site-packages_PyQt6_Qt6_qml_QtQuick_Controls_FluentWinUI3_dark --> node_venv_lib_python3_12_site-packages_PyQt6_Qt6_qml_QtQuick_Controls_FluentWinUI3_dark_images["images"]\n    node_venv_lib_python3_12_site-packages_PyQt6_Qt6_qml_QtQuick_Controls_FluentWinUI3_dark_images --> node_venv_lib_python3_12_site-packages_PyQt6_Qt6_qml_QtQuick_Controls_FluentWinUI3_dark_images_itemdelegate-background-highlighted@2x_png["itemdelegate-background-highlighted@2x.png"]\n    Root --> node_venv["venv"]\n    node_venv --> node_venv_lib["lib"]\n    node_venv_lib --> node_venv_lib_python3_12["python3.12"]\n    node_venv_lib_python3_12 --> node_venv_lib_python3_12_site-packages["site-packages"]\n    node_venv_lib_python3_12_site-packages --> node_venv_lib_python3_12_site-packages_PyQt6["PyQt6"]\n    node_venv_lib_python3_12_site-packages_PyQt6 --> node_venv_lib_python3_12_site-packages_PyQt6_Qt6["Qt6"]\n    node_venv_lib_python3_12_site-packages_PyQt6_Qt6 --> node_venv_lib_python3_12_site-packages_PyQt6_Qt6_qml["qml"]\n    node_venv_lib_python3_12_site-packages_PyQt6_Qt6_qml --> node_venv_lib_python3_12_site-packages_PyQt6_Qt6_qml_QtQuick["QtQuick"]\n    node_venv_lib_python3_12_site-packages_PyQt6_Qt6_qml_QtQuick --> node_venv_lib_python3_12_site-packages_PyQt6_Qt6_qml_QtQuick_Controls["Controls"]\n    node_venv_lib_python3_12_site-packages_PyQt6_Qt6_qml_QtQuick_Controls --> node_venv_lib_python3_12_site-packages_PyQt6_Qt6_qml_QtQuick_Controls_FluentWinUI3["FluentWinUI3"]\n    node_venv_lib_python3_12_site-packages_PyQt6_Qt6_qml_QtQuick_Controls_FluentWinUI3 --> node_venv_lib_python3_12_site-packages_PyQt6_Qt6_qml_QtQuick_Controls_FluentWinUI3_dark["dark"]\n    node_venv_lib_python3_12_site-packages_PyQt6_Qt6_qml_QtQuick_Controls_FluentWinUI3_dark --> node_venv_lib_python3_12_site-packages_PyQt6_Qt6_qml_QtQuick_Controls_FluentWinUI3_dark_images["images"]\n    node_venv_lib_python3_12_site-packages_PyQt6_Qt6_qml_QtQuick_Controls_FluentWinUI3_dark_images --> node_venv_lib_python3_12_site-packages_PyQt6_Qt6_qml_QtQuick_Controls_FluentWinUI3_dark_images_itemdelegate-background-highlighted@3x_png["itemdelegate-background-highlighted@3x.png"]\n    Root --> node_venv["venv"]\n    node_venv --> node_venv_lib["lib"]\n    node_venv_lib --> node_venv_lib_python3_12["python3.12"]\n    node_venv_lib_python3_12 --> node_venv_lib_python3_12_site-packages["site-packages"]\n    node_venv_lib_python3_12_site-packages --> node_venv_lib_python3_12_site-packages_PyQt6["PyQt6"]\n    node_venv_lib_python3_12_site-packages_PyQt6 --> node_venv_lib_python3_12_site-packages_PyQt6_Qt6["Qt6"]\n    node_venv_lib_python3_12_site-packages_PyQt6_Qt6 --> node_venv_lib_python3_12_site-packages_PyQt6_Qt6_qml["qml"]\n    node_venv_lib_python3_12_site-packages_PyQt6_Qt6_qml --> node_venv_lib_python3_12_site-packages_PyQt6_Qt6_qml_QtQuick["QtQuick"]\n    node_venv_lib_python3_12_site-packages_PyQt6_Qt6_qml_QtQuick --> node_venv_lib_python3_12_site-packages_PyQt6_Qt6_qml_QtQuick_Controls["Controls"]\n    node_venv_lib_python3_12_site-packages_PyQt6_Qt6_qml_QtQuick_Controls --> node_venv_lib_python3_12_site-packages_PyQt6_Qt6_qml_QtQuick_Controls_FluentWinUI3["FluentWinUI3"]\n    node_venv_lib_python3_12_site-packages_PyQt6_Qt6_qml_QtQuick_Controls_FluentWinUI3 --> node_venv_lib_python3_12_site-packages_PyQt6_Qt6_qml_QtQuick_Controls_FluentWinUI3_dark["dark"]\n    node_venv_lib_python3_12_site-packages_PyQt6_Qt6_qml_QtQuick_Controls_FluentWinUI3_dark --> node_venv_lib_python3_12_site-packages_PyQt6_Qt6_qml_QtQuick_Controls_FluentWinUI3_dark_images["images"]\n    node_venv_lib_python3_12_site-packages_PyQt6_Qt6_qml_QtQuick_Controls_FluentWinUI3_dark_images --> node_venv_lib_python3_12_site-packages_PyQt6_Qt6_qml_QtQuick_Controls_FluentWinUI3_dark_images_itemdelegate-background-hovered_png["itemdelegate-background-hovered.png"]\n    Root --> node_venv["venv"]\n    node_venv --> node_venv_lib["lib"]\n    node_venv_lib --> node_venv_lib_python3_12["python3.12"]\n    node_venv_lib_python3_12 --> node_venv_lib_python3_12_site-packages["site-packages"]\n    node_venv_lib_python3_12_site-packages --> node_venv_lib_python3_12_site-packages_PyQt6["PyQt6"]\n    node_venv_lib_python3_12_site-packages_PyQt6 --> node_venv_lib_python3_12_site-packages_PyQt6_Qt6["Qt6"]\n    node_venv_lib_python3_12_site-packages_PyQt6_Qt6 --> node_venv_lib_python3_12_site-packages_PyQt6_Qt6_qml["qml"]\n    node_venv_lib_python3_12_site-packages_PyQt6_Qt6_qml --> node_venv_lib_python3_12_site-packages_PyQt6_Qt6_qml_QtQuick["QtQuick"]\n    node_venv_lib_python3_12_site-packages_PyQt6_Qt6_qml_QtQuick --> node_venv_lib_python3_12_site-packages_PyQt6_Qt6_qml_QtQuick_Controls["Controls"]\n    node_venv_lib_python3_12_site-packages_PyQt6_Qt6_qml_QtQuick_Controls --> node_venv_lib_python3_12_site-packages_PyQt6_Qt6_qml_QtQuick_Controls_FluentWinUI3["FluentWinUI3"]\n    node_venv_lib_python3_12_site-packages_PyQt6_Qt6_qml_QtQuick_Controls_FluentWinUI3 --> node_venv_lib_python3_12_site-packages_PyQt6_Qt6_qml_QtQuick_Controls_FluentWinUI3_dark["dark"]\n    node_venv_lib_python3_12_site-packages_PyQt6_Qt6_qml_QtQuick_Controls_FluentWinUI3_dark --> node_venv_lib_python3_12_site-packages_PyQt6_Qt6_qml_QtQuick_Controls_FluentWinUI3_dark_images["images"]\n    node_venv_lib_python3_12_site-packages_PyQt6_Qt6_qml_QtQuick_Controls_FluentWinUI3_dark_images --> node_venv_lib_python3_12_site-packages_PyQt6_Qt6_qml_QtQuick_Controls_FluentWinUI3_dark_images_itemdelegate-background-hovered@2x_png["itemdelegate-background-hovered@2x.png"]\n    Root --> node_venv["venv"]\n    node_venv --> node_venv_lib["lib"]\n    node_venv_lib --> node_venv_lib_python3_12["python3.12"]\n    node_venv_lib_python3_12 --> node_venv_lib_python3_12_site-packages["site-packages"]\n    node_venv_lib_python3_12_site-packages --> node_venv_lib_python3_12_site-packages_PyQt6["PyQt6"]\n    node_venv_lib_python3_12_site-packages_PyQt6 --> node_venv_lib_python3_12_site-packages_PyQt6_Qt6["Qt6"]\n    node_venv_lib_python3_12_site-packages_PyQt6_Qt6 --> node_venv_lib_python3_12_site-packages_PyQt6_Qt6_qml["qml"]\n    node_venv_lib_python3_12_site-packages_PyQt6_Qt6_qml --> node_venv_lib_python3_12_site-packages_PyQt6_Qt6_qml_QtQuick["QtQuick"]\n    node_venv_lib_python3_12_site-packages_PyQt6_Qt6_qml_QtQuick --> node_venv_lib_python3_12_site-packages_PyQt6_Qt6_qml_QtQuick_Controls["Controls"]\n    node_venv_lib_python3_12_site-packages_PyQt6_Qt6_qml_QtQuick_Controls --> node_venv_lib_python3_12_site-packages_PyQt6_Qt6_qml_QtQuick_Controls_FluentWinUI3["FluentWinUI3"]\n    node_venv_lib_python3_12_site-packages_PyQt6_Qt6_qml_QtQuick_Controls_FluentWinUI3 --> node_venv_lib_python3_12_site-packages_PyQt6_Qt6_qml_QtQuick_Controls_FluentWinUI3_dark["dark"]\n    node_venv_lib_python3_12_site-packages_PyQt6_Qt6_qml_QtQuick_Controls_FluentWinUI3_dark --> node_venv_lib_python3_12_site-packages_PyQt6_Qt6_qml_QtQuick_Controls_FluentWinUI3_dark_images["images"]\n    node_venv_lib_python3_12_site-packages_PyQt6_Qt6_qml_QtQuick_Controls_FluentWinUI3_dark_images --> node_venv_lib_python3_12_site-packages_PyQt6_Qt6_qml_QtQuick_Controls_FluentWinUI3_dark_images_itemdelegate-background-hovered@3x_png["itemdelegate-background-hovered@3x.png"]\n    Root --> node_venv["venv"]\n    node_venv --> node_venv_lib["lib"]\n    node_venv_lib --> node_venv_lib_python3_12["python3.12"]\n    node_venv_lib_python3_12 --> node_venv_lib_python3_12_site-packages["site-packages"]\n    node_venv_lib_python3_12_site-packages --> node_venv_lib_python3_12_site-packages_PyQt6["PyQt6"]\n    node_venv_lib_python3_12_site-packages_PyQt6 --> node_venv_lib_python3_12_site-packages_PyQt6_Qt6["Qt6"]\n    node_venv_lib_python3_12_site-packages_PyQt6_Qt6 --> node_venv_lib_python3_12_site-packages_PyQt6_Qt6_qml["qml"]\n    node_venv_lib_python3_12_site-packages_PyQt6_Qt6_qml --> node_venv_lib_python3_12_site-packages_PyQt6_Qt6_qml_QtQuick["QtQuick"]\n    node_venv_lib_python3_12_site-packages_PyQt6_Qt6_qml_QtQuick --> node_venv_lib_python3_12_site-packages_PyQt6_Qt6_qml_QtQuick_Controls["Controls"]\n    node_venv_lib_python3_12_site-packages_PyQt6_Qt6_qml_QtQuick_Controls --> node_venv_lib_python3_12_site-packages_PyQt6_Qt6_qml_QtQuick_Controls_FluentWinUI3["FluentWinUI3"]\n    node_venv_lib_python3_12_site-packages_PyQt6_Qt6_qml_QtQuick_Controls_FluentWinUI3 --> node_venv_lib_python3_12_site-packages_PyQt6_Qt6_qml_QtQuick_Controls_FluentWinUI3_dark["dark"]\n    node_venv_lib_python3_12_site-packages_PyQt6_Qt6_qml_QtQuick_Controls_FluentWinUI3_dark --> node_venv_lib_python3_12_site-packages_PyQt6_Qt6_qml_QtQuick_Controls_FluentWinUI3_dark_images["images"]\n    node_venv_lib_python3_12_site-packages_PyQt6_Qt6_qml_QtQuick_Controls_FluentWinUI3_dark_images --> node_venv_lib_python3_12_site-packages_PyQt6_Qt6_qml_QtQuick_Controls_FluentWinUI3_dark_images_itemdelegate-background-pressed_png["itemdelegate-background-pressed.png"]\n    Root --> node_venv["venv"]\n    node_venv --> node_venv_lib["lib"]\n    node_venv_lib --> node_venv_lib_python3_12["python3.12"]\n    node_venv_lib_python3_12 --> node_venv_lib_python3_12_site-packages["site-packages"]\n    node_venv_lib_python3_12_site-packages --> node_venv_lib_python3_12_site-packages_PyQt6["PyQt6"]\n    node_venv_lib_python3_12_site-packages_PyQt6 --> node_venv_lib_python3_12_site-packages_PyQt6_Qt6["Qt6"]\n    node_venv_lib_python3_12_site-packages_PyQt6_Qt6 --> node_venv_lib_python3_12_site-packages_PyQt6_Qt6_qml["qml"]\n    node_venv_lib_python3_12_site-packages_PyQt6_Qt6_qml --> node_venv_lib_python3_12_site-packages_PyQt6_Qt6_qml_QtQuick["QtQuick"]\n    node_venv_lib_python3_12_site-packages_PyQt6_Qt6_qml_QtQuick --> node_venv_lib_python3_12_site-packages_PyQt6_Qt6_qml_QtQuick_Controls["Controls"]\n    node_venv_lib_python3_12_site-packages_PyQt6_Qt6_qml_QtQuick_Controls --> node_venv_lib_python3_12_site-packages_PyQt6_Qt6_qml_QtQuick_Controls_FluentWinUI3["FluentWinUI3"]\n    node_venv_lib_python3_12_site-packages_PyQt6_Qt6_qml_QtQuick_Controls_FluentWinUI3 --> node_venv_lib_python3_12_site-packages_PyQt6_Qt6_qml_QtQuick_Controls_FluentWinUI3_dark["dark"]\n    node_venv_lib_python3_12_site-packages_PyQt6_Qt6_qml_QtQuick_Controls_FluentWinUI3_dark --> node_venv_lib_python3_12_site-packages_PyQt6_Qt6_qml_QtQuick_Controls_FluentWinUI3_dark_images["images"]\n    node_venv_lib_python3_12_site-packages_PyQt6_Qt6_qml_QtQuick_Controls_FluentWinUI3_dark_images --> node_venv_lib_python3_12_site-packages_PyQt6_Qt6_qml_QtQuick_Controls_FluentWinUI3_dark_images_itemdelegate-background-pressed@2x_png["itemdelegate-background-pressed@2x.png"]\n    Root --> node_venv["venv"]\n    node_venv --> node_venv_lib["lib"]\n    node_venv_lib --> node_venv_lib_python3_12["python3.12"]\n    node_venv_lib_python3_12 --> node_venv_lib_python3_12_site-packages["site-packages"]\n    node_venv_lib_python3_12_site-packages --> node_venv_lib_python3_12_site-packages_PyQt6["PyQt6"]\n    node_venv_lib_python3_12_site-packages_PyQt6 --> node_venv_lib_python3_12_site-packages_PyQt6_Qt6["Qt6"]\n    node_venv_lib_python3_12_site-packages_PyQt6_Qt6 --> node_venv_lib_python3_12_site-packages_PyQt6_Qt6_qml["qml"]\n    node_venv_lib_python3_12_site-packages_PyQt6_Qt6_qml --> node_venv_lib_python3_12_site-packages_PyQt6_Qt6_qml_QtQuick["QtQuick"]\n    node_venv_lib_python3_12_site-packages_PyQt6_Qt6_qml_QtQuick --> node_venv_lib_python3_12_site-packages_PyQt6_Qt6_qml_QtQuick_Controls["Controls"]\n    node_venv_lib_python3_12_site-packages_PyQt6_Qt6_qml_QtQuick_Controls --> node_venv_lib_python3_12_site-packages_PyQt6_Qt6_qml_QtQuick_Controls_FluentWinUI3["FluentWinUI3"]\n    node_venv_lib_python3_12_site-packages_PyQt6_Qt6_qml_QtQuick_Controls_FluentWinUI3 --> node_venv_lib_python3_12_site-packages_PyQt6_Qt6_qml_QtQuick_Controls_FluentWinUI3_dark["dark"]\n    node_venv_lib_python3_12_site-packages_PyQt6_Qt6_qml_QtQuick_Controls_FluentWinUI3_dark --> node_venv_lib_python3_12_site-packages_PyQt6_Qt6_qml_QtQuick_Controls_FluentWinUI3_dark_images["images"]\n    node_venv_lib_python3_12_site-packages_PyQt6_Qt6_qml_QtQuick_Controls_FluentWinUI3_dark_images --> node_venv_lib_python3_12_site-packages_PyQt6_Qt6_qml_QtQuick_Controls_FluentWinUI3_dark_images_itemdelegate-background-pressed@3x_png["itemdelegate-background-pressed@3x.png"]\n    Root --> node_venv["venv"]\n    node_venv --> node_venv_lib["lib"]\n    node_venv_lib --> node_venv_lib_python3_12["python3.12"]\n    node_venv_lib_python3_12 --> node_venv_lib_python3_12_site-packages["site-packages"]\n    node_venv_lib_python3_12_site-packages --> node_venv_lib_python3_12_site-packages_PyQt6["PyQt6"]\n    node_venv_lib_python3_12_site-packages_PyQt6 --> node_venv_lib_python3_12_site-packages_PyQt6_Qt6["Qt6"]\n    node_venv_lib_python3_12_site-packages_PyQt6_Qt6 --> node_venv_lib_python3_12_site-packages_PyQt6_Qt6_qml["qml"]\n    node_venv_lib_python3_12_site-packages_PyQt6_Qt6_qml --> node_venv_lib_python3_12_site-packages_PyQt6_Qt6_qml_QtQuick["QtQuick"]\n    node_venv_lib_python3_12_site-packages_PyQt6_Qt6_qml_QtQuick --> node_venv_lib_python3_12_site-packages_PyQt6_Qt6_qml_QtQuick_Controls["Controls"]\n    node_venv_lib_python3_12_site-packages_PyQt6_Qt6_qml_QtQuick_Controls --> node_venv_lib_python3_12_site-packages_PyQt6_Qt6_qml_QtQuick_Controls_FluentWinUI3["FluentWinUI3"]\n    node_venv_lib_python3_12_site-packages_PyQt6_Qt6_qml_QtQuick_Controls_FluentWinUI3 --> node_venv_lib_python3_12_site-packages_PyQt6_Qt6_qml_QtQuick_Controls_FluentWinUI3_dark["dark"]\n    node_venv_lib_python3_12_site-packages_PyQt6_Qt6_qml_QtQuick_Controls_FluentWinUI3_dark --> node_venv_lib_python3_12_site-packages_PyQt6_Qt6_qml_QtQuick_Controls_FluentWinUI3_dark_images["images"]\n    node_venv_lib_python3_12_site-packages_PyQt6_Qt6_qml_QtQuick_Controls_FluentWinUI3_dark_images --> node_venv_lib_python3_12_site-packages_PyQt6_Qt6_qml_QtQuick_Controls_FluentWinUI3_dark_images_pageindicatordelegate-indicator-delegate-current-hovered_png["pageindicatordelegate-indicator-delegate-current-hovered.png"]\n    Root --> node_venv["venv"]\n    node_venv --> node_venv_lib["lib"]\n    node_venv_lib --> node_venv_lib_python3_12["python3.12"]\n    node_venv_lib_python3_12 --> node_venv_lib_python3_12_site-packages["site-packages"]\n    node_venv_lib_python3_12_site-packages --> node_venv_lib_python3_12_site-packages_PyQt6["PyQt6"]\n    node_venv_lib_python3_12_site-packages_PyQt6 --> node_venv_lib_python3_12_site-packages_PyQt6_Qt6["Qt6"]\n    node_venv_lib_python3_12_site-packages_PyQt6_Qt6 --> node_venv_lib_python3_12_site-packages_PyQt6_Qt6_qml["qml"]\n    node_venv_lib_python3_12_site-packages_PyQt6_Qt6_qml --> node_venv_lib_python3_12_site-packages_PyQt6_Qt6_qml_QtQuick["QtQuick"]\n    node_venv_lib_python3_12_site-packages_PyQt6_Qt6_qml_QtQuick --> node_venv_lib_python3_12_site-packages_PyQt6_Qt6_qml_QtQuick_Controls["Controls"]\n    node_venv_lib_python3_12_site-packages_PyQt6_Qt6_qml_QtQuick_Controls --> node_venv_lib_python3_12_site-packages_PyQt6_Qt6_qml_QtQuick_Controls_FluentWinUI3["FluentWinUI3"]\n    node_venv_lib_python3_12_site-packages_PyQt6_Qt6_qml_QtQuick_Controls_FluentWinUI3 --> node_venv_lib_python3_12_site-packages_PyQt6_Qt6_qml_QtQuick_Controls_FluentWinUI3_dark["dark"]\n    node_venv_lib_python3_12_site-packages_PyQt6_Qt6_qml_QtQuick_Controls_FluentWinUI3_dark --> node_venv_lib_python3_12_site-packages_PyQt6_Qt6_qml_QtQuick_Controls_FluentWinUI3_dark_images["images"]\n    node_venv_lib_python3_12_site-packages_PyQt6_Qt6_qml_QtQuick_Controls_FluentWinUI3_dark_images --> node_venv_lib_python3_12_site-packages_PyQt6_Qt6_qml_QtQuick_Controls_FluentWinUI3_dark_images_pageindicatordelegate-indicator-delegate-current-hovered@2x_png["pageindicatordelegate-indicator-delegate-current-hovered@2x.png"]\n    Root --> node_venv["venv"]\n    node_venv --> node_venv_lib["lib"]\n    node_venv_lib --> node_venv_lib_python3_12["python3.12"]\n    node_venv_lib_python3_12 --> node_venv_lib_python3_12_site-packages["site-packages"]\n    node_venv_lib_python3_12_site-packages --> node_venv_lib_python3_12_site-packages_PyQt6["PyQt6"]\n    node_venv_lib_python3_12_site-packages_PyQt6 --> node_venv_lib_python3_12_site-packages_PyQt6_Qt6["Qt6"]\n    node_venv_lib_python3_12_site-packages_PyQt6_Qt6 --> node_venv_lib_python3_12_site-packages_PyQt6_Qt6_qml["qml"]\n    node_venv_lib_python3_12_site-packages_PyQt6_Qt6_qml --> node_venv_lib_python3_12_site-packages_PyQt6_Qt6_qml_QtQuick["QtQuick"]\n    node_venv_lib_python3_12_site-packages_PyQt6_Qt6_qml_QtQuick --> node_venv_lib_python3_12_site-packages_PyQt6_Qt6_qml_QtQuick_Controls["Controls"]\n    node_venv_lib_python3_12_site-packages_PyQt6_Qt6_qml_QtQuick_Controls --> node_venv_lib_python3_12_site-packages_PyQt6_Qt6_qml_QtQuick_Controls_FluentWinUI3["FluentWinUI3"]\n    node_venv_lib_python3_12_site-packages_PyQt6_Qt6_qml_QtQuick_Controls_FluentWinUI3 --> node_venv_lib_python3_12_site-packages_PyQt6_Qt6_qml_QtQuick_Controls_FluentWinUI3_dark["dark"]\n    node_venv_lib_python3_12_site-packages_PyQt6_Qt6_qml_QtQuick_Controls_FluentWinUI3_dark --> node_venv_lib_python3_12_site-packages_PyQt6_Qt6_qml_QtQuick_Controls_FluentWinUI3_dark_images["images"]\n    node_venv_lib_python3_12_site-packages_PyQt6_Qt6_qml_QtQuick_Controls_FluentWinUI3_dark_images --> node_venv_lib_python3_12_site-packages_PyQt6_Qt6_qml_QtQuick_Controls_FluentWinUI3_dark_images_pageindicatordelegate-indicator-delegate-current-hovered@3x_png["pageindicatordelegate-indicator-delegate-current-hovered@3x.png"]\n    Root --> node_venv["venv"]\n    node_venv --> node_venv_lib["lib"]\n    node_venv_lib --> node_venv_lib_python3_12["python3.12"]\n    node_venv_lib_python3_12 --> node_venv_lib_python3_12_site-packages["site-packages"]\n    node_venv_lib_python3_12_site-packages --> node_venv_lib_python3_12_site-packages_PyQt6["PyQt6"]\n    node_venv_lib_python3_12_site-packages_PyQt6 --> node_venv_lib_python3_12_site-packages_PyQt6_Qt6["Qt6"]\n    node_venv_lib_python3_12_site-packages_PyQt6_Qt6 --> node_venv_lib_python3_12_site-packages_PyQt6_Qt6_qml["qml"]\n    node_venv_lib_python3_12_site-packages_PyQt6_Qt6_qml --> node_venv_lib_python3_12_site-packages_PyQt6_Qt6_qml_QtQuick["QtQuick"]\n    node_venv_lib_python3_12_site-packages_PyQt6_Qt6_qml_QtQuick --> node_venv_lib_python3_12_site-packages_PyQt6_Qt6_qml_QtQuick_Controls["Controls"]\n    node_venv_lib_python3_12_site-packages_PyQt6_Qt6_qml_QtQuick_Controls --> node_venv_lib_python3_12_site-packages_PyQt6_Qt6_qml_QtQuick_Controls_FluentWinUI3["FluentWinUI3"]\n    node_venv_lib_python3_12_site-packages_PyQt6_Qt6_qml_QtQuick_Controls_FluentWinUI3 --> node_venv_lib_python3_12_site-packages_PyQt6_Qt6_qml_QtQuick_Controls_FluentWinUI3_dark["dark"]\n    node_venv_lib_python3_12_site-packages_PyQt6_Qt6_qml_QtQuick_Controls_FluentWinUI3_dark --> node_venv_lib_python3_12_site-packages_PyQt6_Qt6_qml_QtQuick_Controls_FluentWinUI3_dark_images["images"]\n    node_venv_lib_python3_12_site-packages_PyQt6_Qt6_qml_QtQuick_Controls_FluentWinUI3_dark_images --> node_venv_lib_python3_12_site-packages_PyQt6_Qt6_qml_QtQuick_Controls_FluentWinUI3_dark_images_pageindicatordelegate-indicator-delegate-current-pressed_png["pageindicatordelegate-indicator-delegate-current-pressed.png"]\n    Root --> node_venv["venv"]\n    node_venv --> node_venv_lib["lib"]\n    node_venv_lib --> node_venv_lib_python3_12["python3.12"]\n    node_venv_lib_python3_12 --> node_venv_lib_python3_12_site-packages["site-packages"]\n    node_venv_lib_python3_12_site-packages --> node_venv_lib_python3_12_site-packages_PyQt6["PyQt6"]\n    node_venv_lib_python3_12_site-packages_PyQt6 --> node_venv_lib_python3_12_site-packages_PyQt6_Qt6["Qt6"]\n    node_venv_lib_python3_12_site-packages_PyQt6_Qt6 --> node_venv_lib_python3_12_site-packages_PyQt6_Qt6_qml["qml"]\n    node_venv_lib_python3_12_site-packages_PyQt6_Qt6_qml --> node_venv_lib_python3_12_site-packages_PyQt6_Qt6_qml_QtQuick["QtQuick"]\n    node_venv_lib_python3_12_site-packages_PyQt6_Qt6_qml_QtQuick --> node_venv_lib_python3_12_site-packages_PyQt6_Qt6_qml_QtQuick_Controls["Controls"]\n    node_venv_lib_python3_12_site-packages_PyQt6_Qt6_qml_QtQuick_Controls --> node_venv_lib_python3_12_site-packages_PyQt6_Qt6_qml_QtQuick_Controls_FluentWinUI3["FluentWinUI3"]\n    node_venv_lib_python3_12_site-packages_PyQt6_Qt6_qml_QtQuick_Controls_FluentWinUI3 --> node_venv_lib_python3_12_site-packages_PyQt6_Qt6_qml_QtQuick_Controls_FluentWinUI3_dark["dark"]\n    node_venv_lib_python3_12_site-packages_PyQt6_Qt6_qml_QtQuick_Controls_FluentWinUI3_dark --> node_venv_lib_python3_12_site-packages_PyQt6_Qt6_qml_QtQuick_Controls_FluentWinUI3_dark_images["images"]\n    node_venv_lib_python3_12_site-packages_PyQt6_Qt6_qml_QtQuick_Controls_FluentWinUI3_dark_images --> node_venv_lib_python3_12_site-packages_PyQt6_Qt6_qml_QtQuick_Controls_FluentWinUI3_dark_images_pageindicatordelegate-indicator-delegate-current-pressed@2x_png["pageindicatordelegate-indicator-delegate-current-pressed@2x.png"]\n    Root --> node_venv["venv"]\n    node_venv --> node_venv_lib["lib"]\n    node_venv_lib --> node_venv_lib_python3_12["python3.12"]\n    node_venv_lib_python3_12 --> node_venv_lib_python3_12_site-packages["site-packages"]\n    node_venv_lib_python3_12_site-packages --> node_venv_lib_python3_12_site-packages_PyQt6["PyQt6"]\n    node_venv_lib_python3_12_site-packages_PyQt6 --> node_venv_lib_python3_12_site-packages_PyQt6_Qt6["Qt6"]\n    node_venv_lib_python3_12_site-packages_PyQt6_Qt6 --> node_venv_lib_python3_12_site-packages_PyQt6_Qt6_qml["qml"]\n    node_venv_lib_python3_12_site-packages_PyQt6_Qt6_qml --> node_venv_lib_python3_12_site-packages_PyQt6_Qt6_qml_QtQuick["QtQuick"]\n    node_venv_lib_python3_12_site-packages_PyQt6_Qt6_qml_QtQuick --> node_venv_lib_python3_12_site-packages_PyQt6_Qt6_qml_QtQuick_Controls["Controls"]\n    node_venv_lib_python3_12_site-packages_PyQt6_Qt6_qml_QtQuick_Controls --> node_venv_lib_python3_12_site-packages_PyQt6_Qt6_qml_QtQuick_Controls_FluentWinUI3["FluentWinUI3"]\n    node_venv_lib_python3_12_site-packages_PyQt6_Qt6_qml_QtQuick_Controls_FluentWinUI3 --> node_venv_lib_python3_12_site-packages_PyQt6_Qt6_qml_QtQuick_Controls_FluentWinUI3_dark["dark"]\n    node_venv_lib_python3_12_site-packages_PyQt6_Qt6_qml_QtQuick_Controls_FluentWinUI3_dark --> node_venv_lib_python3_12_site-packages_PyQt6_Qt6_qml_QtQuick_Controls_FluentWinUI3_dark_images["images"]\n    node_venv_lib_python3_12_site-packages_PyQt6_Qt6_qml_QtQuick_Controls_FluentWinUI3_dark_images --> node_venv_lib_python3_12_site-packages_PyQt6_Qt6_qml_QtQuick_Controls_FluentWinUI3_dark_images_pageindicatordelegate-indicator-delegate-current-pressed@3x_png["pageindicatordelegate-indicator-delegate-current-pressed@3x.png"]\n    Root --> node_venv["venv"]\n    node_venv --> node_venv_lib["lib"]\n    node_venv_lib --> node_venv_lib_python3_12["python3.12"]\n    node_venv_lib_python3_12 --> node_venv_lib_python3_12_site-packages["site-packages"]\n    node_venv_lib_python3_12_site-packages --> node_venv_lib_python3_12_site-packages_PyQt6["PyQt6"]\n    node_venv_lib_python3_12_site-packages_PyQt6 --> node_venv_lib_python3_12_site-packages_PyQt6_Qt6["Qt6"]\n    node_venv_lib_python3_12_site-packages_PyQt6_Qt6 --> node_venv_lib_python3_12_site-packages_PyQt6_Qt6_qml["qml"]\n    node_venv_lib_python3_12_site-packages_PyQt6_Qt6_qml --> node_venv_lib_python3_12_site-packages_PyQt6_Qt6_qml_QtQuick["QtQuick"]\n    node_venv_lib_python3_12_site-packages_PyQt6_Qt6_qml_QtQuick --> node_venv_lib_python3_12_site-packages_PyQt6_Qt6_qml_QtQuick_Controls["Controls"]\n    node_venv_lib_python3_12_site-packages_PyQt6_Qt6_qml_QtQuick_Controls --> node_venv_lib_python3_12_site-packages_PyQt6_Qt6_qml_QtQuick_Controls_FluentWinUI3["FluentWinUI3"]\n    node_venv_lib_python3_12_site-packages_PyQt6_Qt6_qml_QtQuick_Controls_FluentWinUI3 --> node_venv_lib_python3_12_site-packages_PyQt6_Qt6_qml_QtQuick_Controls_FluentWinUI3_dark["dark"]\n    node_venv_lib_python3_12_site-packages_PyQt6_Qt6_qml_QtQuick_Controls_FluentWinUI3_dark --> node_venv_lib_python3_12_site-packages_PyQt6_Qt6_qml_QtQuick_Controls_FluentWinUI3_dark_images["images"]\n    node_venv_lib_python3_12_site-packages_PyQt6_Qt6_qml_QtQuick_Controls_FluentWinUI3_dark_images --> node_venv_lib_python3_12_site-packages_PyQt6_Qt6_qml_QtQuick_Controls_FluentWinUI3_dark_images_pageindicatordelegate-indicator-delegate-current_png["pageindicatordelegate-indicator-delegate-current.png"]\n    Root --> node_venv["venv"]\n    node_venv --> node_venv_lib["lib"]\n    node_venv_lib --> node_venv_lib_python3_12["python3.12"]\n    node_venv_lib_python3_12 --> node_venv_lib_python3_12_site-packages["site-packages"]\n    node_venv_lib_python3_12_site-packages --> node_venv_lib_python3_12_site-packages_PyQt6["PyQt6"]\n    node_venv_lib_python3_12_site-packages_PyQt6 --> node_venv_lib_python3_12_site-packages_PyQt6_Qt6["Qt6"]\n    node_venv_lib_python3_12_site-packages_PyQt6_Qt6 --> node_venv_lib_python3_12_site-packages_PyQt6_Qt6_qml["qml"]\n    node_venv_lib_python3_12_site-packages_PyQt6_Qt6_qml --> node_venv_lib_python3_12_site-packages_PyQt6_Qt6_qml_QtQuick["QtQuick"]\n    node_venv_lib_python3_12_site-packages_PyQt6_Qt6_qml_QtQuick --> node_venv_lib_python3_12_site-packages_PyQt6_Qt6_qml_QtQuick_Controls["Controls"]\n    node_venv_lib_python3_12_site-packages_PyQt6_Qt6_qml_QtQuick_Controls --> node_venv_lib_python3_12_site-packages_PyQt6_Qt6_qml_QtQuick_Controls_FluentWinUI3["FluentWinUI3"]\n    node_venv_lib_python3_12_site-packages_PyQt6_Qt6_qml_QtQuick_Controls_FluentWinUI3 --> node_venv_lib_python3_12_site-packages_PyQt6_Qt6_qml_QtQuick_Controls_FluentWinUI3_dark["dark"]\n    node_venv_lib_python3_12_site-packages_PyQt6_Qt6_qml_QtQuick_Controls_FluentWinUI3_dark --> node_venv_lib_python3_12_site-packages_PyQt6_Qt6_qml_QtQuick_Controls_FluentWinUI3_dark_images["images"]\n    node_venv_lib_python3_12_site-packages_PyQt6_Qt6_qml_QtQuick_Controls_FluentWinUI3_dark_images --> node_venv_lib_python3_12_site-packages_PyQt6_Qt6_qml_QtQuick_Controls_FluentWinUI3_dark_images_pageindicatordelegate-indicator-delegate-current@2x_png["pageindicatordelegate-indicator-delegate-current@2x.png"]\n    Root --> node_venv["venv"]\n    node_venv --> node_venv_lib["lib"]\n    node_venv_lib --> node_venv_lib_python3_12["python3.12"]\n    node_venv_lib_python3_12 --> node_venv_lib_python3_12_site-packages["site-packages"]\n    node_venv_lib_python3_12_site-packages --> node_venv_lib_python3_12_site-packages_PyQt6["PyQt6"]\n    node_venv_lib_python3_12_site-packages_PyQt6 --> node_venv_lib_python3_12_site-packages_PyQt6_Qt6["Qt6"]\n    node_venv_lib_python3_12_site-packages_PyQt6_Qt6 --> node_venv_lib_python3_12_site-packages_PyQt6_Qt6_qml["qml"]\n    node_venv_lib_python3_12_site-packages_PyQt6_Qt6_qml --> node_venv_lib_python3_12_site-packages_PyQt6_Qt6_qml_QtQuick["QtQuick"]\n    node_venv_lib_python3_12_site-packages_PyQt6_Qt6_qml_QtQuick --> node_venv_lib_python3_12_site-packages_PyQt6_Qt6_qml_QtQuick_Controls["Controls"]\n    node_venv_lib_python3_12_site-packages_PyQt6_Qt6_qml_QtQuick_Controls --> node_venv_lib_python3_12_site-packages_PyQt6_Qt6_qml_QtQuick_Controls_FluentWinUI3["FluentWinUI3"]\n    node_venv_lib_python3_12_site-packages_PyQt6_Qt6_qml_QtQuick_Controls_FluentWinUI3 --> node_venv_lib_python3_12_site-packages_PyQt6_Qt6_qml_QtQuick_Controls_FluentWinUI3_dark["dark"]\n    node_venv_lib_python3_12_site-packages_PyQt6_Qt6_qml_QtQuick_Controls_FluentWinUI3_dark --> node_venv_lib_python3_12_site-packages_PyQt6_Qt6_qml_QtQuick_Controls_FluentWinUI3_dark_images["images"]\n    node_venv_lib_python3_12_site-packages_PyQt6_Qt6_qml_QtQuick_Controls_FluentWinUI3_dark_images --> node_venv_lib_python3_12_site-packages_PyQt6_Qt6_qml_QtQuick_Controls_FluentWinUI3_dark_images_pageindicatordelegate-indicator-delegate-current@3x_png["pageindicatordelegate-indicator-delegate-current@3x.png"]\n    Root --> node_venv["venv"]\n    node_venv --> node_venv_lib["lib"]\n    node_venv_lib --> node_venv_lib_python3_12["python3.12"]\n    node_venv_lib_python3_12 --> node_venv_lib_python3_12_site-packages["site-packages"]\n    node_venv_lib_python3_12_site-packages --> node_venv_lib_python3_12_site-packages_PyQt6["PyQt6"]\n    node_venv_lib_python3_12_site-packages_PyQt6 --> node_venv_lib_python3_12_site-packages_PyQt6_Qt6["Qt6"]\n    node_venv_lib_python3_12_site-packages_PyQt6_Qt6 --> node_venv_lib_python3_12_site-packages_PyQt6_Qt6_qml["qml"]\n    node_venv_lib_python3_12_site-packages_PyQt6_Qt6_qml --> node_venv_lib_python3_12_site-packages_PyQt6_Qt6_qml_QtQuick["QtQuick"]\n    node_venv_lib_python3_12_site-packages_PyQt6_Qt6_qml_QtQuick --> node_venv_lib_python3_12_site-packages_PyQt6_Qt6_qml_QtQuick_Controls["Controls"]\n    node_venv_lib_python3_12_site-packages_PyQt6_Qt6_qml_QtQuick_Controls --> node_venv_lib_python3_12_site-packages_PyQt6_Qt6_qml_QtQuick_Controls_FluentWinUI3["FluentWinUI3"]\n    node_venv_lib_python3_12_site-packages_PyQt6_Qt6_qml_QtQuick_Controls_FluentWinUI3 --> node_venv_lib_python3_12_site-packages_PyQt6_Qt6_qml_QtQuick_Controls_FluentWinUI3_dark["dark"]\n    node_venv_lib_python3_12_site-packages_PyQt6_Qt6_qml_QtQuick_Controls_FluentWinUI3_dark --> node_venv_lib_python3_12_site-packages_PyQt6_Qt6_qml_QtQuick_Controls_FluentWinUI3_dark_images["images"]\n    node_venv_lib_python3_12_site-packages_PyQt6_Qt6_qml_QtQuick_Controls_FluentWinUI3_dark_images --> node_venv_lib_python3_12_site-packages_PyQt6_Qt6_qml_QtQuick_Controls_FluentWinUI3_dark_images_pageindicatordelegate-indicator-delegate-pressed_png["pageindicatordelegate-indicator-delegate-pressed.png"]\n    Root --> node_venv["venv"]\n    node_venv --> node_venv_lib["lib"]\n    node_venv_lib --> node_venv_lib_python3_12["python3.12"]\n    node_venv_lib_python3_12 --> node_venv_lib_python3_12_site-packages["site-packages"]\n    node_venv_lib_python3_12_site-packages --> node_venv_lib_python3_12_site-packages_PyQt6["PyQt6"]\n    node_venv_lib_python3_12_site-packages_PyQt6 --> node_venv_lib_python3_12_site-packages_PyQt6_Qt6["Qt6"]\n    node_venv_lib_python3_12_site-packages_PyQt6_Qt6 --> node_venv_lib_python3_12_site-packages_PyQt6_Qt6_qml["qml"]\n    node_venv_lib_python3_12_site-packages_PyQt6_Qt6_qml --> node_venv_lib_python3_12_site-packages_PyQt6_Qt6_qml_QtQuick["QtQuick"]\n    node_venv_lib_python3_12_site-packages_PyQt6_Qt6_qml_QtQuick --> node_venv_lib_python3_12_site-packages_PyQt6_Qt6_qml_QtQuick_Controls["Controls"]\n    node_venv_lib_python3_12_site-packages_PyQt6_Qt6_qml_QtQuick_Controls --> node_venv_lib_python3_12_site-packages_PyQt6_Qt6_qml_QtQuick_Controls_FluentWinUI3["FluentWinUI3"]\n    node_venv_lib_python3_12_site-packages_PyQt6_Qt6_qml_QtQuick_Controls_FluentWinUI3 --> node_venv_lib_python3_12_site-packages_PyQt6_Qt6_qml_QtQuick_Controls_FluentWinUI3_dark["dark"]\n    node_venv_lib_python3_12_site-packages_PyQt6_Qt6_qml_QtQuick_Controls_FluentWinUI3_dark --> node_venv_lib_python3_12_site-packages_PyQt6_Qt6_qml_QtQuick_Controls_FluentWinUI3_dark_images["images"]\n    node_venv_lib_python3_12_site-packages_PyQt6_Qt6_qml_QtQuick_Controls_FluentWinUI3_dark_images --> node_venv_lib_python3_12_site-packages_PyQt6_Qt6_qml_QtQuick_Controls_FluentWinUI3_dark_images_pageindicatordelegate-indicator-delegate-pressed@2x_png["pageindicatordelegate-indicator-delegate-pressed@2x.png"]\n    Root --> node_venv["venv"]\n    node_venv --> node_venv_lib["lib"]\n    node_venv_lib --> node_venv_lib_python3_12["python3.12"]\n    node_venv_lib_python3_12 --> node_venv_lib_python3_12_site-packages["site-packages"]\n    node_venv_lib_python3_12_site-packages --> node_venv_lib_python3_12_site-packages_PyQt6["PyQt6"]\n    node_venv_lib_python3_12_site-packages_PyQt6 --> node_venv_lib_python3_12_site-packages_PyQt6_Qt6["Qt6"]\n    node_venv_lib_python3_12_site-packages_PyQt6_Qt6 --> node_venv_lib_python3_12_site-packages_PyQt6_Qt6_qml["qml"]\n    node_venv_lib_python3_12_site-packages_PyQt6_Qt6_qml --> node_venv_lib_python3_12_site-packages_PyQt6_Qt6_qml_QtQuick["QtQuick"]\n    node_venv_lib_python3_12_site-packages_PyQt6_Qt6_qml_QtQuick --> node_venv_lib_python3_12_site-packages_PyQt6_Qt6_qml_QtQuick_Controls["Controls"]\n    node_venv_lib_python3_12_site-packages_PyQt6_Qt6_qml_QtQuick_Controls --> node_venv_lib_python3_12_site-packages_PyQt6_Qt6_qml_QtQuick_Controls_FluentWinUI3["FluentWinUI3"]\n    node_venv_lib_python3_12_site-packages_PyQt6_Qt6_qml_QtQuick_Controls_FluentWinUI3 --> node_venv_lib_python3_12_site-packages_PyQt6_Qt6_qml_QtQuick_Controls_FluentWinUI3_dark["dark"]\n    node_venv_lib_python3_12_site-packages_PyQt6_Qt6_qml_QtQuick_Controls_FluentWinUI3_dark --> node_venv_lib_python3_12_site-packages_PyQt6_Qt6_qml_QtQuick_Controls_FluentWinUI3_dark_images["images"]\n    node_venv_lib_python3_12_site-packages_PyQt6_Qt6_qml_QtQuick_Controls_FluentWinUI3_dark_images --> node_venv_lib_python3_12_site-packages_PyQt6_Qt6_qml_QtQuick_Controls_FluentWinUI3_dark_images_pageindicatordelegate-indicator-delegate-pressed@3x_png["pageindicatordelegate-indicator-delegate-pressed@3x.png"]\n    Root --> node_venv["venv"]\n    node_venv --> node_venv_lib["lib"]\n    node_venv_lib --> node_venv_lib_python3_12["python3.12"]\n    node_venv_lib_python3_12 --> node_venv_lib_python3_12_site-packages["site-packages"]\n    node_venv_lib_python3_12_site-packages --> node_venv_lib_python3_12_site-packages_PyQt6["PyQt6"]\n    node_venv_lib_python3_12_site-packages_PyQt6 --> node_venv_lib_python3_12_site-packages_PyQt6_Qt6["Qt6"]\n    node_venv_lib_python3_12_site-packages_PyQt6_Qt6 --> node_venv_lib_python3_12_site-packages_PyQt6_Qt6_qml["qml"]\n    node_venv_lib_python3_12_site-packages_PyQt6_Qt6_qml --> node_venv_lib_python3_12_site-packages_PyQt6_Qt6_qml_QtQuick["QtQuick"]\n    node_venv_lib_python3_12_site-packages_PyQt6_Qt6_qml_QtQuick --> node_venv_lib_python3_12_site-packages_PyQt6_Qt6_qml_QtQuick_Controls["Controls"]\n    node_venv_lib_python3_12_site-packages_PyQt6_Qt6_qml_QtQuick_Controls --> node_venv_lib_python3_12_site-packages_PyQt6_Qt6_qml_QtQuick_Controls_FluentWinUI3["FluentWinUI3"]\n    node_venv_lib_python3_12_site-packages_PyQt6_Qt6_qml_QtQuick_Controls_FluentWinUI3 --> node_venv_lib_python3_12_site-packages_PyQt6_Qt6_qml_QtQuick_Controls_FluentWinUI3_dark["dark"]\n    node_venv_lib_python3_12_site-packages_PyQt6_Qt6_qml_QtQuick_Controls_FluentWinUI3_dark --> node_venv_lib_python3_12_site-packages_PyQt6_Qt6_qml_QtQuick_Controls_FluentWinUI3_dark_images["images"]\n    node_venv_lib_python3_12_site-packages_PyQt6_Qt6_qml_QtQuick_Controls_FluentWinUI3_dark_images --> node_venv_lib_python3_12_site-packages_PyQt6_Qt6_qml_QtQuick_Controls_FluentWinUI3_dark_images_pageindicatordelegate-indicator-disabled_png["pageindicatordelegate-indicator-disabled.png"]\n    Root --> node_venv["venv"]\n    node_venv --> node_venv_lib["lib"]\n    node_venv_lib --> node_venv_lib_python3_12["python3.12"]\n    node_venv_lib_python3_12 --> node_venv_lib_python3_12_site-packages["site-packages"]\n    node_venv_lib_python3_12_site-packages --> node_venv_lib_python3_12_site-packages_PyQt6["PyQt6"]\n    node_venv_lib_python3_12_site-packages_PyQt6 --> node_venv_lib_python3_12_site-packages_PyQt6_Qt6["Qt6"]\n    node_venv_lib_python3_12_site-packages_PyQt6_Qt6 --> node_venv_lib_python3_12_site-packages_PyQt6_Qt6_qml["qml"]\n    node_venv_lib_python3_12_site-packages_PyQt6_Qt6_qml --> node_venv_lib_python3_12_site-packages_PyQt6_Qt6_qml_QtQuick["QtQuick"]\n    node_venv_lib_python3_12_site-packages_PyQt6_Qt6_qml_QtQuick --> node_venv_lib_python3_12_site-packages_PyQt6_Qt6_qml_QtQuick_Controls["Controls"]\n    node_venv_lib_python3_12_site-packages_PyQt6_Qt6_qml_QtQuick_Controls --> node_venv_lib_python3_12_site-packages_PyQt6_Qt6_qml_QtQuick_Controls_FluentWinUI3["FluentWinUI3"]\n    node_venv_lib_python3_12_site-packages_PyQt6_Qt6_qml_QtQuick_Controls_FluentWinUI3 --> node_venv_lib_python3_12_site-packages_PyQt6_Qt6_qml_QtQuick_Controls_FluentWinUI3_dark["dark"]\n    node_venv_lib_python3_12_site-packages_PyQt6_Qt6_qml_QtQuick_Controls_FluentWinUI3_dark --> node_venv_lib_python3_12_site-packages_PyQt6_Qt6_qml_QtQuick_Controls_FluentWinUI3_dark_images["images"]\n    node_venv_lib_python3_12_site-packages_PyQt6_Qt6_qml_QtQuick_Controls_FluentWinUI3_dark_images --> node_venv_lib_python3_12_site-packages_PyQt6_Qt6_qml_QtQuick_Controls_FluentWinUI3_dark_images_pageindicatordelegate-indicator-disabled@2x_png["pageindicatordelegate-indicator-disabled@2x.png"]\n    Root --> node_venv["venv"]\n    node_venv --> node_venv_lib["lib"]\n    node_venv_lib --> node_venv_lib_python3_12["python3.12"]\n    node_venv_lib_python3_12 --> node_venv_lib_python3_12_site-packages["site-packages"]\n    node_venv_lib_python3_12_site-packages --> node_venv_lib_python3_12_site-packages_PyQt6["PyQt6"]\n    node_venv_lib_python3_12_site-packages_PyQt6 --> node_venv_lib_python3_12_site-packages_PyQt6_Qt6["Qt6"]\n    node_venv_lib_python3_12_site-packages_PyQt6_Qt6 --> node_venv_lib_python3_12_site-packages_PyQt6_Qt6_qml["qml"]\n    node_venv_lib_python3_12_site-packages_PyQt6_Qt6_qml --> node_venv_lib_python3_12_site-packages_PyQt6_Qt6_qml_QtQuick["QtQuick"]\n    node_venv_lib_python3_12_site-packages_PyQt6_Qt6_qml_QtQuick --> node_venv_lib_python3_12_site-packages_PyQt6_Qt6_qml_QtQuick_Controls["Controls"]\n    node_venv_lib_python3_12_site-packages_PyQt6_Qt6_qml_QtQuick_Controls --> node_venv_lib_python3_12_site-packages_PyQt6_Qt6_qml_QtQuick_Controls_FluentWinUI3["FluentWinUI3"]\n    node_venv_lib_python3_12_site-packages_PyQt6_Qt6_qml_QtQuick_Controls_FluentWinUI3 --> node_venv_lib_python3_12_site-packages_PyQt6_Qt6_qml_QtQuick_Controls_FluentWinUI3_dark["dark"]\n    node_venv_lib_python3_12_site-packages_PyQt6_Qt6_qml_QtQuick_Controls_FluentWinUI3_dark --> node_venv_lib_python3_12_site-packages_PyQt6_Qt6_qml_QtQuick_Controls_FluentWinUI3_dark_images["images"]\n    node_venv_lib_python3_12_site-packages_PyQt6_Qt6_qml_QtQuick_Controls_FluentWinUI3_dark_images --> node_venv_lib_python3_12_site-packages_PyQt6_Qt6_qml_QtQuick_Controls_FluentWinUI3_dark_images_pageindicatordelegate-indicator-disabled@3x_png["pageindicatordelegate-indicator-disabled@3x.png"]\n    Root --> node_venv["venv"]\n    node_venv --> node_venv_lib["lib"]\n    node_venv_lib --> node_venv_lib_python3_12["python3.12"]\n    node_venv_lib_python3_12 --> node_venv_lib_python3_12_site-packages["site-packages"]\n    node_venv_lib_python3_12_site-packages --> node_venv_lib_python3_12_site-packages_PyQt6["PyQt6"]\n    node_venv_lib_python3_12_site-packages_PyQt6 --> node_venv_lib_python3_12_site-packages_PyQt6_Qt6["Qt6"]\n    node_venv_lib_python3_12_site-packages_PyQt6_Qt6 --> node_venv_lib_python3_12_site-packages_PyQt6_Qt6_qml["qml"]\n    node_venv_lib_python3_12_site-packages_PyQt6_Qt6_qml --> node_venv_lib_python3_12_site-packages_PyQt6_Qt6_qml_QtQuick["QtQuick"]\n    node_venv_lib_python3_12_site-packages_PyQt6_Qt6_qml_QtQuick --> node_venv_lib_python3_12_site-packages_PyQt6_Qt6_qml_QtQuick_Controls["Controls"]\n    node_venv_lib_python3_12_site-packages_PyQt6_Qt6_qml_QtQuick_Controls --> node_venv_lib_python3_12_site-packages_PyQt6_Qt6_qml_QtQuick_Controls_FluentWinUI3["FluentWinUI3"]\n    node_venv_lib_python3_12_site-packages_PyQt6_Qt6_qml_QtQuick_Controls_FluentWinUI3 --> node_venv_lib_python3_12_site-packages_PyQt6_Qt6_qml_QtQuick_Controls_FluentWinUI3_dark["dark"]\n    node_venv_lib_python3_12_site-packages_PyQt6_Qt6_qml_QtQuick_Controls_FluentWinUI3_dark --> node_venv_lib_python3_12_site-packages_PyQt6_Qt6_qml_QtQuick_Controls_FluentWinUI3_dark_images["images"]\n    node_venv_lib_python3_12_site-packages_PyQt6_Qt6_qml_QtQuick_Controls_FluentWinUI3_dark_images --> node_venv_lib_python3_12_site-packages_PyQt6_Qt6_qml_QtQuick_Controls_FluentWinUI3_dark_images_pageindicatordelegate-indicator-hovered_png["pageindicatordelegate-indicator-hovered.png"]\n    Root --> node_venv["venv"]\n    node_venv --> node_venv_lib["lib"]\n    node_venv_lib --> node_venv_lib_python3_12["python3.12"]\n    node_venv_lib_python3_12 --> node_venv_lib_python3_12_site-packages["site-packages"]\n    node_venv_lib_python3_12_site-packages --> node_venv_lib_python3_12_site-packages_PyQt6["PyQt6"]\n    node_venv_lib_python3_12_site-packages_PyQt6 --> node_venv_lib_python3_12_site-packages_PyQt6_Qt6["Qt6"]\n    node_venv_lib_python3_12_site-packages_PyQt6_Qt6 --> node_venv_lib_python3_12_site-packages_PyQt6_Qt6_qml["qml"]\n    node_venv_lib_python3_12_site-packages_PyQt6_Qt6_qml --> node_venv_lib_python3_12_site-packages_PyQt6_Qt6_qml_QtQuick["QtQuick"]\n    node_venv_lib_python3_12_site-packages_PyQt6_Qt6_qml_QtQuick --> node_venv_lib_python3_12_site-packages_PyQt6_Qt6_qml_QtQuick_Controls["Controls"]\n    node_venv_lib_python3_12_site-packages_PyQt6_Qt6_qml_QtQuick_Controls --> node_venv_lib_python3_12_site-packages_PyQt6_Qt6_qml_QtQuick_Controls_FluentWinUI3["FluentWinUI3"]\n    node_venv_lib_python3_12_site-packages_PyQt6_Qt6_qml_QtQuick_Controls_FluentWinUI3 --> node_venv_lib_python3_12_site-packages_PyQt6_Qt6_qml_QtQuick_Controls_FluentWinUI3_dark["dark"]\n    node_venv_lib_python3_12_site-packages_PyQt6_Qt6_qml_QtQuick_Controls_FluentWinUI3_dark --> node_venv_lib_python3_12_site-packages_PyQt6_Qt6_qml_QtQuick_Controls_FluentWinUI3_dark_images["images"]\n    node_venv_lib_python3_12_site-packages_PyQt6_Qt6_qml_QtQuick_Controls_FluentWinUI3_dark_images --> node_venv_lib_python3_12_site-packages_PyQt6_Qt6_qml_QtQuick_Controls_FluentWinUI3_dark_images_pageindicatordelegate-indicator-hovered@2x_png["pageindicatordelegate-indicator-hovered@2x.png"]\n    Root --> node_venv["venv"]\n    node_venv --> node_venv_lib["lib"]\n    node_venv_lib --> node_venv_lib_python3_12["python3.12"]\n    node_venv_lib_python3_12 --> node_venv_lib_python3_12_site-packages["site-packages"]\n    node_venv_lib_python3_12_site-packages --> node_venv_lib_python3_12_site-packages_PyQt6["PyQt6"]\n    node_venv_lib_python3_12_site-packages_PyQt6 --> node_venv_lib_python3_12_site-packages_PyQt6_Qt6["Qt6"]\n    node_venv_lib_python3_12_site-packages_PyQt6_Qt6 --> node_venv_lib_python3_12_site-packages_PyQt6_Qt6_qml["qml"]\n    node_venv_lib_python3_12_site-packages_PyQt6_Qt6_qml --> node_venv_lib_python3_12_site-packages_PyQt6_Qt6_qml_QtQuick["QtQuick"]\n    node_venv_lib_python3_12_site-packages_PyQt6_Qt6_qml_QtQuick --> node_venv_lib_python3_12_site-packages_PyQt6_Qt6_qml_QtQuick_Controls["Controls"]\n    node_venv_lib_python3_12_site-packages_PyQt6_Qt6_qml_QtQuick_Controls --> node_venv_lib_python3_12_site-packages_PyQt6_Qt6_qml_QtQuick_Controls_FluentWinUI3["FluentWinUI3"]\n    node_venv_lib_python3_12_site-packages_PyQt6_Qt6_qml_QtQuick_Controls_FluentWinUI3 --> node_venv_lib_python3_12_site-packages_PyQt6_Qt6_qml_QtQuick_Controls_FluentWinUI3_dark["dark"]\n    node_venv_lib_python3_12_site-packages_PyQt6_Qt6_qml_QtQuick_Controls_FluentWinUI3_dark --> node_venv_lib_python3_12_site-packages_PyQt6_Qt6_qml_QtQuick_Controls_FluentWinUI3_dark_images["images"]\n    node_venv_lib_python3_12_site-packages_PyQt6_Qt6_qml_QtQuick_Controls_FluentWinUI3_dark_images --> node_venv_lib_python3_12_site-packages_PyQt6_Qt6_qml_QtQuick_Controls_FluentWinUI3_dark_images_pageindicatordelegate-indicator-hovered@3x_png["pageindicatordelegate-indicator-hovered@3x.png"]\n    Root --> node_venv["venv"]\n    node_venv --> node_venv_lib["lib"]\n    node_venv_lib --> node_venv_lib_python3_12["python3.12"]\n    node_venv_lib_python3_12 --> node_venv_lib_python3_12_site-packages["site-packages"]\n    node_venv_lib_python3_12_site-packages --> node_venv_lib_python3_12_site-packages_PyQt6["PyQt6"]\n    node_venv_lib_python3_12_site-packages_PyQt6 --> node_venv_lib_python3_12_site-packages_PyQt6_Qt6["Qt6"]\n    node_venv_lib_python3_12_site-packages_PyQt6_Qt6 --> node_venv_lib_python3_12_site-packages_PyQt6_Qt6_qml["qml"]\n    node_venv_lib_python3_12_site-packages_PyQt6_Qt6_qml --> node_venv_lib_python3_12_site-packages_PyQt6_Qt6_qml_QtQuick["QtQuick"]\n    node_venv_lib_python3_12_site-packages_PyQt6_Qt6_qml_QtQuick --> node_venv_lib_python3_12_site-packages_PyQt6_Qt6_qml_QtQuick_Controls["Controls"]\n    node_venv_lib_python3_12_site-packages_PyQt6_Qt6_qml_QtQuick_Controls --> node_venv_lib_python3_12_site-packages_PyQt6_Qt6_qml_QtQuick_Controls_FluentWinUI3["FluentWinUI3"]\n    node_venv_lib_python3_12_site-packages_PyQt6_Qt6_qml_QtQuick_Controls_FluentWinUI3 --> node_venv_lib_python3_12_site-packages_PyQt6_Qt6_qml_QtQuick_Controls_FluentWinUI3_dark["dark"]\n    node_venv_lib_python3_12_site-packages_PyQt6_Qt6_qml_QtQuick_Controls_FluentWinUI3_dark --> node_venv_lib_python3_12_site-packages_PyQt6_Qt6_qml_QtQuick_Controls_FluentWinUI3_dark_images["images"]\n    node_venv_lib_python3_12_site-packages_PyQt6_Qt6_qml_QtQuick_Controls_FluentWinUI3_dark_images --> node_venv_lib_python3_12_site-packages_PyQt6_Qt6_qml_QtQuick_Controls_FluentWinUI3_dark_images_pageindicatordelegate-indicator_png["pageindicatordelegate-indicator.png"]\n    Root --> node_venv["venv"]\n    node_venv --> node_venv_lib["lib"]\n    node_venv_lib --> node_venv_lib_python3_12["python3.12"]\n    node_venv_lib_python3_12 --> node_venv_lib_python3_12_site-packages["site-packages"]\n    node_venv_lib_python3_12_site-packages --> node_venv_lib_python3_12_site-packages_PyQt6["PyQt6"]\n    node_venv_lib_python3_12_site-packages_PyQt6 --> node_venv_lib_python3_12_site-packages_PyQt6_Qt6["Qt6"]\n    node_venv_lib_python3_12_site-packages_PyQt6_Qt6 --> node_venv_lib_python3_12_site-packages_PyQt6_Qt6_qml["qml"]\n    node_venv_lib_python3_12_site-packages_PyQt6_Qt6_qml --> node_venv_lib_python3_12_site-packages_PyQt6_Qt6_qml_QtQuick["QtQuick"]\n    node_venv_lib_python3_12_site-packages_PyQt6_Qt6_qml_QtQuick --> node_venv_lib_python3_12_site-packages_PyQt6_Qt6_qml_QtQuick_Controls["Controls"]\n    node_venv_lib_python3_12_site-packages_PyQt6_Qt6_qml_QtQuick_Controls --> node_venv_lib_python3_12_site-packages_PyQt6_Qt6_qml_QtQuick_Controls_FluentWinUI3["FluentWinUI3"]\n    node_venv_lib_python3_12_site-packages_PyQt6_Qt6_qml_QtQuick_Controls_FluentWinUI3 --> node_venv_lib_python3_12_site-packages_PyQt6_Qt6_qml_QtQuick_Controls_FluentWinUI3_dark["dark"]\n    node_venv_lib_python3_12_site-packages_PyQt6_Qt6_qml_QtQuick_Controls_FluentWinUI3_dark --> node_venv_lib_python3_12_site-packages_PyQt6_Qt6_qml_QtQuick_Controls_FluentWinUI3_dark_images["images"]\n    node_venv_lib_python3_12_site-packages_PyQt6_Qt6_qml_QtQuick_Controls_FluentWinUI3_dark_images --> node_venv_lib_python3_12_site-packages_PyQt6_Qt6_qml_QtQuick_Controls_FluentWinUI3_dark_images_pageindicatordelegate-indicator@2x_png["pageindicatordelegate-indicator@2x.png"]\n    Root --> node_venv["venv"]\n    node_venv --> node_venv_lib["lib"]\n    node_venv_lib --> node_venv_lib_python3_12["python3.12"]\n    node_venv_lib_python3_12 --> node_venv_lib_python3_12_site-packages["site-packages"]\n    node_venv_lib_python3_12_site-packages --> node_venv_lib_python3_12_site-packages_PyQt6["PyQt6"]\n    node_venv_lib_python3_12_site-packages_PyQt6 --> node_venv_lib_python3_12_site-packages_PyQt6_Qt6["Qt6"]\n    node_venv_lib_python3_12_site-packages_PyQt6_Qt6 --> node_venv_lib_python3_12_site-packages_PyQt6_Qt6_qml["qml"]\n    node_venv_lib_python3_12_site-packages_PyQt6_Qt6_qml --> node_venv_lib_python3_12_site-packages_PyQt6_Qt6_qml_QtQuick["QtQuick"]\n    node_venv_lib_python3_12_site-packages_PyQt6_Qt6_qml_QtQuick --> node_venv_lib_python3_12_site-packages_PyQt6_Qt6_qml_QtQuick_Controls["Controls"]\n    node_venv_lib_python3_12_site-packages_PyQt6_Qt6_qml_QtQuick_Controls --> node_venv_lib_python3_12_site-packages_PyQt6_Qt6_qml_QtQuick_Controls_FluentWinUI3["FluentWinUI3"]\n    node_venv_lib_python3_12_site-packages_PyQt6_Qt6_qml_QtQuick_Controls_FluentWinUI3 --> node_venv_lib_python3_12_site-packages_PyQt6_Qt6_qml_QtQuick_Controls_FluentWinUI3_dark["dark"]\n    node_venv_lib_python3_12_site-packages_PyQt6_Qt6_qml_QtQuick_Controls_FluentWinUI3_dark --> node_venv_lib_python3_12_site-packages_PyQt6_Qt6_qml_QtQuick_Controls_FluentWinUI3_dark_images["images"]\n    node_venv_lib_python3_12_site-packages_PyQt6_Qt6_qml_QtQuick_Controls_FluentWinUI3_dark_images --> node_venv_lib_python3_12_site-packages_PyQt6_Qt6_qml_QtQuick_Controls_FluentWinUI3_dark_images_pageindicatordelegate-indicator@3x_png["pageindicatordelegate-indicator@3x.png"]\n    Root --> node_venv["venv"]\n    node_venv --> node_venv_lib["lib"]\n    node_venv_lib --> node_venv_lib_python3_12["python3.12"]\n    node_venv_lib_python3_12 --> node_venv_lib_python3_12_site-packages["site-packages"]\n    node_venv_lib_python3_12_site-packages --> node_venv_lib_python3_12_site-packages_PyQt6["PyQt6"]\n    node_venv_lib_python3_12_site-packages_PyQt6 --> node_venv_lib_python3_12_site-packages_PyQt6_Qt6["Qt6"]\n    node_venv_lib_python3_12_site-packages_PyQt6_Qt6 --> node_venv_lib_python3_12_site-packages_PyQt6_Qt6_qml["qml"]\n    node_venv_lib_python3_12_site-packages_PyQt6_Qt6_qml --> node_venv_lib_python3_12_site-packages_PyQt6_Qt6_qml_QtQuick["QtQuick"]\n    node_venv_lib_python3_12_site-packages_PyQt6_Qt6_qml_QtQuick --> node_venv_lib_python3_12_site-packages_PyQt6_Qt6_qml_QtQuick_Controls["Controls"]\n    node_venv_lib_python3_12_site-packages_PyQt6_Qt6_qml_QtQuick_Controls --> node_venv_lib_python3_12_site-packages_PyQt6_Qt6_qml_QtQuick_Controls_FluentWinUI3["FluentWinUI3"]\n    node_venv_lib_python3_12_site-packages_PyQt6_Qt6_qml_QtQuick_Controls_FluentWinUI3 --> node_venv_lib_python3_12_site-packages_PyQt6_Qt6_qml_QtQuick_Controls_FluentWinUI3_dark["dark"]\n    node_venv_lib_python3_12_site-packages_PyQt6_Qt6_qml_QtQuick_Controls_FluentWinUI3_dark --> node_venv_lib_python3_12_site-packages_PyQt6_Qt6_qml_QtQuick_Controls_FluentWinUI3_dark_images["images"]\n    node_venv_lib_python3_12_site-packages_PyQt6_Qt6_qml_QtQuick_Controls_FluentWinUI3_dark_images --> node_venv_lib_python3_12_site-packages_PyQt6_Qt6_qml_QtQuick_Controls_FluentWinUI3_dark_images_popup-background_png["popup-background.png"]\n    Root --> node_venv["venv"]\n    node_venv --> node_venv_lib["lib"]\n    node_venv_lib --> node_venv_lib_python3_12["python3.12"]\n    node_venv_lib_python3_12 --> node_venv_lib_python3_12_site-packages["site-packages"]\n    node_venv_lib_python3_12_site-packages --> node_venv_lib_python3_12_site-packages_PyQt6["PyQt6"]\n    node_venv_lib_python3_12_site-packages_PyQt6 --> node_venv_lib_python3_12_site-packages_PyQt6_Qt6["Qt6"]\n    node_venv_lib_python3_12_site-packages_PyQt6_Qt6 --> node_venv_lib_python3_12_site-packages_PyQt6_Qt6_qml["qml"]\n    node_venv_lib_python3_12_site-packages_PyQt6_Qt6_qml --> node_venv_lib_python3_12_site-packages_PyQt6_Qt6_qml_QtQuick["QtQuick"]\n    node_venv_lib_python3_12_site-packages_PyQt6_Qt6_qml_QtQuick --> node_venv_lib_python3_12_site-packages_PyQt6_Qt6_qml_QtQuick_Controls["Controls"]\n    node_venv_lib_python3_12_site-packages_PyQt6_Qt6_qml_QtQuick_Controls --> node_venv_lib_python3_12_site-packages_PyQt6_Qt6_qml_QtQuick_Controls_FluentWinUI3["FluentWinUI3"]\n    node_venv_lib_python3_12_site-packages_PyQt6_Qt6_qml_QtQuick_Controls_FluentWinUI3 --> node_venv_lib_python3_12_site-packages_PyQt6_Qt6_qml_QtQuick_Controls_FluentWinUI3_dark["dark"]\n    node_venv_lib_python3_12_site-packages_PyQt6_Qt6_qml_QtQuick_Controls_FluentWinUI3_dark --> node_venv_lib_python3_12_site-packages_PyQt6_Qt6_qml_QtQuick_Controls_FluentWinUI3_dark_images["images"]\n    node_venv_lib_python3_12_site-packages_PyQt6_Qt6_qml_QtQuick_Controls_FluentWinUI3_dark_images --> node_venv_lib_python3_12_site-packages_PyQt6_Qt6_qml_QtQuick_Controls_FluentWinUI3_dark_images_popup-background@2x_png["popup-background@2x.png"]\n    Root --> node_venv["venv"]\n    node_venv --> node_venv_lib["lib"]\n    node_venv_lib --> node_venv_lib_python3_12["python3.12"]\n    node_venv_lib_python3_12 --> node_venv_lib_python3_12_site-packages["site-packages"]\n    node_venv_lib_python3_12_site-packages --> node_venv_lib_python3_12_site-packages_PyQt6["PyQt6"]\n    node_venv_lib_python3_12_site-packages_PyQt6 --> node_venv_lib_python3_12_site-packages_PyQt6_Qt6["Qt6"]\n    node_venv_lib_python3_12_site-packages_PyQt6_Qt6 --> node_venv_lib_python3_12_site-packages_PyQt6_Qt6_qml["qml"]\n    node_venv_lib_python3_12_site-packages_PyQt6_Qt6_qml --> node_venv_lib_python3_12_site-packages_PyQt6_Qt6_qml_QtQuick["QtQuick"]\n    node_venv_lib_python3_12_site-packages_PyQt6_Qt6_qml_QtQuick --> node_venv_lib_python3_12_site-packages_PyQt6_Qt6_qml_QtQuick_Controls["Controls"]\n    node_venv_lib_python3_12_site-packages_PyQt6_Qt6_qml_QtQuick_Controls --> node_venv_lib_python3_12_site-packages_PyQt6_Qt6_qml_QtQuick_Controls_FluentWinUI3["FluentWinUI3"]\n    node_venv_lib_python3_12_site-packages_PyQt6_Qt6_qml_QtQuick_Controls_FluentWinUI3 --> node_venv_lib_python3_12_site-packages_PyQt6_Qt6_qml_QtQuick_Controls_FluentWinUI3_dark["dark"]\n    node_venv_lib_python3_12_site-packages_PyQt6_Qt6_qml_QtQuick_Controls_FluentWinUI3_dark --> node_venv_lib_python3_12_site-packages_PyQt6_Qt6_qml_QtQuick_Controls_FluentWinUI3_dark_images["images"]\n    node_venv_lib_python3_12_site-packages_PyQt6_Qt6_qml_QtQuick_Controls_FluentWinUI3_dark_images --> node_venv_lib_python3_12_site-packages_PyQt6_Qt6_qml_QtQuick_Controls_FluentWinUI3_dark_images_popup-background@3x_png["popup-background@3x.png"]\n    Root --> node_venv["venv"]\n    node_venv --> node_venv_lib["lib"]\n    node_venv_lib --> node_venv_lib_python3_12["python3.12"]\n    node_venv_lib_python3_12 --> node_venv_lib_python3_12_site-packages["site-packages"]\n    node_venv_lib_python3_12_site-packages --> node_venv_lib_python3_12_site-packages_PyQt6["PyQt6"]\n    node_venv_lib_python3_12_site-packages_PyQt6 --> node_venv_lib_python3_12_site-packages_PyQt6_Qt6["Qt6"]\n    node_venv_lib_python3_12_site-packages_PyQt6_Qt6 --> node_venv_lib_python3_12_site-packages_PyQt6_Qt6_qml["qml"]\n    node_venv_lib_python3_12_site-packages_PyQt6_Qt6_qml --> node_venv_lib_python3_12_site-packages_PyQt6_Qt6_qml_QtQuick["QtQuick"]\n    node_venv_lib_python3_12_site-packages_PyQt6_Qt6_qml_QtQuick --> node_venv_lib_python3_12_site-packages_PyQt6_Qt6_qml_QtQuick_Controls["Controls"]\n    node_venv_lib_python3_12_site-packages_PyQt6_Qt6_qml_QtQuick_Controls --> node_venv_lib_python3_12_site-packages_PyQt6_Qt6_qml_QtQuick_Controls_FluentWinUI3["FluentWinUI3"]\n    node_venv_lib_python3_12_site-packages_PyQt6_Qt6_qml_QtQuick_Controls_FluentWinUI3 --> node_venv_lib_python3_12_site-packages_PyQt6_Qt6_qml_QtQuick_Controls_FluentWinUI3_dark["dark"]\n    node_venv_lib_python3_12_site-packages_PyQt6_Qt6_qml_QtQuick_Controls_FluentWinUI3_dark --> node_venv_lib_python3_12_site-packages_PyQt6_Qt6_qml_QtQuick_Controls_FluentWinUI3_dark_images["images"]\n    node_venv_lib_python3_12_site-packages_PyQt6_Qt6_qml_QtQuick_Controls_FluentWinUI3_dark_images --> node_venv_lib_python3_12_site-packages_PyQt6_Qt6_qml_QtQuick_Controls_FluentWinUI3_dark_images_progressbar-groove-disabled_png["progressbar-groove-disabled.png"]\n    Root --> node_venv["venv"]\n    node_venv --> node_venv_lib["lib"]\n    node_venv_lib --> node_venv_lib_python3_12["python3.12"]\n    node_venv_lib_python3_12 --> node_venv_lib_python3_12_site-packages["site-packages"]\n    node_venv_lib_python3_12_site-packages --> node_venv_lib_python3_12_site-packages_PyQt6["PyQt6"]\n    node_venv_lib_python3_12_site-packages_PyQt6 --> node_venv_lib_python3_12_site-packages_PyQt6_Qt6["Qt6"]\n    node_venv_lib_python3_12_site-packages_PyQt6_Qt6 --> node_venv_lib_python3_12_site-packages_PyQt6_Qt6_qml["qml"]\n    node_venv_lib_python3_12_site-packages_PyQt6_Qt6_qml --> node_venv_lib_python3_12_site-packages_PyQt6_Qt6_qml_QtQuick["QtQuick"]\n    node_venv_lib_python3_12_site-packages_PyQt6_Qt6_qml_QtQuick --> node_venv_lib_python3_12_site-packages_PyQt6_Qt6_qml_QtQuick_Controls["Controls"]\n    node_venv_lib_python3_12_site-packages_PyQt6_Qt6_qml_QtQuick_Controls --> node_venv_lib_python3_12_site-packages_PyQt6_Qt6_qml_QtQuick_Controls_FluentWinUI3["FluentWinUI3"]\n    node_venv_lib_python3_12_site-packages_PyQt6_Qt6_qml_QtQuick_Controls_FluentWinUI3 --> node_venv_lib_python3_12_site-packages_PyQt6_Qt6_qml_QtQuick_Controls_FluentWinUI3_dark["dark"]\n    node_venv_lib_python3_12_site-packages_PyQt6_Qt6_qml_QtQuick_Controls_FluentWinUI3_dark --> node_venv_lib_python3_12_site-packages_PyQt6_Qt6_qml_QtQuick_Controls_FluentWinUI3_dark_images["images"]\n    node_venv_lib_python3_12_site-packages_PyQt6_Qt6_qml_QtQuick_Controls_FluentWinUI3_dark_images --> node_venv_lib_python3_12_site-packages_PyQt6_Qt6_qml_QtQuick_Controls_FluentWinUI3_dark_images_progressbar-groove-disabled@2x_png["progressbar-groove-disabled@2x.png"]\n    Root --> node_venv["venv"]\n    node_venv --> node_venv_lib["lib"]\n    node_venv_lib --> node_venv_lib_python3_12["python3.12"]\n    node_venv_lib_python3_12 --> node_venv_lib_python3_12_site-packages["site-packages"]\n    node_venv_lib_python3_12_site-packages --> node_venv_lib_python3_12_site-packages_PyQt6["PyQt6"]\n    node_venv_lib_python3_12_site-packages_PyQt6 --> node_venv_lib_python3_12_site-packages_PyQt6_Qt6["Qt6"]\n    node_venv_lib_python3_12_site-packages_PyQt6_Qt6 --> node_venv_lib_python3_12_site-packages_PyQt6_Qt6_qml["qml"]\n    node_venv_lib_python3_12_site-packages_PyQt6_Qt6_qml --> node_venv_lib_python3_12_site-packages_PyQt6_Qt6_qml_QtQuick["QtQuick"]\n    node_venv_lib_python3_12_site-packages_PyQt6_Qt6_qml_QtQuick --> node_venv_lib_python3_12_site-packages_PyQt6_Qt6_qml_QtQuick_Controls["Controls"]\n    node_venv_lib_python3_12_site-packages_PyQt6_Qt6_qml_QtQuick_Controls --> node_venv_lib_python3_12_site-packages_PyQt6_Qt6_qml_QtQuick_Controls_FluentWinUI3["FluentWinUI3"]\n    node_venv_lib_python3_12_site-packages_PyQt6_Qt6_qml_QtQuick_Controls_FluentWinUI3 --> node_venv_lib_python3_12_site-packages_PyQt6_Qt6_qml_QtQuick_Controls_FluentWinUI3_dark["dark"]\n    node_venv_lib_python3_12_site-packages_PyQt6_Qt6_qml_QtQuick_Controls_FluentWinUI3_dark --> node_venv_lib_python3_12_site-packages_PyQt6_Qt6_qml_QtQuick_Controls_FluentWinUI3_dark_images["images"]\n    node_venv_lib_python3_12_site-packages_PyQt6_Qt6_qml_QtQuick_Controls_FluentWinUI3_dark_images --> node_venv_lib_python3_12_site-packages_PyQt6_Qt6_qml_QtQuick_Controls_FluentWinUI3_dark_images_progressbar-groove-disabled@3x_png["progressbar-groove-disabled@3x.png"]\n    Root --> node_venv["venv"]\n    node_venv --> node_venv_lib["lib"]\n    node_venv_lib --> node_venv_lib_python3_12["python3.12"]\n    node_venv_lib_python3_12 --> node_venv_lib_python3_12_site-packages["site-packages"]\n    node_venv_lib_python3_12_site-packages --> node_venv_lib_python3_12_site-packages_PyQt6["PyQt6"]\n    node_venv_lib_python3_12_site-packages_PyQt6 --> node_venv_lib_python3_12_site-packages_PyQt6_Qt6["Qt6"]\n    node_venv_lib_python3_12_site-packages_PyQt6_Qt6 --> node_venv_lib_python3_12_site-packages_PyQt6_Qt6_qml["qml"]\n    node_venv_lib_python3_12_site-packages_PyQt6_Qt6_qml --> node_venv_lib_python3_12_site-packages_PyQt6_Qt6_qml_QtQuick["QtQuick"]\n    node_venv_lib_python3_12_site-packages_PyQt6_Qt6_qml_QtQuick --> node_venv_lib_python3_12_site-packages_PyQt6_Qt6_qml_QtQuick_Controls["Controls"]\n    node_venv_lib_python3_12_site-packages_PyQt6_Qt6_qml_QtQuick_Controls --> node_venv_lib_python3_12_site-packages_PyQt6_Qt6_qml_QtQuick_Controls_FluentWinUI3["FluentWinUI3"]\n    node_venv_lib_python3_12_site-packages_PyQt6_Qt6_qml_QtQuick_Controls_FluentWinUI3 --> node_venv_lib_python3_12_site-packages_PyQt6_Qt6_qml_QtQuick_Controls_FluentWinUI3_dark["dark"]\n    node_venv_lib_python3_12_site-packages_PyQt6_Qt6_qml_QtQuick_Controls_FluentWinUI3_dark --> node_venv_lib_python3_12_site-packages_PyQt6_Qt6_qml_QtQuick_Controls_FluentWinUI3_dark_images["images"]\n    node_venv_lib_python3_12_site-packages_PyQt6_Qt6_qml_QtQuick_Controls_FluentWinUI3_dark_images --> node_venv_lib_python3_12_site-packages_PyQt6_Qt6_qml_QtQuick_Controls_FluentWinUI3_dark_images_progressbar-groove_png["progressbar-groove.png"]\n    Root --> node_venv["venv"]\n    node_venv --> node_venv_lib["lib"]\n    node_venv_lib --> node_venv_lib_python3_12["python3.12"]\n    node_venv_lib_python3_12 --> node_venv_lib_python3_12_site-packages["site-packages"]\n    node_venv_lib_python3_12_site-packages --> node_venv_lib_python3_12_site-packages_PyQt6["PyQt6"]\n    node_venv_lib_python3_12_site-packages_PyQt6 --> node_venv_lib_python3_12_site-packages_PyQt6_Qt6["Qt6"]\n    node_venv_lib_python3_12_site-packages_PyQt6_Qt6 --> node_venv_lib_python3_12_site-packages_PyQt6_Qt6_qml["qml"]\n    node_venv_lib_python3_12_site-packages_PyQt6_Qt6_qml --> node_venv_lib_python3_12_site-packages_PyQt6_Qt6_qml_QtQuick["QtQuick"]\n    node_venv_lib_python3_12_site-packages_PyQt6_Qt6_qml_QtQuick --> node_venv_lib_python3_12_site-packages_PyQt6_Qt6_qml_QtQuick_Controls["Controls"]\n    node_venv_lib_python3_12_site-packages_PyQt6_Qt6_qml_QtQuick_Controls --> node_venv_lib_python3_12_site-packages_PyQt6_Qt6_qml_QtQuick_Controls_FluentWinUI3["FluentWinUI3"]\n    node_venv_lib_python3_12_site-packages_PyQt6_Qt6_qml_QtQuick_Controls_FluentWinUI3 --> node_venv_lib_python3_12_site-packages_PyQt6_Qt6_qml_QtQuick_Controls_FluentWinUI3_dark["dark"]\n    node_venv_lib_python3_12_site-packages_PyQt6_Qt6_qml_QtQuick_Controls_FluentWinUI3_dark --> node_venv_lib_python3_12_site-packages_PyQt6_Qt6_qml_QtQuick_Controls_FluentWinUI3_dark_images["images"]\n    node_venv_lib_python3_12_site-packages_PyQt6_Qt6_qml_QtQuick_Controls_FluentWinUI3_dark_images --> node_venv_lib_python3_12_site-packages_PyQt6_Qt6_qml_QtQuick_Controls_FluentWinUI3_dark_images_progressbar-groove@2x_png["progressbar-groove@2x.png"]\n    Root --> node_venv["venv"]\n    node_venv --> node_venv_lib["lib"]\n    node_venv_lib --> node_venv_lib_python3_12["python3.12"]\n    node_venv_lib_python3_12 --> node_venv_lib_python3_12_site-packages["site-packages"]\n    node_venv_lib_python3_12_site-packages --> node_venv_lib_python3_12_site-packages_PyQt6["PyQt6"]\n    node_venv_lib_python3_12_site-packages_PyQt6 --> node_venv_lib_python3_12_site-packages_PyQt6_Qt6["Qt6"]\n    node_venv_lib_python3_12_site-packages_PyQt6_Qt6 --> node_venv_lib_python3_12_site-packages_PyQt6_Qt6_qml["qml"]\n    node_venv_lib_python3_12_site-packages_PyQt6_Qt6_qml --> node_venv_lib_python3_12_site-packages_PyQt6_Qt6_qml_QtQuick["QtQuick"]\n    node_venv_lib_python3_12_site-packages_PyQt6_Qt6_qml_QtQuick --> node_venv_lib_python3_12_site-packages_PyQt6_Qt6_qml_QtQuick_Controls["Controls"]\n    node_venv_lib_python3_12_site-packages_PyQt6_Qt6_qml_QtQuick_Controls --> node_venv_lib_python3_12_site-packages_PyQt6_Qt6_qml_QtQuick_Controls_FluentWinUI3["FluentWinUI3"]\n    node_venv_lib_python3_12_site-packages_PyQt6_Qt6_qml_QtQuick_Controls_FluentWinUI3 --> node_venv_lib_python3_12_site-packages_PyQt6_Qt6_qml_QtQuick_Controls_FluentWinUI3_dark["dark"]\n    node_venv_lib_python3_12_site-packages_PyQt6_Qt6_qml_QtQuick_Controls_FluentWinUI3_dark --> node_venv_lib_python3_12_site-packages_PyQt6_Qt6_qml_QtQuick_Controls_FluentWinUI3_dark_images["images"]\n    node_venv_lib_python3_12_site-packages_PyQt6_Qt6_qml_QtQuick_Controls_FluentWinUI3_dark_images --> node_venv_lib_python3_12_site-packages_PyQt6_Qt6_qml_QtQuick_Controls_FluentWinUI3_dark_images_progressbar-groove@3x_png["progressbar-groove@3x.png"]\n    Root --> node_venv["venv"]\n    node_venv --> node_venv_lib["lib"]\n    node_venv_lib --> node_venv_lib_python3_12["python3.12"]\n    node_venv_lib_python3_12 --> node_venv_lib_python3_12_site-packages["site-packages"]\n    node_venv_lib_python3_12_site-packages --> node_venv_lib_python3_12_site-packages_PyQt6["PyQt6"]\n    node_venv_lib_python3_12_site-packages_PyQt6 --> node_venv_lib_python3_12_site-packages_PyQt6_Qt6["Qt6"]\n    node_venv_lib_python3_12_site-packages_PyQt6_Qt6 --> node_venv_lib_python3_12_site-packages_PyQt6_Qt6_qml["qml"]\n    node_venv_lib_python3_12_site-packages_PyQt6_Qt6_qml --> node_venv_lib_python3_12_site-packages_PyQt6_Qt6_qml_QtQuick["QtQuick"]\n    node_venv_lib_python3_12_site-packages_PyQt6_Qt6_qml_QtQuick --> node_venv_lib_python3_12_site-packages_PyQt6_Qt6_qml_QtQuick_Controls["Controls"]\n    node_venv_lib_python3_12_site-packages_PyQt6_Qt6_qml_QtQuick_Controls --> node_venv_lib_python3_12_site-packages_PyQt6_Qt6_qml_QtQuick_Controls_FluentWinUI3["FluentWinUI3"]\n    node_venv_lib_python3_12_site-packages_PyQt6_Qt6_qml_QtQuick_Controls_FluentWinUI3 --> node_venv_lib_python3_12_site-packages_PyQt6_Qt6_qml_QtQuick_Controls_FluentWinUI3_dark["dark"]\n    node_venv_lib_python3_12_site-packages_PyQt6_Qt6_qml_QtQuick_Controls_FluentWinUI3_dark --> node_venv_lib_python3_12_site-packages_PyQt6_Qt6_qml_QtQuick_Controls_FluentWinUI3_dark_images["images"]\n    node_venv_lib_python3_12_site-packages_PyQt6_Qt6_qml_QtQuick_Controls_FluentWinUI3_dark_images --> node_venv_lib_python3_12_site-packages_PyQt6_Qt6_qml_QtQuick_Controls_FluentWinUI3_dark_images_radiobutton-indicator-checked-disabled_png["radiobutton-indicator-checked-disabled.png"]\n    Root --> node_venv["venv"]\n    node_venv --> node_venv_lib["lib"]\n    node_venv_lib --> node_venv_lib_python3_12["python3.12"]\n    node_venv_lib_python3_12 --> node_venv_lib_python3_12_site-packages["site-packages"]\n    node_venv_lib_python3_12_site-packages --> node_venv_lib_python3_12_site-packages_PyQt6["PyQt6"]\n    node_venv_lib_python3_12_site-packages_PyQt6 --> node_venv_lib_python3_12_site-packages_PyQt6_Qt6["Qt6"]\n    node_venv_lib_python3_12_site-packages_PyQt6_Qt6 --> node_venv_lib_python3_12_site-packages_PyQt6_Qt6_qml["qml"]\n    node_venv_lib_python3_12_site-packages_PyQt6_Qt6_qml --> node_venv_lib_python3_12_site-packages_PyQt6_Qt6_qml_QtQuick["QtQuick"]\n    node_venv_lib_python3_12_site-packages_PyQt6_Qt6_qml_QtQuick --> node_venv_lib_python3_12_site-packages_PyQt6_Qt6_qml_QtQuick_Controls["Controls"]\n    node_venv_lib_python3_12_site-packages_PyQt6_Qt6_qml_QtQuick_Controls --> node_venv_lib_python3_12_site-packages_PyQt6_Qt6_qml_QtQuick_Controls_FluentWinUI3["FluentWinUI3"]\n    node_venv_lib_python3_12_site-packages_PyQt6_Qt6_qml_QtQuick_Controls_FluentWinUI3 --> node_venv_lib_python3_12_site-packages_PyQt6_Qt6_qml_QtQuick_Controls_FluentWinUI3_dark["dark"]\n    node_venv_lib_python3_12_site-packages_PyQt6_Qt6_qml_QtQuick_Controls_FluentWinUI3_dark --> node_venv_lib_python3_12_site-packages_PyQt6_Qt6_qml_QtQuick_Controls_FluentWinUI3_dark_images["images"]\n    node_venv_lib_python3_12_site-packages_PyQt6_Qt6_qml_QtQuick_Controls_FluentWinUI3_dark_images --> node_venv_lib_python3_12_site-packages_PyQt6_Qt6_qml_QtQuick_Controls_FluentWinUI3_dark_images_radiobutton-indicator-checked-disabled@2x_png["radiobutton-indicator-checked-disabled@2x.png"]\n    Root --> node_venv["venv"]\n    node_venv --> node_venv_lib["lib"]\n    node_venv_lib --> node_venv_lib_python3_12["python3.12"]\n    node_venv_lib_python3_12 --> node_venv_lib_python3_12_site-packages["site-packages"]\n    node_venv_lib_python3_12_site-packages --> node_venv_lib_python3_12_site-packages_PyQt6["PyQt6"]\n    node_venv_lib_python3_12_site-packages_PyQt6 --> node_venv_lib_python3_12_site-packages_PyQt6_Qt6["Qt6"]\n    node_venv_lib_python3_12_site-packages_PyQt6_Qt6 --> node_venv_lib_python3_12_site-packages_PyQt6_Qt6_qml["qml"]\n    node_venv_lib_python3_12_site-packages_PyQt6_Qt6_qml --> node_venv_lib_python3_12_site-packages_PyQt6_Qt6_qml_QtQuick["QtQuick"]\n    node_venv_lib_python3_12_site-packages_PyQt6_Qt6_qml_QtQuick --> node_venv_lib_python3_12_site-packages_PyQt6_Qt6_qml_QtQuick_Controls["Controls"]\n    node_venv_lib_python3_12_site-packages_PyQt6_Qt6_qml_QtQuick_Controls --> node_venv_lib_python3_12_site-packages_PyQt6_Qt6_qml_QtQuick_Controls_FluentWinUI3["FluentWinUI3"]\n    node_venv_lib_python3_12_site-packages_PyQt6_Qt6_qml_QtQuick_Controls_FluentWinUI3 --> node_venv_lib_python3_12_site-packages_PyQt6_Qt6_qml_QtQuick_Controls_FluentWinUI3_dark["dark"]\n    node_venv_lib_python3_12_site-packages_PyQt6_Qt6_qml_QtQuick_Controls_FluentWinUI3_dark --> node_venv_lib_python3_12_site-packages_PyQt6_Qt6_qml_QtQuick_Controls_FluentWinUI3_dark_images["images"]\n    node_venv_lib_python3_12_site-packages_PyQt6_Qt6_qml_QtQuick_Controls_FluentWinUI3_dark_images --> node_venv_lib_python3_12_site-packages_PyQt6_Qt6_qml_QtQuick_Controls_FluentWinUI3_dark_images_radiobutton-indicator-checked-disabled@3x_png["radiobutton-indicator-checked-disabled@3x.png"]\n    Root --> node_venv["venv"]\n    node_venv --> node_venv_lib["lib"]\n    node_venv_lib --> node_venv_lib_python3_12["python3.12"]\n    node_venv_lib_python3_12 --> node_venv_lib_python3_12_site-packages["site-packages"]\n    node_venv_lib_python3_12_site-packages --> node_venv_lib_python3_12_site-packages_PyQt6["PyQt6"]\n    node_venv_lib_python3_12_site-packages_PyQt6 --> node_venv_lib_python3_12_site-packages_PyQt6_Qt6["Qt6"]\n    node_venv_lib_python3_12_site-packages_PyQt6_Qt6 --> node_venv_lib_python3_12_site-packages_PyQt6_Qt6_qml["qml"]\n    node_venv_lib_python3_12_site-packages_PyQt6_Qt6_qml --> node_venv_lib_python3_12_site-packages_PyQt6_Qt6_qml_QtQuick["QtQuick"]\n    node_venv_lib_python3_12_site-packages_PyQt6_Qt6_qml_QtQuick --> node_venv_lib_python3_12_site-packages_PyQt6_Qt6_qml_QtQuick_Controls["Controls"]\n    node_venv_lib_python3_12_site-packages_PyQt6_Qt6_qml_QtQuick_Controls --> node_venv_lib_python3_12_site-packages_PyQt6_Qt6_qml_QtQuick_Controls_FluentWinUI3["FluentWinUI3"]\n    node_venv_lib_python3_12_site-packages_PyQt6_Qt6_qml_QtQuick_Controls_FluentWinUI3 --> node_venv_lib_python3_12_site-packages_PyQt6_Qt6_qml_QtQuick_Controls_FluentWinUI3_dark["dark"]\n    node_venv_lib_python3_12_site-packages_PyQt6_Qt6_qml_QtQuick_Controls_FluentWinUI3_dark --> node_venv_lib_python3_12_site-packages_PyQt6_Qt6_qml_QtQuick_Controls_FluentWinUI3_dark_images["images"]\n    node_venv_lib_python3_12_site-packages_PyQt6_Qt6_qml_QtQuick_Controls_FluentWinUI3_dark_images --> node_venv_lib_python3_12_site-packages_PyQt6_Qt6_qml_QtQuick_Controls_FluentWinUI3_dark_images_radiobutton-indicator-checked-hovered_png["radiobutton-indicator-checked-hovered.png"]\n    Root --> node_venv["venv"]\n    node_venv --> node_venv_lib["lib"]\n    node_venv_lib --> node_venv_lib_python3_12["python3.12"]\n    node_venv_lib_python3_12 --> node_venv_lib_python3_12_site-packages["site-packages"]\n    node_venv_lib_python3_12_site-packages --> node_venv_lib_python3_12_site-packages_PyQt6["PyQt6"]\n    node_venv_lib_python3_12_site-packages_PyQt6 --> node_venv_lib_python3_12_site-packages_PyQt6_Qt6["Qt6"]\n    node_venv_lib_python3_12_site-packages_PyQt6_Qt6 --> node_venv_lib_python3_12_site-packages_PyQt6_Qt6_qml["qml"]\n    node_venv_lib_python3_12_site-packages_PyQt6_Qt6_qml --> node_venv_lib_python3_12_site-packages_PyQt6_Qt6_qml_QtQuick["QtQuick"]\n    node_venv_lib_python3_12_site-packages_PyQt6_Qt6_qml_QtQuick --> node_venv_lib_python3_12_site-packages_PyQt6_Qt6_qml_QtQuick_Controls["Controls"]\n    node_venv_lib_python3_12_site-packages_PyQt6_Qt6_qml_QtQuick_Controls --> node_venv_lib_python3_12_site-packages_PyQt6_Qt6_qml_QtQuick_Controls_FluentWinUI3["FluentWinUI3"]\n    node_venv_lib_python3_12_site-packages_PyQt6_Qt6_qml_QtQuick_Controls_FluentWinUI3 --> node_venv_lib_python3_12_site-packages_PyQt6_Qt6_qml_QtQuick_Controls_FluentWinUI3_dark["dark"]\n    node_venv_lib_python3_12_site-packages_PyQt6_Qt6_qml_QtQuick_Controls_FluentWinUI3_dark --> node_venv_lib_python3_12_site-packages_PyQt6_Qt6_qml_QtQuick_Controls_FluentWinUI3_dark_images["images"]\n    node_venv_lib_python3_12_site-packages_PyQt6_Qt6_qml_QtQuick_Controls_FluentWinUI3_dark_images --> node_venv_lib_python3_12_site-packages_PyQt6_Qt6_qml_QtQuick_Controls_FluentWinUI3_dark_images_radiobutton-indicator-checked-hovered@2x_png["radiobutton-indicator-checked-hovered@2x.png"]\n    Root --> node_venv["venv"]\n    node_venv --> node_venv_lib["lib"]\n    node_venv_lib --> node_venv_lib_python3_12["python3.12"]\n    node_venv_lib_python3_12 --> node_venv_lib_python3_12_site-packages["site-packages"]\n    node_venv_lib_python3_12_site-packages --> node_venv_lib_python3_12_site-packages_PyQt6["PyQt6"]\n    node_venv_lib_python3_12_site-packages_PyQt6 --> node_venv_lib_python3_12_site-packages_PyQt6_Qt6["Qt6"]\n    node_venv_lib_python3_12_site-packages_PyQt6_Qt6 --> node_venv_lib_python3_12_site-packages_PyQt6_Qt6_qml["qml"]\n    node_venv_lib_python3_12_site-packages_PyQt6_Qt6_qml --> node_venv_lib_python3_12_site-packages_PyQt6_Qt6_qml_QtQuick["QtQuick"]\n    node_venv_lib_python3_12_site-packages_PyQt6_Qt6_qml_QtQuick --> node_venv_lib_python3_12_site-packages_PyQt6_Qt6_qml_QtQuick_Controls["Controls"]\n    node_venv_lib_python3_12_site-packages_PyQt6_Qt6_qml_QtQuick_Controls --> node_venv_lib_python3_12_site-packages_PyQt6_Qt6_qml_QtQuick_Controls_FluentWinUI3["FluentWinUI3"]\n    node_venv_lib_python3_12_site-packages_PyQt6_Qt6_qml_QtQuick_Controls_FluentWinUI3 --> node_venv_lib_python3_12_site-packages_PyQt6_Qt6_qml_QtQuick_Controls_FluentWinUI3_dark["dark"]\n    node_venv_lib_python3_12_site-packages_PyQt6_Qt6_qml_QtQuick_Controls_FluentWinUI3_dark --> node_venv_lib_python3_12_site-packages_PyQt6_Qt6_qml_QtQuick_Controls_FluentWinUI3_dark_images["images"]\n    node_venv_lib_python3_12_site-packages_PyQt6_Qt6_qml_QtQuick_Controls_FluentWinUI3_dark_images --> node_venv_lib_python3_12_site-packages_PyQt6_Qt6_qml_QtQuick_Controls_FluentWinUI3_dark_images_radiobutton-indicator-checked-hovered@3x_png["radiobutton-indicator-checked-hovered@3x.png"]\n    Root --> node_venv["venv"]\n    node_venv --> node_venv_lib["lib"]\n    node_venv_lib --> node_venv_lib_python3_12["python3.12"]\n    node_venv_lib_python3_12 --> node_venv_lib_python3_12_site-packages["site-packages"]\n    node_venv_lib_python3_12_site-packages --> node_venv_lib_python3_12_site-packages_PyQt6["PyQt6"]\n    node_venv_lib_python3_12_site-packages_PyQt6 --> node_venv_lib_python3_12_site-packages_PyQt6_Qt6["Qt6"]\n    node_venv_lib_python3_12_site-packages_PyQt6_Qt6 --> node_venv_lib_python3_12_site-packages_PyQt6_Qt6_qml["qml"]\n    node_venv_lib_python3_12_site-packages_PyQt6_Qt6_qml --> node_venv_lib_python3_12_site-packages_PyQt6_Qt6_qml_QtQuick["QtQuick"]\n    node_venv_lib_python3_12_site-packages_PyQt6_Qt6_qml_QtQuick --> node_venv_lib_python3_12_site-packages_PyQt6_Qt6_qml_QtQuick_Controls["Controls"]\n    node_venv_lib_python3_12_site-packages_PyQt6_Qt6_qml_QtQuick_Controls --> node_venv_lib_python3_12_site-packages_PyQt6_Qt6_qml_QtQuick_Controls_FluentWinUI3["FluentWinUI3"]\n    node_venv_lib_python3_12_site-packages_PyQt6_Qt6_qml_QtQuick_Controls_FluentWinUI3 --> node_venv_lib_python3_12_site-packages_PyQt6_Qt6_qml_QtQuick_Controls_FluentWinUI3_dark["dark"]\n    node_venv_lib_python3_12_site-packages_PyQt6_Qt6_qml_QtQuick_Controls_FluentWinUI3_dark --> node_venv_lib_python3_12_site-packages_PyQt6_Qt6_qml_QtQuick_Controls_FluentWinUI3_dark_images["images"]\n    node_venv_lib_python3_12_site-packages_PyQt6_Qt6_qml_QtQuick_Controls_FluentWinUI3_dark_images --> node_venv_lib_python3_12_site-packages_PyQt6_Qt6_qml_QtQuick_Controls_FluentWinUI3_dark_images_radiobutton-indicator-checked-pressed_png["radiobutton-indicator-checked-pressed.png"]\n    Root --> node_venv["venv"]\n    node_venv --> node_venv_lib["lib"]\n    node_venv_lib --> node_venv_lib_python3_12["python3.12"]\n    node_venv_lib_python3_12 --> node_venv_lib_python3_12_site-packages["site-packages"]\n    node_venv_lib_python3_12_site-packages --> node_venv_lib_python3_12_site-packages_PyQt6["PyQt6"]\n    node_venv_lib_python3_12_site-packages_PyQt6 --> node_venv_lib_python3_12_site-packages_PyQt6_Qt6["Qt6"]\n    node_venv_lib_python3_12_site-packages_PyQt6_Qt6 --> node_venv_lib_python3_12_site-packages_PyQt6_Qt6_qml["qml"]\n    node_venv_lib_python3_12_site-packages_PyQt6_Qt6_qml --> node_venv_lib_python3_12_site-packages_PyQt6_Qt6_qml_QtQuick["QtQuick"]\n    node_venv_lib_python3_12_site-packages_PyQt6_Qt6_qml_QtQuick --> node_venv_lib_python3_12_site-packages_PyQt6_Qt6_qml_QtQuick_Controls["Controls"]\n    node_venv_lib_python3_12_site-packages_PyQt6_Qt6_qml_QtQuick_Controls --> node_venv_lib_python3_12_site-packages_PyQt6_Qt6_qml_QtQuick_Controls_FluentWinUI3["FluentWinUI3"]\n    node_venv_lib_python3_12_site-packages_PyQt6_Qt6_qml_QtQuick_Controls_FluentWinUI3 --> node_venv_lib_python3_12_site-packages_PyQt6_Qt6_qml_QtQuick_Controls_FluentWinUI3_dark["dark"]\n    node_venv_lib_python3_12_site-packages_PyQt6_Qt6_qml_QtQuick_Controls_FluentWinUI3_dark --> node_venv_lib_python3_12_site-packages_PyQt6_Qt6_qml_QtQuick_Controls_FluentWinUI3_dark_images["images"]\n    node_venv_lib_python3_12_site-packages_PyQt6_Qt6_qml_QtQuick_Controls_FluentWinUI3_dark_images --> node_venv_lib_python3_12_site-packages_PyQt6_Qt6_qml_QtQuick_Controls_FluentWinUI3_dark_images_radiobutton-indicator-checked-pressed@2x_png["radiobutton-indicator-checked-pressed@2x.png"]\n    Root --> node_venv["venv"]\n    node_venv --> node_venv_lib["lib"]\n    node_venv_lib --> node_venv_lib_python3_12["python3.12"]\n    node_venv_lib_python3_12 --> node_venv_lib_python3_12_site-packages["site-packages"]\n    node_venv_lib_python3_12_site-packages --> node_venv_lib_python3_12_site-packages_PyQt6["PyQt6"]\n    node_venv_lib_python3_12_site-packages_PyQt6 --> node_venv_lib_python3_12_site-packages_PyQt6_Qt6["Qt6"]\n    node_venv_lib_python3_12_site-packages_PyQt6_Qt6 --> node_venv_lib_python3_12_site-packages_PyQt6_Qt6_qml["qml"]\n    node_venv_lib_python3_12_site-packages_PyQt6_Qt6_qml --> node_venv_lib_python3_12_site-packages_PyQt6_Qt6_qml_QtQuick["QtQuick"]\n    node_venv_lib_python3_12_site-packages_PyQt6_Qt6_qml_QtQuick --> node_venv_lib_python3_12_site-packages_PyQt6_Qt6_qml_QtQuick_Controls["Controls"]\n    node_venv_lib_python3_12_site-packages_PyQt6_Qt6_qml_QtQuick_Controls --> node_venv_lib_python3_12_site-packages_PyQt6_Qt6_qml_QtQuick_Controls_FluentWinUI3["FluentWinUI3"]\n    node_venv_lib_python3_12_site-packages_PyQt6_Qt6_qml_QtQuick_Controls_FluentWinUI3 --> node_venv_lib_python3_12_site-packages_PyQt6_Qt6_qml_QtQuick_Controls_FluentWinUI3_dark["dark"]\n    node_venv_lib_python3_12_site-packages_PyQt6_Qt6_qml_QtQuick_Controls_FluentWinUI3_dark --> node_venv_lib_python3_12_site-packages_PyQt6_Qt6_qml_QtQuick_Controls_FluentWinUI3_dark_images["images"]\n    node_venv_lib_python3_12_site-packages_PyQt6_Qt6_qml_QtQuick_Controls_FluentWinUI3_dark_images --> node_venv_lib_python3_12_site-packages_PyQt6_Qt6_qml_QtQuick_Controls_FluentWinUI3_dark_images_radiobutton-indicator-checked-pressed@3x_png["radiobutton-indicator-checked-pressed@3x.png"]\n    Root --> node_venv["venv"]\n    node_venv --> node_venv_lib["lib"]\n    node_venv_lib --> node_venv_lib_python3_12["python3.12"]\n    node_venv_lib_python3_12 --> node_venv_lib_python3_12_site-packages["site-packages"]\n    node_venv_lib_python3_12_site-packages --> node_venv_lib_python3_12_site-packages_PyQt6["PyQt6"]\n    node_venv_lib_python3_12_site-packages_PyQt6 --> node_venv_lib_python3_12_site-packages_PyQt6_Qt6["Qt6"]\n    node_venv_lib_python3_12_site-packages_PyQt6_Qt6 --> node_venv_lib_python3_12_site-packages_PyQt6_Qt6_qml["qml"]\n    node_venv_lib_python3_12_site-packages_PyQt6_Qt6_qml --> node_venv_lib_python3_12_site-packages_PyQt6_Qt6_qml_QtQuick["QtQuick"]\n    node_venv_lib_python3_12_site-packages_PyQt6_Qt6_qml_QtQuick --> node_venv_lib_python3_12_site-packages_PyQt6_Qt6_qml_QtQuick_Controls["Controls"]\n    node_venv_lib_python3_12_site-packages_PyQt6_Qt6_qml_QtQuick_Controls --> node_venv_lib_python3_12_site-packages_PyQt6_Qt6_qml_QtQuick_Controls_FluentWinUI3["FluentWinUI3"]\n    node_venv_lib_python3_12_site-packages_PyQt6_Qt6_qml_QtQuick_Controls_FluentWinUI3 --> node_venv_lib_python3_12_site-packages_PyQt6_Qt6_qml_QtQuick_Controls_FluentWinUI3_dark["dark"]\n    node_venv_lib_python3_12_site-packages_PyQt6_Qt6_qml_QtQuick_Controls_FluentWinUI3_dark --> node_venv_lib_python3_12_site-packages_PyQt6_Qt6_qml_QtQuick_Controls_FluentWinUI3_dark_images["images"]\n    node_venv_lib_python3_12_site-packages_PyQt6_Qt6_qml_QtQuick_Controls_FluentWinUI3_dark_images --> node_venv_lib_python3_12_site-packages_PyQt6_Qt6_qml_QtQuick_Controls_FluentWinUI3_dark_images_radiobutton-indicator-checked_png["radiobutton-indicator-checked.png"]\n    Root --> node_venv["venv"]\n    node_venv --> node_venv_lib["lib"]\n    node_venv_lib --> node_venv_lib_python3_12["python3.12"]\n    node_venv_lib_python3_12 --> node_venv_lib_python3_12_site-packages["site-packages"]\n    node_venv_lib_python3_12_site-packages --> node_venv_lib_python3_12_site-packages_PyQt6["PyQt6"]\n    node_venv_lib_python3_12_site-packages_PyQt6 --> node_venv_lib_python3_12_site-packages_PyQt6_Qt6["Qt6"]\n    node_venv_lib_python3_12_site-packages_PyQt6_Qt6 --> node_venv_lib_python3_12_site-packages_PyQt6_Qt6_qml["qml"]\n    node_venv_lib_python3_12_site-packages_PyQt6_Qt6_qml --> node_venv_lib_python3_12_site-packages_PyQt6_Qt6_qml_QtQuick["QtQuick"]\n    node_venv_lib_python3_12_site-packages_PyQt6_Qt6_qml_QtQuick --> node_venv_lib_python3_12_site-packages_PyQt6_Qt6_qml_QtQuick_Controls["Controls"]\n    node_venv_lib_python3_12_site-packages_PyQt6_Qt6_qml_QtQuick_Controls --> node_venv_lib_python3_12_site-packages_PyQt6_Qt6_qml_QtQuick_Controls_FluentWinUI3["FluentWinUI3"]\n    node_venv_lib_python3_12_site-packages_PyQt6_Qt6_qml_QtQuick_Controls_FluentWinUI3 --> node_venv_lib_python3_12_site-packages_PyQt6_Qt6_qml_QtQuick_Controls_FluentWinUI3_dark["dark"]\n    node_venv_lib_python3_12_site-packages_PyQt6_Qt6_qml_QtQuick_Controls_FluentWinUI3_dark --> node_venv_lib_python3_12_site-packages_PyQt6_Qt6_qml_QtQuick_Controls_FluentWinUI3_dark_images["images"]\n    node_venv_lib_python3_12_site-packages_PyQt6_Qt6_qml_QtQuick_Controls_FluentWinUI3_dark_images --> node_venv_lib_python3_12_site-packages_PyQt6_Qt6_qml_QtQuick_Controls_FluentWinUI3_dark_images_radiobutton-indicator-checked@2x_png["radiobutton-indicator-checked@2x.png"]\n    Root --> node_venv["venv"]\n    node_venv --> node_venv_lib["lib"]\n    node_venv_lib --> node_venv_lib_python3_12["python3.12"]\n    node_venv_lib_python3_12 --> node_venv_lib_python3_12_site-packages["site-packages"]\n    node_venv_lib_python3_12_site-packages --> node_venv_lib_python3_12_site-packages_PyQt6["PyQt6"]\n    node_venv_lib_python3_12_site-packages_PyQt6 --> node_venv_lib_python3_12_site-packages_PyQt6_Qt6["Qt6"]\n    node_venv_lib_python3_12_site-packages_PyQt6_Qt6 --> node_venv_lib_python3_12_site-packages_PyQt6_Qt6_qml["qml"]\n    node_venv_lib_python3_12_site-packages_PyQt6_Qt6_qml --> node_venv_lib_python3_12_site-packages_PyQt6_Qt6_qml_QtQuick["QtQuick"]\n    node_venv_lib_python3_12_site-packages_PyQt6_Qt6_qml_QtQuick --> node_venv_lib_python3_12_site-packages_PyQt6_Qt6_qml_QtQuick_Controls["Controls"]\n    node_venv_lib_python3_12_site-packages_PyQt6_Qt6_qml_QtQuick_Controls --> node_venv_lib_python3_12_site-packages_PyQt6_Qt6_qml_QtQuick_Controls_FluentWinUI3["FluentWinUI3"]\n    node_venv_lib_python3_12_site-packages_PyQt6_Qt6_qml_QtQuick_Controls_FluentWinUI3 --> node_venv_lib_python3_12_site-packages_PyQt6_Qt6_qml_QtQuick_Controls_FluentWinUI3_dark["dark"]\n    node_venv_lib_python3_12_site-packages_PyQt6_Qt6_qml_QtQuick_Controls_FluentWinUI3_dark --> node_venv_lib_python3_12_site-packages_PyQt6_Qt6_qml_QtQuick_Controls_FluentWinUI3_dark_images["images"]\n    node_venv_lib_python3_12_site-packages_PyQt6_Qt6_qml_QtQuick_Controls_FluentWinUI3_dark_images --> node_venv_lib_python3_12_site-packages_PyQt6_Qt6_qml_QtQuick_Controls_FluentWinUI3_dark_images_radiobutton-indicator-checked@3x_png["radiobutton-indicator-checked@3x.png"]\n    Root --> node_venv["venv"]\n    node_venv --> node_venv_lib["lib"]\n    node_venv_lib --> node_venv_lib_python3_12["python3.12"]\n    node_venv_lib_python3_12 --> node_venv_lib_python3_12_site-packages["site-packages"]\n    node_venv_lib_python3_12_site-packages --> node_venv_lib_python3_12_site-packages_PyQt6["PyQt6"]\n    node_venv_lib_python3_12_site-packages_PyQt6 --> node_venv_lib_python3_12_site-packages_PyQt6_Qt6["Qt6"]\n    node_venv_lib_python3_12_site-packages_PyQt6_Qt6 --> node_venv_lib_python3_12_site-packages_PyQt6_Qt6_qml["qml"]\n    node_venv_lib_python3_12_site-packages_PyQt6_Qt6_qml --> node_venv_lib_python3_12_site-packages_PyQt6_Qt6_qml_QtQuick["QtQuick"]\n    node_venv_lib_python3_12_site-packages_PyQt6_Qt6_qml_QtQuick --> node_venv_lib_python3_12_site-packages_PyQt6_Qt6_qml_QtQuick_Controls["Controls"]\n    node_venv_lib_python3_12_site-packages_PyQt6_Qt6_qml_QtQuick_Controls --> node_venv_lib_python3_12_site-packages_PyQt6_Qt6_qml_QtQuick_Controls_FluentWinUI3["FluentWinUI3"]\n    node_venv_lib_python3_12_site-packages_PyQt6_Qt6_qml_QtQuick_Controls_FluentWinUI3 --> node_venv_lib_python3_12_site-packages_PyQt6_Qt6_qml_QtQuick_Controls_FluentWinUI3_dark["dark"]\n    node_venv_lib_python3_12_site-packages_PyQt6_Qt6_qml_QtQuick_Controls_FluentWinUI3_dark --> node_venv_lib_python3_12_site-packages_PyQt6_Qt6_qml_QtQuick_Controls_FluentWinUI3_dark_images["images"]\n    node_venv_lib_python3_12_site-packages_PyQt6_Qt6_qml_QtQuick_Controls_FluentWinUI3_dark_images --> node_venv_lib_python3_12_site-packages_PyQt6_Qt6_qml_QtQuick_Controls_FluentWinUI3_dark_images_radiobutton-indicator-disabled_png["radiobutton-indicator-disabled.png"]\n    Root --> node_venv["venv"]\n    node_venv --> node_venv_lib["lib"]\n    node_venv_lib --> node_venv_lib_python3_12["python3.12"]\n    node_venv_lib_python3_12 --> node_venv_lib_python3_12_site-packages["site-packages"]\n    node_venv_lib_python3_12_site-packages --> node_venv_lib_python3_12_site-packages_PyQt6["PyQt6"]\n    node_venv_lib_python3_12_site-packages_PyQt6 --> node_venv_lib_python3_12_site-packages_PyQt6_Qt6["Qt6"]\n    node_venv_lib_python3_12_site-packages_PyQt6_Qt6 --> node_venv_lib_python3_12_site-packages_PyQt6_Qt6_qml["qml"]\n    node_venv_lib_python3_12_site-packages_PyQt6_Qt6_qml --> node_venv_lib_python3_12_site-packages_PyQt6_Qt6_qml_QtQuick["QtQuick"]\n    node_venv_lib_python3_12_site-packages_PyQt6_Qt6_qml_QtQuick --> node_venv_lib_python3_12_site-packages_PyQt6_Qt6_qml_QtQuick_Controls["Controls"]\n    node_venv_lib_python3_12_site-packages_PyQt6_Qt6_qml_QtQuick_Controls --> node_venv_lib_python3_12_site-packages_PyQt6_Qt6_qml_QtQuick_Controls_FluentWinUI3["FluentWinUI3"]\n    node_venv_lib_python3_12_site-packages_PyQt6_Qt6_qml_QtQuick_Controls_FluentWinUI3 --> node_venv_lib_python3_12_site-packages_PyQt6_Qt6_qml_QtQuick_Controls_FluentWinUI3_dark["dark"]\n    node_venv_lib_python3_12_site-packages_PyQt6_Qt6_qml_QtQuick_Controls_FluentWinUI3_dark --> node_venv_lib_python3_12_site-packages_PyQt6_Qt6_qml_QtQuick_Controls_FluentWinUI3_dark_images["images"]\n    node_venv_lib_python3_12_site-packages_PyQt6_Qt6_qml_QtQuick_Controls_FluentWinUI3_dark_images --> node_venv_lib_python3_12_site-packages_PyQt6_Qt6_qml_QtQuick_Controls_FluentWinUI3_dark_images_radiobutton-indicator-disabled@2x_png["radiobutton-indicator-disabled@2x.png"]\n    Root --> node_venv["venv"]\n    node_venv --> node_venv_lib["lib"]\n    node_venv_lib --> node_venv_lib_python3_12["python3.12"]\n    node_venv_lib_python3_12 --> node_venv_lib_python3_12_site-packages["site-packages"]\n    node_venv_lib_python3_12_site-packages --> node_venv_lib_python3_12_site-packages_PyQt6["PyQt6"]\n    node_venv_lib_python3_12_site-packages_PyQt6 --> node_venv_lib_python3_12_site-packages_PyQt6_Qt6["Qt6"]\n    node_venv_lib_python3_12_site-packages_PyQt6_Qt6 --> node_venv_lib_python3_12_site-packages_PyQt6_Qt6_qml["qml"]\n    node_venv_lib_python3_12_site-packages_PyQt6_Qt6_qml --> node_venv_lib_python3_12_site-packages_PyQt6_Qt6_qml_QtQuick["QtQuick"]\n    node_venv_lib_python3_12_site-packages_PyQt6_Qt6_qml_QtQuick --> node_venv_lib_python3_12_site-packages_PyQt6_Qt6_qml_QtQuick_Controls["Controls"]\n    node_venv_lib_python3_12_site-packages_PyQt6_Qt6_qml_QtQuick_Controls --> node_venv_lib_python3_12_site-packages_PyQt6_Qt6_qml_QtQuick_Controls_FluentWinUI3["FluentWinUI3"]\n    node_venv_lib_python3_12_site-packages_PyQt6_Qt6_qml_QtQuick_Controls_FluentWinUI3 --> node_venv_lib_python3_12_site-packages_PyQt6_Qt6_qml_QtQuick_Controls_FluentWinUI3_dark["dark"]\n    node_venv_lib_python3_12_site-packages_PyQt6_Qt6_qml_QtQuick_Controls_FluentWinUI3_dark --> node_venv_lib_python3_12_site-packages_PyQt6_Qt6_qml_QtQuick_Controls_FluentWinUI3_dark_images["images"]\n    node_venv_lib_python3_12_site-packages_PyQt6_Qt6_qml_QtQuick_Controls_FluentWinUI3_dark_images --> node_venv_lib_python3_12_site-packages_PyQt6_Qt6_qml_QtQuick_Controls_FluentWinUI3_dark_images_radiobutton-indicator-disabled@3x_png["radiobutton-indicator-disabled@3x.png"]\n    Root --> node_venv["venv"]\n    node_venv --> node_venv_lib["lib"]\n    node_venv_lib --> node_venv_lib_python3_12["python3.12"]\n    node_venv_lib_python3_12 --> node_venv_lib_python3_12_site-packages["site-packages"]\n    node_venv_lib_python3_12_site-packages --> node_venv_lib_python3_12_site-packages_PyQt6["PyQt6"]\n    node_venv_lib_python3_12_site-packages_PyQt6 --> node_venv_lib_python3_12_site-packages_PyQt6_Qt6["Qt6"]\n    node_venv_lib_python3_12_site-packages_PyQt6_Qt6 --> node_venv_lib_python3_12_site-packages_PyQt6_Qt6_qml["qml"]\n    node_venv_lib_python3_12_site-packages_PyQt6_Qt6_qml --> node_venv_lib_python3_12_site-packages_PyQt6_Qt6_qml_QtQuick["QtQuick"]\n    node_venv_lib_python3_12_site-packages_PyQt6_Qt6_qml_QtQuick --> node_venv_lib_python3_12_site-packages_PyQt6_Qt6_qml_QtQuick_Controls["Controls"]\n    node_venv_lib_python3_12_site-packages_PyQt6_Qt6_qml_QtQuick_Controls --> node_venv_lib_python3_12_site-packages_PyQt6_Qt6_qml_QtQuick_Controls_FluentWinUI3["FluentWinUI3"]\n    node_venv_lib_python3_12_site-packages_PyQt6_Qt6_qml_QtQuick_Controls_FluentWinUI3 --> node_venv_lib_python3_12_site-packages_PyQt6_Qt6_qml_QtQuick_Controls_FluentWinUI3_dark["dark"]\n    node_venv_lib_python3_12_site-packages_PyQt6_Qt6_qml_QtQuick_Controls_FluentWinUI3_dark --> node_venv_lib_python3_12_site-packages_PyQt6_Qt6_qml_QtQuick_Controls_FluentWinUI3_dark_images["images"]\n    node_venv_lib_python3_12_site-packages_PyQt6_Qt6_qml_QtQuick_Controls_FluentWinUI3_dark_images --> node_venv_lib_python3_12_site-packages_PyQt6_Qt6_qml_QtQuick_Controls_FluentWinUI3_dark_images_radiobutton-indicator-hovered_png["radiobutton-indicator-hovered.png"]\n    Root --> node_venv["venv"]\n    node_venv --> node_venv_lib["lib"]\n    node_venv_lib --> node_venv_lib_python3_12["python3.12"]\n    node_venv_lib_python3_12 --> node_venv_lib_python3_12_site-packages["site-packages"]\n    node_venv_lib_python3_12_site-packages --> node_venv_lib_python3_12_site-packages_PyQt6["PyQt6"]\n    node_venv_lib_python3_12_site-packages_PyQt6 --> node_venv_lib_python3_12_site-packages_PyQt6_Qt6["Qt6"]\n    node_venv_lib_python3_12_site-packages_PyQt6_Qt6 --> node_venv_lib_python3_12_site-packages_PyQt6_Qt6_qml["qml"]\n    node_venv_lib_python3_12_site-packages_PyQt6_Qt6_qml --> node_venv_lib_python3_12_site-packages_PyQt6_Qt6_qml_QtQuick["QtQuick"]\n    node_venv_lib_python3_12_site-packages_PyQt6_Qt6_qml_QtQuick --> node_venv_lib_python3_12_site-packages_PyQt6_Qt6_qml_QtQuick_Controls["Controls"]\n    node_venv_lib_python3_12_site-packages_PyQt6_Qt6_qml_QtQuick_Controls --> node_venv_lib_python3_12_site-packages_PyQt6_Qt6_qml_QtQuick_Controls_FluentWinUI3["FluentWinUI3"]\n    node_venv_lib_python3_12_site-packages_PyQt6_Qt6_qml_QtQuick_Controls_FluentWinUI3 --> node_venv_lib_python3_12_site-packages_PyQt6_Qt6_qml_QtQuick_Controls_FluentWinUI3_dark["dark"]\n    node_venv_lib_python3_12_site-packages_PyQt6_Qt6_qml_QtQuick_Controls_FluentWinUI3_dark --> node_venv_lib_python3_12_site-packages_PyQt6_Qt6_qml_QtQuick_Controls_FluentWinUI3_dark_images["images"]\n    node_venv_lib_python3_12_site-packages_PyQt6_Qt6_qml_QtQuick_Controls_FluentWinUI3_dark_images --> node_venv_lib_python3_12_site-packages_PyQt6_Qt6_qml_QtQuick_Controls_FluentWinUI3_dark_images_radiobutton-indicator-hovered@2x_png["radiobutton-indicator-hovered@2x.png"]\n    Root --> node_venv["venv"]\n    node_venv --> node_venv_lib["lib"]\n    node_venv_lib --> node_venv_lib_python3_12["python3.12"]\n    node_venv_lib_python3_12 --> node_venv_lib_python3_12_site-packages["site-packages"]\n    node_venv_lib_python3_12_site-packages --> node_venv_lib_python3_12_site-packages_PyQt6["PyQt6"]\n    node_venv_lib_python3_12_site-packages_PyQt6 --> node_venv_lib_python3_12_site-packages_PyQt6_Qt6["Qt6"]\n    node_venv_lib_python3_12_site-packages_PyQt6_Qt6 --> node_venv_lib_python3_12_site-packages_PyQt6_Qt6_qml["qml"]\n    node_venv_lib_python3_12_site-packages_PyQt6_Qt6_qml --> node_venv_lib_python3_12_site-packages_PyQt6_Qt6_qml_QtQuick["QtQuick"]\n    node_venv_lib_python3_12_site-packages_PyQt6_Qt6_qml_QtQuick --> node_venv_lib_python3_12_site-packages_PyQt6_Qt6_qml_QtQuick_Controls["Controls"]\n    node_venv_lib_python3_12_site-packages_PyQt6_Qt6_qml_QtQuick_Controls --> node_venv_lib_python3_12_site-packages_PyQt6_Qt6_qml_QtQuick_Controls_FluentWinUI3["FluentWinUI3"]\n    node_venv_lib_python3_12_site-packages_PyQt6_Qt6_qml_QtQuick_Controls_FluentWinUI3 --> node_venv_lib_python3_12_site-packages_PyQt6_Qt6_qml_QtQuick_Controls_FluentWinUI3_dark["dark"]\n    node_venv_lib_python3_12_site-packages_PyQt6_Qt6_qml_QtQuick_Controls_FluentWinUI3_dark --> node_venv_lib_python3_12_site-packages_PyQt6_Qt6_qml_QtQuick_Controls_FluentWinUI3_dark_images["images"]\n    node_venv_lib_python3_12_site-packages_PyQt6_Qt6_qml_QtQuick_Controls_FluentWinUI3_dark_images --> node_venv_lib_python3_12_site-packages_PyQt6_Qt6_qml_QtQuick_Controls_FluentWinUI3_dark_images_radiobutton-indicator-hovered@3x_png["radiobutton-indicator-hovered@3x.png"]\n    Root --> node_venv["venv"]\n    node_venv --> node_venv_lib["lib"]\n    node_venv_lib --> node_venv_lib_python3_12["python3.12"]\n    node_venv_lib_python3_12 --> node_venv_lib_python3_12_site-packages["site-packages"]\n    node_venv_lib_python3_12_site-packages --> node_venv_lib_python3_12_site-packages_PyQt6["PyQt6"]\n    node_venv_lib_python3_12_site-packages_PyQt6 --> node_venv_lib_python3_12_site-packages_PyQt6_Qt6["Qt6"]\n    node_venv_lib_python3_12_site-packages_PyQt6_Qt6 --> node_venv_lib_python3_12_site-packages_PyQt6_Qt6_qml["qml"]\n    node_venv_lib_python3_12_site-packages_PyQt6_Qt6_qml --> node_venv_lib_python3_12_site-packages_PyQt6_Qt6_qml_QtQuick["QtQuick"]\n    node_venv_lib_python3_12_site-packages_PyQt6_Qt6_qml_QtQuick --> node_venv_lib_python3_12_site-packages_PyQt6_Qt6_qml_QtQuick_Controls["Controls"]\n    node_venv_lib_python3_12_site-packages_PyQt6_Qt6_qml_QtQuick_Controls --> node_venv_lib_python3_12_site-packages_PyQt6_Qt6_qml_QtQuick_Controls_FluentWinUI3["FluentWinUI3"]\n    node_venv_lib_python3_12_site-packages_PyQt6_Qt6_qml_QtQuick_Controls_FluentWinUI3 --> node_venv_lib_python3_12_site-packages_PyQt6_Qt6_qml_QtQuick_Controls_FluentWinUI3_dark["dark"]\n    node_venv_lib_python3_12_site-packages_PyQt6_Qt6_qml_QtQuick_Controls_FluentWinUI3_dark --> node_venv_lib_python3_12_site-packages_PyQt6_Qt6_qml_QtQuick_Controls_FluentWinUI3_dark_images["images"]\n    node_venv_lib_python3_12_site-packages_PyQt6_Qt6_qml_QtQuick_Controls_FluentWinUI3_dark_images --> node_venv_lib_python3_12_site-packages_PyQt6_Qt6_qml_QtQuick_Controls_FluentWinUI3_dark_images_radiobutton-indicator-pressed_png["radiobutton-indicator-pressed.png"]\n    Root --> node_venv["venv"]\n    node_venv --> node_venv_lib["lib"]\n    node_venv_lib --> node_venv_lib_python3_12["python3.12"]\n    node_venv_lib_python3_12 --> node_venv_lib_python3_12_site-packages["site-packages"]\n    node_venv_lib_python3_12_site-packages --> node_venv_lib_python3_12_site-packages_PyQt6["PyQt6"]\n    node_venv_lib_python3_12_site-packages_PyQt6 --> node_venv_lib_python3_12_site-packages_PyQt6_Qt6["Qt6"]\n    node_venv_lib_python3_12_site-packages_PyQt6_Qt6 --> node_venv_lib_python3_12_site-packages_PyQt6_Qt6_qml["qml"]\n    node_venv_lib_python3_12_site-packages_PyQt6_Qt6_qml --> node_venv_lib_python3_12_site-packages_PyQt6_Qt6_qml_QtQuick["QtQuick"]\n    node_venv_lib_python3_12_site-packages_PyQt6_Qt6_qml_QtQuick --> node_venv_lib_python3_12_site-packages_PyQt6_Qt6_qml_QtQuick_Controls["Controls"]\n    node_venv_lib_python3_12_site-packages_PyQt6_Qt6_qml_QtQuick_Controls --> node_venv_lib_python3_12_site-packages_PyQt6_Qt6_qml_QtQuick_Controls_FluentWinUI3["FluentWinUI3"]\n    node_venv_lib_python3_12_site-packages_PyQt6_Qt6_qml_QtQuick_Controls_FluentWinUI3 --> node_venv_lib_python3_12_site-packages_PyQt6_Qt6_qml_QtQuick_Controls_FluentWinUI3_dark["dark"]\n    node_venv_lib_python3_12_site-packages_PyQt6_Qt6_qml_QtQuick_Controls_FluentWinUI3_dark --> node_venv_lib_python3_12_site-packages_PyQt6_Qt6_qml_QtQuick_Controls_FluentWinUI3_dark_images["images"]\n    node_venv_lib_python3_12_site-packages_PyQt6_Qt6_qml_QtQuick_Controls_FluentWinUI3_dark_images --> node_venv_lib_python3_12_site-packages_PyQt6_Qt6_qml_QtQuick_Controls_FluentWinUI3_dark_images_radiobutton-indicator-pressed@2x_png["radiobutton-indicator-pressed@2x.png"]\n    Root --> node_venv["venv"]\n    node_venv --> node_venv_lib["lib"]\n    node_venv_lib --> node_venv_lib_python3_12["python3.12"]\n    node_venv_lib_python3_12 --> node_venv_lib_python3_12_site-packages["site-packages"]\n    node_venv_lib_python3_12_site-packages --> node_venv_lib_python3_12_site-packages_PyQt6["PyQt6"]\n    node_venv_lib_python3_12_site-packages_PyQt6 --> node_venv_lib_python3_12_site-packages_PyQt6_Qt6["Qt6"]\n    node_venv_lib_python3_12_site-packages_PyQt6_Qt6 --> node_venv_lib_python3_12_site-packages_PyQt6_Qt6_qml["qml"]\n    node_venv_lib_python3_12_site-packages_PyQt6_Qt6_qml --> node_venv_lib_python3_12_site-packages_PyQt6_Qt6_qml_QtQuick["QtQuick"]\n    node_venv_lib_python3_12_site-packages_PyQt6_Qt6_qml_QtQuick --> node_venv_lib_python3_12_site-packages_PyQt6_Qt6_qml_QtQuick_Controls["Controls"]\n    node_venv_lib_python3_12_site-packages_PyQt6_Qt6_qml_QtQuick_Controls --> node_venv_lib_python3_12_site-packages_PyQt6_Qt6_qml_QtQuick_Controls_FluentWinUI3["FluentWinUI3"]\n    node_venv_lib_python3_12_site-packages_PyQt6_Qt6_qml_QtQuick_Controls_FluentWinUI3 --> node_venv_lib_python3_12_site-packages_PyQt6_Qt6_qml_QtQuick_Controls_FluentWinUI3_dark["dark"]\n    node_venv_lib_python3_12_site-packages_PyQt6_Qt6_qml_QtQuick_Controls_FluentWinUI3_dark --> node_venv_lib_python3_12_site-packages_PyQt6_Qt6_qml_QtQuick_Controls_FluentWinUI3_dark_images["images"]\n    node_venv_lib_python3_12_site-packages_PyQt6_Qt6_qml_QtQuick_Controls_FluentWinUI3_dark_images --> node_venv_lib_python3_12_site-packages_PyQt6_Qt6_qml_QtQuick_Controls_FluentWinUI3_dark_images_radiobutton-indicator-pressed@3x_png["radiobutton-indicator-pressed@3x.png"]\n    Root --> node_venv["venv"]\n    node_venv --> node_venv_lib["lib"]\n    node_venv_lib --> node_venv_lib_python3_12["python3.12"]\n    node_venv_lib_python3_12 --> node_venv_lib_python3_12_site-packages["site-packages"]\n    node_venv_lib_python3_12_site-packages --> node_venv_lib_python3_12_site-packages_PyQt6["PyQt6"]\n    node_venv_lib_python3_12_site-packages_PyQt6 --> node_venv_lib_python3_12_site-packages_PyQt6_Qt6["Qt6"]\n    node_venv_lib_python3_12_site-packages_PyQt6_Qt6 --> node_venv_lib_python3_12_site-packages_PyQt6_Qt6_qml["qml"]\n    node_venv_lib_python3_12_site-packages_PyQt6_Qt6_qml --> node_venv_lib_python3_12_site-packages_PyQt6_Qt6_qml_QtQuick["QtQuick"]\n    node_venv_lib_python3_12_site-packages_PyQt6_Qt6_qml_QtQuick --> node_venv_lib_python3_12_site-packages_PyQt6_Qt6_qml_QtQuick_Controls["Controls"]\n    node_venv_lib_python3_12_site-packages_PyQt6_Qt6_qml_QtQuick_Controls --> node_venv_lib_python3_12_site-packages_PyQt6_Qt6_qml_QtQuick_Controls_FluentWinUI3["FluentWinUI3"]\n    node_venv_lib_python3_12_site-packages_PyQt6_Qt6_qml_QtQuick_Controls_FluentWinUI3 --> node_venv_lib_python3_12_site-packages_PyQt6_Qt6_qml_QtQuick_Controls_FluentWinUI3_dark["dark"]\n    node_venv_lib_python3_12_site-packages_PyQt6_Qt6_qml_QtQuick_Controls_FluentWinUI3_dark --> node_venv_lib_python3_12_site-packages_PyQt6_Qt6_qml_QtQuick_Controls_FluentWinUI3_dark_images["images"]\n    node_venv_lib_python3_12_site-packages_PyQt6_Qt6_qml_QtQuick_Controls_FluentWinUI3_dark_images --> node_venv_lib_python3_12_site-packages_PyQt6_Qt6_qml_QtQuick_Controls_FluentWinUI3_dark_images_radiobutton-indicator_png["radiobutton-indicator.png"]\n    Root --> node_venv["venv"]\n    node_venv --> node_venv_lib["lib"]\n    node_venv_lib --> node_venv_lib_python3_12["python3.12"]\n    node_venv_lib_python3_12 --> node_venv_lib_python3_12_site-packages["site-packages"]\n    node_venv_lib_python3_12_site-packages --> node_venv_lib_python3_12_site-packages_PyQt6["PyQt6"]\n    node_venv_lib_python3_12_site-packages_PyQt6 --> node_venv_lib_python3_12_site-packages_PyQt6_Qt6["Qt6"]\n    node_venv_lib_python3_12_site-packages_PyQt6_Qt6 --> node_venv_lib_python3_12_site-packages_PyQt6_Qt6_qml["qml"]\n    node_venv_lib_python3_12_site-packages_PyQt6_Qt6_qml --> node_venv_lib_python3_12_site-packages_PyQt6_Qt6_qml_QtQuick["QtQuick"]\n    node_venv_lib_python3_12_site-packages_PyQt6_Qt6_qml_QtQuick --> node_venv_lib_python3_12_site-packages_PyQt6_Qt6_qml_QtQuick_Controls["Controls"]\n    node_venv_lib_python3_12_site-packages_PyQt6_Qt6_qml_QtQuick_Controls --> node_venv_lib_python3_12_site-packages_PyQt6_Qt6_qml_QtQuick_Controls_FluentWinUI3["FluentWinUI3"]\n    node_venv_lib_python3_12_site-packages_PyQt6_Qt6_qml_QtQuick_Controls_FluentWinUI3 --> node_venv_lib_python3_12_site-packages_PyQt6_Qt6_qml_QtQuick_Controls_FluentWinUI3_dark["dark"]\n    node_venv_lib_python3_12_site-packages_PyQt6_Qt6_qml_QtQuick_Controls_FluentWinUI3_dark --> node_venv_lib_python3_12_site-packages_PyQt6_Qt6_qml_QtQuick_Controls_FluentWinUI3_dark_images["images"]\n    node_venv_lib_python3_12_site-packages_PyQt6_Qt6_qml_QtQuick_Controls_FluentWinUI3_dark_images --> node_venv_lib_python3_12_site-packages_PyQt6_Qt6_qml_QtQuick_Controls_FluentWinUI3_dark_images_radiobutton-indicator@2x_png["radiobutton-indicator@2x.png"]\n    Root --> node_venv["venv"]\n    node_venv --> node_venv_lib["lib"]\n    node_venv_lib --> node_venv_lib_python3_12["python3.12"]\n    node_venv_lib_python3_12 --> node_venv_lib_python3_12_site-packages["site-packages"]\n    node_venv_lib_python3_12_site-packages --> node_venv_lib_python3_12_site-packages_PyQt6["PyQt6"]\n    node_venv_lib_python3_12_site-packages_PyQt6 --> node_venv_lib_python3_12_site-packages_PyQt6_Qt6["Qt6"]\n    node_venv_lib_python3_12_site-packages_PyQt6_Qt6 --> node_venv_lib_python3_12_site-packages_PyQt6_Qt6_qml["qml"]\n    node_venv_lib_python3_12_site-packages_PyQt6_Qt6_qml --> node_venv_lib_python3_12_site-packages_PyQt6_Qt6_qml_QtQuick["QtQuick"]\n    node_venv_lib_python3_12_site-packages_PyQt6_Qt6_qml_QtQuick --> node_venv_lib_python3_12_site-packages_PyQt6_Qt6_qml_QtQuick_Controls["Controls"]\n    node_venv_lib_python3_12_site-packages_PyQt6_Qt6_qml_QtQuick_Controls --> node_venv_lib_python3_12_site-packages_PyQt6_Qt6_qml_QtQuick_Controls_FluentWinUI3["FluentWinUI3"]\n    node_venv_lib_python3_12_site-packages_PyQt6_Qt6_qml_QtQuick_Controls_FluentWinUI3 --> node_venv_lib_python3_12_site-packages_PyQt6_Qt6_qml_QtQuick_Controls_FluentWinUI3_dark["dark"]\n    node_venv_lib_python3_12_site-packages_PyQt6_Qt6_qml_QtQuick_Controls_FluentWinUI3_dark --> node_venv_lib_python3_12_site-packages_PyQt6_Qt6_qml_QtQuick_Controls_FluentWinUI3_dark_images["images"]\n    node_venv_lib_python3_12_site-packages_PyQt6_Qt6_qml_QtQuick_Controls_FluentWinUI3_dark_images --> node_venv_lib_python3_12_site-packages_PyQt6_Qt6_qml_QtQuick_Controls_FluentWinUI3_dark_images_radiobutton-indicator@3x_png["radiobutton-indicator@3x.png"]\n    Root --> node_venv["venv"]\n    node_venv --> node_venv_lib["lib"]\n    node_venv_lib --> node_venv_lib_python3_12["python3.12"]\n    node_venv_lib_python3_12 --> node_venv_lib_python3_12_site-packages["site-packages"]\n    node_venv_lib_python3_12_site-packages --> node_venv_lib_python3_12_site-packages_PyQt6["PyQt6"]\n    node_venv_lib_python3_12_site-packages_PyQt6 --> node_venv_lib_python3_12_site-packages_PyQt6_Qt6["Qt6"]\n    node_venv_lib_python3_12_site-packages_PyQt6_Qt6 --> node_venv_lib_python3_12_site-packages_PyQt6_Qt6_qml["qml"]\n    node_venv_lib_python3_12_site-packages_PyQt6_Qt6_qml --> node_venv_lib_python3_12_site-packages_PyQt6_Qt6_qml_QtQuick["QtQuick"]\n    node_venv_lib_python3_12_site-packages_PyQt6_Qt6_qml_QtQuick --> node_venv_lib_python3_12_site-packages_PyQt6_Qt6_qml_QtQuick_Controls["Controls"]\n    node_venv_lib_python3_12_site-packages_PyQt6_Qt6_qml_QtQuick_Controls --> node_venv_lib_python3_12_site-packages_PyQt6_Qt6_qml_QtQuick_Controls_FluentWinUI3["FluentWinUI3"]\n    node_venv_lib_python3_12_site-packages_PyQt6_Qt6_qml_QtQuick_Controls_FluentWinUI3 --> node_venv_lib_python3_12_site-packages_PyQt6_Qt6_qml_QtQuick_Controls_FluentWinUI3_dark["dark"]\n    node_venv_lib_python3_12_site-packages_PyQt6_Qt6_qml_QtQuick_Controls_FluentWinUI3_dark --> node_venv_lib_python3_12_site-packages_PyQt6_Qt6_qml_QtQuick_Controls_FluentWinUI3_dark_images["images"]\n    node_venv_lib_python3_12_site-packages_PyQt6_Qt6_qml_QtQuick_Controls_FluentWinUI3_dark_images --> node_venv_lib_python3_12_site-packages_PyQt6_Qt6_qml_QtQuick_Controls_FluentWinUI3_dark_images_rangeslider-first-handle-disabled_png["rangeslider-first-handle-disabled.png"]\n    Root --> node_venv["venv"]\n    node_venv --> node_venv_lib["lib"]\n    node_venv_lib --> node_venv_lib_python3_12["python3.12"]\n    node_venv_lib_python3_12 --> node_venv_lib_python3_12_site-packages["site-packages"]\n    node_venv_lib_python3_12_site-packages --> node_venv_lib_python3_12_site-packages_PyQt6["PyQt6"]\n    node_venv_lib_python3_12_site-packages_PyQt6 --> node_venv_lib_python3_12_site-packages_PyQt6_Qt6["Qt6"]\n    node_venv_lib_python3_12_site-packages_PyQt6_Qt6 --> node_venv_lib_python3_12_site-packages_PyQt6_Qt6_qml["qml"]\n    node_venv_lib_python3_12_site-packages_PyQt6_Qt6_qml --> node_venv_lib_python3_12_site-packages_PyQt6_Qt6_qml_QtQuick["QtQuick"]\n    node_venv_lib_python3_12_site-packages_PyQt6_Qt6_qml_QtQuick --> node_venv_lib_python3_12_site-packages_PyQt6_Qt6_qml_QtQuick_Controls["Controls"]\n    node_venv_lib_python3_12_site-packages_PyQt6_Qt6_qml_QtQuick_Controls --> node_venv_lib_python3_12_site-packages_PyQt6_Qt6_qml_QtQuick_Controls_FluentWinUI3["FluentWinUI3"]\n    node_venv_lib_python3_12_site-packages_PyQt6_Qt6_qml_QtQuick_Controls_FluentWinUI3 --> node_venv_lib_python3_12_site-packages_PyQt6_Qt6_qml_QtQuick_Controls_FluentWinUI3_dark["dark"]\n    node_venv_lib_python3_12_site-packages_PyQt6_Qt6_qml_QtQuick_Controls_FluentWinUI3_dark --> node_venv_lib_python3_12_site-packages_PyQt6_Qt6_qml_QtQuick_Controls_FluentWinUI3_dark_images["images"]\n    node_venv_lib_python3_12_site-packages_PyQt6_Qt6_qml_QtQuick_Controls_FluentWinUI3_dark_images --> node_venv_lib_python3_12_site-packages_PyQt6_Qt6_qml_QtQuick_Controls_FluentWinUI3_dark_images_rangeslider-first-handle-disabled@2x_png["rangeslider-first-handle-disabled@2x.png"]\n    Root --> node_venv["venv"]\n    node_venv --> node_venv_lib["lib"]\n    node_venv_lib --> node_venv_lib_python3_12["python3.12"]\n    node_venv_lib_python3_12 --> node_venv_lib_python3_12_site-packages["site-packages"]\n    node_venv_lib_python3_12_site-packages --> node_venv_lib_python3_12_site-packages_PyQt6["PyQt6"]\n    node_venv_lib_python3_12_site-packages_PyQt6 --> node_venv_lib_python3_12_site-packages_PyQt6_Qt6["Qt6"]\n    node_venv_lib_python3_12_site-packages_PyQt6_Qt6 --> node_venv_lib_python3_12_site-packages_PyQt6_Qt6_qml["qml"]\n    node_venv_lib_python3_12_site-packages_PyQt6_Qt6_qml --> node_venv_lib_python3_12_site-packages_PyQt6_Qt6_qml_QtQuick["QtQuick"]\n    node_venv_lib_python3_12_site-packages_PyQt6_Qt6_qml_QtQuick --> node_venv_lib_python3_12_site-packages_PyQt6_Qt6_qml_QtQuick_Controls["Controls"]\n    node_venv_lib_python3_12_site-packages_PyQt6_Qt6_qml_QtQuick_Controls --> node_venv_lib_python3_12_site-packages_PyQt6_Qt6_qml_QtQuick_Controls_FluentWinUI3["FluentWinUI3"]\n    node_venv_lib_python3_12_site-packages_PyQt6_Qt6_qml_QtQuick_Controls_FluentWinUI3 --> node_venv_lib_python3_12_site-packages_PyQt6_Qt6_qml_QtQuick_Controls_FluentWinUI3_dark["dark"]\n    node_venv_lib_python3_12_site-packages_PyQt6_Qt6_qml_QtQuick_Controls_FluentWinUI3_dark --> node_venv_lib_python3_12_site-packages_PyQt6_Qt6_qml_QtQuick_Controls_FluentWinUI3_dark_images["images"]\n    node_venv_lib_python3_12_site-packages_PyQt6_Qt6_qml_QtQuick_Controls_FluentWinUI3_dark_images --> node_venv_lib_python3_12_site-packages_PyQt6_Qt6_qml_QtQuick_Controls_FluentWinUI3_dark_images_rangeslider-first-handle-disabled@3x_png["rangeslider-first-handle-disabled@3x.png"]\n    Root --> node_venv["venv"]\n    node_venv --> node_venv_lib["lib"]\n    node_venv_lib --> node_venv_lib_python3_12["python3.12"]\n    node_venv_lib_python3_12 --> node_venv_lib_python3_12_site-packages["site-packages"]\n    node_venv_lib_python3_12_site-packages --> node_venv_lib_python3_12_site-packages_PyQt6["PyQt6"]\n    node_venv_lib_python3_12_site-packages_PyQt6 --> node_venv_lib_python3_12_site-packages_PyQt6_Qt6["Qt6"]\n    node_venv_lib_python3_12_site-packages_PyQt6_Qt6 --> node_venv_lib_python3_12_site-packages_PyQt6_Qt6_qml["qml"]\n    node_venv_lib_python3_12_site-packages_PyQt6_Qt6_qml --> node_venv_lib_python3_12_site-packages_PyQt6_Qt6_qml_QtQuick["QtQuick"]\n    node_venv_lib_python3_12_site-packages_PyQt6_Qt6_qml_QtQuick --> node_venv_lib_python3_12_site-packages_PyQt6_Qt6_qml_QtQuick_Controls["Controls"]\n    node_venv_lib_python3_12_site-packages_PyQt6_Qt6_qml_QtQuick_Controls --> node_venv_lib_python3_12_site-packages_PyQt6_Qt6_qml_QtQuick_Controls_FluentWinUI3["FluentWinUI3"]\n    node_venv_lib_python3_12_site-packages_PyQt6_Qt6_qml_QtQuick_Controls_FluentWinUI3 --> node_venv_lib_python3_12_site-packages_PyQt6_Qt6_qml_QtQuick_Controls_FluentWinUI3_dark["dark"]\n    node_venv_lib_python3_12_site-packages_PyQt6_Qt6_qml_QtQuick_Controls_FluentWinUI3_dark --> node_venv_lib_python3_12_site-packages_PyQt6_Qt6_qml_QtQuick_Controls_FluentWinUI3_dark_images["images"]\n    node_venv_lib_python3_12_site-packages_PyQt6_Qt6_qml_QtQuick_Controls_FluentWinUI3_dark_images --> node_venv_lib_python3_12_site-packages_PyQt6_Qt6_qml_QtQuick_Controls_FluentWinUI3_dark_images_rangeslider-first-handle-handle-pressed_png["rangeslider-first-handle-handle-pressed.png"]\n    Root --> node_venv["venv"]\n    node_venv --> node_venv_lib["lib"]\n    node_venv_lib --> node_venv_lib_python3_12["python3.12"]\n    node_venv_lib_python3_12 --> node_venv_lib_python3_12_site-packages["site-packages"]\n    node_venv_lib_python3_12_site-packages --> node_venv_lib_python3_12_site-packages_PyQt6["PyQt6"]\n    node_venv_lib_python3_12_site-packages_PyQt6 --> node_venv_lib_python3_12_site-packages_PyQt6_Qt6["Qt6"]\n    node_venv_lib_python3_12_site-packages_PyQt6_Qt6 --> node_venv_lib_python3_12_site-packages_PyQt6_Qt6_qml["qml"]\n    node_venv_lib_python3_12_site-packages_PyQt6_Qt6_qml --> node_venv_lib_python3_12_site-packages_PyQt6_Qt6_qml_QtQuick["QtQuick"]\n    node_venv_lib_python3_12_site-packages_PyQt6_Qt6_qml_QtQuick --> node_venv_lib_python3_12_site-packages_PyQt6_Qt6_qml_QtQuick_Controls["Controls"]\n    node_venv_lib_python3_12_site-packages_PyQt6_Qt6_qml_QtQuick_Controls --> node_venv_lib_python3_12_site-packages_PyQt6_Qt6_qml_QtQuick_Controls_FluentWinUI3["FluentWinUI3"]\n    node_venv_lib_python3_12_site-packages_PyQt6_Qt6_qml_QtQuick_Controls_FluentWinUI3 --> node_venv_lib_python3_12_site-packages_PyQt6_Qt6_qml_QtQuick_Controls_FluentWinUI3_dark["dark"]\n    node_venv_lib_python3_12_site-packages_PyQt6_Qt6_qml_QtQuick_Controls_FluentWinUI3_dark --> node_venv_lib_python3_12_site-packages_PyQt6_Qt6_qml_QtQuick_Controls_FluentWinUI3_dark_images["images"]\n    node_venv_lib_python3_12_site-packages_PyQt6_Qt6_qml_QtQuick_Controls_FluentWinUI3_dark_images --> node_venv_lib_python3_12_site-packages_PyQt6_Qt6_qml_QtQuick_Controls_FluentWinUI3_dark_images_rangeslider-first-handle-handle-pressed@2x_png["rangeslider-first-handle-handle-pressed@2x.png"]\n    Root --> node_venv["venv"]\n    node_venv --> node_venv_lib["lib"]\n    node_venv_lib --> node_venv_lib_python3_12["python3.12"]\n    node_venv_lib_python3_12 --> node_venv_lib_python3_12_site-packages["site-packages"]\n    node_venv_lib_python3_12_site-packages --> node_venv_lib_python3_12_site-packages_PyQt6["PyQt6"]\n    node_venv_lib_python3_12_site-packages_PyQt6 --> node_venv_lib_python3_12_site-packages_PyQt6_Qt6["Qt6"]\n    node_venv_lib_python3_12_site-packages_PyQt6_Qt6 --> node_venv_lib_python3_12_site-packages_PyQt6_Qt6_qml["qml"]\n    node_venv_lib_python3_12_site-packages_PyQt6_Qt6_qml --> node_venv_lib_python3_12_site-packages_PyQt6_Qt6_qml_QtQuick["QtQuick"]\n    node_venv_lib_python3_12_site-packages_PyQt6_Qt6_qml_QtQuick --> node_venv_lib_python3_12_site-packages_PyQt6_Qt6_qml_QtQuick_Controls["Controls"]\n    node_venv_lib_python3_12_site-packages_PyQt6_Qt6_qml_QtQuick_Controls --> node_venv_lib_python3_12_site-packages_PyQt6_Qt6_qml_QtQuick_Controls_FluentWinUI3["FluentWinUI3"]\n    node_venv_lib_python3_12_site-packages_PyQt6_Qt6_qml_QtQuick_Controls_FluentWinUI3 --> node_venv_lib_python3_12_site-packages_PyQt6_Qt6_qml_QtQuick_Controls_FluentWinUI3_dark["dark"]\n    node_venv_lib_python3_12_site-packages_PyQt6_Qt6_qml_QtQuick_Controls_FluentWinUI3_dark --> node_venv_lib_python3_12_site-packages_PyQt6_Qt6_qml_QtQuick_Controls_FluentWinUI3_dark_images["images"]\n    node_venv_lib_python3_12_site-packages_PyQt6_Qt6_qml_QtQuick_Controls_FluentWinUI3_dark_images --> node_venv_lib_python3_12_site-packages_PyQt6_Qt6_qml_QtQuick_Controls_FluentWinUI3_dark_images_rangeslider-first-handle-handle-pressed@3x_png["rangeslider-first-handle-handle-pressed@3x.png"]\n    Root --> node_venv["venv"]\n    node_venv --> node_venv_lib["lib"]\n    node_venv_lib --> node_venv_lib_python3_12["python3.12"]\n    node_venv_lib_python3_12 --> node_venv_lib_python3_12_site-packages["site-packages"]\n    node_venv_lib_python3_12_site-packages --> node_venv_lib_python3_12_site-packages_PyQt6["PyQt6"]\n    node_venv_lib_python3_12_site-packages_PyQt6 --> node_venv_lib_python3_12_site-packages_PyQt6_Qt6["Qt6"]\n    node_venv_lib_python3_12_site-packages_PyQt6_Qt6 --> node_venv_lib_python3_12_site-packages_PyQt6_Qt6_qml["qml"]\n    node_venv_lib_python3_12_site-packages_PyQt6_Qt6_qml --> node_venv_lib_python3_12_site-packages_PyQt6_Qt6_qml_QtQuick["QtQuick"]\n    node_venv_lib_python3_12_site-packages_PyQt6_Qt6_qml_QtQuick --> node_venv_lib_python3_12_site-packages_PyQt6_Qt6_qml_QtQuick_Controls["Controls"]\n    node_venv_lib_python3_12_site-packages_PyQt6_Qt6_qml_QtQuick_Controls --> node_venv_lib_python3_12_site-packages_PyQt6_Qt6_qml_QtQuick_Controls_FluentWinUI3["FluentWinUI3"]\n    node_venv_lib_python3_12_site-packages_PyQt6_Qt6_qml_QtQuick_Controls_FluentWinUI3 --> node_venv_lib_python3_12_site-packages_PyQt6_Qt6_qml_QtQuick_Controls_FluentWinUI3_dark["dark"]\n    node_venv_lib_python3_12_site-packages_PyQt6_Qt6_qml_QtQuick_Controls_FluentWinUI3_dark --> node_venv_lib_python3_12_site-packages_PyQt6_Qt6_qml_QtQuick_Controls_FluentWinUI3_dark_images["images"]\n    node_venv_lib_python3_12_site-packages_PyQt6_Qt6_qml_QtQuick_Controls_FluentWinUI3_dark_images --> node_venv_lib_python3_12_site-packages_PyQt6_Qt6_qml_QtQuick_Controls_FluentWinUI3_dark_images_rangeslider-first-handle-hovered_png["rangeslider-first-handle-hovered.png"]\n    Root --> node_venv["venv"]\n    node_venv --> node_venv_lib["lib"]\n    node_venv_lib --> node_venv_lib_python3_12["python3.12"]\n    node_venv_lib_python3_12 --> node_venv_lib_python3_12_site-packages["site-packages"]\n    node_venv_lib_python3_12_site-packages --> node_venv_lib_python3_12_site-packages_PyQt6["PyQt6"]\n    node_venv_lib_python3_12_site-packages_PyQt6 --> node_venv_lib_python3_12_site-packages_PyQt6_Qt6["Qt6"]\n    node_venv_lib_python3_12_site-packages_PyQt6_Qt6 --> node_venv_lib_python3_12_site-packages_PyQt6_Qt6_qml["qml"]\n    node_venv_lib_python3_12_site-packages_PyQt6_Qt6_qml --> node_venv_lib_python3_12_site-packages_PyQt6_Qt6_qml_QtQuick["QtQuick"]\n    node_venv_lib_python3_12_site-packages_PyQt6_Qt6_qml_QtQuick --> node_venv_lib_python3_12_site-packages_PyQt6_Qt6_qml_QtQuick_Controls["Controls"]\n    node_venv_lib_python3_12_site-packages_PyQt6_Qt6_qml_QtQuick_Controls --> node_venv_lib_python3_12_site-packages_PyQt6_Qt6_qml_QtQuick_Controls_FluentWinUI3["FluentWinUI3"]\n    node_venv_lib_python3_12_site-packages_PyQt6_Qt6_qml_QtQuick_Controls_FluentWinUI3 --> node_venv_lib_python3_12_site-packages_PyQt6_Qt6_qml_QtQuick_Controls_FluentWinUI3_dark["dark"]\n    node_venv_lib_python3_12_site-packages_PyQt6_Qt6_qml_QtQuick_Controls_FluentWinUI3_dark --> node_venv_lib_python3_12_site-packages_PyQt6_Qt6_qml_QtQuick_Controls_FluentWinUI3_dark_images["images"]\n    node_venv_lib_python3_12_site-packages_PyQt6_Qt6_qml_QtQuick_Controls_FluentWinUI3_dark_images --> node_venv_lib_python3_12_site-packages_PyQt6_Qt6_qml_QtQuick_Controls_FluentWinUI3_dark_images_rangeslider-first-handle-hovered@2x_png["rangeslider-first-handle-hovered@2x.png"]\n    Root --> node_venv["venv"]\n    node_venv --> node_venv_lib["lib"]\n    node_venv_lib --> node_venv_lib_python3_12["python3.12"]\n    node_venv_lib_python3_12 --> node_venv_lib_python3_12_site-packages["site-packages"]\n    node_venv_lib_python3_12_site-packages --> node_venv_lib_python3_12_site-packages_PyQt6["PyQt6"]\n    node_venv_lib_python3_12_site-packages_PyQt6 --> node_venv_lib_python3_12_site-packages_PyQt6_Qt6["Qt6"]\n    node_venv_lib_python3_12_site-packages_PyQt6_Qt6 --> node_venv_lib_python3_12_site-packages_PyQt6_Qt6_qml["qml"]\n    node_venv_lib_python3_12_site-packages_PyQt6_Qt6_qml --> node_venv_lib_python3_12_site-packages_PyQt6_Qt6_qml_QtQuick["QtQuick"]\n    node_venv_lib_python3_12_site-packages_PyQt6_Qt6_qml_QtQuick --> node_venv_lib_python3_12_site-packages_PyQt6_Qt6_qml_QtQuick_Controls["Controls"]\n    node_venv_lib_python3_12_site-packages_PyQt6_Qt6_qml_QtQuick_Controls --> node_venv_lib_python3_12_site-packages_PyQt6_Qt6_qml_QtQuick_Controls_FluentWinUI3["FluentWinUI3"]\n    node_venv_lib_python3_12_site-packages_PyQt6_Qt6_qml_QtQuick_Controls_FluentWinUI3 --> node_venv_lib_python3_12_site-packages_PyQt6_Qt6_qml_QtQuick_Controls_FluentWinUI3_dark["dark"]\n    node_venv_lib_python3_12_site-packages_PyQt6_Qt6_qml_QtQuick_Controls_FluentWinUI3_dark --> node_venv_lib_python3_12_site-packages_PyQt6_Qt6_qml_QtQuick_Controls_FluentWinUI3_dark_images["images"]\n    node_venv_lib_python3_12_site-packages_PyQt6_Qt6_qml_QtQuick_Controls_FluentWinUI3_dark_images --> node_venv_lib_python3_12_site-packages_PyQt6_Qt6_qml_QtQuick_Controls_FluentWinUI3_dark_images_rangeslider-first-handle-hovered@3x_png["rangeslider-first-handle-hovered@3x.png"]\n    Root --> node_venv["venv"]\n    node_venv --> node_venv_lib["lib"]\n    node_venv_lib --> node_venv_lib_python3_12["python3.12"]\n    node_venv_lib_python3_12 --> node_venv_lib_python3_12_site-packages["site-packages"]\n    node_venv_lib_python3_12_site-packages --> node_venv_lib_python3_12_site-packages_PyQt6["PyQt6"]\n    node_venv_lib_python3_12_site-packages_PyQt6 --> node_venv_lib_python3_12_site-packages_PyQt6_Qt6["Qt6"]\n    node_venv_lib_python3_12_site-packages_PyQt6_Qt6 --> node_venv_lib_python3_12_site-packages_PyQt6_Qt6_qml["qml"]\n    node_venv_lib_python3_12_site-packages_PyQt6_Qt6_qml --> node_venv_lib_python3_12_site-packages_PyQt6_Qt6_qml_QtQuick["QtQuick"]\n    node_venv_lib_python3_12_site-packages_PyQt6_Qt6_qml_QtQuick --> node_venv_lib_python3_12_site-packages_PyQt6_Qt6_qml_QtQuick_Controls["Controls"]\n    node_venv_lib_python3_12_site-packages_PyQt6_Qt6_qml_QtQuick_Controls --> node_venv_lib_python3_12_site-packages_PyQt6_Qt6_qml_QtQuick_Controls_FluentWinUI3["FluentWinUI3"]\n    node_venv_lib_python3_12_site-packages_PyQt6_Qt6_qml_QtQuick_Controls_FluentWinUI3 --> node_venv_lib_python3_12_site-packages_PyQt6_Qt6_qml_QtQuick_Controls_FluentWinUI3_dark["dark"]\n    node_venv_lib_python3_12_site-packages_PyQt6_Qt6_qml_QtQuick_Controls_FluentWinUI3_dark --> node_venv_lib_python3_12_site-packages_PyQt6_Qt6_qml_QtQuick_Controls_FluentWinUI3_dark_images["images"]\n    node_venv_lib_python3_12_site-packages_PyQt6_Qt6_qml_QtQuick_Controls_FluentWinUI3_dark_images --> node_venv_lib_python3_12_site-packages_PyQt6_Qt6_qml_QtQuick_Controls_FluentWinUI3_dark_images_rangeslider-first-handle_png["rangeslider-first-handle.png"]\n    Root --> node_venv["venv"]\n    node_venv --> node_venv_lib["lib"]\n    node_venv_lib --> node_venv_lib_python3_12["python3.12"]\n    node_venv_lib_python3_12 --> node_venv_lib_python3_12_site-packages["site-packages"]\n    node_venv_lib_python3_12_site-packages --> node_venv_lib_python3_12_site-packages_PyQt6["PyQt6"]\n    node_venv_lib_python3_12_site-packages_PyQt6 --> node_venv_lib_python3_12_site-packages_PyQt6_Qt6["Qt6"]\n    node_venv_lib_python3_12_site-packages_PyQt6_Qt6 --> node_venv_lib_python3_12_site-packages_PyQt6_Qt6_qml["qml"]\n    node_venv_lib_python3_12_site-packages_PyQt6_Qt6_qml --> node_venv_lib_python3_12_site-packages_PyQt6_Qt6_qml_QtQuick["QtQuick"]\n    node_venv_lib_python3_12_site-packages_PyQt6_Qt6_qml_QtQuick --> node_venv_lib_python3_12_site-packages_PyQt6_Qt6_qml_QtQuick_Controls["Controls"]\n    node_venv_lib_python3_12_site-packages_PyQt6_Qt6_qml_QtQuick_Controls --> node_venv_lib_python3_12_site-packages_PyQt6_Qt6_qml_QtQuick_Controls_FluentWinUI3["FluentWinUI3"]\n    node_venv_lib_python3_12_site-packages_PyQt6_Qt6_qml_QtQuick_Controls_FluentWinUI3 --> node_venv_lib_python3_12_site-packages_PyQt6_Qt6_qml_QtQuick_Controls_FluentWinUI3_dark["dark"]\n    node_venv_lib_python3_12_site-packages_PyQt6_Qt6_qml_QtQuick_Controls_FluentWinUI3_dark --> node_venv_lib_python3_12_site-packages_PyQt6_Qt6_qml_QtQuick_Controls_FluentWinUI3_dark_images["images"]\n    node_venv_lib_python3_12_site-packages_PyQt6_Qt6_qml_QtQuick_Controls_FluentWinUI3_dark_images --> node_venv_lib_python3_12_site-packages_PyQt6_Qt6_qml_QtQuick_Controls_FluentWinUI3_dark_images_rangeslider-first-handle@2x_png["rangeslider-first-handle@2x.png"]\n    Root --> node_venv["venv"]\n    node_venv --> node_venv_lib["lib"]\n    node_venv_lib --> node_venv_lib_python3_12["python3.12"]\n    node_venv_lib_python3_12 --> node_venv_lib_python3_12_site-packages["site-packages"]\n    node_venv_lib_python3_12_site-packages --> node_venv_lib_python3_12_site-packages_PyQt6["PyQt6"]\n    node_venv_lib_python3_12_site-packages_PyQt6 --> node_venv_lib_python3_12_site-packages_PyQt6_Qt6["Qt6"]\n    node_venv_lib_python3_12_site-packages_PyQt6_Qt6 --> node_venv_lib_python3_12_site-packages_PyQt6_Qt6_qml["qml"]\n    node_venv_lib_python3_12_site-packages_PyQt6_Qt6_qml --> node_venv_lib_python3_12_site-packages_PyQt6_Qt6_qml_QtQuick["QtQuick"]\n    node_venv_lib_python3_12_site-packages_PyQt6_Qt6_qml_QtQuick --> node_venv_lib_python3_12_site-packages_PyQt6_Qt6_qml_QtQuick_Controls["Controls"]\n    node_venv_lib_python3_12_site-packages_PyQt6_Qt6_qml_QtQuick_Controls --> node_venv_lib_python3_12_site-packages_PyQt6_Qt6_qml_QtQuick_Controls_FluentWinUI3["FluentWinUI3"]\n    node_venv_lib_python3_12_site-packages_PyQt6_Qt6_qml_QtQuick_Controls_FluentWinUI3 --> node_venv_lib_python3_12_site-packages_PyQt6_Qt6_qml_QtQuick_Controls_FluentWinUI3_dark["dark"]\n    node_venv_lib_python3_12_site-packages_PyQt6_Qt6_qml_QtQuick_Controls_FluentWinUI3_dark --> node_venv_lib_python3_12_site-packages_PyQt6_Qt6_qml_QtQuick_Controls_FluentWinUI3_dark_images["images"]\n    node_venv_lib_python3_12_site-packages_PyQt6_Qt6_qml_QtQuick_Controls_FluentWinUI3_dark_images --> node_venv_lib_python3_12_site-packages_PyQt6_Qt6_qml_QtQuick_Controls_FluentWinUI3_dark_images_rangeslider-first-handle@3x_png["rangeslider-first-handle@3x.png"]\n    Root --> node_venv["venv"]\n    node_venv --> node_venv_lib["lib"]\n    node_venv_lib --> node_venv_lib_python3_12["python3.12"]\n    node_venv_lib_python3_12 --> node_venv_lib_python3_12_site-packages["site-packages"]\n    node_venv_lib_python3_12_site-packages --> node_venv_lib_python3_12_site-packages_PyQt6["PyQt6"]\n    node_venv_lib_python3_12_site-packages_PyQt6 --> node_venv_lib_python3_12_site-packages_PyQt6_Qt6["Qt6"]\n    node_venv_lib_python3_12_site-packages_PyQt6_Qt6 --> node_venv_lib_python3_12_site-packages_PyQt6_Qt6_qml["qml"]\n    node_venv_lib_python3_12_site-packages_PyQt6_Qt6_qml --> node_venv_lib_python3_12_site-packages_PyQt6_Qt6_qml_QtQuick["QtQuick"]\n    node_venv_lib_python3_12_site-packages_PyQt6_Qt6_qml_QtQuick --> node_venv_lib_python3_12_site-packages_PyQt6_Qt6_qml_QtQuick_Controls["Controls"]\n    node_venv_lib_python3_12_site-packages_PyQt6_Qt6_qml_QtQuick_Controls --> node_venv_lib_python3_12_site-packages_PyQt6_Qt6_qml_QtQuick_Controls_FluentWinUI3["FluentWinUI3"]\n    node_venv_lib_python3_12_site-packages_PyQt6_Qt6_qml_QtQuick_Controls_FluentWinUI3 --> node_venv_lib_python3_12_site-packages_PyQt6_Qt6_qml_QtQuick_Controls_FluentWinUI3_dark["dark"]\n    node_venv_lib_python3_12_site-packages_PyQt6_Qt6_qml_QtQuick_Controls_FluentWinUI3_dark --> node_venv_lib_python3_12_site-packages_PyQt6_Qt6_qml_QtQuick_Controls_FluentWinUI3_dark_images["images"]\n    node_venv_lib_python3_12_site-packages_PyQt6_Qt6_qml_QtQuick_Controls_FluentWinUI3_dark_images --> node_venv_lib_python3_12_site-packages_PyQt6_Qt6_qml_QtQuick_Controls_FluentWinUI3_dark_images_rangeslider-groove-disabled_png["rangeslider-groove-disabled.png"]\n    Root --> node_venv["venv"]\n    node_venv --> node_venv_lib["lib"]\n    node_venv_lib --> node_venv_lib_python3_12["python3.12"]\n    node_venv_lib_python3_12 --> node_venv_lib_python3_12_site-packages["site-packages"]\n    node_venv_lib_python3_12_site-packages --> node_venv_lib_python3_12_site-packages_PyQt6["PyQt6"]\n    node_venv_lib_python3_12_site-packages_PyQt6 --> node_venv_lib_python3_12_site-packages_PyQt6_Qt6["Qt6"]\n    node_venv_lib_python3_12_site-packages_PyQt6_Qt6 --> node_venv_lib_python3_12_site-packages_PyQt6_Qt6_qml["qml"]\n    node_venv_lib_python3_12_site-packages_PyQt6_Qt6_qml --> node_venv_lib_python3_12_site-packages_PyQt6_Qt6_qml_QtQuick["QtQuick"]\n    node_venv_lib_python3_12_site-packages_PyQt6_Qt6_qml_QtQuick --> node_venv_lib_python3_12_site-packages_PyQt6_Qt6_qml_QtQuick_Controls["Controls"]\n    node_venv_lib_python3_12_site-packages_PyQt6_Qt6_qml_QtQuick_Controls --> node_venv_lib_python3_12_site-packages_PyQt6_Qt6_qml_QtQuick_Controls_FluentWinUI3["FluentWinUI3"]\n    node_venv_lib_python3_12_site-packages_PyQt6_Qt6_qml_QtQuick_Controls_FluentWinUI3 --> node_venv_lib_python3_12_site-packages_PyQt6_Qt6_qml_QtQuick_Controls_FluentWinUI3_dark["dark"]\n    node_venv_lib_python3_12_site-packages_PyQt6_Qt6_qml_QtQuick_Controls_FluentWinUI3_dark --> node_venv_lib_python3_12_site-packages_PyQt6_Qt6_qml_QtQuick_Controls_FluentWinUI3_dark_images["images"]\n    node_venv_lib_python3_12_site-packages_PyQt6_Qt6_qml_QtQuick_Controls_FluentWinUI3_dark_images --> node_venv_lib_python3_12_site-packages_PyQt6_Qt6_qml_QtQuick_Controls_FluentWinUI3_dark_images_rangeslider-groove-disabled@2x_png["rangeslider-groove-disabled@2x.png"]\n    Root --> node_venv["venv"]\n    node_venv --> node_venv_lib["lib"]\n    node_venv_lib --> node_venv_lib_python3_12["python3.12"]\n    node_venv_lib_python3_12 --> node_venv_lib_python3_12_site-packages["site-packages"]\n    node_venv_lib_python3_12_site-packages --> node_venv_lib_python3_12_site-packages_PyQt6["PyQt6"]\n    node_venv_lib_python3_12_site-packages_PyQt6 --> node_venv_lib_python3_12_site-packages_PyQt6_Qt6["Qt6"]\n    node_venv_lib_python3_12_site-packages_PyQt6_Qt6 --> node_venv_lib_python3_12_site-packages_PyQt6_Qt6_qml["qml"]\n    node_venv_lib_python3_12_site-packages_PyQt6_Qt6_qml --> node_venv_lib_python3_12_site-packages_PyQt6_Qt6_qml_QtQuick["QtQuick"]\n    node_venv_lib_python3_12_site-packages_PyQt6_Qt6_qml_QtQuick --> node_venv_lib_python3_12_site-packages_PyQt6_Qt6_qml_QtQuick_Controls["Controls"]\n    node_venv_lib_python3_12_site-packages_PyQt6_Qt6_qml_QtQuick_Controls --> node_venv_lib_python3_12_site-packages_PyQt6_Qt6_qml_QtQuick_Controls_FluentWinUI3["FluentWinUI3"]\n    node_venv_lib_python3_12_site-packages_PyQt6_Qt6_qml_QtQuick_Controls_FluentWinUI3 --> node_venv_lib_python3_12_site-packages_PyQt6_Qt6_qml_QtQuick_Controls_FluentWinUI3_dark["dark"]\n    node_venv_lib_python3_12_site-packages_PyQt6_Qt6_qml_QtQuick_Controls_FluentWinUI3_dark --> node_venv_lib_python3_12_site-packages_PyQt6_Qt6_qml_QtQuick_Controls_FluentWinUI3_dark_images["images"]\n    node_venv_lib_python3_12_site-packages_PyQt6_Qt6_qml_QtQuick_Controls_FluentWinUI3_dark_images --> node_venv_lib_python3_12_site-packages_PyQt6_Qt6_qml_QtQuick_Controls_FluentWinUI3_dark_images_rangeslider-groove-disabled@3x_png["rangeslider-groove-disabled@3x.png"]\n    Root --> node_venv["venv"]\n    node_venv --> node_venv_lib["lib"]\n    node_venv_lib --> node_venv_lib_python3_12["python3.12"]\n    node_venv_lib_python3_12 --> node_venv_lib_python3_12_site-packages["site-packages"]\n    node_venv_lib_python3_12_site-packages --> node_venv_lib_python3_12_site-packages_PyQt6["PyQt6"]\n    node_venv_lib_python3_12_site-packages_PyQt6 --> node_venv_lib_python3_12_site-packages_PyQt6_Qt6["Qt6"]\n    node_venv_lib_python3_12_site-packages_PyQt6_Qt6 --> node_venv_lib_python3_12_site-packages_PyQt6_Qt6_qml["qml"]\n    node_venv_lib_python3_12_site-packages_PyQt6_Qt6_qml --> node_venv_lib_python3_12_site-packages_PyQt6_Qt6_qml_QtQuick["QtQuick"]\n    node_venv_lib_python3_12_site-packages_PyQt6_Qt6_qml_QtQuick --> node_venv_lib_python3_12_site-packages_PyQt6_Qt6_qml_QtQuick_Controls["Controls"]\n    node_venv_lib_python3_12_site-packages_PyQt6_Qt6_qml_QtQuick_Controls --> node_venv_lib_python3_12_site-packages_PyQt6_Qt6_qml_QtQuick_Controls_FluentWinUI3["FluentWinUI3"]\n    node_venv_lib_python3_12_site-packages_PyQt6_Qt6_qml_QtQuick_Controls_FluentWinUI3 --> node_venv_lib_python3_12_site-packages_PyQt6_Qt6_qml_QtQuick_Controls_FluentWinUI3_dark["dark"]\n    node_venv_lib_python3_12_site-packages_PyQt6_Qt6_qml_QtQuick_Controls_FluentWinUI3_dark --> node_venv_lib_python3_12_site-packages_PyQt6_Qt6_qml_QtQuick_Controls_FluentWinUI3_dark_images["images"]\n    node_venv_lib_python3_12_site-packages_PyQt6_Qt6_qml_QtQuick_Controls_FluentWinUI3_dark_images --> node_venv_lib_python3_12_site-packages_PyQt6_Qt6_qml_QtQuick_Controls_FluentWinUI3_dark_images_rangeslider-groove-handle-pressed_png["rangeslider-groove-handle-pressed.png"]\n    Root --> node_venv["venv"]\n    node_venv --> node_venv_lib["lib"]\n    node_venv_lib --> node_venv_lib_python3_12["python3.12"]\n    node_venv_lib_python3_12 --> node_venv_lib_python3_12_site-packages["site-packages"]\n    node_venv_lib_python3_12_site-packages --> node_venv_lib_python3_12_site-packages_PyQt6["PyQt6"]\n    node_venv_lib_python3_12_site-packages_PyQt6 --> node_venv_lib_python3_12_site-packages_PyQt6_Qt6["Qt6"]\n    node_venv_lib_python3_12_site-packages_PyQt6_Qt6 --> node_venv_lib_python3_12_site-packages_PyQt6_Qt6_qml["qml"]\n    node_venv_lib_python3_12_site-packages_PyQt6_Qt6_qml --> node_venv_lib_python3_12_site-packages_PyQt6_Qt6_qml_QtQuick["QtQuick"]\n    node_venv_lib_python3_12_site-packages_PyQt6_Qt6_qml_QtQuick --> node_venv_lib_python3_12_site-packages_PyQt6_Qt6_qml_QtQuick_Controls["Controls"]\n    node_venv_lib_python3_12_site-packages_PyQt6_Qt6_qml_QtQuick_Controls --> node_venv_lib_python3_12_site-packages_PyQt6_Qt6_qml_QtQuick_Controls_FluentWinUI3["FluentWinUI3"]\n    node_venv_lib_python3_12_site-packages_PyQt6_Qt6_qml_QtQuick_Controls_FluentWinUI3 --> node_venv_lib_python3_12_site-packages_PyQt6_Qt6_qml_QtQuick_Controls_FluentWinUI3_dark["dark"]\n    node_venv_lib_python3_12_site-packages_PyQt6_Qt6_qml_QtQuick_Controls_FluentWinUI3_dark --> node_venv_lib_python3_12_site-packages_PyQt6_Qt6_qml_QtQuick_Controls_FluentWinUI3_dark_images["images"]\n    node_venv_lib_python3_12_site-packages_PyQt6_Qt6_qml_QtQuick_Controls_FluentWinUI3_dark_images --> node_venv_lib_python3_12_site-packages_PyQt6_Qt6_qml_QtQuick_Controls_FluentWinUI3_dark_images_rangeslider-groove-handle-pressed@2x_png["rangeslider-groove-handle-pressed@2x.png"]\n    Root --> node_venv["venv"]\n    node_venv --> node_venv_lib["lib"]\n    node_venv_lib --> node_venv_lib_python3_12["python3.12"]\n    node_venv_lib_python3_12 --> node_venv_lib_python3_12_site-packages["site-packages"]\n    node_venv_lib_python3_12_site-packages --> node_venv_lib_python3_12_site-packages_PyQt6["PyQt6"]\n    node_venv_lib_python3_12_site-packages_PyQt6 --> node_venv_lib_python3_12_site-packages_PyQt6_Qt6["Qt6"]\n    node_venv_lib_python3_12_site-packages_PyQt6_Qt6 --> node_venv_lib_python3_12_site-packages_PyQt6_Qt6_qml["qml"]\n    node_venv_lib_python3_12_site-packages_PyQt6_Qt6_qml --> node_venv_lib_python3_12_site-packages_PyQt6_Qt6_qml_QtQuick["QtQuick"]\n    node_venv_lib_python3_12_site-packages_PyQt6_Qt6_qml_QtQuick --> node_venv_lib_python3_12_site-packages_PyQt6_Qt6_qml_QtQuick_Controls["Controls"]\n    node_venv_lib_python3_12_site-packages_PyQt6_Qt6_qml_QtQuick_Controls --> node_venv_lib_python3_12_site-packages_PyQt6_Qt6_qml_QtQuick_Controls_FluentWinUI3["FluentWinUI3"]\n    node_venv_lib_python3_12_site-packages_PyQt6_Qt6_qml_QtQuick_Controls_FluentWinUI3 --> node_venv_lib_python3_12_site-packages_PyQt6_Qt6_qml_QtQuick_Controls_FluentWinUI3_dark["dark"]\n    node_venv_lib_python3_12_site-packages_PyQt6_Qt6_qml_QtQuick_Controls_FluentWinUI3_dark --> node_venv_lib_python3_12_site-packages_PyQt6_Qt6_qml_QtQuick_Controls_FluentWinUI3_dark_images["images"]\n    node_venv_lib_python3_12_site-packages_PyQt6_Qt6_qml_QtQuick_Controls_FluentWinUI3_dark_images --> node_venv_lib_python3_12_site-packages_PyQt6_Qt6_qml_QtQuick_Controls_FluentWinUI3_dark_images_rangeslider-groove-handle-pressed@3x_png["rangeslider-groove-handle-pressed@3x.png"]\n    Root --> node_venv["venv"]\n    node_venv --> node_venv_lib["lib"]\n    node_venv_lib --> node_venv_lib_python3_12["python3.12"]\n    node_venv_lib_python3_12 --> node_venv_lib_python3_12_site-packages["site-packages"]\n    node_venv_lib_python3_12_site-packages --> node_venv_lib_python3_12_site-packages_PyQt6["PyQt6"]\n    node_venv_lib_python3_12_site-packages_PyQt6 --> node_venv_lib_python3_12_site-packages_PyQt6_Qt6["Qt6"]\n    node_venv_lib_python3_12_site-packages_PyQt6_Qt6 --> node_venv_lib_python3_12_site-packages_PyQt6_Qt6_qml["qml"]\n    node_venv_lib_python3_12_site-packages_PyQt6_Qt6_qml --> node_venv_lib_python3_12_site-packages_PyQt6_Qt6_qml_QtQuick["QtQuick"]\n    node_venv_lib_python3_12_site-packages_PyQt6_Qt6_qml_QtQuick --> node_venv_lib_python3_12_site-packages_PyQt6_Qt6_qml_QtQuick_Controls["Controls"]\n    node_venv_lib_python3_12_site-packages_PyQt6_Qt6_qml_QtQuick_Controls --> node_venv_lib_python3_12_site-packages_PyQt6_Qt6_qml_QtQuick_Controls_FluentWinUI3["FluentWinUI3"]\n    node_venv_lib_python3_12_site-packages_PyQt6_Qt6_qml_QtQuick_Controls_FluentWinUI3 --> node_venv_lib_python3_12_site-packages_PyQt6_Qt6_qml_QtQuick_Controls_FluentWinUI3_dark["dark"]\n    node_venv_lib_python3_12_site-packages_PyQt6_Qt6_qml_QtQuick_Controls_FluentWinUI3_dark --> node_venv_lib_python3_12_site-packages_PyQt6_Qt6_qml_QtQuick_Controls_FluentWinUI3_dark_images["images"]\n    node_venv_lib_python3_12_site-packages_PyQt6_Qt6_qml_QtQuick_Controls_FluentWinUI3_dark_images --> node_venv_lib_python3_12_site-packages_PyQt6_Qt6_qml_QtQuick_Controls_FluentWinUI3_dark_images_rangeslider-groove-hovered_png["rangeslider-groove-hovered.png"]\n    Root --> node_venv["venv"]\n    node_venv --> node_venv_lib["lib"]\n    node_venv_lib --> node_venv_lib_python3_12["python3.12"]\n    node_venv_lib_python3_12 --> node_venv_lib_python3_12_site-packages["site-packages"]\n    node_venv_lib_python3_12_site-packages --> node_venv_lib_python3_12_site-packages_PyQt6["PyQt6"]\n    node_venv_lib_python3_12_site-packages_PyQt6 --> node_venv_lib_python3_12_site-packages_PyQt6_Qt6["Qt6"]\n    node_venv_lib_python3_12_site-packages_PyQt6_Qt6 --> node_venv_lib_python3_12_site-packages_PyQt6_Qt6_qml["qml"]\n    node_venv_lib_python3_12_site-packages_PyQt6_Qt6_qml --> node_venv_lib_python3_12_site-packages_PyQt6_Qt6_qml_QtQuick["QtQuick"]\n    node_venv_lib_python3_12_site-packages_PyQt6_Qt6_qml_QtQuick --> node_venv_lib_python3_12_site-packages_PyQt6_Qt6_qml_QtQuick_Controls["Controls"]\n    node_venv_lib_python3_12_site-packages_PyQt6_Qt6_qml_QtQuick_Controls --> node_venv_lib_python3_12_site-packages_PyQt6_Qt6_qml_QtQuick_Controls_FluentWinUI3["FluentWinUI3"]\n    node_venv_lib_python3_12_site-packages_PyQt6_Qt6_qml_QtQuick_Controls_FluentWinUI3 --> node_venv_lib_python3_12_site-packages_PyQt6_Qt6_qml_QtQuick_Controls_FluentWinUI3_dark["dark"]\n    node_venv_lib_python3_12_site-packages_PyQt6_Qt6_qml_QtQuick_Controls_FluentWinUI3_dark --> node_venv_lib_python3_12_site-packages_PyQt6_Qt6_qml_QtQuick_Controls_FluentWinUI3_dark_images["images"]\n    node_venv_lib_python3_12_site-packages_PyQt6_Qt6_qml_QtQuick_Controls_FluentWinUI3_dark_images --> node_venv_lib_python3_12_site-packages_PyQt6_Qt6_qml_QtQuick_Controls_FluentWinUI3_dark_images_rangeslider-groove-hovered@2x_png["rangeslider-groove-hovered@2x.png"]\n    Root --> node_venv["venv"]\n    node_venv --> node_venv_lib["lib"]\n    node_venv_lib --> node_venv_lib_python3_12["python3.12"]\n    node_venv_lib_python3_12 --> node_venv_lib_python3_12_site-packages["site-packages"]\n    node_venv_lib_python3_12_site-packages --> node_venv_lib_python3_12_site-packages_PyQt6["PyQt6"]\n    node_venv_lib_python3_12_site-packages_PyQt6 --> node_venv_lib_python3_12_site-packages_PyQt6_Qt6["Qt6"]\n    node_venv_lib_python3_12_site-packages_PyQt6_Qt6 --> node_venv_lib_python3_12_site-packages_PyQt6_Qt6_qml["qml"]\n    node_venv_lib_python3_12_site-packages_PyQt6_Qt6_qml --> node_venv_lib_python3_12_site-packages_PyQt6_Qt6_qml_QtQuick["QtQuick"]\n    node_venv_lib_python3_12_site-packages_PyQt6_Qt6_qml_QtQuick --> node_venv_lib_python3_12_site-packages_PyQt6_Qt6_qml_QtQuick_Controls["Controls"]\n    node_venv_lib_python3_12_site-packages_PyQt6_Qt6_qml_QtQuick_Controls --> node_venv_lib_python3_12_site-packages_PyQt6_Qt6_qml_QtQuick_Controls_FluentWinUI3["FluentWinUI3"]\n    node_venv_lib_python3_12_site-packages_PyQt6_Qt6_qml_QtQuick_Controls_FluentWinUI3 --> node_venv_lib_python3_12_site-packages_PyQt6_Qt6_qml_QtQuick_Controls_FluentWinUI3_dark["dark"]\n    node_venv_lib_python3_12_site-packages_PyQt6_Qt6_qml_QtQuick_Controls_FluentWinUI3_dark --> node_venv_lib_python3_12_site-packages_PyQt6_Qt6_qml_QtQuick_Controls_FluentWinUI3_dark_images["images"]\n    node_venv_lib_python3_12_site-packages_PyQt6_Qt6_qml_QtQuick_Controls_FluentWinUI3_dark_images --> node_venv_lib_python3_12_site-packages_PyQt6_Qt6_qml_QtQuick_Controls_FluentWinUI3_dark_images_rangeslider-groove-hovered@3x_png["rangeslider-groove-hovered@3x.png"]\n    Root --> node_venv["venv"]\n    node_venv --> node_venv_lib["lib"]\n    node_venv_lib --> node_venv_lib_python3_12["python3.12"]\n    node_venv_lib_python3_12 --> node_venv_lib_python3_12_site-packages["site-packages"]\n    node_venv_lib_python3_12_site-packages --> node_venv_lib_python3_12_site-packages_PyQt6["PyQt6"]\n    node_venv_lib_python3_12_site-packages_PyQt6 --> node_venv_lib_python3_12_site-packages_PyQt6_Qt6["Qt6"]\n    node_venv_lib_python3_12_site-packages_PyQt6_Qt6 --> node_venv_lib_python3_12_site-packages_PyQt6_Qt6_qml["qml"]\n    node_venv_lib_python3_12_site-packages_PyQt6_Qt6_qml --> node_venv_lib_python3_12_site-packages_PyQt6_Qt6_qml_QtQuick["QtQuick"]\n    node_venv_lib_python3_12_site-packages_PyQt6_Qt6_qml_QtQuick --> node_venv_lib_python3_12_site-packages_PyQt6_Qt6_qml_QtQuick_Controls["Controls"]\n    node_venv_lib_python3_12_site-packages_PyQt6_Qt6_qml_QtQuick_Controls --> node_venv_lib_python3_12_site-packages_PyQt6_Qt6_qml_QtQuick_Controls_FluentWinUI3["FluentWinUI3"]\n    node_venv_lib_python3_12_site-packages_PyQt6_Qt6_qml_QtQuick_Controls_FluentWinUI3 --> node_venv_lib_python3_12_site-packages_PyQt6_Qt6_qml_QtQuick_Controls_FluentWinUI3_dark["dark"]\n    node_venv_lib_python3_12_site-packages_PyQt6_Qt6_qml_QtQuick_Controls_FluentWinUI3_dark --> node_venv_lib_python3_12_site-packages_PyQt6_Qt6_qml_QtQuick_Controls_FluentWinUI3_dark_images["images"]\n    node_venv_lib_python3_12_site-packages_PyQt6_Qt6_qml_QtQuick_Controls_FluentWinUI3_dark_images --> node_venv_lib_python3_12_site-packages_PyQt6_Qt6_qml_QtQuick_Controls_FluentWinUI3_dark_images_rangeslider-groove_png["rangeslider-groove.png"]\n    Root --> node_venv["venv"]\n    node_venv --> node_venv_lib["lib"]\n    node_venv_lib --> node_venv_lib_python3_12["python3.12"]\n    node_venv_lib_python3_12 --> node_venv_lib_python3_12_site-packages["site-packages"]\n    node_venv_lib_python3_12_site-packages --> node_venv_lib_python3_12_site-packages_PyQt6["PyQt6"]\n    node_venv_lib_python3_12_site-packages_PyQt6 --> node_venv_lib_python3_12_site-packages_PyQt6_Qt6["Qt6"]\n    node_venv_lib_python3_12_site-packages_PyQt6_Qt6 --> node_venv_lib_python3_12_site-packages_PyQt6_Qt6_qml["qml"]\n    node_venv_lib_python3_12_site-packages_PyQt6_Qt6_qml --> node_venv_lib_python3_12_site-packages_PyQt6_Qt6_qml_QtQuick["QtQuick"]\n    node_venv_lib_python3_12_site-packages_PyQt6_Qt6_qml_QtQuick --> node_venv_lib_python3_12_site-packages_PyQt6_Qt6_qml_QtQuick_Controls["Controls"]\n    node_venv_lib_python3_12_site-packages_PyQt6_Qt6_qml_QtQuick_Controls --> node_venv_lib_python3_12_site-packages_PyQt6_Qt6_qml_QtQuick_Controls_FluentWinUI3["FluentWinUI3"]\n    node_venv_lib_python3_12_site-packages_PyQt6_Qt6_qml_QtQuick_Controls_FluentWinUI3 --> node_venv_lib_python3_12_site-packages_PyQt6_Qt6_qml_QtQuick_Controls_FluentWinUI3_dark["dark"]\n    node_venv_lib_python3_12_site-packages_PyQt6_Qt6_qml_QtQuick_Controls_FluentWinUI3_dark --> node_venv_lib_python3_12_site-packages_PyQt6_Qt6_qml_QtQuick_Controls_FluentWinUI3_dark_images["images"]\n    node_venv_lib_python3_12_site-packages_PyQt6_Qt6_qml_QtQuick_Controls_FluentWinUI3_dark_images --> node_venv_lib_python3_12_site-packages_PyQt6_Qt6_qml_QtQuick_Controls_FluentWinUI3_dark_images_rangeslider-groove@2x_png["rangeslider-groove@2x.png"]\n    Root --> node_venv["venv"]\n    node_venv --> node_venv_lib["lib"]\n    node_venv_lib --> node_venv_lib_python3_12["python3.12"]\n    node_venv_lib_python3_12 --> node_venv_lib_python3_12_site-packages["site-packages"]\n    node_venv_lib_python3_12_site-packages --> node_venv_lib_python3_12_site-packages_PyQt6["PyQt6"]\n    node_venv_lib_python3_12_site-packages_PyQt6 --> node_venv_lib_python3_12_site-packages_PyQt6_Qt6["Qt6"]\n    node_venv_lib_python3_12_site-packages_PyQt6_Qt6 --> node_venv_lib_python3_12_site-packages_PyQt6_Qt6_qml["qml"]\n    node_venv_lib_python3_12_site-packages_PyQt6_Qt6_qml --> node_venv_lib_python3_12_site-packages_PyQt6_Qt6_qml_QtQuick["QtQuick"]\n    node_venv_lib_python3_12_site-packages_PyQt6_Qt6_qml_QtQuick --> node_venv_lib_python3_12_site-packages_PyQt6_Qt6_qml_QtQuick_Controls["Controls"]\n    node_venv_lib_python3_12_site-packages_PyQt6_Qt6_qml_QtQuick_Controls --> node_venv_lib_python3_12_site-packages_PyQt6_Qt6_qml_QtQuick_Controls_FluentWinUI3["FluentWinUI3"]\n    node_venv_lib_python3_12_site-packages_PyQt6_Qt6_qml_QtQuick_Controls_FluentWinUI3 --> node_venv_lib_python3_12_site-packages_PyQt6_Qt6_qml_QtQuick_Controls_FluentWinUI3_dark["dark"]\n    node_venv_lib_python3_12_site-packages_PyQt6_Qt6_qml_QtQuick_Controls_FluentWinUI3_dark --> node_venv_lib_python3_12_site-packages_PyQt6_Qt6_qml_QtQuick_Controls_FluentWinUI3_dark_images["images"]\n    node_venv_lib_python3_12_site-packages_PyQt6_Qt6_qml_QtQuick_Controls_FluentWinUI3_dark_images --> node_venv_lib_python3_12_site-packages_PyQt6_Qt6_qml_QtQuick_Controls_FluentWinUI3_dark_images_rangeslider-groove@3x_png["rangeslider-groove@3x.png"]\n    Root --> node_venv["venv"]\n    node_venv --> node_venv_lib["lib"]\n    node_venv_lib --> node_venv_lib_python3_12["python3.12"]\n    node_venv_lib_python3_12 --> node_venv_lib_python3_12_site-packages["site-packages"]\n    node_venv_lib_python3_12_site-packages --> node_venv_lib_python3_12_site-packages_PyQt6["PyQt6"]\n    node_venv_lib_python3_12_site-packages_PyQt6 --> node_venv_lib_python3_12_site-packages_PyQt6_Qt6["Qt6"]\n    node_venv_lib_python3_12_site-packages_PyQt6_Qt6 --> node_venv_lib_python3_12_site-packages_PyQt6_Qt6_qml["qml"]\n    node_venv_lib_python3_12_site-packages_PyQt6_Qt6_qml --> node_venv_lib_python3_12_site-packages_PyQt6_Qt6_qml_QtQuick["QtQuick"]\n    node_venv_lib_python3_12_site-packages_PyQt6_Qt6_qml_QtQuick --> node_venv_lib_python3_12_site-packages_PyQt6_Qt6_qml_QtQuick_Controls["Controls"]\n    node_venv_lib_python3_12_site-packages_PyQt6_Qt6_qml_QtQuick_Controls --> node_venv_lib_python3_12_site-packages_PyQt6_Qt6_qml_QtQuick_Controls_FluentWinUI3["FluentWinUI3"]\n    node_venv_lib_python3_12_site-packages_PyQt6_Qt6_qml_QtQuick_Controls_FluentWinUI3 --> node_venv_lib_python3_12_site-packages_PyQt6_Qt6_qml_QtQuick_Controls_FluentWinUI3_dark["dark"]\n    node_venv_lib_python3_12_site-packages_PyQt6_Qt6_qml_QtQuick_Controls_FluentWinUI3_dark --> node_venv_lib_python3_12_site-packages_PyQt6_Qt6_qml_QtQuick_Controls_FluentWinUI3_dark_images["images"]\n    node_venv_lib_python3_12_site-packages_PyQt6_Qt6_qml_QtQuick_Controls_FluentWinUI3_dark_images --> node_venv_lib_python3_12_site-packages_PyQt6_Qt6_qml_QtQuick_Controls_FluentWinUI3_dark_images_rangeslider-second-handle-disabled_png["rangeslider-second-handle-disabled.png"]\n    Root --> node_venv["venv"]\n    node_venv --> node_venv_lib["lib"]\n    node_venv_lib --> node_venv_lib_python3_12["python3.12"]\n    node_venv_lib_python3_12 --> node_venv_lib_python3_12_site-packages["site-packages"]\n    node_venv_lib_python3_12_site-packages --> node_venv_lib_python3_12_site-packages_PyQt6["PyQt6"]\n    node_venv_lib_python3_12_site-packages_PyQt6 --> node_venv_lib_python3_12_site-packages_PyQt6_Qt6["Qt6"]\n    node_venv_lib_python3_12_site-packages_PyQt6_Qt6 --> node_venv_lib_python3_12_site-packages_PyQt6_Qt6_qml["qml"]\n    node_venv_lib_python3_12_site-packages_PyQt6_Qt6_qml --> node_venv_lib_python3_12_site-packages_PyQt6_Qt6_qml_QtQuick["QtQuick"]\n    node_venv_lib_python3_12_site-packages_PyQt6_Qt6_qml_QtQuick --> node_venv_lib_python3_12_site-packages_PyQt6_Qt6_qml_QtQuick_Controls["Controls"]\n    node_venv_lib_python3_12_site-packages_PyQt6_Qt6_qml_QtQuick_Controls --> node_venv_lib_python3_12_site-packages_PyQt6_Qt6_qml_QtQuick_Controls_FluentWinUI3["FluentWinUI3"]\n    node_venv_lib_python3_12_site-packages_PyQt6_Qt6_qml_QtQuick_Controls_FluentWinUI3 --> node_venv_lib_python3_12_site-packages_PyQt6_Qt6_qml_QtQuick_Controls_FluentWinUI3_dark["dark"]\n    node_venv_lib_python3_12_site-packages_PyQt6_Qt6_qml_QtQuick_Controls_FluentWinUI3_dark --> node_venv_lib_python3_12_site-packages_PyQt6_Qt6_qml_QtQuick_Controls_FluentWinUI3_dark_images["images"]\n    node_venv_lib_python3_12_site-packages_PyQt6_Qt6_qml_QtQuick_Controls_FluentWinUI3_dark_images --> node_venv_lib_python3_12_site-packages_PyQt6_Qt6_qml_QtQuick_Controls_FluentWinUI3_dark_images_rangeslider-second-handle-disabled@2x_png["rangeslider-second-handle-disabled@2x.png"]\n    Root --> node_venv["venv"]\n    node_venv --> node_venv_lib["lib"]\n    node_venv_lib --> node_venv_lib_python3_12["python3.12"]\n    node_venv_lib_python3_12 --> node_venv_lib_python3_12_site-packages["site-packages"]\n    node_venv_lib_python3_12_site-packages --> node_venv_lib_python3_12_site-packages_PyQt6["PyQt6"]\n    node_venv_lib_python3_12_site-packages_PyQt6 --> node_venv_lib_python3_12_site-packages_PyQt6_Qt6["Qt6"]\n    node_venv_lib_python3_12_site-packages_PyQt6_Qt6 --> node_venv_lib_python3_12_site-packages_PyQt6_Qt6_qml["qml"]\n    node_venv_lib_python3_12_site-packages_PyQt6_Qt6_qml --> node_venv_lib_python3_12_site-packages_PyQt6_Qt6_qml_QtQuick["QtQuick"]\n    node_venv_lib_python3_12_site-packages_PyQt6_Qt6_qml_QtQuick --> node_venv_lib_python3_12_site-packages_PyQt6_Qt6_qml_QtQuick_Controls["Controls"]\n    node_venv_lib_python3_12_site-packages_PyQt6_Qt6_qml_QtQuick_Controls --> node_venv_lib_python3_12_site-packages_PyQt6_Qt6_qml_QtQuick_Controls_FluentWinUI3["FluentWinUI3"]\n    node_venv_lib_python3_12_site-packages_PyQt6_Qt6_qml_QtQuick_Controls_FluentWinUI3 --> node_venv_lib_python3_12_site-packages_PyQt6_Qt6_qml_QtQuick_Controls_FluentWinUI3_dark["dark"]\n    node_venv_lib_python3_12_site-packages_PyQt6_Qt6_qml_QtQuick_Controls_FluentWinUI3_dark --> node_venv_lib_python3_12_site-packages_PyQt6_Qt6_qml_QtQuick_Controls_FluentWinUI3_dark_images["images"]\n    node_venv_lib_python3_12_site-packages_PyQt6_Qt6_qml_QtQuick_Controls_FluentWinUI3_dark_images --> node_venv_lib_python3_12_site-packages_PyQt6_Qt6_qml_QtQuick_Controls_FluentWinUI3_dark_images_rangeslider-second-handle-disabled@3x_png["rangeslider-second-handle-disabled@3x.png"]\n    Root --> node_venv["venv"]\n    node_venv --> node_venv_lib["lib"]\n    node_venv_lib --> node_venv_lib_python3_12["python3.12"]\n    node_venv_lib_python3_12 --> node_venv_lib_python3_12_site-packages["site-packages"]\n    node_venv_lib_python3_12_site-packages --> node_venv_lib_python3_12_site-packages_PyQt6["PyQt6"]\n    node_venv_lib_python3_12_site-packages_PyQt6 --> node_venv_lib_python3_12_site-packages_PyQt6_Qt6["Qt6"]\n    node_venv_lib_python3_12_site-packages_PyQt6_Qt6 --> node_venv_lib_python3_12_site-packages_PyQt6_Qt6_qml["qml"]\n    node_venv_lib_python3_12_site-packages_PyQt6_Qt6_qml --> node_venv_lib_python3_12_site-packages_PyQt6_Qt6_qml_QtQuick["QtQuick"]\n    node_venv_lib_python3_12_site-packages_PyQt6_Qt6_qml_QtQuick --> node_venv_lib_python3_12_site-packages_PyQt6_Qt6_qml_QtQuick_Controls["Controls"]\n    node_venv_lib_python3_12_site-packages_PyQt6_Qt6_qml_QtQuick_Controls --> node_venv_lib_python3_12_site-packages_PyQt6_Qt6_qml_QtQuick_Controls_FluentWinUI3["FluentWinUI3"]\n    node_venv_lib_python3_12_site-packages_PyQt6_Qt6_qml_QtQuick_Controls_FluentWinUI3 --> node_venv_lib_python3_12_site-packages_PyQt6_Qt6_qml_QtQuick_Controls_FluentWinUI3_dark["dark"]\n    node_venv_lib_python3_12_site-packages_PyQt6_Qt6_qml_QtQuick_Controls_FluentWinUI3_dark --> node_venv_lib_python3_12_site-packages_PyQt6_Qt6_qml_QtQuick_Controls_FluentWinUI3_dark_images["images"]\n    node_venv_lib_python3_12_site-packages_PyQt6_Qt6_qml_QtQuick_Controls_FluentWinUI3_dark_images --> node_venv_lib_python3_12_site-packages_PyQt6_Qt6_qml_QtQuick_Controls_FluentWinUI3_dark_images_rangeslider-second-handle-handle-pressed_png["rangeslider-second-handle-handle-pressed.png"]\n    Root --> node_venv["venv"]\n    node_venv --> node_venv_lib["lib"]\n    node_venv_lib --> node_venv_lib_python3_12["python3.12"]\n    node_venv_lib_python3_12 --> node_venv_lib_python3_12_site-packages["site-packages"]\n    node_venv_lib_python3_12_site-packages --> node_venv_lib_python3_12_site-packages_PyQt6["PyQt6"]\n    node_venv_lib_python3_12_site-packages_PyQt6 --> node_venv_lib_python3_12_site-packages_PyQt6_Qt6["Qt6"]\n    node_venv_lib_python3_12_site-packages_PyQt6_Qt6 --> node_venv_lib_python3_12_site-packages_PyQt6_Qt6_qml["qml"]\n    node_venv_lib_python3_12_site-packages_PyQt6_Qt6_qml --> node_venv_lib_python3_12_site-packages_PyQt6_Qt6_qml_QtQuick["QtQuick"]\n    node_venv_lib_python3_12_site-packages_PyQt6_Qt6_qml_QtQuick --> node_venv_lib_python3_12_site-packages_PyQt6_Qt6_qml_QtQuick_Controls["Controls"]\n    node_venv_lib_python3_12_site-packages_PyQt6_Qt6_qml_QtQuick_Controls --> node_venv_lib_python3_12_site-packages_PyQt6_Qt6_qml_QtQuick_Controls_FluentWinUI3["FluentWinUI3"]\n    node_venv_lib_python3_12_site-packages_PyQt6_Qt6_qml_QtQuick_Controls_FluentWinUI3 --> node_venv_lib_python3_12_site-packages_PyQt6_Qt6_qml_QtQuick_Controls_FluentWinUI3_dark["dark"]\n    node_venv_lib_python3_12_site-packages_PyQt6_Qt6_qml_QtQuick_Controls_FluentWinUI3_dark --> node_venv_lib_python3_12_site-packages_PyQt6_Qt6_qml_QtQuick_Controls_FluentWinUI3_dark_images["images"]\n    node_venv_lib_python3_12_site-packages_PyQt6_Qt6_qml_QtQuick_Controls_FluentWinUI3_dark_images --> node_venv_lib_python3_12_site-packages_PyQt6_Qt6_qml_QtQuick_Controls_FluentWinUI3_dark_images_rangeslider-second-handle-handle-pressed@2x_png["rangeslider-second-handle-handle-pressed@2x.png"]\n    Root --> node_venv["venv"]\n    node_venv --> node_venv_lib["lib"]\n    node_venv_lib --> node_venv_lib_python3_12["python3.12"]\n    node_venv_lib_python3_12 --> node_venv_lib_python3_12_site-packages["site-packages"]\n    node_venv_lib_python3_12_site-packages --> node_venv_lib_python3_12_site-packages_PyQt6["PyQt6"]\n    node_venv_lib_python3_12_site-packages_PyQt6 --> node_venv_lib_python3_12_site-packages_PyQt6_Qt6["Qt6"]\n    node_venv_lib_python3_12_site-packages_PyQt6_Qt6 --> node_venv_lib_python3_12_site-packages_PyQt6_Qt6_qml["qml"]\n    node_venv_lib_python3_12_site-packages_PyQt6_Qt6_qml --> node_venv_lib_python3_12_site-packages_PyQt6_Qt6_qml_QtQuick["QtQuick"]\n    node_venv_lib_python3_12_site-packages_PyQt6_Qt6_qml_QtQuick --> node_venv_lib_python3_12_site-packages_PyQt6_Qt6_qml_QtQuick_Controls["Controls"]\n    node_venv_lib_python3_12_site-packages_PyQt6_Qt6_qml_QtQuick_Controls --> node_venv_lib_python3_12_site-packages_PyQt6_Qt6_qml_QtQuick_Controls_FluentWinUI3["FluentWinUI3"]\n    node_venv_lib_python3_12_site-packages_PyQt6_Qt6_qml_QtQuick_Controls_FluentWinUI3 --> node_venv_lib_python3_12_site-packages_PyQt6_Qt6_qml_QtQuick_Controls_FluentWinUI3_dark["dark"]\n    node_venv_lib_python3_12_site-packages_PyQt6_Qt6_qml_QtQuick_Controls_FluentWinUI3_dark --> node_venv_lib_python3_12_site-packages_PyQt6_Qt6_qml_QtQuick_Controls_FluentWinUI3_dark_images["images"]\n    node_venv_lib_python3_12_site-packages_PyQt6_Qt6_qml_QtQuick_Controls_FluentWinUI3_dark_images --> node_venv_lib_python3_12_site-packages_PyQt6_Qt6_qml_QtQuick_Controls_FluentWinUI3_dark_images_rangeslider-second-handle-handle-pressed@3x_png["rangeslider-second-handle-handle-pressed@3x.png"]\n    Root --> node_venv["venv"]\n    node_venv --> node_venv_lib["lib"]\n    node_venv_lib --> node_venv_lib_python3_12["python3.12"]\n    node_venv_lib_python3_12 --> node_venv_lib_python3_12_site-packages["site-packages"]\n    node_venv_lib_python3_12_site-packages --> node_venv_lib_python3_12_site-packages_PyQt6["PyQt6"]\n    node_venv_lib_python3_12_site-packages_PyQt6 --> node_venv_lib_python3_12_site-packages_PyQt6_Qt6["Qt6"]\n    node_venv_lib_python3_12_site-packages_PyQt6_Qt6 --> node_venv_lib_python3_12_site-packages_PyQt6_Qt6_qml["qml"]\n    node_venv_lib_python3_12_site-packages_PyQt6_Qt6_qml --> node_venv_lib_python3_12_site-packages_PyQt6_Qt6_qml_QtQuick["QtQuick"]\n    node_venv_lib_python3_12_site-packages_PyQt6_Qt6_qml_QtQuick --> node_venv_lib_python3_12_site-packages_PyQt6_Qt6_qml_QtQuick_Controls["Controls"]\n    node_venv_lib_python3_12_site-packages_PyQt6_Qt6_qml_QtQuick_Controls --> node_venv_lib_python3_12_site-packages_PyQt6_Qt6_qml_QtQuick_Controls_FluentWinUI3["FluentWinUI3"]\n    node_venv_lib_python3_12_site-packages_PyQt6_Qt6_qml_QtQuick_Controls_FluentWinUI3 --> node_venv_lib_python3_12_site-packages_PyQt6_Qt6_qml_QtQuick_Controls_FluentWinUI3_dark["dark"]\n    node_venv_lib_python3_12_site-packages_PyQt6_Qt6_qml_QtQuick_Controls_FluentWinUI3_dark --> node_venv_lib_python3_12_site-packages_PyQt6_Qt6_qml_QtQuick_Controls_FluentWinUI3_dark_images["images"]\n    node_venv_lib_python3_12_site-packages_PyQt6_Qt6_qml_QtQuick_Controls_FluentWinUI3_dark_images --> node_venv_lib_python3_12_site-packages_PyQt6_Qt6_qml_QtQuick_Controls_FluentWinUI3_dark_images_rangeslider-second-handle-hovered_png["rangeslider-second-handle-hovered.png"]\n    Root --> node_venv["venv"]\n    node_venv --> node_venv_lib["lib"]\n    node_venv_lib --> node_venv_lib_python3_12["python3.12"]\n    node_venv_lib_python3_12 --> node_venv_lib_python3_12_site-packages["site-packages"]\n    node_venv_lib_python3_12_site-packages --> node_venv_lib_python3_12_site-packages_PyQt6["PyQt6"]\n    node_venv_lib_python3_12_site-packages_PyQt6 --> node_venv_lib_python3_12_site-packages_PyQt6_Qt6["Qt6"]\n    node_venv_lib_python3_12_site-packages_PyQt6_Qt6 --> node_venv_lib_python3_12_site-packages_PyQt6_Qt6_qml["qml"]\n    node_venv_lib_python3_12_site-packages_PyQt6_Qt6_qml --> node_venv_lib_python3_12_site-packages_PyQt6_Qt6_qml_QtQuick["QtQuick"]\n    node_venv_lib_python3_12_site-packages_PyQt6_Qt6_qml_QtQuick --> node_venv_lib_python3_12_site-packages_PyQt6_Qt6_qml_QtQuick_Controls["Controls"]\n    node_venv_lib_python3_12_site-packages_PyQt6_Qt6_qml_QtQuick_Controls --> node_venv_lib_python3_12_site-packages_PyQt6_Qt6_qml_QtQuick_Controls_FluentWinUI3["FluentWinUI3"]\n    node_venv_lib_python3_12_site-packages_PyQt6_Qt6_qml_QtQuick_Controls_FluentWinUI3 --> node_venv_lib_python3_12_site-packages_PyQt6_Qt6_qml_QtQuick_Controls_FluentWinUI3_dark["dark"]\n    node_venv_lib_python3_12_site-packages_PyQt6_Qt6_qml_QtQuick_Controls_FluentWinUI3_dark --> node_venv_lib_python3_12_site-packages_PyQt6_Qt6_qml_QtQuick_Controls_FluentWinUI3_dark_images["images"]\n    node_venv_lib_python3_12_site-packages_PyQt6_Qt6_qml_QtQuick_Controls_FluentWinUI3_dark_images --> node_venv_lib_python3_12_site-packages_PyQt6_Qt6_qml_QtQuick_Controls_FluentWinUI3_dark_images_rangeslider-second-handle-hovered@2x_png["rangeslider-second-handle-hovered@2x.png"]\n    Root --> node_venv["venv"]\n    node_venv --> node_venv_lib["lib"]\n    node_venv_lib --> node_venv_lib_python3_12["python3.12"]\n    node_venv_lib_python3_12 --> node_venv_lib_python3_12_site-packages["site-packages"]\n    node_venv_lib_python3_12_site-packages --> node_venv_lib_python3_12_site-packages_PyQt6["PyQt6"]\n    node_venv_lib_python3_12_site-packages_PyQt6 --> node_venv_lib_python3_12_site-packages_PyQt6_Qt6["Qt6"]\n    node_venv_lib_python3_12_site-packages_PyQt6_Qt6 --> node_venv_lib_python3_12_site-packages_PyQt6_Qt6_qml["qml"]\n    node_venv_lib_python3_12_site-packages_PyQt6_Qt6_qml --> node_venv_lib_python3_12_site-packages_PyQt6_Qt6_qml_QtQuick["QtQuick"]\n    node_venv_lib_python3_12_site-packages_PyQt6_Qt6_qml_QtQuick --> node_venv_lib_python3_12_site-packages_PyQt6_Qt6_qml_QtQuick_Controls["Controls"]\n    node_venv_lib_python3_12_site-packages_PyQt6_Qt6_qml_QtQuick_Controls --> node_venv_lib_python3_12_site-packages_PyQt6_Qt6_qml_QtQuick_Controls_FluentWinUI3["FluentWinUI3"]\n    node_venv_lib_python3_12_site-packages_PyQt6_Qt6_qml_QtQuick_Controls_FluentWinUI3 --> node_venv_lib_python3_12_site-packages_PyQt6_Qt6_qml_QtQuick_Controls_FluentWinUI3_dark["dark"]\n    node_venv_lib_python3_12_site-packages_PyQt6_Qt6_qml_QtQuick_Controls_FluentWinUI3_dark --> node_venv_lib_python3_12_site-packages_PyQt6_Qt6_qml_QtQuick_Controls_FluentWinUI3_dark_images["images"]\n    node_venv_lib_python3_12_site-packages_PyQt6_Qt6_qml_QtQuick_Controls_FluentWinUI3_dark_images --> node_venv_lib_python3_12_site-packages_PyQt6_Qt6_qml_QtQuick_Controls_FluentWinUI3_dark_images_rangeslider-second-handle-hovered@3x_png["rangeslider-second-handle-hovered@3x.png"]\n    Root --> node_venv["venv"]\n    node_venv --> node_venv_lib["lib"]\n    node_venv_lib --> node_venv_lib_python3_12["python3.12"]\n    node_venv_lib_python3_12 --> node_venv_lib_python3_12_site-packages["site-packages"]\n    node_venv_lib_python3_12_site-packages --> node_venv_lib_python3_12_site-packages_PyQt6["PyQt6"]\n    node_venv_lib_python3_12_site-packages_PyQt6 --> node_venv_lib_python3_12_site-packages_PyQt6_Qt6["Qt6"]\n    node_venv_lib_python3_12_site-packages_PyQt6_Qt6 --> node_venv_lib_python3_12_site-packages_PyQt6_Qt6_qml["qml"]\n    node_venv_lib_python3_12_site-packages_PyQt6_Qt6_qml --> node_venv_lib_python3_12_site-packages_PyQt6_Qt6_qml_QtQuick["QtQuick"]\n    node_venv_lib_python3_12_site-packages_PyQt6_Qt6_qml_QtQuick --> node_venv_lib_python3_12_site-packages_PyQt6_Qt6_qml_QtQuick_Controls["Controls"]\n    node_venv_lib_python3_12_site-packages_PyQt6_Qt6_qml_QtQuick_Controls --> node_venv_lib_python3_12_site-packages_PyQt6_Qt6_qml_QtQuick_Controls_FluentWinUI3["FluentWinUI3"]\n    node_venv_lib_python3_12_site-packages_PyQt6_Qt6_qml_QtQuick_Controls_FluentWinUI3 --> node_venv_lib_python3_12_site-packages_PyQt6_Qt6_qml_QtQuick_Controls_FluentWinUI3_dark["dark"]\n    node_venv_lib_python3_12_site-packages_PyQt6_Qt6_qml_QtQuick_Controls_FluentWinUI3_dark --> node_venv_lib_python3_12_site-packages_PyQt6_Qt6_qml_QtQuick_Controls_FluentWinUI3_dark_images["images"]\n    node_venv_lib_python3_12_site-packages_PyQt6_Qt6_qml_QtQuick_Controls_FluentWinUI3_dark_images --> node_venv_lib_python3_12_site-packages_PyQt6_Qt6_qml_QtQuick_Controls_FluentWinUI3_dark_images_rangeslider-second-handle_png["rangeslider-second-handle.png"]\n    Root --> node_venv["venv"]\n    node_venv --> node_venv_lib["lib"]\n    node_venv_lib --> node_venv_lib_python3_12["python3.12"]\n    node_venv_lib_python3_12 --> node_venv_lib_python3_12_site-packages["site-packages"]\n    node_venv_lib_python3_12_site-packages --> node_venv_lib_python3_12_site-packages_PyQt6["PyQt6"]\n    node_venv_lib_python3_12_site-packages_PyQt6 --> node_venv_lib_python3_12_site-packages_PyQt6_Qt6["Qt6"]\n    node_venv_lib_python3_12_site-packages_PyQt6_Qt6 --> node_venv_lib_python3_12_site-packages_PyQt6_Qt6_qml["qml"]\n    node_venv_lib_python3_12_site-packages_PyQt6_Qt6_qml --> node_venv_lib_python3_12_site-packages_PyQt6_Qt6_qml_QtQuick["QtQuick"]\n    node_venv_lib_python3_12_site-packages_PyQt6_Qt6_qml_QtQuick --> node_venv_lib_python3_12_site-packages_PyQt6_Qt6_qml_QtQuick_Controls["Controls"]\n    node_venv_lib_python3_12_site-packages_PyQt6_Qt6_qml_QtQuick_Controls --> node_venv_lib_python3_12_site-packages_PyQt6_Qt6_qml_QtQuick_Controls_FluentWinUI3["FluentWinUI3"]\n    node_venv_lib_python3_12_site-packages_PyQt6_Qt6_qml_QtQuick_Controls_FluentWinUI3 --> node_venv_lib_python3_12_site-packages_PyQt6_Qt6_qml_QtQuick_Controls_FluentWinUI3_dark["dark"]\n    node_venv_lib_python3_12_site-packages_PyQt6_Qt6_qml_QtQuick_Controls_FluentWinUI3_dark --> node_venv_lib_python3_12_site-packages_PyQt6_Qt6_qml_QtQuick_Controls_FluentWinUI3_dark_images["images"]\n    node_venv_lib_python3_12_site-packages_PyQt6_Qt6_qml_QtQuick_Controls_FluentWinUI3_dark_images --> node_venv_lib_python3_12_site-packages_PyQt6_Qt6_qml_QtQuick_Controls_FluentWinUI3_dark_images_rangeslider-second-handle@2x_png["rangeslider-second-handle@2x.png"]\n    Root --> node_venv["venv"]\n    node_venv --> node_venv_lib["lib"]\n    node_venv_lib --> node_venv_lib_python3_12["python3.12"]\n    node_venv_lib_python3_12 --> node_venv_lib_python3_12_site-packages["site-packages"]\n    node_venv_lib_python3_12_site-packages --> node_venv_lib_python3_12_site-packages_PyQt6["PyQt6"]\n    node_venv_lib_python3_12_site-packages_PyQt6 --> node_venv_lib_python3_12_site-packages_PyQt6_Qt6["Qt6"]\n    node_venv_lib_python3_12_site-packages_PyQt6_Qt6 --> node_venv_lib_python3_12_site-packages_PyQt6_Qt6_qml["qml"]\n    node_venv_lib_python3_12_site-packages_PyQt6_Qt6_qml --> node_venv_lib_python3_12_site-packages_PyQt6_Qt6_qml_QtQuick["QtQuick"]\n    node_venv_lib_python3_12_site-packages_PyQt6_Qt6_qml_QtQuick --> node_venv_lib_python3_12_site-packages_PyQt6_Qt6_qml_QtQuick_Controls["Controls"]\n    node_venv_lib_python3_12_site-packages_PyQt6_Qt6_qml_QtQuick_Controls --> node_venv_lib_python3_12_site-packages_PyQt6_Qt6_qml_QtQuick_Controls_FluentWinUI3["FluentWinUI3"]\n    node_venv_lib_python3_12_site-packages_PyQt6_Qt6_qml_QtQuick_Controls_FluentWinUI3 --> node_venv_lib_python3_12_site-packages_PyQt6_Qt6_qml_QtQuick_Controls_FluentWinUI3_dark["dark"]\n    node_venv_lib_python3_12_site-packages_PyQt6_Qt6_qml_QtQuick_Controls_FluentWinUI3_dark --> node_venv_lib_python3_12_site-packages_PyQt6_Qt6_qml_QtQuick_Controls_FluentWinUI3_dark_images["images"]\n    node_venv_lib_python3_12_site-packages_PyQt6_Qt6_qml_QtQuick_Controls_FluentWinUI3_dark_images --> node_venv_lib_python3_12_site-packages_PyQt6_Qt6_qml_QtQuick_Controls_FluentWinUI3_dark_images_rangeslider-second-handle@3x_png["rangeslider-second-handle@3x.png"]\n    Root --> node_venv["venv"]\n    node_venv --> node_venv_lib["lib"]\n    node_venv_lib --> node_venv_lib_python3_12["python3.12"]\n    node_venv_lib_python3_12 --> node_venv_lib_python3_12_site-packages["site-packages"]\n    node_venv_lib_python3_12_site-packages --> node_venv_lib_python3_12_site-packages_PyQt6["PyQt6"]\n    node_venv_lib_python3_12_site-packages_PyQt6 --> node_venv_lib_python3_12_site-packages_PyQt6_Qt6["Qt6"]\n    node_venv_lib_python3_12_site-packages_PyQt6_Qt6 --> node_venv_lib_python3_12_site-packages_PyQt6_Qt6_qml["qml"]\n    node_venv_lib_python3_12_site-packages_PyQt6_Qt6_qml --> node_venv_lib_python3_12_site-packages_PyQt6_Qt6_qml_QtQuick["QtQuick"]\n    node_venv_lib_python3_12_site-packages_PyQt6_Qt6_qml_QtQuick --> node_venv_lib_python3_12_site-packages_PyQt6_Qt6_qml_QtQuick_Controls["Controls"]\n    node_venv_lib_python3_12_site-packages_PyQt6_Qt6_qml_QtQuick_Controls --> node_venv_lib_python3_12_site-packages_PyQt6_Qt6_qml_QtQuick_Controls_FluentWinUI3["FluentWinUI3"]\n    node_venv_lib_python3_12_site-packages_PyQt6_Qt6_qml_QtQuick_Controls_FluentWinUI3 --> node_venv_lib_python3_12_site-packages_PyQt6_Qt6_qml_QtQuick_Controls_FluentWinUI3_dark["dark"]\n    node_venv_lib_python3_12_site-packages_PyQt6_Qt6_qml_QtQuick_Controls_FluentWinUI3_dark --> node_venv_lib_python3_12_site-packages_PyQt6_Qt6_qml_QtQuick_Controls_FluentWinUI3_dark_images["images"]\n    node_venv_lib_python3_12_site-packages_PyQt6_Qt6_qml_QtQuick_Controls_FluentWinUI3_dark_images --> node_venv_lib_python3_12_site-packages_PyQt6_Qt6_qml_QtQuick_Controls_FluentWinUI3_dark_images_slider-groove-disabled_png["slider-groove-disabled.png"]\n    Root --> node_venv["venv"]\n    node_venv --> node_venv_lib["lib"]\n    node_venv_lib --> node_venv_lib_python3_12["python3.12"]\n    node_venv_lib_python3_12 --> node_venv_lib_python3_12_site-packages["site-packages"]\n    node_venv_lib_python3_12_site-packages --> node_venv_lib_python3_12_site-packages_PyQt6["PyQt6"]\n    node_venv_lib_python3_12_site-packages_PyQt6 --> node_venv_lib_python3_12_site-packages_PyQt6_Qt6["Qt6"]\n    node_venv_lib_python3_12_site-packages_PyQt6_Qt6 --> node_venv_lib_python3_12_site-packages_PyQt6_Qt6_qml["qml"]\n    node_venv_lib_python3_12_site-packages_PyQt6_Qt6_qml --> node_venv_lib_python3_12_site-packages_PyQt6_Qt6_qml_QtQuick["QtQuick"]\n    node_venv_lib_python3_12_site-packages_PyQt6_Qt6_qml_QtQuick --> node_venv_lib_python3_12_site-packages_PyQt6_Qt6_qml_QtQuick_Controls["Controls"]\n    node_venv_lib_python3_12_site-packages_PyQt6_Qt6_qml_QtQuick_Controls --> node_venv_lib_python3_12_site-packages_PyQt6_Qt6_qml_QtQuick_Controls_FluentWinUI3["FluentWinUI3"]\n    node_venv_lib_python3_12_site-packages_PyQt6_Qt6_qml_QtQuick_Controls_FluentWinUI3 --> node_venv_lib_python3_12_site-packages_PyQt6_Qt6_qml_QtQuick_Controls_FluentWinUI3_dark["dark"]\n    node_venv_lib_python3_12_site-packages_PyQt6_Qt6_qml_QtQuick_Controls_FluentWinUI3_dark --> node_venv_lib_python3_12_site-packages_PyQt6_Qt6_qml_QtQuick_Controls_FluentWinUI3_dark_images["images"]\n    node_venv_lib_python3_12_site-packages_PyQt6_Qt6_qml_QtQuick_Controls_FluentWinUI3_dark_images --> node_venv_lib_python3_12_site-packages_PyQt6_Qt6_qml_QtQuick_Controls_FluentWinUI3_dark_images_slider-groove-disabled@2x_png["slider-groove-disabled@2x.png"]\n    Root --> node_venv["venv"]\n    node_venv --> node_venv_lib["lib"]\n    node_venv_lib --> node_venv_lib_python3_12["python3.12"]\n    node_venv_lib_python3_12 --> node_venv_lib_python3_12_site-packages["site-packages"]\n    node_venv_lib_python3_12_site-packages --> node_venv_lib_python3_12_site-packages_PyQt6["PyQt6"]\n    node_venv_lib_python3_12_site-packages_PyQt6 --> node_venv_lib_python3_12_site-packages_PyQt6_Qt6["Qt6"]\n    node_venv_lib_python3_12_site-packages_PyQt6_Qt6 --> node_venv_lib_python3_12_site-packages_PyQt6_Qt6_qml["qml"]\n    node_venv_lib_python3_12_site-packages_PyQt6_Qt6_qml --> node_venv_lib_python3_12_site-packages_PyQt6_Qt6_qml_QtQuick["QtQuick"]\n    node_venv_lib_python3_12_site-packages_PyQt6_Qt6_qml_QtQuick --> node_venv_lib_python3_12_site-packages_PyQt6_Qt6_qml_QtQuick_Controls["Controls"]\n    node_venv_lib_python3_12_site-packages_PyQt6_Qt6_qml_QtQuick_Controls --> node_venv_lib_python3_12_site-packages_PyQt6_Qt6_qml_QtQuick_Controls_FluentWinUI3["FluentWinUI3"]\n    node_venv_lib_python3_12_site-packages_PyQt6_Qt6_qml_QtQuick_Controls_FluentWinUI3 --> node_venv_lib_python3_12_site-packages_PyQt6_Qt6_qml_QtQuick_Controls_FluentWinUI3_dark["dark"]\n    node_venv_lib_python3_12_site-packages_PyQt6_Qt6_qml_QtQuick_Controls_FluentWinUI3_dark --> node_venv_lib_python3_12_site-packages_PyQt6_Qt6_qml_QtQuick_Controls_FluentWinUI3_dark_images["images"]\n    node_venv_lib_python3_12_site-packages_PyQt6_Qt6_qml_QtQuick_Controls_FluentWinUI3_dark_images --> node_venv_lib_python3_12_site-packages_PyQt6_Qt6_qml_QtQuick_Controls_FluentWinUI3_dark_images_slider-groove-disabled@3x_png["slider-groove-disabled@3x.png"]\n    Root --> node_venv["venv"]\n    node_venv --> node_venv_lib["lib"]\n    node_venv_lib --> node_venv_lib_python3_12["python3.12"]\n    node_venv_lib_python3_12 --> node_venv_lib_python3_12_site-packages["site-packages"]\n    node_venv_lib_python3_12_site-packages --> node_venv_lib_python3_12_site-packages_PyQt6["PyQt6"]\n    node_venv_lib_python3_12_site-packages_PyQt6 --> node_venv_lib_python3_12_site-packages_PyQt6_Qt6["Qt6"]\n    node_venv_lib_python3_12_site-packages_PyQt6_Qt6 --> node_venv_lib_python3_12_site-packages_PyQt6_Qt6_qml["qml"]\n    node_venv_lib_python3_12_site-packages_PyQt6_Qt6_qml --> node_venv_lib_python3_12_site-packages_PyQt6_Qt6_qml_QtQuick["QtQuick"]\n    node_venv_lib_python3_12_site-packages_PyQt6_Qt6_qml_QtQuick --> node_venv_lib_python3_12_site-packages_PyQt6_Qt6_qml_QtQuick_Controls["Controls"]\n    node_venv_lib_python3_12_site-packages_PyQt6_Qt6_qml_QtQuick_Controls --> node_venv_lib_python3_12_site-packages_PyQt6_Qt6_qml_QtQuick_Controls_FluentWinUI3["FluentWinUI3"]\n    node_venv_lib_python3_12_site-packages_PyQt6_Qt6_qml_QtQuick_Controls_FluentWinUI3 --> node_venv_lib_python3_12_site-packages_PyQt6_Qt6_qml_QtQuick_Controls_FluentWinUI3_dark["dark"]\n    node_venv_lib_python3_12_site-packages_PyQt6_Qt6_qml_QtQuick_Controls_FluentWinUI3_dark --> node_venv_lib_python3_12_site-packages_PyQt6_Qt6_qml_QtQuick_Controls_FluentWinUI3_dark_images["images"]\n    node_venv_lib_python3_12_site-packages_PyQt6_Qt6_qml_QtQuick_Controls_FluentWinUI3_dark_images --> node_venv_lib_python3_12_site-packages_PyQt6_Qt6_qml_QtQuick_Controls_FluentWinUI3_dark_images_slider-groove-hovered_png["slider-groove-hovered.png"]\n    Root --> node_venv["venv"]\n    node_venv --> node_venv_lib["lib"]\n    node_venv_lib --> node_venv_lib_python3_12["python3.12"]\n    node_venv_lib_python3_12 --> node_venv_lib_python3_12_site-packages["site-packages"]\n    node_venv_lib_python3_12_site-packages --> node_venv_lib_python3_12_site-packages_PyQt6["PyQt6"]\n    node_venv_lib_python3_12_site-packages_PyQt6 --> node_venv_lib_python3_12_site-packages_PyQt6_Qt6["Qt6"]\n    node_venv_lib_python3_12_site-packages_PyQt6_Qt6 --> node_venv_lib_python3_12_site-packages_PyQt6_Qt6_qml["qml"]\n    node_venv_lib_python3_12_site-packages_PyQt6_Qt6_qml --> node_venv_lib_python3_12_site-packages_PyQt6_Qt6_qml_QtQuick["QtQuick"]\n    node_venv_lib_python3_12_site-packages_PyQt6_Qt6_qml_QtQuick --> node_venv_lib_python3_12_site-packages_PyQt6_Qt6_qml_QtQuick_Controls["Controls"]\n    node_venv_lib_python3_12_site-packages_PyQt6_Qt6_qml_QtQuick_Controls --> node_venv_lib_python3_12_site-packages_PyQt6_Qt6_qml_QtQuick_Controls_FluentWinUI3["FluentWinUI3"]\n    node_venv_lib_python3_12_site-packages_PyQt6_Qt6_qml_QtQuick_Controls_FluentWinUI3 --> node_venv_lib_python3_12_site-packages_PyQt6_Qt6_qml_QtQuick_Controls_FluentWinUI3_dark["dark"]\n    node_venv_lib_python3_12_site-packages_PyQt6_Qt6_qml_QtQuick_Controls_FluentWinUI3_dark --> node_venv_lib_python3_12_site-packages_PyQt6_Qt6_qml_QtQuick_Controls_FluentWinUI3_dark_images["images"]\n    node_venv_lib_python3_12_site-packages_PyQt6_Qt6_qml_QtQuick_Controls_FluentWinUI3_dark_images --> node_venv_lib_python3_12_site-packages_PyQt6_Qt6_qml_QtQuick_Controls_FluentWinUI3_dark_images_slider-groove-hovered@2x_png["slider-groove-hovered@2x.png"]\n    Root --> node_venv["venv"]\n    node_venv --> node_venv_lib["lib"]\n    node_venv_lib --> node_venv_lib_python3_12["python3.12"]\n    node_venv_lib_python3_12 --> node_venv_lib_python3_12_site-packages["site-packages"]\n    node_venv_lib_python3_12_site-packages --> node_venv_lib_python3_12_site-packages_PyQt6["PyQt6"]\n    node_venv_lib_python3_12_site-packages_PyQt6 --> node_venv_lib_python3_12_site-packages_PyQt6_Qt6["Qt6"]\n    node_venv_lib_python3_12_site-packages_PyQt6_Qt6 --> node_venv_lib_python3_12_site-packages_PyQt6_Qt6_qml["qml"]\n    node_venv_lib_python3_12_site-packages_PyQt6_Qt6_qml --> node_venv_lib_python3_12_site-packages_PyQt6_Qt6_qml_QtQuick["QtQuick"]\n    node_venv_lib_python3_12_site-packages_PyQt6_Qt6_qml_QtQuick --> node_venv_lib_python3_12_site-packages_PyQt6_Qt6_qml_QtQuick_Controls["Controls"]\n    node_venv_lib_python3_12_site-packages_PyQt6_Qt6_qml_QtQuick_Controls --> node_venv_lib_python3_12_site-packages_PyQt6_Qt6_qml_QtQuick_Controls_FluentWinUI3["FluentWinUI3"]\n    node_venv_lib_python3_12_site-packages_PyQt6_Qt6_qml_QtQuick_Controls_FluentWinUI3 --> node_venv_lib_python3_12_site-packages_PyQt6_Qt6_qml_QtQuick_Controls_FluentWinUI3_dark["dark"]\n    node_venv_lib_python3_12_site-packages_PyQt6_Qt6_qml_QtQuick_Controls_FluentWinUI3_dark --> node_venv_lib_python3_12_site-packages_PyQt6_Qt6_qml_QtQuick_Controls_FluentWinUI3_dark_images["images"]\n    node_venv_lib_python3_12_site-packages_PyQt6_Qt6_qml_QtQuick_Controls_FluentWinUI3_dark_images --> node_venv_lib_python3_12_site-packages_PyQt6_Qt6_qml_QtQuick_Controls_FluentWinUI3_dark_images_slider-groove-hovered@3x_png["slider-groove-hovered@3x.png"]\n    Root --> node_venv["venv"]\n    node_venv --> node_venv_lib["lib"]\n    node_venv_lib --> node_venv_lib_python3_12["python3.12"]\n    node_venv_lib_python3_12 --> node_venv_lib_python3_12_site-packages["site-packages"]\n    node_venv_lib_python3_12_site-packages --> node_venv_lib_python3_12_site-packages_PyQt6["PyQt6"]\n    node_venv_lib_python3_12_site-packages_PyQt6 --> node_venv_lib_python3_12_site-packages_PyQt6_Qt6["Qt6"]\n    node_venv_lib_python3_12_site-packages_PyQt6_Qt6 --> node_venv_lib_python3_12_site-packages_PyQt6_Qt6_qml["qml"]\n    node_venv_lib_python3_12_site-packages_PyQt6_Qt6_qml --> node_venv_lib_python3_12_site-packages_PyQt6_Qt6_qml_QtQuick["QtQuick"]\n    node_venv_lib_python3_12_site-packages_PyQt6_Qt6_qml_QtQuick --> node_venv_lib_python3_12_site-packages_PyQt6_Qt6_qml_QtQuick_Controls["Controls"]\n    node_venv_lib_python3_12_site-packages_PyQt6_Qt6_qml_QtQuick_Controls --> node_venv_lib_python3_12_site-packages_PyQt6_Qt6_qml_QtQuick_Controls_FluentWinUI3["FluentWinUI3"]\n    node_venv_lib_python3_12_site-packages_PyQt6_Qt6_qml_QtQuick_Controls_FluentWinUI3 --> node_venv_lib_python3_12_site-packages_PyQt6_Qt6_qml_QtQuick_Controls_FluentWinUI3_dark["dark"]\n    node_venv_lib_python3_12_site-packages_PyQt6_Qt6_qml_QtQuick_Controls_FluentWinUI3_dark --> node_venv_lib_python3_12_site-packages_PyQt6_Qt6_qml_QtQuick_Controls_FluentWinUI3_dark_images["images"]\n    node_venv_lib_python3_12_site-packages_PyQt6_Qt6_qml_QtQuick_Controls_FluentWinUI3_dark_images --> node_venv_lib_python3_12_site-packages_PyQt6_Qt6_qml_QtQuick_Controls_FluentWinUI3_dark_images_slider-groove-pressed_png["slider-groove-pressed.png"]\n    Root --> node_venv["venv"]\n    node_venv --> node_venv_lib["lib"]\n    node_venv_lib --> node_venv_lib_python3_12["python3.12"]\n    node_venv_lib_python3_12 --> node_venv_lib_python3_12_site-packages["site-packages"]\n    node_venv_lib_python3_12_site-packages --> node_venv_lib_python3_12_site-packages_PyQt6["PyQt6"]\n    node_venv_lib_python3_12_site-packages_PyQt6 --> node_venv_lib_python3_12_site-packages_PyQt6_Qt6["Qt6"]\n    node_venv_lib_python3_12_site-packages_PyQt6_Qt6 --> node_venv_lib_python3_12_site-packages_PyQt6_Qt6_qml["qml"]\n    node_venv_lib_python3_12_site-packages_PyQt6_Qt6_qml --> node_venv_lib_python3_12_site-packages_PyQt6_Qt6_qml_QtQuick["QtQuick"]\n    node_venv_lib_python3_12_site-packages_PyQt6_Qt6_qml_QtQuick --> node_venv_lib_python3_12_site-packages_PyQt6_Qt6_qml_QtQuick_Controls["Controls"]\n    node_venv_lib_python3_12_site-packages_PyQt6_Qt6_qml_QtQuick_Controls --> node_venv_lib_python3_12_site-packages_PyQt6_Qt6_qml_QtQuick_Controls_FluentWinUI3["FluentWinUI3"]\n    node_venv_lib_python3_12_site-packages_PyQt6_Qt6_qml_QtQuick_Controls_FluentWinUI3 --> node_venv_lib_python3_12_site-packages_PyQt6_Qt6_qml_QtQuick_Controls_FluentWinUI3_dark["dark"]\n    node_venv_lib_python3_12_site-packages_PyQt6_Qt6_qml_QtQuick_Controls_FluentWinUI3_dark --> node_venv_lib_python3_12_site-packages_PyQt6_Qt6_qml_QtQuick_Controls_FluentWinUI3_dark_images["images"]\n    node_venv_lib_python3_12_site-packages_PyQt6_Qt6_qml_QtQuick_Controls_FluentWinUI3_dark_images --> node_venv_lib_python3_12_site-packages_PyQt6_Qt6_qml_QtQuick_Controls_FluentWinUI3_dark_images_slider-groove-pressed@2x_png["slider-groove-pressed@2x.png"]\n    Root --> node_venv["venv"]\n    node_venv --> node_venv_lib["lib"]\n    node_venv_lib --> node_venv_lib_python3_12["python3.12"]\n    node_venv_lib_python3_12 --> node_venv_lib_python3_12_site-packages["site-packages"]\n    node_venv_lib_python3_12_site-packages --> node_venv_lib_python3_12_site-packages_PyQt6["PyQt6"]\n    node_venv_lib_python3_12_site-packages_PyQt6 --> node_venv_lib_python3_12_site-packages_PyQt6_Qt6["Qt6"]\n    node_venv_lib_python3_12_site-packages_PyQt6_Qt6 --> node_venv_lib_python3_12_site-packages_PyQt6_Qt6_qml["qml"]\n    node_venv_lib_python3_12_site-packages_PyQt6_Qt6_qml --> node_venv_lib_python3_12_site-packages_PyQt6_Qt6_qml_QtQuick["QtQuick"]\n    node_venv_lib_python3_12_site-packages_PyQt6_Qt6_qml_QtQuick --> node_venv_lib_python3_12_site-packages_PyQt6_Qt6_qml_QtQuick_Controls["Controls"]\n    node_venv_lib_python3_12_site-packages_PyQt6_Qt6_qml_QtQuick_Controls --> node_venv_lib_python3_12_site-packages_PyQt6_Qt6_qml_QtQuick_Controls_FluentWinUI3["FluentWinUI3"]\n    node_venv_lib_python3_12_site-packages_PyQt6_Qt6_qml_QtQuick_Controls_FluentWinUI3 --> node_venv_lib_python3_12_site-packages_PyQt6_Qt6_qml_QtQuick_Controls_FluentWinUI3_dark["dark"]\n    node_venv_lib_python3_12_site-packages_PyQt6_Qt6_qml_QtQuick_Controls_FluentWinUI3_dark --> node_venv_lib_python3_12_site-packages_PyQt6_Qt6_qml_QtQuick_Controls_FluentWinUI3_dark_images["images"]\n    node_venv_lib_python3_12_site-packages_PyQt6_Qt6_qml_QtQuick_Controls_FluentWinUI3_dark_images --> node_venv_lib_python3_12_site-packages_PyQt6_Qt6_qml_QtQuick_Controls_FluentWinUI3_dark_images_slider-groove-pressed@3x_png["slider-groove-pressed@3x.png"]\n    Root --> node_venv["venv"]\n    node_venv --> node_venv_lib["lib"]\n    node_venv_lib --> node_venv_lib_python3_12["python3.12"]\n    node_venv_lib_python3_12 --> node_venv_lib_python3_12_site-packages["site-packages"]\n    node_venv_lib_python3_12_site-packages --> node_venv_lib_python3_12_site-packages_PyQt6["PyQt6"]\n    node_venv_lib_python3_12_site-packages_PyQt6 --> node_venv_lib_python3_12_site-packages_PyQt6_Qt6["Qt6"]\n    node_venv_lib_python3_12_site-packages_PyQt6_Qt6 --> node_venv_lib_python3_12_site-packages_PyQt6_Qt6_qml["qml"]\n    node_venv_lib_python3_12_site-packages_PyQt6_Qt6_qml --> node_venv_lib_python3_12_site-packages_PyQt6_Qt6_qml_QtQuick["QtQuick"]\n    node_venv_lib_python3_12_site-packages_PyQt6_Qt6_qml_QtQuick --> node_venv_lib_python3_12_site-packages_PyQt6_Qt6_qml_QtQuick_Controls["Controls"]\n    node_venv_lib_python3_12_site-packages_PyQt6_Qt6_qml_QtQuick_Controls --> node_venv_lib_python3_12_site-packages_PyQt6_Qt6_qml_QtQuick_Controls_FluentWinUI3["FluentWinUI3"]\n    node_venv_lib_python3_12_site-packages_PyQt6_Qt6_qml_QtQuick_Controls_FluentWinUI3 --> node_venv_lib_python3_12_site-packages_PyQt6_Qt6_qml_QtQuick_Controls_FluentWinUI3_dark["dark"]\n    node_venv_lib_python3_12_site-packages_PyQt6_Qt6_qml_QtQuick_Controls_FluentWinUI3_dark --> node_venv_lib_python3_12_site-packages_PyQt6_Qt6_qml_QtQuick_Controls_FluentWinUI3_dark_images["images"]\n    node_venv_lib_python3_12_site-packages_PyQt6_Qt6_qml_QtQuick_Controls_FluentWinUI3_dark_images --> node_venv_lib_python3_12_site-packages_PyQt6_Qt6_qml_QtQuick_Controls_FluentWinUI3_dark_images_slider-groove_png["slider-groove.png"]\n    Root --> node_venv["venv"]\n    node_venv --> node_venv_lib["lib"]\n    node_venv_lib --> node_venv_lib_python3_12["python3.12"]\n    node_venv_lib_python3_12 --> node_venv_lib_python3_12_site-packages["site-packages"]\n    node_venv_lib_python3_12_site-packages --> node_venv_lib_python3_12_site-packages_PyQt6["PyQt6"]\n    node_venv_lib_python3_12_site-packages_PyQt6 --> node_venv_lib_python3_12_site-packages_PyQt6_Qt6["Qt6"]\n    node_venv_lib_python3_12_site-packages_PyQt6_Qt6 --> node_venv_lib_python3_12_site-packages_PyQt6_Qt6_qml["qml"]\n    node_venv_lib_python3_12_site-packages_PyQt6_Qt6_qml --> node_venv_lib_python3_12_site-packages_PyQt6_Qt6_qml_QtQuick["QtQuick"]\n    node_venv_lib_python3_12_site-packages_PyQt6_Qt6_qml_QtQuick --> node_venv_lib_python3_12_site-packages_PyQt6_Qt6_qml_QtQuick_Controls["Controls"]\n    node_venv_lib_python3_12_site-packages_PyQt6_Qt6_qml_QtQuick_Controls --> node_venv_lib_python3_12_site-packages_PyQt6_Qt6_qml_QtQuick_Controls_FluentWinUI3["FluentWinUI3"]\n    node_venv_lib_python3_12_site-packages_PyQt6_Qt6_qml_QtQuick_Controls_FluentWinUI3 --> node_venv_lib_python3_12_site-packages_PyQt6_Qt6_qml_QtQuick_Controls_FluentWinUI3_dark["dark"]\n    node_venv_lib_python3_12_site-packages_PyQt6_Qt6_qml_QtQuick_Controls_FluentWinUI3_dark --> node_venv_lib_python3_12_site-packages_PyQt6_Qt6_qml_QtQuick_Controls_FluentWinUI3_dark_images["images"]\n    node_venv_lib_python3_12_site-packages_PyQt6_Qt6_qml_QtQuick_Controls_FluentWinUI3_dark_images --> node_venv_lib_python3_12_site-packages_PyQt6_Qt6_qml_QtQuick_Controls_FluentWinUI3_dark_images_slider-groove@2x_png["slider-groove@2x.png"]\n    Root --> node_venv["venv"]\n    node_venv --> node_venv_lib["lib"]\n    node_venv_lib --> node_venv_lib_python3_12["python3.12"]\n    node_venv_lib_python3_12 --> node_venv_lib_python3_12_site-packages["site-packages"]\n    node_venv_lib_python3_12_site-packages --> node_venv_lib_python3_12_site-packages_PyQt6["PyQt6"]\n    node_venv_lib_python3_12_site-packages_PyQt6 --> node_venv_lib_python3_12_site-packages_PyQt6_Qt6["Qt6"]\n    node_venv_lib_python3_12_site-packages_PyQt6_Qt6 --> node_venv_lib_python3_12_site-packages_PyQt6_Qt6_qml["qml"]\n    node_venv_lib_python3_12_site-packages_PyQt6_Qt6_qml --> node_venv_lib_python3_12_site-packages_PyQt6_Qt6_qml_QtQuick["QtQuick"]\n    node_venv_lib_python3_12_site-packages_PyQt6_Qt6_qml_QtQuick --> node_venv_lib_python3_12_site-packages_PyQt6_Qt6_qml_QtQuick_Controls["Controls"]\n    node_venv_lib_python3_12_site-packages_PyQt6_Qt6_qml_QtQuick_Controls --> node_venv_lib_python3_12_site-packages_PyQt6_Qt6_qml_QtQuick_Controls_FluentWinUI3["FluentWinUI3"]\n    node_venv_lib_python3_12_site-packages_PyQt6_Qt6_qml_QtQuick_Controls_FluentWinUI3 --> node_venv_lib_python3_12_site-packages_PyQt6_Qt6_qml_QtQuick_Controls_FluentWinUI3_dark["dark"]\n    node_venv_lib_python3_12_site-packages_PyQt6_Qt6_qml_QtQuick_Controls_FluentWinUI3_dark --> node_venv_lib_python3_12_site-packages_PyQt6_Qt6_qml_QtQuick_Controls_FluentWinUI3_dark_images["images"]\n    node_venv_lib_python3_12_site-packages_PyQt6_Qt6_qml_QtQuick_Controls_FluentWinUI3_dark_images --> node_venv_lib_python3_12_site-packages_PyQt6_Qt6_qml_QtQuick_Controls_FluentWinUI3_dark_images_slider-groove@3x_png["slider-groove@3x.png"]\n    Root --> node_venv["venv"]\n    node_venv --> node_venv_lib["lib"]\n    node_venv_lib --> node_venv_lib_python3_12["python3.12"]\n    node_venv_lib_python3_12 --> node_venv_lib_python3_12_site-packages["site-packages"]\n    node_venv_lib_python3_12_site-packages --> node_venv_lib_python3_12_site-packages_PyQt6["PyQt6"]\n    node_venv_lib_python3_12_site-packages_PyQt6 --> node_venv_lib_python3_12_site-packages_PyQt6_Qt6["Qt6"]\n    node_venv_lib_python3_12_site-packages_PyQt6_Qt6 --> node_venv_lib_python3_12_site-packages_PyQt6_Qt6_qml["qml"]\n    node_venv_lib_python3_12_site-packages_PyQt6_Qt6_qml --> node_venv_lib_python3_12_site-packages_PyQt6_Qt6_qml_QtQuick["QtQuick"]\n    node_venv_lib_python3_12_site-packages_PyQt6_Qt6_qml_QtQuick --> node_venv_lib_python3_12_site-packages_PyQt6_Qt6_qml_QtQuick_Controls["Controls"]\n    node_venv_lib_python3_12_site-packages_PyQt6_Qt6_qml_QtQuick_Controls --> node_venv_lib_python3_12_site-packages_PyQt6_Qt6_qml_QtQuick_Controls_FluentWinUI3["FluentWinUI3"]\n    node_venv_lib_python3_12_site-packages_PyQt6_Qt6_qml_QtQuick_Controls_FluentWinUI3 --> node_venv_lib_python3_12_site-packages_PyQt6_Qt6_qml_QtQuick_Controls_FluentWinUI3_dark["dark"]\n    node_venv_lib_python3_12_site-packages_PyQt6_Qt6_qml_QtQuick_Controls_FluentWinUI3_dark --> node_venv_lib_python3_12_site-packages_PyQt6_Qt6_qml_QtQuick_Controls_FluentWinUI3_dark_images["images"]\n    node_venv_lib_python3_12_site-packages_PyQt6_Qt6_qml_QtQuick_Controls_FluentWinUI3_dark_images --> node_venv_lib_python3_12_site-packages_PyQt6_Qt6_qml_QtQuick_Controls_FluentWinUI3_dark_images_slider-handle-disabled_png["slider-handle-disabled.png"]\n    Root --> node_venv["venv"]\n    node_venv --> node_venv_lib["lib"]\n    node_venv_lib --> node_venv_lib_python3_12["python3.12"]\n    node_venv_lib_python3_12 --> node_venv_lib_python3_12_site-packages["site-packages"]\n    node_venv_lib_python3_12_site-packages --> node_venv_lib_python3_12_site-packages_PyQt6["PyQt6"]\n    node_venv_lib_python3_12_site-packages_PyQt6 --> node_venv_lib_python3_12_site-packages_PyQt6_Qt6["Qt6"]\n    node_venv_lib_python3_12_site-packages_PyQt6_Qt6 --> node_venv_lib_python3_12_site-packages_PyQt6_Qt6_qml["qml"]\n    node_venv_lib_python3_12_site-packages_PyQt6_Qt6_qml --> node_venv_lib_python3_12_site-packages_PyQt6_Qt6_qml_QtQuick["QtQuick"]\n    node_venv_lib_python3_12_site-packages_PyQt6_Qt6_qml_QtQuick --> node_venv_lib_python3_12_site-packages_PyQt6_Qt6_qml_QtQuick_Controls["Controls"]\n    node_venv_lib_python3_12_site-packages_PyQt6_Qt6_qml_QtQuick_Controls --> node_venv_lib_python3_12_site-packages_PyQt6_Qt6_qml_QtQuick_Controls_FluentWinUI3["FluentWinUI3"]\n    node_venv_lib_python3_12_site-packages_PyQt6_Qt6_qml_QtQuick_Controls_FluentWinUI3 --> node_venv_lib_python3_12_site-packages_PyQt6_Qt6_qml_QtQuick_Controls_FluentWinUI3_dark["dark"]\n    node_venv_lib_python3_12_site-packages_PyQt6_Qt6_qml_QtQuick_Controls_FluentWinUI3_dark --> node_venv_lib_python3_12_site-packages_PyQt6_Qt6_qml_QtQuick_Controls_FluentWinUI3_dark_images["images"]\n    node_venv_lib_python3_12_site-packages_PyQt6_Qt6_qml_QtQuick_Controls_FluentWinUI3_dark_images --> node_venv_lib_python3_12_site-packages_PyQt6_Qt6_qml_QtQuick_Controls_FluentWinUI3_dark_images_slider-handle-disabled@2x_png["slider-handle-disabled@2x.png"]\n    Root --> node_venv["venv"]\n    node_venv --> node_venv_lib["lib"]\n    node_venv_lib --> node_venv_lib_python3_12["python3.12"]\n    node_venv_lib_python3_12 --> node_venv_lib_python3_12_site-packages["site-packages"]\n    node_venv_lib_python3_12_site-packages --> node_venv_lib_python3_12_site-packages_PyQt6["PyQt6"]\n    node_venv_lib_python3_12_site-packages_PyQt6 --> node_venv_lib_python3_12_site-packages_PyQt6_Qt6["Qt6"]\n    node_venv_lib_python3_12_site-packages_PyQt6_Qt6 --> node_venv_lib_python3_12_site-packages_PyQt6_Qt6_qml["qml"]\n    node_venv_lib_python3_12_site-packages_PyQt6_Qt6_qml --> node_venv_lib_python3_12_site-packages_PyQt6_Qt6_qml_QtQuick["QtQuick"]\n    node_venv_lib_python3_12_site-packages_PyQt6_Qt6_qml_QtQuick --> node_venv_lib_python3_12_site-packages_PyQt6_Qt6_qml_QtQuick_Controls["Controls"]\n    node_venv_lib_python3_12_site-packages_PyQt6_Qt6_qml_QtQuick_Controls --> node_venv_lib_python3_12_site-packages_PyQt6_Qt6_qml_QtQuick_Controls_FluentWinUI3["FluentWinUI3"]\n    node_venv_lib_python3_12_site-packages_PyQt6_Qt6_qml_QtQuick_Controls_FluentWinUI3 --> node_venv_lib_python3_12_site-packages_PyQt6_Qt6_qml_QtQuick_Controls_FluentWinUI3_dark["dark"]\n    node_venv_lib_python3_12_site-packages_PyQt6_Qt6_qml_QtQuick_Controls_FluentWinUI3_dark --> node_venv_lib_python3_12_site-packages_PyQt6_Qt6_qml_QtQuick_Controls_FluentWinUI3_dark_images["images"]\n    node_venv_lib_python3_12_site-packages_PyQt6_Qt6_qml_QtQuick_Controls_FluentWinUI3_dark_images --> node_venv_lib_python3_12_site-packages_PyQt6_Qt6_qml_QtQuick_Controls_FluentWinUI3_dark_images_slider-handle-disabled@3x_png["slider-handle-disabled@3x.png"]\n    Root --> node_venv["venv"]\n    node_venv --> node_venv_lib["lib"]\n    node_venv_lib --> node_venv_lib_python3_12["python3.12"]\n    node_venv_lib_python3_12 --> node_venv_lib_python3_12_site-packages["site-packages"]\n    node_venv_lib_python3_12_site-packages --> node_venv_lib_python3_12_site-packages_PyQt6["PyQt6"]\n    node_venv_lib_python3_12_site-packages_PyQt6 --> node_venv_lib_python3_12_site-packages_PyQt6_Qt6["Qt6"]\n    node_venv_lib_python3_12_site-packages_PyQt6_Qt6 --> node_venv_lib_python3_12_site-packages_PyQt6_Qt6_qml["qml"]\n    node_venv_lib_python3_12_site-packages_PyQt6_Qt6_qml --> node_venv_lib_python3_12_site-packages_PyQt6_Qt6_qml_QtQuick["QtQuick"]\n    node_venv_lib_python3_12_site-packages_PyQt6_Qt6_qml_QtQuick --> node_venv_lib_python3_12_site-packages_PyQt6_Qt6_qml_QtQuick_Controls["Controls"]\n    node_venv_lib_python3_12_site-packages_PyQt6_Qt6_qml_QtQuick_Controls --> node_venv_lib_python3_12_site-packages_PyQt6_Qt6_qml_QtQuick_Controls_FluentWinUI3["FluentWinUI3"]\n    node_venv_lib_python3_12_site-packages_PyQt6_Qt6_qml_QtQuick_Controls_FluentWinUI3 --> node_venv_lib_python3_12_site-packages_PyQt6_Qt6_qml_QtQuick_Controls_FluentWinUI3_dark["dark"]\n    node_venv_lib_python3_12_site-packages_PyQt6_Qt6_qml_QtQuick_Controls_FluentWinUI3_dark --> node_venv_lib_python3_12_site-packages_PyQt6_Qt6_qml_QtQuick_Controls_FluentWinUI3_dark_images["images"]\n    node_venv_lib_python3_12_site-packages_PyQt6_Qt6_qml_QtQuick_Controls_FluentWinUI3_dark_images --> node_venv_lib_python3_12_site-packages_PyQt6_Qt6_qml_QtQuick_Controls_FluentWinUI3_dark_images_slider-handle-hovered_png["slider-handle-hovered.png"]\n    Root --> node_venv["venv"]\n    node_venv --> node_venv_lib["lib"]\n    node_venv_lib --> node_venv_lib_python3_12["python3.12"]\n    node_venv_lib_python3_12 --> node_venv_lib_python3_12_site-packages["site-packages"]\n    node_venv_lib_python3_12_site-packages --> node_venv_lib_python3_12_site-packages_PyQt6["PyQt6"]\n    node_venv_lib_python3_12_site-packages_PyQt6 --> node_venv_lib_python3_12_site-packages_PyQt6_Qt6["Qt6"]\n    node_venv_lib_python3_12_site-packages_PyQt6_Qt6 --> node_venv_lib_python3_12_site-packages_PyQt6_Qt6_qml["qml"]\n    node_venv_lib_python3_12_site-packages_PyQt6_Qt6_qml --> node_venv_lib_python3_12_site-packages_PyQt6_Qt6_qml_QtQuick["QtQuick"]\n    node_venv_lib_python3_12_site-packages_PyQt6_Qt6_qml_QtQuick --> node_venv_lib_python3_12_site-packages_PyQt6_Qt6_qml_QtQuick_Controls["Controls"]\n    node_venv_lib_python3_12_site-packages_PyQt6_Qt6_qml_QtQuick_Controls --> node_venv_lib_python3_12_site-packages_PyQt6_Qt6_qml_QtQuick_Controls_FluentWinUI3["FluentWinUI3"]\n    node_venv_lib_python3_12_site-packages_PyQt6_Qt6_qml_QtQuick_Controls_FluentWinUI3 --> node_venv_lib_python3_12_site-packages_PyQt6_Qt6_qml_QtQuick_Controls_FluentWinUI3_dark["dark"]\n    node_venv_lib_python3_12_site-packages_PyQt6_Qt6_qml_QtQuick_Controls_FluentWinUI3_dark --> node_venv_lib_python3_12_site-packages_PyQt6_Qt6_qml_QtQuick_Controls_FluentWinUI3_dark_images["images"]\n    node_venv_lib_python3_12_site-packages_PyQt6_Qt6_qml_QtQuick_Controls_FluentWinUI3_dark_images --> node_venv_lib_python3_12_site-packages_PyQt6_Qt6_qml_QtQuick_Controls_FluentWinUI3_dark_images_slider-handle-hovered@2x_png["slider-handle-hovered@2x.png"]\n    Root --> node_venv["venv"]\n    node_venv --> node_venv_lib["lib"]\n    node_venv_lib --> node_venv_lib_python3_12["python3.12"]\n    node_venv_lib_python3_12 --> node_venv_lib_python3_12_site-packages["site-packages"]\n    node_venv_lib_python3_12_site-packages --> node_venv_lib_python3_12_site-packages_PyQt6["PyQt6"]\n    node_venv_lib_python3_12_site-packages_PyQt6 --> node_venv_lib_python3_12_site-packages_PyQt6_Qt6["Qt6"]\n    node_venv_lib_python3_12_site-packages_PyQt6_Qt6 --> node_venv_lib_python3_12_site-packages_PyQt6_Qt6_qml["qml"]\n    node_venv_lib_python3_12_site-packages_PyQt6_Qt6_qml --> node_venv_lib_python3_12_site-packages_PyQt6_Qt6_qml_QtQuick["QtQuick"]\n    node_venv_lib_python3_12_site-packages_PyQt6_Qt6_qml_QtQuick --> node_venv_lib_python3_12_site-packages_PyQt6_Qt6_qml_QtQuick_Controls["Controls"]\n    node_venv_lib_python3_12_site-packages_PyQt6_Qt6_qml_QtQuick_Controls --> node_venv_lib_python3_12_site-packages_PyQt6_Qt6_qml_QtQuick_Controls_FluentWinUI3["FluentWinUI3"]\n    node_venv_lib_python3_12_site-packages_PyQt6_Qt6_qml_QtQuick_Controls_FluentWinUI3 --> node_venv_lib_python3_12_site-packages_PyQt6_Qt6_qml_QtQuick_Controls_FluentWinUI3_dark["dark"]\n    node_venv_lib_python3_12_site-packages_PyQt6_Qt6_qml_QtQuick_Controls_FluentWinUI3_dark --> node_venv_lib_python3_12_site-packages_PyQt6_Qt6_qml_QtQuick_Controls_FluentWinUI3_dark_images["images"]\n    node_venv_lib_python3_12_site-packages_PyQt6_Qt6_qml_QtQuick_Controls_FluentWinUI3_dark_images --> node_venv_lib_python3_12_site-packages_PyQt6_Qt6_qml_QtQuick_Controls_FluentWinUI3_dark_images_slider-handle-hovered@3x_png["slider-handle-hovered@3x.png"]\n    Root --> node_venv["venv"]\n    node_venv --> node_venv_lib["lib"]\n    node_venv_lib --> node_venv_lib_python3_12["python3.12"]\n    node_venv_lib_python3_12 --> node_venv_lib_python3_12_site-packages["site-packages"]\n    node_venv_lib_python3_12_site-packages --> node_venv_lib_python3_12_site-packages_PyQt6["PyQt6"]\n    node_venv_lib_python3_12_site-packages_PyQt6 --> node_venv_lib_python3_12_site-packages_PyQt6_Qt6["Qt6"]\n    node_venv_lib_python3_12_site-packages_PyQt6_Qt6 --> node_venv_lib_python3_12_site-packages_PyQt6_Qt6_qml["qml"]\n    node_venv_lib_python3_12_site-packages_PyQt6_Qt6_qml --> node_venv_lib_python3_12_site-packages_PyQt6_Qt6_qml_QtQuick["QtQuick"]\n    node_venv_lib_python3_12_site-packages_PyQt6_Qt6_qml_QtQuick --> node_venv_lib_python3_12_site-packages_PyQt6_Qt6_qml_QtQuick_Controls["Controls"]\n    node_venv_lib_python3_12_site-packages_PyQt6_Qt6_qml_QtQuick_Controls --> node_venv_lib_python3_12_site-packages_PyQt6_Qt6_qml_QtQuick_Controls_FluentWinUI3["FluentWinUI3"]\n    node_venv_lib_python3_12_site-packages_PyQt6_Qt6_qml_QtQuick_Controls_FluentWinUI3 --> node_venv_lib_python3_12_site-packages_PyQt6_Qt6_qml_QtQuick_Controls_FluentWinUI3_dark["dark"]\n    node_venv_lib_python3_12_site-packages_PyQt6_Qt6_qml_QtQuick_Controls_FluentWinUI3_dark --> node_venv_lib_python3_12_site-packages_PyQt6_Qt6_qml_QtQuick_Controls_FluentWinUI3_dark_images["images"]\n    node_venv_lib_python3_12_site-packages_PyQt6_Qt6_qml_QtQuick_Controls_FluentWinUI3_dark_images --> node_venv_lib_python3_12_site-packages_PyQt6_Qt6_qml_QtQuick_Controls_FluentWinUI3_dark_images_slider-handle-pressed_png["slider-handle-pressed.png"]\n    Root --> node_venv["venv"]\n    node_venv --> node_venv_lib["lib"]\n    node_venv_lib --> node_venv_lib_python3_12["python3.12"]\n    node_venv_lib_python3_12 --> node_venv_lib_python3_12_site-packages["site-packages"]\n    node_venv_lib_python3_12_site-packages --> node_venv_lib_python3_12_site-packages_PyQt6["PyQt6"]\n    node_venv_lib_python3_12_site-packages_PyQt6 --> node_venv_lib_python3_12_site-packages_PyQt6_Qt6["Qt6"]\n    node_venv_lib_python3_12_site-packages_PyQt6_Qt6 --> node_venv_lib_python3_12_site-packages_PyQt6_Qt6_qml["qml"]\n    node_venv_lib_python3_12_site-packages_PyQt6_Qt6_qml --> node_venv_lib_python3_12_site-packages_PyQt6_Qt6_qml_QtQuick["QtQuick"]\n    node_venv_lib_python3_12_site-packages_PyQt6_Qt6_qml_QtQuick --> node_venv_lib_python3_12_site-packages_PyQt6_Qt6_qml_QtQuick_Controls["Controls"]\n    node_venv_lib_python3_12_site-packages_PyQt6_Qt6_qml_QtQuick_Controls --> node_venv_lib_python3_12_site-packages_PyQt6_Qt6_qml_QtQuick_Controls_FluentWinUI3["FluentWinUI3"]\n    node_venv_lib_python3_12_site-packages_PyQt6_Qt6_qml_QtQuick_Controls_FluentWinUI3 --> node_venv_lib_python3_12_site-packages_PyQt6_Qt6_qml_QtQuick_Controls_FluentWinUI3_dark["dark"]\n    node_venv_lib_python3_12_site-packages_PyQt6_Qt6_qml_QtQuick_Controls_FluentWinUI3_dark --> node_venv_lib_python3_12_site-packages_PyQt6_Qt6_qml_QtQuick_Controls_FluentWinUI3_dark_images["images"]\n    node_venv_lib_python3_12_site-packages_PyQt6_Qt6_qml_QtQuick_Controls_FluentWinUI3_dark_images --> node_venv_lib_python3_12_site-packages_PyQt6_Qt6_qml_QtQuick_Controls_FluentWinUI3_dark_images_slider-handle-pressed@2x_png["slider-handle-pressed@2x.png"]\n    Root --> node_venv["venv"]\n    node_venv --> node_venv_lib["lib"]\n    node_venv_lib --> node_venv_lib_python3_12["python3.12"]\n    node_venv_lib_python3_12 --> node_venv_lib_python3_12_site-packages["site-packages"]\n    node_venv_lib_python3_12_site-packages --> node_venv_lib_python3_12_site-packages_PyQt6["PyQt6"]\n    node_venv_lib_python3_12_site-packages_PyQt6 --> node_venv_lib_python3_12_site-packages_PyQt6_Qt6["Qt6"]\n    node_venv_lib_python3_12_site-packages_PyQt6_Qt6 --> node_venv_lib_python3_12_site-packages_PyQt6_Qt6_qml["qml"]\n    node_venv_lib_python3_12_site-packages_PyQt6_Qt6_qml --> node_venv_lib_python3_12_site-packages_PyQt6_Qt6_qml_QtQuick["QtQuick"]\n    node_venv_lib_python3_12_site-packages_PyQt6_Qt6_qml_QtQuick --> node_venv_lib_python3_12_site-packages_PyQt6_Qt6_qml_QtQuick_Controls["Controls"]\n    node_venv_lib_python3_12_site-packages_PyQt6_Qt6_qml_QtQuick_Controls --> node_venv_lib_python3_12_site-packages_PyQt6_Qt6_qml_QtQuick_Controls_FluentWinUI3["FluentWinUI3"]\n    node_venv_lib_python3_12_site-packages_PyQt6_Qt6_qml_QtQuick_Controls_FluentWinUI3 --> node_venv_lib_python3_12_site-packages_PyQt6_Qt6_qml_QtQuick_Controls_FluentWinUI3_dark["dark"]\n    node_venv_lib_python3_12_site-packages_PyQt6_Qt6_qml_QtQuick_Controls_FluentWinUI3_dark --> node_venv_lib_python3_12_site-packages_PyQt6_Qt6_qml_QtQuick_Controls_FluentWinUI3_dark_images["images"]\n    node_venv_lib_python3_12_site-packages_PyQt6_Qt6_qml_QtQuick_Controls_FluentWinUI3_dark_images --> node_venv_lib_python3_12_site-packages_PyQt6_Qt6_qml_QtQuick_Controls_FluentWinUI3_dark_images_slider-handle-pressed@3x_png["slider-handle-pressed@3x.png"]\n    Root --> node_venv["venv"]\n    node_venv --> node_venv_lib["lib"]\n    node_venv_lib --> node_venv_lib_python3_12["python3.12"]\n    node_venv_lib_python3_12 --> node_venv_lib_python3_12_site-packages["site-packages"]\n    node_venv_lib_python3_12_site-packages --> node_venv_lib_python3_12_site-packages_PyQt6["PyQt6"]\n    node_venv_lib_python3_12_site-packages_PyQt6 --> node_venv_lib_python3_12_site-packages_PyQt6_Qt6["Qt6"]\n    node_venv_lib_python3_12_site-packages_PyQt6_Qt6 --> node_venv_lib_python3_12_site-packages_PyQt6_Qt6_qml["qml"]\n    node_venv_lib_python3_12_site-packages_PyQt6_Qt6_qml --> node_venv_lib_python3_12_site-packages_PyQt6_Qt6_qml_QtQuick["QtQuick"]\n    node_venv_lib_python3_12_site-packages_PyQt6_Qt6_qml_QtQuick --> node_venv_lib_python3_12_site-packages_PyQt6_Qt6_qml_QtQuick_Controls["Controls"]\n    node_venv_lib_python3_12_site-packages_PyQt6_Qt6_qml_QtQuick_Controls --> node_venv_lib_python3_12_site-packages_PyQt6_Qt6_qml_QtQuick_Controls_FluentWinUI3["FluentWinUI3"]\n    node_venv_lib_python3_12_site-packages_PyQt6_Qt6_qml_QtQuick_Controls_FluentWinUI3 --> node_venv_lib_python3_12_site-packages_PyQt6_Qt6_qml_QtQuick_Controls_FluentWinUI3_dark["dark"]\n    node_venv_lib_python3_12_site-packages_PyQt6_Qt6_qml_QtQuick_Controls_FluentWinUI3_dark --> node_venv_lib_python3_12_site-packages_PyQt6_Qt6_qml_QtQuick_Controls_FluentWinUI3_dark_images["images"]\n    node_venv_lib_python3_12_site-packages_PyQt6_Qt6_qml_QtQuick_Controls_FluentWinUI3_dark_images --> node_venv_lib_python3_12_site-packages_PyQt6_Qt6_qml_QtQuick_Controls_FluentWinUI3_dark_images_slider-handle_png["slider-handle.png"]\n    Root --> node_venv["venv"]\n    node_venv --> node_venv_lib["lib"]\n    node_venv_lib --> node_venv_lib_python3_12["python3.12"]\n    node_venv_lib_python3_12 --> node_venv_lib_python3_12_site-packages["site-packages"]\n    node_venv_lib_python3_12_site-packages --> node_venv_lib_python3_12_site-packages_PyQt6["PyQt6"]\n    node_venv_lib_python3_12_site-packages_PyQt6 --> node_venv_lib_python3_12_site-packages_PyQt6_Qt6["Qt6"]\n    node_venv_lib_python3_12_site-packages_PyQt6_Qt6 --> node_venv_lib_python3_12_site-packages_PyQt6_Qt6_qml["qml"]\n    node_venv_lib_python3_12_site-packages_PyQt6_Qt6_qml --> node_venv_lib_python3_12_site-packages_PyQt6_Qt6_qml_QtQuick["QtQuick"]\n    node_venv_lib_python3_12_site-packages_PyQt6_Qt6_qml_QtQuick --> node_venv_lib_python3_12_site-packages_PyQt6_Qt6_qml_QtQuick_Controls["Controls"]\n    node_venv_lib_python3_12_site-packages_PyQt6_Qt6_qml_QtQuick_Controls --> node_venv_lib_python3_12_site-packages_PyQt6_Qt6_qml_QtQuick_Controls_FluentWinUI3["FluentWinUI3"]\n    node_venv_lib_python3_12_site-packages_PyQt6_Qt6_qml_QtQuick_Controls_FluentWinUI3 --> node_venv_lib_python3_12_site-packages_PyQt6_Qt6_qml_QtQuick_Controls_FluentWinUI3_dark["dark"]\n    node_venv_lib_python3_12_site-packages_PyQt6_Qt6_qml_QtQuick_Controls_FluentWinUI3_dark --> node_venv_lib_python3_12_site-packages_PyQt6_Qt6_qml_QtQuick_Controls_FluentWinUI3_dark_images["images"]\n    node_venv_lib_python3_12_site-packages_PyQt6_Qt6_qml_QtQuick_Controls_FluentWinUI3_dark_images --> node_venv_lib_python3_12_site-packages_PyQt6_Qt6_qml_QtQuick_Controls_FluentWinUI3_dark_images_slider-handle@2x_png["slider-handle@2x.png"]\n    Root --> node_venv["venv"]\n    node_venv --> node_venv_lib["lib"]\n    node_venv_lib --> node_venv_lib_python3_12["python3.12"]\n    node_venv_lib_python3_12 --> node_venv_lib_python3_12_site-packages["site-packages"]\n    node_venv_lib_python3_12_site-packages --> node_venv_lib_python3_12_site-packages_PyQt6["PyQt6"]\n    node_venv_lib_python3_12_site-packages_PyQt6 --> node_venv_lib_python3_12_site-packages_PyQt6_Qt6["Qt6"]\n    node_venv_lib_python3_12_site-packages_PyQt6_Qt6 --> node_venv_lib_python3_12_site-packages_PyQt6_Qt6_qml["qml"]\n    node_venv_lib_python3_12_site-packages_PyQt6_Qt6_qml --> node_venv_lib_python3_12_site-packages_PyQt6_Qt6_qml_QtQuick["QtQuick"]\n    node_venv_lib_python3_12_site-packages_PyQt6_Qt6_qml_QtQuick --> node_venv_lib_python3_12_site-packages_PyQt6_Qt6_qml_QtQuick_Controls["Controls"]\n    node_venv_lib_python3_12_site-packages_PyQt6_Qt6_qml_QtQuick_Controls --> node_venv_lib_python3_12_site-packages_PyQt6_Qt6_qml_QtQuick_Controls_FluentWinUI3["FluentWinUI3"]\n    node_venv_lib_python3_12_site-packages_PyQt6_Qt6_qml_QtQuick_Controls_FluentWinUI3 --> node_venv_lib_python3_12_site-packages_PyQt6_Qt6_qml_QtQuick_Controls_FluentWinUI3_dark["dark"]\n    node_venv_lib_python3_12_site-packages_PyQt6_Qt6_qml_QtQuick_Controls_FluentWinUI3_dark --> node_venv_lib_python3_12_site-packages_PyQt6_Qt6_qml_QtQuick_Controls_FluentWinUI3_dark_images["images"]\n    node_venv_lib_python3_12_site-packages_PyQt6_Qt6_qml_QtQuick_Controls_FluentWinUI3_dark_images --> node_venv_lib_python3_12_site-packages_PyQt6_Qt6_qml_QtQuick_Controls_FluentWinUI3_dark_images_slider-handle@3x_png["slider-handle@3x.png"]\n    Root --> node_venv["venv"]\n    node_venv --> node_venv_lib["lib"]\n    node_venv_lib --> node_venv_lib_python3_12["python3.12"]\n    node_venv_lib_python3_12 --> node_venv_lib_python3_12_site-packages["site-packages"]\n    node_venv_lib_python3_12_site-packages --> node_venv_lib_python3_12_site-packages_PyQt6["PyQt6"]\n    node_venv_lib_python3_12_site-packages_PyQt6 --> node_venv_lib_python3_12_site-packages_PyQt6_Qt6["Qt6"]\n    node_venv_lib_python3_12_site-packages_PyQt6_Qt6 --> node_venv_lib_python3_12_site-packages_PyQt6_Qt6_qml["qml"]\n    node_venv_lib_python3_12_site-packages_PyQt6_Qt6_qml --> node_venv_lib_python3_12_site-packages_PyQt6_Qt6_qml_QtQuick["QtQuick"]\n    node_venv_lib_python3_12_site-packages_PyQt6_Qt6_qml_QtQuick --> node_venv_lib_python3_12_site-packages_PyQt6_Qt6_qml_QtQuick_Controls["Controls"]\n    node_venv_lib_python3_12_site-packages_PyQt6_Qt6_qml_QtQuick_Controls --> node_venv_lib_python3_12_site-packages_PyQt6_Qt6_qml_QtQuick_Controls_FluentWinUI3["FluentWinUI3"]\n    node_venv_lib_python3_12_site-packages_PyQt6_Qt6_qml_QtQuick_Controls_FluentWinUI3 --> node_venv_lib_python3_12_site-packages_PyQt6_Qt6_qml_QtQuick_Controls_FluentWinUI3_dark["dark"]\n    node_venv_lib_python3_12_site-packages_PyQt6_Qt6_qml_QtQuick_Controls_FluentWinUI3_dark --> node_venv_lib_python3_12_site-packages_PyQt6_Qt6_qml_QtQuick_Controls_FluentWinUI3_dark_images["images"]\n    node_venv_lib_python3_12_site-packages_PyQt6_Qt6_qml_QtQuick_Controls_FluentWinUI3_dark_images --> node_venv_lib_python3_12_site-packages_PyQt6_Qt6_qml_QtQuick_Controls_FluentWinUI3_dark_images_spinbox-background-atlimit_png["spinbox-background-atlimit.png"]\n    Root --> node_venv["venv"]\n    node_venv --> node_venv_lib["lib"]\n    node_venv_lib --> node_venv_lib_python3_12["python3.12"]\n    node_venv_lib_python3_12 --> node_venv_lib_python3_12_site-packages["site-packages"]\n    node_venv_lib_python3_12_site-packages --> node_venv_lib_python3_12_site-packages_PyQt6["PyQt6"]\n    node_venv_lib_python3_12_site-packages_PyQt6 --> node_venv_lib_python3_12_site-packages_PyQt6_Qt6["Qt6"]\n    node_venv_lib_python3_12_site-packages_PyQt6_Qt6 --> node_venv_lib_python3_12_site-packages_PyQt6_Qt6_qml["qml"]\n    node_venv_lib_python3_12_site-packages_PyQt6_Qt6_qml --> node_venv_lib_python3_12_site-packages_PyQt6_Qt6_qml_QtQuick["QtQuick"]\n    node_venv_lib_python3_12_site-packages_PyQt6_Qt6_qml_QtQuick --> node_venv_lib_python3_12_site-packages_PyQt6_Qt6_qml_QtQuick_Controls["Controls"]\n    node_venv_lib_python3_12_site-packages_PyQt6_Qt6_qml_QtQuick_Controls --> node_venv_lib_python3_12_site-packages_PyQt6_Qt6_qml_QtQuick_Controls_FluentWinUI3["FluentWinUI3"]\n    node_venv_lib_python3_12_site-packages_PyQt6_Qt6_qml_QtQuick_Controls_FluentWinUI3 --> node_venv_lib_python3_12_site-packages_PyQt6_Qt6_qml_QtQuick_Controls_FluentWinUI3_dark["dark"]\n    node_venv_lib_python3_12_site-packages_PyQt6_Qt6_qml_QtQuick_Controls_FluentWinUI3_dark --> node_venv_lib_python3_12_site-packages_PyQt6_Qt6_qml_QtQuick_Controls_FluentWinUI3_dark_images["images"]\n    node_venv_lib_python3_12_site-packages_PyQt6_Qt6_qml_QtQuick_Controls_FluentWinUI3_dark_images --> node_venv_lib_python3_12_site-packages_PyQt6_Qt6_qml_QtQuick_Controls_FluentWinUI3_dark_images_spinbox-background-atlimit@2x_png["spinbox-background-atlimit@2x.png"]\n    Root --> node_venv["venv"]\n    node_venv --> node_venv_lib["lib"]\n    node_venv_lib --> node_venv_lib_python3_12["python3.12"]\n    node_venv_lib_python3_12 --> node_venv_lib_python3_12_site-packages["site-packages"]\n    node_venv_lib_python3_12_site-packages --> node_venv_lib_python3_12_site-packages_PyQt6["PyQt6"]\n    node_venv_lib_python3_12_site-packages_PyQt6 --> node_venv_lib_python3_12_site-packages_PyQt6_Qt6["Qt6"]\n    node_venv_lib_python3_12_site-packages_PyQt6_Qt6 --> node_venv_lib_python3_12_site-packages_PyQt6_Qt6_qml["qml"]\n    node_venv_lib_python3_12_site-packages_PyQt6_Qt6_qml --> node_venv_lib_python3_12_site-packages_PyQt6_Qt6_qml_QtQuick["QtQuick"]\n    node_venv_lib_python3_12_site-packages_PyQt6_Qt6_qml_QtQuick --> node_venv_lib_python3_12_site-packages_PyQt6_Qt6_qml_QtQuick_Controls["Controls"]\n    node_venv_lib_python3_12_site-packages_PyQt6_Qt6_qml_QtQuick_Controls --> node_venv_lib_python3_12_site-packages_PyQt6_Qt6_qml_QtQuick_Controls_FluentWinUI3["FluentWinUI3"]\n    node_venv_lib_python3_12_site-packages_PyQt6_Qt6_qml_QtQuick_Controls_FluentWinUI3 --> node_venv_lib_python3_12_site-packages_PyQt6_Qt6_qml_QtQuick_Controls_FluentWinUI3_dark["dark"]\n    node_venv_lib_python3_12_site-packages_PyQt6_Qt6_qml_QtQuick_Controls_FluentWinUI3_dark --> node_venv_lib_python3_12_site-packages_PyQt6_Qt6_qml_QtQuick_Controls_FluentWinUI3_dark_images["images"]\n    node_venv_lib_python3_12_site-packages_PyQt6_Qt6_qml_QtQuick_Controls_FluentWinUI3_dark_images --> node_venv_lib_python3_12_site-packages_PyQt6_Qt6_qml_QtQuick_Controls_FluentWinUI3_dark_images_spinbox-background-atlimit@3x_png["spinbox-background-atlimit@3x.png"]\n    Root --> node_venv["venv"]\n    node_venv --> node_venv_lib["lib"]\n    node_venv_lib --> node_venv_lib_python3_12["python3.12"]\n    node_venv_lib_python3_12 --> node_venv_lib_python3_12_site-packages["site-packages"]\n    node_venv_lib_python3_12_site-packages --> node_venv_lib_python3_12_site-packages_PyQt6["PyQt6"]\n    node_venv_lib_python3_12_site-packages_PyQt6 --> node_venv_lib_python3_12_site-packages_PyQt6_Qt6["Qt6"]\n    node_venv_lib_python3_12_site-packages_PyQt6_Qt6 --> node_venv_lib_python3_12_site-packages_PyQt6_Qt6_qml["qml"]\n    node_venv_lib_python3_12_site-packages_PyQt6_Qt6_qml --> node_venv_lib_python3_12_site-packages_PyQt6_Qt6_qml_QtQuick["QtQuick"]\n    node_venv_lib_python3_12_site-packages_PyQt6_Qt6_qml_QtQuick --> node_venv_lib_python3_12_site-packages_PyQt6_Qt6_qml_QtQuick_Controls["Controls"]\n    node_venv_lib_python3_12_site-packages_PyQt6_Qt6_qml_QtQuick_Controls --> node_venv_lib_python3_12_site-packages_PyQt6_Qt6_qml_QtQuick_Controls_FluentWinUI3["FluentWinUI3"]\n    node_venv_lib_python3_12_site-packages_PyQt6_Qt6_qml_QtQuick_Controls_FluentWinUI3 --> node_venv_lib_python3_12_site-packages_PyQt6_Qt6_qml_QtQuick_Controls_FluentWinUI3_dark["dark"]\n    node_venv_lib_python3_12_site-packages_PyQt6_Qt6_qml_QtQuick_Controls_FluentWinUI3_dark --> node_venv_lib_python3_12_site-packages_PyQt6_Qt6_qml_QtQuick_Controls_FluentWinUI3_dark_images["images"]\n    node_venv_lib_python3_12_site-packages_PyQt6_Qt6_qml_QtQuick_Controls_FluentWinUI3_dark_images --> node_venv_lib_python3_12_site-packages_PyQt6_Qt6_qml_QtQuick_Controls_FluentWinUI3_dark_images_spinbox-background-disabled_png["spinbox-background-disabled.png"]\n    Root --> node_venv["venv"]\n    node_venv --> node_venv_lib["lib"]\n    node_venv_lib --> node_venv_lib_python3_12["python3.12"]\n    node_venv_lib_python3_12 --> node_venv_lib_python3_12_site-packages["site-packages"]\n    node_venv_lib_python3_12_site-packages --> node_venv_lib_python3_12_site-packages_PyQt6["PyQt6"]\n    node_venv_lib_python3_12_site-packages_PyQt6 --> node_venv_lib_python3_12_site-packages_PyQt6_Qt6["Qt6"]\n    node_venv_lib_python3_12_site-packages_PyQt6_Qt6 --> node_venv_lib_python3_12_site-packages_PyQt6_Qt6_qml["qml"]\n    node_venv_lib_python3_12_site-packages_PyQt6_Qt6_qml --> node_venv_lib_python3_12_site-packages_PyQt6_Qt6_qml_QtQuick["QtQuick"]\n    node_venv_lib_python3_12_site-packages_PyQt6_Qt6_qml_QtQuick --> node_venv_lib_python3_12_site-packages_PyQt6_Qt6_qml_QtQuick_Controls["Controls"]\n    node_venv_lib_python3_12_site-packages_PyQt6_Qt6_qml_QtQuick_Controls --> node_venv_lib_python3_12_site-packages_PyQt6_Qt6_qml_QtQuick_Controls_FluentWinUI3["FluentWinUI3"]\n    node_venv_lib_python3_12_site-packages_PyQt6_Qt6_qml_QtQuick_Controls_FluentWinUI3 --> node_venv_lib_python3_12_site-packages_PyQt6_Qt6_qml_QtQuick_Controls_FluentWinUI3_dark["dark"]\n    node_venv_lib_python3_12_site-packages_PyQt6_Qt6_qml_QtQuick_Controls_FluentWinUI3_dark --> node_venv_lib_python3_12_site-packages_PyQt6_Qt6_qml_QtQuick_Controls_FluentWinUI3_dark_images["images"]\n    node_venv_lib_python3_12_site-packages_PyQt6_Qt6_qml_QtQuick_Controls_FluentWinUI3_dark_images --> node_venv_lib_python3_12_site-packages_PyQt6_Qt6_qml_QtQuick_Controls_FluentWinUI3_dark_images_spinbox-background-disabled@2x_png["spinbox-background-disabled@2x.png"]\n    Root --> node_venv["venv"]\n    node_venv --> node_venv_lib["lib"]\n    node_venv_lib --> node_venv_lib_python3_12["python3.12"]\n    node_venv_lib_python3_12 --> node_venv_lib_python3_12_site-packages["site-packages"]\n    node_venv_lib_python3_12_site-packages --> node_venv_lib_python3_12_site-packages_PyQt6["PyQt6"]\n    node_venv_lib_python3_12_site-packages_PyQt6 --> node_venv_lib_python3_12_site-packages_PyQt6_Qt6["Qt6"]\n    node_venv_lib_python3_12_site-packages_PyQt6_Qt6 --> node_venv_lib_python3_12_site-packages_PyQt6_Qt6_qml["qml"]\n    node_venv_lib_python3_12_site-packages_PyQt6_Qt6_qml --> node_venv_lib_python3_12_site-packages_PyQt6_Qt6_qml_QtQuick["QtQuick"]\n    node_venv_lib_python3_12_site-packages_PyQt6_Qt6_qml_QtQuick --> node_venv_lib_python3_12_site-packages_PyQt6_Qt6_qml_QtQuick_Controls["Controls"]\n    node_venv_lib_python3_12_site-packages_PyQt6_Qt6_qml_QtQuick_Controls --> node_venv_lib_python3_12_site-packages_PyQt6_Qt6_qml_QtQuick_Controls_FluentWinUI3["FluentWinUI3"]\n    node_venv_lib_python3_12_site-packages_PyQt6_Qt6_qml_QtQuick_Controls_FluentWinUI3 --> node_venv_lib_python3_12_site-packages_PyQt6_Qt6_qml_QtQuick_Controls_FluentWinUI3_dark["dark"]\n    node_venv_lib_python3_12_site-packages_PyQt6_Qt6_qml_QtQuick_Controls_FluentWinUI3_dark --> node_venv_lib_python3_12_site-packages_PyQt6_Qt6_qml_QtQuick_Controls_FluentWinUI3_dark_images["images"]\n    node_venv_lib_python3_12_site-packages_PyQt6_Qt6_qml_QtQuick_Controls_FluentWinUI3_dark_images --> node_venv_lib_python3_12_site-packages_PyQt6_Qt6_qml_QtQuick_Controls_FluentWinUI3_dark_images_spinbox-background-disabled@3x_png["spinbox-background-disabled@3x.png"]\n    Root --> node_venv["venv"]\n    node_venv --> node_venv_lib["lib"]\n    node_venv_lib --> node_venv_lib_python3_12["python3.12"]\n    node_venv_lib_python3_12 --> node_venv_lib_python3_12_site-packages["site-packages"]\n    node_venv_lib_python3_12_site-packages --> node_venv_lib_python3_12_site-packages_PyQt6["PyQt6"]\n    node_venv_lib_python3_12_site-packages_PyQt6 --> node_venv_lib_python3_12_site-packages_PyQt6_Qt6["Qt6"]\n    node_venv_lib_python3_12_site-packages_PyQt6_Qt6 --> node_venv_lib_python3_12_site-packages_PyQt6_Qt6_qml["qml"]\n    node_venv_lib_python3_12_site-packages_PyQt6_Qt6_qml --> node_venv_lib_python3_12_site-packages_PyQt6_Qt6_qml_QtQuick["QtQuick"]\n    node_venv_lib_python3_12_site-packages_PyQt6_Qt6_qml_QtQuick --> node_venv_lib_python3_12_site-packages_PyQt6_Qt6_qml_QtQuick_Controls["Controls"]\n    node_venv_lib_python3_12_site-packages_PyQt6_Qt6_qml_QtQuick_Controls --> node_venv_lib_python3_12_site-packages_PyQt6_Qt6_qml_QtQuick_Controls_FluentWinUI3["FluentWinUI3"]\n    node_venv_lib_python3_12_site-packages_PyQt6_Qt6_qml_QtQuick_Controls_FluentWinUI3 --> node_venv_lib_python3_12_site-packages_PyQt6_Qt6_qml_QtQuick_Controls_FluentWinUI3_dark["dark"]\n    node_venv_lib_python3_12_site-packages_PyQt6_Qt6_qml_QtQuick_Controls_FluentWinUI3_dark --> node_venv_lib_python3_12_site-packages_PyQt6_Qt6_qml_QtQuick_Controls_FluentWinUI3_dark_images["images"]\n    node_venv_lib_python3_12_site-packages_PyQt6_Qt6_qml_QtQuick_Controls_FluentWinUI3_dark_images --> node_venv_lib_python3_12_site-packages_PyQt6_Qt6_qml_QtQuick_Controls_FluentWinUI3_dark_images_spinbox-background-down-hovered_png["spinbox-background-down-hovered.png"]\n    Root --> node_venv["venv"]\n    node_venv --> node_venv_lib["lib"]\n    node_venv_lib --> node_venv_lib_python3_12["python3.12"]\n    node_venv_lib_python3_12 --> node_venv_lib_python3_12_site-packages["site-packages"]\n    node_venv_lib_python3_12_site-packages --> node_venv_lib_python3_12_site-packages_PyQt6["PyQt6"]\n    node_venv_lib_python3_12_site-packages_PyQt6 --> node_venv_lib_python3_12_site-packages_PyQt6_Qt6["Qt6"]\n    node_venv_lib_python3_12_site-packages_PyQt6_Qt6 --> node_venv_lib_python3_12_site-packages_PyQt6_Qt6_qml["qml"]\n    node_venv_lib_python3_12_site-packages_PyQt6_Qt6_qml --> node_venv_lib_python3_12_site-packages_PyQt6_Qt6_qml_QtQuick["QtQuick"]\n    node_venv_lib_python3_12_site-packages_PyQt6_Qt6_qml_QtQuick --> node_venv_lib_python3_12_site-packages_PyQt6_Qt6_qml_QtQuick_Controls["Controls"]\n    node_venv_lib_python3_12_site-packages_PyQt6_Qt6_qml_QtQuick_Controls --> node_venv_lib_python3_12_site-packages_PyQt6_Qt6_qml_QtQuick_Controls_FluentWinUI3["FluentWinUI3"]\n    node_venv_lib_python3_12_site-packages_PyQt6_Qt6_qml_QtQuick_Controls_FluentWinUI3 --> node_venv_lib_python3_12_site-packages_PyQt6_Qt6_qml_QtQuick_Controls_FluentWinUI3_dark["dark"]\n    node_venv_lib_python3_12_site-packages_PyQt6_Qt6_qml_QtQuick_Controls_FluentWinUI3_dark --> node_venv_lib_python3_12_site-packages_PyQt6_Qt6_qml_QtQuick_Controls_FluentWinUI3_dark_images["images"]\n    node_venv_lib_python3_12_site-packages_PyQt6_Qt6_qml_QtQuick_Controls_FluentWinUI3_dark_images --> node_venv_lib_python3_12_site-packages_PyQt6_Qt6_qml_QtQuick_Controls_FluentWinUI3_dark_images_spinbox-background-down-hovered@2x_png["spinbox-background-down-hovered@2x.png"]\n    Root --> node_venv["venv"]\n    node_venv --> node_venv_lib["lib"]\n    node_venv_lib --> node_venv_lib_python3_12["python3.12"]\n    node_venv_lib_python3_12 --> node_venv_lib_python3_12_site-packages["site-packages"]\n    node_venv_lib_python3_12_site-packages --> node_venv_lib_python3_12_site-packages_PyQt6["PyQt6"]\n    node_venv_lib_python3_12_site-packages_PyQt6 --> node_venv_lib_python3_12_site-packages_PyQt6_Qt6["Qt6"]\n    node_venv_lib_python3_12_site-packages_PyQt6_Qt6 --> node_venv_lib_python3_12_site-packages_PyQt6_Qt6_qml["qml"]\n    node_venv_lib_python3_12_site-packages_PyQt6_Qt6_qml --> node_venv_lib_python3_12_site-packages_PyQt6_Qt6_qml_QtQuick["QtQuick"]\n    node_venv_lib_python3_12_site-packages_PyQt6_Qt6_qml_QtQuick --> node_venv_lib_python3_12_site-packages_PyQt6_Qt6_qml_QtQuick_Controls["Controls"]\n    node_venv_lib_python3_12_site-packages_PyQt6_Qt6_qml_QtQuick_Controls --> node_venv_lib_python3_12_site-packages_PyQt6_Qt6_qml_QtQuick_Controls_FluentWinUI3["FluentWinUI3"]\n    node_venv_lib_python3_12_site-packages_PyQt6_Qt6_qml_QtQuick_Controls_FluentWinUI3 --> node_venv_lib_python3_12_site-packages_PyQt6_Qt6_qml_QtQuick_Controls_FluentWinUI3_dark["dark"]\n    node_venv_lib_python3_12_site-packages_PyQt6_Qt6_qml_QtQuick_Controls_FluentWinUI3_dark --> node_venv_lib_python3_12_site-packages_PyQt6_Qt6_qml_QtQuick_Controls_FluentWinUI3_dark_images["images"]\n    node_venv_lib_python3_12_site-packages_PyQt6_Qt6_qml_QtQuick_Controls_FluentWinUI3_dark_images --> node_venv_lib_python3_12_site-packages_PyQt6_Qt6_qml_QtQuick_Controls_FluentWinUI3_dark_images_spinbox-background-down-hovered@3x_png["spinbox-background-down-hovered@3x.png"]\n    Root --> node_venv["venv"]\n    node_venv --> node_venv_lib["lib"]\n    node_venv_lib --> node_venv_lib_python3_12["python3.12"]\n    node_venv_lib_python3_12 --> node_venv_lib_python3_12_site-packages["site-packages"]\n    node_venv_lib_python3_12_site-packages --> node_venv_lib_python3_12_site-packages_PyQt6["PyQt6"]\n    node_venv_lib_python3_12_site-packages_PyQt6 --> node_venv_lib_python3_12_site-packages_PyQt6_Qt6["Qt6"]\n    node_venv_lib_python3_12_site-packages_PyQt6_Qt6 --> node_venv_lib_python3_12_site-packages_PyQt6_Qt6_qml["qml"]\n    node_venv_lib_python3_12_site-packages_PyQt6_Qt6_qml --> node_venv_lib_python3_12_site-packages_PyQt6_Qt6_qml_QtQuick["QtQuick"]\n    node_venv_lib_python3_12_site-packages_PyQt6_Qt6_qml_QtQuick --> node_venv_lib_python3_12_site-packages_PyQt6_Qt6_qml_QtQuick_Controls["Controls"]\n    node_venv_lib_python3_12_site-packages_PyQt6_Qt6_qml_QtQuick_Controls --> node_venv_lib_python3_12_site-packages_PyQt6_Qt6_qml_QtQuick_Controls_FluentWinUI3["FluentWinUI3"]\n    node_venv_lib_python3_12_site-packages_PyQt6_Qt6_qml_QtQuick_Controls_FluentWinUI3 --> node_venv_lib_python3_12_site-packages_PyQt6_Qt6_qml_QtQuick_Controls_FluentWinUI3_dark["dark"]\n    node_venv_lib_python3_12_site-packages_PyQt6_Qt6_qml_QtQuick_Controls_FluentWinUI3_dark --> node_venv_lib_python3_12_site-packages_PyQt6_Qt6_qml_QtQuick_Controls_FluentWinUI3_dark_images["images"]\n    node_venv_lib_python3_12_site-packages_PyQt6_Qt6_qml_QtQuick_Controls_FluentWinUI3_dark_images --> node_venv_lib_python3_12_site-packages_PyQt6_Qt6_qml_QtQuick_Controls_FluentWinUI3_dark_images_spinbox-background-down-pressed_png["spinbox-background-down-pressed.png"]\n    Root --> node_venv["venv"]\n    node_venv --> node_venv_lib["lib"]\n    node_venv_lib --> node_venv_lib_python3_12["python3.12"]\n    node_venv_lib_python3_12 --> node_venv_lib_python3_12_site-packages["site-packages"]\n    node_venv_lib_python3_12_site-packages --> node_venv_lib_python3_12_site-packages_PyQt6["PyQt6"]\n    node_venv_lib_python3_12_site-packages_PyQt6 --> node_venv_lib_python3_12_site-packages_PyQt6_Qt6["Qt6"]\n    node_venv_lib_python3_12_site-packages_PyQt6_Qt6 --> node_venv_lib_python3_12_site-packages_PyQt6_Qt6_qml["qml"]\n    node_venv_lib_python3_12_site-packages_PyQt6_Qt6_qml --> node_venv_lib_python3_12_site-packages_PyQt6_Qt6_qml_QtQuick["QtQuick"]\n    node_venv_lib_python3_12_site-packages_PyQt6_Qt6_qml_QtQuick --> node_venv_lib_python3_12_site-packages_PyQt6_Qt6_qml_QtQuick_Controls["Controls"]\n    node_venv_lib_python3_12_site-packages_PyQt6_Qt6_qml_QtQuick_Controls --> node_venv_lib_python3_12_site-packages_PyQt6_Qt6_qml_QtQuick_Controls_FluentWinUI3["FluentWinUI3"]\n    node_venv_lib_python3_12_site-packages_PyQt6_Qt6_qml_QtQuick_Controls_FluentWinUI3 --> node_venv_lib_python3_12_site-packages_PyQt6_Qt6_qml_QtQuick_Controls_FluentWinUI3_dark["dark"]\n    node_venv_lib_python3_12_site-packages_PyQt6_Qt6_qml_QtQuick_Controls_FluentWinUI3_dark --> node_venv_lib_python3_12_site-packages_PyQt6_Qt6_qml_QtQuick_Controls_FluentWinUI3_dark_images["images"]\n    node_venv_lib_python3_12_site-packages_PyQt6_Qt6_qml_QtQuick_Controls_FluentWinUI3_dark_images --> node_venv_lib_python3_12_site-packages_PyQt6_Qt6_qml_QtQuick_Controls_FluentWinUI3_dark_images_spinbox-background-down-pressed@2x_png["spinbox-background-down-pressed@2x.png"]\n    Root --> node_venv["venv"]\n    node_venv --> node_venv_lib["lib"]\n    node_venv_lib --> node_venv_lib_python3_12["python3.12"]\n    node_venv_lib_python3_12 --> node_venv_lib_python3_12_site-packages["site-packages"]\n    node_venv_lib_python3_12_site-packages --> node_venv_lib_python3_12_site-packages_PyQt6["PyQt6"]\n    node_venv_lib_python3_12_site-packages_PyQt6 --> node_venv_lib_python3_12_site-packages_PyQt6_Qt6["Qt6"]\n    node_venv_lib_python3_12_site-packages_PyQt6_Qt6 --> node_venv_lib_python3_12_site-packages_PyQt6_Qt6_qml["qml"]\n    node_venv_lib_python3_12_site-packages_PyQt6_Qt6_qml --> node_venv_lib_python3_12_site-packages_PyQt6_Qt6_qml_QtQuick["QtQuick"]\n    node_venv_lib_python3_12_site-packages_PyQt6_Qt6_qml_QtQuick --> node_venv_lib_python3_12_site-packages_PyQt6_Qt6_qml_QtQuick_Controls["Controls"]\n    node_venv_lib_python3_12_site-packages_PyQt6_Qt6_qml_QtQuick_Controls --> node_venv_lib_python3_12_site-packages_PyQt6_Qt6_qml_QtQuick_Controls_FluentWinUI3["FluentWinUI3"]\n    node_venv_lib_python3_12_site-packages_PyQt6_Qt6_qml_QtQuick_Controls_FluentWinUI3 --> node_venv_lib_python3_12_site-packages_PyQt6_Qt6_qml_QtQuick_Controls_FluentWinUI3_dark["dark"]\n    node_venv_lib_python3_12_site-packages_PyQt6_Qt6_qml_QtQuick_Controls_FluentWinUI3_dark --> node_venv_lib_python3_12_site-packages_PyQt6_Qt6_qml_QtQuick_Controls_FluentWinUI3_dark_images["images"]\n    node_venv_lib_python3_12_site-packages_PyQt6_Qt6_qml_QtQuick_Controls_FluentWinUI3_dark_images --> node_venv_lib_python3_12_site-packages_PyQt6_Qt6_qml_QtQuick_Controls_FluentWinUI3_dark_images_spinbox-background-down-pressed@3x_png["spinbox-background-down-pressed@3x.png"]\n    Root --> node_venv["venv"]\n    node_venv --> node_venv_lib["lib"]\n    node_venv_lib --> node_venv_lib_python3_12["python3.12"]\n    node_venv_lib_python3_12 --> node_venv_lib_python3_12_site-packages["site-packages"]\n    node_venv_lib_python3_12_site-packages --> node_venv_lib_python3_12_site-packages_PyQt6["PyQt6"]\n    node_venv_lib_python3_12_site-packages_PyQt6 --> node_venv_lib_python3_12_site-packages_PyQt6_Qt6["Qt6"]\n    node_venv_lib_python3_12_site-packages_PyQt6_Qt6 --> node_venv_lib_python3_12_site-packages_PyQt6_Qt6_qml["qml"]\n    node_venv_lib_python3_12_site-packages_PyQt6_Qt6_qml --> node_venv_lib_python3_12_site-packages_PyQt6_Qt6_qml_QtQuick["QtQuick"]\n    node_venv_lib_python3_12_site-packages_PyQt6_Qt6_qml_QtQuick --> node_venv_lib_python3_12_site-packages_PyQt6_Qt6_qml_QtQuick_Controls["Controls"]\n    node_venv_lib_python3_12_site-packages_PyQt6_Qt6_qml_QtQuick_Controls --> node_venv_lib_python3_12_site-packages_PyQt6_Qt6_qml_QtQuick_Controls_FluentWinUI3["FluentWinUI3"]\n    node_venv_lib_python3_12_site-packages_PyQt6_Qt6_qml_QtQuick_Controls_FluentWinUI3 --> node_venv_lib_python3_12_site-packages_PyQt6_Qt6_qml_QtQuick_Controls_FluentWinUI3_dark["dark"]\n    node_venv_lib_python3_12_site-packages_PyQt6_Qt6_qml_QtQuick_Controls_FluentWinUI3_dark --> node_venv_lib_python3_12_site-packages_PyQt6_Qt6_qml_QtQuick_Controls_FluentWinUI3_dark_images["images"]\n    node_venv_lib_python3_12_site-packages_PyQt6_Qt6_qml_QtQuick_Controls_FluentWinUI3_dark_images --> node_venv_lib_python3_12_site-packages_PyQt6_Qt6_qml_QtQuick_Controls_FluentWinUI3_dark_images_spinbox-background-hovered_png["spinbox-background-hovered.png"]\n    Root --> node_venv["venv"]\n    node_venv --> node_venv_lib["lib"]\n    node_venv_lib --> node_venv_lib_python3_12["python3.12"]\n    node_venv_lib_python3_12 --> node_venv_lib_python3_12_site-packages["site-packages"]\n    node_venv_lib_python3_12_site-packages --> node_venv_lib_python3_12_site-packages_PyQt6["PyQt6"]\n    node_venv_lib_python3_12_site-packages_PyQt6 --> node_venv_lib_python3_12_site-packages_PyQt6_Qt6["Qt6"]\n    node_venv_lib_python3_12_site-packages_PyQt6_Qt6 --> node_venv_lib_python3_12_site-packages_PyQt6_Qt6_qml["qml"]\n    node_venv_lib_python3_12_site-packages_PyQt6_Qt6_qml --> node_venv_lib_python3_12_site-packages_PyQt6_Qt6_qml_QtQuick["QtQuick"]\n    node_venv_lib_python3_12_site-packages_PyQt6_Qt6_qml_QtQuick --> node_venv_lib_python3_12_site-packages_PyQt6_Qt6_qml_QtQuick_Controls["Controls"]\n    node_venv_lib_python3_12_site-packages_PyQt6_Qt6_qml_QtQuick_Controls --> node_venv_lib_python3_12_site-packages_PyQt6_Qt6_qml_QtQuick_Controls_FluentWinUI3["FluentWinUI3"]\n    node_venv_lib_python3_12_site-packages_PyQt6_Qt6_qml_QtQuick_Controls_FluentWinUI3 --> node_venv_lib_python3_12_site-packages_PyQt6_Qt6_qml_QtQuick_Controls_FluentWinUI3_dark["dark"]\n    node_venv_lib_python3_12_site-packages_PyQt6_Qt6_qml_QtQuick_Controls_FluentWinUI3_dark --> node_venv_lib_python3_12_site-packages_PyQt6_Qt6_qml_QtQuick_Controls_FluentWinUI3_dark_images["images"]\n    node_venv_lib_python3_12_site-packages_PyQt6_Qt6_qml_QtQuick_Controls_FluentWinUI3_dark_images --> node_venv_lib_python3_12_site-packages_PyQt6_Qt6_qml_QtQuick_Controls_FluentWinUI3_dark_images_spinbox-background-hovered@2x_png["spinbox-background-hovered@2x.png"]\n    Root --> node_venv["venv"]\n    node_venv --> node_venv_lib["lib"]\n    node_venv_lib --> node_venv_lib_python3_12["python3.12"]\n    node_venv_lib_python3_12 --> node_venv_lib_python3_12_site-packages["site-packages"]\n    node_venv_lib_python3_12_site-packages --> node_venv_lib_python3_12_site-packages_PyQt6["PyQt6"]\n    node_venv_lib_python3_12_site-packages_PyQt6 --> node_venv_lib_python3_12_site-packages_PyQt6_Qt6["Qt6"]\n    node_venv_lib_python3_12_site-packages_PyQt6_Qt6 --> node_venv_lib_python3_12_site-packages_PyQt6_Qt6_qml["qml"]\n    node_venv_lib_python3_12_site-packages_PyQt6_Qt6_qml --> node_venv_lib_python3_12_site-packages_PyQt6_Qt6_qml_QtQuick["QtQuick"]\n    node_venv_lib_python3_12_site-packages_PyQt6_Qt6_qml_QtQuick --> node_venv_lib_python3_12_site-packages_PyQt6_Qt6_qml_QtQuick_Controls["Controls"]\n    node_venv_lib_python3_12_site-packages_PyQt6_Qt6_qml_QtQuick_Controls --> node_venv_lib_python3_12_site-packages_PyQt6_Qt6_qml_QtQuick_Controls_FluentWinUI3["FluentWinUI3"]\n    node_venv_lib_python3_12_site-packages_PyQt6_Qt6_qml_QtQuick_Controls_FluentWinUI3 --> node_venv_lib_python3_12_site-packages_PyQt6_Qt6_qml_QtQuick_Controls_FluentWinUI3_dark["dark"]\n    node_venv_lib_python3_12_site-packages_PyQt6_Qt6_qml_QtQuick_Controls_FluentWinUI3_dark --> node_venv_lib_python3_12_site-packages_PyQt6_Qt6_qml_QtQuick_Controls_FluentWinUI3_dark_images["images"]\n    node_venv_lib_python3_12_site-packages_PyQt6_Qt6_qml_QtQuick_Controls_FluentWinUI3_dark_images --> node_venv_lib_python3_12_site-packages_PyQt6_Qt6_qml_QtQuick_Controls_FluentWinUI3_dark_images_spinbox-background-hovered@3x_png["spinbox-background-hovered@3x.png"]\n    Root --> node_venv["venv"]\n    node_venv --> node_venv_lib["lib"]\n    node_venv_lib --> node_venv_lib_python3_12["python3.12"]\n    node_venv_lib_python3_12 --> node_venv_lib_python3_12_site-packages["site-packages"]\n    node_venv_lib_python3_12_site-packages --> node_venv_lib_python3_12_site-packages_PyQt6["PyQt6"]\n    node_venv_lib_python3_12_site-packages_PyQt6 --> node_venv_lib_python3_12_site-packages_PyQt6_Qt6["Qt6"]\n    node_venv_lib_python3_12_site-packages_PyQt6_Qt6 --> node_venv_lib_python3_12_site-packages_PyQt6_Qt6_qml["qml"]\n    node_venv_lib_python3_12_site-packages_PyQt6_Qt6_qml --> node_venv_lib_python3_12_site-packages_PyQt6_Qt6_qml_QtQuick["QtQuick"]\n    node_venv_lib_python3_12_site-packages_PyQt6_Qt6_qml_QtQuick --> node_venv_lib_python3_12_site-packages_PyQt6_Qt6_qml_QtQuick_Controls["Controls"]\n    node_venv_lib_python3_12_site-packages_PyQt6_Qt6_qml_QtQuick_Controls --> node_venv_lib_python3_12_site-packages_PyQt6_Qt6_qml_QtQuick_Controls_FluentWinUI3["FluentWinUI3"]\n    node_venv_lib_python3_12_site-packages_PyQt6_Qt6_qml_QtQuick_Controls_FluentWinUI3 --> node_venv_lib_python3_12_site-packages_PyQt6_Qt6_qml_QtQuick_Controls_FluentWinUI3_dark["dark"]\n    node_venv_lib_python3_12_site-packages_PyQt6_Qt6_qml_QtQuick_Controls_FluentWinUI3_dark --> node_venv_lib_python3_12_site-packages_PyQt6_Qt6_qml_QtQuick_Controls_FluentWinUI3_dark_images["images"]\n    node_venv_lib_python3_12_site-packages_PyQt6_Qt6_qml_QtQuick_Controls_FluentWinUI3_dark_images --> node_venv_lib_python3_12_site-packages_PyQt6_Qt6_qml_QtQuick_Controls_FluentWinUI3_dark_images_spinbox-background-up-hovered_png["spinbox-background-up-hovered.png"]\n    Root --> node_venv["venv"]\n    node_venv --> node_venv_lib["lib"]\n    node_venv_lib --> node_venv_lib_python3_12["python3.12"]\n    node_venv_lib_python3_12 --> node_venv_lib_python3_12_site-packages["site-packages"]\n    node_venv_lib_python3_12_site-packages --> node_venv_lib_python3_12_site-packages_PyQt6["PyQt6"]\n    node_venv_lib_python3_12_site-packages_PyQt6 --> node_venv_lib_python3_12_site-packages_PyQt6_Qt6["Qt6"]\n    node_venv_lib_python3_12_site-packages_PyQt6_Qt6 --> node_venv_lib_python3_12_site-packages_PyQt6_Qt6_qml["qml"]\n    node_venv_lib_python3_12_site-packages_PyQt6_Qt6_qml --> node_venv_lib_python3_12_site-packages_PyQt6_Qt6_qml_QtQuick["QtQuick"]\n    node_venv_lib_python3_12_site-packages_PyQt6_Qt6_qml_QtQuick --> node_venv_lib_python3_12_site-packages_PyQt6_Qt6_qml_QtQuick_Controls["Controls"]\n    node_venv_lib_python3_12_site-packages_PyQt6_Qt6_qml_QtQuick_Controls --> node_venv_lib_python3_12_site-packages_PyQt6_Qt6_qml_QtQuick_Controls_FluentWinUI3["FluentWinUI3"]\n    node_venv_lib_python3_12_site-packages_PyQt6_Qt6_qml_QtQuick_Controls_FluentWinUI3 --> node_venv_lib_python3_12_site-packages_PyQt6_Qt6_qml_QtQuick_Controls_FluentWinUI3_dark["dark"]\n    node_venv_lib_python3_12_site-packages_PyQt6_Qt6_qml_QtQuick_Controls_FluentWinUI3_dark --> node_venv_lib_python3_12_site-packages_PyQt6_Qt6_qml_QtQuick_Controls_FluentWinUI3_dark_images["images"]\n    node_venv_lib_python3_12_site-packages_PyQt6_Qt6_qml_QtQuick_Controls_FluentWinUI3_dark_images --> node_venv_lib_python3_12_site-packages_PyQt6_Qt6_qml_QtQuick_Controls_FluentWinUI3_dark_images_spinbox-background-up-hovered@2x_png["spinbox-background-up-hovered@2x.png"]\n    Root --> node_venv["venv"]\n    node_venv --> node_venv_lib["lib"]\n    node_venv_lib --> node_venv_lib_python3_12["python3.12"]\n    node_venv_lib_python3_12 --> node_venv_lib_python3_12_site-packages["site-packages"]\n    node_venv_lib_python3_12_site-packages --> node_venv_lib_python3_12_site-packages_PyQt6["PyQt6"]\n    node_venv_lib_python3_12_site-packages_PyQt6 --> node_venv_lib_python3_12_site-packages_PyQt6_Qt6["Qt6"]\n    node_venv_lib_python3_12_site-packages_PyQt6_Qt6 --> node_venv_lib_python3_12_site-packages_PyQt6_Qt6_qml["qml"]\n    node_venv_lib_python3_12_site-packages_PyQt6_Qt6_qml --> node_venv_lib_python3_12_site-packages_PyQt6_Qt6_qml_QtQuick["QtQuick"]\n    node_venv_lib_python3_12_site-packages_PyQt6_Qt6_qml_QtQuick --> node_venv_lib_python3_12_site-packages_PyQt6_Qt6_qml_QtQuick_Controls["Controls"]\n    node_venv_lib_python3_12_site-packages_PyQt6_Qt6_qml_QtQuick_Controls --> node_venv_lib_python3_12_site-packages_PyQt6_Qt6_qml_QtQuick_Controls_FluentWinUI3["FluentWinUI3"]\n    node_venv_lib_python3_12_site-packages_PyQt6_Qt6_qml_QtQuick_Controls_FluentWinUI3 --> node_venv_lib_python3_12_site-packages_PyQt6_Qt6_qml_QtQuick_Controls_FluentWinUI3_dark["dark"]\n    node_venv_lib_python3_12_site-packages_PyQt6_Qt6_qml_QtQuick_Controls_FluentWinUI3_dark --> node_venv_lib_python3_12_site-packages_PyQt6_Qt6_qml_QtQuick_Controls_FluentWinUI3_dark_images["images"]\n    node_venv_lib_python3_12_site-packages_PyQt6_Qt6_qml_QtQuick_Controls_FluentWinUI3_dark_images --> node_venv_lib_python3_12_site-packages_PyQt6_Qt6_qml_QtQuick_Controls_FluentWinUI3_dark_images_spinbox-background-up-hovered@3x_png["spinbox-background-up-hovered@3x.png"]\n    Root --> node_venv["venv"]\n    node_venv --> node_venv_lib["lib"]\n    node_venv_lib --> node_venv_lib_python3_12["python3.12"]\n    node_venv_lib_python3_12 --> node_venv_lib_python3_12_site-packages["site-packages"]\n    node_venv_lib_python3_12_site-packages --> node_venv_lib_python3_12_site-packages_PyQt6["PyQt6"]\n    node_venv_lib_python3_12_site-packages_PyQt6 --> node_venv_lib_python3_12_site-packages_PyQt6_Qt6["Qt6"]\n    node_venv_lib_python3_12_site-packages_PyQt6_Qt6 --> node_venv_lib_python3_12_site-packages_PyQt6_Qt6_qml["qml"]\n    node_venv_lib_python3_12_site-packages_PyQt6_Qt6_qml --> node_venv_lib_python3_12_site-packages_PyQt6_Qt6_qml_QtQuick["QtQuick"]\n    node_venv_lib_python3_12_site-packages_PyQt6_Qt6_qml_QtQuick --> node_venv_lib_python3_12_site-packages_PyQt6_Qt6_qml_QtQuick_Controls["Controls"]\n    node_venv_lib_python3_12_site-packages_PyQt6_Qt6_qml_QtQuick_Controls --> node_venv_lib_python3_12_site-packages_PyQt6_Qt6_qml_QtQuick_Controls_FluentWinUI3["FluentWinUI3"]\n    node_venv_lib_python3_12_site-packages_PyQt6_Qt6_qml_QtQuick_Controls_FluentWinUI3 --> node_venv_lib_python3_12_site-packages_PyQt6_Qt6_qml_QtQuick_Controls_FluentWinUI3_dark["dark"]\n    node_venv_lib_python3_12_site-packages_PyQt6_Qt6_qml_QtQuick_Controls_FluentWinUI3_dark --> node_venv_lib_python3_12_site-packages_PyQt6_Qt6_qml_QtQuick_Controls_FluentWinUI3_dark_images["images"]\n    node_venv_lib_python3_12_site-packages_PyQt6_Qt6_qml_QtQuick_Controls_FluentWinUI3_dark_images --> node_venv_lib_python3_12_site-packages_PyQt6_Qt6_qml_QtQuick_Controls_FluentWinUI3_dark_images_spinbox-background-up-pressed_png["spinbox-background-up-pressed.png"]\n    Root --> node_venv["venv"]\n    node_venv --> node_venv_lib["lib"]\n    node_venv_lib --> node_venv_lib_python3_12["python3.12"]\n    node_venv_lib_python3_12 --> node_venv_lib_python3_12_site-packages["site-packages"]\n    node_venv_lib_python3_12_site-packages --> node_venv_lib_python3_12_site-packages_PyQt6["PyQt6"]\n    node_venv_lib_python3_12_site-packages_PyQt6 --> node_venv_lib_python3_12_site-packages_PyQt6_Qt6["Qt6"]\n    node_venv_lib_python3_12_site-packages_PyQt6_Qt6 --> node_venv_lib_python3_12_site-packages_PyQt6_Qt6_qml["qml"]\n    node_venv_lib_python3_12_site-packages_PyQt6_Qt6_qml --> node_venv_lib_python3_12_site-packages_PyQt6_Qt6_qml_QtQuick["QtQuick"]\n    node_venv_lib_python3_12_site-packages_PyQt6_Qt6_qml_QtQuick --> node_venv_lib_python3_12_site-packages_PyQt6_Qt6_qml_QtQuick_Controls["Controls"]\n    node_venv_lib_python3_12_site-packages_PyQt6_Qt6_qml_QtQuick_Controls --> node_venv_lib_python3_12_site-packages_PyQt6_Qt6_qml_QtQuick_Controls_FluentWinUI3["FluentWinUI3"]\n    node_venv_lib_python3_12_site-packages_PyQt6_Qt6_qml_QtQuick_Controls_FluentWinUI3 --> node_venv_lib_python3_12_site-packages_PyQt6_Qt6_qml_QtQuick_Controls_FluentWinUI3_dark["dark"]\n    node_venv_lib_python3_12_site-packages_PyQt6_Qt6_qml_QtQuick_Controls_FluentWinUI3_dark --> node_venv_lib_python3_12_site-packages_PyQt6_Qt6_qml_QtQuick_Controls_FluentWinUI3_dark_images["images"]\n    node_venv_lib_python3_12_site-packages_PyQt6_Qt6_qml_QtQuick_Controls_FluentWinUI3_dark_images --> node_venv_lib_python3_12_site-packages_PyQt6_Qt6_qml_QtQuick_Controls_FluentWinUI3_dark_images_spinbox-background-up-pressed@2x_png["spinbox-background-up-pressed@2x.png"]\n    Root --> node_venv["venv"]\n    node_venv --> node_venv_lib["lib"]\n    node_venv_lib --> node_venv_lib_python3_12["python3.12"]\n    node_venv_lib_python3_12 --> node_venv_lib_python3_12_site-packages["site-packages"]\n    node_venv_lib_python3_12_site-packages --> node_venv_lib_python3_12_site-packages_PyQt6["PyQt6"]\n    node_venv_lib_python3_12_site-packages_PyQt6 --> node_venv_lib_python3_12_site-packages_PyQt6_Qt6["Qt6"]\n    node_venv_lib_python3_12_site-packages_PyQt6_Qt6 --> node_venv_lib_python3_12_site-packages_PyQt6_Qt6_qml["qml"]\n    node_venv_lib_python3_12_site-packages_PyQt6_Qt6_qml --> node_venv_lib_python3_12_site-packages_PyQt6_Qt6_qml_QtQuick["QtQuick"]\n    node_venv_lib_python3_12_site-packages_PyQt6_Qt6_qml_QtQuick --> node_venv_lib_python3_12_site-packages_PyQt6_Qt6_qml_QtQuick_Controls["Controls"]\n    node_venv_lib_python3_12_site-packages_PyQt6_Qt6_qml_QtQuick_Controls --> node_venv_lib_python3_12_site-packages_PyQt6_Qt6_qml_QtQuick_Controls_FluentWinUI3["FluentWinUI3"]\n    node_venv_lib_python3_12_site-packages_PyQt6_Qt6_qml_QtQuick_Controls_FluentWinUI3 --> node_venv_lib_python3_12_site-packages_PyQt6_Qt6_qml_QtQuick_Controls_FluentWinUI3_dark["dark"]\n    node_venv_lib_python3_12_site-packages_PyQt6_Qt6_qml_QtQuick_Controls_FluentWinUI3_dark --> node_venv_lib_python3_12_site-packages_PyQt6_Qt6_qml_QtQuick_Controls_FluentWinUI3_dark_images["images"]\n    node_venv_lib_python3_12_site-packages_PyQt6_Qt6_qml_QtQuick_Controls_FluentWinUI3_dark_images --> node_venv_lib_python3_12_site-packages_PyQt6_Qt6_qml_QtQuick_Controls_FluentWinUI3_dark_images_spinbox-background-up-pressed@3x_png["spinbox-background-up-pressed@3x.png"]\n    Root --> node_venv["venv"]\n    node_venv --> node_venv_lib["lib"]\n    node_venv_lib --> node_venv_lib_python3_12["python3.12"]\n    node_venv_lib_python3_12 --> node_venv_lib_python3_12_site-packages["site-packages"]\n    node_venv_lib_python3_12_site-packages --> node_venv_lib_python3_12_site-packages_PyQt6["PyQt6"]\n    node_venv_lib_python3_12_site-packages_PyQt6 --> node_venv_lib_python3_12_site-packages_PyQt6_Qt6["Qt6"]\n    node_venv_lib_python3_12_site-packages_PyQt6_Qt6 --> node_venv_lib_python3_12_site-packages_PyQt6_Qt6_qml["qml"]\n    node_venv_lib_python3_12_site-packages_PyQt6_Qt6_qml --> node_venv_lib_python3_12_site-packages_PyQt6_Qt6_qml_QtQuick["QtQuick"]\n    node_venv_lib_python3_12_site-packages_PyQt6_Qt6_qml_QtQuick --> node_venv_lib_python3_12_site-packages_PyQt6_Qt6_qml_QtQuick_Controls["Controls"]\n    node_venv_lib_python3_12_site-packages_PyQt6_Qt6_qml_QtQuick_Controls --> node_venv_lib_python3_12_site-packages_PyQt6_Qt6_qml_QtQuick_Controls_FluentWinUI3["FluentWinUI3"]\n    node_venv_lib_python3_12_site-packages_PyQt6_Qt6_qml_QtQuick_Controls_FluentWinUI3 --> node_venv_lib_python3_12_site-packages_PyQt6_Qt6_qml_QtQuick_Controls_FluentWinUI3_dark["dark"]\n    node_venv_lib_python3_12_site-packages_PyQt6_Qt6_qml_QtQuick_Controls_FluentWinUI3_dark --> node_venv_lib_python3_12_site-packages_PyQt6_Qt6_qml_QtQuick_Controls_FluentWinUI3_dark_images["images"]\n    node_venv_lib_python3_12_site-packages_PyQt6_Qt6_qml_QtQuick_Controls_FluentWinUI3_dark_images --> node_venv_lib_python3_12_site-packages_PyQt6_Qt6_qml_QtQuick_Controls_FluentWinUI3_dark_images_spinbox-background_png["spinbox-background.png"]\n    Root --> node_venv["venv"]\n    node_venv --> node_venv_lib["lib"]\n    node_venv_lib --> node_venv_lib_python3_12["python3.12"]\n    node_venv_lib_python3_12 --> node_venv_lib_python3_12_site-packages["site-packages"]\n    node_venv_lib_python3_12_site-packages --> node_venv_lib_python3_12_site-packages_PyQt6["PyQt6"]\n    node_venv_lib_python3_12_site-packages_PyQt6 --> node_venv_lib_python3_12_site-packages_PyQt6_Qt6["Qt6"]\n    node_venv_lib_python3_12_site-packages_PyQt6_Qt6 --> node_venv_lib_python3_12_site-packages_PyQt6_Qt6_qml["qml"]\n    node_venv_lib_python3_12_site-packages_PyQt6_Qt6_qml --> node_venv_lib_python3_12_site-packages_PyQt6_Qt6_qml_QtQuick["QtQuick"]\n    node_venv_lib_python3_12_site-packages_PyQt6_Qt6_qml_QtQuick --> node_venv_lib_python3_12_site-packages_PyQt6_Qt6_qml_QtQuick_Controls["Controls"]\n    node_venv_lib_python3_12_site-packages_PyQt6_Qt6_qml_QtQuick_Controls --> node_venv_lib_python3_12_site-packages_PyQt6_Qt6_qml_QtQuick_Controls_FluentWinUI3["FluentWinUI3"]\n    node_venv_lib_python3_12_site-packages_PyQt6_Qt6_qml_QtQuick_Controls_FluentWinUI3 --> node_venv_lib_python3_12_site-packages_PyQt6_Qt6_qml_QtQuick_Controls_FluentWinUI3_dark["dark"]\n    node_venv_lib_python3_12_site-packages_PyQt6_Qt6_qml_QtQuick_Controls_FluentWinUI3_dark --> node_venv_lib_python3_12_site-packages_PyQt6_Qt6_qml_QtQuick_Controls_FluentWinUI3_dark_images["images"]\n    node_venv_lib_python3_12_site-packages_PyQt6_Qt6_qml_QtQuick_Controls_FluentWinUI3_dark_images --> node_venv_lib_python3_12_site-packages_PyQt6_Qt6_qml_QtQuick_Controls_FluentWinUI3_dark_images_spinbox-background@2x_png["spinbox-background@2x.png"]\n    Root --> node_venv["venv"]\n    node_venv --> node_venv_lib["lib"]\n    node_venv_lib --> node_venv_lib_python3_12["python3.12"]\n    node_venv_lib_python3_12 --> node_venv_lib_python3_12_site-packages["site-packages"]\n    node_venv_lib_python3_12_site-packages --> node_venv_lib_python3_12_site-packages_PyQt6["PyQt6"]\n    node_venv_lib_python3_12_site-packages_PyQt6 --> node_venv_lib_python3_12_site-packages_PyQt6_Qt6["Qt6"]\n    node_venv_lib_python3_12_site-packages_PyQt6_Qt6 --> node_venv_lib_python3_12_site-packages_PyQt6_Qt6_qml["qml"]\n    node_venv_lib_python3_12_site-packages_PyQt6_Qt6_qml --> node_venv_lib_python3_12_site-packages_PyQt6_Qt6_qml_QtQuick["QtQuick"]\n    node_venv_lib_python3_12_site-packages_PyQt6_Qt6_qml_QtQuick --> node_venv_lib_python3_12_site-packages_PyQt6_Qt6_qml_QtQuick_Controls["Controls"]\n    node_venv_lib_python3_12_site-packages_PyQt6_Qt6_qml_QtQuick_Controls --> node_venv_lib_python3_12_site-packages_PyQt6_Qt6_qml_QtQuick_Controls_FluentWinUI3["FluentWinUI3"]\n    node_venv_lib_python3_12_site-packages_PyQt6_Qt6_qml_QtQuick_Controls_FluentWinUI3 --> node_venv_lib_python3_12_site-packages_PyQt6_Qt6_qml_QtQuick_Controls_FluentWinUI3_dark["dark"]\n    node_venv_lib_python3_12_site-packages_PyQt6_Qt6_qml_QtQuick_Controls_FluentWinUI3_dark --> node_venv_lib_python3_12_site-packages_PyQt6_Qt6_qml_QtQuick_Controls_FluentWinUI3_dark_images["images"]\n    node_venv_lib_python3_12_site-packages_PyQt6_Qt6_qml_QtQuick_Controls_FluentWinUI3_dark_images --> node_venv_lib_python3_12_site-packages_PyQt6_Qt6_qml_QtQuick_Controls_FluentWinUI3_dark_images_spinbox-background@3x_png["spinbox-background@3x.png"]\n    Root --> node_venv["venv"]\n    node_venv --> node_venv_lib["lib"]\n    node_venv_lib --> node_venv_lib_python3_12["python3.12"]\n    node_venv_lib_python3_12 --> node_venv_lib_python3_12_site-packages["site-packages"]\n    node_venv_lib_python3_12_site-packages --> node_venv_lib_python3_12_site-packages_PyQt6["PyQt6"]\n    node_venv_lib_python3_12_site-packages_PyQt6 --> node_venv_lib_python3_12_site-packages_PyQt6_Qt6["Qt6"]\n    node_venv_lib_python3_12_site-packages_PyQt6_Qt6 --> node_venv_lib_python3_12_site-packages_PyQt6_Qt6_qml["qml"]\n    node_venv_lib_python3_12_site-packages_PyQt6_Qt6_qml --> node_venv_lib_python3_12_site-packages_PyQt6_Qt6_qml_QtQuick["QtQuick"]\n    node_venv_lib_python3_12_site-packages_PyQt6_Qt6_qml_QtQuick --> node_venv_lib_python3_12_site-packages_PyQt6_Qt6_qml_QtQuick_Controls["Controls"]\n    node_venv_lib_python3_12_site-packages_PyQt6_Qt6_qml_QtQuick_Controls --> node_venv_lib_python3_12_site-packages_PyQt6_Qt6_qml_QtQuick_Controls_FluentWinUI3["FluentWinUI3"]\n    node_venv_lib_python3_12_site-packages_PyQt6_Qt6_qml_QtQuick_Controls_FluentWinUI3 --> node_venv_lib_python3_12_site-packages_PyQt6_Qt6_qml_QtQuick_Controls_FluentWinUI3_dark["dark"]\n    node_venv_lib_python3_12_site-packages_PyQt6_Qt6_qml_QtQuick_Controls_FluentWinUI3_dark --> node_venv_lib_python3_12_site-packages_PyQt6_Qt6_qml_QtQuick_Controls_FluentWinUI3_dark_images["images"]\n    node_venv_lib_python3_12_site-packages_PyQt6_Qt6_qml_QtQuick_Controls_FluentWinUI3_dark_images --> node_venv_lib_python3_12_site-packages_PyQt6_Qt6_qml_QtQuick_Controls_FluentWinUI3_dark_images_spinbox-indicator-down-background-atlimit_png["spinbox-indicator-down-background-atlimit.png"]\n    Root --> node_venv["venv"]\n    node_venv --> node_venv_lib["lib"]\n    node_venv_lib --> node_venv_lib_python3_12["python3.12"]\n    node_venv_lib_python3_12 --> node_venv_lib_python3_12_site-packages["site-packages"]\n    node_venv_lib_python3_12_site-packages --> node_venv_lib_python3_12_site-packages_PyQt6["PyQt6"]\n    node_venv_lib_python3_12_site-packages_PyQt6 --> node_venv_lib_python3_12_site-packages_PyQt6_Qt6["Qt6"]\n    node_venv_lib_python3_12_site-packages_PyQt6_Qt6 --> node_venv_lib_python3_12_site-packages_PyQt6_Qt6_qml["qml"]\n    node_venv_lib_python3_12_site-packages_PyQt6_Qt6_qml --> node_venv_lib_python3_12_site-packages_PyQt6_Qt6_qml_QtQuick["QtQuick"]\n    node_venv_lib_python3_12_site-packages_PyQt6_Qt6_qml_QtQuick --> node_venv_lib_python3_12_site-packages_PyQt6_Qt6_qml_QtQuick_Controls["Controls"]\n    node_venv_lib_python3_12_site-packages_PyQt6_Qt6_qml_QtQuick_Controls --> node_venv_lib_python3_12_site-packages_PyQt6_Qt6_qml_QtQuick_Controls_FluentWinUI3["FluentWinUI3"]\n    node_venv_lib_python3_12_site-packages_PyQt6_Qt6_qml_QtQuick_Controls_FluentWinUI3 --> node_venv_lib_python3_12_site-packages_PyQt6_Qt6_qml_QtQuick_Controls_FluentWinUI3_dark["dark"]\n    node_venv_lib_python3_12_site-packages_PyQt6_Qt6_qml_QtQuick_Controls_FluentWinUI3_dark --> node_venv_lib_python3_12_site-packages_PyQt6_Qt6_qml_QtQuick_Controls_FluentWinUI3_dark_images["images"]\n    node_venv_lib_python3_12_site-packages_PyQt6_Qt6_qml_QtQuick_Controls_FluentWinUI3_dark_images --> node_venv_lib_python3_12_site-packages_PyQt6_Qt6_qml_QtQuick_Controls_FluentWinUI3_dark_images_spinbox-indicator-down-background-atlimit@2x_png["spinbox-indicator-down-background-atlimit@2x.png"]\n    Root --> node_venv["venv"]\n    node_venv --> node_venv_lib["lib"]\n    node_venv_lib --> node_venv_lib_python3_12["python3.12"]\n    node_venv_lib_python3_12 --> node_venv_lib_python3_12_site-packages["site-packages"]\n    node_venv_lib_python3_12_site-packages --> node_venv_lib_python3_12_site-packages_PyQt6["PyQt6"]\n    node_venv_lib_python3_12_site-packages_PyQt6 --> node_venv_lib_python3_12_site-packages_PyQt6_Qt6["Qt6"]\n    node_venv_lib_python3_12_site-packages_PyQt6_Qt6 --> node_venv_lib_python3_12_site-packages_PyQt6_Qt6_qml["qml"]\n    node_venv_lib_python3_12_site-packages_PyQt6_Qt6_qml --> node_venv_lib_python3_12_site-packages_PyQt6_Qt6_qml_QtQuick["QtQuick"]\n    node_venv_lib_python3_12_site-packages_PyQt6_Qt6_qml_QtQuick --> node_venv_lib_python3_12_site-packages_PyQt6_Qt6_qml_QtQuick_Controls["Controls"]\n    node_venv_lib_python3_12_site-packages_PyQt6_Qt6_qml_QtQuick_Controls --> node_venv_lib_python3_12_site-packages_PyQt6_Qt6_qml_QtQuick_Controls_FluentWinUI3["FluentWinUI3"]\n    node_venv_lib_python3_12_site-packages_PyQt6_Qt6_qml_QtQuick_Controls_FluentWinUI3 --> node_venv_lib_python3_12_site-packages_PyQt6_Qt6_qml_QtQuick_Controls_FluentWinUI3_dark["dark"]\n    node_venv_lib_python3_12_site-packages_PyQt6_Qt6_qml_QtQuick_Controls_FluentWinUI3_dark --> node_venv_lib_python3_12_site-packages_PyQt6_Qt6_qml_QtQuick_Controls_FluentWinUI3_dark_images["images"]\n    node_venv_lib_python3_12_site-packages_PyQt6_Qt6_qml_QtQuick_Controls_FluentWinUI3_dark_images --> node_venv_lib_python3_12_site-packages_PyQt6_Qt6_qml_QtQuick_Controls_FluentWinUI3_dark_images_spinbox-indicator-down-background-atlimit@3x_png["spinbox-indicator-down-background-atlimit@3x.png"]\n    Root --> node_venv["venv"]\n    node_venv --> node_venv_lib["lib"]\n    node_venv_lib --> node_venv_lib_python3_12["python3.12"]\n    node_venv_lib_python3_12 --> node_venv_lib_python3_12_site-packages["site-packages"]\n    node_venv_lib_python3_12_site-packages --> node_venv_lib_python3_12_site-packages_PyQt6["PyQt6"]\n    node_venv_lib_python3_12_site-packages_PyQt6 --> node_venv_lib_python3_12_site-packages_PyQt6_Qt6["Qt6"]\n    node_venv_lib_python3_12_site-packages_PyQt6_Qt6 --> node_venv_lib_python3_12_site-packages_PyQt6_Qt6_qml["qml"]\n    node_venv_lib_python3_12_site-packages_PyQt6_Qt6_qml --> node_venv_lib_python3_12_site-packages_PyQt6_Qt6_qml_QtQuick["QtQuick"]\n    node_venv_lib_python3_12_site-packages_PyQt6_Qt6_qml_QtQuick --> node_venv_lib_python3_12_site-packages_PyQt6_Qt6_qml_QtQuick_Controls["Controls"]\n    node_venv_lib_python3_12_site-packages_PyQt6_Qt6_qml_QtQuick_Controls --> node_venv_lib_python3_12_site-packages_PyQt6_Qt6_qml_QtQuick_Controls_FluentWinUI3["FluentWinUI3"]\n    node_venv_lib_python3_12_site-packages_PyQt6_Qt6_qml_QtQuick_Controls_FluentWinUI3 --> node_venv_lib_python3_12_site-packages_PyQt6_Qt6_qml_QtQuick_Controls_FluentWinUI3_dark["dark"]\n    node_venv_lib_python3_12_site-packages_PyQt6_Qt6_qml_QtQuick_Controls_FluentWinUI3_dark --> node_venv_lib_python3_12_site-packages_PyQt6_Qt6_qml_QtQuick_Controls_FluentWinUI3_dark_images["images"]\n    node_venv_lib_python3_12_site-packages_PyQt6_Qt6_qml_QtQuick_Controls_FluentWinUI3_dark_images --> node_venv_lib_python3_12_site-packages_PyQt6_Qt6_qml_QtQuick_Controls_FluentWinUI3_dark_images_spinbox-indicator-down-background-disabled_png["spinbox-indicator-down-background-disabled.png"]\n    Root --> node_venv["venv"]\n    node_venv --> node_venv_lib["lib"]\n    node_venv_lib --> node_venv_lib_python3_12["python3.12"]\n    node_venv_lib_python3_12 --> node_venv_lib_python3_12_site-packages["site-packages"]\n    node_venv_lib_python3_12_site-packages --> node_venv_lib_python3_12_site-packages_PyQt6["PyQt6"]\n    node_venv_lib_python3_12_site-packages_PyQt6 --> node_venv_lib_python3_12_site-packages_PyQt6_Qt6["Qt6"]\n    node_venv_lib_python3_12_site-packages_PyQt6_Qt6 --> node_venv_lib_python3_12_site-packages_PyQt6_Qt6_qml["qml"]\n    node_venv_lib_python3_12_site-packages_PyQt6_Qt6_qml --> node_venv_lib_python3_12_site-packages_PyQt6_Qt6_qml_QtQuick["QtQuick"]\n    node_venv_lib_python3_12_site-packages_PyQt6_Qt6_qml_QtQuick --> node_venv_lib_python3_12_site-packages_PyQt6_Qt6_qml_QtQuick_Controls["Controls"]\n    node_venv_lib_python3_12_site-packages_PyQt6_Qt6_qml_QtQuick_Controls --> node_venv_lib_python3_12_site-packages_PyQt6_Qt6_qml_QtQuick_Controls_FluentWinUI3["FluentWinUI3"]\n    node_venv_lib_python3_12_site-packages_PyQt6_Qt6_qml_QtQuick_Controls_FluentWinUI3 --> node_venv_lib_python3_12_site-packages_PyQt6_Qt6_qml_QtQuick_Controls_FluentWinUI3_dark["dark"]\n    node_venv_lib_python3_12_site-packages_PyQt6_Qt6_qml_QtQuick_Controls_FluentWinUI3_dark --> node_venv_lib_python3_12_site-packages_PyQt6_Qt6_qml_QtQuick_Controls_FluentWinUI3_dark_images["images"]\n    node_venv_lib_python3_12_site-packages_PyQt6_Qt6_qml_QtQuick_Controls_FluentWinUI3_dark_images --> node_venv_lib_python3_12_site-packages_PyQt6_Qt6_qml_QtQuick_Controls_FluentWinUI3_dark_images_spinbox-indicator-down-background-disabled@2x_png["spinbox-indicator-down-background-disabled@2x.png"]\n    Root --> node_venv["venv"]\n    node_venv --> node_venv_lib["lib"]\n    node_venv_lib --> node_venv_lib_python3_12["python3.12"]\n    node_venv_lib_python3_12 --> node_venv_lib_python3_12_site-packages["site-packages"]\n    node_venv_lib_python3_12_site-packages --> node_venv_lib_python3_12_site-packages_PyQt6["PyQt6"]\n    node_venv_lib_python3_12_site-packages_PyQt6 --> node_venv_lib_python3_12_site-packages_PyQt6_Qt6["Qt6"]\n    node_venv_lib_python3_12_site-packages_PyQt6_Qt6 --> node_venv_lib_python3_12_site-packages_PyQt6_Qt6_qml["qml"]\n    node_venv_lib_python3_12_site-packages_PyQt6_Qt6_qml --> node_venv_lib_python3_12_site-packages_PyQt6_Qt6_qml_QtQuick["QtQuick"]\n    node_venv_lib_python3_12_site-packages_PyQt6_Qt6_qml_QtQuick --> node_venv_lib_python3_12_site-packages_PyQt6_Qt6_qml_QtQuick_Controls["Controls"]\n    node_venv_lib_python3_12_site-packages_PyQt6_Qt6_qml_QtQuick_Controls --> node_venv_lib_python3_12_site-packages_PyQt6_Qt6_qml_QtQuick_Controls_FluentWinUI3["FluentWinUI3"]\n    node_venv_lib_python3_12_site-packages_PyQt6_Qt6_qml_QtQuick_Controls_FluentWinUI3 --> node_venv_lib_python3_12_site-packages_PyQt6_Qt6_qml_QtQuick_Controls_FluentWinUI3_dark["dark"]\n    node_venv_lib_python3_12_site-packages_PyQt6_Qt6_qml_QtQuick_Controls_FluentWinUI3_dark --> node_venv_lib_python3_12_site-packages_PyQt6_Qt6_qml_QtQuick_Controls_FluentWinUI3_dark_images["images"]\n    node_venv_lib_python3_12_site-packages_PyQt6_Qt6_qml_QtQuick_Controls_FluentWinUI3_dark_images --> node_venv_lib_python3_12_site-packages_PyQt6_Qt6_qml_QtQuick_Controls_FluentWinUI3_dark_images_spinbox-indicator-down-background-disabled@3x_png["spinbox-indicator-down-background-disabled@3x.png"]\n    Root --> node_venv["venv"]\n    node_venv --> node_venv_lib["lib"]\n    node_venv_lib --> node_venv_lib_python3_12["python3.12"]\n    node_venv_lib_python3_12 --> node_venv_lib_python3_12_site-packages["site-packages"]\n    node_venv_lib_python3_12_site-packages --> node_venv_lib_python3_12_site-packages_PyQt6["PyQt6"]\n    node_venv_lib_python3_12_site-packages_PyQt6 --> node_venv_lib_python3_12_site-packages_PyQt6_Qt6["Qt6"]\n    node_venv_lib_python3_12_site-packages_PyQt6_Qt6 --> node_venv_lib_python3_12_site-packages_PyQt6_Qt6_qml["qml"]\n    node_venv_lib_python3_12_site-packages_PyQt6_Qt6_qml --> node_venv_lib_python3_12_site-packages_PyQt6_Qt6_qml_QtQuick["QtQuick"]\n    node_venv_lib_python3_12_site-packages_PyQt6_Qt6_qml_QtQuick --> node_venv_lib_python3_12_site-packages_PyQt6_Qt6_qml_QtQuick_Controls["Controls"]\n    node_venv_lib_python3_12_site-packages_PyQt6_Qt6_qml_QtQuick_Controls --> node_venv_lib_python3_12_site-packages_PyQt6_Qt6_qml_QtQuick_Controls_FluentWinUI3["FluentWinUI3"]\n    node_venv_lib_python3_12_site-packages_PyQt6_Qt6_qml_QtQuick_Controls_FluentWinUI3 --> node_venv_lib_python3_12_site-packages_PyQt6_Qt6_qml_QtQuick_Controls_FluentWinUI3_dark["dark"]\n    node_venv_lib_python3_12_site-packages_PyQt6_Qt6_qml_QtQuick_Controls_FluentWinUI3_dark --> node_venv_lib_python3_12_site-packages_PyQt6_Qt6_qml_QtQuick_Controls_FluentWinUI3_dark_images["images"]\n    node_venv_lib_python3_12_site-packages_PyQt6_Qt6_qml_QtQuick_Controls_FluentWinUI3_dark_images --> node_venv_lib_python3_12_site-packages_PyQt6_Qt6_qml_QtQuick_Controls_FluentWinUI3_dark_images_spinbox-indicator-down-background-down-hovered_png["spinbox-indicator-down-background-down-hovered.png"]\n    Root --> node_venv["venv"]\n    node_venv --> node_venv_lib["lib"]\n    node_venv_lib --> node_venv_lib_python3_12["python3.12"]\n    node_venv_lib_python3_12 --> node_venv_lib_python3_12_site-packages["site-packages"]\n    node_venv_lib_python3_12_site-packages --> node_venv_lib_python3_12_site-packages_PyQt6["PyQt6"]\n    node_venv_lib_python3_12_site-packages_PyQt6 --> node_venv_lib_python3_12_site-packages_PyQt6_Qt6["Qt6"]\n    node_venv_lib_python3_12_site-packages_PyQt6_Qt6 --> node_venv_lib_python3_12_site-packages_PyQt6_Qt6_qml["qml"]\n    node_venv_lib_python3_12_site-packages_PyQt6_Qt6_qml --> node_venv_lib_python3_12_site-packages_PyQt6_Qt6_qml_QtQuick["QtQuick"]\n    node_venv_lib_python3_12_site-packages_PyQt6_Qt6_qml_QtQuick --> node_venv_lib_python3_12_site-packages_PyQt6_Qt6_qml_QtQuick_Controls["Controls"]\n    node_venv_lib_python3_12_site-packages_PyQt6_Qt6_qml_QtQuick_Controls --> node_venv_lib_python3_12_site-packages_PyQt6_Qt6_qml_QtQuick_Controls_FluentWinUI3["FluentWinUI3"]\n    node_venv_lib_python3_12_site-packages_PyQt6_Qt6_qml_QtQuick_Controls_FluentWinUI3 --> node_venv_lib_python3_12_site-packages_PyQt6_Qt6_qml_QtQuick_Controls_FluentWinUI3_dark["dark"]\n    node_venv_lib_python3_12_site-packages_PyQt6_Qt6_qml_QtQuick_Controls_FluentWinUI3_dark --> node_venv_lib_python3_12_site-packages_PyQt6_Qt6_qml_QtQuick_Controls_FluentWinUI3_dark_images["images"]\n    node_venv_lib_python3_12_site-packages_PyQt6_Qt6_qml_QtQuick_Controls_FluentWinUI3_dark_images --> node_venv_lib_python3_12_site-packages_PyQt6_Qt6_qml_QtQuick_Controls_FluentWinUI3_dark_images_spinbox-indicator-down-background-down-hovered@2x_png["spinbox-indicator-down-background-down-hovered@2x.png"]\n    Root --> node_venv["venv"]\n    node_venv --> node_venv_lib["lib"]\n    node_venv_lib --> node_venv_lib_python3_12["python3.12"]\n    node_venv_lib_python3_12 --> node_venv_lib_python3_12_site-packages["site-packages"]\n    node_venv_lib_python3_12_site-packages --> node_venv_lib_python3_12_site-packages_PyQt6["PyQt6"]\n    node_venv_lib_python3_12_site-packages_PyQt6 --> node_venv_lib_python3_12_site-packages_PyQt6_Qt6["Qt6"]\n    node_venv_lib_python3_12_site-packages_PyQt6_Qt6 --> node_venv_lib_python3_12_site-packages_PyQt6_Qt6_qml["qml"]\n    node_venv_lib_python3_12_site-packages_PyQt6_Qt6_qml --> node_venv_lib_python3_12_site-packages_PyQt6_Qt6_qml_QtQuick["QtQuick"]\n    node_venv_lib_python3_12_site-packages_PyQt6_Qt6_qml_QtQuick --> node_venv_lib_python3_12_site-packages_PyQt6_Qt6_qml_QtQuick_Controls["Controls"]\n    node_venv_lib_python3_12_site-packages_PyQt6_Qt6_qml_QtQuick_Controls --> node_venv_lib_python3_12_site-packages_PyQt6_Qt6_qml_QtQuick_Controls_FluentWinUI3["FluentWinUI3"]\n    node_venv_lib_python3_12_site-packages_PyQt6_Qt6_qml_QtQuick_Controls_FluentWinUI3 --> node_venv_lib_python3_12_site-packages_PyQt6_Qt6_qml_QtQuick_Controls_FluentWinUI3_dark["dark"]\n    node_venv_lib_python3_12_site-packages_PyQt6_Qt6_qml_QtQuick_Controls_FluentWinUI3_dark --> node_venv_lib_python3_12_site-packages_PyQt6_Qt6_qml_QtQuick_Controls_FluentWinUI3_dark_images["images"]\n    node_venv_lib_python3_12_site-packages_PyQt6_Qt6_qml_QtQuick_Controls_FluentWinUI3_dark_images --> node_venv_lib_python3_12_site-packages_PyQt6_Qt6_qml_QtQuick_Controls_FluentWinUI3_dark_images_spinbox-indicator-down-background-down-hovered@3x_png["spinbox-indicator-down-background-down-hovered@3x.png"]\n    Root --> node_venv["venv"]\n    node_venv --> node_venv_lib["lib"]\n    node_venv_lib --> node_venv_lib_python3_12["python3.12"]\n    node_venv_lib_python3_12 --> node_venv_lib_python3_12_site-packages["site-packages"]\n    node_venv_lib_python3_12_site-packages --> node_venv_lib_python3_12_site-packages_PyQt6["PyQt6"]\n    node_venv_lib_python3_12_site-packages_PyQt6 --> node_venv_lib_python3_12_site-packages_PyQt6_Qt6["Qt6"]\n    node_venv_lib_python3_12_site-packages_PyQt6_Qt6 --> node_venv_lib_python3_12_site-packages_PyQt6_Qt6_qml["qml"]\n    node_venv_lib_python3_12_site-packages_PyQt6_Qt6_qml --> node_venv_lib_python3_12_site-packages_PyQt6_Qt6_qml_QtQuick["QtQuick"]\n    node_venv_lib_python3_12_site-packages_PyQt6_Qt6_qml_QtQuick --> node_venv_lib_python3_12_site-packages_PyQt6_Qt6_qml_QtQuick_Controls["Controls"]\n    node_venv_lib_python3_12_site-packages_PyQt6_Qt6_qml_QtQuick_Controls --> node_venv_lib_python3_12_site-packages_PyQt6_Qt6_qml_QtQuick_Controls_FluentWinUI3["FluentWinUI3"]\n    node_venv_lib_python3_12_site-packages_PyQt6_Qt6_qml_QtQuick_Controls_FluentWinUI3 --> node_venv_lib_python3_12_site-packages_PyQt6_Qt6_qml_QtQuick_Controls_FluentWinUI3_dark["dark"]\n    node_venv_lib_python3_12_site-packages_PyQt6_Qt6_qml_QtQuick_Controls_FluentWinUI3_dark --> node_venv_lib_python3_12_site-packages_PyQt6_Qt6_qml_QtQuick_Controls_FluentWinUI3_dark_images["images"]\n    node_venv_lib_python3_12_site-packages_PyQt6_Qt6_qml_QtQuick_Controls_FluentWinUI3_dark_images --> node_venv_lib_python3_12_site-packages_PyQt6_Qt6_qml_QtQuick_Controls_FluentWinUI3_dark_images_spinbox-indicator-down-background-down-pressed_png["spinbox-indicator-down-background-down-pressed.png"]\n    Root --> node_venv["venv"]\n    node_venv --> node_venv_lib["lib"]\n    node_venv_lib --> node_venv_lib_python3_12["python3.12"]\n    node_venv_lib_python3_12 --> node_venv_lib_python3_12_site-packages["site-packages"]\n    node_venv_lib_python3_12_site-packages --> node_venv_lib_python3_12_site-packages_PyQt6["PyQt6"]\n    node_venv_lib_python3_12_site-packages_PyQt6 --> node_venv_lib_python3_12_site-packages_PyQt6_Qt6["Qt6"]\n    node_venv_lib_python3_12_site-packages_PyQt6_Qt6 --> node_venv_lib_python3_12_site-packages_PyQt6_Qt6_qml["qml"]\n    node_venv_lib_python3_12_site-packages_PyQt6_Qt6_qml --> node_venv_lib_python3_12_site-packages_PyQt6_Qt6_qml_QtQuick["QtQuick"]\n    node_venv_lib_python3_12_site-packages_PyQt6_Qt6_qml_QtQuick --> node_venv_lib_python3_12_site-packages_PyQt6_Qt6_qml_QtQuick_Controls["Controls"]\n    node_venv_lib_python3_12_site-packages_PyQt6_Qt6_qml_QtQuick_Controls --> node_venv_lib_python3_12_site-packages_PyQt6_Qt6_qml_QtQuick_Controls_FluentWinUI3["FluentWinUI3"]\n    node_venv_lib_python3_12_site-packages_PyQt6_Qt6_qml_QtQuick_Controls_FluentWinUI3 --> node_venv_lib_python3_12_site-packages_PyQt6_Qt6_qml_QtQuick_Controls_FluentWinUI3_dark["dark"]\n    node_venv_lib_python3_12_site-packages_PyQt6_Qt6_qml_QtQuick_Controls_FluentWinUI3_dark --> node_venv_lib_python3_12_site-packages_PyQt6_Qt6_qml_QtQuick_Controls_FluentWinUI3_dark_images["images"]\n    node_venv_lib_python3_12_site-packages_PyQt6_Qt6_qml_QtQuick_Controls_FluentWinUI3_dark_images --> node_venv_lib_python3_12_site-packages_PyQt6_Qt6_qml_QtQuick_Controls_FluentWinUI3_dark_images_spinbox-indicator-down-background-down-pressed@2x_png["spinbox-indicator-down-background-down-pressed@2x.png"]\n    Root --> node_venv["venv"]\n    node_venv --> node_venv_lib["lib"]\n    node_venv_lib --> node_venv_lib_python3_12["python3.12"]\n    node_venv_lib_python3_12 --> node_venv_lib_python3_12_site-packages["site-packages"]\n    node_venv_lib_python3_12_site-packages --> node_venv_lib_python3_12_site-packages_PyQt6["PyQt6"]\n    node_venv_lib_python3_12_site-packages_PyQt6 --> node_venv_lib_python3_12_site-packages_PyQt6_Qt6["Qt6"]\n    node_venv_lib_python3_12_site-packages_PyQt6_Qt6 --> node_venv_lib_python3_12_site-packages_PyQt6_Qt6_qml["qml"]\n    node_venv_lib_python3_12_site-packages_PyQt6_Qt6_qml --> node_venv_lib_python3_12_site-packages_PyQt6_Qt6_qml_QtQuick["QtQuick"]\n    node_venv_lib_python3_12_site-packages_PyQt6_Qt6_qml_QtQuick --> node_venv_lib_python3_12_site-packages_PyQt6_Qt6_qml_QtQuick_Controls["Controls"]\n    node_venv_lib_python3_12_site-packages_PyQt6_Qt6_qml_QtQuick_Controls --> node_venv_lib_python3_12_site-packages_PyQt6_Qt6_qml_QtQuick_Controls_FluentWinUI3["FluentWinUI3"]\n    node_venv_lib_python3_12_site-packages_PyQt6_Qt6_qml_QtQuick_Controls_FluentWinUI3 --> node_venv_lib_python3_12_site-packages_PyQt6_Qt6_qml_QtQuick_Controls_FluentWinUI3_dark["dark"]\n    node_venv_lib_python3_12_site-packages_PyQt6_Qt6_qml_QtQuick_Controls_FluentWinUI3_dark --> node_venv_lib_python3_12_site-packages_PyQt6_Qt6_qml_QtQuick_Controls_FluentWinUI3_dark_images["images"]\n    node_venv_lib_python3_12_site-packages_PyQt6_Qt6_qml_QtQuick_Controls_FluentWinUI3_dark_images --> node_venv_lib_python3_12_site-packages_PyQt6_Qt6_qml_QtQuick_Controls_FluentWinUI3_dark_images_spinbox-indicator-down-background-down-pressed@3x_png["spinbox-indicator-down-background-down-pressed@3x.png"]\n    Root --> node_venv["venv"]\n    node_venv --> node_venv_lib["lib"]\n    node_venv_lib --> node_venv_lib_python3_12["python3.12"]\n    node_venv_lib_python3_12 --> node_venv_lib_python3_12_site-packages["site-packages"]\n    node_venv_lib_python3_12_site-packages --> node_venv_lib_python3_12_site-packages_PyQt6["PyQt6"]\n    node_venv_lib_python3_12_site-packages_PyQt6 --> node_venv_lib_python3_12_site-packages_PyQt6_Qt6["Qt6"]\n    node_venv_lib_python3_12_site-packages_PyQt6_Qt6 --> node_venv_lib_python3_12_site-packages_PyQt6_Qt6_qml["qml"]\n    node_venv_lib_python3_12_site-packages_PyQt6_Qt6_qml --> node_venv_lib_python3_12_site-packages_PyQt6_Qt6_qml_QtQuick["QtQuick"]\n    node_venv_lib_python3_12_site-packages_PyQt6_Qt6_qml_QtQuick --> node_venv_lib_python3_12_site-packages_PyQt6_Qt6_qml_QtQuick_Controls["Controls"]\n    node_venv_lib_python3_12_site-packages_PyQt6_Qt6_qml_QtQuick_Controls --> node_venv_lib_python3_12_site-packages_PyQt6_Qt6_qml_QtQuick_Controls_FluentWinUI3["FluentWinUI3"]\n    node_venv_lib_python3_12_site-packages_PyQt6_Qt6_qml_QtQuick_Controls_FluentWinUI3 --> node_venv_lib_python3_12_site-packages_PyQt6_Qt6_qml_QtQuick_Controls_FluentWinUI3_dark["dark"]\n    node_venv_lib_python3_12_site-packages_PyQt6_Qt6_qml_QtQuick_Controls_FluentWinUI3_dark --> node_venv_lib_python3_12_site-packages_PyQt6_Qt6_qml_QtQuick_Controls_FluentWinUI3_dark_images["images"]\n    node_venv_lib_python3_12_site-packages_PyQt6_Qt6_qml_QtQuick_Controls_FluentWinUI3_dark_images --> node_venv_lib_python3_12_site-packages_PyQt6_Qt6_qml_QtQuick_Controls_FluentWinUI3_dark_images_spinbox-indicator-down-background-hovered_png["spinbox-indicator-down-background-hovered.png"]\n    Root --> node_venv["venv"]\n    node_venv --> node_venv_lib["lib"]\n    node_venv_lib --> node_venv_lib_python3_12["python3.12"]\n    node_venv_lib_python3_12 --> node_venv_lib_python3_12_site-packages["site-packages"]\n    node_venv_lib_python3_12_site-packages --> node_venv_lib_python3_12_site-packages_PyQt6["PyQt6"]\n    node_venv_lib_python3_12_site-packages_PyQt6 --> node_venv_lib_python3_12_site-packages_PyQt6_Qt6["Qt6"]\n    node_venv_lib_python3_12_site-packages_PyQt6_Qt6 --> node_venv_lib_python3_12_site-packages_PyQt6_Qt6_qml["qml"]\n    node_venv_lib_python3_12_site-packages_PyQt6_Qt6_qml --> node_venv_lib_python3_12_site-packages_PyQt6_Qt6_qml_QtQuick["QtQuick"]\n    node_venv_lib_python3_12_site-packages_PyQt6_Qt6_qml_QtQuick --> node_venv_lib_python3_12_site-packages_PyQt6_Qt6_qml_QtQuick_Controls["Controls"]\n    node_venv_lib_python3_12_site-packages_PyQt6_Qt6_qml_QtQuick_Controls --> node_venv_lib_python3_12_site-packages_PyQt6_Qt6_qml_QtQuick_Controls_FluentWinUI3["FluentWinUI3"]\n    node_venv_lib_python3_12_site-packages_PyQt6_Qt6_qml_QtQuick_Controls_FluentWinUI3 --> node_venv_lib_python3_12_site-packages_PyQt6_Qt6_qml_QtQuick_Controls_FluentWinUI3_dark["dark"]\n    node_venv_lib_python3_12_site-packages_PyQt6_Qt6_qml_QtQuick_Controls_FluentWinUI3_dark --> node_venv_lib_python3_12_site-packages_PyQt6_Qt6_qml_QtQuick_Controls_FluentWinUI3_dark_images["images"]\n    node_venv_lib_python3_12_site-packages_PyQt6_Qt6_qml_QtQuick_Controls_FluentWinUI3_dark_images --> node_venv_lib_python3_12_site-packages_PyQt6_Qt6_qml_QtQuick_Controls_FluentWinUI3_dark_images_spinbox-indicator-down-background-hovered@2x_png["spinbox-indicator-down-background-hovered@2x.png"]\n    Root --> node_venv["venv"]\n    node_venv --> node_venv_lib["lib"]\n    node_venv_lib --> node_venv_lib_python3_12["python3.12"]\n    node_venv_lib_python3_12 --> node_venv_lib_python3_12_site-packages["site-packages"]\n    node_venv_lib_python3_12_site-packages --> node_venv_lib_python3_12_site-packages_PyQt6["PyQt6"]\n    node_venv_lib_python3_12_site-packages_PyQt6 --> node_venv_lib_python3_12_site-packages_PyQt6_Qt6["Qt6"]\n    node_venv_lib_python3_12_site-packages_PyQt6_Qt6 --> node_venv_lib_python3_12_site-packages_PyQt6_Qt6_qml["qml"]\n    node_venv_lib_python3_12_site-packages_PyQt6_Qt6_qml --> node_venv_lib_python3_12_site-packages_PyQt6_Qt6_qml_QtQuick["QtQuick"]\n    node_venv_lib_python3_12_site-packages_PyQt6_Qt6_qml_QtQuick --> node_venv_lib_python3_12_site-packages_PyQt6_Qt6_qml_QtQuick_Controls["Controls"]\n    node_venv_lib_python3_12_site-packages_PyQt6_Qt6_qml_QtQuick_Controls --> node_venv_lib_python3_12_site-packages_PyQt6_Qt6_qml_QtQuick_Controls_FluentWinUI3["FluentWinUI3"]\n    node_venv_lib_python3_12_site-packages_PyQt6_Qt6_qml_QtQuick_Controls_FluentWinUI3 --> node_venv_lib_python3_12_site-packages_PyQt6_Qt6_qml_QtQuick_Controls_FluentWinUI3_dark["dark"]\n    node_venv_lib_python3_12_site-packages_PyQt6_Qt6_qml_QtQuick_Controls_FluentWinUI3_dark --> node_venv_lib_python3_12_site-packages_PyQt6_Qt6_qml_QtQuick_Controls_FluentWinUI3_dark_images["images"]\n    node_venv_lib_python3_12_site-packages_PyQt6_Qt6_qml_QtQuick_Controls_FluentWinUI3_dark_images --> node_venv_lib_python3_12_site-packages_PyQt6_Qt6_qml_QtQuick_Controls_FluentWinUI3_dark_images_spinbox-indicator-down-background-hovered@3x_png["spinbox-indicator-down-background-hovered@3x.png"]\n    Root --> node_venv["venv"]\n    node_venv --> node_venv_lib["lib"]\n    node_venv_lib --> node_venv_lib_python3_12["python3.12"]\n    node_venv_lib_python3_12 --> node_venv_lib_python3_12_site-packages["site-packages"]\n    node_venv_lib_python3_12_site-packages --> node_venv_lib_python3_12_site-packages_PyQt6["PyQt6"]\n    node_venv_lib_python3_12_site-packages_PyQt6 --> node_venv_lib_python3_12_site-packages_PyQt6_Qt6["Qt6"]\n    node_venv_lib_python3_12_site-packages_PyQt6_Qt6 --> node_venv_lib_python3_12_site-packages_PyQt6_Qt6_qml["qml"]\n    node_venv_lib_python3_12_site-packages_PyQt6_Qt6_qml --> node_venv_lib_python3_12_site-packages_PyQt6_Qt6_qml_QtQuick["QtQuick"]\n    node_venv_lib_python3_12_site-packages_PyQt6_Qt6_qml_QtQuick --> node_venv_lib_python3_12_site-packages_PyQt6_Qt6_qml_QtQuick_Controls["Controls"]\n    node_venv_lib_python3_12_site-packages_PyQt6_Qt6_qml_QtQuick_Controls --> node_venv_lib_python3_12_site-packages_PyQt6_Qt6_qml_QtQuick_Controls_FluentWinUI3["FluentWinUI3"]\n    node_venv_lib_python3_12_site-packages_PyQt6_Qt6_qml_QtQuick_Controls_FluentWinUI3 --> node_venv_lib_python3_12_site-packages_PyQt6_Qt6_qml_QtQuick_Controls_FluentWinUI3_dark["dark"]\n    node_venv_lib_python3_12_site-packages_PyQt6_Qt6_qml_QtQuick_Controls_FluentWinUI3_dark --> node_venv_lib_python3_12_site-packages_PyQt6_Qt6_qml_QtQuick_Controls_FluentWinUI3_dark_images["images"]\n    node_venv_lib_python3_12_site-packages_PyQt6_Qt6_qml_QtQuick_Controls_FluentWinUI3_dark_images --> node_venv_lib_python3_12_site-packages_PyQt6_Qt6_qml_QtQuick_Controls_FluentWinUI3_dark_images_spinbox-indicator-down-background-up-hovered_png["spinbox-indicator-down-background-up-hovered.png"]\n    Root --> node_venv["venv"]\n    node_venv --> node_venv_lib["lib"]\n    node_venv_lib --> node_venv_lib_python3_12["python3.12"]\n    node_venv_lib_python3_12 --> node_venv_lib_python3_12_site-packages["site-packages"]\n    node_venv_lib_python3_12_site-packages --> node_venv_lib_python3_12_site-packages_PyQt6["PyQt6"]\n    node_venv_lib_python3_12_site-packages_PyQt6 --> node_venv_lib_python3_12_site-packages_PyQt6_Qt6["Qt6"]\n    node_venv_lib_python3_12_site-packages_PyQt6_Qt6 --> node_venv_lib_python3_12_site-packages_PyQt6_Qt6_qml["qml"]\n    node_venv_lib_python3_12_site-packages_PyQt6_Qt6_qml --> node_venv_lib_python3_12_site-packages_PyQt6_Qt6_qml_QtQuick["QtQuick"]\n    node_venv_lib_python3_12_site-packages_PyQt6_Qt6_qml_QtQuick --> node_venv_lib_python3_12_site-packages_PyQt6_Qt6_qml_QtQuick_Controls["Controls"]\n    node_venv_lib_python3_12_site-packages_PyQt6_Qt6_qml_QtQuick_Controls --> node_venv_lib_python3_12_site-packages_PyQt6_Qt6_qml_QtQuick_Controls_FluentWinUI3["FluentWinUI3"]\n    node_venv_lib_python3_12_site-packages_PyQt6_Qt6_qml_QtQuick_Controls_FluentWinUI3 --> node_venv_lib_python3_12_site-packages_PyQt6_Qt6_qml_QtQuick_Controls_FluentWinUI3_dark["dark"]\n    node_venv_lib_python3_12_site-packages_PyQt6_Qt6_qml_QtQuick_Controls_FluentWinUI3_dark --> node_venv_lib_python3_12_site-packages_PyQt6_Qt6_qml_QtQuick_Controls_FluentWinUI3_dark_images["images"]\n    node_venv_lib_python3_12_site-packages_PyQt6_Qt6_qml_QtQuick_Controls_FluentWinUI3_dark_images --> node_venv_lib_python3_12_site-packages_PyQt6_Qt6_qml_QtQuick_Controls_FluentWinUI3_dark_images_spinbox-indicator-down-background-up-hovered@2x_png["spinbox-indicator-down-background-up-hovered@2x.png"]\n    Root --> node_venv["venv"]\n    node_venv --> node_venv_lib["lib"]\n    node_venv_lib --> node_venv_lib_python3_12["python3.12"]\n    node_venv_lib_python3_12 --> node_venv_lib_python3_12_site-packages["site-packages"]\n    node_venv_lib_python3_12_site-packages --> node_venv_lib_python3_12_site-packages_PyQt6["PyQt6"]\n    node_venv_lib_python3_12_site-packages_PyQt6 --> node_venv_lib_python3_12_site-packages_PyQt6_Qt6["Qt6"]\n    node_venv_lib_python3_12_site-packages_PyQt6_Qt6 --> node_venv_lib_python3_12_site-packages_PyQt6_Qt6_qml["qml"]\n    node_venv_lib_python3_12_site-packages_PyQt6_Qt6_qml --> node_venv_lib_python3_12_site-packages_PyQt6_Qt6_qml_QtQuick["QtQuick"]\n    node_venv_lib_python3_12_site-packages_PyQt6_Qt6_qml_QtQuick --> node_venv_lib_python3_12_site-packages_PyQt6_Qt6_qml_QtQuick_Controls["Controls"]\n    node_venv_lib_python3_12_site-packages_PyQt6_Qt6_qml_QtQuick_Controls --> node_venv_lib_python3_12_site-packages_PyQt6_Qt6_qml_QtQuick_Controls_FluentWinUI3["FluentWinUI3"]\n    node_venv_lib_python3_12_site-packages_PyQt6_Qt6_qml_QtQuick_Controls_FluentWinUI3 --> node_venv_lib_python3_12_site-packages_PyQt6_Qt6_qml_QtQuick_Controls_FluentWinUI3_dark["dark"]\n    node_venv_lib_python3_12_site-packages_PyQt6_Qt6_qml_QtQuick_Controls_FluentWinUI3_dark --> node_venv_lib_python3_12_site-packages_PyQt6_Qt6_qml_QtQuick_Controls_FluentWinUI3_dark_images["images"]\n    node_venv_lib_python3_12_site-packages_PyQt6_Qt6_qml_QtQuick_Controls_FluentWinUI3_dark_images --> node_venv_lib_python3_12_site-packages_PyQt6_Qt6_qml_QtQuick_Controls_FluentWinUI3_dark_images_spinbox-indicator-down-background-up-hovered@3x_png["spinbox-indicator-down-background-up-hovered@3x.png"]\n    Root --> node_venv["venv"]\n    node_venv --> node_venv_lib["lib"]\n    node_venv_lib --> node_venv_lib_python3_12["python3.12"]\n    node_venv_lib_python3_12 --> node_venv_lib_python3_12_site-packages["site-packages"]\n    node_venv_lib_python3_12_site-packages --> node_venv_lib_python3_12_site-packages_PyQt6["PyQt6"]\n    node_venv_lib_python3_12_site-packages_PyQt6 --> node_venv_lib_python3_12_site-packages_PyQt6_Qt6["Qt6"]\n    node_venv_lib_python3_12_site-packages_PyQt6_Qt6 --> node_venv_lib_python3_12_site-packages_PyQt6_Qt6_qml["qml"]\n    node_venv_lib_python3_12_site-packages_PyQt6_Qt6_qml --> node_venv_lib_python3_12_site-packages_PyQt6_Qt6_qml_QtQuick["QtQuick"]\n    node_venv_lib_python3_12_site-packages_PyQt6_Qt6_qml_QtQuick --> node_venv_lib_python3_12_site-packages_PyQt6_Qt6_qml_QtQuick_Controls["Controls"]\n    node_venv_lib_python3_12_site-packages_PyQt6_Qt6_qml_QtQuick_Controls --> node_venv_lib_python3_12_site-packages_PyQt6_Qt6_qml_QtQuick_Controls_FluentWinUI3["FluentWinUI3"]\n    node_venv_lib_python3_12_site-packages_PyQt6_Qt6_qml_QtQuick_Controls_FluentWinUI3 --> node_venv_lib_python3_12_site-packages_PyQt6_Qt6_qml_QtQuick_Controls_FluentWinUI3_dark["dark"]\n    node_venv_lib_python3_12_site-packages_PyQt6_Qt6_qml_QtQuick_Controls_FluentWinUI3_dark --> node_venv_lib_python3_12_site-packages_PyQt6_Qt6_qml_QtQuick_Controls_FluentWinUI3_dark_images["images"]\n    node_venv_lib_python3_12_site-packages_PyQt6_Qt6_qml_QtQuick_Controls_FluentWinUI3_dark_images --> node_venv_lib_python3_12_site-packages_PyQt6_Qt6_qml_QtQuick_Controls_FluentWinUI3_dark_images_spinbox-indicator-down-background-up-pressed_png["spinbox-indicator-down-background-up-pressed.png"]\n    Root --> node_venv["venv"]\n    node_venv --> node_venv_lib["lib"]\n    node_venv_lib --> node_venv_lib_python3_12["python3.12"]\n    node_venv_lib_python3_12 --> node_venv_lib_python3_12_site-packages["site-packages"]\n    node_venv_lib_python3_12_site-packages --> node_venv_lib_python3_12_site-packages_PyQt6["PyQt6"]\n    node_venv_lib_python3_12_site-packages_PyQt6 --> node_venv_lib_python3_12_site-packages_PyQt6_Qt6["Qt6"]\n    node_venv_lib_python3_12_site-packages_PyQt6_Qt6 --> node_venv_lib_python3_12_site-packages_PyQt6_Qt6_qml["qml"]\n    node_venv_lib_python3_12_site-packages_PyQt6_Qt6_qml --> node_venv_lib_python3_12_site-packages_PyQt6_Qt6_qml_QtQuick["QtQuick"]\n    node_venv_lib_python3_12_site-packages_PyQt6_Qt6_qml_QtQuick --> node_venv_lib_python3_12_site-packages_PyQt6_Qt6_qml_QtQuick_Controls["Controls"]\n    node_venv_lib_python3_12_site-packages_PyQt6_Qt6_qml_QtQuick_Controls --> node_venv_lib_python3_12_site-packages_PyQt6_Qt6_qml_QtQuick_Controls_FluentWinUI3["FluentWinUI3"]\n    node_venv_lib_python3_12_site-packages_PyQt6_Qt6_qml_QtQuick_Controls_FluentWinUI3 --> node_venv_lib_python3_12_site-packages_PyQt6_Qt6_qml_QtQuick_Controls_FluentWinUI3_dark["dark"]\n    node_venv_lib_python3_12_site-packages_PyQt6_Qt6_qml_QtQuick_Controls_FluentWinUI3_dark --> node_venv_lib_python3_12_site-packages_PyQt6_Qt6_qml_QtQuick_Controls_FluentWinUI3_dark_images["images"]\n    node_venv_lib_python3_12_site-packages_PyQt6_Qt6_qml_QtQuick_Controls_FluentWinUI3_dark_images --> node_venv_lib_python3_12_site-packages_PyQt6_Qt6_qml_QtQuick_Controls_FluentWinUI3_dark_images_spinbox-indicator-down-background-up-pressed@2x_png["spinbox-indicator-down-background-up-pressed@2x.png"]\n    Root --> node_venv["venv"]\n    node_venv --> node_venv_lib["lib"]\n    node_venv_lib --> node_venv_lib_python3_12["python3.12"]\n    node_venv_lib_python3_12 --> node_venv_lib_python3_12_site-packages["site-packages"]\n    node_venv_lib_python3_12_site-packages --> node_venv_lib_python3_12_site-packages_PyQt6["PyQt6"]\n    node_venv_lib_python3_12_site-packages_PyQt6 --> node_venv_lib_python3_12_site-packages_PyQt6_Qt6["Qt6"]\n    node_venv_lib_python3_12_site-packages_PyQt6_Qt6 --> node_venv_lib_python3_12_site-packages_PyQt6_Qt6_qml["qml"]\n    node_venv_lib_python3_12_site-packages_PyQt6_Qt6_qml --> node_venv_lib_python3_12_site-packages_PyQt6_Qt6_qml_QtQuick["QtQuick"]\n    node_venv_lib_python3_12_site-packages_PyQt6_Qt6_qml_QtQuick --> node_venv_lib_python3_12_site-packages_PyQt6_Qt6_qml_QtQuick_Controls["Controls"]\n    node_venv_lib_python3_12_site-packages_PyQt6_Qt6_qml_QtQuick_Controls --> node_venv_lib_python3_12_site-packages_PyQt6_Qt6_qml_QtQuick_Controls_FluentWinUI3["FluentWinUI3"]\n    node_venv_lib_python3_12_site-packages_PyQt6_Qt6_qml_QtQuick_Controls_FluentWinUI3 --> node_venv_lib_python3_12_site-packages_PyQt6_Qt6_qml_QtQuick_Controls_FluentWinUI3_dark["dark"]\n    node_venv_lib_python3_12_site-packages_PyQt6_Qt6_qml_QtQuick_Controls_FluentWinUI3_dark --> node_venv_lib_python3_12_site-packages_PyQt6_Qt6_qml_QtQuick_Controls_FluentWinUI3_dark_images["images"]\n    node_venv_lib_python3_12_site-packages_PyQt6_Qt6_qml_QtQuick_Controls_FluentWinUI3_dark_images --> node_venv_lib_python3_12_site-packages_PyQt6_Qt6_qml_QtQuick_Controls_FluentWinUI3_dark_images_spinbox-indicator-down-background-up-pressed@3x_png["spinbox-indicator-down-background-up-pressed@3x.png"]\n    Root --> node_venv["venv"]\n    node_venv --> node_venv_lib["lib"]\n    node_venv_lib --> node_venv_lib_python3_12["python3.12"]\n    node_venv_lib_python3_12 --> node_venv_lib_python3_12_site-packages["site-packages"]\n    node_venv_lib_python3_12_site-packages --> node_venv_lib_python3_12_site-packages_PyQt6["PyQt6"]\n    node_venv_lib_python3_12_site-packages_PyQt6 --> node_venv_lib_python3_12_site-packages_PyQt6_Qt6["Qt6"]\n    node_venv_lib_python3_12_site-packages_PyQt6_Qt6 --> node_venv_lib_python3_12_site-packages_PyQt6_Qt6_qml["qml"]\n    node_venv_lib_python3_12_site-packages_PyQt6_Qt6_qml --> node_venv_lib_python3_12_site-packages_PyQt6_Qt6_qml_QtQuick["QtQuick"]\n    node_venv_lib_python3_12_site-packages_PyQt6_Qt6_qml_QtQuick --> node_venv_lib_python3_12_site-packages_PyQt6_Qt6_qml_QtQuick_Controls["Controls"]\n    node_venv_lib_python3_12_site-packages_PyQt6_Qt6_qml_QtQuick_Controls --> node_venv_lib_python3_12_site-packages_PyQt6_Qt6_qml_QtQuick_Controls_FluentWinUI3["FluentWinUI3"]\n    node_venv_lib_python3_12_site-packages_PyQt6_Qt6_qml_QtQuick_Controls_FluentWinUI3 --> node_venv_lib_python3_12_site-packages_PyQt6_Qt6_qml_QtQuick_Controls_FluentWinUI3_dark["dark"]\n    node_venv_lib_python3_12_site-packages_PyQt6_Qt6_qml_QtQuick_Controls_FluentWinUI3_dark --> node_venv_lib_python3_12_site-packages_PyQt6_Qt6_qml_QtQuick_Controls_FluentWinUI3_dark_images["images"]\n    node_venv_lib_python3_12_site-packages_PyQt6_Qt6_qml_QtQuick_Controls_FluentWinUI3_dark_images --> node_venv_lib_python3_12_site-packages_PyQt6_Qt6_qml_QtQuick_Controls_FluentWinUI3_dark_images_spinbox-indicator-down-background_png["spinbox-indicator-down-background.png"]\n    Root --> node_venv["venv"]\n    node_venv --> node_venv_lib["lib"]\n    node_venv_lib --> node_venv_lib_python3_12["python3.12"]\n    node_venv_lib_python3_12 --> node_venv_lib_python3_12_site-packages["site-packages"]\n    node_venv_lib_python3_12_site-packages --> node_venv_lib_python3_12_site-packages_PyQt6["PyQt6"]\n    node_venv_lib_python3_12_site-packages_PyQt6 --> node_venv_lib_python3_12_site-packages_PyQt6_Qt6["Qt6"]\n    node_venv_lib_python3_12_site-packages_PyQt6_Qt6 --> node_venv_lib_python3_12_site-packages_PyQt6_Qt6_qml["qml"]\n    node_venv_lib_python3_12_site-packages_PyQt6_Qt6_qml --> node_venv_lib_python3_12_site-packages_PyQt6_Qt6_qml_QtQuick["QtQuick"]\n    node_venv_lib_python3_12_site-packages_PyQt6_Qt6_qml_QtQuick --> node_venv_lib_python3_12_site-packages_PyQt6_Qt6_qml_QtQuick_Controls["Controls"]\n    node_venv_lib_python3_12_site-packages_PyQt6_Qt6_qml_QtQuick_Controls --> node_venv_lib_python3_12_site-packages_PyQt6_Qt6_qml_QtQuick_Controls_FluentWinUI3["FluentWinUI3"]\n    node_venv_lib_python3_12_site-packages_PyQt6_Qt6_qml_QtQuick_Controls_FluentWinUI3 --> node_venv_lib_python3_12_site-packages_PyQt6_Qt6_qml_QtQuick_Controls_FluentWinUI3_dark["dark"]\n    node_venv_lib_python3_12_site-packages_PyQt6_Qt6_qml_QtQuick_Controls_FluentWinUI3_dark --> node_venv_lib_python3_12_site-packages_PyQt6_Qt6_qml_QtQuick_Controls_FluentWinUI3_dark_images["images"]\n    node_venv_lib_python3_12_site-packages_PyQt6_Qt6_qml_QtQuick_Controls_FluentWinUI3_dark_images --> node_venv_lib_python3_12_site-packages_PyQt6_Qt6_qml_QtQuick_Controls_FluentWinUI3_dark_images_spinbox-indicator-down-background@2x_png["spinbox-indicator-down-background@2x.png"]\n    Root --> node_venv["venv"]\n    node_venv --> node_venv_lib["lib"]\n    node_venv_lib --> node_venv_lib_python3_12["python3.12"]\n    node_venv_lib_python3_12 --> node_venv_lib_python3_12_site-packages["site-packages"]\n    node_venv_lib_python3_12_site-packages --> node_venv_lib_python3_12_site-packages_PyQt6["PyQt6"]\n    node_venv_lib_python3_12_site-packages_PyQt6 --> node_venv_lib_python3_12_site-packages_PyQt6_Qt6["Qt6"]\n    node_venv_lib_python3_12_site-packages_PyQt6_Qt6 --> node_venv_lib_python3_12_site-packages_PyQt6_Qt6_qml["qml"]\n    node_venv_lib_python3_12_site-packages_PyQt6_Qt6_qml --> node_venv_lib_python3_12_site-packages_PyQt6_Qt6_qml_QtQuick["QtQuick"]\n    node_venv_lib_python3_12_site-packages_PyQt6_Qt6_qml_QtQuick --> node_venv_lib_python3_12_site-packages_PyQt6_Qt6_qml_QtQuick_Controls["Controls"]\n    node_venv_lib_python3_12_site-packages_PyQt6_Qt6_qml_QtQuick_Controls --> node_venv_lib_python3_12_site-packages_PyQt6_Qt6_qml_QtQuick_Controls_FluentWinUI3["FluentWinUI3"]\n    node_venv_lib_python3_12_site-packages_PyQt6_Qt6_qml_QtQuick_Controls_FluentWinUI3 --> node_venv_lib_python3_12_site-packages_PyQt6_Qt6_qml_QtQuick_Controls_FluentWinUI3_dark["dark"]\n    node_venv_lib_python3_12_site-packages_PyQt6_Qt6_qml_QtQuick_Controls_FluentWinUI3_dark --> node_venv_lib_python3_12_site-packages_PyQt6_Qt6_qml_QtQuick_Controls_FluentWinUI3_dark_images["images"]\n    node_venv_lib_python3_12_site-packages_PyQt6_Qt6_qml_QtQuick_Controls_FluentWinUI3_dark_images --> node_venv_lib_python3_12_site-packages_PyQt6_Qt6_qml_QtQuick_Controls_FluentWinUI3_dark_images_spinbox-indicator-down-background@3x_png["spinbox-indicator-down-background@3x.png"]\n    Root --> node_venv["venv"]\n    node_venv --> node_venv_lib["lib"]\n    node_venv_lib --> node_venv_lib_python3_12["python3.12"]\n    node_venv_lib_python3_12 --> node_venv_lib_python3_12_site-packages["site-packages"]\n    node_venv_lib_python3_12_site-packages --> node_venv_lib_python3_12_site-packages_PyQt6["PyQt6"]\n    node_venv_lib_python3_12_site-packages_PyQt6 --> node_venv_lib_python3_12_site-packages_PyQt6_Qt6["Qt6"]\n    node_venv_lib_python3_12_site-packages_PyQt6_Qt6 --> node_venv_lib_python3_12_site-packages_PyQt6_Qt6_qml["qml"]\n    node_venv_lib_python3_12_site-packages_PyQt6_Qt6_qml --> node_venv_lib_python3_12_site-packages_PyQt6_Qt6_qml_QtQuick["QtQuick"]\n    node_venv_lib_python3_12_site-packages_PyQt6_Qt6_qml_QtQuick --> node_venv_lib_python3_12_site-packages_PyQt6_Qt6_qml_QtQuick_Controls["Controls"]\n    node_venv_lib_python3_12_site-packages_PyQt6_Qt6_qml_QtQuick_Controls --> node_venv_lib_python3_12_site-packages_PyQt6_Qt6_qml_QtQuick_Controls_FluentWinUI3["FluentWinUI3"]\n    node_venv_lib_python3_12_site-packages_PyQt6_Qt6_qml_QtQuick_Controls_FluentWinUI3 --> node_venv_lib_python3_12_site-packages_PyQt6_Qt6_qml_QtQuick_Controls_FluentWinUI3_dark["dark"]\n    node_venv_lib_python3_12_site-packages_PyQt6_Qt6_qml_QtQuick_Controls_FluentWinUI3_dark --> node_venv_lib_python3_12_site-packages_PyQt6_Qt6_qml_QtQuick_Controls_FluentWinUI3_dark_images["images"]\n    node_venv_lib_python3_12_site-packages_PyQt6_Qt6_qml_QtQuick_Controls_FluentWinUI3_dark_images --> node_venv_lib_python3_12_site-packages_PyQt6_Qt6_qml_QtQuick_Controls_FluentWinUI3_dark_images_spinbox-indicator-down-icon-atlimit_png["spinbox-indicator-down-icon-atlimit.png"]\n    Root --> node_venv["venv"]\n    node_venv --> node_venv_lib["lib"]\n    node_venv_lib --> node_venv_lib_python3_12["python3.12"]\n    node_venv_lib_python3_12 --> node_venv_lib_python3_12_site-packages["site-packages"]\n    node_venv_lib_python3_12_site-packages --> node_venv_lib_python3_12_site-packages_PyQt6["PyQt6"]\n    node_venv_lib_python3_12_site-packages_PyQt6 --> node_venv_lib_python3_12_site-packages_PyQt6_Qt6["Qt6"]\n    node_venv_lib_python3_12_site-packages_PyQt6_Qt6 --> node_venv_lib_python3_12_site-packages_PyQt6_Qt6_qml["qml"]\n    node_venv_lib_python3_12_site-packages_PyQt6_Qt6_qml --> node_venv_lib_python3_12_site-packages_PyQt6_Qt6_qml_QtQuick["QtQuick"]\n    node_venv_lib_python3_12_site-packages_PyQt6_Qt6_qml_QtQuick --> node_venv_lib_python3_12_site-packages_PyQt6_Qt6_qml_QtQuick_Controls["Controls"]\n    node_venv_lib_python3_12_site-packages_PyQt6_Qt6_qml_QtQuick_Controls --> node_venv_lib_python3_12_site-packages_PyQt6_Qt6_qml_QtQuick_Controls_FluentWinUI3["FluentWinUI3"]\n    node_venv_lib_python3_12_site-packages_PyQt6_Qt6_qml_QtQuick_Controls_FluentWinUI3 --> node_venv_lib_python3_12_site-packages_PyQt6_Qt6_qml_QtQuick_Controls_FluentWinUI3_dark["dark"]\n    node_venv_lib_python3_12_site-packages_PyQt6_Qt6_qml_QtQuick_Controls_FluentWinUI3_dark --> node_venv_lib_python3_12_site-packages_PyQt6_Qt6_qml_QtQuick_Controls_FluentWinUI3_dark_images["images"]\n    node_venv_lib_python3_12_site-packages_PyQt6_Qt6_qml_QtQuick_Controls_FluentWinUI3_dark_images --> node_venv_lib_python3_12_site-packages_PyQt6_Qt6_qml_QtQuick_Controls_FluentWinUI3_dark_images_spinbox-indicator-down-icon-atlimit@2x_png["spinbox-indicator-down-icon-atlimit@2x.png"]\n    Root --> node_venv["venv"]\n    node_venv --> node_venv_lib["lib"]\n    node_venv_lib --> node_venv_lib_python3_12["python3.12"]\n    node_venv_lib_python3_12 --> node_venv_lib_python3_12_site-packages["site-packages"]\n    node_venv_lib_python3_12_site-packages --> node_venv_lib_python3_12_site-packages_PyQt6["PyQt6"]\n    node_venv_lib_python3_12_site-packages_PyQt6 --> node_venv_lib_python3_12_site-packages_PyQt6_Qt6["Qt6"]\n    node_venv_lib_python3_12_site-packages_PyQt6_Qt6 --> node_venv_lib_python3_12_site-packages_PyQt6_Qt6_qml["qml"]\n    node_venv_lib_python3_12_site-packages_PyQt6_Qt6_qml --> node_venv_lib_python3_12_site-packages_PyQt6_Qt6_qml_QtQuick["QtQuick"]\n    node_venv_lib_python3_12_site-packages_PyQt6_Qt6_qml_QtQuick --> node_venv_lib_python3_12_site-packages_PyQt6_Qt6_qml_QtQuick_Controls["Controls"]\n    node_venv_lib_python3_12_site-packages_PyQt6_Qt6_qml_QtQuick_Controls --> node_venv_lib_python3_12_site-packages_PyQt6_Qt6_qml_QtQuick_Controls_FluentWinUI3["FluentWinUI3"]\n    node_venv_lib_python3_12_site-packages_PyQt6_Qt6_qml_QtQuick_Controls_FluentWinUI3 --> node_venv_lib_python3_12_site-packages_PyQt6_Qt6_qml_QtQuick_Controls_FluentWinUI3_dark["dark"]\n    node_venv_lib_python3_12_site-packages_PyQt6_Qt6_qml_QtQuick_Controls_FluentWinUI3_dark --> node_venv_lib_python3_12_site-packages_PyQt6_Qt6_qml_QtQuick_Controls_FluentWinUI3_dark_images["images"]\n    node_venv_lib_python3_12_site-packages_PyQt6_Qt6_qml_QtQuick_Controls_FluentWinUI3_dark_images --> node_venv_lib_python3_12_site-packages_PyQt6_Qt6_qml_QtQuick_Controls_FluentWinUI3_dark_images_spinbox-indicator-down-icon-atlimit@3x_png["spinbox-indicator-down-icon-atlimit@3x.png"]\n    Root --> node_venv["venv"]\n    node_venv --> node_venv_lib["lib"]\n    node_venv_lib --> node_venv_lib_python3_12["python3.12"]\n    node_venv_lib_python3_12 --> node_venv_lib_python3_12_site-packages["site-packages"]\n    node_venv_lib_python3_12_site-packages --> node_venv_lib_python3_12_site-packages_PyQt6["PyQt6"]\n    node_venv_lib_python3_12_site-packages_PyQt6 --> node_venv_lib_python3_12_site-packages_PyQt6_Qt6["Qt6"]\n    node_venv_lib_python3_12_site-packages_PyQt6_Qt6 --> node_venv_lib_python3_12_site-packages_PyQt6_Qt6_qml["qml"]\n    node_venv_lib_python3_12_site-packages_PyQt6_Qt6_qml --> node_venv_lib_python3_12_site-packages_PyQt6_Qt6_qml_QtQuick["QtQuick"]\n    node_venv_lib_python3_12_site-packages_PyQt6_Qt6_qml_QtQuick --> node_venv_lib_python3_12_site-packages_PyQt6_Qt6_qml_QtQuick_Controls["Controls"]\n    node_venv_lib_python3_12_site-packages_PyQt6_Qt6_qml_QtQuick_Controls --> node_venv_lib_python3_12_site-packages_PyQt6_Qt6_qml_QtQuick_Controls_FluentWinUI3["FluentWinUI3"]\n    node_venv_lib_python3_12_site-packages_PyQt6_Qt6_qml_QtQuick_Controls_FluentWinUI3 --> node_venv_lib_python3_12_site-packages_PyQt6_Qt6_qml_QtQuick_Controls_FluentWinUI3_dark["dark"]\n    node_venv_lib_python3_12_site-packages_PyQt6_Qt6_qml_QtQuick_Controls_FluentWinUI3_dark --> node_venv_lib_python3_12_site-packages_PyQt6_Qt6_qml_QtQuick_Controls_FluentWinUI3_dark_images["images"]\n    node_venv_lib_python3_12_site-packages_PyQt6_Qt6_qml_QtQuick_Controls_FluentWinUI3_dark_images --> node_venv_lib_python3_12_site-packages_PyQt6_Qt6_qml_QtQuick_Controls_FluentWinUI3_dark_images_spinbox-indicator-down-icon-disabled_png["spinbox-indicator-down-icon-disabled.png"]\n    Root --> node_venv["venv"]\n    node_venv --> node_venv_lib["lib"]\n    node_venv_lib --> node_venv_lib_python3_12["python3.12"]\n    node_venv_lib_python3_12 --> node_venv_lib_python3_12_site-packages["site-packages"]\n    node_venv_lib_python3_12_site-packages --> node_venv_lib_python3_12_site-packages_PyQt6["PyQt6"]\n    node_venv_lib_python3_12_site-packages_PyQt6 --> node_venv_lib_python3_12_site-packages_PyQt6_Qt6["Qt6"]\n    node_venv_lib_python3_12_site-packages_PyQt6_Qt6 --> node_venv_lib_python3_12_site-packages_PyQt6_Qt6_qml["qml"]\n    node_venv_lib_python3_12_site-packages_PyQt6_Qt6_qml --> node_venv_lib_python3_12_site-packages_PyQt6_Qt6_qml_QtQuick["QtQuick"]\n    node_venv_lib_python3_12_site-packages_PyQt6_Qt6_qml_QtQuick --> node_venv_lib_python3_12_site-packages_PyQt6_Qt6_qml_QtQuick_Controls["Controls"]\n    node_venv_lib_python3_12_site-packages_PyQt6_Qt6_qml_QtQuick_Controls --> node_venv_lib_python3_12_site-packages_PyQt6_Qt6_qml_QtQuick_Controls_FluentWinUI3["FluentWinUI3"]\n    node_venv_lib_python3_12_site-packages_PyQt6_Qt6_qml_QtQuick_Controls_FluentWinUI3 --> node_venv_lib_python3_12_site-packages_PyQt6_Qt6_qml_QtQuick_Controls_FluentWinUI3_dark["dark"]\n    node_venv_lib_python3_12_site-packages_PyQt6_Qt6_qml_QtQuick_Controls_FluentWinUI3_dark --> node_venv_lib_python3_12_site-packages_PyQt6_Qt6_qml_QtQuick_Controls_FluentWinUI3_dark_images["images"]\n    node_venv_lib_python3_12_site-packages_PyQt6_Qt6_qml_QtQuick_Controls_FluentWinUI3_dark_images --> node_venv_lib_python3_12_site-packages_PyQt6_Qt6_qml_QtQuick_Controls_FluentWinUI3_dark_images_spinbox-indicator-down-icon-disabled@2x_png["spinbox-indicator-down-icon-disabled@2x.png"]\n    Root --> node_venv["venv"]\n    node_venv --> node_venv_lib["lib"]\n    node_venv_lib --> node_venv_lib_python3_12["python3.12"]\n    node_venv_lib_python3_12 --> node_venv_lib_python3_12_site-packages["site-packages"]\n    node_venv_lib_python3_12_site-packages --> node_venv_lib_python3_12_site-packages_PyQt6["PyQt6"]\n    node_venv_lib_python3_12_site-packages_PyQt6 --> node_venv_lib_python3_12_site-packages_PyQt6_Qt6["Qt6"]\n    node_venv_lib_python3_12_site-packages_PyQt6_Qt6 --> node_venv_lib_python3_12_site-packages_PyQt6_Qt6_qml["qml"]\n    node_venv_lib_python3_12_site-packages_PyQt6_Qt6_qml --> node_venv_lib_python3_12_site-packages_PyQt6_Qt6_qml_QtQuick["QtQuick"]\n    node_venv_lib_python3_12_site-packages_PyQt6_Qt6_qml_QtQuick --> node_venv_lib_python3_12_site-packages_PyQt6_Qt6_qml_QtQuick_Controls["Controls"]\n    node_venv_lib_python3_12_site-packages_PyQt6_Qt6_qml_QtQuick_Controls --> node_venv_lib_python3_12_site-packages_PyQt6_Qt6_qml_QtQuick_Controls_FluentWinUI3["FluentWinUI3"]\n    node_venv_lib_python3_12_site-packages_PyQt6_Qt6_qml_QtQuick_Controls_FluentWinUI3 --> node_venv_lib_python3_12_site-packages_PyQt6_Qt6_qml_QtQuick_Controls_FluentWinUI3_dark["dark"]\n    node_venv_lib_python3_12_site-packages_PyQt6_Qt6_qml_QtQuick_Controls_FluentWinUI3_dark --> node_venv_lib_python3_12_site-packages_PyQt6_Qt6_qml_QtQuick_Controls_FluentWinUI3_dark_images["images"]\n    node_venv_lib_python3_12_site-packages_PyQt6_Qt6_qml_QtQuick_Controls_FluentWinUI3_dark_images --> node_venv_lib_python3_12_site-packages_PyQt6_Qt6_qml_QtQuick_Controls_FluentWinUI3_dark_images_spinbox-indicator-down-icon-disabled@3x_png["spinbox-indicator-down-icon-disabled@3x.png"]\n    Root --> node_venv["venv"]\n    node_venv --> node_venv_lib["lib"]\n    node_venv_lib --> node_venv_lib_python3_12["python3.12"]\n    node_venv_lib_python3_12 --> node_venv_lib_python3_12_site-packages["site-packages"]\n    node_venv_lib_python3_12_site-packages --> node_venv_lib_python3_12_site-packages_PyQt6["PyQt6"]\n    node_venv_lib_python3_12_site-packages_PyQt6 --> node_venv_lib_python3_12_site-packages_PyQt6_Qt6["Qt6"]\n    node_venv_lib_python3_12_site-packages_PyQt6_Qt6 --> node_venv_lib_python3_12_site-packages_PyQt6_Qt6_qml["qml"]\n    node_venv_lib_python3_12_site-packages_PyQt6_Qt6_qml --> node_venv_lib_python3_12_site-packages_PyQt6_Qt6_qml_QtQuick["QtQuick"]\n    node_venv_lib_python3_12_site-packages_PyQt6_Qt6_qml_QtQuick --> node_venv_lib_python3_12_site-packages_PyQt6_Qt6_qml_QtQuick_Controls["Controls"]\n    node_venv_lib_python3_12_site-packages_PyQt6_Qt6_qml_QtQuick_Controls --> node_venv_lib_python3_12_site-packages_PyQt6_Qt6_qml_QtQuick_Controls_FluentWinUI3["FluentWinUI3"]\n    node_venv_lib_python3_12_site-packages_PyQt6_Qt6_qml_QtQuick_Controls_FluentWinUI3 --> node_venv_lib_python3_12_site-packages_PyQt6_Qt6_qml_QtQuick_Controls_FluentWinUI3_dark["dark"]\n    node_venv_lib_python3_12_site-packages_PyQt6_Qt6_qml_QtQuick_Controls_FluentWinUI3_dark --> node_venv_lib_python3_12_site-packages_PyQt6_Qt6_qml_QtQuick_Controls_FluentWinUI3_dark_images["images"]\n    node_venv_lib_python3_12_site-packages_PyQt6_Qt6_qml_QtQuick_Controls_FluentWinUI3_dark_images --> node_venv_lib_python3_12_site-packages_PyQt6_Qt6_qml_QtQuick_Controls_FluentWinUI3_dark_images_spinbox-indicator-down-icon-down-hovered_png["spinbox-indicator-down-icon-down-hovered.png"]\n    Root --> node_venv["venv"]\n    node_venv --> node_venv_lib["lib"]\n    node_venv_lib --> node_venv_lib_python3_12["python3.12"]\n    node_venv_lib_python3_12 --> node_venv_lib_python3_12_site-packages["site-packages"]\n    node_venv_lib_python3_12_site-packages --> node_venv_lib_python3_12_site-packages_PyQt6["PyQt6"]\n    node_venv_lib_python3_12_site-packages_PyQt6 --> node_venv_lib_python3_12_site-packages_PyQt6_Qt6["Qt6"]\n    node_venv_lib_python3_12_site-packages_PyQt6_Qt6 --> node_venv_lib_python3_12_site-packages_PyQt6_Qt6_qml["qml"]\n    node_venv_lib_python3_12_site-packages_PyQt6_Qt6_qml --> node_venv_lib_python3_12_site-packages_PyQt6_Qt6_qml_QtQuick["QtQuick"]\n    node_venv_lib_python3_12_site-packages_PyQt6_Qt6_qml_QtQuick --> node_venv_lib_python3_12_site-packages_PyQt6_Qt6_qml_QtQuick_Controls["Controls"]\n    node_venv_lib_python3_12_site-packages_PyQt6_Qt6_qml_QtQuick_Controls --> node_venv_lib_python3_12_site-packages_PyQt6_Qt6_qml_QtQuick_Controls_FluentWinUI3["FluentWinUI3"]\n    node_venv_lib_python3_12_site-packages_PyQt6_Qt6_qml_QtQuick_Controls_FluentWinUI3 --> node_venv_lib_python3_12_site-packages_PyQt6_Qt6_qml_QtQuick_Controls_FluentWinUI3_dark["dark"]\n    node_venv_lib_python3_12_site-packages_PyQt6_Qt6_qml_QtQuick_Controls_FluentWinUI3_dark --> node_venv_lib_python3_12_site-packages_PyQt6_Qt6_qml_QtQuick_Controls_FluentWinUI3_dark_images["images"]\n    node_venv_lib_python3_12_site-packages_PyQt6_Qt6_qml_QtQuick_Controls_FluentWinUI3_dark_images --> node_venv_lib_python3_12_site-packages_PyQt6_Qt6_qml_QtQuick_Controls_FluentWinUI3_dark_images_spinbox-indicator-down-icon-down-hovered@2x_png["spinbox-indicator-down-icon-down-hovered@2x.png"]\n    Root --> node_venv["venv"]\n    node_venv --> node_venv_lib["lib"]\n    node_venv_lib --> node_venv_lib_python3_12["python3.12"]\n    node_venv_lib_python3_12 --> node_venv_lib_python3_12_site-packages["site-packages"]\n    node_venv_lib_python3_12_site-packages --> node_venv_lib_python3_12_site-packages_PyQt6["PyQt6"]\n    node_venv_lib_python3_12_site-packages_PyQt6 --> node_venv_lib_python3_12_site-packages_PyQt6_Qt6["Qt6"]\n    node_venv_lib_python3_12_site-packages_PyQt6_Qt6 --> node_venv_lib_python3_12_site-packages_PyQt6_Qt6_qml["qml"]\n    node_venv_lib_python3_12_site-packages_PyQt6_Qt6_qml --> node_venv_lib_python3_12_site-packages_PyQt6_Qt6_qml_QtQuick["QtQuick"]\n    node_venv_lib_python3_12_site-packages_PyQt6_Qt6_qml_QtQuick --> node_venv_lib_python3_12_site-packages_PyQt6_Qt6_qml_QtQuick_Controls["Controls"]\n    node_venv_lib_python3_12_site-packages_PyQt6_Qt6_qml_QtQuick_Controls --> node_venv_lib_python3_12_site-packages_PyQt6_Qt6_qml_QtQuick_Controls_FluentWinUI3["FluentWinUI3"]\n    node_venv_lib_python3_12_site-packages_PyQt6_Qt6_qml_QtQuick_Controls_FluentWinUI3 --> node_venv_lib_python3_12_site-packages_PyQt6_Qt6_qml_QtQuick_Controls_FluentWinUI3_dark["dark"]\n    node_venv_lib_python3_12_site-packages_PyQt6_Qt6_qml_QtQuick_Controls_FluentWinUI3_dark --> node_venv_lib_python3_12_site-packages_PyQt6_Qt6_qml_QtQuick_Controls_FluentWinUI3_dark_images["images"]\n    node_venv_lib_python3_12_site-packages_PyQt6_Qt6_qml_QtQuick_Controls_FluentWinUI3_dark_images --> node_venv_lib_python3_12_site-packages_PyQt6_Qt6_qml_QtQuick_Controls_FluentWinUI3_dark_images_spinbox-indicator-down-icon-down-hovered@3x_png["spinbox-indicator-down-icon-down-hovered@3x.png"]\n    Root --> node_venv["venv"]\n    node_venv --> node_venv_lib["lib"]\n    node_venv_lib --> node_venv_lib_python3_12["python3.12"]\n    node_venv_lib_python3_12 --> node_venv_lib_python3_12_site-packages["site-packages"]\n    node_venv_lib_python3_12_site-packages --> node_venv_lib_python3_12_site-packages_PyQt6["PyQt6"]\n    node_venv_lib_python3_12_site-packages_PyQt6 --> node_venv_lib_python3_12_site-packages_PyQt6_Qt6["Qt6"]\n    node_venv_lib_python3_12_site-packages_PyQt6_Qt6 --> node_venv_lib_python3_12_site-packages_PyQt6_Qt6_qml["qml"]\n    node_venv_lib_python3_12_site-packages_PyQt6_Qt6_qml --> node_venv_lib_python3_12_site-packages_PyQt6_Qt6_qml_QtQuick["QtQuick"]\n    node_venv_lib_python3_12_site-packages_PyQt6_Qt6_qml_QtQuick --> node_venv_lib_python3_12_site-packages_PyQt6_Qt6_qml_QtQuick_Controls["Controls"]\n    node_venv_lib_python3_12_site-packages_PyQt6_Qt6_qml_QtQuick_Controls --> node_venv_lib_python3_12_site-packages_PyQt6_Qt6_qml_QtQuick_Controls_FluentWinUI3["FluentWinUI3"]\n    node_venv_lib_python3_12_site-packages_PyQt6_Qt6_qml_QtQuick_Controls_FluentWinUI3 --> node_venv_lib_python3_12_site-packages_PyQt6_Qt6_qml_QtQuick_Controls_FluentWinUI3_dark["dark"]\n    node_venv_lib_python3_12_site-packages_PyQt6_Qt6_qml_QtQuick_Controls_FluentWinUI3_dark --> node_venv_lib_python3_12_site-packages_PyQt6_Qt6_qml_QtQuick_Controls_FluentWinUI3_dark_images["images"]\n    node_venv_lib_python3_12_site-packages_PyQt6_Qt6_qml_QtQuick_Controls_FluentWinUI3_dark_images --> node_venv_lib_python3_12_site-packages_PyQt6_Qt6_qml_QtQuick_Controls_FluentWinUI3_dark_images_spinbox-indicator-down-icon-down-pressed_png["spinbox-indicator-down-icon-down-pressed.png"]\n    Root --> node_venv["venv"]\n    node_venv --> node_venv_lib["lib"]\n    node_venv_lib --> node_venv_lib_python3_12["python3.12"]\n    node_venv_lib_python3_12 --> node_venv_lib_python3_12_site-packages["site-packages"]\n    node_venv_lib_python3_12_site-packages --> node_venv_lib_python3_12_site-packages_PyQt6["PyQt6"]\n    node_venv_lib_python3_12_site-packages_PyQt6 --> node_venv_lib_python3_12_site-packages_PyQt6_Qt6["Qt6"]\n    node_venv_lib_python3_12_site-packages_PyQt6_Qt6 --> node_venv_lib_python3_12_site-packages_PyQt6_Qt6_qml["qml"]\n    node_venv_lib_python3_12_site-packages_PyQt6_Qt6_qml --> node_venv_lib_python3_12_site-packages_PyQt6_Qt6_qml_QtQuick["QtQuick"]\n    node_venv_lib_python3_12_site-packages_PyQt6_Qt6_qml_QtQuick --> node_venv_lib_python3_12_site-packages_PyQt6_Qt6_qml_QtQuick_Controls["Controls"]\n    node_venv_lib_python3_12_site-packages_PyQt6_Qt6_qml_QtQuick_Controls --> node_venv_lib_python3_12_site-packages_PyQt6_Qt6_qml_QtQuick_Controls_FluentWinUI3["FluentWinUI3"]\n    node_venv_lib_python3_12_site-packages_PyQt6_Qt6_qml_QtQuick_Controls_FluentWinUI3 --> node_venv_lib_python3_12_site-packages_PyQt6_Qt6_qml_QtQuick_Controls_FluentWinUI3_dark["dark"]\n    node_venv_lib_python3_12_site-packages_PyQt6_Qt6_qml_QtQuick_Controls_FluentWinUI3_dark --> node_venv_lib_python3_12_site-packages_PyQt6_Qt6_qml_QtQuick_Controls_FluentWinUI3_dark_images["images"]\n    node_venv_lib_python3_12_site-packages_PyQt6_Qt6_qml_QtQuick_Controls_FluentWinUI3_dark_images --> node_venv_lib_python3_12_site-packages_PyQt6_Qt6_qml_QtQuick_Controls_FluentWinUI3_dark_images_spinbox-indicator-down-icon-down-pressed@2x_png["spinbox-indicator-down-icon-down-pressed@2x.png"]\n    Root --> node_venv["venv"]\n    node_venv --> node_venv_lib["lib"]\n    node_venv_lib --> node_venv_lib_python3_12["python3.12"]\n    node_venv_lib_python3_12 --> node_venv_lib_python3_12_site-packages["site-packages"]\n    node_venv_lib_python3_12_site-packages --> node_venv_lib_python3_12_site-packages_PyQt6["PyQt6"]\n    node_venv_lib_python3_12_site-packages_PyQt6 --> node_venv_lib_python3_12_site-packages_PyQt6_Qt6["Qt6"]\n    node_venv_lib_python3_12_site-packages_PyQt6_Qt6 --> node_venv_lib_python3_12_site-packages_PyQt6_Qt6_qml["qml"]\n    node_venv_lib_python3_12_site-packages_PyQt6_Qt6_qml --> node_venv_lib_python3_12_site-packages_PyQt6_Qt6_qml_QtQuick["QtQuick"]\n    node_venv_lib_python3_12_site-packages_PyQt6_Qt6_qml_QtQuick --> node_venv_lib_python3_12_site-packages_PyQt6_Qt6_qml_QtQuick_Controls["Controls"]\n    node_venv_lib_python3_12_site-packages_PyQt6_Qt6_qml_QtQuick_Controls --> node_venv_lib_python3_12_site-packages_PyQt6_Qt6_qml_QtQuick_Controls_FluentWinUI3["FluentWinUI3"]\n    node_venv_lib_python3_12_site-packages_PyQt6_Qt6_qml_QtQuick_Controls_FluentWinUI3 --> node_venv_lib_python3_12_site-packages_PyQt6_Qt6_qml_QtQuick_Controls_FluentWinUI3_dark["dark"]\n    node_venv_lib_python3_12_site-packages_PyQt6_Qt6_qml_QtQuick_Controls_FluentWinUI3_dark --> node_venv_lib_python3_12_site-packages_PyQt6_Qt6_qml_QtQuick_Controls_FluentWinUI3_dark_images["images"]\n    node_venv_lib_python3_12_site-packages_PyQt6_Qt6_qml_QtQuick_Controls_FluentWinUI3_dark_images --> node_venv_lib_python3_12_site-packages_PyQt6_Qt6_qml_QtQuick_Controls_FluentWinUI3_dark_images_spinbox-indicator-down-icon-down-pressed@3x_png["spinbox-indicator-down-icon-down-pressed@3x.png"]\n    Root --> node_venv["venv"]\n    node_venv --> node_venv_lib["lib"]\n    node_venv_lib --> node_venv_lib_python3_12["python3.12"]\n    node_venv_lib_python3_12 --> node_venv_lib_python3_12_site-packages["site-packages"]\n    node_venv_lib_python3_12_site-packages --> node_venv_lib_python3_12_site-packages_PyQt6["PyQt6"]\n    node_venv_lib_python3_12_site-packages_PyQt6 --> node_venv_lib_python3_12_site-packages_PyQt6_Qt6["Qt6"]\n    node_venv_lib_python3_12_site-packages_PyQt6_Qt6 --> node_venv_lib_python3_12_site-packages_PyQt6_Qt6_qml["qml"]\n    node_venv_lib_python3_12_site-packages_PyQt6_Qt6_qml --> node_venv_lib_python3_12_site-packages_PyQt6_Qt6_qml_QtQuick["QtQuick"]\n    node_venv_lib_python3_12_site-packages_PyQt6_Qt6_qml_QtQuick --> node_venv_lib_python3_12_site-packages_PyQt6_Qt6_qml_QtQuick_Controls["Controls"]\n    node_venv_lib_python3_12_site-packages_PyQt6_Qt6_qml_QtQuick_Controls --> node_venv_lib_python3_12_site-packages_PyQt6_Qt6_qml_QtQuick_Controls_FluentWinUI3["FluentWinUI3"]\n    node_venv_lib_python3_12_site-packages_PyQt6_Qt6_qml_QtQuick_Controls_FluentWinUI3 --> node_venv_lib_python3_12_site-packages_PyQt6_Qt6_qml_QtQuick_Controls_FluentWinUI3_dark["dark"]\n    node_venv_lib_python3_12_site-packages_PyQt6_Qt6_qml_QtQuick_Controls_FluentWinUI3_dark --> node_venv_lib_python3_12_site-packages_PyQt6_Qt6_qml_QtQuick_Controls_FluentWinUI3_dark_images["images"]\n    node_venv_lib_python3_12_site-packages_PyQt6_Qt6_qml_QtQuick_Controls_FluentWinUI3_dark_images --> node_venv_lib_python3_12_site-packages_PyQt6_Qt6_qml_QtQuick_Controls_FluentWinUI3_dark_images_spinbox-indicator-down-icon-hovered_png["spinbox-indicator-down-icon-hovered.png"]\n    Root --> node_venv["venv"]\n    node_venv --> node_venv_lib["lib"]\n    node_venv_lib --> node_venv_lib_python3_12["python3.12"]\n    node_venv_lib_python3_12 --> node_venv_lib_python3_12_site-packages["site-packages"]\n    node_venv_lib_python3_12_site-packages --> node_venv_lib_python3_12_site-packages_PyQt6["PyQt6"]\n    node_venv_lib_python3_12_site-packages_PyQt6 --> node_venv_lib_python3_12_site-packages_PyQt6_Qt6["Qt6"]\n    node_venv_lib_python3_12_site-packages_PyQt6_Qt6 --> node_venv_lib_python3_12_site-packages_PyQt6_Qt6_qml["qml"]\n    node_venv_lib_python3_12_site-packages_PyQt6_Qt6_qml --> node_venv_lib_python3_12_site-packages_PyQt6_Qt6_qml_QtQuick["QtQuick"]\n    node_venv_lib_python3_12_site-packages_PyQt6_Qt6_qml_QtQuick --> node_venv_lib_python3_12_site-packages_PyQt6_Qt6_qml_QtQuick_Controls["Controls"]\n    node_venv_lib_python3_12_site-packages_PyQt6_Qt6_qml_QtQuick_Controls --> node_venv_lib_python3_12_site-packages_PyQt6_Qt6_qml_QtQuick_Controls_FluentWinUI3["FluentWinUI3"]\n    node_venv_lib_python3_12_site-packages_PyQt6_Qt6_qml_QtQuick_Controls_FluentWinUI3 --> node_venv_lib_python3_12_site-packages_PyQt6_Qt6_qml_QtQuick_Controls_FluentWinUI3_dark["dark"]\n    node_venv_lib_python3_12_site-packages_PyQt6_Qt6_qml_QtQuick_Controls_FluentWinUI3_dark --> node_venv_lib_python3_12_site-packages_PyQt6_Qt6_qml_QtQuick_Controls_FluentWinUI3_dark_images["images"]\n    node_venv_lib_python3_12_site-packages_PyQt6_Qt6_qml_QtQuick_Controls_FluentWinUI3_dark_images --> node_venv_lib_python3_12_site-packages_PyQt6_Qt6_qml_QtQuick_Controls_FluentWinUI3_dark_images_spinbox-indicator-down-icon-hovered@2x_png["spinbox-indicator-down-icon-hovered@2x.png"]\n    Root --> node_venv["venv"]\n    node_venv --> node_venv_lib["lib"]\n    node_venv_lib --> node_venv_lib_python3_12["python3.12"]\n    node_venv_lib_python3_12 --> node_venv_lib_python3_12_site-packages["site-packages"]\n    node_venv_lib_python3_12_site-packages --> node_venv_lib_python3_12_site-packages_PyQt6["PyQt6"]\n    node_venv_lib_python3_12_site-packages_PyQt6 --> node_venv_lib_python3_12_site-packages_PyQt6_Qt6["Qt6"]\n    node_venv_lib_python3_12_site-packages_PyQt6_Qt6 --> node_venv_lib_python3_12_site-packages_PyQt6_Qt6_qml["qml"]\n    node_venv_lib_python3_12_site-packages_PyQt6_Qt6_qml --> node_venv_lib_python3_12_site-packages_PyQt6_Qt6_qml_QtQuick["QtQuick"]\n    node_venv_lib_python3_12_site-packages_PyQt6_Qt6_qml_QtQuick --> node_venv_lib_python3_12_site-packages_PyQt6_Qt6_qml_QtQuick_Controls["Controls"]\n    node_venv_lib_python3_12_site-packages_PyQt6_Qt6_qml_QtQuick_Controls --> node_venv_lib_python3_12_site-packages_PyQt6_Qt6_qml_QtQuick_Controls_FluentWinUI3["FluentWinUI3"]\n    node_venv_lib_python3_12_site-packages_PyQt6_Qt6_qml_QtQuick_Controls_FluentWinUI3 --> node_venv_lib_python3_12_site-packages_PyQt6_Qt6_qml_QtQuick_Controls_FluentWinUI3_dark["dark"]\n    node_venv_lib_python3_12_site-packages_PyQt6_Qt6_qml_QtQuick_Controls_FluentWinUI3_dark --> node_venv_lib_python3_12_site-packages_PyQt6_Qt6_qml_QtQuick_Controls_FluentWinUI3_dark_images["images"]\n    node_venv_lib_python3_12_site-packages_PyQt6_Qt6_qml_QtQuick_Controls_FluentWinUI3_dark_images --> node_venv_lib_python3_12_site-packages_PyQt6_Qt6_qml_QtQuick_Controls_FluentWinUI3_dark_images_spinbox-indicator-down-icon-hovered@3x_png["spinbox-indicator-down-icon-hovered@3x.png"]\n    Root --> node_venv["venv"]\n    node_venv --> node_venv_lib["lib"]\n    node_venv_lib --> node_venv_lib_python3_12["python3.12"]\n    node_venv_lib_python3_12 --> node_venv_lib_python3_12_site-packages["site-packages"]\n    node_venv_lib_python3_12_site-packages --> node_venv_lib_python3_12_site-packages_PyQt6["PyQt6"]\n    node_venv_lib_python3_12_site-packages_PyQt6 --> node_venv_lib_python3_12_site-packages_PyQt6_Qt6["Qt6"]\n    node_venv_lib_python3_12_site-packages_PyQt6_Qt6 --> node_venv_lib_python3_12_site-packages_PyQt6_Qt6_qml["qml"]\n    node_venv_lib_python3_12_site-packages_PyQt6_Qt6_qml --> node_venv_lib_python3_12_site-packages_PyQt6_Qt6_qml_QtQuick["QtQuick"]\n    node_venv_lib_python3_12_site-packages_PyQt6_Qt6_qml_QtQuick --> node_venv_lib_python3_12_site-packages_PyQt6_Qt6_qml_QtQuick_Controls["Controls"]\n    node_venv_lib_python3_12_site-packages_PyQt6_Qt6_qml_QtQuick_Controls --> node_venv_lib_python3_12_site-packages_PyQt6_Qt6_qml_QtQuick_Controls_FluentWinUI3["FluentWinUI3"]\n    node_venv_lib_python3_12_site-packages_PyQt6_Qt6_qml_QtQuick_Controls_FluentWinUI3 --> node_venv_lib_python3_12_site-packages_PyQt6_Qt6_qml_QtQuick_Controls_FluentWinUI3_dark["dark"]\n    node_venv_lib_python3_12_site-packages_PyQt6_Qt6_qml_QtQuick_Controls_FluentWinUI3_dark --> node_venv_lib_python3_12_site-packages_PyQt6_Qt6_qml_QtQuick_Controls_FluentWinUI3_dark_images["images"]\n    node_venv_lib_python3_12_site-packages_PyQt6_Qt6_qml_QtQuick_Controls_FluentWinUI3_dark_images --> node_venv_lib_python3_12_site-packages_PyQt6_Qt6_qml_QtQuick_Controls_FluentWinUI3_dark_images_spinbox-indicator-down-icon-up-hovered_png["spinbox-indicator-down-icon-up-hovered.png"]\n    Root --> node_venv["venv"]\n    node_venv --> node_venv_lib["lib"]\n    node_venv_lib --> node_venv_lib_python3_12["python3.12"]\n    node_venv_lib_python3_12 --> node_venv_lib_python3_12_site-packages["site-packages"]\n    node_venv_lib_python3_12_site-packages --> node_venv_lib_python3_12_site-packages_PyQt6["PyQt6"]\n    node_venv_lib_python3_12_site-packages_PyQt6 --> node_venv_lib_python3_12_site-packages_PyQt6_Qt6["Qt6"]\n    node_venv_lib_python3_12_site-packages_PyQt6_Qt6 --> node_venv_lib_python3_12_site-packages_PyQt6_Qt6_qml["qml"]\n    node_venv_lib_python3_12_site-packages_PyQt6_Qt6_qml --> node_venv_lib_python3_12_site-packages_PyQt6_Qt6_qml_QtQuick["QtQuick"]\n    node_venv_lib_python3_12_site-packages_PyQt6_Qt6_qml_QtQuick --> node_venv_lib_python3_12_site-packages_PyQt6_Qt6_qml_QtQuick_Controls["Controls"]\n    node_venv_lib_python3_12_site-packages_PyQt6_Qt6_qml_QtQuick_Controls --> node_venv_lib_python3_12_site-packages_PyQt6_Qt6_qml_QtQuick_Controls_FluentWinUI3["FluentWinUI3"]\n    node_venv_lib_python3_12_site-packages_PyQt6_Qt6_qml_QtQuick_Controls_FluentWinUI3 --> node_venv_lib_python3_12_site-packages_PyQt6_Qt6_qml_QtQuick_Controls_FluentWinUI3_dark["dark"]\n    node_venv_lib_python3_12_site-packages_PyQt6_Qt6_qml_QtQuick_Controls_FluentWinUI3_dark --> node_venv_lib_python3_12_site-packages_PyQt6_Qt6_qml_QtQuick_Controls_FluentWinUI3_dark_images["images"]\n    node_venv_lib_python3_12_site-packages_PyQt6_Qt6_qml_QtQuick_Controls_FluentWinUI3_dark_images --> node_venv_lib_python3_12_site-packages_PyQt6_Qt6_qml_QtQuick_Controls_FluentWinUI3_dark_images_spinbox-indicator-down-icon-up-hovered@2x_png["spinbox-indicator-down-icon-up-hovered@2x.png"]\n    Root --> node_venv["venv"]\n    node_venv --> node_venv_lib["lib"]\n    node_venv_lib --> node_venv_lib_python3_12["python3.12"]\n    node_venv_lib_python3_12 --> node_venv_lib_python3_12_site-packages["site-packages"]\n    node_venv_lib_python3_12_site-packages --> node_venv_lib_python3_12_site-packages_PyQt6["PyQt6"]\n    node_venv_lib_python3_12_site-packages_PyQt6 --> node_venv_lib_python3_12_site-packages_PyQt6_Qt6["Qt6"]\n    node_venv_lib_python3_12_site-packages_PyQt6_Qt6 --> node_venv_lib_python3_12_site-packages_PyQt6_Qt6_qml["qml"]\n    node_venv_lib_python3_12_site-packages_PyQt6_Qt6_qml --> node_venv_lib_python3_12_site-packages_PyQt6_Qt6_qml_QtQuick["QtQuick"]\n    node_venv_lib_python3_12_site-packages_PyQt6_Qt6_qml_QtQuick --> node_venv_lib_python3_12_site-packages_PyQt6_Qt6_qml_QtQuick_Controls["Controls"]\n    node_venv_lib_python3_12_site-packages_PyQt6_Qt6_qml_QtQuick_Controls --> node_venv_lib_python3_12_site-packages_PyQt6_Qt6_qml_QtQuick_Controls_FluentWinUI3["FluentWinUI3"]\n    node_venv_lib_python3_12_site-packages_PyQt6_Qt6_qml_QtQuick_Controls_FluentWinUI3 --> node_venv_lib_python3_12_site-packages_PyQt6_Qt6_qml_QtQuick_Controls_FluentWinUI3_dark["dark"]\n    node_venv_lib_python3_12_site-packages_PyQt6_Qt6_qml_QtQuick_Controls_FluentWinUI3_dark --> node_venv_lib_python3_12_site-packages_PyQt6_Qt6_qml_QtQuick_Controls_FluentWinUI3_dark_images["images"]\n    node_venv_lib_python3_12_site-packages_PyQt6_Qt6_qml_QtQuick_Controls_FluentWinUI3_dark_images --> node_venv_lib_python3_12_site-packages_PyQt6_Qt6_qml_QtQuick_Controls_FluentWinUI3_dark_images_spinbox-indicator-down-icon-up-hovered@3x_png["spinbox-indicator-down-icon-up-hovered@3x.png"]\n    Root --> node_venv["venv"]\n    node_venv --> node_venv_lib["lib"]\n    node_venv_lib --> node_venv_lib_python3_12["python3.12"]\n    node_venv_lib_python3_12 --> node_venv_lib_python3_12_site-packages["site-packages"]\n    node_venv_lib_python3_12_site-packages --> node_venv_lib_python3_12_site-packages_PyQt6["PyQt6"]\n    node_venv_lib_python3_12_site-packages_PyQt6 --> node_venv_lib_python3_12_site-packages_PyQt6_Qt6["Qt6"]\n    node_venv_lib_python3_12_site-packages_PyQt6_Qt6 --> node_venv_lib_python3_12_site-packages_PyQt6_Qt6_qml["qml"]\n    node_venv_lib_python3_12_site-packages_PyQt6_Qt6_qml --> node_venv_lib_python3_12_site-packages_PyQt6_Qt6_qml_QtQuick["QtQuick"]\n    node_venv_lib_python3_12_site-packages_PyQt6_Qt6_qml_QtQuick --> node_venv_lib_python3_12_site-packages_PyQt6_Qt6_qml_QtQuick_Controls["Controls"]\n    node_venv_lib_python3_12_site-packages_PyQt6_Qt6_qml_QtQuick_Controls --> node_venv_lib_python3_12_site-packages_PyQt6_Qt6_qml_QtQuick_Controls_FluentWinUI3["FluentWinUI3"]\n    node_venv_lib_python3_12_site-packages_PyQt6_Qt6_qml_QtQuick_Controls_FluentWinUI3 --> node_venv_lib_python3_12_site-packages_PyQt6_Qt6_qml_QtQuick_Controls_FluentWinUI3_dark["dark"]\n    node_venv_lib_python3_12_site-packages_PyQt6_Qt6_qml_QtQuick_Controls_FluentWinUI3_dark --> node_venv_lib_python3_12_site-packages_PyQt6_Qt6_qml_QtQuick_Controls_FluentWinUI3_dark_images["images"]\n    node_venv_lib_python3_12_site-packages_PyQt6_Qt6_qml_QtQuick_Controls_FluentWinUI3_dark_images --> node_venv_lib_python3_12_site-packages_PyQt6_Qt6_qml_QtQuick_Controls_FluentWinUI3_dark_images_spinbox-indicator-down-icon-up-pressed_png["spinbox-indicator-down-icon-up-pressed.png"]\n    Root --> node_venv["venv"]\n    node_venv --> node_venv_lib["lib"]\n    node_venv_lib --> node_venv_lib_python3_12["python3.12"]\n    node_venv_lib_python3_12 --> node_venv_lib_python3_12_site-packages["site-packages"]\n    node_venv_lib_python3_12_site-packages --> node_venv_lib_python3_12_site-packages_PyQt6["PyQt6"]\n    node_venv_lib_python3_12_site-packages_PyQt6 --> node_venv_lib_python3_12_site-packages_PyQt6_Qt6["Qt6"]\n    node_venv_lib_python3_12_site-packages_PyQt6_Qt6 --> node_venv_lib_python3_12_site-packages_PyQt6_Qt6_qml["qml"]\n    node_venv_lib_python3_12_site-packages_PyQt6_Qt6_qml --> node_venv_lib_python3_12_site-packages_PyQt6_Qt6_qml_QtQuick["QtQuick"]\n    node_venv_lib_python3_12_site-packages_PyQt6_Qt6_qml_QtQuick --> node_venv_lib_python3_12_site-packages_PyQt6_Qt6_qml_QtQuick_Controls["Controls"]\n    node_venv_lib_python3_12_site-packages_PyQt6_Qt6_qml_QtQuick_Controls --> node_venv_lib_python3_12_site-packages_PyQt6_Qt6_qml_QtQuick_Controls_FluentWinUI3["FluentWinUI3"]\n    node_venv_lib_python3_12_site-packages_PyQt6_Qt6_qml_QtQuick_Controls_FluentWinUI3 --> node_venv_lib_python3_12_site-packages_PyQt6_Qt6_qml_QtQuick_Controls_FluentWinUI3_dark["dark"]\n    node_venv_lib_python3_12_site-packages_PyQt6_Qt6_qml_QtQuick_Controls_FluentWinUI3_dark --> node_venv_lib_python3_12_site-packages_PyQt6_Qt6_qml_QtQuick_Controls_FluentWinUI3_dark_images["images"]\n    node_venv_lib_python3_12_site-packages_PyQt6_Qt6_qml_QtQuick_Controls_FluentWinUI3_dark_images --> node_venv_lib_python3_12_site-packages_PyQt6_Qt6_qml_QtQuick_Controls_FluentWinUI3_dark_images_spinbox-indicator-down-icon-up-pressed@2x_png["spinbox-indicator-down-icon-up-pressed@2x.png"]\n    Root --> node_venv["venv"]\n    node_venv --> node_venv_lib["lib"]\n    node_venv_lib --> node_venv_lib_python3_12["python3.12"]\n    node_venv_lib_python3_12 --> node_venv_lib_python3_12_site-packages["site-packages"]\n    node_venv_lib_python3_12_site-packages --> node_venv_lib_python3_12_site-packages_PyQt6["PyQt6"]\n    node_venv_lib_python3_12_site-packages_PyQt6 --> node_venv_lib_python3_12_site-packages_PyQt6_Qt6["Qt6"]\n    node_venv_lib_python3_12_site-packages_PyQt6_Qt6 --> node_venv_lib_python3_12_site-packages_PyQt6_Qt6_qml["qml"]\n    node_venv_lib_python3_12_site-packages_PyQt6_Qt6_qml --> node_venv_lib_python3_12_site-packages_PyQt6_Qt6_qml_QtQuick["QtQuick"]\n    node_venv_lib_python3_12_site-packages_PyQt6_Qt6_qml_QtQuick --> node_venv_lib_python3_12_site-packages_PyQt6_Qt6_qml_QtQuick_Controls["Controls"]\n    node_venv_lib_python3_12_site-packages_PyQt6_Qt6_qml_QtQuick_Controls --> node_venv_lib_python3_12_site-packages_PyQt6_Qt6_qml_QtQuick_Controls_FluentWinUI3["FluentWinUI3"]\n    node_venv_lib_python3_12_site-packages_PyQt6_Qt6_qml_QtQuick_Controls_FluentWinUI3 --> node_venv_lib_python3_12_site-packages_PyQt6_Qt6_qml_QtQuick_Controls_FluentWinUI3_dark["dark"]\n    node_venv_lib_python3_12_site-packages_PyQt6_Qt6_qml_QtQuick_Controls_FluentWinUI3_dark --> node_venv_lib_python3_12_site-packages_PyQt6_Qt6_qml_QtQuick_Controls_FluentWinUI3_dark_images["images"]\n    node_venv_lib_python3_12_site-packages_PyQt6_Qt6_qml_QtQuick_Controls_FluentWinUI3_dark_images --> node_venv_lib_python3_12_site-packages_PyQt6_Qt6_qml_QtQuick_Controls_FluentWinUI3_dark_images_spinbox-indicator-down-icon-up-pressed@3x_png["spinbox-indicator-down-icon-up-pressed@3x.png"]\n    Root --> node_venv["venv"]\n    node_venv --> node_venv_lib["lib"]\n    node_venv_lib --> node_venv_lib_python3_12["python3.12"]\n    node_venv_lib_python3_12 --> node_venv_lib_python3_12_site-packages["site-packages"]\n    node_venv_lib_python3_12_site-packages --> node_venv_lib_python3_12_site-packages_PyQt6["PyQt6"]\n    node_venv_lib_python3_12_site-packages_PyQt6 --> node_venv_lib_python3_12_site-packages_PyQt6_Qt6["Qt6"]\n    node_venv_lib_python3_12_site-packages_PyQt6_Qt6 --> node_venv_lib_python3_12_site-packages_PyQt6_Qt6_qml["qml"]\n    node_venv_lib_python3_12_site-packages_PyQt6_Qt6_qml --> node_venv_lib_python3_12_site-packages_PyQt6_Qt6_qml_QtQuick["QtQuick"]\n    node_venv_lib_python3_12_site-packages_PyQt6_Qt6_qml_QtQuick --> node_venv_lib_python3_12_site-packages_PyQt6_Qt6_qml_QtQuick_Controls["Controls"]\n    node_venv_lib_python3_12_site-packages_PyQt6_Qt6_qml_QtQuick_Controls --> node_venv_lib_python3_12_site-packages_PyQt6_Qt6_qml_QtQuick_Controls_FluentWinUI3["FluentWinUI3"]\n    node_venv_lib_python3_12_site-packages_PyQt6_Qt6_qml_QtQuick_Controls_FluentWinUI3 --> node_venv_lib_python3_12_site-packages_PyQt6_Qt6_qml_QtQuick_Controls_FluentWinUI3_dark["dark"]\n    node_venv_lib_python3_12_site-packages_PyQt6_Qt6_qml_QtQuick_Controls_FluentWinUI3_dark --> node_venv_lib_python3_12_site-packages_PyQt6_Qt6_qml_QtQuick_Controls_FluentWinUI3_dark_images["images"]\n    node_venv_lib_python3_12_site-packages_PyQt6_Qt6_qml_QtQuick_Controls_FluentWinUI3_dark_images --> node_venv_lib_python3_12_site-packages_PyQt6_Qt6_qml_QtQuick_Controls_FluentWinUI3_dark_images_spinbox-indicator-down-icon_png["spinbox-indicator-down-icon.png"]\n    Root --> node_venv["venv"]\n    node_venv --> node_venv_lib["lib"]\n    node_venv_lib --> node_venv_lib_python3_12["python3.12"]\n    node_venv_lib_python3_12 --> node_venv_lib_python3_12_site-packages["site-packages"]\n    node_venv_lib_python3_12_site-packages --> node_venv_lib_python3_12_site-packages_PyQt6["PyQt6"]\n    node_venv_lib_python3_12_site-packages_PyQt6 --> node_venv_lib_python3_12_site-packages_PyQt6_Qt6["Qt6"]\n    node_venv_lib_python3_12_site-packages_PyQt6_Qt6 --> node_venv_lib_python3_12_site-packages_PyQt6_Qt6_qml["qml"]\n    node_venv_lib_python3_12_site-packages_PyQt6_Qt6_qml --> node_venv_lib_python3_12_site-packages_PyQt6_Qt6_qml_QtQuick["QtQuick"]\n    node_venv_lib_python3_12_site-packages_PyQt6_Qt6_qml_QtQuick --> node_venv_lib_python3_12_site-packages_PyQt6_Qt6_qml_QtQuick_Controls["Controls"]\n    node_venv_lib_python3_12_site-packages_PyQt6_Qt6_qml_QtQuick_Controls --> node_venv_lib_python3_12_site-packages_PyQt6_Qt6_qml_QtQuick_Controls_FluentWinUI3["FluentWinUI3"]\n    node_venv_lib_python3_12_site-packages_PyQt6_Qt6_qml_QtQuick_Controls_FluentWinUI3 --> node_venv_lib_python3_12_site-packages_PyQt6_Qt6_qml_QtQuick_Controls_FluentWinUI3_dark["dark"]\n    node_venv_lib_python3_12_site-packages_PyQt6_Qt6_qml_QtQuick_Controls_FluentWinUI3_dark --> node_venv_lib_python3_12_site-packages_PyQt6_Qt6_qml_QtQuick_Controls_FluentWinUI3_dark_images["images"]\n    node_venv_lib_python3_12_site-packages_PyQt6_Qt6_qml_QtQuick_Controls_FluentWinUI3_dark_images --> node_venv_lib_python3_12_site-packages_PyQt6_Qt6_qml_QtQuick_Controls_FluentWinUI3_dark_images_spinbox-indicator-down-icon@2x_png["spinbox-indicator-down-icon@2x.png"]\n    Root --> node_venv["venv"]\n    node_venv --> node_venv_lib["lib"]\n    node_venv_lib --> node_venv_lib_python3_12["python3.12"]\n    node_venv_lib_python3_12 --> node_venv_lib_python3_12_site-packages["site-packages"]\n    node_venv_lib_python3_12_site-packages --> node_venv_lib_python3_12_site-packages_PyQt6["PyQt6"]\n    node_venv_lib_python3_12_site-packages_PyQt6 --> node_venv_lib_python3_12_site-packages_PyQt6_Qt6["Qt6"]\n    node_venv_lib_python3_12_site-packages_PyQt6_Qt6 --> node_venv_lib_python3_12_site-packages_PyQt6_Qt6_qml["qml"]\n    node_venv_lib_python3_12_site-packages_PyQt6_Qt6_qml --> node_venv_lib_python3_12_site-packages_PyQt6_Qt6_qml_QtQuick["QtQuick"]\n    node_venv_lib_python3_12_site-packages_PyQt6_Qt6_qml_QtQuick --> node_venv_lib_python3_12_site-packages_PyQt6_Qt6_qml_QtQuick_Controls["Controls"]\n    node_venv_lib_python3_12_site-packages_PyQt6_Qt6_qml_QtQuick_Controls --> node_venv_lib_python3_12_site-packages_PyQt6_Qt6_qml_QtQuick_Controls_FluentWinUI3["FluentWinUI3"]\n    node_venv_lib_python3_12_site-packages_PyQt6_Qt6_qml_QtQuick_Controls_FluentWinUI3 --> node_venv_lib_python3_12_site-packages_PyQt6_Qt6_qml_QtQuick_Controls_FluentWinUI3_dark["dark"]\n    node_venv_lib_python3_12_site-packages_PyQt6_Qt6_qml_QtQuick_Controls_FluentWinUI3_dark --> node_venv_lib_python3_12_site-packages_PyQt6_Qt6_qml_QtQuick_Controls_FluentWinUI3_dark_images["images"]\n    node_venv_lib_python3_12_site-packages_PyQt6_Qt6_qml_QtQuick_Controls_FluentWinUI3_dark_images --> node_venv_lib_python3_12_site-packages_PyQt6_Qt6_qml_QtQuick_Controls_FluentWinUI3_dark_images_spinbox-indicator-down-icon@3x_png["spinbox-indicator-down-icon@3x.png"]\n    Root --> node_venv["venv"]\n    node_venv --> node_venv_lib["lib"]\n    node_venv_lib --> node_venv_lib_python3_12["python3.12"]\n    node_venv_lib_python3_12 --> node_venv_lib_python3_12_site-packages["site-packages"]\n    node_venv_lib_python3_12_site-packages --> node_venv_lib_python3_12_site-packages_PyQt6["PyQt6"]\n    node_venv_lib_python3_12_site-packages_PyQt6 --> node_venv_lib_python3_12_site-packages_PyQt6_Qt6["Qt6"]\n    node_venv_lib_python3_12_site-packages_PyQt6_Qt6 --> node_venv_lib_python3_12_site-packages_PyQt6_Qt6_qml["qml"]\n    node_venv_lib_python3_12_site-packages_PyQt6_Qt6_qml --> node_venv_lib_python3_12_site-packages_PyQt6_Qt6_qml_QtQuick["QtQuick"]\n    node_venv_lib_python3_12_site-packages_PyQt6_Qt6_qml_QtQuick --> node_venv_lib_python3_12_site-packages_PyQt6_Qt6_qml_QtQuick_Controls["Controls"]\n    node_venv_lib_python3_12_site-packages_PyQt6_Qt6_qml_QtQuick_Controls --> node_venv_lib_python3_12_site-packages_PyQt6_Qt6_qml_QtQuick_Controls_FluentWinUI3["FluentWinUI3"]\n    node_venv_lib_python3_12_site-packages_PyQt6_Qt6_qml_QtQuick_Controls_FluentWinUI3 --> node_venv_lib_python3_12_site-packages_PyQt6_Qt6_qml_QtQuick_Controls_FluentWinUI3_dark["dark"]\n    node_venv_lib_python3_12_site-packages_PyQt6_Qt6_qml_QtQuick_Controls_FluentWinUI3_dark --> node_venv_lib_python3_12_site-packages_PyQt6_Qt6_qml_QtQuick_Controls_FluentWinUI3_dark_images["images"]\n    node_venv_lib_python3_12_site-packages_PyQt6_Qt6_qml_QtQuick_Controls_FluentWinUI3_dark_images --> node_venv_lib_python3_12_site-packages_PyQt6_Qt6_qml_QtQuick_Controls_FluentWinUI3_dark_images_spinbox-indicator-up-background-atlimit_png["spinbox-indicator-up-background-atlimit.png"]\n    Root --> node_venv["venv"]\n    node_venv --> node_venv_lib["lib"]\n    node_venv_lib --> node_venv_lib_python3_12["python3.12"]\n    node_venv_lib_python3_12 --> node_venv_lib_python3_12_site-packages["site-packages"]\n    node_venv_lib_python3_12_site-packages --> node_venv_lib_python3_12_site-packages_PyQt6["PyQt6"]\n    node_venv_lib_python3_12_site-packages_PyQt6 --> node_venv_lib_python3_12_site-packages_PyQt6_Qt6["Qt6"]\n    node_venv_lib_python3_12_site-packages_PyQt6_Qt6 --> node_venv_lib_python3_12_site-packages_PyQt6_Qt6_qml["qml"]\n    node_venv_lib_python3_12_site-packages_PyQt6_Qt6_qml --> node_venv_lib_python3_12_site-packages_PyQt6_Qt6_qml_QtQuick["QtQuick"]\n    node_venv_lib_python3_12_site-packages_PyQt6_Qt6_qml_QtQuick --> node_venv_lib_python3_12_site-packages_PyQt6_Qt6_qml_QtQuick_Controls["Controls"]\n    node_venv_lib_python3_12_site-packages_PyQt6_Qt6_qml_QtQuick_Controls --> node_venv_lib_python3_12_site-packages_PyQt6_Qt6_qml_QtQuick_Controls_FluentWinUI3["FluentWinUI3"]\n    node_venv_lib_python3_12_site-packages_PyQt6_Qt6_qml_QtQuick_Controls_FluentWinUI3 --> node_venv_lib_python3_12_site-packages_PyQt6_Qt6_qml_QtQuick_Controls_FluentWinUI3_dark["dark"]\n    node_venv_lib_python3_12_site-packages_PyQt6_Qt6_qml_QtQuick_Controls_FluentWinUI3_dark --> node_venv_lib_python3_12_site-packages_PyQt6_Qt6_qml_QtQuick_Controls_FluentWinUI3_dark_images["images"]\n    node_venv_lib_python3_12_site-packages_PyQt6_Qt6_qml_QtQuick_Controls_FluentWinUI3_dark_images --> node_venv_lib_python3_12_site-packages_PyQt6_Qt6_qml_QtQuick_Controls_FluentWinUI3_dark_images_spinbox-indicator-up-background-atlimit@2x_png["spinbox-indicator-up-background-atlimit@2x.png"]\n    Root --> node_venv["venv"]\n    node_venv --> node_venv_lib["lib"]\n    node_venv_lib --> node_venv_lib_python3_12["python3.12"]\n    node_venv_lib_python3_12 --> node_venv_lib_python3_12_site-packages["site-packages"]\n    node_venv_lib_python3_12_site-packages --> node_venv_lib_python3_12_site-packages_PyQt6["PyQt6"]\n    node_venv_lib_python3_12_site-packages_PyQt6 --> node_venv_lib_python3_12_site-packages_PyQt6_Qt6["Qt6"]\n    node_venv_lib_python3_12_site-packages_PyQt6_Qt6 --> node_venv_lib_python3_12_site-packages_PyQt6_Qt6_qml["qml"]\n    node_venv_lib_python3_12_site-packages_PyQt6_Qt6_qml --> node_venv_lib_python3_12_site-packages_PyQt6_Qt6_qml_QtQuick["QtQuick"]\n    node_venv_lib_python3_12_site-packages_PyQt6_Qt6_qml_QtQuick --> node_venv_lib_python3_12_site-packages_PyQt6_Qt6_qml_QtQuick_Controls["Controls"]\n    node_venv_lib_python3_12_site-packages_PyQt6_Qt6_qml_QtQuick_Controls --> node_venv_lib_python3_12_site-packages_PyQt6_Qt6_qml_QtQuick_Controls_FluentWinUI3["FluentWinUI3"]\n    node_venv_lib_python3_12_site-packages_PyQt6_Qt6_qml_QtQuick_Controls_FluentWinUI3 --> node_venv_lib_python3_12_site-packages_PyQt6_Qt6_qml_QtQuick_Controls_FluentWinUI3_dark["dark"]\n    node_venv_lib_python3_12_site-packages_PyQt6_Qt6_qml_QtQuick_Controls_FluentWinUI3_dark --> node_venv_lib_python3_12_site-packages_PyQt6_Qt6_qml_QtQuick_Controls_FluentWinUI3_dark_images["images"]\n    node_venv_lib_python3_12_site-packages_PyQt6_Qt6_qml_QtQuick_Controls_FluentWinUI3_dark_images --> node_venv_lib_python3_12_site-packages_PyQt6_Qt6_qml_QtQuick_Controls_FluentWinUI3_dark_images_spinbox-indicator-up-background-atlimit@3x_png["spinbox-indicator-up-background-atlimit@3x.png"]\n    Root --> node_venv["venv"]\n    node_venv --> node_venv_lib["lib"]\n    node_venv_lib --> node_venv_lib_python3_12["python3.12"]\n    node_venv_lib_python3_12 --> node_venv_lib_python3_12_site-packages["site-packages"]\n    node_venv_lib_python3_12_site-packages --> node_venv_lib_python3_12_site-packages_PyQt6["PyQt6"]\n    node_venv_lib_python3_12_site-packages_PyQt6 --> node_venv_lib_python3_12_site-packages_PyQt6_Qt6["Qt6"]\n    node_venv_lib_python3_12_site-packages_PyQt6_Qt6 --> node_venv_lib_python3_12_site-packages_PyQt6_Qt6_qml["qml"]\n    node_venv_lib_python3_12_site-packages_PyQt6_Qt6_qml --> node_venv_lib_python3_12_site-packages_PyQt6_Qt6_qml_QtQuick["QtQuick"]\n    node_venv_lib_python3_12_site-packages_PyQt6_Qt6_qml_QtQuick --> node_venv_lib_python3_12_site-packages_PyQt6_Qt6_qml_QtQuick_Controls["Controls"]\n    node_venv_lib_python3_12_site-packages_PyQt6_Qt6_qml_QtQuick_Controls --> node_venv_lib_python3_12_site-packages_PyQt6_Qt6_qml_QtQuick_Controls_FluentWinUI3["FluentWinUI3"]\n    node_venv_lib_python3_12_site-packages_PyQt6_Qt6_qml_QtQuick_Controls_FluentWinUI3 --> node_venv_lib_python3_12_site-packages_PyQt6_Qt6_qml_QtQuick_Controls_FluentWinUI3_dark["dark"]\n    node_venv_lib_python3_12_site-packages_PyQt6_Qt6_qml_QtQuick_Controls_FluentWinUI3_dark --> node_venv_lib_python3_12_site-packages_PyQt6_Qt6_qml_QtQuick_Controls_FluentWinUI3_dark_images["images"]\n    node_venv_lib_python3_12_site-packages_PyQt6_Qt6_qml_QtQuick_Controls_FluentWinUI3_dark_images --> node_venv_lib_python3_12_site-packages_PyQt6_Qt6_qml_QtQuick_Controls_FluentWinUI3_dark_images_spinbox-indicator-up-background-disabled_png["spinbox-indicator-up-background-disabled.png"]\n    Root --> node_venv["venv"]\n    node_venv --> node_venv_lib["lib"]\n    node_venv_lib --> node_venv_lib_python3_12["python3.12"]\n    node_venv_lib_python3_12 --> node_venv_lib_python3_12_site-packages["site-packages"]\n    node_venv_lib_python3_12_site-packages --> node_venv_lib_python3_12_site-packages_PyQt6["PyQt6"]\n    node_venv_lib_python3_12_site-packages_PyQt6 --> node_venv_lib_python3_12_site-packages_PyQt6_Qt6["Qt6"]\n    node_venv_lib_python3_12_site-packages_PyQt6_Qt6 --> node_venv_lib_python3_12_site-packages_PyQt6_Qt6_qml["qml"]\n    node_venv_lib_python3_12_site-packages_PyQt6_Qt6_qml --> node_venv_lib_python3_12_site-packages_PyQt6_Qt6_qml_QtQuick["QtQuick"]\n    node_venv_lib_python3_12_site-packages_PyQt6_Qt6_qml_QtQuick --> node_venv_lib_python3_12_site-packages_PyQt6_Qt6_qml_QtQuick_Controls["Controls"]\n    node_venv_lib_python3_12_site-packages_PyQt6_Qt6_qml_QtQuick_Controls --> node_venv_lib_python3_12_site-packages_PyQt6_Qt6_qml_QtQuick_Controls_FluentWinUI3["FluentWinUI3"]\n    node_venv_lib_python3_12_site-packages_PyQt6_Qt6_qml_QtQuick_Controls_FluentWinUI3 --> node_venv_lib_python3_12_site-packages_PyQt6_Qt6_qml_QtQuick_Controls_FluentWinUI3_dark["dark"]\n    node_venv_lib_python3_12_site-packages_PyQt6_Qt6_qml_QtQuick_Controls_FluentWinUI3_dark --> node_venv_lib_python3_12_site-packages_PyQt6_Qt6_qml_QtQuick_Controls_FluentWinUI3_dark_images["images"]\n    node_venv_lib_python3_12_site-packages_PyQt6_Qt6_qml_QtQuick_Controls_FluentWinUI3_dark_images --> node_venv_lib_python3_12_site-packages_PyQt6_Qt6_qml_QtQuick_Controls_FluentWinUI3_dark_images_spinbox-indicator-up-background-disabled@2x_png["spinbox-indicator-up-background-disabled@2x.png"]\n    Root --> node_venv["venv"]\n    node_venv --> node_venv_lib["lib"]\n    node_venv_lib --> node_venv_lib_python3_12["python3.12"]\n    node_venv_lib_python3_12 --> node_venv_lib_python3_12_site-packages["site-packages"]\n    node_venv_lib_python3_12_site-packages --> node_venv_lib_python3_12_site-packages_PyQt6["PyQt6"]\n    node_venv_lib_python3_12_site-packages_PyQt6 --> node_venv_lib_python3_12_site-packages_PyQt6_Qt6["Qt6"]\n    node_venv_lib_python3_12_site-packages_PyQt6_Qt6 --> node_venv_lib_python3_12_site-packages_PyQt6_Qt6_qml["qml"]\n    node_venv_lib_python3_12_site-packages_PyQt6_Qt6_qml --> node_venv_lib_python3_12_site-packages_PyQt6_Qt6_qml_QtQuick["QtQuick"]\n    node_venv_lib_python3_12_site-packages_PyQt6_Qt6_qml_QtQuick --> node_venv_lib_python3_12_site-packages_PyQt6_Qt6_qml_QtQuick_Controls["Controls"]\n    node_venv_lib_python3_12_site-packages_PyQt6_Qt6_qml_QtQuick_Controls --> node_venv_lib_python3_12_site-packages_PyQt6_Qt6_qml_QtQuick_Controls_FluentWinUI3["FluentWinUI3"]\n    node_venv_lib_python3_12_site-packages_PyQt6_Qt6_qml_QtQuick_Controls_FluentWinUI3 --> node_venv_lib_python3_12_site-packages_PyQt6_Qt6_qml_QtQuick_Controls_FluentWinUI3_dark["dark"]\n    node_venv_lib_python3_12_site-packages_PyQt6_Qt6_qml_QtQuick_Controls_FluentWinUI3_dark --> node_venv_lib_python3_12_site-packages_PyQt6_Qt6_qml_QtQuick_Controls_FluentWinUI3_dark_images["images"]\n    node_venv_lib_python3_12_site-packages_PyQt6_Qt6_qml_QtQuick_Controls_FluentWinUI3_dark_images --> node_venv_lib_python3_12_site-packages_PyQt6_Qt6_qml_QtQuick_Controls_FluentWinUI3_dark_images_spinbox-indicator-up-background-disabled@3x_png["spinbox-indicator-up-background-disabled@3x.png"]\n    Root --> node_venv["venv"]\n    node_venv --> node_venv_lib["lib"]\n    node_venv_lib --> node_venv_lib_python3_12["python3.12"]\n    node_venv_lib_python3_12 --> node_venv_lib_python3_12_site-packages["site-packages"]\n    node_venv_lib_python3_12_site-packages --> node_venv_lib_python3_12_site-packages_PyQt6["PyQt6"]\n    node_venv_lib_python3_12_site-packages_PyQt6 --> node_venv_lib_python3_12_site-packages_PyQt6_Qt6["Qt6"]\n    node_venv_lib_python3_12_site-packages_PyQt6_Qt6 --> node_venv_lib_python3_12_site-packages_PyQt6_Qt6_qml["qml"]\n    node_venv_lib_python3_12_site-packages_PyQt6_Qt6_qml --> node_venv_lib_python3_12_site-packages_PyQt6_Qt6_qml_QtQuick["QtQuick"]\n    node_venv_lib_python3_12_site-packages_PyQt6_Qt6_qml_QtQuick --> node_venv_lib_python3_12_site-packages_PyQt6_Qt6_qml_QtQuick_Controls["Controls"]\n    node_venv_lib_python3_12_site-packages_PyQt6_Qt6_qml_QtQuick_Controls --> node_venv_lib_python3_12_site-packages_PyQt6_Qt6_qml_QtQuick_Controls_FluentWinUI3["FluentWinUI3"]\n    node_venv_lib_python3_12_site-packages_PyQt6_Qt6_qml_QtQuick_Controls_FluentWinUI3 --> node_venv_lib_python3_12_site-packages_PyQt6_Qt6_qml_QtQuick_Controls_FluentWinUI3_dark["dark"]\n    node_venv_lib_python3_12_site-packages_PyQt6_Qt6_qml_QtQuick_Controls_FluentWinUI3_dark --> node_venv_lib_python3_12_site-packages_PyQt6_Qt6_qml_QtQuick_Controls_FluentWinUI3_dark_images["images"]\n    node_venv_lib_python3_12_site-packages_PyQt6_Qt6_qml_QtQuick_Controls_FluentWinUI3_dark_images --> node_venv_lib_python3_12_site-packages_PyQt6_Qt6_qml_QtQuick_Controls_FluentWinUI3_dark_images_spinbox-indicator-up-background-down-hovered_png["spinbox-indicator-up-background-down-hovered.png"]\n    Root --> node_venv["venv"]\n    node_venv --> node_venv_lib["lib"]\n    node_venv_lib --> node_venv_lib_python3_12["python3.12"]\n    node_venv_lib_python3_12 --> node_venv_lib_python3_12_site-packages["site-packages"]\n    node_venv_lib_python3_12_site-packages --> node_venv_lib_python3_12_site-packages_PyQt6["PyQt6"]\n    node_venv_lib_python3_12_site-packages_PyQt6 --> node_venv_lib_python3_12_site-packages_PyQt6_Qt6["Qt6"]\n    node_venv_lib_python3_12_site-packages_PyQt6_Qt6 --> node_venv_lib_python3_12_site-packages_PyQt6_Qt6_qml["qml"]\n    node_venv_lib_python3_12_site-packages_PyQt6_Qt6_qml --> node_venv_lib_python3_12_site-packages_PyQt6_Qt6_qml_QtQuick["QtQuick"]\n    node_venv_lib_python3_12_site-packages_PyQt6_Qt6_qml_QtQuick --> node_venv_lib_python3_12_site-packages_PyQt6_Qt6_qml_QtQuick_Controls["Controls"]\n    node_venv_lib_python3_12_site-packages_PyQt6_Qt6_qml_QtQuick_Controls --> node_venv_lib_python3_12_site-packages_PyQt6_Qt6_qml_QtQuick_Controls_FluentWinUI3["FluentWinUI3"]\n    node_venv_lib_python3_12_site-packages_PyQt6_Qt6_qml_QtQuick_Controls_FluentWinUI3 --> node_venv_lib_python3_12_site-packages_PyQt6_Qt6_qml_QtQuick_Controls_FluentWinUI3_dark["dark"]\n    node_venv_lib_python3_12_site-packages_PyQt6_Qt6_qml_QtQuick_Controls_FluentWinUI3_dark --> node_venv_lib_python3_12_site-packages_PyQt6_Qt6_qml_QtQuick_Controls_FluentWinUI3_dark_images["images"]\n    node_venv_lib_python3_12_site-packages_PyQt6_Qt6_qml_QtQuick_Controls_FluentWinUI3_dark_images --> node_venv_lib_python3_12_site-packages_PyQt6_Qt6_qml_QtQuick_Controls_FluentWinUI3_dark_images_spinbox-indicator-up-background-down-hovered@2x_png["spinbox-indicator-up-background-down-hovered@2x.png"]\n    Root --> node_venv["venv"]\n    node_venv --> node_venv_lib["lib"]\n    node_venv_lib --> node_venv_lib_python3_12["python3.12"]\n    node_venv_lib_python3_12 --> node_venv_lib_python3_12_site-packages["site-packages"]\n    node_venv_lib_python3_12_site-packages --> node_venv_lib_python3_12_site-packages_PyQt6["PyQt6"]\n    node_venv_lib_python3_12_site-packages_PyQt6 --> node_venv_lib_python3_12_site-packages_PyQt6_Qt6["Qt6"]\n    node_venv_lib_python3_12_site-packages_PyQt6_Qt6 --> node_venv_lib_python3_12_site-packages_PyQt6_Qt6_qml["qml"]\n    node_venv_lib_python3_12_site-packages_PyQt6_Qt6_qml --> node_venv_lib_python3_12_site-packages_PyQt6_Qt6_qml_QtQuick["QtQuick"]\n    node_venv_lib_python3_12_site-packages_PyQt6_Qt6_qml_QtQuick --> node_venv_lib_python3_12_site-packages_PyQt6_Qt6_qml_QtQuick_Controls["Controls"]\n    node_venv_lib_python3_12_site-packages_PyQt6_Qt6_qml_QtQuick_Controls --> node_venv_lib_python3_12_site-packages_PyQt6_Qt6_qml_QtQuick_Controls_FluentWinUI3["FluentWinUI3"]\n    node_venv_lib_python3_12_site-packages_PyQt6_Qt6_qml_QtQuick_Controls_FluentWinUI3 --> node_venv_lib_python3_12_site-packages_PyQt6_Qt6_qml_QtQuick_Controls_FluentWinUI3_dark["dark"]\n    node_venv_lib_python3_12_site-packages_PyQt6_Qt6_qml_QtQuick_Controls_FluentWinUI3_dark --> node_venv_lib_python3_12_site-packages_PyQt6_Qt6_qml_QtQuick_Controls_FluentWinUI3_dark_images["images"]\n    node_venv_lib_python3_12_site-packages_PyQt6_Qt6_qml_QtQuick_Controls_FluentWinUI3_dark_images --> node_venv_lib_python3_12_site-packages_PyQt6_Qt6_qml_QtQuick_Controls_FluentWinUI3_dark_images_spinbox-indicator-up-background-down-hovered@3x_png["spinbox-indicator-up-background-down-hovered@3x.png"]\n    Root --> node_venv["venv"]\n    node_venv --> node_venv_lib["lib"]\n    node_venv_lib --> node_venv_lib_python3_12["python3.12"]\n    node_venv_lib_python3_12 --> node_venv_lib_python3_12_site-packages["site-packages"]\n    node_venv_lib_python3_12_site-packages --> node_venv_lib_python3_12_site-packages_PyQt6["PyQt6"]\n    node_venv_lib_python3_12_site-packages_PyQt6 --> node_venv_lib_python3_12_site-packages_PyQt6_Qt6["Qt6"]\n    node_venv_lib_python3_12_site-packages_PyQt6_Qt6 --> node_venv_lib_python3_12_site-packages_PyQt6_Qt6_qml["qml"]\n    node_venv_lib_python3_12_site-packages_PyQt6_Qt6_qml --> node_venv_lib_python3_12_site-packages_PyQt6_Qt6_qml_QtQuick["QtQuick"]\n    node_venv_lib_python3_12_site-packages_PyQt6_Qt6_qml_QtQuick --> node_venv_lib_python3_12_site-packages_PyQt6_Qt6_qml_QtQuick_Controls["Controls"]\n    node_venv_lib_python3_12_site-packages_PyQt6_Qt6_qml_QtQuick_Controls --> node_venv_lib_python3_12_site-packages_PyQt6_Qt6_qml_QtQuick_Controls_FluentWinUI3["FluentWinUI3"]\n    node_venv_lib_python3_12_site-packages_PyQt6_Qt6_qml_QtQuick_Controls_FluentWinUI3 --> node_venv_lib_python3_12_site-packages_PyQt6_Qt6_qml_QtQuick_Controls_FluentWinUI3_dark["dark"]\n    node_venv_lib_python3_12_site-packages_PyQt6_Qt6_qml_QtQuick_Controls_FluentWinUI3_dark --> node_venv_lib_python3_12_site-packages_PyQt6_Qt6_qml_QtQuick_Controls_FluentWinUI3_dark_images["images"]\n    node_venv_lib_python3_12_site-packages_PyQt6_Qt6_qml_QtQuick_Controls_FluentWinUI3_dark_images --> node_venv_lib_python3_12_site-packages_PyQt6_Qt6_qml_QtQuick_Controls_FluentWinUI3_dark_images_spinbox-indicator-up-background-down-pressed_png["spinbox-indicator-up-background-down-pressed.png"]\n    Root --> node_venv["venv"]\n    node_venv --> node_venv_lib["lib"]\n    node_venv_lib --> node_venv_lib_python3_12["python3.12"]\n    node_venv_lib_python3_12 --> node_venv_lib_python3_12_site-packages["site-packages"]\n    node_venv_lib_python3_12_site-packages --> node_venv_lib_python3_12_site-packages_PyQt6["PyQt6"]\n    node_venv_lib_python3_12_site-packages_PyQt6 --> node_venv_lib_python3_12_site-packages_PyQt6_Qt6["Qt6"]\n    node_venv_lib_python3_12_site-packages_PyQt6_Qt6 --> node_venv_lib_python3_12_site-packages_PyQt6_Qt6_qml["qml"]\n    node_venv_lib_python3_12_site-packages_PyQt6_Qt6_qml --> node_venv_lib_python3_12_site-packages_PyQt6_Qt6_qml_QtQuick["QtQuick"]\n    node_venv_lib_python3_12_site-packages_PyQt6_Qt6_qml_QtQuick --> node_venv_lib_python3_12_site-packages_PyQt6_Qt6_qml_QtQuick_Controls["Controls"]\n    node_venv_lib_python3_12_site-packages_PyQt6_Qt6_qml_QtQuick_Controls --> node_venv_lib_python3_12_site-packages_PyQt6_Qt6_qml_QtQuick_Controls_FluentWinUI3["FluentWinUI3"]\n    node_venv_lib_python3_12_site-packages_PyQt6_Qt6_qml_QtQuick_Controls_FluentWinUI3 --> node_venv_lib_python3_12_site-packages_PyQt6_Qt6_qml_QtQuick_Controls_FluentWinUI3_dark["dark"]\n    node_venv_lib_python3_12_site-packages_PyQt6_Qt6_qml_QtQuick_Controls_FluentWinUI3_dark --> node_venv_lib_python3_12_site-packages_PyQt6_Qt6_qml_QtQuick_Controls_FluentWinUI3_dark_images["images"]\n    node_venv_lib_python3_12_site-packages_PyQt6_Qt6_qml_QtQuick_Controls_FluentWinUI3_dark_images --> node_venv_lib_python3_12_site-packages_PyQt6_Qt6_qml_QtQuick_Controls_FluentWinUI3_dark_images_spinbox-indicator-up-background-down-pressed@2x_png["spinbox-indicator-up-background-down-pressed@2x.png"]\n    Root --> node_venv["venv"]\n    node_venv --> node_venv_lib["lib"]\n    node_venv_lib --> node_venv_lib_python3_12["python3.12"]\n    node_venv_lib_python3_12 --> node_venv_lib_python3_12_site-packages["site-packages"]\n    node_venv_lib_python3_12_site-packages --> node_venv_lib_python3_12_site-packages_PyQt6["PyQt6"]\n    node_venv_lib_python3_12_site-packages_PyQt6 --> node_venv_lib_python3_12_site-packages_PyQt6_Qt6["Qt6"]\n    node_venv_lib_python3_12_site-packages_PyQt6_Qt6 --> node_venv_lib_python3_12_site-packages_PyQt6_Qt6_qml["qml"]\n    node_venv_lib_python3_12_site-packages_PyQt6_Qt6_qml --> node_venv_lib_python3_12_site-packages_PyQt6_Qt6_qml_QtQuick["QtQuick"]\n    node_venv_lib_python3_12_site-packages_PyQt6_Qt6_qml_QtQuick --> node_venv_lib_python3_12_site-packages_PyQt6_Qt6_qml_QtQuick_Controls["Controls"]\n    node_venv_lib_python3_12_site-packages_PyQt6_Qt6_qml_QtQuick_Controls --> node_venv_lib_python3_12_site-packages_PyQt6_Qt6_qml_QtQuick_Controls_FluentWinUI3["FluentWinUI3"]\n    node_venv_lib_python3_12_site-packages_PyQt6_Qt6_qml_QtQuick_Controls_FluentWinUI3 --> node_venv_lib_python3_12_site-packages_PyQt6_Qt6_qml_QtQuick_Controls_FluentWinUI3_dark["dark"]\n    node_venv_lib_python3_12_site-packages_PyQt6_Qt6_qml_QtQuick_Controls_FluentWinUI3_dark --> node_venv_lib_python3_12_site-packages_PyQt6_Qt6_qml_QtQuick_Controls_FluentWinUI3_dark_images["images"]\n    node_venv_lib_python3_12_site-packages_PyQt6_Qt6_qml_QtQuick_Controls_FluentWinUI3_dark_images --> node_venv_lib_python3_12_site-packages_PyQt6_Qt6_qml_QtQuick_Controls_FluentWinUI3_dark_images_spinbox-indicator-up-background-down-pressed@3x_png["spinbox-indicator-up-background-down-pressed@3x.png"]\n    Root --> node_venv["venv"]\n    node_venv --> node_venv_lib["lib"]\n    node_venv_lib --> node_venv_lib_python3_12["python3.12"]\n    node_venv_lib_python3_12 --> node_venv_lib_python3_12_site-packages["site-packages"]\n    node_venv_lib_python3_12_site-packages --> node_venv_lib_python3_12_site-packages_PyQt6["PyQt6"]\n    node_venv_lib_python3_12_site-packages_PyQt6 --> node_venv_lib_python3_12_site-packages_PyQt6_Qt6["Qt6"]\n    node_venv_lib_python3_12_site-packages_PyQt6_Qt6 --> node_venv_lib_python3_12_site-packages_PyQt6_Qt6_qml["qml"]\n    node_venv_lib_python3_12_site-packages_PyQt6_Qt6_qml --> node_venv_lib_python3_12_site-packages_PyQt6_Qt6_qml_QtQuick["QtQuick"]\n    node_venv_lib_python3_12_site-packages_PyQt6_Qt6_qml_QtQuick --> node_venv_lib_python3_12_site-packages_PyQt6_Qt6_qml_QtQuick_Controls["Controls"]\n    node_venv_lib_python3_12_site-packages_PyQt6_Qt6_qml_QtQuick_Controls --> node_venv_lib_python3_12_site-packages_PyQt6_Qt6_qml_QtQuick_Controls_FluentWinUI3["FluentWinUI3"]\n    node_venv_lib_python3_12_site-packages_PyQt6_Qt6_qml_QtQuick_Controls_FluentWinUI3 --> node_venv_lib_python3_12_site-packages_PyQt6_Qt6_qml_QtQuick_Controls_FluentWinUI3_dark["dark"]\n    node_venv_lib_python3_12_site-packages_PyQt6_Qt6_qml_QtQuick_Controls_FluentWinUI3_dark --> node_venv_lib_python3_12_site-packages_PyQt6_Qt6_qml_QtQuick_Controls_FluentWinUI3_dark_images["images"]\n    node_venv_lib_python3_12_site-packages_PyQt6_Qt6_qml_QtQuick_Controls_FluentWinUI3_dark_images --> node_venv_lib_python3_12_site-packages_PyQt6_Qt6_qml_QtQuick_Controls_FluentWinUI3_dark_images_spinbox-indicator-up-background-hovered_png["spinbox-indicator-up-background-hovered.png"]\n    Root --> node_venv["venv"]\n    node_venv --> node_venv_lib["lib"]\n    node_venv_lib --> node_venv_lib_python3_12["python3.12"]\n    node_venv_lib_python3_12 --> node_venv_lib_python3_12_site-packages["site-packages"]\n    node_venv_lib_python3_12_site-packages --> node_venv_lib_python3_12_site-packages_PyQt6["PyQt6"]\n    node_venv_lib_python3_12_site-packages_PyQt6 --> node_venv_lib_python3_12_site-packages_PyQt6_Qt6["Qt6"]\n    node_venv_lib_python3_12_site-packages_PyQt6_Qt6 --> node_venv_lib_python3_12_site-packages_PyQt6_Qt6_qml["qml"]\n    node_venv_lib_python3_12_site-packages_PyQt6_Qt6_qml --> node_venv_lib_python3_12_site-packages_PyQt6_Qt6_qml_QtQuick["QtQuick"]\n    node_venv_lib_python3_12_site-packages_PyQt6_Qt6_qml_QtQuick --> node_venv_lib_python3_12_site-packages_PyQt6_Qt6_qml_QtQuick_Controls["Controls"]\n    node_venv_lib_python3_12_site-packages_PyQt6_Qt6_qml_QtQuick_Controls --> node_venv_lib_python3_12_site-packages_PyQt6_Qt6_qml_QtQuick_Controls_FluentWinUI3["FluentWinUI3"]\n    node_venv_lib_python3_12_site-packages_PyQt6_Qt6_qml_QtQuick_Controls_FluentWinUI3 --> node_venv_lib_python3_12_site-packages_PyQt6_Qt6_qml_QtQuick_Controls_FluentWinUI3_dark["dark"]\n    node_venv_lib_python3_12_site-packages_PyQt6_Qt6_qml_QtQuick_Controls_FluentWinUI3_dark --> node_venv_lib_python3_12_site-packages_PyQt6_Qt6_qml_QtQuick_Controls_FluentWinUI3_dark_images["images"]\n    node_venv_lib_python3_12_site-packages_PyQt6_Qt6_qml_QtQuick_Controls_FluentWinUI3_dark_images --> node_venv_lib_python3_12_site-packages_PyQt6_Qt6_qml_QtQuick_Controls_FluentWinUI3_dark_images_spinbox-indicator-up-background-hovered@2x_png["spinbox-indicator-up-background-hovered@2x.png"]\n    Root --> node_venv["venv"]\n    node_venv --> node_venv_lib["lib"]\n    node_venv_lib --> node_venv_lib_python3_12["python3.12"]\n    node_venv_lib_python3_12 --> node_venv_lib_python3_12_site-packages["site-packages"]\n    node_venv_lib_python3_12_site-packages --> node_venv_lib_python3_12_site-packages_PyQt6["PyQt6"]\n    node_venv_lib_python3_12_site-packages_PyQt6 --> node_venv_lib_python3_12_site-packages_PyQt6_Qt6["Qt6"]\n    node_venv_lib_python3_12_site-packages_PyQt6_Qt6 --> node_venv_lib_python3_12_site-packages_PyQt6_Qt6_qml["qml"]\n    node_venv_lib_python3_12_site-packages_PyQt6_Qt6_qml --> node_venv_lib_python3_12_site-packages_PyQt6_Qt6_qml_QtQuick["QtQuick"]\n    node_venv_lib_python3_12_site-packages_PyQt6_Qt6_qml_QtQuick --> node_venv_lib_python3_12_site-packages_PyQt6_Qt6_qml_QtQuick_Controls["Controls"]\n    node_venv_lib_python3_12_site-packages_PyQt6_Qt6_qml_QtQuick_Controls --> node_venv_lib_python3_12_site-packages_PyQt6_Qt6_qml_QtQuick_Controls_FluentWinUI3["FluentWinUI3"]\n    node_venv_lib_python3_12_site-packages_PyQt6_Qt6_qml_QtQuick_Controls_FluentWinUI3 --> node_venv_lib_python3_12_site-packages_PyQt6_Qt6_qml_QtQuick_Controls_FluentWinUI3_dark["dark"]\n    node_venv_lib_python3_12_site-packages_PyQt6_Qt6_qml_QtQuick_Controls_FluentWinUI3_dark --> node_venv_lib_python3_12_site-packages_PyQt6_Qt6_qml_QtQuick_Controls_FluentWinUI3_dark_images["images"]\n    node_venv_lib_python3_12_site-packages_PyQt6_Qt6_qml_QtQuick_Controls_FluentWinUI3_dark_images --> node_venv_lib_python3_12_site-packages_PyQt6_Qt6_qml_QtQuick_Controls_FluentWinUI3_dark_images_spinbox-indicator-up-background-hovered@3x_png["spinbox-indicator-up-background-hovered@3x.png"]\n    Root --> node_venv["venv"]\n    node_venv --> node_venv_lib["lib"]\n    node_venv_lib --> node_venv_lib_python3_12["python3.12"]\n    node_venv_lib_python3_12 --> node_venv_lib_python3_12_site-packages["site-packages"]\n    node_venv_lib_python3_12_site-packages --> node_venv_lib_python3_12_site-packages_PyQt6["PyQt6"]\n    node_venv_lib_python3_12_site-packages_PyQt6 --> node_venv_lib_python3_12_site-packages_PyQt6_Qt6["Qt6"]\n    node_venv_lib_python3_12_site-packages_PyQt6_Qt6 --> node_venv_lib_python3_12_site-packages_PyQt6_Qt6_qml["qml"]\n    node_venv_lib_python3_12_site-packages_PyQt6_Qt6_qml --> node_venv_lib_python3_12_site-packages_PyQt6_Qt6_qml_QtQuick["QtQuick"]\n    node_venv_lib_python3_12_site-packages_PyQt6_Qt6_qml_QtQuick --> node_venv_lib_python3_12_site-packages_PyQt6_Qt6_qml_QtQuick_Controls["Controls"]\n    node_venv_lib_python3_12_site-packages_PyQt6_Qt6_qml_QtQuick_Controls --> node_venv_lib_python3_12_site-packages_PyQt6_Qt6_qml_QtQuick_Controls_FluentWinUI3["FluentWinUI3"]\n    node_venv_lib_python3_12_site-packages_PyQt6_Qt6_qml_QtQuick_Controls_FluentWinUI3 --> node_venv_lib_python3_12_site-packages_PyQt6_Qt6_qml_QtQuick_Controls_FluentWinUI3_dark["dark"]\n    node_venv_lib_python3_12_site-packages_PyQt6_Qt6_qml_QtQuick_Controls_FluentWinUI3_dark --> node_venv_lib_python3_12_site-packages_PyQt6_Qt6_qml_QtQuick_Controls_FluentWinUI3_dark_images["images"]\n    node_venv_lib_python3_12_site-packages_PyQt6_Qt6_qml_QtQuick_Controls_FluentWinUI3_dark_images --> node_venv_lib_python3_12_site-packages_PyQt6_Qt6_qml_QtQuick_Controls_FluentWinUI3_dark_images_spinbox-indicator-up-background-up-hovered_png["spinbox-indicator-up-background-up-hovered.png"]\n    Root --> node_venv["venv"]\n    node_venv --> node_venv_lib["lib"]\n    node_venv_lib --> node_venv_lib_python3_12["python3.12"]\n    node_venv_lib_python3_12 --> node_venv_lib_python3_12_site-packages["site-packages"]\n    node_venv_lib_python3_12_site-packages --> node_venv_lib_python3_12_site-packages_PyQt6["PyQt6"]\n    node_venv_lib_python3_12_site-packages_PyQt6 --> node_venv_lib_python3_12_site-packages_PyQt6_Qt6["Qt6"]\n    node_venv_lib_python3_12_site-packages_PyQt6_Qt6 --> node_venv_lib_python3_12_site-packages_PyQt6_Qt6_qml["qml"]\n    node_venv_lib_python3_12_site-packages_PyQt6_Qt6_qml --> node_venv_lib_python3_12_site-packages_PyQt6_Qt6_qml_QtQuick["QtQuick"]\n    node_venv_lib_python3_12_site-packages_PyQt6_Qt6_qml_QtQuick --> node_venv_lib_python3_12_site-packages_PyQt6_Qt6_qml_QtQuick_Controls["Controls"]\n    node_venv_lib_python3_12_site-packages_PyQt6_Qt6_qml_QtQuick_Controls --> node_venv_lib_python3_12_site-packages_PyQt6_Qt6_qml_QtQuick_Controls_FluentWinUI3["FluentWinUI3"]\n    node_venv_lib_python3_12_site-packages_PyQt6_Qt6_qml_QtQuick_Controls_FluentWinUI3 --> node_venv_lib_python3_12_site-packages_PyQt6_Qt6_qml_QtQuick_Controls_FluentWinUI3_dark["dark"]\n    node_venv_lib_python3_12_site-packages_PyQt6_Qt6_qml_QtQuick_Controls_FluentWinUI3_dark --> node_venv_lib_python3_12_site-packages_PyQt6_Qt6_qml_QtQuick_Controls_FluentWinUI3_dark_images["images"]\n    node_venv_lib_python3_12_site-packages_PyQt6_Qt6_qml_QtQuick_Controls_FluentWinUI3_dark_images --> node_venv_lib_python3_12_site-packages_PyQt6_Qt6_qml_QtQuick_Controls_FluentWinUI3_dark_images_spinbox-indicator-up-background-up-hovered@2x_png["spinbox-indicator-up-background-up-hovered@2x.png"]\n    Root --> node_venv["venv"]\n    node_venv --> node_venv_lib["lib"]\n    node_venv_lib --> node_venv_lib_python3_12["python3.12"]\n    node_venv_lib_python3_12 --> node_venv_lib_python3_12_site-packages["site-packages"]\n    node_venv_lib_python3_12_site-packages --> node_venv_lib_python3_12_site-packages_PyQt6["PyQt6"]\n    node_venv_lib_python3_12_site-packages_PyQt6 --> node_venv_lib_python3_12_site-packages_PyQt6_Qt6["Qt6"]\n    node_venv_lib_python3_12_site-packages_PyQt6_Qt6 --> node_venv_lib_python3_12_site-packages_PyQt6_Qt6_qml["qml"]\n    node_venv_lib_python3_12_site-packages_PyQt6_Qt6_qml --> node_venv_lib_python3_12_site-packages_PyQt6_Qt6_qml_QtQuick["QtQuick"]\n    node_venv_lib_python3_12_site-packages_PyQt6_Qt6_qml_QtQuick --> node_venv_lib_python3_12_site-packages_PyQt6_Qt6_qml_QtQuick_Controls["Controls"]\n    node_venv_lib_python3_12_site-packages_PyQt6_Qt6_qml_QtQuick_Controls --> node_venv_lib_python3_12_site-packages_PyQt6_Qt6_qml_QtQuick_Controls_FluentWinUI3["FluentWinUI3"]\n    node_venv_lib_python3_12_site-packages_PyQt6_Qt6_qml_QtQuick_Controls_FluentWinUI3 --> node_venv_lib_python3_12_site-packages_PyQt6_Qt6_qml_QtQuick_Controls_FluentWinUI3_dark["dark"]\n    node_venv_lib_python3_12_site-packages_PyQt6_Qt6_qml_QtQuick_Controls_FluentWinUI3_dark --> node_venv_lib_python3_12_site-packages_PyQt6_Qt6_qml_QtQuick_Controls_FluentWinUI3_dark_images["images"]\n    node_venv_lib_python3_12_site-packages_PyQt6_Qt6_qml_QtQuick_Controls_FluentWinUI3_dark_images --> node_venv_lib_python3_12_site-packages_PyQt6_Qt6_qml_QtQuick_Controls_FluentWinUI3_dark_images_spinbox-indicator-up-background-up-hovered@3x_png["spinbox-indicator-up-background-up-hovered@3x.png"]\n    Root --> node_venv["venv"]\n    node_venv --> node_venv_lib["lib"]\n    node_venv_lib --> node_venv_lib_python3_12["python3.12"]\n    node_venv_lib_python3_12 --> node_venv_lib_python3_12_site-packages["site-packages"]\n    node_venv_lib_python3_12_site-packages --> node_venv_lib_python3_12_site-packages_PyQt6["PyQt6"]\n    node_venv_lib_python3_12_site-packages_PyQt6 --> node_venv_lib_python3_12_site-packages_PyQt6_Qt6["Qt6"]\n    node_venv_lib_python3_12_site-packages_PyQt6_Qt6 --> node_venv_lib_python3_12_site-packages_PyQt6_Qt6_qml["qml"]\n    node_venv_lib_python3_12_site-packages_PyQt6_Qt6_qml --> node_venv_lib_python3_12_site-packages_PyQt6_Qt6_qml_QtQuick["QtQuick"]\n    node_venv_lib_python3_12_site-packages_PyQt6_Qt6_qml_QtQuick --> node_venv_lib_python3_12_site-packages_PyQt6_Qt6_qml_QtQuick_Controls["Controls"]\n    node_venv_lib_python3_12_site-packages_PyQt6_Qt6_qml_QtQuick_Controls --> node_venv_lib_python3_12_site-packages_PyQt6_Qt6_qml_QtQuick_Controls_FluentWinUI3["FluentWinUI3"]\n    node_venv_lib_python3_12_site-packages_PyQt6_Qt6_qml_QtQuick_Controls_FluentWinUI3 --> node_venv_lib_python3_12_site-packages_PyQt6_Qt6_qml_QtQuick_Controls_FluentWinUI3_dark["dark"]\n    node_venv_lib_python3_12_site-packages_PyQt6_Qt6_qml_QtQuick_Controls_FluentWinUI3_dark --> node_venv_lib_python3_12_site-packages_PyQt6_Qt6_qml_QtQuick_Controls_FluentWinUI3_dark_images["images"]\n    node_venv_lib_python3_12_site-packages_PyQt6_Qt6_qml_QtQuick_Controls_FluentWinUI3_dark_images --> node_venv_lib_python3_12_site-packages_PyQt6_Qt6_qml_QtQuick_Controls_FluentWinUI3_dark_images_spinbox-indicator-up-background-up-pressed_png["spinbox-indicator-up-background-up-pressed.png"]\n    Root --> node_venv["venv"]\n    node_venv --> node_venv_lib["lib"]\n    node_venv_lib --> node_venv_lib_python3_12["python3.12"]\n    node_venv_lib_python3_12 --> node_venv_lib_python3_12_site-packages["site-packages"]\n    node_venv_lib_python3_12_site-packages --> node_venv_lib_python3_12_site-packages_PyQt6["PyQt6"]\n    node_venv_lib_python3_12_site-packages_PyQt6 --> node_venv_lib_python3_12_site-packages_PyQt6_Qt6["Qt6"]\n    node_venv_lib_python3_12_site-packages_PyQt6_Qt6 --> node_venv_lib_python3_12_site-packages_PyQt6_Qt6_qml["qml"]\n    node_venv_lib_python3_12_site-packages_PyQt6_Qt6_qml --> node_venv_lib_python3_12_site-packages_PyQt6_Qt6_qml_QtQuick["QtQuick"]\n    node_venv_lib_python3_12_site-packages_PyQt6_Qt6_qml_QtQuick --> node_venv_lib_python3_12_site-packages_PyQt6_Qt6_qml_QtQuick_Controls["Controls"]\n    node_venv_lib_python3_12_site-packages_PyQt6_Qt6_qml_QtQuick_Controls --> node_venv_lib_python3_12_site-packages_PyQt6_Qt6_qml_QtQuick_Controls_FluentWinUI3["FluentWinUI3"]\n    node_venv_lib_python3_12_site-packages_PyQt6_Qt6_qml_QtQuick_Controls_FluentWinUI3 --> node_venv_lib_python3_12_site-packages_PyQt6_Qt6_qml_QtQuick_Controls_FluentWinUI3_dark["dark"]\n    node_venv_lib_python3_12_site-packages_PyQt6_Qt6_qml_QtQuick_Controls_FluentWinUI3_dark --> node_venv_lib_python3_12_site-packages_PyQt6_Qt6_qml_QtQuick_Controls_FluentWinUI3_dark_images["images"]\n    node_venv_lib_python3_12_site-packages_PyQt6_Qt6_qml_QtQuick_Controls_FluentWinUI3_dark_images --> node_venv_lib_python3_12_site-packages_PyQt6_Qt6_qml_QtQuick_Controls_FluentWinUI3_dark_images_spinbox-indicator-up-background-up-pressed@2x_png["spinbox-indicator-up-background-up-pressed@2x.png"]\n    Root --> node_venv["venv"]\n    node_venv --> node_venv_lib["lib"]\n    node_venv_lib --> node_venv_lib_python3_12["python3.12"]\n    node_venv_lib_python3_12 --> node_venv_lib_python3_12_site-packages["site-packages"]\n    node_venv_lib_python3_12_site-packages --> node_venv_lib_python3_12_site-packages_PyQt6["PyQt6"]\n    node_venv_lib_python3_12_site-packages_PyQt6 --> node_venv_lib_python3_12_site-packages_PyQt6_Qt6["Qt6"]\n    node_venv_lib_python3_12_site-packages_PyQt6_Qt6 --> node_venv_lib_python3_12_site-packages_PyQt6_Qt6_qml["qml"]\n    node_venv_lib_python3_12_site-packages_PyQt6_Qt6_qml --> node_venv_lib_python3_12_site-packages_PyQt6_Qt6_qml_QtQuick["QtQuick"]\n    node_venv_lib_python3_12_site-packages_PyQt6_Qt6_qml_QtQuick --> node_venv_lib_python3_12_site-packages_PyQt6_Qt6_qml_QtQuick_Controls["Controls"]\n    node_venv_lib_python3_12_site-packages_PyQt6_Qt6_qml_QtQuick_Controls --> node_venv_lib_python3_12_site-packages_PyQt6_Qt6_qml_QtQuick_Controls_FluentWinUI3["FluentWinUI3"]\n    node_venv_lib_python3_12_site-packages_PyQt6_Qt6_qml_QtQuick_Controls_FluentWinUI3 --> node_venv_lib_python3_12_site-packages_PyQt6_Qt6_qml_QtQuick_Controls_FluentWinUI3_dark["dark"]\n    node_venv_lib_python3_12_site-packages_PyQt6_Qt6_qml_QtQuick_Controls_FluentWinUI3_dark --> node_venv_lib_python3_12_site-packages_PyQt6_Qt6_qml_QtQuick_Controls_FluentWinUI3_dark_images["images"]\n    node_venv_lib_python3_12_site-packages_PyQt6_Qt6_qml_QtQuick_Controls_FluentWinUI3_dark_images --> node_venv_lib_python3_12_site-packages_PyQt6_Qt6_qml_QtQuick_Controls_FluentWinUI3_dark_images_spinbox-indicator-up-background-up-pressed@3x_png["spinbox-indicator-up-background-up-pressed@3x.png"]\n    Root --> node_venv["venv"]\n    node_venv --> node_venv_lib["lib"]\n    node_venv_lib --> node_venv_lib_python3_12["python3.12"]\n    node_venv_lib_python3_12 --> node_venv_lib_python3_12_site-packages["site-packages"]\n    node_venv_lib_python3_12_site-packages --> node_venv_lib_python3_12_site-packages_PyQt6["PyQt6"]\n    node_venv_lib_python3_12_site-packages_PyQt6 --> node_venv_lib_python3_12_site-packages_PyQt6_Qt6["Qt6"]\n    node_venv_lib_python3_12_site-packages_PyQt6_Qt6 --> node_venv_lib_python3_12_site-packages_PyQt6_Qt6_qml["qml"]\n    node_venv_lib_python3_12_site-packages_PyQt6_Qt6_qml --> node_venv_lib_python3_12_site-packages_PyQt6_Qt6_qml_QtQuick["QtQuick"]\n    node_venv_lib_python3_12_site-packages_PyQt6_Qt6_qml_QtQuick --> node_venv_lib_python3_12_site-packages_PyQt6_Qt6_qml_QtQuick_Controls["Controls"]\n    node_venv_lib_python3_12_site-packages_PyQt6_Qt6_qml_QtQuick_Controls --> node_venv_lib_python3_12_site-packages_PyQt6_Qt6_qml_QtQuick_Controls_FluentWinUI3["FluentWinUI3"]\n    node_venv_lib_python3_12_site-packages_PyQt6_Qt6_qml_QtQuick_Controls_FluentWinUI3 --> node_venv_lib_python3_12_site-packages_PyQt6_Qt6_qml_QtQuick_Controls_FluentWinUI3_dark["dark"]\n    node_venv_lib_python3_12_site-packages_PyQt6_Qt6_qml_QtQuick_Controls_FluentWinUI3_dark --> node_venv_lib_python3_12_site-packages_PyQt6_Qt6_qml_QtQuick_Controls_FluentWinUI3_dark_images["images"]\n    node_venv_lib_python3_12_site-packages_PyQt6_Qt6_qml_QtQuick_Controls_FluentWinUI3_dark_images --> node_venv_lib_python3_12_site-packages_PyQt6_Qt6_qml_QtQuick_Controls_FluentWinUI3_dark_images_spinbox-indicator-up-background_png["spinbox-indicator-up-background.png"]\n    Root --> node_venv["venv"]\n    node_venv --> node_venv_lib["lib"]\n    node_venv_lib --> node_venv_lib_python3_12["python3.12"]\n    node_venv_lib_python3_12 --> node_venv_lib_python3_12_site-packages["site-packages"]\n    node_venv_lib_python3_12_site-packages --> node_venv_lib_python3_12_site-packages_PyQt6["PyQt6"]\n    node_venv_lib_python3_12_site-packages_PyQt6 --> node_venv_lib_python3_12_site-packages_PyQt6_Qt6["Qt6"]\n    node_venv_lib_python3_12_site-packages_PyQt6_Qt6 --> node_venv_lib_python3_12_site-packages_PyQt6_Qt6_qml["qml"]\n    node_venv_lib_python3_12_site-packages_PyQt6_Qt6_qml --> node_venv_lib_python3_12_site-packages_PyQt6_Qt6_qml_QtQuick["QtQuick"]\n    node_venv_lib_python3_12_site-packages_PyQt6_Qt6_qml_QtQuick --> node_venv_lib_python3_12_site-packages_PyQt6_Qt6_qml_QtQuick_Controls["Controls"]\n    node_venv_lib_python3_12_site-packages_PyQt6_Qt6_qml_QtQuick_Controls --> node_venv_lib_python3_12_site-packages_PyQt6_Qt6_qml_QtQuick_Controls_FluentWinUI3["FluentWinUI3"]\n    node_venv_lib_python3_12_site-packages_PyQt6_Qt6_qml_QtQuick_Controls_FluentWinUI3 --> node_venv_lib_python3_12_site-packages_PyQt6_Qt6_qml_QtQuick_Controls_FluentWinUI3_dark["dark"]\n    node_venv_lib_python3_12_site-packages_PyQt6_Qt6_qml_QtQuick_Controls_FluentWinUI3_dark --> node_venv_lib_python3_12_site-packages_PyQt6_Qt6_qml_QtQuick_Controls_FluentWinUI3_dark_images["images"]\n    node_venv_lib_python3_12_site-packages_PyQt6_Qt6_qml_QtQuick_Controls_FluentWinUI3_dark_images --> node_venv_lib_python3_12_site-packages_PyQt6_Qt6_qml_QtQuick_Controls_FluentWinUI3_dark_images_spinbox-indicator-up-background@2x_png["spinbox-indicator-up-background@2x.png"]\n    Root --> node_venv["venv"]\n    node_venv --> node_venv_lib["lib"]\n    node_venv_lib --> node_venv_lib_python3_12["python3.12"]\n    node_venv_lib_python3_12 --> node_venv_lib_python3_12_site-packages["site-packages"]\n    node_venv_lib_python3_12_site-packages --> node_venv_lib_python3_12_site-packages_PyQt6["PyQt6"]\n    node_venv_lib_python3_12_site-packages_PyQt6 --> node_venv_lib_python3_12_site-packages_PyQt6_Qt6["Qt6"]\n    node_venv_lib_python3_12_site-packages_PyQt6_Qt6 --> node_venv_lib_python3_12_site-packages_PyQt6_Qt6_qml["qml"]\n    node_venv_lib_python3_12_site-packages_PyQt6_Qt6_qml --> node_venv_lib_python3_12_site-packages_PyQt6_Qt6_qml_QtQuick["QtQuick"]\n    node_venv_lib_python3_12_site-packages_PyQt6_Qt6_qml_QtQuick --> node_venv_lib_python3_12_site-packages_PyQt6_Qt6_qml_QtQuick_Controls["Controls"]\n    node_venv_lib_python3_12_site-packages_PyQt6_Qt6_qml_QtQuick_Controls --> node_venv_lib_python3_12_site-packages_PyQt6_Qt6_qml_QtQuick_Controls_FluentWinUI3["FluentWinUI3"]\n    node_venv_lib_python3_12_site-packages_PyQt6_Qt6_qml_QtQuick_Controls_FluentWinUI3 --> node_venv_lib_python3_12_site-packages_PyQt6_Qt6_qml_QtQuick_Controls_FluentWinUI3_dark["dark"]\n    node_venv_lib_python3_12_site-packages_PyQt6_Qt6_qml_QtQuick_Controls_FluentWinUI3_dark --> node_venv_lib_python3_12_site-packages_PyQt6_Qt6_qml_QtQuick_Controls_FluentWinUI3_dark_images["images"]\n    node_venv_lib_python3_12_site-packages_PyQt6_Qt6_qml_QtQuick_Controls_FluentWinUI3_dark_images --> node_venv_lib_python3_12_site-packages_PyQt6_Qt6_qml_QtQuick_Controls_FluentWinUI3_dark_images_spinbox-indicator-up-background@3x_png["spinbox-indicator-up-background@3x.png"]\n    Root --> node_venv["venv"]\n    node_venv --> node_venv_lib["lib"]\n    node_venv_lib --> node_venv_lib_python3_12["python3.12"]\n    node_venv_lib_python3_12 --> node_venv_lib_python3_12_site-packages["site-packages"]\n    node_venv_lib_python3_12_site-packages --> node_venv_lib_python3_12_site-packages_PyQt6["PyQt6"]\n    node_venv_lib_python3_12_site-packages_PyQt6 --> node_venv_lib_python3_12_site-packages_PyQt6_Qt6["Qt6"]\n    node_venv_lib_python3_12_site-packages_PyQt6_Qt6 --> node_venv_lib_python3_12_site-packages_PyQt6_Qt6_qml["qml"]\n    node_venv_lib_python3_12_site-packages_PyQt6_Qt6_qml --> node_venv_lib_python3_12_site-packages_PyQt6_Qt6_qml_QtQuick["QtQuick"]\n    node_venv_lib_python3_12_site-packages_PyQt6_Qt6_qml_QtQuick --> node_venv_lib_python3_12_site-packages_PyQt6_Qt6_qml_QtQuick_Controls["Controls"]\n    node_venv_lib_python3_12_site-packages_PyQt6_Qt6_qml_QtQuick_Controls --> node_venv_lib_python3_12_site-packages_PyQt6_Qt6_qml_QtQuick_Controls_FluentWinUI3["FluentWinUI3"]\n    node_venv_lib_python3_12_site-packages_PyQt6_Qt6_qml_QtQuick_Controls_FluentWinUI3 --> node_venv_lib_python3_12_site-packages_PyQt6_Qt6_qml_QtQuick_Controls_FluentWinUI3_dark["dark"]\n    node_venv_lib_python3_12_site-packages_PyQt6_Qt6_qml_QtQuick_Controls_FluentWinUI3_dark --> node_venv_lib_python3_12_site-packages_PyQt6_Qt6_qml_QtQuick_Controls_FluentWinUI3_dark_images["images"]\n    node_venv_lib_python3_12_site-packages_PyQt6_Qt6_qml_QtQuick_Controls_FluentWinUI3_dark_images --> node_venv_lib_python3_12_site-packages_PyQt6_Qt6_qml_QtQuick_Controls_FluentWinUI3_dark_images_spinbox-indicator-up-icon-atlimit_png["spinbox-indicator-up-icon-atlimit.png"]\n    Root --> node_venv["venv"]\n    node_venv --> node_venv_lib["lib"]\n    node_venv_lib --> node_venv_lib_python3_12["python3.12"]\n    node_venv_lib_python3_12 --> node_venv_lib_python3_12_site-packages["site-packages"]\n    node_venv_lib_python3_12_site-packages --> node_venv_lib_python3_12_site-packages_PyQt6["PyQt6"]\n    node_venv_lib_python3_12_site-packages_PyQt6 --> node_venv_lib_python3_12_site-packages_PyQt6_Qt6["Qt6"]\n    node_venv_lib_python3_12_site-packages_PyQt6_Qt6 --> node_venv_lib_python3_12_site-packages_PyQt6_Qt6_qml["qml"]\n    node_venv_lib_python3_12_site-packages_PyQt6_Qt6_qml --> node_venv_lib_python3_12_site-packages_PyQt6_Qt6_qml_QtQuick["QtQuick"]\n    node_venv_lib_python3_12_site-packages_PyQt6_Qt6_qml_QtQuick --> node_venv_lib_python3_12_site-packages_PyQt6_Qt6_qml_QtQuick_Controls["Controls"]\n    node_venv_lib_python3_12_site-packages_PyQt6_Qt6_qml_QtQuick_Controls --> node_venv_lib_python3_12_site-packages_PyQt6_Qt6_qml_QtQuick_Controls_FluentWinUI3["FluentWinUI3"]\n    node_venv_lib_python3_12_site-packages_PyQt6_Qt6_qml_QtQuick_Controls_FluentWinUI3 --> node_venv_lib_python3_12_site-packages_PyQt6_Qt6_qml_QtQuick_Controls_FluentWinUI3_dark["dark"]\n    node_venv_lib_python3_12_site-packages_PyQt6_Qt6_qml_QtQuick_Controls_FluentWinUI3_dark --> node_venv_lib_python3_12_site-packages_PyQt6_Qt6_qml_QtQuick_Controls_FluentWinUI3_dark_images["images"]\n    node_venv_lib_python3_12_site-packages_PyQt6_Qt6_qml_QtQuick_Controls_FluentWinUI3_dark_images --> node_venv_lib_python3_12_site-packages_PyQt6_Qt6_qml_QtQuick_Controls_FluentWinUI3_dark_images_spinbox-indicator-up-icon-atlimit@2x_png["spinbox-indicator-up-icon-atlimit@2x.png"]\n    Root --> node_venv["venv"]\n    node_venv --> node_venv_lib["lib"]\n    node_venv_lib --> node_venv_lib_python3_12["python3.12"]\n    node_venv_lib_python3_12 --> node_venv_lib_python3_12_site-packages["site-packages"]\n    node_venv_lib_python3_12_site-packages --> node_venv_lib_python3_12_site-packages_PyQt6["PyQt6"]\n    node_venv_lib_python3_12_site-packages_PyQt6 --> node_venv_lib_python3_12_site-packages_PyQt6_Qt6["Qt6"]\n    node_venv_lib_python3_12_site-packages_PyQt6_Qt6 --> node_venv_lib_python3_12_site-packages_PyQt6_Qt6_qml["qml"]\n    node_venv_lib_python3_12_site-packages_PyQt6_Qt6_qml --> node_venv_lib_python3_12_site-packages_PyQt6_Qt6_qml_QtQuick["QtQuick"]\n    node_venv_lib_python3_12_site-packages_PyQt6_Qt6_qml_QtQuick --> node_venv_lib_python3_12_site-packages_PyQt6_Qt6_qml_QtQuick_Controls["Controls"]\n    node_venv_lib_python3_12_site-packages_PyQt6_Qt6_qml_QtQuick_Controls --> node_venv_lib_python3_12_site-packages_PyQt6_Qt6_qml_QtQuick_Controls_FluentWinUI3["FluentWinUI3"]\n    node_venv_lib_python3_12_site-packages_PyQt6_Qt6_qml_QtQuick_Controls_FluentWinUI3 --> node_venv_lib_python3_12_site-packages_PyQt6_Qt6_qml_QtQuick_Controls_FluentWinUI3_dark["dark"]\n    node_venv_lib_python3_12_site-packages_PyQt6_Qt6_qml_QtQuick_Controls_FluentWinUI3_dark --> node_venv_lib_python3_12_site-packages_PyQt6_Qt6_qml_QtQuick_Controls_FluentWinUI3_dark_images["images"]\n    node_venv_lib_python3_12_site-packages_PyQt6_Qt6_qml_QtQuick_Controls_FluentWinUI3_dark_images --> node_venv_lib_python3_12_site-packages_PyQt6_Qt6_qml_QtQuick_Controls_FluentWinUI3_dark_images_spinbox-indicator-up-icon-atlimit@3x_png["spinbox-indicator-up-icon-atlimit@3x.png"]\n    Root --> node_venv["venv"]\n    node_venv --> node_venv_lib["lib"]\n    node_venv_lib --> node_venv_lib_python3_12["python3.12"]\n    node_venv_lib_python3_12 --> node_venv_lib_python3_12_site-packages["site-packages"]\n    node_venv_lib_python3_12_site-packages --> node_venv_lib_python3_12_site-packages_PyQt6["PyQt6"]\n    node_venv_lib_python3_12_site-packages_PyQt6 --> node_venv_lib_python3_12_site-packages_PyQt6_Qt6["Qt6"]\n    node_venv_lib_python3_12_site-packages_PyQt6_Qt6 --> node_venv_lib_python3_12_site-packages_PyQt6_Qt6_qml["qml"]\n    node_venv_lib_python3_12_site-packages_PyQt6_Qt6_qml --> node_venv_lib_python3_12_site-packages_PyQt6_Qt6_qml_QtQuick["QtQuick"]\n    node_venv_lib_python3_12_site-packages_PyQt6_Qt6_qml_QtQuick --> node_venv_lib_python3_12_site-packages_PyQt6_Qt6_qml_QtQuick_Controls["Controls"]\n    node_venv_lib_python3_12_site-packages_PyQt6_Qt6_qml_QtQuick_Controls --> node_venv_lib_python3_12_site-packages_PyQt6_Qt6_qml_QtQuick_Controls_FluentWinUI3["FluentWinUI3"]\n    node_venv_lib_python3_12_site-packages_PyQt6_Qt6_qml_QtQuick_Controls_FluentWinUI3 --> node_venv_lib_python3_12_site-packages_PyQt6_Qt6_qml_QtQuick_Controls_FluentWinUI3_dark["dark"]\n    node_venv_lib_python3_12_site-packages_PyQt6_Qt6_qml_QtQuick_Controls_FluentWinUI3_dark --> node_venv_lib_python3_12_site-packages_PyQt6_Qt6_qml_QtQuick_Controls_FluentWinUI3_dark_images["images"]\n    node_venv_lib_python3_12_site-packages_PyQt6_Qt6_qml_QtQuick_Controls_FluentWinUI3_dark_images --> node_venv_lib_python3_12_site-packages_PyQt6_Qt6_qml_QtQuick_Controls_FluentWinUI3_dark_images_spinbox-indicator-up-icon-disabled_png["spinbox-indicator-up-icon-disabled.png"]\n    Root --> node_venv["venv"]\n    node_venv --> node_venv_lib["lib"]\n    node_venv_lib --> node_venv_lib_python3_12["python3.12"]\n    node_venv_lib_python3_12 --> node_venv_lib_python3_12_site-packages["site-packages"]\n    node_venv_lib_python3_12_site-packages --> node_venv_lib_python3_12_site-packages_PyQt6["PyQt6"]\n    node_venv_lib_python3_12_site-packages_PyQt6 --> node_venv_lib_python3_12_site-packages_PyQt6_Qt6["Qt6"]\n    node_venv_lib_python3_12_site-packages_PyQt6_Qt6 --> node_venv_lib_python3_12_site-packages_PyQt6_Qt6_qml["qml"]\n    node_venv_lib_python3_12_site-packages_PyQt6_Qt6_qml --> node_venv_lib_python3_12_site-packages_PyQt6_Qt6_qml_QtQuick["QtQuick"]\n    node_venv_lib_python3_12_site-packages_PyQt6_Qt6_qml_QtQuick --> node_venv_lib_python3_12_site-packages_PyQt6_Qt6_qml_QtQuick_Controls["Controls"]\n    node_venv_lib_python3_12_site-packages_PyQt6_Qt6_qml_QtQuick_Controls --> node_venv_lib_python3_12_site-packages_PyQt6_Qt6_qml_QtQuick_Controls_FluentWinUI3["FluentWinUI3"]\n    node_venv_lib_python3_12_site-packages_PyQt6_Qt6_qml_QtQuick_Controls_FluentWinUI3 --> node_venv_lib_python3_12_site-packages_PyQt6_Qt6_qml_QtQuick_Controls_FluentWinUI3_dark["dark"]\n    node_venv_lib_python3_12_site-packages_PyQt6_Qt6_qml_QtQuick_Controls_FluentWinUI3_dark --> node_venv_lib_python3_12_site-packages_PyQt6_Qt6_qml_QtQuick_Controls_FluentWinUI3_dark_images["images"]\n    node_venv_lib_python3_12_site-packages_PyQt6_Qt6_qml_QtQuick_Controls_FluentWinUI3_dark_images --> node_venv_lib_python3_12_site-packages_PyQt6_Qt6_qml_QtQuick_Controls_FluentWinUI3_dark_images_spinbox-indicator-up-icon-disabled@2x_png["spinbox-indicator-up-icon-disabled@2x.png"]\n    Root --> node_venv["venv"]\n    node_venv --> node_venv_lib["lib"]\n    node_venv_lib --> node_venv_lib_python3_12["python3.12"]\n    node_venv_lib_python3_12 --> node_venv_lib_python3_12_site-packages["site-packages"]\n    node_venv_lib_python3_12_site-packages --> node_venv_lib_python3_12_site-packages_PyQt6["PyQt6"]\n    node_venv_lib_python3_12_site-packages_PyQt6 --> node_venv_lib_python3_12_site-packages_PyQt6_Qt6["Qt6"]\n    node_venv_lib_python3_12_site-packages_PyQt6_Qt6 --> node_venv_lib_python3_12_site-packages_PyQt6_Qt6_qml["qml"]\n    node_venv_lib_python3_12_site-packages_PyQt6_Qt6_qml --> node_venv_lib_python3_12_site-packages_PyQt6_Qt6_qml_QtQuick["QtQuick"]\n    node_venv_lib_python3_12_site-packages_PyQt6_Qt6_qml_QtQuick --> node_venv_lib_python3_12_site-packages_PyQt6_Qt6_qml_QtQuick_Controls["Controls"]\n    node_venv_lib_python3_12_site-packages_PyQt6_Qt6_qml_QtQuick_Controls --> node_venv_lib_python3_12_site-packages_PyQt6_Qt6_qml_QtQuick_Controls_FluentWinUI3["FluentWinUI3"]\n    node_venv_lib_python3_12_site-packages_PyQt6_Qt6_qml_QtQuick_Controls_FluentWinUI3 --> node_venv_lib_python3_12_site-packages_PyQt6_Qt6_qml_QtQuick_Controls_FluentWinUI3_dark["dark"]\n    node_venv_lib_python3_12_site-packages_PyQt6_Qt6_qml_QtQuick_Controls_FluentWinUI3_dark --> node_venv_lib_python3_12_site-packages_PyQt6_Qt6_qml_QtQuick_Controls_FluentWinUI3_dark_images["images"]\n    node_venv_lib_python3_12_site-packages_PyQt6_Qt6_qml_QtQuick_Controls_FluentWinUI3_dark_images --> node_venv_lib_python3_12_site-packages_PyQt6_Qt6_qml_QtQuick_Controls_FluentWinUI3_dark_images_spinbox-indicator-up-icon-disabled@3x_png["spinbox-indicator-up-icon-disabled@3x.png"]\n    Root --> node_venv["venv"]\n    node_venv --> node_venv_lib["lib"]\n    node_venv_lib --> node_venv_lib_python3_12["python3.12"]\n    node_venv_lib_python3_12 --> node_venv_lib_python3_12_site-packages["site-packages"]\n    node_venv_lib_python3_12_site-packages --> node_venv_lib_python3_12_site-packages_PyQt6["PyQt6"]\n    node_venv_lib_python3_12_site-packages_PyQt6 --> node_venv_lib_python3_12_site-packages_PyQt6_Qt6["Qt6"]\n    node_venv_lib_python3_12_site-packages_PyQt6_Qt6 --> node_venv_lib_python3_12_site-packages_PyQt6_Qt6_qml["qml"]\n    node_venv_lib_python3_12_site-packages_PyQt6_Qt6_qml --> node_venv_lib_python3_12_site-packages_PyQt6_Qt6_qml_QtQuick["QtQuick"]\n    node_venv_lib_python3_12_site-packages_PyQt6_Qt6_qml_QtQuick --> node_venv_lib_python3_12_site-packages_PyQt6_Qt6_qml_QtQuick_Controls["Controls"]\n    node_venv_lib_python3_12_site-packages_PyQt6_Qt6_qml_QtQuick_Controls --> node_venv_lib_python3_12_site-packages_PyQt6_Qt6_qml_QtQuick_Controls_FluentWinUI3["FluentWinUI3"]\n    node_venv_lib_python3_12_site-packages_PyQt6_Qt6_qml_QtQuick_Controls_FluentWinUI3 --> node_venv_lib_python3_12_site-packages_PyQt6_Qt6_qml_QtQuick_Controls_FluentWinUI3_dark["dark"]\n    node_venv_lib_python3_12_site-packages_PyQt6_Qt6_qml_QtQuick_Controls_FluentWinUI3_dark --> node_venv_lib_python3_12_site-packages_PyQt6_Qt6_qml_QtQuick_Controls_FluentWinUI3_dark_images["images"]\n    node_venv_lib_python3_12_site-packages_PyQt6_Qt6_qml_QtQuick_Controls_FluentWinUI3_dark_images --> node_venv_lib_python3_12_site-packages_PyQt6_Qt6_qml_QtQuick_Controls_FluentWinUI3_dark_images_spinbox-indicator-up-icon-down-hovered_png["spinbox-indicator-up-icon-down-hovered.png"]\n    Root --> node_venv["venv"]\n    node_venv --> node_venv_lib["lib"]\n    node_venv_lib --> node_venv_lib_python3_12["python3.12"]\n    node_venv_lib_python3_12 --> node_venv_lib_python3_12_site-packages["site-packages"]\n    node_venv_lib_python3_12_site-packages --> node_venv_lib_python3_12_site-packages_PyQt6["PyQt6"]\n    node_venv_lib_python3_12_site-packages_PyQt6 --> node_venv_lib_python3_12_site-packages_PyQt6_Qt6["Qt6"]\n    node_venv_lib_python3_12_site-packages_PyQt6_Qt6 --> node_venv_lib_python3_12_site-packages_PyQt6_Qt6_qml["qml"]\n    node_venv_lib_python3_12_site-packages_PyQt6_Qt6_qml --> node_venv_lib_python3_12_site-packages_PyQt6_Qt6_qml_QtQuick["QtQuick"]\n    node_venv_lib_python3_12_site-packages_PyQt6_Qt6_qml_QtQuick --> node_venv_lib_python3_12_site-packages_PyQt6_Qt6_qml_QtQuick_Controls["Controls"]\n    node_venv_lib_python3_12_site-packages_PyQt6_Qt6_qml_QtQuick_Controls --> node_venv_lib_python3_12_site-packages_PyQt6_Qt6_qml_QtQuick_Controls_FluentWinUI3["FluentWinUI3"]\n    node_venv_lib_python3_12_site-packages_PyQt6_Qt6_qml_QtQuick_Controls_FluentWinUI3 --> node_venv_lib_python3_12_site-packages_PyQt6_Qt6_qml_QtQuick_Controls_FluentWinUI3_dark["dark"]\n    node_venv_lib_python3_12_site-packages_PyQt6_Qt6_qml_QtQuick_Controls_FluentWinUI3_dark --> node_venv_lib_python3_12_site-packages_PyQt6_Qt6_qml_QtQuick_Controls_FluentWinUI3_dark_images["images"]\n    node_venv_lib_python3_12_site-packages_PyQt6_Qt6_qml_QtQuick_Controls_FluentWinUI3_dark_images --> node_venv_lib_python3_12_site-packages_PyQt6_Qt6_qml_QtQuick_Controls_FluentWinUI3_dark_images_spinbox-indicator-up-icon-down-hovered@2x_png["spinbox-indicator-up-icon-down-hovered@2x.png"]\n    Root --> node_venv["venv"]\n    node_venv --> node_venv_lib["lib"]\n    node_venv_lib --> node_venv_lib_python3_12["python3.12"]\n    node_venv_lib_python3_12 --> node_venv_lib_python3_12_site-packages["site-packages"]\n    node_venv_lib_python3_12_site-packages --> node_venv_lib_python3_12_site-packages_PyQt6["PyQt6"]\n    node_venv_lib_python3_12_site-packages_PyQt6 --> node_venv_lib_python3_12_site-packages_PyQt6_Qt6["Qt6"]\n    node_venv_lib_python3_12_site-packages_PyQt6_Qt6 --> node_venv_lib_python3_12_site-packages_PyQt6_Qt6_qml["qml"]\n    node_venv_lib_python3_12_site-packages_PyQt6_Qt6_qml --> node_venv_lib_python3_12_site-packages_PyQt6_Qt6_qml_QtQuick["QtQuick"]\n    node_venv_lib_python3_12_site-packages_PyQt6_Qt6_qml_QtQuick --> node_venv_lib_python3_12_site-packages_PyQt6_Qt6_qml_QtQuick_Controls["Controls"]\n    node_venv_lib_python3_12_site-packages_PyQt6_Qt6_qml_QtQuick_Controls --> node_venv_lib_python3_12_site-packages_PyQt6_Qt6_qml_QtQuick_Controls_FluentWinUI3["FluentWinUI3"]\n    node_venv_lib_python3_12_site-packages_PyQt6_Qt6_qml_QtQuick_Controls_FluentWinUI3 --> node_venv_lib_python3_12_site-packages_PyQt6_Qt6_qml_QtQuick_Controls_FluentWinUI3_dark["dark"]\n    node_venv_lib_python3_12_site-packages_PyQt6_Qt6_qml_QtQuick_Controls_FluentWinUI3_dark --> node_venv_lib_python3_12_site-packages_PyQt6_Qt6_qml_QtQuick_Controls_FluentWinUI3_dark_images["images"]\n    node_venv_lib_python3_12_site-packages_PyQt6_Qt6_qml_QtQuick_Controls_FluentWinUI3_dark_images --> node_venv_lib_python3_12_site-packages_PyQt6_Qt6_qml_QtQuick_Controls_FluentWinUI3_dark_images_spinbox-indicator-up-icon-down-hovered@3x_png["spinbox-indicator-up-icon-down-hovered@3x.png"]\n    Root --> node_venv["venv"]\n    node_venv --> node_venv_lib["lib"]\n    node_venv_lib --> node_venv_lib_python3_12["python3.12"]\n    node_venv_lib_python3_12 --> node_venv_lib_python3_12_site-packages["site-packages"]\n    node_venv_lib_python3_12_site-packages --> node_venv_lib_python3_12_site-packages_PyQt6["PyQt6"]\n    node_venv_lib_python3_12_site-packages_PyQt6 --> node_venv_lib_python3_12_site-packages_PyQt6_Qt6["Qt6"]\n    node_venv_lib_python3_12_site-packages_PyQt6_Qt6 --> node_venv_lib_python3_12_site-packages_PyQt6_Qt6_qml["qml"]\n    node_venv_lib_python3_12_site-packages_PyQt6_Qt6_qml --> node_venv_lib_python3_12_site-packages_PyQt6_Qt6_qml_QtQuick["QtQuick"]\n    node_venv_lib_python3_12_site-packages_PyQt6_Qt6_qml_QtQuick --> node_venv_lib_python3_12_site-packages_PyQt6_Qt6_qml_QtQuick_Controls["Controls"]\n    node_venv_lib_python3_12_site-packages_PyQt6_Qt6_qml_QtQuick_Controls --> node_venv_lib_python3_12_site-packages_PyQt6_Qt6_qml_QtQuick_Controls_FluentWinUI3["FluentWinUI3"]\n    node_venv_lib_python3_12_site-packages_PyQt6_Qt6_qml_QtQuick_Controls_FluentWinUI3 --> node_venv_lib_python3_12_site-packages_PyQt6_Qt6_qml_QtQuick_Controls_FluentWinUI3_dark["dark"]\n    node_venv_lib_python3_12_site-packages_PyQt6_Qt6_qml_QtQuick_Controls_FluentWinUI3_dark --> node_venv_lib_python3_12_site-packages_PyQt6_Qt6_qml_QtQuick_Controls_FluentWinUI3_dark_images["images"]\n    node_venv_lib_python3_12_site-packages_PyQt6_Qt6_qml_QtQuick_Controls_FluentWinUI3_dark_images --> node_venv_lib_python3_12_site-packages_PyQt6_Qt6_qml_QtQuick_Controls_FluentWinUI3_dark_images_spinbox-indicator-up-icon-down-pressed_png["spinbox-indicator-up-icon-down-pressed.png"]\n    Root --> node_venv["venv"]\n    node_venv --> node_venv_lib["lib"]\n    node_venv_lib --> node_venv_lib_python3_12["python3.12"]\n    node_venv_lib_python3_12 --> node_venv_lib_python3_12_site-packages["site-packages"]\n    node_venv_lib_python3_12_site-packages --> node_venv_lib_python3_12_site-packages_PyQt6["PyQt6"]\n    node_venv_lib_python3_12_site-packages_PyQt6 --> node_venv_lib_python3_12_site-packages_PyQt6_Qt6["Qt6"]\n    node_venv_lib_python3_12_site-packages_PyQt6_Qt6 --> node_venv_lib_python3_12_site-packages_PyQt6_Qt6_qml["qml"]\n    node_venv_lib_python3_12_site-packages_PyQt6_Qt6_qml --> node_venv_lib_python3_12_site-packages_PyQt6_Qt6_qml_QtQuick["QtQuick"]\n    node_venv_lib_python3_12_site-packages_PyQt6_Qt6_qml_QtQuick --> node_venv_lib_python3_12_site-packages_PyQt6_Qt6_qml_QtQuick_Controls["Controls"]\n    node_venv_lib_python3_12_site-packages_PyQt6_Qt6_qml_QtQuick_Controls --> node_venv_lib_python3_12_site-packages_PyQt6_Qt6_qml_QtQuick_Controls_FluentWinUI3["FluentWinUI3"]\n    node_venv_lib_python3_12_site-packages_PyQt6_Qt6_qml_QtQuick_Controls_FluentWinUI3 --> node_venv_lib_python3_12_site-packages_PyQt6_Qt6_qml_QtQuick_Controls_FluentWinUI3_dark["dark"]\n    node_venv_lib_python3_12_site-packages_PyQt6_Qt6_qml_QtQuick_Controls_FluentWinUI3_dark --> node_venv_lib_python3_12_site-packages_PyQt6_Qt6_qml_QtQuick_Controls_FluentWinUI3_dark_images["images"]\n    node_venv_lib_python3_12_site-packages_PyQt6_Qt6_qml_QtQuick_Controls_FluentWinUI3_dark_images --> node_venv_lib_python3_12_site-packages_PyQt6_Qt6_qml_QtQuick_Controls_FluentWinUI3_dark_images_spinbox-indicator-up-icon-down-pressed@2x_png["spinbox-indicator-up-icon-down-pressed@2x.png"]\n    Root --> node_venv["venv"]\n    node_venv --> node_venv_lib["lib"]\n    node_venv_lib --> node_venv_lib_python3_12["python3.12"]\n    node_venv_lib_python3_12 --> node_venv_lib_python3_12_site-packages["site-packages"]\n    node_venv_lib_python3_12_site-packages --> node_venv_lib_python3_12_site-packages_PyQt6["PyQt6"]\n    node_venv_lib_python3_12_site-packages_PyQt6 --> node_venv_lib_python3_12_site-packages_PyQt6_Qt6["Qt6"]\n    node_venv_lib_python3_12_site-packages_PyQt6_Qt6 --> node_venv_lib_python3_12_site-packages_PyQt6_Qt6_qml["qml"]\n    node_venv_lib_python3_12_site-packages_PyQt6_Qt6_qml --> node_venv_lib_python3_12_site-packages_PyQt6_Qt6_qml_QtQuick["QtQuick"]\n    node_venv_lib_python3_12_site-packages_PyQt6_Qt6_qml_QtQuick --> node_venv_lib_python3_12_site-packages_PyQt6_Qt6_qml_QtQuick_Controls["Controls"]\n    node_venv_lib_python3_12_site-packages_PyQt6_Qt6_qml_QtQuick_Controls --> node_venv_lib_python3_12_site-packages_PyQt6_Qt6_qml_QtQuick_Controls_FluentWinUI3["FluentWinUI3"]\n    node_venv_lib_python3_12_site-packages_PyQt6_Qt6_qml_QtQuick_Controls_FluentWinUI3 --> node_venv_lib_python3_12_site-packages_PyQt6_Qt6_qml_QtQuick_Controls_FluentWinUI3_dark["dark"]\n    node_venv_lib_python3_12_site-packages_PyQt6_Qt6_qml_QtQuick_Controls_FluentWinUI3_dark --> node_venv_lib_python3_12_site-packages_PyQt6_Qt6_qml_QtQuick_Controls_FluentWinUI3_dark_images["images"]\n    node_venv_lib_python3_12_site-packages_PyQt6_Qt6_qml_QtQuick_Controls_FluentWinUI3_dark_images --> node_venv_lib_python3_12_site-packages_PyQt6_Qt6_qml_QtQuick_Controls_FluentWinUI3_dark_images_spinbox-indicator-up-icon-down-pressed@3x_png["spinbox-indicator-up-icon-down-pressed@3x.png"]\n    Root --> node_venv["venv"]\n    node_venv --> node_venv_lib["lib"]\n    node_venv_lib --> node_venv_lib_python3_12["python3.12"]\n    node_venv_lib_python3_12 --> node_venv_lib_python3_12_site-packages["site-packages"]\n    node_venv_lib_python3_12_site-packages --> node_venv_lib_python3_12_site-packages_PyQt6["PyQt6"]\n    node_venv_lib_python3_12_site-packages_PyQt6 --> node_venv_lib_python3_12_site-packages_PyQt6_Qt6["Qt6"]\n    node_venv_lib_python3_12_site-packages_PyQt6_Qt6 --> node_venv_lib_python3_12_site-packages_PyQt6_Qt6_qml["qml"]\n    node_venv_lib_python3_12_site-packages_PyQt6_Qt6_qml --> node_venv_lib_python3_12_site-packages_PyQt6_Qt6_qml_QtQuick["QtQuick"]\n    node_venv_lib_python3_12_site-packages_PyQt6_Qt6_qml_QtQuick --> node_venv_lib_python3_12_site-packages_PyQt6_Qt6_qml_QtQuick_Controls["Controls"]\n    node_venv_lib_python3_12_site-packages_PyQt6_Qt6_qml_QtQuick_Controls --> node_venv_lib_python3_12_site-packages_PyQt6_Qt6_qml_QtQuick_Controls_FluentWinUI3["FluentWinUI3"]\n    node_venv_lib_python3_12_site-packages_PyQt6_Qt6_qml_QtQuick_Controls_FluentWinUI3 --> node_venv_lib_python3_12_site-packages_PyQt6_Qt6_qml_QtQuick_Controls_FluentWinUI3_dark["dark"]\n    node_venv_lib_python3_12_site-packages_PyQt6_Qt6_qml_QtQuick_Controls_FluentWinUI3_dark --> node_venv_lib_python3_12_site-packages_PyQt6_Qt6_qml_QtQuick_Controls_FluentWinUI3_dark_images["images"]\n    node_venv_lib_python3_12_site-packages_PyQt6_Qt6_qml_QtQuick_Controls_FluentWinUI3_dark_images --> node_venv_lib_python3_12_site-packages_PyQt6_Qt6_qml_QtQuick_Controls_FluentWinUI3_dark_images_spinbox-indicator-up-icon-hovered_png["spinbox-indicator-up-icon-hovered.png"]\n    Root --> node_venv["venv"]\n    node_venv --> node_venv_lib["lib"]\n    node_venv_lib --> node_venv_lib_python3_12["python3.12"]\n    node_venv_lib_python3_12 --> node_venv_lib_python3_12_site-packages["site-packages"]\n    node_venv_lib_python3_12_site-packages --> node_venv_lib_python3_12_site-packages_PyQt6["PyQt6"]\n    node_venv_lib_python3_12_site-packages_PyQt6 --> node_venv_lib_python3_12_site-packages_PyQt6_Qt6["Qt6"]\n    node_venv_lib_python3_12_site-packages_PyQt6_Qt6 --> node_venv_lib_python3_12_site-packages_PyQt6_Qt6_qml["qml"]\n    node_venv_lib_python3_12_site-packages_PyQt6_Qt6_qml --> node_venv_lib_python3_12_site-packages_PyQt6_Qt6_qml_QtQuick["QtQuick"]\n    node_venv_lib_python3_12_site-packages_PyQt6_Qt6_qml_QtQuick --> node_venv_lib_python3_12_site-packages_PyQt6_Qt6_qml_QtQuick_Controls["Controls"]\n    node_venv_lib_python3_12_site-packages_PyQt6_Qt6_qml_QtQuick_Controls --> node_venv_lib_python3_12_site-packages_PyQt6_Qt6_qml_QtQuick_Controls_FluentWinUI3["FluentWinUI3"]\n    node_venv_lib_python3_12_site-packages_PyQt6_Qt6_qml_QtQuick_Controls_FluentWinUI3 --> node_venv_lib_python3_12_site-packages_PyQt6_Qt6_qml_QtQuick_Controls_FluentWinUI3_dark["dark"]\n    node_venv_lib_python3_12_site-packages_PyQt6_Qt6_qml_QtQuick_Controls_FluentWinUI3_dark --> node_venv_lib_python3_12_site-packages_PyQt6_Qt6_qml_QtQuick_Controls_FluentWinUI3_dark_images["images"]\n    node_venv_lib_python3_12_site-packages_PyQt6_Qt6_qml_QtQuick_Controls_FluentWinUI3_dark_images --> node_venv_lib_python3_12_site-packages_PyQt6_Qt6_qml_QtQuick_Controls_FluentWinUI3_dark_images_spinbox-indicator-up-icon-hovered@2x_png["spinbox-indicator-up-icon-hovered@2x.png"]\n    Root --> node_venv["venv"]\n    node_venv --> node_venv_lib["lib"]\n    node_venv_lib --> node_venv_lib_python3_12["python3.12"]\n    node_venv_lib_python3_12 --> node_venv_lib_python3_12_site-packages["site-packages"]\n    node_venv_lib_python3_12_site-packages --> node_venv_lib_python3_12_site-packages_PyQt6["PyQt6"]\n    node_venv_lib_python3_12_site-packages_PyQt6 --> node_venv_lib_python3_12_site-packages_PyQt6_Qt6["Qt6"]\n    node_venv_lib_python3_12_site-packages_PyQt6_Qt6 --> node_venv_lib_python3_12_site-packages_PyQt6_Qt6_qml["qml"]\n    node_venv_lib_python3_12_site-packages_PyQt6_Qt6_qml --> node_venv_lib_python3_12_site-packages_PyQt6_Qt6_qml_QtQuick["QtQuick"]\n    node_venv_lib_python3_12_site-packages_PyQt6_Qt6_qml_QtQuick --> node_venv_lib_python3_12_site-packages_PyQt6_Qt6_qml_QtQuick_Controls["Controls"]\n    node_venv_lib_python3_12_site-packages_PyQt6_Qt6_qml_QtQuick_Controls --> node_venv_lib_python3_12_site-packages_PyQt6_Qt6_qml_QtQuick_Controls_FluentWinUI3["FluentWinUI3"]\n    node_venv_lib_python3_12_site-packages_PyQt6_Qt6_qml_QtQuick_Controls_FluentWinUI3 --> node_venv_lib_python3_12_site-packages_PyQt6_Qt6_qml_QtQuick_Controls_FluentWinUI3_dark["dark"]\n    node_venv_lib_python3_12_site-packages_PyQt6_Qt6_qml_QtQuick_Controls_FluentWinUI3_dark --> node_venv_lib_python3_12_site-packages_PyQt6_Qt6_qml_QtQuick_Controls_FluentWinUI3_dark_images["images"]\n    node_venv_lib_python3_12_site-packages_PyQt6_Qt6_qml_QtQuick_Controls_FluentWinUI3_dark_images --> node_venv_lib_python3_12_site-packages_PyQt6_Qt6_qml_QtQuick_Controls_FluentWinUI3_dark_images_spinbox-indicator-up-icon-hovered@3x_png["spinbox-indicator-up-icon-hovered@3x.png"]\n    Root --> node_venv["venv"]\n    node_venv --> node_venv_lib["lib"]\n    node_venv_lib --> node_venv_lib_python3_12["python3.12"]\n    node_venv_lib_python3_12 --> node_venv_lib_python3_12_site-packages["site-packages"]\n    node_venv_lib_python3_12_site-packages --> node_venv_lib_python3_12_site-packages_PyQt6["PyQt6"]\n    node_venv_lib_python3_12_site-packages_PyQt6 --> node_venv_lib_python3_12_site-packages_PyQt6_Qt6["Qt6"]\n    node_venv_lib_python3_12_site-packages_PyQt6_Qt6 --> node_venv_lib_python3_12_site-packages_PyQt6_Qt6_qml["qml"]\n    node_venv_lib_python3_12_site-packages_PyQt6_Qt6_qml --> node_venv_lib_python3_12_site-packages_PyQt6_Qt6_qml_QtQuick["QtQuick"]\n    node_venv_lib_python3_12_site-packages_PyQt6_Qt6_qml_QtQuick --> node_venv_lib_python3_12_site-packages_PyQt6_Qt6_qml_QtQuick_Controls["Controls"]\n    node_venv_lib_python3_12_site-packages_PyQt6_Qt6_qml_QtQuick_Controls --> node_venv_lib_python3_12_site-packages_PyQt6_Qt6_qml_QtQuick_Controls_FluentWinUI3["FluentWinUI3"]\n    node_venv_lib_python3_12_site-packages_PyQt6_Qt6_qml_QtQuick_Controls_FluentWinUI3 --> node_venv_lib_python3_12_site-packages_PyQt6_Qt6_qml_QtQuick_Controls_FluentWinUI3_dark["dark"]\n    node_venv_lib_python3_12_site-packages_PyQt6_Qt6_qml_QtQuick_Controls_FluentWinUI3_dark --> node_venv_lib_python3_12_site-packages_PyQt6_Qt6_qml_QtQuick_Controls_FluentWinUI3_dark_images["images"]\n    node_venv_lib_python3_12_site-packages_PyQt6_Qt6_qml_QtQuick_Controls_FluentWinUI3_dark_images --> node_venv_lib_python3_12_site-packages_PyQt6_Qt6_qml_QtQuick_Controls_FluentWinUI3_dark_images_spinbox-indicator-up-icon-up-hovered_png["spinbox-indicator-up-icon-up-hovered.png"]\n    Root --> node_venv["venv"]\n    node_venv --> node_venv_lib["lib"]\n    node_venv_lib --> node_venv_lib_python3_12["python3.12"]\n    node_venv_lib_python3_12 --> node_venv_lib_python3_12_site-packages["site-packages"]\n    node_venv_lib_python3_12_site-packages --> node_venv_lib_python3_12_site-packages_PyQt6["PyQt6"]\n    node_venv_lib_python3_12_site-packages_PyQt6 --> node_venv_lib_python3_12_site-packages_PyQt6_Qt6["Qt6"]\n    node_venv_lib_python3_12_site-packages_PyQt6_Qt6 --> node_venv_lib_python3_12_site-packages_PyQt6_Qt6_qml["qml"]\n    node_venv_lib_python3_12_site-packages_PyQt6_Qt6_qml --> node_venv_lib_python3_12_site-packages_PyQt6_Qt6_qml_QtQuick["QtQuick"]\n    node_venv_lib_python3_12_site-packages_PyQt6_Qt6_qml_QtQuick --> node_venv_lib_python3_12_site-packages_PyQt6_Qt6_qml_QtQuick_Controls["Controls"]\n    node_venv_lib_python3_12_site-packages_PyQt6_Qt6_qml_QtQuick_Controls --> node_venv_lib_python3_12_site-packages_PyQt6_Qt6_qml_QtQuick_Controls_FluentWinUI3["FluentWinUI3"]\n    node_venv_lib_python3_12_site-packages_PyQt6_Qt6_qml_QtQuick_Controls_FluentWinUI3 --> node_venv_lib_python3_12_site-packages_PyQt6_Qt6_qml_QtQuick_Controls_FluentWinUI3_dark["dark"]\n    node_venv_lib_python3_12_site-packages_PyQt6_Qt6_qml_QtQuick_Controls_FluentWinUI3_dark --> node_venv_lib_python3_12_site-packages_PyQt6_Qt6_qml_QtQuick_Controls_FluentWinUI3_dark_images["images"]\n    node_venv_lib_python3_12_site-packages_PyQt6_Qt6_qml_QtQuick_Controls_FluentWinUI3_dark_images --> node_venv_lib_python3_12_site-packages_PyQt6_Qt6_qml_QtQuick_Controls_FluentWinUI3_dark_images_spinbox-indicator-up-icon-up-hovered@2x_png["spinbox-indicator-up-icon-up-hovered@2x.png"]\n    Root --> node_venv["venv"]\n    node_venv --> node_venv_lib["lib"]\n    node_venv_lib --> node_venv_lib_python3_12["python3.12"]\n    node_venv_lib_python3_12 --> node_venv_lib_python3_12_site-packages["site-packages"]\n    node_venv_lib_python3_12_site-packages --> node_venv_lib_python3_12_site-packages_PyQt6["PyQt6"]\n    node_venv_lib_python3_12_site-packages_PyQt6 --> node_venv_lib_python3_12_site-packages_PyQt6_Qt6["Qt6"]\n    node_venv_lib_python3_12_site-packages_PyQt6_Qt6 --> node_venv_lib_python3_12_site-packages_PyQt6_Qt6_qml["qml"]\n    node_venv_lib_python3_12_site-packages_PyQt6_Qt6_qml --> node_venv_lib_python3_12_site-packages_PyQt6_Qt6_qml_QtQuick["QtQuick"]\n    node_venv_lib_python3_12_site-packages_PyQt6_Qt6_qml_QtQuick --> node_venv_lib_python3_12_site-packages_PyQt6_Qt6_qml_QtQuick_Controls["Controls"]\n    node_venv_lib_python3_12_site-packages_PyQt6_Qt6_qml_QtQuick_Controls --> node_venv_lib_python3_12_site-packages_PyQt6_Qt6_qml_QtQuick_Controls_FluentWinUI3["FluentWinUI3"]\n    node_venv_lib_python3_12_site-packages_PyQt6_Qt6_qml_QtQuick_Controls_FluentWinUI3 --> node_venv_lib_python3_12_site-packages_PyQt6_Qt6_qml_QtQuick_Controls_FluentWinUI3_dark["dark"]\n    node_venv_lib_python3_12_site-packages_PyQt6_Qt6_qml_QtQuick_Controls_FluentWinUI3_dark --> node_venv_lib_python3_12_site-packages_PyQt6_Qt6_qml_QtQuick_Controls_FluentWinUI3_dark_images["images"]\n    node_venv_lib_python3_12_site-packages_PyQt6_Qt6_qml_QtQuick_Controls_FluentWinUI3_dark_images --> node_venv_lib_python3_12_site-packages_PyQt6_Qt6_qml_QtQuick_Controls_FluentWinUI3_dark_images_spinbox-indicator-up-icon-up-hovered@3x_png["spinbox-indicator-up-icon-up-hovered@3x.png"]\n    Root --> node_venv["venv"]\n    node_venv --> node_venv_lib["lib"]\n    node_venv_lib --> node_venv_lib_python3_12["python3.12"]\n    node_venv_lib_python3_12 --> node_venv_lib_python3_12_site-packages["site-packages"]\n    node_venv_lib_python3_12_site-packages --> node_venv_lib_python3_12_site-packages_PyQt6["PyQt6"]\n    node_venv_lib_python3_12_site-packages_PyQt6 --> node_venv_lib_python3_12_site-packages_PyQt6_Qt6["Qt6"]\n    node_venv_lib_python3_12_site-packages_PyQt6_Qt6 --> node_venv_lib_python3_12_site-packages_PyQt6_Qt6_qml["qml"]\n    node_venv_lib_python3_12_site-packages_PyQt6_Qt6_qml --> node_venv_lib_python3_12_site-packages_PyQt6_Qt6_qml_QtQuick["QtQuick"]\n    node_venv_lib_python3_12_site-packages_PyQt6_Qt6_qml_QtQuick --> node_venv_lib_python3_12_site-packages_PyQt6_Qt6_qml_QtQuick_Controls["Controls"]\n    node_venv_lib_python3_12_site-packages_PyQt6_Qt6_qml_QtQuick_Controls --> node_venv_lib_python3_12_site-packages_PyQt6_Qt6_qml_QtQuick_Controls_FluentWinUI3["FluentWinUI3"]\n    node_venv_lib_python3_12_site-packages_PyQt6_Qt6_qml_QtQuick_Controls_FluentWinUI3 --> node_venv_lib_python3_12_site-packages_PyQt6_Qt6_qml_QtQuick_Controls_FluentWinUI3_dark["dark"]\n    node_venv_lib_python3_12_site-packages_PyQt6_Qt6_qml_QtQuick_Controls_FluentWinUI3_dark --> node_venv_lib_python3_12_site-packages_PyQt6_Qt6_qml_QtQuick_Controls_FluentWinUI3_dark_images["images"]\n    node_venv_lib_python3_12_site-packages_PyQt6_Qt6_qml_QtQuick_Controls_FluentWinUI3_dark_images --> node_venv_lib_python3_12_site-packages_PyQt6_Qt6_qml_QtQuick_Controls_FluentWinUI3_dark_images_spinbox-indicator-up-icon-up-pressed_png["spinbox-indicator-up-icon-up-pressed.png"]\n    Root --> node_venv["venv"]\n    node_venv --> node_venv_lib["lib"]\n    node_venv_lib --> node_venv_lib_python3_12["python3.12"]\n    node_venv_lib_python3_12 --> node_venv_lib_python3_12_site-packages["site-packages"]\n    node_venv_lib_python3_12_site-packages --> node_venv_lib_python3_12_site-packages_PyQt6["PyQt6"]\n    node_venv_lib_python3_12_site-packages_PyQt6 --> node_venv_lib_python3_12_site-packages_PyQt6_Qt6["Qt6"]\n    node_venv_lib_python3_12_site-packages_PyQt6_Qt6 --> node_venv_lib_python3_12_site-packages_PyQt6_Qt6_qml["qml"]\n    node_venv_lib_python3_12_site-packages_PyQt6_Qt6_qml --> node_venv_lib_python3_12_site-packages_PyQt6_Qt6_qml_QtQuick["QtQuick"]\n    node_venv_lib_python3_12_site-packages_PyQt6_Qt6_qml_QtQuick --> node_venv_lib_python3_12_site-packages_PyQt6_Qt6_qml_QtQuick_Controls["Controls"]\n    node_venv_lib_python3_12_site-packages_PyQt6_Qt6_qml_QtQuick_Controls --> node_venv_lib_python3_12_site-packages_PyQt6_Qt6_qml_QtQuick_Controls_FluentWinUI3["FluentWinUI3"]\n    node_venv_lib_python3_12_site-packages_PyQt6_Qt6_qml_QtQuick_Controls_FluentWinUI3 --> node_venv_lib_python3_12_site-packages_PyQt6_Qt6_qml_QtQuick_Controls_FluentWinUI3_dark["dark"]\n    node_venv_lib_python3_12_site-packages_PyQt6_Qt6_qml_QtQuick_Controls_FluentWinUI3_dark --> node_venv_lib_python3_12_site-packages_PyQt6_Qt6_qml_QtQuick_Controls_FluentWinUI3_dark_images["images"]\n    node_venv_lib_python3_12_site-packages_PyQt6_Qt6_qml_QtQuick_Controls_FluentWinUI3_dark_images --> node_venv_lib_python3_12_site-packages_PyQt6_Qt6_qml_QtQuick_Controls_FluentWinUI3_dark_images_spinbox-indicator-up-icon-up-pressed@2x_png["spinbox-indicator-up-icon-up-pressed@2x.png"]\n    Root --> node_venv["venv"]\n    node_venv --> node_venv_lib["lib"]\n    node_venv_lib --> node_venv_lib_python3_12["python3.12"]\n    node_venv_lib_python3_12 --> node_venv_lib_python3_12_site-packages["site-packages"]\n    node_venv_lib_python3_12_site-packages --> node_venv_lib_python3_12_site-packages_PyQt6["PyQt6"]\n    node_venv_lib_python3_12_site-packages_PyQt6 --> node_venv_lib_python3_12_site-packages_PyQt6_Qt6["Qt6"]\n    node_venv_lib_python3_12_site-packages_PyQt6_Qt6 --> node_venv_lib_python3_12_site-packages_PyQt6_Qt6_qml["qml"]\n    node_venv_lib_python3_12_site-packages_PyQt6_Qt6_qml --> node_venv_lib_python3_12_site-packages_PyQt6_Qt6_qml_QtQuick["QtQuick"]\n    node_venv_lib_python3_12_site-packages_PyQt6_Qt6_qml_QtQuick --> node_venv_lib_python3_12_site-packages_PyQt6_Qt6_qml_QtQuick_Controls["Controls"]\n    node_venv_lib_python3_12_site-packages_PyQt6_Qt6_qml_QtQuick_Controls --> node_venv_lib_python3_12_site-packages_PyQt6_Qt6_qml_QtQuick_Controls_FluentWinUI3["FluentWinUI3"]\n    node_venv_lib_python3_12_site-packages_PyQt6_Qt6_qml_QtQuick_Controls_FluentWinUI3 --> node_venv_lib_python3_12_site-packages_PyQt6_Qt6_qml_QtQuick_Controls_FluentWinUI3_dark["dark"]\n    node_venv_lib_python3_12_site-packages_PyQt6_Qt6_qml_QtQuick_Controls_FluentWinUI3_dark --> node_venv_lib_python3_12_site-packages_PyQt6_Qt6_qml_QtQuick_Controls_FluentWinUI3_dark_images["images"]\n    node_venv_lib_python3_12_site-packages_PyQt6_Qt6_qml_QtQuick_Controls_FluentWinUI3_dark_images --> node_venv_lib_python3_12_site-packages_PyQt6_Qt6_qml_QtQuick_Controls_FluentWinUI3_dark_images_spinbox-indicator-up-icon-up-pressed@3x_png["spinbox-indicator-up-icon-up-pressed@3x.png"]\n    Root --> node_venv["venv"]\n    node_venv --> node_venv_lib["lib"]\n    node_venv_lib --> node_venv_lib_python3_12["python3.12"]\n    node_venv_lib_python3_12 --> node_venv_lib_python3_12_site-packages["site-packages"]\n    node_venv_lib_python3_12_site-packages --> node_venv_lib_python3_12_site-packages_PyQt6["PyQt6"]\n    node_venv_lib_python3_12_site-packages_PyQt6 --> node_venv_lib_python3_12_site-packages_PyQt6_Qt6["Qt6"]\n    node_venv_lib_python3_12_site-packages_PyQt6_Qt6 --> node_venv_lib_python3_12_site-packages_PyQt6_Qt6_qml["qml"]\n    node_venv_lib_python3_12_site-packages_PyQt6_Qt6_qml --> node_venv_lib_python3_12_site-packages_PyQt6_Qt6_qml_QtQuick["QtQuick"]\n    node_venv_lib_python3_12_site-packages_PyQt6_Qt6_qml_QtQuick --> node_venv_lib_python3_12_site-packages_PyQt6_Qt6_qml_QtQuick_Controls["Controls"]\n    node_venv_lib_python3_12_site-packages_PyQt6_Qt6_qml_QtQuick_Controls --> node_venv_lib_python3_12_site-packages_PyQt6_Qt6_qml_QtQuick_Controls_FluentWinUI3["FluentWinUI3"]\n    node_venv_lib_python3_12_site-packages_PyQt6_Qt6_qml_QtQuick_Controls_FluentWinUI3 --> node_venv_lib_python3_12_site-packages_PyQt6_Qt6_qml_QtQuick_Controls_FluentWinUI3_dark["dark"]\n    node_venv_lib_python3_12_site-packages_PyQt6_Qt6_qml_QtQuick_Controls_FluentWinUI3_dark --> node_venv_lib_python3_12_site-packages_PyQt6_Qt6_qml_QtQuick_Controls_FluentWinUI3_dark_images["images"]\n    node_venv_lib_python3_12_site-packages_PyQt6_Qt6_qml_QtQuick_Controls_FluentWinUI3_dark_images --> node_venv_lib_python3_12_site-packages_PyQt6_Qt6_qml_QtQuick_Controls_FluentWinUI3_dark_images_spinbox-indicator-up-icon_png["spinbox-indicator-up-icon.png"]\n    Root --> node_venv["venv"]\n    node_venv --> node_venv_lib["lib"]\n    node_venv_lib --> node_venv_lib_python3_12["python3.12"]\n    node_venv_lib_python3_12 --> node_venv_lib_python3_12_site-packages["site-packages"]\n    node_venv_lib_python3_12_site-packages --> node_venv_lib_python3_12_site-packages_PyQt6["PyQt6"]\n    node_venv_lib_python3_12_site-packages_PyQt6 --> node_venv_lib_python3_12_site-packages_PyQt6_Qt6["Qt6"]\n    node_venv_lib_python3_12_site-packages_PyQt6_Qt6 --> node_venv_lib_python3_12_site-packages_PyQt6_Qt6_qml["qml"]\n    node_venv_lib_python3_12_site-packages_PyQt6_Qt6_qml --> node_venv_lib_python3_12_site-packages_PyQt6_Qt6_qml_QtQuick["QtQuick"]\n    node_venv_lib_python3_12_site-packages_PyQt6_Qt6_qml_QtQuick --> node_venv_lib_python3_12_site-packages_PyQt6_Qt6_qml_QtQuick_Controls["Controls"]\n    node_venv_lib_python3_12_site-packages_PyQt6_Qt6_qml_QtQuick_Controls --> node_venv_lib_python3_12_site-packages_PyQt6_Qt6_qml_QtQuick_Controls_FluentWinUI3["FluentWinUI3"]\n    node_venv_lib_python3_12_site-packages_PyQt6_Qt6_qml_QtQuick_Controls_FluentWinUI3 --> node_venv_lib_python3_12_site-packages_PyQt6_Qt6_qml_QtQuick_Controls_FluentWinUI3_dark["dark"]\n    node_venv_lib_python3_12_site-packages_PyQt6_Qt6_qml_QtQuick_Controls_FluentWinUI3_dark --> node_venv_lib_python3_12_site-packages_PyQt6_Qt6_qml_QtQuick_Controls_FluentWinUI3_dark_images["images"]\n    node_venv_lib_python3_12_site-packages_PyQt6_Qt6_qml_QtQuick_Controls_FluentWinUI3_dark_images --> node_venv_lib_python3_12_site-packages_PyQt6_Qt6_qml_QtQuick_Controls_FluentWinUI3_dark_images_spinbox-indicator-up-icon@2x_png["spinbox-indicator-up-icon@2x.png"]\n    Root --> node_venv["venv"]\n    node_venv --> node_venv_lib["lib"]\n    node_venv_lib --> node_venv_lib_python3_12["python3.12"]\n    node_venv_lib_python3_12 --> node_venv_lib_python3_12_site-packages["site-packages"]\n    node_venv_lib_python3_12_site-packages --> node_venv_lib_python3_12_site-packages_PyQt6["PyQt6"]\n    node_venv_lib_python3_12_site-packages_PyQt6 --> node_venv_lib_python3_12_site-packages_PyQt6_Qt6["Qt6"]\n    node_venv_lib_python3_12_site-packages_PyQt6_Qt6 --> node_venv_lib_python3_12_site-packages_PyQt6_Qt6_qml["qml"]\n    node_venv_lib_python3_12_site-packages_PyQt6_Qt6_qml --> node_venv_lib_python3_12_site-packages_PyQt6_Qt6_qml_QtQuick["QtQuick"]\n    node_venv_lib_python3_12_site-packages_PyQt6_Qt6_qml_QtQuick --> node_venv_lib_python3_12_site-packages_PyQt6_Qt6_qml_QtQuick_Controls["Controls"]\n    node_venv_lib_python3_12_site-packages_PyQt6_Qt6_qml_QtQuick_Controls --> node_venv_lib_python3_12_site-packages_PyQt6_Qt6_qml_QtQuick_Controls_FluentWinUI3["FluentWinUI3"]\n    node_venv_lib_python3_12_site-packages_PyQt6_Qt6_qml_QtQuick_Controls_FluentWinUI3 --> node_venv_lib_python3_12_site-packages_PyQt6_Qt6_qml_QtQuick_Controls_FluentWinUI3_dark["dark"]\n    node_venv_lib_python3_12_site-packages_PyQt6_Qt6_qml_QtQuick_Controls_FluentWinUI3_dark --> node_venv_lib_python3_12_site-packages_PyQt6_Qt6_qml_QtQuick_Controls_FluentWinUI3_dark_images["images"]\n    node_venv_lib_python3_12_site-packages_PyQt6_Qt6_qml_QtQuick_Controls_FluentWinUI3_dark_images --> node_venv_lib_python3_12_site-packages_PyQt6_Qt6_qml_QtQuick_Controls_FluentWinUI3_dark_images_spinbox-indicator-up-icon@3x_png["spinbox-indicator-up-icon@3x.png"]\n    Root --> node_venv["venv"]\n    node_venv --> node_venv_lib["lib"]\n    node_venv_lib --> node_venv_lib_python3_12["python3.12"]\n    node_venv_lib_python3_12 --> node_venv_lib_python3_12_site-packages["site-packages"]\n    node_venv_lib_python3_12_site-packages --> node_venv_lib_python3_12_site-packages_PyQt6["PyQt6"]\n    node_venv_lib_python3_12_site-packages_PyQt6 --> node_venv_lib_python3_12_site-packages_PyQt6_Qt6["Qt6"]\n    node_venv_lib_python3_12_site-packages_PyQt6_Qt6 --> node_venv_lib_python3_12_site-packages_PyQt6_Qt6_qml["qml"]\n    node_venv_lib_python3_12_site-packages_PyQt6_Qt6_qml --> node_venv_lib_python3_12_site-packages_PyQt6_Qt6_qml_QtQuick["QtQuick"]\n    node_venv_lib_python3_12_site-packages_PyQt6_Qt6_qml_QtQuick --> node_venv_lib_python3_12_site-packages_PyQt6_Qt6_qml_QtQuick_Controls["Controls"]\n    node_venv_lib_python3_12_site-packages_PyQt6_Qt6_qml_QtQuick_Controls --> node_venv_lib_python3_12_site-packages_PyQt6_Qt6_qml_QtQuick_Controls_FluentWinUI3["FluentWinUI3"]\n    node_venv_lib_python3_12_site-packages_PyQt6_Qt6_qml_QtQuick_Controls_FluentWinUI3 --> node_venv_lib_python3_12_site-packages_PyQt6_Qt6_qml_QtQuick_Controls_FluentWinUI3_dark["dark"]\n    node_venv_lib_python3_12_site-packages_PyQt6_Qt6_qml_QtQuick_Controls_FluentWinUI3_dark --> node_venv_lib_python3_12_site-packages_PyQt6_Qt6_qml_QtQuick_Controls_FluentWinUI3_dark_images["images"]\n    node_venv_lib_python3_12_site-packages_PyQt6_Qt6_qml_QtQuick_Controls_FluentWinUI3_dark_images --> node_venv_lib_python3_12_site-packages_PyQt6_Qt6_qml_QtQuick_Controls_FluentWinUI3_dark_images_textarea-background-disabled_png["textarea-background-disabled.png"]\n    Root --> node_venv["venv"]\n    node_venv --> node_venv_lib["lib"]\n    node_venv_lib --> node_venv_lib_python3_12["python3.12"]\n    node_venv_lib_python3_12 --> node_venv_lib_python3_12_site-packages["site-packages"]\n    node_venv_lib_python3_12_site-packages --> node_venv_lib_python3_12_site-packages_PyQt6["PyQt6"]\n    node_venv_lib_python3_12_site-packages_PyQt6 --> node_venv_lib_python3_12_site-packages_PyQt6_Qt6["Qt6"]\n    node_venv_lib_python3_12_site-packages_PyQt6_Qt6 --> node_venv_lib_python3_12_site-packages_PyQt6_Qt6_qml["qml"]\n    node_venv_lib_python3_12_site-packages_PyQt6_Qt6_qml --> node_venv_lib_python3_12_site-packages_PyQt6_Qt6_qml_QtQuick["QtQuick"]\n    node_venv_lib_python3_12_site-packages_PyQt6_Qt6_qml_QtQuick --> node_venv_lib_python3_12_site-packages_PyQt6_Qt6_qml_QtQuick_Controls["Controls"]\n    node_venv_lib_python3_12_site-packages_PyQt6_Qt6_qml_QtQuick_Controls --> node_venv_lib_python3_12_site-packages_PyQt6_Qt6_qml_QtQuick_Controls_FluentWinUI3["FluentWinUI3"]\n    node_venv_lib_python3_12_site-packages_PyQt6_Qt6_qml_QtQuick_Controls_FluentWinUI3 --> node_venv_lib_python3_12_site-packages_PyQt6_Qt6_qml_QtQuick_Controls_FluentWinUI3_dark["dark"]\n    node_venv_lib_python3_12_site-packages_PyQt6_Qt6_qml_QtQuick_Controls_FluentWinUI3_dark --> node_venv_lib_python3_12_site-packages_PyQt6_Qt6_qml_QtQuick_Controls_FluentWinUI3_dark_images["images"]\n    node_venv_lib_python3_12_site-packages_PyQt6_Qt6_qml_QtQuick_Controls_FluentWinUI3_dark_images --> node_venv_lib_python3_12_site-packages_PyQt6_Qt6_qml_QtQuick_Controls_FluentWinUI3_dark_images_textarea-background-disabled@2x_png["textarea-background-disabled@2x.png"]\n    Root --> node_venv["venv"]\n    node_venv --> node_venv_lib["lib"]\n    node_venv_lib --> node_venv_lib_python3_12["python3.12"]\n    node_venv_lib_python3_12 --> node_venv_lib_python3_12_site-packages["site-packages"]\n    node_venv_lib_python3_12_site-packages --> node_venv_lib_python3_12_site-packages_PyQt6["PyQt6"]\n    node_venv_lib_python3_12_site-packages_PyQt6 --> node_venv_lib_python3_12_site-packages_PyQt6_Qt6["Qt6"]\n    node_venv_lib_python3_12_site-packages_PyQt6_Qt6 --> node_venv_lib_python3_12_site-packages_PyQt6_Qt6_qml["qml"]\n    node_venv_lib_python3_12_site-packages_PyQt6_Qt6_qml --> node_venv_lib_python3_12_site-packages_PyQt6_Qt6_qml_QtQuick["QtQuick"]\n    node_venv_lib_python3_12_site-packages_PyQt6_Qt6_qml_QtQuick --> node_venv_lib_python3_12_site-packages_PyQt6_Qt6_qml_QtQuick_Controls["Controls"]\n    node_venv_lib_python3_12_site-packages_PyQt6_Qt6_qml_QtQuick_Controls --> node_venv_lib_python3_12_site-packages_PyQt6_Qt6_qml_QtQuick_Controls_FluentWinUI3["FluentWinUI3"]\n    node_venv_lib_python3_12_site-packages_PyQt6_Qt6_qml_QtQuick_Controls_FluentWinUI3 --> node_venv_lib_python3_12_site-packages_PyQt6_Qt6_qml_QtQuick_Controls_FluentWinUI3_dark["dark"]\n    node_venv_lib_python3_12_site-packages_PyQt6_Qt6_qml_QtQuick_Controls_FluentWinUI3_dark --> node_venv_lib_python3_12_site-packages_PyQt6_Qt6_qml_QtQuick_Controls_FluentWinUI3_dark_images["images"]\n    node_venv_lib_python3_12_site-packages_PyQt6_Qt6_qml_QtQuick_Controls_FluentWinUI3_dark_images --> node_venv_lib_python3_12_site-packages_PyQt6_Qt6_qml_QtQuick_Controls_FluentWinUI3_dark_images_textarea-background-disabled@3x_png["textarea-background-disabled@3x.png"]\n    Root --> node_venv["venv"]\n    node_venv --> node_venv_lib["lib"]\n    node_venv_lib --> node_venv_lib_python3_12["python3.12"]\n    node_venv_lib_python3_12 --> node_venv_lib_python3_12_site-packages["site-packages"]\n    node_venv_lib_python3_12_site-packages --> node_venv_lib_python3_12_site-packages_PyQt6["PyQt6"]\n    node_venv_lib_python3_12_site-packages_PyQt6 --> node_venv_lib_python3_12_site-packages_PyQt6_Qt6["Qt6"]\n    node_venv_lib_python3_12_site-packages_PyQt6_Qt6 --> node_venv_lib_python3_12_site-packages_PyQt6_Qt6_qml["qml"]\n    node_venv_lib_python3_12_site-packages_PyQt6_Qt6_qml --> node_venv_lib_python3_12_site-packages_PyQt6_Qt6_qml_QtQuick["QtQuick"]\n    node_venv_lib_python3_12_site-packages_PyQt6_Qt6_qml_QtQuick --> node_venv_lib_python3_12_site-packages_PyQt6_Qt6_qml_QtQuick_Controls["Controls"]\n    node_venv_lib_python3_12_site-packages_PyQt6_Qt6_qml_QtQuick_Controls --> node_venv_lib_python3_12_site-packages_PyQt6_Qt6_qml_QtQuick_Controls_FluentWinUI3["FluentWinUI3"]\n    node_venv_lib_python3_12_site-packages_PyQt6_Qt6_qml_QtQuick_Controls_FluentWinUI3 --> node_venv_lib_python3_12_site-packages_PyQt6_Qt6_qml_QtQuick_Controls_FluentWinUI3_dark["dark"]\n    node_venv_lib_python3_12_site-packages_PyQt6_Qt6_qml_QtQuick_Controls_FluentWinUI3_dark --> node_venv_lib_python3_12_site-packages_PyQt6_Qt6_qml_QtQuick_Controls_FluentWinUI3_dark_images["images"]\n    node_venv_lib_python3_12_site-packages_PyQt6_Qt6_qml_QtQuick_Controls_FluentWinUI3_dark_images --> node_venv_lib_python3_12_site-packages_PyQt6_Qt6_qml_QtQuick_Controls_FluentWinUI3_dark_images_textarea-background-focused_png["textarea-background-focused.png"]\n    Root --> node_venv["venv"]\n    node_venv --> node_venv_lib["lib"]\n    node_venv_lib --> node_venv_lib_python3_12["python3.12"]\n    node_venv_lib_python3_12 --> node_venv_lib_python3_12_site-packages["site-packages"]\n    node_venv_lib_python3_12_site-packages --> node_venv_lib_python3_12_site-packages_PyQt6["PyQt6"]\n    node_venv_lib_python3_12_site-packages_PyQt6 --> node_venv_lib_python3_12_site-packages_PyQt6_Qt6["Qt6"]\n    node_venv_lib_python3_12_site-packages_PyQt6_Qt6 --> node_venv_lib_python3_12_site-packages_PyQt6_Qt6_qml["qml"]\n    node_venv_lib_python3_12_site-packages_PyQt6_Qt6_qml --> node_venv_lib_python3_12_site-packages_PyQt6_Qt6_qml_QtQuick["QtQuick"]\n    node_venv_lib_python3_12_site-packages_PyQt6_Qt6_qml_QtQuick --> node_venv_lib_python3_12_site-packages_PyQt6_Qt6_qml_QtQuick_Controls["Controls"]\n    node_venv_lib_python3_12_site-packages_PyQt6_Qt6_qml_QtQuick_Controls --> node_venv_lib_python3_12_site-packages_PyQt6_Qt6_qml_QtQuick_Controls_FluentWinUI3["FluentWinUI3"]\n    node_venv_lib_python3_12_site-packages_PyQt6_Qt6_qml_QtQuick_Controls_FluentWinUI3 --> node_venv_lib_python3_12_site-packages_PyQt6_Qt6_qml_QtQuick_Controls_FluentWinUI3_dark["dark"]\n    node_venv_lib_python3_12_site-packages_PyQt6_Qt6_qml_QtQuick_Controls_FluentWinUI3_dark --> node_venv_lib_python3_12_site-packages_PyQt6_Qt6_qml_QtQuick_Controls_FluentWinUI3_dark_images["images"]\n    node_venv_lib_python3_12_site-packages_PyQt6_Qt6_qml_QtQuick_Controls_FluentWinUI3_dark_images --> node_venv_lib_python3_12_site-packages_PyQt6_Qt6_qml_QtQuick_Controls_FluentWinUI3_dark_images_textarea-background-focused@2x_png["textarea-background-focused@2x.png"]\n    Root --> node_venv["venv"]\n    node_venv --> node_venv_lib["lib"]\n    node_venv_lib --> node_venv_lib_python3_12["python3.12"]\n    node_venv_lib_python3_12 --> node_venv_lib_python3_12_site-packages["site-packages"]\n    node_venv_lib_python3_12_site-packages --> node_venv_lib_python3_12_site-packages_PyQt6["PyQt6"]\n    node_venv_lib_python3_12_site-packages_PyQt6 --> node_venv_lib_python3_12_site-packages_PyQt6_Qt6["Qt6"]\n    node_venv_lib_python3_12_site-packages_PyQt6_Qt6 --> node_venv_lib_python3_12_site-packages_PyQt6_Qt6_qml["qml"]\n    node_venv_lib_python3_12_site-packages_PyQt6_Qt6_qml --> node_venv_lib_python3_12_site-packages_PyQt6_Qt6_qml_QtQuick["QtQuick"]\n    node_venv_lib_python3_12_site-packages_PyQt6_Qt6_qml_QtQuick --> node_venv_lib_python3_12_site-packages_PyQt6_Qt6_qml_QtQuick_Controls["Controls"]\n    node_venv_lib_python3_12_site-packages_PyQt6_Qt6_qml_QtQuick_Controls --> node_venv_lib_python3_12_site-packages_PyQt6_Qt6_qml_QtQuick_Controls_FluentWinUI3["FluentWinUI3"]\n    node_venv_lib_python3_12_site-packages_PyQt6_Qt6_qml_QtQuick_Controls_FluentWinUI3 --> node_venv_lib_python3_12_site-packages_PyQt6_Qt6_qml_QtQuick_Controls_FluentWinUI3_dark["dark"]\n    node_venv_lib_python3_12_site-packages_PyQt6_Qt6_qml_QtQuick_Controls_FluentWinUI3_dark --> node_venv_lib_python3_12_site-packages_PyQt6_Qt6_qml_QtQuick_Controls_FluentWinUI3_dark_images["images"]\n    node_venv_lib_python3_12_site-packages_PyQt6_Qt6_qml_QtQuick_Controls_FluentWinUI3_dark_images --> node_venv_lib_python3_12_site-packages_PyQt6_Qt6_qml_QtQuick_Controls_FluentWinUI3_dark_images_textarea-background-focused@3x_png["textarea-background-focused@3x.png"]\n    Root --> node_venv["venv"]\n    node_venv --> node_venv_lib["lib"]\n    node_venv_lib --> node_venv_lib_python3_12["python3.12"]\n    node_venv_lib_python3_12 --> node_venv_lib_python3_12_site-packages["site-packages"]\n    node_venv_lib_python3_12_site-packages --> node_venv_lib_python3_12_site-packages_PyQt6["PyQt6"]\n    node_venv_lib_python3_12_site-packages_PyQt6 --> node_venv_lib_python3_12_site-packages_PyQt6_Qt6["Qt6"]\n    node_venv_lib_python3_12_site-packages_PyQt6_Qt6 --> node_venv_lib_python3_12_site-packages_PyQt6_Qt6_qml["qml"]\n    node_venv_lib_python3_12_site-packages_PyQt6_Qt6_qml --> node_venv_lib_python3_12_site-packages_PyQt6_Qt6_qml_QtQuick["QtQuick"]\n    node_venv_lib_python3_12_site-packages_PyQt6_Qt6_qml_QtQuick --> node_venv_lib_python3_12_site-packages_PyQt6_Qt6_qml_QtQuick_Controls["Controls"]\n    node_venv_lib_python3_12_site-packages_PyQt6_Qt6_qml_QtQuick_Controls --> node_venv_lib_python3_12_site-packages_PyQt6_Qt6_qml_QtQuick_Controls_FluentWinUI3["FluentWinUI3"]\n    node_venv_lib_python3_12_site-packages_PyQt6_Qt6_qml_QtQuick_Controls_FluentWinUI3 --> node_venv_lib_python3_12_site-packages_PyQt6_Qt6_qml_QtQuick_Controls_FluentWinUI3_dark["dark"]\n    node_venv_lib_python3_12_site-packages_PyQt6_Qt6_qml_QtQuick_Controls_FluentWinUI3_dark --> node_venv_lib_python3_12_site-packages_PyQt6_Qt6_qml_QtQuick_Controls_FluentWinUI3_dark_images["images"]\n    node_venv_lib_python3_12_site-packages_PyQt6_Qt6_qml_QtQuick_Controls_FluentWinUI3_dark_images --> node_venv_lib_python3_12_site-packages_PyQt6_Qt6_qml_QtQuick_Controls_FluentWinUI3_dark_images_textarea-background-hovered_png["textarea-background-hovered.png"]\n    Root --> node_venv["venv"]\n    node_venv --> node_venv_lib["lib"]\n    node_venv_lib --> node_venv_lib_python3_12["python3.12"]\n    node_venv_lib_python3_12 --> node_venv_lib_python3_12_site-packages["site-packages"]\n    node_venv_lib_python3_12_site-packages --> node_venv_lib_python3_12_site-packages_PyQt6["PyQt6"]\n    node_venv_lib_python3_12_site-packages_PyQt6 --> node_venv_lib_python3_12_site-packages_PyQt6_Qt6["Qt6"]\n    node_venv_lib_python3_12_site-packages_PyQt6_Qt6 --> node_venv_lib_python3_12_site-packages_PyQt6_Qt6_qml["qml"]\n    node_venv_lib_python3_12_site-packages_PyQt6_Qt6_qml --> node_venv_lib_python3_12_site-packages_PyQt6_Qt6_qml_QtQuick["QtQuick"]\n    node_venv_lib_python3_12_site-packages_PyQt6_Qt6_qml_QtQuick --> node_venv_lib_python3_12_site-packages_PyQt6_Qt6_qml_QtQuick_Controls["Controls"]\n    node_venv_lib_python3_12_site-packages_PyQt6_Qt6_qml_QtQuick_Controls --> node_venv_lib_python3_12_site-packages_PyQt6_Qt6_qml_QtQuick_Controls_FluentWinUI3["FluentWinUI3"]\n    node_venv_lib_python3_12_site-packages_PyQt6_Qt6_qml_QtQuick_Controls_FluentWinUI3 --> node_venv_lib_python3_12_site-packages_PyQt6_Qt6_qml_QtQuick_Controls_FluentWinUI3_dark["dark"]\n    node_venv_lib_python3_12_site-packages_PyQt6_Qt6_qml_QtQuick_Controls_FluentWinUI3_dark --> node_venv_lib_python3_12_site-packages_PyQt6_Qt6_qml_QtQuick_Controls_FluentWinUI3_dark_images["images"]\n    node_venv_lib_python3_12_site-packages_PyQt6_Qt6_qml_QtQuick_Controls_FluentWinUI3_dark_images --> node_venv_lib_python3_12_site-packages_PyQt6_Qt6_qml_QtQuick_Controls_FluentWinUI3_dark_images_textarea-background-hovered@2x_png["textarea-background-hovered@2x.png"]\n    Root --> node_venv["venv"]\n    node_venv --> node_venv_lib["lib"]\n    node_venv_lib --> node_venv_lib_python3_12["python3.12"]\n    node_venv_lib_python3_12 --> node_venv_lib_python3_12_site-packages["site-packages"]\n    node_venv_lib_python3_12_site-packages --> node_venv_lib_python3_12_site-packages_PyQt6["PyQt6"]\n    node_venv_lib_python3_12_site-packages_PyQt6 --> node_venv_lib_python3_12_site-packages_PyQt6_Qt6["Qt6"]\n    node_venv_lib_python3_12_site-packages_PyQt6_Qt6 --> node_venv_lib_python3_12_site-packages_PyQt6_Qt6_qml["qml"]\n    node_venv_lib_python3_12_site-packages_PyQt6_Qt6_qml --> node_venv_lib_python3_12_site-packages_PyQt6_Qt6_qml_QtQuick["QtQuick"]\n    node_venv_lib_python3_12_site-packages_PyQt6_Qt6_qml_QtQuick --> node_venv_lib_python3_12_site-packages_PyQt6_Qt6_qml_QtQuick_Controls["Controls"]\n    node_venv_lib_python3_12_site-packages_PyQt6_Qt6_qml_QtQuick_Controls --> node_venv_lib_python3_12_site-packages_PyQt6_Qt6_qml_QtQuick_Controls_FluentWinUI3["FluentWinUI3"]\n    node_venv_lib_python3_12_site-packages_PyQt6_Qt6_qml_QtQuick_Controls_FluentWinUI3 --> node_venv_lib_python3_12_site-packages_PyQt6_Qt6_qml_QtQuick_Controls_FluentWinUI3_dark["dark"]\n    node_venv_lib_python3_12_site-packages_PyQt6_Qt6_qml_QtQuick_Controls_FluentWinUI3_dark --> node_venv_lib_python3_12_site-packages_PyQt6_Qt6_qml_QtQuick_Controls_FluentWinUI3_dark_images["images"]\n    node_venv_lib_python3_12_site-packages_PyQt6_Qt6_qml_QtQuick_Controls_FluentWinUI3_dark_images --> node_venv_lib_python3_12_site-packages_PyQt6_Qt6_qml_QtQuick_Controls_FluentWinUI3_dark_images_textarea-background-hovered@3x_png["textarea-background-hovered@3x.png"]\n    Root --> node_venv["venv"]\n    node_venv --> node_venv_lib["lib"]\n    node_venv_lib --> node_venv_lib_python3_12["python3.12"]\n    node_venv_lib_python3_12 --> node_venv_lib_python3_12_site-packages["site-packages"]\n    node_venv_lib_python3_12_site-packages --> node_venv_lib_python3_12_site-packages_PyQt6["PyQt6"]\n    node_venv_lib_python3_12_site-packages_PyQt6 --> node_venv_lib_python3_12_site-packages_PyQt6_Qt6["Qt6"]\n    node_venv_lib_python3_12_site-packages_PyQt6_Qt6 --> node_venv_lib_python3_12_site-packages_PyQt6_Qt6_qml["qml"]\n    node_venv_lib_python3_12_site-packages_PyQt6_Qt6_qml --> node_venv_lib_python3_12_site-packages_PyQt6_Qt6_qml_QtQuick["QtQuick"]\n    node_venv_lib_python3_12_site-packages_PyQt6_Qt6_qml_QtQuick --> node_venv_lib_python3_12_site-packages_PyQt6_Qt6_qml_QtQuick_Controls["Controls"]\n    node_venv_lib_python3_12_site-packages_PyQt6_Qt6_qml_QtQuick_Controls --> node_venv_lib_python3_12_site-packages_PyQt6_Qt6_qml_QtQuick_Controls_FluentWinUI3["FluentWinUI3"]\n    node_venv_lib_python3_12_site-packages_PyQt6_Qt6_qml_QtQuick_Controls_FluentWinUI3 --> node_venv_lib_python3_12_site-packages_PyQt6_Qt6_qml_QtQuick_Controls_FluentWinUI3_dark["dark"]\n    node_venv_lib_python3_12_site-packages_PyQt6_Qt6_qml_QtQuick_Controls_FluentWinUI3_dark --> node_venv_lib_python3_12_site-packages_PyQt6_Qt6_qml_QtQuick_Controls_FluentWinUI3_dark_images["images"]\n    node_venv_lib_python3_12_site-packages_PyQt6_Qt6_qml_QtQuick_Controls_FluentWinUI3_dark_images --> node_venv_lib_python3_12_site-packages_PyQt6_Qt6_qml_QtQuick_Controls_FluentWinUI3_dark_images_textarea-background_png["textarea-background.png"]\n    Root --> node_venv["venv"]\n    node_venv --> node_venv_lib["lib"]\n    node_venv_lib --> node_venv_lib_python3_12["python3.12"]\n    node_venv_lib_python3_12 --> node_venv_lib_python3_12_site-packages["site-packages"]\n    node_venv_lib_python3_12_site-packages --> node_venv_lib_python3_12_site-packages_PyQt6["PyQt6"]\n    node_venv_lib_python3_12_site-packages_PyQt6 --> node_venv_lib_python3_12_site-packages_PyQt6_Qt6["Qt6"]\n    node_venv_lib_python3_12_site-packages_PyQt6_Qt6 --> node_venv_lib_python3_12_site-packages_PyQt6_Qt6_qml["qml"]\n    node_venv_lib_python3_12_site-packages_PyQt6_Qt6_qml --> node_venv_lib_python3_12_site-packages_PyQt6_Qt6_qml_QtQuick["QtQuick"]\n    node_venv_lib_python3_12_site-packages_PyQt6_Qt6_qml_QtQuick --> node_venv_lib_python3_12_site-packages_PyQt6_Qt6_qml_QtQuick_Controls["Controls"]\n    node_venv_lib_python3_12_site-packages_PyQt6_Qt6_qml_QtQuick_Controls --> node_venv_lib_python3_12_site-packages_PyQt6_Qt6_qml_QtQuick_Controls_FluentWinUI3["FluentWinUI3"]\n    node_venv_lib_python3_12_site-packages_PyQt6_Qt6_qml_QtQuick_Controls_FluentWinUI3 --> node_venv_lib_python3_12_site-packages_PyQt6_Qt6_qml_QtQuick_Controls_FluentWinUI3_dark["dark"]\n    node_venv_lib_python3_12_site-packages_PyQt6_Qt6_qml_QtQuick_Controls_FluentWinUI3_dark --> node_venv_lib_python3_12_site-packages_PyQt6_Qt6_qml_QtQuick_Controls_FluentWinUI3_dark_images["images"]\n    node_venv_lib_python3_12_site-packages_PyQt6_Qt6_qml_QtQuick_Controls_FluentWinUI3_dark_images --> node_venv_lib_python3_12_site-packages_PyQt6_Qt6_qml_QtQuick_Controls_FluentWinUI3_dark_images_textarea-background@2x_png["textarea-background@2x.png"]\n    Root --> node_venv["venv"]\n    node_venv --> node_venv_lib["lib"]\n    node_venv_lib --> node_venv_lib_python3_12["python3.12"]\n    node_venv_lib_python3_12 --> node_venv_lib_python3_12_site-packages["site-packages"]\n    node_venv_lib_python3_12_site-packages --> node_venv_lib_python3_12_site-packages_PyQt6["PyQt6"]\n    node_venv_lib_python3_12_site-packages_PyQt6 --> node_venv_lib_python3_12_site-packages_PyQt6_Qt6["Qt6"]\n    node_venv_lib_python3_12_site-packages_PyQt6_Qt6 --> node_venv_lib_python3_12_site-packages_PyQt6_Qt6_qml["qml"]\n    node_venv_lib_python3_12_site-packages_PyQt6_Qt6_qml --> node_venv_lib_python3_12_site-packages_PyQt6_Qt6_qml_QtQuick["QtQuick"]\n    node_venv_lib_python3_12_site-packages_PyQt6_Qt6_qml_QtQuick --> node_venv_lib_python3_12_site-packages_PyQt6_Qt6_qml_QtQuick_Controls["Controls"]\n    node_venv_lib_python3_12_site-packages_PyQt6_Qt6_qml_QtQuick_Controls --> node_venv_lib_python3_12_site-packages_PyQt6_Qt6_qml_QtQuick_Controls_FluentWinUI3["FluentWinUI3"]\n    node_venv_lib_python3_12_site-packages_PyQt6_Qt6_qml_QtQuick_Controls_FluentWinUI3 --> node_venv_lib_python3_12_site-packages_PyQt6_Qt6_qml_QtQuick_Controls_FluentWinUI3_dark["dark"]\n    node_venv_lib_python3_12_site-packages_PyQt6_Qt6_qml_QtQuick_Controls_FluentWinUI3_dark --> node_venv_lib_python3_12_site-packages_PyQt6_Qt6_qml_QtQuick_Controls_FluentWinUI3_dark_images["images"]\n    node_venv_lib_python3_12_site-packages_PyQt6_Qt6_qml_QtQuick_Controls_FluentWinUI3_dark_images --> node_venv_lib_python3_12_site-packages_PyQt6_Qt6_qml_QtQuick_Controls_FluentWinUI3_dark_images_textarea-background@3x_png["textarea-background@3x.png"]\n    Root --> node_venv["venv"]\n    node_venv --> node_venv_lib["lib"]\n    node_venv_lib --> node_venv_lib_python3_12["python3.12"]\n    node_venv_lib_python3_12 --> node_venv_lib_python3_12_site-packages["site-packages"]\n    node_venv_lib_python3_12_site-packages --> node_venv_lib_python3_12_site-packages_PyQt6["PyQt6"]\n    node_venv_lib_python3_12_site-packages_PyQt6 --> node_venv_lib_python3_12_site-packages_PyQt6_Qt6["Qt6"]\n    node_venv_lib_python3_12_site-packages_PyQt6_Qt6 --> node_venv_lib_python3_12_site-packages_PyQt6_Qt6_qml["qml"]\n    node_venv_lib_python3_12_site-packages_PyQt6_Qt6_qml --> node_venv_lib_python3_12_site-packages_PyQt6_Qt6_qml_QtQuick["QtQuick"]\n    node_venv_lib_python3_12_site-packages_PyQt6_Qt6_qml_QtQuick --> node_venv_lib_python3_12_site-packages_PyQt6_Qt6_qml_QtQuick_Controls["Controls"]\n    node_venv_lib_python3_12_site-packages_PyQt6_Qt6_qml_QtQuick_Controls --> node_venv_lib_python3_12_site-packages_PyQt6_Qt6_qml_QtQuick_Controls_FluentWinUI3["FluentWinUI3"]\n    node_venv_lib_python3_12_site-packages_PyQt6_Qt6_qml_QtQuick_Controls_FluentWinUI3 --> node_venv_lib_python3_12_site-packages_PyQt6_Qt6_qml_QtQuick_Controls_FluentWinUI3_dark["dark"]\n    node_venv_lib_python3_12_site-packages_PyQt6_Qt6_qml_QtQuick_Controls_FluentWinUI3_dark --> node_venv_lib_python3_12_site-packages_PyQt6_Qt6_qml_QtQuick_Controls_FluentWinUI3_dark_images["images"]\n    node_venv_lib_python3_12_site-packages_PyQt6_Qt6_qml_QtQuick_Controls_FluentWinUI3_dark_images --> node_venv_lib_python3_12_site-packages_PyQt6_Qt6_qml_QtQuick_Controls_FluentWinUI3_dark_images_textfield-background-disabled_png["textfield-background-disabled.png"]\n    Root --> node_venv["venv"]\n    node_venv --> node_venv_lib["lib"]\n    node_venv_lib --> node_venv_lib_python3_12["python3.12"]\n    node_venv_lib_python3_12 --> node_venv_lib_python3_12_site-packages["site-packages"]\n    node_venv_lib_python3_12_site-packages --> node_venv_lib_python3_12_site-packages_PyQt6["PyQt6"]\n    node_venv_lib_python3_12_site-packages_PyQt6 --> node_venv_lib_python3_12_site-packages_PyQt6_Qt6["Qt6"]\n    node_venv_lib_python3_12_site-packages_PyQt6_Qt6 --> node_venv_lib_python3_12_site-packages_PyQt6_Qt6_qml["qml"]\n    node_venv_lib_python3_12_site-packages_PyQt6_Qt6_qml --> node_venv_lib_python3_12_site-packages_PyQt6_Qt6_qml_QtQuick["QtQuick"]\n    node_venv_lib_python3_12_site-packages_PyQt6_Qt6_qml_QtQuick --> node_venv_lib_python3_12_site-packages_PyQt6_Qt6_qml_QtQuick_Controls["Controls"]\n    node_venv_lib_python3_12_site-packages_PyQt6_Qt6_qml_QtQuick_Controls --> node_venv_lib_python3_12_site-packages_PyQt6_Qt6_qml_QtQuick_Controls_FluentWinUI3["FluentWinUI3"]\n    node_venv_lib_python3_12_site-packages_PyQt6_Qt6_qml_QtQuick_Controls_FluentWinUI3 --> node_venv_lib_python3_12_site-packages_PyQt6_Qt6_qml_QtQuick_Controls_FluentWinUI3_dark["dark"]\n    node_venv_lib_python3_12_site-packages_PyQt6_Qt6_qml_QtQuick_Controls_FluentWinUI3_dark --> node_venv_lib_python3_12_site-packages_PyQt6_Qt6_qml_QtQuick_Controls_FluentWinUI3_dark_images["images"]\n    node_venv_lib_python3_12_site-packages_PyQt6_Qt6_qml_QtQuick_Controls_FluentWinUI3_dark_images --> node_venv_lib_python3_12_site-packages_PyQt6_Qt6_qml_QtQuick_Controls_FluentWinUI3_dark_images_textfield-background-disabled@2x_png["textfield-background-disabled@2x.png"]\n    Root --> node_venv["venv"]\n    node_venv --> node_venv_lib["lib"]\n    node_venv_lib --> node_venv_lib_python3_12["python3.12"]\n    node_venv_lib_python3_12 --> node_venv_lib_python3_12_site-packages["site-packages"]\n    node_venv_lib_python3_12_site-packages --> node_venv_lib_python3_12_site-packages_PyQt6["PyQt6"]\n    node_venv_lib_python3_12_site-packages_PyQt6 --> node_venv_lib_python3_12_site-packages_PyQt6_Qt6["Qt6"]\n    node_venv_lib_python3_12_site-packages_PyQt6_Qt6 --> node_venv_lib_python3_12_site-packages_PyQt6_Qt6_qml["qml"]\n    node_venv_lib_python3_12_site-packages_PyQt6_Qt6_qml --> node_venv_lib_python3_12_site-packages_PyQt6_Qt6_qml_QtQuick["QtQuick"]\n    node_venv_lib_python3_12_site-packages_PyQt6_Qt6_qml_QtQuick --> node_venv_lib_python3_12_site-packages_PyQt6_Qt6_qml_QtQuick_Controls["Controls"]\n    node_venv_lib_python3_12_site-packages_PyQt6_Qt6_qml_QtQuick_Controls --> node_venv_lib_python3_12_site-packages_PyQt6_Qt6_qml_QtQuick_Controls_FluentWinUI3["FluentWinUI3"]\n    node_venv_lib_python3_12_site-packages_PyQt6_Qt6_qml_QtQuick_Controls_FluentWinUI3 --> node_venv_lib_python3_12_site-packages_PyQt6_Qt6_qml_QtQuick_Controls_FluentWinUI3_dark["dark"]\n    node_venv_lib_python3_12_site-packages_PyQt6_Qt6_qml_QtQuick_Controls_FluentWinUI3_dark --> node_venv_lib_python3_12_site-packages_PyQt6_Qt6_qml_QtQuick_Controls_FluentWinUI3_dark_images["images"]\n    node_venv_lib_python3_12_site-packages_PyQt6_Qt6_qml_QtQuick_Controls_FluentWinUI3_dark_images --> node_venv_lib_python3_12_site-packages_PyQt6_Qt6_qml_QtQuick_Controls_FluentWinUI3_dark_images_textfield-background-disabled@3x_png["textfield-background-disabled@3x.png"]\n    Root --> node_venv["venv"]\n    node_venv --> node_venv_lib["lib"]\n    node_venv_lib --> node_venv_lib_python3_12["python3.12"]\n    node_venv_lib_python3_12 --> node_venv_lib_python3_12_site-packages["site-packages"]\n    node_venv_lib_python3_12_site-packages --> node_venv_lib_python3_12_site-packages_PyQt6["PyQt6"]\n    node_venv_lib_python3_12_site-packages_PyQt6 --> node_venv_lib_python3_12_site-packages_PyQt6_Qt6["Qt6"]\n    node_venv_lib_python3_12_site-packages_PyQt6_Qt6 --> node_venv_lib_python3_12_site-packages_PyQt6_Qt6_qml["qml"]\n    node_venv_lib_python3_12_site-packages_PyQt6_Qt6_qml --> node_venv_lib_python3_12_site-packages_PyQt6_Qt6_qml_QtQuick["QtQuick"]\n    node_venv_lib_python3_12_site-packages_PyQt6_Qt6_qml_QtQuick --> node_venv_lib_python3_12_site-packages_PyQt6_Qt6_qml_QtQuick_Controls["Controls"]\n    node_venv_lib_python3_12_site-packages_PyQt6_Qt6_qml_QtQuick_Controls --> node_venv_lib_python3_12_site-packages_PyQt6_Qt6_qml_QtQuick_Controls_FluentWinUI3["FluentWinUI3"]\n    node_venv_lib_python3_12_site-packages_PyQt6_Qt6_qml_QtQuick_Controls_FluentWinUI3 --> node_venv_lib_python3_12_site-packages_PyQt6_Qt6_qml_QtQuick_Controls_FluentWinUI3_dark["dark"]\n    node_venv_lib_python3_12_site-packages_PyQt6_Qt6_qml_QtQuick_Controls_FluentWinUI3_dark --> node_venv_lib_python3_12_site-packages_PyQt6_Qt6_qml_QtQuick_Controls_FluentWinUI3_dark_images["images"]\n    node_venv_lib_python3_12_site-packages_PyQt6_Qt6_qml_QtQuick_Controls_FluentWinUI3_dark_images --> node_venv_lib_python3_12_site-packages_PyQt6_Qt6_qml_QtQuick_Controls_FluentWinUI3_dark_images_textfield-background-focused_png["textfield-background-focused.png"]\n    Root --> node_venv["venv"]\n    node_venv --> node_venv_lib["lib"]\n    node_venv_lib --> node_venv_lib_python3_12["python3.12"]\n    node_venv_lib_python3_12 --> node_venv_lib_python3_12_site-packages["site-packages"]\n    node_venv_lib_python3_12_site-packages --> node_venv_lib_python3_12_site-packages_PyQt6["PyQt6"]\n    node_venv_lib_python3_12_site-packages_PyQt6 --> node_venv_lib_python3_12_site-packages_PyQt6_Qt6["Qt6"]\n    node_venv_lib_python3_12_site-packages_PyQt6_Qt6 --> node_venv_lib_python3_12_site-packages_PyQt6_Qt6_qml["qml"]\n    node_venv_lib_python3_12_site-packages_PyQt6_Qt6_qml --> node_venv_lib_python3_12_site-packages_PyQt6_Qt6_qml_QtQuick["QtQuick"]\n    node_venv_lib_python3_12_site-packages_PyQt6_Qt6_qml_QtQuick --> node_venv_lib_python3_12_site-packages_PyQt6_Qt6_qml_QtQuick_Controls["Controls"]\n    node_venv_lib_python3_12_site-packages_PyQt6_Qt6_qml_QtQuick_Controls --> node_venv_lib_python3_12_site-packages_PyQt6_Qt6_qml_QtQuick_Controls_FluentWinUI3["FluentWinUI3"]\n    node_venv_lib_python3_12_site-packages_PyQt6_Qt6_qml_QtQuick_Controls_FluentWinUI3 --> node_venv_lib_python3_12_site-packages_PyQt6_Qt6_qml_QtQuick_Controls_FluentWinUI3_dark["dark"]\n    node_venv_lib_python3_12_site-packages_PyQt6_Qt6_qml_QtQuick_Controls_FluentWinUI3_dark --> node_venv_lib_python3_12_site-packages_PyQt6_Qt6_qml_QtQuick_Controls_FluentWinUI3_dark_images["images"]\n    node_venv_lib_python3_12_site-packages_PyQt6_Qt6_qml_QtQuick_Controls_FluentWinUI3_dark_images --> node_venv_lib_python3_12_site-packages_PyQt6_Qt6_qml_QtQuick_Controls_FluentWinUI3_dark_images_textfield-background-focused@2x_png["textfield-background-focused@2x.png"]\n    Root --> node_venv["venv"]\n    node_venv --> node_venv_lib["lib"]\n    node_venv_lib --> node_venv_lib_python3_12["python3.12"]\n    node_venv_lib_python3_12 --> node_venv_lib_python3_12_site-packages["site-packages"]\n    node_venv_lib_python3_12_site-packages --> node_venv_lib_python3_12_site-packages_PyQt6["PyQt6"]\n    node_venv_lib_python3_12_site-packages_PyQt6 --> node_venv_lib_python3_12_site-packages_PyQt6_Qt6["Qt6"]\n    node_venv_lib_python3_12_site-packages_PyQt6_Qt6 --> node_venv_lib_python3_12_site-packages_PyQt6_Qt6_qml["qml"]\n    node_venv_lib_python3_12_site-packages_PyQt6_Qt6_qml --> node_venv_lib_python3_12_site-packages_PyQt6_Qt6_qml_QtQuick["QtQuick"]\n    node_venv_lib_python3_12_site-packages_PyQt6_Qt6_qml_QtQuick --> node_venv_lib_python3_12_site-packages_PyQt6_Qt6_qml_QtQuick_Controls["Controls"]\n    node_venv_lib_python3_12_site-packages_PyQt6_Qt6_qml_QtQuick_Controls --> node_venv_lib_python3_12_site-packages_PyQt6_Qt6_qml_QtQuick_Controls_FluentWinUI3["FluentWinUI3"]\n    node_venv_lib_python3_12_site-packages_PyQt6_Qt6_qml_QtQuick_Controls_FluentWinUI3 --> node_venv_lib_python3_12_site-packages_PyQt6_Qt6_qml_QtQuick_Controls_FluentWinUI3_dark["dark"]\n    node_venv_lib_python3_12_site-packages_PyQt6_Qt6_qml_QtQuick_Controls_FluentWinUI3_dark --> node_venv_lib_python3_12_site-packages_PyQt6_Qt6_qml_QtQuick_Controls_FluentWinUI3_dark_images["images"]\n    node_venv_lib_python3_12_site-packages_PyQt6_Qt6_qml_QtQuick_Controls_FluentWinUI3_dark_images --> node_venv_lib_python3_12_site-packages_PyQt6_Qt6_qml_QtQuick_Controls_FluentWinUI3_dark_images_textfield-background-focused@3x_png["textfield-background-focused@3x.png"]\n    Root --> node_venv["venv"]\n    node_venv --> node_venv_lib["lib"]\n    node_venv_lib --> node_venv_lib_python3_12["python3.12"]\n    node_venv_lib_python3_12 --> node_venv_lib_python3_12_site-packages["site-packages"]\n    node_venv_lib_python3_12_site-packages --> node_venv_lib_python3_12_site-packages_PyQt6["PyQt6"]\n    node_venv_lib_python3_12_site-packages_PyQt6 --> node_venv_lib_python3_12_site-packages_PyQt6_Qt6["Qt6"]\n    node_venv_lib_python3_12_site-packages_PyQt6_Qt6 --> node_venv_lib_python3_12_site-packages_PyQt6_Qt6_qml["qml"]\n    node_venv_lib_python3_12_site-packages_PyQt6_Qt6_qml --> node_venv_lib_python3_12_site-packages_PyQt6_Qt6_qml_QtQuick["QtQuick"]\n    node_venv_lib_python3_12_site-packages_PyQt6_Qt6_qml_QtQuick --> node_venv_lib_python3_12_site-packages_PyQt6_Qt6_qml_QtQuick_Controls["Controls"]\n    node_venv_lib_python3_12_site-packages_PyQt6_Qt6_qml_QtQuick_Controls --> node_venv_lib_python3_12_site-packages_PyQt6_Qt6_qml_QtQuick_Controls_FluentWinUI3["FluentWinUI3"]\n    node_venv_lib_python3_12_site-packages_PyQt6_Qt6_qml_QtQuick_Controls_FluentWinUI3 --> node_venv_lib_python3_12_site-packages_PyQt6_Qt6_qml_QtQuick_Controls_FluentWinUI3_dark["dark"]\n    node_venv_lib_python3_12_site-packages_PyQt6_Qt6_qml_QtQuick_Controls_FluentWinUI3_dark --> node_venv_lib_python3_12_site-packages_PyQt6_Qt6_qml_QtQuick_Controls_FluentWinUI3_dark_images["images"]\n    node_venv_lib_python3_12_site-packages_PyQt6_Qt6_qml_QtQuick_Controls_FluentWinUI3_dark_images --> node_venv_lib_python3_12_site-packages_PyQt6_Qt6_qml_QtQuick_Controls_FluentWinUI3_dark_images_textfield-background-hovered_png["textfield-background-hovered.png"]\n    Root --> node_venv["venv"]\n    node_venv --> node_venv_lib["lib"]\n    node_venv_lib --> node_venv_lib_python3_12["python3.12"]\n    node_venv_lib_python3_12 --> node_venv_lib_python3_12_site-packages["site-packages"]\n    node_venv_lib_python3_12_site-packages --> node_venv_lib_python3_12_site-packages_PyQt6["PyQt6"]\n    node_venv_lib_python3_12_site-packages_PyQt6 --> node_venv_lib_python3_12_site-packages_PyQt6_Qt6["Qt6"]\n    node_venv_lib_python3_12_site-packages_PyQt6_Qt6 --> node_venv_lib_python3_12_site-packages_PyQt6_Qt6_qml["qml"]\n    node_venv_lib_python3_12_site-packages_PyQt6_Qt6_qml --> node_venv_lib_python3_12_site-packages_PyQt6_Qt6_qml_QtQuick["QtQuick"]\n    node_venv_lib_python3_12_site-packages_PyQt6_Qt6_qml_QtQuick --> node_venv_lib_python3_12_site-packages_PyQt6_Qt6_qml_QtQuick_Controls["Controls"]\n    node_venv_lib_python3_12_site-packages_PyQt6_Qt6_qml_QtQuick_Controls --> node_venv_lib_python3_12_site-packages_PyQt6_Qt6_qml_QtQuick_Controls_FluentWinUI3["FluentWinUI3"]\n    node_venv_lib_python3_12_site-packages_PyQt6_Qt6_qml_QtQuick_Controls_FluentWinUI3 --> node_venv_lib_python3_12_site-packages_PyQt6_Qt6_qml_QtQuick_Controls_FluentWinUI3_dark["dark"]\n    node_venv_lib_python3_12_site-packages_PyQt6_Qt6_qml_QtQuick_Controls_FluentWinUI3_dark --> node_venv_lib_python3_12_site-packages_PyQt6_Qt6_qml_QtQuick_Controls_FluentWinUI3_dark_images["images"]\n    node_venv_lib_python3_12_site-packages_PyQt6_Qt6_qml_QtQuick_Controls_FluentWinUI3_dark_images --> node_venv_lib_python3_12_site-packages_PyQt6_Qt6_qml_QtQuick_Controls_FluentWinUI3_dark_images_textfield-background-hovered@2x_png["textfield-background-hovered@2x.png"]\n    Root --> node_venv["venv"]\n    node_venv --> node_venv_lib["lib"]\n    node_venv_lib --> node_venv_lib_python3_12["python3.12"]\n    node_venv_lib_python3_12 --> node_venv_lib_python3_12_site-packages["site-packages"]\n    node_venv_lib_python3_12_site-packages --> node_venv_lib_python3_12_site-packages_PyQt6["PyQt6"]\n    node_venv_lib_python3_12_site-packages_PyQt6 --> node_venv_lib_python3_12_site-packages_PyQt6_Qt6["Qt6"]\n    node_venv_lib_python3_12_site-packages_PyQt6_Qt6 --> node_venv_lib_python3_12_site-packages_PyQt6_Qt6_qml["qml"]\n    node_venv_lib_python3_12_site-packages_PyQt6_Qt6_qml --> node_venv_lib_python3_12_site-packages_PyQt6_Qt6_qml_QtQuick["QtQuick"]\n    node_venv_lib_python3_12_site-packages_PyQt6_Qt6_qml_QtQuick --> node_venv_lib_python3_12_site-packages_PyQt6_Qt6_qml_QtQuick_Controls["Controls"]\n    node_venv_lib_python3_12_site-packages_PyQt6_Qt6_qml_QtQuick_Controls --> node_venv_lib_python3_12_site-packages_PyQt6_Qt6_qml_QtQuick_Controls_FluentWinUI3["FluentWinUI3"]\n    node_venv_lib_python3_12_site-packages_PyQt6_Qt6_qml_QtQuick_Controls_FluentWinUI3 --> node_venv_lib_python3_12_site-packages_PyQt6_Qt6_qml_QtQuick_Controls_FluentWinUI3_dark["dark"]\n    node_venv_lib_python3_12_site-packages_PyQt6_Qt6_qml_QtQuick_Controls_FluentWinUI3_dark --> node_venv_lib_python3_12_site-packages_PyQt6_Qt6_qml_QtQuick_Controls_FluentWinUI3_dark_images["images"]\n    node_venv_lib_python3_12_site-packages_PyQt6_Qt6_qml_QtQuick_Controls_FluentWinUI3_dark_images --> node_venv_lib_python3_12_site-packages_PyQt6_Qt6_qml_QtQuick_Controls_FluentWinUI3_dark_images_textfield-background-hovered@3x_png["textfield-background-hovered@3x.png"]\n    Root --> node_venv["venv"]\n    node_venv --> node_venv_lib["lib"]\n    node_venv_lib --> node_venv_lib_python3_12["python3.12"]\n    node_venv_lib_python3_12 --> node_venv_lib_python3_12_site-packages["site-packages"]\n    node_venv_lib_python3_12_site-packages --> node_venv_lib_python3_12_site-packages_PyQt6["PyQt6"]\n    node_venv_lib_python3_12_site-packages_PyQt6 --> node_venv_lib_python3_12_site-packages_PyQt6_Qt6["Qt6"]\n    node_venv_lib_python3_12_site-packages_PyQt6_Qt6 --> node_venv_lib_python3_12_site-packages_PyQt6_Qt6_qml["qml"]\n    node_venv_lib_python3_12_site-packages_PyQt6_Qt6_qml --> node_venv_lib_python3_12_site-packages_PyQt6_Qt6_qml_QtQuick["QtQuick"]\n    node_venv_lib_python3_12_site-packages_PyQt6_Qt6_qml_QtQuick --> node_venv_lib_python3_12_site-packages_PyQt6_Qt6_qml_QtQuick_Controls["Controls"]\n    node_venv_lib_python3_12_site-packages_PyQt6_Qt6_qml_QtQuick_Controls --> node_venv_lib_python3_12_site-packages_PyQt6_Qt6_qml_QtQuick_Controls_FluentWinUI3["FluentWinUI3"]\n    node_venv_lib_python3_12_site-packages_PyQt6_Qt6_qml_QtQuick_Controls_FluentWinUI3 --> node_venv_lib_python3_12_site-packages_PyQt6_Qt6_qml_QtQuick_Controls_FluentWinUI3_dark["dark"]\n    node_venv_lib_python3_12_site-packages_PyQt6_Qt6_qml_QtQuick_Controls_FluentWinUI3_dark --> node_venv_lib_python3_12_site-packages_PyQt6_Qt6_qml_QtQuick_Controls_FluentWinUI3_dark_images["images"]\n    node_venv_lib_python3_12_site-packages_PyQt6_Qt6_qml_QtQuick_Controls_FluentWinUI3_dark_images --> node_venv_lib_python3_12_site-packages_PyQt6_Qt6_qml_QtQuick_Controls_FluentWinUI3_dark_images_textfield-background_png["textfield-background.png"]\n    Root --> node_venv["venv"]\n    node_venv --> node_venv_lib["lib"]\n    node_venv_lib --> node_venv_lib_python3_12["python3.12"]\n    node_venv_lib_python3_12 --> node_venv_lib_python3_12_site-packages["site-packages"]\n    node_venv_lib_python3_12_site-packages --> node_venv_lib_python3_12_site-packages_PyQt6["PyQt6"]\n    node_venv_lib_python3_12_site-packages_PyQt6 --> node_venv_lib_python3_12_site-packages_PyQt6_Qt6["Qt6"]\n    node_venv_lib_python3_12_site-packages_PyQt6_Qt6 --> node_venv_lib_python3_12_site-packages_PyQt6_Qt6_qml["qml"]\n    node_venv_lib_python3_12_site-packages_PyQt6_Qt6_qml --> node_venv_lib_python3_12_site-packages_PyQt6_Qt6_qml_QtQuick["QtQuick"]\n    node_venv_lib_python3_12_site-packages_PyQt6_Qt6_qml_QtQuick --> node_venv_lib_python3_12_site-packages_PyQt6_Qt6_qml_QtQuick_Controls["Controls"]\n    node_venv_lib_python3_12_site-packages_PyQt6_Qt6_qml_QtQuick_Controls --> node_venv_lib_python3_12_site-packages_PyQt6_Qt6_qml_QtQuick_Controls_FluentWinUI3["FluentWinUI3"]\n    node_venv_lib_python3_12_site-packages_PyQt6_Qt6_qml_QtQuick_Controls_FluentWinUI3 --> node_venv_lib_python3_12_site-packages_PyQt6_Qt6_qml_QtQuick_Controls_FluentWinUI3_dark["dark"]\n    node_venv_lib_python3_12_site-packages_PyQt6_Qt6_qml_QtQuick_Controls_FluentWinUI3_dark --> node_venv_lib_python3_12_site-packages_PyQt6_Qt6_qml_QtQuick_Controls_FluentWinUI3_dark_images["images"]\n    node_venv_lib_python3_12_site-packages_PyQt6_Qt6_qml_QtQuick_Controls_FluentWinUI3_dark_images --> node_venv_lib_python3_12_site-packages_PyQt6_Qt6_qml_QtQuick_Controls_FluentWinUI3_dark_images_textfield-background@2x_png["textfield-background@2x.png"]\n    Root --> node_venv["venv"]\n    node_venv --> node_venv_lib["lib"]\n    node_venv_lib --> node_venv_lib_python3_12["python3.12"]\n    node_venv_lib_python3_12 --> node_venv_lib_python3_12_site-packages["site-packages"]\n    node_venv_lib_python3_12_site-packages --> node_venv_lib_python3_12_site-packages_PyQt6["PyQt6"]\n    node_venv_lib_python3_12_site-packages_PyQt6 --> node_venv_lib_python3_12_site-packages_PyQt6_Qt6["Qt6"]\n    node_venv_lib_python3_12_site-packages_PyQt6_Qt6 --> node_venv_lib_python3_12_site-packages_PyQt6_Qt6_qml["qml"]\n    node_venv_lib_python3_12_site-packages_PyQt6_Qt6_qml --> node_venv_lib_python3_12_site-packages_PyQt6_Qt6_qml_QtQuick["QtQuick"]\n    node_venv_lib_python3_12_site-packages_PyQt6_Qt6_qml_QtQuick --> node_venv_lib_python3_12_site-packages_PyQt6_Qt6_qml_QtQuick_Controls["Controls"]\n    node_venv_lib_python3_12_site-packages_PyQt6_Qt6_qml_QtQuick_Controls --> node_venv_lib_python3_12_site-packages_PyQt6_Qt6_qml_QtQuick_Controls_FluentWinUI3["FluentWinUI3"]\n    node_venv_lib_python3_12_site-packages_PyQt6_Qt6_qml_QtQuick_Controls_FluentWinUI3 --> node_venv_lib_python3_12_site-packages_PyQt6_Qt6_qml_QtQuick_Controls_FluentWinUI3_dark["dark"]\n    node_venv_lib_python3_12_site-packages_PyQt6_Qt6_qml_QtQuick_Controls_FluentWinUI3_dark --> node_venv_lib_python3_12_site-packages_PyQt6_Qt6_qml_QtQuick_Controls_FluentWinUI3_dark_images["images"]\n    node_venv_lib_python3_12_site-packages_PyQt6_Qt6_qml_QtQuick_Controls_FluentWinUI3_dark_images --> node_venv_lib_python3_12_site-packages_PyQt6_Qt6_qml_QtQuick_Controls_FluentWinUI3_dark_images_textfield-background@3x_png["textfield-background@3x.png"]\n    Root --> node_venv["venv"]\n    node_venv --> node_venv_lib["lib"]\n    node_venv_lib --> node_venv_lib_python3_12["python3.12"]\n    node_venv_lib_python3_12 --> node_venv_lib_python3_12_site-packages["site-packages"]\n    node_venv_lib_python3_12_site-packages --> node_venv_lib_python3_12_site-packages_PyQt6["PyQt6"]\n    node_venv_lib_python3_12_site-packages_PyQt6 --> node_venv_lib_python3_12_site-packages_PyQt6_Qt6["Qt6"]\n    node_venv_lib_python3_12_site-packages_PyQt6_Qt6 --> node_venv_lib_python3_12_site-packages_PyQt6_Qt6_qml["qml"]\n    node_venv_lib_python3_12_site-packages_PyQt6_Qt6_qml --> node_venv_lib_python3_12_site-packages_PyQt6_Qt6_qml_QtQuick["QtQuick"]\n    node_venv_lib_python3_12_site-packages_PyQt6_Qt6_qml_QtQuick --> node_venv_lib_python3_12_site-packages_PyQt6_Qt6_qml_QtQuick_Controls["Controls"]\n    node_venv_lib_python3_12_site-packages_PyQt6_Qt6_qml_QtQuick_Controls --> node_venv_lib_python3_12_site-packages_PyQt6_Qt6_qml_QtQuick_Controls_macOS["macOS"]\n    node_venv_lib_python3_12_site-packages_PyQt6_Qt6_qml_QtQuick_Controls_macOS --> node_venv_lib_python3_12_site-packages_PyQt6_Qt6_qml_QtQuick_Controls_macOS_BusyIndicator_qml["BusyIndicator.qml"]\n    Root --> node_venv["venv"]\n    node_venv --> node_venv_lib["lib"]\n    node_venv_lib --> node_venv_lib_python3_12["python3.12"]\n    node_venv_lib_python3_12 --> node_venv_lib_python3_12_site-packages["site-packages"]\n    node_venv_lib_python3_12_site-packages --> node_venv_lib_python3_12_site-packages_PyQt6["PyQt6"]\n    node_venv_lib_python3_12_site-packages_PyQt6 --> node_venv_lib_python3_12_site-packages_PyQt6_Qt6["Qt6"]\n    node_venv_lib_python3_12_site-packages_PyQt6_Qt6 --> node_venv_lib_python3_12_site-packages_PyQt6_Qt6_qml["qml"]\n    node_venv_lib_python3_12_site-packages_PyQt6_Qt6_qml --> node_venv_lib_python3_12_site-packages_PyQt6_Qt6_qml_QtQuick["QtQuick"]\n    node_venv_lib_python3_12_site-packages_PyQt6_Qt6_qml_QtQuick --> node_venv_lib_python3_12_site-packages_PyQt6_Qt6_qml_QtQuick_Controls["Controls"]\n    node_venv_lib_python3_12_site-packages_PyQt6_Qt6_qml_QtQuick_Controls --> node_venv_lib_python3_12_site-packages_PyQt6_Qt6_qml_QtQuick_Controls_macOS["macOS"]\n    node_venv_lib_python3_12_site-packages_PyQt6_Qt6_qml_QtQuick_Controls_macOS --> node_venv_lib_python3_12_site-packages_PyQt6_Qt6_qml_QtQuick_Controls_macOS_Button_qml["Button.qml"]\n    Root --> node_venv["venv"]\n    node_venv --> node_venv_lib["lib"]\n    node_venv_lib --> node_venv_lib_python3_12["python3.12"]\n    node_venv_lib_python3_12 --> node_venv_lib_python3_12_site-packages["site-packages"]\n    node_venv_lib_python3_12_site-packages --> node_venv_lib_python3_12_site-packages_PyQt6["PyQt6"]\n    node_venv_lib_python3_12_site-packages_PyQt6 --> node_venv_lib_python3_12_site-packages_PyQt6_Qt6["Qt6"]\n    node_venv_lib_python3_12_site-packages_PyQt6_Qt6 --> node_venv_lib_python3_12_site-packages_PyQt6_Qt6_qml["qml"]\n    node_venv_lib_python3_12_site-packages_PyQt6_Qt6_qml --> node_venv_lib_python3_12_site-packages_PyQt6_Qt6_qml_QtQuick["QtQuick"]\n    node_venv_lib_python3_12_site-packages_PyQt6_Qt6_qml_QtQuick --> node_venv_lib_python3_12_site-packages_PyQt6_Qt6_qml_QtQuick_Controls["Controls"]\n    node_venv_lib_python3_12_site-packages_PyQt6_Qt6_qml_QtQuick_Controls --> node_venv_lib_python3_12_site-packages_PyQt6_Qt6_qml_QtQuick_Controls_macOS["macOS"]\n    node_venv_lib_python3_12_site-packages_PyQt6_Qt6_qml_QtQuick_Controls_macOS --> node_venv_lib_python3_12_site-packages_PyQt6_Qt6_qml_QtQuick_Controls_macOS_CheckBox_qml["CheckBox.qml"]\n    Root --> node_venv["venv"]\n    node_venv --> node_venv_lib["lib"]\n    node_venv_lib --> node_venv_lib_python3_12["python3.12"]\n    node_venv_lib_python3_12 --> node_venv_lib_python3_12_site-packages["site-packages"]\n    node_venv_lib_python3_12_site-packages --> node_venv_lib_python3_12_site-packages_PyQt6["PyQt6"]\n    node_venv_lib_python3_12_site-packages_PyQt6 --> node_venv_lib_python3_12_site-packages_PyQt6_Qt6["Qt6"]\n    node_venv_lib_python3_12_site-packages_PyQt6_Qt6 --> node_venv_lib_python3_12_site-packages_PyQt6_Qt6_qml["qml"]\n    node_venv_lib_python3_12_site-packages_PyQt6_Qt6_qml --> node_venv_lib_python3_12_site-packages_PyQt6_Qt6_qml_QtQuick["QtQuick"]\n    node_venv_lib_python3_12_site-packages_PyQt6_Qt6_qml_QtQuick --> node_venv_lib_python3_12_site-packages_PyQt6_Qt6_qml_QtQuick_Controls["Controls"]\n    node_venv_lib_python3_12_site-packages_PyQt6_Qt6_qml_QtQuick_Controls --> node_venv_lib_python3_12_site-packages_PyQt6_Qt6_qml_QtQuick_Controls_macOS["macOS"]\n    node_venv_lib_python3_12_site-packages_PyQt6_Qt6_qml_QtQuick_Controls_macOS --> node_venv_lib_python3_12_site-packages_PyQt6_Qt6_qml_QtQuick_Controls_macOS_CheckDelegate_qml["CheckDelegate.qml"]\n    Root --> node_venv["venv"]\n    node_venv --> node_venv_lib["lib"]\n    node_venv_lib --> node_venv_lib_python3_12["python3.12"]\n    node_venv_lib_python3_12 --> node_venv_lib_python3_12_site-packages["site-packages"]\n    node_venv_lib_python3_12_site-packages --> node_venv_lib_python3_12_site-packages_PyQt6["PyQt6"]\n    node_venv_lib_python3_12_site-packages_PyQt6 --> node_venv_lib_python3_12_site-packages_PyQt6_Qt6["Qt6"]\n    node_venv_lib_python3_12_site-packages_PyQt6_Qt6 --> node_venv_lib_python3_12_site-packages_PyQt6_Qt6_qml["qml"]\n    node_venv_lib_python3_12_site-packages_PyQt6_Qt6_qml --> node_venv_lib_python3_12_site-packages_PyQt6_Qt6_qml_QtQuick["QtQuick"]\n    node_venv_lib_python3_12_site-packages_PyQt6_Qt6_qml_QtQuick --> node_venv_lib_python3_12_site-packages_PyQt6_Qt6_qml_QtQuick_Controls["Controls"]\n    node_venv_lib_python3_12_site-packages_PyQt6_Qt6_qml_QtQuick_Controls --> node_venv_lib_python3_12_site-packages_PyQt6_Qt6_qml_QtQuick_Controls_macOS["macOS"]\n    node_venv_lib_python3_12_site-packages_PyQt6_Qt6_qml_QtQuick_Controls_macOS --> node_venv_lib_python3_12_site-packages_PyQt6_Qt6_qml_QtQuick_Controls_macOS_ComboBox_qml["ComboBox.qml"]\n    Root --> node_venv["venv"]\n    node_venv --> node_venv_lib["lib"]\n    node_venv_lib --> node_venv_lib_python3_12["python3.12"]\n    node_venv_lib_python3_12 --> node_venv_lib_python3_12_site-packages["site-packages"]\n    node_venv_lib_python3_12_site-packages --> node_venv_lib_python3_12_site-packages_PyQt6["PyQt6"]\n    node_venv_lib_python3_12_site-packages_PyQt6 --> node_venv_lib_python3_12_site-packages_PyQt6_Qt6["Qt6"]\n    node_venv_lib_python3_12_site-packages_PyQt6_Qt6 --> node_venv_lib_python3_12_site-packages_PyQt6_Qt6_qml["qml"]\n    node_venv_lib_python3_12_site-packages_PyQt6_Qt6_qml --> node_venv_lib_python3_12_site-packages_PyQt6_Qt6_qml_QtQuick["QtQuick"]\n    node_venv_lib_python3_12_site-packages_PyQt6_Qt6_qml_QtQuick --> node_venv_lib_python3_12_site-packages_PyQt6_Qt6_qml_QtQuick_Controls["Controls"]\n    node_venv_lib_python3_12_site-packages_PyQt6_Qt6_qml_QtQuick_Controls --> node_venv_lib_python3_12_site-packages_PyQt6_Qt6_qml_QtQuick_Controls_macOS["macOS"]\n    node_venv_lib_python3_12_site-packages_PyQt6_Qt6_qml_QtQuick_Controls_macOS --> node_venv_lib_python3_12_site-packages_PyQt6_Qt6_qml_QtQuick_Controls_macOS_DelayButton_qml["DelayButton.qml"]\n    Root --> node_venv["venv"]\n    node_venv --> node_venv_lib["lib"]\n    node_venv_lib --> node_venv_lib_python3_12["python3.12"]\n    node_venv_lib_python3_12 --> node_venv_lib_python3_12_site-packages["site-packages"]\n    node_venv_lib_python3_12_site-packages --> node_venv_lib_python3_12_site-packages_PyQt6["PyQt6"]\n    node_venv_lib_python3_12_site-packages_PyQt6 --> node_venv_lib_python3_12_site-packages_PyQt6_Qt6["Qt6"]\n    node_venv_lib_python3_12_site-packages_PyQt6_Qt6 --> node_venv_lib_python3_12_site-packages_PyQt6_Qt6_qml["qml"]\n    node_venv_lib_python3_12_site-packages_PyQt6_Qt6_qml --> node_venv_lib_python3_12_site-packages_PyQt6_Qt6_qml_QtQuick["QtQuick"]\n    node_venv_lib_python3_12_site-packages_PyQt6_Qt6_qml_QtQuick --> node_venv_lib_python3_12_site-packages_PyQt6_Qt6_qml_QtQuick_Controls["Controls"]\n    node_venv_lib_python3_12_site-packages_PyQt6_Qt6_qml_QtQuick_Controls --> node_venv_lib_python3_12_site-packages_PyQt6_Qt6_qml_QtQuick_Controls_macOS["macOS"]\n    node_venv_lib_python3_12_site-packages_PyQt6_Qt6_qml_QtQuick_Controls_macOS --> node_venv_lib_python3_12_site-packages_PyQt6_Qt6_qml_QtQuick_Controls_macOS_Dial_qml["Dial.qml"]\n    Root --> node_venv["venv"]\n    node_venv --> node_venv_lib["lib"]\n    node_venv_lib --> node_venv_lib_python3_12["python3.12"]\n    node_venv_lib_python3_12 --> node_venv_lib_python3_12_site-packages["site-packages"]\n    node_venv_lib_python3_12_site-packages --> node_venv_lib_python3_12_site-packages_PyQt6["PyQt6"]\n    node_venv_lib_python3_12_site-packages_PyQt6 --> node_venv_lib_python3_12_site-packages_PyQt6_Qt6["Qt6"]\n    node_venv_lib_python3_12_site-packages_PyQt6_Qt6 --> node_venv_lib_python3_12_site-packages_PyQt6_Qt6_qml["qml"]\n    node_venv_lib_python3_12_site-packages_PyQt6_Qt6_qml --> node_venv_lib_python3_12_site-packages_PyQt6_Qt6_qml_QtQuick["QtQuick"]\n    node_venv_lib_python3_12_site-packages_PyQt6_Qt6_qml_QtQuick --> node_venv_lib_python3_12_site-packages_PyQt6_Qt6_qml_QtQuick_Controls["Controls"]\n    node_venv_lib_python3_12_site-packages_PyQt6_Qt6_qml_QtQuick_Controls --> node_venv_lib_python3_12_site-packages_PyQt6_Qt6_qml_QtQuick_Controls_macOS["macOS"]\n    node_venv_lib_python3_12_site-packages_PyQt6_Qt6_qml_QtQuick_Controls_macOS --> node_venv_lib_python3_12_site-packages_PyQt6_Qt6_qml_QtQuick_Controls_macOS_Dialog_qml["Dialog.qml"]\n    Root --> node_venv["venv"]\n    node_venv --> node_venv_lib["lib"]\n    node_venv_lib --> node_venv_lib_python3_12["python3.12"]\n    node_venv_lib_python3_12 --> node_venv_lib_python3_12_site-packages["site-packages"]\n    node_venv_lib_python3_12_site-packages --> node_venv_lib_python3_12_site-packages_PyQt6["PyQt6"]\n    node_venv_lib_python3_12_site-packages_PyQt6 --> node_venv_lib_python3_12_site-packages_PyQt6_Qt6["Qt6"]\n    node_venv_lib_python3_12_site-packages_PyQt6_Qt6 --> node_venv_lib_python3_12_site-packages_PyQt6_Qt6_qml["qml"]\n    node_venv_lib_python3_12_site-packages_PyQt6_Qt6_qml --> node_venv_lib_python3_12_site-packages_PyQt6_Qt6_qml_QtQuick["QtQuick"]\n    node_venv_lib_python3_12_site-packages_PyQt6_Qt6_qml_QtQuick --> node_venv_lib_python3_12_site-packages_PyQt6_Qt6_qml_QtQuick_Controls["Controls"]\n    node_venv_lib_python3_12_site-packages_PyQt6_Qt6_qml_QtQuick_Controls --> node_venv_lib_python3_12_site-packages_PyQt6_Qt6_qml_QtQuick_Controls_macOS["macOS"]\n    node_venv_lib_python3_12_site-packages_PyQt6_Qt6_qml_QtQuick_Controls_macOS --> node_venv_lib_python3_12_site-packages_PyQt6_Qt6_qml_QtQuick_Controls_macOS_DialogButtonBox_qml["DialogButtonBox.qml"]\n    Root --> node_venv["venv"]\n    node_venv --> node_venv_lib["lib"]\n    node_venv_lib --> node_venv_lib_python3_12["python3.12"]\n    node_venv_lib_python3_12 --> node_venv_lib_python3_12_site-packages["site-packages"]\n    node_venv_lib_python3_12_site-packages --> node_venv_lib_python3_12_site-packages_PyQt6["PyQt6"]\n    node_venv_lib_python3_12_site-packages_PyQt6 --> node_venv_lib_python3_12_site-packages_PyQt6_Qt6["Qt6"]\n    node_venv_lib_python3_12_site-packages_PyQt6_Qt6 --> node_venv_lib_python3_12_site-packages_PyQt6_Qt6_qml["qml"]\n    node_venv_lib_python3_12_site-packages_PyQt6_Qt6_qml --> node_venv_lib_python3_12_site-packages_PyQt6_Qt6_qml_QtQuick["QtQuick"]\n    node_venv_lib_python3_12_site-packages_PyQt6_Qt6_qml_QtQuick --> node_venv_lib_python3_12_site-packages_PyQt6_Qt6_qml_QtQuick_Controls["Controls"]\n    node_venv_lib_python3_12_site-packages_PyQt6_Qt6_qml_QtQuick_Controls --> node_venv_lib_python3_12_site-packages_PyQt6_Qt6_qml_QtQuick_Controls_macOS["macOS"]\n    node_venv_lib_python3_12_site-packages_PyQt6_Qt6_qml_QtQuick_Controls_macOS --> node_venv_lib_python3_12_site-packages_PyQt6_Qt6_qml_QtQuick_Controls_macOS_Frame_qml["Frame.qml"]\n    Root --> node_venv["venv"]\n    node_venv --> node_venv_lib["lib"]\n    node_venv_lib --> node_venv_lib_python3_12["python3.12"]\n    node_venv_lib_python3_12 --> node_venv_lib_python3_12_site-packages["site-packages"]\n    node_venv_lib_python3_12_site-packages --> node_venv_lib_python3_12_site-packages_PyQt6["PyQt6"]\n    node_venv_lib_python3_12_site-packages_PyQt6 --> node_venv_lib_python3_12_site-packages_PyQt6_Qt6["Qt6"]\n    node_venv_lib_python3_12_site-packages_PyQt6_Qt6 --> node_venv_lib_python3_12_site-packages_PyQt6_Qt6_qml["qml"]\n    node_venv_lib_python3_12_site-packages_PyQt6_Qt6_qml --> node_venv_lib_python3_12_site-packages_PyQt6_Qt6_qml_QtQuick["QtQuick"]\n    node_venv_lib_python3_12_site-packages_PyQt6_Qt6_qml_QtQuick --> node_venv_lib_python3_12_site-packages_PyQt6_Qt6_qml_QtQuick_Controls["Controls"]\n    node_venv_lib_python3_12_site-packages_PyQt6_Qt6_qml_QtQuick_Controls --> node_venv_lib_python3_12_site-packages_PyQt6_Qt6_qml_QtQuick_Controls_macOS["macOS"]\n    node_venv_lib_python3_12_site-packages_PyQt6_Qt6_qml_QtQuick_Controls_macOS --> node_venv_lib_python3_12_site-packages_PyQt6_Qt6_qml_QtQuick_Controls_macOS_GroupBox_qml["GroupBox.qml"]\n    Root --> node_venv["venv"]\n    node_venv --> node_venv_lib["lib"]\n    node_venv_lib --> node_venv_lib_python3_12["python3.12"]\n    node_venv_lib_python3_12 --> node_venv_lib_python3_12_site-packages["site-packages"]\n    node_venv_lib_python3_12_site-packages --> node_venv_lib_python3_12_site-packages_PyQt6["PyQt6"]\n    node_venv_lib_python3_12_site-packages_PyQt6 --> node_venv_lib_python3_12_site-packages_PyQt6_Qt6["Qt6"]\n    node_venv_lib_python3_12_site-packages_PyQt6_Qt6 --> node_venv_lib_python3_12_site-packages_PyQt6_Qt6_qml["qml"]\n    node_venv_lib_python3_12_site-packages_PyQt6_Qt6_qml --> node_venv_lib_python3_12_site-packages_PyQt6_Qt6_qml_QtQuick["QtQuick"]\n    node_venv_lib_python3_12_site-packages_PyQt6_Qt6_qml_QtQuick --> node_venv_lib_python3_12_site-packages_PyQt6_Qt6_qml_QtQuick_Controls["Controls"]\n    node_venv_lib_python3_12_site-packages_PyQt6_Qt6_qml_QtQuick_Controls --> node_venv_lib_python3_12_site-packages_PyQt6_Qt6_qml_QtQuick_Controls_macOS["macOS"]\n    node_venv_lib_python3_12_site-packages_PyQt6_Qt6_qml_QtQuick_Controls_macOS --> node_venv_lib_python3_12_site-packages_PyQt6_Qt6_qml_QtQuick_Controls_macOS_ItemDelegate_qml["ItemDelegate.qml"]\n    Root --> node_venv["venv"]\n    node_venv --> node_venv_lib["lib"]\n    node_venv_lib --> node_venv_lib_python3_12["python3.12"]\n    node_venv_lib_python3_12 --> node_venv_lib_python3_12_site-packages["site-packages"]\n    node_venv_lib_python3_12_site-packages --> node_venv_lib_python3_12_site-packages_PyQt6["PyQt6"]\n    node_venv_lib_python3_12_site-packages_PyQt6 --> node_venv_lib_python3_12_site-packages_PyQt6_Qt6["Qt6"]\n    node_venv_lib_python3_12_site-packages_PyQt6_Qt6 --> node_venv_lib_python3_12_site-packages_PyQt6_Qt6_qml["qml"]\n    node_venv_lib_python3_12_site-packages_PyQt6_Qt6_qml --> node_venv_lib_python3_12_site-packages_PyQt6_Qt6_qml_QtQuick["QtQuick"]\n    node_venv_lib_python3_12_site-packages_PyQt6_Qt6_qml_QtQuick --> node_venv_lib_python3_12_site-packages_PyQt6_Qt6_qml_QtQuick_Controls["Controls"]\n    node_venv_lib_python3_12_site-packages_PyQt6_Qt6_qml_QtQuick_Controls --> node_venv_lib_python3_12_site-packages_PyQt6_Qt6_qml_QtQuick_Controls_macOS["macOS"]\n    node_venv_lib_python3_12_site-packages_PyQt6_Qt6_qml_QtQuick_Controls_macOS --> node_venv_lib_python3_12_site-packages_PyQt6_Qt6_qml_QtQuick_Controls_macOS_Menu_qml["Menu.qml"]\n    Root --> node_venv["venv"]\n    node_venv --> node_venv_lib["lib"]\n    node_venv_lib --> node_venv_lib_python3_12["python3.12"]\n    node_venv_lib_python3_12 --> node_venv_lib_python3_12_site-packages["site-packages"]\n    node_venv_lib_python3_12_site-packages --> node_venv_lib_python3_12_site-packages_PyQt6["PyQt6"]\n    node_venv_lib_python3_12_site-packages_PyQt6 --> node_venv_lib_python3_12_site-packages_PyQt6_Qt6["Qt6"]\n    node_venv_lib_python3_12_site-packages_PyQt6_Qt6 --> node_venv_lib_python3_12_site-packages_PyQt6_Qt6_qml["qml"]\n    node_venv_lib_python3_12_site-packages_PyQt6_Qt6_qml --> node_venv_lib_python3_12_site-packages_PyQt6_Qt6_qml_QtQuick["QtQuick"]\n    node_venv_lib_python3_12_site-packages_PyQt6_Qt6_qml_QtQuick --> node_venv_lib_python3_12_site-packages_PyQt6_Qt6_qml_QtQuick_Controls["Controls"]\n    node_venv_lib_python3_12_site-packages_PyQt6_Qt6_qml_QtQuick_Controls --> node_venv_lib_python3_12_site-packages_PyQt6_Qt6_qml_QtQuick_Controls_macOS["macOS"]\n    node_venv_lib_python3_12_site-packages_PyQt6_Qt6_qml_QtQuick_Controls_macOS --> node_venv_lib_python3_12_site-packages_PyQt6_Qt6_qml_QtQuick_Controls_macOS_MenuBar_qml["MenuBar.qml"]\n    Root --> node_venv["venv"]\n    node_venv --> node_venv_lib["lib"]\n    node_venv_lib --> node_venv_lib_python3_12["python3.12"]\n    node_venv_lib_python3_12 --> node_venv_lib_python3_12_site-packages["site-packages"]\n    node_venv_lib_python3_12_site-packages --> node_venv_lib_python3_12_site-packages_PyQt6["PyQt6"]\n    node_venv_lib_python3_12_site-packages_PyQt6 --> node_venv_lib_python3_12_site-packages_PyQt6_Qt6["Qt6"]\n    node_venv_lib_python3_12_site-packages_PyQt6_Qt6 --> node_venv_lib_python3_12_site-packages_PyQt6_Qt6_qml["qml"]\n    node_venv_lib_python3_12_site-packages_PyQt6_Qt6_qml --> node_venv_lib_python3_12_site-packages_PyQt6_Qt6_qml_QtQuick["QtQuick"]\n    node_venv_lib_python3_12_site-packages_PyQt6_Qt6_qml_QtQuick --> node_venv_lib_python3_12_site-packages_PyQt6_Qt6_qml_QtQuick_Controls["Controls"]\n    node_venv_lib_python3_12_site-packages_PyQt6_Qt6_qml_QtQuick_Controls --> node_venv_lib_python3_12_site-packages_PyQt6_Qt6_qml_QtQuick_Controls_macOS["macOS"]\n    node_venv_lib_python3_12_site-packages_PyQt6_Qt6_qml_QtQuick_Controls_macOS --> node_venv_lib_python3_12_site-packages_PyQt6_Qt6_qml_QtQuick_Controls_macOS_MenuBarItem_qml["MenuBarItem.qml"]\n    Root --> node_venv["venv"]\n    node_venv --> node_venv_lib["lib"]\n    node_venv_lib --> node_venv_lib_python3_12["python3.12"]\n    node_venv_lib_python3_12 --> node_venv_lib_python3_12_site-packages["site-packages"]\n    node_venv_lib_python3_12_site-packages --> node_venv_lib_python3_12_site-packages_PyQt6["PyQt6"]\n    node_venv_lib_python3_12_site-packages_PyQt6 --> node_venv_lib_python3_12_site-packages_PyQt6_Qt6["Qt6"]\n    node_venv_lib_python3_12_site-packages_PyQt6_Qt6 --> node_venv_lib_python3_12_site-packages_PyQt6_Qt6_qml["qml"]\n    node_venv_lib_python3_12_site-packages_PyQt6_Qt6_qml --> node_venv_lib_python3_12_site-packages_PyQt6_Qt6_qml_QtQuick["QtQuick"]\n    node_venv_lib_python3_12_site-packages_PyQt6_Qt6_qml_QtQuick --> node_venv_lib_python3_12_site-packages_PyQt6_Qt6_qml_QtQuick_Controls["Controls"]\n    node_venv_lib_python3_12_site-packages_PyQt6_Qt6_qml_QtQuick_Controls --> node_venv_lib_python3_12_site-packages_PyQt6_Qt6_qml_QtQuick_Controls_macOS["macOS"]\n    node_venv_lib_python3_12_site-packages_PyQt6_Qt6_qml_QtQuick_Controls_macOS --> node_venv_lib_python3_12_site-packages_PyQt6_Qt6_qml_QtQuick_Controls_macOS_MenuItem_qml["MenuItem.qml"]\n    Root --> node_venv["venv"]\n    node_venv --> node_venv_lib["lib"]\n    node_venv_lib --> node_venv_lib_python3_12["python3.12"]\n    node_venv_lib_python3_12 --> node_venv_lib_python3_12_site-packages["site-packages"]\n    node_venv_lib_python3_12_site-packages --> node_venv_lib_python3_12_site-packages_PyQt6["PyQt6"]\n    node_venv_lib_python3_12_site-packages_PyQt6 --> node_venv_lib_python3_12_site-packages_PyQt6_Qt6["Qt6"]\n    node_venv_lib_python3_12_site-packages_PyQt6_Qt6 --> node_venv_lib_python3_12_site-packages_PyQt6_Qt6_qml["qml"]\n    node_venv_lib_python3_12_site-packages_PyQt6_Qt6_qml --> node_venv_lib_python3_12_site-packages_PyQt6_Qt6_qml_QtQuick["QtQuick"]\n    node_venv_lib_python3_12_site-packages_PyQt6_Qt6_qml_QtQuick --> node_venv_lib_python3_12_site-packages_PyQt6_Qt6_qml_QtQuick_Controls["Controls"]\n    node_venv_lib_python3_12_site-packages_PyQt6_Qt6_qml_QtQuick_Controls --> node_venv_lib_python3_12_site-packages_PyQt6_Qt6_qml_QtQuick_Controls_macOS["macOS"]\n    node_venv_lib_python3_12_site-packages_PyQt6_Qt6_qml_QtQuick_Controls_macOS --> node_venv_lib_python3_12_site-packages_PyQt6_Qt6_qml_QtQuick_Controls_macOS_MenuSeparator_qml["MenuSeparator.qml"]\n    Root --> node_venv["venv"]\n    node_venv --> node_venv_lib["lib"]\n    node_venv_lib --> node_venv_lib_python3_12["python3.12"]\n    node_venv_lib_python3_12 --> node_venv_lib_python3_12_site-packages["site-packages"]\n    node_venv_lib_python3_12_site-packages --> node_venv_lib_python3_12_site-packages_PyQt6["PyQt6"]\n    node_venv_lib_python3_12_site-packages_PyQt6 --> node_venv_lib_python3_12_site-packages_PyQt6_Qt6["Qt6"]\n    node_venv_lib_python3_12_site-packages_PyQt6_Qt6 --> node_venv_lib_python3_12_site-packages_PyQt6_Qt6_qml["qml"]\n    node_venv_lib_python3_12_site-packages_PyQt6_Qt6_qml --> node_venv_lib_python3_12_site-packages_PyQt6_Qt6_qml_QtQuick["QtQuick"]\n    node_venv_lib_python3_12_site-packages_PyQt6_Qt6_qml_QtQuick --> node_venv_lib_python3_12_site-packages_PyQt6_Qt6_qml_QtQuick_Controls["Controls"]\n    node_venv_lib_python3_12_site-packages_PyQt6_Qt6_qml_QtQuick_Controls --> node_venv_lib_python3_12_site-packages_PyQt6_Qt6_qml_QtQuick_Controls_macOS["macOS"]\n    node_venv_lib_python3_12_site-packages_PyQt6_Qt6_qml_QtQuick_Controls_macOS --> node_venv_lib_python3_12_site-packages_PyQt6_Qt6_qml_QtQuick_Controls_macOS_ProgressBar_qml["ProgressBar.qml"]\n    Root --> node_venv["venv"]\n    node_venv --> node_venv_lib["lib"]\n    node_venv_lib --> node_venv_lib_python3_12["python3.12"]\n    node_venv_lib_python3_12 --> node_venv_lib_python3_12_site-packages["site-packages"]\n    node_venv_lib_python3_12_site-packages --> node_venv_lib_python3_12_site-packages_PyQt6["PyQt6"]\n    node_venv_lib_python3_12_site-packages_PyQt6 --> node_venv_lib_python3_12_site-packages_PyQt6_Qt6["Qt6"]\n    node_venv_lib_python3_12_site-packages_PyQt6_Qt6 --> node_venv_lib_python3_12_site-packages_PyQt6_Qt6_qml["qml"]\n    node_venv_lib_python3_12_site-packages_PyQt6_Qt6_qml --> node_venv_lib_python3_12_site-packages_PyQt6_Qt6_qml_QtQuick["QtQuick"]\n    node_venv_lib_python3_12_site-packages_PyQt6_Qt6_qml_QtQuick --> node_venv_lib_python3_12_site-packages_PyQt6_Qt6_qml_QtQuick_Controls["Controls"]\n    node_venv_lib_python3_12_site-packages_PyQt6_Qt6_qml_QtQuick_Controls --> node_venv_lib_python3_12_site-packages_PyQt6_Qt6_qml_QtQuick_Controls_macOS["macOS"]\n    node_venv_lib_python3_12_site-packages_PyQt6_Qt6_qml_QtQuick_Controls_macOS --> node_venv_lib_python3_12_site-packages_PyQt6_Qt6_qml_QtQuick_Controls_macOS_RadioButton_qml["RadioButton.qml"]\n    Root --> node_venv["venv"]\n    node_venv --> node_venv_lib["lib"]\n    node_venv_lib --> node_venv_lib_python3_12["python3.12"]\n    node_venv_lib_python3_12 --> node_venv_lib_python3_12_site-packages["site-packages"]\n    node_venv_lib_python3_12_site-packages --> node_venv_lib_python3_12_site-packages_PyQt6["PyQt6"]\n    node_venv_lib_python3_12_site-packages_PyQt6 --> node_venv_lib_python3_12_site-packages_PyQt6_Qt6["Qt6"]\n    node_venv_lib_python3_12_site-packages_PyQt6_Qt6 --> node_venv_lib_python3_12_site-packages_PyQt6_Qt6_qml["qml"]\n    node_venv_lib_python3_12_site-packages_PyQt6_Qt6_qml --> node_venv_lib_python3_12_site-packages_PyQt6_Qt6_qml_QtQuick["QtQuick"]\n    node_venv_lib_python3_12_site-packages_PyQt6_Qt6_qml_QtQuick --> node_venv_lib_python3_12_site-packages_PyQt6_Qt6_qml_QtQuick_Controls["Controls"]\n    node_venv_lib_python3_12_site-packages_PyQt6_Qt6_qml_QtQuick_Controls --> node_venv_lib_python3_12_site-packages_PyQt6_Qt6_qml_QtQuick_Controls_macOS["macOS"]\n    node_venv_lib_python3_12_site-packages_PyQt6_Qt6_qml_QtQuick_Controls_macOS --> node_venv_lib_python3_12_site-packages_PyQt6_Qt6_qml_QtQuick_Controls_macOS_RadioDelegate_qml["RadioDelegate.qml"]\n    Root --> node_venv["venv"]\n    node_venv --> node_venv_lib["lib"]\n    node_venv_lib --> node_venv_lib_python3_12["python3.12"]\n    node_venv_lib_python3_12 --> node_venv_lib_python3_12_site-packages["site-packages"]\n    node_venv_lib_python3_12_site-packages --> node_venv_lib_python3_12_site-packages_PyQt6["PyQt6"]\n    node_venv_lib_python3_12_site-packages_PyQt6 --> node_venv_lib_python3_12_site-packages_PyQt6_Qt6["Qt6"]\n    node_venv_lib_python3_12_site-packages_PyQt6_Qt6 --> node_venv_lib_python3_12_site-packages_PyQt6_Qt6_qml["qml"]\n    node_venv_lib_python3_12_site-packages_PyQt6_Qt6_qml --> node_venv_lib_python3_12_site-packages_PyQt6_Qt6_qml_QtQuick["QtQuick"]\n    node_venv_lib_python3_12_site-packages_PyQt6_Qt6_qml_QtQuick --> node_venv_lib_python3_12_site-packages_PyQt6_Qt6_qml_QtQuick_Controls["Controls"]\n    node_venv_lib_python3_12_site-packages_PyQt6_Qt6_qml_QtQuick_Controls --> node_venv_lib_python3_12_site-packages_PyQt6_Qt6_qml_QtQuick_Controls_macOS["macOS"]\n    node_venv_lib_python3_12_site-packages_PyQt6_Qt6_qml_QtQuick_Controls_macOS --> node_venv_lib_python3_12_site-packages_PyQt6_Qt6_qml_QtQuick_Controls_macOS_RangeSlider_qml["RangeSlider.qml"]\n    Root --> node_venv["venv"]\n    node_venv --> node_venv_lib["lib"]\n    node_venv_lib --> node_venv_lib_python3_12["python3.12"]\n    node_venv_lib_python3_12 --> node_venv_lib_python3_12_site-packages["site-packages"]\n    node_venv_lib_python3_12_site-packages --> node_venv_lib_python3_12_site-packages_PyQt6["PyQt6"]\n    node_venv_lib_python3_12_site-packages_PyQt6 --> node_venv_lib_python3_12_site-packages_PyQt6_Qt6["Qt6"]\n    node_venv_lib_python3_12_site-packages_PyQt6_Qt6 --> node_venv_lib_python3_12_site-packages_PyQt6_Qt6_qml["qml"]\n    node_venv_lib_python3_12_site-packages_PyQt6_Qt6_qml --> node_venv_lib_python3_12_site-packages_PyQt6_Qt6_qml_QtQuick["QtQuick"]\n    node_venv_lib_python3_12_site-packages_PyQt6_Qt6_qml_QtQuick --> node_venv_lib_python3_12_site-packages_PyQt6_Qt6_qml_QtQuick_Controls["Controls"]\n    node_venv_lib_python3_12_site-packages_PyQt6_Qt6_qml_QtQuick_Controls --> node_venv_lib_python3_12_site-packages_PyQt6_Qt6_qml_QtQuick_Controls_macOS["macOS"]\n    node_venv_lib_python3_12_site-packages_PyQt6_Qt6_qml_QtQuick_Controls_macOS --> node_venv_lib_python3_12_site-packages_PyQt6_Qt6_qml_QtQuick_Controls_macOS_ScrollBar_qml["ScrollBar.qml"]\n    Root --> node_venv["venv"]\n    node_venv --> node_venv_lib["lib"]\n    node_venv_lib --> node_venv_lib_python3_12["python3.12"]\n    node_venv_lib_python3_12 --> node_venv_lib_python3_12_site-packages["site-packages"]\n    node_venv_lib_python3_12_site-packages --> node_venv_lib_python3_12_site-packages_PyQt6["PyQt6"]\n    node_venv_lib_python3_12_site-packages_PyQt6 --> node_venv_lib_python3_12_site-packages_PyQt6_Qt6["Qt6"]\n    node_venv_lib_python3_12_site-packages_PyQt6_Qt6 --> node_venv_lib_python3_12_site-packages_PyQt6_Qt6_qml["qml"]\n    node_venv_lib_python3_12_site-packages_PyQt6_Qt6_qml --> node_venv_lib_python3_12_site-packages_PyQt6_Qt6_qml_QtQuick["QtQuick"]\n    node_venv_lib_python3_12_site-packages_PyQt6_Qt6_qml_QtQuick --> node_venv_lib_python3_12_site-packages_PyQt6_Qt6_qml_QtQuick_Controls["Controls"]\n    node_venv_lib_python3_12_site-packages_PyQt6_Qt6_qml_QtQuick_Controls --> node_venv_lib_python3_12_site-packages_PyQt6_Qt6_qml_QtQuick_Controls_macOS["macOS"]\n    node_venv_lib_python3_12_site-packages_PyQt6_Qt6_qml_QtQuick_Controls_macOS --> node_venv_lib_python3_12_site-packages_PyQt6_Qt6_qml_QtQuick_Controls_macOS_ScrollIndicator_qml["ScrollIndicator.qml"]\n    Root --> node_venv["venv"]\n    node_venv --> node_venv_lib["lib"]\n    node_venv_lib --> node_venv_lib_python3_12["python3.12"]\n    node_venv_lib_python3_12 --> node_venv_lib_python3_12_site-packages["site-packages"]\n    node_venv_lib_python3_12_site-packages --> node_venv_lib_python3_12_site-packages_PyQt6["PyQt6"]\n    node_venv_lib_python3_12_site-packages_PyQt6 --> node_venv_lib_python3_12_site-packages_PyQt6_Qt6["Qt6"]\n    node_venv_lib_python3_12_site-packages_PyQt6_Qt6 --> node_venv_lib_python3_12_site-packages_PyQt6_Qt6_qml["qml"]\n    node_venv_lib_python3_12_site-packages_PyQt6_Qt6_qml --> node_venv_lib_python3_12_site-packages_PyQt6_Qt6_qml_QtQuick["QtQuick"]\n    node_venv_lib_python3_12_site-packages_PyQt6_Qt6_qml_QtQuick --> node_venv_lib_python3_12_site-packages_PyQt6_Qt6_qml_QtQuick_Controls["Controls"]\n    node_venv_lib_python3_12_site-packages_PyQt6_Qt6_qml_QtQuick_Controls --> node_venv_lib_python3_12_site-packages_PyQt6_Qt6_qml_QtQuick_Controls_macOS["macOS"]\n    node_venv_lib_python3_12_site-packages_PyQt6_Qt6_qml_QtQuick_Controls_macOS --> node_venv_lib_python3_12_site-packages_PyQt6_Qt6_qml_QtQuick_Controls_macOS_ScrollView_qml["ScrollView.qml"]\n    Root --> node_venv["venv"]\n    node_venv --> node_venv_lib["lib"]\n    node_venv_lib --> node_venv_lib_python3_12["python3.12"]\n    node_venv_lib_python3_12 --> node_venv_lib_python3_12_site-packages["site-packages"]\n    node_venv_lib_python3_12_site-packages --> node_venv_lib_python3_12_site-packages_PyQt6["PyQt6"]\n    node_venv_lib_python3_12_site-packages_PyQt6 --> node_venv_lib_python3_12_site-packages_PyQt6_Qt6["Qt6"]\n    node_venv_lib_python3_12_site-packages_PyQt6_Qt6 --> node_venv_lib_python3_12_site-packages_PyQt6_Qt6_qml["qml"]\n    node_venv_lib_python3_12_site-packages_PyQt6_Qt6_qml --> node_venv_lib_python3_12_site-packages_PyQt6_Qt6_qml_QtQuick["QtQuick"]\n    node_venv_lib_python3_12_site-packages_PyQt6_Qt6_qml_QtQuick --> node_venv_lib_python3_12_site-packages_PyQt6_Qt6_qml_QtQuick_Controls["Controls"]\n    node_venv_lib_python3_12_site-packages_PyQt6_Qt6_qml_QtQuick_Controls --> node_venv_lib_python3_12_site-packages_PyQt6_Qt6_qml_QtQuick_Controls_macOS["macOS"]\n    node_venv_lib_python3_12_site-packages_PyQt6_Qt6_qml_QtQuick_Controls_macOS --> node_venv_lib_python3_12_site-packages_PyQt6_Qt6_qml_QtQuick_Controls_macOS_SearchField_qml["SearchField.qml"]\n    Root --> node_venv["venv"]\n    node_venv --> node_venv_lib["lib"]\n    node_venv_lib --> node_venv_lib_python3_12["python3.12"]\n    node_venv_lib_python3_12 --> node_venv_lib_python3_12_site-packages["site-packages"]\n    node_venv_lib_python3_12_site-packages --> node_venv_lib_python3_12_site-packages_PyQt6["PyQt6"]\n    node_venv_lib_python3_12_site-packages_PyQt6 --> node_venv_lib_python3_12_site-packages_PyQt6_Qt6["Qt6"]\n    node_venv_lib_python3_12_site-packages_PyQt6_Qt6 --> node_venv_lib_python3_12_site-packages_PyQt6_Qt6_qml["qml"]\n    node_venv_lib_python3_12_site-packages_PyQt6_Qt6_qml --> node_venv_lib_python3_12_site-packages_PyQt6_Qt6_qml_QtQuick["QtQuick"]\n    node_venv_lib_python3_12_site-packages_PyQt6_Qt6_qml_QtQuick --> node_venv_lib_python3_12_site-packages_PyQt6_Qt6_qml_QtQuick_Controls["Controls"]\n    node_venv_lib_python3_12_site-packages_PyQt6_Qt6_qml_QtQuick_Controls --> node_venv_lib_python3_12_site-packages_PyQt6_Qt6_qml_QtQuick_Controls_macOS["macOS"]\n    node_venv_lib_python3_12_site-packages_PyQt6_Qt6_qml_QtQuick_Controls_macOS --> node_venv_lib_python3_12_site-packages_PyQt6_Qt6_qml_QtQuick_Controls_macOS_SelectionRectangle_qml["SelectionRectangle.qml"]\n    Root --> node_venv["venv"]\n    node_venv --> node_venv_lib["lib"]\n    node_venv_lib --> node_venv_lib_python3_12["python3.12"]\n    node_venv_lib_python3_12 --> node_venv_lib_python3_12_site-packages["site-packages"]\n    node_venv_lib_python3_12_site-packages --> node_venv_lib_python3_12_site-packages_PyQt6["PyQt6"]\n    node_venv_lib_python3_12_site-packages_PyQt6 --> node_venv_lib_python3_12_site-packages_PyQt6_Qt6["Qt6"]\n    node_venv_lib_python3_12_site-packages_PyQt6_Qt6 --> node_venv_lib_python3_12_site-packages_PyQt6_Qt6_qml["qml"]\n    node_venv_lib_python3_12_site-packages_PyQt6_Qt6_qml --> node_venv_lib_python3_12_site-packages_PyQt6_Qt6_qml_QtQuick["QtQuick"]\n    node_venv_lib_python3_12_site-packages_PyQt6_Qt6_qml_QtQuick --> node_venv_lib_python3_12_site-packages_PyQt6_Qt6_qml_QtQuick_Controls["Controls"]\n    node_venv_lib_python3_12_site-packages_PyQt6_Qt6_qml_QtQuick_Controls --> node_venv_lib_python3_12_site-packages_PyQt6_Qt6_qml_QtQuick_Controls_macOS["macOS"]\n    node_venv_lib_python3_12_site-packages_PyQt6_Qt6_qml_QtQuick_Controls_macOS --> node_venv_lib_python3_12_site-packages_PyQt6_Qt6_qml_QtQuick_Controls_macOS_Slider_qml["Slider.qml"]\n    Root --> node_venv["venv"]\n    node_venv --> node_venv_lib["lib"]\n    node_venv_lib --> node_venv_lib_python3_12["python3.12"]\n    node_venv_lib_python3_12 --> node_venv_lib_python3_12_site-packages["site-packages"]\n    node_venv_lib_python3_12_site-packages --> node_venv_lib_python3_12_site-packages_PyQt6["PyQt6"]\n    node_venv_lib_python3_12_site-packages_PyQt6 --> node_venv_lib_python3_12_site-packages_PyQt6_Qt6["Qt6"]\n    node_venv_lib_python3_12_site-packages_PyQt6_Qt6 --> node_venv_lib_python3_12_site-packages_PyQt6_Qt6_qml["qml"]\n    node_venv_lib_python3_12_site-packages_PyQt6_Qt6_qml --> node_venv_lib_python3_12_site-packages_PyQt6_Qt6_qml_QtQuick["QtQuick"]\n    node_venv_lib_python3_12_site-packages_PyQt6_Qt6_qml_QtQuick --> node_venv_lib_python3_12_site-packages_PyQt6_Qt6_qml_QtQuick_Controls["Controls"]\n    node_venv_lib_python3_12_site-packages_PyQt6_Qt6_qml_QtQuick_Controls --> node_venv_lib_python3_12_site-packages_PyQt6_Qt6_qml_QtQuick_Controls_macOS["macOS"]\n    node_venv_lib_python3_12_site-packages_PyQt6_Qt6_qml_QtQuick_Controls_macOS --> node_venv_lib_python3_12_site-packages_PyQt6_Qt6_qml_QtQuick_Controls_macOS_SpinBox_qml["SpinBox.qml"]\n    Root --> node_venv["venv"]\n    node_venv --> node_venv_lib["lib"]\n    node_venv_lib --> node_venv_lib_python3_12["python3.12"]\n    node_venv_lib_python3_12 --> node_venv_lib_python3_12_site-packages["site-packages"]\n    node_venv_lib_python3_12_site-packages --> node_venv_lib_python3_12_site-packages_PyQt6["PyQt6"]\n    node_venv_lib_python3_12_site-packages_PyQt6 --> node_venv_lib_python3_12_site-packages_PyQt6_Qt6["Qt6"]\n    node_venv_lib_python3_12_site-packages_PyQt6_Qt6 --> node_venv_lib_python3_12_site-packages_PyQt6_Qt6_qml["qml"]\n    node_venv_lib_python3_12_site-packages_PyQt6_Qt6_qml --> node_venv_lib_python3_12_site-packages_PyQt6_Qt6_qml_QtQuick["QtQuick"]\n    node_venv_lib_python3_12_site-packages_PyQt6_Qt6_qml_QtQuick --> node_venv_lib_python3_12_site-packages_PyQt6_Qt6_qml_QtQuick_Controls["Controls"]\n    node_venv_lib_python3_12_site-packages_PyQt6_Qt6_qml_QtQuick_Controls --> node_venv_lib_python3_12_site-packages_PyQt6_Qt6_qml_QtQuick_Controls_macOS["macOS"]\n    node_venv_lib_python3_12_site-packages_PyQt6_Qt6_qml_QtQuick_Controls_macOS --> node_venv_lib_python3_12_site-packages_PyQt6_Qt6_qml_QtQuick_Controls_macOS_Switch_qml["Switch.qml"]\n    Root --> node_venv["venv"]\n    node_venv --> node_venv_lib["lib"]\n    node_venv_lib --> node_venv_lib_python3_12["python3.12"]\n    node_venv_lib_python3_12 --> node_venv_lib_python3_12_site-packages["site-packages"]\n    node_venv_lib_python3_12_site-packages --> node_venv_lib_python3_12_site-packages_PyQt6["PyQt6"]\n    node_venv_lib_python3_12_site-packages_PyQt6 --> node_venv_lib_python3_12_site-packages_PyQt6_Qt6["Qt6"]\n    node_venv_lib_python3_12_site-packages_PyQt6_Qt6 --> node_venv_lib_python3_12_site-packages_PyQt6_Qt6_qml["qml"]\n    node_venv_lib_python3_12_site-packages_PyQt6_Qt6_qml --> node_venv_lib_python3_12_site-packages_PyQt6_Qt6_qml_QtQuick["QtQuick"]\n    node_venv_lib_python3_12_site-packages_PyQt6_Qt6_qml_QtQuick --> node_venv_lib_python3_12_site-packages_PyQt6_Qt6_qml_QtQuick_Controls["Controls"]\n    node_venv_lib_python3_12_site-packages_PyQt6_Qt6_qml_QtQuick_Controls --> node_venv_lib_python3_12_site-packages_PyQt6_Qt6_qml_QtQuick_Controls_macOS["macOS"]\n    node_venv_lib_python3_12_site-packages_PyQt6_Qt6_qml_QtQuick_Controls_macOS --> node_venv_lib_python3_12_site-packages_PyQt6_Qt6_qml_QtQuick_Controls_macOS_SwitchDelegate_qml["SwitchDelegate.qml"]\n    Root --> node_venv["venv"]\n    node_venv --> node_venv_lib["lib"]\n    node_venv_lib --> node_venv_lib_python3_12["python3.12"]\n    node_venv_lib_python3_12 --> node_venv_lib_python3_12_site-packages["site-packages"]\n    node_venv_lib_python3_12_site-packages --> node_venv_lib_python3_12_site-packages_PyQt6["PyQt6"]\n    node_venv_lib_python3_12_site-packages_PyQt6 --> node_venv_lib_python3_12_site-packages_PyQt6_Qt6["Qt6"]\n    node_venv_lib_python3_12_site-packages_PyQt6_Qt6 --> node_venv_lib_python3_12_site-packages_PyQt6_Qt6_qml["qml"]\n    node_venv_lib_python3_12_site-packages_PyQt6_Qt6_qml --> node_venv_lib_python3_12_site-packages_PyQt6_Qt6_qml_QtQuick["QtQuick"]\n    node_venv_lib_python3_12_site-packages_PyQt6_Qt6_qml_QtQuick --> node_venv_lib_python3_12_site-packages_PyQt6_Qt6_qml_QtQuick_Controls["Controls"]\n    node_venv_lib_python3_12_site-packages_PyQt6_Qt6_qml_QtQuick_Controls --> node_venv_lib_python3_12_site-packages_PyQt6_Qt6_qml_QtQuick_Controls_macOS["macOS"]\n    node_venv_lib_python3_12_site-packages_PyQt6_Qt6_qml_QtQuick_Controls_macOS --> node_venv_lib_python3_12_site-packages_PyQt6_Qt6_qml_QtQuick_Controls_macOS_TextArea_qml["TextArea.qml"]\n    Root --> node_venv["venv"]\n    node_venv --> node_venv_lib["lib"]\n    node_venv_lib --> node_venv_lib_python3_12["python3.12"]\n    node_venv_lib_python3_12 --> node_venv_lib_python3_12_site-packages["site-packages"]\n    node_venv_lib_python3_12_site-packages --> node_venv_lib_python3_12_site-packages_PyQt6["PyQt6"]\n    node_venv_lib_python3_12_site-packages_PyQt6 --> node_venv_lib_python3_12_site-packages_PyQt6_Qt6["Qt6"]\n    node_venv_lib_python3_12_site-packages_PyQt6_Qt6 --> node_venv_lib_python3_12_site-packages_PyQt6_Qt6_qml["qml"]\n    node_venv_lib_python3_12_site-packages_PyQt6_Qt6_qml --> node_venv_lib_python3_12_site-packages_PyQt6_Qt6_qml_QtQuick["QtQuick"]\n    node_venv_lib_python3_12_site-packages_PyQt6_Qt6_qml_QtQuick --> node_venv_lib_python3_12_site-packages_PyQt6_Qt6_qml_QtQuick_Controls["Controls"]\n    node_venv_lib_python3_12_site-packages_PyQt6_Qt6_qml_QtQuick_Controls --> node_venv_lib_python3_12_site-packages_PyQt6_Qt6_qml_QtQuick_Controls_macOS["macOS"]\n    node_venv_lib_python3_12_site-packages_PyQt6_Qt6_qml_QtQuick_Controls_macOS --> node_venv_lib_python3_12_site-packages_PyQt6_Qt6_qml_QtQuick_Controls_macOS_TextField_qml["TextField.qml"]\n    Root --> node_venv["venv"]\n    node_venv --> node_venv_lib["lib"]\n    node_venv_lib --> node_venv_lib_python3_12["python3.12"]\n    node_venv_lib_python3_12 --> node_venv_lib_python3_12_site-packages["site-packages"]\n    node_venv_lib_python3_12_site-packages --> node_venv_lib_python3_12_site-packages_PyQt6["PyQt6"]\n    node_venv_lib_python3_12_site-packages_PyQt6 --> node_venv_lib_python3_12_site-packages_PyQt6_Qt6["Qt6"]\n    node_venv_lib_python3_12_site-packages_PyQt6_Qt6 --> node_venv_lib_python3_12_site-packages_PyQt6_Qt6_qml["qml"]\n    node_venv_lib_python3_12_site-packages_PyQt6_Qt6_qml --> node_venv_lib_python3_12_site-packages_PyQt6_Qt6_qml_QtQuick["QtQuick"]\n    node_venv_lib_python3_12_site-packages_PyQt6_Qt6_qml_QtQuick --> node_venv_lib_python3_12_site-packages_PyQt6_Qt6_qml_QtQuick_Controls["Controls"]\n    node_venv_lib_python3_12_site-packages_PyQt6_Qt6_qml_QtQuick_Controls --> node_venv_lib_python3_12_site-packages_PyQt6_Qt6_qml_QtQuick_Controls_macOS["macOS"]\n    node_venv_lib_python3_12_site-packages_PyQt6_Qt6_qml_QtQuick_Controls_macOS --> node_venv_lib_python3_12_site-packages_PyQt6_Qt6_qml_QtQuick_Controls_macOS_TreeViewDelegate_qml["TreeViewDelegate.qml"]\n    Root --> node_venv["venv"]\n    node_venv --> node_venv_lib["lib"]\n    node_venv_lib --> node_venv_lib_python3_12["python3.12"]\n    node_venv_lib_python3_12 --> node_venv_lib_python3_12_site-packages["site-packages"]\n    node_venv_lib_python3_12_site-packages --> node_venv_lib_python3_12_site-packages_PyQt6["PyQt6"]\n    node_venv_lib_python3_12_site-packages_PyQt6 --> node_venv_lib_python3_12_site-packages_PyQt6_Qt6["Qt6"]\n    node_venv_lib_python3_12_site-packages_PyQt6_Qt6 --> node_venv_lib_python3_12_site-packages_PyQt6_Qt6_qml["qml"]\n    node_venv_lib_python3_12_site-packages_PyQt6_Qt6_qml --> node_venv_lib_python3_12_site-packages_PyQt6_Qt6_qml_QtQuick["QtQuick"]\n    node_venv_lib_python3_12_site-packages_PyQt6_Qt6_qml_QtQuick --> node_venv_lib_python3_12_site-packages_PyQt6_Qt6_qml_QtQuick_Controls["Controls"]\n    node_venv_lib_python3_12_site-packages_PyQt6_Qt6_qml_QtQuick_Controls --> node_venv_lib_python3_12_site-packages_PyQt6_Qt6_qml_QtQuick_Controls_macOS["macOS"]\n    node_venv_lib_python3_12_site-packages_PyQt6_Qt6_qml_QtQuick_Controls_macOS --> node_venv_lib_python3_12_site-packages_PyQt6_Qt6_qml_QtQuick_Controls_macOS_libqtquickcontrols2macosstyleplugin_dylib["libqtquickcontrols2macosstyleplugin.dylib"]\n    Root --> node_venv["venv"]\n    node_venv --> node_venv_lib["lib"]\n    node_venv_lib --> node_venv_lib_python3_12["python3.12"]\n    node_venv_lib_python3_12 --> node_venv_lib_python3_12_site-packages["site-packages"]\n    node_venv_lib_python3_12_site-packages --> node_venv_lib_python3_12_site-packages_PyQt6["PyQt6"]\n    node_venv_lib_python3_12_site-packages_PyQt6 --> node_venv_lib_python3_12_site-packages_PyQt6_Qt6["Qt6"]\n    node_venv_lib_python3_12_site-packages_PyQt6_Qt6 --> node_venv_lib_python3_12_site-packages_PyQt6_Qt6_qml["qml"]\n    node_venv_lib_python3_12_site-packages_PyQt6_Qt6_qml --> node_venv_lib_python3_12_site-packages_PyQt6_Qt6_qml_QtQuick["QtQuick"]\n    node_venv_lib_python3_12_site-packages_PyQt6_Qt6_qml_QtQuick --> node_venv_lib_python3_12_site-packages_PyQt6_Qt6_qml_QtQuick_Controls["Controls"]\n    node_venv_lib_python3_12_site-packages_PyQt6_Qt6_qml_QtQuick_Controls --> node_venv_lib_python3_12_site-packages_PyQt6_Qt6_qml_QtQuick_Controls_macOS["macOS"]\n    node_venv_lib_python3_12_site-packages_PyQt6_Qt6_qml_QtQuick_Controls_macOS --> node_venv_lib_python3_12_site-packages_PyQt6_Qt6_qml_QtQuick_Controls_macOS_plugins_qmltypes["plugins.qmltypes"]\n    Root --> node_venv["venv"]\n    node_venv --> node_venv_lib["lib"]\n    node_venv_lib --> node_venv_lib_python3_12["python3.12"]\n    node_venv_lib_python3_12 --> node_venv_lib_python3_12_site-packages["site-packages"]\n    node_venv_lib_python3_12_site-packages --> node_venv_lib_python3_12_site-packages_PyQt6["PyQt6"]\n    node_venv_lib_python3_12_site-packages_PyQt6 --> node_venv_lib_python3_12_site-packages_PyQt6_Qt6["Qt6"]\n    node_venv_lib_python3_12_site-packages_PyQt6_Qt6 --> node_venv_lib_python3_12_site-packages_PyQt6_Qt6_qml["qml"]\n    node_venv_lib_python3_12_site-packages_PyQt6_Qt6_qml --> node_venv_lib_python3_12_site-packages_PyQt6_Qt6_qml_QtQuick["QtQuick"]\n    node_venv_lib_python3_12_site-packages_PyQt6_Qt6_qml_QtQuick --> node_venv_lib_python3_12_site-packages_PyQt6_Qt6_qml_QtQuick_Controls["Controls"]\n    node_venv_lib_python3_12_site-packages_PyQt6_Qt6_qml_QtQuick_Controls --> node_venv_lib_python3_12_site-packages_PyQt6_Qt6_qml_QtQuick_Controls_macOS["macOS"]\n    node_venv_lib_python3_12_site-packages_PyQt6_Qt6_qml_QtQuick_Controls_macOS --> node_venv_lib_python3_12_site-packages_PyQt6_Qt6_qml_QtQuick_Controls_macOS_qmldir["qmldir"]\n    Root --> node_venv["venv"]\n    node_venv --> node_venv_lib["lib"]\n    node_venv_lib --> node_venv_lib_python3_12["python3.12"]\n    node_venv_lib_python3_12 --> node_venv_lib_python3_12_site-packages["site-packages"]\n    node_venv_lib_python3_12_site-packages --> node_venv_lib_python3_12_site-packages_PyQt6["PyQt6"]\n    node_venv_lib_python3_12_site-packages_PyQt6 --> node_venv_lib_python3_12_site-packages_PyQt6_Qt6["Qt6"]\n    node_venv_lib_python3_12_site-packages_PyQt6_Qt6 --> node_venv_lib_python3_12_site-packages_PyQt6_Qt6_qml["qml"]\n    node_venv_lib_python3_12_site-packages_PyQt6_Qt6_qml --> node_venv_lib_python3_12_site-packages_PyQt6_Qt6_qml_QtQuick["QtQuick"]\n    node_venv_lib_python3_12_site-packages_PyQt6_Qt6_qml_QtQuick --> node_venv_lib_python3_12_site-packages_PyQt6_Qt6_qml_QtQuick_Controls["Controls"]\n    node_venv_lib_python3_12_site-packages_PyQt6_Qt6_qml_QtQuick_Controls --> node_venv_lib_python3_12_site-packages_PyQt6_Qt6_qml_QtQuick_Controls_macOS["macOS"]\n    node_venv_lib_python3_12_site-packages_PyQt6_Qt6_qml_QtQuick_Controls_macOS --> node_venv_lib_python3_12_site-packages_PyQt6_Qt6_qml_QtQuick_Controls_macOS_impl["impl"]\n    node_venv_lib_python3_12_site-packages_PyQt6_Qt6_qml_QtQuick_Controls_macOS_impl --> node_venv_lib_python3_12_site-packages_PyQt6_Qt6_qml_QtQuick_Controls_macOS_impl_CheckIndicator_qml["CheckIndicator.qml"]\n    Root --> node_venv["venv"]\n    node_venv --> node_venv_lib["lib"]\n    node_venv_lib --> node_venv_lib_python3_12["python3.12"]\n    node_venv_lib_python3_12 --> node_venv_lib_python3_12_site-packages["site-packages"]\n    node_venv_lib_python3_12_site-packages --> node_venv_lib_python3_12_site-packages_PyQt6["PyQt6"]\n    node_venv_lib_python3_12_site-packages_PyQt6 --> node_venv_lib_python3_12_site-packages_PyQt6_Qt6["Qt6"]\n    node_venv_lib_python3_12_site-packages_PyQt6_Qt6 --> node_venv_lib_python3_12_site-packages_PyQt6_Qt6_qml["qml"]\n    node_venv_lib_python3_12_site-packages_PyQt6_Qt6_qml --> node_venv_lib_python3_12_site-packages_PyQt6_Qt6_qml_QtQuick["QtQuick"]\n    node_venv_lib_python3_12_site-packages_PyQt6_Qt6_qml_QtQuick --> node_venv_lib_python3_12_site-packages_PyQt6_Qt6_qml_QtQuick_Controls["Controls"]\n    node_venv_lib_python3_12_site-packages_PyQt6_Qt6_qml_QtQuick_Controls --> node_venv_lib_python3_12_site-packages_PyQt6_Qt6_qml_QtQuick_Controls_macOS["macOS"]\n    node_venv_lib_python3_12_site-packages_PyQt6_Qt6_qml_QtQuick_Controls_macOS --> node_venv_lib_python3_12_site-packages_PyQt6_Qt6_qml_QtQuick_Controls_macOS_impl["impl"]\n    node_venv_lib_python3_12_site-packages_PyQt6_Qt6_qml_QtQuick_Controls_macOS_impl --> node_venv_lib_python3_12_site-packages_PyQt6_Qt6_qml_QtQuick_Controls_macOS_impl_QuickControls2MacOSStyleImpl_qmltypes["QuickControls2MacOSStyleImpl.qmltypes"]\n    Root --> node_venv["venv"]\n    node_venv --> node_venv_lib["lib"]\n    node_venv_lib --> node_venv_lib_python3_12["python3.12"]\n    node_venv_lib_python3_12 --> node_venv_lib_python3_12_site-packages["site-packages"]\n    node_venv_lib_python3_12_site-packages --> node_venv_lib_python3_12_site-packages_PyQt6["PyQt6"]\n    node_venv_lib_python3_12_site-packages_PyQt6 --> node_venv_lib_python3_12_site-packages_PyQt6_Qt6["Qt6"]\n    node_venv_lib_python3_12_site-packages_PyQt6_Qt6 --> node_venv_lib_python3_12_site-packages_PyQt6_Qt6_qml["qml"]\n    node_venv_lib_python3_12_site-packages_PyQt6_Qt6_qml --> node_venv_lib_python3_12_site-packages_PyQt6_Qt6_qml_QtQuick["QtQuick"]\n    node_venv_lib_python3_12_site-packages_PyQt6_Qt6_qml_QtQuick --> node_venv_lib_python3_12_site-packages_PyQt6_Qt6_qml_QtQuick_Controls["Controls"]\n    node_venv_lib_python3_12_site-packages_PyQt6_Qt6_qml_QtQuick_Controls --> node_venv_lib_python3_12_site-packages_PyQt6_Qt6_qml_QtQuick_Controls_macOS["macOS"]\n    node_venv_lib_python3_12_site-packages_PyQt6_Qt6_qml_QtQuick_Controls_macOS --> node_venv_lib_python3_12_site-packages_PyQt6_Qt6_qml_QtQuick_Controls_macOS_impl["impl"]\n    node_venv_lib_python3_12_site-packages_PyQt6_Qt6_qml_QtQuick_Controls_macOS_impl --> node_venv_lib_python3_12_site-packages_PyQt6_Qt6_qml_QtQuick_Controls_macOS_impl_SliderHandle_qml["SliderHandle.qml"]\n    Root --> node_venv["venv"]\n    node_venv --> node_venv_lib["lib"]\n    node_venv_lib --> node_venv_lib_python3_12["python3.12"]\n    node_venv_lib_python3_12 --> node_venv_lib_python3_12_site-packages["site-packages"]\n    node_venv_lib_python3_12_site-packages --> node_venv_lib_python3_12_site-packages_PyQt6["PyQt6"]\n    node_venv_lib_python3_12_site-packages_PyQt6 --> node_venv_lib_python3_12_site-packages_PyQt6_Qt6["Qt6"]\n    node_venv_lib_python3_12_site-packages_PyQt6_Qt6 --> node_venv_lib_python3_12_site-packages_PyQt6_Qt6_qml["qml"]\n    node_venv_lib_python3_12_site-packages_PyQt6_Qt6_qml --> node_venv_lib_python3_12_site-packages_PyQt6_Qt6_qml_QtQuick["QtQuick"]\n    node_venv_lib_python3_12_site-packages_PyQt6_Qt6_qml_QtQuick --> node_venv_lib_python3_12_site-packages_PyQt6_Qt6_qml_QtQuick_Controls["Controls"]\n    node_venv_lib_python3_12_site-packages_PyQt6_Qt6_qml_QtQuick_Controls --> node_venv_lib_python3_12_site-packages_PyQt6_Qt6_qml_QtQuick_Controls_macOS["macOS"]\n    node_venv_lib_python3_12_site-packages_PyQt6_Qt6_qml_QtQuick_Controls_macOS --> node_venv_lib_python3_12_site-packages_PyQt6_Qt6_qml_QtQuick_Controls_macOS_impl["impl"]\n    node_venv_lib_python3_12_site-packages_PyQt6_Qt6_qml_QtQuick_Controls_macOS_impl --> node_venv_lib_python3_12_site-packages_PyQt6_Qt6_qml_QtQuick_Controls_macOS_impl_SwitchHandle_qml["SwitchHandle.qml"]\n    Root --> node_venv["venv"]\n    node_venv --> node_venv_lib["lib"]\n    node_venv_lib --> node_venv_lib_python3_12["python3.12"]\n    node_venv_lib_python3_12 --> node_venv_lib_python3_12_site-packages["site-packages"]\n    node_venv_lib_python3_12_site-packages --> node_venv_lib_python3_12_site-packages_PyQt6["PyQt6"]\n    node_venv_lib_python3_12_site-packages_PyQt6 --> node_venv_lib_python3_12_site-packages_PyQt6_Qt6["Qt6"]\n    node_venv_lib_python3_12_site-packages_PyQt6_Qt6 --> node_venv_lib_python3_12_site-packages_PyQt6_Qt6_qml["qml"]\n    node_venv_lib_python3_12_site-packages_PyQt6_Qt6_qml --> node_venv_lib_python3_12_site-packages_PyQt6_Qt6_qml_QtQuick["QtQuick"]\n    node_venv_lib_python3_12_site-packages_PyQt6_Qt6_qml_QtQuick --> node_venv_lib_python3_12_site-packages_PyQt6_Qt6_qml_QtQuick_Controls["Controls"]\n    node_venv_lib_python3_12_site-packages_PyQt6_Qt6_qml_QtQuick_Controls --> node_venv_lib_python3_12_site-packages_PyQt6_Qt6_qml_QtQuick_Controls_macOS["macOS"]\n    node_venv_lib_python3_12_site-packages_PyQt6_Qt6_qml_QtQuick_Controls_macOS --> node_venv_lib_python3_12_site-packages_PyQt6_Qt6_qml_QtQuick_Controls_macOS_impl["impl"]\n    node_venv_lib_python3_12_site-packages_PyQt6_Qt6_qml_QtQuick_Controls_macOS_impl --> node_venv_lib_python3_12_site-packages_PyQt6_Qt6_qml_QtQuick_Controls_macOS_impl_SwitchIndicator_qml["SwitchIndicator.qml"]\n    Root --> node_venv["venv"]\n    node_venv --> node_venv_lib["lib"]\n    node_venv_lib --> node_venv_lib_python3_12["python3.12"]\n    node_venv_lib_python3_12 --> node_venv_lib_python3_12_site-packages["site-packages"]\n    node_venv_lib_python3_12_site-packages --> node_venv_lib_python3_12_site-packages_PyQt6["PyQt6"]\n    node_venv_lib_python3_12_site-packages_PyQt6 --> node_venv_lib_python3_12_site-packages_PyQt6_Qt6["Qt6"]\n    node_venv_lib_python3_12_site-packages_PyQt6_Qt6 --> node_venv_lib_python3_12_site-packages_PyQt6_Qt6_qml["qml"]\n    node_venv_lib_python3_12_site-packages_PyQt6_Qt6_qml --> node_venv_lib_python3_12_site-packages_PyQt6_Qt6_qml_QtQuick["QtQuick"]\n    node_venv_lib_python3_12_site-packages_PyQt6_Qt6_qml_QtQuick --> node_venv_lib_python3_12_site-packages_PyQt6_Qt6_qml_QtQuick_Controls["Controls"]\n    node_venv_lib_python3_12_site-packages_PyQt6_Qt6_qml_QtQuick_Controls --> node_venv_lib_python3_12_site-packages_PyQt6_Qt6_qml_QtQuick_Controls_macOS["macOS"]\n    node_venv_lib_python3_12_site-packages_PyQt6_Qt6_qml_QtQuick_Controls_macOS --> node_venv_lib_python3_12_site-packages_PyQt6_Qt6_qml_QtQuick_Controls_macOS_impl["impl"]\n    node_venv_lib_python3_12_site-packages_PyQt6_Qt6_qml_QtQuick_Controls_macOS_impl --> node_venv_lib_python3_12_site-packages_PyQt6_Qt6_qml_QtQuick_Controls_macOS_impl_libqtquickcontrols2macosstyleimplplugin_dylib["libqtquickcontrols2macosstyleimplplugin.dylib"]\n    Root --> node_venv["venv"]\n    node_venv --> node_venv_lib["lib"]\n    node_venv_lib --> node_venv_lib_python3_12["python3.12"]\n    node_venv_lib_python3_12 --> node_venv_lib_python3_12_site-packages["site-packages"]\n    node_venv_lib_python3_12_site-packages --> node_venv_lib_python3_12_site-packages_PyQt6["PyQt6"]\n    node_venv_lib_python3_12_site-packages_PyQt6 --> node_venv_lib_python3_12_site-packages_PyQt6_Qt6["Qt6"]\n    node_venv_lib_python3_12_site-packages_PyQt6_Qt6 --> node_venv_lib_python3_12_site-packages_PyQt6_Qt6_qml["qml"]\n    node_venv_lib_python3_12_site-packages_PyQt6_Qt6_qml --> node_venv_lib_python3_12_site-packages_PyQt6_Qt6_qml_QtQuick["QtQuick"]\n    node_venv_lib_python3_12_site-packages_PyQt6_Qt6_qml_QtQuick --> node_venv_lib_python3_12_site-packages_PyQt6_Qt6_qml_QtQuick_Controls["Controls"]\n    node_venv_lib_python3_12_site-packages_PyQt6_Qt6_qml_QtQuick_Controls --> node_venv_lib_python3_12_site-packages_PyQt6_Qt6_qml_QtQuick_Controls_macOS["macOS"]\n    node_venv_lib_python3_12_site-packages_PyQt6_Qt6_qml_QtQuick_Controls_macOS --> node_venv_lib_python3_12_site-packages_PyQt6_Qt6_qml_QtQuick_Controls_macOS_impl["impl"]\n    node_venv_lib_python3_12_site-packages_PyQt6_Qt6_qml_QtQuick_Controls_macOS_impl --> node_venv_lib_python3_12_site-packages_PyQt6_Qt6_qml_QtQuick_Controls_macOS_impl_qmldir["qmldir"]\n    Root --> node_venv["venv"]\n    node_venv --> node_venv_lib["lib"]\n    node_venv_lib --> node_venv_lib_python3_12["python3.12"]\n    node_venv_lib_python3_12 --> node_venv_lib_python3_12_site-packages["site-packages"]\n    node_venv_lib_python3_12_site-packages --> node_venv_lib_python3_12_site-packages_PyQt6["PyQt6"]\n    node_venv_lib_python3_12_site-packages_PyQt6 --> node_venv_lib_python3_12_site-packages_PyQt6_Qt6["Qt6"]\n    node_venv_lib_python3_12_site-packages_PyQt6_Qt6 --> node_venv_lib_python3_12_site-packages_PyQt6_Qt6_qml["qml"]\n    node_venv_lib_python3_12_site-packages_PyQt6_Qt6_qml --> node_venv_lib_python3_12_site-packages_PyQt6_Qt6_qml_QtQuick["QtQuick"]\n    node_venv_lib_python3_12_site-packages_PyQt6_Qt6_qml_QtQuick --> node_venv_lib_python3_12_site-packages_PyQt6_Qt6_qml_QtQuick_Controls["Controls"]\n    node_venv_lib_python3_12_site-packages_PyQt6_Qt6_qml_QtQuick_Controls --> node_venv_lib_python3_12_site-packages_PyQt6_Qt6_qml_QtQuick_Controls_macOS["macOS"]\n    node_venv_lib_python3_12_site-packages_PyQt6_Qt6_qml_QtQuick_Controls_macOS --> node_venv_lib_python3_12_site-packages_PyQt6_Qt6_qml_QtQuick_Controls_macOS_images["images"]\n    node_venv_lib_python3_12_site-packages_PyQt6_Qt6_qml_QtQuick_Controls_macOS_images --> node_venv_lib_python3_12_site-packages_PyQt6_Qt6_qml_QtQuick_Controls_macOS_images_busyindicator-dark_webp["busyindicator-dark.webp"]\n    Root --> node_venv["venv"]\n    node_venv --> node_venv_lib["lib"]\n    node_venv_lib --> node_venv_lib_python3_12["python3.12"]\n    node_venv_lib_python3_12 --> node_venv_lib_python3_12_site-packages["site-packages"]\n    node_venv_lib_python3_12_site-packages --> node_venv_lib_python3_12_site-packages_PyQt6["PyQt6"]\n    node_venv_lib_python3_12_site-packages_PyQt6 --> node_venv_lib_python3_12_site-packages_PyQt6_Qt6["Qt6"]\n    node_venv_lib_python3_12_site-packages_PyQt6_Qt6 --> node_venv_lib_python3_12_site-packages_PyQt6_Qt6_qml["qml"]\n    node_venv_lib_python3_12_site-packages_PyQt6_Qt6_qml --> node_venv_lib_python3_12_site-packages_PyQt6_Qt6_qml_QtQuick["QtQuick"]\n    node_venv_lib_python3_12_site-packages_PyQt6_Qt6_qml_QtQuick --> node_venv_lib_python3_12_site-packages_PyQt6_Qt6_qml_QtQuick_Controls["Controls"]\n    node_venv_lib_python3_12_site-packages_PyQt6_Qt6_qml_QtQuick_Controls --> node_venv_lib_python3_12_site-packages_PyQt6_Qt6_qml_QtQuick_Controls_macOS["macOS"]\n    node_venv_lib_python3_12_site-packages_PyQt6_Qt6_qml_QtQuick_Controls_macOS --> node_venv_lib_python3_12_site-packages_PyQt6_Qt6_qml_QtQuick_Controls_macOS_images["images"]\n    node_venv_lib_python3_12_site-packages_PyQt6_Qt6_qml_QtQuick_Controls_macOS_images --> node_venv_lib_python3_12_site-packages_PyQt6_Qt6_qml_QtQuick_Controls_macOS_images_busyindicator-dark@2x_webp["busyindicator-dark@2x.webp"]\n    Root --> node_venv["venv"]\n    node_venv --> node_venv_lib["lib"]\n    node_venv_lib --> node_venv_lib_python3_12["python3.12"]\n    node_venv_lib_python3_12 --> node_venv_lib_python3_12_site-packages["site-packages"]\n    node_venv_lib_python3_12_site-packages --> node_venv_lib_python3_12_site-packages_PyQt6["PyQt6"]\n    node_venv_lib_python3_12_site-packages_PyQt6 --> node_venv_lib_python3_12_site-packages_PyQt6_Qt6["Qt6"]\n    node_venv_lib_python3_12_site-packages_PyQt6_Qt6 --> node_venv_lib_python3_12_site-packages_PyQt6_Qt6_qml["qml"]\n    node_venv_lib_python3_12_site-packages_PyQt6_Qt6_qml --> node_venv_lib_python3_12_site-packages_PyQt6_Qt6_qml_QtQuick["QtQuick"]\n    node_venv_lib_python3_12_site-packages_PyQt6_Qt6_qml_QtQuick --> node_venv_lib_python3_12_site-packages_PyQt6_Qt6_qml_QtQuick_Controls["Controls"]\n    node_venv_lib_python3_12_site-packages_PyQt6_Qt6_qml_QtQuick_Controls --> node_venv_lib_python3_12_site-packages_PyQt6_Qt6_qml_QtQuick_Controls_macOS["macOS"]\n    node_venv_lib_python3_12_site-packages_PyQt6_Qt6_qml_QtQuick_Controls_macOS --> node_venv_lib_python3_12_site-packages_PyQt6_Qt6_qml_QtQuick_Controls_macOS_images["images"]\n    node_venv_lib_python3_12_site-packages_PyQt6_Qt6_qml_QtQuick_Controls_macOS_images --> node_venv_lib_python3_12_site-packages_PyQt6_Qt6_qml_QtQuick_Controls_macOS_images_busyindicator-dark@3x_webp["busyindicator-dark@3x.webp"]\n    Root --> node_venv["venv"]\n    node_venv --> node_venv_lib["lib"]\n    node_venv_lib --> node_venv_lib_python3_12["python3.12"]\n    node_venv_lib_python3_12 --> node_venv_lib_python3_12_site-packages["site-packages"]\n    node_venv_lib_python3_12_site-packages --> node_venv_lib_python3_12_site-packages_PyQt6["PyQt6"]\n    node_venv_lib_python3_12_site-packages_PyQt6 --> node_venv_lib_python3_12_site-packages_PyQt6_Qt6["Qt6"]\n    node_venv_lib_python3_12_site-packages_PyQt6_Qt6 --> node_venv_lib_python3_12_site-packages_PyQt6_Qt6_qml["qml"]\n    node_venv_lib_python3_12_site-packages_PyQt6_Qt6_qml --> node_venv_lib_python3_12_site-packages_PyQt6_Qt6_qml_QtQuick["QtQuick"]\n    node_venv_lib_python3_12_site-packages_PyQt6_Qt6_qml_QtQuick --> node_venv_lib_python3_12_site-packages_PyQt6_Qt6_qml_QtQuick_Controls["Controls"]\n    node_venv_lib_python3_12_site-packages_PyQt6_Qt6_qml_QtQuick_Controls --> node_venv_lib_python3_12_site-packages_PyQt6_Qt6_qml_QtQuick_Controls_macOS["macOS"]\n    node_venv_lib_python3_12_site-packages_PyQt6_Qt6_qml_QtQuick_Controls_macOS --> node_venv_lib_python3_12_site-packages_PyQt6_Qt6_qml_QtQuick_Controls_macOS_images["images"]\n    node_venv_lib_python3_12_site-packages_PyQt6_Qt6_qml_QtQuick_Controls_macOS_images --> node_venv_lib_python3_12_site-packages_PyQt6_Qt6_qml_QtQuick_Controls_macOS_images_busyindicator-light_webp["busyindicator-light.webp"]\n    Root --> node_venv["venv"]\n    node_venv --> node_venv_lib["lib"]\n    node_venv_lib --> node_venv_lib_python3_12["python3.12"]\n    node_venv_lib_python3_12 --> node_venv_lib_python3_12_site-packages["site-packages"]\n    node_venv_lib_python3_12_site-packages --> node_venv_lib_python3_12_site-packages_PyQt6["PyQt6"]\n    node_venv_lib_python3_12_site-packages_PyQt6 --> node_venv_lib_python3_12_site-packages_PyQt6_Qt6["Qt6"]\n    node_venv_lib_python3_12_site-packages_PyQt6_Qt6 --> node_venv_lib_python3_12_site-packages_PyQt6_Qt6_qml["qml"]\n    node_venv_lib_python3_12_site-packages_PyQt6_Qt6_qml --> node_venv_lib_python3_12_site-packages_PyQt6_Qt6_qml_QtQuick["QtQuick"]\n    node_venv_lib_python3_12_site-packages_PyQt6_Qt6_qml_QtQuick --> node_venv_lib_python3_12_site-packages_PyQt6_Qt6_qml_QtQuick_Controls["Controls"]\n    node_venv_lib_python3_12_site-packages_PyQt6_Qt6_qml_QtQuick_Controls --> node_venv_lib_python3_12_site-packages_PyQt6_Qt6_qml_QtQuick_Controls_macOS["macOS"]\n    node_venv_lib_python3_12_site-packages_PyQt6_Qt6_qml_QtQuick_Controls_macOS --> node_venv_lib_python3_12_site-packages_PyQt6_Qt6_qml_QtQuick_Controls_macOS_images["images"]\n    node_venv_lib_python3_12_site-packages_PyQt6_Qt6_qml_QtQuick_Controls_macOS_images --> node_venv_lib_python3_12_site-packages_PyQt6_Qt6_qml_QtQuick_Controls_macOS_images_busyindicator-light@2x_webp["busyindicator-light@2x.webp"]\n    Root --> node_venv["venv"]\n    node_venv --> node_venv_lib["lib"]\n    node_venv_lib --> node_venv_lib_python3_12["python3.12"]\n    node_venv_lib_python3_12 --> node_venv_lib_python3_12_site-packages["site-packages"]\n    node_venv_lib_python3_12_site-packages --> node_venv_lib_python3_12_site-packages_PyQt6["PyQt6"]\n    node_venv_lib_python3_12_site-packages_PyQt6 --> node_venv_lib_python3_12_site-packages_PyQt6_Qt6["Qt6"]\n    node_venv_lib_python3_12_site-packages_PyQt6_Qt6 --> node_venv_lib_python3_12_site-packages_PyQt6_Qt6_qml["qml"]\n    node_venv_lib_python3_12_site-packages_PyQt6_Qt6_qml --> node_venv_lib_python3_12_site-packages_PyQt6_Qt6_qml_QtQuick["QtQuick"]\n    node_venv_lib_python3_12_site-packages_PyQt6_Qt6_qml_QtQuick --> node_venv_lib_python3_12_site-packages_PyQt6_Qt6_qml_QtQuick_Controls["Controls"]\n    node_venv_lib_python3_12_site-packages_PyQt6_Qt6_qml_QtQuick_Controls --> node_venv_lib_python3_12_site-packages_PyQt6_Qt6_qml_QtQuick_Controls_macOS["macOS"]\n    node_venv_lib_python3_12_site-packages_PyQt6_Qt6_qml_QtQuick_Controls_macOS --> node_venv_lib_python3_12_site-packages_PyQt6_Qt6_qml_QtQuick_Controls_macOS_images["images"]\n    node_venv_lib_python3_12_site-packages_PyQt6_Qt6_qml_QtQuick_Controls_macOS_images --> node_venv_lib_python3_12_site-packages_PyQt6_Qt6_qml_QtQuick_Controls_macOS_images_busyindicator-light@3x_webp["busyindicator-light@3x.webp"]\n    Root --> node_venv["venv"]\n    node_venv --> node_venv_lib["lib"]\n    node_venv_lib --> node_venv_lib_python3_12["python3.12"]\n    node_venv_lib_python3_12 --> node_venv_lib_python3_12_site-packages["site-packages"]\n    node_venv_lib_python3_12_site-packages --> node_venv_lib_python3_12_site-packages_PyQt6["PyQt6"]\n    node_venv_lib_python3_12_site-packages_PyQt6 --> node_venv_lib_python3_12_site-packages_PyQt6_Qt6["Qt6"]\n    node_venv_lib_python3_12_site-packages_PyQt6_Qt6 --> node_venv_lib_python3_12_site-packages_PyQt6_Qt6_qml["qml"]\n    node_venv_lib_python3_12_site-packages_PyQt6_Qt6_qml --> node_venv_lib_python3_12_site-packages_PyQt6_Qt6_qml_QtQuick["QtQuick"]\n    node_venv_lib_python3_12_site-packages_PyQt6_Qt6_qml_QtQuick --> node_venv_lib_python3_12_site-packages_PyQt6_Qt6_qml_QtQuick_Controls["Controls"]\n    node_venv_lib_python3_12_site-packages_PyQt6_Qt6_qml_QtQuick_Controls --> node_venv_lib_python3_12_site-packages_PyQt6_Qt6_qml_QtQuick_Controls_macOS["macOS"]\n    node_venv_lib_python3_12_site-packages_PyQt6_Qt6_qml_QtQuick_Controls_macOS --> node_venv_lib_python3_12_site-packages_PyQt6_Qt6_qml_QtQuick_Controls_macOS_images["images"]\n    node_venv_lib_python3_12_site-packages_PyQt6_Qt6_qml_QtQuick_Controls_macOS_images --> node_venv_lib_python3_12_site-packages_PyQt6_Qt6_qml_QtQuick_Controls_macOS_images_checkmark_png["checkmark.png"]\n    Root --> node_venv["venv"]\n    node_venv --> node_venv_lib["lib"]\n    node_venv_lib --> node_venv_lib_python3_12["python3.12"]\n    node_venv_lib_python3_12 --> node_venv_lib_python3_12_site-packages["site-packages"]\n    node_venv_lib_python3_12_site-packages --> node_venv_lib_python3_12_site-packages_PyQt6["PyQt6"]\n    node_venv_lib_python3_12_site-packages_PyQt6 --> node_venv_lib_python3_12_site-packages_PyQt6_Qt6["Qt6"]\n    node_venv_lib_python3_12_site-packages_PyQt6_Qt6 --> node_venv_lib_python3_12_site-packages_PyQt6_Qt6_qml["qml"]\n    node_venv_lib_python3_12_site-packages_PyQt6_Qt6_qml --> node_venv_lib_python3_12_site-packages_PyQt6_Qt6_qml_QtQuick["QtQuick"]\n    node_venv_lib_python3_12_site-packages_PyQt6_Qt6_qml_QtQuick --> node_venv_lib_python3_12_site-packages_PyQt6_Qt6_qml_QtQuick_Controls["Controls"]\n    node_venv_lib_python3_12_site-packages_PyQt6_Qt6_qml_QtQuick_Controls --> node_venv_lib_python3_12_site-packages_PyQt6_Qt6_qml_QtQuick_Controls_macOS["macOS"]\n    node_venv_lib_python3_12_site-packages_PyQt6_Qt6_qml_QtQuick_Controls_macOS --> node_venv_lib_python3_12_site-packages_PyQt6_Qt6_qml_QtQuick_Controls_macOS_images["images"]\n    node_venv_lib_python3_12_site-packages_PyQt6_Qt6_qml_QtQuick_Controls_macOS_images --> node_venv_lib_python3_12_site-packages_PyQt6_Qt6_qml_QtQuick_Controls_macOS_images_checkmark@2x_png["checkmark@2x.png"]\n    Root --> node_venv["venv"]\n    node_venv --> node_venv_lib["lib"]\n    node_venv_lib --> node_venv_lib_python3_12["python3.12"]\n    node_venv_lib_python3_12 --> node_venv_lib_python3_12_site-packages["site-packages"]\n    node_venv_lib_python3_12_site-packages --> node_venv_lib_python3_12_site-packages_PyQt6["PyQt6"]\n    node_venv_lib_python3_12_site-packages_PyQt6 --> node_venv_lib_python3_12_site-packages_PyQt6_Qt6["Qt6"]\n    node_venv_lib_python3_12_site-packages_PyQt6_Qt6 --> node_venv_lib_python3_12_site-packages_PyQt6_Qt6_qml["qml"]\n    node_venv_lib_python3_12_site-packages_PyQt6_Qt6_qml --> node_venv_lib_python3_12_site-packages_PyQt6_Qt6_qml_QtQuick["QtQuick"]\n    node_venv_lib_python3_12_site-packages_PyQt6_Qt6_qml_QtQuick --> node_venv_lib_python3_12_site-packages_PyQt6_Qt6_qml_QtQuick_Controls["Controls"]\n    node_venv_lib_python3_12_site-packages_PyQt6_Qt6_qml_QtQuick_Controls --> node_venv_lib_python3_12_site-packages_PyQt6_Qt6_qml_QtQuick_Controls_macOS["macOS"]\n    node_venv_lib_python3_12_site-packages_PyQt6_Qt6_qml_QtQuick_Controls_macOS --> node_venv_lib_python3_12_site-packages_PyQt6_Qt6_qml_QtQuick_Controls_macOS_images["images"]\n    node_venv_lib_python3_12_site-packages_PyQt6_Qt6_qml_QtQuick_Controls_macOS_images --> node_venv_lib_python3_12_site-packages_PyQt6_Qt6_qml_QtQuick_Controls_macOS_images_checkmark@3x_png["checkmark@3x.png"]\n    Root --> node_venv["venv"]\n    node_venv --> node_venv_lib["lib"]\n    node_venv_lib --> node_venv_lib_python3_12["python3.12"]\n    node_venv_lib_python3_12 --> node_venv_lib_python3_12_site-packages["site-packages"]\n    node_venv_lib_python3_12_site-packages --> node_venv_lib_python3_12_site-packages_PyQt6["PyQt6"]\n    node_venv_lib_python3_12_site-packages_PyQt6 --> node_venv_lib_python3_12_site-packages_PyQt6_Qt6["Qt6"]\n    node_venv_lib_python3_12_site-packages_PyQt6_Qt6 --> node_venv_lib_python3_12_site-packages_PyQt6_Qt6_qml["qml"]\n    node_venv_lib_python3_12_site-packages_PyQt6_Qt6_qml --> node_venv_lib_python3_12_site-packages_PyQt6_Qt6_qml_QtQuick["QtQuick"]\n    node_venv_lib_python3_12_site-packages_PyQt6_Qt6_qml_QtQuick --> node_venv_lib_python3_12_site-packages_PyQt6_Qt6_qml_QtQuick_Controls["Controls"]\n    node_venv_lib_python3_12_site-packages_PyQt6_Qt6_qml_QtQuick_Controls --> node_venv_lib_python3_12_site-packages_PyQt6_Qt6_qml_QtQuick_Controls_macOS["macOS"]\n    node_venv_lib_python3_12_site-packages_PyQt6_Qt6_qml_QtQuick_Controls_macOS --> node_venv_lib_python3_12_site-packages_PyQt6_Qt6_qml_QtQuick_Controls_macOS_images["images"]\n    node_venv_lib_python3_12_site-packages_PyQt6_Qt6_qml_QtQuick_Controls_macOS_images --> node_venv_lib_python3_12_site-packages_PyQt6_Qt6_qml_QtQuick_Controls_macOS_images_menuarrow_png["menuarrow.png"]\n    Root --> node_venv["venv"]\n    node_venv --> node_venv_lib["lib"]\n    node_venv_lib --> node_venv_lib_python3_12["python3.12"]\n    node_venv_lib_python3_12 --> node_venv_lib_python3_12_site-packages["site-packages"]\n    node_venv_lib_python3_12_site-packages --> node_venv_lib_python3_12_site-packages_PyQt6["PyQt6"]\n    node_venv_lib_python3_12_site-packages_PyQt6 --> node_venv_lib_python3_12_site-packages_PyQt6_Qt6["Qt6"]\n    node_venv_lib_python3_12_site-packages_PyQt6_Qt6 --> node_venv_lib_python3_12_site-packages_PyQt6_Qt6_qml["qml"]\n    node_venv_lib_python3_12_site-packages_PyQt6_Qt6_qml --> node_venv_lib_python3_12_site-packages_PyQt6_Qt6_qml_QtQuick["QtQuick"]\n    node_venv_lib_python3_12_site-packages_PyQt6_Qt6_qml_QtQuick --> node_venv_lib_python3_12_site-packages_PyQt6_Qt6_qml_QtQuick_Controls["Controls"]\n    node_venv_lib_python3_12_site-packages_PyQt6_Qt6_qml_QtQuick_Controls --> node_venv_lib_python3_12_site-packages_PyQt6_Qt6_qml_QtQuick_Controls_macOS["macOS"]\n    node_venv_lib_python3_12_site-packages_PyQt6_Qt6_qml_QtQuick_Controls_macOS --> node_venv_lib_python3_12_site-packages_PyQt6_Qt6_qml_QtQuick_Controls_macOS_images["images"]\n    node_venv_lib_python3_12_site-packages_PyQt6_Qt6_qml_QtQuick_Controls_macOS_images --> node_venv_lib_python3_12_site-packages_PyQt6_Qt6_qml_QtQuick_Controls_macOS_images_menuarrow@2x_png["menuarrow@2x.png"]\n    Root --> node_venv["venv"]\n    node_venv --> node_venv_lib["lib"]\n    node_venv_lib --> node_venv_lib_python3_12["python3.12"]\n    node_venv_lib_python3_12 --> node_venv_lib_python3_12_site-packages["site-packages"]\n    node_venv_lib_python3_12_site-packages --> node_venv_lib_python3_12_site-packages_PyQt6["PyQt6"]\n    node_venv_lib_python3_12_site-packages_PyQt6 --> node_venv_lib_python3_12_site-packages_PyQt6_Qt6["Qt6"]\n    node_venv_lib_python3_12_site-packages_PyQt6_Qt6 --> node_venv_lib_python3_12_site-packages_PyQt6_Qt6_qml["qml"]\n    node_venv_lib_python3_12_site-packages_PyQt6_Qt6_qml --> node_venv_lib_python3_12_site-packages_PyQt6_Qt6_qml_QtQuick["QtQuick"]\n    node_venv_lib_python3_12_site-packages_PyQt6_Qt6_qml_QtQuick --> node_venv_lib_python3_12_site-packages_PyQt6_Qt6_qml_QtQuick_Controls["Controls"]\n    node_venv_lib_python3_12_site-packages_PyQt6_Qt6_qml_QtQuick_Controls --> node_venv_lib_python3_12_site-packages_PyQt6_Qt6_qml_QtQuick_Controls_macOS["macOS"]\n    node_venv_lib_python3_12_site-packages_PyQt6_Qt6_qml_QtQuick_Controls_macOS --> node_venv_lib_python3_12_site-packages_PyQt6_Qt6_qml_QtQuick_Controls_macOS_images["images"]\n    node_venv_lib_python3_12_site-packages_PyQt6_Qt6_qml_QtQuick_Controls_macOS_images --> node_venv_lib_python3_12_site-packages_PyQt6_Qt6_qml_QtQuick_Controls_macOS_images_menuarrow@3x_png["menuarrow@3x.png"]\n    Root --> node_venv["venv"]\n    node_venv --> node_venv_lib["lib"]\n    node_venv_lib --> node_venv_lib_python3_12["python3.12"]\n    node_venv_lib_python3_12 --> node_venv_lib_python3_12_site-packages["site-packages"]\n    node_venv_lib_python3_12_site-packages --> node_venv_lib_python3_12_site-packages_PyQt6["PyQt6"]\n    node_venv_lib_python3_12_site-packages_PyQt6 --> node_venv_lib_python3_12_site-packages_PyQt6_Qt6["Qt6"]\n    node_venv_lib_python3_12_site-packages_PyQt6_Qt6 --> node_venv_lib_python3_12_site-packages_PyQt6_Qt6_qml["qml"]\n    node_venv_lib_python3_12_site-packages_PyQt6_Qt6_qml --> node_venv_lib_python3_12_site-packages_PyQt6_Qt6_qml_QtQuick["QtQuick"]\n    node_venv_lib_python3_12_site-packages_PyQt6_Qt6_qml_QtQuick --> node_venv_lib_python3_12_site-packages_PyQt6_Qt6_qml_QtQuick_Controls["Controls"]\n    node_venv_lib_python3_12_site-packages_PyQt6_Qt6_qml_QtQuick_Controls --> node_venv_lib_python3_12_site-packages_PyQt6_Qt6_qml_QtQuick_Controls_Universal["Universal"]\n    node_venv_lib_python3_12_site-packages_PyQt6_Qt6_qml_QtQuick_Controls_Universal --> node_venv_lib_python3_12_site-packages_PyQt6_Qt6_qml_QtQuick_Controls_Universal_ApplicationWindow_qml["ApplicationWindow.qml"]\n    Root --> node_venv["venv"]\n    node_venv --> node_venv_lib["lib"]\n    node_venv_lib --> node_venv_lib_python3_12["python3.12"]\n    node_venv_lib_python3_12 --> node_venv_lib_python3_12_site-packages["site-packages"]\n    node_venv_lib_python3_12_site-packages --> node_venv_lib_python3_12_site-packages_PyQt6["PyQt6"]\n    node_venv_lib_python3_12_site-packages_PyQt6 --> node_venv_lib_python3_12_site-packages_PyQt6_Qt6["Qt6"]\n    node_venv_lib_python3_12_site-packages_PyQt6_Qt6 --> node_venv_lib_python3_12_site-packages_PyQt6_Qt6_qml["qml"]\n    node_venv_lib_python3_12_site-packages_PyQt6_Qt6_qml --> node_venv_lib_python3_12_site-packages_PyQt6_Qt6_qml_QtQuick["QtQuick"]\n    node_venv_lib_python3_12_site-packages_PyQt6_Qt6_qml_QtQuick --> node_venv_lib_python3_12_site-packages_PyQt6_Qt6_qml_QtQuick_Controls["Controls"]\n    node_venv_lib_python3_12_site-packages_PyQt6_Qt6_qml_QtQuick_Controls --> node_venv_lib_python3_12_site-packages_PyQt6_Qt6_qml_QtQuick_Controls_Universal["Universal"]\n    node_venv_lib_python3_12_site-packages_PyQt6_Qt6_qml_QtQuick_Controls_Universal --> node_venv_lib_python3_12_site-packages_PyQt6_Qt6_qml_QtQuick_Controls_Universal_BusyIndicator_qml["BusyIndicator.qml"]\n    Root --> node_venv["venv"]\n    node_venv --> node_venv_lib["lib"]\n    node_venv_lib --> node_venv_lib_python3_12["python3.12"]\n    node_venv_lib_python3_12 --> node_venv_lib_python3_12_site-packages["site-packages"]\n    node_venv_lib_python3_12_site-packages --> node_venv_lib_python3_12_site-packages_PyQt6["PyQt6"]\n    node_venv_lib_python3_12_site-packages_PyQt6 --> node_venv_lib_python3_12_site-packages_PyQt6_Qt6["Qt6"]\n    node_venv_lib_python3_12_site-packages_PyQt6_Qt6 --> node_venv_lib_python3_12_site-packages_PyQt6_Qt6_qml["qml"]\n    node_venv_lib_python3_12_site-packages_PyQt6_Qt6_qml --> node_venv_lib_python3_12_site-packages_PyQt6_Qt6_qml_QtQuick["QtQuick"]\n    node_venv_lib_python3_12_site-packages_PyQt6_Qt6_qml_QtQuick --> node_venv_lib_python3_12_site-packages_PyQt6_Qt6_qml_QtQuick_Controls["Controls"]\n    node_venv_lib_python3_12_site-packages_PyQt6_Qt6_qml_QtQuick_Controls --> node_venv_lib_python3_12_site-packages_PyQt6_Qt6_qml_QtQuick_Controls_Universal["Universal"]\n    node_venv_lib_python3_12_site-packages_PyQt6_Qt6_qml_QtQuick_Controls_Universal --> node_venv_lib_python3_12_site-packages_PyQt6_Qt6_qml_QtQuick_Controls_Universal_Button_qml["Button.qml"]\n    Root --> node_venv["venv"]\n    node_venv --> node_venv_lib["lib"]\n    node_venv_lib --> node_venv_lib_python3_12["python3.12"]\n    node_venv_lib_python3_12 --> node_venv_lib_python3_12_site-packages["site-packages"]\n    node_venv_lib_python3_12_site-packages --> node_venv_lib_python3_12_site-packages_PyQt6["PyQt6"]\n    node_venv_lib_python3_12_site-packages_PyQt6 --> node_venv_lib_python3_12_site-packages_PyQt6_Qt6["Qt6"]\n    node_venv_lib_python3_12_site-packages_PyQt6_Qt6 --> node_venv_lib_python3_12_site-packages_PyQt6_Qt6_qml["qml"]\n    node_venv_lib_python3_12_site-packages_PyQt6_Qt6_qml --> node_venv_lib_python3_12_site-packages_PyQt6_Qt6_qml_QtQuick["QtQuick"]\n    node_venv_lib_python3_12_site-packages_PyQt6_Qt6_qml_QtQuick --> node_venv_lib_python3_12_site-packages_PyQt6_Qt6_qml_QtQuick_Controls["Controls"]\n    node_venv_lib_python3_12_site-packages_PyQt6_Qt6_qml_QtQuick_Controls --> node_venv_lib_python3_12_site-packages_PyQt6_Qt6_qml_QtQuick_Controls_Universal["Universal"]\n    node_venv_lib_python3_12_site-packages_PyQt6_Qt6_qml_QtQuick_Controls_Universal --> node_venv_lib_python3_12_site-packages_PyQt6_Qt6_qml_QtQuick_Controls_Universal_CheckBox_qml["CheckBox.qml"]\n    Root --> node_venv["venv"]\n    node_venv --> node_venv_lib["lib"]\n    node_venv_lib --> node_venv_lib_python3_12["python3.12"]\n    node_venv_lib_python3_12 --> node_venv_lib_python3_12_site-packages["site-packages"]\n    node_venv_lib_python3_12_site-packages --> node_venv_lib_python3_12_site-packages_PyQt6["PyQt6"]\n    node_venv_lib_python3_12_site-packages_PyQt6 --> node_venv_lib_python3_12_site-packages_PyQt6_Qt6["Qt6"]\n    node_venv_lib_python3_12_site-packages_PyQt6_Qt6 --> node_venv_lib_python3_12_site-packages_PyQt6_Qt6_qml["qml"]\n    node_venv_lib_python3_12_site-packages_PyQt6_Qt6_qml --> node_venv_lib_python3_12_site-packages_PyQt6_Qt6_qml_QtQuick["QtQuick"]\n    node_venv_lib_python3_12_site-packages_PyQt6_Qt6_qml_QtQuick --> node_venv_lib_python3_12_site-packages_PyQt6_Qt6_qml_QtQuick_Controls["Controls"]\n    node_venv_lib_python3_12_site-packages_PyQt6_Qt6_qml_QtQuick_Controls --> node_venv_lib_python3_12_site-packages_PyQt6_Qt6_qml_QtQuick_Controls_Universal["Universal"]\n    node_venv_lib_python3_12_site-packages_PyQt6_Qt6_qml_QtQuick_Controls_Universal --> node_venv_lib_python3_12_site-packages_PyQt6_Qt6_qml_QtQuick_Controls_Universal_CheckDelegate_qml["CheckDelegate.qml"]\n    Root --> node_venv["venv"]\n    node_venv --> node_venv_lib["lib"]\n    node_venv_lib --> node_venv_lib_python3_12["python3.12"]\n    node_venv_lib_python3_12 --> node_venv_lib_python3_12_site-packages["site-packages"]\n    node_venv_lib_python3_12_site-packages --> node_venv_lib_python3_12_site-packages_PyQt6["PyQt6"]\n    node_venv_lib_python3_12_site-packages_PyQt6 --> node_venv_lib_python3_12_site-packages_PyQt6_Qt6["Qt6"]\n    node_venv_lib_python3_12_site-packages_PyQt6_Qt6 --> node_venv_lib_python3_12_site-packages_PyQt6_Qt6_qml["qml"]\n    node_venv_lib_python3_12_site-packages_PyQt6_Qt6_qml --> node_venv_lib_python3_12_site-packages_PyQt6_Qt6_qml_QtQuick["QtQuick"]\n    node_venv_lib_python3_12_site-packages_PyQt6_Qt6_qml_QtQuick --> node_venv_lib_python3_12_site-packages_PyQt6_Qt6_qml_QtQuick_Controls["Controls"]\n    node_venv_lib_python3_12_site-packages_PyQt6_Qt6_qml_QtQuick_Controls --> node_venv_lib_python3_12_site-packages_PyQt6_Qt6_qml_QtQuick_Controls_Universal["Universal"]\n    node_venv_lib_python3_12_site-packages_PyQt6_Qt6_qml_QtQuick_Controls_Universal --> node_venv_lib_python3_12_site-packages_PyQt6_Qt6_qml_QtQuick_Controls_Universal_ComboBox_qml["ComboBox.qml"]\n    Root --> node_venv["venv"]\n    node_venv --> node_venv_lib["lib"]\n    node_venv_lib --> node_venv_lib_python3_12["python3.12"]\n    node_venv_lib_python3_12 --> node_venv_lib_python3_12_site-packages["site-packages"]\n    node_venv_lib_python3_12_site-packages --> node_venv_lib_python3_12_site-packages_PyQt6["PyQt6"]\n    node_venv_lib_python3_12_site-packages_PyQt6 --> node_venv_lib_python3_12_site-packages_PyQt6_Qt6["Qt6"]\n    node_venv_lib_python3_12_site-packages_PyQt6_Qt6 --> node_venv_lib_python3_12_site-packages_PyQt6_Qt6_qml["qml"]\n    node_venv_lib_python3_12_site-packages_PyQt6_Qt6_qml --> node_venv_lib_python3_12_site-packages_PyQt6_Qt6_qml_QtQuick["QtQuick"]\n    node_venv_lib_python3_12_site-packages_PyQt6_Qt6_qml_QtQuick --> node_venv_lib_python3_12_site-packages_PyQt6_Qt6_qml_QtQuick_Controls["Controls"]\n    node_venv_lib_python3_12_site-packages_PyQt6_Qt6_qml_QtQuick_Controls --> node_venv_lib_python3_12_site-packages_PyQt6_Qt6_qml_QtQuick_Controls_Universal["Universal"]\n    node_venv_lib_python3_12_site-packages_PyQt6_Qt6_qml_QtQuick_Controls_Universal --> node_venv_lib_python3_12_site-packages_PyQt6_Qt6_qml_QtQuick_Controls_Universal_DelayButton_qml["DelayButton.qml"]\n    Root --> node_venv["venv"]\n    node_venv --> node_venv_lib["lib"]\n    node_venv_lib --> node_venv_lib_python3_12["python3.12"]\n    node_venv_lib_python3_12 --> node_venv_lib_python3_12_site-packages["site-packages"]\n    node_venv_lib_python3_12_site-packages --> node_venv_lib_python3_12_site-packages_PyQt6["PyQt6"]\n    node_venv_lib_python3_12_site-packages_PyQt6 --> node_venv_lib_python3_12_site-packages_PyQt6_Qt6["Qt6"]\n    node_venv_lib_python3_12_site-packages_PyQt6_Qt6 --> node_venv_lib_python3_12_site-packages_PyQt6_Qt6_qml["qml"]\n    node_venv_lib_python3_12_site-packages_PyQt6_Qt6_qml --> node_venv_lib_python3_12_site-packages_PyQt6_Qt6_qml_QtQuick["QtQuick"]\n    node_venv_lib_python3_12_site-packages_PyQt6_Qt6_qml_QtQuick --> node_venv_lib_python3_12_site-packages_PyQt6_Qt6_qml_QtQuick_Controls["Controls"]\n    node_venv_lib_python3_12_site-packages_PyQt6_Qt6_qml_QtQuick_Controls --> node_venv_lib_python3_12_site-packages_PyQt6_Qt6_qml_QtQuick_Controls_Universal["Universal"]\n    node_venv_lib_python3_12_site-packages_PyQt6_Qt6_qml_QtQuick_Controls_Universal --> node_venv_lib_python3_12_site-packages_PyQt6_Qt6_qml_QtQuick_Controls_Universal_Dial_qml["Dial.qml"]\n    Root --> node_venv["venv"]\n    node_venv --> node_venv_lib["lib"]\n    node_venv_lib --> node_venv_lib_python3_12["python3.12"]\n    node_venv_lib_python3_12 --> node_venv_lib_python3_12_site-packages["site-packages"]\n    node_venv_lib_python3_12_site-packages --> node_venv_lib_python3_12_site-packages_PyQt6["PyQt6"]\n    node_venv_lib_python3_12_site-packages_PyQt6 --> node_venv_lib_python3_12_site-packages_PyQt6_Qt6["Qt6"]\n    node_venv_lib_python3_12_site-packages_PyQt6_Qt6 --> node_venv_lib_python3_12_site-packages_PyQt6_Qt6_qml["qml"]\n    node_venv_lib_python3_12_site-packages_PyQt6_Qt6_qml --> node_venv_lib_python3_12_site-packages_PyQt6_Qt6_qml_QtQuick["QtQuick"]\n    node_venv_lib_python3_12_site-packages_PyQt6_Qt6_qml_QtQuick --> node_venv_lib_python3_12_site-packages_PyQt6_Qt6_qml_QtQuick_Controls["Controls"]\n    node_venv_lib_python3_12_site-packages_PyQt6_Qt6_qml_QtQuick_Controls --> node_venv_lib_python3_12_site-packages_PyQt6_Qt6_qml_QtQuick_Controls_Universal["Universal"]\n    node_venv_lib_python3_12_site-packages_PyQt6_Qt6_qml_QtQuick_Controls_Universal --> node_venv_lib_python3_12_site-packages_PyQt6_Qt6_qml_QtQuick_Controls_Universal_Dialog_qml["Dialog.qml"]\n    Root --> node_venv["venv"]\n    node_venv --> node_venv_lib["lib"]\n    node_venv_lib --> node_venv_lib_python3_12["python3.12"]\n    node_venv_lib_python3_12 --> node_venv_lib_python3_12_site-packages["site-packages"]\n    node_venv_lib_python3_12_site-packages --> node_venv_lib_python3_12_site-packages_PyQt6["PyQt6"]\n    node_venv_lib_python3_12_site-packages_PyQt6 --> node_venv_lib_python3_12_site-packages_PyQt6_Qt6["Qt6"]\n    node_venv_lib_python3_12_site-packages_PyQt6_Qt6 --> node_venv_lib_python3_12_site-packages_PyQt6_Qt6_qml["qml"]\n    node_venv_lib_python3_12_site-packages_PyQt6_Qt6_qml --> node_venv_lib_python3_12_site-packages_PyQt6_Qt6_qml_QtQuick["QtQuick"]\n    node_venv_lib_python3_12_site-packages_PyQt6_Qt6_qml_QtQuick --> node_venv_lib_python3_12_site-packages_PyQt6_Qt6_qml_QtQuick_Controls["Controls"]\n    node_venv_lib_python3_12_site-packages_PyQt6_Qt6_qml_QtQuick_Controls --> node_venv_lib_python3_12_site-packages_PyQt6_Qt6_qml_QtQuick_Controls_Universal["Universal"]\n    node_venv_lib_python3_12_site-packages_PyQt6_Qt6_qml_QtQuick_Controls_Universal --> node_venv_lib_python3_12_site-packages_PyQt6_Qt6_qml_QtQuick_Controls_Universal_DialogButtonBox_qml["DialogButtonBox.qml"]\n    Root --> node_venv["venv"]\n    node_venv --> node_venv_lib["lib"]\n    node_venv_lib --> node_venv_lib_python3_12["python3.12"]\n    node_venv_lib_python3_12 --> node_venv_lib_python3_12_site-packages["site-packages"]\n    node_venv_lib_python3_12_site-packages --> node_venv_lib_python3_12_site-packages_PyQt6["PyQt6"]\n    node_venv_lib_python3_12_site-packages_PyQt6 --> node_venv_lib_python3_12_site-packages_PyQt6_Qt6["Qt6"]\n    node_venv_lib_python3_12_site-packages_PyQt6_Qt6 --> node_venv_lib_python3_12_site-packages_PyQt6_Qt6_qml["qml"]\n    node_venv_lib_python3_12_site-packages_PyQt6_Qt6_qml --> node_venv_lib_python3_12_site-packages_PyQt6_Qt6_qml_QtQuick["QtQuick"]\n    node_venv_lib_python3_12_site-packages_PyQt6_Qt6_qml_QtQuick --> node_venv_lib_python3_12_site-packages_PyQt6_Qt6_qml_QtQuick_Controls["Controls"]\n    node_venv_lib_python3_12_site-packages_PyQt6_Qt6_qml_QtQuick_Controls --> node_venv_lib_python3_12_site-packages_PyQt6_Qt6_qml_QtQuick_Controls_Universal["Universal"]\n    node_venv_lib_python3_12_site-packages_PyQt6_Qt6_qml_QtQuick_Controls_Universal --> node_venv_lib_python3_12_site-packages_PyQt6_Qt6_qml_QtQuick_Controls_Universal_Drawer_qml["Drawer.qml"]\n    Root --> node_venv["venv"]\n    node_venv --> node_venv_lib["lib"]\n    node_venv_lib --> node_venv_lib_python3_12["python3.12"]\n    node_venv_lib_python3_12 --> node_venv_lib_python3_12_site-packages["site-packages"]\n    node_venv_lib_python3_12_site-packages --> node_venv_lib_python3_12_site-packages_PyQt6["PyQt6"]\n    node_venv_lib_python3_12_site-packages_PyQt6 --> node_venv_lib_python3_12_site-packages_PyQt6_Qt6["Qt6"]\n    node_venv_lib_python3_12_site-packages_PyQt6_Qt6 --> node_venv_lib_python3_12_site-packages_PyQt6_Qt6_qml["qml"]\n    node_venv_lib_python3_12_site-packages_PyQt6_Qt6_qml --> node_venv_lib_python3_12_site-packages_PyQt6_Qt6_qml_QtQuick["QtQuick"]\n    node_venv_lib_python3_12_site-packages_PyQt6_Qt6_qml_QtQuick --> node_venv_lib_python3_12_site-packages_PyQt6_Qt6_qml_QtQuick_Controls["Controls"]\n    node_venv_lib_python3_12_site-packages_PyQt6_Qt6_qml_QtQuick_Controls --> node_venv_lib_python3_12_site-packages_PyQt6_Qt6_qml_QtQuick_Controls_Universal["Universal"]\n    node_venv_lib_python3_12_site-packages_PyQt6_Qt6_qml_QtQuick_Controls_Universal --> node_venv_lib_python3_12_site-packages_PyQt6_Qt6_qml_QtQuick_Controls_Universal_Frame_qml["Frame.qml"]\n    Root --> node_venv["venv"]\n    node_venv --> node_venv_lib["lib"]\n    node_venv_lib --> node_venv_lib_python3_12["python3.12"]\n    node_venv_lib_python3_12 --> node_venv_lib_python3_12_site-packages["site-packages"]\n    node_venv_lib_python3_12_site-packages --> node_venv_lib_python3_12_site-packages_PyQt6["PyQt6"]\n    node_venv_lib_python3_12_site-packages_PyQt6 --> node_venv_lib_python3_12_site-packages_PyQt6_Qt6["Qt6"]\n    node_venv_lib_python3_12_site-packages_PyQt6_Qt6 --> node_venv_lib_python3_12_site-packages_PyQt6_Qt6_qml["qml"]\n    node_venv_lib_python3_12_site-packages_PyQt6_Qt6_qml --> node_venv_lib_python3_12_site-packages_PyQt6_Qt6_qml_QtQuick["QtQuick"]\n    node_venv_lib_python3_12_site-packages_PyQt6_Qt6_qml_QtQuick --> node_venv_lib_python3_12_site-packages_PyQt6_Qt6_qml_QtQuick_Controls["Controls"]\n    node_venv_lib_python3_12_site-packages_PyQt6_Qt6_qml_QtQuick_Controls --> node_venv_lib_python3_12_site-packages_PyQt6_Qt6_qml_QtQuick_Controls_Universal["Universal"]\n    node_venv_lib_python3_12_site-packages_PyQt6_Qt6_qml_QtQuick_Controls_Universal --> node_venv_lib_python3_12_site-packages_PyQt6_Qt6_qml_QtQuick_Controls_Universal_GroupBox_qml["GroupBox.qml"]\n    Root --> node_venv["venv"]\n    node_venv --> node_venv_lib["lib"]\n    node_venv_lib --> node_venv_lib_python3_12["python3.12"]\n    node_venv_lib_python3_12 --> node_venv_lib_python3_12_site-packages["site-packages"]\n    node_venv_lib_python3_12_site-packages --> node_venv_lib_python3_12_site-packages_PyQt6["PyQt6"]\n    node_venv_lib_python3_12_site-packages_PyQt6 --> node_venv_lib_python3_12_site-packages_PyQt6_Qt6["Qt6"]\n    node_venv_lib_python3_12_site-packages_PyQt6_Qt6 --> node_venv_lib_python3_12_site-packages_PyQt6_Qt6_qml["qml"]\n    node_venv_lib_python3_12_site-packages_PyQt6_Qt6_qml --> node_venv_lib_python3_12_site-packages_PyQt6_Qt6_qml_QtQuick["QtQuick"]\n    node_venv_lib_python3_12_site-packages_PyQt6_Qt6_qml_QtQuick --> node_venv_lib_python3_12_site-packages_PyQt6_Qt6_qml_QtQuick_Controls["Controls"]\n    node_venv_lib_python3_12_site-packages_PyQt6_Qt6_qml_QtQuick_Controls --> node_venv_lib_python3_12_site-packages_PyQt6_Qt6_qml_QtQuick_Controls_Universal["Universal"]\n    node_venv_lib_python3_12_site-packages_PyQt6_Qt6_qml_QtQuick_Controls_Universal --> node_venv_lib_python3_12_site-packages_PyQt6_Qt6_qml_QtQuick_Controls_Universal_HorizontalHeaderView_qml["HorizontalHeaderView.qml"]\n    Root --> node_venv["venv"]\n    node_venv --> node_venv_lib["lib"]\n    node_venv_lib --> node_venv_lib_python3_12["python3.12"]\n    node_venv_lib_python3_12 --> node_venv_lib_python3_12_site-packages["site-packages"]\n    node_venv_lib_python3_12_site-packages --> node_venv_lib_python3_12_site-packages_PyQt6["PyQt6"]\n    node_venv_lib_python3_12_site-packages_PyQt6 --> node_venv_lib_python3_12_site-packages_PyQt6_Qt6["Qt6"]\n    node_venv_lib_python3_12_site-packages_PyQt6_Qt6 --> node_venv_lib_python3_12_site-packages_PyQt6_Qt6_qml["qml"]\n    node_venv_lib_python3_12_site-packages_PyQt6_Qt6_qml --> node_venv_lib_python3_12_site-packages_PyQt6_Qt6_qml_QtQuick["QtQuick"]\n    node_venv_lib_python3_12_site-packages_PyQt6_Qt6_qml_QtQuick --> node_venv_lib_python3_12_site-packages_PyQt6_Qt6_qml_QtQuick_Controls["Controls"]\n    node_venv_lib_python3_12_site-packages_PyQt6_Qt6_qml_QtQuick_Controls --> node_venv_lib_python3_12_site-packages_PyQt6_Qt6_qml_QtQuick_Controls_Universal["Universal"]\n    node_venv_lib_python3_12_site-packages_PyQt6_Qt6_qml_QtQuick_Controls_Universal --> node_venv_lib_python3_12_site-packages_PyQt6_Qt6_qml_QtQuick_Controls_Universal_HorizontalHeaderViewDelegate_qml["HorizontalHeaderViewDelegate.qml"]\n    Root --> node_venv["venv"]\n    node_venv --> node_venv_lib["lib"]\n    node_venv_lib --> node_venv_lib_python3_12["python3.12"]\n    node_venv_lib_python3_12 --> node_venv_lib_python3_12_site-packages["site-packages"]\n    node_venv_lib_python3_12_site-packages --> node_venv_lib_python3_12_site-packages_PyQt6["PyQt6"]\n    node_venv_lib_python3_12_site-packages_PyQt6 --> node_venv_lib_python3_12_site-packages_PyQt6_Qt6["Qt6"]\n    node_venv_lib_python3_12_site-packages_PyQt6_Qt6 --> node_venv_lib_python3_12_site-packages_PyQt6_Qt6_qml["qml"]\n    node_venv_lib_python3_12_site-packages_PyQt6_Qt6_qml --> node_venv_lib_python3_12_site-packages_PyQt6_Qt6_qml_QtQuick["QtQuick"]\n    node_venv_lib_python3_12_site-packages_PyQt6_Qt6_qml_QtQuick --> node_venv_lib_python3_12_site-packages_PyQt6_Qt6_qml_QtQuick_Controls["Controls"]\n    node_venv_lib_python3_12_site-packages_PyQt6_Qt6_qml_QtQuick_Controls --> node_venv_lib_python3_12_site-packages_PyQt6_Qt6_qml_QtQuick_Controls_Universal["Universal"]\n    node_venv_lib_python3_12_site-packages_PyQt6_Qt6_qml_QtQuick_Controls_Universal --> node_venv_lib_python3_12_site-packages_PyQt6_Qt6_qml_QtQuick_Controls_Universal_ItemDelegate_qml["ItemDelegate.qml"]\n    Root --> node_venv["venv"]\n    node_venv --> node_venv_lib["lib"]\n    node_venv_lib --> node_venv_lib_python3_12["python3.12"]\n    node_venv_lib_python3_12 --> node_venv_lib_python3_12_site-packages["site-packages"]\n    node_venv_lib_python3_12_site-packages --> node_venv_lib_python3_12_site-packages_PyQt6["PyQt6"]\n    node_venv_lib_python3_12_site-packages_PyQt6 --> node_venv_lib_python3_12_site-packages_PyQt6_Qt6["Qt6"]\n    node_venv_lib_python3_12_site-packages_PyQt6_Qt6 --> node_venv_lib_python3_12_site-packages_PyQt6_Qt6_qml["qml"]\n    node_venv_lib_python3_12_site-packages_PyQt6_Qt6_qml --> node_venv_lib_python3_12_site-packages_PyQt6_Qt6_qml_QtQuick["QtQuick"]\n    node_venv_lib_python3_12_site-packages_PyQt6_Qt6_qml_QtQuick --> node_venv_lib_python3_12_site-packages_PyQt6_Qt6_qml_QtQuick_Controls["Controls"]\n    node_venv_lib_python3_12_site-packages_PyQt6_Qt6_qml_QtQuick_Controls --> node_venv_lib_python3_12_site-packages_PyQt6_Qt6_qml_QtQuick_Controls_Universal["Universal"]\n    node_venv_lib_python3_12_site-packages_PyQt6_Qt6_qml_QtQuick_Controls_Universal --> node_venv_lib_python3_12_site-packages_PyQt6_Qt6_qml_QtQuick_Controls_Universal_Label_qml["Label.qml"]\n    Root --> node_venv["venv"]\n    node_venv --> node_venv_lib["lib"]\n    node_venv_lib --> node_venv_lib_python3_12["python3.12"]\n    node_venv_lib_python3_12 --> node_venv_lib_python3_12_site-packages["site-packages"]\n    node_venv_lib_python3_12_site-packages --> node_venv_lib_python3_12_site-packages_PyQt6["PyQt6"]\n    node_venv_lib_python3_12_site-packages_PyQt6 --> node_venv_lib_python3_12_site-packages_PyQt6_Qt6["Qt6"]\n    node_venv_lib_python3_12_site-packages_PyQt6_Qt6 --> node_venv_lib_python3_12_site-packages_PyQt6_Qt6_qml["qml"]\n    node_venv_lib_python3_12_site-packages_PyQt6_Qt6_qml --> node_venv_lib_python3_12_site-packages_PyQt6_Qt6_qml_QtQuick["QtQuick"]\n    node_venv_lib_python3_12_site-packages_PyQt6_Qt6_qml_QtQuick --> node_venv_lib_python3_12_site-packages_PyQt6_Qt6_qml_QtQuick_Controls["Controls"]\n    node_venv_lib_python3_12_site-packages_PyQt6_Qt6_qml_QtQuick_Controls --> node_venv_lib_python3_12_site-packages_PyQt6_Qt6_qml_QtQuick_Controls_Universal["Universal"]\n    node_venv_lib_python3_12_site-packages_PyQt6_Qt6_qml_QtQuick_Controls_Universal --> node_venv_lib_python3_12_site-packages_PyQt6_Qt6_qml_QtQuick_Controls_Universal_Menu_qml["Menu.qml"]\n    Root --> node_venv["venv"]\n    node_venv --> node_venv_lib["lib"]\n    node_venv_lib --> node_venv_lib_python3_12["python3.12"]\n    node_venv_lib_python3_12 --> node_venv_lib_python3_12_site-packages["site-packages"]\n    node_venv_lib_python3_12_site-packages --> node_venv_lib_python3_12_site-packages_PyQt6["PyQt6"]\n    node_venv_lib_python3_12_site-packages_PyQt6 --> node_venv_lib_python3_12_site-packages_PyQt6_Qt6["Qt6"]\n    node_venv_lib_python3_12_site-packages_PyQt6_Qt6 --> node_venv_lib_python3_12_site-packages_PyQt6_Qt6_qml["qml"]\n    node_venv_lib_python3_12_site-packages_PyQt6_Qt6_qml --> node_venv_lib_python3_12_site-packages_PyQt6_Qt6_qml_QtQuick["QtQuick"]\n    node_venv_lib_python3_12_site-packages_PyQt6_Qt6_qml_QtQuick --> node_venv_lib_python3_12_site-packages_PyQt6_Qt6_qml_QtQuick_Controls["Controls"]\n    node_venv_lib_python3_12_site-packages_PyQt6_Qt6_qml_QtQuick_Controls --> node_venv_lib_python3_12_site-packages_PyQt6_Qt6_qml_QtQuick_Controls_Universal["Universal"]\n    node_venv_lib_python3_12_site-packages_PyQt6_Qt6_qml_QtQuick_Controls_Universal --> node_venv_lib_python3_12_site-packages_PyQt6_Qt6_qml_QtQuick_Controls_Universal_MenuBar_qml["MenuBar.qml"]\n    Root --> node_venv["venv"]\n    node_venv --> node_venv_lib["lib"]\n    node_venv_lib --> node_venv_lib_python3_12["python3.12"]\n    node_venv_lib_python3_12 --> node_venv_lib_python3_12_site-packages["site-packages"]\n    node_venv_lib_python3_12_site-packages --> node_venv_lib_python3_12_site-packages_PyQt6["PyQt6"]\n    node_venv_lib_python3_12_site-packages_PyQt6 --> node_venv_lib_python3_12_site-packages_PyQt6_Qt6["Qt6"]\n    node_venv_lib_python3_12_site-packages_PyQt6_Qt6 --> node_venv_lib_python3_12_site-packages_PyQt6_Qt6_qml["qml"]\n    node_venv_lib_python3_12_site-packages_PyQt6_Qt6_qml --> node_venv_lib_python3_12_site-packages_PyQt6_Qt6_qml_QtQuick["QtQuick"]\n    node_venv_lib_python3_12_site-packages_PyQt6_Qt6_qml_QtQuick --> node_venv_lib_python3_12_site-packages_PyQt6_Qt6_qml_QtQuick_Controls["Controls"]\n    node_venv_lib_python3_12_site-packages_PyQt6_Qt6_qml_QtQuick_Controls --> node_venv_lib_python3_12_site-packages_PyQt6_Qt6_qml_QtQuick_Controls_Universal["Universal"]\n    node_venv_lib_python3_12_site-packages_PyQt6_Qt6_qml_QtQuick_Controls_Universal --> node_venv_lib_python3_12_site-packages_PyQt6_Qt6_qml_QtQuick_Controls_Universal_MenuBarItem_qml["MenuBarItem.qml"]\n    Root --> node_venv["venv"]\n    node_venv --> node_venv_lib["lib"]\n    node_venv_lib --> node_venv_lib_python3_12["python3.12"]\n    node_venv_lib_python3_12 --> node_venv_lib_python3_12_site-packages["site-packages"]\n    node_venv_lib_python3_12_site-packages --> node_venv_lib_python3_12_site-packages_PyQt6["PyQt6"]\n    node_venv_lib_python3_12_site-packages_PyQt6 --> node_venv_lib_python3_12_site-packages_PyQt6_Qt6["Qt6"]\n    node_venv_lib_python3_12_site-packages_PyQt6_Qt6 --> node_venv_lib_python3_12_site-packages_PyQt6_Qt6_qml["qml"]\n    node_venv_lib_python3_12_site-packages_PyQt6_Qt6_qml --> node_venv_lib_python3_12_site-packages_PyQt6_Qt6_qml_QtQuick["QtQuick"]\n    node_venv_lib_python3_12_site-packages_PyQt6_Qt6_qml_QtQuick --> node_venv_lib_python3_12_site-packages_PyQt6_Qt6_qml_QtQuick_Controls["Controls"]\n    node_venv_lib_python3_12_site-packages_PyQt6_Qt6_qml_QtQuick_Controls --> node_venv_lib_python3_12_site-packages_PyQt6_Qt6_qml_QtQuick_Controls_Universal["Universal"]\n    node_venv_lib_python3_12_site-packages_PyQt6_Qt6_qml_QtQuick_Controls_Universal --> node_venv_lib_python3_12_site-packages_PyQt6_Qt6_qml_QtQuick_Controls_Universal_MenuItem_qml["MenuItem.qml"]\n    Root --> node_venv["venv"]\n    node_venv --> node_venv_lib["lib"]\n    node_venv_lib --> node_venv_lib_python3_12["python3.12"]\n    node_venv_lib_python3_12 --> node_venv_lib_python3_12_site-packages["site-packages"]\n    node_venv_lib_python3_12_site-packages --> node_venv_lib_python3_12_site-packages_PyQt6["PyQt6"]\n    node_venv_lib_python3_12_site-packages_PyQt6 --> node_venv_lib_python3_12_site-packages_PyQt6_Qt6["Qt6"]\n    node_venv_lib_python3_12_site-packages_PyQt6_Qt6 --> node_venv_lib_python3_12_site-packages_PyQt6_Qt6_qml["qml"]\n    node_venv_lib_python3_12_site-packages_PyQt6_Qt6_qml --> node_venv_lib_python3_12_site-packages_PyQt6_Qt6_qml_QtQuick["QtQuick"]\n    node_venv_lib_python3_12_site-packages_PyQt6_Qt6_qml_QtQuick --> node_venv_lib_python3_12_site-packages_PyQt6_Qt6_qml_QtQuick_Controls["Controls"]\n    node_venv_lib_python3_12_site-packages_PyQt6_Qt6_qml_QtQuick_Controls --> node_venv_lib_python3_12_site-packages_PyQt6_Qt6_qml_QtQuick_Controls_Universal["Universal"]\n    node_venv_lib_python3_12_site-packages_PyQt6_Qt6_qml_QtQuick_Controls_Universal --> node_venv_lib_python3_12_site-packages_PyQt6_Qt6_qml_QtQuick_Controls_Universal_MenuSeparator_qml["MenuSeparator.qml"]\n    Root --> node_venv["venv"]\n    node_venv --> node_venv_lib["lib"]\n    node_venv_lib --> node_venv_lib_python3_12["python3.12"]\n    node_venv_lib_python3_12 --> node_venv_lib_python3_12_site-packages["site-packages"]\n    node_venv_lib_python3_12_site-packages --> node_venv_lib_python3_12_site-packages_PyQt6["PyQt6"]\n    node_venv_lib_python3_12_site-packages_PyQt6 --> node_venv_lib_python3_12_site-packages_PyQt6_Qt6["Qt6"]\n    node_venv_lib_python3_12_site-packages_PyQt6_Qt6 --> node_venv_lib_python3_12_site-packages_PyQt6_Qt6_qml["qml"]\n    node_venv_lib_python3_12_site-packages_PyQt6_Qt6_qml --> node_venv_lib_python3_12_site-packages_PyQt6_Qt6_qml_QtQuick["QtQuick"]\n    node_venv_lib_python3_12_site-packages_PyQt6_Qt6_qml_QtQuick --> node_venv_lib_python3_12_site-packages_PyQt6_Qt6_qml_QtQuick_Controls["Controls"]\n    node_venv_lib_python3_12_site-packages_PyQt6_Qt6_qml_QtQuick_Controls --> node_venv_lib_python3_12_site-packages_PyQt6_Qt6_qml_QtQuick_Controls_Universal["Universal"]\n    node_venv_lib_python3_12_site-packages_PyQt6_Qt6_qml_QtQuick_Controls_Universal --> node_venv_lib_python3_12_site-packages_PyQt6_Qt6_qml_QtQuick_Controls_Universal_Page_qml["Page.qml"]\n    Root --> node_venv["venv"]\n    node_venv --> node_venv_lib["lib"]\n    node_venv_lib --> node_venv_lib_python3_12["python3.12"]\n    node_venv_lib_python3_12 --> node_venv_lib_python3_12_site-packages["site-packages"]\n    node_venv_lib_python3_12_site-packages --> node_venv_lib_python3_12_site-packages_PyQt6["PyQt6"]\n    node_venv_lib_python3_12_site-packages_PyQt6 --> node_venv_lib_python3_12_site-packages_PyQt6_Qt6["Qt6"]\n    node_venv_lib_python3_12_site-packages_PyQt6_Qt6 --> node_venv_lib_python3_12_site-packages_PyQt6_Qt6_qml["qml"]\n    node_venv_lib_python3_12_site-packages_PyQt6_Qt6_qml --> node_venv_lib_python3_12_site-packages_PyQt6_Qt6_qml_QtQuick["QtQuick"]\n    node_venv_lib_python3_12_site-packages_PyQt6_Qt6_qml_QtQuick --> node_venv_lib_python3_12_site-packages_PyQt6_Qt6_qml_QtQuick_Controls["Controls"]\n    node_venv_lib_python3_12_site-packages_PyQt6_Qt6_qml_QtQuick_Controls --> node_venv_lib_python3_12_site-packages_PyQt6_Qt6_qml_QtQuick_Controls_Universal["Universal"]\n    node_venv_lib_python3_12_site-packages_PyQt6_Qt6_qml_QtQuick_Controls_Universal --> node_venv_lib_python3_12_site-packages_PyQt6_Qt6_qml_QtQuick_Controls_Universal_PageIndicator_qml["PageIndicator.qml"]\n    Root --> node_venv["venv"]\n    node_venv --> node_venv_lib["lib"]\n    node_venv_lib --> node_venv_lib_python3_12["python3.12"]\n    node_venv_lib_python3_12 --> node_venv_lib_python3_12_site-packages["site-packages"]\n    node_venv_lib_python3_12_site-packages --> node_venv_lib_python3_12_site-packages_PyQt6["PyQt6"]\n    node_venv_lib_python3_12_site-packages_PyQt6 --> node_venv_lib_python3_12_site-packages_PyQt6_Qt6["Qt6"]\n    node_venv_lib_python3_12_site-packages_PyQt6_Qt6 --> node_venv_lib_python3_12_site-packages_PyQt6_Qt6_qml["qml"]\n    node_venv_lib_python3_12_site-packages_PyQt6_Qt6_qml --> node_venv_lib_python3_12_site-packages_PyQt6_Qt6_qml_QtQuick["QtQuick"]\n    node_venv_lib_python3_12_site-packages_PyQt6_Qt6_qml_QtQuick --> node_venv_lib_python3_12_site-packages_PyQt6_Qt6_qml_QtQuick_Controls["Controls"]\n    node_venv_lib_python3_12_site-packages_PyQt6_Qt6_qml_QtQuick_Controls --> node_venv_lib_python3_12_site-packages_PyQt6_Qt6_qml_QtQuick_Controls_Universal["Universal"]\n    node_venv_lib_python3_12_site-packages_PyQt6_Qt6_qml_QtQuick_Controls_Universal --> node_venv_lib_python3_12_site-packages_PyQt6_Qt6_qml_QtQuick_Controls_Universal_Pane_qml["Pane.qml"]\n    Root --> node_venv["venv"]\n    node_venv --> node_venv_lib["lib"]\n    node_venv_lib --> node_venv_lib_python3_12["python3.12"]\n    node_venv_lib_python3_12 --> node_venv_lib_python3_12_site-packages["site-packages"]\n    node_venv_lib_python3_12_site-packages --> node_venv_lib_python3_12_site-packages_PyQt6["PyQt6"]\n    node_venv_lib_python3_12_site-packages_PyQt6 --> node_venv_lib_python3_12_site-packages_PyQt6_Qt6["Qt6"]\n    node_venv_lib_python3_12_site-packages_PyQt6_Qt6 --> node_venv_lib_python3_12_site-packages_PyQt6_Qt6_qml["qml"]\n    node_venv_lib_python3_12_site-packages_PyQt6_Qt6_qml --> node_venv_lib_python3_12_site-packages_PyQt6_Qt6_qml_QtQuick["QtQuick"]\n    node_venv_lib_python3_12_site-packages_PyQt6_Qt6_qml_QtQuick --> node_venv_lib_python3_12_site-packages_PyQt6_Qt6_qml_QtQuick_Controls["Controls"]\n    node_venv_lib_python3_12_site-packages_PyQt6_Qt6_qml_QtQuick_Controls --> node_venv_lib_python3_12_site-packages_PyQt6_Qt6_qml_QtQuick_Controls_Universal["Universal"]\n    node_venv_lib_python3_12_site-packages_PyQt6_Qt6_qml_QtQuick_Controls_Universal --> node_venv_lib_python3_12_site-packages_PyQt6_Qt6_qml_QtQuick_Controls_Universal_Popup_qml["Popup.qml"]\n    Root --> node_venv["venv"]\n    node_venv --> node_venv_lib["lib"]\n    node_venv_lib --> node_venv_lib_python3_12["python3.12"]\n    node_venv_lib_python3_12 --> node_venv_lib_python3_12_site-packages["site-packages"]\n    node_venv_lib_python3_12_site-packages --> node_venv_lib_python3_12_site-packages_PyQt6["PyQt6"]\n    node_venv_lib_python3_12_site-packages_PyQt6 --> node_venv_lib_python3_12_site-packages_PyQt6_Qt6["Qt6"]\n    node_venv_lib_python3_12_site-packages_PyQt6_Qt6 --> node_venv_lib_python3_12_site-packages_PyQt6_Qt6_qml["qml"]\n    node_venv_lib_python3_12_site-packages_PyQt6_Qt6_qml --> node_venv_lib_python3_12_site-packages_PyQt6_Qt6_qml_QtQuick["QtQuick"]\n    node_venv_lib_python3_12_site-packages_PyQt6_Qt6_qml_QtQuick --> node_venv_lib_python3_12_site-packages_PyQt6_Qt6_qml_QtQuick_Controls["Controls"]\n    node_venv_lib_python3_12_site-packages_PyQt6_Qt6_qml_QtQuick_Controls --> node_venv_lib_python3_12_site-packages_PyQt6_Qt6_qml_QtQuick_Controls_Universal["Universal"]\n    node_venv_lib_python3_12_site-packages_PyQt6_Qt6_qml_QtQuick_Controls_Universal --> node_venv_lib_python3_12_site-packages_PyQt6_Qt6_qml_QtQuick_Controls_Universal_ProgressBar_qml["ProgressBar.qml"]\n    Root --> node_venv["venv"]\n    node_venv --> node_venv_lib["lib"]\n    node_venv_lib --> node_venv_lib_python3_12["python3.12"]\n    node_venv_lib_python3_12 --> node_venv_lib_python3_12_site-packages["site-packages"]\n    node_venv_lib_python3_12_site-packages --> node_venv_lib_python3_12_site-packages_PyQt6["PyQt6"]\n    node_venv_lib_python3_12_site-packages_PyQt6 --> node_venv_lib_python3_12_site-packages_PyQt6_Qt6["Qt6"]\n    node_venv_lib_python3_12_site-packages_PyQt6_Qt6 --> node_venv_lib_python3_12_site-packages_PyQt6_Qt6_qml["qml"]\n    node_venv_lib_python3_12_site-packages_PyQt6_Qt6_qml --> node_venv_lib_python3_12_site-packages_PyQt6_Qt6_qml_QtQuick["QtQuick"]\n    node_venv_lib_python3_12_site-packages_PyQt6_Qt6_qml_QtQuick --> node_venv_lib_python3_12_site-packages_PyQt6_Qt6_qml_QtQuick_Controls["Controls"]\n    node_venv_lib_python3_12_site-packages_PyQt6_Qt6_qml_QtQuick_Controls --> node_venv_lib_python3_12_site-packages_PyQt6_Qt6_qml_QtQuick_Controls_Universal["Universal"]\n    node_venv_lib_python3_12_site-packages_PyQt6_Qt6_qml_QtQuick_Controls_Universal --> node_venv_lib_python3_12_site-packages_PyQt6_Qt6_qml_QtQuick_Controls_Universal_RadioButton_qml["RadioButton.qml"]\n    Root --> node_venv["venv"]\n    node_venv --> node_venv_lib["lib"]\n    node_venv_lib --> node_venv_lib_python3_12["python3.12"]\n    node_venv_lib_python3_12 --> node_venv_lib_python3_12_site-packages["site-packages"]\n    node_venv_lib_python3_12_site-packages --> node_venv_lib_python3_12_site-packages_PyQt6["PyQt6"]\n    node_venv_lib_python3_12_site-packages_PyQt6 --> node_venv_lib_python3_12_site-packages_PyQt6_Qt6["Qt6"]\n    node_venv_lib_python3_12_site-packages_PyQt6_Qt6 --> node_venv_lib_python3_12_site-packages_PyQt6_Qt6_qml["qml"]\n    node_venv_lib_python3_12_site-packages_PyQt6_Qt6_qml --> node_venv_lib_python3_12_site-packages_PyQt6_Qt6_qml_QtQuick["QtQuick"]\n    node_venv_lib_python3_12_site-packages_PyQt6_Qt6_qml_QtQuick --> node_venv_lib_python3_12_site-packages_PyQt6_Qt6_qml_QtQuick_Controls["Controls"]\n    node_venv_lib_python3_12_site-packages_PyQt6_Qt6_qml_QtQuick_Controls --> node_venv_lib_python3_12_site-packages_PyQt6_Qt6_qml_QtQuick_Controls_Universal["Universal"]\n    node_venv_lib_python3_12_site-packages_PyQt6_Qt6_qml_QtQuick_Controls_Universal --> node_venv_lib_python3_12_site-packages_PyQt6_Qt6_qml_QtQuick_Controls_Universal_RadioDelegate_qml["RadioDelegate.qml"]\n    Root --> node_venv["venv"]\n    node_venv --> node_venv_lib["lib"]\n    node_venv_lib --> node_venv_lib_python3_12["python3.12"]\n    node_venv_lib_python3_12 --> node_venv_lib_python3_12_site-packages["site-packages"]\n    node_venv_lib_python3_12_site-packages --> node_venv_lib_python3_12_site-packages_PyQt6["PyQt6"]\n    node_venv_lib_python3_12_site-packages_PyQt6 --> node_venv_lib_python3_12_site-packages_PyQt6_Qt6["Qt6"]\n    node_venv_lib_python3_12_site-packages_PyQt6_Qt6 --> node_venv_lib_python3_12_site-packages_PyQt6_Qt6_qml["qml"]\n    node_venv_lib_python3_12_site-packages_PyQt6_Qt6_qml --> node_venv_lib_python3_12_site-packages_PyQt6_Qt6_qml_QtQuick["QtQuick"]\n    node_venv_lib_python3_12_site-packages_PyQt6_Qt6_qml_QtQuick --> node_venv_lib_python3_12_site-packages_PyQt6_Qt6_qml_QtQuick_Controls["Controls"]\n    node_venv_lib_python3_12_site-packages_PyQt6_Qt6_qml_QtQuick_Controls --> node_venv_lib_python3_12_site-packages_PyQt6_Qt6_qml_QtQuick_Controls_Universal["Universal"]\n    node_venv_lib_python3_12_site-packages_PyQt6_Qt6_qml_QtQuick_Controls_Universal --> node_venv_lib_python3_12_site-packages_PyQt6_Qt6_qml_QtQuick_Controls_Universal_RangeSlider_qml["RangeSlider.qml"]\n    Root --> node_venv["venv"]\n    node_venv --> node_venv_lib["lib"]\n    node_venv_lib --> node_venv_lib_python3_12["python3.12"]\n    node_venv_lib_python3_12 --> node_venv_lib_python3_12_site-packages["site-packages"]\n    node_venv_lib_python3_12_site-packages --> node_venv_lib_python3_12_site-packages_PyQt6["PyQt6"]\n    node_venv_lib_python3_12_site-packages_PyQt6 --> node_venv_lib_python3_12_site-packages_PyQt6_Qt6["Qt6"]\n    node_venv_lib_python3_12_site-packages_PyQt6_Qt6 --> node_venv_lib_python3_12_site-packages_PyQt6_Qt6_qml["qml"]\n    node_venv_lib_python3_12_site-packages_PyQt6_Qt6_qml --> node_venv_lib_python3_12_site-packages_PyQt6_Qt6_qml_QtQuick["QtQuick"]\n    node_venv_lib_python3_12_site-packages_PyQt6_Qt6_qml_QtQuick --> node_venv_lib_python3_12_site-packages_PyQt6_Qt6_qml_QtQuick_Controls["Controls"]\n    node_venv_lib_python3_12_site-packages_PyQt6_Qt6_qml_QtQuick_Controls --> node_venv_lib_python3_12_site-packages_PyQt6_Qt6_qml_QtQuick_Controls_Universal["Universal"]\n    node_venv_lib_python3_12_site-packages_PyQt6_Qt6_qml_QtQuick_Controls_Universal --> node_venv_lib_python3_12_site-packages_PyQt6_Qt6_qml_QtQuick_Controls_Universal_RoundButton_qml["RoundButton.qml"]\n    Root --> node_venv["venv"]\n    node_venv --> node_venv_lib["lib"]\n    node_venv_lib --> node_venv_lib_python3_12["python3.12"]\n    node_venv_lib_python3_12 --> node_venv_lib_python3_12_site-packages["site-packages"]\n    node_venv_lib_python3_12_site-packages --> node_venv_lib_python3_12_site-packages_PyQt6["PyQt6"]\n    node_venv_lib_python3_12_site-packages_PyQt6 --> node_venv_lib_python3_12_site-packages_PyQt6_Qt6["Qt6"]\n    node_venv_lib_python3_12_site-packages_PyQt6_Qt6 --> node_venv_lib_python3_12_site-packages_PyQt6_Qt6_qml["qml"]\n    node_venv_lib_python3_12_site-packages_PyQt6_Qt6_qml --> node_venv_lib_python3_12_site-packages_PyQt6_Qt6_qml_QtQuick["QtQuick"]\n    node_venv_lib_python3_12_site-packages_PyQt6_Qt6_qml_QtQuick --> node_venv_lib_python3_12_site-packages_PyQt6_Qt6_qml_QtQuick_Controls["Controls"]\n    node_venv_lib_python3_12_site-packages_PyQt6_Qt6_qml_QtQuick_Controls --> node_venv_lib_python3_12_site-packages_PyQt6_Qt6_qml_QtQuick_Controls_Universal["Universal"]\n    node_venv_lib_python3_12_site-packages_PyQt6_Qt6_qml_QtQuick_Controls_Universal --> node_venv_lib_python3_12_site-packages_PyQt6_Qt6_qml_QtQuick_Controls_Universal_ScrollBar_qml["ScrollBar.qml"]\n    Root --> node_venv["venv"]\n    node_venv --> node_venv_lib["lib"]\n    node_venv_lib --> node_venv_lib_python3_12["python3.12"]\n    node_venv_lib_python3_12 --> node_venv_lib_python3_12_site-packages["site-packages"]\n    node_venv_lib_python3_12_site-packages --> node_venv_lib_python3_12_site-packages_PyQt6["PyQt6"]\n    node_venv_lib_python3_12_site-packages_PyQt6 --> node_venv_lib_python3_12_site-packages_PyQt6_Qt6["Qt6"]\n    node_venv_lib_python3_12_site-packages_PyQt6_Qt6 --> node_venv_lib_python3_12_site-packages_PyQt6_Qt6_qml["qml"]\n    node_venv_lib_python3_12_site-packages_PyQt6_Qt6_qml --> node_venv_lib_python3_12_site-packages_PyQt6_Qt6_qml_QtQuick["QtQuick"]\n    node_venv_lib_python3_12_site-packages_PyQt6_Qt6_qml_QtQuick --> node_venv_lib_python3_12_site-packages_PyQt6_Qt6_qml_QtQuick_Controls["Controls"]\n    node_venv_lib_python3_12_site-packages_PyQt6_Qt6_qml_QtQuick_Controls --> node_venv_lib_python3_12_site-packages_PyQt6_Qt6_qml_QtQuick_Controls_Universal["Universal"]\n    node_venv_lib_python3_12_site-packages_PyQt6_Qt6_qml_QtQuick_Controls_Universal --> node_venv_lib_python3_12_site-packages_PyQt6_Qt6_qml_QtQuick_Controls_Universal_ScrollIndicator_qml["ScrollIndicator.qml"]\n    Root --> node_venv["venv"]\n    node_venv --> node_venv_lib["lib"]\n    node_venv_lib --> node_venv_lib_python3_12["python3.12"]\n    node_venv_lib_python3_12 --> node_venv_lib_python3_12_site-packages["site-packages"]\n    node_venv_lib_python3_12_site-packages --> node_venv_lib_python3_12_site-packages_PyQt6["PyQt6"]\n    node_venv_lib_python3_12_site-packages_PyQt6 --> node_venv_lib_python3_12_site-packages_PyQt6_Qt6["Qt6"]\n    node_venv_lib_python3_12_site-packages_PyQt6_Qt6 --> node_venv_lib_python3_12_site-packages_PyQt6_Qt6_qml["qml"]\n    node_venv_lib_python3_12_site-packages_PyQt6_Qt6_qml --> node_venv_lib_python3_12_site-packages_PyQt6_Qt6_qml_QtQuick["QtQuick"]\n    node_venv_lib_python3_12_site-packages_PyQt6_Qt6_qml_QtQuick --> node_venv_lib_python3_12_site-packages_PyQt6_Qt6_qml_QtQuick_Controls["Controls"]\n    node_venv_lib_python3_12_site-packages_PyQt6_Qt6_qml_QtQuick_Controls --> node_venv_lib_python3_12_site-packages_PyQt6_Qt6_qml_QtQuick_Controls_Universal["Universal"]\n    node_venv_lib_python3_12_site-packages_PyQt6_Qt6_qml_QtQuick_Controls_Universal --> node_venv_lib_python3_12_site-packages_PyQt6_Qt6_qml_QtQuick_Controls_Universal_ScrollView_qml["ScrollView.qml"]\n    Root --> node_venv["venv"]\n    node_venv --> node_venv_lib["lib"]\n    node_venv_lib --> node_venv_lib_python3_12["python3.12"]\n    node_venv_lib_python3_12 --> node_venv_lib_python3_12_site-packages["site-packages"]\n    node_venv_lib_python3_12_site-packages --> node_venv_lib_python3_12_site-packages_PyQt6["PyQt6"]\n    node_venv_lib_python3_12_site-packages_PyQt6 --> node_venv_lib_python3_12_site-packages_PyQt6_Qt6["Qt6"]\n    node_venv_lib_python3_12_site-packages_PyQt6_Qt6 --> node_venv_lib_python3_12_site-packages_PyQt6_Qt6_qml["qml"]\n    node_venv_lib_python3_12_site-packages_PyQt6_Qt6_qml --> node_venv_lib_python3_12_site-packages_PyQt6_Qt6_qml_QtQuick["QtQuick"]\n    node_venv_lib_python3_12_site-packages_PyQt6_Qt6_qml_QtQuick --> node_venv_lib_python3_12_site-packages_PyQt6_Qt6_qml_QtQuick_Controls["Controls"]\n    node_venv_lib_python3_12_site-packages_PyQt6_Qt6_qml_QtQuick_Controls --> node_venv_lib_python3_12_site-packages_PyQt6_Qt6_qml_QtQuick_Controls_Universal["Universal"]\n    node_venv_lib_python3_12_site-packages_PyQt6_Qt6_qml_QtQuick_Controls_Universal --> node_venv_lib_python3_12_site-packages_PyQt6_Qt6_qml_QtQuick_Controls_Universal_SearchField_qml["SearchField.qml"]\n    Root --> node_venv["venv"]\n    node_venv --> node_venv_lib["lib"]\n    node_venv_lib --> node_venv_lib_python3_12["python3.12"]\n    node_venv_lib_python3_12 --> node_venv_lib_python3_12_site-packages["site-packages"]\n    node_venv_lib_python3_12_site-packages --> node_venv_lib_python3_12_site-packages_PyQt6["PyQt6"]\n    node_venv_lib_python3_12_site-packages_PyQt6 --> node_venv_lib_python3_12_site-packages_PyQt6_Qt6["Qt6"]\n    node_venv_lib_python3_12_site-packages_PyQt6_Qt6 --> node_venv_lib_python3_12_site-packages_PyQt6_Qt6_qml["qml"]\n    node_venv_lib_python3_12_site-packages_PyQt6_Qt6_qml --> node_venv_lib_python3_12_site-packages_PyQt6_Qt6_qml_QtQuick["QtQuick"]\n    node_venv_lib_python3_12_site-packages_PyQt6_Qt6_qml_QtQuick --> node_venv_lib_python3_12_site-packages_PyQt6_Qt6_qml_QtQuick_Controls["Controls"]\n    node_venv_lib_python3_12_site-packages_PyQt6_Qt6_qml_QtQuick_Controls --> node_venv_lib_python3_12_site-packages_PyQt6_Qt6_qml_QtQuick_Controls_Universal["Universal"]\n    node_venv_lib_python3_12_site-packages_PyQt6_Qt6_qml_QtQuick_Controls_Universal --> node_venv_lib_python3_12_site-packages_PyQt6_Qt6_qml_QtQuick_Controls_Universal_SelectionRectangle_qml["SelectionRectangle.qml"]\n    Root --> node_venv["venv"]\n    node_venv --> node_venv_lib["lib"]\n    node_venv_lib --> node_venv_lib_python3_12["python3.12"]\n    node_venv_lib_python3_12 --> node_venv_lib_python3_12_site-packages["site-packages"]\n    node_venv_lib_python3_12_site-packages --> node_venv_lib_python3_12_site-packages_PyQt6["PyQt6"]\n    node_venv_lib_python3_12_site-packages_PyQt6 --> node_venv_lib_python3_12_site-packages_PyQt6_Qt6["Qt6"]\n    node_venv_lib_python3_12_site-packages_PyQt6_Qt6 --> node_venv_lib_python3_12_site-packages_PyQt6_Qt6_qml["qml"]\n    node_venv_lib_python3_12_site-packages_PyQt6_Qt6_qml --> node_venv_lib_python3_12_site-packages_PyQt6_Qt6_qml_QtQuick["QtQuick"]\n    node_venv_lib_python3_12_site-packages_PyQt6_Qt6_qml_QtQuick --> node_venv_lib_python3_12_site-packages_PyQt6_Qt6_qml_QtQuick_Controls["Controls"]\n    node_venv_lib_python3_12_site-packages_PyQt6_Qt6_qml_QtQuick_Controls --> node_venv_lib_python3_12_site-packages_PyQt6_Qt6_qml_QtQuick_Controls_Universal["Universal"]\n    node_venv_lib_python3_12_site-packages_PyQt6_Qt6_qml_QtQuick_Controls_Universal --> node_venv_lib_python3_12_site-packages_PyQt6_Qt6_qml_QtQuick_Controls_Universal_Slider_qml["Slider.qml"]\n    Root --> node_venv["venv"]\n    node_venv --> node_venv_lib["lib"]\n    node_venv_lib --> node_venv_lib_python3_12["python3.12"]\n    node_venv_lib_python3_12 --> node_venv_lib_python3_12_site-packages["site-packages"]\n    node_venv_lib_python3_12_site-packages --> node_venv_lib_python3_12_site-packages_PyQt6["PyQt6"]\n    node_venv_lib_python3_12_site-packages_PyQt6 --> node_venv_lib_python3_12_site-packages_PyQt6_Qt6["Qt6"]\n    node_venv_lib_python3_12_site-packages_PyQt6_Qt6 --> node_venv_lib_python3_12_site-packages_PyQt6_Qt6_qml["qml"]\n    node_venv_lib_python3_12_site-packages_PyQt6_Qt6_qml --> node_venv_lib_python3_12_site-packages_PyQt6_Qt6_qml_QtQuick["QtQuick"]\n    node_venv_lib_python3_12_site-packages_PyQt6_Qt6_qml_QtQuick --> node_venv_lib_python3_12_site-packages_PyQt6_Qt6_qml_QtQuick_Controls["Controls"]\n    node_venv_lib_python3_12_site-packages_PyQt6_Qt6_qml_QtQuick_Controls --> node_venv_lib_python3_12_site-packages_PyQt6_Qt6_qml_QtQuick_Controls_Universal["Universal"]\n    node_venv_lib_python3_12_site-packages_PyQt6_Qt6_qml_QtQuick_Controls_Universal --> node_venv_lib_python3_12_site-packages_PyQt6_Qt6_qml_QtQuick_Controls_Universal_SpinBox_qml["SpinBox.qml"]\n    Root --> node_venv["venv"]\n    node_venv --> node_venv_lib["lib"]\n    node_venv_lib --> node_venv_lib_python3_12["python3.12"]\n    node_venv_lib_python3_12 --> node_venv_lib_python3_12_site-packages["site-packages"]\n    node_venv_lib_python3_12_site-packages --> node_venv_lib_python3_12_site-packages_PyQt6["PyQt6"]\n    node_venv_lib_python3_12_site-packages_PyQt6 --> node_venv_lib_python3_12_site-packages_PyQt6_Qt6["Qt6"]\n    node_venv_lib_python3_12_site-packages_PyQt6_Qt6 --> node_venv_lib_python3_12_site-packages_PyQt6_Qt6_qml["qml"]\n    node_venv_lib_python3_12_site-packages_PyQt6_Qt6_qml --> node_venv_lib_python3_12_site-packages_PyQt6_Qt6_qml_QtQuick["QtQuick"]\n    node_venv_lib_python3_12_site-packages_PyQt6_Qt6_qml_QtQuick --> node_venv_lib_python3_12_site-packages_PyQt6_Qt6_qml_QtQuick_Controls["Controls"]\n    node_venv_lib_python3_12_site-packages_PyQt6_Qt6_qml_QtQuick_Controls --> node_venv_lib_python3_12_site-packages_PyQt6_Qt6_qml_QtQuick_Controls_Universal["Universal"]\n    node_venv_lib_python3_12_site-packages_PyQt6_Qt6_qml_QtQuick_Controls_Universal --> node_venv_lib_python3_12_site-packages_PyQt6_Qt6_qml_QtQuick_Controls_Universal_SplitView_qml["SplitView.qml"]\n    Root --> node_venv["venv"]\n    node_venv --> node_venv_lib["lib"]\n    node_venv_lib --> node_venv_lib_python3_12["python3.12"]\n    node_venv_lib_python3_12 --> node_venv_lib_python3_12_site-packages["site-packages"]\n    node_venv_lib_python3_12_site-packages --> node_venv_lib_python3_12_site-packages_PyQt6["PyQt6"]\n    node_venv_lib_python3_12_site-packages_PyQt6 --> node_venv_lib_python3_12_site-packages_PyQt6_Qt6["Qt6"]\n    node_venv_lib_python3_12_site-packages_PyQt6_Qt6 --> node_venv_lib_python3_12_site-packages_PyQt6_Qt6_qml["qml"]\n    node_venv_lib_python3_12_site-packages_PyQt6_Qt6_qml --> node_venv_lib_python3_12_site-packages_PyQt6_Qt6_qml_QtQuick["QtQuick"]\n    node_venv_lib_python3_12_site-packages_PyQt6_Qt6_qml_QtQuick --> node_venv_lib_python3_12_site-packages_PyQt6_Qt6_qml_QtQuick_Controls["Controls"]\n    node_venv_lib_python3_12_site-packages_PyQt6_Qt6_qml_QtQuick_Controls --> node_venv_lib_python3_12_site-packages_PyQt6_Qt6_qml_QtQuick_Controls_Universal["Universal"]\n    node_venv_lib_python3_12_site-packages_PyQt6_Qt6_qml_QtQuick_Controls_Universal --> node_venv_lib_python3_12_site-packages_PyQt6_Qt6_qml_QtQuick_Controls_Universal_StackView_qml["StackView.qml"]\n    Root --> node_venv["venv"]\n    node_venv --> node_venv_lib["lib"]\n    node_venv_lib --> node_venv_lib_python3_12["python3.12"]\n    node_venv_lib_python3_12 --> node_venv_lib_python3_12_site-packages["site-packages"]\n    node_venv_lib_python3_12_site-packages --> node_venv_lib_python3_12_site-packages_PyQt6["PyQt6"]\n    node_venv_lib_python3_12_site-packages_PyQt6 --> node_venv_lib_python3_12_site-packages_PyQt6_Qt6["Qt6"]\n    node_venv_lib_python3_12_site-packages_PyQt6_Qt6 --> node_venv_lib_python3_12_site-packages_PyQt6_Qt6_qml["qml"]\n    node_venv_lib_python3_12_site-packages_PyQt6_Qt6_qml --> node_venv_lib_python3_12_site-packages_PyQt6_Qt6_qml_QtQuick["QtQuick"]\n    node_venv_lib_python3_12_site-packages_PyQt6_Qt6_qml_QtQuick --> node_venv_lib_python3_12_site-packages_PyQt6_Qt6_qml_QtQuick_Controls["Controls"]\n    node_venv_lib_python3_12_site-packages_PyQt6_Qt6_qml_QtQuick_Controls --> node_venv_lib_python3_12_site-packages_PyQt6_Qt6_qml_QtQuick_Controls_Universal["Universal"]\n    node_venv_lib_python3_12_site-packages_PyQt6_Qt6_qml_QtQuick_Controls_Universal --> node_venv_lib_python3_12_site-packages_PyQt6_Qt6_qml_QtQuick_Controls_Universal_SwipeDelegate_qml["SwipeDelegate.qml"]\n    Root --> node_venv["venv"]\n    node_venv --> node_venv_lib["lib"]\n    node_venv_lib --> node_venv_lib_python3_12["python3.12"]\n    node_venv_lib_python3_12 --> node_venv_lib_python3_12_site-packages["site-packages"]\n    node_venv_lib_python3_12_site-packages --> node_venv_lib_python3_12_site-packages_PyQt6["PyQt6"]\n    node_venv_lib_python3_12_site-packages_PyQt6 --> node_venv_lib_python3_12_site-packages_PyQt6_Qt6["Qt6"]\n    node_venv_lib_python3_12_site-packages_PyQt6_Qt6 --> node_venv_lib_python3_12_site-packages_PyQt6_Qt6_qml["qml"]\n    node_venv_lib_python3_12_site-packages_PyQt6_Qt6_qml --> node_venv_lib_python3_12_site-packages_PyQt6_Qt6_qml_QtQuick["QtQuick"]\n    node_venv_lib_python3_12_site-packages_PyQt6_Qt6_qml_QtQuick --> node_venv_lib_python3_12_site-packages_PyQt6_Qt6_qml_QtQuick_Controls["Controls"]\n    node_venv_lib_python3_12_site-packages_PyQt6_Qt6_qml_QtQuick_Controls --> node_venv_lib_python3_12_site-packages_PyQt6_Qt6_qml_QtQuick_Controls_Universal["Universal"]\n    node_venv_lib_python3_12_site-packages_PyQt6_Qt6_qml_QtQuick_Controls_Universal --> node_venv_lib_python3_12_site-packages_PyQt6_Qt6_qml_QtQuick_Controls_Universal_Switch_qml["Switch.qml"]\n    Root --> node_venv["venv"]\n    node_venv --> node_venv_lib["lib"]\n    node_venv_lib --> node_venv_lib_python3_12["python3.12"]\n    node_venv_lib_python3_12 --> node_venv_lib_python3_12_site-packages["site-packages"]\n    node_venv_lib_python3_12_site-packages --> node_venv_lib_python3_12_site-packages_PyQt6["PyQt6"]\n    node_venv_lib_python3_12_site-packages_PyQt6 --> node_venv_lib_python3_12_site-packages_PyQt6_Qt6["Qt6"]\n    node_venv_lib_python3_12_site-packages_PyQt6_Qt6 --> node_venv_lib_python3_12_site-packages_PyQt6_Qt6_qml["qml"]\n    node_venv_lib_python3_12_site-packages_PyQt6_Qt6_qml --> node_venv_lib_python3_12_site-packages_PyQt6_Qt6_qml_QtQuick["QtQuick"]\n    node_venv_lib_python3_12_site-packages_PyQt6_Qt6_qml_QtQuick --> node_venv_lib_python3_12_site-packages_PyQt6_Qt6_qml_QtQuick_Controls["Controls"]\n    node_venv_lib_python3_12_site-packages_PyQt6_Qt6_qml_QtQuick_Controls --> node_venv_lib_python3_12_site-packages_PyQt6_Qt6_qml_QtQuick_Controls_Universal["Universal"]\n    node_venv_lib_python3_12_site-packages_PyQt6_Qt6_qml_QtQuick_Controls_Universal --> node_venv_lib_python3_12_site-packages_PyQt6_Qt6_qml_QtQuick_Controls_Universal_SwitchDelegate_qml["SwitchDelegate.qml"]\n    Root --> node_venv["venv"]\n    node_venv --> node_venv_lib["lib"]\n    node_venv_lib --> node_venv_lib_python3_12["python3.12"]\n    node_venv_lib_python3_12 --> node_venv_lib_python3_12_site-packages["site-packages"]\n    node_venv_lib_python3_12_site-packages --> node_venv_lib_python3_12_site-packages_PyQt6["PyQt6"]\n    node_venv_lib_python3_12_site-packages_PyQt6 --> node_venv_lib_python3_12_site-packages_PyQt6_Qt6["Qt6"]\n    node_venv_lib_python3_12_site-packages_PyQt6_Qt6 --> node_venv_lib_python3_12_site-packages_PyQt6_Qt6_qml["qml"]\n    node_venv_lib_python3_12_site-packages_PyQt6_Qt6_qml --> node_venv_lib_python3_12_site-packages_PyQt6_Qt6_qml_QtQuick["QtQuick"]\n    node_venv_lib_python3_12_site-packages_PyQt6_Qt6_qml_QtQuick --> node_venv_lib_python3_12_site-packages_PyQt6_Qt6_qml_QtQuick_Controls["Controls"]\n    node_venv_lib_python3_12_site-packages_PyQt6_Qt6_qml_QtQuick_Controls --> node_venv_lib_python3_12_site-packages_PyQt6_Qt6_qml_QtQuick_Controls_Universal["Universal"]\n    node_venv_lib_python3_12_site-packages_PyQt6_Qt6_qml_QtQuick_Controls_Universal --> node_venv_lib_python3_12_site-packages_PyQt6_Qt6_qml_QtQuick_Controls_Universal_TabBar_qml["TabBar.qml"]\n    Root --> node_venv["venv"]\n    node_venv --> node_venv_lib["lib"]\n    node_venv_lib --> node_venv_lib_python3_12["python3.12"]\n    node_venv_lib_python3_12 --> node_venv_lib_python3_12_site-packages["site-packages"]\n    node_venv_lib_python3_12_site-packages --> node_venv_lib_python3_12_site-packages_PyQt6["PyQt6"]\n    node_venv_lib_python3_12_site-packages_PyQt6 --> node_venv_lib_python3_12_site-packages_PyQt6_Qt6["Qt6"]\n    node_venv_lib_python3_12_site-packages_PyQt6_Qt6 --> node_venv_lib_python3_12_site-packages_PyQt6_Qt6_qml["qml"]\n    node_venv_lib_python3_12_site-packages_PyQt6_Qt6_qml --> node_venv_lib_python3_12_site-packages_PyQt6_Qt6_qml_QtQuick["QtQuick"]\n    node_venv_lib_python3_12_site-packages_PyQt6_Qt6_qml_QtQuick --> node_venv_lib_python3_12_site-packages_PyQt6_Qt6_qml_QtQuick_Controls["Controls"]\n    node_venv_lib_python3_12_site-packages_PyQt6_Qt6_qml_QtQuick_Controls --> node_venv_lib_python3_12_site-packages_PyQt6_Qt6_qml_QtQuick_Controls_Universal["Universal"]\n    node_venv_lib_python3_12_site-packages_PyQt6_Qt6_qml_QtQuick_Controls_Universal --> node_venv_lib_python3_12_site-packages_PyQt6_Qt6_qml_QtQuick_Controls_Universal_TabButton_qml["TabButton.qml"]\n    Root --> node_venv["venv"]\n    node_venv --> node_venv_lib["lib"]\n    node_venv_lib --> node_venv_lib_python3_12["python3.12"]\n    node_venv_lib_python3_12 --> node_venv_lib_python3_12_site-packages["site-packages"]\n    node_venv_lib_python3_12_site-packages --> node_venv_lib_python3_12_site-packages_PyQt6["PyQt6"]\n    node_venv_lib_python3_12_site-packages_PyQt6 --> node_venv_lib_python3_12_site-packages_PyQt6_Qt6["Qt6"]\n    node_venv_lib_python3_12_site-packages_PyQt6_Qt6 --> node_venv_lib_python3_12_site-packages_PyQt6_Qt6_qml["qml"]\n    node_venv_lib_python3_12_site-packages_PyQt6_Qt6_qml --> node_venv_lib_python3_12_site-packages_PyQt6_Qt6_qml_QtQuick["QtQuick"]\n    node_venv_lib_python3_12_site-packages_PyQt6_Qt6_qml_QtQuick --> node_venv_lib_python3_12_site-packages_PyQt6_Qt6_qml_QtQuick_Controls["Controls"]\n    node_venv_lib_python3_12_site-packages_PyQt6_Qt6_qml_QtQuick_Controls --> node_venv_lib_python3_12_site-packages_PyQt6_Qt6_qml_QtQuick_Controls_Universal["Universal"]\n    node_venv_lib_python3_12_site-packages_PyQt6_Qt6_qml_QtQuick_Controls_Universal --> node_venv_lib_python3_12_site-packages_PyQt6_Qt6_qml_QtQuick_Controls_Universal_TextArea_qml["TextArea.qml"]\n    Root --> node_venv["venv"]\n    node_venv --> node_venv_lib["lib"]\n    node_venv_lib --> node_venv_lib_python3_12["python3.12"]\n    node_venv_lib_python3_12 --> node_venv_lib_python3_12_site-packages["site-packages"]\n    node_venv_lib_python3_12_site-packages --> node_venv_lib_python3_12_site-packages_PyQt6["PyQt6"]\n    node_venv_lib_python3_12_site-packages_PyQt6 --> node_venv_lib_python3_12_site-packages_PyQt6_Qt6["Qt6"]\n    node_venv_lib_python3_12_site-packages_PyQt6_Qt6 --> node_venv_lib_python3_12_site-packages_PyQt6_Qt6_qml["qml"]\n    node_venv_lib_python3_12_site-packages_PyQt6_Qt6_qml --> node_venv_lib_python3_12_site-packages_PyQt6_Qt6_qml_QtQuick["QtQuick"]\n    node_venv_lib_python3_12_site-packages_PyQt6_Qt6_qml_QtQuick --> node_venv_lib_python3_12_site-packages_PyQt6_Qt6_qml_QtQuick_Controls["Controls"]\n    node_venv_lib_python3_12_site-packages_PyQt6_Qt6_qml_QtQuick_Controls --> node_venv_lib_python3_12_site-packages_PyQt6_Qt6_qml_QtQuick_Controls_Universal["Universal"]\n    node_venv_lib_python3_12_site-packages_PyQt6_Qt6_qml_QtQuick_Controls_Universal --> node_venv_lib_python3_12_site-packages_PyQt6_Qt6_qml_QtQuick_Controls_Universal_TextField_qml["TextField.qml"]\n    Root --> node_venv["venv"]\n    node_venv --> node_venv_lib["lib"]\n    node_venv_lib --> node_venv_lib_python3_12["python3.12"]\n    node_venv_lib_python3_12 --> node_venv_lib_python3_12_site-packages["site-packages"]\n    node_venv_lib_python3_12_site-packages --> node_venv_lib_python3_12_site-packages_PyQt6["PyQt6"]\n    node_venv_lib_python3_12_site-packages_PyQt6 --> node_venv_lib_python3_12_site-packages_PyQt6_Qt6["Qt6"]\n    node_venv_lib_python3_12_site-packages_PyQt6_Qt6 --> node_venv_lib_python3_12_site-packages_PyQt6_Qt6_qml["qml"]\n    node_venv_lib_python3_12_site-packages_PyQt6_Qt6_qml --> node_venv_lib_python3_12_site-packages_PyQt6_Qt6_qml_QtQuick["QtQuick"]\n    node_venv_lib_python3_12_site-packages_PyQt6_Qt6_qml_QtQuick --> node_venv_lib_python3_12_site-packages_PyQt6_Qt6_qml_QtQuick_Controls["Controls"]\n    node_venv_lib_python3_12_site-packages_PyQt6_Qt6_qml_QtQuick_Controls --> node_venv_lib_python3_12_site-packages_PyQt6_Qt6_qml_QtQuick_Controls_Universal["Universal"]\n    node_venv_lib_python3_12_site-packages_PyQt6_Qt6_qml_QtQuick_Controls_Universal --> node_venv_lib_python3_12_site-packages_PyQt6_Qt6_qml_QtQuick_Controls_Universal_ToolBar_qml["ToolBar.qml"]\n    Root --> node_venv["venv"]\n    node_venv --> node_venv_lib["lib"]\n    node_venv_lib --> node_venv_lib_python3_12["python3.12"]\n    node_venv_lib_python3_12 --> node_venv_lib_python3_12_site-packages["site-packages"]\n    node_venv_lib_python3_12_site-packages --> node_venv_lib_python3_12_site-packages_PyQt6["PyQt6"]\n    node_venv_lib_python3_12_site-packages_PyQt6 --> node_venv_lib_python3_12_site-packages_PyQt6_Qt6["Qt6"]\n    node_venv_lib_python3_12_site-packages_PyQt6_Qt6 --> node_venv_lib_python3_12_site-packages_PyQt6_Qt6_qml["qml"]\n    node_venv_lib_python3_12_site-packages_PyQt6_Qt6_qml --> node_venv_lib_python3_12_site-packages_PyQt6_Qt6_qml_QtQuick["QtQuick"]\n    node_venv_lib_python3_12_site-packages_PyQt6_Qt6_qml_QtQuick --> node_venv_lib_python3_12_site-packages_PyQt6_Qt6_qml_QtQuick_Controls["Controls"]\n    node_venv_lib_python3_12_site-packages_PyQt6_Qt6_qml_QtQuick_Controls --> node_venv_lib_python3_12_site-packages_PyQt6_Qt6_qml_QtQuick_Controls_Universal["Universal"]\n    node_venv_lib_python3_12_site-packages_PyQt6_Qt6_qml_QtQuick_Controls_Universal --> node_venv_lib_python3_12_site-packages_PyQt6_Qt6_qml_QtQuick_Controls_Universal_ToolButton_qml["ToolButton.qml"]\n    Root --> node_venv["venv"]\n    node_venv --> node_venv_lib["lib"]\n    node_venv_lib --> node_venv_lib_python3_12["python3.12"]\n    node_venv_lib_python3_12 --> node_venv_lib_python3_12_site-packages["site-packages"]\n    node_venv_lib_python3_12_site-packages --> node_venv_lib_python3_12_site-packages_PyQt6["PyQt6"]\n    node_venv_lib_python3_12_site-packages_PyQt6 --> node_venv_lib_python3_12_site-packages_PyQt6_Qt6["Qt6"]\n    node_venv_lib_python3_12_site-packages_PyQt6_Qt6 --> node_venv_lib_python3_12_site-packages_PyQt6_Qt6_qml["qml"]\n    node_venv_lib_python3_12_site-packages_PyQt6_Qt6_qml --> node_venv_lib_python3_12_site-packages_PyQt6_Qt6_qml_QtQuick["QtQuick"]\n    node_venv_lib_python3_12_site-packages_PyQt6_Qt6_qml_QtQuick --> node_venv_lib_python3_12_site-packages_PyQt6_Qt6_qml_QtQuick_Controls["Controls"]\n    node_venv_lib_python3_12_site-packages_PyQt6_Qt6_qml_QtQuick_Controls --> node_venv_lib_python3_12_site-packages_PyQt6_Qt6_qml_QtQuick_Controls_Universal["Universal"]\n    node_venv_lib_python3_12_site-packages_PyQt6_Qt6_qml_QtQuick_Controls_Universal --> node_venv_lib_python3_12_site-packages_PyQt6_Qt6_qml_QtQuick_Controls_Universal_ToolSeparator_qml["ToolSeparator.qml"]\n    Root --> node_venv["venv"]\n    node_venv --> node_venv_lib["lib"]\n    node_venv_lib --> node_venv_lib_python3_12["python3.12"]\n    node_venv_lib_python3_12 --> node_venv_lib_python3_12_site-packages["site-packages"]\n    node_venv_lib_python3_12_site-packages --> node_venv_lib_python3_12_site-packages_PyQt6["PyQt6"]\n    node_venv_lib_python3_12_site-packages_PyQt6 --> node_venv_lib_python3_12_site-packages_PyQt6_Qt6["Qt6"]\n    node_venv_lib_python3_12_site-packages_PyQt6_Qt6 --> node_venv_lib_python3_12_site-packages_PyQt6_Qt6_qml["qml"]\n    node_venv_lib_python3_12_site-packages_PyQt6_Qt6_qml --> node_venv_lib_python3_12_site-packages_PyQt6_Qt6_qml_QtQuick["QtQuick"]\n    node_venv_lib_python3_12_site-packages_PyQt6_Qt6_qml_QtQuick --> node_venv_lib_python3_12_site-packages_PyQt6_Qt6_qml_QtQuick_Controls["Controls"]\n    node_venv_lib_python3_12_site-packages_PyQt6_Qt6_qml_QtQuick_Controls --> node_venv_lib_python3_12_site-packages_PyQt6_Qt6_qml_QtQuick_Controls_Universal["Universal"]\n    node_venv_lib_python3_12_site-packages_PyQt6_Qt6_qml_QtQuick_Controls_Universal --> node_venv_lib_python3_12_site-packages_PyQt6_Qt6_qml_QtQuick_Controls_Universal_ToolTip_qml["ToolTip.qml"]\n    Root --> node_venv["venv"]\n    node_venv --> node_venv_lib["lib"]\n    node_venv_lib --> node_venv_lib_python3_12["python3.12"]\n    node_venv_lib_python3_12 --> node_venv_lib_python3_12_site-packages["site-packages"]\n    node_venv_lib_python3_12_site-packages --> node_venv_lib_python3_12_site-packages_PyQt6["PyQt6"]\n    node_venv_lib_python3_12_site-packages_PyQt6 --> node_venv_lib_python3_12_site-packages_PyQt6_Qt6["Qt6"]\n    node_venv_lib_python3_12_site-packages_PyQt6_Qt6 --> node_venv_lib_python3_12_site-packages_PyQt6_Qt6_qml["qml"]\n    node_venv_lib_python3_12_site-packages_PyQt6_Qt6_qml --> node_venv_lib_python3_12_site-packages_PyQt6_Qt6_qml_QtQuick["QtQuick"]\n    node_venv_lib_python3_12_site-packages_PyQt6_Qt6_qml_QtQuick --> node_venv_lib_python3_12_site-packages_PyQt6_Qt6_qml_QtQuick_Controls["Controls"]\n    node_venv_lib_python3_12_site-packages_PyQt6_Qt6_qml_QtQuick_Controls --> node_venv_lib_python3_12_site-packages_PyQt6_Qt6_qml_QtQuick_Controls_Universal["Universal"]\n    node_venv_lib_python3_12_site-packages_PyQt6_Qt6_qml_QtQuick_Controls_Universal --> node_venv_lib_python3_12_site-packages_PyQt6_Qt6_qml_QtQuick_Controls_Universal_Tumbler_qml["Tumbler.qml"]\n    Root --> node_venv["venv"]\n    node_venv --> node_venv_lib["lib"]\n    node_venv_lib --> node_venv_lib_python3_12["python3.12"]\n    node_venv_lib_python3_12 --> node_venv_lib_python3_12_site-packages["site-packages"]\n    node_venv_lib_python3_12_site-packages --> node_venv_lib_python3_12_site-packages_PyQt6["PyQt6"]\n    node_venv_lib_python3_12_site-packages_PyQt6 --> node_venv_lib_python3_12_site-packages_PyQt6_Qt6["Qt6"]\n    node_venv_lib_python3_12_site-packages_PyQt6_Qt6 --> node_venv_lib_python3_12_site-packages_PyQt6_Qt6_qml["qml"]\n    node_venv_lib_python3_12_site-packages_PyQt6_Qt6_qml --> node_venv_lib_python3_12_site-packages_PyQt6_Qt6_qml_QtQuick["QtQuick"]\n    node_venv_lib_python3_12_site-packages_PyQt6_Qt6_qml_QtQuick --> node_venv_lib_python3_12_site-packages_PyQt6_Qt6_qml_QtQuick_Controls["Controls"]\n    node_venv_lib_python3_12_site-packages_PyQt6_Qt6_qml_QtQuick_Controls --> node_venv_lib_python3_12_site-packages_PyQt6_Qt6_qml_QtQuick_Controls_Universal["Universal"]\n    node_venv_lib_python3_12_site-packages_PyQt6_Qt6_qml_QtQuick_Controls_Universal --> node_venv_lib_python3_12_site-packages_PyQt6_Qt6_qml_QtQuick_Controls_Universal_VerticalHeaderView_qml["VerticalHeaderView.qml"]\n    Root --> node_venv["venv"]\n    node_venv --> node_venv_lib["lib"]\n    node_venv_lib --> node_venv_lib_python3_12["python3.12"]\n    node_venv_lib_python3_12 --> node_venv_lib_python3_12_site-packages["site-packages"]\n    node_venv_lib_python3_12_site-packages --> node_venv_lib_python3_12_site-packages_PyQt6["PyQt6"]\n    node_venv_lib_python3_12_site-packages_PyQt6 --> node_venv_lib_python3_12_site-packages_PyQt6_Qt6["Qt6"]\n    node_venv_lib_python3_12_site-packages_PyQt6_Qt6 --> node_venv_lib_python3_12_site-packages_PyQt6_Qt6_qml["qml"]\n    node_venv_lib_python3_12_site-packages_PyQt6_Qt6_qml --> node_venv_lib_python3_12_site-packages_PyQt6_Qt6_qml_QtQuick["QtQuick"]\n    node_venv_lib_python3_12_site-packages_PyQt6_Qt6_qml_QtQuick --> node_venv_lib_python3_12_site-packages_PyQt6_Qt6_qml_QtQuick_Controls["Controls"]\n    node_venv_lib_python3_12_site-packages_PyQt6_Qt6_qml_QtQuick_Controls --> node_venv_lib_python3_12_site-packages_PyQt6_Qt6_qml_QtQuick_Controls_Universal["Universal"]\n    node_venv_lib_python3_12_site-packages_PyQt6_Qt6_qml_QtQuick_Controls_Universal --> node_venv_lib_python3_12_site-packages_PyQt6_Qt6_qml_QtQuick_Controls_Universal_VerticalHeaderViewDelegate_qml["VerticalHeaderViewDelegate.qml"]\n    Root --> node_venv["venv"]\n    node_venv --> node_venv_lib["lib"]\n    node_venv_lib --> node_venv_lib_python3_12["python3.12"]\n    node_venv_lib_python3_12 --> node_venv_lib_python3_12_site-packages["site-packages"]\n    node_venv_lib_python3_12_site-packages --> node_venv_lib_python3_12_site-packages_PyQt6["PyQt6"]\n    node_venv_lib_python3_12_site-packages_PyQt6 --> node_venv_lib_python3_12_site-packages_PyQt6_Qt6["Qt6"]\n    node_venv_lib_python3_12_site-packages_PyQt6_Qt6 --> node_venv_lib_python3_12_site-packages_PyQt6_Qt6_qml["qml"]\n    node_venv_lib_python3_12_site-packages_PyQt6_Qt6_qml --> node_venv_lib_python3_12_site-packages_PyQt6_Qt6_qml_QtQuick["QtQuick"]\n    node_venv_lib_python3_12_site-packages_PyQt6_Qt6_qml_QtQuick --> node_venv_lib_python3_12_site-packages_PyQt6_Qt6_qml_QtQuick_Controls["Controls"]\n    node_venv_lib_python3_12_site-packages_PyQt6_Qt6_qml_QtQuick_Controls --> node_venv_lib_python3_12_site-packages_PyQt6_Qt6_qml_QtQuick_Controls_Universal["Universal"]\n    node_venv_lib_python3_12_site-packages_PyQt6_Qt6_qml_QtQuick_Controls_Universal --> node_venv_lib_python3_12_site-packages_PyQt6_Qt6_qml_QtQuick_Controls_Universal_libqtquickcontrols2universalstyleplugin_dylib["libqtquickcontrols2universalstyleplugin.dylib"]\n    Root --> node_venv["venv"]\n    node_venv --> node_venv_lib["lib"]\n    node_venv_lib --> node_venv_lib_python3_12["python3.12"]\n    node_venv_lib_python3_12 --> node_venv_lib_python3_12_site-packages["site-packages"]\n    node_venv_lib_python3_12_site-packages --> node_venv_lib_python3_12_site-packages_PyQt6["PyQt6"]\n    node_venv_lib_python3_12_site-packages_PyQt6 --> node_venv_lib_python3_12_site-packages_PyQt6_Qt6["Qt6"]\n    node_venv_lib_python3_12_site-packages_PyQt6_Qt6 --> node_venv_lib_python3_12_site-packages_PyQt6_Qt6_qml["qml"]\n    node_venv_lib_python3_12_site-packages_PyQt6_Qt6_qml --> node_venv_lib_python3_12_site-packages_PyQt6_Qt6_qml_QtQuick["QtQuick"]\n    node_venv_lib_python3_12_site-packages_PyQt6_Qt6_qml_QtQuick --> node_venv_lib_python3_12_site-packages_PyQt6_Qt6_qml_QtQuick_Controls["Controls"]\n    node_venv_lib_python3_12_site-packages_PyQt6_Qt6_qml_QtQuick_Controls --> node_venv_lib_python3_12_site-packages_PyQt6_Qt6_qml_QtQuick_Controls_Universal["Universal"]\n    node_venv_lib_python3_12_site-packages_PyQt6_Qt6_qml_QtQuick_Controls_Universal --> node_venv_lib_python3_12_site-packages_PyQt6_Qt6_qml_QtQuick_Controls_Universal_plugins_qmltypes["plugins.qmltypes"]\n    Root --> node_venv["venv"]\n    node_venv --> node_venv_lib["lib"]\n    node_venv_lib --> node_venv_lib_python3_12["python3.12"]\n    node_venv_lib_python3_12 --> node_venv_lib_python3_12_site-packages["site-packages"]\n    node_venv_lib_python3_12_site-packages --> node_venv_lib_python3_12_site-packages_PyQt6["PyQt6"]\n    node_venv_lib_python3_12_site-packages_PyQt6 --> node_venv_lib_python3_12_site-packages_PyQt6_Qt6["Qt6"]\n    node_venv_lib_python3_12_site-packages_PyQt6_Qt6 --> node_venv_lib_python3_12_site-packages_PyQt6_Qt6_qml["qml"]\n    node_venv_lib_python3_12_site-packages_PyQt6_Qt6_qml --> node_venv_lib_python3_12_site-packages_PyQt6_Qt6_qml_QtQuick["QtQuick"]\n    node_venv_lib_python3_12_site-packages_PyQt6_Qt6_qml_QtQuick --> node_venv_lib_python3_12_site-packages_PyQt6_Qt6_qml_QtQuick_Controls["Controls"]\n    node_venv_lib_python3_12_site-packages_PyQt6_Qt6_qml_QtQuick_Controls --> node_venv_lib_python3_12_site-packages_PyQt6_Qt6_qml_QtQuick_Controls_Universal["Universal"]\n    node_venv_lib_python3_12_site-packages_PyQt6_Qt6_qml_QtQuick_Controls_Universal --> node_venv_lib_python3_12_site-packages_PyQt6_Qt6_qml_QtQuick_Controls_Universal_qmldir["qmldir"]\n    Root --> node_venv["venv"]\n    node_venv --> node_venv_lib["lib"]\n    node_venv_lib --> node_venv_lib_python3_12["python3.12"]\n    node_venv_lib_python3_12 --> node_venv_lib_python3_12_site-packages["site-packages"]\n    node_venv_lib_python3_12_site-packages --> node_venv_lib_python3_12_site-packages_PyQt6["PyQt6"]\n    node_venv_lib_python3_12_site-packages_PyQt6 --> node_venv_lib_python3_12_site-packages_PyQt6_Qt6["Qt6"]\n    node_venv_lib_python3_12_site-packages_PyQt6_Qt6 --> node_venv_lib_python3_12_site-packages_PyQt6_Qt6_qml["qml"]\n    node_venv_lib_python3_12_site-packages_PyQt6_Qt6_qml --> node_venv_lib_python3_12_site-packages_PyQt6_Qt6_qml_QtQuick["QtQuick"]\n    node_venv_lib_python3_12_site-packages_PyQt6_Qt6_qml_QtQuick --> node_venv_lib_python3_12_site-packages_PyQt6_Qt6_qml_QtQuick_Controls["Controls"]\n    node_venv_lib_python3_12_site-packages_PyQt6_Qt6_qml_QtQuick_Controls --> node_venv_lib_python3_12_site-packages_PyQt6_Qt6_qml_QtQuick_Controls_Universal["Universal"]\n    node_venv_lib_python3_12_site-packages_PyQt6_Qt6_qml_QtQuick_Controls_Universal --> node_venv_lib_python3_12_site-packages_PyQt6_Qt6_qml_QtQuick_Controls_Universal_impl["impl"]\n    node_venv_lib_python3_12_site-packages_PyQt6_Qt6_qml_QtQuick_Controls_Universal_impl --> node_venv_lib_python3_12_site-packages_PyQt6_Qt6_qml_QtQuick_Controls_Universal_impl_CheckIndicator_qml["CheckIndicator.qml"]\n    Root --> node_venv["venv"]\n    node_venv --> node_venv_lib["lib"]\n    node_venv_lib --> node_venv_lib_python3_12["python3.12"]\n    node_venv_lib_python3_12 --> node_venv_lib_python3_12_site-packages["site-packages"]\n    node_venv_lib_python3_12_site-packages --> node_venv_lib_python3_12_site-packages_PyQt6["PyQt6"]\n    node_venv_lib_python3_12_site-packages_PyQt6 --> node_venv_lib_python3_12_site-packages_PyQt6_Qt6["Qt6"]\n    node_venv_lib_python3_12_site-packages_PyQt6_Qt6 --> node_venv_lib_python3_12_site-packages_PyQt6_Qt6_qml["qml"]\n    node_venv_lib_python3_12_site-packages_PyQt6_Qt6_qml --> node_venv_lib_python3_12_site-packages_PyQt6_Qt6_qml_QtQuick["QtQuick"]\n    node_venv_lib_python3_12_site-packages_PyQt6_Qt6_qml_QtQuick --> node_venv_lib_python3_12_site-packages_PyQt6_Qt6_qml_QtQuick_Controls["Controls"]\n    node_venv_lib_python3_12_site-packages_PyQt6_Qt6_qml_QtQuick_Controls --> node_venv_lib_python3_12_site-packages_PyQt6_Qt6_qml_QtQuick_Controls_Universal["Universal"]\n    node_venv_lib_python3_12_site-packages_PyQt6_Qt6_qml_QtQuick_Controls_Universal --> node_venv_lib_python3_12_site-packages_PyQt6_Qt6_qml_QtQuick_Controls_Universal_impl["impl"]\n    node_venv_lib_python3_12_site-packages_PyQt6_Qt6_qml_QtQuick_Controls_Universal_impl --> node_venv_lib_python3_12_site-packages_PyQt6_Qt6_qml_QtQuick_Controls_Universal_impl_RadioIndicator_qml["RadioIndicator.qml"]\n    Root --> node_venv["venv"]\n    node_venv --> node_venv_lib["lib"]\n    node_venv_lib --> node_venv_lib_python3_12["python3.12"]\n    node_venv_lib_python3_12 --> node_venv_lib_python3_12_site-packages["site-packages"]\n    node_venv_lib_python3_12_site-packages --> node_venv_lib_python3_12_site-packages_PyQt6["PyQt6"]\n    node_venv_lib_python3_12_site-packages_PyQt6 --> node_venv_lib_python3_12_site-packages_PyQt6_Qt6["Qt6"]\n    node_venv_lib_python3_12_site-packages_PyQt6_Qt6 --> node_venv_lib_python3_12_site-packages_PyQt6_Qt6_qml["qml"]\n    node_venv_lib_python3_12_site-packages_PyQt6_Qt6_qml --> node_venv_lib_python3_12_site-packages_PyQt6_Qt6_qml_QtQuick["QtQuick"]\n    node_venv_lib_python3_12_site-packages_PyQt6_Qt6_qml_QtQuick --> node_venv_lib_python3_12_site-packages_PyQt6_Qt6_qml_QtQuick_Controls["Controls"]\n    node_venv_lib_python3_12_site-packages_PyQt6_Qt6_qml_QtQuick_Controls --> node_venv_lib_python3_12_site-packages_PyQt6_Qt6_qml_QtQuick_Controls_Universal["Universal"]\n    node_venv_lib_python3_12_site-packages_PyQt6_Qt6_qml_QtQuick_Controls_Universal --> node_venv_lib_python3_12_site-packages_PyQt6_Qt6_qml_QtQuick_Controls_Universal_impl["impl"]\n    node_venv_lib_python3_12_site-packages_PyQt6_Qt6_qml_QtQuick_Controls_Universal_impl --> node_venv_lib_python3_12_site-packages_PyQt6_Qt6_qml_QtQuick_Controls_Universal_impl_SwitchIndicator_qml["SwitchIndicator.qml"]\n    Root --> node_venv["venv"]\n    node_venv --> node_venv_lib["lib"]\n    node_venv_lib --> node_venv_lib_python3_12["python3.12"]\n    node_venv_lib_python3_12 --> node_venv_lib_python3_12_site-packages["site-packages"]\n    node_venv_lib_python3_12_site-packages --> node_venv_lib_python3_12_site-packages_PyQt6["PyQt6"]\n    node_venv_lib_python3_12_site-packages_PyQt6 --> node_venv_lib_python3_12_site-packages_PyQt6_Qt6["Qt6"]\n    node_venv_lib_python3_12_site-packages_PyQt6_Qt6 --> node_venv_lib_python3_12_site-packages_PyQt6_Qt6_qml["qml"]\n    node_venv_lib_python3_12_site-packages_PyQt6_Qt6_qml --> node_venv_lib_python3_12_site-packages_PyQt6_Qt6_qml_QtQuick["QtQuick"]\n    node_venv_lib_python3_12_site-packages_PyQt6_Qt6_qml_QtQuick --> node_venv_lib_python3_12_site-packages_PyQt6_Qt6_qml_QtQuick_Controls["Controls"]\n    node_venv_lib_python3_12_site-packages_PyQt6_Qt6_qml_QtQuick_Controls --> node_venv_lib_python3_12_site-packages_PyQt6_Qt6_qml_QtQuick_Controls_Universal["Universal"]\n    node_venv_lib_python3_12_site-packages_PyQt6_Qt6_qml_QtQuick_Controls_Universal --> node_venv_lib_python3_12_site-packages_PyQt6_Qt6_qml_QtQuick_Controls_Universal_impl["impl"]\n    node_venv_lib_python3_12_site-packages_PyQt6_Qt6_qml_QtQuick_Controls_Universal_impl --> node_venv_lib_python3_12_site-packages_PyQt6_Qt6_qml_QtQuick_Controls_Universal_impl_libqtquickcontrols2universalstyleimplplugin_dylib["libqtquickcontrols2universalstyleimplplugin.dylib"]\n    Root --> node_venv["venv"]\n    node_venv --> node_venv_lib["lib"]\n    node_venv_lib --> node_venv_lib_python3_12["python3.12"]\n    node_venv_lib_python3_12 --> node_venv_lib_python3_12_site-packages["site-packages"]\n    node_venv_lib_python3_12_site-packages --> node_venv_lib_python3_12_site-packages_PyQt6["PyQt6"]\n    node_venv_lib_python3_12_site-packages_PyQt6 --> node_venv_lib_python3_12_site-packages_PyQt6_Qt6["Qt6"]\n    node_venv_lib_python3_12_site-packages_PyQt6_Qt6 --> node_venv_lib_python3_12_site-packages_PyQt6_Qt6_qml["qml"]\n    node_venv_lib_python3_12_site-packages_PyQt6_Qt6_qml --> node_venv_lib_python3_12_site-packages_PyQt6_Qt6_qml_QtQuick["QtQuick"]\n    node_venv_lib_python3_12_site-packages_PyQt6_Qt6_qml_QtQuick --> node_venv_lib_python3_12_site-packages_PyQt6_Qt6_qml_QtQuick_Controls["Controls"]\n    node_venv_lib_python3_12_site-packages_PyQt6_Qt6_qml_QtQuick_Controls --> node_venv_lib_python3_12_site-packages_PyQt6_Qt6_qml_QtQuick_Controls_Universal["Universal"]\n    node_venv_lib_python3_12_site-packages_PyQt6_Qt6_qml_QtQuick_Controls_Universal --> node_venv_lib_python3_12_site-packages_PyQt6_Qt6_qml_QtQuick_Controls_Universal_impl["impl"]\n    node_venv_lib_python3_12_site-packages_PyQt6_Qt6_qml_QtQuick_Controls_Universal_impl --> node_venv_lib_python3_12_site-packages_PyQt6_Qt6_qml_QtQuick_Controls_Universal_impl_plugins_qmltypes["plugins.qmltypes"]\n    Root --> node_venv["venv"]\n    node_venv --> node_venv_lib["lib"]\n    node_venv_lib --> node_venv_lib_python3_12["python3.12"]\n    node_venv_lib_python3_12 --> node_venv_lib_python3_12_site-packages["site-packages"]\n    node_venv_lib_python3_12_site-packages --> node_venv_lib_python3_12_site-packages_PyQt6["PyQt6"]\n    node_venv_lib_python3_12_site-packages_PyQt6 --> node_venv_lib_python3_12_site-packages_PyQt6_Qt6["Qt6"]\n    node_venv_lib_python3_12_site-packages_PyQt6_Qt6 --> node_venv_lib_python3_12_site-packages_PyQt6_Qt6_qml["qml"]\n    node_venv_lib_python3_12_site-packages_PyQt6_Qt6_qml --> node_venv_lib_python3_12_site-packages_PyQt6_Qt6_qml_QtQuick["QtQuick"]\n    node_venv_lib_python3_12_site-packages_PyQt6_Qt6_qml_QtQuick --> node_venv_lib_python3_12_site-packages_PyQt6_Qt6_qml_QtQuick_Controls["Controls"]\n    node_venv_lib_python3_12_site-packages_PyQt6_Qt6_qml_QtQuick_Controls --> node_venv_lib_python3_12_site-packages_PyQt6_Qt6_qml_QtQuick_Controls_Universal["Universal"]\n    node_venv_lib_python3_12_site-packages_PyQt6_Qt6_qml_QtQuick_Controls_Universal --> node_venv_lib_python3_12_site-packages_PyQt6_Qt6_qml_QtQuick_Controls_Universal_impl["impl"]\n    node_venv_lib_python3_12_site-packages_PyQt6_Qt6_qml_QtQuick_Controls_Universal_impl --> node_venv_lib_python3_12_site-packages_PyQt6_Qt6_qml_QtQuick_Controls_Universal_impl_qmldir["qmldir"]\n    Root --> node_venv["venv"]\n    node_venv --> node_venv_lib["lib"]\n    node_venv_lib --> node_venv_lib_python3_12["python3.12"]\n    node_venv_lib_python3_12 --> node_venv_lib_python3_12_site-packages["site-packages"]\n    node_venv_lib_python3_12_site-packages --> node_venv_lib_python3_12_site-packages_PyQt6["PyQt6"]\n    node_venv_lib_python3_12_site-packages_PyQt6 --> node_venv_lib_python3_12_site-packages_PyQt6_Qt6["Qt6"]\n    node_venv_lib_python3_12_site-packages_PyQt6_Qt6 --> node_venv_lib_python3_12_site-packages_PyQt6_Qt6_qml["qml"]\n    node_venv_lib_python3_12_site-packages_PyQt6_Qt6_qml --> node_venv_lib_python3_12_site-packages_PyQt6_Qt6_qml_QtQuick["QtQuick"]\n    node_venv_lib_python3_12_site-packages_PyQt6_Qt6_qml_QtQuick --> node_venv_lib_python3_12_site-packages_PyQt6_Qt6_qml_QtQuick_Controls["Controls"]\n    node_venv_lib_python3_12_site-packages_PyQt6_Qt6_qml_QtQuick_Controls --> node_venv_lib_python3_12_site-packages_PyQt6_Qt6_qml_QtQuick_Controls_Basic["Basic"]\n    node_venv_lib_python3_12_site-packages_PyQt6_Qt6_qml_QtQuick_Controls_Basic --> node_venv_lib_python3_12_site-packages_PyQt6_Qt6_qml_QtQuick_Controls_Basic_AbstractButton_qml["AbstractButton.qml"]\n    Root --> node_venv["venv"]\n    node_venv --> node_venv_lib["lib"]\n    node_venv_lib --> node_venv_lib_python3_12["python3.12"]\n    node_venv_lib_python3_12 --> node_venv_lib_python3_12_site-packages["site-packages"]\n    node_venv_lib_python3_12_site-packages --> node_venv_lib_python3_12_site-packages_PyQt6["PyQt6"]\n    node_venv_lib_python3_12_site-packages_PyQt6 --> node_venv_lib_python3_12_site-packages_PyQt6_Qt6["Qt6"]\n    node_venv_lib_python3_12_site-packages_PyQt6_Qt6 --> node_venv_lib_python3_12_site-packages_PyQt6_Qt6_qml["qml"]\n    node_venv_lib_python3_12_site-packages_PyQt6_Qt6_qml --> node_venv_lib_python3_12_site-packages_PyQt6_Qt6_qml_QtQuick["QtQuick"]\n    node_venv_lib_python3_12_site-packages_PyQt6_Qt6_qml_QtQuick --> node_venv_lib_python3_12_site-packages_PyQt6_Qt6_qml_QtQuick_Controls["Controls"]\n    node_venv_lib_python3_12_site-packages_PyQt6_Qt6_qml_QtQuick_Controls --> node_venv_lib_python3_12_site-packages_PyQt6_Qt6_qml_QtQuick_Controls_Basic["Basic"]\n    node_venv_lib_python3_12_site-packages_PyQt6_Qt6_qml_QtQuick_Controls_Basic --> node_venv_lib_python3_12_site-packages_PyQt6_Qt6_qml_QtQuick_Controls_Basic_Action_qml["Action.qml"]\n    Root --> node_venv["venv"]\n    node_venv --> node_venv_lib["lib"]\n    node_venv_lib --> node_venv_lib_python3_12["python3.12"]\n    node_venv_lib_python3_12 --> node_venv_lib_python3_12_site-packages["site-packages"]\n    node_venv_lib_python3_12_site-packages --> node_venv_lib_python3_12_site-packages_PyQt6["PyQt6"]\n    node_venv_lib_python3_12_site-packages_PyQt6 --> node_venv_lib_python3_12_site-packages_PyQt6_Qt6["Qt6"]\n    node_venv_lib_python3_12_site-packages_PyQt6_Qt6 --> node_venv_lib_python3_12_site-packages_PyQt6_Qt6_qml["qml"]\n    node_venv_lib_python3_12_site-packages_PyQt6_Qt6_qml --> node_venv_lib_python3_12_site-packages_PyQt6_Qt6_qml_QtQuick["QtQuick"]\n    node_venv_lib_python3_12_site-packages_PyQt6_Qt6_qml_QtQuick --> node_venv_lib_python3_12_site-packages_PyQt6_Qt6_qml_QtQuick_Controls["Controls"]\n    node_venv_lib_python3_12_site-packages_PyQt6_Qt6_qml_QtQuick_Controls --> node_venv_lib_python3_12_site-packages_PyQt6_Qt6_qml_QtQuick_Controls_Basic["Basic"]\n    node_venv_lib_python3_12_site-packages_PyQt6_Qt6_qml_QtQuick_Controls_Basic --> node_venv_lib_python3_12_site-packages_PyQt6_Qt6_qml_QtQuick_Controls_Basic_ActionGroup_qml["ActionGroup.qml"]\n    Root --> node_venv["venv"]\n    node_venv --> node_venv_lib["lib"]\n    node_venv_lib --> node_venv_lib_python3_12["python3.12"]\n    node_venv_lib_python3_12 --> node_venv_lib_python3_12_site-packages["site-packages"]\n    node_venv_lib_python3_12_site-packages --> node_venv_lib_python3_12_site-packages_PyQt6["PyQt6"]\n    node_venv_lib_python3_12_site-packages_PyQt6 --> node_venv_lib_python3_12_site-packages_PyQt6_Qt6["Qt6"]\n    node_venv_lib_python3_12_site-packages_PyQt6_Qt6 --> node_venv_lib_python3_12_site-packages_PyQt6_Qt6_qml["qml"]\n    node_venv_lib_python3_12_site-packages_PyQt6_Qt6_qml --> node_venv_lib_python3_12_site-packages_PyQt6_Qt6_qml_QtQuick["QtQuick"]\n    node_venv_lib_python3_12_site-packages_PyQt6_Qt6_qml_QtQuick --> node_venv_lib_python3_12_site-packages_PyQt6_Qt6_qml_QtQuick_Controls["Controls"]\n    node_venv_lib_python3_12_site-packages_PyQt6_Qt6_qml_QtQuick_Controls --> node_venv_lib_python3_12_site-packages_PyQt6_Qt6_qml_QtQuick_Controls_Basic["Basic"]\n    node_venv_lib_python3_12_site-packages_PyQt6_Qt6_qml_QtQuick_Controls_Basic --> node_venv_lib_python3_12_site-packages_PyQt6_Qt6_qml_QtQuick_Controls_Basic_ApplicationWindow_qml["ApplicationWindow.qml"]\n    Root --> node_venv["venv"]\n    node_venv --> node_venv_lib["lib"]\n    node_venv_lib --> node_venv_lib_python3_12["python3.12"]\n    node_venv_lib_python3_12 --> node_venv_lib_python3_12_site-packages["site-packages"]\n    node_venv_lib_python3_12_site-packages --> node_venv_lib_python3_12_site-packages_PyQt6["PyQt6"]\n    node_venv_lib_python3_12_site-packages_PyQt6 --> node_venv_lib_python3_12_site-packages_PyQt6_Qt6["Qt6"]\n    node_venv_lib_python3_12_site-packages_PyQt6_Qt6 --> node_venv_lib_python3_12_site-packages_PyQt6_Qt6_qml["qml"]\n    node_venv_lib_python3_12_site-packages_PyQt6_Qt6_qml --> node_venv_lib_python3_12_site-packages_PyQt6_Qt6_qml_QtQuick["QtQuick"]\n    node_venv_lib_python3_12_site-packages_PyQt6_Qt6_qml_QtQuick --> node_venv_lib_python3_12_site-packages_PyQt6_Qt6_qml_QtQuick_Controls["Controls"]\n    node_venv_lib_python3_12_site-packages_PyQt6_Qt6_qml_QtQuick_Controls --> node_venv_lib_python3_12_site-packages_PyQt6_Qt6_qml_QtQuick_Controls_Basic["Basic"]\n    node_venv_lib_python3_12_site-packages_PyQt6_Qt6_qml_QtQuick_Controls_Basic --> node_venv_lib_python3_12_site-packages_PyQt6_Qt6_qml_QtQuick_Controls_Basic_BusyIndicator_qml["BusyIndicator.qml"]\n    Root --> node_venv["venv"]\n    node_venv --> node_venv_lib["lib"]\n    node_venv_lib --> node_venv_lib_python3_12["python3.12"]\n    node_venv_lib_python3_12 --> node_venv_lib_python3_12_site-packages["site-packages"]\n    node_venv_lib_python3_12_site-packages --> node_venv_lib_python3_12_site-packages_PyQt6["PyQt6"]\n    node_venv_lib_python3_12_site-packages_PyQt6 --> node_venv_lib_python3_12_site-packages_PyQt6_Qt6["Qt6"]\n    node_venv_lib_python3_12_site-packages_PyQt6_Qt6 --> node_venv_lib_python3_12_site-packages_PyQt6_Qt6_qml["qml"]\n    node_venv_lib_python3_12_site-packages_PyQt6_Qt6_qml --> node_venv_lib_python3_12_site-packages_PyQt6_Qt6_qml_QtQuick["QtQuick"]\n    node_venv_lib_python3_12_site-packages_PyQt6_Qt6_qml_QtQuick --> node_venv_lib_python3_12_site-packages_PyQt6_Qt6_qml_QtQuick_Controls["Controls"]\n    node_venv_lib_python3_12_site-packages_PyQt6_Qt6_qml_QtQuick_Controls --> node_venv_lib_python3_12_site-packages_PyQt6_Qt6_qml_QtQuick_Controls_Basic["Basic"]\n    node_venv_lib_python3_12_site-packages_PyQt6_Qt6_qml_QtQuick_Controls_Basic --> node_venv_lib_python3_12_site-packages_PyQt6_Qt6_qml_QtQuick_Controls_Basic_Button_qml["Button.qml"]\n    Root --> node_venv["venv"]\n    node_venv --> node_venv_lib["lib"]\n    node_venv_lib --> node_venv_lib_python3_12["python3.12"]\n    node_venv_lib_python3_12 --> node_venv_lib_python3_12_site-packages["site-packages"]\n    node_venv_lib_python3_12_site-packages --> node_venv_lib_python3_12_site-packages_PyQt6["PyQt6"]\n    node_venv_lib_python3_12_site-packages_PyQt6 --> node_venv_lib_python3_12_site-packages_PyQt6_Qt6["Qt6"]\n    node_venv_lib_python3_12_site-packages_PyQt6_Qt6 --> node_venv_lib_python3_12_site-packages_PyQt6_Qt6_qml["qml"]\n    node_venv_lib_python3_12_site-packages_PyQt6_Qt6_qml --> node_venv_lib_python3_12_site-packages_PyQt6_Qt6_qml_QtQuick["QtQuick"]\n    node_venv_lib_python3_12_site-packages_PyQt6_Qt6_qml_QtQuick --> node_venv_lib_python3_12_site-packages_PyQt6_Qt6_qml_QtQuick_Controls["Controls"]\n    node_venv_lib_python3_12_site-packages_PyQt6_Qt6_qml_QtQuick_Controls --> node_venv_lib_python3_12_site-packages_PyQt6_Qt6_qml_QtQuick_Controls_Basic["Basic"]\n    node_venv_lib_python3_12_site-packages_PyQt6_Qt6_qml_QtQuick_Controls_Basic --> node_venv_lib_python3_12_site-packages_PyQt6_Qt6_qml_QtQuick_Controls_Basic_ButtonGroup_qml["ButtonGroup.qml"]\n    Root --> node_venv["venv"]\n    node_venv --> node_venv_lib["lib"]\n    node_venv_lib --> node_venv_lib_python3_12["python3.12"]\n    node_venv_lib_python3_12 --> node_venv_lib_python3_12_site-packages["site-packages"]\n    node_venv_lib_python3_12_site-packages --> node_venv_lib_python3_12_site-packages_PyQt6["PyQt6"]\n    node_venv_lib_python3_12_site-packages_PyQt6 --> node_venv_lib_python3_12_site-packages_PyQt6_Qt6["Qt6"]\n    node_venv_lib_python3_12_site-packages_PyQt6_Qt6 --> node_venv_lib_python3_12_site-packages_PyQt6_Qt6_qml["qml"]\n    node_venv_lib_python3_12_site-packages_PyQt6_Qt6_qml --> node_venv_lib_python3_12_site-packages_PyQt6_Qt6_qml_QtQuick["QtQuick"]\n    node_venv_lib_python3_12_site-packages_PyQt6_Qt6_qml_QtQuick --> node_venv_lib_python3_12_site-packages_PyQt6_Qt6_qml_QtQuick_Controls["Controls"]\n    node_venv_lib_python3_12_site-packages_PyQt6_Qt6_qml_QtQuick_Controls --> node_venv_lib_python3_12_site-packages_PyQt6_Qt6_qml_QtQuick_Controls_Basic["Basic"]\n    node_venv_lib_python3_12_site-packages_PyQt6_Qt6_qml_QtQuick_Controls_Basic --> node_venv_lib_python3_12_site-packages_PyQt6_Qt6_qml_QtQuick_Controls_Basic_Calendar_qml["Calendar.qml"]\n    Root --> node_venv["venv"]\n    node_venv --> node_venv_lib["lib"]\n    node_venv_lib --> node_venv_lib_python3_12["python3.12"]\n    node_venv_lib_python3_12 --> node_venv_lib_python3_12_site-packages["site-packages"]\n    node_venv_lib_python3_12_site-packages --> node_venv_lib_python3_12_site-packages_PyQt6["PyQt6"]\n    node_venv_lib_python3_12_site-packages_PyQt6 --> node_venv_lib_python3_12_site-packages_PyQt6_Qt6["Qt6"]\n    node_venv_lib_python3_12_site-packages_PyQt6_Qt6 --> node_venv_lib_python3_12_site-packages_PyQt6_Qt6_qml["qml"]\n    node_venv_lib_python3_12_site-packages_PyQt6_Qt6_qml --> node_venv_lib_python3_12_site-packages_PyQt6_Qt6_qml_QtQuick["QtQuick"]\n    node_venv_lib_python3_12_site-packages_PyQt6_Qt6_qml_QtQuick --> node_venv_lib_python3_12_site-packages_PyQt6_Qt6_qml_QtQuick_Controls["Controls"]\n    node_venv_lib_python3_12_site-packages_PyQt6_Qt6_qml_QtQuick_Controls --> node_venv_lib_python3_12_site-packages_PyQt6_Qt6_qml_QtQuick_Controls_Basic["Basic"]\n    node_venv_lib_python3_12_site-packages_PyQt6_Qt6_qml_QtQuick_Controls_Basic --> node_venv_lib_python3_12_site-packages_PyQt6_Qt6_qml_QtQuick_Controls_Basic_CalendarModel_qml["CalendarModel.qml"]\n    Root --> node_venv["venv"]\n    node_venv --> node_venv_lib["lib"]\n    node_venv_lib --> node_venv_lib_python3_12["python3.12"]\n    node_venv_lib_python3_12 --> node_venv_lib_python3_12_site-packages["site-packages"]\n    node_venv_lib_python3_12_site-packages --> node_venv_lib_python3_12_site-packages_PyQt6["PyQt6"]\n    node_venv_lib_python3_12_site-packages_PyQt6 --> node_venv_lib_python3_12_site-packages_PyQt6_Qt6["Qt6"]\n    node_venv_lib_python3_12_site-packages_PyQt6_Qt6 --> node_venv_lib_python3_12_site-packages_PyQt6_Qt6_qml["qml"]\n    node_venv_lib_python3_12_site-packages_PyQt6_Qt6_qml --> node_venv_lib_python3_12_site-packages_PyQt6_Qt6_qml_QtQuick["QtQuick"]\n    node_venv_lib_python3_12_site-packages_PyQt6_Qt6_qml_QtQuick --> node_venv_lib_python3_12_site-packages_PyQt6_Qt6_qml_QtQuick_Controls["Controls"]\n    node_venv_lib_python3_12_site-packages_PyQt6_Qt6_qml_QtQuick_Controls --> node_venv_lib_python3_12_site-packages_PyQt6_Qt6_qml_QtQuick_Controls_Basic["Basic"]\n    node_venv_lib_python3_12_site-packages_PyQt6_Qt6_qml_QtQuick_Controls_Basic --> node_venv_lib_python3_12_site-packages_PyQt6_Qt6_qml_QtQuick_Controls_Basic_CheckBox_qml["CheckBox.qml"]\n    Root --> node_venv["venv"]\n    node_venv --> node_venv_lib["lib"]\n    node_venv_lib --> node_venv_lib_python3_12["python3.12"]\n    node_venv_lib_python3_12 --> node_venv_lib_python3_12_site-packages["site-packages"]\n    node_venv_lib_python3_12_site-packages --> node_venv_lib_python3_12_site-packages_PyQt6["PyQt6"]\n    node_venv_lib_python3_12_site-packages_PyQt6 --> node_venv_lib_python3_12_site-packages_PyQt6_Qt6["Qt6"]\n    node_venv_lib_python3_12_site-packages_PyQt6_Qt6 --> node_venv_lib_python3_12_site-packages_PyQt6_Qt6_qml["qml"]\n    node_venv_lib_python3_12_site-packages_PyQt6_Qt6_qml --> node_venv_lib_python3_12_site-packages_PyQt6_Qt6_qml_QtQuick["QtQuick"]\n    node_venv_lib_python3_12_site-packages_PyQt6_Qt6_qml_QtQuick --> node_venv_lib_python3_12_site-packages_PyQt6_Qt6_qml_QtQuick_Controls["Controls"]\n    node_venv_lib_python3_12_site-packages_PyQt6_Qt6_qml_QtQuick_Controls --> node_venv_lib_python3_12_site-packages_PyQt6_Qt6_qml_QtQuick_Controls_Basic["Basic"]\n    node_venv_lib_python3_12_site-packages_PyQt6_Qt6_qml_QtQuick_Controls_Basic --> node_venv_lib_python3_12_site-packages_PyQt6_Qt6_qml_QtQuick_Controls_Basic_CheckDelegate_qml["CheckDelegate.qml"]\n    Root --> node_venv["venv"]\n    node_venv --> node_venv_lib["lib"]\n    node_venv_lib --> node_venv_lib_python3_12["python3.12"]\n    node_venv_lib_python3_12 --> node_venv_lib_python3_12_site-packages["site-packages"]\n    node_venv_lib_python3_12_site-packages --> node_venv_lib_python3_12_site-packages_PyQt6["PyQt6"]\n    node_venv_lib_python3_12_site-packages_PyQt6 --> node_venv_lib_python3_12_site-packages_PyQt6_Qt6["Qt6"]\n    node_venv_lib_python3_12_site-packages_PyQt6_Qt6 --> node_venv_lib_python3_12_site-packages_PyQt6_Qt6_qml["qml"]\n    node_venv_lib_python3_12_site-packages_PyQt6_Qt6_qml --> node_venv_lib_python3_12_site-packages_PyQt6_Qt6_qml_QtQuick["QtQuick"]\n    node_venv_lib_python3_12_site-packages_PyQt6_Qt6_qml_QtQuick --> node_venv_lib_python3_12_site-packages_PyQt6_Qt6_qml_QtQuick_Controls["Controls"]\n    node_venv_lib_python3_12_site-packages_PyQt6_Qt6_qml_QtQuick_Controls --> node_venv_lib_python3_12_site-packages_PyQt6_Qt6_qml_QtQuick_Controls_Basic["Basic"]\n    node_venv_lib_python3_12_site-packages_PyQt6_Qt6_qml_QtQuick_Controls_Basic --> node_venv_lib_python3_12_site-packages_PyQt6_Qt6_qml_QtQuick_Controls_Basic_ComboBox_qml["ComboBox.qml"]\n    Root --> node_venv["venv"]\n    node_venv --> node_venv_lib["lib"]\n    node_venv_lib --> node_venv_lib_python3_12["python3.12"]\n    node_venv_lib_python3_12 --> node_venv_lib_python3_12_site-packages["site-packages"]\n    node_venv_lib_python3_12_site-packages --> node_venv_lib_python3_12_site-packages_PyQt6["PyQt6"]\n    node_venv_lib_python3_12_site-packages_PyQt6 --> node_venv_lib_python3_12_site-packages_PyQt6_Qt6["Qt6"]\n    node_venv_lib_python3_12_site-packages_PyQt6_Qt6 --> node_venv_lib_python3_12_site-packages_PyQt6_Qt6_qml["qml"]\n    node_venv_lib_python3_12_site-packages_PyQt6_Qt6_qml --> node_venv_lib_python3_12_site-packages_PyQt6_Qt6_qml_QtQuick["QtQuick"]\n    node_venv_lib_python3_12_site-packages_PyQt6_Qt6_qml_QtQuick --> node_venv_lib_python3_12_site-packages_PyQt6_Qt6_qml_QtQuick_Controls["Controls"]\n    node_venv_lib_python3_12_site-packages_PyQt6_Qt6_qml_QtQuick_Controls --> node_venv_lib_python3_12_site-packages_PyQt6_Qt6_qml_QtQuick_Controls_Basic["Basic"]\n    node_venv_lib_python3_12_site-packages_PyQt6_Qt6_qml_QtQuick_Controls_Basic --> node_venv_lib_python3_12_site-packages_PyQt6_Qt6_qml_QtQuick_Controls_Basic_Container_qml["Container.qml"]\n    Root --> node_venv["venv"]\n    node_venv --> node_venv_lib["lib"]\n    node_venv_lib --> node_venv_lib_python3_12["python3.12"]\n    node_venv_lib_python3_12 --> node_venv_lib_python3_12_site-packages["site-packages"]\n    node_venv_lib_python3_12_site-packages --> node_venv_lib_python3_12_site-packages_PyQt6["PyQt6"]\n    node_venv_lib_python3_12_site-packages_PyQt6 --> node_venv_lib_python3_12_site-packages_PyQt6_Qt6["Qt6"]\n    node_venv_lib_python3_12_site-packages_PyQt6_Qt6 --> node_venv_lib_python3_12_site-packages_PyQt6_Qt6_qml["qml"]\n    node_venv_lib_python3_12_site-packages_PyQt6_Qt6_qml --> node_venv_lib_python3_12_site-packages_PyQt6_Qt6_qml_QtQuick["QtQuick"]\n    node_venv_lib_python3_12_site-packages_PyQt6_Qt6_qml_QtQuick --> node_venv_lib_python3_12_site-packages_PyQt6_Qt6_qml_QtQuick_Controls["Controls"]\n    node_venv_lib_python3_12_site-packages_PyQt6_Qt6_qml_QtQuick_Controls --> node_venv_lib_python3_12_site-packages_PyQt6_Qt6_qml_QtQuick_Controls_Basic["Basic"]\n    node_venv_lib_python3_12_site-packages_PyQt6_Qt6_qml_QtQuick_Controls_Basic --> node_venv_lib_python3_12_site-packages_PyQt6_Qt6_qml_QtQuick_Controls_Basic_Control_qml["Control.qml"]\n    Root --> node_venv["venv"]\n    node_venv --> node_venv_lib["lib"]\n    node_venv_lib --> node_venv_lib_python3_12["python3.12"]\n    node_venv_lib_python3_12 --> node_venv_lib_python3_12_site-packages["site-packages"]\n    node_venv_lib_python3_12_site-packages --> node_venv_lib_python3_12_site-packages_PyQt6["PyQt6"]\n    node_venv_lib_python3_12_site-packages_PyQt6 --> node_venv_lib_python3_12_site-packages_PyQt6_Qt6["Qt6"]\n    node_venv_lib_python3_12_site-packages_PyQt6_Qt6 --> node_venv_lib_python3_12_site-packages_PyQt6_Qt6_qml["qml"]\n    node_venv_lib_python3_12_site-packages_PyQt6_Qt6_qml --> node_venv_lib_python3_12_site-packages_PyQt6_Qt6_qml_QtQuick["QtQuick"]\n    node_venv_lib_python3_12_site-packages_PyQt6_Qt6_qml_QtQuick --> node_venv_lib_python3_12_site-packages_PyQt6_Qt6_qml_QtQuick_Controls["Controls"]\n    node_venv_lib_python3_12_site-packages_PyQt6_Qt6_qml_QtQuick_Controls --> node_venv_lib_python3_12_site-packages_PyQt6_Qt6_qml_QtQuick_Controls_Basic["Basic"]\n    node_venv_lib_python3_12_site-packages_PyQt6_Qt6_qml_QtQuick_Controls_Basic --> node_venv_lib_python3_12_site-packages_PyQt6_Qt6_qml_QtQuick_Controls_Basic_DayOfWeekRow_qml["DayOfWeekRow.qml"]\n    Root --> node_venv["venv"]\n    node_venv --> node_venv_lib["lib"]\n    node_venv_lib --> node_venv_lib_python3_12["python3.12"]\n    node_venv_lib_python3_12 --> node_venv_lib_python3_12_site-packages["site-packages"]\n    node_venv_lib_python3_12_site-packages --> node_venv_lib_python3_12_site-packages_PyQt6["PyQt6"]\n    node_venv_lib_python3_12_site-packages_PyQt6 --> node_venv_lib_python3_12_site-packages_PyQt6_Qt6["Qt6"]\n    node_venv_lib_python3_12_site-packages_PyQt6_Qt6 --> node_venv_lib_python3_12_site-packages_PyQt6_Qt6_qml["qml"]\n    node_venv_lib_python3_12_site-packages_PyQt6_Qt6_qml --> node_venv_lib_python3_12_site-packages_PyQt6_Qt6_qml_QtQuick["QtQuick"]\n    node_venv_lib_python3_12_site-packages_PyQt6_Qt6_qml_QtQuick --> node_venv_lib_python3_12_site-packages_PyQt6_Qt6_qml_QtQuick_Controls["Controls"]\n    node_venv_lib_python3_12_site-packages_PyQt6_Qt6_qml_QtQuick_Controls --> node_venv_lib_python3_12_site-packages_PyQt6_Qt6_qml_QtQuick_Controls_Basic["Basic"]\n    node_venv_lib_python3_12_site-packages_PyQt6_Qt6_qml_QtQuick_Controls_Basic --> node_venv_lib_python3_12_site-packages_PyQt6_Qt6_qml_QtQuick_Controls_Basic_DelayButton_qml["DelayButton.qml"]\n    Root --> node_venv["venv"]\n    node_venv --> node_venv_lib["lib"]\n    node_venv_lib --> node_venv_lib_python3_12["python3.12"]\n    node_venv_lib_python3_12 --> node_venv_lib_python3_12_site-packages["site-packages"]\n    node_venv_lib_python3_12_site-packages --> node_venv_lib_python3_12_site-packages_PyQt6["PyQt6"]\n    node_venv_lib_python3_12_site-packages_PyQt6 --> node_venv_lib_python3_12_site-packages_PyQt6_Qt6["Qt6"]\n    node_venv_lib_python3_12_site-packages_PyQt6_Qt6 --> node_venv_lib_python3_12_site-packages_PyQt6_Qt6_qml["qml"]\n    node_venv_lib_python3_12_site-packages_PyQt6_Qt6_qml --> node_venv_lib_python3_12_site-packages_PyQt6_Qt6_qml_QtQuick["QtQuick"]\n    node_venv_lib_python3_12_site-packages_PyQt6_Qt6_qml_QtQuick --> node_venv_lib_python3_12_site-packages_PyQt6_Qt6_qml_QtQuick_Controls["Controls"]\n    node_venv_lib_python3_12_site-packages_PyQt6_Qt6_qml_QtQuick_Controls --> node_venv_lib_python3_12_site-packages_PyQt6_Qt6_qml_QtQuick_Controls_Basic["Basic"]\n    node_venv_lib_python3_12_site-packages_PyQt6_Qt6_qml_QtQuick_Controls_Basic --> node_venv_lib_python3_12_site-packages_PyQt6_Qt6_qml_QtQuick_Controls_Basic_Dial_qml["Dial.qml"]\n    Root --> node_venv["venv"]\n    node_venv --> node_venv_lib["lib"]\n    node_venv_lib --> node_venv_lib_python3_12["python3.12"]\n    node_venv_lib_python3_12 --> node_venv_lib_python3_12_site-packages["site-packages"]\n    node_venv_lib_python3_12_site-packages --> node_venv_lib_python3_12_site-packages_PyQt6["PyQt6"]\n    node_venv_lib_python3_12_site-packages_PyQt6 --> node_venv_lib_python3_12_site-packages_PyQt6_Qt6["Qt6"]\n    node_venv_lib_python3_12_site-packages_PyQt6_Qt6 --> node_venv_lib_python3_12_site-packages_PyQt6_Qt6_qml["qml"]\n    node_venv_lib_python3_12_site-packages_PyQt6_Qt6_qml --> node_venv_lib_python3_12_site-packages_PyQt6_Qt6_qml_QtQuick["QtQuick"]\n    node_venv_lib_python3_12_site-packages_PyQt6_Qt6_qml_QtQuick --> node_venv_lib_python3_12_site-packages_PyQt6_Qt6_qml_QtQuick_Controls["Controls"]\n    node_venv_lib_python3_12_site-packages_PyQt6_Qt6_qml_QtQuick_Controls --> node_venv_lib_python3_12_site-packages_PyQt6_Qt6_qml_QtQuick_Controls_Basic["Basic"]\n    node_venv_lib_python3_12_site-packages_PyQt6_Qt6_qml_QtQuick_Controls_Basic --> node_venv_lib_python3_12_site-packages_PyQt6_Qt6_qml_QtQuick_Controls_Basic_Dialog_qml["Dialog.qml"]\n    Root --> node_venv["venv"]\n    node_venv --> node_venv_lib["lib"]\n    node_venv_lib --> node_venv_lib_python3_12["python3.12"]\n    node_venv_lib_python3_12 --> node_venv_lib_python3_12_site-packages["site-packages"]\n    node_venv_lib_python3_12_site-packages --> node_venv_lib_python3_12_site-packages_PyQt6["PyQt6"]\n    node_venv_lib_python3_12_site-packages_PyQt6 --> node_venv_lib_python3_12_site-packages_PyQt6_Qt6["Qt6"]\n    node_venv_lib_python3_12_site-packages_PyQt6_Qt6 --> node_venv_lib_python3_12_site-packages_PyQt6_Qt6_qml["qml"]\n    node_venv_lib_python3_12_site-packages_PyQt6_Qt6_qml --> node_venv_lib_python3_12_site-packages_PyQt6_Qt6_qml_QtQuick["QtQuick"]\n    node_venv_lib_python3_12_site-packages_PyQt6_Qt6_qml_QtQuick --> node_venv_lib_python3_12_site-packages_PyQt6_Qt6_qml_QtQuick_Controls["Controls"]\n    node_venv_lib_python3_12_site-packages_PyQt6_Qt6_qml_QtQuick_Controls --> node_venv_lib_python3_12_site-packages_PyQt6_Qt6_qml_QtQuick_Controls_Basic["Basic"]\n    node_venv_lib_python3_12_site-packages_PyQt6_Qt6_qml_QtQuick_Controls_Basic --> node_venv_lib_python3_12_site-packages_PyQt6_Qt6_qml_QtQuick_Controls_Basic_DialogButtonBox_qml["DialogButtonBox.qml"]\n    Root --> node_venv["venv"]\n    node_venv --> node_venv_lib["lib"]\n    node_venv_lib --> node_venv_lib_python3_12["python3.12"]\n    node_venv_lib_python3_12 --> node_venv_lib_python3_12_site-packages["site-packages"]\n    node_venv_lib_python3_12_site-packages --> node_venv_lib_python3_12_site-packages_PyQt6["PyQt6"]\n    node_venv_lib_python3_12_site-packages_PyQt6 --> node_venv_lib_python3_12_site-packages_PyQt6_Qt6["Qt6"]\n    node_venv_lib_python3_12_site-packages_PyQt6_Qt6 --> node_venv_lib_python3_12_site-packages_PyQt6_Qt6_qml["qml"]\n    node_venv_lib_python3_12_site-packages_PyQt6_Qt6_qml --> node_venv_lib_python3_12_site-packages_PyQt6_Qt6_qml_QtQuick["QtQuick"]\n    node_venv_lib_python3_12_site-packages_PyQt6_Qt6_qml_QtQuick --> node_venv_lib_python3_12_site-packages_PyQt6_Qt6_qml_QtQuick_Controls["Controls"]\n    node_venv_lib_python3_12_site-packages_PyQt6_Qt6_qml_QtQuick_Controls --> node_venv_lib_python3_12_site-packages_PyQt6_Qt6_qml_QtQuick_Controls_Basic["Basic"]\n    node_venv_lib_python3_12_site-packages_PyQt6_Qt6_qml_QtQuick_Controls_Basic --> node_venv_lib_python3_12_site-packages_PyQt6_Qt6_qml_QtQuick_Controls_Basic_Drawer_qml["Drawer.qml"]\n    Root --> node_venv["venv"]\n    node_venv --> node_venv_lib["lib"]\n    node_venv_lib --> node_venv_lib_python3_12["python3.12"]\n    node_venv_lib_python3_12 --> node_venv_lib_python3_12_site-packages["site-packages"]\n    node_venv_lib_python3_12_site-packages --> node_venv_lib_python3_12_site-packages_PyQt6["PyQt6"]\n    node_venv_lib_python3_12_site-packages_PyQt6 --> node_venv_lib_python3_12_site-packages_PyQt6_Qt6["Qt6"]\n    node_venv_lib_python3_12_site-packages_PyQt6_Qt6 --> node_venv_lib_python3_12_site-packages_PyQt6_Qt6_qml["qml"]\n    node_venv_lib_python3_12_site-packages_PyQt6_Qt6_qml --> node_venv_lib_python3_12_site-packages_PyQt6_Qt6_qml_QtQuick["QtQuick"]\n    node_venv_lib_python3_12_site-packages_PyQt6_Qt6_qml_QtQuick --> node_venv_lib_python3_12_site-packages_PyQt6_Qt6_qml_QtQuick_Controls["Controls"]\n    node_venv_lib_python3_12_site-packages_PyQt6_Qt6_qml_QtQuick_Controls --> node_venv_lib_python3_12_site-packages_PyQt6_Qt6_qml_QtQuick_Controls_Basic["Basic"]\n    node_venv_lib_python3_12_site-packages_PyQt6_Qt6_qml_QtQuick_Controls_Basic --> node_venv_lib_python3_12_site-packages_PyQt6_Qt6_qml_QtQuick_Controls_Basic_Frame_qml["Frame.qml"]\n    Root --> node_venv["venv"]\n    node_venv --> node_venv_lib["lib"]\n    node_venv_lib --> node_venv_lib_python3_12["python3.12"]\n    node_venv_lib_python3_12 --> node_venv_lib_python3_12_site-packages["site-packages"]\n    node_venv_lib_python3_12_site-packages --> node_venv_lib_python3_12_site-packages_PyQt6["PyQt6"]\n    node_venv_lib_python3_12_site-packages_PyQt6 --> node_venv_lib_python3_12_site-packages_PyQt6_Qt6["Qt6"]\n    node_venv_lib_python3_12_site-packages_PyQt6_Qt6 --> node_venv_lib_python3_12_site-packages_PyQt6_Qt6_qml["qml"]\n    node_venv_lib_python3_12_site-packages_PyQt6_Qt6_qml --> node_venv_lib_python3_12_site-packages_PyQt6_Qt6_qml_QtQuick["QtQuick"]\n    node_venv_lib_python3_12_site-packages_PyQt6_Qt6_qml_QtQuick --> node_venv_lib_python3_12_site-packages_PyQt6_Qt6_qml_QtQuick_Controls["Controls"]\n    node_venv_lib_python3_12_site-packages_PyQt6_Qt6_qml_QtQuick_Controls --> node_venv_lib_python3_12_site-packages_PyQt6_Qt6_qml_QtQuick_Controls_Basic["Basic"]\n    node_venv_lib_python3_12_site-packages_PyQt6_Qt6_qml_QtQuick_Controls_Basic --> node_venv_lib_python3_12_site-packages_PyQt6_Qt6_qml_QtQuick_Controls_Basic_GroupBox_qml["GroupBox.qml"]\n    Root --> node_venv["venv"]\n    node_venv --> node_venv_lib["lib"]\n    node_venv_lib --> node_venv_lib_python3_12["python3.12"]\n    node_venv_lib_python3_12 --> node_venv_lib_python3_12_site-packages["site-packages"]\n    node_venv_lib_python3_12_site-packages --> node_venv_lib_python3_12_site-packages_PyQt6["PyQt6"]\n    node_venv_lib_python3_12_site-packages_PyQt6 --> node_venv_lib_python3_12_site-packages_PyQt6_Qt6["Qt6"]\n    node_venv_lib_python3_12_site-packages_PyQt6_Qt6 --> node_venv_lib_python3_12_site-packages_PyQt6_Qt6_qml["qml"]\n    node_venv_lib_python3_12_site-packages_PyQt6_Qt6_qml --> node_venv_lib_python3_12_site-packages_PyQt6_Qt6_qml_QtQuick["QtQuick"]\n    node_venv_lib_python3_12_site-packages_PyQt6_Qt6_qml_QtQuick --> node_venv_lib_python3_12_site-packages_PyQt6_Qt6_qml_QtQuick_Controls["Controls"]\n    node_venv_lib_python3_12_site-packages_PyQt6_Qt6_qml_QtQuick_Controls --> node_venv_lib_python3_12_site-packages_PyQt6_Qt6_qml_QtQuick_Controls_Basic["Basic"]\n    node_venv_lib_python3_12_site-packages_PyQt6_Qt6_qml_QtQuick_Controls_Basic --> node_venv_lib_python3_12_site-packages_PyQt6_Qt6_qml_QtQuick_Controls_Basic_HorizontalHeaderView_qml["HorizontalHeaderView.qml"]\n    Root --> node_venv["venv"]\n    node_venv --> node_venv_lib["lib"]\n    node_venv_lib --> node_venv_lib_python3_12["python3.12"]\n    node_venv_lib_python3_12 --> node_venv_lib_python3_12_site-packages["site-packages"]\n    node_venv_lib_python3_12_site-packages --> node_venv_lib_python3_12_site-packages_PyQt6["PyQt6"]\n    node_venv_lib_python3_12_site-packages_PyQt6 --> node_venv_lib_python3_12_site-packages_PyQt6_Qt6["Qt6"]\n    node_venv_lib_python3_12_site-packages_PyQt6_Qt6 --> node_venv_lib_python3_12_site-packages_PyQt6_Qt6_qml["qml"]\n    node_venv_lib_python3_12_site-packages_PyQt6_Qt6_qml --> node_venv_lib_python3_12_site-packages_PyQt6_Qt6_qml_QtQuick["QtQuick"]\n    node_venv_lib_python3_12_site-packages_PyQt6_Qt6_qml_QtQuick --> node_venv_lib_python3_12_site-packages_PyQt6_Qt6_qml_QtQuick_Controls["Controls"]\n    node_venv_lib_python3_12_site-packages_PyQt6_Qt6_qml_QtQuick_Controls --> node_venv_lib_python3_12_site-packages_PyQt6_Qt6_qml_QtQuick_Controls_Basic["Basic"]\n    node_venv_lib_python3_12_site-packages_PyQt6_Qt6_qml_QtQuick_Controls_Basic --> node_venv_lib_python3_12_site-packages_PyQt6_Qt6_qml_QtQuick_Controls_Basic_HorizontalHeaderViewDelegate_qml["HorizontalHeaderViewDelegate.qml"]\n    Root --> node_venv["venv"]\n    node_venv --> node_venv_lib["lib"]\n    node_venv_lib --> node_venv_lib_python3_12["python3.12"]\n    node_venv_lib_python3_12 --> node_venv_lib_python3_12_site-packages["site-packages"]\n    node_venv_lib_python3_12_site-packages --> node_venv_lib_python3_12_site-packages_PyQt6["PyQt6"]\n    node_venv_lib_python3_12_site-packages_PyQt6 --> node_venv_lib_python3_12_site-packages_PyQt6_Qt6["Qt6"]\n    node_venv_lib_python3_12_site-packages_PyQt6_Qt6 --> node_venv_lib_python3_12_site-packages_PyQt6_Qt6_qml["qml"]\n    node_venv_lib_python3_12_site-packages_PyQt6_Qt6_qml --> node_venv_lib_python3_12_site-packages_PyQt6_Qt6_qml_QtQuick["QtQuick"]\n    node_venv_lib_python3_12_site-packages_PyQt6_Qt6_qml_QtQuick --> node_venv_lib_python3_12_site-packages_PyQt6_Qt6_qml_QtQuick_Controls["Controls"]\n    node_venv_lib_python3_12_site-packages_PyQt6_Qt6_qml_QtQuick_Controls --> node_venv_lib_python3_12_site-packages_PyQt6_Qt6_qml_QtQuick_Controls_Basic["Basic"]\n    node_venv_lib_python3_12_site-packages_PyQt6_Qt6_qml_QtQuick_Controls_Basic --> node_venv_lib_python3_12_site-packages_PyQt6_Qt6_qml_QtQuick_Controls_Basic_ItemDelegate_qml["ItemDelegate.qml"]\n    Root --> node_venv["venv"]\n    node_venv --> node_venv_lib["lib"]\n    node_venv_lib --> node_venv_lib_python3_12["python3.12"]\n    node_venv_lib_python3_12 --> node_venv_lib_python3_12_site-packages["site-packages"]\n    node_venv_lib_python3_12_site-packages --> node_venv_lib_python3_12_site-packages_PyQt6["PyQt6"]\n    node_venv_lib_python3_12_site-packages_PyQt6 --> node_venv_lib_python3_12_site-packages_PyQt6_Qt6["Qt6"]\n    node_venv_lib_python3_12_site-packages_PyQt6_Qt6 --> node_venv_lib_python3_12_site-packages_PyQt6_Qt6_qml["qml"]\n    node_venv_lib_python3_12_site-packages_PyQt6_Qt6_qml --> node_venv_lib_python3_12_site-packages_PyQt6_Qt6_qml_QtQuick["QtQuick"]\n    node_venv_lib_python3_12_site-packages_PyQt6_Qt6_qml_QtQuick --> node_venv_lib_python3_12_site-packages_PyQt6_Qt6_qml_QtQuick_Controls["Controls"]\n    node_venv_lib_python3_12_site-packages_PyQt6_Qt6_qml_QtQuick_Controls --> node_venv_lib_python3_12_site-packages_PyQt6_Qt6_qml_QtQuick_Controls_Basic["Basic"]\n    node_venv_lib_python3_12_site-packages_PyQt6_Qt6_qml_QtQuick_Controls_Basic --> node_venv_lib_python3_12_site-packages_PyQt6_Qt6_qml_QtQuick_Controls_Basic_Label_qml["Label.qml"]\n    Root --> node_venv["venv"]\n    node_venv --> node_venv_lib["lib"]\n    node_venv_lib --> node_venv_lib_python3_12["python3.12"]\n    node_venv_lib_python3_12 --> node_venv_lib_python3_12_site-packages["site-packages"]\n    node_venv_lib_python3_12_site-packages --> node_venv_lib_python3_12_site-packages_PyQt6["PyQt6"]\n    node_venv_lib_python3_12_site-packages_PyQt6 --> node_venv_lib_python3_12_site-packages_PyQt6_Qt6["Qt6"]\n    node_venv_lib_python3_12_site-packages_PyQt6_Qt6 --> node_venv_lib_python3_12_site-packages_PyQt6_Qt6_qml["qml"]\n    node_venv_lib_python3_12_site-packages_PyQt6_Qt6_qml --> node_venv_lib_python3_12_site-packages_PyQt6_Qt6_qml_QtQuick["QtQuick"]\n    node_venv_lib_python3_12_site-packages_PyQt6_Qt6_qml_QtQuick --> node_venv_lib_python3_12_site-packages_PyQt6_Qt6_qml_QtQuick_Controls["Controls"]\n    node_venv_lib_python3_12_site-packages_PyQt6_Qt6_qml_QtQuick_Controls --> node_venv_lib_python3_12_site-packages_PyQt6_Qt6_qml_QtQuick_Controls_Basic["Basic"]\n    node_venv_lib_python3_12_site-packages_PyQt6_Qt6_qml_QtQuick_Controls_Basic --> node_venv_lib_python3_12_site-packages_PyQt6_Qt6_qml_QtQuick_Controls_Basic_Menu_qml["Menu.qml"]\n    Root --> node_venv["venv"]\n    node_venv --> node_venv_lib["lib"]\n    node_venv_lib --> node_venv_lib_python3_12["python3.12"]\n    node_venv_lib_python3_12 --> node_venv_lib_python3_12_site-packages["site-packages"]\n    node_venv_lib_python3_12_site-packages --> node_venv_lib_python3_12_site-packages_PyQt6["PyQt6"]\n    node_venv_lib_python3_12_site-packages_PyQt6 --> node_venv_lib_python3_12_site-packages_PyQt6_Qt6["Qt6"]\n    node_venv_lib_python3_12_site-packages_PyQt6_Qt6 --> node_venv_lib_python3_12_site-packages_PyQt6_Qt6_qml["qml"]\n    node_venv_lib_python3_12_site-packages_PyQt6_Qt6_qml --> node_venv_lib_python3_12_site-packages_PyQt6_Qt6_qml_QtQuick["QtQuick"]\n    node_venv_lib_python3_12_site-packages_PyQt6_Qt6_qml_QtQuick --> node_venv_lib_python3_12_site-packages_PyQt6_Qt6_qml_QtQuick_Controls["Controls"]\n    node_venv_lib_python3_12_site-packages_PyQt6_Qt6_qml_QtQuick_Controls --> node_venv_lib_python3_12_site-packages_PyQt6_Qt6_qml_QtQuick_Controls_Basic["Basic"]\n    node_venv_lib_python3_12_site-packages_PyQt6_Qt6_qml_QtQuick_Controls_Basic --> node_venv_lib_python3_12_site-packages_PyQt6_Qt6_qml_QtQuick_Controls_Basic_MenuBar_qml["MenuBar.qml"]\n    Root --> node_venv["venv"]\n    node_venv --> node_venv_lib["lib"]\n    node_venv_lib --> node_venv_lib_python3_12["python3.12"]\n    node_venv_lib_python3_12 --> node_venv_lib_python3_12_site-packages["site-packages"]\n    node_venv_lib_python3_12_site-packages --> node_venv_lib_python3_12_site-packages_PyQt6["PyQt6"]\n    node_venv_lib_python3_12_site-packages_PyQt6 --> node_venv_lib_python3_12_site-packages_PyQt6_Qt6["Qt6"]\n    node_venv_lib_python3_12_site-packages_PyQt6_Qt6 --> node_venv_lib_python3_12_site-packages_PyQt6_Qt6_qml["qml"]\n    node_venv_lib_python3_12_site-packages_PyQt6_Qt6_qml --> node_venv_lib_python3_12_site-packages_PyQt6_Qt6_qml_QtQuick["QtQuick"]\n    node_venv_lib_python3_12_site-packages_PyQt6_Qt6_qml_QtQuick --> node_venv_lib_python3_12_site-packages_PyQt6_Qt6_qml_QtQuick_Controls["Controls"]\n    node_venv_lib_python3_12_site-packages_PyQt6_Qt6_qml_QtQuick_Controls --> node_venv_lib_python3_12_site-packages_PyQt6_Qt6_qml_QtQuick_Controls_Basic["Basic"]\n    node_venv_lib_python3_12_site-packages_PyQt6_Qt6_qml_QtQuick_Controls_Basic --> node_venv_lib_python3_12_site-packages_PyQt6_Qt6_qml_QtQuick_Controls_Basic_MenuBarItem_qml["MenuBarItem.qml"]\n    Root --> node_venv["venv"]\n    node_venv --> node_venv_lib["lib"]\n    node_venv_lib --> node_venv_lib_python3_12["python3.12"]\n    node_venv_lib_python3_12 --> node_venv_lib_python3_12_site-packages["site-packages"]\n    node_venv_lib_python3_12_site-packages --> node_venv_lib_python3_12_site-packages_PyQt6["PyQt6"]\n    node_venv_lib_python3_12_site-packages_PyQt6 --> node_venv_lib_python3_12_site-packages_PyQt6_Qt6["Qt6"]\n    node_venv_lib_python3_12_site-packages_PyQt6_Qt6 --> node_venv_lib_python3_12_site-packages_PyQt6_Qt6_qml["qml"]\n    node_venv_lib_python3_12_site-packages_PyQt6_Qt6_qml --> node_venv_lib_python3_12_site-packages_PyQt6_Qt6_qml_QtQuick["QtQuick"]\n    node_venv_lib_python3_12_site-packages_PyQt6_Qt6_qml_QtQuick --> node_venv_lib_python3_12_site-packages_PyQt6_Qt6_qml_QtQuick_Controls["Controls"]\n    node_venv_lib_python3_12_site-packages_PyQt6_Qt6_qml_QtQuick_Controls --> node_venv_lib_python3_12_site-packages_PyQt6_Qt6_qml_QtQuick_Controls_Basic["Basic"]\n    node_venv_lib_python3_12_site-packages_PyQt6_Qt6_qml_QtQuick_Controls_Basic --> node_venv_lib_python3_12_site-packages_PyQt6_Qt6_qml_QtQuick_Controls_Basic_MenuItem_qml["MenuItem.qml"]\n    Root --> node_venv["venv"]\n    node_venv --> node_venv_lib["lib"]\n    node_venv_lib --> node_venv_lib_python3_12["python3.12"]\n    node_venv_lib_python3_12 --> node_venv_lib_python3_12_site-packages["site-packages"]\n    node_venv_lib_python3_12_site-packages --> node_venv_lib_python3_12_site-packages_PyQt6["PyQt6"]\n    node_venv_lib_python3_12_site-packages_PyQt6 --> node_venv_lib_python3_12_site-packages_PyQt6_Qt6["Qt6"]\n    node_venv_lib_python3_12_site-packages_PyQt6_Qt6 --> node_venv_lib_python3_12_site-packages_PyQt6_Qt6_qml["qml"]\n    node_venv_lib_python3_12_site-packages_PyQt6_Qt6_qml --> node_venv_lib_python3_12_site-packages_PyQt6_Qt6_qml_QtQuick["QtQuick"]\n    node_venv_lib_python3_12_site-packages_PyQt6_Qt6_qml_QtQuick --> node_venv_lib_python3_12_site-packages_PyQt6_Qt6_qml_QtQuick_Controls["Controls"]\n    node_venv_lib_python3_12_site-packages_PyQt6_Qt6_qml_QtQuick_Controls --> node_venv_lib_python3_12_site-packages_PyQt6_Qt6_qml_QtQuick_Controls_Basic["Basic"]\n    node_venv_lib_python3_12_site-packages_PyQt6_Qt6_qml_QtQuick_Controls_Basic --> node_venv_lib_python3_12_site-packages_PyQt6_Qt6_qml_QtQuick_Controls_Basic_MenuSeparator_qml["MenuSeparator.qml"]\n    Root --> node_venv["venv"]\n    node_venv --> node_venv_lib["lib"]\n    node_venv_lib --> node_venv_lib_python3_12["python3.12"]\n    node_venv_lib_python3_12 --> node_venv_lib_python3_12_site-packages["site-packages"]\n    node_venv_lib_python3_12_site-packages --> node_venv_lib_python3_12_site-packages_PyQt6["PyQt6"]\n    node_venv_lib_python3_12_site-packages_PyQt6 --> node_venv_lib_python3_12_site-packages_PyQt6_Qt6["Qt6"]\n    node_venv_lib_python3_12_site-packages_PyQt6_Qt6 --> node_venv_lib_python3_12_site-packages_PyQt6_Qt6_qml["qml"]\n    node_venv_lib_python3_12_site-packages_PyQt6_Qt6_qml --> node_venv_lib_python3_12_site-packages_PyQt6_Qt6_qml_QtQuick["QtQuick"]\n    node_venv_lib_python3_12_site-packages_PyQt6_Qt6_qml_QtQuick --> node_venv_lib_python3_12_site-packages_PyQt6_Qt6_qml_QtQuick_Controls["Controls"]\n    node_venv_lib_python3_12_site-packages_PyQt6_Qt6_qml_QtQuick_Controls --> node_venv_lib_python3_12_site-packages_PyQt6_Qt6_qml_QtQuick_Controls_Basic["Basic"]\n    node_venv_lib_python3_12_site-packages_PyQt6_Qt6_qml_QtQuick_Controls_Basic --> node_venv_lib_python3_12_site-packages_PyQt6_Qt6_qml_QtQuick_Controls_Basic_MonthGrid_qml["MonthGrid.qml"]\n    Root --> node_venv["venv"]\n    node_venv --> node_venv_lib["lib"]\n    node_venv_lib --> node_venv_lib_python3_12["python3.12"]\n    node_venv_lib_python3_12 --> node_venv_lib_python3_12_site-packages["site-packages"]\n    node_venv_lib_python3_12_site-packages --> node_venv_lib_python3_12_site-packages_PyQt6["PyQt6"]\n    node_venv_lib_python3_12_site-packages_PyQt6 --> node_venv_lib_python3_12_site-packages_PyQt6_Qt6["Qt6"]\n    node_venv_lib_python3_12_site-packages_PyQt6_Qt6 --> node_venv_lib_python3_12_site-packages_PyQt6_Qt6_qml["qml"]\n    node_venv_lib_python3_12_site-packages_PyQt6_Qt6_qml --> node_venv_lib_python3_12_site-packages_PyQt6_Qt6_qml_QtQuick["QtQuick"]\n    node_venv_lib_python3_12_site-packages_PyQt6_Qt6_qml_QtQuick --> node_venv_lib_python3_12_site-packages_PyQt6_Qt6_qml_QtQuick_Controls["Controls"]\n    node_venv_lib_python3_12_site-packages_PyQt6_Qt6_qml_QtQuick_Controls --> node_venv_lib_python3_12_site-packages_PyQt6_Qt6_qml_QtQuick_Controls_Basic["Basic"]\n    node_venv_lib_python3_12_site-packages_PyQt6_Qt6_qml_QtQuick_Controls_Basic --> node_venv_lib_python3_12_site-packages_PyQt6_Qt6_qml_QtQuick_Controls_Basic_Page_qml["Page.qml"]\n    Root --> node_venv["venv"]\n    node_venv --> node_venv_lib["lib"]\n    node_venv_lib --> node_venv_lib_python3_12["python3.12"]\n    node_venv_lib_python3_12 --> node_venv_lib_python3_12_site-packages["site-packages"]\n    node_venv_lib_python3_12_site-packages --> node_venv_lib_python3_12_site-packages_PyQt6["PyQt6"]\n    node_venv_lib_python3_12_site-packages_PyQt6 --> node_venv_lib_python3_12_site-packages_PyQt6_Qt6["Qt6"]\n    node_venv_lib_python3_12_site-packages_PyQt6_Qt6 --> node_venv_lib_python3_12_site-packages_PyQt6_Qt6_qml["qml"]\n    node_venv_lib_python3_12_site-packages_PyQt6_Qt6_qml --> node_venv_lib_python3_12_site-packages_PyQt6_Qt6_qml_QtQuick["QtQuick"]\n    node_venv_lib_python3_12_site-packages_PyQt6_Qt6_qml_QtQuick --> node_venv_lib_python3_12_site-packages_PyQt6_Qt6_qml_QtQuick_Controls["Controls"]\n    node_venv_lib_python3_12_site-packages_PyQt6_Qt6_qml_QtQuick_Controls --> node_venv_lib_python3_12_site-packages_PyQt6_Qt6_qml_QtQuick_Controls_Basic["Basic"]\n    node_venv_lib_python3_12_site-packages_PyQt6_Qt6_qml_QtQuick_Controls_Basic --> node_venv_lib_python3_12_site-packages_PyQt6_Qt6_qml_QtQuick_Controls_Basic_PageIndicator_qml["PageIndicator.qml"]\n    Root --> node_venv["venv"]\n    node_venv --> node_venv_lib["lib"]\n    node_venv_lib --> node_venv_lib_python3_12["python3.12"]\n    node_venv_lib_python3_12 --> node_venv_lib_python3_12_site-packages["site-packages"]\n    node_venv_lib_python3_12_site-packages --> node_venv_lib_python3_12_site-packages_PyQt6["PyQt6"]\n    node_venv_lib_python3_12_site-packages_PyQt6 --> node_venv_lib_python3_12_site-packages_PyQt6_Qt6["Qt6"]\n    node_venv_lib_python3_12_site-packages_PyQt6_Qt6 --> node_venv_lib_python3_12_site-packages_PyQt6_Qt6_qml["qml"]\n    node_venv_lib_python3_12_site-packages_PyQt6_Qt6_qml --> node_venv_lib_python3_12_site-packages_PyQt6_Qt6_qml_QtQuick["QtQuick"]\n    node_venv_lib_python3_12_site-packages_PyQt6_Qt6_qml_QtQuick --> node_venv_lib_python3_12_site-packages_PyQt6_Qt6_qml_QtQuick_Controls["Controls"]\n    node_venv_lib_python3_12_site-packages_PyQt6_Qt6_qml_QtQuick_Controls --> node_venv_lib_python3_12_site-packages_PyQt6_Qt6_qml_QtQuick_Controls_Basic["Basic"]\n    node_venv_lib_python3_12_site-packages_PyQt6_Qt6_qml_QtQuick_Controls_Basic --> node_venv_lib_python3_12_site-packages_PyQt6_Qt6_qml_QtQuick_Controls_Basic_Pane_qml["Pane.qml"]\n    Root --> node_venv["venv"]\n    node_venv --> node_venv_lib["lib"]\n    node_venv_lib --> node_venv_lib_python3_12["python3.12"]\n    node_venv_lib_python3_12 --> node_venv_lib_python3_12_site-packages["site-packages"]\n    node_venv_lib_python3_12_site-packages --> node_venv_lib_python3_12_site-packages_PyQt6["PyQt6"]\n    node_venv_lib_python3_12_site-packages_PyQt6 --> node_venv_lib_python3_12_site-packages_PyQt6_Qt6["Qt6"]\n    node_venv_lib_python3_12_site-packages_PyQt6_Qt6 --> node_venv_lib_python3_12_site-packages_PyQt6_Qt6_qml["qml"]\n    node_venv_lib_python3_12_site-packages_PyQt6_Qt6_qml --> node_venv_lib_python3_12_site-packages_PyQt6_Qt6_qml_QtQuick["QtQuick"]\n    node_venv_lib_python3_12_site-packages_PyQt6_Qt6_qml_QtQuick --> node_venv_lib_python3_12_site-packages_PyQt6_Qt6_qml_QtQuick_Controls["Controls"]\n    node_venv_lib_python3_12_site-packages_PyQt6_Qt6_qml_QtQuick_Controls --> node_venv_lib_python3_12_site-packages_PyQt6_Qt6_qml_QtQuick_Controls_Basic["Basic"]\n    node_venv_lib_python3_12_site-packages_PyQt6_Qt6_qml_QtQuick_Controls_Basic --> node_venv_lib_python3_12_site-packages_PyQt6_Qt6_qml_QtQuick_Controls_Basic_Popup_qml["Popup.qml"]\n    Root --> node_venv["venv"]\n    node_venv --> node_venv_lib["lib"]\n    node_venv_lib --> node_venv_lib_python3_12["python3.12"]\n    node_venv_lib_python3_12 --> node_venv_lib_python3_12_site-packages["site-packages"]\n    node_venv_lib_python3_12_site-packages --> node_venv_lib_python3_12_site-packages_PyQt6["PyQt6"]\n    node_venv_lib_python3_12_site-packages_PyQt6 --> node_venv_lib_python3_12_site-packages_PyQt6_Qt6["Qt6"]\n    node_venv_lib_python3_12_site-packages_PyQt6_Qt6 --> node_venv_lib_python3_12_site-packages_PyQt6_Qt6_qml["qml"]\n    node_venv_lib_python3_12_site-packages_PyQt6_Qt6_qml --> node_venv_lib_python3_12_site-packages_PyQt6_Qt6_qml_QtQuick["QtQuick"]\n    node_venv_lib_python3_12_site-packages_PyQt6_Qt6_qml_QtQuick --> node_venv_lib_python3_12_site-packages_PyQt6_Qt6_qml_QtQuick_Controls["Controls"]\n    node_venv_lib_python3_12_site-packages_PyQt6_Qt6_qml_QtQuick_Controls --> node_venv_lib_python3_12_site-packages_PyQt6_Qt6_qml_QtQuick_Controls_Basic["Basic"]\n    node_venv_lib_python3_12_site-packages_PyQt6_Qt6_qml_QtQuick_Controls_Basic --> node_venv_lib_python3_12_site-packages_PyQt6_Qt6_qml_QtQuick_Controls_Basic_ProgressBar_qml["ProgressBar.qml"]\n    Root --> node_venv["venv"]\n    node_venv --> node_venv_lib["lib"]\n    node_venv_lib --> node_venv_lib_python3_12["python3.12"]\n    node_venv_lib_python3_12 --> node_venv_lib_python3_12_site-packages["site-packages"]\n    node_venv_lib_python3_12_site-packages --> node_venv_lib_python3_12_site-packages_PyQt6["PyQt6"]\n    node_venv_lib_python3_12_site-packages_PyQt6 --> node_venv_lib_python3_12_site-packages_PyQt6_Qt6["Qt6"]\n    node_venv_lib_python3_12_site-packages_PyQt6_Qt6 --> node_venv_lib_python3_12_site-packages_PyQt6_Qt6_qml["qml"]\n    node_venv_lib_python3_12_site-packages_PyQt6_Qt6_qml --> node_venv_lib_python3_12_site-packages_PyQt6_Qt6_qml_QtQuick["QtQuick"]\n    node_venv_lib_python3_12_site-packages_PyQt6_Qt6_qml_QtQuick --> node_venv_lib_python3_12_site-packages_PyQt6_Qt6_qml_QtQuick_Controls["Controls"]\n    node_venv_lib_python3_12_site-packages_PyQt6_Qt6_qml_QtQuick_Controls --> node_venv_lib_python3_12_site-packages_PyQt6_Qt6_qml_QtQuick_Controls_Basic["Basic"]\n    node_venv_lib_python3_12_site-packages_PyQt6_Qt6_qml_QtQuick_Controls_Basic --> node_venv_lib_python3_12_site-packages_PyQt6_Qt6_qml_QtQuick_Controls_Basic_RadioButton_qml["RadioButton.qml"]\n    Root --> node_venv["venv"]\n    node_venv --> node_venv_lib["lib"]\n    node_venv_lib --> node_venv_lib_python3_12["python3.12"]\n    node_venv_lib_python3_12 --> node_venv_lib_python3_12_site-packages["site-packages"]\n    node_venv_lib_python3_12_site-packages --> node_venv_lib_python3_12_site-packages_PyQt6["PyQt6"]\n    node_venv_lib_python3_12_site-packages_PyQt6 --> node_venv_lib_python3_12_site-packages_PyQt6_Qt6["Qt6"]\n    node_venv_lib_python3_12_site-packages_PyQt6_Qt6 --> node_venv_lib_python3_12_site-packages_PyQt6_Qt6_qml["qml"]\n    node_venv_lib_python3_12_site-packages_PyQt6_Qt6_qml --> node_venv_lib_python3_12_site-packages_PyQt6_Qt6_qml_QtQuick["QtQuick"]\n    node_venv_lib_python3_12_site-packages_PyQt6_Qt6_qml_QtQuick --> node_venv_lib_python3_12_site-packages_PyQt6_Qt6_qml_QtQuick_Controls["Controls"]\n    node_venv_lib_python3_12_site-packages_PyQt6_Qt6_qml_QtQuick_Controls --> node_venv_lib_python3_12_site-packages_PyQt6_Qt6_qml_QtQuick_Controls_Basic["Basic"]\n    node_venv_lib_python3_12_site-packages_PyQt6_Qt6_qml_QtQuick_Controls_Basic --> node_venv_lib_python3_12_site-packages_PyQt6_Qt6_qml_QtQuick_Controls_Basic_RadioDelegate_qml["RadioDelegate.qml"]\n    Root --> node_venv["venv"]\n    node_venv --> node_venv_lib["lib"]\n    node_venv_lib --> node_venv_lib_python3_12["python3.12"]\n    node_venv_lib_python3_12 --> node_venv_lib_python3_12_site-packages["site-packages"]\n    node_venv_lib_python3_12_site-packages --> node_venv_lib_python3_12_site-packages_PyQt6["PyQt6"]\n    node_venv_lib_python3_12_site-packages_PyQt6 --> node_venv_lib_python3_12_site-packages_PyQt6_Qt6["Qt6"]\n    node_venv_lib_python3_12_site-packages_PyQt6_Qt6 --> node_venv_lib_python3_12_site-packages_PyQt6_Qt6_qml["qml"]\n    node_venv_lib_python3_12_site-packages_PyQt6_Qt6_qml --> node_venv_lib_python3_12_site-packages_PyQt6_Qt6_qml_QtQuick["QtQuick"]\n    node_venv_lib_python3_12_site-packages_PyQt6_Qt6_qml_QtQuick --> node_venv_lib_python3_12_site-packages_PyQt6_Qt6_qml_QtQuick_Controls["Controls"]\n    node_venv_lib_python3_12_site-packages_PyQt6_Qt6_qml_QtQuick_Controls --> node_venv_lib_python3_12_site-packages_PyQt6_Qt6_qml_QtQuick_Controls_Basic["Basic"]\n    node_venv_lib_python3_12_site-packages_PyQt6_Qt6_qml_QtQuick_Controls_Basic --> node_venv_lib_python3_12_site-packages_PyQt6_Qt6_qml_QtQuick_Controls_Basic_RangeSlider_qml["RangeSlider.qml"]\n    Root --> node_venv["venv"]\n    node_venv --> node_venv_lib["lib"]\n    node_venv_lib --> node_venv_lib_python3_12["python3.12"]\n    node_venv_lib_python3_12 --> node_venv_lib_python3_12_site-packages["site-packages"]\n    node_venv_lib_python3_12_site-packages --> node_venv_lib_python3_12_site-packages_PyQt6["PyQt6"]\n    node_venv_lib_python3_12_site-packages_PyQt6 --> node_venv_lib_python3_12_site-packages_PyQt6_Qt6["Qt6"]\n    node_venv_lib_python3_12_site-packages_PyQt6_Qt6 --> node_venv_lib_python3_12_site-packages_PyQt6_Qt6_qml["qml"]\n    node_venv_lib_python3_12_site-packages_PyQt6_Qt6_qml --> node_venv_lib_python3_12_site-packages_PyQt6_Qt6_qml_QtQuick["QtQuick"]\n    node_venv_lib_python3_12_site-packages_PyQt6_Qt6_qml_QtQuick --> node_venv_lib_python3_12_site-packages_PyQt6_Qt6_qml_QtQuick_Controls["Controls"]\n    node_venv_lib_python3_12_site-packages_PyQt6_Qt6_qml_QtQuick_Controls --> node_venv_lib_python3_12_site-packages_PyQt6_Qt6_qml_QtQuick_Controls_Basic["Basic"]\n    node_venv_lib_python3_12_site-packages_PyQt6_Qt6_qml_QtQuick_Controls_Basic --> node_venv_lib_python3_12_site-packages_PyQt6_Qt6_qml_QtQuick_Controls_Basic_RoundButton_qml["RoundButton.qml"]\n    Root --> node_venv["venv"]\n    node_venv --> node_venv_lib["lib"]\n    node_venv_lib --> node_venv_lib_python3_12["python3.12"]\n    node_venv_lib_python3_12 --> node_venv_lib_python3_12_site-packages["site-packages"]\n    node_venv_lib_python3_12_site-packages --> node_venv_lib_python3_12_site-packages_PyQt6["PyQt6"]\n    node_venv_lib_python3_12_site-packages_PyQt6 --> node_venv_lib_python3_12_site-packages_PyQt6_Qt6["Qt6"]\n    node_venv_lib_python3_12_site-packages_PyQt6_Qt6 --> node_venv_lib_python3_12_site-packages_PyQt6_Qt6_qml["qml"]\n    node_venv_lib_python3_12_site-packages_PyQt6_Qt6_qml --> node_venv_lib_python3_12_site-packages_PyQt6_Qt6_qml_QtQuick["QtQuick"]\n    node_venv_lib_python3_12_site-packages_PyQt6_Qt6_qml_QtQuick --> node_venv_lib_python3_12_site-packages_PyQt6_Qt6_qml_QtQuick_Controls["Controls"]\n    node_venv_lib_python3_12_site-packages_PyQt6_Qt6_qml_QtQuick_Controls --> node_venv_lib_python3_12_site-packages_PyQt6_Qt6_qml_QtQuick_Controls_Basic["Basic"]\n    node_venv_lib_python3_12_site-packages_PyQt6_Qt6_qml_QtQuick_Controls_Basic --> node_venv_lib_python3_12_site-packages_PyQt6_Qt6_qml_QtQuick_Controls_Basic_ScrollBar_qml["ScrollBar.qml"]\n    Root --> node_venv["venv"]\n    node_venv --> node_venv_lib["lib"]\n    node_venv_lib --> node_venv_lib_python3_12["python3.12"]\n    node_venv_lib_python3_12 --> node_venv_lib_python3_12_site-packages["site-packages"]\n    node_venv_lib_python3_12_site-packages --> node_venv_lib_python3_12_site-packages_PyQt6["PyQt6"]\n    node_venv_lib_python3_12_site-packages_PyQt6 --> node_venv_lib_python3_12_site-packages_PyQt6_Qt6["Qt6"]\n    node_venv_lib_python3_12_site-packages_PyQt6_Qt6 --> node_venv_lib_python3_12_site-packages_PyQt6_Qt6_qml["qml"]\n    node_venv_lib_python3_12_site-packages_PyQt6_Qt6_qml --> node_venv_lib_python3_12_site-packages_PyQt6_Qt6_qml_QtQuick["QtQuick"]\n    node_venv_lib_python3_12_site-packages_PyQt6_Qt6_qml_QtQuick --> node_venv_lib_python3_12_site-packages_PyQt6_Qt6_qml_QtQuick_Controls["Controls"]\n    node_venv_lib_python3_12_site-packages_PyQt6_Qt6_qml_QtQuick_Controls --> node_venv_lib_python3_12_site-packages_PyQt6_Qt6_qml_QtQuick_Controls_Basic["Basic"]\n    node_venv_lib_python3_12_site-packages_PyQt6_Qt6_qml_QtQuick_Controls_Basic --> node_venv_lib_python3_12_site-packages_PyQt6_Qt6_qml_QtQuick_Controls_Basic_ScrollIndicator_qml["ScrollIndicator.qml"]\n    Root --> node_venv["venv"]\n    node_venv --> node_venv_lib["lib"]\n    node_venv_lib --> node_venv_lib_python3_12["python3.12"]\n    node_venv_lib_python3_12 --> node_venv_lib_python3_12_site-packages["site-packages"]\n    node_venv_lib_python3_12_site-packages --> node_venv_lib_python3_12_site-packages_PyQt6["PyQt6"]\n    node_venv_lib_python3_12_site-packages_PyQt6 --> node_venv_lib_python3_12_site-packages_PyQt6_Qt6["Qt6"]\n    node_venv_lib_python3_12_site-packages_PyQt6_Qt6 --> node_venv_lib_python3_12_site-packages_PyQt6_Qt6_qml["qml"]\n    node_venv_lib_python3_12_site-packages_PyQt6_Qt6_qml --> node_venv_lib_python3_12_site-packages_PyQt6_Qt6_qml_QtQuick["QtQuick"]\n    node_venv_lib_python3_12_site-packages_PyQt6_Qt6_qml_QtQuick --> node_venv_lib_python3_12_site-packages_PyQt6_Qt6_qml_QtQuick_Controls["Controls"]\n    node_venv_lib_python3_12_site-packages_PyQt6_Qt6_qml_QtQuick_Controls --> node_venv_lib_python3_12_site-packages_PyQt6_Qt6_qml_QtQuick_Controls_Basic["Basic"]\n    node_venv_lib_python3_12_site-packages_PyQt6_Qt6_qml_QtQuick_Controls_Basic --> node_venv_lib_python3_12_site-packages_PyQt6_Qt6_qml_QtQuick_Controls_Basic_ScrollView_qml["ScrollView.qml"]\n    Root --> node_venv["venv"]\n    node_venv --> node_venv_lib["lib"]\n    node_venv_lib --> node_venv_lib_python3_12["python3.12"]\n    node_venv_lib_python3_12 --> node_venv_lib_python3_12_site-packages["site-packages"]\n    node_venv_lib_python3_12_site-packages --> node_venv_lib_python3_12_site-packages_PyQt6["PyQt6"]\n    node_venv_lib_python3_12_site-packages_PyQt6 --> node_venv_lib_python3_12_site-packages_PyQt6_Qt6["Qt6"]\n    node_venv_lib_python3_12_site-packages_PyQt6_Qt6 --> node_venv_lib_python3_12_site-packages_PyQt6_Qt6_qml["qml"]\n    node_venv_lib_python3_12_site-packages_PyQt6_Qt6_qml --> node_venv_lib_python3_12_site-packages_PyQt6_Qt6_qml_QtQuick["QtQuick"]\n    node_venv_lib_python3_12_site-packages_PyQt6_Qt6_qml_QtQuick --> node_venv_lib_python3_12_site-packages_PyQt6_Qt6_qml_QtQuick_Controls["Controls"]\n    node_venv_lib_python3_12_site-packages_PyQt6_Qt6_qml_QtQuick_Controls --> node_venv_lib_python3_12_site-packages_PyQt6_Qt6_qml_QtQuick_Controls_Basic["Basic"]\n    node_venv_lib_python3_12_site-packages_PyQt6_Qt6_qml_QtQuick_Controls_Basic --> node_venv_lib_python3_12_site-packages_PyQt6_Qt6_qml_QtQuick_Controls_Basic_SearchField_qml["SearchField.qml"]\n    Root --> node_venv["venv"]\n    node_venv --> node_venv_lib["lib"]\n    node_venv_lib --> node_venv_lib_python3_12["python3.12"]\n    node_venv_lib_python3_12 --> node_venv_lib_python3_12_site-packages["site-packages"]\n    node_venv_lib_python3_12_site-packages --> node_venv_lib_python3_12_site-packages_PyQt6["PyQt6"]\n    node_venv_lib_python3_12_site-packages_PyQt6 --> node_venv_lib_python3_12_site-packages_PyQt6_Qt6["Qt6"]\n    node_venv_lib_python3_12_site-packages_PyQt6_Qt6 --> node_venv_lib_python3_12_site-packages_PyQt6_Qt6_qml["qml"]\n    node_venv_lib_python3_12_site-packages_PyQt6_Qt6_qml --> node_venv_lib_python3_12_site-packages_PyQt6_Qt6_qml_QtQuick["QtQuick"]\n    node_venv_lib_python3_12_site-packages_PyQt6_Qt6_qml_QtQuick --> node_venv_lib_python3_12_site-packages_PyQt6_Qt6_qml_QtQuick_Controls["Controls"]\n    node_venv_lib_python3_12_site-packages_PyQt6_Qt6_qml_QtQuick_Controls --> node_venv_lib_python3_12_site-packages_PyQt6_Qt6_qml_QtQuick_Controls_Basic["Basic"]\n    node_venv_lib_python3_12_site-packages_PyQt6_Qt6_qml_QtQuick_Controls_Basic --> node_venv_lib_python3_12_site-packages_PyQt6_Qt6_qml_QtQuick_Controls_Basic_SelectionRectangle_qml["SelectionRectangle.qml"]\n    Root --> node_venv["venv"]\n    node_venv --> node_venv_lib["lib"]\n    node_venv_lib --> node_venv_lib_python3_12["python3.12"]\n    node_venv_lib_python3_12 --> node_venv_lib_python3_12_site-packages["site-packages"]\n    node_venv_lib_python3_12_site-packages --> node_venv_lib_python3_12_site-packages_PyQt6["PyQt6"]\n    node_venv_lib_python3_12_site-packages_PyQt6 --> node_venv_lib_python3_12_site-packages_PyQt6_Qt6["Qt6"]\n    node_venv_lib_python3_12_site-packages_PyQt6_Qt6 --> node_venv_lib_python3_12_site-packages_PyQt6_Qt6_qml["qml"]\n    node_venv_lib_python3_12_site-packages_PyQt6_Qt6_qml --> node_venv_lib_python3_12_site-packages_PyQt6_Qt6_qml_QtQuick["QtQuick"]\n    node_venv_lib_python3_12_site-packages_PyQt6_Qt6_qml_QtQuick --> node_venv_lib_python3_12_site-packages_PyQt6_Qt6_qml_QtQuick_Controls["Controls"]\n    node_venv_lib_python3_12_site-packages_PyQt6_Qt6_qml_QtQuick_Controls --> node_venv_lib_python3_12_site-packages_PyQt6_Qt6_qml_QtQuick_Controls_Basic["Basic"]\n    node_venv_lib_python3_12_site-packages_PyQt6_Qt6_qml_QtQuick_Controls_Basic --> node_venv_lib_python3_12_site-packages_PyQt6_Qt6_qml_QtQuick_Controls_Basic_Slider_qml["Slider.qml"]\n    Root --> node_venv["venv"]\n    node_venv --> node_venv_lib["lib"]\n    node_venv_lib --> node_venv_lib_python3_12["python3.12"]\n    node_venv_lib_python3_12 --> node_venv_lib_python3_12_site-packages["site-packages"]\n    node_venv_lib_python3_12_site-packages --> node_venv_lib_python3_12_site-packages_PyQt6["PyQt6"]\n    node_venv_lib_python3_12_site-packages_PyQt6 --> node_venv_lib_python3_12_site-packages_PyQt6_Qt6["Qt6"]\n    node_venv_lib_python3_12_site-packages_PyQt6_Qt6 --> node_venv_lib_python3_12_site-packages_PyQt6_Qt6_qml["qml"]\n    node_venv_lib_python3_12_site-packages_PyQt6_Qt6_qml --> node_venv_lib_python3_12_site-packages_PyQt6_Qt6_qml_QtQuick["QtQuick"]\n    node_venv_lib_python3_12_site-packages_PyQt6_Qt6_qml_QtQuick --> node_venv_lib_python3_12_site-packages_PyQt6_Qt6_qml_QtQuick_Controls["Controls"]\n    node_venv_lib_python3_12_site-packages_PyQt6_Qt6_qml_QtQuick_Controls --> node_venv_lib_python3_12_site-packages_PyQt6_Qt6_qml_QtQuick_Controls_Basic["Basic"]\n    node_venv_lib_python3_12_site-packages_PyQt6_Qt6_qml_QtQuick_Controls_Basic --> node_venv_lib_python3_12_site-packages_PyQt6_Qt6_qml_QtQuick_Controls_Basic_SpinBox_qml["SpinBox.qml"]\n    Root --> node_venv["venv"]\n    node_venv --> node_venv_lib["lib"]\n    node_venv_lib --> node_venv_lib_python3_12["python3.12"]\n    node_venv_lib_python3_12 --> node_venv_lib_python3_12_site-packages["site-packages"]\n    node_venv_lib_python3_12_site-packages --> node_venv_lib_python3_12_site-packages_PyQt6["PyQt6"]\n    node_venv_lib_python3_12_site-packages_PyQt6 --> node_venv_lib_python3_12_site-packages_PyQt6_Qt6["Qt6"]\n    node_venv_lib_python3_12_site-packages_PyQt6_Qt6 --> node_venv_lib_python3_12_site-packages_PyQt6_Qt6_qml["qml"]\n    node_venv_lib_python3_12_site-packages_PyQt6_Qt6_qml --> node_venv_lib_python3_12_site-packages_PyQt6_Qt6_qml_QtQuick["QtQuick"]\n    node_venv_lib_python3_12_site-packages_PyQt6_Qt6_qml_QtQuick --> node_venv_lib_python3_12_site-packages_PyQt6_Qt6_qml_QtQuick_Controls["Controls"]\n    node_venv_lib_python3_12_site-packages_PyQt6_Qt6_qml_QtQuick_Controls --> node_venv_lib_python3_12_site-packages_PyQt6_Qt6_qml_QtQuick_Controls_Basic["Basic"]\n    node_venv_lib_python3_12_site-packages_PyQt6_Qt6_qml_QtQuick_Controls_Basic --> node_venv_lib_python3_12_site-packages_PyQt6_Qt6_qml_QtQuick_Controls_Basic_SplitView_qml["SplitView.qml"]\n    Root --> node_venv["venv"]\n    node_venv --> node_venv_lib["lib"]\n    node_venv_lib --> node_venv_lib_python3_12["python3.12"]\n    node_venv_lib_python3_12 --> node_venv_lib_python3_12_site-packages["site-packages"]\n    node_venv_lib_python3_12_site-packages --> node_venv_lib_python3_12_site-packages_PyQt6["PyQt6"]\n    node_venv_lib_python3_12_site-packages_PyQt6 --> node_venv_lib_python3_12_site-packages_PyQt6_Qt6["Qt6"]\n    node_venv_lib_python3_12_site-packages_PyQt6_Qt6 --> node_venv_lib_python3_12_site-packages_PyQt6_Qt6_qml["qml"]\n    node_venv_lib_python3_12_site-packages_PyQt6_Qt6_qml --> node_venv_lib_python3_12_site-packages_PyQt6_Qt6_qml_QtQuick["QtQuick"]\n    node_venv_lib_python3_12_site-packages_PyQt6_Qt6_qml_QtQuick --> node_venv_lib_python3_12_site-packages_PyQt6_Qt6_qml_QtQuick_Controls["Controls"]\n    node_venv_lib_python3_12_site-packages_PyQt6_Qt6_qml_QtQuick_Controls --> node_venv_lib_python3_12_site-packages_PyQt6_Qt6_qml_QtQuick_Controls_Basic["Basic"]\n    node_venv_lib_python3_12_site-packages_PyQt6_Qt6_qml_QtQuick_Controls_Basic --> node_venv_lib_python3_12_site-packages_PyQt6_Qt6_qml_QtQuick_Controls_Basic_StackView_qml["StackView.qml"]\n    Root --> node_venv["venv"]\n    node_venv --> node_venv_lib["lib"]\n    node_venv_lib --> node_venv_lib_python3_12["python3.12"]\n    node_venv_lib_python3_12 --> node_venv_lib_python3_12_site-packages["site-packages"]\n    node_venv_lib_python3_12_site-packages --> node_venv_lib_python3_12_site-packages_PyQt6["PyQt6"]\n    node_venv_lib_python3_12_site-packages_PyQt6 --> node_venv_lib_python3_12_site-packages_PyQt6_Qt6["Qt6"]\n    node_venv_lib_python3_12_site-packages_PyQt6_Qt6 --> node_venv_lib_python3_12_site-packages_PyQt6_Qt6_qml["qml"]\n    node_venv_lib_python3_12_site-packages_PyQt6_Qt6_qml --> node_venv_lib_python3_12_site-packages_PyQt6_Qt6_qml_QtQuick["QtQuick"]\n    node_venv_lib_python3_12_site-packages_PyQt6_Qt6_qml_QtQuick --> node_venv_lib_python3_12_site-packages_PyQt6_Qt6_qml_QtQuick_Controls["Controls"]\n    node_venv_lib_python3_12_site-packages_PyQt6_Qt6_qml_QtQuick_Controls --> node_venv_lib_python3_12_site-packages_PyQt6_Qt6_qml_QtQuick_Controls_Basic["Basic"]\n    node_venv_lib_python3_12_site-packages_PyQt6_Qt6_qml_QtQuick_Controls_Basic --> node_venv_lib_python3_12_site-packages_PyQt6_Qt6_qml_QtQuick_Controls_Basic_SwipeDelegate_qml["SwipeDelegate.qml"]\n    Root --> node_venv["venv"]\n    node_venv --> node_venv_lib["lib"]\n    node_venv_lib --> node_venv_lib_python3_12["python3.12"]\n    node_venv_lib_python3_12 --> node_venv_lib_python3_12_site-packages["site-packages"]\n    node_venv_lib_python3_12_site-packages --> node_venv_lib_python3_12_site-packages_PyQt6["PyQt6"]\n    node_venv_lib_python3_12_site-packages_PyQt6 --> node_venv_lib_python3_12_site-packages_PyQt6_Qt6["Qt6"]\n    node_venv_lib_python3_12_site-packages_PyQt6_Qt6 --> node_venv_lib_python3_12_site-packages_PyQt6_Qt6_qml["qml"]\n    node_venv_lib_python3_12_site-packages_PyQt6_Qt6_qml --> node_venv_lib_python3_12_site-packages_PyQt6_Qt6_qml_QtQuick["QtQuick"]\n    node_venv_lib_python3_12_site-packages_PyQt6_Qt6_qml_QtQuick --> node_venv_lib_python3_12_site-packages_PyQt6_Qt6_qml_QtQuick_Controls["Controls"]\n    node_venv_lib_python3_12_site-packages_PyQt6_Qt6_qml_QtQuick_Controls --> node_venv_lib_python3_12_site-packages_PyQt6_Qt6_qml_QtQuick_Controls_Basic["Basic"]\n    node_venv_lib_python3_12_site-packages_PyQt6_Qt6_qml_QtQuick_Controls_Basic --> node_venv_lib_python3_12_site-packages_PyQt6_Qt6_qml_QtQuick_Controls_Basic_SwipeView_qml["SwipeView.qml"]\n    Root --> node_venv["venv"]\n    node_venv --> node_venv_lib["lib"]\n    node_venv_lib --> node_venv_lib_python3_12["python3.12"]\n    node_venv_lib_python3_12 --> node_venv_lib_python3_12_site-packages["site-packages"]\n    node_venv_lib_python3_12_site-packages --> node_venv_lib_python3_12_site-packages_PyQt6["PyQt6"]\n    node_venv_lib_python3_12_site-packages_PyQt6 --> node_venv_lib_python3_12_site-packages_PyQt6_Qt6["Qt6"]\n    node_venv_lib_python3_12_site-packages_PyQt6_Qt6 --> node_venv_lib_python3_12_site-packages_PyQt6_Qt6_qml["qml"]\n    node_venv_lib_python3_12_site-packages_PyQt6_Qt6_qml --> node_venv_lib_python3_12_site-packages_PyQt6_Qt6_qml_QtQuick["QtQuick"]\n    node_venv_lib_python3_12_site-packages_PyQt6_Qt6_qml_QtQuick --> node_venv_lib_python3_12_site-packages_PyQt6_Qt6_qml_QtQuick_Controls["Controls"]\n    node_venv_lib_python3_12_site-packages_PyQt6_Qt6_qml_QtQuick_Controls --> node_venv_lib_python3_12_site-packages_PyQt6_Qt6_qml_QtQuick_Controls_Basic["Basic"]\n    node_venv_lib_python3_12_site-packages_PyQt6_Qt6_qml_QtQuick_Controls_Basic --> node_venv_lib_python3_12_site-packages_PyQt6_Qt6_qml_QtQuick_Controls_Basic_Switch_qml["Switch.qml"]\n    Root --> node_venv["venv"]\n    node_venv --> node_venv_lib["lib"]\n    node_venv_lib --> node_venv_lib_python3_12["python3.12"]\n    node_venv_lib_python3_12 --> node_venv_lib_python3_12_site-packages["site-packages"]\n    node_venv_lib_python3_12_site-packages --> node_venv_lib_python3_12_site-packages_PyQt6["PyQt6"]\n    node_venv_lib_python3_12_site-packages_PyQt6 --> node_venv_lib_python3_12_site-packages_PyQt6_Qt6["Qt6"]\n    node_venv_lib_python3_12_site-packages_PyQt6_Qt6 --> node_venv_lib_python3_12_site-packages_PyQt6_Qt6_qml["qml"]\n    node_venv_lib_python3_12_site-packages_PyQt6_Qt6_qml --> node_venv_lib_python3_12_site-packages_PyQt6_Qt6_qml_QtQuick["QtQuick"]\n    node_venv_lib_python3_12_site-packages_PyQt6_Qt6_qml_QtQuick --> node_venv_lib_python3_12_site-packages_PyQt6_Qt6_qml_QtQuick_Controls["Controls"]\n    node_venv_lib_python3_12_site-packages_PyQt6_Qt6_qml_QtQuick_Controls --> node_venv_lib_python3_12_site-packages_PyQt6_Qt6_qml_QtQuick_Controls_Basic["Basic"]\n    node_venv_lib_python3_12_site-packages_PyQt6_Qt6_qml_QtQuick_Controls_Basic --> node_venv_lib_python3_12_site-packages_PyQt6_Qt6_qml_QtQuick_Controls_Basic_SwitchDelegate_qml["SwitchDelegate.qml"]\n    Root --> node_venv["venv"]\n    node_venv --> node_venv_lib["lib"]\n    node_venv_lib --> node_venv_lib_python3_12["python3.12"]\n    node_venv_lib_python3_12 --> node_venv_lib_python3_12_site-packages["site-packages"]\n    node_venv_lib_python3_12_site-packages --> node_venv_lib_python3_12_site-packages_PyQt6["PyQt6"]\n    node_venv_lib_python3_12_site-packages_PyQt6 --> node_venv_lib_python3_12_site-packages_PyQt6_Qt6["Qt6"]\n    node_venv_lib_python3_12_site-packages_PyQt6_Qt6 --> node_venv_lib_python3_12_site-packages_PyQt6_Qt6_qml["qml"]\n    node_venv_lib_python3_12_site-packages_PyQt6_Qt6_qml --> node_venv_lib_python3_12_site-packages_PyQt6_Qt6_qml_QtQuick["QtQuick"]\n    node_venv_lib_python3_12_site-packages_PyQt6_Qt6_qml_QtQuick --> node_venv_lib_python3_12_site-packages_PyQt6_Qt6_qml_QtQuick_Controls["Controls"]\n    node_venv_lib_python3_12_site-packages_PyQt6_Qt6_qml_QtQuick_Controls --> node_venv_lib_python3_12_site-packages_PyQt6_Qt6_qml_QtQuick_Controls_Basic["Basic"]\n    node_venv_lib_python3_12_site-packages_PyQt6_Qt6_qml_QtQuick_Controls_Basic --> node_venv_lib_python3_12_site-packages_PyQt6_Qt6_qml_QtQuick_Controls_Basic_TabBar_qml["TabBar.qml"]\n    Root --> node_venv["venv"]\n    node_venv --> node_venv_lib["lib"]\n    node_venv_lib --> node_venv_lib_python3_12["python3.12"]\n    node_venv_lib_python3_12 --> node_venv_lib_python3_12_site-packages["site-packages"]\n    node_venv_lib_python3_12_site-packages --> node_venv_lib_python3_12_site-packages_PyQt6["PyQt6"]\n    node_venv_lib_python3_12_site-packages_PyQt6 --> node_venv_lib_python3_12_site-packages_PyQt6_Qt6["Qt6"]\n    node_venv_lib_python3_12_site-packages_PyQt6_Qt6 --> node_venv_lib_python3_12_site-packages_PyQt6_Qt6_qml["qml"]\n    node_venv_lib_python3_12_site-packages_PyQt6_Qt6_qml --> node_venv_lib_python3_12_site-packages_PyQt6_Qt6_qml_QtQuick["QtQuick"]\n    node_venv_lib_python3_12_site-packages_PyQt6_Qt6_qml_QtQuick --> node_venv_lib_python3_12_site-packages_PyQt6_Qt6_qml_QtQuick_Controls["Controls"]\n    node_venv_lib_python3_12_site-packages_PyQt6_Qt6_qml_QtQuick_Controls --> node_venv_lib_python3_12_site-packages_PyQt6_Qt6_qml_QtQuick_Controls_Basic["Basic"]\n    node_venv_lib_python3_12_site-packages_PyQt6_Qt6_qml_QtQuick_Controls_Basic --> node_venv_lib_python3_12_site-packages_PyQt6_Qt6_qml_QtQuick_Controls_Basic_TabButton_qml["TabButton.qml"]\n    Root --> node_venv["venv"]\n    node_venv --> node_venv_lib["lib"]\n    node_venv_lib --> node_venv_lib_python3_12["python3.12"]\n    node_venv_lib_python3_12 --> node_venv_lib_python3_12_site-packages["site-packages"]\n    node_venv_lib_python3_12_site-packages --> node_venv_lib_python3_12_site-packages_PyQt6["PyQt6"]\n    node_venv_lib_python3_12_site-packages_PyQt6 --> node_venv_lib_python3_12_site-packages_PyQt6_Qt6["Qt6"]\n    node_venv_lib_python3_12_site-packages_PyQt6_Qt6 --> node_venv_lib_python3_12_site-packages_PyQt6_Qt6_qml["qml"]\n    node_venv_lib_python3_12_site-packages_PyQt6_Qt6_qml --> node_venv_lib_python3_12_site-packages_PyQt6_Qt6_qml_QtQuick["QtQuick"]\n    node_venv_lib_python3_12_site-packages_PyQt6_Qt6_qml_QtQuick --> node_venv_lib_python3_12_site-packages_PyQt6_Qt6_qml_QtQuick_Controls["Controls"]\n    node_venv_lib_python3_12_site-packages_PyQt6_Qt6_qml_QtQuick_Controls --> node_venv_lib_python3_12_site-packages_PyQt6_Qt6_qml_QtQuick_Controls_Basic["Basic"]\n    node_venv_lib_python3_12_site-packages_PyQt6_Qt6_qml_QtQuick_Controls_Basic --> node_venv_lib_python3_12_site-packages_PyQt6_Qt6_qml_QtQuick_Controls_Basic_TableViewDelegate_qml["TableViewDelegate.qml"]\n    Root --> node_venv["venv"]\n    node_venv --> node_venv_lib["lib"]\n    node_venv_lib --> node_venv_lib_python3_12["python3.12"]\n    node_venv_lib_python3_12 --> node_venv_lib_python3_12_site-packages["site-packages"]\n    node_venv_lib_python3_12_site-packages --> node_venv_lib_python3_12_site-packages_PyQt6["PyQt6"]\n    node_venv_lib_python3_12_site-packages_PyQt6 --> node_venv_lib_python3_12_site-packages_PyQt6_Qt6["Qt6"]\n    node_venv_lib_python3_12_site-packages_PyQt6_Qt6 --> node_venv_lib_python3_12_site-packages_PyQt6_Qt6_qml["qml"]\n    node_venv_lib_python3_12_site-packages_PyQt6_Qt6_qml --> node_venv_lib_python3_12_site-packages_PyQt6_Qt6_qml_QtQuick["QtQuick"]\n    node_venv_lib_python3_12_site-packages_PyQt6_Qt6_qml_QtQuick --> node_venv_lib_python3_12_site-packages_PyQt6_Qt6_qml_QtQuick_Controls["Controls"]\n    node_venv_lib_python3_12_site-packages_PyQt6_Qt6_qml_QtQuick_Controls --> node_venv_lib_python3_12_site-packages_PyQt6_Qt6_qml_QtQuick_Controls_Basic["Basic"]\n    node_venv_lib_python3_12_site-packages_PyQt6_Qt6_qml_QtQuick_Controls_Basic --> node_venv_lib_python3_12_site-packages_PyQt6_Qt6_qml_QtQuick_Controls_Basic_TextArea_qml["TextArea.qml"]\n    Root --> node_venv["venv"]\n    node_venv --> node_venv_lib["lib"]\n    node_venv_lib --> node_venv_lib_python3_12["python3.12"]\n    node_venv_lib_python3_12 --> node_venv_lib_python3_12_site-packages["site-packages"]\n    node_venv_lib_python3_12_site-packages --> node_venv_lib_python3_12_site-packages_PyQt6["PyQt6"]\n    node_venv_lib_python3_12_site-packages_PyQt6 --> node_venv_lib_python3_12_site-packages_PyQt6_Qt6["Qt6"]\n    node_venv_lib_python3_12_site-packages_PyQt6_Qt6 --> node_venv_lib_python3_12_site-packages_PyQt6_Qt6_qml["qml"]\n    node_venv_lib_python3_12_site-packages_PyQt6_Qt6_qml --> node_venv_lib_python3_12_site-packages_PyQt6_Qt6_qml_QtQuick["QtQuick"]\n    node_venv_lib_python3_12_site-packages_PyQt6_Qt6_qml_QtQuick --> node_venv_lib_python3_12_site-packages_PyQt6_Qt6_qml_QtQuick_Controls["Controls"]\n    node_venv_lib_python3_12_site-packages_PyQt6_Qt6_qml_QtQuick_Controls --> node_venv_lib_python3_12_site-packages_PyQt6_Qt6_qml_QtQuick_Controls_Basic["Basic"]\n    node_venv_lib_python3_12_site-packages_PyQt6_Qt6_qml_QtQuick_Controls_Basic --> node_venv_lib_python3_12_site-packages_PyQt6_Qt6_qml_QtQuick_Controls_Basic_TextField_qml["TextField.qml"]\n    Root --> node_venv["venv"]\n    node_venv --> node_venv_lib["lib"]\n    node_venv_lib --> node_venv_lib_python3_12["python3.12"]\n    node_venv_lib_python3_12 --> node_venv_lib_python3_12_site-packages["site-packages"]\n    node_venv_lib_python3_12_site-packages --> node_venv_lib_python3_12_site-packages_PyQt6["PyQt6"]\n    node_venv_lib_python3_12_site-packages_PyQt6 --> node_venv_lib_python3_12_site-packages_PyQt6_Qt6["Qt6"]\n    node_venv_lib_python3_12_site-packages_PyQt6_Qt6 --> node_venv_lib_python3_12_site-packages_PyQt6_Qt6_qml["qml"]\n    node_venv_lib_python3_12_site-packages_PyQt6_Qt6_qml --> node_venv_lib_python3_12_site-packages_PyQt6_Qt6_qml_QtQuick["QtQuick"]\n    node_venv_lib_python3_12_site-packages_PyQt6_Qt6_qml_QtQuick --> node_venv_lib_python3_12_site-packages_PyQt6_Qt6_qml_QtQuick_Controls["Controls"]\n    node_venv_lib_python3_12_site-packages_PyQt6_Qt6_qml_QtQuick_Controls --> node_venv_lib_python3_12_site-packages_PyQt6_Qt6_qml_QtQuick_Controls_Basic["Basic"]\n    node_venv_lib_python3_12_site-packages_PyQt6_Qt6_qml_QtQuick_Controls_Basic --> node_venv_lib_python3_12_site-packages_PyQt6_Qt6_qml_QtQuick_Controls_Basic_ToolBar_qml["ToolBar.qml"]\n    Root --> node_venv["venv"]\n    node_venv --> node_venv_lib["lib"]\n    node_venv_lib --> node_venv_lib_python3_12["python3.12"]\n    node_venv_lib_python3_12 --> node_venv_lib_python3_12_site-packages["site-packages"]\n    node_venv_lib_python3_12_site-packages --> node_venv_lib_python3_12_site-packages_PyQt6["PyQt6"]\n    node_venv_lib_python3_12_site-packages_PyQt6 --> node_venv_lib_python3_12_site-packages_PyQt6_Qt6["Qt6"]\n    node_venv_lib_python3_12_site-packages_PyQt6_Qt6 --> node_venv_lib_python3_12_site-packages_PyQt6_Qt6_qml["qml"]\n    node_venv_lib_python3_12_site-packages_PyQt6_Qt6_qml --> node_venv_lib_python3_12_site-packages_PyQt6_Qt6_qml_QtQuick["QtQuick"]\n    node_venv_lib_python3_12_site-packages_PyQt6_Qt6_qml_QtQuick --> node_venv_lib_python3_12_site-packages_PyQt6_Qt6_qml_QtQuick_Controls["Controls"]\n    node_venv_lib_python3_12_site-packages_PyQt6_Qt6_qml_QtQuick_Controls --> node_venv_lib_python3_12_site-packages_PyQt6_Qt6_qml_QtQuick_Controls_Basic["Basic"]\n    node_venv_lib_python3_12_site-packages_PyQt6_Qt6_qml_QtQuick_Controls_Basic --> node_venv_lib_python3_12_site-packages_PyQt6_Qt6_qml_QtQuick_Controls_Basic_ToolButton_qml["ToolButton.qml"]\n    Root --> node_venv["venv"]\n    node_venv --> node_venv_lib["lib"]\n    node_venv_lib --> node_venv_lib_python3_12["python3.12"]\n    node_venv_lib_python3_12 --> node_venv_lib_python3_12_site-packages["site-packages"]\n    node_venv_lib_python3_12_site-packages --> node_venv_lib_python3_12_site-packages_PyQt6["PyQt6"]\n    node_venv_lib_python3_12_site-packages_PyQt6 --> node_venv_lib_python3_12_site-packages_PyQt6_Qt6["Qt6"]\n    node_venv_lib_python3_12_site-packages_PyQt6_Qt6 --> node_venv_lib_python3_12_site-packages_PyQt6_Qt6_qml["qml"]\n    node_venv_lib_python3_12_site-packages_PyQt6_Qt6_qml --> node_venv_lib_python3_12_site-packages_PyQt6_Qt6_qml_QtQuick["QtQuick"]\n    node_venv_lib_python3_12_site-packages_PyQt6_Qt6_qml_QtQuick --> node_venv_lib_python3_12_site-packages_PyQt6_Qt6_qml_QtQuick_Controls["Controls"]\n    node_venv_lib_python3_12_site-packages_PyQt6_Qt6_qml_QtQuick_Controls --> node_venv_lib_python3_12_site-packages_PyQt6_Qt6_qml_QtQuick_Controls_Basic["Basic"]\n    node_venv_lib_python3_12_site-packages_PyQt6_Qt6_qml_QtQuick_Controls_Basic --> node_venv_lib_python3_12_site-packages_PyQt6_Qt6_qml_QtQuick_Controls_Basic_ToolSeparator_qml["ToolSeparator.qml"]\n    Root --> node_venv["venv"]\n    node_venv --> node_venv_lib["lib"]\n    node_venv_lib --> node_venv_lib_python3_12["python3.12"]\n    node_venv_lib_python3_12 --> node_venv_lib_python3_12_site-packages["site-packages"]\n    node_venv_lib_python3_12_site-packages --> node_venv_lib_python3_12_site-packages_PyQt6["PyQt6"]\n    node_venv_lib_python3_12_site-packages_PyQt6 --> node_venv_lib_python3_12_site-packages_PyQt6_Qt6["Qt6"]\n    node_venv_lib_python3_12_site-packages_PyQt6_Qt6 --> node_venv_lib_python3_12_site-packages_PyQt6_Qt6_qml["qml"]\n    node_venv_lib_python3_12_site-packages_PyQt6_Qt6_qml --> node_venv_lib_python3_12_site-packages_PyQt6_Qt6_qml_QtQuick["QtQuick"]\n    node_venv_lib_python3_12_site-packages_PyQt6_Qt6_qml_QtQuick --> node_venv_lib_python3_12_site-packages_PyQt6_Qt6_qml_QtQuick_Controls["Controls"]\n    node_venv_lib_python3_12_site-packages_PyQt6_Qt6_qml_QtQuick_Controls --> node_venv_lib_python3_12_site-packages_PyQt6_Qt6_qml_QtQuick_Controls_Basic["Basic"]\n    node_venv_lib_python3_12_site-packages_PyQt6_Qt6_qml_QtQuick_Controls_Basic --> node_venv_lib_python3_12_site-packages_PyQt6_Qt6_qml_QtQuick_Controls_Basic_ToolTip_qml["ToolTip.qml"]\n    Root --> node_venv["venv"]\n    node_venv --> node_venv_lib["lib"]\n    node_venv_lib --> node_venv_lib_python3_12["python3.12"]\n    node_venv_lib_python3_12 --> node_venv_lib_python3_12_site-packages["site-packages"]\n    node_venv_lib_python3_12_site-packages --> node_venv_lib_python3_12_site-packages_PyQt6["PyQt6"]\n    node_venv_lib_python3_12_site-packages_PyQt6 --> node_venv_lib_python3_12_site-packages_PyQt6_Qt6["Qt6"]\n    node_venv_lib_python3_12_site-packages_PyQt6_Qt6 --> node_venv_lib_python3_12_site-packages_PyQt6_Qt6_qml["qml"]\n    node_venv_lib_python3_12_site-packages_PyQt6_Qt6_qml --> node_venv_lib_python3_12_site-packages_PyQt6_Qt6_qml_QtQuick["QtQuick"]\n    node_venv_lib_python3_12_site-packages_PyQt6_Qt6_qml_QtQuick --> node_venv_lib_python3_12_site-packages_PyQt6_Qt6_qml_QtQuick_Controls["Controls"]\n    node_venv_lib_python3_12_site-packages_PyQt6_Qt6_qml_QtQuick_Controls --> node_venv_lib_python3_12_site-packages_PyQt6_Qt6_qml_QtQuick_Controls_Basic["Basic"]\n    node_venv_lib_python3_12_site-packages_PyQt6_Qt6_qml_QtQuick_Controls_Basic --> node_venv_lib_python3_12_site-packages_PyQt6_Qt6_qml_QtQuick_Controls_Basic_TreeViewDelegate_qml["TreeViewDelegate.qml"]\n    Root --> node_venv["venv"]\n    node_venv --> node_venv_lib["lib"]\n    node_venv_lib --> node_venv_lib_python3_12["python3.12"]\n    node_venv_lib_python3_12 --> node_venv_lib_python3_12_site-packages["site-packages"]\n    node_venv_lib_python3_12_site-packages --> node_venv_lib_python3_12_site-packages_PyQt6["PyQt6"]\n    node_venv_lib_python3_12_site-packages_PyQt6 --> node_venv_lib_python3_12_site-packages_PyQt6_Qt6["Qt6"]\n    node_venv_lib_python3_12_site-packages_PyQt6_Qt6 --> node_venv_lib_python3_12_site-packages_PyQt6_Qt6_qml["qml"]\n    node_venv_lib_python3_12_site-packages_PyQt6_Qt6_qml --> node_venv_lib_python3_12_site-packages_PyQt6_Qt6_qml_QtQuick["QtQuick"]\n    node_venv_lib_python3_12_site-packages_PyQt6_Qt6_qml_QtQuick --> node_venv_lib_python3_12_site-packages_PyQt6_Qt6_qml_QtQuick_Controls["Controls"]\n    node_venv_lib_python3_12_site-packages_PyQt6_Qt6_qml_QtQuick_Controls --> node_venv_lib_python3_12_site-packages_PyQt6_Qt6_qml_QtQuick_Controls_Basic["Basic"]\n    node_venv_lib_python3_12_site-packages_PyQt6_Qt6_qml_QtQuick_Controls_Basic --> node_venv_lib_python3_12_site-packages_PyQt6_Qt6_qml_QtQuick_Controls_Basic_Tumbler_qml["Tumbler.qml"]\n    Root --> node_venv["venv"]\n    node_venv --> node_venv_lib["lib"]\n    node_venv_lib --> node_venv_lib_python3_12["python3.12"]\n    node_venv_lib_python3_12 --> node_venv_lib_python3_12_site-packages["site-packages"]\n    node_venv_lib_python3_12_site-packages --> node_venv_lib_python3_12_site-packages_PyQt6["PyQt6"]\n    node_venv_lib_python3_12_site-packages_PyQt6 --> node_venv_lib_python3_12_site-packages_PyQt6_Qt6["Qt6"]\n    node_venv_lib_python3_12_site-packages_PyQt6_Qt6 --> node_venv_lib_python3_12_site-packages_PyQt6_Qt6_qml["qml"]\n    node_venv_lib_python3_12_site-packages_PyQt6_Qt6_qml --> node_venv_lib_python3_12_site-packages_PyQt6_Qt6_qml_QtQuick["QtQuick"]\n    node_venv_lib_python3_12_site-packages_PyQt6_Qt6_qml_QtQuick --> node_venv_lib_python3_12_site-packages_PyQt6_Qt6_qml_QtQuick_Controls["Controls"]\n    node_venv_lib_python3_12_site-packages_PyQt6_Qt6_qml_QtQuick_Controls --> node_venv_lib_python3_12_site-packages_PyQt6_Qt6_qml_QtQuick_Controls_Basic["Basic"]\n    node_venv_lib_python3_12_site-packages_PyQt6_Qt6_qml_QtQuick_Controls_Basic --> node_venv_lib_python3_12_site-packages_PyQt6_Qt6_qml_QtQuick_Controls_Basic_VerticalHeaderView_qml["VerticalHeaderView.qml"]\n    Root --> node_venv["venv"]\n    node_venv --> node_venv_lib["lib"]\n    node_venv_lib --> node_venv_lib_python3_12["python3.12"]\n    node_venv_lib_python3_12 --> node_venv_lib_python3_12_site-packages["site-packages"]\n    node_venv_lib_python3_12_site-packages --> node_venv_lib_python3_12_site-packages_PyQt6["PyQt6"]\n    node_venv_lib_python3_12_site-packages_PyQt6 --> node_venv_lib_python3_12_site-packages_PyQt6_Qt6["Qt6"]\n    node_venv_lib_python3_12_site-packages_PyQt6_Qt6 --> node_venv_lib_python3_12_site-packages_PyQt6_Qt6_qml["qml"]\n    node_venv_lib_python3_12_site-packages_PyQt6_Qt6_qml --> node_venv_lib_python3_12_site-packages_PyQt6_Qt6_qml_QtQuick["QtQuick"]\n    node_venv_lib_python3_12_site-packages_PyQt6_Qt6_qml_QtQuick --> node_venv_lib_python3_12_site-packages_PyQt6_Qt6_qml_QtQuick_Controls["Controls"]\n    node_venv_lib_python3_12_site-packages_PyQt6_Qt6_qml_QtQuick_Controls --> node_venv_lib_python3_12_site-packages_PyQt6_Qt6_qml_QtQuick_Controls_Basic["Basic"]\n    node_venv_lib_python3_12_site-packages_PyQt6_Qt6_qml_QtQuick_Controls_Basic --> node_venv_lib_python3_12_site-packages_PyQt6_Qt6_qml_QtQuick_Controls_Basic_VerticalHeaderViewDelegate_qml["VerticalHeaderViewDelegate.qml"]\n    Root --> node_venv["venv"]\n    node_venv --> node_venv_lib["lib"]\n    node_venv_lib --> node_venv_lib_python3_12["python3.12"]\n    node_venv_lib_python3_12 --> node_venv_lib_python3_12_site-packages["site-packages"]\n    node_venv_lib_python3_12_site-packages --> node_venv_lib_python3_12_site-packages_PyQt6["PyQt6"]\n    node_venv_lib_python3_12_site-packages_PyQt6 --> node_venv_lib_python3_12_site-packages_PyQt6_Qt6["Qt6"]\n    node_venv_lib_python3_12_site-packages_PyQt6_Qt6 --> node_venv_lib_python3_12_site-packages_PyQt6_Qt6_qml["qml"]\n    node_venv_lib_python3_12_site-packages_PyQt6_Qt6_qml --> node_venv_lib_python3_12_site-packages_PyQt6_Qt6_qml_QtQuick["QtQuick"]\n    node_venv_lib_python3_12_site-packages_PyQt6_Qt6_qml_QtQuick --> node_venv_lib_python3_12_site-packages_PyQt6_Qt6_qml_QtQuick_Controls["Controls"]\n    node_venv_lib_python3_12_site-packages_PyQt6_Qt6_qml_QtQuick_Controls --> node_venv_lib_python3_12_site-packages_PyQt6_Qt6_qml_QtQuick_Controls_Basic["Basic"]\n    node_venv_lib_python3_12_site-packages_PyQt6_Qt6_qml_QtQuick_Controls_Basic --> node_venv_lib_python3_12_site-packages_PyQt6_Qt6_qml_QtQuick_Controls_Basic_WeekNumberColumn_qml["WeekNumberColumn.qml"]\n    Root --> node_venv["venv"]\n    node_venv --> node_venv_lib["lib"]\n    node_venv_lib --> node_venv_lib_python3_12["python3.12"]\n    node_venv_lib_python3_12 --> node_venv_lib_python3_12_site-packages["site-packages"]\n    node_venv_lib_python3_12_site-packages --> node_venv_lib_python3_12_site-packages_PyQt6["PyQt6"]\n    node_venv_lib_python3_12_site-packages_PyQt6 --> node_venv_lib_python3_12_site-packages_PyQt6_Qt6["Qt6"]\n    node_venv_lib_python3_12_site-packages_PyQt6_Qt6 --> node_venv_lib_python3_12_site-packages_PyQt6_Qt6_qml["qml"]\n    node_venv_lib_python3_12_site-packages_PyQt6_Qt6_qml --> node_venv_lib_python3_12_site-packages_PyQt6_Qt6_qml_QtQuick["QtQuick"]\n    node_venv_lib_python3_12_site-packages_PyQt6_Qt6_qml_QtQuick --> node_venv_lib_python3_12_site-packages_PyQt6_Qt6_qml_QtQuick_Controls["Controls"]\n    node_venv_lib_python3_12_site-packages_PyQt6_Qt6_qml_QtQuick_Controls --> node_venv_lib_python3_12_site-packages_PyQt6_Qt6_qml_QtQuick_Controls_Basic["Basic"]\n    node_venv_lib_python3_12_site-packages_PyQt6_Qt6_qml_QtQuick_Controls_Basic --> node_venv_lib_python3_12_site-packages_PyQt6_Qt6_qml_QtQuick_Controls_Basic_libqtquickcontrols2basicstyleplugin_dylib["libqtquickcontrols2basicstyleplugin.dylib"]\n    Root --> node_venv["venv"]\n    node_venv --> node_venv_lib["lib"]\n    node_venv_lib --> node_venv_lib_python3_12["python3.12"]\n    node_venv_lib_python3_12 --> node_venv_lib_python3_12_site-packages["site-packages"]\n    node_venv_lib_python3_12_site-packages --> node_venv_lib_python3_12_site-packages_PyQt6["PyQt6"]\n    node_venv_lib_python3_12_site-packages_PyQt6 --> node_venv_lib_python3_12_site-packages_PyQt6_Qt6["Qt6"]\n    node_venv_lib_python3_12_site-packages_PyQt6_Qt6 --> node_venv_lib_python3_12_site-packages_PyQt6_Qt6_qml["qml"]\n    node_venv_lib_python3_12_site-packages_PyQt6_Qt6_qml --> node_venv_lib_python3_12_site-packages_PyQt6_Qt6_qml_QtQuick["QtQuick"]\n    node_venv_lib_python3_12_site-packages_PyQt6_Qt6_qml_QtQuick --> node_venv_lib_python3_12_site-packages_PyQt6_Qt6_qml_QtQuick_Controls["Controls"]\n    node_venv_lib_python3_12_site-packages_PyQt6_Qt6_qml_QtQuick_Controls --> node_venv_lib_python3_12_site-packages_PyQt6_Qt6_qml_QtQuick_Controls_Basic["Basic"]\n    node_venv_lib_python3_12_site-packages_PyQt6_Qt6_qml_QtQuick_Controls_Basic --> node_venv_lib_python3_12_site-packages_PyQt6_Qt6_qml_QtQuick_Controls_Basic_plugins_qmltypes["plugins.qmltypes"]\n    Root --> node_venv["venv"]\n    node_venv --> node_venv_lib["lib"]\n    node_venv_lib --> node_venv_lib_python3_12["python3.12"]\n    node_venv_lib_python3_12 --> node_venv_lib_python3_12_site-packages["site-packages"]\n    node_venv_lib_python3_12_site-packages --> node_venv_lib_python3_12_site-packages_PyQt6["PyQt6"]\n    node_venv_lib_python3_12_site-packages_PyQt6 --> node_venv_lib_python3_12_site-packages_PyQt6_Qt6["Qt6"]\n    node_venv_lib_python3_12_site-packages_PyQt6_Qt6 --> node_venv_lib_python3_12_site-packages_PyQt6_Qt6_qml["qml"]\n    node_venv_lib_python3_12_site-packages_PyQt6_Qt6_qml --> node_venv_lib_python3_12_site-packages_PyQt6_Qt6_qml_QtQuick["QtQuick"]\n    node_venv_lib_python3_12_site-packages_PyQt6_Qt6_qml_QtQuick --> node_venv_lib_python3_12_site-packages_PyQt6_Qt6_qml_QtQuick_Controls["Controls"]\n    node_venv_lib_python3_12_site-packages_PyQt6_Qt6_qml_QtQuick_Controls --> node_venv_lib_python3_12_site-packages_PyQt6_Qt6_qml_QtQuick_Controls_Basic["Basic"]\n    node_venv_lib_python3_12_site-packages_PyQt6_Qt6_qml_QtQuick_Controls_Basic --> node_venv_lib_python3_12_site-packages_PyQt6_Qt6_qml_QtQuick_Controls_Basic_qmldir["qmldir"]\n    Root --> node_venv["venv"]\n    node_venv --> node_venv_lib["lib"]\n    node_venv_lib --> node_venv_lib_python3_12["python3.12"]\n    node_venv_lib_python3_12 --> node_venv_lib_python3_12_site-packages["site-packages"]\n    node_venv_lib_python3_12_site-packages --> node_venv_lib_python3_12_site-packages_PyQt6["PyQt6"]\n    node_venv_lib_python3_12_site-packages_PyQt6 --> node_venv_lib_python3_12_site-packages_PyQt6_Qt6["Qt6"]\n    node_venv_lib_python3_12_site-packages_PyQt6_Qt6 --> node_venv_lib_python3_12_site-packages_PyQt6_Qt6_qml["qml"]\n    node_venv_lib_python3_12_site-packages_PyQt6_Qt6_qml --> node_venv_lib_python3_12_site-packages_PyQt6_Qt6_qml_QtQuick["QtQuick"]\n    node_venv_lib_python3_12_site-packages_PyQt6_Qt6_qml_QtQuick --> node_venv_lib_python3_12_site-packages_PyQt6_Qt6_qml_QtQuick_Controls["Controls"]\n    node_venv_lib_python3_12_site-packages_PyQt6_Qt6_qml_QtQuick_Controls --> node_venv_lib_python3_12_site-packages_PyQt6_Qt6_qml_QtQuick_Controls_Basic["Basic"]\n    node_venv_lib_python3_12_site-packages_PyQt6_Qt6_qml_QtQuick_Controls_Basic --> node_venv_lib_python3_12_site-packages_PyQt6_Qt6_qml_QtQuick_Controls_Basic_impl["impl"]\n    node_venv_lib_python3_12_site-packages_PyQt6_Qt6_qml_QtQuick_Controls_Basic_impl --> node_venv_lib_python3_12_site-packages_PyQt6_Qt6_qml_QtQuick_Controls_Basic_impl_libqtquickcontrols2basicstyleimplplugin_dylib["libqtquickcontrols2basicstyleimplplugin.dylib"]\n    Root --> node_venv["venv"]\n    node_venv --> node_venv_lib["lib"]\n    node_venv_lib --> node_venv_lib_python3_12["python3.12"]\n    node_venv_lib_python3_12 --> node_venv_lib_python3_12_site-packages["site-packages"]\n    node_venv_lib_python3_12_site-packages --> node_venv_lib_python3_12_site-packages_PyQt6["PyQt6"]\n    node_venv_lib_python3_12_site-packages_PyQt6 --> node_venv_lib_python3_12_site-packages_PyQt6_Qt6["Qt6"]\n    node_venv_lib_python3_12_site-packages_PyQt6_Qt6 --> node_venv_lib_python3_12_site-packages_PyQt6_Qt6_qml["qml"]\n    node_venv_lib_python3_12_site-packages_PyQt6_Qt6_qml --> node_venv_lib_python3_12_site-packages_PyQt6_Qt6_qml_QtQuick["QtQuick"]\n    node_venv_lib_python3_12_site-packages_PyQt6_Qt6_qml_QtQuick --> node_venv_lib_python3_12_site-packages_PyQt6_Qt6_qml_QtQuick_Controls["Controls"]\n    node_venv_lib_python3_12_site-packages_PyQt6_Qt6_qml_QtQuick_Controls --> node_venv_lib_python3_12_site-packages_PyQt6_Qt6_qml_QtQuick_Controls_Basic["Basic"]\n    node_venv_lib_python3_12_site-packages_PyQt6_Qt6_qml_QtQuick_Controls_Basic --> node_venv_lib_python3_12_site-packages_PyQt6_Qt6_qml_QtQuick_Controls_Basic_impl["impl"]\n    node_venv_lib_python3_12_site-packages_PyQt6_Qt6_qml_QtQuick_Controls_Basic_impl --> node_venv_lib_python3_12_site-packages_PyQt6_Qt6_qml_QtQuick_Controls_Basic_impl_plugins_qmltypes["plugins.qmltypes"]\n    Root --> node_venv["venv"]\n    node_venv --> node_venv_lib["lib"]\n    node_venv_lib --> node_venv_lib_python3_12["python3.12"]\n    node_venv_lib_python3_12 --> node_venv_lib_python3_12_site-packages["site-packages"]\n    node_venv_lib_python3_12_site-packages --> node_venv_lib_python3_12_site-packages_PyQt6["PyQt6"]\n    node_venv_lib_python3_12_site-packages_PyQt6 --> node_venv_lib_python3_12_site-packages_PyQt6_Qt6["Qt6"]\n    node_venv_lib_python3_12_site-packages_PyQt6_Qt6 --> node_venv_lib_python3_12_site-packages_PyQt6_Qt6_qml["qml"]\n    node_venv_lib_python3_12_site-packages_PyQt6_Qt6_qml --> node_venv_lib_python3_12_site-packages_PyQt6_Qt6_qml_QtQuick["QtQuick"]\n    node_venv_lib_python3_12_site-packages_PyQt6_Qt6_qml_QtQuick --> node_venv_lib_python3_12_site-packages_PyQt6_Qt6_qml_QtQuick_Controls["Controls"]\n    node_venv_lib_python3_12_site-packages_PyQt6_Qt6_qml_QtQuick_Controls --> node_venv_lib_python3_12_site-packages_PyQt6_Qt6_qml_QtQuick_Controls_Basic["Basic"]\n    node_venv_lib_python3_12_site-packages_PyQt6_Qt6_qml_QtQuick_Controls_Basic --> node_venv_lib_python3_12_site-packages_PyQt6_Qt6_qml_QtQuick_Controls_Basic_impl["impl"]\n    node_venv_lib_python3_12_site-packages_PyQt6_Qt6_qml_QtQuick_Controls_Basic_impl --> node_venv_lib_python3_12_site-packages_PyQt6_Qt6_qml_QtQuick_Controls_Basic_impl_qmldir["qmldir"]\n    Root --> node_venv["venv"]\n    node_venv --> node_venv_lib["lib"]\n    node_venv_lib --> node_venv_lib_python3_12["python3.12"]\n    node_venv_lib_python3_12 --> node_venv_lib_python3_12_site-packages["site-packages"]\n    node_venv_lib_python3_12_site-packages --> node_venv_lib_python3_12_site-packages_PyQt6["PyQt6"]\n    node_venv_lib_python3_12_site-packages_PyQt6 --> node_venv_lib_python3_12_site-packages_PyQt6_Qt6["Qt6"]\n    node_venv_lib_python3_12_site-packages_PyQt6_Qt6 --> node_venv_lib_python3_12_site-packages_PyQt6_Qt6_qml["qml"]\n    node_venv_lib_python3_12_site-packages_PyQt6_Qt6_qml --> node_venv_lib_python3_12_site-packages_PyQt6_Qt6_qml_QtQuick["QtQuick"]\n    node_venv_lib_python3_12_site-packages_PyQt6_Qt6_qml_QtQuick --> node_venv_lib_python3_12_site-packages_PyQt6_Qt6_qml_QtQuick_Controls["Controls"]\n    node_venv_lib_python3_12_site-packages_PyQt6_Qt6_qml_QtQuick_Controls --> node_venv_lib_python3_12_site-packages_PyQt6_Qt6_qml_QtQuick_Controls_iOS["iOS"]\n    node_venv_lib_python3_12_site-packages_PyQt6_Qt6_qml_QtQuick_Controls_iOS --> node_venv_lib_python3_12_site-packages_PyQt6_Qt6_qml_QtQuick_Controls_iOS_ApplicationWindow_qml["ApplicationWindow.qml"]\n    Root --> node_venv["venv"]\n    node_venv --> node_venv_lib["lib"]\n    node_venv_lib --> node_venv_lib_python3_12["python3.12"]\n    node_venv_lib_python3_12 --> node_venv_lib_python3_12_site-packages["site-packages"]\n    node_venv_lib_python3_12_site-packages --> node_venv_lib_python3_12_site-packages_PyQt6["PyQt6"]\n    node_venv_lib_python3_12_site-packages_PyQt6 --> node_venv_lib_python3_12_site-packages_PyQt6_Qt6["Qt6"]\n    node_venv_lib_python3_12_site-packages_PyQt6_Qt6 --> node_venv_lib_python3_12_site-packages_PyQt6_Qt6_qml["qml"]\n    node_venv_lib_python3_12_site-packages_PyQt6_Qt6_qml --> node_venv_lib_python3_12_site-packages_PyQt6_Qt6_qml_QtQuick["QtQuick"]\n    node_venv_lib_python3_12_site-packages_PyQt6_Qt6_qml_QtQuick --> node_venv_lib_python3_12_site-packages_PyQt6_Qt6_qml_QtQuick_Controls["Controls"]\n    node_venv_lib_python3_12_site-packages_PyQt6_Qt6_qml_QtQuick_Controls --> node_venv_lib_python3_12_site-packages_PyQt6_Qt6_qml_QtQuick_Controls_iOS["iOS"]\n    node_venv_lib_python3_12_site-packages_PyQt6_Qt6_qml_QtQuick_Controls_iOS --> node_venv_lib_python3_12_site-packages_PyQt6_Qt6_qml_QtQuick_Controls_iOS_BusyIndicator_qml["BusyIndicator.qml"]\n    Root --> node_venv["venv"]\n    node_venv --> node_venv_lib["lib"]\n    node_venv_lib --> node_venv_lib_python3_12["python3.12"]\n    node_venv_lib_python3_12 --> node_venv_lib_python3_12_site-packages["site-packages"]\n    node_venv_lib_python3_12_site-packages --> node_venv_lib_python3_12_site-packages_PyQt6["PyQt6"]\n    node_venv_lib_python3_12_site-packages_PyQt6 --> node_venv_lib_python3_12_site-packages_PyQt6_Qt6["Qt6"]\n    node_venv_lib_python3_12_site-packages_PyQt6_Qt6 --> node_venv_lib_python3_12_site-packages_PyQt6_Qt6_qml["qml"]\n    node_venv_lib_python3_12_site-packages_PyQt6_Qt6_qml --> node_venv_lib_python3_12_site-packages_PyQt6_Qt6_qml_QtQuick["QtQuick"]\n    node_venv_lib_python3_12_site-packages_PyQt6_Qt6_qml_QtQuick --> node_venv_lib_python3_12_site-packages_PyQt6_Qt6_qml_QtQuick_Controls["Controls"]\n    node_venv_lib_python3_12_site-packages_PyQt6_Qt6_qml_QtQuick_Controls --> node_venv_lib_python3_12_site-packages_PyQt6_Qt6_qml_QtQuick_Controls_iOS["iOS"]\n    node_venv_lib_python3_12_site-packages_PyQt6_Qt6_qml_QtQuick_Controls_iOS --> node_venv_lib_python3_12_site-packages_PyQt6_Qt6_qml_QtQuick_Controls_iOS_Button_qml["Button.qml"]\n    Root --> node_venv["venv"]\n    node_venv --> node_venv_lib["lib"]\n    node_venv_lib --> node_venv_lib_python3_12["python3.12"]\n    node_venv_lib_python3_12 --> node_venv_lib_python3_12_site-packages["site-packages"]\n    node_venv_lib_python3_12_site-packages --> node_venv_lib_python3_12_site-packages_PyQt6["PyQt6"]\n    node_venv_lib_python3_12_site-packages_PyQt6 --> node_venv_lib_python3_12_site-packages_PyQt6_Qt6["Qt6"]\n    node_venv_lib_python3_12_site-packages_PyQt6_Qt6 --> node_venv_lib_python3_12_site-packages_PyQt6_Qt6_qml["qml"]\n    node_venv_lib_python3_12_site-packages_PyQt6_Qt6_qml --> node_venv_lib_python3_12_site-packages_PyQt6_Qt6_qml_QtQuick["QtQuick"]\n    node_venv_lib_python3_12_site-packages_PyQt6_Qt6_qml_QtQuick --> node_venv_lib_python3_12_site-packages_PyQt6_Qt6_qml_QtQuick_Controls["Controls"]\n    node_venv_lib_python3_12_site-packages_PyQt6_Qt6_qml_QtQuick_Controls --> node_venv_lib_python3_12_site-packages_PyQt6_Qt6_qml_QtQuick_Controls_iOS["iOS"]\n    node_venv_lib_python3_12_site-packages_PyQt6_Qt6_qml_QtQuick_Controls_iOS --> node_venv_lib_python3_12_site-packages_PyQt6_Qt6_qml_QtQuick_Controls_iOS_CheckBox_qml["CheckBox.qml"]\n    Root --> node_venv["venv"]\n    node_venv --> node_venv_lib["lib"]\n    node_venv_lib --> node_venv_lib_python3_12["python3.12"]\n    node_venv_lib_python3_12 --> node_venv_lib_python3_12_site-packages["site-packages"]\n    node_venv_lib_python3_12_site-packages --> node_venv_lib_python3_12_site-packages_PyQt6["PyQt6"]\n    node_venv_lib_python3_12_site-packages_PyQt6 --> node_venv_lib_python3_12_site-packages_PyQt6_Qt6["Qt6"]\n    node_venv_lib_python3_12_site-packages_PyQt6_Qt6 --> node_venv_lib_python3_12_site-packages_PyQt6_Qt6_qml["qml"]\n    node_venv_lib_python3_12_site-packages_PyQt6_Qt6_qml --> node_venv_lib_python3_12_site-packages_PyQt6_Qt6_qml_QtQuick["QtQuick"]\n    node_venv_lib_python3_12_site-packages_PyQt6_Qt6_qml_QtQuick --> node_venv_lib_python3_12_site-packages_PyQt6_Qt6_qml_QtQuick_Controls["Controls"]\n    node_venv_lib_python3_12_site-packages_PyQt6_Qt6_qml_QtQuick_Controls --> node_venv_lib_python3_12_site-packages_PyQt6_Qt6_qml_QtQuick_Controls_iOS["iOS"]\n    node_venv_lib_python3_12_site-packages_PyQt6_Qt6_qml_QtQuick_Controls_iOS --> node_venv_lib_python3_12_site-packages_PyQt6_Qt6_qml_QtQuick_Controls_iOS_CheckDelegate_qml["CheckDelegate.qml"]\n    Root --> node_venv["venv"]\n    node_venv --> node_venv_lib["lib"]\n    node_venv_lib --> node_venv_lib_python3_12["python3.12"]\n    node_venv_lib_python3_12 --> node_venv_lib_python3_12_site-packages["site-packages"]\n    node_venv_lib_python3_12_site-packages --> node_venv_lib_python3_12_site-packages_PyQt6["PyQt6"]\n    node_venv_lib_python3_12_site-packages_PyQt6 --> node_venv_lib_python3_12_site-packages_PyQt6_Qt6["Qt6"]\n    node_venv_lib_python3_12_site-packages_PyQt6_Qt6 --> node_venv_lib_python3_12_site-packages_PyQt6_Qt6_qml["qml"]\n    node_venv_lib_python3_12_site-packages_PyQt6_Qt6_qml --> node_venv_lib_python3_12_site-packages_PyQt6_Qt6_qml_QtQuick["QtQuick"]\n    node_venv_lib_python3_12_site-packages_PyQt6_Qt6_qml_QtQuick --> node_venv_lib_python3_12_site-packages_PyQt6_Qt6_qml_QtQuick_Controls["Controls"]\n    node_venv_lib_python3_12_site-packages_PyQt6_Qt6_qml_QtQuick_Controls --> node_venv_lib_python3_12_site-packages_PyQt6_Qt6_qml_QtQuick_Controls_iOS["iOS"]\n    node_venv_lib_python3_12_site-packages_PyQt6_Qt6_qml_QtQuick_Controls_iOS --> node_venv_lib_python3_12_site-packages_PyQt6_Qt6_qml_QtQuick_Controls_iOS_ComboBox_qml["ComboBox.qml"]\n    Root --> node_venv["venv"]\n    node_venv --> node_venv_lib["lib"]\n    node_venv_lib --> node_venv_lib_python3_12["python3.12"]\n    node_venv_lib_python3_12 --> node_venv_lib_python3_12_site-packages["site-packages"]\n    node_venv_lib_python3_12_site-packages --> node_venv_lib_python3_12_site-packages_PyQt6["PyQt6"]\n    node_venv_lib_python3_12_site-packages_PyQt6 --> node_venv_lib_python3_12_site-packages_PyQt6_Qt6["Qt6"]\n    node_venv_lib_python3_12_site-packages_PyQt6_Qt6 --> node_venv_lib_python3_12_site-packages_PyQt6_Qt6_qml["qml"]\n    node_venv_lib_python3_12_site-packages_PyQt6_Qt6_qml --> node_venv_lib_python3_12_site-packages_PyQt6_Qt6_qml_QtQuick["QtQuick"]\n    node_venv_lib_python3_12_site-packages_PyQt6_Qt6_qml_QtQuick --> node_venv_lib_python3_12_site-packages_PyQt6_Qt6_qml_QtQuick_Controls["Controls"]\n    node_venv_lib_python3_12_site-packages_PyQt6_Qt6_qml_QtQuick_Controls --> node_venv_lib_python3_12_site-packages_PyQt6_Qt6_qml_QtQuick_Controls_iOS["iOS"]\n    node_venv_lib_python3_12_site-packages_PyQt6_Qt6_qml_QtQuick_Controls_iOS --> node_venv_lib_python3_12_site-packages_PyQt6_Qt6_qml_QtQuick_Controls_iOS_DelayButton_qml["DelayButton.qml"]\n    Root --> node_venv["venv"]\n    node_venv --> node_venv_lib["lib"]\n    node_venv_lib --> node_venv_lib_python3_12["python3.12"]\n    node_venv_lib_python3_12 --> node_venv_lib_python3_12_site-packages["site-packages"]\n    node_venv_lib_python3_12_site-packages --> node_venv_lib_python3_12_site-packages_PyQt6["PyQt6"]\n    node_venv_lib_python3_12_site-packages_PyQt6 --> node_venv_lib_python3_12_site-packages_PyQt6_Qt6["Qt6"]\n    node_venv_lib_python3_12_site-packages_PyQt6_Qt6 --> node_venv_lib_python3_12_site-packages_PyQt6_Qt6_qml["qml"]\n    node_venv_lib_python3_12_site-packages_PyQt6_Qt6_qml --> node_venv_lib_python3_12_site-packages_PyQt6_Qt6_qml_QtQuick["QtQuick"]\n    node_venv_lib_python3_12_site-packages_PyQt6_Qt6_qml_QtQuick --> node_venv_lib_python3_12_site-packages_PyQt6_Qt6_qml_QtQuick_Controls["Controls"]\n    node_venv_lib_python3_12_site-packages_PyQt6_Qt6_qml_QtQuick_Controls --> node_venv_lib_python3_12_site-packages_PyQt6_Qt6_qml_QtQuick_Controls_iOS["iOS"]\n    node_venv_lib_python3_12_site-packages_PyQt6_Qt6_qml_QtQuick_Controls_iOS --> node_venv_lib_python3_12_site-packages_PyQt6_Qt6_qml_QtQuick_Controls_iOS_Dial_qml["Dial.qml"]\n    Root --> node_venv["venv"]\n    node_venv --> node_venv_lib["lib"]\n    node_venv_lib --> node_venv_lib_python3_12["python3.12"]\n    node_venv_lib_python3_12 --> node_venv_lib_python3_12_site-packages["site-packages"]\n    node_venv_lib_python3_12_site-packages --> node_venv_lib_python3_12_site-packages_PyQt6["PyQt6"]\n    node_venv_lib_python3_12_site-packages_PyQt6 --> node_venv_lib_python3_12_site-packages_PyQt6_Qt6["Qt6"]\n    node_venv_lib_python3_12_site-packages_PyQt6_Qt6 --> node_venv_lib_python3_12_site-packages_PyQt6_Qt6_qml["qml"]\n    node_venv_lib_python3_12_site-packages_PyQt6_Qt6_qml --> node_venv_lib_python3_12_site-packages_PyQt6_Qt6_qml_QtQuick["QtQuick"]\n    node_venv_lib_python3_12_site-packages_PyQt6_Qt6_qml_QtQuick --> node_venv_lib_python3_12_site-packages_PyQt6_Qt6_qml_QtQuick_Controls["Controls"]\n    node_venv_lib_python3_12_site-packages_PyQt6_Qt6_qml_QtQuick_Controls --> node_venv_lib_python3_12_site-packages_PyQt6_Qt6_qml_QtQuick_Controls_iOS["iOS"]\n    node_venv_lib_python3_12_site-packages_PyQt6_Qt6_qml_QtQuick_Controls_iOS --> node_venv_lib_python3_12_site-packages_PyQt6_Qt6_qml_QtQuick_Controls_iOS_Dialog_qml["Dialog.qml"]\n    Root --> node_venv["venv"]\n    node_venv --> node_venv_lib["lib"]\n    node_venv_lib --> node_venv_lib_python3_12["python3.12"]\n    node_venv_lib_python3_12 --> node_venv_lib_python3_12_site-packages["site-packages"]\n    node_venv_lib_python3_12_site-packages --> node_venv_lib_python3_12_site-packages_PyQt6["PyQt6"]\n    node_venv_lib_python3_12_site-packages_PyQt6 --> node_venv_lib_python3_12_site-packages_PyQt6_Qt6["Qt6"]\n    node_venv_lib_python3_12_site-packages_PyQt6_Qt6 --> node_venv_lib_python3_12_site-packages_PyQt6_Qt6_qml["qml"]\n    node_venv_lib_python3_12_site-packages_PyQt6_Qt6_qml --> node_venv_lib_python3_12_site-packages_PyQt6_Qt6_qml_QtQuick["QtQuick"]\n    node_venv_lib_python3_12_site-packages_PyQt6_Qt6_qml_QtQuick --> node_venv_lib_python3_12_site-packages_PyQt6_Qt6_qml_QtQuick_Controls["Controls"]\n    node_venv_lib_python3_12_site-packages_PyQt6_Qt6_qml_QtQuick_Controls --> node_venv_lib_python3_12_site-packages_PyQt6_Qt6_qml_QtQuick_Controls_iOS["iOS"]\n    node_venv_lib_python3_12_site-packages_PyQt6_Qt6_qml_QtQuick_Controls_iOS --> node_venv_lib_python3_12_site-packages_PyQt6_Qt6_qml_QtQuick_Controls_iOS_DialogButtonBox_qml["DialogButtonBox.qml"]\n    Root --> node_venv["venv"]\n    node_venv --> node_venv_lib["lib"]\n    node_venv_lib --> node_venv_lib_python3_12["python3.12"]\n    node_venv_lib_python3_12 --> node_venv_lib_python3_12_site-packages["site-packages"]\n    node_venv_lib_python3_12_site-packages --> node_venv_lib_python3_12_site-packages_PyQt6["PyQt6"]\n    node_venv_lib_python3_12_site-packages_PyQt6 --> node_venv_lib_python3_12_site-packages_PyQt6_Qt6["Qt6"]\n    node_venv_lib_python3_12_site-packages_PyQt6_Qt6 --> node_venv_lib_python3_12_site-packages_PyQt6_Qt6_qml["qml"]\n    node_venv_lib_python3_12_site-packages_PyQt6_Qt6_qml --> node_venv_lib_python3_12_site-packages_PyQt6_Qt6_qml_QtQuick["QtQuick"]\n    node_venv_lib_python3_12_site-packages_PyQt6_Qt6_qml_QtQuick --> node_venv_lib_python3_12_site-packages_PyQt6_Qt6_qml_QtQuick_Controls["Controls"]\n    node_venv_lib_python3_12_site-packages_PyQt6_Qt6_qml_QtQuick_Controls --> node_venv_lib_python3_12_site-packages_PyQt6_Qt6_qml_QtQuick_Controls_iOS["iOS"]\n    node_venv_lib_python3_12_site-packages_PyQt6_Qt6_qml_QtQuick_Controls_iOS --> node_venv_lib_python3_12_site-packages_PyQt6_Qt6_qml_QtQuick_Controls_iOS_Drawer_qml["Drawer.qml"]\n    Root --> node_venv["venv"]\n    node_venv --> node_venv_lib["lib"]\n    node_venv_lib --> node_venv_lib_python3_12["python3.12"]\n    node_venv_lib_python3_12 --> node_venv_lib_python3_12_site-packages["site-packages"]\n    node_venv_lib_python3_12_site-packages --> node_venv_lib_python3_12_site-packages_PyQt6["PyQt6"]\n    node_venv_lib_python3_12_site-packages_PyQt6 --> node_venv_lib_python3_12_site-packages_PyQt6_Qt6["Qt6"]\n    node_venv_lib_python3_12_site-packages_PyQt6_Qt6 --> node_venv_lib_python3_12_site-packages_PyQt6_Qt6_qml["qml"]\n    node_venv_lib_python3_12_site-packages_PyQt6_Qt6_qml --> node_venv_lib_python3_12_site-packages_PyQt6_Qt6_qml_QtQuick["QtQuick"]\n    node_venv_lib_python3_12_site-packages_PyQt6_Qt6_qml_QtQuick --> node_venv_lib_python3_12_site-packages_PyQt6_Qt6_qml_QtQuick_Controls["Controls"]\n    node_venv_lib_python3_12_site-packages_PyQt6_Qt6_qml_QtQuick_Controls --> node_venv_lib_python3_12_site-packages_PyQt6_Qt6_qml_QtQuick_Controls_iOS["iOS"]\n    node_venv_lib_python3_12_site-packages_PyQt6_Qt6_qml_QtQuick_Controls_iOS --> node_venv_lib_python3_12_site-packages_PyQt6_Qt6_qml_QtQuick_Controls_iOS_Frame_qml["Frame.qml"]\n    Root --> node_venv["venv"]\n    node_venv --> node_venv_lib["lib"]\n    node_venv_lib --> node_venv_lib_python3_12["python3.12"]\n    node_venv_lib_python3_12 --> node_venv_lib_python3_12_site-packages["site-packages"]\n    node_venv_lib_python3_12_site-packages --> node_venv_lib_python3_12_site-packages_PyQt6["PyQt6"]\n    node_venv_lib_python3_12_site-packages_PyQt6 --> node_venv_lib_python3_12_site-packages_PyQt6_Qt6["Qt6"]\n    node_venv_lib_python3_12_site-packages_PyQt6_Qt6 --> node_venv_lib_python3_12_site-packages_PyQt6_Qt6_qml["qml"]\n    node_venv_lib_python3_12_site-packages_PyQt6_Qt6_qml --> node_venv_lib_python3_12_site-packages_PyQt6_Qt6_qml_QtQuick["QtQuick"]\n    node_venv_lib_python3_12_site-packages_PyQt6_Qt6_qml_QtQuick --> node_venv_lib_python3_12_site-packages_PyQt6_Qt6_qml_QtQuick_Controls["Controls"]\n    node_venv_lib_python3_12_site-packages_PyQt6_Qt6_qml_QtQuick_Controls --> node_venv_lib_python3_12_site-packages_PyQt6_Qt6_qml_QtQuick_Controls_iOS["iOS"]\n    node_venv_lib_python3_12_site-packages_PyQt6_Qt6_qml_QtQuick_Controls_iOS --> node_venv_lib_python3_12_site-packages_PyQt6_Qt6_qml_QtQuick_Controls_iOS_GroupBox_qml["GroupBox.qml"]\n    Root --> node_venv["venv"]\n    node_venv --> node_venv_lib["lib"]\n    node_venv_lib --> node_venv_lib_python3_12["python3.12"]\n    node_venv_lib_python3_12 --> node_venv_lib_python3_12_site-packages["site-packages"]\n    node_venv_lib_python3_12_site-packages --> node_venv_lib_python3_12_site-packages_PyQt6["PyQt6"]\n    node_venv_lib_python3_12_site-packages_PyQt6 --> node_venv_lib_python3_12_site-packages_PyQt6_Qt6["Qt6"]\n    node_venv_lib_python3_12_site-packages_PyQt6_Qt6 --> node_venv_lib_python3_12_site-packages_PyQt6_Qt6_qml["qml"]\n    node_venv_lib_python3_12_site-packages_PyQt6_Qt6_qml --> node_venv_lib_python3_12_site-packages_PyQt6_Qt6_qml_QtQuick["QtQuick"]\n    node_venv_lib_python3_12_site-packages_PyQt6_Qt6_qml_QtQuick --> node_venv_lib_python3_12_site-packages_PyQt6_Qt6_qml_QtQuick_Controls["Controls"]\n    node_venv_lib_python3_12_site-packages_PyQt6_Qt6_qml_QtQuick_Controls --> node_venv_lib_python3_12_site-packages_PyQt6_Qt6_qml_QtQuick_Controls_iOS["iOS"]\n    node_venv_lib_python3_12_site-packages_PyQt6_Qt6_qml_QtQuick_Controls_iOS --> node_venv_lib_python3_12_site-packages_PyQt6_Qt6_qml_QtQuick_Controls_iOS_HorizontalHeaderView_qml["HorizontalHeaderView.qml"]\n    Root --> node_venv["venv"]\n    node_venv --> node_venv_lib["lib"]\n    node_venv_lib --> node_venv_lib_python3_12["python3.12"]\n    node_venv_lib_python3_12 --> node_venv_lib_python3_12_site-packages["site-packages"]\n    node_venv_lib_python3_12_site-packages --> node_venv_lib_python3_12_site-packages_PyQt6["PyQt6"]\n    node_venv_lib_python3_12_site-packages_PyQt6 --> node_venv_lib_python3_12_site-packages_PyQt6_Qt6["Qt6"]\n    node_venv_lib_python3_12_site-packages_PyQt6_Qt6 --> node_venv_lib_python3_12_site-packages_PyQt6_Qt6_qml["qml"]\n    node_venv_lib_python3_12_site-packages_PyQt6_Qt6_qml --> node_venv_lib_python3_12_site-packages_PyQt6_Qt6_qml_QtQuick["QtQuick"]\n    node_venv_lib_python3_12_site-packages_PyQt6_Qt6_qml_QtQuick --> node_venv_lib_python3_12_site-packages_PyQt6_Qt6_qml_QtQuick_Controls["Controls"]\n    node_venv_lib_python3_12_site-packages_PyQt6_Qt6_qml_QtQuick_Controls --> node_venv_lib_python3_12_site-packages_PyQt6_Qt6_qml_QtQuick_Controls_iOS["iOS"]\n    node_venv_lib_python3_12_site-packages_PyQt6_Qt6_qml_QtQuick_Controls_iOS --> node_venv_lib_python3_12_site-packages_PyQt6_Qt6_qml_QtQuick_Controls_iOS_HorizontalHeaderViewDelegate_qml["HorizontalHeaderViewDelegate.qml"]\n    Root --> node_venv["venv"]\n    node_venv --> node_venv_lib["lib"]\n    node_venv_lib --> node_venv_lib_python3_12["python3.12"]\n    node_venv_lib_python3_12 --> node_venv_lib_python3_12_site-packages["site-packages"]\n    node_venv_lib_python3_12_site-packages --> node_venv_lib_python3_12_site-packages_PyQt6["PyQt6"]\n    node_venv_lib_python3_12_site-packages_PyQt6 --> node_venv_lib_python3_12_site-packages_PyQt6_Qt6["Qt6"]\n    node_venv_lib_python3_12_site-packages_PyQt6_Qt6 --> node_venv_lib_python3_12_site-packages_PyQt6_Qt6_qml["qml"]\n    node_venv_lib_python3_12_site-packages_PyQt6_Qt6_qml --> node_venv_lib_python3_12_site-packages_PyQt6_Qt6_qml_QtQuick["QtQuick"]\n    node_venv_lib_python3_12_site-packages_PyQt6_Qt6_qml_QtQuick --> node_venv_lib_python3_12_site-packages_PyQt6_Qt6_qml_QtQuick_Controls["Controls"]\n    node_venv_lib_python3_12_site-packages_PyQt6_Qt6_qml_QtQuick_Controls --> node_venv_lib_python3_12_site-packages_PyQt6_Qt6_qml_QtQuick_Controls_iOS["iOS"]\n    node_venv_lib_python3_12_site-packages_PyQt6_Qt6_qml_QtQuick_Controls_iOS --> node_venv_lib_python3_12_site-packages_PyQt6_Qt6_qml_QtQuick_Controls_iOS_ItemDelegate_qml["ItemDelegate.qml"]\n    Root --> node_venv["venv"]\n    node_venv --> node_venv_lib["lib"]\n    node_venv_lib --> node_venv_lib_python3_12["python3.12"]\n    node_venv_lib_python3_12 --> node_venv_lib_python3_12_site-packages["site-packages"]\n    node_venv_lib_python3_12_site-packages --> node_venv_lib_python3_12_site-packages_PyQt6["PyQt6"]\n    node_venv_lib_python3_12_site-packages_PyQt6 --> node_venv_lib_python3_12_site-packages_PyQt6_Qt6["Qt6"]\n    node_venv_lib_python3_12_site-packages_PyQt6_Qt6 --> node_venv_lib_python3_12_site-packages_PyQt6_Qt6_qml["qml"]\n    node_venv_lib_python3_12_site-packages_PyQt6_Qt6_qml --> node_venv_lib_python3_12_site-packages_PyQt6_Qt6_qml_QtQuick["QtQuick"]\n    node_venv_lib_python3_12_site-packages_PyQt6_Qt6_qml_QtQuick --> node_venv_lib_python3_12_site-packages_PyQt6_Qt6_qml_QtQuick_Controls["Controls"]\n    node_venv_lib_python3_12_site-packages_PyQt6_Qt6_qml_QtQuick_Controls --> node_venv_lib_python3_12_site-packages_PyQt6_Qt6_qml_QtQuick_Controls_iOS["iOS"]\n    node_venv_lib_python3_12_site-packages_PyQt6_Qt6_qml_QtQuick_Controls_iOS --> node_venv_lib_python3_12_site-packages_PyQt6_Qt6_qml_QtQuick_Controls_iOS_Menu_qml["Menu.qml"]\n    Root --> node_venv["venv"]\n    node_venv --> node_venv_lib["lib"]\n    node_venv_lib --> node_venv_lib_python3_12["python3.12"]\n    node_venv_lib_python3_12 --> node_venv_lib_python3_12_site-packages["site-packages"]\n    node_venv_lib_python3_12_site-packages --> node_venv_lib_python3_12_site-packages_PyQt6["PyQt6"]\n    node_venv_lib_python3_12_site-packages_PyQt6 --> node_venv_lib_python3_12_site-packages_PyQt6_Qt6["Qt6"]\n    node_venv_lib_python3_12_site-packages_PyQt6_Qt6 --> node_venv_lib_python3_12_site-packages_PyQt6_Qt6_qml["qml"]\n    node_venv_lib_python3_12_site-packages_PyQt6_Qt6_qml --> node_venv_lib_python3_12_site-packages_PyQt6_Qt6_qml_QtQuick["QtQuick"]\n    node_venv_lib_python3_12_site-packages_PyQt6_Qt6_qml_QtQuick --> node_venv_lib_python3_12_site-packages_PyQt6_Qt6_qml_QtQuick_Controls["Controls"]\n    node_venv_lib_python3_12_site-packages_PyQt6_Qt6_qml_QtQuick_Controls --> node_venv_lib_python3_12_site-packages_PyQt6_Qt6_qml_QtQuick_Controls_iOS["iOS"]\n    node_venv_lib_python3_12_site-packages_PyQt6_Qt6_qml_QtQuick_Controls_iOS --> node_venv_lib_python3_12_site-packages_PyQt6_Qt6_qml_QtQuick_Controls_iOS_MenuBar_qml["MenuBar.qml"]\n    Root --> node_venv["venv"]\n    node_venv --> node_venv_lib["lib"]\n    node_venv_lib --> node_venv_lib_python3_12["python3.12"]\n    node_venv_lib_python3_12 --> node_venv_lib_python3_12_site-packages["site-packages"]\n    node_venv_lib_python3_12_site-packages --> node_venv_lib_python3_12_site-packages_PyQt6["PyQt6"]\n    node_venv_lib_python3_12_site-packages_PyQt6 --> node_venv_lib_python3_12_site-packages_PyQt6_Qt6["Qt6"]\n    node_venv_lib_python3_12_site-packages_PyQt6_Qt6 --> node_venv_lib_python3_12_site-packages_PyQt6_Qt6_qml["qml"]\n    node_venv_lib_python3_12_site-packages_PyQt6_Qt6_qml --> node_venv_lib_python3_12_site-packages_PyQt6_Qt6_qml_QtQuick["QtQuick"]\n    node_venv_lib_python3_12_site-packages_PyQt6_Qt6_qml_QtQuick --> node_venv_lib_python3_12_site-packages_PyQt6_Qt6_qml_QtQuick_Controls["Controls"]\n    node_venv_lib_python3_12_site-packages_PyQt6_Qt6_qml_QtQuick_Controls --> node_venv_lib_python3_12_site-packages_PyQt6_Qt6_qml_QtQuick_Controls_iOS["iOS"]\n    node_venv_lib_python3_12_site-packages_PyQt6_Qt6_qml_QtQuick_Controls_iOS --> node_venv_lib_python3_12_site-packages_PyQt6_Qt6_qml_QtQuick_Controls_iOS_MenuBarItem_qml["MenuBarItem.qml"]\n    Root --> node_venv["venv"]\n    node_venv --> node_venv_lib["lib"]\n    node_venv_lib --> node_venv_lib_python3_12["python3.12"]\n    node_venv_lib_python3_12 --> node_venv_lib_python3_12_site-packages["site-packages"]\n    node_venv_lib_python3_12_site-packages --> node_venv_lib_python3_12_site-packages_PyQt6["PyQt6"]\n    node_venv_lib_python3_12_site-packages_PyQt6 --> node_venv_lib_python3_12_site-packages_PyQt6_Qt6["Qt6"]\n    node_venv_lib_python3_12_site-packages_PyQt6_Qt6 --> node_venv_lib_python3_12_site-packages_PyQt6_Qt6_qml["qml"]\n    node_venv_lib_python3_12_site-packages_PyQt6_Qt6_qml --> node_venv_lib_python3_12_site-packages_PyQt6_Qt6_qml_QtQuick["QtQuick"]\n    node_venv_lib_python3_12_site-packages_PyQt6_Qt6_qml_QtQuick --> node_venv_lib_python3_12_site-packages_PyQt6_Qt6_qml_QtQuick_Controls["Controls"]\n    node_venv_lib_python3_12_site-packages_PyQt6_Qt6_qml_QtQuick_Controls --> node_venv_lib_python3_12_site-packages_PyQt6_Qt6_qml_QtQuick_Controls_iOS["iOS"]\n    node_venv_lib_python3_12_site-packages_PyQt6_Qt6_qml_QtQuick_Controls_iOS --> node_venv_lib_python3_12_site-packages_PyQt6_Qt6_qml_QtQuick_Controls_iOS_MenuItem_qml["MenuItem.qml"]\n    Root --> node_venv["venv"]\n    node_venv --> node_venv_lib["lib"]\n    node_venv_lib --> node_venv_lib_python3_12["python3.12"]\n    node_venv_lib_python3_12 --> node_venv_lib_python3_12_site-packages["site-packages"]\n    node_venv_lib_python3_12_site-packages --> node_venv_lib_python3_12_site-packages_PyQt6["PyQt6"]\n    node_venv_lib_python3_12_site-packages_PyQt6 --> node_venv_lib_python3_12_site-packages_PyQt6_Qt6["Qt6"]\n    node_venv_lib_python3_12_site-packages_PyQt6_Qt6 --> node_venv_lib_python3_12_site-packages_PyQt6_Qt6_qml["qml"]\n    node_venv_lib_python3_12_site-packages_PyQt6_Qt6_qml --> node_venv_lib_python3_12_site-packages_PyQt6_Qt6_qml_QtQuick["QtQuick"]\n    node_venv_lib_python3_12_site-packages_PyQt6_Qt6_qml_QtQuick --> node_venv_lib_python3_12_site-packages_PyQt6_Qt6_qml_QtQuick_Controls["Controls"]\n    node_venv_lib_python3_12_site-packages_PyQt6_Qt6_qml_QtQuick_Controls --> node_venv_lib_python3_12_site-packages_PyQt6_Qt6_qml_QtQuick_Controls_iOS["iOS"]\n    node_venv_lib_python3_12_site-packages_PyQt6_Qt6_qml_QtQuick_Controls_iOS --> node_venv_lib_python3_12_site-packages_PyQt6_Qt6_qml_QtQuick_Controls_iOS_MenuSeparator_qml["MenuSeparator.qml"]\n    Root --> node_venv["venv"]\n    node_venv --> node_venv_lib["lib"]\n    node_venv_lib --> node_venv_lib_python3_12["python3.12"]\n    node_venv_lib_python3_12 --> node_venv_lib_python3_12_site-packages["site-packages"]\n    node_venv_lib_python3_12_site-packages --> node_venv_lib_python3_12_site-packages_PyQt6["PyQt6"]\n    node_venv_lib_python3_12_site-packages_PyQt6 --> node_venv_lib_python3_12_site-packages_PyQt6_Qt6["Qt6"]\n    node_venv_lib_python3_12_site-packages_PyQt6_Qt6 --> node_venv_lib_python3_12_site-packages_PyQt6_Qt6_qml["qml"]\n    node_venv_lib_python3_12_site-packages_PyQt6_Qt6_qml --> node_venv_lib_python3_12_site-packages_PyQt6_Qt6_qml_QtQuick["QtQuick"]\n    node_venv_lib_python3_12_site-packages_PyQt6_Qt6_qml_QtQuick --> node_venv_lib_python3_12_site-packages_PyQt6_Qt6_qml_QtQuick_Controls["Controls"]\n    node_venv_lib_python3_12_site-packages_PyQt6_Qt6_qml_QtQuick_Controls --> node_venv_lib_python3_12_site-packages_PyQt6_Qt6_qml_QtQuick_Controls_iOS["iOS"]\n    node_venv_lib_python3_12_site-packages_PyQt6_Qt6_qml_QtQuick_Controls_iOS --> node_venv_lib_python3_12_site-packages_PyQt6_Qt6_qml_QtQuick_Controls_iOS_PageIndicator_qml["PageIndicator.qml"]\n    Root --> node_venv["venv"]\n    node_venv --> node_venv_lib["lib"]\n    node_venv_lib --> node_venv_lib_python3_12["python3.12"]\n    node_venv_lib_python3_12 --> node_venv_lib_python3_12_site-packages["site-packages"]\n    node_venv_lib_python3_12_site-packages --> node_venv_lib_python3_12_site-packages_PyQt6["PyQt6"]\n    node_venv_lib_python3_12_site-packages_PyQt6 --> node_venv_lib_python3_12_site-packages_PyQt6_Qt6["Qt6"]\n    node_venv_lib_python3_12_site-packages_PyQt6_Qt6 --> node_venv_lib_python3_12_site-packages_PyQt6_Qt6_qml["qml"]\n    node_venv_lib_python3_12_site-packages_PyQt6_Qt6_qml --> node_venv_lib_python3_12_site-packages_PyQt6_Qt6_qml_QtQuick["QtQuick"]\n    node_venv_lib_python3_12_site-packages_PyQt6_Qt6_qml_QtQuick --> node_venv_lib_python3_12_site-packages_PyQt6_Qt6_qml_QtQuick_Controls["Controls"]\n    node_venv_lib_python3_12_site-packages_PyQt6_Qt6_qml_QtQuick_Controls --> node_venv_lib_python3_12_site-packages_PyQt6_Qt6_qml_QtQuick_Controls_iOS["iOS"]\n    node_venv_lib_python3_12_site-packages_PyQt6_Qt6_qml_QtQuick_Controls_iOS --> node_venv_lib_python3_12_site-packages_PyQt6_Qt6_qml_QtQuick_Controls_iOS_Popup_qml["Popup.qml"]\n    Root --> node_venv["venv"]\n    node_venv --> node_venv_lib["lib"]\n    node_venv_lib --> node_venv_lib_python3_12["python3.12"]\n    node_venv_lib_python3_12 --> node_venv_lib_python3_12_site-packages["site-packages"]\n    node_venv_lib_python3_12_site-packages --> node_venv_lib_python3_12_site-packages_PyQt6["PyQt6"]\n    node_venv_lib_python3_12_site-packages_PyQt6 --> node_venv_lib_python3_12_site-packages_PyQt6_Qt6["Qt6"]\n    node_venv_lib_python3_12_site-packages_PyQt6_Qt6 --> node_venv_lib_python3_12_site-packages_PyQt6_Qt6_qml["qml"]\n    node_venv_lib_python3_12_site-packages_PyQt6_Qt6_qml --> node_venv_lib_python3_12_site-packages_PyQt6_Qt6_qml_QtQuick["QtQuick"]\n    node_venv_lib_python3_12_site-packages_PyQt6_Qt6_qml_QtQuick --> node_venv_lib_python3_12_site-packages_PyQt6_Qt6_qml_QtQuick_Controls["Controls"]\n    node_venv_lib_python3_12_site-packages_PyQt6_Qt6_qml_QtQuick_Controls --> node_venv_lib_python3_12_site-packages_PyQt6_Qt6_qml_QtQuick_Controls_iOS["iOS"]\n    node_venv_lib_python3_12_site-packages_PyQt6_Qt6_qml_QtQuick_Controls_iOS --> node_venv_lib_python3_12_site-packages_PyQt6_Qt6_qml_QtQuick_Controls_iOS_ProgressBar_qml["ProgressBar.qml"]\n    Root --> node_venv["venv"]\n    node_venv --> node_venv_lib["lib"]\n    node_venv_lib --> node_venv_lib_python3_12["python3.12"]\n    node_venv_lib_python3_12 --> node_venv_lib_python3_12_site-packages["site-packages"]\n    node_venv_lib_python3_12_site-packages --> node_venv_lib_python3_12_site-packages_PyQt6["PyQt6"]\n    node_venv_lib_python3_12_site-packages_PyQt6 --> node_venv_lib_python3_12_site-packages_PyQt6_Qt6["Qt6"]\n    node_venv_lib_python3_12_site-packages_PyQt6_Qt6 --> node_venv_lib_python3_12_site-packages_PyQt6_Qt6_qml["qml"]\n    node_venv_lib_python3_12_site-packages_PyQt6_Qt6_qml --> node_venv_lib_python3_12_site-packages_PyQt6_Qt6_qml_QtQuick["QtQuick"]\n    node_venv_lib_python3_12_site-packages_PyQt6_Qt6_qml_QtQuick --> node_venv_lib_python3_12_site-packages_PyQt6_Qt6_qml_QtQuick_Controls["Controls"]\n    node_venv_lib_python3_12_site-packages_PyQt6_Qt6_qml_QtQuick_Controls --> node_venv_lib_python3_12_site-packages_PyQt6_Qt6_qml_QtQuick_Controls_iOS["iOS"]\n    node_venv_lib_python3_12_site-packages_PyQt6_Qt6_qml_QtQuick_Controls_iOS --> node_venv_lib_python3_12_site-packages_PyQt6_Qt6_qml_QtQuick_Controls_iOS_RadioButton_qml["RadioButton.qml"]\n    Root --> node_venv["venv"]\n    node_venv --> node_venv_lib["lib"]\n    node_venv_lib --> node_venv_lib_python3_12["python3.12"]\n    node_venv_lib_python3_12 --> node_venv_lib_python3_12_site-packages["site-packages"]\n    node_venv_lib_python3_12_site-packages --> node_venv_lib_python3_12_site-packages_PyQt6["PyQt6"]\n    node_venv_lib_python3_12_site-packages_PyQt6 --> node_venv_lib_python3_12_site-packages_PyQt6_Qt6["Qt6"]\n    node_venv_lib_python3_12_site-packages_PyQt6_Qt6 --> node_venv_lib_python3_12_site-packages_PyQt6_Qt6_qml["qml"]\n    node_venv_lib_python3_12_site-packages_PyQt6_Qt6_qml --> node_venv_lib_python3_12_site-packages_PyQt6_Qt6_qml_QtQuick["QtQuick"]\n    node_venv_lib_python3_12_site-packages_PyQt6_Qt6_qml_QtQuick --> node_venv_lib_python3_12_site-packages_PyQt6_Qt6_qml_QtQuick_Controls["Controls"]\n    node_venv_lib_python3_12_site-packages_PyQt6_Qt6_qml_QtQuick_Controls --> node_venv_lib_python3_12_site-packages_PyQt6_Qt6_qml_QtQuick_Controls_iOS["iOS"]\n    node_venv_lib_python3_12_site-packages_PyQt6_Qt6_qml_QtQuick_Controls_iOS --> node_venv_lib_python3_12_site-packages_PyQt6_Qt6_qml_QtQuick_Controls_iOS_RadioDelegate_qml["RadioDelegate.qml"]\n    Root --> node_venv["venv"]\n    node_venv --> node_venv_lib["lib"]\n    node_venv_lib --> node_venv_lib_python3_12["python3.12"]\n    node_venv_lib_python3_12 --> node_venv_lib_python3_12_site-packages["site-packages"]\n    node_venv_lib_python3_12_site-packages --> node_venv_lib_python3_12_site-packages_PyQt6["PyQt6"]\n    node_venv_lib_python3_12_site-packages_PyQt6 --> node_venv_lib_python3_12_site-packages_PyQt6_Qt6["Qt6"]\n    node_venv_lib_python3_12_site-packages_PyQt6_Qt6 --> node_venv_lib_python3_12_site-packages_PyQt6_Qt6_qml["qml"]\n    node_venv_lib_python3_12_site-packages_PyQt6_Qt6_qml --> node_venv_lib_python3_12_site-packages_PyQt6_Qt6_qml_QtQuick["QtQuick"]\n    node_venv_lib_python3_12_site-packages_PyQt6_Qt6_qml_QtQuick --> node_venv_lib_python3_12_site-packages_PyQt6_Qt6_qml_QtQuick_Controls["Controls"]\n    node_venv_lib_python3_12_site-packages_PyQt6_Qt6_qml_QtQuick_Controls --> node_venv_lib_python3_12_site-packages_PyQt6_Qt6_qml_QtQuick_Controls_iOS["iOS"]\n    node_venv_lib_python3_12_site-packages_PyQt6_Qt6_qml_QtQuick_Controls_iOS --> node_venv_lib_python3_12_site-packages_PyQt6_Qt6_qml_QtQuick_Controls_iOS_RangeSlider_qml["RangeSlider.qml"]\n    Root --> node_venv["venv"]\n    node_venv --> node_venv_lib["lib"]\n    node_venv_lib --> node_venv_lib_python3_12["python3.12"]\n    node_venv_lib_python3_12 --> node_venv_lib_python3_12_site-packages["site-packages"]\n    node_venv_lib_python3_12_site-packages --> node_venv_lib_python3_12_site-packages_PyQt6["PyQt6"]\n    node_venv_lib_python3_12_site-packages_PyQt6 --> node_venv_lib_python3_12_site-packages_PyQt6_Qt6["Qt6"]\n    node_venv_lib_python3_12_site-packages_PyQt6_Qt6 --> node_venv_lib_python3_12_site-packages_PyQt6_Qt6_qml["qml"]\n    node_venv_lib_python3_12_site-packages_PyQt6_Qt6_qml --> node_venv_lib_python3_12_site-packages_PyQt6_Qt6_qml_QtQuick["QtQuick"]\n    node_venv_lib_python3_12_site-packages_PyQt6_Qt6_qml_QtQuick --> node_venv_lib_python3_12_site-packages_PyQt6_Qt6_qml_QtQuick_Controls["Controls"]\n    node_venv_lib_python3_12_site-packages_PyQt6_Qt6_qml_QtQuick_Controls --> node_venv_lib_python3_12_site-packages_PyQt6_Qt6_qml_QtQuick_Controls_iOS["iOS"]\n    node_venv_lib_python3_12_site-packages_PyQt6_Qt6_qml_QtQuick_Controls_iOS --> node_venv_lib_python3_12_site-packages_PyQt6_Qt6_qml_QtQuick_Controls_iOS_ScrollBar_qml["ScrollBar.qml"]\n    Root --> node_venv["venv"]\n    node_venv --> node_venv_lib["lib"]\n    node_venv_lib --> node_venv_lib_python3_12["python3.12"]\n    node_venv_lib_python3_12 --> node_venv_lib_python3_12_site-packages["site-packages"]\n    node_venv_lib_python3_12_site-packages --> node_venv_lib_python3_12_site-packages_PyQt6["PyQt6"]\n    node_venv_lib_python3_12_site-packages_PyQt6 --> node_venv_lib_python3_12_site-packages_PyQt6_Qt6["Qt6"]\n    node_venv_lib_python3_12_site-packages_PyQt6_Qt6 --> node_venv_lib_python3_12_site-packages_PyQt6_Qt6_qml["qml"]\n    node_venv_lib_python3_12_site-packages_PyQt6_Qt6_qml --> node_venv_lib_python3_12_site-packages_PyQt6_Qt6_qml_QtQuick["QtQuick"]\n    node_venv_lib_python3_12_site-packages_PyQt6_Qt6_qml_QtQuick --> node_venv_lib_python3_12_site-packages_PyQt6_Qt6_qml_QtQuick_Controls["Controls"]\n    node_venv_lib_python3_12_site-packages_PyQt6_Qt6_qml_QtQuick_Controls --> node_venv_lib_python3_12_site-packages_PyQt6_Qt6_qml_QtQuick_Controls_iOS["iOS"]\n    node_venv_lib_python3_12_site-packages_PyQt6_Qt6_qml_QtQuick_Controls_iOS --> node_venv_lib_python3_12_site-packages_PyQt6_Qt6_qml_QtQuick_Controls_iOS_ScrollIndicator_qml["ScrollIndicator.qml"]\n    Root --> node_venv["venv"]\n    node_venv --> node_venv_lib["lib"]\n    node_venv_lib --> node_venv_lib_python3_12["python3.12"]\n    node_venv_lib_python3_12 --> node_venv_lib_python3_12_site-packages["site-packages"]\n    node_venv_lib_python3_12_site-packages --> node_venv_lib_python3_12_site-packages_PyQt6["PyQt6"]\n    node_venv_lib_python3_12_site-packages_PyQt6 --> node_venv_lib_python3_12_site-packages_PyQt6_Qt6["Qt6"]\n    node_venv_lib_python3_12_site-packages_PyQt6_Qt6 --> node_venv_lib_python3_12_site-packages_PyQt6_Qt6_qml["qml"]\n    node_venv_lib_python3_12_site-packages_PyQt6_Qt6_qml --> node_venv_lib_python3_12_site-packages_PyQt6_Qt6_qml_QtQuick["QtQuick"]\n    node_venv_lib_python3_12_site-packages_PyQt6_Qt6_qml_QtQuick --> node_venv_lib_python3_12_site-packages_PyQt6_Qt6_qml_QtQuick_Controls["Controls"]\n    node_venv_lib_python3_12_site-packages_PyQt6_Qt6_qml_QtQuick_Controls --> node_venv_lib_python3_12_site-packages_PyQt6_Qt6_qml_QtQuick_Controls_iOS["iOS"]\n    node_venv_lib_python3_12_site-packages_PyQt6_Qt6_qml_QtQuick_Controls_iOS --> node_venv_lib_python3_12_site-packages_PyQt6_Qt6_qml_QtQuick_Controls_iOS_SearchField_qml["SearchField.qml"]\n    Root --> node_venv["venv"]\n    node_venv --> node_venv_lib["lib"]\n    node_venv_lib --> node_venv_lib_python3_12["python3.12"]\n    node_venv_lib_python3_12 --> node_venv_lib_python3_12_site-packages["site-packages"]\n    node_venv_lib_python3_12_site-packages --> node_venv_lib_python3_12_site-packages_PyQt6["PyQt6"]\n    node_venv_lib_python3_12_site-packages_PyQt6 --> node_venv_lib_python3_12_site-packages_PyQt6_Qt6["Qt6"]\n    node_venv_lib_python3_12_site-packages_PyQt6_Qt6 --> node_venv_lib_python3_12_site-packages_PyQt6_Qt6_qml["qml"]\n    node_venv_lib_python3_12_site-packages_PyQt6_Qt6_qml --> node_venv_lib_python3_12_site-packages_PyQt6_Qt6_qml_QtQuick["QtQuick"]\n    node_venv_lib_python3_12_site-packages_PyQt6_Qt6_qml_QtQuick --> node_venv_lib_python3_12_site-packages_PyQt6_Qt6_qml_QtQuick_Controls["Controls"]\n    node_venv_lib_python3_12_site-packages_PyQt6_Qt6_qml_QtQuick_Controls --> node_venv_lib_python3_12_site-packages_PyQt6_Qt6_qml_QtQuick_Controls_iOS["iOS"]\n    node_venv_lib_python3_12_site-packages_PyQt6_Qt6_qml_QtQuick_Controls_iOS --> node_venv_lib_python3_12_site-packages_PyQt6_Qt6_qml_QtQuick_Controls_iOS_SelectionRectangle_qml["SelectionRectangle.qml"]\n    Root --> node_venv["venv"]\n    node_venv --> node_venv_lib["lib"]\n    node_venv_lib --> node_venv_lib_python3_12["python3.12"]\n    node_venv_lib_python3_12 --> node_venv_lib_python3_12_site-packages["site-packages"]\n    node_venv_lib_python3_12_site-packages --> node_venv_lib_python3_12_site-packages_PyQt6["PyQt6"]\n    node_venv_lib_python3_12_site-packages_PyQt6 --> node_venv_lib_python3_12_site-packages_PyQt6_Qt6["Qt6"]\n    node_venv_lib_python3_12_site-packages_PyQt6_Qt6 --> node_venv_lib_python3_12_site-packages_PyQt6_Qt6_qml["qml"]\n    node_venv_lib_python3_12_site-packages_PyQt6_Qt6_qml --> node_venv_lib_python3_12_site-packages_PyQt6_Qt6_qml_QtQuick["QtQuick"]\n    node_venv_lib_python3_12_site-packages_PyQt6_Qt6_qml_QtQuick --> node_venv_lib_python3_12_site-packages_PyQt6_Qt6_qml_QtQuick_Controls["Controls"]\n    node_venv_lib_python3_12_site-packages_PyQt6_Qt6_qml_QtQuick_Controls --> node_venv_lib_python3_12_site-packages_PyQt6_Qt6_qml_QtQuick_Controls_iOS["iOS"]\n    node_venv_lib_python3_12_site-packages_PyQt6_Qt6_qml_QtQuick_Controls_iOS --> node_venv_lib_python3_12_site-packages_PyQt6_Qt6_qml_QtQuick_Controls_iOS_Slider_qml["Slider.qml"]\n    Root --> node_venv["venv"]\n    node_venv --> node_venv_lib["lib"]\n    node_venv_lib --> node_venv_lib_python3_12["python3.12"]\n    node_venv_lib_python3_12 --> node_venv_lib_python3_12_site-packages["site-packages"]\n    node_venv_lib_python3_12_site-packages --> node_venv_lib_python3_12_site-packages_PyQt6["PyQt6"]\n    node_venv_lib_python3_12_site-packages_PyQt6 --> node_venv_lib_python3_12_site-packages_PyQt6_Qt6["Qt6"]\n    node_venv_lib_python3_12_site-packages_PyQt6_Qt6 --> node_venv_lib_python3_12_site-packages_PyQt6_Qt6_qml["qml"]\n    node_venv_lib_python3_12_site-packages_PyQt6_Qt6_qml --> node_venv_lib_python3_12_site-packages_PyQt6_Qt6_qml_QtQuick["QtQuick"]\n    node_venv_lib_python3_12_site-packages_PyQt6_Qt6_qml_QtQuick --> node_venv_lib_python3_12_site-packages_PyQt6_Qt6_qml_QtQuick_Controls["Controls"]\n    node_venv_lib_python3_12_site-packages_PyQt6_Qt6_qml_QtQuick_Controls --> node_venv_lib_python3_12_site-packages_PyQt6_Qt6_qml_QtQuick_Controls_iOS["iOS"]\n    node_venv_lib_python3_12_site-packages_PyQt6_Qt6_qml_QtQuick_Controls_iOS --> node_venv_lib_python3_12_site-packages_PyQt6_Qt6_qml_QtQuick_Controls_iOS_SpinBox_qml["SpinBox.qml"]\n    Root --> node_venv["venv"]\n    node_venv --> node_venv_lib["lib"]\n    node_venv_lib --> node_venv_lib_python3_12["python3.12"]\n    node_venv_lib_python3_12 --> node_venv_lib_python3_12_site-packages["site-packages"]\n    node_venv_lib_python3_12_site-packages --> node_venv_lib_python3_12_site-packages_PyQt6["PyQt6"]\n    node_venv_lib_python3_12_site-packages_PyQt6 --> node_venv_lib_python3_12_site-packages_PyQt6_Qt6["Qt6"]\n    node_venv_lib_python3_12_site-packages_PyQt6_Qt6 --> node_venv_lib_python3_12_site-packages_PyQt6_Qt6_qml["qml"]\n    node_venv_lib_python3_12_site-packages_PyQt6_Qt6_qml --> node_venv_lib_python3_12_site-packages_PyQt6_Qt6_qml_QtQuick["QtQuick"]\n    node_venv_lib_python3_12_site-packages_PyQt6_Qt6_qml_QtQuick --> node_venv_lib_python3_12_site-packages_PyQt6_Qt6_qml_QtQuick_Controls["Controls"]\n    node_venv_lib_python3_12_site-packages_PyQt6_Qt6_qml_QtQuick_Controls --> node_venv_lib_python3_12_site-packages_PyQt6_Qt6_qml_QtQuick_Controls_iOS["iOS"]\n    node_venv_lib_python3_12_site-packages_PyQt6_Qt6_qml_QtQuick_Controls_iOS --> node_venv_lib_python3_12_site-packages_PyQt6_Qt6_qml_QtQuick_Controls_iOS_SplitView_qml["SplitView.qml"]\n    Root --> node_venv["venv"]\n    node_venv --> node_venv_lib["lib"]\n    node_venv_lib --> node_venv_lib_python3_12["python3.12"]\n    node_venv_lib_python3_12 --> node_venv_lib_python3_12_site-packages["site-packages"]\n    node_venv_lib_python3_12_site-packages --> node_venv_lib_python3_12_site-packages_PyQt6["PyQt6"]\n    node_venv_lib_python3_12_site-packages_PyQt6 --> node_venv_lib_python3_12_site-packages_PyQt6_Qt6["Qt6"]\n    node_venv_lib_python3_12_site-packages_PyQt6_Qt6 --> node_venv_lib_python3_12_site-packages_PyQt6_Qt6_qml["qml"]\n    node_venv_lib_python3_12_site-packages_PyQt6_Qt6_qml --> node_venv_lib_python3_12_site-packages_PyQt6_Qt6_qml_QtQuick["QtQuick"]\n    node_venv_lib_python3_12_site-packages_PyQt6_Qt6_qml_QtQuick --> node_venv_lib_python3_12_site-packages_PyQt6_Qt6_qml_QtQuick_Controls["Controls"]\n    node_venv_lib_python3_12_site-packages_PyQt6_Qt6_qml_QtQuick_Controls --> node_venv_lib_python3_12_site-packages_PyQt6_Qt6_qml_QtQuick_Controls_iOS["iOS"]\n    node_venv_lib_python3_12_site-packages_PyQt6_Qt6_qml_QtQuick_Controls_iOS --> node_venv_lib_python3_12_site-packages_PyQt6_Qt6_qml_QtQuick_Controls_iOS_StackView_qml["StackView.qml"]\n    Root --> node_venv["venv"]\n    node_venv --> node_venv_lib["lib"]\n    node_venv_lib --> node_venv_lib_python3_12["python3.12"]\n    node_venv_lib_python3_12 --> node_venv_lib_python3_12_site-packages["site-packages"]\n    node_venv_lib_python3_12_site-packages --> node_venv_lib_python3_12_site-packages_PyQt6["PyQt6"]\n    node_venv_lib_python3_12_site-packages_PyQt6 --> node_venv_lib_python3_12_site-packages_PyQt6_Qt6["Qt6"]\n    node_venv_lib_python3_12_site-packages_PyQt6_Qt6 --> node_venv_lib_python3_12_site-packages_PyQt6_Qt6_qml["qml"]\n    node_venv_lib_python3_12_site-packages_PyQt6_Qt6_qml --> node_venv_lib_python3_12_site-packages_PyQt6_Qt6_qml_QtQuick["QtQuick"]\n    node_venv_lib_python3_12_site-packages_PyQt6_Qt6_qml_QtQuick --> node_venv_lib_python3_12_site-packages_PyQt6_Qt6_qml_QtQuick_Controls["Controls"]\n    node_venv_lib_python3_12_site-packages_PyQt6_Qt6_qml_QtQuick_Controls --> node_venv_lib_python3_12_site-packages_PyQt6_Qt6_qml_QtQuick_Controls_iOS["iOS"]\n    node_venv_lib_python3_12_site-packages_PyQt6_Qt6_qml_QtQuick_Controls_iOS --> node_venv_lib_python3_12_site-packages_PyQt6_Qt6_qml_QtQuick_Controls_iOS_SwipeDelegate_qml["SwipeDelegate.qml"]\n    Root --> node_venv["venv"]\n    node_venv --> node_venv_lib["lib"]\n    node_venv_lib --> node_venv_lib_python3_12["python3.12"]\n    node_venv_lib_python3_12 --> node_venv_lib_python3_12_site-packages["site-packages"]\n    node_venv_lib_python3_12_site-packages --> node_venv_lib_python3_12_site-packages_PyQt6["PyQt6"]\n    node_venv_lib_python3_12_site-packages_PyQt6 --> node_venv_lib_python3_12_site-packages_PyQt6_Qt6["Qt6"]\n    node_venv_lib_python3_12_site-packages_PyQt6_Qt6 --> node_venv_lib_python3_12_site-packages_PyQt6_Qt6_qml["qml"]\n    node_venv_lib_python3_12_site-packages_PyQt6_Qt6_qml --> node_venv_lib_python3_12_site-packages_PyQt6_Qt6_qml_QtQuick["QtQuick"]\n    node_venv_lib_python3_12_site-packages_PyQt6_Qt6_qml_QtQuick --> node_venv_lib_python3_12_site-packages_PyQt6_Qt6_qml_QtQuick_Controls["Controls"]\n    node_venv_lib_python3_12_site-packages_PyQt6_Qt6_qml_QtQuick_Controls --> node_venv_lib_python3_12_site-packages_PyQt6_Qt6_qml_QtQuick_Controls_iOS["iOS"]\n    node_venv_lib_python3_12_site-packages_PyQt6_Qt6_qml_QtQuick_Controls_iOS --> node_venv_lib_python3_12_site-packages_PyQt6_Qt6_qml_QtQuick_Controls_iOS_Switch_qml["Switch.qml"]\n    Root --> node_venv["venv"]\n    node_venv --> node_venv_lib["lib"]\n    node_venv_lib --> node_venv_lib_python3_12["python3.12"]\n    node_venv_lib_python3_12 --> node_venv_lib_python3_12_site-packages["site-packages"]\n    node_venv_lib_python3_12_site-packages --> node_venv_lib_python3_12_site-packages_PyQt6["PyQt6"]\n    node_venv_lib_python3_12_site-packages_PyQt6 --> node_venv_lib_python3_12_site-packages_PyQt6_Qt6["Qt6"]\n    node_venv_lib_python3_12_site-packages_PyQt6_Qt6 --> node_venv_lib_python3_12_site-packages_PyQt6_Qt6_qml["qml"]\n    node_venv_lib_python3_12_site-packages_PyQt6_Qt6_qml --> node_venv_lib_python3_12_site-packages_PyQt6_Qt6_qml_QtQuick["QtQuick"]\n    node_venv_lib_python3_12_site-packages_PyQt6_Qt6_qml_QtQuick --> node_venv_lib_python3_12_site-packages_PyQt6_Qt6_qml_QtQuick_Controls["Controls"]\n    node_venv_lib_python3_12_site-packages_PyQt6_Qt6_qml_QtQuick_Controls --> node_venv_lib_python3_12_site-packages_PyQt6_Qt6_qml_QtQuick_Controls_iOS["iOS"]\n    node_venv_lib_python3_12_site-packages_PyQt6_Qt6_qml_QtQuick_Controls_iOS --> node_venv_lib_python3_12_site-packages_PyQt6_Qt6_qml_QtQuick_Controls_iOS_SwitchDelegate_qml["SwitchDelegate.qml"]\n    Root --> node_venv["venv"]\n    node_venv --> node_venv_lib["lib"]\n    node_venv_lib --> node_venv_lib_python3_12["python3.12"]\n    node_venv_lib_python3_12 --> node_venv_lib_python3_12_site-packages["site-packages"]\n    node_venv_lib_python3_12_site-packages --> node_venv_lib_python3_12_site-packages_PyQt6["PyQt6"]\n    node_venv_lib_python3_12_site-packages_PyQt6 --> node_venv_lib_python3_12_site-packages_PyQt6_Qt6["Qt6"]\n    node_venv_lib_python3_12_site-packages_PyQt6_Qt6 --> node_venv_lib_python3_12_site-packages_PyQt6_Qt6_qml["qml"]\n    node_venv_lib_python3_12_site-packages_PyQt6_Qt6_qml --> node_venv_lib_python3_12_site-packages_PyQt6_Qt6_qml_QtQuick["QtQuick"]\n    node_venv_lib_python3_12_site-packages_PyQt6_Qt6_qml_QtQuick --> node_venv_lib_python3_12_site-packages_PyQt6_Qt6_qml_QtQuick_Controls["Controls"]\n    node_venv_lib_python3_12_site-packages_PyQt6_Qt6_qml_QtQuick_Controls --> node_venv_lib_python3_12_site-packages_PyQt6_Qt6_qml_QtQuick_Controls_iOS["iOS"]\n    node_venv_lib_python3_12_site-packages_PyQt6_Qt6_qml_QtQuick_Controls_iOS --> node_venv_lib_python3_12_site-packages_PyQt6_Qt6_qml_QtQuick_Controls_iOS_TabBar_qml["TabBar.qml"]\n    Root --> node_venv["venv"]\n    node_venv --> node_venv_lib["lib"]\n    node_venv_lib --> node_venv_lib_python3_12["python3.12"]\n    node_venv_lib_python3_12 --> node_venv_lib_python3_12_site-packages["site-packages"]\n    node_venv_lib_python3_12_site-packages --> node_venv_lib_python3_12_site-packages_PyQt6["PyQt6"]\n    node_venv_lib_python3_12_site-packages_PyQt6 --> node_venv_lib_python3_12_site-packages_PyQt6_Qt6["Qt6"]\n    node_venv_lib_python3_12_site-packages_PyQt6_Qt6 --> node_venv_lib_python3_12_site-packages_PyQt6_Qt6_qml["qml"]\n    node_venv_lib_python3_12_site-packages_PyQt6_Qt6_qml --> node_venv_lib_python3_12_site-packages_PyQt6_Qt6_qml_QtQuick["QtQuick"]\n    node_venv_lib_python3_12_site-packages_PyQt6_Qt6_qml_QtQuick --> node_venv_lib_python3_12_site-packages_PyQt6_Qt6_qml_QtQuick_Controls["Controls"]\n    node_venv_lib_python3_12_site-packages_PyQt6_Qt6_qml_QtQuick_Controls --> node_venv_lib_python3_12_site-packages_PyQt6_Qt6_qml_QtQuick_Controls_iOS["iOS"]\n    node_venv_lib_python3_12_site-packages_PyQt6_Qt6_qml_QtQuick_Controls_iOS --> node_venv_lib_python3_12_site-packages_PyQt6_Qt6_qml_QtQuick_Controls_iOS_TabButton_qml["TabButton.qml"]\n    Root --> node_venv["venv"]\n    node_venv --> node_venv_lib["lib"]\n    node_venv_lib --> node_venv_lib_python3_12["python3.12"]\n    node_venv_lib_python3_12 --> node_venv_lib_python3_12_site-packages["site-packages"]\n    node_venv_lib_python3_12_site-packages --> node_venv_lib_python3_12_site-packages_PyQt6["PyQt6"]\n    node_venv_lib_python3_12_site-packages_PyQt6 --> node_venv_lib_python3_12_site-packages_PyQt6_Qt6["Qt6"]\n    node_venv_lib_python3_12_site-packages_PyQt6_Qt6 --> node_venv_lib_python3_12_site-packages_PyQt6_Qt6_qml["qml"]\n    node_venv_lib_python3_12_site-packages_PyQt6_Qt6_qml --> node_venv_lib_python3_12_site-packages_PyQt6_Qt6_qml_QtQuick["QtQuick"]\n    node_venv_lib_python3_12_site-packages_PyQt6_Qt6_qml_QtQuick --> node_venv_lib_python3_12_site-packages_PyQt6_Qt6_qml_QtQuick_Controls["Controls"]\n    node_venv_lib_python3_12_site-packages_PyQt6_Qt6_qml_QtQuick_Controls --> node_venv_lib_python3_12_site-packages_PyQt6_Qt6_qml_QtQuick_Controls_iOS["iOS"]\n    node_venv_lib_python3_12_site-packages_PyQt6_Qt6_qml_QtQuick_Controls_iOS --> node_venv_lib_python3_12_site-packages_PyQt6_Qt6_qml_QtQuick_Controls_iOS_TextArea_qml["TextArea.qml"]\n    Root --> node_venv["venv"]\n    node_venv --> node_venv_lib["lib"]\n    node_venv_lib --> node_venv_lib_python3_12["python3.12"]\n    node_venv_lib_python3_12 --> node_venv_lib_python3_12_site-packages["site-packages"]\n    node_venv_lib_python3_12_site-packages --> node_venv_lib_python3_12_site-packages_PyQt6["PyQt6"]\n    node_venv_lib_python3_12_site-packages_PyQt6 --> node_venv_lib_python3_12_site-packages_PyQt6_Qt6["Qt6"]\n    node_venv_lib_python3_12_site-packages_PyQt6_Qt6 --> node_venv_lib_python3_12_site-packages_PyQt6_Qt6_qml["qml"]\n    node_venv_lib_python3_12_site-packages_PyQt6_Qt6_qml --> node_venv_lib_python3_12_site-packages_PyQt6_Qt6_qml_QtQuick["QtQuick"]\n    node_venv_lib_python3_12_site-packages_PyQt6_Qt6_qml_QtQuick --> node_venv_lib_python3_12_site-packages_PyQt6_Qt6_qml_QtQuick_Controls["Controls"]\n    node_venv_lib_python3_12_site-packages_PyQt6_Qt6_qml_QtQuick_Controls --> node_venv_lib_python3_12_site-packages_PyQt6_Qt6_qml_QtQuick_Controls_iOS["iOS"]\n    node_venv_lib_python3_12_site-packages_PyQt6_Qt6_qml_QtQuick_Controls_iOS --> node_venv_lib_python3_12_site-packages_PyQt6_Qt6_qml_QtQuick_Controls_iOS_TextField_qml["TextField.qml"]\n    Root --> node_venv["venv"]\n    node_venv --> node_venv_lib["lib"]\n    node_venv_lib --> node_venv_lib_python3_12["python3.12"]\n    node_venv_lib_python3_12 --> node_venv_lib_python3_12_site-packages["site-packages"]\n    node_venv_lib_python3_12_site-packages --> node_venv_lib_python3_12_site-packages_PyQt6["PyQt6"]\n    node_venv_lib_python3_12_site-packages_PyQt6 --> node_venv_lib_python3_12_site-packages_PyQt6_Qt6["Qt6"]\n    node_venv_lib_python3_12_site-packages_PyQt6_Qt6 --> node_venv_lib_python3_12_site-packages_PyQt6_Qt6_qml["qml"]\n    node_venv_lib_python3_12_site-packages_PyQt6_Qt6_qml --> node_venv_lib_python3_12_site-packages_PyQt6_Qt6_qml_QtQuick["QtQuick"]\n    node_venv_lib_python3_12_site-packages_PyQt6_Qt6_qml_QtQuick --> node_venv_lib_python3_12_site-packages_PyQt6_Qt6_qml_QtQuick_Controls["Controls"]\n    node_venv_lib_python3_12_site-packages_PyQt6_Qt6_qml_QtQuick_Controls --> node_venv_lib_python3_12_site-packages_PyQt6_Qt6_qml_QtQuick_Controls_iOS["iOS"]\n    node_venv_lib_python3_12_site-packages_PyQt6_Qt6_qml_QtQuick_Controls_iOS --> node_venv_lib_python3_12_site-packages_PyQt6_Qt6_qml_QtQuick_Controls_iOS_ToolBar_qml["ToolBar.qml"]\n    Root --> node_venv["venv"]\n    node_venv --> node_venv_lib["lib"]\n    node_venv_lib --> node_venv_lib_python3_12["python3.12"]\n    node_venv_lib_python3_12 --> node_venv_lib_python3_12_site-packages["site-packages"]\n    node_venv_lib_python3_12_site-packages --> node_venv_lib_python3_12_site-packages_PyQt6["PyQt6"]\n    node_venv_lib_python3_12_site-packages_PyQt6 --> node_venv_lib_python3_12_site-packages_PyQt6_Qt6["Qt6"]\n    node_venv_lib_python3_12_site-packages_PyQt6_Qt6 --> node_venv_lib_python3_12_site-packages_PyQt6_Qt6_qml["qml"]\n    node_venv_lib_python3_12_site-packages_PyQt6_Qt6_qml --> node_venv_lib_python3_12_site-packages_PyQt6_Qt6_qml_QtQuick["QtQuick"]\n    node_venv_lib_python3_12_site-packages_PyQt6_Qt6_qml_QtQuick --> node_venv_lib_python3_12_site-packages_PyQt6_Qt6_qml_QtQuick_Controls["Controls"]\n    node_venv_lib_python3_12_site-packages_PyQt6_Qt6_qml_QtQuick_Controls --> node_venv_lib_python3_12_site-packages_PyQt6_Qt6_qml_QtQuick_Controls_iOS["iOS"]\n    node_venv_lib_python3_12_site-packages_PyQt6_Qt6_qml_QtQuick_Controls_iOS --> node_venv_lib_python3_12_site-packages_PyQt6_Qt6_qml_QtQuick_Controls_iOS_ToolButton_qml["ToolButton.qml"]\n    Root --> node_venv["venv"]\n    node_venv --> node_venv_lib["lib"]\n    node_venv_lib --> node_venv_lib_python3_12["python3.12"]\n    node_venv_lib_python3_12 --> node_venv_lib_python3_12_site-packages["site-packages"]\n    node_venv_lib_python3_12_site-packages --> node_venv_lib_python3_12_site-packages_PyQt6["PyQt6"]\n    node_venv_lib_python3_12_site-packages_PyQt6 --> node_venv_lib_python3_12_site-packages_PyQt6_Qt6["Qt6"]\n    node_venv_lib_python3_12_site-packages_PyQt6_Qt6 --> node_venv_lib_python3_12_site-packages_PyQt6_Qt6_qml["qml"]\n    node_venv_lib_python3_12_site-packages_PyQt6_Qt6_qml --> node_venv_lib_python3_12_site-packages_PyQt6_Qt6_qml_QtQuick["QtQuick"]\n    node_venv_lib_python3_12_site-packages_PyQt6_Qt6_qml_QtQuick --> node_venv_lib_python3_12_site-packages_PyQt6_Qt6_qml_QtQuick_Controls["Controls"]\n    node_venv_lib_python3_12_site-packages_PyQt6_Qt6_qml_QtQuick_Controls --> node_venv_lib_python3_12_site-packages_PyQt6_Qt6_qml_QtQuick_Controls_iOS["iOS"]\n    node_venv_lib_python3_12_site-packages_PyQt6_Qt6_qml_QtQuick_Controls_iOS --> node_venv_lib_python3_12_site-packages_PyQt6_Qt6_qml_QtQuick_Controls_iOS_ToolSeparator_qml["ToolSeparator.qml"]\n    Root --> node_venv["venv"]\n    node_venv --> node_venv_lib["lib"]\n    node_venv_lib --> node_venv_lib_python3_12["python3.12"]\n    node_venv_lib_python3_12 --> node_venv_lib_python3_12_site-packages["site-packages"]\n    node_venv_lib_python3_12_site-packages --> node_venv_lib_python3_12_site-packages_PyQt6["PyQt6"]\n    node_venv_lib_python3_12_site-packages_PyQt6 --> node_venv_lib_python3_12_site-packages_PyQt6_Qt6["Qt6"]\n    node_venv_lib_python3_12_site-packages_PyQt6_Qt6 --> node_venv_lib_python3_12_site-packages_PyQt6_Qt6_qml["qml"]\n    node_venv_lib_python3_12_site-packages_PyQt6_Qt6_qml --> node_venv_lib_python3_12_site-packages_PyQt6_Qt6_qml_QtQuick["QtQuick"]\n    node_venv_lib_python3_12_site-packages_PyQt6_Qt6_qml_QtQuick --> node_venv_lib_python3_12_site-packages_PyQt6_Qt6_qml_QtQuick_Controls["Controls"]\n    node_venv_lib_python3_12_site-packages_PyQt6_Qt6_qml_QtQuick_Controls --> node_venv_lib_python3_12_site-packages_PyQt6_Qt6_qml_QtQuick_Controls_iOS["iOS"]\n    node_venv_lib_python3_12_site-packages_PyQt6_Qt6_qml_QtQuick_Controls_iOS --> node_venv_lib_python3_12_site-packages_PyQt6_Qt6_qml_QtQuick_Controls_iOS_ToolTip_qml["ToolTip.qml"]\n    Root --> node_venv["venv"]\n    node_venv --> node_venv_lib["lib"]\n    node_venv_lib --> node_venv_lib_python3_12["python3.12"]\n    node_venv_lib_python3_12 --> node_venv_lib_python3_12_site-packages["site-packages"]\n    node_venv_lib_python3_12_site-packages --> node_venv_lib_python3_12_site-packages_PyQt6["PyQt6"]\n    node_venv_lib_python3_12_site-packages_PyQt6 --> node_venv_lib_python3_12_site-packages_PyQt6_Qt6["Qt6"]\n    node_venv_lib_python3_12_site-packages_PyQt6_Qt6 --> node_venv_lib_python3_12_site-packages_PyQt6_Qt6_qml["qml"]\n    node_venv_lib_python3_12_site-packages_PyQt6_Qt6_qml --> node_venv_lib_python3_12_site-packages_PyQt6_Qt6_qml_QtQuick["QtQuick"]\n    node_venv_lib_python3_12_site-packages_PyQt6_Qt6_qml_QtQuick --> node_venv_lib_python3_12_site-packages_PyQt6_Qt6_qml_QtQuick_Controls["Controls"]\n    node_venv_lib_python3_12_site-packages_PyQt6_Qt6_qml_QtQuick_Controls --> node_venv_lib_python3_12_site-packages_PyQt6_Qt6_qml_QtQuick_Controls_iOS["iOS"]\n    node_venv_lib_python3_12_site-packages_PyQt6_Qt6_qml_QtQuick_Controls_iOS --> node_venv_lib_python3_12_site-packages_PyQt6_Qt6_qml_QtQuick_Controls_iOS_TreeViewDelegate_qml["TreeViewDelegate.qml"]\n    Root --> node_venv["venv"]\n    node_venv --> node_venv_lib["lib"]\n    node_venv_lib --> node_venv_lib_python3_12["python3.12"]\n    node_venv_lib_python3_12 --> node_venv_lib_python3_12_site-packages["site-packages"]\n    node_venv_lib_python3_12_site-packages --> node_venv_lib_python3_12_site-packages_PyQt6["PyQt6"]\n    node_venv_lib_python3_12_site-packages_PyQt6 --> node_venv_lib_python3_12_site-packages_PyQt6_Qt6["Qt6"]\n    node_venv_lib_python3_12_site-packages_PyQt6_Qt6 --> node_venv_lib_python3_12_site-packages_PyQt6_Qt6_qml["qml"]\n    node_venv_lib_python3_12_site-packages_PyQt6_Qt6_qml --> node_venv_lib_python3_12_site-packages_PyQt6_Qt6_qml_QtQuick["QtQuick"]\n    node_venv_lib_python3_12_site-packages_PyQt6_Qt6_qml_QtQuick --> node_venv_lib_python3_12_site-packages_PyQt6_Qt6_qml_QtQuick_Controls["Controls"]\n    node_venv_lib_python3_12_site-packages_PyQt6_Qt6_qml_QtQuick_Controls --> node_venv_lib_python3_12_site-packages_PyQt6_Qt6_qml_QtQuick_Controls_iOS["iOS"]\n    node_venv_lib_python3_12_site-packages_PyQt6_Qt6_qml_QtQuick_Controls_iOS --> node_venv_lib_python3_12_site-packages_PyQt6_Qt6_qml_QtQuick_Controls_iOS_VerticalHeaderView_qml["VerticalHeaderView.qml"]\n    Root --> node_venv["venv"]\n    node_venv --> node_venv_lib["lib"]\n    node_venv_lib --> node_venv_lib_python3_12["python3.12"]\n    node_venv_lib_python3_12 --> node_venv_lib_python3_12_site-packages["site-packages"]\n    node_venv_lib_python3_12_site-packages --> node_venv_lib_python3_12_site-packages_PyQt6["PyQt6"]\n    node_venv_lib_python3_12_site-packages_PyQt6 --> node_venv_lib_python3_12_site-packages_PyQt6_Qt6["Qt6"]\n    node_venv_lib_python3_12_site-packages_PyQt6_Qt6 --> node_venv_lib_python3_12_site-packages_PyQt6_Qt6_qml["qml"]\n    node_venv_lib_python3_12_site-packages_PyQt6_Qt6_qml --> node_venv_lib_python3_12_site-packages_PyQt6_Qt6_qml_QtQuick["QtQuick"]\n    node_venv_lib_python3_12_site-packages_PyQt6_Qt6_qml_QtQuick --> node_venv_lib_python3_12_site-packages_PyQt6_Qt6_qml_QtQuick_Controls["Controls"]\n    node_venv_lib_python3_12_site-packages_PyQt6_Qt6_qml_QtQuick_Controls --> node_venv_lib_python3_12_site-packages_PyQt6_Qt6_qml_QtQuick_Controls_iOS["iOS"]\n    node_venv_lib_python3_12_site-packages_PyQt6_Qt6_qml_QtQuick_Controls_iOS --> node_venv_lib_python3_12_site-packages_PyQt6_Qt6_qml_QtQuick_Controls_iOS_VerticalHeaderViewDelegate_qml["VerticalHeaderViewDelegate.qml"]\n    Root --> node_venv["venv"]\n    node_venv --> node_venv_lib["lib"]\n    node_venv_lib --> node_venv_lib_python3_12["python3.12"]\n    node_venv_lib_python3_12 --> node_venv_lib_python3_12_site-packages["site-packages"]\n    node_venv_lib_python3_12_site-packages --> node_venv_lib_python3_12_site-packages_PyQt6["PyQt6"]\n    node_venv_lib_python3_12_site-packages_PyQt6 --> node_venv_lib_python3_12_site-packages_PyQt6_Qt6["Qt6"]\n    node_venv_lib_python3_12_site-packages_PyQt6_Qt6 --> node_venv_lib_python3_12_site-packages_PyQt6_Qt6_qml["qml"]\n    node_venv_lib_python3_12_site-packages_PyQt6_Qt6_qml --> node_venv_lib_python3_12_site-packages_PyQt6_Qt6_qml_QtQuick["QtQuick"]\n    node_venv_lib_python3_12_site-packages_PyQt6_Qt6_qml_QtQuick --> node_venv_lib_python3_12_site-packages_PyQt6_Qt6_qml_QtQuick_Controls["Controls"]\n    node_venv_lib_python3_12_site-packages_PyQt6_Qt6_qml_QtQuick_Controls --> node_venv_lib_python3_12_site-packages_PyQt6_Qt6_qml_QtQuick_Controls_iOS["iOS"]\n    node_venv_lib_python3_12_site-packages_PyQt6_Qt6_qml_QtQuick_Controls_iOS --> node_venv_lib_python3_12_site-packages_PyQt6_Qt6_qml_QtQuick_Controls_iOS_libqtquickcontrols2iosstyleplugin_dylib["libqtquickcontrols2iosstyleplugin.dylib"]\n    Root --> node_venv["venv"]\n    node_venv --> node_venv_lib["lib"]\n    node_venv_lib --> node_venv_lib_python3_12["python3.12"]\n    node_venv_lib_python3_12 --> node_venv_lib_python3_12_site-packages["site-packages"]\n    node_venv_lib_python3_12_site-packages --> node_venv_lib_python3_12_site-packages_PyQt6["PyQt6"]\n    node_venv_lib_python3_12_site-packages_PyQt6 --> node_venv_lib_python3_12_site-packages_PyQt6_Qt6["Qt6"]\n    node_venv_lib_python3_12_site-packages_PyQt6_Qt6 --> node_venv_lib_python3_12_site-packages_PyQt6_Qt6_qml["qml"]\n    node_venv_lib_python3_12_site-packages_PyQt6_Qt6_qml --> node_venv_lib_python3_12_site-packages_PyQt6_Qt6_qml_QtQuick["QtQuick"]\n    node_venv_lib_python3_12_site-packages_PyQt6_Qt6_qml_QtQuick --> node_venv_lib_python3_12_site-packages_PyQt6_Qt6_qml_QtQuick_Controls["Controls"]\n    node_venv_lib_python3_12_site-packages_PyQt6_Qt6_qml_QtQuick_Controls --> node_venv_lib_python3_12_site-packages_PyQt6_Qt6_qml_QtQuick_Controls_iOS["iOS"]\n    node_venv_lib_python3_12_site-packages_PyQt6_Qt6_qml_QtQuick_Controls_iOS --> node_venv_lib_python3_12_site-packages_PyQt6_Qt6_qml_QtQuick_Controls_iOS_plugins_qmltypes["plugins.qmltypes"]\n    Root --> node_venv["venv"]\n    node_venv --> node_venv_lib["lib"]\n    node_venv_lib --> node_venv_lib_python3_12["python3.12"]\n    node_venv_lib_python3_12 --> node_venv_lib_python3_12_site-packages["site-packages"]\n    node_venv_lib_python3_12_site-packages --> node_venv_lib_python3_12_site-packages_PyQt6["PyQt6"]\n    node_venv_lib_python3_12_site-packages_PyQt6 --> node_venv_lib_python3_12_site-packages_PyQt6_Qt6["Qt6"]\n    node_venv_lib_python3_12_site-packages_PyQt6_Qt6 --> node_venv_lib_python3_12_site-packages_PyQt6_Qt6_qml["qml"]\n    node_venv_lib_python3_12_site-packages_PyQt6_Qt6_qml --> node_venv_lib_python3_12_site-packages_PyQt6_Qt6_qml_QtQuick["QtQuick"]\n    node_venv_lib_python3_12_site-packages_PyQt6_Qt6_qml_QtQuick --> node_venv_lib_python3_12_site-packages_PyQt6_Qt6_qml_QtQuick_Controls["Controls"]\n    node_venv_lib_python3_12_site-packages_PyQt6_Qt6_qml_QtQuick_Controls --> node_venv_lib_python3_12_site-packages_PyQt6_Qt6_qml_QtQuick_Controls_iOS["iOS"]\n    node_venv_lib_python3_12_site-packages_PyQt6_Qt6_qml_QtQuick_Controls_iOS --> node_venv_lib_python3_12_site-packages_PyQt6_Qt6_qml_QtQuick_Controls_iOS_qmldir["qmldir"]\n    Root --> node_venv["venv"]\n    node_venv --> node_venv_lib["lib"]\n    node_venv_lib --> node_venv_lib_python3_12["python3.12"]\n    node_venv_lib_python3_12 --> node_venv_lib_python3_12_site-packages["site-packages"]\n    node_venv_lib_python3_12_site-packages --> node_venv_lib_python3_12_site-packages_PyQt6["PyQt6"]\n    node_venv_lib_python3_12_site-packages_PyQt6 --> node_venv_lib_python3_12_site-packages_PyQt6_Qt6["Qt6"]\n    node_venv_lib_python3_12_site-packages_PyQt6_Qt6 --> node_venv_lib_python3_12_site-packages_PyQt6_Qt6_qml["qml"]\n    node_venv_lib_python3_12_site-packages_PyQt6_Qt6_qml --> node_venv_lib_python3_12_site-packages_PyQt6_Qt6_qml_QtQuick["QtQuick"]\n    node_venv_lib_python3_12_site-packages_PyQt6_Qt6_qml_QtQuick --> node_venv_lib_python3_12_site-packages_PyQt6_Qt6_qml_QtQuick_Controls["Controls"]\n    node_venv_lib_python3_12_site-packages_PyQt6_Qt6_qml_QtQuick_Controls --> node_venv_lib_python3_12_site-packages_PyQt6_Qt6_qml_QtQuick_Controls_iOS["iOS"]\n    node_venv_lib_python3_12_site-packages_PyQt6_Qt6_qml_QtQuick_Controls_iOS --> node_venv_lib_python3_12_site-packages_PyQt6_Qt6_qml_QtQuick_Controls_iOS_impl["impl"]\n    node_venv_lib_python3_12_site-packages_PyQt6_Qt6_qml_QtQuick_Controls_iOS_impl --> node_venv_lib_python3_12_site-packages_PyQt6_Qt6_qml_QtQuick_Controls_iOS_impl_CursorDelegate_qml["CursorDelegate.qml"]\n    Root --> node_venv["venv"]\n    node_venv --> node_venv_lib["lib"]\n    node_venv_lib --> node_venv_lib_python3_12["python3.12"]\n    node_venv_lib_python3_12 --> node_venv_lib_python3_12_site-packages["site-packages"]\n    node_venv_lib_python3_12_site-packages --> node_venv_lib_python3_12_site-packages_PyQt6["PyQt6"]\n    node_venv_lib_python3_12_site-packages_PyQt6 --> node_venv_lib_python3_12_site-packages_PyQt6_Qt6["Qt6"]\n    node_venv_lib_python3_12_site-packages_PyQt6_Qt6 --> node_venv_lib_python3_12_site-packages_PyQt6_Qt6_qml["qml"]\n    node_venv_lib_python3_12_site-packages_PyQt6_Qt6_qml --> node_venv_lib_python3_12_site-packages_PyQt6_Qt6_qml_QtQuick["QtQuick"]\n    node_venv_lib_python3_12_site-packages_PyQt6_Qt6_qml_QtQuick --> node_venv_lib_python3_12_site-packages_PyQt6_Qt6_qml_QtQuick_Controls["Controls"]\n    node_venv_lib_python3_12_site-packages_PyQt6_Qt6_qml_QtQuick_Controls --> node_venv_lib_python3_12_site-packages_PyQt6_Qt6_qml_QtQuick_Controls_iOS["iOS"]\n    node_venv_lib_python3_12_site-packages_PyQt6_Qt6_qml_QtQuick_Controls_iOS --> node_venv_lib_python3_12_site-packages_PyQt6_Qt6_qml_QtQuick_Controls_iOS_impl["impl"]\n    node_venv_lib_python3_12_site-packages_PyQt6_Qt6_qml_QtQuick_Controls_iOS_impl --> node_venv_lib_python3_12_site-packages_PyQt6_Qt6_qml_QtQuick_Controls_iOS_impl_DialogButtonBoxDelegate_qml["DialogButtonBoxDelegate.qml"]\n    Root --> node_venv["venv"]\n    node_venv --> node_venv_lib["lib"]\n    node_venv_lib --> node_venv_lib_python3_12["python3.12"]\n    node_venv_lib_python3_12 --> node_venv_lib_python3_12_site-packages["site-packages"]\n    node_venv_lib_python3_12_site-packages --> node_venv_lib_python3_12_site-packages_PyQt6["PyQt6"]\n    node_venv_lib_python3_12_site-packages_PyQt6 --> node_venv_lib_python3_12_site-packages_PyQt6_Qt6["Qt6"]\n    node_venv_lib_python3_12_site-packages_PyQt6_Qt6 --> node_venv_lib_python3_12_site-packages_PyQt6_Qt6_qml["qml"]\n    node_venv_lib_python3_12_site-packages_PyQt6_Qt6_qml --> node_venv_lib_python3_12_site-packages_PyQt6_Qt6_qml_QtQuick["QtQuick"]\n    node_venv_lib_python3_12_site-packages_PyQt6_Qt6_qml_QtQuick --> node_venv_lib_python3_12_site-packages_PyQt6_Qt6_qml_QtQuick_Controls["Controls"]\n    node_venv_lib_python3_12_site-packages_PyQt6_Qt6_qml_QtQuick_Controls --> node_venv_lib_python3_12_site-packages_PyQt6_Qt6_qml_QtQuick_Controls_iOS["iOS"]\n    node_venv_lib_python3_12_site-packages_PyQt6_Qt6_qml_QtQuick_Controls_iOS --> node_venv_lib_python3_12_site-packages_PyQt6_Qt6_qml_QtQuick_Controls_iOS_impl["impl"]\n    node_venv_lib_python3_12_site-packages_PyQt6_Qt6_qml_QtQuick_Controls_iOS_impl --> node_venv_lib_python3_12_site-packages_PyQt6_Qt6_qml_QtQuick_Controls_iOS_impl_libqtquickcontrols2iosstyleimplplugin_dylib["libqtquickcontrols2iosstyleimplplugin.dylib"]\n    Root --> node_venv["venv"]\n    node_venv --> node_venv_lib["lib"]\n    node_venv_lib --> node_venv_lib_python3_12["python3.12"]\n    node_venv_lib_python3_12 --> node_venv_lib_python3_12_site-packages["site-packages"]\n    node_venv_lib_python3_12_site-packages --> node_venv_lib_python3_12_site-packages_PyQt6["PyQt6"]\n    node_venv_lib_python3_12_site-packages_PyQt6 --> node_venv_lib_python3_12_site-packages_PyQt6_Qt6["Qt6"]\n    node_venv_lib_python3_12_site-packages_PyQt6_Qt6 --> node_venv_lib_python3_12_site-packages_PyQt6_Qt6_qml["qml"]\n    node_venv_lib_python3_12_site-packages_PyQt6_Qt6_qml --> node_venv_lib_python3_12_site-packages_PyQt6_Qt6_qml_QtQuick["QtQuick"]\n    node_venv_lib_python3_12_site-packages_PyQt6_Qt6_qml_QtQuick --> node_venv_lib_python3_12_site-packages_PyQt6_Qt6_qml_QtQuick_Controls["Controls"]\n    node_venv_lib_python3_12_site-packages_PyQt6_Qt6_qml_QtQuick_Controls --> node_venv_lib_python3_12_site-packages_PyQt6_Qt6_qml_QtQuick_Controls_iOS["iOS"]\n    node_venv_lib_python3_12_site-packages_PyQt6_Qt6_qml_QtQuick_Controls_iOS --> node_venv_lib_python3_12_site-packages_PyQt6_Qt6_qml_QtQuick_Controls_iOS_impl["impl"]\n    node_venv_lib_python3_12_site-packages_PyQt6_Qt6_qml_QtQuick_Controls_iOS_impl --> node_venv_lib_python3_12_site-packages_PyQt6_Qt6_qml_QtQuick_Controls_iOS_impl_plugins_qmltypes["plugins.qmltypes"]\n    Root --> node_venv["venv"]\n    node_venv --> node_venv_lib["lib"]\n    node_venv_lib --> node_venv_lib_python3_12["python3.12"]\n    node_venv_lib_python3_12 --> node_venv_lib_python3_12_site-packages["site-packages"]\n    node_venv_lib_python3_12_site-packages --> node_venv_lib_python3_12_site-packages_PyQt6["PyQt6"]\n    node_venv_lib_python3_12_site-packages_PyQt6 --> node_venv_lib_python3_12_site-packages_PyQt6_Qt6["Qt6"]\n    node_venv_lib_python3_12_site-packages_PyQt6_Qt6 --> node_venv_lib_python3_12_site-packages_PyQt6_Qt6_qml["qml"]\n    node_venv_lib_python3_12_site-packages_PyQt6_Qt6_qml --> node_venv_lib_python3_12_site-packages_PyQt6_Qt6_qml_QtQuick["QtQuick"]\n    node_venv_lib_python3_12_site-packages_PyQt6_Qt6_qml_QtQuick --> node_venv_lib_python3_12_site-packages_PyQt6_Qt6_qml_QtQuick_Controls["Controls"]\n    node_venv_lib_python3_12_site-packages_PyQt6_Qt6_qml_QtQuick_Controls --> node_venv_lib_python3_12_site-packages_PyQt6_Qt6_qml_QtQuick_Controls_iOS["iOS"]\n    node_venv_lib_python3_12_site-packages_PyQt6_Qt6_qml_QtQuick_Controls_iOS --> node_venv_lib_python3_12_site-packages_PyQt6_Qt6_qml_QtQuick_Controls_iOS_impl["impl"]\n    node_venv_lib_python3_12_site-packages_PyQt6_Qt6_qml_QtQuick_Controls_iOS_impl --> node_venv_lib_python3_12_site-packages_PyQt6_Qt6_qml_QtQuick_Controls_iOS_impl_qmldir["qmldir"]\n    Root --> node_venv["venv"]\n    node_venv --> node_venv_lib["lib"]\n    node_venv_lib --> node_venv_lib_python3_12["python3.12"]\n    node_venv_lib_python3_12 --> node_venv_lib_python3_12_site-packages["site-packages"]\n    node_venv_lib_python3_12_site-packages --> node_venv_lib_python3_12_site-packages_PyQt6["PyQt6"]\n    node_venv_lib_python3_12_site-packages_PyQt6 --> node_venv_lib_python3_12_site-packages_PyQt6_Qt6["Qt6"]\n    node_venv_lib_python3_12_site-packages_PyQt6_Qt6 --> node_venv_lib_python3_12_site-packages_PyQt6_Qt6_qml["qml"]\n    node_venv_lib_python3_12_site-packages_PyQt6_Qt6_qml --> node_venv_lib_python3_12_site-packages_PyQt6_Qt6_qml_QtQuick["QtQuick"]\n    node_venv_lib_python3_12_site-packages_PyQt6_Qt6_qml_QtQuick --> node_venv_lib_python3_12_site-packages_PyQt6_Qt6_qml_QtQuick_Controls["Controls"]\n    node_venv_lib_python3_12_site-packages_PyQt6_Qt6_qml_QtQuick_Controls --> node_venv_lib_python3_12_site-packages_PyQt6_Qt6_qml_QtQuick_Controls_designer["designer"]\n    node_venv_lib_python3_12_site-packages_PyQt6_Qt6_qml_QtQuick_Controls_designer --> node_venv_lib_python3_12_site-packages_PyQt6_Qt6_qml_QtQuick_Controls_designer_AbstractButtonSection_qml["AbstractButtonSection.qml"]\n    Root --> node_venv["venv"]\n    node_venv --> node_venv_lib["lib"]\n    node_venv_lib --> node_venv_lib_python3_12["python3.12"]\n    node_venv_lib_python3_12 --> node_venv_lib_python3_12_site-packages["site-packages"]\n    node_venv_lib_python3_12_site-packages --> node_venv_lib_python3_12_site-packages_PyQt6["PyQt6"]\n    node_venv_lib_python3_12_site-packages_PyQt6 --> node_venv_lib_python3_12_site-packages_PyQt6_Qt6["Qt6"]\n    node_venv_lib_python3_12_site-packages_PyQt6_Qt6 --> node_venv_lib_python3_12_site-packages_PyQt6_Qt6_qml["qml"]\n    node_venv_lib_python3_12_site-packages_PyQt6_Qt6_qml --> node_venv_lib_python3_12_site-packages_PyQt6_Qt6_qml_QtQuick["QtQuick"]\n    node_venv_lib_python3_12_site-packages_PyQt6_Qt6_qml_QtQuick --> node_venv_lib_python3_12_site-packages_PyQt6_Qt6_qml_QtQuick_Controls["Controls"]\n    node_venv_lib_python3_12_site-packages_PyQt6_Qt6_qml_QtQuick_Controls --> node_venv_lib_python3_12_site-packages_PyQt6_Qt6_qml_QtQuick_Controls_designer["designer"]\n    node_venv_lib_python3_12_site-packages_PyQt6_Qt6_qml_QtQuick_Controls_designer --> node_venv_lib_python3_12_site-packages_PyQt6_Qt6_qml_QtQuick_Controls_designer_BusyIndicatorSpecifics_qml["BusyIndicatorSpecifics.qml"]\n    Root --> node_venv["venv"]\n    node_venv --> node_venv_lib["lib"]\n    node_venv_lib --> node_venv_lib_python3_12["python3.12"]\n    node_venv_lib_python3_12 --> node_venv_lib_python3_12_site-packages["site-packages"]\n    node_venv_lib_python3_12_site-packages --> node_venv_lib_python3_12_site-packages_PyQt6["PyQt6"]\n    node_venv_lib_python3_12_site-packages_PyQt6 --> node_venv_lib_python3_12_site-packages_PyQt6_Qt6["Qt6"]\n    node_venv_lib_python3_12_site-packages_PyQt6_Qt6 --> node_venv_lib_python3_12_site-packages_PyQt6_Qt6_qml["qml"]\n    node_venv_lib_python3_12_site-packages_PyQt6_Qt6_qml --> node_venv_lib_python3_12_site-packages_PyQt6_Qt6_qml_QtQuick["QtQuick"]\n    node_venv_lib_python3_12_site-packages_PyQt6_Qt6_qml_QtQuick --> node_venv_lib_python3_12_site-packages_PyQt6_Qt6_qml_QtQuick_Controls["Controls"]\n    node_venv_lib_python3_12_site-packages_PyQt6_Qt6_qml_QtQuick_Controls --> node_venv_lib_python3_12_site-packages_PyQt6_Qt6_qml_QtQuick_Controls_designer["designer"]\n    node_venv_lib_python3_12_site-packages_PyQt6_Qt6_qml_QtQuick_Controls_designer --> node_venv_lib_python3_12_site-packages_PyQt6_Qt6_qml_QtQuick_Controls_designer_ButtonSection_qml["ButtonSection.qml"]\n    Root --> node_venv["venv"]\n    node_venv --> node_venv_lib["lib"]\n    node_venv_lib --> node_venv_lib_python3_12["python3.12"]\n    node_venv_lib_python3_12 --> node_venv_lib_python3_12_site-packages["site-packages"]\n    node_venv_lib_python3_12_site-packages --> node_venv_lib_python3_12_site-packages_PyQt6["PyQt6"]\n    node_venv_lib_python3_12_site-packages_PyQt6 --> node_venv_lib_python3_12_site-packages_PyQt6_Qt6["Qt6"]\n    node_venv_lib_python3_12_site-packages_PyQt6_Qt6 --> node_venv_lib_python3_12_site-packages_PyQt6_Qt6_qml["qml"]\n    node_venv_lib_python3_12_site-packages_PyQt6_Qt6_qml --> node_venv_lib_python3_12_site-packages_PyQt6_Qt6_qml_QtQuick["QtQuick"]\n    node_venv_lib_python3_12_site-packages_PyQt6_Qt6_qml_QtQuick --> node_venv_lib_python3_12_site-packages_PyQt6_Qt6_qml_QtQuick_Controls["Controls"]\n    node_venv_lib_python3_12_site-packages_PyQt6_Qt6_qml_QtQuick_Controls --> node_venv_lib_python3_12_site-packages_PyQt6_Qt6_qml_QtQuick_Controls_designer["designer"]\n    node_venv_lib_python3_12_site-packages_PyQt6_Qt6_qml_QtQuick_Controls_designer --> node_venv_lib_python3_12_site-packages_PyQt6_Qt6_qml_QtQuick_Controls_designer_ButtonSpecifics_qml["ButtonSpecifics.qml"]\n    Root --> node_venv["venv"]\n    node_venv --> node_venv_lib["lib"]\n    node_venv_lib --> node_venv_lib_python3_12["python3.12"]\n    node_venv_lib_python3_12 --> node_venv_lib_python3_12_site-packages["site-packages"]\n    node_venv_lib_python3_12_site-packages --> node_venv_lib_python3_12_site-packages_PyQt6["PyQt6"]\n    node_venv_lib_python3_12_site-packages_PyQt6 --> node_venv_lib_python3_12_site-packages_PyQt6_Qt6["Qt6"]\n    node_venv_lib_python3_12_site-packages_PyQt6_Qt6 --> node_venv_lib_python3_12_site-packages_PyQt6_Qt6_qml["qml"]\n    node_venv_lib_python3_12_site-packages_PyQt6_Qt6_qml --> node_venv_lib_python3_12_site-packages_PyQt6_Qt6_qml_QtQuick["QtQuick"]\n    node_venv_lib_python3_12_site-packages_PyQt6_Qt6_qml_QtQuick --> node_venv_lib_python3_12_site-packages_PyQt6_Qt6_qml_QtQuick_Controls["Controls"]\n    node_venv_lib_python3_12_site-packages_PyQt6_Qt6_qml_QtQuick_Controls --> node_venv_lib_python3_12_site-packages_PyQt6_Qt6_qml_QtQuick_Controls_designer["designer"]\n    node_venv_lib_python3_12_site-packages_PyQt6_Qt6_qml_QtQuick_Controls_designer --> node_venv_lib_python3_12_site-packages_PyQt6_Qt6_qml_QtQuick_Controls_designer_CheckBoxSpecifics_qml["CheckBoxSpecifics.qml"]\n    Root --> node_venv["venv"]\n    node_venv --> node_venv_lib["lib"]\n    node_venv_lib --> node_venv_lib_python3_12["python3.12"]\n    node_venv_lib_python3_12 --> node_venv_lib_python3_12_site-packages["site-packages"]\n    node_venv_lib_python3_12_site-packages --> node_venv_lib_python3_12_site-packages_PyQt6["PyQt6"]\n    node_venv_lib_python3_12_site-packages_PyQt6 --> node_venv_lib_python3_12_site-packages_PyQt6_Qt6["Qt6"]\n    node_venv_lib_python3_12_site-packages_PyQt6_Qt6 --> node_venv_lib_python3_12_site-packages_PyQt6_Qt6_qml["qml"]\n    node_venv_lib_python3_12_site-packages_PyQt6_Qt6_qml --> node_venv_lib_python3_12_site-packages_PyQt6_Qt6_qml_QtQuick["QtQuick"]\n    node_venv_lib_python3_12_site-packages_PyQt6_Qt6_qml_QtQuick --> node_venv_lib_python3_12_site-packages_PyQt6_Qt6_qml_QtQuick_Controls["Controls"]\n    node_venv_lib_python3_12_site-packages_PyQt6_Qt6_qml_QtQuick_Controls --> node_venv_lib_python3_12_site-packages_PyQt6_Qt6_qml_QtQuick_Controls_designer["designer"]\n    node_venv_lib_python3_12_site-packages_PyQt6_Qt6_qml_QtQuick_Controls_designer --> node_venv_lib_python3_12_site-packages_PyQt6_Qt6_qml_QtQuick_Controls_designer_CheckDelegateSpecifics_qml["CheckDelegateSpecifics.qml"]\n    Root --> node_venv["venv"]\n    node_venv --> node_venv_lib["lib"]\n    node_venv_lib --> node_venv_lib_python3_12["python3.12"]\n    node_venv_lib_python3_12 --> node_venv_lib_python3_12_site-packages["site-packages"]\n    node_venv_lib_python3_12_site-packages --> node_venv_lib_python3_12_site-packages_PyQt6["PyQt6"]\n    node_venv_lib_python3_12_site-packages_PyQt6 --> node_venv_lib_python3_12_site-packages_PyQt6_Qt6["Qt6"]\n    node_venv_lib_python3_12_site-packages_PyQt6_Qt6 --> node_venv_lib_python3_12_site-packages_PyQt6_Qt6_qml["qml"]\n    node_venv_lib_python3_12_site-packages_PyQt6_Qt6_qml --> node_venv_lib_python3_12_site-packages_PyQt6_Qt6_qml_QtQuick["QtQuick"]\n    node_venv_lib_python3_12_site-packages_PyQt6_Qt6_qml_QtQuick --> node_venv_lib_python3_12_site-packages_PyQt6_Qt6_qml_QtQuick_Controls["Controls"]\n    node_venv_lib_python3_12_site-packages_PyQt6_Qt6_qml_QtQuick_Controls --> node_venv_lib_python3_12_site-packages_PyQt6_Qt6_qml_QtQuick_Controls_designer["designer"]\n    node_venv_lib_python3_12_site-packages_PyQt6_Qt6_qml_QtQuick_Controls_designer --> node_venv_lib_python3_12_site-packages_PyQt6_Qt6_qml_QtQuick_Controls_designer_CheckSection_qml["CheckSection.qml"]\n    Root --> node_venv["venv"]\n    node_venv --> node_venv_lib["lib"]\n    node_venv_lib --> node_venv_lib_python3_12["python3.12"]\n    node_venv_lib_python3_12 --> node_venv_lib_python3_12_site-packages["site-packages"]\n    node_venv_lib_python3_12_site-packages --> node_venv_lib_python3_12_site-packages_PyQt6["PyQt6"]\n    node_venv_lib_python3_12_site-packages_PyQt6 --> node_venv_lib_python3_12_site-packages_PyQt6_Qt6["Qt6"]\n    node_venv_lib_python3_12_site-packages_PyQt6_Qt6 --> node_venv_lib_python3_12_site-packages_PyQt6_Qt6_qml["qml"]\n    node_venv_lib_python3_12_site-packages_PyQt6_Qt6_qml --> node_venv_lib_python3_12_site-packages_PyQt6_Qt6_qml_QtQuick["QtQuick"]\n    node_venv_lib_python3_12_site-packages_PyQt6_Qt6_qml_QtQuick --> node_venv_lib_python3_12_site-packages_PyQt6_Qt6_qml_QtQuick_Controls["Controls"]\n    node_venv_lib_python3_12_site-packages_PyQt6_Qt6_qml_QtQuick_Controls --> node_venv_lib_python3_12_site-packages_PyQt6_Qt6_qml_QtQuick_Controls_designer["designer"]\n    node_venv_lib_python3_12_site-packages_PyQt6_Qt6_qml_QtQuick_Controls_designer --> node_venv_lib_python3_12_site-packages_PyQt6_Qt6_qml_QtQuick_Controls_designer_ComboBoxSpecifics_qml["ComboBoxSpecifics.qml"]\n    Root --> node_venv["venv"]\n    node_venv --> node_venv_lib["lib"]\n    node_venv_lib --> node_venv_lib_python3_12["python3.12"]\n    node_venv_lib_python3_12 --> node_venv_lib_python3_12_site-packages["site-packages"]\n    node_venv_lib_python3_12_site-packages --> node_venv_lib_python3_12_site-packages_PyQt6["PyQt6"]\n    node_venv_lib_python3_12_site-packages_PyQt6 --> node_venv_lib_python3_12_site-packages_PyQt6_Qt6["Qt6"]\n    node_venv_lib_python3_12_site-packages_PyQt6_Qt6 --> node_venv_lib_python3_12_site-packages_PyQt6_Qt6_qml["qml"]\n    node_venv_lib_python3_12_site-packages_PyQt6_Qt6_qml --> node_venv_lib_python3_12_site-packages_PyQt6_Qt6_qml_QtQuick["QtQuick"]\n    node_venv_lib_python3_12_site-packages_PyQt6_Qt6_qml_QtQuick --> node_venv_lib_python3_12_site-packages_PyQt6_Qt6_qml_QtQuick_Controls["Controls"]\n    node_venv_lib_python3_12_site-packages_PyQt6_Qt6_qml_QtQuick_Controls --> node_venv_lib_python3_12_site-packages_PyQt6_Qt6_qml_QtQuick_Controls_designer["designer"]\n    node_venv_lib_python3_12_site-packages_PyQt6_Qt6_qml_QtQuick_Controls_designer --> node_venv_lib_python3_12_site-packages_PyQt6_Qt6_qml_QtQuick_Controls_designer_ContainerSection_qml["ContainerSection.qml"]\n    Root --> node_venv["venv"]\n    node_venv --> node_venv_lib["lib"]\n    node_venv_lib --> node_venv_lib_python3_12["python3.12"]\n    node_venv_lib_python3_12 --> node_venv_lib_python3_12_site-packages["site-packages"]\n    node_venv_lib_python3_12_site-packages --> node_venv_lib_python3_12_site-packages_PyQt6["PyQt6"]\n    node_venv_lib_python3_12_site-packages_PyQt6 --> node_venv_lib_python3_12_site-packages_PyQt6_Qt6["Qt6"]\n    node_venv_lib_python3_12_site-packages_PyQt6_Qt6 --> node_venv_lib_python3_12_site-packages_PyQt6_Qt6_qml["qml"]\n    node_venv_lib_python3_12_site-packages_PyQt6_Qt6_qml --> node_venv_lib_python3_12_site-packages_PyQt6_Qt6_qml_QtQuick["QtQuick"]\n    node_venv_lib_python3_12_site-packages_PyQt6_Qt6_qml_QtQuick --> node_venv_lib_python3_12_site-packages_PyQt6_Qt6_qml_QtQuick_Controls["Controls"]\n    node_venv_lib_python3_12_site-packages_PyQt6_Qt6_qml_QtQuick_Controls --> node_venv_lib_python3_12_site-packages_PyQt6_Qt6_qml_QtQuick_Controls_designer["designer"]\n    node_venv_lib_python3_12_site-packages_PyQt6_Qt6_qml_QtQuick_Controls_designer --> node_venv_lib_python3_12_site-packages_PyQt6_Qt6_qml_QtQuick_Controls_designer_ControlSection_qml["ControlSection.qml"]\n    Root --> node_venv["venv"]\n    node_venv --> node_venv_lib["lib"]\n    node_venv_lib --> node_venv_lib_python3_12["python3.12"]\n    node_venv_lib_python3_12 --> node_venv_lib_python3_12_site-packages["site-packages"]\n    node_venv_lib_python3_12_site-packages --> node_venv_lib_python3_12_site-packages_PyQt6["PyQt6"]\n    node_venv_lib_python3_12_site-packages_PyQt6 --> node_venv_lib_python3_12_site-packages_PyQt6_Qt6["Qt6"]\n    node_venv_lib_python3_12_site-packages_PyQt6_Qt6 --> node_venv_lib_python3_12_site-packages_PyQt6_Qt6_qml["qml"]\n    node_venv_lib_python3_12_site-packages_PyQt6_Qt6_qml --> node_venv_lib_python3_12_site-packages_PyQt6_Qt6_qml_QtQuick["QtQuick"]\n    node_venv_lib_python3_12_site-packages_PyQt6_Qt6_qml_QtQuick --> node_venv_lib_python3_12_site-packages_PyQt6_Qt6_qml_QtQuick_Controls["Controls"]\n    node_venv_lib_python3_12_site-packages_PyQt6_Qt6_qml_QtQuick_Controls --> node_venv_lib_python3_12_site-packages_PyQt6_Qt6_qml_QtQuick_Controls_designer["designer"]\n    node_venv_lib_python3_12_site-packages_PyQt6_Qt6_qml_QtQuick_Controls_designer --> node_venv_lib_python3_12_site-packages_PyQt6_Qt6_qml_QtQuick_Controls_designer_ControlSpecifics_qml["ControlSpecifics.qml"]\n    Root --> node_venv["venv"]\n    node_venv --> node_venv_lib["lib"]\n    node_venv_lib --> node_venv_lib_python3_12["python3.12"]\n    node_venv_lib_python3_12 --> node_venv_lib_python3_12_site-packages["site-packages"]\n    node_venv_lib_python3_12_site-packages --> node_venv_lib_python3_12_site-packages_PyQt6["PyQt6"]\n    node_venv_lib_python3_12_site-packages_PyQt6 --> node_venv_lib_python3_12_site-packages_PyQt6_Qt6["Qt6"]\n    node_venv_lib_python3_12_site-packages_PyQt6_Qt6 --> node_venv_lib_python3_12_site-packages_PyQt6_Qt6_qml["qml"]\n    node_venv_lib_python3_12_site-packages_PyQt6_Qt6_qml --> node_venv_lib_python3_12_site-packages_PyQt6_Qt6_qml_QtQuick["QtQuick"]\n    node_venv_lib_python3_12_site-packages_PyQt6_Qt6_qml_QtQuick --> node_venv_lib_python3_12_site-packages_PyQt6_Qt6_qml_QtQuick_Controls["Controls"]\n    node_venv_lib_python3_12_site-packages_PyQt6_Qt6_qml_QtQuick_Controls --> node_venv_lib_python3_12_site-packages_PyQt6_Qt6_qml_QtQuick_Controls_designer["designer"]\n    node_venv_lib_python3_12_site-packages_PyQt6_Qt6_qml_QtQuick_Controls_designer --> node_venv_lib_python3_12_site-packages_PyQt6_Qt6_qml_QtQuick_Controls_designer_DelayButtonSpecifics_qml["DelayButtonSpecifics.qml"]\n    Root --> node_venv["venv"]\n    node_venv --> node_venv_lib["lib"]\n    node_venv_lib --> node_venv_lib_python3_12["python3.12"]\n    node_venv_lib_python3_12 --> node_venv_lib_python3_12_site-packages["site-packages"]\n    node_venv_lib_python3_12_site-packages --> node_venv_lib_python3_12_site-packages_PyQt6["PyQt6"]\n    node_venv_lib_python3_12_site-packages_PyQt6 --> node_venv_lib_python3_12_site-packages_PyQt6_Qt6["Qt6"]\n    node_venv_lib_python3_12_site-packages_PyQt6_Qt6 --> node_venv_lib_python3_12_site-packages_PyQt6_Qt6_qml["qml"]\n    node_venv_lib_python3_12_site-packages_PyQt6_Qt6_qml --> node_venv_lib_python3_12_site-packages_PyQt6_Qt6_qml_QtQuick["QtQuick"]\n    node_venv_lib_python3_12_site-packages_PyQt6_Qt6_qml_QtQuick --> node_venv_lib_python3_12_site-packages_PyQt6_Qt6_qml_QtQuick_Controls["Controls"]\n    node_venv_lib_python3_12_site-packages_PyQt6_Qt6_qml_QtQuick_Controls --> node_venv_lib_python3_12_site-packages_PyQt6_Qt6_qml_QtQuick_Controls_designer["designer"]\n    node_venv_lib_python3_12_site-packages_PyQt6_Qt6_qml_QtQuick_Controls_designer --> node_venv_lib_python3_12_site-packages_PyQt6_Qt6_qml_QtQuick_Controls_designer_DialSpecifics_qml["DialSpecifics.qml"]\n    Root --> node_venv["venv"]\n    node_venv --> node_venv_lib["lib"]\n    node_venv_lib --> node_venv_lib_python3_12["python3.12"]\n    node_venv_lib_python3_12 --> node_venv_lib_python3_12_site-packages["site-packages"]\n    node_venv_lib_python3_12_site-packages --> node_venv_lib_python3_12_site-packages_PyQt6["PyQt6"]\n    node_venv_lib_python3_12_site-packages_PyQt6 --> node_venv_lib_python3_12_site-packages_PyQt6_Qt6["Qt6"]\n    node_venv_lib_python3_12_site-packages_PyQt6_Qt6 --> node_venv_lib_python3_12_site-packages_PyQt6_Qt6_qml["qml"]\n    node_venv_lib_python3_12_site-packages_PyQt6_Qt6_qml --> node_venv_lib_python3_12_site-packages_PyQt6_Qt6_qml_QtQuick["QtQuick"]\n    node_venv_lib_python3_12_site-packages_PyQt6_Qt6_qml_QtQuick --> node_venv_lib_python3_12_site-packages_PyQt6_Qt6_qml_QtQuick_Controls["Controls"]\n    node_venv_lib_python3_12_site-packages_PyQt6_Qt6_qml_QtQuick_Controls --> node_venv_lib_python3_12_site-packages_PyQt6_Qt6_qml_QtQuick_Controls_designer["designer"]\n    node_venv_lib_python3_12_site-packages_PyQt6_Qt6_qml_QtQuick_Controls_designer --> node_venv_lib_python3_12_site-packages_PyQt6_Qt6_qml_QtQuick_Controls_designer_FrameSpecifics_qml["FrameSpecifics.qml"]\n    Root --> node_venv["venv"]\n    node_venv --> node_venv_lib["lib"]\n    node_venv_lib --> node_venv_lib_python3_12["python3.12"]\n    node_venv_lib_python3_12 --> node_venv_lib_python3_12_site-packages["site-packages"]\n    node_venv_lib_python3_12_site-packages --> node_venv_lib_python3_12_site-packages_PyQt6["PyQt6"]\n    node_venv_lib_python3_12_site-packages_PyQt6 --> node_venv_lib_python3_12_site-packages_PyQt6_Qt6["Qt6"]\n    node_venv_lib_python3_12_site-packages_PyQt6_Qt6 --> node_venv_lib_python3_12_site-packages_PyQt6_Qt6_qml["qml"]\n    node_venv_lib_python3_12_site-packages_PyQt6_Qt6_qml --> node_venv_lib_python3_12_site-packages_PyQt6_Qt6_qml_QtQuick["QtQuick"]\n    node_venv_lib_python3_12_site-packages_PyQt6_Qt6_qml_QtQuick --> node_venv_lib_python3_12_site-packages_PyQt6_Qt6_qml_QtQuick_Controls["Controls"]\n    node_venv_lib_python3_12_site-packages_PyQt6_Qt6_qml_QtQuick_Controls --> node_venv_lib_python3_12_site-packages_PyQt6_Qt6_qml_QtQuick_Controls_designer["designer"]\n    node_venv_lib_python3_12_site-packages_PyQt6_Qt6_qml_QtQuick_Controls_designer --> node_venv_lib_python3_12_site-packages_PyQt6_Qt6_qml_QtQuick_Controls_designer_GroupBoxSpecifics_qml["GroupBoxSpecifics.qml"]\n    Root --> node_venv["venv"]\n    node_venv --> node_venv_lib["lib"]\n    node_venv_lib --> node_venv_lib_python3_12["python3.12"]\n    node_venv_lib_python3_12 --> node_venv_lib_python3_12_site-packages["site-packages"]\n    node_venv_lib_python3_12_site-packages --> node_venv_lib_python3_12_site-packages_PyQt6["PyQt6"]\n    node_venv_lib_python3_12_site-packages_PyQt6 --> node_venv_lib_python3_12_site-packages_PyQt6_Qt6["Qt6"]\n    node_venv_lib_python3_12_site-packages_PyQt6_Qt6 --> node_venv_lib_python3_12_site-packages_PyQt6_Qt6_qml["qml"]\n    node_venv_lib_python3_12_site-packages_PyQt6_Qt6_qml --> node_venv_lib_python3_12_site-packages_PyQt6_Qt6_qml_QtQuick["QtQuick"]\n    node_venv_lib_python3_12_site-packages_PyQt6_Qt6_qml_QtQuick --> node_venv_lib_python3_12_site-packages_PyQt6_Qt6_qml_QtQuick_Controls["Controls"]\n    node_venv_lib_python3_12_site-packages_PyQt6_Qt6_qml_QtQuick_Controls --> node_venv_lib_python3_12_site-packages_PyQt6_Qt6_qml_QtQuick_Controls_designer["designer"]\n    node_venv_lib_python3_12_site-packages_PyQt6_Qt6_qml_QtQuick_Controls_designer --> node_venv_lib_python3_12_site-packages_PyQt6_Qt6_qml_QtQuick_Controls_designer_InsetSection_qml["InsetSection.qml"]\n    Root --> node_venv["venv"]\n    node_venv --> node_venv_lib["lib"]\n    node_venv_lib --> node_venv_lib_python3_12["python3.12"]\n    node_venv_lib_python3_12 --> node_venv_lib_python3_12_site-packages["site-packages"]\n    node_venv_lib_python3_12_site-packages --> node_venv_lib_python3_12_site-packages_PyQt6["PyQt6"]\n    node_venv_lib_python3_12_site-packages_PyQt6 --> node_venv_lib_python3_12_site-packages_PyQt6_Qt6["Qt6"]\n    node_venv_lib_python3_12_site-packages_PyQt6_Qt6 --> node_venv_lib_python3_12_site-packages_PyQt6_Qt6_qml["qml"]\n    node_venv_lib_python3_12_site-packages_PyQt6_Qt6_qml --> node_venv_lib_python3_12_site-packages_PyQt6_Qt6_qml_QtQuick["QtQuick"]\n    node_venv_lib_python3_12_site-packages_PyQt6_Qt6_qml_QtQuick --> node_venv_lib_python3_12_site-packages_PyQt6_Qt6_qml_QtQuick_Controls["Controls"]\n    node_venv_lib_python3_12_site-packages_PyQt6_Qt6_qml_QtQuick_Controls --> node_venv_lib_python3_12_site-packages_PyQt6_Qt6_qml_QtQuick_Controls_designer["designer"]\n    node_venv_lib_python3_12_site-packages_PyQt6_Qt6_qml_QtQuick_Controls_designer --> node_venv_lib_python3_12_site-packages_PyQt6_Qt6_qml_QtQuick_Controls_designer_ItemDelegateSection_qml["ItemDelegateSection.qml"]\n    Root --> node_venv["venv"]\n    node_venv --> node_venv_lib["lib"]\n    node_venv_lib --> node_venv_lib_python3_12["python3.12"]\n    node_venv_lib_python3_12 --> node_venv_lib_python3_12_site-packages["site-packages"]\n    node_venv_lib_python3_12_site-packages --> node_venv_lib_python3_12_site-packages_PyQt6["PyQt6"]\n    node_venv_lib_python3_12_site-packages_PyQt6 --> node_venv_lib_python3_12_site-packages_PyQt6_Qt6["Qt6"]\n    node_venv_lib_python3_12_site-packages_PyQt6_Qt6 --> node_venv_lib_python3_12_site-packages_PyQt6_Qt6_qml["qml"]\n    node_venv_lib_python3_12_site-packages_PyQt6_Qt6_qml --> node_venv_lib_python3_12_site-packages_PyQt6_Qt6_qml_QtQuick["QtQuick"]\n    node_venv_lib_python3_12_site-packages_PyQt6_Qt6_qml_QtQuick --> node_venv_lib_python3_12_site-packages_PyQt6_Qt6_qml_QtQuick_Controls["Controls"]\n    node_venv_lib_python3_12_site-packages_PyQt6_Qt6_qml_QtQuick_Controls --> node_venv_lib_python3_12_site-packages_PyQt6_Qt6_qml_QtQuick_Controls_designer["designer"]\n    node_venv_lib_python3_12_site-packages_PyQt6_Qt6_qml_QtQuick_Controls_designer --> node_venv_lib_python3_12_site-packages_PyQt6_Qt6_qml_QtQuick_Controls_designer_ItemDelegateSpecifics_qml["ItemDelegateSpecifics.qml"]\n    Root --> node_venv["venv"]\n    node_venv --> node_venv_lib["lib"]\n    node_venv_lib --> node_venv_lib_python3_12["python3.12"]\n    node_venv_lib_python3_12 --> node_venv_lib_python3_12_site-packages["site-packages"]\n    node_venv_lib_python3_12_site-packages --> node_venv_lib_python3_12_site-packages_PyQt6["PyQt6"]\n    node_venv_lib_python3_12_site-packages_PyQt6 --> node_venv_lib_python3_12_site-packages_PyQt6_Qt6["Qt6"]\n    node_venv_lib_python3_12_site-packages_PyQt6_Qt6 --> node_venv_lib_python3_12_site-packages_PyQt6_Qt6_qml["qml"]\n    node_venv_lib_python3_12_site-packages_PyQt6_Qt6_qml --> node_venv_lib_python3_12_site-packages_PyQt6_Qt6_qml_QtQuick["QtQuick"]\n    node_venv_lib_python3_12_site-packages_PyQt6_Qt6_qml_QtQuick --> node_venv_lib_python3_12_site-packages_PyQt6_Qt6_qml_QtQuick_Controls["Controls"]\n    node_venv_lib_python3_12_site-packages_PyQt6_Qt6_qml_QtQuick_Controls --> node_venv_lib_python3_12_site-packages_PyQt6_Qt6_qml_QtQuick_Controls_designer["designer"]\n    node_venv_lib_python3_12_site-packages_PyQt6_Qt6_qml_QtQuick_Controls_designer --> node_venv_lib_python3_12_site-packages_PyQt6_Qt6_qml_QtQuick_Controls_designer_LabelSpecifics_qml["LabelSpecifics.qml"]\n    Root --> node_venv["venv"]\n    node_venv --> node_venv_lib["lib"]\n    node_venv_lib --> node_venv_lib_python3_12["python3.12"]\n    node_venv_lib_python3_12 --> node_venv_lib_python3_12_site-packages["site-packages"]\n    node_venv_lib_python3_12_site-packages --> node_venv_lib_python3_12_site-packages_PyQt6["PyQt6"]\n    node_venv_lib_python3_12_site-packages_PyQt6 --> node_venv_lib_python3_12_site-packages_PyQt6_Qt6["Qt6"]\n    node_venv_lib_python3_12_site-packages_PyQt6_Qt6 --> node_venv_lib_python3_12_site-packages_PyQt6_Qt6_qml["qml"]\n    node_venv_lib_python3_12_site-packages_PyQt6_Qt6_qml --> node_venv_lib_python3_12_site-packages_PyQt6_Qt6_qml_QtQuick["QtQuick"]\n    node_venv_lib_python3_12_site-packages_PyQt6_Qt6_qml_QtQuick --> node_venv_lib_python3_12_site-packages_PyQt6_Qt6_qml_QtQuick_Controls["Controls"]\n    node_venv_lib_python3_12_site-packages_PyQt6_Qt6_qml_QtQuick_Controls --> node_venv_lib_python3_12_site-packages_PyQt6_Qt6_qml_QtQuick_Controls_designer["designer"]\n    node_venv_lib_python3_12_site-packages_PyQt6_Qt6_qml_QtQuick_Controls_designer --> node_venv_lib_python3_12_site-packages_PyQt6_Qt6_qml_QtQuick_Controls_designer_PaddingSection_qml["PaddingSection.qml"]\n    Root --> node_venv["venv"]\n    node_venv --> node_venv_lib["lib"]\n    node_venv_lib --> node_venv_lib_python3_12["python3.12"]\n    node_venv_lib_python3_12 --> node_venv_lib_python3_12_site-packages["site-packages"]\n    node_venv_lib_python3_12_site-packages --> node_venv_lib_python3_12_site-packages_PyQt6["PyQt6"]\n    node_venv_lib_python3_12_site-packages_PyQt6 --> node_venv_lib_python3_12_site-packages_PyQt6_Qt6["Qt6"]\n    node_venv_lib_python3_12_site-packages_PyQt6_Qt6 --> node_venv_lib_python3_12_site-packages_PyQt6_Qt6_qml["qml"]\n    node_venv_lib_python3_12_site-packages_PyQt6_Qt6_qml --> node_venv_lib_python3_12_site-packages_PyQt6_Qt6_qml_QtQuick["QtQuick"]\n    node_venv_lib_python3_12_site-packages_PyQt6_Qt6_qml_QtQuick --> node_venv_lib_python3_12_site-packages_PyQt6_Qt6_qml_QtQuick_Controls["Controls"]\n    node_venv_lib_python3_12_site-packages_PyQt6_Qt6_qml_QtQuick_Controls --> node_venv_lib_python3_12_site-packages_PyQt6_Qt6_qml_QtQuick_Controls_designer["designer"]\n    node_venv_lib_python3_12_site-packages_PyQt6_Qt6_qml_QtQuick_Controls_designer --> node_venv_lib_python3_12_site-packages_PyQt6_Qt6_qml_QtQuick_Controls_designer_PageIndicatorSpecifics_qml["PageIndicatorSpecifics.qml"]\n    Root --> node_venv["venv"]\n    node_venv --> node_venv_lib["lib"]\n    node_venv_lib --> node_venv_lib_python3_12["python3.12"]\n    node_venv_lib_python3_12 --> node_venv_lib_python3_12_site-packages["site-packages"]\n    node_venv_lib_python3_12_site-packages --> node_venv_lib_python3_12_site-packages_PyQt6["PyQt6"]\n    node_venv_lib_python3_12_site-packages_PyQt6 --> node_venv_lib_python3_12_site-packages_PyQt6_Qt6["Qt6"]\n    node_venv_lib_python3_12_site-packages_PyQt6_Qt6 --> node_venv_lib_python3_12_site-packages_PyQt6_Qt6_qml["qml"]\n    node_venv_lib_python3_12_site-packages_PyQt6_Qt6_qml --> node_venv_lib_python3_12_site-packages_PyQt6_Qt6_qml_QtQuick["QtQuick"]\n    node_venv_lib_python3_12_site-packages_PyQt6_Qt6_qml_QtQuick --> node_venv_lib_python3_12_site-packages_PyQt6_Qt6_qml_QtQuick_Controls["Controls"]\n    node_venv_lib_python3_12_site-packages_PyQt6_Qt6_qml_QtQuick_Controls --> node_venv_lib_python3_12_site-packages_PyQt6_Qt6_qml_QtQuick_Controls_designer["designer"]\n    node_venv_lib_python3_12_site-packages_PyQt6_Qt6_qml_QtQuick_Controls_designer --> node_venv_lib_python3_12_site-packages_PyQt6_Qt6_qml_QtQuick_Controls_designer_PageSpecifics_qml["PageSpecifics.qml"]\n    Root --> node_venv["venv"]\n    node_venv --> node_venv_lib["lib"]\n    node_venv_lib --> node_venv_lib_python3_12["python3.12"]\n    node_venv_lib_python3_12 --> node_venv_lib_python3_12_site-packages["site-packages"]\n    node_venv_lib_python3_12_site-packages --> node_venv_lib_python3_12_site-packages_PyQt6["PyQt6"]\n    node_venv_lib_python3_12_site-packages_PyQt6 --> node_venv_lib_python3_12_site-packages_PyQt6_Qt6["Qt6"]\n    node_venv_lib_python3_12_site-packages_PyQt6_Qt6 --> node_venv_lib_python3_12_site-packages_PyQt6_Qt6_qml["qml"]\n    node_venv_lib_python3_12_site-packages_PyQt6_Qt6_qml --> node_venv_lib_python3_12_site-packages_PyQt6_Qt6_qml_QtQuick["QtQuick"]\n    node_venv_lib_python3_12_site-packages_PyQt6_Qt6_qml_QtQuick --> node_venv_lib_python3_12_site-packages_PyQt6_Qt6_qml_QtQuick_Controls["Controls"]\n    node_venv_lib_python3_12_site-packages_PyQt6_Qt6_qml_QtQuick_Controls --> node_venv_lib_python3_12_site-packages_PyQt6_Qt6_qml_QtQuick_Controls_designer["designer"]\n    node_venv_lib_python3_12_site-packages_PyQt6_Qt6_qml_QtQuick_Controls_designer --> node_venv_lib_python3_12_site-packages_PyQt6_Qt6_qml_QtQuick_Controls_designer_PaneSection_qml["PaneSection.qml"]\n    Root --> node_venv["venv"]\n    node_venv --> node_venv_lib["lib"]\n    node_venv_lib --> node_venv_lib_python3_12["python3.12"]\n    node_venv_lib_python3_12 --> node_venv_lib_python3_12_site-packages["site-packages"]\n    node_venv_lib_python3_12_site-packages --> node_venv_lib_python3_12_site-packages_PyQt6["PyQt6"]\n    node_venv_lib_python3_12_site-packages_PyQt6 --> node_venv_lib_python3_12_site-packages_PyQt6_Qt6["Qt6"]\n    node_venv_lib_python3_12_site-packages_PyQt6_Qt6 --> node_venv_lib_python3_12_site-packages_PyQt6_Qt6_qml["qml"]\n    node_venv_lib_python3_12_site-packages_PyQt6_Qt6_qml --> node_venv_lib_python3_12_site-packages_PyQt6_Qt6_qml_QtQuick["QtQuick"]\n    node_venv_lib_python3_12_site-packages_PyQt6_Qt6_qml_QtQuick --> node_venv_lib_python3_12_site-packages_PyQt6_Qt6_qml_QtQuick_Controls["Controls"]\n    node_venv_lib_python3_12_site-packages_PyQt6_Qt6_qml_QtQuick_Controls --> node_venv_lib_python3_12_site-packages_PyQt6_Qt6_qml_QtQuick_Controls_designer["designer"]\n    node_venv_lib_python3_12_site-packages_PyQt6_Qt6_qml_QtQuick_Controls_designer --> node_venv_lib_python3_12_site-packages_PyQt6_Qt6_qml_QtQuick_Controls_designer_PaneSpecifics_qml["PaneSpecifics.qml"]\n    Root --> node_venv["venv"]\n    node_venv --> node_venv_lib["lib"]\n    node_venv_lib --> node_venv_lib_python3_12["python3.12"]\n    node_venv_lib_python3_12 --> node_venv_lib_python3_12_site-packages["site-packages"]\n    node_venv_lib_python3_12_site-packages --> node_venv_lib_python3_12_site-packages_PyQt6["PyQt6"]\n    node_venv_lib_python3_12_site-packages_PyQt6 --> node_venv_lib_python3_12_site-packages_PyQt6_Qt6["Qt6"]\n    node_venv_lib_python3_12_site-packages_PyQt6_Qt6 --> node_venv_lib_python3_12_site-packages_PyQt6_Qt6_qml["qml"]\n    node_venv_lib_python3_12_site-packages_PyQt6_Qt6_qml --> node_venv_lib_python3_12_site-packages_PyQt6_Qt6_qml_QtQuick["QtQuick"]\n    node_venv_lib_python3_12_site-packages_PyQt6_Qt6_qml_QtQuick --> node_venv_lib_python3_12_site-packages_PyQt6_Qt6_qml_QtQuick_Controls["Controls"]\n    node_venv_lib_python3_12_site-packages_PyQt6_Qt6_qml_QtQuick_Controls --> node_venv_lib_python3_12_site-packages_PyQt6_Qt6_qml_QtQuick_Controls_designer["designer"]\n    node_venv_lib_python3_12_site-packages_PyQt6_Qt6_qml_QtQuick_Controls_designer --> node_venv_lib_python3_12_site-packages_PyQt6_Qt6_qml_QtQuick_Controls_designer_ProgressBarSpecifics_qml["ProgressBarSpecifics.qml"]\n    Root --> node_venv["venv"]\n    node_venv --> node_venv_lib["lib"]\n    node_venv_lib --> node_venv_lib_python3_12["python3.12"]\n    node_venv_lib_python3_12 --> node_venv_lib_python3_12_site-packages["site-packages"]\n    node_venv_lib_python3_12_site-packages --> node_venv_lib_python3_12_site-packages_PyQt6["PyQt6"]\n    node_venv_lib_python3_12_site-packages_PyQt6 --> node_venv_lib_python3_12_site-packages_PyQt6_Qt6["Qt6"]\n    node_venv_lib_python3_12_site-packages_PyQt6_Qt6 --> node_venv_lib_python3_12_site-packages_PyQt6_Qt6_qml["qml"]\n    node_venv_lib_python3_12_site-packages_PyQt6_Qt6_qml --> node_venv_lib_python3_12_site-packages_PyQt6_Qt6_qml_QtQuick["QtQuick"]\n    node_venv_lib_python3_12_site-packages_PyQt6_Qt6_qml_QtQuick --> node_venv_lib_python3_12_site-packages_PyQt6_Qt6_qml_QtQuick_Controls["Controls"]\n    node_venv_lib_python3_12_site-packages_PyQt6_Qt6_qml_QtQuick_Controls --> node_venv_lib_python3_12_site-packages_PyQt6_Qt6_qml_QtQuick_Controls_designer["designer"]\n    node_venv_lib_python3_12_site-packages_PyQt6_Qt6_qml_QtQuick_Controls_designer --> node_venv_lib_python3_12_site-packages_PyQt6_Qt6_qml_QtQuick_Controls_designer_RadioButtonSpecifics_qml["RadioButtonSpecifics.qml"]\n    Root --> node_venv["venv"]\n    node_venv --> node_venv_lib["lib"]\n    node_venv_lib --> node_venv_lib_python3_12["python3.12"]\n    node_venv_lib_python3_12 --> node_venv_lib_python3_12_site-packages["site-packages"]\n    node_venv_lib_python3_12_site-packages --> node_venv_lib_python3_12_site-packages_PyQt6["PyQt6"]\n    node_venv_lib_python3_12_site-packages_PyQt6 --> node_venv_lib_python3_12_site-packages_PyQt6_Qt6["Qt6"]\n    node_venv_lib_python3_12_site-packages_PyQt6_Qt6 --> node_venv_lib_python3_12_site-packages_PyQt6_Qt6_qml["qml"]\n    node_venv_lib_python3_12_site-packages_PyQt6_Qt6_qml --> node_venv_lib_python3_12_site-packages_PyQt6_Qt6_qml_QtQuick["QtQuick"]\n    node_venv_lib_python3_12_site-packages_PyQt6_Qt6_qml_QtQuick --> node_venv_lib_python3_12_site-packages_PyQt6_Qt6_qml_QtQuick_Controls["Controls"]\n    node_venv_lib_python3_12_site-packages_PyQt6_Qt6_qml_QtQuick_Controls --> node_venv_lib_python3_12_site-packages_PyQt6_Qt6_qml_QtQuick_Controls_designer["designer"]\n    node_venv_lib_python3_12_site-packages_PyQt6_Qt6_qml_QtQuick_Controls_designer --> node_venv_lib_python3_12_site-packages_PyQt6_Qt6_qml_QtQuick_Controls_designer_RadioDelegateSpecifics_qml["RadioDelegateSpecifics.qml"]\n    Root --> node_venv["venv"]\n    node_venv --> node_venv_lib["lib"]\n    node_venv_lib --> node_venv_lib_python3_12["python3.12"]\n    node_venv_lib_python3_12 --> node_venv_lib_python3_12_site-packages["site-packages"]\n    node_venv_lib_python3_12_site-packages --> node_venv_lib_python3_12_site-packages_PyQt6["PyQt6"]\n    node_venv_lib_python3_12_site-packages_PyQt6 --> node_venv_lib_python3_12_site-packages_PyQt6_Qt6["Qt6"]\n    node_venv_lib_python3_12_site-packages_PyQt6_Qt6 --> node_venv_lib_python3_12_site-packages_PyQt6_Qt6_qml["qml"]\n    node_venv_lib_python3_12_site-packages_PyQt6_Qt6_qml --> node_venv_lib_python3_12_site-packages_PyQt6_Qt6_qml_QtQuick["QtQuick"]\n    node_venv_lib_python3_12_site-packages_PyQt6_Qt6_qml_QtQuick --> node_venv_lib_python3_12_site-packages_PyQt6_Qt6_qml_QtQuick_Controls["Controls"]\n    node_venv_lib_python3_12_site-packages_PyQt6_Qt6_qml_QtQuick_Controls --> node_venv_lib_python3_12_site-packages_PyQt6_Qt6_qml_QtQuick_Controls_designer["designer"]\n    node_venv_lib_python3_12_site-packages_PyQt6_Qt6_qml_QtQuick_Controls_designer --> node_venv_lib_python3_12_site-packages_PyQt6_Qt6_qml_QtQuick_Controls_designer_RangeSliderSpecifics_qml["RangeSliderSpecifics.qml"]\n    Root --> node_venv["venv"]\n    node_venv --> node_venv_lib["lib"]\n    node_venv_lib --> node_venv_lib_python3_12["python3.12"]\n    node_venv_lib_python3_12 --> node_venv_lib_python3_12_site-packages["site-packages"]\n    node_venv_lib_python3_12_site-packages --> node_venv_lib_python3_12_site-packages_PyQt6["PyQt6"]\n    node_venv_lib_python3_12_site-packages_PyQt6 --> node_venv_lib_python3_12_site-packages_PyQt6_Qt6["Qt6"]\n    node_venv_lib_python3_12_site-packages_PyQt6_Qt6 --> node_venv_lib_python3_12_site-packages_PyQt6_Qt6_qml["qml"]\n    node_venv_lib_python3_12_site-packages_PyQt6_Qt6_qml --> node_venv_lib_python3_12_site-packages_PyQt6_Qt6_qml_QtQuick["QtQuick"]\n    node_venv_lib_python3_12_site-packages_PyQt6_Qt6_qml_QtQuick --> node_venv_lib_python3_12_site-packages_PyQt6_Qt6_qml_QtQuick_Controls["Controls"]\n    node_venv_lib_python3_12_site-packages_PyQt6_Qt6_qml_QtQuick_Controls --> node_venv_lib_python3_12_site-packages_PyQt6_Qt6_qml_QtQuick_Controls_designer["designer"]\n    node_venv_lib_python3_12_site-packages_PyQt6_Qt6_qml_QtQuick_Controls_designer --> node_venv_lib_python3_12_site-packages_PyQt6_Qt6_qml_QtQuick_Controls_designer_RoundButtonSpecifics_qml["RoundButtonSpecifics.qml"]\n    Root --> node_venv["venv"]\n    node_venv --> node_venv_lib["lib"]\n    node_venv_lib --> node_venv_lib_python3_12["python3.12"]\n    node_venv_lib_python3_12 --> node_venv_lib_python3_12_site-packages["site-packages"]\n    node_venv_lib_python3_12_site-packages --> node_venv_lib_python3_12_site-packages_PyQt6["PyQt6"]\n    node_venv_lib_python3_12_site-packages_PyQt6 --> node_venv_lib_python3_12_site-packages_PyQt6_Qt6["Qt6"]\n    node_venv_lib_python3_12_site-packages_PyQt6_Qt6 --> node_venv_lib_python3_12_site-packages_PyQt6_Qt6_qml["qml"]\n    node_venv_lib_python3_12_site-packages_PyQt6_Qt6_qml --> node_venv_lib_python3_12_site-packages_PyQt6_Qt6_qml_QtQuick["QtQuick"]\n    node_venv_lib_python3_12_site-packages_PyQt6_Qt6_qml_QtQuick --> node_venv_lib_python3_12_site-packages_PyQt6_Qt6_qml_QtQuick_Controls["Controls"]\n    node_venv_lib_python3_12_site-packages_PyQt6_Qt6_qml_QtQuick_Controls --> node_venv_lib_python3_12_site-packages_PyQt6_Qt6_qml_QtQuick_Controls_designer["designer"]\n    node_venv_lib_python3_12_site-packages_PyQt6_Qt6_qml_QtQuick_Controls_designer --> node_venv_lib_python3_12_site-packages_PyQt6_Qt6_qml_QtQuick_Controls_designer_ScrollViewSpecifics_qml["ScrollViewSpecifics.qml"]\n    Root --> node_venv["venv"]\n    node_venv --> node_venv_lib["lib"]\n    node_venv_lib --> node_venv_lib_python3_12["python3.12"]\n    node_venv_lib_python3_12 --> node_venv_lib_python3_12_site-packages["site-packages"]\n    node_venv_lib_python3_12_site-packages --> node_venv_lib_python3_12_site-packages_PyQt6["PyQt6"]\n    node_venv_lib_python3_12_site-packages_PyQt6 --> node_venv_lib_python3_12_site-packages_PyQt6_Qt6["Qt6"]\n    node_venv_lib_python3_12_site-packages_PyQt6_Qt6 --> node_venv_lib_python3_12_site-packages_PyQt6_Qt6_qml["qml"]\n    node_venv_lib_python3_12_site-packages_PyQt6_Qt6_qml --> node_venv_lib_python3_12_site-packages_PyQt6_Qt6_qml_QtQuick["QtQuick"]\n    node_venv_lib_python3_12_site-packages_PyQt6_Qt6_qml_QtQuick --> node_venv_lib_python3_12_site-packages_PyQt6_Qt6_qml_QtQuick_Controls["Controls"]\n    node_venv_lib_python3_12_site-packages_PyQt6_Qt6_qml_QtQuick_Controls --> node_venv_lib_python3_12_site-packages_PyQt6_Qt6_qml_QtQuick_Controls_designer["designer"]\n    node_venv_lib_python3_12_site-packages_PyQt6_Qt6_qml_QtQuick_Controls_designer --> node_venv_lib_python3_12_site-packages_PyQt6_Qt6_qml_QtQuick_Controls_designer_SliderSpecifics_qml["SliderSpecifics.qml"]\n    Root --> node_venv["venv"]\n    node_venv --> node_venv_lib["lib"]\n    node_venv_lib --> node_venv_lib_python3_12["python3.12"]\n    node_venv_lib_python3_12 --> node_venv_lib_python3_12_site-packages["site-packages"]\n    node_venv_lib_python3_12_site-packages --> node_venv_lib_python3_12_site-packages_PyQt6["PyQt6"]\n    node_venv_lib_python3_12_site-packages_PyQt6 --> node_venv_lib_python3_12_site-packages_PyQt6_Qt6["Qt6"]\n    node_venv_lib_python3_12_site-packages_PyQt6_Qt6 --> node_venv_lib_python3_12_site-packages_PyQt6_Qt6_qml["qml"]\n    node_venv_lib_python3_12_site-packages_PyQt6_Qt6_qml --> node_venv_lib_python3_12_site-packages_PyQt6_Qt6_qml_QtQuick["QtQuick"]\n    node_venv_lib_python3_12_site-packages_PyQt6_Qt6_qml_QtQuick --> node_venv_lib_python3_12_site-packages_PyQt6_Qt6_qml_QtQuick_Controls["Controls"]\n    node_venv_lib_python3_12_site-packages_PyQt6_Qt6_qml_QtQuick_Controls --> node_venv_lib_python3_12_site-packages_PyQt6_Qt6_qml_QtQuick_Controls_designer["designer"]\n    node_venv_lib_python3_12_site-packages_PyQt6_Qt6_qml_QtQuick_Controls_designer --> node_venv_lib_python3_12_site-packages_PyQt6_Qt6_qml_QtQuick_Controls_designer_SpinBoxSpecifics_qml["SpinBoxSpecifics.qml"]\n    Root --> node_venv["venv"]\n    node_venv --> node_venv_lib["lib"]\n    node_venv_lib --> node_venv_lib_python3_12["python3.12"]\n    node_venv_lib_python3_12 --> node_venv_lib_python3_12_site-packages["site-packages"]\n    node_venv_lib_python3_12_site-packages --> node_venv_lib_python3_12_site-packages_PyQt6["PyQt6"]\n    node_venv_lib_python3_12_site-packages_PyQt6 --> node_venv_lib_python3_12_site-packages_PyQt6_Qt6["Qt6"]\n    node_venv_lib_python3_12_site-packages_PyQt6_Qt6 --> node_venv_lib_python3_12_site-packages_PyQt6_Qt6_qml["qml"]\n    node_venv_lib_python3_12_site-packages_PyQt6_Qt6_qml --> node_venv_lib_python3_12_site-packages_PyQt6_Qt6_qml_QtQuick["QtQuick"]\n    node_venv_lib_python3_12_site-packages_PyQt6_Qt6_qml_QtQuick --> node_venv_lib_python3_12_site-packages_PyQt6_Qt6_qml_QtQuick_Controls["Controls"]\n    node_venv_lib_python3_12_site-packages_PyQt6_Qt6_qml_QtQuick_Controls --> node_venv_lib_python3_12_site-packages_PyQt6_Qt6_qml_QtQuick_Controls_designer["designer"]\n    node_venv_lib_python3_12_site-packages_PyQt6_Qt6_qml_QtQuick_Controls_designer --> node_venv_lib_python3_12_site-packages_PyQt6_Qt6_qml_QtQuick_Controls_designer_StackViewSpecifics_qml["StackViewSpecifics.qml"]\n    Root --> node_venv["venv"]\n    node_venv --> node_venv_lib["lib"]\n    node_venv_lib --> node_venv_lib_python3_12["python3.12"]\n    node_venv_lib_python3_12 --> node_venv_lib_python3_12_site-packages["site-packages"]\n    node_venv_lib_python3_12_site-packages --> node_venv_lib_python3_12_site-packages_PyQt6["PyQt6"]\n    node_venv_lib_python3_12_site-packages_PyQt6 --> node_venv_lib_python3_12_site-packages_PyQt6_Qt6["Qt6"]\n    node_venv_lib_python3_12_site-packages_PyQt6_Qt6 --> node_venv_lib_python3_12_site-packages_PyQt6_Qt6_qml["qml"]\n    node_venv_lib_python3_12_site-packages_PyQt6_Qt6_qml --> node_venv_lib_python3_12_site-packages_PyQt6_Qt6_qml_QtQuick["QtQuick"]\n    node_venv_lib_python3_12_site-packages_PyQt6_Qt6_qml_QtQuick --> node_venv_lib_python3_12_site-packages_PyQt6_Qt6_qml_QtQuick_Controls["Controls"]\n    node_venv_lib_python3_12_site-packages_PyQt6_Qt6_qml_QtQuick_Controls --> node_venv_lib_python3_12_site-packages_PyQt6_Qt6_qml_QtQuick_Controls_designer["designer"]\n    node_venv_lib_python3_12_site-packages_PyQt6_Qt6_qml_QtQuick_Controls_designer --> node_venv_lib_python3_12_site-packages_PyQt6_Qt6_qml_QtQuick_Controls_designer_SwipeDelegateSpecifics_qml["SwipeDelegateSpecifics.qml"]\n    Root --> node_venv["venv"]\n    node_venv --> node_venv_lib["lib"]\n    node_venv_lib --> node_venv_lib_python3_12["python3.12"]\n    node_venv_lib_python3_12 --> node_venv_lib_python3_12_site-packages["site-packages"]\n    node_venv_lib_python3_12_site-packages --> node_venv_lib_python3_12_site-packages_PyQt6["PyQt6"]\n    node_venv_lib_python3_12_site-packages_PyQt6 --> node_venv_lib_python3_12_site-packages_PyQt6_Qt6["Qt6"]\n    node_venv_lib_python3_12_site-packages_PyQt6_Qt6 --> node_venv_lib_python3_12_site-packages_PyQt6_Qt6_qml["qml"]\n    node_venv_lib_python3_12_site-packages_PyQt6_Qt6_qml --> node_venv_lib_python3_12_site-packages_PyQt6_Qt6_qml_QtQuick["QtQuick"]\n    node_venv_lib_python3_12_site-packages_PyQt6_Qt6_qml_QtQuick --> node_venv_lib_python3_12_site-packages_PyQt6_Qt6_qml_QtQuick_Controls["Controls"]\n    node_venv_lib_python3_12_site-packages_PyQt6_Qt6_qml_QtQuick_Controls --> node_venv_lib_python3_12_site-packages_PyQt6_Qt6_qml_QtQuick_Controls_designer["designer"]\n    node_venv_lib_python3_12_site-packages_PyQt6_Qt6_qml_QtQuick_Controls_designer --> node_venv_lib_python3_12_site-packages_PyQt6_Qt6_qml_QtQuick_Controls_designer_SwipeViewSpecifics_qml["SwipeViewSpecifics.qml"]\n    Root --> node_venv["venv"]\n    node_venv --> node_venv_lib["lib"]\n    node_venv_lib --> node_venv_lib_python3_12["python3.12"]\n    node_venv_lib_python3_12 --> node_venv_lib_python3_12_site-packages["site-packages"]\n    node_venv_lib_python3_12_site-packages --> node_venv_lib_python3_12_site-packages_PyQt6["PyQt6"]\n    node_venv_lib_python3_12_site-packages_PyQt6 --> node_venv_lib_python3_12_site-packages_PyQt6_Qt6["Qt6"]\n    node_venv_lib_python3_12_site-packages_PyQt6_Qt6 --> node_venv_lib_python3_12_site-packages_PyQt6_Qt6_qml["qml"]\n    node_venv_lib_python3_12_site-packages_PyQt6_Qt6_qml --> node_venv_lib_python3_12_site-packages_PyQt6_Qt6_qml_QtQuick["QtQuick"]\n    node_venv_lib_python3_12_site-packages_PyQt6_Qt6_qml_QtQuick --> node_venv_lib_python3_12_site-packages_PyQt6_Qt6_qml_QtQuick_Controls["Controls"]\n    node_venv_lib_python3_12_site-packages_PyQt6_Qt6_qml_QtQuick_Controls --> node_venv_lib_python3_12_site-packages_PyQt6_Qt6_qml_QtQuick_Controls_designer["designer"]\n    node_venv_lib_python3_12_site-packages_PyQt6_Qt6_qml_QtQuick_Controls_designer --> node_venv_lib_python3_12_site-packages_PyQt6_Qt6_qml_QtQuick_Controls_designer_SwitchDelegateSpecifics_qml["SwitchDelegateSpecifics.qml"]\n    Root --> node_venv["venv"]\n    node_venv --> node_venv_lib["lib"]\n    node_venv_lib --> node_venv_lib_python3_12["python3.12"]\n    node_venv_lib_python3_12 --> node_venv_lib_python3_12_site-packages["site-packages"]\n    node_venv_lib_python3_12_site-packages --> node_venv_lib_python3_12_site-packages_PyQt6["PyQt6"]\n    node_venv_lib_python3_12_site-packages_PyQt6 --> node_venv_lib_python3_12_site-packages_PyQt6_Qt6["Qt6"]\n    node_venv_lib_python3_12_site-packages_PyQt6_Qt6 --> node_venv_lib_python3_12_site-packages_PyQt6_Qt6_qml["qml"]\n    node_venv_lib_python3_12_site-packages_PyQt6_Qt6_qml --> node_venv_lib_python3_12_site-packages_PyQt6_Qt6_qml_QtQuick["QtQuick"]\n    node_venv_lib_python3_12_site-packages_PyQt6_Qt6_qml_QtQuick --> node_venv_lib_python3_12_site-packages_PyQt6_Qt6_qml_QtQuick_Controls["Controls"]\n    node_venv_lib_python3_12_site-packages_PyQt6_Qt6_qml_QtQuick_Controls --> node_venv_lib_python3_12_site-packages_PyQt6_Qt6_qml_QtQuick_Controls_designer["designer"]\n    node_venv_lib_python3_12_site-packages_PyQt6_Qt6_qml_QtQuick_Controls_designer --> node_venv_lib_python3_12_site-packages_PyQt6_Qt6_qml_QtQuick_Controls_designer_SwitchSpecifics_qml["SwitchSpecifics.qml"]\n    Root --> node_venv["venv"]\n    node_venv --> node_venv_lib["lib"]\n    node_venv_lib --> node_venv_lib_python3_12["python3.12"]\n    node_venv_lib_python3_12 --> node_venv_lib_python3_12_site-packages["site-packages"]\n    node_venv_lib_python3_12_site-packages --> node_venv_lib_python3_12_site-packages_PyQt6["PyQt6"]\n    node_venv_lib_python3_12_site-packages_PyQt6 --> node_venv_lib_python3_12_site-packages_PyQt6_Qt6["Qt6"]\n    node_venv_lib_python3_12_site-packages_PyQt6_Qt6 --> node_venv_lib_python3_12_site-packages_PyQt6_Qt6_qml["qml"]\n    node_venv_lib_python3_12_site-packages_PyQt6_Qt6_qml --> node_venv_lib_python3_12_site-packages_PyQt6_Qt6_qml_QtQuick["QtQuick"]\n    node_venv_lib_python3_12_site-packages_PyQt6_Qt6_qml_QtQuick --> node_venv_lib_python3_12_site-packages_PyQt6_Qt6_qml_QtQuick_Controls["Controls"]\n    node_venv_lib_python3_12_site-packages_PyQt6_Qt6_qml_QtQuick_Controls --> node_venv_lib_python3_12_site-packages_PyQt6_Qt6_qml_QtQuick_Controls_designer["designer"]\n    node_venv_lib_python3_12_site-packages_PyQt6_Qt6_qml_QtQuick_Controls_designer --> node_venv_lib_python3_12_site-packages_PyQt6_Qt6_qml_QtQuick_Controls_designer_TabBarSpecifics_qml["TabBarSpecifics.qml"]\n    Root --> node_venv["venv"]\n    node_venv --> node_venv_lib["lib"]\n    node_venv_lib --> node_venv_lib_python3_12["python3.12"]\n    node_venv_lib_python3_12 --> node_venv_lib_python3_12_site-packages["site-packages"]\n    node_venv_lib_python3_12_site-packages --> node_venv_lib_python3_12_site-packages_PyQt6["PyQt6"]\n    node_venv_lib_python3_12_site-packages_PyQt6 --> node_venv_lib_python3_12_site-packages_PyQt6_Qt6["Qt6"]\n    node_venv_lib_python3_12_site-packages_PyQt6_Qt6 --> node_venv_lib_python3_12_site-packages_PyQt6_Qt6_qml["qml"]\n    node_venv_lib_python3_12_site-packages_PyQt6_Qt6_qml --> node_venv_lib_python3_12_site-packages_PyQt6_Qt6_qml_QtQuick["QtQuick"]\n    node_venv_lib_python3_12_site-packages_PyQt6_Qt6_qml_QtQuick --> node_venv_lib_python3_12_site-packages_PyQt6_Qt6_qml_QtQuick_Controls["Controls"]\n    node_venv_lib_python3_12_site-packages_PyQt6_Qt6_qml_QtQuick_Controls --> node_venv_lib_python3_12_site-packages_PyQt6_Qt6_qml_QtQuick_Controls_designer["designer"]\n    node_venv_lib_python3_12_site-packages_PyQt6_Qt6_qml_QtQuick_Controls_designer --> node_venv_lib_python3_12_site-packages_PyQt6_Qt6_qml_QtQuick_Controls_designer_TabButtonSpecifics_qml["TabButtonSpecifics.qml"]\n    Root --> node_venv["venv"]\n    node_venv --> node_venv_lib["lib"]\n    node_venv_lib --> node_venv_lib_python3_12["python3.12"]\n    node_venv_lib_python3_12 --> node_venv_lib_python3_12_site-packages["site-packages"]\n    node_venv_lib_python3_12_site-packages --> node_venv_lib_python3_12_site-packages_PyQt6["PyQt6"]\n    node_venv_lib_python3_12_site-packages_PyQt6 --> node_venv_lib_python3_12_site-packages_PyQt6_Qt6["Qt6"]\n    node_venv_lib_python3_12_site-packages_PyQt6_Qt6 --> node_venv_lib_python3_12_site-packages_PyQt6_Qt6_qml["qml"]\n    node_venv_lib_python3_12_site-packages_PyQt6_Qt6_qml --> node_venv_lib_python3_12_site-packages_PyQt6_Qt6_qml_QtQuick["QtQuick"]\n    node_venv_lib_python3_12_site-packages_PyQt6_Qt6_qml_QtQuick --> node_venv_lib_python3_12_site-packages_PyQt6_Qt6_qml_QtQuick_Controls["Controls"]\n    node_venv_lib_python3_12_site-packages_PyQt6_Qt6_qml_QtQuick_Controls --> node_venv_lib_python3_12_site-packages_PyQt6_Qt6_qml_QtQuick_Controls_designer["designer"]\n    node_venv_lib_python3_12_site-packages_PyQt6_Qt6_qml_QtQuick_Controls_designer --> node_venv_lib_python3_12_site-packages_PyQt6_Qt6_qml_QtQuick_Controls_designer_TextAreaSpecifics_qml["TextAreaSpecifics.qml"]\n    Root --> node_venv["venv"]\n    node_venv --> node_venv_lib["lib"]\n    node_venv_lib --> node_venv_lib_python3_12["python3.12"]\n    node_venv_lib_python3_12 --> node_venv_lib_python3_12_site-packages["site-packages"]\n    node_venv_lib_python3_12_site-packages --> node_venv_lib_python3_12_site-packages_PyQt6["PyQt6"]\n    node_venv_lib_python3_12_site-packages_PyQt6 --> node_venv_lib_python3_12_site-packages_PyQt6_Qt6["Qt6"]\n    node_venv_lib_python3_12_site-packages_PyQt6_Qt6 --> node_venv_lib_python3_12_site-packages_PyQt6_Qt6_qml["qml"]\n    node_venv_lib_python3_12_site-packages_PyQt6_Qt6_qml --> node_venv_lib_python3_12_site-packages_PyQt6_Qt6_qml_QtQuick["QtQuick"]\n    node_venv_lib_python3_12_site-packages_PyQt6_Qt6_qml_QtQuick --> node_venv_lib_python3_12_site-packages_PyQt6_Qt6_qml_QtQuick_Controls["Controls"]\n    node_venv_lib_python3_12_site-packages_PyQt6_Qt6_qml_QtQuick_Controls --> node_venv_lib_python3_12_site-packages_PyQt6_Qt6_qml_QtQuick_Controls_designer["designer"]\n    node_venv_lib_python3_12_site-packages_PyQt6_Qt6_qml_QtQuick_Controls_designer --> node_venv_lib_python3_12_site-packages_PyQt6_Qt6_qml_QtQuick_Controls_designer_TextFieldSpecifics_qml["TextFieldSpecifics.qml"]\n    Root --> node_venv["venv"]\n    node_venv --> node_venv_lib["lib"]\n    node_venv_lib --> node_venv_lib_python3_12["python3.12"]\n    node_venv_lib_python3_12 --> node_venv_lib_python3_12_site-packages["site-packages"]\n    node_venv_lib_python3_12_site-packages --> node_venv_lib_python3_12_site-packages_PyQt6["PyQt6"]\n    node_venv_lib_python3_12_site-packages_PyQt6 --> node_venv_lib_python3_12_site-packages_PyQt6_Qt6["Qt6"]\n    node_venv_lib_python3_12_site-packages_PyQt6_Qt6 --> node_venv_lib_python3_12_site-packages_PyQt6_Qt6_qml["qml"]\n    node_venv_lib_python3_12_site-packages_PyQt6_Qt6_qml --> node_venv_lib_python3_12_site-packages_PyQt6_Qt6_qml_QtQuick["QtQuick"]\n    node_venv_lib_python3_12_site-packages_PyQt6_Qt6_qml_QtQuick --> node_venv_lib_python3_12_site-packages_PyQt6_Qt6_qml_QtQuick_Controls["Controls"]\n    node_venv_lib_python3_12_site-packages_PyQt6_Qt6_qml_QtQuick_Controls --> node_venv_lib_python3_12_site-packages_PyQt6_Qt6_qml_QtQuick_Controls_designer["designer"]\n    node_venv_lib_python3_12_site-packages_PyQt6_Qt6_qml_QtQuick_Controls_designer --> node_venv_lib_python3_12_site-packages_PyQt6_Qt6_qml_QtQuick_Controls_designer_ToolBarSpecifics_qml["ToolBarSpecifics.qml"]\n    Root --> node_venv["venv"]\n    node_venv --> node_venv_lib["lib"]\n    node_venv_lib --> node_venv_lib_python3_12["python3.12"]\n    node_venv_lib_python3_12 --> node_venv_lib_python3_12_site-packages["site-packages"]\n    node_venv_lib_python3_12_site-packages --> node_venv_lib_python3_12_site-packages_PyQt6["PyQt6"]\n    node_venv_lib_python3_12_site-packages_PyQt6 --> node_venv_lib_python3_12_site-packages_PyQt6_Qt6["Qt6"]\n    node_venv_lib_python3_12_site-packages_PyQt6_Qt6 --> node_venv_lib_python3_12_site-packages_PyQt6_Qt6_qml["qml"]\n    node_venv_lib_python3_12_site-packages_PyQt6_Qt6_qml --> node_venv_lib_python3_12_site-packages_PyQt6_Qt6_qml_QtQuick["QtQuick"]\n    node_venv_lib_python3_12_site-packages_PyQt6_Qt6_qml_QtQuick --> node_venv_lib_python3_12_site-packages_PyQt6_Qt6_qml_QtQuick_Controls["Controls"]\n    node_venv_lib_python3_12_site-packages_PyQt6_Qt6_qml_QtQuick_Controls --> node_venv_lib_python3_12_site-packages_PyQt6_Qt6_qml_QtQuick_Controls_designer["designer"]\n    node_venv_lib_python3_12_site-packages_PyQt6_Qt6_qml_QtQuick_Controls_designer --> node_venv_lib_python3_12_site-packages_PyQt6_Qt6_qml_QtQuick_Controls_designer_ToolButtonSpecifics_qml["ToolButtonSpecifics.qml"]\n    Root --> node_venv["venv"]\n    node_venv --> node_venv_lib["lib"]\n    node_venv_lib --> node_venv_lib_python3_12["python3.12"]\n    node_venv_lib_python3_12 --> node_venv_lib_python3_12_site-packages["site-packages"]\n    node_venv_lib_python3_12_site-packages --> node_venv_lib_python3_12_site-packages_PyQt6["PyQt6"]\n    node_venv_lib_python3_12_site-packages_PyQt6 --> node_venv_lib_python3_12_site-packages_PyQt6_Qt6["Qt6"]\n    node_venv_lib_python3_12_site-packages_PyQt6_Qt6 --> node_venv_lib_python3_12_site-packages_PyQt6_Qt6_qml["qml"]\n    node_venv_lib_python3_12_site-packages_PyQt6_Qt6_qml --> node_venv_lib_python3_12_site-packages_PyQt6_Qt6_qml_QtQuick["QtQuick"]\n    node_venv_lib_python3_12_site-packages_PyQt6_Qt6_qml_QtQuick --> node_venv_lib_python3_12_site-packages_PyQt6_Qt6_qml_QtQuick_Controls["Controls"]\n    node_venv_lib_python3_12_site-packages_PyQt6_Qt6_qml_QtQuick_Controls --> node_venv_lib_python3_12_site-packages_PyQt6_Qt6_qml_QtQuick_Controls_designer["designer"]\n    node_venv_lib_python3_12_site-packages_PyQt6_Qt6_qml_QtQuick_Controls_designer --> node_venv_lib_python3_12_site-packages_PyQt6_Qt6_qml_QtQuick_Controls_designer_ToolSeparatorSpecifics_qml["ToolSeparatorSpecifics.qml"]\n    Root --> node_venv["venv"]\n    node_venv --> node_venv_lib["lib"]\n    node_venv_lib --> node_venv_lib_python3_12["python3.12"]\n    node_venv_lib_python3_12 --> node_venv_lib_python3_12_site-packages["site-packages"]\n    node_venv_lib_python3_12_site-packages --> node_venv_lib_python3_12_site-packages_PyQt6["PyQt6"]\n    node_venv_lib_python3_12_site-packages_PyQt6 --> node_venv_lib_python3_12_site-packages_PyQt6_Qt6["Qt6"]\n    node_venv_lib_python3_12_site-packages_PyQt6_Qt6 --> node_venv_lib_python3_12_site-packages_PyQt6_Qt6_qml["qml"]\n    node_venv_lib_python3_12_site-packages_PyQt6_Qt6_qml --> node_venv_lib_python3_12_site-packages_PyQt6_Qt6_qml_QtQuick["QtQuick"]\n    node_venv_lib_python3_12_site-packages_PyQt6_Qt6_qml_QtQuick --> node_venv_lib_python3_12_site-packages_PyQt6_Qt6_qml_QtQuick_Controls["Controls"]\n    node_venv_lib_python3_12_site-packages_PyQt6_Qt6_qml_QtQuick_Controls --> node_venv_lib_python3_12_site-packages_PyQt6_Qt6_qml_QtQuick_Controls_designer["designer"]\n    node_venv_lib_python3_12_site-packages_PyQt6_Qt6_qml_QtQuick_Controls_designer --> node_venv_lib_python3_12_site-packages_PyQt6_Qt6_qml_QtQuick_Controls_designer_TumblerSpecifics_qml["TumblerSpecifics.qml"]\n    Root --> node_venv["venv"]\n    node_venv --> node_venv_lib["lib"]\n    node_venv_lib --> node_venv_lib_python3_12["python3.12"]\n    node_venv_lib_python3_12 --> node_venv_lib_python3_12_site-packages["site-packages"]\n    node_venv_lib_python3_12_site-packages --> node_venv_lib_python3_12_site-packages_PyQt6["PyQt6"]\n    node_venv_lib_python3_12_site-packages_PyQt6 --> node_venv_lib_python3_12_site-packages_PyQt6_Qt6["Qt6"]\n    node_venv_lib_python3_12_site-packages_PyQt6_Qt6 --> node_venv_lib_python3_12_site-packages_PyQt6_Qt6_qml["qml"]\n    node_venv_lib_python3_12_site-packages_PyQt6_Qt6_qml --> node_venv_lib_python3_12_site-packages_PyQt6_Qt6_qml_QtQuick["QtQuick"]\n    node_venv_lib_python3_12_site-packages_PyQt6_Qt6_qml_QtQuick --> node_venv_lib_python3_12_site-packages_PyQt6_Qt6_qml_QtQuick_Controls["Controls"]\n    node_venv_lib_python3_12_site-packages_PyQt6_Qt6_qml_QtQuick_Controls --> node_venv_lib_python3_12_site-packages_PyQt6_Qt6_qml_QtQuick_Controls_designer["designer"]\n    node_venv_lib_python3_12_site-packages_PyQt6_Qt6_qml_QtQuick_Controls_designer --> node_venv_lib_python3_12_site-packages_PyQt6_Qt6_qml_QtQuick_Controls_designer_qtquickcontrols2_metainfo["qtquickcontrols2.metainfo"]\n    Root --> node_venv["venv"]\n    node_venv --> node_venv_lib["lib"]\n    node_venv_lib --> node_venv_lib_python3_12["python3.12"]\n    node_venv_lib_python3_12 --> node_venv_lib_python3_12_site-packages["site-packages"]\n    node_venv_lib_python3_12_site-packages --> node_venv_lib_python3_12_site-packages_PyQt6["PyQt6"]\n    node_venv_lib_python3_12_site-packages_PyQt6 --> node_venv_lib_python3_12_site-packages_PyQt6_Qt6["Qt6"]\n    node_venv_lib_python3_12_site-packages_PyQt6_Qt6 --> node_venv_lib_python3_12_site-packages_PyQt6_Qt6_qml["qml"]\n    node_venv_lib_python3_12_site-packages_PyQt6_Qt6_qml --> node_venv_lib_python3_12_site-packages_PyQt6_Qt6_qml_QtQuick["QtQuick"]\n    node_venv_lib_python3_12_site-packages_PyQt6_Qt6_qml_QtQuick --> node_venv_lib_python3_12_site-packages_PyQt6_Qt6_qml_QtQuick_Controls["Controls"]\n    node_venv_lib_python3_12_site-packages_PyQt6_Qt6_qml_QtQuick_Controls --> node_venv_lib_python3_12_site-packages_PyQt6_Qt6_qml_QtQuick_Controls_designer["designer"]\n    node_venv_lib_python3_12_site-packages_PyQt6_Qt6_qml_QtQuick_Controls_designer --> node_venv_lib_python3_12_site-packages_PyQt6_Qt6_qml_QtQuick_Controls_designer_images["images"]\n    node_venv_lib_python3_12_site-packages_PyQt6_Qt6_qml_QtQuick_Controls_designer_images --> node_venv_lib_python3_12_site-packages_PyQt6_Qt6_qml_QtQuick_Controls_designer_images_busyindicator-icon_png["busyindicator-icon.png"]\n    Root --> node_venv["venv"]\n    node_venv --> node_venv_lib["lib"]\n    node_venv_lib --> node_venv_lib_python3_12["python3.12"]\n    node_venv_lib_python3_12 --> node_venv_lib_python3_12_site-packages["site-packages"]\n    node_venv_lib_python3_12_site-packages --> node_venv_lib_python3_12_site-packages_PyQt6["PyQt6"]\n    node_venv_lib_python3_12_site-packages_PyQt6 --> node_venv_lib_python3_12_site-packages_PyQt6_Qt6["Qt6"]\n    node_venv_lib_python3_12_site-packages_PyQt6_Qt6 --> node_venv_lib_python3_12_site-packages_PyQt6_Qt6_qml["qml"]\n    node_venv_lib_python3_12_site-packages_PyQt6_Qt6_qml --> node_venv_lib_python3_12_site-packages_PyQt6_Qt6_qml_QtQuick["QtQuick"]\n    node_venv_lib_python3_12_site-packages_PyQt6_Qt6_qml_QtQuick --> node_venv_lib_python3_12_site-packages_PyQt6_Qt6_qml_QtQuick_Controls["Controls"]\n    node_venv_lib_python3_12_site-packages_PyQt6_Qt6_qml_QtQuick_Controls --> node_venv_lib_python3_12_site-packages_PyQt6_Qt6_qml_QtQuick_Controls_designer["designer"]\n    node_venv_lib_python3_12_site-packages_PyQt6_Qt6_qml_QtQuick_Controls_designer --> node_venv_lib_python3_12_site-packages_PyQt6_Qt6_qml_QtQuick_Controls_designer_images["images"]\n    node_venv_lib_python3_12_site-packages_PyQt6_Qt6_qml_QtQuick_Controls_designer_images --> node_venv_lib_python3_12_site-packages_PyQt6_Qt6_qml_QtQuick_Controls_designer_images_busyindicator-icon16_png["busyindicator-icon16.png"]\n    Root --> node_venv["venv"]\n    node_venv --> node_venv_lib["lib"]\n    node_venv_lib --> node_venv_lib_python3_12["python3.12"]\n    node_venv_lib_python3_12 --> node_venv_lib_python3_12_site-packages["site-packages"]\n    node_venv_lib_python3_12_site-packages --> node_venv_lib_python3_12_site-packages_PyQt6["PyQt6"]\n    node_venv_lib_python3_12_site-packages_PyQt6 --> node_venv_lib_python3_12_site-packages_PyQt6_Qt6["Qt6"]\n    node_venv_lib_python3_12_site-packages_PyQt6_Qt6 --> node_venv_lib_python3_12_site-packages_PyQt6_Qt6_qml["qml"]\n    node_venv_lib_python3_12_site-packages_PyQt6_Qt6_qml --> node_venv_lib_python3_12_site-packages_PyQt6_Qt6_qml_QtQuick["QtQuick"]\n    node_venv_lib_python3_12_site-packages_PyQt6_Qt6_qml_QtQuick --> node_venv_lib_python3_12_site-packages_PyQt6_Qt6_qml_QtQuick_Controls["Controls"]\n    node_venv_lib_python3_12_site-packages_PyQt6_Qt6_qml_QtQuick_Controls --> node_venv_lib_python3_12_site-packages_PyQt6_Qt6_qml_QtQuick_Controls_designer["designer"]\n    node_venv_lib_python3_12_site-packages_PyQt6_Qt6_qml_QtQuick_Controls_designer --> node_venv_lib_python3_12_site-packages_PyQt6_Qt6_qml_QtQuick_Controls_designer_images["images"]\n    node_venv_lib_python3_12_site-packages_PyQt6_Qt6_qml_QtQuick_Controls_designer_images --> node_venv_lib_python3_12_site-packages_PyQt6_Qt6_qml_QtQuick_Controls_designer_images_busyindicator-icon@2x_png["busyindicator-icon@2x.png"]\n    Root --> node_venv["venv"]\n    node_venv --> node_venv_lib["lib"]\n    node_venv_lib --> node_venv_lib_python3_12["python3.12"]\n    node_venv_lib_python3_12 --> node_venv_lib_python3_12_site-packages["site-packages"]\n    node_venv_lib_python3_12_site-packages --> node_venv_lib_python3_12_site-packages_PyQt6["PyQt6"]\n    node_venv_lib_python3_12_site-packages_PyQt6 --> node_venv_lib_python3_12_site-packages_PyQt6_Qt6["Qt6"]\n    node_venv_lib_python3_12_site-packages_PyQt6_Qt6 --> node_venv_lib_python3_12_site-packages_PyQt6_Qt6_qml["qml"]\n    node_venv_lib_python3_12_site-packages_PyQt6_Qt6_qml --> node_venv_lib_python3_12_site-packages_PyQt6_Qt6_qml_QtQuick["QtQuick"]\n    node_venv_lib_python3_12_site-packages_PyQt6_Qt6_qml_QtQuick --> node_venv_lib_python3_12_site-packages_PyQt6_Qt6_qml_QtQuick_Controls["Controls"]\n    node_venv_lib_python3_12_site-packages_PyQt6_Qt6_qml_QtQuick_Controls --> node_venv_lib_python3_12_site-packages_PyQt6_Qt6_qml_QtQuick_Controls_designer["designer"]\n    node_venv_lib_python3_12_site-packages_PyQt6_Qt6_qml_QtQuick_Controls_designer --> node_venv_lib_python3_12_site-packages_PyQt6_Qt6_qml_QtQuick_Controls_designer_images["images"]\n    node_venv_lib_python3_12_site-packages_PyQt6_Qt6_qml_QtQuick_Controls_designer_images --> node_venv_lib_python3_12_site-packages_PyQt6_Qt6_qml_QtQuick_Controls_designer_images_button-icon_png["button-icon.png"]\n    Root --> node_venv["venv"]\n    node_venv --> node_venv_lib["lib"]\n    node_venv_lib --> node_venv_lib_python3_12["python3.12"]\n    node_venv_lib_python3_12 --> node_venv_lib_python3_12_site-packages["site-packages"]\n    node_venv_lib_python3_12_site-packages --> node_venv_lib_python3_12_site-packages_PyQt6["PyQt6"]\n    node_venv_lib_python3_12_site-packages_PyQt6 --> node_venv_lib_python3_12_site-packages_PyQt6_Qt6["Qt6"]\n    node_venv_lib_python3_12_site-packages_PyQt6_Qt6 --> node_venv_lib_python3_12_site-packages_PyQt6_Qt6_qml["qml"]\n    node_venv_lib_python3_12_site-packages_PyQt6_Qt6_qml --> node_venv_lib_python3_12_site-packages_PyQt6_Qt6_qml_QtQuick["QtQuick"]\n    node_venv_lib_python3_12_site-packages_PyQt6_Qt6_qml_QtQuick --> node_venv_lib_python3_12_site-packages_PyQt6_Qt6_qml_QtQuick_Controls["Controls"]\n    node_venv_lib_python3_12_site-packages_PyQt6_Qt6_qml_QtQuick_Controls --> node_venv_lib_python3_12_site-packages_PyQt6_Qt6_qml_QtQuick_Controls_designer["designer"]\n    node_venv_lib_python3_12_site-packages_PyQt6_Qt6_qml_QtQuick_Controls_designer --> node_venv_lib_python3_12_site-packages_PyQt6_Qt6_qml_QtQuick_Controls_designer_images["images"]\n    node_venv_lib_python3_12_site-packages_PyQt6_Qt6_qml_QtQuick_Controls_designer_images --> node_venv_lib_python3_12_site-packages_PyQt6_Qt6_qml_QtQuick_Controls_designer_images_button-icon16_png["button-icon16.png"]\n    Root --> node_venv["venv"]\n    node_venv --> node_venv_lib["lib"]\n    node_venv_lib --> node_venv_lib_python3_12["python3.12"]\n    node_venv_lib_python3_12 --> node_venv_lib_python3_12_site-packages["site-packages"]\n    node_venv_lib_python3_12_site-packages --> node_venv_lib_python3_12_site-packages_PyQt6["PyQt6"]\n    node_venv_lib_python3_12_site-packages_PyQt6 --> node_venv_lib_python3_12_site-packages_PyQt6_Qt6["Qt6"]\n    node_venv_lib_python3_12_site-packages_PyQt6_Qt6 --> node_venv_lib_python3_12_site-packages_PyQt6_Qt6_qml["qml"]\n    node_venv_lib_python3_12_site-packages_PyQt6_Qt6_qml --> node_venv_lib_python3_12_site-packages_PyQt6_Qt6_qml_QtQuick["QtQuick"]\n    node_venv_lib_python3_12_site-packages_PyQt6_Qt6_qml_QtQuick --> node_venv_lib_python3_12_site-packages_PyQt6_Qt6_qml_QtQuick_Controls["Controls"]\n    node_venv_lib_python3_12_site-packages_PyQt6_Qt6_qml_QtQuick_Controls --> node_venv_lib_python3_12_site-packages_PyQt6_Qt6_qml_QtQuick_Controls_designer["designer"]\n    node_venv_lib_python3_12_site-packages_PyQt6_Qt6_qml_QtQuick_Controls_designer --> node_venv_lib_python3_12_site-packages_PyQt6_Qt6_qml_QtQuick_Controls_designer_images["images"]\n    node_venv_lib_python3_12_site-packages_PyQt6_Qt6_qml_QtQuick_Controls_designer_images --> node_venv_lib_python3_12_site-packages_PyQt6_Qt6_qml_QtQuick_Controls_designer_images_button-icon@2x_png["button-icon@2x.png"]\n    Root --> node_venv["venv"]\n    node_venv --> node_venv_lib["lib"]\n    node_venv_lib --> node_venv_lib_python3_12["python3.12"]\n    node_venv_lib_python3_12 --> node_venv_lib_python3_12_site-packages["site-packages"]\n    node_venv_lib_python3_12_site-packages --> node_venv_lib_python3_12_site-packages_PyQt6["PyQt6"]\n    node_venv_lib_python3_12_site-packages_PyQt6 --> node_venv_lib_python3_12_site-packages_PyQt6_Qt6["Qt6"]\n    node_venv_lib_python3_12_site-packages_PyQt6_Qt6 --> node_venv_lib_python3_12_site-packages_PyQt6_Qt6_qml["qml"]\n    node_venv_lib_python3_12_site-packages_PyQt6_Qt6_qml --> node_venv_lib_python3_12_site-packages_PyQt6_Qt6_qml_QtQuick["QtQuick"]\n    node_venv_lib_python3_12_site-packages_PyQt6_Qt6_qml_QtQuick --> node_venv_lib_python3_12_site-packages_PyQt6_Qt6_qml_QtQuick_Controls["Controls"]\n    node_venv_lib_python3_12_site-packages_PyQt6_Qt6_qml_QtQuick_Controls --> node_venv_lib_python3_12_site-packages_PyQt6_Qt6_qml_QtQuick_Controls_designer["designer"]\n    node_venv_lib_python3_12_site-packages_PyQt6_Qt6_qml_QtQuick_Controls_designer --> node_venv_lib_python3_12_site-packages_PyQt6_Qt6_qml_QtQuick_Controls_designer_images["images"]\n    node_venv_lib_python3_12_site-packages_PyQt6_Qt6_qml_QtQuick_Controls_designer_images --> node_venv_lib_python3_12_site-packages_PyQt6_Qt6_qml_QtQuick_Controls_designer_images_checkbox-icon_png["checkbox-icon.png"]\n    Root --> node_venv["venv"]\n    node_venv --> node_venv_lib["lib"]\n    node_venv_lib --> node_venv_lib_python3_12["python3.12"]\n    node_venv_lib_python3_12 --> node_venv_lib_python3_12_site-packages["site-packages"]\n    node_venv_lib_python3_12_site-packages --> node_venv_lib_python3_12_site-packages_PyQt6["PyQt6"]\n    node_venv_lib_python3_12_site-packages_PyQt6 --> node_venv_lib_python3_12_site-packages_PyQt6_Qt6["Qt6"]\n    node_venv_lib_python3_12_site-packages_PyQt6_Qt6 --> node_venv_lib_python3_12_site-packages_PyQt6_Qt6_qml["qml"]\n    node_venv_lib_python3_12_site-packages_PyQt6_Qt6_qml --> node_venv_lib_python3_12_site-packages_PyQt6_Qt6_qml_QtQuick["QtQuick"]\n    node_venv_lib_python3_12_site-packages_PyQt6_Qt6_qml_QtQuick --> node_venv_lib_python3_12_site-packages_PyQt6_Qt6_qml_QtQuick_Controls["Controls"]\n    node_venv_lib_python3_12_site-packages_PyQt6_Qt6_qml_QtQuick_Controls --> node_venv_lib_python3_12_site-packages_PyQt6_Qt6_qml_QtQuick_Controls_designer["designer"]\n    node_venv_lib_python3_12_site-packages_PyQt6_Qt6_qml_QtQuick_Controls_designer --> node_venv_lib_python3_12_site-packages_PyQt6_Qt6_qml_QtQuick_Controls_designer_images["images"]\n    node_venv_lib_python3_12_site-packages_PyQt6_Qt6_qml_QtQuick_Controls_designer_images --> node_venv_lib_python3_12_site-packages_PyQt6_Qt6_qml_QtQuick_Controls_designer_images_checkbox-icon16_png["checkbox-icon16.png"]\n    Root --> node_venv["venv"]\n    node_venv --> node_venv_lib["lib"]\n    node_venv_lib --> node_venv_lib_python3_12["python3.12"]\n    node_venv_lib_python3_12 --> node_venv_lib_python3_12_site-packages["site-packages"]\n    node_venv_lib_python3_12_site-packages --> node_venv_lib_python3_12_site-packages_PyQt6["PyQt6"]\n    node_venv_lib_python3_12_site-packages_PyQt6 --> node_venv_lib_python3_12_site-packages_PyQt6_Qt6["Qt6"]\n    node_venv_lib_python3_12_site-packages_PyQt6_Qt6 --> node_venv_lib_python3_12_site-packages_PyQt6_Qt6_qml["qml"]\n    node_venv_lib_python3_12_site-packages_PyQt6_Qt6_qml --> node_venv_lib_python3_12_site-packages_PyQt6_Qt6_qml_QtQuick["QtQuick"]\n    node_venv_lib_python3_12_site-packages_PyQt6_Qt6_qml_QtQuick --> node_venv_lib_python3_12_site-packages_PyQt6_Qt6_qml_QtQuick_Controls["Controls"]\n    node_venv_lib_python3_12_site-packages_PyQt6_Qt6_qml_QtQuick_Controls --> node_venv_lib_python3_12_site-packages_PyQt6_Qt6_qml_QtQuick_Controls_designer["designer"]\n    node_venv_lib_python3_12_site-packages_PyQt6_Qt6_qml_QtQuick_Controls_designer --> node_venv_lib_python3_12_site-packages_PyQt6_Qt6_qml_QtQuick_Controls_designer_images["images"]\n    node_venv_lib_python3_12_site-packages_PyQt6_Qt6_qml_QtQuick_Controls_designer_images --> node_venv_lib_python3_12_site-packages_PyQt6_Qt6_qml_QtQuick_Controls_designer_images_checkbox-icon@2x_png["checkbox-icon@2x.png"]\n    Root --> node_venv["venv"]\n    node_venv --> node_venv_lib["lib"]\n    node_venv_lib --> node_venv_lib_python3_12["python3.12"]\n    node_venv_lib_python3_12 --> node_venv_lib_python3_12_site-packages["site-packages"]\n    node_venv_lib_python3_12_site-packages --> node_venv_lib_python3_12_site-packages_PyQt6["PyQt6"]\n    node_venv_lib_python3_12_site-packages_PyQt6 --> node_venv_lib_python3_12_site-packages_PyQt6_Qt6["Qt6"]\n    node_venv_lib_python3_12_site-packages_PyQt6_Qt6 --> node_venv_lib_python3_12_site-packages_PyQt6_Qt6_qml["qml"]\n    node_venv_lib_python3_12_site-packages_PyQt6_Qt6_qml --> node_venv_lib_python3_12_site-packages_PyQt6_Qt6_qml_QtQuick["QtQuick"]\n    node_venv_lib_python3_12_site-packages_PyQt6_Qt6_qml_QtQuick --> node_venv_lib_python3_12_site-packages_PyQt6_Qt6_qml_QtQuick_Controls["Controls"]\n    node_venv_lib_python3_12_site-packages_PyQt6_Qt6_qml_QtQuick_Controls --> node_venv_lib_python3_12_site-packages_PyQt6_Qt6_qml_QtQuick_Controls_designer["designer"]\n    node_venv_lib_python3_12_site-packages_PyQt6_Qt6_qml_QtQuick_Controls_designer --> node_venv_lib_python3_12_site-packages_PyQt6_Qt6_qml_QtQuick_Controls_designer_images["images"]\n    node_venv_lib_python3_12_site-packages_PyQt6_Qt6_qml_QtQuick_Controls_designer_images --> node_venv_lib_python3_12_site-packages_PyQt6_Qt6_qml_QtQuick_Controls_designer_images_combobox-icon_png["combobox-icon.png"]\n    Root --> node_venv["venv"]\n    node_venv --> node_venv_lib["lib"]\n    node_venv_lib --> node_venv_lib_python3_12["python3.12"]\n    node_venv_lib_python3_12 --> node_venv_lib_python3_12_site-packages["site-packages"]\n    node_venv_lib_python3_12_site-packages --> node_venv_lib_python3_12_site-packages_PyQt6["PyQt6"]\n    node_venv_lib_python3_12_site-packages_PyQt6 --> node_venv_lib_python3_12_site-packages_PyQt6_Qt6["Qt6"]\n    node_venv_lib_python3_12_site-packages_PyQt6_Qt6 --> node_venv_lib_python3_12_site-packages_PyQt6_Qt6_qml["qml"]\n    node_venv_lib_python3_12_site-packages_PyQt6_Qt6_qml --> node_venv_lib_python3_12_site-packages_PyQt6_Qt6_qml_QtQuick["QtQuick"]\n    node_venv_lib_python3_12_site-packages_PyQt6_Qt6_qml_QtQuick --> node_venv_lib_python3_12_site-packages_PyQt6_Qt6_qml_QtQuick_Controls["Controls"]\n    node_venv_lib_python3_12_site-packages_PyQt6_Qt6_qml_QtQuick_Controls --> node_venv_lib_python3_12_site-packages_PyQt6_Qt6_qml_QtQuick_Controls_designer["designer"]\n    node_venv_lib_python3_12_site-packages_PyQt6_Qt6_qml_QtQuick_Controls_designer --> node_venv_lib_python3_12_site-packages_PyQt6_Qt6_qml_QtQuick_Controls_designer_images["images"]\n    node_venv_lib_python3_12_site-packages_PyQt6_Qt6_qml_QtQuick_Controls_designer_images --> node_venv_lib_python3_12_site-packages_PyQt6_Qt6_qml_QtQuick_Controls_designer_images_combobox-icon16_png["combobox-icon16.png"]\n    Root --> node_venv["venv"]\n    node_venv --> node_venv_lib["lib"]\n    node_venv_lib --> node_venv_lib_python3_12["python3.12"]\n    node_venv_lib_python3_12 --> node_venv_lib_python3_12_site-packages["site-packages"]\n    node_venv_lib_python3_12_site-packages --> node_venv_lib_python3_12_site-packages_PyQt6["PyQt6"]\n    node_venv_lib_python3_12_site-packages_PyQt6 --> node_venv_lib_python3_12_site-packages_PyQt6_Qt6["Qt6"]\n    node_venv_lib_python3_12_site-packages_PyQt6_Qt6 --> node_venv_lib_python3_12_site-packages_PyQt6_Qt6_qml["qml"]\n    node_venv_lib_python3_12_site-packages_PyQt6_Qt6_qml --> node_venv_lib_python3_12_site-packages_PyQt6_Qt6_qml_QtQuick["QtQuick"]\n    node_venv_lib_python3_12_site-packages_PyQt6_Qt6_qml_QtQuick --> node_venv_lib_python3_12_site-packages_PyQt6_Qt6_qml_QtQuick_Controls["Controls"]\n    node_venv_lib_python3_12_site-packages_PyQt6_Qt6_qml_QtQuick_Controls --> node_venv_lib_python3_12_site-packages_PyQt6_Qt6_qml_QtQuick_Controls_designer["designer"]\n    node_venv_lib_python3_12_site-packages_PyQt6_Qt6_qml_QtQuick_Controls_designer --> node_venv_lib_python3_12_site-packages_PyQt6_Qt6_qml_QtQuick_Controls_designer_images["images"]\n    node_venv_lib_python3_12_site-packages_PyQt6_Qt6_qml_QtQuick_Controls_designer_images --> node_venv_lib_python3_12_site-packages_PyQt6_Qt6_qml_QtQuick_Controls_designer_images_combobox-icon@2x_png["combobox-icon@2x.png"]\n    Root --> node_venv["venv"]\n    node_venv --> node_venv_lib["lib"]\n    node_venv_lib --> node_venv_lib_python3_12["python3.12"]\n    node_venv_lib_python3_12 --> node_venv_lib_python3_12_site-packages["site-packages"]\n    node_venv_lib_python3_12_site-packages --> node_venv_lib_python3_12_site-packages_PyQt6["PyQt6"]\n    node_venv_lib_python3_12_site-packages_PyQt6 --> node_venv_lib_python3_12_site-packages_PyQt6_Qt6["Qt6"]\n    node_venv_lib_python3_12_site-packages_PyQt6_Qt6 --> node_venv_lib_python3_12_site-packages_PyQt6_Qt6_qml["qml"]\n    node_venv_lib_python3_12_site-packages_PyQt6_Qt6_qml --> node_venv_lib_python3_12_site-packages_PyQt6_Qt6_qml_QtQuick["QtQuick"]\n    node_venv_lib_python3_12_site-packages_PyQt6_Qt6_qml_QtQuick --> node_venv_lib_python3_12_site-packages_PyQt6_Qt6_qml_QtQuick_Controls["Controls"]\n    node_venv_lib_python3_12_site-packages_PyQt6_Qt6_qml_QtQuick_Controls --> node_venv_lib_python3_12_site-packages_PyQt6_Qt6_qml_QtQuick_Controls_designer["designer"]\n    node_venv_lib_python3_12_site-packages_PyQt6_Qt6_qml_QtQuick_Controls_designer --> node_venv_lib_python3_12_site-packages_PyQt6_Qt6_qml_QtQuick_Controls_designer_images["images"]\n    node_venv_lib_python3_12_site-packages_PyQt6_Qt6_qml_QtQuick_Controls_designer_images --> node_venv_lib_python3_12_site-packages_PyQt6_Qt6_qml_QtQuick_Controls_designer_images_control-icon_png["control-icon.png"]\n    Root --> node_venv["venv"]\n    node_venv --> node_venv_lib["lib"]\n    node_venv_lib --> node_venv_lib_python3_12["python3.12"]\n    node_venv_lib_python3_12 --> node_venv_lib_python3_12_site-packages["site-packages"]\n    node_venv_lib_python3_12_site-packages --> node_venv_lib_python3_12_site-packages_PyQt6["PyQt6"]\n    node_venv_lib_python3_12_site-packages_PyQt6 --> node_venv_lib_python3_12_site-packages_PyQt6_Qt6["Qt6"]\n    node_venv_lib_python3_12_site-packages_PyQt6_Qt6 --> node_venv_lib_python3_12_site-packages_PyQt6_Qt6_qml["qml"]\n    node_venv_lib_python3_12_site-packages_PyQt6_Qt6_qml --> node_venv_lib_python3_12_site-packages_PyQt6_Qt6_qml_QtQuick["QtQuick"]\n    node_venv_lib_python3_12_site-packages_PyQt6_Qt6_qml_QtQuick --> node_venv_lib_python3_12_site-packages_PyQt6_Qt6_qml_QtQuick_Controls["Controls"]\n    node_venv_lib_python3_12_site-packages_PyQt6_Qt6_qml_QtQuick_Controls --> node_venv_lib_python3_12_site-packages_PyQt6_Qt6_qml_QtQuick_Controls_designer["designer"]\n    node_venv_lib_python3_12_site-packages_PyQt6_Qt6_qml_QtQuick_Controls_designer --> node_venv_lib_python3_12_site-packages_PyQt6_Qt6_qml_QtQuick_Controls_designer_images["images"]\n    node_venv_lib_python3_12_site-packages_PyQt6_Qt6_qml_QtQuick_Controls_designer_images --> node_venv_lib_python3_12_site-packages_PyQt6_Qt6_qml_QtQuick_Controls_designer_images_control-icon16_png["control-icon16.png"]\n    Root --> node_venv["venv"]\n    node_venv --> node_venv_lib["lib"]\n    node_venv_lib --> node_venv_lib_python3_12["python3.12"]\n    node_venv_lib_python3_12 --> node_venv_lib_python3_12_site-packages["site-packages"]\n    node_venv_lib_python3_12_site-packages --> node_venv_lib_python3_12_site-packages_PyQt6["PyQt6"]\n    node_venv_lib_python3_12_site-packages_PyQt6 --> node_venv_lib_python3_12_site-packages_PyQt6_Qt6["Qt6"]\n    node_venv_lib_python3_12_site-packages_PyQt6_Qt6 --> node_venv_lib_python3_12_site-packages_PyQt6_Qt6_qml["qml"]\n    node_venv_lib_python3_12_site-packages_PyQt6_Qt6_qml --> node_venv_lib_python3_12_site-packages_PyQt6_Qt6_qml_QtQuick["QtQuick"]\n    node_venv_lib_python3_12_site-packages_PyQt6_Qt6_qml_QtQuick --> node_venv_lib_python3_12_site-packages_PyQt6_Qt6_qml_QtQuick_Controls["Controls"]\n    node_venv_lib_python3_12_site-packages_PyQt6_Qt6_qml_QtQuick_Controls --> node_venv_lib_python3_12_site-packages_PyQt6_Qt6_qml_QtQuick_Controls_designer["designer"]\n    node_venv_lib_python3_12_site-packages_PyQt6_Qt6_qml_QtQuick_Controls_designer --> node_venv_lib_python3_12_site-packages_PyQt6_Qt6_qml_QtQuick_Controls_designer_images["images"]\n    node_venv_lib_python3_12_site-packages_PyQt6_Qt6_qml_QtQuick_Controls_designer_images --> node_venv_lib_python3_12_site-packages_PyQt6_Qt6_qml_QtQuick_Controls_designer_images_control-icon@2x_png["control-icon@2x.png"]\n    Root --> node_venv["venv"]\n    node_venv --> node_venv_lib["lib"]\n    node_venv_lib --> node_venv_lib_python3_12["python3.12"]\n    node_venv_lib_python3_12 --> node_venv_lib_python3_12_site-packages["site-packages"]\n    node_venv_lib_python3_12_site-packages --> node_venv_lib_python3_12_site-packages_PyQt6["PyQt6"]\n    node_venv_lib_python3_12_site-packages_PyQt6 --> node_venv_lib_python3_12_site-packages_PyQt6_Qt6["Qt6"]\n    node_venv_lib_python3_12_site-packages_PyQt6_Qt6 --> node_venv_lib_python3_12_site-packages_PyQt6_Qt6_qml["qml"]\n    node_venv_lib_python3_12_site-packages_PyQt6_Qt6_qml --> node_venv_lib_python3_12_site-packages_PyQt6_Qt6_qml_QtQuick["QtQuick"]\n    node_venv_lib_python3_12_site-packages_PyQt6_Qt6_qml_QtQuick --> node_venv_lib_python3_12_site-packages_PyQt6_Qt6_qml_QtQuick_Controls["Controls"]\n    node_venv_lib_python3_12_site-packages_PyQt6_Qt6_qml_QtQuick_Controls --> node_venv_lib_python3_12_site-packages_PyQt6_Qt6_qml_QtQuick_Controls_designer["designer"]\n    node_venv_lib_python3_12_site-packages_PyQt6_Qt6_qml_QtQuick_Controls_designer --> node_venv_lib_python3_12_site-packages_PyQt6_Qt6_qml_QtQuick_Controls_designer_images["images"]\n    node_venv_lib_python3_12_site-packages_PyQt6_Qt6_qml_QtQuick_Controls_designer_images --> node_venv_lib_python3_12_site-packages_PyQt6_Qt6_qml_QtQuick_Controls_designer_images_delaybutton-icon_png["delaybutton-icon.png"]\n    Root --> node_venv["venv"]\n    node_venv --> node_venv_lib["lib"]\n    node_venv_lib --> node_venv_lib_python3_12["python3.12"]\n    node_venv_lib_python3_12 --> node_venv_lib_python3_12_site-packages["site-packages"]\n    node_venv_lib_python3_12_site-packages --> node_venv_lib_python3_12_site-packages_PyQt6["PyQt6"]\n    node_venv_lib_python3_12_site-packages_PyQt6 --> node_venv_lib_python3_12_site-packages_PyQt6_Qt6["Qt6"]\n    node_venv_lib_python3_12_site-packages_PyQt6_Qt6 --> node_venv_lib_python3_12_site-packages_PyQt6_Qt6_qml["qml"]\n    node_venv_lib_python3_12_site-packages_PyQt6_Qt6_qml --> node_venv_lib_python3_12_site-packages_PyQt6_Qt6_qml_QtQuick["QtQuick"]\n    node_venv_lib_python3_12_site-packages_PyQt6_Qt6_qml_QtQuick --> node_venv_lib_python3_12_site-packages_PyQt6_Qt6_qml_QtQuick_Controls["Controls"]\n    node_venv_lib_python3_12_site-packages_PyQt6_Qt6_qml_QtQuick_Controls --> node_venv_lib_python3_12_site-packages_PyQt6_Qt6_qml_QtQuick_Controls_designer["designer"]\n    node_venv_lib_python3_12_site-packages_PyQt6_Qt6_qml_QtQuick_Controls_designer --> node_venv_lib_python3_12_site-packages_PyQt6_Qt6_qml_QtQuick_Controls_designer_images["images"]\n    node_venv_lib_python3_12_site-packages_PyQt6_Qt6_qml_QtQuick_Controls_designer_images --> node_venv_lib_python3_12_site-packages_PyQt6_Qt6_qml_QtQuick_Controls_designer_images_delaybutton-icon16_png["delaybutton-icon16.png"]\n    Root --> node_venv["venv"]\n    node_venv --> node_venv_lib["lib"]\n    node_venv_lib --> node_venv_lib_python3_12["python3.12"]\n    node_venv_lib_python3_12 --> node_venv_lib_python3_12_site-packages["site-packages"]\n    node_venv_lib_python3_12_site-packages --> node_venv_lib_python3_12_site-packages_PyQt6["PyQt6"]\n    node_venv_lib_python3_12_site-packages_PyQt6 --> node_venv_lib_python3_12_site-packages_PyQt6_Qt6["Qt6"]\n    node_venv_lib_python3_12_site-packages_PyQt6_Qt6 --> node_venv_lib_python3_12_site-packages_PyQt6_Qt6_qml["qml"]\n    node_venv_lib_python3_12_site-packages_PyQt6_Qt6_qml --> node_venv_lib_python3_12_site-packages_PyQt6_Qt6_qml_QtQuick["QtQuick"]\n    node_venv_lib_python3_12_site-packages_PyQt6_Qt6_qml_QtQuick --> node_venv_lib_python3_12_site-packages_PyQt6_Qt6_qml_QtQuick_Controls["Controls"]\n    node_venv_lib_python3_12_site-packages_PyQt6_Qt6_qml_QtQuick_Controls --> node_venv_lib_python3_12_site-packages_PyQt6_Qt6_qml_QtQuick_Controls_designer["designer"]\n    node_venv_lib_python3_12_site-packages_PyQt6_Qt6_qml_QtQuick_Controls_designer --> node_venv_lib_python3_12_site-packages_PyQt6_Qt6_qml_QtQuick_Controls_designer_images["images"]\n    node_venv_lib_python3_12_site-packages_PyQt6_Qt6_qml_QtQuick_Controls_designer_images --> node_venv_lib_python3_12_site-packages_PyQt6_Qt6_qml_QtQuick_Controls_designer_images_delaybutton-icon@2x_png["delaybutton-icon@2x.png"]\n    Root --> node_venv["venv"]\n    node_venv --> node_venv_lib["lib"]\n    node_venv_lib --> node_venv_lib_python3_12["python3.12"]\n    node_venv_lib_python3_12 --> node_venv_lib_python3_12_site-packages["site-packages"]\n    node_venv_lib_python3_12_site-packages --> node_venv_lib_python3_12_site-packages_PyQt6["PyQt6"]\n    node_venv_lib_python3_12_site-packages_PyQt6 --> node_venv_lib_python3_12_site-packages_PyQt6_Qt6["Qt6"]\n    node_venv_lib_python3_12_site-packages_PyQt6_Qt6 --> node_venv_lib_python3_12_site-packages_PyQt6_Qt6_qml["qml"]\n    node_venv_lib_python3_12_site-packages_PyQt6_Qt6_qml --> node_venv_lib_python3_12_site-packages_PyQt6_Qt6_qml_QtQuick["QtQuick"]\n    node_venv_lib_python3_12_site-packages_PyQt6_Qt6_qml_QtQuick --> node_venv_lib_python3_12_site-packages_PyQt6_Qt6_qml_QtQuick_Controls["Controls"]\n    node_venv_lib_python3_12_site-packages_PyQt6_Qt6_qml_QtQuick_Controls --> node_venv_lib_python3_12_site-packages_PyQt6_Qt6_qml_QtQuick_Controls_designer["designer"]\n    node_venv_lib_python3_12_site-packages_PyQt6_Qt6_qml_QtQuick_Controls_designer --> node_venv_lib_python3_12_site-packages_PyQt6_Qt6_qml_QtQuick_Controls_designer_images["images"]\n    node_venv_lib_python3_12_site-packages_PyQt6_Qt6_qml_QtQuick_Controls_designer_images --> node_venv_lib_python3_12_site-packages_PyQt6_Qt6_qml_QtQuick_Controls_designer_images_dial-icon_png["dial-icon.png"]\n    Root --> node_venv["venv"]\n    node_venv --> node_venv_lib["lib"]\n    node_venv_lib --> node_venv_lib_python3_12["python3.12"]\n    node_venv_lib_python3_12 --> node_venv_lib_python3_12_site-packages["site-packages"]\n    node_venv_lib_python3_12_site-packages --> node_venv_lib_python3_12_site-packages_PyQt6["PyQt6"]\n    node_venv_lib_python3_12_site-packages_PyQt6 --> node_venv_lib_python3_12_site-packages_PyQt6_Qt6["Qt6"]\n    node_venv_lib_python3_12_site-packages_PyQt6_Qt6 --> node_venv_lib_python3_12_site-packages_PyQt6_Qt6_qml["qml"]\n    node_venv_lib_python3_12_site-packages_PyQt6_Qt6_qml --> node_venv_lib_python3_12_site-packages_PyQt6_Qt6_qml_QtQuick["QtQuick"]\n    node_venv_lib_python3_12_site-packages_PyQt6_Qt6_qml_QtQuick --> node_venv_lib_python3_12_site-packages_PyQt6_Qt6_qml_QtQuick_Controls["Controls"]\n    node_venv_lib_python3_12_site-packages_PyQt6_Qt6_qml_QtQuick_Controls --> node_venv_lib_python3_12_site-packages_PyQt6_Qt6_qml_QtQuick_Controls_designer["designer"]\n    node_venv_lib_python3_12_site-packages_PyQt6_Qt6_qml_QtQuick_Controls_designer --> node_venv_lib_python3_12_site-packages_PyQt6_Qt6_qml_QtQuick_Controls_designer_images["images"]\n    node_venv_lib_python3_12_site-packages_PyQt6_Qt6_qml_QtQuick_Controls_designer_images --> node_venv_lib_python3_12_site-packages_PyQt6_Qt6_qml_QtQuick_Controls_designer_images_dial-icon16_png["dial-icon16.png"]\n    Root --> node_venv["venv"]\n    node_venv --> node_venv_lib["lib"]\n    node_venv_lib --> node_venv_lib_python3_12["python3.12"]\n    node_venv_lib_python3_12 --> node_venv_lib_python3_12_site-packages["site-packages"]\n    node_venv_lib_python3_12_site-packages --> node_venv_lib_python3_12_site-packages_PyQt6["PyQt6"]\n    node_venv_lib_python3_12_site-packages_PyQt6 --> node_venv_lib_python3_12_site-packages_PyQt6_Qt6["Qt6"]\n    node_venv_lib_python3_12_site-packages_PyQt6_Qt6 --> node_venv_lib_python3_12_site-packages_PyQt6_Qt6_qml["qml"]\n    node_venv_lib_python3_12_site-packages_PyQt6_Qt6_qml --> node_venv_lib_python3_12_site-packages_PyQt6_Qt6_qml_QtQuick["QtQuick"]\n    node_venv_lib_python3_12_site-packages_PyQt6_Qt6_qml_QtQuick --> node_venv_lib_python3_12_site-packages_PyQt6_Qt6_qml_QtQuick_Controls["Controls"]\n    node_venv_lib_python3_12_site-packages_PyQt6_Qt6_qml_QtQuick_Controls --> node_venv_lib_python3_12_site-packages_PyQt6_Qt6_qml_QtQuick_Controls_designer["designer"]\n    node_venv_lib_python3_12_site-packages_PyQt6_Qt6_qml_QtQuick_Controls_designer --> node_venv_lib_python3_12_site-packages_PyQt6_Qt6_qml_QtQuick_Controls_designer_images["images"]\n    node_venv_lib_python3_12_site-packages_PyQt6_Qt6_qml_QtQuick_Controls_designer_images --> node_venv_lib_python3_12_site-packages_PyQt6_Qt6_qml_QtQuick_Controls_designer_images_dial-icon@2x_png["dial-icon@2x.png"]\n    Root --> node_venv["venv"]\n    node_venv --> node_venv_lib["lib"]\n    node_venv_lib --> node_venv_lib_python3_12["python3.12"]\n    node_venv_lib_python3_12 --> node_venv_lib_python3_12_site-packages["site-packages"]\n    node_venv_lib_python3_12_site-packages --> node_venv_lib_python3_12_site-packages_PyQt6["PyQt6"]\n    node_venv_lib_python3_12_site-packages_PyQt6 --> node_venv_lib_python3_12_site-packages_PyQt6_Qt6["Qt6"]\n    node_venv_lib_python3_12_site-packages_PyQt6_Qt6 --> node_venv_lib_python3_12_site-packages_PyQt6_Qt6_qml["qml"]\n    node_venv_lib_python3_12_site-packages_PyQt6_Qt6_qml --> node_venv_lib_python3_12_site-packages_PyQt6_Qt6_qml_QtQuick["QtQuick"]\n    node_venv_lib_python3_12_site-packages_PyQt6_Qt6_qml_QtQuick --> node_venv_lib_python3_12_site-packages_PyQt6_Qt6_qml_QtQuick_Controls["Controls"]\n    node_venv_lib_python3_12_site-packages_PyQt6_Qt6_qml_QtQuick_Controls --> node_venv_lib_python3_12_site-packages_PyQt6_Qt6_qml_QtQuick_Controls_designer["designer"]\n    node_venv_lib_python3_12_site-packages_PyQt6_Qt6_qml_QtQuick_Controls_designer --> node_venv_lib_python3_12_site-packages_PyQt6_Qt6_qml_QtQuick_Controls_designer_images["images"]\n    node_venv_lib_python3_12_site-packages_PyQt6_Qt6_qml_QtQuick_Controls_designer_images --> node_venv_lib_python3_12_site-packages_PyQt6_Qt6_qml_QtQuick_Controls_designer_images_frame-icon_png["frame-icon.png"]\n    Root --> node_venv["venv"]\n    node_venv --> node_venv_lib["lib"]\n    node_venv_lib --> node_venv_lib_python3_12["python3.12"]\n    node_venv_lib_python3_12 --> node_venv_lib_python3_12_site-packages["site-packages"]\n    node_venv_lib_python3_12_site-packages --> node_venv_lib_python3_12_site-packages_PyQt6["PyQt6"]\n    node_venv_lib_python3_12_site-packages_PyQt6 --> node_venv_lib_python3_12_site-packages_PyQt6_Qt6["Qt6"]\n    node_venv_lib_python3_12_site-packages_PyQt6_Qt6 --> node_venv_lib_python3_12_site-packages_PyQt6_Qt6_qml["qml"]\n    node_venv_lib_python3_12_site-packages_PyQt6_Qt6_qml --> node_venv_lib_python3_12_site-packages_PyQt6_Qt6_qml_QtQuick["QtQuick"]\n    node_venv_lib_python3_12_site-packages_PyQt6_Qt6_qml_QtQuick --> node_venv_lib_python3_12_site-packages_PyQt6_Qt6_qml_QtQuick_Controls["Controls"]\n    node_venv_lib_python3_12_site-packages_PyQt6_Qt6_qml_QtQuick_Controls --> node_venv_lib_python3_12_site-packages_PyQt6_Qt6_qml_QtQuick_Controls_designer["designer"]\n    node_venv_lib_python3_12_site-packages_PyQt6_Qt6_qml_QtQuick_Controls_designer --> node_venv_lib_python3_12_site-packages_PyQt6_Qt6_qml_QtQuick_Controls_designer_images["images"]\n    node_venv_lib_python3_12_site-packages_PyQt6_Qt6_qml_QtQuick_Controls_designer_images --> node_venv_lib_python3_12_site-packages_PyQt6_Qt6_qml_QtQuick_Controls_designer_images_frame-icon16_png["frame-icon16.png"]\n    Root --> node_venv["venv"]\n    node_venv --> node_venv_lib["lib"]\n    node_venv_lib --> node_venv_lib_python3_12["python3.12"]\n    node_venv_lib_python3_12 --> node_venv_lib_python3_12_site-packages["site-packages"]\n    node_venv_lib_python3_12_site-packages --> node_venv_lib_python3_12_site-packages_PyQt6["PyQt6"]\n    node_venv_lib_python3_12_site-packages_PyQt6 --> node_venv_lib_python3_12_site-packages_PyQt6_Qt6["Qt6"]\n    node_venv_lib_python3_12_site-packages_PyQt6_Qt6 --> node_venv_lib_python3_12_site-packages_PyQt6_Qt6_qml["qml"]\n    node_venv_lib_python3_12_site-packages_PyQt6_Qt6_qml --> node_venv_lib_python3_12_site-packages_PyQt6_Qt6_qml_QtQuick["QtQuick"]\n    node_venv_lib_python3_12_site-packages_PyQt6_Qt6_qml_QtQuick --> node_venv_lib_python3_12_site-packages_PyQt6_Qt6_qml_QtQuick_Controls["Controls"]\n    node_venv_lib_python3_12_site-packages_PyQt6_Qt6_qml_QtQuick_Controls --> node_venv_lib_python3_12_site-packages_PyQt6_Qt6_qml_QtQuick_Controls_designer["designer"]\n    node_venv_lib_python3_12_site-packages_PyQt6_Qt6_qml_QtQuick_Controls_designer --> node_venv_lib_python3_12_site-packages_PyQt6_Qt6_qml_QtQuick_Controls_designer_images["images"]\n    node_venv_lib_python3_12_site-packages_PyQt6_Qt6_qml_QtQuick_Controls_designer_images --> node_venv_lib_python3_12_site-packages_PyQt6_Qt6_qml_QtQuick_Controls_designer_images_frame-icon@2x_png["frame-icon@2x.png"]\n    Root --> node_venv["venv"]\n    node_venv --> node_venv_lib["lib"]\n    node_venv_lib --> node_venv_lib_python3_12["python3.12"]\n    node_venv_lib_python3_12 --> node_venv_lib_python3_12_site-packages["site-packages"]\n    node_venv_lib_python3_12_site-packages --> node_venv_lib_python3_12_site-packages_PyQt6["PyQt6"]\n    node_venv_lib_python3_12_site-packages_PyQt6 --> node_venv_lib_python3_12_site-packages_PyQt6_Qt6["Qt6"]\n    node_venv_lib_python3_12_site-packages_PyQt6_Qt6 --> node_venv_lib_python3_12_site-packages_PyQt6_Qt6_qml["qml"]\n    node_venv_lib_python3_12_site-packages_PyQt6_Qt6_qml --> node_venv_lib_python3_12_site-packages_PyQt6_Qt6_qml_QtQuick["QtQuick"]\n    node_venv_lib_python3_12_site-packages_PyQt6_Qt6_qml_QtQuick --> node_venv_lib_python3_12_site-packages_PyQt6_Qt6_qml_QtQuick_Controls["Controls"]\n    node_venv_lib_python3_12_site-packages_PyQt6_Qt6_qml_QtQuick_Controls --> node_venv_lib_python3_12_site-packages_PyQt6_Qt6_qml_QtQuick_Controls_designer["designer"]\n    node_venv_lib_python3_12_site-packages_PyQt6_Qt6_qml_QtQuick_Controls_designer --> node_venv_lib_python3_12_site-packages_PyQt6_Qt6_qml_QtQuick_Controls_designer_images["images"]\n    node_venv_lib_python3_12_site-packages_PyQt6_Qt6_qml_QtQuick_Controls_designer_images --> node_venv_lib_python3_12_site-packages_PyQt6_Qt6_qml_QtQuick_Controls_designer_images_groupbox-icon_png["groupbox-icon.png"]\n    Root --> node_venv["venv"]\n    node_venv --> node_venv_lib["lib"]\n    node_venv_lib --> node_venv_lib_python3_12["python3.12"]\n    node_venv_lib_python3_12 --> node_venv_lib_python3_12_site-packages["site-packages"]\n    node_venv_lib_python3_12_site-packages --> node_venv_lib_python3_12_site-packages_PyQt6["PyQt6"]\n    node_venv_lib_python3_12_site-packages_PyQt6 --> node_venv_lib_python3_12_site-packages_PyQt6_Qt6["Qt6"]\n    node_venv_lib_python3_12_site-packages_PyQt6_Qt6 --> node_venv_lib_python3_12_site-packages_PyQt6_Qt6_qml["qml"]\n    node_venv_lib_python3_12_site-packages_PyQt6_Qt6_qml --> node_venv_lib_python3_12_site-packages_PyQt6_Qt6_qml_QtQuick["QtQuick"]\n    node_venv_lib_python3_12_site-packages_PyQt6_Qt6_qml_QtQuick --> node_venv_lib_python3_12_site-packages_PyQt6_Qt6_qml_QtQuick_Controls["Controls"]\n    node_venv_lib_python3_12_site-packages_PyQt6_Qt6_qml_QtQuick_Controls --> node_venv_lib_python3_12_site-packages_PyQt6_Qt6_qml_QtQuick_Controls_designer["designer"]\n    node_venv_lib_python3_12_site-packages_PyQt6_Qt6_qml_QtQuick_Controls_designer --> node_venv_lib_python3_12_site-packages_PyQt6_Qt6_qml_QtQuick_Controls_designer_images["images"]\n    node_venv_lib_python3_12_site-packages_PyQt6_Qt6_qml_QtQuick_Controls_designer_images --> node_venv_lib_python3_12_site-packages_PyQt6_Qt6_qml_QtQuick_Controls_designer_images_groupbox-icon16_png["groupbox-icon16.png"]\n    Root --> node_venv["venv"]\n    node_venv --> node_venv_lib["lib"]\n    node_venv_lib --> node_venv_lib_python3_12["python3.12"]\n    node_venv_lib_python3_12 --> node_venv_lib_python3_12_site-packages["site-packages"]\n    node_venv_lib_python3_12_site-packages --> node_venv_lib_python3_12_site-packages_PyQt6["PyQt6"]\n    node_venv_lib_python3_12_site-packages_PyQt6 --> node_venv_lib_python3_12_site-packages_PyQt6_Qt6["Qt6"]\n    node_venv_lib_python3_12_site-packages_PyQt6_Qt6 --> node_venv_lib_python3_12_site-packages_PyQt6_Qt6_qml["qml"]\n    node_venv_lib_python3_12_site-packages_PyQt6_Qt6_qml --> node_venv_lib_python3_12_site-packages_PyQt6_Qt6_qml_QtQuick["QtQuick"]\n    node_venv_lib_python3_12_site-packages_PyQt6_Qt6_qml_QtQuick --> node_venv_lib_python3_12_site-packages_PyQt6_Qt6_qml_QtQuick_Controls["Controls"]\n    node_venv_lib_python3_12_site-packages_PyQt6_Qt6_qml_QtQuick_Controls --> node_venv_lib_python3_12_site-packages_PyQt6_Qt6_qml_QtQuick_Controls_designer["designer"]\n    node_venv_lib_python3_12_site-packages_PyQt6_Qt6_qml_QtQuick_Controls_designer --> node_venv_lib_python3_12_site-packages_PyQt6_Qt6_qml_QtQuick_Controls_designer_images["images"]\n    node_venv_lib_python3_12_site-packages_PyQt6_Qt6_qml_QtQuick_Controls_designer_images --> node_venv_lib_python3_12_site-packages_PyQt6_Qt6_qml_QtQuick_Controls_designer_images_groupbox-icon@2x_png["groupbox-icon@2x.png"]\n    Root --> node_venv["venv"]\n    node_venv --> node_venv_lib["lib"]\n    node_venv_lib --> node_venv_lib_python3_12["python3.12"]\n    node_venv_lib_python3_12 --> node_venv_lib_python3_12_site-packages["site-packages"]\n    node_venv_lib_python3_12_site-packages --> node_venv_lib_python3_12_site-packages_PyQt6["PyQt6"]\n    node_venv_lib_python3_12_site-packages_PyQt6 --> node_venv_lib_python3_12_site-packages_PyQt6_Qt6["Qt6"]\n    node_venv_lib_python3_12_site-packages_PyQt6_Qt6 --> node_venv_lib_python3_12_site-packages_PyQt6_Qt6_qml["qml"]\n    node_venv_lib_python3_12_site-packages_PyQt6_Qt6_qml --> node_venv_lib_python3_12_site-packages_PyQt6_Qt6_qml_QtQuick["QtQuick"]\n    node_venv_lib_python3_12_site-packages_PyQt6_Qt6_qml_QtQuick --> node_venv_lib_python3_12_site-packages_PyQt6_Qt6_qml_QtQuick_Controls["Controls"]\n    node_venv_lib_python3_12_site-packages_PyQt6_Qt6_qml_QtQuick_Controls --> node_venv_lib_python3_12_site-packages_PyQt6_Qt6_qml_QtQuick_Controls_designer["designer"]\n    node_venv_lib_python3_12_site-packages_PyQt6_Qt6_qml_QtQuick_Controls_designer --> node_venv_lib_python3_12_site-packages_PyQt6_Qt6_qml_QtQuick_Controls_designer_images["images"]\n    node_venv_lib_python3_12_site-packages_PyQt6_Qt6_qml_QtQuick_Controls_designer_images --> node_venv_lib_python3_12_site-packages_PyQt6_Qt6_qml_QtQuick_Controls_designer_images_itemdelegate-icon_png["itemdelegate-icon.png"]\n    Root --> node_venv["venv"]\n    node_venv --> node_venv_lib["lib"]\n    node_venv_lib --> node_venv_lib_python3_12["python3.12"]\n    node_venv_lib_python3_12 --> node_venv_lib_python3_12_site-packages["site-packages"]\n    node_venv_lib_python3_12_site-packages --> node_venv_lib_python3_12_site-packages_PyQt6["PyQt6"]\n    node_venv_lib_python3_12_site-packages_PyQt6 --> node_venv_lib_python3_12_site-packages_PyQt6_Qt6["Qt6"]\n    node_venv_lib_python3_12_site-packages_PyQt6_Qt6 --> node_venv_lib_python3_12_site-packages_PyQt6_Qt6_qml["qml"]\n    node_venv_lib_python3_12_site-packages_PyQt6_Qt6_qml --> node_venv_lib_python3_12_site-packages_PyQt6_Qt6_qml_QtQuick["QtQuick"]\n    node_venv_lib_python3_12_site-packages_PyQt6_Qt6_qml_QtQuick --> node_venv_lib_python3_12_site-packages_PyQt6_Qt6_qml_QtQuick_Controls["Controls"]\n    node_venv_lib_python3_12_site-packages_PyQt6_Qt6_qml_QtQuick_Controls --> node_venv_lib_python3_12_site-packages_PyQt6_Qt6_qml_QtQuick_Controls_designer["designer"]\n    node_venv_lib_python3_12_site-packages_PyQt6_Qt6_qml_QtQuick_Controls_designer --> node_venv_lib_python3_12_site-packages_PyQt6_Qt6_qml_QtQuick_Controls_designer_images["images"]\n    node_venv_lib_python3_12_site-packages_PyQt6_Qt6_qml_QtQuick_Controls_designer_images --> node_venv_lib_python3_12_site-packages_PyQt6_Qt6_qml_QtQuick_Controls_designer_images_itemdelegate-icon16_png["itemdelegate-icon16.png"]\n    Root --> node_venv["venv"]\n    node_venv --> node_venv_lib["lib"]\n    node_venv_lib --> node_venv_lib_python3_12["python3.12"]\n    node_venv_lib_python3_12 --> node_venv_lib_python3_12_site-packages["site-packages"]\n    node_venv_lib_python3_12_site-packages --> node_venv_lib_python3_12_site-packages_PyQt6["PyQt6"]\n    node_venv_lib_python3_12_site-packages_PyQt6 --> node_venv_lib_python3_12_site-packages_PyQt6_Qt6["Qt6"]\n    node_venv_lib_python3_12_site-packages_PyQt6_Qt6 --> node_venv_lib_python3_12_site-packages_PyQt6_Qt6_qml["qml"]\n    node_venv_lib_python3_12_site-packages_PyQt6_Qt6_qml --> node_venv_lib_python3_12_site-packages_PyQt6_Qt6_qml_QtQuick["QtQuick"]\n    node_venv_lib_python3_12_site-packages_PyQt6_Qt6_qml_QtQuick --> node_venv_lib_python3_12_site-packages_PyQt6_Qt6_qml_QtQuick_Controls["Controls"]\n    node_venv_lib_python3_12_site-packages_PyQt6_Qt6_qml_QtQuick_Controls --> node_venv_lib_python3_12_site-packages_PyQt6_Qt6_qml_QtQuick_Controls_designer["designer"]\n    node_venv_lib_python3_12_site-packages_PyQt6_Qt6_qml_QtQuick_Controls_designer --> node_venv_lib_python3_12_site-packages_PyQt6_Qt6_qml_QtQuick_Controls_designer_images["images"]\n    node_venv_lib_python3_12_site-packages_PyQt6_Qt6_qml_QtQuick_Controls_designer_images --> node_venv_lib_python3_12_site-packages_PyQt6_Qt6_qml_QtQuick_Controls_designer_images_itemdelegate-icon@2x_png["itemdelegate-icon@2x.png"]\n    Root --> node_venv["venv"]\n    node_venv --> node_venv_lib["lib"]\n    node_venv_lib --> node_venv_lib_python3_12["python3.12"]\n    node_venv_lib_python3_12 --> node_venv_lib_python3_12_site-packages["site-packages"]\n    node_venv_lib_python3_12_site-packages --> node_venv_lib_python3_12_site-packages_PyQt6["PyQt6"]\n    node_venv_lib_python3_12_site-packages_PyQt6 --> node_venv_lib_python3_12_site-packages_PyQt6_Qt6["Qt6"]\n    node_venv_lib_python3_12_site-packages_PyQt6_Qt6 --> node_venv_lib_python3_12_site-packages_PyQt6_Qt6_qml["qml"]\n    node_venv_lib_python3_12_site-packages_PyQt6_Qt6_qml --> node_venv_lib_python3_12_site-packages_PyQt6_Qt6_qml_QtQuick["QtQuick"]\n    node_venv_lib_python3_12_site-packages_PyQt6_Qt6_qml_QtQuick --> node_venv_lib_python3_12_site-packages_PyQt6_Qt6_qml_QtQuick_Controls["Controls"]\n    node_venv_lib_python3_12_site-packages_PyQt6_Qt6_qml_QtQuick_Controls --> node_venv_lib_python3_12_site-packages_PyQt6_Qt6_qml_QtQuick_Controls_designer["designer"]\n    node_venv_lib_python3_12_site-packages_PyQt6_Qt6_qml_QtQuick_Controls_designer --> node_venv_lib_python3_12_site-packages_PyQt6_Qt6_qml_QtQuick_Controls_designer_images["images"]\n    node_venv_lib_python3_12_site-packages_PyQt6_Qt6_qml_QtQuick_Controls_designer_images --> node_venv_lib_python3_12_site-packages_PyQt6_Qt6_qml_QtQuick_Controls_designer_images_label-icon_png["label-icon.png"]\n    Root --> node_venv["venv"]\n    node_venv --> node_venv_lib["lib"]\n    node_venv_lib --> node_venv_lib_python3_12["python3.12"]\n    node_venv_lib_python3_12 --> node_venv_lib_python3_12_site-packages["site-packages"]\n    node_venv_lib_python3_12_site-packages --> node_venv_lib_python3_12_site-packages_PyQt6["PyQt6"]\n    node_venv_lib_python3_12_site-packages_PyQt6 --> node_venv_lib_python3_12_site-packages_PyQt6_Qt6["Qt6"]\n    node_venv_lib_python3_12_site-packages_PyQt6_Qt6 --> node_venv_lib_python3_12_site-packages_PyQt6_Qt6_qml["qml"]\n    node_venv_lib_python3_12_site-packages_PyQt6_Qt6_qml --> node_venv_lib_python3_12_site-packages_PyQt6_Qt6_qml_QtQuick["QtQuick"]\n    node_venv_lib_python3_12_site-packages_PyQt6_Qt6_qml_QtQuick --> node_venv_lib_python3_12_site-packages_PyQt6_Qt6_qml_QtQuick_Controls["Controls"]\n    node_venv_lib_python3_12_site-packages_PyQt6_Qt6_qml_QtQuick_Controls --> node_venv_lib_python3_12_site-packages_PyQt6_Qt6_qml_QtQuick_Controls_designer["designer"]\n    node_venv_lib_python3_12_site-packages_PyQt6_Qt6_qml_QtQuick_Controls_designer --> node_venv_lib_python3_12_site-packages_PyQt6_Qt6_qml_QtQuick_Controls_designer_images["images"]\n    node_venv_lib_python3_12_site-packages_PyQt6_Qt6_qml_QtQuick_Controls_designer_images --> node_venv_lib_python3_12_site-packages_PyQt6_Qt6_qml_QtQuick_Controls_designer_images_label-icon16_png["label-icon16.png"]\n    Root --> node_venv["venv"]\n    node_venv --> node_venv_lib["lib"]\n    node_venv_lib --> node_venv_lib_python3_12["python3.12"]\n    node_venv_lib_python3_12 --> node_venv_lib_python3_12_site-packages["site-packages"]\n    node_venv_lib_python3_12_site-packages --> node_venv_lib_python3_12_site-packages_PyQt6["PyQt6"]\n    node_venv_lib_python3_12_site-packages_PyQt6 --> node_venv_lib_python3_12_site-packages_PyQt6_Qt6["Qt6"]\n    node_venv_lib_python3_12_site-packages_PyQt6_Qt6 --> node_venv_lib_python3_12_site-packages_PyQt6_Qt6_qml["qml"]\n    node_venv_lib_python3_12_site-packages_PyQt6_Qt6_qml --> node_venv_lib_python3_12_site-packages_PyQt6_Qt6_qml_QtQuick["QtQuick"]\n    node_venv_lib_python3_12_site-packages_PyQt6_Qt6_qml_QtQuick --> node_venv_lib_python3_12_site-packages_PyQt6_Qt6_qml_QtQuick_Controls["Controls"]\n    node_venv_lib_python3_12_site-packages_PyQt6_Qt6_qml_QtQuick_Controls --> node_venv_lib_python3_12_site-packages_PyQt6_Qt6_qml_QtQuick_Controls_designer["designer"]\n    node_venv_lib_python3_12_site-packages_PyQt6_Qt6_qml_QtQuick_Controls_designer --> node_venv_lib_python3_12_site-packages_PyQt6_Qt6_qml_QtQuick_Controls_designer_images["images"]\n    node_venv_lib_python3_12_site-packages_PyQt6_Qt6_qml_QtQuick_Controls_designer_images --> node_venv_lib_python3_12_site-packages_PyQt6_Qt6_qml_QtQuick_Controls_designer_images_label-icon@2x_png["label-icon@2x.png"]\n    Root --> node_venv["venv"]\n    node_venv --> node_venv_lib["lib"]\n    node_venv_lib --> node_venv_lib_python3_12["python3.12"]\n    node_venv_lib_python3_12 --> node_venv_lib_python3_12_site-packages["site-packages"]\n    node_venv_lib_python3_12_site-packages --> node_venv_lib_python3_12_site-packages_PyQt6["PyQt6"]\n    node_venv_lib_python3_12_site-packages_PyQt6 --> node_venv_lib_python3_12_site-packages_PyQt6_Qt6["Qt6"]\n    node_venv_lib_python3_12_site-packages_PyQt6_Qt6 --> node_venv_lib_python3_12_site-packages_PyQt6_Qt6_qml["qml"]\n    node_venv_lib_python3_12_site-packages_PyQt6_Qt6_qml --> node_venv_lib_python3_12_site-packages_PyQt6_Qt6_qml_QtQuick["QtQuick"]\n    node_venv_lib_python3_12_site-packages_PyQt6_Qt6_qml_QtQuick --> node_venv_lib_python3_12_site-packages_PyQt6_Qt6_qml_QtQuick_Controls["Controls"]\n    node_venv_lib_python3_12_site-packages_PyQt6_Qt6_qml_QtQuick_Controls --> node_venv_lib_python3_12_site-packages_PyQt6_Qt6_qml_QtQuick_Controls_designer["designer"]\n    node_venv_lib_python3_12_site-packages_PyQt6_Qt6_qml_QtQuick_Controls_designer --> node_venv_lib_python3_12_site-packages_PyQt6_Qt6_qml_QtQuick_Controls_designer_images["images"]\n    node_venv_lib_python3_12_site-packages_PyQt6_Qt6_qml_QtQuick_Controls_designer_images --> node_venv_lib_python3_12_site-packages_PyQt6_Qt6_qml_QtQuick_Controls_designer_images_page-icon_png["page-icon.png"]\n    Root --> node_venv["venv"]\n    node_venv --> node_venv_lib["lib"]\n    node_venv_lib --> node_venv_lib_python3_12["python3.12"]\n    node_venv_lib_python3_12 --> node_venv_lib_python3_12_site-packages["site-packages"]\n    node_venv_lib_python3_12_site-packages --> node_venv_lib_python3_12_site-packages_PyQt6["PyQt6"]\n    node_venv_lib_python3_12_site-packages_PyQt6 --> node_venv_lib_python3_12_site-packages_PyQt6_Qt6["Qt6"]\n    node_venv_lib_python3_12_site-packages_PyQt6_Qt6 --> node_venv_lib_python3_12_site-packages_PyQt6_Qt6_qml["qml"]\n    node_venv_lib_python3_12_site-packages_PyQt6_Qt6_qml --> node_venv_lib_python3_12_site-packages_PyQt6_Qt6_qml_QtQuick["QtQuick"]\n    node_venv_lib_python3_12_site-packages_PyQt6_Qt6_qml_QtQuick --> node_venv_lib_python3_12_site-packages_PyQt6_Qt6_qml_QtQuick_Controls["Controls"]\n    node_venv_lib_python3_12_site-packages_PyQt6_Qt6_qml_QtQuick_Controls --> node_venv_lib_python3_12_site-packages_PyQt6_Qt6_qml_QtQuick_Controls_designer["designer"]\n    node_venv_lib_python3_12_site-packages_PyQt6_Qt6_qml_QtQuick_Controls_designer --> node_venv_lib_python3_12_site-packages_PyQt6_Qt6_qml_QtQuick_Controls_designer_images["images"]\n    node_venv_lib_python3_12_site-packages_PyQt6_Qt6_qml_QtQuick_Controls_designer_images --> node_venv_lib_python3_12_site-packages_PyQt6_Qt6_qml_QtQuick_Controls_designer_images_page-icon16_png["page-icon16.png"]\n    Root --> node_venv["venv"]\n    node_venv --> node_venv_lib["lib"]\n    node_venv_lib --> node_venv_lib_python3_12["python3.12"]\n    node_venv_lib_python3_12 --> node_venv_lib_python3_12_site-packages["site-packages"]\n    node_venv_lib_python3_12_site-packages --> node_venv_lib_python3_12_site-packages_PyQt6["PyQt6"]\n    node_venv_lib_python3_12_site-packages_PyQt6 --> node_venv_lib_python3_12_site-packages_PyQt6_Qt6["Qt6"]\n    node_venv_lib_python3_12_site-packages_PyQt6_Qt6 --> node_venv_lib_python3_12_site-packages_PyQt6_Qt6_qml["qml"]\n    node_venv_lib_python3_12_site-packages_PyQt6_Qt6_qml --> node_venv_lib_python3_12_site-packages_PyQt6_Qt6_qml_QtQuick["QtQuick"]\n    node_venv_lib_python3_12_site-packages_PyQt6_Qt6_qml_QtQuick --> node_venv_lib_python3_12_site-packages_PyQt6_Qt6_qml_QtQuick_Controls["Controls"]\n    node_venv_lib_python3_12_site-packages_PyQt6_Qt6_qml_QtQuick_Controls --> node_venv_lib_python3_12_site-packages_PyQt6_Qt6_qml_QtQuick_Controls_designer["designer"]\n    node_venv_lib_python3_12_site-packages_PyQt6_Qt6_qml_QtQuick_Controls_designer --> node_venv_lib_python3_12_site-packages_PyQt6_Qt6_qml_QtQuick_Controls_designer_images["images"]\n    node_venv_lib_python3_12_site-packages_PyQt6_Qt6_qml_QtQuick_Controls_designer_images --> node_venv_lib_python3_12_site-packages_PyQt6_Qt6_qml_QtQuick_Controls_designer_images_page-icon@2x_png["page-icon@2x.png"]\n    Root --> node_venv["venv"]\n    node_venv --> node_venv_lib["lib"]\n    node_venv_lib --> node_venv_lib_python3_12["python3.12"]\n    node_venv_lib_python3_12 --> node_venv_lib_python3_12_site-packages["site-packages"]\n    node_venv_lib_python3_12_site-packages --> node_venv_lib_python3_12_site-packages_PyQt6["PyQt6"]\n    node_venv_lib_python3_12_site-packages_PyQt6 --> node_venv_lib_python3_12_site-packages_PyQt6_Qt6["Qt6"]\n    node_venv_lib_python3_12_site-packages_PyQt6_Qt6 --> node_venv_lib_python3_12_site-packages_PyQt6_Qt6_qml["qml"]\n    node_venv_lib_python3_12_site-packages_PyQt6_Qt6_qml --> node_venv_lib_python3_12_site-packages_PyQt6_Qt6_qml_QtQuick["QtQuick"]\n    node_venv_lib_python3_12_site-packages_PyQt6_Qt6_qml_QtQuick --> node_venv_lib_python3_12_site-packages_PyQt6_Qt6_qml_QtQuick_Controls["Controls"]\n    node_venv_lib_python3_12_site-packages_PyQt6_Qt6_qml_QtQuick_Controls --> node_venv_lib_python3_12_site-packages_PyQt6_Qt6_qml_QtQuick_Controls_designer["designer"]\n    node_venv_lib_python3_12_site-packages_PyQt6_Qt6_qml_QtQuick_Controls_designer --> node_venv_lib_python3_12_site-packages_PyQt6_Qt6_qml_QtQuick_Controls_designer_images["images"]\n    node_venv_lib_python3_12_site-packages_PyQt6_Qt6_qml_QtQuick_Controls_designer_images --> node_venv_lib_python3_12_site-packages_PyQt6_Qt6_qml_QtQuick_Controls_designer_images_pageindicator-icon_png["pageindicator-icon.png"]\n    Root --> node_venv["venv"]\n    node_venv --> node_venv_lib["lib"]\n    node_venv_lib --> node_venv_lib_python3_12["python3.12"]\n    node_venv_lib_python3_12 --> node_venv_lib_python3_12_site-packages["site-packages"]\n    node_venv_lib_python3_12_site-packages --> node_venv_lib_python3_12_site-packages_PyQt6["PyQt6"]\n    node_venv_lib_python3_12_site-packages_PyQt6 --> node_venv_lib_python3_12_site-packages_PyQt6_Qt6["Qt6"]\n    node_venv_lib_python3_12_site-packages_PyQt6_Qt6 --> node_venv_lib_python3_12_site-packages_PyQt6_Qt6_qml["qml"]\n    node_venv_lib_python3_12_site-packages_PyQt6_Qt6_qml --> node_venv_lib_python3_12_site-packages_PyQt6_Qt6_qml_QtQuick["QtQuick"]\n    node_venv_lib_python3_12_site-packages_PyQt6_Qt6_qml_QtQuick --> node_venv_lib_python3_12_site-packages_PyQt6_Qt6_qml_QtQuick_Controls["Controls"]\n    node_venv_lib_python3_12_site-packages_PyQt6_Qt6_qml_QtQuick_Controls --> node_venv_lib_python3_12_site-packages_PyQt6_Qt6_qml_QtQuick_Controls_designer["designer"]\n    node_venv_lib_python3_12_site-packages_PyQt6_Qt6_qml_QtQuick_Controls_designer --> node_venv_lib_python3_12_site-packages_PyQt6_Qt6_qml_QtQuick_Controls_designer_images["images"]\n    node_venv_lib_python3_12_site-packages_PyQt6_Qt6_qml_QtQuick_Controls_designer_images --> node_venv_lib_python3_12_site-packages_PyQt6_Qt6_qml_QtQuick_Controls_designer_images_pageindicator-icon16_png["pageindicator-icon16.png"]\n    Root --> node_venv["venv"]\n    node_venv --> node_venv_lib["lib"]\n    node_venv_lib --> node_venv_lib_python3_12["python3.12"]\n    node_venv_lib_python3_12 --> node_venv_lib_python3_12_site-packages["site-packages"]\n    node_venv_lib_python3_12_site-packages --> node_venv_lib_python3_12_site-packages_PyQt6["PyQt6"]\n    node_venv_lib_python3_12_site-packages_PyQt6 --> node_venv_lib_python3_12_site-packages_PyQt6_Qt6["Qt6"]\n    node_venv_lib_python3_12_site-packages_PyQt6_Qt6 --> node_venv_lib_python3_12_site-packages_PyQt6_Qt6_qml["qml"]\n    node_venv_lib_python3_12_site-packages_PyQt6_Qt6_qml --> node_venv_lib_python3_12_site-packages_PyQt6_Qt6_qml_QtQuick["QtQuick"]\n    node_venv_lib_python3_12_site-packages_PyQt6_Qt6_qml_QtQuick --> node_venv_lib_python3_12_site-packages_PyQt6_Qt6_qml_QtQuick_Controls["Controls"]\n    node_venv_lib_python3_12_site-packages_PyQt6_Qt6_qml_QtQuick_Controls --> node_venv_lib_python3_12_site-packages_PyQt6_Qt6_qml_QtQuick_Controls_designer["designer"]\n    node_venv_lib_python3_12_site-packages_PyQt6_Qt6_qml_QtQuick_Controls_designer --> node_venv_lib_python3_12_site-packages_PyQt6_Qt6_qml_QtQuick_Controls_designer_images["images"]\n    node_venv_lib_python3_12_site-packages_PyQt6_Qt6_qml_QtQuick_Controls_designer_images --> node_venv_lib_python3_12_site-packages_PyQt6_Qt6_qml_QtQuick_Controls_designer_images_pageindicator-icon@2x_png["pageindicator-icon@2x.png"]\n    Root --> node_venv["venv"]\n    node_venv --> node_venv_lib["lib"]\n    node_venv_lib --> node_venv_lib_python3_12["python3.12"]\n    node_venv_lib_python3_12 --> node_venv_lib_python3_12_site-packages["site-packages"]\n    node_venv_lib_python3_12_site-packages --> node_venv_lib_python3_12_site-packages_PyQt6["PyQt6"]\n    node_venv_lib_python3_12_site-packages_PyQt6 --> node_venv_lib_python3_12_site-packages_PyQt6_Qt6["Qt6"]\n    node_venv_lib_python3_12_site-packages_PyQt6_Qt6 --> node_venv_lib_python3_12_site-packages_PyQt6_Qt6_qml["qml"]\n    node_venv_lib_python3_12_site-packages_PyQt6_Qt6_qml --> node_venv_lib_python3_12_site-packages_PyQt6_Qt6_qml_QtQuick["QtQuick"]\n    node_venv_lib_python3_12_site-packages_PyQt6_Qt6_qml_QtQuick --> node_venv_lib_python3_12_site-packages_PyQt6_Qt6_qml_QtQuick_Controls["Controls"]\n    node_venv_lib_python3_12_site-packages_PyQt6_Qt6_qml_QtQuick_Controls --> node_venv_lib_python3_12_site-packages_PyQt6_Qt6_qml_QtQuick_Controls_designer["designer"]\n    node_venv_lib_python3_12_site-packages_PyQt6_Qt6_qml_QtQuick_Controls_designer --> node_venv_lib_python3_12_site-packages_PyQt6_Qt6_qml_QtQuick_Controls_designer_images["images"]\n    node_venv_lib_python3_12_site-packages_PyQt6_Qt6_qml_QtQuick_Controls_designer_images --> node_venv_lib_python3_12_site-packages_PyQt6_Qt6_qml_QtQuick_Controls_designer_images_pane-icon_png["pane-icon.png"]\n    Root --> node_venv["venv"]\n    node_venv --> node_venv_lib["lib"]\n    node_venv_lib --> node_venv_lib_python3_12["python3.12"]\n    node_venv_lib_python3_12 --> node_venv_lib_python3_12_site-packages["site-packages"]\n    node_venv_lib_python3_12_site-packages --> node_venv_lib_python3_12_site-packages_PyQt6["PyQt6"]\n    node_venv_lib_python3_12_site-packages_PyQt6 --> node_venv_lib_python3_12_site-packages_PyQt6_Qt6["Qt6"]\n    node_venv_lib_python3_12_site-packages_PyQt6_Qt6 --> node_venv_lib_python3_12_site-packages_PyQt6_Qt6_qml["qml"]\n    node_venv_lib_python3_12_site-packages_PyQt6_Qt6_qml --> node_venv_lib_python3_12_site-packages_PyQt6_Qt6_qml_QtQuick["QtQuick"]\n    node_venv_lib_python3_12_site-packages_PyQt6_Qt6_qml_QtQuick --> node_venv_lib_python3_12_site-packages_PyQt6_Qt6_qml_QtQuick_Controls["Controls"]\n    node_venv_lib_python3_12_site-packages_PyQt6_Qt6_qml_QtQuick_Controls --> node_venv_lib_python3_12_site-packages_PyQt6_Qt6_qml_QtQuick_Controls_designer["designer"]\n    node_venv_lib_python3_12_site-packages_PyQt6_Qt6_qml_QtQuick_Controls_designer --> node_venv_lib_python3_12_site-packages_PyQt6_Qt6_qml_QtQuick_Controls_designer_images["images"]\n    node_venv_lib_python3_12_site-packages_PyQt6_Qt6_qml_QtQuick_Controls_designer_images --> node_venv_lib_python3_12_site-packages_PyQt6_Qt6_qml_QtQuick_Controls_designer_images_pane-icon16_png["pane-icon16.png"]\n    Root --> node_venv["venv"]\n    node_venv --> node_venv_lib["lib"]\n    node_venv_lib --> node_venv_lib_python3_12["python3.12"]\n    node_venv_lib_python3_12 --> node_venv_lib_python3_12_site-packages["site-packages"]\n    node_venv_lib_python3_12_site-packages --> node_venv_lib_python3_12_site-packages_PyQt6["PyQt6"]\n    node_venv_lib_python3_12_site-packages_PyQt6 --> node_venv_lib_python3_12_site-packages_PyQt6_Qt6["Qt6"]\n    node_venv_lib_python3_12_site-packages_PyQt6_Qt6 --> node_venv_lib_python3_12_site-packages_PyQt6_Qt6_qml["qml"]\n    node_venv_lib_python3_12_site-packages_PyQt6_Qt6_qml --> node_venv_lib_python3_12_site-packages_PyQt6_Qt6_qml_QtQuick["QtQuick"]\n    node_venv_lib_python3_12_site-packages_PyQt6_Qt6_qml_QtQuick --> node_venv_lib_python3_12_site-packages_PyQt6_Qt6_qml_QtQuick_Controls["Controls"]\n    node_venv_lib_python3_12_site-packages_PyQt6_Qt6_qml_QtQuick_Controls --> node_venv_lib_python3_12_site-packages_PyQt6_Qt6_qml_QtQuick_Controls_designer["designer"]\n    node_venv_lib_python3_12_site-packages_PyQt6_Qt6_qml_QtQuick_Controls_designer --> node_venv_lib_python3_12_site-packages_PyQt6_Qt6_qml_QtQuick_Controls_designer_images["images"]\n    node_venv_lib_python3_12_site-packages_PyQt6_Qt6_qml_QtQuick_Controls_designer_images --> node_venv_lib_python3_12_site-packages_PyQt6_Qt6_qml_QtQuick_Controls_designer_images_pane-icon@2x_png["pane-icon@2x.png"]\n    Root --> node_venv["venv"]\n    node_venv --> node_venv_lib["lib"]\n    node_venv_lib --> node_venv_lib_python3_12["python3.12"]\n    node_venv_lib_python3_12 --> node_venv_lib_python3_12_site-packages["site-packages"]\n    node_venv_lib_python3_12_site-packages --> node_venv_lib_python3_12_site-packages_PyQt6["PyQt6"]\n    node_venv_lib_python3_12_site-packages_PyQt6 --> node_venv_lib_python3_12_site-packages_PyQt6_Qt6["Qt6"]\n    node_venv_lib_python3_12_site-packages_PyQt6_Qt6 --> node_venv_lib_python3_12_site-packages_PyQt6_Qt6_qml["qml"]\n    node_venv_lib_python3_12_site-packages_PyQt6_Qt6_qml --> node_venv_lib_python3_12_site-packages_PyQt6_Qt6_qml_QtQuick["QtQuick"]\n    node_venv_lib_python3_12_site-packages_PyQt6_Qt6_qml_QtQuick --> node_venv_lib_python3_12_site-packages_PyQt6_Qt6_qml_QtQuick_Controls["Controls"]\n    node_venv_lib_python3_12_site-packages_PyQt6_Qt6_qml_QtQuick_Controls --> node_venv_lib_python3_12_site-packages_PyQt6_Qt6_qml_QtQuick_Controls_designer["designer"]\n    node_venv_lib_python3_12_site-packages_PyQt6_Qt6_qml_QtQuick_Controls_designer --> node_venv_lib_python3_12_site-packages_PyQt6_Qt6_qml_QtQuick_Controls_designer_images["images"]\n    node_venv_lib_python3_12_site-packages_PyQt6_Qt6_qml_QtQuick_Controls_designer_images --> node_venv_lib_python3_12_site-packages_PyQt6_Qt6_qml_QtQuick_Controls_designer_images_progressbar-icon_png["progressbar-icon.png"]\n    Root --> node_venv["venv"]\n    node_venv --> node_venv_lib["lib"]\n    node_venv_lib --> node_venv_lib_python3_12["python3.12"]\n    node_venv_lib_python3_12 --> node_venv_lib_python3_12_site-packages["site-packages"]\n    node_venv_lib_python3_12_site-packages --> node_venv_lib_python3_12_site-packages_PyQt6["PyQt6"]\n    node_venv_lib_python3_12_site-packages_PyQt6 --> node_venv_lib_python3_12_site-packages_PyQt6_Qt6["Qt6"]\n    node_venv_lib_python3_12_site-packages_PyQt6_Qt6 --> node_venv_lib_python3_12_site-packages_PyQt6_Qt6_qml["qml"]\n    node_venv_lib_python3_12_site-packages_PyQt6_Qt6_qml --> node_venv_lib_python3_12_site-packages_PyQt6_Qt6_qml_QtQuick["QtQuick"]\n    node_venv_lib_python3_12_site-packages_PyQt6_Qt6_qml_QtQuick --> node_venv_lib_python3_12_site-packages_PyQt6_Qt6_qml_QtQuick_Controls["Controls"]\n    node_venv_lib_python3_12_site-packages_PyQt6_Qt6_qml_QtQuick_Controls --> node_venv_lib_python3_12_site-packages_PyQt6_Qt6_qml_QtQuick_Controls_designer["designer"]\n    node_venv_lib_python3_12_site-packages_PyQt6_Qt6_qml_QtQuick_Controls_designer --> node_venv_lib_python3_12_site-packages_PyQt6_Qt6_qml_QtQuick_Controls_designer_images["images"]\n    node_venv_lib_python3_12_site-packages_PyQt6_Qt6_qml_QtQuick_Controls_designer_images --> node_venv_lib_python3_12_site-packages_PyQt6_Qt6_qml_QtQuick_Controls_designer_images_progressbar-icon16_png["progressbar-icon16.png"]\n    Root --> node_venv["venv"]\n    node_venv --> node_venv_lib["lib"]\n    node_venv_lib --> node_venv_lib_python3_12["python3.12"]\n    node_venv_lib_python3_12 --> node_venv_lib_python3_12_site-packages["site-packages"]\n    node_venv_lib_python3_12_site-packages --> node_venv_lib_python3_12_site-packages_PyQt6["PyQt6"]\n    node_venv_lib_python3_12_site-packages_PyQt6 --> node_venv_lib_python3_12_site-packages_PyQt6_Qt6["Qt6"]\n    node_venv_lib_python3_12_site-packages_PyQt6_Qt6 --> node_venv_lib_python3_12_site-packages_PyQt6_Qt6_qml["qml"]\n    node_venv_lib_python3_12_site-packages_PyQt6_Qt6_qml --> node_venv_lib_python3_12_site-packages_PyQt6_Qt6_qml_QtQuick["QtQuick"]\n    node_venv_lib_python3_12_site-packages_PyQt6_Qt6_qml_QtQuick --> node_venv_lib_python3_12_site-packages_PyQt6_Qt6_qml_QtQuick_Controls["Controls"]\n    node_venv_lib_python3_12_site-packages_PyQt6_Qt6_qml_QtQuick_Controls --> node_venv_lib_python3_12_site-packages_PyQt6_Qt6_qml_QtQuick_Controls_designer["designer"]\n    node_venv_lib_python3_12_site-packages_PyQt6_Qt6_qml_QtQuick_Controls_designer --> node_venv_lib_python3_12_site-packages_PyQt6_Qt6_qml_QtQuick_Controls_designer_images["images"]\n    node_venv_lib_python3_12_site-packages_PyQt6_Qt6_qml_QtQuick_Controls_designer_images --> node_venv_lib_python3_12_site-packages_PyQt6_Qt6_qml_QtQuick_Controls_designer_images_progressbar-icon@2x_png["progressbar-icon@2x.png"]\n    Root --> node_venv["venv"]\n    node_venv --> node_venv_lib["lib"]\n    node_venv_lib --> node_venv_lib_python3_12["python3.12"]\n    node_venv_lib_python3_12 --> node_venv_lib_python3_12_site-packages["site-packages"]\n    node_venv_lib_python3_12_site-packages --> node_venv_lib_python3_12_site-packages_PyQt6["PyQt6"]\n    node_venv_lib_python3_12_site-packages_PyQt6 --> node_venv_lib_python3_12_site-packages_PyQt6_Qt6["Qt6"]\n    node_venv_lib_python3_12_site-packages_PyQt6_Qt6 --> node_venv_lib_python3_12_site-packages_PyQt6_Qt6_qml["qml"]\n    node_venv_lib_python3_12_site-packages_PyQt6_Qt6_qml --> node_venv_lib_python3_12_site-packages_PyQt6_Qt6_qml_QtQuick["QtQuick"]\n    node_venv_lib_python3_12_site-packages_PyQt6_Qt6_qml_QtQuick --> node_venv_lib_python3_12_site-packages_PyQt6_Qt6_qml_QtQuick_Controls["Controls"]\n    node_venv_lib_python3_12_site-packages_PyQt6_Qt6_qml_QtQuick_Controls --> node_venv_lib_python3_12_site-packages_PyQt6_Qt6_qml_QtQuick_Controls_designer["designer"]\n    node_venv_lib_python3_12_site-packages_PyQt6_Qt6_qml_QtQuick_Controls_designer --> node_venv_lib_python3_12_site-packages_PyQt6_Qt6_qml_QtQuick_Controls_designer_images["images"]\n    node_venv_lib_python3_12_site-packages_PyQt6_Qt6_qml_QtQuick_Controls_designer_images --> node_venv_lib_python3_12_site-packages_PyQt6_Qt6_qml_QtQuick_Controls_designer_images_radiobutton-icon_png["radiobutton-icon.png"]\n    Root --> node_venv["venv"]\n    node_venv --> node_venv_lib["lib"]\n    node_venv_lib --> node_venv_lib_python3_12["python3.12"]\n    node_venv_lib_python3_12 --> node_venv_lib_python3_12_site-packages["site-packages"]\n    node_venv_lib_python3_12_site-packages --> node_venv_lib_python3_12_site-packages_PyQt6["PyQt6"]\n    node_venv_lib_python3_12_site-packages_PyQt6 --> node_venv_lib_python3_12_site-packages_PyQt6_Qt6["Qt6"]\n    node_venv_lib_python3_12_site-packages_PyQt6_Qt6 --> node_venv_lib_python3_12_site-packages_PyQt6_Qt6_qml["qml"]\n    node_venv_lib_python3_12_site-packages_PyQt6_Qt6_qml --> node_venv_lib_python3_12_site-packages_PyQt6_Qt6_qml_QtQuick["QtQuick"]\n    node_venv_lib_python3_12_site-packages_PyQt6_Qt6_qml_QtQuick --> node_venv_lib_python3_12_site-packages_PyQt6_Qt6_qml_QtQuick_Controls["Controls"]\n    node_venv_lib_python3_12_site-packages_PyQt6_Qt6_qml_QtQuick_Controls --> node_venv_lib_python3_12_site-packages_PyQt6_Qt6_qml_QtQuick_Controls_designer["designer"]\n    node_venv_lib_python3_12_site-packages_PyQt6_Qt6_qml_QtQuick_Controls_designer --> node_venv_lib_python3_12_site-packages_PyQt6_Qt6_qml_QtQuick_Controls_designer_images["images"]\n    node_venv_lib_python3_12_site-packages_PyQt6_Qt6_qml_QtQuick_Controls_designer_images --> node_venv_lib_python3_12_site-packages_PyQt6_Qt6_qml_QtQuick_Controls_designer_images_radiobutton-icon16_png["radiobutton-icon16.png"]\n    Root --> node_venv["venv"]\n    node_venv --> node_venv_lib["lib"]\n    node_venv_lib --> node_venv_lib_python3_12["python3.12"]\n    node_venv_lib_python3_12 --> node_venv_lib_python3_12_site-packages["site-packages"]\n    node_venv_lib_python3_12_site-packages --> node_venv_lib_python3_12_site-packages_PyQt6["PyQt6"]\n    node_venv_lib_python3_12_site-packages_PyQt6 --> node_venv_lib_python3_12_site-packages_PyQt6_Qt6["Qt6"]\n    node_venv_lib_python3_12_site-packages_PyQt6_Qt6 --> node_venv_lib_python3_12_site-packages_PyQt6_Qt6_qml["qml"]\n    node_venv_lib_python3_12_site-packages_PyQt6_Qt6_qml --> node_venv_lib_python3_12_site-packages_PyQt6_Qt6_qml_QtQuick["QtQuick"]\n    node_venv_lib_python3_12_site-packages_PyQt6_Qt6_qml_QtQuick --> node_venv_lib_python3_12_site-packages_PyQt6_Qt6_qml_QtQuick_Controls["Controls"]\n    node_venv_lib_python3_12_site-packages_PyQt6_Qt6_qml_QtQuick_Controls --> node_venv_lib_python3_12_site-packages_PyQt6_Qt6_qml_QtQuick_Controls_designer["designer"]\n    node_venv_lib_python3_12_site-packages_PyQt6_Qt6_qml_QtQuick_Controls_designer --> node_venv_lib_python3_12_site-packages_PyQt6_Qt6_qml_QtQuick_Controls_designer_images["images"]\n    node_venv_lib_python3_12_site-packages_PyQt6_Qt6_qml_QtQuick_Controls_designer_images --> node_venv_lib_python3_12_site-packages_PyQt6_Qt6_qml_QtQuick_Controls_designer_images_radiobutton-icon@2x_png["radiobutton-icon@2x.png"]\n    Root --> node_venv["venv"]\n    node_venv --> node_venv_lib["lib"]\n    node_venv_lib --> node_venv_lib_python3_12["python3.12"]\n    node_venv_lib_python3_12 --> node_venv_lib_python3_12_site-packages["site-packages"]\n    node_venv_lib_python3_12_site-packages --> node_venv_lib_python3_12_site-packages_PyQt6["PyQt6"]\n    node_venv_lib_python3_12_site-packages_PyQt6 --> node_venv_lib_python3_12_site-packages_PyQt6_Qt6["Qt6"]\n    node_venv_lib_python3_12_site-packages_PyQt6_Qt6 --> node_venv_lib_python3_12_site-packages_PyQt6_Qt6_qml["qml"]\n    node_venv_lib_python3_12_site-packages_PyQt6_Qt6_qml --> node_venv_lib_python3_12_site-packages_PyQt6_Qt6_qml_QtQuick["QtQuick"]\n    node_venv_lib_python3_12_site-packages_PyQt6_Qt6_qml_QtQuick --> node_venv_lib_python3_12_site-packages_PyQt6_Qt6_qml_QtQuick_Controls["Controls"]\n    node_venv_lib_python3_12_site-packages_PyQt6_Qt6_qml_QtQuick_Controls --> node_venv_lib_python3_12_site-packages_PyQt6_Qt6_qml_QtQuick_Controls_designer["designer"]\n    node_venv_lib_python3_12_site-packages_PyQt6_Qt6_qml_QtQuick_Controls_designer --> node_venv_lib_python3_12_site-packages_PyQt6_Qt6_qml_QtQuick_Controls_designer_images["images"]\n    node_venv_lib_python3_12_site-packages_PyQt6_Qt6_qml_QtQuick_Controls_designer_images --> node_venv_lib_python3_12_site-packages_PyQt6_Qt6_qml_QtQuick_Controls_designer_images_rangeslider-icon_png["rangeslider-icon.png"]\n    Root --> node_venv["venv"]\n    node_venv --> node_venv_lib["lib"]\n    node_venv_lib --> node_venv_lib_python3_12["python3.12"]\n    node_venv_lib_python3_12 --> node_venv_lib_python3_12_site-packages["site-packages"]\n    node_venv_lib_python3_12_site-packages --> node_venv_lib_python3_12_site-packages_PyQt6["PyQt6"]\n    node_venv_lib_python3_12_site-packages_PyQt6 --> node_venv_lib_python3_12_site-packages_PyQt6_Qt6["Qt6"]\n    node_venv_lib_python3_12_site-packages_PyQt6_Qt6 --> node_venv_lib_python3_12_site-packages_PyQt6_Qt6_qml["qml"]\n    node_venv_lib_python3_12_site-packages_PyQt6_Qt6_qml --> node_venv_lib_python3_12_site-packages_PyQt6_Qt6_qml_QtQuick["QtQuick"]\n    node_venv_lib_python3_12_site-packages_PyQt6_Qt6_qml_QtQuick --> node_venv_lib_python3_12_site-packages_PyQt6_Qt6_qml_QtQuick_Controls["Controls"]\n    node_venv_lib_python3_12_site-packages_PyQt6_Qt6_qml_QtQuick_Controls --> node_venv_lib_python3_12_site-packages_PyQt6_Qt6_qml_QtQuick_Controls_designer["designer"]\n    node_venv_lib_python3_12_site-packages_PyQt6_Qt6_qml_QtQuick_Controls_designer --> node_venv_lib_python3_12_site-packages_PyQt6_Qt6_qml_QtQuick_Controls_designer_images["images"]\n    node_venv_lib_python3_12_site-packages_PyQt6_Qt6_qml_QtQuick_Controls_designer_images --> node_venv_lib_python3_12_site-packages_PyQt6_Qt6_qml_QtQuick_Controls_designer_images_rangeslider-icon16_png["rangeslider-icon16.png"]\n    Root --> node_venv["venv"]\n    node_venv --> node_venv_lib["lib"]\n    node_venv_lib --> node_venv_lib_python3_12["python3.12"]\n    node_venv_lib_python3_12 --> node_venv_lib_python3_12_site-packages["site-packages"]\n    node_venv_lib_python3_12_site-packages --> node_venv_lib_python3_12_site-packages_PyQt6["PyQt6"]\n    node_venv_lib_python3_12_site-packages_PyQt6 --> node_venv_lib_python3_12_site-packages_PyQt6_Qt6["Qt6"]\n    node_venv_lib_python3_12_site-packages_PyQt6_Qt6 --> node_venv_lib_python3_12_site-packages_PyQt6_Qt6_qml["qml"]\n    node_venv_lib_python3_12_site-packages_PyQt6_Qt6_qml --> node_venv_lib_python3_12_site-packages_PyQt6_Qt6_qml_QtQuick["QtQuick"]\n    node_venv_lib_python3_12_site-packages_PyQt6_Qt6_qml_QtQuick --> node_venv_lib_python3_12_site-packages_PyQt6_Qt6_qml_QtQuick_Controls["Controls"]\n    node_venv_lib_python3_12_site-packages_PyQt6_Qt6_qml_QtQuick_Controls --> node_venv_lib_python3_12_site-packages_PyQt6_Qt6_qml_QtQuick_Controls_designer["designer"]\n    node_venv_lib_python3_12_site-packages_PyQt6_Qt6_qml_QtQuick_Controls_designer --> node_venv_lib_python3_12_site-packages_PyQt6_Qt6_qml_QtQuick_Controls_designer_images["images"]\n    node_venv_lib_python3_12_site-packages_PyQt6_Qt6_qml_QtQuick_Controls_designer_images --> node_venv_lib_python3_12_site-packages_PyQt6_Qt6_qml_QtQuick_Controls_designer_images_rangeslider-icon@2x_png["rangeslider-icon@2x.png"]\n    Root --> node_venv["venv"]\n    node_venv --> node_venv_lib["lib"]\n    node_venv_lib --> node_venv_lib_python3_12["python3.12"]\n    node_venv_lib_python3_12 --> node_venv_lib_python3_12_site-packages["site-packages"]\n    node_venv_lib_python3_12_site-packages --> node_venv_lib_python3_12_site-packages_PyQt6["PyQt6"]\n    node_venv_lib_python3_12_site-packages_PyQt6 --> node_venv_lib_python3_12_site-packages_PyQt6_Qt6["Qt6"]\n    node_venv_lib_python3_12_site-packages_PyQt6_Qt6 --> node_venv_lib_python3_12_site-packages_PyQt6_Qt6_qml["qml"]\n    node_venv_lib_python3_12_site-packages_PyQt6_Qt6_qml --> node_venv_lib_python3_12_site-packages_PyQt6_Qt6_qml_QtQuick["QtQuick"]\n    node_venv_lib_python3_12_site-packages_PyQt6_Qt6_qml_QtQuick --> node_venv_lib_python3_12_site-packages_PyQt6_Qt6_qml_QtQuick_Controls["Controls"]\n    node_venv_lib_python3_12_site-packages_PyQt6_Qt6_qml_QtQuick_Controls --> node_venv_lib_python3_12_site-packages_PyQt6_Qt6_qml_QtQuick_Controls_designer["designer"]\n    node_venv_lib_python3_12_site-packages_PyQt6_Qt6_qml_QtQuick_Controls_designer --> node_venv_lib_python3_12_site-packages_PyQt6_Qt6_qml_QtQuick_Controls_designer_images["images"]\n    node_venv_lib_python3_12_site-packages_PyQt6_Qt6_qml_QtQuick_Controls_designer_images --> node_venv_lib_python3_12_site-packages_PyQt6_Qt6_qml_QtQuick_Controls_designer_images_roundbutton-icon_png["roundbutton-icon.png"]\n    Root --> node_venv["venv"]\n    node_venv --> node_venv_lib["lib"]\n    node_venv_lib --> node_venv_lib_python3_12["python3.12"]\n    node_venv_lib_python3_12 --> node_venv_lib_python3_12_site-packages["site-packages"]\n    node_venv_lib_python3_12_site-packages --> node_venv_lib_python3_12_site-packages_PyQt6["PyQt6"]\n    node_venv_lib_python3_12_site-packages_PyQt6 --> node_venv_lib_python3_12_site-packages_PyQt6_Qt6["Qt6"]\n    node_venv_lib_python3_12_site-packages_PyQt6_Qt6 --> node_venv_lib_python3_12_site-packages_PyQt6_Qt6_qml["qml"]\n    node_venv_lib_python3_12_site-packages_PyQt6_Qt6_qml --> node_venv_lib_python3_12_site-packages_PyQt6_Qt6_qml_QtQuick["QtQuick"]\n    node_venv_lib_python3_12_site-packages_PyQt6_Qt6_qml_QtQuick --> node_venv_lib_python3_12_site-packages_PyQt6_Qt6_qml_QtQuick_Controls["Controls"]\n    node_venv_lib_python3_12_site-packages_PyQt6_Qt6_qml_QtQuick_Controls --> node_venv_lib_python3_12_site-packages_PyQt6_Qt6_qml_QtQuick_Controls_designer["designer"]\n    node_venv_lib_python3_12_site-packages_PyQt6_Qt6_qml_QtQuick_Controls_designer --> node_venv_lib_python3_12_site-packages_PyQt6_Qt6_qml_QtQuick_Controls_designer_images["images"]\n    node_venv_lib_python3_12_site-packages_PyQt6_Qt6_qml_QtQuick_Controls_designer_images --> node_venv_lib_python3_12_site-packages_PyQt6_Qt6_qml_QtQuick_Controls_designer_images_roundbutton-icon16_png["roundbutton-icon16.png"]\n    Root --> node_venv["venv"]\n    node_venv --> node_venv_lib["lib"]\n    node_venv_lib --> node_venv_lib_python3_12["python3.12"]\n    node_venv_lib_python3_12 --> node_venv_lib_python3_12_site-packages["site-packages"]\n    node_venv_lib_python3_12_site-packages --> node_venv_lib_python3_12_site-packages_PyQt6["PyQt6"]\n    node_venv_lib_python3_12_site-packages_PyQt6 --> node_venv_lib_python3_12_site-packages_PyQt6_Qt6["Qt6"]\n    node_venv_lib_python3_12_site-packages_PyQt6_Qt6 --> node_venv_lib_python3_12_site-packages_PyQt6_Qt6_qml["qml"]\n    node_venv_lib_python3_12_site-packages_PyQt6_Qt6_qml --> node_venv_lib_python3_12_site-packages_PyQt6_Qt6_qml_QtQuick["QtQuick"]\n    node_venv_lib_python3_12_site-packages_PyQt6_Qt6_qml_QtQuick --> node_venv_lib_python3_12_site-packages_PyQt6_Qt6_qml_QtQuick_Controls["Controls"]\n    node_venv_lib_python3_12_site-packages_PyQt6_Qt6_qml_QtQuick_Controls --> node_venv_lib_python3_12_site-packages_PyQt6_Qt6_qml_QtQuick_Controls_designer["designer"]\n    node_venv_lib_python3_12_site-packages_PyQt6_Qt6_qml_QtQuick_Controls_designer --> node_venv_lib_python3_12_site-packages_PyQt6_Qt6_qml_QtQuick_Controls_designer_images["images"]\n    node_venv_lib_python3_12_site-packages_PyQt6_Qt6_qml_QtQuick_Controls_designer_images --> node_venv_lib_python3_12_site-packages_PyQt6_Qt6_qml_QtQuick_Controls_designer_images_roundbutton-icon@2x_png["roundbutton-icon@2x.png"]\n    Root --> node_venv["venv"]\n    node_venv --> node_venv_lib["lib"]\n    node_venv_lib --> node_venv_lib_python3_12["python3.12"]\n    node_venv_lib_python3_12 --> node_venv_lib_python3_12_site-packages["site-packages"]\n    node_venv_lib_python3_12_site-packages --> node_venv_lib_python3_12_site-packages_PyQt6["PyQt6"]\n    node_venv_lib_python3_12_site-packages_PyQt6 --> node_venv_lib_python3_12_site-packages_PyQt6_Qt6["Qt6"]\n    node_venv_lib_python3_12_site-packages_PyQt6_Qt6 --> node_venv_lib_python3_12_site-packages_PyQt6_Qt6_qml["qml"]\n    node_venv_lib_python3_12_site-packages_PyQt6_Qt6_qml --> node_venv_lib_python3_12_site-packages_PyQt6_Qt6_qml_QtQuick["QtQuick"]\n    node_venv_lib_python3_12_site-packages_PyQt6_Qt6_qml_QtQuick --> node_venv_lib_python3_12_site-packages_PyQt6_Qt6_qml_QtQuick_Controls["Controls"]\n    node_venv_lib_python3_12_site-packages_PyQt6_Qt6_qml_QtQuick_Controls --> node_venv_lib_python3_12_site-packages_PyQt6_Qt6_qml_QtQuick_Controls_designer["designer"]\n    node_venv_lib_python3_12_site-packages_PyQt6_Qt6_qml_QtQuick_Controls_designer --> node_venv_lib_python3_12_site-packages_PyQt6_Qt6_qml_QtQuick_Controls_designer_images["images"]\n    node_venv_lib_python3_12_site-packages_PyQt6_Qt6_qml_QtQuick_Controls_designer_images --> node_venv_lib_python3_12_site-packages_PyQt6_Qt6_qml_QtQuick_Controls_designer_images_scrollview-icon_png["scrollview-icon.png"]\n    Root --> node_venv["venv"]\n    node_venv --> node_venv_lib["lib"]\n    node_venv_lib --> node_venv_lib_python3_12["python3.12"]\n    node_venv_lib_python3_12 --> node_venv_lib_python3_12_site-packages["site-packages"]\n    node_venv_lib_python3_12_site-packages --> node_venv_lib_python3_12_site-packages_PyQt6["PyQt6"]\n    node_venv_lib_python3_12_site-packages_PyQt6 --> node_venv_lib_python3_12_site-packages_PyQt6_Qt6["Qt6"]\n    node_venv_lib_python3_12_site-packages_PyQt6_Qt6 --> node_venv_lib_python3_12_site-packages_PyQt6_Qt6_qml["qml"]\n    node_venv_lib_python3_12_site-packages_PyQt6_Qt6_qml --> node_venv_lib_python3_12_site-packages_PyQt6_Qt6_qml_QtQuick["QtQuick"]\n    node_venv_lib_python3_12_site-packages_PyQt6_Qt6_qml_QtQuick --> node_venv_lib_python3_12_site-packages_PyQt6_Qt6_qml_QtQuick_Controls["Controls"]\n    node_venv_lib_python3_12_site-packages_PyQt6_Qt6_qml_QtQuick_Controls --> node_venv_lib_python3_12_site-packages_PyQt6_Qt6_qml_QtQuick_Controls_designer["designer"]\n    node_venv_lib_python3_12_site-packages_PyQt6_Qt6_qml_QtQuick_Controls_designer --> node_venv_lib_python3_12_site-packages_PyQt6_Qt6_qml_QtQuick_Controls_designer_images["images"]\n    node_venv_lib_python3_12_site-packages_PyQt6_Qt6_qml_QtQuick_Controls_designer_images --> node_venv_lib_python3_12_site-packages_PyQt6_Qt6_qml_QtQuick_Controls_designer_images_scrollview-icon16_png["scrollview-icon16.png"]\n    Root --> node_venv["venv"]\n    node_venv --> node_venv_lib["lib"]\n    node_venv_lib --> node_venv_lib_python3_12["python3.12"]\n    node_venv_lib_python3_12 --> node_venv_lib_python3_12_site-packages["site-packages"]\n    node_venv_lib_python3_12_site-packages --> node_venv_lib_python3_12_site-packages_PyQt6["PyQt6"]\n    node_venv_lib_python3_12_site-packages_PyQt6 --> node_venv_lib_python3_12_site-packages_PyQt6_Qt6["Qt6"]\n    node_venv_lib_python3_12_site-packages_PyQt6_Qt6 --> node_venv_lib_python3_12_site-packages_PyQt6_Qt6_qml["qml"]\n    node_venv_lib_python3_12_site-packages_PyQt6_Qt6_qml --> node_venv_lib_python3_12_site-packages_PyQt6_Qt6_qml_QtQuick["QtQuick"]\n    node_venv_lib_python3_12_site-packages_PyQt6_Qt6_qml_QtQuick --> node_venv_lib_python3_12_site-packages_PyQt6_Qt6_qml_QtQuick_Controls["Controls"]\n    node_venv_lib_python3_12_site-packages_PyQt6_Qt6_qml_QtQuick_Controls --> node_venv_lib_python3_12_site-packages_PyQt6_Qt6_qml_QtQuick_Controls_designer["designer"]\n    node_venv_lib_python3_12_site-packages_PyQt6_Qt6_qml_QtQuick_Controls_designer --> node_venv_lib_python3_12_site-packages_PyQt6_Qt6_qml_QtQuick_Controls_designer_images["images"]\n    node_venv_lib_python3_12_site-packages_PyQt6_Qt6_qml_QtQuick_Controls_designer_images --> node_venv_lib_python3_12_site-packages_PyQt6_Qt6_qml_QtQuick_Controls_designer_images_scrollview-icon@2x_png["scrollview-icon@2x.png"]\n    Root --> node_venv["venv"]\n    node_venv --> node_venv_lib["lib"]\n    node_venv_lib --> node_venv_lib_python3_12["python3.12"]\n    node_venv_lib_python3_12 --> node_venv_lib_python3_12_site-packages["site-packages"]\n    node_venv_lib_python3_12_site-packages --> node_venv_lib_python3_12_site-packages_PyQt6["PyQt6"]\n    node_venv_lib_python3_12_site-packages_PyQt6 --> node_venv_lib_python3_12_site-packages_PyQt6_Qt6["Qt6"]\n    node_venv_lib_python3_12_site-packages_PyQt6_Qt6 --> node_venv_lib_python3_12_site-packages_PyQt6_Qt6_qml["qml"]\n    node_venv_lib_python3_12_site-packages_PyQt6_Qt6_qml --> node_venv_lib_python3_12_site-packages_PyQt6_Qt6_qml_QtQuick["QtQuick"]\n    node_venv_lib_python3_12_site-packages_PyQt6_Qt6_qml_QtQuick --> node_venv_lib_python3_12_site-packages_PyQt6_Qt6_qml_QtQuick_Controls["Controls"]\n    node_venv_lib_python3_12_site-packages_PyQt6_Qt6_qml_QtQuick_Controls --> node_venv_lib_python3_12_site-packages_PyQt6_Qt6_qml_QtQuick_Controls_designer["designer"]\n    node_venv_lib_python3_12_site-packages_PyQt6_Qt6_qml_QtQuick_Controls_designer --> node_venv_lib_python3_12_site-packages_PyQt6_Qt6_qml_QtQuick_Controls_designer_images["images"]\n    node_venv_lib_python3_12_site-packages_PyQt6_Qt6_qml_QtQuick_Controls_designer_images --> node_venv_lib_python3_12_site-packages_PyQt6_Qt6_qml_QtQuick_Controls_designer_images_slider-icon_png["slider-icon.png"]\n    Root --> node_venv["venv"]\n    node_venv --> node_venv_lib["lib"]\n    node_venv_lib --> node_venv_lib_python3_12["python3.12"]\n    node_venv_lib_python3_12 --> node_venv_lib_python3_12_site-packages["site-packages"]\n    node_venv_lib_python3_12_site-packages --> node_venv_lib_python3_12_site-packages_PyQt6["PyQt6"]\n    node_venv_lib_python3_12_site-packages_PyQt6 --> node_venv_lib_python3_12_site-packages_PyQt6_Qt6["Qt6"]\n    node_venv_lib_python3_12_site-packages_PyQt6_Qt6 --> node_venv_lib_python3_12_site-packages_PyQt6_Qt6_qml["qml"]\n    node_venv_lib_python3_12_site-packages_PyQt6_Qt6_qml --> node_venv_lib_python3_12_site-packages_PyQt6_Qt6_qml_QtQuick["QtQuick"]\n    node_venv_lib_python3_12_site-packages_PyQt6_Qt6_qml_QtQuick --> node_venv_lib_python3_12_site-packages_PyQt6_Qt6_qml_QtQuick_Controls["Controls"]\n    node_venv_lib_python3_12_site-packages_PyQt6_Qt6_qml_QtQuick_Controls --> node_venv_lib_python3_12_site-packages_PyQt6_Qt6_qml_QtQuick_Controls_designer["designer"]\n    node_venv_lib_python3_12_site-packages_PyQt6_Qt6_qml_QtQuick_Controls_designer --> node_venv_lib_python3_12_site-packages_PyQt6_Qt6_qml_QtQuick_Controls_designer_images["images"]\n    node_venv_lib_python3_12_site-packages_PyQt6_Qt6_qml_QtQuick_Controls_designer_images --> node_venv_lib_python3_12_site-packages_PyQt6_Qt6_qml_QtQuick_Controls_designer_images_slider-icon16_png["slider-icon16.png"]\n    Root --> node_venv["venv"]\n    node_venv --> node_venv_lib["lib"]\n    node_venv_lib --> node_venv_lib_python3_12["python3.12"]\n    node_venv_lib_python3_12 --> node_venv_lib_python3_12_site-packages["site-packages"]\n    node_venv_lib_python3_12_site-packages --> node_venv_lib_python3_12_site-packages_PyQt6["PyQt6"]\n    node_venv_lib_python3_12_site-packages_PyQt6 --> node_venv_lib_python3_12_site-packages_PyQt6_Qt6["Qt6"]\n    node_venv_lib_python3_12_site-packages_PyQt6_Qt6 --> node_venv_lib_python3_12_site-packages_PyQt6_Qt6_qml["qml"]\n    node_venv_lib_python3_12_site-packages_PyQt6_Qt6_qml --> node_venv_lib_python3_12_site-packages_PyQt6_Qt6_qml_QtQuick["QtQuick"]\n    node_venv_lib_python3_12_site-packages_PyQt6_Qt6_qml_QtQuick --> node_venv_lib_python3_12_site-packages_PyQt6_Qt6_qml_QtQuick_Controls["Controls"]\n    node_venv_lib_python3_12_site-packages_PyQt6_Qt6_qml_QtQuick_Controls --> node_venv_lib_python3_12_site-packages_PyQt6_Qt6_qml_QtQuick_Controls_designer["designer"]\n    node_venv_lib_python3_12_site-packages_PyQt6_Qt6_qml_QtQuick_Controls_designer --> node_venv_lib_python3_12_site-packages_PyQt6_Qt6_qml_QtQuick_Controls_designer_images["images"]\n    node_venv_lib_python3_12_site-packages_PyQt6_Qt6_qml_QtQuick_Controls_designer_images --> node_venv_lib_python3_12_site-packages_PyQt6_Qt6_qml_QtQuick_Controls_designer_images_slider-icon@2x_png["slider-icon@2x.png"]\n    Root --> node_venv["venv"]\n    node_venv --> node_venv_lib["lib"]\n    node_venv_lib --> node_venv_lib_python3_12["python3.12"]\n    node_venv_lib_python3_12 --> node_venv_lib_python3_12_site-packages["site-packages"]\n    node_venv_lib_python3_12_site-packages --> node_venv_lib_python3_12_site-packages_PyQt6["PyQt6"]\n    node_venv_lib_python3_12_site-packages_PyQt6 --> node_venv_lib_python3_12_site-packages_PyQt6_Qt6["Qt6"]\n    node_venv_lib_python3_12_site-packages_PyQt6_Qt6 --> node_venv_lib_python3_12_site-packages_PyQt6_Qt6_qml["qml"]\n    node_venv_lib_python3_12_site-packages_PyQt6_Qt6_qml --> node_venv_lib_python3_12_site-packages_PyQt6_Qt6_qml_QtQuick["QtQuick"]\n    node_venv_lib_python3_12_site-packages_PyQt6_Qt6_qml_QtQuick --> node_venv_lib_python3_12_site-packages_PyQt6_Qt6_qml_QtQuick_Controls["Controls"]\n    node_venv_lib_python3_12_site-packages_PyQt6_Qt6_qml_QtQuick_Controls --> node_venv_lib_python3_12_site-packages_PyQt6_Qt6_qml_QtQuick_Controls_designer["designer"]\n    node_venv_lib_python3_12_site-packages_PyQt6_Qt6_qml_QtQuick_Controls_designer --> node_venv_lib_python3_12_site-packages_PyQt6_Qt6_qml_QtQuick_Controls_designer_images["images"]\n    node_venv_lib_python3_12_site-packages_PyQt6_Qt6_qml_QtQuick_Controls_designer_images --> node_venv_lib_python3_12_site-packages_PyQt6_Qt6_qml_QtQuick_Controls_designer_images_spinbox-icon_png["spinbox-icon.png"]\n    Root --> node_venv["venv"]\n    node_venv --> node_venv_lib["lib"]\n    node_venv_lib --> node_venv_lib_python3_12["python3.12"]\n    node_venv_lib_python3_12 --> node_venv_lib_python3_12_site-packages["site-packages"]\n    node_venv_lib_python3_12_site-packages --> node_venv_lib_python3_12_site-packages_PyQt6["PyQt6"]\n    node_venv_lib_python3_12_site-packages_PyQt6 --> node_venv_lib_python3_12_site-packages_PyQt6_Qt6["Qt6"]\n    node_venv_lib_python3_12_site-packages_PyQt6_Qt6 --> node_venv_lib_python3_12_site-packages_PyQt6_Qt6_qml["qml"]\n    node_venv_lib_python3_12_site-packages_PyQt6_Qt6_qml --> node_venv_lib_python3_12_site-packages_PyQt6_Qt6_qml_QtQuick["QtQuick"]\n    node_venv_lib_python3_12_site-packages_PyQt6_Qt6_qml_QtQuick --> node_venv_lib_python3_12_site-packages_PyQt6_Qt6_qml_QtQuick_Controls["Controls"]\n    node_venv_lib_python3_12_site-packages_PyQt6_Qt6_qml_QtQuick_Controls --> node_venv_lib_python3_12_site-packages_PyQt6_Qt6_qml_QtQuick_Controls_designer["designer"]\n    node_venv_lib_python3_12_site-packages_PyQt6_Qt6_qml_QtQuick_Controls_designer --> node_venv_lib_python3_12_site-packages_PyQt6_Qt6_qml_QtQuick_Controls_designer_images["images"]\n    node_venv_lib_python3_12_site-packages_PyQt6_Qt6_qml_QtQuick_Controls_designer_images --> node_venv_lib_python3_12_site-packages_PyQt6_Qt6_qml_QtQuick_Controls_designer_images_spinbox-icon16_png["spinbox-icon16.png"]\n    Root --> node_venv["venv"]\n    node_venv --> node_venv_lib["lib"]\n    node_venv_lib --> node_venv_lib_python3_12["python3.12"]\n    node_venv_lib_python3_12 --> node_venv_lib_python3_12_site-packages["site-packages"]\n    node_venv_lib_python3_12_site-packages --> node_venv_lib_python3_12_site-packages_PyQt6["PyQt6"]\n    node_venv_lib_python3_12_site-packages_PyQt6 --> node_venv_lib_python3_12_site-packages_PyQt6_Qt6["Qt6"]\n    node_venv_lib_python3_12_site-packages_PyQt6_Qt6 --> node_venv_lib_python3_12_site-packages_PyQt6_Qt6_qml["qml"]\n    node_venv_lib_python3_12_site-packages_PyQt6_Qt6_qml --> node_venv_lib_python3_12_site-packages_PyQt6_Qt6_qml_QtQuick["QtQuick"]\n    node_venv_lib_python3_12_site-packages_PyQt6_Qt6_qml_QtQuick --> node_venv_lib_python3_12_site-packages_PyQt6_Qt6_qml_QtQuick_Controls["Controls"]\n    node_venv_lib_python3_12_site-packages_PyQt6_Qt6_qml_QtQuick_Controls --> node_venv_lib_python3_12_site-packages_PyQt6_Qt6_qml_QtQuick_Controls_designer["designer"]\n    node_venv_lib_python3_12_site-packages_PyQt6_Qt6_qml_QtQuick_Controls_designer --> node_venv_lib_python3_12_site-packages_PyQt6_Qt6_qml_QtQuick_Controls_designer_images["images"]\n    node_venv_lib_python3_12_site-packages_PyQt6_Qt6_qml_QtQuick_Controls_designer_images --> node_venv_lib_python3_12_site-packages_PyQt6_Qt6_qml_QtQuick_Controls_designer_images_spinbox-icon@2x_png["spinbox-icon@2x.png"]\n    Root --> node_venv["venv"]\n    node_venv --> node_venv_lib["lib"]\n    node_venv_lib --> node_venv_lib_python3_12["python3.12"]\n    node_venv_lib_python3_12 --> node_venv_lib_python3_12_site-packages["site-packages"]\n    node_venv_lib_python3_12_site-packages --> node_venv_lib_python3_12_site-packages_PyQt6["PyQt6"]\n    node_venv_lib_python3_12_site-packages_PyQt6 --> node_venv_lib_python3_12_site-packages_PyQt6_Qt6["Qt6"]\n    node_venv_lib_python3_12_site-packages_PyQt6_Qt6 --> node_venv_lib_python3_12_site-packages_PyQt6_Qt6_qml["qml"]\n    node_venv_lib_python3_12_site-packages_PyQt6_Qt6_qml --> node_venv_lib_python3_12_site-packages_PyQt6_Qt6_qml_QtQuick["QtQuick"]\n    node_venv_lib_python3_12_site-packages_PyQt6_Qt6_qml_QtQuick --> node_venv_lib_python3_12_site-packages_PyQt6_Qt6_qml_QtQuick_Controls["Controls"]\n    node_venv_lib_python3_12_site-packages_PyQt6_Qt6_qml_QtQuick_Controls --> node_venv_lib_python3_12_site-packages_PyQt6_Qt6_qml_QtQuick_Controls_designer["designer"]\n    node_venv_lib_python3_12_site-packages_PyQt6_Qt6_qml_QtQuick_Controls_designer --> node_venv_lib_python3_12_site-packages_PyQt6_Qt6_qml_QtQuick_Controls_designer_images["images"]\n    node_venv_lib_python3_12_site-packages_PyQt6_Qt6_qml_QtQuick_Controls_designer_images --> node_venv_lib_python3_12_site-packages_PyQt6_Qt6_qml_QtQuick_Controls_designer_images_stackview-icon_png["stackview-icon.png"]\n    Root --> node_venv["venv"]\n    node_venv --> node_venv_lib["lib"]\n    node_venv_lib --> node_venv_lib_python3_12["python3.12"]\n    node_venv_lib_python3_12 --> node_venv_lib_python3_12_site-packages["site-packages"]\n    node_venv_lib_python3_12_site-packages --> node_venv_lib_python3_12_site-packages_PyQt6["PyQt6"]\n    node_venv_lib_python3_12_site-packages_PyQt6 --> node_venv_lib_python3_12_site-packages_PyQt6_Qt6["Qt6"]\n    node_venv_lib_python3_12_site-packages_PyQt6_Qt6 --> node_venv_lib_python3_12_site-packages_PyQt6_Qt6_qml["qml"]\n    node_venv_lib_python3_12_site-packages_PyQt6_Qt6_qml --> node_venv_lib_python3_12_site-packages_PyQt6_Qt6_qml_QtQuick["QtQuick"]\n    node_venv_lib_python3_12_site-packages_PyQt6_Qt6_qml_QtQuick --> node_venv_lib_python3_12_site-packages_PyQt6_Qt6_qml_QtQuick_Controls["Controls"]\n    node_venv_lib_python3_12_site-packages_PyQt6_Qt6_qml_QtQuick_Controls --> node_venv_lib_python3_12_site-packages_PyQt6_Qt6_qml_QtQuick_Controls_designer["designer"]\n    node_venv_lib_python3_12_site-packages_PyQt6_Qt6_qml_QtQuick_Controls_designer --> node_venv_lib_python3_12_site-packages_PyQt6_Qt6_qml_QtQuick_Controls_designer_images["images"]\n    node_venv_lib_python3_12_site-packages_PyQt6_Qt6_qml_QtQuick_Controls_designer_images --> node_venv_lib_python3_12_site-packages_PyQt6_Qt6_qml_QtQuick_Controls_designer_images_stackview-icon16_png["stackview-icon16.png"]\n    Root --> node_venv["venv"]\n    node_venv --> node_venv_lib["lib"]\n    node_venv_lib --> node_venv_lib_python3_12["python3.12"]\n    node_venv_lib_python3_12 --> node_venv_lib_python3_12_site-packages["site-packages"]\n    node_venv_lib_python3_12_site-packages --> node_venv_lib_python3_12_site-packages_PyQt6["PyQt6"]\n    node_venv_lib_python3_12_site-packages_PyQt6 --> node_venv_lib_python3_12_site-packages_PyQt6_Qt6["Qt6"]\n    node_venv_lib_python3_12_site-packages_PyQt6_Qt6 --> node_venv_lib_python3_12_site-packages_PyQt6_Qt6_qml["qml"]\n    node_venv_lib_python3_12_site-packages_PyQt6_Qt6_qml --> node_venv_lib_python3_12_site-packages_PyQt6_Qt6_qml_QtQuick["QtQuick"]\n    node_venv_lib_python3_12_site-packages_PyQt6_Qt6_qml_QtQuick --> node_venv_lib_python3_12_site-packages_PyQt6_Qt6_qml_QtQuick_Controls["Controls"]\n    node_venv_lib_python3_12_site-packages_PyQt6_Qt6_qml_QtQuick_Controls --> node_venv_lib_python3_12_site-packages_PyQt6_Qt6_qml_QtQuick_Controls_designer["designer"]\n    node_venv_lib_python3_12_site-packages_PyQt6_Qt6_qml_QtQuick_Controls_designer --> node_venv_lib_python3_12_site-packages_PyQt6_Qt6_qml_QtQuick_Controls_designer_images["images"]\n    node_venv_lib_python3_12_site-packages_PyQt6_Qt6_qml_QtQuick_Controls_designer_images --> node_venv_lib_python3_12_site-packages_PyQt6_Qt6_qml_QtQuick_Controls_designer_images_stackview-icon@2x_png["stackview-icon@2x.png"]\n    Root --> node_venv["venv"]\n    node_venv --> node_venv_lib["lib"]\n    node_venv_lib --> node_venv_lib_python3_12["python3.12"]\n    node_venv_lib_python3_12 --> node_venv_lib_python3_12_site-packages["site-packages"]\n    node_venv_lib_python3_12_site-packages --> node_venv_lib_python3_12_site-packages_PyQt6["PyQt6"]\n    node_venv_lib_python3_12_site-packages_PyQt6 --> node_venv_lib_python3_12_site-packages_PyQt6_Qt6["Qt6"]\n    node_venv_lib_python3_12_site-packages_PyQt6_Qt6 --> node_venv_lib_python3_12_site-packages_PyQt6_Qt6_qml["qml"]\n    node_venv_lib_python3_12_site-packages_PyQt6_Qt6_qml --> node_venv_lib_python3_12_site-packages_PyQt6_Qt6_qml_QtQuick["QtQuick"]\n    node_venv_lib_python3_12_site-packages_PyQt6_Qt6_qml_QtQuick --> node_venv_lib_python3_12_site-packages_PyQt6_Qt6_qml_QtQuick_Controls["Controls"]\n    node_venv_lib_python3_12_site-packages_PyQt6_Qt6_qml_QtQuick_Controls --> node_venv_lib_python3_12_site-packages_PyQt6_Qt6_qml_QtQuick_Controls_designer["designer"]\n    node_venv_lib_python3_12_site-packages_PyQt6_Qt6_qml_QtQuick_Controls_designer --> node_venv_lib_python3_12_site-packages_PyQt6_Qt6_qml_QtQuick_Controls_designer_images["images"]\n    node_venv_lib_python3_12_site-packages_PyQt6_Qt6_qml_QtQuick_Controls_designer_images --> node_venv_lib_python3_12_site-packages_PyQt6_Qt6_qml_QtQuick_Controls_designer_images_swipeview-icon_png["swipeview-icon.png"]\n    Root --> node_venv["venv"]\n    node_venv --> node_venv_lib["lib"]\n    node_venv_lib --> node_venv_lib_python3_12["python3.12"]\n    node_venv_lib_python3_12 --> node_venv_lib_python3_12_site-packages["site-packages"]\n    node_venv_lib_python3_12_site-packages --> node_venv_lib_python3_12_site-packages_PyQt6["PyQt6"]\n    node_venv_lib_python3_12_site-packages_PyQt6 --> node_venv_lib_python3_12_site-packages_PyQt6_Qt6["Qt6"]\n    node_venv_lib_python3_12_site-packages_PyQt6_Qt6 --> node_venv_lib_python3_12_site-packages_PyQt6_Qt6_qml["qml"]\n    node_venv_lib_python3_12_site-packages_PyQt6_Qt6_qml --> node_venv_lib_python3_12_site-packages_PyQt6_Qt6_qml_QtQuick["QtQuick"]\n    node_venv_lib_python3_12_site-packages_PyQt6_Qt6_qml_QtQuick --> node_venv_lib_python3_12_site-packages_PyQt6_Qt6_qml_QtQuick_Controls["Controls"]\n    node_venv_lib_python3_12_site-packages_PyQt6_Qt6_qml_QtQuick_Controls --> node_venv_lib_python3_12_site-packages_PyQt6_Qt6_qml_QtQuick_Controls_designer["designer"]\n    node_venv_lib_python3_12_site-packages_PyQt6_Qt6_qml_QtQuick_Controls_designer --> node_venv_lib_python3_12_site-packages_PyQt6_Qt6_qml_QtQuick_Controls_designer_images["images"]\n    node_venv_lib_python3_12_site-packages_PyQt6_Qt6_qml_QtQuick_Controls_designer_images --> node_venv_lib_python3_12_site-packages_PyQt6_Qt6_qml_QtQuick_Controls_designer_images_swipeview-icon16_png["swipeview-icon16.png"]\n    Root --> node_venv["venv"]\n    node_venv --> node_venv_lib["lib"]\n    node_venv_lib --> node_venv_lib_python3_12["python3.12"]\n    node_venv_lib_python3_12 --> node_venv_lib_python3_12_site-packages["site-packages"]\n    node_venv_lib_python3_12_site-packages --> node_venv_lib_python3_12_site-packages_PyQt6["PyQt6"]\n    node_venv_lib_python3_12_site-packages_PyQt6 --> node_venv_lib_python3_12_site-packages_PyQt6_Qt6["Qt6"]\n    node_venv_lib_python3_12_site-packages_PyQt6_Qt6 --> node_venv_lib_python3_12_site-packages_PyQt6_Qt6_qml["qml"]\n    node_venv_lib_python3_12_site-packages_PyQt6_Qt6_qml --> node_venv_lib_python3_12_site-packages_PyQt6_Qt6_qml_QtQuick["QtQuick"]\n    node_venv_lib_python3_12_site-packages_PyQt6_Qt6_qml_QtQuick --> node_venv_lib_python3_12_site-packages_PyQt6_Qt6_qml_QtQuick_Controls["Controls"]\n    node_venv_lib_python3_12_site-packages_PyQt6_Qt6_qml_QtQuick_Controls --> node_venv_lib_python3_12_site-packages_PyQt6_Qt6_qml_QtQuick_Controls_designer["designer"]\n    node_venv_lib_python3_12_site-packages_PyQt6_Qt6_qml_QtQuick_Controls_designer --> node_venv_lib_python3_12_site-packages_PyQt6_Qt6_qml_QtQuick_Controls_designer_images["images"]\n    node_venv_lib_python3_12_site-packages_PyQt6_Qt6_qml_QtQuick_Controls_designer_images --> node_venv_lib_python3_12_site-packages_PyQt6_Qt6_qml_QtQuick_Controls_designer_images_swipeview-icon@2x_png["swipeview-icon@2x.png"]\n    Root --> node_venv["venv"]\n    node_venv --> node_venv_lib["lib"]\n    node_venv_lib --> node_venv_lib_python3_12["python3.12"]\n    node_venv_lib_python3_12 --> node_venv_lib_python3_12_site-packages["site-packages"]\n    node_venv_lib_python3_12_site-packages --> node_venv_lib_python3_12_site-packages_PyQt6["PyQt6"]\n    node_venv_lib_python3_12_site-packages_PyQt6 --> node_venv_lib_python3_12_site-packages_PyQt6_Qt6["Qt6"]\n    node_venv_lib_python3_12_site-packages_PyQt6_Qt6 --> node_venv_lib_python3_12_site-packages_PyQt6_Qt6_qml["qml"]\n    node_venv_lib_python3_12_site-packages_PyQt6_Qt6_qml --> node_venv_lib_python3_12_site-packages_PyQt6_Qt6_qml_QtQuick["QtQuick"]\n    node_venv_lib_python3_12_site-packages_PyQt6_Qt6_qml_QtQuick --> node_venv_lib_python3_12_site-packages_PyQt6_Qt6_qml_QtQuick_Controls["Controls"]\n    node_venv_lib_python3_12_site-packages_PyQt6_Qt6_qml_QtQuick_Controls --> node_venv_lib_python3_12_site-packages_PyQt6_Qt6_qml_QtQuick_Controls_designer["designer"]\n    node_venv_lib_python3_12_site-packages_PyQt6_Qt6_qml_QtQuick_Controls_designer --> node_venv_lib_python3_12_site-packages_PyQt6_Qt6_qml_QtQuick_Controls_designer_images["images"]\n    node_venv_lib_python3_12_site-packages_PyQt6_Qt6_qml_QtQuick_Controls_designer_images --> node_venv_lib_python3_12_site-packages_PyQt6_Qt6_qml_QtQuick_Controls_designer_images_switch-icon_png["switch-icon.png"]\n    Root --> node_venv["venv"]\n    node_venv --> node_venv_lib["lib"]\n    node_venv_lib --> node_venv_lib_python3_12["python3.12"]\n    node_venv_lib_python3_12 --> node_venv_lib_python3_12_site-packages["site-packages"]\n    node_venv_lib_python3_12_site-packages --> node_venv_lib_python3_12_site-packages_PyQt6["PyQt6"]\n    node_venv_lib_python3_12_site-packages_PyQt6 --> node_venv_lib_python3_12_site-packages_PyQt6_Qt6["Qt6"]\n    node_venv_lib_python3_12_site-packages_PyQt6_Qt6 --> node_venv_lib_python3_12_site-packages_PyQt6_Qt6_qml["qml"]\n    node_venv_lib_python3_12_site-packages_PyQt6_Qt6_qml --> node_venv_lib_python3_12_site-packages_PyQt6_Qt6_qml_QtQuick["QtQuick"]\n    node_venv_lib_python3_12_site-packages_PyQt6_Qt6_qml_QtQuick --> node_venv_lib_python3_12_site-packages_PyQt6_Qt6_qml_QtQuick_Controls["Controls"]\n    node_venv_lib_python3_12_site-packages_PyQt6_Qt6_qml_QtQuick_Controls --> node_venv_lib_python3_12_site-packages_PyQt6_Qt6_qml_QtQuick_Controls_designer["designer"]\n    node_venv_lib_python3_12_site-packages_PyQt6_Qt6_qml_QtQuick_Controls_designer --> node_venv_lib_python3_12_site-packages_PyQt6_Qt6_qml_QtQuick_Controls_designer_images["images"]\n    node_venv_lib_python3_12_site-packages_PyQt6_Qt6_qml_QtQuick_Controls_designer_images --> node_venv_lib_python3_12_site-packages_PyQt6_Qt6_qml_QtQuick_Controls_designer_images_switch-icon16_png["switch-icon16.png"]\n    Root --> node_venv["venv"]\n    node_venv --> node_venv_lib["lib"]\n    node_venv_lib --> node_venv_lib_python3_12["python3.12"]\n    node_venv_lib_python3_12 --> node_venv_lib_python3_12_site-packages["site-packages"]\n    node_venv_lib_python3_12_site-packages --> node_venv_lib_python3_12_site-packages_PyQt6["PyQt6"]\n    node_venv_lib_python3_12_site-packages_PyQt6 --> node_venv_lib_python3_12_site-packages_PyQt6_Qt6["Qt6"]\n    node_venv_lib_python3_12_site-packages_PyQt6_Qt6 --> node_venv_lib_python3_12_site-packages_PyQt6_Qt6_qml["qml"]\n    node_venv_lib_python3_12_site-packages_PyQt6_Qt6_qml --> node_venv_lib_python3_12_site-packages_PyQt6_Qt6_qml_QtQuick["QtQuick"]\n    node_venv_lib_python3_12_site-packages_PyQt6_Qt6_qml_QtQuick --> node_venv_lib_python3_12_site-packages_PyQt6_Qt6_qml_QtQuick_Controls["Controls"]\n    node_venv_lib_python3_12_site-packages_PyQt6_Qt6_qml_QtQuick_Controls --> node_venv_lib_python3_12_site-packages_PyQt6_Qt6_qml_QtQuick_Controls_designer["designer"]\n    node_venv_lib_python3_12_site-packages_PyQt6_Qt6_qml_QtQuick_Controls_designer --> node_venv_lib_python3_12_site-packages_PyQt6_Qt6_qml_QtQuick_Controls_designer_images["images"]\n    node_venv_lib_python3_12_site-packages_PyQt6_Qt6_qml_QtQuick_Controls_designer_images --> node_venv_lib_python3_12_site-packages_PyQt6_Qt6_qml_QtQuick_Controls_designer_images_switch-icon@2x_png["switch-icon@2x.png"]\n    Root --> node_venv["venv"]\n    node_venv --> node_venv_lib["lib"]\n    node_venv_lib --> node_venv_lib_python3_12["python3.12"]\n    node_venv_lib_python3_12 --> node_venv_lib_python3_12_site-packages["site-packages"]\n    node_venv_lib_python3_12_site-packages --> node_venv_lib_python3_12_site-packages_PyQt6["PyQt6"]\n    node_venv_lib_python3_12_site-packages_PyQt6 --> node_venv_lib_python3_12_site-packages_PyQt6_Qt6["Qt6"]\n    node_venv_lib_python3_12_site-packages_PyQt6_Qt6 --> node_venv_lib_python3_12_site-packages_PyQt6_Qt6_qml["qml"]\n    node_venv_lib_python3_12_site-packages_PyQt6_Qt6_qml --> node_venv_lib_python3_12_site-packages_PyQt6_Qt6_qml_QtQuick["QtQuick"]\n    node_venv_lib_python3_12_site-packages_PyQt6_Qt6_qml_QtQuick --> node_venv_lib_python3_12_site-packages_PyQt6_Qt6_qml_QtQuick_Controls["Controls"]\n    node_venv_lib_python3_12_site-packages_PyQt6_Qt6_qml_QtQuick_Controls --> node_venv_lib_python3_12_site-packages_PyQt6_Qt6_qml_QtQuick_Controls_designer["designer"]\n    node_venv_lib_python3_12_site-packages_PyQt6_Qt6_qml_QtQuick_Controls_designer --> node_venv_lib_python3_12_site-packages_PyQt6_Qt6_qml_QtQuick_Controls_designer_images["images"]\n    node_venv_lib_python3_12_site-packages_PyQt6_Qt6_qml_QtQuick_Controls_designer_images --> node_venv_lib_python3_12_site-packages_PyQt6_Qt6_qml_QtQuick_Controls_designer_images_textarea-icon_png["textarea-icon.png"]\n    Root --> node_venv["venv"]\n    node_venv --> node_venv_lib["lib"]\n    node_venv_lib --> node_venv_lib_python3_12["python3.12"]\n    node_venv_lib_python3_12 --> node_venv_lib_python3_12_site-packages["site-packages"]\n    node_venv_lib_python3_12_site-packages --> node_venv_lib_python3_12_site-packages_PyQt6["PyQt6"]\n    node_venv_lib_python3_12_site-packages_PyQt6 --> node_venv_lib_python3_12_site-packages_PyQt6_Qt6["Qt6"]\n    node_venv_lib_python3_12_site-packages_PyQt6_Qt6 --> node_venv_lib_python3_12_site-packages_PyQt6_Qt6_qml["qml"]\n    node_venv_lib_python3_12_site-packages_PyQt6_Qt6_qml --> node_venv_lib_python3_12_site-packages_PyQt6_Qt6_qml_QtQuick["QtQuick"]\n    node_venv_lib_python3_12_site-packages_PyQt6_Qt6_qml_QtQuick --> node_venv_lib_python3_12_site-packages_PyQt6_Qt6_qml_QtQuick_Controls["Controls"]\n    node_venv_lib_python3_12_site-packages_PyQt6_Qt6_qml_QtQuick_Controls --> node_venv_lib_python3_12_site-packages_PyQt6_Qt6_qml_QtQuick_Controls_designer["designer"]\n    node_venv_lib_python3_12_site-packages_PyQt6_Qt6_qml_QtQuick_Controls_designer --> node_venv_lib_python3_12_site-packages_PyQt6_Qt6_qml_QtQuick_Controls_designer_images["images"]\n    node_venv_lib_python3_12_site-packages_PyQt6_Qt6_qml_QtQuick_Controls_designer_images --> node_venv_lib_python3_12_site-packages_PyQt6_Qt6_qml_QtQuick_Controls_designer_images_textarea-icon16_png["textarea-icon16.png"]\n    Root --> node_venv["venv"]\n    node_venv --> node_venv_lib["lib"]\n    node_venv_lib --> node_venv_lib_python3_12["python3.12"]\n    node_venv_lib_python3_12 --> node_venv_lib_python3_12_site-packages["site-packages"]\n    node_venv_lib_python3_12_site-packages --> node_venv_lib_python3_12_site-packages_PyQt6["PyQt6"]\n    node_venv_lib_python3_12_site-packages_PyQt6 --> node_venv_lib_python3_12_site-packages_PyQt6_Qt6["Qt6"]\n    node_venv_lib_python3_12_site-packages_PyQt6_Qt6 --> node_venv_lib_python3_12_site-packages_PyQt6_Qt6_qml["qml"]\n    node_venv_lib_python3_12_site-packages_PyQt6_Qt6_qml --> node_venv_lib_python3_12_site-packages_PyQt6_Qt6_qml_QtQuick["QtQuick"]\n    node_venv_lib_python3_12_site-packages_PyQt6_Qt6_qml_QtQuick --> node_venv_lib_python3_12_site-packages_PyQt6_Qt6_qml_QtQuick_Controls["Controls"]\n    node_venv_lib_python3_12_site-packages_PyQt6_Qt6_qml_QtQuick_Controls --> node_venv_lib_python3_12_site-packages_PyQt6_Qt6_qml_QtQuick_Controls_designer["designer"]\n    node_venv_lib_python3_12_site-packages_PyQt6_Qt6_qml_QtQuick_Controls_designer --> node_venv_lib_python3_12_site-packages_PyQt6_Qt6_qml_QtQuick_Controls_designer_images["images"]\n    node_venv_lib_python3_12_site-packages_PyQt6_Qt6_qml_QtQuick_Controls_designer_images --> node_venv_lib_python3_12_site-packages_PyQt6_Qt6_qml_QtQuick_Controls_designer_images_textarea-icon@2x_png["textarea-icon@2x.png"]\n    Root --> node_venv["venv"]\n    node_venv --> node_venv_lib["lib"]\n    node_venv_lib --> node_venv_lib_python3_12["python3.12"]\n    node_venv_lib_python3_12 --> node_venv_lib_python3_12_site-packages["site-packages"]\n    node_venv_lib_python3_12_site-packages --> node_venv_lib_python3_12_site-packages_PyQt6["PyQt6"]\n    node_venv_lib_python3_12_site-packages_PyQt6 --> node_venv_lib_python3_12_site-packages_PyQt6_Qt6["Qt6"]\n    node_venv_lib_python3_12_site-packages_PyQt6_Qt6 --> node_venv_lib_python3_12_site-packages_PyQt6_Qt6_qml["qml"]\n    node_venv_lib_python3_12_site-packages_PyQt6_Qt6_qml --> node_venv_lib_python3_12_site-packages_PyQt6_Qt6_qml_QtQuick["QtQuick"]\n    node_venv_lib_python3_12_site-packages_PyQt6_Qt6_qml_QtQuick --> node_venv_lib_python3_12_site-packages_PyQt6_Qt6_qml_QtQuick_Controls["Controls"]\n    node_venv_lib_python3_12_site-packages_PyQt6_Qt6_qml_QtQuick_Controls --> node_venv_lib_python3_12_site-packages_PyQt6_Qt6_qml_QtQuick_Controls_designer["designer"]\n    node_venv_lib_python3_12_site-packages_PyQt6_Qt6_qml_QtQuick_Controls_designer --> node_venv_lib_python3_12_site-packages_PyQt6_Qt6_qml_QtQuick_Controls_designer_images["images"]\n    node_venv_lib_python3_12_site-packages_PyQt6_Qt6_qml_QtQuick_Controls_designer_images --> node_venv_lib_python3_12_site-packages_PyQt6_Qt6_qml_QtQuick_Controls_designer_images_textfield-icon_png["textfield-icon.png"]\n    Root --> node_venv["venv"]\n    node_venv --> node_venv_lib["lib"]\n    node_venv_lib --> node_venv_lib_python3_12["python3.12"]\n    node_venv_lib_python3_12 --> node_venv_lib_python3_12_site-packages["site-packages"]\n    node_venv_lib_python3_12_site-packages --> node_venv_lib_python3_12_site-packages_PyQt6["PyQt6"]\n    node_venv_lib_python3_12_site-packages_PyQt6 --> node_venv_lib_python3_12_site-packages_PyQt6_Qt6["Qt6"]\n    node_venv_lib_python3_12_site-packages_PyQt6_Qt6 --> node_venv_lib_python3_12_site-packages_PyQt6_Qt6_qml["qml"]\n    node_venv_lib_python3_12_site-packages_PyQt6_Qt6_qml --> node_venv_lib_python3_12_site-packages_PyQt6_Qt6_qml_QtQuick["QtQuick"]\n    node_venv_lib_python3_12_site-packages_PyQt6_Qt6_qml_QtQuick --> node_venv_lib_python3_12_site-packages_PyQt6_Qt6_qml_QtQuick_Controls["Controls"]\n    node_venv_lib_python3_12_site-packages_PyQt6_Qt6_qml_QtQuick_Controls --> node_venv_lib_python3_12_site-packages_PyQt6_Qt6_qml_QtQuick_Controls_designer["designer"]\n    node_venv_lib_python3_12_site-packages_PyQt6_Qt6_qml_QtQuick_Controls_designer --> node_venv_lib_python3_12_site-packages_PyQt6_Qt6_qml_QtQuick_Controls_designer_images["images"]\n    node_venv_lib_python3_12_site-packages_PyQt6_Qt6_qml_QtQuick_Controls_designer_images --> node_venv_lib_python3_12_site-packages_PyQt6_Qt6_qml_QtQuick_Controls_designer_images_textfield-icon16_png["textfield-icon16.png"]\n    Root --> node_venv["venv"]\n    node_venv --> node_venv_lib["lib"]\n    node_venv_lib --> node_venv_lib_python3_12["python3.12"]\n    node_venv_lib_python3_12 --> node_venv_lib_python3_12_site-packages["site-packages"]\n    node_venv_lib_python3_12_site-packages --> node_venv_lib_python3_12_site-packages_PyQt6["PyQt6"]\n    node_venv_lib_python3_12_site-packages_PyQt6 --> node_venv_lib_python3_12_site-packages_PyQt6_Qt6["Qt6"]\n    node_venv_lib_python3_12_site-packages_PyQt6_Qt6 --> node_venv_lib_python3_12_site-packages_PyQt6_Qt6_qml["qml"]\n    node_venv_lib_python3_12_site-packages_PyQt6_Qt6_qml --> node_venv_lib_python3_12_site-packages_PyQt6_Qt6_qml_QtQuick["QtQuick"]\n    node_venv_lib_python3_12_site-packages_PyQt6_Qt6_qml_QtQuick --> node_venv_lib_python3_12_site-packages_PyQt6_Qt6_qml_QtQuick_Controls["Controls"]\n    node_venv_lib_python3_12_site-packages_PyQt6_Qt6_qml_QtQuick_Controls --> node_venv_lib_python3_12_site-packages_PyQt6_Qt6_qml_QtQuick_Controls_designer["designer"]\n    node_venv_lib_python3_12_site-packages_PyQt6_Qt6_qml_QtQuick_Controls_designer --> node_venv_lib_python3_12_site-packages_PyQt6_Qt6_qml_QtQuick_Controls_designer_images["images"]\n    node_venv_lib_python3_12_site-packages_PyQt6_Qt6_qml_QtQuick_Controls_designer_images --> node_venv_lib_python3_12_site-packages_PyQt6_Qt6_qml_QtQuick_Controls_designer_images_textfield-icon@2x_png["textfield-icon@2x.png"]\n    Root --> node_venv["venv"]\n    node_venv --> node_venv_lib["lib"]\n    node_venv_lib --> node_venv_lib_python3_12["python3.12"]\n    node_venv_lib_python3_12 --> node_venv_lib_python3_12_site-packages["site-packages"]\n    node_venv_lib_python3_12_site-packages --> node_venv_lib_python3_12_site-packages_PyQt6["PyQt6"]\n    node_venv_lib_python3_12_site-packages_PyQt6 --> node_venv_lib_python3_12_site-packages_PyQt6_Qt6["Qt6"]\n    node_venv_lib_python3_12_site-packages_PyQt6_Qt6 --> node_venv_lib_python3_12_site-packages_PyQt6_Qt6_qml["qml"]\n    node_venv_lib_python3_12_site-packages_PyQt6_Qt6_qml --> node_venv_lib_python3_12_site-packages_PyQt6_Qt6_qml_QtQuick["QtQuick"]\n    node_venv_lib_python3_12_site-packages_PyQt6_Qt6_qml_QtQuick --> node_venv_lib_python3_12_site-packages_PyQt6_Qt6_qml_QtQuick_Controls["Controls"]\n    node_venv_lib_python3_12_site-packages_PyQt6_Qt6_qml_QtQuick_Controls --> node_venv_lib_python3_12_site-packages_PyQt6_Qt6_qml_QtQuick_Controls_designer["designer"]\n    node_venv_lib_python3_12_site-packages_PyQt6_Qt6_qml_QtQuick_Controls_designer --> node_venv_lib_python3_12_site-packages_PyQt6_Qt6_qml_QtQuick_Controls_designer_images["images"]\n    node_venv_lib_python3_12_site-packages_PyQt6_Qt6_qml_QtQuick_Controls_designer_images --> node_venv_lib_python3_12_site-packages_PyQt6_Qt6_qml_QtQuick_Controls_designer_images_toolbar-icon_png["toolbar-icon.png"]\n    Root --> node_venv["venv"]\n    node_venv --> node_venv_lib["lib"]\n    node_venv_lib --> node_venv_lib_python3_12["python3.12"]\n    node_venv_lib_python3_12 --> node_venv_lib_python3_12_site-packages["site-packages"]\n    node_venv_lib_python3_12_site-packages --> node_venv_lib_python3_12_site-packages_PyQt6["PyQt6"]\n    node_venv_lib_python3_12_site-packages_PyQt6 --> node_venv_lib_python3_12_site-packages_PyQt6_Qt6["Qt6"]\n    node_venv_lib_python3_12_site-packages_PyQt6_Qt6 --> node_venv_lib_python3_12_site-packages_PyQt6_Qt6_qml["qml"]\n    node_venv_lib_python3_12_site-packages_PyQt6_Qt6_qml --> node_venv_lib_python3_12_site-packages_PyQt6_Qt6_qml_QtQuick["QtQuick"]\n    node_venv_lib_python3_12_site-packages_PyQt6_Qt6_qml_QtQuick --> node_venv_lib_python3_12_site-packages_PyQt6_Qt6_qml_QtQuick_Controls["Controls"]\n    node_venv_lib_python3_12_site-packages_PyQt6_Qt6_qml_QtQuick_Controls --> node_venv_lib_python3_12_site-packages_PyQt6_Qt6_qml_QtQuick_Controls_designer["designer"]\n    node_venv_lib_python3_12_site-packages_PyQt6_Qt6_qml_QtQuick_Controls_designer --> node_venv_lib_python3_12_site-packages_PyQt6_Qt6_qml_QtQuick_Controls_designer_images["images"]\n    node_venv_lib_python3_12_site-packages_PyQt6_Qt6_qml_QtQuick_Controls_designer_images --> node_venv_lib_python3_12_site-packages_PyQt6_Qt6_qml_QtQuick_Controls_designer_images_toolbar-icon16_png["toolbar-icon16.png"]\n    Root --> node_venv["venv"]\n    node_venv --> node_venv_lib["lib"]\n    node_venv_lib --> node_venv_lib_python3_12["python3.12"]\n    node_venv_lib_python3_12 --> node_venv_lib_python3_12_site-packages["site-packages"]\n    node_venv_lib_python3_12_site-packages --> node_venv_lib_python3_12_site-packages_PyQt6["PyQt6"]\n    node_venv_lib_python3_12_site-packages_PyQt6 --> node_venv_lib_python3_12_site-packages_PyQt6_Qt6["Qt6"]\n    node_venv_lib_python3_12_site-packages_PyQt6_Qt6 --> node_venv_lib_python3_12_site-packages_PyQt6_Qt6_qml["qml"]\n    node_venv_lib_python3_12_site-packages_PyQt6_Qt6_qml --> node_venv_lib_python3_12_site-packages_PyQt6_Qt6_qml_QtQuick["QtQuick"]\n    node_venv_lib_python3_12_site-packages_PyQt6_Qt6_qml_QtQuick --> node_venv_lib_python3_12_site-packages_PyQt6_Qt6_qml_QtQuick_Controls["Controls"]\n    node_venv_lib_python3_12_site-packages_PyQt6_Qt6_qml_QtQuick_Controls --> node_venv_lib_python3_12_site-packages_PyQt6_Qt6_qml_QtQuick_Controls_designer["designer"]\n    node_venv_lib_python3_12_site-packages_PyQt6_Qt6_qml_QtQuick_Controls_designer --> node_venv_lib_python3_12_site-packages_PyQt6_Qt6_qml_QtQuick_Controls_designer_images["images"]\n    node_venv_lib_python3_12_site-packages_PyQt6_Qt6_qml_QtQuick_Controls_designer_images --> node_venv_lib_python3_12_site-packages_PyQt6_Qt6_qml_QtQuick_Controls_designer_images_toolbar-icon@2x_png["toolbar-icon@2x.png"]\n    Root --> node_venv["venv"]\n    node_venv --> node_venv_lib["lib"]\n    node_venv_lib --> node_venv_lib_python3_12["python3.12"]\n    node_venv_lib_python3_12 --> node_venv_lib_python3_12_site-packages["site-packages"]\n    node_venv_lib_python3_12_site-packages --> node_venv_lib_python3_12_site-packages_PyQt6["PyQt6"]\n    node_venv_lib_python3_12_site-packages_PyQt6 --> node_venv_lib_python3_12_site-packages_PyQt6_Qt6["Qt6"]\n    node_venv_lib_python3_12_site-packages_PyQt6_Qt6 --> node_venv_lib_python3_12_site-packages_PyQt6_Qt6_qml["qml"]\n    node_venv_lib_python3_12_site-packages_PyQt6_Qt6_qml --> node_venv_lib_python3_12_site-packages_PyQt6_Qt6_qml_QtQuick["QtQuick"]\n    node_venv_lib_python3_12_site-packages_PyQt6_Qt6_qml_QtQuick --> node_venv_lib_python3_12_site-packages_PyQt6_Qt6_qml_QtQuick_Controls["Controls"]\n    node_venv_lib_python3_12_site-packages_PyQt6_Qt6_qml_QtQuick_Controls --> node_venv_lib_python3_12_site-packages_PyQt6_Qt6_qml_QtQuick_Controls_designer["designer"]\n    node_venv_lib_python3_12_site-packages_PyQt6_Qt6_qml_QtQuick_Controls_designer --> node_venv_lib_python3_12_site-packages_PyQt6_Qt6_qml_QtQuick_Controls_designer_images["images"]\n    node_venv_lib_python3_12_site-packages_PyQt6_Qt6_qml_QtQuick_Controls_designer_images --> node_venv_lib_python3_12_site-packages_PyQt6_Qt6_qml_QtQuick_Controls_designer_images_toolbutton-icon_png["toolbutton-icon.png"]\n    Root --> node_venv["venv"]\n    node_venv --> node_venv_lib["lib"]\n    node_venv_lib --> node_venv_lib_python3_12["python3.12"]\n    node_venv_lib_python3_12 --> node_venv_lib_python3_12_site-packages["site-packages"]\n    node_venv_lib_python3_12_site-packages --> node_venv_lib_python3_12_site-packages_PyQt6["PyQt6"]\n    node_venv_lib_python3_12_site-packages_PyQt6 --> node_venv_lib_python3_12_site-packages_PyQt6_Qt6["Qt6"]\n    node_venv_lib_python3_12_site-packages_PyQt6_Qt6 --> node_venv_lib_python3_12_site-packages_PyQt6_Qt6_qml["qml"]\n    node_venv_lib_python3_12_site-packages_PyQt6_Qt6_qml --> node_venv_lib_python3_12_site-packages_PyQt6_Qt6_qml_QtQuick["QtQuick"]\n    node_venv_lib_python3_12_site-packages_PyQt6_Qt6_qml_QtQuick --> node_venv_lib_python3_12_site-packages_PyQt6_Qt6_qml_QtQuick_Controls["Controls"]\n    node_venv_lib_python3_12_site-packages_PyQt6_Qt6_qml_QtQuick_Controls --> node_venv_lib_python3_12_site-packages_PyQt6_Qt6_qml_QtQuick_Controls_designer["designer"]\n    node_venv_lib_python3_12_site-packages_PyQt6_Qt6_qml_QtQuick_Controls_designer --> node_venv_lib_python3_12_site-packages_PyQt6_Qt6_qml_QtQuick_Controls_designer_images["images"]\n    node_venv_lib_python3_12_site-packages_PyQt6_Qt6_qml_QtQuick_Controls_designer_images --> node_venv_lib_python3_12_site-packages_PyQt6_Qt6_qml_QtQuick_Controls_designer_images_toolbutton-icon16_png["toolbutton-icon16.png"]\n    Root --> node_venv["venv"]\n    node_venv --> node_venv_lib["lib"]\n    node_venv_lib --> node_venv_lib_python3_12["python3.12"]\n    node_venv_lib_python3_12 --> node_venv_lib_python3_12_site-packages["site-packages"]\n    node_venv_lib_python3_12_site-packages --> node_venv_lib_python3_12_site-packages_PyQt6["PyQt6"]\n    node_venv_lib_python3_12_site-packages_PyQt6 --> node_venv_lib_python3_12_site-packages_PyQt6_Qt6["Qt6"]\n    node_venv_lib_python3_12_site-packages_PyQt6_Qt6 --> node_venv_lib_python3_12_site-packages_PyQt6_Qt6_qml["qml"]\n    node_venv_lib_python3_12_site-packages_PyQt6_Qt6_qml --> node_venv_lib_python3_12_site-packages_PyQt6_Qt6_qml_QtQuick["QtQuick"]\n    node_venv_lib_python3_12_site-packages_PyQt6_Qt6_qml_QtQuick --> node_venv_lib_python3_12_site-packages_PyQt6_Qt6_qml_QtQuick_Controls["Controls"]\n    node_venv_lib_python3_12_site-packages_PyQt6_Qt6_qml_QtQuick_Controls --> node_venv_lib_python3_12_site-packages_PyQt6_Qt6_qml_QtQuick_Controls_designer["designer"]\n    node_venv_lib_python3_12_site-packages_PyQt6_Qt6_qml_QtQuick_Controls_designer --> node_venv_lib_python3_12_site-packages_PyQt6_Qt6_qml_QtQuick_Controls_designer_images["images"]\n    node_venv_lib_python3_12_site-packages_PyQt6_Qt6_qml_QtQuick_Controls_designer_images --> node_venv_lib_python3_12_site-packages_PyQt6_Qt6_qml_QtQuick_Controls_designer_images_toolbutton-icon@2x_png["toolbutton-icon@2x.png"]\n    Root --> node_venv["venv"]\n    node_venv --> node_venv_lib["lib"]\n    node_venv_lib --> node_venv_lib_python3_12["python3.12"]\n    node_venv_lib_python3_12 --> node_venv_lib_python3_12_site-packages["site-packages"]\n    node_venv_lib_python3_12_site-packages --> node_venv_lib_python3_12_site-packages_PyQt6["PyQt6"]\n    node_venv_lib_python3_12_site-packages_PyQt6 --> node_venv_lib_python3_12_site-packages_PyQt6_Qt6["Qt6"]\n    node_venv_lib_python3_12_site-packages_PyQt6_Qt6 --> node_venv_lib_python3_12_site-packages_PyQt6_Qt6_qml["qml"]\n    node_venv_lib_python3_12_site-packages_PyQt6_Qt6_qml --> node_venv_lib_python3_12_site-packages_PyQt6_Qt6_qml_QtQuick["QtQuick"]\n    node_venv_lib_python3_12_site-packages_PyQt6_Qt6_qml_QtQuick --> node_venv_lib_python3_12_site-packages_PyQt6_Qt6_qml_QtQuick_Controls["Controls"]\n    node_venv_lib_python3_12_site-packages_PyQt6_Qt6_qml_QtQuick_Controls --> node_venv_lib_python3_12_site-packages_PyQt6_Qt6_qml_QtQuick_Controls_designer["designer"]\n    node_venv_lib_python3_12_site-packages_PyQt6_Qt6_qml_QtQuick_Controls_designer --> node_venv_lib_python3_12_site-packages_PyQt6_Qt6_qml_QtQuick_Controls_designer_images["images"]\n    node_venv_lib_python3_12_site-packages_PyQt6_Qt6_qml_QtQuick_Controls_designer_images --> node_venv_lib_python3_12_site-packages_PyQt6_Qt6_qml_QtQuick_Controls_designer_images_toolseparator-icon_png["toolseparator-icon.png"]\n    Root --> node_venv["venv"]\n    node_venv --> node_venv_lib["lib"]\n    node_venv_lib --> node_venv_lib_python3_12["python3.12"]\n    node_venv_lib_python3_12 --> node_venv_lib_python3_12_site-packages["site-packages"]\n    node_venv_lib_python3_12_site-packages --> node_venv_lib_python3_12_site-packages_PyQt6["PyQt6"]\n    node_venv_lib_python3_12_site-packages_PyQt6 --> node_venv_lib_python3_12_site-packages_PyQt6_Qt6["Qt6"]\n    node_venv_lib_python3_12_site-packages_PyQt6_Qt6 --> node_venv_lib_python3_12_site-packages_PyQt6_Qt6_qml["qml"]\n    node_venv_lib_python3_12_site-packages_PyQt6_Qt6_qml --> node_venv_lib_python3_12_site-packages_PyQt6_Qt6_qml_QtQuick["QtQuick"]\n    node_venv_lib_python3_12_site-packages_PyQt6_Qt6_qml_QtQuick --> node_venv_lib_python3_12_site-packages_PyQt6_Qt6_qml_QtQuick_Controls["Controls"]\n    node_venv_lib_python3_12_site-packages_PyQt6_Qt6_qml_QtQuick_Controls --> node_venv_lib_python3_12_site-packages_PyQt6_Qt6_qml_QtQuick_Controls_designer["designer"]\n    node_venv_lib_python3_12_site-packages_PyQt6_Qt6_qml_QtQuick_Controls_designer --> node_venv_lib_python3_12_site-packages_PyQt6_Qt6_qml_QtQuick_Controls_designer_images["images"]\n    node_venv_lib_python3_12_site-packages_PyQt6_Qt6_qml_QtQuick_Controls_designer_images --> node_venv_lib_python3_12_site-packages_PyQt6_Qt6_qml_QtQuick_Controls_designer_images_toolseparator-icon16_png["toolseparator-icon16.png"]\n    Root --> node_venv["venv"]\n    node_venv --> node_venv_lib["lib"]\n    node_venv_lib --> node_venv_lib_python3_12["python3.12"]\n    node_venv_lib_python3_12 --> node_venv_lib_python3_12_site-packages["site-packages"]\n    node_venv_lib_python3_12_site-packages --> node_venv_lib_python3_12_site-packages_PyQt6["PyQt6"]\n    node_venv_lib_python3_12_site-packages_PyQt6 --> node_venv_lib_python3_12_site-packages_PyQt6_Qt6["Qt6"]\n    node_venv_lib_python3_12_site-packages_PyQt6_Qt6 --> node_venv_lib_python3_12_site-packages_PyQt6_Qt6_qml["qml"]\n    node_venv_lib_python3_12_site-packages_PyQt6_Qt6_qml --> node_venv_lib_python3_12_site-packages_PyQt6_Qt6_qml_QtQuick["QtQuick"]\n    node_venv_lib_python3_12_site-packages_PyQt6_Qt6_qml_QtQuick --> node_venv_lib_python3_12_site-packages_PyQt6_Qt6_qml_QtQuick_Controls["Controls"]\n    node_venv_lib_python3_12_site-packages_PyQt6_Qt6_qml_QtQuick_Controls --> node_venv_lib_python3_12_site-packages_PyQt6_Qt6_qml_QtQuick_Controls_designer["designer"]\n    node_venv_lib_python3_12_site-packages_PyQt6_Qt6_qml_QtQuick_Controls_designer --> node_venv_lib_python3_12_site-packages_PyQt6_Qt6_qml_QtQuick_Controls_designer_images["images"]\n    node_venv_lib_python3_12_site-packages_PyQt6_Qt6_qml_QtQuick_Controls_designer_images --> node_venv_lib_python3_12_site-packages_PyQt6_Qt6_qml_QtQuick_Controls_designer_images_toolseparator-icon@2x_png["toolseparator-icon@2x.png"]\n    Root --> node_venv["venv"]\n    node_venv --> node_venv_lib["lib"]\n    node_venv_lib --> node_venv_lib_python3_12["python3.12"]\n    node_venv_lib_python3_12 --> node_venv_lib_python3_12_site-packages["site-packages"]\n    node_venv_lib_python3_12_site-packages --> node_venv_lib_python3_12_site-packages_PyQt6["PyQt6"]\n    node_venv_lib_python3_12_site-packages_PyQt6 --> node_venv_lib_python3_12_site-packages_PyQt6_Qt6["Qt6"]\n    node_venv_lib_python3_12_site-packages_PyQt6_Qt6 --> node_venv_lib_python3_12_site-packages_PyQt6_Qt6_qml["qml"]\n    node_venv_lib_python3_12_site-packages_PyQt6_Qt6_qml --> node_venv_lib_python3_12_site-packages_PyQt6_Qt6_qml_QtQuick["QtQuick"]\n    node_venv_lib_python3_12_site-packages_PyQt6_Qt6_qml_QtQuick --> node_venv_lib_python3_12_site-packages_PyQt6_Qt6_qml_QtQuick_Controls["Controls"]\n    node_venv_lib_python3_12_site-packages_PyQt6_Qt6_qml_QtQuick_Controls --> node_venv_lib_python3_12_site-packages_PyQt6_Qt6_qml_QtQuick_Controls_designer["designer"]\n    node_venv_lib_python3_12_site-packages_PyQt6_Qt6_qml_QtQuick_Controls_designer --> node_venv_lib_python3_12_site-packages_PyQt6_Qt6_qml_QtQuick_Controls_designer_images["images"]\n    node_venv_lib_python3_12_site-packages_PyQt6_Qt6_qml_QtQuick_Controls_designer_images --> node_venv_lib_python3_12_site-packages_PyQt6_Qt6_qml_QtQuick_Controls_designer_images_tumbler-icon_png["tumbler-icon.png"]\n    Root --> node_venv["venv"]\n    node_venv --> node_venv_lib["lib"]\n    node_venv_lib --> node_venv_lib_python3_12["python3.12"]\n    node_venv_lib_python3_12 --> node_venv_lib_python3_12_site-packages["site-packages"]\n    node_venv_lib_python3_12_site-packages --> node_venv_lib_python3_12_site-packages_PyQt6["PyQt6"]\n    node_venv_lib_python3_12_site-packages_PyQt6 --> node_venv_lib_python3_12_site-packages_PyQt6_Qt6["Qt6"]\n    node_venv_lib_python3_12_site-packages_PyQt6_Qt6 --> node_venv_lib_python3_12_site-packages_PyQt6_Qt6_qml["qml"]\n    node_venv_lib_python3_12_site-packages_PyQt6_Qt6_qml --> node_venv_lib_python3_12_site-packages_PyQt6_Qt6_qml_QtQuick["QtQuick"]\n    node_venv_lib_python3_12_site-packages_PyQt6_Qt6_qml_QtQuick --> node_venv_lib_python3_12_site-packages_PyQt6_Qt6_qml_QtQuick_Controls["Controls"]\n    node_venv_lib_python3_12_site-packages_PyQt6_Qt6_qml_QtQuick_Controls --> node_venv_lib_python3_12_site-packages_PyQt6_Qt6_qml_QtQuick_Controls_designer["designer"]\n    node_venv_lib_python3_12_site-packages_PyQt6_Qt6_qml_QtQuick_Controls_designer --> node_venv_lib_python3_12_site-packages_PyQt6_Qt6_qml_QtQuick_Controls_designer_images["images"]\n    node_venv_lib_python3_12_site-packages_PyQt6_Qt6_qml_QtQuick_Controls_designer_images --> node_venv_lib_python3_12_site-packages_PyQt6_Qt6_qml_QtQuick_Controls_designer_images_tumbler-icon16_png["tumbler-icon16.png"]\n    Root --> node_venv["venv"]\n    node_venv --> node_venv_lib["lib"]\n    node_venv_lib --> node_venv_lib_python3_12["python3.12"]\n    node_venv_lib_python3_12 --> node_venv_lib_python3_12_site-packages["site-packages"]\n    node_venv_lib_python3_12_site-packages --> node_venv_lib_python3_12_site-packages_PyQt6["PyQt6"]\n    node_venv_lib_python3_12_site-packages_PyQt6 --> node_venv_lib_python3_12_site-packages_PyQt6_Qt6["Qt6"]\n    node_venv_lib_python3_12_site-packages_PyQt6_Qt6 --> node_venv_lib_python3_12_site-packages_PyQt6_Qt6_qml["qml"]\n    node_venv_lib_python3_12_site-packages_PyQt6_Qt6_qml --> node_venv_lib_python3_12_site-packages_PyQt6_Qt6_qml_QtQuick["QtQuick"]\n    node_venv_lib_python3_12_site-packages_PyQt6_Qt6_qml_QtQuick --> node_venv_lib_python3_12_site-packages_PyQt6_Qt6_qml_QtQuick_Controls["Controls"]\n    node_venv_lib_python3_12_site-packages_PyQt6_Qt6_qml_QtQuick_Controls --> node_venv_lib_python3_12_site-packages_PyQt6_Qt6_qml_QtQuick_Controls_designer["designer"]\n    node_venv_lib_python3_12_site-packages_PyQt6_Qt6_qml_QtQuick_Controls_designer --> node_venv_lib_python3_12_site-packages_PyQt6_Qt6_qml_QtQuick_Controls_designer_images["images"]\n    node_venv_lib_python3_12_site-packages_PyQt6_Qt6_qml_QtQuick_Controls_designer_images --> node_venv_lib_python3_12_site-packages_PyQt6_Qt6_qml_QtQuick_Controls_designer_images_tumbler-icon@2x_png["tumbler-icon@2x.png"]\n    Root --> node_venv["venv"]\n    node_venv --> node_venv_lib["lib"]\n    node_venv_lib --> node_venv_lib_python3_12["python3.12"]\n    node_venv_lib_python3_12 --> node_venv_lib_python3_12_site-packages["site-packages"]\n    node_venv_lib_python3_12_site-packages --> node_venv_lib_python3_12_site-packages_PyQt6["PyQt6"]\n    node_venv_lib_python3_12_site-packages_PyQt6 --> node_venv_lib_python3_12_site-packages_PyQt6_Qt6["Qt6"]\n    node_venv_lib_python3_12_site-packages_PyQt6_Qt6 --> node_venv_lib_python3_12_site-packages_PyQt6_Qt6_qml["qml"]\n    node_venv_lib_python3_12_site-packages_PyQt6_Qt6_qml --> node_venv_lib_python3_12_site-packages_PyQt6_Qt6_qml_QtQuick["QtQuick"]\n    node_venv_lib_python3_12_site-packages_PyQt6_Qt6_qml_QtQuick --> node_venv_lib_python3_12_site-packages_PyQt6_Qt6_qml_QtQuick_Controls["Controls"]\n    node_venv_lib_python3_12_site-packages_PyQt6_Qt6_qml_QtQuick_Controls --> node_venv_lib_python3_12_site-packages_PyQt6_Qt6_qml_QtQuick_Controls_Material["Material"]\n    node_venv_lib_python3_12_site-packages_PyQt6_Qt6_qml_QtQuick_Controls_Material --> node_venv_lib_python3_12_site-packages_PyQt6_Qt6_qml_QtQuick_Controls_Material_ApplicationWindow_qml["ApplicationWindow.qml"]\n    Root --> node_venv["venv"]\n    node_venv --> node_venv_lib["lib"]\n    node_venv_lib --> node_venv_lib_python3_12["python3.12"]\n    node_venv_lib_python3_12 --> node_venv_lib_python3_12_site-packages["site-packages"]\n    node_venv_lib_python3_12_site-packages --> node_venv_lib_python3_12_site-packages_PyQt6["PyQt6"]\n    node_venv_lib_python3_12_site-packages_PyQt6 --> node_venv_lib_python3_12_site-packages_PyQt6_Qt6["Qt6"]\n    node_venv_lib_python3_12_site-packages_PyQt6_Qt6 --> node_venv_lib_python3_12_site-packages_PyQt6_Qt6_qml["qml"]\n    node_venv_lib_python3_12_site-packages_PyQt6_Qt6_qml --> node_venv_lib_python3_12_site-packages_PyQt6_Qt6_qml_QtQuick["QtQuick"]\n    node_venv_lib_python3_12_site-packages_PyQt6_Qt6_qml_QtQuick --> node_venv_lib_python3_12_site-packages_PyQt6_Qt6_qml_QtQuick_Controls["Controls"]\n    node_venv_lib_python3_12_site-packages_PyQt6_Qt6_qml_QtQuick_Controls --> node_venv_lib_python3_12_site-packages_PyQt6_Qt6_qml_QtQuick_Controls_Material["Material"]\n    node_venv_lib_python3_12_site-packages_PyQt6_Qt6_qml_QtQuick_Controls_Material --> node_venv_lib_python3_12_site-packages_PyQt6_Qt6_qml_QtQuick_Controls_Material_BusyIndicator_qml["BusyIndicator.qml"]\n    Root --> node_venv["venv"]\n    node_venv --> node_venv_lib["lib"]\n    node_venv_lib --> node_venv_lib_python3_12["python3.12"]\n    node_venv_lib_python3_12 --> node_venv_lib_python3_12_site-packages["site-packages"]\n    node_venv_lib_python3_12_site-packages --> node_venv_lib_python3_12_site-packages_PyQt6["PyQt6"]\n    node_venv_lib_python3_12_site-packages_PyQt6 --> node_venv_lib_python3_12_site-packages_PyQt6_Qt6["Qt6"]\n    node_venv_lib_python3_12_site-packages_PyQt6_Qt6 --> node_venv_lib_python3_12_site-packages_PyQt6_Qt6_qml["qml"]\n    node_venv_lib_python3_12_site-packages_PyQt6_Qt6_qml --> node_venv_lib_python3_12_site-packages_PyQt6_Qt6_qml_QtQuick["QtQuick"]\n    node_venv_lib_python3_12_site-packages_PyQt6_Qt6_qml_QtQuick --> node_venv_lib_python3_12_site-packages_PyQt6_Qt6_qml_QtQuick_Controls["Controls"]\n    node_venv_lib_python3_12_site-packages_PyQt6_Qt6_qml_QtQuick_Controls --> node_venv_lib_python3_12_site-packages_PyQt6_Qt6_qml_QtQuick_Controls_Material["Material"]\n    node_venv_lib_python3_12_site-packages_PyQt6_Qt6_qml_QtQuick_Controls_Material --> node_venv_lib_python3_12_site-packages_PyQt6_Qt6_qml_QtQuick_Controls_Material_Button_qml["Button.qml"]\n    Root --> node_venv["venv"]\n    node_venv --> node_venv_lib["lib"]\n    node_venv_lib --> node_venv_lib_python3_12["python3.12"]\n    node_venv_lib_python3_12 --> node_venv_lib_python3_12_site-packages["site-packages"]\n    node_venv_lib_python3_12_site-packages --> node_venv_lib_python3_12_site-packages_PyQt6["PyQt6"]\n    node_venv_lib_python3_12_site-packages_PyQt6 --> node_venv_lib_python3_12_site-packages_PyQt6_Qt6["Qt6"]\n    node_venv_lib_python3_12_site-packages_PyQt6_Qt6 --> node_venv_lib_python3_12_site-packages_PyQt6_Qt6_qml["qml"]\n    node_venv_lib_python3_12_site-packages_PyQt6_Qt6_qml --> node_venv_lib_python3_12_site-packages_PyQt6_Qt6_qml_QtQuick["QtQuick"]\n    node_venv_lib_python3_12_site-packages_PyQt6_Qt6_qml_QtQuick --> node_venv_lib_python3_12_site-packages_PyQt6_Qt6_qml_QtQuick_Controls["Controls"]\n    node_venv_lib_python3_12_site-packages_PyQt6_Qt6_qml_QtQuick_Controls --> node_venv_lib_python3_12_site-packages_PyQt6_Qt6_qml_QtQuick_Controls_Material["Material"]\n    node_venv_lib_python3_12_site-packages_PyQt6_Qt6_qml_QtQuick_Controls_Material --> node_venv_lib_python3_12_site-packages_PyQt6_Qt6_qml_QtQuick_Controls_Material_CheckBox_qml["CheckBox.qml"]\n    Root --> node_venv["venv"]\n    node_venv --> node_venv_lib["lib"]\n    node_venv_lib --> node_venv_lib_python3_12["python3.12"]\n    node_venv_lib_python3_12 --> node_venv_lib_python3_12_site-packages["site-packages"]\n    node_venv_lib_python3_12_site-packages --> node_venv_lib_python3_12_site-packages_PyQt6["PyQt6"]\n    node_venv_lib_python3_12_site-packages_PyQt6 --> node_venv_lib_python3_12_site-packages_PyQt6_Qt6["Qt6"]\n    node_venv_lib_python3_12_site-packages_PyQt6_Qt6 --> node_venv_lib_python3_12_site-packages_PyQt6_Qt6_qml["qml"]\n    node_venv_lib_python3_12_site-packages_PyQt6_Qt6_qml --> node_venv_lib_python3_12_site-packages_PyQt6_Qt6_qml_QtQuick["QtQuick"]\n    node_venv_lib_python3_12_site-packages_PyQt6_Qt6_qml_QtQuick --> node_venv_lib_python3_12_site-packages_PyQt6_Qt6_qml_QtQuick_Controls["Controls"]\n    node_venv_lib_python3_12_site-packages_PyQt6_Qt6_qml_QtQuick_Controls --> node_venv_lib_python3_12_site-packages_PyQt6_Qt6_qml_QtQuick_Controls_Material["Material"]\n    node_venv_lib_python3_12_site-packages_PyQt6_Qt6_qml_QtQuick_Controls_Material --> node_venv_lib_python3_12_site-packages_PyQt6_Qt6_qml_QtQuick_Controls_Material_CheckDelegate_qml["CheckDelegate.qml"]\n    Root --> node_venv["venv"]\n    node_venv --> node_venv_lib["lib"]\n    node_venv_lib --> node_venv_lib_python3_12["python3.12"]\n    node_venv_lib_python3_12 --> node_venv_lib_python3_12_site-packages["site-packages"]\n    node_venv_lib_python3_12_site-packages --> node_venv_lib_python3_12_site-packages_PyQt6["PyQt6"]\n    node_venv_lib_python3_12_site-packages_PyQt6 --> node_venv_lib_python3_12_site-packages_PyQt6_Qt6["Qt6"]\n    node_venv_lib_python3_12_site-packages_PyQt6_Qt6 --> node_venv_lib_python3_12_site-packages_PyQt6_Qt6_qml["qml"]\n    node_venv_lib_python3_12_site-packages_PyQt6_Qt6_qml --> node_venv_lib_python3_12_site-packages_PyQt6_Qt6_qml_QtQuick["QtQuick"]\n    node_venv_lib_python3_12_site-packages_PyQt6_Qt6_qml_QtQuick --> node_venv_lib_python3_12_site-packages_PyQt6_Qt6_qml_QtQuick_Controls["Controls"]\n    node_venv_lib_python3_12_site-packages_PyQt6_Qt6_qml_QtQuick_Controls --> node_venv_lib_python3_12_site-packages_PyQt6_Qt6_qml_QtQuick_Controls_Material["Material"]\n    node_venv_lib_python3_12_site-packages_PyQt6_Qt6_qml_QtQuick_Controls_Material --> node_venv_lib_python3_12_site-packages_PyQt6_Qt6_qml_QtQuick_Controls_Material_ComboBox_qml["ComboBox.qml"]\n    Root --> node_venv["venv"]\n    node_venv --> node_venv_lib["lib"]\n    node_venv_lib --> node_venv_lib_python3_12["python3.12"]\n    node_venv_lib_python3_12 --> node_venv_lib_python3_12_site-packages["site-packages"]\n    node_venv_lib_python3_12_site-packages --> node_venv_lib_python3_12_site-packages_PyQt6["PyQt6"]\n    node_venv_lib_python3_12_site-packages_PyQt6 --> node_venv_lib_python3_12_site-packages_PyQt6_Qt6["Qt6"]\n    node_venv_lib_python3_12_site-packages_PyQt6_Qt6 --> node_venv_lib_python3_12_site-packages_PyQt6_Qt6_qml["qml"]\n    node_venv_lib_python3_12_site-packages_PyQt6_Qt6_qml --> node_venv_lib_python3_12_site-packages_PyQt6_Qt6_qml_QtQuick["QtQuick"]\n    node_venv_lib_python3_12_site-packages_PyQt6_Qt6_qml_QtQuick --> node_venv_lib_python3_12_site-packages_PyQt6_Qt6_qml_QtQuick_Controls["Controls"]\n    node_venv_lib_python3_12_site-packages_PyQt6_Qt6_qml_QtQuick_Controls --> node_venv_lib_python3_12_site-packages_PyQt6_Qt6_qml_QtQuick_Controls_Material["Material"]\n    node_venv_lib_python3_12_site-packages_PyQt6_Qt6_qml_QtQuick_Controls_Material --> node_venv_lib_python3_12_site-packages_PyQt6_Qt6_qml_QtQuick_Controls_Material_DelayButton_qml["DelayButton.qml"]\n    Root --> node_venv["venv"]\n    node_venv --> node_venv_lib["lib"]\n    node_venv_lib --> node_venv_lib_python3_12["python3.12"]\n    node_venv_lib_python3_12 --> node_venv_lib_python3_12_site-packages["site-packages"]\n    node_venv_lib_python3_12_site-packages --> node_venv_lib_python3_12_site-packages_PyQt6["PyQt6"]\n    node_venv_lib_python3_12_site-packages_PyQt6 --> node_venv_lib_python3_12_site-packages_PyQt6_Qt6["Qt6"]\n    node_venv_lib_python3_12_site-packages_PyQt6_Qt6 --> node_venv_lib_python3_12_site-packages_PyQt6_Qt6_qml["qml"]\n    node_venv_lib_python3_12_site-packages_PyQt6_Qt6_qml --> node_venv_lib_python3_12_site-packages_PyQt6_Qt6_qml_QtQuick["QtQuick"]\n    node_venv_lib_python3_12_site-packages_PyQt6_Qt6_qml_QtQuick --> node_venv_lib_python3_12_site-packages_PyQt6_Qt6_qml_QtQuick_Controls["Controls"]\n    node_venv_lib_python3_12_site-packages_PyQt6_Qt6_qml_QtQuick_Controls --> node_venv_lib_python3_12_site-packages_PyQt6_Qt6_qml_QtQuick_Controls_Material["Material"]\n    node_venv_lib_python3_12_site-packages_PyQt6_Qt6_qml_QtQuick_Controls_Material --> node_venv_lib_python3_12_site-packages_PyQt6_Qt6_qml_QtQuick_Controls_Material_Dial_qml["Dial.qml"]\n    Root --> node_venv["venv"]\n    node_venv --> node_venv_lib["lib"]\n    node_venv_lib --> node_venv_lib_python3_12["python3.12"]\n    node_venv_lib_python3_12 --> node_venv_lib_python3_12_site-packages["site-packages"]\n    node_venv_lib_python3_12_site-packages --> node_venv_lib_python3_12_site-packages_PyQt6["PyQt6"]\n    node_venv_lib_python3_12_site-packages_PyQt6 --> node_venv_lib_python3_12_site-packages_PyQt6_Qt6["Qt6"]\n    node_venv_lib_python3_12_site-packages_PyQt6_Qt6 --> node_venv_lib_python3_12_site-packages_PyQt6_Qt6_qml["qml"]\n    node_venv_lib_python3_12_site-packages_PyQt6_Qt6_qml --> node_venv_lib_python3_12_site-packages_PyQt6_Qt6_qml_QtQuick["QtQuick"]\n    node_venv_lib_python3_12_site-packages_PyQt6_Qt6_qml_QtQuick --> node_venv_lib_python3_12_site-packages_PyQt6_Qt6_qml_QtQuick_Controls["Controls"]\n    node_venv_lib_python3_12_site-packages_PyQt6_Qt6_qml_QtQuick_Controls --> node_venv_lib_python3_12_site-packages_PyQt6_Qt6_qml_QtQuick_Controls_Material["Material"]\n    node_venv_lib_python3_12_site-packages_PyQt6_Qt6_qml_QtQuick_Controls_Material --> node_venv_lib_python3_12_site-packages_PyQt6_Qt6_qml_QtQuick_Controls_Material_Dialog_qml["Dialog.qml"]\n    Root --> node_venv["venv"]\n    node_venv --> node_venv_lib["lib"]\n    node_venv_lib --> node_venv_lib_python3_12["python3.12"]\n    node_venv_lib_python3_12 --> node_venv_lib_python3_12_site-packages["site-packages"]\n    node_venv_lib_python3_12_site-packages --> node_venv_lib_python3_12_site-packages_PyQt6["PyQt6"]\n    node_venv_lib_python3_12_site-packages_PyQt6 --> node_venv_lib_python3_12_site-packages_PyQt6_Qt6["Qt6"]\n    node_venv_lib_python3_12_site-packages_PyQt6_Qt6 --> node_venv_lib_python3_12_site-packages_PyQt6_Qt6_qml["qml"]\n    node_venv_lib_python3_12_site-packages_PyQt6_Qt6_qml --> node_venv_lib_python3_12_site-packages_PyQt6_Qt6_qml_QtQuick["QtQuick"]\n    node_venv_lib_python3_12_site-packages_PyQt6_Qt6_qml_QtQuick --> node_venv_lib_python3_12_site-packages_PyQt6_Qt6_qml_QtQuick_Controls["Controls"]\n    node_venv_lib_python3_12_site-packages_PyQt6_Qt6_qml_QtQuick_Controls --> node_venv_lib_python3_12_site-packages_PyQt6_Qt6_qml_QtQuick_Controls_Material["Material"]\n    node_venv_lib_python3_12_site-packages_PyQt6_Qt6_qml_QtQuick_Controls_Material --> node_venv_lib_python3_12_site-packages_PyQt6_Qt6_qml_QtQuick_Controls_Material_DialogButtonBox_qml["DialogButtonBox.qml"]\n    Root --> node_venv["venv"]\n    node_venv --> node_venv_lib["lib"]\n    node_venv_lib --> node_venv_lib_python3_12["python3.12"]\n    node_venv_lib_python3_12 --> node_venv_lib_python3_12_site-packages["site-packages"]\n    node_venv_lib_python3_12_site-packages --> node_venv_lib_python3_12_site-packages_PyQt6["PyQt6"]\n    node_venv_lib_python3_12_site-packages_PyQt6 --> node_venv_lib_python3_12_site-packages_PyQt6_Qt6["Qt6"]\n    node_venv_lib_python3_12_site-packages_PyQt6_Qt6 --> node_venv_lib_python3_12_site-packages_PyQt6_Qt6_qml["qml"]\n    node_venv_lib_python3_12_site-packages_PyQt6_Qt6_qml --> node_venv_lib_python3_12_site-packages_PyQt6_Qt6_qml_QtQuick["QtQuick"]\n    node_venv_lib_python3_12_site-packages_PyQt6_Qt6_qml_QtQuick --> node_venv_lib_python3_12_site-packages_PyQt6_Qt6_qml_QtQuick_Controls["Controls"]\n    node_venv_lib_python3_12_site-packages_PyQt6_Qt6_qml_QtQuick_Controls --> node_venv_lib_python3_12_site-packages_PyQt6_Qt6_qml_QtQuick_Controls_Material["Material"]\n    node_venv_lib_python3_12_site-packages_PyQt6_Qt6_qml_QtQuick_Controls_Material --> node_venv_lib_python3_12_site-packages_PyQt6_Qt6_qml_QtQuick_Controls_Material_Drawer_qml["Drawer.qml"]\n    Root --> node_venv["venv"]\n    node_venv --> node_venv_lib["lib"]\n    node_venv_lib --> node_venv_lib_python3_12["python3.12"]\n    node_venv_lib_python3_12 --> node_venv_lib_python3_12_site-packages["site-packages"]\n    node_venv_lib_python3_12_site-packages --> node_venv_lib_python3_12_site-packages_PyQt6["PyQt6"]\n    node_venv_lib_python3_12_site-packages_PyQt6 --> node_venv_lib_python3_12_site-packages_PyQt6_Qt6["Qt6"]\n    node_venv_lib_python3_12_site-packages_PyQt6_Qt6 --> node_venv_lib_python3_12_site-packages_PyQt6_Qt6_qml["qml"]\n    node_venv_lib_python3_12_site-packages_PyQt6_Qt6_qml --> node_venv_lib_python3_12_site-packages_PyQt6_Qt6_qml_QtQuick["QtQuick"]\n    node_venv_lib_python3_12_site-packages_PyQt6_Qt6_qml_QtQuick --> node_venv_lib_python3_12_site-packages_PyQt6_Qt6_qml_QtQuick_Controls["Controls"]\n    node_venv_lib_python3_12_site-packages_PyQt6_Qt6_qml_QtQuick_Controls --> node_venv_lib_python3_12_site-packages_PyQt6_Qt6_qml_QtQuick_Controls_Material["Material"]\n    node_venv_lib_python3_12_site-packages_PyQt6_Qt6_qml_QtQuick_Controls_Material --> node_venv_lib_python3_12_site-packages_PyQt6_Qt6_qml_QtQuick_Controls_Material_Frame_qml["Frame.qml"]\n    Root --> node_venv["venv"]\n    node_venv --> node_venv_lib["lib"]\n    node_venv_lib --> node_venv_lib_python3_12["python3.12"]\n    node_venv_lib_python3_12 --> node_venv_lib_python3_12_site-packages["site-packages"]\n    node_venv_lib_python3_12_site-packages --> node_venv_lib_python3_12_site-packages_PyQt6["PyQt6"]\n    node_venv_lib_python3_12_site-packages_PyQt6 --> node_venv_lib_python3_12_site-packages_PyQt6_Qt6["Qt6"]\n    node_venv_lib_python3_12_site-packages_PyQt6_Qt6 --> node_venv_lib_python3_12_site-packages_PyQt6_Qt6_qml["qml"]\n    node_venv_lib_python3_12_site-packages_PyQt6_Qt6_qml --> node_venv_lib_python3_12_site-packages_PyQt6_Qt6_qml_QtQuick["QtQuick"]\n    node_venv_lib_python3_12_site-packages_PyQt6_Qt6_qml_QtQuick --> node_venv_lib_python3_12_site-packages_PyQt6_Qt6_qml_QtQuick_Controls["Controls"]\n    node_venv_lib_python3_12_site-packages_PyQt6_Qt6_qml_QtQuick_Controls --> node_venv_lib_python3_12_site-packages_PyQt6_Qt6_qml_QtQuick_Controls_Material["Material"]\n    node_venv_lib_python3_12_site-packages_PyQt6_Qt6_qml_QtQuick_Controls_Material --> node_venv_lib_python3_12_site-packages_PyQt6_Qt6_qml_QtQuick_Controls_Material_GroupBox_qml["GroupBox.qml"]\n    Root --> node_venv["venv"]\n    node_venv --> node_venv_lib["lib"]\n    node_venv_lib --> node_venv_lib_python3_12["python3.12"]\n    node_venv_lib_python3_12 --> node_venv_lib_python3_12_site-packages["site-packages"]\n    node_venv_lib_python3_12_site-packages --> node_venv_lib_python3_12_site-packages_PyQt6["PyQt6"]\n    node_venv_lib_python3_12_site-packages_PyQt6 --> node_venv_lib_python3_12_site-packages_PyQt6_Qt6["Qt6"]\n    node_venv_lib_python3_12_site-packages_PyQt6_Qt6 --> node_venv_lib_python3_12_site-packages_PyQt6_Qt6_qml["qml"]\n    node_venv_lib_python3_12_site-packages_PyQt6_Qt6_qml --> node_venv_lib_python3_12_site-packages_PyQt6_Qt6_qml_QtQuick["QtQuick"]\n    node_venv_lib_python3_12_site-packages_PyQt6_Qt6_qml_QtQuick --> node_venv_lib_python3_12_site-packages_PyQt6_Qt6_qml_QtQuick_Controls["Controls"]\n    node_venv_lib_python3_12_site-packages_PyQt6_Qt6_qml_QtQuick_Controls --> node_venv_lib_python3_12_site-packages_PyQt6_Qt6_qml_QtQuick_Controls_Material["Material"]\n    node_venv_lib_python3_12_site-packages_PyQt6_Qt6_qml_QtQuick_Controls_Material --> node_venv_lib_python3_12_site-packages_PyQt6_Qt6_qml_QtQuick_Controls_Material_HorizontalHeaderView_qml["HorizontalHeaderView.qml"]\n    Root --> node_venv["venv"]\n    node_venv --> node_venv_lib["lib"]\n    node_venv_lib --> node_venv_lib_python3_12["python3.12"]\n    node_venv_lib_python3_12 --> node_venv_lib_python3_12_site-packages["site-packages"]\n    node_venv_lib_python3_12_site-packages --> node_venv_lib_python3_12_site-packages_PyQt6["PyQt6"]\n    node_venv_lib_python3_12_site-packages_PyQt6 --> node_venv_lib_python3_12_site-packages_PyQt6_Qt6["Qt6"]\n    node_venv_lib_python3_12_site-packages_PyQt6_Qt6 --> node_venv_lib_python3_12_site-packages_PyQt6_Qt6_qml["qml"]\n    node_venv_lib_python3_12_site-packages_PyQt6_Qt6_qml --> node_venv_lib_python3_12_site-packages_PyQt6_Qt6_qml_QtQuick["QtQuick"]\n    node_venv_lib_python3_12_site-packages_PyQt6_Qt6_qml_QtQuick --> node_venv_lib_python3_12_site-packages_PyQt6_Qt6_qml_QtQuick_Controls["Controls"]\n    node_venv_lib_python3_12_site-packages_PyQt6_Qt6_qml_QtQuick_Controls --> node_venv_lib_python3_12_site-packages_PyQt6_Qt6_qml_QtQuick_Controls_Material["Material"]\n    node_venv_lib_python3_12_site-packages_PyQt6_Qt6_qml_QtQuick_Controls_Material --> node_venv_lib_python3_12_site-packages_PyQt6_Qt6_qml_QtQuick_Controls_Material_HorizontalHeaderViewDelegate_qml["HorizontalHeaderViewDelegate.qml"]\n    Root --> node_venv["venv"]\n    node_venv --> node_venv_lib["lib"]\n    node_venv_lib --> node_venv_lib_python3_12["python3.12"]\n    node_venv_lib_python3_12 --> node_venv_lib_python3_12_site-packages["site-packages"]\n    node_venv_lib_python3_12_site-packages --> node_venv_lib_python3_12_site-packages_PyQt6["PyQt6"]\n    node_venv_lib_python3_12_site-packages_PyQt6 --> node_venv_lib_python3_12_site-packages_PyQt6_Qt6["Qt6"]\n    node_venv_lib_python3_12_site-packages_PyQt6_Qt6 --> node_venv_lib_python3_12_site-packages_PyQt6_Qt6_qml["qml"]\n    node_venv_lib_python3_12_site-packages_PyQt6_Qt6_qml --> node_venv_lib_python3_12_site-packages_PyQt6_Qt6_qml_QtQuick["QtQuick"]\n    node_venv_lib_python3_12_site-packages_PyQt6_Qt6_qml_QtQuick --> node_venv_lib_python3_12_site-packages_PyQt6_Qt6_qml_QtQuick_Controls["Controls"]\n    node_venv_lib_python3_12_site-packages_PyQt6_Qt6_qml_QtQuick_Controls --> node_venv_lib_python3_12_site-packages_PyQt6_Qt6_qml_QtQuick_Controls_Material["Material"]\n    node_venv_lib_python3_12_site-packages_PyQt6_Qt6_qml_QtQuick_Controls_Material --> node_venv_lib_python3_12_site-packages_PyQt6_Qt6_qml_QtQuick_Controls_Material_ItemDelegate_qml["ItemDelegate.qml"]\n    Root --> node_venv["venv"]\n    node_venv --> node_venv_lib["lib"]\n    node_venv_lib --> node_venv_lib_python3_12["python3.12"]\n    node_venv_lib_python3_12 --> node_venv_lib_python3_12_site-packages["site-packages"]\n    node_venv_lib_python3_12_site-packages --> node_venv_lib_python3_12_site-packages_PyQt6["PyQt6"]\n    node_venv_lib_python3_12_site-packages_PyQt6 --> node_venv_lib_python3_12_site-packages_PyQt6_Qt6["Qt6"]\n    node_venv_lib_python3_12_site-packages_PyQt6_Qt6 --> node_venv_lib_python3_12_site-packages_PyQt6_Qt6_qml["qml"]\n    node_venv_lib_python3_12_site-packages_PyQt6_Qt6_qml --> node_venv_lib_python3_12_site-packages_PyQt6_Qt6_qml_QtQuick["QtQuick"]\n    node_venv_lib_python3_12_site-packages_PyQt6_Qt6_qml_QtQuick --> node_venv_lib_python3_12_site-packages_PyQt6_Qt6_qml_QtQuick_Controls["Controls"]\n    node_venv_lib_python3_12_site-packages_PyQt6_Qt6_qml_QtQuick_Controls --> node_venv_lib_python3_12_site-packages_PyQt6_Qt6_qml_QtQuick_Controls_Material["Material"]\n    node_venv_lib_python3_12_site-packages_PyQt6_Qt6_qml_QtQuick_Controls_Material --> node_venv_lib_python3_12_site-packages_PyQt6_Qt6_qml_QtQuick_Controls_Material_Label_qml["Label.qml"]\n    Root --> node_venv["venv"]\n    node_venv --> node_venv_lib["lib"]\n    node_venv_lib --> node_venv_lib_python3_12["python3.12"]\n    node_venv_lib_python3_12 --> node_venv_lib_python3_12_site-packages["site-packages"]\n    node_venv_lib_python3_12_site-packages --> node_venv_lib_python3_12_site-packages_PyQt6["PyQt6"]\n    node_venv_lib_python3_12_site-packages_PyQt6 --> node_venv_lib_python3_12_site-packages_PyQt6_Qt6["Qt6"]\n    node_venv_lib_python3_12_site-packages_PyQt6_Qt6 --> node_venv_lib_python3_12_site-packages_PyQt6_Qt6_qml["qml"]\n    node_venv_lib_python3_12_site-packages_PyQt6_Qt6_qml --> node_venv_lib_python3_12_site-packages_PyQt6_Qt6_qml_QtQuick["QtQuick"]\n    node_venv_lib_python3_12_site-packages_PyQt6_Qt6_qml_QtQuick --> node_venv_lib_python3_12_site-packages_PyQt6_Qt6_qml_QtQuick_Controls["Controls"]\n    node_venv_lib_python3_12_site-packages_PyQt6_Qt6_qml_QtQuick_Controls --> node_venv_lib_python3_12_site-packages_PyQt6_Qt6_qml_QtQuick_Controls_Material["Material"]\n    node_venv_lib_python3_12_site-packages_PyQt6_Qt6_qml_QtQuick_Controls_Material --> node_venv_lib_python3_12_site-packages_PyQt6_Qt6_qml_QtQuick_Controls_Material_Menu_qml["Menu.qml"]\n    Root --> node_venv["venv"]\n    node_venv --> node_venv_lib["lib"]\n    node_venv_lib --> node_venv_lib_python3_12["python3.12"]\n    node_venv_lib_python3_12 --> node_venv_lib_python3_12_site-packages["site-packages"]\n    node_venv_lib_python3_12_site-packages --> node_venv_lib_python3_12_site-packages_PyQt6["PyQt6"]\n    node_venv_lib_python3_12_site-packages_PyQt6 --> node_venv_lib_python3_12_site-packages_PyQt6_Qt6["Qt6"]\n    node_venv_lib_python3_12_site-packages_PyQt6_Qt6 --> node_venv_lib_python3_12_site-packages_PyQt6_Qt6_qml["qml"]\n    node_venv_lib_python3_12_site-packages_PyQt6_Qt6_qml --> node_venv_lib_python3_12_site-packages_PyQt6_Qt6_qml_QtQuick["QtQuick"]\n    node_venv_lib_python3_12_site-packages_PyQt6_Qt6_qml_QtQuick --> node_venv_lib_python3_12_site-packages_PyQt6_Qt6_qml_QtQuick_Controls["Controls"]\n    node_venv_lib_python3_12_site-packages_PyQt6_Qt6_qml_QtQuick_Controls --> node_venv_lib_python3_12_site-packages_PyQt6_Qt6_qml_QtQuick_Controls_Material["Material"]\n    node_venv_lib_python3_12_site-packages_PyQt6_Qt6_qml_QtQuick_Controls_Material --> node_venv_lib_python3_12_site-packages_PyQt6_Qt6_qml_QtQuick_Controls_Material_MenuBar_qml["MenuBar.qml"]\n    Root --> node_venv["venv"]\n    node_venv --> node_venv_lib["lib"]\n    node_venv_lib --> node_venv_lib_python3_12["python3.12"]\n    node_venv_lib_python3_12 --> node_venv_lib_python3_12_site-packages["site-packages"]\n    node_venv_lib_python3_12_site-packages --> node_venv_lib_python3_12_site-packages_PyQt6["PyQt6"]\n    node_venv_lib_python3_12_site-packages_PyQt6 --> node_venv_lib_python3_12_site-packages_PyQt6_Qt6["Qt6"]\n    node_venv_lib_python3_12_site-packages_PyQt6_Qt6 --> node_venv_lib_python3_12_site-packages_PyQt6_Qt6_qml["qml"]\n    node_venv_lib_python3_12_site-packages_PyQt6_Qt6_qml --> node_venv_lib_python3_12_site-packages_PyQt6_Qt6_qml_QtQuick["QtQuick"]\n    node_venv_lib_python3_12_site-packages_PyQt6_Qt6_qml_QtQuick --> node_venv_lib_python3_12_site-packages_PyQt6_Qt6_qml_QtQuick_Controls["Controls"]\n    node_venv_lib_python3_12_site-packages_PyQt6_Qt6_qml_QtQuick_Controls --> node_venv_lib_python3_12_site-packages_PyQt6_Qt6_qml_QtQuick_Controls_Material["Material"]\n    node_venv_lib_python3_12_site-packages_PyQt6_Qt6_qml_QtQuick_Controls_Material --> node_venv_lib_python3_12_site-packages_PyQt6_Qt6_qml_QtQuick_Controls_Material_MenuBarItem_qml["MenuBarItem.qml"]\n    Root --> node_venv["venv"]\n    node_venv --> node_venv_lib["lib"]\n    node_venv_lib --> node_venv_lib_python3_12["python3.12"]\n    node_venv_lib_python3_12 --> node_venv_lib_python3_12_site-packages["site-packages"]\n    node_venv_lib_python3_12_site-packages --> node_venv_lib_python3_12_site-packages_PyQt6["PyQt6"]\n    node_venv_lib_python3_12_site-packages_PyQt6 --> node_venv_lib_python3_12_site-packages_PyQt6_Qt6["Qt6"]\n    node_venv_lib_python3_12_site-packages_PyQt6_Qt6 --> node_venv_lib_python3_12_site-packages_PyQt6_Qt6_qml["qml"]\n    node_venv_lib_python3_12_site-packages_PyQt6_Qt6_qml --> node_venv_lib_python3_12_site-packages_PyQt6_Qt6_qml_QtQuick["QtQuick"]\n    node_venv_lib_python3_12_site-packages_PyQt6_Qt6_qml_QtQuick --> node_venv_lib_python3_12_site-packages_PyQt6_Qt6_qml_QtQuick_Controls["Controls"]\n    node_venv_lib_python3_12_site-packages_PyQt6_Qt6_qml_QtQuick_Controls --> node_venv_lib_python3_12_site-packages_PyQt6_Qt6_qml_QtQuick_Controls_Material["Material"]\n    node_venv_lib_python3_12_site-packages_PyQt6_Qt6_qml_QtQuick_Controls_Material --> node_venv_lib_python3_12_site-packages_PyQt6_Qt6_qml_QtQuick_Controls_Material_MenuItem_qml["MenuItem.qml"]\n    Root --> node_venv["venv"]\n    node_venv --> node_venv_lib["lib"]\n    node_venv_lib --> node_venv_lib_python3_12["python3.12"]\n    node_venv_lib_python3_12 --> node_venv_lib_python3_12_site-packages["site-packages"]\n    node_venv_lib_python3_12_site-packages --> node_venv_lib_python3_12_site-packages_PyQt6["PyQt6"]\n    node_venv_lib_python3_12_site-packages_PyQt6 --> node_venv_lib_python3_12_site-packages_PyQt6_Qt6["Qt6"]\n    node_venv_lib_python3_12_site-packages_PyQt6_Qt6 --> node_venv_lib_python3_12_site-packages_PyQt6_Qt6_qml["qml"]\n    node_venv_lib_python3_12_site-packages_PyQt6_Qt6_qml --> node_venv_lib_python3_12_site-packages_PyQt6_Qt6_qml_QtQuick["QtQuick"]\n    node_venv_lib_python3_12_site-packages_PyQt6_Qt6_qml_QtQuick --> node_venv_lib_python3_12_site-packages_PyQt6_Qt6_qml_QtQuick_Controls["Controls"]\n    node_venv_lib_python3_12_site-packages_PyQt6_Qt6_qml_QtQuick_Controls --> node_venv_lib_python3_12_site-packages_PyQt6_Qt6_qml_QtQuick_Controls_Material["Material"]\n    node_venv_lib_python3_12_site-packages_PyQt6_Qt6_qml_QtQuick_Controls_Material --> node_venv_lib_python3_12_site-packages_PyQt6_Qt6_qml_QtQuick_Controls_Material_MenuSeparator_qml["MenuSeparator.qml"]\n    Root --> node_venv["venv"]\n    node_venv --> node_venv_lib["lib"]\n    node_venv_lib --> node_venv_lib_python3_12["python3.12"]\n    node_venv_lib_python3_12 --> node_venv_lib_python3_12_site-packages["site-packages"]\n    node_venv_lib_python3_12_site-packages --> node_venv_lib_python3_12_site-packages_PyQt6["PyQt6"]\n    node_venv_lib_python3_12_site-packages_PyQt6 --> node_venv_lib_python3_12_site-packages_PyQt6_Qt6["Qt6"]\n    node_venv_lib_python3_12_site-packages_PyQt6_Qt6 --> node_venv_lib_python3_12_site-packages_PyQt6_Qt6_qml["qml"]\n    node_venv_lib_python3_12_site-packages_PyQt6_Qt6_qml --> node_venv_lib_python3_12_site-packages_PyQt6_Qt6_qml_QtQuick["QtQuick"]\n    node_venv_lib_python3_12_site-packages_PyQt6_Qt6_qml_QtQuick --> node_venv_lib_python3_12_site-packages_PyQt6_Qt6_qml_QtQuick_Controls["Controls"]\n    node_venv_lib_python3_12_site-packages_PyQt6_Qt6_qml_QtQuick_Controls --> node_venv_lib_python3_12_site-packages_PyQt6_Qt6_qml_QtQuick_Controls_Material["Material"]\n    node_venv_lib_python3_12_site-packages_PyQt6_Qt6_qml_QtQuick_Controls_Material --> node_venv_lib_python3_12_site-packages_PyQt6_Qt6_qml_QtQuick_Controls_Material_Page_qml["Page.qml"]\n    Root --> node_venv["venv"]\n    node_venv --> node_venv_lib["lib"]\n    node_venv_lib --> node_venv_lib_python3_12["python3.12"]\n    node_venv_lib_python3_12 --> node_venv_lib_python3_12_site-packages["site-packages"]\n    node_venv_lib_python3_12_site-packages --> node_venv_lib_python3_12_site-packages_PyQt6["PyQt6"]\n    node_venv_lib_python3_12_site-packages_PyQt6 --> node_venv_lib_python3_12_site-packages_PyQt6_Qt6["Qt6"]\n    node_venv_lib_python3_12_site-packages_PyQt6_Qt6 --> node_venv_lib_python3_12_site-packages_PyQt6_Qt6_qml["qml"]\n    node_venv_lib_python3_12_site-packages_PyQt6_Qt6_qml --> node_venv_lib_python3_12_site-packages_PyQt6_Qt6_qml_QtQuick["QtQuick"]\n    node_venv_lib_python3_12_site-packages_PyQt6_Qt6_qml_QtQuick --> node_venv_lib_python3_12_site-packages_PyQt6_Qt6_qml_QtQuick_Controls["Controls"]\n    node_venv_lib_python3_12_site-packages_PyQt6_Qt6_qml_QtQuick_Controls --> node_venv_lib_python3_12_site-packages_PyQt6_Qt6_qml_QtQuick_Controls_Material["Material"]\n    node_venv_lib_python3_12_site-packages_PyQt6_Qt6_qml_QtQuick_Controls_Material --> node_venv_lib_python3_12_site-packages_PyQt6_Qt6_qml_QtQuick_Controls_Material_PageIndicator_qml["PageIndicator.qml"]\n    Root --> node_venv["venv"]\n    node_venv --> node_venv_lib["lib"]\n    node_venv_lib --> node_venv_lib_python3_12["python3.12"]\n    node_venv_lib_python3_12 --> node_venv_lib_python3_12_site-packages["site-packages"]\n    node_venv_lib_python3_12_site-packages --> node_venv_lib_python3_12_site-packages_PyQt6["PyQt6"]\n    node_venv_lib_python3_12_site-packages_PyQt6 --> node_venv_lib_python3_12_site-packages_PyQt6_Qt6["Qt6"]\n    node_venv_lib_python3_12_site-packages_PyQt6_Qt6 --> node_venv_lib_python3_12_site-packages_PyQt6_Qt6_qml["qml"]\n    node_venv_lib_python3_12_site-packages_PyQt6_Qt6_qml --> node_venv_lib_python3_12_site-packages_PyQt6_Qt6_qml_QtQuick["QtQuick"]\n    node_venv_lib_python3_12_site-packages_PyQt6_Qt6_qml_QtQuick --> node_venv_lib_python3_12_site-packages_PyQt6_Qt6_qml_QtQuick_Controls["Controls"]\n    node_venv_lib_python3_12_site-packages_PyQt6_Qt6_qml_QtQuick_Controls --> node_venv_lib_python3_12_site-packages_PyQt6_Qt6_qml_QtQuick_Controls_Material["Material"]\n    node_venv_lib_python3_12_site-packages_PyQt6_Qt6_qml_QtQuick_Controls_Material --> node_venv_lib_python3_12_site-packages_PyQt6_Qt6_qml_QtQuick_Controls_Material_Pane_qml["Pane.qml"]\n    Root --> node_venv["venv"]\n    node_venv --> node_venv_lib["lib"]\n    node_venv_lib --> node_venv_lib_python3_12["python3.12"]\n    node_venv_lib_python3_12 --> node_venv_lib_python3_12_site-packages["site-packages"]\n    node_venv_lib_python3_12_site-packages --> node_venv_lib_python3_12_site-packages_PyQt6["PyQt6"]\n    node_venv_lib_python3_12_site-packages_PyQt6 --> node_venv_lib_python3_12_site-packages_PyQt6_Qt6["Qt6"]\n    node_venv_lib_python3_12_site-packages_PyQt6_Qt6 --> node_venv_lib_python3_12_site-packages_PyQt6_Qt6_qml["qml"]\n    node_venv_lib_python3_12_site-packages_PyQt6_Qt6_qml --> node_venv_lib_python3_12_site-packages_PyQt6_Qt6_qml_QtQuick["QtQuick"]\n    node_venv_lib_python3_12_site-packages_PyQt6_Qt6_qml_QtQuick --> node_venv_lib_python3_12_site-packages_PyQt6_Qt6_qml_QtQuick_Controls["Controls"]\n    node_venv_lib_python3_12_site-packages_PyQt6_Qt6_qml_QtQuick_Controls --> node_venv_lib_python3_12_site-packages_PyQt6_Qt6_qml_QtQuick_Controls_Material["Material"]\n    node_venv_lib_python3_12_site-packages_PyQt6_Qt6_qml_QtQuick_Controls_Material --> node_venv_lib_python3_12_site-packages_PyQt6_Qt6_qml_QtQuick_Controls_Material_Popup_qml["Popup.qml"]\n    Root --> node_venv["venv"]\n    node_venv --> node_venv_lib["lib"]\n    node_venv_lib --> node_venv_lib_python3_12["python3.12"]\n    node_venv_lib_python3_12 --> node_venv_lib_python3_12_site-packages["site-packages"]\n    node_venv_lib_python3_12_site-packages --> node_venv_lib_python3_12_site-packages_PyQt6["PyQt6"]\n    node_venv_lib_python3_12_site-packages_PyQt6 --> node_venv_lib_python3_12_site-packages_PyQt6_Qt6["Qt6"]\n    node_venv_lib_python3_12_site-packages_PyQt6_Qt6 --> node_venv_lib_python3_12_site-packages_PyQt6_Qt6_qml["qml"]\n    node_venv_lib_python3_12_site-packages_PyQt6_Qt6_qml --> node_venv_lib_python3_12_site-packages_PyQt6_Qt6_qml_QtQuick["QtQuick"]\n    node_venv_lib_python3_12_site-packages_PyQt6_Qt6_qml_QtQuick --> node_venv_lib_python3_12_site-packages_PyQt6_Qt6_qml_QtQuick_Controls["Controls"]\n    node_venv_lib_python3_12_site-packages_PyQt6_Qt6_qml_QtQuick_Controls --> node_venv_lib_python3_12_site-packages_PyQt6_Qt6_qml_QtQuick_Controls_Material["Material"]\n    node_venv_lib_python3_12_site-packages_PyQt6_Qt6_qml_QtQuick_Controls_Material --> node_venv_lib_python3_12_site-packages_PyQt6_Qt6_qml_QtQuick_Controls_Material_ProgressBar_qml["ProgressBar.qml"]\n    Root --> node_venv["venv"]\n    node_venv --> node_venv_lib["lib"]\n    node_venv_lib --> node_venv_lib_python3_12["python3.12"]\n    node_venv_lib_python3_12 --> node_venv_lib_python3_12_site-packages["site-packages"]\n    node_venv_lib_python3_12_site-packages --> node_venv_lib_python3_12_site-packages_PyQt6["PyQt6"]\n    node_venv_lib_python3_12_site-packages_PyQt6 --> node_venv_lib_python3_12_site-packages_PyQt6_Qt6["Qt6"]\n    node_venv_lib_python3_12_site-packages_PyQt6_Qt6 --> node_venv_lib_python3_12_site-packages_PyQt6_Qt6_qml["qml"]\n    node_venv_lib_python3_12_site-packages_PyQt6_Qt6_qml --> node_venv_lib_python3_12_site-packages_PyQt6_Qt6_qml_QtQuick["QtQuick"]\n    node_venv_lib_python3_12_site-packages_PyQt6_Qt6_qml_QtQuick --> node_venv_lib_python3_12_site-packages_PyQt6_Qt6_qml_QtQuick_Controls["Controls"]\n    node_venv_lib_python3_12_site-packages_PyQt6_Qt6_qml_QtQuick_Controls --> node_venv_lib_python3_12_site-packages_PyQt6_Qt6_qml_QtQuick_Controls_Material["Material"]\n    node_venv_lib_python3_12_site-packages_PyQt6_Qt6_qml_QtQuick_Controls_Material --> node_venv_lib_python3_12_site-packages_PyQt6_Qt6_qml_QtQuick_Controls_Material_RadioButton_qml["RadioButton.qml"]\n    Root --> node_venv["venv"]\n    node_venv --> node_venv_lib["lib"]\n    node_venv_lib --> node_venv_lib_python3_12["python3.12"]\n    node_venv_lib_python3_12 --> node_venv_lib_python3_12_site-packages["site-packages"]\n    node_venv_lib_python3_12_site-packages --> node_venv_lib_python3_12_site-packages_PyQt6["PyQt6"]\n    node_venv_lib_python3_12_site-packages_PyQt6 --> node_venv_lib_python3_12_site-packages_PyQt6_Qt6["Qt6"]\n    node_venv_lib_python3_12_site-packages_PyQt6_Qt6 --> node_venv_lib_python3_12_site-packages_PyQt6_Qt6_qml["qml"]\n    node_venv_lib_python3_12_site-packages_PyQt6_Qt6_qml --> node_venv_lib_python3_12_site-packages_PyQt6_Qt6_qml_QtQuick["QtQuick"]\n    node_venv_lib_python3_12_site-packages_PyQt6_Qt6_qml_QtQuick --> node_venv_lib_python3_12_site-packages_PyQt6_Qt6_qml_QtQuick_Controls["Controls"]\n    node_venv_lib_python3_12_site-packages_PyQt6_Qt6_qml_QtQuick_Controls --> node_venv_lib_python3_12_site-packages_PyQt6_Qt6_qml_QtQuick_Controls_Material["Material"]\n    node_venv_lib_python3_12_site-packages_PyQt6_Qt6_qml_QtQuick_Controls_Material --> node_venv_lib_python3_12_site-packages_PyQt6_Qt6_qml_QtQuick_Controls_Material_RadioDelegate_qml["RadioDelegate.qml"]\n    Root --> node_venv["venv"]\n    node_venv --> node_venv_lib["lib"]\n    node_venv_lib --> node_venv_lib_python3_12["python3.12"]\n    node_venv_lib_python3_12 --> node_venv_lib_python3_12_site-packages["site-packages"]\n    node_venv_lib_python3_12_site-packages --> node_venv_lib_python3_12_site-packages_PyQt6["PyQt6"]\n    node_venv_lib_python3_12_site-packages_PyQt6 --> node_venv_lib_python3_12_site-packages_PyQt6_Qt6["Qt6"]\n    node_venv_lib_python3_12_site-packages_PyQt6_Qt6 --> node_venv_lib_python3_12_site-packages_PyQt6_Qt6_qml["qml"]\n    node_venv_lib_python3_12_site-packages_PyQt6_Qt6_qml --> node_venv_lib_python3_12_site-packages_PyQt6_Qt6_qml_QtQuick["QtQuick"]\n    node_venv_lib_python3_12_site-packages_PyQt6_Qt6_qml_QtQuick --> node_venv_lib_python3_12_site-packages_PyQt6_Qt6_qml_QtQuick_Controls["Controls"]\n    node_venv_lib_python3_12_site-packages_PyQt6_Qt6_qml_QtQuick_Controls --> node_venv_lib_python3_12_site-packages_PyQt6_Qt6_qml_QtQuick_Controls_Material["Material"]\n    node_venv_lib_python3_12_site-packages_PyQt6_Qt6_qml_QtQuick_Controls_Material --> node_venv_lib_python3_12_site-packages_PyQt6_Qt6_qml_QtQuick_Controls_Material_RangeSlider_qml["RangeSlider.qml"]\n    Root --> node_venv["venv"]\n    node_venv --> node_venv_lib["lib"]\n    node_venv_lib --> node_venv_lib_python3_12["python3.12"]\n    node_venv_lib_python3_12 --> node_venv_lib_python3_12_site-packages["site-packages"]\n    node_venv_lib_python3_12_site-packages --> node_venv_lib_python3_12_site-packages_PyQt6["PyQt6"]\n    node_venv_lib_python3_12_site-packages_PyQt6 --> node_venv_lib_python3_12_site-packages_PyQt6_Qt6["Qt6"]\n    node_venv_lib_python3_12_site-packages_PyQt6_Qt6 --> node_venv_lib_python3_12_site-packages_PyQt6_Qt6_qml["qml"]\n    node_venv_lib_python3_12_site-packages_PyQt6_Qt6_qml --> node_venv_lib_python3_12_site-packages_PyQt6_Qt6_qml_QtQuick["QtQuick"]\n    node_venv_lib_python3_12_site-packages_PyQt6_Qt6_qml_QtQuick --> node_venv_lib_python3_12_site-packages_PyQt6_Qt6_qml_QtQuick_Controls["Controls"]\n    node_venv_lib_python3_12_site-packages_PyQt6_Qt6_qml_QtQuick_Controls --> node_venv_lib_python3_12_site-packages_PyQt6_Qt6_qml_QtQuick_Controls_Material["Material"]\n    node_venv_lib_python3_12_site-packages_PyQt6_Qt6_qml_QtQuick_Controls_Material --> node_venv_lib_python3_12_site-packages_PyQt6_Qt6_qml_QtQuick_Controls_Material_RoundButton_qml["RoundButton.qml"]\n    Root --> node_venv["venv"]\n    node_venv --> node_venv_lib["lib"]\n    node_venv_lib --> node_venv_lib_python3_12["python3.12"]\n    node_venv_lib_python3_12 --> node_venv_lib_python3_12_site-packages["site-packages"]\n    node_venv_lib_python3_12_site-packages --> node_venv_lib_python3_12_site-packages_PyQt6["PyQt6"]\n    node_venv_lib_python3_12_site-packages_PyQt6 --> node_venv_lib_python3_12_site-packages_PyQt6_Qt6["Qt6"]\n    node_venv_lib_python3_12_site-packages_PyQt6_Qt6 --> node_venv_lib_python3_12_site-packages_PyQt6_Qt6_qml["qml"]\n    node_venv_lib_python3_12_site-packages_PyQt6_Qt6_qml --> node_venv_lib_python3_12_site-packages_PyQt6_Qt6_qml_QtQuick["QtQuick"]\n    node_venv_lib_python3_12_site-packages_PyQt6_Qt6_qml_QtQuick --> node_venv_lib_python3_12_site-packages_PyQt6_Qt6_qml_QtQuick_Controls["Controls"]\n    node_venv_lib_python3_12_site-packages_PyQt6_Qt6_qml_QtQuick_Controls --> node_venv_lib_python3_12_site-packages_PyQt6_Qt6_qml_QtQuick_Controls_Material["Material"]\n    node_venv_lib_python3_12_site-packages_PyQt6_Qt6_qml_QtQuick_Controls_Material --> node_venv_lib_python3_12_site-packages_PyQt6_Qt6_qml_QtQuick_Controls_Material_ScrollBar_qml["ScrollBar.qml"]\n    Root --> node_venv["venv"]\n    node_venv --> node_venv_lib["lib"]\n    node_venv_lib --> node_venv_lib_python3_12["python3.12"]\n    node_venv_lib_python3_12 --> node_venv_lib_python3_12_site-packages["site-packages"]\n    node_venv_lib_python3_12_site-packages --> node_venv_lib_python3_12_site-packages_PyQt6["PyQt6"]\n    node_venv_lib_python3_12_site-packages_PyQt6 --> node_venv_lib_python3_12_site-packages_PyQt6_Qt6["Qt6"]\n    node_venv_lib_python3_12_site-packages_PyQt6_Qt6 --> node_venv_lib_python3_12_site-packages_PyQt6_Qt6_qml["qml"]\n    node_venv_lib_python3_12_site-packages_PyQt6_Qt6_qml --> node_venv_lib_python3_12_site-packages_PyQt6_Qt6_qml_QtQuick["QtQuick"]\n    node_venv_lib_python3_12_site-packages_PyQt6_Qt6_qml_QtQuick --> node_venv_lib_python3_12_site-packages_PyQt6_Qt6_qml_QtQuick_Controls["Controls"]\n    node_venv_lib_python3_12_site-packages_PyQt6_Qt6_qml_QtQuick_Controls --> node_venv_lib_python3_12_site-packages_PyQt6_Qt6_qml_QtQuick_Controls_Material["Material"]\n    node_venv_lib_python3_12_site-packages_PyQt6_Qt6_qml_QtQuick_Controls_Material --> node_venv_lib_python3_12_site-packages_PyQt6_Qt6_qml_QtQuick_Controls_Material_ScrollIndicator_qml["ScrollIndicator.qml"]\n    Root --> node_venv["venv"]\n    node_venv --> node_venv_lib["lib"]\n    node_venv_lib --> node_venv_lib_python3_12["python3.12"]\n    node_venv_lib_python3_12 --> node_venv_lib_python3_12_site-packages["site-packages"]\n    node_venv_lib_python3_12_site-packages --> node_venv_lib_python3_12_site-packages_PyQt6["PyQt6"]\n    node_venv_lib_python3_12_site-packages_PyQt6 --> node_venv_lib_python3_12_site-packages_PyQt6_Qt6["Qt6"]\n    node_venv_lib_python3_12_site-packages_PyQt6_Qt6 --> node_venv_lib_python3_12_site-packages_PyQt6_Qt6_qml["qml"]\n    node_venv_lib_python3_12_site-packages_PyQt6_Qt6_qml --> node_venv_lib_python3_12_site-packages_PyQt6_Qt6_qml_QtQuick["QtQuick"]\n    node_venv_lib_python3_12_site-packages_PyQt6_Qt6_qml_QtQuick --> node_venv_lib_python3_12_site-packages_PyQt6_Qt6_qml_QtQuick_Controls["Controls"]\n    node_venv_lib_python3_12_site-packages_PyQt6_Qt6_qml_QtQuick_Controls --> node_venv_lib_python3_12_site-packages_PyQt6_Qt6_qml_QtQuick_Controls_Material["Material"]\n    node_venv_lib_python3_12_site-packages_PyQt6_Qt6_qml_QtQuick_Controls_Material --> node_venv_lib_python3_12_site-packages_PyQt6_Qt6_qml_QtQuick_Controls_Material_ScrollView_qml["ScrollView.qml"]\n    Root --> node_venv["venv"]\n    node_venv --> node_venv_lib["lib"]\n    node_venv_lib --> node_venv_lib_python3_12["python3.12"]\n    node_venv_lib_python3_12 --> node_venv_lib_python3_12_site-packages["site-packages"]\n    node_venv_lib_python3_12_site-packages --> node_venv_lib_python3_12_site-packages_PyQt6["PyQt6"]\n    node_venv_lib_python3_12_site-packages_PyQt6 --> node_venv_lib_python3_12_site-packages_PyQt6_Qt6["Qt6"]\n    node_venv_lib_python3_12_site-packages_PyQt6_Qt6 --> node_venv_lib_python3_12_site-packages_PyQt6_Qt6_qml["qml"]\n    node_venv_lib_python3_12_site-packages_PyQt6_Qt6_qml --> node_venv_lib_python3_12_site-packages_PyQt6_Qt6_qml_QtQuick["QtQuick"]\n    node_venv_lib_python3_12_site-packages_PyQt6_Qt6_qml_QtQuick --> node_venv_lib_python3_12_site-packages_PyQt6_Qt6_qml_QtQuick_Controls["Controls"]\n    node_venv_lib_python3_12_site-packages_PyQt6_Qt6_qml_QtQuick_Controls --> node_venv_lib_python3_12_site-packages_PyQt6_Qt6_qml_QtQuick_Controls_Material["Material"]\n    node_venv_lib_python3_12_site-packages_PyQt6_Qt6_qml_QtQuick_Controls_Material --> node_venv_lib_python3_12_site-packages_PyQt6_Qt6_qml_QtQuick_Controls_Material_SearchField_qml["SearchField.qml"]\n    Root --> node_venv["venv"]\n    node_venv --> node_venv_lib["lib"]\n    node_venv_lib --> node_venv_lib_python3_12["python3.12"]\n    node_venv_lib_python3_12 --> node_venv_lib_python3_12_site-packages["site-packages"]\n    node_venv_lib_python3_12_site-packages --> node_venv_lib_python3_12_site-packages_PyQt6["PyQt6"]\n    node_venv_lib_python3_12_site-packages_PyQt6 --> node_venv_lib_python3_12_site-packages_PyQt6_Qt6["Qt6"]\n    node_venv_lib_python3_12_site-packages_PyQt6_Qt6 --> node_venv_lib_python3_12_site-packages_PyQt6_Qt6_qml["qml"]\n    node_venv_lib_python3_12_site-packages_PyQt6_Qt6_qml --> node_venv_lib_python3_12_site-packages_PyQt6_Qt6_qml_QtQuick["QtQuick"]\n    node_venv_lib_python3_12_site-packages_PyQt6_Qt6_qml_QtQuick --> node_venv_lib_python3_12_site-packages_PyQt6_Qt6_qml_QtQuick_Controls["Controls"]\n    node_venv_lib_python3_12_site-packages_PyQt6_Qt6_qml_QtQuick_Controls --> node_venv_lib_python3_12_site-packages_PyQt6_Qt6_qml_QtQuick_Controls_Material["Material"]\n    node_venv_lib_python3_12_site-packages_PyQt6_Qt6_qml_QtQuick_Controls_Material --> node_venv_lib_python3_12_site-packages_PyQt6_Qt6_qml_QtQuick_Controls_Material_SelectionRectangle_qml["SelectionRectangle.qml"]\n    Root --> node_venv["venv"]\n    node_venv --> node_venv_lib["lib"]\n    node_venv_lib --> node_venv_lib_python3_12["python3.12"]\n    node_venv_lib_python3_12 --> node_venv_lib_python3_12_site-packages["site-packages"]\n    node_venv_lib_python3_12_site-packages --> node_venv_lib_python3_12_site-packages_PyQt6["PyQt6"]\n    node_venv_lib_python3_12_site-packages_PyQt6 --> node_venv_lib_python3_12_site-packages_PyQt6_Qt6["Qt6"]\n    node_venv_lib_python3_12_site-packages_PyQt6_Qt6 --> node_venv_lib_python3_12_site-packages_PyQt6_Qt6_qml["qml"]\n    node_venv_lib_python3_12_site-packages_PyQt6_Qt6_qml --> node_venv_lib_python3_12_site-packages_PyQt6_Qt6_qml_QtQuick["QtQuick"]\n    node_venv_lib_python3_12_site-packages_PyQt6_Qt6_qml_QtQuick --> node_venv_lib_python3_12_site-packages_PyQt6_Qt6_qml_QtQuick_Controls["Controls"]\n    node_venv_lib_python3_12_site-packages_PyQt6_Qt6_qml_QtQuick_Controls --> node_venv_lib_python3_12_site-packages_PyQt6_Qt6_qml_QtQuick_Controls_Material["Material"]\n    node_venv_lib_python3_12_site-packages_PyQt6_Qt6_qml_QtQuick_Controls_Material --> node_venv_lib_python3_12_site-packages_PyQt6_Qt6_qml_QtQuick_Controls_Material_Slider_qml["Slider.qml"]\n    Root --> node_venv["venv"]\n    node_venv --> node_venv_lib["lib"]\n    node_venv_lib --> node_venv_lib_python3_12["python3.12"]\n    node_venv_lib_python3_12 --> node_venv_lib_python3_12_site-packages["site-packages"]\n    node_venv_lib_python3_12_site-packages --> node_venv_lib_python3_12_site-packages_PyQt6["PyQt6"]\n    node_venv_lib_python3_12_site-packages_PyQt6 --> node_venv_lib_python3_12_site-packages_PyQt6_Qt6["Qt6"]\n    node_venv_lib_python3_12_site-packages_PyQt6_Qt6 --> node_venv_lib_python3_12_site-packages_PyQt6_Qt6_qml["qml"]\n    node_venv_lib_python3_12_site-packages_PyQt6_Qt6_qml --> node_venv_lib_python3_12_site-packages_PyQt6_Qt6_qml_QtQuick["QtQuick"]\n    node_venv_lib_python3_12_site-packages_PyQt6_Qt6_qml_QtQuick --> node_venv_lib_python3_12_site-packages_PyQt6_Qt6_qml_QtQuick_Controls["Controls"]\n    node_venv_lib_python3_12_site-packages_PyQt6_Qt6_qml_QtQuick_Controls --> node_venv_lib_python3_12_site-packages_PyQt6_Qt6_qml_QtQuick_Controls_Material["Material"]\n    node_venv_lib_python3_12_site-packages_PyQt6_Qt6_qml_QtQuick_Controls_Material --> node_venv_lib_python3_12_site-packages_PyQt6_Qt6_qml_QtQuick_Controls_Material_SpinBox_qml["SpinBox.qml"]\n    Root --> node_venv["venv"]\n    node_venv --> node_venv_lib["lib"]\n    node_venv_lib --> node_venv_lib_python3_12["python3.12"]\n    node_venv_lib_python3_12 --> node_venv_lib_python3_12_site-packages["site-packages"]\n    node_venv_lib_python3_12_site-packages --> node_venv_lib_python3_12_site-packages_PyQt6["PyQt6"]\n    node_venv_lib_python3_12_site-packages_PyQt6 --> node_venv_lib_python3_12_site-packages_PyQt6_Qt6["Qt6"]\n    node_venv_lib_python3_12_site-packages_PyQt6_Qt6 --> node_venv_lib_python3_12_site-packages_PyQt6_Qt6_qml["qml"]\n    node_venv_lib_python3_12_site-packages_PyQt6_Qt6_qml --> node_venv_lib_python3_12_site-packages_PyQt6_Qt6_qml_QtQuick["QtQuick"]\n    node_venv_lib_python3_12_site-packages_PyQt6_Qt6_qml_QtQuick --> node_venv_lib_python3_12_site-packages_PyQt6_Qt6_qml_QtQuick_Controls["Controls"]\n    node_venv_lib_python3_12_site-packages_PyQt6_Qt6_qml_QtQuick_Controls --> node_venv_lib_python3_12_site-packages_PyQt6_Qt6_qml_QtQuick_Controls_Material["Material"]\n    node_venv_lib_python3_12_site-packages_PyQt6_Qt6_qml_QtQuick_Controls_Material --> node_venv_lib_python3_12_site-packages_PyQt6_Qt6_qml_QtQuick_Controls_Material_SplitView_qml["SplitView.qml"]\n    Root --> node_venv["venv"]\n    node_venv --> node_venv_lib["lib"]\n    node_venv_lib --> node_venv_lib_python3_12["python3.12"]\n    node_venv_lib_python3_12 --> node_venv_lib_python3_12_site-packages["site-packages"]\n    node_venv_lib_python3_12_site-packages --> node_venv_lib_python3_12_site-packages_PyQt6["PyQt6"]\n    node_venv_lib_python3_12_site-packages_PyQt6 --> node_venv_lib_python3_12_site-packages_PyQt6_Qt6["Qt6"]\n    node_venv_lib_python3_12_site-packages_PyQt6_Qt6 --> node_venv_lib_python3_12_site-packages_PyQt6_Qt6_qml["qml"]\n    node_venv_lib_python3_12_site-packages_PyQt6_Qt6_qml --> node_venv_lib_python3_12_site-packages_PyQt6_Qt6_qml_QtQuick["QtQuick"]\n    node_venv_lib_python3_12_site-packages_PyQt6_Qt6_qml_QtQuick --> node_venv_lib_python3_12_site-packages_PyQt6_Qt6_qml_QtQuick_Controls["Controls"]\n    node_venv_lib_python3_12_site-packages_PyQt6_Qt6_qml_QtQuick_Controls --> node_venv_lib_python3_12_site-packages_PyQt6_Qt6_qml_QtQuick_Controls_Material["Material"]\n    node_venv_lib_python3_12_site-packages_PyQt6_Qt6_qml_QtQuick_Controls_Material --> node_venv_lib_python3_12_site-packages_PyQt6_Qt6_qml_QtQuick_Controls_Material_StackView_qml["StackView.qml"]\n    Root --> node_venv["venv"]\n    node_venv --> node_venv_lib["lib"]\n    node_venv_lib --> node_venv_lib_python3_12["python3.12"]\n    node_venv_lib_python3_12 --> node_venv_lib_python3_12_site-packages["site-packages"]\n    node_venv_lib_python3_12_site-packages --> node_venv_lib_python3_12_site-packages_PyQt6["PyQt6"]\n    node_venv_lib_python3_12_site-packages_PyQt6 --> node_venv_lib_python3_12_site-packages_PyQt6_Qt6["Qt6"]\n    node_venv_lib_python3_12_site-packages_PyQt6_Qt6 --> node_venv_lib_python3_12_site-packages_PyQt6_Qt6_qml["qml"]\n    node_venv_lib_python3_12_site-packages_PyQt6_Qt6_qml --> node_venv_lib_python3_12_site-packages_PyQt6_Qt6_qml_QtQuick["QtQuick"]\n    node_venv_lib_python3_12_site-packages_PyQt6_Qt6_qml_QtQuick --> node_venv_lib_python3_12_site-packages_PyQt6_Qt6_qml_QtQuick_Controls["Controls"]\n    node_venv_lib_python3_12_site-packages_PyQt6_Qt6_qml_QtQuick_Controls --> node_venv_lib_python3_12_site-packages_PyQt6_Qt6_qml_QtQuick_Controls_Material["Material"]\n    node_venv_lib_python3_12_site-packages_PyQt6_Qt6_qml_QtQuick_Controls_Material --> node_venv_lib_python3_12_site-packages_PyQt6_Qt6_qml_QtQuick_Controls_Material_SwipeDelegate_qml["SwipeDelegate.qml"]\n    Root --> node_venv["venv"]\n    node_venv --> node_venv_lib["lib"]\n    node_venv_lib --> node_venv_lib_python3_12["python3.12"]\n    node_venv_lib_python3_12 --> node_venv_lib_python3_12_site-packages["site-packages"]\n    node_venv_lib_python3_12_site-packages --> node_venv_lib_python3_12_site-packages_PyQt6["PyQt6"]\n    node_venv_lib_python3_12_site-packages_PyQt6 --> node_venv_lib_python3_12_site-packages_PyQt6_Qt6["Qt6"]\n    node_venv_lib_python3_12_site-packages_PyQt6_Qt6 --> node_venv_lib_python3_12_site-packages_PyQt6_Qt6_qml["qml"]\n    node_venv_lib_python3_12_site-packages_PyQt6_Qt6_qml --> node_venv_lib_python3_12_site-packages_PyQt6_Qt6_qml_QtQuick["QtQuick"]\n    node_venv_lib_python3_12_site-packages_PyQt6_Qt6_qml_QtQuick --> node_venv_lib_python3_12_site-packages_PyQt6_Qt6_qml_QtQuick_Controls["Controls"]\n    node_venv_lib_python3_12_site-packages_PyQt6_Qt6_qml_QtQuick_Controls --> node_venv_lib_python3_12_site-packages_PyQt6_Qt6_qml_QtQuick_Controls_Material["Material"]\n    node_venv_lib_python3_12_site-packages_PyQt6_Qt6_qml_QtQuick_Controls_Material --> node_venv_lib_python3_12_site-packages_PyQt6_Qt6_qml_QtQuick_Controls_Material_SwipeView_qml["SwipeView.qml"]\n    Root --> node_venv["venv"]\n    node_venv --> node_venv_lib["lib"]\n    node_venv_lib --> node_venv_lib_python3_12["python3.12"]\n    node_venv_lib_python3_12 --> node_venv_lib_python3_12_site-packages["site-packages"]\n    node_venv_lib_python3_12_site-packages --> node_venv_lib_python3_12_site-packages_PyQt6["PyQt6"]\n    node_venv_lib_python3_12_site-packages_PyQt6 --> node_venv_lib_python3_12_site-packages_PyQt6_Qt6["Qt6"]\n    node_venv_lib_python3_12_site-packages_PyQt6_Qt6 --> node_venv_lib_python3_12_site-packages_PyQt6_Qt6_qml["qml"]\n    node_venv_lib_python3_12_site-packages_PyQt6_Qt6_qml --> node_venv_lib_python3_12_site-packages_PyQt6_Qt6_qml_QtQuick["QtQuick"]\n    node_venv_lib_python3_12_site-packages_PyQt6_Qt6_qml_QtQuick --> node_venv_lib_python3_12_site-packages_PyQt6_Qt6_qml_QtQuick_Controls["Controls"]\n    node_venv_lib_python3_12_site-packages_PyQt6_Qt6_qml_QtQuick_Controls --> node_venv_lib_python3_12_site-packages_PyQt6_Qt6_qml_QtQuick_Controls_Material["Material"]\n    node_venv_lib_python3_12_site-packages_PyQt6_Qt6_qml_QtQuick_Controls_Material --> node_venv_lib_python3_12_site-packages_PyQt6_Qt6_qml_QtQuick_Controls_Material_Switch_qml["Switch.qml"]\n    Root --> node_venv["venv"]\n    node_venv --> node_venv_lib["lib"]\n    node_venv_lib --> node_venv_lib_python3_12["python3.12"]\n    node_venv_lib_python3_12 --> node_venv_lib_python3_12_site-packages["site-packages"]\n    node_venv_lib_python3_12_site-packages --> node_venv_lib_python3_12_site-packages_PyQt6["PyQt6"]\n    node_venv_lib_python3_12_site-packages_PyQt6 --> node_venv_lib_python3_12_site-packages_PyQt6_Qt6["Qt6"]\n    node_venv_lib_python3_12_site-packages_PyQt6_Qt6 --> node_venv_lib_python3_12_site-packages_PyQt6_Qt6_qml["qml"]\n    node_venv_lib_python3_12_site-packages_PyQt6_Qt6_qml --> node_venv_lib_python3_12_site-packages_PyQt6_Qt6_qml_QtQuick["QtQuick"]\n    node_venv_lib_python3_12_site-packages_PyQt6_Qt6_qml_QtQuick --> node_venv_lib_python3_12_site-packages_PyQt6_Qt6_qml_QtQuick_Controls["Controls"]\n    node_venv_lib_python3_12_site-packages_PyQt6_Qt6_qml_QtQuick_Controls --> node_venv_lib_python3_12_site-packages_PyQt6_Qt6_qml_QtQuick_Controls_Material["Material"]\n    node_venv_lib_python3_12_site-packages_PyQt6_Qt6_qml_QtQuick_Controls_Material --> node_venv_lib_python3_12_site-packages_PyQt6_Qt6_qml_QtQuick_Controls_Material_SwitchDelegate_qml["SwitchDelegate.qml"]\n    Root --> node_venv["venv"]\n    node_venv --> node_venv_lib["lib"]\n    node_venv_lib --> node_venv_lib_python3_12["python3.12"]\n    node_venv_lib_python3_12 --> node_venv_lib_python3_12_site-packages["site-packages"]\n    node_venv_lib_python3_12_site-packages --> node_venv_lib_python3_12_site-packages_PyQt6["PyQt6"]\n    node_venv_lib_python3_12_site-packages_PyQt6 --> node_venv_lib_python3_12_site-packages_PyQt6_Qt6["Qt6"]\n    node_venv_lib_python3_12_site-packages_PyQt6_Qt6 --> node_venv_lib_python3_12_site-packages_PyQt6_Qt6_qml["qml"]\n    node_venv_lib_python3_12_site-packages_PyQt6_Qt6_qml --> node_venv_lib_python3_12_site-packages_PyQt6_Qt6_qml_QtQuick["QtQuick"]\n    node_venv_lib_python3_12_site-packages_PyQt6_Qt6_qml_QtQuick --> node_venv_lib_python3_12_site-packages_PyQt6_Qt6_qml_QtQuick_Controls["Controls"]\n    node_venv_lib_python3_12_site-packages_PyQt6_Qt6_qml_QtQuick_Controls --> node_venv_lib_python3_12_site-packages_PyQt6_Qt6_qml_QtQuick_Controls_Material["Material"]\n    node_venv_lib_python3_12_site-packages_PyQt6_Qt6_qml_QtQuick_Controls_Material --> node_venv_lib_python3_12_site-packages_PyQt6_Qt6_qml_QtQuick_Controls_Material_TabBar_qml["TabBar.qml"]\n    Root --> node_venv["venv"]\n    node_venv --> node_venv_lib["lib"]\n    node_venv_lib --> node_venv_lib_python3_12["python3.12"]\n    node_venv_lib_python3_12 --> node_venv_lib_python3_12_site-packages["site-packages"]\n    node_venv_lib_python3_12_site-packages --> node_venv_lib_python3_12_site-packages_PyQt6["PyQt6"]\n    node_venv_lib_python3_12_site-packages_PyQt6 --> node_venv_lib_python3_12_site-packages_PyQt6_Qt6["Qt6"]\n    node_venv_lib_python3_12_site-packages_PyQt6_Qt6 --> node_venv_lib_python3_12_site-packages_PyQt6_Qt6_qml["qml"]\n    node_venv_lib_python3_12_site-packages_PyQt6_Qt6_qml --> node_venv_lib_python3_12_site-packages_PyQt6_Qt6_qml_QtQuick["QtQuick"]\n    node_venv_lib_python3_12_site-packages_PyQt6_Qt6_qml_QtQuick --> node_venv_lib_python3_12_site-packages_PyQt6_Qt6_qml_QtQuick_Controls["Controls"]\n    node_venv_lib_python3_12_site-packages_PyQt6_Qt6_qml_QtQuick_Controls --> node_venv_lib_python3_12_site-packages_PyQt6_Qt6_qml_QtQuick_Controls_Material["Material"]\n    node_venv_lib_python3_12_site-packages_PyQt6_Qt6_qml_QtQuick_Controls_Material --> node_venv_lib_python3_12_site-packages_PyQt6_Qt6_qml_QtQuick_Controls_Material_TabButton_qml["TabButton.qml"]\n    Root --> node_venv["venv"]\n    node_venv --> node_venv_lib["lib"]\n    node_venv_lib --> node_venv_lib_python3_12["python3.12"]\n    node_venv_lib_python3_12 --> node_venv_lib_python3_12_site-packages["site-packages"]\n    node_venv_lib_python3_12_site-packages --> node_venv_lib_python3_12_site-packages_PyQt6["PyQt6"]\n    node_venv_lib_python3_12_site-packages_PyQt6 --> node_venv_lib_python3_12_site-packages_PyQt6_Qt6["Qt6"]\n    node_venv_lib_python3_12_site-packages_PyQt6_Qt6 --> node_venv_lib_python3_12_site-packages_PyQt6_Qt6_qml["qml"]\n    node_venv_lib_python3_12_site-packages_PyQt6_Qt6_qml --> node_venv_lib_python3_12_site-packages_PyQt6_Qt6_qml_QtQuick["QtQuick"]\n    node_venv_lib_python3_12_site-packages_PyQt6_Qt6_qml_QtQuick --> node_venv_lib_python3_12_site-packages_PyQt6_Qt6_qml_QtQuick_Controls["Controls"]\n    node_venv_lib_python3_12_site-packages_PyQt6_Qt6_qml_QtQuick_Controls --> node_venv_lib_python3_12_site-packages_PyQt6_Qt6_qml_QtQuick_Controls_Material["Material"]\n    node_venv_lib_python3_12_site-packages_PyQt6_Qt6_qml_QtQuick_Controls_Material --> node_venv_lib_python3_12_site-packages_PyQt6_Qt6_qml_QtQuick_Controls_Material_TextArea_qml["TextArea.qml"]\n    Root --> node_venv["venv"]\n    node_venv --> node_venv_lib["lib"]\n    node_venv_lib --> node_venv_lib_python3_12["python3.12"]\n    node_venv_lib_python3_12 --> node_venv_lib_python3_12_site-packages["site-packages"]\n    node_venv_lib_python3_12_site-packages --> node_venv_lib_python3_12_site-packages_PyQt6["PyQt6"]\n    node_venv_lib_python3_12_site-packages_PyQt6 --> node_venv_lib_python3_12_site-packages_PyQt6_Qt6["Qt6"]\n    node_venv_lib_python3_12_site-packages_PyQt6_Qt6 --> node_venv_lib_python3_12_site-packages_PyQt6_Qt6_qml["qml"]\n    node_venv_lib_python3_12_site-packages_PyQt6_Qt6_qml --> node_venv_lib_python3_12_site-packages_PyQt6_Qt6_qml_QtQuick["QtQuick"]\n    node_venv_lib_python3_12_site-packages_PyQt6_Qt6_qml_QtQuick --> node_venv_lib_python3_12_site-packages_PyQt6_Qt6_qml_QtQuick_Controls["Controls"]\n    node_venv_lib_python3_12_site-packages_PyQt6_Qt6_qml_QtQuick_Controls --> node_venv_lib_python3_12_site-packages_PyQt6_Qt6_qml_QtQuick_Controls_Material["Material"]\n    node_venv_lib_python3_12_site-packages_PyQt6_Qt6_qml_QtQuick_Controls_Material --> node_venv_lib_python3_12_site-packages_PyQt6_Qt6_qml_QtQuick_Controls_Material_TextField_qml["TextField.qml"]\n    Root --> node_venv["venv"]\n    node_venv --> node_venv_lib["lib"]\n    node_venv_lib --> node_venv_lib_python3_12["python3.12"]\n    node_venv_lib_python3_12 --> node_venv_lib_python3_12_site-packages["site-packages"]\n    node_venv_lib_python3_12_site-packages --> node_venv_lib_python3_12_site-packages_PyQt6["PyQt6"]\n    node_venv_lib_python3_12_site-packages_PyQt6 --> node_venv_lib_python3_12_site-packages_PyQt6_Qt6["Qt6"]\n    node_venv_lib_python3_12_site-packages_PyQt6_Qt6 --> node_venv_lib_python3_12_site-packages_PyQt6_Qt6_qml["qml"]\n    node_venv_lib_python3_12_site-packages_PyQt6_Qt6_qml --> node_venv_lib_python3_12_site-packages_PyQt6_Qt6_qml_QtQuick["QtQuick"]\n    node_venv_lib_python3_12_site-packages_PyQt6_Qt6_qml_QtQuick --> node_venv_lib_python3_12_site-packages_PyQt6_Qt6_qml_QtQuick_Controls["Controls"]\n    node_venv_lib_python3_12_site-packages_PyQt6_Qt6_qml_QtQuick_Controls --> node_venv_lib_python3_12_site-packages_PyQt6_Qt6_qml_QtQuick_Controls_Material["Material"]\n    node_venv_lib_python3_12_site-packages_PyQt6_Qt6_qml_QtQuick_Controls_Material --> node_venv_lib_python3_12_site-packages_PyQt6_Qt6_qml_QtQuick_Controls_Material_ToolBar_qml["ToolBar.qml"]\n    Root --> node_venv["venv"]\n    node_venv --> node_venv_lib["lib"]\n    node_venv_lib --> node_venv_lib_python3_12["python3.12"]\n    node_venv_lib_python3_12 --> node_venv_lib_python3_12_site-packages["site-packages"]\n    node_venv_lib_python3_12_site-packages --> node_venv_lib_python3_12_site-packages_PyQt6["PyQt6"]\n    node_venv_lib_python3_12_site-packages_PyQt6 --> node_venv_lib_python3_12_site-packages_PyQt6_Qt6["Qt6"]\n    node_venv_lib_python3_12_site-packages_PyQt6_Qt6 --> node_venv_lib_python3_12_site-packages_PyQt6_Qt6_qml["qml"]\n    node_venv_lib_python3_12_site-packages_PyQt6_Qt6_qml --> node_venv_lib_python3_12_site-packages_PyQt6_Qt6_qml_QtQuick["QtQuick"]\n    node_venv_lib_python3_12_site-packages_PyQt6_Qt6_qml_QtQuick --> node_venv_lib_python3_12_site-packages_PyQt6_Qt6_qml_QtQuick_Controls["Controls"]\n    node_venv_lib_python3_12_site-packages_PyQt6_Qt6_qml_QtQuick_Controls --> node_venv_lib_python3_12_site-packages_PyQt6_Qt6_qml_QtQuick_Controls_Material["Material"]\n    node_venv_lib_python3_12_site-packages_PyQt6_Qt6_qml_QtQuick_Controls_Material --> node_venv_lib_python3_12_site-packages_PyQt6_Qt6_qml_QtQuick_Controls_Material_ToolButton_qml["ToolButton.qml"]\n    Root --> node_venv["venv"]\n    node_venv --> node_venv_lib["lib"]\n    node_venv_lib --> node_venv_lib_python3_12["python3.12"]\n    node_venv_lib_python3_12 --> node_venv_lib_python3_12_site-packages["site-packages"]\n    node_venv_lib_python3_12_site-packages --> node_venv_lib_python3_12_site-packages_PyQt6["PyQt6"]\n    node_venv_lib_python3_12_site-packages_PyQt6 --> node_venv_lib_python3_12_site-packages_PyQt6_Qt6["Qt6"]\n    node_venv_lib_python3_12_site-packages_PyQt6_Qt6 --> node_venv_lib_python3_12_site-packages_PyQt6_Qt6_qml["qml"]\n    node_venv_lib_python3_12_site-packages_PyQt6_Qt6_qml --> node_venv_lib_python3_12_site-packages_PyQt6_Qt6_qml_QtQuick["QtQuick"]\n    node_venv_lib_python3_12_site-packages_PyQt6_Qt6_qml_QtQuick --> node_venv_lib_python3_12_site-packages_PyQt6_Qt6_qml_QtQuick_Controls["Controls"]\n    node_venv_lib_python3_12_site-packages_PyQt6_Qt6_qml_QtQuick_Controls --> node_venv_lib_python3_12_site-packages_PyQt6_Qt6_qml_QtQuick_Controls_Material["Material"]\n    node_venv_lib_python3_12_site-packages_PyQt6_Qt6_qml_QtQuick_Controls_Material --> node_venv_lib_python3_12_site-packages_PyQt6_Qt6_qml_QtQuick_Controls_Material_ToolSeparator_qml["ToolSeparator.qml"]\n    Root --> node_venv["venv"]\n    node_venv --> node_venv_lib["lib"]\n    node_venv_lib --> node_venv_lib_python3_12["python3.12"]\n    node_venv_lib_python3_12 --> node_venv_lib_python3_12_site-packages["site-packages"]\n    node_venv_lib_python3_12_site-packages --> node_venv_lib_python3_12_site-packages_PyQt6["PyQt6"]\n    node_venv_lib_python3_12_site-packages_PyQt6 --> node_venv_lib_python3_12_site-packages_PyQt6_Qt6["Qt6"]\n    node_venv_lib_python3_12_site-packages_PyQt6_Qt6 --> node_venv_lib_python3_12_site-packages_PyQt6_Qt6_qml["qml"]\n    node_venv_lib_python3_12_site-packages_PyQt6_Qt6_qml --> node_venv_lib_python3_12_site-packages_PyQt6_Qt6_qml_QtQuick["QtQuick"]\n    node_venv_lib_python3_12_site-packages_PyQt6_Qt6_qml_QtQuick --> node_venv_lib_python3_12_site-packages_PyQt6_Qt6_qml_QtQuick_Controls["Controls"]\n    node_venv_lib_python3_12_site-packages_PyQt6_Qt6_qml_QtQuick_Controls --> node_venv_lib_python3_12_site-packages_PyQt6_Qt6_qml_QtQuick_Controls_Material["Material"]\n    node_venv_lib_python3_12_site-packages_PyQt6_Qt6_qml_QtQuick_Controls_Material --> node_venv_lib_python3_12_site-packages_PyQt6_Qt6_qml_QtQuick_Controls_Material_ToolTip_qml["ToolTip.qml"]\n    Root --> node_venv["venv"]\n    node_venv --> node_venv_lib["lib"]\n    node_venv_lib --> node_venv_lib_python3_12["python3.12"]\n    node_venv_lib_python3_12 --> node_venv_lib_python3_12_site-packages["site-packages"]\n    node_venv_lib_python3_12_site-packages --> node_venv_lib_python3_12_site-packages_PyQt6["PyQt6"]\n    node_venv_lib_python3_12_site-packages_PyQt6 --> node_venv_lib_python3_12_site-packages_PyQt6_Qt6["Qt6"]\n    node_venv_lib_python3_12_site-packages_PyQt6_Qt6 --> node_venv_lib_python3_12_site-packages_PyQt6_Qt6_qml["qml"]\n    node_venv_lib_python3_12_site-packages_PyQt6_Qt6_qml --> node_venv_lib_python3_12_site-packages_PyQt6_Qt6_qml_QtQuick["QtQuick"]\n    node_venv_lib_python3_12_site-packages_PyQt6_Qt6_qml_QtQuick --> node_venv_lib_python3_12_site-packages_PyQt6_Qt6_qml_QtQuick_Controls["Controls"]\n    node_venv_lib_python3_12_site-packages_PyQt6_Qt6_qml_QtQuick_Controls --> node_venv_lib_python3_12_site-packages_PyQt6_Qt6_qml_QtQuick_Controls_Material["Material"]\n    node_venv_lib_python3_12_site-packages_PyQt6_Qt6_qml_QtQuick_Controls_Material --> node_venv_lib_python3_12_site-packages_PyQt6_Qt6_qml_QtQuick_Controls_Material_TreeViewDelegate_qml["TreeViewDelegate.qml"]\n    Root --> node_venv["venv"]\n    node_venv --> node_venv_lib["lib"]\n    node_venv_lib --> node_venv_lib_python3_12["python3.12"]\n    node_venv_lib_python3_12 --> node_venv_lib_python3_12_site-packages["site-packages"]\n    node_venv_lib_python3_12_site-packages --> node_venv_lib_python3_12_site-packages_PyQt6["PyQt6"]\n    node_venv_lib_python3_12_site-packages_PyQt6 --> node_venv_lib_python3_12_site-packages_PyQt6_Qt6["Qt6"]\n    node_venv_lib_python3_12_site-packages_PyQt6_Qt6 --> node_venv_lib_python3_12_site-packages_PyQt6_Qt6_qml["qml"]\n    node_venv_lib_python3_12_site-packages_PyQt6_Qt6_qml --> node_venv_lib_python3_12_site-packages_PyQt6_Qt6_qml_QtQuick["QtQuick"]\n    node_venv_lib_python3_12_site-packages_PyQt6_Qt6_qml_QtQuick --> node_venv_lib_python3_12_site-packages_PyQt6_Qt6_qml_QtQuick_Controls["Controls"]\n    node_venv_lib_python3_12_site-packages_PyQt6_Qt6_qml_QtQuick_Controls --> node_venv_lib_python3_12_site-packages_PyQt6_Qt6_qml_QtQuick_Controls_Material["Material"]\n    node_venv_lib_python3_12_site-packages_PyQt6_Qt6_qml_QtQuick_Controls_Material --> node_venv_lib_python3_12_site-packages_PyQt6_Qt6_qml_QtQuick_Controls_Material_Tumbler_qml["Tumbler.qml"]\n    Root --> node_venv["venv"]\n    node_venv --> node_venv_lib["lib"]\n    node_venv_lib --> node_venv_lib_python3_12["python3.12"]\n    node_venv_lib_python3_12 --> node_venv_lib_python3_12_site-packages["site-packages"]\n    node_venv_lib_python3_12_site-packages --> node_venv_lib_python3_12_site-packages_PyQt6["PyQt6"]\n    node_venv_lib_python3_12_site-packages_PyQt6 --> node_venv_lib_python3_12_site-packages_PyQt6_Qt6["Qt6"]\n    node_venv_lib_python3_12_site-packages_PyQt6_Qt6 --> node_venv_lib_python3_12_site-packages_PyQt6_Qt6_qml["qml"]\n    node_venv_lib_python3_12_site-packages_PyQt6_Qt6_qml --> node_venv_lib_python3_12_site-packages_PyQt6_Qt6_qml_QtQuick["QtQuick"]\n    node_venv_lib_python3_12_site-packages_PyQt6_Qt6_qml_QtQuick --> node_venv_lib_python3_12_site-packages_PyQt6_Qt6_qml_QtQuick_Controls["Controls"]\n    node_venv_lib_python3_12_site-packages_PyQt6_Qt6_qml_QtQuick_Controls --> node_venv_lib_python3_12_site-packages_PyQt6_Qt6_qml_QtQuick_Controls_Material["Material"]\n    node_venv_lib_python3_12_site-packages_PyQt6_Qt6_qml_QtQuick_Controls_Material --> node_venv_lib_python3_12_site-packages_PyQt6_Qt6_qml_QtQuick_Controls_Material_VerticalHeaderView_qml["VerticalHeaderView.qml"]\n    Root --> node_venv["venv"]\n    node_venv --> node_venv_lib["lib"]\n    node_venv_lib --> node_venv_lib_python3_12["python3.12"]\n    node_venv_lib_python3_12 --> node_venv_lib_python3_12_site-packages["site-packages"]\n    node_venv_lib_python3_12_site-packages --> node_venv_lib_python3_12_site-packages_PyQt6["PyQt6"]\n    node_venv_lib_python3_12_site-packages_PyQt6 --> node_venv_lib_python3_12_site-packages_PyQt6_Qt6["Qt6"]\n    node_venv_lib_python3_12_site-packages_PyQt6_Qt6 --> node_venv_lib_python3_12_site-packages_PyQt6_Qt6_qml["qml"]\n    node_venv_lib_python3_12_site-packages_PyQt6_Qt6_qml --> node_venv_lib_python3_12_site-packages_PyQt6_Qt6_qml_QtQuick["QtQuick"]\n    node_venv_lib_python3_12_site-packages_PyQt6_Qt6_qml_QtQuick --> node_venv_lib_python3_12_site-packages_PyQt6_Qt6_qml_QtQuick_Controls["Controls"]\n    node_venv_lib_python3_12_site-packages_PyQt6_Qt6_qml_QtQuick_Controls --> node_venv_lib_python3_12_site-packages_PyQt6_Qt6_qml_QtQuick_Controls_Material["Material"]\n    node_venv_lib_python3_12_site-packages_PyQt6_Qt6_qml_QtQuick_Controls_Material --> node_venv_lib_python3_12_site-packages_PyQt6_Qt6_qml_QtQuick_Controls_Material_VerticalHeaderViewDelegate_qml["VerticalHeaderViewDelegate.qml"]\n    Root --> node_venv["venv"]\n    node_venv --> node_venv_lib["lib"]\n    node_venv_lib --> node_venv_lib_python3_12["python3.12"]\n    node_venv_lib_python3_12 --> node_venv_lib_python3_12_site-packages["site-packages"]\n    node_venv_lib_python3_12_site-packages --> node_venv_lib_python3_12_site-packages_PyQt6["PyQt6"]\n    node_venv_lib_python3_12_site-packages_PyQt6 --> node_venv_lib_python3_12_site-packages_PyQt6_Qt6["Qt6"]\n    node_venv_lib_python3_12_site-packages_PyQt6_Qt6 --> node_venv_lib_python3_12_site-packages_PyQt6_Qt6_qml["qml"]\n    node_venv_lib_python3_12_site-packages_PyQt6_Qt6_qml --> node_venv_lib_python3_12_site-packages_PyQt6_Qt6_qml_QtQuick["QtQuick"]\n    node_venv_lib_python3_12_site-packages_PyQt6_Qt6_qml_QtQuick --> node_venv_lib_python3_12_site-packages_PyQt6_Qt6_qml_QtQuick_Controls["Controls"]\n    node_venv_lib_python3_12_site-packages_PyQt6_Qt6_qml_QtQuick_Controls --> node_venv_lib_python3_12_site-packages_PyQt6_Qt6_qml_QtQuick_Controls_Material["Material"]\n    node_venv_lib_python3_12_site-packages_PyQt6_Qt6_qml_QtQuick_Controls_Material --> node_venv_lib_python3_12_site-packages_PyQt6_Qt6_qml_QtQuick_Controls_Material_libqtquickcontrols2materialstyleplugin_dylib["libqtquickcontrols2materialstyleplugin.dylib"]\n    Root --> node_venv["venv"]\n    node_venv --> node_venv_lib["lib"]\n    node_venv_lib --> node_venv_lib_python3_12["python3.12"]\n    node_venv_lib_python3_12 --> node_venv_lib_python3_12_site-packages["site-packages"]\n    node_venv_lib_python3_12_site-packages --> node_venv_lib_python3_12_site-packages_PyQt6["PyQt6"]\n    node_venv_lib_python3_12_site-packages_PyQt6 --> node_venv_lib_python3_12_site-packages_PyQt6_Qt6["Qt6"]\n    node_venv_lib_python3_12_site-packages_PyQt6_Qt6 --> node_venv_lib_python3_12_site-packages_PyQt6_Qt6_qml["qml"]\n    node_venv_lib_python3_12_site-packages_PyQt6_Qt6_qml --> node_venv_lib_python3_12_site-packages_PyQt6_Qt6_qml_QtQuick["QtQuick"]\n    node_venv_lib_python3_12_site-packages_PyQt6_Qt6_qml_QtQuick --> node_venv_lib_python3_12_site-packages_PyQt6_Qt6_qml_QtQuick_Controls["Controls"]\n    node_venv_lib_python3_12_site-packages_PyQt6_Qt6_qml_QtQuick_Controls --> node_venv_lib_python3_12_site-packages_PyQt6_Qt6_qml_QtQuick_Controls_Material["Material"]\n    node_venv_lib_python3_12_site-packages_PyQt6_Qt6_qml_QtQuick_Controls_Material --> node_venv_lib_python3_12_site-packages_PyQt6_Qt6_qml_QtQuick_Controls_Material_plugins_qmltypes["plugins.qmltypes"]\n    Root --> node_venv["venv"]\n    node_venv --> node_venv_lib["lib"]\n    node_venv_lib --> node_venv_lib_python3_12["python3.12"]\n    node_venv_lib_python3_12 --> node_venv_lib_python3_12_site-packages["site-packages"]\n    node_venv_lib_python3_12_site-packages --> node_venv_lib_python3_12_site-packages_PyQt6["PyQt6"]\n    node_venv_lib_python3_12_site-packages_PyQt6 --> node_venv_lib_python3_12_site-packages_PyQt6_Qt6["Qt6"]\n    node_venv_lib_python3_12_site-packages_PyQt6_Qt6 --> node_venv_lib_python3_12_site-packages_PyQt6_Qt6_qml["qml"]\n    node_venv_lib_python3_12_site-packages_PyQt6_Qt6_qml --> node_venv_lib_python3_12_site-packages_PyQt6_Qt6_qml_QtQuick["QtQuick"]\n    node_venv_lib_python3_12_site-packages_PyQt6_Qt6_qml_QtQuick --> node_venv_lib_python3_12_site-packages_PyQt6_Qt6_qml_QtQuick_Controls["Controls"]\n    node_venv_lib_python3_12_site-packages_PyQt6_Qt6_qml_QtQuick_Controls --> node_venv_lib_python3_12_site-packages_PyQt6_Qt6_qml_QtQuick_Controls_Material["Material"]\n    node_venv_lib_python3_12_site-packages_PyQt6_Qt6_qml_QtQuick_Controls_Material --> node_venv_lib_python3_12_site-packages_PyQt6_Qt6_qml_QtQuick_Controls_Material_qmldir["qmldir"]\n    Root --> node_venv["venv"]\n    node_venv --> node_venv_lib["lib"]\n    node_venv_lib --> node_venv_lib_python3_12["python3.12"]\n    node_venv_lib_python3_12 --> node_venv_lib_python3_12_site-packages["site-packages"]\n    node_venv_lib_python3_12_site-packages --> node_venv_lib_python3_12_site-packages_PyQt6["PyQt6"]\n    node_venv_lib_python3_12_site-packages_PyQt6 --> node_venv_lib_python3_12_site-packages_PyQt6_Qt6["Qt6"]\n    node_venv_lib_python3_12_site-packages_PyQt6_Qt6 --> node_venv_lib_python3_12_site-packages_PyQt6_Qt6_qml["qml"]\n    node_venv_lib_python3_12_site-packages_PyQt6_Qt6_qml --> node_venv_lib_python3_12_site-packages_PyQt6_Qt6_qml_QtQuick["QtQuick"]\n    node_venv_lib_python3_12_site-packages_PyQt6_Qt6_qml_QtQuick --> node_venv_lib_python3_12_site-packages_PyQt6_Qt6_qml_QtQuick_Controls["Controls"]\n    node_venv_lib_python3_12_site-packages_PyQt6_Qt6_qml_QtQuick_Controls --> node_venv_lib_python3_12_site-packages_PyQt6_Qt6_qml_QtQuick_Controls_Material["Material"]\n    node_venv_lib_python3_12_site-packages_PyQt6_Qt6_qml_QtQuick_Controls_Material --> node_venv_lib_python3_12_site-packages_PyQt6_Qt6_qml_QtQuick_Controls_Material_impl["impl"]\n    node_venv_lib_python3_12_site-packages_PyQt6_Qt6_qml_QtQuick_Controls_Material_impl --> node_venv_lib_python3_12_site-packages_PyQt6_Qt6_qml_QtQuick_Controls_Material_impl_BoxShadow_qml["BoxShadow.qml"]\n    Root --> node_venv["venv"]\n    node_venv --> node_venv_lib["lib"]\n    node_venv_lib --> node_venv_lib_python3_12["python3.12"]\n    node_venv_lib_python3_12 --> node_venv_lib_python3_12_site-packages["site-packages"]\n    node_venv_lib_python3_12_site-packages --> node_venv_lib_python3_12_site-packages_PyQt6["PyQt6"]\n    node_venv_lib_python3_12_site-packages_PyQt6 --> node_venv_lib_python3_12_site-packages_PyQt6_Qt6["Qt6"]\n    node_venv_lib_python3_12_site-packages_PyQt6_Qt6 --> node_venv_lib_python3_12_site-packages_PyQt6_Qt6_qml["qml"]\n    node_venv_lib_python3_12_site-packages_PyQt6_Qt6_qml --> node_venv_lib_python3_12_site-packages_PyQt6_Qt6_qml_QtQuick["QtQuick"]\n    node_venv_lib_python3_12_site-packages_PyQt6_Qt6_qml_QtQuick --> node_venv_lib_python3_12_site-packages_PyQt6_Qt6_qml_QtQuick_Controls["Controls"]\n    node_venv_lib_python3_12_site-packages_PyQt6_Qt6_qml_QtQuick_Controls --> node_venv_lib_python3_12_site-packages_PyQt6_Qt6_qml_QtQuick_Controls_Material["Material"]\n    node_venv_lib_python3_12_site-packages_PyQt6_Qt6_qml_QtQuick_Controls_Material --> node_venv_lib_python3_12_site-packages_PyQt6_Qt6_qml_QtQuick_Controls_Material_impl["impl"]\n    node_venv_lib_python3_12_site-packages_PyQt6_Qt6_qml_QtQuick_Controls_Material_impl --> node_venv_lib_python3_12_site-packages_PyQt6_Qt6_qml_QtQuick_Controls_Material_impl_CheckIndicator_qml["CheckIndicator.qml"]\n    Root --> node_venv["venv"]\n    node_venv --> node_venv_lib["lib"]\n    node_venv_lib --> node_venv_lib_python3_12["python3.12"]\n    node_venv_lib_python3_12 --> node_venv_lib_python3_12_site-packages["site-packages"]\n    node_venv_lib_python3_12_site-packages --> node_venv_lib_python3_12_site-packages_PyQt6["PyQt6"]\n    node_venv_lib_python3_12_site-packages_PyQt6 --> node_venv_lib_python3_12_site-packages_PyQt6_Qt6["Qt6"]\n    node_venv_lib_python3_12_site-packages_PyQt6_Qt6 --> node_venv_lib_python3_12_site-packages_PyQt6_Qt6_qml["qml"]\n    node_venv_lib_python3_12_site-packages_PyQt6_Qt6_qml --> node_venv_lib_python3_12_site-packages_PyQt6_Qt6_qml_QtQuick["QtQuick"]\n    node_venv_lib_python3_12_site-packages_PyQt6_Qt6_qml_QtQuick --> node_venv_lib_python3_12_site-packages_PyQt6_Qt6_qml_QtQuick_Controls["Controls"]\n    node_venv_lib_python3_12_site-packages_PyQt6_Qt6_qml_QtQuick_Controls --> node_venv_lib_python3_12_site-packages_PyQt6_Qt6_qml_QtQuick_Controls_Material["Material"]\n    node_venv_lib_python3_12_site-packages_PyQt6_Qt6_qml_QtQuick_Controls_Material --> node_venv_lib_python3_12_site-packages_PyQt6_Qt6_qml_QtQuick_Controls_Material_impl["impl"]\n    node_venv_lib_python3_12_site-packages_PyQt6_Qt6_qml_QtQuick_Controls_Material_impl --> node_venv_lib_python3_12_site-packages_PyQt6_Qt6_qml_QtQuick_Controls_Material_impl_CursorDelegate_qml["CursorDelegate.qml"]\n    Root --> node_venv["venv"]\n    node_venv --> node_venv_lib["lib"]\n    node_venv_lib --> node_venv_lib_python3_12["python3.12"]\n    node_venv_lib_python3_12 --> node_venv_lib_python3_12_site-packages["site-packages"]\n    node_venv_lib_python3_12_site-packages --> node_venv_lib_python3_12_site-packages_PyQt6["PyQt6"]\n    node_venv_lib_python3_12_site-packages_PyQt6 --> node_venv_lib_python3_12_site-packages_PyQt6_Qt6["Qt6"]\n    node_venv_lib_python3_12_site-packages_PyQt6_Qt6 --> node_venv_lib_python3_12_site-packages_PyQt6_Qt6_qml["qml"]\n    node_venv_lib_python3_12_site-packages_PyQt6_Qt6_qml --> node_venv_lib_python3_12_site-packages_PyQt6_Qt6_qml_QtQuick["QtQuick"]\n    node_venv_lib_python3_12_site-packages_PyQt6_Qt6_qml_QtQuick --> node_venv_lib_python3_12_site-packages_PyQt6_Qt6_qml_QtQuick_Controls["Controls"]\n    node_venv_lib_python3_12_site-packages_PyQt6_Qt6_qml_QtQuick_Controls --> node_venv_lib_python3_12_site-packages_PyQt6_Qt6_qml_QtQuick_Controls_Material["Material"]\n    node_venv_lib_python3_12_site-packages_PyQt6_Qt6_qml_QtQuick_Controls_Material --> node_venv_lib_python3_12_site-packages_PyQt6_Qt6_qml_QtQuick_Controls_Material_impl["impl"]\n    node_venv_lib_python3_12_site-packages_PyQt6_Qt6_qml_QtQuick_Controls_Material_impl --> node_venv_lib_python3_12_site-packages_PyQt6_Qt6_qml_QtQuick_Controls_Material_impl_ElevationEffect_qml["ElevationEffect.qml"]\n    Root --> node_venv["venv"]\n    node_venv --> node_venv_lib["lib"]\n    node_venv_lib --> node_venv_lib_python3_12["python3.12"]\n    node_venv_lib_python3_12 --> node_venv_lib_python3_12_site-packages["site-packages"]\n    node_venv_lib_python3_12_site-packages --> node_venv_lib_python3_12_site-packages_PyQt6["PyQt6"]\n    node_venv_lib_python3_12_site-packages_PyQt6 --> node_venv_lib_python3_12_site-packages_PyQt6_Qt6["Qt6"]\n    node_venv_lib_python3_12_site-packages_PyQt6_Qt6 --> node_venv_lib_python3_12_site-packages_PyQt6_Qt6_qml["qml"]\n    node_venv_lib_python3_12_site-packages_PyQt6_Qt6_qml --> node_venv_lib_python3_12_site-packages_PyQt6_Qt6_qml_QtQuick["QtQuick"]\n    node_venv_lib_python3_12_site-packages_PyQt6_Qt6_qml_QtQuick --> node_venv_lib_python3_12_site-packages_PyQt6_Qt6_qml_QtQuick_Controls["Controls"]\n    node_venv_lib_python3_12_site-packages_PyQt6_Qt6_qml_QtQuick_Controls --> node_venv_lib_python3_12_site-packages_PyQt6_Qt6_qml_QtQuick_Controls_Material["Material"]\n    node_venv_lib_python3_12_site-packages_PyQt6_Qt6_qml_QtQuick_Controls_Material --> node_venv_lib_python3_12_site-packages_PyQt6_Qt6_qml_QtQuick_Controls_Material_impl["impl"]\n    node_venv_lib_python3_12_site-packages_PyQt6_Qt6_qml_QtQuick_Controls_Material_impl --> node_venv_lib_python3_12_site-packages_PyQt6_Qt6_qml_QtQuick_Controls_Material_impl_RadioIndicator_qml["RadioIndicator.qml"]\n    Root --> node_venv["venv"]\n    node_venv --> node_venv_lib["lib"]\n    node_venv_lib --> node_venv_lib_python3_12["python3.12"]\n    node_venv_lib_python3_12 --> node_venv_lib_python3_12_site-packages["site-packages"]\n    node_venv_lib_python3_12_site-packages --> node_venv_lib_python3_12_site-packages_PyQt6["PyQt6"]\n    node_venv_lib_python3_12_site-packages_PyQt6 --> node_venv_lib_python3_12_site-packages_PyQt6_Qt6["Qt6"]\n    node_venv_lib_python3_12_site-packages_PyQt6_Qt6 --> node_venv_lib_python3_12_site-packages_PyQt6_Qt6_qml["qml"]\n    node_venv_lib_python3_12_site-packages_PyQt6_Qt6_qml --> node_venv_lib_python3_12_site-packages_PyQt6_Qt6_qml_QtQuick["QtQuick"]\n    node_venv_lib_python3_12_site-packages_PyQt6_Qt6_qml_QtQuick --> node_venv_lib_python3_12_site-packages_PyQt6_Qt6_qml_QtQuick_Controls["Controls"]\n    node_venv_lib_python3_12_site-packages_PyQt6_Qt6_qml_QtQuick_Controls --> node_venv_lib_python3_12_site-packages_PyQt6_Qt6_qml_QtQuick_Controls_Material["Material"]\n    node_venv_lib_python3_12_site-packages_PyQt6_Qt6_qml_QtQuick_Controls_Material --> node_venv_lib_python3_12_site-packages_PyQt6_Qt6_qml_QtQuick_Controls_Material_impl["impl"]\n    node_venv_lib_python3_12_site-packages_PyQt6_Qt6_qml_QtQuick_Controls_Material_impl --> node_venv_lib_python3_12_site-packages_PyQt6_Qt6_qml_QtQuick_Controls_Material_impl_RectangularGlow_qml["RectangularGlow.qml"]\n    Root --> node_venv["venv"]\n    node_venv --> node_venv_lib["lib"]\n    node_venv_lib --> node_venv_lib_python3_12["python3.12"]\n    node_venv_lib_python3_12 --> node_venv_lib_python3_12_site-packages["site-packages"]\n    node_venv_lib_python3_12_site-packages --> node_venv_lib_python3_12_site-packages_PyQt6["PyQt6"]\n    node_venv_lib_python3_12_site-packages_PyQt6 --> node_venv_lib_python3_12_site-packages_PyQt6_Qt6["Qt6"]\n    node_venv_lib_python3_12_site-packages_PyQt6_Qt6 --> node_venv_lib_python3_12_site-packages_PyQt6_Qt6_qml["qml"]\n    node_venv_lib_python3_12_site-packages_PyQt6_Qt6_qml --> node_venv_lib_python3_12_site-packages_PyQt6_Qt6_qml_QtQuick["QtQuick"]\n    node_venv_lib_python3_12_site-packages_PyQt6_Qt6_qml_QtQuick --> node_venv_lib_python3_12_site-packages_PyQt6_Qt6_qml_QtQuick_Controls["Controls"]\n    node_venv_lib_python3_12_site-packages_PyQt6_Qt6_qml_QtQuick_Controls --> node_venv_lib_python3_12_site-packages_PyQt6_Qt6_qml_QtQuick_Controls_Material["Material"]\n    node_venv_lib_python3_12_site-packages_PyQt6_Qt6_qml_QtQuick_Controls_Material --> node_venv_lib_python3_12_site-packages_PyQt6_Qt6_qml_QtQuick_Controls_Material_impl["impl"]\n    node_venv_lib_python3_12_site-packages_PyQt6_Qt6_qml_QtQuick_Controls_Material_impl --> node_venv_lib_python3_12_site-packages_PyQt6_Qt6_qml_QtQuick_Controls_Material_impl_RoundedElevationEffect_qml["RoundedElevationEffect.qml"]\n    Root --> node_venv["venv"]\n    node_venv --> node_venv_lib["lib"]\n    node_venv_lib --> node_venv_lib_python3_12["python3.12"]\n    node_venv_lib_python3_12 --> node_venv_lib_python3_12_site-packages["site-packages"]\n    node_venv_lib_python3_12_site-packages --> node_venv_lib_python3_12_site-packages_PyQt6["PyQt6"]\n    node_venv_lib_python3_12_site-packages_PyQt6 --> node_venv_lib_python3_12_site-packages_PyQt6_Qt6["Qt6"]\n    node_venv_lib_python3_12_site-packages_PyQt6_Qt6 --> node_venv_lib_python3_12_site-packages_PyQt6_Qt6_qml["qml"]\n    node_venv_lib_python3_12_site-packages_PyQt6_Qt6_qml --> node_venv_lib_python3_12_site-packages_PyQt6_Qt6_qml_QtQuick["QtQuick"]\n    node_venv_lib_python3_12_site-packages_PyQt6_Qt6_qml_QtQuick --> node_venv_lib_python3_12_site-packages_PyQt6_Qt6_qml_QtQuick_Controls["Controls"]\n    node_venv_lib_python3_12_site-packages_PyQt6_Qt6_qml_QtQuick_Controls --> node_venv_lib_python3_12_site-packages_PyQt6_Qt6_qml_QtQuick_Controls_Material["Material"]\n    node_venv_lib_python3_12_site-packages_PyQt6_Qt6_qml_QtQuick_Controls_Material --> node_venv_lib_python3_12_site-packages_PyQt6_Qt6_qml_QtQuick_Controls_Material_impl["impl"]\n    node_venv_lib_python3_12_site-packages_PyQt6_Qt6_qml_QtQuick_Controls_Material_impl --> node_venv_lib_python3_12_site-packages_PyQt6_Qt6_qml_QtQuick_Controls_Material_impl_SliderHandle_qml["SliderHandle.qml"]\n    Root --> node_venv["venv"]\n    node_venv --> node_venv_lib["lib"]\n    node_venv_lib --> node_venv_lib_python3_12["python3.12"]\n    node_venv_lib_python3_12 --> node_venv_lib_python3_12_site-packages["site-packages"]\n    node_venv_lib_python3_12_site-packages --> node_venv_lib_python3_12_site-packages_PyQt6["PyQt6"]\n    node_venv_lib_python3_12_site-packages_PyQt6 --> node_venv_lib_python3_12_site-packages_PyQt6_Qt6["Qt6"]\n    node_venv_lib_python3_12_site-packages_PyQt6_Qt6 --> node_venv_lib_python3_12_site-packages_PyQt6_Qt6_qml["qml"]\n    node_venv_lib_python3_12_site-packages_PyQt6_Qt6_qml --> node_venv_lib_python3_12_site-packages_PyQt6_Qt6_qml_QtQuick["QtQuick"]\n    node_venv_lib_python3_12_site-packages_PyQt6_Qt6_qml_QtQuick --> node_venv_lib_python3_12_site-packages_PyQt6_Qt6_qml_QtQuick_Controls["Controls"]\n    node_venv_lib_python3_12_site-packages_PyQt6_Qt6_qml_QtQuick_Controls --> node_venv_lib_python3_12_site-packages_PyQt6_Qt6_qml_QtQuick_Controls_Material["Material"]\n    node_venv_lib_python3_12_site-packages_PyQt6_Qt6_qml_QtQuick_Controls_Material --> node_venv_lib_python3_12_site-packages_PyQt6_Qt6_qml_QtQuick_Controls_Material_impl["impl"]\n    node_venv_lib_python3_12_site-packages_PyQt6_Qt6_qml_QtQuick_Controls_Material_impl --> node_venv_lib_python3_12_site-packages_PyQt6_Qt6_qml_QtQuick_Controls_Material_impl_SwitchIndicator_qml["SwitchIndicator.qml"]\n    Root --> node_venv["venv"]\n    node_venv --> node_venv_lib["lib"]\n    node_venv_lib --> node_venv_lib_python3_12["python3.12"]\n    node_venv_lib_python3_12 --> node_venv_lib_python3_12_site-packages["site-packages"]\n    node_venv_lib_python3_12_site-packages --> node_venv_lib_python3_12_site-packages_PyQt6["PyQt6"]\n    node_venv_lib_python3_12_site-packages_PyQt6 --> node_venv_lib_python3_12_site-packages_PyQt6_Qt6["Qt6"]\n    node_venv_lib_python3_12_site-packages_PyQt6_Qt6 --> node_venv_lib_python3_12_site-packages_PyQt6_Qt6_qml["qml"]\n    node_venv_lib_python3_12_site-packages_PyQt6_Qt6_qml --> node_venv_lib_python3_12_site-packages_PyQt6_Qt6_qml_QtQuick["QtQuick"]\n    node_venv_lib_python3_12_site-packages_PyQt6_Qt6_qml_QtQuick --> node_venv_lib_python3_12_site-packages_PyQt6_Qt6_qml_QtQuick_Controls["Controls"]\n    node_venv_lib_python3_12_site-packages_PyQt6_Qt6_qml_QtQuick_Controls --> node_venv_lib_python3_12_site-packages_PyQt6_Qt6_qml_QtQuick_Controls_Material["Material"]\n    node_venv_lib_python3_12_site-packages_PyQt6_Qt6_qml_QtQuick_Controls_Material --> node_venv_lib_python3_12_site-packages_PyQt6_Qt6_qml_QtQuick_Controls_Material_impl["impl"]\n    node_venv_lib_python3_12_site-packages_PyQt6_Qt6_qml_QtQuick_Controls_Material_impl --> node_venv_lib_python3_12_site-packages_PyQt6_Qt6_qml_QtQuick_Controls_Material_impl_libqtquickcontrols2materialstyleimplplugin_dylib["libqtquickcontrols2materialstyleimplplugin.dylib"]\n    Root --> node_venv["venv"]\n    node_venv --> node_venv_lib["lib"]\n    node_venv_lib --> node_venv_lib_python3_12["python3.12"]\n    node_venv_lib_python3_12 --> node_venv_lib_python3_12_site-packages["site-packages"]\n    node_venv_lib_python3_12_site-packages --> node_venv_lib_python3_12_site-packages_PyQt6["PyQt6"]\n    node_venv_lib_python3_12_site-packages_PyQt6 --> node_venv_lib_python3_12_site-packages_PyQt6_Qt6["Qt6"]\n    node_venv_lib_python3_12_site-packages_PyQt6_Qt6 --> node_venv_lib_python3_12_site-packages_PyQt6_Qt6_qml["qml"]\n    node_venv_lib_python3_12_site-packages_PyQt6_Qt6_qml --> node_venv_lib_python3_12_site-packages_PyQt6_Qt6_qml_QtQuick["QtQuick"]\n    node_venv_lib_python3_12_site-packages_PyQt6_Qt6_qml_QtQuick --> node_venv_lib_python3_12_site-packages_PyQt6_Qt6_qml_QtQuick_Controls["Controls"]\n    node_venv_lib_python3_12_site-packages_PyQt6_Qt6_qml_QtQuick_Controls --> node_venv_lib_python3_12_site-packages_PyQt6_Qt6_qml_QtQuick_Controls_Material["Material"]\n    node_venv_lib_python3_12_site-packages_PyQt6_Qt6_qml_QtQuick_Controls_Material --> node_venv_lib_python3_12_site-packages_PyQt6_Qt6_qml_QtQuick_Controls_Material_impl["impl"]\n    node_venv_lib_python3_12_site-packages_PyQt6_Qt6_qml_QtQuick_Controls_Material_impl --> node_venv_lib_python3_12_site-packages_PyQt6_Qt6_qml_QtQuick_Controls_Material_impl_plugins_qmltypes["plugins.qmltypes"]\n    Root --> node_venv["venv"]\n    node_venv --> node_venv_lib["lib"]\n    node_venv_lib --> node_venv_lib_python3_12["python3.12"]\n    node_venv_lib_python3_12 --> node_venv_lib_python3_12_site-packages["site-packages"]\n    node_venv_lib_python3_12_site-packages --> node_venv_lib_python3_12_site-packages_PyQt6["PyQt6"]\n    node_venv_lib_python3_12_site-packages_PyQt6 --> node_venv_lib_python3_12_site-packages_PyQt6_Qt6["Qt6"]\n    node_venv_lib_python3_12_site-packages_PyQt6_Qt6 --> node_venv_lib_python3_12_site-packages_PyQt6_Qt6_qml["qml"]\n    node_venv_lib_python3_12_site-packages_PyQt6_Qt6_qml --> node_venv_lib_python3_12_site-packages_PyQt6_Qt6_qml_QtQuick["QtQuick"]\n    node_venv_lib_python3_12_site-packages_PyQt6_Qt6_qml_QtQuick --> node_venv_lib_python3_12_site-packages_PyQt6_Qt6_qml_QtQuick_Controls["Controls"]\n    node_venv_lib_python3_12_site-packages_PyQt6_Qt6_qml_QtQuick_Controls --> node_venv_lib_python3_12_site-packages_PyQt6_Qt6_qml_QtQuick_Controls_Material["Material"]\n    node_venv_lib_python3_12_site-packages_PyQt6_Qt6_qml_QtQuick_Controls_Material --> node_venv_lib_python3_12_site-packages_PyQt6_Qt6_qml_QtQuick_Controls_Material_impl["impl"]\n    node_venv_lib_python3_12_site-packages_PyQt6_Qt6_qml_QtQuick_Controls_Material_impl --> node_venv_lib_python3_12_site-packages_PyQt6_Qt6_qml_QtQuick_Controls_Material_impl_qmldir["qmldir"]\n    Root --> node_venv["venv"]\n    node_venv --> node_venv_lib["lib"]\n    node_venv_lib --> node_venv_lib_python3_12["python3.12"]\n    node_venv_lib_python3_12 --> node_venv_lib_python3_12_site-packages["site-packages"]\n    node_venv_lib_python3_12_site-packages --> node_venv_lib_python3_12_site-packages_PyQt6["PyQt6"]\n    node_venv_lib_python3_12_site-packages_PyQt6 --> node_venv_lib_python3_12_site-packages_PyQt6_Qt6["Qt6"]\n    node_venv_lib_python3_12_site-packages_PyQt6_Qt6 --> node_venv_lib_python3_12_site-packages_PyQt6_Qt6_qml["qml"]\n    node_venv_lib_python3_12_site-packages_PyQt6_Qt6_qml --> node_venv_lib_python3_12_site-packages_PyQt6_Qt6_qml_QtQuick["QtQuick"]\n    node_venv_lib_python3_12_site-packages_PyQt6_Qt6_qml_QtQuick --> node_venv_lib_python3_12_site-packages_PyQt6_Qt6_qml_QtQuick_Controls["Controls"]\n    node_venv_lib_python3_12_site-packages_PyQt6_Qt6_qml_QtQuick_Controls --> node_venv_lib_python3_12_site-packages_PyQt6_Qt6_qml_QtQuick_Controls_Imagine["Imagine"]\n    node_venv_lib_python3_12_site-packages_PyQt6_Qt6_qml_QtQuick_Controls_Imagine --> node_venv_lib_python3_12_site-packages_PyQt6_Qt6_qml_QtQuick_Controls_Imagine_ApplicationWindow_qml["ApplicationWindow.qml"]\n    Root --> node_venv["venv"]\n    node_venv --> node_venv_lib["lib"]\n    node_venv_lib --> node_venv_lib_python3_12["python3.12"]\n    node_venv_lib_python3_12 --> node_venv_lib_python3_12_site-packages["site-packages"]\n    node_venv_lib_python3_12_site-packages --> node_venv_lib_python3_12_site-packages_PyQt6["PyQt6"]\n    node_venv_lib_python3_12_site-packages_PyQt6 --> node_venv_lib_python3_12_site-packages_PyQt6_Qt6["Qt6"]\n    node_venv_lib_python3_12_site-packages_PyQt6_Qt6 --> node_venv_lib_python3_12_site-packages_PyQt6_Qt6_qml["qml"]\n    node_venv_lib_python3_12_site-packages_PyQt6_Qt6_qml --> node_venv_lib_python3_12_site-packages_PyQt6_Qt6_qml_QtQuick["QtQuick"]\n    node_venv_lib_python3_12_site-packages_PyQt6_Qt6_qml_QtQuick --> node_venv_lib_python3_12_site-packages_PyQt6_Qt6_qml_QtQuick_Controls["Controls"]\n    node_venv_lib_python3_12_site-packages_PyQt6_Qt6_qml_QtQuick_Controls --> node_venv_lib_python3_12_site-packages_PyQt6_Qt6_qml_QtQuick_Controls_Imagine["Imagine"]\n    node_venv_lib_python3_12_site-packages_PyQt6_Qt6_qml_QtQuick_Controls_Imagine --> node_venv_lib_python3_12_site-packages_PyQt6_Qt6_qml_QtQuick_Controls_Imagine_BusyIndicator_qml["BusyIndicator.qml"]\n    Root --> node_venv["venv"]\n    node_venv --> node_venv_lib["lib"]\n    node_venv_lib --> node_venv_lib_python3_12["python3.12"]\n    node_venv_lib_python3_12 --> node_venv_lib_python3_12_site-packages["site-packages"]\n    node_venv_lib_python3_12_site-packages --> node_venv_lib_python3_12_site-packages_PyQt6["PyQt6"]\n    node_venv_lib_python3_12_site-packages_PyQt6 --> node_venv_lib_python3_12_site-packages_PyQt6_Qt6["Qt6"]\n    node_venv_lib_python3_12_site-packages_PyQt6_Qt6 --> node_venv_lib_python3_12_site-packages_PyQt6_Qt6_qml["qml"]\n    node_venv_lib_python3_12_site-packages_PyQt6_Qt6_qml --> node_venv_lib_python3_12_site-packages_PyQt6_Qt6_qml_QtQuick["QtQuick"]\n    node_venv_lib_python3_12_site-packages_PyQt6_Qt6_qml_QtQuick --> node_venv_lib_python3_12_site-packages_PyQt6_Qt6_qml_QtQuick_Controls["Controls"]\n    node_venv_lib_python3_12_site-packages_PyQt6_Qt6_qml_QtQuick_Controls --> node_venv_lib_python3_12_site-packages_PyQt6_Qt6_qml_QtQuick_Controls_Imagine["Imagine"]\n    node_venv_lib_python3_12_site-packages_PyQt6_Qt6_qml_QtQuick_Controls_Imagine --> node_venv_lib_python3_12_site-packages_PyQt6_Qt6_qml_QtQuick_Controls_Imagine_Button_qml["Button.qml"]\n    Root --> node_venv["venv"]\n    node_venv --> node_venv_lib["lib"]\n    node_venv_lib --> node_venv_lib_python3_12["python3.12"]\n    node_venv_lib_python3_12 --> node_venv_lib_python3_12_site-packages["site-packages"]\n    node_venv_lib_python3_12_site-packages --> node_venv_lib_python3_12_site-packages_PyQt6["PyQt6"]\n    node_venv_lib_python3_12_site-packages_PyQt6 --> node_venv_lib_python3_12_site-packages_PyQt6_Qt6["Qt6"]\n    node_venv_lib_python3_12_site-packages_PyQt6_Qt6 --> node_venv_lib_python3_12_site-packages_PyQt6_Qt6_qml["qml"]\n    node_venv_lib_python3_12_site-packages_PyQt6_Qt6_qml --> node_venv_lib_python3_12_site-packages_PyQt6_Qt6_qml_QtQuick["QtQuick"]\n    node_venv_lib_python3_12_site-packages_PyQt6_Qt6_qml_QtQuick --> node_venv_lib_python3_12_site-packages_PyQt6_Qt6_qml_QtQuick_Controls["Controls"]\n    node_venv_lib_python3_12_site-packages_PyQt6_Qt6_qml_QtQuick_Controls --> node_venv_lib_python3_12_site-packages_PyQt6_Qt6_qml_QtQuick_Controls_Imagine["Imagine"]\n    node_venv_lib_python3_12_site-packages_PyQt6_Qt6_qml_QtQuick_Controls_Imagine --> node_venv_lib_python3_12_site-packages_PyQt6_Qt6_qml_QtQuick_Controls_Imagine_CheckBox_qml["CheckBox.qml"]\n    Root --> node_venv["venv"]\n    node_venv --> node_venv_lib["lib"]\n    node_venv_lib --> node_venv_lib_python3_12["python3.12"]\n    node_venv_lib_python3_12 --> node_venv_lib_python3_12_site-packages["site-packages"]\n    node_venv_lib_python3_12_site-packages --> node_venv_lib_python3_12_site-packages_PyQt6["PyQt6"]\n    node_venv_lib_python3_12_site-packages_PyQt6 --> node_venv_lib_python3_12_site-packages_PyQt6_Qt6["Qt6"]\n    node_venv_lib_python3_12_site-packages_PyQt6_Qt6 --> node_venv_lib_python3_12_site-packages_PyQt6_Qt6_qml["qml"]\n    node_venv_lib_python3_12_site-packages_PyQt6_Qt6_qml --> node_venv_lib_python3_12_site-packages_PyQt6_Qt6_qml_QtQuick["QtQuick"]\n    node_venv_lib_python3_12_site-packages_PyQt6_Qt6_qml_QtQuick --> node_venv_lib_python3_12_site-packages_PyQt6_Qt6_qml_QtQuick_Controls["Controls"]\n    node_venv_lib_python3_12_site-packages_PyQt6_Qt6_qml_QtQuick_Controls --> node_venv_lib_python3_12_site-packages_PyQt6_Qt6_qml_QtQuick_Controls_Imagine["Imagine"]\n    node_venv_lib_python3_12_site-packages_PyQt6_Qt6_qml_QtQuick_Controls_Imagine --> node_venv_lib_python3_12_site-packages_PyQt6_Qt6_qml_QtQuick_Controls_Imagine_CheckDelegate_qml["CheckDelegate.qml"]\n    Root --> node_venv["venv"]\n    node_venv --> node_venv_lib["lib"]\n    node_venv_lib --> node_venv_lib_python3_12["python3.12"]\n    node_venv_lib_python3_12 --> node_venv_lib_python3_12_site-packages["site-packages"]\n    node_venv_lib_python3_12_site-packages --> node_venv_lib_python3_12_site-packages_PyQt6["PyQt6"]\n    node_venv_lib_python3_12_site-packages_PyQt6 --> node_venv_lib_python3_12_site-packages_PyQt6_Qt6["Qt6"]\n    node_venv_lib_python3_12_site-packages_PyQt6_Qt6 --> node_venv_lib_python3_12_site-packages_PyQt6_Qt6_qml["qml"]\n    node_venv_lib_python3_12_site-packages_PyQt6_Qt6_qml --> node_venv_lib_python3_12_site-packages_PyQt6_Qt6_qml_QtQuick["QtQuick"]\n    node_venv_lib_python3_12_site-packages_PyQt6_Qt6_qml_QtQuick --> node_venv_lib_python3_12_site-packages_PyQt6_Qt6_qml_QtQuick_Controls["Controls"]\n    node_venv_lib_python3_12_site-packages_PyQt6_Qt6_qml_QtQuick_Controls --> node_venv_lib_python3_12_site-packages_PyQt6_Qt6_qml_QtQuick_Controls_Imagine["Imagine"]\n    node_venv_lib_python3_12_site-packages_PyQt6_Qt6_qml_QtQuick_Controls_Imagine --> node_venv_lib_python3_12_site-packages_PyQt6_Qt6_qml_QtQuick_Controls_Imagine_ComboBox_qml["ComboBox.qml"]\n    Root --> node_venv["venv"]\n    node_venv --> node_venv_lib["lib"]\n    node_venv_lib --> node_venv_lib_python3_12["python3.12"]\n    node_venv_lib_python3_12 --> node_venv_lib_python3_12_site-packages["site-packages"]\n    node_venv_lib_python3_12_site-packages --> node_venv_lib_python3_12_site-packages_PyQt6["PyQt6"]\n    node_venv_lib_python3_12_site-packages_PyQt6 --> node_venv_lib_python3_12_site-packages_PyQt6_Qt6["Qt6"]\n    node_venv_lib_python3_12_site-packages_PyQt6_Qt6 --> node_venv_lib_python3_12_site-packages_PyQt6_Qt6_qml["qml"]\n    node_venv_lib_python3_12_site-packages_PyQt6_Qt6_qml --> node_venv_lib_python3_12_site-packages_PyQt6_Qt6_qml_QtQuick["QtQuick"]\n    node_venv_lib_python3_12_site-packages_PyQt6_Qt6_qml_QtQuick --> node_venv_lib_python3_12_site-packages_PyQt6_Qt6_qml_QtQuick_Controls["Controls"]\n    node_venv_lib_python3_12_site-packages_PyQt6_Qt6_qml_QtQuick_Controls --> node_venv_lib_python3_12_site-packages_PyQt6_Qt6_qml_QtQuick_Controls_Imagine["Imagine"]\n    node_venv_lib_python3_12_site-packages_PyQt6_Qt6_qml_QtQuick_Controls_Imagine --> node_venv_lib_python3_12_site-packages_PyQt6_Qt6_qml_QtQuick_Controls_Imagine_DelayButton_qml["DelayButton.qml"]\n    Root --> node_venv["venv"]\n    node_venv --> node_venv_lib["lib"]\n    node_venv_lib --> node_venv_lib_python3_12["python3.12"]\n    node_venv_lib_python3_12 --> node_venv_lib_python3_12_site-packages["site-packages"]\n    node_venv_lib_python3_12_site-packages --> node_venv_lib_python3_12_site-packages_PyQt6["PyQt6"]\n    node_venv_lib_python3_12_site-packages_PyQt6 --> node_venv_lib_python3_12_site-packages_PyQt6_Qt6["Qt6"]\n    node_venv_lib_python3_12_site-packages_PyQt6_Qt6 --> node_venv_lib_python3_12_site-packages_PyQt6_Qt6_qml["qml"]\n    node_venv_lib_python3_12_site-packages_PyQt6_Qt6_qml --> node_venv_lib_python3_12_site-packages_PyQt6_Qt6_qml_QtQuick["QtQuick"]\n    node_venv_lib_python3_12_site-packages_PyQt6_Qt6_qml_QtQuick --> node_venv_lib_python3_12_site-packages_PyQt6_Qt6_qml_QtQuick_Controls["Controls"]\n    node_venv_lib_python3_12_site-packages_PyQt6_Qt6_qml_QtQuick_Controls --> node_venv_lib_python3_12_site-packages_PyQt6_Qt6_qml_QtQuick_Controls_Imagine["Imagine"]\n    node_venv_lib_python3_12_site-packages_PyQt6_Qt6_qml_QtQuick_Controls_Imagine --> node_venv_lib_python3_12_site-packages_PyQt6_Qt6_qml_QtQuick_Controls_Imagine_Dial_qml["Dial.qml"]\n    Root --> node_venv["venv"]\n    node_venv --> node_venv_lib["lib"]\n    node_venv_lib --> node_venv_lib_python3_12["python3.12"]\n    node_venv_lib_python3_12 --> node_venv_lib_python3_12_site-packages["site-packages"]\n    node_venv_lib_python3_12_site-packages --> node_venv_lib_python3_12_site-packages_PyQt6["PyQt6"]\n    node_venv_lib_python3_12_site-packages_PyQt6 --> node_venv_lib_python3_12_site-packages_PyQt6_Qt6["Qt6"]\n    node_venv_lib_python3_12_site-packages_PyQt6_Qt6 --> node_venv_lib_python3_12_site-packages_PyQt6_Qt6_qml["qml"]\n    node_venv_lib_python3_12_site-packages_PyQt6_Qt6_qml --> node_venv_lib_python3_12_site-packages_PyQt6_Qt6_qml_QtQuick["QtQuick"]\n    node_venv_lib_python3_12_site-packages_PyQt6_Qt6_qml_QtQuick --> node_venv_lib_python3_12_site-packages_PyQt6_Qt6_qml_QtQuick_Controls["Controls"]\n    node_venv_lib_python3_12_site-packages_PyQt6_Qt6_qml_QtQuick_Controls --> node_venv_lib_python3_12_site-packages_PyQt6_Qt6_qml_QtQuick_Controls_Imagine["Imagine"]\n    node_venv_lib_python3_12_site-packages_PyQt6_Qt6_qml_QtQuick_Controls_Imagine --> node_venv_lib_python3_12_site-packages_PyQt6_Qt6_qml_QtQuick_Controls_Imagine_Dialog_qml["Dialog.qml"]\n    Root --> node_venv["venv"]\n    node_venv --> node_venv_lib["lib"]\n    node_venv_lib --> node_venv_lib_python3_12["python3.12"]\n    node_venv_lib_python3_12 --> node_venv_lib_python3_12_site-packages["site-packages"]\n    node_venv_lib_python3_12_site-packages --> node_venv_lib_python3_12_site-packages_PyQt6["PyQt6"]\n    node_venv_lib_python3_12_site-packages_PyQt6 --> node_venv_lib_python3_12_site-packages_PyQt6_Qt6["Qt6"]\n    node_venv_lib_python3_12_site-packages_PyQt6_Qt6 --> node_venv_lib_python3_12_site-packages_PyQt6_Qt6_qml["qml"]\n    node_venv_lib_python3_12_site-packages_PyQt6_Qt6_qml --> node_venv_lib_python3_12_site-packages_PyQt6_Qt6_qml_QtQuick["QtQuick"]\n    node_venv_lib_python3_12_site-packages_PyQt6_Qt6_qml_QtQuick --> node_venv_lib_python3_12_site-packages_PyQt6_Qt6_qml_QtQuick_Controls["Controls"]\n    node_venv_lib_python3_12_site-packages_PyQt6_Qt6_qml_QtQuick_Controls --> node_venv_lib_python3_12_site-packages_PyQt6_Qt6_qml_QtQuick_Controls_Imagine["Imagine"]\n    node_venv_lib_python3_12_site-packages_PyQt6_Qt6_qml_QtQuick_Controls_Imagine --> node_venv_lib_python3_12_site-packages_PyQt6_Qt6_qml_QtQuick_Controls_Imagine_DialogButtonBox_qml["DialogButtonBox.qml"]\n    Root --> node_venv["venv"]\n    node_venv --> node_venv_lib["lib"]\n    node_venv_lib --> node_venv_lib_python3_12["python3.12"]\n    node_venv_lib_python3_12 --> node_venv_lib_python3_12_site-packages["site-packages"]\n    node_venv_lib_python3_12_site-packages --> node_venv_lib_python3_12_site-packages_PyQt6["PyQt6"]\n    node_venv_lib_python3_12_site-packages_PyQt6 --> node_venv_lib_python3_12_site-packages_PyQt6_Qt6["Qt6"]\n    node_venv_lib_python3_12_site-packages_PyQt6_Qt6 --> node_venv_lib_python3_12_site-packages_PyQt6_Qt6_qml["qml"]\n    node_venv_lib_python3_12_site-packages_PyQt6_Qt6_qml --> node_venv_lib_python3_12_site-packages_PyQt6_Qt6_qml_QtQuick["QtQuick"]\n    node_venv_lib_python3_12_site-packages_PyQt6_Qt6_qml_QtQuick --> node_venv_lib_python3_12_site-packages_PyQt6_Qt6_qml_QtQuick_Controls["Controls"]\n    node_venv_lib_python3_12_site-packages_PyQt6_Qt6_qml_QtQuick_Controls --> node_venv_lib_python3_12_site-packages_PyQt6_Qt6_qml_QtQuick_Controls_Imagine["Imagine"]\n    node_venv_lib_python3_12_site-packages_PyQt6_Qt6_qml_QtQuick_Controls_Imagine --> node_venv_lib_python3_12_site-packages_PyQt6_Qt6_qml_QtQuick_Controls_Imagine_Drawer_qml["Drawer.qml"]\n    Root --> node_venv["venv"]\n    node_venv --> node_venv_lib["lib"]\n    node_venv_lib --> node_venv_lib_python3_12["python3.12"]\n    node_venv_lib_python3_12 --> node_venv_lib_python3_12_site-packages["site-packages"]\n    node_venv_lib_python3_12_site-packages --> node_venv_lib_python3_12_site-packages_PyQt6["PyQt6"]\n    node_venv_lib_python3_12_site-packages_PyQt6 --> node_venv_lib_python3_12_site-packages_PyQt6_Qt6["Qt6"]\n    node_venv_lib_python3_12_site-packages_PyQt6_Qt6 --> node_venv_lib_python3_12_site-packages_PyQt6_Qt6_qml["qml"]\n    node_venv_lib_python3_12_site-packages_PyQt6_Qt6_qml --> node_venv_lib_python3_12_site-packages_PyQt6_Qt6_qml_QtQuick["QtQuick"]\n    node_venv_lib_python3_12_site-packages_PyQt6_Qt6_qml_QtQuick --> node_venv_lib_python3_12_site-packages_PyQt6_Qt6_qml_QtQuick_Controls["Controls"]\n    node_venv_lib_python3_12_site-packages_PyQt6_Qt6_qml_QtQuick_Controls --> node_venv_lib_python3_12_site-packages_PyQt6_Qt6_qml_QtQuick_Controls_Imagine["Imagine"]\n    node_venv_lib_python3_12_site-packages_PyQt6_Qt6_qml_QtQuick_Controls_Imagine --> node_venv_lib_python3_12_site-packages_PyQt6_Qt6_qml_QtQuick_Controls_Imagine_Frame_qml["Frame.qml"]\n    Root --> node_venv["venv"]\n    node_venv --> node_venv_lib["lib"]\n    node_venv_lib --> node_venv_lib_python3_12["python3.12"]\n    node_venv_lib_python3_12 --> node_venv_lib_python3_12_site-packages["site-packages"]\n    node_venv_lib_python3_12_site-packages --> node_venv_lib_python3_12_site-packages_PyQt6["PyQt6"]\n    node_venv_lib_python3_12_site-packages_PyQt6 --> node_venv_lib_python3_12_site-packages_PyQt6_Qt6["Qt6"]\n    node_venv_lib_python3_12_site-packages_PyQt6_Qt6 --> node_venv_lib_python3_12_site-packages_PyQt6_Qt6_qml["qml"]\n    node_venv_lib_python3_12_site-packages_PyQt6_Qt6_qml --> node_venv_lib_python3_12_site-packages_PyQt6_Qt6_qml_QtQuick["QtQuick"]\n    node_venv_lib_python3_12_site-packages_PyQt6_Qt6_qml_QtQuick --> node_venv_lib_python3_12_site-packages_PyQt6_Qt6_qml_QtQuick_Controls["Controls"]\n    node_venv_lib_python3_12_site-packages_PyQt6_Qt6_qml_QtQuick_Controls --> node_venv_lib_python3_12_site-packages_PyQt6_Qt6_qml_QtQuick_Controls_Imagine["Imagine"]\n    node_venv_lib_python3_12_site-packages_PyQt6_Qt6_qml_QtQuick_Controls_Imagine --> node_venv_lib_python3_12_site-packages_PyQt6_Qt6_qml_QtQuick_Controls_Imagine_GroupBox_qml["GroupBox.qml"]\n    Root --> node_venv["venv"]\n    node_venv --> node_venv_lib["lib"]\n    node_venv_lib --> node_venv_lib_python3_12["python3.12"]\n    node_venv_lib_python3_12 --> node_venv_lib_python3_12_site-packages["site-packages"]\n    node_venv_lib_python3_12_site-packages --> node_venv_lib_python3_12_site-packages_PyQt6["PyQt6"]\n    node_venv_lib_python3_12_site-packages_PyQt6 --> node_venv_lib_python3_12_site-packages_PyQt6_Qt6["Qt6"]\n    node_venv_lib_python3_12_site-packages_PyQt6_Qt6 --> node_venv_lib_python3_12_site-packages_PyQt6_Qt6_qml["qml"]\n    node_venv_lib_python3_12_site-packages_PyQt6_Qt6_qml --> node_venv_lib_python3_12_site-packages_PyQt6_Qt6_qml_QtQuick["QtQuick"]\n    node_venv_lib_python3_12_site-packages_PyQt6_Qt6_qml_QtQuick --> node_venv_lib_python3_12_site-packages_PyQt6_Qt6_qml_QtQuick_Controls["Controls"]\n    node_venv_lib_python3_12_site-packages_PyQt6_Qt6_qml_QtQuick_Controls --> node_venv_lib_python3_12_site-packages_PyQt6_Qt6_qml_QtQuick_Controls_Imagine["Imagine"]\n    node_venv_lib_python3_12_site-packages_PyQt6_Qt6_qml_QtQuick_Controls_Imagine --> node_venv_lib_python3_12_site-packages_PyQt6_Qt6_qml_QtQuick_Controls_Imagine_HorizontalHeaderView_qml["HorizontalHeaderView.qml"]\n    Root --> node_venv["venv"]\n    node_venv --> node_venv_lib["lib"]\n    node_venv_lib --> node_venv_lib_python3_12["python3.12"]\n    node_venv_lib_python3_12 --> node_venv_lib_python3_12_site-packages["site-packages"]\n    node_venv_lib_python3_12_site-packages --> node_venv_lib_python3_12_site-packages_PyQt6["PyQt6"]\n    node_venv_lib_python3_12_site-packages_PyQt6 --> node_venv_lib_python3_12_site-packages_PyQt6_Qt6["Qt6"]\n    node_venv_lib_python3_12_site-packages_PyQt6_Qt6 --> node_venv_lib_python3_12_site-packages_PyQt6_Qt6_qml["qml"]\n    node_venv_lib_python3_12_site-packages_PyQt6_Qt6_qml --> node_venv_lib_python3_12_site-packages_PyQt6_Qt6_qml_QtQuick["QtQuick"]\n    node_venv_lib_python3_12_site-packages_PyQt6_Qt6_qml_QtQuick --> node_venv_lib_python3_12_site-packages_PyQt6_Qt6_qml_QtQuick_Controls["Controls"]\n    node_venv_lib_python3_12_site-packages_PyQt6_Qt6_qml_QtQuick_Controls --> node_venv_lib_python3_12_site-packages_PyQt6_Qt6_qml_QtQuick_Controls_Imagine["Imagine"]\n    node_venv_lib_python3_12_site-packages_PyQt6_Qt6_qml_QtQuick_Controls_Imagine --> node_venv_lib_python3_12_site-packages_PyQt6_Qt6_qml_QtQuick_Controls_Imagine_HorizontalHeaderViewDelegate_qml["HorizontalHeaderViewDelegate.qml"]\n    Root --> node_venv["venv"]\n    node_venv --> node_venv_lib["lib"]\n    node_venv_lib --> node_venv_lib_python3_12["python3.12"]\n    node_venv_lib_python3_12 --> node_venv_lib_python3_12_site-packages["site-packages"]\n    node_venv_lib_python3_12_site-packages --> node_venv_lib_python3_12_site-packages_PyQt6["PyQt6"]\n    node_venv_lib_python3_12_site-packages_PyQt6 --> node_venv_lib_python3_12_site-packages_PyQt6_Qt6["Qt6"]\n    node_venv_lib_python3_12_site-packages_PyQt6_Qt6 --> node_venv_lib_python3_12_site-packages_PyQt6_Qt6_qml["qml"]\n    node_venv_lib_python3_12_site-packages_PyQt6_Qt6_qml --> node_venv_lib_python3_12_site-packages_PyQt6_Qt6_qml_QtQuick["QtQuick"]\n    node_venv_lib_python3_12_site-packages_PyQt6_Qt6_qml_QtQuick --> node_venv_lib_python3_12_site-packages_PyQt6_Qt6_qml_QtQuick_Controls["Controls"]\n    node_venv_lib_python3_12_site-packages_PyQt6_Qt6_qml_QtQuick_Controls --> node_venv_lib_python3_12_site-packages_PyQt6_Qt6_qml_QtQuick_Controls_Imagine["Imagine"]\n    node_venv_lib_python3_12_site-packages_PyQt6_Qt6_qml_QtQuick_Controls_Imagine --> node_venv_lib_python3_12_site-packages_PyQt6_Qt6_qml_QtQuick_Controls_Imagine_ItemDelegate_qml["ItemDelegate.qml"]\n    Root --> node_venv["venv"]\n    node_venv --> node_venv_lib["lib"]\n    node_venv_lib --> node_venv_lib_python3_12["python3.12"]\n    node_venv_lib_python3_12 --> node_venv_lib_python3_12_site-packages["site-packages"]\n    node_venv_lib_python3_12_site-packages --> node_venv_lib_python3_12_site-packages_PyQt6["PyQt6"]\n    node_venv_lib_python3_12_site-packages_PyQt6 --> node_venv_lib_python3_12_site-packages_PyQt6_Qt6["Qt6"]\n    node_venv_lib_python3_12_site-packages_PyQt6_Qt6 --> node_venv_lib_python3_12_site-packages_PyQt6_Qt6_qml["qml"]\n    node_venv_lib_python3_12_site-packages_PyQt6_Qt6_qml --> node_venv_lib_python3_12_site-packages_PyQt6_Qt6_qml_QtQuick["QtQuick"]\n    node_venv_lib_python3_12_site-packages_PyQt6_Qt6_qml_QtQuick --> node_venv_lib_python3_12_site-packages_PyQt6_Qt6_qml_QtQuick_Controls["Controls"]\n    node_venv_lib_python3_12_site-packages_PyQt6_Qt6_qml_QtQuick_Controls --> node_venv_lib_python3_12_site-packages_PyQt6_Qt6_qml_QtQuick_Controls_Imagine["Imagine"]\n    node_venv_lib_python3_12_site-packages_PyQt6_Qt6_qml_QtQuick_Controls_Imagine --> node_venv_lib_python3_12_site-packages_PyQt6_Qt6_qml_QtQuick_Controls_Imagine_Label_qml["Label.qml"]\n    Root --> node_venv["venv"]\n    node_venv --> node_venv_lib["lib"]\n    node_venv_lib --> node_venv_lib_python3_12["python3.12"]\n    node_venv_lib_python3_12 --> node_venv_lib_python3_12_site-packages["site-packages"]\n    node_venv_lib_python3_12_site-packages --> node_venv_lib_python3_12_site-packages_PyQt6["PyQt6"]\n    node_venv_lib_python3_12_site-packages_PyQt6 --> node_venv_lib_python3_12_site-packages_PyQt6_Qt6["Qt6"]\n    node_venv_lib_python3_12_site-packages_PyQt6_Qt6 --> node_venv_lib_python3_12_site-packages_PyQt6_Qt6_qml["qml"]\n    node_venv_lib_python3_12_site-packages_PyQt6_Qt6_qml --> node_venv_lib_python3_12_site-packages_PyQt6_Qt6_qml_QtQuick["QtQuick"]\n    node_venv_lib_python3_12_site-packages_PyQt6_Qt6_qml_QtQuick --> node_venv_lib_python3_12_site-packages_PyQt6_Qt6_qml_QtQuick_Controls["Controls"]\n    node_venv_lib_python3_12_site-packages_PyQt6_Qt6_qml_QtQuick_Controls --> node_venv_lib_python3_12_site-packages_PyQt6_Qt6_qml_QtQuick_Controls_Imagine["Imagine"]\n    node_venv_lib_python3_12_site-packages_PyQt6_Qt6_qml_QtQuick_Controls_Imagine --> node_venv_lib_python3_12_site-packages_PyQt6_Qt6_qml_QtQuick_Controls_Imagine_Menu_qml["Menu.qml"]\n    Root --> node_venv["venv"]\n    node_venv --> node_venv_lib["lib"]\n    node_venv_lib --> node_venv_lib_python3_12["python3.12"]\n    node_venv_lib_python3_12 --> node_venv_lib_python3_12_site-packages["site-packages"]\n    node_venv_lib_python3_12_site-packages --> node_venv_lib_python3_12_site-packages_PyQt6["PyQt6"]\n    node_venv_lib_python3_12_site-packages_PyQt6 --> node_venv_lib_python3_12_site-packages_PyQt6_Qt6["Qt6"]\n    node_venv_lib_python3_12_site-packages_PyQt6_Qt6 --> node_venv_lib_python3_12_site-packages_PyQt6_Qt6_qml["qml"]\n    node_venv_lib_python3_12_site-packages_PyQt6_Qt6_qml --> node_venv_lib_python3_12_site-packages_PyQt6_Qt6_qml_QtQuick["QtQuick"]\n    node_venv_lib_python3_12_site-packages_PyQt6_Qt6_qml_QtQuick --> node_venv_lib_python3_12_site-packages_PyQt6_Qt6_qml_QtQuick_Controls["Controls"]\n    node_venv_lib_python3_12_site-packages_PyQt6_Qt6_qml_QtQuick_Controls --> node_venv_lib_python3_12_site-packages_PyQt6_Qt6_qml_QtQuick_Controls_Imagine["Imagine"]\n    node_venv_lib_python3_12_site-packages_PyQt6_Qt6_qml_QtQuick_Controls_Imagine --> node_venv_lib_python3_12_site-packages_PyQt6_Qt6_qml_QtQuick_Controls_Imagine_MenuItem_qml["MenuItem.qml"]\n    Root --> node_venv["venv"]\n    node_venv --> node_venv_lib["lib"]\n    node_venv_lib --> node_venv_lib_python3_12["python3.12"]\n    node_venv_lib_python3_12 --> node_venv_lib_python3_12_site-packages["site-packages"]\n    node_venv_lib_python3_12_site-packages --> node_venv_lib_python3_12_site-packages_PyQt6["PyQt6"]\n    node_venv_lib_python3_12_site-packages_PyQt6 --> node_venv_lib_python3_12_site-packages_PyQt6_Qt6["Qt6"]\n    node_venv_lib_python3_12_site-packages_PyQt6_Qt6 --> node_venv_lib_python3_12_site-packages_PyQt6_Qt6_qml["qml"]\n    node_venv_lib_python3_12_site-packages_PyQt6_Qt6_qml --> node_venv_lib_python3_12_site-packages_PyQt6_Qt6_qml_QtQuick["QtQuick"]\n    node_venv_lib_python3_12_site-packages_PyQt6_Qt6_qml_QtQuick --> node_venv_lib_python3_12_site-packages_PyQt6_Qt6_qml_QtQuick_Controls["Controls"]\n    node_venv_lib_python3_12_site-packages_PyQt6_Qt6_qml_QtQuick_Controls --> node_venv_lib_python3_12_site-packages_PyQt6_Qt6_qml_QtQuick_Controls_Imagine["Imagine"]\n    node_venv_lib_python3_12_site-packages_PyQt6_Qt6_qml_QtQuick_Controls_Imagine --> node_venv_lib_python3_12_site-packages_PyQt6_Qt6_qml_QtQuick_Controls_Imagine_MenuSeparator_qml["MenuSeparator.qml"]\n    Root --> node_venv["venv"]\n    node_venv --> node_venv_lib["lib"]\n    node_venv_lib --> node_venv_lib_python3_12["python3.12"]\n    node_venv_lib_python3_12 --> node_venv_lib_python3_12_site-packages["site-packages"]\n    node_venv_lib_python3_12_site-packages --> node_venv_lib_python3_12_site-packages_PyQt6["PyQt6"]\n    node_venv_lib_python3_12_site-packages_PyQt6 --> node_venv_lib_python3_12_site-packages_PyQt6_Qt6["Qt6"]\n    node_venv_lib_python3_12_site-packages_PyQt6_Qt6 --> node_venv_lib_python3_12_site-packages_PyQt6_Qt6_qml["qml"]\n    node_venv_lib_python3_12_site-packages_PyQt6_Qt6_qml --> node_venv_lib_python3_12_site-packages_PyQt6_Qt6_qml_QtQuick["QtQuick"]\n    node_venv_lib_python3_12_site-packages_PyQt6_Qt6_qml_QtQuick --> node_venv_lib_python3_12_site-packages_PyQt6_Qt6_qml_QtQuick_Controls["Controls"]\n    node_venv_lib_python3_12_site-packages_PyQt6_Qt6_qml_QtQuick_Controls --> node_venv_lib_python3_12_site-packages_PyQt6_Qt6_qml_QtQuick_Controls_Imagine["Imagine"]\n    node_venv_lib_python3_12_site-packages_PyQt6_Qt6_qml_QtQuick_Controls_Imagine --> node_venv_lib_python3_12_site-packages_PyQt6_Qt6_qml_QtQuick_Controls_Imagine_Page_qml["Page.qml"]\n    Root --> node_venv["venv"]\n    node_venv --> node_venv_lib["lib"]\n    node_venv_lib --> node_venv_lib_python3_12["python3.12"]\n    node_venv_lib_python3_12 --> node_venv_lib_python3_12_site-packages["site-packages"]\n    node_venv_lib_python3_12_site-packages --> node_venv_lib_python3_12_site-packages_PyQt6["PyQt6"]\n    node_venv_lib_python3_12_site-packages_PyQt6 --> node_venv_lib_python3_12_site-packages_PyQt6_Qt6["Qt6"]\n    node_venv_lib_python3_12_site-packages_PyQt6_Qt6 --> node_venv_lib_python3_12_site-packages_PyQt6_Qt6_qml["qml"]\n    node_venv_lib_python3_12_site-packages_PyQt6_Qt6_qml --> node_venv_lib_python3_12_site-packages_PyQt6_Qt6_qml_QtQuick["QtQuick"]\n    node_venv_lib_python3_12_site-packages_PyQt6_Qt6_qml_QtQuick --> node_venv_lib_python3_12_site-packages_PyQt6_Qt6_qml_QtQuick_Controls["Controls"]\n    node_venv_lib_python3_12_site-packages_PyQt6_Qt6_qml_QtQuick_Controls --> node_venv_lib_python3_12_site-packages_PyQt6_Qt6_qml_QtQuick_Controls_Imagine["Imagine"]\n    node_venv_lib_python3_12_site-packages_PyQt6_Qt6_qml_QtQuick_Controls_Imagine --> node_venv_lib_python3_12_site-packages_PyQt6_Qt6_qml_QtQuick_Controls_Imagine_PageIndicator_qml["PageIndicator.qml"]\n    Root --> node_venv["venv"]\n    node_venv --> node_venv_lib["lib"]\n    node_venv_lib --> node_venv_lib_python3_12["python3.12"]\n    node_venv_lib_python3_12 --> node_venv_lib_python3_12_site-packages["site-packages"]\n    node_venv_lib_python3_12_site-packages --> node_venv_lib_python3_12_site-packages_PyQt6["PyQt6"]\n    node_venv_lib_python3_12_site-packages_PyQt6 --> node_venv_lib_python3_12_site-packages_PyQt6_Qt6["Qt6"]\n    node_venv_lib_python3_12_site-packages_PyQt6_Qt6 --> node_venv_lib_python3_12_site-packages_PyQt6_Qt6_qml["qml"]\n    node_venv_lib_python3_12_site-packages_PyQt6_Qt6_qml --> node_venv_lib_python3_12_site-packages_PyQt6_Qt6_qml_QtQuick["QtQuick"]\n    node_venv_lib_python3_12_site-packages_PyQt6_Qt6_qml_QtQuick --> node_venv_lib_python3_12_site-packages_PyQt6_Qt6_qml_QtQuick_Controls["Controls"]\n    node_venv_lib_python3_12_site-packages_PyQt6_Qt6_qml_QtQuick_Controls --> node_venv_lib_python3_12_site-packages_PyQt6_Qt6_qml_QtQuick_Controls_Imagine["Imagine"]\n    node_venv_lib_python3_12_site-packages_PyQt6_Qt6_qml_QtQuick_Controls_Imagine --> node_venv_lib_python3_12_site-packages_PyQt6_Qt6_qml_QtQuick_Controls_Imagine_Pane_qml["Pane.qml"]\n    Root --> node_venv["venv"]\n    node_venv --> node_venv_lib["lib"]\n    node_venv_lib --> node_venv_lib_python3_12["python3.12"]\n    node_venv_lib_python3_12 --> node_venv_lib_python3_12_site-packages["site-packages"]\n    node_venv_lib_python3_12_site-packages --> node_venv_lib_python3_12_site-packages_PyQt6["PyQt6"]\n    node_venv_lib_python3_12_site-packages_PyQt6 --> node_venv_lib_python3_12_site-packages_PyQt6_Qt6["Qt6"]\n    node_venv_lib_python3_12_site-packages_PyQt6_Qt6 --> node_venv_lib_python3_12_site-packages_PyQt6_Qt6_qml["qml"]\n    node_venv_lib_python3_12_site-packages_PyQt6_Qt6_qml --> node_venv_lib_python3_12_site-packages_PyQt6_Qt6_qml_QtQuick["QtQuick"]\n    node_venv_lib_python3_12_site-packages_PyQt6_Qt6_qml_QtQuick --> node_venv_lib_python3_12_site-packages_PyQt6_Qt6_qml_QtQuick_Controls["Controls"]\n    node_venv_lib_python3_12_site-packages_PyQt6_Qt6_qml_QtQuick_Controls --> node_venv_lib_python3_12_site-packages_PyQt6_Qt6_qml_QtQuick_Controls_Imagine["Imagine"]\n    node_venv_lib_python3_12_site-packages_PyQt6_Qt6_qml_QtQuick_Controls_Imagine --> node_venv_lib_python3_12_site-packages_PyQt6_Qt6_qml_QtQuick_Controls_Imagine_Popup_qml["Popup.qml"]\n    Root --> node_venv["venv"]\n    node_venv --> node_venv_lib["lib"]\n    node_venv_lib --> node_venv_lib_python3_12["python3.12"]\n    node_venv_lib_python3_12 --> node_venv_lib_python3_12_site-packages["site-packages"]\n    node_venv_lib_python3_12_site-packages --> node_venv_lib_python3_12_site-packages_PyQt6["PyQt6"]\n    node_venv_lib_python3_12_site-packages_PyQt6 --> node_venv_lib_python3_12_site-packages_PyQt6_Qt6["Qt6"]\n    node_venv_lib_python3_12_site-packages_PyQt6_Qt6 --> node_venv_lib_python3_12_site-packages_PyQt6_Qt6_qml["qml"]\n    node_venv_lib_python3_12_site-packages_PyQt6_Qt6_qml --> node_venv_lib_python3_12_site-packages_PyQt6_Qt6_qml_QtQuick["QtQuick"]\n    node_venv_lib_python3_12_site-packages_PyQt6_Qt6_qml_QtQuick --> node_venv_lib_python3_12_site-packages_PyQt6_Qt6_qml_QtQuick_Controls["Controls"]\n    node_venv_lib_python3_12_site-packages_PyQt6_Qt6_qml_QtQuick_Controls --> node_venv_lib_python3_12_site-packages_PyQt6_Qt6_qml_QtQuick_Controls_Imagine["Imagine"]\n    node_venv_lib_python3_12_site-packages_PyQt6_Qt6_qml_QtQuick_Controls_Imagine --> node_venv_lib_python3_12_site-packages_PyQt6_Qt6_qml_QtQuick_Controls_Imagine_ProgressBar_qml["ProgressBar.qml"]\n    Root --> node_venv["venv"]\n    node_venv --> node_venv_lib["lib"]\n    node_venv_lib --> node_venv_lib_python3_12["python3.12"]\n    node_venv_lib_python3_12 --> node_venv_lib_python3_12_site-packages["site-packages"]\n    node_venv_lib_python3_12_site-packages --> node_venv_lib_python3_12_site-packages_PyQt6["PyQt6"]\n    node_venv_lib_python3_12_site-packages_PyQt6 --> node_venv_lib_python3_12_site-packages_PyQt6_Qt6["Qt6"]\n    node_venv_lib_python3_12_site-packages_PyQt6_Qt6 --> node_venv_lib_python3_12_site-packages_PyQt6_Qt6_qml["qml"]\n    node_venv_lib_python3_12_site-packages_PyQt6_Qt6_qml --> node_venv_lib_python3_12_site-packages_PyQt6_Qt6_qml_QtQuick["QtQuick"]\n    node_venv_lib_python3_12_site-packages_PyQt6_Qt6_qml_QtQuick --> node_venv_lib_python3_12_site-packages_PyQt6_Qt6_qml_QtQuick_Controls["Controls"]\n    node_venv_lib_python3_12_site-packages_PyQt6_Qt6_qml_QtQuick_Controls --> node_venv_lib_python3_12_site-packages_PyQt6_Qt6_qml_QtQuick_Controls_Imagine["Imagine"]\n    node_venv_lib_python3_12_site-packages_PyQt6_Qt6_qml_QtQuick_Controls_Imagine --> node_venv_lib_python3_12_site-packages_PyQt6_Qt6_qml_QtQuick_Controls_Imagine_RadioButton_qml["RadioButton.qml"]\n    Root --> node_venv["venv"]\n    node_venv --> node_venv_lib["lib"]\n    node_venv_lib --> node_venv_lib_python3_12["python3.12"]\n    node_venv_lib_python3_12 --> node_venv_lib_python3_12_site-packages["site-packages"]\n    node_venv_lib_python3_12_site-packages --> node_venv_lib_python3_12_site-packages_PyQt6["PyQt6"]\n    node_venv_lib_python3_12_site-packages_PyQt6 --> node_venv_lib_python3_12_site-packages_PyQt6_Qt6["Qt6"]\n    node_venv_lib_python3_12_site-packages_PyQt6_Qt6 --> node_venv_lib_python3_12_site-packages_PyQt6_Qt6_qml["qml"]\n    node_venv_lib_python3_12_site-packages_PyQt6_Qt6_qml --> node_venv_lib_python3_12_site-packages_PyQt6_Qt6_qml_QtQuick["QtQuick"]\n    node_venv_lib_python3_12_site-packages_PyQt6_Qt6_qml_QtQuick --> node_venv_lib_python3_12_site-packages_PyQt6_Qt6_qml_QtQuick_Controls["Controls"]\n    node_venv_lib_python3_12_site-packages_PyQt6_Qt6_qml_QtQuick_Controls --> node_venv_lib_python3_12_site-packages_PyQt6_Qt6_qml_QtQuick_Controls_Imagine["Imagine"]\n    node_venv_lib_python3_12_site-packages_PyQt6_Qt6_qml_QtQuick_Controls_Imagine --> node_venv_lib_python3_12_site-packages_PyQt6_Qt6_qml_QtQuick_Controls_Imagine_RadioDelegate_qml["RadioDelegate.qml"]\n    Root --> node_venv["venv"]\n    node_venv --> node_venv_lib["lib"]\n    node_venv_lib --> node_venv_lib_python3_12["python3.12"]\n    node_venv_lib_python3_12 --> node_venv_lib_python3_12_site-packages["site-packages"]\n    node_venv_lib_python3_12_site-packages --> node_venv_lib_python3_12_site-packages_PyQt6["PyQt6"]\n    node_venv_lib_python3_12_site-packages_PyQt6 --> node_venv_lib_python3_12_site-packages_PyQt6_Qt6["Qt6"]\n    node_venv_lib_python3_12_site-packages_PyQt6_Qt6 --> node_venv_lib_python3_12_site-packages_PyQt6_Qt6_qml["qml"]\n    node_venv_lib_python3_12_site-packages_PyQt6_Qt6_qml --> node_venv_lib_python3_12_site-packages_PyQt6_Qt6_qml_QtQuick["QtQuick"]\n    node_venv_lib_python3_12_site-packages_PyQt6_Qt6_qml_QtQuick --> node_venv_lib_python3_12_site-packages_PyQt6_Qt6_qml_QtQuick_Controls["Controls"]\n    node_venv_lib_python3_12_site-packages_PyQt6_Qt6_qml_QtQuick_Controls --> node_venv_lib_python3_12_site-packages_PyQt6_Qt6_qml_QtQuick_Controls_Imagine["Imagine"]\n    node_venv_lib_python3_12_site-packages_PyQt6_Qt6_qml_QtQuick_Controls_Imagine --> node_venv_lib_python3_12_site-packages_PyQt6_Qt6_qml_QtQuick_Controls_Imagine_RangeSlider_qml["RangeSlider.qml"]\n    Root --> node_venv["venv"]\n    node_venv --> node_venv_lib["lib"]\n    node_venv_lib --> node_venv_lib_python3_12["python3.12"]\n    node_venv_lib_python3_12 --> node_venv_lib_python3_12_site-packages["site-packages"]\n    node_venv_lib_python3_12_site-packages --> node_venv_lib_python3_12_site-packages_PyQt6["PyQt6"]\n    node_venv_lib_python3_12_site-packages_PyQt6 --> node_venv_lib_python3_12_site-packages_PyQt6_Qt6["Qt6"]\n    node_venv_lib_python3_12_site-packages_PyQt6_Qt6 --> node_venv_lib_python3_12_site-packages_PyQt6_Qt6_qml["qml"]\n    node_venv_lib_python3_12_site-packages_PyQt6_Qt6_qml --> node_venv_lib_python3_12_site-packages_PyQt6_Qt6_qml_QtQuick["QtQuick"]\n    node_venv_lib_python3_12_site-packages_PyQt6_Qt6_qml_QtQuick --> node_venv_lib_python3_12_site-packages_PyQt6_Qt6_qml_QtQuick_Controls["Controls"]\n    node_venv_lib_python3_12_site-packages_PyQt6_Qt6_qml_QtQuick_Controls --> node_venv_lib_python3_12_site-packages_PyQt6_Qt6_qml_QtQuick_Controls_Imagine["Imagine"]\n    node_venv_lib_python3_12_site-packages_PyQt6_Qt6_qml_QtQuick_Controls_Imagine --> node_venv_lib_python3_12_site-packages_PyQt6_Qt6_qml_QtQuick_Controls_Imagine_RoundButton_qml["RoundButton.qml"]\n    Root --> node_venv["venv"]\n    node_venv --> node_venv_lib["lib"]\n    node_venv_lib --> node_venv_lib_python3_12["python3.12"]\n    node_venv_lib_python3_12 --> node_venv_lib_python3_12_site-packages["site-packages"]\n    node_venv_lib_python3_12_site-packages --> node_venv_lib_python3_12_site-packages_PyQt6["PyQt6"]\n    node_venv_lib_python3_12_site-packages_PyQt6 --> node_venv_lib_python3_12_site-packages_PyQt6_Qt6["Qt6"]\n    node_venv_lib_python3_12_site-packages_PyQt6_Qt6 --> node_venv_lib_python3_12_site-packages_PyQt6_Qt6_qml["qml"]\n    node_venv_lib_python3_12_site-packages_PyQt6_Qt6_qml --> node_venv_lib_python3_12_site-packages_PyQt6_Qt6_qml_QtQuick["QtQuick"]\n    node_venv_lib_python3_12_site-packages_PyQt6_Qt6_qml_QtQuick --> node_venv_lib_python3_12_site-packages_PyQt6_Qt6_qml_QtQuick_Controls["Controls"]\n    node_venv_lib_python3_12_site-packages_PyQt6_Qt6_qml_QtQuick_Controls --> node_venv_lib_python3_12_site-packages_PyQt6_Qt6_qml_QtQuick_Controls_Imagine["Imagine"]\n    node_venv_lib_python3_12_site-packages_PyQt6_Qt6_qml_QtQuick_Controls_Imagine --> node_venv_lib_python3_12_site-packages_PyQt6_Qt6_qml_QtQuick_Controls_Imagine_ScrollBar_qml["ScrollBar.qml"]\n    Root --> node_venv["venv"]\n    node_venv --> node_venv_lib["lib"]\n    node_venv_lib --> node_venv_lib_python3_12["python3.12"]\n    node_venv_lib_python3_12 --> node_venv_lib_python3_12_site-packages["site-packages"]\n    node_venv_lib_python3_12_site-packages --> node_venv_lib_python3_12_site-packages_PyQt6["PyQt6"]\n    node_venv_lib_python3_12_site-packages_PyQt6 --> node_venv_lib_python3_12_site-packages_PyQt6_Qt6["Qt6"]\n    node_venv_lib_python3_12_site-packages_PyQt6_Qt6 --> node_venv_lib_python3_12_site-packages_PyQt6_Qt6_qml["qml"]\n    node_venv_lib_python3_12_site-packages_PyQt6_Qt6_qml --> node_venv_lib_python3_12_site-packages_PyQt6_Qt6_qml_QtQuick["QtQuick"]\n    node_venv_lib_python3_12_site-packages_PyQt6_Qt6_qml_QtQuick --> node_venv_lib_python3_12_site-packages_PyQt6_Qt6_qml_QtQuick_Controls["Controls"]\n    node_venv_lib_python3_12_site-packages_PyQt6_Qt6_qml_QtQuick_Controls --> node_venv_lib_python3_12_site-packages_PyQt6_Qt6_qml_QtQuick_Controls_Imagine["Imagine"]\n    node_venv_lib_python3_12_site-packages_PyQt6_Qt6_qml_QtQuick_Controls_Imagine --> node_venv_lib_python3_12_site-packages_PyQt6_Qt6_qml_QtQuick_Controls_Imagine_ScrollIndicator_qml["ScrollIndicator.qml"]\n    Root --> node_venv["venv"]\n    node_venv --> node_venv_lib["lib"]\n    node_venv_lib --> node_venv_lib_python3_12["python3.12"]\n    node_venv_lib_python3_12 --> node_venv_lib_python3_12_site-packages["site-packages"]\n    node_venv_lib_python3_12_site-packages --> node_venv_lib_python3_12_site-packages_PyQt6["PyQt6"]\n    node_venv_lib_python3_12_site-packages_PyQt6 --> node_venv_lib_python3_12_site-packages_PyQt6_Qt6["Qt6"]\n    node_venv_lib_python3_12_site-packages_PyQt6_Qt6 --> node_venv_lib_python3_12_site-packages_PyQt6_Qt6_qml["qml"]\n    node_venv_lib_python3_12_site-packages_PyQt6_Qt6_qml --> node_venv_lib_python3_12_site-packages_PyQt6_Qt6_qml_QtQuick["QtQuick"]\n    node_venv_lib_python3_12_site-packages_PyQt6_Qt6_qml_QtQuick --> node_venv_lib_python3_12_site-packages_PyQt6_Qt6_qml_QtQuick_Controls["Controls"]\n    node_venv_lib_python3_12_site-packages_PyQt6_Qt6_qml_QtQuick_Controls --> node_venv_lib_python3_12_site-packages_PyQt6_Qt6_qml_QtQuick_Controls_Imagine["Imagine"]\n    node_venv_lib_python3_12_site-packages_PyQt6_Qt6_qml_QtQuick_Controls_Imagine --> node_venv_lib_python3_12_site-packages_PyQt6_Qt6_qml_QtQuick_Controls_Imagine_ScrollView_qml["ScrollView.qml"]\n    Root --> node_venv["venv"]\n    node_venv --> node_venv_lib["lib"]\n    node_venv_lib --> node_venv_lib_python3_12["python3.12"]\n    node_venv_lib_python3_12 --> node_venv_lib_python3_12_site-packages["site-packages"]\n    node_venv_lib_python3_12_site-packages --> node_venv_lib_python3_12_site-packages_PyQt6["PyQt6"]\n    node_venv_lib_python3_12_site-packages_PyQt6 --> node_venv_lib_python3_12_site-packages_PyQt6_Qt6["Qt6"]\n    node_venv_lib_python3_12_site-packages_PyQt6_Qt6 --> node_venv_lib_python3_12_site-packages_PyQt6_Qt6_qml["qml"]\n    node_venv_lib_python3_12_site-packages_PyQt6_Qt6_qml --> node_venv_lib_python3_12_site-packages_PyQt6_Qt6_qml_QtQuick["QtQuick"]\n    node_venv_lib_python3_12_site-packages_PyQt6_Qt6_qml_QtQuick --> node_venv_lib_python3_12_site-packages_PyQt6_Qt6_qml_QtQuick_Controls["Controls"]\n    node_venv_lib_python3_12_site-packages_PyQt6_Qt6_qml_QtQuick_Controls --> node_venv_lib_python3_12_site-packages_PyQt6_Qt6_qml_QtQuick_Controls_Imagine["Imagine"]\n    node_venv_lib_python3_12_site-packages_PyQt6_Qt6_qml_QtQuick_Controls_Imagine --> node_venv_lib_python3_12_site-packages_PyQt6_Qt6_qml_QtQuick_Controls_Imagine_SearchField_qml["SearchField.qml"]\n    Root --> node_venv["venv"]\n    node_venv --> node_venv_lib["lib"]\n    node_venv_lib --> node_venv_lib_python3_12["python3.12"]\n    node_venv_lib_python3_12 --> node_venv_lib_python3_12_site-packages["site-packages"]\n    node_venv_lib_python3_12_site-packages --> node_venv_lib_python3_12_site-packages_PyQt6["PyQt6"]\n    node_venv_lib_python3_12_site-packages_PyQt6 --> node_venv_lib_python3_12_site-packages_PyQt6_Qt6["Qt6"]\n    node_venv_lib_python3_12_site-packages_PyQt6_Qt6 --> node_venv_lib_python3_12_site-packages_PyQt6_Qt6_qml["qml"]\n    node_venv_lib_python3_12_site-packages_PyQt6_Qt6_qml --> node_venv_lib_python3_12_site-packages_PyQt6_Qt6_qml_QtQuick["QtQuick"]\n    node_venv_lib_python3_12_site-packages_PyQt6_Qt6_qml_QtQuick --> node_venv_lib_python3_12_site-packages_PyQt6_Qt6_qml_QtQuick_Controls["Controls"]\n    node_venv_lib_python3_12_site-packages_PyQt6_Qt6_qml_QtQuick_Controls --> node_venv_lib_python3_12_site-packages_PyQt6_Qt6_qml_QtQuick_Controls_Imagine["Imagine"]\n    node_venv_lib_python3_12_site-packages_PyQt6_Qt6_qml_QtQuick_Controls_Imagine --> node_venv_lib_python3_12_site-packages_PyQt6_Qt6_qml_QtQuick_Controls_Imagine_SelectionRectangle_qml["SelectionRectangle.qml"]\n    Root --> node_venv["venv"]\n    node_venv --> node_venv_lib["lib"]\n    node_venv_lib --> node_venv_lib_python3_12["python3.12"]\n    node_venv_lib_python3_12 --> node_venv_lib_python3_12_site-packages["site-packages"]\n    node_venv_lib_python3_12_site-packages --> node_venv_lib_python3_12_site-packages_PyQt6["PyQt6"]\n    node_venv_lib_python3_12_site-packages_PyQt6 --> node_venv_lib_python3_12_site-packages_PyQt6_Qt6["Qt6"]\n    node_venv_lib_python3_12_site-packages_PyQt6_Qt6 --> node_venv_lib_python3_12_site-packages_PyQt6_Qt6_qml["qml"]\n    node_venv_lib_python3_12_site-packages_PyQt6_Qt6_qml --> node_venv_lib_python3_12_site-packages_PyQt6_Qt6_qml_QtQuick["QtQuick"]\n    node_venv_lib_python3_12_site-packages_PyQt6_Qt6_qml_QtQuick --> node_venv_lib_python3_12_site-packages_PyQt6_Qt6_qml_QtQuick_Controls["Controls"]\n    node_venv_lib_python3_12_site-packages_PyQt6_Qt6_qml_QtQuick_Controls --> node_venv_lib_python3_12_site-packages_PyQt6_Qt6_qml_QtQuick_Controls_Imagine["Imagine"]\n    node_venv_lib_python3_12_site-packages_PyQt6_Qt6_qml_QtQuick_Controls_Imagine --> node_venv_lib_python3_12_site-packages_PyQt6_Qt6_qml_QtQuick_Controls_Imagine_Slider_qml["Slider.qml"]\n    Root --> node_venv["venv"]\n    node_venv --> node_venv_lib["lib"]\n    node_venv_lib --> node_venv_lib_python3_12["python3.12"]\n    node_venv_lib_python3_12 --> node_venv_lib_python3_12_site-packages["site-packages"]\n    node_venv_lib_python3_12_site-packages --> node_venv_lib_python3_12_site-packages_PyQt6["PyQt6"]\n    node_venv_lib_python3_12_site-packages_PyQt6 --> node_venv_lib_python3_12_site-packages_PyQt6_Qt6["Qt6"]\n    node_venv_lib_python3_12_site-packages_PyQt6_Qt6 --> node_venv_lib_python3_12_site-packages_PyQt6_Qt6_qml["qml"]\n    node_venv_lib_python3_12_site-packages_PyQt6_Qt6_qml --> node_venv_lib_python3_12_site-packages_PyQt6_Qt6_qml_QtQuick["QtQuick"]\n    node_venv_lib_python3_12_site-packages_PyQt6_Qt6_qml_QtQuick --> node_venv_lib_python3_12_site-packages_PyQt6_Qt6_qml_QtQuick_Controls["Controls"]\n    node_venv_lib_python3_12_site-packages_PyQt6_Qt6_qml_QtQuick_Controls --> node_venv_lib_python3_12_site-packages_PyQt6_Qt6_qml_QtQuick_Controls_Imagine["Imagine"]\n    node_venv_lib_python3_12_site-packages_PyQt6_Qt6_qml_QtQuick_Controls_Imagine --> node_venv_lib_python3_12_site-packages_PyQt6_Qt6_qml_QtQuick_Controls_Imagine_SpinBox_qml["SpinBox.qml"]\n    Root --> node_venv["venv"]\n    node_venv --> node_venv_lib["lib"]\n    node_venv_lib --> node_venv_lib_python3_12["python3.12"]\n    node_venv_lib_python3_12 --> node_venv_lib_python3_12_site-packages["site-packages"]\n    node_venv_lib_python3_12_site-packages --> node_venv_lib_python3_12_site-packages_PyQt6["PyQt6"]\n    node_venv_lib_python3_12_site-packages_PyQt6 --> node_venv_lib_python3_12_site-packages_PyQt6_Qt6["Qt6"]\n    node_venv_lib_python3_12_site-packages_PyQt6_Qt6 --> node_venv_lib_python3_12_site-packages_PyQt6_Qt6_qml["qml"]\n    node_venv_lib_python3_12_site-packages_PyQt6_Qt6_qml --> node_venv_lib_python3_12_site-packages_PyQt6_Qt6_qml_QtQuick["QtQuick"]\n    node_venv_lib_python3_12_site-packages_PyQt6_Qt6_qml_QtQuick --> node_venv_lib_python3_12_site-packages_PyQt6_Qt6_qml_QtQuick_Controls["Controls"]\n    node_venv_lib_python3_12_site-packages_PyQt6_Qt6_qml_QtQuick_Controls --> node_venv_lib_python3_12_site-packages_PyQt6_Qt6_qml_QtQuick_Controls_Imagine["Imagine"]\n    node_venv_lib_python3_12_site-packages_PyQt6_Qt6_qml_QtQuick_Controls_Imagine --> node_venv_lib_python3_12_site-packages_PyQt6_Qt6_qml_QtQuick_Controls_Imagine_SplitView_qml["SplitView.qml"]\n    Root --> node_venv["venv"]\n    node_venv --> node_venv_lib["lib"]\n    node_venv_lib --> node_venv_lib_python3_12["python3.12"]\n    node_venv_lib_python3_12 --> node_venv_lib_python3_12_site-packages["site-packages"]\n    node_venv_lib_python3_12_site-packages --> node_venv_lib_python3_12_site-packages_PyQt6["PyQt6"]\n    node_venv_lib_python3_12_site-packages_PyQt6 --> node_venv_lib_python3_12_site-packages_PyQt6_Qt6["Qt6"]\n    node_venv_lib_python3_12_site-packages_PyQt6_Qt6 --> node_venv_lib_python3_12_site-packages_PyQt6_Qt6_qml["qml"]\n    node_venv_lib_python3_12_site-packages_PyQt6_Qt6_qml --> node_venv_lib_python3_12_site-packages_PyQt6_Qt6_qml_QtQuick["QtQuick"]\n    node_venv_lib_python3_12_site-packages_PyQt6_Qt6_qml_QtQuick --> node_venv_lib_python3_12_site-packages_PyQt6_Qt6_qml_QtQuick_Controls["Controls"]\n    node_venv_lib_python3_12_site-packages_PyQt6_Qt6_qml_QtQuick_Controls --> node_venv_lib_python3_12_site-packages_PyQt6_Qt6_qml_QtQuick_Controls_Imagine["Imagine"]\n    node_venv_lib_python3_12_site-packages_PyQt6_Qt6_qml_QtQuick_Controls_Imagine --> node_venv_lib_python3_12_site-packages_PyQt6_Qt6_qml_QtQuick_Controls_Imagine_StackView_qml["StackView.qml"]\n    Root --> node_venv["venv"]\n    node_venv --> node_venv_lib["lib"]\n    node_venv_lib --> node_venv_lib_python3_12["python3.12"]\n    node_venv_lib_python3_12 --> node_venv_lib_python3_12_site-packages["site-packages"]\n    node_venv_lib_python3_12_site-packages --> node_venv_lib_python3_12_site-packages_PyQt6["PyQt6"]\n    node_venv_lib_python3_12_site-packages_PyQt6 --> node_venv_lib_python3_12_site-packages_PyQt6_Qt6["Qt6"]\n    node_venv_lib_python3_12_site-packages_PyQt6_Qt6 --> node_venv_lib_python3_12_site-packages_PyQt6_Qt6_qml["qml"]\n    node_venv_lib_python3_12_site-packages_PyQt6_Qt6_qml --> node_venv_lib_python3_12_site-packages_PyQt6_Qt6_qml_QtQuick["QtQuick"]\n    node_venv_lib_python3_12_site-packages_PyQt6_Qt6_qml_QtQuick --> node_venv_lib_python3_12_site-packages_PyQt6_Qt6_qml_QtQuick_Controls["Controls"]\n    node_venv_lib_python3_12_site-packages_PyQt6_Qt6_qml_QtQuick_Controls --> node_venv_lib_python3_12_site-packages_PyQt6_Qt6_qml_QtQuick_Controls_Imagine["Imagine"]\n    node_venv_lib_python3_12_site-packages_PyQt6_Qt6_qml_QtQuick_Controls_Imagine --> node_venv_lib_python3_12_site-packages_PyQt6_Qt6_qml_QtQuick_Controls_Imagine_SwipeDelegate_qml["SwipeDelegate.qml"]\n    Root --> node_venv["venv"]\n    node_venv --> node_venv_lib["lib"]\n    node_venv_lib --> node_venv_lib_python3_12["python3.12"]\n    node_venv_lib_python3_12 --> node_venv_lib_python3_12_site-packages["site-packages"]\n    node_venv_lib_python3_12_site-packages --> node_venv_lib_python3_12_site-packages_PyQt6["PyQt6"]\n    node_venv_lib_python3_12_site-packages_PyQt6 --> node_venv_lib_python3_12_site-packages_PyQt6_Qt6["Qt6"]\n    node_venv_lib_python3_12_site-packages_PyQt6_Qt6 --> node_venv_lib_python3_12_site-packages_PyQt6_Qt6_qml["qml"]\n    node_venv_lib_python3_12_site-packages_PyQt6_Qt6_qml --> node_venv_lib_python3_12_site-packages_PyQt6_Qt6_qml_QtQuick["QtQuick"]\n    node_venv_lib_python3_12_site-packages_PyQt6_Qt6_qml_QtQuick --> node_venv_lib_python3_12_site-packages_PyQt6_Qt6_qml_QtQuick_Controls["Controls"]\n    node_venv_lib_python3_12_site-packages_PyQt6_Qt6_qml_QtQuick_Controls --> node_venv_lib_python3_12_site-packages_PyQt6_Qt6_qml_QtQuick_Controls_Imagine["Imagine"]\n    node_venv_lib_python3_12_site-packages_PyQt6_Qt6_qml_QtQuick_Controls_Imagine --> node_venv_lib_python3_12_site-packages_PyQt6_Qt6_qml_QtQuick_Controls_Imagine_SwipeView_qml["SwipeView.qml"]\n    Root --> node_venv["venv"]\n    node_venv --> node_venv_lib["lib"]\n    node_venv_lib --> node_venv_lib_python3_12["python3.12"]\n    node_venv_lib_python3_12 --> node_venv_lib_python3_12_site-packages["site-packages"]\n    node_venv_lib_python3_12_site-packages --> node_venv_lib_python3_12_site-packages_PyQt6["PyQt6"]\n    node_venv_lib_python3_12_site-packages_PyQt6 --> node_venv_lib_python3_12_site-packages_PyQt6_Qt6["Qt6"]\n    node_venv_lib_python3_12_site-packages_PyQt6_Qt6 --> node_venv_lib_python3_12_site-packages_PyQt6_Qt6_qml["qml"]\n    node_venv_lib_python3_12_site-packages_PyQt6_Qt6_qml --> node_venv_lib_python3_12_site-packages_PyQt6_Qt6_qml_QtQuick["QtQuick"]\n    node_venv_lib_python3_12_site-packages_PyQt6_Qt6_qml_QtQuick --> node_venv_lib_python3_12_site-packages_PyQt6_Qt6_qml_QtQuick_Controls["Controls"]\n    node_venv_lib_python3_12_site-packages_PyQt6_Qt6_qml_QtQuick_Controls --> node_venv_lib_python3_12_site-packages_PyQt6_Qt6_qml_QtQuick_Controls_Imagine["Imagine"]\n    node_venv_lib_python3_12_site-packages_PyQt6_Qt6_qml_QtQuick_Controls_Imagine --> node_venv_lib_python3_12_site-packages_PyQt6_Qt6_qml_QtQuick_Controls_Imagine_Switch_qml["Switch.qml"]\n    Root --> node_venv["venv"]\n    node_venv --> node_venv_lib["lib"]\n    node_venv_lib --> node_venv_lib_python3_12["python3.12"]\n    node_venv_lib_python3_12 --> node_venv_lib_python3_12_site-packages["site-packages"]\n    node_venv_lib_python3_12_site-packages --> node_venv_lib_python3_12_site-packages_PyQt6["PyQt6"]\n    node_venv_lib_python3_12_site-packages_PyQt6 --> node_venv_lib_python3_12_site-packages_PyQt6_Qt6["Qt6"]\n    node_venv_lib_python3_12_site-packages_PyQt6_Qt6 --> node_venv_lib_python3_12_site-packages_PyQt6_Qt6_qml["qml"]\n    node_venv_lib_python3_12_site-packages_PyQt6_Qt6_qml --> node_venv_lib_python3_12_site-packages_PyQt6_Qt6_qml_QtQuick["QtQuick"]\n    node_venv_lib_python3_12_site-packages_PyQt6_Qt6_qml_QtQuick --> node_venv_lib_python3_12_site-packages_PyQt6_Qt6_qml_QtQuick_Controls["Controls"]\n    node_venv_lib_python3_12_site-packages_PyQt6_Qt6_qml_QtQuick_Controls --> node_venv_lib_python3_12_site-packages_PyQt6_Qt6_qml_QtQuick_Controls_Imagine["Imagine"]\n    node_venv_lib_python3_12_site-packages_PyQt6_Qt6_qml_QtQuick_Controls_Imagine --> node_venv_lib_python3_12_site-packages_PyQt6_Qt6_qml_QtQuick_Controls_Imagine_SwitchDelegate_qml["SwitchDelegate.qml"]\n    Root --> node_venv["venv"]\n    node_venv --> node_venv_lib["lib"]\n    node_venv_lib --> node_venv_lib_python3_12["python3.12"]\n    node_venv_lib_python3_12 --> node_venv_lib_python3_12_site-packages["site-packages"]\n    node_venv_lib_python3_12_site-packages --> node_venv_lib_python3_12_site-packages_PyQt6["PyQt6"]\n    node_venv_lib_python3_12_site-packages_PyQt6 --> node_venv_lib_python3_12_site-packages_PyQt6_Qt6["Qt6"]\n    node_venv_lib_python3_12_site-packages_PyQt6_Qt6 --> node_venv_lib_python3_12_site-packages_PyQt6_Qt6_qml["qml"]\n    node_venv_lib_python3_12_site-packages_PyQt6_Qt6_qml --> node_venv_lib_python3_12_site-packages_PyQt6_Qt6_qml_QtQuick["QtQuick"]\n    node_venv_lib_python3_12_site-packages_PyQt6_Qt6_qml_QtQuick --> node_venv_lib_python3_12_site-packages_PyQt6_Qt6_qml_QtQuick_Controls["Controls"]\n    node_venv_lib_python3_12_site-packages_PyQt6_Qt6_qml_QtQuick_Controls --> node_venv_lib_python3_12_site-packages_PyQt6_Qt6_qml_QtQuick_Controls_Imagine["Imagine"]\n    node_venv_lib_python3_12_site-packages_PyQt6_Qt6_qml_QtQuick_Controls_Imagine --> node_venv_lib_python3_12_site-packages_PyQt6_Qt6_qml_QtQuick_Controls_Imagine_TabBar_qml["TabBar.qml"]\n    Root --> node_venv["venv"]\n    node_venv --> node_venv_lib["lib"]\n    node_venv_lib --> node_venv_lib_python3_12["python3.12"]\n    node_venv_lib_python3_12 --> node_venv_lib_python3_12_site-packages["site-packages"]\n    node_venv_lib_python3_12_site-packages --> node_venv_lib_python3_12_site-packages_PyQt6["PyQt6"]\n    node_venv_lib_python3_12_site-packages_PyQt6 --> node_venv_lib_python3_12_site-packages_PyQt6_Qt6["Qt6"]\n    node_venv_lib_python3_12_site-packages_PyQt6_Qt6 --> node_venv_lib_python3_12_site-packages_PyQt6_Qt6_qml["qml"]\n    node_venv_lib_python3_12_site-packages_PyQt6_Qt6_qml --> node_venv_lib_python3_12_site-packages_PyQt6_Qt6_qml_QtQuick["QtQuick"]\n    node_venv_lib_python3_12_site-packages_PyQt6_Qt6_qml_QtQuick --> node_venv_lib_python3_12_site-packages_PyQt6_Qt6_qml_QtQuick_Controls["Controls"]\n    node_venv_lib_python3_12_site-packages_PyQt6_Qt6_qml_QtQuick_Controls --> node_venv_lib_python3_12_site-packages_PyQt6_Qt6_qml_QtQuick_Controls_Imagine["Imagine"]\n    node_venv_lib_python3_12_site-packages_PyQt6_Qt6_qml_QtQuick_Controls_Imagine --> node_venv_lib_python3_12_site-packages_PyQt6_Qt6_qml_QtQuick_Controls_Imagine_TabButton_qml["TabButton.qml"]\n    Root --> node_venv["venv"]\n    node_venv --> node_venv_lib["lib"]\n    node_venv_lib --> node_venv_lib_python3_12["python3.12"]\n    node_venv_lib_python3_12 --> node_venv_lib_python3_12_site-packages["site-packages"]\n    node_venv_lib_python3_12_site-packages --> node_venv_lib_python3_12_site-packages_PyQt6["PyQt6"]\n    node_venv_lib_python3_12_site-packages_PyQt6 --> node_venv_lib_python3_12_site-packages_PyQt6_Qt6["Qt6"]\n    node_venv_lib_python3_12_site-packages_PyQt6_Qt6 --> node_venv_lib_python3_12_site-packages_PyQt6_Qt6_qml["qml"]\n    node_venv_lib_python3_12_site-packages_PyQt6_Qt6_qml --> node_venv_lib_python3_12_site-packages_PyQt6_Qt6_qml_QtQuick["QtQuick"]\n    node_venv_lib_python3_12_site-packages_PyQt6_Qt6_qml_QtQuick --> node_venv_lib_python3_12_site-packages_PyQt6_Qt6_qml_QtQuick_Controls["Controls"]\n    node_venv_lib_python3_12_site-packages_PyQt6_Qt6_qml_QtQuick_Controls --> node_venv_lib_python3_12_site-packages_PyQt6_Qt6_qml_QtQuick_Controls_Imagine["Imagine"]\n    node_venv_lib_python3_12_site-packages_PyQt6_Qt6_qml_QtQuick_Controls_Imagine --> node_venv_lib_python3_12_site-packages_PyQt6_Qt6_qml_QtQuick_Controls_Imagine_TextArea_qml["TextArea.qml"]\n    Root --> node_venv["venv"]\n    node_venv --> node_venv_lib["lib"]\n    node_venv_lib --> node_venv_lib_python3_12["python3.12"]\n    node_venv_lib_python3_12 --> node_venv_lib_python3_12_site-packages["site-packages"]\n    node_venv_lib_python3_12_site-packages --> node_venv_lib_python3_12_site-packages_PyQt6["PyQt6"]\n    node_venv_lib_python3_12_site-packages_PyQt6 --> node_venv_lib_python3_12_site-packages_PyQt6_Qt6["Qt6"]\n    node_venv_lib_python3_12_site-packages_PyQt6_Qt6 --> node_venv_lib_python3_12_site-packages_PyQt6_Qt6_qml["qml"]\n    node_venv_lib_python3_12_site-packages_PyQt6_Qt6_qml --> node_venv_lib_python3_12_site-packages_PyQt6_Qt6_qml_QtQuick["QtQuick"]\n    node_venv_lib_python3_12_site-packages_PyQt6_Qt6_qml_QtQuick --> node_venv_lib_python3_12_site-packages_PyQt6_Qt6_qml_QtQuick_Controls["Controls"]\n    node_venv_lib_python3_12_site-packages_PyQt6_Qt6_qml_QtQuick_Controls --> node_venv_lib_python3_12_site-packages_PyQt6_Qt6_qml_QtQuick_Controls_Imagine["Imagine"]\n    node_venv_lib_python3_12_site-packages_PyQt6_Qt6_qml_QtQuick_Controls_Imagine --> node_venv_lib_python3_12_site-packages_PyQt6_Qt6_qml_QtQuick_Controls_Imagine_TextField_qml["TextField.qml"]\n    Root --> node_venv["venv"]\n    node_venv --> node_venv_lib["lib"]\n    node_venv_lib --> node_venv_lib_python3_12["python3.12"]\n    node_venv_lib_python3_12 --> node_venv_lib_python3_12_site-packages["site-packages"]\n    node_venv_lib_python3_12_site-packages --> node_venv_lib_python3_12_site-packages_PyQt6["PyQt6"]\n    node_venv_lib_python3_12_site-packages_PyQt6 --> node_venv_lib_python3_12_site-packages_PyQt6_Qt6["Qt6"]\n    node_venv_lib_python3_12_site-packages_PyQt6_Qt6 --> node_venv_lib_python3_12_site-packages_PyQt6_Qt6_qml["qml"]\n    node_venv_lib_python3_12_site-packages_PyQt6_Qt6_qml --> node_venv_lib_python3_12_site-packages_PyQt6_Qt6_qml_QtQuick["QtQuick"]\n    node_venv_lib_python3_12_site-packages_PyQt6_Qt6_qml_QtQuick --> node_venv_lib_python3_12_site-packages_PyQt6_Qt6_qml_QtQuick_Controls["Controls"]\n    node_venv_lib_python3_12_site-packages_PyQt6_Qt6_qml_QtQuick_Controls --> node_venv_lib_python3_12_site-packages_PyQt6_Qt6_qml_QtQuick_Controls_Imagine["Imagine"]\n    node_venv_lib_python3_12_site-packages_PyQt6_Qt6_qml_QtQuick_Controls_Imagine --> node_venv_lib_python3_12_site-packages_PyQt6_Qt6_qml_QtQuick_Controls_Imagine_ToolBar_qml["ToolBar.qml"]\n    Root --> node_venv["venv"]\n    node_venv --> node_venv_lib["lib"]\n    node_venv_lib --> node_venv_lib_python3_12["python3.12"]\n    node_venv_lib_python3_12 --> node_venv_lib_python3_12_site-packages["site-packages"]\n    node_venv_lib_python3_12_site-packages --> node_venv_lib_python3_12_site-packages_PyQt6["PyQt6"]\n    node_venv_lib_python3_12_site-packages_PyQt6 --> node_venv_lib_python3_12_site-packages_PyQt6_Qt6["Qt6"]\n    node_venv_lib_python3_12_site-packages_PyQt6_Qt6 --> node_venv_lib_python3_12_site-packages_PyQt6_Qt6_qml["qml"]\n    node_venv_lib_python3_12_site-packages_PyQt6_Qt6_qml --> node_venv_lib_python3_12_site-packages_PyQt6_Qt6_qml_QtQuick["QtQuick"]\n    node_venv_lib_python3_12_site-packages_PyQt6_Qt6_qml_QtQuick --> node_venv_lib_python3_12_site-packages_PyQt6_Qt6_qml_QtQuick_Controls["Controls"]\n    node_venv_lib_python3_12_site-packages_PyQt6_Qt6_qml_QtQuick_Controls --> node_venv_lib_python3_12_site-packages_PyQt6_Qt6_qml_QtQuick_Controls_Imagine["Imagine"]\n    node_venv_lib_python3_12_site-packages_PyQt6_Qt6_qml_QtQuick_Controls_Imagine --> node_venv_lib_python3_12_site-packages_PyQt6_Qt6_qml_QtQuick_Controls_Imagine_ToolButton_qml["ToolButton.qml"]\n    Root --> node_venv["venv"]\n    node_venv --> node_venv_lib["lib"]\n    node_venv_lib --> node_venv_lib_python3_12["python3.12"]\n    node_venv_lib_python3_12 --> node_venv_lib_python3_12_site-packages["site-packages"]\n    node_venv_lib_python3_12_site-packages --> node_venv_lib_python3_12_site-packages_PyQt6["PyQt6"]\n    node_venv_lib_python3_12_site-packages_PyQt6 --> node_venv_lib_python3_12_site-packages_PyQt6_Qt6["Qt6"]\n    node_venv_lib_python3_12_site-packages_PyQt6_Qt6 --> node_venv_lib_python3_12_site-packages_PyQt6_Qt6_qml["qml"]\n    node_venv_lib_python3_12_site-packages_PyQt6_Qt6_qml --> node_venv_lib_python3_12_site-packages_PyQt6_Qt6_qml_QtQuick["QtQuick"]\n    node_venv_lib_python3_12_site-packages_PyQt6_Qt6_qml_QtQuick --> node_venv_lib_python3_12_site-packages_PyQt6_Qt6_qml_QtQuick_Controls["Controls"]\n    node_venv_lib_python3_12_site-packages_PyQt6_Qt6_qml_QtQuick_Controls --> node_venv_lib_python3_12_site-packages_PyQt6_Qt6_qml_QtQuick_Controls_Imagine["Imagine"]\n    node_venv_lib_python3_12_site-packages_PyQt6_Qt6_qml_QtQuick_Controls_Imagine --> node_venv_lib_python3_12_site-packages_PyQt6_Qt6_qml_QtQuick_Controls_Imagine_ToolSeparator_qml["ToolSeparator.qml"]\n    Root --> node_venv["venv"]\n    node_venv --> node_venv_lib["lib"]\n    node_venv_lib --> node_venv_lib_python3_12["python3.12"]\n    node_venv_lib_python3_12 --> node_venv_lib_python3_12_site-packages["site-packages"]\n    node_venv_lib_python3_12_site-packages --> node_venv_lib_python3_12_site-packages_PyQt6["PyQt6"]\n    node_venv_lib_python3_12_site-packages_PyQt6 --> node_venv_lib_python3_12_site-packages_PyQt6_Qt6["Qt6"]\n    node_venv_lib_python3_12_site-packages_PyQt6_Qt6 --> node_venv_lib_python3_12_site-packages_PyQt6_Qt6_qml["qml"]\n    node_venv_lib_python3_12_site-packages_PyQt6_Qt6_qml --> node_venv_lib_python3_12_site-packages_PyQt6_Qt6_qml_QtQuick["QtQuick"]\n    node_venv_lib_python3_12_site-packages_PyQt6_Qt6_qml_QtQuick --> node_venv_lib_python3_12_site-packages_PyQt6_Qt6_qml_QtQuick_Controls["Controls"]\n    node_venv_lib_python3_12_site-packages_PyQt6_Qt6_qml_QtQuick_Controls --> node_venv_lib_python3_12_site-packages_PyQt6_Qt6_qml_QtQuick_Controls_Imagine["Imagine"]\n    node_venv_lib_python3_12_site-packages_PyQt6_Qt6_qml_QtQuick_Controls_Imagine --> node_venv_lib_python3_12_site-packages_PyQt6_Qt6_qml_QtQuick_Controls_Imagine_ToolTip_qml["ToolTip.qml"]\n    Root --> node_venv["venv"]\n    node_venv --> node_venv_lib["lib"]\n    node_venv_lib --> node_venv_lib_python3_12["python3.12"]\n    node_venv_lib_python3_12 --> node_venv_lib_python3_12_site-packages["site-packages"]\n    node_venv_lib_python3_12_site-packages --> node_venv_lib_python3_12_site-packages_PyQt6["PyQt6"]\n    node_venv_lib_python3_12_site-packages_PyQt6 --> node_venv_lib_python3_12_site-packages_PyQt6_Qt6["Qt6"]\n    node_venv_lib_python3_12_site-packages_PyQt6_Qt6 --> node_venv_lib_python3_12_site-packages_PyQt6_Qt6_qml["qml"]\n    node_venv_lib_python3_12_site-packages_PyQt6_Qt6_qml --> node_venv_lib_python3_12_site-packages_PyQt6_Qt6_qml_QtQuick["QtQuick"]\n    node_venv_lib_python3_12_site-packages_PyQt6_Qt6_qml_QtQuick --> node_venv_lib_python3_12_site-packages_PyQt6_Qt6_qml_QtQuick_Controls["Controls"]\n    node_venv_lib_python3_12_site-packages_PyQt6_Qt6_qml_QtQuick_Controls --> node_venv_lib_python3_12_site-packages_PyQt6_Qt6_qml_QtQuick_Controls_Imagine["Imagine"]\n    node_venv_lib_python3_12_site-packages_PyQt6_Qt6_qml_QtQuick_Controls_Imagine --> node_venv_lib_python3_12_site-packages_PyQt6_Qt6_qml_QtQuick_Controls_Imagine_Tumbler_qml["Tumbler.qml"]\n    Root --> node_venv["venv"]\n    node_venv --> node_venv_lib["lib"]\n    node_venv_lib --> node_venv_lib_python3_12["python3.12"]\n    node_venv_lib_python3_12 --> node_venv_lib_python3_12_site-packages["site-packages"]\n    node_venv_lib_python3_12_site-packages --> node_venv_lib_python3_12_site-packages_PyQt6["PyQt6"]\n    node_venv_lib_python3_12_site-packages_PyQt6 --> node_venv_lib_python3_12_site-packages_PyQt6_Qt6["Qt6"]\n    node_venv_lib_python3_12_site-packages_PyQt6_Qt6 --> node_venv_lib_python3_12_site-packages_PyQt6_Qt6_qml["qml"]\n    node_venv_lib_python3_12_site-packages_PyQt6_Qt6_qml --> node_venv_lib_python3_12_site-packages_PyQt6_Qt6_qml_QtQuick["QtQuick"]\n    node_venv_lib_python3_12_site-packages_PyQt6_Qt6_qml_QtQuick --> node_venv_lib_python3_12_site-packages_PyQt6_Qt6_qml_QtQuick_Controls["Controls"]\n    node_venv_lib_python3_12_site-packages_PyQt6_Qt6_qml_QtQuick_Controls --> node_venv_lib_python3_12_site-packages_PyQt6_Qt6_qml_QtQuick_Controls_Imagine["Imagine"]\n    node_venv_lib_python3_12_site-packages_PyQt6_Qt6_qml_QtQuick_Controls_Imagine --> node_venv_lib_python3_12_site-packages_PyQt6_Qt6_qml_QtQuick_Controls_Imagine_VerticalHeaderView_qml["VerticalHeaderView.qml"]\n    Root --> node_venv["venv"]\n    node_venv --> node_venv_lib["lib"]\n    node_venv_lib --> node_venv_lib_python3_12["python3.12"]\n    node_venv_lib_python3_12 --> node_venv_lib_python3_12_site-packages["site-packages"]\n    node_venv_lib_python3_12_site-packages --> node_venv_lib_python3_12_site-packages_PyQt6["PyQt6"]\n    node_venv_lib_python3_12_site-packages_PyQt6 --> node_venv_lib_python3_12_site-packages_PyQt6_Qt6["Qt6"]\n    node_venv_lib_python3_12_site-packages_PyQt6_Qt6 --> node_venv_lib_python3_12_site-packages_PyQt6_Qt6_qml["qml"]\n    node_venv_lib_python3_12_site-packages_PyQt6_Qt6_qml --> node_venv_lib_python3_12_site-packages_PyQt6_Qt6_qml_QtQuick["QtQuick"]\n    node_venv_lib_python3_12_site-packages_PyQt6_Qt6_qml_QtQuick --> node_venv_lib_python3_12_site-packages_PyQt6_Qt6_qml_QtQuick_Controls["Controls"]\n    node_venv_lib_python3_12_site-packages_PyQt6_Qt6_qml_QtQuick_Controls --> node_venv_lib_python3_12_site-packages_PyQt6_Qt6_qml_QtQuick_Controls_Imagine["Imagine"]\n    node_venv_lib_python3_12_site-packages_PyQt6_Qt6_qml_QtQuick_Controls_Imagine --> node_venv_lib_python3_12_site-packages_PyQt6_Qt6_qml_QtQuick_Controls_Imagine_VerticalHeaderViewDelegate_qml["VerticalHeaderViewDelegate.qml"]\n    Root --> node_venv["venv"]\n    node_venv --> node_venv_lib["lib"]\n    node_venv_lib --> node_venv_lib_python3_12["python3.12"]\n    node_venv_lib_python3_12 --> node_venv_lib_python3_12_site-packages["site-packages"]\n    node_venv_lib_python3_12_site-packages --> node_venv_lib_python3_12_site-packages_PyQt6["PyQt6"]\n    node_venv_lib_python3_12_site-packages_PyQt6 --> node_venv_lib_python3_12_site-packages_PyQt6_Qt6["Qt6"]\n    node_venv_lib_python3_12_site-packages_PyQt6_Qt6 --> node_venv_lib_python3_12_site-packages_PyQt6_Qt6_qml["qml"]\n    node_venv_lib_python3_12_site-packages_PyQt6_Qt6_qml --> node_venv_lib_python3_12_site-packages_PyQt6_Qt6_qml_QtQuick["QtQuick"]\n    node_venv_lib_python3_12_site-packages_PyQt6_Qt6_qml_QtQuick --> node_venv_lib_python3_12_site-packages_PyQt6_Qt6_qml_QtQuick_Controls["Controls"]\n    node_venv_lib_python3_12_site-packages_PyQt6_Qt6_qml_QtQuick_Controls --> node_venv_lib_python3_12_site-packages_PyQt6_Qt6_qml_QtQuick_Controls_Imagine["Imagine"]\n    node_venv_lib_python3_12_site-packages_PyQt6_Qt6_qml_QtQuick_Controls_Imagine --> node_venv_lib_python3_12_site-packages_PyQt6_Qt6_qml_QtQuick_Controls_Imagine_libqtquickcontrols2imaginestyleplugin_dylib["libqtquickcontrols2imaginestyleplugin.dylib"]\n    Root --> node_venv["venv"]\n    node_venv --> node_venv_lib["lib"]\n    node_venv_lib --> node_venv_lib_python3_12["python3.12"]\n    node_venv_lib_python3_12 --> node_venv_lib_python3_12_site-packages["site-packages"]\n    node_venv_lib_python3_12_site-packages --> node_venv_lib_python3_12_site-packages_PyQt6["PyQt6"]\n    node_venv_lib_python3_12_site-packages_PyQt6 --> node_venv_lib_python3_12_site-packages_PyQt6_Qt6["Qt6"]\n    node_venv_lib_python3_12_site-packages_PyQt6_Qt6 --> node_venv_lib_python3_12_site-packages_PyQt6_Qt6_qml["qml"]\n    node_venv_lib_python3_12_site-packages_PyQt6_Qt6_qml --> node_venv_lib_python3_12_site-packages_PyQt6_Qt6_qml_QtQuick["QtQuick"]\n    node_venv_lib_python3_12_site-packages_PyQt6_Qt6_qml_QtQuick --> node_venv_lib_python3_12_site-packages_PyQt6_Qt6_qml_QtQuick_Controls["Controls"]\n    node_venv_lib_python3_12_site-packages_PyQt6_Qt6_qml_QtQuick_Controls --> node_venv_lib_python3_12_site-packages_PyQt6_Qt6_qml_QtQuick_Controls_Imagine["Imagine"]\n    node_venv_lib_python3_12_site-packages_PyQt6_Qt6_qml_QtQuick_Controls_Imagine --> node_venv_lib_python3_12_site-packages_PyQt6_Qt6_qml_QtQuick_Controls_Imagine_plugins_qmltypes["plugins.qmltypes"]\n    Root --> node_venv["venv"]\n    node_venv --> node_venv_lib["lib"]\n    node_venv_lib --> node_venv_lib_python3_12["python3.12"]\n    node_venv_lib_python3_12 --> node_venv_lib_python3_12_site-packages["site-packages"]\n    node_venv_lib_python3_12_site-packages --> node_venv_lib_python3_12_site-packages_PyQt6["PyQt6"]\n    node_venv_lib_python3_12_site-packages_PyQt6 --> node_venv_lib_python3_12_site-packages_PyQt6_Qt6["Qt6"]\n    node_venv_lib_python3_12_site-packages_PyQt6_Qt6 --> node_venv_lib_python3_12_site-packages_PyQt6_Qt6_qml["qml"]\n    node_venv_lib_python3_12_site-packages_PyQt6_Qt6_qml --> node_venv_lib_python3_12_site-packages_PyQt6_Qt6_qml_QtQuick["QtQuick"]\n    node_venv_lib_python3_12_site-packages_PyQt6_Qt6_qml_QtQuick --> node_venv_lib_python3_12_site-packages_PyQt6_Qt6_qml_QtQuick_Controls["Controls"]\n    node_venv_lib_python3_12_site-packages_PyQt6_Qt6_qml_QtQuick_Controls --> node_venv_lib_python3_12_site-packages_PyQt6_Qt6_qml_QtQuick_Controls_Imagine["Imagine"]\n    node_venv_lib_python3_12_site-packages_PyQt6_Qt6_qml_QtQuick_Controls_Imagine --> node_venv_lib_python3_12_site-packages_PyQt6_Qt6_qml_QtQuick_Controls_Imagine_qmldir["qmldir"]\n    Root --> node_venv["venv"]\n    node_venv --> node_venv_lib["lib"]\n    node_venv_lib --> node_venv_lib_python3_12["python3.12"]\n    node_venv_lib_python3_12 --> node_venv_lib_python3_12_site-packages["site-packages"]\n    node_venv_lib_python3_12_site-packages --> node_venv_lib_python3_12_site-packages_PyQt6["PyQt6"]\n    node_venv_lib_python3_12_site-packages_PyQt6 --> node_venv_lib_python3_12_site-packages_PyQt6_Qt6["Qt6"]\n    node_venv_lib_python3_12_site-packages_PyQt6_Qt6 --> node_venv_lib_python3_12_site-packages_PyQt6_Qt6_qml["qml"]\n    node_venv_lib_python3_12_site-packages_PyQt6_Qt6_qml --> node_venv_lib_python3_12_site-packages_PyQt6_Qt6_qml_QtQuick["QtQuick"]\n    node_venv_lib_python3_12_site-packages_PyQt6_Qt6_qml_QtQuick --> node_venv_lib_python3_12_site-packages_PyQt6_Qt6_qml_QtQuick_Controls["Controls"]\n    node_venv_lib_python3_12_site-packages_PyQt6_Qt6_qml_QtQuick_Controls --> node_venv_lib_python3_12_site-packages_PyQt6_Qt6_qml_QtQuick_Controls_Imagine["Imagine"]\n    node_venv_lib_python3_12_site-packages_PyQt6_Qt6_qml_QtQuick_Controls_Imagine --> node_venv_lib_python3_12_site-packages_PyQt6_Qt6_qml_QtQuick_Controls_Imagine_impl["impl"]\n    node_venv_lib_python3_12_site-packages_PyQt6_Qt6_qml_QtQuick_Controls_Imagine_impl --> node_venv_lib_python3_12_site-packages_PyQt6_Qt6_qml_QtQuick_Controls_Imagine_impl_OpacityMask_qml["OpacityMask.qml"]\n    Root --> node_venv["venv"]\n    node_venv --> node_venv_lib["lib"]\n    node_venv_lib --> node_venv_lib_python3_12["python3.12"]\n    node_venv_lib_python3_12 --> node_venv_lib_python3_12_site-packages["site-packages"]\n    node_venv_lib_python3_12_site-packages --> node_venv_lib_python3_12_site-packages_PyQt6["PyQt6"]\n    node_venv_lib_python3_12_site-packages_PyQt6 --> node_venv_lib_python3_12_site-packages_PyQt6_Qt6["Qt6"]\n    node_venv_lib_python3_12_site-packages_PyQt6_Qt6 --> node_venv_lib_python3_12_site-packages_PyQt6_Qt6_qml["qml"]\n    node_venv_lib_python3_12_site-packages_PyQt6_Qt6_qml --> node_venv_lib_python3_12_site-packages_PyQt6_Qt6_qml_QtQuick["QtQuick"]\n    node_venv_lib_python3_12_site-packages_PyQt6_Qt6_qml_QtQuick --> node_venv_lib_python3_12_site-packages_PyQt6_Qt6_qml_QtQuick_Controls["Controls"]\n    node_venv_lib_python3_12_site-packages_PyQt6_Qt6_qml_QtQuick_Controls --> node_venv_lib_python3_12_site-packages_PyQt6_Qt6_qml_QtQuick_Controls_Imagine["Imagine"]\n    node_venv_lib_python3_12_site-packages_PyQt6_Qt6_qml_QtQuick_Controls_Imagine --> node_venv_lib_python3_12_site-packages_PyQt6_Qt6_qml_QtQuick_Controls_Imagine_impl["impl"]\n    node_venv_lib_python3_12_site-packages_PyQt6_Qt6_qml_QtQuick_Controls_Imagine_impl --> node_venv_lib_python3_12_site-packages_PyQt6_Qt6_qml_QtQuick_Controls_Imagine_impl_QuickControls2ImagineStyleImpl_qmltypes["QuickControls2ImagineStyleImpl.qmltypes"]\n    Root --> node_venv["venv"]\n    node_venv --> node_venv_lib["lib"]\n    node_venv_lib --> node_venv_lib_python3_12["python3.12"]\n    node_venv_lib_python3_12 --> node_venv_lib_python3_12_site-packages["site-packages"]\n    node_venv_lib_python3_12_site-packages --> node_venv_lib_python3_12_site-packages_PyQt6["PyQt6"]\n    node_venv_lib_python3_12_site-packages_PyQt6 --> node_venv_lib_python3_12_site-packages_PyQt6_Qt6["Qt6"]\n    node_venv_lib_python3_12_site-packages_PyQt6_Qt6 --> node_venv_lib_python3_12_site-packages_PyQt6_Qt6_qml["qml"]\n    node_venv_lib_python3_12_site-packages_PyQt6_Qt6_qml --> node_venv_lib_python3_12_site-packages_PyQt6_Qt6_qml_QtQuick["QtQuick"]\n    node_venv_lib_python3_12_site-packages_PyQt6_Qt6_qml_QtQuick --> node_venv_lib_python3_12_site-packages_PyQt6_Qt6_qml_QtQuick_Controls["Controls"]\n    node_venv_lib_python3_12_site-packages_PyQt6_Qt6_qml_QtQuick_Controls --> node_venv_lib_python3_12_site-packages_PyQt6_Qt6_qml_QtQuick_Controls_Imagine["Imagine"]\n    node_venv_lib_python3_12_site-packages_PyQt6_Qt6_qml_QtQuick_Controls_Imagine --> node_venv_lib_python3_12_site-packages_PyQt6_Qt6_qml_QtQuick_Controls_Imagine_impl["impl"]\n    node_venv_lib_python3_12_site-packages_PyQt6_Qt6_qml_QtQuick_Controls_Imagine_impl --> node_venv_lib_python3_12_site-packages_PyQt6_Qt6_qml_QtQuick_Controls_Imagine_impl_libqtquickcontrols2imaginestyleimplplugin_dylib["libqtquickcontrols2imaginestyleimplplugin.dylib"]\n    Root --> node_venv["venv"]\n    node_venv --> node_venv_lib["lib"]\n    node_venv_lib --> node_venv_lib_python3_12["python3.12"]\n    node_venv_lib_python3_12 --> node_venv_lib_python3_12_site-packages["site-packages"]\n    node_venv_lib_python3_12_site-packages --> node_venv_lib_python3_12_site-packages_PyQt6["PyQt6"]\n    node_venv_lib_python3_12_site-packages_PyQt6 --> node_venv_lib_python3_12_site-packages_PyQt6_Qt6["Qt6"]\n    node_venv_lib_python3_12_site-packages_PyQt6_Qt6 --> node_venv_lib_python3_12_site-packages_PyQt6_Qt6_qml["qml"]\n    node_venv_lib_python3_12_site-packages_PyQt6_Qt6_qml --> node_venv_lib_python3_12_site-packages_PyQt6_Qt6_qml_QtQuick["QtQuick"]\n    node_venv_lib_python3_12_site-packages_PyQt6_Qt6_qml_QtQuick --> node_venv_lib_python3_12_site-packages_PyQt6_Qt6_qml_QtQuick_Controls["Controls"]\n    node_venv_lib_python3_12_site-packages_PyQt6_Qt6_qml_QtQuick_Controls --> node_venv_lib_python3_12_site-packages_PyQt6_Qt6_qml_QtQuick_Controls_Imagine["Imagine"]\n    node_venv_lib_python3_12_site-packages_PyQt6_Qt6_qml_QtQuick_Controls_Imagine --> node_venv_lib_python3_12_site-packages_PyQt6_Qt6_qml_QtQuick_Controls_Imagine_impl["impl"]\n    node_venv_lib_python3_12_site-packages_PyQt6_Qt6_qml_QtQuick_Controls_Imagine_impl --> node_venv_lib_python3_12_site-packages_PyQt6_Qt6_qml_QtQuick_Controls_Imagine_impl_qmldir["qmldir"]\n    Root --> node_venv["venv"]\n    node_venv --> node_venv_lib["lib"]\n    node_venv_lib --> node_venv_lib_python3_12["python3.12"]\n    node_venv_lib_python3_12 --> node_venv_lib_python3_12_site-packages["site-packages"]\n    node_venv_lib_python3_12_site-packages --> node_venv_lib_python3_12_site-packages_PyQt6["PyQt6"]\n    node_venv_lib_python3_12_site-packages_PyQt6 --> node_venv_lib_python3_12_site-packages_PyQt6_Qt6["Qt6"]\n    node_venv_lib_python3_12_site-packages_PyQt6_Qt6 --> node_venv_lib_python3_12_site-packages_PyQt6_Qt6_qml["qml"]\n    node_venv_lib_python3_12_site-packages_PyQt6_Qt6_qml --> node_venv_lib_python3_12_site-packages_PyQt6_Qt6_qml_QtQuick["QtQuick"]\n    node_venv_lib_python3_12_site-packages_PyQt6_Qt6_qml_QtQuick --> node_venv_lib_python3_12_site-packages_PyQt6_Qt6_qml_QtQuick_Layouts["Layouts"]\n    node_venv_lib_python3_12_site-packages_PyQt6_Qt6_qml_QtQuick_Layouts --> node_venv_lib_python3_12_site-packages_PyQt6_Qt6_qml_QtQuick_Layouts_libqquicklayoutsplugin_dylib["libqquicklayoutsplugin.dylib"]\n    Root --> node_venv["venv"]\n    node_venv --> node_venv_lib["lib"]\n    node_venv_lib --> node_venv_lib_python3_12["python3.12"]\n    node_venv_lib_python3_12 --> node_venv_lib_python3_12_site-packages["site-packages"]\n    node_venv_lib_python3_12_site-packages --> node_venv_lib_python3_12_site-packages_PyQt6["PyQt6"]\n    node_venv_lib_python3_12_site-packages_PyQt6 --> node_venv_lib_python3_12_site-packages_PyQt6_Qt6["Qt6"]\n    node_venv_lib_python3_12_site-packages_PyQt6_Qt6 --> node_venv_lib_python3_12_site-packages_PyQt6_Qt6_qml["qml"]\n    node_venv_lib_python3_12_site-packages_PyQt6_Qt6_qml --> node_venv_lib_python3_12_site-packages_PyQt6_Qt6_qml_QtQuick["QtQuick"]\n    node_venv_lib_python3_12_site-packages_PyQt6_Qt6_qml_QtQuick --> node_venv_lib_python3_12_site-packages_PyQt6_Qt6_qml_QtQuick_Layouts["Layouts"]\n    node_venv_lib_python3_12_site-packages_PyQt6_Qt6_qml_QtQuick_Layouts --> node_venv_lib_python3_12_site-packages_PyQt6_Qt6_qml_QtQuick_Layouts_plugins_qmltypes["plugins.qmltypes"]\n    Root --> node_venv["venv"]\n    node_venv --> node_venv_lib["lib"]\n    node_venv_lib --> node_venv_lib_python3_12["python3.12"]\n    node_venv_lib_python3_12 --> node_venv_lib_python3_12_site-packages["site-packages"]\n    node_venv_lib_python3_12_site-packages --> node_venv_lib_python3_12_site-packages_PyQt6["PyQt6"]\n    node_venv_lib_python3_12_site-packages_PyQt6 --> node_venv_lib_python3_12_site-packages_PyQt6_Qt6["Qt6"]\n    node_venv_lib_python3_12_site-packages_PyQt6_Qt6 --> node_venv_lib_python3_12_site-packages_PyQt6_Qt6_qml["qml"]\n    node_venv_lib_python3_12_site-packages_PyQt6_Qt6_qml --> node_venv_lib_python3_12_site-packages_PyQt6_Qt6_qml_QtQuick["QtQuick"]\n    node_venv_lib_python3_12_site-packages_PyQt6_Qt6_qml_QtQuick --> node_venv_lib_python3_12_site-packages_PyQt6_Qt6_qml_QtQuick_Layouts["Layouts"]\n    node_venv_lib_python3_12_site-packages_PyQt6_Qt6_qml_QtQuick_Layouts --> node_venv_lib_python3_12_site-packages_PyQt6_Qt6_qml_QtQuick_Layouts_qmldir["qmldir"]\n    Root --> node_venv["venv"]\n    node_venv --> node_venv_lib["lib"]\n    node_venv_lib --> node_venv_lib_python3_12["python3.12"]\n    node_venv_lib_python3_12 --> node_venv_lib_python3_12_site-packages["site-packages"]\n    node_venv_lib_python3_12_site-packages --> node_venv_lib_python3_12_site-packages_PyQt6["PyQt6"]\n    node_venv_lib_python3_12_site-packages_PyQt6 --> node_venv_lib_python3_12_site-packages_PyQt6_Qt6["Qt6"]\n    node_venv_lib_python3_12_site-packages_PyQt6_Qt6 --> node_venv_lib_python3_12_site-packages_PyQt6_Qt6_qml["qml"]\n    node_venv_lib_python3_12_site-packages_PyQt6_Qt6_qml --> node_venv_lib_python3_12_site-packages_PyQt6_Qt6_qml_QtQuick["QtQuick"]\n    node_venv_lib_python3_12_site-packages_PyQt6_Qt6_qml_QtQuick --> node_venv_lib_python3_12_site-packages_PyQt6_Qt6_qml_QtQuick_Window["Window"]\n    node_venv_lib_python3_12_site-packages_PyQt6_Qt6_qml_QtQuick_Window --> node_venv_lib_python3_12_site-packages_PyQt6_Qt6_qml_QtQuick_Window_libquickwindowplugin_dylib["libquickwindowplugin.dylib"]\n    Root --> node_venv["venv"]\n    node_venv --> node_venv_lib["lib"]\n    node_venv_lib --> node_venv_lib_python3_12["python3.12"]\n    node_venv_lib_python3_12 --> node_venv_lib_python3_12_site-packages["site-packages"]\n    node_venv_lib_python3_12_site-packages --> node_venv_lib_python3_12_site-packages_PyQt6["PyQt6"]\n    node_venv_lib_python3_12_site-packages_PyQt6 --> node_venv_lib_python3_12_site-packages_PyQt6_Qt6["Qt6"]\n    node_venv_lib_python3_12_site-packages_PyQt6_Qt6 --> node_venv_lib_python3_12_site-packages_PyQt6_Qt6_qml["qml"]\n    node_venv_lib_python3_12_site-packages_PyQt6_Qt6_qml --> node_venv_lib_python3_12_site-packages_PyQt6_Qt6_qml_QtQuick["QtQuick"]\n    node_venv_lib_python3_12_site-packages_PyQt6_Qt6_qml_QtQuick --> node_venv_lib_python3_12_site-packages_PyQt6_Qt6_qml_QtQuick_Window["Window"]\n    node_venv_lib_python3_12_site-packages_PyQt6_Qt6_qml_QtQuick_Window --> node_venv_lib_python3_12_site-packages_PyQt6_Qt6_qml_QtQuick_Window_qmldir["qmldir"]\n    Root --> node_venv["venv"]\n    node_venv --> node_venv_lib["lib"]\n    node_venv_lib --> node_venv_lib_python3_12["python3.12"]\n    node_venv_lib_python3_12 --> node_venv_lib_python3_12_site-packages["site-packages"]\n    node_venv_lib_python3_12_site-packages --> node_venv_lib_python3_12_site-packages_PyQt6["PyQt6"]\n    node_venv_lib_python3_12_site-packages_PyQt6 --> node_venv_lib_python3_12_site-packages_PyQt6_Qt6["Qt6"]\n    node_venv_lib_python3_12_site-packages_PyQt6_Qt6 --> node_venv_lib_python3_12_site-packages_PyQt6_Qt6_qml["qml"]\n    node_venv_lib_python3_12_site-packages_PyQt6_Qt6_qml --> node_venv_lib_python3_12_site-packages_PyQt6_Qt6_qml_QtQuick["QtQuick"]\n    node_venv_lib_python3_12_site-packages_PyQt6_Qt6_qml_QtQuick --> node_venv_lib_python3_12_site-packages_PyQt6_Qt6_qml_QtQuick_Window["Window"]\n    node_venv_lib_python3_12_site-packages_PyQt6_Qt6_qml_QtQuick_Window --> node_venv_lib_python3_12_site-packages_PyQt6_Qt6_qml_QtQuick_Window_quickwindow_qmltypes["quickwindow.qmltypes"]\n    Root --> node_venv["venv"]\n    node_venv --> node_venv_lib["lib"]\n    node_venv_lib --> node_venv_lib_python3_12["python3.12"]\n    node_venv_lib_python3_12 --> node_venv_lib_python3_12_site-packages["site-packages"]\n    node_venv_lib_python3_12_site-packages --> node_venv_lib_python3_12_site-packages_PyQt6["PyQt6"]\n    node_venv_lib_python3_12_site-packages_PyQt6 --> node_venv_lib_python3_12_site-packages_PyQt6_Qt6["Qt6"]\n    node_venv_lib_python3_12_site-packages_PyQt6_Qt6 --> node_venv_lib_python3_12_site-packages_PyQt6_Qt6_qml["qml"]\n    node_venv_lib_python3_12_site-packages_PyQt6_Qt6_qml --> node_venv_lib_python3_12_site-packages_PyQt6_Qt6_qml_QtQuick["QtQuick"]\n    node_venv_lib_python3_12_site-packages_PyQt6_Qt6_qml_QtQuick --> node_venv_lib_python3_12_site-packages_PyQt6_Qt6_qml_QtQuick_LocalStorage["LocalStorage"]\n    node_venv_lib_python3_12_site-packages_PyQt6_Qt6_qml_QtQuick_LocalStorage --> node_venv_lib_python3_12_site-packages_PyQt6_Qt6_qml_QtQuick_LocalStorage_libqmllocalstorageplugin_dylib["libqmllocalstorageplugin.dylib"]\n    Root --> node_venv["venv"]\n    node_venv --> node_venv_lib["lib"]\n    node_venv_lib --> node_venv_lib_python3_12["python3.12"]\n    node_venv_lib_python3_12 --> node_venv_lib_python3_12_site-packages["site-packages"]\n    node_venv_lib_python3_12_site-packages --> node_venv_lib_python3_12_site-packages_PyQt6["PyQt6"]\n    node_venv_lib_python3_12_site-packages_PyQt6 --> node_venv_lib_python3_12_site-packages_PyQt6_Qt6["Qt6"]\n    node_venv_lib_python3_12_site-packages_PyQt6_Qt6 --> node_venv_lib_python3_12_site-packages_PyQt6_Qt6_qml["qml"]\n    node_venv_lib_python3_12_site-packages_PyQt6_Qt6_qml --> node_venv_lib_python3_12_site-packages_PyQt6_Qt6_qml_QtQuick["QtQuick"]\n    node_venv_lib_python3_12_site-packages_PyQt6_Qt6_qml_QtQuick --> node_venv_lib_python3_12_site-packages_PyQt6_Qt6_qml_QtQuick_LocalStorage["LocalStorage"]\n    node_venv_lib_python3_12_site-packages_PyQt6_Qt6_qml_QtQuick_LocalStorage --> node_venv_lib_python3_12_site-packages_PyQt6_Qt6_qml_QtQuick_LocalStorage_plugins_qmltypes["plugins.qmltypes"]\n    Root --> node_venv["venv"]\n    node_venv --> node_venv_lib["lib"]\n    node_venv_lib --> node_venv_lib_python3_12["python3.12"]\n    node_venv_lib_python3_12 --> node_venv_lib_python3_12_site-packages["site-packages"]\n    node_venv_lib_python3_12_site-packages --> node_venv_lib_python3_12_site-packages_PyQt6["PyQt6"]\n    node_venv_lib_python3_12_site-packages_PyQt6 --> node_venv_lib_python3_12_site-packages_PyQt6_Qt6["Qt6"]\n    node_venv_lib_python3_12_site-packages_PyQt6_Qt6 --> node_venv_lib_python3_12_site-packages_PyQt6_Qt6_qml["qml"]\n    node_venv_lib_python3_12_site-packages_PyQt6_Qt6_qml --> node_venv_lib_python3_12_site-packages_PyQt6_Qt6_qml_QtQuick["QtQuick"]\n    node_venv_lib_python3_12_site-packages_PyQt6_Qt6_qml_QtQuick --> node_venv_lib_python3_12_site-packages_PyQt6_Qt6_qml_QtQuick_LocalStorage["LocalStorage"]\n    node_venv_lib_python3_12_site-packages_PyQt6_Qt6_qml_QtQuick_LocalStorage --> node_venv_lib_python3_12_site-packages_PyQt6_Qt6_qml_QtQuick_LocalStorage_qmldir["qmldir"]\n    Root --> node_venv["venv"]\n    node_venv --> node_venv_lib["lib"]\n    node_venv_lib --> node_venv_lib_python3_12["python3.12"]\n    node_venv_lib_python3_12 --> node_venv_lib_python3_12_site-packages["site-packages"]\n    node_venv_lib_python3_12_site-packages --> node_venv_lib_python3_12_site-packages_PyQt6["PyQt6"]\n    node_venv_lib_python3_12_site-packages_PyQt6 --> node_venv_lib_python3_12_site-packages_PyQt6_Qt6["Qt6"]\n    node_venv_lib_python3_12_site-packages_PyQt6_Qt6 --> node_venv_lib_python3_12_site-packages_PyQt6_Qt6_qml["qml"]\n    node_venv_lib_python3_12_site-packages_PyQt6_Qt6_qml --> node_venv_lib_python3_12_site-packages_PyQt6_Qt6_qml_QtQuick["QtQuick"]\n    node_venv_lib_python3_12_site-packages_PyQt6_Qt6_qml_QtQuick --> node_venv_lib_python3_12_site-packages_PyQt6_Qt6_qml_QtQuick_Templates["Templates"]\n    node_venv_lib_python3_12_site-packages_PyQt6_Qt6_qml_QtQuick_Templates --> node_venv_lib_python3_12_site-packages_PyQt6_Qt6_qml_QtQuick_Templates_libqtquicktemplates2plugin_dylib["libqtquicktemplates2plugin.dylib"]\n    Root --> node_venv["venv"]\n    node_venv --> node_venv_lib["lib"]\n    node_venv_lib --> node_venv_lib_python3_12["python3.12"]\n    node_venv_lib_python3_12 --> node_venv_lib_python3_12_site-packages["site-packages"]\n    node_venv_lib_python3_12_site-packages --> node_venv_lib_python3_12_site-packages_PyQt6["PyQt6"]\n    node_venv_lib_python3_12_site-packages_PyQt6 --> node_venv_lib_python3_12_site-packages_PyQt6_Qt6["Qt6"]\n    node_venv_lib_python3_12_site-packages_PyQt6_Qt6 --> node_venv_lib_python3_12_site-packages_PyQt6_Qt6_qml["qml"]\n    node_venv_lib_python3_12_site-packages_PyQt6_Qt6_qml --> node_venv_lib_python3_12_site-packages_PyQt6_Qt6_qml_QtQuick["QtQuick"]\n    node_venv_lib_python3_12_site-packages_PyQt6_Qt6_qml_QtQuick --> node_venv_lib_python3_12_site-packages_PyQt6_Qt6_qml_QtQuick_Templates["Templates"]\n    node_venv_lib_python3_12_site-packages_PyQt6_Qt6_qml_QtQuick_Templates --> node_venv_lib_python3_12_site-packages_PyQt6_Qt6_qml_QtQuick_Templates_plugins_qmltypes["plugins.qmltypes"]\n    Root --> node_venv["venv"]\n    node_venv --> node_venv_lib["lib"]\n    node_venv_lib --> node_venv_lib_python3_12["python3.12"]\n    node_venv_lib_python3_12 --> node_venv_lib_python3_12_site-packages["site-packages"]\n    node_venv_lib_python3_12_site-packages --> node_venv_lib_python3_12_site-packages_PyQt6["PyQt6"]\n    node_venv_lib_python3_12_site-packages_PyQt6 --> node_venv_lib_python3_12_site-packages_PyQt6_Qt6["Qt6"]\n    node_venv_lib_python3_12_site-packages_PyQt6_Qt6 --> node_venv_lib_python3_12_site-packages_PyQt6_Qt6_qml["qml"]\n    node_venv_lib_python3_12_site-packages_PyQt6_Qt6_qml --> node_venv_lib_python3_12_site-packages_PyQt6_Qt6_qml_QtQuick["QtQuick"]\n    node_venv_lib_python3_12_site-packages_PyQt6_Qt6_qml_QtQuick --> node_venv_lib_python3_12_site-packages_PyQt6_Qt6_qml_QtQuick_Templates["Templates"]\n    node_venv_lib_python3_12_site-packages_PyQt6_Qt6_qml_QtQuick_Templates --> node_venv_lib_python3_12_site-packages_PyQt6_Qt6_qml_QtQuick_Templates_qmldir["qmldir"]\n    Root --> node_venv["venv"]\n    node_venv --> node_venv_lib["lib"]\n    node_venv_lib --> node_venv_lib_python3_12["python3.12"]\n    node_venv_lib_python3_12 --> node_venv_lib_python3_12_site-packages["site-packages"]\n    node_venv_lib_python3_12_site-packages --> node_venv_lib_python3_12_site-packages_PyQt6["PyQt6"]\n    node_venv_lib_python3_12_site-packages_PyQt6 --> node_venv_lib_python3_12_site-packages_PyQt6_Qt6["Qt6"]\n    node_venv_lib_python3_12_site-packages_PyQt6_Qt6 --> node_venv_lib_python3_12_site-packages_PyQt6_Qt6_qml["qml"]\n    node_venv_lib_python3_12_site-packages_PyQt6_Qt6_qml --> node_venv_lib_python3_12_site-packages_PyQt6_Qt6_qml_QtQuick["QtQuick"]\n    node_venv_lib_python3_12_site-packages_PyQt6_Qt6_qml_QtQuick --> node_venv_lib_python3_12_site-packages_PyQt6_Qt6_qml_QtQuick_Dialogs["Dialogs"]\n    node_venv_lib_python3_12_site-packages_PyQt6_Qt6_qml_QtQuick_Dialogs --> node_venv_lib_python3_12_site-packages_PyQt6_Qt6_qml_QtQuick_Dialogs_libqtquickdialogsplugin_dylib["libqtquickdialogsplugin.dylib"]\n    Root --> node_venv["venv"]\n    node_venv --> node_venv_lib["lib"]\n    node_venv_lib --> node_venv_lib_python3_12["python3.12"]\n    node_venv_lib_python3_12 --> node_venv_lib_python3_12_site-packages["site-packages"]\n    node_venv_lib_python3_12_site-packages --> node_venv_lib_python3_12_site-packages_PyQt6["PyQt6"]\n    node_venv_lib_python3_12_site-packages_PyQt6 --> node_venv_lib_python3_12_site-packages_PyQt6_Qt6["Qt6"]\n    node_venv_lib_python3_12_site-packages_PyQt6_Qt6 --> node_venv_lib_python3_12_site-packages_PyQt6_Qt6_qml["qml"]\n    node_venv_lib_python3_12_site-packages_PyQt6_Qt6_qml --> node_venv_lib_python3_12_site-packages_PyQt6_Qt6_qml_QtQuick["QtQuick"]\n    node_venv_lib_python3_12_site-packages_PyQt6_Qt6_qml_QtQuick --> node_venv_lib_python3_12_site-packages_PyQt6_Qt6_qml_QtQuick_Dialogs["Dialogs"]\n    node_venv_lib_python3_12_site-packages_PyQt6_Qt6_qml_QtQuick_Dialogs --> node_venv_lib_python3_12_site-packages_PyQt6_Qt6_qml_QtQuick_Dialogs_plugins_qmltypes["plugins.qmltypes"]\n    Root --> node_venv["venv"]\n    node_venv --> node_venv_lib["lib"]\n    node_venv_lib --> node_venv_lib_python3_12["python3.12"]\n    node_venv_lib_python3_12 --> node_venv_lib_python3_12_site-packages["site-packages"]\n    node_venv_lib_python3_12_site-packages --> node_venv_lib_python3_12_site-packages_PyQt6["PyQt6"]\n    node_venv_lib_python3_12_site-packages_PyQt6 --> node_venv_lib_python3_12_site-packages_PyQt6_Qt6["Qt6"]\n    node_venv_lib_python3_12_site-packages_PyQt6_Qt6 --> node_venv_lib_python3_12_site-packages_PyQt6_Qt6_qml["qml"]\n    node_venv_lib_python3_12_site-packages_PyQt6_Qt6_qml --> node_venv_lib_python3_12_site-packages_PyQt6_Qt6_qml_QtQuick["QtQuick"]\n    node_venv_lib_python3_12_site-packages_PyQt6_Qt6_qml_QtQuick --> node_venv_lib_python3_12_site-packages_PyQt6_Qt6_qml_QtQuick_Dialogs["Dialogs"]\n    node_venv_lib_python3_12_site-packages_PyQt6_Qt6_qml_QtQuick_Dialogs --> node_venv_lib_python3_12_site-packages_PyQt6_Qt6_qml_QtQuick_Dialogs_qmldir["qmldir"]\n    Root --> node_venv["venv"]\n    node_venv --> node_venv_lib["lib"]\n    node_venv_lib --> node_venv_lib_python3_12["python3.12"]\n    node_venv_lib_python3_12 --> node_venv_lib_python3_12_site-packages["site-packages"]\n    node_venv_lib_python3_12_site-packages --> node_venv_lib_python3_12_site-packages_PyQt6["PyQt6"]\n    node_venv_lib_python3_12_site-packages_PyQt6 --> node_venv_lib_python3_12_site-packages_PyQt6_Qt6["Qt6"]\n    node_venv_lib_python3_12_site-packages_PyQt6_Qt6 --> node_venv_lib_python3_12_site-packages_PyQt6_Qt6_qml["qml"]\n    node_venv_lib_python3_12_site-packages_PyQt6_Qt6_qml --> node_venv_lib_python3_12_site-packages_PyQt6_Qt6_qml_QtQuick["QtQuick"]\n    node_venv_lib_python3_12_site-packages_PyQt6_Qt6_qml_QtQuick --> node_venv_lib_python3_12_site-packages_PyQt6_Qt6_qml_QtQuick_Dialogs["Dialogs"]\n    node_venv_lib_python3_12_site-packages_PyQt6_Qt6_qml_QtQuick_Dialogs --> node_venv_lib_python3_12_site-packages_PyQt6_Qt6_qml_QtQuick_Dialogs_quickimpl["quickimpl"]\n    node_venv_lib_python3_12_site-packages_PyQt6_Qt6_qml_QtQuick_Dialogs_quickimpl --> node_venv_lib_python3_12_site-packages_PyQt6_Qt6_qml_QtQuick_Dialogs_quickimpl_libqtquickdialogs2quickimplplugin_dylib["libqtquickdialogs2quickimplplugin.dylib"]\n    Root --> node_venv["venv"]\n    node_venv --> node_venv_lib["lib"]\n    node_venv_lib --> node_venv_lib_python3_12["python3.12"]\n    node_venv_lib_python3_12 --> node_venv_lib_python3_12_site-packages["site-packages"]\n    node_venv_lib_python3_12_site-packages --> node_venv_lib_python3_12_site-packages_PyQt6["PyQt6"]\n    node_venv_lib_python3_12_site-packages_PyQt6 --> node_venv_lib_python3_12_site-packages_PyQt6_Qt6["Qt6"]\n    node_venv_lib_python3_12_site-packages_PyQt6_Qt6 --> node_venv_lib_python3_12_site-packages_PyQt6_Qt6_qml["qml"]\n    node_venv_lib_python3_12_site-packages_PyQt6_Qt6_qml --> node_venv_lib_python3_12_site-packages_PyQt6_Qt6_qml_QtQuick["QtQuick"]\n    node_venv_lib_python3_12_site-packages_PyQt6_Qt6_qml_QtQuick --> node_venv_lib_python3_12_site-packages_PyQt6_Qt6_qml_QtQuick_Dialogs["Dialogs"]\n    node_venv_lib_python3_12_site-packages_PyQt6_Qt6_qml_QtQuick_Dialogs --> node_venv_lib_python3_12_site-packages_PyQt6_Qt6_qml_QtQuick_Dialogs_quickimpl["quickimpl"]\n    node_venv_lib_python3_12_site-packages_PyQt6_Qt6_qml_QtQuick_Dialogs_quickimpl --> node_venv_lib_python3_12_site-packages_PyQt6_Qt6_qml_QtQuick_Dialogs_quickimpl_plugins_qmltypes["plugins.qmltypes"]\n    Root --> node_venv["venv"]\n    node_venv --> node_venv_lib["lib"]\n    node_venv_lib --> node_venv_lib_python3_12["python3.12"]\n    node_venv_lib_python3_12 --> node_venv_lib_python3_12_site-packages["site-packages"]\n    node_venv_lib_python3_12_site-packages --> node_venv_lib_python3_12_site-packages_PyQt6["PyQt6"]\n    node_venv_lib_python3_12_site-packages_PyQt6 --> node_venv_lib_python3_12_site-packages_PyQt6_Qt6["Qt6"]\n    node_venv_lib_python3_12_site-packages_PyQt6_Qt6 --> node_venv_lib_python3_12_site-packages_PyQt6_Qt6_qml["qml"]\n    node_venv_lib_python3_12_site-packages_PyQt6_Qt6_qml --> node_venv_lib_python3_12_site-packages_PyQt6_Qt6_qml_QtQuick["QtQuick"]\n    node_venv_lib_python3_12_site-packages_PyQt6_Qt6_qml_QtQuick --> node_venv_lib_python3_12_site-packages_PyQt6_Qt6_qml_QtQuick_Dialogs["Dialogs"]\n    node_venv_lib_python3_12_site-packages_PyQt6_Qt6_qml_QtQuick_Dialogs --> node_venv_lib_python3_12_site-packages_PyQt6_Qt6_qml_QtQuick_Dialogs_quickimpl["quickimpl"]\n    node_venv_lib_python3_12_site-packages_PyQt6_Qt6_qml_QtQuick_Dialogs_quickimpl --> node_venv_lib_python3_12_site-packages_PyQt6_Qt6_qml_QtQuick_Dialogs_quickimpl_qmldir["qmldir"]\n    Root --> node_venv["venv"]\n    node_venv --> node_venv_lib["lib"]\n    node_venv_lib --> node_venv_lib_python3_12["python3.12"]\n    node_venv_lib_python3_12 --> node_venv_lib_python3_12_site-packages["site-packages"]\n    node_venv_lib_python3_12_site-packages --> node_venv_lib_python3_12_site-packages_PyQt6["PyQt6"]\n    node_venv_lib_python3_12_site-packages_PyQt6 --> node_venv_lib_python3_12_site-packages_PyQt6_Qt6["Qt6"]\n    node_venv_lib_python3_12_site-packages_PyQt6_Qt6 --> node_venv_lib_python3_12_site-packages_PyQt6_Qt6_qml["qml"]\n    node_venv_lib_python3_12_site-packages_PyQt6_Qt6_qml --> node_venv_lib_python3_12_site-packages_PyQt6_Qt6_qml_QtQuick["QtQuick"]\n    node_venv_lib_python3_12_site-packages_PyQt6_Qt6_qml_QtQuick --> node_venv_lib_python3_12_site-packages_PyQt6_Qt6_qml_QtQuick_Dialogs["Dialogs"]\n    node_venv_lib_python3_12_site-packages_PyQt6_Qt6_qml_QtQuick_Dialogs --> node_venv_lib_python3_12_site-packages_PyQt6_Qt6_qml_QtQuick_Dialogs_quickimpl["quickimpl"]\n    node_venv_lib_python3_12_site-packages_PyQt6_Qt6_qml_QtQuick_Dialogs_quickimpl --> node_venv_lib_python3_12_site-packages_PyQt6_Qt6_qml_QtQuick_Dialogs_quickimpl_qml["qml"]\n    node_venv_lib_python3_12_site-packages_PyQt6_Qt6_qml_QtQuick_Dialogs_quickimpl_qml --> node_venv_lib_python3_12_site-packages_PyQt6_Qt6_qml_QtQuick_Dialogs_quickimpl_qml_ColorDialog_qml["ColorDialog.qml"]\n    Root --> node_venv["venv"]\n    node_venv --> node_venv_lib["lib"]\n    node_venv_lib --> node_venv_lib_python3_12["python3.12"]\n    node_venv_lib_python3_12 --> node_venv_lib_python3_12_site-packages["site-packages"]\n    node_venv_lib_python3_12_site-packages --> node_venv_lib_python3_12_site-packages_PyQt6["PyQt6"]\n    node_venv_lib_python3_12_site-packages_PyQt6 --> node_venv_lib_python3_12_site-packages_PyQt6_Qt6["Qt6"]\n    node_venv_lib_python3_12_site-packages_PyQt6_Qt6 --> node_venv_lib_python3_12_site-packages_PyQt6_Qt6_qml["qml"]\n    node_venv_lib_python3_12_site-packages_PyQt6_Qt6_qml --> node_venv_lib_python3_12_site-packages_PyQt6_Qt6_qml_QtQuick["QtQuick"]\n    node_venv_lib_python3_12_site-packages_PyQt6_Qt6_qml_QtQuick --> node_venv_lib_python3_12_site-packages_PyQt6_Qt6_qml_QtQuick_Dialogs["Dialogs"]\n    node_venv_lib_python3_12_site-packages_PyQt6_Qt6_qml_QtQuick_Dialogs --> node_venv_lib_python3_12_site-packages_PyQt6_Qt6_qml_QtQuick_Dialogs_quickimpl["quickimpl"]\n    node_venv_lib_python3_12_site-packages_PyQt6_Qt6_qml_QtQuick_Dialogs_quickimpl --> node_venv_lib_python3_12_site-packages_PyQt6_Qt6_qml_QtQuick_Dialogs_quickimpl_qml["qml"]\n    node_venv_lib_python3_12_site-packages_PyQt6_Qt6_qml_QtQuick_Dialogs_quickimpl_qml --> node_venv_lib_python3_12_site-packages_PyQt6_Qt6_qml_QtQuick_Dialogs_quickimpl_qml_ColorInputs_qml["ColorInputs.qml"]\n    Root --> node_venv["venv"]\n    node_venv --> node_venv_lib["lib"]\n    node_venv_lib --> node_venv_lib_python3_12["python3.12"]\n    node_venv_lib_python3_12 --> node_venv_lib_python3_12_site-packages["site-packages"]\n    node_venv_lib_python3_12_site-packages --> node_venv_lib_python3_12_site-packages_PyQt6["PyQt6"]\n    node_venv_lib_python3_12_site-packages_PyQt6 --> node_venv_lib_python3_12_site-packages_PyQt6_Qt6["Qt6"]\n    node_venv_lib_python3_12_site-packages_PyQt6_Qt6 --> node_venv_lib_python3_12_site-packages_PyQt6_Qt6_qml["qml"]\n    node_venv_lib_python3_12_site-packages_PyQt6_Qt6_qml --> node_venv_lib_python3_12_site-packages_PyQt6_Qt6_qml_QtQuick["QtQuick"]\n    node_venv_lib_python3_12_site-packages_PyQt6_Qt6_qml_QtQuick --> node_venv_lib_python3_12_site-packages_PyQt6_Qt6_qml_QtQuick_Dialogs["Dialogs"]\n    node_venv_lib_python3_12_site-packages_PyQt6_Qt6_qml_QtQuick_Dialogs --> node_venv_lib_python3_12_site-packages_PyQt6_Qt6_qml_QtQuick_Dialogs_quickimpl["quickimpl"]\n    node_venv_lib_python3_12_site-packages_PyQt6_Qt6_qml_QtQuick_Dialogs_quickimpl --> node_venv_lib_python3_12_site-packages_PyQt6_Qt6_qml_QtQuick_Dialogs_quickimpl_qml["qml"]\n    node_venv_lib_python3_12_site-packages_PyQt6_Qt6_qml_QtQuick_Dialogs_quickimpl_qml --> node_venv_lib_python3_12_site-packages_PyQt6_Qt6_qml_QtQuick_Dialogs_quickimpl_qml_FileDialog_qml["FileDialog.qml"]\n    Root --> node_venv["venv"]\n    node_venv --> node_venv_lib["lib"]\n    node_venv_lib --> node_venv_lib_python3_12["python3.12"]\n    node_venv_lib_python3_12 --> node_venv_lib_python3_12_site-packages["site-packages"]\n    node_venv_lib_python3_12_site-packages --> node_venv_lib_python3_12_site-packages_PyQt6["PyQt6"]\n    node_venv_lib_python3_12_site-packages_PyQt6 --> node_venv_lib_python3_12_site-packages_PyQt6_Qt6["Qt6"]\n    node_venv_lib_python3_12_site-packages_PyQt6_Qt6 --> node_venv_lib_python3_12_site-packages_PyQt6_Qt6_qml["qml"]\n    node_venv_lib_python3_12_site-packages_PyQt6_Qt6_qml --> node_venv_lib_python3_12_site-packages_PyQt6_Qt6_qml_QtQuick["QtQuick"]\n    node_venv_lib_python3_12_site-packages_PyQt6_Qt6_qml_QtQuick --> node_venv_lib_python3_12_site-packages_PyQt6_Qt6_qml_QtQuick_Dialogs["Dialogs"]\n    node_venv_lib_python3_12_site-packages_PyQt6_Qt6_qml_QtQuick_Dialogs --> node_venv_lib_python3_12_site-packages_PyQt6_Qt6_qml_QtQuick_Dialogs_quickimpl["quickimpl"]\n    node_venv_lib_python3_12_site-packages_PyQt6_Qt6_qml_QtQuick_Dialogs_quickimpl --> node_venv_lib_python3_12_site-packages_PyQt6_Qt6_qml_QtQuick_Dialogs_quickimpl_qml["qml"]\n    node_venv_lib_python3_12_site-packages_PyQt6_Qt6_qml_QtQuick_Dialogs_quickimpl_qml --> node_venv_lib_python3_12_site-packages_PyQt6_Qt6_qml_QtQuick_Dialogs_quickimpl_qml_FileDialogDelegate_qml["FileDialogDelegate.qml"]\n    Root --> node_venv["venv"]\n    node_venv --> node_venv_lib["lib"]\n    node_venv_lib --> node_venv_lib_python3_12["python3.12"]\n    node_venv_lib_python3_12 --> node_venv_lib_python3_12_site-packages["site-packages"]\n    node_venv_lib_python3_12_site-packages --> node_venv_lib_python3_12_site-packages_PyQt6["PyQt6"]\n    node_venv_lib_python3_12_site-packages_PyQt6 --> node_venv_lib_python3_12_site-packages_PyQt6_Qt6["Qt6"]\n    node_venv_lib_python3_12_site-packages_PyQt6_Qt6 --> node_venv_lib_python3_12_site-packages_PyQt6_Qt6_qml["qml"]\n    node_venv_lib_python3_12_site-packages_PyQt6_Qt6_qml --> node_venv_lib_python3_12_site-packages_PyQt6_Qt6_qml_QtQuick["QtQuick"]\n    node_venv_lib_python3_12_site-packages_PyQt6_Qt6_qml_QtQuick --> node_venv_lib_python3_12_site-packages_PyQt6_Qt6_qml_QtQuick_Dialogs["Dialogs"]\n    node_venv_lib_python3_12_site-packages_PyQt6_Qt6_qml_QtQuick_Dialogs --> node_venv_lib_python3_12_site-packages_PyQt6_Qt6_qml_QtQuick_Dialogs_quickimpl["quickimpl"]\n    node_venv_lib_python3_12_site-packages_PyQt6_Qt6_qml_QtQuick_Dialogs_quickimpl --> node_venv_lib_python3_12_site-packages_PyQt6_Qt6_qml_QtQuick_Dialogs_quickimpl_qml["qml"]\n    node_venv_lib_python3_12_site-packages_PyQt6_Qt6_qml_QtQuick_Dialogs_quickimpl_qml --> node_venv_lib_python3_12_site-packages_PyQt6_Qt6_qml_QtQuick_Dialogs_quickimpl_qml_FileDialogDelegateLabel_qml["FileDialogDelegateLabel.qml"]\n    Root --> node_venv["venv"]\n    node_venv --> node_venv_lib["lib"]\n    node_venv_lib --> node_venv_lib_python3_12["python3.12"]\n    node_venv_lib_python3_12 --> node_venv_lib_python3_12_site-packages["site-packages"]\n    node_venv_lib_python3_12_site-packages --> node_venv_lib_python3_12_site-packages_PyQt6["PyQt6"]\n    node_venv_lib_python3_12_site-packages_PyQt6 --> node_venv_lib_python3_12_site-packages_PyQt6_Qt6["Qt6"]\n    node_venv_lib_python3_12_site-packages_PyQt6_Qt6 --> node_venv_lib_python3_12_site-packages_PyQt6_Qt6_qml["qml"]\n    node_venv_lib_python3_12_site-packages_PyQt6_Qt6_qml --> node_venv_lib_python3_12_site-packages_PyQt6_Qt6_qml_QtQuick["QtQuick"]\n    node_venv_lib_python3_12_site-packages_PyQt6_Qt6_qml_QtQuick --> node_venv_lib_python3_12_site-packages_PyQt6_Qt6_qml_QtQuick_Dialogs["Dialogs"]\n    node_venv_lib_python3_12_site-packages_PyQt6_Qt6_qml_QtQuick_Dialogs --> node_venv_lib_python3_12_site-packages_PyQt6_Qt6_qml_QtQuick_Dialogs_quickimpl["quickimpl"]\n    node_venv_lib_python3_12_site-packages_PyQt6_Qt6_qml_QtQuick_Dialogs_quickimpl --> node_venv_lib_python3_12_site-packages_PyQt6_Qt6_qml_QtQuick_Dialogs_quickimpl_qml["qml"]\n    node_venv_lib_python3_12_site-packages_PyQt6_Qt6_qml_QtQuick_Dialogs_quickimpl_qml --> node_venv_lib_python3_12_site-packages_PyQt6_Qt6_qml_QtQuick_Dialogs_quickimpl_qml_FolderBreadcrumbBar_qml["FolderBreadcrumbBar.qml"]\n    Root --> node_venv["venv"]\n    node_venv --> node_venv_lib["lib"]\n    node_venv_lib --> node_venv_lib_python3_12["python3.12"]\n    node_venv_lib_python3_12 --> node_venv_lib_python3_12_site-packages["site-packages"]\n    node_venv_lib_python3_12_site-packages --> node_venv_lib_python3_12_site-packages_PyQt6["PyQt6"]\n    node_venv_lib_python3_12_site-packages_PyQt6 --> node_venv_lib_python3_12_site-packages_PyQt6_Qt6["Qt6"]\n    node_venv_lib_python3_12_site-packages_PyQt6_Qt6 --> node_venv_lib_python3_12_site-packages_PyQt6_Qt6_qml["qml"]\n    node_venv_lib_python3_12_site-packages_PyQt6_Qt6_qml --> node_venv_lib_python3_12_site-packages_PyQt6_Qt6_qml_QtQuick["QtQuick"]\n    node_venv_lib_python3_12_site-packages_PyQt6_Qt6_qml_QtQuick --> node_venv_lib_python3_12_site-packages_PyQt6_Qt6_qml_QtQuick_Dialogs["Dialogs"]\n    node_venv_lib_python3_12_site-packages_PyQt6_Qt6_qml_QtQuick_Dialogs --> node_venv_lib_python3_12_site-packages_PyQt6_Qt6_qml_QtQuick_Dialogs_quickimpl["quickimpl"]\n    node_venv_lib_python3_12_site-packages_PyQt6_Qt6_qml_QtQuick_Dialogs_quickimpl --> node_venv_lib_python3_12_site-packages_PyQt6_Qt6_qml_QtQuick_Dialogs_quickimpl_qml["qml"]\n    node_venv_lib_python3_12_site-packages_PyQt6_Qt6_qml_QtQuick_Dialogs_quickimpl_qml --> node_venv_lib_python3_12_site-packages_PyQt6_Qt6_qml_QtQuick_Dialogs_quickimpl_qml_FolderDialog_qml["FolderDialog.qml"]\n    Root --> node_venv["venv"]\n    node_venv --> node_venv_lib["lib"]\n    node_venv_lib --> node_venv_lib_python3_12["python3.12"]\n    node_venv_lib_python3_12 --> node_venv_lib_python3_12_site-packages["site-packages"]\n    node_venv_lib_python3_12_site-packages --> node_venv_lib_python3_12_site-packages_PyQt6["PyQt6"]\n    node_venv_lib_python3_12_site-packages_PyQt6 --> node_venv_lib_python3_12_site-packages_PyQt6_Qt6["Qt6"]\n    node_venv_lib_python3_12_site-packages_PyQt6_Qt6 --> node_venv_lib_python3_12_site-packages_PyQt6_Qt6_qml["qml"]\n    node_venv_lib_python3_12_site-packages_PyQt6_Qt6_qml --> node_venv_lib_python3_12_site-packages_PyQt6_Qt6_qml_QtQuick["QtQuick"]\n    node_venv_lib_python3_12_site-packages_PyQt6_Qt6_qml_QtQuick --> node_venv_lib_python3_12_site-packages_PyQt6_Qt6_qml_QtQuick_Dialogs["Dialogs"]\n    node_venv_lib_python3_12_site-packages_PyQt6_Qt6_qml_QtQuick_Dialogs --> node_venv_lib_python3_12_site-packages_PyQt6_Qt6_qml_QtQuick_Dialogs_quickimpl["quickimpl"]\n    node_venv_lib_python3_12_site-packages_PyQt6_Qt6_qml_QtQuick_Dialogs_quickimpl --> node_venv_lib_python3_12_site-packages_PyQt6_Qt6_qml_QtQuick_Dialogs_quickimpl_qml["qml"]\n    node_venv_lib_python3_12_site-packages_PyQt6_Qt6_qml_QtQuick_Dialogs_quickimpl_qml --> node_venv_lib_python3_12_site-packages_PyQt6_Qt6_qml_QtQuick_Dialogs_quickimpl_qml_FolderDialogDelegate_qml["FolderDialogDelegate.qml"]\n    Root --> node_venv["venv"]\n    node_venv --> node_venv_lib["lib"]\n    node_venv_lib --> node_venv_lib_python3_12["python3.12"]\n    node_venv_lib_python3_12 --> node_venv_lib_python3_12_site-packages["site-packages"]\n    node_venv_lib_python3_12_site-packages --> node_venv_lib_python3_12_site-packages_PyQt6["PyQt6"]\n    node_venv_lib_python3_12_site-packages_PyQt6 --> node_venv_lib_python3_12_site-packages_PyQt6_Qt6["Qt6"]\n    node_venv_lib_python3_12_site-packages_PyQt6_Qt6 --> node_venv_lib_python3_12_site-packages_PyQt6_Qt6_qml["qml"]\n    node_venv_lib_python3_12_site-packages_PyQt6_Qt6_qml --> node_venv_lib_python3_12_site-packages_PyQt6_Qt6_qml_QtQuick["QtQuick"]\n    node_venv_lib_python3_12_site-packages_PyQt6_Qt6_qml_QtQuick --> node_venv_lib_python3_12_site-packages_PyQt6_Qt6_qml_QtQuick_Dialogs["Dialogs"]\n    node_venv_lib_python3_12_site-packages_PyQt6_Qt6_qml_QtQuick_Dialogs --> node_venv_lib_python3_12_site-packages_PyQt6_Qt6_qml_QtQuick_Dialogs_quickimpl["quickimpl"]\n    node_venv_lib_python3_12_site-packages_PyQt6_Qt6_qml_QtQuick_Dialogs_quickimpl --> node_venv_lib_python3_12_site-packages_PyQt6_Qt6_qml_QtQuick_Dialogs_quickimpl_qml["qml"]\n    node_venv_lib_python3_12_site-packages_PyQt6_Qt6_qml_QtQuick_Dialogs_quickimpl_qml --> node_venv_lib_python3_12_site-packages_PyQt6_Qt6_qml_QtQuick_Dialogs_quickimpl_qml_FolderDialogDelegateLabel_qml["FolderDialogDelegateLabel.qml"]\n    Root --> node_venv["venv"]\n    node_venv --> node_venv_lib["lib"]\n    node_venv_lib --> node_venv_lib_python3_12["python3.12"]\n    node_venv_lib_python3_12 --> node_venv_lib_python3_12_site-packages["site-packages"]\n    node_venv_lib_python3_12_site-packages --> node_venv_lib_python3_12_site-packages_PyQt6["PyQt6"]\n    node_venv_lib_python3_12_site-packages_PyQt6 --> node_venv_lib_python3_12_site-packages_PyQt6_Qt6["Qt6"]\n    node_venv_lib_python3_12_site-packages_PyQt6_Qt6 --> node_venv_lib_python3_12_site-packages_PyQt6_Qt6_qml["qml"]\n    node_venv_lib_python3_12_site-packages_PyQt6_Qt6_qml --> node_venv_lib_python3_12_site-packages_PyQt6_Qt6_qml_QtQuick["QtQuick"]\n    node_venv_lib_python3_12_site-packages_PyQt6_Qt6_qml_QtQuick --> node_venv_lib_python3_12_site-packages_PyQt6_Qt6_qml_QtQuick_Dialogs["Dialogs"]\n    node_venv_lib_python3_12_site-packages_PyQt6_Qt6_qml_QtQuick_Dialogs --> node_venv_lib_python3_12_site-packages_PyQt6_Qt6_qml_QtQuick_Dialogs_quickimpl["quickimpl"]\n    node_venv_lib_python3_12_site-packages_PyQt6_Qt6_qml_QtQuick_Dialogs_quickimpl --> node_venv_lib_python3_12_site-packages_PyQt6_Qt6_qml_QtQuick_Dialogs_quickimpl_qml["qml"]\n    node_venv_lib_python3_12_site-packages_PyQt6_Qt6_qml_QtQuick_Dialogs_quickimpl_qml --> node_venv_lib_python3_12_site-packages_PyQt6_Qt6_qml_QtQuick_Dialogs_quickimpl_qml_FontDialog_qml["FontDialog.qml"]\n    Root --> node_venv["venv"]\n    node_venv --> node_venv_lib["lib"]\n    node_venv_lib --> node_venv_lib_python3_12["python3.12"]\n    node_venv_lib_python3_12 --> node_venv_lib_python3_12_site-packages["site-packages"]\n    node_venv_lib_python3_12_site-packages --> node_venv_lib_python3_12_site-packages_PyQt6["PyQt6"]\n    node_venv_lib_python3_12_site-packages_PyQt6 --> node_venv_lib_python3_12_site-packages_PyQt6_Qt6["Qt6"]\n    node_venv_lib_python3_12_site-packages_PyQt6_Qt6 --> node_venv_lib_python3_12_site-packages_PyQt6_Qt6_qml["qml"]\n    node_venv_lib_python3_12_site-packages_PyQt6_Qt6_qml --> node_venv_lib_python3_12_site-packages_PyQt6_Qt6_qml_QtQuick["QtQuick"]\n    node_venv_lib_python3_12_site-packages_PyQt6_Qt6_qml_QtQuick --> node_venv_lib_python3_12_site-packages_PyQt6_Qt6_qml_QtQuick_Dialogs["Dialogs"]\n    node_venv_lib_python3_12_site-packages_PyQt6_Qt6_qml_QtQuick_Dialogs --> node_venv_lib_python3_12_site-packages_PyQt6_Qt6_qml_QtQuick_Dialogs_quickimpl["quickimpl"]\n    node_venv_lib_python3_12_site-packages_PyQt6_Qt6_qml_QtQuick_Dialogs_quickimpl --> node_venv_lib_python3_12_site-packages_PyQt6_Qt6_qml_QtQuick_Dialogs_quickimpl_qml["qml"]\n    node_venv_lib_python3_12_site-packages_PyQt6_Qt6_qml_QtQuick_Dialogs_quickimpl_qml --> node_venv_lib_python3_12_site-packages_PyQt6_Qt6_qml_QtQuick_Dialogs_quickimpl_qml_FontDialogContent_qml["FontDialogContent.qml"]\n    Root --> node_venv["venv"]\n    node_venv --> node_venv_lib["lib"]\n    node_venv_lib --> node_venv_lib_python3_12["python3.12"]\n    node_venv_lib_python3_12 --> node_venv_lib_python3_12_site-packages["site-packages"]\n    node_venv_lib_python3_12_site-packages --> node_venv_lib_python3_12_site-packages_PyQt6["PyQt6"]\n    node_venv_lib_python3_12_site-packages_PyQt6 --> node_venv_lib_python3_12_site-packages_PyQt6_Qt6["Qt6"]\n    node_venv_lib_python3_12_site-packages_PyQt6_Qt6 --> node_venv_lib_python3_12_site-packages_PyQt6_Qt6_qml["qml"]\n    node_venv_lib_python3_12_site-packages_PyQt6_Qt6_qml --> node_venv_lib_python3_12_site-packages_PyQt6_Qt6_qml_QtQuick["QtQuick"]\n    node_venv_lib_python3_12_site-packages_PyQt6_Qt6_qml_QtQuick --> node_venv_lib_python3_12_site-packages_PyQt6_Qt6_qml_QtQuick_Dialogs["Dialogs"]\n    node_venv_lib_python3_12_site-packages_PyQt6_Qt6_qml_QtQuick_Dialogs --> node_venv_lib_python3_12_site-packages_PyQt6_Qt6_qml_QtQuick_Dialogs_quickimpl["quickimpl"]\n    node_venv_lib_python3_12_site-packages_PyQt6_Qt6_qml_QtQuick_Dialogs_quickimpl --> node_venv_lib_python3_12_site-packages_PyQt6_Qt6_qml_QtQuick_Dialogs_quickimpl_qml["qml"]\n    node_venv_lib_python3_12_site-packages_PyQt6_Qt6_qml_QtQuick_Dialogs_quickimpl_qml --> node_venv_lib_python3_12_site-packages_PyQt6_Qt6_qml_QtQuick_Dialogs_quickimpl_qml_HueGradient_qml["HueGradient.qml"]\n    Root --> node_venv["venv"]\n    node_venv --> node_venv_lib["lib"]\n    node_venv_lib --> node_venv_lib_python3_12["python3.12"]\n    node_venv_lib_python3_12 --> node_venv_lib_python3_12_site-packages["site-packages"]\n    node_venv_lib_python3_12_site-packages --> node_venv_lib_python3_12_site-packages_PyQt6["PyQt6"]\n    node_venv_lib_python3_12_site-packages_PyQt6 --> node_venv_lib_python3_12_site-packages_PyQt6_Qt6["Qt6"]\n    node_venv_lib_python3_12_site-packages_PyQt6_Qt6 --> node_venv_lib_python3_12_site-packages_PyQt6_Qt6_qml["qml"]\n    node_venv_lib_python3_12_site-packages_PyQt6_Qt6_qml --> node_venv_lib_python3_12_site-packages_PyQt6_Qt6_qml_QtQuick["QtQuick"]\n    node_venv_lib_python3_12_site-packages_PyQt6_Qt6_qml_QtQuick --> node_venv_lib_python3_12_site-packages_PyQt6_Qt6_qml_QtQuick_Dialogs["Dialogs"]\n    node_venv_lib_python3_12_site-packages_PyQt6_Qt6_qml_QtQuick_Dialogs --> node_venv_lib_python3_12_site-packages_PyQt6_Qt6_qml_QtQuick_Dialogs_quickimpl["quickimpl"]\n    node_venv_lib_python3_12_site-packages_PyQt6_Qt6_qml_QtQuick_Dialogs_quickimpl --> node_venv_lib_python3_12_site-packages_PyQt6_Qt6_qml_QtQuick_Dialogs_quickimpl_qml["qml"]\n    node_venv_lib_python3_12_site-packages_PyQt6_Qt6_qml_QtQuick_Dialogs_quickimpl_qml --> node_venv_lib_python3_12_site-packages_PyQt6_Qt6_qml_QtQuick_Dialogs_quickimpl_qml_MessageDialog_qml["MessageDialog.qml"]\n    Root --> node_venv["venv"]\n    node_venv --> node_venv_lib["lib"]\n    node_venv_lib --> node_venv_lib_python3_12["python3.12"]\n    node_venv_lib_python3_12 --> node_venv_lib_python3_12_site-packages["site-packages"]\n    node_venv_lib_python3_12_site-packages --> node_venv_lib_python3_12_site-packages_PyQt6["PyQt6"]\n    node_venv_lib_python3_12_site-packages_PyQt6 --> node_venv_lib_python3_12_site-packages_PyQt6_Qt6["Qt6"]\n    node_venv_lib_python3_12_site-packages_PyQt6_Qt6 --> node_venv_lib_python3_12_site-packages_PyQt6_Qt6_qml["qml"]\n    node_venv_lib_python3_12_site-packages_PyQt6_Qt6_qml --> node_venv_lib_python3_12_site-packages_PyQt6_Qt6_qml_QtQuick["QtQuick"]\n    node_venv_lib_python3_12_site-packages_PyQt6_Qt6_qml_QtQuick --> node_venv_lib_python3_12_site-packages_PyQt6_Qt6_qml_QtQuick_Dialogs["Dialogs"]\n    node_venv_lib_python3_12_site-packages_PyQt6_Qt6_qml_QtQuick_Dialogs --> node_venv_lib_python3_12_site-packages_PyQt6_Qt6_qml_QtQuick_Dialogs_quickimpl["quickimpl"]\n    node_venv_lib_python3_12_site-packages_PyQt6_Qt6_qml_QtQuick_Dialogs_quickimpl --> node_venv_lib_python3_12_site-packages_PyQt6_Qt6_qml_QtQuick_Dialogs_quickimpl_qml["qml"]\n    node_venv_lib_python3_12_site-packages_PyQt6_Qt6_qml_QtQuick_Dialogs_quickimpl_qml --> node_venv_lib_python3_12_site-packages_PyQt6_Qt6_qml_QtQuick_Dialogs_quickimpl_qml_PickerHandle_qml["PickerHandle.qml"]\n    Root --> node_venv["venv"]\n    node_venv --> node_venv_lib["lib"]\n    node_venv_lib --> node_venv_lib_python3_12["python3.12"]\n    node_venv_lib_python3_12 --> node_venv_lib_python3_12_site-packages["site-packages"]\n    node_venv_lib_python3_12_site-packages --> node_venv_lib_python3_12_site-packages_PyQt6["PyQt6"]\n    node_venv_lib_python3_12_site-packages_PyQt6 --> node_venv_lib_python3_12_site-packages_PyQt6_Qt6["Qt6"]\n    node_venv_lib_python3_12_site-packages_PyQt6_Qt6 --> node_venv_lib_python3_12_site-packages_PyQt6_Qt6_qml["qml"]\n    node_venv_lib_python3_12_site-packages_PyQt6_Qt6_qml --> node_venv_lib_python3_12_site-packages_PyQt6_Qt6_qml_QtQuick["QtQuick"]\n    node_venv_lib_python3_12_site-packages_PyQt6_Qt6_qml_QtQuick --> node_venv_lib_python3_12_site-packages_PyQt6_Qt6_qml_QtQuick_Dialogs["Dialogs"]\n    node_venv_lib_python3_12_site-packages_PyQt6_Qt6_qml_QtQuick_Dialogs --> node_venv_lib_python3_12_site-packages_PyQt6_Qt6_qml_QtQuick_Dialogs_quickimpl["quickimpl"]\n    node_venv_lib_python3_12_site-packages_PyQt6_Qt6_qml_QtQuick_Dialogs_quickimpl --> node_venv_lib_python3_12_site-packages_PyQt6_Qt6_qml_QtQuick_Dialogs_quickimpl_qml["qml"]\n    node_venv_lib_python3_12_site-packages_PyQt6_Qt6_qml_QtQuick_Dialogs_quickimpl_qml --> node_venv_lib_python3_12_site-packages_PyQt6_Qt6_qml_QtQuick_Dialogs_quickimpl_qml_SaturationLightnessPicker_qml["SaturationLightnessPicker.qml"]\n    Root --> node_venv["venv"]\n    node_venv --> node_venv_lib["lib"]\n    node_venv_lib --> node_venv_lib_python3_12["python3.12"]\n    node_venv_lib_python3_12 --> node_venv_lib_python3_12_site-packages["site-packages"]\n    node_venv_lib_python3_12_site-packages --> node_venv_lib_python3_12_site-packages_PyQt6["PyQt6"]\n    node_venv_lib_python3_12_site-packages_PyQt6 --> node_venv_lib_python3_12_site-packages_PyQt6_Qt6["Qt6"]\n    node_venv_lib_python3_12_site-packages_PyQt6_Qt6 --> node_venv_lib_python3_12_site-packages_PyQt6_Qt6_qml["qml"]\n    node_venv_lib_python3_12_site-packages_PyQt6_Qt6_qml --> node_venv_lib_python3_12_site-packages_PyQt6_Qt6_qml_QtQuick["QtQuick"]\n    node_venv_lib_python3_12_site-packages_PyQt6_Qt6_qml_QtQuick --> node_venv_lib_python3_12_site-packages_PyQt6_Qt6_qml_QtQuick_Dialogs["Dialogs"]\n    node_venv_lib_python3_12_site-packages_PyQt6_Qt6_qml_QtQuick_Dialogs --> node_venv_lib_python3_12_site-packages_PyQt6_Qt6_qml_QtQuick_Dialogs_quickimpl["quickimpl"]\n    node_venv_lib_python3_12_site-packages_PyQt6_Qt6_qml_QtQuick_Dialogs_quickimpl --> node_venv_lib_python3_12_site-packages_PyQt6_Qt6_qml_QtQuick_Dialogs_quickimpl_qml["qml"]\n    node_venv_lib_python3_12_site-packages_PyQt6_Qt6_qml_QtQuick_Dialogs_quickimpl_qml --> node_venv_lib_python3_12_site-packages_PyQt6_Qt6_qml_QtQuick_Dialogs_quickimpl_qml_SideBar_qml["SideBar.qml"]\n    Root --> node_venv["venv"]\n    node_venv --> node_venv_lib["lib"]\n    node_venv_lib --> node_venv_lib_python3_12["python3.12"]\n    node_venv_lib_python3_12 --> node_venv_lib_python3_12_site-packages["site-packages"]\n    node_venv_lib_python3_12_site-packages --> node_venv_lib_python3_12_site-packages_PyQt6["PyQt6"]\n    node_venv_lib_python3_12_site-packages_PyQt6 --> node_venv_lib_python3_12_site-packages_PyQt6_Qt6["Qt6"]\n    node_venv_lib_python3_12_site-packages_PyQt6_Qt6 --> node_venv_lib_python3_12_site-packages_PyQt6_Qt6_qml["qml"]\n    node_venv_lib_python3_12_site-packages_PyQt6_Qt6_qml --> node_venv_lib_python3_12_site-packages_PyQt6_Qt6_qml_QtQuick["QtQuick"]\n    node_venv_lib_python3_12_site-packages_PyQt6_Qt6_qml_QtQuick --> node_venv_lib_python3_12_site-packages_PyQt6_Qt6_qml_QtQuick_Dialogs["Dialogs"]\n    node_venv_lib_python3_12_site-packages_PyQt6_Qt6_qml_QtQuick_Dialogs --> node_venv_lib_python3_12_site-packages_PyQt6_Qt6_qml_QtQuick_Dialogs_quickimpl["quickimpl"]\n    node_venv_lib_python3_12_site-packages_PyQt6_Qt6_qml_QtQuick_Dialogs_quickimpl --> node_venv_lib_python3_12_site-packages_PyQt6_Qt6_qml_QtQuick_Dialogs_quickimpl_qml["qml"]\n    node_venv_lib_python3_12_site-packages_PyQt6_Qt6_qml_QtQuick_Dialogs_quickimpl_qml --> node_venv_lib_python3_12_site-packages_PyQt6_Qt6_qml_QtQuick_Dialogs_quickimpl_qml_+Imagine["+Imagine"]\n    node_venv_lib_python3_12_site-packages_PyQt6_Qt6_qml_QtQuick_Dialogs_quickimpl_qml_+Imagine --> node_venv_lib_python3_12_site-packages_PyQt6_Qt6_qml_QtQuick_Dialogs_quickimpl_qml_+Imagine_ColorDialog_qml["ColorDialog.qml"]\n    Root --> node_venv["venv"]\n    node_venv --> node_venv_lib["lib"]\n    node_venv_lib --> node_venv_lib_python3_12["python3.12"]\n    node_venv_lib_python3_12 --> node_venv_lib_python3_12_site-packages["site-packages"]\n    node_venv_lib_python3_12_site-packages --> node_venv_lib_python3_12_site-packages_PyQt6["PyQt6"]\n    node_venv_lib_python3_12_site-packages_PyQt6 --> node_venv_lib_python3_12_site-packages_PyQt6_Qt6["Qt6"]\n    node_venv_lib_python3_12_site-packages_PyQt6_Qt6 --> node_venv_lib_python3_12_site-packages_PyQt6_Qt6_qml["qml"]\n    node_venv_lib_python3_12_site-packages_PyQt6_Qt6_qml --> node_venv_lib_python3_12_site-packages_PyQt6_Qt6_qml_QtQuick["QtQuick"]\n    node_venv_lib_python3_12_site-packages_PyQt6_Qt6_qml_QtQuick --> node_venv_lib_python3_12_site-packages_PyQt6_Qt6_qml_QtQuick_Dialogs["Dialogs"]\n    node_venv_lib_python3_12_site-packages_PyQt6_Qt6_qml_QtQuick_Dialogs --> node_venv_lib_python3_12_site-packages_PyQt6_Qt6_qml_QtQuick_Dialogs_quickimpl["quickimpl"]\n    node_venv_lib_python3_12_site-packages_PyQt6_Qt6_qml_QtQuick_Dialogs_quickimpl --> node_venv_lib_python3_12_site-packages_PyQt6_Qt6_qml_QtQuick_Dialogs_quickimpl_qml["qml"]\n    node_venv_lib_python3_12_site-packages_PyQt6_Qt6_qml_QtQuick_Dialogs_quickimpl_qml --> node_venv_lib_python3_12_site-packages_PyQt6_Qt6_qml_QtQuick_Dialogs_quickimpl_qml_+Imagine["+Imagine"]\n    node_venv_lib_python3_12_site-packages_PyQt6_Qt6_qml_QtQuick_Dialogs_quickimpl_qml_+Imagine --> node_venv_lib_python3_12_site-packages_PyQt6_Qt6_qml_QtQuick_Dialogs_quickimpl_qml_+Imagine_ColorInputs_qml["ColorInputs.qml"]\n    Root --> node_venv["venv"]\n    node_venv --> node_venv_lib["lib"]\n    node_venv_lib --> node_venv_lib_python3_12["python3.12"]\n    node_venv_lib_python3_12 --> node_venv_lib_python3_12_site-packages["site-packages"]\n    node_venv_lib_python3_12_site-packages --> node_venv_lib_python3_12_site-packages_PyQt6["PyQt6"]\n    node_venv_lib_python3_12_site-packages_PyQt6 --> node_venv_lib_python3_12_site-packages_PyQt6_Qt6["Qt6"]\n    node_venv_lib_python3_12_site-packages_PyQt6_Qt6 --> node_venv_lib_python3_12_site-packages_PyQt6_Qt6_qml["qml"]\n    node_venv_lib_python3_12_site-packages_PyQt6_Qt6_qml --> node_venv_lib_python3_12_site-packages_PyQt6_Qt6_qml_QtQuick["QtQuick"]\n    node_venv_lib_python3_12_site-packages_PyQt6_Qt6_qml_QtQuick --> node_venv_lib_python3_12_site-packages_PyQt6_Qt6_qml_QtQuick_Dialogs["Dialogs"]\n    node_venv_lib_python3_12_site-packages_PyQt6_Qt6_qml_QtQuick_Dialogs --> node_venv_lib_python3_12_site-packages_PyQt6_Qt6_qml_QtQuick_Dialogs_quickimpl["quickimpl"]\n    node_venv_lib_python3_12_site-packages_PyQt6_Qt6_qml_QtQuick_Dialogs_quickimpl --> node_venv_lib_python3_12_site-packages_PyQt6_Qt6_qml_QtQuick_Dialogs_quickimpl_qml["qml"]\n    node_venv_lib_python3_12_site-packages_PyQt6_Qt6_qml_QtQuick_Dialogs_quickimpl_qml --> node_venv_lib_python3_12_site-packages_PyQt6_Qt6_qml_QtQuick_Dialogs_quickimpl_qml_+Imagine["+Imagine"]\n    node_venv_lib_python3_12_site-packages_PyQt6_Qt6_qml_QtQuick_Dialogs_quickimpl_qml_+Imagine --> node_venv_lib_python3_12_site-packages_PyQt6_Qt6_qml_QtQuick_Dialogs_quickimpl_qml_+Imagine_FileDialog_qml["FileDialog.qml"]\n    Root --> node_venv["venv"]\n    node_venv --> node_venv_lib["lib"]\n    node_venv_lib --> node_venv_lib_python3_12["python3.12"]\n    node_venv_lib_python3_12 --> node_venv_lib_python3_12_site-packages["site-packages"]\n    node_venv_lib_python3_12_site-packages --> node_venv_lib_python3_12_site-packages_PyQt6["PyQt6"]\n    node_venv_lib_python3_12_site-packages_PyQt6 --> node_venv_lib_python3_12_site-packages_PyQt6_Qt6["Qt6"]\n    node_venv_lib_python3_12_site-packages_PyQt6_Qt6 --> node_venv_lib_python3_12_site-packages_PyQt6_Qt6_qml["qml"]\n    node_venv_lib_python3_12_site-packages_PyQt6_Qt6_qml --> node_venv_lib_python3_12_site-packages_PyQt6_Qt6_qml_QtQuick["QtQuick"]\n    node_venv_lib_python3_12_site-packages_PyQt6_Qt6_qml_QtQuick --> node_venv_lib_python3_12_site-packages_PyQt6_Qt6_qml_QtQuick_Dialogs["Dialogs"]\n    node_venv_lib_python3_12_site-packages_PyQt6_Qt6_qml_QtQuick_Dialogs --> node_venv_lib_python3_12_site-packages_PyQt6_Qt6_qml_QtQuick_Dialogs_quickimpl["quickimpl"]\n    node_venv_lib_python3_12_site-packages_PyQt6_Qt6_qml_QtQuick_Dialogs_quickimpl --> node_venv_lib_python3_12_site-packages_PyQt6_Qt6_qml_QtQuick_Dialogs_quickimpl_qml["qml"]\n    node_venv_lib_python3_12_site-packages_PyQt6_Qt6_qml_QtQuick_Dialogs_quickimpl_qml --> node_venv_lib_python3_12_site-packages_PyQt6_Qt6_qml_QtQuick_Dialogs_quickimpl_qml_+Imagine["+Imagine"]\n    node_venv_lib_python3_12_site-packages_PyQt6_Qt6_qml_QtQuick_Dialogs_quickimpl_qml_+Imagine --> node_venv_lib_python3_12_site-packages_PyQt6_Qt6_qml_QtQuick_Dialogs_quickimpl_qml_+Imagine_FileDialogDelegate_qml["FileDialogDelegate.qml"]\n    Root --> node_venv["venv"]\n    node_venv --> node_venv_lib["lib"]\n    node_venv_lib --> node_venv_lib_python3_12["python3.12"]\n    node_venv_lib_python3_12 --> node_venv_lib_python3_12_site-packages["site-packages"]\n    node_venv_lib_python3_12_site-packages --> node_venv_lib_python3_12_site-packages_PyQt6["PyQt6"]\n    node_venv_lib_python3_12_site-packages_PyQt6 --> node_venv_lib_python3_12_site-packages_PyQt6_Qt6["Qt6"]\n    node_venv_lib_python3_12_site-packages_PyQt6_Qt6 --> node_venv_lib_python3_12_site-packages_PyQt6_Qt6_qml["qml"]\n    node_venv_lib_python3_12_site-packages_PyQt6_Qt6_qml --> node_venv_lib_python3_12_site-packages_PyQt6_Qt6_qml_QtQuick["QtQuick"]\n    node_venv_lib_python3_12_site-packages_PyQt6_Qt6_qml_QtQuick --> node_venv_lib_python3_12_site-packages_PyQt6_Qt6_qml_QtQuick_Dialogs["Dialogs"]\n    node_venv_lib_python3_12_site-packages_PyQt6_Qt6_qml_QtQuick_Dialogs --> node_venv_lib_python3_12_site-packages_PyQt6_Qt6_qml_QtQuick_Dialogs_quickimpl["quickimpl"]\n    node_venv_lib_python3_12_site-packages_PyQt6_Qt6_qml_QtQuick_Dialogs_quickimpl --> node_venv_lib_python3_12_site-packages_PyQt6_Qt6_qml_QtQuick_Dialogs_quickimpl_qml["qml"]\n    node_venv_lib_python3_12_site-packages_PyQt6_Qt6_qml_QtQuick_Dialogs_quickimpl_qml --> node_venv_lib_python3_12_site-packages_PyQt6_Qt6_qml_QtQuick_Dialogs_quickimpl_qml_+Imagine["+Imagine"]\n    node_venv_lib_python3_12_site-packages_PyQt6_Qt6_qml_QtQuick_Dialogs_quickimpl_qml_+Imagine --> node_venv_lib_python3_12_site-packages_PyQt6_Qt6_qml_QtQuick_Dialogs_quickimpl_qml_+Imagine_FolderBreadcrumbBar_qml["FolderBreadcrumbBar.qml"]\n    Root --> node_venv["venv"]\n    node_venv --> node_venv_lib["lib"]\n    node_venv_lib --> node_venv_lib_python3_12["python3.12"]\n    node_venv_lib_python3_12 --> node_venv_lib_python3_12_site-packages["site-packages"]\n    node_venv_lib_python3_12_site-packages --> node_venv_lib_python3_12_site-packages_PyQt6["PyQt6"]\n    node_venv_lib_python3_12_site-packages_PyQt6 --> node_venv_lib_python3_12_site-packages_PyQt6_Qt6["Qt6"]\n    node_venv_lib_python3_12_site-packages_PyQt6_Qt6 --> node_venv_lib_python3_12_site-packages_PyQt6_Qt6_qml["qml"]\n    node_venv_lib_python3_12_site-packages_PyQt6_Qt6_qml --> node_venv_lib_python3_12_site-packages_PyQt6_Qt6_qml_QtQuick["QtQuick"]\n    node_venv_lib_python3_12_site-packages_PyQt6_Qt6_qml_QtQuick --> node_venv_lib_python3_12_site-packages_PyQt6_Qt6_qml_QtQuick_Dialogs["Dialogs"]\n    node_venv_lib_python3_12_site-packages_PyQt6_Qt6_qml_QtQuick_Dialogs --> node_venv_lib_python3_12_site-packages_PyQt6_Qt6_qml_QtQuick_Dialogs_quickimpl["quickimpl"]\n    node_venv_lib_python3_12_site-packages_PyQt6_Qt6_qml_QtQuick_Dialogs_quickimpl --> node_venv_lib_python3_12_site-packages_PyQt6_Qt6_qml_QtQuick_Dialogs_quickimpl_qml["qml"]\n    node_venv_lib_python3_12_site-packages_PyQt6_Qt6_qml_QtQuick_Dialogs_quickimpl_qml --> node_venv_lib_python3_12_site-packages_PyQt6_Qt6_qml_QtQuick_Dialogs_quickimpl_qml_+Imagine["+Imagine"]\n    node_venv_lib_python3_12_site-packages_PyQt6_Qt6_qml_QtQuick_Dialogs_quickimpl_qml_+Imagine --> node_venv_lib_python3_12_site-packages_PyQt6_Qt6_qml_QtQuick_Dialogs_quickimpl_qml_+Imagine_FolderDialog_qml["FolderDialog.qml"]\n    Root --> node_venv["venv"]\n    node_venv --> node_venv_lib["lib"]\n    node_venv_lib --> node_venv_lib_python3_12["python3.12"]\n    node_venv_lib_python3_12 --> node_venv_lib_python3_12_site-packages["site-packages"]\n    node_venv_lib_python3_12_site-packages --> node_venv_lib_python3_12_site-packages_PyQt6["PyQt6"]\n    node_venv_lib_python3_12_site-packages_PyQt6 --> node_venv_lib_python3_12_site-packages_PyQt6_Qt6["Qt6"]\n    node_venv_lib_python3_12_site-packages_PyQt6_Qt6 --> node_venv_lib_python3_12_site-packages_PyQt6_Qt6_qml["qml"]\n    node_venv_lib_python3_12_site-packages_PyQt6_Qt6_qml --> node_venv_lib_python3_12_site-packages_PyQt6_Qt6_qml_QtQuick["QtQuick"]\n    node_venv_lib_python3_12_site-packages_PyQt6_Qt6_qml_QtQuick --> node_venv_lib_python3_12_site-packages_PyQt6_Qt6_qml_QtQuick_Dialogs["Dialogs"]\n    node_venv_lib_python3_12_site-packages_PyQt6_Qt6_qml_QtQuick_Dialogs --> node_venv_lib_python3_12_site-packages_PyQt6_Qt6_qml_QtQuick_Dialogs_quickimpl["quickimpl"]\n    node_venv_lib_python3_12_site-packages_PyQt6_Qt6_qml_QtQuick_Dialogs_quickimpl --> node_venv_lib_python3_12_site-packages_PyQt6_Qt6_qml_QtQuick_Dialogs_quickimpl_qml["qml"]\n    node_venv_lib_python3_12_site-packages_PyQt6_Qt6_qml_QtQuick_Dialogs_quickimpl_qml --> node_venv_lib_python3_12_site-packages_PyQt6_Qt6_qml_QtQuick_Dialogs_quickimpl_qml_+Imagine["+Imagine"]\n    node_venv_lib_python3_12_site-packages_PyQt6_Qt6_qml_QtQuick_Dialogs_quickimpl_qml_+Imagine --> node_venv_lib_python3_12_site-packages_PyQt6_Qt6_qml_QtQuick_Dialogs_quickimpl_qml_+Imagine_FolderDialogDelegate_qml["FolderDialogDelegate.qml"]\n    Root --> node_venv["venv"]\n    node_venv --> node_venv_lib["lib"]\n    node_venv_lib --> node_venv_lib_python3_12["python3.12"]\n    node_venv_lib_python3_12 --> node_venv_lib_python3_12_site-packages["site-packages"]\n    node_venv_lib_python3_12_site-packages --> node_venv_lib_python3_12_site-packages_PyQt6["PyQt6"]\n    node_venv_lib_python3_12_site-packages_PyQt6 --> node_venv_lib_python3_12_site-packages_PyQt6_Qt6["Qt6"]\n    node_venv_lib_python3_12_site-packages_PyQt6_Qt6 --> node_venv_lib_python3_12_site-packages_PyQt6_Qt6_qml["qml"]\n    node_venv_lib_python3_12_site-packages_PyQt6_Qt6_qml --> node_venv_lib_python3_12_site-packages_PyQt6_Qt6_qml_QtQuick["QtQuick"]\n    node_venv_lib_python3_12_site-packages_PyQt6_Qt6_qml_QtQuick --> node_venv_lib_python3_12_site-packages_PyQt6_Qt6_qml_QtQuick_Dialogs["Dialogs"]\n    node_venv_lib_python3_12_site-packages_PyQt6_Qt6_qml_QtQuick_Dialogs --> node_venv_lib_python3_12_site-packages_PyQt6_Qt6_qml_QtQuick_Dialogs_quickimpl["quickimpl"]\n    node_venv_lib_python3_12_site-packages_PyQt6_Qt6_qml_QtQuick_Dialogs_quickimpl --> node_venv_lib_python3_12_site-packages_PyQt6_Qt6_qml_QtQuick_Dialogs_quickimpl_qml["qml"]\n    node_venv_lib_python3_12_site-packages_PyQt6_Qt6_qml_QtQuick_Dialogs_quickimpl_qml --> node_venv_lib_python3_12_site-packages_PyQt6_Qt6_qml_QtQuick_Dialogs_quickimpl_qml_+Imagine["+Imagine"]\n    node_venv_lib_python3_12_site-packages_PyQt6_Qt6_qml_QtQuick_Dialogs_quickimpl_qml_+Imagine --> node_venv_lib_python3_12_site-packages_PyQt6_Qt6_qml_QtQuick_Dialogs_quickimpl_qml_+Imagine_FontDialog_qml["FontDialog.qml"]\n    Root --> node_venv["venv"]\n    node_venv --> node_venv_lib["lib"]\n    node_venv_lib --> node_venv_lib_python3_12["python3.12"]\n    node_venv_lib_python3_12 --> node_venv_lib_python3_12_site-packages["site-packages"]\n    node_venv_lib_python3_12_site-packages --> node_venv_lib_python3_12_site-packages_PyQt6["PyQt6"]\n    node_venv_lib_python3_12_site-packages_PyQt6 --> node_venv_lib_python3_12_site-packages_PyQt6_Qt6["Qt6"]\n    node_venv_lib_python3_12_site-packages_PyQt6_Qt6 --> node_venv_lib_python3_12_site-packages_PyQt6_Qt6_qml["qml"]\n    node_venv_lib_python3_12_site-packages_PyQt6_Qt6_qml --> node_venv_lib_python3_12_site-packages_PyQt6_Qt6_qml_QtQuick["QtQuick"]\n    node_venv_lib_python3_12_site-packages_PyQt6_Qt6_qml_QtQuick --> node_venv_lib_python3_12_site-packages_PyQt6_Qt6_qml_QtQuick_Dialogs["Dialogs"]\n    node_venv_lib_python3_12_site-packages_PyQt6_Qt6_qml_QtQuick_Dialogs --> node_venv_lib_python3_12_site-packages_PyQt6_Qt6_qml_QtQuick_Dialogs_quickimpl["quickimpl"]\n    node_venv_lib_python3_12_site-packages_PyQt6_Qt6_qml_QtQuick_Dialogs_quickimpl --> node_venv_lib_python3_12_site-packages_PyQt6_Qt6_qml_QtQuick_Dialogs_quickimpl_qml["qml"]\n    node_venv_lib_python3_12_site-packages_PyQt6_Qt6_qml_QtQuick_Dialogs_quickimpl_qml --> node_venv_lib_python3_12_site-packages_PyQt6_Qt6_qml_QtQuick_Dialogs_quickimpl_qml_+Imagine["+Imagine"]\n    node_venv_lib_python3_12_site-packages_PyQt6_Qt6_qml_QtQuick_Dialogs_quickimpl_qml_+Imagine --> node_venv_lib_python3_12_site-packages_PyQt6_Qt6_qml_QtQuick_Dialogs_quickimpl_qml_+Imagine_MessageDialog_qml["MessageDialog.qml"]\n    Root --> node_venv["venv"]\n    node_venv --> node_venv_lib["lib"]\n    node_venv_lib --> node_venv_lib_python3_12["python3.12"]\n    node_venv_lib_python3_12 --> node_venv_lib_python3_12_site-packages["site-packages"]\n    node_venv_lib_python3_12_site-packages --> node_venv_lib_python3_12_site-packages_PyQt6["PyQt6"]\n    node_venv_lib_python3_12_site-packages_PyQt6 --> node_venv_lib_python3_12_site-packages_PyQt6_Qt6["Qt6"]\n    node_venv_lib_python3_12_site-packages_PyQt6_Qt6 --> node_venv_lib_python3_12_site-packages_PyQt6_Qt6_qml["qml"]\n    node_venv_lib_python3_12_site-packages_PyQt6_Qt6_qml --> node_venv_lib_python3_12_site-packages_PyQt6_Qt6_qml_QtQuick["QtQuick"]\n    node_venv_lib_python3_12_site-packages_PyQt6_Qt6_qml_QtQuick --> node_venv_lib_python3_12_site-packages_PyQt6_Qt6_qml_QtQuick_Dialogs["Dialogs"]\n    node_venv_lib_python3_12_site-packages_PyQt6_Qt6_qml_QtQuick_Dialogs --> node_venv_lib_python3_12_site-packages_PyQt6_Qt6_qml_QtQuick_Dialogs_quickimpl["quickimpl"]\n    node_venv_lib_python3_12_site-packages_PyQt6_Qt6_qml_QtQuick_Dialogs_quickimpl --> node_venv_lib_python3_12_site-packages_PyQt6_Qt6_qml_QtQuick_Dialogs_quickimpl_qml["qml"]\n    node_venv_lib_python3_12_site-packages_PyQt6_Qt6_qml_QtQuick_Dialogs_quickimpl_qml --> node_venv_lib_python3_12_site-packages_PyQt6_Qt6_qml_QtQuick_Dialogs_quickimpl_qml_+Imagine["+Imagine"]\n    node_venv_lib_python3_12_site-packages_PyQt6_Qt6_qml_QtQuick_Dialogs_quickimpl_qml_+Imagine --> node_venv_lib_python3_12_site-packages_PyQt6_Qt6_qml_QtQuick_Dialogs_quickimpl_qml_+Imagine_SideBar_qml["SideBar.qml"]\n    Root --> node_venv["venv"]\n    node_venv --> node_venv_lib["lib"]\n    node_venv_lib --> node_venv_lib_python3_12["python3.12"]\n    node_venv_lib_python3_12 --> node_venv_lib_python3_12_site-packages["site-packages"]\n    node_venv_lib_python3_12_site-packages --> node_venv_lib_python3_12_site-packages_PyQt6["PyQt6"]\n    node_venv_lib_python3_12_site-packages_PyQt6 --> node_venv_lib_python3_12_site-packages_PyQt6_Qt6["Qt6"]\n    node_venv_lib_python3_12_site-packages_PyQt6_Qt6 --> node_venv_lib_python3_12_site-packages_PyQt6_Qt6_qml["qml"]\n    node_venv_lib_python3_12_site-packages_PyQt6_Qt6_qml --> node_venv_lib_python3_12_site-packages_PyQt6_Qt6_qml_QtQuick["QtQuick"]\n    node_venv_lib_python3_12_site-packages_PyQt6_Qt6_qml_QtQuick --> node_venv_lib_python3_12_site-packages_PyQt6_Qt6_qml_QtQuick_Dialogs["Dialogs"]\n    node_venv_lib_python3_12_site-packages_PyQt6_Qt6_qml_QtQuick_Dialogs --> node_venv_lib_python3_12_site-packages_PyQt6_Qt6_qml_QtQuick_Dialogs_quickimpl["quickimpl"]\n    node_venv_lib_python3_12_site-packages_PyQt6_Qt6_qml_QtQuick_Dialogs_quickimpl --> node_venv_lib_python3_12_site-packages_PyQt6_Qt6_qml_QtQuick_Dialogs_quickimpl_qml["qml"]\n    node_venv_lib_python3_12_site-packages_PyQt6_Qt6_qml_QtQuick_Dialogs_quickimpl_qml --> node_venv_lib_python3_12_site-packages_PyQt6_Qt6_qml_QtQuick_Dialogs_quickimpl_qml_+Fusion["+Fusion"]\n    node_venv_lib_python3_12_site-packages_PyQt6_Qt6_qml_QtQuick_Dialogs_quickimpl_qml_+Fusion --> node_venv_lib_python3_12_site-packages_PyQt6_Qt6_qml_QtQuick_Dialogs_quickimpl_qml_+Fusion_ColorDialog_qml["ColorDialog.qml"]\n    Root --> node_venv["venv"]\n    node_venv --> node_venv_lib["lib"]\n    node_venv_lib --> node_venv_lib_python3_12["python3.12"]\n    node_venv_lib_python3_12 --> node_venv_lib_python3_12_site-packages["site-packages"]\n    node_venv_lib_python3_12_site-packages --> node_venv_lib_python3_12_site-packages_PyQt6["PyQt6"]\n    node_venv_lib_python3_12_site-packages_PyQt6 --> node_venv_lib_python3_12_site-packages_PyQt6_Qt6["Qt6"]\n    node_venv_lib_python3_12_site-packages_PyQt6_Qt6 --> node_venv_lib_python3_12_site-packages_PyQt6_Qt6_qml["qml"]\n    node_venv_lib_python3_12_site-packages_PyQt6_Qt6_qml --> node_venv_lib_python3_12_site-packages_PyQt6_Qt6_qml_QtQuick["QtQuick"]\n    node_venv_lib_python3_12_site-packages_PyQt6_Qt6_qml_QtQuick --> node_venv_lib_python3_12_site-packages_PyQt6_Qt6_qml_QtQuick_Dialogs["Dialogs"]\n    node_venv_lib_python3_12_site-packages_PyQt6_Qt6_qml_QtQuick_Dialogs --> node_venv_lib_python3_12_site-packages_PyQt6_Qt6_qml_QtQuick_Dialogs_quickimpl["quickimpl"]\n    node_venv_lib_python3_12_site-packages_PyQt6_Qt6_qml_QtQuick_Dialogs_quickimpl --> node_venv_lib_python3_12_site-packages_PyQt6_Qt6_qml_QtQuick_Dialogs_quickimpl_qml["qml"]\n    node_venv_lib_python3_12_site-packages_PyQt6_Qt6_qml_QtQuick_Dialogs_quickimpl_qml --> node_venv_lib_python3_12_site-packages_PyQt6_Qt6_qml_QtQuick_Dialogs_quickimpl_qml_+Fusion["+Fusion"]\n    node_venv_lib_python3_12_site-packages_PyQt6_Qt6_qml_QtQuick_Dialogs_quickimpl_qml_+Fusion --> node_venv_lib_python3_12_site-packages_PyQt6_Qt6_qml_QtQuick_Dialogs_quickimpl_qml_+Fusion_ColorInputs_qml["ColorInputs.qml"]\n    Root --> node_venv["venv"]\n    node_venv --> node_venv_lib["lib"]\n    node_venv_lib --> node_venv_lib_python3_12["python3.12"]\n    node_venv_lib_python3_12 --> node_venv_lib_python3_12_site-packages["site-packages"]\n    node_venv_lib_python3_12_site-packages --> node_venv_lib_python3_12_site-packages_PyQt6["PyQt6"]\n    node_venv_lib_python3_12_site-packages_PyQt6 --> node_venv_lib_python3_12_site-packages_PyQt6_Qt6["Qt6"]\n    node_venv_lib_python3_12_site-packages_PyQt6_Qt6 --> node_venv_lib_python3_12_site-packages_PyQt6_Qt6_qml["qml"]\n    node_venv_lib_python3_12_site-packages_PyQt6_Qt6_qml --> node_venv_lib_python3_12_site-packages_PyQt6_Qt6_qml_QtQuick["QtQuick"]\n    node_venv_lib_python3_12_site-packages_PyQt6_Qt6_qml_QtQuick --> node_venv_lib_python3_12_site-packages_PyQt6_Qt6_qml_QtQuick_Dialogs["Dialogs"]\n    node_venv_lib_python3_12_site-packages_PyQt6_Qt6_qml_QtQuick_Dialogs --> node_venv_lib_python3_12_site-packages_PyQt6_Qt6_qml_QtQuick_Dialogs_quickimpl["quickimpl"]\n    node_venv_lib_python3_12_site-packages_PyQt6_Qt6_qml_QtQuick_Dialogs_quickimpl --> node_venv_lib_python3_12_site-packages_PyQt6_Qt6_qml_QtQuick_Dialogs_quickimpl_qml["qml"]\n    node_venv_lib_python3_12_site-packages_PyQt6_Qt6_qml_QtQuick_Dialogs_quickimpl_qml --> node_venv_lib_python3_12_site-packages_PyQt6_Qt6_qml_QtQuick_Dialogs_quickimpl_qml_+Fusion["+Fusion"]\n    node_venv_lib_python3_12_site-packages_PyQt6_Qt6_qml_QtQuick_Dialogs_quickimpl_qml_+Fusion --> node_venv_lib_python3_12_site-packages_PyQt6_Qt6_qml_QtQuick_Dialogs_quickimpl_qml_+Fusion_FileDialog_qml["FileDialog.qml"]\n    Root --> node_venv["venv"]\n    node_venv --> node_venv_lib["lib"]\n    node_venv_lib --> node_venv_lib_python3_12["python3.12"]\n    node_venv_lib_python3_12 --> node_venv_lib_python3_12_site-packages["site-packages"]\n    node_venv_lib_python3_12_site-packages --> node_venv_lib_python3_12_site-packages_PyQt6["PyQt6"]\n    node_venv_lib_python3_12_site-packages_PyQt6 --> node_venv_lib_python3_12_site-packages_PyQt6_Qt6["Qt6"]\n    node_venv_lib_python3_12_site-packages_PyQt6_Qt6 --> node_venv_lib_python3_12_site-packages_PyQt6_Qt6_qml["qml"]\n    node_venv_lib_python3_12_site-packages_PyQt6_Qt6_qml --> node_venv_lib_python3_12_site-packages_PyQt6_Qt6_qml_QtQuick["QtQuick"]\n    node_venv_lib_python3_12_site-packages_PyQt6_Qt6_qml_QtQuick --> node_venv_lib_python3_12_site-packages_PyQt6_Qt6_qml_QtQuick_Dialogs["Dialogs"]\n    node_venv_lib_python3_12_site-packages_PyQt6_Qt6_qml_QtQuick_Dialogs --> node_venv_lib_python3_12_site-packages_PyQt6_Qt6_qml_QtQuick_Dialogs_quickimpl["quickimpl"]\n    node_venv_lib_python3_12_site-packages_PyQt6_Qt6_qml_QtQuick_Dialogs_quickimpl --> node_venv_lib_python3_12_site-packages_PyQt6_Qt6_qml_QtQuick_Dialogs_quickimpl_qml["qml"]\n    node_venv_lib_python3_12_site-packages_PyQt6_Qt6_qml_QtQuick_Dialogs_quickimpl_qml --> node_venv_lib_python3_12_site-packages_PyQt6_Qt6_qml_QtQuick_Dialogs_quickimpl_qml_+Fusion["+Fusion"]\n    node_venv_lib_python3_12_site-packages_PyQt6_Qt6_qml_QtQuick_Dialogs_quickimpl_qml_+Fusion --> node_venv_lib_python3_12_site-packages_PyQt6_Qt6_qml_QtQuick_Dialogs_quickimpl_qml_+Fusion_FileDialogDelegate_qml["FileDialogDelegate.qml"]\n    Root --> node_venv["venv"]\n    node_venv --> node_venv_lib["lib"]\n    node_venv_lib --> node_venv_lib_python3_12["python3.12"]\n    node_venv_lib_python3_12 --> node_venv_lib_python3_12_site-packages["site-packages"]\n    node_venv_lib_python3_12_site-packages --> node_venv_lib_python3_12_site-packages_PyQt6["PyQt6"]\n    node_venv_lib_python3_12_site-packages_PyQt6 --> node_venv_lib_python3_12_site-packages_PyQt6_Qt6["Qt6"]\n    node_venv_lib_python3_12_site-packages_PyQt6_Qt6 --> node_venv_lib_python3_12_site-packages_PyQt6_Qt6_qml["qml"]\n    node_venv_lib_python3_12_site-packages_PyQt6_Qt6_qml --> node_venv_lib_python3_12_site-packages_PyQt6_Qt6_qml_QtQuick["QtQuick"]\n    node_venv_lib_python3_12_site-packages_PyQt6_Qt6_qml_QtQuick --> node_venv_lib_python3_12_site-packages_PyQt6_Qt6_qml_QtQuick_Dialogs["Dialogs"]\n    node_venv_lib_python3_12_site-packages_PyQt6_Qt6_qml_QtQuick_Dialogs --> node_venv_lib_python3_12_site-packages_PyQt6_Qt6_qml_QtQuick_Dialogs_quickimpl["quickimpl"]\n    node_venv_lib_python3_12_site-packages_PyQt6_Qt6_qml_QtQuick_Dialogs_quickimpl --> node_venv_lib_python3_12_site-packages_PyQt6_Qt6_qml_QtQuick_Dialogs_quickimpl_qml["qml"]\n    node_venv_lib_python3_12_site-packages_PyQt6_Qt6_qml_QtQuick_Dialogs_quickimpl_qml --> node_venv_lib_python3_12_site-packages_PyQt6_Qt6_qml_QtQuick_Dialogs_quickimpl_qml_+Fusion["+Fusion"]\n    node_venv_lib_python3_12_site-packages_PyQt6_Qt6_qml_QtQuick_Dialogs_quickimpl_qml_+Fusion --> node_venv_lib_python3_12_site-packages_PyQt6_Qt6_qml_QtQuick_Dialogs_quickimpl_qml_+Fusion_FolderBreadcrumbBar_qml["FolderBreadcrumbBar.qml"]\n    Root --> node_venv["venv"]\n    node_venv --> node_venv_lib["lib"]\n    node_venv_lib --> node_venv_lib_python3_12["python3.12"]\n    node_venv_lib_python3_12 --> node_venv_lib_python3_12_site-packages["site-packages"]\n    node_venv_lib_python3_12_site-packages --> node_venv_lib_python3_12_site-packages_PyQt6["PyQt6"]\n    node_venv_lib_python3_12_site-packages_PyQt6 --> node_venv_lib_python3_12_site-packages_PyQt6_Qt6["Qt6"]\n    node_venv_lib_python3_12_site-packages_PyQt6_Qt6 --> node_venv_lib_python3_12_site-packages_PyQt6_Qt6_qml["qml"]\n    node_venv_lib_python3_12_site-packages_PyQt6_Qt6_qml --> node_venv_lib_python3_12_site-packages_PyQt6_Qt6_qml_QtQuick["QtQuick"]\n    node_venv_lib_python3_12_site-packages_PyQt6_Qt6_qml_QtQuick --> node_venv_lib_python3_12_site-packages_PyQt6_Qt6_qml_QtQuick_Dialogs["Dialogs"]\n    node_venv_lib_python3_12_site-packages_PyQt6_Qt6_qml_QtQuick_Dialogs --> node_venv_lib_python3_12_site-packages_PyQt6_Qt6_qml_QtQuick_Dialogs_quickimpl["quickimpl"]\n    node_venv_lib_python3_12_site-packages_PyQt6_Qt6_qml_QtQuick_Dialogs_quickimpl --> node_venv_lib_python3_12_site-packages_PyQt6_Qt6_qml_QtQuick_Dialogs_quickimpl_qml["qml"]\n    node_venv_lib_python3_12_site-packages_PyQt6_Qt6_qml_QtQuick_Dialogs_quickimpl_qml --> node_venv_lib_python3_12_site-packages_PyQt6_Qt6_qml_QtQuick_Dialogs_quickimpl_qml_+Fusion["+Fusion"]\n    node_venv_lib_python3_12_site-packages_PyQt6_Qt6_qml_QtQuick_Dialogs_quickimpl_qml_+Fusion --> node_venv_lib_python3_12_site-packages_PyQt6_Qt6_qml_QtQuick_Dialogs_quickimpl_qml_+Fusion_FolderDialog_qml["FolderDialog.qml"]\n    Root --> node_venv["venv"]\n    node_venv --> node_venv_lib["lib"]\n    node_venv_lib --> node_venv_lib_python3_12["python3.12"]\n    node_venv_lib_python3_12 --> node_venv_lib_python3_12_site-packages["site-packages"]\n    node_venv_lib_python3_12_site-packages --> node_venv_lib_python3_12_site-packages_PyQt6["PyQt6"]\n    node_venv_lib_python3_12_site-packages_PyQt6 --> node_venv_lib_python3_12_site-packages_PyQt6_Qt6["Qt6"]\n    node_venv_lib_python3_12_site-packages_PyQt6_Qt6 --> node_venv_lib_python3_12_site-packages_PyQt6_Qt6_qml["qml"]\n    node_venv_lib_python3_12_site-packages_PyQt6_Qt6_qml --> node_venv_lib_python3_12_site-packages_PyQt6_Qt6_qml_QtQuick["QtQuick"]\n    node_venv_lib_python3_12_site-packages_PyQt6_Qt6_qml_QtQuick --> node_venv_lib_python3_12_site-packages_PyQt6_Qt6_qml_QtQuick_Dialogs["Dialogs"]\n    node_venv_lib_python3_12_site-packages_PyQt6_Qt6_qml_QtQuick_Dialogs --> node_venv_lib_python3_12_site-packages_PyQt6_Qt6_qml_QtQuick_Dialogs_quickimpl["quickimpl"]\n    node_venv_lib_python3_12_site-packages_PyQt6_Qt6_qml_QtQuick_Dialogs_quickimpl --> node_venv_lib_python3_12_site-packages_PyQt6_Qt6_qml_QtQuick_Dialogs_quickimpl_qml["qml"]\n    node_venv_lib_python3_12_site-packages_PyQt6_Qt6_qml_QtQuick_Dialogs_quickimpl_qml --> node_venv_lib_python3_12_site-packages_PyQt6_Qt6_qml_QtQuick_Dialogs_quickimpl_qml_+Fusion["+Fusion"]\n    node_venv_lib_python3_12_site-packages_PyQt6_Qt6_qml_QtQuick_Dialogs_quickimpl_qml_+Fusion --> node_venv_lib_python3_12_site-packages_PyQt6_Qt6_qml_QtQuick_Dialogs_quickimpl_qml_+Fusion_FolderDialogDelegate_qml["FolderDialogDelegate.qml"]\n    Root --> node_venv["venv"]\n    node_venv --> node_venv_lib["lib"]\n    node_venv_lib --> node_venv_lib_python3_12["python3.12"]\n    node_venv_lib_python3_12 --> node_venv_lib_python3_12_site-packages["site-packages"]\n    node_venv_lib_python3_12_site-packages --> node_venv_lib_python3_12_site-packages_PyQt6["PyQt6"]\n    node_venv_lib_python3_12_site-packages_PyQt6 --> node_venv_lib_python3_12_site-packages_PyQt6_Qt6["Qt6"]\n    node_venv_lib_python3_12_site-packages_PyQt6_Qt6 --> node_venv_lib_python3_12_site-packages_PyQt6_Qt6_qml["qml"]\n    node_venv_lib_python3_12_site-packages_PyQt6_Qt6_qml --> node_venv_lib_python3_12_site-packages_PyQt6_Qt6_qml_QtQuick["QtQuick"]\n    node_venv_lib_python3_12_site-packages_PyQt6_Qt6_qml_QtQuick --> node_venv_lib_python3_12_site-packages_PyQt6_Qt6_qml_QtQuick_Dialogs["Dialogs"]\n    node_venv_lib_python3_12_site-packages_PyQt6_Qt6_qml_QtQuick_Dialogs --> node_venv_lib_python3_12_site-packages_PyQt6_Qt6_qml_QtQuick_Dialogs_quickimpl["quickimpl"]\n    node_venv_lib_python3_12_site-packages_PyQt6_Qt6_qml_QtQuick_Dialogs_quickimpl --> node_venv_lib_python3_12_site-packages_PyQt6_Qt6_qml_QtQuick_Dialogs_quickimpl_qml["qml"]\n    node_venv_lib_python3_12_site-packages_PyQt6_Qt6_qml_QtQuick_Dialogs_quickimpl_qml --> node_venv_lib_python3_12_site-packages_PyQt6_Qt6_qml_QtQuick_Dialogs_quickimpl_qml_+Fusion["+Fusion"]\n    node_venv_lib_python3_12_site-packages_PyQt6_Qt6_qml_QtQuick_Dialogs_quickimpl_qml_+Fusion --> node_venv_lib_python3_12_site-packages_PyQt6_Qt6_qml_QtQuick_Dialogs_quickimpl_qml_+Fusion_FontDialog_qml["FontDialog.qml"]\n    Root --> node_venv["venv"]\n    node_venv --> node_venv_lib["lib"]\n    node_venv_lib --> node_venv_lib_python3_12["python3.12"]\n    node_venv_lib_python3_12 --> node_venv_lib_python3_12_site-packages["site-packages"]\n    node_venv_lib_python3_12_site-packages --> node_venv_lib_python3_12_site-packages_PyQt6["PyQt6"]\n    node_venv_lib_python3_12_site-packages_PyQt6 --> node_venv_lib_python3_12_site-packages_PyQt6_Qt6["Qt6"]\n    node_venv_lib_python3_12_site-packages_PyQt6_Qt6 --> node_venv_lib_python3_12_site-packages_PyQt6_Qt6_qml["qml"]\n    node_venv_lib_python3_12_site-packages_PyQt6_Qt6_qml --> node_venv_lib_python3_12_site-packages_PyQt6_Qt6_qml_QtQuick["QtQuick"]\n    node_venv_lib_python3_12_site-packages_PyQt6_Qt6_qml_QtQuick --> node_venv_lib_python3_12_site-packages_PyQt6_Qt6_qml_QtQuick_Dialogs["Dialogs"]\n    node_venv_lib_python3_12_site-packages_PyQt6_Qt6_qml_QtQuick_Dialogs --> node_venv_lib_python3_12_site-packages_PyQt6_Qt6_qml_QtQuick_Dialogs_quickimpl["quickimpl"]\n    node_venv_lib_python3_12_site-packages_PyQt6_Qt6_qml_QtQuick_Dialogs_quickimpl --> node_venv_lib_python3_12_site-packages_PyQt6_Qt6_qml_QtQuick_Dialogs_quickimpl_qml["qml"]\n    node_venv_lib_python3_12_site-packages_PyQt6_Qt6_qml_QtQuick_Dialogs_quickimpl_qml --> node_venv_lib_python3_12_site-packages_PyQt6_Qt6_qml_QtQuick_Dialogs_quickimpl_qml_+Fusion["+Fusion"]\n    node_venv_lib_python3_12_site-packages_PyQt6_Qt6_qml_QtQuick_Dialogs_quickimpl_qml_+Fusion --> node_venv_lib_python3_12_site-packages_PyQt6_Qt6_qml_QtQuick_Dialogs_quickimpl_qml_+Fusion_MessageDialog_qml["MessageDialog.qml"]\n    Root --> node_venv["venv"]\n    node_venv --> node_venv_lib["lib"]\n    node_venv_lib --> node_venv_lib_python3_12["python3.12"]\n    node_venv_lib_python3_12 --> node_venv_lib_python3_12_site-packages["site-packages"]\n    node_venv_lib_python3_12_site-packages --> node_venv_lib_python3_12_site-packages_PyQt6["PyQt6"]\n    node_venv_lib_python3_12_site-packages_PyQt6 --> node_venv_lib_python3_12_site-packages_PyQt6_Qt6["Qt6"]\n    node_venv_lib_python3_12_site-packages_PyQt6_Qt6 --> node_venv_lib_python3_12_site-packages_PyQt6_Qt6_qml["qml"]\n    node_venv_lib_python3_12_site-packages_PyQt6_Qt6_qml --> node_venv_lib_python3_12_site-packages_PyQt6_Qt6_qml_QtQuick["QtQuick"]\n    node_venv_lib_python3_12_site-packages_PyQt6_Qt6_qml_QtQuick --> node_venv_lib_python3_12_site-packages_PyQt6_Qt6_qml_QtQuick_Dialogs["Dialogs"]\n    node_venv_lib_python3_12_site-packages_PyQt6_Qt6_qml_QtQuick_Dialogs --> node_venv_lib_python3_12_site-packages_PyQt6_Qt6_qml_QtQuick_Dialogs_quickimpl["quickimpl"]\n    node_venv_lib_python3_12_site-packages_PyQt6_Qt6_qml_QtQuick_Dialogs_quickimpl --> node_venv_lib_python3_12_site-packages_PyQt6_Qt6_qml_QtQuick_Dialogs_quickimpl_qml["qml"]\n    node_venv_lib_python3_12_site-packages_PyQt6_Qt6_qml_QtQuick_Dialogs_quickimpl_qml --> node_venv_lib_python3_12_site-packages_PyQt6_Qt6_qml_QtQuick_Dialogs_quickimpl_qml_+Fusion["+Fusion"]\n    node_venv_lib_python3_12_site-packages_PyQt6_Qt6_qml_QtQuick_Dialogs_quickimpl_qml_+Fusion --> node_venv_lib_python3_12_site-packages_PyQt6_Qt6_qml_QtQuick_Dialogs_quickimpl_qml_+Fusion_SideBar_qml["SideBar.qml"]\n    Root --> node_venv["venv"]\n    node_venv --> node_venv_lib["lib"]\n    node_venv_lib --> node_venv_lib_python3_12["python3.12"]\n    node_venv_lib_python3_12 --> node_venv_lib_python3_12_site-packages["site-packages"]\n    node_venv_lib_python3_12_site-packages --> node_venv_lib_python3_12_site-packages_PyQt6["PyQt6"]\n    node_venv_lib_python3_12_site-packages_PyQt6 --> node_venv_lib_python3_12_site-packages_PyQt6_Qt6["Qt6"]\n    node_venv_lib_python3_12_site-packages_PyQt6_Qt6 --> node_venv_lib_python3_12_site-packages_PyQt6_Qt6_qml["qml"]\n    node_venv_lib_python3_12_site-packages_PyQt6_Qt6_qml --> node_venv_lib_python3_12_site-packages_PyQt6_Qt6_qml_QtQuick["QtQuick"]\n    node_venv_lib_python3_12_site-packages_PyQt6_Qt6_qml_QtQuick --> node_venv_lib_python3_12_site-packages_PyQt6_Qt6_qml_QtQuick_Dialogs["Dialogs"]\n    node_venv_lib_python3_12_site-packages_PyQt6_Qt6_qml_QtQuick_Dialogs --> node_venv_lib_python3_12_site-packages_PyQt6_Qt6_qml_QtQuick_Dialogs_quickimpl["quickimpl"]\n    node_venv_lib_python3_12_site-packages_PyQt6_Qt6_qml_QtQuick_Dialogs_quickimpl --> node_venv_lib_python3_12_site-packages_PyQt6_Qt6_qml_QtQuick_Dialogs_quickimpl_qml["qml"]\n    node_venv_lib_python3_12_site-packages_PyQt6_Qt6_qml_QtQuick_Dialogs_quickimpl_qml --> node_venv_lib_python3_12_site-packages_PyQt6_Qt6_qml_QtQuick_Dialogs_quickimpl_qml_+Universal["+Universal"]\n    node_venv_lib_python3_12_site-packages_PyQt6_Qt6_qml_QtQuick_Dialogs_quickimpl_qml_+Universal --> node_venv_lib_python3_12_site-packages_PyQt6_Qt6_qml_QtQuick_Dialogs_quickimpl_qml_+Universal_ColorDialog_qml["ColorDialog.qml"]\n    Root --> node_venv["venv"]\n    node_venv --> node_venv_lib["lib"]\n    node_venv_lib --> node_venv_lib_python3_12["python3.12"]\n    node_venv_lib_python3_12 --> node_venv_lib_python3_12_site-packages["site-packages"]\n    node_venv_lib_python3_12_site-packages --> node_venv_lib_python3_12_site-packages_PyQt6["PyQt6"]\n    node_venv_lib_python3_12_site-packages_PyQt6 --> node_venv_lib_python3_12_site-packages_PyQt6_Qt6["Qt6"]\n    node_venv_lib_python3_12_site-packages_PyQt6_Qt6 --> node_venv_lib_python3_12_site-packages_PyQt6_Qt6_qml["qml"]\n    node_venv_lib_python3_12_site-packages_PyQt6_Qt6_qml --> node_venv_lib_python3_12_site-packages_PyQt6_Qt6_qml_QtQuick["QtQuick"]\n    node_venv_lib_python3_12_site-packages_PyQt6_Qt6_qml_QtQuick --> node_venv_lib_python3_12_site-packages_PyQt6_Qt6_qml_QtQuick_Dialogs["Dialogs"]\n    node_venv_lib_python3_12_site-packages_PyQt6_Qt6_qml_QtQuick_Dialogs --> node_venv_lib_python3_12_site-packages_PyQt6_Qt6_qml_QtQuick_Dialogs_quickimpl["quickimpl"]\n    node_venv_lib_python3_12_site-packages_PyQt6_Qt6_qml_QtQuick_Dialogs_quickimpl --> node_venv_lib_python3_12_site-packages_PyQt6_Qt6_qml_QtQuick_Dialogs_quickimpl_qml["qml"]\n    node_venv_lib_python3_12_site-packages_PyQt6_Qt6_qml_QtQuick_Dialogs_quickimpl_qml --> node_venv_lib_python3_12_site-packages_PyQt6_Qt6_qml_QtQuick_Dialogs_quickimpl_qml_+Universal["+Universal"]\n    node_venv_lib_python3_12_site-packages_PyQt6_Qt6_qml_QtQuick_Dialogs_quickimpl_qml_+Universal --> node_venv_lib_python3_12_site-packages_PyQt6_Qt6_qml_QtQuick_Dialogs_quickimpl_qml_+Universal_ColorInputs_qml["ColorInputs.qml"]\n    Root --> node_venv["venv"]\n    node_venv --> node_venv_lib["lib"]\n    node_venv_lib --> node_venv_lib_python3_12["python3.12"]\n    node_venv_lib_python3_12 --> node_venv_lib_python3_12_site-packages["site-packages"]\n    node_venv_lib_python3_12_site-packages --> node_venv_lib_python3_12_site-packages_PyQt6["PyQt6"]\n    node_venv_lib_python3_12_site-packages_PyQt6 --> node_venv_lib_python3_12_site-packages_PyQt6_Qt6["Qt6"]\n    node_venv_lib_python3_12_site-packages_PyQt6_Qt6 --> node_venv_lib_python3_12_site-packages_PyQt6_Qt6_qml["qml"]\n    node_venv_lib_python3_12_site-packages_PyQt6_Qt6_qml --> node_venv_lib_python3_12_site-packages_PyQt6_Qt6_qml_QtQuick["QtQuick"]\n    node_venv_lib_python3_12_site-packages_PyQt6_Qt6_qml_QtQuick --> node_venv_lib_python3_12_site-packages_PyQt6_Qt6_qml_QtQuick_Dialogs["Dialogs"]\n    node_venv_lib_python3_12_site-packages_PyQt6_Qt6_qml_QtQuick_Dialogs --> node_venv_lib_python3_12_site-packages_PyQt6_Qt6_qml_QtQuick_Dialogs_quickimpl["quickimpl"]\n    node_venv_lib_python3_12_site-packages_PyQt6_Qt6_qml_QtQuick_Dialogs_quickimpl --> node_venv_lib_python3_12_site-packages_PyQt6_Qt6_qml_QtQuick_Dialogs_quickimpl_qml["qml"]\n    node_venv_lib_python3_12_site-packages_PyQt6_Qt6_qml_QtQuick_Dialogs_quickimpl_qml --> node_venv_lib_python3_12_site-packages_PyQt6_Qt6_qml_QtQuick_Dialogs_quickimpl_qml_+Universal["+Universal"]\n    node_venv_lib_python3_12_site-packages_PyQt6_Qt6_qml_QtQuick_Dialogs_quickimpl_qml_+Universal --> node_venv_lib_python3_12_site-packages_PyQt6_Qt6_qml_QtQuick_Dialogs_quickimpl_qml_+Universal_FileDialog_qml["FileDialog.qml"]\n    Root --> node_venv["venv"]\n    node_venv --> node_venv_lib["lib"]\n    node_venv_lib --> node_venv_lib_python3_12["python3.12"]\n    node_venv_lib_python3_12 --> node_venv_lib_python3_12_site-packages["site-packages"]\n    node_venv_lib_python3_12_site-packages --> node_venv_lib_python3_12_site-packages_PyQt6["PyQt6"]\n    node_venv_lib_python3_12_site-packages_PyQt6 --> node_venv_lib_python3_12_site-packages_PyQt6_Qt6["Qt6"]\n    node_venv_lib_python3_12_site-packages_PyQt6_Qt6 --> node_venv_lib_python3_12_site-packages_PyQt6_Qt6_qml["qml"]\n    node_venv_lib_python3_12_site-packages_PyQt6_Qt6_qml --> node_venv_lib_python3_12_site-packages_PyQt6_Qt6_qml_QtQuick["QtQuick"]\n    node_venv_lib_python3_12_site-packages_PyQt6_Qt6_qml_QtQuick --> node_venv_lib_python3_12_site-packages_PyQt6_Qt6_qml_QtQuick_Dialogs["Dialogs"]\n    node_venv_lib_python3_12_site-packages_PyQt6_Qt6_qml_QtQuick_Dialogs --> node_venv_lib_python3_12_site-packages_PyQt6_Qt6_qml_QtQuick_Dialogs_quickimpl["quickimpl"]\n    node_venv_lib_python3_12_site-packages_PyQt6_Qt6_qml_QtQuick_Dialogs_quickimpl --> node_venv_lib_python3_12_site-packages_PyQt6_Qt6_qml_QtQuick_Dialogs_quickimpl_qml["qml"]\n    node_venv_lib_python3_12_site-packages_PyQt6_Qt6_qml_QtQuick_Dialogs_quickimpl_qml --> node_venv_lib_python3_12_site-packages_PyQt6_Qt6_qml_QtQuick_Dialogs_quickimpl_qml_+Universal["+Universal"]\n    node_venv_lib_python3_12_site-packages_PyQt6_Qt6_qml_QtQuick_Dialogs_quickimpl_qml_+Universal --> node_venv_lib_python3_12_site-packages_PyQt6_Qt6_qml_QtQuick_Dialogs_quickimpl_qml_+Universal_FileDialogDelegate_qml["FileDialogDelegate.qml"]\n    Root --> node_venv["venv"]\n    node_venv --> node_venv_lib["lib"]\n    node_venv_lib --> node_venv_lib_python3_12["python3.12"]\n    node_venv_lib_python3_12 --> node_venv_lib_python3_12_site-packages["site-packages"]\n    node_venv_lib_python3_12_site-packages --> node_venv_lib_python3_12_site-packages_PyQt6["PyQt6"]\n    node_venv_lib_python3_12_site-packages_PyQt6 --> node_venv_lib_python3_12_site-packages_PyQt6_Qt6["Qt6"]\n    node_venv_lib_python3_12_site-packages_PyQt6_Qt6 --> node_venv_lib_python3_12_site-packages_PyQt6_Qt6_qml["qml"]\n    node_venv_lib_python3_12_site-packages_PyQt6_Qt6_qml --> node_venv_lib_python3_12_site-packages_PyQt6_Qt6_qml_QtQuick["QtQuick"]\n    node_venv_lib_python3_12_site-packages_PyQt6_Qt6_qml_QtQuick --> node_venv_lib_python3_12_site-packages_PyQt6_Qt6_qml_QtQuick_Dialogs["Dialogs"]\n    node_venv_lib_python3_12_site-packages_PyQt6_Qt6_qml_QtQuick_Dialogs --> node_venv_lib_python3_12_site-packages_PyQt6_Qt6_qml_QtQuick_Dialogs_quickimpl["quickimpl"]\n    node_venv_lib_python3_12_site-packages_PyQt6_Qt6_qml_QtQuick_Dialogs_quickimpl --> node_venv_lib_python3_12_site-packages_PyQt6_Qt6_qml_QtQuick_Dialogs_quickimpl_qml["qml"]\n    node_venv_lib_python3_12_site-packages_PyQt6_Qt6_qml_QtQuick_Dialogs_quickimpl_qml --> node_venv_lib_python3_12_site-packages_PyQt6_Qt6_qml_QtQuick_Dialogs_quickimpl_qml_+Universal["+Universal"]\n    node_venv_lib_python3_12_site-packages_PyQt6_Qt6_qml_QtQuick_Dialogs_quickimpl_qml_+Universal --> node_venv_lib_python3_12_site-packages_PyQt6_Qt6_qml_QtQuick_Dialogs_quickimpl_qml_+Universal_FolderBreadcrumbBar_qml["FolderBreadcrumbBar.qml"]\n    Root --> node_venv["venv"]\n    node_venv --> node_venv_lib["lib"]\n    node_venv_lib --> node_venv_lib_python3_12["python3.12"]\n    node_venv_lib_python3_12 --> node_venv_lib_python3_12_site-packages["site-packages"]\n    node_venv_lib_python3_12_site-packages --> node_venv_lib_python3_12_site-packages_PyQt6["PyQt6"]\n    node_venv_lib_python3_12_site-packages_PyQt6 --> node_venv_lib_python3_12_site-packages_PyQt6_Qt6["Qt6"]\n    node_venv_lib_python3_12_site-packages_PyQt6_Qt6 --> node_venv_lib_python3_12_site-packages_PyQt6_Qt6_qml["qml"]\n    node_venv_lib_python3_12_site-packages_PyQt6_Qt6_qml --> node_venv_lib_python3_12_site-packages_PyQt6_Qt6_qml_QtQuick["QtQuick"]\n    node_venv_lib_python3_12_site-packages_PyQt6_Qt6_qml_QtQuick --> node_venv_lib_python3_12_site-packages_PyQt6_Qt6_qml_QtQuick_Dialogs["Dialogs"]\n    node_venv_lib_python3_12_site-packages_PyQt6_Qt6_qml_QtQuick_Dialogs --> node_venv_lib_python3_12_site-packages_PyQt6_Qt6_qml_QtQuick_Dialogs_quickimpl["quickimpl"]\n    node_venv_lib_python3_12_site-packages_PyQt6_Qt6_qml_QtQuick_Dialogs_quickimpl --> node_venv_lib_python3_12_site-packages_PyQt6_Qt6_qml_QtQuick_Dialogs_quickimpl_qml["qml"]\n    node_venv_lib_python3_12_site-packages_PyQt6_Qt6_qml_QtQuick_Dialogs_quickimpl_qml --> node_venv_lib_python3_12_site-packages_PyQt6_Qt6_qml_QtQuick_Dialogs_quickimpl_qml_+Universal["+Universal"]\n    node_venv_lib_python3_12_site-packages_PyQt6_Qt6_qml_QtQuick_Dialogs_quickimpl_qml_+Universal --> node_venv_lib_python3_12_site-packages_PyQt6_Qt6_qml_QtQuick_Dialogs_quickimpl_qml_+Universal_FolderDialog_qml["FolderDialog.qml"]\n    Root --> node_venv["venv"]\n    node_venv --> node_venv_lib["lib"]\n    node_venv_lib --> node_venv_lib_python3_12["python3.12"]\n    node_venv_lib_python3_12 --> node_venv_lib_python3_12_site-packages["site-packages"]\n    node_venv_lib_python3_12_site-packages --> node_venv_lib_python3_12_site-packages_PyQt6["PyQt6"]\n    node_venv_lib_python3_12_site-packages_PyQt6 --> node_venv_lib_python3_12_site-packages_PyQt6_Qt6["Qt6"]\n    node_venv_lib_python3_12_site-packages_PyQt6_Qt6 --> node_venv_lib_python3_12_site-packages_PyQt6_Qt6_qml["qml"]\n    node_venv_lib_python3_12_site-packages_PyQt6_Qt6_qml --> node_venv_lib_python3_12_site-packages_PyQt6_Qt6_qml_QtQuick["QtQuick"]\n    node_venv_lib_python3_12_site-packages_PyQt6_Qt6_qml_QtQuick --> node_venv_lib_python3_12_site-packages_PyQt6_Qt6_qml_QtQuick_Dialogs["Dialogs"]\n    node_venv_lib_python3_12_site-packages_PyQt6_Qt6_qml_QtQuick_Dialogs --> node_venv_lib_python3_12_site-packages_PyQt6_Qt6_qml_QtQuick_Dialogs_quickimpl["quickimpl"]\n    node_venv_lib_python3_12_site-packages_PyQt6_Qt6_qml_QtQuick_Dialogs_quickimpl --> node_venv_lib_python3_12_site-packages_PyQt6_Qt6_qml_QtQuick_Dialogs_quickimpl_qml["qml"]\n    node_venv_lib_python3_12_site-packages_PyQt6_Qt6_qml_QtQuick_Dialogs_quickimpl_qml --> node_venv_lib_python3_12_site-packages_PyQt6_Qt6_qml_QtQuick_Dialogs_quickimpl_qml_+Universal["+Universal"]\n    node_venv_lib_python3_12_site-packages_PyQt6_Qt6_qml_QtQuick_Dialogs_quickimpl_qml_+Universal --> node_venv_lib_python3_12_site-packages_PyQt6_Qt6_qml_QtQuick_Dialogs_quickimpl_qml_+Universal_FolderDialogDelegate_qml["FolderDialogDelegate.qml"]\n    Root --> node_venv["venv"]\n    node_venv --> node_venv_lib["lib"]\n    node_venv_lib --> node_venv_lib_python3_12["python3.12"]\n    node_venv_lib_python3_12 --> node_venv_lib_python3_12_site-packages["site-packages"]\n    node_venv_lib_python3_12_site-packages --> node_venv_lib_python3_12_site-packages_PyQt6["PyQt6"]\n    node_venv_lib_python3_12_site-packages_PyQt6 --> node_venv_lib_python3_12_site-packages_PyQt6_Qt6["Qt6"]\n    node_venv_lib_python3_12_site-packages_PyQt6_Qt6 --> node_venv_lib_python3_12_site-packages_PyQt6_Qt6_qml["qml"]\n    node_venv_lib_python3_12_site-packages_PyQt6_Qt6_qml --> node_venv_lib_python3_12_site-packages_PyQt6_Qt6_qml_QtQuick["QtQuick"]\n    node_venv_lib_python3_12_site-packages_PyQt6_Qt6_qml_QtQuick --> node_venv_lib_python3_12_site-packages_PyQt6_Qt6_qml_QtQuick_Dialogs["Dialogs"]\n    node_venv_lib_python3_12_site-packages_PyQt6_Qt6_qml_QtQuick_Dialogs --> node_venv_lib_python3_12_site-packages_PyQt6_Qt6_qml_QtQuick_Dialogs_quickimpl["quickimpl"]\n    node_venv_lib_python3_12_site-packages_PyQt6_Qt6_qml_QtQuick_Dialogs_quickimpl --> node_venv_lib_python3_12_site-packages_PyQt6_Qt6_qml_QtQuick_Dialogs_quickimpl_qml["qml"]\n    node_venv_lib_python3_12_site-packages_PyQt6_Qt6_qml_QtQuick_Dialogs_quickimpl_qml --> node_venv_lib_python3_12_site-packages_PyQt6_Qt6_qml_QtQuick_Dialogs_quickimpl_qml_+Universal["+Universal"]\n    node_venv_lib_python3_12_site-packages_PyQt6_Qt6_qml_QtQuick_Dialogs_quickimpl_qml_+Universal --> node_venv_lib_python3_12_site-packages_PyQt6_Qt6_qml_QtQuick_Dialogs_quickimpl_qml_+Universal_FontDialog_qml["FontDialog.qml"]\n    Root --> node_venv["venv"]\n    node_venv --> node_venv_lib["lib"]\n    node_venv_lib --> node_venv_lib_python3_12["python3.12"]\n    node_venv_lib_python3_12 --> node_venv_lib_python3_12_site-packages["site-packages"]\n    node_venv_lib_python3_12_site-packages --> node_venv_lib_python3_12_site-packages_PyQt6["PyQt6"]\n    node_venv_lib_python3_12_site-packages_PyQt6 --> node_venv_lib_python3_12_site-packages_PyQt6_Qt6["Qt6"]\n    node_venv_lib_python3_12_site-packages_PyQt6_Qt6 --> node_venv_lib_python3_12_site-packages_PyQt6_Qt6_qml["qml"]\n    node_venv_lib_python3_12_site-packages_PyQt6_Qt6_qml --> node_venv_lib_python3_12_site-packages_PyQt6_Qt6_qml_QtQuick["QtQuick"]\n    node_venv_lib_python3_12_site-packages_PyQt6_Qt6_qml_QtQuick --> node_venv_lib_python3_12_site-packages_PyQt6_Qt6_qml_QtQuick_Dialogs["Dialogs"]\n    node_venv_lib_python3_12_site-packages_PyQt6_Qt6_qml_QtQuick_Dialogs --> node_venv_lib_python3_12_site-packages_PyQt6_Qt6_qml_QtQuick_Dialogs_quickimpl["quickimpl"]\n    node_venv_lib_python3_12_site-packages_PyQt6_Qt6_qml_QtQuick_Dialogs_quickimpl --> node_venv_lib_python3_12_site-packages_PyQt6_Qt6_qml_QtQuick_Dialogs_quickimpl_qml["qml"]\n    node_venv_lib_python3_12_site-packages_PyQt6_Qt6_qml_QtQuick_Dialogs_quickimpl_qml --> node_venv_lib_python3_12_site-packages_PyQt6_Qt6_qml_QtQuick_Dialogs_quickimpl_qml_+Universal["+Universal"]\n    node_venv_lib_python3_12_site-packages_PyQt6_Qt6_qml_QtQuick_Dialogs_quickimpl_qml_+Universal --> node_venv_lib_python3_12_site-packages_PyQt6_Qt6_qml_QtQuick_Dialogs_quickimpl_qml_+Universal_MessageDialog_qml["MessageDialog.qml"]\n    Root --> node_venv["venv"]\n    node_venv --> node_venv_lib["lib"]\n    node_venv_lib --> node_venv_lib_python3_12["python3.12"]\n    node_venv_lib_python3_12 --> node_venv_lib_python3_12_site-packages["site-packages"]\n    node_venv_lib_python3_12_site-packages --> node_venv_lib_python3_12_site-packages_PyQt6["PyQt6"]\n    node_venv_lib_python3_12_site-packages_PyQt6 --> node_venv_lib_python3_12_site-packages_PyQt6_Qt6["Qt6"]\n    node_venv_lib_python3_12_site-packages_PyQt6_Qt6 --> node_venv_lib_python3_12_site-packages_PyQt6_Qt6_qml["qml"]\n    node_venv_lib_python3_12_site-packages_PyQt6_Qt6_qml --> node_venv_lib_python3_12_site-packages_PyQt6_Qt6_qml_QtQuick["QtQuick"]\n    node_venv_lib_python3_12_site-packages_PyQt6_Qt6_qml_QtQuick --> node_venv_lib_python3_12_site-packages_PyQt6_Qt6_qml_QtQuick_Dialogs["Dialogs"]\n    node_venv_lib_python3_12_site-packages_PyQt6_Qt6_qml_QtQuick_Dialogs --> node_venv_lib_python3_12_site-packages_PyQt6_Qt6_qml_QtQuick_Dialogs_quickimpl["quickimpl"]\n    node_venv_lib_python3_12_site-packages_PyQt6_Qt6_qml_QtQuick_Dialogs_quickimpl --> node_venv_lib_python3_12_site-packages_PyQt6_Qt6_qml_QtQuick_Dialogs_quickimpl_qml["qml"]\n    node_venv_lib_python3_12_site-packages_PyQt6_Qt6_qml_QtQuick_Dialogs_quickimpl_qml --> node_venv_lib_python3_12_site-packages_PyQt6_Qt6_qml_QtQuick_Dialogs_quickimpl_qml_+Universal["+Universal"]\n    node_venv_lib_python3_12_site-packages_PyQt6_Qt6_qml_QtQuick_Dialogs_quickimpl_qml_+Universal --> node_venv_lib_python3_12_site-packages_PyQt6_Qt6_qml_QtQuick_Dialogs_quickimpl_qml_+Universal_SideBar_qml["SideBar.qml"]\n    Root --> node_venv["venv"]\n    node_venv --> node_venv_lib["lib"]\n    node_venv_lib --> node_venv_lib_python3_12["python3.12"]\n    node_venv_lib_python3_12 --> node_venv_lib_python3_12_site-packages["site-packages"]\n    node_venv_lib_python3_12_site-packages --> node_venv_lib_python3_12_site-packages_PyQt6["PyQt6"]\n    node_venv_lib_python3_12_site-packages_PyQt6 --> node_venv_lib_python3_12_site-packages_PyQt6_Qt6["Qt6"]\n    node_venv_lib_python3_12_site-packages_PyQt6_Qt6 --> node_venv_lib_python3_12_site-packages_PyQt6_Qt6_qml["qml"]\n    node_venv_lib_python3_12_site-packages_PyQt6_Qt6_qml --> node_venv_lib_python3_12_site-packages_PyQt6_Qt6_qml_QtQuick["QtQuick"]\n    node_venv_lib_python3_12_site-packages_PyQt6_Qt6_qml_QtQuick --> node_venv_lib_python3_12_site-packages_PyQt6_Qt6_qml_QtQuick_Dialogs["Dialogs"]\n    node_venv_lib_python3_12_site-packages_PyQt6_Qt6_qml_QtQuick_Dialogs --> node_venv_lib_python3_12_site-packages_PyQt6_Qt6_qml_QtQuick_Dialogs_quickimpl["quickimpl"]\n    node_venv_lib_python3_12_site-packages_PyQt6_Qt6_qml_QtQuick_Dialogs_quickimpl --> node_venv_lib_python3_12_site-packages_PyQt6_Qt6_qml_QtQuick_Dialogs_quickimpl_qml["qml"]\n    node_venv_lib_python3_12_site-packages_PyQt6_Qt6_qml_QtQuick_Dialogs_quickimpl_qml --> node_venv_lib_python3_12_site-packages_PyQt6_Qt6_qml_QtQuick_Dialogs_quickimpl_qml_+Material["+Material"]\n    node_venv_lib_python3_12_site-packages_PyQt6_Qt6_qml_QtQuick_Dialogs_quickimpl_qml_+Material --> node_venv_lib_python3_12_site-packages_PyQt6_Qt6_qml_QtQuick_Dialogs_quickimpl_qml_+Material_ColorDialog_qml["ColorDialog.qml"]\n    Root --> node_venv["venv"]\n    node_venv --> node_venv_lib["lib"]\n    node_venv_lib --> node_venv_lib_python3_12["python3.12"]\n    node_venv_lib_python3_12 --> node_venv_lib_python3_12_site-packages["site-packages"]\n    node_venv_lib_python3_12_site-packages --> node_venv_lib_python3_12_site-packages_PyQt6["PyQt6"]\n    node_venv_lib_python3_12_site-packages_PyQt6 --> node_venv_lib_python3_12_site-packages_PyQt6_Qt6["Qt6"]\n    node_venv_lib_python3_12_site-packages_PyQt6_Qt6 --> node_venv_lib_python3_12_site-packages_PyQt6_Qt6_qml["qml"]\n    node_venv_lib_python3_12_site-packages_PyQt6_Qt6_qml --> node_venv_lib_python3_12_site-packages_PyQt6_Qt6_qml_QtQuick["QtQuick"]\n    node_venv_lib_python3_12_site-packages_PyQt6_Qt6_qml_QtQuick --> node_venv_lib_python3_12_site-packages_PyQt6_Qt6_qml_QtQuick_Dialogs["Dialogs"]\n    node_venv_lib_python3_12_site-packages_PyQt6_Qt6_qml_QtQuick_Dialogs --> node_venv_lib_python3_12_site-packages_PyQt6_Qt6_qml_QtQuick_Dialogs_quickimpl["quickimpl"]\n    node_venv_lib_python3_12_site-packages_PyQt6_Qt6_qml_QtQuick_Dialogs_quickimpl --> node_venv_lib_python3_12_site-packages_PyQt6_Qt6_qml_QtQuick_Dialogs_quickimpl_qml["qml"]\n    node_venv_lib_python3_12_site-packages_PyQt6_Qt6_qml_QtQuick_Dialogs_quickimpl_qml --> node_venv_lib_python3_12_site-packages_PyQt6_Qt6_qml_QtQuick_Dialogs_quickimpl_qml_+Material["+Material"]\n    node_venv_lib_python3_12_site-packages_PyQt6_Qt6_qml_QtQuick_Dialogs_quickimpl_qml_+Material --> node_venv_lib_python3_12_site-packages_PyQt6_Qt6_qml_QtQuick_Dialogs_quickimpl_qml_+Material_ColorInputs_qml["ColorInputs.qml"]\n    Root --> node_venv["venv"]\n    node_venv --> node_venv_lib["lib"]\n    node_venv_lib --> node_venv_lib_python3_12["python3.12"]\n    node_venv_lib_python3_12 --> node_venv_lib_python3_12_site-packages["site-packages"]\n    node_venv_lib_python3_12_site-packages --> node_venv_lib_python3_12_site-packages_PyQt6["PyQt6"]\n    node_venv_lib_python3_12_site-packages_PyQt6 --> node_venv_lib_python3_12_site-packages_PyQt6_Qt6["Qt6"]\n    node_venv_lib_python3_12_site-packages_PyQt6_Qt6 --> node_venv_lib_python3_12_site-packages_PyQt6_Qt6_qml["qml"]\n    node_venv_lib_python3_12_site-packages_PyQt6_Qt6_qml --> node_venv_lib_python3_12_site-packages_PyQt6_Qt6_qml_QtQuick["QtQuick"]\n    node_venv_lib_python3_12_site-packages_PyQt6_Qt6_qml_QtQuick --> node_venv_lib_python3_12_site-packages_PyQt6_Qt6_qml_QtQuick_Dialogs["Dialogs"]\n    node_venv_lib_python3_12_site-packages_PyQt6_Qt6_qml_QtQuick_Dialogs --> node_venv_lib_python3_12_site-packages_PyQt6_Qt6_qml_QtQuick_Dialogs_quickimpl["quickimpl"]\n    node_venv_lib_python3_12_site-packages_PyQt6_Qt6_qml_QtQuick_Dialogs_quickimpl --> node_venv_lib_python3_12_site-packages_PyQt6_Qt6_qml_QtQuick_Dialogs_quickimpl_qml["qml"]\n    node_venv_lib_python3_12_site-packages_PyQt6_Qt6_qml_QtQuick_Dialogs_quickimpl_qml --> node_venv_lib_python3_12_site-packages_PyQt6_Qt6_qml_QtQuick_Dialogs_quickimpl_qml_+Material["+Material"]\n    node_venv_lib_python3_12_site-packages_PyQt6_Qt6_qml_QtQuick_Dialogs_quickimpl_qml_+Material --> node_venv_lib_python3_12_site-packages_PyQt6_Qt6_qml_QtQuick_Dialogs_quickimpl_qml_+Material_FileDialog_qml["FileDialog.qml"]\n    Root --> node_venv["venv"]\n    node_venv --> node_venv_lib["lib"]\n    node_venv_lib --> node_venv_lib_python3_12["python3.12"]\n    node_venv_lib_python3_12 --> node_venv_lib_python3_12_site-packages["site-packages"]\n    node_venv_lib_python3_12_site-packages --> node_venv_lib_python3_12_site-packages_PyQt6["PyQt6"]\n    node_venv_lib_python3_12_site-packages_PyQt6 --> node_venv_lib_python3_12_site-packages_PyQt6_Qt6["Qt6"]\n    node_venv_lib_python3_12_site-packages_PyQt6_Qt6 --> node_venv_lib_python3_12_site-packages_PyQt6_Qt6_qml["qml"]\n    node_venv_lib_python3_12_site-packages_PyQt6_Qt6_qml --> node_venv_lib_python3_12_site-packages_PyQt6_Qt6_qml_QtQuick["QtQuick"]\n    node_venv_lib_python3_12_site-packages_PyQt6_Qt6_qml_QtQuick --> node_venv_lib_python3_12_site-packages_PyQt6_Qt6_qml_QtQuick_Dialogs["Dialogs"]\n    node_venv_lib_python3_12_site-packages_PyQt6_Qt6_qml_QtQuick_Dialogs --> node_venv_lib_python3_12_site-packages_PyQt6_Qt6_qml_QtQuick_Dialogs_quickimpl["quickimpl"]\n    node_venv_lib_python3_12_site-packages_PyQt6_Qt6_qml_QtQuick_Dialogs_quickimpl --> node_venv_lib_python3_12_site-packages_PyQt6_Qt6_qml_QtQuick_Dialogs_quickimpl_qml["qml"]\n    node_venv_lib_python3_12_site-packages_PyQt6_Qt6_qml_QtQuick_Dialogs_quickimpl_qml --> node_venv_lib_python3_12_site-packages_PyQt6_Qt6_qml_QtQuick_Dialogs_quickimpl_qml_+Material["+Material"]\n    node_venv_lib_python3_12_site-packages_PyQt6_Qt6_qml_QtQuick_Dialogs_quickimpl_qml_+Material --> node_venv_lib_python3_12_site-packages_PyQt6_Qt6_qml_QtQuick_Dialogs_quickimpl_qml_+Material_FileDialogDelegate_qml["FileDialogDelegate.qml"]\n    Root --> node_venv["venv"]\n    node_venv --> node_venv_lib["lib"]\n    node_venv_lib --> node_venv_lib_python3_12["python3.12"]\n    node_venv_lib_python3_12 --> node_venv_lib_python3_12_site-packages["site-packages"]\n    node_venv_lib_python3_12_site-packages --> node_venv_lib_python3_12_site-packages_PyQt6["PyQt6"]\n    node_venv_lib_python3_12_site-packages_PyQt6 --> node_venv_lib_python3_12_site-packages_PyQt6_Qt6["Qt6"]\n    node_venv_lib_python3_12_site-packages_PyQt6_Qt6 --> node_venv_lib_python3_12_site-packages_PyQt6_Qt6_qml["qml"]\n    node_venv_lib_python3_12_site-packages_PyQt6_Qt6_qml --> node_venv_lib_python3_12_site-packages_PyQt6_Qt6_qml_QtQuick["QtQuick"]\n    node_venv_lib_python3_12_site-packages_PyQt6_Qt6_qml_QtQuick --> node_venv_lib_python3_12_site-packages_PyQt6_Qt6_qml_QtQuick_Dialogs["Dialogs"]\n    node_venv_lib_python3_12_site-packages_PyQt6_Qt6_qml_QtQuick_Dialogs --> node_venv_lib_python3_12_site-packages_PyQt6_Qt6_qml_QtQuick_Dialogs_quickimpl["quickimpl"]\n    node_venv_lib_python3_12_site-packages_PyQt6_Qt6_qml_QtQuick_Dialogs_quickimpl --> node_venv_lib_python3_12_site-packages_PyQt6_Qt6_qml_QtQuick_Dialogs_quickimpl_qml["qml"]\n    node_venv_lib_python3_12_site-packages_PyQt6_Qt6_qml_QtQuick_Dialogs_quickimpl_qml --> node_venv_lib_python3_12_site-packages_PyQt6_Qt6_qml_QtQuick_Dialogs_quickimpl_qml_+Material["+Material"]\n    node_venv_lib_python3_12_site-packages_PyQt6_Qt6_qml_QtQuick_Dialogs_quickimpl_qml_+Material --> node_venv_lib_python3_12_site-packages_PyQt6_Qt6_qml_QtQuick_Dialogs_quickimpl_qml_+Material_FolderBreadcrumbBar_qml["FolderBreadcrumbBar.qml"]\n    Root --> node_venv["venv"]\n    node_venv --> node_venv_lib["lib"]\n    node_venv_lib --> node_venv_lib_python3_12["python3.12"]\n    node_venv_lib_python3_12 --> node_venv_lib_python3_12_site-packages["site-packages"]\n    node_venv_lib_python3_12_site-packages --> node_venv_lib_python3_12_site-packages_PyQt6["PyQt6"]\n    node_venv_lib_python3_12_site-packages_PyQt6 --> node_venv_lib_python3_12_site-packages_PyQt6_Qt6["Qt6"]\n    node_venv_lib_python3_12_site-packages_PyQt6_Qt6 --> node_venv_lib_python3_12_site-packages_PyQt6_Qt6_qml["qml"]\n    node_venv_lib_python3_12_site-packages_PyQt6_Qt6_qml --> node_venv_lib_python3_12_site-packages_PyQt6_Qt6_qml_QtQuick["QtQuick"]\n    node_venv_lib_python3_12_site-packages_PyQt6_Qt6_qml_QtQuick --> node_venv_lib_python3_12_site-packages_PyQt6_Qt6_qml_QtQuick_Dialogs["Dialogs"]\n    node_venv_lib_python3_12_site-packages_PyQt6_Qt6_qml_QtQuick_Dialogs --> node_venv_lib_python3_12_site-packages_PyQt6_Qt6_qml_QtQuick_Dialogs_quickimpl["quickimpl"]\n    node_venv_lib_python3_12_site-packages_PyQt6_Qt6_qml_QtQuick_Dialogs_quickimpl --> node_venv_lib_python3_12_site-packages_PyQt6_Qt6_qml_QtQuick_Dialogs_quickimpl_qml["qml"]\n    node_venv_lib_python3_12_site-packages_PyQt6_Qt6_qml_QtQuick_Dialogs_quickimpl_qml --> node_venv_lib_python3_12_site-packages_PyQt6_Qt6_qml_QtQuick_Dialogs_quickimpl_qml_+Material["+Material"]\n    node_venv_lib_python3_12_site-packages_PyQt6_Qt6_qml_QtQuick_Dialogs_quickimpl_qml_+Material --> node_venv_lib_python3_12_site-packages_PyQt6_Qt6_qml_QtQuick_Dialogs_quickimpl_qml_+Material_FolderDialog_qml["FolderDialog.qml"]\n    Root --> node_venv["venv"]\n    node_venv --> node_venv_lib["lib"]\n    node_venv_lib --> node_venv_lib_python3_12["python3.12"]\n    node_venv_lib_python3_12 --> node_venv_lib_python3_12_site-packages["site-packages"]\n    node_venv_lib_python3_12_site-packages --> node_venv_lib_python3_12_site-packages_PyQt6["PyQt6"]\n    node_venv_lib_python3_12_site-packages_PyQt6 --> node_venv_lib_python3_12_site-packages_PyQt6_Qt6["Qt6"]\n    node_venv_lib_python3_12_site-packages_PyQt6_Qt6 --> node_venv_lib_python3_12_site-packages_PyQt6_Qt6_qml["qml"]\n    node_venv_lib_python3_12_site-packages_PyQt6_Qt6_qml --> node_venv_lib_python3_12_site-packages_PyQt6_Qt6_qml_QtQuick["QtQuick"]\n    node_venv_lib_python3_12_site-packages_PyQt6_Qt6_qml_QtQuick --> node_venv_lib_python3_12_site-packages_PyQt6_Qt6_qml_QtQuick_Dialogs["Dialogs"]\n    node_venv_lib_python3_12_site-packages_PyQt6_Qt6_qml_QtQuick_Dialogs --> node_venv_lib_python3_12_site-packages_PyQt6_Qt6_qml_QtQuick_Dialogs_quickimpl["quickimpl"]\n    node_venv_lib_python3_12_site-packages_PyQt6_Qt6_qml_QtQuick_Dialogs_quickimpl --> node_venv_lib_python3_12_site-packages_PyQt6_Qt6_qml_QtQuick_Dialogs_quickimpl_qml["qml"]\n    node_venv_lib_python3_12_site-packages_PyQt6_Qt6_qml_QtQuick_Dialogs_quickimpl_qml --> node_venv_lib_python3_12_site-packages_PyQt6_Qt6_qml_QtQuick_Dialogs_quickimpl_qml_+Material["+Material"]\n    node_venv_lib_python3_12_site-packages_PyQt6_Qt6_qml_QtQuick_Dialogs_quickimpl_qml_+Material --> node_venv_lib_python3_12_site-packages_PyQt6_Qt6_qml_QtQuick_Dialogs_quickimpl_qml_+Material_FolderDialogDelegate_qml["FolderDialogDelegate.qml"]\n    Root --> node_venv["venv"]\n    node_venv --> node_venv_lib["lib"]\n    node_venv_lib --> node_venv_lib_python3_12["python3.12"]\n    node_venv_lib_python3_12 --> node_venv_lib_python3_12_site-packages["site-packages"]\n    node_venv_lib_python3_12_site-packages --> node_venv_lib_python3_12_site-packages_PyQt6["PyQt6"]\n    node_venv_lib_python3_12_site-packages_PyQt6 --> node_venv_lib_python3_12_site-packages_PyQt6_Qt6["Qt6"]\n    node_venv_lib_python3_12_site-packages_PyQt6_Qt6 --> node_venv_lib_python3_12_site-packages_PyQt6_Qt6_qml["qml"]\n    node_venv_lib_python3_12_site-packages_PyQt6_Qt6_qml --> node_venv_lib_python3_12_site-packages_PyQt6_Qt6_qml_QtQuick["QtQuick"]\n    node_venv_lib_python3_12_site-packages_PyQt6_Qt6_qml_QtQuick --> node_venv_lib_python3_12_site-packages_PyQt6_Qt6_qml_QtQuick_Dialogs["Dialogs"]\n    node_venv_lib_python3_12_site-packages_PyQt6_Qt6_qml_QtQuick_Dialogs --> node_venv_lib_python3_12_site-packages_PyQt6_Qt6_qml_QtQuick_Dialogs_quickimpl["quickimpl"]\n    node_venv_lib_python3_12_site-packages_PyQt6_Qt6_qml_QtQuick_Dialogs_quickimpl --> node_venv_lib_python3_12_site-packages_PyQt6_Qt6_qml_QtQuick_Dialogs_quickimpl_qml["qml"]\n    node_venv_lib_python3_12_site-packages_PyQt6_Qt6_qml_QtQuick_Dialogs_quickimpl_qml --> node_venv_lib_python3_12_site-packages_PyQt6_Qt6_qml_QtQuick_Dialogs_quickimpl_qml_+Material["+Material"]\n    node_venv_lib_python3_12_site-packages_PyQt6_Qt6_qml_QtQuick_Dialogs_quickimpl_qml_+Material --> node_venv_lib_python3_12_site-packages_PyQt6_Qt6_qml_QtQuick_Dialogs_quickimpl_qml_+Material_FontDialog_qml["FontDialog.qml"]\n    Root --> node_venv["venv"]\n    node_venv --> node_venv_lib["lib"]\n    node_venv_lib --> node_venv_lib_python3_12["python3.12"]\n    node_venv_lib_python3_12 --> node_venv_lib_python3_12_site-packages["site-packages"]\n    node_venv_lib_python3_12_site-packages --> node_venv_lib_python3_12_site-packages_PyQt6["PyQt6"]\n    node_venv_lib_python3_12_site-packages_PyQt6 --> node_venv_lib_python3_12_site-packages_PyQt6_Qt6["Qt6"]\n    node_venv_lib_python3_12_site-packages_PyQt6_Qt6 --> node_venv_lib_python3_12_site-packages_PyQt6_Qt6_qml["qml"]\n    node_venv_lib_python3_12_site-packages_PyQt6_Qt6_qml --> node_venv_lib_python3_12_site-packages_PyQt6_Qt6_qml_QtQuick["QtQuick"]\n    node_venv_lib_python3_12_site-packages_PyQt6_Qt6_qml_QtQuick --> node_venv_lib_python3_12_site-packages_PyQt6_Qt6_qml_QtQuick_Dialogs["Dialogs"]\n    node_venv_lib_python3_12_site-packages_PyQt6_Qt6_qml_QtQuick_Dialogs --> node_venv_lib_python3_12_site-packages_PyQt6_Qt6_qml_QtQuick_Dialogs_quickimpl["quickimpl"]\n    node_venv_lib_python3_12_site-packages_PyQt6_Qt6_qml_QtQuick_Dialogs_quickimpl --> node_venv_lib_python3_12_site-packages_PyQt6_Qt6_qml_QtQuick_Dialogs_quickimpl_qml["qml"]\n    node_venv_lib_python3_12_site-packages_PyQt6_Qt6_qml_QtQuick_Dialogs_quickimpl_qml --> node_venv_lib_python3_12_site-packages_PyQt6_Qt6_qml_QtQuick_Dialogs_quickimpl_qml_+Material["+Material"]\n    node_venv_lib_python3_12_site-packages_PyQt6_Qt6_qml_QtQuick_Dialogs_quickimpl_qml_+Material --> node_venv_lib_python3_12_site-packages_PyQt6_Qt6_qml_QtQuick_Dialogs_quickimpl_qml_+Material_MessageDialog_qml["MessageDialog.qml"]\n    Root --> node_venv["venv"]\n    node_venv --> node_venv_lib["lib"]\n    node_venv_lib --> node_venv_lib_python3_12["python3.12"]\n    node_venv_lib_python3_12 --> node_venv_lib_python3_12_site-packages["site-packages"]\n    node_venv_lib_python3_12_site-packages --> node_venv_lib_python3_12_site-packages_PyQt6["PyQt6"]\n    node_venv_lib_python3_12_site-packages_PyQt6 --> node_venv_lib_python3_12_site-packages_PyQt6_Qt6["Qt6"]\n    node_venv_lib_python3_12_site-packages_PyQt6_Qt6 --> node_venv_lib_python3_12_site-packages_PyQt6_Qt6_qml["qml"]\n    node_venv_lib_python3_12_site-packages_PyQt6_Qt6_qml --> node_venv_lib_python3_12_site-packages_PyQt6_Qt6_qml_QtQuick["QtQuick"]\n    node_venv_lib_python3_12_site-packages_PyQt6_Qt6_qml_QtQuick --> node_venv_lib_python3_12_site-packages_PyQt6_Qt6_qml_QtQuick_Dialogs["Dialogs"]\n    node_venv_lib_python3_12_site-packages_PyQt6_Qt6_qml_QtQuick_Dialogs --> node_venv_lib_python3_12_site-packages_PyQt6_Qt6_qml_QtQuick_Dialogs_quickimpl["quickimpl"]\n    node_venv_lib_python3_12_site-packages_PyQt6_Qt6_qml_QtQuick_Dialogs_quickimpl --> node_venv_lib_python3_12_site-packages_PyQt6_Qt6_qml_QtQuick_Dialogs_quickimpl_qml["qml"]\n    node_venv_lib_python3_12_site-packages_PyQt6_Qt6_qml_QtQuick_Dialogs_quickimpl_qml --> node_venv_lib_python3_12_site-packages_PyQt6_Qt6_qml_QtQuick_Dialogs_quickimpl_qml_+Material["+Material"]\n    node_venv_lib_python3_12_site-packages_PyQt6_Qt6_qml_QtQuick_Dialogs_quickimpl_qml_+Material --> node_venv_lib_python3_12_site-packages_PyQt6_Qt6_qml_QtQuick_Dialogs_quickimpl_qml_+Material_SideBar_qml["SideBar.qml"]\n    Root --> node_venv["venv"]\n    node_venv --> node_venv_lib["lib"]\n    node_venv_lib --> node_venv_lib_python3_12["python3.12"]\n    node_venv_lib_python3_12 --> node_venv_lib_python3_12_site-packages["site-packages"]\n    node_venv_lib_python3_12_site-packages --> node_venv_lib_python3_12_site-packages_PyQt6["PyQt6"]\n    node_venv_lib_python3_12_site-packages_PyQt6 --> node_venv_lib_python3_12_site-packages_PyQt6_Qt6["Qt6"]\n    node_venv_lib_python3_12_site-packages_PyQt6_Qt6 --> node_venv_lib_python3_12_site-packages_PyQt6_Qt6_qml["qml"]\n    node_venv_lib_python3_12_site-packages_PyQt6_Qt6_qml --> node_venv_lib_python3_12_site-packages_PyQt6_Qt6_qml_QtQuick["QtQuick"]\n    node_venv_lib_python3_12_site-packages_PyQt6_Qt6_qml_QtQuick --> node_venv_lib_python3_12_site-packages_PyQt6_Qt6_qml_QtQuick_Scene3D["Scene3D"]\n    node_venv_lib_python3_12_site-packages_PyQt6_Qt6_qml_QtQuick_Scene3D --> node_venv_lib_python3_12_site-packages_PyQt6_Qt6_qml_QtQuick_Scene3D_libqtquickscene3dplugin_dylib["libqtquickscene3dplugin.dylib"]\n    Root --> node_venv["venv"]\n    node_venv --> node_venv_lib["lib"]\n    node_venv_lib --> node_venv_lib_python3_12["python3.12"]\n    node_venv_lib_python3_12 --> node_venv_lib_python3_12_site-packages["site-packages"]\n    node_venv_lib_python3_12_site-packages --> node_venv_lib_python3_12_site-packages_PyQt6["PyQt6"]\n    node_venv_lib_python3_12_site-packages_PyQt6 --> node_venv_lib_python3_12_site-packages_PyQt6_Qt6["Qt6"]\n    node_venv_lib_python3_12_site-packages_PyQt6_Qt6 --> node_venv_lib_python3_12_site-packages_PyQt6_Qt6_qml["qml"]\n    node_venv_lib_python3_12_site-packages_PyQt6_Qt6_qml --> node_venv_lib_python3_12_site-packages_PyQt6_Qt6_qml_QtQuick["QtQuick"]\n    node_venv_lib_python3_12_site-packages_PyQt6_Qt6_qml_QtQuick --> node_venv_lib_python3_12_site-packages_PyQt6_Qt6_qml_QtQuick_Scene3D["Scene3D"]\n    node_venv_lib_python3_12_site-packages_PyQt6_Qt6_qml_QtQuick_Scene3D --> node_venv_lib_python3_12_site-packages_PyQt6_Qt6_qml_QtQuick_Scene3D_plugins_qmltypes["plugins.qmltypes"]\n    Root --> node_venv["venv"]\n    node_venv --> node_venv_lib["lib"]\n    node_venv_lib --> node_venv_lib_python3_12["python3.12"]\n    node_venv_lib_python3_12 --> node_venv_lib_python3_12_site-packages["site-packages"]\n    node_venv_lib_python3_12_site-packages --> node_venv_lib_python3_12_site-packages_PyQt6["PyQt6"]\n    node_venv_lib_python3_12_site-packages_PyQt6 --> node_venv_lib_python3_12_site-packages_PyQt6_Qt6["Qt6"]\n    node_venv_lib_python3_12_site-packages_PyQt6_Qt6 --> node_venv_lib_python3_12_site-packages_PyQt6_Qt6_qml["qml"]\n    node_venv_lib_python3_12_site-packages_PyQt6_Qt6_qml --> node_venv_lib_python3_12_site-packages_PyQt6_Qt6_qml_QtQuick["QtQuick"]\n    node_venv_lib_python3_12_site-packages_PyQt6_Qt6_qml_QtQuick --> node_venv_lib_python3_12_site-packages_PyQt6_Qt6_qml_QtQuick_Scene3D["Scene3D"]\n    node_venv_lib_python3_12_site-packages_PyQt6_Qt6_qml_QtQuick_Scene3D --> node_venv_lib_python3_12_site-packages_PyQt6_Qt6_qml_QtQuick_Scene3D_qmldir["qmldir"]\n    Root --> node_venv["venv"]\n    node_venv --> node_venv_lib["lib"]\n    node_venv_lib --> node_venv_lib_python3_12["python3.12"]\n    node_venv_lib_python3_12 --> node_venv_lib_python3_12_site-packages["site-packages"]\n    node_venv_lib_python3_12_site-packages --> node_venv_lib_python3_12_site-packages_PyQt6["PyQt6"]\n    node_venv_lib_python3_12_site-packages_PyQt6 --> node_venv_lib_python3_12_site-packages_PyQt6_Qt6["Qt6"]\n    node_venv_lib_python3_12_site-packages_PyQt6_Qt6 --> node_venv_lib_python3_12_site-packages_PyQt6_Qt6_qml["qml"]\n    node_venv_lib_python3_12_site-packages_PyQt6_Qt6_qml --> node_venv_lib_python3_12_site-packages_PyQt6_Qt6_qml_QtQuick["QtQuick"]\n    node_venv_lib_python3_12_site-packages_PyQt6_Qt6_qml_QtQuick --> node_venv_lib_python3_12_site-packages_PyQt6_Qt6_qml_QtQuick_Effects["Effects"]\n    node_venv_lib_python3_12_site-packages_PyQt6_Qt6_qml_QtQuick_Effects --> node_venv_lib_python3_12_site-packages_PyQt6_Qt6_qml_QtQuick_Effects_libeffectsplugin_dylib["libeffectsplugin.dylib"]\n    Root --> node_venv["venv"]\n    node_venv --> node_venv_lib["lib"]\n    node_venv_lib --> node_venv_lib_python3_12["python3.12"]\n    node_venv_lib_python3_12 --> node_venv_lib_python3_12_site-packages["site-packages"]\n    node_venv_lib_python3_12_site-packages --> node_venv_lib_python3_12_site-packages_PyQt6["PyQt6"]\n    node_venv_lib_python3_12_site-packages_PyQt6 --> node_venv_lib_python3_12_site-packages_PyQt6_Qt6["Qt6"]\n    node_venv_lib_python3_12_site-packages_PyQt6_Qt6 --> node_venv_lib_python3_12_site-packages_PyQt6_Qt6_qml["qml"]\n    node_venv_lib_python3_12_site-packages_PyQt6_Qt6_qml --> node_venv_lib_python3_12_site-packages_PyQt6_Qt6_qml_QtQuick["QtQuick"]\n    node_venv_lib_python3_12_site-packages_PyQt6_Qt6_qml_QtQuick --> node_venv_lib_python3_12_site-packages_PyQt6_Qt6_qml_QtQuick_Effects["Effects"]\n    node_venv_lib_python3_12_site-packages_PyQt6_Qt6_qml_QtQuick_Effects --> node_venv_lib_python3_12_site-packages_PyQt6_Qt6_qml_QtQuick_Effects_plugins_qmltypes["plugins.qmltypes"]\n    Root --> node_venv["venv"]\n    node_venv --> node_venv_lib["lib"]\n    node_venv_lib --> node_venv_lib_python3_12["python3.12"]\n    node_venv_lib_python3_12 --> node_venv_lib_python3_12_site-packages["site-packages"]\n    node_venv_lib_python3_12_site-packages --> node_venv_lib_python3_12_site-packages_PyQt6["PyQt6"]\n    node_venv_lib_python3_12_site-packages_PyQt6 --> node_venv_lib_python3_12_site-packages_PyQt6_Qt6["Qt6"]\n    node_venv_lib_python3_12_site-packages_PyQt6_Qt6 --> node_venv_lib_python3_12_site-packages_PyQt6_Qt6_qml["qml"]\n    node_venv_lib_python3_12_site-packages_PyQt6_Qt6_qml --> node_venv_lib_python3_12_site-packages_PyQt6_Qt6_qml_QtQuick["QtQuick"]\n    node_venv_lib_python3_12_site-packages_PyQt6_Qt6_qml_QtQuick --> node_venv_lib_python3_12_site-packages_PyQt6_Qt6_qml_QtQuick_Effects["Effects"]\n    node_venv_lib_python3_12_site-packages_PyQt6_Qt6_qml_QtQuick_Effects --> node_venv_lib_python3_12_site-packages_PyQt6_Qt6_qml_QtQuick_Effects_qmldir["qmldir"]\n    Root --> node_venv["venv"]\n    node_venv --> node_venv_lib["lib"]\n    node_venv_lib --> node_venv_lib_python3_12["python3.12"]\n    node_venv_lib_python3_12 --> node_venv_lib_python3_12_site-packages["site-packages"]\n    node_venv_lib_python3_12_site-packages --> node_venv_lib_python3_12_site-packages_PyQt6["PyQt6"]\n    node_venv_lib_python3_12_site-packages_PyQt6 --> node_venv_lib_python3_12_site-packages_PyQt6_Qt6["Qt6"]\n    node_venv_lib_python3_12_site-packages_PyQt6_Qt6 --> node_venv_lib_python3_12_site-packages_PyQt6_Qt6_qml["qml"]\n    node_venv_lib_python3_12_site-packages_PyQt6_Qt6_qml --> node_venv_lib_python3_12_site-packages_PyQt6_Qt6_qml_QtQuick["QtQuick"]\n    node_venv_lib_python3_12_site-packages_PyQt6_Qt6_qml_QtQuick --> node_venv_lib_python3_12_site-packages_PyQt6_Qt6_qml_QtQuick_Timeline["Timeline"]\n    node_venv_lib_python3_12_site-packages_PyQt6_Qt6_qml_QtQuick_Timeline --> node_venv_lib_python3_12_site-packages_PyQt6_Qt6_qml_QtQuick_Timeline_libqtquicktimelineplugin_dylib["libqtquicktimelineplugin.dylib"]\n    Root --> node_venv["venv"]\n    node_venv --> node_venv_lib["lib"]\n    node_venv_lib --> node_venv_lib_python3_12["python3.12"]\n    node_venv_lib_python3_12 --> node_venv_lib_python3_12_site-packages["site-packages"]\n    node_venv_lib_python3_12_site-packages --> node_venv_lib_python3_12_site-packages_PyQt6["PyQt6"]\n    node_venv_lib_python3_12_site-packages_PyQt6 --> node_venv_lib_python3_12_site-packages_PyQt6_Qt6["Qt6"]\n    node_venv_lib_python3_12_site-packages_PyQt6_Qt6 --> node_venv_lib_python3_12_site-packages_PyQt6_Qt6_qml["qml"]\n    node_venv_lib_python3_12_site-packages_PyQt6_Qt6_qml --> node_venv_lib_python3_12_site-packages_PyQt6_Qt6_qml_QtQuick["QtQuick"]\n    node_venv_lib_python3_12_site-packages_PyQt6_Qt6_qml_QtQuick --> node_venv_lib_python3_12_site-packages_PyQt6_Qt6_qml_QtQuick_Timeline["Timeline"]\n    node_venv_lib_python3_12_site-packages_PyQt6_Qt6_qml_QtQuick_Timeline --> node_venv_lib_python3_12_site-packages_PyQt6_Qt6_qml_QtQuick_Timeline_plugins_qmltypes["plugins.qmltypes"]\n    Root --> node_venv["venv"]\n    node_venv --> node_venv_lib["lib"]\n    node_venv_lib --> node_venv_lib_python3_12["python3.12"]\n    node_venv_lib_python3_12 --> node_venv_lib_python3_12_site-packages["site-packages"]\n    node_venv_lib_python3_12_site-packages --> node_venv_lib_python3_12_site-packages_PyQt6["PyQt6"]\n    node_venv_lib_python3_12_site-packages_PyQt6 --> node_venv_lib_python3_12_site-packages_PyQt6_Qt6["Qt6"]\n    node_venv_lib_python3_12_site-packages_PyQt6_Qt6 --> node_venv_lib_python3_12_site-packages_PyQt6_Qt6_qml["qml"]\n    node_venv_lib_python3_12_site-packages_PyQt6_Qt6_qml --> node_venv_lib_python3_12_site-packages_PyQt6_Qt6_qml_QtQuick["QtQuick"]\n    node_venv_lib_python3_12_site-packages_PyQt6_Qt6_qml_QtQuick --> node_venv_lib_python3_12_site-packages_PyQt6_Qt6_qml_QtQuick_Timeline["Timeline"]\n    node_venv_lib_python3_12_site-packages_PyQt6_Qt6_qml_QtQuick_Timeline --> node_venv_lib_python3_12_site-packages_PyQt6_Qt6_qml_QtQuick_Timeline_qmldir["qmldir"]\n    Root --> node_venv["venv"]\n    node_venv --> node_venv_lib["lib"]\n    node_venv_lib --> node_venv_lib_python3_12["python3.12"]\n    node_venv_lib_python3_12 --> node_venv_lib_python3_12_site-packages["site-packages"]\n    node_venv_lib_python3_12_site-packages --> node_venv_lib_python3_12_site-packages_PyQt6["PyQt6"]\n    node_venv_lib_python3_12_site-packages_PyQt6 --> node_venv_lib_python3_12_site-packages_PyQt6_Qt6["Qt6"]\n    node_venv_lib_python3_12_site-packages_PyQt6_Qt6 --> node_venv_lib_python3_12_site-packages_PyQt6_Qt6_qml["qml"]\n    node_venv_lib_python3_12_site-packages_PyQt6_Qt6_qml --> node_venv_lib_python3_12_site-packages_PyQt6_Qt6_qml_QtQuick["QtQuick"]\n    node_venv_lib_python3_12_site-packages_PyQt6_Qt6_qml_QtQuick --> node_venv_lib_python3_12_site-packages_PyQt6_Qt6_qml_QtQuick_Timeline["Timeline"]\n    node_venv_lib_python3_12_site-packages_PyQt6_Qt6_qml_QtQuick_Timeline --> node_venv_lib_python3_12_site-packages_PyQt6_Qt6_qml_QtQuick_Timeline_BlendTrees["BlendTrees"]\n    node_venv_lib_python3_12_site-packages_PyQt6_Qt6_qml_QtQuick_Timeline_BlendTrees --> node_venv_lib_python3_12_site-packages_PyQt6_Qt6_qml_QtQuick_Timeline_BlendTrees_libqtquicktimelineblendtreesplugin_dylib["libqtquicktimelineblendtreesplugin.dylib"]\n    Root --> node_venv["venv"]\n    node_venv --> node_venv_lib["lib"]\n    node_venv_lib --> node_venv_lib_python3_12["python3.12"]\n    node_venv_lib_python3_12 --> node_venv_lib_python3_12_site-packages["site-packages"]\n    node_venv_lib_python3_12_site-packages --> node_venv_lib_python3_12_site-packages_PyQt6["PyQt6"]\n    node_venv_lib_python3_12_site-packages_PyQt6 --> node_venv_lib_python3_12_site-packages_PyQt6_Qt6["Qt6"]\n    node_venv_lib_python3_12_site-packages_PyQt6_Qt6 --> node_venv_lib_python3_12_site-packages_PyQt6_Qt6_qml["qml"]\n    node_venv_lib_python3_12_site-packages_PyQt6_Qt6_qml --> node_venv_lib_python3_12_site-packages_PyQt6_Qt6_qml_QtQuick["QtQuick"]\n    node_venv_lib_python3_12_site-packages_PyQt6_Qt6_qml_QtQuick --> node_venv_lib_python3_12_site-packages_PyQt6_Qt6_qml_QtQuick_Timeline["Timeline"]\n    node_venv_lib_python3_12_site-packages_PyQt6_Qt6_qml_QtQuick_Timeline --> node_venv_lib_python3_12_site-packages_PyQt6_Qt6_qml_QtQuick_Timeline_BlendTrees["BlendTrees"]\n    node_venv_lib_python3_12_site-packages_PyQt6_Qt6_qml_QtQuick_Timeline_BlendTrees --> node_venv_lib_python3_12_site-packages_PyQt6_Qt6_qml_QtQuick_Timeline_BlendTrees_plugins_qmltypes["plugins.qmltypes"]\n    Root --> node_venv["venv"]\n    node_venv --> node_venv_lib["lib"]\n    node_venv_lib --> node_venv_lib_python3_12["python3.12"]\n    node_venv_lib_python3_12 --> node_venv_lib_python3_12_site-packages["site-packages"]\n    node_venv_lib_python3_12_site-packages --> node_venv_lib_python3_12_site-packages_PyQt6["PyQt6"]\n    node_venv_lib_python3_12_site-packages_PyQt6 --> node_venv_lib_python3_12_site-packages_PyQt6_Qt6["Qt6"]\n    node_venv_lib_python3_12_site-packages_PyQt6_Qt6 --> node_venv_lib_python3_12_site-packages_PyQt6_Qt6_qml["qml"]\n    node_venv_lib_python3_12_site-packages_PyQt6_Qt6_qml --> node_venv_lib_python3_12_site-packages_PyQt6_Qt6_qml_QtQuick["QtQuick"]\n    node_venv_lib_python3_12_site-packages_PyQt6_Qt6_qml_QtQuick --> node_venv_lib_python3_12_site-packages_PyQt6_Qt6_qml_QtQuick_Timeline["Timeline"]\n    node_venv_lib_python3_12_site-packages_PyQt6_Qt6_qml_QtQuick_Timeline --> node_venv_lib_python3_12_site-packages_PyQt6_Qt6_qml_QtQuick_Timeline_BlendTrees["BlendTrees"]\n    node_venv_lib_python3_12_site-packages_PyQt6_Qt6_qml_QtQuick_Timeline_BlendTrees --> node_venv_lib_python3_12_site-packages_PyQt6_Qt6_qml_QtQuick_Timeline_BlendTrees_qmldir["qmldir"]\n    Root --> node_venv["venv"]\n    node_venv --> node_venv_lib["lib"]\n    node_venv_lib --> node_venv_lib_python3_12["python3.12"]\n    node_venv_lib_python3_12 --> node_venv_lib_python3_12_site-packages["site-packages"]\n    node_venv_lib_python3_12_site-packages --> node_venv_lib_python3_12_site-packages_PyQt6["PyQt6"]\n    node_venv_lib_python3_12_site-packages_PyQt6 --> node_venv_lib_python3_12_site-packages_PyQt6_Qt6["Qt6"]\n    node_venv_lib_python3_12_site-packages_PyQt6_Qt6 --> node_venv_lib_python3_12_site-packages_PyQt6_Qt6_qml["qml"]\n    node_venv_lib_python3_12_site-packages_PyQt6_Qt6_qml --> node_venv_lib_python3_12_site-packages_PyQt6_Qt6_qml_QtQuick["QtQuick"]\n    node_venv_lib_python3_12_site-packages_PyQt6_Qt6_qml_QtQuick --> node_venv_lib_python3_12_site-packages_PyQt6_Qt6_qml_QtQuick_NativeStyle["NativeStyle"]\n    node_venv_lib_python3_12_site-packages_PyQt6_Qt6_qml_QtQuick_NativeStyle --> node_venv_lib_python3_12_site-packages_PyQt6_Qt6_qml_QtQuick_NativeStyle_libqtquickcontrols2nativestyleplugin_dylib["libqtquickcontrols2nativestyleplugin.dylib"]\n    Root --> node_venv["venv"]\n    node_venv --> node_venv_lib["lib"]\n    node_venv_lib --> node_venv_lib_python3_12["python3.12"]\n    node_venv_lib_python3_12 --> node_venv_lib_python3_12_site-packages["site-packages"]\n    node_venv_lib_python3_12_site-packages --> node_venv_lib_python3_12_site-packages_PyQt6["PyQt6"]\n    node_venv_lib_python3_12_site-packages_PyQt6 --> node_venv_lib_python3_12_site-packages_PyQt6_Qt6["Qt6"]\n    node_venv_lib_python3_12_site-packages_PyQt6_Qt6 --> node_venv_lib_python3_12_site-packages_PyQt6_Qt6_qml["qml"]\n    node_venv_lib_python3_12_site-packages_PyQt6_Qt6_qml --> node_venv_lib_python3_12_site-packages_PyQt6_Qt6_qml_QtQuick["QtQuick"]\n    node_venv_lib_python3_12_site-packages_PyQt6_Qt6_qml_QtQuick --> node_venv_lib_python3_12_site-packages_PyQt6_Qt6_qml_QtQuick_NativeStyle["NativeStyle"]\n    node_venv_lib_python3_12_site-packages_PyQt6_Qt6_qml_QtQuick_NativeStyle --> node_venv_lib_python3_12_site-packages_PyQt6_Qt6_qml_QtQuick_NativeStyle_plugins_qmltypes["plugins.qmltypes"]\n    Root --> node_venv["venv"]\n    node_venv --> node_venv_lib["lib"]\n    node_venv_lib --> node_venv_lib_python3_12["python3.12"]\n    node_venv_lib_python3_12 --> node_venv_lib_python3_12_site-packages["site-packages"]\n    node_venv_lib_python3_12_site-packages --> node_venv_lib_python3_12_site-packages_PyQt6["PyQt6"]\n    node_venv_lib_python3_12_site-packages_PyQt6 --> node_venv_lib_python3_12_site-packages_PyQt6_Qt6["Qt6"]\n    node_venv_lib_python3_12_site-packages_PyQt6_Qt6 --> node_venv_lib_python3_12_site-packages_PyQt6_Qt6_qml["qml"]\n    node_venv_lib_python3_12_site-packages_PyQt6_Qt6_qml --> node_venv_lib_python3_12_site-packages_PyQt6_Qt6_qml_QtQuick["QtQuick"]\n    node_venv_lib_python3_12_site-packages_PyQt6_Qt6_qml_QtQuick --> node_venv_lib_python3_12_site-packages_PyQt6_Qt6_qml_QtQuick_NativeStyle["NativeStyle"]\n    node_venv_lib_python3_12_site-packages_PyQt6_Qt6_qml_QtQuick_NativeStyle --> node_venv_lib_python3_12_site-packages_PyQt6_Qt6_qml_QtQuick_NativeStyle_qmldir["qmldir"]\n    Root --> node_venv["venv"]\n    node_venv --> node_venv_lib["lib"]\n    node_venv_lib --> node_venv_lib_python3_12["python3.12"]\n    node_venv_lib_python3_12 --> node_venv_lib_python3_12_site-packages["site-packages"]\n    node_venv_lib_python3_12_site-packages --> node_venv_lib_python3_12_site-packages_PyQt6["PyQt6"]\n    node_venv_lib_python3_12_site-packages_PyQt6 --> node_venv_lib_python3_12_site-packages_PyQt6_Qt6["Qt6"]\n    node_venv_lib_python3_12_site-packages_PyQt6_Qt6 --> node_venv_lib_python3_12_site-packages_PyQt6_Qt6_qml["qml"]\n    node_venv_lib_python3_12_site-packages_PyQt6_Qt6_qml --> node_venv_lib_python3_12_site-packages_PyQt6_Qt6_qml_QtQuick["QtQuick"]\n    node_venv_lib_python3_12_site-packages_PyQt6_Qt6_qml_QtQuick --> node_venv_lib_python3_12_site-packages_PyQt6_Qt6_qml_QtQuick_NativeStyle["NativeStyle"]\n    node_venv_lib_python3_12_site-packages_PyQt6_Qt6_qml_QtQuick_NativeStyle --> node_venv_lib_python3_12_site-packages_PyQt6_Qt6_qml_QtQuick_NativeStyle_util["util"]\n    node_venv_lib_python3_12_site-packages_PyQt6_Qt6_qml_QtQuick_NativeStyle_util --> node_venv_lib_python3_12_site-packages_PyQt6_Qt6_qml_QtQuick_NativeStyle_util_MacFocusFrame_qml["MacFocusFrame.qml"]\n    Root --> node_venv["venv"]\n    node_venv --> node_venv_lib["lib"]\n    node_venv_lib --> node_venv_lib_python3_12["python3.12"]\n    node_venv_lib_python3_12 --> node_venv_lib_python3_12_site-packages["site-packages"]\n    node_venv_lib_python3_12_site-packages --> node_venv_lib_python3_12_site-packages_PyQt6["PyQt6"]\n    node_venv_lib_python3_12_site-packages_PyQt6 --> node_venv_lib_python3_12_site-packages_PyQt6_Qt6["Qt6"]\n    node_venv_lib_python3_12_site-packages_PyQt6_Qt6 --> node_venv_lib_python3_12_site-packages_PyQt6_Qt6_qml["qml"]\n    node_venv_lib_python3_12_site-packages_PyQt6_Qt6_qml --> node_venv_lib_python3_12_site-packages_PyQt6_Qt6_qml_QtQuick["QtQuick"]\n    node_venv_lib_python3_12_site-packages_PyQt6_Qt6_qml_QtQuick --> node_venv_lib_python3_12_site-packages_PyQt6_Qt6_qml_QtQuick_NativeStyle["NativeStyle"]\n    node_venv_lib_python3_12_site-packages_PyQt6_Qt6_qml_QtQuick_NativeStyle --> node_venv_lib_python3_12_site-packages_PyQt6_Qt6_qml_QtQuick_NativeStyle_util["util"]\n    node_venv_lib_python3_12_site-packages_PyQt6_Qt6_qml_QtQuick_NativeStyle_util --> node_venv_lib_python3_12_site-packages_PyQt6_Qt6_qml_QtQuick_NativeStyle_util_qmldir["qmldir"]\n    Root --> node_venv["venv"]\n    node_venv --> node_venv_lib["lib"]\n    node_venv_lib --> node_venv_lib_python3_12["python3.12"]\n    node_venv_lib_python3_12 --> node_venv_lib_python3_12_site-packages["site-packages"]\n    node_venv_lib_python3_12_site-packages --> node_venv_lib_python3_12_site-packages_PyQt6["PyQt6"]\n    node_venv_lib_python3_12_site-packages_PyQt6 --> node_venv_lib_python3_12_site-packages_PyQt6_Qt6["Qt6"]\n    node_venv_lib_python3_12_site-packages_PyQt6_Qt6 --> node_venv_lib_python3_12_site-packages_PyQt6_Qt6_qml["qml"]\n    node_venv_lib_python3_12_site-packages_PyQt6_Qt6_qml --> node_venv_lib_python3_12_site-packages_PyQt6_Qt6_qml_QtQuick["QtQuick"]\n    node_venv_lib_python3_12_site-packages_PyQt6_Qt6_qml_QtQuick --> node_venv_lib_python3_12_site-packages_PyQt6_Qt6_qml_QtQuick_NativeStyle["NativeStyle"]\n    node_venv_lib_python3_12_site-packages_PyQt6_Qt6_qml_QtQuick_NativeStyle --> node_venv_lib_python3_12_site-packages_PyQt6_Qt6_qml_QtQuick_NativeStyle_controls["controls"]\n    node_venv_lib_python3_12_site-packages_PyQt6_Qt6_qml_QtQuick_NativeStyle_controls --> node_venv_lib_python3_12_site-packages_PyQt6_Qt6_qml_QtQuick_NativeStyle_controls_DefaultButton_qml["DefaultButton.qml"]\n    Root --> node_venv["venv"]\n    node_venv --> node_venv_lib["lib"]\n    node_venv_lib --> node_venv_lib_python3_12["python3.12"]\n    node_venv_lib_python3_12 --> node_venv_lib_python3_12_site-packages["site-packages"]\n    node_venv_lib_python3_12_site-packages --> node_venv_lib_python3_12_site-packages_PyQt6["PyQt6"]\n    node_venv_lib_python3_12_site-packages_PyQt6 --> node_venv_lib_python3_12_site-packages_PyQt6_Qt6["Qt6"]\n    node_venv_lib_python3_12_site-packages_PyQt6_Qt6 --> node_venv_lib_python3_12_site-packages_PyQt6_Qt6_qml["qml"]\n    node_venv_lib_python3_12_site-packages_PyQt6_Qt6_qml --> node_venv_lib_python3_12_site-packages_PyQt6_Qt6_qml_QtQuick["QtQuick"]\n    node_venv_lib_python3_12_site-packages_PyQt6_Qt6_qml_QtQuick --> node_venv_lib_python3_12_site-packages_PyQt6_Qt6_qml_QtQuick_NativeStyle["NativeStyle"]\n    node_venv_lib_python3_12_site-packages_PyQt6_Qt6_qml_QtQuick_NativeStyle --> node_venv_lib_python3_12_site-packages_PyQt6_Qt6_qml_QtQuick_NativeStyle_controls["controls"]\n    node_venv_lib_python3_12_site-packages_PyQt6_Qt6_qml_QtQuick_NativeStyle_controls --> node_venv_lib_python3_12_site-packages_PyQt6_Qt6_qml_QtQuick_NativeStyle_controls_DefaultCheckBox_qml["DefaultCheckBox.qml"]\n    Root --> node_venv["venv"]\n    node_venv --> node_venv_lib["lib"]\n    node_venv_lib --> node_venv_lib_python3_12["python3.12"]\n    node_venv_lib_python3_12 --> node_venv_lib_python3_12_site-packages["site-packages"]\n    node_venv_lib_python3_12_site-packages --> node_venv_lib_python3_12_site-packages_PyQt6["PyQt6"]\n    node_venv_lib_python3_12_site-packages_PyQt6 --> node_venv_lib_python3_12_site-packages_PyQt6_Qt6["Qt6"]\n    node_venv_lib_python3_12_site-packages_PyQt6_Qt6 --> node_venv_lib_python3_12_site-packages_PyQt6_Qt6_qml["qml"]\n    node_venv_lib_python3_12_site-packages_PyQt6_Qt6_qml --> node_venv_lib_python3_12_site-packages_PyQt6_Qt6_qml_QtQuick["QtQuick"]\n    node_venv_lib_python3_12_site-packages_PyQt6_Qt6_qml_QtQuick --> node_venv_lib_python3_12_site-packages_PyQt6_Qt6_qml_QtQuick_NativeStyle["NativeStyle"]\n    node_venv_lib_python3_12_site-packages_PyQt6_Qt6_qml_QtQuick_NativeStyle --> node_venv_lib_python3_12_site-packages_PyQt6_Qt6_qml_QtQuick_NativeStyle_controls["controls"]\n    node_venv_lib_python3_12_site-packages_PyQt6_Qt6_qml_QtQuick_NativeStyle_controls --> node_venv_lib_python3_12_site-packages_PyQt6_Qt6_qml_QtQuick_NativeStyle_controls_DefaultComboBox_qml["DefaultComboBox.qml"]\n    Root --> node_venv["venv"]\n    node_venv --> node_venv_lib["lib"]\n    node_venv_lib --> node_venv_lib_python3_12["python3.12"]\n    node_venv_lib_python3_12 --> node_venv_lib_python3_12_site-packages["site-packages"]\n    node_venv_lib_python3_12_site-packages --> node_venv_lib_python3_12_site-packages_PyQt6["PyQt6"]\n    node_venv_lib_python3_12_site-packages_PyQt6 --> node_venv_lib_python3_12_site-packages_PyQt6_Qt6["Qt6"]\n    node_venv_lib_python3_12_site-packages_PyQt6_Qt6 --> node_venv_lib_python3_12_site-packages_PyQt6_Qt6_qml["qml"]\n    node_venv_lib_python3_12_site-packages_PyQt6_Qt6_qml --> node_venv_lib_python3_12_site-packages_PyQt6_Qt6_qml_QtQuick["QtQuick"]\n    node_venv_lib_python3_12_site-packages_PyQt6_Qt6_qml_QtQuick --> node_venv_lib_python3_12_site-packages_PyQt6_Qt6_qml_QtQuick_NativeStyle["NativeStyle"]\n    node_venv_lib_python3_12_site-packages_PyQt6_Qt6_qml_QtQuick_NativeStyle --> node_venv_lib_python3_12_site-packages_PyQt6_Qt6_qml_QtQuick_NativeStyle_controls["controls"]\n    node_venv_lib_python3_12_site-packages_PyQt6_Qt6_qml_QtQuick_NativeStyle_controls --> node_venv_lib_python3_12_site-packages_PyQt6_Qt6_qml_QtQuick_NativeStyle_controls_DefaultDial_qml["DefaultDial.qml"]\n    Root --> node_venv["venv"]\n    node_venv --> node_venv_lib["lib"]\n    node_venv_lib --> node_venv_lib_python3_12["python3.12"]\n    node_venv_lib_python3_12 --> node_venv_lib_python3_12_site-packages["site-packages"]\n    node_venv_lib_python3_12_site-packages --> node_venv_lib_python3_12_site-packages_PyQt6["PyQt6"]\n    node_venv_lib_python3_12_site-packages_PyQt6 --> node_venv_lib_python3_12_site-packages_PyQt6_Qt6["Qt6"]\n    node_venv_lib_python3_12_site-packages_PyQt6_Qt6 --> node_venv_lib_python3_12_site-packages_PyQt6_Qt6_qml["qml"]\n    node_venv_lib_python3_12_site-packages_PyQt6_Qt6_qml --> node_venv_lib_python3_12_site-packages_PyQt6_Qt6_qml_QtQuick["QtQuick"]\n    node_venv_lib_python3_12_site-packages_PyQt6_Qt6_qml_QtQuick --> node_venv_lib_python3_12_site-packages_PyQt6_Qt6_qml_QtQuick_NativeStyle["NativeStyle"]\n    node_venv_lib_python3_12_site-packages_PyQt6_Qt6_qml_QtQuick_NativeStyle --> node_venv_lib_python3_12_site-packages_PyQt6_Qt6_qml_QtQuick_NativeStyle_controls["controls"]\n    node_venv_lib_python3_12_site-packages_PyQt6_Qt6_qml_QtQuick_NativeStyle_controls --> node_venv_lib_python3_12_site-packages_PyQt6_Qt6_qml_QtQuick_NativeStyle_controls_DefaultFrame_qml["DefaultFrame.qml"]\n    Root --> node_venv["venv"]\n    node_venv --> node_venv_lib["lib"]\n    node_venv_lib --> node_venv_lib_python3_12["python3.12"]\n    node_venv_lib_python3_12 --> node_venv_lib_python3_12_site-packages["site-packages"]\n    node_venv_lib_python3_12_site-packages --> node_venv_lib_python3_12_site-packages_PyQt6["PyQt6"]\n    node_venv_lib_python3_12_site-packages_PyQt6 --> node_venv_lib_python3_12_site-packages_PyQt6_Qt6["Qt6"]\n    node_venv_lib_python3_12_site-packages_PyQt6_Qt6 --> node_venv_lib_python3_12_site-packages_PyQt6_Qt6_qml["qml"]\n    node_venv_lib_python3_12_site-packages_PyQt6_Qt6_qml --> node_venv_lib_python3_12_site-packages_PyQt6_Qt6_qml_QtQuick["QtQuick"]\n    node_venv_lib_python3_12_site-packages_PyQt6_Qt6_qml_QtQuick --> node_venv_lib_python3_12_site-packages_PyQt6_Qt6_qml_QtQuick_NativeStyle["NativeStyle"]\n    node_venv_lib_python3_12_site-packages_PyQt6_Qt6_qml_QtQuick_NativeStyle --> node_venv_lib_python3_12_site-packages_PyQt6_Qt6_qml_QtQuick_NativeStyle_controls["controls"]\n    node_venv_lib_python3_12_site-packages_PyQt6_Qt6_qml_QtQuick_NativeStyle_controls --> node_venv_lib_python3_12_site-packages_PyQt6_Qt6_qml_QtQuick_NativeStyle_controls_DefaultGroupBox_qml["DefaultGroupBox.qml"]\n    Root --> node_venv["venv"]\n    node_venv --> node_venv_lib["lib"]\n    node_venv_lib --> node_venv_lib_python3_12["python3.12"]\n    node_venv_lib_python3_12 --> node_venv_lib_python3_12_site-packages["site-packages"]\n    node_venv_lib_python3_12_site-packages --> node_venv_lib_python3_12_site-packages_PyQt6["PyQt6"]\n    node_venv_lib_python3_12_site-packages_PyQt6 --> node_venv_lib_python3_12_site-packages_PyQt6_Qt6["Qt6"]\n    node_venv_lib_python3_12_site-packages_PyQt6_Qt6 --> node_venv_lib_python3_12_site-packages_PyQt6_Qt6_qml["qml"]\n    node_venv_lib_python3_12_site-packages_PyQt6_Qt6_qml --> node_venv_lib_python3_12_site-packages_PyQt6_Qt6_qml_QtQuick["QtQuick"]\n    node_venv_lib_python3_12_site-packages_PyQt6_Qt6_qml_QtQuick --> node_venv_lib_python3_12_site-packages_PyQt6_Qt6_qml_QtQuick_NativeStyle["NativeStyle"]\n    node_venv_lib_python3_12_site-packages_PyQt6_Qt6_qml_QtQuick_NativeStyle --> node_venv_lib_python3_12_site-packages_PyQt6_Qt6_qml_QtQuick_NativeStyle_controls["controls"]\n    node_venv_lib_python3_12_site-packages_PyQt6_Qt6_qml_QtQuick_NativeStyle_controls --> node_venv_lib_python3_12_site-packages_PyQt6_Qt6_qml_QtQuick_NativeStyle_controls_DefaultItemDelegate_qml["DefaultItemDelegate.qml"]\n    Root --> node_venv["venv"]\n    node_venv --> node_venv_lib["lib"]\n    node_venv_lib --> node_venv_lib_python3_12["python3.12"]\n    node_venv_lib_python3_12 --> node_venv_lib_python3_12_site-packages["site-packages"]\n    node_venv_lib_python3_12_site-packages --> node_venv_lib_python3_12_site-packages_PyQt6["PyQt6"]\n    node_venv_lib_python3_12_site-packages_PyQt6 --> node_venv_lib_python3_12_site-packages_PyQt6_Qt6["Qt6"]\n    node_venv_lib_python3_12_site-packages_PyQt6_Qt6 --> node_venv_lib_python3_12_site-packages_PyQt6_Qt6_qml["qml"]\n    node_venv_lib_python3_12_site-packages_PyQt6_Qt6_qml --> node_venv_lib_python3_12_site-packages_PyQt6_Qt6_qml_QtQuick["QtQuick"]\n    node_venv_lib_python3_12_site-packages_PyQt6_Qt6_qml_QtQuick --> node_venv_lib_python3_12_site-packages_PyQt6_Qt6_qml_QtQuick_NativeStyle["NativeStyle"]\n    node_venv_lib_python3_12_site-packages_PyQt6_Qt6_qml_QtQuick_NativeStyle --> node_venv_lib_python3_12_site-packages_PyQt6_Qt6_qml_QtQuick_NativeStyle_controls["controls"]\n    node_venv_lib_python3_12_site-packages_PyQt6_Qt6_qml_QtQuick_NativeStyle_controls --> node_venv_lib_python3_12_site-packages_PyQt6_Qt6_qml_QtQuick_NativeStyle_controls_DefaultItemDelegateIconLabel_qml["DefaultItemDelegateIconLabel.qml"]\n    Root --> node_venv["venv"]\n    node_venv --> node_venv_lib["lib"]\n    node_venv_lib --> node_venv_lib_python3_12["python3.12"]\n    node_venv_lib_python3_12 --> node_venv_lib_python3_12_site-packages["site-packages"]\n    node_venv_lib_python3_12_site-packages --> node_venv_lib_python3_12_site-packages_PyQt6["PyQt6"]\n    node_venv_lib_python3_12_site-packages_PyQt6 --> node_venv_lib_python3_12_site-packages_PyQt6_Qt6["Qt6"]\n    node_venv_lib_python3_12_site-packages_PyQt6_Qt6 --> node_venv_lib_python3_12_site-packages_PyQt6_Qt6_qml["qml"]\n    node_venv_lib_python3_12_site-packages_PyQt6_Qt6_qml --> node_venv_lib_python3_12_site-packages_PyQt6_Qt6_qml_QtQuick["QtQuick"]\n    node_venv_lib_python3_12_site-packages_PyQt6_Qt6_qml_QtQuick --> node_venv_lib_python3_12_site-packages_PyQt6_Qt6_qml_QtQuick_NativeStyle["NativeStyle"]\n    node_venv_lib_python3_12_site-packages_PyQt6_Qt6_qml_QtQuick_NativeStyle --> node_venv_lib_python3_12_site-packages_PyQt6_Qt6_qml_QtQuick_NativeStyle_controls["controls"]\n    node_venv_lib_python3_12_site-packages_PyQt6_Qt6_qml_QtQuick_NativeStyle_controls --> node_venv_lib_python3_12_site-packages_PyQt6_Qt6_qml_QtQuick_NativeStyle_controls_DefaultProgressBar_qml["DefaultProgressBar.qml"]\n    Root --> node_venv["venv"]\n    node_venv --> node_venv_lib["lib"]\n    node_venv_lib --> node_venv_lib_python3_12["python3.12"]\n    node_venv_lib_python3_12 --> node_venv_lib_python3_12_site-packages["site-packages"]\n    node_venv_lib_python3_12_site-packages --> node_venv_lib_python3_12_site-packages_PyQt6["PyQt6"]\n    node_venv_lib_python3_12_site-packages_PyQt6 --> node_venv_lib_python3_12_site-packages_PyQt6_Qt6["Qt6"]\n    node_venv_lib_python3_12_site-packages_PyQt6_Qt6 --> node_venv_lib_python3_12_site-packages_PyQt6_Qt6_qml["qml"]\n    node_venv_lib_python3_12_site-packages_PyQt6_Qt6_qml --> node_venv_lib_python3_12_site-packages_PyQt6_Qt6_qml_QtQuick["QtQuick"]\n    node_venv_lib_python3_12_site-packages_PyQt6_Qt6_qml_QtQuick --> node_venv_lib_python3_12_site-packages_PyQt6_Qt6_qml_QtQuick_NativeStyle["NativeStyle"]\n    node_venv_lib_python3_12_site-packages_PyQt6_Qt6_qml_QtQuick_NativeStyle --> node_venv_lib_python3_12_site-packages_PyQt6_Qt6_qml_QtQuick_NativeStyle_controls["controls"]\n    node_venv_lib_python3_12_site-packages_PyQt6_Qt6_qml_QtQuick_NativeStyle_controls --> node_venv_lib_python3_12_site-packages_PyQt6_Qt6_qml_QtQuick_NativeStyle_controls_DefaultRadioButton_qml["DefaultRadioButton.qml"]\n    Root --> node_venv["venv"]\n    node_venv --> node_venv_lib["lib"]\n    node_venv_lib --> node_venv_lib_python3_12["python3.12"]\n    node_venv_lib_python3_12 --> node_venv_lib_python3_12_site-packages["site-packages"]\n    node_venv_lib_python3_12_site-packages --> node_venv_lib_python3_12_site-packages_PyQt6["PyQt6"]\n    node_venv_lib_python3_12_site-packages_PyQt6 --> node_venv_lib_python3_12_site-packages_PyQt6_Qt6["Qt6"]\n    node_venv_lib_python3_12_site-packages_PyQt6_Qt6 --> node_venv_lib_python3_12_site-packages_PyQt6_Qt6_qml["qml"]\n    node_venv_lib_python3_12_site-packages_PyQt6_Qt6_qml --> node_venv_lib_python3_12_site-packages_PyQt6_Qt6_qml_QtQuick["QtQuick"]\n    node_venv_lib_python3_12_site-packages_PyQt6_Qt6_qml_QtQuick --> node_venv_lib_python3_12_site-packages_PyQt6_Qt6_qml_QtQuick_NativeStyle["NativeStyle"]\n    node_venv_lib_python3_12_site-packages_PyQt6_Qt6_qml_QtQuick_NativeStyle --> node_venv_lib_python3_12_site-packages_PyQt6_Qt6_qml_QtQuick_NativeStyle_controls["controls"]\n    node_venv_lib_python3_12_site-packages_PyQt6_Qt6_qml_QtQuick_NativeStyle_controls --> node_venv_lib_python3_12_site-packages_PyQt6_Qt6_qml_QtQuick_NativeStyle_controls_DefaultRadioDelegate_qml["DefaultRadioDelegate.qml"]\n    Root --> node_venv["venv"]\n    node_venv --> node_venv_lib["lib"]\n    node_venv_lib --> node_venv_lib_python3_12["python3.12"]\n    node_venv_lib_python3_12 --> node_venv_lib_python3_12_site-packages["site-packages"]\n    node_venv_lib_python3_12_site-packages --> node_venv_lib_python3_12_site-packages_PyQt6["PyQt6"]\n    node_venv_lib_python3_12_site-packages_PyQt6 --> node_venv_lib_python3_12_site-packages_PyQt6_Qt6["Qt6"]\n    node_venv_lib_python3_12_site-packages_PyQt6_Qt6 --> node_venv_lib_python3_12_site-packages_PyQt6_Qt6_qml["qml"]\n    node_venv_lib_python3_12_site-packages_PyQt6_Qt6_qml --> node_venv_lib_python3_12_site-packages_PyQt6_Qt6_qml_QtQuick["QtQuick"]\n    node_venv_lib_python3_12_site-packages_PyQt6_Qt6_qml_QtQuick --> node_venv_lib_python3_12_site-packages_PyQt6_Qt6_qml_QtQuick_NativeStyle["NativeStyle"]\n    node_venv_lib_python3_12_site-packages_PyQt6_Qt6_qml_QtQuick_NativeStyle --> node_venv_lib_python3_12_site-packages_PyQt6_Qt6_qml_QtQuick_NativeStyle_controls["controls"]\n    node_venv_lib_python3_12_site-packages_PyQt6_Qt6_qml_QtQuick_NativeStyle_controls --> node_venv_lib_python3_12_site-packages_PyQt6_Qt6_qml_QtQuick_NativeStyle_controls_DefaultScrollBar_qml["DefaultScrollBar.qml"]\n    Root --> node_venv["venv"]\n    node_venv --> node_venv_lib["lib"]\n    node_venv_lib --> node_venv_lib_python3_12["python3.12"]\n    node_venv_lib_python3_12 --> node_venv_lib_python3_12_site-packages["site-packages"]\n    node_venv_lib_python3_12_site-packages --> node_venv_lib_python3_12_site-packages_PyQt6["PyQt6"]\n    node_venv_lib_python3_12_site-packages_PyQt6 --> node_venv_lib_python3_12_site-packages_PyQt6_Qt6["Qt6"]\n    node_venv_lib_python3_12_site-packages_PyQt6_Qt6 --> node_venv_lib_python3_12_site-packages_PyQt6_Qt6_qml["qml"]\n    node_venv_lib_python3_12_site-packages_PyQt6_Qt6_qml --> node_venv_lib_python3_12_site-packages_PyQt6_Qt6_qml_QtQuick["QtQuick"]\n    node_venv_lib_python3_12_site-packages_PyQt6_Qt6_qml_QtQuick --> node_venv_lib_python3_12_site-packages_PyQt6_Qt6_qml_QtQuick_NativeStyle["NativeStyle"]\n    node_venv_lib_python3_12_site-packages_PyQt6_Qt6_qml_QtQuick_NativeStyle --> node_venv_lib_python3_12_site-packages_PyQt6_Qt6_qml_QtQuick_NativeStyle_controls["controls"]\n    node_venv_lib_python3_12_site-packages_PyQt6_Qt6_qml_QtQuick_NativeStyle_controls --> node_venv_lib_python3_12_site-packages_PyQt6_Qt6_qml_QtQuick_NativeStyle_controls_DefaultSearchField_qml["DefaultSearchField.qml"]\n    Root --> node_venv["venv"]\n    node_venv --> node_venv_lib["lib"]\n    node_venv_lib --> node_venv_lib_python3_12["python3.12"]\n    node_venv_lib_python3_12 --> node_venv_lib_python3_12_site-packages["site-packages"]\n    node_venv_lib_python3_12_site-packages --> node_venv_lib_python3_12_site-packages_PyQt6["PyQt6"]\n    node_venv_lib_python3_12_site-packages_PyQt6 --> node_venv_lib_python3_12_site-packages_PyQt6_Qt6["Qt6"]\n    node_venv_lib_python3_12_site-packages_PyQt6_Qt6 --> node_venv_lib_python3_12_site-packages_PyQt6_Qt6_qml["qml"]\n    node_venv_lib_python3_12_site-packages_PyQt6_Qt6_qml --> node_venv_lib_python3_12_site-packages_PyQt6_Qt6_qml_QtQuick["QtQuick"]\n    node_venv_lib_python3_12_site-packages_PyQt6_Qt6_qml_QtQuick --> node_venv_lib_python3_12_site-packages_PyQt6_Qt6_qml_QtQuick_NativeStyle["NativeStyle"]\n    node_venv_lib_python3_12_site-packages_PyQt6_Qt6_qml_QtQuick_NativeStyle --> node_venv_lib_python3_12_site-packages_PyQt6_Qt6_qml_QtQuick_NativeStyle_controls["controls"]\n    node_venv_lib_python3_12_site-packages_PyQt6_Qt6_qml_QtQuick_NativeStyle_controls --> node_venv_lib_python3_12_site-packages_PyQt6_Qt6_qml_QtQuick_NativeStyle_controls_DefaultSlider_qml["DefaultSlider.qml"]\n    Root --> node_venv["venv"]\n    node_venv --> node_venv_lib["lib"]\n    node_venv_lib --> node_venv_lib_python3_12["python3.12"]\n    node_venv_lib_python3_12 --> node_venv_lib_python3_12_site-packages["site-packages"]\n    node_venv_lib_python3_12_site-packages --> node_venv_lib_python3_12_site-packages_PyQt6["PyQt6"]\n    node_venv_lib_python3_12_site-packages_PyQt6 --> node_venv_lib_python3_12_site-packages_PyQt6_Qt6["Qt6"]\n    node_venv_lib_python3_12_site-packages_PyQt6_Qt6 --> node_venv_lib_python3_12_site-packages_PyQt6_Qt6_qml["qml"]\n    node_venv_lib_python3_12_site-packages_PyQt6_Qt6_qml --> node_venv_lib_python3_12_site-packages_PyQt6_Qt6_qml_QtQuick["QtQuick"]\n    node_venv_lib_python3_12_site-packages_PyQt6_Qt6_qml_QtQuick --> node_venv_lib_python3_12_site-packages_PyQt6_Qt6_qml_QtQuick_NativeStyle["NativeStyle"]\n    node_venv_lib_python3_12_site-packages_PyQt6_Qt6_qml_QtQuick_NativeStyle --> node_venv_lib_python3_12_site-packages_PyQt6_Qt6_qml_QtQuick_NativeStyle_controls["controls"]\n    node_venv_lib_python3_12_site-packages_PyQt6_Qt6_qml_QtQuick_NativeStyle_controls --> node_venv_lib_python3_12_site-packages_PyQt6_Qt6_qml_QtQuick_NativeStyle_controls_DefaultSpinBox_qml["DefaultSpinBox.qml"]\n    Root --> node_venv["venv"]\n    node_venv --> node_venv_lib["lib"]\n    node_venv_lib --> node_venv_lib_python3_12["python3.12"]\n    node_venv_lib_python3_12 --> node_venv_lib_python3_12_site-packages["site-packages"]\n    node_venv_lib_python3_12_site-packages --> node_venv_lib_python3_12_site-packages_PyQt6["PyQt6"]\n    node_venv_lib_python3_12_site-packages_PyQt6 --> node_venv_lib_python3_12_site-packages_PyQt6_Qt6["Qt6"]\n    node_venv_lib_python3_12_site-packages_PyQt6_Qt6 --> node_venv_lib_python3_12_site-packages_PyQt6_Qt6_qml["qml"]\n    node_venv_lib_python3_12_site-packages_PyQt6_Qt6_qml --> node_venv_lib_python3_12_site-packages_PyQt6_Qt6_qml_QtQuick["QtQuick"]\n    node_venv_lib_python3_12_site-packages_PyQt6_Qt6_qml_QtQuick --> node_venv_lib_python3_12_site-packages_PyQt6_Qt6_qml_QtQuick_NativeStyle["NativeStyle"]\n    node_venv_lib_python3_12_site-packages_PyQt6_Qt6_qml_QtQuick_NativeStyle --> node_venv_lib_python3_12_site-packages_PyQt6_Qt6_qml_QtQuick_NativeStyle_controls["controls"]\n    node_venv_lib_python3_12_site-packages_PyQt6_Qt6_qml_QtQuick_NativeStyle_controls --> node_venv_lib_python3_12_site-packages_PyQt6_Qt6_qml_QtQuick_NativeStyle_controls_DefaultTextArea_qml["DefaultTextArea.qml"]\n    Root --> node_venv["venv"]\n    node_venv --> node_venv_lib["lib"]\n    node_venv_lib --> node_venv_lib_python3_12["python3.12"]\n    node_venv_lib_python3_12 --> node_venv_lib_python3_12_site-packages["site-packages"]\n    node_venv_lib_python3_12_site-packages --> node_venv_lib_python3_12_site-packages_PyQt6["PyQt6"]\n    node_venv_lib_python3_12_site-packages_PyQt6 --> node_venv_lib_python3_12_site-packages_PyQt6_Qt6["Qt6"]\n    node_venv_lib_python3_12_site-packages_PyQt6_Qt6 --> node_venv_lib_python3_12_site-packages_PyQt6_Qt6_qml["qml"]\n    node_venv_lib_python3_12_site-packages_PyQt6_Qt6_qml --> node_venv_lib_python3_12_site-packages_PyQt6_Qt6_qml_QtQuick["QtQuick"]\n    node_venv_lib_python3_12_site-packages_PyQt6_Qt6_qml_QtQuick --> node_venv_lib_python3_12_site-packages_PyQt6_Qt6_qml_QtQuick_NativeStyle["NativeStyle"]\n    node_venv_lib_python3_12_site-packages_PyQt6_Qt6_qml_QtQuick_NativeStyle --> node_venv_lib_python3_12_site-packages_PyQt6_Qt6_qml_QtQuick_NativeStyle_controls["controls"]\n    node_venv_lib_python3_12_site-packages_PyQt6_Qt6_qml_QtQuick_NativeStyle_controls --> node_venv_lib_python3_12_site-packages_PyQt6_Qt6_qml_QtQuick_NativeStyle_controls_DefaultTextField_qml["DefaultTextField.qml"]\n    Root --> node_venv["venv"]\n    node_venv --> node_venv_lib["lib"]\n    node_venv_lib --> node_venv_lib_python3_12["python3.12"]\n    node_venv_lib_python3_12 --> node_venv_lib_python3_12_site-packages["site-packages"]\n    node_venv_lib_python3_12_site-packages --> node_venv_lib_python3_12_site-packages_PyQt6["PyQt6"]\n    node_venv_lib_python3_12_site-packages_PyQt6 --> node_venv_lib_python3_12_site-packages_PyQt6_Qt6["Qt6"]\n    node_venv_lib_python3_12_site-packages_PyQt6_Qt6 --> node_venv_lib_python3_12_site-packages_PyQt6_Qt6_qml["qml"]\n    node_venv_lib_python3_12_site-packages_PyQt6_Qt6_qml --> node_venv_lib_python3_12_site-packages_PyQt6_Qt6_qml_QtQuick["QtQuick"]\n    node_venv_lib_python3_12_site-packages_PyQt6_Qt6_qml_QtQuick --> node_venv_lib_python3_12_site-packages_PyQt6_Qt6_qml_QtQuick_NativeStyle["NativeStyle"]\n    node_venv_lib_python3_12_site-packages_PyQt6_Qt6_qml_QtQuick_NativeStyle --> node_venv_lib_python3_12_site-packages_PyQt6_Qt6_qml_QtQuick_NativeStyle_controls["controls"]\n    node_venv_lib_python3_12_site-packages_PyQt6_Qt6_qml_QtQuick_NativeStyle_controls --> node_venv_lib_python3_12_site-packages_PyQt6_Qt6_qml_QtQuick_NativeStyle_controls_DefaultTreeViewDelegate_qml["DefaultTreeViewDelegate.qml"]\n    Root --> node_venv["venv"]\n    node_venv --> node_venv_lib["lib"]\n    node_venv_lib --> node_venv_lib_python3_12["python3.12"]\n    node_venv_lib_python3_12 --> node_venv_lib_python3_12_site-packages["site-packages"]\n    node_venv_lib_python3_12_site-packages --> node_venv_lib_python3_12_site-packages_PyQt6["PyQt6"]\n    node_venv_lib_python3_12_site-packages_PyQt6 --> node_venv_lib_python3_12_site-packages_PyQt6_Qt6["Qt6"]\n    node_venv_lib_python3_12_site-packages_PyQt6_Qt6 --> node_venv_lib_python3_12_site-packages_PyQt6_Qt6_qml["qml"]\n    node_venv_lib_python3_12_site-packages_PyQt6_Qt6_qml --> node_venv_lib_python3_12_site-packages_PyQt6_Qt6_qml_QtQuick["QtQuick"]\n    node_venv_lib_python3_12_site-packages_PyQt6_Qt6_qml_QtQuick --> node_venv_lib_python3_12_site-packages_PyQt6_Qt6_qml_QtQuick_NativeStyle["NativeStyle"]\n    node_venv_lib_python3_12_site-packages_PyQt6_Qt6_qml_QtQuick_NativeStyle --> node_venv_lib_python3_12_site-packages_PyQt6_Qt6_qml_QtQuick_NativeStyle_controls["controls"]\n    node_venv_lib_python3_12_site-packages_PyQt6_Qt6_qml_QtQuick_NativeStyle_controls --> node_venv_lib_python3_12_site-packages_PyQt6_Qt6_qml_QtQuick_NativeStyle_controls_qmldir["qmldir"]\n    Root --> node_venv["venv"]\n    node_venv --> node_venv_lib["lib"]\n    node_venv_lib --> node_venv_lib_python3_12["python3.12"]\n    node_venv_lib_python3_12 --> node_venv_lib_python3_12_site-packages["site-packages"]\n    node_venv_lib_python3_12_site-packages --> node_venv_lib_python3_12_site-packages_PyQt6["PyQt6"]\n    node_venv_lib_python3_12_site-packages_PyQt6 --> node_venv_lib_python3_12_site-packages_PyQt6_Qt6["Qt6"]\n    node_venv_lib_python3_12_site-packages_PyQt6_Qt6 --> node_venv_lib_python3_12_site-packages_PyQt6_Qt6_qml["qml"]\n    node_venv_lib_python3_12_site-packages_PyQt6_Qt6_qml --> node_venv_lib_python3_12_site-packages_PyQt6_Qt6_qml_QtWebChannel["QtWebChannel"]\n    node_venv_lib_python3_12_site-packages_PyQt6_Qt6_qml_QtWebChannel --> node_venv_lib_python3_12_site-packages_PyQt6_Qt6_qml_QtWebChannel_libwebchannelquickplugin_dylib["libwebchannelquickplugin.dylib"]\n    Root --> node_venv["venv"]\n    node_venv --> node_venv_lib["lib"]\n    node_venv_lib --> node_venv_lib_python3_12["python3.12"]\n    node_venv_lib_python3_12 --> node_venv_lib_python3_12_site-packages["site-packages"]\n    node_venv_lib_python3_12_site-packages --> node_venv_lib_python3_12_site-packages_PyQt6["PyQt6"]\n    node_venv_lib_python3_12_site-packages_PyQt6 --> node_venv_lib_python3_12_site-packages_PyQt6_Qt6["Qt6"]\n    node_venv_lib_python3_12_site-packages_PyQt6_Qt6 --> node_venv_lib_python3_12_site-packages_PyQt6_Qt6_qml["qml"]\n    node_venv_lib_python3_12_site-packages_PyQt6_Qt6_qml --> node_venv_lib_python3_12_site-packages_PyQt6_Qt6_qml_QtWebChannel["QtWebChannel"]\n    node_venv_lib_python3_12_site-packages_PyQt6_Qt6_qml_QtWebChannel --> node_venv_lib_python3_12_site-packages_PyQt6_Qt6_qml_QtWebChannel_plugins_qmltypes["plugins.qmltypes"]\n    Root --> node_venv["venv"]\n    node_venv --> node_venv_lib["lib"]\n    node_venv_lib --> node_venv_lib_python3_12["python3.12"]\n    node_venv_lib_python3_12 --> node_venv_lib_python3_12_site-packages["site-packages"]\n    node_venv_lib_python3_12_site-packages --> node_venv_lib_python3_12_site-packages_PyQt6["PyQt6"]\n    node_venv_lib_python3_12_site-packages_PyQt6 --> node_venv_lib_python3_12_site-packages_PyQt6_Qt6["Qt6"]\n    node_venv_lib_python3_12_site-packages_PyQt6_Qt6 --> node_venv_lib_python3_12_site-packages_PyQt6_Qt6_qml["qml"]\n    node_venv_lib_python3_12_site-packages_PyQt6_Qt6_qml --> node_venv_lib_python3_12_site-packages_PyQt6_Qt6_qml_QtWebChannel["QtWebChannel"]\n    node_venv_lib_python3_12_site-packages_PyQt6_Qt6_qml_QtWebChannel --> node_venv_lib_python3_12_site-packages_PyQt6_Qt6_qml_QtWebChannel_qmldir["qmldir"]\n    Root --> node_venv["venv"]\n    node_venv --> node_venv_lib["lib"]\n    node_venv_lib --> node_venv_lib_python3_12["python3.12"]\n    node_venv_lib_python3_12 --> node_venv_lib_python3_12_site-packages["site-packages"]\n    node_venv_lib_python3_12_site-packages --> node_venv_lib_python3_12_site-packages_PyQt6["PyQt6"]\n    node_venv_lib_python3_12_site-packages_PyQt6 --> node_venv_lib_python3_12_site-packages_PyQt6_Qt6["Qt6"]\n    node_venv_lib_python3_12_site-packages_PyQt6_Qt6 --> node_venv_lib_python3_12_site-packages_PyQt6_Qt6_qml["qml"]\n    node_venv_lib_python3_12_site-packages_PyQt6_Qt6_qml --> node_venv_lib_python3_12_site-packages_PyQt6_Qt6_qml_QtMultimedia["QtMultimedia"]\n    node_venv_lib_python3_12_site-packages_PyQt6_Qt6_qml_QtMultimedia --> node_venv_lib_python3_12_site-packages_PyQt6_Qt6_qml_QtMultimedia_Video_qml["Video.qml"]\n    Root --> node_venv["venv"]\n    node_venv --> node_venv_lib["lib"]\n    node_venv_lib --> node_venv_lib_python3_12["python3.12"]\n    node_venv_lib_python3_12 --> node_venv_lib_python3_12_site-packages["site-packages"]\n    node_venv_lib_python3_12_site-packages --> node_venv_lib_python3_12_site-packages_PyQt6["PyQt6"]\n    node_venv_lib_python3_12_site-packages_PyQt6 --> node_venv_lib_python3_12_site-packages_PyQt6_Qt6["Qt6"]\n    node_venv_lib_python3_12_site-packages_PyQt6_Qt6 --> node_venv_lib_python3_12_site-packages_PyQt6_Qt6_qml["qml"]\n    node_venv_lib_python3_12_site-packages_PyQt6_Qt6_qml --> node_venv_lib_python3_12_site-packages_PyQt6_Qt6_qml_QtMultimedia["QtMultimedia"]\n    node_venv_lib_python3_12_site-packages_PyQt6_Qt6_qml_QtMultimedia --> node_venv_lib_python3_12_site-packages_PyQt6_Qt6_qml_QtMultimedia_libquickmultimediaplugin_dylib["libquickmultimediaplugin.dylib"]\n    Root --> node_venv["venv"]\n    node_venv --> node_venv_lib["lib"]\n    node_venv_lib --> node_venv_lib_python3_12["python3.12"]\n    node_venv_lib_python3_12 --> node_venv_lib_python3_12_site-packages["site-packages"]\n    node_venv_lib_python3_12_site-packages --> node_venv_lib_python3_12_site-packages_PyQt6["PyQt6"]\n    node_venv_lib_python3_12_site-packages_PyQt6 --> node_venv_lib_python3_12_site-packages_PyQt6_Qt6["Qt6"]\n    node_venv_lib_python3_12_site-packages_PyQt6_Qt6 --> node_venv_lib_python3_12_site-packages_PyQt6_Qt6_qml["qml"]\n    node_venv_lib_python3_12_site-packages_PyQt6_Qt6_qml --> node_venv_lib_python3_12_site-packages_PyQt6_Qt6_qml_QtMultimedia["QtMultimedia"]\n    node_venv_lib_python3_12_site-packages_PyQt6_Qt6_qml_QtMultimedia --> node_venv_lib_python3_12_site-packages_PyQt6_Qt6_qml_QtMultimedia_plugins_qmltypes["plugins.qmltypes"]\n    Root --> node_venv["venv"]\n    node_venv --> node_venv_lib["lib"]\n    node_venv_lib --> node_venv_lib_python3_12["python3.12"]\n    node_venv_lib_python3_12 --> node_venv_lib_python3_12_site-packages["site-packages"]\n    node_venv_lib_python3_12_site-packages --> node_venv_lib_python3_12_site-packages_PyQt6["PyQt6"]\n    node_venv_lib_python3_12_site-packages_PyQt6 --> node_venv_lib_python3_12_site-packages_PyQt6_Qt6["Qt6"]\n    node_venv_lib_python3_12_site-packages_PyQt6_Qt6 --> node_venv_lib_python3_12_site-packages_PyQt6_Qt6_qml["qml"]\n    node_venv_lib_python3_12_site-packages_PyQt6_Qt6_qml --> node_venv_lib_python3_12_site-packages_PyQt6_Qt6_qml_QtMultimedia["QtMultimedia"]\n    node_venv_lib_python3_12_site-packages_PyQt6_Qt6_qml_QtMultimedia --> node_venv_lib_python3_12_site-packages_PyQt6_Qt6_qml_QtMultimedia_qmldir["qmldir"]\n    Root --> node_venv["venv"]\n    node_venv --> node_venv_lib["lib"]\n    node_venv_lib --> node_venv_lib_python3_12["python3.12"]\n    node_venv_lib_python3_12 --> node_venv_lib_python3_12_site-packages["site-packages"]\n    node_venv_lib_python3_12_site-packages --> node_venv_lib_python3_12_site-packages_PyQt6["PyQt6"]\n    node_venv_lib_python3_12_site-packages_PyQt6 --> node_venv_lib_python3_12_site-packages_PyQt6_Qt6["Qt6"]\n    node_venv_lib_python3_12_site-packages_PyQt6_Qt6 --> node_venv_lib_python3_12_site-packages_PyQt6_Qt6_qml["qml"]\n    node_venv_lib_python3_12_site-packages_PyQt6_Qt6_qml --> node_venv_lib_python3_12_site-packages_PyQt6_Qt6_qml_QtPositioning["QtPositioning"]\n    node_venv_lib_python3_12_site-packages_PyQt6_Qt6_qml_QtPositioning --> node_venv_lib_python3_12_site-packages_PyQt6_Qt6_qml_QtPositioning_libpositioningquickplugin_dylib["libpositioningquickplugin.dylib"]\n    Root --> node_venv["venv"]\n    node_venv --> node_venv_lib["lib"]\n    node_venv_lib --> node_venv_lib_python3_12["python3.12"]\n    node_venv_lib_python3_12 --> node_venv_lib_python3_12_site-packages["site-packages"]\n    node_venv_lib_python3_12_site-packages --> node_venv_lib_python3_12_site-packages_PyQt6["PyQt6"]\n    node_venv_lib_python3_12_site-packages_PyQt6 --> node_venv_lib_python3_12_site-packages_PyQt6_Qt6["Qt6"]\n    node_venv_lib_python3_12_site-packages_PyQt6_Qt6 --> node_venv_lib_python3_12_site-packages_PyQt6_Qt6_qml["qml"]\n    node_venv_lib_python3_12_site-packages_PyQt6_Qt6_qml --> node_venv_lib_python3_12_site-packages_PyQt6_Qt6_qml_QtPositioning["QtPositioning"]\n    node_venv_lib_python3_12_site-packages_PyQt6_Qt6_qml_QtPositioning --> node_venv_lib_python3_12_site-packages_PyQt6_Qt6_qml_QtPositioning_plugins_qmltypes["plugins.qmltypes"]\n    Root --> node_venv["venv"]\n    node_venv --> node_venv_lib["lib"]\n    node_venv_lib --> node_venv_lib_python3_12["python3.12"]\n    node_venv_lib_python3_12 --> node_venv_lib_python3_12_site-packages["site-packages"]\n    node_venv_lib_python3_12_site-packages --> node_venv_lib_python3_12_site-packages_PyQt6["PyQt6"]\n    node_venv_lib_python3_12_site-packages_PyQt6 --> node_venv_lib_python3_12_site-packages_PyQt6_Qt6["Qt6"]\n    node_venv_lib_python3_12_site-packages_PyQt6_Qt6 --> node_venv_lib_python3_12_site-packages_PyQt6_Qt6_qml["qml"]\n    node_venv_lib_python3_12_site-packages_PyQt6_Qt6_qml --> node_venv_lib_python3_12_site-packages_PyQt6_Qt6_qml_QtPositioning["QtPositioning"]\n    node_venv_lib_python3_12_site-packages_PyQt6_Qt6_qml_QtPositioning --> node_venv_lib_python3_12_site-packages_PyQt6_Qt6_qml_QtPositioning_qmldir["qmldir"]\n    Root --> node_venv["venv"]\n    node_venv --> node_venv_lib["lib"]\n    node_venv_lib --> node_venv_lib_python3_12["python3.12"]\n    node_venv_lib_python3_12 --> node_venv_lib_python3_12_site-packages["site-packages"]\n    node_venv_lib_python3_12_site-packages --> node_venv_lib_python3_12_site-packages_PyQt6["PyQt6"]\n    node_venv_lib_python3_12_site-packages_PyQt6 --> node_venv_lib_python3_12_site-packages_PyQt6_Qt6["Qt6"]\n    node_venv_lib_python3_12_site-packages_PyQt6_Qt6 --> node_venv_lib_python3_12_site-packages_PyQt6_Qt6_qml["qml"]\n    node_venv_lib_python3_12_site-packages_PyQt6_Qt6_qml --> node_venv_lib_python3_12_site-packages_PyQt6_Qt6_qml_QtTextToSpeech["QtTextToSpeech"]\n    node_venv_lib_python3_12_site-packages_PyQt6_Qt6_qml_QtTextToSpeech --> node_venv_lib_python3_12_site-packages_PyQt6_Qt6_qml_QtTextToSpeech_libtexttospeechqmlplugin_dylib["libtexttospeechqmlplugin.dylib"]\n    Root --> node_venv["venv"]\n    node_venv --> node_venv_lib["lib"]\n    node_venv_lib --> node_venv_lib_python3_12["python3.12"]\n    node_venv_lib_python3_12 --> node_venv_lib_python3_12_site-packages["site-packages"]\n    node_venv_lib_python3_12_site-packages --> node_venv_lib_python3_12_site-packages_PyQt6["PyQt6"]\n    node_venv_lib_python3_12_site-packages_PyQt6 --> node_venv_lib_python3_12_site-packages_PyQt6_Qt6["Qt6"]\n    node_venv_lib_python3_12_site-packages_PyQt6_Qt6 --> node_venv_lib_python3_12_site-packages_PyQt6_Qt6_qml["qml"]\n    node_venv_lib_python3_12_site-packages_PyQt6_Qt6_qml --> node_venv_lib_python3_12_site-packages_PyQt6_Qt6_qml_QtTextToSpeech["QtTextToSpeech"]\n    node_venv_lib_python3_12_site-packages_PyQt6_Qt6_qml_QtTextToSpeech --> node_venv_lib_python3_12_site-packages_PyQt6_Qt6_qml_QtTextToSpeech_plugins_qmltypes["plugins.qmltypes"]\n    Root --> node_venv["venv"]\n    node_venv --> node_venv_lib["lib"]\n    node_venv_lib --> node_venv_lib_python3_12["python3.12"]\n    node_venv_lib_python3_12 --> node_venv_lib_python3_12_site-packages["site-packages"]\n    node_venv_lib_python3_12_site-packages --> node_venv_lib_python3_12_site-packages_PyQt6["PyQt6"]\n    node_venv_lib_python3_12_site-packages_PyQt6 --> node_venv_lib_python3_12_site-packages_PyQt6_Qt6["Qt6"]\n    node_venv_lib_python3_12_site-packages_PyQt6_Qt6 --> node_venv_lib_python3_12_site-packages_PyQt6_Qt6_qml["qml"]\n    node_venv_lib_python3_12_site-packages_PyQt6_Qt6_qml --> node_venv_lib_python3_12_site-packages_PyQt6_Qt6_qml_QtTextToSpeech["QtTextToSpeech"]\n    node_venv_lib_python3_12_site-packages_PyQt6_Qt6_qml_QtTextToSpeech --> node_venv_lib_python3_12_site-packages_PyQt6_Qt6_qml_QtTextToSpeech_qmldir["qmldir"]\n    Root --> node_venv["venv"]\n    node_venv --> node_venv_lib["lib"]\n    node_venv_lib --> node_venv_lib_python3_12["python3.12"]\n    node_venv_lib_python3_12 --> node_venv_lib_python3_12_site-packages["site-packages"]\n    node_venv_lib_python3_12_site-packages --> node_venv_lib_python3_12_site-packages_PyQt6["PyQt6"]\n    node_venv_lib_python3_12_site-packages_PyQt6 --> node_venv_lib_python3_12_site-packages_PyQt6_Qt6["Qt6"]\n    node_venv_lib_python3_12_site-packages_PyQt6_Qt6 --> node_venv_lib_python3_12_site-packages_PyQt6_Qt6_qml["qml"]\n    node_venv_lib_python3_12_site-packages_PyQt6_Qt6_qml --> node_venv_lib_python3_12_site-packages_PyQt6_Qt6_qml_QtCore["QtCore"]\n    node_venv_lib_python3_12_site-packages_PyQt6_Qt6_qml_QtCore --> node_venv_lib_python3_12_site-packages_PyQt6_Qt6_qml_QtCore_libqtqmlcoreplugin_dylib["libqtqmlcoreplugin.dylib"]\n    Root --> node_venv["venv"]\n    node_venv --> node_venv_lib["lib"]\n    node_venv_lib --> node_venv_lib_python3_12["python3.12"]\n    node_venv_lib_python3_12 --> node_venv_lib_python3_12_site-packages["site-packages"]\n    node_venv_lib_python3_12_site-packages --> node_venv_lib_python3_12_site-packages_PyQt6["PyQt6"]\n    node_venv_lib_python3_12_site-packages_PyQt6 --> node_venv_lib_python3_12_site-packages_PyQt6_Qt6["Qt6"]\n    node_venv_lib_python3_12_site-packages_PyQt6_Qt6 --> node_venv_lib_python3_12_site-packages_PyQt6_Qt6_qml["qml"]\n    node_venv_lib_python3_12_site-packages_PyQt6_Qt6_qml --> node_venv_lib_python3_12_site-packages_PyQt6_Qt6_qml_QtCore["QtCore"]\n    node_venv_lib_python3_12_site-packages_PyQt6_Qt6_qml_QtCore --> node_venv_lib_python3_12_site-packages_PyQt6_Qt6_qml_QtCore_plugins_qmltypes["plugins.qmltypes"]\n    Root --> node_venv["venv"]\n    node_venv --> node_venv_lib["lib"]\n    node_venv_lib --> node_venv_lib_python3_12["python3.12"]\n    node_venv_lib_python3_12 --> node_venv_lib_python3_12_site-packages["site-packages"]\n    node_venv_lib_python3_12_site-packages --> node_venv_lib_python3_12_site-packages_PyQt6["PyQt6"]\n    node_venv_lib_python3_12_site-packages_PyQt6 --> node_venv_lib_python3_12_site-packages_PyQt6_Qt6["Qt6"]\n    node_venv_lib_python3_12_site-packages_PyQt6_Qt6 --> node_venv_lib_python3_12_site-packages_PyQt6_Qt6_qml["qml"]\n    node_venv_lib_python3_12_site-packages_PyQt6_Qt6_qml --> node_venv_lib_python3_12_site-packages_PyQt6_Qt6_qml_QtCore["QtCore"]\n    node_venv_lib_python3_12_site-packages_PyQt6_Qt6_qml_QtCore --> node_venv_lib_python3_12_site-packages_PyQt6_Qt6_qml_QtCore_qmldir["qmldir"]\n    Root --> node_venv["venv"]\n    node_venv --> node_venv_lib["lib"]\n    node_venv_lib --> node_venv_lib_python3_12["python3.12"]\n    node_venv_lib_python3_12 --> node_venv_lib_python3_12_site-packages["site-packages"]\n    node_venv_lib_python3_12_site-packages --> node_venv_lib_python3_12_site-packages_PyQt6["PyQt6"]\n    node_venv_lib_python3_12_site-packages_PyQt6 --> node_venv_lib_python3_12_site-packages_PyQt6_Qt6["Qt6"]\n    node_venv_lib_python3_12_site-packages_PyQt6_Qt6 --> node_venv_lib_python3_12_site-packages_PyQt6_Qt6_qml["qml"]\n    node_venv_lib_python3_12_site-packages_PyQt6_Qt6_qml --> node_venv_lib_python3_12_site-packages_PyQt6_Qt6_qml_QtTest["QtTest"]\n    node_venv_lib_python3_12_site-packages_PyQt6_Qt6_qml_QtTest --> node_venv_lib_python3_12_site-packages_PyQt6_Qt6_qml_QtTest_SignalSpy_qml["SignalSpy.qml"]\n    Root --> node_venv["venv"]\n    node_venv --> node_venv_lib["lib"]\n    node_venv_lib --> node_venv_lib_python3_12["python3.12"]\n    node_venv_lib_python3_12 --> node_venv_lib_python3_12_site-packages["site-packages"]\n    node_venv_lib_python3_12_site-packages --> node_venv_lib_python3_12_site-packages_PyQt6["PyQt6"]\n    node_venv_lib_python3_12_site-packages_PyQt6 --> node_venv_lib_python3_12_site-packages_PyQt6_Qt6["Qt6"]\n    node_venv_lib_python3_12_site-packages_PyQt6_Qt6 --> node_venv_lib_python3_12_site-packages_PyQt6_Qt6_qml["qml"]\n    node_venv_lib_python3_12_site-packages_PyQt6_Qt6_qml --> node_venv_lib_python3_12_site-packages_PyQt6_Qt6_qml_QtTest["QtTest"]\n    node_venv_lib_python3_12_site-packages_PyQt6_Qt6_qml_QtTest --> node_venv_lib_python3_12_site-packages_PyQt6_Qt6_qml_QtTest_TestCase_qml["TestCase.qml"]\n    Root --> node_venv["venv"]\n    node_venv --> node_venv_lib["lib"]\n    node_venv_lib --> node_venv_lib_python3_12["python3.12"]\n    node_venv_lib_python3_12 --> node_venv_lib_python3_12_site-packages["site-packages"]\n    node_venv_lib_python3_12_site-packages --> node_venv_lib_python3_12_site-packages_PyQt6["PyQt6"]\n    node_venv_lib_python3_12_site-packages_PyQt6 --> node_venv_lib_python3_12_site-packages_PyQt6_Qt6["Qt6"]\n    node_venv_lib_python3_12_site-packages_PyQt6_Qt6 --> node_venv_lib_python3_12_site-packages_PyQt6_Qt6_qml["qml"]\n    node_venv_lib_python3_12_site-packages_PyQt6_Qt6_qml --> node_venv_lib_python3_12_site-packages_PyQt6_Qt6_qml_QtTest["QtTest"]\n    node_venv_lib_python3_12_site-packages_PyQt6_Qt6_qml_QtTest --> node_venv_lib_python3_12_site-packages_PyQt6_Qt6_qml_QtTest_TestSchedule_qml["TestSchedule.qml"]\n    Root --> node_venv["venv"]\n    node_venv --> node_venv_lib["lib"]\n    node_venv_lib --> node_venv_lib_python3_12["python3.12"]\n    node_venv_lib_python3_12 --> node_venv_lib_python3_12_site-packages["site-packages"]\n    node_venv_lib_python3_12_site-packages --> node_venv_lib_python3_12_site-packages_PyQt6["PyQt6"]\n    node_venv_lib_python3_12_site-packages_PyQt6 --> node_venv_lib_python3_12_site-packages_PyQt6_Qt6["Qt6"]\n    node_venv_lib_python3_12_site-packages_PyQt6_Qt6 --> node_venv_lib_python3_12_site-packages_PyQt6_Qt6_qml["qml"]\n    node_venv_lib_python3_12_site-packages_PyQt6_Qt6_qml --> node_venv_lib_python3_12_site-packages_PyQt6_Qt6_qml_QtTest["QtTest"]\n    node_venv_lib_python3_12_site-packages_PyQt6_Qt6_qml_QtTest --> node_venv_lib_python3_12_site-packages_PyQt6_Qt6_qml_QtTest_libquicktestplugin_dylib["libquicktestplugin.dylib"]\n    Root --> node_venv["venv"]\n    node_venv --> node_venv_lib["lib"]\n    node_venv_lib --> node_venv_lib_python3_12["python3.12"]\n    node_venv_lib_python3_12 --> node_venv_lib_python3_12_site-packages["site-packages"]\n    node_venv_lib_python3_12_site-packages --> node_venv_lib_python3_12_site-packages_PyQt6["PyQt6"]\n    node_venv_lib_python3_12_site-packages_PyQt6 --> node_venv_lib_python3_12_site-packages_PyQt6_Qt6["Qt6"]\n    node_venv_lib_python3_12_site-packages_PyQt6_Qt6 --> node_venv_lib_python3_12_site-packages_PyQt6_Qt6_qml["qml"]\n    node_venv_lib_python3_12_site-packages_PyQt6_Qt6_qml --> node_venv_lib_python3_12_site-packages_PyQt6_Qt6_qml_QtTest["QtTest"]\n    node_venv_lib_python3_12_site-packages_PyQt6_Qt6_qml_QtTest --> node_venv_lib_python3_12_site-packages_PyQt6_Qt6_qml_QtTest_plugins_qmltypes["plugins.qmltypes"]\n    Root --> node_venv["venv"]\n    node_venv --> node_venv_lib["lib"]\n    node_venv_lib --> node_venv_lib_python3_12["python3.12"]\n    node_venv_lib_python3_12 --> node_venv_lib_python3_12_site-packages["site-packages"]\n    node_venv_lib_python3_12_site-packages --> node_venv_lib_python3_12_site-packages_PyQt6["PyQt6"]\n    node_venv_lib_python3_12_site-packages_PyQt6 --> node_venv_lib_python3_12_site-packages_PyQt6_Qt6["Qt6"]\n    node_venv_lib_python3_12_site-packages_PyQt6_Qt6 --> node_venv_lib_python3_12_site-packages_PyQt6_Qt6_qml["qml"]\n    node_venv_lib_python3_12_site-packages_PyQt6_Qt6_qml --> node_venv_lib_python3_12_site-packages_PyQt6_Qt6_qml_QtTest["QtTest"]\n    node_venv_lib_python3_12_site-packages_PyQt6_Qt6_qml_QtTest --> node_venv_lib_python3_12_site-packages_PyQt6_Qt6_qml_QtTest_qmldir["qmldir"]\n    Root --> node_venv["venv"]\n    node_venv --> node_venv_lib["lib"]\n    node_venv_lib --> node_venv_lib_python3_12["python3.12"]\n    node_venv_lib_python3_12 --> node_venv_lib_python3_12_site-packages["site-packages"]\n    node_venv_lib_python3_12_site-packages --> node_venv_lib_python3_12_site-packages_PyQt6["PyQt6"]\n    node_venv_lib_python3_12_site-packages_PyQt6 --> node_venv_lib_python3_12_site-packages_PyQt6_Qt6["Qt6"]\n    node_venv_lib_python3_12_site-packages_PyQt6_Qt6 --> node_venv_lib_python3_12_site-packages_PyQt6_Qt6_qml["qml"]\n    node_venv_lib_python3_12_site-packages_PyQt6_Qt6_qml --> node_venv_lib_python3_12_site-packages_PyQt6_Qt6_qml_QtTest["QtTest"]\n    node_venv_lib_python3_12_site-packages_PyQt6_Qt6_qml_QtTest --> node_venv_lib_python3_12_site-packages_PyQt6_Qt6_qml_QtTest_testlogger_js["testlogger.js"]\n    Root --> node_venv["venv"]\n    node_venv --> node_venv_lib["lib"]\n    node_venv_lib --> node_venv_lib_python3_12["python3.12"]\n    node_venv_lib_python3_12 --> node_venv_lib_python3_12_site-packages["site-packages"]\n    node_venv_lib_python3_12_site-packages --> node_venv_lib_python3_12_site-packages_PyQt6["PyQt6"]\n    node_venv_lib_python3_12_site-packages_PyQt6 --> node_venv_lib_python3_12_site-packages_PyQt6_Qt6["Qt6"]\n    node_venv_lib_python3_12_site-packages_PyQt6_Qt6 --> node_venv_lib_python3_12_site-packages_PyQt6_Qt6_plugins["plugins"]\n    node_venv_lib_python3_12_site-packages_PyQt6_Qt6_plugins --> node_venv_lib_python3_12_site-packages_PyQt6_Qt6_plugins_renderers["renderers"]\n    node_venv_lib_python3_12_site-packages_PyQt6_Qt6_plugins_renderers --> node_venv_lib_python3_12_site-packages_PyQt6_Qt6_plugins_renderers_libopenglrenderer_dylib["libopenglrenderer.dylib"]\n    Root --> node_venv["venv"]\n    node_venv --> node_venv_lib["lib"]\n    node_venv_lib --> node_venv_lib_python3_12["python3.12"]\n    node_venv_lib_python3_12 --> node_venv_lib_python3_12_site-packages["site-packages"]\n    node_venv_lib_python3_12_site-packages --> node_venv_lib_python3_12_site-packages_PyQt6["PyQt6"]\n    node_venv_lib_python3_12_site-packages_PyQt6 --> node_venv_lib_python3_12_site-packages_PyQt6_Qt6["Qt6"]\n    node_venv_lib_python3_12_site-packages_PyQt6_Qt6 --> node_venv_lib_python3_12_site-packages_PyQt6_Qt6_plugins["plugins"]\n    node_venv_lib_python3_12_site-packages_PyQt6_Qt6_plugins --> node_venv_lib_python3_12_site-packages_PyQt6_Qt6_plugins_renderers["renderers"]\n    node_venv_lib_python3_12_site-packages_PyQt6_Qt6_plugins_renderers --> node_venv_lib_python3_12_site-packages_PyQt6_Qt6_plugins_renderers_librhirenderer_dylib["librhirenderer.dylib"]\n    Root --> node_venv["venv"]\n    node_venv --> node_venv_lib["lib"]\n    node_venv_lib --> node_venv_lib_python3_12["python3.12"]\n    node_venv_lib_python3_12 --> node_venv_lib_python3_12_site-packages["site-packages"]\n    node_venv_lib_python3_12_site-packages --> node_venv_lib_python3_12_site-packages_PyQt6["PyQt6"]\n    node_venv_lib_python3_12_site-packages_PyQt6 --> node_venv_lib_python3_12_site-packages_PyQt6_Qt6["Qt6"]\n    node_venv_lib_python3_12_site-packages_PyQt6_Qt6 --> node_venv_lib_python3_12_site-packages_PyQt6_Qt6_plugins["plugins"]\n    node_venv_lib_python3_12_site-packages_PyQt6_Qt6_plugins --> node_venv_lib_python3_12_site-packages_PyQt6_Qt6_plugins_sensors["sensors"]\n    node_venv_lib_python3_12_site-packages_PyQt6_Qt6_plugins_sensors --> node_venv_lib_python3_12_site-packages_PyQt6_Qt6_plugins_sensors_libqtsensors_generic_dylib["libqtsensors_generic.dylib"]\n    Root --> node_venv["venv"]\n    node_venv --> node_venv_lib["lib"]\n    node_venv_lib --> node_venv_lib_python3_12["python3.12"]\n    node_venv_lib_python3_12 --> node_venv_lib_python3_12_site-packages["site-packages"]\n    node_venv_lib_python3_12_site-packages --> node_venv_lib_python3_12_site-packages_PyQt6["PyQt6"]\n    node_venv_lib_python3_12_site-packages_PyQt6 --> node_venv_lib_python3_12_site-packages_PyQt6_Qt6["Qt6"]\n    node_venv_lib_python3_12_site-packages_PyQt6_Qt6 --> node_venv_lib_python3_12_site-packages_PyQt6_Qt6_plugins["plugins"]\n    node_venv_lib_python3_12_site-packages_PyQt6_Qt6_plugins --> node_venv_lib_python3_12_site-packages_PyQt6_Qt6_plugins_sceneparsers["sceneparsers"]\n    node_venv_lib_python3_12_site-packages_PyQt6_Qt6_plugins_sceneparsers --> node_venv_lib_python3_12_site-packages_PyQt6_Qt6_plugins_sceneparsers_libassimpsceneimport_dylib["libassimpsceneimport.dylib"]\n    Root --> node_venv["venv"]\n    node_venv --> node_venv_lib["lib"]\n    node_venv_lib --> node_venv_lib_python3_12["python3.12"]\n    node_venv_lib_python3_12 --> node_venv_lib_python3_12_site-packages["site-packages"]\n    node_venv_lib_python3_12_site-packages --> node_venv_lib_python3_12_site-packages_PyQt6["PyQt6"]\n    node_venv_lib_python3_12_site-packages_PyQt6 --> node_venv_lib_python3_12_site-packages_PyQt6_Qt6["Qt6"]\n    node_venv_lib_python3_12_site-packages_PyQt6_Qt6 --> node_venv_lib_python3_12_site-packages_PyQt6_Qt6_plugins["plugins"]\n    node_venv_lib_python3_12_site-packages_PyQt6_Qt6_plugins --> node_venv_lib_python3_12_site-packages_PyQt6_Qt6_plugins_sceneparsers["sceneparsers"]\n    node_venv_lib_python3_12_site-packages_PyQt6_Qt6_plugins_sceneparsers --> node_venv_lib_python3_12_site-packages_PyQt6_Qt6_plugins_sceneparsers_libgltfsceneexport_dylib["libgltfsceneexport.dylib"]\n    Root --> node_venv["venv"]\n    node_venv --> node_venv_lib["lib"]\n    node_venv_lib --> node_venv_lib_python3_12["python3.12"]\n    node_venv_lib_python3_12 --> node_venv_lib_python3_12_site-packages["site-packages"]\n    node_venv_lib_python3_12_site-packages --> node_venv_lib_python3_12_site-packages_PyQt6["PyQt6"]\n    node_venv_lib_python3_12_site-packages_PyQt6 --> node_venv_lib_python3_12_site-packages_PyQt6_Qt6["Qt6"]\n    node_venv_lib_python3_12_site-packages_PyQt6_Qt6 --> node_venv_lib_python3_12_site-packages_PyQt6_Qt6_plugins["plugins"]\n    node_venv_lib_python3_12_site-packages_PyQt6_Qt6_plugins --> node_venv_lib_python3_12_site-packages_PyQt6_Qt6_plugins_sceneparsers["sceneparsers"]\n    node_venv_lib_python3_12_site-packages_PyQt6_Qt6_plugins_sceneparsers --> node_venv_lib_python3_12_site-packages_PyQt6_Qt6_plugins_sceneparsers_libgltfsceneimport_dylib["libgltfsceneimport.dylib"]\n    Root --> node_venv["venv"]\n    node_venv --> node_venv_lib["lib"]\n    node_venv_lib --> node_venv_lib_python3_12["python3.12"]\n    node_venv_lib_python3_12 --> node_venv_lib_python3_12_site-packages["site-packages"]\n    node_venv_lib_python3_12_site-packages --> node_venv_lib_python3_12_site-packages_PyQt6["PyQt6"]\n    node_venv_lib_python3_12_site-packages_PyQt6 --> node_venv_lib_python3_12_site-packages_PyQt6_Qt6["Qt6"]\n    node_venv_lib_python3_12_site-packages_PyQt6_Qt6 --> node_venv_lib_python3_12_site-packages_PyQt6_Qt6_plugins["plugins"]\n    node_venv_lib_python3_12_site-packages_PyQt6_Qt6_plugins --> node_venv_lib_python3_12_site-packages_PyQt6_Qt6_plugins_platforms["platforms"]\n    node_venv_lib_python3_12_site-packages_PyQt6_Qt6_plugins_platforms --> node_venv_lib_python3_12_site-packages_PyQt6_Qt6_plugins_platforms_libqcocoa_dylib["libqcocoa.dylib"]\n    Root --> node_venv["venv"]\n    node_venv --> node_venv_lib["lib"]\n    node_venv_lib --> node_venv_lib_python3_12["python3.12"]\n    node_venv_lib_python3_12 --> node_venv_lib_python3_12_site-packages["site-packages"]\n    node_venv_lib_python3_12_site-packages --> node_venv_lib_python3_12_site-packages_PyQt6["PyQt6"]\n    node_venv_lib_python3_12_site-packages_PyQt6 --> node_venv_lib_python3_12_site-packages_PyQt6_Qt6["Qt6"]\n    node_venv_lib_python3_12_site-packages_PyQt6_Qt6 --> node_venv_lib_python3_12_site-packages_PyQt6_Qt6_plugins["plugins"]\n    node_venv_lib_python3_12_site-packages_PyQt6_Qt6_plugins --> node_venv_lib_python3_12_site-packages_PyQt6_Qt6_plugins_platforms["platforms"]\n    node_venv_lib_python3_12_site-packages_PyQt6_Qt6_plugins_platforms --> node_venv_lib_python3_12_site-packages_PyQt6_Qt6_plugins_platforms_libqminimal_dylib["libqminimal.dylib"]\n    Root --> node_venv["venv"]\n    node_venv --> node_venv_lib["lib"]\n    node_venv_lib --> node_venv_lib_python3_12["python3.12"]\n    node_venv_lib_python3_12 --> node_venv_lib_python3_12_site-packages["site-packages"]\n    node_venv_lib_python3_12_site-packages --> node_venv_lib_python3_12_site-packages_PyQt6["PyQt6"]\n    node_venv_lib_python3_12_site-packages_PyQt6 --> node_venv_lib_python3_12_site-packages_PyQt6_Qt6["Qt6"]\n    node_venv_lib_python3_12_site-packages_PyQt6_Qt6 --> node_venv_lib_python3_12_site-packages_PyQt6_Qt6_plugins["plugins"]\n    node_venv_lib_python3_12_site-packages_PyQt6_Qt6_plugins --> node_venv_lib_python3_12_site-packages_PyQt6_Qt6_plugins_platforms["platforms"]\n    node_venv_lib_python3_12_site-packages_PyQt6_Qt6_plugins_platforms --> node_venv_lib_python3_12_site-packages_PyQt6_Qt6_plugins_platforms_libqoffscreen_dylib["libqoffscreen.dylib"]\n    Root --> node_venv["venv"]\n    node_venv --> node_venv_lib["lib"]\n    node_venv_lib --> node_venv_lib_python3_12["python3.12"]\n    node_venv_lib_python3_12 --> node_venv_lib_python3_12_site-packages["site-packages"]\n    node_venv_lib_python3_12_site-packages --> node_venv_lib_python3_12_site-packages_PyQt6["PyQt6"]\n    node_venv_lib_python3_12_site-packages_PyQt6 --> node_venv_lib_python3_12_site-packages_PyQt6_Qt6["Qt6"]\n    node_venv_lib_python3_12_site-packages_PyQt6_Qt6 --> node_venv_lib_python3_12_site-packages_PyQt6_Qt6_plugins["plugins"]\n    node_venv_lib_python3_12_site-packages_PyQt6_Qt6_plugins --> node_venv_lib_python3_12_site-packages_PyQt6_Qt6_plugins_assetimporters["assetimporters"]\n    node_venv_lib_python3_12_site-packages_PyQt6_Qt6_plugins_assetimporters --> node_venv_lib_python3_12_site-packages_PyQt6_Qt6_plugins_assetimporters_libassimp_dylib["libassimp.dylib"]\n    Root --> node_venv["venv"]\n    node_venv --> node_venv_lib["lib"]\n    node_venv_lib --> node_venv_lib_python3_12["python3.12"]\n    node_venv_lib_python3_12 --> node_venv_lib_python3_12_site-packages["site-packages"]\n    node_venv_lib_python3_12_site-packages --> node_venv_lib_python3_12_site-packages_PyQt6["PyQt6"]\n    node_venv_lib_python3_12_site-packages_PyQt6 --> node_venv_lib_python3_12_site-packages_PyQt6_Qt6["Qt6"]\n    node_venv_lib_python3_12_site-packages_PyQt6_Qt6 --> node_venv_lib_python3_12_site-packages_PyQt6_Qt6_plugins["plugins"]\n    node_venv_lib_python3_12_site-packages_PyQt6_Qt6_plugins --> node_venv_lib_python3_12_site-packages_PyQt6_Qt6_plugins_position["position"]\n    node_venv_lib_python3_12_site-packages_PyQt6_Qt6_plugins_position --> node_venv_lib_python3_12_site-packages_PyQt6_Qt6_plugins_position_libqtposition_cl_dylib["libqtposition_cl.dylib"]\n    Root --> node_venv["venv"]\n    node_venv --> node_venv_lib["lib"]\n    node_venv_lib --> node_venv_lib_python3_12["python3.12"]\n    node_venv_lib_python3_12 --> node_venv_lib_python3_12_site-packages["site-packages"]\n    node_venv_lib_python3_12_site-packages --> node_venv_lib_python3_12_site-packages_PyQt6["PyQt6"]\n    node_venv_lib_python3_12_site-packages_PyQt6 --> node_venv_lib_python3_12_site-packages_PyQt6_Qt6["Qt6"]\n    node_venv_lib_python3_12_site-packages_PyQt6_Qt6 --> node_venv_lib_python3_12_site-packages_PyQt6_Qt6_plugins["plugins"]\n    node_venv_lib_python3_12_site-packages_PyQt6_Qt6_plugins --> node_venv_lib_python3_12_site-packages_PyQt6_Qt6_plugins_position["position"]\n    node_venv_lib_python3_12_site-packages_PyQt6_Qt6_plugins_position --> node_venv_lib_python3_12_site-packages_PyQt6_Qt6_plugins_position_libqtposition_nmea_dylib["libqtposition_nmea.dylib"]\n    Root --> node_venv["venv"]\n    node_venv --> node_venv_lib["lib"]\n    node_venv_lib --> node_venv_lib_python3_12["python3.12"]\n    node_venv_lib_python3_12 --> node_venv_lib_python3_12_site-packages["site-packages"]\n    node_venv_lib_python3_12_site-packages --> node_venv_lib_python3_12_site-packages_PyQt6["PyQt6"]\n    node_venv_lib_python3_12_site-packages_PyQt6 --> node_venv_lib_python3_12_site-packages_PyQt6_Qt6["Qt6"]\n    node_venv_lib_python3_12_site-packages_PyQt6_Qt6 --> node_venv_lib_python3_12_site-packages_PyQt6_Qt6_plugins["plugins"]\n    node_venv_lib_python3_12_site-packages_PyQt6_Qt6_plugins --> node_venv_lib_python3_12_site-packages_PyQt6_Qt6_plugins_position["position"]\n    node_venv_lib_python3_12_site-packages_PyQt6_Qt6_plugins_position --> node_venv_lib_python3_12_site-packages_PyQt6_Qt6_plugins_position_libqtposition_positionpoll_dylib["libqtposition_positionpoll.dylib"]\n    Root --> node_venv["venv"]\n    node_venv --> node_venv_lib["lib"]\n    node_venv_lib --> node_venv_lib_python3_12["python3.12"]\n    node_venv_lib_python3_12 --> node_venv_lib_python3_12_site-packages["site-packages"]\n    node_venv_lib_python3_12_site-packages --> node_venv_lib_python3_12_site-packages_PyQt6["PyQt6"]\n    node_venv_lib_python3_12_site-packages_PyQt6 --> node_venv_lib_python3_12_site-packages_PyQt6_Qt6["Qt6"]\n    node_venv_lib_python3_12_site-packages_PyQt6_Qt6 --> node_venv_lib_python3_12_site-packages_PyQt6_Qt6_plugins["plugins"]\n    node_venv_lib_python3_12_site-packages_PyQt6_Qt6_plugins --> node_venv_lib_python3_12_site-packages_PyQt6_Qt6_plugins_webview["webview"]\n    node_venv_lib_python3_12_site-packages_PyQt6_Qt6_plugins_webview --> node_venv_lib_python3_12_site-packages_PyQt6_Qt6_plugins_webview_libqtwebview_darwin_dylib["libqtwebview_darwin.dylib"]\n    Root --> node_venv["venv"]\n    node_venv --> node_venv_lib["lib"]\n    node_venv_lib --> node_venv_lib_python3_12["python3.12"]\n    node_venv_lib_python3_12 --> node_venv_lib_python3_12_site-packages["site-packages"]\n    node_venv_lib_python3_12_site-packages --> node_venv_lib_python3_12_site-packages_PyQt6["PyQt6"]\n    node_venv_lib_python3_12_site-packages_PyQt6 --> node_venv_lib_python3_12_site-packages_PyQt6_Qt6["Qt6"]\n    node_venv_lib_python3_12_site-packages_PyQt6_Qt6 --> node_venv_lib_python3_12_site-packages_PyQt6_Qt6_plugins["plugins"]\n    node_venv_lib_python3_12_site-packages_PyQt6_Qt6_plugins --> node_venv_lib_python3_12_site-packages_PyQt6_Qt6_plugins_webview["webview"]\n    node_venv_lib_python3_12_site-packages_PyQt6_Qt6_plugins_webview --> node_venv_lib_python3_12_site-packages_PyQt6_Qt6_plugins_webview_libqtwebview_webengine_dylib["libqtwebview_webengine.dylib"]\n    Root --> node_venv["venv"]\n    node_venv --> node_venv_lib["lib"]\n    node_venv_lib --> node_venv_lib_python3_12["python3.12"]\n    node_venv_lib_python3_12 --> node_venv_lib_python3_12_site-packages["site-packages"]\n    node_venv_lib_python3_12_site-packages --> node_venv_lib_python3_12_site-packages_PyQt6["PyQt6"]\n    node_venv_lib_python3_12_site-packages_PyQt6 --> node_venv_lib_python3_12_site-packages_PyQt6_Qt6["Qt6"]\n    node_venv_lib_python3_12_site-packages_PyQt6_Qt6 --> node_venv_lib_python3_12_site-packages_PyQt6_Qt6_plugins["plugins"]\n    node_venv_lib_python3_12_site-packages_PyQt6_Qt6_plugins --> node_venv_lib_python3_12_site-packages_PyQt6_Qt6_plugins_geometryloaders["geometryloaders"]\n    node_venv_lib_python3_12_site-packages_PyQt6_Qt6_plugins_geometryloaders --> node_venv_lib_python3_12_site-packages_PyQt6_Qt6_plugins_geometryloaders_libdefaultgeometryloader_dylib["libdefaultgeometryloader.dylib"]\n    Root --> node_venv["venv"]\n    node_venv --> node_venv_lib["lib"]\n    node_venv_lib --> node_venv_lib_python3_12["python3.12"]\n    node_venv_lib_python3_12 --> node_venv_lib_python3_12_site-packages["site-packages"]\n    node_venv_lib_python3_12_site-packages --> node_venv_lib_python3_12_site-packages_PyQt6["PyQt6"]\n    node_venv_lib_python3_12_site-packages_PyQt6 --> node_venv_lib_python3_12_site-packages_PyQt6_Qt6["Qt6"]\n    node_venv_lib_python3_12_site-packages_PyQt6_Qt6 --> node_venv_lib_python3_12_site-packages_PyQt6_Qt6_plugins["plugins"]\n    node_venv_lib_python3_12_site-packages_PyQt6_Qt6_plugins --> node_venv_lib_python3_12_site-packages_PyQt6_Qt6_plugins_geometryloaders["geometryloaders"]\n    node_venv_lib_python3_12_site-packages_PyQt6_Qt6_plugins_geometryloaders --> node_venv_lib_python3_12_site-packages_PyQt6_Qt6_plugins_geometryloaders_libgltfgeometryloader_dylib["libgltfgeometryloader.dylib"]\n    Root --> node_venv["venv"]\n    node_venv --> node_venv_lib["lib"]\n    node_venv_lib --> node_venv_lib_python3_12["python3.12"]\n    node_venv_lib_python3_12 --> node_venv_lib_python3_12_site-packages["site-packages"]\n    node_venv_lib_python3_12_site-packages --> node_venv_lib_python3_12_site-packages_PyQt6["PyQt6"]\n    node_venv_lib_python3_12_site-packages_PyQt6 --> node_venv_lib_python3_12_site-packages_PyQt6_Qt6["Qt6"]\n    node_venv_lib_python3_12_site-packages_PyQt6_Qt6 --> node_venv_lib_python3_12_site-packages_PyQt6_Qt6_plugins["plugins"]\n    node_venv_lib_python3_12_site-packages_PyQt6_Qt6_plugins --> node_venv_lib_python3_12_site-packages_PyQt6_Qt6_plugins_permissions["permissions"]\n    node_venv_lib_python3_12_site-packages_PyQt6_Qt6_plugins_permissions --> node_venv_lib_python3_12_site-packages_PyQt6_Qt6_plugins_permissions_libqdarwinbluetoothpermission_a["libqdarwinbluetoothpermission.a"]\n    Root --> node_venv["venv"]\n    node_venv --> node_venv_lib["lib"]\n    node_venv_lib --> node_venv_lib_python3_12["python3.12"]\n    node_venv_lib_python3_12 --> node_venv_lib_python3_12_site-packages["site-packages"]\n    node_venv_lib_python3_12_site-packages --> node_venv_lib_python3_12_site-packages_PyQt6["PyQt6"]\n    node_venv_lib_python3_12_site-packages_PyQt6 --> node_venv_lib_python3_12_site-packages_PyQt6_Qt6["Qt6"]\n    node_venv_lib_python3_12_site-packages_PyQt6_Qt6 --> node_venv_lib_python3_12_site-packages_PyQt6_Qt6_plugins["plugins"]\n    node_venv_lib_python3_12_site-packages_PyQt6_Qt6_plugins --> node_venv_lib_python3_12_site-packages_PyQt6_Qt6_plugins_permissions["permissions"]\n    node_venv_lib_python3_12_site-packages_PyQt6_Qt6_plugins_permissions --> node_venv_lib_python3_12_site-packages_PyQt6_Qt6_plugins_permissions_libqdarwinbluetoothpermission_prl["libqdarwinbluetoothpermission.prl"]\n    Root --> node_venv["venv"]\n    node_venv --> node_venv_lib["lib"]\n    node_venv_lib --> node_venv_lib_python3_12["python3.12"]\n    node_venv_lib_python3_12 --> node_venv_lib_python3_12_site-packages["site-packages"]\n    node_venv_lib_python3_12_site-packages --> node_venv_lib_python3_12_site-packages_PyQt6["PyQt6"]\n    node_venv_lib_python3_12_site-packages_PyQt6 --> node_venv_lib_python3_12_site-packages_PyQt6_Qt6["Qt6"]\n    node_venv_lib_python3_12_site-packages_PyQt6_Qt6 --> node_venv_lib_python3_12_site-packages_PyQt6_Qt6_plugins["plugins"]\n    node_venv_lib_python3_12_site-packages_PyQt6_Qt6_plugins --> node_venv_lib_python3_12_site-packages_PyQt6_Qt6_plugins_permissions["permissions"]\n    node_venv_lib_python3_12_site-packages_PyQt6_Qt6_plugins_permissions --> node_venv_lib_python3_12_site-packages_PyQt6_Qt6_plugins_permissions_libqdarwincalendarpermission_a["libqdarwincalendarpermission.a"]\n    Root --> node_venv["venv"]\n    node_venv --> node_venv_lib["lib"]\n    node_venv_lib --> node_venv_lib_python3_12["python3.12"]\n    node_venv_lib_python3_12 --> node_venv_lib_python3_12_site-packages["site-packages"]\n    node_venv_lib_python3_12_site-packages --> node_venv_lib_python3_12_site-packages_PyQt6["PyQt6"]\n    node_venv_lib_python3_12_site-packages_PyQt6 --> node_venv_lib_python3_12_site-packages_PyQt6_Qt6["Qt6"]\n    node_venv_lib_python3_12_site-packages_PyQt6_Qt6 --> node_venv_lib_python3_12_site-packages_PyQt6_Qt6_plugins["plugins"]\n    node_venv_lib_python3_12_site-packages_PyQt6_Qt6_plugins --> node_venv_lib_python3_12_site-packages_PyQt6_Qt6_plugins_permissions["permissions"]\n    node_venv_lib_python3_12_site-packages_PyQt6_Qt6_plugins_permissions --> node_venv_lib_python3_12_site-packages_PyQt6_Qt6_plugins_permissions_libqdarwincalendarpermission_prl["libqdarwincalendarpermission.prl"]\n    Root --> node_venv["venv"]\n    node_venv --> node_venv_lib["lib"]\n    node_venv_lib --> node_venv_lib_python3_12["python3.12"]\n    node_venv_lib_python3_12 --> node_venv_lib_python3_12_site-packages["site-packages"]\n    node_venv_lib_python3_12_site-packages --> node_venv_lib_python3_12_site-packages_PyQt6["PyQt6"]\n    node_venv_lib_python3_12_site-packages_PyQt6 --> node_venv_lib_python3_12_site-packages_PyQt6_Qt6["Qt6"]\n    node_venv_lib_python3_12_site-packages_PyQt6_Qt6 --> node_venv_lib_python3_12_site-packages_PyQt6_Qt6_plugins["plugins"]\n    node_venv_lib_python3_12_site-packages_PyQt6_Qt6_plugins --> node_venv_lib_python3_12_site-packages_PyQt6_Qt6_plugins_permissions["permissions"]\n    node_venv_lib_python3_12_site-packages_PyQt6_Qt6_plugins_permissions --> node_venv_lib_python3_12_site-packages_PyQt6_Qt6_plugins_permissions_libqdarwincamerapermission_a["libqdarwincamerapermission.a"]\n    Root --> node_venv["venv"]\n    node_venv --> node_venv_lib["lib"]\n    node_venv_lib --> node_venv_lib_python3_12["python3.12"]\n    node_venv_lib_python3_12 --> node_venv_lib_python3_12_site-packages["site-packages"]\n    node_venv_lib_python3_12_site-packages --> node_venv_lib_python3_12_site-packages_PyQt6["PyQt6"]\n    node_venv_lib_python3_12_site-packages_PyQt6 --> node_venv_lib_python3_12_site-packages_PyQt6_Qt6["Qt6"]\n    node_venv_lib_python3_12_site-packages_PyQt6_Qt6 --> node_venv_lib_python3_12_site-packages_PyQt6_Qt6_plugins["plugins"]\n    node_venv_lib_python3_12_site-packages_PyQt6_Qt6_plugins --> node_venv_lib_python3_12_site-packages_PyQt6_Qt6_plugins_permissions["permissions"]\n    node_venv_lib_python3_12_site-packages_PyQt6_Qt6_plugins_permissions --> node_venv_lib_python3_12_site-packages_PyQt6_Qt6_plugins_permissions_libqdarwincamerapermission_prl["libqdarwincamerapermission.prl"]\n    Root --> node_venv["venv"]\n    node_venv --> node_venv_lib["lib"]\n    node_venv_lib --> node_venv_lib_python3_12["python3.12"]\n    node_venv_lib_python3_12 --> node_venv_lib_python3_12_site-packages["site-packages"]\n    node_venv_lib_python3_12_site-packages --> node_venv_lib_python3_12_site-packages_PyQt6["PyQt6"]\n    node_venv_lib_python3_12_site-packages_PyQt6 --> node_venv_lib_python3_12_site-packages_PyQt6_Qt6["Qt6"]\n    node_venv_lib_python3_12_site-packages_PyQt6_Qt6 --> node_venv_lib_python3_12_site-packages_PyQt6_Qt6_plugins["plugins"]\n    node_venv_lib_python3_12_site-packages_PyQt6_Qt6_plugins --> node_venv_lib_python3_12_site-packages_PyQt6_Qt6_plugins_permissions["permissions"]\n    node_venv_lib_python3_12_site-packages_PyQt6_Qt6_plugins_permissions --> node_venv_lib_python3_12_site-packages_PyQt6_Qt6_plugins_permissions_libqdarwincontactspermission_a["libqdarwincontactspermission.a"]\n    Root --> node_venv["venv"]\n    node_venv --> node_venv_lib["lib"]\n    node_venv_lib --> node_venv_lib_python3_12["python3.12"]\n    node_venv_lib_python3_12 --> node_venv_lib_python3_12_site-packages["site-packages"]\n    node_venv_lib_python3_12_site-packages --> node_venv_lib_python3_12_site-packages_PyQt6["PyQt6"]\n    node_venv_lib_python3_12_site-packages_PyQt6 --> node_venv_lib_python3_12_site-packages_PyQt6_Qt6["Qt6"]\n    node_venv_lib_python3_12_site-packages_PyQt6_Qt6 --> node_venv_lib_python3_12_site-packages_PyQt6_Qt6_plugins["plugins"]\n    node_venv_lib_python3_12_site-packages_PyQt6_Qt6_plugins --> node_venv_lib_python3_12_site-packages_PyQt6_Qt6_plugins_permissions["permissions"]\n    node_venv_lib_python3_12_site-packages_PyQt6_Qt6_plugins_permissions --> node_venv_lib_python3_12_site-packages_PyQt6_Qt6_plugins_permissions_libqdarwincontactspermission_prl["libqdarwincontactspermission.prl"]\n    Root --> node_venv["venv"]\n    node_venv --> node_venv_lib["lib"]\n    node_venv_lib --> node_venv_lib_python3_12["python3.12"]\n    node_venv_lib_python3_12 --> node_venv_lib_python3_12_site-packages["site-packages"]\n    node_venv_lib_python3_12_site-packages --> node_venv_lib_python3_12_site-packages_PyQt6["PyQt6"]\n    node_venv_lib_python3_12_site-packages_PyQt6 --> node_venv_lib_python3_12_site-packages_PyQt6_Qt6["Qt6"]\n    node_venv_lib_python3_12_site-packages_PyQt6_Qt6 --> node_venv_lib_python3_12_site-packages_PyQt6_Qt6_plugins["plugins"]\n    node_venv_lib_python3_12_site-packages_PyQt6_Qt6_plugins --> node_venv_lib_python3_12_site-packages_PyQt6_Qt6_plugins_permissions["permissions"]\n    node_venv_lib_python3_12_site-packages_PyQt6_Qt6_plugins_permissions --> node_venv_lib_python3_12_site-packages_PyQt6_Qt6_plugins_permissions_libqdarwinlocationpermission_a["libqdarwinlocationpermission.a"]\n    Root --> node_venv["venv"]\n    node_venv --> node_venv_lib["lib"]\n    node_venv_lib --> node_venv_lib_python3_12["python3.12"]\n    node_venv_lib_python3_12 --> node_venv_lib_python3_12_site-packages["site-packages"]\n    node_venv_lib_python3_12_site-packages --> node_venv_lib_python3_12_site-packages_PyQt6["PyQt6"]\n    node_venv_lib_python3_12_site-packages_PyQt6 --> node_venv_lib_python3_12_site-packages_PyQt6_Qt6["Qt6"]\n    node_venv_lib_python3_12_site-packages_PyQt6_Qt6 --> node_venv_lib_python3_12_site-packages_PyQt6_Qt6_plugins["plugins"]\n    node_venv_lib_python3_12_site-packages_PyQt6_Qt6_plugins --> node_venv_lib_python3_12_site-packages_PyQt6_Qt6_plugins_permissions["permissions"]\n    node_venv_lib_python3_12_site-packages_PyQt6_Qt6_plugins_permissions --> node_venv_lib_python3_12_site-packages_PyQt6_Qt6_plugins_permissions_libqdarwinlocationpermission_prl["libqdarwinlocationpermission.prl"]\n    Root --> node_venv["venv"]\n    node_venv --> node_venv_lib["lib"]\n    node_venv_lib --> node_venv_lib_python3_12["python3.12"]\n    node_venv_lib_python3_12 --> node_venv_lib_python3_12_site-packages["site-packages"]\n    node_venv_lib_python3_12_site-packages --> node_venv_lib_python3_12_site-packages_PyQt6["PyQt6"]\n    node_venv_lib_python3_12_site-packages_PyQt6 --> node_venv_lib_python3_12_site-packages_PyQt6_Qt6["Qt6"]\n    node_venv_lib_python3_12_site-packages_PyQt6_Qt6 --> node_venv_lib_python3_12_site-packages_PyQt6_Qt6_plugins["plugins"]\n    node_venv_lib_python3_12_site-packages_PyQt6_Qt6_plugins --> node_venv_lib_python3_12_site-packages_PyQt6_Qt6_plugins_permissions["permissions"]\n    node_venv_lib_python3_12_site-packages_PyQt6_Qt6_plugins_permissions --> node_venv_lib_python3_12_site-packages_PyQt6_Qt6_plugins_permissions_libqdarwinmicrophonepermission_a["libqdarwinmicrophonepermission.a"]\n    Root --> node_venv["venv"]\n    node_venv --> node_venv_lib["lib"]\n    node_venv_lib --> node_venv_lib_python3_12["python3.12"]\n    node_venv_lib_python3_12 --> node_venv_lib_python3_12_site-packages["site-packages"]\n    node_venv_lib_python3_12_site-packages --> node_venv_lib_python3_12_site-packages_PyQt6["PyQt6"]\n    node_venv_lib_python3_12_site-packages_PyQt6 --> node_venv_lib_python3_12_site-packages_PyQt6_Qt6["Qt6"]\n    node_venv_lib_python3_12_site-packages_PyQt6_Qt6 --> node_venv_lib_python3_12_site-packages_PyQt6_Qt6_plugins["plugins"]\n    node_venv_lib_python3_12_site-packages_PyQt6_Qt6_plugins --> node_venv_lib_python3_12_site-packages_PyQt6_Qt6_plugins_permissions["permissions"]\n    node_venv_lib_python3_12_site-packages_PyQt6_Qt6_plugins_permissions --> node_venv_lib_python3_12_site-packages_PyQt6_Qt6_plugins_permissions_libqdarwinmicrophonepermission_prl["libqdarwinmicrophonepermission.prl"]\n    Root --> node_venv["venv"]\n    node_venv --> node_venv_lib["lib"]\n    node_venv_lib --> node_venv_lib_python3_12["python3.12"]\n    node_venv_lib_python3_12 --> node_venv_lib_python3_12_site-packages["site-packages"]\n    node_venv_lib_python3_12_site-packages --> node_venv_lib_python3_12_site-packages_PyQt6["PyQt6"]\n    node_venv_lib_python3_12_site-packages_PyQt6 --> node_venv_lib_python3_12_site-packages_PyQt6_Qt6["Qt6"]\n    node_venv_lib_python3_12_site-packages_PyQt6_Qt6 --> node_venv_lib_python3_12_site-packages_PyQt6_Qt6_plugins["plugins"]\n    node_venv_lib_python3_12_site-packages_PyQt6_Qt6_plugins --> node_venv_lib_python3_12_site-packages_PyQt6_Qt6_plugins_permissions["permissions"]\n    node_venv_lib_python3_12_site-packages_PyQt6_Qt6_plugins_permissions --> node_venv_lib_python3_12_site-packages_PyQt6_Qt6_plugins_permissions_objects-RelWithDebInfo["objects-RelWithDebInfo"]\n    node_venv_lib_python3_12_site-packages_PyQt6_Qt6_plugins_permissions_objects-RelWithDebInfo --> node_venv_lib_python3_12_site-packages_PyQt6_Qt6_plugins_permissions_objects-RelWithDebInfo_QDarwinCalendarPermissionPlugin_init["QDarwinCalendarPermissionPlugin_init"]\n    node_venv_lib_python3_12_site-packages_PyQt6_Qt6_plugins_permissions_objects-RelWithDebInfo_QDarwinCalendarPermissionPlugin_init --> node_venv_lib_python3_12_site-packages_PyQt6_Qt6_plugins_permissions_objects-RelWithDebInfo_QDarwinCalendarPermissionPlugin_init_QDarwinCalendarPermissionPlugin_init_cpp_o["QDarwinCalendarPermissionPlugin_init.cpp.o"]\n    Root --> node_venv["venv"]\n    node_venv --> node_venv_lib["lib"]\n    node_venv_lib --> node_venv_lib_python3_12["python3.12"]\n    node_venv_lib_python3_12 --> node_venv_lib_python3_12_site-packages["site-packages"]\n    node_venv_lib_python3_12_site-packages --> node_venv_lib_python3_12_site-packages_PyQt6["PyQt6"]\n    node_venv_lib_python3_12_site-packages_PyQt6 --> node_venv_lib_python3_12_site-packages_PyQt6_Qt6["Qt6"]\n    node_venv_lib_python3_12_site-packages_PyQt6_Qt6 --> node_venv_lib_python3_12_site-packages_PyQt6_Qt6_plugins["plugins"]\n    node_venv_lib_python3_12_site-packages_PyQt6_Qt6_plugins --> node_venv_lib_python3_12_site-packages_PyQt6_Qt6_plugins_permissions["permissions"]\n    node_venv_lib_python3_12_site-packages_PyQt6_Qt6_plugins_permissions --> node_venv_lib_python3_12_site-packages_PyQt6_Qt6_plugins_permissions_objects-RelWithDebInfo["objects-RelWithDebInfo"]\n    node_venv_lib_python3_12_site-packages_PyQt6_Qt6_plugins_permissions_objects-RelWithDebInfo --> node_venv_lib_python3_12_site-packages_PyQt6_Qt6_plugins_permissions_objects-RelWithDebInfo_QDarwinLocationPermissionPlugin_init["QDarwinLocationPermissionPlugin_init"]\n    node_venv_lib_python3_12_site-packages_PyQt6_Qt6_plugins_permissions_objects-RelWithDebInfo_QDarwinLocationPermissionPlugin_init --> node_venv_lib_python3_12_site-packages_PyQt6_Qt6_plugins_permissions_objects-RelWithDebInfo_QDarwinLocationPermissionPlugin_init_QDarwinLocationPermissionPlugin_init_cpp_o["QDarwinLocationPermissionPlugin_init.cpp.o"]\n    Root --> node_venv["venv"]\n    node_venv --> node_venv_lib["lib"]\n    node_venv_lib --> node_venv_lib_python3_12["python3.12"]\n    node_venv_lib_python3_12 --> node_venv_lib_python3_12_site-packages["site-packages"]\n    node_venv_lib_python3_12_site-packages --> node_venv_lib_python3_12_site-packages_PyQt6["PyQt6"]\n    node_venv_lib_python3_12_site-packages_PyQt6 --> node_venv_lib_python3_12_site-packages_PyQt6_Qt6["Qt6"]\n    node_venv_lib_python3_12_site-packages_PyQt6_Qt6 --> node_venv_lib_python3_12_site-packages_PyQt6_Qt6_plugins["plugins"]\n    node_venv_lib_python3_12_site-packages_PyQt6_Qt6_plugins --> node_venv_lib_python3_12_site-packages_PyQt6_Qt6_plugins_permissions["permissions"]\n    node_venv_lib_python3_12_site-packages_PyQt6_Qt6_plugins_permissions --> node_venv_lib_python3_12_site-packages_PyQt6_Qt6_plugins_permissions_objects-RelWithDebInfo["objects-RelWithDebInfo"]\n    node_venv_lib_python3_12_site-packages_PyQt6_Qt6_plugins_permissions_objects-RelWithDebInfo --> node_venv_lib_python3_12_site-packages_PyQt6_Qt6_plugins_permissions_objects-RelWithDebInfo_QDarwinCameraPermissionPlugin_init["QDarwinCameraPermissionPlugin_init"]\n    node_venv_lib_python3_12_site-packages_PyQt6_Qt6_plugins_permissions_objects-RelWithDebInfo_QDarwinCameraPermissionPlugin_init --> node_venv_lib_python3_12_site-packages_PyQt6_Qt6_plugins_permissions_objects-RelWithDebInfo_QDarwinCameraPermissionPlugin_init_QDarwinCameraPermissionPlugin_init_cpp_o["QDarwinCameraPermissionPlugin_init.cpp.o"]\n    Root --> node_venv["venv"]\n    node_venv --> node_venv_lib["lib"]\n    node_venv_lib --> node_venv_lib_python3_12["python3.12"]\n    node_venv_lib_python3_12 --> node_venv_lib_python3_12_site-packages["site-packages"]\n    node_venv_lib_python3_12_site-packages --> node_venv_lib_python3_12_site-packages_PyQt6["PyQt6"]\n    node_venv_lib_python3_12_site-packages_PyQt6 --> node_venv_lib_python3_12_site-packages_PyQt6_Qt6["Qt6"]\n    node_venv_lib_python3_12_site-packages_PyQt6_Qt6 --> node_venv_lib_python3_12_site-packages_PyQt6_Qt6_plugins["plugins"]\n    node_venv_lib_python3_12_site-packages_PyQt6_Qt6_plugins --> node_venv_lib_python3_12_site-packages_PyQt6_Qt6_plugins_permissions["permissions"]\n    node_venv_lib_python3_12_site-packages_PyQt6_Qt6_plugins_permissions --> node_venv_lib_python3_12_site-packages_PyQt6_Qt6_plugins_permissions_objects-RelWithDebInfo["objects-RelWithDebInfo"]\n    node_venv_lib_python3_12_site-packages_PyQt6_Qt6_plugins_permissions_objects-RelWithDebInfo --> node_venv_lib_python3_12_site-packages_PyQt6_Qt6_plugins_permissions_objects-RelWithDebInfo_QDarwinMicrophonePermissionPlugin_init["QDarwinMicrophonePermissionPlugin_init"]\n    node_venv_lib_python3_12_site-packages_PyQt6_Qt6_plugins_permissions_objects-RelWithDebInfo_QDarwinMicrophonePermissionPlugin_init --> node_venv_lib_python3_12_site-packages_PyQt6_Qt6_plugins_permissions_objects-RelWithDebInfo_QDarwinMicrophonePermissionPlugin_init_QDarwinMicrophonePermissionPlugin_init_cpp_o["QDarwinMicrophonePermissionPlugin_init.cpp.o"]\n    Root --> node_venv["venv"]\n    node_venv --> node_venv_lib["lib"]\n    node_venv_lib --> node_venv_lib_python3_12["python3.12"]\n    node_venv_lib_python3_12 --> node_venv_lib_python3_12_site-packages["site-packages"]\n    node_venv_lib_python3_12_site-packages --> node_venv_lib_python3_12_site-packages_PyQt6["PyQt6"]\n    node_venv_lib_python3_12_site-packages_PyQt6 --> node_venv_lib_python3_12_site-packages_PyQt6_Qt6["Qt6"]\n    node_venv_lib_python3_12_site-packages_PyQt6_Qt6 --> node_venv_lib_python3_12_site-packages_PyQt6_Qt6_plugins["plugins"]\n    node_venv_lib_python3_12_site-packages_PyQt6_Qt6_plugins --> node_venv_lib_python3_12_site-packages_PyQt6_Qt6_plugins_permissions["permissions"]\n    node_venv_lib_python3_12_site-packages_PyQt6_Qt6_plugins_permissions --> node_venv_lib_python3_12_site-packages_PyQt6_Qt6_plugins_permissions_objects-RelWithDebInfo["objects-RelWithDebInfo"]\n    node_venv_lib_python3_12_site-packages_PyQt6_Qt6_plugins_permissions_objects-RelWithDebInfo --> node_venv_lib_python3_12_site-packages_PyQt6_Qt6_plugins_permissions_objects-RelWithDebInfo_QDarwinContactsPermissionPlugin_init["QDarwinContactsPermissionPlugin_init"]\n    node_venv_lib_python3_12_site-packages_PyQt6_Qt6_plugins_permissions_objects-RelWithDebInfo_QDarwinContactsPermissionPlugin_init --> node_venv_lib_python3_12_site-packages_PyQt6_Qt6_plugins_permissions_objects-RelWithDebInfo_QDarwinContactsPermissionPlugin_init_QDarwinContactsPermissionPlugin_init_cpp_o["QDarwinContactsPermissionPlugin_init.cpp.o"]\n    Root --> node_venv["venv"]\n    node_venv --> node_venv_lib["lib"]\n    node_venv_lib --> node_venv_lib_python3_12["python3.12"]\n    node_venv_lib_python3_12 --> node_venv_lib_python3_12_site-packages["site-packages"]\n    node_venv_lib_python3_12_site-packages --> node_venv_lib_python3_12_site-packages_PyQt6["PyQt6"]\n    node_venv_lib_python3_12_site-packages_PyQt6 --> node_venv_lib_python3_12_site-packages_PyQt6_Qt6["Qt6"]\n    node_venv_lib_python3_12_site-packages_PyQt6_Qt6 --> node_venv_lib_python3_12_site-packages_PyQt6_Qt6_plugins["plugins"]\n    node_venv_lib_python3_12_site-packages_PyQt6_Qt6_plugins --> node_venv_lib_python3_12_site-packages_PyQt6_Qt6_plugins_permissions["permissions"]\n    node_venv_lib_python3_12_site-packages_PyQt6_Qt6_plugins_permissions --> node_venv_lib_python3_12_site-packages_PyQt6_Qt6_plugins_permissions_objects-RelWithDebInfo["objects-RelWithDebInfo"]\n    node_venv_lib_python3_12_site-packages_PyQt6_Qt6_plugins_permissions_objects-RelWithDebInfo --> node_venv_lib_python3_12_site-packages_PyQt6_Qt6_plugins_permissions_objects-RelWithDebInfo_QDarwinBluetoothPermissionPlugin_init["QDarwinBluetoothPermissionPlugin_init"]\n    node_venv_lib_python3_12_site-packages_PyQt6_Qt6_plugins_permissions_objects-RelWithDebInfo_QDarwinBluetoothPermissionPlugin_init --> node_venv_lib_python3_12_site-packages_PyQt6_Qt6_plugins_permissions_objects-RelWithDebInfo_QDarwinBluetoothPermissionPlugin_init_QDarwinBluetoothPermissionPlugin_init_cpp_o["QDarwinBluetoothPermissionPlugin_init.cpp.o"]\n    Root --> node_venv["venv"]\n    node_venv --> node_venv_lib["lib"]\n    node_venv_lib --> node_venv_lib_python3_12["python3.12"]\n    node_venv_lib_python3_12 --> node_venv_lib_python3_12_site-packages["site-packages"]\n    node_venv_lib_python3_12_site-packages --> node_venv_lib_python3_12_site-packages_PyQt6["PyQt6"]\n    node_venv_lib_python3_12_site-packages_PyQt6 --> node_venv_lib_python3_12_site-packages_PyQt6_Qt6["Qt6"]\n    node_venv_lib_python3_12_site-packages_PyQt6_Qt6 --> node_venv_lib_python3_12_site-packages_PyQt6_Qt6_plugins["plugins"]\n    node_venv_lib_python3_12_site-packages_PyQt6_Qt6_plugins --> node_venv_lib_python3_12_site-packages_PyQt6_Qt6_plugins_scxmldatamodel["scxmldatamodel"]\n    node_venv_lib_python3_12_site-packages_PyQt6_Qt6_plugins_scxmldatamodel --> node_venv_lib_python3_12_site-packages_PyQt6_Qt6_plugins_scxmldatamodel_libqscxmlecmascriptdatamodel_dylib["libqscxmlecmascriptdatamodel.dylib"]\n    Root --> node_venv["venv"]\n    node_venv --> node_venv_lib["lib"]\n    node_venv_lib --> node_venv_lib_python3_12["python3.12"]\n    node_venv_lib_python3_12 --> node_venv_lib_python3_12_site-packages["site-packages"]\n    node_venv_lib_python3_12_site-packages --> node_venv_lib_python3_12_site-packages_PyQt6["PyQt6"]\n    node_venv_lib_python3_12_site-packages_PyQt6 --> node_venv_lib_python3_12_site-packages_PyQt6_Qt6["Qt6"]\n    node_venv_lib_python3_12_site-packages_PyQt6_Qt6 --> node_venv_lib_python3_12_site-packages_PyQt6_Qt6_plugins["plugins"]\n    node_venv_lib_python3_12_site-packages_PyQt6_Qt6_plugins --> node_venv_lib_python3_12_site-packages_PyQt6_Qt6_plugins_styles["styles"]\n    node_venv_lib_python3_12_site-packages_PyQt6_Qt6_plugins_styles --> node_venv_lib_python3_12_site-packages_PyQt6_Qt6_plugins_styles_libqmacstyle_dylib["libqmacstyle.dylib"]\n    Root --> node_venv["venv"]\n    node_venv --> node_venv_lib["lib"]\n    node_venv_lib --> node_venv_lib_python3_12["python3.12"]\n    node_venv_lib_python3_12 --> node_venv_lib_python3_12_site-packages["site-packages"]\n    node_venv_lib_python3_12_site-packages --> node_venv_lib_python3_12_site-packages_PyQt6["PyQt6"]\n    node_venv_lib_python3_12_site-packages_PyQt6 --> node_venv_lib_python3_12_site-packages_PyQt6_Qt6["Qt6"]\n    node_venv_lib_python3_12_site-packages_PyQt6_Qt6 --> node_venv_lib_python3_12_site-packages_PyQt6_Qt6_plugins["plugins"]\n    node_venv_lib_python3_12_site-packages_PyQt6_Qt6_plugins --> node_venv_lib_python3_12_site-packages_PyQt6_Qt6_plugins_tls["tls"]\n    node_venv_lib_python3_12_site-packages_PyQt6_Qt6_plugins_tls --> node_venv_lib_python3_12_site-packages_PyQt6_Qt6_plugins_tls_libqcertonlybackend_dylib["libqcertonlybackend.dylib"]\n    Root --> node_venv["venv"]\n    node_venv --> node_venv_lib["lib"]\n    node_venv_lib --> node_venv_lib_python3_12["python3.12"]\n    node_venv_lib_python3_12 --> node_venv_lib_python3_12_site-packages["site-packages"]\n    node_venv_lib_python3_12_site-packages --> node_venv_lib_python3_12_site-packages_PyQt6["PyQt6"]\n    node_venv_lib_python3_12_site-packages_PyQt6 --> node_venv_lib_python3_12_site-packages_PyQt6_Qt6["Qt6"]\n    node_venv_lib_python3_12_site-packages_PyQt6_Qt6 --> node_venv_lib_python3_12_site-packages_PyQt6_Qt6_plugins["plugins"]\n    node_venv_lib_python3_12_site-packages_PyQt6_Qt6_plugins --> node_venv_lib_python3_12_site-packages_PyQt6_Qt6_plugins_tls["tls"]\n    node_venv_lib_python3_12_site-packages_PyQt6_Qt6_plugins_tls --> node_venv_lib_python3_12_site-packages_PyQt6_Qt6_plugins_tls_libqopensslbackend_dylib["libqopensslbackend.dylib"]\n    Root --> node_venv["venv"]\n    node_venv --> node_venv_lib["lib"]\n    node_venv_lib --> node_venv_lib_python3_12["python3.12"]\n    node_venv_lib_python3_12 --> node_venv_lib_python3_12_site-packages["site-packages"]\n    node_venv_lib_python3_12_site-packages --> node_venv_lib_python3_12_site-packages_PyQt6["PyQt6"]\n    node_venv_lib_python3_12_site-packages_PyQt6 --> node_venv_lib_python3_12_site-packages_PyQt6_Qt6["Qt6"]\n    node_venv_lib_python3_12_site-packages_PyQt6_Qt6 --> node_venv_lib_python3_12_site-packages_PyQt6_Qt6_plugins["plugins"]\n    node_venv_lib_python3_12_site-packages_PyQt6_Qt6_plugins --> node_venv_lib_python3_12_site-packages_PyQt6_Qt6_plugins_tls["tls"]\n    node_venv_lib_python3_12_site-packages_PyQt6_Qt6_plugins_tls --> node_venv_lib_python3_12_site-packages_PyQt6_Qt6_plugins_tls_libqsecuretransportbackend_dylib["libqsecuretransportbackend.dylib"]\n    Root --> node_venv["venv"]\n    node_venv --> node_venv_lib["lib"]\n    node_venv_lib --> node_venv_lib_python3_12["python3.12"]\n    node_venv_lib_python3_12 --> node_venv_lib_python3_12_site-packages["site-packages"]\n    node_venv_lib_python3_12_site-packages --> node_venv_lib_python3_12_site-packages_PyQt6["PyQt6"]\n    node_venv_lib_python3_12_site-packages_PyQt6 --> node_venv_lib_python3_12_site-packages_PyQt6_Qt6["Qt6"]\n    node_venv_lib_python3_12_site-packages_PyQt6_Qt6 --> node_venv_lib_python3_12_site-packages_PyQt6_Qt6_plugins["plugins"]\n    node_venv_lib_python3_12_site-packages_PyQt6_Qt6_plugins --> node_venv_lib_python3_12_site-packages_PyQt6_Qt6_plugins_iconengines["iconengines"]\n    node_venv_lib_python3_12_site-packages_PyQt6_Qt6_plugins_iconengines --> node_venv_lib_python3_12_site-packages_PyQt6_Qt6_plugins_iconengines_libqsvgicon_dylib["libqsvgicon.dylib"]\n    Root --> node_venv["venv"]\n    node_venv --> node_venv_lib["lib"]\n    node_venv_lib --> node_venv_lib_python3_12["python3.12"]\n    node_venv_lib_python3_12 --> node_venv_lib_python3_12_site-packages["site-packages"]\n    node_venv_lib_python3_12_site-packages --> node_venv_lib_python3_12_site-packages_PyQt6["PyQt6"]\n    node_venv_lib_python3_12_site-packages_PyQt6 --> node_venv_lib_python3_12_site-packages_PyQt6_Qt6["Qt6"]\n    node_venv_lib_python3_12_site-packages_PyQt6_Qt6 --> node_venv_lib_python3_12_site-packages_PyQt6_Qt6_plugins["plugins"]\n    node_venv_lib_python3_12_site-packages_PyQt6_Qt6_plugins --> node_venv_lib_python3_12_site-packages_PyQt6_Qt6_plugins_sqldrivers["sqldrivers"]\n    node_venv_lib_python3_12_site-packages_PyQt6_Qt6_plugins_sqldrivers --> node_venv_lib_python3_12_site-packages_PyQt6_Qt6_plugins_sqldrivers_libqsqlite_dylib["libqsqlite.dylib"]\n    Root --> node_venv["venv"]\n    node_venv --> node_venv_lib["lib"]\n    node_venv_lib --> node_venv_lib_python3_12["python3.12"]\n    node_venv_lib_python3_12 --> node_venv_lib_python3_12_site-packages["site-packages"]\n    node_venv_lib_python3_12_site-packages --> node_venv_lib_python3_12_site-packages_PyQt6["PyQt6"]\n    node_venv_lib_python3_12_site-packages_PyQt6 --> node_venv_lib_python3_12_site-packages_PyQt6_Qt6["Qt6"]\n    node_venv_lib_python3_12_site-packages_PyQt6_Qt6 --> node_venv_lib_python3_12_site-packages_PyQt6_Qt6_plugins["plugins"]\n    node_venv_lib_python3_12_site-packages_PyQt6_Qt6_plugins --> node_venv_lib_python3_12_site-packages_PyQt6_Qt6_plugins_sqldrivers["sqldrivers"]\n    node_venv_lib_python3_12_site-packages_PyQt6_Qt6_plugins_sqldrivers --> node_venv_lib_python3_12_site-packages_PyQt6_Qt6_plugins_sqldrivers_libqsqlmimer_dylib["libqsqlmimer.dylib"]\n    Root --> node_venv["venv"]\n    node_venv --> node_venv_lib["lib"]\n    node_venv_lib --> node_venv_lib_python3_12["python3.12"]\n    node_venv_lib_python3_12 --> node_venv_lib_python3_12_site-packages["site-packages"]\n    node_venv_lib_python3_12_site-packages --> node_venv_lib_python3_12_site-packages_PyQt6["PyQt6"]\n    node_venv_lib_python3_12_site-packages_PyQt6 --> node_venv_lib_python3_12_site-packages_PyQt6_Qt6["Qt6"]\n    node_venv_lib_python3_12_site-packages_PyQt6_Qt6 --> node_venv_lib_python3_12_site-packages_PyQt6_Qt6_plugins["plugins"]\n    node_venv_lib_python3_12_site-packages_PyQt6_Qt6_plugins --> node_venv_lib_python3_12_site-packages_PyQt6_Qt6_plugins_sqldrivers["sqldrivers"]\n    node_venv_lib_python3_12_site-packages_PyQt6_Qt6_plugins_sqldrivers --> node_venv_lib_python3_12_site-packages_PyQt6_Qt6_plugins_sqldrivers_libqsqlodbc_dylib["libqsqlodbc.dylib"]\n    Root --> node_venv["venv"]\n    node_venv --> node_venv_lib["lib"]\n    node_venv_lib --> node_venv_lib_python3_12["python3.12"]\n    node_venv_lib_python3_12 --> node_venv_lib_python3_12_site-packages["site-packages"]\n    node_venv_lib_python3_12_site-packages --> node_venv_lib_python3_12_site-packages_PyQt6["PyQt6"]\n    node_venv_lib_python3_12_site-packages_PyQt6 --> node_venv_lib_python3_12_site-packages_PyQt6_Qt6["Qt6"]\n    node_venv_lib_python3_12_site-packages_PyQt6_Qt6 --> node_venv_lib_python3_12_site-packages_PyQt6_Qt6_plugins["plugins"]\n    node_venv_lib_python3_12_site-packages_PyQt6_Qt6_plugins --> node_venv_lib_python3_12_site-packages_PyQt6_Qt6_plugins_sqldrivers["sqldrivers"]\n    node_venv_lib_python3_12_site-packages_PyQt6_Qt6_plugins_sqldrivers --> node_venv_lib_python3_12_site-packages_PyQt6_Qt6_plugins_sqldrivers_libqsqlpsql_dylib["libqsqlpsql.dylib"]\n    Root --> node_venv["venv"]\n    node_venv --> node_venv_lib["lib"]\n    node_venv_lib --> node_venv_lib_python3_12["python3.12"]\n    node_venv_lib_python3_12 --> node_venv_lib_python3_12_site-packages["site-packages"]\n    node_venv_lib_python3_12_site-packages --> node_venv_lib_python3_12_site-packages_PyQt6["PyQt6"]\n    node_venv_lib_python3_12_site-packages_PyQt6 --> node_venv_lib_python3_12_site-packages_PyQt6_Qt6["Qt6"]\n    node_venv_lib_python3_12_site-packages_PyQt6_Qt6 --> node_venv_lib_python3_12_site-packages_PyQt6_Qt6_plugins["plugins"]\n    node_venv_lib_python3_12_site-packages_PyQt6_Qt6_plugins --> node_venv_lib_python3_12_site-packages_PyQt6_Qt6_plugins_multimedia["multimedia"]\n    node_venv_lib_python3_12_site-packages_PyQt6_Qt6_plugins_multimedia --> node_venv_lib_python3_12_site-packages_PyQt6_Qt6_plugins_multimedia_libdarwinmediaplugin_dylib["libdarwinmediaplugin.dylib"]\n    Root --> node_venv["venv"]\n    node_venv --> node_venv_lib["lib"]\n    node_venv_lib --> node_venv_lib_python3_12["python3.12"]\n    node_venv_lib_python3_12 --> node_venv_lib_python3_12_site-packages["site-packages"]\n    node_venv_lib_python3_12_site-packages --> node_venv_lib_python3_12_site-packages_PyQt6["PyQt6"]\n    node_venv_lib_python3_12_site-packages_PyQt6 --> node_venv_lib_python3_12_site-packages_PyQt6_Qt6["Qt6"]\n    node_venv_lib_python3_12_site-packages_PyQt6_Qt6 --> node_venv_lib_python3_12_site-packages_PyQt6_Qt6_plugins["plugins"]\n    node_venv_lib_python3_12_site-packages_PyQt6_Qt6_plugins --> node_venv_lib_python3_12_site-packages_PyQt6_Qt6_plugins_multimedia["multimedia"]\n    node_venv_lib_python3_12_site-packages_PyQt6_Qt6_plugins_multimedia --> node_venv_lib_python3_12_site-packages_PyQt6_Qt6_plugins_multimedia_libffmpegmediaplugin_dylib["libffmpegmediaplugin.dylib"]\n    Root --> node_venv["venv"]\n    node_venv --> node_venv_lib["lib"]\n    node_venv_lib --> node_venv_lib_python3_12["python3.12"]\n    node_venv_lib_python3_12 --> node_venv_lib_python3_12_site-packages["site-packages"]\n    node_venv_lib_python3_12_site-packages --> node_venv_lib_python3_12_site-packages_PyQt6["PyQt6"]\n    node_venv_lib_python3_12_site-packages_PyQt6 --> node_venv_lib_python3_12_site-packages_PyQt6_Qt6["Qt6"]\n    node_venv_lib_python3_12_site-packages_PyQt6_Qt6 --> node_venv_lib_python3_12_site-packages_PyQt6_Qt6_plugins["plugins"]\n    node_venv_lib_python3_12_site-packages_PyQt6_Qt6_plugins --> node_venv_lib_python3_12_site-packages_PyQt6_Qt6_plugins_imageformats["imageformats"]\n    node_venv_lib_python3_12_site-packages_PyQt6_Qt6_plugins_imageformats --> node_venv_lib_python3_12_site-packages_PyQt6_Qt6_plugins_imageformats_libqgif_dylib["libqgif.dylib"]\n    Root --> node_venv["venv"]\n    node_venv --> node_venv_lib["lib"]\n    node_venv_lib --> node_venv_lib_python3_12["python3.12"]\n    node_venv_lib_python3_12 --> node_venv_lib_python3_12_site-packages["site-packages"]\n    node_venv_lib_python3_12_site-packages --> node_venv_lib_python3_12_site-packages_PyQt6["PyQt6"]\n    node_venv_lib_python3_12_site-packages_PyQt6 --> node_venv_lib_python3_12_site-packages_PyQt6_Qt6["Qt6"]\n    node_venv_lib_python3_12_site-packages_PyQt6_Qt6 --> node_venv_lib_python3_12_site-packages_PyQt6_Qt6_plugins["plugins"]\n    node_venv_lib_python3_12_site-packages_PyQt6_Qt6_plugins --> node_venv_lib_python3_12_site-packages_PyQt6_Qt6_plugins_imageformats["imageformats"]\n    node_venv_lib_python3_12_site-packages_PyQt6_Qt6_plugins_imageformats --> node_venv_lib_python3_12_site-packages_PyQt6_Qt6_plugins_imageformats_libqicns_dylib["libqicns.dylib"]\n    Root --> node_venv["venv"]\n    node_venv --> node_venv_lib["lib"]\n    node_venv_lib --> node_venv_lib_python3_12["python3.12"]\n    node_venv_lib_python3_12 --> node_venv_lib_python3_12_site-packages["site-packages"]\n    node_venv_lib_python3_12_site-packages --> node_venv_lib_python3_12_site-packages_PyQt6["PyQt6"]\n    node_venv_lib_python3_12_site-packages_PyQt6 --> node_venv_lib_python3_12_site-packages_PyQt6_Qt6["Qt6"]\n    node_venv_lib_python3_12_site-packages_PyQt6_Qt6 --> node_venv_lib_python3_12_site-packages_PyQt6_Qt6_plugins["plugins"]\n    node_venv_lib_python3_12_site-packages_PyQt6_Qt6_plugins --> node_venv_lib_python3_12_site-packages_PyQt6_Qt6_plugins_imageformats["imageformats"]\n    node_venv_lib_python3_12_site-packages_PyQt6_Qt6_plugins_imageformats --> node_venv_lib_python3_12_site-packages_PyQt6_Qt6_plugins_imageformats_libqico_dylib["libqico.dylib"]\n    Root --> node_venv["venv"]\n    node_venv --> node_venv_lib["lib"]\n    node_venv_lib --> node_venv_lib_python3_12["python3.12"]\n    node_venv_lib_python3_12 --> node_venv_lib_python3_12_site-packages["site-packages"]\n    node_venv_lib_python3_12_site-packages --> node_venv_lib_python3_12_site-packages_PyQt6["PyQt6"]\n    node_venv_lib_python3_12_site-packages_PyQt6 --> node_venv_lib_python3_12_site-packages_PyQt6_Qt6["Qt6"]\n    node_venv_lib_python3_12_site-packages_PyQt6_Qt6 --> node_venv_lib_python3_12_site-packages_PyQt6_Qt6_plugins["plugins"]\n    node_venv_lib_python3_12_site-packages_PyQt6_Qt6_plugins --> node_venv_lib_python3_12_site-packages_PyQt6_Qt6_plugins_imageformats["imageformats"]\n    node_venv_lib_python3_12_site-packages_PyQt6_Qt6_plugins_imageformats --> node_venv_lib_python3_12_site-packages_PyQt6_Qt6_plugins_imageformats_libqjpeg_dylib["libqjpeg.dylib"]\n    Root --> node_venv["venv"]\n    node_venv --> node_venv_lib["lib"]\n    node_venv_lib --> node_venv_lib_python3_12["python3.12"]\n    node_venv_lib_python3_12 --> node_venv_lib_python3_12_site-packages["site-packages"]\n    node_venv_lib_python3_12_site-packages --> node_venv_lib_python3_12_site-packages_PyQt6["PyQt6"]\n    node_venv_lib_python3_12_site-packages_PyQt6 --> node_venv_lib_python3_12_site-packages_PyQt6_Qt6["Qt6"]\n    node_venv_lib_python3_12_site-packages_PyQt6_Qt6 --> node_venv_lib_python3_12_site-packages_PyQt6_Qt6_plugins["plugins"]\n    node_venv_lib_python3_12_site-packages_PyQt6_Qt6_plugins --> node_venv_lib_python3_12_site-packages_PyQt6_Qt6_plugins_imageformats["imageformats"]\n    node_venv_lib_python3_12_site-packages_PyQt6_Qt6_plugins_imageformats --> node_venv_lib_python3_12_site-packages_PyQt6_Qt6_plugins_imageformats_libqmacheif_dylib["libqmacheif.dylib"]\n    Root --> node_venv["venv"]\n    node_venv --> node_venv_lib["lib"]\n    node_venv_lib --> node_venv_lib_python3_12["python3.12"]\n    node_venv_lib_python3_12 --> node_venv_lib_python3_12_site-packages["site-packages"]\n    node_venv_lib_python3_12_site-packages --> node_venv_lib_python3_12_site-packages_PyQt6["PyQt6"]\n    node_venv_lib_python3_12_site-packages_PyQt6 --> node_venv_lib_python3_12_site-packages_PyQt6_Qt6["Qt6"]\n    node_venv_lib_python3_12_site-packages_PyQt6_Qt6 --> node_venv_lib_python3_12_site-packages_PyQt6_Qt6_plugins["plugins"]\n    node_venv_lib_python3_12_site-packages_PyQt6_Qt6_plugins --> node_venv_lib_python3_12_site-packages_PyQt6_Qt6_plugins_imageformats["imageformats"]\n    node_venv_lib_python3_12_site-packages_PyQt6_Qt6_plugins_imageformats --> node_venv_lib_python3_12_site-packages_PyQt6_Qt6_plugins_imageformats_libqmacjp2_dylib["libqmacjp2.dylib"]\n    Root --> node_venv["venv"]\n    node_venv --> node_venv_lib["lib"]\n    node_venv_lib --> node_venv_lib_python3_12["python3.12"]\n    node_venv_lib_python3_12 --> node_venv_lib_python3_12_site-packages["site-packages"]\n    node_venv_lib_python3_12_site-packages --> node_venv_lib_python3_12_site-packages_PyQt6["PyQt6"]\n    node_venv_lib_python3_12_site-packages_PyQt6 --> node_venv_lib_python3_12_site-packages_PyQt6_Qt6["Qt6"]\n    node_venv_lib_python3_12_site-packages_PyQt6_Qt6 --> node_venv_lib_python3_12_site-packages_PyQt6_Qt6_plugins["plugins"]\n    node_venv_lib_python3_12_site-packages_PyQt6_Qt6_plugins --> node_venv_lib_python3_12_site-packages_PyQt6_Qt6_plugins_imageformats["imageformats"]\n    node_venv_lib_python3_12_site-packages_PyQt6_Qt6_plugins_imageformats --> node_venv_lib_python3_12_site-packages_PyQt6_Qt6_plugins_imageformats_libqpdf_dylib["libqpdf.dylib"]\n    Root --> node_venv["venv"]\n    node_venv --> node_venv_lib["lib"]\n    node_venv_lib --> node_venv_lib_python3_12["python3.12"]\n    node_venv_lib_python3_12 --> node_venv_lib_python3_12_site-packages["site-packages"]\n    node_venv_lib_python3_12_site-packages --> node_venv_lib_python3_12_site-packages_PyQt6["PyQt6"]\n    node_venv_lib_python3_12_site-packages_PyQt6 --> node_venv_lib_python3_12_site-packages_PyQt6_Qt6["Qt6"]\n    node_venv_lib_python3_12_site-packages_PyQt6_Qt6 --> node_venv_lib_python3_12_site-packages_PyQt6_Qt6_plugins["plugins"]\n    node_venv_lib_python3_12_site-packages_PyQt6_Qt6_plugins --> node_venv_lib_python3_12_site-packages_PyQt6_Qt6_plugins_imageformats["imageformats"]\n    node_venv_lib_python3_12_site-packages_PyQt6_Qt6_plugins_imageformats --> node_venv_lib_python3_12_site-packages_PyQt6_Qt6_plugins_imageformats_libqsvg_dylib["libqsvg.dylib"]\n    Root --> node_venv["venv"]\n    node_venv --> node_venv_lib["lib"]\n    node_venv_lib --> node_venv_lib_python3_12["python3.12"]\n    node_venv_lib_python3_12 --> node_venv_lib_python3_12_site-packages["site-packages"]\n    node_venv_lib_python3_12_site-packages --> node_venv_lib_python3_12_site-packages_PyQt6["PyQt6"]\n    node_venv_lib_python3_12_site-packages_PyQt6 --> node_venv_lib_python3_12_site-packages_PyQt6_Qt6["Qt6"]\n    node_venv_lib_python3_12_site-packages_PyQt6_Qt6 --> node_venv_lib_python3_12_site-packages_PyQt6_Qt6_plugins["plugins"]\n    node_venv_lib_python3_12_site-packages_PyQt6_Qt6_plugins --> node_venv_lib_python3_12_site-packages_PyQt6_Qt6_plugins_imageformats["imageformats"]\n    node_venv_lib_python3_12_site-packages_PyQt6_Qt6_plugins_imageformats --> node_venv_lib_python3_12_site-packages_PyQt6_Qt6_plugins_imageformats_libqtga_dylib["libqtga.dylib"]\n    Root --> node_venv["venv"]\n    node_venv --> node_venv_lib["lib"]\n    node_venv_lib --> node_venv_lib_python3_12["python3.12"]\n    node_venv_lib_python3_12 --> node_venv_lib_python3_12_site-packages["site-packages"]\n    node_venv_lib_python3_12_site-packages --> node_venv_lib_python3_12_site-packages_PyQt6["PyQt6"]\n    node_venv_lib_python3_12_site-packages_PyQt6 --> node_venv_lib_python3_12_site-packages_PyQt6_Qt6["Qt6"]\n    node_venv_lib_python3_12_site-packages_PyQt6_Qt6 --> node_venv_lib_python3_12_site-packages_PyQt6_Qt6_plugins["plugins"]\n    node_venv_lib_python3_12_site-packages_PyQt6_Qt6_plugins --> node_venv_lib_python3_12_site-packages_PyQt6_Qt6_plugins_imageformats["imageformats"]\n    node_venv_lib_python3_12_site-packages_PyQt6_Qt6_plugins_imageformats --> node_venv_lib_python3_12_site-packages_PyQt6_Qt6_plugins_imageformats_libqtiff_dylib["libqtiff.dylib"]\n    Root --> node_venv["venv"]\n    node_venv --> node_venv_lib["lib"]\n    node_venv_lib --> node_venv_lib_python3_12["python3.12"]\n    node_venv_lib_python3_12 --> node_venv_lib_python3_12_site-packages["site-packages"]\n    node_venv_lib_python3_12_site-packages --> node_venv_lib_python3_12_site-packages_PyQt6["PyQt6"]\n    node_venv_lib_python3_12_site-packages_PyQt6 --> node_venv_lib_python3_12_site-packages_PyQt6_Qt6["Qt6"]\n    node_venv_lib_python3_12_site-packages_PyQt6_Qt6 --> node_venv_lib_python3_12_site-packages_PyQt6_Qt6_plugins["plugins"]\n    node_venv_lib_python3_12_site-packages_PyQt6_Qt6_plugins --> node_venv_lib_python3_12_site-packages_PyQt6_Qt6_plugins_imageformats["imageformats"]\n    node_venv_lib_python3_12_site-packages_PyQt6_Qt6_plugins_imageformats --> node_venv_lib_python3_12_site-packages_PyQt6_Qt6_plugins_imageformats_libqwbmp_dylib["libqwbmp.dylib"]\n    Root --> node_venv["venv"]\n    node_venv --> node_venv_lib["lib"]\n    node_venv_lib --> node_venv_lib_python3_12["python3.12"]\n    node_venv_lib_python3_12 --> node_venv_lib_python3_12_site-packages["site-packages"]\n    node_venv_lib_python3_12_site-packages --> node_venv_lib_python3_12_site-packages_PyQt6["PyQt6"]\n    node_venv_lib_python3_12_site-packages_PyQt6 --> node_venv_lib_python3_12_site-packages_PyQt6_Qt6["Qt6"]\n    node_venv_lib_python3_12_site-packages_PyQt6_Qt6 --> node_venv_lib_python3_12_site-packages_PyQt6_Qt6_plugins["plugins"]\n    node_venv_lib_python3_12_site-packages_PyQt6_Qt6_plugins --> node_venv_lib_python3_12_site-packages_PyQt6_Qt6_plugins_imageformats["imageformats"]\n    node_venv_lib_python3_12_site-packages_PyQt6_Qt6_plugins_imageformats --> node_venv_lib_python3_12_site-packages_PyQt6_Qt6_plugins_imageformats_libqwebp_dylib["libqwebp.dylib"]\n    Root --> node_venv["venv"]\n    node_venv --> node_venv_lib["lib"]\n    node_venv_lib --> node_venv_lib_python3_12["python3.12"]\n    node_venv_lib_python3_12 --> node_venv_lib_python3_12_site-packages["site-packages"]\n    node_venv_lib_python3_12_site-packages --> node_venv_lib_python3_12_site-packages_PyQt6["PyQt6"]\n    node_venv_lib_python3_12_site-packages_PyQt6 --> node_venv_lib_python3_12_site-packages_PyQt6_Qt6["Qt6"]\n    node_venv_lib_python3_12_site-packages_PyQt6_Qt6 --> node_venv_lib_python3_12_site-packages_PyQt6_Qt6_plugins["plugins"]\n    node_venv_lib_python3_12_site-packages_PyQt6_Qt6_plugins --> node_venv_lib_python3_12_site-packages_PyQt6_Qt6_plugins_qmllint["qmllint"]\n    node_venv_lib_python3_12_site-packages_PyQt6_Qt6_plugins_qmllint --> node_venv_lib_python3_12_site-packages_PyQt6_Qt6_plugins_qmllint_libqdslintplugin_dylib["libqdslintplugin.dylib"]\n    Root --> node_venv["venv"]\n    node_venv --> node_venv_lib["lib"]\n    node_venv_lib --> node_venv_lib_python3_12["python3.12"]\n    node_venv_lib_python3_12 --> node_venv_lib_python3_12_site-packages["site-packages"]\n    node_venv_lib_python3_12_site-packages --> node_venv_lib_python3_12_site-packages_PyQt6["PyQt6"]\n    node_venv_lib_python3_12_site-packages_PyQt6 --> node_venv_lib_python3_12_site-packages_PyQt6_Qt6["Qt6"]\n    node_venv_lib_python3_12_site-packages_PyQt6_Qt6 --> node_venv_lib_python3_12_site-packages_PyQt6_Qt6_plugins["plugins"]\n    node_venv_lib_python3_12_site-packages_PyQt6_Qt6_plugins --> node_venv_lib_python3_12_site-packages_PyQt6_Qt6_plugins_qmllint["qmllint"]\n    node_venv_lib_python3_12_site-packages_PyQt6_Qt6_plugins_qmllint --> node_venv_lib_python3_12_site-packages_PyQt6_Qt6_plugins_qmllint_libquicklintplugin_dylib["libquicklintplugin.dylib"]\n    Root --> node_venv["venv"]\n    node_venv --> node_venv_lib["lib"]\n    node_venv_lib --> node_venv_lib_python3_12["python3.12"]\n    node_venv_lib_python3_12 --> node_venv_lib_python3_12_site-packages["site-packages"]\n    node_venv_lib_python3_12_site-packages --> node_venv_lib_python3_12_site-packages_PyQt6["PyQt6"]\n    node_venv_lib_python3_12_site-packages_PyQt6 --> node_venv_lib_python3_12_site-packages_PyQt6_Qt6["Qt6"]\n    node_venv_lib_python3_12_site-packages_PyQt6_Qt6 --> node_venv_lib_python3_12_site-packages_PyQt6_Qt6_plugins["plugins"]\n    node_venv_lib_python3_12_site-packages_PyQt6_Qt6_plugins --> node_venv_lib_python3_12_site-packages_PyQt6_Qt6_plugins_qmlls["qmlls"]\n    node_venv_lib_python3_12_site-packages_PyQt6_Qt6_plugins_qmlls --> node_venv_lib_python3_12_site-packages_PyQt6_Qt6_plugins_qmlls_libqmllsquickplugin_dylib["libqmllsquickplugin.dylib"]\n    Root --> node_venv["venv"]\n    node_venv --> node_venv_lib["lib"]\n    node_venv_lib --> node_venv_lib_python3_12["python3.12"]\n    node_venv_lib_python3_12 --> node_venv_lib_python3_12_site-packages["site-packages"]\n    node_venv_lib_python3_12_site-packages --> node_venv_lib_python3_12_site-packages_PyQt6["PyQt6"]\n    node_venv_lib_python3_12_site-packages_PyQt6 --> node_venv_lib_python3_12_site-packages_PyQt6_Qt6["Qt6"]\n    node_venv_lib_python3_12_site-packages_PyQt6_Qt6 --> node_venv_lib_python3_12_site-packages_PyQt6_Qt6_plugins["plugins"]\n    node_venv_lib_python3_12_site-packages_PyQt6_Qt6_plugins --> node_venv_lib_python3_12_site-packages_PyQt6_Qt6_plugins_texttospeech["texttospeech"]\n    node_venv_lib_python3_12_site-packages_PyQt6_Qt6_plugins_texttospeech --> node_venv_lib_python3_12_site-packages_PyQt6_Qt6_plugins_texttospeech_libqtexttospeech_mock_dylib["libqtexttospeech_mock.dylib"]\n    Root --> node_venv["venv"]\n    node_venv --> node_venv_lib["lib"]\n    node_venv_lib --> node_venv_lib_python3_12["python3.12"]\n    node_venv_lib_python3_12 --> node_venv_lib_python3_12_site-packages["site-packages"]\n    node_venv_lib_python3_12_site-packages --> node_venv_lib_python3_12_site-packages_PyQt6["PyQt6"]\n    node_venv_lib_python3_12_site-packages_PyQt6 --> node_venv_lib_python3_12_site-packages_PyQt6_Qt6["Qt6"]\n    node_venv_lib_python3_12_site-packages_PyQt6_Qt6 --> node_venv_lib_python3_12_site-packages_PyQt6_Qt6_plugins["plugins"]\n    node_venv_lib_python3_12_site-packages_PyQt6_Qt6_plugins --> node_venv_lib_python3_12_site-packages_PyQt6_Qt6_plugins_texttospeech["texttospeech"]\n    node_venv_lib_python3_12_site-packages_PyQt6_Qt6_plugins_texttospeech --> node_venv_lib_python3_12_site-packages_PyQt6_Qt6_plugins_texttospeech_libqtexttospeech_speechdarwin_dylib["libqtexttospeech_speechdarwin.dylib"]\n    Root --> node_venv["venv"]\n    node_venv --> node_venv_lib["lib"]\n    node_venv_lib --> node_venv_lib_python3_12["python3.12"]\n    node_venv_lib_python3_12 --> node_venv_lib_python3_12_site-packages["site-packages"]\n    node_venv_lib_python3_12_site-packages --> node_venv_lib_python3_12_site-packages_PyQt6["PyQt6"]\n    node_venv_lib_python3_12_site-packages_PyQt6 --> node_venv_lib_python3_12_site-packages_PyQt6_Qt6["Qt6"]\n    node_venv_lib_python3_12_site-packages_PyQt6_Qt6 --> node_venv_lib_python3_12_site-packages_PyQt6_Qt6_plugins["plugins"]\n    node_venv_lib_python3_12_site-packages_PyQt6_Qt6_plugins --> node_venv_lib_python3_12_site-packages_PyQt6_Qt6_plugins_generic["generic"]\n    node_venv_lib_python3_12_site-packages_PyQt6_Qt6_plugins_generic --> node_venv_lib_python3_12_site-packages_PyQt6_Qt6_plugins_generic_libqtuiotouchplugin_dylib["libqtuiotouchplugin.dylib"]\n    Root --> node_venv["venv"]\n    node_venv --> node_venv_lib["lib"]\n    node_venv_lib --> node_venv_lib_python3_12["python3.12"]\n    node_venv_lib_python3_12 --> node_venv_lib_python3_12_site-packages["site-packages"]\n    node_venv_lib_python3_12_site-packages --> node_venv_lib_python3_12_site-packages_PyQt6["PyQt6"]\n    node_venv_lib_python3_12_site-packages_PyQt6 --> node_venv_lib_python3_12_site-packages_PyQt6_Qt6["Qt6"]\n    node_venv_lib_python3_12_site-packages_PyQt6_Qt6 --> node_venv_lib_python3_12_site-packages_PyQt6_Qt6_plugins["plugins"]\n    node_venv_lib_python3_12_site-packages_PyQt6_Qt6_plugins --> node_venv_lib_python3_12_site-packages_PyQt6_Qt6_plugins_renderplugins["renderplugins"]\n    node_venv_lib_python3_12_site-packages_PyQt6_Qt6_plugins_renderplugins --> node_venv_lib_python3_12_site-packages_PyQt6_Qt6_plugins_renderplugins_libscene2d_dylib["libscene2d.dylib"]\n    Root --> node_venv["venv"]\n    node_venv --> node_venv_lib["lib"]\n    node_venv_lib --> node_venv_lib_python3_12["python3.12"]\n    node_venv_lib_python3_12 --> node_venv_lib_python3_12_site-packages["site-packages"]\n    node_venv_lib_python3_12_site-packages --> node_venv_lib_python3_12_site-packages_PyQt6["PyQt6"]\n    node_venv_lib_python3_12_site-packages_PyQt6 --> node_venv_lib_python3_12_site-packages_PyQt6_Qt6["Qt6"]\n    node_venv_lib_python3_12_site-packages_PyQt6_Qt6 --> node_venv_lib_python3_12_site-packages_PyQt6_Qt6_plugins["plugins"]\n    node_venv_lib_python3_12_site-packages_PyQt6_Qt6_plugins --> node_venv_lib_python3_12_site-packages_PyQt6_Qt6_plugins_help["help"]\n    node_venv_lib_python3_12_site-packages_PyQt6_Qt6_plugins_help --> node_venv_lib_python3_12_site-packages_PyQt6_Qt6_plugins_help_libhelpplugin_dylib["libhelpplugin.dylib"]\n    Root --> node_venv["venv"]\n    node_venv --> node_venv_lib["lib"]\n    node_venv_lib --> node_venv_lib_python3_12["python3.12"]\n    node_venv_lib_python3_12 --> node_venv_lib_python3_12_site-packages["site-packages"]\n    node_venv_lib_python3_12_site-packages --> node_venv_lib_python3_12_site-packages_PyQt6["PyQt6"]\n    node_venv_lib_python3_12_site-packages_PyQt6 --> node_venv_lib_python3_12_site-packages_PyQt6_Qt6["Qt6"]\n    node_venv_lib_python3_12_site-packages_PyQt6_Qt6 --> node_venv_lib_python3_12_site-packages_PyQt6_Qt6_plugins["plugins"]\n    node_venv_lib_python3_12_site-packages_PyQt6_Qt6_plugins --> node_venv_lib_python3_12_site-packages_PyQt6_Qt6_plugins_networkinformation["networkinformation"]\n    node_venv_lib_python3_12_site-packages_PyQt6_Qt6_plugins_networkinformation --> node_venv_lib_python3_12_site-packages_PyQt6_Qt6_plugins_networkinformation_libqapplenetworkinformation_dylib["libqapplenetworkinformation.dylib"]\n    Root --> node_venv["venv"]\n    node_venv --> node_venv_lib["lib"]\n    node_venv_lib --> node_venv_lib_python3_12["python3.12"]\n    node_venv_lib_python3_12 --> node_venv_lib_python3_12_site-packages["site-packages"]\n    node_venv_lib_python3_12_site-packages --> node_venv_lib_python3_12_site-packages_PyQt6["PyQt6"]\n    node_venv_lib_python3_12_site-packages_PyQt6 --> node_venv_lib_python3_12_site-packages_PyQt6_Qt6["Qt6"]\n    node_venv_lib_python3_12_site-packages_PyQt6_Qt6 --> node_venv_lib_python3_12_site-packages_PyQt6_Qt6_lib["lib"]\n    node_venv_lib_python3_12_site-packages_PyQt6_Qt6_lib --> node_venv_lib_python3_12_site-packages_PyQt6_Qt6_lib_libavcodec_61_dylib["libavcodec.61.dylib"]\n    Root --> node_venv["venv"]\n    node_venv --> node_venv_lib["lib"]\n    node_venv_lib --> node_venv_lib_python3_12["python3.12"]\n    node_venv_lib_python3_12 --> node_venv_lib_python3_12_site-packages["site-packages"]\n    node_venv_lib_python3_12_site-packages --> node_venv_lib_python3_12_site-packages_PyQt6["PyQt6"]\n    node_venv_lib_python3_12_site-packages_PyQt6 --> node_venv_lib_python3_12_site-packages_PyQt6_Qt6["Qt6"]\n    node_venv_lib_python3_12_site-packages_PyQt6_Qt6 --> node_venv_lib_python3_12_site-packages_PyQt6_Qt6_lib["lib"]\n    node_venv_lib_python3_12_site-packages_PyQt6_Qt6_lib --> node_venv_lib_python3_12_site-packages_PyQt6_Qt6_lib_libavformat_61_dylib["libavformat.61.dylib"]\n    Root --> node_venv["venv"]\n    node_venv --> node_venv_lib["lib"]\n    node_venv_lib --> node_venv_lib_python3_12["python3.12"]\n    node_venv_lib_python3_12 --> node_venv_lib_python3_12_site-packages["site-packages"]\n    node_venv_lib_python3_12_site-packages --> node_venv_lib_python3_12_site-packages_PyQt6["PyQt6"]\n    node_venv_lib_python3_12_site-packages_PyQt6 --> node_venv_lib_python3_12_site-packages_PyQt6_Qt6["Qt6"]\n    node_venv_lib_python3_12_site-packages_PyQt6_Qt6 --> node_venv_lib_python3_12_site-packages_PyQt6_Qt6_lib["lib"]\n    node_venv_lib_python3_12_site-packages_PyQt6_Qt6_lib --> node_venv_lib_python3_12_site-packages_PyQt6_Qt6_lib_libavutil_59_dylib["libavutil.59.dylib"]\n    Root --> node_venv["venv"]\n    node_venv --> node_venv_lib["lib"]\n    node_venv_lib --> node_venv_lib_python3_12["python3.12"]\n    node_venv_lib_python3_12 --> node_venv_lib_python3_12_site-packages["site-packages"]\n    node_venv_lib_python3_12_site-packages --> node_venv_lib_python3_12_site-packages_PyQt6["PyQt6"]\n    node_venv_lib_python3_12_site-packages_PyQt6 --> node_venv_lib_python3_12_site-packages_PyQt6_Qt6["Qt6"]\n    node_venv_lib_python3_12_site-packages_PyQt6_Qt6 --> node_venv_lib_python3_12_site-packages_PyQt6_Qt6_lib["lib"]\n    node_venv_lib_python3_12_site-packages_PyQt6_Qt6_lib --> node_venv_lib_python3_12_site-packages_PyQt6_Qt6_lib_libswresample_5_dylib["libswresample.5.dylib"]\n    Root --> node_venv["venv"]\n    node_venv --> node_venv_lib["lib"]\n    node_venv_lib --> node_venv_lib_python3_12["python3.12"]\n    node_venv_lib_python3_12 --> node_venv_lib_python3_12_site-packages["site-packages"]\n    node_venv_lib_python3_12_site-packages --> node_venv_lib_python3_12_site-packages_PyQt6["PyQt6"]\n    node_venv_lib_python3_12_site-packages_PyQt6 --> node_venv_lib_python3_12_site-packages_PyQt6_Qt6["Qt6"]\n    node_venv_lib_python3_12_site-packages_PyQt6_Qt6 --> node_venv_lib_python3_12_site-packages_PyQt6_Qt6_lib["lib"]\n    node_venv_lib_python3_12_site-packages_PyQt6_Qt6_lib --> node_venv_lib_python3_12_site-packages_PyQt6_Qt6_lib_libswscale_8_dylib["libswscale.8.dylib"]\n    Root --> node_venv["venv"]\n    node_venv --> node_venv_lib["lib"]\n    node_venv_lib --> node_venv_lib_python3_12["python3.12"]\n    node_venv_lib_python3_12 --> node_venv_lib_python3_12_site-packages["site-packages"]\n    node_venv_lib_python3_12_site-packages --> node_venv_lib_python3_12_site-packages_PyQt6["PyQt6"]\n    node_venv_lib_python3_12_site-packages_PyQt6 --> node_venv_lib_python3_12_site-packages_PyQt6_Qt6["Qt6"]\n    node_venv_lib_python3_12_site-packages_PyQt6_Qt6 --> node_venv_lib_python3_12_site-packages_PyQt6_Qt6_lib["lib"]\n    node_venv_lib_python3_12_site-packages_PyQt6_Qt6_lib --> node_venv_lib_python3_12_site-packages_PyQt6_Qt6_lib_QtMultimediaQuick_framework["QtMultimediaQuick.framework"]\n    node_venv_lib_python3_12_site-packages_PyQt6_Qt6_lib_QtMultimediaQuick_framework --> node_venv_lib_python3_12_site-packages_PyQt6_Qt6_lib_QtMultimediaQuick_framework_Resources["Resources"]\n    node_venv_lib_python3_12_site-packages_PyQt6_Qt6_lib_QtMultimediaQuick_framework_Resources --> node_venv_lib_python3_12_site-packages_PyQt6_Qt6_lib_QtMultimediaQuick_framework_Resources_Info_plist["Info.plist"]\n    Root --> node_venv["venv"]\n    node_venv --> node_venv_lib["lib"]\n    node_venv_lib --> node_venv_lib_python3_12["python3.12"]\n    node_venv_lib_python3_12 --> node_venv_lib_python3_12_site-packages["site-packages"]\n    node_venv_lib_python3_12_site-packages --> node_venv_lib_python3_12_site-packages_PyQt6["PyQt6"]\n    node_venv_lib_python3_12_site-packages_PyQt6 --> node_venv_lib_python3_12_site-packages_PyQt6_Qt6["Qt6"]\n    node_venv_lib_python3_12_site-packages_PyQt6_Qt6 --> node_venv_lib_python3_12_site-packages_PyQt6_Qt6_lib["lib"]\n    node_venv_lib_python3_12_site-packages_PyQt6_Qt6_lib --> node_venv_lib_python3_12_site-packages_PyQt6_Qt6_lib_QtMultimediaQuick_framework["QtMultimediaQuick.framework"]\n    node_venv_lib_python3_12_site-packages_PyQt6_Qt6_lib_QtMultimediaQuick_framework --> node_venv_lib_python3_12_site-packages_PyQt6_Qt6_lib_QtMultimediaQuick_framework_Resources["Resources"]\n    node_venv_lib_python3_12_site-packages_PyQt6_Qt6_lib_QtMultimediaQuick_framework_Resources --> node_venv_lib_python3_12_site-packages_PyQt6_Qt6_lib_QtMultimediaQuick_framework_Resources_PrivacyInfo_xcprivacy["PrivacyInfo.xcprivacy"]\n    Root --> node_venv["venv"]\n    node_venv --> node_venv_lib["lib"]\n    node_venv_lib --> node_venv_lib_python3_12["python3.12"]\n    node_venv_lib_python3_12 --> node_venv_lib_python3_12_site-packages["site-packages"]\n    node_venv_lib_python3_12_site-packages --> node_venv_lib_python3_12_site-packages_PyQt6["PyQt6"]\n    node_venv_lib_python3_12_site-packages_PyQt6 --> node_venv_lib_python3_12_site-packages_PyQt6_Qt6["Qt6"]\n    node_venv_lib_python3_12_site-packages_PyQt6_Qt6 --> node_venv_lib_python3_12_site-packages_PyQt6_Qt6_lib["lib"]\n    node_venv_lib_python3_12_site-packages_PyQt6_Qt6_lib --> node_venv_lib_python3_12_site-packages_PyQt6_Qt6_lib_QtMultimediaQuick_framework["QtMultimediaQuick.framework"]\n    node_venv_lib_python3_12_site-packages_PyQt6_Qt6_lib_QtMultimediaQuick_framework --> node_venv_lib_python3_12_site-packages_PyQt6_Qt6_lib_QtMultimediaQuick_framework_Versions["Versions"]\n    node_venv_lib_python3_12_site-packages_PyQt6_Qt6_lib_QtMultimediaQuick_framework_Versions --> node_venv_lib_python3_12_site-packages_PyQt6_Qt6_lib_QtMultimediaQuick_framework_Versions_A["A"]\n    node_venv_lib_python3_12_site-packages_PyQt6_Qt6_lib_QtMultimediaQuick_framework_Versions_A --> node_venv_lib_python3_12_site-packages_PyQt6_Qt6_lib_QtMultimediaQuick_framework_Versions_A_QtMultimediaQuick["QtMultimediaQuick"]\n    Root --> node_venv["venv"]\n    node_venv --> node_venv_lib["lib"]\n    node_venv_lib --> node_venv_lib_python3_12["python3.12"]\n    node_venv_lib_python3_12 --> node_venv_lib_python3_12_site-packages["site-packages"]\n    node_venv_lib_python3_12_site-packages --> node_venv_lib_python3_12_site-packages_PyQt6["PyQt6"]\n    node_venv_lib_python3_12_site-packages_PyQt6 --> node_venv_lib_python3_12_site-packages_PyQt6_Qt6["Qt6"]\n    node_venv_lib_python3_12_site-packages_PyQt6_Qt6 --> node_venv_lib_python3_12_site-packages_PyQt6_Qt6_lib["lib"]\n    node_venv_lib_python3_12_site-packages_PyQt6_Qt6_lib --> node_venv_lib_python3_12_site-packages_PyQt6_Qt6_lib_QtLabsPlatform_framework["QtLabsPlatform.framework"]\n    node_venv_lib_python3_12_site-packages_PyQt6_Qt6_lib_QtLabsPlatform_framework --> node_venv_lib_python3_12_site-packages_PyQt6_Qt6_lib_QtLabsPlatform_framework_Resources["Resources"]\n    node_venv_lib_python3_12_site-packages_PyQt6_Qt6_lib_QtLabsPlatform_framework_Resources --> node_venv_lib_python3_12_site-packages_PyQt6_Qt6_lib_QtLabsPlatform_framework_Resources_Info_plist["Info.plist"]\n    Root --> node_venv["venv"]\n    node_venv --> node_venv_lib["lib"]\n    node_venv_lib --> node_venv_lib_python3_12["python3.12"]\n    node_venv_lib_python3_12 --> node_venv_lib_python3_12_site-packages["site-packages"]\n    node_venv_lib_python3_12_site-packages --> node_venv_lib_python3_12_site-packages_PyQt6["PyQt6"]\n    node_venv_lib_python3_12_site-packages_PyQt6 --> node_venv_lib_python3_12_site-packages_PyQt6_Qt6["Qt6"]\n    node_venv_lib_python3_12_site-packages_PyQt6_Qt6 --> node_venv_lib_python3_12_site-packages_PyQt6_Qt6_lib["lib"]\n    node_venv_lib_python3_12_site-packages_PyQt6_Qt6_lib --> node_venv_lib_python3_12_site-packages_PyQt6_Qt6_lib_QtLabsPlatform_framework["QtLabsPlatform.framework"]\n    node_venv_lib_python3_12_site-packages_PyQt6_Qt6_lib_QtLabsPlatform_framework --> node_venv_lib_python3_12_site-packages_PyQt6_Qt6_lib_QtLabsPlatform_framework_Resources["Resources"]\n    node_venv_lib_python3_12_site-packages_PyQt6_Qt6_lib_QtLabsPlatform_framework_Resources --> node_venv_lib_python3_12_site-packages_PyQt6_Qt6_lib_QtLabsPlatform_framework_Resources_PrivacyInfo_xcprivacy["PrivacyInfo.xcprivacy"]\n    Root --> node_venv["venv"]\n    node_venv --> node_venv_lib["lib"]\n    node_venv_lib --> node_venv_lib_python3_12["python3.12"]\n    node_venv_lib_python3_12 --> node_venv_lib_python3_12_site-packages["site-packages"]\n    node_venv_lib_python3_12_site-packages --> node_venv_lib_python3_12_site-packages_PyQt6["PyQt6"]\n    node_venv_lib_python3_12_site-packages_PyQt6 --> node_venv_lib_python3_12_site-packages_PyQt6_Qt6["Qt6"]\n    node_venv_lib_python3_12_site-packages_PyQt6_Qt6 --> node_venv_lib_python3_12_site-packages_PyQt6_Qt6_lib["lib"]\n    node_venv_lib_python3_12_site-packages_PyQt6_Qt6_lib --> node_venv_lib_python3_12_site-packages_PyQt6_Qt6_lib_QtLabsPlatform_framework["QtLabsPlatform.framework"]\n    node_venv_lib_python3_12_site-packages_PyQt6_Qt6_lib_QtLabsPlatform_framework --> node_venv_lib_python3_12_site-packages_PyQt6_Qt6_lib_QtLabsPlatform_framework_Versions["Versions"]\n    node_venv_lib_python3_12_site-packages_PyQt6_Qt6_lib_QtLabsPlatform_framework_Versions --> node_venv_lib_python3_12_site-packages_PyQt6_Qt6_lib_QtLabsPlatform_framework_Versions_A["A"]\n    node_venv_lib_python3_12_site-packages_PyQt6_Qt6_lib_QtLabsPlatform_framework_Versions_A --> node_venv_lib_python3_12_site-packages_PyQt6_Qt6_lib_QtLabsPlatform_framework_Versions_A_QtLabsPlatform["QtLabsPlatform"]\n    Root --> node_venv["venv"]\n    node_venv --> node_venv_lib["lib"]\n    node_venv_lib --> node_venv_lib_python3_12["python3.12"]\n    node_venv_lib_python3_12 --> node_venv_lib_python3_12_site-packages["site-packages"]\n    node_venv_lib_python3_12_site-packages --> node_venv_lib_python3_12_site-packages_PyQt6["PyQt6"]\n    node_venv_lib_python3_12_site-packages_PyQt6 --> node_venv_lib_python3_12_site-packages_PyQt6_Qt6["Qt6"]\n    node_venv_lib_python3_12_site-packages_PyQt6_Qt6 --> node_venv_lib_python3_12_site-packages_PyQt6_Qt6_lib["lib"]\n    node_venv_lib_python3_12_site-packages_PyQt6_Qt6_lib --> node_venv_lib_python3_12_site-packages_PyQt6_Qt6_lib_QtQuickTimeline_framework["QtQuickTimeline.framework"]\n    node_venv_lib_python3_12_site-packages_PyQt6_Qt6_lib_QtQuickTimeline_framework --> node_venv_lib_python3_12_site-packages_PyQt6_Qt6_lib_QtQuickTimeline_framework_Resources["Resources"]\n    node_venv_lib_python3_12_site-packages_PyQt6_Qt6_lib_QtQuickTimeline_framework_Resources --> node_venv_lib_python3_12_site-packages_PyQt6_Qt6_lib_QtQuickTimeline_framework_Resources_Info_plist["Info.plist"]\n    Root --> node_venv["venv"]\n    node_venv --> node_venv_lib["lib"]\n    node_venv_lib --> node_venv_lib_python3_12["python3.12"]\n    node_venv_lib_python3_12 --> node_venv_lib_python3_12_site-packages["site-packages"]\n    node_venv_lib_python3_12_site-packages --> node_venv_lib_python3_12_site-packages_PyQt6["PyQt6"]\n    node_venv_lib_python3_12_site-packages_PyQt6 --> node_venv_lib_python3_12_site-packages_PyQt6_Qt6["Qt6"]\n    node_venv_lib_python3_12_site-packages_PyQt6_Qt6 --> node_venv_lib_python3_12_site-packages_PyQt6_Qt6_lib["lib"]\n    node_venv_lib_python3_12_site-packages_PyQt6_Qt6_lib --> node_venv_lib_python3_12_site-packages_PyQt6_Qt6_lib_QtQuickTimeline_framework["QtQuickTimeline.framework"]\n    node_venv_lib_python3_12_site-packages_PyQt6_Qt6_lib_QtQuickTimeline_framework --> node_venv_lib_python3_12_site-packages_PyQt6_Qt6_lib_QtQuickTimeline_framework_Resources["Resources"]\n    node_venv_lib_python3_12_site-packages_PyQt6_Qt6_lib_QtQuickTimeline_framework_Resources --> node_venv_lib_python3_12_site-packages_PyQt6_Qt6_lib_QtQuickTimeline_framework_Resources_PrivacyInfo_xcprivacy["PrivacyInfo.xcprivacy"]\n    Root --> node_venv["venv"]\n    node_venv --> node_venv_lib["lib"]\n    node_venv_lib --> node_venv_lib_python3_12["python3.12"]\n    node_venv_lib_python3_12 --> node_venv_lib_python3_12_site-packages["site-packages"]\n    node_venv_lib_python3_12_site-packages --> node_venv_lib_python3_12_site-packages_PyQt6["PyQt6"]\n    node_venv_lib_python3_12_site-packages_PyQt6 --> node_venv_lib_python3_12_site-packages_PyQt6_Qt6["Qt6"]\n    node_venv_lib_python3_12_site-packages_PyQt6_Qt6 --> node_venv_lib_python3_12_site-packages_PyQt6_Qt6_lib["lib"]\n    node_venv_lib_python3_12_site-packages_PyQt6_Qt6_lib --> node_venv_lib_python3_12_site-packages_PyQt6_Qt6_lib_QtQuickTimeline_framework["QtQuickTimeline.framework"]\n    node_venv_lib_python3_12_site-packages_PyQt6_Qt6_lib_QtQuickTimeline_framework --> node_venv_lib_python3_12_site-packages_PyQt6_Qt6_lib_QtQuickTimeline_framework_Versions["Versions"]\n    node_venv_lib_python3_12_site-packages_PyQt6_Qt6_lib_QtQuickTimeline_framework_Versions --> node_venv_lib_python3_12_site-packages_PyQt6_Qt6_lib_QtQuickTimeline_framework_Versions_A["A"]\n    node_venv_lib_python3_12_site-packages_PyQt6_Qt6_lib_QtQuickTimeline_framework_Versions_A --> node_venv_lib_python3_12_site-packages_PyQt6_Qt6_lib_QtQuickTimeline_framework_Versions_A_QtQuickTimeline["QtQuickTimeline"]\n    Root --> node_venv["venv"]\n    node_venv --> node_venv_lib["lib"]\n    node_venv_lib --> node_venv_lib_python3_12["python3.12"]\n    node_venv_lib_python3_12 --> node_venv_lib_python3_12_site-packages["site-packages"]\n    node_venv_lib_python3_12_site-packages --> node_venv_lib_python3_12_site-packages_PyQt6["PyQt6"]\n    node_venv_lib_python3_12_site-packages_PyQt6 --> node_venv_lib_python3_12_site-packages_PyQt6_Qt6["Qt6"]\n    node_venv_lib_python3_12_site-packages_PyQt6_Qt6 --> node_venv_lib_python3_12_site-packages_PyQt6_Qt6_lib["lib"]\n    node_venv_lib_python3_12_site-packages_PyQt6_Qt6_lib --> node_venv_lib_python3_12_site-packages_PyQt6_Qt6_lib_QtQuick3DXr_framework["QtQuick3DXr.framework"]\n    node_venv_lib_python3_12_site-packages_PyQt6_Qt6_lib_QtQuick3DXr_framework --> node_venv_lib_python3_12_site-packages_PyQt6_Qt6_lib_QtQuick3DXr_framework_Resources["Resources"]\n    node_venv_lib_python3_12_site-packages_PyQt6_Qt6_lib_QtQuick3DXr_framework_Resources --> node_venv_lib_python3_12_site-packages_PyQt6_Qt6_lib_QtQuick3DXr_framework_Resources_Info_plist["Info.plist"]\n    Root --> node_venv["venv"]\n    node_venv --> node_venv_lib["lib"]\n    node_venv_lib --> node_venv_lib_python3_12["python3.12"]\n    node_venv_lib_python3_12 --> node_venv_lib_python3_12_site-packages["site-packages"]\n    node_venv_lib_python3_12_site-packages --> node_venv_lib_python3_12_site-packages_PyQt6["PyQt6"]\n    node_venv_lib_python3_12_site-packages_PyQt6 --> node_venv_lib_python3_12_site-packages_PyQt6_Qt6["Qt6"]\n    node_venv_lib_python3_12_site-packages_PyQt6_Qt6 --> node_venv_lib_python3_12_site-packages_PyQt6_Qt6_lib["lib"]\n    node_venv_lib_python3_12_site-packages_PyQt6_Qt6_lib --> node_venv_lib_python3_12_site-packages_PyQt6_Qt6_lib_QtQuick3DXr_framework["QtQuick3DXr.framework"]\n    node_venv_lib_python3_12_site-packages_PyQt6_Qt6_lib_QtQuick3DXr_framework --> node_venv_lib_python3_12_site-packages_PyQt6_Qt6_lib_QtQuick3DXr_framework_Resources["Resources"]\n    node_venv_lib_python3_12_site-packages_PyQt6_Qt6_lib_QtQuick3DXr_framework_Resources --> node_venv_lib_python3_12_site-packages_PyQt6_Qt6_lib_QtQuick3DXr_framework_Resources_PrivacyInfo_xcprivacy["PrivacyInfo.xcprivacy"]\n    Root --> node_venv["venv"]\n    node_venv --> node_venv_lib["lib"]\n    node_venv_lib --> node_venv_lib_python3_12["python3.12"]\n    node_venv_lib_python3_12 --> node_venv_lib_python3_12_site-packages["site-packages"]\n    node_venv_lib_python3_12_site-packages --> node_venv_lib_python3_12_site-packages_PyQt6["PyQt6"]\n    node_venv_lib_python3_12_site-packages_PyQt6 --> node_venv_lib_python3_12_site-packages_PyQt6_Qt6["Qt6"]\n    node_venv_lib_python3_12_site-packages_PyQt6_Qt6 --> node_venv_lib_python3_12_site-packages_PyQt6_Qt6_lib["lib"]\n    node_venv_lib_python3_12_site-packages_PyQt6_Qt6_lib --> node_venv_lib_python3_12_site-packages_PyQt6_Qt6_lib_QtQuick3DXr_framework["QtQuick3DXr.framework"]\n    node_venv_lib_python3_12_site-packages_PyQt6_Qt6_lib_QtQuick3DXr_framework --> node_venv_lib_python3_12_site-packages_PyQt6_Qt6_lib_QtQuick3DXr_framework_Versions["Versions"]\n    node_venv_lib_python3_12_site-packages_PyQt6_Qt6_lib_QtQuick3DXr_framework_Versions --> node_venv_lib_python3_12_site-packages_PyQt6_Qt6_lib_QtQuick3DXr_framework_Versions_A["A"]\n    node_venv_lib_python3_12_site-packages_PyQt6_Qt6_lib_QtQuick3DXr_framework_Versions_A --> node_venv_lib_python3_12_site-packages_PyQt6_Qt6_lib_QtQuick3DXr_framework_Versions_A_QtQuick3DXr["QtQuick3DXr"]\n    Root --> node_venv["venv"]\n    node_venv --> node_venv_lib["lib"]\n    node_venv_lib --> node_venv_lib_python3_12["python3.12"]\n    node_venv_lib_python3_12 --> node_venv_lib_python3_12_site-packages["site-packages"]\n    node_venv_lib_python3_12_site-packages --> node_venv_lib_python3_12_site-packages_PyQt6["PyQt6"]\n    node_venv_lib_python3_12_site-packages_PyQt6 --> node_venv_lib_python3_12_site-packages_PyQt6_Qt6["Qt6"]\n    node_venv_lib_python3_12_site-packages_PyQt6_Qt6 --> node_venv_lib_python3_12_site-packages_PyQt6_Qt6_lib["lib"]\n    node_venv_lib_python3_12_site-packages_PyQt6_Qt6_lib --> node_venv_lib_python3_12_site-packages_PyQt6_Qt6_lib_QtQuickControls2_framework["QtQuickControls2.framework"]\n    node_venv_lib_python3_12_site-packages_PyQt6_Qt6_lib_QtQuickControls2_framework --> node_venv_lib_python3_12_site-packages_PyQt6_Qt6_lib_QtQuickControls2_framework_Resources["Resources"]\n    node_venv_lib_python3_12_site-packages_PyQt6_Qt6_lib_QtQuickControls2_framework_Resources --> node_venv_lib_python3_12_site-packages_PyQt6_Qt6_lib_QtQuickControls2_framework_Resources_Info_plist["Info.plist"]\n    Root --> node_venv["venv"]\n    node_venv --> node_venv_lib["lib"]\n    node_venv_lib --> node_venv_lib_python3_12["python3.12"]\n    node_venv_lib_python3_12 --> node_venv_lib_python3_12_site-packages["site-packages"]\n    node_venv_lib_python3_12_site-packages --> node_venv_lib_python3_12_site-packages_PyQt6["PyQt6"]\n    node_venv_lib_python3_12_site-packages_PyQt6 --> node_venv_lib_python3_12_site-packages_PyQt6_Qt6["Qt6"]\n    node_venv_lib_python3_12_site-packages_PyQt6_Qt6 --> node_venv_lib_python3_12_site-packages_PyQt6_Qt6_lib["lib"]\n    node_venv_lib_python3_12_site-packages_PyQt6_Qt6_lib --> node_venv_lib_python3_12_site-packages_PyQt6_Qt6_lib_QtQuickControls2_framework["QtQuickControls2.framework"]\n    node_venv_lib_python3_12_site-packages_PyQt6_Qt6_lib_QtQuickControls2_framework --> node_venv_lib_python3_12_site-packages_PyQt6_Qt6_lib_QtQuickControls2_framework_Resources["Resources"]\n    node_venv_lib_python3_12_site-packages_PyQt6_Qt6_lib_QtQuickControls2_framework_Resources --> node_venv_lib_python3_12_site-packages_PyQt6_Qt6_lib_QtQuickControls2_framework_Resources_PrivacyInfo_xcprivacy["PrivacyInfo.xcprivacy"]\n    Root --> node_venv["venv"]\n    node_venv --> node_venv_lib["lib"]\n    node_venv_lib --> node_venv_lib_python3_12["python3.12"]\n    node_venv_lib_python3_12 --> node_venv_lib_python3_12_site-packages["site-packages"]\n    node_venv_lib_python3_12_site-packages --> node_venv_lib_python3_12_site-packages_PyQt6["PyQt6"]\n    node_venv_lib_python3_12_site-packages_PyQt6 --> node_venv_lib_python3_12_site-packages_PyQt6_Qt6["Qt6"]\n    node_venv_lib_python3_12_site-packages_PyQt6_Qt6 --> node_venv_lib_python3_12_site-packages_PyQt6_Qt6_lib["lib"]\n    node_venv_lib_python3_12_site-packages_PyQt6_Qt6_lib --> node_venv_lib_python3_12_site-packages_PyQt6_Qt6_lib_QtQuickControls2_framework["QtQuickControls2.framework"]\n    node_venv_lib_python3_12_site-packages_PyQt6_Qt6_lib_QtQuickControls2_framework --> node_venv_lib_python3_12_site-packages_PyQt6_Qt6_lib_QtQuickControls2_framework_Versions["Versions"]\n    node_venv_lib_python3_12_site-packages_PyQt6_Qt6_lib_QtQuickControls2_framework_Versions --> node_venv_lib_python3_12_site-packages_PyQt6_Qt6_lib_QtQuickControls2_framework_Versions_A["A"]\n    node_venv_lib_python3_12_site-packages_PyQt6_Qt6_lib_QtQuickControls2_framework_Versions_A --> node_venv_lib_python3_12_site-packages_PyQt6_Qt6_lib_QtQuickControls2_framework_Versions_A_QtQuickControls2["QtQuickControls2"]\n    Root --> node_venv["venv"]\n    node_venv --> node_venv_lib["lib"]\n    node_venv_lib --> node_venv_lib_python3_12["python3.12"]\n    node_venv_lib_python3_12 --> node_venv_lib_python3_12_site-packages["site-packages"]\n    node_venv_lib_python3_12_site-packages --> node_venv_lib_python3_12_site-packages_PyQt6["PyQt6"]\n    node_venv_lib_python3_12_site-packages_PyQt6 --> node_venv_lib_python3_12_site-packages_PyQt6_Qt6["Qt6"]\n    node_venv_lib_python3_12_site-packages_PyQt6_Qt6 --> node_venv_lib_python3_12_site-packages_PyQt6_Qt6_lib["lib"]\n    node_venv_lib_python3_12_site-packages_PyQt6_Qt6_lib --> node_venv_lib_python3_12_site-packages_PyQt6_Qt6_lib_QtQuickParticles_framework["QtQuickParticles.framework"]\n    node_venv_lib_python3_12_site-packages_PyQt6_Qt6_lib_QtQuickParticles_framework --> node_venv_lib_python3_12_site-packages_PyQt6_Qt6_lib_QtQuickParticles_framework_Resources["Resources"]\n    node_venv_lib_python3_12_site-packages_PyQt6_Qt6_lib_QtQuickParticles_framework_Resources --> node_venv_lib_python3_12_site-packages_PyQt6_Qt6_lib_QtQuickParticles_framework_Resources_Info_plist["Info.plist"]\n    Root --> node_venv["venv"]\n    node_venv --> node_venv_lib["lib"]\n    node_venv_lib --> node_venv_lib_python3_12["python3.12"]\n    node_venv_lib_python3_12 --> node_venv_lib_python3_12_site-packages["site-packages"]\n    node_venv_lib_python3_12_site-packages --> node_venv_lib_python3_12_site-packages_PyQt6["PyQt6"]\n    node_venv_lib_python3_12_site-packages_PyQt6 --> node_venv_lib_python3_12_site-packages_PyQt6_Qt6["Qt6"]\n    node_venv_lib_python3_12_site-packages_PyQt6_Qt6 --> node_venv_lib_python3_12_site-packages_PyQt6_Qt6_lib["lib"]\n    node_venv_lib_python3_12_site-packages_PyQt6_Qt6_lib --> node_venv_lib_python3_12_site-packages_PyQt6_Qt6_lib_QtQuickParticles_framework["QtQuickParticles.framework"]\n    node_venv_lib_python3_12_site-packages_PyQt6_Qt6_lib_QtQuickParticles_framework --> node_venv_lib_python3_12_site-packages_PyQt6_Qt6_lib_QtQuickParticles_framework_Resources["Resources"]\n    node_venv_lib_python3_12_site-packages_PyQt6_Qt6_lib_QtQuickParticles_framework_Resources --> node_venv_lib_python3_12_site-packages_PyQt6_Qt6_lib_QtQuickParticles_framework_Resources_PrivacyInfo_xcprivacy["PrivacyInfo.xcprivacy"]\n    Root --> node_venv["venv"]\n    node_venv --> node_venv_lib["lib"]\n    node_venv_lib --> node_venv_lib_python3_12["python3.12"]\n    node_venv_lib_python3_12 --> node_venv_lib_python3_12_site-packages["site-packages"]\n    node_venv_lib_python3_12_site-packages --> node_venv_lib_python3_12_site-packages_PyQt6["PyQt6"]\n    node_venv_lib_python3_12_site-packages_PyQt6 --> node_venv_lib_python3_12_site-packages_PyQt6_Qt6["Qt6"]\n    node_venv_lib_python3_12_site-packages_PyQt6_Qt6 --> node_venv_lib_python3_12_site-packages_PyQt6_Qt6_lib["lib"]\n    node_venv_lib_python3_12_site-packages_PyQt6_Qt6_lib --> node_venv_lib_python3_12_site-packages_PyQt6_Qt6_lib_QtQuickParticles_framework["QtQuickParticles.framework"]\n    node_venv_lib_python3_12_site-packages_PyQt6_Qt6_lib_QtQuickParticles_framework --> node_venv_lib_python3_12_site-packages_PyQt6_Qt6_lib_QtQuickParticles_framework_Versions["Versions"]\n    node_venv_lib_python3_12_site-packages_PyQt6_Qt6_lib_QtQuickParticles_framework_Versions --> node_venv_lib_python3_12_site-packages_PyQt6_Qt6_lib_QtQuickParticles_framework_Versions_A["A"]\n    node_venv_lib_python3_12_site-packages_PyQt6_Qt6_lib_QtQuickParticles_framework_Versions_A --> node_venv_lib_python3_12_site-packages_PyQt6_Qt6_lib_QtQuickParticles_framework_Versions_A_QtQuickParticles["QtQuickParticles"]\n    Root --> node_venv["venv"]\n    node_venv --> node_venv_lib["lib"]\n    node_venv_lib --> node_venv_lib_python3_12["python3.12"]\n    node_venv_lib_python3_12 --> node_venv_lib_python3_12_site-packages["site-packages"]\n    node_venv_lib_python3_12_site-packages --> node_venv_lib_python3_12_site-packages_PyQt6["PyQt6"]\n    node_venv_lib_python3_12_site-packages_PyQt6 --> node_venv_lib_python3_12_site-packages_PyQt6_Qt6["Qt6"]\n    node_venv_lib_python3_12_site-packages_PyQt6_Qt6 --> node_venv_lib_python3_12_site-packages_PyQt6_Qt6_lib["lib"]\n    node_venv_lib_python3_12_site-packages_PyQt6_Qt6_lib --> node_venv_lib_python3_12_site-packages_PyQt6_Qt6_lib_QtRemoteObjects_framework["QtRemoteObjects.framework"]\n    node_venv_lib_python3_12_site-packages_PyQt6_Qt6_lib_QtRemoteObjects_framework --> node_venv_lib_python3_12_site-packages_PyQt6_Qt6_lib_QtRemoteObjects_framework_Resources["Resources"]\n    node_venv_lib_python3_12_site-packages_PyQt6_Qt6_lib_QtRemoteObjects_framework_Resources --> node_venv_lib_python3_12_site-packages_PyQt6_Qt6_lib_QtRemoteObjects_framework_Resources_Info_plist["Info.plist"]\n    Root --> node_venv["venv"]\n    node_venv --> node_venv_lib["lib"]\n    node_venv_lib --> node_venv_lib_python3_12["python3.12"]\n    node_venv_lib_python3_12 --> node_venv_lib_python3_12_site-packages["site-packages"]\n    node_venv_lib_python3_12_site-packages --> node_venv_lib_python3_12_site-packages_PyQt6["PyQt6"]\n    node_venv_lib_python3_12_site-packages_PyQt6 --> node_venv_lib_python3_12_site-packages_PyQt6_Qt6["Qt6"]\n    node_venv_lib_python3_12_site-packages_PyQt6_Qt6 --> node_venv_lib_python3_12_site-packages_PyQt6_Qt6_lib["lib"]\n    node_venv_lib_python3_12_site-packages_PyQt6_Qt6_lib --> node_venv_lib_python3_12_site-packages_PyQt6_Qt6_lib_QtRemoteObjects_framework["QtRemoteObjects.framework"]\n    node_venv_lib_python3_12_site-packages_PyQt6_Qt6_lib_QtRemoteObjects_framework --> node_venv_lib_python3_12_site-packages_PyQt6_Qt6_lib_QtRemoteObjects_framework_Resources["Resources"]\n    node_venv_lib_python3_12_site-packages_PyQt6_Qt6_lib_QtRemoteObjects_framework_Resources --> node_venv_lib_python3_12_site-packages_PyQt6_Qt6_lib_QtRemoteObjects_framework_Resources_PrivacyInfo_xcprivacy["PrivacyInfo.xcprivacy"]\n    Root --> node_venv["venv"]\n    node_venv --> node_venv_lib["lib"]\n    node_venv_lib --> node_venv_lib_python3_12["python3.12"]\n    node_venv_lib_python3_12 --> node_venv_lib_python3_12_site-packages["site-packages"]\n    node_venv_lib_python3_12_site-packages --> node_venv_lib_python3_12_site-packages_PyQt6["PyQt6"]\n    node_venv_lib_python3_12_site-packages_PyQt6 --> node_venv_lib_python3_12_site-packages_PyQt6_Qt6["Qt6"]\n    node_venv_lib_python3_12_site-packages_PyQt6_Qt6 --> node_venv_lib_python3_12_site-packages_PyQt6_Qt6_lib["lib"]\n    node_venv_lib_python3_12_site-packages_PyQt6_Qt6_lib --> node_venv_lib_python3_12_site-packages_PyQt6_Qt6_lib_QtRemoteObjects_framework["QtRemoteObjects.framework"]\n    node_venv_lib_python3_12_site-packages_PyQt6_Qt6_lib_QtRemoteObjects_framework --> node_venv_lib_python3_12_site-packages_PyQt6_Qt6_lib_QtRemoteObjects_framework_Versions["Versions"]\n    node_venv_lib_python3_12_site-packages_PyQt6_Qt6_lib_QtRemoteObjects_framework_Versions --> node_venv_lib_python3_12_site-packages_PyQt6_Qt6_lib_QtRemoteObjects_framework_Versions_A["A"]\n    node_venv_lib_python3_12_site-packages_PyQt6_Qt6_lib_QtRemoteObjects_framework_Versions_A --> node_venv_lib_python3_12_site-packages_PyQt6_Qt6_lib_QtRemoteObjects_framework_Versions_A_QtRemoteObjects["QtRemoteObjects"]\n    Root --> node_venv["venv"]\n    node_venv --> node_venv_lib["lib"]\n    node_venv_lib --> node_venv_lib_python3_12["python3.12"]\n    node_venv_lib_python3_12 --> node_venv_lib_python3_12_site-packages["site-packages"]\n    node_venv_lib_python3_12_site-packages --> node_venv_lib_python3_12_site-packages_PyQt6["PyQt6"]\n    node_venv_lib_python3_12_site-packages_PyQt6 --> node_venv_lib_python3_12_site-packages_PyQt6_Qt6["Qt6"]\n    node_venv_lib_python3_12_site-packages_PyQt6_Qt6 --> node_venv_lib_python3_12_site-packages_PyQt6_Qt6_lib["lib"]\n    node_venv_lib_python3_12_site-packages_PyQt6_Qt6_lib --> node_venv_lib_python3_12_site-packages_PyQt6_Qt6_lib_QtPdfWidgets_framework["QtPdfWidgets.framework"]\n    node_venv_lib_python3_12_site-packages_PyQt6_Qt6_lib_QtPdfWidgets_framework --> node_venv_lib_python3_12_site-packages_PyQt6_Qt6_lib_QtPdfWidgets_framework_Resources["Resources"]\n    node_venv_lib_python3_12_site-packages_PyQt6_Qt6_lib_QtPdfWidgets_framework_Resources --> node_venv_lib_python3_12_site-packages_PyQt6_Qt6_lib_QtPdfWidgets_framework_Resources_Info_plist["Info.plist"]\n    Root --> node_venv["venv"]\n    node_venv --> node_venv_lib["lib"]\n    node_venv_lib --> node_venv_lib_python3_12["python3.12"]\n    node_venv_lib_python3_12 --> node_venv_lib_python3_12_site-packages["site-packages"]\n    node_venv_lib_python3_12_site-packages --> node_venv_lib_python3_12_site-packages_PyQt6["PyQt6"]\n    node_venv_lib_python3_12_site-packages_PyQt6 --> node_venv_lib_python3_12_site-packages_PyQt6_Qt6["Qt6"]\n    node_venv_lib_python3_12_site-packages_PyQt6_Qt6 --> node_venv_lib_python3_12_site-packages_PyQt6_Qt6_lib["lib"]\n    node_venv_lib_python3_12_site-packages_PyQt6_Qt6_lib --> node_venv_lib_python3_12_site-packages_PyQt6_Qt6_lib_QtPdfWidgets_framework["QtPdfWidgets.framework"]\n    node_venv_lib_python3_12_site-packages_PyQt6_Qt6_lib_QtPdfWidgets_framework --> node_venv_lib_python3_12_site-packages_PyQt6_Qt6_lib_QtPdfWidgets_framework_Resources["Resources"]\n    node_venv_lib_python3_12_site-packages_PyQt6_Qt6_lib_QtPdfWidgets_framework_Resources --> node_venv_lib_python3_12_site-packages_PyQt6_Qt6_lib_QtPdfWidgets_framework_Resources_PrivacyInfo_xcprivacy["PrivacyInfo.xcprivacy"]\n    Root --> node_venv["venv"]\n    node_venv --> node_venv_lib["lib"]\n    node_venv_lib --> node_venv_lib_python3_12["python3.12"]\n    node_venv_lib_python3_12 --> node_venv_lib_python3_12_site-packages["site-packages"]\n    node_venv_lib_python3_12_site-packages --> node_venv_lib_python3_12_site-packages_PyQt6["PyQt6"]\n    node_venv_lib_python3_12_site-packages_PyQt6 --> node_venv_lib_python3_12_site-packages_PyQt6_Qt6["Qt6"]\n    node_venv_lib_python3_12_site-packages_PyQt6_Qt6 --> node_venv_lib_python3_12_site-packages_PyQt6_Qt6_lib["lib"]\n    node_venv_lib_python3_12_site-packages_PyQt6_Qt6_lib --> node_venv_lib_python3_12_site-packages_PyQt6_Qt6_lib_QtPdfWidgets_framework["QtPdfWidgets.framework"]\n    node_venv_lib_python3_12_site-packages_PyQt6_Qt6_lib_QtPdfWidgets_framework --> node_venv_lib_python3_12_site-packages_PyQt6_Qt6_lib_QtPdfWidgets_framework_Versions["Versions"]\n    node_venv_lib_python3_12_site-packages_PyQt6_Qt6_lib_QtPdfWidgets_framework_Versions --> node_venv_lib_python3_12_site-packages_PyQt6_Qt6_lib_QtPdfWidgets_framework_Versions_A["A"]\n    node_venv_lib_python3_12_site-packages_PyQt6_Qt6_lib_QtPdfWidgets_framework_Versions_A --> node_venv_lib_python3_12_site-packages_PyQt6_Qt6_lib_QtPdfWidgets_framework_Versions_A_QtPdfWidgets["QtPdfWidgets"]\n    Root --> node_venv["venv"]\n    node_venv --> node_venv_lib["lib"]\n    node_venv_lib --> node_venv_lib_python3_12["python3.12"]\n    node_venv_lib_python3_12 --> node_venv_lib_python3_12_site-packages["site-packages"]\n    node_venv_lib_python3_12_site-packages --> node_venv_lib_python3_12_site-packages_PyQt6["PyQt6"]\n    node_venv_lib_python3_12_site-packages_PyQt6 --> node_venv_lib_python3_12_site-packages_PyQt6_Qt6["Qt6"]\n    node_venv_lib_python3_12_site-packages_PyQt6_Qt6 --> node_venv_lib_python3_12_site-packages_PyQt6_Qt6_lib["lib"]\n    node_venv_lib_python3_12_site-packages_PyQt6_Qt6_lib --> node_venv_lib_python3_12_site-packages_PyQt6_Qt6_lib_QtQuickControls2ImagineStyleImpl_framework["QtQuickControls2ImagineStyleImpl.framework"]\n    node_venv_lib_python3_12_site-packages_PyQt6_Qt6_lib_QtQuickControls2ImagineStyleImpl_framework --> node_venv_lib_python3_12_site-packages_PyQt6_Qt6_lib_QtQuickControls2ImagineStyleImpl_framework_Resources["Resources"]\n    node_venv_lib_python3_12_site-packages_PyQt6_Qt6_lib_QtQuickControls2ImagineStyleImpl_framework_Resources --> node_venv_lib_python3_12_site-packages_PyQt6_Qt6_lib_QtQuickControls2ImagineStyleImpl_framework_Resources_Info_plist["Info.plist"]\n    Root --> node_venv["venv"]\n    node_venv --> node_venv_lib["lib"]\n    node_venv_lib --> node_venv_lib_python3_12["python3.12"]\n    node_venv_lib_python3_12 --> node_venv_lib_python3_12_site-packages["site-packages"]\n    node_venv_lib_python3_12_site-packages --> node_venv_lib_python3_12_site-packages_PyQt6["PyQt6"]\n    node_venv_lib_python3_12_site-packages_PyQt6 --> node_venv_lib_python3_12_site-packages_PyQt6_Qt6["Qt6"]\n    node_venv_lib_python3_12_site-packages_PyQt6_Qt6 --> node_venv_lib_python3_12_site-packages_PyQt6_Qt6_lib["lib"]\n    node_venv_lib_python3_12_site-packages_PyQt6_Qt6_lib --> node_venv_lib_python3_12_site-packages_PyQt6_Qt6_lib_QtQuickControls2ImagineStyleImpl_framework["QtQuickControls2ImagineStyleImpl.framework"]\n    node_venv_lib_python3_12_site-packages_PyQt6_Qt6_lib_QtQuickControls2ImagineStyleImpl_framework --> node_venv_lib_python3_12_site-packages_PyQt6_Qt6_lib_QtQuickControls2ImagineStyleImpl_framework_Resources["Resources"]\n    node_venv_lib_python3_12_site-packages_PyQt6_Qt6_lib_QtQuickControls2ImagineStyleImpl_framework_Resources --> node_venv_lib_python3_12_site-packages_PyQt6_Qt6_lib_QtQuickControls2ImagineStyleImpl_framework_Resources_PrivacyInfo_xcprivacy["PrivacyInfo.xcprivacy"]\n    Root --> node_venv["venv"]\n    node_venv --> node_venv_lib["lib"]\n    node_venv_lib --> node_venv_lib_python3_12["python3.12"]\n    node_venv_lib_python3_12 --> node_venv_lib_python3_12_site-packages["site-packages"]\n    node_venv_lib_python3_12_site-packages --> node_venv_lib_python3_12_site-packages_PyQt6["PyQt6"]\n    node_venv_lib_python3_12_site-packages_PyQt6 --> node_venv_lib_python3_12_site-packages_PyQt6_Qt6["Qt6"]\n    node_venv_lib_python3_12_site-packages_PyQt6_Qt6 --> node_venv_lib_python3_12_site-packages_PyQt6_Qt6_lib["lib"]\n    node_venv_lib_python3_12_site-packages_PyQt6_Qt6_lib --> node_venv_lib_python3_12_site-packages_PyQt6_Qt6_lib_QtQuickControls2ImagineStyleImpl_framework["QtQuickControls2ImagineStyleImpl.framework"]\n    node_venv_lib_python3_12_site-packages_PyQt6_Qt6_lib_QtQuickControls2ImagineStyleImpl_framework --> node_venv_lib_python3_12_site-packages_PyQt6_Qt6_lib_QtQuickControls2ImagineStyleImpl_framework_Versions["Versions"]\n    node_venv_lib_python3_12_site-packages_PyQt6_Qt6_lib_QtQuickControls2ImagineStyleImpl_framework_Versions --> node_venv_lib_python3_12_site-packages_PyQt6_Qt6_lib_QtQuickControls2ImagineStyleImpl_framework_Versions_A["A"]\n    node_venv_lib_python3_12_site-packages_PyQt6_Qt6_lib_QtQuickControls2ImagineStyleImpl_framework_Versions_A --> node_venv_lib_python3_12_site-packages_PyQt6_Qt6_lib_QtQuickControls2ImagineStyleImpl_framework_Versions_A_QtQuickControls2ImagineStyleImpl["QtQuickControls2ImagineStyleImpl"]\n    Root --> node_venv["venv"]\n    node_venv --> node_venv_lib["lib"]\n    node_venv_lib --> node_venv_lib_python3_12["python3.12"]\n    node_venv_lib_python3_12 --> node_venv_lib_python3_12_site-packages["site-packages"]\n    node_venv_lib_python3_12_site-packages --> node_venv_lib_python3_12_site-packages_PyQt6["PyQt6"]\n    node_venv_lib_python3_12_site-packages_PyQt6 --> node_venv_lib_python3_12_site-packages_PyQt6_Qt6["Qt6"]\n    node_venv_lib_python3_12_site-packages_PyQt6_Qt6 --> node_venv_lib_python3_12_site-packages_PyQt6_Qt6_lib["lib"]\n    node_venv_lib_python3_12_site-packages_PyQt6_Qt6_lib --> node_venv_lib_python3_12_site-packages_PyQt6_Qt6_lib_QtQuick3DAssetUtils_framework["QtQuick3DAssetUtils.framework"]\n    node_venv_lib_python3_12_site-packages_PyQt6_Qt6_lib_QtQuick3DAssetUtils_framework --> node_venv_lib_python3_12_site-packages_PyQt6_Qt6_lib_QtQuick3DAssetUtils_framework_Resources["Resources"]\n    node_venv_lib_python3_12_site-packages_PyQt6_Qt6_lib_QtQuick3DAssetUtils_framework_Resources --> node_venv_lib_python3_12_site-packages_PyQt6_Qt6_lib_QtQuick3DAssetUtils_framework_Resources_Info_plist["Info.plist"]\n    Root --> node_venv["venv"]\n    node_venv --> node_venv_lib["lib"]\n    node_venv_lib --> node_venv_lib_python3_12["python3.12"]\n    node_venv_lib_python3_12 --> node_venv_lib_python3_12_site-packages["site-packages"]\n    node_venv_lib_python3_12_site-packages --> node_venv_lib_python3_12_site-packages_PyQt6["PyQt6"]\n    node_venv_lib_python3_12_site-packages_PyQt6 --> node_venv_lib_python3_12_site-packages_PyQt6_Qt6["Qt6"]\n    node_venv_lib_python3_12_site-packages_PyQt6_Qt6 --> node_venv_lib_python3_12_site-packages_PyQt6_Qt6_lib["lib"]\n    node_venv_lib_python3_12_site-packages_PyQt6_Qt6_lib --> node_venv_lib_python3_12_site-packages_PyQt6_Qt6_lib_QtQuick3DAssetUtils_framework["QtQuick3DAssetUtils.framework"]\n    node_venv_lib_python3_12_site-packages_PyQt6_Qt6_lib_QtQuick3DAssetUtils_framework --> node_venv_lib_python3_12_site-packages_PyQt6_Qt6_lib_QtQuick3DAssetUtils_framework_Resources["Resources"]\n    node_venv_lib_python3_12_site-packages_PyQt6_Qt6_lib_QtQuick3DAssetUtils_framework_Resources --> node_venv_lib_python3_12_site-packages_PyQt6_Qt6_lib_QtQuick3DAssetUtils_framework_Resources_PrivacyInfo_xcprivacy["PrivacyInfo.xcprivacy"]\n    Root --> node_venv["venv"]\n    node_venv --> node_venv_lib["lib"]\n    node_venv_lib --> node_venv_lib_python3_12["python3.12"]\n    node_venv_lib_python3_12 --> node_venv_lib_python3_12_site-packages["site-packages"]\n    node_venv_lib_python3_12_site-packages --> node_venv_lib_python3_12_site-packages_PyQt6["PyQt6"]\n    node_venv_lib_python3_12_site-packages_PyQt6 --> node_venv_lib_python3_12_site-packages_PyQt6_Qt6["Qt6"]\n    node_venv_lib_python3_12_site-packages_PyQt6_Qt6 --> node_venv_lib_python3_12_site-packages_PyQt6_Qt6_lib["lib"]\n    node_venv_lib_python3_12_site-packages_PyQt6_Qt6_lib --> node_venv_lib_python3_12_site-packages_PyQt6_Qt6_lib_QtQuick3DAssetUtils_framework["QtQuick3DAssetUtils.framework"]\n    node_venv_lib_python3_12_site-packages_PyQt6_Qt6_lib_QtQuick3DAssetUtils_framework --> node_venv_lib_python3_12_site-packages_PyQt6_Qt6_lib_QtQuick3DAssetUtils_framework_Versions["Versions"]\n    node_venv_lib_python3_12_site-packages_PyQt6_Qt6_lib_QtQuick3DAssetUtils_framework_Versions --> node_venv_lib_python3_12_site-packages_PyQt6_Qt6_lib_QtQuick3DAssetUtils_framework_Versions_A["A"]\n    node_venv_lib_python3_12_site-packages_PyQt6_Qt6_lib_QtQuick3DAssetUtils_framework_Versions_A --> node_venv_lib_python3_12_site-packages_PyQt6_Qt6_lib_QtQuick3DAssetUtils_framework_Versions_A_QtQuick3DAssetUtils["QtQuick3DAssetUtils"]\n    Root --> node_venv["venv"]\n    node_venv --> node_venv_lib["lib"]\n    node_venv_lib --> node_venv_lib_python3_12["python3.12"]\n    node_venv_lib_python3_12 --> node_venv_lib_python3_12_site-packages["site-packages"]\n    node_venv_lib_python3_12_site-packages --> node_venv_lib_python3_12_site-packages_PyQt6["PyQt6"]\n    node_venv_lib_python3_12_site-packages_PyQt6 --> node_venv_lib_python3_12_site-packages_PyQt6_Qt6["Qt6"]\n    node_venv_lib_python3_12_site-packages_PyQt6_Qt6 --> node_venv_lib_python3_12_site-packages_PyQt6_Qt6_lib["lib"]\n    node_venv_lib_python3_12_site-packages_PyQt6_Qt6_lib --> node_venv_lib_python3_12_site-packages_PyQt6_Qt6_lib_QtQuickControls2BasicStyleImpl_framework["QtQuickControls2BasicStyleImpl.framework"]\n    node_venv_lib_python3_12_site-packages_PyQt6_Qt6_lib_QtQuickControls2BasicStyleImpl_framework --> node_venv_lib_python3_12_site-packages_PyQt6_Qt6_lib_QtQuickControls2BasicStyleImpl_framework_Resources["Resources"]\n    node_venv_lib_python3_12_site-packages_PyQt6_Qt6_lib_QtQuickControls2BasicStyleImpl_framework_Resources --> node_venv_lib_python3_12_site-packages_PyQt6_Qt6_lib_QtQuickControls2BasicStyleImpl_framework_Resources_Info_plist["Info.plist"]\n    Root --> node_venv["venv"]\n    node_venv --> node_venv_lib["lib"]\n    node_venv_lib --> node_venv_lib_python3_12["python3.12"]\n    node_venv_lib_python3_12 --> node_venv_lib_python3_12_site-packages["site-packages"]\n    node_venv_lib_python3_12_site-packages --> node_venv_lib_python3_12_site-packages_PyQt6["PyQt6"]\n    node_venv_lib_python3_12_site-packages_PyQt6 --> node_venv_lib_python3_12_site-packages_PyQt6_Qt6["Qt6"]\n    node_venv_lib_python3_12_site-packages_PyQt6_Qt6 --> node_venv_lib_python3_12_site-packages_PyQt6_Qt6_lib["lib"]\n    node_venv_lib_python3_12_site-packages_PyQt6_Qt6_lib --> node_venv_lib_python3_12_site-packages_PyQt6_Qt6_lib_QtQuickControls2BasicStyleImpl_framework["QtQuickControls2BasicStyleImpl.framework"]\n    node_venv_lib_python3_12_site-packages_PyQt6_Qt6_lib_QtQuickControls2BasicStyleImpl_framework --> node_venv_lib_python3_12_site-packages_PyQt6_Qt6_lib_QtQuickControls2BasicStyleImpl_framework_Resources["Resources"]\n    node_venv_lib_python3_12_site-packages_PyQt6_Qt6_lib_QtQuickControls2BasicStyleImpl_framework_Resources --> node_venv_lib_python3_12_site-packages_PyQt6_Qt6_lib_QtQuickControls2BasicStyleImpl_framework_Resources_PrivacyInfo_xcprivacy["PrivacyInfo.xcprivacy"]\n    Root --> node_venv["venv"]\n    node_venv --> node_venv_lib["lib"]\n    node_venv_lib --> node_venv_lib_python3_12["python3.12"]\n    node_venv_lib_python3_12 --> node_venv_lib_python3_12_site-packages["site-packages"]\n    node_venv_lib_python3_12_site-packages --> node_venv_lib_python3_12_site-packages_PyQt6["PyQt6"]\n    node_venv_lib_python3_12_site-packages_PyQt6 --> node_venv_lib_python3_12_site-packages_PyQt6_Qt6["Qt6"]\n    node_venv_lib_python3_12_site-packages_PyQt6_Qt6 --> node_venv_lib_python3_12_site-packages_PyQt6_Qt6_lib["lib"]\n    node_venv_lib_python3_12_site-packages_PyQt6_Qt6_lib --> node_venv_lib_python3_12_site-packages_PyQt6_Qt6_lib_QtQuickControls2BasicStyleImpl_framework["QtQuickControls2BasicStyleImpl.framework"]\n    node_venv_lib_python3_12_site-packages_PyQt6_Qt6_lib_QtQuickControls2BasicStyleImpl_framework --> node_venv_lib_python3_12_site-packages_PyQt6_Qt6_lib_QtQuickControls2BasicStyleImpl_framework_Versions["Versions"]\n    node_venv_lib_python3_12_site-packages_PyQt6_Qt6_lib_QtQuickControls2BasicStyleImpl_framework_Versions --> node_venv_lib_python3_12_site-packages_PyQt6_Qt6_lib_QtQuickControls2BasicStyleImpl_framework_Versions_A["A"]\n    node_venv_lib_python3_12_site-packages_PyQt6_Qt6_lib_QtQuickControls2BasicStyleImpl_framework_Versions_A --> node_venv_lib_python3_12_site-packages_PyQt6_Qt6_lib_QtQuickControls2BasicStyleImpl_framework_Versions_A_QtQuickControls2BasicStyleImpl["QtQuickControls2BasicStyleImpl"]\n    Root --> node_venv["venv"]\n    node_venv --> node_venv_lib["lib"]\n    node_venv_lib --> node_venv_lib_python3_12["python3.12"]\n    node_venv_lib_python3_12 --> node_venv_lib_python3_12_site-packages["site-packages"]\n    node_venv_lib_python3_12_site-packages --> node_venv_lib_python3_12_site-packages_PyQt6["PyQt6"]\n    node_venv_lib_python3_12_site-packages_PyQt6 --> node_venv_lib_python3_12_site-packages_PyQt6_Qt6["Qt6"]\n    node_venv_lib_python3_12_site-packages_PyQt6_Qt6 --> node_venv_lib_python3_12_site-packages_PyQt6_Qt6_lib["lib"]\n    node_venv_lib_python3_12_site-packages_PyQt6_Qt6_lib --> node_venv_lib_python3_12_site-packages_PyQt6_Qt6_lib_QtLabsSharedImage_framework["QtLabsSharedImage.framework"]\n    node_venv_lib_python3_12_site-packages_PyQt6_Qt6_lib_QtLabsSharedImage_framework --> node_venv_lib_python3_12_site-packages_PyQt6_Qt6_lib_QtLabsSharedImage_framework_Resources["Resources"]\n    node_venv_lib_python3_12_site-packages_PyQt6_Qt6_lib_QtLabsSharedImage_framework_Resources --> node_venv_lib_python3_12_site-packages_PyQt6_Qt6_lib_QtLabsSharedImage_framework_Resources_Info_plist["Info.plist"]\n    Root --> node_venv["venv"]\n    node_venv --> node_venv_lib["lib"]\n    node_venv_lib --> node_venv_lib_python3_12["python3.12"]\n    node_venv_lib_python3_12 --> node_venv_lib_python3_12_site-packages["site-packages"]\n    node_venv_lib_python3_12_site-packages --> node_venv_lib_python3_12_site-packages_PyQt6["PyQt6"]\n    node_venv_lib_python3_12_site-packages_PyQt6 --> node_venv_lib_python3_12_site-packages_PyQt6_Qt6["Qt6"]\n    node_venv_lib_python3_12_site-packages_PyQt6_Qt6 --> node_venv_lib_python3_12_site-packages_PyQt6_Qt6_lib["lib"]\n    node_venv_lib_python3_12_site-packages_PyQt6_Qt6_lib --> node_venv_lib_python3_12_site-packages_PyQt6_Qt6_lib_QtLabsSharedImage_framework["QtLabsSharedImage.framework"]\n    node_venv_lib_python3_12_site-packages_PyQt6_Qt6_lib_QtLabsSharedImage_framework --> node_venv_lib_python3_12_site-packages_PyQt6_Qt6_lib_QtLabsSharedImage_framework_Resources["Resources"]\n    node_venv_lib_python3_12_site-packages_PyQt6_Qt6_lib_QtLabsSharedImage_framework_Resources --> node_venv_lib_python3_12_site-packages_PyQt6_Qt6_lib_QtLabsSharedImage_framework_Resources_PrivacyInfo_xcprivacy["PrivacyInfo.xcprivacy"]\n    Root --> node_venv["venv"]\n    node_venv --> node_venv_lib["lib"]\n    node_venv_lib --> node_venv_lib_python3_12["python3.12"]\n    node_venv_lib_python3_12 --> node_venv_lib_python3_12_site-packages["site-packages"]\n    node_venv_lib_python3_12_site-packages --> node_venv_lib_python3_12_site-packages_PyQt6["PyQt6"]\n    node_venv_lib_python3_12_site-packages_PyQt6 --> node_venv_lib_python3_12_site-packages_PyQt6_Qt6["Qt6"]\n    node_venv_lib_python3_12_site-packages_PyQt6_Qt6 --> node_venv_lib_python3_12_site-packages_PyQt6_Qt6_lib["lib"]\n    node_venv_lib_python3_12_site-packages_PyQt6_Qt6_lib --> node_venv_lib_python3_12_site-packages_PyQt6_Qt6_lib_QtLabsSharedImage_framework["QtLabsSharedImage.framework"]\n    node_venv_lib_python3_12_site-packages_PyQt6_Qt6_lib_QtLabsSharedImage_framework --> node_venv_lib_python3_12_site-packages_PyQt6_Qt6_lib_QtLabsSharedImage_framework_Versions["Versions"]\n    node_venv_lib_python3_12_site-packages_PyQt6_Qt6_lib_QtLabsSharedImage_framework_Versions --> node_venv_lib_python3_12_site-packages_PyQt6_Qt6_lib_QtLabsSharedImage_framework_Versions_A["A"]\n    node_venv_lib_python3_12_site-packages_PyQt6_Qt6_lib_QtLabsSharedImage_framework_Versions_A --> node_venv_lib_python3_12_site-packages_PyQt6_Qt6_lib_QtLabsSharedImage_framework_Versions_A_QtLabsSharedImage["QtLabsSharedImage"]\n    Root --> node_venv["venv"]\n    node_venv --> node_venv_lib["lib"]\n    node_venv_lib --> node_venv_lib_python3_12["python3.12"]\n    node_venv_lib_python3_12 --> node_venv_lib_python3_12_site-packages["site-packages"]\n    node_venv_lib_python3_12_site-packages --> node_venv_lib_python3_12_site-packages_PyQt6["PyQt6"]\n    node_venv_lib_python3_12_site-packages_PyQt6 --> node_venv_lib_python3_12_site-packages_PyQt6_Qt6["Qt6"]\n    node_venv_lib_python3_12_site-packages_PyQt6_Qt6 --> node_venv_lib_python3_12_site-packages_PyQt6_Qt6_lib["lib"]\n    node_venv_lib_python3_12_site-packages_PyQt6_Qt6_lib --> node_venv_lib_python3_12_site-packages_PyQt6_Qt6_lib_QtQmlMeta_framework["QtQmlMeta.framework"]\n    node_venv_lib_python3_12_site-packages_PyQt6_Qt6_lib_QtQmlMeta_framework --> node_venv_lib_python3_12_site-packages_PyQt6_Qt6_lib_QtQmlMeta_framework_Resources["Resources"]\n    node_venv_lib_python3_12_site-packages_PyQt6_Qt6_lib_QtQmlMeta_framework_Resources --> node_venv_lib_python3_12_site-packages_PyQt6_Qt6_lib_QtQmlMeta_framework_Resources_Info_plist["Info.plist"]\n    Root --> node_venv["venv"]\n    node_venv --> node_venv_lib["lib"]\n    node_venv_lib --> node_venv_lib_python3_12["python3.12"]\n    node_venv_lib_python3_12 --> node_venv_lib_python3_12_site-packages["site-packages"]\n    node_venv_lib_python3_12_site-packages --> node_venv_lib_python3_12_site-packages_PyQt6["PyQt6"]\n    node_venv_lib_python3_12_site-packages_PyQt6 --> node_venv_lib_python3_12_site-packages_PyQt6_Qt6["Qt6"]\n    node_venv_lib_python3_12_site-packages_PyQt6_Qt6 --> node_venv_lib_python3_12_site-packages_PyQt6_Qt6_lib["lib"]\n    node_venv_lib_python3_12_site-packages_PyQt6_Qt6_lib --> node_venv_lib_python3_12_site-packages_PyQt6_Qt6_lib_QtQmlMeta_framework["QtQmlMeta.framework"]\n    node_venv_lib_python3_12_site-packages_PyQt6_Qt6_lib_QtQmlMeta_framework --> node_venv_lib_python3_12_site-packages_PyQt6_Qt6_lib_QtQmlMeta_framework_Resources["Resources"]\n    node_venv_lib_python3_12_site-packages_PyQt6_Qt6_lib_QtQmlMeta_framework_Resources --> node_venv_lib_python3_12_site-packages_PyQt6_Qt6_lib_QtQmlMeta_framework_Resources_PrivacyInfo_xcprivacy["PrivacyInfo.xcprivacy"]\n    Root --> node_venv["venv"]\n    node_venv --> node_venv_lib["lib"]\n    node_venv_lib --> node_venv_lib_python3_12["python3.12"]\n    node_venv_lib_python3_12 --> node_venv_lib_python3_12_site-packages["site-packages"]\n    node_venv_lib_python3_12_site-packages --> node_venv_lib_python3_12_site-packages_PyQt6["PyQt6"]\n    node_venv_lib_python3_12_site-packages_PyQt6 --> node_venv_lib_python3_12_site-packages_PyQt6_Qt6["Qt6"]\n    node_venv_lib_python3_12_site-packages_PyQt6_Qt6 --> node_venv_lib_python3_12_site-packages_PyQt6_Qt6_lib["lib"]\n    node_venv_lib_python3_12_site-packages_PyQt6_Qt6_lib --> node_venv_lib_python3_12_site-packages_PyQt6_Qt6_lib_QtQmlMeta_framework["QtQmlMeta.framework"]\n    node_venv_lib_python3_12_site-packages_PyQt6_Qt6_lib_QtQmlMeta_framework --> node_venv_lib_python3_12_site-packages_PyQt6_Qt6_lib_QtQmlMeta_framework_Versions["Versions"]\n    node_venv_lib_python3_12_site-packages_PyQt6_Qt6_lib_QtQmlMeta_framework_Versions --> node_venv_lib_python3_12_site-packages_PyQt6_Qt6_lib_QtQmlMeta_framework_Versions_A["A"]\n    node_venv_lib_python3_12_site-packages_PyQt6_Qt6_lib_QtQmlMeta_framework_Versions_A --> node_venv_lib_python3_12_site-packages_PyQt6_Qt6_lib_QtQmlMeta_framework_Versions_A_QtQmlMeta["QtQmlMeta"]\n    Root --> node_venv["venv"]\n    node_venv --> node_venv_lib["lib"]\n    node_venv_lib --> node_venv_lib_python3_12["python3.12"]\n    node_venv_lib_python3_12 --> node_venv_lib_python3_12_site-packages["site-packages"]\n    node_venv_lib_python3_12_site-packages --> node_venv_lib_python3_12_site-packages_PyQt6["PyQt6"]\n    node_venv_lib_python3_12_site-packages_PyQt6 --> node_venv_lib_python3_12_site-packages_PyQt6_Qt6["Qt6"]\n    node_venv_lib_python3_12_site-packages_PyQt6_Qt6 --> node_venv_lib_python3_12_site-packages_PyQt6_Qt6_lib["lib"]\n    node_venv_lib_python3_12_site-packages_PyQt6_Qt6_lib --> node_venv_lib_python3_12_site-packages_PyQt6_Qt6_lib_QtDesigner_framework["QtDesigner.framework"]\n    node_venv_lib_python3_12_site-packages_PyQt6_Qt6_lib_QtDesigner_framework --> node_venv_lib_python3_12_site-packages_PyQt6_Qt6_lib_QtDesigner_framework_Resources["Resources"]\n    node_venv_lib_python3_12_site-packages_PyQt6_Qt6_lib_QtDesigner_framework_Resources --> node_venv_lib_python3_12_site-packages_PyQt6_Qt6_lib_QtDesigner_framework_Resources_Info_plist["Info.plist"]\n    Root --> node_venv["venv"]\n    node_venv --> node_venv_lib["lib"]\n    node_venv_lib --> node_venv_lib_python3_12["python3.12"]\n    node_venv_lib_python3_12 --> node_venv_lib_python3_12_site-packages["site-packages"]\n    node_venv_lib_python3_12_site-packages --> node_venv_lib_python3_12_site-packages_PyQt6["PyQt6"]\n    node_venv_lib_python3_12_site-packages_PyQt6 --> node_venv_lib_python3_12_site-packages_PyQt6_Qt6["Qt6"]\n    node_venv_lib_python3_12_site-packages_PyQt6_Qt6 --> node_venv_lib_python3_12_site-packages_PyQt6_Qt6_lib["lib"]\n    node_venv_lib_python3_12_site-packages_PyQt6_Qt6_lib --> node_venv_lib_python3_12_site-packages_PyQt6_Qt6_lib_QtDesigner_framework["QtDesigner.framework"]\n    node_venv_lib_python3_12_site-packages_PyQt6_Qt6_lib_QtDesigner_framework --> node_venv_lib_python3_12_site-packages_PyQt6_Qt6_lib_QtDesigner_framework_Resources["Resources"]\n    node_venv_lib_python3_12_site-packages_PyQt6_Qt6_lib_QtDesigner_framework_Resources --> node_venv_lib_python3_12_site-packages_PyQt6_Qt6_lib_QtDesigner_framework_Resources_PrivacyInfo_xcprivacy["PrivacyInfo.xcprivacy"]\n    Root --> node_venv["venv"]\n    node_venv --> node_venv_lib["lib"]\n    node_venv_lib --> node_venv_lib_python3_12["python3.12"]\n    node_venv_lib_python3_12 --> node_venv_lib_python3_12_site-packages["site-packages"]\n    node_venv_lib_python3_12_site-packages --> node_venv_lib_python3_12_site-packages_PyQt6["PyQt6"]\n    node_venv_lib_python3_12_site-packages_PyQt6 --> node_venv_lib_python3_12_site-packages_PyQt6_Qt6["Qt6"]\n    node_venv_lib_python3_12_site-packages_PyQt6_Qt6 --> node_venv_lib_python3_12_site-packages_PyQt6_Qt6_lib["lib"]\n    node_venv_lib_python3_12_site-packages_PyQt6_Qt6_lib --> node_venv_lib_python3_12_site-packages_PyQt6_Qt6_lib_QtDesigner_framework["QtDesigner.framework"]\n    node_venv_lib_python3_12_site-packages_PyQt6_Qt6_lib_QtDesigner_framework --> node_venv_lib_python3_12_site-packages_PyQt6_Qt6_lib_QtDesigner_framework_Versions["Versions"]\n    node_venv_lib_python3_12_site-packages_PyQt6_Qt6_lib_QtDesigner_framework_Versions --> node_venv_lib_python3_12_site-packages_PyQt6_Qt6_lib_QtDesigner_framework_Versions_A["A"]\n    node_venv_lib_python3_12_site-packages_PyQt6_Qt6_lib_QtDesigner_framework_Versions_A --> node_venv_lib_python3_12_site-packages_PyQt6_Qt6_lib_QtDesigner_framework_Versions_A_QtDesigner["QtDesigner"]\n    Root --> node_venv["venv"]\n    node_venv --> node_venv_lib["lib"]\n    node_venv_lib --> node_venv_lib_python3_12["python3.12"]\n    node_venv_lib_python3_12 --> node_venv_lib_python3_12_site-packages["site-packages"]\n    node_venv_lib_python3_12_site-packages --> node_venv_lib_python3_12_site-packages_PyQt6["PyQt6"]\n    node_venv_lib_python3_12_site-packages_PyQt6 --> node_venv_lib_python3_12_site-packages_PyQt6_Qt6["Qt6"]\n    node_venv_lib_python3_12_site-packages_PyQt6_Qt6 --> node_venv_lib_python3_12_site-packages_PyQt6_Qt6_lib["lib"]\n    node_venv_lib_python3_12_site-packages_PyQt6_Qt6_lib --> node_venv_lib_python3_12_site-packages_PyQt6_Qt6_lib_QtNfc_framework["QtNfc.framework"]\n    node_venv_lib_python3_12_site-packages_PyQt6_Qt6_lib_QtNfc_framework --> node_venv_lib_python3_12_site-packages_PyQt6_Qt6_lib_QtNfc_framework_Resources["Resources"]\n    node_venv_lib_python3_12_site-packages_PyQt6_Qt6_lib_QtNfc_framework_Resources --> node_venv_lib_python3_12_site-packages_PyQt6_Qt6_lib_QtNfc_framework_Resources_Info_plist["Info.plist"]\n    Root --> node_venv["venv"]\n    node_venv --> node_venv_lib["lib"]\n    node_venv_lib --> node_venv_lib_python3_12["python3.12"]\n    node_venv_lib_python3_12 --> node_venv_lib_python3_12_site-packages["site-packages"]\n    node_venv_lib_python3_12_site-packages --> node_venv_lib_python3_12_site-packages_PyQt6["PyQt6"]\n    node_venv_lib_python3_12_site-packages_PyQt6 --> node_venv_lib_python3_12_site-packages_PyQt6_Qt6["Qt6"]\n    node_venv_lib_python3_12_site-packages_PyQt6_Qt6 --> node_venv_lib_python3_12_site-packages_PyQt6_Qt6_lib["lib"]\n    node_venv_lib_python3_12_site-packages_PyQt6_Qt6_lib --> node_venv_lib_python3_12_site-packages_PyQt6_Qt6_lib_QtNfc_framework["QtNfc.framework"]\n    node_venv_lib_python3_12_site-packages_PyQt6_Qt6_lib_QtNfc_framework --> node_venv_lib_python3_12_site-packages_PyQt6_Qt6_lib_QtNfc_framework_Resources["Resources"]\n    node_venv_lib_python3_12_site-packages_PyQt6_Qt6_lib_QtNfc_framework_Resources --> node_venv_lib_python3_12_site-packages_PyQt6_Qt6_lib_QtNfc_framework_Resources_PrivacyInfo_xcprivacy["PrivacyInfo.xcprivacy"]\n    Root --> node_venv["venv"]\n    node_venv --> node_venv_lib["lib"]\n    node_venv_lib --> node_venv_lib_python3_12["python3.12"]\n    node_venv_lib_python3_12 --> node_venv_lib_python3_12_site-packages["site-packages"]\n    node_venv_lib_python3_12_site-packages --> node_venv_lib_python3_12_site-packages_PyQt6["PyQt6"]\n    node_venv_lib_python3_12_site-packages_PyQt6 --> node_venv_lib_python3_12_site-packages_PyQt6_Qt6["Qt6"]\n    node_venv_lib_python3_12_site-packages_PyQt6_Qt6 --> node_venv_lib_python3_12_site-packages_PyQt6_Qt6_lib["lib"]\n    node_venv_lib_python3_12_site-packages_PyQt6_Qt6_lib --> node_venv_lib_python3_12_site-packages_PyQt6_Qt6_lib_QtNfc_framework["QtNfc.framework"]\n    node_venv_lib_python3_12_site-packages_PyQt6_Qt6_lib_QtNfc_framework --> node_venv_lib_python3_12_site-packages_PyQt6_Qt6_lib_QtNfc_framework_Versions["Versions"]\n    node_venv_lib_python3_12_site-packages_PyQt6_Qt6_lib_QtNfc_framework_Versions --> node_venv_lib_python3_12_site-packages_PyQt6_Qt6_lib_QtNfc_framework_Versions_A["A"]\n    node_venv_lib_python3_12_site-packages_PyQt6_Qt6_lib_QtNfc_framework_Versions_A --> node_venv_lib_python3_12_site-packages_PyQt6_Qt6_lib_QtNfc_framework_Versions_A_QtNfc["QtNfc"]\n    Root --> node_venv["venv"]\n    node_venv --> node_venv_lib["lib"]\n    node_venv_lib --> node_venv_lib_python3_12["python3.12"]\n    node_venv_lib_python3_12 --> node_venv_lib_python3_12_site-packages["site-packages"]\n    node_venv_lib_python3_12_site-packages --> node_venv_lib_python3_12_site-packages_PyQt6["PyQt6"]\n    node_venv_lib_python3_12_site-packages_PyQt6 --> node_venv_lib_python3_12_site-packages_PyQt6_Qt6["Qt6"]\n    node_venv_lib_python3_12_site-packages_PyQt6_Qt6 --> node_venv_lib_python3_12_site-packages_PyQt6_Qt6_lib["lib"]\n    node_venv_lib_python3_12_site-packages_PyQt6_Qt6_lib --> node_venv_lib_python3_12_site-packages_PyQt6_Qt6_lib_QtQuickControls2FusionStyleImpl_framework["QtQuickControls2FusionStyleImpl.framework"]\n    node_venv_lib_python3_12_site-packages_PyQt6_Qt6_lib_QtQuickControls2FusionStyleImpl_framework --> node_venv_lib_python3_12_site-packages_PyQt6_Qt6_lib_QtQuickControls2FusionStyleImpl_framework_Resources["Resources"]\n    node_venv_lib_python3_12_site-packages_PyQt6_Qt6_lib_QtQuickControls2FusionStyleImpl_framework_Resources --> node_venv_lib_python3_12_site-packages_PyQt6_Qt6_lib_QtQuickControls2FusionStyleImpl_framework_Resources_Info_plist["Info.plist"]\n    Root --> node_venv["venv"]\n    node_venv --> node_venv_lib["lib"]\n    node_venv_lib --> node_venv_lib_python3_12["python3.12"]\n    node_venv_lib_python3_12 --> node_venv_lib_python3_12_site-packages["site-packages"]\n    node_venv_lib_python3_12_site-packages --> node_venv_lib_python3_12_site-packages_PyQt6["PyQt6"]\n    node_venv_lib_python3_12_site-packages_PyQt6 --> node_venv_lib_python3_12_site-packages_PyQt6_Qt6["Qt6"]\n    node_venv_lib_python3_12_site-packages_PyQt6_Qt6 --> node_venv_lib_python3_12_site-packages_PyQt6_Qt6_lib["lib"]\n    node_venv_lib_python3_12_site-packages_PyQt6_Qt6_lib --> node_venv_lib_python3_12_site-packages_PyQt6_Qt6_lib_QtQuickControls2FusionStyleImpl_framework["QtQuickControls2FusionStyleImpl.framework"]\n    node_venv_lib_python3_12_site-packages_PyQt6_Qt6_lib_QtQuickControls2FusionStyleImpl_framework --> node_venv_lib_python3_12_site-packages_PyQt6_Qt6_lib_QtQuickControls2FusionStyleImpl_framework_Resources["Resources"]\n    node_venv_lib_python3_12_site-packages_PyQt6_Qt6_lib_QtQuickControls2FusionStyleImpl_framework_Resources --> node_venv_lib_python3_12_site-packages_PyQt6_Qt6_lib_QtQuickControls2FusionStyleImpl_framework_Resources_PrivacyInfo_xcprivacy["PrivacyInfo.xcprivacy"]\n    Root --> node_venv["venv"]\n    node_venv --> node_venv_lib["lib"]\n    node_venv_lib --> node_venv_lib_python3_12["python3.12"]\n    node_venv_lib_python3_12 --> node_venv_lib_python3_12_site-packages["site-packages"]\n    node_venv_lib_python3_12_site-packages --> node_venv_lib_python3_12_site-packages_PyQt6["PyQt6"]\n    node_venv_lib_python3_12_site-packages_PyQt6 --> node_venv_lib_python3_12_site-packages_PyQt6_Qt6["Qt6"]\n    node_venv_lib_python3_12_site-packages_PyQt6_Qt6 --> node_venv_lib_python3_12_site-packages_PyQt6_Qt6_lib["lib"]\n    node_venv_lib_python3_12_site-packages_PyQt6_Qt6_lib --> node_venv_lib_python3_12_site-packages_PyQt6_Qt6_lib_QtQuickControls2FusionStyleImpl_framework["QtQuickControls2FusionStyleImpl.framework"]\n    node_venv_lib_python3_12_site-packages_PyQt6_Qt6_lib_QtQuickControls2FusionStyleImpl_framework --> node_venv_lib_python3_12_site-packages_PyQt6_Qt6_lib_QtQuickControls2FusionStyleImpl_framework_Versions["Versions"]\n    node_venv_lib_python3_12_site-packages_PyQt6_Qt6_lib_QtQuickControls2FusionStyleImpl_framework_Versions --> node_venv_lib_python3_12_site-packages_PyQt6_Qt6_lib_QtQuickControls2FusionStyleImpl_framework_Versions_A["A"]\n    node_venv_lib_python3_12_site-packages_PyQt6_Qt6_lib_QtQuickControls2FusionStyleImpl_framework_Versions_A --> node_venv_lib_python3_12_site-packages_PyQt6_Qt6_lib_QtQuickControls2FusionStyleImpl_framework_Versions_A_QtQuickControls2FusionStyleImpl["QtQuickControls2FusionStyleImpl"]\n    Root --> node_venv["venv"]\n    node_venv --> node_venv_lib["lib"]\n    node_venv_lib --> node_venv_lib_python3_12["python3.12"]\n    node_venv_lib_python3_12 --> node_venv_lib_python3_12_site-packages["site-packages"]\n    node_venv_lib_python3_12_site-packages --> node_venv_lib_python3_12_site-packages_PyQt6["PyQt6"]\n    node_venv_lib_python3_12_site-packages_PyQt6 --> node_venv_lib_python3_12_site-packages_PyQt6_Qt6["Qt6"]\n    node_venv_lib_python3_12_site-packages_PyQt6_Qt6 --> node_venv_lib_python3_12_site-packages_PyQt6_Qt6_lib["lib"]\n    node_venv_lib_python3_12_site-packages_PyQt6_Qt6_lib --> node_venv_lib_python3_12_site-packages_PyQt6_Qt6_lib_QtQuick3DAssetImport_framework["QtQuick3DAssetImport.framework"]\n    node_venv_lib_python3_12_site-packages_PyQt6_Qt6_lib_QtQuick3DAssetImport_framework --> node_venv_lib_python3_12_site-packages_PyQt6_Qt6_lib_QtQuick3DAssetImport_framework_Resources["Resources"]\n    node_venv_lib_python3_12_site-packages_PyQt6_Qt6_lib_QtQuick3DAssetImport_framework_Resources --> node_venv_lib_python3_12_site-packages_PyQt6_Qt6_lib_QtQuick3DAssetImport_framework_Resources_Info_plist["Info.plist"]\n    Root --> node_venv["venv"]\n    node_venv --> node_venv_lib["lib"]\n    node_venv_lib --> node_venv_lib_python3_12["python3.12"]\n    node_venv_lib_python3_12 --> node_venv_lib_python3_12_site-packages["site-packages"]\n    node_venv_lib_python3_12_site-packages --> node_venv_lib_python3_12_site-packages_PyQt6["PyQt6"]\n    node_venv_lib_python3_12_site-packages_PyQt6 --> node_venv_lib_python3_12_site-packages_PyQt6_Qt6["Qt6"]\n    node_venv_lib_python3_12_site-packages_PyQt6_Qt6 --> node_venv_lib_python3_12_site-packages_PyQt6_Qt6_lib["lib"]\n    node_venv_lib_python3_12_site-packages_PyQt6_Qt6_lib --> node_venv_lib_python3_12_site-packages_PyQt6_Qt6_lib_QtQuick3DAssetImport_framework["QtQuick3DAssetImport.framework"]\n    node_venv_lib_python3_12_site-packages_PyQt6_Qt6_lib_QtQuick3DAssetImport_framework --> node_venv_lib_python3_12_site-packages_PyQt6_Qt6_lib_QtQuick3DAssetImport_framework_Resources["Resources"]\n    node_venv_lib_python3_12_site-packages_PyQt6_Qt6_lib_QtQuick3DAssetImport_framework_Resources --> node_venv_lib_python3_12_site-packages_PyQt6_Qt6_lib_QtQuick3DAssetImport_framework_Resources_PrivacyInfo_xcprivacy["PrivacyInfo.xcprivacy"]\n    Root --> node_venv["venv"]\n    node_venv --> node_venv_lib["lib"]\n    node_venv_lib --> node_venv_lib_python3_12["python3.12"]\n    node_venv_lib_python3_12 --> node_venv_lib_python3_12_site-packages["site-packages"]\n    node_venv_lib_python3_12_site-packages --> node_venv_lib_python3_12_site-packages_PyQt6["PyQt6"]\n    node_venv_lib_python3_12_site-packages_PyQt6 --> node_venv_lib_python3_12_site-packages_PyQt6_Qt6["Qt6"]\n    node_venv_lib_python3_12_site-packages_PyQt6_Qt6 --> node_venv_lib_python3_12_site-packages_PyQt6_Qt6_lib["lib"]\n    node_venv_lib_python3_12_site-packages_PyQt6_Qt6_lib --> node_venv_lib_python3_12_site-packages_PyQt6_Qt6_lib_QtQuick3DAssetImport_framework["QtQuick3DAssetImport.framework"]\n    node_venv_lib_python3_12_site-packages_PyQt6_Qt6_lib_QtQuick3DAssetImport_framework --> node_venv_lib_python3_12_site-packages_PyQt6_Qt6_lib_QtQuick3DAssetImport_framework_Versions["Versions"]\n    node_venv_lib_python3_12_site-packages_PyQt6_Qt6_lib_QtQuick3DAssetImport_framework_Versions --> node_venv_lib_python3_12_site-packages_PyQt6_Qt6_lib_QtQuick3DAssetImport_framework_Versions_A["A"]\n    node_venv_lib_python3_12_site-packages_PyQt6_Qt6_lib_QtQuick3DAssetImport_framework_Versions_A --> node_venv_lib_python3_12_site-packages_PyQt6_Qt6_lib_QtQuick3DAssetImport_framework_Versions_A_QtQuick3DAssetImport["QtQuick3DAssetImport"]\n    Root --> node_venv["venv"]\n    node_venv --> node_venv_lib["lib"]\n    node_venv_lib --> node_venv_lib_python3_12["python3.12"]\n    node_venv_lib_python3_12 --> node_venv_lib_python3_12_site-packages["site-packages"]\n    node_venv_lib_python3_12_site-packages --> node_venv_lib_python3_12_site-packages_PyQt6["PyQt6"]\n    node_venv_lib_python3_12_site-packages_PyQt6 --> node_venv_lib_python3_12_site-packages_PyQt6_Qt6["Qt6"]\n    node_venv_lib_python3_12_site-packages_PyQt6_Qt6 --> node_venv_lib_python3_12_site-packages_PyQt6_Qt6_lib["lib"]\n    node_venv_lib_python3_12_site-packages_PyQt6_Qt6_lib --> node_venv_lib_python3_12_site-packages_PyQt6_Qt6_lib_QtQuickWidgets_framework["QtQuickWidgets.framework"]\n    node_venv_lib_python3_12_site-packages_PyQt6_Qt6_lib_QtQuickWidgets_framework --> node_venv_lib_python3_12_site-packages_PyQt6_Qt6_lib_QtQuickWidgets_framework_Resources["Resources"]\n    node_venv_lib_python3_12_site-packages_PyQt6_Qt6_lib_QtQuickWidgets_framework_Resources --> node_venv_lib_python3_12_site-packages_PyQt6_Qt6_lib_QtQuickWidgets_framework_Resources_Info_plist["Info.plist"]\n    Root --> node_venv["venv"]\n    node_venv --> node_venv_lib["lib"]\n    node_venv_lib --> node_venv_lib_python3_12["python3.12"]\n    node_venv_lib_python3_12 --> node_venv_lib_python3_12_site-packages["site-packages"]\n    node_venv_lib_python3_12_site-packages --> node_venv_lib_python3_12_site-packages_PyQt6["PyQt6"]\n    node_venv_lib_python3_12_site-packages_PyQt6 --> node_venv_lib_python3_12_site-packages_PyQt6_Qt6["Qt6"]\n    node_venv_lib_python3_12_site-packages_PyQt6_Qt6 --> node_venv_lib_python3_12_site-packages_PyQt6_Qt6_lib["lib"]\n    node_venv_lib_python3_12_site-packages_PyQt6_Qt6_lib --> node_venv_lib_python3_12_site-packages_PyQt6_Qt6_lib_QtQuickWidgets_framework["QtQuickWidgets.framework"]\n    node_venv_lib_python3_12_site-packages_PyQt6_Qt6_lib_QtQuickWidgets_framework --> node_venv_lib_python3_12_site-packages_PyQt6_Qt6_lib_QtQuickWidgets_framework_Resources["Resources"]\n    node_venv_lib_python3_12_site-packages_PyQt6_Qt6_lib_QtQuickWidgets_framework_Resources --> node_venv_lib_python3_12_site-packages_PyQt6_Qt6_lib_QtQuickWidgets_framework_Resources_PrivacyInfo_xcprivacy["PrivacyInfo.xcprivacy"]\n    Root --> node_venv["venv"]\n    node_venv --> node_venv_lib["lib"]\n    node_venv_lib --> node_venv_lib_python3_12["python3.12"]\n    node_venv_lib_python3_12 --> node_venv_lib_python3_12_site-packages["site-packages"]\n    node_venv_lib_python3_12_site-packages --> node_venv_lib_python3_12_site-packages_PyQt6["PyQt6"]\n    node_venv_lib_python3_12_site-packages_PyQt6 --> node_venv_lib_python3_12_site-packages_PyQt6_Qt6["Qt6"]\n    node_venv_lib_python3_12_site-packages_PyQt6_Qt6 --> node_venv_lib_python3_12_site-packages_PyQt6_Qt6_lib["lib"]\n    node_venv_lib_python3_12_site-packages_PyQt6_Qt6_lib --> node_venv_lib_python3_12_site-packages_PyQt6_Qt6_lib_QtQuickWidgets_framework["QtQuickWidgets.framework"]\n    node_venv_lib_python3_12_site-packages_PyQt6_Qt6_lib_QtQuickWidgets_framework --> node_venv_lib_python3_12_site-packages_PyQt6_Qt6_lib_QtQuickWidgets_framework_Versions["Versions"]\n    node_venv_lib_python3_12_site-packages_PyQt6_Qt6_lib_QtQuickWidgets_framework_Versions --> node_venv_lib_python3_12_site-packages_PyQt6_Qt6_lib_QtQuickWidgets_framework_Versions_A["A"]\n    node_venv_lib_python3_12_site-packages_PyQt6_Qt6_lib_QtQuickWidgets_framework_Versions_A --> node_venv_lib_python3_12_site-packages_PyQt6_Qt6_lib_QtQuickWidgets_framework_Versions_A_QtQuickWidgets["QtQuickWidgets"]\n    Root --> node_venv["venv"]\n    node_venv --> node_venv_lib["lib"]\n    node_venv_lib --> node_venv_lib_python3_12["python3.12"]\n    node_venv_lib_python3_12 --> node_venv_lib_python3_12_site-packages["site-packages"]\n    node_venv_lib_python3_12_site-packages --> node_venv_lib_python3_12_site-packages_PyQt6["PyQt6"]\n    node_venv_lib_python3_12_site-packages_PyQt6 --> node_venv_lib_python3_12_site-packages_PyQt6_Qt6["Qt6"]\n    node_venv_lib_python3_12_site-packages_PyQt6_Qt6 --> node_venv_lib_python3_12_site-packages_PyQt6_Qt6_lib["lib"]\n    node_venv_lib_python3_12_site-packages_PyQt6_Qt6_lib --> node_venv_lib_python3_12_site-packages_PyQt6_Qt6_lib_QtQuickControls2Material_framework["QtQuickControls2Material.framework"]\n    node_venv_lib_python3_12_site-packages_PyQt6_Qt6_lib_QtQuickControls2Material_framework --> node_venv_lib_python3_12_site-packages_PyQt6_Qt6_lib_QtQuickControls2Material_framework_Resources["Resources"]\n    node_venv_lib_python3_12_site-packages_PyQt6_Qt6_lib_QtQuickControls2Material_framework_Resources --> node_venv_lib_python3_12_site-packages_PyQt6_Qt6_lib_QtQuickControls2Material_framework_Resources_Info_plist["Info.plist"]\n    Root --> node_venv["venv"]\n    node_venv --> node_venv_lib["lib"]\n    node_venv_lib --> node_venv_lib_python3_12["python3.12"]\n    node_venv_lib_python3_12 --> node_venv_lib_python3_12_site-packages["site-packages"]\n    node_venv_lib_python3_12_site-packages --> node_venv_lib_python3_12_site-packages_PyQt6["PyQt6"]\n    node_venv_lib_python3_12_site-packages_PyQt6 --> node_venv_lib_python3_12_site-packages_PyQt6_Qt6["Qt6"]\n    node_venv_lib_python3_12_site-packages_PyQt6_Qt6 --> node_venv_lib_python3_12_site-packages_PyQt6_Qt6_lib["lib"]\n    node_venv_lib_python3_12_site-packages_PyQt6_Qt6_lib --> node_venv_lib_python3_12_site-packages_PyQt6_Qt6_lib_QtQuickControls2Material_framework["QtQuickControls2Material.framework"]\n    node_venv_lib_python3_12_site-packages_PyQt6_Qt6_lib_QtQuickControls2Material_framework --> node_venv_lib_python3_12_site-packages_PyQt6_Qt6_lib_QtQuickControls2Material_framework_Resources["Resources"]\n    node_venv_lib_python3_12_site-packages_PyQt6_Qt6_lib_QtQuickControls2Material_framework_Resources --> node_venv_lib_python3_12_site-packages_PyQt6_Qt6_lib_QtQuickControls2Material_framework_Resources_PrivacyInfo_xcprivacy["PrivacyInfo.xcprivacy"]\n    Root --> node_venv["venv"]\n    node_venv --> node_venv_lib["lib"]\n    node_venv_lib --> node_venv_lib_python3_12["python3.12"]\n    node_venv_lib_python3_12 --> node_venv_lib_python3_12_site-packages["site-packages"]\n    node_venv_lib_python3_12_site-packages --> node_venv_lib_python3_12_site-packages_PyQt6["PyQt6"]\n    node_venv_lib_python3_12_site-packages_PyQt6 --> node_venv_lib_python3_12_site-packages_PyQt6_Qt6["Qt6"]\n    node_venv_lib_python3_12_site-packages_PyQt6_Qt6 --> node_venv_lib_python3_12_site-packages_PyQt6_Qt6_lib["lib"]\n    node_venv_lib_python3_12_site-packages_PyQt6_Qt6_lib --> node_venv_lib_python3_12_site-packages_PyQt6_Qt6_lib_QtQuickControls2Material_framework["QtQuickControls2Material.framework"]\n    node_venv_lib_python3_12_site-packages_PyQt6_Qt6_lib_QtQuickControls2Material_framework --> node_venv_lib_python3_12_site-packages_PyQt6_Qt6_lib_QtQuickControls2Material_framework_Versions["Versions"]\n    node_venv_lib_python3_12_site-packages_PyQt6_Qt6_lib_QtQuickControls2Material_framework_Versions --> node_venv_lib_python3_12_site-packages_PyQt6_Qt6_lib_QtQuickControls2Material_framework_Versions_A["A"]\n    node_venv_lib_python3_12_site-packages_PyQt6_Qt6_lib_QtQuickControls2Material_framework_Versions_A --> node_venv_lib_python3_12_site-packages_PyQt6_Qt6_lib_QtQuickControls2Material_framework_Versions_A_QtQuickControls2Material["QtQuickControls2Material"]\n    Root --> node_venv["venv"]\n    node_venv --> node_venv_lib["lib"]\n    node_venv_lib --> node_venv_lib_python3_12["python3.12"]\n    node_venv_lib_python3_12 --> node_venv_lib_python3_12_site-packages["site-packages"]\n    node_venv_lib_python3_12_site-packages --> node_venv_lib_python3_12_site-packages_PyQt6["PyQt6"]\n    node_venv_lib_python3_12_site-packages_PyQt6 --> node_venv_lib_python3_12_site-packages_PyQt6_Qt6["Qt6"]\n    node_venv_lib_python3_12_site-packages_PyQt6_Qt6 --> node_venv_lib_python3_12_site-packages_PyQt6_Qt6_lib["lib"]\n    node_venv_lib_python3_12_site-packages_PyQt6_Qt6_lib --> node_venv_lib_python3_12_site-packages_PyQt6_Qt6_lib_QtShaderTools_framework["QtShaderTools.framework"]\n    node_venv_lib_python3_12_site-packages_PyQt6_Qt6_lib_QtShaderTools_framework --> node_venv_lib_python3_12_site-packages_PyQt6_Qt6_lib_QtShaderTools_framework_Resources["Resources"]\n    node_venv_lib_python3_12_site-packages_PyQt6_Qt6_lib_QtShaderTools_framework_Resources --> node_venv_lib_python3_12_site-packages_PyQt6_Qt6_lib_QtShaderTools_framework_Resources_Info_plist["Info.plist"]\n    Root --> node_venv["venv"]\n    node_venv --> node_venv_lib["lib"]\n    node_venv_lib --> node_venv_lib_python3_12["python3.12"]\n    node_venv_lib_python3_12 --> node_venv_lib_python3_12_site-packages["site-packages"]\n    node_venv_lib_python3_12_site-packages --> node_venv_lib_python3_12_site-packages_PyQt6["PyQt6"]\n    node_venv_lib_python3_12_site-packages_PyQt6 --> node_venv_lib_python3_12_site-packages_PyQt6_Qt6["Qt6"]\n    node_venv_lib_python3_12_site-packages_PyQt6_Qt6 --> node_venv_lib_python3_12_site-packages_PyQt6_Qt6_lib["lib"]\n    node_venv_lib_python3_12_site-packages_PyQt6_Qt6_lib --> node_venv_lib_python3_12_site-packages_PyQt6_Qt6_lib_QtShaderTools_framework["QtShaderTools.framework"]\n    node_venv_lib_python3_12_site-packages_PyQt6_Qt6_lib_QtShaderTools_framework --> node_venv_lib_python3_12_site-packages_PyQt6_Qt6_lib_QtShaderTools_framework_Resources["Resources"]\n    node_venv_lib_python3_12_site-packages_PyQt6_Qt6_lib_QtShaderTools_framework_Resources --> node_venv_lib_python3_12_site-packages_PyQt6_Qt6_lib_QtShaderTools_framework_Resources_PrivacyInfo_xcprivacy["PrivacyInfo.xcprivacy"]\n    Root --> node_venv["venv"]\n    node_venv --> node_venv_lib["lib"]\n    node_venv_lib --> node_venv_lib_python3_12["python3.12"]\n    node_venv_lib_python3_12 --> node_venv_lib_python3_12_site-packages["site-packages"]\n    node_venv_lib_python3_12_site-packages --> node_venv_lib_python3_12_site-packages_PyQt6["PyQt6"]\n    node_venv_lib_python3_12_site-packages_PyQt6 --> node_venv_lib_python3_12_site-packages_PyQt6_Qt6["Qt6"]\n    node_venv_lib_python3_12_site-packages_PyQt6_Qt6 --> node_venv_lib_python3_12_site-packages_PyQt6_Qt6_lib["lib"]\n    node_venv_lib_python3_12_site-packages_PyQt6_Qt6_lib --> node_venv_lib_python3_12_site-packages_PyQt6_Qt6_lib_QtShaderTools_framework["QtShaderTools.framework"]\n    node_venv_lib_python3_12_site-packages_PyQt6_Qt6_lib_QtShaderTools_framework --> node_venv_lib_python3_12_site-packages_PyQt6_Qt6_lib_QtShaderTools_framework_Versions["Versions"]\n    node_venv_lib_python3_12_site-packages_PyQt6_Qt6_lib_QtShaderTools_framework_Versions --> node_venv_lib_python3_12_site-packages_PyQt6_Qt6_lib_QtShaderTools_framework_Versions_A["A"]\n    node_venv_lib_python3_12_site-packages_PyQt6_Qt6_lib_QtShaderTools_framework_Versions_A --> node_venv_lib_python3_12_site-packages_PyQt6_Qt6_lib_QtShaderTools_framework_Versions_A_QtShaderTools["QtShaderTools"]\n    Root --> node_venv["venv"]\n    node_venv --> node_venv_lib["lib"]\n    node_venv_lib --> node_venv_lib_python3_12["python3.12"]\n    node_venv_lib_python3_12 --> node_venv_lib_python3_12_site-packages["site-packages"]\n    node_venv_lib_python3_12_site-packages --> node_venv_lib_python3_12_site-packages_PyQt6["PyQt6"]\n    node_venv_lib_python3_12_site-packages_PyQt6 --> node_venv_lib_python3_12_site-packages_PyQt6_Qt6["Qt6"]\n    node_venv_lib_python3_12_site-packages_PyQt6_Qt6 --> node_venv_lib_python3_12_site-packages_PyQt6_Qt6_lib["lib"]\n    node_venv_lib_python3_12_site-packages_PyQt6_Qt6_lib --> node_venv_lib_python3_12_site-packages_PyQt6_Qt6_lib_QtPdf_framework["QtPdf.framework"]\n    node_venv_lib_python3_12_site-packages_PyQt6_Qt6_lib_QtPdf_framework --> node_venv_lib_python3_12_site-packages_PyQt6_Qt6_lib_QtPdf_framework_Resources["Resources"]\n    node_venv_lib_python3_12_site-packages_PyQt6_Qt6_lib_QtPdf_framework_Resources --> node_venv_lib_python3_12_site-packages_PyQt6_Qt6_lib_QtPdf_framework_Resources_Info_plist["Info.plist"]\n    Root --> node_venv["venv"]\n    node_venv --> node_venv_lib["lib"]\n    node_venv_lib --> node_venv_lib_python3_12["python3.12"]\n    node_venv_lib_python3_12 --> node_venv_lib_python3_12_site-packages["site-packages"]\n    node_venv_lib_python3_12_site-packages --> node_venv_lib_python3_12_site-packages_PyQt6["PyQt6"]\n    node_venv_lib_python3_12_site-packages_PyQt6 --> node_venv_lib_python3_12_site-packages_PyQt6_Qt6["Qt6"]\n    node_venv_lib_python3_12_site-packages_PyQt6_Qt6 --> node_venv_lib_python3_12_site-packages_PyQt6_Qt6_lib["lib"]\n    node_venv_lib_python3_12_site-packages_PyQt6_Qt6_lib --> node_venv_lib_python3_12_site-packages_PyQt6_Qt6_lib_QtPdf_framework["QtPdf.framework"]\n    node_venv_lib_python3_12_site-packages_PyQt6_Qt6_lib_QtPdf_framework --> node_venv_lib_python3_12_site-packages_PyQt6_Qt6_lib_QtPdf_framework_Resources["Resources"]\n    node_venv_lib_python3_12_site-packages_PyQt6_Qt6_lib_QtPdf_framework_Resources --> node_venv_lib_python3_12_site-packages_PyQt6_Qt6_lib_QtPdf_framework_Resources_PrivacyInfo_xcprivacy["PrivacyInfo.xcprivacy"]\n    Root --> node_venv["venv"]\n    node_venv --> node_venv_lib["lib"]\n    node_venv_lib --> node_venv_lib_python3_12["python3.12"]\n    node_venv_lib_python3_12 --> node_venv_lib_python3_12_site-packages["site-packages"]\n    node_venv_lib_python3_12_site-packages --> node_venv_lib_python3_12_site-packages_PyQt6["PyQt6"]\n    node_venv_lib_python3_12_site-packages_PyQt6 --> node_venv_lib_python3_12_site-packages_PyQt6_Qt6["Qt6"]\n    node_venv_lib_python3_12_site-packages_PyQt6_Qt6 --> node_venv_lib_python3_12_site-packages_PyQt6_Qt6_lib["lib"]\n    node_venv_lib_python3_12_site-packages_PyQt6_Qt6_lib --> node_venv_lib_python3_12_site-packages_PyQt6_Qt6_lib_QtPdf_framework["QtPdf.framework"]\n    node_venv_lib_python3_12_site-packages_PyQt6_Qt6_lib_QtPdf_framework --> node_venv_lib_python3_12_site-packages_PyQt6_Qt6_lib_QtPdf_framework_Versions["Versions"]\n    node_venv_lib_python3_12_site-packages_PyQt6_Qt6_lib_QtPdf_framework_Versions --> node_venv_lib_python3_12_site-packages_PyQt6_Qt6_lib_QtPdf_framework_Versions_A["A"]\n    node_venv_lib_python3_12_site-packages_PyQt6_Qt6_lib_QtPdf_framework_Versions_A --> node_venv_lib_python3_12_site-packages_PyQt6_Qt6_lib_QtPdf_framework_Versions_A_QtPdf["QtPdf"]\n    Root --> node_venv["venv"]\n    node_venv --> node_venv_lib["lib"]\n    node_venv_lib --> node_venv_lib_python3_12["python3.12"]\n    node_venv_lib_python3_12 --> node_venv_lib_python3_12_site-packages["site-packages"]\n    node_venv_lib_python3_12_site-packages --> node_venv_lib_python3_12_site-packages_PyQt6["PyQt6"]\n    node_venv_lib_python3_12_site-packages_PyQt6 --> node_venv_lib_python3_12_site-packages_PyQt6_Qt6["Qt6"]\n    node_venv_lib_python3_12_site-packages_PyQt6_Qt6 --> node_venv_lib_python3_12_site-packages_PyQt6_Qt6_lib["lib"]\n    node_venv_lib_python3_12_site-packages_PyQt6_Qt6_lib --> node_venv_lib_python3_12_site-packages_PyQt6_Qt6_lib_QtSpatialAudio_framework["QtSpatialAudio.framework"]\n    node_venv_lib_python3_12_site-packages_PyQt6_Qt6_lib_QtSpatialAudio_framework --> node_venv_lib_python3_12_site-packages_PyQt6_Qt6_lib_QtSpatialAudio_framework_Resources["Resources"]\n    node_venv_lib_python3_12_site-packages_PyQt6_Qt6_lib_QtSpatialAudio_framework_Resources --> node_venv_lib_python3_12_site-packages_PyQt6_Qt6_lib_QtSpatialAudio_framework_Resources_Info_plist["Info.plist"]\n    Root --> node_venv["venv"]\n    node_venv --> node_venv_lib["lib"]\n    node_venv_lib --> node_venv_lib_python3_12["python3.12"]\n    node_venv_lib_python3_12 --> node_venv_lib_python3_12_site-packages["site-packages"]\n    node_venv_lib_python3_12_site-packages --> node_venv_lib_python3_12_site-packages_PyQt6["PyQt6"]\n    node_venv_lib_python3_12_site-packages_PyQt6 --> node_venv_lib_python3_12_site-packages_PyQt6_Qt6["Qt6"]\n    node_venv_lib_python3_12_site-packages_PyQt6_Qt6 --> node_venv_lib_python3_12_site-packages_PyQt6_Qt6_lib["lib"]\n    node_venv_lib_python3_12_site-packages_PyQt6_Qt6_lib --> node_venv_lib_python3_12_site-packages_PyQt6_Qt6_lib_QtSpatialAudio_framework["QtSpatialAudio.framework"]\n    node_venv_lib_python3_12_site-packages_PyQt6_Qt6_lib_QtSpatialAudio_framework --> node_venv_lib_python3_12_site-packages_PyQt6_Qt6_lib_QtSpatialAudio_framework_Resources["Resources"]\n    node_venv_lib_python3_12_site-packages_PyQt6_Qt6_lib_QtSpatialAudio_framework_Resources --> node_venv_lib_python3_12_site-packages_PyQt6_Qt6_lib_QtSpatialAudio_framework_Resources_PrivacyInfo_xcprivacy["PrivacyInfo.xcprivacy"]\n    Root --> node_venv["venv"]\n    node_venv --> node_venv_lib["lib"]\n    node_venv_lib --> node_venv_lib_python3_12["python3.12"]\n    node_venv_lib_python3_12 --> node_venv_lib_python3_12_site-packages["site-packages"]\n    node_venv_lib_python3_12_site-packages --> node_venv_lib_python3_12_site-packages_PyQt6["PyQt6"]\n    node_venv_lib_python3_12_site-packages_PyQt6 --> node_venv_lib_python3_12_site-packages_PyQt6_Qt6["Qt6"]\n    node_venv_lib_python3_12_site-packages_PyQt6_Qt6 --> node_venv_lib_python3_12_site-packages_PyQt6_Qt6_lib["lib"]\n    node_venv_lib_python3_12_site-packages_PyQt6_Qt6_lib --> node_venv_lib_python3_12_site-packages_PyQt6_Qt6_lib_QtSpatialAudio_framework["QtSpatialAudio.framework"]\n    node_venv_lib_python3_12_site-packages_PyQt6_Qt6_lib_QtSpatialAudio_framework --> node_venv_lib_python3_12_site-packages_PyQt6_Qt6_lib_QtSpatialAudio_framework_Versions["Versions"]\n    node_venv_lib_python3_12_site-packages_PyQt6_Qt6_lib_QtSpatialAudio_framework_Versions --> node_venv_lib_python3_12_site-packages_PyQt6_Qt6_lib_QtSpatialAudio_framework_Versions_A["A"]\n    node_venv_lib_python3_12_site-packages_PyQt6_Qt6_lib_QtSpatialAudio_framework_Versions_A --> node_venv_lib_python3_12_site-packages_PyQt6_Qt6_lib_QtSpatialAudio_framework_Versions_A_QtSpatialAudio["QtSpatialAudio"]\n    Root --> node_venv["venv"]\n    node_venv --> node_venv_lib["lib"]\n    node_venv_lib --> node_venv_lib_python3_12["python3.12"]\n    node_venv_lib_python3_12 --> node_venv_lib_python3_12_site-packages["site-packages"]\n    node_venv_lib_python3_12_site-packages --> node_venv_lib_python3_12_site-packages_PyQt6["PyQt6"]\n    node_venv_lib_python3_12_site-packages_PyQt6 --> node_venv_lib_python3_12_site-packages_PyQt6_Qt6["Qt6"]\n    node_venv_lib_python3_12_site-packages_PyQt6_Qt6 --> node_venv_lib_python3_12_site-packages_PyQt6_Qt6_lib["lib"]\n    node_venv_lib_python3_12_site-packages_PyQt6_Qt6_lib --> node_venv_lib_python3_12_site-packages_PyQt6_Qt6_lib_QtQuickLayouts_framework["QtQuickLayouts.framework"]\n    node_venv_lib_python3_12_site-packages_PyQt6_Qt6_lib_QtQuickLayouts_framework --> node_venv_lib_python3_12_site-packages_PyQt6_Qt6_lib_QtQuickLayouts_framework_Resources["Resources"]\n    node_venv_lib_python3_12_site-packages_PyQt6_Qt6_lib_QtQuickLayouts_framework_Resources --> node_venv_lib_python3_12_site-packages_PyQt6_Qt6_lib_QtQuickLayouts_framework_Resources_Info_plist["Info.plist"]\n    Root --> node_venv["venv"]\n    node_venv --> node_venv_lib["lib"]\n    node_venv_lib --> node_venv_lib_python3_12["python3.12"]\n    node_venv_lib_python3_12 --> node_venv_lib_python3_12_site-packages["site-packages"]\n    node_venv_lib_python3_12_site-packages --> node_venv_lib_python3_12_site-packages_PyQt6["PyQt6"]\n    node_venv_lib_python3_12_site-packages_PyQt6 --> node_venv_lib_python3_12_site-packages_PyQt6_Qt6["Qt6"]\n    node_venv_lib_python3_12_site-packages_PyQt6_Qt6 --> node_venv_lib_python3_12_site-packages_PyQt6_Qt6_lib["lib"]\n    node_venv_lib_python3_12_site-packages_PyQt6_Qt6_lib --> node_venv_lib_python3_12_site-packages_PyQt6_Qt6_lib_QtQuickLayouts_framework["QtQuickLayouts.framework"]\n    node_venv_lib_python3_12_site-packages_PyQt6_Qt6_lib_QtQuickLayouts_framework --> node_venv_lib_python3_12_site-packages_PyQt6_Qt6_lib_QtQuickLayouts_framework_Resources["Resources"]\n    node_venv_lib_python3_12_site-packages_PyQt6_Qt6_lib_QtQuickLayouts_framework_Resources --> node_venv_lib_python3_12_site-packages_PyQt6_Qt6_lib_QtQuickLayouts_framework_Resources_PrivacyInfo_xcprivacy["PrivacyInfo.xcprivacy"]\n    Root --> node_venv["venv"]\n    node_venv --> node_venv_lib["lib"]\n    node_venv_lib --> node_venv_lib_python3_12["python3.12"]\n    node_venv_lib_python3_12 --> node_venv_lib_python3_12_site-packages["site-packages"]\n    node_venv_lib_python3_12_site-packages --> node_venv_lib_python3_12_site-packages_PyQt6["PyQt6"]\n    node_venv_lib_python3_12_site-packages_PyQt6 --> node_venv_lib_python3_12_site-packages_PyQt6_Qt6["Qt6"]\n    node_venv_lib_python3_12_site-packages_PyQt6_Qt6 --> node_venv_lib_python3_12_site-packages_PyQt6_Qt6_lib["lib"]\n    node_venv_lib_python3_12_site-packages_PyQt6_Qt6_lib --> node_venv_lib_python3_12_site-packages_PyQt6_Qt6_lib_QtQuickLayouts_framework["QtQuickLayouts.framework"]\n    node_venv_lib_python3_12_site-packages_PyQt6_Qt6_lib_QtQuickLayouts_framework --> node_venv_lib_python3_12_site-packages_PyQt6_Qt6_lib_QtQuickLayouts_framework_Versions["Versions"]\n    node_venv_lib_python3_12_site-packages_PyQt6_Qt6_lib_QtQuickLayouts_framework_Versions --> node_venv_lib_python3_12_site-packages_PyQt6_Qt6_lib_QtQuickLayouts_framework_Versions_A["A"]\n    node_venv_lib_python3_12_site-packages_PyQt6_Qt6_lib_QtQuickLayouts_framework_Versions_A --> node_venv_lib_python3_12_site-packages_PyQt6_Qt6_lib_QtQuickLayouts_framework_Versions_A_QtQuickLayouts["QtQuickLayouts"]\n    Root --> node_venv["venv"]\n    node_venv --> node_venv_lib["lib"]\n    node_venv_lib --> node_venv_lib_python3_12["python3.12"]\n    node_venv_lib_python3_12 --> node_venv_lib_python3_12_site-packages["site-packages"]\n    node_venv_lib_python3_12_site-packages --> node_venv_lib_python3_12_site-packages_PyQt6["PyQt6"]\n    node_venv_lib_python3_12_site-packages_PyQt6 --> node_venv_lib_python3_12_site-packages_PyQt6_Qt6["Qt6"]\n    node_venv_lib_python3_12_site-packages_PyQt6_Qt6 --> node_venv_lib_python3_12_site-packages_PyQt6_Qt6_lib["lib"]\n    node_venv_lib_python3_12_site-packages_PyQt6_Qt6_lib --> node_venv_lib_python3_12_site-packages_PyQt6_Qt6_lib_QtQuickControls2Basic_framework["QtQuickControls2Basic.framework"]\n    node_venv_lib_python3_12_site-packages_PyQt6_Qt6_lib_QtQuickControls2Basic_framework --> node_venv_lib_python3_12_site-packages_PyQt6_Qt6_lib_QtQuickControls2Basic_framework_Resources["Resources"]\n    node_venv_lib_python3_12_site-packages_PyQt6_Qt6_lib_QtQuickControls2Basic_framework_Resources --> node_venv_lib_python3_12_site-packages_PyQt6_Qt6_lib_QtQuickControls2Basic_framework_Resources_Info_plist["Info.plist"]\n    Root --> node_venv["venv"]\n    node_venv --> node_venv_lib["lib"]\n    node_venv_lib --> node_venv_lib_python3_12["python3.12"]\n    node_venv_lib_python3_12 --> node_venv_lib_python3_12_site-packages["site-packages"]\n    node_venv_lib_python3_12_site-packages --> node_venv_lib_python3_12_site-packages_PyQt6["PyQt6"]\n    node_venv_lib_python3_12_site-packages_PyQt6 --> node_venv_lib_python3_12_site-packages_PyQt6_Qt6["Qt6"]\n    node_venv_lib_python3_12_site-packages_PyQt6_Qt6 --> node_venv_lib_python3_12_site-packages_PyQt6_Qt6_lib["lib"]\n    node_venv_lib_python3_12_site-packages_PyQt6_Qt6_lib --> node_venv_lib_python3_12_site-packages_PyQt6_Qt6_lib_QtQuickControls2Basic_framework["QtQuickControls2Basic.framework"]\n    node_venv_lib_python3_12_site-packages_PyQt6_Qt6_lib_QtQuickControls2Basic_framework --> node_venv_lib_python3_12_site-packages_PyQt6_Qt6_lib_QtQuickControls2Basic_framework_Resources["Resources"]\n    node_venv_lib_python3_12_site-packages_PyQt6_Qt6_lib_QtQuickControls2Basic_framework_Resources --> node_venv_lib_python3_12_site-packages_PyQt6_Qt6_lib_QtQuickControls2Basic_framework_Resources_PrivacyInfo_xcprivacy["PrivacyInfo.xcprivacy"]\n    Root --> node_venv["venv"]\n    node_venv --> node_venv_lib["lib"]\n    node_venv_lib --> node_venv_lib_python3_12["python3.12"]\n    node_venv_lib_python3_12 --> node_venv_lib_python3_12_site-packages["site-packages"]\n    node_venv_lib_python3_12_site-packages --> node_venv_lib_python3_12_site-packages_PyQt6["PyQt6"]\n    node_venv_lib_python3_12_site-packages_PyQt6 --> node_venv_lib_python3_12_site-packages_PyQt6_Qt6["Qt6"]\n    node_venv_lib_python3_12_site-packages_PyQt6_Qt6 --> node_venv_lib_python3_12_site-packages_PyQt6_Qt6_lib["lib"]\n    node_venv_lib_python3_12_site-packages_PyQt6_Qt6_lib --> node_venv_lib_python3_12_site-packages_PyQt6_Qt6_lib_QtQuickControls2Basic_framework["QtQuickControls2Basic.framework"]\n    node_venv_lib_python3_12_site-packages_PyQt6_Qt6_lib_QtQuickControls2Basic_framework --> node_venv_lib_python3_12_site-packages_PyQt6_Qt6_lib_QtQuickControls2Basic_framework_Versions["Versions"]\n    node_venv_lib_python3_12_site-packages_PyQt6_Qt6_lib_QtQuickControls2Basic_framework_Versions --> node_venv_lib_python3_12_site-packages_PyQt6_Qt6_lib_QtQuickControls2Basic_framework_Versions_A["A"]\n    node_venv_lib_python3_12_site-packages_PyQt6_Qt6_lib_QtQuickControls2Basic_framework_Versions_A --> node_venv_lib_python3_12_site-packages_PyQt6_Qt6_lib_QtQuickControls2Basic_framework_Versions_A_QtQuickControls2Basic["QtQuickControls2Basic"]\n    Root --> node_venv["venv"]\n    node_venv --> node_venv_lib["lib"]\n    node_venv_lib --> node_venv_lib_python3_12["python3.12"]\n    node_venv_lib_python3_12 --> node_venv_lib_python3_12_site-packages["site-packages"]\n    node_venv_lib_python3_12_site-packages --> node_venv_lib_python3_12_site-packages_PyQt6["PyQt6"]\n    node_venv_lib_python3_12_site-packages_PyQt6 --> node_venv_lib_python3_12_site-packages_PyQt6_Qt6["Qt6"]\n    node_venv_lib_python3_12_site-packages_PyQt6_Qt6 --> node_venv_lib_python3_12_site-packages_PyQt6_Qt6_lib["lib"]\n    node_venv_lib_python3_12_site-packages_PyQt6_Qt6_lib --> node_venv_lib_python3_12_site-packages_PyQt6_Qt6_lib_QtQuick3DRuntimeRender_framework["QtQuick3DRuntimeRender.framework"]\n    node_venv_lib_python3_12_site-packages_PyQt6_Qt6_lib_QtQuick3DRuntimeRender_framework --> node_venv_lib_python3_12_site-packages_PyQt6_Qt6_lib_QtQuick3DRuntimeRender_framework_Resources["Resources"]\n    node_venv_lib_python3_12_site-packages_PyQt6_Qt6_lib_QtQuick3DRuntimeRender_framework_Resources --> node_venv_lib_python3_12_site-packages_PyQt6_Qt6_lib_QtQuick3DRuntimeRender_framework_Resources_Info_plist["Info.plist"]\n    Root --> node_venv["venv"]\n    node_venv --> node_venv_lib["lib"]\n    node_venv_lib --> node_venv_lib_python3_12["python3.12"]\n    node_venv_lib_python3_12 --> node_venv_lib_python3_12_site-packages["site-packages"]\n    node_venv_lib_python3_12_site-packages --> node_venv_lib_python3_12_site-packages_PyQt6["PyQt6"]\n    node_venv_lib_python3_12_site-packages_PyQt6 --> node_venv_lib_python3_12_site-packages_PyQt6_Qt6["Qt6"]\n    node_venv_lib_python3_12_site-packages_PyQt6_Qt6 --> node_venv_lib_python3_12_site-packages_PyQt6_Qt6_lib["lib"]\n    node_venv_lib_python3_12_site-packages_PyQt6_Qt6_lib --> node_venv_lib_python3_12_site-packages_PyQt6_Qt6_lib_QtQuick3DRuntimeRender_framework["QtQuick3DRuntimeRender.framework"]\n    node_venv_lib_python3_12_site-packages_PyQt6_Qt6_lib_QtQuick3DRuntimeRender_framework --> node_venv_lib_python3_12_site-packages_PyQt6_Qt6_lib_QtQuick3DRuntimeRender_framework_Resources["Resources"]\n    node_venv_lib_python3_12_site-packages_PyQt6_Qt6_lib_QtQuick3DRuntimeRender_framework_Resources --> node_venv_lib_python3_12_site-packages_PyQt6_Qt6_lib_QtQuick3DRuntimeRender_framework_Resources_PrivacyInfo_xcprivacy["PrivacyInfo.xcprivacy"]\n    Root --> node_venv["venv"]\n    node_venv --> node_venv_lib["lib"]\n    node_venv_lib --> node_venv_lib_python3_12["python3.12"]\n    node_venv_lib_python3_12 --> node_venv_lib_python3_12_site-packages["site-packages"]\n    node_venv_lib_python3_12_site-packages --> node_venv_lib_python3_12_site-packages_PyQt6["PyQt6"]\n    node_venv_lib_python3_12_site-packages_PyQt6 --> node_venv_lib_python3_12_site-packages_PyQt6_Qt6["Qt6"]\n    node_venv_lib_python3_12_site-packages_PyQt6_Qt6 --> node_venv_lib_python3_12_site-packages_PyQt6_Qt6_lib["lib"]\n    node_venv_lib_python3_12_site-packages_PyQt6_Qt6_lib --> node_venv_lib_python3_12_site-packages_PyQt6_Qt6_lib_QtQuick3DRuntimeRender_framework["QtQuick3DRuntimeRender.framework"]\n    node_venv_lib_python3_12_site-packages_PyQt6_Qt6_lib_QtQuick3DRuntimeRender_framework --> node_venv_lib_python3_12_site-packages_PyQt6_Qt6_lib_QtQuick3DRuntimeRender_framework_Versions["Versions"]\n    node_venv_lib_python3_12_site-packages_PyQt6_Qt6_lib_QtQuick3DRuntimeRender_framework_Versions --> node_venv_lib_python3_12_site-packages_PyQt6_Qt6_lib_QtQuick3DRuntimeRender_framework_Versions_A["A"]\n    node_venv_lib_python3_12_site-packages_PyQt6_Qt6_lib_QtQuick3DRuntimeRender_framework_Versions_A --> node_venv_lib_python3_12_site-packages_PyQt6_Qt6_lib_QtQuick3DRuntimeRender_framework_Versions_A_QtQuick3DRuntimeRender["QtQuick3DRuntimeRender"]\n    Root --> node_venv["venv"]\n    node_venv --> node_venv_lib["lib"]\n    node_venv_lib --> node_venv_lib_python3_12["python3.12"]\n    node_venv_lib_python3_12 --> node_venv_lib_python3_12_site-packages["site-packages"]\n    node_venv_lib_python3_12_site-packages --> node_venv_lib_python3_12_site-packages_PyQt6["PyQt6"]\n    node_venv_lib_python3_12_site-packages_PyQt6 --> node_venv_lib_python3_12_site-packages_PyQt6_Qt6["Qt6"]\n    node_venv_lib_python3_12_site-packages_PyQt6_Qt6 --> node_venv_lib_python3_12_site-packages_PyQt6_Qt6_lib["lib"]\n    node_venv_lib_python3_12_site-packages_PyQt6_Qt6_lib --> node_venv_lib_python3_12_site-packages_PyQt6_Qt6_lib_QtHelp_framework["QtHelp.framework"]\n    node_venv_lib_python3_12_site-packages_PyQt6_Qt6_lib_QtHelp_framework --> node_venv_lib_python3_12_site-packages_PyQt6_Qt6_lib_QtHelp_framework_Resources["Resources"]\n    node_venv_lib_python3_12_site-packages_PyQt6_Qt6_lib_QtHelp_framework_Resources --> node_venv_lib_python3_12_site-packages_PyQt6_Qt6_lib_QtHelp_framework_Resources_Info_plist["Info.plist"]\n    Root --> node_venv["venv"]\n    node_venv --> node_venv_lib["lib"]\n    node_venv_lib --> node_venv_lib_python3_12["python3.12"]\n    node_venv_lib_python3_12 --> node_venv_lib_python3_12_site-packages["site-packages"]\n    node_venv_lib_python3_12_site-packages --> node_venv_lib_python3_12_site-packages_PyQt6["PyQt6"]\n    node_venv_lib_python3_12_site-packages_PyQt6 --> node_venv_lib_python3_12_site-packages_PyQt6_Qt6["Qt6"]\n    node_venv_lib_python3_12_site-packages_PyQt6_Qt6 --> node_venv_lib_python3_12_site-packages_PyQt6_Qt6_lib["lib"]\n    node_venv_lib_python3_12_site-packages_PyQt6_Qt6_lib --> node_venv_lib_python3_12_site-packages_PyQt6_Qt6_lib_QtHelp_framework["QtHelp.framework"]\n    node_venv_lib_python3_12_site-packages_PyQt6_Qt6_lib_QtHelp_framework --> node_venv_lib_python3_12_site-packages_PyQt6_Qt6_lib_QtHelp_framework_Resources["Resources"]\n    node_venv_lib_python3_12_site-packages_PyQt6_Qt6_lib_QtHelp_framework_Resources --> node_venv_lib_python3_12_site-packages_PyQt6_Qt6_lib_QtHelp_framework_Resources_PrivacyInfo_xcprivacy["PrivacyInfo.xcprivacy"]\n    Root --> node_venv["venv"]\n    node_venv --> node_venv_lib["lib"]\n    node_venv_lib --> node_venv_lib_python3_12["python3.12"]\n    node_venv_lib_python3_12 --> node_venv_lib_python3_12_site-packages["site-packages"]\n    node_venv_lib_python3_12_site-packages --> node_venv_lib_python3_12_site-packages_PyQt6["PyQt6"]\n    node_venv_lib_python3_12_site-packages_PyQt6 --> node_venv_lib_python3_12_site-packages_PyQt6_Qt6["Qt6"]\n    node_venv_lib_python3_12_site-packages_PyQt6_Qt6 --> node_venv_lib_python3_12_site-packages_PyQt6_Qt6_lib["lib"]\n    node_venv_lib_python3_12_site-packages_PyQt6_Qt6_lib --> node_venv_lib_python3_12_site-packages_PyQt6_Qt6_lib_QtHelp_framework["QtHelp.framework"]\n    node_venv_lib_python3_12_site-packages_PyQt6_Qt6_lib_QtHelp_framework --> node_venv_lib_python3_12_site-packages_PyQt6_Qt6_lib_QtHelp_framework_Versions["Versions"]\n    node_venv_lib_python3_12_site-packages_PyQt6_Qt6_lib_QtHelp_framework_Versions --> node_venv_lib_python3_12_site-packages_PyQt6_Qt6_lib_QtHelp_framework_Versions_A["A"]\n    node_venv_lib_python3_12_site-packages_PyQt6_Qt6_lib_QtHelp_framework_Versions_A --> node_venv_lib_python3_12_site-packages_PyQt6_Qt6_lib_QtHelp_framework_Versions_A_QtHelp["QtHelp"]\n    Root --> node_venv["venv"]\n    node_venv --> node_venv_lib["lib"]\n    node_venv_lib --> node_venv_lib_python3_12["python3.12"]\n    node_venv_lib_python3_12 --> node_venv_lib_python3_12_site-packages["site-packages"]\n    node_venv_lib_python3_12_site-packages --> node_venv_lib_python3_12_site-packages_PyQt6["PyQt6"]\n    node_venv_lib_python3_12_site-packages_PyQt6 --> node_venv_lib_python3_12_site-packages_PyQt6_Qt6["Qt6"]\n    node_venv_lib_python3_12_site-packages_PyQt6_Qt6 --> node_venv_lib_python3_12_site-packages_PyQt6_Qt6_lib["lib"]\n    node_venv_lib_python3_12_site-packages_PyQt6_Qt6_lib --> node_venv_lib_python3_12_site-packages_PyQt6_Qt6_lib_QtQuickVectorImage_framework["QtQuickVectorImage.framework"]\n    node_venv_lib_python3_12_site-packages_PyQt6_Qt6_lib_QtQuickVectorImage_framework --> node_venv_lib_python3_12_site-packages_PyQt6_Qt6_lib_QtQuickVectorImage_framework_Resources["Resources"]\n    node_venv_lib_python3_12_site-packages_PyQt6_Qt6_lib_QtQuickVectorImage_framework_Resources --> node_venv_lib_python3_12_site-packages_PyQt6_Qt6_lib_QtQuickVectorImage_framework_Resources_Info_plist["Info.plist"]\n    Root --> node_venv["venv"]\n    node_venv --> node_venv_lib["lib"]\n    node_venv_lib --> node_venv_lib_python3_12["python3.12"]\n    node_venv_lib_python3_12 --> node_venv_lib_python3_12_site-packages["site-packages"]\n    node_venv_lib_python3_12_site-packages --> node_venv_lib_python3_12_site-packages_PyQt6["PyQt6"]\n    node_venv_lib_python3_12_site-packages_PyQt6 --> node_venv_lib_python3_12_site-packages_PyQt6_Qt6["Qt6"]\n    node_venv_lib_python3_12_site-packages_PyQt6_Qt6 --> node_venv_lib_python3_12_site-packages_PyQt6_Qt6_lib["lib"]\n    node_venv_lib_python3_12_site-packages_PyQt6_Qt6_lib --> node_venv_lib_python3_12_site-packages_PyQt6_Qt6_lib_QtQuickVectorImage_framework["QtQuickVectorImage.framework"]\n    node_venv_lib_python3_12_site-packages_PyQt6_Qt6_lib_QtQuickVectorImage_framework --> node_venv_lib_python3_12_site-packages_PyQt6_Qt6_lib_QtQuickVectorImage_framework_Resources["Resources"]\n    node_venv_lib_python3_12_site-packages_PyQt6_Qt6_lib_QtQuickVectorImage_framework_Resources --> node_venv_lib_python3_12_site-packages_PyQt6_Qt6_lib_QtQuickVectorImage_framework_Resources_PrivacyInfo_xcprivacy["PrivacyInfo.xcprivacy"]\n    Root --> node_venv["venv"]\n    node_venv --> node_venv_lib["lib"]\n    node_venv_lib --> node_venv_lib_python3_12["python3.12"]\n    node_venv_lib_python3_12 --> node_venv_lib_python3_12_site-packages["site-packages"]\n    node_venv_lib_python3_12_site-packages --> node_venv_lib_python3_12_site-packages_PyQt6["PyQt6"]\n    node_venv_lib_python3_12_site-packages_PyQt6 --> node_venv_lib_python3_12_site-packages_PyQt6_Qt6["Qt6"]\n    node_venv_lib_python3_12_site-packages_PyQt6_Qt6 --> node_venv_lib_python3_12_site-packages_PyQt6_Qt6_lib["lib"]\n    node_venv_lib_python3_12_site-packages_PyQt6_Qt6_lib --> node_venv_lib_python3_12_site-packages_PyQt6_Qt6_lib_QtQuickVectorImage_framework["QtQuickVectorImage.framework"]\n    node_venv_lib_python3_12_site-packages_PyQt6_Qt6_lib_QtQuickVectorImage_framework --> node_venv_lib_python3_12_site-packages_PyQt6_Qt6_lib_QtQuickVectorImage_framework_Versions["Versions"]\n    node_venv_lib_python3_12_site-packages_PyQt6_Qt6_lib_QtQuickVectorImage_framework_Versions --> node_venv_lib_python3_12_site-packages_PyQt6_Qt6_lib_QtQuickVectorImage_framework_Versions_A["A"]\n    node_venv_lib_python3_12_site-packages_PyQt6_Qt6_lib_QtQuickVectorImage_framework_Versions_A --> node_venv_lib_python3_12_site-packages_PyQt6_Qt6_lib_QtQuickVectorImage_framework_Versions_A_QtQuickVectorImage["QtQuickVectorImage"]\n    Root --> node_venv["venv"]\n    node_venv --> node_venv_lib["lib"]\n    node_venv_lib --> node_venv_lib_python3_12["python3.12"]\n    node_venv_lib_python3_12 --> node_venv_lib_python3_12_site-packages["site-packages"]\n    node_venv_lib_python3_12_site-packages --> node_venv_lib_python3_12_site-packages_PyQt6["PyQt6"]\n    node_venv_lib_python3_12_site-packages_PyQt6 --> node_venv_lib_python3_12_site-packages_PyQt6_Qt6["Qt6"]\n    node_venv_lib_python3_12_site-packages_PyQt6_Qt6 --> node_venv_lib_python3_12_site-packages_PyQt6_Qt6_lib["lib"]\n    node_venv_lib_python3_12_site-packages_PyQt6_Qt6_lib --> node_venv_lib_python3_12_site-packages_PyQt6_Qt6_lib_QtPrintSupport_framework["QtPrintSupport.framework"]\n    node_venv_lib_python3_12_site-packages_PyQt6_Qt6_lib_QtPrintSupport_framework --> node_venv_lib_python3_12_site-packages_PyQt6_Qt6_lib_QtPrintSupport_framework_Resources["Resources"]\n    node_venv_lib_python3_12_site-packages_PyQt6_Qt6_lib_QtPrintSupport_framework_Resources --> node_venv_lib_python3_12_site-packages_PyQt6_Qt6_lib_QtPrintSupport_framework_Resources_Info_plist["Info.plist"]\n    Root --> node_venv["venv"]\n    node_venv --> node_venv_lib["lib"]\n    node_venv_lib --> node_venv_lib_python3_12["python3.12"]\n    node_venv_lib_python3_12 --> node_venv_lib_python3_12_site-packages["site-packages"]\n    node_venv_lib_python3_12_site-packages --> node_venv_lib_python3_12_site-packages_PyQt6["PyQt6"]\n    node_venv_lib_python3_12_site-packages_PyQt6 --> node_venv_lib_python3_12_site-packages_PyQt6_Qt6["Qt6"]\n    node_venv_lib_python3_12_site-packages_PyQt6_Qt6 --> node_venv_lib_python3_12_site-packages_PyQt6_Qt6_lib["lib"]\n    node_venv_lib_python3_12_site-packages_PyQt6_Qt6_lib --> node_venv_lib_python3_12_site-packages_PyQt6_Qt6_lib_QtPrintSupport_framework["QtPrintSupport.framework"]\n    node_venv_lib_python3_12_site-packages_PyQt6_Qt6_lib_QtPrintSupport_framework --> node_venv_lib_python3_12_site-packages_PyQt6_Qt6_lib_QtPrintSupport_framework_Resources["Resources"]\n    node_venv_lib_python3_12_site-packages_PyQt6_Qt6_lib_QtPrintSupport_framework_Resources --> node_venv_lib_python3_12_site-packages_PyQt6_Qt6_lib_QtPrintSupport_framework_Resources_PrivacyInfo_xcprivacy["PrivacyInfo.xcprivacy"]\n    Root --> node_venv["venv"]\n    node_venv --> node_venv_lib["lib"]\n    node_venv_lib --> node_venv_lib_python3_12["python3.12"]\n    node_venv_lib_python3_12 --> node_venv_lib_python3_12_site-packages["site-packages"]\n    node_venv_lib_python3_12_site-packages --> node_venv_lib_python3_12_site-packages_PyQt6["PyQt6"]\n    node_venv_lib_python3_12_site-packages_PyQt6 --> node_venv_lib_python3_12_site-packages_PyQt6_Qt6["Qt6"]\n    node_venv_lib_python3_12_site-packages_PyQt6_Qt6 --> node_venv_lib_python3_12_site-packages_PyQt6_Qt6_lib["lib"]\n    node_venv_lib_python3_12_site-packages_PyQt6_Qt6_lib --> node_venv_lib_python3_12_site-packages_PyQt6_Qt6_lib_QtPrintSupport_framework["QtPrintSupport.framework"]\n    node_venv_lib_python3_12_site-packages_PyQt6_Qt6_lib_QtPrintSupport_framework --> node_venv_lib_python3_12_site-packages_PyQt6_Qt6_lib_QtPrintSupport_framework_Versions["Versions"]\n    node_venv_lib_python3_12_site-packages_PyQt6_Qt6_lib_QtPrintSupport_framework_Versions --> node_venv_lib_python3_12_site-packages_PyQt6_Qt6_lib_QtPrintSupport_framework_Versions_A["A"]\n    node_venv_lib_python3_12_site-packages_PyQt6_Qt6_lib_QtPrintSupport_framework_Versions_A --> node_venv_lib_python3_12_site-packages_PyQt6_Qt6_lib_QtPrintSupport_framework_Versions_A_QtPrintSupport["QtPrintSupport"]\n    Root --> node_venv["venv"]\n    node_venv --> node_venv_lib["lib"]\n    node_venv_lib --> node_venv_lib_python3_12["python3.12"]\n    node_venv_lib_python3_12 --> node_venv_lib_python3_12_site-packages["site-packages"]\n    node_venv_lib_python3_12_site-packages --> node_venv_lib_python3_12_site-packages_PyQt6["PyQt6"]\n    node_venv_lib_python3_12_site-packages_PyQt6 --> node_venv_lib_python3_12_site-packages_PyQt6_Qt6["Qt6"]\n    node_venv_lib_python3_12_site-packages_PyQt6_Qt6 --> node_venv_lib_python3_12_site-packages_PyQt6_Qt6_lib["lib"]\n    node_venv_lib_python3_12_site-packages_PyQt6_Qt6_lib --> node_venv_lib_python3_12_site-packages_PyQt6_Qt6_lib_QtGui_framework["QtGui.framework"]\n    node_venv_lib_python3_12_site-packages_PyQt6_Qt6_lib_QtGui_framework --> node_venv_lib_python3_12_site-packages_PyQt6_Qt6_lib_QtGui_framework_Resources["Resources"]\n    node_venv_lib_python3_12_site-packages_PyQt6_Qt6_lib_QtGui_framework_Resources --> node_venv_lib_python3_12_site-packages_PyQt6_Qt6_lib_QtGui_framework_Resources_Info_plist["Info.plist"]\n    Root --> node_venv["venv"]\n    node_venv --> node_venv_lib["lib"]\n    node_venv_lib --> node_venv_lib_python3_12["python3.12"]\n    node_venv_lib_python3_12 --> node_venv_lib_python3_12_site-packages["site-packages"]\n    node_venv_lib_python3_12_site-packages --> node_venv_lib_python3_12_site-packages_PyQt6["PyQt6"]\n    node_venv_lib_python3_12_site-packages_PyQt6 --> node_venv_lib_python3_12_site-packages_PyQt6_Qt6["Qt6"]\n    node_venv_lib_python3_12_site-packages_PyQt6_Qt6 --> node_venv_lib_python3_12_site-packages_PyQt6_Qt6_lib["lib"]\n    node_venv_lib_python3_12_site-packages_PyQt6_Qt6_lib --> node_venv_lib_python3_12_site-packages_PyQt6_Qt6_lib_QtGui_framework["QtGui.framework"]\n    node_venv_lib_python3_12_site-packages_PyQt6_Qt6_lib_QtGui_framework --> node_venv_lib_python3_12_site-packages_PyQt6_Qt6_lib_QtGui_framework_Resources["Resources"]\n    node_venv_lib_python3_12_site-packages_PyQt6_Qt6_lib_QtGui_framework_Resources --> node_venv_lib_python3_12_site-packages_PyQt6_Qt6_lib_QtGui_framework_Resources_PrivacyInfo_xcprivacy["PrivacyInfo.xcprivacy"]\n    Root --> node_venv["venv"]\n    node_venv --> node_venv_lib["lib"]\n    node_venv_lib --> node_venv_lib_python3_12["python3.12"]\n    node_venv_lib_python3_12 --> node_venv_lib_python3_12_site-packages["site-packages"]\n    node_venv_lib_python3_12_site-packages --> node_venv_lib_python3_12_site-packages_PyQt6["PyQt6"]\n    node_venv_lib_python3_12_site-packages_PyQt6 --> node_venv_lib_python3_12_site-packages_PyQt6_Qt6["Qt6"]\n    node_venv_lib_python3_12_site-packages_PyQt6_Qt6 --> node_venv_lib_python3_12_site-packages_PyQt6_Qt6_lib["lib"]\n    node_venv_lib_python3_12_site-packages_PyQt6_Qt6_lib --> node_venv_lib_python3_12_site-packages_PyQt6_Qt6_lib_QtGui_framework["QtGui.framework"]\n    node_venv_lib_python3_12_site-packages_PyQt6_Qt6_lib_QtGui_framework --> node_venv_lib_python3_12_site-packages_PyQt6_Qt6_lib_QtGui_framework_Versions["Versions"]\n    node_venv_lib_python3_12_site-packages_PyQt6_Qt6_lib_QtGui_framework_Versions --> node_venv_lib_python3_12_site-packages_PyQt6_Qt6_lib_QtGui_framework_Versions_A["A"]\n    node_venv_lib_python3_12_site-packages_PyQt6_Qt6_lib_QtGui_framework_Versions_A --> node_venv_lib_python3_12_site-packages_PyQt6_Qt6_lib_QtGui_framework_Versions_A_QtGui["QtGui"]\n    Root --> node_venv["venv"]\n    node_venv --> node_venv_lib["lib"]\n    node_venv_lib --> node_venv_lib_python3_12["python3.12"]\n    node_venv_lib_python3_12 --> node_venv_lib_python3_12_site-packages["site-packages"]\n    node_venv_lib_python3_12_site-packages --> node_venv_lib_python3_12_site-packages_PyQt6["PyQt6"]\n    node_venv_lib_python3_12_site-packages_PyQt6 --> node_venv_lib_python3_12_site-packages_PyQt6_Qt6["Qt6"]\n    node_venv_lib_python3_12_site-packages_PyQt6_Qt6 --> node_venv_lib_python3_12_site-packages_PyQt6_Qt6_lib["lib"]\n    node_venv_lib_python3_12_site-packages_PyQt6_Qt6_lib --> node_venv_lib_python3_12_site-packages_PyQt6_Qt6_lib_QtDBus_framework["QtDBus.framework"]\n    node_venv_lib_python3_12_site-packages_PyQt6_Qt6_lib_QtDBus_framework --> node_venv_lib_python3_12_site-packages_PyQt6_Qt6_lib_QtDBus_framework_Resources["Resources"]\n    node_venv_lib_python3_12_site-packages_PyQt6_Qt6_lib_QtDBus_framework_Resources --> node_venv_lib_python3_12_site-packages_PyQt6_Qt6_lib_QtDBus_framework_Resources_Info_plist["Info.plist"]\n    Root --> node_venv["venv"]\n    node_venv --> node_venv_lib["lib"]\n    node_venv_lib --> node_venv_lib_python3_12["python3.12"]\n    node_venv_lib_python3_12 --> node_venv_lib_python3_12_site-packages["site-packages"]\n    node_venv_lib_python3_12_site-packages --> node_venv_lib_python3_12_site-packages_PyQt6["PyQt6"]\n    node_venv_lib_python3_12_site-packages_PyQt6 --> node_venv_lib_python3_12_site-packages_PyQt6_Qt6["Qt6"]\n    node_venv_lib_python3_12_site-packages_PyQt6_Qt6 --> node_venv_lib_python3_12_site-packages_PyQt6_Qt6_lib["lib"]\n    node_venv_lib_python3_12_site-packages_PyQt6_Qt6_lib --> node_venv_lib_python3_12_site-packages_PyQt6_Qt6_lib_QtDBus_framework["QtDBus.framework"]\n    node_venv_lib_python3_12_site-packages_PyQt6_Qt6_lib_QtDBus_framework --> node_venv_lib_python3_12_site-packages_PyQt6_Qt6_lib_QtDBus_framework_Resources["Resources"]\n    node_venv_lib_python3_12_site-packages_PyQt6_Qt6_lib_QtDBus_framework_Resources --> node_venv_lib_python3_12_site-packages_PyQt6_Qt6_lib_QtDBus_framework_Resources_PrivacyInfo_xcprivacy["PrivacyInfo.xcprivacy"]\n    Root --> node_venv["venv"]\n    node_venv --> node_venv_lib["lib"]\n    node_venv_lib --> node_venv_lib_python3_12["python3.12"]\n    node_venv_lib_python3_12 --> node_venv_lib_python3_12_site-packages["site-packages"]\n    node_venv_lib_python3_12_site-packages --> node_venv_lib_python3_12_site-packages_PyQt6["PyQt6"]\n    node_venv_lib_python3_12_site-packages_PyQt6 --> node_venv_lib_python3_12_site-packages_PyQt6_Qt6["Qt6"]\n    node_venv_lib_python3_12_site-packages_PyQt6_Qt6 --> node_venv_lib_python3_12_site-packages_PyQt6_Qt6_lib["lib"]\n    node_venv_lib_python3_12_site-packages_PyQt6_Qt6_lib --> node_venv_lib_python3_12_site-packages_PyQt6_Qt6_lib_QtDBus_framework["QtDBus.framework"]\n    node_venv_lib_python3_12_site-packages_PyQt6_Qt6_lib_QtDBus_framework --> node_venv_lib_python3_12_site-packages_PyQt6_Qt6_lib_QtDBus_framework_Versions["Versions"]\n    node_venv_lib_python3_12_site-packages_PyQt6_Qt6_lib_QtDBus_framework_Versions --> node_venv_lib_python3_12_site-packages_PyQt6_Qt6_lib_QtDBus_framework_Versions_A["A"]\n    node_venv_lib_python3_12_site-packages_PyQt6_Qt6_lib_QtDBus_framework_Versions_A --> node_venv_lib_python3_12_site-packages_PyQt6_Qt6_lib_QtDBus_framework_Versions_A_QtDBus["QtDBus"]\n    Root --> node_venv["venv"]\n    node_venv --> node_venv_lib["lib"]\n    node_venv_lib --> node_venv_lib_python3_12["python3.12"]\n    node_venv_lib_python3_12 --> node_venv_lib_python3_12_site-packages["site-packages"]\n    node_venv_lib_python3_12_site-packages --> node_venv_lib_python3_12_site-packages_PyQt6["PyQt6"]\n    node_venv_lib_python3_12_site-packages_PyQt6 --> node_venv_lib_python3_12_site-packages_PyQt6_Qt6["Qt6"]\n    node_venv_lib_python3_12_site-packages_PyQt6_Qt6 --> node_venv_lib_python3_12_site-packages_PyQt6_Qt6_lib["lib"]\n    node_venv_lib_python3_12_site-packages_PyQt6_Qt6_lib --> node_venv_lib_python3_12_site-packages_PyQt6_Qt6_lib_QtWebSockets_framework["QtWebSockets.framework"]\n    node_venv_lib_python3_12_site-packages_PyQt6_Qt6_lib_QtWebSockets_framework --> node_venv_lib_python3_12_site-packages_PyQt6_Qt6_lib_QtWebSockets_framework_Resources["Resources"]\n    node_venv_lib_python3_12_site-packages_PyQt6_Qt6_lib_QtWebSockets_framework_Resources --> node_venv_lib_python3_12_site-packages_PyQt6_Qt6_lib_QtWebSockets_framework_Resources_Info_plist["Info.plist"]\n    Root --> node_venv["venv"]\n    node_venv --> node_venv_lib["lib"]\n    node_venv_lib --> node_venv_lib_python3_12["python3.12"]\n    node_venv_lib_python3_12 --> node_venv_lib_python3_12_site-packages["site-packages"]\n    node_venv_lib_python3_12_site-packages --> node_venv_lib_python3_12_site-packages_PyQt6["PyQt6"]\n    node_venv_lib_python3_12_site-packages_PyQt6 --> node_venv_lib_python3_12_site-packages_PyQt6_Qt6["Qt6"]\n    node_venv_lib_python3_12_site-packages_PyQt6_Qt6 --> node_venv_lib_python3_12_site-packages_PyQt6_Qt6_lib["lib"]\n    node_venv_lib_python3_12_site-packages_PyQt6_Qt6_lib --> node_venv_lib_python3_12_site-packages_PyQt6_Qt6_lib_QtWebSockets_framework["QtWebSockets.framework"]\n    node_venv_lib_python3_12_site-packages_PyQt6_Qt6_lib_QtWebSockets_framework --> node_venv_lib_python3_12_site-packages_PyQt6_Qt6_lib_QtWebSockets_framework_Resources["Resources"]\n    node_venv_lib_python3_12_site-packages_PyQt6_Qt6_lib_QtWebSockets_framework_Resources --> node_venv_lib_python3_12_site-packages_PyQt6_Qt6_lib_QtWebSockets_framework_Resources_PrivacyInfo_xcprivacy["PrivacyInfo.xcprivacy"]\n    Root --> node_venv["venv"]\n    node_venv --> node_venv_lib["lib"]\n    node_venv_lib --> node_venv_lib_python3_12["python3.12"]\n    node_venv_lib_python3_12 --> node_venv_lib_python3_12_site-packages["site-packages"]\n    node_venv_lib_python3_12_site-packages --> node_venv_lib_python3_12_site-packages_PyQt6["PyQt6"]\n    node_venv_lib_python3_12_site-packages_PyQt6 --> node_venv_lib_python3_12_site-packages_PyQt6_Qt6["Qt6"]\n    node_venv_lib_python3_12_site-packages_PyQt6_Qt6 --> node_venv_lib_python3_12_site-packages_PyQt6_Qt6_lib["lib"]\n    node_venv_lib_python3_12_site-packages_PyQt6_Qt6_lib --> node_venv_lib_python3_12_site-packages_PyQt6_Qt6_lib_QtWebSockets_framework["QtWebSockets.framework"]\n    node_venv_lib_python3_12_site-packages_PyQt6_Qt6_lib_QtWebSockets_framework --> node_venv_lib_python3_12_site-packages_PyQt6_Qt6_lib_QtWebSockets_framework_Versions["Versions"]\n    node_venv_lib_python3_12_site-packages_PyQt6_Qt6_lib_QtWebSockets_framework_Versions --> node_venv_lib_python3_12_site-packages_PyQt6_Qt6_lib_QtWebSockets_framework_Versions_A["A"]\n    node_venv_lib_python3_12_site-packages_PyQt6_Qt6_lib_QtWebSockets_framework_Versions_A --> node_venv_lib_python3_12_site-packages_PyQt6_Qt6_lib_QtWebSockets_framework_Versions_A_QtWebSockets["QtWebSockets"]\n    Root --> node_venv["venv"]\n    node_venv --> node_venv_lib["lib"]\n    node_venv_lib --> node_venv_lib_python3_12["python3.12"]\n    node_venv_lib_python3_12 --> node_venv_lib_python3_12_site-packages["site-packages"]\n    node_venv_lib_python3_12_site-packages --> node_venv_lib_python3_12_site-packages_PyQt6["PyQt6"]\n    node_venv_lib_python3_12_site-packages_PyQt6 --> node_venv_lib_python3_12_site-packages_PyQt6_Qt6["Qt6"]\n    node_venv_lib_python3_12_site-packages_PyQt6_Qt6 --> node_venv_lib_python3_12_site-packages_PyQt6_Qt6_lib["lib"]\n    node_venv_lib_python3_12_site-packages_PyQt6_Qt6_lib --> node_venv_lib_python3_12_site-packages_PyQt6_Qt6_lib_QtQuickControls2Fusion_framework["QtQuickControls2Fusion.framework"]\n    node_venv_lib_python3_12_site-packages_PyQt6_Qt6_lib_QtQuickControls2Fusion_framework --> node_venv_lib_python3_12_site-packages_PyQt6_Qt6_lib_QtQuickControls2Fusion_framework_Resources["Resources"]\n    node_venv_lib_python3_12_site-packages_PyQt6_Qt6_lib_QtQuickControls2Fusion_framework_Resources --> node_venv_lib_python3_12_site-packages_PyQt6_Qt6_lib_QtQuickControls2Fusion_framework_Resources_Info_plist["Info.plist"]\n    Root --> node_venv["venv"]\n    node_venv --> node_venv_lib["lib"]\n    node_venv_lib --> node_venv_lib_python3_12["python3.12"]\n    node_venv_lib_python3_12 --> node_venv_lib_python3_12_site-packages["site-packages"]\n    node_venv_lib_python3_12_site-packages --> node_venv_lib_python3_12_site-packages_PyQt6["PyQt6"]\n    node_venv_lib_python3_12_site-packages_PyQt6 --> node_venv_lib_python3_12_site-packages_PyQt6_Qt6["Qt6"]\n    node_venv_lib_python3_12_site-packages_PyQt6_Qt6 --> node_venv_lib_python3_12_site-packages_PyQt6_Qt6_lib["lib"]\n    node_venv_lib_python3_12_site-packages_PyQt6_Qt6_lib --> node_venv_lib_python3_12_site-packages_PyQt6_Qt6_lib_QtQuickControls2Fusion_framework["QtQuickControls2Fusion.framework"]\n    node_venv_lib_python3_12_site-packages_PyQt6_Qt6_lib_QtQuickControls2Fusion_framework --> node_venv_lib_python3_12_site-packages_PyQt6_Qt6_lib_QtQuickControls2Fusion_framework_Resources["Resources"]\n    node_venv_lib_python3_12_site-packages_PyQt6_Qt6_lib_QtQuickControls2Fusion_framework_Resources --> node_venv_lib_python3_12_site-packages_PyQt6_Qt6_lib_QtQuickControls2Fusion_framework_Resources_PrivacyInfo_xcprivacy["PrivacyInfo.xcprivacy"]\n    Root --> node_venv["venv"]\n    node_venv --> node_venv_lib["lib"]\n    node_venv_lib --> node_venv_lib_python3_12["python3.12"]\n    node_venv_lib_python3_12 --> node_venv_lib_python3_12_site-packages["site-packages"]\n    node_venv_lib_python3_12_site-packages --> node_venv_lib_python3_12_site-packages_PyQt6["PyQt6"]\n    node_venv_lib_python3_12_site-packages_PyQt6 --> node_venv_lib_python3_12_site-packages_PyQt6_Qt6["Qt6"]\n    node_venv_lib_python3_12_site-packages_PyQt6_Qt6 --> node_venv_lib_python3_12_site-packages_PyQt6_Qt6_lib["lib"]\n    node_venv_lib_python3_12_site-packages_PyQt6_Qt6_lib --> node_venv_lib_python3_12_site-packages_PyQt6_Qt6_lib_QtQuickControls2Fusion_framework["QtQuickControls2Fusion.framework"]\n    node_venv_lib_python3_12_site-packages_PyQt6_Qt6_lib_QtQuickControls2Fusion_framework --> node_venv_lib_python3_12_site-packages_PyQt6_Qt6_lib_QtQuickControls2Fusion_framework_Versions["Versions"]\n    node_venv_lib_python3_12_site-packages_PyQt6_Qt6_lib_QtQuickControls2Fusion_framework_Versions --> node_venv_lib_python3_12_site-packages_PyQt6_Qt6_lib_QtQuickControls2Fusion_framework_Versions_A["A"]\n    node_venv_lib_python3_12_site-packages_PyQt6_Qt6_lib_QtQuickControls2Fusion_framework_Versions_A --> node_venv_lib_python3_12_site-packages_PyQt6_Qt6_lib_QtQuickControls2Fusion_framework_Versions_A_QtQuickControls2Fusion["QtQuickControls2Fusion"]\n    Root --> node_venv["venv"]\n    node_venv --> node_venv_lib["lib"]\n    node_venv_lib --> node_venv_lib_python3_12["python3.12"]\n    node_venv_lib_python3_12 --> node_venv_lib_python3_12_site-packages["site-packages"]\n    node_venv_lib_python3_12_site-packages --> node_venv_lib_python3_12_site-packages_PyQt6["PyQt6"]\n    node_venv_lib_python3_12_site-packages_PyQt6 --> node_venv_lib_python3_12_site-packages_PyQt6_Qt6["Qt6"]\n    node_venv_lib_python3_12_site-packages_PyQt6_Qt6 --> node_venv_lib_python3_12_site-packages_PyQt6_Qt6_lib["lib"]\n    node_venv_lib_python3_12_site-packages_PyQt6_Qt6_lib --> node_venv_lib_python3_12_site-packages_PyQt6_Qt6_lib_QtQuick3DUtils_framework["QtQuick3DUtils.framework"]\n    node_venv_lib_python3_12_site-packages_PyQt6_Qt6_lib_QtQuick3DUtils_framework --> node_venv_lib_python3_12_site-packages_PyQt6_Qt6_lib_QtQuick3DUtils_framework_Resources["Resources"]\n    node_venv_lib_python3_12_site-packages_PyQt6_Qt6_lib_QtQuick3DUtils_framework_Resources --> node_venv_lib_python3_12_site-packages_PyQt6_Qt6_lib_QtQuick3DUtils_framework_Resources_Info_plist["Info.plist"]\n    Root --> node_venv["venv"]\n    node_venv --> node_venv_lib["lib"]\n    node_venv_lib --> node_venv_lib_python3_12["python3.12"]\n    node_venv_lib_python3_12 --> node_venv_lib_python3_12_site-packages["site-packages"]\n    node_venv_lib_python3_12_site-packages --> node_venv_lib_python3_12_site-packages_PyQt6["PyQt6"]\n    node_venv_lib_python3_12_site-packages_PyQt6 --> node_venv_lib_python3_12_site-packages_PyQt6_Qt6["Qt6"]\n    node_venv_lib_python3_12_site-packages_PyQt6_Qt6 --> node_venv_lib_python3_12_site-packages_PyQt6_Qt6_lib["lib"]\n    node_venv_lib_python3_12_site-packages_PyQt6_Qt6_lib --> node_venv_lib_python3_12_site-packages_PyQt6_Qt6_lib_QtQuick3DUtils_framework["QtQuick3DUtils.framework"]\n    node_venv_lib_python3_12_site-packages_PyQt6_Qt6_lib_QtQuick3DUtils_framework --> node_venv_lib_python3_12_site-packages_PyQt6_Qt6_lib_QtQuick3DUtils_framework_Resources["Resources"]\n    node_venv_lib_python3_12_site-packages_PyQt6_Qt6_lib_QtQuick3DUtils_framework_Resources --> node_venv_lib_python3_12_site-packages_PyQt6_Qt6_lib_QtQuick3DUtils_framework_Resources_PrivacyInfo_xcprivacy["PrivacyInfo.xcprivacy"]\n    Root --> node_venv["venv"]\n    node_venv --> node_venv_lib["lib"]\n    node_venv_lib --> node_venv_lib_python3_12["python3.12"]\n    node_venv_lib_python3_12 --> node_venv_lib_python3_12_site-packages["site-packages"]\n    node_venv_lib_python3_12_site-packages --> node_venv_lib_python3_12_site-packages_PyQt6["PyQt6"]\n    node_venv_lib_python3_12_site-packages_PyQt6 --> node_venv_lib_python3_12_site-packages_PyQt6_Qt6["Qt6"]\n    node_venv_lib_python3_12_site-packages_PyQt6_Qt6 --> node_venv_lib_python3_12_site-packages_PyQt6_Qt6_lib["lib"]\n    node_venv_lib_python3_12_site-packages_PyQt6_Qt6_lib --> node_venv_lib_python3_12_site-packages_PyQt6_Qt6_lib_QtQuick3DUtils_framework["QtQuick3DUtils.framework"]\n    node_venv_lib_python3_12_site-packages_PyQt6_Qt6_lib_QtQuick3DUtils_framework --> node_venv_lib_python3_12_site-packages_PyQt6_Qt6_lib_QtQuick3DUtils_framework_Versions["Versions"]\n    node_venv_lib_python3_12_site-packages_PyQt6_Qt6_lib_QtQuick3DUtils_framework_Versions --> node_venv_lib_python3_12_site-packages_PyQt6_Qt6_lib_QtQuick3DUtils_framework_Versions_A["A"]\n    node_venv_lib_python3_12_site-packages_PyQt6_Qt6_lib_QtQuick3DUtils_framework_Versions_A --> node_venv_lib_python3_12_site-packages_PyQt6_Qt6_lib_QtQuick3DUtils_framework_Versions_A_QtQuick3DUtils["QtQuick3DUtils"]\n    Root --> node_venv["venv"]\n    node_venv --> node_venv_lib["lib"]\n    node_venv_lib --> node_venv_lib_python3_12["python3.12"]\n    node_venv_lib_python3_12 --> node_venv_lib_python3_12_site-packages["site-packages"]\n    node_venv_lib_python3_12_site-packages --> node_venv_lib_python3_12_site-packages_PyQt6["PyQt6"]\n    node_venv_lib_python3_12_site-packages_PyQt6 --> node_venv_lib_python3_12_site-packages_PyQt6_Qt6["Qt6"]\n    node_venv_lib_python3_12_site-packages_PyQt6_Qt6 --> node_venv_lib_python3_12_site-packages_PyQt6_Qt6_lib["lib"]\n    node_venv_lib_python3_12_site-packages_PyQt6_Qt6_lib --> node_venv_lib_python3_12_site-packages_PyQt6_Qt6_lib_QtQuickTemplates2_framework["QtQuickTemplates2.framework"]\n    node_venv_lib_python3_12_site-packages_PyQt6_Qt6_lib_QtQuickTemplates2_framework --> node_venv_lib_python3_12_site-packages_PyQt6_Qt6_lib_QtQuickTemplates2_framework_Resources["Resources"]\n    node_venv_lib_python3_12_site-packages_PyQt6_Qt6_lib_QtQuickTemplates2_framework_Resources --> node_venv_lib_python3_12_site-packages_PyQt6_Qt6_lib_QtQuickTemplates2_framework_Resources_Info_plist["Info.plist"]\n    Root --> node_venv["venv"]\n    node_venv --> node_venv_lib["lib"]\n    node_venv_lib --> node_venv_lib_python3_12["python3.12"]\n    node_venv_lib_python3_12 --> node_venv_lib_python3_12_site-packages["site-packages"]\n    node_venv_lib_python3_12_site-packages --> node_venv_lib_python3_12_site-packages_PyQt6["PyQt6"]\n    node_venv_lib_python3_12_site-packages_PyQt6 --> node_venv_lib_python3_12_site-packages_PyQt6_Qt6["Qt6"]\n    node_venv_lib_python3_12_site-packages_PyQt6_Qt6 --> node_venv_lib_python3_12_site-packages_PyQt6_Qt6_lib["lib"]\n    node_venv_lib_python3_12_site-packages_PyQt6_Qt6_lib --> node_venv_lib_python3_12_site-packages_PyQt6_Qt6_lib_QtQuickTemplates2_framework["QtQuickTemplates2.framework"]\n    node_venv_lib_python3_12_site-packages_PyQt6_Qt6_lib_QtQuickTemplates2_framework --> node_venv_lib_python3_12_site-packages_PyQt6_Qt6_lib_QtQuickTemplates2_framework_Resources["Resources"]\n    node_venv_lib_python3_12_site-packages_PyQt6_Qt6_lib_QtQuickTemplates2_framework_Resources --> node_venv_lib_python3_12_site-packages_PyQt6_Qt6_lib_QtQuickTemplates2_framework_Resources_PrivacyInfo_xcprivacy["PrivacyInfo.xcprivacy"]\n    Root --> node_venv["venv"]\n    node_venv --> node_venv_lib["lib"]\n    node_venv_lib --> node_venv_lib_python3_12["python3.12"]\n    node_venv_lib_python3_12 --> node_venv_lib_python3_12_site-packages["site-packages"]\n    node_venv_lib_python3_12_site-packages --> node_venv_lib_python3_12_site-packages_PyQt6["PyQt6"]\n    node_venv_lib_python3_12_site-packages_PyQt6 --> node_venv_lib_python3_12_site-packages_PyQt6_Qt6["Qt6"]\n    node_venv_lib_python3_12_site-packages_PyQt6_Qt6 --> node_venv_lib_python3_12_site-packages_PyQt6_Qt6_lib["lib"]\n    node_venv_lib_python3_12_site-packages_PyQt6_Qt6_lib --> node_venv_lib_python3_12_site-packages_PyQt6_Qt6_lib_QtQuickTemplates2_framework["QtQuickTemplates2.framework"]\n    node_venv_lib_python3_12_site-packages_PyQt6_Qt6_lib_QtQuickTemplates2_framework --> node_venv_lib_python3_12_site-packages_PyQt6_Qt6_lib_QtQuickTemplates2_framework_Versions["Versions"]\n    node_venv_lib_python3_12_site-packages_PyQt6_Qt6_lib_QtQuickTemplates2_framework_Versions --> node_venv_lib_python3_12_site-packages_PyQt6_Qt6_lib_QtQuickTemplates2_framework_Versions_A["A"]\n    node_venv_lib_python3_12_site-packages_PyQt6_Qt6_lib_QtQuickTemplates2_framework_Versions_A --> node_venv_lib_python3_12_site-packages_PyQt6_Qt6_lib_QtQuickTemplates2_framework_Versions_A_QtQuickTemplates2["QtQuickTemplates2"]\n    Root --> node_venv["venv"]\n    node_venv --> node_venv_lib["lib"]\n    node_venv_lib --> node_venv_lib_python3_12["python3.12"]\n    node_venv_lib_python3_12 --> node_venv_lib_python3_12_site-packages["site-packages"]\n    node_venv_lib_python3_12_site-packages --> node_venv_lib_python3_12_site-packages_PyQt6["PyQt6"]\n    node_venv_lib_python3_12_site-packages_PyQt6 --> node_venv_lib_python3_12_site-packages_PyQt6_Qt6["Qt6"]\n    node_venv_lib_python3_12_site-packages_PyQt6_Qt6 --> node_venv_lib_python3_12_site-packages_PyQt6_Qt6_lib["lib"]\n    node_venv_lib_python3_12_site-packages_PyQt6_Qt6_lib --> node_venv_lib_python3_12_site-packages_PyQt6_Qt6_lib_QtPositioningQuick_framework["QtPositioningQuick.framework"]\n    node_venv_lib_python3_12_site-packages_PyQt6_Qt6_lib_QtPositioningQuick_framework --> node_venv_lib_python3_12_site-packages_PyQt6_Qt6_lib_QtPositioningQuick_framework_Resources["Resources"]\n    node_venv_lib_python3_12_site-packages_PyQt6_Qt6_lib_QtPositioningQuick_framework_Resources --> node_venv_lib_python3_12_site-packages_PyQt6_Qt6_lib_QtPositioningQuick_framework_Resources_Info_plist["Info.plist"]\n    Root --> node_venv["venv"]\n    node_venv --> node_venv_lib["lib"]\n    node_venv_lib --> node_venv_lib_python3_12["python3.12"]\n    node_venv_lib_python3_12 --> node_venv_lib_python3_12_site-packages["site-packages"]\n    node_venv_lib_python3_12_site-packages --> node_venv_lib_python3_12_site-packages_PyQt6["PyQt6"]\n    node_venv_lib_python3_12_site-packages_PyQt6 --> node_venv_lib_python3_12_site-packages_PyQt6_Qt6["Qt6"]\n    node_venv_lib_python3_12_site-packages_PyQt6_Qt6 --> node_venv_lib_python3_12_site-packages_PyQt6_Qt6_lib["lib"]\n    node_venv_lib_python3_12_site-packages_PyQt6_Qt6_lib --> node_venv_lib_python3_12_site-packages_PyQt6_Qt6_lib_QtPositioningQuick_framework["QtPositioningQuick.framework"]\n    node_venv_lib_python3_12_site-packages_PyQt6_Qt6_lib_QtPositioningQuick_framework --> node_venv_lib_python3_12_site-packages_PyQt6_Qt6_lib_QtPositioningQuick_framework_Resources["Resources"]\n    node_venv_lib_python3_12_site-packages_PyQt6_Qt6_lib_QtPositioningQuick_framework_Resources --> node_venv_lib_python3_12_site-packages_PyQt6_Qt6_lib_QtPositioningQuick_framework_Resources_PrivacyInfo_xcprivacy["PrivacyInfo.xcprivacy"]\n    Root --> node_venv["venv"]\n    node_venv --> node_venv_lib["lib"]\n    node_venv_lib --> node_venv_lib_python3_12["python3.12"]\n    node_venv_lib_python3_12 --> node_venv_lib_python3_12_site-packages["site-packages"]\n    node_venv_lib_python3_12_site-packages --> node_venv_lib_python3_12_site-packages_PyQt6["PyQt6"]\n    node_venv_lib_python3_12_site-packages_PyQt6 --> node_venv_lib_python3_12_site-packages_PyQt6_Qt6["Qt6"]\n    node_venv_lib_python3_12_site-packages_PyQt6_Qt6 --> node_venv_lib_python3_12_site-packages_PyQt6_Qt6_lib["lib"]\n    node_venv_lib_python3_12_site-packages_PyQt6_Qt6_lib --> node_venv_lib_python3_12_site-packages_PyQt6_Qt6_lib_QtPositioningQuick_framework["QtPositioningQuick.framework"]\n    node_venv_lib_python3_12_site-packages_PyQt6_Qt6_lib_QtPositioningQuick_framework --> node_venv_lib_python3_12_site-packages_PyQt6_Qt6_lib_QtPositioningQuick_framework_Versions["Versions"]\n    node_venv_lib_python3_12_site-packages_PyQt6_Qt6_lib_QtPositioningQuick_framework_Versions --> node_venv_lib_python3_12_site-packages_PyQt6_Qt6_lib_QtPositioningQuick_framework_Versions_A["A"]\n    node_venv_lib_python3_12_site-packages_PyQt6_Qt6_lib_QtPositioningQuick_framework_Versions_A --> node_venv_lib_python3_12_site-packages_PyQt6_Qt6_lib_QtPositioningQuick_framework_Versions_A_QtPositioningQuick["QtPositioningQuick"]\n    Root --> node_venv["venv"]\n    node_venv --> node_venv_lib["lib"]\n    node_venv_lib --> node_venv_lib_python3_12["python3.12"]\n    node_venv_lib_python3_12 --> node_venv_lib_python3_12_site-packages["site-packages"]\n    node_venv_lib_python3_12_site-packages --> node_venv_lib_python3_12_site-packages_PyQt6["PyQt6"]\n    node_venv_lib_python3_12_site-packages_PyQt6 --> node_venv_lib_python3_12_site-packages_PyQt6_Qt6["Qt6"]\n    node_venv_lib_python3_12_site-packages_PyQt6_Qt6 --> node_venv_lib_python3_12_site-packages_PyQt6_Qt6_lib["lib"]\n    node_venv_lib_python3_12_site-packages_PyQt6_Qt6_lib --> node_venv_lib_python3_12_site-packages_PyQt6_Qt6_lib_QtQuickDialogs2Utils_framework["QtQuickDialogs2Utils.framework"]\n    node_venv_lib_python3_12_site-packages_PyQt6_Qt6_lib_QtQuickDialogs2Utils_framework --> node_venv_lib_python3_12_site-packages_PyQt6_Qt6_lib_QtQuickDialogs2Utils_framework_Resources["Resources"]\n    node_venv_lib_python3_12_site-packages_PyQt6_Qt6_lib_QtQuickDialogs2Utils_framework_Resources --> node_venv_lib_python3_12_site-packages_PyQt6_Qt6_lib_QtQuickDialogs2Utils_framework_Resources_Info_plist["Info.plist"]\n    Root --> node_venv["venv"]\n    node_venv --> node_venv_lib["lib"]\n    node_venv_lib --> node_venv_lib_python3_12["python3.12"]\n    node_venv_lib_python3_12 --> node_venv_lib_python3_12_site-packages["site-packages"]\n    node_venv_lib_python3_12_site-packages --> node_venv_lib_python3_12_site-packages_PyQt6["PyQt6"]\n    node_venv_lib_python3_12_site-packages_PyQt6 --> node_venv_lib_python3_12_site-packages_PyQt6_Qt6["Qt6"]\n    node_venv_lib_python3_12_site-packages_PyQt6_Qt6 --> node_venv_lib_python3_12_site-packages_PyQt6_Qt6_lib["lib"]\n    node_venv_lib_python3_12_site-packages_PyQt6_Qt6_lib --> node_venv_lib_python3_12_site-packages_PyQt6_Qt6_lib_QtQuickDialogs2Utils_framework["QtQuickDialogs2Utils.framework"]\n    node_venv_lib_python3_12_site-packages_PyQt6_Qt6_lib_QtQuickDialogs2Utils_framework --> node_venv_lib_python3_12_site-packages_PyQt6_Qt6_lib_QtQuickDialogs2Utils_framework_Resources["Resources"]\n    node_venv_lib_python3_12_site-packages_PyQt6_Qt6_lib_QtQuickDialogs2Utils_framework_Resources --> node_venv_lib_python3_12_site-packages_PyQt6_Qt6_lib_QtQuickDialogs2Utils_framework_Resources_PrivacyInfo_xcprivacy["PrivacyInfo.xcprivacy"]\n    Root --> node_venv["venv"]\n    node_venv --> node_venv_lib["lib"]\n    node_venv_lib --> node_venv_lib_python3_12["python3.12"]\n    node_venv_lib_python3_12 --> node_venv_lib_python3_12_site-packages["site-packages"]\n    node_venv_lib_python3_12_site-packages --> node_venv_lib_python3_12_site-packages_PyQt6["PyQt6"]\n    node_venv_lib_python3_12_site-packages_PyQt6 --> node_venv_lib_python3_12_site-packages_PyQt6_Qt6["Qt6"]\n    node_venv_lib_python3_12_site-packages_PyQt6_Qt6 --> node_venv_lib_python3_12_site-packages_PyQt6_Qt6_lib["lib"]\n    node_venv_lib_python3_12_site-packages_PyQt6_Qt6_lib --> node_venv_lib_python3_12_site-packages_PyQt6_Qt6_lib_QtQuickDialogs2Utils_framework["QtQuickDialogs2Utils.framework"]\n    node_venv_lib_python3_12_site-packages_PyQt6_Qt6_lib_QtQuickDialogs2Utils_framework --> node_venv_lib_python3_12_site-packages_PyQt6_Qt6_lib_QtQuickDialogs2Utils_framework_Versions["Versions"]\n    node_venv_lib_python3_12_site-packages_PyQt6_Qt6_lib_QtQuickDialogs2Utils_framework_Versions --> node_venv_lib_python3_12_site-packages_PyQt6_Qt6_lib_QtQuickDialogs2Utils_framework_Versions_A["A"]\n    node_venv_lib_python3_12_site-packages_PyQt6_Qt6_lib_QtQuickDialogs2Utils_framework_Versions_A --> node_venv_lib_python3_12_site-packages_PyQt6_Qt6_lib_QtQuickDialogs2Utils_framework_Versions_A_QtQuickDialogs2Utils["QtQuickDialogs2Utils"]\n    Root --> node_venv["venv"]\n    node_venv --> node_venv_lib["lib"]\n    node_venv_lib --> node_venv_lib_python3_12["python3.12"]\n    node_venv_lib_python3_12 --> node_venv_lib_python3_12_site-packages["site-packages"]\n    node_venv_lib_python3_12_site-packages --> node_venv_lib_python3_12_site-packages_PyQt6["PyQt6"]\n    node_venv_lib_python3_12_site-packages_PyQt6 --> node_venv_lib_python3_12_site-packages_PyQt6_Qt6["Qt6"]\n    node_venv_lib_python3_12_site-packages_PyQt6_Qt6 --> node_venv_lib_python3_12_site-packages_PyQt6_Qt6_lib["lib"]\n    node_venv_lib_python3_12_site-packages_PyQt6_Qt6_lib --> node_venv_lib_python3_12_site-packages_PyQt6_Qt6_lib_QtXml_framework["QtXml.framework"]\n    node_venv_lib_python3_12_site-packages_PyQt6_Qt6_lib_QtXml_framework --> node_venv_lib_python3_12_site-packages_PyQt6_Qt6_lib_QtXml_framework_Resources["Resources"]\n    node_venv_lib_python3_12_site-packages_PyQt6_Qt6_lib_QtXml_framework_Resources --> node_venv_lib_python3_12_site-packages_PyQt6_Qt6_lib_QtXml_framework_Resources_Info_plist["Info.plist"]\n    Root --> node_venv["venv"]\n    node_venv --> node_venv_lib["lib"]\n    node_venv_lib --> node_venv_lib_python3_12["python3.12"]\n    node_venv_lib_python3_12 --> node_venv_lib_python3_12_site-packages["site-packages"]\n    node_venv_lib_python3_12_site-packages --> node_venv_lib_python3_12_site-packages_PyQt6["PyQt6"]\n    node_venv_lib_python3_12_site-packages_PyQt6 --> node_venv_lib_python3_12_site-packages_PyQt6_Qt6["Qt6"]\n    node_venv_lib_python3_12_site-packages_PyQt6_Qt6 --> node_venv_lib_python3_12_site-packages_PyQt6_Qt6_lib["lib"]\n    node_venv_lib_python3_12_site-packages_PyQt6_Qt6_lib --> node_venv_lib_python3_12_site-packages_PyQt6_Qt6_lib_QtXml_framework["QtXml.framework"]\n    node_venv_lib_python3_12_site-packages_PyQt6_Qt6_lib_QtXml_framework --> node_venv_lib_python3_12_site-packages_PyQt6_Qt6_lib_QtXml_framework_Resources["Resources"]\n    node_venv_lib_python3_12_site-packages_PyQt6_Qt6_lib_QtXml_framework_Resources --> node_venv_lib_python3_12_site-packages_PyQt6_Qt6_lib_QtXml_framework_Resources_PrivacyInfo_xcprivacy["PrivacyInfo.xcprivacy"]\n    Root --> node_venv["venv"]\n    node_venv --> node_venv_lib["lib"]\n    node_venv_lib --> node_venv_lib_python3_12["python3.12"]\n    node_venv_lib_python3_12 --> node_venv_lib_python3_12_site-packages["site-packages"]\n    node_venv_lib_python3_12_site-packages --> node_venv_lib_python3_12_site-packages_PyQt6["PyQt6"]\n    node_venv_lib_python3_12_site-packages_PyQt6 --> node_venv_lib_python3_12_site-packages_PyQt6_Qt6["Qt6"]\n    node_venv_lib_python3_12_site-packages_PyQt6_Qt6 --> node_venv_lib_python3_12_site-packages_PyQt6_Qt6_lib["lib"]\n    node_venv_lib_python3_12_site-packages_PyQt6_Qt6_lib --> node_venv_lib_python3_12_site-packages_PyQt6_Qt6_lib_QtXml_framework["QtXml.framework"]\n    node_venv_lib_python3_12_site-packages_PyQt6_Qt6_lib_QtXml_framework --> node_venv_lib_python3_12_site-packages_PyQt6_Qt6_lib_QtXml_framework_Versions["Versions"]\n    node_venv_lib_python3_12_site-packages_PyQt6_Qt6_lib_QtXml_framework_Versions --> node_venv_lib_python3_12_site-packages_PyQt6_Qt6_lib_QtXml_framework_Versions_A["A"]\n    node_venv_lib_python3_12_site-packages_PyQt6_Qt6_lib_QtXml_framework_Versions_A --> node_venv_lib_python3_12_site-packages_PyQt6_Qt6_lib_QtXml_framework_Versions_A_QtXml["QtXml"]\n    Root --> node_venv["venv"]\n    node_venv --> node_venv_lib["lib"]\n    node_venv_lib --> node_venv_lib_python3_12["python3.12"]\n    node_venv_lib_python3_12 --> node_venv_lib_python3_12_site-packages["site-packages"]\n    node_venv_lib_python3_12_site-packages --> node_venv_lib_python3_12_site-packages_PyQt6["PyQt6"]\n    node_venv_lib_python3_12_site-packages_PyQt6 --> node_venv_lib_python3_12_site-packages_PyQt6_Qt6["Qt6"]\n    node_venv_lib_python3_12_site-packages_PyQt6_Qt6 --> node_venv_lib_python3_12_site-packages_PyQt6_Qt6_lib["lib"]\n    node_venv_lib_python3_12_site-packages_PyQt6_Qt6_lib --> node_venv_lib_python3_12_site-packages_PyQt6_Qt6_lib_QtQuick3DParticles_framework["QtQuick3DParticles.framework"]\n    node_venv_lib_python3_12_site-packages_PyQt6_Qt6_lib_QtQuick3DParticles_framework --> node_venv_lib_python3_12_site-packages_PyQt6_Qt6_lib_QtQuick3DParticles_framework_Resources["Resources"]\n    node_venv_lib_python3_12_site-packages_PyQt6_Qt6_lib_QtQuick3DParticles_framework_Resources --> node_venv_lib_python3_12_site-packages_PyQt6_Qt6_lib_QtQuick3DParticles_framework_Resources_Info_plist["Info.plist"]\n    Root --> node_venv["venv"]\n    node_venv --> node_venv_lib["lib"]\n    node_venv_lib --> node_venv_lib_python3_12["python3.12"]\n    node_venv_lib_python3_12 --> node_venv_lib_python3_12_site-packages["site-packages"]\n    node_venv_lib_python3_12_site-packages --> node_venv_lib_python3_12_site-packages_PyQt6["PyQt6"]\n    node_venv_lib_python3_12_site-packages_PyQt6 --> node_venv_lib_python3_12_site-packages_PyQt6_Qt6["Qt6"]\n    node_venv_lib_python3_12_site-packages_PyQt6_Qt6 --> node_venv_lib_python3_12_site-packages_PyQt6_Qt6_lib["lib"]\n    node_venv_lib_python3_12_site-packages_PyQt6_Qt6_lib --> node_venv_lib_python3_12_site-packages_PyQt6_Qt6_lib_QtQuick3DParticles_framework["QtQuick3DParticles.framework"]\n    node_venv_lib_python3_12_site-packages_PyQt6_Qt6_lib_QtQuick3DParticles_framework --> node_venv_lib_python3_12_site-packages_PyQt6_Qt6_lib_QtQuick3DParticles_framework_Resources["Resources"]\n    node_venv_lib_python3_12_site-packages_PyQt6_Qt6_lib_QtQuick3DParticles_framework_Resources --> node_venv_lib_python3_12_site-packages_PyQt6_Qt6_lib_QtQuick3DParticles_framework_Resources_PrivacyInfo_xcprivacy["PrivacyInfo.xcprivacy"]\n    Root --> node_venv["venv"]\n    node_venv --> node_venv_lib["lib"]\n    node_venv_lib --> node_venv_lib_python3_12["python3.12"]\n    node_venv_lib_python3_12 --> node_venv_lib_python3_12_site-packages["site-packages"]\n    node_venv_lib_python3_12_site-packages --> node_venv_lib_python3_12_site-packages_PyQt6["PyQt6"]\n    node_venv_lib_python3_12_site-packages_PyQt6 --> node_venv_lib_python3_12_site-packages_PyQt6_Qt6["Qt6"]\n    node_venv_lib_python3_12_site-packages_PyQt6_Qt6 --> node_venv_lib_python3_12_site-packages_PyQt6_Qt6_lib["lib"]\n    node_venv_lib_python3_12_site-packages_PyQt6_Qt6_lib --> node_venv_lib_python3_12_site-packages_PyQt6_Qt6_lib_QtQuick3DParticles_framework["QtQuick3DParticles.framework"]\n    node_venv_lib_python3_12_site-packages_PyQt6_Qt6_lib_QtQuick3DParticles_framework --> node_venv_lib_python3_12_site-packages_PyQt6_Qt6_lib_QtQuick3DParticles_framework_Versions["Versions"]\n    node_venv_lib_python3_12_site-packages_PyQt6_Qt6_lib_QtQuick3DParticles_framework_Versions --> node_venv_lib_python3_12_site-packages_PyQt6_Qt6_lib_QtQuick3DParticles_framework_Versions_A["A"]\n    node_venv_lib_python3_12_site-packages_PyQt6_Qt6_lib_QtQuick3DParticles_framework_Versions_A --> node_venv_lib_python3_12_site-packages_PyQt6_Qt6_lib_QtQuick3DParticles_framework_Versions_A_QtQuick3DParticles["QtQuick3DParticles"]\n    Root --> node_venv["venv"]\n    node_venv --> node_venv_lib["lib"]\n    node_venv_lib --> node_venv_lib_python3_12["python3.12"]\n    node_venv_lib_python3_12 --> node_venv_lib_python3_12_site-packages["site-packages"]\n    node_venv_lib_python3_12_site-packages --> node_venv_lib_python3_12_site-packages_PyQt6["PyQt6"]\n    node_venv_lib_python3_12_site-packages_PyQt6 --> node_venv_lib_python3_12_site-packages_PyQt6_Qt6["Qt6"]\n    node_venv_lib_python3_12_site-packages_PyQt6_Qt6 --> node_venv_lib_python3_12_site-packages_PyQt6_Qt6_lib["lib"]\n    node_venv_lib_python3_12_site-packages_PyQt6_Qt6_lib --> node_venv_lib_python3_12_site-packages_PyQt6_Qt6_lib_QtSerialPort_framework["QtSerialPort.framework"]\n    node_venv_lib_python3_12_site-packages_PyQt6_Qt6_lib_QtSerialPort_framework --> node_venv_lib_python3_12_site-packages_PyQt6_Qt6_lib_QtSerialPort_framework_Resources["Resources"]\n    node_venv_lib_python3_12_site-packages_PyQt6_Qt6_lib_QtSerialPort_framework_Resources --> node_venv_lib_python3_12_site-packages_PyQt6_Qt6_lib_QtSerialPort_framework_Resources_Info_plist["Info.plist"]\n    Root --> node_venv["venv"]\n    node_venv --> node_venv_lib["lib"]\n    node_venv_lib --> node_venv_lib_python3_12["python3.12"]\n    node_venv_lib_python3_12 --> node_venv_lib_python3_12_site-packages["site-packages"]\n    node_venv_lib_python3_12_site-packages --> node_venv_lib_python3_12_site-packages_PyQt6["PyQt6"]\n    node_venv_lib_python3_12_site-packages_PyQt6 --> node_venv_lib_python3_12_site-packages_PyQt6_Qt6["Qt6"]\n    node_venv_lib_python3_12_site-packages_PyQt6_Qt6 --> node_venv_lib_python3_12_site-packages_PyQt6_Qt6_lib["lib"]\n    node_venv_lib_python3_12_site-packages_PyQt6_Qt6_lib --> node_venv_lib_python3_12_site-packages_PyQt6_Qt6_lib_QtSerialPort_framework["QtSerialPort.framework"]\n    node_venv_lib_python3_12_site-packages_PyQt6_Qt6_lib_QtSerialPort_framework --> node_venv_lib_python3_12_site-packages_PyQt6_Qt6_lib_QtSerialPort_framework_Resources["Resources"]\n    node_venv_lib_python3_12_site-packages_PyQt6_Qt6_lib_QtSerialPort_framework_Resources --> node_venv_lib_python3_12_site-packages_PyQt6_Qt6_lib_QtSerialPort_framework_Resources_PrivacyInfo_xcprivacy["PrivacyInfo.xcprivacy"]\n    Root --> node_venv["venv"]\n    node_venv --> node_venv_lib["lib"]\n    node_venv_lib --> node_venv_lib_python3_12["python3.12"]\n    node_venv_lib_python3_12 --> node_venv_lib_python3_12_site-packages["site-packages"]\n    node_venv_lib_python3_12_site-packages --> node_venv_lib_python3_12_site-packages_PyQt6["PyQt6"]\n    node_venv_lib_python3_12_site-packages_PyQt6 --> node_venv_lib_python3_12_site-packages_PyQt6_Qt6["Qt6"]\n    node_venv_lib_python3_12_site-packages_PyQt6_Qt6 --> node_venv_lib_python3_12_site-packages_PyQt6_Qt6_lib["lib"]\n    node_venv_lib_python3_12_site-packages_PyQt6_Qt6_lib --> node_venv_lib_python3_12_site-packages_PyQt6_Qt6_lib_QtSerialPort_framework["QtSerialPort.framework"]\n    node_venv_lib_python3_12_site-packages_PyQt6_Qt6_lib_QtSerialPort_framework --> node_venv_lib_python3_12_site-packages_PyQt6_Qt6_lib_QtSerialPort_framework_Versions["Versions"]\n    node_venv_lib_python3_12_site-packages_PyQt6_Qt6_lib_QtSerialPort_framework_Versions --> node_venv_lib_python3_12_site-packages_PyQt6_Qt6_lib_QtSerialPort_framework_Versions_A["A"]\n    node_venv_lib_python3_12_site-packages_PyQt6_Qt6_lib_QtSerialPort_framework_Versions_A --> node_venv_lib_python3_12_site-packages_PyQt6_Qt6_lib_QtSerialPort_framework_Versions_A_QtSerialPort["QtSerialPort"]\n    Root --> node_venv["venv"]\n    node_venv --> node_venv_lib["lib"]\n    node_venv_lib --> node_venv_lib_python3_12["python3.12"]\n    node_venv_lib_python3_12 --> node_venv_lib_python3_12_site-packages["site-packages"]\n    node_venv_lib_python3_12_site-packages --> node_venv_lib_python3_12_site-packages_PyQt6["PyQt6"]\n    node_venv_lib_python3_12_site-packages_PyQt6 --> node_venv_lib_python3_12_site-packages_PyQt6_Qt6["Qt6"]\n    node_venv_lib_python3_12_site-packages_PyQt6_Qt6 --> node_venv_lib_python3_12_site-packages_PyQt6_Qt6_lib["lib"]\n    node_venv_lib_python3_12_site-packages_PyQt6_Qt6_lib --> node_venv_lib_python3_12_site-packages_PyQt6_Qt6_lib_QtQuick_framework["QtQuick.framework"]\n    node_venv_lib_python3_12_site-packages_PyQt6_Qt6_lib_QtQuick_framework --> node_venv_lib_python3_12_site-packages_PyQt6_Qt6_lib_QtQuick_framework_Resources["Resources"]\n    node_venv_lib_python3_12_site-packages_PyQt6_Qt6_lib_QtQuick_framework_Resources --> node_venv_lib_python3_12_site-packages_PyQt6_Qt6_lib_QtQuick_framework_Resources_Info_plist["Info.plist"]\n    Root --> node_venv["venv"]\n    node_venv --> node_venv_lib["lib"]\n    node_venv_lib --> node_venv_lib_python3_12["python3.12"]\n    node_venv_lib_python3_12 --> node_venv_lib_python3_12_site-packages["site-packages"]\n    node_venv_lib_python3_12_site-packages --> node_venv_lib_python3_12_site-packages_PyQt6["PyQt6"]\n    node_venv_lib_python3_12_site-packages_PyQt6 --> node_venv_lib_python3_12_site-packages_PyQt6_Qt6["Qt6"]\n    node_venv_lib_python3_12_site-packages_PyQt6_Qt6 --> node_venv_lib_python3_12_site-packages_PyQt6_Qt6_lib["lib"]\n    node_venv_lib_python3_12_site-packages_PyQt6_Qt6_lib --> node_venv_lib_python3_12_site-packages_PyQt6_Qt6_lib_QtQuick_framework["QtQuick.framework"]\n    node_venv_lib_python3_12_site-packages_PyQt6_Qt6_lib_QtQuick_framework --> node_venv_lib_python3_12_site-packages_PyQt6_Qt6_lib_QtQuick_framework_Resources["Resources"]\n    node_venv_lib_python3_12_site-packages_PyQt6_Qt6_lib_QtQuick_framework_Resources --> node_venv_lib_python3_12_site-packages_PyQt6_Qt6_lib_QtQuick_framework_Resources_PrivacyInfo_xcprivacy["PrivacyInfo.xcprivacy"]\n    Root --> node_venv["venv"]\n    node_venv --> node_venv_lib["lib"]\n    node_venv_lib --> node_venv_lib_python3_12["python3.12"]\n    node_venv_lib_python3_12 --> node_venv_lib_python3_12_site-packages["site-packages"]\n    node_venv_lib_python3_12_site-packages --> node_venv_lib_python3_12_site-packages_PyQt6["PyQt6"]\n    node_venv_lib_python3_12_site-packages_PyQt6 --> node_venv_lib_python3_12_site-packages_PyQt6_Qt6["Qt6"]\n    node_venv_lib_python3_12_site-packages_PyQt6_Qt6 --> node_venv_lib_python3_12_site-packages_PyQt6_Qt6_lib["lib"]\n    node_venv_lib_python3_12_site-packages_PyQt6_Qt6_lib --> node_venv_lib_python3_12_site-packages_PyQt6_Qt6_lib_QtQuick_framework["QtQuick.framework"]\n    node_venv_lib_python3_12_site-packages_PyQt6_Qt6_lib_QtQuick_framework --> node_venv_lib_python3_12_site-packages_PyQt6_Qt6_lib_QtQuick_framework_Versions["Versions"]\n    node_venv_lib_python3_12_site-packages_PyQt6_Qt6_lib_QtQuick_framework_Versions --> node_venv_lib_python3_12_site-packages_PyQt6_Qt6_lib_QtQuick_framework_Versions_A["A"]\n    node_venv_lib_python3_12_site-packages_PyQt6_Qt6_lib_QtQuick_framework_Versions_A --> node_venv_lib_python3_12_site-packages_PyQt6_Qt6_lib_QtQuick_framework_Versions_A_QtQuick["QtQuick"]\n    Root --> node_venv["venv"]\n    node_venv --> node_venv_lib["lib"]\n    node_venv_lib --> node_venv_lib_python3_12["python3.12"]\n    node_venv_lib_python3_12 --> node_venv_lib_python3_12_site-packages["site-packages"]\n    node_venv_lib_python3_12_site-packages --> node_venv_lib_python3_12_site-packages_PyQt6["PyQt6"]\n    node_venv_lib_python3_12_site-packages_PyQt6 --> node_venv_lib_python3_12_site-packages_PyQt6_Qt6["Qt6"]\n    node_venv_lib_python3_12_site-packages_PyQt6_Qt6 --> node_venv_lib_python3_12_site-packages_PyQt6_Qt6_lib["lib"]\n    node_venv_lib_python3_12_site-packages_PyQt6_Qt6_lib --> node_venv_lib_python3_12_site-packages_PyQt6_Qt6_lib_QtQuickEffects_framework["QtQuickEffects.framework"]\n    node_venv_lib_python3_12_site-packages_PyQt6_Qt6_lib_QtQuickEffects_framework --> node_venv_lib_python3_12_site-packages_PyQt6_Qt6_lib_QtQuickEffects_framework_Resources["Resources"]\n    node_venv_lib_python3_12_site-packages_PyQt6_Qt6_lib_QtQuickEffects_framework_Resources --> node_venv_lib_python3_12_site-packages_PyQt6_Qt6_lib_QtQuickEffects_framework_Resources_Info_plist["Info.plist"]\n    Root --> node_venv["venv"]\n    node_venv --> node_venv_lib["lib"]\n    node_venv_lib --> node_venv_lib_python3_12["python3.12"]\n    node_venv_lib_python3_12 --> node_venv_lib_python3_12_site-packages["site-packages"]\n    node_venv_lib_python3_12_site-packages --> node_venv_lib_python3_12_site-packages_PyQt6["PyQt6"]\n    node_venv_lib_python3_12_site-packages_PyQt6 --> node_venv_lib_python3_12_site-packages_PyQt6_Qt6["Qt6"]\n    node_venv_lib_python3_12_site-packages_PyQt6_Qt6 --> node_venv_lib_python3_12_site-packages_PyQt6_Qt6_lib["lib"]\n    node_venv_lib_python3_12_site-packages_PyQt6_Qt6_lib --> node_venv_lib_python3_12_site-packages_PyQt6_Qt6_lib_QtQuickEffects_framework["QtQuickEffects.framework"]\n    node_venv_lib_python3_12_site-packages_PyQt6_Qt6_lib_QtQuickEffects_framework --> node_venv_lib_python3_12_site-packages_PyQt6_Qt6_lib_QtQuickEffects_framework_Resources["Resources"]\n    node_venv_lib_python3_12_site-packages_PyQt6_Qt6_lib_QtQuickEffects_framework_Resources --> node_venv_lib_python3_12_site-packages_PyQt6_Qt6_lib_QtQuickEffects_framework_Resources_PrivacyInfo_xcprivacy["PrivacyInfo.xcprivacy"]\n    Root --> node_venv["venv"]\n    node_venv --> node_venv_lib["lib"]\n    node_venv_lib --> node_venv_lib_python3_12["python3.12"]\n    node_venv_lib_python3_12 --> node_venv_lib_python3_12_site-packages["site-packages"]\n    node_venv_lib_python3_12_site-packages --> node_venv_lib_python3_12_site-packages_PyQt6["PyQt6"]\n    node_venv_lib_python3_12_site-packages_PyQt6 --> node_venv_lib_python3_12_site-packages_PyQt6_Qt6["Qt6"]\n    node_venv_lib_python3_12_site-packages_PyQt6_Qt6 --> node_venv_lib_python3_12_site-packages_PyQt6_Qt6_lib["lib"]\n    node_venv_lib_python3_12_site-packages_PyQt6_Qt6_lib --> node_venv_lib_python3_12_site-packages_PyQt6_Qt6_lib_QtQuickEffects_framework["QtQuickEffects.framework"]\n    node_venv_lib_python3_12_site-packages_PyQt6_Qt6_lib_QtQuickEffects_framework --> node_venv_lib_python3_12_site-packages_PyQt6_Qt6_lib_QtQuickEffects_framework_Versions["Versions"]\n    node_venv_lib_python3_12_site-packages_PyQt6_Qt6_lib_QtQuickEffects_framework_Versions --> node_venv_lib_python3_12_site-packages_PyQt6_Qt6_lib_QtQuickEffects_framework_Versions_A["A"]\n    node_venv_lib_python3_12_site-packages_PyQt6_Qt6_lib_QtQuickEffects_framework_Versions_A --> node_venv_lib_python3_12_site-packages_PyQt6_Qt6_lib_QtQuickEffects_framework_Versions_A_QtQuickEffects["QtQuickEffects"]\n    Root --> node_venv["venv"]\n    node_venv --> node_venv_lib["lib"]\n    node_venv_lib --> node_venv_lib_python3_12["python3.12"]\n    node_venv_lib_python3_12 --> node_venv_lib_python3_12_site-packages["site-packages"]\n    node_venv_lib_python3_12_site-packages --> node_venv_lib_python3_12_site-packages_PyQt6["PyQt6"]\n    node_venv_lib_python3_12_site-packages_PyQt6 --> node_venv_lib_python3_12_site-packages_PyQt6_Qt6["Qt6"]\n    node_venv_lib_python3_12_site-packages_PyQt6_Qt6 --> node_venv_lib_python3_12_site-packages_PyQt6_Qt6_lib["lib"]\n    node_venv_lib_python3_12_site-packages_PyQt6_Qt6_lib --> node_venv_lib_python3_12_site-packages_PyQt6_Qt6_lib_QtQuickTimelineBlendTrees_framework["QtQuickTimelineBlendTrees.framework"]\n    node_venv_lib_python3_12_site-packages_PyQt6_Qt6_lib_QtQuickTimelineBlendTrees_framework --> node_venv_lib_python3_12_site-packages_PyQt6_Qt6_lib_QtQuickTimelineBlendTrees_framework_Resources["Resources"]\n    node_venv_lib_python3_12_site-packages_PyQt6_Qt6_lib_QtQuickTimelineBlendTrees_framework_Resources --> node_venv_lib_python3_12_site-packages_PyQt6_Qt6_lib_QtQuickTimelineBlendTrees_framework_Resources_Info_plist["Info.plist"]\n    Root --> node_venv["venv"]\n    node_venv --> node_venv_lib["lib"]\n    node_venv_lib --> node_venv_lib_python3_12["python3.12"]\n    node_venv_lib_python3_12 --> node_venv_lib_python3_12_site-packages["site-packages"]\n    node_venv_lib_python3_12_site-packages --> node_venv_lib_python3_12_site-packages_PyQt6["PyQt6"]\n    node_venv_lib_python3_12_site-packages_PyQt6 --> node_venv_lib_python3_12_site-packages_PyQt6_Qt6["Qt6"]\n    node_venv_lib_python3_12_site-packages_PyQt6_Qt6 --> node_venv_lib_python3_12_site-packages_PyQt6_Qt6_lib["lib"]\n    node_venv_lib_python3_12_site-packages_PyQt6_Qt6_lib --> node_venv_lib_python3_12_site-packages_PyQt6_Qt6_lib_QtQuickTimelineBlendTrees_framework["QtQuickTimelineBlendTrees.framework"]\n    node_venv_lib_python3_12_site-packages_PyQt6_Qt6_lib_QtQuickTimelineBlendTrees_framework --> node_venv_lib_python3_12_site-packages_PyQt6_Qt6_lib_QtQuickTimelineBlendTrees_framework_Resources["Resources"]\n    node_venv_lib_python3_12_site-packages_PyQt6_Qt6_lib_QtQuickTimelineBlendTrees_framework_Resources --> node_venv_lib_python3_12_site-packages_PyQt6_Qt6_lib_QtQuickTimelineBlendTrees_framework_Resources_PrivacyInfo_xcprivacy["PrivacyInfo.xcprivacy"]\n    Root --> node_venv["venv"]\n    node_venv --> node_venv_lib["lib"]\n    node_venv_lib --> node_venv_lib_python3_12["python3.12"]\n    node_venv_lib_python3_12 --> node_venv_lib_python3_12_site-packages["site-packages"]\n    node_venv_lib_python3_12_site-packages --> node_venv_lib_python3_12_site-packages_PyQt6["PyQt6"]\n    node_venv_lib_python3_12_site-packages_PyQt6 --> node_venv_lib_python3_12_site-packages_PyQt6_Qt6["Qt6"]\n    node_venv_lib_python3_12_site-packages_PyQt6_Qt6 --> node_venv_lib_python3_12_site-packages_PyQt6_Qt6_lib["lib"]\n    node_venv_lib_python3_12_site-packages_PyQt6_Qt6_lib --> node_venv_lib_python3_12_site-packages_PyQt6_Qt6_lib_QtQuickTimelineBlendTrees_framework["QtQuickTimelineBlendTrees.framework"]\n    node_venv_lib_python3_12_site-packages_PyQt6_Qt6_lib_QtQuickTimelineBlendTrees_framework --> node_venv_lib_python3_12_site-packages_PyQt6_Qt6_lib_QtQuickTimelineBlendTrees_framework_Versions["Versions"]\n    node_venv_lib_python3_12_site-packages_PyQt6_Qt6_lib_QtQuickTimelineBlendTrees_framework_Versions --> node_venv_lib_python3_12_site-packages_PyQt6_Qt6_lib_QtQuickTimelineBlendTrees_framework_Versions_A["A"]\n    node_venv_lib_python3_12_site-packages_PyQt6_Qt6_lib_QtQuickTimelineBlendTrees_framework_Versions_A --> node_venv_lib_python3_12_site-packages_PyQt6_Qt6_lib_QtQuickTimelineBlendTrees_framework_Versions_A_QtQuickTimelineBlendTrees["QtQuickTimelineBlendTrees"]\n    Root --> node_venv["venv"]\n    node_venv --> node_venv_lib["lib"]\n    node_venv_lib --> node_venv_lib_python3_12["python3.12"]\n    node_venv_lib_python3_12 --> node_venv_lib_python3_12_site-packages["site-packages"]\n    node_venv_lib_python3_12_site-packages --> node_venv_lib_python3_12_site-packages_PyQt6["PyQt6"]\n    node_venv_lib_python3_12_site-packages_PyQt6 --> node_venv_lib_python3_12_site-packages_PyQt6_Qt6["Qt6"]\n    node_venv_lib_python3_12_site-packages_PyQt6_Qt6 --> node_venv_lib_python3_12_site-packages_PyQt6_Qt6_lib["lib"]\n    node_venv_lib_python3_12_site-packages_PyQt6_Qt6_lib --> node_venv_lib_python3_12_site-packages_PyQt6_Qt6_lib_QtCore_framework["QtCore.framework"]\n    node_venv_lib_python3_12_site-packages_PyQt6_Qt6_lib_QtCore_framework --> node_venv_lib_python3_12_site-packages_PyQt6_Qt6_lib_QtCore_framework_Resources["Resources"]\n    node_venv_lib_python3_12_site-packages_PyQt6_Qt6_lib_QtCore_framework_Resources --> node_venv_lib_python3_12_site-packages_PyQt6_Qt6_lib_QtCore_framework_Resources_Info_plist["Info.plist"]\n    Root --> node_venv["venv"]\n    node_venv --> node_venv_lib["lib"]\n    node_venv_lib --> node_venv_lib_python3_12["python3.12"]\n    node_venv_lib_python3_12 --> node_venv_lib_python3_12_site-packages["site-packages"]\n    node_venv_lib_python3_12_site-packages --> node_venv_lib_python3_12_site-packages_PyQt6["PyQt6"]\n    node_venv_lib_python3_12_site-packages_PyQt6 --> node_venv_lib_python3_12_site-packages_PyQt6_Qt6["Qt6"]\n    node_venv_lib_python3_12_site-packages_PyQt6_Qt6 --> node_venv_lib_python3_12_site-packages_PyQt6_Qt6_lib["lib"]\n    node_venv_lib_python3_12_site-packages_PyQt6_Qt6_lib --> node_venv_lib_python3_12_site-packages_PyQt6_Qt6_lib_QtCore_framework["QtCore.framework"]\n    node_venv_lib_python3_12_site-packages_PyQt6_Qt6_lib_QtCore_framework --> node_venv_lib_python3_12_site-packages_PyQt6_Qt6_lib_QtCore_framework_Resources["Resources"]\n    node_venv_lib_python3_12_site-packages_PyQt6_Qt6_lib_QtCore_framework_Resources --> node_venv_lib_python3_12_site-packages_PyQt6_Qt6_lib_QtCore_framework_Resources_PrivacyInfo_xcprivacy["PrivacyInfo.xcprivacy"]\n    Root --> node_venv["venv"]\n    node_venv --> node_venv_lib["lib"]\n    node_venv_lib --> node_venv_lib_python3_12["python3.12"]\n    node_venv_lib_python3_12 --> node_venv_lib_python3_12_site-packages["site-packages"]\n    node_venv_lib_python3_12_site-packages --> node_venv_lib_python3_12_site-packages_PyQt6["PyQt6"]\n    node_venv_lib_python3_12_site-packages_PyQt6 --> node_venv_lib_python3_12_site-packages_PyQt6_Qt6["Qt6"]\n    node_venv_lib_python3_12_site-packages_PyQt6_Qt6 --> node_venv_lib_python3_12_site-packages_PyQt6_Qt6_lib["lib"]\n    node_venv_lib_python3_12_site-packages_PyQt6_Qt6_lib --> node_venv_lib_python3_12_site-packages_PyQt6_Qt6_lib_QtCore_framework["QtCore.framework"]\n    node_venv_lib_python3_12_site-packages_PyQt6_Qt6_lib_QtCore_framework --> node_venv_lib_python3_12_site-packages_PyQt6_Qt6_lib_QtCore_framework_Versions["Versions"]\n    node_venv_lib_python3_12_site-packages_PyQt6_Qt6_lib_QtCore_framework_Versions --> node_venv_lib_python3_12_site-packages_PyQt6_Qt6_lib_QtCore_framework_Versions_A["A"]\n    node_venv_lib_python3_12_site-packages_PyQt6_Qt6_lib_QtCore_framework_Versions_A --> node_venv_lib_python3_12_site-packages_PyQt6_Qt6_lib_QtCore_framework_Versions_A_QtCore["QtCore"]\n    Root --> node_venv["venv"]\n    node_venv --> node_venv_lib["lib"]\n    node_venv_lib --> node_venv_lib_python3_12["python3.12"]\n    node_venv_lib_python3_12 --> node_venv_lib_python3_12_site-packages["site-packages"]\n    node_venv_lib_python3_12_site-packages --> node_venv_lib_python3_12_site-packages_PyQt6["PyQt6"]\n    node_venv_lib_python3_12_site-packages_PyQt6 --> node_venv_lib_python3_12_site-packages_PyQt6_Qt6["Qt6"]\n    node_venv_lib_python3_12_site-packages_PyQt6_Qt6 --> node_venv_lib_python3_12_site-packages_PyQt6_Qt6_lib["lib"]\n    node_venv_lib_python3_12_site-packages_PyQt6_Qt6_lib --> node_venv_lib_python3_12_site-packages_PyQt6_Qt6_lib_QtQuickDialogs2QuickImpl_framework["QtQuickDialogs2QuickImpl.framework"]\n    node_venv_lib_python3_12_site-packages_PyQt6_Qt6_lib_QtQuickDialogs2QuickImpl_framework --> node_venv_lib_python3_12_site-packages_PyQt6_Qt6_lib_QtQuickDialogs2QuickImpl_framework_Resources["Resources"]\n    node_venv_lib_python3_12_site-packages_PyQt6_Qt6_lib_QtQuickDialogs2QuickImpl_framework_Resources --> node_venv_lib_python3_12_site-packages_PyQt6_Qt6_lib_QtQuickDialogs2QuickImpl_framework_Resources_Info_plist["Info.plist"]\n    Root --> node_venv["venv"]\n    node_venv --> node_venv_lib["lib"]\n    node_venv_lib --> node_venv_lib_python3_12["python3.12"]\n    node_venv_lib_python3_12 --> node_venv_lib_python3_12_site-packages["site-packages"]\n    node_venv_lib_python3_12_site-packages --> node_venv_lib_python3_12_site-packages_PyQt6["PyQt6"]\n    node_venv_lib_python3_12_site-packages_PyQt6 --> node_venv_lib_python3_12_site-packages_PyQt6_Qt6["Qt6"]\n    node_venv_lib_python3_12_site-packages_PyQt6_Qt6 --> node_venv_lib_python3_12_site-packages_PyQt6_Qt6_lib["lib"]\n    node_venv_lib_python3_12_site-packages_PyQt6_Qt6_lib --> node_venv_lib_python3_12_site-packages_PyQt6_Qt6_lib_QtQuickDialogs2QuickImpl_framework["QtQuickDialogs2QuickImpl.framework"]\n    node_venv_lib_python3_12_site-packages_PyQt6_Qt6_lib_QtQuickDialogs2QuickImpl_framework --> node_venv_lib_python3_12_site-packages_PyQt6_Qt6_lib_QtQuickDialogs2QuickImpl_framework_Resources["Resources"]\n    node_venv_lib_python3_12_site-packages_PyQt6_Qt6_lib_QtQuickDialogs2QuickImpl_framework_Resources --> node_venv_lib_python3_12_site-packages_PyQt6_Qt6_lib_QtQuickDialogs2QuickImpl_framework_Resources_PrivacyInfo_xcprivacy["PrivacyInfo.xcprivacy"]\n    Root --> node_venv["venv"]\n    node_venv --> node_venv_lib["lib"]\n    node_venv_lib --> node_venv_lib_python3_12["python3.12"]\n    node_venv_lib_python3_12 --> node_venv_lib_python3_12_site-packages["site-packages"]\n    node_venv_lib_python3_12_site-packages --> node_venv_lib_python3_12_site-packages_PyQt6["PyQt6"]\n    node_venv_lib_python3_12_site-packages_PyQt6 --> node_venv_lib_python3_12_site-packages_PyQt6_Qt6["Qt6"]\n    node_venv_lib_python3_12_site-packages_PyQt6_Qt6 --> node_venv_lib_python3_12_site-packages_PyQt6_Qt6_lib["lib"]\n    node_venv_lib_python3_12_site-packages_PyQt6_Qt6_lib --> node_venv_lib_python3_12_site-packages_PyQt6_Qt6_lib_QtQuickDialogs2QuickImpl_framework["QtQuickDialogs2QuickImpl.framework"]\n    node_venv_lib_python3_12_site-packages_PyQt6_Qt6_lib_QtQuickDialogs2QuickImpl_framework --> node_venv_lib_python3_12_site-packages_PyQt6_Qt6_lib_QtQuickDialogs2QuickImpl_framework_Versions["Versions"]\n    node_venv_lib_python3_12_site-packages_PyQt6_Qt6_lib_QtQuickDialogs2QuickImpl_framework_Versions --> node_venv_lib_python3_12_site-packages_PyQt6_Qt6_lib_QtQuickDialogs2QuickImpl_framework_Versions_A["A"]\n    node_venv_lib_python3_12_site-packages_PyQt6_Qt6_lib_QtQuickDialogs2QuickImpl_framework_Versions_A --> node_venv_lib_python3_12_site-packages_PyQt6_Qt6_lib_QtQuickDialogs2QuickImpl_framework_Versions_A_QtQuickDialogs2QuickImpl["QtQuickDialogs2QuickImpl"]\n    Root --> node_venv["venv"]\n    node_venv --> node_venv_lib["lib"]\n    node_venv_lib --> node_venv_lib_python3_12["python3.12"]\n    node_venv_lib_python3_12 --> node_venv_lib_python3_12_site-packages["site-packages"]\n    node_venv_lib_python3_12_site-packages --> node_venv_lib_python3_12_site-packages_PyQt6["PyQt6"]\n    node_venv_lib_python3_12_site-packages_PyQt6 --> node_venv_lib_python3_12_site-packages_PyQt6_Qt6["Qt6"]\n    node_venv_lib_python3_12_site-packages_PyQt6_Qt6 --> node_venv_lib_python3_12_site-packages_PyQt6_Qt6_lib["lib"]\n    node_venv_lib_python3_12_site-packages_PyQt6_Qt6_lib --> node_venv_lib_python3_12_site-packages_PyQt6_Qt6_lib_QtQuick3DGlslParser_framework["QtQuick3DGlslParser.framework"]\n    node_venv_lib_python3_12_site-packages_PyQt6_Qt6_lib_QtQuick3DGlslParser_framework --> node_venv_lib_python3_12_site-packages_PyQt6_Qt6_lib_QtQuick3DGlslParser_framework_Resources["Resources"]\n    node_venv_lib_python3_12_site-packages_PyQt6_Qt6_lib_QtQuick3DGlslParser_framework_Resources --> node_venv_lib_python3_12_site-packages_PyQt6_Qt6_lib_QtQuick3DGlslParser_framework_Resources_Info_plist["Info.plist"]\n    Root --> node_venv["venv"]\n    node_venv --> node_venv_lib["lib"]\n    node_venv_lib --> node_venv_lib_python3_12["python3.12"]\n    node_venv_lib_python3_12 --> node_venv_lib_python3_12_site-packages["site-packages"]\n    node_venv_lib_python3_12_site-packages --> node_venv_lib_python3_12_site-packages_PyQt6["PyQt6"]\n    node_venv_lib_python3_12_site-packages_PyQt6 --> node_venv_lib_python3_12_site-packages_PyQt6_Qt6["Qt6"]\n    node_venv_lib_python3_12_site-packages_PyQt6_Qt6 --> node_venv_lib_python3_12_site-packages_PyQt6_Qt6_lib["lib"]\n    node_venv_lib_python3_12_site-packages_PyQt6_Qt6_lib --> node_venv_lib_python3_12_site-packages_PyQt6_Qt6_lib_QtQuick3DGlslParser_framework["QtQuick3DGlslParser.framework"]\n    node_venv_lib_python3_12_site-packages_PyQt6_Qt6_lib_QtQuick3DGlslParser_framework --> node_venv_lib_python3_12_site-packages_PyQt6_Qt6_lib_QtQuick3DGlslParser_framework_Resources["Resources"]\n    node_venv_lib_python3_12_site-packages_PyQt6_Qt6_lib_QtQuick3DGlslParser_framework_Resources --> node_venv_lib_python3_12_site-packages_PyQt6_Qt6_lib_QtQuick3DGlslParser_framework_Resources_PrivacyInfo_xcprivacy["PrivacyInfo.xcprivacy"]\n    Root --> node_venv["venv"]\n    node_venv --> node_venv_lib["lib"]\n    node_venv_lib --> node_venv_lib_python3_12["python3.12"]\n    node_venv_lib_python3_12 --> node_venv_lib_python3_12_site-packages["site-packages"]\n    node_venv_lib_python3_12_site-packages --> node_venv_lib_python3_12_site-packages_PyQt6["PyQt6"]\n    node_venv_lib_python3_12_site-packages_PyQt6 --> node_venv_lib_python3_12_site-packages_PyQt6_Qt6["Qt6"]\n    node_venv_lib_python3_12_site-packages_PyQt6_Qt6 --> node_venv_lib_python3_12_site-packages_PyQt6_Qt6_lib["lib"]\n    node_venv_lib_python3_12_site-packages_PyQt6_Qt6_lib --> node_venv_lib_python3_12_site-packages_PyQt6_Qt6_lib_QtQuick3DGlslParser_framework["QtQuick3DGlslParser.framework"]\n    node_venv_lib_python3_12_site-packages_PyQt6_Qt6_lib_QtQuick3DGlslParser_framework --> node_venv_lib_python3_12_site-packages_PyQt6_Qt6_lib_QtQuick3DGlslParser_framework_Versions["Versions"]\n    node_venv_lib_python3_12_site-packages_PyQt6_Qt6_lib_QtQuick3DGlslParser_framework_Versions --> node_venv_lib_python3_12_site-packages_PyQt6_Qt6_lib_QtQuick3DGlslParser_framework_Versions_A["A"]\n    node_venv_lib_python3_12_site-packages_PyQt6_Qt6_lib_QtQuick3DGlslParser_framework_Versions_A --> node_venv_lib_python3_12_site-packages_PyQt6_Qt6_lib_QtQuick3DGlslParser_framework_Versions_A_QtQuick3DGlslParser["QtQuick3DGlslParser"]\n    Root --> node_venv["venv"]\n    node_venv --> node_venv_lib["lib"]\n    node_venv_lib --> node_venv_lib_python3_12["python3.12"]\n    node_venv_lib_python3_12 --> node_venv_lib_python3_12_site-packages["site-packages"]\n    node_venv_lib_python3_12_site-packages --> node_venv_lib_python3_12_site-packages_PyQt6["PyQt6"]\n    node_venv_lib_python3_12_site-packages_PyQt6 --> node_venv_lib_python3_12_site-packages_PyQt6_Qt6["Qt6"]\n    node_venv_lib_python3_12_site-packages_PyQt6_Qt6 --> node_venv_lib_python3_12_site-packages_PyQt6_Qt6_lib["lib"]\n    node_venv_lib_python3_12_site-packages_PyQt6_Qt6_lib --> node_venv_lib_python3_12_site-packages_PyQt6_Qt6_lib_QtSensorsQuick_framework["QtSensorsQuick.framework"]\n    node_venv_lib_python3_12_site-packages_PyQt6_Qt6_lib_QtSensorsQuick_framework --> node_venv_lib_python3_12_site-packages_PyQt6_Qt6_lib_QtSensorsQuick_framework_Resources["Resources"]\n    node_venv_lib_python3_12_site-packages_PyQt6_Qt6_lib_QtSensorsQuick_framework_Resources --> node_venv_lib_python3_12_site-packages_PyQt6_Qt6_lib_QtSensorsQuick_framework_Resources_Info_plist["Info.plist"]\n    Root --> node_venv["venv"]\n    node_venv --> node_venv_lib["lib"]\n    node_venv_lib --> node_venv_lib_python3_12["python3.12"]\n    node_venv_lib_python3_12 --> node_venv_lib_python3_12_site-packages["site-packages"]\n    node_venv_lib_python3_12_site-packages --> node_venv_lib_python3_12_site-packages_PyQt6["PyQt6"]\n    node_venv_lib_python3_12_site-packages_PyQt6 --> node_venv_lib_python3_12_site-packages_PyQt6_Qt6["Qt6"]\n    node_venv_lib_python3_12_site-packages_PyQt6_Qt6 --> node_venv_lib_python3_12_site-packages_PyQt6_Qt6_lib["lib"]\n    node_venv_lib_python3_12_site-packages_PyQt6_Qt6_lib --> node_venv_lib_python3_12_site-packages_PyQt6_Qt6_lib_QtSensorsQuick_framework["QtSensorsQuick.framework"]\n    node_venv_lib_python3_12_site-packages_PyQt6_Qt6_lib_QtSensorsQuick_framework --> node_venv_lib_python3_12_site-packages_PyQt6_Qt6_lib_QtSensorsQuick_framework_Resources["Resources"]\n    node_venv_lib_python3_12_site-packages_PyQt6_Qt6_lib_QtSensorsQuick_framework_Resources --> node_venv_lib_python3_12_site-packages_PyQt6_Qt6_lib_QtSensorsQuick_framework_Resources_PrivacyInfo_xcprivacy["PrivacyInfo.xcprivacy"]\n    Root --> node_venv["venv"]\n    node_venv --> node_venv_lib["lib"]\n    node_venv_lib --> node_venv_lib_python3_12["python3.12"]\n    node_venv_lib_python3_12 --> node_venv_lib_python3_12_site-packages["site-packages"]\n    node_venv_lib_python3_12_site-packages --> node_venv_lib_python3_12_site-packages_PyQt6["PyQt6"]\n    node_venv_lib_python3_12_site-packages_PyQt6 --> node_venv_lib_python3_12_site-packages_PyQt6_Qt6["Qt6"]\n    node_venv_lib_python3_12_site-packages_PyQt6_Qt6 --> node_venv_lib_python3_12_site-packages_PyQt6_Qt6_lib["lib"]\n    node_venv_lib_python3_12_site-packages_PyQt6_Qt6_lib --> node_venv_lib_python3_12_site-packages_PyQt6_Qt6_lib_QtSensorsQuick_framework["QtSensorsQuick.framework"]\n    node_venv_lib_python3_12_site-packages_PyQt6_Qt6_lib_QtSensorsQuick_framework --> node_venv_lib_python3_12_site-packages_PyQt6_Qt6_lib_QtSensorsQuick_framework_Versions["Versions"]\n    node_venv_lib_python3_12_site-packages_PyQt6_Qt6_lib_QtSensorsQuick_framework_Versions --> node_venv_lib_python3_12_site-packages_PyQt6_Qt6_lib_QtSensorsQuick_framework_Versions_A["A"]\n    node_venv_lib_python3_12_site-packages_PyQt6_Qt6_lib_QtSensorsQuick_framework_Versions_A --> node_venv_lib_python3_12_site-packages_PyQt6_Qt6_lib_QtSensorsQuick_framework_Versions_A_QtSensorsQuick["QtSensorsQuick"]\n    Root --> node_venv["venv"]\n    node_venv --> node_venv_lib["lib"]\n    node_venv_lib --> node_venv_lib_python3_12["python3.12"]\n    node_venv_lib_python3_12 --> node_venv_lib_python3_12_site-packages["site-packages"]\n    node_venv_lib_python3_12_site-packages --> node_venv_lib_python3_12_site-packages_PyQt6["PyQt6"]\n    node_venv_lib_python3_12_site-packages_PyQt6 --> node_venv_lib_python3_12_site-packages_PyQt6_Qt6["Qt6"]\n    node_venv_lib_python3_12_site-packages_PyQt6_Qt6 --> node_venv_lib_python3_12_site-packages_PyQt6_Qt6_lib["lib"]\n    node_venv_lib_python3_12_site-packages_PyQt6_Qt6_lib --> node_venv_lib_python3_12_site-packages_PyQt6_Qt6_lib_QtQml_framework["QtQml.framework"]\n    node_venv_lib_python3_12_site-packages_PyQt6_Qt6_lib_QtQml_framework --> node_venv_lib_python3_12_site-packages_PyQt6_Qt6_lib_QtQml_framework_Resources["Resources"]\n    node_venv_lib_python3_12_site-packages_PyQt6_Qt6_lib_QtQml_framework_Resources --> node_venv_lib_python3_12_site-packages_PyQt6_Qt6_lib_QtQml_framework_Resources_Info_plist["Info.plist"]\n    Root --> node_venv["venv"]\n    node_venv --> node_venv_lib["lib"]\n    node_venv_lib --> node_venv_lib_python3_12["python3.12"]\n    node_venv_lib_python3_12 --> node_venv_lib_python3_12_site-packages["site-packages"]\n    node_venv_lib_python3_12_site-packages --> node_venv_lib_python3_12_site-packages_PyQt6["PyQt6"]\n    node_venv_lib_python3_12_site-packages_PyQt6 --> node_venv_lib_python3_12_site-packages_PyQt6_Qt6["Qt6"]\n    node_venv_lib_python3_12_site-packages_PyQt6_Qt6 --> node_venv_lib_python3_12_site-packages_PyQt6_Qt6_lib["lib"]\n    node_venv_lib_python3_12_site-packages_PyQt6_Qt6_lib --> node_venv_lib_python3_12_site-packages_PyQt6_Qt6_lib_QtQml_framework["QtQml.framework"]\n    node_venv_lib_python3_12_site-packages_PyQt6_Qt6_lib_QtQml_framework --> node_venv_lib_python3_12_site-packages_PyQt6_Qt6_lib_QtQml_framework_Resources["Resources"]\n    node_venv_lib_python3_12_site-packages_PyQt6_Qt6_lib_QtQml_framework_Resources --> node_venv_lib_python3_12_site-packages_PyQt6_Qt6_lib_QtQml_framework_Resources_PrivacyInfo_xcprivacy["PrivacyInfo.xcprivacy"]\n    Root --> node_venv["venv"]\n    node_venv --> node_venv_lib["lib"]\n    node_venv_lib --> node_venv_lib_python3_12["python3.12"]\n    node_venv_lib_python3_12 --> node_venv_lib_python3_12_site-packages["site-packages"]\n    node_venv_lib_python3_12_site-packages --> node_venv_lib_python3_12_site-packages_PyQt6["PyQt6"]\n    node_venv_lib_python3_12_site-packages_PyQt6 --> node_venv_lib_python3_12_site-packages_PyQt6_Qt6["Qt6"]\n    node_venv_lib_python3_12_site-packages_PyQt6_Qt6 --> node_venv_lib_python3_12_site-packages_PyQt6_Qt6_lib["lib"]\n    node_venv_lib_python3_12_site-packages_PyQt6_Qt6_lib --> node_venv_lib_python3_12_site-packages_PyQt6_Qt6_lib_QtQml_framework["QtQml.framework"]\n    node_venv_lib_python3_12_site-packages_PyQt6_Qt6_lib_QtQml_framework --> node_venv_lib_python3_12_site-packages_PyQt6_Qt6_lib_QtQml_framework_Versions["Versions"]\n    node_venv_lib_python3_12_site-packages_PyQt6_Qt6_lib_QtQml_framework_Versions --> node_venv_lib_python3_12_site-packages_PyQt6_Qt6_lib_QtQml_framework_Versions_A["A"]\n    node_venv_lib_python3_12_site-packages_PyQt6_Qt6_lib_QtQml_framework_Versions_A --> node_venv_lib_python3_12_site-packages_PyQt6_Qt6_lib_QtQml_framework_Versions_A_QtQml["QtQml"]\n    Root --> node_venv["venv"]\n    node_venv --> node_venv_lib["lib"]\n    node_venv_lib --> node_venv_lib_python3_12["python3.12"]\n    node_venv_lib_python3_12 --> node_venv_lib_python3_12_site-packages["site-packages"]\n    node_venv_lib_python3_12_site-packages --> node_venv_lib_python3_12_site-packages_PyQt6["PyQt6"]\n    node_venv_lib_python3_12_site-packages_PyQt6 --> node_venv_lib_python3_12_site-packages_PyQt6_Qt6["Qt6"]\n    node_venv_lib_python3_12_site-packages_PyQt6_Qt6 --> node_venv_lib_python3_12_site-packages_PyQt6_Qt6_lib["lib"]\n    node_venv_lib_python3_12_site-packages_PyQt6_Qt6_lib --> node_venv_lib_python3_12_site-packages_PyQt6_Qt6_lib_QtWebChannel_framework["QtWebChannel.framework"]\n    node_venv_lib_python3_12_site-packages_PyQt6_Qt6_lib_QtWebChannel_framework --> node_venv_lib_python3_12_site-packages_PyQt6_Qt6_lib_QtWebChannel_framework_Resources["Resources"]\n    node_venv_lib_python3_12_site-packages_PyQt6_Qt6_lib_QtWebChannel_framework_Resources --> node_venv_lib_python3_12_site-packages_PyQt6_Qt6_lib_QtWebChannel_framework_Resources_Info_plist["Info.plist"]\n    Root --> node_venv["venv"]\n    node_venv --> node_venv_lib["lib"]\n    node_venv_lib --> node_venv_lib_python3_12["python3.12"]\n    node_venv_lib_python3_12 --> node_venv_lib_python3_12_site-packages["site-packages"]\n    node_venv_lib_python3_12_site-packages --> node_venv_lib_python3_12_site-packages_PyQt6["PyQt6"]\n    node_venv_lib_python3_12_site-packages_PyQt6 --> node_venv_lib_python3_12_site-packages_PyQt6_Qt6["Qt6"]\n    node_venv_lib_python3_12_site-packages_PyQt6_Qt6 --> node_venv_lib_python3_12_site-packages_PyQt6_Qt6_lib["lib"]\n    node_venv_lib_python3_12_site-packages_PyQt6_Qt6_lib --> node_venv_lib_python3_12_site-packages_PyQt6_Qt6_lib_QtWebChannel_framework["QtWebChannel.framework"]\n    node_venv_lib_python3_12_site-packages_PyQt6_Qt6_lib_QtWebChannel_framework --> node_venv_lib_python3_12_site-packages_PyQt6_Qt6_lib_QtWebChannel_framework_Resources["Resources"]\n    node_venv_lib_python3_12_site-packages_PyQt6_Qt6_lib_QtWebChannel_framework_Resources --> node_venv_lib_python3_12_site-packages_PyQt6_Qt6_lib_QtWebChannel_framework_Resources_PrivacyInfo_xcprivacy["PrivacyInfo.xcprivacy"]\n    Root --> node_venv["venv"]\n    node_venv --> node_venv_lib["lib"]\n    node_venv_lib --> node_venv_lib_python3_12["python3.12"]\n    node_venv_lib_python3_12 --> node_venv_lib_python3_12_site-packages["site-packages"]\n    node_venv_lib_python3_12_site-packages --> node_venv_lib_python3_12_site-packages_PyQt6["PyQt6"]\n    node_venv_lib_python3_12_site-packages_PyQt6 --> node_venv_lib_python3_12_site-packages_PyQt6_Qt6["Qt6"]\n    node_venv_lib_python3_12_site-packages_PyQt6_Qt6 --> node_venv_lib_python3_12_site-packages_PyQt6_Qt6_lib["lib"]\n    node_venv_lib_python3_12_site-packages_PyQt6_Qt6_lib --> node_venv_lib_python3_12_site-packages_PyQt6_Qt6_lib_QtWebChannel_framework["QtWebChannel.framework"]\n    node_venv_lib_python3_12_site-packages_PyQt6_Qt6_lib_QtWebChannel_framework --> node_venv_lib_python3_12_site-packages_PyQt6_Qt6_lib_QtWebChannel_framework_Versions["Versions"]\n    node_venv_lib_python3_12_site-packages_PyQt6_Qt6_lib_QtWebChannel_framework_Versions --> node_venv_lib_python3_12_site-packages_PyQt6_Qt6_lib_QtWebChannel_framework_Versions_A["A"]\n    node_venv_lib_python3_12_site-packages_PyQt6_Qt6_lib_QtWebChannel_framework_Versions_A --> node_venv_lib_python3_12_site-packages_PyQt6_Qt6_lib_QtWebChannel_framework_Versions_A_QtWebChannel["QtWebChannel"]\n    Root --> node_venv["venv"]\n    node_venv --> node_venv_lib["lib"]\n    node_venv_lib --> node_venv_lib_python3_12["python3.12"]\n    node_venv_lib_python3_12 --> node_venv_lib_python3_12_site-packages["site-packages"]\n    node_venv_lib_python3_12_site-packages --> node_venv_lib_python3_12_site-packages_PyQt6["PyQt6"]\n    node_venv_lib_python3_12_site-packages_PyQt6 --> node_venv_lib_python3_12_site-packages_PyQt6_Qt6["Qt6"]\n    node_venv_lib_python3_12_site-packages_PyQt6_Qt6 --> node_venv_lib_python3_12_site-packages_PyQt6_Qt6_lib["lib"]\n    node_venv_lib_python3_12_site-packages_PyQt6_Qt6_lib --> node_venv_lib_python3_12_site-packages_PyQt6_Qt6_lib_QtQuickVectorImageGenerator_framework["QtQuickVectorImageGenerator.framework"]\n    node_venv_lib_python3_12_site-packages_PyQt6_Qt6_lib_QtQuickVectorImageGenerator_framework --> node_venv_lib_python3_12_site-packages_PyQt6_Qt6_lib_QtQuickVectorImageGenerator_framework_Resources["Resources"]\n    node_venv_lib_python3_12_site-packages_PyQt6_Qt6_lib_QtQuickVectorImageGenerator_framework_Resources --> node_venv_lib_python3_12_site-packages_PyQt6_Qt6_lib_QtQuickVectorImageGenerator_framework_Resources_Info_plist["Info.plist"]\n    Root --> node_venv["venv"]\n    node_venv --> node_venv_lib["lib"]\n    node_venv_lib --> node_venv_lib_python3_12["python3.12"]\n    node_venv_lib_python3_12 --> node_venv_lib_python3_12_site-packages["site-packages"]\n    node_venv_lib_python3_12_site-packages --> node_venv_lib_python3_12_site-packages_PyQt6["PyQt6"]\n    node_venv_lib_python3_12_site-packages_PyQt6 --> node_venv_lib_python3_12_site-packages_PyQt6_Qt6["Qt6"]\n    node_venv_lib_python3_12_site-packages_PyQt6_Qt6 --> node_venv_lib_python3_12_site-packages_PyQt6_Qt6_lib["lib"]\n    node_venv_lib_python3_12_site-packages_PyQt6_Qt6_lib --> node_venv_lib_python3_12_site-packages_PyQt6_Qt6_lib_QtQuickVectorImageGenerator_framework["QtQuickVectorImageGenerator.framework"]\n    node_venv_lib_python3_12_site-packages_PyQt6_Qt6_lib_QtQuickVectorImageGenerator_framework --> node_venv_lib_python3_12_site-packages_PyQt6_Qt6_lib_QtQuickVectorImageGenerator_framework_Resources["Resources"]\n    node_venv_lib_python3_12_site-packages_PyQt6_Qt6_lib_QtQuickVectorImageGenerator_framework_Resources --> node_venv_lib_python3_12_site-packages_PyQt6_Qt6_lib_QtQuickVectorImageGenerator_framework_Resources_PrivacyInfo_xcprivacy["PrivacyInfo.xcprivacy"]\n    Root --> node_venv["venv"]\n    node_venv --> node_venv_lib["lib"]\n    node_venv_lib --> node_venv_lib_python3_12["python3.12"]\n    node_venv_lib_python3_12 --> node_venv_lib_python3_12_site-packages["site-packages"]\n    node_venv_lib_python3_12_site-packages --> node_venv_lib_python3_12_site-packages_PyQt6["PyQt6"]\n    node_venv_lib_python3_12_site-packages_PyQt6 --> node_venv_lib_python3_12_site-packages_PyQt6_Qt6["Qt6"]\n    node_venv_lib_python3_12_site-packages_PyQt6_Qt6 --> node_venv_lib_python3_12_site-packages_PyQt6_Qt6_lib["lib"]\n    node_venv_lib_python3_12_site-packages_PyQt6_Qt6_lib --> node_venv_lib_python3_12_site-packages_PyQt6_Qt6_lib_QtQuickVectorImageGenerator_framework["QtQuickVectorImageGenerator.framework"]\n    node_venv_lib_python3_12_site-packages_PyQt6_Qt6_lib_QtQuickVectorImageGenerator_framework --> node_venv_lib_python3_12_site-packages_PyQt6_Qt6_lib_QtQuickVectorImageGenerator_framework_Versions["Versions"]\n    node_venv_lib_python3_12_site-packages_PyQt6_Qt6_lib_QtQuickVectorImageGenerator_framework_Versions --> node_venv_lib_python3_12_site-packages_PyQt6_Qt6_lib_QtQuickVectorImageGenerator_framework_Versions_A["A"]\n    node_venv_lib_python3_12_site-packages_PyQt6_Qt6_lib_QtQuickVectorImageGenerator_framework_Versions_A --> node_venv_lib_python3_12_site-packages_PyQt6_Qt6_lib_QtQuickVectorImageGenerator_framework_Versions_A_QtQuickVectorImageGenerator["QtQuickVectorImageGenerator"]\n    Root --> node_venv["venv"]\n    node_venv --> node_venv_lib["lib"]\n    node_venv_lib --> node_venv_lib_python3_12["python3.12"]\n    node_venv_lib_python3_12 --> node_venv_lib_python3_12_site-packages["site-packages"]\n    node_venv_lib_python3_12_site-packages --> node_venv_lib_python3_12_site-packages_PyQt6["PyQt6"]\n    node_venv_lib_python3_12_site-packages_PyQt6 --> node_venv_lib_python3_12_site-packages_PyQt6_Qt6["Qt6"]\n    node_venv_lib_python3_12_site-packages_PyQt6_Qt6 --> node_venv_lib_python3_12_site-packages_PyQt6_Qt6_lib["lib"]\n    node_venv_lib_python3_12_site-packages_PyQt6_Qt6_lib --> node_venv_lib_python3_12_site-packages_PyQt6_Qt6_lib_QtMultimedia_framework["QtMultimedia.framework"]\n    node_venv_lib_python3_12_site-packages_PyQt6_Qt6_lib_QtMultimedia_framework --> node_venv_lib_python3_12_site-packages_PyQt6_Qt6_lib_QtMultimedia_framework_Resources["Resources"]\n    node_venv_lib_python3_12_site-packages_PyQt6_Qt6_lib_QtMultimedia_framework_Resources --> node_venv_lib_python3_12_site-packages_PyQt6_Qt6_lib_QtMultimedia_framework_Resources_Info_plist["Info.plist"]\n    Root --> node_venv["venv"]\n    node_venv --> node_venv_lib["lib"]\n    node_venv_lib --> node_venv_lib_python3_12["python3.12"]\n    node_venv_lib_python3_12 --> node_venv_lib_python3_12_site-packages["site-packages"]\n    node_venv_lib_python3_12_site-packages --> node_venv_lib_python3_12_site-packages_PyQt6["PyQt6"]\n    node_venv_lib_python3_12_site-packages_PyQt6 --> node_venv_lib_python3_12_site-packages_PyQt6_Qt6["Qt6"]\n    node_venv_lib_python3_12_site-packages_PyQt6_Qt6 --> node_venv_lib_python3_12_site-packages_PyQt6_Qt6_lib["lib"]\n    node_venv_lib_python3_12_site-packages_PyQt6_Qt6_lib --> node_venv_lib_python3_12_site-packages_PyQt6_Qt6_lib_QtMultimedia_framework["QtMultimedia.framework"]\n    node_venv_lib_python3_12_site-packages_PyQt6_Qt6_lib_QtMultimedia_framework --> node_venv_lib_python3_12_site-packages_PyQt6_Qt6_lib_QtMultimedia_framework_Resources["Resources"]\n    node_venv_lib_python3_12_site-packages_PyQt6_Qt6_lib_QtMultimedia_framework_Resources --> node_venv_lib_python3_12_site-packages_PyQt6_Qt6_lib_QtMultimedia_framework_Resources_PrivacyInfo_xcprivacy["PrivacyInfo.xcprivacy"]\n    Root --> node_venv["venv"]\n    node_venv --> node_venv_lib["lib"]\n    node_venv_lib --> node_venv_lib_python3_12["python3.12"]\n    node_venv_lib_python3_12 --> node_venv_lib_python3_12_site-packages["site-packages"]\n    node_venv_lib_python3_12_site-packages --> node_venv_lib_python3_12_site-packages_PyQt6["PyQt6"]\n    node_venv_lib_python3_12_site-packages_PyQt6 --> node_venv_lib_python3_12_site-packages_PyQt6_Qt6["Qt6"]\n    node_venv_lib_python3_12_site-packages_PyQt6_Qt6 --> node_venv_lib_python3_12_site-packages_PyQt6_Qt6_lib["lib"]\n    node_venv_lib_python3_12_site-packages_PyQt6_Qt6_lib --> node_venv_lib_python3_12_site-packages_PyQt6_Qt6_lib_QtMultimedia_framework["QtMultimedia.framework"]\n    node_venv_lib_python3_12_site-packages_PyQt6_Qt6_lib_QtMultimedia_framework --> node_venv_lib_python3_12_site-packages_PyQt6_Qt6_lib_QtMultimedia_framework_Versions["Versions"]\n    node_venv_lib_python3_12_site-packages_PyQt6_Qt6_lib_QtMultimedia_framework_Versions --> node_venv_lib_python3_12_site-packages_PyQt6_Qt6_lib_QtMultimedia_framework_Versions_A["A"]\n    node_venv_lib_python3_12_site-packages_PyQt6_Qt6_lib_QtMultimedia_framework_Versions_A --> node_venv_lib_python3_12_site-packages_PyQt6_Qt6_lib_QtMultimedia_framework_Versions_A_QtMultimedia["QtMultimedia"]\n    Root --> node_venv["venv"]\n    node_venv --> node_venv_lib["lib"]\n    node_venv_lib --> node_venv_lib_python3_12["python3.12"]\n    node_venv_lib_python3_12 --> node_venv_lib_python3_12_site-packages["site-packages"]\n    node_venv_lib_python3_12_site-packages --> node_venv_lib_python3_12_site-packages_PyQt6["PyQt6"]\n    node_venv_lib_python3_12_site-packages_PyQt6 --> node_venv_lib_python3_12_site-packages_PyQt6_Qt6["Qt6"]\n    node_venv_lib_python3_12_site-packages_PyQt6_Qt6 --> node_venv_lib_python3_12_site-packages_PyQt6_Qt6_lib["lib"]\n    node_venv_lib_python3_12_site-packages_PyQt6_Qt6_lib --> node_venv_lib_python3_12_site-packages_PyQt6_Qt6_lib_QtQmlWorkerScript_framework["QtQmlWorkerScript.framework"]\n    node_venv_lib_python3_12_site-packages_PyQt6_Qt6_lib_QtQmlWorkerScript_framework --> node_venv_lib_python3_12_site-packages_PyQt6_Qt6_lib_QtQmlWorkerScript_framework_Resources["Resources"]\n    node_venv_lib_python3_12_site-packages_PyQt6_Qt6_lib_QtQmlWorkerScript_framework_Resources --> node_venv_lib_python3_12_site-packages_PyQt6_Qt6_lib_QtQmlWorkerScript_framework_Resources_Info_plist["Info.plist"]\n    Root --> node_venv["venv"]\n    node_venv --> node_venv_lib["lib"]\n    node_venv_lib --> node_venv_lib_python3_12["python3.12"]\n    node_venv_lib_python3_12 --> node_venv_lib_python3_12_site-packages["site-packages"]\n    node_venv_lib_python3_12_site-packages --> node_venv_lib_python3_12_site-packages_PyQt6["PyQt6"]\n    node_venv_lib_python3_12_site-packages_PyQt6 --> node_venv_lib_python3_12_site-packages_PyQt6_Qt6["Qt6"]\n    node_venv_lib_python3_12_site-packages_PyQt6_Qt6 --> node_venv_lib_python3_12_site-packages_PyQt6_Qt6_lib["lib"]\n    node_venv_lib_python3_12_site-packages_PyQt6_Qt6_lib --> node_venv_lib_python3_12_site-packages_PyQt6_Qt6_lib_QtQmlWorkerScript_framework["QtQmlWorkerScript.framework"]\n    node_venv_lib_python3_12_site-packages_PyQt6_Qt6_lib_QtQmlWorkerScript_framework --> node_venv_lib_python3_12_site-packages_PyQt6_Qt6_lib_QtQmlWorkerScript_framework_Resources["Resources"]\n    node_venv_lib_python3_12_site-packages_PyQt6_Qt6_lib_QtQmlWorkerScript_framework_Resources --> node_venv_lib_python3_12_site-packages_PyQt6_Qt6_lib_QtQmlWorkerScript_framework_Resources_PrivacyInfo_xcprivacy["PrivacyInfo.xcprivacy"]\n    Root --> node_venv["venv"]\n    node_venv --> node_venv_lib["lib"]\n    node_venv_lib --> node_venv_lib_python3_12["python3.12"]\n    node_venv_lib_python3_12 --> node_venv_lib_python3_12_site-packages["site-packages"]\n    node_venv_lib_python3_12_site-packages --> node_venv_lib_python3_12_site-packages_PyQt6["PyQt6"]\n    node_venv_lib_python3_12_site-packages_PyQt6 --> node_venv_lib_python3_12_site-packages_PyQt6_Qt6["Qt6"]\n    node_venv_lib_python3_12_site-packages_PyQt6_Qt6 --> node_venv_lib_python3_12_site-packages_PyQt6_Qt6_lib["lib"]\n    node_venv_lib_python3_12_site-packages_PyQt6_Qt6_lib --> node_venv_lib_python3_12_site-packages_PyQt6_Qt6_lib_QtQmlWorkerScript_framework["QtQmlWorkerScript.framework"]\n    node_venv_lib_python3_12_site-packages_PyQt6_Qt6_lib_QtQmlWorkerScript_framework --> node_venv_lib_python3_12_site-packages_PyQt6_Qt6_lib_QtQmlWorkerScript_framework_Versions["Versions"]\n    node_venv_lib_python3_12_site-packages_PyQt6_Qt6_lib_QtQmlWorkerScript_framework_Versions --> node_venv_lib_python3_12_site-packages_PyQt6_Qt6_lib_QtQmlWorkerScript_framework_Versions_A["A"]\n    node_venv_lib_python3_12_site-packages_PyQt6_Qt6_lib_QtQmlWorkerScript_framework_Versions_A --> node_venv_lib_python3_12_site-packages_PyQt6_Qt6_lib_QtQmlWorkerScript_framework_Versions_A_QtQmlWorkerScript["QtQmlWorkerScript"]\n    Root --> node_venv["venv"]\n    node_venv --> node_venv_lib["lib"]\n    node_venv_lib --> node_venv_lib_python3_12["python3.12"]\n    node_venv_lib_python3_12 --> node_venv_lib_python3_12_site-packages["site-packages"]\n    node_venv_lib_python3_12_site-packages --> node_venv_lib_python3_12_site-packages_PyQt6["PyQt6"]\n    node_venv_lib_python3_12_site-packages_PyQt6 --> node_venv_lib_python3_12_site-packages_PyQt6_Qt6["Qt6"]\n    node_venv_lib_python3_12_site-packages_PyQt6_Qt6 --> node_venv_lib_python3_12_site-packages_PyQt6_Qt6_lib["lib"]\n    node_venv_lib_python3_12_site-packages_PyQt6_Qt6_lib --> node_venv_lib_python3_12_site-packages_PyQt6_Qt6_lib_QtStateMachine_framework["QtStateMachine.framework"]\n    node_venv_lib_python3_12_site-packages_PyQt6_Qt6_lib_QtStateMachine_framework --> node_venv_lib_python3_12_site-packages_PyQt6_Qt6_lib_QtStateMachine_framework_Resources["Resources"]\n    node_venv_lib_python3_12_site-packages_PyQt6_Qt6_lib_QtStateMachine_framework_Resources --> node_venv_lib_python3_12_site-packages_PyQt6_Qt6_lib_QtStateMachine_framework_Resources_Info_plist["Info.plist"]\n    Root --> node_venv["venv"]\n    node_venv --> node_venv_lib["lib"]\n    node_venv_lib --> node_venv_lib_python3_12["python3.12"]\n    node_venv_lib_python3_12 --> node_venv_lib_python3_12_site-packages["site-packages"]\n    node_venv_lib_python3_12_site-packages --> node_venv_lib_python3_12_site-packages_PyQt6["PyQt6"]\n    node_venv_lib_python3_12_site-packages_PyQt6 --> node_venv_lib_python3_12_site-packages_PyQt6_Qt6["Qt6"]\n    node_venv_lib_python3_12_site-packages_PyQt6_Qt6 --> node_venv_lib_python3_12_site-packages_PyQt6_Qt6_lib["lib"]\n    node_venv_lib_python3_12_site-packages_PyQt6_Qt6_lib --> node_venv_lib_python3_12_site-packages_PyQt6_Qt6_lib_QtStateMachine_framework["QtStateMachine.framework"]\n    node_venv_lib_python3_12_site-packages_PyQt6_Qt6_lib_QtStateMachine_framework --> node_venv_lib_python3_12_site-packages_PyQt6_Qt6_lib_QtStateMachine_framework_Resources["Resources"]\n    node_venv_lib_python3_12_site-packages_PyQt6_Qt6_lib_QtStateMachine_framework_Resources --> node_venv_lib_python3_12_site-packages_PyQt6_Qt6_lib_QtStateMachine_framework_Resources_PrivacyInfo_xcprivacy["PrivacyInfo.xcprivacy"]\n    Root --> node_venv["venv"]\n    node_venv --> node_venv_lib["lib"]\n    node_venv_lib --> node_venv_lib_python3_12["python3.12"]\n    node_venv_lib_python3_12 --> node_venv_lib_python3_12_site-packages["site-packages"]\n    node_venv_lib_python3_12_site-packages --> node_venv_lib_python3_12_site-packages_PyQt6["PyQt6"]\n    node_venv_lib_python3_12_site-packages_PyQt6 --> node_venv_lib_python3_12_site-packages_PyQt6_Qt6["Qt6"]\n    node_venv_lib_python3_12_site-packages_PyQt6_Qt6 --> node_venv_lib_python3_12_site-packages_PyQt6_Qt6_lib["lib"]\n    node_venv_lib_python3_12_site-packages_PyQt6_Qt6_lib --> node_venv_lib_python3_12_site-packages_PyQt6_Qt6_lib_QtStateMachine_framework["QtStateMachine.framework"]\n    node_venv_lib_python3_12_site-packages_PyQt6_Qt6_lib_QtStateMachine_framework --> node_venv_lib_python3_12_site-packages_PyQt6_Qt6_lib_QtStateMachine_framework_Versions["Versions"]\n    node_venv_lib_python3_12_site-packages_PyQt6_Qt6_lib_QtStateMachine_framework_Versions --> node_venv_lib_python3_12_site-packages_PyQt6_Qt6_lib_QtStateMachine_framework_Versions_A["A"]\n    node_venv_lib_python3_12_site-packages_PyQt6_Qt6_lib_QtStateMachine_framework_Versions_A --> node_venv_lib_python3_12_site-packages_PyQt6_Qt6_lib_QtStateMachine_framework_Versions_A_QtStateMachine["QtStateMachine"]\n    Root --> node_venv["venv"]\n    node_venv --> node_venv_lib["lib"]\n    node_venv_lib --> node_venv_lib_python3_12["python3.12"]\n    node_venv_lib_python3_12 --> node_venv_lib_python3_12_site-packages["site-packages"]\n    node_venv_lib_python3_12_site-packages --> node_venv_lib_python3_12_site-packages_PyQt6["PyQt6"]\n    node_venv_lib_python3_12_site-packages_PyQt6 --> node_venv_lib_python3_12_site-packages_PyQt6_Qt6["Qt6"]\n    node_venv_lib_python3_12_site-packages_PyQt6_Qt6 --> node_venv_lib_python3_12_site-packages_PyQt6_Qt6_lib["lib"]\n    node_venv_lib_python3_12_site-packages_PyQt6_Qt6_lib --> node_venv_lib_python3_12_site-packages_PyQt6_Qt6_lib_QtQuickControls2Impl_framework["QtQuickControls2Impl.framework"]\n    node_venv_lib_python3_12_site-packages_PyQt6_Qt6_lib_QtQuickControls2Impl_framework --> node_venv_lib_python3_12_site-packages_PyQt6_Qt6_lib_QtQuickControls2Impl_framework_Resources["Resources"]\n    node_venv_lib_python3_12_site-packages_PyQt6_Qt6_lib_QtQuickControls2Impl_framework_Resources --> node_venv_lib_python3_12_site-packages_PyQt6_Qt6_lib_QtQuickControls2Impl_framework_Resources_Info_plist["Info.plist"]\n    Root --> node_venv["venv"]\n    node_venv --> node_venv_lib["lib"]\n    node_venv_lib --> node_venv_lib_python3_12["python3.12"]\n    node_venv_lib_python3_12 --> node_venv_lib_python3_12_site-packages["site-packages"]\n    node_venv_lib_python3_12_site-packages --> node_venv_lib_python3_12_site-packages_PyQt6["PyQt6"]\n    node_venv_lib_python3_12_site-packages_PyQt6 --> node_venv_lib_python3_12_site-packages_PyQt6_Qt6["Qt6"]\n    node_venv_lib_python3_12_site-packages_PyQt6_Qt6 --> node_venv_lib_python3_12_site-packages_PyQt6_Qt6_lib["lib"]\n    node_venv_lib_python3_12_site-packages_PyQt6_Qt6_lib --> node_venv_lib_python3_12_site-packages_PyQt6_Qt6_lib_QtQuickControls2Impl_framework["QtQuickControls2Impl.framework"]\n    node_venv_lib_python3_12_site-packages_PyQt6_Qt6_lib_QtQuickControls2Impl_framework --> node_venv_lib_python3_12_site-packages_PyQt6_Qt6_lib_QtQuickControls2Impl_framework_Resources["Resources"]\n    node_venv_lib_python3_12_site-packages_PyQt6_Qt6_lib_QtQuickControls2Impl_framework_Resources --> node_venv_lib_python3_12_site-packages_PyQt6_Qt6_lib_QtQuickControls2Impl_framework_Resources_PrivacyInfo_xcprivacy["PrivacyInfo.xcprivacy"]\n    Root --> node_venv["venv"]\n    node_venv --> node_venv_lib["lib"]\n    node_venv_lib --> node_venv_lib_python3_12["python3.12"]\n    node_venv_lib_python3_12 --> node_venv_lib_python3_12_site-packages["site-packages"]\n    node_venv_lib_python3_12_site-packages --> node_venv_lib_python3_12_site-packages_PyQt6["PyQt6"]\n    node_venv_lib_python3_12_site-packages_PyQt6 --> node_venv_lib_python3_12_site-packages_PyQt6_Qt6["Qt6"]\n    node_venv_lib_python3_12_site-packages_PyQt6_Qt6 --> node_venv_lib_python3_12_site-packages_PyQt6_Qt6_lib["lib"]\n    node_venv_lib_python3_12_site-packages_PyQt6_Qt6_lib --> node_venv_lib_python3_12_site-packages_PyQt6_Qt6_lib_QtQuickControls2Impl_framework["QtQuickControls2Impl.framework"]\n    node_venv_lib_python3_12_site-packages_PyQt6_Qt6_lib_QtQuickControls2Impl_framework --> node_venv_lib_python3_12_site-packages_PyQt6_Qt6_lib_QtQuickControls2Impl_framework_Versions["Versions"]\n    node_venv_lib_python3_12_site-packages_PyQt6_Qt6_lib_QtQuickControls2Impl_framework_Versions --> node_venv_lib_python3_12_site-packages_PyQt6_Qt6_lib_QtQuickControls2Impl_framework_Versions_A["A"]\n    node_venv_lib_python3_12_site-packages_PyQt6_Qt6_lib_QtQuickControls2Impl_framework_Versions_A --> node_venv_lib_python3_12_site-packages_PyQt6_Qt6_lib_QtQuickControls2Impl_framework_Versions_A_QtQuickControls2Impl["QtQuickControls2Impl"]\n    Root --> node_venv["venv"]\n    node_venv --> node_venv_lib["lib"]\n    node_venv_lib --> node_venv_lib_python3_12["python3.12"]\n    node_venv_lib_python3_12 --> node_venv_lib_python3_12_site-packages["site-packages"]\n    node_venv_lib_python3_12_site-packages --> node_venv_lib_python3_12_site-packages_PyQt6["PyQt6"]\n    node_venv_lib_python3_12_site-packages_PyQt6 --> node_venv_lib_python3_12_site-packages_PyQt6_Qt6["Qt6"]\n    node_venv_lib_python3_12_site-packages_PyQt6_Qt6 --> node_venv_lib_python3_12_site-packages_PyQt6_Qt6_lib["lib"]\n    node_venv_lib_python3_12_site-packages_PyQt6_Qt6_lib --> node_venv_lib_python3_12_site-packages_PyQt6_Qt6_lib_QtOpenGL_framework["QtOpenGL.framework"]\n    node_venv_lib_python3_12_site-packages_PyQt6_Qt6_lib_QtOpenGL_framework --> node_venv_lib_python3_12_site-packages_PyQt6_Qt6_lib_QtOpenGL_framework_Resources["Resources"]\n    node_venv_lib_python3_12_site-packages_PyQt6_Qt6_lib_QtOpenGL_framework_Resources --> node_venv_lib_python3_12_site-packages_PyQt6_Qt6_lib_QtOpenGL_framework_Resources_Info_plist["Info.plist"]\n    Root --> node_venv["venv"]\n    node_venv --> node_venv_lib["lib"]\n    node_venv_lib --> node_venv_lib_python3_12["python3.12"]\n    node_venv_lib_python3_12 --> node_venv_lib_python3_12_site-packages["site-packages"]\n    node_venv_lib_python3_12_site-packages --> node_venv_lib_python3_12_site-packages_PyQt6["PyQt6"]\n    node_venv_lib_python3_12_site-packages_PyQt6 --> node_venv_lib_python3_12_site-packages_PyQt6_Qt6["Qt6"]\n    node_venv_lib_python3_12_site-packages_PyQt6_Qt6 --> node_venv_lib_python3_12_site-packages_PyQt6_Qt6_lib["lib"]\n    node_venv_lib_python3_12_site-packages_PyQt6_Qt6_lib --> node_venv_lib_python3_12_site-packages_PyQt6_Qt6_lib_QtOpenGL_framework["QtOpenGL.framework"]\n    node_venv_lib_python3_12_site-packages_PyQt6_Qt6_lib_QtOpenGL_framework --> node_venv_lib_python3_12_site-packages_PyQt6_Qt6_lib_QtOpenGL_framework_Resources["Resources"]\n    node_venv_lib_python3_12_site-packages_PyQt6_Qt6_lib_QtOpenGL_framework_Resources --> node_venv_lib_python3_12_site-packages_PyQt6_Qt6_lib_QtOpenGL_framework_Resources_PrivacyInfo_xcprivacy["PrivacyInfo.xcprivacy"]\n    Root --> node_venv["venv"]\n    node_venv --> node_venv_lib["lib"]\n    node_venv_lib --> node_venv_lib_python3_12["python3.12"]\n    node_venv_lib_python3_12 --> node_venv_lib_python3_12_site-packages["site-packages"]\n    node_venv_lib_python3_12_site-packages --> node_venv_lib_python3_12_site-packages_PyQt6["PyQt6"]\n    node_venv_lib_python3_12_site-packages_PyQt6 --> node_venv_lib_python3_12_site-packages_PyQt6_Qt6["Qt6"]\n    node_venv_lib_python3_12_site-packages_PyQt6_Qt6 --> node_venv_lib_python3_12_site-packages_PyQt6_Qt6_lib["lib"]\n    node_venv_lib_python3_12_site-packages_PyQt6_Qt6_lib --> node_venv_lib_python3_12_site-packages_PyQt6_Qt6_lib_QtOpenGL_framework["QtOpenGL.framework"]\n    node_venv_lib_python3_12_site-packages_PyQt6_Qt6_lib_QtOpenGL_framework --> node_venv_lib_python3_12_site-packages_PyQt6_Qt6_lib_QtOpenGL_framework_Versions["Versions"]\n    node_venv_lib_python3_12_site-packages_PyQt6_Qt6_lib_QtOpenGL_framework_Versions --> node_venv_lib_python3_12_site-packages_PyQt6_Qt6_lib_QtOpenGL_framework_Versions_A["A"]\n    node_venv_lib_python3_12_site-packages_PyQt6_Qt6_lib_QtOpenGL_framework_Versions_A --> node_venv_lib_python3_12_site-packages_PyQt6_Qt6_lib_QtOpenGL_framework_Versions_A_QtOpenGL["QtOpenGL"]\n    Root --> node_venv["venv"]\n    node_venv --> node_venv_lib["lib"]\n    node_venv_lib --> node_venv_lib_python3_12["python3.12"]\n    node_venv_lib_python3_12 --> node_venv_lib_python3_12_site-packages["site-packages"]\n    node_venv_lib_python3_12_site-packages --> node_venv_lib_python3_12_site-packages_PyQt6["PyQt6"]\n    node_venv_lib_python3_12_site-packages_PyQt6 --> node_venv_lib_python3_12_site-packages_PyQt6_Qt6["Qt6"]\n    node_venv_lib_python3_12_site-packages_PyQt6_Qt6 --> node_venv_lib_python3_12_site-packages_PyQt6_Qt6_lib["lib"]\n    node_venv_lib_python3_12_site-packages_PyQt6_Qt6_lib --> node_venv_lib_python3_12_site-packages_PyQt6_Qt6_lib_QtQuick3DPhysicsHelpers_framework["QtQuick3DPhysicsHelpers.framework"]\n    node_venv_lib_python3_12_site-packages_PyQt6_Qt6_lib_QtQuick3DPhysicsHelpers_framework --> node_venv_lib_python3_12_site-packages_PyQt6_Qt6_lib_QtQuick3DPhysicsHelpers_framework_Resources["Resources"]\n    node_venv_lib_python3_12_site-packages_PyQt6_Qt6_lib_QtQuick3DPhysicsHelpers_framework_Resources --> node_venv_lib_python3_12_site-packages_PyQt6_Qt6_lib_QtQuick3DPhysicsHelpers_framework_Resources_Info_plist["Info.plist"]\n    Root --> node_venv["venv"]\n    node_venv --> node_venv_lib["lib"]\n    node_venv_lib --> node_venv_lib_python3_12["python3.12"]\n    node_venv_lib_python3_12 --> node_venv_lib_python3_12_site-packages["site-packages"]\n    node_venv_lib_python3_12_site-packages --> node_venv_lib_python3_12_site-packages_PyQt6["PyQt6"]\n    node_venv_lib_python3_12_site-packages_PyQt6 --> node_venv_lib_python3_12_site-packages_PyQt6_Qt6["Qt6"]\n    node_venv_lib_python3_12_site-packages_PyQt6_Qt6 --> node_venv_lib_python3_12_site-packages_PyQt6_Qt6_lib["lib"]\n    node_venv_lib_python3_12_site-packages_PyQt6_Qt6_lib --> node_venv_lib_python3_12_site-packages_PyQt6_Qt6_lib_QtQuick3DPhysicsHelpers_framework["QtQuick3DPhysicsHelpers.framework"]\n    node_venv_lib_python3_12_site-packages_PyQt6_Qt6_lib_QtQuick3DPhysicsHelpers_framework --> node_venv_lib_python3_12_site-packages_PyQt6_Qt6_lib_QtQuick3DPhysicsHelpers_framework_Resources["Resources"]\n    node_venv_lib_python3_12_site-packages_PyQt6_Qt6_lib_QtQuick3DPhysicsHelpers_framework_Resources --> node_venv_lib_python3_12_site-packages_PyQt6_Qt6_lib_QtQuick3DPhysicsHelpers_framework_Resources_PrivacyInfo_xcprivacy["PrivacyInfo.xcprivacy"]\n    Root --> node_venv["venv"]\n    node_venv --> node_venv_lib["lib"]\n    node_venv_lib --> node_venv_lib_python3_12["python3.12"]\n    node_venv_lib_python3_12 --> node_venv_lib_python3_12_site-packages["site-packages"]\n    node_venv_lib_python3_12_site-packages --> node_venv_lib_python3_12_site-packages_PyQt6["PyQt6"]\n    node_venv_lib_python3_12_site-packages_PyQt6 --> node_venv_lib_python3_12_site-packages_PyQt6_Qt6["Qt6"]\n    node_venv_lib_python3_12_site-packages_PyQt6_Qt6 --> node_venv_lib_python3_12_site-packages_PyQt6_Qt6_lib["lib"]\n    node_venv_lib_python3_12_site-packages_PyQt6_Qt6_lib --> node_venv_lib_python3_12_site-packages_PyQt6_Qt6_lib_QtQuick3DPhysicsHelpers_framework["QtQuick3DPhysicsHelpers.framework"]\n    node_venv_lib_python3_12_site-packages_PyQt6_Qt6_lib_QtQuick3DPhysicsHelpers_framework --> node_venv_lib_python3_12_site-packages_PyQt6_Qt6_lib_QtQuick3DPhysicsHelpers_framework_Versions["Versions"]\n    node_venv_lib_python3_12_site-packages_PyQt6_Qt6_lib_QtQuick3DPhysicsHelpers_framework_Versions --> node_venv_lib_python3_12_site-packages_PyQt6_Qt6_lib_QtQuick3DPhysicsHelpers_framework_Versions_A["A"]\n    node_venv_lib_python3_12_site-packages_PyQt6_Qt6_lib_QtQuick3DPhysicsHelpers_framework_Versions_A --> node_venv_lib_python3_12_site-packages_PyQt6_Qt6_lib_QtQuick3DPhysicsHelpers_framework_Versions_A_QtQuick3DPhysicsHelpers["QtQuick3DPhysicsHelpers"]\n    Root --> node_venv["venv"]\n    node_venv --> node_venv_lib["lib"]\n    node_venv_lib --> node_venv_lib_python3_12["python3.12"]\n    node_venv_lib_python3_12 --> node_venv_lib_python3_12_site-packages["site-packages"]\n    node_venv_lib_python3_12_site-packages --> node_venv_lib_python3_12_site-packages_PyQt6["PyQt6"]\n    node_venv_lib_python3_12_site-packages_PyQt6 --> node_venv_lib_python3_12_site-packages_PyQt6_Qt6["Qt6"]\n    node_venv_lib_python3_12_site-packages_PyQt6_Qt6 --> node_venv_lib_python3_12_site-packages_PyQt6_Qt6_lib["lib"]\n    node_venv_lib_python3_12_site-packages_PyQt6_Qt6_lib --> node_venv_lib_python3_12_site-packages_PyQt6_Qt6_lib_QtLabsQmlModels_framework["QtLabsQmlModels.framework"]\n    node_venv_lib_python3_12_site-packages_PyQt6_Qt6_lib_QtLabsQmlModels_framework --> node_venv_lib_python3_12_site-packages_PyQt6_Qt6_lib_QtLabsQmlModels_framework_Resources["Resources"]\n    node_venv_lib_python3_12_site-packages_PyQt6_Qt6_lib_QtLabsQmlModels_framework_Resources --> node_venv_lib_python3_12_site-packages_PyQt6_Qt6_lib_QtLabsQmlModels_framework_Resources_Info_plist["Info.plist"]\n    Root --> node_venv["venv"]\n    node_venv --> node_venv_lib["lib"]\n    node_venv_lib --> node_venv_lib_python3_12["python3.12"]\n    node_venv_lib_python3_12 --> node_venv_lib_python3_12_site-packages["site-packages"]\n    node_venv_lib_python3_12_site-packages --> node_venv_lib_python3_12_site-packages_PyQt6["PyQt6"]\n    node_venv_lib_python3_12_site-packages_PyQt6 --> node_venv_lib_python3_12_site-packages_PyQt6_Qt6["Qt6"]\n    node_venv_lib_python3_12_site-packages_PyQt6_Qt6 --> node_venv_lib_python3_12_site-packages_PyQt6_Qt6_lib["lib"]\n    node_venv_lib_python3_12_site-packages_PyQt6_Qt6_lib --> node_venv_lib_python3_12_site-packages_PyQt6_Qt6_lib_QtLabsQmlModels_framework["QtLabsQmlModels.framework"]\n    node_venv_lib_python3_12_site-packages_PyQt6_Qt6_lib_QtLabsQmlModels_framework --> node_venv_lib_python3_12_site-packages_PyQt6_Qt6_lib_QtLabsQmlModels_framework_Resources["Resources"]\n    node_venv_lib_python3_12_site-packages_PyQt6_Qt6_lib_QtLabsQmlModels_framework_Resources --> node_venv_lib_python3_12_site-packages_PyQt6_Qt6_lib_QtLabsQmlModels_framework_Resources_PrivacyInfo_xcprivacy["PrivacyInfo.xcprivacy"]\n    Root --> node_venv["venv"]\n    node_venv --> node_venv_lib["lib"]\n    node_venv_lib --> node_venv_lib_python3_12["python3.12"]\n    node_venv_lib_python3_12 --> node_venv_lib_python3_12_site-packages["site-packages"]\n    node_venv_lib_python3_12_site-packages --> node_venv_lib_python3_12_site-packages_PyQt6["PyQt6"]\n    node_venv_lib_python3_12_site-packages_PyQt6 --> node_venv_lib_python3_12_site-packages_PyQt6_Qt6["Qt6"]\n    node_venv_lib_python3_12_site-packages_PyQt6_Qt6 --> node_venv_lib_python3_12_site-packages_PyQt6_Qt6_lib["lib"]\n    node_venv_lib_python3_12_site-packages_PyQt6_Qt6_lib --> node_venv_lib_python3_12_site-packages_PyQt6_Qt6_lib_QtLabsQmlModels_framework["QtLabsQmlModels.framework"]\n    node_venv_lib_python3_12_site-packages_PyQt6_Qt6_lib_QtLabsQmlModels_framework --> node_venv_lib_python3_12_site-packages_PyQt6_Qt6_lib_QtLabsQmlModels_framework_Versions["Versions"]\n    node_venv_lib_python3_12_site-packages_PyQt6_Qt6_lib_QtLabsQmlModels_framework_Versions --> node_venv_lib_python3_12_site-packages_PyQt6_Qt6_lib_QtLabsQmlModels_framework_Versions_A["A"]\n    node_venv_lib_python3_12_site-packages_PyQt6_Qt6_lib_QtLabsQmlModels_framework_Versions_A --> node_venv_lib_python3_12_site-packages_PyQt6_Qt6_lib_QtLabsQmlModels_framework_Versions_A_QtLabsQmlModels["QtLabsQmlModels"]\n    Root --> node_venv["venv"]\n    node_venv --> node_venv_lib["lib"]\n    node_venv_lib --> node_venv_lib_python3_12["python3.12"]\n    node_venv_lib_python3_12 --> node_venv_lib_python3_12_site-packages["site-packages"]\n    node_venv_lib_python3_12_site-packages --> node_venv_lib_python3_12_site-packages_PyQt6["PyQt6"]\n    node_venv_lib_python3_12_site-packages_PyQt6 --> node_venv_lib_python3_12_site-packages_PyQt6_Qt6["Qt6"]\n    node_venv_lib_python3_12_site-packages_PyQt6_Qt6 --> node_venv_lib_python3_12_site-packages_PyQt6_Qt6_lib["lib"]\n    node_venv_lib_python3_12_site-packages_PyQt6_Qt6_lib --> node_venv_lib_python3_12_site-packages_PyQt6_Qt6_lib_QtQuickControls2Universal_framework["QtQuickControls2Universal.framework"]\n    node_venv_lib_python3_12_site-packages_PyQt6_Qt6_lib_QtQuickControls2Universal_framework --> node_venv_lib_python3_12_site-packages_PyQt6_Qt6_lib_QtQuickControls2Universal_framework_Resources["Resources"]\n    node_venv_lib_python3_12_site-packages_PyQt6_Qt6_lib_QtQuickControls2Universal_framework_Resources --> node_venv_lib_python3_12_site-packages_PyQt6_Qt6_lib_QtQuickControls2Universal_framework_Resources_Info_plist["Info.plist"]\n    Root --> node_venv["venv"]\n    node_venv --> node_venv_lib["lib"]\n    node_venv_lib --> node_venv_lib_python3_12["python3.12"]\n    node_venv_lib_python3_12 --> node_venv_lib_python3_12_site-packages["site-packages"]\n    node_venv_lib_python3_12_site-packages --> node_venv_lib_python3_12_site-packages_PyQt6["PyQt6"]\n    node_venv_lib_python3_12_site-packages_PyQt6 --> node_venv_lib_python3_12_site-packages_PyQt6_Qt6["Qt6"]\n    node_venv_lib_python3_12_site-packages_PyQt6_Qt6 --> node_venv_lib_python3_12_site-packages_PyQt6_Qt6_lib["lib"]\n    node_venv_lib_python3_12_site-packages_PyQt6_Qt6_lib --> node_venv_lib_python3_12_site-packages_PyQt6_Qt6_lib_QtQuickControls2Universal_framework["QtQuickControls2Universal.framework"]\n    node_venv_lib_python3_12_site-packages_PyQt6_Qt6_lib_QtQuickControls2Universal_framework --> node_venv_lib_python3_12_site-packages_PyQt6_Qt6_lib_QtQuickControls2Universal_framework_Resources["Resources"]\n    node_venv_lib_python3_12_site-packages_PyQt6_Qt6_lib_QtQuickControls2Universal_framework_Resources --> node_venv_lib_python3_12_site-packages_PyQt6_Qt6_lib_QtQuickControls2Universal_framework_Resources_PrivacyInfo_xcprivacy["PrivacyInfo.xcprivacy"]\n    Root --> node_venv["venv"]\n    node_venv --> node_venv_lib["lib"]\n    node_venv_lib --> node_venv_lib_python3_12["python3.12"]\n    node_venv_lib_python3_12 --> node_venv_lib_python3_12_site-packages["site-packages"]\n    node_venv_lib_python3_12_site-packages --> node_venv_lib_python3_12_site-packages_PyQt6["PyQt6"]\n    node_venv_lib_python3_12_site-packages_PyQt6 --> node_venv_lib_python3_12_site-packages_PyQt6_Qt6["Qt6"]\n    node_venv_lib_python3_12_site-packages_PyQt6_Qt6 --> node_venv_lib_python3_12_site-packages_PyQt6_Qt6_lib["lib"]\n    node_venv_lib_python3_12_site-packages_PyQt6_Qt6_lib --> node_venv_lib_python3_12_site-packages_PyQt6_Qt6_lib_QtQuickControls2Universal_framework["QtQuickControls2Universal.framework"]\n    node_venv_lib_python3_12_site-packages_PyQt6_Qt6_lib_QtQuickControls2Universal_framework --> node_venv_lib_python3_12_site-packages_PyQt6_Qt6_lib_QtQuickControls2Universal_framework_Versions["Versions"]\n    node_venv_lib_python3_12_site-packages_PyQt6_Qt6_lib_QtQuickControls2Universal_framework_Versions --> node_venv_lib_python3_12_site-packages_PyQt6_Qt6_lib_QtQuickControls2Universal_framework_Versions_A["A"]\n    node_venv_lib_python3_12_site-packages_PyQt6_Qt6_lib_QtQuickControls2Universal_framework_Versions_A --> node_venv_lib_python3_12_site-packages_PyQt6_Qt6_lib_QtQuickControls2Universal_framework_Versions_A_QtQuickControls2Universal["QtQuickControls2Universal"]\n    Root --> node_venv["venv"]\n    node_venv --> node_venv_lib["lib"]\n    node_venv_lib --> node_venv_lib_python3_12["python3.12"]\n    node_venv_lib_python3_12 --> node_venv_lib_python3_12_site-packages["site-packages"]\n    node_venv_lib_python3_12_site-packages --> node_venv_lib_python3_12_site-packages_PyQt6["PyQt6"]\n    node_venv_lib_python3_12_site-packages_PyQt6 --> node_venv_lib_python3_12_site-packages_PyQt6_Qt6["Qt6"]\n    node_venv_lib_python3_12_site-packages_PyQt6_Qt6 --> node_venv_lib_python3_12_site-packages_PyQt6_Qt6_lib["lib"]\n    node_venv_lib_python3_12_site-packages_PyQt6_Qt6_lib --> node_venv_lib_python3_12_site-packages_PyQt6_Qt6_lib_QtOpenGLWidgets_framework["QtOpenGLWidgets.framework"]\n    node_venv_lib_python3_12_site-packages_PyQt6_Qt6_lib_QtOpenGLWidgets_framework --> node_venv_lib_python3_12_site-packages_PyQt6_Qt6_lib_QtOpenGLWidgets_framework_Resources["Resources"]\n    node_venv_lib_python3_12_site-packages_PyQt6_Qt6_lib_QtOpenGLWidgets_framework_Resources --> node_venv_lib_python3_12_site-packages_PyQt6_Qt6_lib_QtOpenGLWidgets_framework_Resources_Info_plist["Info.plist"]\n    Root --> node_venv["venv"]\n    node_venv --> node_venv_lib["lib"]\n    node_venv_lib --> node_venv_lib_python3_12["python3.12"]\n    node_venv_lib_python3_12 --> node_venv_lib_python3_12_site-packages["site-packages"]\n    node_venv_lib_python3_12_site-packages --> node_venv_lib_python3_12_site-packages_PyQt6["PyQt6"]\n    node_venv_lib_python3_12_site-packages_PyQt6 --> node_venv_lib_python3_12_site-packages_PyQt6_Qt6["Qt6"]\n    node_venv_lib_python3_12_site-packages_PyQt6_Qt6 --> node_venv_lib_python3_12_site-packages_PyQt6_Qt6_lib["lib"]\n    node_venv_lib_python3_12_site-packages_PyQt6_Qt6_lib --> node_venv_lib_python3_12_site-packages_PyQt6_Qt6_lib_QtOpenGLWidgets_framework["QtOpenGLWidgets.framework"]\n    node_venv_lib_python3_12_site-packages_PyQt6_Qt6_lib_QtOpenGLWidgets_framework --> node_venv_lib_python3_12_site-packages_PyQt6_Qt6_lib_QtOpenGLWidgets_framework_Resources["Resources"]\n    node_venv_lib_python3_12_site-packages_PyQt6_Qt6_lib_QtOpenGLWidgets_framework_Resources --> node_venv_lib_python3_12_site-packages_PyQt6_Qt6_lib_QtOpenGLWidgets_framework_Resources_PrivacyInfo_xcprivacy["PrivacyInfo.xcprivacy"]\n    Root --> node_venv["venv"]\n    node_venv --> node_venv_lib["lib"]\n    node_venv_lib --> node_venv_lib_python3_12["python3.12"]\n    node_venv_lib_python3_12 --> node_venv_lib_python3_12_site-packages["site-packages"]\n    node_venv_lib_python3_12_site-packages --> node_venv_lib_python3_12_site-packages_PyQt6["PyQt6"]\n    node_venv_lib_python3_12_site-packages_PyQt6 --> node_venv_lib_python3_12_site-packages_PyQt6_Qt6["Qt6"]\n    node_venv_lib_python3_12_site-packages_PyQt6_Qt6 --> node_venv_lib_python3_12_site-packages_PyQt6_Qt6_lib["lib"]\n    node_venv_lib_python3_12_site-packages_PyQt6_Qt6_lib --> node_venv_lib_python3_12_site-packages_PyQt6_Qt6_lib_QtOpenGLWidgets_framework["QtOpenGLWidgets.framework"]\n    node_venv_lib_python3_12_site-packages_PyQt6_Qt6_lib_QtOpenGLWidgets_framework --> node_venv_lib_python3_12_site-packages_PyQt6_Qt6_lib_QtOpenGLWidgets_framework_Versions["Versions"]\n    node_venv_lib_python3_12_site-packages_PyQt6_Qt6_lib_QtOpenGLWidgets_framework_Versions --> node_venv_lib_python3_12_site-packages_PyQt6_Qt6_lib_QtOpenGLWidgets_framework_Versions_A["A"]\n    node_venv_lib_python3_12_site-packages_PyQt6_Qt6_lib_QtOpenGLWidgets_framework_Versions_A --> node_venv_lib_python3_12_site-packages_PyQt6_Qt6_lib_QtOpenGLWidgets_framework_Versions_A_QtOpenGLWidgets["QtOpenGLWidgets"]\n    Root --> node_venv["venv"]\n    node_venv --> node_venv_lib["lib"]\n    node_venv_lib --> node_venv_lib_python3_12["python3.12"]\n    node_venv_lib_python3_12 --> node_venv_lib_python3_12_site-packages["site-packages"]\n    node_venv_lib_python3_12_site-packages --> node_venv_lib_python3_12_site-packages_PyQt6["PyQt6"]\n    node_venv_lib_python3_12_site-packages_PyQt6 --> node_venv_lib_python3_12_site-packages_PyQt6_Qt6["Qt6"]\n    node_venv_lib_python3_12_site-packages_PyQt6_Qt6 --> node_venv_lib_python3_12_site-packages_PyQt6_Qt6_lib["lib"]\n    node_venv_lib_python3_12_site-packages_PyQt6_Qt6_lib --> node_venv_lib_python3_12_site-packages_PyQt6_Qt6_lib_QtLabsSettings_framework["QtLabsSettings.framework"]\n    node_venv_lib_python3_12_site-packages_PyQt6_Qt6_lib_QtLabsSettings_framework --> node_venv_lib_python3_12_site-packages_PyQt6_Qt6_lib_QtLabsSettings_framework_Resources["Resources"]\n    node_venv_lib_python3_12_site-packages_PyQt6_Qt6_lib_QtLabsSettings_framework_Resources --> node_venv_lib_python3_12_site-packages_PyQt6_Qt6_lib_QtLabsSettings_framework_Resources_Info_plist["Info.plist"]\n    Root --> node_venv["venv"]\n    node_venv --> node_venv_lib["lib"]\n    node_venv_lib --> node_venv_lib_python3_12["python3.12"]\n    node_venv_lib_python3_12 --> node_venv_lib_python3_12_site-packages["site-packages"]\n    node_venv_lib_python3_12_site-packages --> node_venv_lib_python3_12_site-packages_PyQt6["PyQt6"]\n    node_venv_lib_python3_12_site-packages_PyQt6 --> node_venv_lib_python3_12_site-packages_PyQt6_Qt6["Qt6"]\n    node_venv_lib_python3_12_site-packages_PyQt6_Qt6 --> node_venv_lib_python3_12_site-packages_PyQt6_Qt6_lib["lib"]\n    node_venv_lib_python3_12_site-packages_PyQt6_Qt6_lib --> node_venv_lib_python3_12_site-packages_PyQt6_Qt6_lib_QtLabsSettings_framework["QtLabsSettings.framework"]\n    node_venv_lib_python3_12_site-packages_PyQt6_Qt6_lib_QtLabsSettings_framework --> node_venv_lib_python3_12_site-packages_PyQt6_Qt6_lib_QtLabsSettings_framework_Resources["Resources"]\n    node_venv_lib_python3_12_site-packages_PyQt6_Qt6_lib_QtLabsSettings_framework_Resources --> node_venv_lib_python3_12_site-packages_PyQt6_Qt6_lib_QtLabsSettings_framework_Resources_PrivacyInfo_xcprivacy["PrivacyInfo.xcprivacy"]\n    Root --> node_venv["venv"]\n    node_venv --> node_venv_lib["lib"]\n    node_venv_lib --> node_venv_lib_python3_12["python3.12"]\n    node_venv_lib_python3_12 --> node_venv_lib_python3_12_site-packages["site-packages"]\n    node_venv_lib_python3_12_site-packages --> node_venv_lib_python3_12_site-packages_PyQt6["PyQt6"]\n    node_venv_lib_python3_12_site-packages_PyQt6 --> node_venv_lib_python3_12_site-packages_PyQt6_Qt6["Qt6"]\n    node_venv_lib_python3_12_site-packages_PyQt6_Qt6 --> node_venv_lib_python3_12_site-packages_PyQt6_Qt6_lib["lib"]\n    node_venv_lib_python3_12_site-packages_PyQt6_Qt6_lib --> node_venv_lib_python3_12_site-packages_PyQt6_Qt6_lib_QtLabsSettings_framework["QtLabsSettings.framework"]\n    node_venv_lib_python3_12_site-packages_PyQt6_Qt6_lib_QtLabsSettings_framework --> node_venv_lib_python3_12_site-packages_PyQt6_Qt6_lib_QtLabsSettings_framework_Versions["Versions"]\n    node_venv_lib_python3_12_site-packages_PyQt6_Qt6_lib_QtLabsSettings_framework_Versions --> node_venv_lib_python3_12_site-packages_PyQt6_Qt6_lib_QtLabsSettings_framework_Versions_A["A"]\n    node_venv_lib_python3_12_site-packages_PyQt6_Qt6_lib_QtLabsSettings_framework_Versions_A --> node_venv_lib_python3_12_site-packages_PyQt6_Qt6_lib_QtLabsSettings_framework_Versions_A_QtLabsSettings["QtLabsSettings"]\n    Root --> node_venv["venv"]\n    node_venv --> node_venv_lib["lib"]\n    node_venv_lib --> node_venv_lib_python3_12["python3.12"]\n    node_venv_lib_python3_12 --> node_venv_lib_python3_12_site-packages["site-packages"]\n    node_venv_lib_python3_12_site-packages --> node_venv_lib_python3_12_site-packages_PyQt6["PyQt6"]\n    node_venv_lib_python3_12_site-packages_PyQt6 --> node_venv_lib_python3_12_site-packages_PyQt6_Qt6["Qt6"]\n    node_venv_lib_python3_12_site-packages_PyQt6_Qt6 --> node_venv_lib_python3_12_site-packages_PyQt6_Qt6_lib["lib"]\n    node_venv_lib_python3_12_site-packages_PyQt6_Qt6_lib --> node_venv_lib_python3_12_site-packages_PyQt6_Qt6_lib_QtSvgWidgets_framework["QtSvgWidgets.framework"]\n    node_venv_lib_python3_12_site-packages_PyQt6_Qt6_lib_QtSvgWidgets_framework --> node_venv_lib_python3_12_site-packages_PyQt6_Qt6_lib_QtSvgWidgets_framework_Resources["Resources"]\n    node_venv_lib_python3_12_site-packages_PyQt6_Qt6_lib_QtSvgWidgets_framework_Resources --> node_venv_lib_python3_12_site-packages_PyQt6_Qt6_lib_QtSvgWidgets_framework_Resources_Info_plist["Info.plist"]\n    Root --> node_venv["venv"]\n    node_venv --> node_venv_lib["lib"]\n    node_venv_lib --> node_venv_lib_python3_12["python3.12"]\n    node_venv_lib_python3_12 --> node_venv_lib_python3_12_site-packages["site-packages"]\n    node_venv_lib_python3_12_site-packages --> node_venv_lib_python3_12_site-packages_PyQt6["PyQt6"]\n    node_venv_lib_python3_12_site-packages_PyQt6 --> node_venv_lib_python3_12_site-packages_PyQt6_Qt6["Qt6"]\n    node_venv_lib_python3_12_site-packages_PyQt6_Qt6 --> node_venv_lib_python3_12_site-packages_PyQt6_Qt6_lib["lib"]\n    node_venv_lib_python3_12_site-packages_PyQt6_Qt6_lib --> node_venv_lib_python3_12_site-packages_PyQt6_Qt6_lib_QtSvgWidgets_framework["QtSvgWidgets.framework"]\n    node_venv_lib_python3_12_site-packages_PyQt6_Qt6_lib_QtSvgWidgets_framework --> node_venv_lib_python3_12_site-packages_PyQt6_Qt6_lib_QtSvgWidgets_framework_Resources["Resources"]\n    node_venv_lib_python3_12_site-packages_PyQt6_Qt6_lib_QtSvgWidgets_framework_Resources --> node_venv_lib_python3_12_site-packages_PyQt6_Qt6_lib_QtSvgWidgets_framework_Resources_PrivacyInfo_xcprivacy["PrivacyInfo.xcprivacy"]\n    Root --> node_venv["venv"]\n    node_venv --> node_venv_lib["lib"]\n    node_venv_lib --> node_venv_lib_python3_12["python3.12"]\n    node_venv_lib_python3_12 --> node_venv_lib_python3_12_site-packages["site-packages"]\n    node_venv_lib_python3_12_site-packages --> node_venv_lib_python3_12_site-packages_PyQt6["PyQt6"]\n    node_venv_lib_python3_12_site-packages_PyQt6 --> node_venv_lib_python3_12_site-packages_PyQt6_Qt6["Qt6"]\n    node_venv_lib_python3_12_site-packages_PyQt6_Qt6 --> node_venv_lib_python3_12_site-packages_PyQt6_Qt6_lib["lib"]\n    node_venv_lib_python3_12_site-packages_PyQt6_Qt6_lib --> node_venv_lib_python3_12_site-packages_PyQt6_Qt6_lib_QtSvgWidgets_framework["QtSvgWidgets.framework"]\n    node_venv_lib_python3_12_site-packages_PyQt6_Qt6_lib_QtSvgWidgets_framework --> node_venv_lib_python3_12_site-packages_PyQt6_Qt6_lib_QtSvgWidgets_framework_Versions["Versions"]\n    node_venv_lib_python3_12_site-packages_PyQt6_Qt6_lib_QtSvgWidgets_framework_Versions --> node_venv_lib_python3_12_site-packages_PyQt6_Qt6_lib_QtSvgWidgets_framework_Versions_A["A"]\n    node_venv_lib_python3_12_site-packages_PyQt6_Qt6_lib_QtSvgWidgets_framework_Versions_A --> node_venv_lib_python3_12_site-packages_PyQt6_Qt6_lib_QtSvgWidgets_framework_Versions_A_QtSvgWidgets["QtSvgWidgets"]\n    Root --> node_venv["venv"]\n    node_venv --> node_venv_lib["lib"]\n    node_venv_lib --> node_venv_lib_python3_12["python3.12"]\n    node_venv_lib_python3_12 --> node_venv_lib_python3_12_site-packages["site-packages"]\n    node_venv_lib_python3_12_site-packages --> node_venv_lib_python3_12_site-packages_PyQt6["PyQt6"]\n    node_venv_lib_python3_12_site-packages_PyQt6 --> node_venv_lib_python3_12_site-packages_PyQt6_Qt6["Qt6"]\n    node_venv_lib_python3_12_site-packages_PyQt6_Qt6 --> node_venv_lib_python3_12_site-packages_PyQt6_Qt6_lib["lib"]\n    node_venv_lib_python3_12_site-packages_PyQt6_Qt6_lib --> node_venv_lib_python3_12_site-packages_PyQt6_Qt6_lib_QtQuickControls2MacOSStyleImpl_framework["QtQuickControls2MacOSStyleImpl.framework"]\n    node_venv_lib_python3_12_site-packages_PyQt6_Qt6_lib_QtQuickControls2MacOSStyleImpl_framework --> node_venv_lib_python3_12_site-packages_PyQt6_Qt6_lib_QtQuickControls2MacOSStyleImpl_framework_Resources["Resources"]\n    node_venv_lib_python3_12_site-packages_PyQt6_Qt6_lib_QtQuickControls2MacOSStyleImpl_framework_Resources --> node_venv_lib_python3_12_site-packages_PyQt6_Qt6_lib_QtQuickControls2MacOSStyleImpl_framework_Resources_Info_plist["Info.plist"]\n    Root --> node_venv["venv"]\n    node_venv --> node_venv_lib["lib"]\n    node_venv_lib --> node_venv_lib_python3_12["python3.12"]\n    node_venv_lib_python3_12 --> node_venv_lib_python3_12_site-packages["site-packages"]\n    node_venv_lib_python3_12_site-packages --> node_venv_lib_python3_12_site-packages_PyQt6["PyQt6"]\n    node_venv_lib_python3_12_site-packages_PyQt6 --> node_venv_lib_python3_12_site-packages_PyQt6_Qt6["Qt6"]\n    node_venv_lib_python3_12_site-packages_PyQt6_Qt6 --> node_venv_lib_python3_12_site-packages_PyQt6_Qt6_lib["lib"]\n    node_venv_lib_python3_12_site-packages_PyQt6_Qt6_lib --> node_venv_lib_python3_12_site-packages_PyQt6_Qt6_lib_QtQuickControls2MacOSStyleImpl_framework["QtQuickControls2MacOSStyleImpl.framework"]\n    node_venv_lib_python3_12_site-packages_PyQt6_Qt6_lib_QtQuickControls2MacOSStyleImpl_framework --> node_venv_lib_python3_12_site-packages_PyQt6_Qt6_lib_QtQuickControls2MacOSStyleImpl_framework_Resources["Resources"]\n    node_venv_lib_python3_12_site-packages_PyQt6_Qt6_lib_QtQuickControls2MacOSStyleImpl_framework_Resources --> node_venv_lib_python3_12_site-packages_PyQt6_Qt6_lib_QtQuickControls2MacOSStyleImpl_framework_Resources_PrivacyInfo_xcprivacy["PrivacyInfo.xcprivacy"]\n    Root --> node_venv["venv"]\n    node_venv --> node_venv_lib["lib"]\n    node_venv_lib --> node_venv_lib_python3_12["python3.12"]\n    node_venv_lib_python3_12 --> node_venv_lib_python3_12_site-packages["site-packages"]\n    node_venv_lib_python3_12_site-packages --> node_venv_lib_python3_12_site-packages_PyQt6["PyQt6"]\n    node_venv_lib_python3_12_site-packages_PyQt6 --> node_venv_lib_python3_12_site-packages_PyQt6_Qt6["Qt6"]\n    node_venv_lib_python3_12_site-packages_PyQt6_Qt6 --> node_venv_lib_python3_12_site-packages_PyQt6_Qt6_lib["lib"]\n    node_venv_lib_python3_12_site-packages_PyQt6_Qt6_lib --> node_venv_lib_python3_12_site-packages_PyQt6_Qt6_lib_QtQuickControls2MacOSStyleImpl_framework["QtQuickControls2MacOSStyleImpl.framework"]\n    node_venv_lib_python3_12_site-packages_PyQt6_Qt6_lib_QtQuickControls2MacOSStyleImpl_framework --> node_venv_lib_python3_12_site-packages_PyQt6_Qt6_lib_QtQuickControls2MacOSStyleImpl_framework_Versions["Versions"]\n    node_venv_lib_python3_12_site-packages_PyQt6_Qt6_lib_QtQuickControls2MacOSStyleImpl_framework_Versions --> node_venv_lib_python3_12_site-packages_PyQt6_Qt6_lib_QtQuickControls2MacOSStyleImpl_framework_Versions_A["A"]\n    node_venv_lib_python3_12_site-packages_PyQt6_Qt6_lib_QtQuickControls2MacOSStyleImpl_framework_Versions_A --> node_venv_lib_python3_12_site-packages_PyQt6_Qt6_lib_QtQuickControls2MacOSStyleImpl_framework_Versions_A_QtQuickControls2MacOSStyleImpl["QtQuickControls2MacOSStyleImpl"]\n    Root --> node_venv["venv"]\n    node_venv --> node_venv_lib["lib"]\n    node_venv_lib --> node_venv_lib_python3_12["python3.12"]\n    node_venv_lib_python3_12 --> node_venv_lib_python3_12_site-packages["site-packages"]\n    node_venv_lib_python3_12_site-packages --> node_venv_lib_python3_12_site-packages_PyQt6["PyQt6"]\n    node_venv_lib_python3_12_site-packages_PyQt6 --> node_venv_lib_python3_12_site-packages_PyQt6_Qt6["Qt6"]\n    node_venv_lib_python3_12_site-packages_PyQt6_Qt6 --> node_venv_lib_python3_12_site-packages_PyQt6_Qt6_lib["lib"]\n    node_venv_lib_python3_12_site-packages_PyQt6_Qt6_lib --> node_venv_lib_python3_12_site-packages_PyQt6_Qt6_lib_QtQuickControls2MaterialStyleImpl_framework["QtQuickControls2MaterialStyleImpl.framework"]\n    node_venv_lib_python3_12_site-packages_PyQt6_Qt6_lib_QtQuickControls2MaterialStyleImpl_framework --> node_venv_lib_python3_12_site-packages_PyQt6_Qt6_lib_QtQuickControls2MaterialStyleImpl_framework_Resources["Resources"]\n    node_venv_lib_python3_12_site-packages_PyQt6_Qt6_lib_QtQuickControls2MaterialStyleImpl_framework_Resources --> node_venv_lib_python3_12_site-packages_PyQt6_Qt6_lib_QtQuickControls2MaterialStyleImpl_framework_Resources_Info_plist["Info.plist"]\n    Root --> node_venv["venv"]\n    node_venv --> node_venv_lib["lib"]\n    node_venv_lib --> node_venv_lib_python3_12["python3.12"]\n    node_venv_lib_python3_12 --> node_venv_lib_python3_12_site-packages["site-packages"]\n    node_venv_lib_python3_12_site-packages --> node_venv_lib_python3_12_site-packages_PyQt6["PyQt6"]\n    node_venv_lib_python3_12_site-packages_PyQt6 --> node_venv_lib_python3_12_site-packages_PyQt6_Qt6["Qt6"]\n    node_venv_lib_python3_12_site-packages_PyQt6_Qt6 --> node_venv_lib_python3_12_site-packages_PyQt6_Qt6_lib["lib"]\n    node_venv_lib_python3_12_site-packages_PyQt6_Qt6_lib --> node_venv_lib_python3_12_site-packages_PyQt6_Qt6_lib_QtQuickControls2MaterialStyleImpl_framework["QtQuickControls2MaterialStyleImpl.framework"]\n    node_venv_lib_python3_12_site-packages_PyQt6_Qt6_lib_QtQuickControls2MaterialStyleImpl_framework --> node_venv_lib_python3_12_site-packages_PyQt6_Qt6_lib_QtQuickControls2MaterialStyleImpl_framework_Resources["Resources"]\n    node_venv_lib_python3_12_site-packages_PyQt6_Qt6_lib_QtQuickControls2MaterialStyleImpl_framework_Resources --> node_venv_lib_python3_12_site-packages_PyQt6_Qt6_lib_QtQuickControls2MaterialStyleImpl_framework_Resources_PrivacyInfo_xcprivacy["PrivacyInfo.xcprivacy"]\n    Root --> node_venv["venv"]\n    node_venv --> node_venv_lib["lib"]\n    node_venv_lib --> node_venv_lib_python3_12["python3.12"]\n    node_venv_lib_python3_12 --> node_venv_lib_python3_12_site-packages["site-packages"]\n    node_venv_lib_python3_12_site-packages --> node_venv_lib_python3_12_site-packages_PyQt6["PyQt6"]\n    node_venv_lib_python3_12_site-packages_PyQt6 --> node_venv_lib_python3_12_site-packages_PyQt6_Qt6["Qt6"]\n    node_venv_lib_python3_12_site-packages_PyQt6_Qt6 --> node_venv_lib_python3_12_site-packages_PyQt6_Qt6_lib["lib"]\n    node_venv_lib_python3_12_site-packages_PyQt6_Qt6_lib --> node_venv_lib_python3_12_site-packages_PyQt6_Qt6_lib_QtQuickControls2MaterialStyleImpl_framework["QtQuickControls2MaterialStyleImpl.framework"]\n    node_venv_lib_python3_12_site-packages_PyQt6_Qt6_lib_QtQuickControls2MaterialStyleImpl_framework --> node_venv_lib_python3_12_site-packages_PyQt6_Qt6_lib_QtQuickControls2MaterialStyleImpl_framework_Versions["Versions"]\n    node_venv_lib_python3_12_site-packages_PyQt6_Qt6_lib_QtQuickControls2MaterialStyleImpl_framework_Versions --> node_venv_lib_python3_12_site-packages_PyQt6_Qt6_lib_QtQuickControls2MaterialStyleImpl_framework_Versions_A["A"]\n    node_venv_lib_python3_12_site-packages_PyQt6_Qt6_lib_QtQuickControls2MaterialStyleImpl_framework_Versions_A --> node_venv_lib_python3_12_site-packages_PyQt6_Qt6_lib_QtQuickControls2MaterialStyleImpl_framework_Versions_A_QtQuickControls2MaterialStyleImpl["QtQuickControls2MaterialStyleImpl"]\n    Root --> node_venv["venv"]\n    node_venv --> node_venv_lib["lib"]\n    node_venv_lib --> node_venv_lib_python3_12["python3.12"]\n    node_venv_lib_python3_12 --> node_venv_lib_python3_12_site-packages["site-packages"]\n    node_venv_lib_python3_12_site-packages --> node_venv_lib_python3_12_site-packages_PyQt6["PyQt6"]\n    node_venv_lib_python3_12_site-packages_PyQt6 --> node_venv_lib_python3_12_site-packages_PyQt6_Qt6["Qt6"]\n    node_venv_lib_python3_12_site-packages_PyQt6_Qt6 --> node_venv_lib_python3_12_site-packages_PyQt6_Qt6_lib["lib"]\n    node_venv_lib_python3_12_site-packages_PyQt6_Qt6_lib --> node_venv_lib_python3_12_site-packages_PyQt6_Qt6_lib_QtTest_framework["QtTest.framework"]\n    node_venv_lib_python3_12_site-packages_PyQt6_Qt6_lib_QtTest_framework --> node_venv_lib_python3_12_site-packages_PyQt6_Qt6_lib_QtTest_framework_Resources["Resources"]\n    node_venv_lib_python3_12_site-packages_PyQt6_Qt6_lib_QtTest_framework_Resources --> node_venv_lib_python3_12_site-packages_PyQt6_Qt6_lib_QtTest_framework_Resources_Info_plist["Info.plist"]\n    Root --> node_venv["venv"]\n    node_venv --> node_venv_lib["lib"]\n    node_venv_lib --> node_venv_lib_python3_12["python3.12"]\n    node_venv_lib_python3_12 --> node_venv_lib_python3_12_site-packages["site-packages"]\n    node_venv_lib_python3_12_site-packages --> node_venv_lib_python3_12_site-packages_PyQt6["PyQt6"]\n    node_venv_lib_python3_12_site-packages_PyQt6 --> node_venv_lib_python3_12_site-packages_PyQt6_Qt6["Qt6"]\n    node_venv_lib_python3_12_site-packages_PyQt6_Qt6 --> node_venv_lib_python3_12_site-packages_PyQt6_Qt6_lib["lib"]\n    node_venv_lib_python3_12_site-packages_PyQt6_Qt6_lib --> node_venv_lib_python3_12_site-packages_PyQt6_Qt6_lib_QtTest_framework["QtTest.framework"]\n    node_venv_lib_python3_12_site-packages_PyQt6_Qt6_lib_QtTest_framework --> node_venv_lib_python3_12_site-packages_PyQt6_Qt6_lib_QtTest_framework_Resources["Resources"]\n    node_venv_lib_python3_12_site-packages_PyQt6_Qt6_lib_QtTest_framework_Resources --> node_venv_lib_python3_12_site-packages_PyQt6_Qt6_lib_QtTest_framework_Resources_PrivacyInfo_xcprivacy["PrivacyInfo.xcprivacy"]\n    Root --> node_venv["venv"]\n    node_venv --> node_venv_lib["lib"]\n    node_venv_lib --> node_venv_lib_python3_12["python3.12"]\n    node_venv_lib_python3_12 --> node_venv_lib_python3_12_site-packages["site-packages"]\n    node_venv_lib_python3_12_site-packages --> node_venv_lib_python3_12_site-packages_PyQt6["PyQt6"]\n    node_venv_lib_python3_12_site-packages_PyQt6 --> node_venv_lib_python3_12_site-packages_PyQt6_Qt6["Qt6"]\n    node_venv_lib_python3_12_site-packages_PyQt6_Qt6 --> node_venv_lib_python3_12_site-packages_PyQt6_Qt6_lib["lib"]\n    node_venv_lib_python3_12_site-packages_PyQt6_Qt6_lib --> node_venv_lib_python3_12_site-packages_PyQt6_Qt6_lib_QtTest_framework["QtTest.framework"]\n    node_venv_lib_python3_12_site-packages_PyQt6_Qt6_lib_QtTest_framework --> node_venv_lib_python3_12_site-packages_PyQt6_Qt6_lib_QtTest_framework_Versions["Versions"]\n    node_venv_lib_python3_12_site-packages_PyQt6_Qt6_lib_QtTest_framework_Versions --> node_venv_lib_python3_12_site-packages_PyQt6_Qt6_lib_QtTest_framework_Versions_A["A"]\n    node_venv_lib_python3_12_site-packages_PyQt6_Qt6_lib_QtTest_framework_Versions_A --> node_venv_lib_python3_12_site-packages_PyQt6_Qt6_lib_QtTest_framework_Versions_A_QtTest["QtTest"]\n    Root --> node_venv["venv"]\n    node_venv --> node_venv_lib["lib"]\n    node_venv_lib --> node_venv_lib_python3_12["python3.12"]\n    node_venv_lib_python3_12 --> node_venv_lib_python3_12_site-packages["site-packages"]\n    node_venv_lib_python3_12_site-packages --> node_venv_lib_python3_12_site-packages_PyQt6["PyQt6"]\n    node_venv_lib_python3_12_site-packages_PyQt6 --> node_venv_lib_python3_12_site-packages_PyQt6_Qt6["Qt6"]\n    node_venv_lib_python3_12_site-packages_PyQt6_Qt6 --> node_venv_lib_python3_12_site-packages_PyQt6_Qt6_lib["lib"]\n    node_venv_lib_python3_12_site-packages_PyQt6_Qt6_lib --> node_venv_lib_python3_12_site-packages_PyQt6_Qt6_lib_QtWidgets_framework["QtWidgets.framework"]\n    node_venv_lib_python3_12_site-packages_PyQt6_Qt6_lib_QtWidgets_framework --> node_venv_lib_python3_12_site-packages_PyQt6_Qt6_lib_QtWidgets_framework_Resources["Resources"]\n    node_venv_lib_python3_12_site-packages_PyQt6_Qt6_lib_QtWidgets_framework_Resources --> node_venv_lib_python3_12_site-packages_PyQt6_Qt6_lib_QtWidgets_framework_Resources_Info_plist["Info.plist"]\n    Root --> node_venv["venv"]\n    node_venv --> node_venv_lib["lib"]\n    node_venv_lib --> node_venv_lib_python3_12["python3.12"]\n    node_venv_lib_python3_12 --> node_venv_lib_python3_12_site-packages["site-packages"]\n    node_venv_lib_python3_12_site-packages --> node_venv_lib_python3_12_site-packages_PyQt6["PyQt6"]\n    node_venv_lib_python3_12_site-packages_PyQt6 --> node_venv_lib_python3_12_site-packages_PyQt6_Qt6["Qt6"]\n    node_venv_lib_python3_12_site-packages_PyQt6_Qt6 --> node_venv_lib_python3_12_site-packages_PyQt6_Qt6_lib["lib"]\n    node_venv_lib_python3_12_site-packages_PyQt6_Qt6_lib --> node_venv_lib_python3_12_site-packages_PyQt6_Qt6_lib_QtWidgets_framework["QtWidgets.framework"]\n    node_venv_lib_python3_12_site-packages_PyQt6_Qt6_lib_QtWidgets_framework --> node_venv_lib_python3_12_site-packages_PyQt6_Qt6_lib_QtWidgets_framework_Resources["Resources"]\n    node_venv_lib_python3_12_site-packages_PyQt6_Qt6_lib_QtWidgets_framework_Resources --> node_venv_lib_python3_12_site-packages_PyQt6_Qt6_lib_QtWidgets_framework_Resources_PrivacyInfo_xcprivacy["PrivacyInfo.xcprivacy"]\n    Root --> node_venv["venv"]\n    node_venv --> node_venv_lib["lib"]\n    node_venv_lib --> node_venv_lib_python3_12["python3.12"]\n    node_venv_lib_python3_12 --> node_venv_lib_python3_12_site-packages["site-packages"]\n    node_venv_lib_python3_12_site-packages --> node_venv_lib_python3_12_site-packages_PyQt6["PyQt6"]\n    node_venv_lib_python3_12_site-packages_PyQt6 --> node_venv_lib_python3_12_site-packages_PyQt6_Qt6["Qt6"]\n    node_venv_lib_python3_12_site-packages_PyQt6_Qt6 --> node_venv_lib_python3_12_site-packages_PyQt6_Qt6_lib["lib"]\n    node_venv_lib_python3_12_site-packages_PyQt6_Qt6_lib --> node_venv_lib_python3_12_site-packages_PyQt6_Qt6_lib_QtWidgets_framework["QtWidgets.framework"]\n    node_venv_lib_python3_12_site-packages_PyQt6_Qt6_lib_QtWidgets_framework --> node_venv_lib_python3_12_site-packages_PyQt6_Qt6_lib_QtWidgets_framework_Versions["Versions"]\n    node_venv_lib_python3_12_site-packages_PyQt6_Qt6_lib_QtWidgets_framework_Versions --> node_venv_lib_python3_12_site-packages_PyQt6_Qt6_lib_QtWidgets_framework_Versions_A["A"]\n    node_venv_lib_python3_12_site-packages_PyQt6_Qt6_lib_QtWidgets_framework_Versions_A --> node_venv_lib_python3_12_site-packages_PyQt6_Qt6_lib_QtWidgets_framework_Versions_A_QtWidgets["QtWidgets"]\n    Root --> node_venv["venv"]\n    node_venv --> node_venv_lib["lib"]\n    node_venv_lib --> node_venv_lib_python3_12["python3.12"]\n    node_venv_lib_python3_12 --> node_venv_lib_python3_12_site-packages["site-packages"]\n    node_venv_lib_python3_12_site-packages --> node_venv_lib_python3_12_site-packages_PyQt6["PyQt6"]\n    node_venv_lib_python3_12_site-packages_PyQt6 --> node_venv_lib_python3_12_site-packages_PyQt6_Qt6["Qt6"]\n    node_venv_lib_python3_12_site-packages_PyQt6_Qt6 --> node_venv_lib_python3_12_site-packages_PyQt6_Qt6_lib["lib"]\n    node_venv_lib_python3_12_site-packages_PyQt6_Qt6_lib --> node_venv_lib_python3_12_site-packages_PyQt6_Qt6_lib_QtPositioning_framework["QtPositioning.framework"]\n    node_venv_lib_python3_12_site-packages_PyQt6_Qt6_lib_QtPositioning_framework --> node_venv_lib_python3_12_site-packages_PyQt6_Qt6_lib_QtPositioning_framework_Resources["Resources"]\n    node_venv_lib_python3_12_site-packages_PyQt6_Qt6_lib_QtPositioning_framework_Resources --> node_venv_lib_python3_12_site-packages_PyQt6_Qt6_lib_QtPositioning_framework_Resources_Info_plist["Info.plist"]\n    Root --> node_venv["venv"]\n    node_venv --> node_venv_lib["lib"]\n    node_venv_lib --> node_venv_lib_python3_12["python3.12"]\n    node_venv_lib_python3_12 --> node_venv_lib_python3_12_site-packages["site-packages"]\n    node_venv_lib_python3_12_site-packages --> node_venv_lib_python3_12_site-packages_PyQt6["PyQt6"]\n    node_venv_lib_python3_12_site-packages_PyQt6 --> node_venv_lib_python3_12_site-packages_PyQt6_Qt6["Qt6"]\n    node_venv_lib_python3_12_site-packages_PyQt6_Qt6 --> node_venv_lib_python3_12_site-packages_PyQt6_Qt6_lib["lib"]\n    node_venv_lib_python3_12_site-packages_PyQt6_Qt6_lib --> node_venv_lib_python3_12_site-packages_PyQt6_Qt6_lib_QtPositioning_framework["QtPositioning.framework"]\n    node_venv_lib_python3_12_site-packages_PyQt6_Qt6_lib_QtPositioning_framework --> node_venv_lib_python3_12_site-packages_PyQt6_Qt6_lib_QtPositioning_framework_Resources["Resources"]\n    node_venv_lib_python3_12_site-packages_PyQt6_Qt6_lib_QtPositioning_framework_Resources --> node_venv_lib_python3_12_site-packages_PyQt6_Qt6_lib_QtPositioning_framework_Resources_PrivacyInfo_xcprivacy["PrivacyInfo.xcprivacy"]\n    Root --> node_venv["venv"]\n    node_venv --> node_venv_lib["lib"]\n    node_venv_lib --> node_venv_lib_python3_12["python3.12"]\n    node_venv_lib_python3_12 --> node_venv_lib_python3_12_site-packages["site-packages"]\n    node_venv_lib_python3_12_site-packages --> node_venv_lib_python3_12_site-packages_PyQt6["PyQt6"]\n    node_venv_lib_python3_12_site-packages_PyQt6 --> node_venv_lib_python3_12_site-packages_PyQt6_Qt6["Qt6"]\n    node_venv_lib_python3_12_site-packages_PyQt6_Qt6 --> node_venv_lib_python3_12_site-packages_PyQt6_Qt6_lib["lib"]\n    node_venv_lib_python3_12_site-packages_PyQt6_Qt6_lib --> node_venv_lib_python3_12_site-packages_PyQt6_Qt6_lib_QtPositioning_framework["QtPositioning.framework"]\n    node_venv_lib_python3_12_site-packages_PyQt6_Qt6_lib_QtPositioning_framework --> node_venv_lib_python3_12_site-packages_PyQt6_Qt6_lib_QtPositioning_framework_Versions["Versions"]\n    node_venv_lib_python3_12_site-packages_PyQt6_Qt6_lib_QtPositioning_framework_Versions --> node_venv_lib_python3_12_site-packages_PyQt6_Qt6_lib_QtPositioning_framework_Versions_A["A"]\n    node_venv_lib_python3_12_site-packages_PyQt6_Qt6_lib_QtPositioning_framework_Versions_A --> node_venv_lib_python3_12_site-packages_PyQt6_Qt6_lib_QtPositioning_framework_Versions_A_QtPositioning["QtPositioning"]\n    Root --> node_venv["venv"]\n    node_venv --> node_venv_lib["lib"]\n    node_venv_lib --> node_venv_lib_python3_12["python3.12"]\n    node_venv_lib_python3_12 --> node_venv_lib_python3_12_site-packages["site-packages"]\n    node_venv_lib_python3_12_site-packages --> node_venv_lib_python3_12_site-packages_PyQt6["PyQt6"]\n    node_venv_lib_python3_12_site-packages_PyQt6 --> node_venv_lib_python3_12_site-packages_PyQt6_Qt6["Qt6"]\n    node_venv_lib_python3_12_site-packages_PyQt6_Qt6 --> node_venv_lib_python3_12_site-packages_PyQt6_Qt6_lib["lib"]\n    node_venv_lib_python3_12_site-packages_PyQt6_Qt6_lib --> node_venv_lib_python3_12_site-packages_PyQt6_Qt6_lib_QtBluetooth_framework["QtBluetooth.framework"]\n    node_venv_lib_python3_12_site-packages_PyQt6_Qt6_lib_QtBluetooth_framework --> node_venv_lib_python3_12_site-packages_PyQt6_Qt6_lib_QtBluetooth_framework_Resources["Resources"]\n    node_venv_lib_python3_12_site-packages_PyQt6_Qt6_lib_QtBluetooth_framework_Resources --> node_venv_lib_python3_12_site-packages_PyQt6_Qt6_lib_QtBluetooth_framework_Resources_Info_plist["Info.plist"]\n    Root --> node_venv["venv"]\n    node_venv --> node_venv_lib["lib"]\n    node_venv_lib --> node_venv_lib_python3_12["python3.12"]\n    node_venv_lib_python3_12 --> node_venv_lib_python3_12_site-packages["site-packages"]\n    node_venv_lib_python3_12_site-packages --> node_venv_lib_python3_12_site-packages_PyQt6["PyQt6"]\n    node_venv_lib_python3_12_site-packages_PyQt6 --> node_venv_lib_python3_12_site-packages_PyQt6_Qt6["Qt6"]\n    node_venv_lib_python3_12_site-packages_PyQt6_Qt6 --> node_venv_lib_python3_12_site-packages_PyQt6_Qt6_lib["lib"]\n    node_venv_lib_python3_12_site-packages_PyQt6_Qt6_lib --> node_venv_lib_python3_12_site-packages_PyQt6_Qt6_lib_QtBluetooth_framework["QtBluetooth.framework"]\n    node_venv_lib_python3_12_site-packages_PyQt6_Qt6_lib_QtBluetooth_framework --> node_venv_lib_python3_12_site-packages_PyQt6_Qt6_lib_QtBluetooth_framework_Resources["Resources"]\n    node_venv_lib_python3_12_site-packages_PyQt6_Qt6_lib_QtBluetooth_framework_Resources --> node_venv_lib_python3_12_site-packages_PyQt6_Qt6_lib_QtBluetooth_framework_Resources_PrivacyInfo_xcprivacy["PrivacyInfo.xcprivacy"]\n    Root --> node_venv["venv"]\n    node_venv --> node_venv_lib["lib"]\n    node_venv_lib --> node_venv_lib_python3_12["python3.12"]\n    node_venv_lib_python3_12 --> node_venv_lib_python3_12_site-packages["site-packages"]\n    node_venv_lib_python3_12_site-packages --> node_venv_lib_python3_12_site-packages_PyQt6["PyQt6"]\n    node_venv_lib_python3_12_site-packages_PyQt6 --> node_venv_lib_python3_12_site-packages_PyQt6_Qt6["Qt6"]\n    node_venv_lib_python3_12_site-packages_PyQt6_Qt6 --> node_venv_lib_python3_12_site-packages_PyQt6_Qt6_lib["lib"]\n    node_venv_lib_python3_12_site-packages_PyQt6_Qt6_lib --> node_venv_lib_python3_12_site-packages_PyQt6_Qt6_lib_QtBluetooth_framework["QtBluetooth.framework"]\n    node_venv_lib_python3_12_site-packages_PyQt6_Qt6_lib_QtBluetooth_framework --> node_venv_lib_python3_12_site-packages_PyQt6_Qt6_lib_QtBluetooth_framework_Versions["Versions"]\n    node_venv_lib_python3_12_site-packages_PyQt6_Qt6_lib_QtBluetooth_framework_Versions --> node_venv_lib_python3_12_site-packages_PyQt6_Qt6_lib_QtBluetooth_framework_Versions_A["A"]\n    node_venv_lib_python3_12_site-packages_PyQt6_Qt6_lib_QtBluetooth_framework_Versions_A --> node_venv_lib_python3_12_site-packages_PyQt6_Qt6_lib_QtBluetooth_framework_Versions_A_QtBluetooth["QtBluetooth"]\n    Root --> node_venv["venv"]\n    node_venv --> node_venv_lib["lib"]\n    node_venv_lib --> node_venv_lib_python3_12["python3.12"]\n    node_venv_lib_python3_12 --> node_venv_lib_python3_12_site-packages["site-packages"]\n    node_venv_lib_python3_12_site-packages --> node_venv_lib_python3_12_site-packages_PyQt6["PyQt6"]\n    node_venv_lib_python3_12_site-packages_PyQt6 --> node_venv_lib_python3_12_site-packages_PyQt6_Qt6["Qt6"]\n    node_venv_lib_python3_12_site-packages_PyQt6_Qt6 --> node_venv_lib_python3_12_site-packages_PyQt6_Qt6_lib["lib"]\n    node_venv_lib_python3_12_site-packages_PyQt6_Qt6_lib --> node_venv_lib_python3_12_site-packages_PyQt6_Qt6_lib_QtQuick3D_framework["QtQuick3D.framework"]\n    node_venv_lib_python3_12_site-packages_PyQt6_Qt6_lib_QtQuick3D_framework --> node_venv_lib_python3_12_site-packages_PyQt6_Qt6_lib_QtQuick3D_framework_Resources["Resources"]\n    node_venv_lib_python3_12_site-packages_PyQt6_Qt6_lib_QtQuick3D_framework_Resources --> node_venv_lib_python3_12_site-packages_PyQt6_Qt6_lib_QtQuick3D_framework_Resources_Info_plist["Info.plist"]\n    Root --> node_venv["venv"]\n    node_venv --> node_venv_lib["lib"]\n    node_venv_lib --> node_venv_lib_python3_12["python3.12"]\n    node_venv_lib_python3_12 --> node_venv_lib_python3_12_site-packages["site-packages"]\n    node_venv_lib_python3_12_site-packages --> node_venv_lib_python3_12_site-packages_PyQt6["PyQt6"]\n    node_venv_lib_python3_12_site-packages_PyQt6 --> node_venv_lib_python3_12_site-packages_PyQt6_Qt6["Qt6"]\n    node_venv_lib_python3_12_site-packages_PyQt6_Qt6 --> node_venv_lib_python3_12_site-packages_PyQt6_Qt6_lib["lib"]\n    node_venv_lib_python3_12_site-packages_PyQt6_Qt6_lib --> node_venv_lib_python3_12_site-packages_PyQt6_Qt6_lib_QtQuick3D_framework["QtQuick3D.framework"]\n    node_venv_lib_python3_12_site-packages_PyQt6_Qt6_lib_QtQuick3D_framework --> node_venv_lib_python3_12_site-packages_PyQt6_Qt6_lib_QtQuick3D_framework_Resources["Resources"]\n    node_venv_lib_python3_12_site-packages_PyQt6_Qt6_lib_QtQuick3D_framework_Resources --> node_venv_lib_python3_12_site-packages_PyQt6_Qt6_lib_QtQuick3D_framework_Resources_PrivacyInfo_xcprivacy["PrivacyInfo.xcprivacy"]\n    Root --> node_venv["venv"]\n    node_venv --> node_venv_lib["lib"]\n    node_venv_lib --> node_venv_lib_python3_12["python3.12"]\n    node_venv_lib_python3_12 --> node_venv_lib_python3_12_site-packages["site-packages"]\n    node_venv_lib_python3_12_site-packages --> node_venv_lib_python3_12_site-packages_PyQt6["PyQt6"]\n    node_venv_lib_python3_12_site-packages_PyQt6 --> node_venv_lib_python3_12_site-packages_PyQt6_Qt6["Qt6"]\n    node_venv_lib_python3_12_site-packages_PyQt6_Qt6 --> node_venv_lib_python3_12_site-packages_PyQt6_Qt6_lib["lib"]\n    node_venv_lib_python3_12_site-packages_PyQt6_Qt6_lib --> node_venv_lib_python3_12_site-packages_PyQt6_Qt6_lib_QtQuick3D_framework["QtQuick3D.framework"]\n    node_venv_lib_python3_12_site-packages_PyQt6_Qt6_lib_QtQuick3D_framework --> node_venv_lib_python3_12_site-packages_PyQt6_Qt6_lib_QtQuick3D_framework_Versions["Versions"]\n    node_venv_lib_python3_12_site-packages_PyQt6_Qt6_lib_QtQuick3D_framework_Versions --> node_venv_lib_python3_12_site-packages_PyQt6_Qt6_lib_QtQuick3D_framework_Versions_A["A"]\n    node_venv_lib_python3_12_site-packages_PyQt6_Qt6_lib_QtQuick3D_framework_Versions_A --> node_venv_lib_python3_12_site-packages_PyQt6_Qt6_lib_QtQuick3D_framework_Versions_A_QtQuick3D["QtQuick3D"]\n    Root --> node_venv["venv"]\n    node_venv --> node_venv_lib["lib"]\n    node_venv_lib --> node_venv_lib_python3_12["python3.12"]\n    node_venv_lib_python3_12 --> node_venv_lib_python3_12_site-packages["site-packages"]\n    node_venv_lib_python3_12_site-packages --> node_venv_lib_python3_12_site-packages_PyQt6["PyQt6"]\n    node_venv_lib_python3_12_site-packages_PyQt6 --> node_venv_lib_python3_12_site-packages_PyQt6_Qt6["Qt6"]\n    node_venv_lib_python3_12_site-packages_PyQt6_Qt6 --> node_venv_lib_python3_12_site-packages_PyQt6_Qt6_lib["lib"]\n    node_venv_lib_python3_12_site-packages_PyQt6_Qt6_lib --> node_venv_lib_python3_12_site-packages_PyQt6_Qt6_lib_QtQuick3DHelpersImpl_framework["QtQuick3DHelpersImpl.framework"]\n    node_venv_lib_python3_12_site-packages_PyQt6_Qt6_lib_QtQuick3DHelpersImpl_framework --> node_venv_lib_python3_12_site-packages_PyQt6_Qt6_lib_QtQuick3DHelpersImpl_framework_Resources["Resources"]\n    node_venv_lib_python3_12_site-packages_PyQt6_Qt6_lib_QtQuick3DHelpersImpl_framework_Resources --> node_venv_lib_python3_12_site-packages_PyQt6_Qt6_lib_QtQuick3DHelpersImpl_framework_Resources_Info_plist["Info.plist"]\n    Root --> node_venv["venv"]\n    node_venv --> node_venv_lib["lib"]\n    node_venv_lib --> node_venv_lib_python3_12["python3.12"]\n    node_venv_lib_python3_12 --> node_venv_lib_python3_12_site-packages["site-packages"]\n    node_venv_lib_python3_12_site-packages --> node_venv_lib_python3_12_site-packages_PyQt6["PyQt6"]\n    node_venv_lib_python3_12_site-packages_PyQt6 --> node_venv_lib_python3_12_site-packages_PyQt6_Qt6["Qt6"]\n    node_venv_lib_python3_12_site-packages_PyQt6_Qt6 --> node_venv_lib_python3_12_site-packages_PyQt6_Qt6_lib["lib"]\n    node_venv_lib_python3_12_site-packages_PyQt6_Qt6_lib --> node_venv_lib_python3_12_site-packages_PyQt6_Qt6_lib_QtQuick3DHelpersImpl_framework["QtQuick3DHelpersImpl.framework"]\n    node_venv_lib_python3_12_site-packages_PyQt6_Qt6_lib_QtQuick3DHelpersImpl_framework --> node_venv_lib_python3_12_site-packages_PyQt6_Qt6_lib_QtQuick3DHelpersImpl_framework_Resources["Resources"]\n    node_venv_lib_python3_12_site-packages_PyQt6_Qt6_lib_QtQuick3DHelpersImpl_framework_Resources --> node_venv_lib_python3_12_site-packages_PyQt6_Qt6_lib_QtQuick3DHelpersImpl_framework_Resources_PrivacyInfo_xcprivacy["PrivacyInfo.xcprivacy"]\n    Root --> node_venv["venv"]\n    node_venv --> node_venv_lib["lib"]\n    node_venv_lib --> node_venv_lib_python3_12["python3.12"]\n    node_venv_lib_python3_12 --> node_venv_lib_python3_12_site-packages["site-packages"]\n    node_venv_lib_python3_12_site-packages --> node_venv_lib_python3_12_site-packages_PyQt6["PyQt6"]\n    node_venv_lib_python3_12_site-packages_PyQt6 --> node_venv_lib_python3_12_site-packages_PyQt6_Qt6["Qt6"]\n    node_venv_lib_python3_12_site-packages_PyQt6_Qt6 --> node_venv_lib_python3_12_site-packages_PyQt6_Qt6_lib["lib"]\n    node_venv_lib_python3_12_site-packages_PyQt6_Qt6_lib --> node_venv_lib_python3_12_site-packages_PyQt6_Qt6_lib_QtQuick3DHelpersImpl_framework["QtQuick3DHelpersImpl.framework"]\n    node_venv_lib_python3_12_site-packages_PyQt6_Qt6_lib_QtQuick3DHelpersImpl_framework --> node_venv_lib_python3_12_site-packages_PyQt6_Qt6_lib_QtQuick3DHelpersImpl_framework_Versions["Versions"]\n    node_venv_lib_python3_12_site-packages_PyQt6_Qt6_lib_QtQuick3DHelpersImpl_framework_Versions --> node_venv_lib_python3_12_site-packages_PyQt6_Qt6_lib_QtQuick3DHelpersImpl_framework_Versions_A["A"]\n    node_venv_lib_python3_12_site-packages_PyQt6_Qt6_lib_QtQuick3DHelpersImpl_framework_Versions_A --> node_venv_lib_python3_12_site-packages_PyQt6_Qt6_lib_QtQuick3DHelpersImpl_framework_Versions_A_QtQuick3DHelpersImpl["QtQuick3DHelpersImpl"]\n    Root --> node_venv["venv"]\n    node_venv --> node_venv_lib["lib"]\n    node_venv_lib --> node_venv_lib_python3_12["python3.12"]\n    node_venv_lib_python3_12 --> node_venv_lib_python3_12_site-packages["site-packages"]\n    node_venv_lib_python3_12_site-packages --> node_venv_lib_python3_12_site-packages_PyQt6["PyQt6"]\n    node_venv_lib_python3_12_site-packages_PyQt6 --> node_venv_lib_python3_12_site-packages_PyQt6_Qt6["Qt6"]\n    node_venv_lib_python3_12_site-packages_PyQt6_Qt6 --> node_venv_lib_python3_12_site-packages_PyQt6_Qt6_lib["lib"]\n    node_venv_lib_python3_12_site-packages_PyQt6_Qt6_lib --> node_venv_lib_python3_12_site-packages_PyQt6_Qt6_lib_QtQuickShapes_framework["QtQuickShapes.framework"]\n    node_venv_lib_python3_12_site-packages_PyQt6_Qt6_lib_QtQuickShapes_framework --> node_venv_lib_python3_12_site-packages_PyQt6_Qt6_lib_QtQuickShapes_framework_Resources["Resources"]\n    node_venv_lib_python3_12_site-packages_PyQt6_Qt6_lib_QtQuickShapes_framework_Resources --> node_venv_lib_python3_12_site-packages_PyQt6_Qt6_lib_QtQuickShapes_framework_Resources_Info_plist["Info.plist"]\n    Root --> node_venv["venv"]\n    node_venv --> node_venv_lib["lib"]\n    node_venv_lib --> node_venv_lib_python3_12["python3.12"]\n    node_venv_lib_python3_12 --> node_venv_lib_python3_12_site-packages["site-packages"]\n    node_venv_lib_python3_12_site-packages --> node_venv_lib_python3_12_site-packages_PyQt6["PyQt6"]\n    node_venv_lib_python3_12_site-packages_PyQt6 --> node_venv_lib_python3_12_site-packages_PyQt6_Qt6["Qt6"]\n    node_venv_lib_python3_12_site-packages_PyQt6_Qt6 --> node_venv_lib_python3_12_site-packages_PyQt6_Qt6_lib["lib"]\n    node_venv_lib_python3_12_site-packages_PyQt6_Qt6_lib --> node_venv_lib_python3_12_site-packages_PyQt6_Qt6_lib_QtQuickShapes_framework["QtQuickShapes.framework"]\n    node_venv_lib_python3_12_site-packages_PyQt6_Qt6_lib_QtQuickShapes_framework --> node_venv_lib_python3_12_site-packages_PyQt6_Qt6_lib_QtQuickShapes_framework_Resources["Resources"]\n    node_venv_lib_python3_12_site-packages_PyQt6_Qt6_lib_QtQuickShapes_framework_Resources --> node_venv_lib_python3_12_site-packages_PyQt6_Qt6_lib_QtQuickShapes_framework_Resources_PrivacyInfo_xcprivacy["PrivacyInfo.xcprivacy"]\n    Root --> node_venv["venv"]\n    node_venv --> node_venv_lib["lib"]\n    node_venv_lib --> node_venv_lib_python3_12["python3.12"]\n    node_venv_lib_python3_12 --> node_venv_lib_python3_12_site-packages["site-packages"]\n    node_venv_lib_python3_12_site-packages --> node_venv_lib_python3_12_site-packages_PyQt6["PyQt6"]\n    node_venv_lib_python3_12_site-packages_PyQt6 --> node_venv_lib_python3_12_site-packages_PyQt6_Qt6["Qt6"]\n    node_venv_lib_python3_12_site-packages_PyQt6_Qt6 --> node_venv_lib_python3_12_site-packages_PyQt6_Qt6_lib["lib"]\n    node_venv_lib_python3_12_site-packages_PyQt6_Qt6_lib --> node_venv_lib_python3_12_site-packages_PyQt6_Qt6_lib_QtQuickShapes_framework["QtQuickShapes.framework"]\n    node_venv_lib_python3_12_site-packages_PyQt6_Qt6_lib_QtQuickShapes_framework --> node_venv_lib_python3_12_site-packages_PyQt6_Qt6_lib_QtQuickShapes_framework_Versions["Versions"]\n    node_venv_lib_python3_12_site-packages_PyQt6_Qt6_lib_QtQuickShapes_framework_Versions --> node_venv_lib_python3_12_site-packages_PyQt6_Qt6_lib_QtQuickShapes_framework_Versions_A["A"]\n    node_venv_lib_python3_12_site-packages_PyQt6_Qt6_lib_QtQuickShapes_framework_Versions_A --> node_venv_lib_python3_12_site-packages_PyQt6_Qt6_lib_QtQuickShapes_framework_Versions_A_QtQuickShapes["QtQuickShapes"]\n    Root --> node_venv["venv"]\n    node_venv --> node_venv_lib["lib"]\n    node_venv_lib --> node_venv_lib_python3_12["python3.12"]\n    node_venv_lib_python3_12 --> node_venv_lib_python3_12_site-packages["site-packages"]\n    node_venv_lib_python3_12_site-packages --> node_venv_lib_python3_12_site-packages_PyQt6["PyQt6"]\n    node_venv_lib_python3_12_site-packages_PyQt6 --> node_venv_lib_python3_12_site-packages_PyQt6_Qt6["Qt6"]\n    node_venv_lib_python3_12_site-packages_PyQt6_Qt6 --> node_venv_lib_python3_12_site-packages_PyQt6_Qt6_lib["lib"]\n    node_venv_lib_python3_12_site-packages_PyQt6_Qt6_lib --> node_venv_lib_python3_12_site-packages_PyQt6_Qt6_lib_QtQuickTest_framework["QtQuickTest.framework"]\n    node_venv_lib_python3_12_site-packages_PyQt6_Qt6_lib_QtQuickTest_framework --> node_venv_lib_python3_12_site-packages_PyQt6_Qt6_lib_QtQuickTest_framework_Resources["Resources"]\n    node_venv_lib_python3_12_site-packages_PyQt6_Qt6_lib_QtQuickTest_framework_Resources --> node_venv_lib_python3_12_site-packages_PyQt6_Qt6_lib_QtQuickTest_framework_Resources_Info_plist["Info.plist"]\n    Root --> node_venv["venv"]\n    node_venv --> node_venv_lib["lib"]\n    node_venv_lib --> node_venv_lib_python3_12["python3.12"]\n    node_venv_lib_python3_12 --> node_venv_lib_python3_12_site-packages["site-packages"]\n    node_venv_lib_python3_12_site-packages --> node_venv_lib_python3_12_site-packages_PyQt6["PyQt6"]\n    node_venv_lib_python3_12_site-packages_PyQt6 --> node_venv_lib_python3_12_site-packages_PyQt6_Qt6["Qt6"]\n    node_venv_lib_python3_12_site-packages_PyQt6_Qt6 --> node_venv_lib_python3_12_site-packages_PyQt6_Qt6_lib["lib"]\n    node_venv_lib_python3_12_site-packages_PyQt6_Qt6_lib --> node_venv_lib_python3_12_site-packages_PyQt6_Qt6_lib_QtQuickTest_framework["QtQuickTest.framework"]\n    node_venv_lib_python3_12_site-packages_PyQt6_Qt6_lib_QtQuickTest_framework --> node_venv_lib_python3_12_site-packages_PyQt6_Qt6_lib_QtQuickTest_framework_Resources["Resources"]\n    node_venv_lib_python3_12_site-packages_PyQt6_Qt6_lib_QtQuickTest_framework_Resources --> node_venv_lib_python3_12_site-packages_PyQt6_Qt6_lib_QtQuickTest_framework_Resources_PrivacyInfo_xcprivacy["PrivacyInfo.xcprivacy"]\n    Root --> node_venv["venv"]\n    node_venv --> node_venv_lib["lib"]\n    node_venv_lib --> node_venv_lib_python3_12["python3.12"]\n    node_venv_lib_python3_12 --> node_venv_lib_python3_12_site-packages["site-packages"]\n    node_venv_lib_python3_12_site-packages --> node_venv_lib_python3_12_site-packages_PyQt6["PyQt6"]\n    node_venv_lib_python3_12_site-packages_PyQt6 --> node_venv_lib_python3_12_site-packages_PyQt6_Qt6["Qt6"]\n    node_venv_lib_python3_12_site-packages_PyQt6_Qt6 --> node_venv_lib_python3_12_site-packages_PyQt6_Qt6_lib["lib"]\n    node_venv_lib_python3_12_site-packages_PyQt6_Qt6_lib --> node_venv_lib_python3_12_site-packages_PyQt6_Qt6_lib_QtQuickTest_framework["QtQuickTest.framework"]\n    node_venv_lib_python3_12_site-packages_PyQt6_Qt6_lib_QtQuickTest_framework --> node_venv_lib_python3_12_site-packages_PyQt6_Qt6_lib_QtQuickTest_framework_Versions["Versions"]\n    node_venv_lib_python3_12_site-packages_PyQt6_Qt6_lib_QtQuickTest_framework_Versions --> node_venv_lib_python3_12_site-packages_PyQt6_Qt6_lib_QtQuickTest_framework_Versions_A["A"]\n    node_venv_lib_python3_12_site-packages_PyQt6_Qt6_lib_QtQuickTest_framework_Versions_A --> node_venv_lib_python3_12_site-packages_PyQt6_Qt6_lib_QtQuickTest_framework_Versions_A_QtQuickTest["QtQuickTest"]\n    Root --> node_venv["venv"]\n    node_venv --> node_venv_lib["lib"]\n    node_venv_lib --> node_venv_lib_python3_12["python3.12"]\n    node_venv_lib_python3_12 --> node_venv_lib_python3_12_site-packages["site-packages"]\n    node_venv_lib_python3_12_site-packages --> node_venv_lib_python3_12_site-packages_PyQt6["PyQt6"]\n    node_venv_lib_python3_12_site-packages_PyQt6 --> node_venv_lib_python3_12_site-packages_PyQt6_Qt6["Qt6"]\n    node_venv_lib_python3_12_site-packages_PyQt6_Qt6 --> node_venv_lib_python3_12_site-packages_PyQt6_Qt6_lib["lib"]\n    node_venv_lib_python3_12_site-packages_PyQt6_Qt6_lib --> node_venv_lib_python3_12_site-packages_PyQt6_Qt6_lib_QtNetwork_framework["QtNetwork.framework"]\n    node_venv_lib_python3_12_site-packages_PyQt6_Qt6_lib_QtNetwork_framework --> node_venv_lib_python3_12_site-packages_PyQt6_Qt6_lib_QtNetwork_framework_Resources["Resources"]\n    node_venv_lib_python3_12_site-packages_PyQt6_Qt6_lib_QtNetwork_framework_Resources --> node_venv_lib_python3_12_site-packages_PyQt6_Qt6_lib_QtNetwork_framework_Resources_Info_plist["Info.plist"]\n    Root --> node_venv["venv"]\n    node_venv --> node_venv_lib["lib"]\n    node_venv_lib --> node_venv_lib_python3_12["python3.12"]\n    node_venv_lib_python3_12 --> node_venv_lib_python3_12_site-packages["site-packages"]\n    node_venv_lib_python3_12_site-packages --> node_venv_lib_python3_12_site-packages_PyQt6["PyQt6"]\n    node_venv_lib_python3_12_site-packages_PyQt6 --> node_venv_lib_python3_12_site-packages_PyQt6_Qt6["Qt6"]\n    node_venv_lib_python3_12_site-packages_PyQt6_Qt6 --> node_venv_lib_python3_12_site-packages_PyQt6_Qt6_lib["lib"]\n    node_venv_lib_python3_12_site-packages_PyQt6_Qt6_lib --> node_venv_lib_python3_12_site-packages_PyQt6_Qt6_lib_QtNetwork_framework["QtNetwork.framework"]\n    node_venv_lib_python3_12_site-packages_PyQt6_Qt6_lib_QtNetwork_framework --> node_venv_lib_python3_12_site-packages_PyQt6_Qt6_lib_QtNetwork_framework_Resources["Resources"]\n    node_venv_lib_python3_12_site-packages_PyQt6_Qt6_lib_QtNetwork_framework_Resources --> node_venv_lib_python3_12_site-packages_PyQt6_Qt6_lib_QtNetwork_framework_Resources_PrivacyInfo_xcprivacy["PrivacyInfo.xcprivacy"]\n    Root --> node_venv["venv"]\n    node_venv --> node_venv_lib["lib"]\n    node_venv_lib --> node_venv_lib_python3_12["python3.12"]\n    node_venv_lib_python3_12 --> node_venv_lib_python3_12_site-packages["site-packages"]\n    node_venv_lib_python3_12_site-packages --> node_venv_lib_python3_12_site-packages_PyQt6["PyQt6"]\n    node_venv_lib_python3_12_site-packages_PyQt6 --> node_venv_lib_python3_12_site-packages_PyQt6_Qt6["Qt6"]\n    node_venv_lib_python3_12_site-packages_PyQt6_Qt6 --> node_venv_lib_python3_12_site-packages_PyQt6_Qt6_lib["lib"]\n    node_venv_lib_python3_12_site-packages_PyQt6_Qt6_lib --> node_venv_lib_python3_12_site-packages_PyQt6_Qt6_lib_QtNetwork_framework["QtNetwork.framework"]\n    node_venv_lib_python3_12_site-packages_PyQt6_Qt6_lib_QtNetwork_framework --> node_venv_lib_python3_12_site-packages_PyQt6_Qt6_lib_QtNetwork_framework_Versions["Versions"]\n    node_venv_lib_python3_12_site-packages_PyQt6_Qt6_lib_QtNetwork_framework_Versions --> node_venv_lib_python3_12_site-packages_PyQt6_Qt6_lib_QtNetwork_framework_Versions_A["A"]\n    node_venv_lib_python3_12_site-packages_PyQt6_Qt6_lib_QtNetwork_framework_Versions_A --> node_venv_lib_python3_12_site-packages_PyQt6_Qt6_lib_QtNetwork_framework_Versions_A_QtNetwork["QtNetwork"]\n    Root --> node_venv["venv"]\n    node_venv --> node_venv_lib["lib"]\n    node_venv_lib --> node_venv_lib_python3_12["python3.12"]\n    node_venv_lib_python3_12 --> node_venv_lib_python3_12_site-packages["site-packages"]\n    node_venv_lib_python3_12_site-packages --> node_venv_lib_python3_12_site-packages_PyQt6["PyQt6"]\n    node_venv_lib_python3_12_site-packages_PyQt6 --> node_venv_lib_python3_12_site-packages_PyQt6_Qt6["Qt6"]\n    node_venv_lib_python3_12_site-packages_PyQt6_Qt6 --> node_venv_lib_python3_12_site-packages_PyQt6_Qt6_lib["lib"]\n    node_venv_lib_python3_12_site-packages_PyQt6_Qt6_lib --> node_venv_lib_python3_12_site-packages_PyQt6_Qt6_lib_QtQuickControls2UniversalStyleImpl_framework["QtQuickControls2UniversalStyleImpl.framework"]\n    node_venv_lib_python3_12_site-packages_PyQt6_Qt6_lib_QtQuickControls2UniversalStyleImpl_framework --> node_venv_lib_python3_12_site-packages_PyQt6_Qt6_lib_QtQuickControls2UniversalStyleImpl_framework_Resources["Resources"]\n    node_venv_lib_python3_12_site-packages_PyQt6_Qt6_lib_QtQuickControls2UniversalStyleImpl_framework_Resources --> node_venv_lib_python3_12_site-packages_PyQt6_Qt6_lib_QtQuickControls2UniversalStyleImpl_framework_Resources_Info_plist["Info.plist"]\n    Root --> node_venv["venv"]\n    node_venv --> node_venv_lib["lib"]\n    node_venv_lib --> node_venv_lib_python3_12["python3.12"]\n    node_venv_lib_python3_12 --> node_venv_lib_python3_12_site-packages["site-packages"]\n    node_venv_lib_python3_12_site-packages --> node_venv_lib_python3_12_site-packages_PyQt6["PyQt6"]\n    node_venv_lib_python3_12_site-packages_PyQt6 --> node_venv_lib_python3_12_site-packages_PyQt6_Qt6["Qt6"]\n    node_venv_lib_python3_12_site-packages_PyQt6_Qt6 --> node_venv_lib_python3_12_site-packages_PyQt6_Qt6_lib["lib"]\n    node_venv_lib_python3_12_site-packages_PyQt6_Qt6_lib --> node_venv_lib_python3_12_site-packages_PyQt6_Qt6_lib_QtQuickControls2UniversalStyleImpl_framework["QtQuickControls2UniversalStyleImpl.framework"]\n    node_venv_lib_python3_12_site-packages_PyQt6_Qt6_lib_QtQuickControls2UniversalStyleImpl_framework --> node_venv_lib_python3_12_site-packages_PyQt6_Qt6_lib_QtQuickControls2UniversalStyleImpl_framework_Resources["Resources"]\n    node_venv_lib_python3_12_site-packages_PyQt6_Qt6_lib_QtQuickControls2UniversalStyleImpl_framework_Resources --> node_venv_lib_python3_12_site-packages_PyQt6_Qt6_lib_QtQuickControls2UniversalStyleImpl_framework_Resources_PrivacyInfo_xcprivacy["PrivacyInfo.xcprivacy"]\n    Root --> node_venv["venv"]\n    node_venv --> node_venv_lib["lib"]\n    node_venv_lib --> node_venv_lib_python3_12["python3.12"]\n    node_venv_lib_python3_12 --> node_venv_lib_python3_12_site-packages["site-packages"]\n    node_venv_lib_python3_12_site-packages --> node_venv_lib_python3_12_site-packages_PyQt6["PyQt6"]\n    node_venv_lib_python3_12_site-packages_PyQt6 --> node_venv_lib_python3_12_site-packages_PyQt6_Qt6["Qt6"]\n    node_venv_lib_python3_12_site-packages_PyQt6_Qt6 --> node_venv_lib_python3_12_site-packages_PyQt6_Qt6_lib["lib"]\n    node_venv_lib_python3_12_site-packages_PyQt6_Qt6_lib --> node_venv_lib_python3_12_site-packages_PyQt6_Qt6_lib_QtQuickControls2UniversalStyleImpl_framework["QtQuickControls2UniversalStyleImpl.framework"]\n    node_venv_lib_python3_12_site-packages_PyQt6_Qt6_lib_QtQuickControls2UniversalStyleImpl_framework --> node_venv_lib_python3_12_site-packages_PyQt6_Qt6_lib_QtQuickControls2UniversalStyleImpl_framework_Versions["Versions"]\n    node_venv_lib_python3_12_site-packages_PyQt6_Qt6_lib_QtQuickControls2UniversalStyleImpl_framework_Versions --> node_venv_lib_python3_12_site-packages_PyQt6_Qt6_lib_QtQuickControls2UniversalStyleImpl_framework_Versions_A["A"]\n    node_venv_lib_python3_12_site-packages_PyQt6_Qt6_lib_QtQuickControls2UniversalStyleImpl_framework_Versions_A --> node_venv_lib_python3_12_site-packages_PyQt6_Qt6_lib_QtQuickControls2UniversalStyleImpl_framework_Versions_A_QtQuickControls2UniversalStyleImpl["QtQuickControls2UniversalStyleImpl"]\n    Root --> node_venv["venv"]\n    node_venv --> node_venv_lib["lib"]\n    node_venv_lib --> node_venv_lib_python3_12["python3.12"]\n    node_venv_lib_python3_12 --> node_venv_lib_python3_12_site-packages["site-packages"]\n    node_venv_lib_python3_12_site-packages --> node_venv_lib_python3_12_site-packages_PyQt6["PyQt6"]\n    node_venv_lib_python3_12_site-packages_PyQt6 --> node_venv_lib_python3_12_site-packages_PyQt6_Qt6["Qt6"]\n    node_venv_lib_python3_12_site-packages_PyQt6_Qt6 --> node_venv_lib_python3_12_site-packages_PyQt6_Qt6_lib["lib"]\n    node_venv_lib_python3_12_site-packages_PyQt6_Qt6_lib --> node_venv_lib_python3_12_site-packages_PyQt6_Qt6_lib_QtQuick3DSpatialAudio_framework["QtQuick3DSpatialAudio.framework"]\n    node_venv_lib_python3_12_site-packages_PyQt6_Qt6_lib_QtQuick3DSpatialAudio_framework --> node_venv_lib_python3_12_site-packages_PyQt6_Qt6_lib_QtQuick3DSpatialAudio_framework_Resources["Resources"]\n    node_venv_lib_python3_12_site-packages_PyQt6_Qt6_lib_QtQuick3DSpatialAudio_framework_Resources --> node_venv_lib_python3_12_site-packages_PyQt6_Qt6_lib_QtQuick3DSpatialAudio_framework_Resources_Info_plist["Info.plist"]\n    Root --> node_venv["venv"]\n    node_venv --> node_venv_lib["lib"]\n    node_venv_lib --> node_venv_lib_python3_12["python3.12"]\n    node_venv_lib_python3_12 --> node_venv_lib_python3_12_site-packages["site-packages"]\n    node_venv_lib_python3_12_site-packages --> node_venv_lib_python3_12_site-packages_PyQt6["PyQt6"]\n    node_venv_lib_python3_12_site-packages_PyQt6 --> node_venv_lib_python3_12_site-packages_PyQt6_Qt6["Qt6"]\n    node_venv_lib_python3_12_site-packages_PyQt6_Qt6 --> node_venv_lib_python3_12_site-packages_PyQt6_Qt6_lib["lib"]\n    node_venv_lib_python3_12_site-packages_PyQt6_Qt6_lib --> node_venv_lib_python3_12_site-packages_PyQt6_Qt6_lib_QtQuick3DSpatialAudio_framework["QtQuick3DSpatialAudio.framework"]\n    node_venv_lib_python3_12_site-packages_PyQt6_Qt6_lib_QtQuick3DSpatialAudio_framework --> node_venv_lib_python3_12_site-packages_PyQt6_Qt6_lib_QtQuick3DSpatialAudio_framework_Resources["Resources"]\n    node_venv_lib_python3_12_site-packages_PyQt6_Qt6_lib_QtQuick3DSpatialAudio_framework_Resources --> node_venv_lib_python3_12_site-packages_PyQt6_Qt6_lib_QtQuick3DSpatialAudio_framework_Resources_PrivacyInfo_xcprivacy["PrivacyInfo.xcprivacy"]\n    Root --> node_venv["venv"]\n    node_venv --> node_venv_lib["lib"]\n    node_venv_lib --> node_venv_lib_python3_12["python3.12"]\n    node_venv_lib_python3_12 --> node_venv_lib_python3_12_site-packages["site-packages"]\n    node_venv_lib_python3_12_site-packages --> node_venv_lib_python3_12_site-packages_PyQt6["PyQt6"]\n    node_venv_lib_python3_12_site-packages_PyQt6 --> node_venv_lib_python3_12_site-packages_PyQt6_Qt6["Qt6"]\n    node_venv_lib_python3_12_site-packages_PyQt6_Qt6 --> node_venv_lib_python3_12_site-packages_PyQt6_Qt6_lib["lib"]\n    node_venv_lib_python3_12_site-packages_PyQt6_Qt6_lib --> node_venv_lib_python3_12_site-packages_PyQt6_Qt6_lib_QtQuick3DSpatialAudio_framework["QtQuick3DSpatialAudio.framework"]\n    node_venv_lib_python3_12_site-packages_PyQt6_Qt6_lib_QtQuick3DSpatialAudio_framework --> node_venv_lib_python3_12_site-packages_PyQt6_Qt6_lib_QtQuick3DSpatialAudio_framework_Versions["Versions"]\n    node_venv_lib_python3_12_site-packages_PyQt6_Qt6_lib_QtQuick3DSpatialAudio_framework_Versions --> node_venv_lib_python3_12_site-packages_PyQt6_Qt6_lib_QtQuick3DSpatialAudio_framework_Versions_A["A"]\n    node_venv_lib_python3_12_site-packages_PyQt6_Qt6_lib_QtQuick3DSpatialAudio_framework_Versions_A --> node_venv_lib_python3_12_site-packages_PyQt6_Qt6_lib_QtQuick3DSpatialAudio_framework_Versions_A_QtQuick3DSpatialAudio["QtQuick3DSpatialAudio"]\n    Root --> node_venv["venv"]\n    node_venv --> node_venv_lib["lib"]\n    node_venv_lib --> node_venv_lib_python3_12["python3.12"]\n    node_venv_lib_python3_12 --> node_venv_lib_python3_12_site-packages["site-packages"]\n    node_venv_lib_python3_12_site-packages --> node_venv_lib_python3_12_site-packages_PyQt6["PyQt6"]\n    node_venv_lib_python3_12_site-packages_PyQt6 --> node_venv_lib_python3_12_site-packages_PyQt6_Qt6["Qt6"]\n    node_venv_lib_python3_12_site-packages_PyQt6_Qt6 --> node_venv_lib_python3_12_site-packages_PyQt6_Qt6_lib["lib"]\n    node_venv_lib_python3_12_site-packages_PyQt6_Qt6_lib --> node_venv_lib_python3_12_site-packages_PyQt6_Qt6_lib_QtSvg_framework["QtSvg.framework"]\n    node_venv_lib_python3_12_site-packages_PyQt6_Qt6_lib_QtSvg_framework --> node_venv_lib_python3_12_site-packages_PyQt6_Qt6_lib_QtSvg_framework_Resources["Resources"]\n    node_venv_lib_python3_12_site-packages_PyQt6_Qt6_lib_QtSvg_framework_Resources --> node_venv_lib_python3_12_site-packages_PyQt6_Qt6_lib_QtSvg_framework_Resources_Info_plist["Info.plist"]\n    Root --> node_venv["venv"]\n    node_venv --> node_venv_lib["lib"]\n    node_venv_lib --> node_venv_lib_python3_12["python3.12"]\n    node_venv_lib_python3_12 --> node_venv_lib_python3_12_site-packages["site-packages"]\n    node_venv_lib_python3_12_site-packages --> node_venv_lib_python3_12_site-packages_PyQt6["PyQt6"]\n    node_venv_lib_python3_12_site-packages_PyQt6 --> node_venv_lib_python3_12_site-packages_PyQt6_Qt6["Qt6"]\n    node_venv_lib_python3_12_site-packages_PyQt6_Qt6 --> node_venv_lib_python3_12_site-packages_PyQt6_Qt6_lib["lib"]\n    node_venv_lib_python3_12_site-packages_PyQt6_Qt6_lib --> node_venv_lib_python3_12_site-packages_PyQt6_Qt6_lib_QtSvg_framework["QtSvg.framework"]\n    node_venv_lib_python3_12_site-packages_PyQt6_Qt6_lib_QtSvg_framework --> node_venv_lib_python3_12_site-packages_PyQt6_Qt6_lib_QtSvg_framework_Resources["Resources"]\n    node_venv_lib_python3_12_site-packages_PyQt6_Qt6_lib_QtSvg_framework_Resources --> node_venv_lib_python3_12_site-packages_PyQt6_Qt6_lib_QtSvg_framework_Resources_PrivacyInfo_xcprivacy["PrivacyInfo.xcprivacy"]\n    Root --> node_venv["venv"]\n    node_venv --> node_venv_lib["lib"]\n    node_venv_lib --> node_venv_lib_python3_12["python3.12"]\n    node_venv_lib_python3_12 --> node_venv_lib_python3_12_site-packages["site-packages"]\n    node_venv_lib_python3_12_site-packages --> node_venv_lib_python3_12_site-packages_PyQt6["PyQt6"]\n    node_venv_lib_python3_12_site-packages_PyQt6 --> node_venv_lib_python3_12_site-packages_PyQt6_Qt6["Qt6"]\n    node_venv_lib_python3_12_site-packages_PyQt6_Qt6 --> node_venv_lib_python3_12_site-packages_PyQt6_Qt6_lib["lib"]\n    node_venv_lib_python3_12_site-packages_PyQt6_Qt6_lib --> node_venv_lib_python3_12_site-packages_PyQt6_Qt6_lib_QtSvg_framework["QtSvg.framework"]\n    node_venv_lib_python3_12_site-packages_PyQt6_Qt6_lib_QtSvg_framework --> node_venv_lib_python3_12_site-packages_PyQt6_Qt6_lib_QtSvg_framework_Versions["Versions"]\n    node_venv_lib_python3_12_site-packages_PyQt6_Qt6_lib_QtSvg_framework_Versions --> node_venv_lib_python3_12_site-packages_PyQt6_Qt6_lib_QtSvg_framework_Versions_A["A"]\n    node_venv_lib_python3_12_site-packages_PyQt6_Qt6_lib_QtSvg_framework_Versions_A --> node_venv_lib_python3_12_site-packages_PyQt6_Qt6_lib_QtSvg_framework_Versions_A_QtSvg["QtSvg"]\n    Root --> node_venv["venv"]\n    node_venv --> node_venv_lib["lib"]\n    node_venv_lib --> node_venv_lib_python3_12["python3.12"]\n    node_venv_lib_python3_12 --> node_venv_lib_python3_12_site-packages["site-packages"]\n    node_venv_lib_python3_12_site-packages --> node_venv_lib_python3_12_site-packages_PyQt6["PyQt6"]\n    node_venv_lib_python3_12_site-packages_PyQt6 --> node_venv_lib_python3_12_site-packages_PyQt6_Qt6["Qt6"]\n    node_venv_lib_python3_12_site-packages_PyQt6_Qt6 --> node_venv_lib_python3_12_site-packages_PyQt6_Qt6_lib["lib"]\n    node_venv_lib_python3_12_site-packages_PyQt6_Qt6_lib --> node_venv_lib_python3_12_site-packages_PyQt6_Qt6_lib_QtQuickControls2IOSStyleImpl_framework["QtQuickControls2IOSStyleImpl.framework"]\n    node_venv_lib_python3_12_site-packages_PyQt6_Qt6_lib_QtQuickControls2IOSStyleImpl_framework --> node_venv_lib_python3_12_site-packages_PyQt6_Qt6_lib_QtQuickControls2IOSStyleImpl_framework_Resources["Resources"]\n    node_venv_lib_python3_12_site-packages_PyQt6_Qt6_lib_QtQuickControls2IOSStyleImpl_framework_Resources --> node_venv_lib_python3_12_site-packages_PyQt6_Qt6_lib_QtQuickControls2IOSStyleImpl_framework_Resources_Info_plist["Info.plist"]\n    Root --> node_venv["venv"]\n    node_venv --> node_venv_lib["lib"]\n    node_venv_lib --> node_venv_lib_python3_12["python3.12"]\n    node_venv_lib_python3_12 --> node_venv_lib_python3_12_site-packages["site-packages"]\n    node_venv_lib_python3_12_site-packages --> node_venv_lib_python3_12_site-packages_PyQt6["PyQt6"]\n    node_venv_lib_python3_12_site-packages_PyQt6 --> node_venv_lib_python3_12_site-packages_PyQt6_Qt6["Qt6"]\n    node_venv_lib_python3_12_site-packages_PyQt6_Qt6 --> node_venv_lib_python3_12_site-packages_PyQt6_Qt6_lib["lib"]\n    node_venv_lib_python3_12_site-packages_PyQt6_Qt6_lib --> node_venv_lib_python3_12_site-packages_PyQt6_Qt6_lib_QtQuickControls2IOSStyleImpl_framework["QtQuickControls2IOSStyleImpl.framework"]\n    node_venv_lib_python3_12_site-packages_PyQt6_Qt6_lib_QtQuickControls2IOSStyleImpl_framework --> node_venv_lib_python3_12_site-packages_PyQt6_Qt6_lib_QtQuickControls2IOSStyleImpl_framework_Resources["Resources"]\n    node_venv_lib_python3_12_site-packages_PyQt6_Qt6_lib_QtQuickControls2IOSStyleImpl_framework_Resources --> node_venv_lib_python3_12_site-packages_PyQt6_Qt6_lib_QtQuickControls2IOSStyleImpl_framework_Resources_PrivacyInfo_xcprivacy["PrivacyInfo.xcprivacy"]\n    Root --> node_venv["venv"]\n    node_venv --> node_venv_lib["lib"]\n    node_venv_lib --> node_venv_lib_python3_12["python3.12"]\n    node_venv_lib_python3_12 --> node_venv_lib_python3_12_site-packages["site-packages"]\n    node_venv_lib_python3_12_site-packages --> node_venv_lib_python3_12_site-packages_PyQt6["PyQt6"]\n    node_venv_lib_python3_12_site-packages_PyQt6 --> node_venv_lib_python3_12_site-packages_PyQt6_Qt6["Qt6"]\n    node_venv_lib_python3_12_site-packages_PyQt6_Qt6 --> node_venv_lib_python3_12_site-packages_PyQt6_Qt6_lib["lib"]\n    node_venv_lib_python3_12_site-packages_PyQt6_Qt6_lib --> node_venv_lib_python3_12_site-packages_PyQt6_Qt6_lib_QtQuickControls2IOSStyleImpl_framework["QtQuickControls2IOSStyleImpl.framework"]\n    node_venv_lib_python3_12_site-packages_PyQt6_Qt6_lib_QtQuickControls2IOSStyleImpl_framework --> node_venv_lib_python3_12_site-packages_PyQt6_Qt6_lib_QtQuickControls2IOSStyleImpl_framework_Versions["Versions"]\n    node_venv_lib_python3_12_site-packages_PyQt6_Qt6_lib_QtQuickControls2IOSStyleImpl_framework_Versions --> node_venv_lib_python3_12_site-packages_PyQt6_Qt6_lib_QtQuickControls2IOSStyleImpl_framework_Versions_A["A"]\n    node_venv_lib_python3_12_site-packages_PyQt6_Qt6_lib_QtQuickControls2IOSStyleImpl_framework_Versions_A --> node_venv_lib_python3_12_site-packages_PyQt6_Qt6_lib_QtQuickControls2IOSStyleImpl_framework_Versions_A_QtQuickControls2IOSStyleImpl["QtQuickControls2IOSStyleImpl"]\n    Root --> node_venv["venv"]\n    node_venv --> node_venv_lib["lib"]\n    node_venv_lib --> node_venv_lib_python3_12["python3.12"]\n    node_venv_lib_python3_12 --> node_venv_lib_python3_12_site-packages["site-packages"]\n    node_venv_lib_python3_12_site-packages --> node_venv_lib_python3_12_site-packages_PyQt6["PyQt6"]\n    node_venv_lib_python3_12_site-packages_PyQt6 --> node_venv_lib_python3_12_site-packages_PyQt6_Qt6["Qt6"]\n    node_venv_lib_python3_12_site-packages_PyQt6_Qt6 --> node_venv_lib_python3_12_site-packages_PyQt6_Qt6_lib["lib"]\n    node_venv_lib_python3_12_site-packages_PyQt6_Qt6_lib --> node_venv_lib_python3_12_site-packages_PyQt6_Qt6_lib_QtQuick3DIblBaker_framework["QtQuick3DIblBaker.framework"]\n    node_venv_lib_python3_12_site-packages_PyQt6_Qt6_lib_QtQuick3DIblBaker_framework --> node_venv_lib_python3_12_site-packages_PyQt6_Qt6_lib_QtQuick3DIblBaker_framework_Resources["Resources"]\n    node_venv_lib_python3_12_site-packages_PyQt6_Qt6_lib_QtQuick3DIblBaker_framework_Resources --> node_venv_lib_python3_12_site-packages_PyQt6_Qt6_lib_QtQuick3DIblBaker_framework_Resources_Info_plist["Info.plist"]\n    Root --> node_venv["venv"]\n    node_venv --> node_venv_lib["lib"]\n    node_venv_lib --> node_venv_lib_python3_12["python3.12"]\n    node_venv_lib_python3_12 --> node_venv_lib_python3_12_site-packages["site-packages"]\n    node_venv_lib_python3_12_site-packages --> node_venv_lib_python3_12_site-packages_PyQt6["PyQt6"]\n    node_venv_lib_python3_12_site-packages_PyQt6 --> node_venv_lib_python3_12_site-packages_PyQt6_Qt6["Qt6"]\n    node_venv_lib_python3_12_site-packages_PyQt6_Qt6 --> node_venv_lib_python3_12_site-packages_PyQt6_Qt6_lib["lib"]\n    node_venv_lib_python3_12_site-packages_PyQt6_Qt6_lib --> node_venv_lib_python3_12_site-packages_PyQt6_Qt6_lib_QtQuick3DIblBaker_framework["QtQuick3DIblBaker.framework"]\n    node_venv_lib_python3_12_site-packages_PyQt6_Qt6_lib_QtQuick3DIblBaker_framework --> node_venv_lib_python3_12_site-packages_PyQt6_Qt6_lib_QtQuick3DIblBaker_framework_Resources["Resources"]\n    node_venv_lib_python3_12_site-packages_PyQt6_Qt6_lib_QtQuick3DIblBaker_framework_Resources --> node_venv_lib_python3_12_site-packages_PyQt6_Qt6_lib_QtQuick3DIblBaker_framework_Resources_PrivacyInfo_xcprivacy["PrivacyInfo.xcprivacy"]\n    Root --> node_venv["venv"]\n    node_venv --> node_venv_lib["lib"]\n    node_venv_lib --> node_venv_lib_python3_12["python3.12"]\n    node_venv_lib_python3_12 --> node_venv_lib_python3_12_site-packages["site-packages"]\n    node_venv_lib_python3_12_site-packages --> node_venv_lib_python3_12_site-packages_PyQt6["PyQt6"]\n    node_venv_lib_python3_12_site-packages_PyQt6 --> node_venv_lib_python3_12_site-packages_PyQt6_Qt6["Qt6"]\n    node_venv_lib_python3_12_site-packages_PyQt6_Qt6 --> node_venv_lib_python3_12_site-packages_PyQt6_Qt6_lib["lib"]\n    node_venv_lib_python3_12_site-packages_PyQt6_Qt6_lib --> node_venv_lib_python3_12_site-packages_PyQt6_Qt6_lib_QtQuick3DIblBaker_framework["QtQuick3DIblBaker.framework"]\n    node_venv_lib_python3_12_site-packages_PyQt6_Qt6_lib_QtQuick3DIblBaker_framework --> node_venv_lib_python3_12_site-packages_PyQt6_Qt6_lib_QtQuick3DIblBaker_framework_Versions["Versions"]\n    node_venv_lib_python3_12_site-packages_PyQt6_Qt6_lib_QtQuick3DIblBaker_framework_Versions --> node_venv_lib_python3_12_site-packages_PyQt6_Qt6_lib_QtQuick3DIblBaker_framework_Versions_A["A"]\n    node_venv_lib_python3_12_site-packages_PyQt6_Qt6_lib_QtQuick3DIblBaker_framework_Versions_A --> node_venv_lib_python3_12_site-packages_PyQt6_Qt6_lib_QtQuick3DIblBaker_framework_Versions_A_QtQuick3DIblBaker["QtQuick3DIblBaker"]\n    Root --> node_venv["venv"]\n    node_venv --> node_venv_lib["lib"]\n    node_venv_lib --> node_venv_lib_python3_12["python3.12"]\n    node_venv_lib_python3_12 --> node_venv_lib_python3_12_site-packages["site-packages"]\n    node_venv_lib_python3_12_site-packages --> node_venv_lib_python3_12_site-packages_PyQt6["PyQt6"]\n    node_venv_lib_python3_12_site-packages_PyQt6 --> node_venv_lib_python3_12_site-packages_PyQt6_Qt6["Qt6"]\n    node_venv_lib_python3_12_site-packages_PyQt6_Qt6 --> node_venv_lib_python3_12_site-packages_PyQt6_Qt6_lib["lib"]\n    node_venv_lib_python3_12_site-packages_PyQt6_Qt6_lib --> node_venv_lib_python3_12_site-packages_PyQt6_Qt6_lib_QtQuickControls2Imagine_framework["QtQuickControls2Imagine.framework"]\n    node_venv_lib_python3_12_site-packages_PyQt6_Qt6_lib_QtQuickControls2Imagine_framework --> node_venv_lib_python3_12_site-packages_PyQt6_Qt6_lib_QtQuickControls2Imagine_framework_Resources["Resources"]\n    node_venv_lib_python3_12_site-packages_PyQt6_Qt6_lib_QtQuickControls2Imagine_framework_Resources --> node_venv_lib_python3_12_site-packages_PyQt6_Qt6_lib_QtQuickControls2Imagine_framework_Resources_Info_plist["Info.plist"]\n    Root --> node_venv["venv"]\n    node_venv --> node_venv_lib["lib"]\n    node_venv_lib --> node_venv_lib_python3_12["python3.12"]\n    node_venv_lib_python3_12 --> node_venv_lib_python3_12_site-packages["site-packages"]\n    node_venv_lib_python3_12_site-packages --> node_venv_lib_python3_12_site-packages_PyQt6["PyQt6"]\n    node_venv_lib_python3_12_site-packages_PyQt6 --> node_venv_lib_python3_12_site-packages_PyQt6_Qt6["Qt6"]\n    node_venv_lib_python3_12_site-packages_PyQt6_Qt6 --> node_venv_lib_python3_12_site-packages_PyQt6_Qt6_lib["lib"]\n    node_venv_lib_python3_12_site-packages_PyQt6_Qt6_lib --> node_venv_lib_python3_12_site-packages_PyQt6_Qt6_lib_QtQuickControls2Imagine_framework["QtQuickControls2Imagine.framework"]\n    node_venv_lib_python3_12_site-packages_PyQt6_Qt6_lib_QtQuickControls2Imagine_framework --> node_venv_lib_python3_12_site-packages_PyQt6_Qt6_lib_QtQuickControls2Imagine_framework_Resources["Resources"]\n    node_venv_lib_python3_12_site-packages_PyQt6_Qt6_lib_QtQuickControls2Imagine_framework_Resources --> node_venv_lib_python3_12_site-packages_PyQt6_Qt6_lib_QtQuickControls2Imagine_framework_Resources_PrivacyInfo_xcprivacy["PrivacyInfo.xcprivacy"]\n    Root --> node_venv["venv"]\n    node_venv --> node_venv_lib["lib"]\n    node_venv_lib --> node_venv_lib_python3_12["python3.12"]\n    node_venv_lib_python3_12 --> node_venv_lib_python3_12_site-packages["site-packages"]\n    node_venv_lib_python3_12_site-packages --> node_venv_lib_python3_12_site-packages_PyQt6["PyQt6"]\n    node_venv_lib_python3_12_site-packages_PyQt6 --> node_venv_lib_python3_12_site-packages_PyQt6_Qt6["Qt6"]\n    node_venv_lib_python3_12_site-packages_PyQt6_Qt6 --> node_venv_lib_python3_12_site-packages_PyQt6_Qt6_lib["lib"]\n    node_venv_lib_python3_12_site-packages_PyQt6_Qt6_lib --> node_venv_lib_python3_12_site-packages_PyQt6_Qt6_lib_QtQuickControls2Imagine_framework["QtQuickControls2Imagine.framework"]\n    node_venv_lib_python3_12_site-packages_PyQt6_Qt6_lib_QtQuickControls2Imagine_framework --> node_venv_lib_python3_12_site-packages_PyQt6_Qt6_lib_QtQuickControls2Imagine_framework_Versions["Versions"]\n    node_venv_lib_python3_12_site-packages_PyQt6_Qt6_lib_QtQuickControls2Imagine_framework_Versions --> node_venv_lib_python3_12_site-packages_PyQt6_Qt6_lib_QtQuickControls2Imagine_framework_Versions_A["A"]\n    node_venv_lib_python3_12_site-packages_PyQt6_Qt6_lib_QtQuickControls2Imagine_framework_Versions_A --> node_venv_lib_python3_12_site-packages_PyQt6_Qt6_lib_QtQuickControls2Imagine_framework_Versions_A_QtQuickControls2Imagine["QtQuickControls2Imagine"]\n    Root --> node_venv["venv"]\n    node_venv --> node_venv_lib["lib"]\n    node_venv_lib --> node_venv_lib_python3_12["python3.12"]\n    node_venv_lib_python3_12 --> node_venv_lib_python3_12_site-packages["site-packages"]\n    node_venv_lib_python3_12_site-packages --> node_venv_lib_python3_12_site-packages_PyQt6["PyQt6"]\n    node_venv_lib_python3_12_site-packages_PyQt6 --> node_venv_lib_python3_12_site-packages_PyQt6_Qt6["Qt6"]\n    node_venv_lib_python3_12_site-packages_PyQt6_Qt6 --> node_venv_lib_python3_12_site-packages_PyQt6_Qt6_lib["lib"]\n    node_venv_lib_python3_12_site-packages_PyQt6_Qt6_lib --> node_venv_lib_python3_12_site-packages_PyQt6_Qt6_lib_QtQuick3DEffects_framework["QtQuick3DEffects.framework"]\n    node_venv_lib_python3_12_site-packages_PyQt6_Qt6_lib_QtQuick3DEffects_framework --> node_venv_lib_python3_12_site-packages_PyQt6_Qt6_lib_QtQuick3DEffects_framework_Resources["Resources"]\n    node_venv_lib_python3_12_site-packages_PyQt6_Qt6_lib_QtQuick3DEffects_framework_Resources --> node_venv_lib_python3_12_site-packages_PyQt6_Qt6_lib_QtQuick3DEffects_framework_Resources_Info_plist["Info.plist"]\n    Root --> node_venv["venv"]\n    node_venv --> node_venv_lib["lib"]\n    node_venv_lib --> node_venv_lib_python3_12["python3.12"]\n    node_venv_lib_python3_12 --> node_venv_lib_python3_12_site-packages["site-packages"]\n    node_venv_lib_python3_12_site-packages --> node_venv_lib_python3_12_site-packages_PyQt6["PyQt6"]\n    node_venv_lib_python3_12_site-packages_PyQt6 --> node_venv_lib_python3_12_site-packages_PyQt6_Qt6["Qt6"]\n    node_venv_lib_python3_12_site-packages_PyQt6_Qt6 --> node_venv_lib_python3_12_site-packages_PyQt6_Qt6_lib["lib"]\n    node_venv_lib_python3_12_site-packages_PyQt6_Qt6_lib --> node_venv_lib_python3_12_site-packages_PyQt6_Qt6_lib_QtQuick3DEffects_framework["QtQuick3DEffects.framework"]\n    node_venv_lib_python3_12_site-packages_PyQt6_Qt6_lib_QtQuick3DEffects_framework --> node_venv_lib_python3_12_site-packages_PyQt6_Qt6_lib_QtQuick3DEffects_framework_Resources["Resources"]\n    node_venv_lib_python3_12_site-packages_PyQt6_Qt6_lib_QtQuick3DEffects_framework_Resources --> node_venv_lib_python3_12_site-packages_PyQt6_Qt6_lib_QtQuick3DEffects_framework_Resources_PrivacyInfo_xcprivacy["PrivacyInfo.xcprivacy"]\n    Root --> node_venv["venv"]\n    node_venv --> node_venv_lib["lib"]\n    node_venv_lib --> node_venv_lib_python3_12["python3.12"]\n    node_venv_lib_python3_12 --> node_venv_lib_python3_12_site-packages["site-packages"]\n    node_venv_lib_python3_12_site-packages --> node_venv_lib_python3_12_site-packages_PyQt6["PyQt6"]\n    node_venv_lib_python3_12_site-packages_PyQt6 --> node_venv_lib_python3_12_site-packages_PyQt6_Qt6["Qt6"]\n    node_venv_lib_python3_12_site-packages_PyQt6_Qt6 --> node_venv_lib_python3_12_site-packages_PyQt6_Qt6_lib["lib"]\n    node_venv_lib_python3_12_site-packages_PyQt6_Qt6_lib --> node_venv_lib_python3_12_site-packages_PyQt6_Qt6_lib_QtQuick3DEffects_framework["QtQuick3DEffects.framework"]\n    node_venv_lib_python3_12_site-packages_PyQt6_Qt6_lib_QtQuick3DEffects_framework --> node_venv_lib_python3_12_site-packages_PyQt6_Qt6_lib_QtQuick3DEffects_framework_Versions["Versions"]\n    node_venv_lib_python3_12_site-packages_PyQt6_Qt6_lib_QtQuick3DEffects_framework_Versions --> node_venv_lib_python3_12_site-packages_PyQt6_Qt6_lib_QtQuick3DEffects_framework_Versions_A["A"]\n    node_venv_lib_python3_12_site-packages_PyQt6_Qt6_lib_QtQuick3DEffects_framework_Versions_A --> node_venv_lib_python3_12_site-packages_PyQt6_Qt6_lib_QtQuick3DEffects_framework_Versions_A_QtQuick3DEffects["QtQuick3DEffects"]\n    Root --> node_venv["venv"]\n    node_venv --> node_venv_lib["lib"]\n    node_venv_lib --> node_venv_lib_python3_12["python3.12"]\n    node_venv_lib_python3_12 --> node_venv_lib_python3_12_site-packages["site-packages"]\n    node_venv_lib_python3_12_site-packages --> node_venv_lib_python3_12_site-packages_PyQt6["PyQt6"]\n    node_venv_lib_python3_12_site-packages_PyQt6 --> node_venv_lib_python3_12_site-packages_PyQt6_Qt6["Qt6"]\n    node_venv_lib_python3_12_site-packages_PyQt6_Qt6 --> node_venv_lib_python3_12_site-packages_PyQt6_Qt6_lib["lib"]\n    node_venv_lib_python3_12_site-packages_PyQt6_Qt6_lib --> node_venv_lib_python3_12_site-packages_PyQt6_Qt6_lib_QtMultimediaWidgets_framework["QtMultimediaWidgets.framework"]\n    node_venv_lib_python3_12_site-packages_PyQt6_Qt6_lib_QtMultimediaWidgets_framework --> node_venv_lib_python3_12_site-packages_PyQt6_Qt6_lib_QtMultimediaWidgets_framework_Resources["Resources"]\n    node_venv_lib_python3_12_site-packages_PyQt6_Qt6_lib_QtMultimediaWidgets_framework_Resources --> node_venv_lib_python3_12_site-packages_PyQt6_Qt6_lib_QtMultimediaWidgets_framework_Resources_Info_plist["Info.plist"]\n    Root --> node_venv["venv"]\n    node_venv --> node_venv_lib["lib"]\n    node_venv_lib --> node_venv_lib_python3_12["python3.12"]\n    node_venv_lib_python3_12 --> node_venv_lib_python3_12_site-packages["site-packages"]\n    node_venv_lib_python3_12_site-packages --> node_venv_lib_python3_12_site-packages_PyQt6["PyQt6"]\n    node_venv_lib_python3_12_site-packages_PyQt6 --> node_venv_lib_python3_12_site-packages_PyQt6_Qt6["Qt6"]\n    node_venv_lib_python3_12_site-packages_PyQt6_Qt6 --> node_venv_lib_python3_12_site-packages_PyQt6_Qt6_lib["lib"]\n    node_venv_lib_python3_12_site-packages_PyQt6_Qt6_lib --> node_venv_lib_python3_12_site-packages_PyQt6_Qt6_lib_QtMultimediaWidgets_framework["QtMultimediaWidgets.framework"]\n    node_venv_lib_python3_12_site-packages_PyQt6_Qt6_lib_QtMultimediaWidgets_framework --> node_venv_lib_python3_12_site-packages_PyQt6_Qt6_lib_QtMultimediaWidgets_framework_Resources["Resources"]\n    node_venv_lib_python3_12_site-packages_PyQt6_Qt6_lib_QtMultimediaWidgets_framework_Resources --> node_venv_lib_python3_12_site-packages_PyQt6_Qt6_lib_QtMultimediaWidgets_framework_Resources_PrivacyInfo_xcprivacy["PrivacyInfo.xcprivacy"]\n    Root --> node_venv["venv"]\n    node_venv --> node_venv_lib["lib"]\n    node_venv_lib --> node_venv_lib_python3_12["python3.12"]\n    node_venv_lib_python3_12 --> node_venv_lib_python3_12_site-packages["site-packages"]\n    node_venv_lib_python3_12_site-packages --> node_venv_lib_python3_12_site-packages_PyQt6["PyQt6"]\n    node_venv_lib_python3_12_site-packages_PyQt6 --> node_venv_lib_python3_12_site-packages_PyQt6_Qt6["Qt6"]\n    node_venv_lib_python3_12_site-packages_PyQt6_Qt6 --> node_venv_lib_python3_12_site-packages_PyQt6_Qt6_lib["lib"]\n    node_venv_lib_python3_12_site-packages_PyQt6_Qt6_lib --> node_venv_lib_python3_12_site-packages_PyQt6_Qt6_lib_QtMultimediaWidgets_framework["QtMultimediaWidgets.framework"]\n    node_venv_lib_python3_12_site-packages_PyQt6_Qt6_lib_QtMultimediaWidgets_framework --> node_venv_lib_python3_12_site-packages_PyQt6_Qt6_lib_QtMultimediaWidgets_framework_Versions["Versions"]\n    node_venv_lib_python3_12_site-packages_PyQt6_Qt6_lib_QtMultimediaWidgets_framework_Versions --> node_venv_lib_python3_12_site-packages_PyQt6_Qt6_lib_QtMultimediaWidgets_framework_Versions_A["A"]\n    node_venv_lib_python3_12_site-packages_PyQt6_Qt6_lib_QtMultimediaWidgets_framework_Versions_A --> node_venv_lib_python3_12_site-packages_PyQt6_Qt6_lib_QtMultimediaWidgets_framework_Versions_A_QtMultimediaWidgets["QtMultimediaWidgets"]\n    Root --> node_venv["venv"]\n    node_venv --> node_venv_lib["lib"]\n    node_venv_lib --> node_venv_lib_python3_12["python3.12"]\n    node_venv_lib_python3_12 --> node_venv_lib_python3_12_site-packages["site-packages"]\n    node_venv_lib_python3_12_site-packages --> node_venv_lib_python3_12_site-packages_PyQt6["PyQt6"]\n    node_venv_lib_python3_12_site-packages_PyQt6 --> node_venv_lib_python3_12_site-packages_PyQt6_Qt6["Qt6"]\n    node_venv_lib_python3_12_site-packages_PyQt6_Qt6 --> node_venv_lib_python3_12_site-packages_PyQt6_Qt6_lib["lib"]\n    node_venv_lib_python3_12_site-packages_PyQt6_Qt6_lib --> node_venv_lib_python3_12_site-packages_PyQt6_Qt6_lib_QtWebChannelQuick_framework["QtWebChannelQuick.framework"]\n    node_venv_lib_python3_12_site-packages_PyQt6_Qt6_lib_QtWebChannelQuick_framework --> node_venv_lib_python3_12_site-packages_PyQt6_Qt6_lib_QtWebChannelQuick_framework_Resources["Resources"]\n    node_venv_lib_python3_12_site-packages_PyQt6_Qt6_lib_QtWebChannelQuick_framework_Resources --> node_venv_lib_python3_12_site-packages_PyQt6_Qt6_lib_QtWebChannelQuick_framework_Resources_Info_plist["Info.plist"]\n    Root --> node_venv["venv"]\n    node_venv --> node_venv_lib["lib"]\n    node_venv_lib --> node_venv_lib_python3_12["python3.12"]\n    node_venv_lib_python3_12 --> node_venv_lib_python3_12_site-packages["site-packages"]\n    node_venv_lib_python3_12_site-packages --> node_venv_lib_python3_12_site-packages_PyQt6["PyQt6"]\n    node_venv_lib_python3_12_site-packages_PyQt6 --> node_venv_lib_python3_12_site-packages_PyQt6_Qt6["Qt6"]\n    node_venv_lib_python3_12_site-packages_PyQt6_Qt6 --> node_venv_lib_python3_12_site-packages_PyQt6_Qt6_lib["lib"]\n    node_venv_lib_python3_12_site-packages_PyQt6_Qt6_lib --> node_venv_lib_python3_12_site-packages_PyQt6_Qt6_lib_QtWebChannelQuick_framework["QtWebChannelQuick.framework"]\n    node_venv_lib_python3_12_site-packages_PyQt6_Qt6_lib_QtWebChannelQuick_framework --> node_venv_lib_python3_12_site-packages_PyQt6_Qt6_lib_QtWebChannelQuick_framework_Resources["Resources"]\n    node_venv_lib_python3_12_site-packages_PyQt6_Qt6_lib_QtWebChannelQuick_framework_Resources --> node_venv_lib_python3_12_site-packages_PyQt6_Qt6_lib_QtWebChannelQuick_framework_Resources_PrivacyInfo_xcprivacy["PrivacyInfo.xcprivacy"]\n    Root --> node_venv["venv"]\n    node_venv --> node_venv_lib["lib"]\n    node_venv_lib --> node_venv_lib_python3_12["python3.12"]\n    node_venv_lib_python3_12 --> node_venv_lib_python3_12_site-packages["site-packages"]\n    node_venv_lib_python3_12_site-packages --> node_venv_lib_python3_12_site-packages_PyQt6["PyQt6"]\n    node_venv_lib_python3_12_site-packages_PyQt6 --> node_venv_lib_python3_12_site-packages_PyQt6_Qt6["Qt6"]\n    node_venv_lib_python3_12_site-packages_PyQt6_Qt6 --> node_venv_lib_python3_12_site-packages_PyQt6_Qt6_lib["lib"]\n    node_venv_lib_python3_12_site-packages_PyQt6_Qt6_lib --> node_venv_lib_python3_12_site-packages_PyQt6_Qt6_lib_QtWebChannelQuick_framework["QtWebChannelQuick.framework"]\n    node_venv_lib_python3_12_site-packages_PyQt6_Qt6_lib_QtWebChannelQuick_framework --> node_venv_lib_python3_12_site-packages_PyQt6_Qt6_lib_QtWebChannelQuick_framework_Versions["Versions"]\n    node_venv_lib_python3_12_site-packages_PyQt6_Qt6_lib_QtWebChannelQuick_framework_Versions --> node_venv_lib_python3_12_site-packages_PyQt6_Qt6_lib_QtWebChannelQuick_framework_Versions_A["A"]\n    node_venv_lib_python3_12_site-packages_PyQt6_Qt6_lib_QtWebChannelQuick_framework_Versions_A --> node_venv_lib_python3_12_site-packages_PyQt6_Qt6_lib_QtWebChannelQuick_framework_Versions_A_QtWebChannelQuick["QtWebChannelQuick"]\n    Root --> node_venv["venv"]\n    node_venv --> node_venv_lib["lib"]\n    node_venv_lib --> node_venv_lib_python3_12["python3.12"]\n    node_venv_lib_python3_12 --> node_venv_lib_python3_12_site-packages["site-packages"]\n    node_venv_lib_python3_12_site-packages --> node_venv_lib_python3_12_site-packages_PyQt6["PyQt6"]\n    node_venv_lib_python3_12_site-packages_PyQt6 --> node_venv_lib_python3_12_site-packages_PyQt6_Qt6["Qt6"]\n    node_venv_lib_python3_12_site-packages_PyQt6_Qt6 --> node_venv_lib_python3_12_site-packages_PyQt6_Qt6_lib["lib"]\n    node_venv_lib_python3_12_site-packages_PyQt6_Qt6_lib --> node_venv_lib_python3_12_site-packages_PyQt6_Qt6_lib_QtQmlModels_framework["QtQmlModels.framework"]\n    node_venv_lib_python3_12_site-packages_PyQt6_Qt6_lib_QtQmlModels_framework --> node_venv_lib_python3_12_site-packages_PyQt6_Qt6_lib_QtQmlModels_framework_Resources["Resources"]\n    node_venv_lib_python3_12_site-packages_PyQt6_Qt6_lib_QtQmlModels_framework_Resources --> node_venv_lib_python3_12_site-packages_PyQt6_Qt6_lib_QtQmlModels_framework_Resources_Info_plist["Info.plist"]\n    Root --> node_venv["venv"]\n    node_venv --> node_venv_lib["lib"]\n    node_venv_lib --> node_venv_lib_python3_12["python3.12"]\n    node_venv_lib_python3_12 --> node_venv_lib_python3_12_site-packages["site-packages"]\n    node_venv_lib_python3_12_site-packages --> node_venv_lib_python3_12_site-packages_PyQt6["PyQt6"]\n    node_venv_lib_python3_12_site-packages_PyQt6 --> node_venv_lib_python3_12_site-packages_PyQt6_Qt6["Qt6"]\n    node_venv_lib_python3_12_site-packages_PyQt6_Qt6 --> node_venv_lib_python3_12_site-packages_PyQt6_Qt6_lib["lib"]\n    node_venv_lib_python3_12_site-packages_PyQt6_Qt6_lib --> node_venv_lib_python3_12_site-packages_PyQt6_Qt6_lib_QtQmlModels_framework["QtQmlModels.framework"]\n    node_venv_lib_python3_12_site-packages_PyQt6_Qt6_lib_QtQmlModels_framework --> node_venv_lib_python3_12_site-packages_PyQt6_Qt6_lib_QtQmlModels_framework_Resources["Resources"]\n    node_venv_lib_python3_12_site-packages_PyQt6_Qt6_lib_QtQmlModels_framework_Resources --> node_venv_lib_python3_12_site-packages_PyQt6_Qt6_lib_QtQmlModels_framework_Resources_PrivacyInfo_xcprivacy["PrivacyInfo.xcprivacy"]\n    Root --> node_venv["venv"]\n    node_venv --> node_venv_lib["lib"]\n    node_venv_lib --> node_venv_lib_python3_12["python3.12"]\n    node_venv_lib_python3_12 --> node_venv_lib_python3_12_site-packages["site-packages"]\n    node_venv_lib_python3_12_site-packages --> node_venv_lib_python3_12_site-packages_PyQt6["PyQt6"]\n    node_venv_lib_python3_12_site-packages_PyQt6 --> node_venv_lib_python3_12_site-packages_PyQt6_Qt6["Qt6"]\n    node_venv_lib_python3_12_site-packages_PyQt6_Qt6 --> node_venv_lib_python3_12_site-packages_PyQt6_Qt6_lib["lib"]\n    node_venv_lib_python3_12_site-packages_PyQt6_Qt6_lib --> node_venv_lib_python3_12_site-packages_PyQt6_Qt6_lib_QtQmlModels_framework["QtQmlModels.framework"]\n    node_venv_lib_python3_12_site-packages_PyQt6_Qt6_lib_QtQmlModels_framework --> node_venv_lib_python3_12_site-packages_PyQt6_Qt6_lib_QtQmlModels_framework_Versions["Versions"]\n    node_venv_lib_python3_12_site-packages_PyQt6_Qt6_lib_QtQmlModels_framework_Versions --> node_venv_lib_python3_12_site-packages_PyQt6_Qt6_lib_QtQmlModels_framework_Versions_A["A"]\n    node_venv_lib_python3_12_site-packages_PyQt6_Qt6_lib_QtQmlModels_framework_Versions_A --> node_venv_lib_python3_12_site-packages_PyQt6_Qt6_lib_QtQmlModels_framework_Versions_A_QtQmlModels["QtQmlModels"]\n    Root --> node_venv["venv"]\n    node_venv --> node_venv_lib["lib"]\n    node_venv_lib --> node_venv_lib_python3_12["python3.12"]\n    node_venv_lib_python3_12 --> node_venv_lib_python3_12_site-packages["site-packages"]\n    node_venv_lib_python3_12_site-packages --> node_venv_lib_python3_12_site-packages_PyQt6["PyQt6"]\n    node_venv_lib_python3_12_site-packages_PyQt6 --> node_venv_lib_python3_12_site-packages_PyQt6_Qt6["Qt6"]\n    node_venv_lib_python3_12_site-packages_PyQt6_Qt6 --> node_venv_lib_python3_12_site-packages_PyQt6_Qt6_lib["lib"]\n    node_venv_lib_python3_12_site-packages_PyQt6_Qt6_lib --> node_venv_lib_python3_12_site-packages_PyQt6_Qt6_lib_QtLabsAnimation_framework["QtLabsAnimation.framework"]\n    node_venv_lib_python3_12_site-packages_PyQt6_Qt6_lib_QtLabsAnimation_framework --> node_venv_lib_python3_12_site-packages_PyQt6_Qt6_lib_QtLabsAnimation_framework_Resources["Resources"]\n    node_venv_lib_python3_12_site-packages_PyQt6_Qt6_lib_QtLabsAnimation_framework_Resources --> node_venv_lib_python3_12_site-packages_PyQt6_Qt6_lib_QtLabsAnimation_framework_Resources_Info_plist["Info.plist"]\n    Root --> node_venv["venv"]\n    node_venv --> node_venv_lib["lib"]\n    node_venv_lib --> node_venv_lib_python3_12["python3.12"]\n    node_venv_lib_python3_12 --> node_venv_lib_python3_12_site-packages["site-packages"]\n    node_venv_lib_python3_12_site-packages --> node_venv_lib_python3_12_site-packages_PyQt6["PyQt6"]\n    node_venv_lib_python3_12_site-packages_PyQt6 --> node_venv_lib_python3_12_site-packages_PyQt6_Qt6["Qt6"]\n    node_venv_lib_python3_12_site-packages_PyQt6_Qt6 --> node_venv_lib_python3_12_site-packages_PyQt6_Qt6_lib["lib"]\n    node_venv_lib_python3_12_site-packages_PyQt6_Qt6_lib --> node_venv_lib_python3_12_site-packages_PyQt6_Qt6_lib_QtLabsAnimation_framework["QtLabsAnimation.framework"]\n    node_venv_lib_python3_12_site-packages_PyQt6_Qt6_lib_QtLabsAnimation_framework --> node_venv_lib_python3_12_site-packages_PyQt6_Qt6_lib_QtLabsAnimation_framework_Resources["Resources"]\n    node_venv_lib_python3_12_site-packages_PyQt6_Qt6_lib_QtLabsAnimation_framework_Resources --> node_venv_lib_python3_12_site-packages_PyQt6_Qt6_lib_QtLabsAnimation_framework_Resources_PrivacyInfo_xcprivacy["PrivacyInfo.xcprivacy"]\n    Root --> node_venv["venv"]\n    node_venv --> node_venv_lib["lib"]\n    node_venv_lib --> node_venv_lib_python3_12["python3.12"]\n    node_venv_lib_python3_12 --> node_venv_lib_python3_12_site-packages["site-packages"]\n    node_venv_lib_python3_12_site-packages --> node_venv_lib_python3_12_site-packages_PyQt6["PyQt6"]\n    node_venv_lib_python3_12_site-packages_PyQt6 --> node_venv_lib_python3_12_site-packages_PyQt6_Qt6["Qt6"]\n    node_venv_lib_python3_12_site-packages_PyQt6_Qt6 --> node_venv_lib_python3_12_site-packages_PyQt6_Qt6_lib["lib"]\n    node_venv_lib_python3_12_site-packages_PyQt6_Qt6_lib --> node_venv_lib_python3_12_site-packages_PyQt6_Qt6_lib_QtLabsAnimation_framework["QtLabsAnimation.framework"]\n    node_venv_lib_python3_12_site-packages_PyQt6_Qt6_lib_QtLabsAnimation_framework --> node_venv_lib_python3_12_site-packages_PyQt6_Qt6_lib_QtLabsAnimation_framework_Versions["Versions"]\n    node_venv_lib_python3_12_site-packages_PyQt6_Qt6_lib_QtLabsAnimation_framework_Versions --> node_venv_lib_python3_12_site-packages_PyQt6_Qt6_lib_QtLabsAnimation_framework_Versions_A["A"]\n    node_venv_lib_python3_12_site-packages_PyQt6_Qt6_lib_QtLabsAnimation_framework_Versions_A --> node_venv_lib_python3_12_site-packages_PyQt6_Qt6_lib_QtLabsAnimation_framework_Versions_A_QtLabsAnimation["QtLabsAnimation"]\n    Root --> node_venv["venv"]\n    node_venv --> node_venv_lib["lib"]\n    node_venv_lib --> node_venv_lib_python3_12["python3.12"]\n    node_venv_lib_python3_12 --> node_venv_lib_python3_12_site-packages["site-packages"]\n    node_venv_lib_python3_12_site-packages --> node_venv_lib_python3_12_site-packages_PyQt6["PyQt6"]\n    node_venv_lib_python3_12_site-packages_PyQt6 --> node_venv_lib_python3_12_site-packages_PyQt6_Qt6["Qt6"]\n    node_venv_lib_python3_12_site-packages_PyQt6_Qt6 --> node_venv_lib_python3_12_site-packages_PyQt6_Qt6_lib["lib"]\n    node_venv_lib_python3_12_site-packages_PyQt6_Qt6_lib --> node_venv_lib_python3_12_site-packages_PyQt6_Qt6_lib_QtPdfQuick_framework["QtPdfQuick.framework"]\n    node_venv_lib_python3_12_site-packages_PyQt6_Qt6_lib_QtPdfQuick_framework --> node_venv_lib_python3_12_site-packages_PyQt6_Qt6_lib_QtPdfQuick_framework_Resources["Resources"]\n    node_venv_lib_python3_12_site-packages_PyQt6_Qt6_lib_QtPdfQuick_framework_Resources --> node_venv_lib_python3_12_site-packages_PyQt6_Qt6_lib_QtPdfQuick_framework_Resources_Info_plist["Info.plist"]\n    Root --> node_venv["venv"]\n    node_venv --> node_venv_lib["lib"]\n    node_venv_lib --> node_venv_lib_python3_12["python3.12"]\n    node_venv_lib_python3_12 --> node_venv_lib_python3_12_site-packages["site-packages"]\n    node_venv_lib_python3_12_site-packages --> node_venv_lib_python3_12_site-packages_PyQt6["PyQt6"]\n    node_venv_lib_python3_12_site-packages_PyQt6 --> node_venv_lib_python3_12_site-packages_PyQt6_Qt6["Qt6"]\n    node_venv_lib_python3_12_site-packages_PyQt6_Qt6 --> node_venv_lib_python3_12_site-packages_PyQt6_Qt6_lib["lib"]\n    node_venv_lib_python3_12_site-packages_PyQt6_Qt6_lib --> node_venv_lib_python3_12_site-packages_PyQt6_Qt6_lib_QtPdfQuick_framework["QtPdfQuick.framework"]\n    node_venv_lib_python3_12_site-packages_PyQt6_Qt6_lib_QtPdfQuick_framework --> node_venv_lib_python3_12_site-packages_PyQt6_Qt6_lib_QtPdfQuick_framework_Resources["Resources"]\n    node_venv_lib_python3_12_site-packages_PyQt6_Qt6_lib_QtPdfQuick_framework_Resources --> node_venv_lib_python3_12_site-packages_PyQt6_Qt6_lib_QtPdfQuick_framework_Resources_PrivacyInfo_xcprivacy["PrivacyInfo.xcprivacy"]\n    Root --> node_venv["venv"]\n    node_venv --> node_venv_lib["lib"]\n    node_venv_lib --> node_venv_lib_python3_12["python3.12"]\n    node_venv_lib_python3_12 --> node_venv_lib_python3_12_site-packages["site-packages"]\n    node_venv_lib_python3_12_site-packages --> node_venv_lib_python3_12_site-packages_PyQt6["PyQt6"]\n    node_venv_lib_python3_12_site-packages_PyQt6 --> node_venv_lib_python3_12_site-packages_PyQt6_Qt6["Qt6"]\n    node_venv_lib_python3_12_site-packages_PyQt6_Qt6 --> node_venv_lib_python3_12_site-packages_PyQt6_Qt6_lib["lib"]\n    node_venv_lib_python3_12_site-packages_PyQt6_Qt6_lib --> node_venv_lib_python3_12_site-packages_PyQt6_Qt6_lib_QtPdfQuick_framework["QtPdfQuick.framework"]\n    node_venv_lib_python3_12_site-packages_PyQt6_Qt6_lib_QtPdfQuick_framework --> node_venv_lib_python3_12_site-packages_PyQt6_Qt6_lib_QtPdfQuick_framework_Versions["Versions"]\n    node_venv_lib_python3_12_site-packages_PyQt6_Qt6_lib_QtPdfQuick_framework_Versions --> node_venv_lib_python3_12_site-packages_PyQt6_Qt6_lib_QtPdfQuick_framework_Versions_A["A"]\n    node_venv_lib_python3_12_site-packages_PyQt6_Qt6_lib_QtPdfQuick_framework_Versions_A --> node_venv_lib_python3_12_site-packages_PyQt6_Qt6_lib_QtPdfQuick_framework_Versions_A_QtPdfQuick["QtPdfQuick"]\n    Root --> node_venv["venv"]\n    node_venv --> node_venv_lib["lib"]\n    node_venv_lib --> node_venv_lib_python3_12["python3.12"]\n    node_venv_lib_python3_12 --> node_venv_lib_python3_12_site-packages["site-packages"]\n    node_venv_lib_python3_12_site-packages --> node_venv_lib_python3_12_site-packages_PyQt6["PyQt6"]\n    node_venv_lib_python3_12_site-packages_PyQt6 --> node_venv_lib_python3_12_site-packages_PyQt6_Qt6["Qt6"]\n    node_venv_lib_python3_12_site-packages_PyQt6_Qt6 --> node_venv_lib_python3_12_site-packages_PyQt6_Qt6_lib["lib"]\n    node_venv_lib_python3_12_site-packages_PyQt6_Qt6_lib --> node_venv_lib_python3_12_site-packages_PyQt6_Qt6_lib_QtLabsFolderListModel_framework["QtLabsFolderListModel.framework"]\n    node_venv_lib_python3_12_site-packages_PyQt6_Qt6_lib_QtLabsFolderListModel_framework --> node_venv_lib_python3_12_site-packages_PyQt6_Qt6_lib_QtLabsFolderListModel_framework_Resources["Resources"]\n    node_venv_lib_python3_12_site-packages_PyQt6_Qt6_lib_QtLabsFolderListModel_framework_Resources --> node_venv_lib_python3_12_site-packages_PyQt6_Qt6_lib_QtLabsFolderListModel_framework_Resources_Info_plist["Info.plist"]\n    Root --> node_venv["venv"]\n    node_venv --> node_venv_lib["lib"]\n    node_venv_lib --> node_venv_lib_python3_12["python3.12"]\n    node_venv_lib_python3_12 --> node_venv_lib_python3_12_site-packages["site-packages"]\n    node_venv_lib_python3_12_site-packages --> node_venv_lib_python3_12_site-packages_PyQt6["PyQt6"]\n    node_venv_lib_python3_12_site-packages_PyQt6 --> node_venv_lib_python3_12_site-packages_PyQt6_Qt6["Qt6"]\n    node_venv_lib_python3_12_site-packages_PyQt6_Qt6 --> node_venv_lib_python3_12_site-packages_PyQt6_Qt6_lib["lib"]\n    node_venv_lib_python3_12_site-packages_PyQt6_Qt6_lib --> node_venv_lib_python3_12_site-packages_PyQt6_Qt6_lib_QtLabsFolderListModel_framework["QtLabsFolderListModel.framework"]\n    node_venv_lib_python3_12_site-packages_PyQt6_Qt6_lib_QtLabsFolderListModel_framework --> node_venv_lib_python3_12_site-packages_PyQt6_Qt6_lib_QtLabsFolderListModel_framework_Resources["Resources"]\n    node_venv_lib_python3_12_site-packages_PyQt6_Qt6_lib_QtLabsFolderListModel_framework_Resources --> node_venv_lib_python3_12_site-packages_PyQt6_Qt6_lib_QtLabsFolderListModel_framework_Resources_PrivacyInfo_xcprivacy["PrivacyInfo.xcprivacy"]\n    Root --> node_venv["venv"]\n    node_venv --> node_venv_lib["lib"]\n    node_venv_lib --> node_venv_lib_python3_12["python3.12"]\n    node_venv_lib_python3_12 --> node_venv_lib_python3_12_site-packages["site-packages"]\n    node_venv_lib_python3_12_site-packages --> node_venv_lib_python3_12_site-packages_PyQt6["PyQt6"]\n    node_venv_lib_python3_12_site-packages_PyQt6 --> node_venv_lib_python3_12_site-packages_PyQt6_Qt6["Qt6"]\n    node_venv_lib_python3_12_site-packages_PyQt6_Qt6 --> node_venv_lib_python3_12_site-packages_PyQt6_Qt6_lib["lib"]\n    node_venv_lib_python3_12_site-packages_PyQt6_Qt6_lib --> node_venv_lib_python3_12_site-packages_PyQt6_Qt6_lib_QtLabsFolderListModel_framework["QtLabsFolderListModel.framework"]\n    node_venv_lib_python3_12_site-packages_PyQt6_Qt6_lib_QtLabsFolderListModel_framework --> node_venv_lib_python3_12_site-packages_PyQt6_Qt6_lib_QtLabsFolderListModel_framework_Versions["Versions"]\n    node_venv_lib_python3_12_site-packages_PyQt6_Qt6_lib_QtLabsFolderListModel_framework_Versions --> node_venv_lib_python3_12_site-packages_PyQt6_Qt6_lib_QtLabsFolderListModel_framework_Versions_A["A"]\n    node_venv_lib_python3_12_site-packages_PyQt6_Qt6_lib_QtLabsFolderListModel_framework_Versions_A --> node_venv_lib_python3_12_site-packages_PyQt6_Qt6_lib_QtLabsFolderListModel_framework_Versions_A_QtLabsFolderListModel["QtLabsFolderListModel"]\n    Root --> node_venv["venv"]\n    node_venv --> node_venv_lib["lib"]\n    node_venv_lib --> node_venv_lib_python3_12["python3.12"]\n    node_venv_lib_python3_12 --> node_venv_lib_python3_12_site-packages["site-packages"]\n    node_venv_lib_python3_12_site-packages --> node_venv_lib_python3_12_site-packages_PyQt6["PyQt6"]\n    node_venv_lib_python3_12_site-packages_PyQt6 --> node_venv_lib_python3_12_site-packages_PyQt6_Qt6["Qt6"]\n    node_venv_lib_python3_12_site-packages_PyQt6_Qt6 --> node_venv_lib_python3_12_site-packages_PyQt6_Qt6_lib["lib"]\n    node_venv_lib_python3_12_site-packages_PyQt6_Qt6_lib --> node_venv_lib_python3_12_site-packages_PyQt6_Qt6_lib_QtQuick3DPhysics_framework["QtQuick3DPhysics.framework"]\n    node_venv_lib_python3_12_site-packages_PyQt6_Qt6_lib_QtQuick3DPhysics_framework --> node_venv_lib_python3_12_site-packages_PyQt6_Qt6_lib_QtQuick3DPhysics_framework_Resources["Resources"]\n    node_venv_lib_python3_12_site-packages_PyQt6_Qt6_lib_QtQuick3DPhysics_framework_Resources --> node_venv_lib_python3_12_site-packages_PyQt6_Qt6_lib_QtQuick3DPhysics_framework_Resources_Info_plist["Info.plist"]\n    Root --> node_venv["venv"]\n    node_venv --> node_venv_lib["lib"]\n    node_venv_lib --> node_venv_lib_python3_12["python3.12"]\n    node_venv_lib_python3_12 --> node_venv_lib_python3_12_site-packages["site-packages"]\n    node_venv_lib_python3_12_site-packages --> node_venv_lib_python3_12_site-packages_PyQt6["PyQt6"]\n    node_venv_lib_python3_12_site-packages_PyQt6 --> node_venv_lib_python3_12_site-packages_PyQt6_Qt6["Qt6"]\n    node_venv_lib_python3_12_site-packages_PyQt6_Qt6 --> node_venv_lib_python3_12_site-packages_PyQt6_Qt6_lib["lib"]\n    node_venv_lib_python3_12_site-packages_PyQt6_Qt6_lib --> node_venv_lib_python3_12_site-packages_PyQt6_Qt6_lib_QtQuick3DPhysics_framework["QtQuick3DPhysics.framework"]\n    node_venv_lib_python3_12_site-packages_PyQt6_Qt6_lib_QtQuick3DPhysics_framework --> node_venv_lib_python3_12_site-packages_PyQt6_Qt6_lib_QtQuick3DPhysics_framework_Resources["Resources"]\n    node_venv_lib_python3_12_site-packages_PyQt6_Qt6_lib_QtQuick3DPhysics_framework_Resources --> node_venv_lib_python3_12_site-packages_PyQt6_Qt6_lib_QtQuick3DPhysics_framework_Resources_PrivacyInfo_xcprivacy["PrivacyInfo.xcprivacy"]\n    Root --> node_venv["venv"]\n    node_venv --> node_venv_lib["lib"]\n    node_venv_lib --> node_venv_lib_python3_12["python3.12"]\n    node_venv_lib_python3_12 --> node_venv_lib_python3_12_site-packages["site-packages"]\n    node_venv_lib_python3_12_site-packages --> node_venv_lib_python3_12_site-packages_PyQt6["PyQt6"]\n    node_venv_lib_python3_12_site-packages_PyQt6 --> node_venv_lib_python3_12_site-packages_PyQt6_Qt6["Qt6"]\n    node_venv_lib_python3_12_site-packages_PyQt6_Qt6 --> node_venv_lib_python3_12_site-packages_PyQt6_Qt6_lib["lib"]\n    node_venv_lib_python3_12_site-packages_PyQt6_Qt6_lib --> node_venv_lib_python3_12_site-packages_PyQt6_Qt6_lib_QtQuick3DPhysics_framework["QtQuick3DPhysics.framework"]\n    node_venv_lib_python3_12_site-packages_PyQt6_Qt6_lib_QtQuick3DPhysics_framework --> node_venv_lib_python3_12_site-packages_PyQt6_Qt6_lib_QtQuick3DPhysics_framework_Versions["Versions"]\n    node_venv_lib_python3_12_site-packages_PyQt6_Qt6_lib_QtQuick3DPhysics_framework_Versions --> node_venv_lib_python3_12_site-packages_PyQt6_Qt6_lib_QtQuick3DPhysics_framework_Versions_A["A"]\n    node_venv_lib_python3_12_site-packages_PyQt6_Qt6_lib_QtQuick3DPhysics_framework_Versions_A --> node_venv_lib_python3_12_site-packages_PyQt6_Qt6_lib_QtQuick3DPhysics_framework_Versions_A_QtQuick3DPhysics["QtQuick3DPhysics"]\n    Root --> node_venv["venv"]\n    node_venv --> node_venv_lib["lib"]\n    node_venv_lib --> node_venv_lib_python3_12["python3.12"]\n    node_venv_lib_python3_12 --> node_venv_lib_python3_12_site-packages["site-packages"]\n    node_venv_lib_python3_12_site-packages --> node_venv_lib_python3_12_site-packages_PyQt6["PyQt6"]\n    node_venv_lib_python3_12_site-packages_PyQt6 --> node_venv_lib_python3_12_site-packages_PyQt6_Qt6["Qt6"]\n    node_venv_lib_python3_12_site-packages_PyQt6_Qt6 --> node_venv_lib_python3_12_site-packages_PyQt6_Qt6_lib["lib"]\n    node_venv_lib_python3_12_site-packages_PyQt6_Qt6_lib --> node_venv_lib_python3_12_site-packages_PyQt6_Qt6_lib_QtRemoteObjectsQml_framework["QtRemoteObjectsQml.framework"]\n    node_venv_lib_python3_12_site-packages_PyQt6_Qt6_lib_QtRemoteObjectsQml_framework --> node_venv_lib_python3_12_site-packages_PyQt6_Qt6_lib_QtRemoteObjectsQml_framework_Resources["Resources"]\n    node_venv_lib_python3_12_site-packages_PyQt6_Qt6_lib_QtRemoteObjectsQml_framework_Resources --> node_venv_lib_python3_12_site-packages_PyQt6_Qt6_lib_QtRemoteObjectsQml_framework_Resources_Info_plist["Info.plist"]\n    Root --> node_venv["venv"]\n    node_venv --> node_venv_lib["lib"]\n    node_venv_lib --> node_venv_lib_python3_12["python3.12"]\n    node_venv_lib_python3_12 --> node_venv_lib_python3_12_site-packages["site-packages"]\n    node_venv_lib_python3_12_site-packages --> node_venv_lib_python3_12_site-packages_PyQt6["PyQt6"]\n    node_venv_lib_python3_12_site-packages_PyQt6 --> node_venv_lib_python3_12_site-packages_PyQt6_Qt6["Qt6"]\n    node_venv_lib_python3_12_site-packages_PyQt6_Qt6 --> node_venv_lib_python3_12_site-packages_PyQt6_Qt6_lib["lib"]\n    node_venv_lib_python3_12_site-packages_PyQt6_Qt6_lib --> node_venv_lib_python3_12_site-packages_PyQt6_Qt6_lib_QtRemoteObjectsQml_framework["QtRemoteObjectsQml.framework"]\n    node_venv_lib_python3_12_site-packages_PyQt6_Qt6_lib_QtRemoteObjectsQml_framework --> node_venv_lib_python3_12_site-packages_PyQt6_Qt6_lib_QtRemoteObjectsQml_framework_Resources["Resources"]\n    node_venv_lib_python3_12_site-packages_PyQt6_Qt6_lib_QtRemoteObjectsQml_framework_Resources --> node_venv_lib_python3_12_site-packages_PyQt6_Qt6_lib_QtRemoteObjectsQml_framework_Resources_PrivacyInfo_xcprivacy["PrivacyInfo.xcprivacy"]\n    Root --> node_venv["venv"]\n    node_venv --> node_venv_lib["lib"]\n    node_venv_lib --> node_venv_lib_python3_12["python3.12"]\n    node_venv_lib_python3_12 --> node_venv_lib_python3_12_site-packages["site-packages"]\n    node_venv_lib_python3_12_site-packages --> node_venv_lib_python3_12_site-packages_PyQt6["PyQt6"]\n    node_venv_lib_python3_12_site-packages_PyQt6 --> node_venv_lib_python3_12_site-packages_PyQt6_Qt6["Qt6"]\n    node_venv_lib_python3_12_site-packages_PyQt6_Qt6 --> node_venv_lib_python3_12_site-packages_PyQt6_Qt6_lib["lib"]\n    node_venv_lib_python3_12_site-packages_PyQt6_Qt6_lib --> node_venv_lib_python3_12_site-packages_PyQt6_Qt6_lib_QtRemoteObjectsQml_framework["QtRemoteObjectsQml.framework"]\n    node_venv_lib_python3_12_site-packages_PyQt6_Qt6_lib_QtRemoteObjectsQml_framework --> node_venv_lib_python3_12_site-packages_PyQt6_Qt6_lib_QtRemoteObjectsQml_framework_Versions["Versions"]\n    node_venv_lib_python3_12_site-packages_PyQt6_Qt6_lib_QtRemoteObjectsQml_framework_Versions --> node_venv_lib_python3_12_site-packages_PyQt6_Qt6_lib_QtRemoteObjectsQml_framework_Versions_A["A"]\n    node_venv_lib_python3_12_site-packages_PyQt6_Qt6_lib_QtRemoteObjectsQml_framework_Versions_A --> node_venv_lib_python3_12_site-packages_PyQt6_Qt6_lib_QtRemoteObjectsQml_framework_Versions_A_QtRemoteObjectsQml["QtRemoteObjectsQml"]\n    Root --> node_venv["venv"]\n    node_venv --> node_venv_lib["lib"]\n    node_venv_lib --> node_venv_lib_python3_12["python3.12"]\n    node_venv_lib_python3_12 --> node_venv_lib_python3_12_site-packages["site-packages"]\n    node_venv_lib_python3_12_site-packages --> node_venv_lib_python3_12_site-packages_PyQt6["PyQt6"]\n    node_venv_lib_python3_12_site-packages_PyQt6 --> node_venv_lib_python3_12_site-packages_PyQt6_Qt6["Qt6"]\n    node_venv_lib_python3_12_site-packages_PyQt6_Qt6 --> node_venv_lib_python3_12_site-packages_PyQt6_Qt6_lib["lib"]\n    node_venv_lib_python3_12_site-packages_PyQt6_Qt6_lib --> node_venv_lib_python3_12_site-packages_PyQt6_Qt6_lib_QtSensors_framework["QtSensors.framework"]\n    node_venv_lib_python3_12_site-packages_PyQt6_Qt6_lib_QtSensors_framework --> node_venv_lib_python3_12_site-packages_PyQt6_Qt6_lib_QtSensors_framework_Resources["Resources"]\n    node_venv_lib_python3_12_site-packages_PyQt6_Qt6_lib_QtSensors_framework_Resources --> node_venv_lib_python3_12_site-packages_PyQt6_Qt6_lib_QtSensors_framework_Resources_Info_plist["Info.plist"]\n    Root --> node_venv["venv"]\n    node_venv --> node_venv_lib["lib"]\n    node_venv_lib --> node_venv_lib_python3_12["python3.12"]\n    node_venv_lib_python3_12 --> node_venv_lib_python3_12_site-packages["site-packages"]\n    node_venv_lib_python3_12_site-packages --> node_venv_lib_python3_12_site-packages_PyQt6["PyQt6"]\n    node_venv_lib_python3_12_site-packages_PyQt6 --> node_venv_lib_python3_12_site-packages_PyQt6_Qt6["Qt6"]\n    node_venv_lib_python3_12_site-packages_PyQt6_Qt6 --> node_venv_lib_python3_12_site-packages_PyQt6_Qt6_lib["lib"]\n    node_venv_lib_python3_12_site-packages_PyQt6_Qt6_lib --> node_venv_lib_python3_12_site-packages_PyQt6_Qt6_lib_QtSensors_framework["QtSensors.framework"]\n    node_venv_lib_python3_12_site-packages_PyQt6_Qt6_lib_QtSensors_framework --> node_venv_lib_python3_12_site-packages_PyQt6_Qt6_lib_QtSensors_framework_Resources["Resources"]\n    node_venv_lib_python3_12_site-packages_PyQt6_Qt6_lib_QtSensors_framework_Resources --> node_venv_lib_python3_12_site-packages_PyQt6_Qt6_lib_QtSensors_framework_Resources_PrivacyInfo_xcprivacy["PrivacyInfo.xcprivacy"]\n    Root --> node_venv["venv"]\n    node_venv --> node_venv_lib["lib"]\n    node_venv_lib --> node_venv_lib_python3_12["python3.12"]\n    node_venv_lib_python3_12 --> node_venv_lib_python3_12_site-packages["site-packages"]\n    node_venv_lib_python3_12_site-packages --> node_venv_lib_python3_12_site-packages_PyQt6["PyQt6"]\n    node_venv_lib_python3_12_site-packages_PyQt6 --> node_venv_lib_python3_12_site-packages_PyQt6_Qt6["Qt6"]\n    node_venv_lib_python3_12_site-packages_PyQt6_Qt6 --> node_venv_lib_python3_12_site-packages_PyQt6_Qt6_lib["lib"]\n    node_venv_lib_python3_12_site-packages_PyQt6_Qt6_lib --> node_venv_lib_python3_12_site-packages_PyQt6_Qt6_lib_QtSensors_framework["QtSensors.framework"]\n    node_venv_lib_python3_12_site-packages_PyQt6_Qt6_lib_QtSensors_framework --> node_venv_lib_python3_12_site-packages_PyQt6_Qt6_lib_QtSensors_framework_Versions["Versions"]\n    node_venv_lib_python3_12_site-packages_PyQt6_Qt6_lib_QtSensors_framework_Versions --> node_venv_lib_python3_12_site-packages_PyQt6_Qt6_lib_QtSensors_framework_Versions_A["A"]\n    node_venv_lib_python3_12_site-packages_PyQt6_Qt6_lib_QtSensors_framework_Versions_A --> node_venv_lib_python3_12_site-packages_PyQt6_Qt6_lib_QtSensors_framework_Versions_A_QtSensors["QtSensors"]\n    Root --> node_venv["venv"]\n    node_venv --> node_venv_lib["lib"]\n    node_venv_lib --> node_venv_lib_python3_12["python3.12"]\n    node_venv_lib_python3_12 --> node_venv_lib_python3_12_site-packages["site-packages"]\n    node_venv_lib_python3_12_site-packages --> node_venv_lib_python3_12_site-packages_PyQt6["PyQt6"]\n    node_venv_lib_python3_12_site-packages_PyQt6 --> node_venv_lib_python3_12_site-packages_PyQt6_Qt6["Qt6"]\n    node_venv_lib_python3_12_site-packages_PyQt6_Qt6 --> node_venv_lib_python3_12_site-packages_PyQt6_Qt6_lib["lib"]\n    node_venv_lib_python3_12_site-packages_PyQt6_Qt6_lib --> node_venv_lib_python3_12_site-packages_PyQt6_Qt6_lib_QtQuick3DHelpers_framework["QtQuick3DHelpers.framework"]\n    node_venv_lib_python3_12_site-packages_PyQt6_Qt6_lib_QtQuick3DHelpers_framework --> node_venv_lib_python3_12_site-packages_PyQt6_Qt6_lib_QtQuick3DHelpers_framework_Resources["Resources"]\n    node_venv_lib_python3_12_site-packages_PyQt6_Qt6_lib_QtQuick3DHelpers_framework_Resources --> node_venv_lib_python3_12_site-packages_PyQt6_Qt6_lib_QtQuick3DHelpers_framework_Resources_Info_plist["Info.plist"]\n    Root --> node_venv["venv"]\n    node_venv --> node_venv_lib["lib"]\n    node_venv_lib --> node_venv_lib_python3_12["python3.12"]\n    node_venv_lib_python3_12 --> node_venv_lib_python3_12_site-packages["site-packages"]\n    node_venv_lib_python3_12_site-packages --> node_venv_lib_python3_12_site-packages_PyQt6["PyQt6"]\n    node_venv_lib_python3_12_site-packages_PyQt6 --> node_venv_lib_python3_12_site-packages_PyQt6_Qt6["Qt6"]\n    node_venv_lib_python3_12_site-packages_PyQt6_Qt6 --> node_venv_lib_python3_12_site-packages_PyQt6_Qt6_lib["lib"]\n    node_venv_lib_python3_12_site-packages_PyQt6_Qt6_lib --> node_venv_lib_python3_12_site-packages_PyQt6_Qt6_lib_QtQuick3DHelpers_framework["QtQuick3DHelpers.framework"]\n    node_venv_lib_python3_12_site-packages_PyQt6_Qt6_lib_QtQuick3DHelpers_framework --> node_venv_lib_python3_12_site-packages_PyQt6_Qt6_lib_QtQuick3DHelpers_framework_Resources["Resources"]\n    node_venv_lib_python3_12_site-packages_PyQt6_Qt6_lib_QtQuick3DHelpers_framework_Resources --> node_venv_lib_python3_12_site-packages_PyQt6_Qt6_lib_QtQuick3DHelpers_framework_Resources_PrivacyInfo_xcprivacy["PrivacyInfo.xcprivacy"]\n    Root --> node_venv["venv"]\n    node_venv --> node_venv_lib["lib"]\n    node_venv_lib --> node_venv_lib_python3_12["python3.12"]\n    node_venv_lib_python3_12 --> node_venv_lib_python3_12_site-packages["site-packages"]\n    node_venv_lib_python3_12_site-packages --> node_venv_lib_python3_12_site-packages_PyQt6["PyQt6"]\n    node_venv_lib_python3_12_site-packages_PyQt6 --> node_venv_lib_python3_12_site-packages_PyQt6_Qt6["Qt6"]\n    node_venv_lib_python3_12_site-packages_PyQt6_Qt6 --> node_venv_lib_python3_12_site-packages_PyQt6_Qt6_lib["lib"]\n    node_venv_lib_python3_12_site-packages_PyQt6_Qt6_lib --> node_venv_lib_python3_12_site-packages_PyQt6_Qt6_lib_QtQuick3DHelpers_framework["QtQuick3DHelpers.framework"]\n    node_venv_lib_python3_12_site-packages_PyQt6_Qt6_lib_QtQuick3DHelpers_framework --> node_venv_lib_python3_12_site-packages_PyQt6_Qt6_lib_QtQuick3DHelpers_framework_Versions["Versions"]\n    node_venv_lib_python3_12_site-packages_PyQt6_Qt6_lib_QtQuick3DHelpers_framework_Versions --> node_venv_lib_python3_12_site-packages_PyQt6_Qt6_lib_QtQuick3DHelpers_framework_Versions_A["A"]\n    node_venv_lib_python3_12_site-packages_PyQt6_Qt6_lib_QtQuick3DHelpers_framework_Versions_A --> node_venv_lib_python3_12_site-packages_PyQt6_Qt6_lib_QtQuick3DHelpers_framework_Versions_A_QtQuick3DHelpers["QtQuick3DHelpers"]\n    Root --> node_venv["venv"]\n    node_venv --> node_venv_lib["lib"]\n    node_venv_lib --> node_venv_lib_python3_12["python3.12"]\n    node_venv_lib_python3_12 --> node_venv_lib_python3_12_site-packages["site-packages"]\n    node_venv_lib_python3_12_site-packages --> node_venv_lib_python3_12_site-packages_PyQt6["PyQt6"]\n    node_venv_lib_python3_12_site-packages_PyQt6 --> node_venv_lib_python3_12_site-packages_PyQt6_Qt6["Qt6"]\n    node_venv_lib_python3_12_site-packages_PyQt6_Qt6 --> node_venv_lib_python3_12_site-packages_PyQt6_Qt6_lib["lib"]\n    node_venv_lib_python3_12_site-packages_PyQt6_Qt6_lib --> node_venv_lib_python3_12_site-packages_PyQt6_Qt6_lib_QtQuickDialogs2_framework["QtQuickDialogs2.framework"]\n    node_venv_lib_python3_12_site-packages_PyQt6_Qt6_lib_QtQuickDialogs2_framework --> node_venv_lib_python3_12_site-packages_PyQt6_Qt6_lib_QtQuickDialogs2_framework_Resources["Resources"]\n    node_venv_lib_python3_12_site-packages_PyQt6_Qt6_lib_QtQuickDialogs2_framework_Resources --> node_venv_lib_python3_12_site-packages_PyQt6_Qt6_lib_QtQuickDialogs2_framework_Resources_Info_plist["Info.plist"]\n    Root --> node_venv["venv"]\n    node_venv --> node_venv_lib["lib"]\n    node_venv_lib --> node_venv_lib_python3_12["python3.12"]\n    node_venv_lib_python3_12 --> node_venv_lib_python3_12_site-packages["site-packages"]\n    node_venv_lib_python3_12_site-packages --> node_venv_lib_python3_12_site-packages_PyQt6["PyQt6"]\n    node_venv_lib_python3_12_site-packages_PyQt6 --> node_venv_lib_python3_12_site-packages_PyQt6_Qt6["Qt6"]\n    node_venv_lib_python3_12_site-packages_PyQt6_Qt6 --> node_venv_lib_python3_12_site-packages_PyQt6_Qt6_lib["lib"]\n    node_venv_lib_python3_12_site-packages_PyQt6_Qt6_lib --> node_venv_lib_python3_12_site-packages_PyQt6_Qt6_lib_QtQuickDialogs2_framework["QtQuickDialogs2.framework"]\n    node_venv_lib_python3_12_site-packages_PyQt6_Qt6_lib_QtQuickDialogs2_framework --> node_venv_lib_python3_12_site-packages_PyQt6_Qt6_lib_QtQuickDialogs2_framework_Resources["Resources"]\n    node_venv_lib_python3_12_site-packages_PyQt6_Qt6_lib_QtQuickDialogs2_framework_Resources --> node_venv_lib_python3_12_site-packages_PyQt6_Qt6_lib_QtQuickDialogs2_framework_Resources_PrivacyInfo_xcprivacy["PrivacyInfo.xcprivacy"]\n    Root --> node_venv["venv"]\n    node_venv --> node_venv_lib["lib"]\n    node_venv_lib --> node_venv_lib_python3_12["python3.12"]\n    node_venv_lib_python3_12 --> node_venv_lib_python3_12_site-packages["site-packages"]\n    node_venv_lib_python3_12_site-packages --> node_venv_lib_python3_12_site-packages_PyQt6["PyQt6"]\n    node_venv_lib_python3_12_site-packages_PyQt6 --> node_venv_lib_python3_12_site-packages_PyQt6_Qt6["Qt6"]\n    node_venv_lib_python3_12_site-packages_PyQt6_Qt6 --> node_venv_lib_python3_12_site-packages_PyQt6_Qt6_lib["lib"]\n    node_venv_lib_python3_12_site-packages_PyQt6_Qt6_lib --> node_venv_lib_python3_12_site-packages_PyQt6_Qt6_lib_QtQuickDialogs2_framework["QtQuickDialogs2.framework"]\n    node_venv_lib_python3_12_site-packages_PyQt6_Qt6_lib_QtQuickDialogs2_framework --> node_venv_lib_python3_12_site-packages_PyQt6_Qt6_lib_QtQuickDialogs2_framework_Versions["Versions"]\n    node_venv_lib_python3_12_site-packages_PyQt6_Qt6_lib_QtQuickDialogs2_framework_Versions --> node_venv_lib_python3_12_site-packages_PyQt6_Qt6_lib_QtQuickDialogs2_framework_Versions_A["A"]\n    node_venv_lib_python3_12_site-packages_PyQt6_Qt6_lib_QtQuickDialogs2_framework_Versions_A --> node_venv_lib_python3_12_site-packages_PyQt6_Qt6_lib_QtQuickDialogs2_framework_Versions_A_QtQuickDialogs2["QtQuickDialogs2"]\n    Root --> node_venv["venv"]\n    node_venv --> node_venv_lib["lib"]\n    node_venv_lib --> node_venv_lib_python3_12["python3.12"]\n    node_venv_lib_python3_12 --> node_venv_lib_python3_12_site-packages["site-packages"]\n    node_venv_lib_python3_12_site-packages --> node_venv_lib_python3_12_site-packages_PyQt6["PyQt6"]\n    node_venv_lib_python3_12_site-packages_PyQt6 --> node_venv_lib_python3_12_site-packages_PyQt6_Qt6["Qt6"]\n    node_venv_lib_python3_12_site-packages_PyQt6_Qt6 --> node_venv_lib_python3_12_site-packages_PyQt6_Qt6_lib["lib"]\n    node_venv_lib_python3_12_site-packages_PyQt6_Qt6_lib --> node_venv_lib_python3_12_site-packages_PyQt6_Qt6_lib_QtLabsWavefrontMesh_framework["QtLabsWavefrontMesh.framework"]\n    node_venv_lib_python3_12_site-packages_PyQt6_Qt6_lib_QtLabsWavefrontMesh_framework --> node_venv_lib_python3_12_site-packages_PyQt6_Qt6_lib_QtLabsWavefrontMesh_framework_Resources["Resources"]\n    node_venv_lib_python3_12_site-packages_PyQt6_Qt6_lib_QtLabsWavefrontMesh_framework_Resources --> node_venv_lib_python3_12_site-packages_PyQt6_Qt6_lib_QtLabsWavefrontMesh_framework_Resources_Info_plist["Info.plist"]\n    Root --> node_venv["venv"]\n    node_venv --> node_venv_lib["lib"]\n    node_venv_lib --> node_venv_lib_python3_12["python3.12"]\n    node_venv_lib_python3_12 --> node_venv_lib_python3_12_site-packages["site-packages"]\n    node_venv_lib_python3_12_site-packages --> node_venv_lib_python3_12_site-packages_PyQt6["PyQt6"]\n    node_venv_lib_python3_12_site-packages_PyQt6 --> node_venv_lib_python3_12_site-packages_PyQt6_Qt6["Qt6"]\n    node_venv_lib_python3_12_site-packages_PyQt6_Qt6 --> node_venv_lib_python3_12_site-packages_PyQt6_Qt6_lib["lib"]\n    node_venv_lib_python3_12_site-packages_PyQt6_Qt6_lib --> node_venv_lib_python3_12_site-packages_PyQt6_Qt6_lib_QtLabsWavefrontMesh_framework["QtLabsWavefrontMesh.framework"]\n    node_venv_lib_python3_12_site-packages_PyQt6_Qt6_lib_QtLabsWavefrontMesh_framework --> node_venv_lib_python3_12_site-packages_PyQt6_Qt6_lib_QtLabsWavefrontMesh_framework_Resources["Resources"]\n    node_venv_lib_python3_12_site-packages_PyQt6_Qt6_lib_QtLabsWavefrontMesh_framework_Resources --> node_venv_lib_python3_12_site-packages_PyQt6_Qt6_lib_QtLabsWavefrontMesh_framework_Resources_PrivacyInfo_xcprivacy["PrivacyInfo.xcprivacy"]\n    Root --> node_venv["venv"]\n    node_venv --> node_venv_lib["lib"]\n    node_venv_lib --> node_venv_lib_python3_12["python3.12"]\n    node_venv_lib_python3_12 --> node_venv_lib_python3_12_site-packages["site-packages"]\n    node_venv_lib_python3_12_site-packages --> node_venv_lib_python3_12_site-packages_PyQt6["PyQt6"]\n    node_venv_lib_python3_12_site-packages_PyQt6 --> node_venv_lib_python3_12_site-packages_PyQt6_Qt6["Qt6"]\n    node_venv_lib_python3_12_site-packages_PyQt6_Qt6 --> node_venv_lib_python3_12_site-packages_PyQt6_Qt6_lib["lib"]\n    node_venv_lib_python3_12_site-packages_PyQt6_Qt6_lib --> node_venv_lib_python3_12_site-packages_PyQt6_Qt6_lib_QtLabsWavefrontMesh_framework["QtLabsWavefrontMesh.framework"]\n    node_venv_lib_python3_12_site-packages_PyQt6_Qt6_lib_QtLabsWavefrontMesh_framework --> node_venv_lib_python3_12_site-packages_PyQt6_Qt6_lib_QtLabsWavefrontMesh_framework_Versions["Versions"]\n    node_venv_lib_python3_12_site-packages_PyQt6_Qt6_lib_QtLabsWavefrontMesh_framework_Versions --> node_venv_lib_python3_12_site-packages_PyQt6_Qt6_lib_QtLabsWavefrontMesh_framework_Versions_A["A"]\n    node_venv_lib_python3_12_site-packages_PyQt6_Qt6_lib_QtLabsWavefrontMesh_framework_Versions_A --> node_venv_lib_python3_12_site-packages_PyQt6_Qt6_lib_QtLabsWavefrontMesh_framework_Versions_A_QtLabsWavefrontMesh["QtLabsWavefrontMesh"]\n    Root --> node_venv["venv"]\n    node_venv --> node_venv_lib["lib"]\n    node_venv_lib --> node_venv_lib_python3_12["python3.12"]\n    node_venv_lib_python3_12 --> node_venv_lib_python3_12_site-packages["site-packages"]\n    node_venv_lib_python3_12_site-packages --> node_venv_lib_python3_12_site-packages_PyQt6["PyQt6"]\n    node_venv_lib_python3_12_site-packages_PyQt6 --> node_venv_lib_python3_12_site-packages_PyQt6_Qt6["Qt6"]\n    node_venv_lib_python3_12_site-packages_PyQt6_Qt6 --> node_venv_lib_python3_12_site-packages_PyQt6_Qt6_lib["lib"]\n    node_venv_lib_python3_12_site-packages_PyQt6_Qt6_lib --> node_venv_lib_python3_12_site-packages_PyQt6_Qt6_lib_QtTextToSpeech_framework["QtTextToSpeech.framework"]\n    node_venv_lib_python3_12_site-packages_PyQt6_Qt6_lib_QtTextToSpeech_framework --> node_venv_lib_python3_12_site-packages_PyQt6_Qt6_lib_QtTextToSpeech_framework_Resources["Resources"]\n    node_venv_lib_python3_12_site-packages_PyQt6_Qt6_lib_QtTextToSpeech_framework_Resources --> node_venv_lib_python3_12_site-packages_PyQt6_Qt6_lib_QtTextToSpeech_framework_Resources_Info_plist["Info.plist"]\n    Root --> node_venv["venv"]\n    node_venv --> node_venv_lib["lib"]\n    node_venv_lib --> node_venv_lib_python3_12["python3.12"]\n    node_venv_lib_python3_12 --> node_venv_lib_python3_12_site-packages["site-packages"]\n    node_venv_lib_python3_12_site-packages --> node_venv_lib_python3_12_site-packages_PyQt6["PyQt6"]\n    node_venv_lib_python3_12_site-packages_PyQt6 --> node_venv_lib_python3_12_site-packages_PyQt6_Qt6["Qt6"]\n    node_venv_lib_python3_12_site-packages_PyQt6_Qt6 --> node_venv_lib_python3_12_site-packages_PyQt6_Qt6_lib["lib"]\n    node_venv_lib_python3_12_site-packages_PyQt6_Qt6_lib --> node_venv_lib_python3_12_site-packages_PyQt6_Qt6_lib_QtTextToSpeech_framework["QtTextToSpeech.framework"]\n    node_venv_lib_python3_12_site-packages_PyQt6_Qt6_lib_QtTextToSpeech_framework --> node_venv_lib_python3_12_site-packages_PyQt6_Qt6_lib_QtTextToSpeech_framework_Resources["Resources"]\n    node_venv_lib_python3_12_site-packages_PyQt6_Qt6_lib_QtTextToSpeech_framework_Resources --> node_venv_lib_python3_12_site-packages_PyQt6_Qt6_lib_QtTextToSpeech_framework_Resources_PrivacyInfo_xcprivacy["PrivacyInfo.xcprivacy"]\n    Root --> node_venv["venv"]\n    node_venv --> node_venv_lib["lib"]\n    node_venv_lib --> node_venv_lib_python3_12["python3.12"]\n    node_venv_lib_python3_12 --> node_venv_lib_python3_12_site-packages["site-packages"]\n    node_venv_lib_python3_12_site-packages --> node_venv_lib_python3_12_site-packages_PyQt6["PyQt6"]\n    node_venv_lib_python3_12_site-packages_PyQt6 --> node_venv_lib_python3_12_site-packages_PyQt6_Qt6["Qt6"]\n    node_venv_lib_python3_12_site-packages_PyQt6_Qt6 --> node_venv_lib_python3_12_site-packages_PyQt6_Qt6_lib["lib"]\n    node_venv_lib_python3_12_site-packages_PyQt6_Qt6_lib --> node_venv_lib_python3_12_site-packages_PyQt6_Qt6_lib_QtTextToSpeech_framework["QtTextToSpeech.framework"]\n    node_venv_lib_python3_12_site-packages_PyQt6_Qt6_lib_QtTextToSpeech_framework --> node_venv_lib_python3_12_site-packages_PyQt6_Qt6_lib_QtTextToSpeech_framework_Versions["Versions"]\n    node_venv_lib_python3_12_site-packages_PyQt6_Qt6_lib_QtTextToSpeech_framework_Versions --> node_venv_lib_python3_12_site-packages_PyQt6_Qt6_lib_QtTextToSpeech_framework_Versions_A["A"]\n    node_venv_lib_python3_12_site-packages_PyQt6_Qt6_lib_QtTextToSpeech_framework_Versions_A --> node_venv_lib_python3_12_site-packages_PyQt6_Qt6_lib_QtTextToSpeech_framework_Versions_A_QtTextToSpeech["QtTextToSpeech"]\n    Root --> node_venv["venv"]\n    node_venv --> node_venv_lib["lib"]\n    node_venv_lib --> node_venv_lib_python3_12["python3.12"]\n    node_venv_lib_python3_12 --> node_venv_lib_python3_12_site-packages["site-packages"]\n    node_venv_lib_python3_12_site-packages --> node_venv_lib_python3_12_site-packages_PyQt6["PyQt6"]\n    node_venv_lib_python3_12_site-packages_PyQt6 --> node_venv_lib_python3_12_site-packages_PyQt6_Qt6["Qt6"]\n    node_venv_lib_python3_12_site-packages_PyQt6_Qt6 --> node_venv_lib_python3_12_site-packages_PyQt6_Qt6_lib["lib"]\n    node_venv_lib_python3_12_site-packages_PyQt6_Qt6_lib --> node_venv_lib_python3_12_site-packages_PyQt6_Qt6_lib_QtStateMachineQml_framework["QtStateMachineQml.framework"]\n    node_venv_lib_python3_12_site-packages_PyQt6_Qt6_lib_QtStateMachineQml_framework --> node_venv_lib_python3_12_site-packages_PyQt6_Qt6_lib_QtStateMachineQml_framework_Resources["Resources"]\n    node_venv_lib_python3_12_site-packages_PyQt6_Qt6_lib_QtStateMachineQml_framework_Resources --> node_venv_lib_python3_12_site-packages_PyQt6_Qt6_lib_QtStateMachineQml_framework_Resources_Info_plist["Info.plist"]\n    Root --> node_venv["venv"]\n    node_venv --> node_venv_lib["lib"]\n    node_venv_lib --> node_venv_lib_python3_12["python3.12"]\n    node_venv_lib_python3_12 --> node_venv_lib_python3_12_site-packages["site-packages"]\n    node_venv_lib_python3_12_site-packages --> node_venv_lib_python3_12_site-packages_PyQt6["PyQt6"]\n    node_venv_lib_python3_12_site-packages_PyQt6 --> node_venv_lib_python3_12_site-packages_PyQt6_Qt6["Qt6"]\n    node_venv_lib_python3_12_site-packages_PyQt6_Qt6 --> node_venv_lib_python3_12_site-packages_PyQt6_Qt6_lib["lib"]\n    node_venv_lib_python3_12_site-packages_PyQt6_Qt6_lib --> node_venv_lib_python3_12_site-packages_PyQt6_Qt6_lib_QtStateMachineQml_framework["QtStateMachineQml.framework"]\n    node_venv_lib_python3_12_site-packages_PyQt6_Qt6_lib_QtStateMachineQml_framework --> node_venv_lib_python3_12_site-packages_PyQt6_Qt6_lib_QtStateMachineQml_framework_Resources["Resources"]\n    node_venv_lib_python3_12_site-packages_PyQt6_Qt6_lib_QtStateMachineQml_framework_Resources --> node_venv_lib_python3_12_site-packages_PyQt6_Qt6_lib_QtStateMachineQml_framework_Resources_PrivacyInfo_xcprivacy["PrivacyInfo.xcprivacy"]\n    Root --> node_venv["venv"]\n    node_venv --> node_venv_lib["lib"]\n    node_venv_lib --> node_venv_lib_python3_12["python3.12"]\n    node_venv_lib_python3_12 --> node_venv_lib_python3_12_site-packages["site-packages"]\n    node_venv_lib_python3_12_site-packages --> node_venv_lib_python3_12_site-packages_PyQt6["PyQt6"]\n    node_venv_lib_python3_12_site-packages_PyQt6 --> node_venv_lib_python3_12_site-packages_PyQt6_Qt6["Qt6"]\n    node_venv_lib_python3_12_site-packages_PyQt6_Qt6 --> node_venv_lib_python3_12_site-packages_PyQt6_Qt6_lib["lib"]\n    node_venv_lib_python3_12_site-packages_PyQt6_Qt6_lib --> node_venv_lib_python3_12_site-packages_PyQt6_Qt6_lib_QtStateMachineQml_framework["QtStateMachineQml.framework"]\n    node_venv_lib_python3_12_site-packages_PyQt6_Qt6_lib_QtStateMachineQml_framework --> node_venv_lib_python3_12_site-packages_PyQt6_Qt6_lib_QtStateMachineQml_framework_Versions["Versions"]\n    node_venv_lib_python3_12_site-packages_PyQt6_Qt6_lib_QtStateMachineQml_framework_Versions --> node_venv_lib_python3_12_site-packages_PyQt6_Qt6_lib_QtStateMachineQml_framework_Versions_A["A"]\n    node_venv_lib_python3_12_site-packages_PyQt6_Qt6_lib_QtStateMachineQml_framework_Versions_A --> node_venv_lib_python3_12_site-packages_PyQt6_Qt6_lib_QtStateMachineQml_framework_Versions_A_QtStateMachineQml["QtStateMachineQml"]\n    Root --> node_venv["venv"]\n    node_venv --> node_venv_lib["lib"]\n    node_venv_lib --> node_venv_lib_python3_12["python3.12"]\n    node_venv_lib_python3_12 --> node_venv_lib_python3_12_site-packages["site-packages"]\n    node_venv_lib_python3_12_site-packages --> node_venv_lib_python3_12_site-packages_PyQt6["PyQt6"]\n    node_venv_lib_python3_12_site-packages_PyQt6 --> node_venv_lib_python3_12_site-packages_PyQt6_Qt6["Qt6"]\n    node_venv_lib_python3_12_site-packages_PyQt6_Qt6 --> node_venv_lib_python3_12_site-packages_PyQt6_Qt6_lib["lib"]\n    node_venv_lib_python3_12_site-packages_PyQt6_Qt6_lib --> node_venv_lib_python3_12_site-packages_PyQt6_Qt6_lib_QtSql_framework["QtSql.framework"]\n    node_venv_lib_python3_12_site-packages_PyQt6_Qt6_lib_QtSql_framework --> node_venv_lib_python3_12_site-packages_PyQt6_Qt6_lib_QtSql_framework_Resources["Resources"]\n    node_venv_lib_python3_12_site-packages_PyQt6_Qt6_lib_QtSql_framework_Resources --> node_venv_lib_python3_12_site-packages_PyQt6_Qt6_lib_QtSql_framework_Resources_Info_plist["Info.plist"]\n    Root --> node_venv["venv"]\n    node_venv --> node_venv_lib["lib"]\n    node_venv_lib --> node_venv_lib_python3_12["python3.12"]\n    node_venv_lib_python3_12 --> node_venv_lib_python3_12_site-packages["site-packages"]\n    node_venv_lib_python3_12_site-packages --> node_venv_lib_python3_12_site-packages_PyQt6["PyQt6"]\n    node_venv_lib_python3_12_site-packages_PyQt6 --> node_venv_lib_python3_12_site-packages_PyQt6_Qt6["Qt6"]\n    node_venv_lib_python3_12_site-packages_PyQt6_Qt6 --> node_venv_lib_python3_12_site-packages_PyQt6_Qt6_lib["lib"]\n    node_venv_lib_python3_12_site-packages_PyQt6_Qt6_lib --> node_venv_lib_python3_12_site-packages_PyQt6_Qt6_lib_QtSql_framework["QtSql.framework"]\n    node_venv_lib_python3_12_site-packages_PyQt6_Qt6_lib_QtSql_framework --> node_venv_lib_python3_12_site-packages_PyQt6_Qt6_lib_QtSql_framework_Resources["Resources"]\n    node_venv_lib_python3_12_site-packages_PyQt6_Qt6_lib_QtSql_framework_Resources --> node_venv_lib_python3_12_site-packages_PyQt6_Qt6_lib_QtSql_framework_Resources_PrivacyInfo_xcprivacy["PrivacyInfo.xcprivacy"]\n    Root --> node_venv["venv"]\n    node_venv --> node_venv_lib["lib"]\n    node_venv_lib --> node_venv_lib_python3_12["python3.12"]\n    node_venv_lib_python3_12 --> node_venv_lib_python3_12_site-packages["site-packages"]\n    node_venv_lib_python3_12_site-packages --> node_venv_lib_python3_12_site-packages_PyQt6["PyQt6"]\n    node_venv_lib_python3_12_site-packages_PyQt6 --> node_venv_lib_python3_12_site-packages_PyQt6_Qt6["Qt6"]\n    node_venv_lib_python3_12_site-packages_PyQt6_Qt6 --> node_venv_lib_python3_12_site-packages_PyQt6_Qt6_lib["lib"]\n    node_venv_lib_python3_12_site-packages_PyQt6_Qt6_lib --> node_venv_lib_python3_12_site-packages_PyQt6_Qt6_lib_QtSql_framework["QtSql.framework"]\n    node_venv_lib_python3_12_site-packages_PyQt6_Qt6_lib_QtSql_framework --> node_venv_lib_python3_12_site-packages_PyQt6_Qt6_lib_QtSql_framework_Versions["Versions"]\n    node_venv_lib_python3_12_site-packages_PyQt6_Qt6_lib_QtSql_framework_Versions --> node_venv_lib_python3_12_site-packages_PyQt6_Qt6_lib_QtSql_framework_Versions_A["A"]\n    node_venv_lib_python3_12_site-packages_PyQt6_Qt6_lib_QtSql_framework_Versions_A --> node_venv_lib_python3_12_site-packages_PyQt6_Qt6_lib_QtSql_framework_Versions_A_QtSql["QtSql"]\n    Root --> node_venv["venv"]\n    node_venv --> node_venv_lib["lib"]\n    node_venv_lib --> node_venv_lib_python3_12["python3.12"]\n    node_venv_lib_python3_12 --> node_venv_lib_python3_12_site-packages["site-packages"]\n    node_venv_lib_python3_12_site-packages --> node_venv_lib_python3_12_site-packages_PyQt6["PyQt6"]\n    node_venv_lib_python3_12_site-packages_PyQt6 --> node_venv_lib_python3_12_site-packages_PyQt6_Qt6["Qt6"]\n    node_venv_lib_python3_12_site-packages_PyQt6_Qt6 --> node_venv_lib_python3_12_site-packages_PyQt6_Qt6_lib["lib"]\n    node_venv_lib_python3_12_site-packages_PyQt6_Qt6_lib --> node_venv_lib_python3_12_site-packages_PyQt6_Qt6_lib_QtConcurrent_framework["QtConcurrent.framework"]\n    node_venv_lib_python3_12_site-packages_PyQt6_Qt6_lib_QtConcurrent_framework --> node_venv_lib_python3_12_site-packages_PyQt6_Qt6_lib_QtConcurrent_framework_Resources["Resources"]\n    node_venv_lib_python3_12_site-packages_PyQt6_Qt6_lib_QtConcurrent_framework_Resources --> node_venv_lib_python3_12_site-packages_PyQt6_Qt6_lib_QtConcurrent_framework_Resources_Info_plist["Info.plist"]\n    Root --> node_venv["venv"]\n    node_venv --> node_venv_lib["lib"]\n    node_venv_lib --> node_venv_lib_python3_12["python3.12"]\n    node_venv_lib_python3_12 --> node_venv_lib_python3_12_site-packages["site-packages"]\n    node_venv_lib_python3_12_site-packages --> node_venv_lib_python3_12_site-packages_PyQt6["PyQt6"]\n    node_venv_lib_python3_12_site-packages_PyQt6 --> node_venv_lib_python3_12_site-packages_PyQt6_Qt6["Qt6"]\n    node_venv_lib_python3_12_site-packages_PyQt6_Qt6 --> node_venv_lib_python3_12_site-packages_PyQt6_Qt6_lib["lib"]\n    node_venv_lib_python3_12_site-packages_PyQt6_Qt6_lib --> node_venv_lib_python3_12_site-packages_PyQt6_Qt6_lib_QtConcurrent_framework["QtConcurrent.framework"]\n    node_venv_lib_python3_12_site-packages_PyQt6_Qt6_lib_QtConcurrent_framework --> node_venv_lib_python3_12_site-packages_PyQt6_Qt6_lib_QtConcurrent_framework_Resources["Resources"]\n    node_venv_lib_python3_12_site-packages_PyQt6_Qt6_lib_QtConcurrent_framework_Resources --> node_venv_lib_python3_12_site-packages_PyQt6_Qt6_lib_QtConcurrent_framework_Resources_PrivacyInfo_xcprivacy["PrivacyInfo.xcprivacy"]\n    Root --> node_venv["venv"]\n    node_venv --> node_venv_lib["lib"]\n    node_venv_lib --> node_venv_lib_python3_12["python3.12"]\n    node_venv_lib_python3_12 --> node_venv_lib_python3_12_site-packages["site-packages"]\n    node_venv_lib_python3_12_site-packages --> node_venv_lib_python3_12_site-packages_PyQt6["PyQt6"]\n    node_venv_lib_python3_12_site-packages_PyQt6 --> node_venv_lib_python3_12_site-packages_PyQt6_Qt6["Qt6"]\n    node_venv_lib_python3_12_site-packages_PyQt6_Qt6 --> node_venv_lib_python3_12_site-packages_PyQt6_Qt6_lib["lib"]\n    node_venv_lib_python3_12_site-packages_PyQt6_Qt6_lib --> node_venv_lib_python3_12_site-packages_PyQt6_Qt6_lib_QtConcurrent_framework["QtConcurrent.framework"]\n    node_venv_lib_python3_12_site-packages_PyQt6_Qt6_lib_QtConcurrent_framework --> node_venv_lib_python3_12_site-packages_PyQt6_Qt6_lib_QtConcurrent_framework_Versions["Versions"]\n    node_venv_lib_python3_12_site-packages_PyQt6_Qt6_lib_QtConcurrent_framework_Versions --> node_venv_lib_python3_12_site-packages_PyQt6_Qt6_lib_QtConcurrent_framework_Versions_A["A"]\n    node_venv_lib_python3_12_site-packages_PyQt6_Qt6_lib_QtConcurrent_framework_Versions_A --> node_venv_lib_python3_12_site-packages_PyQt6_Qt6_lib_QtConcurrent_framework_Versions_A_QtConcurrent["QtConcurrent"]\n    Root --> node_venv["venv"]\n    node_venv --> node_venv_lib["lib"]\n    node_venv_lib --> node_venv_lib_python3_12["python3.12"]\n    node_venv_lib_python3_12 --> node_venv_lib_python3_12_site-packages["site-packages"]\n    node_venv_lib_python3_12_site-packages --> node_venv_lib_python3_12_site-packages_PyQt6["PyQt6"]\n    node_venv_lib_python3_12_site-packages_PyQt6 --> node_venv_lib_python3_12_site-packages_PyQt6_Qt6["Qt6"]\n    node_venv_lib_python3_12_site-packages_PyQt6_Qt6 --> node_venv_lib_python3_12_site-packages_PyQt6_Qt6_qsci["qsci"]\n    node_venv_lib_python3_12_site-packages_PyQt6_Qt6_qsci --> node_venv_lib_python3_12_site-packages_PyQt6_Qt6_qsci_api["api"]\n    node_venv_lib_python3_12_site-packages_PyQt6_Qt6_qsci_api --> node_venv_lib_python3_12_site-packages_PyQt6_Qt6_qsci_api_python["python"]\n    node_venv_lib_python3_12_site-packages_PyQt6_Qt6_qsci_api_python --> node_venv_lib_python3_12_site-packages_PyQt6_Qt6_qsci_api_python_PyQt6_api["PyQt6.api"]\n    Root --> node_venv["venv"]\n    node_venv --> node_venv_lib["lib"]\n    node_venv_lib --> node_venv_lib_python3_12["python3.12"]\n    node_venv_lib_python3_12 --> node_venv_lib_python3_12_site-packages["site-packages"]\n    node_venv_lib_python3_12_site-packages --> node_venv_lib_python3_12_site-packages_PyQt6["PyQt6"]\n    node_venv_lib_python3_12_site-packages_PyQt6 --> node_venv_lib_python3_12_site-packages_PyQt6_Qt6["Qt6"]\n    node_venv_lib_python3_12_site-packages_PyQt6_Qt6 --> node_venv_lib_python3_12_site-packages_PyQt6_Qt6_translations["translations"]\n    node_venv_lib_python3_12_site-packages_PyQt6_Qt6_translations --> node_venv_lib_python3_12_site-packages_PyQt6_Qt6_translations_qt_ar_qm["qt_ar.qm"]\n    Root --> node_venv["venv"]\n    node_venv --> node_venv_lib["lib"]\n    node_venv_lib --> node_venv_lib_python3_12["python3.12"]\n    node_venv_lib_python3_12 --> node_venv_lib_python3_12_site-packages["site-packages"]\n    node_venv_lib_python3_12_site-packages --> node_venv_lib_python3_12_site-packages_PyQt6["PyQt6"]\n    node_venv_lib_python3_12_site-packages_PyQt6 --> node_venv_lib_python3_12_site-packages_PyQt6_Qt6["Qt6"]\n    node_venv_lib_python3_12_site-packages_PyQt6_Qt6 --> node_venv_lib_python3_12_site-packages_PyQt6_Qt6_translations["translations"]\n    node_venv_lib_python3_12_site-packages_PyQt6_Qt6_translations --> node_venv_lib_python3_12_site-packages_PyQt6_Qt6_translations_qt_bg_qm["qt_bg.qm"]\n    Root --> node_venv["venv"]\n    node_venv --> node_venv_lib["lib"]\n    node_venv_lib --> node_venv_lib_python3_12["python3.12"]\n    node_venv_lib_python3_12 --> node_venv_lib_python3_12_site-packages["site-packages"]\n    node_venv_lib_python3_12_site-packages --> node_venv_lib_python3_12_site-packages_PyQt6["PyQt6"]\n    node_venv_lib_python3_12_site-packages_PyQt6 --> node_venv_lib_python3_12_site-packages_PyQt6_Qt6["Qt6"]\n    node_venv_lib_python3_12_site-packages_PyQt6_Qt6 --> node_venv_lib_python3_12_site-packages_PyQt6_Qt6_translations["translations"]\n    node_venv_lib_python3_12_site-packages_PyQt6_Qt6_translations --> node_venv_lib_python3_12_site-packages_PyQt6_Qt6_translations_qt_ca_qm["qt_ca.qm"]\n    Root --> node_venv["venv"]\n    node_venv --> node_venv_lib["lib"]\n    node_venv_lib --> node_venv_lib_python3_12["python3.12"]\n    node_venv_lib_python3_12 --> node_venv_lib_python3_12_site-packages["site-packages"]\n    node_venv_lib_python3_12_site-packages --> node_venv_lib_python3_12_site-packages_PyQt6["PyQt6"]\n    node_venv_lib_python3_12_site-packages_PyQt6 --> node_venv_lib_python3_12_site-packages_PyQt6_Qt6["Qt6"]\n    node_venv_lib_python3_12_site-packages_PyQt6_Qt6 --> node_venv_lib_python3_12_site-packages_PyQt6_Qt6_translations["translations"]\n    node_venv_lib_python3_12_site-packages_PyQt6_Qt6_translations --> node_venv_lib_python3_12_site-packages_PyQt6_Qt6_translations_qt_cs_qm["qt_cs.qm"]\n    Root --> node_venv["venv"]\n    node_venv --> node_venv_lib["lib"]\n    node_venv_lib --> node_venv_lib_python3_12["python3.12"]\n    node_venv_lib_python3_12 --> node_venv_lib_python3_12_site-packages["site-packages"]\n    node_venv_lib_python3_12_site-packages --> node_venv_lib_python3_12_site-packages_PyQt6["PyQt6"]\n    node_venv_lib_python3_12_site-packages_PyQt6 --> node_venv_lib_python3_12_site-packages_PyQt6_Qt6["Qt6"]\n    node_venv_lib_python3_12_site-packages_PyQt6_Qt6 --> node_venv_lib_python3_12_site-packages_PyQt6_Qt6_translations["translations"]\n    node_venv_lib_python3_12_site-packages_PyQt6_Qt6_translations --> node_venv_lib_python3_12_site-packages_PyQt6_Qt6_translations_qt_da_qm["qt_da.qm"]\n    Root --> node_venv["venv"]\n    node_venv --> node_venv_lib["lib"]\n    node_venv_lib --> node_venv_lib_python3_12["python3.12"]\n    node_venv_lib_python3_12 --> node_venv_lib_python3_12_site-packages["site-packages"]\n    node_venv_lib_python3_12_site-packages --> node_venv_lib_python3_12_site-packages_PyQt6["PyQt6"]\n    node_venv_lib_python3_12_site-packages_PyQt6 --> node_venv_lib_python3_12_site-packages_PyQt6_Qt6["Qt6"]\n    node_venv_lib_python3_12_site-packages_PyQt6_Qt6 --> node_venv_lib_python3_12_site-packages_PyQt6_Qt6_translations["translations"]\n    node_venv_lib_python3_12_site-packages_PyQt6_Qt6_translations --> node_venv_lib_python3_12_site-packages_PyQt6_Qt6_translations_qt_de_qm["qt_de.qm"]\n    Root --> node_venv["venv"]\n    node_venv --> node_venv_lib["lib"]\n    node_venv_lib --> node_venv_lib_python3_12["python3.12"]\n    node_venv_lib_python3_12 --> node_venv_lib_python3_12_site-packages["site-packages"]\n    node_venv_lib_python3_12_site-packages --> node_venv_lib_python3_12_site-packages_PyQt6["PyQt6"]\n    node_venv_lib_python3_12_site-packages_PyQt6 --> node_venv_lib_python3_12_site-packages_PyQt6_Qt6["Qt6"]\n    node_venv_lib_python3_12_site-packages_PyQt6_Qt6 --> node_venv_lib_python3_12_site-packages_PyQt6_Qt6_translations["translations"]\n    node_venv_lib_python3_12_site-packages_PyQt6_Qt6_translations --> node_venv_lib_python3_12_site-packages_PyQt6_Qt6_translations_qt_en_qm["qt_en.qm"]\n    Root --> node_venv["venv"]\n    node_venv --> node_venv_lib["lib"]\n    node_venv_lib --> node_venv_lib_python3_12["python3.12"]\n    node_venv_lib_python3_12 --> node_venv_lib_python3_12_site-packages["site-packages"]\n    node_venv_lib_python3_12_site-packages --> node_venv_lib_python3_12_site-packages_PyQt6["PyQt6"]\n    node_venv_lib_python3_12_site-packages_PyQt6 --> node_venv_lib_python3_12_site-packages_PyQt6_Qt6["Qt6"]\n    node_venv_lib_python3_12_site-packages_PyQt6_Qt6 --> node_venv_lib_python3_12_site-packages_PyQt6_Qt6_translations["translations"]\n    node_venv_lib_python3_12_site-packages_PyQt6_Qt6_translations --> node_venv_lib_python3_12_site-packages_PyQt6_Qt6_translations_qt_es_qm["qt_es.qm"]\n    Root --> node_venv["venv"]\n    node_venv --> node_venv_lib["lib"]\n    node_venv_lib --> node_venv_lib_python3_12["python3.12"]\n    node_venv_lib_python3_12 --> node_venv_lib_python3_12_site-packages["site-packages"]\n    node_venv_lib_python3_12_site-packages --> node_venv_lib_python3_12_site-packages_PyQt6["PyQt6"]\n    node_venv_lib_python3_12_site-packages_PyQt6 --> node_venv_lib_python3_12_site-packages_PyQt6_Qt6["Qt6"]\n    node_venv_lib_python3_12_site-packages_PyQt6_Qt6 --> node_venv_lib_python3_12_site-packages_PyQt6_Qt6_translations["translations"]\n    node_venv_lib_python3_12_site-packages_PyQt6_Qt6_translations --> node_venv_lib_python3_12_site-packages_PyQt6_Qt6_translations_qt_fa_qm["qt_fa.qm"]\n    Root --> node_venv["venv"]\n    node_venv --> node_venv_lib["lib"]\n    node_venv_lib --> node_venv_lib_python3_12["python3.12"]\n    node_venv_lib_python3_12 --> node_venv_lib_python3_12_site-packages["site-packages"]\n    node_venv_lib_python3_12_site-packages --> node_venv_lib_python3_12_site-packages_PyQt6["PyQt6"]\n    node_venv_lib_python3_12_site-packages_PyQt6 --> node_venv_lib_python3_12_site-packages_PyQt6_Qt6["Qt6"]\n    node_venv_lib_python3_12_site-packages_PyQt6_Qt6 --> node_venv_lib_python3_12_site-packages_PyQt6_Qt6_translations["translations"]\n    node_venv_lib_python3_12_site-packages_PyQt6_Qt6_translations --> node_venv_lib_python3_12_site-packages_PyQt6_Qt6_translations_qt_fi_qm["qt_fi.qm"]\n    Root --> node_venv["venv"]\n    node_venv --> node_venv_lib["lib"]\n    node_venv_lib --> node_venv_lib_python3_12["python3.12"]\n    node_venv_lib_python3_12 --> node_venv_lib_python3_12_site-packages["site-packages"]\n    node_venv_lib_python3_12_site-packages --> node_venv_lib_python3_12_site-packages_PyQt6["PyQt6"]\n    node_venv_lib_python3_12_site-packages_PyQt6 --> node_venv_lib_python3_12_site-packages_PyQt6_Qt6["Qt6"]\n    node_venv_lib_python3_12_site-packages_PyQt6_Qt6 --> node_venv_lib_python3_12_site-packages_PyQt6_Qt6_translations["translations"]\n    node_venv_lib_python3_12_site-packages_PyQt6_Qt6_translations --> node_venv_lib_python3_12_site-packages_PyQt6_Qt6_translations_qt_fr_qm["qt_fr.qm"]\n    Root --> node_venv["venv"]\n    node_venv --> node_venv_lib["lib"]\n    node_venv_lib --> node_venv_lib_python3_12["python3.12"]\n    node_venv_lib_python3_12 --> node_venv_lib_python3_12_site-packages["site-packages"]\n    node_venv_lib_python3_12_site-packages --> node_venv_lib_python3_12_site-packages_PyQt6["PyQt6"]\n    node_venv_lib_python3_12_site-packages_PyQt6 --> node_venv_lib_python3_12_site-packages_PyQt6_Qt6["Qt6"]\n    node_venv_lib_python3_12_site-packages_PyQt6_Qt6 --> node_venv_lib_python3_12_site-packages_PyQt6_Qt6_translations["translations"]\n    node_venv_lib_python3_12_site-packages_PyQt6_Qt6_translations --> node_venv_lib_python3_12_site-packages_PyQt6_Qt6_translations_qt_gd_qm["qt_gd.qm"]\n    Root --> node_venv["venv"]\n    node_venv --> node_venv_lib["lib"]\n    node_venv_lib --> node_venv_lib_python3_12["python3.12"]\n    node_venv_lib_python3_12 --> node_venv_lib_python3_12_site-packages["site-packages"]\n    node_venv_lib_python3_12_site-packages --> node_venv_lib_python3_12_site-packages_PyQt6["PyQt6"]\n    node_venv_lib_python3_12_site-packages_PyQt6 --> node_venv_lib_python3_12_site-packages_PyQt6_Qt6["Qt6"]\n    node_venv_lib_python3_12_site-packages_PyQt6_Qt6 --> node_venv_lib_python3_12_site-packages_PyQt6_Qt6_translations["translations"]\n    node_venv_lib_python3_12_site-packages_PyQt6_Qt6_translations --> node_venv_lib_python3_12_site-packages_PyQt6_Qt6_translations_qt_gl_qm["qt_gl.qm"]\n    Root --> node_venv["venv"]\n    node_venv --> node_venv_lib["lib"]\n    node_venv_lib --> node_venv_lib_python3_12["python3.12"]\n    node_venv_lib_python3_12 --> node_venv_lib_python3_12_site-packages["site-packages"]\n    node_venv_lib_python3_12_site-packages --> node_venv_lib_python3_12_site-packages_PyQt6["PyQt6"]\n    node_venv_lib_python3_12_site-packages_PyQt6 --> node_venv_lib_python3_12_site-packages_PyQt6_Qt6["Qt6"]\n    node_venv_lib_python3_12_site-packages_PyQt6_Qt6 --> node_venv_lib_python3_12_site-packages_PyQt6_Qt6_translations["translations"]\n    node_venv_lib_python3_12_site-packages_PyQt6_Qt6_translations --> node_venv_lib_python3_12_site-packages_PyQt6_Qt6_translations_qt_he_qm["qt_he.qm"]\n    Root --> node_venv["venv"]\n    node_venv --> node_venv_lib["lib"]\n    node_venv_lib --> node_venv_lib_python3_12["python3.12"]\n    node_venv_lib_python3_12 --> node_venv_lib_python3_12_site-packages["site-packages"]\n    node_venv_lib_python3_12_site-packages --> node_venv_lib_python3_12_site-packages_PyQt6["PyQt6"]\n    node_venv_lib_python3_12_site-packages_PyQt6 --> node_venv_lib_python3_12_site-packages_PyQt6_Qt6["Qt6"]\n    node_venv_lib_python3_12_site-packages_PyQt6_Qt6 --> node_venv_lib_python3_12_site-packages_PyQt6_Qt6_translations["translations"]\n    node_venv_lib_python3_12_site-packages_PyQt6_Qt6_translations --> node_venv_lib_python3_12_site-packages_PyQt6_Qt6_translations_qt_help_ar_qm["qt_help_ar.qm"]\n    Root --> node_venv["venv"]\n    node_venv --> node_venv_lib["lib"]\n    node_venv_lib --> node_venv_lib_python3_12["python3.12"]\n    node_venv_lib_python3_12 --> node_venv_lib_python3_12_site-packages["site-packages"]\n    node_venv_lib_python3_12_site-packages --> node_venv_lib_python3_12_site-packages_PyQt6["PyQt6"]\n    node_venv_lib_python3_12_site-packages_PyQt6 --> node_venv_lib_python3_12_site-packages_PyQt6_Qt6["Qt6"]\n    node_venv_lib_python3_12_site-packages_PyQt6_Qt6 --> node_venv_lib_python3_12_site-packages_PyQt6_Qt6_translations["translations"]\n    node_venv_lib_python3_12_site-packages_PyQt6_Qt6_translations --> node_venv_lib_python3_12_site-packages_PyQt6_Qt6_translations_qt_help_bg_qm["qt_help_bg.qm"]\n    Root --> node_venv["venv"]\n    node_venv --> node_venv_lib["lib"]\n    node_venv_lib --> node_venv_lib_python3_12["python3.12"]\n    node_venv_lib_python3_12 --> node_venv_lib_python3_12_site-packages["site-packages"]\n    node_venv_lib_python3_12_site-packages --> node_venv_lib_python3_12_site-packages_PyQt6["PyQt6"]\n    node_venv_lib_python3_12_site-packages_PyQt6 --> node_venv_lib_python3_12_site-packages_PyQt6_Qt6["Qt6"]\n    node_venv_lib_python3_12_site-packages_PyQt6_Qt6 --> node_venv_lib_python3_12_site-packages_PyQt6_Qt6_translations["translations"]\n    node_venv_lib_python3_12_site-packages_PyQt6_Qt6_translations --> node_venv_lib_python3_12_site-packages_PyQt6_Qt6_translations_qt_help_ca_qm["qt_help_ca.qm"]\n    Root --> node_venv["venv"]\n    node_venv --> node_venv_lib["lib"]\n    node_venv_lib --> node_venv_lib_python3_12["python3.12"]\n    node_venv_lib_python3_12 --> node_venv_lib_python3_12_site-packages["site-packages"]\n    node_venv_lib_python3_12_site-packages --> node_venv_lib_python3_12_site-packages_PyQt6["PyQt6"]\n    node_venv_lib_python3_12_site-packages_PyQt6 --> node_venv_lib_python3_12_site-packages_PyQt6_Qt6["Qt6"]\n    node_venv_lib_python3_12_site-packages_PyQt6_Qt6 --> node_venv_lib_python3_12_site-packages_PyQt6_Qt6_translations["translations"]\n    node_venv_lib_python3_12_site-packages_PyQt6_Qt6_translations --> node_venv_lib_python3_12_site-packages_PyQt6_Qt6_translations_qt_help_cs_qm["qt_help_cs.qm"]\n    Root --> node_venv["venv"]\n    node_venv --> node_venv_lib["lib"]\n    node_venv_lib --> node_venv_lib_python3_12["python3.12"]\n    node_venv_lib_python3_12 --> node_venv_lib_python3_12_site-packages["site-packages"]\n    node_venv_lib_python3_12_site-packages --> node_venv_lib_python3_12_site-packages_PyQt6["PyQt6"]\n    node_venv_lib_python3_12_site-packages_PyQt6 --> node_venv_lib_python3_12_site-packages_PyQt6_Qt6["Qt6"]\n    node_venv_lib_python3_12_site-packages_PyQt6_Qt6 --> node_venv_lib_python3_12_site-packages_PyQt6_Qt6_translations["translations"]\n    node_venv_lib_python3_12_site-packages_PyQt6_Qt6_translations --> node_venv_lib_python3_12_site-packages_PyQt6_Qt6_translations_qt_help_da_qm["qt_help_da.qm"]\n    Root --> node_venv["venv"]\n    node_venv --> node_venv_lib["lib"]\n    node_venv_lib --> node_venv_lib_python3_12["python3.12"]\n    node_venv_lib_python3_12 --> node_venv_lib_python3_12_site-packages["site-packages"]\n    node_venv_lib_python3_12_site-packages --> node_venv_lib_python3_12_site-packages_PyQt6["PyQt6"]\n    node_venv_lib_python3_12_site-packages_PyQt6 --> node_venv_lib_python3_12_site-packages_PyQt6_Qt6["Qt6"]\n    node_venv_lib_python3_12_site-packages_PyQt6_Qt6 --> node_venv_lib_python3_12_site-packages_PyQt6_Qt6_translations["translations"]\n    node_venv_lib_python3_12_site-packages_PyQt6_Qt6_translations --> node_venv_lib_python3_12_site-packages_PyQt6_Qt6_translations_qt_help_de_qm["qt_help_de.qm"]\n    Root --> node_venv["venv"]\n    node_venv --> node_venv_lib["lib"]\n    node_venv_lib --> node_venv_lib_python3_12["python3.12"]\n    node_venv_lib_python3_12 --> node_venv_lib_python3_12_site-packages["site-packages"]\n    node_venv_lib_python3_12_site-packages --> node_venv_lib_python3_12_site-packages_PyQt6["PyQt6"]\n    node_venv_lib_python3_12_site-packages_PyQt6 --> node_venv_lib_python3_12_site-packages_PyQt6_Qt6["Qt6"]\n    node_venv_lib_python3_12_site-packages_PyQt6_Qt6 --> node_venv_lib_python3_12_site-packages_PyQt6_Qt6_translations["translations"]\n    node_venv_lib_python3_12_site-packages_PyQt6_Qt6_translations --> node_venv_lib_python3_12_site-packages_PyQt6_Qt6_translations_qt_help_en_qm["qt_help_en.qm"]\n    Root --> node_venv["venv"]\n    node_venv --> node_venv_lib["lib"]\n    node_venv_lib --> node_venv_lib_python3_12["python3.12"]\n    node_venv_lib_python3_12 --> node_venv_lib_python3_12_site-packages["site-packages"]\n    node_venv_lib_python3_12_site-packages --> node_venv_lib_python3_12_site-packages_PyQt6["PyQt6"]\n    node_venv_lib_python3_12_site-packages_PyQt6 --> node_venv_lib_python3_12_site-packages_PyQt6_Qt6["Qt6"]\n    node_venv_lib_python3_12_site-packages_PyQt6_Qt6 --> node_venv_lib_python3_12_site-packages_PyQt6_Qt6_translations["translations"]\n    node_venv_lib_python3_12_site-packages_PyQt6_Qt6_translations --> node_venv_lib_python3_12_site-packages_PyQt6_Qt6_translations_qt_help_es_qm["qt_help_es.qm"]\n    Root --> node_venv["venv"]\n    node_venv --> node_venv_lib["lib"]\n    node_venv_lib --> node_venv_lib_python3_12["python3.12"]\n    node_venv_lib_python3_12 --> node_venv_lib_python3_12_site-packages["site-packages"]\n    node_venv_lib_python3_12_site-packages --> node_venv_lib_python3_12_site-packages_PyQt6["PyQt6"]\n    node_venv_lib_python3_12_site-packages_PyQt6 --> node_venv_lib_python3_12_site-packages_PyQt6_Qt6["Qt6"]\n    node_venv_lib_python3_12_site-packages_PyQt6_Qt6 --> node_venv_lib_python3_12_site-packages_PyQt6_Qt6_translations["translations"]\n    node_venv_lib_python3_12_site-packages_PyQt6_Qt6_translations --> node_venv_lib_python3_12_site-packages_PyQt6_Qt6_translations_qt_help_fr_qm["qt_help_fr.qm"]\n    Root --> node_venv["venv"]\n    node_venv --> node_venv_lib["lib"]\n    node_venv_lib --> node_venv_lib_python3_12["python3.12"]\n    node_venv_lib_python3_12 --> node_venv_lib_python3_12_site-packages["site-packages"]\n    node_venv_lib_python3_12_site-packages --> node_venv_lib_python3_12_site-packages_PyQt6["PyQt6"]\n    node_venv_lib_python3_12_site-packages_PyQt6 --> node_venv_lib_python3_12_site-packages_PyQt6_Qt6["Qt6"]\n    node_venv_lib_python3_12_site-packages_PyQt6_Qt6 --> node_venv_lib_python3_12_site-packages_PyQt6_Qt6_translations["translations"]\n    node_venv_lib_python3_12_site-packages_PyQt6_Qt6_translations --> node_venv_lib_python3_12_site-packages_PyQt6_Qt6_translations_qt_help_gl_qm["qt_help_gl.qm"]\n    Root --> node_venv["venv"]\n    node_venv --> node_venv_lib["lib"]\n    node_venv_lib --> node_venv_lib_python3_12["python3.12"]\n    node_venv_lib_python3_12 --> node_venv_lib_python3_12_site-packages["site-packages"]\n    node_venv_lib_python3_12_site-packages --> node_venv_lib_python3_12_site-packages_PyQt6["PyQt6"]\n    node_venv_lib_python3_12_site-packages_PyQt6 --> node_venv_lib_python3_12_site-packages_PyQt6_Qt6["Qt6"]\n    node_venv_lib_python3_12_site-packages_PyQt6_Qt6 --> node_venv_lib_python3_12_site-packages_PyQt6_Qt6_translations["translations"]\n    node_venv_lib_python3_12_site-packages_PyQt6_Qt6_translations --> node_venv_lib_python3_12_site-packages_PyQt6_Qt6_translations_qt_help_hr_qm["qt_help_hr.qm"]\n    Root --> node_venv["venv"]\n    node_venv --> node_venv_lib["lib"]\n    node_venv_lib --> node_venv_lib_python3_12["python3.12"]\n    node_venv_lib_python3_12 --> node_venv_lib_python3_12_site-packages["site-packages"]\n    node_venv_lib_python3_12_site-packages --> node_venv_lib_python3_12_site-packages_PyQt6["PyQt6"]\n    node_venv_lib_python3_12_site-packages_PyQt6 --> node_venv_lib_python3_12_site-packages_PyQt6_Qt6["Qt6"]\n    node_venv_lib_python3_12_site-packages_PyQt6_Qt6 --> node_venv_lib_python3_12_site-packages_PyQt6_Qt6_translations["translations"]\n    node_venv_lib_python3_12_site-packages_PyQt6_Qt6_translations --> node_venv_lib_python3_12_site-packages_PyQt6_Qt6_translations_qt_help_hu_qm["qt_help_hu.qm"]\n    Root --> node_venv["venv"]\n    node_venv --> node_venv_lib["lib"]\n    node_venv_lib --> node_venv_lib_python3_12["python3.12"]\n    node_venv_lib_python3_12 --> node_venv_lib_python3_12_site-packages["site-packages"]\n    node_venv_lib_python3_12_site-packages --> node_venv_lib_python3_12_site-packages_PyQt6["PyQt6"]\n    node_venv_lib_python3_12_site-packages_PyQt6 --> node_venv_lib_python3_12_site-packages_PyQt6_Qt6["Qt6"]\n    node_venv_lib_python3_12_site-packages_PyQt6_Qt6 --> node_venv_lib_python3_12_site-packages_PyQt6_Qt6_translations["translations"]\n    node_venv_lib_python3_12_site-packages_PyQt6_Qt6_translations --> node_venv_lib_python3_12_site-packages_PyQt6_Qt6_translations_qt_help_it_qm["qt_help_it.qm"]\n    Root --> node_venv["venv"]\n    node_venv --> node_venv_lib["lib"]\n    node_venv_lib --> node_venv_lib_python3_12["python3.12"]\n    node_venv_lib_python3_12 --> node_venv_lib_python3_12_site-packages["site-packages"]\n    node_venv_lib_python3_12_site-packages --> node_venv_lib_python3_12_site-packages_PyQt6["PyQt6"]\n    node_venv_lib_python3_12_site-packages_PyQt6 --> node_venv_lib_python3_12_site-packages_PyQt6_Qt6["Qt6"]\n    node_venv_lib_python3_12_site-packages_PyQt6_Qt6 --> node_venv_lib_python3_12_site-packages_PyQt6_Qt6_translations["translations"]\n    node_venv_lib_python3_12_site-packages_PyQt6_Qt6_translations --> node_venv_lib_python3_12_site-packages_PyQt6_Qt6_translations_qt_help_ja_qm["qt_help_ja.qm"]\n    Root --> node_venv["venv"]\n    node_venv --> node_venv_lib["lib"]\n    node_venv_lib --> node_venv_lib_python3_12["python3.12"]\n    node_venv_lib_python3_12 --> node_venv_lib_python3_12_site-packages["site-packages"]\n    node_venv_lib_python3_12_site-packages --> node_venv_lib_python3_12_site-packages_PyQt6["PyQt6"]\n    node_venv_lib_python3_12_site-packages_PyQt6 --> node_venv_lib_python3_12_site-packages_PyQt6_Qt6["Qt6"]\n    node_venv_lib_python3_12_site-packages_PyQt6_Qt6 --> node_venv_lib_python3_12_site-packages_PyQt6_Qt6_translations["translations"]\n    node_venv_lib_python3_12_site-packages_PyQt6_Qt6_translations --> node_venv_lib_python3_12_site-packages_PyQt6_Qt6_translations_qt_help_ka_qm["qt_help_ka.qm"]\n    Root --> node_venv["venv"]\n    node_venv --> node_venv_lib["lib"]\n    node_venv_lib --> node_venv_lib_python3_12["python3.12"]\n    node_venv_lib_python3_12 --> node_venv_lib_python3_12_site-packages["site-packages"]\n    node_venv_lib_python3_12_site-packages --> node_venv_lib_python3_12_site-packages_PyQt6["PyQt6"]\n    node_venv_lib_python3_12_site-packages_PyQt6 --> node_venv_lib_python3_12_site-packages_PyQt6_Qt6["Qt6"]\n    node_venv_lib_python3_12_site-packages_PyQt6_Qt6 --> node_venv_lib_python3_12_site-packages_PyQt6_Qt6_translations["translations"]\n    node_venv_lib_python3_12_site-packages_PyQt6_Qt6_translations --> node_venv_lib_python3_12_site-packages_PyQt6_Qt6_translations_qt_help_ko_qm["qt_help_ko.qm"]\n    Root --> node_venv["venv"]\n    node_venv --> node_venv_lib["lib"]\n    node_venv_lib --> node_venv_lib_python3_12["python3.12"]\n    node_venv_lib_python3_12 --> node_venv_lib_python3_12_site-packages["site-packages"]\n    node_venv_lib_python3_12_site-packages --> node_venv_lib_python3_12_site-packages_PyQt6["PyQt6"]\n    node_venv_lib_python3_12_site-packages_PyQt6 --> node_venv_lib_python3_12_site-packages_PyQt6_Qt6["Qt6"]\n    node_venv_lib_python3_12_site-packages_PyQt6_Qt6 --> node_venv_lib_python3_12_site-packages_PyQt6_Qt6_translations["translations"]\n    node_venv_lib_python3_12_site-packages_PyQt6_Qt6_translations --> node_venv_lib_python3_12_site-packages_PyQt6_Qt6_translations_qt_help_nl_qm["qt_help_nl.qm"]\n    Root --> node_venv["venv"]\n    node_venv --> node_venv_lib["lib"]\n    node_venv_lib --> node_venv_lib_python3_12["python3.12"]\n    node_venv_lib_python3_12 --> node_venv_lib_python3_12_site-packages["site-packages"]\n    node_venv_lib_python3_12_site-packages --> node_venv_lib_python3_12_site-packages_PyQt6["PyQt6"]\n    node_venv_lib_python3_12_site-packages_PyQt6 --> node_venv_lib_python3_12_site-packages_PyQt6_Qt6["Qt6"]\n    node_venv_lib_python3_12_site-packages_PyQt6_Qt6 --> node_venv_lib_python3_12_site-packages_PyQt6_Qt6_translations["translations"]\n    node_venv_lib_python3_12_site-packages_PyQt6_Qt6_translations --> node_venv_lib_python3_12_site-packages_PyQt6_Qt6_translations_qt_help_nn_qm["qt_help_nn.qm"]\n    Root --> node_venv["venv"]\n    node_venv --> node_venv_lib["lib"]\n    node_venv_lib --> node_venv_lib_python3_12["python3.12"]\n    node_venv_lib_python3_12 --> node_venv_lib_python3_12_site-packages["site-packages"]\n    node_venv_lib_python3_12_site-packages --> node_venv_lib_python3_12_site-packages_PyQt6["PyQt6"]\n    node_venv_lib_python3_12_site-packages_PyQt6 --> node_venv_lib_python3_12_site-packages_PyQt6_Qt6["Qt6"]\n    node_venv_lib_python3_12_site-packages_PyQt6_Qt6 --> node_venv_lib_python3_12_site-packages_PyQt6_Qt6_translations["translations"]\n    node_venv_lib_python3_12_site-packages_PyQt6_Qt6_translations --> node_venv_lib_python3_12_site-packages_PyQt6_Qt6_translations_qt_help_pl_qm["qt_help_pl.qm"]\n    Root --> node_venv["venv"]\n    node_venv --> node_venv_lib["lib"]\n    node_venv_lib --> node_venv_lib_python3_12["python3.12"]\n    node_venv_lib_python3_12 --> node_venv_lib_python3_12_site-packages["site-packages"]\n    node_venv_lib_python3_12_site-packages --> node_venv_lib_python3_12_site-packages_PyQt6["PyQt6"]\n    node_venv_lib_python3_12_site-packages_PyQt6 --> node_venv_lib_python3_12_site-packages_PyQt6_Qt6["Qt6"]\n    node_venv_lib_python3_12_site-packages_PyQt6_Qt6 --> node_venv_lib_python3_12_site-packages_PyQt6_Qt6_translations["translations"]\n    node_venv_lib_python3_12_site-packages_PyQt6_Qt6_translations --> node_venv_lib_python3_12_site-packages_PyQt6_Qt6_translations_qt_help_pt_BR_qm["qt_help_pt_BR.qm"]\n    Root --> node_venv["venv"]\n    node_venv --> node_venv_lib["lib"]\n    node_venv_lib --> node_venv_lib_python3_12["python3.12"]\n    node_venv_lib_python3_12 --> node_venv_lib_python3_12_site-packages["site-packages"]\n    node_venv_lib_python3_12_site-packages --> node_venv_lib_python3_12_site-packages_PyQt6["PyQt6"]\n    node_venv_lib_python3_12_site-packages_PyQt6 --> node_venv_lib_python3_12_site-packages_PyQt6_Qt6["Qt6"]\n    node_venv_lib_python3_12_site-packages_PyQt6_Qt6 --> node_venv_lib_python3_12_site-packages_PyQt6_Qt6_translations["translations"]\n    node_venv_lib_python3_12_site-packages_PyQt6_Qt6_translations --> node_venv_lib_python3_12_site-packages_PyQt6_Qt6_translations_qt_help_ru_qm["qt_help_ru.qm"]\n    Root --> node_venv["venv"]\n    node_venv --> node_venv_lib["lib"]\n    node_venv_lib --> node_venv_lib_python3_12["python3.12"]\n    node_venv_lib_python3_12 --> node_venv_lib_python3_12_site-packages["site-packages"]\n    node_venv_lib_python3_12_site-packages --> node_venv_lib_python3_12_site-packages_PyQt6["PyQt6"]\n    node_venv_lib_python3_12_site-packages_PyQt6 --> node_venv_lib_python3_12_site-packages_PyQt6_Qt6["Qt6"]\n    node_venv_lib_python3_12_site-packages_PyQt6_Qt6 --> node_venv_lib_python3_12_site-packages_PyQt6_Qt6_translations["translations"]\n    node_venv_lib_python3_12_site-packages_PyQt6_Qt6_translations --> node_venv_lib_python3_12_site-packages_PyQt6_Qt6_translations_qt_help_sk_qm["qt_help_sk.qm"]\n    Root --> node_venv["venv"]\n    node_venv --> node_venv_lib["lib"]\n    node_venv_lib --> node_venv_lib_python3_12["python3.12"]\n    node_venv_lib_python3_12 --> node_venv_lib_python3_12_site-packages["site-packages"]\n    node_venv_lib_python3_12_site-packages --> node_venv_lib_python3_12_site-packages_PyQt6["PyQt6"]\n    node_venv_lib_python3_12_site-packages_PyQt6 --> node_venv_lib_python3_12_site-packages_PyQt6_Qt6["Qt6"]\n    node_venv_lib_python3_12_site-packages_PyQt6_Qt6 --> node_venv_lib_python3_12_site-packages_PyQt6_Qt6_translations["translations"]\n    node_venv_lib_python3_12_site-packages_PyQt6_Qt6_translations --> node_venv_lib_python3_12_site-packages_PyQt6_Qt6_translations_qt_help_sl_qm["qt_help_sl.qm"]\n    Root --> node_venv["venv"]\n    node_venv --> node_venv_lib["lib"]\n    node_venv_lib --> node_venv_lib_python3_12["python3.12"]\n    node_venv_lib_python3_12 --> node_venv_lib_python3_12_site-packages["site-packages"]\n    node_venv_lib_python3_12_site-packages --> node_venv_lib_python3_12_site-packages_PyQt6["PyQt6"]\n    node_venv_lib_python3_12_site-packages_PyQt6 --> node_venv_lib_python3_12_site-packages_PyQt6_Qt6["Qt6"]\n    node_venv_lib_python3_12_site-packages_PyQt6_Qt6 --> node_venv_lib_python3_12_site-packages_PyQt6_Qt6_translations["translations"]\n    node_venv_lib_python3_12_site-packages_PyQt6_Qt6_translations --> node_venv_lib_python3_12_site-packages_PyQt6_Qt6_translations_qt_help_sv_qm["qt_help_sv.qm"]\n    Root --> node_venv["venv"]\n    node_venv --> node_venv_lib["lib"]\n    node_venv_lib --> node_venv_lib_python3_12["python3.12"]\n    node_venv_lib_python3_12 --> node_venv_lib_python3_12_site-packages["site-packages"]\n    node_venv_lib_python3_12_site-packages --> node_venv_lib_python3_12_site-packages_PyQt6["PyQt6"]\n    node_venv_lib_python3_12_site-packages_PyQt6 --> node_venv_lib_python3_12_site-packages_PyQt6_Qt6["Qt6"]\n    node_venv_lib_python3_12_site-packages_PyQt6_Qt6 --> node_venv_lib_python3_12_site-packages_PyQt6_Qt6_translations["translations"]\n    node_venv_lib_python3_12_site-packages_PyQt6_Qt6_translations --> node_venv_lib_python3_12_site-packages_PyQt6_Qt6_translations_qt_help_tr_qm["qt_help_tr.qm"]\n    Root --> node_venv["venv"]\n    node_venv --> node_venv_lib["lib"]\n    node_venv_lib --> node_venv_lib_python3_12["python3.12"]\n    node_venv_lib_python3_12 --> node_venv_lib_python3_12_site-packages["site-packages"]\n    node_venv_lib_python3_12_site-packages --> node_venv_lib_python3_12_site-packages_PyQt6["PyQt6"]\n    node_venv_lib_python3_12_site-packages_PyQt6 --> node_venv_lib_python3_12_site-packages_PyQt6_Qt6["Qt6"]\n    node_venv_lib_python3_12_site-packages_PyQt6_Qt6 --> node_venv_lib_python3_12_site-packages_PyQt6_Qt6_translations["translations"]\n    node_venv_lib_python3_12_site-packages_PyQt6_Qt6_translations --> node_venv_lib_python3_12_site-packages_PyQt6_Qt6_translations_qt_help_uk_qm["qt_help_uk.qm"]\n    Root --> node_venv["venv"]\n    node_venv --> node_venv_lib["lib"]\n    node_venv_lib --> node_venv_lib_python3_12["python3.12"]\n    node_venv_lib_python3_12 --> node_venv_lib_python3_12_site-packages["site-packages"]\n    node_venv_lib_python3_12_site-packages --> node_venv_lib_python3_12_site-packages_PyQt6["PyQt6"]\n    node_venv_lib_python3_12_site-packages_PyQt6 --> node_venv_lib_python3_12_site-packages_PyQt6_Qt6["Qt6"]\n    node_venv_lib_python3_12_site-packages_PyQt6_Qt6 --> node_venv_lib_python3_12_site-packages_PyQt6_Qt6_translations["translations"]\n    node_venv_lib_python3_12_site-packages_PyQt6_Qt6_translations --> node_venv_lib_python3_12_site-packages_PyQt6_Qt6_translations_qt_help_zh_CN_qm["qt_help_zh_CN.qm"]\n    Root --> node_venv["venv"]\n    node_venv --> node_venv_lib["lib"]\n    node_venv_lib --> node_venv_lib_python3_12["python3.12"]\n    node_venv_lib_python3_12 --> node_venv_lib_python3_12_site-packages["site-packages"]\n    node_venv_lib_python3_12_site-packages --> node_venv_lib_python3_12_site-packages_PyQt6["PyQt6"]\n    node_venv_lib_python3_12_site-packages_PyQt6 --> node_venv_lib_python3_12_site-packages_PyQt6_Qt6["Qt6"]\n    node_venv_lib_python3_12_site-packages_PyQt6_Qt6 --> node_venv_lib_python3_12_site-packages_PyQt6_Qt6_translations["translations"]\n    node_venv_lib_python3_12_site-packages_PyQt6_Qt6_translations --> node_venv_lib_python3_12_site-packages_PyQt6_Qt6_translations_qt_help_zh_TW_qm["qt_help_zh_TW.qm"]\n    Root --> node_venv["venv"]\n    node_venv --> node_venv_lib["lib"]\n    node_venv_lib --> node_venv_lib_python3_12["python3.12"]\n    node_venv_lib_python3_12 --> node_venv_lib_python3_12_site-packages["site-packages"]\n    node_venv_lib_python3_12_site-packages --> node_venv_lib_python3_12_site-packages_PyQt6["PyQt6"]\n    node_venv_lib_python3_12_site-packages_PyQt6 --> node_venv_lib_python3_12_site-packages_PyQt6_Qt6["Qt6"]\n    node_venv_lib_python3_12_site-packages_PyQt6_Qt6 --> node_venv_lib_python3_12_site-packages_PyQt6_Qt6_translations["translations"]\n    node_venv_lib_python3_12_site-packages_PyQt6_Qt6_translations --> node_venv_lib_python3_12_site-packages_PyQt6_Qt6_translations_qt_hr_qm["qt_hr.qm"]\n    Root --> node_venv["venv"]\n    node_venv --> node_venv_lib["lib"]\n    node_venv_lib --> node_venv_lib_python3_12["python3.12"]\n    node_venv_lib_python3_12 --> node_venv_lib_python3_12_site-packages["site-packages"]\n    node_venv_lib_python3_12_site-packages --> node_venv_lib_python3_12_site-packages_PyQt6["PyQt6"]\n    node_venv_lib_python3_12_site-packages_PyQt6 --> node_venv_lib_python3_12_site-packages_PyQt6_Qt6["Qt6"]\n    node_venv_lib_python3_12_site-packages_PyQt6_Qt6 --> node_venv_lib_python3_12_site-packages_PyQt6_Qt6_translations["translations"]\n    node_venv_lib_python3_12_site-packages_PyQt6_Qt6_translations --> node_venv_lib_python3_12_site-packages_PyQt6_Qt6_translations_qt_hu_qm["qt_hu.qm"]\n    Root --> node_venv["venv"]\n    node_venv --> node_venv_lib["lib"]\n    node_venv_lib --> node_venv_lib_python3_12["python3.12"]\n    node_venv_lib_python3_12 --> node_venv_lib_python3_12_site-packages["site-packages"]\n    node_venv_lib_python3_12_site-packages --> node_venv_lib_python3_12_site-packages_PyQt6["PyQt6"]\n    node_venv_lib_python3_12_site-packages_PyQt6 --> node_venv_lib_python3_12_site-packages_PyQt6_Qt6["Qt6"]\n    node_venv_lib_python3_12_site-packages_PyQt6_Qt6 --> node_venv_lib_python3_12_site-packages_PyQt6_Qt6_translations["translations"]\n    node_venv_lib_python3_12_site-packages_PyQt6_Qt6_translations --> node_venv_lib_python3_12_site-packages_PyQt6_Qt6_translations_qt_it_qm["qt_it.qm"]\n    Root --> node_venv["venv"]\n    node_venv --> node_venv_lib["lib"]\n    node_venv_lib --> node_venv_lib_python3_12["python3.12"]\n    node_venv_lib_python3_12 --> node_venv_lib_python3_12_site-packages["site-packages"]\n    node_venv_lib_python3_12_site-packages --> node_venv_lib_python3_12_site-packages_PyQt6["PyQt6"]\n    node_venv_lib_python3_12_site-packages_PyQt6 --> node_venv_lib_python3_12_site-packages_PyQt6_Qt6["Qt6"]\n    node_venv_lib_python3_12_site-packages_PyQt6_Qt6 --> node_venv_lib_python3_12_site-packages_PyQt6_Qt6_translations["translations"]\n    node_venv_lib_python3_12_site-packages_PyQt6_Qt6_translations --> node_venv_lib_python3_12_site-packages_PyQt6_Qt6_translations_qt_ja_qm["qt_ja.qm"]\n    Root --> node_venv["venv"]\n    node_venv --> node_venv_lib["lib"]\n    node_venv_lib --> node_venv_lib_python3_12["python3.12"]\n    node_venv_lib_python3_12 --> node_venv_lib_python3_12_site-packages["site-packages"]\n    node_venv_lib_python3_12_site-packages --> node_venv_lib_python3_12_site-packages_PyQt6["PyQt6"]\n    node_venv_lib_python3_12_site-packages_PyQt6 --> node_venv_lib_python3_12_site-packages_PyQt6_Qt6["Qt6"]\n    node_venv_lib_python3_12_site-packages_PyQt6_Qt6 --> node_venv_lib_python3_12_site-packages_PyQt6_Qt6_translations["translations"]\n    node_venv_lib_python3_12_site-packages_PyQt6_Qt6_translations --> node_venv_lib_python3_12_site-packages_PyQt6_Qt6_translations_qt_ka_qm["qt_ka.qm"]\n    Root --> node_venv["venv"]\n    node_venv --> node_venv_lib["lib"]\n    node_venv_lib --> node_venv_lib_python3_12["python3.12"]\n    node_venv_lib_python3_12 --> node_venv_lib_python3_12_site-packages["site-packages"]\n    node_venv_lib_python3_12_site-packages --> node_venv_lib_python3_12_site-packages_PyQt6["PyQt6"]\n    node_venv_lib_python3_12_site-packages_PyQt6 --> node_venv_lib_python3_12_site-packages_PyQt6_Qt6["Qt6"]\n    node_venv_lib_python3_12_site-packages_PyQt6_Qt6 --> node_venv_lib_python3_12_site-packages_PyQt6_Qt6_translations["translations"]\n    node_venv_lib_python3_12_site-packages_PyQt6_Qt6_translations --> node_venv_lib_python3_12_site-packages_PyQt6_Qt6_translations_qt_ko_qm["qt_ko.qm"]\n    Root --> node_venv["venv"]\n    node_venv --> node_venv_lib["lib"]\n    node_venv_lib --> node_venv_lib_python3_12["python3.12"]\n    node_venv_lib_python3_12 --> node_venv_lib_python3_12_site-packages["site-packages"]\n    node_venv_lib_python3_12_site-packages --> node_venv_lib_python3_12_site-packages_PyQt6["PyQt6"]\n    node_venv_lib_python3_12_site-packages_PyQt6 --> node_venv_lib_python3_12_site-packages_PyQt6_Qt6["Qt6"]\n    node_venv_lib_python3_12_site-packages_PyQt6_Qt6 --> node_venv_lib_python3_12_site-packages_PyQt6_Qt6_translations["translations"]\n    node_venv_lib_python3_12_site-packages_PyQt6_Qt6_translations --> node_venv_lib_python3_12_site-packages_PyQt6_Qt6_translations_qt_lg_qm["qt_lg.qm"]\n    Root --> node_venv["venv"]\n    node_venv --> node_venv_lib["lib"]\n    node_venv_lib --> node_venv_lib_python3_12["python3.12"]\n    node_venv_lib_python3_12 --> node_venv_lib_python3_12_site-packages["site-packages"]\n    node_venv_lib_python3_12_site-packages --> node_venv_lib_python3_12_site-packages_PyQt6["PyQt6"]\n    node_venv_lib_python3_12_site-packages_PyQt6 --> node_venv_lib_python3_12_site-packages_PyQt6_Qt6["Qt6"]\n    node_venv_lib_python3_12_site-packages_PyQt6_Qt6 --> node_venv_lib_python3_12_site-packages_PyQt6_Qt6_translations["translations"]\n    node_venv_lib_python3_12_site-packages_PyQt6_Qt6_translations --> node_venv_lib_python3_12_site-packages_PyQt6_Qt6_translations_qt_lt_qm["qt_lt.qm"]\n    Root --> node_venv["venv"]\n    node_venv --> node_venv_lib["lib"]\n    node_venv_lib --> node_venv_lib_python3_12["python3.12"]\n    node_venv_lib_python3_12 --> node_venv_lib_python3_12_site-packages["site-packages"]\n    node_venv_lib_python3_12_site-packages --> node_venv_lib_python3_12_site-packages_PyQt6["PyQt6"]\n    node_venv_lib_python3_12_site-packages_PyQt6 --> node_venv_lib_python3_12_site-packages_PyQt6_Qt6["Qt6"]\n    node_venv_lib_python3_12_site-packages_PyQt6_Qt6 --> node_venv_lib_python3_12_site-packages_PyQt6_Qt6_translations["translations"]\n    node_venv_lib_python3_12_site-packages_PyQt6_Qt6_translations --> node_venv_lib_python3_12_site-packages_PyQt6_Qt6_translations_qt_lv_qm["qt_lv.qm"]\n    Root --> node_venv["venv"]\n    node_venv --> node_venv_lib["lib"]\n    node_venv_lib --> node_venv_lib_python3_12["python3.12"]\n    node_venv_lib_python3_12 --> node_venv_lib_python3_12_site-packages["site-packages"]\n    node_venv_lib_python3_12_site-packages --> node_venv_lib_python3_12_site-packages_PyQt6["PyQt6"]\n    node_venv_lib_python3_12_site-packages_PyQt6 --> node_venv_lib_python3_12_site-packages_PyQt6_Qt6["Qt6"]\n    node_venv_lib_python3_12_site-packages_PyQt6_Qt6 --> node_venv_lib_python3_12_site-packages_PyQt6_Qt6_translations["translations"]\n    node_venv_lib_python3_12_site-packages_PyQt6_Qt6_translations --> node_venv_lib_python3_12_site-packages_PyQt6_Qt6_translations_qt_nl_qm["qt_nl.qm"]\n    Root --> node_venv["venv"]\n    node_venv --> node_venv_lib["lib"]\n    node_venv_lib --> node_venv_lib_python3_12["python3.12"]\n    node_venv_lib_python3_12 --> node_venv_lib_python3_12_site-packages["site-packages"]\n    node_venv_lib_python3_12_site-packages --> node_venv_lib_python3_12_site-packages_PyQt6["PyQt6"]\n    node_venv_lib_python3_12_site-packages_PyQt6 --> node_venv_lib_python3_12_site-packages_PyQt6_Qt6["Qt6"]\n    node_venv_lib_python3_12_site-packages_PyQt6_Qt6 --> node_venv_lib_python3_12_site-packages_PyQt6_Qt6_translations["translations"]\n    node_venv_lib_python3_12_site-packages_PyQt6_Qt6_translations --> node_venv_lib_python3_12_site-packages_PyQt6_Qt6_translations_qt_nn_qm["qt_nn.qm"]\n    Root --> node_venv["venv"]\n    node_venv --> node_venv_lib["lib"]\n    node_venv_lib --> node_venv_lib_python3_12["python3.12"]\n    node_venv_lib_python3_12 --> node_venv_lib_python3_12_site-packages["site-packages"]\n    node_venv_lib_python3_12_site-packages --> node_venv_lib_python3_12_site-packages_PyQt6["PyQt6"]\n    node_venv_lib_python3_12_site-packages_PyQt6 --> node_venv_lib_python3_12_site-packages_PyQt6_Qt6["Qt6"]\n    node_venv_lib_python3_12_site-packages_PyQt6_Qt6 --> node_venv_lib_python3_12_site-packages_PyQt6_Qt6_translations["translations"]\n    node_venv_lib_python3_12_site-packages_PyQt6_Qt6_translations --> node_venv_lib_python3_12_site-packages_PyQt6_Qt6_translations_qt_pl_qm["qt_pl.qm"]\n    Root --> node_venv["venv"]\n    node_venv --> node_venv_lib["lib"]\n    node_venv_lib --> node_venv_lib_python3_12["python3.12"]\n    node_venv_lib_python3_12 --> node_venv_lib_python3_12_site-packages["site-packages"]\n    node_venv_lib_python3_12_site-packages --> node_venv_lib_python3_12_site-packages_PyQt6["PyQt6"]\n    node_venv_lib_python3_12_site-packages_PyQt6 --> node_venv_lib_python3_12_site-packages_PyQt6_Qt6["Qt6"]\n    node_venv_lib_python3_12_site-packages_PyQt6_Qt6 --> node_venv_lib_python3_12_site-packages_PyQt6_Qt6_translations["translations"]\n    node_venv_lib_python3_12_site-packages_PyQt6_Qt6_translations --> node_venv_lib_python3_12_site-packages_PyQt6_Qt6_translations_qt_pt_BR_qm["qt_pt_BR.qm"]\n    Root --> node_venv["venv"]\n    node_venv --> node_venv_lib["lib"]\n    node_venv_lib --> node_venv_lib_python3_12["python3.12"]\n    node_venv_lib_python3_12 --> node_venv_lib_python3_12_site-packages["site-packages"]\n    node_venv_lib_python3_12_site-packages --> node_venv_lib_python3_12_site-packages_PyQt6["PyQt6"]\n    node_venv_lib_python3_12_site-packages_PyQt6 --> node_venv_lib_python3_12_site-packages_PyQt6_Qt6["Qt6"]\n    node_venv_lib_python3_12_site-packages_PyQt6_Qt6 --> node_venv_lib_python3_12_site-packages_PyQt6_Qt6_translations["translations"]\n    node_venv_lib_python3_12_site-packages_PyQt6_Qt6_translations --> node_venv_lib_python3_12_site-packages_PyQt6_Qt6_translations_qt_pt_PT_qm["qt_pt_PT.qm"]\n    Root --> node_venv["venv"]\n    node_venv --> node_venv_lib["lib"]\n    node_venv_lib --> node_venv_lib_python3_12["python3.12"]\n    node_venv_lib_python3_12 --> node_venv_lib_python3_12_site-packages["site-packages"]\n    node_venv_lib_python3_12_site-packages --> node_venv_lib_python3_12_site-packages_PyQt6["PyQt6"]\n    node_venv_lib_python3_12_site-packages_PyQt6 --> node_venv_lib_python3_12_site-packages_PyQt6_Qt6["Qt6"]\n    node_venv_lib_python3_12_site-packages_PyQt6_Qt6 --> node_venv_lib_python3_12_site-packages_PyQt6_Qt6_translations["translations"]\n    node_venv_lib_python3_12_site-packages_PyQt6_Qt6_translations --> node_venv_lib_python3_12_site-packages_PyQt6_Qt6_translations_qt_ru_qm["qt_ru.qm"]\n    Root --> node_venv["venv"]\n    node_venv --> node_venv_lib["lib"]\n    node_venv_lib --> node_venv_lib_python3_12["python3.12"]\n    node_venv_lib_python3_12 --> node_venv_lib_python3_12_site-packages["site-packages"]\n    node_venv_lib_python3_12_site-packages --> node_venv_lib_python3_12_site-packages_PyQt6["PyQt6"]\n    node_venv_lib_python3_12_site-packages_PyQt6 --> node_venv_lib_python3_12_site-packages_PyQt6_Qt6["Qt6"]\n    node_venv_lib_python3_12_site-packages_PyQt6_Qt6 --> node_venv_lib_python3_12_site-packages_PyQt6_Qt6_translations["translations"]\n    node_venv_lib_python3_12_site-packages_PyQt6_Qt6_translations --> node_venv_lib_python3_12_site-packages_PyQt6_Qt6_translations_qt_sk_qm["qt_sk.qm"]\n    Root --> node_venv["venv"]\n    node_venv --> node_venv_lib["lib"]\n    node_venv_lib --> node_venv_lib_python3_12["python3.12"]\n    node_venv_lib_python3_12 --> node_venv_lib_python3_12_site-packages["site-packages"]\n    node_venv_lib_python3_12_site-packages --> node_venv_lib_python3_12_site-packages_PyQt6["PyQt6"]\n    node_venv_lib_python3_12_site-packages_PyQt6 --> node_venv_lib_python3_12_site-packages_PyQt6_Qt6["Qt6"]\n    node_venv_lib_python3_12_site-packages_PyQt6_Qt6 --> node_venv_lib_python3_12_site-packages_PyQt6_Qt6_translations["translations"]\n    node_venv_lib_python3_12_site-packages_PyQt6_Qt6_translations --> node_venv_lib_python3_12_site-packages_PyQt6_Qt6_translations_qt_sl_qm["qt_sl.qm"]\n    Root --> node_venv["venv"]\n    node_venv --> node_venv_lib["lib"]\n    node_venv_lib --> node_venv_lib_python3_12["python3.12"]\n    node_venv_lib_python3_12 --> node_venv_lib_python3_12_site-packages["site-packages"]\n    node_venv_lib_python3_12_site-packages --> node_venv_lib_python3_12_site-packages_PyQt6["PyQt6"]\n    node_venv_lib_python3_12_site-packages_PyQt6 --> node_venv_lib_python3_12_site-packages_PyQt6_Qt6["Qt6"]\n    node_venv_lib_python3_12_site-packages_PyQt6_Qt6 --> node_venv_lib_python3_12_site-packages_PyQt6_Qt6_translations["translations"]\n    node_venv_lib_python3_12_site-packages_PyQt6_Qt6_translations --> node_venv_lib_python3_12_site-packages_PyQt6_Qt6_translations_qt_sv_qm["qt_sv.qm"]\n    Root --> node_venv["venv"]\n    node_venv --> node_venv_lib["lib"]\n    node_venv_lib --> node_venv_lib_python3_12["python3.12"]\n    node_venv_lib_python3_12 --> node_venv_lib_python3_12_site-packages["site-packages"]\n    node_venv_lib_python3_12_site-packages --> node_venv_lib_python3_12_site-packages_PyQt6["PyQt6"]\n    node_venv_lib_python3_12_site-packages_PyQt6 --> node_venv_lib_python3_12_site-packages_PyQt6_Qt6["Qt6"]\n    node_venv_lib_python3_12_site-packages_PyQt6_Qt6 --> node_venv_lib_python3_12_site-packages_PyQt6_Qt6_translations["translations"]\n    node_venv_lib_python3_12_site-packages_PyQt6_Qt6_translations --> node_venv_lib_python3_12_site-packages_PyQt6_Qt6_translations_qt_tr_qm["qt_tr.qm"]\n    Root --> node_venv["venv"]\n    node_venv --> node_venv_lib["lib"]\n    node_venv_lib --> node_venv_lib_python3_12["python3.12"]\n    node_venv_lib_python3_12 --> node_venv_lib_python3_12_site-packages["site-packages"]\n    node_venv_lib_python3_12_site-packages --> node_venv_lib_python3_12_site-packages_PyQt6["PyQt6"]\n    node_venv_lib_python3_12_site-packages_PyQt6 --> node_venv_lib_python3_12_site-packages_PyQt6_Qt6["Qt6"]\n    node_venv_lib_python3_12_site-packages_PyQt6_Qt6 --> node_venv_lib_python3_12_site-packages_PyQt6_Qt6_translations["translations"]\n    node_venv_lib_python3_12_site-packages_PyQt6_Qt6_translations --> node_venv_lib_python3_12_site-packages_PyQt6_Qt6_translations_qt_uk_qm["qt_uk.qm"]\n    Root --> node_venv["venv"]\n    node_venv --> node_venv_lib["lib"]\n    node_venv_lib --> node_venv_lib_python3_12["python3.12"]\n    node_venv_lib_python3_12 --> node_venv_lib_python3_12_site-packages["site-packages"]\n    node_venv_lib_python3_12_site-packages --> node_venv_lib_python3_12_site-packages_PyQt6["PyQt6"]\n    node_venv_lib_python3_12_site-packages_PyQt6 --> node_venv_lib_python3_12_site-packages_PyQt6_Qt6["Qt6"]\n    node_venv_lib_python3_12_site-packages_PyQt6_Qt6 --> node_venv_lib_python3_12_site-packages_PyQt6_Qt6_translations["translations"]\n    node_venv_lib_python3_12_site-packages_PyQt6_Qt6_translations --> node_venv_lib_python3_12_site-packages_PyQt6_Qt6_translations_qt_zh_CN_qm["qt_zh_CN.qm"]\n    Root --> node_venv["venv"]\n    node_venv --> node_venv_lib["lib"]\n    node_venv_lib --> node_venv_lib_python3_12["python3.12"]\n    node_venv_lib_python3_12 --> node_venv_lib_python3_12_site-packages["site-packages"]\n    node_venv_lib_python3_12_site-packages --> node_venv_lib_python3_12_site-packages_PyQt6["PyQt6"]\n    node_venv_lib_python3_12_site-packages_PyQt6 --> node_venv_lib_python3_12_site-packages_PyQt6_Qt6["Qt6"]\n    node_venv_lib_python3_12_site-packages_PyQt6_Qt6 --> node_venv_lib_python3_12_site-packages_PyQt6_Qt6_translations["translations"]\n    node_venv_lib_python3_12_site-packages_PyQt6_Qt6_translations --> node_venv_lib_python3_12_site-packages_PyQt6_Qt6_translations_qt_zh_TW_qm["qt_zh_TW.qm"]\n    Root --> node_venv["venv"]\n    node_venv --> node_venv_lib["lib"]\n    node_venv_lib --> node_venv_lib_python3_12["python3.12"]\n    node_venv_lib_python3_12 --> node_venv_lib_python3_12_site-packages["site-packages"]\n    node_venv_lib_python3_12_site-packages --> node_venv_lib_python3_12_site-packages_PyQt6["PyQt6"]\n    node_venv_lib_python3_12_site-packages_PyQt6 --> node_venv_lib_python3_12_site-packages_PyQt6_Qt6["Qt6"]\n    node_venv_lib_python3_12_site-packages_PyQt6_Qt6 --> node_venv_lib_python3_12_site-packages_PyQt6_Qt6_translations["translations"]\n    node_venv_lib_python3_12_site-packages_PyQt6_Qt6_translations --> node_venv_lib_python3_12_site-packages_PyQt6_Qt6_translations_qtbase_ar_qm["qtbase_ar.qm"]\n    Root --> node_venv["venv"]\n    node_venv --> node_venv_lib["lib"]\n    node_venv_lib --> node_venv_lib_python3_12["python3.12"]\n    node_venv_lib_python3_12 --> node_venv_lib_python3_12_site-packages["site-packages"]\n    node_venv_lib_python3_12_site-packages --> node_venv_lib_python3_12_site-packages_PyQt6["PyQt6"]\n    node_venv_lib_python3_12_site-packages_PyQt6 --> node_venv_lib_python3_12_site-packages_PyQt6_Qt6["Qt6"]\n    node_venv_lib_python3_12_site-packages_PyQt6_Qt6 --> node_venv_lib_python3_12_site-packages_PyQt6_Qt6_translations["translations"]\n    node_venv_lib_python3_12_site-packages_PyQt6_Qt6_translations --> node_venv_lib_python3_12_site-packages_PyQt6_Qt6_translations_qtbase_bg_qm["qtbase_bg.qm"]\n    Root --> node_venv["venv"]\n    node_venv --> node_venv_lib["lib"]\n    node_venv_lib --> node_venv_lib_python3_12["python3.12"]\n    node_venv_lib_python3_12 --> node_venv_lib_python3_12_site-packages["site-packages"]\n    node_venv_lib_python3_12_site-packages --> node_venv_lib_python3_12_site-packages_PyQt6["PyQt6"]\n    node_venv_lib_python3_12_site-packages_PyQt6 --> node_venv_lib_python3_12_site-packages_PyQt6_Qt6["Qt6"]\n    node_venv_lib_python3_12_site-packages_PyQt6_Qt6 --> node_venv_lib_python3_12_site-packages_PyQt6_Qt6_translations["translations"]\n    node_venv_lib_python3_12_site-packages_PyQt6_Qt6_translations --> node_venv_lib_python3_12_site-packages_PyQt6_Qt6_translations_qtbase_ca_qm["qtbase_ca.qm"]\n    Root --> node_venv["venv"]\n    node_venv --> node_venv_lib["lib"]\n    node_venv_lib --> node_venv_lib_python3_12["python3.12"]\n    node_venv_lib_python3_12 --> node_venv_lib_python3_12_site-packages["site-packages"]\n    node_venv_lib_python3_12_site-packages --> node_venv_lib_python3_12_site-packages_PyQt6["PyQt6"]\n    node_venv_lib_python3_12_site-packages_PyQt6 --> node_venv_lib_python3_12_site-packages_PyQt6_Qt6["Qt6"]\n    node_venv_lib_python3_12_site-packages_PyQt6_Qt6 --> node_venv_lib_python3_12_site-packages_PyQt6_Qt6_translations["translations"]\n    node_venv_lib_python3_12_site-packages_PyQt6_Qt6_translations --> node_venv_lib_python3_12_site-packages_PyQt6_Qt6_translations_qtbase_cs_qm["qtbase_cs.qm"]\n    Root --> node_venv["venv"]\n    node_venv --> node_venv_lib["lib"]\n    node_venv_lib --> node_venv_lib_python3_12["python3.12"]\n    node_venv_lib_python3_12 --> node_venv_lib_python3_12_site-packages["site-packages"]\n    node_venv_lib_python3_12_site-packages --> node_venv_lib_python3_12_site-packages_PyQt6["PyQt6"]\n    node_venv_lib_python3_12_site-packages_PyQt6 --> node_venv_lib_python3_12_site-packages_PyQt6_Qt6["Qt6"]\n    node_venv_lib_python3_12_site-packages_PyQt6_Qt6 --> node_venv_lib_python3_12_site-packages_PyQt6_Qt6_translations["translations"]\n    node_venv_lib_python3_12_site-packages_PyQt6_Qt6_translations --> node_venv_lib_python3_12_site-packages_PyQt6_Qt6_translations_qtbase_da_qm["qtbase_da.qm"]\n    Root --> node_venv["venv"]\n    node_venv --> node_venv_lib["lib"]\n    node_venv_lib --> node_venv_lib_python3_12["python3.12"]\n    node_venv_lib_python3_12 --> node_venv_lib_python3_12_site-packages["site-packages"]\n    node_venv_lib_python3_12_site-packages --> node_venv_lib_python3_12_site-packages_PyQt6["PyQt6"]\n    node_venv_lib_python3_12_site-packages_PyQt6 --> node_venv_lib_python3_12_site-packages_PyQt6_Qt6["Qt6"]\n    node_venv_lib_python3_12_site-packages_PyQt6_Qt6 --> node_venv_lib_python3_12_site-packages_PyQt6_Qt6_translations["translations"]\n    node_venv_lib_python3_12_site-packages_PyQt6_Qt6_translations --> node_venv_lib_python3_12_site-packages_PyQt6_Qt6_translations_qtbase_de_qm["qtbase_de.qm"]\n    Root --> node_venv["venv"]\n    node_venv --> node_venv_lib["lib"]\n    node_venv_lib --> node_venv_lib_python3_12["python3.12"]\n    node_venv_lib_python3_12 --> node_venv_lib_python3_12_site-packages["site-packages"]\n    node_venv_lib_python3_12_site-packages --> node_venv_lib_python3_12_site-packages_PyQt6["PyQt6"]\n    node_venv_lib_python3_12_site-packages_PyQt6 --> node_venv_lib_python3_12_site-packages_PyQt6_Qt6["Qt6"]\n    node_venv_lib_python3_12_site-packages_PyQt6_Qt6 --> node_venv_lib_python3_12_site-packages_PyQt6_Qt6_translations["translations"]\n    node_venv_lib_python3_12_site-packages_PyQt6_Qt6_translations --> node_venv_lib_python3_12_site-packages_PyQt6_Qt6_translations_qtbase_en_qm["qtbase_en.qm"]\n    Root --> node_venv["venv"]\n    node_venv --> node_venv_lib["lib"]\n    node_venv_lib --> node_venv_lib_python3_12["python3.12"]\n    node_venv_lib_python3_12 --> node_venv_lib_python3_12_site-packages["site-packages"]\n    node_venv_lib_python3_12_site-packages --> node_venv_lib_python3_12_site-packages_PyQt6["PyQt6"]\n    node_venv_lib_python3_12_site-packages_PyQt6 --> node_venv_lib_python3_12_site-packages_PyQt6_Qt6["Qt6"]\n    node_venv_lib_python3_12_site-packages_PyQt6_Qt6 --> node_venv_lib_python3_12_site-packages_PyQt6_Qt6_translations["translations"]\n    node_venv_lib_python3_12_site-packages_PyQt6_Qt6_translations --> node_venv_lib_python3_12_site-packages_PyQt6_Qt6_translations_qtbase_es_qm["qtbase_es.qm"]\n    Root --> node_venv["venv"]\n    node_venv --> node_venv_lib["lib"]\n    node_venv_lib --> node_venv_lib_python3_12["python3.12"]\n    node_venv_lib_python3_12 --> node_venv_lib_python3_12_site-packages["site-packages"]\n    node_venv_lib_python3_12_site-packages --> node_venv_lib_python3_12_site-packages_PyQt6["PyQt6"]\n    node_venv_lib_python3_12_site-packages_PyQt6 --> node_venv_lib_python3_12_site-packages_PyQt6_Qt6["Qt6"]\n    node_venv_lib_python3_12_site-packages_PyQt6_Qt6 --> node_venv_lib_python3_12_site-packages_PyQt6_Qt6_translations["translations"]\n    node_venv_lib_python3_12_site-packages_PyQt6_Qt6_translations --> node_venv_lib_python3_12_site-packages_PyQt6_Qt6_translations_qtbase_fa_qm["qtbase_fa.qm"]\n    Root --> node_venv["venv"]\n    node_venv --> node_venv_lib["lib"]\n    node_venv_lib --> node_venv_lib_python3_12["python3.12"]\n    node_venv_lib_python3_12 --> node_venv_lib_python3_12_site-packages["site-packages"]\n    node_venv_lib_python3_12_site-packages --> node_venv_lib_python3_12_site-packages_PyQt6["PyQt6"]\n    node_venv_lib_python3_12_site-packages_PyQt6 --> node_venv_lib_python3_12_site-packages_PyQt6_Qt6["Qt6"]\n    node_venv_lib_python3_12_site-packages_PyQt6_Qt6 --> node_venv_lib_python3_12_site-packages_PyQt6_Qt6_translations["translations"]\n    node_venv_lib_python3_12_site-packages_PyQt6_Qt6_translations --> node_venv_lib_python3_12_site-packages_PyQt6_Qt6_translations_qtbase_fi_qm["qtbase_fi.qm"]\n    Root --> node_venv["venv"]\n    node_venv --> node_venv_lib["lib"]\n    node_venv_lib --> node_venv_lib_python3_12["python3.12"]\n    node_venv_lib_python3_12 --> node_venv_lib_python3_12_site-packages["site-packages"]\n    node_venv_lib_python3_12_site-packages --> node_venv_lib_python3_12_site-packages_PyQt6["PyQt6"]\n    node_venv_lib_python3_12_site-packages_PyQt6 --> node_venv_lib_python3_12_site-packages_PyQt6_Qt6["Qt6"]\n    node_venv_lib_python3_12_site-packages_PyQt6_Qt6 --> node_venv_lib_python3_12_site-packages_PyQt6_Qt6_translations["translations"]\n    node_venv_lib_python3_12_site-packages_PyQt6_Qt6_translations --> node_venv_lib_python3_12_site-packages_PyQt6_Qt6_translations_qtbase_fr_qm["qtbase_fr.qm"]\n    Root --> node_venv["venv"]\n    node_venv --> node_venv_lib["lib"]\n    node_venv_lib --> node_venv_lib_python3_12["python3.12"]\n    node_venv_lib_python3_12 --> node_venv_lib_python3_12_site-packages["site-packages"]\n    node_venv_lib_python3_12_site-packages --> node_venv_lib_python3_12_site-packages_PyQt6["PyQt6"]\n    node_venv_lib_python3_12_site-packages_PyQt6 --> node_venv_lib_python3_12_site-packages_PyQt6_Qt6["Qt6"]\n    node_venv_lib_python3_12_site-packages_PyQt6_Qt6 --> node_venv_lib_python3_12_site-packages_PyQt6_Qt6_translations["translations"]\n    node_venv_lib_python3_12_site-packages_PyQt6_Qt6_translations --> node_venv_lib_python3_12_site-packages_PyQt6_Qt6_translations_qtbase_gd_qm["qtbase_gd.qm"]\n    Root --> node_venv["venv"]\n    node_venv --> node_venv_lib["lib"]\n    node_venv_lib --> node_venv_lib_python3_12["python3.12"]\n    node_venv_lib_python3_12 --> node_venv_lib_python3_12_site-packages["site-packages"]\n    node_venv_lib_python3_12_site-packages --> node_venv_lib_python3_12_site-packages_PyQt6["PyQt6"]\n    node_venv_lib_python3_12_site-packages_PyQt6 --> node_venv_lib_python3_12_site-packages_PyQt6_Qt6["Qt6"]\n    node_venv_lib_python3_12_site-packages_PyQt6_Qt6 --> node_venv_lib_python3_12_site-packages_PyQt6_Qt6_translations["translations"]\n    node_venv_lib_python3_12_site-packages_PyQt6_Qt6_translations --> node_venv_lib_python3_12_site-packages_PyQt6_Qt6_translations_qtbase_he_qm["qtbase_he.qm"]\n    Root --> node_venv["venv"]\n    node_venv --> node_venv_lib["lib"]\n    node_venv_lib --> node_venv_lib_python3_12["python3.12"]\n    node_venv_lib_python3_12 --> node_venv_lib_python3_12_site-packages["site-packages"]\n    node_venv_lib_python3_12_site-packages --> node_venv_lib_python3_12_site-packages_PyQt6["PyQt6"]\n    node_venv_lib_python3_12_site-packages_PyQt6 --> node_venv_lib_python3_12_site-packages_PyQt6_Qt6["Qt6"]\n    node_venv_lib_python3_12_site-packages_PyQt6_Qt6 --> node_venv_lib_python3_12_site-packages_PyQt6_Qt6_translations["translations"]\n    node_venv_lib_python3_12_site-packages_PyQt6_Qt6_translations --> node_venv_lib_python3_12_site-packages_PyQt6_Qt6_translations_qtbase_hr_qm["qtbase_hr.qm"]\n    Root --> node_venv["venv"]\n    node_venv --> node_venv_lib["lib"]\n    node_venv_lib --> node_venv_lib_python3_12["python3.12"]\n    node_venv_lib_python3_12 --> node_venv_lib_python3_12_site-packages["site-packages"]\n    node_venv_lib_python3_12_site-packages --> node_venv_lib_python3_12_site-packages_PyQt6["PyQt6"]\n    node_venv_lib_python3_12_site-packages_PyQt6 --> node_venv_lib_python3_12_site-packages_PyQt6_Qt6["Qt6"]\n    node_venv_lib_python3_12_site-packages_PyQt6_Qt6 --> node_venv_lib_python3_12_site-packages_PyQt6_Qt6_translations["translations"]\n    node_venv_lib_python3_12_site-packages_PyQt6_Qt6_translations --> node_venv_lib_python3_12_site-packages_PyQt6_Qt6_translations_qtbase_hu_qm["qtbase_hu.qm"]\n    Root --> node_venv["venv"]\n    node_venv --> node_venv_lib["lib"]\n    node_venv_lib --> node_venv_lib_python3_12["python3.12"]\n    node_venv_lib_python3_12 --> node_venv_lib_python3_12_site-packages["site-packages"]\n    node_venv_lib_python3_12_site-packages --> node_venv_lib_python3_12_site-packages_PyQt6["PyQt6"]\n    node_venv_lib_python3_12_site-packages_PyQt6 --> node_venv_lib_python3_12_site-packages_PyQt6_Qt6["Qt6"]\n    node_venv_lib_python3_12_site-packages_PyQt6_Qt6 --> node_venv_lib_python3_12_site-packages_PyQt6_Qt6_translations["translations"]\n    node_venv_lib_python3_12_site-packages_PyQt6_Qt6_translations --> node_venv_lib_python3_12_site-packages_PyQt6_Qt6_translations_qtbase_it_qm["qtbase_it.qm"]\n    Root --> node_venv["venv"]\n    node_venv --> node_venv_lib["lib"]\n    node_venv_lib --> node_venv_lib_python3_12["python3.12"]\n    node_venv_lib_python3_12 --> node_venv_lib_python3_12_site-packages["site-packages"]\n    node_venv_lib_python3_12_site-packages --> node_venv_lib_python3_12_site-packages_PyQt6["PyQt6"]\n    node_venv_lib_python3_12_site-packages_PyQt6 --> node_venv_lib_python3_12_site-packages_PyQt6_Qt6["Qt6"]\n    node_venv_lib_python3_12_site-packages_PyQt6_Qt6 --> node_venv_lib_python3_12_site-packages_PyQt6_Qt6_translations["translations"]\n    node_venv_lib_python3_12_site-packages_PyQt6_Qt6_translations --> node_venv_lib_python3_12_site-packages_PyQt6_Qt6_translations_qtbase_ja_qm["qtbase_ja.qm"]\n    Root --> node_venv["venv"]\n    node_venv --> node_venv_lib["lib"]\n    node_venv_lib --> node_venv_lib_python3_12["python3.12"]\n    node_venv_lib_python3_12 --> node_venv_lib_python3_12_site-packages["site-packages"]\n    node_venv_lib_python3_12_site-packages --> node_venv_lib_python3_12_site-packages_PyQt6["PyQt6"]\n    node_venv_lib_python3_12_site-packages_PyQt6 --> node_venv_lib_python3_12_site-packages_PyQt6_Qt6["Qt6"]\n    node_venv_lib_python3_12_site-packages_PyQt6_Qt6 --> node_venv_lib_python3_12_site-packages_PyQt6_Qt6_translations["translations"]\n    node_venv_lib_python3_12_site-packages_PyQt6_Qt6_translations --> node_venv_lib_python3_12_site-packages_PyQt6_Qt6_translations_qtbase_ka_qm["qtbase_ka.qm"]\n    Root --> node_venv["venv"]\n    node_venv --> node_venv_lib["lib"]\n    node_venv_lib --> node_venv_lib_python3_12["python3.12"]\n    node_venv_lib_python3_12 --> node_venv_lib_python3_12_site-packages["site-packages"]\n    node_venv_lib_python3_12_site-packages --> node_venv_lib_python3_12_site-packages_PyQt6["PyQt6"]\n    node_venv_lib_python3_12_site-packages_PyQt6 --> node_venv_lib_python3_12_site-packages_PyQt6_Qt6["Qt6"]\n    node_venv_lib_python3_12_site-packages_PyQt6_Qt6 --> node_venv_lib_python3_12_site-packages_PyQt6_Qt6_translations["translations"]\n    node_venv_lib_python3_12_site-packages_PyQt6_Qt6_translations --> node_venv_lib_python3_12_site-packages_PyQt6_Qt6_translations_qtbase_ko_qm["qtbase_ko.qm"]\n    Root --> node_venv["venv"]\n    node_venv --> node_venv_lib["lib"]\n    node_venv_lib --> node_venv_lib_python3_12["python3.12"]\n    node_venv_lib_python3_12 --> node_venv_lib_python3_12_site-packages["site-packages"]\n    node_venv_lib_python3_12_site-packages --> node_venv_lib_python3_12_site-packages_PyQt6["PyQt6"]\n    node_venv_lib_python3_12_site-packages_PyQt6 --> node_venv_lib_python3_12_site-packages_PyQt6_Qt6["Qt6"]\n    node_venv_lib_python3_12_site-packages_PyQt6_Qt6 --> node_venv_lib_python3_12_site-packages_PyQt6_Qt6_translations["translations"]\n    node_venv_lib_python3_12_site-packages_PyQt6_Qt6_translations --> node_venv_lib_python3_12_site-packages_PyQt6_Qt6_translations_qtbase_lg_qm["qtbase_lg.qm"]\n    Root --> node_venv["venv"]\n    node_venv --> node_venv_lib["lib"]\n    node_venv_lib --> node_venv_lib_python3_12["python3.12"]\n    node_venv_lib_python3_12 --> node_venv_lib_python3_12_site-packages["site-packages"]\n    node_venv_lib_python3_12_site-packages --> node_venv_lib_python3_12_site-packages_PyQt6["PyQt6"]\n    node_venv_lib_python3_12_site-packages_PyQt6 --> node_venv_lib_python3_12_site-packages_PyQt6_Qt6["Qt6"]\n    node_venv_lib_python3_12_site-packages_PyQt6_Qt6 --> node_venv_lib_python3_12_site-packages_PyQt6_Qt6_translations["translations"]\n    node_venv_lib_python3_12_site-packages_PyQt6_Qt6_translations --> node_venv_lib_python3_12_site-packages_PyQt6_Qt6_translations_qtbase_lv_qm["qtbase_lv.qm"]\n    Root --> node_venv["venv"]\n    node_venv --> node_venv_lib["lib"]\n    node_venv_lib --> node_venv_lib_python3_12["python3.12"]\n    node_venv_lib_python3_12 --> node_venv_lib_python3_12_site-packages["site-packages"]\n    node_venv_lib_python3_12_site-packages --> node_venv_lib_python3_12_site-packages_PyQt6["PyQt6"]\n    node_venv_lib_python3_12_site-packages_PyQt6 --> node_venv_lib_python3_12_site-packages_PyQt6_Qt6["Qt6"]\n    node_venv_lib_python3_12_site-packages_PyQt6_Qt6 --> node_venv_lib_python3_12_site-packages_PyQt6_Qt6_translations["translations"]\n    node_venv_lib_python3_12_site-packages_PyQt6_Qt6_translations --> node_venv_lib_python3_12_site-packages_PyQt6_Qt6_translations_qtbase_nl_qm["qtbase_nl.qm"]\n    Root --> node_venv["venv"]\n    node_venv --> node_venv_lib["lib"]\n    node_venv_lib --> node_venv_lib_python3_12["python3.12"]\n    node_venv_lib_python3_12 --> node_venv_lib_python3_12_site-packages["site-packages"]\n    node_venv_lib_python3_12_site-packages --> node_venv_lib_python3_12_site-packages_PyQt6["PyQt6"]\n    node_venv_lib_python3_12_site-packages_PyQt6 --> node_venv_lib_python3_12_site-packages_PyQt6_Qt6["Qt6"]\n    node_venv_lib_python3_12_site-packages_PyQt6_Qt6 --> node_venv_lib_python3_12_site-packages_PyQt6_Qt6_translations["translations"]\n    node_venv_lib_python3_12_site-packages_PyQt6_Qt6_translations --> node_venv_lib_python3_12_site-packages_PyQt6_Qt6_translations_qtbase_nn_qm["qtbase_nn.qm"]\n    Root --> node_venv["venv"]\n    node_venv --> node_venv_lib["lib"]\n    node_venv_lib --> node_venv_lib_python3_12["python3.12"]\n    node_venv_lib_python3_12 --> node_venv_lib_python3_12_site-packages["site-packages"]\n    node_venv_lib_python3_12_site-packages --> node_venv_lib_python3_12_site-packages_PyQt6["PyQt6"]\n    node_venv_lib_python3_12_site-packages_PyQt6 --> node_venv_lib_python3_12_site-packages_PyQt6_Qt6["Qt6"]\n    node_venv_lib_python3_12_site-packages_PyQt6_Qt6 --> node_venv_lib_python3_12_site-packages_PyQt6_Qt6_translations["translations"]\n    node_venv_lib_python3_12_site-packages_PyQt6_Qt6_translations --> node_venv_lib_python3_12_site-packages_PyQt6_Qt6_translations_qtbase_pl_qm["qtbase_pl.qm"]\n    Root --> node_venv["venv"]\n    node_venv --> node_venv_lib["lib"]\n    node_venv_lib --> node_venv_lib_python3_12["python3.12"]\n    node_venv_lib_python3_12 --> node_venv_lib_python3_12_site-packages["site-packages"]\n    node_venv_lib_python3_12_site-packages --> node_venv_lib_python3_12_site-packages_PyQt6["PyQt6"]\n    node_venv_lib_python3_12_site-packages_PyQt6 --> node_venv_lib_python3_12_site-packages_PyQt6_Qt6["Qt6"]\n    node_venv_lib_python3_12_site-packages_PyQt6_Qt6 --> node_venv_lib_python3_12_site-packages_PyQt6_Qt6_translations["translations"]\n    node_venv_lib_python3_12_site-packages_PyQt6_Qt6_translations --> node_venv_lib_python3_12_site-packages_PyQt6_Qt6_translations_qtbase_pt_BR_qm["qtbase_pt_BR.qm"]\n    Root --> node_venv["venv"]\n    node_venv --> node_venv_lib["lib"]\n    node_venv_lib --> node_venv_lib_python3_12["python3.12"]\n    node_venv_lib_python3_12 --> node_venv_lib_python3_12_site-packages["site-packages"]\n    node_venv_lib_python3_12_site-packages --> node_venv_lib_python3_12_site-packages_PyQt6["PyQt6"]\n    node_venv_lib_python3_12_site-packages_PyQt6 --> node_venv_lib_python3_12_site-packages_PyQt6_Qt6["Qt6"]\n    node_venv_lib_python3_12_site-packages_PyQt6_Qt6 --> node_venv_lib_python3_12_site-packages_PyQt6_Qt6_translations["translations"]\n    node_venv_lib_python3_12_site-packages_PyQt6_Qt6_translations --> node_venv_lib_python3_12_site-packages_PyQt6_Qt6_translations_qtbase_ru_qm["qtbase_ru.qm"]\n    Root --> node_venv["venv"]\n    node_venv --> node_venv_lib["lib"]\n    node_venv_lib --> node_venv_lib_python3_12["python3.12"]\n    node_venv_lib_python3_12 --> node_venv_lib_python3_12_site-packages["site-packages"]\n    node_venv_lib_python3_12_site-packages --> node_venv_lib_python3_12_site-packages_PyQt6["PyQt6"]\n    node_venv_lib_python3_12_site-packages_PyQt6 --> node_venv_lib_python3_12_site-packages_PyQt6_Qt6["Qt6"]\n    node_venv_lib_python3_12_site-packages_PyQt6_Qt6 --> node_venv_lib_python3_12_site-packages_PyQt6_Qt6_translations["translations"]\n    node_venv_lib_python3_12_site-packages_PyQt6_Qt6_translations --> node_venv_lib_python3_12_site-packages_PyQt6_Qt6_translations_qtbase_sk_qm["qtbase_sk.qm"]\n    Root --> node_venv["venv"]\n    node_venv --> node_venv_lib["lib"]\n    node_venv_lib --> node_venv_lib_python3_12["python3.12"]\n    node_venv_lib_python3_12 --> node_venv_lib_python3_12_site-packages["site-packages"]\n    node_venv_lib_python3_12_site-packages --> node_venv_lib_python3_12_site-packages_PyQt6["PyQt6"]\n    node_venv_lib_python3_12_site-packages_PyQt6 --> node_venv_lib_python3_12_site-packages_PyQt6_Qt6["Qt6"]\n    node_venv_lib_python3_12_site-packages_PyQt6_Qt6 --> node_venv_lib_python3_12_site-packages_PyQt6_Qt6_translations["translations"]\n    node_venv_lib_python3_12_site-packages_PyQt6_Qt6_translations --> node_venv_lib_python3_12_site-packages_PyQt6_Qt6_translations_qtbase_sv_qm["qtbase_sv.qm"]\n    Root --> node_venv["venv"]\n    node_venv --> node_venv_lib["lib"]\n    node_venv_lib --> node_venv_lib_python3_12["python3.12"]\n    node_venv_lib_python3_12 --> node_venv_lib_python3_12_site-packages["site-packages"]\n    node_venv_lib_python3_12_site-packages --> node_venv_lib_python3_12_site-packages_PyQt6["PyQt6"]\n    node_venv_lib_python3_12_site-packages_PyQt6 --> node_venv_lib_python3_12_site-packages_PyQt6_Qt6["Qt6"]\n    node_venv_lib_python3_12_site-packages_PyQt6_Qt6 --> node_venv_lib_python3_12_site-packages_PyQt6_Qt6_translations["translations"]\n    node_venv_lib_python3_12_site-packages_PyQt6_Qt6_translations --> node_venv_lib_python3_12_site-packages_PyQt6_Qt6_translations_qtbase_tr_qm["qtbase_tr.qm"]\n    Root --> node_venv["venv"]\n    node_venv --> node_venv_lib["lib"]\n    node_venv_lib --> node_venv_lib_python3_12["python3.12"]\n    node_venv_lib_python3_12 --> node_venv_lib_python3_12_site-packages["site-packages"]\n    node_venv_lib_python3_12_site-packages --> node_venv_lib_python3_12_site-packages_PyQt6["PyQt6"]\n    node_venv_lib_python3_12_site-packages_PyQt6 --> node_venv_lib_python3_12_site-packages_PyQt6_Qt6["Qt6"]\n    node_venv_lib_python3_12_site-packages_PyQt6_Qt6 --> node_venv_lib_python3_12_site-packages_PyQt6_Qt6_translations["translations"]\n    node_venv_lib_python3_12_site-packages_PyQt6_Qt6_translations --> node_venv_lib_python3_12_site-packages_PyQt6_Qt6_translations_qtbase_uk_qm["qtbase_uk.qm"]\n    Root --> node_venv["venv"]\n    node_venv --> node_venv_lib["lib"]\n    node_venv_lib --> node_venv_lib_python3_12["python3.12"]\n    node_venv_lib_python3_12 --> node_venv_lib_python3_12_site-packages["site-packages"]\n    node_venv_lib_python3_12_site-packages --> node_venv_lib_python3_12_site-packages_PyQt6["PyQt6"]\n    node_venv_lib_python3_12_site-packages_PyQt6 --> node_venv_lib_python3_12_site-packages_PyQt6_Qt6["Qt6"]\n    node_venv_lib_python3_12_site-packages_PyQt6_Qt6 --> node_venv_lib_python3_12_site-packages_PyQt6_Qt6_translations["translations"]\n    node_venv_lib_python3_12_site-packages_PyQt6_Qt6_translations --> node_venv_lib_python3_12_site-packages_PyQt6_Qt6_translations_qtbase_zh_CN_qm["qtbase_zh_CN.qm"]\n    Root --> node_venv["venv"]\n    node_venv --> node_venv_lib["lib"]\n    node_venv_lib --> node_venv_lib_python3_12["python3.12"]\n    node_venv_lib_python3_12 --> node_venv_lib_python3_12_site-packages["site-packages"]\n    node_venv_lib_python3_12_site-packages --> node_venv_lib_python3_12_site-packages_PyQt6["PyQt6"]\n    node_venv_lib_python3_12_site-packages_PyQt6 --> node_venv_lib_python3_12_site-packages_PyQt6_Qt6["Qt6"]\n    node_venv_lib_python3_12_site-packages_PyQt6_Qt6 --> node_venv_lib_python3_12_site-packages_PyQt6_Qt6_translations["translations"]\n    node_venv_lib_python3_12_site-packages_PyQt6_Qt6_translations --> node_venv_lib_python3_12_site-packages_PyQt6_Qt6_translations_qtbase_zh_TW_qm["qtbase_zh_TW.qm"]\n    Root --> node_venv["venv"]\n    node_venv --> node_venv_lib["lib"]\n    node_venv_lib --> node_venv_lib_python3_12["python3.12"]\n    node_venv_lib_python3_12 --> node_venv_lib_python3_12_site-packages["site-packages"]\n    node_venv_lib_python3_12_site-packages --> node_venv_lib_python3_12_site-packages_PyQt6["PyQt6"]\n    node_venv_lib_python3_12_site-packages_PyQt6 --> node_venv_lib_python3_12_site-packages_PyQt6_Qt6["Qt6"]\n    node_venv_lib_python3_12_site-packages_PyQt6_Qt6 --> node_venv_lib_python3_12_site-packages_PyQt6_Qt6_translations["translations"]\n    node_venv_lib_python3_12_site-packages_PyQt6_Qt6_translations --> node_venv_lib_python3_12_site-packages_PyQt6_Qt6_translations_qtconnectivity_bg_qm["qtconnectivity_bg.qm"]\n    Root --> node_venv["venv"]\n    node_venv --> node_venv_lib["lib"]\n    node_venv_lib --> node_venv_lib_python3_12["python3.12"]\n    node_venv_lib_python3_12 --> node_venv_lib_python3_12_site-packages["site-packages"]\n    node_venv_lib_python3_12_site-packages --> node_venv_lib_python3_12_site-packages_PyQt6["PyQt6"]\n    node_venv_lib_python3_12_site-packages_PyQt6 --> node_venv_lib_python3_12_site-packages_PyQt6_Qt6["Qt6"]\n    node_venv_lib_python3_12_site-packages_PyQt6_Qt6 --> node_venv_lib_python3_12_site-packages_PyQt6_Qt6_translations["translations"]\n    node_venv_lib_python3_12_site-packages_PyQt6_Qt6_translations --> node_venv_lib_python3_12_site-packages_PyQt6_Qt6_translations_qtconnectivity_ca_qm["qtconnectivity_ca.qm"]\n    Root --> node_venv["venv"]\n    node_venv --> node_venv_lib["lib"]\n    node_venv_lib --> node_venv_lib_python3_12["python3.12"]\n    node_venv_lib_python3_12 --> node_venv_lib_python3_12_site-packages["site-packages"]\n    node_venv_lib_python3_12_site-packages --> node_venv_lib_python3_12_site-packages_PyQt6["PyQt6"]\n    node_venv_lib_python3_12_site-packages_PyQt6 --> node_venv_lib_python3_12_site-packages_PyQt6_Qt6["Qt6"]\n    node_venv_lib_python3_12_site-packages_PyQt6_Qt6 --> node_venv_lib_python3_12_site-packages_PyQt6_Qt6_translations["translations"]\n    node_venv_lib_python3_12_site-packages_PyQt6_Qt6_translations --> node_venv_lib_python3_12_site-packages_PyQt6_Qt6_translations_qtconnectivity_da_qm["qtconnectivity_da.qm"]\n    Root --> node_venv["venv"]\n    node_venv --> node_venv_lib["lib"]\n    node_venv_lib --> node_venv_lib_python3_12["python3.12"]\n    node_venv_lib_python3_12 --> node_venv_lib_python3_12_site-packages["site-packages"]\n    node_venv_lib_python3_12_site-packages --> node_venv_lib_python3_12_site-packages_PyQt6["PyQt6"]\n    node_venv_lib_python3_12_site-packages_PyQt6 --> node_venv_lib_python3_12_site-packages_PyQt6_Qt6["Qt6"]\n    node_venv_lib_python3_12_site-packages_PyQt6_Qt6 --> node_venv_lib_python3_12_site-packages_PyQt6_Qt6_translations["translations"]\n    node_venv_lib_python3_12_site-packages_PyQt6_Qt6_translations --> node_venv_lib_python3_12_site-packages_PyQt6_Qt6_translations_qtconnectivity_de_qm["qtconnectivity_de.qm"]\n    Root --> node_venv["venv"]\n    node_venv --> node_venv_lib["lib"]\n    node_venv_lib --> node_venv_lib_python3_12["python3.12"]\n    node_venv_lib_python3_12 --> node_venv_lib_python3_12_site-packages["site-packages"]\n    node_venv_lib_python3_12_site-packages --> node_venv_lib_python3_12_site-packages_PyQt6["PyQt6"]\n    node_venv_lib_python3_12_site-packages_PyQt6 --> node_venv_lib_python3_12_site-packages_PyQt6_Qt6["Qt6"]\n    node_venv_lib_python3_12_site-packages_PyQt6_Qt6 --> node_venv_lib_python3_12_site-packages_PyQt6_Qt6_translations["translations"]\n    node_venv_lib_python3_12_site-packages_PyQt6_Qt6_translations --> node_venv_lib_python3_12_site-packages_PyQt6_Qt6_translations_qtconnectivity_en_qm["qtconnectivity_en.qm"]\n    Root --> node_venv["venv"]\n    node_venv --> node_venv_lib["lib"]\n    node_venv_lib --> node_venv_lib_python3_12["python3.12"]\n    node_venv_lib_python3_12 --> node_venv_lib_python3_12_site-packages["site-packages"]\n    node_venv_lib_python3_12_site-packages --> node_venv_lib_python3_12_site-packages_PyQt6["PyQt6"]\n    node_venv_lib_python3_12_site-packages_PyQt6 --> node_venv_lib_python3_12_site-packages_PyQt6_Qt6["Qt6"]\n    node_venv_lib_python3_12_site-packages_PyQt6_Qt6 --> node_venv_lib_python3_12_site-packages_PyQt6_Qt6_translations["translations"]\n    node_venv_lib_python3_12_site-packages_PyQt6_Qt6_translations --> node_venv_lib_python3_12_site-packages_PyQt6_Qt6_translations_qtconnectivity_es_qm["qtconnectivity_es.qm"]\n    Root --> node_venv["venv"]\n    node_venv --> node_venv_lib["lib"]\n    node_venv_lib --> node_venv_lib_python3_12["python3.12"]\n    node_venv_lib_python3_12 --> node_venv_lib_python3_12_site-packages["site-packages"]\n    node_venv_lib_python3_12_site-packages --> node_venv_lib_python3_12_site-packages_PyQt6["PyQt6"]\n    node_venv_lib_python3_12_site-packages_PyQt6 --> node_venv_lib_python3_12_site-packages_PyQt6_Qt6["Qt6"]\n    node_venv_lib_python3_12_site-packages_PyQt6_Qt6 --> node_venv_lib_python3_12_site-packages_PyQt6_Qt6_translations["translations"]\n    node_venv_lib_python3_12_site-packages_PyQt6_Qt6_translations --> node_venv_lib_python3_12_site-packages_PyQt6_Qt6_translations_qtconnectivity_hr_qm["qtconnectivity_hr.qm"]\n    Root --> node_venv["venv"]\n    node_venv --> node_venv_lib["lib"]\n    node_venv_lib --> node_venv_lib_python3_12["python3.12"]\n    node_venv_lib_python3_12 --> node_venv_lib_python3_12_site-packages["site-packages"]\n    node_venv_lib_python3_12_site-packages --> node_venv_lib_python3_12_site-packages_PyQt6["PyQt6"]\n    node_venv_lib_python3_12_site-packages_PyQt6 --> node_venv_lib_python3_12_site-packages_PyQt6_Qt6["Qt6"]\n    node_venv_lib_python3_12_site-packages_PyQt6_Qt6 --> node_venv_lib_python3_12_site-packages_PyQt6_Qt6_translations["translations"]\n    node_venv_lib_python3_12_site-packages_PyQt6_Qt6_translations --> node_venv_lib_python3_12_site-packages_PyQt6_Qt6_translations_qtconnectivity_hu_qm["qtconnectivity_hu.qm"]\n    Root --> node_venv["venv"]\n    node_venv --> node_venv_lib["lib"]\n    node_venv_lib --> node_venv_lib_python3_12["python3.12"]\n    node_venv_lib_python3_12 --> node_venv_lib_python3_12_site-packages["site-packages"]\n    node_venv_lib_python3_12_site-packages --> node_venv_lib_python3_12_site-packages_PyQt6["PyQt6"]\n    node_venv_lib_python3_12_site-packages_PyQt6 --> node_venv_lib_python3_12_site-packages_PyQt6_Qt6["Qt6"]\n    node_venv_lib_python3_12_site-packages_PyQt6_Qt6 --> node_venv_lib_python3_12_site-packages_PyQt6_Qt6_translations["translations"]\n    node_venv_lib_python3_12_site-packages_PyQt6_Qt6_translations --> node_venv_lib_python3_12_site-packages_PyQt6_Qt6_translations_qtconnectivity_ka_qm["qtconnectivity_ka.qm"]\n    Root --> node_venv["venv"]\n    node_venv --> node_venv_lib["lib"]\n    node_venv_lib --> node_venv_lib_python3_12["python3.12"]\n    node_venv_lib_python3_12 --> node_venv_lib_python3_12_site-packages["site-packages"]\n    node_venv_lib_python3_12_site-packages --> node_venv_lib_python3_12_site-packages_PyQt6["PyQt6"]\n    node_venv_lib_python3_12_site-packages_PyQt6 --> node_venv_lib_python3_12_site-packages_PyQt6_Qt6["Qt6"]\n    node_venv_lib_python3_12_site-packages_PyQt6_Qt6 --> node_venv_lib_python3_12_site-packages_PyQt6_Qt6_translations["translations"]\n    node_venv_lib_python3_12_site-packages_PyQt6_Qt6_translations --> node_venv_lib_python3_12_site-packages_PyQt6_Qt6_translations_qtconnectivity_ko_qm["qtconnectivity_ko.qm"]\n    Root --> node_venv["venv"]\n    node_venv --> node_venv_lib["lib"]\n    node_venv_lib --> node_venv_lib_python3_12["python3.12"]\n    node_venv_lib_python3_12 --> node_venv_lib_python3_12_site-packages["site-packages"]\n    node_venv_lib_python3_12_site-packages --> node_venv_lib_python3_12_site-packages_PyQt6["PyQt6"]\n    node_venv_lib_python3_12_site-packages_PyQt6 --> node_venv_lib_python3_12_site-packages_PyQt6_Qt6["Qt6"]\n    node_venv_lib_python3_12_site-packages_PyQt6_Qt6 --> node_venv_lib_python3_12_site-packages_PyQt6_Qt6_translations["translations"]\n    node_venv_lib_python3_12_site-packages_PyQt6_Qt6_translations --> node_venv_lib_python3_12_site-packages_PyQt6_Qt6_translations_qtconnectivity_nl_qm["qtconnectivity_nl.qm"]\n    Root --> node_venv["venv"]\n    node_venv --> node_venv_lib["lib"]\n    node_venv_lib --> node_venv_lib_python3_12["python3.12"]\n    node_venv_lib_python3_12 --> node_venv_lib_python3_12_site-packages["site-packages"]\n    node_venv_lib_python3_12_site-packages --> node_venv_lib_python3_12_site-packages_PyQt6["PyQt6"]\n    node_venv_lib_python3_12_site-packages_PyQt6 --> node_venv_lib_python3_12_site-packages_PyQt6_Qt6["Qt6"]\n    node_venv_lib_python3_12_site-packages_PyQt6_Qt6 --> node_venv_lib_python3_12_site-packages_PyQt6_Qt6_translations["translations"]\n    node_venv_lib_python3_12_site-packages_PyQt6_Qt6_translations --> node_venv_lib_python3_12_site-packages_PyQt6_Qt6_translations_qtconnectivity_pl_qm["qtconnectivity_pl.qm"]\n    Root --> node_venv["venv"]\n    node_venv --> node_venv_lib["lib"]\n    node_venv_lib --> node_venv_lib_python3_12["python3.12"]\n    node_venv_lib_python3_12 --> node_venv_lib_python3_12_site-packages["site-packages"]\n    node_venv_lib_python3_12_site-packages --> node_venv_lib_python3_12_site-packages_PyQt6["PyQt6"]\n    node_venv_lib_python3_12_site-packages_PyQt6 --> node_venv_lib_python3_12_site-packages_PyQt6_Qt6["Qt6"]\n    node_venv_lib_python3_12_site-packages_PyQt6_Qt6 --> node_venv_lib_python3_12_site-packages_PyQt6_Qt6_translations["translations"]\n    node_venv_lib_python3_12_site-packages_PyQt6_Qt6_translations --> node_venv_lib_python3_12_site-packages_PyQt6_Qt6_translations_qtconnectivity_pt_BR_qm["qtconnectivity_pt_BR.qm"]\n    Root --> node_venv["venv"]\n    node_venv --> node_venv_lib["lib"]\n    node_venv_lib --> node_venv_lib_python3_12["python3.12"]\n    node_venv_lib_python3_12 --> node_venv_lib_python3_12_site-packages["site-packages"]\n    node_venv_lib_python3_12_site-packages --> node_venv_lib_python3_12_site-packages_PyQt6["PyQt6"]\n    node_venv_lib_python3_12_site-packages_PyQt6 --> node_venv_lib_python3_12_site-packages_PyQt6_Qt6["Qt6"]\n    node_venv_lib_python3_12_site-packages_PyQt6_Qt6 --> node_venv_lib_python3_12_site-packages_PyQt6_Qt6_translations["translations"]\n    node_venv_lib_python3_12_site-packages_PyQt6_Qt6_translations --> node_venv_lib_python3_12_site-packages_PyQt6_Qt6_translations_qtconnectivity_ru_qm["qtconnectivity_ru.qm"]\n    Root --> node_venv["venv"]\n    node_venv --> node_venv_lib["lib"]\n    node_venv_lib --> node_venv_lib_python3_12["python3.12"]\n    node_venv_lib_python3_12 --> node_venv_lib_python3_12_site-packages["site-packages"]\n    node_venv_lib_python3_12_site-packages --> node_venv_lib_python3_12_site-packages_PyQt6["PyQt6"]\n    node_venv_lib_python3_12_site-packages_PyQt6 --> node_venv_lib_python3_12_site-packages_PyQt6_Qt6["Qt6"]\n    node_venv_lib_python3_12_site-packages_PyQt6_Qt6 --> node_venv_lib_python3_12_site-packages_PyQt6_Qt6_translations["translations"]\n    node_venv_lib_python3_12_site-packages_PyQt6_Qt6_translations --> node_venv_lib_python3_12_site-packages_PyQt6_Qt6_translations_qtconnectivity_sv_qm["qtconnectivity_sv.qm"]\n    Root --> node_venv["venv"]\n    node_venv --> node_venv_lib["lib"]\n    node_venv_lib --> node_venv_lib_python3_12["python3.12"]\n    node_venv_lib_python3_12 --> node_venv_lib_python3_12_site-packages["site-packages"]\n    node_venv_lib_python3_12_site-packages --> node_venv_lib_python3_12_site-packages_PyQt6["PyQt6"]\n    node_venv_lib_python3_12_site-packages_PyQt6 --> node_venv_lib_python3_12_site-packages_PyQt6_Qt6["Qt6"]\n    node_venv_lib_python3_12_site-packages_PyQt6_Qt6 --> node_venv_lib_python3_12_site-packages_PyQt6_Qt6_translations["translations"]\n    node_venv_lib_python3_12_site-packages_PyQt6_Qt6_translations --> node_venv_lib_python3_12_site-packages_PyQt6_Qt6_translations_qtconnectivity_tr_qm["qtconnectivity_tr.qm"]\n    Root --> node_venv["venv"]\n    node_venv --> node_venv_lib["lib"]\n    node_venv_lib --> node_venv_lib_python3_12["python3.12"]\n    node_venv_lib_python3_12 --> node_venv_lib_python3_12_site-packages["site-packages"]\n    node_venv_lib_python3_12_site-packages --> node_venv_lib_python3_12_site-packages_PyQt6["PyQt6"]\n    node_venv_lib_python3_12_site-packages_PyQt6 --> node_venv_lib_python3_12_site-packages_PyQt6_Qt6["Qt6"]\n    node_venv_lib_python3_12_site-packages_PyQt6_Qt6 --> node_venv_lib_python3_12_site-packages_PyQt6_Qt6_translations["translations"]\n    node_venv_lib_python3_12_site-packages_PyQt6_Qt6_translations --> node_venv_lib_python3_12_site-packages_PyQt6_Qt6_translations_qtconnectivity_uk_qm["qtconnectivity_uk.qm"]\n    Root --> node_venv["venv"]\n    node_venv --> node_venv_lib["lib"]\n    node_venv_lib --> node_venv_lib_python3_12["python3.12"]\n    node_venv_lib_python3_12 --> node_venv_lib_python3_12_site-packages["site-packages"]\n    node_venv_lib_python3_12_site-packages --> node_venv_lib_python3_12_site-packages_PyQt6["PyQt6"]\n    node_venv_lib_python3_12_site-packages_PyQt6 --> node_venv_lib_python3_12_site-packages_PyQt6_Qt6["Qt6"]\n    node_venv_lib_python3_12_site-packages_PyQt6_Qt6 --> node_venv_lib_python3_12_site-packages_PyQt6_Qt6_translations["translations"]\n    node_venv_lib_python3_12_site-packages_PyQt6_Qt6_translations --> node_venv_lib_python3_12_site-packages_PyQt6_Qt6_translations_qtconnectivity_zh_CN_qm["qtconnectivity_zh_CN.qm"]\n    Root --> node_venv["venv"]\n    node_venv --> node_venv_lib["lib"]\n    node_venv_lib --> node_venv_lib_python3_12["python3.12"]\n    node_venv_lib_python3_12 --> node_venv_lib_python3_12_site-packages["site-packages"]\n    node_venv_lib_python3_12_site-packages --> node_venv_lib_python3_12_site-packages_PyQt6["PyQt6"]\n    node_venv_lib_python3_12_site-packages_PyQt6 --> node_venv_lib_python3_12_site-packages_PyQt6_Qt6["Qt6"]\n    node_venv_lib_python3_12_site-packages_PyQt6_Qt6 --> node_venv_lib_python3_12_site-packages_PyQt6_Qt6_translations["translations"]\n    node_venv_lib_python3_12_site-packages_PyQt6_Qt6_translations --> node_venv_lib_python3_12_site-packages_PyQt6_Qt6_translations_qtdeclarative_ar_qm["qtdeclarative_ar.qm"]\n    Root --> node_venv["venv"]\n    node_venv --> node_venv_lib["lib"]\n    node_venv_lib --> node_venv_lib_python3_12["python3.12"]\n    node_venv_lib_python3_12 --> node_venv_lib_python3_12_site-packages["site-packages"]\n    node_venv_lib_python3_12_site-packages --> node_venv_lib_python3_12_site-packages_PyQt6["PyQt6"]\n    node_venv_lib_python3_12_site-packages_PyQt6 --> node_venv_lib_python3_12_site-packages_PyQt6_Qt6["Qt6"]\n    node_venv_lib_python3_12_site-packages_PyQt6_Qt6 --> node_venv_lib_python3_12_site-packages_PyQt6_Qt6_translations["translations"]\n    node_venv_lib_python3_12_site-packages_PyQt6_Qt6_translations --> node_venv_lib_python3_12_site-packages_PyQt6_Qt6_translations_qtdeclarative_bg_qm["qtdeclarative_bg.qm"]\n    Root --> node_venv["venv"]\n    node_venv --> node_venv_lib["lib"]\n    node_venv_lib --> node_venv_lib_python3_12["python3.12"]\n    node_venv_lib_python3_12 --> node_venv_lib_python3_12_site-packages["site-packages"]\n    node_venv_lib_python3_12_site-packages --> node_venv_lib_python3_12_site-packages_PyQt6["PyQt6"]\n    node_venv_lib_python3_12_site-packages_PyQt6 --> node_venv_lib_python3_12_site-packages_PyQt6_Qt6["Qt6"]\n    node_venv_lib_python3_12_site-packages_PyQt6_Qt6 --> node_venv_lib_python3_12_site-packages_PyQt6_Qt6_translations["translations"]\n    node_venv_lib_python3_12_site-packages_PyQt6_Qt6_translations --> node_venv_lib_python3_12_site-packages_PyQt6_Qt6_translations_qtdeclarative_ca_qm["qtdeclarative_ca.qm"]\n    Root --> node_venv["venv"]\n    node_venv --> node_venv_lib["lib"]\n    node_venv_lib --> node_venv_lib_python3_12["python3.12"]\n    node_venv_lib_python3_12 --> node_venv_lib_python3_12_site-packages["site-packages"]\n    node_venv_lib_python3_12_site-packages --> node_venv_lib_python3_12_site-packages_PyQt6["PyQt6"]\n    node_venv_lib_python3_12_site-packages_PyQt6 --> node_venv_lib_python3_12_site-packages_PyQt6_Qt6["Qt6"]\n    node_venv_lib_python3_12_site-packages_PyQt6_Qt6 --> node_venv_lib_python3_12_site-packages_PyQt6_Qt6_translations["translations"]\n    node_venv_lib_python3_12_site-packages_PyQt6_Qt6_translations --> node_venv_lib_python3_12_site-packages_PyQt6_Qt6_translations_qtdeclarative_da_qm["qtdeclarative_da.qm"]\n    Root --> node_venv["venv"]\n    node_venv --> node_venv_lib["lib"]\n    node_venv_lib --> node_venv_lib_python3_12["python3.12"]\n    node_venv_lib_python3_12 --> node_venv_lib_python3_12_site-packages["site-packages"]\n    node_venv_lib_python3_12_site-packages --> node_venv_lib_python3_12_site-packages_PyQt6["PyQt6"]\n    node_venv_lib_python3_12_site-packages_PyQt6 --> node_venv_lib_python3_12_site-packages_PyQt6_Qt6["Qt6"]\n    node_venv_lib_python3_12_site-packages_PyQt6_Qt6 --> node_venv_lib_python3_12_site-packages_PyQt6_Qt6_translations["translations"]\n    node_venv_lib_python3_12_site-packages_PyQt6_Qt6_translations --> node_venv_lib_python3_12_site-packages_PyQt6_Qt6_translations_qtdeclarative_de_qm["qtdeclarative_de.qm"]\n    Root --> node_venv["venv"]\n    node_venv --> node_venv_lib["lib"]\n    node_venv_lib --> node_venv_lib_python3_12["python3.12"]\n    node_venv_lib_python3_12 --> node_venv_lib_python3_12_site-packages["site-packages"]\n    node_venv_lib_python3_12_site-packages --> node_venv_lib_python3_12_site-packages_PyQt6["PyQt6"]\n    node_venv_lib_python3_12_site-packages_PyQt6 --> node_venv_lib_python3_12_site-packages_PyQt6_Qt6["Qt6"]\n    node_venv_lib_python3_12_site-packages_PyQt6_Qt6 --> node_venv_lib_python3_12_site-packages_PyQt6_Qt6_translations["translations"]\n    node_venv_lib_python3_12_site-packages_PyQt6_Qt6_translations --> node_venv_lib_python3_12_site-packages_PyQt6_Qt6_translations_qtdeclarative_en_qm["qtdeclarative_en.qm"]\n    Root --> node_venv["venv"]\n    node_venv --> node_venv_lib["lib"]\n    node_venv_lib --> node_venv_lib_python3_12["python3.12"]\n    node_venv_lib_python3_12 --> node_venv_lib_python3_12_site-packages["site-packages"]\n    node_venv_lib_python3_12_site-packages --> node_venv_lib_python3_12_site-packages_PyQt6["PyQt6"]\n    node_venv_lib_python3_12_site-packages_PyQt6 --> node_venv_lib_python3_12_site-packages_PyQt6_Qt6["Qt6"]\n    node_venv_lib_python3_12_site-packages_PyQt6_Qt6 --> node_venv_lib_python3_12_site-packages_PyQt6_Qt6_translations["translations"]\n    node_venv_lib_python3_12_site-packages_PyQt6_Qt6_translations --> node_venv_lib_python3_12_site-packages_PyQt6_Qt6_translations_qtdeclarative_es_qm["qtdeclarative_es.qm"]\n    Root --> node_venv["venv"]\n    node_venv --> node_venv_lib["lib"]\n    node_venv_lib --> node_venv_lib_python3_12["python3.12"]\n    node_venv_lib_python3_12 --> node_venv_lib_python3_12_site-packages["site-packages"]\n    node_venv_lib_python3_12_site-packages --> node_venv_lib_python3_12_site-packages_PyQt6["PyQt6"]\n    node_venv_lib_python3_12_site-packages_PyQt6 --> node_venv_lib_python3_12_site-packages_PyQt6_Qt6["Qt6"]\n    node_venv_lib_python3_12_site-packages_PyQt6_Qt6 --> node_venv_lib_python3_12_site-packages_PyQt6_Qt6_translations["translations"]\n    node_venv_lib_python3_12_site-packages_PyQt6_Qt6_translations --> node_venv_lib_python3_12_site-packages_PyQt6_Qt6_translations_qtdeclarative_fa_qm["qtdeclarative_fa.qm"]\n    Root --> node_venv["venv"]\n    node_venv --> node_venv_lib["lib"]\n    node_venv_lib --> node_venv_lib_python3_12["python3.12"]\n    node_venv_lib_python3_12 --> node_venv_lib_python3_12_site-packages["site-packages"]\n    node_venv_lib_python3_12_site-packages --> node_venv_lib_python3_12_site-packages_PyQt6["PyQt6"]\n    node_venv_lib_python3_12_site-packages_PyQt6 --> node_venv_lib_python3_12_site-packages_PyQt6_Qt6["Qt6"]\n    node_venv_lib_python3_12_site-packages_PyQt6_Qt6 --> node_venv_lib_python3_12_site-packages_PyQt6_Qt6_translations["translations"]\n    node_venv_lib_python3_12_site-packages_PyQt6_Qt6_translations --> node_venv_lib_python3_12_site-packages_PyQt6_Qt6_translations_qtdeclarative_fi_qm["qtdeclarative_fi.qm"]\n    Root --> node_venv["venv"]\n    node_venv --> node_venv_lib["lib"]\n    node_venv_lib --> node_venv_lib_python3_12["python3.12"]\n    node_venv_lib_python3_12 --> node_venv_lib_python3_12_site-packages["site-packages"]\n    node_venv_lib_python3_12_site-packages --> node_venv_lib_python3_12_site-packages_PyQt6["PyQt6"]\n    node_venv_lib_python3_12_site-packages_PyQt6 --> node_venv_lib_python3_12_site-packages_PyQt6_Qt6["Qt6"]\n    node_venv_lib_python3_12_site-packages_PyQt6_Qt6 --> node_venv_lib_python3_12_site-packages_PyQt6_Qt6_translations["translations"]\n    node_venv_lib_python3_12_site-packages_PyQt6_Qt6_translations --> node_venv_lib_python3_12_site-packages_PyQt6_Qt6_translations_qtdeclarative_fr_qm["qtdeclarative_fr.qm"]\n    Root --> node_venv["venv"]\n    node_venv --> node_venv_lib["lib"]\n    node_venv_lib --> node_venv_lib_python3_12["python3.12"]\n    node_venv_lib_python3_12 --> node_venv_lib_python3_12_site-packages["site-packages"]\n    node_venv_lib_python3_12_site-packages --> node_venv_lib_python3_12_site-packages_PyQt6["PyQt6"]\n    node_venv_lib_python3_12_site-packages_PyQt6 --> node_venv_lib_python3_12_site-packages_PyQt6_Qt6["Qt6"]\n    node_venv_lib_python3_12_site-packages_PyQt6_Qt6 --> node_venv_lib_python3_12_site-packages_PyQt6_Qt6_translations["translations"]\n    node_venv_lib_python3_12_site-packages_PyQt6_Qt6_translations --> node_venv_lib_python3_12_site-packages_PyQt6_Qt6_translations_qtdeclarative_hr_qm["qtdeclarative_hr.qm"]\n    Root --> node_venv["venv"]\n    node_venv --> node_venv_lib["lib"]\n    node_venv_lib --> node_venv_lib_python3_12["python3.12"]\n    node_venv_lib_python3_12 --> node_venv_lib_python3_12_site-packages["site-packages"]\n    node_venv_lib_python3_12_site-packages --> node_venv_lib_python3_12_site-packages_PyQt6["PyQt6"]\n    node_venv_lib_python3_12_site-packages_PyQt6 --> node_venv_lib_python3_12_site-packages_PyQt6_Qt6["Qt6"]\n    node_venv_lib_python3_12_site-packages_PyQt6_Qt6 --> node_venv_lib_python3_12_site-packages_PyQt6_Qt6_translations["translations"]\n    node_venv_lib_python3_12_site-packages_PyQt6_Qt6_translations --> node_venv_lib_python3_12_site-packages_PyQt6_Qt6_translations_qtdeclarative_hu_qm["qtdeclarative_hu.qm"]\n    Root --> node_venv["venv"]\n    node_venv --> node_venv_lib["lib"]\n    node_venv_lib --> node_venv_lib_python3_12["python3.12"]\n    node_venv_lib_python3_12 --> node_venv_lib_python3_12_site-packages["site-packages"]\n    node_venv_lib_python3_12_site-packages --> node_venv_lib_python3_12_site-packages_PyQt6["PyQt6"]\n    node_venv_lib_python3_12_site-packages_PyQt6 --> node_venv_lib_python3_12_site-packages_PyQt6_Qt6["Qt6"]\n    node_venv_lib_python3_12_site-packages_PyQt6_Qt6 --> node_venv_lib_python3_12_site-packages_PyQt6_Qt6_translations["translations"]\n    node_venv_lib_python3_12_site-packages_PyQt6_Qt6_translations --> node_venv_lib_python3_12_site-packages_PyQt6_Qt6_translations_qtdeclarative_ja_qm["qtdeclarative_ja.qm"]\n    Root --> node_venv["venv"]\n    node_venv --> node_venv_lib["lib"]\n    node_venv_lib --> node_venv_lib_python3_12["python3.12"]\n    node_venv_lib_python3_12 --> node_venv_lib_python3_12_site-packages["site-packages"]\n    node_venv_lib_python3_12_site-packages --> node_venv_lib_python3_12_site-packages_PyQt6["PyQt6"]\n    node_venv_lib_python3_12_site-packages_PyQt6 --> node_venv_lib_python3_12_site-packages_PyQt6_Qt6["Qt6"]\n    node_venv_lib_python3_12_site-packages_PyQt6_Qt6 --> node_venv_lib_python3_12_site-packages_PyQt6_Qt6_translations["translations"]\n    node_venv_lib_python3_12_site-packages_PyQt6_Qt6_translations --> node_venv_lib_python3_12_site-packages_PyQt6_Qt6_translations_qtdeclarative_ka_qm["qtdeclarative_ka.qm"]\n    Root --> node_venv["venv"]\n    node_venv --> node_venv_lib["lib"]\n    node_venv_lib --> node_venv_lib_python3_12["python3.12"]\n    node_venv_lib_python3_12 --> node_venv_lib_python3_12_site-packages["site-packages"]\n    node_venv_lib_python3_12_site-packages --> node_venv_lib_python3_12_site-packages_PyQt6["PyQt6"]\n    node_venv_lib_python3_12_site-packages_PyQt6 --> node_venv_lib_python3_12_site-packages_PyQt6_Qt6["Qt6"]\n    node_venv_lib_python3_12_site-packages_PyQt6_Qt6 --> node_venv_lib_python3_12_site-packages_PyQt6_Qt6_translations["translations"]\n    node_venv_lib_python3_12_site-packages_PyQt6_Qt6_translations --> node_venv_lib_python3_12_site-packages_PyQt6_Qt6_translations_qtdeclarative_ko_qm["qtdeclarative_ko.qm"]\n    Root --> node_venv["venv"]\n    node_venv --> node_venv_lib["lib"]\n    node_venv_lib --> node_venv_lib_python3_12["python3.12"]\n    node_venv_lib_python3_12 --> node_venv_lib_python3_12_site-packages["site-packages"]\n    node_venv_lib_python3_12_site-packages --> node_venv_lib_python3_12_site-packages_PyQt6["PyQt6"]\n    node_venv_lib_python3_12_site-packages_PyQt6 --> node_venv_lib_python3_12_site-packages_PyQt6_Qt6["Qt6"]\n    node_venv_lib_python3_12_site-packages_PyQt6_Qt6 --> node_venv_lib_python3_12_site-packages_PyQt6_Qt6_translations["translations"]\n    node_venv_lib_python3_12_site-packages_PyQt6_Qt6_translations --> node_venv_lib_python3_12_site-packages_PyQt6_Qt6_translations_qtdeclarative_lv_qm["qtdeclarative_lv.qm"]\n    Root --> node_venv["venv"]\n    node_venv --> node_venv_lib["lib"]\n    node_venv_lib --> node_venv_lib_python3_12["python3.12"]\n    node_venv_lib_python3_12 --> node_venv_lib_python3_12_site-packages["site-packages"]\n    node_venv_lib_python3_12_site-packages --> node_venv_lib_python3_12_site-packages_PyQt6["PyQt6"]\n    node_venv_lib_python3_12_site-packages_PyQt6 --> node_venv_lib_python3_12_site-packages_PyQt6_Qt6["Qt6"]\n    node_venv_lib_python3_12_site-packages_PyQt6_Qt6 --> node_venv_lib_python3_12_site-packages_PyQt6_Qt6_translations["translations"]\n    node_venv_lib_python3_12_site-packages_PyQt6_Qt6_translations --> node_venv_lib_python3_12_site-packages_PyQt6_Qt6_translations_qtdeclarative_nl_qm["qtdeclarative_nl.qm"]\n    Root --> node_venv["venv"]\n    node_venv --> node_venv_lib["lib"]\n    node_venv_lib --> node_venv_lib_python3_12["python3.12"]\n    node_venv_lib_python3_12 --> node_venv_lib_python3_12_site-packages["site-packages"]\n    node_venv_lib_python3_12_site-packages --> node_venv_lib_python3_12_site-packages_PyQt6["PyQt6"]\n    node_venv_lib_python3_12_site-packages_PyQt6 --> node_venv_lib_python3_12_site-packages_PyQt6_Qt6["Qt6"]\n    node_venv_lib_python3_12_site-packages_PyQt6_Qt6 --> node_venv_lib_python3_12_site-packages_PyQt6_Qt6_translations["translations"]\n    node_venv_lib_python3_12_site-packages_PyQt6_Qt6_translations --> node_venv_lib_python3_12_site-packages_PyQt6_Qt6_translations_qtdeclarative_nn_qm["qtdeclarative_nn.qm"]\n    Root --> node_venv["venv"]\n    node_venv --> node_venv_lib["lib"]\n    node_venv_lib --> node_venv_lib_python3_12["python3.12"]\n    node_venv_lib_python3_12 --> node_venv_lib_python3_12_site-packages["site-packages"]\n    node_venv_lib_python3_12_site-packages --> node_venv_lib_python3_12_site-packages_PyQt6["PyQt6"]\n    node_venv_lib_python3_12_site-packages_PyQt6 --> node_venv_lib_python3_12_site-packages_PyQt6_Qt6["Qt6"]\n    node_venv_lib_python3_12_site-packages_PyQt6_Qt6 --> node_venv_lib_python3_12_site-packages_PyQt6_Qt6_translations["translations"]\n    node_venv_lib_python3_12_site-packages_PyQt6_Qt6_translations --> node_venv_lib_python3_12_site-packages_PyQt6_Qt6_translations_qtdeclarative_pl_qm["qtdeclarative_pl.qm"]\n    Root --> node_venv["venv"]\n    node_venv --> node_venv_lib["lib"]\n    node_venv_lib --> node_venv_lib_python3_12["python3.12"]\n    node_venv_lib_python3_12 --> node_venv_lib_python3_12_site-packages["site-packages"]\n    node_venv_lib_python3_12_site-packages --> node_venv_lib_python3_12_site-packages_PyQt6["PyQt6"]\n    node_venv_lib_python3_12_site-packages_PyQt6 --> node_venv_lib_python3_12_site-packages_PyQt6_Qt6["Qt6"]\n    node_venv_lib_python3_12_site-packages_PyQt6_Qt6 --> node_venv_lib_python3_12_site-packages_PyQt6_Qt6_translations["translations"]\n    node_venv_lib_python3_12_site-packages_PyQt6_Qt6_translations --> node_venv_lib_python3_12_site-packages_PyQt6_Qt6_translations_qtdeclarative_pt_BR_qm["qtdeclarative_pt_BR.qm"]\n    Root --> node_venv["venv"]\n    node_venv --> node_venv_lib["lib"]\n    node_venv_lib --> node_venv_lib_python3_12["python3.12"]\n    node_venv_lib_python3_12 --> node_venv_lib_python3_12_site-packages["site-packages"]\n    node_venv_lib_python3_12_site-packages --> node_venv_lib_python3_12_site-packages_PyQt6["PyQt6"]\n    node_venv_lib_python3_12_site-packages_PyQt6 --> node_venv_lib_python3_12_site-packages_PyQt6_Qt6["Qt6"]\n    node_venv_lib_python3_12_site-packages_PyQt6_Qt6 --> node_venv_lib_python3_12_site-packages_PyQt6_Qt6_translations["translations"]\n    node_venv_lib_python3_12_site-packages_PyQt6_Qt6_translations --> node_venv_lib_python3_12_site-packages_PyQt6_Qt6_translations_qtdeclarative_ru_qm["qtdeclarative_ru.qm"]\n    Root --> node_venv["venv"]\n    node_venv --> node_venv_lib["lib"]\n    node_venv_lib --> node_venv_lib_python3_12["python3.12"]\n    node_venv_lib_python3_12 --> node_venv_lib_python3_12_site-packages["site-packages"]\n    node_venv_lib_python3_12_site-packages --> node_venv_lib_python3_12_site-packages_PyQt6["PyQt6"]\n    node_venv_lib_python3_12_site-packages_PyQt6 --> node_venv_lib_python3_12_site-packages_PyQt6_Qt6["Qt6"]\n    node_venv_lib_python3_12_site-packages_PyQt6_Qt6 --> node_venv_lib_python3_12_site-packages_PyQt6_Qt6_translations["translations"]\n    node_venv_lib_python3_12_site-packages_PyQt6_Qt6_translations --> node_venv_lib_python3_12_site-packages_PyQt6_Qt6_translations_qtdeclarative_sk_qm["qtdeclarative_sk.qm"]\n    Root --> node_venv["venv"]\n    node_venv --> node_venv_lib["lib"]\n    node_venv_lib --> node_venv_lib_python3_12["python3.12"]\n    node_venv_lib_python3_12 --> node_venv_lib_python3_12_site-packages["site-packages"]\n    node_venv_lib_python3_12_site-packages --> node_venv_lib_python3_12_site-packages_PyQt6["PyQt6"]\n    node_venv_lib_python3_12_site-packages_PyQt6 --> node_venv_lib_python3_12_site-packages_PyQt6_Qt6["Qt6"]\n    node_venv_lib_python3_12_site-packages_PyQt6_Qt6 --> node_venv_lib_python3_12_site-packages_PyQt6_Qt6_translations["translations"]\n    node_venv_lib_python3_12_site-packages_PyQt6_Qt6_translations --> node_venv_lib_python3_12_site-packages_PyQt6_Qt6_translations_qtdeclarative_sv_qm["qtdeclarative_sv.qm"]\n    Root --> node_venv["venv"]\n    node_venv --> node_venv_lib["lib"]\n    node_venv_lib --> node_venv_lib_python3_12["python3.12"]\n    node_venv_lib_python3_12 --> node_venv_lib_python3_12_site-packages["site-packages"]\n    node_venv_lib_python3_12_site-packages --> node_venv_lib_python3_12_site-packages_PyQt6["PyQt6"]\n    node_venv_lib_python3_12_site-packages_PyQt6 --> node_venv_lib_python3_12_site-packages_PyQt6_Qt6["Qt6"]\n    node_venv_lib_python3_12_site-packages_PyQt6_Qt6 --> node_venv_lib_python3_12_site-packages_PyQt6_Qt6_translations["translations"]\n    node_venv_lib_python3_12_site-packages_PyQt6_Qt6_translations --> node_venv_lib_python3_12_site-packages_PyQt6_Qt6_translations_qtdeclarative_tr_qm["qtdeclarative_tr.qm"]\n    Root --> node_venv["venv"]\n    node_venv --> node_venv_lib["lib"]\n    node_venv_lib --> node_venv_lib_python3_12["python3.12"]\n    node_venv_lib_python3_12 --> node_venv_lib_python3_12_site-packages["site-packages"]\n    node_venv_lib_python3_12_site-packages --> node_venv_lib_python3_12_site-packages_PyQt6["PyQt6"]\n    node_venv_lib_python3_12_site-packages_PyQt6 --> node_venv_lib_python3_12_site-packages_PyQt6_Qt6["Qt6"]\n    node_venv_lib_python3_12_site-packages_PyQt6_Qt6 --> node_venv_lib_python3_12_site-packages_PyQt6_Qt6_translations["translations"]\n    node_venv_lib_python3_12_site-packages_PyQt6_Qt6_translations --> node_venv_lib_python3_12_site-packages_PyQt6_Qt6_translations_qtdeclarative_uk_qm["qtdeclarative_uk.qm"]\n    Root --> node_venv["venv"]\n    node_venv --> node_venv_lib["lib"]\n    node_venv_lib --> node_venv_lib_python3_12["python3.12"]\n    node_venv_lib_python3_12 --> node_venv_lib_python3_12_site-packages["site-packages"]\n    node_venv_lib_python3_12_site-packages --> node_venv_lib_python3_12_site-packages_PyQt6["PyQt6"]\n    node_venv_lib_python3_12_site-packages_PyQt6 --> node_venv_lib_python3_12_site-packages_PyQt6_Qt6["Qt6"]\n    node_venv_lib_python3_12_site-packages_PyQt6_Qt6 --> node_venv_lib_python3_12_site-packages_PyQt6_Qt6_translations["translations"]\n    node_venv_lib_python3_12_site-packages_PyQt6_Qt6_translations --> node_venv_lib_python3_12_site-packages_PyQt6_Qt6_translations_qtdeclarative_zh_CN_qm["qtdeclarative_zh_CN.qm"]\n    Root --> node_venv["venv"]\n    node_venv --> node_venv_lib["lib"]\n    node_venv_lib --> node_venv_lib_python3_12["python3.12"]\n    node_venv_lib_python3_12 --> node_venv_lib_python3_12_site-packages["site-packages"]\n    node_venv_lib_python3_12_site-packages --> node_venv_lib_python3_12_site-packages_PyQt6["PyQt6"]\n    node_venv_lib_python3_12_site-packages_PyQt6 --> node_venv_lib_python3_12_site-packages_PyQt6_Qt6["Qt6"]\n    node_venv_lib_python3_12_site-packages_PyQt6_Qt6 --> node_venv_lib_python3_12_site-packages_PyQt6_Qt6_translations["translations"]\n    node_venv_lib_python3_12_site-packages_PyQt6_Qt6_translations --> node_venv_lib_python3_12_site-packages_PyQt6_Qt6_translations_qtdeclarative_zh_TW_qm["qtdeclarative_zh_TW.qm"]\n    Root --> node_venv["venv"]\n    node_venv --> node_venv_lib["lib"]\n    node_venv_lib --> node_venv_lib_python3_12["python3.12"]\n    node_venv_lib_python3_12 --> node_venv_lib_python3_12_site-packages["site-packages"]\n    node_venv_lib_python3_12_site-packages --> node_venv_lib_python3_12_site-packages_PyQt6["PyQt6"]\n    node_venv_lib_python3_12_site-packages_PyQt6 --> node_venv_lib_python3_12_site-packages_PyQt6_Qt6["Qt6"]\n    node_venv_lib_python3_12_site-packages_PyQt6_Qt6 --> node_venv_lib_python3_12_site-packages_PyQt6_Qt6_translations["translations"]\n    node_venv_lib_python3_12_site-packages_PyQt6_Qt6_translations --> node_venv_lib_python3_12_site-packages_PyQt6_Qt6_translations_qtlocation_bg_qm["qtlocation_bg.qm"]\n    Root --> node_venv["venv"]\n    node_venv --> node_venv_lib["lib"]\n    node_venv_lib --> node_venv_lib_python3_12["python3.12"]\n    node_venv_lib_python3_12 --> node_venv_lib_python3_12_site-packages["site-packages"]\n    node_venv_lib_python3_12_site-packages --> node_venv_lib_python3_12_site-packages_PyQt6["PyQt6"]\n    node_venv_lib_python3_12_site-packages_PyQt6 --> node_venv_lib_python3_12_site-packages_PyQt6_Qt6["Qt6"]\n    node_venv_lib_python3_12_site-packages_PyQt6_Qt6 --> node_venv_lib_python3_12_site-packages_PyQt6_Qt6_translations["translations"]\n    node_venv_lib_python3_12_site-packages_PyQt6_Qt6_translations --> node_venv_lib_python3_12_site-packages_PyQt6_Qt6_translations_qtlocation_ca_qm["qtlocation_ca.qm"]\n    Root --> node_venv["venv"]\n    node_venv --> node_venv_lib["lib"]\n    node_venv_lib --> node_venv_lib_python3_12["python3.12"]\n    node_venv_lib_python3_12 --> node_venv_lib_python3_12_site-packages["site-packages"]\n    node_venv_lib_python3_12_site-packages --> node_venv_lib_python3_12_site-packages_PyQt6["PyQt6"]\n    node_venv_lib_python3_12_site-packages_PyQt6 --> node_venv_lib_python3_12_site-packages_PyQt6_Qt6["Qt6"]\n    node_venv_lib_python3_12_site-packages_PyQt6_Qt6 --> node_venv_lib_python3_12_site-packages_PyQt6_Qt6_translations["translations"]\n    node_venv_lib_python3_12_site-packages_PyQt6_Qt6_translations --> node_venv_lib_python3_12_site-packages_PyQt6_Qt6_translations_qtlocation_da_qm["qtlocation_da.qm"]\n    Root --> node_venv["venv"]\n    node_venv --> node_venv_lib["lib"]\n    node_venv_lib --> node_venv_lib_python3_12["python3.12"]\n    node_venv_lib_python3_12 --> node_venv_lib_python3_12_site-packages["site-packages"]\n    node_venv_lib_python3_12_site-packages --> node_venv_lib_python3_12_site-packages_PyQt6["PyQt6"]\n    node_venv_lib_python3_12_site-packages_PyQt6 --> node_venv_lib_python3_12_site-packages_PyQt6_Qt6["Qt6"]\n    node_venv_lib_python3_12_site-packages_PyQt6_Qt6 --> node_venv_lib_python3_12_site-packages_PyQt6_Qt6_translations["translations"]\n    node_venv_lib_python3_12_site-packages_PyQt6_Qt6_translations --> node_venv_lib_python3_12_site-packages_PyQt6_Qt6_translations_qtlocation_de_qm["qtlocation_de.qm"]\n    Root --> node_venv["venv"]\n    node_venv --> node_venv_lib["lib"]\n    node_venv_lib --> node_venv_lib_python3_12["python3.12"]\n    node_venv_lib_python3_12 --> node_venv_lib_python3_12_site-packages["site-packages"]\n    node_venv_lib_python3_12_site-packages --> node_venv_lib_python3_12_site-packages_PyQt6["PyQt6"]\n    node_venv_lib_python3_12_site-packages_PyQt6 --> node_venv_lib_python3_12_site-packages_PyQt6_Qt6["Qt6"]\n    node_venv_lib_python3_12_site-packages_PyQt6_Qt6 --> node_venv_lib_python3_12_site-packages_PyQt6_Qt6_translations["translations"]\n    node_venv_lib_python3_12_site-packages_PyQt6_Qt6_translations --> node_venv_lib_python3_12_site-packages_PyQt6_Qt6_translations_qtlocation_en_qm["qtlocation_en.qm"]\n    Root --> node_venv["venv"]\n    node_venv --> node_venv_lib["lib"]\n    node_venv_lib --> node_venv_lib_python3_12["python3.12"]\n    node_venv_lib_python3_12 --> node_venv_lib_python3_12_site-packages["site-packages"]\n    node_venv_lib_python3_12_site-packages --> node_venv_lib_python3_12_site-packages_PyQt6["PyQt6"]\n    node_venv_lib_python3_12_site-packages_PyQt6 --> node_venv_lib_python3_12_site-packages_PyQt6_Qt6["Qt6"]\n    node_venv_lib_python3_12_site-packages_PyQt6_Qt6 --> node_venv_lib_python3_12_site-packages_PyQt6_Qt6_translations["translations"]\n    node_venv_lib_python3_12_site-packages_PyQt6_Qt6_translations --> node_venv_lib_python3_12_site-packages_PyQt6_Qt6_translations_qtlocation_es_qm["qtlocation_es.qm"]\n    Root --> node_venv["venv"]\n    node_venv --> node_venv_lib["lib"]\n    node_venv_lib --> node_venv_lib_python3_12["python3.12"]\n    node_venv_lib_python3_12 --> node_venv_lib_python3_12_site-packages["site-packages"]\n    node_venv_lib_python3_12_site-packages --> node_venv_lib_python3_12_site-packages_PyQt6["PyQt6"]\n    node_venv_lib_python3_12_site-packages_PyQt6 --> node_venv_lib_python3_12_site-packages_PyQt6_Qt6["Qt6"]\n    node_venv_lib_python3_12_site-packages_PyQt6_Qt6 --> node_venv_lib_python3_12_site-packages_PyQt6_Qt6_translations["translations"]\n    node_venv_lib_python3_12_site-packages_PyQt6_Qt6_translations --> node_venv_lib_python3_12_site-packages_PyQt6_Qt6_translations_qtlocation_fi_qm["qtlocation_fi.qm"]\n    Root --> node_venv["venv"]\n    node_venv --> node_venv_lib["lib"]\n    node_venv_lib --> node_venv_lib_python3_12["python3.12"]\n    node_venv_lib_python3_12 --> node_venv_lib_python3_12_site-packages["site-packages"]\n    node_venv_lib_python3_12_site-packages --> node_venv_lib_python3_12_site-packages_PyQt6["PyQt6"]\n    node_venv_lib_python3_12_site-packages_PyQt6 --> node_venv_lib_python3_12_site-packages_PyQt6_Qt6["Qt6"]\n    node_venv_lib_python3_12_site-packages_PyQt6_Qt6 --> node_venv_lib_python3_12_site-packages_PyQt6_Qt6_translations["translations"]\n    node_venv_lib_python3_12_site-packages_PyQt6_Qt6_translations --> node_venv_lib_python3_12_site-packages_PyQt6_Qt6_translations_qtlocation_fr_qm["qtlocation_fr.qm"]\n    Root --> node_venv["venv"]\n    node_venv --> node_venv_lib["lib"]\n    node_venv_lib --> node_venv_lib_python3_12["python3.12"]\n    node_venv_lib_python3_12 --> node_venv_lib_python3_12_site-packages["site-packages"]\n    node_venv_lib_python3_12_site-packages --> node_venv_lib_python3_12_site-packages_PyQt6["PyQt6"]\n    node_venv_lib_python3_12_site-packages_PyQt6 --> node_venv_lib_python3_12_site-packages_PyQt6_Qt6["Qt6"]\n    node_venv_lib_python3_12_site-packages_PyQt6_Qt6 --> node_venv_lib_python3_12_site-packages_PyQt6_Qt6_translations["translations"]\n    node_venv_lib_python3_12_site-packages_PyQt6_Qt6_translations --> node_venv_lib_python3_12_site-packages_PyQt6_Qt6_translations_qtlocation_hr_qm["qtlocation_hr.qm"]\n    Root --> node_venv["venv"]\n    node_venv --> node_venv_lib["lib"]\n    node_venv_lib --> node_venv_lib_python3_12["python3.12"]\n    node_venv_lib_python3_12 --> node_venv_lib_python3_12_site-packages["site-packages"]\n    node_venv_lib_python3_12_site-packages --> node_venv_lib_python3_12_site-packages_PyQt6["PyQt6"]\n    node_venv_lib_python3_12_site-packages_PyQt6 --> node_venv_lib_python3_12_site-packages_PyQt6_Qt6["Qt6"]\n    node_venv_lib_python3_12_site-packages_PyQt6_Qt6 --> node_venv_lib_python3_12_site-packages_PyQt6_Qt6_translations["translations"]\n    node_venv_lib_python3_12_site-packages_PyQt6_Qt6_translations --> node_venv_lib_python3_12_site-packages_PyQt6_Qt6_translations_qtlocation_hu_qm["qtlocation_hu.qm"]\n    Root --> node_venv["venv"]\n    node_venv --> node_venv_lib["lib"]\n    node_venv_lib --> node_venv_lib_python3_12["python3.12"]\n    node_venv_lib_python3_12 --> node_venv_lib_python3_12_site-packages["site-packages"]\n    node_venv_lib_python3_12_site-packages --> node_venv_lib_python3_12_site-packages_PyQt6["PyQt6"]\n    node_venv_lib_python3_12_site-packages_PyQt6 --> node_venv_lib_python3_12_site-packages_PyQt6_Qt6["Qt6"]\n    node_venv_lib_python3_12_site-packages_PyQt6_Qt6 --> node_venv_lib_python3_12_site-packages_PyQt6_Qt6_translations["translations"]\n    node_venv_lib_python3_12_site-packages_PyQt6_Qt6_translations --> node_venv_lib_python3_12_site-packages_PyQt6_Qt6_translations_qtlocation_ka_qm["qtlocation_ka.qm"]\n    Root --> node_venv["venv"]\n    node_venv --> node_venv_lib["lib"]\n    node_venv_lib --> node_venv_lib_python3_12["python3.12"]\n    node_venv_lib_python3_12 --> node_venv_lib_python3_12_site-packages["site-packages"]\n    node_venv_lib_python3_12_site-packages --> node_venv_lib_python3_12_site-packages_PyQt6["PyQt6"]\n    node_venv_lib_python3_12_site-packages_PyQt6 --> node_venv_lib_python3_12_site-packages_PyQt6_Qt6["Qt6"]\n    node_venv_lib_python3_12_site-packages_PyQt6_Qt6 --> node_venv_lib_python3_12_site-packages_PyQt6_Qt6_translations["translations"]\n    node_venv_lib_python3_12_site-packages_PyQt6_Qt6_translations --> node_venv_lib_python3_12_site-packages_PyQt6_Qt6_translations_qtlocation_ko_qm["qtlocation_ko.qm"]\n    Root --> node_venv["venv"]\n    node_venv --> node_venv_lib["lib"]\n    node_venv_lib --> node_venv_lib_python3_12["python3.12"]\n    node_venv_lib_python3_12 --> node_venv_lib_python3_12_site-packages["site-packages"]\n    node_venv_lib_python3_12_site-packages --> node_venv_lib_python3_12_site-packages_PyQt6["PyQt6"]\n    node_venv_lib_python3_12_site-packages_PyQt6 --> node_venv_lib_python3_12_site-packages_PyQt6_Qt6["Qt6"]\n    node_venv_lib_python3_12_site-packages_PyQt6_Qt6 --> node_venv_lib_python3_12_site-packages_PyQt6_Qt6_translations["translations"]\n    node_venv_lib_python3_12_site-packages_PyQt6_Qt6_translations --> node_venv_lib_python3_12_site-packages_PyQt6_Qt6_translations_qtlocation_nl_qm["qtlocation_nl.qm"]\n    Root --> node_venv["venv"]\n    node_venv --> node_venv_lib["lib"]\n    node_venv_lib --> node_venv_lib_python3_12["python3.12"]\n    node_venv_lib_python3_12 --> node_venv_lib_python3_12_site-packages["site-packages"]\n    node_venv_lib_python3_12_site-packages --> node_venv_lib_python3_12_site-packages_PyQt6["PyQt6"]\n    node_venv_lib_python3_12_site-packages_PyQt6 --> node_venv_lib_python3_12_site-packages_PyQt6_Qt6["Qt6"]\n    node_venv_lib_python3_12_site-packages_PyQt6_Qt6 --> node_venv_lib_python3_12_site-packages_PyQt6_Qt6_translations["translations"]\n    node_venv_lib_python3_12_site-packages_PyQt6_Qt6_translations --> node_venv_lib_python3_12_site-packages_PyQt6_Qt6_translations_qtlocation_pl_qm["qtlocation_pl.qm"]\n    Root --> node_venv["venv"]\n    node_venv --> node_venv_lib["lib"]\n    node_venv_lib --> node_venv_lib_python3_12["python3.12"]\n    node_venv_lib_python3_12 --> node_venv_lib_python3_12_site-packages["site-packages"]\n    node_venv_lib_python3_12_site-packages --> node_venv_lib_python3_12_site-packages_PyQt6["PyQt6"]\n    node_venv_lib_python3_12_site-packages_PyQt6 --> node_venv_lib_python3_12_site-packages_PyQt6_Qt6["Qt6"]\n    node_venv_lib_python3_12_site-packages_PyQt6_Qt6 --> node_venv_lib_python3_12_site-packages_PyQt6_Qt6_translations["translations"]\n    node_venv_lib_python3_12_site-packages_PyQt6_Qt6_translations --> node_venv_lib_python3_12_site-packages_PyQt6_Qt6_translations_qtlocation_pt_BR_qm["qtlocation_pt_BR.qm"]\n    Root --> node_venv["venv"]\n    node_venv --> node_venv_lib["lib"]\n    node_venv_lib --> node_venv_lib_python3_12["python3.12"]\n    node_venv_lib_python3_12 --> node_venv_lib_python3_12_site-packages["site-packages"]\n    node_venv_lib_python3_12_site-packages --> node_venv_lib_python3_12_site-packages_PyQt6["PyQt6"]\n    node_venv_lib_python3_12_site-packages_PyQt6 --> node_venv_lib_python3_12_site-packages_PyQt6_Qt6["Qt6"]\n    node_venv_lib_python3_12_site-packages_PyQt6_Qt6 --> node_venv_lib_python3_12_site-packages_PyQt6_Qt6_translations["translations"]\n    node_venv_lib_python3_12_site-packages_PyQt6_Qt6_translations --> node_venv_lib_python3_12_site-packages_PyQt6_Qt6_translations_qtlocation_ru_qm["qtlocation_ru.qm"]\n    Root --> node_venv["venv"]\n    node_venv --> node_venv_lib["lib"]\n    node_venv_lib --> node_venv_lib_python3_12["python3.12"]\n    node_venv_lib_python3_12 --> node_venv_lib_python3_12_site-packages["site-packages"]\n    node_venv_lib_python3_12_site-packages --> node_venv_lib_python3_12_site-packages_PyQt6["PyQt6"]\n    node_venv_lib_python3_12_site-packages_PyQt6 --> node_venv_lib_python3_12_site-packages_PyQt6_Qt6["Qt6"]\n    node_venv_lib_python3_12_site-packages_PyQt6_Qt6 --> node_venv_lib_python3_12_site-packages_PyQt6_Qt6_translations["translations"]\n    node_venv_lib_python3_12_site-packages_PyQt6_Qt6_translations --> node_venv_lib_python3_12_site-packages_PyQt6_Qt6_translations_qtlocation_sv_qm["qtlocation_sv.qm"]\n    Root --> node_venv["venv"]\n    node_venv --> node_venv_lib["lib"]\n    node_venv_lib --> node_venv_lib_python3_12["python3.12"]\n    node_venv_lib_python3_12 --> node_venv_lib_python3_12_site-packages["site-packages"]\n    node_venv_lib_python3_12_site-packages --> node_venv_lib_python3_12_site-packages_PyQt6["PyQt6"]\n    node_venv_lib_python3_12_site-packages_PyQt6 --> node_venv_lib_python3_12_site-packages_PyQt6_Qt6["Qt6"]\n    node_venv_lib_python3_12_site-packages_PyQt6_Qt6 --> node_venv_lib_python3_12_site-packages_PyQt6_Qt6_translations["translations"]\n    node_venv_lib_python3_12_site-packages_PyQt6_Qt6_translations --> node_venv_lib_python3_12_site-packages_PyQt6_Qt6_translations_qtlocation_tr_qm["qtlocation_tr.qm"]\n    Root --> node_venv["venv"]\n    node_venv --> node_venv_lib["lib"]\n    node_venv_lib --> node_venv_lib_python3_12["python3.12"]\n    node_venv_lib_python3_12 --> node_venv_lib_python3_12_site-packages["site-packages"]\n    node_venv_lib_python3_12_site-packages --> node_venv_lib_python3_12_site-packages_PyQt6["PyQt6"]\n    node_venv_lib_python3_12_site-packages_PyQt6 --> node_venv_lib_python3_12_site-packages_PyQt6_Qt6["Qt6"]\n    node_venv_lib_python3_12_site-packages_PyQt6_Qt6 --> node_venv_lib_python3_12_site-packages_PyQt6_Qt6_translations["translations"]\n    node_venv_lib_python3_12_site-packages_PyQt6_Qt6_translations --> node_venv_lib_python3_12_site-packages_PyQt6_Qt6_translations_qtlocation_uk_qm["qtlocation_uk.qm"]\n    Root --> node_venv["venv"]\n    node_venv --> node_venv_lib["lib"]\n    node_venv_lib --> node_venv_lib_python3_12["python3.12"]\n    node_venv_lib_python3_12 --> node_venv_lib_python3_12_site-packages["site-packages"]\n    node_venv_lib_python3_12_site-packages --> node_venv_lib_python3_12_site-packages_PyQt6["PyQt6"]\n    node_venv_lib_python3_12_site-packages_PyQt6 --> node_venv_lib_python3_12_site-packages_PyQt6_Qt6["Qt6"]\n    node_venv_lib_python3_12_site-packages_PyQt6_Qt6 --> node_venv_lib_python3_12_site-packages_PyQt6_Qt6_translations["translations"]\n    node_venv_lib_python3_12_site-packages_PyQt6_Qt6_translations --> node_venv_lib_python3_12_site-packages_PyQt6_Qt6_translations_qtlocation_zh_CN_qm["qtlocation_zh_CN.qm"]\n    Root --> node_venv["venv"]\n    node_venv --> node_venv_lib["lib"]\n    node_venv_lib --> node_venv_lib_python3_12["python3.12"]\n    node_venv_lib_python3_12 --> node_venv_lib_python3_12_site-packages["site-packages"]\n    node_venv_lib_python3_12_site-packages --> node_venv_lib_python3_12_site-packages_PyQt6["PyQt6"]\n    node_venv_lib_python3_12_site-packages_PyQt6 --> node_venv_lib_python3_12_site-packages_PyQt6_Qt6["Qt6"]\n    node_venv_lib_python3_12_site-packages_PyQt6_Qt6 --> node_venv_lib_python3_12_site-packages_PyQt6_Qt6_translations["translations"]\n    node_venv_lib_python3_12_site-packages_PyQt6_Qt6_translations --> node_venv_lib_python3_12_site-packages_PyQt6_Qt6_translations_qtmultimedia_ar_qm["qtmultimedia_ar.qm"]\n    Root --> node_venv["venv"]\n    node_venv --> node_venv_lib["lib"]\n    node_venv_lib --> node_venv_lib_python3_12["python3.12"]\n    node_venv_lib_python3_12 --> node_venv_lib_python3_12_site-packages["site-packages"]\n    node_venv_lib_python3_12_site-packages --> node_venv_lib_python3_12_site-packages_PyQt6["PyQt6"]\n    node_venv_lib_python3_12_site-packages_PyQt6 --> node_venv_lib_python3_12_site-packages_PyQt6_Qt6["Qt6"]\n    node_venv_lib_python3_12_site-packages_PyQt6_Qt6 --> node_venv_lib_python3_12_site-packages_PyQt6_Qt6_translations["translations"]\n    node_venv_lib_python3_12_site-packages_PyQt6_Qt6_translations --> node_venv_lib_python3_12_site-packages_PyQt6_Qt6_translations_qtmultimedia_bg_qm["qtmultimedia_bg.qm"]\n    Root --> node_venv["venv"]\n    node_venv --> node_venv_lib["lib"]\n    node_venv_lib --> node_venv_lib_python3_12["python3.12"]\n    node_venv_lib_python3_12 --> node_venv_lib_python3_12_site-packages["site-packages"]\n    node_venv_lib_python3_12_site-packages --> node_venv_lib_python3_12_site-packages_PyQt6["PyQt6"]\n    node_venv_lib_python3_12_site-packages_PyQt6 --> node_venv_lib_python3_12_site-packages_PyQt6_Qt6["Qt6"]\n    node_venv_lib_python3_12_site-packages_PyQt6_Qt6 --> node_venv_lib_python3_12_site-packages_PyQt6_Qt6_translations["translations"]\n    node_venv_lib_python3_12_site-packages_PyQt6_Qt6_translations --> node_venv_lib_python3_12_site-packages_PyQt6_Qt6_translations_qtmultimedia_ca_qm["qtmultimedia_ca.qm"]\n    Root --> node_venv["venv"]\n    node_venv --> node_venv_lib["lib"]\n    node_venv_lib --> node_venv_lib_python3_12["python3.12"]\n    node_venv_lib_python3_12 --> node_venv_lib_python3_12_site-packages["site-packages"]\n    node_venv_lib_python3_12_site-packages --> node_venv_lib_python3_12_site-packages_PyQt6["PyQt6"]\n    node_venv_lib_python3_12_site-packages_PyQt6 --> node_venv_lib_python3_12_site-packages_PyQt6_Qt6["Qt6"]\n    node_venv_lib_python3_12_site-packages_PyQt6_Qt6 --> node_venv_lib_python3_12_site-packages_PyQt6_Qt6_translations["translations"]\n    node_venv_lib_python3_12_site-packages_PyQt6_Qt6_translations --> node_venv_lib_python3_12_site-packages_PyQt6_Qt6_translations_qtmultimedia_cs_qm["qtmultimedia_cs.qm"]\n    Root --> node_venv["venv"]\n    node_venv --> node_venv_lib["lib"]\n    node_venv_lib --> node_venv_lib_python3_12["python3.12"]\n    node_venv_lib_python3_12 --> node_venv_lib_python3_12_site-packages["site-packages"]\n    node_venv_lib_python3_12_site-packages --> node_venv_lib_python3_12_site-packages_PyQt6["PyQt6"]\n    node_venv_lib_python3_12_site-packages_PyQt6 --> node_venv_lib_python3_12_site-packages_PyQt6_Qt6["Qt6"]\n    node_venv_lib_python3_12_site-packages_PyQt6_Qt6 --> node_venv_lib_python3_12_site-packages_PyQt6_Qt6_translations["translations"]\n    node_venv_lib_python3_12_site-packages_PyQt6_Qt6_translations --> node_venv_lib_python3_12_site-packages_PyQt6_Qt6_translations_qtmultimedia_da_qm["qtmultimedia_da.qm"]\n    Root --> node_venv["venv"]\n    node_venv --> node_venv_lib["lib"]\n    node_venv_lib --> node_venv_lib_python3_12["python3.12"]\n    node_venv_lib_python3_12 --> node_venv_lib_python3_12_site-packages["site-packages"]\n    node_venv_lib_python3_12_site-packages --> node_venv_lib_python3_12_site-packages_PyQt6["PyQt6"]\n    node_venv_lib_python3_12_site-packages_PyQt6 --> node_venv_lib_python3_12_site-packages_PyQt6_Qt6["Qt6"]\n    node_venv_lib_python3_12_site-packages_PyQt6_Qt6 --> node_venv_lib_python3_12_site-packages_PyQt6_Qt6_translations["translations"]\n    node_venv_lib_python3_12_site-packages_PyQt6_Qt6_translations --> node_venv_lib_python3_12_site-packages_PyQt6_Qt6_translations_qtmultimedia_de_qm["qtmultimedia_de.qm"]\n    Root --> node_venv["venv"]\n    node_venv --> node_venv_lib["lib"]\n    node_venv_lib --> node_venv_lib_python3_12["python3.12"]\n    node_venv_lib_python3_12 --> node_venv_lib_python3_12_site-packages["site-packages"]\n    node_venv_lib_python3_12_site-packages --> node_venv_lib_python3_12_site-packages_PyQt6["PyQt6"]\n    node_venv_lib_python3_12_site-packages_PyQt6 --> node_venv_lib_python3_12_site-packages_PyQt6_Qt6["Qt6"]\n    node_venv_lib_python3_12_site-packages_PyQt6_Qt6 --> node_venv_lib_python3_12_site-packages_PyQt6_Qt6_translations["translations"]\n    node_venv_lib_python3_12_site-packages_PyQt6_Qt6_translations --> node_venv_lib_python3_12_site-packages_PyQt6_Qt6_translations_qtmultimedia_en_qm["qtmultimedia_en.qm"]\n    Root --> node_venv["venv"]\n    node_venv --> node_venv_lib["lib"]\n    node_venv_lib --> node_venv_lib_python3_12["python3.12"]\n    node_venv_lib_python3_12 --> node_venv_lib_python3_12_site-packages["site-packages"]\n    node_venv_lib_python3_12_site-packages --> node_venv_lib_python3_12_site-packages_PyQt6["PyQt6"]\n    node_venv_lib_python3_12_site-packages_PyQt6 --> node_venv_lib_python3_12_site-packages_PyQt6_Qt6["Qt6"]\n    node_venv_lib_python3_12_site-packages_PyQt6_Qt6 --> node_venv_lib_python3_12_site-packages_PyQt6_Qt6_translations["translations"]\n    node_venv_lib_python3_12_site-packages_PyQt6_Qt6_translations --> node_venv_lib_python3_12_site-packages_PyQt6_Qt6_translations_qtmultimedia_es_qm["qtmultimedia_es.qm"]\n    Root --> node_venv["venv"]\n    node_venv --> node_venv_lib["lib"]\n    node_venv_lib --> node_venv_lib_python3_12["python3.12"]\n    node_venv_lib_python3_12 --> node_venv_lib_python3_12_site-packages["site-packages"]\n    node_venv_lib_python3_12_site-packages --> node_venv_lib_python3_12_site-packages_PyQt6["PyQt6"]\n    node_venv_lib_python3_12_site-packages_PyQt6 --> node_venv_lib_python3_12_site-packages_PyQt6_Qt6["Qt6"]\n    node_venv_lib_python3_12_site-packages_PyQt6_Qt6 --> node_venv_lib_python3_12_site-packages_PyQt6_Qt6_translations["translations"]\n    node_venv_lib_python3_12_site-packages_PyQt6_Qt6_translations --> node_venv_lib_python3_12_site-packages_PyQt6_Qt6_translations_qtmultimedia_fa_qm["qtmultimedia_fa.qm"]\n    Root --> node_venv["venv"]\n    node_venv --> node_venv_lib["lib"]\n    node_venv_lib --> node_venv_lib_python3_12["python3.12"]\n    node_venv_lib_python3_12 --> node_venv_lib_python3_12_site-packages["site-packages"]\n    node_venv_lib_python3_12_site-packages --> node_venv_lib_python3_12_site-packages_PyQt6["PyQt6"]\n    node_venv_lib_python3_12_site-packages_PyQt6 --> node_venv_lib_python3_12_site-packages_PyQt6_Qt6["Qt6"]\n    node_venv_lib_python3_12_site-packages_PyQt6_Qt6 --> node_venv_lib_python3_12_site-packages_PyQt6_Qt6_translations["translations"]\n    node_venv_lib_python3_12_site-packages_PyQt6_Qt6_translations --> node_venv_lib_python3_12_site-packages_PyQt6_Qt6_translations_qtmultimedia_fi_qm["qtmultimedia_fi.qm"]\n    Root --> node_venv["venv"]\n    node_venv --> node_venv_lib["lib"]\n    node_venv_lib --> node_venv_lib_python3_12["python3.12"]\n    node_venv_lib_python3_12 --> node_venv_lib_python3_12_site-packages["site-packages"]\n    node_venv_lib_python3_12_site-packages --> node_venv_lib_python3_12_site-packages_PyQt6["PyQt6"]\n    node_venv_lib_python3_12_site-packages_PyQt6 --> node_venv_lib_python3_12_site-packages_PyQt6_Qt6["Qt6"]\n    node_venv_lib_python3_12_site-packages_PyQt6_Qt6 --> node_venv_lib_python3_12_site-packages_PyQt6_Qt6_translations["translations"]\n    node_venv_lib_python3_12_site-packages_PyQt6_Qt6_translations --> node_venv_lib_python3_12_site-packages_PyQt6_Qt6_translations_qtmultimedia_fr_qm["qtmultimedia_fr.qm"]\n    Root --> node_venv["venv"]\n    node_venv --> node_venv_lib["lib"]\n    node_venv_lib --> node_venv_lib_python3_12["python3.12"]\n    node_venv_lib_python3_12 --> node_venv_lib_python3_12_site-packages["site-packages"]\n    node_venv_lib_python3_12_site-packages --> node_venv_lib_python3_12_site-packages_PyQt6["PyQt6"]\n    node_venv_lib_python3_12_site-packages_PyQt6 --> node_venv_lib_python3_12_site-packages_PyQt6_Qt6["Qt6"]\n    node_venv_lib_python3_12_site-packages_PyQt6_Qt6 --> node_venv_lib_python3_12_site-packages_PyQt6_Qt6_translations["translations"]\n    node_venv_lib_python3_12_site-packages_PyQt6_Qt6_translations --> node_venv_lib_python3_12_site-packages_PyQt6_Qt6_translations_qtmultimedia_hr_qm["qtmultimedia_hr.qm"]\n    Root --> node_venv["venv"]\n    node_venv --> node_venv_lib["lib"]\n    node_venv_lib --> node_venv_lib_python3_12["python3.12"]\n    node_venv_lib_python3_12 --> node_venv_lib_python3_12_site-packages["site-packages"]\n    node_venv_lib_python3_12_site-packages --> node_venv_lib_python3_12_site-packages_PyQt6["PyQt6"]\n    node_venv_lib_python3_12_site-packages_PyQt6 --> node_venv_lib_python3_12_site-packages_PyQt6_Qt6["Qt6"]\n    node_venv_lib_python3_12_site-packages_PyQt6_Qt6 --> node_venv_lib_python3_12_site-packages_PyQt6_Qt6_translations["translations"]\n    node_venv_lib_python3_12_site-packages_PyQt6_Qt6_translations --> node_venv_lib_python3_12_site-packages_PyQt6_Qt6_translations_qtmultimedia_hu_qm["qtmultimedia_hu.qm"]\n    Root --> node_venv["venv"]\n    node_venv --> node_venv_lib["lib"]\n    node_venv_lib --> node_venv_lib_python3_12["python3.12"]\n    node_venv_lib_python3_12 --> node_venv_lib_python3_12_site-packages["site-packages"]\n    node_venv_lib_python3_12_site-packages --> node_venv_lib_python3_12_site-packages_PyQt6["PyQt6"]\n    node_venv_lib_python3_12_site-packages_PyQt6 --> node_venv_lib_python3_12_site-packages_PyQt6_Qt6["Qt6"]\n    node_venv_lib_python3_12_site-packages_PyQt6_Qt6 --> node_venv_lib_python3_12_site-packages_PyQt6_Qt6_translations["translations"]\n    node_venv_lib_python3_12_site-packages_PyQt6_Qt6_translations --> node_venv_lib_python3_12_site-packages_PyQt6_Qt6_translations_qtmultimedia_it_qm["qtmultimedia_it.qm"]\n    Root --> node_venv["venv"]\n    node_venv --> node_venv_lib["lib"]\n    node_venv_lib --> node_venv_lib_python3_12["python3.12"]\n    node_venv_lib_python3_12 --> node_venv_lib_python3_12_site-packages["site-packages"]\n    node_venv_lib_python3_12_site-packages --> node_venv_lib_python3_12_site-packages_PyQt6["PyQt6"]\n    node_venv_lib_python3_12_site-packages_PyQt6 --> node_venv_lib_python3_12_site-packages_PyQt6_Qt6["Qt6"]\n    node_venv_lib_python3_12_site-packages_PyQt6_Qt6 --> node_venv_lib_python3_12_site-packages_PyQt6_Qt6_translations["translations"]\n    node_venv_lib_python3_12_site-packages_PyQt6_Qt6_translations --> node_venv_lib_python3_12_site-packages_PyQt6_Qt6_translations_qtmultimedia_ja_qm["qtmultimedia_ja.qm"]\n    Root --> node_venv["venv"]\n    node_venv --> node_venv_lib["lib"]\n    node_venv_lib --> node_venv_lib_python3_12["python3.12"]\n    node_venv_lib_python3_12 --> node_venv_lib_python3_12_site-packages["site-packages"]\n    node_venv_lib_python3_12_site-packages --> node_venv_lib_python3_12_site-packages_PyQt6["PyQt6"]\n    node_venv_lib_python3_12_site-packages_PyQt6 --> node_venv_lib_python3_12_site-packages_PyQt6_Qt6["Qt6"]\n    node_venv_lib_python3_12_site-packages_PyQt6_Qt6 --> node_venv_lib_python3_12_site-packages_PyQt6_Qt6_translations["translations"]\n    node_venv_lib_python3_12_site-packages_PyQt6_Qt6_translations --> node_venv_lib_python3_12_site-packages_PyQt6_Qt6_translations_qtmultimedia_ka_qm["qtmultimedia_ka.qm"]\n    Root --> node_venv["venv"]\n    node_venv --> node_venv_lib["lib"]\n    node_venv_lib --> node_venv_lib_python3_12["python3.12"]\n    node_venv_lib_python3_12 --> node_venv_lib_python3_12_site-packages["site-packages"]\n    node_venv_lib_python3_12_site-packages --> node_venv_lib_python3_12_site-packages_PyQt6["PyQt6"]\n    node_venv_lib_python3_12_site-packages_PyQt6 --> node_venv_lib_python3_12_site-packages_PyQt6_Qt6["Qt6"]\n    node_venv_lib_python3_12_site-packages_PyQt6_Qt6 --> node_venv_lib_python3_12_site-packages_PyQt6_Qt6_translations["translations"]\n    node_venv_lib_python3_12_site-packages_PyQt6_Qt6_translations --> node_venv_lib_python3_12_site-packages_PyQt6_Qt6_translations_qtmultimedia_ko_qm["qtmultimedia_ko.qm"]\n    Root --> node_venv["venv"]\n    node_venv --> node_venv_lib["lib"]\n    node_venv_lib --> node_venv_lib_python3_12["python3.12"]\n    node_venv_lib_python3_12 --> node_venv_lib_python3_12_site-packages["site-packages"]\n    node_venv_lib_python3_12_site-packages --> node_venv_lib_python3_12_site-packages_PyQt6["PyQt6"]\n    node_venv_lib_python3_12_site-packages_PyQt6 --> node_venv_lib_python3_12_site-packages_PyQt6_Qt6["Qt6"]\n    node_venv_lib_python3_12_site-packages_PyQt6_Qt6 --> node_venv_lib_python3_12_site-packages_PyQt6_Qt6_translations["translations"]\n    node_venv_lib_python3_12_site-packages_PyQt6_Qt6_translations --> node_venv_lib_python3_12_site-packages_PyQt6_Qt6_translations_qtmultimedia_nl_qm["qtmultimedia_nl.qm"]\n    Root --> node_venv["venv"]\n    node_venv --> node_venv_lib["lib"]\n    node_venv_lib --> node_venv_lib_python3_12["python3.12"]\n    node_venv_lib_python3_12 --> node_venv_lib_python3_12_site-packages["site-packages"]\n    node_venv_lib_python3_12_site-packages --> node_venv_lib_python3_12_site-packages_PyQt6["PyQt6"]\n    node_venv_lib_python3_12_site-packages_PyQt6 --> node_venv_lib_python3_12_site-packages_PyQt6_Qt6["Qt6"]\n    node_venv_lib_python3_12_site-packages_PyQt6_Qt6 --> node_venv_lib_python3_12_site-packages_PyQt6_Qt6_translations["translations"]\n    node_venv_lib_python3_12_site-packages_PyQt6_Qt6_translations --> node_venv_lib_python3_12_site-packages_PyQt6_Qt6_translations_qtmultimedia_nn_qm["qtmultimedia_nn.qm"]\n    Root --> node_venv["venv"]\n    node_venv --> node_venv_lib["lib"]\n    node_venv_lib --> node_venv_lib_python3_12["python3.12"]\n    node_venv_lib_python3_12 --> node_venv_lib_python3_12_site-packages["site-packages"]\n    node_venv_lib_python3_12_site-packages --> node_venv_lib_python3_12_site-packages_PyQt6["PyQt6"]\n    node_venv_lib_python3_12_site-packages_PyQt6 --> node_venv_lib_python3_12_site-packages_PyQt6_Qt6["Qt6"]\n    node_venv_lib_python3_12_site-packages_PyQt6_Qt6 --> node_venv_lib_python3_12_site-packages_PyQt6_Qt6_translations["translations"]\n    node_venv_lib_python3_12_site-packages_PyQt6_Qt6_translations --> node_venv_lib_python3_12_site-packages_PyQt6_Qt6_translations_qtmultimedia_pl_qm["qtmultimedia_pl.qm"]\n    Root --> node_venv["venv"]\n    node_venv --> node_venv_lib["lib"]\n    node_venv_lib --> node_venv_lib_python3_12["python3.12"]\n    node_venv_lib_python3_12 --> node_venv_lib_python3_12_site-packages["site-packages"]\n    node_venv_lib_python3_12_site-packages --> node_venv_lib_python3_12_site-packages_PyQt6["PyQt6"]\n    node_venv_lib_python3_12_site-packages_PyQt6 --> node_venv_lib_python3_12_site-packages_PyQt6_Qt6["Qt6"]\n    node_venv_lib_python3_12_site-packages_PyQt6_Qt6 --> node_venv_lib_python3_12_site-packages_PyQt6_Qt6_translations["translations"]\n    node_venv_lib_python3_12_site-packages_PyQt6_Qt6_translations --> node_venv_lib_python3_12_site-packages_PyQt6_Qt6_translations_qtmultimedia_pt_BR_qm["qtmultimedia_pt_BR.qm"]\n    Root --> node_venv["venv"]\n    node_venv --> node_venv_lib["lib"]\n    node_venv_lib --> node_venv_lib_python3_12["python3.12"]\n    node_venv_lib_python3_12 --> node_venv_lib_python3_12_site-packages["site-packages"]\n    node_venv_lib_python3_12_site-packages --> node_venv_lib_python3_12_site-packages_PyQt6["PyQt6"]\n    node_venv_lib_python3_12_site-packages_PyQt6 --> node_venv_lib_python3_12_site-packages_PyQt6_Qt6["Qt6"]\n    node_venv_lib_python3_12_site-packages_PyQt6_Qt6 --> node_venv_lib_python3_12_site-packages_PyQt6_Qt6_translations["translations"]\n    node_venv_lib_python3_12_site-packages_PyQt6_Qt6_translations --> node_venv_lib_python3_12_site-packages_PyQt6_Qt6_translations_qtmultimedia_ru_qm["qtmultimedia_ru.qm"]\n    Root --> node_venv["venv"]\n    node_venv --> node_venv_lib["lib"]\n    node_venv_lib --> node_venv_lib_python3_12["python3.12"]\n    node_venv_lib_python3_12 --> node_venv_lib_python3_12_site-packages["site-packages"]\n    node_venv_lib_python3_12_site-packages --> node_venv_lib_python3_12_site-packages_PyQt6["PyQt6"]\n    node_venv_lib_python3_12_site-packages_PyQt6 --> node_venv_lib_python3_12_site-packages_PyQt6_Qt6["Qt6"]\n    node_venv_lib_python3_12_site-packages_PyQt6_Qt6 --> node_venv_lib_python3_12_site-packages_PyQt6_Qt6_translations["translations"]\n    node_venv_lib_python3_12_site-packages_PyQt6_Qt6_translations --> node_venv_lib_python3_12_site-packages_PyQt6_Qt6_translations_qtmultimedia_sk_qm["qtmultimedia_sk.qm"]\n    Root --> node_venv["venv"]\n    node_venv --> node_venv_lib["lib"]\n    node_venv_lib --> node_venv_lib_python3_12["python3.12"]\n    node_venv_lib_python3_12 --> node_venv_lib_python3_12_site-packages["site-packages"]\n    node_venv_lib_python3_12_site-packages --> node_venv_lib_python3_12_site-packages_PyQt6["PyQt6"]\n    node_venv_lib_python3_12_site-packages_PyQt6 --> node_venv_lib_python3_12_site-packages_PyQt6_Qt6["Qt6"]\n    node_venv_lib_python3_12_site-packages_PyQt6_Qt6 --> node_venv_lib_python3_12_site-packages_PyQt6_Qt6_translations["translations"]\n    node_venv_lib_python3_12_site-packages_PyQt6_Qt6_translations --> node_venv_lib_python3_12_site-packages_PyQt6_Qt6_translations_qtmultimedia_sv_qm["qtmultimedia_sv.qm"]\n    Root --> node_venv["venv"]\n    node_venv --> node_venv_lib["lib"]\n    node_venv_lib --> node_venv_lib_python3_12["python3.12"]\n    node_venv_lib_python3_12 --> node_venv_lib_python3_12_site-packages["site-packages"]\n    node_venv_lib_python3_12_site-packages --> node_venv_lib_python3_12_site-packages_PyQt6["PyQt6"]\n    node_venv_lib_python3_12_site-packages_PyQt6 --> node_venv_lib_python3_12_site-packages_PyQt6_Qt6["Qt6"]\n    node_venv_lib_python3_12_site-packages_PyQt6_Qt6 --> node_venv_lib_python3_12_site-packages_PyQt6_Qt6_translations["translations"]\n    node_venv_lib_python3_12_site-packages_PyQt6_Qt6_translations --> node_venv_lib_python3_12_site-packages_PyQt6_Qt6_translations_qtmultimedia_tr_qm["qtmultimedia_tr.qm"]\n    Root --> node_venv["venv"]\n    node_venv --> node_venv_lib["lib"]\n    node_venv_lib --> node_venv_lib_python3_12["python3.12"]\n    node_venv_lib_python3_12 --> node_venv_lib_python3_12_site-packages["site-packages"]\n    node_venv_lib_python3_12_site-packages --> node_venv_lib_python3_12_site-packages_PyQt6["PyQt6"]\n    node_venv_lib_python3_12_site-packages_PyQt6 --> node_venv_lib_python3_12_site-packages_PyQt6_Qt6["Qt6"]\n    node_venv_lib_python3_12_site-packages_PyQt6_Qt6 --> node_venv_lib_python3_12_site-packages_PyQt6_Qt6_translations["translations"]\n    node_venv_lib_python3_12_site-packages_PyQt6_Qt6_translations --> node_venv_lib_python3_12_site-packages_PyQt6_Qt6_translations_qtmultimedia_uk_qm["qtmultimedia_uk.qm"]\n    Root --> node_venv["venv"]\n    node_venv --> node_venv_lib["lib"]\n    node_venv_lib --> node_venv_lib_python3_12["python3.12"]\n    node_venv_lib_python3_12 --> node_venv_lib_python3_12_site-packages["site-packages"]\n    node_venv_lib_python3_12_site-packages --> node_venv_lib_python3_12_site-packages_PyQt6["PyQt6"]\n    node_venv_lib_python3_12_site-packages_PyQt6 --> node_venv_lib_python3_12_site-packages_PyQt6_Qt6["Qt6"]\n    node_venv_lib_python3_12_site-packages_PyQt6_Qt6 --> node_venv_lib_python3_12_site-packages_PyQt6_Qt6_translations["translations"]\n    node_venv_lib_python3_12_site-packages_PyQt6_Qt6_translations --> node_venv_lib_python3_12_site-packages_PyQt6_Qt6_translations_qtmultimedia_zh_CN_qm["qtmultimedia_zh_CN.qm"]\n    Root --> node_venv["venv"]\n    node_venv --> node_venv_lib["lib"]\n    node_venv_lib --> node_venv_lib_python3_12["python3.12"]\n    node_venv_lib_python3_12 --> node_venv_lib_python3_12_site-packages["site-packages"]\n    node_venv_lib_python3_12_site-packages --> node_venv_lib_python3_12_site-packages_PyQt6["PyQt6"]\n    node_venv_lib_python3_12_site-packages_PyQt6 --> node_venv_lib_python3_12_site-packages_PyQt6_Qt6["Qt6"]\n    node_venv_lib_python3_12_site-packages_PyQt6_Qt6 --> node_venv_lib_python3_12_site-packages_PyQt6_Qt6_translations["translations"]\n    node_venv_lib_python3_12_site-packages_PyQt6_Qt6_translations --> node_venv_lib_python3_12_site-packages_PyQt6_Qt6_translations_qtmultimedia_zh_TW_qm["qtmultimedia_zh_TW.qm"]\n    Root --> node_venv["venv"]\n    node_venv --> node_venv_lib["lib"]\n    node_venv_lib --> node_venv_lib_python3_12["python3.12"]\n    node_venv_lib_python3_12 --> node_venv_lib_python3_12_site-packages["site-packages"]\n    node_venv_lib_python3_12_site-packages --> node_venv_lib_python3_12_site-packages_PyQt6["PyQt6"]\n    node_venv_lib_python3_12_site-packages_PyQt6 --> node_venv_lib_python3_12_site-packages_PyQt6_Qt6["Qt6"]\n    node_venv_lib_python3_12_site-packages_PyQt6_Qt6 --> node_venv_lib_python3_12_site-packages_PyQt6_Qt6_translations["translations"]\n    node_venv_lib_python3_12_site-packages_PyQt6_Qt6_translations --> node_venv_lib_python3_12_site-packages_PyQt6_Qt6_translations_qtserialport_de_qm["qtserialport_de.qm"]\n    Root --> node_venv["venv"]\n    node_venv --> node_venv_lib["lib"]\n    node_venv_lib --> node_venv_lib_python3_12["python3.12"]\n    node_venv_lib_python3_12 --> node_venv_lib_python3_12_site-packages["site-packages"]\n    node_venv_lib_python3_12_site-packages --> node_venv_lib_python3_12_site-packages_PyQt6["PyQt6"]\n    node_venv_lib_python3_12_site-packages_PyQt6 --> node_venv_lib_python3_12_site-packages_PyQt6_Qt6["Qt6"]\n    node_venv_lib_python3_12_site-packages_PyQt6_Qt6 --> node_venv_lib_python3_12_site-packages_PyQt6_Qt6_translations["translations"]\n    node_venv_lib_python3_12_site-packages_PyQt6_Qt6_translations --> node_venv_lib_python3_12_site-packages_PyQt6_Qt6_translations_qtserialport_en_qm["qtserialport_en.qm"]\n    Root --> node_venv["venv"]\n    node_venv --> node_venv_lib["lib"]\n    node_venv_lib --> node_venv_lib_python3_12["python3.12"]\n    node_venv_lib_python3_12 --> node_venv_lib_python3_12_site-packages["site-packages"]\n    node_venv_lib_python3_12_site-packages --> node_venv_lib_python3_12_site-packages_PyQt6["PyQt6"]\n    node_venv_lib_python3_12_site-packages_PyQt6 --> node_venv_lib_python3_12_site-packages_PyQt6_Qt6["Qt6"]\n    node_venv_lib_python3_12_site-packages_PyQt6_Qt6 --> node_venv_lib_python3_12_site-packages_PyQt6_Qt6_translations["translations"]\n    node_venv_lib_python3_12_site-packages_PyQt6_Qt6_translations --> node_venv_lib_python3_12_site-packages_PyQt6_Qt6_translations_qtserialport_es_qm["qtserialport_es.qm"]\n    Root --> node_venv["venv"]\n    node_venv --> node_venv_lib["lib"]\n    node_venv_lib --> node_venv_lib_python3_12["python3.12"]\n    node_venv_lib_python3_12 --> node_venv_lib_python3_12_site-packages["site-packages"]\n    node_venv_lib_python3_12_site-packages --> node_venv_lib_python3_12_site-packages_PyQt6["PyQt6"]\n    node_venv_lib_python3_12_site-packages_PyQt6 --> node_venv_lib_python3_12_site-packages_PyQt6_Qt6["Qt6"]\n    node_venv_lib_python3_12_site-packages_PyQt6_Qt6 --> node_venv_lib_python3_12_site-packages_PyQt6_Qt6_translations["translations"]\n    node_venv_lib_python3_12_site-packages_PyQt6_Qt6_translations --> node_venv_lib_python3_12_site-packages_PyQt6_Qt6_translations_qtserialport_ja_qm["qtserialport_ja.qm"]\n    Root --> node_venv["venv"]\n    node_venv --> node_venv_lib["lib"]\n    node_venv_lib --> node_venv_lib_python3_12["python3.12"]\n    node_venv_lib_python3_12 --> node_venv_lib_python3_12_site-packages["site-packages"]\n    node_venv_lib_python3_12_site-packages --> node_venv_lib_python3_12_site-packages_PyQt6["PyQt6"]\n    node_venv_lib_python3_12_site-packages_PyQt6 --> node_venv_lib_python3_12_site-packages_PyQt6_Qt6["Qt6"]\n    node_venv_lib_python3_12_site-packages_PyQt6_Qt6 --> node_venv_lib_python3_12_site-packages_PyQt6_Qt6_translations["translations"]\n    node_venv_lib_python3_12_site-packages_PyQt6_Qt6_translations --> node_venv_lib_python3_12_site-packages_PyQt6_Qt6_translations_qtserialport_ka_qm["qtserialport_ka.qm"]\n    Root --> node_venv["venv"]\n    node_venv --> node_venv_lib["lib"]\n    node_venv_lib --> node_venv_lib_python3_12["python3.12"]\n    node_venv_lib_python3_12 --> node_venv_lib_python3_12_site-packages["site-packages"]\n    node_venv_lib_python3_12_site-packages --> node_venv_lib_python3_12_site-packages_PyQt6["PyQt6"]\n    node_venv_lib_python3_12_site-packages_PyQt6 --> node_venv_lib_python3_12_site-packages_PyQt6_Qt6["Qt6"]\n    node_venv_lib_python3_12_site-packages_PyQt6_Qt6 --> node_venv_lib_python3_12_site-packages_PyQt6_Qt6_translations["translations"]\n    node_venv_lib_python3_12_site-packages_PyQt6_Qt6_translations --> node_venv_lib_python3_12_site-packages_PyQt6_Qt6_translations_qtserialport_ko_qm["qtserialport_ko.qm"]\n    Root --> node_venv["venv"]\n    node_venv --> node_venv_lib["lib"]\n    node_venv_lib --> node_venv_lib_python3_12["python3.12"]\n    node_venv_lib_python3_12 --> node_venv_lib_python3_12_site-packages["site-packages"]\n    node_venv_lib_python3_12_site-packages --> node_venv_lib_python3_12_site-packages_PyQt6["PyQt6"]\n    node_venv_lib_python3_12_site-packages_PyQt6 --> node_venv_lib_python3_12_site-packages_PyQt6_Qt6["Qt6"]\n    node_venv_lib_python3_12_site-packages_PyQt6_Qt6 --> node_venv_lib_python3_12_site-packages_PyQt6_Qt6_translations["translations"]\n    node_venv_lib_python3_12_site-packages_PyQt6_Qt6_translations --> node_venv_lib_python3_12_site-packages_PyQt6_Qt6_translations_qtserialport_pl_qm["qtserialport_pl.qm"]\n    Root --> node_venv["venv"]\n    node_venv --> node_venv_lib["lib"]\n    node_venv_lib --> node_venv_lib_python3_12["python3.12"]\n    node_venv_lib_python3_12 --> node_venv_lib_python3_12_site-packages["site-packages"]\n    node_venv_lib_python3_12_site-packages --> node_venv_lib_python3_12_site-packages_PyQt6["PyQt6"]\n    node_venv_lib_python3_12_site-packages_PyQt6 --> node_venv_lib_python3_12_site-packages_PyQt6_Qt6["Qt6"]\n    node_venv_lib_python3_12_site-packages_PyQt6_Qt6 --> node_venv_lib_python3_12_site-packages_PyQt6_Qt6_translations["translations"]\n    node_venv_lib_python3_12_site-packages_PyQt6_Qt6_translations --> node_venv_lib_python3_12_site-packages_PyQt6_Qt6_translations_qtserialport_pt_BR_qm["qtserialport_pt_BR.qm"]\n    Root --> node_venv["venv"]\n    node_venv --> node_venv_lib["lib"]\n    node_venv_lib --> node_venv_lib_python3_12["python3.12"]\n    node_venv_lib_python3_12 --> node_venv_lib_python3_12_site-packages["site-packages"]\n    node_venv_lib_python3_12_site-packages --> node_venv_lib_python3_12_site-packages_PyQt6["PyQt6"]\n    node_venv_lib_python3_12_site-packages_PyQt6 --> node_venv_lib_python3_12_site-packages_PyQt6_Qt6["Qt6"]\n    node_venv_lib_python3_12_site-packages_PyQt6_Qt6 --> node_venv_lib_python3_12_site-packages_PyQt6_Qt6_translations["translations"]\n    node_venv_lib_python3_12_site-packages_PyQt6_Qt6_translations --> node_venv_lib_python3_12_site-packages_PyQt6_Qt6_translations_qtserialport_ru_qm["qtserialport_ru.qm"]\n    Root --> node_venv["venv"]\n    node_venv --> node_venv_lib["lib"]\n    node_venv_lib --> node_venv_lib_python3_12["python3.12"]\n    node_venv_lib_python3_12 --> node_venv_lib_python3_12_site-packages["site-packages"]\n    node_venv_lib_python3_12_site-packages --> node_venv_lib_python3_12_site-packages_PyQt6["PyQt6"]\n    node_venv_lib_python3_12_site-packages_PyQt6 --> node_venv_lib_python3_12_site-packages_PyQt6_Qt6["Qt6"]\n    node_venv_lib_python3_12_site-packages_PyQt6_Qt6 --> node_venv_lib_python3_12_site-packages_PyQt6_Qt6_translations["translations"]\n    node_venv_lib_python3_12_site-packages_PyQt6_Qt6_translations --> node_venv_lib_python3_12_site-packages_PyQt6_Qt6_translations_qtserialport_sv_qm["qtserialport_sv.qm"]\n    Root --> node_venv["venv"]\n    node_venv --> node_venv_lib["lib"]\n    node_venv_lib --> node_venv_lib_python3_12["python3.12"]\n    node_venv_lib_python3_12 --> node_venv_lib_python3_12_site-packages["site-packages"]\n    node_venv_lib_python3_12_site-packages --> node_venv_lib_python3_12_site-packages_PyQt6["PyQt6"]\n    node_venv_lib_python3_12_site-packages_PyQt6 --> node_venv_lib_python3_12_site-packages_PyQt6_Qt6["Qt6"]\n    node_venv_lib_python3_12_site-packages_PyQt6_Qt6 --> node_venv_lib_python3_12_site-packages_PyQt6_Qt6_translations["translations"]\n    node_venv_lib_python3_12_site-packages_PyQt6_Qt6_translations --> node_venv_lib_python3_12_site-packages_PyQt6_Qt6_translations_qtserialport_tr_qm["qtserialport_tr.qm"]\n    Root --> node_venv["venv"]\n    node_venv --> node_venv_lib["lib"]\n    node_venv_lib --> node_venv_lib_python3_12["python3.12"]\n    node_venv_lib_python3_12 --> node_venv_lib_python3_12_site-packages["site-packages"]\n    node_venv_lib_python3_12_site-packages --> node_venv_lib_python3_12_site-packages_PyQt6["PyQt6"]\n    node_venv_lib_python3_12_site-packages_PyQt6 --> node_venv_lib_python3_12_site-packages_PyQt6_Qt6["Qt6"]\n    node_venv_lib_python3_12_site-packages_PyQt6_Qt6 --> node_venv_lib_python3_12_site-packages_PyQt6_Qt6_translations["translations"]\n    node_venv_lib_python3_12_site-packages_PyQt6_Qt6_translations --> node_venv_lib_python3_12_site-packages_PyQt6_Qt6_translations_qtserialport_uk_qm["qtserialport_uk.qm"]\n    Root --> node_venv["venv"]\n    node_venv --> node_venv_lib["lib"]\n    node_venv_lib --> node_venv_lib_python3_12["python3.12"]\n    node_venv_lib_python3_12 --> node_venv_lib_python3_12_site-packages["site-packages"]\n    node_venv_lib_python3_12_site-packages --> node_venv_lib_python3_12_site-packages_PyQt6["PyQt6"]\n    node_venv_lib_python3_12_site-packages_PyQt6 --> node_venv_lib_python3_12_site-packages_PyQt6_Qt6["Qt6"]\n    node_venv_lib_python3_12_site-packages_PyQt6_Qt6 --> node_venv_lib_python3_12_site-packages_PyQt6_Qt6_translations["translations"]\n    node_venv_lib_python3_12_site-packages_PyQt6_Qt6_translations --> node_venv_lib_python3_12_site-packages_PyQt6_Qt6_translations_qtserialport_zh_CN_qm["qtserialport_zh_CN.qm"]\n    Root --> node_venv["venv"]\n    node_venv --> node_venv_lib["lib"]\n    node_venv_lib --> node_venv_lib_python3_12["python3.12"]\n    node_venv_lib_python3_12 --> node_venv_lib_python3_12_site-packages["site-packages"]\n    node_venv_lib_python3_12_site-packages --> node_venv_lib_python3_12_site-packages_PyQt6["PyQt6"]\n    node_venv_lib_python3_12_site-packages_PyQt6 --> node_venv_lib_python3_12_site-packages_PyQt6_Qt6["Qt6"]\n    node_venv_lib_python3_12_site-packages_PyQt6_Qt6 --> node_venv_lib_python3_12_site-packages_PyQt6_Qt6_translations["translations"]\n    node_venv_lib_python3_12_site-packages_PyQt6_Qt6_translations --> node_venv_lib_python3_12_site-packages_PyQt6_Qt6_translations_qtwebsockets_ca_qm["qtwebsockets_ca.qm"]\n    Root --> node_venv["venv"]\n    node_venv --> node_venv_lib["lib"]\n    node_venv_lib --> node_venv_lib_python3_12["python3.12"]\n    node_venv_lib_python3_12 --> node_venv_lib_python3_12_site-packages["site-packages"]\n    node_venv_lib_python3_12_site-packages --> node_venv_lib_python3_12_site-packages_PyQt6["PyQt6"]\n    node_venv_lib_python3_12_site-packages_PyQt6 --> node_venv_lib_python3_12_site-packages_PyQt6_Qt6["Qt6"]\n    node_venv_lib_python3_12_site-packages_PyQt6_Qt6 --> node_venv_lib_python3_12_site-packages_PyQt6_Qt6_translations["translations"]\n    node_venv_lib_python3_12_site-packages_PyQt6_Qt6_translations --> node_venv_lib_python3_12_site-packages_PyQt6_Qt6_translations_qtwebsockets_de_qm["qtwebsockets_de.qm"]\n    Root --> node_venv["venv"]\n    node_venv --> node_venv_lib["lib"]\n    node_venv_lib --> node_venv_lib_python3_12["python3.12"]\n    node_venv_lib_python3_12 --> node_venv_lib_python3_12_site-packages["site-packages"]\n    node_venv_lib_python3_12_site-packages --> node_venv_lib_python3_12_site-packages_PyQt6["PyQt6"]\n    node_venv_lib_python3_12_site-packages_PyQt6 --> node_venv_lib_python3_12_site-packages_PyQt6_Qt6["Qt6"]\n    node_venv_lib_python3_12_site-packages_PyQt6_Qt6 --> node_venv_lib_python3_12_site-packages_PyQt6_Qt6_translations["translations"]\n    node_venv_lib_python3_12_site-packages_PyQt6_Qt6_translations --> node_venv_lib_python3_12_site-packages_PyQt6_Qt6_translations_qtwebsockets_en_qm["qtwebsockets_en.qm"]\n    Root --> node_venv["venv"]\n    node_venv --> node_venv_lib["lib"]\n    node_venv_lib --> node_venv_lib_python3_12["python3.12"]\n    node_venv_lib_python3_12 --> node_venv_lib_python3_12_site-packages["site-packages"]\n    node_venv_lib_python3_12_site-packages --> node_venv_lib_python3_12_site-packages_PyQt6["PyQt6"]\n    node_venv_lib_python3_12_site-packages_PyQt6 --> node_venv_lib_python3_12_site-packages_PyQt6_Qt6["Qt6"]\n    node_venv_lib_python3_12_site-packages_PyQt6_Qt6 --> node_venv_lib_python3_12_site-packages_PyQt6_Qt6_translations["translations"]\n    node_venv_lib_python3_12_site-packages_PyQt6_Qt6_translations --> node_venv_lib_python3_12_site-packages_PyQt6_Qt6_translations_qtwebsockets_es_qm["qtwebsockets_es.qm"]\n    Root --> node_venv["venv"]\n    node_venv --> node_venv_lib["lib"]\n    node_venv_lib --> node_venv_lib_python3_12["python3.12"]\n    node_venv_lib_python3_12 --> node_venv_lib_python3_12_site-packages["site-packages"]\n    node_venv_lib_python3_12_site-packages --> node_venv_lib_python3_12_site-packages_PyQt6["PyQt6"]\n    node_venv_lib_python3_12_site-packages_PyQt6 --> node_venv_lib_python3_12_site-packages_PyQt6_Qt6["Qt6"]\n    node_venv_lib_python3_12_site-packages_PyQt6_Qt6 --> node_venv_lib_python3_12_site-packages_PyQt6_Qt6_translations["translations"]\n    node_venv_lib_python3_12_site-packages_PyQt6_Qt6_translations --> node_venv_lib_python3_12_site-packages_PyQt6_Qt6_translations_qtwebsockets_fr_qm["qtwebsockets_fr.qm"]\n    Root --> node_venv["venv"]\n    node_venv --> node_venv_lib["lib"]\n    node_venv_lib --> node_venv_lib_python3_12["python3.12"]\n    node_venv_lib_python3_12 --> node_venv_lib_python3_12_site-packages["site-packages"]\n    node_venv_lib_python3_12_site-packages --> node_venv_lib_python3_12_site-packages_PyQt6["PyQt6"]\n    node_venv_lib_python3_12_site-packages_PyQt6 --> node_venv_lib_python3_12_site-packages_PyQt6_Qt6["Qt6"]\n    node_venv_lib_python3_12_site-packages_PyQt6_Qt6 --> node_venv_lib_python3_12_site-packages_PyQt6_Qt6_translations["translations"]\n    node_venv_lib_python3_12_site-packages_PyQt6_Qt6_translations --> node_venv_lib_python3_12_site-packages_PyQt6_Qt6_translations_qtwebsockets_ja_qm["qtwebsockets_ja.qm"]\n    Root --> node_venv["venv"]\n    node_venv --> node_venv_lib["lib"]\n    node_venv_lib --> node_venv_lib_python3_12["python3.12"]\n    node_venv_lib_python3_12 --> node_venv_lib_python3_12_site-packages["site-packages"]\n    node_venv_lib_python3_12_site-packages --> node_venv_lib_python3_12_site-packages_PyQt6["PyQt6"]\n    node_venv_lib_python3_12_site-packages_PyQt6 --> node_venv_lib_python3_12_site-packages_PyQt6_Qt6["Qt6"]\n    node_venv_lib_python3_12_site-packages_PyQt6_Qt6 --> node_venv_lib_python3_12_site-packages_PyQt6_Qt6_translations["translations"]\n    node_venv_lib_python3_12_site-packages_PyQt6_Qt6_translations --> node_venv_lib_python3_12_site-packages_PyQt6_Qt6_translations_qtwebsockets_ka_qm["qtwebsockets_ka.qm"]\n    Root --> node_venv["venv"]\n    node_venv --> node_venv_lib["lib"]\n    node_venv_lib --> node_venv_lib_python3_12["python3.12"]\n    node_venv_lib_python3_12 --> node_venv_lib_python3_12_site-packages["site-packages"]\n    node_venv_lib_python3_12_site-packages --> node_venv_lib_python3_12_site-packages_PyQt6["PyQt6"]\n    node_venv_lib_python3_12_site-packages_PyQt6 --> node_venv_lib_python3_12_site-packages_PyQt6_Qt6["Qt6"]\n    node_venv_lib_python3_12_site-packages_PyQt6_Qt6 --> node_venv_lib_python3_12_site-packages_PyQt6_Qt6_translations["translations"]\n    node_venv_lib_python3_12_site-packages_PyQt6_Qt6_translations --> node_venv_lib_python3_12_site-packages_PyQt6_Qt6_translations_qtwebsockets_ko_qm["qtwebsockets_ko.qm"]\n    Root --> node_venv["venv"]\n    node_venv --> node_venv_lib["lib"]\n    node_venv_lib --> node_venv_lib_python3_12["python3.12"]\n    node_venv_lib_python3_12 --> node_venv_lib_python3_12_site-packages["site-packages"]\n    node_venv_lib_python3_12_site-packages --> node_venv_lib_python3_12_site-packages_PyQt6["PyQt6"]\n    node_venv_lib_python3_12_site-packages_PyQt6 --> node_venv_lib_python3_12_site-packages_PyQt6_Qt6["Qt6"]\n    node_venv_lib_python3_12_site-packages_PyQt6_Qt6 --> node_venv_lib_python3_12_site-packages_PyQt6_Qt6_translations["translations"]\n    node_venv_lib_python3_12_site-packages_PyQt6_Qt6_translations --> node_venv_lib_python3_12_site-packages_PyQt6_Qt6_translations_qtwebsockets_pl_qm["qtwebsockets_pl.qm"]\n    Root --> node_venv["venv"]\n    node_venv --> node_venv_lib["lib"]\n    node_venv_lib --> node_venv_lib_python3_12["python3.12"]\n    node_venv_lib_python3_12 --> node_venv_lib_python3_12_site-packages["site-packages"]\n    node_venv_lib_python3_12_site-packages --> node_venv_lib_python3_12_site-packages_PyQt6["PyQt6"]\n    node_venv_lib_python3_12_site-packages_PyQt6 --> node_venv_lib_python3_12_site-packages_PyQt6_Qt6["Qt6"]\n    node_venv_lib_python3_12_site-packages_PyQt6_Qt6 --> node_venv_lib_python3_12_site-packages_PyQt6_Qt6_translations["translations"]\n    node_venv_lib_python3_12_site-packages_PyQt6_Qt6_translations --> node_venv_lib_python3_12_site-packages_PyQt6_Qt6_translations_qtwebsockets_pt_BR_qm["qtwebsockets_pt_BR.qm"]\n    Root --> node_venv["venv"]\n    node_venv --> node_venv_lib["lib"]\n    node_venv_lib --> node_venv_lib_python3_12["python3.12"]\n    node_venv_lib_python3_12 --> node_venv_lib_python3_12_site-packages["site-packages"]\n    node_venv_lib_python3_12_site-packages --> node_venv_lib_python3_12_site-packages_PyQt6["PyQt6"]\n    node_venv_lib_python3_12_site-packages_PyQt6 --> node_venv_lib_python3_12_site-packages_PyQt6_Qt6["Qt6"]\n    node_venv_lib_python3_12_site-packages_PyQt6_Qt6 --> node_venv_lib_python3_12_site-packages_PyQt6_Qt6_translations["translations"]\n    node_venv_lib_python3_12_site-packages_PyQt6_Qt6_translations --> node_venv_lib_python3_12_site-packages_PyQt6_Qt6_translations_qtwebsockets_ru_qm["qtwebsockets_ru.qm"]\n    Root --> node_venv["venv"]\n    node_venv --> node_venv_lib["lib"]\n    node_venv_lib --> node_venv_lib_python3_12["python3.12"]\n    node_venv_lib_python3_12 --> node_venv_lib_python3_12_site-packages["site-packages"]\n    node_venv_lib_python3_12_site-packages --> node_venv_lib_python3_12_site-packages_PyQt6["PyQt6"]\n    node_venv_lib_python3_12_site-packages_PyQt6 --> node_venv_lib_python3_12_site-packages_PyQt6_Qt6["Qt6"]\n    node_venv_lib_python3_12_site-packages_PyQt6_Qt6 --> node_venv_lib_python3_12_site-packages_PyQt6_Qt6_translations["translations"]\n    node_venv_lib_python3_12_site-packages_PyQt6_Qt6_translations --> node_venv_lib_python3_12_site-packages_PyQt6_Qt6_translations_qtwebsockets_sv_qm["qtwebsockets_sv.qm"]\n    Root --> node_venv["venv"]\n    node_venv --> node_venv_lib["lib"]\n    node_venv_lib --> node_venv_lib_python3_12["python3.12"]\n    node_venv_lib_python3_12 --> node_venv_lib_python3_12_site-packages["site-packages"]\n    node_venv_lib_python3_12_site-packages --> node_venv_lib_python3_12_site-packages_PyQt6["PyQt6"]\n    node_venv_lib_python3_12_site-packages_PyQt6 --> node_venv_lib_python3_12_site-packages_PyQt6_Qt6["Qt6"]\n    node_venv_lib_python3_12_site-packages_PyQt6_Qt6 --> node_venv_lib_python3_12_site-packages_PyQt6_Qt6_translations["translations"]\n    node_venv_lib_python3_12_site-packages_PyQt6_Qt6_translations --> node_venv_lib_python3_12_site-packages_PyQt6_Qt6_translations_qtwebsockets_tr_qm["qtwebsockets_tr.qm"]\n    Root --> node_venv["venv"]\n    node_venv --> node_venv_lib["lib"]\n    node_venv_lib --> node_venv_lib_python3_12["python3.12"]\n    node_venv_lib_python3_12 --> node_venv_lib_python3_12_site-packages["site-packages"]\n    node_venv_lib_python3_12_site-packages --> node_venv_lib_python3_12_site-packages_PyQt6["PyQt6"]\n    node_venv_lib_python3_12_site-packages_PyQt6 --> node_venv_lib_python3_12_site-packages_PyQt6_Qt6["Qt6"]\n    node_venv_lib_python3_12_site-packages_PyQt6_Qt6 --> node_venv_lib_python3_12_site-packages_PyQt6_Qt6_translations["translations"]\n    node_venv_lib_python3_12_site-packages_PyQt6_Qt6_translations --> node_venv_lib_python3_12_site-packages_PyQt6_Qt6_translations_qtwebsockets_uk_qm["qtwebsockets_uk.qm"]\n    Root --> node_venv["venv"]\n    node_venv --> node_venv_lib["lib"]\n    node_venv_lib --> node_venv_lib_python3_12["python3.12"]\n    node_venv_lib_python3_12 --> node_venv_lib_python3_12_site-packages["site-packages"]\n    node_venv_lib_python3_12_site-packages --> node_venv_lib_python3_12_site-packages_PyQt6["PyQt6"]\n    node_venv_lib_python3_12_site-packages_PyQt6 --> node_venv_lib_python3_12_site-packages_PyQt6_Qt6["Qt6"]\n    node_venv_lib_python3_12_site-packages_PyQt6_Qt6 --> node_venv_lib_python3_12_site-packages_PyQt6_Qt6_translations["translations"]\n    node_venv_lib_python3_12_site-packages_PyQt6_Qt6_translations --> node_venv_lib_python3_12_site-packages_PyQt6_Qt6_translations_qtwebsockets_zh_CN_qm["qtwebsockets_zh_CN.qm"]\n    Root --> node_venv["venv"]\n    node_venv --> node_venv_lib["lib"]\n    node_venv_lib --> node_venv_lib_python3_12["python3.12"]\n    node_venv_lib_python3_12 --> node_venv_lib_python3_12_site-packages["site-packages"]\n    node_venv_lib_python3_12_site-packages --> node_venv_lib_python3_12_site-packages_PyQt6["PyQt6"]\n    node_venv_lib_python3_12_site-packages_PyQt6 --> node_venv_lib_python3_12_site-packages_PyQt6_bindings["bindings"]\n    node_venv_lib_python3_12_site-packages_PyQt6_bindings --> node_venv_lib_python3_12_site-packages_PyQt6_bindings_QtWebSockets["QtWebSockets"]\n    node_venv_lib_python3_12_site-packages_PyQt6_bindings_QtWebSockets --> node_venv_lib_python3_12_site-packages_PyQt6_bindings_QtWebSockets_QtWebSockets_toml["QtWebSockets.toml"]\n    Root --> node_venv["venv"]\n    node_venv --> node_venv_lib["lib"]\n    node_venv_lib --> node_venv_lib_python3_12["python3.12"]\n    node_venv_lib_python3_12 --> node_venv_lib_python3_12_site-packages["site-packages"]\n    node_venv_lib_python3_12_site-packages --> node_venv_lib_python3_12_site-packages_PyQt6["PyQt6"]\n    node_venv_lib_python3_12_site-packages_PyQt6 --> node_venv_lib_python3_12_site-packages_PyQt6_bindings["bindings"]\n    node_venv_lib_python3_12_site-packages_PyQt6_bindings --> node_venv_lib_python3_12_site-packages_PyQt6_bindings_QtWebSockets["QtWebSockets"]\n    node_venv_lib_python3_12_site-packages_PyQt6_bindings_QtWebSockets --> node_venv_lib_python3_12_site-packages_PyQt6_bindings_QtWebSockets_QtWebSocketsmod_sip["QtWebSocketsmod.sip"]\n    Root --> node_venv["venv"]\n    node_venv --> node_venv_lib["lib"]\n    node_venv_lib --> node_venv_lib_python3_12["python3.12"]\n    node_venv_lib_python3_12 --> node_venv_lib_python3_12_site-packages["site-packages"]\n    node_venv_lib_python3_12_site-packages --> node_venv_lib_python3_12_site-packages_PyQt6["PyQt6"]\n    node_venv_lib_python3_12_site-packages_PyQt6 --> node_venv_lib_python3_12_site-packages_PyQt6_bindings["bindings"]\n    node_venv_lib_python3_12_site-packages_PyQt6_bindings --> node_venv_lib_python3_12_site-packages_PyQt6_bindings_QtWebSockets["QtWebSockets"]\n    node_venv_lib_python3_12_site-packages_PyQt6_bindings_QtWebSockets --> node_venv_lib_python3_12_site-packages_PyQt6_bindings_QtWebSockets_qmaskgenerator_sip["qmaskgenerator.sip"]\n    Root --> node_venv["venv"]\n    node_venv --> node_venv_lib["lib"]\n    node_venv_lib --> node_venv_lib_python3_12["python3.12"]\n    node_venv_lib_python3_12 --> node_venv_lib_python3_12_site-packages["site-packages"]\n    node_venv_lib_python3_12_site-packages --> node_venv_lib_python3_12_site-packages_PyQt6["PyQt6"]\n    node_venv_lib_python3_12_site-packages_PyQt6 --> node_venv_lib_python3_12_site-packages_PyQt6_bindings["bindings"]\n    node_venv_lib_python3_12_site-packages_PyQt6_bindings --> node_venv_lib_python3_12_site-packages_PyQt6_bindings_QtWebSockets["QtWebSockets"]\n    node_venv_lib_python3_12_site-packages_PyQt6_bindings_QtWebSockets --> node_venv_lib_python3_12_site-packages_PyQt6_bindings_QtWebSockets_qwebsocket_sip["qwebsocket.sip"]\n    Root --> node_venv["venv"]\n    node_venv --> node_venv_lib["lib"]\n    node_venv_lib --> node_venv_lib_python3_12["python3.12"]\n    node_venv_lib_python3_12 --> node_venv_lib_python3_12_site-packages["site-packages"]\n    node_venv_lib_python3_12_site-packages --> node_venv_lib_python3_12_site-packages_PyQt6["PyQt6"]\n    node_venv_lib_python3_12_site-packages_PyQt6 --> node_venv_lib_python3_12_site-packages_PyQt6_bindings["bindings"]\n    node_venv_lib_python3_12_site-packages_PyQt6_bindings --> node_venv_lib_python3_12_site-packages_PyQt6_bindings_QtWebSockets["QtWebSockets"]\n    node_venv_lib_python3_12_site-packages_PyQt6_bindings_QtWebSockets --> node_venv_lib_python3_12_site-packages_PyQt6_bindings_QtWebSockets_qwebsocketcorsauthenticator_sip["qwebsocketcorsauthenticator.sip"]\n    Root --> node_venv["venv"]\n    node_venv --> node_venv_lib["lib"]\n    node_venv_lib --> node_venv_lib_python3_12["python3.12"]\n    node_venv_lib_python3_12 --> node_venv_lib_python3_12_site-packages["site-packages"]\n    node_venv_lib_python3_12_site-packages --> node_venv_lib_python3_12_site-packages_PyQt6["PyQt6"]\n    node_venv_lib_python3_12_site-packages_PyQt6 --> node_venv_lib_python3_12_site-packages_PyQt6_bindings["bindings"]\n    node_venv_lib_python3_12_site-packages_PyQt6_bindings --> node_venv_lib_python3_12_site-packages_PyQt6_bindings_QtWebSockets["QtWebSockets"]\n    node_venv_lib_python3_12_site-packages_PyQt6_bindings_QtWebSockets --> node_venv_lib_python3_12_site-packages_PyQt6_bindings_QtWebSockets_qwebsockethandshakeoptions_sip["qwebsockethandshakeoptions.sip"]\n    Root --> node_venv["venv"]\n    node_venv --> node_venv_lib["lib"]\n    node_venv_lib --> node_venv_lib_python3_12["python3.12"]\n    node_venv_lib_python3_12 --> node_venv_lib_python3_12_site-packages["site-packages"]\n    node_venv_lib_python3_12_site-packages --> node_venv_lib_python3_12_site-packages_PyQt6["PyQt6"]\n    node_venv_lib_python3_12_site-packages_PyQt6 --> node_venv_lib_python3_12_site-packages_PyQt6_bindings["bindings"]\n    node_venv_lib_python3_12_site-packages_PyQt6_bindings --> node_venv_lib_python3_12_site-packages_PyQt6_bindings_QtWebSockets["QtWebSockets"]\n    node_venv_lib_python3_12_site-packages_PyQt6_bindings_QtWebSockets --> node_venv_lib_python3_12_site-packages_PyQt6_bindings_QtWebSockets_qwebsocketprotocol_sip["qwebsocketprotocol.sip"]\n    Root --> node_venv["venv"]\n    node_venv --> node_venv_lib["lib"]\n    node_venv_lib --> node_venv_lib_python3_12["python3.12"]\n    node_venv_lib_python3_12 --> node_venv_lib_python3_12_site-packages["site-packages"]\n    node_venv_lib_python3_12_site-packages --> node_venv_lib_python3_12_site-packages_PyQt6["PyQt6"]\n    node_venv_lib_python3_12_site-packages_PyQt6 --> node_venv_lib_python3_12_site-packages_PyQt6_bindings["bindings"]\n    node_venv_lib_python3_12_site-packages_PyQt6_bindings --> node_venv_lib_python3_12_site-packages_PyQt6_bindings_QtWebSockets["QtWebSockets"]\n    node_venv_lib_python3_12_site-packages_PyQt6_bindings_QtWebSockets --> node_venv_lib_python3_12_site-packages_PyQt6_bindings_QtWebSockets_qwebsocketserver_sip["qwebsocketserver.sip"]\n    Root --> node_venv["venv"]\n    node_venv --> node_venv_lib["lib"]\n    node_venv_lib --> node_venv_lib_python3_12["python3.12"]\n    node_venv_lib_python3_12 --> node_venv_lib_python3_12_site-packages["site-packages"]\n    node_venv_lib_python3_12_site-packages --> node_venv_lib_python3_12_site-packages_PyQt6["PyQt6"]\n    node_venv_lib_python3_12_site-packages_PyQt6 --> node_venv_lib_python3_12_site-packages_PyQt6_bindings["bindings"]\n    node_venv_lib_python3_12_site-packages_PyQt6_bindings --> node_venv_lib_python3_12_site-packages_PyQt6_bindings_QtPrintSupport["QtPrintSupport"]\n    node_venv_lib_python3_12_site-packages_PyQt6_bindings_QtPrintSupport --> node_venv_lib_python3_12_site-packages_PyQt6_bindings_QtPrintSupport_QtPrintSupport_toml["QtPrintSupport.toml"]\n    Root --> node_venv["venv"]\n    node_venv --> node_venv_lib["lib"]\n    node_venv_lib --> node_venv_lib_python3_12["python3.12"]\n    node_venv_lib_python3_12 --> node_venv_lib_python3_12_site-packages["site-packages"]\n    node_venv_lib_python3_12_site-packages --> node_venv_lib_python3_12_site-packages_PyQt6["PyQt6"]\n    node_venv_lib_python3_12_site-packages_PyQt6 --> node_venv_lib_python3_12_site-packages_PyQt6_bindings["bindings"]\n    node_venv_lib_python3_12_site-packages_PyQt6_bindings --> node_venv_lib_python3_12_site-packages_PyQt6_bindings_QtPrintSupport["QtPrintSupport"]\n    node_venv_lib_python3_12_site-packages_PyQt6_bindings_QtPrintSupport --> node_venv_lib_python3_12_site-packages_PyQt6_bindings_QtPrintSupport_QtPrintSupportmod_sip["QtPrintSupportmod.sip"]\n    Root --> node_venv["venv"]\n    node_venv --> node_venv_lib["lib"]\n    node_venv_lib --> node_venv_lib_python3_12["python3.12"]\n    node_venv_lib_python3_12 --> node_venv_lib_python3_12_site-packages["site-packages"]\n    node_venv_lib_python3_12_site-packages --> node_venv_lib_python3_12_site-packages_PyQt6["PyQt6"]\n    node_venv_lib_python3_12_site-packages_PyQt6 --> node_venv_lib_python3_12_site-packages_PyQt6_bindings["bindings"]\n    node_venv_lib_python3_12_site-packages_PyQt6_bindings --> node_venv_lib_python3_12_site-packages_PyQt6_bindings_QtPrintSupport["QtPrintSupport"]\n    node_venv_lib_python3_12_site-packages_PyQt6_bindings_QtPrintSupport --> node_venv_lib_python3_12_site-packages_PyQt6_bindings_QtPrintSupport_qabstractprintdialog_sip["qabstractprintdialog.sip"]\n    Root --> node_venv["venv"]\n    node_venv --> node_venv_lib["lib"]\n    node_venv_lib --> node_venv_lib_python3_12["python3.12"]\n    node_venv_lib_python3_12 --> node_venv_lib_python3_12_site-packages["site-packages"]\n    node_venv_lib_python3_12_site-packages --> node_venv_lib_python3_12_site-packages_PyQt6["PyQt6"]\n    node_venv_lib_python3_12_site-packages_PyQt6 --> node_venv_lib_python3_12_site-packages_PyQt6_bindings["bindings"]\n    node_venv_lib_python3_12_site-packages_PyQt6_bindings --> node_venv_lib_python3_12_site-packages_PyQt6_bindings_QtPrintSupport["QtPrintSupport"]\n    node_venv_lib_python3_12_site-packages_PyQt6_bindings_QtPrintSupport --> node_venv_lib_python3_12_site-packages_PyQt6_bindings_QtPrintSupport_qpagesetupdialog_sip["qpagesetupdialog.sip"]\n    Root --> node_venv["venv"]\n    node_venv --> node_venv_lib["lib"]\n    node_venv_lib --> node_venv_lib_python3_12["python3.12"]\n    node_venv_lib_python3_12 --> node_venv_lib_python3_12_site-packages["site-packages"]\n    node_venv_lib_python3_12_site-packages --> node_venv_lib_python3_12_site-packages_PyQt6["PyQt6"]\n    node_venv_lib_python3_12_site-packages_PyQt6 --> node_venv_lib_python3_12_site-packages_PyQt6_bindings["bindings"]\n    node_venv_lib_python3_12_site-packages_PyQt6_bindings --> node_venv_lib_python3_12_site-packages_PyQt6_bindings_QtPrintSupport["QtPrintSupport"]\n    node_venv_lib_python3_12_site-packages_PyQt6_bindings_QtPrintSupport --> node_venv_lib_python3_12_site-packages_PyQt6_bindings_QtPrintSupport_qprintdialog_sip["qprintdialog.sip"]\n    Root --> node_venv["venv"]\n    node_venv --> node_venv_lib["lib"]\n    node_venv_lib --> node_venv_lib_python3_12["python3.12"]\n    node_venv_lib_python3_12 --> node_venv_lib_python3_12_site-packages["site-packages"]\n    node_venv_lib_python3_12_site-packages --> node_venv_lib_python3_12_site-packages_PyQt6["PyQt6"]\n    node_venv_lib_python3_12_site-packages_PyQt6 --> node_venv_lib_python3_12_site-packages_PyQt6_bindings["bindings"]\n    node_venv_lib_python3_12_site-packages_PyQt6_bindings --> node_venv_lib_python3_12_site-packages_PyQt6_bindings_QtPrintSupport["QtPrintSupport"]\n    node_venv_lib_python3_12_site-packages_PyQt6_bindings_QtPrintSupport --> node_venv_lib_python3_12_site-packages_PyQt6_bindings_QtPrintSupport_qprintengine_sip["qprintengine.sip"]\n    Root --> node_venv["venv"]\n    node_venv --> node_venv_lib["lib"]\n    node_venv_lib --> node_venv_lib_python3_12["python3.12"]\n    node_venv_lib_python3_12 --> node_venv_lib_python3_12_site-packages["site-packages"]\n    node_venv_lib_python3_12_site-packages --> node_venv_lib_python3_12_site-packages_PyQt6["PyQt6"]\n    node_venv_lib_python3_12_site-packages_PyQt6 --> node_venv_lib_python3_12_site-packages_PyQt6_bindings["bindings"]\n    node_venv_lib_python3_12_site-packages_PyQt6_bindings --> node_venv_lib_python3_12_site-packages_PyQt6_bindings_QtPrintSupport["QtPrintSupport"]\n    node_venv_lib_python3_12_site-packages_PyQt6_bindings_QtPrintSupport --> node_venv_lib_python3_12_site-packages_PyQt6_bindings_QtPrintSupport_qprinter_sip["qprinter.sip"]\n    Root --> node_venv["venv"]\n    node_venv --> node_venv_lib["lib"]\n    node_venv_lib --> node_venv_lib_python3_12["python3.12"]\n    node_venv_lib_python3_12 --> node_venv_lib_python3_12_site-packages["site-packages"]\n    node_venv_lib_python3_12_site-packages --> node_venv_lib_python3_12_site-packages_PyQt6["PyQt6"]\n    node_venv_lib_python3_12_site-packages_PyQt6 --> node_venv_lib_python3_12_site-packages_PyQt6_bindings["bindings"]\n    node_venv_lib_python3_12_site-packages_PyQt6_bindings --> node_venv_lib_python3_12_site-packages_PyQt6_bindings_QtPrintSupport["QtPrintSupport"]\n    node_venv_lib_python3_12_site-packages_PyQt6_bindings_QtPrintSupport --> node_venv_lib_python3_12_site-packages_PyQt6_bindings_QtPrintSupport_qprinterinfo_sip["qprinterinfo.sip"]\n    Root --> node_venv["venv"]\n    node_venv --> node_venv_lib["lib"]\n    node_venv_lib --> node_venv_lib_python3_12["python3.12"]\n    node_venv_lib_python3_12 --> node_venv_lib_python3_12_site-packages["site-packages"]\n    node_venv_lib_python3_12_site-packages --> node_venv_lib_python3_12_site-packages_PyQt6["PyQt6"]\n    node_venv_lib_python3_12_site-packages_PyQt6 --> node_venv_lib_python3_12_site-packages_PyQt6_bindings["bindings"]\n    node_venv_lib_python3_12_site-packages_PyQt6_bindings --> node_venv_lib_python3_12_site-packages_PyQt6_bindings_QtPrintSupport["QtPrintSupport"]\n    node_venv_lib_python3_12_site-packages_PyQt6_bindings_QtPrintSupport --> node_venv_lib_python3_12_site-packages_PyQt6_bindings_QtPrintSupport_qprintpreviewdialog_sip["qprintpreviewdialog.sip"]\n    Root --> node_venv["venv"]\n    node_venv --> node_venv_lib["lib"]\n    node_venv_lib --> node_venv_lib_python3_12["python3.12"]\n    node_venv_lib_python3_12 --> node_venv_lib_python3_12_site-packages["site-packages"]\n    node_venv_lib_python3_12_site-packages --> node_venv_lib_python3_12_site-packages_PyQt6["PyQt6"]\n    node_venv_lib_python3_12_site-packages_PyQt6 --> node_venv_lib_python3_12_site-packages_PyQt6_bindings["bindings"]\n    node_venv_lib_python3_12_site-packages_PyQt6_bindings --> node_venv_lib_python3_12_site-packages_PyQt6_bindings_QtPrintSupport["QtPrintSupport"]\n    node_venv_lib_python3_12_site-packages_PyQt6_bindings_QtPrintSupport --> node_venv_lib_python3_12_site-packages_PyQt6_bindings_QtPrintSupport_qprintpreviewwidget_sip["qprintpreviewwidget.sip"]\n    Root --> node_venv["venv"]\n    node_venv --> node_venv_lib["lib"]\n    node_venv_lib --> node_venv_lib_python3_12["python3.12"]\n    node_venv_lib_python3_12 --> node_venv_lib_python3_12_site-packages["site-packages"]\n    node_venv_lib_python3_12_site-packages --> node_venv_lib_python3_12_site-packages_PyQt6["PyQt6"]\n    node_venv_lib_python3_12_site-packages_PyQt6 --> node_venv_lib_python3_12_site-packages_PyQt6_bindings["bindings"]\n    node_venv_lib_python3_12_site-packages_PyQt6_bindings --> node_venv_lib_python3_12_site-packages_PyQt6_bindings_QtPrintSupport["QtPrintSupport"]\n    node_venv_lib_python3_12_site-packages_PyQt6_bindings_QtPrintSupport --> node_venv_lib_python3_12_site-packages_PyQt6_bindings_QtPrintSupport_qpyprintsupport_qlist_sip["qpyprintsupport_qlist.sip"]\n    Root --> node_venv["venv"]\n    node_venv --> node_venv_lib["lib"]\n    node_venv_lib --> node_venv_lib_python3_12["python3.12"]\n    node_venv_lib_python3_12 --> node_venv_lib_python3_12_site-packages["site-packages"]\n    node_venv_lib_python3_12_site-packages --> node_venv_lib_python3_12_site-packages_PyQt6["PyQt6"]\n    node_venv_lib_python3_12_site-packages_PyQt6 --> node_venv_lib_python3_12_site-packages_PyQt6_bindings["bindings"]\n    node_venv_lib_python3_12_site-packages_PyQt6_bindings --> node_venv_lib_python3_12_site-packages_PyQt6_bindings_QtOpenGL["QtOpenGL"]\n    node_venv_lib_python3_12_site-packages_PyQt6_bindings_QtOpenGL --> node_venv_lib_python3_12_site-packages_PyQt6_bindings_QtOpenGL_QtOpenGL_toml["QtOpenGL.toml"]\n    Root --> node_venv["venv"]\n    node_venv --> node_venv_lib["lib"]\n    node_venv_lib --> node_venv_lib_python3_12["python3.12"]\n    node_venv_lib_python3_12 --> node_venv_lib_python3_12_site-packages["site-packages"]\n    node_venv_lib_python3_12_site-packages --> node_venv_lib_python3_12_site-packages_PyQt6["PyQt6"]\n    node_venv_lib_python3_12_site-packages_PyQt6 --> node_venv_lib_python3_12_site-packages_PyQt6_bindings["bindings"]\n    node_venv_lib_python3_12_site-packages_PyQt6_bindings --> node_venv_lib_python3_12_site-packages_PyQt6_bindings_QtOpenGL["QtOpenGL"]\n    node_venv_lib_python3_12_site-packages_PyQt6_bindings_QtOpenGL --> node_venv_lib_python3_12_site-packages_PyQt6_bindings_QtOpenGL_QtOpenGLmod_sip["QtOpenGLmod.sip"]\n    Root --> node_venv["venv"]\n    node_venv --> node_venv_lib["lib"]\n    node_venv_lib --> node_venv_lib_python3_12["python3.12"]\n    node_venv_lib_python3_12 --> node_venv_lib_python3_12_site-packages["site-packages"]\n    node_venv_lib_python3_12_site-packages --> node_venv_lib_python3_12_site-packages_PyQt6["PyQt6"]\n    node_venv_lib_python3_12_site-packages_PyQt6 --> node_venv_lib_python3_12_site-packages_PyQt6_bindings["bindings"]\n    node_venv_lib_python3_12_site-packages_PyQt6_bindings --> node_venv_lib_python3_12_site-packages_PyQt6_bindings_QtOpenGL["QtOpenGL"]\n    node_venv_lib_python3_12_site-packages_PyQt6_bindings_QtOpenGL --> node_venv_lib_python3_12_site-packages_PyQt6_bindings_QtOpenGL_qopenglbuffer_sip["qopenglbuffer.sip"]\n    Root --> node_venv["venv"]\n    node_venv --> node_venv_lib["lib"]\n    node_venv_lib --> node_venv_lib_python3_12["python3.12"]\n    node_venv_lib_python3_12 --> node_venv_lib_python3_12_site-packages["site-packages"]\n    node_venv_lib_python3_12_site-packages --> node_venv_lib_python3_12_site-packages_PyQt6["PyQt6"]\n    node_venv_lib_python3_12_site-packages_PyQt6 --> node_venv_lib_python3_12_site-packages_PyQt6_bindings["bindings"]\n    node_venv_lib_python3_12_site-packages_PyQt6_bindings --> node_venv_lib_python3_12_site-packages_PyQt6_bindings_QtOpenGL["QtOpenGL"]\n    node_venv_lib_python3_12_site-packages_PyQt6_bindings_QtOpenGL --> node_venv_lib_python3_12_site-packages_PyQt6_bindings_QtOpenGL_qopengldebug_sip["qopengldebug.sip"]\n    Root --> node_venv["venv"]\n    node_venv --> node_venv_lib["lib"]\n    node_venv_lib --> node_venv_lib_python3_12["python3.12"]\n    node_venv_lib_python3_12 --> node_venv_lib_python3_12_site-packages["site-packages"]\n    node_venv_lib_python3_12_site-packages --> node_venv_lib_python3_12_site-packages_PyQt6["PyQt6"]\n    node_venv_lib_python3_12_site-packages_PyQt6 --> node_venv_lib_python3_12_site-packages_PyQt6_bindings["bindings"]\n    node_venv_lib_python3_12_site-packages_PyQt6_bindings --> node_venv_lib_python3_12_site-packages_PyQt6_bindings_QtOpenGL["QtOpenGL"]\n    node_venv_lib_python3_12_site-packages_PyQt6_bindings_QtOpenGL --> node_venv_lib_python3_12_site-packages_PyQt6_bindings_QtOpenGL_qopenglframebufferobject_sip["qopenglframebufferobject.sip"]\n    Root --> node_venv["venv"]\n    node_venv --> node_venv_lib["lib"]\n    node_venv_lib --> node_venv_lib_python3_12["python3.12"]\n    node_venv_lib_python3_12 --> node_venv_lib_python3_12_site-packages["site-packages"]\n    node_venv_lib_python3_12_site-packages --> node_venv_lib_python3_12_site-packages_PyQt6["PyQt6"]\n    node_venv_lib_python3_12_site-packages_PyQt6 --> node_venv_lib_python3_12_site-packages_PyQt6_bindings["bindings"]\n    node_venv_lib_python3_12_site-packages_PyQt6_bindings --> node_venv_lib_python3_12_site-packages_PyQt6_bindings_QtOpenGL["QtOpenGL"]\n    node_venv_lib_python3_12_site-packages_PyQt6_bindings_QtOpenGL --> node_venv_lib_python3_12_site-packages_PyQt6_bindings_QtOpenGL_qopenglfunctions_2_0_sip["qopenglfunctions_2_0.sip"]\n    Root --> node_venv["venv"]\n    node_venv --> node_venv_lib["lib"]\n    node_venv_lib --> node_venv_lib_python3_12["python3.12"]\n    node_venv_lib_python3_12 --> node_venv_lib_python3_12_site-packages["site-packages"]\n    node_venv_lib_python3_12_site-packages --> node_venv_lib_python3_12_site-packages_PyQt6["PyQt6"]\n    node_venv_lib_python3_12_site-packages_PyQt6 --> node_venv_lib_python3_12_site-packages_PyQt6_bindings["bindings"]\n    node_venv_lib_python3_12_site-packages_PyQt6_bindings --> node_venv_lib_python3_12_site-packages_PyQt6_bindings_QtOpenGL["QtOpenGL"]\n    node_venv_lib_python3_12_site-packages_PyQt6_bindings_QtOpenGL --> node_venv_lib_python3_12_site-packages_PyQt6_bindings_QtOpenGL_qopenglfunctions_2_1_sip["qopenglfunctions_2_1.sip"]\n    Root --> node_venv["venv"]\n    node_venv --> node_venv_lib["lib"]\n    node_venv_lib --> node_venv_lib_python3_12["python3.12"]\n    node_venv_lib_python3_12 --> node_venv_lib_python3_12_site-packages["site-packages"]\n    node_venv_lib_python3_12_site-packages --> node_venv_lib_python3_12_site-packages_PyQt6["PyQt6"]\n    node_venv_lib_python3_12_site-packages_PyQt6 --> node_venv_lib_python3_12_site-packages_PyQt6_bindings["bindings"]\n    node_venv_lib_python3_12_site-packages_PyQt6_bindings --> node_venv_lib_python3_12_site-packages_PyQt6_bindings_QtOpenGL["QtOpenGL"]\n    node_venv_lib_python3_12_site-packages_PyQt6_bindings_QtOpenGL --> node_venv_lib_python3_12_site-packages_PyQt6_bindings_QtOpenGL_qopenglfunctions_4_1_core_sip["qopenglfunctions_4_1_core.sip"]\n    Root --> node_venv["venv"]\n    node_venv --> node_venv_lib["lib"]\n    node_venv_lib --> node_venv_lib_python3_12["python3.12"]\n    node_venv_lib_python3_12 --> node_venv_lib_python3_12_site-packages["site-packages"]\n    node_venv_lib_python3_12_site-packages --> node_venv_lib_python3_12_site-packages_PyQt6["PyQt6"]\n    node_venv_lib_python3_12_site-packages_PyQt6 --> node_venv_lib_python3_12_site-packages_PyQt6_bindings["bindings"]\n    node_venv_lib_python3_12_site-packages_PyQt6_bindings --> node_venv_lib_python3_12_site-packages_PyQt6_bindings_QtOpenGL["QtOpenGL"]\n    node_venv_lib_python3_12_site-packages_PyQt6_bindings_QtOpenGL --> node_venv_lib_python3_12_site-packages_PyQt6_bindings_QtOpenGL_qopenglfunctions_es2_sip["qopenglfunctions_es2.sip"]\n    Root --> node_venv["venv"]\n    node_venv --> node_venv_lib["lib"]\n    node_venv_lib --> node_venv_lib_python3_12["python3.12"]\n    node_venv_lib_python3_12 --> node_venv_lib_python3_12_site-packages["site-packages"]\n    node_venv_lib_python3_12_site-packages --> node_venv_lib_python3_12_site-packages_PyQt6["PyQt6"]\n    node_venv_lib_python3_12_site-packages_PyQt6 --> node_venv_lib_python3_12_site-packages_PyQt6_bindings["bindings"]\n    node_venv_lib_python3_12_site-packages_PyQt6_bindings --> node_venv_lib_python3_12_site-packages_PyQt6_bindings_QtOpenGL["QtOpenGL"]\n    node_venv_lib_python3_12_site-packages_PyQt6_bindings_QtOpenGL --> node_venv_lib_python3_12_site-packages_PyQt6_bindings_QtOpenGL_qopenglpaintdevice_sip["qopenglpaintdevice.sip"]\n    Root --> node_venv["venv"]\n    node_venv --> node_venv_lib["lib"]\n    node_venv_lib --> node_venv_lib_python3_12["python3.12"]\n    node_venv_lib_python3_12 --> node_venv_lib_python3_12_site-packages["site-packages"]\n    node_venv_lib_python3_12_site-packages --> node_venv_lib_python3_12_site-packages_PyQt6["PyQt6"]\n    node_venv_lib_python3_12_site-packages_PyQt6 --> node_venv_lib_python3_12_site-packages_PyQt6_bindings["bindings"]\n    node_venv_lib_python3_12_site-packages_PyQt6_bindings --> node_venv_lib_python3_12_site-packages_PyQt6_bindings_QtOpenGL["QtOpenGL"]\n    node_venv_lib_python3_12_site-packages_PyQt6_bindings_QtOpenGL --> node_venv_lib_python3_12_site-packages_PyQt6_bindings_QtOpenGL_qopenglpixeltransferoptions_sip["qopenglpixeltransferoptions.sip"]\n    Root --> node_venv["venv"]\n    node_venv --> node_venv_lib["lib"]\n    node_venv_lib --> node_venv_lib_python3_12["python3.12"]\n    node_venv_lib_python3_12 --> node_venv_lib_python3_12_site-packages["site-packages"]\n    node_venv_lib_python3_12_site-packages --> node_venv_lib_python3_12_site-packages_PyQt6["PyQt6"]\n    node_venv_lib_python3_12_site-packages_PyQt6 --> node_venv_lib_python3_12_site-packages_PyQt6_bindings["bindings"]\n    node_venv_lib_python3_12_site-packages_PyQt6_bindings --> node_venv_lib_python3_12_site-packages_PyQt6_bindings_QtOpenGL["QtOpenGL"]\n    node_venv_lib_python3_12_site-packages_PyQt6_bindings_QtOpenGL --> node_venv_lib_python3_12_site-packages_PyQt6_bindings_QtOpenGL_qopenglshaderprogram_sip["qopenglshaderprogram.sip"]\n    Root --> node_venv["venv"]\n    node_venv --> node_venv_lib["lib"]\n    node_venv_lib --> node_venv_lib_python3_12["python3.12"]\n    node_venv_lib_python3_12 --> node_venv_lib_python3_12_site-packages["site-packages"]\n    node_venv_lib_python3_12_site-packages --> node_venv_lib_python3_12_site-packages_PyQt6["PyQt6"]\n    node_venv_lib_python3_12_site-packages_PyQt6 --> node_venv_lib_python3_12_site-packages_PyQt6_bindings["bindings"]\n    node_venv_lib_python3_12_site-packages_PyQt6_bindings --> node_venv_lib_python3_12_site-packages_PyQt6_bindings_QtOpenGL["QtOpenGL"]\n    node_venv_lib_python3_12_site-packages_PyQt6_bindings_QtOpenGL --> node_venv_lib_python3_12_site-packages_PyQt6_bindings_QtOpenGL_qopengltexture_sip["qopengltexture.sip"]\n    Root --> node_venv["venv"]\n    node_venv --> node_venv_lib["lib"]\n    node_venv_lib --> node_venv_lib_python3_12["python3.12"]\n    node_venv_lib_python3_12 --> node_venv_lib_python3_12_site-packages["site-packages"]\n    node_venv_lib_python3_12_site-packages --> node_venv_lib_python3_12_site-packages_PyQt6["PyQt6"]\n    node_venv_lib_python3_12_site-packages_PyQt6 --> node_venv_lib_python3_12_site-packages_PyQt6_bindings["bindings"]\n    node_venv_lib_python3_12_site-packages_PyQt6_bindings --> node_venv_lib_python3_12_site-packages_PyQt6_bindings_QtOpenGL["QtOpenGL"]\n    node_venv_lib_python3_12_site-packages_PyQt6_bindings_QtOpenGL --> node_venv_lib_python3_12_site-packages_PyQt6_bindings_QtOpenGL_qopengltextureblitter_sip["qopengltextureblitter.sip"]\n    Root --> node_venv["venv"]\n    node_venv --> node_venv_lib["lib"]\n    node_venv_lib --> node_venv_lib_python3_12["python3.12"]\n    node_venv_lib_python3_12 --> node_venv_lib_python3_12_site-packages["site-packages"]\n    node_venv_lib_python3_12_site-packages --> node_venv_lib_python3_12_site-packages_PyQt6["PyQt6"]\n    node_venv_lib_python3_12_site-packages_PyQt6 --> node_venv_lib_python3_12_site-packages_PyQt6_bindings["bindings"]\n    node_venv_lib_python3_12_site-packages_PyQt6_bindings --> node_venv_lib_python3_12_site-packages_PyQt6_bindings_QtOpenGL["QtOpenGL"]\n    node_venv_lib_python3_12_site-packages_PyQt6_bindings_QtOpenGL --> node_venv_lib_python3_12_site-packages_PyQt6_bindings_QtOpenGL_qopengltimerquery_sip["qopengltimerquery.sip"]\n    Root --> node_venv["venv"]\n    node_venv --> node_venv_lib["lib"]\n    node_venv_lib --> node_venv_lib_python3_12["python3.12"]\n    node_venv_lib_python3_12 --> node_venv_lib_python3_12_site-packages["site-packages"]\n    node_venv_lib_python3_12_site-packages --> node_venv_lib_python3_12_site-packages_PyQt6["PyQt6"]\n    node_venv_lib_python3_12_site-packages_PyQt6 --> node_venv_lib_python3_12_site-packages_PyQt6_bindings["bindings"]\n    node_venv_lib_python3_12_site-packages_PyQt6_bindings --> node_venv_lib_python3_12_site-packages_PyQt6_bindings_QtOpenGL["QtOpenGL"]\n    node_venv_lib_python3_12_site-packages_PyQt6_bindings_QtOpenGL --> node_venv_lib_python3_12_site-packages_PyQt6_bindings_QtOpenGL_qopenglversionfunctions_sip["qopenglversionfunctions.sip"]\n    Root --> node_venv["venv"]\n    node_venv --> node_venv_lib["lib"]\n    node_venv_lib --> node_venv_lib_python3_12["python3.12"]\n    node_venv_lib_python3_12 --> node_venv_lib_python3_12_site-packages["site-packages"]\n    node_venv_lib_python3_12_site-packages --> node_venv_lib_python3_12_site-packages_PyQt6["PyQt6"]\n    node_venv_lib_python3_12_site-packages_PyQt6 --> node_venv_lib_python3_12_site-packages_PyQt6_bindings["bindings"]\n    node_venv_lib_python3_12_site-packages_PyQt6_bindings --> node_venv_lib_python3_12_site-packages_PyQt6_bindings_QtOpenGL["QtOpenGL"]\n    node_venv_lib_python3_12_site-packages_PyQt6_bindings_QtOpenGL --> node_venv_lib_python3_12_site-packages_PyQt6_bindings_QtOpenGL_qopenglversionfunctionsfactory_sip["qopenglversionfunctionsfactory.sip"]\n    Root --> node_venv["venv"]\n    node_venv --> node_venv_lib["lib"]\n    node_venv_lib --> node_venv_lib_python3_12["python3.12"]\n    node_venv_lib_python3_12 --> node_venv_lib_python3_12_site-packages["site-packages"]\n    node_venv_lib_python3_12_site-packages --> node_venv_lib_python3_12_site-packages_PyQt6["PyQt6"]\n    node_venv_lib_python3_12_site-packages_PyQt6 --> node_venv_lib_python3_12_site-packages_PyQt6_bindings["bindings"]\n    node_venv_lib_python3_12_site-packages_PyQt6_bindings --> node_venv_lib_python3_12_site-packages_PyQt6_bindings_QtOpenGL["QtOpenGL"]\n    node_venv_lib_python3_12_site-packages_PyQt6_bindings_QtOpenGL --> node_venv_lib_python3_12_site-packages_PyQt6_bindings_QtOpenGL_qopenglversionprofile_sip["qopenglversionprofile.sip"]\n    Root --> node_venv["venv"]\n    node_venv --> node_venv_lib["lib"]\n    node_venv_lib --> node_venv_lib_python3_12["python3.12"]\n    node_venv_lib_python3_12 --> node_venv_lib_python3_12_site-packages["site-packages"]\n    node_venv_lib_python3_12_site-packages --> node_venv_lib_python3_12_site-packages_PyQt6["PyQt6"]\n    node_venv_lib_python3_12_site-packages_PyQt6 --> node_venv_lib_python3_12_site-packages_PyQt6_bindings["bindings"]\n    node_venv_lib_python3_12_site-packages_PyQt6_bindings --> node_venv_lib_python3_12_site-packages_PyQt6_bindings_QtOpenGL["QtOpenGL"]\n    node_venv_lib_python3_12_site-packages_PyQt6_bindings_QtOpenGL --> node_venv_lib_python3_12_site-packages_PyQt6_bindings_QtOpenGL_qopenglvertexarrayobject_sip["qopenglvertexarrayobject.sip"]\n    Root --> node_venv["venv"]\n    node_venv --> node_venv_lib["lib"]\n    node_venv_lib --> node_venv_lib_python3_12["python3.12"]\n    node_venv_lib_python3_12 --> node_venv_lib_python3_12_site-packages["site-packages"]\n    node_venv_lib_python3_12_site-packages --> node_venv_lib_python3_12_site-packages_PyQt6["PyQt6"]\n    node_venv_lib_python3_12_site-packages_PyQt6 --> node_venv_lib_python3_12_site-packages_PyQt6_bindings["bindings"]\n    node_venv_lib_python3_12_site-packages_PyQt6_bindings --> node_venv_lib_python3_12_site-packages_PyQt6_bindings_QtOpenGL["QtOpenGL"]\n    node_venv_lib_python3_12_site-packages_PyQt6_bindings_QtOpenGL --> node_venv_lib_python3_12_site-packages_PyQt6_bindings_QtOpenGL_qopenglwindow_sip["qopenglwindow.sip"]\n    Root --> node_venv["venv"]\n    node_venv --> node_venv_lib["lib"]\n    node_venv_lib --> node_venv_lib_python3_12["python3.12"]\n    node_venv_lib_python3_12 --> node_venv_lib_python3_12_site-packages["site-packages"]\n    node_venv_lib_python3_12_site-packages --> node_venv_lib_python3_12_site-packages_PyQt6["PyQt6"]\n    node_venv_lib_python3_12_site-packages_PyQt6 --> node_venv_lib_python3_12_site-packages_PyQt6_bindings["bindings"]\n    node_venv_lib_python3_12_site-packages_PyQt6_bindings --> node_venv_lib_python3_12_site-packages_PyQt6_bindings_QtOpenGL["QtOpenGL"]\n    node_venv_lib_python3_12_site-packages_PyQt6_bindings_QtOpenGL --> node_venv_lib_python3_12_site-packages_PyQt6_bindings_QtOpenGL_qpyopengl_qlist_sip["qpyopengl_qlist.sip"]\n    Root --> node_venv["venv"]\n    node_venv --> node_venv_lib["lib"]\n    node_venv_lib --> node_venv_lib_python3_12["python3.12"]\n    node_venv_lib_python3_12 --> node_venv_lib_python3_12_site-packages["site-packages"]\n    node_venv_lib_python3_12_site-packages --> node_venv_lib_python3_12_site-packages_PyQt6["PyQt6"]\n    node_venv_lib_python3_12_site-packages_PyQt6 --> node_venv_lib_python3_12_site-packages_PyQt6_bindings["bindings"]\n    node_venv_lib_python3_12_site-packages_PyQt6_bindings --> node_venv_lib_python3_12_site-packages_PyQt6_bindings_QtOpenGL["QtOpenGL"]\n    node_venv_lib_python3_12_site-packages_PyQt6_bindings_QtOpenGL --> node_venv_lib_python3_12_site-packages_PyQt6_bindings_QtOpenGL_qpyopengl_std_pair_sip["qpyopengl_std_pair.sip"]\n    Root --> node_venv["venv"]\n    node_venv --> node_venv_lib["lib"]\n    node_venv_lib --> node_venv_lib_python3_12["python3.12"]\n    node_venv_lib_python3_12 --> node_venv_lib_python3_12_site-packages["site-packages"]\n    node_venv_lib_python3_12_site-packages --> node_venv_lib_python3_12_site-packages_PyQt6["PyQt6"]\n    node_venv_lib_python3_12_site-packages_PyQt6 --> node_venv_lib_python3_12_site-packages_PyQt6_bindings["bindings"]\n    node_venv_lib_python3_12_site-packages_PyQt6_bindings --> node_venv_lib_python3_12_site-packages_PyQt6_bindings_QtQml["QtQml"]\n    node_venv_lib_python3_12_site-packages_PyQt6_bindings_QtQml --> node_venv_lib_python3_12_site-packages_PyQt6_bindings_QtQml_QtQml_toml["QtQml.toml"]\n    Root --> node_venv["venv"]\n    node_venv --> node_venv_lib["lib"]\n    node_venv_lib --> node_venv_lib_python3_12["python3.12"]\n    node_venv_lib_python3_12 --> node_venv_lib_python3_12_site-packages["site-packages"]\n    node_venv_lib_python3_12_site-packages --> node_venv_lib_python3_12_site-packages_PyQt6["PyQt6"]\n    node_venv_lib_python3_12_site-packages_PyQt6 --> node_venv_lib_python3_12_site-packages_PyQt6_bindings["bindings"]\n    node_venv_lib_python3_12_site-packages_PyQt6_bindings --> node_venv_lib_python3_12_site-packages_PyQt6_bindings_QtQml["QtQml"]\n    node_venv_lib_python3_12_site-packages_PyQt6_bindings_QtQml --> node_venv_lib_python3_12_site-packages_PyQt6_bindings_QtQml_QtQmlmod_sip["QtQmlmod.sip"]\n    Root --> node_venv["venv"]\n    node_venv --> node_venv_lib["lib"]\n    node_venv_lib --> node_venv_lib_python3_12["python3.12"]\n    node_venv_lib_python3_12 --> node_venv_lib_python3_12_site-packages["site-packages"]\n    node_venv_lib_python3_12_site-packages --> node_venv_lib_python3_12_site-packages_PyQt6["PyQt6"]\n    node_venv_lib_python3_12_site-packages_PyQt6 --> node_venv_lib_python3_12_site-packages_PyQt6_bindings["bindings"]\n    node_venv_lib_python3_12_site-packages_PyQt6_bindings --> node_venv_lib_python3_12_site-packages_PyQt6_bindings_QtQml["QtQml"]\n    node_venv_lib_python3_12_site-packages_PyQt6_bindings_QtQml --> node_venv_lib_python3_12_site-packages_PyQt6_bindings_QtQml_qjsengine_sip["qjsengine.sip"]\n    Root --> node_venv["venv"]\n    node_venv --> node_venv_lib["lib"]\n    node_venv_lib --> node_venv_lib_python3_12["python3.12"]\n    node_venv_lib_python3_12 --> node_venv_lib_python3_12_site-packages["site-packages"]\n    node_venv_lib_python3_12_site-packages --> node_venv_lib_python3_12_site-packages_PyQt6["PyQt6"]\n    node_venv_lib_python3_12_site-packages_PyQt6 --> node_venv_lib_python3_12_site-packages_PyQt6_bindings["bindings"]\n    node_venv_lib_python3_12_site-packages_PyQt6_bindings --> node_venv_lib_python3_12_site-packages_PyQt6_bindings_QtQml["QtQml"]\n    node_venv_lib_python3_12_site-packages_PyQt6_bindings_QtQml --> node_venv_lib_python3_12_site-packages_PyQt6_bindings_QtQml_qjsmanagedvalue_sip["qjsmanagedvalue.sip"]\n    Root --> node_venv["venv"]\n    node_venv --> node_venv_lib["lib"]\n    node_venv_lib --> node_venv_lib_python3_12["python3.12"]\n    node_venv_lib_python3_12 --> node_venv_lib_python3_12_site-packages["site-packages"]\n    node_venv_lib_python3_12_site-packages --> node_venv_lib_python3_12_site-packages_PyQt6["PyQt6"]\n    node_venv_lib_python3_12_site-packages_PyQt6 --> node_venv_lib_python3_12_site-packages_PyQt6_bindings["bindings"]\n    node_venv_lib_python3_12_site-packages_PyQt6_bindings --> node_venv_lib_python3_12_site-packages_PyQt6_bindings_QtQml["QtQml"]\n    node_venv_lib_python3_12_site-packages_PyQt6_bindings_QtQml --> node_venv_lib_python3_12_site-packages_PyQt6_bindings_QtQml_qjsprimitivevalue_sip["qjsprimitivevalue.sip"]\n    Root --> node_venv["venv"]\n    node_venv --> node_venv_lib["lib"]\n    node_venv_lib --> node_venv_lib_python3_12["python3.12"]\n    node_venv_lib_python3_12 --> node_venv_lib_python3_12_site-packages["site-packages"]\n    node_venv_lib_python3_12_site-packages --> node_venv_lib_python3_12_site-packages_PyQt6["PyQt6"]\n    node_venv_lib_python3_12_site-packages_PyQt6 --> node_venv_lib_python3_12_site-packages_PyQt6_bindings["bindings"]\n    node_venv_lib_python3_12_site-packages_PyQt6_bindings --> node_venv_lib_python3_12_site-packages_PyQt6_bindings_QtQml["QtQml"]\n    node_venv_lib_python3_12_site-packages_PyQt6_bindings_QtQml --> node_venv_lib_python3_12_site-packages_PyQt6_bindings_QtQml_qjsvalue_sip["qjsvalue.sip"]\n    Root --> node_venv["venv"]\n    node_venv --> node_venv_lib["lib"]\n    node_venv_lib --> node_venv_lib_python3_12["python3.12"]\n    node_venv_lib_python3_12 --> node_venv_lib_python3_12_site-packages["site-packages"]\n    node_venv_lib_python3_12_site-packages --> node_venv_lib_python3_12_site-packages_PyQt6["PyQt6"]\n    node_venv_lib_python3_12_site-packages_PyQt6 --> node_venv_lib_python3_12_site-packages_PyQt6_bindings["bindings"]\n    node_venv_lib_python3_12_site-packages_PyQt6_bindings --> node_venv_lib_python3_12_site-packages_PyQt6_bindings_QtQml["QtQml"]\n    node_venv_lib_python3_12_site-packages_PyQt6_bindings_QtQml --> node_venv_lib_python3_12_site-packages_PyQt6_bindings_QtQml_qjsvalueiterator_sip["qjsvalueiterator.sip"]\n    Root --> node_venv["venv"]\n    node_venv --> node_venv_lib["lib"]\n    node_venv_lib --> node_venv_lib_python3_12["python3.12"]\n    node_venv_lib_python3_12 --> node_venv_lib_python3_12_site-packages["site-packages"]\n    node_venv_lib_python3_12_site-packages --> node_venv_lib_python3_12_site-packages_PyQt6["PyQt6"]\n    node_venv_lib_python3_12_site-packages_PyQt6 --> node_venv_lib_python3_12_site-packages_PyQt6_bindings["bindings"]\n    node_venv_lib_python3_12_site-packages_PyQt6_bindings --> node_venv_lib_python3_12_site-packages_PyQt6_bindings_QtQml["QtQml"]\n    node_venv_lib_python3_12_site-packages_PyQt6_bindings_QtQml --> node_venv_lib_python3_12_site-packages_PyQt6_bindings_QtQml_qmlattachedpropertiesobject_sip["qmlattachedpropertiesobject.sip"]\n    Root --> node_venv["venv"]\n    node_venv --> node_venv_lib["lib"]\n    node_venv_lib --> node_venv_lib_python3_12["python3.12"]\n    node_venv_lib_python3_12 --> node_venv_lib_python3_12_site-packages["site-packages"]\n    node_venv_lib_python3_12_site-packages --> node_venv_lib_python3_12_site-packages_PyQt6["PyQt6"]\n    node_venv_lib_python3_12_site-packages_PyQt6 --> node_venv_lib_python3_12_site-packages_PyQt6_bindings["bindings"]\n    node_venv_lib_python3_12_site-packages_PyQt6_bindings --> node_venv_lib_python3_12_site-packages_PyQt6_bindings_QtQml["QtQml"]\n    node_venv_lib_python3_12_site-packages_PyQt6_bindings_QtQml --> node_venv_lib_python3_12_site-packages_PyQt6_bindings_QtQml_qmlregistertype_sip["qmlregistertype.sip"]\n    Root --> node_venv["venv"]\n    node_venv --> node_venv_lib["lib"]\n    node_venv_lib --> node_venv_lib_python3_12["python3.12"]\n    node_venv_lib_python3_12 --> node_venv_lib_python3_12_site-packages["site-packages"]\n    node_venv_lib_python3_12_site-packages --> node_venv_lib_python3_12_site-packages_PyQt6["PyQt6"]\n    node_venv_lib_python3_12_site-packages_PyQt6 --> node_venv_lib_python3_12_site-packages_PyQt6_bindings["bindings"]\n    node_venv_lib_python3_12_site-packages_PyQt6_bindings --> node_venv_lib_python3_12_site-packages_PyQt6_bindings_QtQml["QtQml"]\n    node_venv_lib_python3_12_site-packages_PyQt6_bindings_QtQml --> node_venv_lib_python3_12_site-packages_PyQt6_bindings_QtQml_qpyqmllistproperty_sip["qpyqmllistproperty.sip"]\n    Root --> node_venv["venv"]\n    node_venv --> node_venv_lib["lib"]\n    node_venv_lib --> node_venv_lib_python3_12["python3.12"]\n    node_venv_lib_python3_12 --> node_venv_lib_python3_12_site-packages["site-packages"]\n    node_venv_lib_python3_12_site-packages --> node_venv_lib_python3_12_site-packages_PyQt6["PyQt6"]\n    node_venv_lib_python3_12_site-packages_PyQt6 --> node_venv_lib_python3_12_site-packages_PyQt6_bindings["bindings"]\n    node_venv_lib_python3_12_site-packages_PyQt6_bindings --> node_venv_lib_python3_12_site-packages_PyQt6_bindings_QtQml["QtQml"]\n    node_venv_lib_python3_12_site-packages_PyQt6_bindings_QtQml --> node_venv_lib_python3_12_site-packages_PyQt6_bindings_QtQml_qqml_sip["qqml.sip"]\n    Root --> node_venv["venv"]\n    node_venv --> node_venv_lib["lib"]\n    node_venv_lib --> node_venv_lib_python3_12["python3.12"]\n    node_venv_lib_python3_12 --> node_venv_lib_python3_12_site-packages["site-packages"]\n    node_venv_lib_python3_12_site-packages --> node_venv_lib_python3_12_site-packages_PyQt6["PyQt6"]\n    node_venv_lib_python3_12_site-packages_PyQt6 --> node_venv_lib_python3_12_site-packages_PyQt6_bindings["bindings"]\n    node_venv_lib_python3_12_site-packages_PyQt6_bindings --> node_venv_lib_python3_12_site-packages_PyQt6_bindings_QtQml["QtQml"]\n    node_venv_lib_python3_12_site-packages_PyQt6_bindings_QtQml --> node_venv_lib_python3_12_site-packages_PyQt6_bindings_QtQml_qqmlabstracturlinterceptor_sip["qqmlabstracturlinterceptor.sip"]\n    Root --> node_venv["venv"]\n    node_venv --> node_venv_lib["lib"]\n    node_venv_lib --> node_venv_lib_python3_12["python3.12"]\n    node_venv_lib_python3_12 --> node_venv_lib_python3_12_site-packages["site-packages"]\n    node_venv_lib_python3_12_site-packages --> node_venv_lib_python3_12_site-packages_PyQt6["PyQt6"]\n    node_venv_lib_python3_12_site-packages_PyQt6 --> node_venv_lib_python3_12_site-packages_PyQt6_bindings["bindings"]\n    node_venv_lib_python3_12_site-packages_PyQt6_bindings --> node_venv_lib_python3_12_site-packages_PyQt6_bindings_QtQml["QtQml"]\n    node_venv_lib_python3_12_site-packages_PyQt6_bindings_QtQml --> node_venv_lib_python3_12_site-packages_PyQt6_bindings_QtQml_qqmlapplicationengine_sip["qqmlapplicationengine.sip"]\n    Root --> node_venv["venv"]\n    node_venv --> node_venv_lib["lib"]\n    node_venv_lib --> node_venv_lib_python3_12["python3.12"]\n    node_venv_lib_python3_12 --> node_venv_lib_python3_12_site-packages["site-packages"]\n    node_venv_lib_python3_12_site-packages --> node_venv_lib_python3_12_site-packages_PyQt6["PyQt6"]\n    node_venv_lib_python3_12_site-packages_PyQt6 --> node_venv_lib_python3_12_site-packages_PyQt6_bindings["bindings"]\n    node_venv_lib_python3_12_site-packages_PyQt6_bindings --> node_venv_lib_python3_12_site-packages_PyQt6_bindings_QtQml["QtQml"]\n    node_venv_lib_python3_12_site-packages_PyQt6_bindings_QtQml --> node_venv_lib_python3_12_site-packages_PyQt6_bindings_QtQml_qqmlcomponent_sip["qqmlcomponent.sip"]\n    Root --> node_venv["venv"]\n    node_venv --> node_venv_lib["lib"]\n    node_venv_lib --> node_venv_lib_python3_12["python3.12"]\n    node_venv_lib_python3_12 --> node_venv_lib_python3_12_site-packages["site-packages"]\n    node_venv_lib_python3_12_site-packages --> node_venv_lib_python3_12_site-packages_PyQt6["PyQt6"]\n    node_venv_lib_python3_12_site-packages_PyQt6 --> node_venv_lib_python3_12_site-packages_PyQt6_bindings["bindings"]\n    node_venv_lib_python3_12_site-packages_PyQt6_bindings --> node_venv_lib_python3_12_site-packages_PyQt6_bindings_QtQml["QtQml"]\n    node_venv_lib_python3_12_site-packages_PyQt6_bindings_QtQml --> node_venv_lib_python3_12_site-packages_PyQt6_bindings_QtQml_qqmlcontext_sip["qqmlcontext.sip"]\n    Root --> node_venv["venv"]\n    node_venv --> node_venv_lib["lib"]\n    node_venv_lib --> node_venv_lib_python3_12["python3.12"]\n    node_venv_lib_python3_12 --> node_venv_lib_python3_12_site-packages["site-packages"]\n    node_venv_lib_python3_12_site-packages --> node_venv_lib_python3_12_site-packages_PyQt6["PyQt6"]\n    node_venv_lib_python3_12_site-packages_PyQt6 --> node_venv_lib_python3_12_site-packages_PyQt6_bindings["bindings"]\n    node_venv_lib_python3_12_site-packages_PyQt6_bindings --> node_venv_lib_python3_12_site-packages_PyQt6_bindings_QtQml["QtQml"]\n    node_venv_lib_python3_12_site-packages_PyQt6_bindings_QtQml --> node_venv_lib_python3_12_site-packages_PyQt6_bindings_QtQml_qqmlengine_sip["qqmlengine.sip"]\n    Root --> node_venv["venv"]\n    node_venv --> node_venv_lib["lib"]\n    node_venv_lib --> node_venv_lib_python3_12["python3.12"]\n    node_venv_lib_python3_12 --> node_venv_lib_python3_12_site-packages["site-packages"]\n    node_venv_lib_python3_12_site-packages --> node_venv_lib_python3_12_site-packages_PyQt6["PyQt6"]\n    node_venv_lib_python3_12_site-packages_PyQt6 --> node_venv_lib_python3_12_site-packages_PyQt6_bindings["bindings"]\n    node_venv_lib_python3_12_site-packages_PyQt6_bindings --> node_venv_lib_python3_12_site-packages_PyQt6_bindings_QtQml["QtQml"]\n    node_venv_lib_python3_12_site-packages_PyQt6_bindings_QtQml --> node_venv_lib_python3_12_site-packages_PyQt6_bindings_QtQml_qqmlerror_sip["qqmlerror.sip"]\n    Root --> node_venv["venv"]\n    node_venv --> node_venv_lib["lib"]\n    node_venv_lib --> node_venv_lib_python3_12["python3.12"]\n    node_venv_lib_python3_12 --> node_venv_lib_python3_12_site-packages["site-packages"]\n    node_venv_lib_python3_12_site-packages --> node_venv_lib_python3_12_site-packages_PyQt6["PyQt6"]\n    node_venv_lib_python3_12_site-packages_PyQt6 --> node_venv_lib_python3_12_site-packages_PyQt6_bindings["bindings"]\n    node_venv_lib_python3_12_site-packages_PyQt6_bindings --> node_venv_lib_python3_12_site-packages_PyQt6_bindings_QtQml["QtQml"]\n    node_venv_lib_python3_12_site-packages_PyQt6_bindings_QtQml --> node_venv_lib_python3_12_site-packages_PyQt6_bindings_QtQml_qqmlexpression_sip["qqmlexpression.sip"]\n    Root --> node_venv["venv"]\n    node_venv --> node_venv_lib["lib"]\n    node_venv_lib --> node_venv_lib_python3_12["python3.12"]\n    node_venv_lib_python3_12 --> node_venv_lib_python3_12_site-packages["site-packages"]\n    node_venv_lib_python3_12_site-packages --> node_venv_lib_python3_12_site-packages_PyQt6["PyQt6"]\n    node_venv_lib_python3_12_site-packages_PyQt6 --> node_venv_lib_python3_12_site-packages_PyQt6_bindings["bindings"]\n    node_venv_lib_python3_12_site-packages_PyQt6_bindings --> node_venv_lib_python3_12_site-packages_PyQt6_bindings_QtQml["QtQml"]\n    node_venv_lib_python3_12_site-packages_PyQt6_bindings_QtQml --> node_venv_lib_python3_12_site-packages_PyQt6_bindings_QtQml_qqmlextensionplugin_sip["qqmlextensionplugin.sip"]\n    Root --> node_venv["venv"]\n    node_venv --> node_venv_lib["lib"]\n    node_venv_lib --> node_venv_lib_python3_12["python3.12"]\n    node_venv_lib_python3_12 --> node_venv_lib_python3_12_site-packages["site-packages"]\n    node_venv_lib_python3_12_site-packages --> node_venv_lib_python3_12_site-packages_PyQt6["PyQt6"]\n    node_venv_lib_python3_12_site-packages_PyQt6 --> node_venv_lib_python3_12_site-packages_PyQt6_bindings["bindings"]\n    node_venv_lib_python3_12_site-packages_PyQt6_bindings --> node_venv_lib_python3_12_site-packages_PyQt6_bindings_QtQml["QtQml"]\n    node_venv_lib_python3_12_site-packages_PyQt6_bindings_QtQml --> node_venv_lib_python3_12_site-packages_PyQt6_bindings_QtQml_qqmlfileselector_sip["qqmlfileselector.sip"]\n    Root --> node_venv["venv"]\n    node_venv --> node_venv_lib["lib"]\n    node_venv_lib --> node_venv_lib_python3_12["python3.12"]\n    node_venv_lib_python3_12 --> node_venv_lib_python3_12_site-packages["site-packages"]\n    node_venv_lib_python3_12_site-packages --> node_venv_lib_python3_12_site-packages_PyQt6["PyQt6"]\n    node_venv_lib_python3_12_site-packages_PyQt6 --> node_venv_lib_python3_12_site-packages_PyQt6_bindings["bindings"]\n    node_venv_lib_python3_12_site-packages_PyQt6_bindings --> node_venv_lib_python3_12_site-packages_PyQt6_bindings_QtQml["QtQml"]\n    node_venv_lib_python3_12_site-packages_PyQt6_bindings_QtQml --> node_venv_lib_python3_12_site-packages_PyQt6_bindings_QtQml_qqmlincubator_sip["qqmlincubator.sip"]\n    Root --> node_venv["venv"]\n    node_venv --> node_venv_lib["lib"]\n    node_venv_lib --> node_venv_lib_python3_12["python3.12"]\n    node_venv_lib_python3_12 --> node_venv_lib_python3_12_site-packages["site-packages"]\n    node_venv_lib_python3_12_site-packages --> node_venv_lib_python3_12_site-packages_PyQt6["PyQt6"]\n    node_venv_lib_python3_12_site-packages_PyQt6 --> node_venv_lib_python3_12_site-packages_PyQt6_bindings["bindings"]\n    node_venv_lib_python3_12_site-packages_PyQt6_bindings --> node_venv_lib_python3_12_site-packages_PyQt6_bindings_QtQml["QtQml"]\n    node_venv_lib_python3_12_site-packages_PyQt6_bindings_QtQml --> node_venv_lib_python3_12_site-packages_PyQt6_bindings_QtQml_qqmllist_sip["qqmllist.sip"]\n    Root --> node_venv["venv"]\n    node_venv --> node_venv_lib["lib"]\n    node_venv_lib --> node_venv_lib_python3_12["python3.12"]\n    node_venv_lib_python3_12 --> node_venv_lib_python3_12_site-packages["site-packages"]\n    node_venv_lib_python3_12_site-packages --> node_venv_lib_python3_12_site-packages_PyQt6["PyQt6"]\n    node_venv_lib_python3_12_site-packages_PyQt6 --> node_venv_lib_python3_12_site-packages_PyQt6_bindings["bindings"]\n    node_venv_lib_python3_12_site-packages_PyQt6_bindings --> node_venv_lib_python3_12_site-packages_PyQt6_bindings_QtQml["QtQml"]\n    node_venv_lib_python3_12_site-packages_PyQt6_bindings_QtQml --> node_venv_lib_python3_12_site-packages_PyQt6_bindings_QtQml_qqmlnetworkaccessmanagerfactory_sip["qqmlnetworkaccessmanagerfactory.sip"]\n    Root --> node_venv["venv"]\n    node_venv --> node_venv_lib["lib"]\n    node_venv_lib --> node_venv_lib_python3_12["python3.12"]\n    node_venv_lib_python3_12 --> node_venv_lib_python3_12_site-packages["site-packages"]\n    node_venv_lib_python3_12_site-packages --> node_venv_lib_python3_12_site-packages_PyQt6["PyQt6"]\n    node_venv_lib_python3_12_site-packages_PyQt6 --> node_venv_lib_python3_12_site-packages_PyQt6_bindings["bindings"]\n    node_venv_lib_python3_12_site-packages_PyQt6_bindings --> node_venv_lib_python3_12_site-packages_PyQt6_bindings_QtQml["QtQml"]\n    node_venv_lib_python3_12_site-packages_PyQt6_bindings_QtQml --> node_venv_lib_python3_12_site-packages_PyQt6_bindings_QtQml_qqmlparserstatus_sip["qqmlparserstatus.sip"]\n    Root --> node_venv["venv"]\n    node_venv --> node_venv_lib["lib"]\n    node_venv_lib --> node_venv_lib_python3_12["python3.12"]\n    node_venv_lib_python3_12 --> node_venv_lib_python3_12_site-packages["site-packages"]\n    node_venv_lib_python3_12_site-packages --> node_venv_lib_python3_12_site-packages_PyQt6["PyQt6"]\n    node_venv_lib_python3_12_site-packages_PyQt6 --> node_venv_lib_python3_12_site-packages_PyQt6_bindings["bindings"]\n    node_venv_lib_python3_12_site-packages_PyQt6_bindings --> node_venv_lib_python3_12_site-packages_PyQt6_bindings_QtQml["QtQml"]\n    node_venv_lib_python3_12_site-packages_PyQt6_bindings_QtQml --> node_venv_lib_python3_12_site-packages_PyQt6_bindings_QtQml_qqmlproperty_sip["qqmlproperty.sip"]\n    Root --> node_venv["venv"]\n    node_venv --> node_venv_lib["lib"]\n    node_venv_lib --> node_venv_lib_python3_12["python3.12"]\n    node_venv_lib_python3_12 --> node_venv_lib_python3_12_site-packages["site-packages"]\n    node_venv_lib_python3_12_site-packages --> node_venv_lib_python3_12_site-packages_PyQt6["PyQt6"]\n    node_venv_lib_python3_12_site-packages_PyQt6 --> node_venv_lib_python3_12_site-packages_PyQt6_bindings["bindings"]\n    node_venv_lib_python3_12_site-packages_PyQt6_bindings --> node_venv_lib_python3_12_site-packages_PyQt6_bindings_QtQml["QtQml"]\n    node_venv_lib_python3_12_site-packages_PyQt6_bindings_QtQml --> node_venv_lib_python3_12_site-packages_PyQt6_bindings_QtQml_qqmlpropertymap_sip["qqmlpropertymap.sip"]\n    Root --> node_venv["venv"]\n    node_venv --> node_venv_lib["lib"]\n    node_venv_lib --> node_venv_lib_python3_12["python3.12"]\n    node_venv_lib_python3_12 --> node_venv_lib_python3_12_site-packages["site-packages"]\n    node_venv_lib_python3_12_site-packages --> node_venv_lib_python3_12_site-packages_PyQt6["PyQt6"]\n    node_venv_lib_python3_12_site-packages_PyQt6 --> node_venv_lib_python3_12_site-packages_PyQt6_bindings["bindings"]\n    node_venv_lib_python3_12_site-packages_PyQt6_bindings --> node_venv_lib_python3_12_site-packages_PyQt6_bindings_QtQml["QtQml"]\n    node_venv_lib_python3_12_site-packages_PyQt6_bindings_QtQml --> node_venv_lib_python3_12_site-packages_PyQt6_bindings_QtQml_qqmlpropertyvaluesource_sip["qqmlpropertyvaluesource.sip"]\n    Root --> node_venv["venv"]\n    node_venv --> node_venv_lib["lib"]\n    node_venv_lib --> node_venv_lib_python3_12["python3.12"]\n    node_venv_lib_python3_12 --> node_venv_lib_python3_12_site-packages["site-packages"]\n    node_venv_lib_python3_12_site-packages --> node_venv_lib_python3_12_site-packages_PyQt6["PyQt6"]\n    node_venv_lib_python3_12_site-packages_PyQt6 --> node_venv_lib_python3_12_site-packages_PyQt6_bindings["bindings"]\n    node_venv_lib_python3_12_site-packages_PyQt6_bindings --> node_venv_lib_python3_12_site-packages_PyQt6_bindings_QtQml["QtQml"]\n    node_venv_lib_python3_12_site-packages_PyQt6_bindings_QtQml --> node_venv_lib_python3_12_site-packages_PyQt6_bindings_QtQml_qqmlscriptstring_sip["qqmlscriptstring.sip"]\n    Root --> node_venv["venv"]\n    node_venv --> node_venv_lib["lib"]\n    node_venv_lib --> node_venv_lib_python3_12["python3.12"]\n    node_venv_lib_python3_12 --> node_venv_lib_python3_12_site-packages["site-packages"]\n    node_venv_lib_python3_12_site-packages --> node_venv_lib_python3_12_site-packages_PyQt6["PyQt6"]\n    node_venv_lib_python3_12_site-packages_PyQt6 --> node_venv_lib_python3_12_site-packages_PyQt6_bindings["bindings"]\n    node_venv_lib_python3_12_site-packages_PyQt6_bindings --> node_venv_lib_python3_12_site-packages_PyQt6_bindings_QtBluetooth["QtBluetooth"]\n    node_venv_lib_python3_12_site-packages_PyQt6_bindings_QtBluetooth --> node_venv_lib_python3_12_site-packages_PyQt6_bindings_QtBluetooth_QtBluetooth_toml["QtBluetooth.toml"]\n    Root --> node_venv["venv"]\n    node_venv --> node_venv_lib["lib"]\n    node_venv_lib --> node_venv_lib_python3_12["python3.12"]\n    node_venv_lib_python3_12 --> node_venv_lib_python3_12_site-packages["site-packages"]\n    node_venv_lib_python3_12_site-packages --> node_venv_lib_python3_12_site-packages_PyQt6["PyQt6"]\n    node_venv_lib_python3_12_site-packages_PyQt6 --> node_venv_lib_python3_12_site-packages_PyQt6_bindings["bindings"]\n    node_venv_lib_python3_12_site-packages_PyQt6_bindings --> node_venv_lib_python3_12_site-packages_PyQt6_bindings_QtBluetooth["QtBluetooth"]\n    node_venv_lib_python3_12_site-packages_PyQt6_bindings_QtBluetooth --> node_venv_lib_python3_12_site-packages_PyQt6_bindings_QtBluetooth_QtBluetoothmod_sip["QtBluetoothmod.sip"]\n    Root --> node_venv["venv"]\n    node_venv --> node_venv_lib["lib"]\n    node_venv_lib --> node_venv_lib_python3_12["python3.12"]\n    node_venv_lib_python3_12 --> node_venv_lib_python3_12_site-packages["site-packages"]\n    node_venv_lib_python3_12_site-packages --> node_venv_lib_python3_12_site-packages_PyQt6["PyQt6"]\n    node_venv_lib_python3_12_site-packages_PyQt6 --> node_venv_lib_python3_12_site-packages_PyQt6_bindings["bindings"]\n    node_venv_lib_python3_12_site-packages_PyQt6_bindings --> node_venv_lib_python3_12_site-packages_PyQt6_bindings_QtBluetooth["QtBluetooth"]\n    node_venv_lib_python3_12_site-packages_PyQt6_bindings_QtBluetooth --> node_venv_lib_python3_12_site-packages_PyQt6_bindings_QtBluetooth_qbluetooth_sip["qbluetooth.sip"]\n    Root --> node_venv["venv"]\n    node_venv --> node_venv_lib["lib"]\n    node_venv_lib --> node_venv_lib_python3_12["python3.12"]\n    node_venv_lib_python3_12 --> node_venv_lib_python3_12_site-packages["site-packages"]\n    node_venv_lib_python3_12_site-packages --> node_venv_lib_python3_12_site-packages_PyQt6["PyQt6"]\n    node_venv_lib_python3_12_site-packages_PyQt6 --> node_venv_lib_python3_12_site-packages_PyQt6_bindings["bindings"]\n    node_venv_lib_python3_12_site-packages_PyQt6_bindings --> node_venv_lib_python3_12_site-packages_PyQt6_bindings_QtBluetooth["QtBluetooth"]\n    node_venv_lib_python3_12_site-packages_PyQt6_bindings_QtBluetooth --> node_venv_lib_python3_12_site-packages_PyQt6_bindings_QtBluetooth_qbluetoothaddress_sip["qbluetoothaddress.sip"]\n    Root --> node_venv["venv"]\n    node_venv --> node_venv_lib["lib"]\n    node_venv_lib --> node_venv_lib_python3_12["python3.12"]\n    node_venv_lib_python3_12 --> node_venv_lib_python3_12_site-packages["site-packages"]\n    node_venv_lib_python3_12_site-packages --> node_venv_lib_python3_12_site-packages_PyQt6["PyQt6"]\n    node_venv_lib_python3_12_site-packages_PyQt6 --> node_venv_lib_python3_12_site-packages_PyQt6_bindings["bindings"]\n    node_venv_lib_python3_12_site-packages_PyQt6_bindings --> node_venv_lib_python3_12_site-packages_PyQt6_bindings_QtBluetooth["QtBluetooth"]\n    node_venv_lib_python3_12_site-packages_PyQt6_bindings_QtBluetooth --> node_venv_lib_python3_12_site-packages_PyQt6_bindings_QtBluetooth_qbluetoothdevicediscoveryagent_sip["qbluetoothdevicediscoveryagent.sip"]\n    Root --> node_venv["venv"]\n    node_venv --> node_venv_lib["lib"]\n    node_venv_lib --> node_venv_lib_python3_12["python3.12"]\n    node_venv_lib_python3_12 --> node_venv_lib_python3_12_site-packages["site-packages"]\n    node_venv_lib_python3_12_site-packages --> node_venv_lib_python3_12_site-packages_PyQt6["PyQt6"]\n    node_venv_lib_python3_12_site-packages_PyQt6 --> node_venv_lib_python3_12_site-packages_PyQt6_bindings["bindings"]\n    node_venv_lib_python3_12_site-packages_PyQt6_bindings --> node_venv_lib_python3_12_site-packages_PyQt6_bindings_QtBluetooth["QtBluetooth"]\n    node_venv_lib_python3_12_site-packages_PyQt6_bindings_QtBluetooth --> node_venv_lib_python3_12_site-packages_PyQt6_bindings_QtBluetooth_qbluetoothdeviceinfo_sip["qbluetoothdeviceinfo.sip"]\n    Root --> node_venv["venv"]\n    node_venv --> node_venv_lib["lib"]\n    node_venv_lib --> node_venv_lib_python3_12["python3.12"]\n    node_venv_lib_python3_12 --> node_venv_lib_python3_12_site-packages["site-packages"]\n    node_venv_lib_python3_12_site-packages --> node_venv_lib_python3_12_site-packages_PyQt6["PyQt6"]\n    node_venv_lib_python3_12_site-packages_PyQt6 --> node_venv_lib_python3_12_site-packages_PyQt6_bindings["bindings"]\n    node_venv_lib_python3_12_site-packages_PyQt6_bindings --> node_venv_lib_python3_12_site-packages_PyQt6_bindings_QtBluetooth["QtBluetooth"]\n    node_venv_lib_python3_12_site-packages_PyQt6_bindings_QtBluetooth --> node_venv_lib_python3_12_site-packages_PyQt6_bindings_QtBluetooth_qbluetoothhostinfo_sip["qbluetoothhostinfo.sip"]\n    Root --> node_venv["venv"]\n    node_venv --> node_venv_lib["lib"]\n    node_venv_lib --> node_venv_lib_python3_12["python3.12"]\n    node_venv_lib_python3_12 --> node_venv_lib_python3_12_site-packages["site-packages"]\n    node_venv_lib_python3_12_site-packages --> node_venv_lib_python3_12_site-packages_PyQt6["PyQt6"]\n    node_venv_lib_python3_12_site-packages_PyQt6 --> node_venv_lib_python3_12_site-packages_PyQt6_bindings["bindings"]\n    node_venv_lib_python3_12_site-packages_PyQt6_bindings --> node_venv_lib_python3_12_site-packages_PyQt6_bindings_QtBluetooth["QtBluetooth"]\n    node_venv_lib_python3_12_site-packages_PyQt6_bindings_QtBluetooth --> node_venv_lib_python3_12_site-packages_PyQt6_bindings_QtBluetooth_qbluetoothlocaldevice_sip["qbluetoothlocaldevice.sip"]\n    Root --> node_venv["venv"]\n    node_venv --> node_venv_lib["lib"]\n    node_venv_lib --> node_venv_lib_python3_12["python3.12"]\n    node_venv_lib_python3_12 --> node_venv_lib_python3_12_site-packages["site-packages"]\n    node_venv_lib_python3_12_site-packages --> node_venv_lib_python3_12_site-packages_PyQt6["PyQt6"]\n    node_venv_lib_python3_12_site-packages_PyQt6 --> node_venv_lib_python3_12_site-packages_PyQt6_bindings["bindings"]\n    node_venv_lib_python3_12_site-packages_PyQt6_bindings --> node_venv_lib_python3_12_site-packages_PyQt6_bindings_QtBluetooth["QtBluetooth"]\n    node_venv_lib_python3_12_site-packages_PyQt6_bindings_QtBluetooth --> node_venv_lib_python3_12_site-packages_PyQt6_bindings_QtBluetooth_qbluetoothserver_sip["qbluetoothserver.sip"]\n    Root --> node_venv["venv"]\n    node_venv --> node_venv_lib["lib"]\n    node_venv_lib --> node_venv_lib_python3_12["python3.12"]\n    node_venv_lib_python3_12 --> node_venv_lib_python3_12_site-packages["site-packages"]\n    node_venv_lib_python3_12_site-packages --> node_venv_lib_python3_12_site-packages_PyQt6["PyQt6"]\n    node_venv_lib_python3_12_site-packages_PyQt6 --> node_venv_lib_python3_12_site-packages_PyQt6_bindings["bindings"]\n    node_venv_lib_python3_12_site-packages_PyQt6_bindings --> node_venv_lib_python3_12_site-packages_PyQt6_bindings_QtBluetooth["QtBluetooth"]\n    node_venv_lib_python3_12_site-packages_PyQt6_bindings_QtBluetooth --> node_venv_lib_python3_12_site-packages_PyQt6_bindings_QtBluetooth_qbluetoothservicediscoveryagent_sip["qbluetoothservicediscoveryagent.sip"]\n    Root --> node_venv["venv"]\n    node_venv --> node_venv_lib["lib"]\n    node_venv_lib --> node_venv_lib_python3_12["python3.12"]\n    node_venv_lib_python3_12 --> node_venv_lib_python3_12_site-packages["site-packages"]\n    node_venv_lib_python3_12_site-packages --> node_venv_lib_python3_12_site-packages_PyQt6["PyQt6"]\n    node_venv_lib_python3_12_site-packages_PyQt6 --> node_venv_lib_python3_12_site-packages_PyQt6_bindings["bindings"]\n    node_venv_lib_python3_12_site-packages_PyQt6_bindings --> node_venv_lib_python3_12_site-packages_PyQt6_bindings_QtBluetooth["QtBluetooth"]\n    node_venv_lib_python3_12_site-packages_PyQt6_bindings_QtBluetooth --> node_venv_lib_python3_12_site-packages_PyQt6_bindings_QtBluetooth_qbluetoothserviceinfo_sip["qbluetoothserviceinfo.sip"]\n    Root --> node_venv["venv"]\n    node_venv --> node_venv_lib["lib"]\n    node_venv_lib --> node_venv_lib_python3_12["python3.12"]\n    node_venv_lib_python3_12 --> node_venv_lib_python3_12_site-packages["site-packages"]\n    node_venv_lib_python3_12_site-packages --> node_venv_lib_python3_12_site-packages_PyQt6["PyQt6"]\n    node_venv_lib_python3_12_site-packages_PyQt6 --> node_venv_lib_python3_12_site-packages_PyQt6_bindings["bindings"]\n    node_venv_lib_python3_12_site-packages_PyQt6_bindings --> node_venv_lib_python3_12_site-packages_PyQt6_bindings_QtBluetooth["QtBluetooth"]\n    node_venv_lib_python3_12_site-packages_PyQt6_bindings_QtBluetooth --> node_venv_lib_python3_12_site-packages_PyQt6_bindings_QtBluetooth_qbluetoothsocket_sip["qbluetoothsocket.sip"]\n    Root --> node_venv["venv"]\n    node_venv --> node_venv_lib["lib"]\n    node_venv_lib --> node_venv_lib_python3_12["python3.12"]\n    node_venv_lib_python3_12 --> node_venv_lib_python3_12_site-packages["site-packages"]\n    node_venv_lib_python3_12_site-packages --> node_venv_lib_python3_12_site-packages_PyQt6["PyQt6"]\n    node_venv_lib_python3_12_site-packages_PyQt6 --> node_venv_lib_python3_12_site-packages_PyQt6_bindings["bindings"]\n    node_venv_lib_python3_12_site-packages_PyQt6_bindings --> node_venv_lib_python3_12_site-packages_PyQt6_bindings_QtBluetooth["QtBluetooth"]\n    node_venv_lib_python3_12_site-packages_PyQt6_bindings_QtBluetooth --> node_venv_lib_python3_12_site-packages_PyQt6_bindings_QtBluetooth_qbluetoothuuid_sip["qbluetoothuuid.sip"]\n    Root --> node_venv["venv"]\n    node_venv --> node_venv_lib["lib"]\n    node_venv_lib --> node_venv_lib_python3_12["python3.12"]\n    node_venv_lib_python3_12 --> node_venv_lib_python3_12_site-packages["site-packages"]\n    node_venv_lib_python3_12_site-packages --> node_venv_lib_python3_12_site-packages_PyQt6["PyQt6"]\n    node_venv_lib_python3_12_site-packages_PyQt6 --> node_venv_lib_python3_12_site-packages_PyQt6_bindings["bindings"]\n    node_venv_lib_python3_12_site-packages_PyQt6_bindings --> node_venv_lib_python3_12_site-packages_PyQt6_bindings_QtBluetooth["QtBluetooth"]\n    node_venv_lib_python3_12_site-packages_PyQt6_bindings_QtBluetooth --> node_venv_lib_python3_12_site-packages_PyQt6_bindings_QtBluetooth_qlowenergyadvertisingdata_sip["qlowenergyadvertisingdata.sip"]\n    Root --> node_venv["venv"]\n    node_venv --> node_venv_lib["lib"]\n    node_venv_lib --> node_venv_lib_python3_12["python3.12"]\n    node_venv_lib_python3_12 --> node_venv_lib_python3_12_site-packages["site-packages"]\n    node_venv_lib_python3_12_site-packages --> node_venv_lib_python3_12_site-packages_PyQt6["PyQt6"]\n    node_venv_lib_python3_12_site-packages_PyQt6 --> node_venv_lib_python3_12_site-packages_PyQt6_bindings["bindings"]\n    node_venv_lib_python3_12_site-packages_PyQt6_bindings --> node_venv_lib_python3_12_site-packages_PyQt6_bindings_QtBluetooth["QtBluetooth"]\n    node_venv_lib_python3_12_site-packages_PyQt6_bindings_QtBluetooth --> node_venv_lib_python3_12_site-packages_PyQt6_bindings_QtBluetooth_qlowenergyadvertisingparameters_sip["qlowenergyadvertisingparameters.sip"]\n    Root --> node_venv["venv"]\n    node_venv --> node_venv_lib["lib"]\n    node_venv_lib --> node_venv_lib_python3_12["python3.12"]\n    node_venv_lib_python3_12 --> node_venv_lib_python3_12_site-packages["site-packages"]\n    node_venv_lib_python3_12_site-packages --> node_venv_lib_python3_12_site-packages_PyQt6["PyQt6"]\n    node_venv_lib_python3_12_site-packages_PyQt6 --> node_venv_lib_python3_12_site-packages_PyQt6_bindings["bindings"]\n    node_venv_lib_python3_12_site-packages_PyQt6_bindings --> node_venv_lib_python3_12_site-packages_PyQt6_bindings_QtBluetooth["QtBluetooth"]\n    node_venv_lib_python3_12_site-packages_PyQt6_bindings_QtBluetooth --> node_venv_lib_python3_12_site-packages_PyQt6_bindings_QtBluetooth_qlowenergycharacteristic_sip["qlowenergycharacteristic.sip"]\n    Root --> node_venv["venv"]\n    node_venv --> node_venv_lib["lib"]\n    node_venv_lib --> node_venv_lib_python3_12["python3.12"]\n    node_venv_lib_python3_12 --> node_venv_lib_python3_12_site-packages["site-packages"]\n    node_venv_lib_python3_12_site-packages --> node_venv_lib_python3_12_site-packages_PyQt6["PyQt6"]\n    node_venv_lib_python3_12_site-packages_PyQt6 --> node_venv_lib_python3_12_site-packages_PyQt6_bindings["bindings"]\n    node_venv_lib_python3_12_site-packages_PyQt6_bindings --> node_venv_lib_python3_12_site-packages_PyQt6_bindings_QtBluetooth["QtBluetooth"]\n    node_venv_lib_python3_12_site-packages_PyQt6_bindings_QtBluetooth --> node_venv_lib_python3_12_site-packages_PyQt6_bindings_QtBluetooth_qlowenergycharacteristicdata_sip["qlowenergycharacteristicdata.sip"]\n    Root --> node_venv["venv"]\n    node_venv --> node_venv_lib["lib"]\n    node_venv_lib --> node_venv_lib_python3_12["python3.12"]\n    node_venv_lib_python3_12 --> node_venv_lib_python3_12_site-packages["site-packages"]\n    node_venv_lib_python3_12_site-packages --> node_venv_lib_python3_12_site-packages_PyQt6["PyQt6"]\n    node_venv_lib_python3_12_site-packages_PyQt6 --> node_venv_lib_python3_12_site-packages_PyQt6_bindings["bindings"]\n    node_venv_lib_python3_12_site-packages_PyQt6_bindings --> node_venv_lib_python3_12_site-packages_PyQt6_bindings_QtBluetooth["QtBluetooth"]\n    node_venv_lib_python3_12_site-packages_PyQt6_bindings_QtBluetooth --> node_venv_lib_python3_12_site-packages_PyQt6_bindings_QtBluetooth_qlowenergyconnectionparameters_sip["qlowenergyconnectionparameters.sip"]\n    Root --> node_venv["venv"]\n    node_venv --> node_venv_lib["lib"]\n    node_venv_lib --> node_venv_lib_python3_12["python3.12"]\n    node_venv_lib_python3_12 --> node_venv_lib_python3_12_site-packages["site-packages"]\n    node_venv_lib_python3_12_site-packages --> node_venv_lib_python3_12_site-packages_PyQt6["PyQt6"]\n    node_venv_lib_python3_12_site-packages_PyQt6 --> node_venv_lib_python3_12_site-packages_PyQt6_bindings["bindings"]\n    node_venv_lib_python3_12_site-packages_PyQt6_bindings --> node_venv_lib_python3_12_site-packages_PyQt6_bindings_QtBluetooth["QtBluetooth"]\n    node_venv_lib_python3_12_site-packages_PyQt6_bindings_QtBluetooth --> node_venv_lib_python3_12_site-packages_PyQt6_bindings_QtBluetooth_qlowenergycontroller_sip["qlowenergycontroller.sip"]\n    Root --> node_venv["venv"]\n    node_venv --> node_venv_lib["lib"]\n    node_venv_lib --> node_venv_lib_python3_12["python3.12"]\n    node_venv_lib_python3_12 --> node_venv_lib_python3_12_site-packages["site-packages"]\n    node_venv_lib_python3_12_site-packages --> node_venv_lib_python3_12_site-packages_PyQt6["PyQt6"]\n    node_venv_lib_python3_12_site-packages_PyQt6 --> node_venv_lib_python3_12_site-packages_PyQt6_bindings["bindings"]\n    node_venv_lib_python3_12_site-packages_PyQt6_bindings --> node_venv_lib_python3_12_site-packages_PyQt6_bindings_QtBluetooth["QtBluetooth"]\n    node_venv_lib_python3_12_site-packages_PyQt6_bindings_QtBluetooth --> node_venv_lib_python3_12_site-packages_PyQt6_bindings_QtBluetooth_qlowenergydescriptor_sip["qlowenergydescriptor.sip"]\n    Root --> node_venv["venv"]\n    node_venv --> node_venv_lib["lib"]\n    node_venv_lib --> node_venv_lib_python3_12["python3.12"]\n    node_venv_lib_python3_12 --> node_venv_lib_python3_12_site-packages["site-packages"]\n    node_venv_lib_python3_12_site-packages --> node_venv_lib_python3_12_site-packages_PyQt6["PyQt6"]\n    node_venv_lib_python3_12_site-packages_PyQt6 --> node_venv_lib_python3_12_site-packages_PyQt6_bindings["bindings"]\n    node_venv_lib_python3_12_site-packages_PyQt6_bindings --> node_venv_lib_python3_12_site-packages_PyQt6_bindings_QtBluetooth["QtBluetooth"]\n    node_venv_lib_python3_12_site-packages_PyQt6_bindings_QtBluetooth --> node_venv_lib_python3_12_site-packages_PyQt6_bindings_QtBluetooth_qlowenergydescriptordata_sip["qlowenergydescriptordata.sip"]\n    Root --> node_venv["venv"]\n    node_venv --> node_venv_lib["lib"]\n    node_venv_lib --> node_venv_lib_python3_12["python3.12"]\n    node_venv_lib_python3_12 --> node_venv_lib_python3_12_site-packages["site-packages"]\n    node_venv_lib_python3_12_site-packages --> node_venv_lib_python3_12_site-packages_PyQt6["PyQt6"]\n    node_venv_lib_python3_12_site-packages_PyQt6 --> node_venv_lib_python3_12_site-packages_PyQt6_bindings["bindings"]\n    node_venv_lib_python3_12_site-packages_PyQt6_bindings --> node_venv_lib_python3_12_site-packages_PyQt6_bindings_QtBluetooth["QtBluetooth"]\n    node_venv_lib_python3_12_site-packages_PyQt6_bindings_QtBluetooth --> node_venv_lib_python3_12_site-packages_PyQt6_bindings_QtBluetooth_qlowenergyservice_sip["qlowenergyservice.sip"]\n    Root --> node_venv["venv"]\n    node_venv --> node_venv_lib["lib"]\n    node_venv_lib --> node_venv_lib_python3_12["python3.12"]\n    node_venv_lib_python3_12 --> node_venv_lib_python3_12_site-packages["site-packages"]\n    node_venv_lib_python3_12_site-packages --> node_venv_lib_python3_12_site-packages_PyQt6["PyQt6"]\n    node_venv_lib_python3_12_site-packages_PyQt6 --> node_venv_lib_python3_12_site-packages_PyQt6_bindings["bindings"]\n    node_venv_lib_python3_12_site-packages_PyQt6_bindings --> node_venv_lib_python3_12_site-packages_PyQt6_bindings_QtBluetooth["QtBluetooth"]\n    node_venv_lib_python3_12_site-packages_PyQt6_bindings_QtBluetooth --> node_venv_lib_python3_12_site-packages_PyQt6_bindings_QtBluetooth_qlowenergyservicedata_sip["qlowenergyservicedata.sip"]\n    Root --> node_venv["venv"]\n    node_venv --> node_venv_lib["lib"]\n    node_venv_lib --> node_venv_lib_python3_12["python3.12"]\n    node_venv_lib_python3_12 --> node_venv_lib_python3_12_site-packages["site-packages"]\n    node_venv_lib_python3_12_site-packages --> node_venv_lib_python3_12_site-packages_PyQt6["PyQt6"]\n    node_venv_lib_python3_12_site-packages_PyQt6 --> node_venv_lib_python3_12_site-packages_PyQt6_bindings["bindings"]\n    node_venv_lib_python3_12_site-packages_PyQt6_bindings --> node_venv_lib_python3_12_site-packages_PyQt6_bindings_QtBluetooth["QtBluetooth"]\n    node_venv_lib_python3_12_site-packages_PyQt6_bindings_QtBluetooth --> node_venv_lib_python3_12_site-packages_PyQt6_bindings_QtBluetooth_qpybluetooth_qlist_sip["qpybluetooth_qlist.sip"]\n    Root --> node_venv["venv"]\n    node_venv --> node_venv_lib["lib"]\n    node_venv_lib --> node_venv_lib_python3_12["python3.12"]\n    node_venv_lib_python3_12 --> node_venv_lib_python3_12_site-packages["site-packages"]\n    node_venv_lib_python3_12_site-packages --> node_venv_lib_python3_12_site-packages_PyQt6["PyQt6"]\n    node_venv_lib_python3_12_site-packages_PyQt6 --> node_venv_lib_python3_12_site-packages_PyQt6_bindings["bindings"]\n    node_venv_lib_python3_12_site-packages_PyQt6_bindings --> node_venv_lib_python3_12_site-packages_PyQt6_bindings_QtBluetooth["QtBluetooth"]\n    node_venv_lib_python3_12_site-packages_PyQt6_bindings_QtBluetooth --> node_venv_lib_python3_12_site-packages_PyQt6_bindings_QtBluetooth_qpybluetooth_qmultihash_sip["qpybluetooth_qmultihash.sip"]\n    Root --> node_venv["venv"]\n    node_venv --> node_venv_lib["lib"]\n    node_venv_lib --> node_venv_lib_python3_12["python3.12"]\n    node_venv_lib_python3_12 --> node_venv_lib_python3_12_site-packages["site-packages"]\n    node_venv_lib_python3_12_site-packages --> node_venv_lib_python3_12_site-packages_PyQt6["PyQt6"]\n    node_venv_lib_python3_12_site-packages_PyQt6 --> node_venv_lib_python3_12_site-packages_PyQt6_bindings["bindings"]\n    node_venv_lib_python3_12_site-packages_PyQt6_bindings --> node_venv_lib_python3_12_site-packages_PyQt6_bindings_QtBluetooth["QtBluetooth"]\n    node_venv_lib_python3_12_site-packages_PyQt6_bindings_QtBluetooth --> node_venv_lib_python3_12_site-packages_PyQt6_bindings_QtBluetooth_qpybluetooth_quint128_sip["qpybluetooth_quint128.sip"]\n    Root --> node_venv["venv"]\n    node_venv --> node_venv_lib["lib"]\n    node_venv_lib --> node_venv_lib_python3_12["python3.12"]\n    node_venv_lib_python3_12 --> node_venv_lib_python3_12_site-packages["site-packages"]\n    node_venv_lib_python3_12_site-packages --> node_venv_lib_python3_12_site-packages_PyQt6["PyQt6"]\n    node_venv_lib_python3_12_site-packages_PyQt6 --> node_venv_lib_python3_12_site-packages_PyQt6_bindings["bindings"]\n    node_venv_lib_python3_12_site-packages_PyQt6_bindings --> node_venv_lib_python3_12_site-packages_PyQt6_bindings_QtNetwork["QtNetwork"]\n    node_venv_lib_python3_12_site-packages_PyQt6_bindings_QtNetwork --> node_venv_lib_python3_12_site-packages_PyQt6_bindings_QtNetwork_QtNetwork_toml["QtNetwork.toml"]\n    Root --> node_venv["venv"]\n    node_venv --> node_venv_lib["lib"]\n    node_venv_lib --> node_venv_lib_python3_12["python3.12"]\n    node_venv_lib_python3_12 --> node_venv_lib_python3_12_site-packages["site-packages"]\n    node_venv_lib_python3_12_site-packages --> node_venv_lib_python3_12_site-packages_PyQt6["PyQt6"]\n    node_venv_lib_python3_12_site-packages_PyQt6 --> node_venv_lib_python3_12_site-packages_PyQt6_bindings["bindings"]\n    node_venv_lib_python3_12_site-packages_PyQt6_bindings --> node_venv_lib_python3_12_site-packages_PyQt6_bindings_QtNetwork["QtNetwork"]\n    node_venv_lib_python3_12_site-packages_PyQt6_bindings_QtNetwork --> node_venv_lib_python3_12_site-packages_PyQt6_bindings_QtNetwork_QtNetworkmod_sip["QtNetworkmod.sip"]\n    Root --> node_venv["venv"]\n    node_venv --> node_venv_lib["lib"]\n    node_venv_lib --> node_venv_lib_python3_12["python3.12"]\n    node_venv_lib_python3_12 --> node_venv_lib_python3_12_site-packages["site-packages"]\n    node_venv_lib_python3_12_site-packages --> node_venv_lib_python3_12_site-packages_PyQt6["PyQt6"]\n    node_venv_lib_python3_12_site-packages_PyQt6 --> node_venv_lib_python3_12_site-packages_PyQt6_bindings["bindings"]\n    node_venv_lib_python3_12_site-packages_PyQt6_bindings --> node_venv_lib_python3_12_site-packages_PyQt6_bindings_QtNetwork["QtNetwork"]\n    node_venv_lib_python3_12_site-packages_PyQt6_bindings_QtNetwork --> node_venv_lib_python3_12_site-packages_PyQt6_bindings_QtNetwork_qabstractnetworkcache_sip["qabstractnetworkcache.sip"]\n    Root --> node_venv["venv"]\n    node_venv --> node_venv_lib["lib"]\n    node_venv_lib --> node_venv_lib_python3_12["python3.12"]\n    node_venv_lib_python3_12 --> node_venv_lib_python3_12_site-packages["site-packages"]\n    node_venv_lib_python3_12_site-packages --> node_venv_lib_python3_12_site-packages_PyQt6["PyQt6"]\n    node_venv_lib_python3_12_site-packages_PyQt6 --> node_venv_lib_python3_12_site-packages_PyQt6_bindings["bindings"]\n    node_venv_lib_python3_12_site-packages_PyQt6_bindings --> node_venv_lib_python3_12_site-packages_PyQt6_bindings_QtNetwork["QtNetwork"]\n    node_venv_lib_python3_12_site-packages_PyQt6_bindings_QtNetwork --> node_venv_lib_python3_12_site-packages_PyQt6_bindings_QtNetwork_qabstractsocket_sip["qabstractsocket.sip"]\n    Root --> node_venv["venv"]\n    node_venv --> node_venv_lib["lib"]\n    node_venv_lib --> node_venv_lib_python3_12["python3.12"]\n    node_venv_lib_python3_12 --> node_venv_lib_python3_12_site-packages["site-packages"]\n    node_venv_lib_python3_12_site-packages --> node_venv_lib_python3_12_site-packages_PyQt6["PyQt6"]\n    node_venv_lib_python3_12_site-packages_PyQt6 --> node_venv_lib_python3_12_site-packages_PyQt6_bindings["bindings"]\n    node_venv_lib_python3_12_site-packages_PyQt6_bindings --> node_venv_lib_python3_12_site-packages_PyQt6_bindings_QtNetwork["QtNetwork"]\n    node_venv_lib_python3_12_site-packages_PyQt6_bindings_QtNetwork --> node_venv_lib_python3_12_site-packages_PyQt6_bindings_QtNetwork_qauthenticator_sip["qauthenticator.sip"]\n    Root --> node_venv["venv"]\n    node_venv --> node_venv_lib["lib"]\n    node_venv_lib --> node_venv_lib_python3_12["python3.12"]\n    node_venv_lib_python3_12 --> node_venv_lib_python3_12_site-packages["site-packages"]\n    node_venv_lib_python3_12_site-packages --> node_venv_lib_python3_12_site-packages_PyQt6["PyQt6"]\n    node_venv_lib_python3_12_site-packages_PyQt6 --> node_venv_lib_python3_12_site-packages_PyQt6_bindings["bindings"]\n    node_venv_lib_python3_12_site-packages_PyQt6_bindings --> node_venv_lib_python3_12_site-packages_PyQt6_bindings_QtNetwork["QtNetwork"]\n    node_venv_lib_python3_12_site-packages_PyQt6_bindings_QtNetwork --> node_venv_lib_python3_12_site-packages_PyQt6_bindings_QtNetwork_qdnslookup_sip["qdnslookup.sip"]\n    Root --> node_venv["venv"]\n    node_venv --> node_venv_lib["lib"]\n    node_venv_lib --> node_venv_lib_python3_12["python3.12"]\n    node_venv_lib_python3_12 --> node_venv_lib_python3_12_site-packages["site-packages"]\n    node_venv_lib_python3_12_site-packages --> node_venv_lib_python3_12_site-packages_PyQt6["PyQt6"]\n    node_venv_lib_python3_12_site-packages_PyQt6 --> node_venv_lib_python3_12_site-packages_PyQt6_bindings["bindings"]\n    node_venv_lib_python3_12_site-packages_PyQt6_bindings --> node_venv_lib_python3_12_site-packages_PyQt6_bindings_QtNetwork["QtNetwork"]\n    node_venv_lib_python3_12_site-packages_PyQt6_bindings_QtNetwork --> node_venv_lib_python3_12_site-packages_PyQt6_bindings_QtNetwork_qformdatabuilder_sip["qformdatabuilder.sip"]\n    Root --> node_venv["venv"]\n    node_venv --> node_venv_lib["lib"]\n    node_venv_lib --> node_venv_lib_python3_12["python3.12"]\n    node_venv_lib_python3_12 --> node_venv_lib_python3_12_site-packages["site-packages"]\n    node_venv_lib_python3_12_site-packages --> node_venv_lib_python3_12_site-packages_PyQt6["PyQt6"]\n    node_venv_lib_python3_12_site-packages_PyQt6 --> node_venv_lib_python3_12_site-packages_PyQt6_bindings["bindings"]\n    node_venv_lib_python3_12_site-packages_PyQt6_bindings --> node_venv_lib_python3_12_site-packages_PyQt6_bindings_QtNetwork["QtNetwork"]\n    node_venv_lib_python3_12_site-packages_PyQt6_bindings_QtNetwork --> node_venv_lib_python3_12_site-packages_PyQt6_bindings_QtNetwork_qhostaddress_sip["qhostaddress.sip"]\n    Root --> node_venv["venv"]\n    node_venv --> node_venv_lib["lib"]\n    node_venv_lib --> node_venv_lib_python3_12["python3.12"]\n    node_venv_lib_python3_12 --> node_venv_lib_python3_12_site-packages["site-packages"]\n    node_venv_lib_python3_12_site-packages --> node_venv_lib_python3_12_site-packages_PyQt6["PyQt6"]\n    node_venv_lib_python3_12_site-packages_PyQt6 --> node_venv_lib_python3_12_site-packages_PyQt6_bindings["bindings"]\n    node_venv_lib_python3_12_site-packages_PyQt6_bindings --> node_venv_lib_python3_12_site-packages_PyQt6_bindings_QtNetwork["QtNetwork"]\n    node_venv_lib_python3_12_site-packages_PyQt6_bindings_QtNetwork --> node_venv_lib_python3_12_site-packages_PyQt6_bindings_QtNetwork_qhostinfo_sip["qhostinfo.sip"]\n    Root --> node_venv["venv"]\n    node_venv --> node_venv_lib["lib"]\n    node_venv_lib --> node_venv_lib_python3_12["python3.12"]\n    node_venv_lib_python3_12 --> node_venv_lib_python3_12_site-packages["site-packages"]\n    node_venv_lib_python3_12_site-packages --> node_venv_lib_python3_12_site-packages_PyQt6["PyQt6"]\n    node_venv_lib_python3_12_site-packages_PyQt6 --> node_venv_lib_python3_12_site-packages_PyQt6_bindings["bindings"]\n    node_venv_lib_python3_12_site-packages_PyQt6_bindings --> node_venv_lib_python3_12_site-packages_PyQt6_bindings_QtNetwork["QtNetwork"]\n    node_venv_lib_python3_12_site-packages_PyQt6_bindings_QtNetwork --> node_venv_lib_python3_12_site-packages_PyQt6_bindings_QtNetwork_qhstspolicy_sip["qhstspolicy.sip"]\n    Root --> node_venv["venv"]\n    node_venv --> node_venv_lib["lib"]\n    node_venv_lib --> node_venv_lib_python3_12["python3.12"]\n    node_venv_lib_python3_12 --> node_venv_lib_python3_12_site-packages["site-packages"]\n    node_venv_lib_python3_12_site-packages --> node_venv_lib_python3_12_site-packages_PyQt6["PyQt6"]\n    node_venv_lib_python3_12_site-packages_PyQt6 --> node_venv_lib_python3_12_site-packages_PyQt6_bindings["bindings"]\n    node_venv_lib_python3_12_site-packages_PyQt6_bindings --> node_venv_lib_python3_12_site-packages_PyQt6_bindings_QtNetwork["QtNetwork"]\n    node_venv_lib_python3_12_site-packages_PyQt6_bindings_QtNetwork --> node_venv_lib_python3_12_site-packages_PyQt6_bindings_QtNetwork_qhttp1configuration_sip["qhttp1configuration.sip"]\n    Root --> node_venv["venv"]\n    node_venv --> node_venv_lib["lib"]\n    node_venv_lib --> node_venv_lib_python3_12["python3.12"]\n    node_venv_lib_python3_12 --> node_venv_lib_python3_12_site-packages["site-packages"]\n    node_venv_lib_python3_12_site-packages --> node_venv_lib_python3_12_site-packages_PyQt6["PyQt6"]\n    node_venv_lib_python3_12_site-packages_PyQt6 --> node_venv_lib_python3_12_site-packages_PyQt6_bindings["bindings"]\n    node_venv_lib_python3_12_site-packages_PyQt6_bindings --> node_venv_lib_python3_12_site-packages_PyQt6_bindings_QtNetwork["QtNetwork"]\n    node_venv_lib_python3_12_site-packages_PyQt6_bindings_QtNetwork --> node_venv_lib_python3_12_site-packages_PyQt6_bindings_QtNetwork_qhttp2configuration_sip["qhttp2configuration.sip"]\n    Root --> node_venv["venv"]\n    node_venv --> node_venv_lib["lib"]\n    node_venv_lib --> node_venv_lib_python3_12["python3.12"]\n    node_venv_lib_python3_12 --> node_venv_lib_python3_12_site-packages["site-packages"]\n    node_venv_lib_python3_12_site-packages --> node_venv_lib_python3_12_site-packages_PyQt6["PyQt6"]\n    node_venv_lib_python3_12_site-packages_PyQt6 --> node_venv_lib_python3_12_site-packages_PyQt6_bindings["bindings"]\n    node_venv_lib_python3_12_site-packages_PyQt6_bindings --> node_venv_lib_python3_12_site-packages_PyQt6_bindings_QtNetwork["QtNetwork"]\n    node_venv_lib_python3_12_site-packages_PyQt6_bindings_QtNetwork --> node_venv_lib_python3_12_site-packages_PyQt6_bindings_QtNetwork_qhttpheaders_sip["qhttpheaders.sip"]\n    Root --> node_venv["venv"]\n    node_venv --> node_venv_lib["lib"]\n    node_venv_lib --> node_venv_lib_python3_12["python3.12"]\n    node_venv_lib_python3_12 --> node_venv_lib_python3_12_site-packages["site-packages"]\n    node_venv_lib_python3_12_site-packages --> node_venv_lib_python3_12_site-packages_PyQt6["PyQt6"]\n    node_venv_lib_python3_12_site-packages_PyQt6 --> node_venv_lib_python3_12_site-packages_PyQt6_bindings["bindings"]\n    node_venv_lib_python3_12_site-packages_PyQt6_bindings --> node_venv_lib_python3_12_site-packages_PyQt6_bindings_QtNetwork["QtNetwork"]\n    node_venv_lib_python3_12_site-packages_PyQt6_bindings_QtNetwork --> node_venv_lib_python3_12_site-packages_PyQt6_bindings_QtNetwork_qhttpmultipart_sip["qhttpmultipart.sip"]\n    Root --> node_venv["venv"]\n    node_venv --> node_venv_lib["lib"]\n    node_venv_lib --> node_venv_lib_python3_12["python3.12"]\n    node_venv_lib_python3_12 --> node_venv_lib_python3_12_site-packages["site-packages"]\n    node_venv_lib_python3_12_site-packages --> node_venv_lib_python3_12_site-packages_PyQt6["PyQt6"]\n    node_venv_lib_python3_12_site-packages_PyQt6 --> node_venv_lib_python3_12_site-packages_PyQt6_bindings["bindings"]\n    node_venv_lib_python3_12_site-packages_PyQt6_bindings --> node_venv_lib_python3_12_site-packages_PyQt6_bindings_QtNetwork["QtNetwork"]\n    node_venv_lib_python3_12_site-packages_PyQt6_bindings_QtNetwork --> node_venv_lib_python3_12_site-packages_PyQt6_bindings_QtNetwork_qlocalserver_sip["qlocalserver.sip"]\n    Root --> node_venv["venv"]\n    node_venv --> node_venv_lib["lib"]\n    node_venv_lib --> node_venv_lib_python3_12["python3.12"]\n    node_venv_lib_python3_12 --> node_venv_lib_python3_12_site-packages["site-packages"]\n    node_venv_lib_python3_12_site-packages --> node_venv_lib_python3_12_site-packages_PyQt6["PyQt6"]\n    node_venv_lib_python3_12_site-packages_PyQt6 --> node_venv_lib_python3_12_site-packages_PyQt6_bindings["bindings"]\n    node_venv_lib_python3_12_site-packages_PyQt6_bindings --> node_venv_lib_python3_12_site-packages_PyQt6_bindings_QtNetwork["QtNetwork"]\n    node_venv_lib_python3_12_site-packages_PyQt6_bindings_QtNetwork --> node_venv_lib_python3_12_site-packages_PyQt6_bindings_QtNetwork_qlocalsocket_sip["qlocalsocket.sip"]\n    Root --> node_venv["venv"]\n    node_venv --> node_venv_lib["lib"]\n    node_venv_lib --> node_venv_lib_python3_12["python3.12"]\n    node_venv_lib_python3_12 --> node_venv_lib_python3_12_site-packages["site-packages"]\n    node_venv_lib_python3_12_site-packages --> node_venv_lib_python3_12_site-packages_PyQt6["PyQt6"]\n    node_venv_lib_python3_12_site-packages_PyQt6 --> node_venv_lib_python3_12_site-packages_PyQt6_bindings["bindings"]\n    node_venv_lib_python3_12_site-packages_PyQt6_bindings --> node_venv_lib_python3_12_site-packages_PyQt6_bindings_QtNetwork["QtNetwork"]\n    node_venv_lib_python3_12_site-packages_PyQt6_bindings_QtNetwork --> node_venv_lib_python3_12_site-packages_PyQt6_bindings_QtNetwork_qnetworkaccessmanager_sip["qnetworkaccessmanager.sip"]\n    Root --> node_venv["venv"]\n    node_venv --> node_venv_lib["lib"]\n    node_venv_lib --> node_venv_lib_python3_12["python3.12"]\n    node_venv_lib_python3_12 --> node_venv_lib_python3_12_site-packages["site-packages"]\n    node_venv_lib_python3_12_site-packages --> node_venv_lib_python3_12_site-packages_PyQt6["PyQt6"]\n    node_venv_lib_python3_12_site-packages_PyQt6 --> node_venv_lib_python3_12_site-packages_PyQt6_bindings["bindings"]\n    node_venv_lib_python3_12_site-packages_PyQt6_bindings --> node_venv_lib_python3_12_site-packages_PyQt6_bindings_QtNetwork["QtNetwork"]\n    node_venv_lib_python3_12_site-packages_PyQt6_bindings_QtNetwork --> node_venv_lib_python3_12_site-packages_PyQt6_bindings_QtNetwork_qnetworkcookie_sip["qnetworkcookie.sip"]\n    Root --> node_venv["venv"]\n    node_venv --> node_venv_lib["lib"]\n    node_venv_lib --> node_venv_lib_python3_12["python3.12"]\n    node_venv_lib_python3_12 --> node_venv_lib_python3_12_site-packages["site-packages"]\n    node_venv_lib_python3_12_site-packages --> node_venv_lib_python3_12_site-packages_PyQt6["PyQt6"]\n    node_venv_lib_python3_12_site-packages_PyQt6 --> node_venv_lib_python3_12_site-packages_PyQt6_bindings["bindings"]\n    node_venv_lib_python3_12_site-packages_PyQt6_bindings --> node_venv_lib_python3_12_site-packages_PyQt6_bindings_QtNetwork["QtNetwork"]\n    node_venv_lib_python3_12_site-packages_PyQt6_bindings_QtNetwork --> node_venv_lib_python3_12_site-packages_PyQt6_bindings_QtNetwork_qnetworkcookiejar_sip["qnetworkcookiejar.sip"]\n    Root --> node_venv["venv"]\n    node_venv --> node_venv_lib["lib"]\n    node_venv_lib --> node_venv_lib_python3_12["python3.12"]\n    node_venv_lib_python3_12 --> node_venv_lib_python3_12_site-packages["site-packages"]\n    node_venv_lib_python3_12_site-packages --> node_venv_lib_python3_12_site-packages_PyQt6["PyQt6"]\n    node_venv_lib_python3_12_site-packages_PyQt6 --> node_venv_lib_python3_12_site-packages_PyQt6_bindings["bindings"]\n    node_venv_lib_python3_12_site-packages_PyQt6_bindings --> node_venv_lib_python3_12_site-packages_PyQt6_bindings_QtNetwork["QtNetwork"]\n    node_venv_lib_python3_12_site-packages_PyQt6_bindings_QtNetwork --> node_venv_lib_python3_12_site-packages_PyQt6_bindings_QtNetwork_qnetworkdatagram_sip["qnetworkdatagram.sip"]\n    Root --> node_venv["venv"]\n    node_venv --> node_venv_lib["lib"]\n    node_venv_lib --> node_venv_lib_python3_12["python3.12"]\n    node_venv_lib_python3_12 --> node_venv_lib_python3_12_site-packages["site-packages"]\n    node_venv_lib_python3_12_site-packages --> node_venv_lib_python3_12_site-packages_PyQt6["PyQt6"]\n    node_venv_lib_python3_12_site-packages_PyQt6 --> node_venv_lib_python3_12_site-packages_PyQt6_bindings["bindings"]\n    node_venv_lib_python3_12_site-packages_PyQt6_bindings --> node_venv_lib_python3_12_site-packages_PyQt6_bindings_QtNetwork["QtNetwork"]\n    node_venv_lib_python3_12_site-packages_PyQt6_bindings_QtNetwork --> node_venv_lib_python3_12_site-packages_PyQt6_bindings_QtNetwork_qnetworkdiskcache_sip["qnetworkdiskcache.sip"]\n    Root --> node_venv["venv"]\n    node_venv --> node_venv_lib["lib"]\n    node_venv_lib --> node_venv_lib_python3_12["python3.12"]\n    node_venv_lib_python3_12 --> node_venv_lib_python3_12_site-packages["site-packages"]\n    node_venv_lib_python3_12_site-packages --> node_venv_lib_python3_12_site-packages_PyQt6["PyQt6"]\n    node_venv_lib_python3_12_site-packages_PyQt6 --> node_venv_lib_python3_12_site-packages_PyQt6_bindings["bindings"]\n    node_venv_lib_python3_12_site-packages_PyQt6_bindings --> node_venv_lib_python3_12_site-packages_PyQt6_bindings_QtNetwork["QtNetwork"]\n    node_venv_lib_python3_12_site-packages_PyQt6_bindings_QtNetwork --> node_venv_lib_python3_12_site-packages_PyQt6_bindings_QtNetwork_qnetworkinformation_sip["qnetworkinformation.sip"]\n    Root --> node_venv["venv"]\n    node_venv --> node_venv_lib["lib"]\n    node_venv_lib --> node_venv_lib_python3_12["python3.12"]\n    node_venv_lib_python3_12 --> node_venv_lib_python3_12_site-packages["site-packages"]\n    node_venv_lib_python3_12_site-packages --> node_venv_lib_python3_12_site-packages_PyQt6["PyQt6"]\n    node_venv_lib_python3_12_site-packages_PyQt6 --> node_venv_lib_python3_12_site-packages_PyQt6_bindings["bindings"]\n    node_venv_lib_python3_12_site-packages_PyQt6_bindings --> node_venv_lib_python3_12_site-packages_PyQt6_bindings_QtNetwork["QtNetwork"]\n    node_venv_lib_python3_12_site-packages_PyQt6_bindings_QtNetwork --> node_venv_lib_python3_12_site-packages_PyQt6_bindings_QtNetwork_qnetworkinterface_sip["qnetworkinterface.sip"]\n    Root --> node_venv["venv"]\n    node_venv --> node_venv_lib["lib"]\n    node_venv_lib --> node_venv_lib_python3_12["python3.12"]\n    node_venv_lib_python3_12 --> node_venv_lib_python3_12_site-packages["site-packages"]\n    node_venv_lib_python3_12_site-packages --> node_venv_lib_python3_12_site-packages_PyQt6["PyQt6"]\n    node_venv_lib_python3_12_site-packages_PyQt6 --> node_venv_lib_python3_12_site-packages_PyQt6_bindings["bindings"]\n    node_venv_lib_python3_12_site-packages_PyQt6_bindings --> node_venv_lib_python3_12_site-packages_PyQt6_bindings_QtNetwork["QtNetwork"]\n    node_venv_lib_python3_12_site-packages_PyQt6_bindings_QtNetwork --> node_venv_lib_python3_12_site-packages_PyQt6_bindings_QtNetwork_qnetworkproxy_sip["qnetworkproxy.sip"]\n    Root --> node_venv["venv"]\n    node_venv --> node_venv_lib["lib"]\n    node_venv_lib --> node_venv_lib_python3_12["python3.12"]\n    node_venv_lib_python3_12 --> node_venv_lib_python3_12_site-packages["site-packages"]\n    node_venv_lib_python3_12_site-packages --> node_venv_lib_python3_12_site-packages_PyQt6["PyQt6"]\n    node_venv_lib_python3_12_site-packages_PyQt6 --> node_venv_lib_python3_12_site-packages_PyQt6_bindings["bindings"]\n    node_venv_lib_python3_12_site-packages_PyQt6_bindings --> node_venv_lib_python3_12_site-packages_PyQt6_bindings_QtNetwork["QtNetwork"]\n    node_venv_lib_python3_12_site-packages_PyQt6_bindings_QtNetwork --> node_venv_lib_python3_12_site-packages_PyQt6_bindings_QtNetwork_qnetworkreply_sip["qnetworkreply.sip"]\n    Root --> node_venv["venv"]\n    node_venv --> node_venv_lib["lib"]\n    node_venv_lib --> node_venv_lib_python3_12["python3.12"]\n    node_venv_lib_python3_12 --> node_venv_lib_python3_12_site-packages["site-packages"]\n    node_venv_lib_python3_12_site-packages --> node_venv_lib_python3_12_site-packages_PyQt6["PyQt6"]\n    node_venv_lib_python3_12_site-packages_PyQt6 --> node_venv_lib_python3_12_site-packages_PyQt6_bindings["bindings"]\n    node_venv_lib_python3_12_site-packages_PyQt6_bindings --> node_venv_lib_python3_12_site-packages_PyQt6_bindings_QtNetwork["QtNetwork"]\n    node_venv_lib_python3_12_site-packages_PyQt6_bindings_QtNetwork --> node_venv_lib_python3_12_site-packages_PyQt6_bindings_QtNetwork_qnetworkrequest_sip["qnetworkrequest.sip"]\n    Root --> node_venv["venv"]\n    node_venv --> node_venv_lib["lib"]\n    node_venv_lib --> node_venv_lib_python3_12["python3.12"]\n    node_venv_lib_python3_12 --> node_venv_lib_python3_12_site-packages["site-packages"]\n    node_venv_lib_python3_12_site-packages --> node_venv_lib_python3_12_site-packages_PyQt6["PyQt6"]\n    node_venv_lib_python3_12_site-packages_PyQt6 --> node_venv_lib_python3_12_site-packages_PyQt6_bindings["bindings"]\n    node_venv_lib_python3_12_site-packages_PyQt6_bindings --> node_venv_lib_python3_12_site-packages_PyQt6_bindings_QtNetwork["QtNetwork"]\n    node_venv_lib_python3_12_site-packages_PyQt6_bindings_QtNetwork --> node_venv_lib_python3_12_site-packages_PyQt6_bindings_QtNetwork_qnetworkrequestfactory_sip["qnetworkrequestfactory.sip"]\n    Root --> node_venv["venv"]\n    node_venv --> node_venv_lib["lib"]\n    node_venv_lib --> node_venv_lib_python3_12["python3.12"]\n    node_venv_lib_python3_12 --> node_venv_lib_python3_12_site-packages["site-packages"]\n    node_venv_lib_python3_12_site-packages --> node_venv_lib_python3_12_site-packages_PyQt6["PyQt6"]\n    node_venv_lib_python3_12_site-packages_PyQt6 --> node_venv_lib_python3_12_site-packages_PyQt6_bindings["bindings"]\n    node_venv_lib_python3_12_site-packages_PyQt6_bindings --> node_venv_lib_python3_12_site-packages_PyQt6_bindings_QtNetwork["QtNetwork"]\n    node_venv_lib_python3_12_site-packages_PyQt6_bindings_QtNetwork --> node_venv_lib_python3_12_site-packages_PyQt6_bindings_QtNetwork_qocspresponse_sip["qocspresponse.sip"]\n    Root --> node_venv["venv"]\n    node_venv --> node_venv_lib["lib"]\n    node_venv_lib --> node_venv_lib_python3_12["python3.12"]\n    node_venv_lib_python3_12 --> node_venv_lib_python3_12_site-packages["site-packages"]\n    node_venv_lib_python3_12_site-packages --> node_venv_lib_python3_12_site-packages_PyQt6["PyQt6"]\n    node_venv_lib_python3_12_site-packages_PyQt6 --> node_venv_lib_python3_12_site-packages_PyQt6_bindings["bindings"]\n    node_venv_lib_python3_12_site-packages_PyQt6_bindings --> node_venv_lib_python3_12_site-packages_PyQt6_bindings_QtNetwork["QtNetwork"]\n    node_venv_lib_python3_12_site-packages_PyQt6_bindings_QtNetwork --> node_venv_lib_python3_12_site-packages_PyQt6_bindings_QtNetwork_qpassworddigestor_sip["qpassworddigestor.sip"]\n    Root --> node_venv["venv"]\n    node_venv --> node_venv_lib["lib"]\n    node_venv_lib --> node_venv_lib_python3_12["python3.12"]\n    node_venv_lib_python3_12 --> node_venv_lib_python3_12_site-packages["site-packages"]\n    node_venv_lib_python3_12_site-packages --> node_venv_lib_python3_12_site-packages_PyQt6["PyQt6"]\n    node_venv_lib_python3_12_site-packages_PyQt6 --> node_venv_lib_python3_12_site-packages_PyQt6_bindings["bindings"]\n    node_venv_lib_python3_12_site-packages_PyQt6_bindings --> node_venv_lib_python3_12_site-packages_PyQt6_bindings_QtNetwork["QtNetwork"]\n    node_venv_lib_python3_12_site-packages_PyQt6_bindings_QtNetwork --> node_venv_lib_python3_12_site-packages_PyQt6_bindings_QtNetwork_qpynetwork_qhash_sip["qpynetwork_qhash.sip"]\n    Root --> node_venv["venv"]\n    node_venv --> node_venv_lib["lib"]\n    node_venv_lib --> node_venv_lib_python3_12["python3.12"]\n    node_venv_lib_python3_12 --> node_venv_lib_python3_12_site-packages["site-packages"]\n    node_venv_lib_python3_12_site-packages --> node_venv_lib_python3_12_site-packages_PyQt6["PyQt6"]\n    node_venv_lib_python3_12_site-packages_PyQt6 --> node_venv_lib_python3_12_site-packages_PyQt6_bindings["bindings"]\n    node_venv_lib_python3_12_site-packages_PyQt6_bindings --> node_venv_lib_python3_12_site-packages_PyQt6_bindings_QtNetwork["QtNetwork"]\n    node_venv_lib_python3_12_site-packages_PyQt6_bindings_QtNetwork --> node_venv_lib_python3_12_site-packages_PyQt6_bindings_QtNetwork_qpynetwork_qlist_sip["qpynetwork_qlist.sip"]\n    Root --> node_venv["venv"]\n    node_venv --> node_venv_lib["lib"]\n    node_venv_lib --> node_venv_lib_python3_12["python3.12"]\n    node_venv_lib_python3_12 --> node_venv_lib_python3_12_site-packages["site-packages"]\n    node_venv_lib_python3_12_site-packages --> node_venv_lib_python3_12_site-packages_PyQt6["PyQt6"]\n    node_venv_lib_python3_12_site-packages_PyQt6 --> node_venv_lib_python3_12_site-packages_PyQt6_bindings["bindings"]\n    node_venv_lib_python3_12_site-packages_PyQt6_bindings --> node_venv_lib_python3_12_site-packages_PyQt6_bindings_QtNetwork["QtNetwork"]\n    node_venv_lib_python3_12_site-packages_PyQt6_bindings_QtNetwork --> node_venv_lib_python3_12_site-packages_PyQt6_bindings_QtNetwork_qpynetwork_qmap_sip["qpynetwork_qmap.sip"]\n    Root --> node_venv["venv"]\n    node_venv --> node_venv_lib["lib"]\n    node_venv_lib --> node_venv_lib_python3_12["python3.12"]\n    node_venv_lib_python3_12 --> node_venv_lib_python3_12_site-packages["site-packages"]\n    node_venv_lib_python3_12_site-packages --> node_venv_lib_python3_12_site-packages_PyQt6["PyQt6"]\n    node_venv_lib_python3_12_site-packages_PyQt6 --> node_venv_lib_python3_12_site-packages_PyQt6_bindings["bindings"]\n    node_venv_lib_python3_12_site-packages_PyQt6_bindings --> node_venv_lib_python3_12_site-packages_PyQt6_bindings_QtNetwork["QtNetwork"]\n    node_venv_lib_python3_12_site-packages_PyQt6_bindings_QtNetwork --> node_venv_lib_python3_12_site-packages_PyQt6_bindings_QtNetwork_qrestaccessmanager_sip["qrestaccessmanager.sip"]\n    Root --> node_venv["venv"]\n    node_venv --> node_venv_lib["lib"]\n    node_venv_lib --> node_venv_lib_python3_12["python3.12"]\n    node_venv_lib_python3_12 --> node_venv_lib_python3_12_site-packages["site-packages"]\n    node_venv_lib_python3_12_site-packages --> node_venv_lib_python3_12_site-packages_PyQt6["PyQt6"]\n    node_venv_lib_python3_12_site-packages_PyQt6 --> node_venv_lib_python3_12_site-packages_PyQt6_bindings["bindings"]\n    node_venv_lib_python3_12_site-packages_PyQt6_bindings --> node_venv_lib_python3_12_site-packages_PyQt6_bindings_QtNetwork["QtNetwork"]\n    node_venv_lib_python3_12_site-packages_PyQt6_bindings_QtNetwork --> node_venv_lib_python3_12_site-packages_PyQt6_bindings_QtNetwork_qrestreply_sip["qrestreply.sip"]\n    Root --> node_venv["venv"]\n    node_venv --> node_venv_lib["lib"]\n    node_venv_lib --> node_venv_lib_python3_12["python3.12"]\n    node_venv_lib_python3_12 --> node_venv_lib_python3_12_site-packages["site-packages"]\n    node_venv_lib_python3_12_site-packages --> node_venv_lib_python3_12_site-packages_PyQt6["PyQt6"]\n    node_venv_lib_python3_12_site-packages_PyQt6 --> node_venv_lib_python3_12_site-packages_PyQt6_bindings["bindings"]\n    node_venv_lib_python3_12_site-packages_PyQt6_bindings --> node_venv_lib_python3_12_site-packages_PyQt6_bindings_QtNetwork["QtNetwork"]\n    node_venv_lib_python3_12_site-packages_PyQt6_bindings_QtNetwork --> node_venv_lib_python3_12_site-packages_PyQt6_bindings_QtNetwork_qssl_sip["qssl.sip"]\n    Root --> node_venv["venv"]\n    node_venv --> node_venv_lib["lib"]\n    node_venv_lib --> node_venv_lib_python3_12["python3.12"]\n    node_venv_lib_python3_12 --> node_venv_lib_python3_12_site-packages["site-packages"]\n    node_venv_lib_python3_12_site-packages --> node_venv_lib_python3_12_site-packages_PyQt6["PyQt6"]\n    node_venv_lib_python3_12_site-packages_PyQt6 --> node_venv_lib_python3_12_site-packages_PyQt6_bindings["bindings"]\n    node_venv_lib_python3_12_site-packages_PyQt6_bindings --> node_venv_lib_python3_12_site-packages_PyQt6_bindings_QtNetwork["QtNetwork"]\n    node_venv_lib_python3_12_site-packages_PyQt6_bindings_QtNetwork --> node_venv_lib_python3_12_site-packages_PyQt6_bindings_QtNetwork_qsslcertificate_sip["qsslcertificate.sip"]\n    Root --> node_venv["venv"]\n    node_venv --> node_venv_lib["lib"]\n    node_venv_lib --> node_venv_lib_python3_12["python3.12"]\n    node_venv_lib_python3_12 --> node_venv_lib_python3_12_site-packages["site-packages"]\n    node_venv_lib_python3_12_site-packages --> node_venv_lib_python3_12_site-packages_PyQt6["PyQt6"]\n    node_venv_lib_python3_12_site-packages_PyQt6 --> node_venv_lib_python3_12_site-packages_PyQt6_bindings["bindings"]\n    node_venv_lib_python3_12_site-packages_PyQt6_bindings --> node_venv_lib_python3_12_site-packages_PyQt6_bindings_QtNetwork["QtNetwork"]\n    node_venv_lib_python3_12_site-packages_PyQt6_bindings_QtNetwork --> node_venv_lib_python3_12_site-packages_PyQt6_bindings_QtNetwork_qsslcertificateextension_sip["qsslcertificateextension.sip"]\n    Root --> node_venv["venv"]\n    node_venv --> node_venv_lib["lib"]\n    node_venv_lib --> node_venv_lib_python3_12["python3.12"]\n    node_venv_lib_python3_12 --> node_venv_lib_python3_12_site-packages["site-packages"]\n    node_venv_lib_python3_12_site-packages --> node_venv_lib_python3_12_site-packages_PyQt6["PyQt6"]\n    node_venv_lib_python3_12_site-packages_PyQt6 --> node_venv_lib_python3_12_site-packages_PyQt6_bindings["bindings"]\n    node_venv_lib_python3_12_site-packages_PyQt6_bindings --> node_venv_lib_python3_12_site-packages_PyQt6_bindings_QtNetwork["QtNetwork"]\n    node_venv_lib_python3_12_site-packages_PyQt6_bindings_QtNetwork --> node_venv_lib_python3_12_site-packages_PyQt6_bindings_QtNetwork_qsslcipher_sip["qsslcipher.sip"]\n    Root --> node_venv["venv"]\n    node_venv --> node_venv_lib["lib"]\n    node_venv_lib --> node_venv_lib_python3_12["python3.12"]\n    node_venv_lib_python3_12 --> node_venv_lib_python3_12_site-packages["site-packages"]\n    node_venv_lib_python3_12_site-packages --> node_venv_lib_python3_12_site-packages_PyQt6["PyQt6"]\n    node_venv_lib_python3_12_site-packages_PyQt6 --> node_venv_lib_python3_12_site-packages_PyQt6_bindings["bindings"]\n    node_venv_lib_python3_12_site-packages_PyQt6_bindings --> node_venv_lib_python3_12_site-packages_PyQt6_bindings_QtNetwork["QtNetwork"]\n    node_venv_lib_python3_12_site-packages_PyQt6_bindings_QtNetwork --> node_venv_lib_python3_12_site-packages_PyQt6_bindings_QtNetwork_qsslconfiguration_sip["qsslconfiguration.sip"]\n    Root --> node_venv["venv"]\n    node_venv --> node_venv_lib["lib"]\n    node_venv_lib --> node_venv_lib_python3_12["python3.12"]\n    node_venv_lib_python3_12 --> node_venv_lib_python3_12_site-packages["site-packages"]\n    node_venv_lib_python3_12_site-packages --> node_venv_lib_python3_12_site-packages_PyQt6["PyQt6"]\n    node_venv_lib_python3_12_site-packages_PyQt6 --> node_venv_lib_python3_12_site-packages_PyQt6_bindings["bindings"]\n    node_venv_lib_python3_12_site-packages_PyQt6_bindings --> node_venv_lib_python3_12_site-packages_PyQt6_bindings_QtNetwork["QtNetwork"]\n    node_venv_lib_python3_12_site-packages_PyQt6_bindings_QtNetwork --> node_venv_lib_python3_12_site-packages_PyQt6_bindings_QtNetwork_qssldiffiehellmanparameters_sip["qssldiffiehellmanparameters.sip"]\n    Root --> node_venv["venv"]\n    node_venv --> node_venv_lib["lib"]\n    node_venv_lib --> node_venv_lib_python3_12["python3.12"]\n    node_venv_lib_python3_12 --> node_venv_lib_python3_12_site-packages["site-packages"]\n    node_venv_lib_python3_12_site-packages --> node_venv_lib_python3_12_site-packages_PyQt6["PyQt6"]\n    node_venv_lib_python3_12_site-packages_PyQt6 --> node_venv_lib_python3_12_site-packages_PyQt6_bindings["bindings"]\n    node_venv_lib_python3_12_site-packages_PyQt6_bindings --> node_venv_lib_python3_12_site-packages_PyQt6_bindings_QtNetwork["QtNetwork"]\n    node_venv_lib_python3_12_site-packages_PyQt6_bindings_QtNetwork --> node_venv_lib_python3_12_site-packages_PyQt6_bindings_QtNetwork_qsslellipticcurve_sip["qsslellipticcurve.sip"]\n    Root --> node_venv["venv"]\n    node_venv --> node_venv_lib["lib"]\n    node_venv_lib --> node_venv_lib_python3_12["python3.12"]\n    node_venv_lib_python3_12 --> node_venv_lib_python3_12_site-packages["site-packages"]\n    node_venv_lib_python3_12_site-packages --> node_venv_lib_python3_12_site-packages_PyQt6["PyQt6"]\n    node_venv_lib_python3_12_site-packages_PyQt6 --> node_venv_lib_python3_12_site-packages_PyQt6_bindings["bindings"]\n    node_venv_lib_python3_12_site-packages_PyQt6_bindings --> node_venv_lib_python3_12_site-packages_PyQt6_bindings_QtNetwork["QtNetwork"]\n    node_venv_lib_python3_12_site-packages_PyQt6_bindings_QtNetwork --> node_venv_lib_python3_12_site-packages_PyQt6_bindings_QtNetwork_qsslerror_sip["qsslerror.sip"]\n    Root --> node_venv["venv"]\n    node_venv --> node_venv_lib["lib"]\n    node_venv_lib --> node_venv_lib_python3_12["python3.12"]\n    node_venv_lib_python3_12 --> node_venv_lib_python3_12_site-packages["site-packages"]\n    node_venv_lib_python3_12_site-packages --> node_venv_lib_python3_12_site-packages_PyQt6["PyQt6"]\n    node_venv_lib_python3_12_site-packages_PyQt6 --> node_venv_lib_python3_12_site-packages_PyQt6_bindings["bindings"]\n    node_venv_lib_python3_12_site-packages_PyQt6_bindings --> node_venv_lib_python3_12_site-packages_PyQt6_bindings_QtNetwork["QtNetwork"]\n    node_venv_lib_python3_12_site-packages_PyQt6_bindings_QtNetwork --> node_venv_lib_python3_12_site-packages_PyQt6_bindings_QtNetwork_qsslkey_sip["qsslkey.sip"]\n    Root --> node_venv["venv"]\n    node_venv --> node_venv_lib["lib"]\n    node_venv_lib --> node_venv_lib_python3_12["python3.12"]\n    node_venv_lib_python3_12 --> node_venv_lib_python3_12_site-packages["site-packages"]\n    node_venv_lib_python3_12_site-packages --> node_venv_lib_python3_12_site-packages_PyQt6["PyQt6"]\n    node_venv_lib_python3_12_site-packages_PyQt6 --> node_venv_lib_python3_12_site-packages_PyQt6_bindings["bindings"]\n    node_venv_lib_python3_12_site-packages_PyQt6_bindings --> node_venv_lib_python3_12_site-packages_PyQt6_bindings_QtNetwork["QtNetwork"]\n    node_venv_lib_python3_12_site-packages_PyQt6_bindings_QtNetwork --> node_venv_lib_python3_12_site-packages_PyQt6_bindings_QtNetwork_qsslpresharedkeyauthenticator_sip["qsslpresharedkeyauthenticator.sip"]\n    Root --> node_venv["venv"]\n    node_venv --> node_venv_lib["lib"]\n    node_venv_lib --> node_venv_lib_python3_12["python3.12"]\n    node_venv_lib_python3_12 --> node_venv_lib_python3_12_site-packages["site-packages"]\n    node_venv_lib_python3_12_site-packages --> node_venv_lib_python3_12_site-packages_PyQt6["PyQt6"]\n    node_venv_lib_python3_12_site-packages_PyQt6 --> node_venv_lib_python3_12_site-packages_PyQt6_bindings["bindings"]\n    node_venv_lib_python3_12_site-packages_PyQt6_bindings --> node_venv_lib_python3_12_site-packages_PyQt6_bindings_QtNetwork["QtNetwork"]\n    node_venv_lib_python3_12_site-packages_PyQt6_bindings_QtNetwork --> node_venv_lib_python3_12_site-packages_PyQt6_bindings_QtNetwork_qsslserver_sip["qsslserver.sip"]\n    Root --> node_venv["venv"]\n    node_venv --> node_venv_lib["lib"]\n    node_venv_lib --> node_venv_lib_python3_12["python3.12"]\n    node_venv_lib_python3_12 --> node_venv_lib_python3_12_site-packages["site-packages"]\n    node_venv_lib_python3_12_site-packages --> node_venv_lib_python3_12_site-packages_PyQt6["PyQt6"]\n    node_venv_lib_python3_12_site-packages_PyQt6 --> node_venv_lib_python3_12_site-packages_PyQt6_bindings["bindings"]\n    node_venv_lib_python3_12_site-packages_PyQt6_bindings --> node_venv_lib_python3_12_site-packages_PyQt6_bindings_QtNetwork["QtNetwork"]\n    node_venv_lib_python3_12_site-packages_PyQt6_bindings_QtNetwork --> node_venv_lib_python3_12_site-packages_PyQt6_bindings_QtNetwork_qsslsocket_sip["qsslsocket.sip"]\n    Root --> node_venv["venv"]\n    node_venv --> node_venv_lib["lib"]\n    node_venv_lib --> node_venv_lib_python3_12["python3.12"]\n    node_venv_lib_python3_12 --> node_venv_lib_python3_12_site-packages["site-packages"]\n    node_venv_lib_python3_12_site-packages --> node_venv_lib_python3_12_site-packages_PyQt6["PyQt6"]\n    node_venv_lib_python3_12_site-packages_PyQt6 --> node_venv_lib_python3_12_site-packages_PyQt6_bindings["bindings"]\n    node_venv_lib_python3_12_site-packages_PyQt6_bindings --> node_venv_lib_python3_12_site-packages_PyQt6_bindings_QtNetwork["QtNetwork"]\n    node_venv_lib_python3_12_site-packages_PyQt6_bindings_QtNetwork --> node_venv_lib_python3_12_site-packages_PyQt6_bindings_QtNetwork_qtcpserver_sip["qtcpserver.sip"]\n    Root --> node_venv["venv"]\n    node_venv --> node_venv_lib["lib"]\n    node_venv_lib --> node_venv_lib_python3_12["python3.12"]\n    node_venv_lib_python3_12 --> node_venv_lib_python3_12_site-packages["site-packages"]\n    node_venv_lib_python3_12_site-packages --> node_venv_lib_python3_12_site-packages_PyQt6["PyQt6"]\n    node_venv_lib_python3_12_site-packages_PyQt6 --> node_venv_lib_python3_12_site-packages_PyQt6_bindings["bindings"]\n    node_venv_lib_python3_12_site-packages_PyQt6_bindings --> node_venv_lib_python3_12_site-packages_PyQt6_bindings_QtNetwork["QtNetwork"]\n    node_venv_lib_python3_12_site-packages_PyQt6_bindings_QtNetwork --> node_venv_lib_python3_12_site-packages_PyQt6_bindings_QtNetwork_qtcpsocket_sip["qtcpsocket.sip"]\n    Root --> node_venv["venv"]\n    node_venv --> node_venv_lib["lib"]\n    node_venv_lib --> node_venv_lib_python3_12["python3.12"]\n    node_venv_lib_python3_12 --> node_venv_lib_python3_12_site-packages["site-packages"]\n    node_venv_lib_python3_12_site-packages --> node_venv_lib_python3_12_site-packages_PyQt6["PyQt6"]\n    node_venv_lib_python3_12_site-packages_PyQt6 --> node_venv_lib_python3_12_site-packages_PyQt6_bindings["bindings"]\n    node_venv_lib_python3_12_site-packages_PyQt6_bindings --> node_venv_lib_python3_12_site-packages_PyQt6_bindings_QtNetwork["QtNetwork"]\n    node_venv_lib_python3_12_site-packages_PyQt6_bindings_QtNetwork --> node_venv_lib_python3_12_site-packages_PyQt6_bindings_QtNetwork_qudpsocket_sip["qudpsocket.sip"]\n    Root --> node_venv["venv"]\n    node_venv --> node_venv_lib["lib"]\n    node_venv_lib --> node_venv_lib_python3_12["python3.12"]\n    node_venv_lib_python3_12 --> node_venv_lib_python3_12_site-packages["site-packages"]\n    node_venv_lib_python3_12_site-packages --> node_venv_lib_python3_12_site-packages_PyQt6["PyQt6"]\n    node_venv_lib_python3_12_site-packages_PyQt6 --> node_venv_lib_python3_12_site-packages_PyQt6_bindings["bindings"]\n    node_venv_lib_python3_12_site-packages_PyQt6_bindings --> node_venv_lib_python3_12_site-packages_PyQt6_bindings_QtStateMachine["QtStateMachine"]\n    node_venv_lib_python3_12_site-packages_PyQt6_bindings_QtStateMachine --> node_venv_lib_python3_12_site-packages_PyQt6_bindings_QtStateMachine_QtStateMachine_toml["QtStateMachine.toml"]\n    Root --> node_venv["venv"]\n    node_venv --> node_venv_lib["lib"]\n    node_venv_lib --> node_venv_lib_python3_12["python3.12"]\n    node_venv_lib_python3_12 --> node_venv_lib_python3_12_site-packages["site-packages"]\n    node_venv_lib_python3_12_site-packages --> node_venv_lib_python3_12_site-packages_PyQt6["PyQt6"]\n    node_venv_lib_python3_12_site-packages_PyQt6 --> node_venv_lib_python3_12_site-packages_PyQt6_bindings["bindings"]\n    node_venv_lib_python3_12_site-packages_PyQt6_bindings --> node_venv_lib_python3_12_site-packages_PyQt6_bindings_QtStateMachine["QtStateMachine"]\n    node_venv_lib_python3_12_site-packages_PyQt6_bindings_QtStateMachine --> node_venv_lib_python3_12_site-packages_PyQt6_bindings_QtStateMachine_QtStateMachinemod_sip["QtStateMachinemod.sip"]\n    Root --> node_venv["venv"]\n    node_venv --> node_venv_lib["lib"]\n    node_venv_lib --> node_venv_lib_python3_12["python3.12"]\n    node_venv_lib_python3_12 --> node_venv_lib_python3_12_site-packages["site-packages"]\n    node_venv_lib_python3_12_site-packages --> node_venv_lib_python3_12_site-packages_PyQt6["PyQt6"]\n    node_venv_lib_python3_12_site-packages_PyQt6 --> node_venv_lib_python3_12_site-packages_PyQt6_bindings["bindings"]\n    node_venv_lib_python3_12_site-packages_PyQt6_bindings --> node_venv_lib_python3_12_site-packages_PyQt6_bindings_QtStateMachine["QtStateMachine"]\n    node_venv_lib_python3_12_site-packages_PyQt6_bindings_QtStateMachine --> node_venv_lib_python3_12_site-packages_PyQt6_bindings_QtStateMachine_qabstractstate_sip["qabstractstate.sip"]\n    Root --> node_venv["venv"]\n    node_venv --> node_venv_lib["lib"]\n    node_venv_lib --> node_venv_lib_python3_12["python3.12"]\n    node_venv_lib_python3_12 --> node_venv_lib_python3_12_site-packages["site-packages"]\n    node_venv_lib_python3_12_site-packages --> node_venv_lib_python3_12_site-packages_PyQt6["PyQt6"]\n    node_venv_lib_python3_12_site-packages_PyQt6 --> node_venv_lib_python3_12_site-packages_PyQt6_bindings["bindings"]\n    node_venv_lib_python3_12_site-packages_PyQt6_bindings --> node_venv_lib_python3_12_site-packages_PyQt6_bindings_QtStateMachine["QtStateMachine"]\n    node_venv_lib_python3_12_site-packages_PyQt6_bindings_QtStateMachine --> node_venv_lib_python3_12_site-packages_PyQt6_bindings_QtStateMachine_qabstracttransition_sip["qabstracttransition.sip"]\n    Root --> node_venv["venv"]\n    node_venv --> node_venv_lib["lib"]\n    node_venv_lib --> node_venv_lib_python3_12["python3.12"]\n    node_venv_lib_python3_12 --> node_venv_lib_python3_12_site-packages["site-packages"]\n    node_venv_lib_python3_12_site-packages --> node_venv_lib_python3_12_site-packages_PyQt6["PyQt6"]\n    node_venv_lib_python3_12_site-packages_PyQt6 --> node_venv_lib_python3_12_site-packages_PyQt6_bindings["bindings"]\n    node_venv_lib_python3_12_site-packages_PyQt6_bindings --> node_venv_lib_python3_12_site-packages_PyQt6_bindings_QtStateMachine["QtStateMachine"]\n    node_venv_lib_python3_12_site-packages_PyQt6_bindings_QtStateMachine --> node_venv_lib_python3_12_site-packages_PyQt6_bindings_QtStateMachine_qeventtransition_sip["qeventtransition.sip"]\n    Root --> node_venv["venv"]\n    node_venv --> node_venv_lib["lib"]\n    node_venv_lib --> node_venv_lib_python3_12["python3.12"]\n    node_venv_lib_python3_12 --> node_venv_lib_python3_12_site-packages["site-packages"]\n    node_venv_lib_python3_12_site-packages --> node_venv_lib_python3_12_site-packages_PyQt6["PyQt6"]\n    node_venv_lib_python3_12_site-packages_PyQt6 --> node_venv_lib_python3_12_site-packages_PyQt6_bindings["bindings"]\n    node_venv_lib_python3_12_site-packages_PyQt6_bindings --> node_venv_lib_python3_12_site-packages_PyQt6_bindings_QtStateMachine["QtStateMachine"]\n    node_venv_lib_python3_12_site-packages_PyQt6_bindings_QtStateMachine --> node_venv_lib_python3_12_site-packages_PyQt6_bindings_QtStateMachine_qfinalstate_sip["qfinalstate.sip"]\n    Root --> node_venv["venv"]\n    node_venv --> node_venv_lib["lib"]\n    node_venv_lib --> node_venv_lib_python3_12["python3.12"]\n    node_venv_lib_python3_12 --> node_venv_lib_python3_12_site-packages["site-packages"]\n    node_venv_lib_python3_12_site-packages --> node_venv_lib_python3_12_site-packages_PyQt6["PyQt6"]\n    node_venv_lib_python3_12_site-packages_PyQt6 --> node_venv_lib_python3_12_site-packages_PyQt6_bindings["bindings"]\n    node_venv_lib_python3_12_site-packages_PyQt6_bindings --> node_venv_lib_python3_12_site-packages_PyQt6_bindings_QtStateMachine["QtStateMachine"]\n    node_venv_lib_python3_12_site-packages_PyQt6_bindings_QtStateMachine --> node_venv_lib_python3_12_site-packages_PyQt6_bindings_QtStateMachine_qhistorystate_sip["qhistorystate.sip"]\n    Root --> node_venv["venv"]\n    node_venv --> node_venv_lib["lib"]\n    node_venv_lib --> node_venv_lib_python3_12["python3.12"]\n    node_venv_lib_python3_12 --> node_venv_lib_python3_12_site-packages["site-packages"]\n    node_venv_lib_python3_12_site-packages --> node_venv_lib_python3_12_site-packages_PyQt6["PyQt6"]\n    node_venv_lib_python3_12_site-packages_PyQt6 --> node_venv_lib_python3_12_site-packages_PyQt6_bindings["bindings"]\n    node_venv_lib_python3_12_site-packages_PyQt6_bindings --> node_venv_lib_python3_12_site-packages_PyQt6_bindings_QtStateMachine["QtStateMachine"]\n    node_venv_lib_python3_12_site-packages_PyQt6_bindings_QtStateMachine --> node_venv_lib_python3_12_site-packages_PyQt6_bindings_QtStateMachine_qkeyeventtransition_sip["qkeyeventtransition.sip"]\n    Root --> node_venv["venv"]\n    node_venv --> node_venv_lib["lib"]\n    node_venv_lib --> node_venv_lib_python3_12["python3.12"]\n    node_venv_lib_python3_12 --> node_venv_lib_python3_12_site-packages["site-packages"]\n    node_venv_lib_python3_12_site-packages --> node_venv_lib_python3_12_site-packages_PyQt6["PyQt6"]\n    node_venv_lib_python3_12_site-packages_PyQt6 --> node_venv_lib_python3_12_site-packages_PyQt6_bindings["bindings"]\n    node_venv_lib_python3_12_site-packages_PyQt6_bindings --> node_venv_lib_python3_12_site-packages_PyQt6_bindings_QtStateMachine["QtStateMachine"]\n    node_venv_lib_python3_12_site-packages_PyQt6_bindings_QtStateMachine --> node_venv_lib_python3_12_site-packages_PyQt6_bindings_QtStateMachine_qmouseeventtransition_sip["qmouseeventtransition.sip"]\n    Root --> node_venv["venv"]\n    node_venv --> node_venv_lib["lib"]\n    node_venv_lib --> node_venv_lib_python3_12["python3.12"]\n    node_venv_lib_python3_12 --> node_venv_lib_python3_12_site-packages["site-packages"]\n    node_venv_lib_python3_12_site-packages --> node_venv_lib_python3_12_site-packages_PyQt6["PyQt6"]\n    node_venv_lib_python3_12_site-packages_PyQt6 --> node_venv_lib_python3_12_site-packages_PyQt6_bindings["bindings"]\n    node_venv_lib_python3_12_site-packages_PyQt6_bindings --> node_venv_lib_python3_12_site-packages_PyQt6_bindings_QtStateMachine["QtStateMachine"]\n    node_venv_lib_python3_12_site-packages_PyQt6_bindings_QtStateMachine --> node_venv_lib_python3_12_site-packages_PyQt6_bindings_QtStateMachine_qsignaltransition_sip["qsignaltransition.sip"]\n    Root --> node_venv["venv"]\n    node_venv --> node_venv_lib["lib"]\n    node_venv_lib --> node_venv_lib_python3_12["python3.12"]\n    node_venv_lib_python3_12 --> node_venv_lib_python3_12_site-packages["site-packages"]\n    node_venv_lib_python3_12_site-packages --> node_venv_lib_python3_12_site-packages_PyQt6["PyQt6"]\n    node_venv_lib_python3_12_site-packages_PyQt6 --> node_venv_lib_python3_12_site-packages_PyQt6_bindings["bindings"]\n    node_venv_lib_python3_12_site-packages_PyQt6_bindings --> node_venv_lib_python3_12_site-packages_PyQt6_bindings_QtStateMachine["QtStateMachine"]\n    node_venv_lib_python3_12_site-packages_PyQt6_bindings_QtStateMachine --> node_venv_lib_python3_12_site-packages_PyQt6_bindings_QtStateMachine_qstate_sip["qstate.sip"]\n    Root --> node_venv["venv"]\n    node_venv --> node_venv_lib["lib"]\n    node_venv_lib --> node_venv_lib_python3_12["python3.12"]\n    node_venv_lib_python3_12 --> node_venv_lib_python3_12_site-packages["site-packages"]\n    node_venv_lib_python3_12_site-packages --> node_venv_lib_python3_12_site-packages_PyQt6["PyQt6"]\n    node_venv_lib_python3_12_site-packages_PyQt6 --> node_venv_lib_python3_12_site-packages_PyQt6_bindings["bindings"]\n    node_venv_lib_python3_12_site-packages_PyQt6_bindings --> node_venv_lib_python3_12_site-packages_PyQt6_bindings_QtStateMachine["QtStateMachine"]\n    node_venv_lib_python3_12_site-packages_PyQt6_bindings_QtStateMachine --> node_venv_lib_python3_12_site-packages_PyQt6_bindings_QtStateMachine_qstatemachine_sip["qstatemachine.sip"]\n    Root --> node_venv["venv"]\n    node_venv --> node_venv_lib["lib"]\n    node_venv_lib --> node_venv_lib_python3_12["python3.12"]\n    node_venv_lib_python3_12 --> node_venv_lib_python3_12_site-packages["site-packages"]\n    node_venv_lib_python3_12_site-packages --> node_venv_lib_python3_12_site-packages_PyQt6["PyQt6"]\n    node_venv_lib_python3_12_site-packages_PyQt6 --> node_venv_lib_python3_12_site-packages_PyQt6_bindings["bindings"]\n    node_venv_lib_python3_12_site-packages_PyQt6_bindings --> node_venv_lib_python3_12_site-packages_PyQt6_bindings_QtDesigner["QtDesigner"]\n    node_venv_lib_python3_12_site-packages_PyQt6_bindings_QtDesigner --> node_venv_lib_python3_12_site-packages_PyQt6_bindings_QtDesigner_QtDesigner_toml["QtDesigner.toml"]\n    Root --> node_venv["venv"]\n    node_venv --> node_venv_lib["lib"]\n    node_venv_lib --> node_venv_lib_python3_12["python3.12"]\n    node_venv_lib_python3_12 --> node_venv_lib_python3_12_site-packages["site-packages"]\n    node_venv_lib_python3_12_site-packages --> node_venv_lib_python3_12_site-packages_PyQt6["PyQt6"]\n    node_venv_lib_python3_12_site-packages_PyQt6 --> node_venv_lib_python3_12_site-packages_PyQt6_bindings["bindings"]\n    node_venv_lib_python3_12_site-packages_PyQt6_bindings --> node_venv_lib_python3_12_site-packages_PyQt6_bindings_QtDesigner["QtDesigner"]\n    node_venv_lib_python3_12_site-packages_PyQt6_bindings_QtDesigner --> node_venv_lib_python3_12_site-packages_PyQt6_bindings_QtDesigner_QtDesignermod_sip["QtDesignermod.sip"]\n    Root --> node_venv["venv"]\n    node_venv --> node_venv_lib["lib"]\n    node_venv_lib --> node_venv_lib_python3_12["python3.12"]\n    node_venv_lib_python3_12 --> node_venv_lib_python3_12_site-packages["site-packages"]\n    node_venv_lib_python3_12_site-packages --> node_venv_lib_python3_12_site-packages_PyQt6["PyQt6"]\n    node_venv_lib_python3_12_site-packages_PyQt6 --> node_venv_lib_python3_12_site-packages_PyQt6_bindings["bindings"]\n    node_venv_lib_python3_12_site-packages_PyQt6_bindings --> node_venv_lib_python3_12_site-packages_PyQt6_bindings_QtDesigner["QtDesigner"]\n    node_venv_lib_python3_12_site-packages_PyQt6_bindings_QtDesigner --> node_venv_lib_python3_12_site-packages_PyQt6_bindings_QtDesigner_abstractactioneditor_sip["abstractactioneditor.sip"]\n    Root --> node_venv["venv"]\n    node_venv --> node_venv_lib["lib"]\n    node_venv_lib --> node_venv_lib_python3_12["python3.12"]\n    node_venv_lib_python3_12 --> node_venv_lib_python3_12_site-packages["site-packages"]\n    node_venv_lib_python3_12_site-packages --> node_venv_lib_python3_12_site-packages_PyQt6["PyQt6"]\n    node_venv_lib_python3_12_site-packages_PyQt6 --> node_venv_lib_python3_12_site-packages_PyQt6_bindings["bindings"]\n    node_venv_lib_python3_12_site-packages_PyQt6_bindings --> node_venv_lib_python3_12_site-packages_PyQt6_bindings_QtDesigner["QtDesigner"]\n    node_venv_lib_python3_12_site-packages_PyQt6_bindings_QtDesigner --> node_venv_lib_python3_12_site-packages_PyQt6_bindings_QtDesigner_abstractformbuilder_sip["abstractformbuilder.sip"]\n    Root --> node_venv["venv"]\n    node_venv --> node_venv_lib["lib"]\n    node_venv_lib --> node_venv_lib_python3_12["python3.12"]\n    node_venv_lib_python3_12 --> node_venv_lib_python3_12_site-packages["site-packages"]\n    node_venv_lib_python3_12_site-packages --> node_venv_lib_python3_12_site-packages_PyQt6["PyQt6"]\n    node_venv_lib_python3_12_site-packages_PyQt6 --> node_venv_lib_python3_12_site-packages_PyQt6_bindings["bindings"]\n    node_venv_lib_python3_12_site-packages_PyQt6_bindings --> node_venv_lib_python3_12_site-packages_PyQt6_bindings_QtDesigner["QtDesigner"]\n    node_venv_lib_python3_12_site-packages_PyQt6_bindings_QtDesigner --> node_venv_lib_python3_12_site-packages_PyQt6_bindings_QtDesigner_abstractformeditor_sip["abstractformeditor.sip"]\n    Root --> node_venv["venv"]\n    node_venv --> node_venv_lib["lib"]\n    node_venv_lib --> node_venv_lib_python3_12["python3.12"]\n    node_venv_lib_python3_12 --> node_venv_lib_python3_12_site-packages["site-packages"]\n    node_venv_lib_python3_12_site-packages --> node_venv_lib_python3_12_site-packages_PyQt6["PyQt6"]\n    node_venv_lib_python3_12_site-packages_PyQt6 --> node_venv_lib_python3_12_site-packages_PyQt6_bindings["bindings"]\n    node_venv_lib_python3_12_site-packages_PyQt6_bindings --> node_venv_lib_python3_12_site-packages_PyQt6_bindings_QtDesigner["QtDesigner"]\n    node_venv_lib_python3_12_site-packages_PyQt6_bindings_QtDesigner --> node_venv_lib_python3_12_site-packages_PyQt6_bindings_QtDesigner_abstractformwindow_sip["abstractformwindow.sip"]\n    Root --> node_venv["venv"]\n    node_venv --> node_venv_lib["lib"]\n    node_venv_lib --> node_venv_lib_python3_12["python3.12"]\n    node_venv_lib_python3_12 --> node_venv_lib_python3_12_site-packages["site-packages"]\n    node_venv_lib_python3_12_site-packages --> node_venv_lib_python3_12_site-packages_PyQt6["PyQt6"]\n    node_venv_lib_python3_12_site-packages_PyQt6 --> node_venv_lib_python3_12_site-packages_PyQt6_bindings["bindings"]\n    node_venv_lib_python3_12_site-packages_PyQt6_bindings --> node_venv_lib_python3_12_site-packages_PyQt6_bindings_QtDesigner["QtDesigner"]\n    node_venv_lib_python3_12_site-packages_PyQt6_bindings_QtDesigner --> node_venv_lib_python3_12_site-packages_PyQt6_bindings_QtDesigner_abstractformwindowcursor_sip["abstractformwindowcursor.sip"]\n    Root --> node_venv["venv"]\n    node_venv --> node_venv_lib["lib"]\n    node_venv_lib --> node_venv_lib_python3_12["python3.12"]\n    node_venv_lib_python3_12 --> node_venv_lib_python3_12_site-packages["site-packages"]\n    node_venv_lib_python3_12_site-packages --> node_venv_lib_python3_12_site-packages_PyQt6["PyQt6"]\n    node_venv_lib_python3_12_site-packages_PyQt6 --> node_venv_lib_python3_12_site-packages_PyQt6_bindings["bindings"]\n    node_venv_lib_python3_12_site-packages_PyQt6_bindings --> node_venv_lib_python3_12_site-packages_PyQt6_bindings_QtDesigner["QtDesigner"]\n    node_venv_lib_python3_12_site-packages_PyQt6_bindings_QtDesigner --> node_venv_lib_python3_12_site-packages_PyQt6_bindings_QtDesigner_abstractformwindowmanager_sip["abstractformwindowmanager.sip"]\n    Root --> node_venv["venv"]\n    node_venv --> node_venv_lib["lib"]\n    node_venv_lib --> node_venv_lib_python3_12["python3.12"]\n    node_venv_lib_python3_12 --> node_venv_lib_python3_12_site-packages["site-packages"]\n    node_venv_lib_python3_12_site-packages --> node_venv_lib_python3_12_site-packages_PyQt6["PyQt6"]\n    node_venv_lib_python3_12_site-packages_PyQt6 --> node_venv_lib_python3_12_site-packages_PyQt6_bindings["bindings"]\n    node_venv_lib_python3_12_site-packages_PyQt6_bindings --> node_venv_lib_python3_12_site-packages_PyQt6_bindings_QtDesigner["QtDesigner"]\n    node_venv_lib_python3_12_site-packages_PyQt6_bindings_QtDesigner --> node_venv_lib_python3_12_site-packages_PyQt6_bindings_QtDesigner_abstractobjectinspector_sip["abstractobjectinspector.sip"]\n    Root --> node_venv["venv"]\n    node_venv --> node_venv_lib["lib"]\n    node_venv_lib --> node_venv_lib_python3_12["python3.12"]\n    node_venv_lib_python3_12 --> node_venv_lib_python3_12_site-packages["site-packages"]\n    node_venv_lib_python3_12_site-packages --> node_venv_lib_python3_12_site-packages_PyQt6["PyQt6"]\n    node_venv_lib_python3_12_site-packages_PyQt6 --> node_venv_lib_python3_12_site-packages_PyQt6_bindings["bindings"]\n    node_venv_lib_python3_12_site-packages_PyQt6_bindings --> node_venv_lib_python3_12_site-packages_PyQt6_bindings_QtDesigner["QtDesigner"]\n    node_venv_lib_python3_12_site-packages_PyQt6_bindings_QtDesigner --> node_venv_lib_python3_12_site-packages_PyQt6_bindings_QtDesigner_abstractpropertyeditor_sip["abstractpropertyeditor.sip"]\n    Root --> node_venv["venv"]\n    node_venv --> node_venv_lib["lib"]\n    node_venv_lib --> node_venv_lib_python3_12["python3.12"]\n    node_venv_lib_python3_12 --> node_venv_lib_python3_12_site-packages["site-packages"]\n    node_venv_lib_python3_12_site-packages --> node_venv_lib_python3_12_site-packages_PyQt6["PyQt6"]\n    node_venv_lib_python3_12_site-packages_PyQt6 --> node_venv_lib_python3_12_site-packages_PyQt6_bindings["bindings"]\n    node_venv_lib_python3_12_site-packages_PyQt6_bindings --> node_venv_lib_python3_12_site-packages_PyQt6_bindings_QtDesigner["QtDesigner"]\n    node_venv_lib_python3_12_site-packages_PyQt6_bindings_QtDesigner --> node_venv_lib_python3_12_site-packages_PyQt6_bindings_QtDesigner_abstractwidgetbox_sip["abstractwidgetbox.sip"]\n    Root --> node_venv["venv"]\n    node_venv --> node_venv_lib["lib"]\n    node_venv_lib --> node_venv_lib_python3_12["python3.12"]\n    node_venv_lib_python3_12 --> node_venv_lib_python3_12_site-packages["site-packages"]\n    node_venv_lib_python3_12_site-packages --> node_venv_lib_python3_12_site-packages_PyQt6["PyQt6"]\n    node_venv_lib_python3_12_site-packages_PyQt6 --> node_venv_lib_python3_12_site-packages_PyQt6_bindings["bindings"]\n    node_venv_lib_python3_12_site-packages_PyQt6_bindings --> node_venv_lib_python3_12_site-packages_PyQt6_bindings_QtDesigner["QtDesigner"]\n    node_venv_lib_python3_12_site-packages_PyQt6_bindings_QtDesigner --> node_venv_lib_python3_12_site-packages_PyQt6_bindings_QtDesigner_container_sip["container.sip"]\n    Root --> node_venv["venv"]\n    node_venv --> node_venv_lib["lib"]\n    node_venv_lib --> node_venv_lib_python3_12["python3.12"]\n    node_venv_lib_python3_12 --> node_venv_lib_python3_12_site-packages["site-packages"]\n    node_venv_lib_python3_12_site-packages --> node_venv_lib_python3_12_site-packages_PyQt6["PyQt6"]\n    node_venv_lib_python3_12_site-packages_PyQt6 --> node_venv_lib_python3_12_site-packages_PyQt6_bindings["bindings"]\n    node_venv_lib_python3_12_site-packages_PyQt6_bindings --> node_venv_lib_python3_12_site-packages_PyQt6_bindings_QtDesigner["QtDesigner"]\n    node_venv_lib_python3_12_site-packages_PyQt6_bindings_QtDesigner --> node_venv_lib_python3_12_site-packages_PyQt6_bindings_QtDesigner_customwidget_sip["customwidget.sip"]\n    Root --> node_venv["venv"]\n    node_venv --> node_venv_lib["lib"]\n    node_venv_lib --> node_venv_lib_python3_12["python3.12"]\n    node_venv_lib_python3_12 --> node_venv_lib_python3_12_site-packages["site-packages"]\n    node_venv_lib_python3_12_site-packages --> node_venv_lib_python3_12_site-packages_PyQt6["PyQt6"]\n    node_venv_lib_python3_12_site-packages_PyQt6 --> node_venv_lib_python3_12_site-packages_PyQt6_bindings["bindings"]\n    node_venv_lib_python3_12_site-packages_PyQt6_bindings --> node_venv_lib_python3_12_site-packages_PyQt6_bindings_QtDesigner["QtDesigner"]\n    node_venv_lib_python3_12_site-packages_PyQt6_bindings_QtDesigner --> node_venv_lib_python3_12_site-packages_PyQt6_bindings_QtDesigner_default_extensionfactory_sip["default_extensionfactory.sip"]\n    Root --> node_venv["venv"]\n    node_venv --> node_venv_lib["lib"]\n    node_venv_lib --> node_venv_lib_python3_12["python3.12"]\n    node_venv_lib_python3_12 --> node_venv_lib_python3_12_site-packages["site-packages"]\n    node_venv_lib_python3_12_site-packages --> node_venv_lib_python3_12_site-packages_PyQt6["PyQt6"]\n    node_venv_lib_python3_12_site-packages_PyQt6 --> node_venv_lib_python3_12_site-packages_PyQt6_bindings["bindings"]\n    node_venv_lib_python3_12_site-packages_PyQt6_bindings --> node_venv_lib_python3_12_site-packages_PyQt6_bindings_QtDesigner["QtDesigner"]\n    node_venv_lib_python3_12_site-packages_PyQt6_bindings_QtDesigner --> node_venv_lib_python3_12_site-packages_PyQt6_bindings_QtDesigner_extension_sip["extension.sip"]\n    Root --> node_venv["venv"]\n    node_venv --> node_venv_lib["lib"]\n    node_venv_lib --> node_venv_lib_python3_12["python3.12"]\n    node_venv_lib_python3_12 --> node_venv_lib_python3_12_site-packages["site-packages"]\n    node_venv_lib_python3_12_site-packages --> node_venv_lib_python3_12_site-packages_PyQt6["PyQt6"]\n    node_venv_lib_python3_12_site-packages_PyQt6 --> node_venv_lib_python3_12_site-packages_PyQt6_bindings["bindings"]\n    node_venv_lib_python3_12_site-packages_PyQt6_bindings --> node_venv_lib_python3_12_site-packages_PyQt6_bindings_QtDesigner["QtDesigner"]\n    node_venv_lib_python3_12_site-packages_PyQt6_bindings_QtDesigner --> node_venv_lib_python3_12_site-packages_PyQt6_bindings_QtDesigner_formbuilder_sip["formbuilder.sip"]\n    Root --> node_venv["venv"]\n    node_venv --> node_venv_lib["lib"]\n    node_venv_lib --> node_venv_lib_python3_12["python3.12"]\n    node_venv_lib_python3_12 --> node_venv_lib_python3_12_site-packages["site-packages"]\n    node_venv_lib_python3_12_site-packages --> node_venv_lib_python3_12_site-packages_PyQt6["PyQt6"]\n    node_venv_lib_python3_12_site-packages_PyQt6 --> node_venv_lib_python3_12_site-packages_PyQt6_bindings["bindings"]\n    node_venv_lib_python3_12_site-packages_PyQt6_bindings --> node_venv_lib_python3_12_site-packages_PyQt6_bindings_QtDesigner["QtDesigner"]\n    node_venv_lib_python3_12_site-packages_PyQt6_bindings_QtDesigner --> node_venv_lib_python3_12_site-packages_PyQt6_bindings_QtDesigner_membersheet_sip["membersheet.sip"]\n    Root --> node_venv["venv"]\n    node_venv --> node_venv_lib["lib"]\n    node_venv_lib --> node_venv_lib_python3_12["python3.12"]\n    node_venv_lib_python3_12 --> node_venv_lib_python3_12_site-packages["site-packages"]\n    node_venv_lib_python3_12_site-packages --> node_venv_lib_python3_12_site-packages_PyQt6["PyQt6"]\n    node_venv_lib_python3_12_site-packages_PyQt6 --> node_venv_lib_python3_12_site-packages_PyQt6_bindings["bindings"]\n    node_venv_lib_python3_12_site-packages_PyQt6_bindings --> node_venv_lib_python3_12_site-packages_PyQt6_bindings_QtDesigner["QtDesigner"]\n    node_venv_lib_python3_12_site-packages_PyQt6_bindings_QtDesigner --> node_venv_lib_python3_12_site-packages_PyQt6_bindings_QtDesigner_propertysheet_sip["propertysheet.sip"]\n    Root --> node_venv["venv"]\n    node_venv --> node_venv_lib["lib"]\n    node_venv_lib --> node_venv_lib_python3_12["python3.12"]\n    node_venv_lib_python3_12 --> node_venv_lib_python3_12_site-packages["site-packages"]\n    node_venv_lib_python3_12_site-packages --> node_venv_lib_python3_12_site-packages_PyQt6["PyQt6"]\n    node_venv_lib_python3_12_site-packages_PyQt6 --> node_venv_lib_python3_12_site-packages_PyQt6_bindings["bindings"]\n    node_venv_lib_python3_12_site-packages_PyQt6_bindings --> node_venv_lib_python3_12_site-packages_PyQt6_bindings_QtDesigner["QtDesigner"]\n    node_venv_lib_python3_12_site-packages_PyQt6_bindings_QtDesigner --> node_venv_lib_python3_12_site-packages_PyQt6_bindings_QtDesigner_qextensionmanager_sip["qextensionmanager.sip"]\n    Root --> node_venv["venv"]\n    node_venv --> node_venv_lib["lib"]\n    node_venv_lib --> node_venv_lib_python3_12["python3.12"]\n    node_venv_lib_python3_12 --> node_venv_lib_python3_12_site-packages["site-packages"]\n    node_venv_lib_python3_12_site-packages --> node_venv_lib_python3_12_site-packages_PyQt6["PyQt6"]\n    node_venv_lib_python3_12_site-packages_PyQt6 --> node_venv_lib_python3_12_site-packages_PyQt6_bindings["bindings"]\n    node_venv_lib_python3_12_site-packages_PyQt6_bindings --> node_venv_lib_python3_12_site-packages_PyQt6_bindings_QtDesigner["QtDesigner"]\n    node_venv_lib_python3_12_site-packages_PyQt6_bindings_QtDesigner --> node_venv_lib_python3_12_site-packages_PyQt6_bindings_QtDesigner_qpydesignercontainerextension_sip["qpydesignercontainerextension.sip"]\n    Root --> node_venv["venv"]\n    node_venv --> node_venv_lib["lib"]\n    node_venv_lib --> node_venv_lib_python3_12["python3.12"]\n    node_venv_lib_python3_12 --> node_venv_lib_python3_12_site-packages["site-packages"]\n    node_venv_lib_python3_12_site-packages --> node_venv_lib_python3_12_site-packages_PyQt6["PyQt6"]\n    node_venv_lib_python3_12_site-packages_PyQt6 --> node_venv_lib_python3_12_site-packages_PyQt6_bindings["bindings"]\n    node_venv_lib_python3_12_site-packages_PyQt6_bindings --> node_venv_lib_python3_12_site-packages_PyQt6_bindings_QtDesigner["QtDesigner"]\n    node_venv_lib_python3_12_site-packages_PyQt6_bindings_QtDesigner --> node_venv_lib_python3_12_site-packages_PyQt6_bindings_QtDesigner_qpydesignercustomwidgetcollectionplugin_sip["qpydesignercustomwidgetcollectionplugin.sip"]\n    Root --> node_venv["venv"]\n    node_venv --> node_venv_lib["lib"]\n    node_venv_lib --> node_venv_lib_python3_12["python3.12"]\n    node_venv_lib_python3_12 --> node_venv_lib_python3_12_site-packages["site-packages"]\n    node_venv_lib_python3_12_site-packages --> node_venv_lib_python3_12_site-packages_PyQt6["PyQt6"]\n    node_venv_lib_python3_12_site-packages_PyQt6 --> node_venv_lib_python3_12_site-packages_PyQt6_bindings["bindings"]\n    node_venv_lib_python3_12_site-packages_PyQt6_bindings --> node_venv_lib_python3_12_site-packages_PyQt6_bindings_QtDesigner["QtDesigner"]\n    node_venv_lib_python3_12_site-packages_PyQt6_bindings_QtDesigner --> node_venv_lib_python3_12_site-packages_PyQt6_bindings_QtDesigner_qpydesignercustomwidgetplugin_sip["qpydesignercustomwidgetplugin.sip"]\n    Root --> node_venv["venv"]\n    node_venv --> node_venv_lib["lib"]\n    node_venv_lib --> node_venv_lib_python3_12["python3.12"]\n    node_venv_lib_python3_12 --> node_venv_lib_python3_12_site-packages["site-packages"]\n    node_venv_lib_python3_12_site-packages --> node_venv_lib_python3_12_site-packages_PyQt6["PyQt6"]\n    node_venv_lib_python3_12_site-packages_PyQt6 --> node_venv_lib_python3_12_site-packages_PyQt6_bindings["bindings"]\n    node_venv_lib_python3_12_site-packages_PyQt6_bindings --> node_venv_lib_python3_12_site-packages_PyQt6_bindings_QtDesigner["QtDesigner"]\n    node_venv_lib_python3_12_site-packages_PyQt6_bindings_QtDesigner --> node_venv_lib_python3_12_site-packages_PyQt6_bindings_QtDesigner_qpydesignermembersheetextension_sip["qpydesignermembersheetextension.sip"]\n    Root --> node_venv["venv"]\n    node_venv --> node_venv_lib["lib"]\n    node_venv_lib --> node_venv_lib_python3_12["python3.12"]\n    node_venv_lib_python3_12 --> node_venv_lib_python3_12_site-packages["site-packages"]\n    node_venv_lib_python3_12_site-packages --> node_venv_lib_python3_12_site-packages_PyQt6["PyQt6"]\n    node_venv_lib_python3_12_site-packages_PyQt6 --> node_venv_lib_python3_12_site-packages_PyQt6_bindings["bindings"]\n    node_venv_lib_python3_12_site-packages_PyQt6_bindings --> node_venv_lib_python3_12_site-packages_PyQt6_bindings_QtDesigner["QtDesigner"]\n    node_venv_lib_python3_12_site-packages_PyQt6_bindings_QtDesigner --> node_venv_lib_python3_12_site-packages_PyQt6_bindings_QtDesigner_qpydesignerpropertysheetextension_sip["qpydesignerpropertysheetextension.sip"]\n    Root --> node_venv["venv"]\n    node_venv --> node_venv_lib["lib"]\n    node_venv_lib --> node_venv_lib_python3_12["python3.12"]\n    node_venv_lib_python3_12 --> node_venv_lib_python3_12_site-packages["site-packages"]\n    node_venv_lib_python3_12_site-packages --> node_venv_lib_python3_12_site-packages_PyQt6["PyQt6"]\n    node_venv_lib_python3_12_site-packages_PyQt6 --> node_venv_lib_python3_12_site-packages_PyQt6_bindings["bindings"]\n    node_venv_lib_python3_12_site-packages_PyQt6_bindings --> node_venv_lib_python3_12_site-packages_PyQt6_bindings_QtDesigner["QtDesigner"]\n    node_venv_lib_python3_12_site-packages_PyQt6_bindings_QtDesigner --> node_venv_lib_python3_12_site-packages_PyQt6_bindings_QtDesigner_qpydesignertaskmenuextension_sip["qpydesignertaskmenuextension.sip"]\n    Root --> node_venv["venv"]\n    node_venv --> node_venv_lib["lib"]\n    node_venv_lib --> node_venv_lib_python3_12["python3.12"]\n    node_venv_lib_python3_12 --> node_venv_lib_python3_12_site-packages["site-packages"]\n    node_venv_lib_python3_12_site-packages --> node_venv_lib_python3_12_site-packages_PyQt6["PyQt6"]\n    node_venv_lib_python3_12_site-packages_PyQt6 --> node_venv_lib_python3_12_site-packages_PyQt6_bindings["bindings"]\n    node_venv_lib_python3_12_site-packages_PyQt6_bindings --> node_venv_lib_python3_12_site-packages_PyQt6_bindings_QtDesigner["QtDesigner"]\n    node_venv_lib_python3_12_site-packages_PyQt6_bindings_QtDesigner --> node_venv_lib_python3_12_site-packages_PyQt6_bindings_QtDesigner_taskmenu_sip["taskmenu.sip"]\n    Root --> node_venv["venv"]\n    node_venv --> node_venv_lib["lib"]\n    node_venv_lib --> node_venv_lib_python3_12["python3.12"]\n    node_venv_lib_python3_12 --> node_venv_lib_python3_12_site-packages["site-packages"]\n    node_venv_lib_python3_12_site-packages --> node_venv_lib_python3_12_site-packages_PyQt6["PyQt6"]\n    node_venv_lib_python3_12_site-packages_PyQt6 --> node_venv_lib_python3_12_site-packages_PyQt6_bindings["bindings"]\n    node_venv_lib_python3_12_site-packages_PyQt6_bindings --> node_venv_lib_python3_12_site-packages_PyQt6_bindings_QtQuick3D["QtQuick3D"]\n    node_venv_lib_python3_12_site-packages_PyQt6_bindings_QtQuick3D --> node_venv_lib_python3_12_site-packages_PyQt6_bindings_QtQuick3D_QtQuick3D_toml["QtQuick3D.toml"]\n    Root --> node_venv["venv"]\n    node_venv --> node_venv_lib["lib"]\n    node_venv_lib --> node_venv_lib_python3_12["python3.12"]\n    node_venv_lib_python3_12 --> node_venv_lib_python3_12_site-packages["site-packages"]\n    node_venv_lib_python3_12_site-packages --> node_venv_lib_python3_12_site-packages_PyQt6["PyQt6"]\n    node_venv_lib_python3_12_site-packages_PyQt6 --> node_venv_lib_python3_12_site-packages_PyQt6_bindings["bindings"]\n    node_venv_lib_python3_12_site-packages_PyQt6_bindings --> node_venv_lib_python3_12_site-packages_PyQt6_bindings_QtQuick3D["QtQuick3D"]\n    node_venv_lib_python3_12_site-packages_PyQt6_bindings_QtQuick3D --> node_venv_lib_python3_12_site-packages_PyQt6_bindings_QtQuick3D_QtQuick3Dmod_sip["QtQuick3Dmod.sip"]\n    Root --> node_venv["venv"]\n    node_venv --> node_venv_lib["lib"]\n    node_venv_lib --> node_venv_lib_python3_12["python3.12"]\n    node_venv_lib_python3_12 --> node_venv_lib_python3_12_site-packages["site-packages"]\n    node_venv_lib_python3_12_site-packages --> node_venv_lib_python3_12_site-packages_PyQt6["PyQt6"]\n    node_venv_lib_python3_12_site-packages_PyQt6 --> node_venv_lib_python3_12_site-packages_PyQt6_bindings["bindings"]\n    node_venv_lib_python3_12_site-packages_PyQt6_bindings --> node_venv_lib_python3_12_site-packages_PyQt6_bindings_QtQuick3D["QtQuick3D"]\n    node_venv_lib_python3_12_site-packages_PyQt6_bindings_QtQuick3D --> node_venv_lib_python3_12_site-packages_PyQt6_bindings_QtQuick3D_qquick3d_sip["qquick3d.sip"]\n    Root --> node_venv["venv"]\n    node_venv --> node_venv_lib["lib"]\n    node_venv_lib --> node_venv_lib_python3_12["python3.12"]\n    node_venv_lib_python3_12 --> node_venv_lib_python3_12_site-packages["site-packages"]\n    node_venv_lib_python3_12_site-packages --> node_venv_lib_python3_12_site-packages_PyQt6["PyQt6"]\n    node_venv_lib_python3_12_site-packages_PyQt6 --> node_venv_lib_python3_12_site-packages_PyQt6_bindings["bindings"]\n    node_venv_lib_python3_12_site-packages_PyQt6_bindings --> node_venv_lib_python3_12_site-packages_PyQt6_bindings_QtQuick3D["QtQuick3D"]\n    node_venv_lib_python3_12_site-packages_PyQt6_bindings_QtQuick3D --> node_venv_lib_python3_12_site-packages_PyQt6_bindings_QtQuick3D_qquick3dgeometry_sip["qquick3dgeometry.sip"]\n    Root --> node_venv["venv"]\n    node_venv --> node_venv_lib["lib"]\n    node_venv_lib --> node_venv_lib_python3_12["python3.12"]\n    node_venv_lib_python3_12 --> node_venv_lib_python3_12_site-packages["site-packages"]\n    node_venv_lib_python3_12_site-packages --> node_venv_lib_python3_12_site-packages_PyQt6["PyQt6"]\n    node_venv_lib_python3_12_site-packages_PyQt6 --> node_venv_lib_python3_12_site-packages_PyQt6_bindings["bindings"]\n    node_venv_lib_python3_12_site-packages_PyQt6_bindings --> node_venv_lib_python3_12_site-packages_PyQt6_bindings_QtQuick3D["QtQuick3D"]\n    node_venv_lib_python3_12_site-packages_PyQt6_bindings_QtQuick3D --> node_venv_lib_python3_12_site-packages_PyQt6_bindings_QtQuick3D_qquick3dobject_sip["qquick3dobject.sip"]\n    Root --> node_venv["venv"]\n    node_venv --> node_venv_lib["lib"]\n    node_venv_lib --> node_venv_lib_python3_12["python3.12"]\n    node_venv_lib_python3_12 --> node_venv_lib_python3_12_site-packages["site-packages"]\n    node_venv_lib_python3_12_site-packages --> node_venv_lib_python3_12_site-packages_PyQt6["PyQt6"]\n    node_venv_lib_python3_12_site-packages_PyQt6 --> node_venv_lib_python3_12_site-packages_PyQt6_bindings["bindings"]\n    node_venv_lib_python3_12_site-packages_PyQt6_bindings --> node_venv_lib_python3_12_site-packages_PyQt6_bindings_QtQuick3D["QtQuick3D"]\n    node_venv_lib_python3_12_site-packages_PyQt6_bindings_QtQuick3D --> node_venv_lib_python3_12_site-packages_PyQt6_bindings_QtQuick3D_qquick3dtexturedata_sip["qquick3dtexturedata.sip"]\n    Root --> node_venv["venv"]\n    node_venv --> node_venv_lib["lib"]\n    node_venv_lib --> node_venv_lib_python3_12["python3.12"]\n    node_venv_lib_python3_12 --> node_venv_lib_python3_12_site-packages["site-packages"]\n    node_venv_lib_python3_12_site-packages --> node_venv_lib_python3_12_site-packages_PyQt6["PyQt6"]\n    node_venv_lib_python3_12_site-packages_PyQt6 --> node_venv_lib_python3_12_site-packages_PyQt6_bindings["bindings"]\n    node_venv_lib_python3_12_site-packages_PyQt6_bindings --> node_venv_lib_python3_12_site-packages_PyQt6_bindings_QtHelp["QtHelp"]\n    node_venv_lib_python3_12_site-packages_PyQt6_bindings_QtHelp --> node_venv_lib_python3_12_site-packages_PyQt6_bindings_QtHelp_QtHelp_toml["QtHelp.toml"]\n    Root --> node_venv["venv"]\n    node_venv --> node_venv_lib["lib"]\n    node_venv_lib --> node_venv_lib_python3_12["python3.12"]\n    node_venv_lib_python3_12 --> node_venv_lib_python3_12_site-packages["site-packages"]\n    node_venv_lib_python3_12_site-packages --> node_venv_lib_python3_12_site-packages_PyQt6["PyQt6"]\n    node_venv_lib_python3_12_site-packages_PyQt6 --> node_venv_lib_python3_12_site-packages_PyQt6_bindings["bindings"]\n    node_venv_lib_python3_12_site-packages_PyQt6_bindings --> node_venv_lib_python3_12_site-packages_PyQt6_bindings_QtHelp["QtHelp"]\n    node_venv_lib_python3_12_site-packages_PyQt6_bindings_QtHelp --> node_venv_lib_python3_12_site-packages_PyQt6_bindings_QtHelp_QtHelpmod_sip["QtHelpmod.sip"]\n    Root --> node_venv["venv"]\n    node_venv --> node_venv_lib["lib"]\n    node_venv_lib --> node_venv_lib_python3_12["python3.12"]\n    node_venv_lib_python3_12 --> node_venv_lib_python3_12_site-packages["site-packages"]\n    node_venv_lib_python3_12_site-packages --> node_venv_lib_python3_12_site-packages_PyQt6["PyQt6"]\n    node_venv_lib_python3_12_site-packages_PyQt6 --> node_venv_lib_python3_12_site-packages_PyQt6_bindings["bindings"]\n    node_venv_lib_python3_12_site-packages_PyQt6_bindings --> node_venv_lib_python3_12_site-packages_PyQt6_bindings_QtHelp["QtHelp"]\n    node_venv_lib_python3_12_site-packages_PyQt6_bindings_QtHelp --> node_venv_lib_python3_12_site-packages_PyQt6_bindings_QtHelp_qcompressedhelpinfo_sip["qcompressedhelpinfo.sip"]\n    Root --> node_venv["venv"]\n    node_venv --> node_venv_lib["lib"]\n    node_venv_lib --> node_venv_lib_python3_12["python3.12"]\n    node_venv_lib_python3_12 --> node_venv_lib_python3_12_site-packages["site-packages"]\n    node_venv_lib_python3_12_site-packages --> node_venv_lib_python3_12_site-packages_PyQt6["PyQt6"]\n    node_venv_lib_python3_12_site-packages_PyQt6 --> node_venv_lib_python3_12_site-packages_PyQt6_bindings["bindings"]\n    node_venv_lib_python3_12_site-packages_PyQt6_bindings --> node_venv_lib_python3_12_site-packages_PyQt6_bindings_QtHelp["QtHelp"]\n    node_venv_lib_python3_12_site-packages_PyQt6_bindings_QtHelp --> node_venv_lib_python3_12_site-packages_PyQt6_bindings_QtHelp_qhelpcontentitem_sip["qhelpcontentitem.sip"]\n    Root --> node_venv["venv"]\n    node_venv --> node_venv_lib["lib"]\n    node_venv_lib --> node_venv_lib_python3_12["python3.12"]\n    node_venv_lib_python3_12 --> node_venv_lib_python3_12_site-packages["site-packages"]\n    node_venv_lib_python3_12_site-packages --> node_venv_lib_python3_12_site-packages_PyQt6["PyQt6"]\n    node_venv_lib_python3_12_site-packages_PyQt6 --> node_venv_lib_python3_12_site-packages_PyQt6_bindings["bindings"]\n    node_venv_lib_python3_12_site-packages_PyQt6_bindings --> node_venv_lib_python3_12_site-packages_PyQt6_bindings_QtHelp["QtHelp"]\n    node_venv_lib_python3_12_site-packages_PyQt6_bindings_QtHelp --> node_venv_lib_python3_12_site-packages_PyQt6_bindings_QtHelp_qhelpcontentwidget_sip["qhelpcontentwidget.sip"]\n    Root --> node_venv["venv"]\n    node_venv --> node_venv_lib["lib"]\n    node_venv_lib --> node_venv_lib_python3_12["python3.12"]\n    node_venv_lib_python3_12 --> node_venv_lib_python3_12_site-packages["site-packages"]\n    node_venv_lib_python3_12_site-packages --> node_venv_lib_python3_12_site-packages_PyQt6["PyQt6"]\n    node_venv_lib_python3_12_site-packages_PyQt6 --> node_venv_lib_python3_12_site-packages_PyQt6_bindings["bindings"]\n    node_venv_lib_python3_12_site-packages_PyQt6_bindings --> node_venv_lib_python3_12_site-packages_PyQt6_bindings_QtHelp["QtHelp"]\n    node_venv_lib_python3_12_site-packages_PyQt6_bindings_QtHelp --> node_venv_lib_python3_12_site-packages_PyQt6_bindings_QtHelp_qhelpengine_sip["qhelpengine.sip"]\n    Root --> node_venv["venv"]\n    node_venv --> node_venv_lib["lib"]\n    node_venv_lib --> node_venv_lib_python3_12["python3.12"]\n    node_venv_lib_python3_12 --> node_venv_lib_python3_12_site-packages["site-packages"]\n    node_venv_lib_python3_12_site-packages --> node_venv_lib_python3_12_site-packages_PyQt6["PyQt6"]\n    node_venv_lib_python3_12_site-packages_PyQt6 --> node_venv_lib_python3_12_site-packages_PyQt6_bindings["bindings"]\n    node_venv_lib_python3_12_site-packages_PyQt6_bindings --> node_venv_lib_python3_12_site-packages_PyQt6_bindings_QtHelp["QtHelp"]\n    node_venv_lib_python3_12_site-packages_PyQt6_bindings_QtHelp --> node_venv_lib_python3_12_site-packages_PyQt6_bindings_QtHelp_qhelpenginecore_sip["qhelpenginecore.sip"]\n    Root --> node_venv["venv"]\n    node_venv --> node_venv_lib["lib"]\n    node_venv_lib --> node_venv_lib_python3_12["python3.12"]\n    node_venv_lib_python3_12 --> node_venv_lib_python3_12_site-packages["site-packages"]\n    node_venv_lib_python3_12_site-packages --> node_venv_lib_python3_12_site-packages_PyQt6["PyQt6"]\n    node_venv_lib_python3_12_site-packages_PyQt6 --> node_venv_lib_python3_12_site-packages_PyQt6_bindings["bindings"]\n    node_venv_lib_python3_12_site-packages_PyQt6_bindings --> node_venv_lib_python3_12_site-packages_PyQt6_bindings_QtHelp["QtHelp"]\n    node_venv_lib_python3_12_site-packages_PyQt6_bindings_QtHelp --> node_venv_lib_python3_12_site-packages_PyQt6_bindings_QtHelp_qhelpfilterdata_sip["qhelpfilterdata.sip"]\n    Root --> node_venv["venv"]\n    node_venv --> node_venv_lib["lib"]\n    node_venv_lib --> node_venv_lib_python3_12["python3.12"]\n    node_venv_lib_python3_12 --> node_venv_lib_python3_12_site-packages["site-packages"]\n    node_venv_lib_python3_12_site-packages --> node_venv_lib_python3_12_site-packages_PyQt6["PyQt6"]\n    node_venv_lib_python3_12_site-packages_PyQt6 --> node_venv_lib_python3_12_site-packages_PyQt6_bindings["bindings"]\n    node_venv_lib_python3_12_site-packages_PyQt6_bindings --> node_venv_lib_python3_12_site-packages_PyQt6_bindings_QtHelp["QtHelp"]\n    node_venv_lib_python3_12_site-packages_PyQt6_bindings_QtHelp --> node_venv_lib_python3_12_site-packages_PyQt6_bindings_QtHelp_qhelpfilterengine_sip["qhelpfilterengine.sip"]\n    Root --> node_venv["venv"]\n    node_venv --> node_venv_lib["lib"]\n    node_venv_lib --> node_venv_lib_python3_12["python3.12"]\n    node_venv_lib_python3_12 --> node_venv_lib_python3_12_site-packages["site-packages"]\n    node_venv_lib_python3_12_site-packages --> node_venv_lib_python3_12_site-packages_PyQt6["PyQt6"]\n    node_venv_lib_python3_12_site-packages_PyQt6 --> node_venv_lib_python3_12_site-packages_PyQt6_bindings["bindings"]\n    node_venv_lib_python3_12_site-packages_PyQt6_bindings --> node_venv_lib_python3_12_site-packages_PyQt6_bindings_QtHelp["QtHelp"]\n    node_venv_lib_python3_12_site-packages_PyQt6_bindings_QtHelp --> node_venv_lib_python3_12_site-packages_PyQt6_bindings_QtHelp_qhelpfiltersettingswidget_sip["qhelpfiltersettingswidget.sip"]\n    Root --> node_venv["venv"]\n    node_venv --> node_venv_lib["lib"]\n    node_venv_lib --> node_venv_lib_python3_12["python3.12"]\n    node_venv_lib_python3_12 --> node_venv_lib_python3_12_site-packages["site-packages"]\n    node_venv_lib_python3_12_site-packages --> node_venv_lib_python3_12_site-packages_PyQt6["PyQt6"]\n    node_venv_lib_python3_12_site-packages_PyQt6 --> node_venv_lib_python3_12_site-packages_PyQt6_bindings["bindings"]\n    node_venv_lib_python3_12_site-packages_PyQt6_bindings --> node_venv_lib_python3_12_site-packages_PyQt6_bindings_QtHelp["QtHelp"]\n    node_venv_lib_python3_12_site-packages_PyQt6_bindings_QtHelp --> node_venv_lib_python3_12_site-packages_PyQt6_bindings_QtHelp_qhelpindexwidget_sip["qhelpindexwidget.sip"]\n    Root --> node_venv["venv"]\n    node_venv --> node_venv_lib["lib"]\n    node_venv_lib --> node_venv_lib_python3_12["python3.12"]\n    node_venv_lib_python3_12 --> node_venv_lib_python3_12_site-packages["site-packages"]\n    node_venv_lib_python3_12_site-packages --> node_venv_lib_python3_12_site-packages_PyQt6["PyQt6"]\n    node_venv_lib_python3_12_site-packages_PyQt6 --> node_venv_lib_python3_12_site-packages_PyQt6_bindings["bindings"]\n    node_venv_lib_python3_12_site-packages_PyQt6_bindings --> node_venv_lib_python3_12_site-packages_PyQt6_bindings_QtHelp["QtHelp"]\n    node_venv_lib_python3_12_site-packages_PyQt6_bindings_QtHelp --> node_venv_lib_python3_12_site-packages_PyQt6_bindings_QtHelp_qhelplink_sip["qhelplink.sip"]\n    Root --> node_venv["venv"]\n    node_venv --> node_venv_lib["lib"]\n    node_venv_lib --> node_venv_lib_python3_12["python3.12"]\n    node_venv_lib_python3_12 --> node_venv_lib_python3_12_site-packages["site-packages"]\n    node_venv_lib_python3_12_site-packages --> node_venv_lib_python3_12_site-packages_PyQt6["PyQt6"]\n    node_venv_lib_python3_12_site-packages_PyQt6 --> node_venv_lib_python3_12_site-packages_PyQt6_bindings["bindings"]\n    node_venv_lib_python3_12_site-packages_PyQt6_bindings --> node_venv_lib_python3_12_site-packages_PyQt6_bindings_QtHelp["QtHelp"]\n    node_venv_lib_python3_12_site-packages_PyQt6_bindings_QtHelp --> node_venv_lib_python3_12_site-packages_PyQt6_bindings_QtHelp_qhelpsearchengine_sip["qhelpsearchengine.sip"]\n    Root --> node_venv["venv"]\n    node_venv --> node_venv_lib["lib"]\n    node_venv_lib --> node_venv_lib_python3_12["python3.12"]\n    node_venv_lib_python3_12 --> node_venv_lib_python3_12_site-packages["site-packages"]\n    node_venv_lib_python3_12_site-packages --> node_venv_lib_python3_12_site-packages_PyQt6["PyQt6"]\n    node_venv_lib_python3_12_site-packages_PyQt6 --> node_venv_lib_python3_12_site-packages_PyQt6_bindings["bindings"]\n    node_venv_lib_python3_12_site-packages_PyQt6_bindings --> node_venv_lib_python3_12_site-packages_PyQt6_bindings_QtHelp["QtHelp"]\n    node_venv_lib_python3_12_site-packages_PyQt6_bindings_QtHelp --> node_venv_lib_python3_12_site-packages_PyQt6_bindings_QtHelp_qhelpsearchenginecore_sip["qhelpsearchenginecore.sip"]\n    Root --> node_venv["venv"]\n    node_venv --> node_venv_lib["lib"]\n    node_venv_lib --> node_venv_lib_python3_12["python3.12"]\n    node_venv_lib_python3_12 --> node_venv_lib_python3_12_site-packages["site-packages"]\n    node_venv_lib_python3_12_site-packages --> node_venv_lib_python3_12_site-packages_PyQt6["PyQt6"]\n    node_venv_lib_python3_12_site-packages_PyQt6 --> node_venv_lib_python3_12_site-packages_PyQt6_bindings["bindings"]\n    node_venv_lib_python3_12_site-packages_PyQt6_bindings --> node_venv_lib_python3_12_site-packages_PyQt6_bindings_QtHelp["QtHelp"]\n    node_venv_lib_python3_12_site-packages_PyQt6_bindings_QtHelp --> node_venv_lib_python3_12_site-packages_PyQt6_bindings_QtHelp_qhelpsearchquerywidget_sip["qhelpsearchquerywidget.sip"]\n    Root --> node_venv["venv"]\n    node_venv --> node_venv_lib["lib"]\n    node_venv_lib --> node_venv_lib_python3_12["python3.12"]\n    node_venv_lib_python3_12 --> node_venv_lib_python3_12_site-packages["site-packages"]\n    node_venv_lib_python3_12_site-packages --> node_venv_lib_python3_12_site-packages_PyQt6["PyQt6"]\n    node_venv_lib_python3_12_site-packages_PyQt6 --> node_venv_lib_python3_12_site-packages_PyQt6_bindings["bindings"]\n    node_venv_lib_python3_12_site-packages_PyQt6_bindings --> node_venv_lib_python3_12_site-packages_PyQt6_bindings_QtHelp["QtHelp"]\n    node_venv_lib_python3_12_site-packages_PyQt6_bindings_QtHelp --> node_venv_lib_python3_12_site-packages_PyQt6_bindings_QtHelp_qhelpsearchresult_sip["qhelpsearchresult.sip"]\n    Root --> node_venv["venv"]\n    node_venv --> node_venv_lib["lib"]\n    node_venv_lib --> node_venv_lib_python3_12["python3.12"]\n    node_venv_lib_python3_12 --> node_venv_lib_python3_12_site-packages["site-packages"]\n    node_venv_lib_python3_12_site-packages --> node_venv_lib_python3_12_site-packages_PyQt6["PyQt6"]\n    node_venv_lib_python3_12_site-packages_PyQt6 --> node_venv_lib_python3_12_site-packages_PyQt6_bindings["bindings"]\n    node_venv_lib_python3_12_site-packages_PyQt6_bindings --> node_venv_lib_python3_12_site-packages_PyQt6_bindings_QtHelp["QtHelp"]\n    node_venv_lib_python3_12_site-packages_PyQt6_bindings_QtHelp --> node_venv_lib_python3_12_site-packages_PyQt6_bindings_QtHelp_qhelpsearchresultwidget_sip["qhelpsearchresultwidget.sip"]\n    Root --> node_venv["venv"]\n    node_venv --> node_venv_lib["lib"]\n    node_venv_lib --> node_venv_lib_python3_12["python3.12"]\n    node_venv_lib_python3_12 --> node_venv_lib_python3_12_site-packages["site-packages"]\n    node_venv_lib_python3_12_site-packages --> node_venv_lib_python3_12_site-packages_PyQt6["PyQt6"]\n    node_venv_lib_python3_12_site-packages_PyQt6 --> node_venv_lib_python3_12_site-packages_PyQt6_bindings["bindings"]\n    node_venv_lib_python3_12_site-packages_PyQt6_bindings --> node_venv_lib_python3_12_site-packages_PyQt6_bindings_QtSvg["QtSvg"]\n    node_venv_lib_python3_12_site-packages_PyQt6_bindings_QtSvg --> node_venv_lib_python3_12_site-packages_PyQt6_bindings_QtSvg_QtSvg_toml["QtSvg.toml"]\n    Root --> node_venv["venv"]\n    node_venv --> node_venv_lib["lib"]\n    node_venv_lib --> node_venv_lib_python3_12["python3.12"]\n    node_venv_lib_python3_12 --> node_venv_lib_python3_12_site-packages["site-packages"]\n    node_venv_lib_python3_12_site-packages --> node_venv_lib_python3_12_site-packages_PyQt6["PyQt6"]\n    node_venv_lib_python3_12_site-packages_PyQt6 --> node_venv_lib_python3_12_site-packages_PyQt6_bindings["bindings"]\n    node_venv_lib_python3_12_site-packages_PyQt6_bindings --> node_venv_lib_python3_12_site-packages_PyQt6_bindings_QtSvg["QtSvg"]\n    node_venv_lib_python3_12_site-packages_PyQt6_bindings_QtSvg --> node_venv_lib_python3_12_site-packages_PyQt6_bindings_QtSvg_QtSvgmod_sip["QtSvgmod.sip"]\n    Root --> node_venv["venv"]\n    node_venv --> node_venv_lib["lib"]\n    node_venv_lib --> node_venv_lib_python3_12["python3.12"]\n    node_venv_lib_python3_12 --> node_venv_lib_python3_12_site-packages["site-packages"]\n    node_venv_lib_python3_12_site-packages --> node_venv_lib_python3_12_site-packages_PyQt6["PyQt6"]\n    node_venv_lib_python3_12_site-packages_PyQt6 --> node_venv_lib_python3_12_site-packages_PyQt6_bindings["bindings"]\n    node_venv_lib_python3_12_site-packages_PyQt6_bindings --> node_venv_lib_python3_12_site-packages_PyQt6_bindings_QtSvg["QtSvg"]\n    node_venv_lib_python3_12_site-packages_PyQt6_bindings_QtSvg --> node_venv_lib_python3_12_site-packages_PyQt6_bindings_QtSvg_qsvggenerator_sip["qsvggenerator.sip"]\n    Root --> node_venv["venv"]\n    node_venv --> node_venv_lib["lib"]\n    node_venv_lib --> node_venv_lib_python3_12["python3.12"]\n    node_venv_lib_python3_12 --> node_venv_lib_python3_12_site-packages["site-packages"]\n    node_venv_lib_python3_12_site-packages --> node_venv_lib_python3_12_site-packages_PyQt6["PyQt6"]\n    node_venv_lib_python3_12_site-packages_PyQt6 --> node_venv_lib_python3_12_site-packages_PyQt6_bindings["bindings"]\n    node_venv_lib_python3_12_site-packages_PyQt6_bindings --> node_venv_lib_python3_12_site-packages_PyQt6_bindings_QtSvg["QtSvg"]\n    node_venv_lib_python3_12_site-packages_PyQt6_bindings_QtSvg --> node_venv_lib_python3_12_site-packages_PyQt6_bindings_QtSvg_qsvgrenderer_sip["qsvgrenderer.sip"]\n    Root --> node_venv["venv"]\n    node_venv --> node_venv_lib["lib"]\n    node_venv_lib --> node_venv_lib_python3_12["python3.12"]\n    node_venv_lib_python3_12 --> node_venv_lib_python3_12_site-packages["site-packages"]\n    node_venv_lib_python3_12_site-packages --> node_venv_lib_python3_12_site-packages_PyQt6["PyQt6"]\n    node_venv_lib_python3_12_site-packages_PyQt6 --> node_venv_lib_python3_12_site-packages_PyQt6_bindings["bindings"]\n    node_venv_lib_python3_12_site-packages_PyQt6_bindings --> node_venv_lib_python3_12_site-packages_PyQt6_bindings_QtSvg["QtSvg"]\n    node_venv_lib_python3_12_site-packages_PyQt6_bindings_QtSvg --> node_venv_lib_python3_12_site-packages_PyQt6_bindings_QtSvg_qtsvgglobal_sip["qtsvgglobal.sip"]\n    Root --> node_venv["venv"]\n    node_venv --> node_venv_lib["lib"]\n    node_venv_lib --> node_venv_lib_python3_12["python3.12"]\n    node_venv_lib_python3_12 --> node_venv_lib_python3_12_site-packages["site-packages"]\n    node_venv_lib_python3_12_site-packages --> node_venv_lib_python3_12_site-packages_PyQt6["PyQt6"]\n    node_venv_lib_python3_12_site-packages_PyQt6 --> node_venv_lib_python3_12_site-packages_PyQt6_bindings["bindings"]\n    node_venv_lib_python3_12_site-packages_PyQt6_bindings --> node_venv_lib_python3_12_site-packages_PyQt6_bindings_QtXml["QtXml"]\n    node_venv_lib_python3_12_site-packages_PyQt6_bindings_QtXml --> node_venv_lib_python3_12_site-packages_PyQt6_bindings_QtXml_QtXml_toml["QtXml.toml"]\n    Root --> node_venv["venv"]\n    node_venv --> node_venv_lib["lib"]\n    node_venv_lib --> node_venv_lib_python3_12["python3.12"]\n    node_venv_lib_python3_12 --> node_venv_lib_python3_12_site-packages["site-packages"]\n    node_venv_lib_python3_12_site-packages --> node_venv_lib_python3_12_site-packages_PyQt6["PyQt6"]\n    node_venv_lib_python3_12_site-packages_PyQt6 --> node_venv_lib_python3_12_site-packages_PyQt6_bindings["bindings"]\n    node_venv_lib_python3_12_site-packages_PyQt6_bindings --> node_venv_lib_python3_12_site-packages_PyQt6_bindings_QtXml["QtXml"]\n    node_venv_lib_python3_12_site-packages_PyQt6_bindings_QtXml --> node_venv_lib_python3_12_site-packages_PyQt6_bindings_QtXml_QtXmlmod_sip["QtXmlmod.sip"]\n    Root --> node_venv["venv"]\n    node_venv --> node_venv_lib["lib"]\n    node_venv_lib --> node_venv_lib_python3_12["python3.12"]\n    node_venv_lib_python3_12 --> node_venv_lib_python3_12_site-packages["site-packages"]\n    node_venv_lib_python3_12_site-packages --> node_venv_lib_python3_12_site-packages_PyQt6["PyQt6"]\n    node_venv_lib_python3_12_site-packages_PyQt6 --> node_venv_lib_python3_12_site-packages_PyQt6_bindings["bindings"]\n    node_venv_lib_python3_12_site-packages_PyQt6_bindings --> node_venv_lib_python3_12_site-packages_PyQt6_bindings_QtXml["QtXml"]\n    node_venv_lib_python3_12_site-packages_PyQt6_bindings_QtXml --> node_venv_lib_python3_12_site-packages_PyQt6_bindings_QtXml_qdom_sip["qdom.sip"]\n    Root --> node_venv["venv"]\n    node_venv --> node_venv_lib["lib"]\n    node_venv_lib --> node_venv_lib_python3_12["python3.12"]\n    node_venv_lib_python3_12 --> node_venv_lib_python3_12_site-packages["site-packages"]\n    node_venv_lib_python3_12_site-packages --> node_venv_lib_python3_12_site-packages_PyQt6["PyQt6"]\n    node_venv_lib_python3_12_site-packages_PyQt6 --> node_venv_lib_python3_12_site-packages_PyQt6_bindings["bindings"]\n    node_venv_lib_python3_12_site-packages_PyQt6_bindings --> node_venv_lib_python3_12_site-packages_PyQt6_bindings_QtSvgWidgets["QtSvgWidgets"]\n    node_venv_lib_python3_12_site-packages_PyQt6_bindings_QtSvgWidgets --> node_venv_lib_python3_12_site-packages_PyQt6_bindings_QtSvgWidgets_QtSvgWidgets_toml["QtSvgWidgets.toml"]\n    Root --> node_venv["venv"]\n    node_venv --> node_venv_lib["lib"]\n    node_venv_lib --> node_venv_lib_python3_12["python3.12"]\n    node_venv_lib_python3_12 --> node_venv_lib_python3_12_site-packages["site-packages"]\n    node_venv_lib_python3_12_site-packages --> node_venv_lib_python3_12_site-packages_PyQt6["PyQt6"]\n    node_venv_lib_python3_12_site-packages_PyQt6 --> node_venv_lib_python3_12_site-packages_PyQt6_bindings["bindings"]\n    node_venv_lib_python3_12_site-packages_PyQt6_bindings --> node_venv_lib_python3_12_site-packages_PyQt6_bindings_QtSvgWidgets["QtSvgWidgets"]\n    node_venv_lib_python3_12_site-packages_PyQt6_bindings_QtSvgWidgets --> node_venv_lib_python3_12_site-packages_PyQt6_bindings_QtSvgWidgets_QtSvgWidgetsmod_sip["QtSvgWidgetsmod.sip"]\n    Root --> node_venv["venv"]\n    node_venv --> node_venv_lib["lib"]\n    node_venv_lib --> node_venv_lib_python3_12["python3.12"]\n    node_venv_lib_python3_12 --> node_venv_lib_python3_12_site-packages["site-packages"]\n    node_venv_lib_python3_12_site-packages --> node_venv_lib_python3_12_site-packages_PyQt6["PyQt6"]\n    node_venv_lib_python3_12_site-packages_PyQt6 --> node_venv_lib_python3_12_site-packages_PyQt6_bindings["bindings"]\n    node_venv_lib_python3_12_site-packages_PyQt6_bindings --> node_venv_lib_python3_12_site-packages_PyQt6_bindings_QtSvgWidgets["QtSvgWidgets"]\n    node_venv_lib_python3_12_site-packages_PyQt6_bindings_QtSvgWidgets --> node_venv_lib_python3_12_site-packages_PyQt6_bindings_QtSvgWidgets_qgraphicssvgitem_sip["qgraphicssvgitem.sip"]\n    Root --> node_venv["venv"]\n    node_venv --> node_venv_lib["lib"]\n    node_venv_lib --> node_venv_lib_python3_12["python3.12"]\n    node_venv_lib_python3_12 --> node_venv_lib_python3_12_site-packages["site-packages"]\n    node_venv_lib_python3_12_site-packages --> node_venv_lib_python3_12_site-packages_PyQt6["PyQt6"]\n    node_venv_lib_python3_12_site-packages_PyQt6 --> node_venv_lib_python3_12_site-packages_PyQt6_bindings["bindings"]\n    node_venv_lib_python3_12_site-packages_PyQt6_bindings --> node_venv_lib_python3_12_site-packages_PyQt6_bindings_QtSvgWidgets["QtSvgWidgets"]\n    node_venv_lib_python3_12_site-packages_PyQt6_bindings_QtSvgWidgets --> node_venv_lib_python3_12_site-packages_PyQt6_bindings_QtSvgWidgets_qsvgwidget_sip["qsvgwidget.sip"]\n    Root --> node_venv["venv"]\n    node_venv --> node_venv_lib["lib"]\n    node_venv_lib --> node_venv_lib_python3_12["python3.12"]\n    node_venv_lib_python3_12 --> node_venv_lib_python3_12_site-packages["site-packages"]\n    node_venv_lib_python3_12_site-packages --> node_venv_lib_python3_12_site-packages_PyQt6["PyQt6"]\n    node_venv_lib_python3_12_site-packages_PyQt6 --> node_venv_lib_python3_12_site-packages_PyQt6_bindings["bindings"]\n    node_venv_lib_python3_12_site-packages_PyQt6_bindings --> node_venv_lib_python3_12_site-packages_PyQt6_bindings_QtRemoteObjects["QtRemoteObjects"]\n    node_venv_lib_python3_12_site-packages_PyQt6_bindings_QtRemoteObjects --> node_venv_lib_python3_12_site-packages_PyQt6_bindings_QtRemoteObjects_QtRemoteObjects_toml["QtRemoteObjects.toml"]\n    Root --> node_venv["venv"]\n    node_venv --> node_venv_lib["lib"]\n    node_venv_lib --> node_venv_lib_python3_12["python3.12"]\n    node_venv_lib_python3_12 --> node_venv_lib_python3_12_site-packages["site-packages"]\n    node_venv_lib_python3_12_site-packages --> node_venv_lib_python3_12_site-packages_PyQt6["PyQt6"]\n    node_venv_lib_python3_12_site-packages_PyQt6 --> node_venv_lib_python3_12_site-packages_PyQt6_bindings["bindings"]\n    node_venv_lib_python3_12_site-packages_PyQt6_bindings --> node_venv_lib_python3_12_site-packages_PyQt6_bindings_QtRemoteObjects["QtRemoteObjects"]\n    node_venv_lib_python3_12_site-packages_PyQt6_bindings_QtRemoteObjects --> node_venv_lib_python3_12_site-packages_PyQt6_bindings_QtRemoteObjects_QtRemoteObjectsmod_sip["QtRemoteObjectsmod.sip"]\n    Root --> node_venv["venv"]\n    node_venv --> node_venv_lib["lib"]\n    node_venv_lib --> node_venv_lib_python3_12["python3.12"]\n    node_venv_lib_python3_12 --> node_venv_lib_python3_12_site-packages["site-packages"]\n    node_venv_lib_python3_12_site-packages --> node_venv_lib_python3_12_site-packages_PyQt6["PyQt6"]\n    node_venv_lib_python3_12_site-packages_PyQt6 --> node_venv_lib_python3_12_site-packages_PyQt6_bindings["bindings"]\n    node_venv_lib_python3_12_site-packages_PyQt6_bindings --> node_venv_lib_python3_12_site-packages_PyQt6_bindings_QtRemoteObjects["QtRemoteObjects"]\n    node_venv_lib_python3_12_site-packages_PyQt6_bindings_QtRemoteObjects --> node_venv_lib_python3_12_site-packages_PyQt6_bindings_QtRemoteObjects_qremoteobjectabstractitemmodelreplica_sip["qremoteobjectabstractitemmodelreplica.sip"]\n    Root --> node_venv["venv"]\n    node_venv --> node_venv_lib["lib"]\n    node_venv_lib --> node_venv_lib_python3_12["python3.12"]\n    node_venv_lib_python3_12 --> node_venv_lib_python3_12_site-packages["site-packages"]\n    node_venv_lib_python3_12_site-packages --> node_venv_lib_python3_12_site-packages_PyQt6["PyQt6"]\n    node_venv_lib_python3_12_site-packages_PyQt6 --> node_venv_lib_python3_12_site-packages_PyQt6_bindings["bindings"]\n    node_venv_lib_python3_12_site-packages_PyQt6_bindings --> node_venv_lib_python3_12_site-packages_PyQt6_bindings_QtRemoteObjects["QtRemoteObjects"]\n    node_venv_lib_python3_12_site-packages_PyQt6_bindings_QtRemoteObjects --> node_venv_lib_python3_12_site-packages_PyQt6_bindings_QtRemoteObjects_qremoteobjectdynamicreplica_sip["qremoteobjectdynamicreplica.sip"]\n    Root --> node_venv["venv"]\n    node_venv --> node_venv_lib["lib"]\n    node_venv_lib --> node_venv_lib_python3_12["python3.12"]\n    node_venv_lib_python3_12 --> node_venv_lib_python3_12_site-packages["site-packages"]\n    node_venv_lib_python3_12_site-packages --> node_venv_lib_python3_12_site-packages_PyQt6["PyQt6"]\n    node_venv_lib_python3_12_site-packages_PyQt6 --> node_venv_lib_python3_12_site-packages_PyQt6_bindings["bindings"]\n    node_venv_lib_python3_12_site-packages_PyQt6_bindings --> node_venv_lib_python3_12_site-packages_PyQt6_bindings_QtRemoteObjects["QtRemoteObjects"]\n    node_venv_lib_python3_12_site-packages_PyQt6_bindings_QtRemoteObjects --> node_venv_lib_python3_12_site-packages_PyQt6_bindings_QtRemoteObjects_qremoteobjectnode_sip["qremoteobjectnode.sip"]\n    Root --> node_venv["venv"]\n    node_venv --> node_venv_lib["lib"]\n    node_venv_lib --> node_venv_lib_python3_12["python3.12"]\n    node_venv_lib_python3_12 --> node_venv_lib_python3_12_site-packages["site-packages"]\n    node_venv_lib_python3_12_site-packages --> node_venv_lib_python3_12_site-packages_PyQt6["PyQt6"]\n    node_venv_lib_python3_12_site-packages_PyQt6 --> node_venv_lib_python3_12_site-packages_PyQt6_bindings["bindings"]\n    node_venv_lib_python3_12_site-packages_PyQt6_bindings --> node_venv_lib_python3_12_site-packages_PyQt6_bindings_QtRemoteObjects["QtRemoteObjects"]\n    node_venv_lib_python3_12_site-packages_PyQt6_bindings_QtRemoteObjects --> node_venv_lib_python3_12_site-packages_PyQt6_bindings_QtRemoteObjects_qremoteobjectregistry_sip["qremoteobjectregistry.sip"]\n    Root --> node_venv["venv"]\n    node_venv --> node_venv_lib["lib"]\n    node_venv_lib --> node_venv_lib_python3_12["python3.12"]\n    node_venv_lib_python3_12 --> node_venv_lib_python3_12_site-packages["site-packages"]\n    node_venv_lib_python3_12_site-packages --> node_venv_lib_python3_12_site-packages_PyQt6["PyQt6"]\n    node_venv_lib_python3_12_site-packages_PyQt6 --> node_venv_lib_python3_12_site-packages_PyQt6_bindings["bindings"]\n    node_venv_lib_python3_12_site-packages_PyQt6_bindings --> node_venv_lib_python3_12_site-packages_PyQt6_bindings_QtRemoteObjects["QtRemoteObjects"]\n    node_venv_lib_python3_12_site-packages_PyQt6_bindings_QtRemoteObjects --> node_venv_lib_python3_12_site-packages_PyQt6_bindings_QtRemoteObjects_qremoteobjectreplica_sip["qremoteobjectreplica.sip"]\n    Root --> node_venv["venv"]\n    node_venv --> node_venv_lib["lib"]\n    node_venv_lib --> node_venv_lib_python3_12["python3.12"]\n    node_venv_lib_python3_12 --> node_venv_lib_python3_12_site-packages["site-packages"]\n    node_venv_lib_python3_12_site-packages --> node_venv_lib_python3_12_site-packages_PyQt6["PyQt6"]\n    node_venv_lib_python3_12_site-packages_PyQt6 --> node_venv_lib_python3_12_site-packages_PyQt6_bindings["bindings"]\n    node_venv_lib_python3_12_site-packages_PyQt6_bindings --> node_venv_lib_python3_12_site-packages_PyQt6_bindings_QtRemoteObjects["QtRemoteObjects"]\n    node_venv_lib_python3_12_site-packages_PyQt6_bindings_QtRemoteObjects --> node_venv_lib_python3_12_site-packages_PyQt6_bindings_QtRemoteObjects_qtremoteobjectglobal_sip["qtremoteobjectglobal.sip"]\n    Root --> node_venv["venv"]\n    node_venv --> node_venv_lib["lib"]\n    node_venv_lib --> node_venv_lib_python3_12["python3.12"]\n    node_venv_lib_python3_12 --> node_venv_lib_python3_12_site-packages["site-packages"]\n    node_venv_lib_python3_12_site-packages --> node_venv_lib_python3_12_site-packages_PyQt6["PyQt6"]\n    node_venv_lib_python3_12_site-packages_PyQt6 --> node_venv_lib_python3_12_site-packages_PyQt6_bindings["bindings"]\n    node_venv_lib_python3_12_site-packages_PyQt6_bindings --> node_venv_lib_python3_12_site-packages_PyQt6_bindings_QtSensors["QtSensors"]\n    node_venv_lib_python3_12_site-packages_PyQt6_bindings_QtSensors --> node_venv_lib_python3_12_site-packages_PyQt6_bindings_QtSensors_QtSensors_toml["QtSensors.toml"]\n    Root --> node_venv["venv"]\n    node_venv --> node_venv_lib["lib"]\n    node_venv_lib --> node_venv_lib_python3_12["python3.12"]\n    node_venv_lib_python3_12 --> node_venv_lib_python3_12_site-packages["site-packages"]\n    node_venv_lib_python3_12_site-packages --> node_venv_lib_python3_12_site-packages_PyQt6["PyQt6"]\n    node_venv_lib_python3_12_site-packages_PyQt6 --> node_venv_lib_python3_12_site-packages_PyQt6_bindings["bindings"]\n    node_venv_lib_python3_12_site-packages_PyQt6_bindings --> node_venv_lib_python3_12_site-packages_PyQt6_bindings_QtSensors["QtSensors"]\n    node_venv_lib_python3_12_site-packages_PyQt6_bindings_QtSensors --> node_venv_lib_python3_12_site-packages_PyQt6_bindings_QtSensors_QtSensorsmod_sip["QtSensorsmod.sip"]\n    Root --> node_venv["venv"]\n    node_venv --> node_venv_lib["lib"]\n    node_venv_lib --> node_venv_lib_python3_12["python3.12"]\n    node_venv_lib_python3_12 --> node_venv_lib_python3_12_site-packages["site-packages"]\n    node_venv_lib_python3_12_site-packages --> node_venv_lib_python3_12_site-packages_PyQt6["PyQt6"]\n    node_venv_lib_python3_12_site-packages_PyQt6 --> node_venv_lib_python3_12_site-packages_PyQt6_bindings["bindings"]\n    node_venv_lib_python3_12_site-packages_PyQt6_bindings --> node_venv_lib_python3_12_site-packages_PyQt6_bindings_QtSensors["QtSensors"]\n    node_venv_lib_python3_12_site-packages_PyQt6_bindings_QtSensors --> node_venv_lib_python3_12_site-packages_PyQt6_bindings_QtSensors_qaccelerometer_sip["qaccelerometer.sip"]\n    Root --> node_venv["venv"]\n    node_venv --> node_venv_lib["lib"]\n    node_venv_lib --> node_venv_lib_python3_12["python3.12"]\n    node_venv_lib_python3_12 --> node_venv_lib_python3_12_site-packages["site-packages"]\n    node_venv_lib_python3_12_site-packages --> node_venv_lib_python3_12_site-packages_PyQt6["PyQt6"]\n    node_venv_lib_python3_12_site-packages_PyQt6 --> node_venv_lib_python3_12_site-packages_PyQt6_bindings["bindings"]\n    node_venv_lib_python3_12_site-packages_PyQt6_bindings --> node_venv_lib_python3_12_site-packages_PyQt6_bindings_QtSensors["QtSensors"]\n    node_venv_lib_python3_12_site-packages_PyQt6_bindings_QtSensors --> node_venv_lib_python3_12_site-packages_PyQt6_bindings_QtSensors_qambientlightsensor_sip["qambientlightsensor.sip"]\n    Root --> node_venv["venv"]\n    node_venv --> node_venv_lib["lib"]\n    node_venv_lib --> node_venv_lib_python3_12["python3.12"]\n    node_venv_lib_python3_12 --> node_venv_lib_python3_12_site-packages["site-packages"]\n    node_venv_lib_python3_12_site-packages --> node_venv_lib_python3_12_site-packages_PyQt6["PyQt6"]\n    node_venv_lib_python3_12_site-packages_PyQt6 --> node_venv_lib_python3_12_site-packages_PyQt6_bindings["bindings"]\n    node_venv_lib_python3_12_site-packages_PyQt6_bindings --> node_venv_lib_python3_12_site-packages_PyQt6_bindings_QtSensors["QtSensors"]\n    node_venv_lib_python3_12_site-packages_PyQt6_bindings_QtSensors --> node_venv_lib_python3_12_site-packages_PyQt6_bindings_QtSensors_qambienttemperaturesensor_sip["qambienttemperaturesensor.sip"]\n    Root --> node_venv["venv"]\n    node_venv --> node_venv_lib["lib"]\n    node_venv_lib --> node_venv_lib_python3_12["python3.12"]\n    node_venv_lib_python3_12 --> node_venv_lib_python3_12_site-packages["site-packages"]\n    node_venv_lib_python3_12_site-packages --> node_venv_lib_python3_12_site-packages_PyQt6["PyQt6"]\n    node_venv_lib_python3_12_site-packages_PyQt6 --> node_venv_lib_python3_12_site-packages_PyQt6_bindings["bindings"]\n    node_venv_lib_python3_12_site-packages_PyQt6_bindings --> node_venv_lib_python3_12_site-packages_PyQt6_bindings_QtSensors["QtSensors"]\n    node_venv_lib_python3_12_site-packages_PyQt6_bindings_QtSensors --> node_venv_lib_python3_12_site-packages_PyQt6_bindings_QtSensors_qcompass_sip["qcompass.sip"]\n    Root --> node_venv["venv"]\n    node_venv --> node_venv_lib["lib"]\n    node_venv_lib --> node_venv_lib_python3_12["python3.12"]\n    node_venv_lib_python3_12 --> node_venv_lib_python3_12_site-packages["site-packages"]\n    node_venv_lib_python3_12_site-packages --> node_venv_lib_python3_12_site-packages_PyQt6["PyQt6"]\n    node_venv_lib_python3_12_site-packages_PyQt6 --> node_venv_lib_python3_12_site-packages_PyQt6_bindings["bindings"]\n    node_venv_lib_python3_12_site-packages_PyQt6_bindings --> node_venv_lib_python3_12_site-packages_PyQt6_bindings_QtSensors["QtSensors"]\n    node_venv_lib_python3_12_site-packages_PyQt6_bindings_QtSensors --> node_venv_lib_python3_12_site-packages_PyQt6_bindings_QtSensors_qgyroscope_sip["qgyroscope.sip"]\n    Root --> node_venv["venv"]\n    node_venv --> node_venv_lib["lib"]\n    node_venv_lib --> node_venv_lib_python3_12["python3.12"]\n    node_venv_lib_python3_12 --> node_venv_lib_python3_12_site-packages["site-packages"]\n    node_venv_lib_python3_12_site-packages --> node_venv_lib_python3_12_site-packages_PyQt6["PyQt6"]\n    node_venv_lib_python3_12_site-packages_PyQt6 --> node_venv_lib_python3_12_site-packages_PyQt6_bindings["bindings"]\n    node_venv_lib_python3_12_site-packages_PyQt6_bindings --> node_venv_lib_python3_12_site-packages_PyQt6_bindings_QtSensors["QtSensors"]\n    node_venv_lib_python3_12_site-packages_PyQt6_bindings_QtSensors --> node_venv_lib_python3_12_site-packages_PyQt6_bindings_QtSensors_qhumiditysensor_sip["qhumiditysensor.sip"]\n    Root --> node_venv["venv"]\n    node_venv --> node_venv_lib["lib"]\n    node_venv_lib --> node_venv_lib_python3_12["python3.12"]\n    node_venv_lib_python3_12 --> node_venv_lib_python3_12_site-packages["site-packages"]\n    node_venv_lib_python3_12_site-packages --> node_venv_lib_python3_12_site-packages_PyQt6["PyQt6"]\n    node_venv_lib_python3_12_site-packages_PyQt6 --> node_venv_lib_python3_12_site-packages_PyQt6_bindings["bindings"]\n    node_venv_lib_python3_12_site-packages_PyQt6_bindings --> node_venv_lib_python3_12_site-packages_PyQt6_bindings_QtSensors["QtSensors"]\n    node_venv_lib_python3_12_site-packages_PyQt6_bindings_QtSensors --> node_venv_lib_python3_12_site-packages_PyQt6_bindings_QtSensors_qirproximitysensor_sip["qirproximitysensor.sip"]\n    Root --> node_venv["venv"]\n    node_venv --> node_venv_lib["lib"]\n    node_venv_lib --> node_venv_lib_python3_12["python3.12"]\n    node_venv_lib_python3_12 --> node_venv_lib_python3_12_site-packages["site-packages"]\n    node_venv_lib_python3_12_site-packages --> node_venv_lib_python3_12_site-packages_PyQt6["PyQt6"]\n    node_venv_lib_python3_12_site-packages_PyQt6 --> node_venv_lib_python3_12_site-packages_PyQt6_bindings["bindings"]\n    node_venv_lib_python3_12_site-packages_PyQt6_bindings --> node_venv_lib_python3_12_site-packages_PyQt6_bindings_QtSensors["QtSensors"]\n    node_venv_lib_python3_12_site-packages_PyQt6_bindings_QtSensors --> node_venv_lib_python3_12_site-packages_PyQt6_bindings_QtSensors_qlidsensor_sip["qlidsensor.sip"]\n    Root --> node_venv["venv"]\n    node_venv --> node_venv_lib["lib"]\n    node_venv_lib --> node_venv_lib_python3_12["python3.12"]\n    node_venv_lib_python3_12 --> node_venv_lib_python3_12_site-packages["site-packages"]\n    node_venv_lib_python3_12_site-packages --> node_venv_lib_python3_12_site-packages_PyQt6["PyQt6"]\n    node_venv_lib_python3_12_site-packages_PyQt6 --> node_venv_lib_python3_12_site-packages_PyQt6_bindings["bindings"]\n    node_venv_lib_python3_12_site-packages_PyQt6_bindings --> node_venv_lib_python3_12_site-packages_PyQt6_bindings_QtSensors["QtSensors"]\n    node_venv_lib_python3_12_site-packages_PyQt6_bindings_QtSensors --> node_venv_lib_python3_12_site-packages_PyQt6_bindings_QtSensors_qlightsensor_sip["qlightsensor.sip"]\n    Root --> node_venv["venv"]\n    node_venv --> node_venv_lib["lib"]\n    node_venv_lib --> node_venv_lib_python3_12["python3.12"]\n    node_venv_lib_python3_12 --> node_venv_lib_python3_12_site-packages["site-packages"]\n    node_venv_lib_python3_12_site-packages --> node_venv_lib_python3_12_site-packages_PyQt6["PyQt6"]\n    node_venv_lib_python3_12_site-packages_PyQt6 --> node_venv_lib_python3_12_site-packages_PyQt6_bindings["bindings"]\n    node_venv_lib_python3_12_site-packages_PyQt6_bindings --> node_venv_lib_python3_12_site-packages_PyQt6_bindings_QtSensors["QtSensors"]\n    node_venv_lib_python3_12_site-packages_PyQt6_bindings_QtSensors --> node_venv_lib_python3_12_site-packages_PyQt6_bindings_QtSensors_qmagnetometer_sip["qmagnetometer.sip"]\n    Root --> node_venv["venv"]\n    node_venv --> node_venv_lib["lib"]\n    node_venv_lib --> node_venv_lib_python3_12["python3.12"]\n    node_venv_lib_python3_12 --> node_venv_lib_python3_12_site-packages["site-packages"]\n    node_venv_lib_python3_12_site-packages --> node_venv_lib_python3_12_site-packages_PyQt6["PyQt6"]\n    node_venv_lib_python3_12_site-packages_PyQt6 --> node_venv_lib_python3_12_site-packages_PyQt6_bindings["bindings"]\n    node_venv_lib_python3_12_site-packages_PyQt6_bindings --> node_venv_lib_python3_12_site-packages_PyQt6_bindings_QtSensors["QtSensors"]\n    node_venv_lib_python3_12_site-packages_PyQt6_bindings_QtSensors --> node_venv_lib_python3_12_site-packages_PyQt6_bindings_QtSensors_qorientationsensor_sip["qorientationsensor.sip"]\n    Root --> node_venv["venv"]\n    node_venv --> node_venv_lib["lib"]\n    node_venv_lib --> node_venv_lib_python3_12["python3.12"]\n    node_venv_lib_python3_12 --> node_venv_lib_python3_12_site-packages["site-packages"]\n    node_venv_lib_python3_12_site-packages --> node_venv_lib_python3_12_site-packages_PyQt6["PyQt6"]\n    node_venv_lib_python3_12_site-packages_PyQt6 --> node_venv_lib_python3_12_site-packages_PyQt6_bindings["bindings"]\n    node_venv_lib_python3_12_site-packages_PyQt6_bindings --> node_venv_lib_python3_12_site-packages_PyQt6_bindings_QtSensors["QtSensors"]\n    node_venv_lib_python3_12_site-packages_PyQt6_bindings_QtSensors --> node_venv_lib_python3_12_site-packages_PyQt6_bindings_QtSensors_qpressuresensor_sip["qpressuresensor.sip"]\n    Root --> node_venv["venv"]\n    node_venv --> node_venv_lib["lib"]\n    node_venv_lib --> node_venv_lib_python3_12["python3.12"]\n    node_venv_lib_python3_12 --> node_venv_lib_python3_12_site-packages["site-packages"]\n    node_venv_lib_python3_12_site-packages --> node_venv_lib_python3_12_site-packages_PyQt6["PyQt6"]\n    node_venv_lib_python3_12_site-packages_PyQt6 --> node_venv_lib_python3_12_site-packages_PyQt6_bindings["bindings"]\n    node_venv_lib_python3_12_site-packages_PyQt6_bindings --> node_venv_lib_python3_12_site-packages_PyQt6_bindings_QtSensors["QtSensors"]\n    node_venv_lib_python3_12_site-packages_PyQt6_bindings_QtSensors --> node_venv_lib_python3_12_site-packages_PyQt6_bindings_QtSensors_qproximitysensor_sip["qproximitysensor.sip"]\n    Root --> node_venv["venv"]\n    node_venv --> node_venv_lib["lib"]\n    node_venv_lib --> node_venv_lib_python3_12["python3.12"]\n    node_venv_lib_python3_12 --> node_venv_lib_python3_12_site-packages["site-packages"]\n    node_venv_lib_python3_12_site-packages --> node_venv_lib_python3_12_site-packages_PyQt6["PyQt6"]\n    node_venv_lib_python3_12_site-packages_PyQt6 --> node_venv_lib_python3_12_site-packages_PyQt6_bindings["bindings"]\n    node_venv_lib_python3_12_site-packages_PyQt6_bindings --> node_venv_lib_python3_12_site-packages_PyQt6_bindings_QtSensors["QtSensors"]\n    node_venv_lib_python3_12_site-packages_PyQt6_bindings_QtSensors --> node_venv_lib_python3_12_site-packages_PyQt6_bindings_QtSensors_qrotationsensor_sip["qrotationsensor.sip"]\n    Root --> node_venv["venv"]\n    node_venv --> node_venv_lib["lib"]\n    node_venv_lib --> node_venv_lib_python3_12["python3.12"]\n    node_venv_lib_python3_12 --> node_venv_lib_python3_12_site-packages["site-packages"]\n    node_venv_lib_python3_12_site-packages --> node_venv_lib_python3_12_site-packages_PyQt6["PyQt6"]\n    node_venv_lib_python3_12_site-packages_PyQt6 --> node_venv_lib_python3_12_site-packages_PyQt6_bindings["bindings"]\n    node_venv_lib_python3_12_site-packages_PyQt6_bindings --> node_venv_lib_python3_12_site-packages_PyQt6_bindings_QtSensors["QtSensors"]\n    node_venv_lib_python3_12_site-packages_PyQt6_bindings_QtSensors --> node_venv_lib_python3_12_site-packages_PyQt6_bindings_QtSensors_qsensor_sip["qsensor.sip"]\n    Root --> node_venv["venv"]\n    node_venv --> node_venv_lib["lib"]\n    node_venv_lib --> node_venv_lib_python3_12["python3.12"]\n    node_venv_lib_python3_12 --> node_venv_lib_python3_12_site-packages["site-packages"]\n    node_venv_lib_python3_12_site-packages --> node_venv_lib_python3_12_site-packages_PyQt6["PyQt6"]\n    node_venv_lib_python3_12_site-packages_PyQt6 --> node_venv_lib_python3_12_site-packages_PyQt6_bindings["bindings"]\n    node_venv_lib_python3_12_site-packages_PyQt6_bindings --> node_venv_lib_python3_12_site-packages_PyQt6_bindings_QtSensors["QtSensors"]\n    node_venv_lib_python3_12_site-packages_PyQt6_bindings_QtSensors --> node_venv_lib_python3_12_site-packages_PyQt6_bindings_QtSensors_qtapsensor_sip["qtapsensor.sip"]\n    Root --> node_venv["venv"]\n    node_venv --> node_venv_lib["lib"]\n    node_venv_lib --> node_venv_lib_python3_12["python3.12"]\n    node_venv_lib_python3_12 --> node_venv_lib_python3_12_site-packages["site-packages"]\n    node_venv_lib_python3_12_site-packages --> node_venv_lib_python3_12_site-packages_PyQt6["PyQt6"]\n    node_venv_lib_python3_12_site-packages_PyQt6 --> node_venv_lib_python3_12_site-packages_PyQt6_bindings["bindings"]\n    node_venv_lib_python3_12_site-packages_PyQt6_bindings --> node_venv_lib_python3_12_site-packages_PyQt6_bindings_QtSensors["QtSensors"]\n    node_venv_lib_python3_12_site-packages_PyQt6_bindings_QtSensors --> node_venv_lib_python3_12_site-packages_PyQt6_bindings_QtSensors_qtiltsensor_sip["qtiltsensor.sip"]\n    Root --> node_venv["venv"]\n    node_venv --> node_venv_lib["lib"]\n    node_venv_lib --> node_venv_lib_python3_12["python3.12"]\n    node_venv_lib_python3_12 --> node_venv_lib_python3_12_site-packages["site-packages"]\n    node_venv_lib_python3_12_site-packages --> node_venv_lib_python3_12_site-packages_PyQt6["PyQt6"]\n    node_venv_lib_python3_12_site-packages_PyQt6 --> node_venv_lib_python3_12_site-packages_PyQt6_bindings["bindings"]\n    node_venv_lib_python3_12_site-packages_PyQt6_bindings --> node_venv_lib_python3_12_site-packages_PyQt6_bindings_QtPdf["QtPdf"]\n    node_venv_lib_python3_12_site-packages_PyQt6_bindings_QtPdf --> node_venv_lib_python3_12_site-packages_PyQt6_bindings_QtPdf_QtPdf_toml["QtPdf.toml"]\n    Root --> node_venv["venv"]\n    node_venv --> node_venv_lib["lib"]\n    node_venv_lib --> node_venv_lib_python3_12["python3.12"]\n    node_venv_lib_python3_12 --> node_venv_lib_python3_12_site-packages["site-packages"]\n    node_venv_lib_python3_12_site-packages --> node_venv_lib_python3_12_site-packages_PyQt6["PyQt6"]\n    node_venv_lib_python3_12_site-packages_PyQt6 --> node_venv_lib_python3_12_site-packages_PyQt6_bindings["bindings"]\n    node_venv_lib_python3_12_site-packages_PyQt6_bindings --> node_venv_lib_python3_12_site-packages_PyQt6_bindings_QtPdf["QtPdf"]\n    node_venv_lib_python3_12_site-packages_PyQt6_bindings_QtPdf --> node_venv_lib_python3_12_site-packages_PyQt6_bindings_QtPdf_QtPdfmod_sip["QtPdfmod.sip"]\n    Root --> node_venv["venv"]\n    node_venv --> node_venv_lib["lib"]\n    node_venv_lib --> node_venv_lib_python3_12["python3.12"]\n    node_venv_lib_python3_12 --> node_venv_lib_python3_12_site-packages["site-packages"]\n    node_venv_lib_python3_12_site-packages --> node_venv_lib_python3_12_site-packages_PyQt6["PyQt6"]\n    node_venv_lib_python3_12_site-packages_PyQt6 --> node_venv_lib_python3_12_site-packages_PyQt6_bindings["bindings"]\n    node_venv_lib_python3_12_site-packages_PyQt6_bindings --> node_venv_lib_python3_12_site-packages_PyQt6_bindings_QtPdf["QtPdf"]\n    node_venv_lib_python3_12_site-packages_PyQt6_bindings_QtPdf --> node_venv_lib_python3_12_site-packages_PyQt6_bindings_QtPdf_qpdfbookmarkmodel_sip["qpdfbookmarkmodel.sip"]\n    Root --> node_venv["venv"]\n    node_venv --> node_venv_lib["lib"]\n    node_venv_lib --> node_venv_lib_python3_12["python3.12"]\n    node_venv_lib_python3_12 --> node_venv_lib_python3_12_site-packages["site-packages"]\n    node_venv_lib_python3_12_site-packages --> node_venv_lib_python3_12_site-packages_PyQt6["PyQt6"]\n    node_venv_lib_python3_12_site-packages_PyQt6 --> node_venv_lib_python3_12_site-packages_PyQt6_bindings["bindings"]\n    node_venv_lib_python3_12_site-packages_PyQt6_bindings --> node_venv_lib_python3_12_site-packages_PyQt6_bindings_QtPdf["QtPdf"]\n    node_venv_lib_python3_12_site-packages_PyQt6_bindings_QtPdf --> node_venv_lib_python3_12_site-packages_PyQt6_bindings_QtPdf_qpdfdocument_sip["qpdfdocument.sip"]\n    Root --> node_venv["venv"]\n    node_venv --> node_venv_lib["lib"]\n    node_venv_lib --> node_venv_lib_python3_12["python3.12"]\n    node_venv_lib_python3_12 --> node_venv_lib_python3_12_site-packages["site-packages"]\n    node_venv_lib_python3_12_site-packages --> node_venv_lib_python3_12_site-packages_PyQt6["PyQt6"]\n    node_venv_lib_python3_12_site-packages_PyQt6 --> node_venv_lib_python3_12_site-packages_PyQt6_bindings["bindings"]\n    node_venv_lib_python3_12_site-packages_PyQt6_bindings --> node_venv_lib_python3_12_site-packages_PyQt6_bindings_QtPdf["QtPdf"]\n    node_venv_lib_python3_12_site-packages_PyQt6_bindings_QtPdf --> node_venv_lib_python3_12_site-packages_PyQt6_bindings_QtPdf_qpdfdocumentrenderoptions_sip["qpdfdocumentrenderoptions.sip"]\n    Root --> node_venv["venv"]\n    node_venv --> node_venv_lib["lib"]\n    node_venv_lib --> node_venv_lib_python3_12["python3.12"]\n    node_venv_lib_python3_12 --> node_venv_lib_python3_12_site-packages["site-packages"]\n    node_venv_lib_python3_12_site-packages --> node_venv_lib_python3_12_site-packages_PyQt6["PyQt6"]\n    node_venv_lib_python3_12_site-packages_PyQt6 --> node_venv_lib_python3_12_site-packages_PyQt6_bindings["bindings"]\n    node_venv_lib_python3_12_site-packages_PyQt6_bindings --> node_venv_lib_python3_12_site-packages_PyQt6_bindings_QtPdf["QtPdf"]\n    node_venv_lib_python3_12_site-packages_PyQt6_bindings_QtPdf --> node_venv_lib_python3_12_site-packages_PyQt6_bindings_QtPdf_qpdflink_sip["qpdflink.sip"]\n    Root --> node_venv["venv"]\n    node_venv --> node_venv_lib["lib"]\n    node_venv_lib --> node_venv_lib_python3_12["python3.12"]\n    node_venv_lib_python3_12 --> node_venv_lib_python3_12_site-packages["site-packages"]\n    node_venv_lib_python3_12_site-packages --> node_venv_lib_python3_12_site-packages_PyQt6["PyQt6"]\n    node_venv_lib_python3_12_site-packages_PyQt6 --> node_venv_lib_python3_12_site-packages_PyQt6_bindings["bindings"]\n    node_venv_lib_python3_12_site-packages_PyQt6_bindings --> node_venv_lib_python3_12_site-packages_PyQt6_bindings_QtPdf["QtPdf"]\n    node_venv_lib_python3_12_site-packages_PyQt6_bindings_QtPdf --> node_venv_lib_python3_12_site-packages_PyQt6_bindings_QtPdf_qpdflinkmodel_sip["qpdflinkmodel.sip"]\n    Root --> node_venv["venv"]\n    node_venv --> node_venv_lib["lib"]\n    node_venv_lib --> node_venv_lib_python3_12["python3.12"]\n    node_venv_lib_python3_12 --> node_venv_lib_python3_12_site-packages["site-packages"]\n    node_venv_lib_python3_12_site-packages --> node_venv_lib_python3_12_site-packages_PyQt6["PyQt6"]\n    node_venv_lib_python3_12_site-packages_PyQt6 --> node_venv_lib_python3_12_site-packages_PyQt6_bindings["bindings"]\n    node_venv_lib_python3_12_site-packages_PyQt6_bindings --> node_venv_lib_python3_12_site-packages_PyQt6_bindings_QtPdf["QtPdf"]\n    node_venv_lib_python3_12_site-packages_PyQt6_bindings_QtPdf --> node_venv_lib_python3_12_site-packages_PyQt6_bindings_QtPdf_qpdfpagenavigator_sip["qpdfpagenavigator.sip"]\n    Root --> node_venv["venv"]\n    node_venv --> node_venv_lib["lib"]\n    node_venv_lib --> node_venv_lib_python3_12["python3.12"]\n    node_venv_lib_python3_12 --> node_venv_lib_python3_12_site-packages["site-packages"]\n    node_venv_lib_python3_12_site-packages --> node_venv_lib_python3_12_site-packages_PyQt6["PyQt6"]\n    node_venv_lib_python3_12_site-packages_PyQt6 --> node_venv_lib_python3_12_site-packages_PyQt6_bindings["bindings"]\n    node_venv_lib_python3_12_site-packages_PyQt6_bindings --> node_venv_lib_python3_12_site-packages_PyQt6_bindings_QtPdf["QtPdf"]\n    node_venv_lib_python3_12_site-packages_PyQt6_bindings_QtPdf --> node_venv_lib_python3_12_site-packages_PyQt6_bindings_QtPdf_qpdfpagerenderer_sip["qpdfpagerenderer.sip"]\n    Root --> node_venv["venv"]\n    node_venv --> node_venv_lib["lib"]\n    node_venv_lib --> node_venv_lib_python3_12["python3.12"]\n    node_venv_lib_python3_12 --> node_venv_lib_python3_12_site-packages["site-packages"]\n    node_venv_lib_python3_12_site-packages --> node_venv_lib_python3_12_site-packages_PyQt6["PyQt6"]\n    node_venv_lib_python3_12_site-packages_PyQt6 --> node_venv_lib_python3_12_site-packages_PyQt6_bindings["bindings"]\n    node_venv_lib_python3_12_site-packages_PyQt6_bindings --> node_venv_lib_python3_12_site-packages_PyQt6_bindings_QtPdf["QtPdf"]\n    node_venv_lib_python3_12_site-packages_PyQt6_bindings_QtPdf --> node_venv_lib_python3_12_site-packages_PyQt6_bindings_QtPdf_qpdfsearchmodel_sip["qpdfsearchmodel.sip"]\n    Root --> node_venv["venv"]\n    node_venv --> node_venv_lib["lib"]\n    node_venv_lib --> node_venv_lib_python3_12["python3.12"]\n    node_venv_lib_python3_12 --> node_venv_lib_python3_12_site-packages["site-packages"]\n    node_venv_lib_python3_12_site-packages --> node_venv_lib_python3_12_site-packages_PyQt6["PyQt6"]\n    node_venv_lib_python3_12_site-packages_PyQt6 --> node_venv_lib_python3_12_site-packages_PyQt6_bindings["bindings"]\n    node_venv_lib_python3_12_site-packages_PyQt6_bindings --> node_venv_lib_python3_12_site-packages_PyQt6_bindings_QtPdf["QtPdf"]\n    node_venv_lib_python3_12_site-packages_PyQt6_bindings_QtPdf --> node_venv_lib_python3_12_site-packages_PyQt6_bindings_QtPdf_qpdfselection_sip["qpdfselection.sip"]\n    Root --> node_venv["venv"]\n    node_venv --> node_venv_lib["lib"]\n    node_venv_lib --> node_venv_lib_python3_12["python3.12"]\n    node_venv_lib_python3_12 --> node_venv_lib_python3_12_site-packages["site-packages"]\n    node_venv_lib_python3_12_site-packages --> node_venv_lib_python3_12_site-packages_PyQt6["PyQt6"]\n    node_venv_lib_python3_12_site-packages_PyQt6 --> node_venv_lib_python3_12_site-packages_PyQt6_bindings["bindings"]\n    node_venv_lib_python3_12_site-packages_PyQt6_bindings --> node_venv_lib_python3_12_site-packages_PyQt6_bindings_QtOpenGLWidgets["QtOpenGLWidgets"]\n    node_venv_lib_python3_12_site-packages_PyQt6_bindings_QtOpenGLWidgets --> node_venv_lib_python3_12_site-packages_PyQt6_bindings_QtOpenGLWidgets_QtOpenGLWidgets_toml["QtOpenGLWidgets.toml"]\n    Root --> node_venv["venv"]\n    node_venv --> node_venv_lib["lib"]\n    node_venv_lib --> node_venv_lib_python3_12["python3.12"]\n    node_venv_lib_python3_12 --> node_venv_lib_python3_12_site-packages["site-packages"]\n    node_venv_lib_python3_12_site-packages --> node_venv_lib_python3_12_site-packages_PyQt6["PyQt6"]\n    node_venv_lib_python3_12_site-packages_PyQt6 --> node_venv_lib_python3_12_site-packages_PyQt6_bindings["bindings"]\n    node_venv_lib_python3_12_site-packages_PyQt6_bindings --> node_venv_lib_python3_12_site-packages_PyQt6_bindings_QtOpenGLWidgets["QtOpenGLWidgets"]\n    node_venv_lib_python3_12_site-packages_PyQt6_bindings_QtOpenGLWidgets --> node_venv_lib_python3_12_site-packages_PyQt6_bindings_QtOpenGLWidgets_QtOpenGLWidgetsmod_sip["QtOpenGLWidgetsmod.sip"]\n    Root --> node_venv["venv"]\n    node_venv --> node_venv_lib["lib"]\n    node_venv_lib --> node_venv_lib_python3_12["python3.12"]\n    node_venv_lib_python3_12 --> node_venv_lib_python3_12_site-packages["site-packages"]\n    node_venv_lib_python3_12_site-packages --> node_venv_lib_python3_12_site-packages_PyQt6["PyQt6"]\n    node_venv_lib_python3_12_site-packages_PyQt6 --> node_venv_lib_python3_12_site-packages_PyQt6_bindings["bindings"]\n    node_venv_lib_python3_12_site-packages_PyQt6_bindings --> node_venv_lib_python3_12_site-packages_PyQt6_bindings_QtOpenGLWidgets["QtOpenGLWidgets"]\n    node_venv_lib_python3_12_site-packages_PyQt6_bindings_QtOpenGLWidgets --> node_venv_lib_python3_12_site-packages_PyQt6_bindings_QtOpenGLWidgets_qopenglwidget_sip["qopenglwidget.sip"]\n    Root --> node_venv["venv"]\n    node_venv --> node_venv_lib["lib"]\n    node_venv_lib --> node_venv_lib_python3_12["python3.12"]\n    node_venv_lib_python3_12 --> node_venv_lib_python3_12_site-packages["site-packages"]\n    node_venv_lib_python3_12_site-packages --> node_venv_lib_python3_12_site-packages_PyQt6["PyQt6"]\n    node_venv_lib_python3_12_site-packages_PyQt6 --> node_venv_lib_python3_12_site-packages_PyQt6_bindings["bindings"]\n    node_venv_lib_python3_12_site-packages_PyQt6_bindings --> node_venv_lib_python3_12_site-packages_PyQt6_bindings_QtGui["QtGui"]\n    node_venv_lib_python3_12_site-packages_PyQt6_bindings_QtGui --> node_venv_lib_python3_12_site-packages_PyQt6_bindings_QtGui_QtGui_toml["QtGui.toml"]\n    Root --> node_venv["venv"]\n    node_venv --> node_venv_lib["lib"]\n    node_venv_lib --> node_venv_lib_python3_12["python3.12"]\n    node_venv_lib_python3_12 --> node_venv_lib_python3_12_site-packages["site-packages"]\n    node_venv_lib_python3_12_site-packages --> node_venv_lib_python3_12_site-packages_PyQt6["PyQt6"]\n    node_venv_lib_python3_12_site-packages_PyQt6 --> node_venv_lib_python3_12_site-packages_PyQt6_bindings["bindings"]\n    node_venv_lib_python3_12_site-packages_PyQt6_bindings --> node_venv_lib_python3_12_site-packages_PyQt6_bindings_QtGui["QtGui"]\n    node_venv_lib_python3_12_site-packages_PyQt6_bindings_QtGui --> node_venv_lib_python3_12_site-packages_PyQt6_bindings_QtGui_QtGuimod_sip["QtGuimod.sip"]\n    Root --> node_venv["venv"]\n    node_venv --> node_venv_lib["lib"]\n    node_venv_lib --> node_venv_lib_python3_12["python3.12"]\n    node_venv_lib_python3_12 --> node_venv_lib_python3_12_site-packages["site-packages"]\n    node_venv_lib_python3_12_site-packages --> node_venv_lib_python3_12_site-packages_PyQt6["PyQt6"]\n    node_venv_lib_python3_12_site-packages_PyQt6 --> node_venv_lib_python3_12_site-packages_PyQt6_bindings["bindings"]\n    node_venv_lib_python3_12_site-packages_PyQt6_bindings --> node_venv_lib_python3_12_site-packages_PyQt6_bindings_QtGui["QtGui"]\n    node_venv_lib_python3_12_site-packages_PyQt6_bindings_QtGui --> node_venv_lib_python3_12_site-packages_PyQt6_bindings_QtGui_opengl_types_sip["opengl_types.sip"]\n    Root --> node_venv["venv"]\n    node_venv --> node_venv_lib["lib"]\n    node_venv_lib --> node_venv_lib_python3_12["python3.12"]\n    node_venv_lib_python3_12 --> node_venv_lib_python3_12_site-packages["site-packages"]\n    node_venv_lib_python3_12_site-packages --> node_venv_lib_python3_12_site-packages_PyQt6["PyQt6"]\n    node_venv_lib_python3_12_site-packages_PyQt6 --> node_venv_lib_python3_12_site-packages_PyQt6_bindings["bindings"]\n    node_venv_lib_python3_12_site-packages_PyQt6_bindings --> node_venv_lib_python3_12_site-packages_PyQt6_bindings_QtGui["QtGui"]\n    node_venv_lib_python3_12_site-packages_PyQt6_bindings_QtGui --> node_venv_lib_python3_12_site-packages_PyQt6_bindings_QtGui_qabstractfileiconprovider_sip["qabstractfileiconprovider.sip"]\n    Root --> node_venv["venv"]\n    node_venv --> node_venv_lib["lib"]\n    node_venv_lib --> node_venv_lib_python3_12["python3.12"]\n    node_venv_lib_python3_12 --> node_venv_lib_python3_12_site-packages["site-packages"]\n    node_venv_lib_python3_12_site-packages --> node_venv_lib_python3_12_site-packages_PyQt6["PyQt6"]\n    node_venv_lib_python3_12_site-packages_PyQt6 --> node_venv_lib_python3_12_site-packages_PyQt6_bindings["bindings"]\n    node_venv_lib_python3_12_site-packages_PyQt6_bindings --> node_venv_lib_python3_12_site-packages_PyQt6_bindings_QtGui["QtGui"]\n    node_venv_lib_python3_12_site-packages_PyQt6_bindings_QtGui --> node_venv_lib_python3_12_site-packages_PyQt6_bindings_QtGui_qabstracttextdocumentlayout_sip["qabstracttextdocumentlayout.sip"]\n    Root --> node_venv["venv"]\n    node_venv --> node_venv_lib["lib"]\n    node_venv_lib --> node_venv_lib_python3_12["python3.12"]\n    node_venv_lib_python3_12 --> node_venv_lib_python3_12_site-packages["site-packages"]\n    node_venv_lib_python3_12_site-packages --> node_venv_lib_python3_12_site-packages_PyQt6["PyQt6"]\n    node_venv_lib_python3_12_site-packages_PyQt6 --> node_venv_lib_python3_12_site-packages_PyQt6_bindings["bindings"]\n    node_venv_lib_python3_12_site-packages_PyQt6_bindings --> node_venv_lib_python3_12_site-packages_PyQt6_bindings_QtGui["QtGui"]\n    node_venv_lib_python3_12_site-packages_PyQt6_bindings_QtGui --> node_venv_lib_python3_12_site-packages_PyQt6_bindings_QtGui_qaccessibilityhints_sip["qaccessibilityhints.sip"]\n    Root --> node_venv["venv"]\n    node_venv --> node_venv_lib["lib"]\n    node_venv_lib --> node_venv_lib_python3_12["python3.12"]\n    node_venv_lib_python3_12 --> node_venv_lib_python3_12_site-packages["site-packages"]\n    node_venv_lib_python3_12_site-packages --> node_venv_lib_python3_12_site-packages_PyQt6["PyQt6"]\n    node_venv_lib_python3_12_site-packages_PyQt6 --> node_venv_lib_python3_12_site-packages_PyQt6_bindings["bindings"]\n    node_venv_lib_python3_12_site-packages_PyQt6_bindings --> node_venv_lib_python3_12_site-packages_PyQt6_bindings_QtGui["QtGui"]\n    node_venv_lib_python3_12_site-packages_PyQt6_bindings_QtGui --> node_venv_lib_python3_12_site-packages_PyQt6_bindings_QtGui_qaction_sip["qaction.sip"]\n    Root --> node_venv["venv"]\n    node_venv --> node_venv_lib["lib"]\n    node_venv_lib --> node_venv_lib_python3_12["python3.12"]\n    node_venv_lib_python3_12 --> node_venv_lib_python3_12_site-packages["site-packages"]\n    node_venv_lib_python3_12_site-packages --> node_venv_lib_python3_12_site-packages_PyQt6["PyQt6"]\n    node_venv_lib_python3_12_site-packages_PyQt6 --> node_venv_lib_python3_12_site-packages_PyQt6_bindings["bindings"]\n    node_venv_lib_python3_12_site-packages_PyQt6_bindings --> node_venv_lib_python3_12_site-packages_PyQt6_bindings_QtGui["QtGui"]\n    node_venv_lib_python3_12_site-packages_PyQt6_bindings_QtGui --> node_venv_lib_python3_12_site-packages_PyQt6_bindings_QtGui_qactiongroup_sip["qactiongroup.sip"]\n    Root --> node_venv["venv"]\n    node_venv --> node_venv_lib["lib"]\n    node_venv_lib --> node_venv_lib_python3_12["python3.12"]\n    node_venv_lib_python3_12 --> node_venv_lib_python3_12_site-packages["site-packages"]\n    node_venv_lib_python3_12_site-packages --> node_venv_lib_python3_12_site-packages_PyQt6["PyQt6"]\n    node_venv_lib_python3_12_site-packages_PyQt6 --> node_venv_lib_python3_12_site-packages_PyQt6_bindings["bindings"]\n    node_venv_lib_python3_12_site-packages_PyQt6_bindings --> node_venv_lib_python3_12_site-packages_PyQt6_bindings_QtGui["QtGui"]\n    node_venv_lib_python3_12_site-packages_PyQt6_bindings_QtGui --> node_venv_lib_python3_12_site-packages_PyQt6_bindings_QtGui_qbackingstore_sip["qbackingstore.sip"]\n    Root --> node_venv["venv"]\n    node_venv --> node_venv_lib["lib"]\n    node_venv_lib --> node_venv_lib_python3_12["python3.12"]\n    node_venv_lib_python3_12 --> node_venv_lib_python3_12_site-packages["site-packages"]\n    node_venv_lib_python3_12_site-packages --> node_venv_lib_python3_12_site-packages_PyQt6["PyQt6"]\n    node_venv_lib_python3_12_site-packages_PyQt6 --> node_venv_lib_python3_12_site-packages_PyQt6_bindings["bindings"]\n    node_venv_lib_python3_12_site-packages_PyQt6_bindings --> node_venv_lib_python3_12_site-packages_PyQt6_bindings_QtGui["QtGui"]\n    node_venv_lib_python3_12_site-packages_PyQt6_bindings_QtGui --> node_venv_lib_python3_12_site-packages_PyQt6_bindings_QtGui_qbitmap_sip["qbitmap.sip"]\n    Root --> node_venv["venv"]\n    node_venv --> node_venv_lib["lib"]\n    node_venv_lib --> node_venv_lib_python3_12["python3.12"]\n    node_venv_lib_python3_12 --> node_venv_lib_python3_12_site-packages["site-packages"]\n    node_venv_lib_python3_12_site-packages --> node_venv_lib_python3_12_site-packages_PyQt6["PyQt6"]\n    node_venv_lib_python3_12_site-packages_PyQt6 --> node_venv_lib_python3_12_site-packages_PyQt6_bindings["bindings"]\n    node_venv_lib_python3_12_site-packages_PyQt6_bindings --> node_venv_lib_python3_12_site-packages_PyQt6_bindings_QtGui["QtGui"]\n    node_venv_lib_python3_12_site-packages_PyQt6_bindings_QtGui --> node_venv_lib_python3_12_site-packages_PyQt6_bindings_QtGui_qbrush_sip["qbrush.sip"]\n    Root --> node_venv["venv"]\n    node_venv --> node_venv_lib["lib"]\n    node_venv_lib --> node_venv_lib_python3_12["python3.12"]\n    node_venv_lib_python3_12 --> node_venv_lib_python3_12_site-packages["site-packages"]\n    node_venv_lib_python3_12_site-packages --> node_venv_lib_python3_12_site-packages_PyQt6["PyQt6"]\n    node_venv_lib_python3_12_site-packages_PyQt6 --> node_venv_lib_python3_12_site-packages_PyQt6_bindings["bindings"]\n    node_venv_lib_python3_12_site-packages_PyQt6_bindings --> node_venv_lib_python3_12_site-packages_PyQt6_bindings_QtGui["QtGui"]\n    node_venv_lib_python3_12_site-packages_PyQt6_bindings_QtGui --> node_venv_lib_python3_12_site-packages_PyQt6_bindings_QtGui_qclipboard_sip["qclipboard.sip"]\n    Root --> node_venv["venv"]\n    node_venv --> node_venv_lib["lib"]\n    node_venv_lib --> node_venv_lib_python3_12["python3.12"]\n    node_venv_lib_python3_12 --> node_venv_lib_python3_12_site-packages["site-packages"]\n    node_venv_lib_python3_12_site-packages --> node_venv_lib_python3_12_site-packages_PyQt6["PyQt6"]\n    node_venv_lib_python3_12_site-packages_PyQt6 --> node_venv_lib_python3_12_site-packages_PyQt6_bindings["bindings"]\n    node_venv_lib_python3_12_site-packages_PyQt6_bindings --> node_venv_lib_python3_12_site-packages_PyQt6_bindings_QtGui["QtGui"]\n    node_venv_lib_python3_12_site-packages_PyQt6_bindings_QtGui --> node_venv_lib_python3_12_site-packages_PyQt6_bindings_QtGui_qcolor_sip["qcolor.sip"]\n    Root --> node_venv["venv"]\n    node_venv --> node_venv_lib["lib"]\n    node_venv_lib --> node_venv_lib_python3_12["python3.12"]\n    node_venv_lib_python3_12 --> node_venv_lib_python3_12_site-packages["site-packages"]\n    node_venv_lib_python3_12_site-packages --> node_venv_lib_python3_12_site-packages_PyQt6["PyQt6"]\n    node_venv_lib_python3_12_site-packages_PyQt6 --> node_venv_lib_python3_12_site-packages_PyQt6_bindings["bindings"]\n    node_venv_lib_python3_12_site-packages_PyQt6_bindings --> node_venv_lib_python3_12_site-packages_PyQt6_bindings_QtGui["QtGui"]\n    node_venv_lib_python3_12_site-packages_PyQt6_bindings_QtGui --> node_venv_lib_python3_12_site-packages_PyQt6_bindings_QtGui_qcolorspace_sip["qcolorspace.sip"]\n    Root --> node_venv["venv"]\n    node_venv --> node_venv_lib["lib"]\n    node_venv_lib --> node_venv_lib_python3_12["python3.12"]\n    node_venv_lib_python3_12 --> node_venv_lib_python3_12_site-packages["site-packages"]\n    node_venv_lib_python3_12_site-packages --> node_venv_lib_python3_12_site-packages_PyQt6["PyQt6"]\n    node_venv_lib_python3_12_site-packages_PyQt6 --> node_venv_lib_python3_12_site-packages_PyQt6_bindings["bindings"]\n    node_venv_lib_python3_12_site-packages_PyQt6_bindings --> node_venv_lib_python3_12_site-packages_PyQt6_bindings_QtGui["QtGui"]\n    node_venv_lib_python3_12_site-packages_PyQt6_bindings_QtGui --> node_venv_lib_python3_12_site-packages_PyQt6_bindings_QtGui_qcolortransform_sip["qcolortransform.sip"]\n    Root --> node_venv["venv"]\n    node_venv --> node_venv_lib["lib"]\n    node_venv_lib --> node_venv_lib_python3_12["python3.12"]\n    node_venv_lib_python3_12 --> node_venv_lib_python3_12_site-packages["site-packages"]\n    node_venv_lib_python3_12_site-packages --> node_venv_lib_python3_12_site-packages_PyQt6["PyQt6"]\n    node_venv_lib_python3_12_site-packages_PyQt6 --> node_venv_lib_python3_12_site-packages_PyQt6_bindings["bindings"]\n    node_venv_lib_python3_12_site-packages_PyQt6_bindings --> node_venv_lib_python3_12_site-packages_PyQt6_bindings_QtGui["QtGui"]\n    node_venv_lib_python3_12_site-packages_PyQt6_bindings_QtGui --> node_venv_lib_python3_12_site-packages_PyQt6_bindings_QtGui_qcursor_sip["qcursor.sip"]\n    Root --> node_venv["venv"]\n    node_venv --> node_venv_lib["lib"]\n    node_venv_lib --> node_venv_lib_python3_12["python3.12"]\n    node_venv_lib_python3_12 --> node_venv_lib_python3_12_site-packages["site-packages"]\n    node_venv_lib_python3_12_site-packages --> node_venv_lib_python3_12_site-packages_PyQt6["PyQt6"]\n    node_venv_lib_python3_12_site-packages_PyQt6 --> node_venv_lib_python3_12_site-packages_PyQt6_bindings["bindings"]\n    node_venv_lib_python3_12_site-packages_PyQt6_bindings --> node_venv_lib_python3_12_site-packages_PyQt6_bindings_QtGui["QtGui"]\n    node_venv_lib_python3_12_site-packages_PyQt6_bindings_QtGui --> node_venv_lib_python3_12_site-packages_PyQt6_bindings_QtGui_qdesktopservices_sip["qdesktopservices.sip"]\n    Root --> node_venv["venv"]\n    node_venv --> node_venv_lib["lib"]\n    node_venv_lib --> node_venv_lib_python3_12["python3.12"]\n    node_venv_lib_python3_12 --> node_venv_lib_python3_12_site-packages["site-packages"]\n    node_venv_lib_python3_12_site-packages --> node_venv_lib_python3_12_site-packages_PyQt6["PyQt6"]\n    node_venv_lib_python3_12_site-packages_PyQt6 --> node_venv_lib_python3_12_site-packages_PyQt6_bindings["bindings"]\n    node_venv_lib_python3_12_site-packages_PyQt6_bindings --> node_venv_lib_python3_12_site-packages_PyQt6_bindings_QtGui["QtGui"]\n    node_venv_lib_python3_12_site-packages_PyQt6_bindings_QtGui --> node_venv_lib_python3_12_site-packages_PyQt6_bindings_QtGui_qdrag_sip["qdrag.sip"]\n    Root --> node_venv["venv"]\n    node_venv --> node_venv_lib["lib"]\n    node_venv_lib --> node_venv_lib_python3_12["python3.12"]\n    node_venv_lib_python3_12 --> node_venv_lib_python3_12_site-packages["site-packages"]\n    node_venv_lib_python3_12_site-packages --> node_venv_lib_python3_12_site-packages_PyQt6["PyQt6"]\n    node_venv_lib_python3_12_site-packages_PyQt6 --> node_venv_lib_python3_12_site-packages_PyQt6_bindings["bindings"]\n    node_venv_lib_python3_12_site-packages_PyQt6_bindings --> node_venv_lib_python3_12_site-packages_PyQt6_bindings_QtGui["QtGui"]\n    node_venv_lib_python3_12_site-packages_PyQt6_bindings_QtGui --> node_venv_lib_python3_12_site-packages_PyQt6_bindings_QtGui_qevent_sip["qevent.sip"]\n    Root --> node_venv["venv"]\n    node_venv --> node_venv_lib["lib"]\n    node_venv_lib --> node_venv_lib_python3_12["python3.12"]\n    node_venv_lib_python3_12 --> node_venv_lib_python3_12_site-packages["site-packages"]\n    node_venv_lib_python3_12_site-packages --> node_venv_lib_python3_12_site-packages_PyQt6["PyQt6"]\n    node_venv_lib_python3_12_site-packages_PyQt6 --> node_venv_lib_python3_12_site-packages_PyQt6_bindings["bindings"]\n    node_venv_lib_python3_12_site-packages_PyQt6_bindings --> node_venv_lib_python3_12_site-packages_PyQt6_bindings_QtGui["QtGui"]\n    node_venv_lib_python3_12_site-packages_PyQt6_bindings_QtGui --> node_venv_lib_python3_12_site-packages_PyQt6_bindings_QtGui_qeventpoint_sip["qeventpoint.sip"]\n    Root --> node_venv["venv"]\n    node_venv --> node_venv_lib["lib"]\n    node_venv_lib --> node_venv_lib_python3_12["python3.12"]\n    node_venv_lib_python3_12 --> node_venv_lib_python3_12_site-packages["site-packages"]\n    node_venv_lib_python3_12_site-packages --> node_venv_lib_python3_12_site-packages_PyQt6["PyQt6"]\n    node_venv_lib_python3_12_site-packages_PyQt6 --> node_venv_lib_python3_12_site-packages_PyQt6_bindings["bindings"]\n    node_venv_lib_python3_12_site-packages_PyQt6_bindings --> node_venv_lib_python3_12_site-packages_PyQt6_bindings_QtGui["QtGui"]\n    node_venv_lib_python3_12_site-packages_PyQt6_bindings_QtGui --> node_venv_lib_python3_12_site-packages_PyQt6_bindings_QtGui_qfilesystemmodel_sip["qfilesystemmodel.sip"]\n    Root --> node_venv["venv"]\n    node_venv --> node_venv_lib["lib"]\n    node_venv_lib --> node_venv_lib_python3_12["python3.12"]\n    node_venv_lib_python3_12 --> node_venv_lib_python3_12_site-packages["site-packages"]\n    node_venv_lib_python3_12_site-packages --> node_venv_lib_python3_12_site-packages_PyQt6["PyQt6"]\n    node_venv_lib_python3_12_site-packages_PyQt6 --> node_venv_lib_python3_12_site-packages_PyQt6_bindings["bindings"]\n    node_venv_lib_python3_12_site-packages_PyQt6_bindings --> node_venv_lib_python3_12_site-packages_PyQt6_bindings_QtGui["QtGui"]\n    node_venv_lib_python3_12_site-packages_PyQt6_bindings_QtGui --> node_venv_lib_python3_12_site-packages_PyQt6_bindings_QtGui_qfont_sip["qfont.sip"]\n    Root --> node_venv["venv"]\n    node_venv --> node_venv_lib["lib"]\n    node_venv_lib --> node_venv_lib_python3_12["python3.12"]\n    node_venv_lib_python3_12 --> node_venv_lib_python3_12_site-packages["site-packages"]\n    node_venv_lib_python3_12_site-packages --> node_venv_lib_python3_12_site-packages_PyQt6["PyQt6"]\n    node_venv_lib_python3_12_site-packages_PyQt6 --> node_venv_lib_python3_12_site-packages_PyQt6_bindings["bindings"]\n    node_venv_lib_python3_12_site-packages_PyQt6_bindings --> node_venv_lib_python3_12_site-packages_PyQt6_bindings_QtGui["QtGui"]\n    node_venv_lib_python3_12_site-packages_PyQt6_bindings_QtGui --> node_venv_lib_python3_12_site-packages_PyQt6_bindings_QtGui_qfontdatabase_sip["qfontdatabase.sip"]\n    Root --> node_venv["venv"]\n    node_venv --> node_venv_lib["lib"]\n    node_venv_lib --> node_venv_lib_python3_12["python3.12"]\n    node_venv_lib_python3_12 --> node_venv_lib_python3_12_site-packages["site-packages"]\n    node_venv_lib_python3_12_site-packages --> node_venv_lib_python3_12_site-packages_PyQt6["PyQt6"]\n    node_venv_lib_python3_12_site-packages_PyQt6 --> node_venv_lib_python3_12_site-packages_PyQt6_bindings["bindings"]\n    node_venv_lib_python3_12_site-packages_PyQt6_bindings --> node_venv_lib_python3_12_site-packages_PyQt6_bindings_QtGui["QtGui"]\n    node_venv_lib_python3_12_site-packages_PyQt6_bindings_QtGui --> node_venv_lib_python3_12_site-packages_PyQt6_bindings_QtGui_qfontinfo_sip["qfontinfo.sip"]\n    Root --> node_venv["venv"]\n    node_venv --> node_venv_lib["lib"]\n    node_venv_lib --> node_venv_lib_python3_12["python3.12"]\n    node_venv_lib_python3_12 --> node_venv_lib_python3_12_site-packages["site-packages"]\n    node_venv_lib_python3_12_site-packages --> node_venv_lib_python3_12_site-packages_PyQt6["PyQt6"]\n    node_venv_lib_python3_12_site-packages_PyQt6 --> node_venv_lib_python3_12_site-packages_PyQt6_bindings["bindings"]\n    node_venv_lib_python3_12_site-packages_PyQt6_bindings --> node_venv_lib_python3_12_site-packages_PyQt6_bindings_QtGui["QtGui"]\n    node_venv_lib_python3_12_site-packages_PyQt6_bindings_QtGui --> node_venv_lib_python3_12_site-packages_PyQt6_bindings_QtGui_qfontmetrics_sip["qfontmetrics.sip"]\n    Root --> node_venv["venv"]\n    node_venv --> node_venv_lib["lib"]\n    node_venv_lib --> node_venv_lib_python3_12["python3.12"]\n    node_venv_lib_python3_12 --> node_venv_lib_python3_12_site-packages["site-packages"]\n    node_venv_lib_python3_12_site-packages --> node_venv_lib_python3_12_site-packages_PyQt6["PyQt6"]\n    node_venv_lib_python3_12_site-packages_PyQt6 --> node_venv_lib_python3_12_site-packages_PyQt6_bindings["bindings"]\n    node_venv_lib_python3_12_site-packages_PyQt6_bindings --> node_venv_lib_python3_12_site-packages_PyQt6_bindings_QtGui["QtGui"]\n    node_venv_lib_python3_12_site-packages_PyQt6_bindings_QtGui --> node_venv_lib_python3_12_site-packages_PyQt6_bindings_QtGui_qfontvariableaxis_sip["qfontvariableaxis.sip"]\n    Root --> node_venv["venv"]\n    node_venv --> node_venv_lib["lib"]\n    node_venv_lib --> node_venv_lib_python3_12["python3.12"]\n    node_venv_lib_python3_12 --> node_venv_lib_python3_12_site-packages["site-packages"]\n    node_venv_lib_python3_12_site-packages --> node_venv_lib_python3_12_site-packages_PyQt6["PyQt6"]\n    node_venv_lib_python3_12_site-packages_PyQt6 --> node_venv_lib_python3_12_site-packages_PyQt6_bindings["bindings"]\n    node_venv_lib_python3_12_site-packages_PyQt6_bindings --> node_venv_lib_python3_12_site-packages_PyQt6_bindings_QtGui["QtGui"]\n    node_venv_lib_python3_12_site-packages_PyQt6_bindings_QtGui --> node_venv_lib_python3_12_site-packages_PyQt6_bindings_QtGui_qgenericmatrix_sip["qgenericmatrix.sip"]\n    Root --> node_venv["venv"]\n    node_venv --> node_venv_lib["lib"]\n    node_venv_lib --> node_venv_lib_python3_12["python3.12"]\n    node_venv_lib_python3_12 --> node_venv_lib_python3_12_site-packages["site-packages"]\n    node_venv_lib_python3_12_site-packages --> node_venv_lib_python3_12_site-packages_PyQt6["PyQt6"]\n    node_venv_lib_python3_12_site-packages_PyQt6 --> node_venv_lib_python3_12_site-packages_PyQt6_bindings["bindings"]\n    node_venv_lib_python3_12_site-packages_PyQt6_bindings --> node_venv_lib_python3_12_site-packages_PyQt6_bindings_QtGui["QtGui"]\n    node_venv_lib_python3_12_site-packages_PyQt6_bindings_QtGui --> node_venv_lib_python3_12_site-packages_PyQt6_bindings_QtGui_qglyphrun_sip["qglyphrun.sip"]\n    Root --> node_venv["venv"]\n    node_venv --> node_venv_lib["lib"]\n    node_venv_lib --> node_venv_lib_python3_12["python3.12"]\n    node_venv_lib_python3_12 --> node_venv_lib_python3_12_site-packages["site-packages"]\n    node_venv_lib_python3_12_site-packages --> node_venv_lib_python3_12_site-packages_PyQt6["PyQt6"]\n    node_venv_lib_python3_12_site-packages_PyQt6 --> node_venv_lib_python3_12_site-packages_PyQt6_bindings["bindings"]\n    node_venv_lib_python3_12_site-packages_PyQt6_bindings --> node_venv_lib_python3_12_site-packages_PyQt6_bindings_QtGui["QtGui"]\n    node_venv_lib_python3_12_site-packages_PyQt6_bindings_QtGui --> node_venv_lib_python3_12_site-packages_PyQt6_bindings_QtGui_qguiapplication_sip["qguiapplication.sip"]\n    Root --> node_venv["venv"]\n    node_venv --> node_venv_lib["lib"]\n    node_venv_lib --> node_venv_lib_python3_12["python3.12"]\n    node_venv_lib_python3_12 --> node_venv_lib_python3_12_site-packages["site-packages"]\n    node_venv_lib_python3_12_site-packages --> node_venv_lib_python3_12_site-packages_PyQt6["PyQt6"]\n    node_venv_lib_python3_12_site-packages_PyQt6 --> node_venv_lib_python3_12_site-packages_PyQt6_bindings["bindings"]\n    node_venv_lib_python3_12_site-packages_PyQt6_bindings --> node_venv_lib_python3_12_site-packages_PyQt6_bindings_QtGui["QtGui"]\n    node_venv_lib_python3_12_site-packages_PyQt6_bindings_QtGui --> node_venv_lib_python3_12_site-packages_PyQt6_bindings_QtGui_qicon_sip["qicon.sip"]\n    Root --> node_venv["venv"]\n    node_venv --> node_venv_lib["lib"]\n    node_venv_lib --> node_venv_lib_python3_12["python3.12"]\n    node_venv_lib_python3_12 --> node_venv_lib_python3_12_site-packages["site-packages"]\n    node_venv_lib_python3_12_site-packages --> node_venv_lib_python3_12_site-packages_PyQt6["PyQt6"]\n    node_venv_lib_python3_12_site-packages_PyQt6 --> node_venv_lib_python3_12_site-packages_PyQt6_bindings["bindings"]\n    node_venv_lib_python3_12_site-packages_PyQt6_bindings --> node_venv_lib_python3_12_site-packages_PyQt6_bindings_QtGui["QtGui"]\n    node_venv_lib_python3_12_site-packages_PyQt6_bindings_QtGui --> node_venv_lib_python3_12_site-packages_PyQt6_bindings_QtGui_qiconengine_sip["qiconengine.sip"]\n    Root --> node_venv["venv"]\n    node_venv --> node_venv_lib["lib"]\n    node_venv_lib --> node_venv_lib_python3_12["python3.12"]\n    node_venv_lib_python3_12 --> node_venv_lib_python3_12_site-packages["site-packages"]\n    node_venv_lib_python3_12_site-packages --> node_venv_lib_python3_12_site-packages_PyQt6["PyQt6"]\n    node_venv_lib_python3_12_site-packages_PyQt6 --> node_venv_lib_python3_12_site-packages_PyQt6_bindings["bindings"]\n    node_venv_lib_python3_12_site-packages_PyQt6_bindings --> node_venv_lib_python3_12_site-packages_PyQt6_bindings_QtGui["QtGui"]\n    node_venv_lib_python3_12_site-packages_PyQt6_bindings_QtGui --> node_venv_lib_python3_12_site-packages_PyQt6_bindings_QtGui_qimage_sip["qimage.sip"]\n    Root --> node_venv["venv"]\n    node_venv --> node_venv_lib["lib"]\n    node_venv_lib --> node_venv_lib_python3_12["python3.12"]\n    node_venv_lib_python3_12 --> node_venv_lib_python3_12_site-packages["site-packages"]\n    node_venv_lib_python3_12_site-packages --> node_venv_lib_python3_12_site-packages_PyQt6["PyQt6"]\n    node_venv_lib_python3_12_site-packages_PyQt6 --> node_venv_lib_python3_12_site-packages_PyQt6_bindings["bindings"]\n    node_venv_lib_python3_12_site-packages_PyQt6_bindings --> node_venv_lib_python3_12_site-packages_PyQt6_bindings_QtGui["QtGui"]\n    node_venv_lib_python3_12_site-packages_PyQt6_bindings_QtGui --> node_venv_lib_python3_12_site-packages_PyQt6_bindings_QtGui_qimageiohandler_sip["qimageiohandler.sip"]\n    Root --> node_venv["venv"]\n    node_venv --> node_venv_lib["lib"]\n    node_venv_lib --> node_venv_lib_python3_12["python3.12"]\n    node_venv_lib_python3_12 --> node_venv_lib_python3_12_site-packages["site-packages"]\n    node_venv_lib_python3_12_site-packages --> node_venv_lib_python3_12_site-packages_PyQt6["PyQt6"]\n    node_venv_lib_python3_12_site-packages_PyQt6 --> node_venv_lib_python3_12_site-packages_PyQt6_bindings["bindings"]\n    node_venv_lib_python3_12_site-packages_PyQt6_bindings --> node_venv_lib_python3_12_site-packages_PyQt6_bindings_QtGui["QtGui"]\n    node_venv_lib_python3_12_site-packages_PyQt6_bindings_QtGui --> node_venv_lib_python3_12_site-packages_PyQt6_bindings_QtGui_qimagereader_sip["qimagereader.sip"]\n    Root --> node_venv["venv"]\n    node_venv --> node_venv_lib["lib"]\n    node_venv_lib --> node_venv_lib_python3_12["python3.12"]\n    node_venv_lib_python3_12 --> node_venv_lib_python3_12_site-packages["site-packages"]\n    node_venv_lib_python3_12_site-packages --> node_venv_lib_python3_12_site-packages_PyQt6["PyQt6"]\n    node_venv_lib_python3_12_site-packages_PyQt6 --> node_venv_lib_python3_12_site-packages_PyQt6_bindings["bindings"]\n    node_venv_lib_python3_12_site-packages_PyQt6_bindings --> node_venv_lib_python3_12_site-packages_PyQt6_bindings_QtGui["QtGui"]\n    node_venv_lib_python3_12_site-packages_PyQt6_bindings_QtGui --> node_venv_lib_python3_12_site-packages_PyQt6_bindings_QtGui_qimagewriter_sip["qimagewriter.sip"]\n    Root --> node_venv["venv"]\n    node_venv --> node_venv_lib["lib"]\n    node_venv_lib --> node_venv_lib_python3_12["python3.12"]\n    node_venv_lib_python3_12 --> node_venv_lib_python3_12_site-packages["site-packages"]\n    node_venv_lib_python3_12_site-packages --> node_venv_lib_python3_12_site-packages_PyQt6["PyQt6"]\n    node_venv_lib_python3_12_site-packages_PyQt6 --> node_venv_lib_python3_12_site-packages_PyQt6_bindings["bindings"]\n    node_venv_lib_python3_12_site-packages_PyQt6_bindings --> node_venv_lib_python3_12_site-packages_PyQt6_bindings_QtGui["QtGui"]\n    node_venv_lib_python3_12_site-packages_PyQt6_bindings_QtGui --> node_venv_lib_python3_12_site-packages_PyQt6_bindings_QtGui_qinputdevice_sip["qinputdevice.sip"]\n    Root --> node_venv["venv"]\n    node_venv --> node_venv_lib["lib"]\n    node_venv_lib --> node_venv_lib_python3_12["python3.12"]\n    node_venv_lib_python3_12 --> node_venv_lib_python3_12_site-packages["site-packages"]\n    node_venv_lib_python3_12_site-packages --> node_venv_lib_python3_12_site-packages_PyQt6["PyQt6"]\n    node_venv_lib_python3_12_site-packages_PyQt6 --> node_venv_lib_python3_12_site-packages_PyQt6_bindings["bindings"]\n    node_venv_lib_python3_12_site-packages_PyQt6_bindings --> node_venv_lib_python3_12_site-packages_PyQt6_bindings_QtGui["QtGui"]\n    node_venv_lib_python3_12_site-packages_PyQt6_bindings_QtGui --> node_venv_lib_python3_12_site-packages_PyQt6_bindings_QtGui_qinputmethod_sip["qinputmethod.sip"]\n    Root --> node_venv["venv"]\n    node_venv --> node_venv_lib["lib"]\n    node_venv_lib --> node_venv_lib_python3_12["python3.12"]\n    node_venv_lib_python3_12 --> node_venv_lib_python3_12_site-packages["site-packages"]\n    node_venv_lib_python3_12_site-packages --> node_venv_lib_python3_12_site-packages_PyQt6["PyQt6"]\n    node_venv_lib_python3_12_site-packages_PyQt6 --> node_venv_lib_python3_12_site-packages_PyQt6_bindings["bindings"]\n    node_venv_lib_python3_12_site-packages_PyQt6_bindings --> node_venv_lib_python3_12_site-packages_PyQt6_bindings_QtGui["QtGui"]\n    node_venv_lib_python3_12_site-packages_PyQt6_bindings_QtGui --> node_venv_lib_python3_12_site-packages_PyQt6_bindings_QtGui_qkeysequence_sip["qkeysequence.sip"]\n    Root --> node_venv["venv"]\n    node_venv --> node_venv_lib["lib"]\n    node_venv_lib --> node_venv_lib_python3_12["python3.12"]\n    node_venv_lib_python3_12 --> node_venv_lib_python3_12_site-packages["site-packages"]\n    node_venv_lib_python3_12_site-packages --> node_venv_lib_python3_12_site-packages_PyQt6["PyQt6"]\n    node_venv_lib_python3_12_site-packages_PyQt6 --> node_venv_lib_python3_12_site-packages_PyQt6_bindings["bindings"]\n    node_venv_lib_python3_12_site-packages_PyQt6_bindings --> node_venv_lib_python3_12_site-packages_PyQt6_bindings_QtGui["QtGui"]\n    node_venv_lib_python3_12_site-packages_PyQt6_bindings_QtGui --> node_venv_lib_python3_12_site-packages_PyQt6_bindings_QtGui_qmatrix4x4_sip["qmatrix4x4.sip"]\n    Root --> node_venv["venv"]\n    node_venv --> node_venv_lib["lib"]\n    node_venv_lib --> node_venv_lib_python3_12["python3.12"]\n    node_venv_lib_python3_12 --> node_venv_lib_python3_12_site-packages["site-packages"]\n    node_venv_lib_python3_12_site-packages --> node_venv_lib_python3_12_site-packages_PyQt6["PyQt6"]\n    node_venv_lib_python3_12_site-packages_PyQt6 --> node_venv_lib_python3_12_site-packages_PyQt6_bindings["bindings"]\n    node_venv_lib_python3_12_site-packages_PyQt6_bindings --> node_venv_lib_python3_12_site-packages_PyQt6_bindings_QtGui["QtGui"]\n    node_venv_lib_python3_12_site-packages_PyQt6_bindings_QtGui --> node_venv_lib_python3_12_site-packages_PyQt6_bindings_QtGui_qmovie_sip["qmovie.sip"]\n    Root --> node_venv["venv"]\n    node_venv --> node_venv_lib["lib"]\n    node_venv_lib --> node_venv_lib_python3_12["python3.12"]\n    node_venv_lib_python3_12 --> node_venv_lib_python3_12_site-packages["site-packages"]\n    node_venv_lib_python3_12_site-packages --> node_venv_lib_python3_12_site-packages_PyQt6["PyQt6"]\n    node_venv_lib_python3_12_site-packages_PyQt6 --> node_venv_lib_python3_12_site-packages_PyQt6_bindings["bindings"]\n    node_venv_lib_python3_12_site-packages_PyQt6_bindings --> node_venv_lib_python3_12_site-packages_PyQt6_bindings_QtGui["QtGui"]\n    node_venv_lib_python3_12_site-packages_PyQt6_bindings_QtGui --> node_venv_lib_python3_12_site-packages_PyQt6_bindings_QtGui_qoffscreensurface_sip["qoffscreensurface.sip"]\n    Root --> node_venv["venv"]\n    node_venv --> node_venv_lib["lib"]\n    node_venv_lib --> node_venv_lib_python3_12["python3.12"]\n    node_venv_lib_python3_12 --> node_venv_lib_python3_12_site-packages["site-packages"]\n    node_venv_lib_python3_12_site-packages --> node_venv_lib_python3_12_site-packages_PyQt6["PyQt6"]\n    node_venv_lib_python3_12_site-packages_PyQt6 --> node_venv_lib_python3_12_site-packages_PyQt6_bindings["bindings"]\n    node_venv_lib_python3_12_site-packages_PyQt6_bindings --> node_venv_lib_python3_12_site-packages_PyQt6_bindings_QtGui["QtGui"]\n    node_venv_lib_python3_12_site-packages_PyQt6_bindings_QtGui --> node_venv_lib_python3_12_site-packages_PyQt6_bindings_QtGui_qopenglcontext_sip["qopenglcontext.sip"]\n    Root --> node_venv["venv"]\n    node_venv --> node_venv_lib["lib"]\n    node_venv_lib --> node_venv_lib_python3_12["python3.12"]\n    node_venv_lib_python3_12 --> node_venv_lib_python3_12_site-packages["site-packages"]\n    node_venv_lib_python3_12_site-packages --> node_venv_lib_python3_12_site-packages_PyQt6["PyQt6"]\n    node_venv_lib_python3_12_site-packages_PyQt6 --> node_venv_lib_python3_12_site-packages_PyQt6_bindings["bindings"]\n    node_venv_lib_python3_12_site-packages_PyQt6_bindings --> node_venv_lib_python3_12_site-packages_PyQt6_bindings_QtGui["QtGui"]\n    node_venv_lib_python3_12_site-packages_PyQt6_bindings_QtGui --> node_venv_lib_python3_12_site-packages_PyQt6_bindings_QtGui_qpagedpaintdevice_sip["qpagedpaintdevice.sip"]\n    Root --> node_venv["venv"]\n    node_venv --> node_venv_lib["lib"]\n    node_venv_lib --> node_venv_lib_python3_12["python3.12"]\n    node_venv_lib_python3_12 --> node_venv_lib_python3_12_site-packages["site-packages"]\n    node_venv_lib_python3_12_site-packages --> node_venv_lib_python3_12_site-packages_PyQt6["PyQt6"]\n    node_venv_lib_python3_12_site-packages_PyQt6 --> node_venv_lib_python3_12_site-packages_PyQt6_bindings["bindings"]\n    node_venv_lib_python3_12_site-packages_PyQt6_bindings --> node_venv_lib_python3_12_site-packages_PyQt6_bindings_QtGui["QtGui"]\n    node_venv_lib_python3_12_site-packages_PyQt6_bindings_QtGui --> node_venv_lib_python3_12_site-packages_PyQt6_bindings_QtGui_qpagelayout_sip["qpagelayout.sip"]\n    Root --> node_venv["venv"]\n    node_venv --> node_venv_lib["lib"]\n    node_venv_lib --> node_venv_lib_python3_12["python3.12"]\n    node_venv_lib_python3_12 --> node_venv_lib_python3_12_site-packages["site-packages"]\n    node_venv_lib_python3_12_site-packages --> node_venv_lib_python3_12_site-packages_PyQt6["PyQt6"]\n    node_venv_lib_python3_12_site-packages_PyQt6 --> node_venv_lib_python3_12_site-packages_PyQt6_bindings["bindings"]\n    node_venv_lib_python3_12_site-packages_PyQt6_bindings --> node_venv_lib_python3_12_site-packages_PyQt6_bindings_QtGui["QtGui"]\n    node_venv_lib_python3_12_site-packages_PyQt6_bindings_QtGui --> node_venv_lib_python3_12_site-packages_PyQt6_bindings_QtGui_qpageranges_sip["qpageranges.sip"]\n    Root --> node_venv["venv"]\n    node_venv --> node_venv_lib["lib"]\n    node_venv_lib --> node_venv_lib_python3_12["python3.12"]\n    node_venv_lib_python3_12 --> node_venv_lib_python3_12_site-packages["site-packages"]\n    node_venv_lib_python3_12_site-packages --> node_venv_lib_python3_12_site-packages_PyQt6["PyQt6"]\n    node_venv_lib_python3_12_site-packages_PyQt6 --> node_venv_lib_python3_12_site-packages_PyQt6_bindings["bindings"]\n    node_venv_lib_python3_12_site-packages_PyQt6_bindings --> node_venv_lib_python3_12_site-packages_PyQt6_bindings_QtGui["QtGui"]\n    node_venv_lib_python3_12_site-packages_PyQt6_bindings_QtGui --> node_venv_lib_python3_12_site-packages_PyQt6_bindings_QtGui_qpagesize_sip["qpagesize.sip"]\n    Root --> node_venv["venv"]\n    node_venv --> node_venv_lib["lib"]\n    node_venv_lib --> node_venv_lib_python3_12["python3.12"]\n    node_venv_lib_python3_12 --> node_venv_lib_python3_12_site-packages["site-packages"]\n    node_venv_lib_python3_12_site-packages --> node_venv_lib_python3_12_site-packages_PyQt6["PyQt6"]\n    node_venv_lib_python3_12_site-packages_PyQt6 --> node_venv_lib_python3_12_site-packages_PyQt6_bindings["bindings"]\n    node_venv_lib_python3_12_site-packages_PyQt6_bindings --> node_venv_lib_python3_12_site-packages_PyQt6_bindings_QtGui["QtGui"]\n    node_venv_lib_python3_12_site-packages_PyQt6_bindings_QtGui --> node_venv_lib_python3_12_site-packages_PyQt6_bindings_QtGui_qpaintdevice_sip["qpaintdevice.sip"]\n    Root --> node_venv["venv"]\n    node_venv --> node_venv_lib["lib"]\n    node_venv_lib --> node_venv_lib_python3_12["python3.12"]\n    node_venv_lib_python3_12 --> node_venv_lib_python3_12_site-packages["site-packages"]\n    node_venv_lib_python3_12_site-packages --> node_venv_lib_python3_12_site-packages_PyQt6["PyQt6"]\n    node_venv_lib_python3_12_site-packages_PyQt6 --> node_venv_lib_python3_12_site-packages_PyQt6_bindings["bindings"]\n    node_venv_lib_python3_12_site-packages_PyQt6_bindings --> node_venv_lib_python3_12_site-packages_PyQt6_bindings_QtGui["QtGui"]\n    node_venv_lib_python3_12_site-packages_PyQt6_bindings_QtGui --> node_venv_lib_python3_12_site-packages_PyQt6_bindings_QtGui_qpaintdevicewindow_sip["qpaintdevicewindow.sip"]\n    Root --> node_venv["venv"]\n    node_venv --> node_venv_lib["lib"]\n    node_venv_lib --> node_venv_lib_python3_12["python3.12"]\n    node_venv_lib_python3_12 --> node_venv_lib_python3_12_site-packages["site-packages"]\n    node_venv_lib_python3_12_site-packages --> node_venv_lib_python3_12_site-packages_PyQt6["PyQt6"]\n    node_venv_lib_python3_12_site-packages_PyQt6 --> node_venv_lib_python3_12_site-packages_PyQt6_bindings["bindings"]\n    node_venv_lib_python3_12_site-packages_PyQt6_bindings --> node_venv_lib_python3_12_site-packages_PyQt6_bindings_QtGui["QtGui"]\n    node_venv_lib_python3_12_site-packages_PyQt6_bindings_QtGui --> node_venv_lib_python3_12_site-packages_PyQt6_bindings_QtGui_qpaintengine_sip["qpaintengine.sip"]\n    Root --> node_venv["venv"]\n    node_venv --> node_venv_lib["lib"]\n    node_venv_lib --> node_venv_lib_python3_12["python3.12"]\n    node_venv_lib_python3_12 --> node_venv_lib_python3_12_site-packages["site-packages"]\n    node_venv_lib_python3_12_site-packages --> node_venv_lib_python3_12_site-packages_PyQt6["PyQt6"]\n    node_venv_lib_python3_12_site-packages_PyQt6 --> node_venv_lib_python3_12_site-packages_PyQt6_bindings["bindings"]\n    node_venv_lib_python3_12_site-packages_PyQt6_bindings --> node_venv_lib_python3_12_site-packages_PyQt6_bindings_QtGui["QtGui"]\n    node_venv_lib_python3_12_site-packages_PyQt6_bindings_QtGui --> node_venv_lib_python3_12_site-packages_PyQt6_bindings_QtGui_qpainter_sip["qpainter.sip"]\n    Root --> node_venv["venv"]\n    node_venv --> node_venv_lib["lib"]\n    node_venv_lib --> node_venv_lib_python3_12["python3.12"]\n    node_venv_lib_python3_12 --> node_venv_lib_python3_12_site-packages["site-packages"]\n    node_venv_lib_python3_12_site-packages --> node_venv_lib_python3_12_site-packages_PyQt6["PyQt6"]\n    node_venv_lib_python3_12_site-packages_PyQt6 --> node_venv_lib_python3_12_site-packages_PyQt6_bindings["bindings"]\n    node_venv_lib_python3_12_site-packages_PyQt6_bindings --> node_venv_lib_python3_12_site-packages_PyQt6_bindings_QtGui["QtGui"]\n    node_venv_lib_python3_12_site-packages_PyQt6_bindings_QtGui --> node_venv_lib_python3_12_site-packages_PyQt6_bindings_QtGui_qpainterpath_sip["qpainterpath.sip"]\n    Root --> node_venv["venv"]\n    node_venv --> node_venv_lib["lib"]\n    node_venv_lib --> node_venv_lib_python3_12["python3.12"]\n    node_venv_lib_python3_12 --> node_venv_lib_python3_12_site-packages["site-packages"]\n    node_venv_lib_python3_12_site-packages --> node_venv_lib_python3_12_site-packages_PyQt6["PyQt6"]\n    node_venv_lib_python3_12_site-packages_PyQt6 --> node_venv_lib_python3_12_site-packages_PyQt6_bindings["bindings"]\n    node_venv_lib_python3_12_site-packages_PyQt6_bindings --> node_venv_lib_python3_12_site-packages_PyQt6_bindings_QtGui["QtGui"]\n    node_venv_lib_python3_12_site-packages_PyQt6_bindings_QtGui --> node_venv_lib_python3_12_site-packages_PyQt6_bindings_QtGui_qpainterstateguard_sip["qpainterstateguard.sip"]\n    Root --> node_venv["venv"]\n    node_venv --> node_venv_lib["lib"]\n    node_venv_lib --> node_venv_lib_python3_12["python3.12"]\n    node_venv_lib_python3_12 --> node_venv_lib_python3_12_site-packages["site-packages"]\n    node_venv_lib_python3_12_site-packages --> node_venv_lib_python3_12_site-packages_PyQt6["PyQt6"]\n    node_venv_lib_python3_12_site-packages_PyQt6 --> node_venv_lib_python3_12_site-packages_PyQt6_bindings["bindings"]\n    node_venv_lib_python3_12_site-packages_PyQt6_bindings --> node_venv_lib_python3_12_site-packages_PyQt6_bindings_QtGui["QtGui"]\n    node_venv_lib_python3_12_site-packages_PyQt6_bindings_QtGui --> node_venv_lib_python3_12_site-packages_PyQt6_bindings_QtGui_qpalette_sip["qpalette.sip"]\n    Root --> node_venv["venv"]\n    node_venv --> node_venv_lib["lib"]\n    node_venv_lib --> node_venv_lib_python3_12["python3.12"]\n    node_venv_lib_python3_12 --> node_venv_lib_python3_12_site-packages["site-packages"]\n    node_venv_lib_python3_12_site-packages --> node_venv_lib_python3_12_site-packages_PyQt6["PyQt6"]\n    node_venv_lib_python3_12_site-packages_PyQt6 --> node_venv_lib_python3_12_site-packages_PyQt6_bindings["bindings"]\n    node_venv_lib_python3_12_site-packages_PyQt6_bindings --> node_venv_lib_python3_12_site-packages_PyQt6_bindings_QtGui["QtGui"]\n    node_venv_lib_python3_12_site-packages_PyQt6_bindings_QtGui --> node_venv_lib_python3_12_site-packages_PyQt6_bindings_QtGui_qpdfoutputintent_sip["qpdfoutputintent.sip"]\n    Root --> node_venv["venv"]\n    node_venv --> node_venv_lib["lib"]\n    node_venv_lib --> node_venv_lib_python3_12["python3.12"]\n    node_venv_lib_python3_12 --> node_venv_lib_python3_12_site-packages["site-packages"]\n    node_venv_lib_python3_12_site-packages --> node_venv_lib_python3_12_site-packages_PyQt6["PyQt6"]\n    node_venv_lib_python3_12_site-packages_PyQt6 --> node_venv_lib_python3_12_site-packages_PyQt6_bindings["bindings"]\n    node_venv_lib_python3_12_site-packages_PyQt6_bindings --> node_venv_lib_python3_12_site-packages_PyQt6_bindings_QtGui["QtGui"]\n    node_venv_lib_python3_12_site-packages_PyQt6_bindings_QtGui --> node_venv_lib_python3_12_site-packages_PyQt6_bindings_QtGui_qpdfwriter_sip["qpdfwriter.sip"]\n    Root --> node_venv["venv"]\n    node_venv --> node_venv_lib["lib"]\n    node_venv_lib --> node_venv_lib_python3_12["python3.12"]\n    node_venv_lib_python3_12 --> node_venv_lib_python3_12_site-packages["site-packages"]\n    node_venv_lib_python3_12_site-packages --> node_venv_lib_python3_12_site-packages_PyQt6["PyQt6"]\n    node_venv_lib_python3_12_site-packages_PyQt6 --> node_venv_lib_python3_12_site-packages_PyQt6_bindings["bindings"]\n    node_venv_lib_python3_12_site-packages_PyQt6_bindings --> node_venv_lib_python3_12_site-packages_PyQt6_bindings_QtGui["QtGui"]\n    node_venv_lib_python3_12_site-packages_PyQt6_bindings_QtGui --> node_venv_lib_python3_12_site-packages_PyQt6_bindings_QtGui_qpen_sip["qpen.sip"]\n    Root --> node_venv["venv"]\n    node_venv --> node_venv_lib["lib"]\n    node_venv_lib --> node_venv_lib_python3_12["python3.12"]\n    node_venv_lib_python3_12 --> node_venv_lib_python3_12_site-packages["site-packages"]\n    node_venv_lib_python3_12_site-packages --> node_venv_lib_python3_12_site-packages_PyQt6["PyQt6"]\n    node_venv_lib_python3_12_site-packages_PyQt6 --> node_venv_lib_python3_12_site-packages_PyQt6_bindings["bindings"]\n    node_venv_lib_python3_12_site-packages_PyQt6_bindings --> node_venv_lib_python3_12_site-packages_PyQt6_bindings_QtGui["QtGui"]\n    node_venv_lib_python3_12_site-packages_PyQt6_bindings_QtGui --> node_venv_lib_python3_12_site-packages_PyQt6_bindings_QtGui_qpicture_sip["qpicture.sip"]\n    Root --> node_venv["venv"]\n    node_venv --> node_venv_lib["lib"]\n    node_venv_lib --> node_venv_lib_python3_12["python3.12"]\n    node_venv_lib_python3_12 --> node_venv_lib_python3_12_site-packages["site-packages"]\n    node_venv_lib_python3_12_site-packages --> node_venv_lib_python3_12_site-packages_PyQt6["PyQt6"]\n    node_venv_lib_python3_12_site-packages_PyQt6 --> node_venv_lib_python3_12_site-packages_PyQt6_bindings["bindings"]\n    node_venv_lib_python3_12_site-packages_PyQt6_bindings --> node_venv_lib_python3_12_site-packages_PyQt6_bindings_QtGui["QtGui"]\n    node_venv_lib_python3_12_site-packages_PyQt6_bindings_QtGui --> node_venv_lib_python3_12_site-packages_PyQt6_bindings_QtGui_qpixelformat_sip["qpixelformat.sip"]\n    Root --> node_venv["venv"]\n    node_venv --> node_venv_lib["lib"]\n    node_venv_lib --> node_venv_lib_python3_12["python3.12"]\n    node_venv_lib_python3_12 --> node_venv_lib_python3_12_site-packages["site-packages"]\n    node_venv_lib_python3_12_site-packages --> node_venv_lib_python3_12_site-packages_PyQt6["PyQt6"]\n    node_venv_lib_python3_12_site-packages_PyQt6 --> node_venv_lib_python3_12_site-packages_PyQt6_bindings["bindings"]\n    node_venv_lib_python3_12_site-packages_PyQt6_bindings --> node_venv_lib_python3_12_site-packages_PyQt6_bindings_QtGui["QtGui"]\n    node_venv_lib_python3_12_site-packages_PyQt6_bindings_QtGui --> node_venv_lib_python3_12_site-packages_PyQt6_bindings_QtGui_qpixmap_sip["qpixmap.sip"]\n    Root --> node_venv["venv"]\n    node_venv --> node_venv_lib["lib"]\n    node_venv_lib --> node_venv_lib_python3_12["python3.12"]\n    node_venv_lib_python3_12 --> node_venv_lib_python3_12_site-packages["site-packages"]\n    node_venv_lib_python3_12_site-packages --> node_venv_lib_python3_12_site-packages_PyQt6["PyQt6"]\n    node_venv_lib_python3_12_site-packages_PyQt6 --> node_venv_lib_python3_12_site-packages_PyQt6_bindings["bindings"]\n    node_venv_lib_python3_12_site-packages_PyQt6_bindings --> node_venv_lib_python3_12_site-packages_PyQt6_bindings_QtGui["QtGui"]\n    node_venv_lib_python3_12_site-packages_PyQt6_bindings_QtGui --> node_venv_lib_python3_12_site-packages_PyQt6_bindings_QtGui_qpixmapcache_sip["qpixmapcache.sip"]\n    Root --> node_venv["venv"]\n    node_venv --> node_venv_lib["lib"]\n    node_venv_lib --> node_venv_lib_python3_12["python3.12"]\n    node_venv_lib_python3_12 --> node_venv_lib_python3_12_site-packages["site-packages"]\n    node_venv_lib_python3_12_site-packages --> node_venv_lib_python3_12_site-packages_PyQt6["PyQt6"]\n    node_venv_lib_python3_12_site-packages_PyQt6 --> node_venv_lib_python3_12_site-packages_PyQt6_bindings["bindings"]\n    node_venv_lib_python3_12_site-packages_PyQt6_bindings --> node_venv_lib_python3_12_site-packages_PyQt6_bindings_QtGui["QtGui"]\n    node_venv_lib_python3_12_site-packages_PyQt6_bindings_QtGui --> node_venv_lib_python3_12_site-packages_PyQt6_bindings_QtGui_qpointingdevice_sip["qpointingdevice.sip"]\n    Root --> node_venv["venv"]\n    node_venv --> node_venv_lib["lib"]\n    node_venv_lib --> node_venv_lib_python3_12["python3.12"]\n    node_venv_lib_python3_12 --> node_venv_lib_python3_12_site-packages["site-packages"]\n    node_venv_lib_python3_12_site-packages --> node_venv_lib_python3_12_site-packages_PyQt6["PyQt6"]\n    node_venv_lib_python3_12_site-packages_PyQt6 --> node_venv_lib_python3_12_site-packages_PyQt6_bindings["bindings"]\n    node_venv_lib_python3_12_site-packages_PyQt6_bindings --> node_venv_lib_python3_12_site-packages_PyQt6_bindings_QtGui["QtGui"]\n    node_venv_lib_python3_12_site-packages_PyQt6_bindings_QtGui --> node_venv_lib_python3_12_site-packages_PyQt6_bindings_QtGui_qpolygon_sip["qpolygon.sip"]\n    Root --> node_venv["venv"]\n    node_venv --> node_venv_lib["lib"]\n    node_venv_lib --> node_venv_lib_python3_12["python3.12"]\n    node_venv_lib_python3_12 --> node_venv_lib_python3_12_site-packages["site-packages"]\n    node_venv_lib_python3_12_site-packages --> node_venv_lib_python3_12_site-packages_PyQt6["PyQt6"]\n    node_venv_lib_python3_12_site-packages_PyQt6 --> node_venv_lib_python3_12_site-packages_PyQt6_bindings["bindings"]\n    node_venv_lib_python3_12_site-packages_PyQt6_bindings --> node_venv_lib_python3_12_site-packages_PyQt6_bindings_QtGui["QtGui"]\n    node_venv_lib_python3_12_site-packages_PyQt6_bindings_QtGui --> node_venv_lib_python3_12_site-packages_PyQt6_bindings_QtGui_qpygui_native_interface_sip["qpygui_native_interface.sip"]\n    Root --> node_venv["venv"]\n    node_venv --> node_venv_lib["lib"]\n    node_venv_lib --> node_venv_lib_python3_12["python3.12"]\n    node_venv_lib_python3_12 --> node_venv_lib_python3_12_site-packages["site-packages"]\n    node_venv_lib_python3_12_site-packages --> node_venv_lib_python3_12_site-packages_PyQt6["PyQt6"]\n    node_venv_lib_python3_12_site-packages_PyQt6 --> node_venv_lib_python3_12_site-packages_PyQt6_bindings["bindings"]\n    node_venv_lib_python3_12_site-packages_PyQt6_bindings --> node_venv_lib_python3_12_site-packages_PyQt6_bindings_QtGui["QtGui"]\n    node_venv_lib_python3_12_site-packages_PyQt6_bindings_QtGui --> node_venv_lib_python3_12_site-packages_PyQt6_bindings_QtGui_qpygui_qlist_sip["qpygui_qlist.sip"]\n    Root --> node_venv["venv"]\n    node_venv --> node_venv_lib["lib"]\n    node_venv_lib --> node_venv_lib_python3_12["python3.12"]\n    node_venv_lib_python3_12 --> node_venv_lib_python3_12_site-packages["site-packages"]\n    node_venv_lib_python3_12_site-packages --> node_venv_lib_python3_12_site-packages_PyQt6["PyQt6"]\n    node_venv_lib_python3_12_site-packages_PyQt6 --> node_venv_lib_python3_12_site-packages_PyQt6_bindings["bindings"]\n    node_venv_lib_python3_12_site-packages_PyQt6_bindings --> node_venv_lib_python3_12_site-packages_PyQt6_bindings_QtGui["QtGui"]\n    node_venv_lib_python3_12_site-packages_PyQt6_bindings_QtGui --> node_venv_lib_python3_12_site-packages_PyQt6_bindings_QtGui_qpygui_vulkan_sip["qpygui_vulkan.sip"]\n    Root --> node_venv["venv"]\n    node_venv --> node_venv_lib["lib"]\n    node_venv_lib --> node_venv_lib_python3_12["python3.12"]\n    node_venv_lib_python3_12 --> node_venv_lib_python3_12_site-packages["site-packages"]\n    node_venv_lib_python3_12_site-packages --> node_venv_lib_python3_12_site-packages_PyQt6["PyQt6"]\n    node_venv_lib_python3_12_site-packages_PyQt6 --> node_venv_lib_python3_12_site-packages_PyQt6_bindings["bindings"]\n    node_venv_lib_python3_12_site-packages_PyQt6_bindings --> node_venv_lib_python3_12_site-packages_PyQt6_bindings_QtGui["QtGui"]\n    node_venv_lib_python3_12_site-packages_PyQt6_bindings_QtGui --> node_venv_lib_python3_12_site-packages_PyQt6_bindings_QtGui_qquaternion_sip["qquaternion.sip"]\n    Root --> node_venv["venv"]\n    node_venv --> node_venv_lib["lib"]\n    node_venv_lib --> node_venv_lib_python3_12["python3.12"]\n    node_venv_lib_python3_12 --> node_venv_lib_python3_12_site-packages["site-packages"]\n    node_venv_lib_python3_12_site-packages --> node_venv_lib_python3_12_site-packages_PyQt6["PyQt6"]\n    node_venv_lib_python3_12_site-packages_PyQt6 --> node_venv_lib_python3_12_site-packages_PyQt6_bindings["bindings"]\n    node_venv_lib_python3_12_site-packages_PyQt6_bindings --> node_venv_lib_python3_12_site-packages_PyQt6_bindings_QtGui["QtGui"]\n    node_venv_lib_python3_12_site-packages_PyQt6_bindings_QtGui --> node_venv_lib_python3_12_site-packages_PyQt6_bindings_QtGui_qrasterwindow_sip["qrasterwindow.sip"]\n    Root --> node_venv["venv"]\n    node_venv --> node_venv_lib["lib"]\n    node_venv_lib --> node_venv_lib_python3_12["python3.12"]\n    node_venv_lib_python3_12 --> node_venv_lib_python3_12_site-packages["site-packages"]\n    node_venv_lib_python3_12_site-packages --> node_venv_lib_python3_12_site-packages_PyQt6["PyQt6"]\n    node_venv_lib_python3_12_site-packages_PyQt6 --> node_venv_lib_python3_12_site-packages_PyQt6_bindings["bindings"]\n    node_venv_lib_python3_12_site-packages_PyQt6_bindings --> node_venv_lib_python3_12_site-packages_PyQt6_bindings_QtGui["QtGui"]\n    node_venv_lib_python3_12_site-packages_PyQt6_bindings_QtGui --> node_venv_lib_python3_12_site-packages_PyQt6_bindings_QtGui_qrawfont_sip["qrawfont.sip"]\n    Root --> node_venv["venv"]\n    node_venv --> node_venv_lib["lib"]\n    node_venv_lib --> node_venv_lib_python3_12["python3.12"]\n    node_venv_lib_python3_12 --> node_venv_lib_python3_12_site-packages["site-packages"]\n    node_venv_lib_python3_12_site-packages --> node_venv_lib_python3_12_site-packages_PyQt6["PyQt6"]\n    node_venv_lib_python3_12_site-packages_PyQt6 --> node_venv_lib_python3_12_site-packages_PyQt6_bindings["bindings"]\n    node_venv_lib_python3_12_site-packages_PyQt6_bindings --> node_venv_lib_python3_12_site-packages_PyQt6_bindings_QtGui["QtGui"]\n    node_venv_lib_python3_12_site-packages_PyQt6_bindings_QtGui --> node_venv_lib_python3_12_site-packages_PyQt6_bindings_QtGui_qregion_sip["qregion.sip"]\n    Root --> node_venv["venv"]\n    node_venv --> node_venv_lib["lib"]\n    node_venv_lib --> node_venv_lib_python3_12["python3.12"]\n    node_venv_lib_python3_12 --> node_venv_lib_python3_12_site-packages["site-packages"]\n    node_venv_lib_python3_12_site-packages --> node_venv_lib_python3_12_site-packages_PyQt6["PyQt6"]\n    node_venv_lib_python3_12_site-packages_PyQt6 --> node_venv_lib_python3_12_site-packages_PyQt6_bindings["bindings"]\n    node_venv_lib_python3_12_site-packages_PyQt6_bindings --> node_venv_lib_python3_12_site-packages_PyQt6_bindings_QtGui["QtGui"]\n    node_venv_lib_python3_12_site-packages_PyQt6_bindings_QtGui --> node_venv_lib_python3_12_site-packages_PyQt6_bindings_QtGui_qrgb_sip["qrgb.sip"]\n    Root --> node_venv["venv"]\n    node_venv --> node_venv_lib["lib"]\n    node_venv_lib --> node_venv_lib_python3_12["python3.12"]\n    node_venv_lib_python3_12 --> node_venv_lib_python3_12_site-packages["site-packages"]\n    node_venv_lib_python3_12_site-packages --> node_venv_lib_python3_12_site-packages_PyQt6["PyQt6"]\n    node_venv_lib_python3_12_site-packages_PyQt6 --> node_venv_lib_python3_12_site-packages_PyQt6_bindings["bindings"]\n    node_venv_lib_python3_12_site-packages_PyQt6_bindings --> node_venv_lib_python3_12_site-packages_PyQt6_bindings_QtGui["QtGui"]\n    node_venv_lib_python3_12_site-packages_PyQt6_bindings_QtGui --> node_venv_lib_python3_12_site-packages_PyQt6_bindings_QtGui_qrgba64_sip["qrgba64.sip"]\n    Root --> node_venv["venv"]\n    node_venv --> node_venv_lib["lib"]\n    node_venv_lib --> node_venv_lib_python3_12["python3.12"]\n    node_venv_lib_python3_12 --> node_venv_lib_python3_12_site-packages["site-packages"]\n    node_venv_lib_python3_12_site-packages --> node_venv_lib_python3_12_site-packages_PyQt6["PyQt6"]\n    node_venv_lib_python3_12_site-packages_PyQt6 --> node_venv_lib_python3_12_site-packages_PyQt6_bindings["bindings"]\n    node_venv_lib_python3_12_site-packages_PyQt6_bindings --> node_venv_lib_python3_12_site-packages_PyQt6_bindings_QtGui["QtGui"]\n    node_venv_lib_python3_12_site-packages_PyQt6_bindings_QtGui --> node_venv_lib_python3_12_site-packages_PyQt6_bindings_QtGui_qscreen_sip["qscreen.sip"]\n    Root --> node_venv["venv"]\n    node_venv --> node_venv_lib["lib"]\n    node_venv_lib --> node_venv_lib_python3_12["python3.12"]\n    node_venv_lib_python3_12 --> node_venv_lib_python3_12_site-packages["site-packages"]\n    node_venv_lib_python3_12_site-packages --> node_venv_lib_python3_12_site-packages_PyQt6["PyQt6"]\n    node_venv_lib_python3_12_site-packages_PyQt6 --> node_venv_lib_python3_12_site-packages_PyQt6_bindings["bindings"]\n    node_venv_lib_python3_12_site-packages_PyQt6_bindings --> node_venv_lib_python3_12_site-packages_PyQt6_bindings_QtGui["QtGui"]\n    node_venv_lib_python3_12_site-packages_PyQt6_bindings_QtGui --> node_venv_lib_python3_12_site-packages_PyQt6_bindings_QtGui_qsessionmanager_sip["qsessionmanager.sip"]\n    Root --> node_venv["venv"]\n    node_venv --> node_venv_lib["lib"]\n    node_venv_lib --> node_venv_lib_python3_12["python3.12"]\n    node_venv_lib_python3_12 --> node_venv_lib_python3_12_site-packages["site-packages"]\n    node_venv_lib_python3_12_site-packages --> node_venv_lib_python3_12_site-packages_PyQt6["PyQt6"]\n    node_venv_lib_python3_12_site-packages_PyQt6 --> node_venv_lib_python3_12_site-packages_PyQt6_bindings["bindings"]\n    node_venv_lib_python3_12_site-packages_PyQt6_bindings --> node_venv_lib_python3_12_site-packages_PyQt6_bindings_QtGui["QtGui"]\n    node_venv_lib_python3_12_site-packages_PyQt6_bindings_QtGui --> node_venv_lib_python3_12_site-packages_PyQt6_bindings_QtGui_qshortcut_sip["qshortcut.sip"]\n    Root --> node_venv["venv"]\n    node_venv --> node_venv_lib["lib"]\n    node_venv_lib --> node_venv_lib_python3_12["python3.12"]\n    node_venv_lib_python3_12 --> node_venv_lib_python3_12_site-packages["site-packages"]\n    node_venv_lib_python3_12_site-packages --> node_venv_lib_python3_12_site-packages_PyQt6["PyQt6"]\n    node_venv_lib_python3_12_site-packages_PyQt6 --> node_venv_lib_python3_12_site-packages_PyQt6_bindings["bindings"]\n    node_venv_lib_python3_12_site-packages_PyQt6_bindings --> node_venv_lib_python3_12_site-packages_PyQt6_bindings_QtGui["QtGui"]\n    node_venv_lib_python3_12_site-packages_PyQt6_bindings_QtGui --> node_venv_lib_python3_12_site-packages_PyQt6_bindings_QtGui_qstandarditemmodel_sip["qstandarditemmodel.sip"]\n    Root --> node_venv["venv"]\n    node_venv --> node_venv_lib["lib"]\n    node_venv_lib --> node_venv_lib_python3_12["python3.12"]\n    node_venv_lib_python3_12 --> node_venv_lib_python3_12_site-packages["site-packages"]\n    node_venv_lib_python3_12_site-packages --> node_venv_lib_python3_12_site-packages_PyQt6["PyQt6"]\n    node_venv_lib_python3_12_site-packages_PyQt6 --> node_venv_lib_python3_12_site-packages_PyQt6_bindings["bindings"]\n    node_venv_lib_python3_12_site-packages_PyQt6_bindings --> node_venv_lib_python3_12_site-packages_PyQt6_bindings_QtGui["QtGui"]\n    node_venv_lib_python3_12_site-packages_PyQt6_bindings_QtGui --> node_venv_lib_python3_12_site-packages_PyQt6_bindings_QtGui_qstatictext_sip["qstatictext.sip"]\n    Root --> node_venv["venv"]\n    node_venv --> node_venv_lib["lib"]\n    node_venv_lib --> node_venv_lib_python3_12["python3.12"]\n    node_venv_lib_python3_12 --> node_venv_lib_python3_12_site-packages["site-packages"]\n    node_venv_lib_python3_12_site-packages --> node_venv_lib_python3_12_site-packages_PyQt6["PyQt6"]\n    node_venv_lib_python3_12_site-packages_PyQt6 --> node_venv_lib_python3_12_site-packages_PyQt6_bindings["bindings"]\n    node_venv_lib_python3_12_site-packages_PyQt6_bindings --> node_venv_lib_python3_12_site-packages_PyQt6_bindings_QtGui["QtGui"]\n    node_venv_lib_python3_12_site-packages_PyQt6_bindings_QtGui --> node_venv_lib_python3_12_site-packages_PyQt6_bindings_QtGui_qstylehints_sip["qstylehints.sip"]\n    Root --> node_venv["venv"]\n    node_venv --> node_venv_lib["lib"]\n    node_venv_lib --> node_venv_lib_python3_12["python3.12"]\n    node_venv_lib_python3_12 --> node_venv_lib_python3_12_site-packages["site-packages"]\n    node_venv_lib_python3_12_site-packages --> node_venv_lib_python3_12_site-packages_PyQt6["PyQt6"]\n    node_venv_lib_python3_12_site-packages_PyQt6 --> node_venv_lib_python3_12_site-packages_PyQt6_bindings["bindings"]\n    node_venv_lib_python3_12_site-packages_PyQt6_bindings --> node_venv_lib_python3_12_site-packages_PyQt6_bindings_QtGui["QtGui"]\n    node_venv_lib_python3_12_site-packages_PyQt6_bindings_QtGui --> node_venv_lib_python3_12_site-packages_PyQt6_bindings_QtGui_qsurface_sip["qsurface.sip"]\n    Root --> node_venv["venv"]\n    node_venv --> node_venv_lib["lib"]\n    node_venv_lib --> node_venv_lib_python3_12["python3.12"]\n    node_venv_lib_python3_12 --> node_venv_lib_python3_12_site-packages["site-packages"]\n    node_venv_lib_python3_12_site-packages --> node_venv_lib_python3_12_site-packages_PyQt6["PyQt6"]\n    node_venv_lib_python3_12_site-packages_PyQt6 --> node_venv_lib_python3_12_site-packages_PyQt6_bindings["bindings"]\n    node_venv_lib_python3_12_site-packages_PyQt6_bindings --> node_venv_lib_python3_12_site-packages_PyQt6_bindings_QtGui["QtGui"]\n    node_venv_lib_python3_12_site-packages_PyQt6_bindings_QtGui --> node_venv_lib_python3_12_site-packages_PyQt6_bindings_QtGui_qsurfaceformat_sip["qsurfaceformat.sip"]\n    Root --> node_venv["venv"]\n    node_venv --> node_venv_lib["lib"]\n    node_venv_lib --> node_venv_lib_python3_12["python3.12"]\n    node_venv_lib_python3_12 --> node_venv_lib_python3_12_site-packages["site-packages"]\n    node_venv_lib_python3_12_site-packages --> node_venv_lib_python3_12_site-packages_PyQt6["PyQt6"]\n    node_venv_lib_python3_12_site-packages_PyQt6 --> node_venv_lib_python3_12_site-packages_PyQt6_bindings["bindings"]\n    node_venv_lib_python3_12_site-packages_PyQt6_bindings --> node_venv_lib_python3_12_site-packages_PyQt6_bindings_QtGui["QtGui"]\n    node_venv_lib_python3_12_site-packages_PyQt6_bindings_QtGui --> node_venv_lib_python3_12_site-packages_PyQt6_bindings_QtGui_qsyntaxhighlighter_sip["qsyntaxhighlighter.sip"]\n    Root --> node_venv["venv"]\n    node_venv --> node_venv_lib["lib"]\n    node_venv_lib --> node_venv_lib_python3_12["python3.12"]\n    node_venv_lib_python3_12 --> node_venv_lib_python3_12_site-packages["site-packages"]\n    node_venv_lib_python3_12_site-packages --> node_venv_lib_python3_12_site-packages_PyQt6["PyQt6"]\n    node_venv_lib_python3_12_site-packages_PyQt6 --> node_venv_lib_python3_12_site-packages_PyQt6_bindings["bindings"]\n    node_venv_lib_python3_12_site-packages_PyQt6_bindings --> node_venv_lib_python3_12_site-packages_PyQt6_bindings_QtGui["QtGui"]\n    node_venv_lib_python3_12_site-packages_PyQt6_bindings_QtGui --> node_venv_lib_python3_12_site-packages_PyQt6_bindings_QtGui_qtextcursor_sip["qtextcursor.sip"]\n    Root --> node_venv["venv"]\n    node_venv --> node_venv_lib["lib"]\n    node_venv_lib --> node_venv_lib_python3_12["python3.12"]\n    node_venv_lib_python3_12 --> node_venv_lib_python3_12_site-packages["site-packages"]\n    node_venv_lib_python3_12_site-packages --> node_venv_lib_python3_12_site-packages_PyQt6["PyQt6"]\n    node_venv_lib_python3_12_site-packages_PyQt6 --> node_venv_lib_python3_12_site-packages_PyQt6_bindings["bindings"]\n    node_venv_lib_python3_12_site-packages_PyQt6_bindings --> node_venv_lib_python3_12_site-packages_PyQt6_bindings_QtGui["QtGui"]\n    node_venv_lib_python3_12_site-packages_PyQt6_bindings_QtGui --> node_venv_lib_python3_12_site-packages_PyQt6_bindings_QtGui_qtextdocument_sip["qtextdocument.sip"]\n    Root --> node_venv["venv"]\n    node_venv --> node_venv_lib["lib"]\n    node_venv_lib --> node_venv_lib_python3_12["python3.12"]\n    node_venv_lib_python3_12 --> node_venv_lib_python3_12_site-packages["site-packages"]\n    node_venv_lib_python3_12_site-packages --> node_venv_lib_python3_12_site-packages_PyQt6["PyQt6"]\n    node_venv_lib_python3_12_site-packages_PyQt6 --> node_venv_lib_python3_12_site-packages_PyQt6_bindings["bindings"]\n    node_venv_lib_python3_12_site-packages_PyQt6_bindings --> node_venv_lib_python3_12_site-packages_PyQt6_bindings_QtGui["QtGui"]\n    node_venv_lib_python3_12_site-packages_PyQt6_bindings_QtGui --> node_venv_lib_python3_12_site-packages_PyQt6_bindings_QtGui_qtextdocumentfragment_sip["qtextdocumentfragment.sip"]\n    Root --> node_venv["venv"]\n    node_venv --> node_venv_lib["lib"]\n    node_venv_lib --> node_venv_lib_python3_12["python3.12"]\n    node_venv_lib_python3_12 --> node_venv_lib_python3_12_site-packages["site-packages"]\n    node_venv_lib_python3_12_site-packages --> node_venv_lib_python3_12_site-packages_PyQt6["PyQt6"]\n    node_venv_lib_python3_12_site-packages_PyQt6 --> node_venv_lib_python3_12_site-packages_PyQt6_bindings["bindings"]\n    node_venv_lib_python3_12_site-packages_PyQt6_bindings --> node_venv_lib_python3_12_site-packages_PyQt6_bindings_QtGui["QtGui"]\n    node_venv_lib_python3_12_site-packages_PyQt6_bindings_QtGui --> node_venv_lib_python3_12_site-packages_PyQt6_bindings_QtGui_qtextdocumentwriter_sip["qtextdocumentwriter.sip"]\n    Root --> node_venv["venv"]\n    node_venv --> node_venv_lib["lib"]\n    node_venv_lib --> node_venv_lib_python3_12["python3.12"]\n    node_venv_lib_python3_12 --> node_venv_lib_python3_12_site-packages["site-packages"]\n    node_venv_lib_python3_12_site-packages --> node_venv_lib_python3_12_site-packages_PyQt6["PyQt6"]\n    node_venv_lib_python3_12_site-packages_PyQt6 --> node_venv_lib_python3_12_site-packages_PyQt6_bindings["bindings"]\n    node_venv_lib_python3_12_site-packages_PyQt6_bindings --> node_venv_lib_python3_12_site-packages_PyQt6_bindings_QtGui["QtGui"]\n    node_venv_lib_python3_12_site-packages_PyQt6_bindings_QtGui --> node_venv_lib_python3_12_site-packages_PyQt6_bindings_QtGui_qtextformat_sip["qtextformat.sip"]\n    Root --> node_venv["venv"]\n    node_venv --> node_venv_lib["lib"]\n    node_venv_lib --> node_venv_lib_python3_12["python3.12"]\n    node_venv_lib_python3_12 --> node_venv_lib_python3_12_site-packages["site-packages"]\n    node_venv_lib_python3_12_site-packages --> node_venv_lib_python3_12_site-packages_PyQt6["PyQt6"]\n    node_venv_lib_python3_12_site-packages_PyQt6 --> node_venv_lib_python3_12_site-packages_PyQt6_bindings["bindings"]\n    node_venv_lib_python3_12_site-packages_PyQt6_bindings --> node_venv_lib_python3_12_site-packages_PyQt6_bindings_QtGui["QtGui"]\n    node_venv_lib_python3_12_site-packages_PyQt6_bindings_QtGui --> node_venv_lib_python3_12_site-packages_PyQt6_bindings_QtGui_qtextlayout_sip["qtextlayout.sip"]\n    Root --> node_venv["venv"]\n    node_venv --> node_venv_lib["lib"]\n    node_venv_lib --> node_venv_lib_python3_12["python3.12"]\n    node_venv_lib_python3_12 --> node_venv_lib_python3_12_site-packages["site-packages"]\n    node_venv_lib_python3_12_site-packages --> node_venv_lib_python3_12_site-packages_PyQt6["PyQt6"]\n    node_venv_lib_python3_12_site-packages_PyQt6 --> node_venv_lib_python3_12_site-packages_PyQt6_bindings["bindings"]\n    node_venv_lib_python3_12_site-packages_PyQt6_bindings --> node_venv_lib_python3_12_site-packages_PyQt6_bindings_QtGui["QtGui"]\n    node_venv_lib_python3_12_site-packages_PyQt6_bindings_QtGui --> node_venv_lib_python3_12_site-packages_PyQt6_bindings_QtGui_qtextlist_sip["qtextlist.sip"]\n    Root --> node_venv["venv"]\n    node_venv --> node_venv_lib["lib"]\n    node_venv_lib --> node_venv_lib_python3_12["python3.12"]\n    node_venv_lib_python3_12 --> node_venv_lib_python3_12_site-packages["site-packages"]\n    node_venv_lib_python3_12_site-packages --> node_venv_lib_python3_12_site-packages_PyQt6["PyQt6"]\n    node_venv_lib_python3_12_site-packages_PyQt6 --> node_venv_lib_python3_12_site-packages_PyQt6_bindings["bindings"]\n    node_venv_lib_python3_12_site-packages_PyQt6_bindings --> node_venv_lib_python3_12_site-packages_PyQt6_bindings_QtGui["QtGui"]\n    node_venv_lib_python3_12_site-packages_PyQt6_bindings_QtGui --> node_venv_lib_python3_12_site-packages_PyQt6_bindings_QtGui_qtextobject_sip["qtextobject.sip"]\n    Root --> node_venv["venv"]\n    node_venv --> node_venv_lib["lib"]\n    node_venv_lib --> node_venv_lib_python3_12["python3.12"]\n    node_venv_lib_python3_12 --> node_venv_lib_python3_12_site-packages["site-packages"]\n    node_venv_lib_python3_12_site-packages --> node_venv_lib_python3_12_site-packages_PyQt6["PyQt6"]\n    node_venv_lib_python3_12_site-packages_PyQt6 --> node_venv_lib_python3_12_site-packages_PyQt6_bindings["bindings"]\n    node_venv_lib_python3_12_site-packages_PyQt6_bindings --> node_venv_lib_python3_12_site-packages_PyQt6_bindings_QtGui["QtGui"]\n    node_venv_lib_python3_12_site-packages_PyQt6_bindings_QtGui --> node_venv_lib_python3_12_site-packages_PyQt6_bindings_QtGui_qtextoption_sip["qtextoption.sip"]\n    Root --> node_venv["venv"]\n    node_venv --> node_venv_lib["lib"]\n    node_venv_lib --> node_venv_lib_python3_12["python3.12"]\n    node_venv_lib_python3_12 --> node_venv_lib_python3_12_site-packages["site-packages"]\n    node_venv_lib_python3_12_site-packages --> node_venv_lib_python3_12_site-packages_PyQt6["PyQt6"]\n    node_venv_lib_python3_12_site-packages_PyQt6 --> node_venv_lib_python3_12_site-packages_PyQt6_bindings["bindings"]\n    node_venv_lib_python3_12_site-packages_PyQt6_bindings --> node_venv_lib_python3_12_site-packages_PyQt6_bindings_QtGui["QtGui"]\n    node_venv_lib_python3_12_site-packages_PyQt6_bindings_QtGui --> node_venv_lib_python3_12_site-packages_PyQt6_bindings_QtGui_qtexttable_sip["qtexttable.sip"]\n    Root --> node_venv["venv"]\n    node_venv --> node_venv_lib["lib"]\n    node_venv_lib --> node_venv_lib_python3_12["python3.12"]\n    node_venv_lib_python3_12 --> node_venv_lib_python3_12_site-packages["site-packages"]\n    node_venv_lib_python3_12_site-packages --> node_venv_lib_python3_12_site-packages_PyQt6["PyQt6"]\n    node_venv_lib_python3_12_site-packages_PyQt6 --> node_venv_lib_python3_12_site-packages_PyQt6_bindings["bindings"]\n    node_venv_lib_python3_12_site-packages_PyQt6_bindings --> node_venv_lib_python3_12_site-packages_PyQt6_bindings_QtGui["QtGui"]\n    node_venv_lib_python3_12_site-packages_PyQt6_bindings_QtGui --> node_venv_lib_python3_12_site-packages_PyQt6_bindings_QtGui_qtransform_sip["qtransform.sip"]\n    Root --> node_venv["venv"]\n    node_venv --> node_venv_lib["lib"]\n    node_venv_lib --> node_venv_lib_python3_12["python3.12"]\n    node_venv_lib_python3_12 --> node_venv_lib_python3_12_site-packages["site-packages"]\n    node_venv_lib_python3_12_site-packages --> node_venv_lib_python3_12_site-packages_PyQt6["PyQt6"]\n    node_venv_lib_python3_12_site-packages_PyQt6 --> node_venv_lib_python3_12_site-packages_PyQt6_bindings["bindings"]\n    node_venv_lib_python3_12_site-packages_PyQt6_bindings --> node_venv_lib_python3_12_site-packages_PyQt6_bindings_QtGui["QtGui"]\n    node_venv_lib_python3_12_site-packages_PyQt6_bindings_QtGui --> node_venv_lib_python3_12_site-packages_PyQt6_bindings_QtGui_qundogroup_sip["qundogroup.sip"]\n    Root --> node_venv["venv"]\n    node_venv --> node_venv_lib["lib"]\n    node_venv_lib --> node_venv_lib_python3_12["python3.12"]\n    node_venv_lib_python3_12 --> node_venv_lib_python3_12_site-packages["site-packages"]\n    node_venv_lib_python3_12_site-packages --> node_venv_lib_python3_12_site-packages_PyQt6["PyQt6"]\n    node_venv_lib_python3_12_site-packages_PyQt6 --> node_venv_lib_python3_12_site-packages_PyQt6_bindings["bindings"]\n    node_venv_lib_python3_12_site-packages_PyQt6_bindings --> node_venv_lib_python3_12_site-packages_PyQt6_bindings_QtGui["QtGui"]\n    node_venv_lib_python3_12_site-packages_PyQt6_bindings_QtGui --> node_venv_lib_python3_12_site-packages_PyQt6_bindings_QtGui_qundostack_sip["qundostack.sip"]\n    Root --> node_venv["venv"]\n    node_venv --> node_venv_lib["lib"]\n    node_venv_lib --> node_venv_lib_python3_12["python3.12"]\n    node_venv_lib_python3_12 --> node_venv_lib_python3_12_site-packages["site-packages"]\n    node_venv_lib_python3_12_site-packages --> node_venv_lib_python3_12_site-packages_PyQt6["PyQt6"]\n    node_venv_lib_python3_12_site-packages_PyQt6 --> node_venv_lib_python3_12_site-packages_PyQt6_bindings["bindings"]\n    node_venv_lib_python3_12_site-packages_PyQt6_bindings --> node_venv_lib_python3_12_site-packages_PyQt6_bindings_QtGui["QtGui"]\n    node_venv_lib_python3_12_site-packages_PyQt6_bindings_QtGui --> node_venv_lib_python3_12_site-packages_PyQt6_bindings_QtGui_qutimimeconverter_sip["qutimimeconverter.sip"]\n    Root --> node_venv["venv"]\n    node_venv --> node_venv_lib["lib"]\n    node_venv_lib --> node_venv_lib_python3_12["python3.12"]\n    node_venv_lib_python3_12 --> node_venv_lib_python3_12_site-packages["site-packages"]\n    node_venv_lib_python3_12_site-packages --> node_venv_lib_python3_12_site-packages_PyQt6["PyQt6"]\n    node_venv_lib_python3_12_site-packages_PyQt6 --> node_venv_lib_python3_12_site-packages_PyQt6_bindings["bindings"]\n    node_venv_lib_python3_12_site-packages_PyQt6_bindings --> node_venv_lib_python3_12_site-packages_PyQt6_bindings_QtGui["QtGui"]\n    node_venv_lib_python3_12_site-packages_PyQt6_bindings_QtGui --> node_venv_lib_python3_12_site-packages_PyQt6_bindings_QtGui_qvalidator_sip["qvalidator.sip"]\n    Root --> node_venv["venv"]\n    node_venv --> node_venv_lib["lib"]\n    node_venv_lib --> node_venv_lib_python3_12["python3.12"]\n    node_venv_lib_python3_12 --> node_venv_lib_python3_12_site-packages["site-packages"]\n    node_venv_lib_python3_12_site-packages --> node_venv_lib_python3_12_site-packages_PyQt6["PyQt6"]\n    node_venv_lib_python3_12_site-packages_PyQt6 --> node_venv_lib_python3_12_site-packages_PyQt6_bindings["bindings"]\n    node_venv_lib_python3_12_site-packages_PyQt6_bindings --> node_venv_lib_python3_12_site-packages_PyQt6_bindings_QtGui["QtGui"]\n    node_venv_lib_python3_12_site-packages_PyQt6_bindings_QtGui --> node_venv_lib_python3_12_site-packages_PyQt6_bindings_QtGui_qvectornd_sip["qvectornd.sip"]\n    Root --> node_venv["venv"]\n    node_venv --> node_venv_lib["lib"]\n    node_venv_lib --> node_venv_lib_python3_12["python3.12"]\n    node_venv_lib_python3_12 --> node_venv_lib_python3_12_site-packages["site-packages"]\n    node_venv_lib_python3_12_site-packages --> node_venv_lib_python3_12_site-packages_PyQt6["PyQt6"]\n    node_venv_lib_python3_12_site-packages_PyQt6 --> node_venv_lib_python3_12_site-packages_PyQt6_bindings["bindings"]\n    node_venv_lib_python3_12_site-packages_PyQt6_bindings --> node_venv_lib_python3_12_site-packages_PyQt6_bindings_QtGui["QtGui"]\n    node_venv_lib_python3_12_site-packages_PyQt6_bindings_QtGui --> node_venv_lib_python3_12_site-packages_PyQt6_bindings_QtGui_qwindow_sip["qwindow.sip"]\n    Root --> node_venv["venv"]\n    node_venv --> node_venv_lib["lib"]\n    node_venv_lib --> node_venv_lib_python3_12["python3.12"]\n    node_venv_lib_python3_12 --> node_venv_lib_python3_12_site-packages["site-packages"]\n    node_venv_lib_python3_12_site-packages --> node_venv_lib_python3_12_site-packages_PyQt6["PyQt6"]\n    node_venv_lib_python3_12_site-packages_PyQt6 --> node_venv_lib_python3_12_site-packages_PyQt6_bindings["bindings"]\n    node_venv_lib_python3_12_site-packages_PyQt6_bindings --> node_venv_lib_python3_12_site-packages_PyQt6_bindings_QtGui["QtGui"]\n    node_venv_lib_python3_12_site-packages_PyQt6_bindings_QtGui --> node_venv_lib_python3_12_site-packages_PyQt6_bindings_QtGui_qwindowdefs_sip["qwindowdefs.sip"]\n    Root --> node_venv["venv"]\n    node_venv --> node_venv_lib["lib"]\n    node_venv_lib --> node_venv_lib_python3_12["python3.12"]\n    node_venv_lib_python3_12 --> node_venv_lib_python3_12_site-packages["site-packages"]\n    node_venv_lib_python3_12_site-packages --> node_venv_lib_python3_12_site-packages_PyQt6["PyQt6"]\n    node_venv_lib_python3_12_site-packages_PyQt6 --> node_venv_lib_python3_12_site-packages_PyQt6_bindings["bindings"]\n    node_venv_lib_python3_12_site-packages_PyQt6_bindings --> node_venv_lib_python3_12_site-packages_PyQt6_bindings_QtNfc["QtNfc"]\n    node_venv_lib_python3_12_site-packages_PyQt6_bindings_QtNfc --> node_venv_lib_python3_12_site-packages_PyQt6_bindings_QtNfc_QtNfc_toml["QtNfc.toml"]\n    Root --> node_venv["venv"]\n    node_venv --> node_venv_lib["lib"]\n    node_venv_lib --> node_venv_lib_python3_12["python3.12"]\n    node_venv_lib_python3_12 --> node_venv_lib_python3_12_site-packages["site-packages"]\n    node_venv_lib_python3_12_site-packages --> node_venv_lib_python3_12_site-packages_PyQt6["PyQt6"]\n    node_venv_lib_python3_12_site-packages_PyQt6 --> node_venv_lib_python3_12_site-packages_PyQt6_bindings["bindings"]\n    node_venv_lib_python3_12_site-packages_PyQt6_bindings --> node_venv_lib_python3_12_site-packages_PyQt6_bindings_QtNfc["QtNfc"]\n    node_venv_lib_python3_12_site-packages_PyQt6_bindings_QtNfc --> node_venv_lib_python3_12_site-packages_PyQt6_bindings_QtNfc_QtNfcmod_sip["QtNfcmod.sip"]\n    Root --> node_venv["venv"]\n    node_venv --> node_venv_lib["lib"]\n    node_venv_lib --> node_venv_lib_python3_12["python3.12"]\n    node_venv_lib_python3_12 --> node_venv_lib_python3_12_site-packages["site-packages"]\n    node_venv_lib_python3_12_site-packages --> node_venv_lib_python3_12_site-packages_PyQt6["PyQt6"]\n    node_venv_lib_python3_12_site-packages_PyQt6 --> node_venv_lib_python3_12_site-packages_PyQt6_bindings["bindings"]\n    node_venv_lib_python3_12_site-packages_PyQt6_bindings --> node_venv_lib_python3_12_site-packages_PyQt6_bindings_QtNfc["QtNfc"]\n    node_venv_lib_python3_12_site-packages_PyQt6_bindings_QtNfc --> node_venv_lib_python3_12_site-packages_PyQt6_bindings_QtNfc_qndeffilter_sip["qndeffilter.sip"]\n    Root --> node_venv["venv"]\n    node_venv --> node_venv_lib["lib"]\n    node_venv_lib --> node_venv_lib_python3_12["python3.12"]\n    node_venv_lib_python3_12 --> node_venv_lib_python3_12_site-packages["site-packages"]\n    node_venv_lib_python3_12_site-packages --> node_venv_lib_python3_12_site-packages_PyQt6["PyQt6"]\n    node_venv_lib_python3_12_site-packages_PyQt6 --> node_venv_lib_python3_12_site-packages_PyQt6_bindings["bindings"]\n    node_venv_lib_python3_12_site-packages_PyQt6_bindings --> node_venv_lib_python3_12_site-packages_PyQt6_bindings_QtNfc["QtNfc"]\n    node_venv_lib_python3_12_site-packages_PyQt6_bindings_QtNfc --> node_venv_lib_python3_12_site-packages_PyQt6_bindings_QtNfc_qndefmessage_sip["qndefmessage.sip"]\n    Root --> node_venv["venv"]\n    node_venv --> node_venv_lib["lib"]\n    node_venv_lib --> node_venv_lib_python3_12["python3.12"]\n    node_venv_lib_python3_12 --> node_venv_lib_python3_12_site-packages["site-packages"]\n    node_venv_lib_python3_12_site-packages --> node_venv_lib_python3_12_site-packages_PyQt6["PyQt6"]\n    node_venv_lib_python3_12_site-packages_PyQt6 --> node_venv_lib_python3_12_site-packages_PyQt6_bindings["bindings"]\n    node_venv_lib_python3_12_site-packages_PyQt6_bindings --> node_venv_lib_python3_12_site-packages_PyQt6_bindings_QtNfc["QtNfc"]\n    node_venv_lib_python3_12_site-packages_PyQt6_bindings_QtNfc --> node_venv_lib_python3_12_site-packages_PyQt6_bindings_QtNfc_qndefnfcsmartposterrecord_sip["qndefnfcsmartposterrecord.sip"]\n    Root --> node_venv["venv"]\n    node_venv --> node_venv_lib["lib"]\n    node_venv_lib --> node_venv_lib_python3_12["python3.12"]\n    node_venv_lib_python3_12 --> node_venv_lib_python3_12_site-packages["site-packages"]\n    node_venv_lib_python3_12_site-packages --> node_venv_lib_python3_12_site-packages_PyQt6["PyQt6"]\n    node_venv_lib_python3_12_site-packages_PyQt6 --> node_venv_lib_python3_12_site-packages_PyQt6_bindings["bindings"]\n    node_venv_lib_python3_12_site-packages_PyQt6_bindings --> node_venv_lib_python3_12_site-packages_PyQt6_bindings_QtNfc["QtNfc"]\n    node_venv_lib_python3_12_site-packages_PyQt6_bindings_QtNfc --> node_venv_lib_python3_12_site-packages_PyQt6_bindings_QtNfc_qndefnfctextrecord_sip["qndefnfctextrecord.sip"]\n    Root --> node_venv["venv"]\n    node_venv --> node_venv_lib["lib"]\n    node_venv_lib --> node_venv_lib_python3_12["python3.12"]\n    node_venv_lib_python3_12 --> node_venv_lib_python3_12_site-packages["site-packages"]\n    node_venv_lib_python3_12_site-packages --> node_venv_lib_python3_12_site-packages_PyQt6["PyQt6"]\n    node_venv_lib_python3_12_site-packages_PyQt6 --> node_venv_lib_python3_12_site-packages_PyQt6_bindings["bindings"]\n    node_venv_lib_python3_12_site-packages_PyQt6_bindings --> node_venv_lib_python3_12_site-packages_PyQt6_bindings_QtNfc["QtNfc"]\n    node_venv_lib_python3_12_site-packages_PyQt6_bindings_QtNfc --> node_venv_lib_python3_12_site-packages_PyQt6_bindings_QtNfc_qndefnfcurirecord_sip["qndefnfcurirecord.sip"]\n    Root --> node_venv["venv"]\n    node_venv --> node_venv_lib["lib"]\n    node_venv_lib --> node_venv_lib_python3_12["python3.12"]\n    node_venv_lib_python3_12 --> node_venv_lib_python3_12_site-packages["site-packages"]\n    node_venv_lib_python3_12_site-packages --> node_venv_lib_python3_12_site-packages_PyQt6["PyQt6"]\n    node_venv_lib_python3_12_site-packages_PyQt6 --> node_venv_lib_python3_12_site-packages_PyQt6_bindings["bindings"]\n    node_venv_lib_python3_12_site-packages_PyQt6_bindings --> node_venv_lib_python3_12_site-packages_PyQt6_bindings_QtNfc["QtNfc"]\n    node_venv_lib_python3_12_site-packages_PyQt6_bindings_QtNfc --> node_venv_lib_python3_12_site-packages_PyQt6_bindings_QtNfc_qndefrecord_sip["qndefrecord.sip"]\n    Root --> node_venv["venv"]\n    node_venv --> node_venv_lib["lib"]\n    node_venv_lib --> node_venv_lib_python3_12["python3.12"]\n    node_venv_lib_python3_12 --> node_venv_lib_python3_12_site-packages["site-packages"]\n    node_venv_lib_python3_12_site-packages --> node_venv_lib_python3_12_site-packages_PyQt6["PyQt6"]\n    node_venv_lib_python3_12_site-packages_PyQt6 --> node_venv_lib_python3_12_site-packages_PyQt6_bindings["bindings"]\n    node_venv_lib_python3_12_site-packages_PyQt6_bindings --> node_venv_lib_python3_12_site-packages_PyQt6_bindings_QtNfc["QtNfc"]\n    node_venv_lib_python3_12_site-packages_PyQt6_bindings_QtNfc --> node_venv_lib_python3_12_site-packages_PyQt6_bindings_QtNfc_qnearfieldmanager_sip["qnearfieldmanager.sip"]\n    Root --> node_venv["venv"]\n    node_venv --> node_venv_lib["lib"]\n    node_venv_lib --> node_venv_lib_python3_12["python3.12"]\n    node_venv_lib_python3_12 --> node_venv_lib_python3_12_site-packages["site-packages"]\n    node_venv_lib_python3_12_site-packages --> node_venv_lib_python3_12_site-packages_PyQt6["PyQt6"]\n    node_venv_lib_python3_12_site-packages_PyQt6 --> node_venv_lib_python3_12_site-packages_PyQt6_bindings["bindings"]\n    node_venv_lib_python3_12_site-packages_PyQt6_bindings --> node_venv_lib_python3_12_site-packages_PyQt6_bindings_QtNfc["QtNfc"]\n    node_venv_lib_python3_12_site-packages_PyQt6_bindings_QtNfc --> node_venv_lib_python3_12_site-packages_PyQt6_bindings_QtNfc_qnearfieldtarget_sip["qnearfieldtarget.sip"]\n    Root --> node_venv["venv"]\n    node_venv --> node_venv_lib["lib"]\n    node_venv_lib --> node_venv_lib_python3_12["python3.12"]\n    node_venv_lib_python3_12 --> node_venv_lib_python3_12_site-packages["site-packages"]\n    node_venv_lib_python3_12_site-packages --> node_venv_lib_python3_12_site-packages_PyQt6["PyQt6"]\n    node_venv_lib_python3_12_site-packages_PyQt6 --> node_venv_lib_python3_12_site-packages_PyQt6_bindings["bindings"]\n    node_venv_lib_python3_12_site-packages_PyQt6_bindings --> node_venv_lib_python3_12_site-packages_PyQt6_bindings_QtSerialPort["QtSerialPort"]\n    node_venv_lib_python3_12_site-packages_PyQt6_bindings_QtSerialPort --> node_venv_lib_python3_12_site-packages_PyQt6_bindings_QtSerialPort_QtSerialPort_toml["QtSerialPort.toml"]\n    Root --> node_venv["venv"]\n    node_venv --> node_venv_lib["lib"]\n    node_venv_lib --> node_venv_lib_python3_12["python3.12"]\n    node_venv_lib_python3_12 --> node_venv_lib_python3_12_site-packages["site-packages"]\n    node_venv_lib_python3_12_site-packages --> node_venv_lib_python3_12_site-packages_PyQt6["PyQt6"]\n    node_venv_lib_python3_12_site-packages_PyQt6 --> node_venv_lib_python3_12_site-packages_PyQt6_bindings["bindings"]\n    node_venv_lib_python3_12_site-packages_PyQt6_bindings --> node_venv_lib_python3_12_site-packages_PyQt6_bindings_QtSerialPort["QtSerialPort"]\n    node_venv_lib_python3_12_site-packages_PyQt6_bindings_QtSerialPort --> node_venv_lib_python3_12_site-packages_PyQt6_bindings_QtSerialPort_QtSerialPortmod_sip["QtSerialPortmod.sip"]\n    Root --> node_venv["venv"]\n    node_venv --> node_venv_lib["lib"]\n    node_venv_lib --> node_venv_lib_python3_12["python3.12"]\n    node_venv_lib_python3_12 --> node_venv_lib_python3_12_site-packages["site-packages"]\n    node_venv_lib_python3_12_site-packages --> node_venv_lib_python3_12_site-packages_PyQt6["PyQt6"]\n    node_venv_lib_python3_12_site-packages_PyQt6 --> node_venv_lib_python3_12_site-packages_PyQt6_bindings["bindings"]\n    node_venv_lib_python3_12_site-packages_PyQt6_bindings --> node_venv_lib_python3_12_site-packages_PyQt6_bindings_QtSerialPort["QtSerialPort"]\n    node_venv_lib_python3_12_site-packages_PyQt6_bindings_QtSerialPort --> node_venv_lib_python3_12_site-packages_PyQt6_bindings_QtSerialPort_qserialport_sip["qserialport.sip"]\n    Root --> node_venv["venv"]\n    node_venv --> node_venv_lib["lib"]\n    node_venv_lib --> node_venv_lib_python3_12["python3.12"]\n    node_venv_lib_python3_12 --> node_venv_lib_python3_12_site-packages["site-packages"]\n    node_venv_lib_python3_12_site-packages --> node_venv_lib_python3_12_site-packages_PyQt6["PyQt6"]\n    node_venv_lib_python3_12_site-packages_PyQt6 --> node_venv_lib_python3_12_site-packages_PyQt6_bindings["bindings"]\n    node_venv_lib_python3_12_site-packages_PyQt6_bindings --> node_venv_lib_python3_12_site-packages_PyQt6_bindings_QtSerialPort["QtSerialPort"]\n    node_venv_lib_python3_12_site-packages_PyQt6_bindings_QtSerialPort --> node_venv_lib_python3_12_site-packages_PyQt6_bindings_QtSerialPort_qserialportinfo_sip["qserialportinfo.sip"]\n    Root --> node_venv["venv"]\n    node_venv --> node_venv_lib["lib"]\n    node_venv_lib --> node_venv_lib_python3_12["python3.12"]\n    node_venv_lib_python3_12 --> node_venv_lib_python3_12_site-packages["site-packages"]\n    node_venv_lib_python3_12_site-packages --> node_venv_lib_python3_12_site-packages_PyQt6["PyQt6"]\n    node_venv_lib_python3_12_site-packages_PyQt6 --> node_venv_lib_python3_12_site-packages_PyQt6_bindings["bindings"]\n    node_venv_lib_python3_12_site-packages_PyQt6_bindings --> node_venv_lib_python3_12_site-packages_PyQt6_bindings_QtQuick["QtQuick"]\n    node_venv_lib_python3_12_site-packages_PyQt6_bindings_QtQuick --> node_venv_lib_python3_12_site-packages_PyQt6_bindings_QtQuick_QtQuick_toml["QtQuick.toml"]\n    Root --> node_venv["venv"]\n    node_venv --> node_venv_lib["lib"]\n    node_venv_lib --> node_venv_lib_python3_12["python3.12"]\n    node_venv_lib_python3_12 --> node_venv_lib_python3_12_site-packages["site-packages"]\n    node_venv_lib_python3_12_site-packages --> node_venv_lib_python3_12_site-packages_PyQt6["PyQt6"]\n    node_venv_lib_python3_12_site-packages_PyQt6 --> node_venv_lib_python3_12_site-packages_PyQt6_bindings["bindings"]\n    node_venv_lib_python3_12_site-packages_PyQt6_bindings --> node_venv_lib_python3_12_site-packages_PyQt6_bindings_QtQuick["QtQuick"]\n    node_venv_lib_python3_12_site-packages_PyQt6_bindings_QtQuick --> node_venv_lib_python3_12_site-packages_PyQt6_bindings_QtQuick_QtQuickmod_sip["QtQuickmod.sip"]\n    Root --> node_venv["venv"]\n    node_venv --> node_venv_lib["lib"]\n    node_venv_lib --> node_venv_lib_python3_12["python3.12"]\n    node_venv_lib_python3_12 --> node_venv_lib_python3_12_site-packages["site-packages"]\n    node_venv_lib_python3_12_site-packages --> node_venv_lib_python3_12_site-packages_PyQt6["PyQt6"]\n    node_venv_lib_python3_12_site-packages_PyQt6 --> node_venv_lib_python3_12_site-packages_PyQt6_bindings["bindings"]\n    node_venv_lib_python3_12_site-packages_PyQt6_bindings --> node_venv_lib_python3_12_site-packages_PyQt6_bindings_QtQuick["QtQuick"]\n    node_venv_lib_python3_12_site-packages_PyQt6_bindings_QtQuick --> node_venv_lib_python3_12_site-packages_PyQt6_bindings_QtQuick_qquickframebufferobject_sip["qquickframebufferobject.sip"]\n    Root --> node_venv["venv"]\n    node_venv --> node_venv_lib["lib"]\n    node_venv_lib --> node_venv_lib_python3_12["python3.12"]\n    node_venv_lib_python3_12 --> node_venv_lib_python3_12_site-packages["site-packages"]\n    node_venv_lib_python3_12_site-packages --> node_venv_lib_python3_12_site-packages_PyQt6["PyQt6"]\n    node_venv_lib_python3_12_site-packages_PyQt6 --> node_venv_lib_python3_12_site-packages_PyQt6_bindings["bindings"]\n    node_venv_lib_python3_12_site-packages_PyQt6_bindings --> node_venv_lib_python3_12_site-packages_PyQt6_bindings_QtQuick["QtQuick"]\n    node_venv_lib_python3_12_site-packages_PyQt6_bindings_QtQuick --> node_venv_lib_python3_12_site-packages_PyQt6_bindings_QtQuick_qquickgraphicsconfiguration_sip["qquickgraphicsconfiguration.sip"]\n    Root --> node_venv["venv"]\n    node_venv --> node_venv_lib["lib"]\n    node_venv_lib --> node_venv_lib_python3_12["python3.12"]\n    node_venv_lib_python3_12 --> node_venv_lib_python3_12_site-packages["site-packages"]\n    node_venv_lib_python3_12_site-packages --> node_venv_lib_python3_12_site-packages_PyQt6["PyQt6"]\n    node_venv_lib_python3_12_site-packages_PyQt6 --> node_venv_lib_python3_12_site-packages_PyQt6_bindings["bindings"]\n    node_venv_lib_python3_12_site-packages_PyQt6_bindings --> node_venv_lib_python3_12_site-packages_PyQt6_bindings_QtQuick["QtQuick"]\n    node_venv_lib_python3_12_site-packages_PyQt6_bindings_QtQuick --> node_venv_lib_python3_12_site-packages_PyQt6_bindings_QtQuick_qquickgraphicsdevice_sip["qquickgraphicsdevice.sip"]\n    Root --> node_venv["venv"]\n    node_venv --> node_venv_lib["lib"]\n    node_venv_lib --> node_venv_lib_python3_12["python3.12"]\n    node_venv_lib_python3_12 --> node_venv_lib_python3_12_site-packages["site-packages"]\n    node_venv_lib_python3_12_site-packages --> node_venv_lib_python3_12_site-packages_PyQt6["PyQt6"]\n    node_venv_lib_python3_12_site-packages_PyQt6 --> node_venv_lib_python3_12_site-packages_PyQt6_bindings["bindings"]\n    node_venv_lib_python3_12_site-packages_PyQt6_bindings --> node_venv_lib_python3_12_site-packages_PyQt6_bindings_QtQuick["QtQuick"]\n    node_venv_lib_python3_12_site-packages_PyQt6_bindings_QtQuick --> node_venv_lib_python3_12_site-packages_PyQt6_bindings_QtQuick_qquickimageprovider_sip["qquickimageprovider.sip"]\n    Root --> node_venv["venv"]\n    node_venv --> node_venv_lib["lib"]\n    node_venv_lib --> node_venv_lib_python3_12["python3.12"]\n    node_venv_lib_python3_12 --> node_venv_lib_python3_12_site-packages["site-packages"]\n    node_venv_lib_python3_12_site-packages --> node_venv_lib_python3_12_site-packages_PyQt6["PyQt6"]\n    node_venv_lib_python3_12_site-packages_PyQt6 --> node_venv_lib_python3_12_site-packages_PyQt6_bindings["bindings"]\n    node_venv_lib_python3_12_site-packages_PyQt6_bindings --> node_venv_lib_python3_12_site-packages_PyQt6_bindings_QtQuick["QtQuick"]\n    node_venv_lib_python3_12_site-packages_PyQt6_bindings_QtQuick --> node_venv_lib_python3_12_site-packages_PyQt6_bindings_QtQuick_qquickitem_sip["qquickitem.sip"]\n    Root --> node_venv["venv"]\n    node_venv --> node_venv_lib["lib"]\n    node_venv_lib --> node_venv_lib_python3_12["python3.12"]\n    node_venv_lib_python3_12 --> node_venv_lib_python3_12_site-packages["site-packages"]\n    node_venv_lib_python3_12_site-packages --> node_venv_lib_python3_12_site-packages_PyQt6["PyQt6"]\n    node_venv_lib_python3_12_site-packages_PyQt6 --> node_venv_lib_python3_12_site-packages_PyQt6_bindings["bindings"]\n    node_venv_lib_python3_12_site-packages_PyQt6_bindings --> node_venv_lib_python3_12_site-packages_PyQt6_bindings_QtQuick["QtQuick"]\n    node_venv_lib_python3_12_site-packages_PyQt6_bindings_QtQuick --> node_venv_lib_python3_12_site-packages_PyQt6_bindings_QtQuick_qquickitemgrabresult_sip["qquickitemgrabresult.sip"]\n    Root --> node_venv["venv"]\n    node_venv --> node_venv_lib["lib"]\n    node_venv_lib --> node_venv_lib_python3_12["python3.12"]\n    node_venv_lib_python3_12 --> node_venv_lib_python3_12_site-packages["site-packages"]\n    node_venv_lib_python3_12_site-packages --> node_venv_lib_python3_12_site-packages_PyQt6["PyQt6"]\n    node_venv_lib_python3_12_site-packages_PyQt6 --> node_venv_lib_python3_12_site-packages_PyQt6_bindings["bindings"]\n    node_venv_lib_python3_12_site-packages_PyQt6_bindings --> node_venv_lib_python3_12_site-packages_PyQt6_bindings_QtQuick["QtQuick"]\n    node_venv_lib_python3_12_site-packages_PyQt6_bindings_QtQuick --> node_venv_lib_python3_12_site-packages_PyQt6_bindings_QtQuick_qquickpainteditem_sip["qquickpainteditem.sip"]\n    Root --> node_venv["venv"]\n    node_venv --> node_venv_lib["lib"]\n    node_venv_lib --> node_venv_lib_python3_12["python3.12"]\n    node_venv_lib_python3_12 --> node_venv_lib_python3_12_site-packages["site-packages"]\n    node_venv_lib_python3_12_site-packages --> node_venv_lib_python3_12_site-packages_PyQt6["PyQt6"]\n    node_venv_lib_python3_12_site-packages_PyQt6 --> node_venv_lib_python3_12_site-packages_PyQt6_bindings["bindings"]\n    node_venv_lib_python3_12_site-packages_PyQt6_bindings --> node_venv_lib_python3_12_site-packages_PyQt6_bindings_QtQuick["QtQuick"]\n    node_venv_lib_python3_12_site-packages_PyQt6_bindings_QtQuick --> node_venv_lib_python3_12_site-packages_PyQt6_bindings_QtQuick_qquickrendercontrol_sip["qquickrendercontrol.sip"]\n    Root --> node_venv["venv"]\n    node_venv --> node_venv_lib["lib"]\n    node_venv_lib --> node_venv_lib_python3_12["python3.12"]\n    node_venv_lib_python3_12 --> node_venv_lib_python3_12_site-packages["site-packages"]\n    node_venv_lib_python3_12_site-packages --> node_venv_lib_python3_12_site-packages_PyQt6["PyQt6"]\n    node_venv_lib_python3_12_site-packages_PyQt6 --> node_venv_lib_python3_12_site-packages_PyQt6_bindings["bindings"]\n    node_venv_lib_python3_12_site-packages_PyQt6_bindings --> node_venv_lib_python3_12_site-packages_PyQt6_bindings_QtQuick["QtQuick"]\n    node_venv_lib_python3_12_site-packages_PyQt6_bindings_QtQuick --> node_venv_lib_python3_12_site-packages_PyQt6_bindings_QtQuick_qquickrendertarget_sip["qquickrendertarget.sip"]\n    Root --> node_venv["venv"]\n    node_venv --> node_venv_lib["lib"]\n    node_venv_lib --> node_venv_lib_python3_12["python3.12"]\n    node_venv_lib_python3_12 --> node_venv_lib_python3_12_site-packages["site-packages"]\n    node_venv_lib_python3_12_site-packages --> node_venv_lib_python3_12_site-packages_PyQt6["PyQt6"]\n    node_venv_lib_python3_12_site-packages_PyQt6 --> node_venv_lib_python3_12_site-packages_PyQt6_bindings["bindings"]\n    node_venv_lib_python3_12_site-packages_PyQt6_bindings --> node_venv_lib_python3_12_site-packages_PyQt6_bindings_QtQuick["QtQuick"]\n    node_venv_lib_python3_12_site-packages_PyQt6_bindings_QtQuick --> node_venv_lib_python3_12_site-packages_PyQt6_bindings_QtQuick_qquicktextdocument_sip["qquicktextdocument.sip"]\n    Root --> node_venv["venv"]\n    node_venv --> node_venv_lib["lib"]\n    node_venv_lib --> node_venv_lib_python3_12["python3.12"]\n    node_venv_lib_python3_12 --> node_venv_lib_python3_12_site-packages["site-packages"]\n    node_venv_lib_python3_12_site-packages --> node_venv_lib_python3_12_site-packages_PyQt6["PyQt6"]\n    node_venv_lib_python3_12_site-packages_PyQt6 --> node_venv_lib_python3_12_site-packages_PyQt6_bindings["bindings"]\n    node_venv_lib_python3_12_site-packages_PyQt6_bindings --> node_venv_lib_python3_12_site-packages_PyQt6_bindings_QtQuick["QtQuick"]\n    node_venv_lib_python3_12_site-packages_PyQt6_bindings_QtQuick --> node_venv_lib_python3_12_site-packages_PyQt6_bindings_QtQuick_qquickview_sip["qquickview.sip"]\n    Root --> node_venv["venv"]\n    node_venv --> node_venv_lib["lib"]\n    node_venv_lib --> node_venv_lib_python3_12["python3.12"]\n    node_venv_lib_python3_12 --> node_venv_lib_python3_12_site-packages["site-packages"]\n    node_venv_lib_python3_12_site-packages --> node_venv_lib_python3_12_site-packages_PyQt6["PyQt6"]\n    node_venv_lib_python3_12_site-packages_PyQt6 --> node_venv_lib_python3_12_site-packages_PyQt6_bindings["bindings"]\n    node_venv_lib_python3_12_site-packages_PyQt6_bindings --> node_venv_lib_python3_12_site-packages_PyQt6_bindings_QtQuick["QtQuick"]\n    node_venv_lib_python3_12_site-packages_PyQt6_bindings_QtQuick --> node_venv_lib_python3_12_site-packages_PyQt6_bindings_QtQuick_qquickwindow_sip["qquickwindow.sip"]\n    Root --> node_venv["venv"]\n    node_venv --> node_venv_lib["lib"]\n    node_venv_lib --> node_venv_lib_python3_12["python3.12"]\n    node_venv_lib_python3_12 --> node_venv_lib_python3_12_site-packages["site-packages"]\n    node_venv_lib_python3_12_site-packages --> node_venv_lib_python3_12_site-packages_PyQt6["PyQt6"]\n    node_venv_lib_python3_12_site-packages_PyQt6 --> node_venv_lib_python3_12_site-packages_PyQt6_bindings["bindings"]\n    node_venv_lib_python3_12_site-packages_PyQt6_bindings --> node_venv_lib_python3_12_site-packages_PyQt6_bindings_QtQuick["QtQuick"]\n    node_venv_lib_python3_12_site-packages_PyQt6_bindings_QtQuick --> node_venv_lib_python3_12_site-packages_PyQt6_bindings_QtQuick_qsgflatcolormaterial_sip["qsgflatcolormaterial.sip"]\n    Root --> node_venv["venv"]\n    node_venv --> node_venv_lib["lib"]\n    node_venv_lib --> node_venv_lib_python3_12["python3.12"]\n    node_venv_lib_python3_12 --> node_venv_lib_python3_12_site-packages["site-packages"]\n    node_venv_lib_python3_12_site-packages --> node_venv_lib_python3_12_site-packages_PyQt6["PyQt6"]\n    node_venv_lib_python3_12_site-packages_PyQt6 --> node_venv_lib_python3_12_site-packages_PyQt6_bindings["bindings"]\n    node_venv_lib_python3_12_site-packages_PyQt6_bindings --> node_venv_lib_python3_12_site-packages_PyQt6_bindings_QtQuick["QtQuick"]\n    node_venv_lib_python3_12_site-packages_PyQt6_bindings_QtQuick --> node_venv_lib_python3_12_site-packages_PyQt6_bindings_QtQuick_qsggeometry_sip["qsggeometry.sip"]\n    Root --> node_venv["venv"]\n    node_venv --> node_venv_lib["lib"]\n    node_venv_lib --> node_venv_lib_python3_12["python3.12"]\n    node_venv_lib_python3_12 --> node_venv_lib_python3_12_site-packages["site-packages"]\n    node_venv_lib_python3_12_site-packages --> node_venv_lib_python3_12_site-packages_PyQt6["PyQt6"]\n    node_venv_lib_python3_12_site-packages_PyQt6 --> node_venv_lib_python3_12_site-packages_PyQt6_bindings["bindings"]\n    node_venv_lib_python3_12_site-packages_PyQt6_bindings --> node_venv_lib_python3_12_site-packages_PyQt6_bindings_QtQuick["QtQuick"]\n    node_venv_lib_python3_12_site-packages_PyQt6_bindings_QtQuick --> node_venv_lib_python3_12_site-packages_PyQt6_bindings_QtQuick_qsgimagenode_sip["qsgimagenode.sip"]\n    Root --> node_venv["venv"]\n    node_venv --> node_venv_lib["lib"]\n    node_venv_lib --> node_venv_lib_python3_12["python3.12"]\n    node_venv_lib_python3_12 --> node_venv_lib_python3_12_site-packages["site-packages"]\n    node_venv_lib_python3_12_site-packages --> node_venv_lib_python3_12_site-packages_PyQt6["PyQt6"]\n    node_venv_lib_python3_12_site-packages_PyQt6 --> node_venv_lib_python3_12_site-packages_PyQt6_bindings["bindings"]\n    node_venv_lib_python3_12_site-packages_PyQt6_bindings --> node_venv_lib_python3_12_site-packages_PyQt6_bindings_QtQuick["QtQuick"]\n    node_venv_lib_python3_12_site-packages_PyQt6_bindings_QtQuick --> node_venv_lib_python3_12_site-packages_PyQt6_bindings_QtQuick_qsgmaterial_sip["qsgmaterial.sip"]\n    Root --> node_venv["venv"]\n    node_venv --> node_venv_lib["lib"]\n    node_venv_lib --> node_venv_lib_python3_12["python3.12"]\n    node_venv_lib_python3_12 --> node_venv_lib_python3_12_site-packages["site-packages"]\n    node_venv_lib_python3_12_site-packages --> node_venv_lib_python3_12_site-packages_PyQt6["PyQt6"]\n    node_venv_lib_python3_12_site-packages_PyQt6 --> node_venv_lib_python3_12_site-packages_PyQt6_bindings["bindings"]\n    node_venv_lib_python3_12_site-packages_PyQt6_bindings --> node_venv_lib_python3_12_site-packages_PyQt6_bindings_QtQuick["QtQuick"]\n    node_venv_lib_python3_12_site-packages_PyQt6_bindings_QtQuick --> node_venv_lib_python3_12_site-packages_PyQt6_bindings_QtQuick_qsgmaterialshader_sip["qsgmaterialshader.sip"]\n    Root --> node_venv["venv"]\n    node_venv --> node_venv_lib["lib"]\n    node_venv_lib --> node_venv_lib_python3_12["python3.12"]\n    node_venv_lib_python3_12 --> node_venv_lib_python3_12_site-packages["site-packages"]\n    node_venv_lib_python3_12_site-packages --> node_venv_lib_python3_12_site-packages_PyQt6["PyQt6"]\n    node_venv_lib_python3_12_site-packages_PyQt6 --> node_venv_lib_python3_12_site-packages_PyQt6_bindings["bindings"]\n    node_venv_lib_python3_12_site-packages_PyQt6_bindings --> node_venv_lib_python3_12_site-packages_PyQt6_bindings_QtQuick["QtQuick"]\n    node_venv_lib_python3_12_site-packages_PyQt6_bindings_QtQuick --> node_venv_lib_python3_12_site-packages_PyQt6_bindings_QtQuick_qsgmaterialtype_sip["qsgmaterialtype.sip"]\n    Root --> node_venv["venv"]\n    node_venv --> node_venv_lib["lib"]\n    node_venv_lib --> node_venv_lib_python3_12["python3.12"]\n    node_venv_lib_python3_12 --> node_venv_lib_python3_12_site-packages["site-packages"]\n    node_venv_lib_python3_12_site-packages --> node_venv_lib_python3_12_site-packages_PyQt6["PyQt6"]\n    node_venv_lib_python3_12_site-packages_PyQt6 --> node_venv_lib_python3_12_site-packages_PyQt6_bindings["bindings"]\n    node_venv_lib_python3_12_site-packages_PyQt6_bindings --> node_venv_lib_python3_12_site-packages_PyQt6_bindings_QtQuick["QtQuick"]\n    node_venv_lib_python3_12_site-packages_PyQt6_bindings_QtQuick --> node_venv_lib_python3_12_site-packages_PyQt6_bindings_QtQuick_qsgnode_sip["qsgnode.sip"]\n    Root --> node_venv["venv"]\n    node_venv --> node_venv_lib["lib"]\n    node_venv_lib --> node_venv_lib_python3_12["python3.12"]\n    node_venv_lib_python3_12 --> node_venv_lib_python3_12_site-packages["site-packages"]\n    node_venv_lib_python3_12_site-packages --> node_venv_lib_python3_12_site-packages_PyQt6["PyQt6"]\n    node_venv_lib_python3_12_site-packages_PyQt6 --> node_venv_lib_python3_12_site-packages_PyQt6_bindings["bindings"]\n    node_venv_lib_python3_12_site-packages_PyQt6_bindings --> node_venv_lib_python3_12_site-packages_PyQt6_bindings_QtQuick["QtQuick"]\n    node_venv_lib_python3_12_site-packages_PyQt6_bindings_QtQuick --> node_venv_lib_python3_12_site-packages_PyQt6_bindings_QtQuick_qsgrectanglenode_sip["qsgrectanglenode.sip"]\n    Root --> node_venv["venv"]\n    node_venv --> node_venv_lib["lib"]\n    node_venv_lib --> node_venv_lib_python3_12["python3.12"]\n    node_venv_lib_python3_12 --> node_venv_lib_python3_12_site-packages["site-packages"]\n    node_venv_lib_python3_12_site-packages --> node_venv_lib_python3_12_site-packages_PyQt6["PyQt6"]\n    node_venv_lib_python3_12_site-packages_PyQt6 --> node_venv_lib_python3_12_site-packages_PyQt6_bindings["bindings"]\n    node_venv_lib_python3_12_site-packages_PyQt6_bindings --> node_venv_lib_python3_12_site-packages_PyQt6_bindings_QtQuick["QtQuick"]\n    node_venv_lib_python3_12_site-packages_PyQt6_bindings_QtQuick --> node_venv_lib_python3_12_site-packages_PyQt6_bindings_QtQuick_qsgrendererinterface_sip["qsgrendererinterface.sip"]\n    Root --> node_venv["venv"]\n    node_venv --> node_venv_lib["lib"]\n    node_venv_lib --> node_venv_lib_python3_12["python3.12"]\n    node_venv_lib_python3_12 --> node_venv_lib_python3_12_site-packages["site-packages"]\n    node_venv_lib_python3_12_site-packages --> node_venv_lib_python3_12_site-packages_PyQt6["PyQt6"]\n    node_venv_lib_python3_12_site-packages_PyQt6 --> node_venv_lib_python3_12_site-packages_PyQt6_bindings["bindings"]\n    node_venv_lib_python3_12_site-packages_PyQt6_bindings --> node_venv_lib_python3_12_site-packages_PyQt6_bindings_QtQuick["QtQuick"]\n    node_venv_lib_python3_12_site-packages_PyQt6_bindings_QtQuick --> node_venv_lib_python3_12_site-packages_PyQt6_bindings_QtQuick_qsgrendernode_sip["qsgrendernode.sip"]\n    Root --> node_venv["venv"]\n    node_venv --> node_venv_lib["lib"]\n    node_venv_lib --> node_venv_lib_python3_12["python3.12"]\n    node_venv_lib_python3_12 --> node_venv_lib_python3_12_site-packages["site-packages"]\n    node_venv_lib_python3_12_site-packages --> node_venv_lib_python3_12_site-packages_PyQt6["PyQt6"]\n    node_venv_lib_python3_12_site-packages_PyQt6 --> node_venv_lib_python3_12_site-packages_PyQt6_bindings["bindings"]\n    node_venv_lib_python3_12_site-packages_PyQt6_bindings --> node_venv_lib_python3_12_site-packages_PyQt6_bindings_QtQuick["QtQuick"]\n    node_venv_lib_python3_12_site-packages_PyQt6_bindings_QtQuick --> node_venv_lib_python3_12_site-packages_PyQt6_bindings_QtQuick_qsgsimplerectnode_sip["qsgsimplerectnode.sip"]\n    Root --> node_venv["venv"]\n    node_venv --> node_venv_lib["lib"]\n    node_venv_lib --> node_venv_lib_python3_12["python3.12"]\n    node_venv_lib_python3_12 --> node_venv_lib_python3_12_site-packages["site-packages"]\n    node_venv_lib_python3_12_site-packages --> node_venv_lib_python3_12_site-packages_PyQt6["PyQt6"]\n    node_venv_lib_python3_12_site-packages_PyQt6 --> node_venv_lib_python3_12_site-packages_PyQt6_bindings["bindings"]\n    node_venv_lib_python3_12_site-packages_PyQt6_bindings --> node_venv_lib_python3_12_site-packages_PyQt6_bindings_QtQuick["QtQuick"]\n    node_venv_lib_python3_12_site-packages_PyQt6_bindings_QtQuick --> node_venv_lib_python3_12_site-packages_PyQt6_bindings_QtQuick_qsgsimpletexturenode_sip["qsgsimpletexturenode.sip"]\n    Root --> node_venv["venv"]\n    node_venv --> node_venv_lib["lib"]\n    node_venv_lib --> node_venv_lib_python3_12["python3.12"]\n    node_venv_lib_python3_12 --> node_venv_lib_python3_12_site-packages["site-packages"]\n    node_venv_lib_python3_12_site-packages --> node_venv_lib_python3_12_site-packages_PyQt6["PyQt6"]\n    node_venv_lib_python3_12_site-packages_PyQt6 --> node_venv_lib_python3_12_site-packages_PyQt6_bindings["bindings"]\n    node_venv_lib_python3_12_site-packages_PyQt6_bindings --> node_venv_lib_python3_12_site-packages_PyQt6_bindings_QtQuick["QtQuick"]\n    node_venv_lib_python3_12_site-packages_PyQt6_bindings_QtQuick --> node_venv_lib_python3_12_site-packages_PyQt6_bindings_QtQuick_qsgtextnode_sip["qsgtextnode.sip"]\n    Root --> node_venv["venv"]\n    node_venv --> node_venv_lib["lib"]\n    node_venv_lib --> node_venv_lib_python3_12["python3.12"]\n    node_venv_lib_python3_12 --> node_venv_lib_python3_12_site-packages["site-packages"]\n    node_venv_lib_python3_12_site-packages --> node_venv_lib_python3_12_site-packages_PyQt6["PyQt6"]\n    node_venv_lib_python3_12_site-packages_PyQt6 --> node_venv_lib_python3_12_site-packages_PyQt6_bindings["bindings"]\n    node_venv_lib_python3_12_site-packages_PyQt6_bindings --> node_venv_lib_python3_12_site-packages_PyQt6_bindings_QtQuick["QtQuick"]\n    node_venv_lib_python3_12_site-packages_PyQt6_bindings_QtQuick --> node_venv_lib_python3_12_site-packages_PyQt6_bindings_QtQuick_qsgtexture_sip["qsgtexture.sip"]\n    Root --> node_venv["venv"]\n    node_venv --> node_venv_lib["lib"]\n    node_venv_lib --> node_venv_lib_python3_12["python3.12"]\n    node_venv_lib_python3_12 --> node_venv_lib_python3_12_site-packages["site-packages"]\n    node_venv_lib_python3_12_site-packages --> node_venv_lib_python3_12_site-packages_PyQt6["PyQt6"]\n    node_venv_lib_python3_12_site-packages_PyQt6 --> node_venv_lib_python3_12_site-packages_PyQt6_bindings["bindings"]\n    node_venv_lib_python3_12_site-packages_PyQt6_bindings --> node_venv_lib_python3_12_site-packages_PyQt6_bindings_QtQuick["QtQuick"]\n    node_venv_lib_python3_12_site-packages_PyQt6_bindings_QtQuick --> node_venv_lib_python3_12_site-packages_PyQt6_bindings_QtQuick_qsgtexture_platform_sip["qsgtexture_platform.sip"]\n    Root --> node_venv["venv"]\n    node_venv --> node_venv_lib["lib"]\n    node_venv_lib --> node_venv_lib_python3_12["python3.12"]\n    node_venv_lib_python3_12 --> node_venv_lib_python3_12_site-packages["site-packages"]\n    node_venv_lib_python3_12_site-packages --> node_venv_lib_python3_12_site-packages_PyQt6["PyQt6"]\n    node_venv_lib_python3_12_site-packages_PyQt6 --> node_venv_lib_python3_12_site-packages_PyQt6_bindings["bindings"]\n    node_venv_lib_python3_12_site-packages_PyQt6_bindings --> node_venv_lib_python3_12_site-packages_PyQt6_bindings_QtQuick["QtQuick"]\n    node_venv_lib_python3_12_site-packages_PyQt6_bindings_QtQuick --> node_venv_lib_python3_12_site-packages_PyQt6_bindings_QtQuick_qsgtexturematerial_sip["qsgtexturematerial.sip"]\n    Root --> node_venv["venv"]\n    node_venv --> node_venv_lib["lib"]\n    node_venv_lib --> node_venv_lib_python3_12["python3.12"]\n    node_venv_lib_python3_12 --> node_venv_lib_python3_12_site-packages["site-packages"]\n    node_venv_lib_python3_12_site-packages --> node_venv_lib_python3_12_site-packages_PyQt6["PyQt6"]\n    node_venv_lib_python3_12_site-packages_PyQt6 --> node_venv_lib_python3_12_site-packages_PyQt6_bindings["bindings"]\n    node_venv_lib_python3_12_site-packages_PyQt6_bindings --> node_venv_lib_python3_12_site-packages_PyQt6_bindings_QtQuick["QtQuick"]\n    node_venv_lib_python3_12_site-packages_PyQt6_bindings_QtQuick --> node_venv_lib_python3_12_site-packages_PyQt6_bindings_QtQuick_qsgtextureprovider_sip["qsgtextureprovider.sip"]\n    Root --> node_venv["venv"]\n    node_venv --> node_venv_lib["lib"]\n    node_venv_lib --> node_venv_lib_python3_12["python3.12"]\n    node_venv_lib_python3_12 --> node_venv_lib_python3_12_site-packages["site-packages"]\n    node_venv_lib_python3_12_site-packages --> node_venv_lib_python3_12_site-packages_PyQt6["PyQt6"]\n    node_venv_lib_python3_12_site-packages_PyQt6 --> node_venv_lib_python3_12_site-packages_PyQt6_bindings["bindings"]\n    node_venv_lib_python3_12_site-packages_PyQt6_bindings --> node_venv_lib_python3_12_site-packages_PyQt6_bindings_QtQuick["QtQuick"]\n    node_venv_lib_python3_12_site-packages_PyQt6_bindings_QtQuick --> node_venv_lib_python3_12_site-packages_PyQt6_bindings_QtQuick_qsgvertexcolormaterial_sip["qsgvertexcolormaterial.sip"]\n    Root --> node_venv["venv"]\n    node_venv --> node_venv_lib["lib"]\n    node_venv_lib --> node_venv_lib_python3_12["python3.12"]\n    node_venv_lib_python3_12 --> node_venv_lib_python3_12_site-packages["site-packages"]\n    node_venv_lib_python3_12_site-packages --> node_venv_lib_python3_12_site-packages_PyQt6["PyQt6"]\n    node_venv_lib_python3_12_site-packages_PyQt6 --> node_venv_lib_python3_12_site-packages_PyQt6_bindings["bindings"]\n    node_venv_lib_python3_12_site-packages_PyQt6_bindings --> node_venv_lib_python3_12_site-packages_PyQt6_bindings_QtDBus["QtDBus"]\n    node_venv_lib_python3_12_site-packages_PyQt6_bindings_QtDBus --> node_venv_lib_python3_12_site-packages_PyQt6_bindings_QtDBus_QtDBus_toml["QtDBus.toml"]\n    Root --> node_venv["venv"]\n    node_venv --> node_venv_lib["lib"]\n    node_venv_lib --> node_venv_lib_python3_12["python3.12"]\n    node_venv_lib_python3_12 --> node_venv_lib_python3_12_site-packages["site-packages"]\n    node_venv_lib_python3_12_site-packages --> node_venv_lib_python3_12_site-packages_PyQt6["PyQt6"]\n    node_venv_lib_python3_12_site-packages_PyQt6 --> node_venv_lib_python3_12_site-packages_PyQt6_bindings["bindings"]\n    node_venv_lib_python3_12_site-packages_PyQt6_bindings --> node_venv_lib_python3_12_site-packages_PyQt6_bindings_QtDBus["QtDBus"]\n    node_venv_lib_python3_12_site-packages_PyQt6_bindings_QtDBus --> node_venv_lib_python3_12_site-packages_PyQt6_bindings_QtDBus_QtDBusmod_sip["QtDBusmod.sip"]\n    Root --> node_venv["venv"]\n    node_venv --> node_venv_lib["lib"]\n    node_venv_lib --> node_venv_lib_python3_12["python3.12"]\n    node_venv_lib_python3_12 --> node_venv_lib_python3_12_site-packages["site-packages"]\n    node_venv_lib_python3_12_site-packages --> node_venv_lib_python3_12_site-packages_PyQt6["PyQt6"]\n    node_venv_lib_python3_12_site-packages_PyQt6 --> node_venv_lib_python3_12_site-packages_PyQt6_bindings["bindings"]\n    node_venv_lib_python3_12_site-packages_PyQt6_bindings --> node_venv_lib_python3_12_site-packages_PyQt6_bindings_QtDBus["QtDBus"]\n    node_venv_lib_python3_12_site-packages_PyQt6_bindings_QtDBus --> node_venv_lib_python3_12_site-packages_PyQt6_bindings_QtDBus_qdbusabstractadaptor_sip["qdbusabstractadaptor.sip"]\n    Root --> node_venv["venv"]\n    node_venv --> node_venv_lib["lib"]\n    node_venv_lib --> node_venv_lib_python3_12["python3.12"]\n    node_venv_lib_python3_12 --> node_venv_lib_python3_12_site-packages["site-packages"]\n    node_venv_lib_python3_12_site-packages --> node_venv_lib_python3_12_site-packages_PyQt6["PyQt6"]\n    node_venv_lib_python3_12_site-packages_PyQt6 --> node_venv_lib_python3_12_site-packages_PyQt6_bindings["bindings"]\n    node_venv_lib_python3_12_site-packages_PyQt6_bindings --> node_venv_lib_python3_12_site-packages_PyQt6_bindings_QtDBus["QtDBus"]\n    node_venv_lib_python3_12_site-packages_PyQt6_bindings_QtDBus --> node_venv_lib_python3_12_site-packages_PyQt6_bindings_QtDBus_qdbusabstractinterface_sip["qdbusabstractinterface.sip"]\n    Root --> node_venv["venv"]\n    node_venv --> node_venv_lib["lib"]\n    node_venv_lib --> node_venv_lib_python3_12["python3.12"]\n    node_venv_lib_python3_12 --> node_venv_lib_python3_12_site-packages["site-packages"]\n    node_venv_lib_python3_12_site-packages --> node_venv_lib_python3_12_site-packages_PyQt6["PyQt6"]\n    node_venv_lib_python3_12_site-packages_PyQt6 --> node_venv_lib_python3_12_site-packages_PyQt6_bindings["bindings"]\n    node_venv_lib_python3_12_site-packages_PyQt6_bindings --> node_venv_lib_python3_12_site-packages_PyQt6_bindings_QtDBus["QtDBus"]\n    node_venv_lib_python3_12_site-packages_PyQt6_bindings_QtDBus --> node_venv_lib_python3_12_site-packages_PyQt6_bindings_QtDBus_qdbusargument_sip["qdbusargument.sip"]\n    Root --> node_venv["venv"]\n    node_venv --> node_venv_lib["lib"]\n    node_venv_lib --> node_venv_lib_python3_12["python3.12"]\n    node_venv_lib_python3_12 --> node_venv_lib_python3_12_site-packages["site-packages"]\n    node_venv_lib_python3_12_site-packages --> node_venv_lib_python3_12_site-packages_PyQt6["PyQt6"]\n    node_venv_lib_python3_12_site-packages_PyQt6 --> node_venv_lib_python3_12_site-packages_PyQt6_bindings["bindings"]\n    node_venv_lib_python3_12_site-packages_PyQt6_bindings --> node_venv_lib_python3_12_site-packages_PyQt6_bindings_QtDBus["QtDBus"]\n    node_venv_lib_python3_12_site-packages_PyQt6_bindings_QtDBus --> node_venv_lib_python3_12_site-packages_PyQt6_bindings_QtDBus_qdbusconnection_sip["qdbusconnection.sip"]\n    Root --> node_venv["venv"]\n    node_venv --> node_venv_lib["lib"]\n    node_venv_lib --> node_venv_lib_python3_12["python3.12"]\n    node_venv_lib_python3_12 --> node_venv_lib_python3_12_site-packages["site-packages"]\n    node_venv_lib_python3_12_site-packages --> node_venv_lib_python3_12_site-packages_PyQt6["PyQt6"]\n    node_venv_lib_python3_12_site-packages_PyQt6 --> node_venv_lib_python3_12_site-packages_PyQt6_bindings["bindings"]\n    node_venv_lib_python3_12_site-packages_PyQt6_bindings --> node_venv_lib_python3_12_site-packages_PyQt6_bindings_QtDBus["QtDBus"]\n    node_venv_lib_python3_12_site-packages_PyQt6_bindings_QtDBus --> node_venv_lib_python3_12_site-packages_PyQt6_bindings_QtDBus_qdbusconnectioninterface_sip["qdbusconnectioninterface.sip"]\n    Root --> node_venv["venv"]\n    node_venv --> node_venv_lib["lib"]\n    node_venv_lib --> node_venv_lib_python3_12["python3.12"]\n    node_venv_lib_python3_12 --> node_venv_lib_python3_12_site-packages["site-packages"]\n    node_venv_lib_python3_12_site-packages --> node_venv_lib_python3_12_site-packages_PyQt6["PyQt6"]\n    node_venv_lib_python3_12_site-packages_PyQt6 --> node_venv_lib_python3_12_site-packages_PyQt6_bindings["bindings"]\n    node_venv_lib_python3_12_site-packages_PyQt6_bindings --> node_venv_lib_python3_12_site-packages_PyQt6_bindings_QtDBus["QtDBus"]\n    node_venv_lib_python3_12_site-packages_PyQt6_bindings_QtDBus --> node_venv_lib_python3_12_site-packages_PyQt6_bindings_QtDBus_qdbuserror_sip["qdbuserror.sip"]\n    Root --> node_venv["venv"]\n    node_venv --> node_venv_lib["lib"]\n    node_venv_lib --> node_venv_lib_python3_12["python3.12"]\n    node_venv_lib_python3_12 --> node_venv_lib_python3_12_site-packages["site-packages"]\n    node_venv_lib_python3_12_site-packages --> node_venv_lib_python3_12_site-packages_PyQt6["PyQt6"]\n    node_venv_lib_python3_12_site-packages_PyQt6 --> node_venv_lib_python3_12_site-packages_PyQt6_bindings["bindings"]\n    node_venv_lib_python3_12_site-packages_PyQt6_bindings --> node_venv_lib_python3_12_site-packages_PyQt6_bindings_QtDBus["QtDBus"]\n    node_venv_lib_python3_12_site-packages_PyQt6_bindings_QtDBus --> node_venv_lib_python3_12_site-packages_PyQt6_bindings_QtDBus_qdbusextratypes_sip["qdbusextratypes.sip"]\n    Root --> node_venv["venv"]\n    node_venv --> node_venv_lib["lib"]\n    node_venv_lib --> node_venv_lib_python3_12["python3.12"]\n    node_venv_lib_python3_12 --> node_venv_lib_python3_12_site-packages["site-packages"]\n    node_venv_lib_python3_12_site-packages --> node_venv_lib_python3_12_site-packages_PyQt6["PyQt6"]\n    node_venv_lib_python3_12_site-packages_PyQt6 --> node_venv_lib_python3_12_site-packages_PyQt6_bindings["bindings"]\n    node_venv_lib_python3_12_site-packages_PyQt6_bindings --> node_venv_lib_python3_12_site-packages_PyQt6_bindings_QtDBus["QtDBus"]\n    node_venv_lib_python3_12_site-packages_PyQt6_bindings_QtDBus --> node_venv_lib_python3_12_site-packages_PyQt6_bindings_QtDBus_qdbusinterface_sip["qdbusinterface.sip"]\n    Root --> node_venv["venv"]\n    node_venv --> node_venv_lib["lib"]\n    node_venv_lib --> node_venv_lib_python3_12["python3.12"]\n    node_venv_lib_python3_12 --> node_venv_lib_python3_12_site-packages["site-packages"]\n    node_venv_lib_python3_12_site-packages --> node_venv_lib_python3_12_site-packages_PyQt6["PyQt6"]\n    node_venv_lib_python3_12_site-packages_PyQt6 --> node_venv_lib_python3_12_site-packages_PyQt6_bindings["bindings"]\n    node_venv_lib_python3_12_site-packages_PyQt6_bindings --> node_venv_lib_python3_12_site-packages_PyQt6_bindings_QtDBus["QtDBus"]\n    node_venv_lib_python3_12_site-packages_PyQt6_bindings_QtDBus --> node_venv_lib_python3_12_site-packages_PyQt6_bindings_QtDBus_qdbusmessage_sip["qdbusmessage.sip"]\n    Root --> node_venv["venv"]\n    node_venv --> node_venv_lib["lib"]\n    node_venv_lib --> node_venv_lib_python3_12["python3.12"]\n    node_venv_lib_python3_12 --> node_venv_lib_python3_12_site-packages["site-packages"]\n    node_venv_lib_python3_12_site-packages --> node_venv_lib_python3_12_site-packages_PyQt6["PyQt6"]\n    node_venv_lib_python3_12_site-packages_PyQt6 --> node_venv_lib_python3_12_site-packages_PyQt6_bindings["bindings"]\n    node_venv_lib_python3_12_site-packages_PyQt6_bindings --> node_venv_lib_python3_12_site-packages_PyQt6_bindings_QtDBus["QtDBus"]\n    node_venv_lib_python3_12_site-packages_PyQt6_bindings_QtDBus --> node_venv_lib_python3_12_site-packages_PyQt6_bindings_QtDBus_qdbuspendingcall_sip["qdbuspendingcall.sip"]\n    Root --> node_venv["venv"]\n    node_venv --> node_venv_lib["lib"]\n    node_venv_lib --> node_venv_lib_python3_12["python3.12"]\n    node_venv_lib_python3_12 --> node_venv_lib_python3_12_site-packages["site-packages"]\n    node_venv_lib_python3_12_site-packages --> node_venv_lib_python3_12_site-packages_PyQt6["PyQt6"]\n    node_venv_lib_python3_12_site-packages_PyQt6 --> node_venv_lib_python3_12_site-packages_PyQt6_bindings["bindings"]\n    node_venv_lib_python3_12_site-packages_PyQt6_bindings --> node_venv_lib_python3_12_site-packages_PyQt6_bindings_QtDBus["QtDBus"]\n    node_venv_lib_python3_12_site-packages_PyQt6_bindings_QtDBus --> node_venv_lib_python3_12_site-packages_PyQt6_bindings_QtDBus_qdbusservicewatcher_sip["qdbusservicewatcher.sip"]\n    Root --> node_venv["venv"]\n    node_venv --> node_venv_lib["lib"]\n    node_venv_lib --> node_venv_lib_python3_12["python3.12"]\n    node_venv_lib_python3_12 --> node_venv_lib_python3_12_site-packages["site-packages"]\n    node_venv_lib_python3_12_site-packages --> node_venv_lib_python3_12_site-packages_PyQt6["PyQt6"]\n    node_venv_lib_python3_12_site-packages_PyQt6 --> node_venv_lib_python3_12_site-packages_PyQt6_bindings["bindings"]\n    node_venv_lib_python3_12_site-packages_PyQt6_bindings --> node_venv_lib_python3_12_site-packages_PyQt6_bindings_QtDBus["QtDBus"]\n    node_venv_lib_python3_12_site-packages_PyQt6_bindings_QtDBus --> node_venv_lib_python3_12_site-packages_PyQt6_bindings_QtDBus_qdbusunixfiledescriptor_sip["qdbusunixfiledescriptor.sip"]\n    Root --> node_venv["venv"]\n    node_venv --> node_venv_lib["lib"]\n    node_venv_lib --> node_venv_lib_python3_12["python3.12"]\n    node_venv_lib_python3_12 --> node_venv_lib_python3_12_site-packages["site-packages"]\n    node_venv_lib_python3_12_site-packages --> node_venv_lib_python3_12_site-packages_PyQt6["PyQt6"]\n    node_venv_lib_python3_12_site-packages_PyQt6 --> node_venv_lib_python3_12_site-packages_PyQt6_bindings["bindings"]\n    node_venv_lib_python3_12_site-packages_PyQt6_bindings --> node_venv_lib_python3_12_site-packages_PyQt6_bindings_QtDBus["QtDBus"]\n    node_venv_lib_python3_12_site-packages_PyQt6_bindings_QtDBus --> node_venv_lib_python3_12_site-packages_PyQt6_bindings_QtDBus_qpydbuspendingreply_sip["qpydbuspendingreply.sip"]\n    Root --> node_venv["venv"]\n    node_venv --> node_venv_lib["lib"]\n    node_venv_lib --> node_venv_lib_python3_12["python3.12"]\n    node_venv_lib_python3_12 --> node_venv_lib_python3_12_site-packages["site-packages"]\n    node_venv_lib_python3_12_site-packages --> node_venv_lib_python3_12_site-packages_PyQt6["PyQt6"]\n    node_venv_lib_python3_12_site-packages_PyQt6 --> node_venv_lib_python3_12_site-packages_PyQt6_bindings["bindings"]\n    node_venv_lib_python3_12_site-packages_PyQt6_bindings --> node_venv_lib_python3_12_site-packages_PyQt6_bindings_QtDBus["QtDBus"]\n    node_venv_lib_python3_12_site-packages_PyQt6_bindings_QtDBus --> node_venv_lib_python3_12_site-packages_PyQt6_bindings_QtDBus_qpydbusreply_sip["qpydbusreply.sip"]\n    Root --> node_venv["venv"]\n    node_venv --> node_venv_lib["lib"]\n    node_venv_lib --> node_venv_lib_python3_12["python3.12"]\n    node_venv_lib_python3_12 --> node_venv_lib_python3_12_site-packages["site-packages"]\n    node_venv_lib_python3_12_site-packages --> node_venv_lib_python3_12_site-packages_PyQt6["PyQt6"]\n    node_venv_lib_python3_12_site-packages_PyQt6 --> node_venv_lib_python3_12_site-packages_PyQt6_bindings["bindings"]\n    node_venv_lib_python3_12_site-packages_PyQt6_bindings --> node_venv_lib_python3_12_site-packages_PyQt6_bindings_QtQuickWidgets["QtQuickWidgets"]\n    node_venv_lib_python3_12_site-packages_PyQt6_bindings_QtQuickWidgets --> node_venv_lib_python3_12_site-packages_PyQt6_bindings_QtQuickWidgets_QtQuickWidgets_toml["QtQuickWidgets.toml"]\n    Root --> node_venv["venv"]\n    node_venv --> node_venv_lib["lib"]\n    node_venv_lib --> node_venv_lib_python3_12["python3.12"]\n    node_venv_lib_python3_12 --> node_venv_lib_python3_12_site-packages["site-packages"]\n    node_venv_lib_python3_12_site-packages --> node_venv_lib_python3_12_site-packages_PyQt6["PyQt6"]\n    node_venv_lib_python3_12_site-packages_PyQt6 --> node_venv_lib_python3_12_site-packages_PyQt6_bindings["bindings"]\n    node_venv_lib_python3_12_site-packages_PyQt6_bindings --> node_venv_lib_python3_12_site-packages_PyQt6_bindings_QtQuickWidgets["QtQuickWidgets"]\n    node_venv_lib_python3_12_site-packages_PyQt6_bindings_QtQuickWidgets --> node_venv_lib_python3_12_site-packages_PyQt6_bindings_QtQuickWidgets_QtQuickWidgetsmod_sip["QtQuickWidgetsmod.sip"]\n    Root --> node_venv["venv"]\n    node_venv --> node_venv_lib["lib"]\n    node_venv_lib --> node_venv_lib_python3_12["python3.12"]\n    node_venv_lib_python3_12 --> node_venv_lib_python3_12_site-packages["site-packages"]\n    node_venv_lib_python3_12_site-packages --> node_venv_lib_python3_12_site-packages_PyQt6["PyQt6"]\n    node_venv_lib_python3_12_site-packages_PyQt6 --> node_venv_lib_python3_12_site-packages_PyQt6_bindings["bindings"]\n    node_venv_lib_python3_12_site-packages_PyQt6_bindings --> node_venv_lib_python3_12_site-packages_PyQt6_bindings_QtQuickWidgets["QtQuickWidgets"]\n    node_venv_lib_python3_12_site-packages_PyQt6_bindings_QtQuickWidgets --> node_venv_lib_python3_12_site-packages_PyQt6_bindings_QtQuickWidgets_qquickwidget_sip["qquickwidget.sip"]\n    Root --> node_venv["venv"]\n    node_venv --> node_venv_lib["lib"]\n    node_venv_lib --> node_venv_lib_python3_12["python3.12"]\n    node_venv_lib_python3_12 --> node_venv_lib_python3_12_site-packages["site-packages"]\n    node_venv_lib_python3_12_site-packages --> node_venv_lib_python3_12_site-packages_PyQt6["PyQt6"]\n    node_venv_lib_python3_12_site-packages_PyQt6 --> node_venv_lib_python3_12_site-packages_PyQt6_bindings["bindings"]\n    node_venv_lib_python3_12_site-packages_PyQt6_bindings --> node_venv_lib_python3_12_site-packages_PyQt6_bindings_QtWebChannel["QtWebChannel"]\n    node_venv_lib_python3_12_site-packages_PyQt6_bindings_QtWebChannel --> node_venv_lib_python3_12_site-packages_PyQt6_bindings_QtWebChannel_QtWebChannel_toml["QtWebChannel.toml"]\n    Root --> node_venv["venv"]\n    node_venv --> node_venv_lib["lib"]\n    node_venv_lib --> node_venv_lib_python3_12["python3.12"]\n    node_venv_lib_python3_12 --> node_venv_lib_python3_12_site-packages["site-packages"]\n    node_venv_lib_python3_12_site-packages --> node_venv_lib_python3_12_site-packages_PyQt6["PyQt6"]\n    node_venv_lib_python3_12_site-packages_PyQt6 --> node_venv_lib_python3_12_site-packages_PyQt6_bindings["bindings"]\n    node_venv_lib_python3_12_site-packages_PyQt6_bindings --> node_venv_lib_python3_12_site-packages_PyQt6_bindings_QtWebChannel["QtWebChannel"]\n    node_venv_lib_python3_12_site-packages_PyQt6_bindings_QtWebChannel --> node_venv_lib_python3_12_site-packages_PyQt6_bindings_QtWebChannel_QtWebChannelmod_sip["QtWebChannelmod.sip"]\n    Root --> node_venv["venv"]\n    node_venv --> node_venv_lib["lib"]\n    node_venv_lib --> node_venv_lib_python3_12["python3.12"]\n    node_venv_lib_python3_12 --> node_venv_lib_python3_12_site-packages["site-packages"]\n    node_venv_lib_python3_12_site-packages --> node_venv_lib_python3_12_site-packages_PyQt6["PyQt6"]\n    node_venv_lib_python3_12_site-packages_PyQt6 --> node_venv_lib_python3_12_site-packages_PyQt6_bindings["bindings"]\n    node_venv_lib_python3_12_site-packages_PyQt6_bindings --> node_venv_lib_python3_12_site-packages_PyQt6_bindings_QtWebChannel["QtWebChannel"]\n    node_venv_lib_python3_12_site-packages_PyQt6_bindings_QtWebChannel --> node_venv_lib_python3_12_site-packages_PyQt6_bindings_QtWebChannel_qwebchannel_sip["qwebchannel.sip"]\n    Root --> node_venv["venv"]\n    node_venv --> node_venv_lib["lib"]\n    node_venv_lib --> node_venv_lib_python3_12["python3.12"]\n    node_venv_lib_python3_12 --> node_venv_lib_python3_12_site-packages["site-packages"]\n    node_venv_lib_python3_12_site-packages --> node_venv_lib_python3_12_site-packages_PyQt6["PyQt6"]\n    node_venv_lib_python3_12_site-packages_PyQt6 --> node_venv_lib_python3_12_site-packages_PyQt6_bindings["bindings"]\n    node_venv_lib_python3_12_site-packages_PyQt6_bindings --> node_venv_lib_python3_12_site-packages_PyQt6_bindings_QtWebChannel["QtWebChannel"]\n    node_venv_lib_python3_12_site-packages_PyQt6_bindings_QtWebChannel --> node_venv_lib_python3_12_site-packages_PyQt6_bindings_QtWebChannel_qwebchannelabstracttransport_sip["qwebchannelabstracttransport.sip"]\n    Root --> node_venv["venv"]\n    node_venv --> node_venv_lib["lib"]\n    node_venv_lib --> node_venv_lib_python3_12["python3.12"]\n    node_venv_lib_python3_12 --> node_venv_lib_python3_12_site-packages["site-packages"]\n    node_venv_lib_python3_12_site-packages --> node_venv_lib_python3_12_site-packages_PyQt6["PyQt6"]\n    node_venv_lib_python3_12_site-packages_PyQt6 --> node_venv_lib_python3_12_site-packages_PyQt6_bindings["bindings"]\n    node_venv_lib_python3_12_site-packages_PyQt6_bindings --> node_venv_lib_python3_12_site-packages_PyQt6_bindings_QtWidgets["QtWidgets"]\n    node_venv_lib_python3_12_site-packages_PyQt6_bindings_QtWidgets --> node_venv_lib_python3_12_site-packages_PyQt6_bindings_QtWidgets_QtWidgets_toml["QtWidgets.toml"]\n    Root --> node_venv["venv"]\n    node_venv --> node_venv_lib["lib"]\n    node_venv_lib --> node_venv_lib_python3_12["python3.12"]\n    node_venv_lib_python3_12 --> node_venv_lib_python3_12_site-packages["site-packages"]\n    node_venv_lib_python3_12_site-packages --> node_venv_lib_python3_12_site-packages_PyQt6["PyQt6"]\n    node_venv_lib_python3_12_site-packages_PyQt6 --> node_venv_lib_python3_12_site-packages_PyQt6_bindings["bindings"]\n    node_venv_lib_python3_12_site-packages_PyQt6_bindings --> node_venv_lib_python3_12_site-packages_PyQt6_bindings_QtWidgets["QtWidgets"]\n    node_venv_lib_python3_12_site-packages_PyQt6_bindings_QtWidgets --> node_venv_lib_python3_12_site-packages_PyQt6_bindings_QtWidgets_QtWidgetsmod_sip["QtWidgetsmod.sip"]\n    Root --> node_venv["venv"]\n    node_venv --> node_venv_lib["lib"]\n    node_venv_lib --> node_venv_lib_python3_12["python3.12"]\n    node_venv_lib_python3_12 --> node_venv_lib_python3_12_site-packages["site-packages"]\n    node_venv_lib_python3_12_site-packages --> node_venv_lib_python3_12_site-packages_PyQt6["PyQt6"]\n    node_venv_lib_python3_12_site-packages_PyQt6 --> node_venv_lib_python3_12_site-packages_PyQt6_bindings["bindings"]\n    node_venv_lib_python3_12_site-packages_PyQt6_bindings --> node_venv_lib_python3_12_site-packages_PyQt6_bindings_QtWidgets["QtWidgets"]\n    node_venv_lib_python3_12_site-packages_PyQt6_bindings_QtWidgets --> node_venv_lib_python3_12_site-packages_PyQt6_bindings_QtWidgets_qabstractbutton_sip["qabstractbutton.sip"]\n    Root --> node_venv["venv"]\n    node_venv --> node_venv_lib["lib"]\n    node_venv_lib --> node_venv_lib_python3_12["python3.12"]\n    node_venv_lib_python3_12 --> node_venv_lib_python3_12_site-packages["site-packages"]\n    node_venv_lib_python3_12_site-packages --> node_venv_lib_python3_12_site-packages_PyQt6["PyQt6"]\n    node_venv_lib_python3_12_site-packages_PyQt6 --> node_venv_lib_python3_12_site-packages_PyQt6_bindings["bindings"]\n    node_venv_lib_python3_12_site-packages_PyQt6_bindings --> node_venv_lib_python3_12_site-packages_PyQt6_bindings_QtWidgets["QtWidgets"]\n    node_venv_lib_python3_12_site-packages_PyQt6_bindings_QtWidgets --> node_venv_lib_python3_12_site-packages_PyQt6_bindings_QtWidgets_qabstractitemdelegate_sip["qabstractitemdelegate.sip"]\n    Root --> node_venv["venv"]\n    node_venv --> node_venv_lib["lib"]\n    node_venv_lib --> node_venv_lib_python3_12["python3.12"]\n    node_venv_lib_python3_12 --> node_venv_lib_python3_12_site-packages["site-packages"]\n    node_venv_lib_python3_12_site-packages --> node_venv_lib_python3_12_site-packages_PyQt6["PyQt6"]\n    node_venv_lib_python3_12_site-packages_PyQt6 --> node_venv_lib_python3_12_site-packages_PyQt6_bindings["bindings"]\n    node_venv_lib_python3_12_site-packages_PyQt6_bindings --> node_venv_lib_python3_12_site-packages_PyQt6_bindings_QtWidgets["QtWidgets"]\n    node_venv_lib_python3_12_site-packages_PyQt6_bindings_QtWidgets --> node_venv_lib_python3_12_site-packages_PyQt6_bindings_QtWidgets_qabstractitemview_sip["qabstractitemview.sip"]\n    Root --> node_venv["venv"]\n    node_venv --> node_venv_lib["lib"]\n    node_venv_lib --> node_venv_lib_python3_12["python3.12"]\n    node_venv_lib_python3_12 --> node_venv_lib_python3_12_site-packages["site-packages"]\n    node_venv_lib_python3_12_site-packages --> node_venv_lib_python3_12_site-packages_PyQt6["PyQt6"]\n    node_venv_lib_python3_12_site-packages_PyQt6 --> node_venv_lib_python3_12_site-packages_PyQt6_bindings["bindings"]\n    node_venv_lib_python3_12_site-packages_PyQt6_bindings --> node_venv_lib_python3_12_site-packages_PyQt6_bindings_QtWidgets["QtWidgets"]\n    node_venv_lib_python3_12_site-packages_PyQt6_bindings_QtWidgets --> node_venv_lib_python3_12_site-packages_PyQt6_bindings_QtWidgets_qabstractscrollarea_sip["qabstractscrollarea.sip"]\n    Root --> node_venv["venv"]\n    node_venv --> node_venv_lib["lib"]\n    node_venv_lib --> node_venv_lib_python3_12["python3.12"]\n    node_venv_lib_python3_12 --> node_venv_lib_python3_12_site-packages["site-packages"]\n    node_venv_lib_python3_12_site-packages --> node_venv_lib_python3_12_site-packages_PyQt6["PyQt6"]\n    node_venv_lib_python3_12_site-packages_PyQt6 --> node_venv_lib_python3_12_site-packages_PyQt6_bindings["bindings"]\n    node_venv_lib_python3_12_site-packages_PyQt6_bindings --> node_venv_lib_python3_12_site-packages_PyQt6_bindings_QtWidgets["QtWidgets"]\n    node_venv_lib_python3_12_site-packages_PyQt6_bindings_QtWidgets --> node_venv_lib_python3_12_site-packages_PyQt6_bindings_QtWidgets_qabstractslider_sip["qabstractslider.sip"]\n    Root --> node_venv["venv"]\n    node_venv --> node_venv_lib["lib"]\n    node_venv_lib --> node_venv_lib_python3_12["python3.12"]\n    node_venv_lib_python3_12 --> node_venv_lib_python3_12_site-packages["site-packages"]\n    node_venv_lib_python3_12_site-packages --> node_venv_lib_python3_12_site-packages_PyQt6["PyQt6"]\n    node_venv_lib_python3_12_site-packages_PyQt6 --> node_venv_lib_python3_12_site-packages_PyQt6_bindings["bindings"]\n    node_venv_lib_python3_12_site-packages_PyQt6_bindings --> node_venv_lib_python3_12_site-packages_PyQt6_bindings_QtWidgets["QtWidgets"]\n    node_venv_lib_python3_12_site-packages_PyQt6_bindings_QtWidgets --> node_venv_lib_python3_12_site-packages_PyQt6_bindings_QtWidgets_qabstractspinbox_sip["qabstractspinbox.sip"]\n    Root --> node_venv["venv"]\n    node_venv --> node_venv_lib["lib"]\n    node_venv_lib --> node_venv_lib_python3_12["python3.12"]\n    node_venv_lib_python3_12 --> node_venv_lib_python3_12_site-packages["site-packages"]\n    node_venv_lib_python3_12_site-packages --> node_venv_lib_python3_12_site-packages_PyQt6["PyQt6"]\n    node_venv_lib_python3_12_site-packages_PyQt6 --> node_venv_lib_python3_12_site-packages_PyQt6_bindings["bindings"]\n    node_venv_lib_python3_12_site-packages_PyQt6_bindings --> node_venv_lib_python3_12_site-packages_PyQt6_bindings_QtWidgets["QtWidgets"]\n    node_venv_lib_python3_12_site-packages_PyQt6_bindings_QtWidgets --> node_venv_lib_python3_12_site-packages_PyQt6_bindings_QtWidgets_qapplication_sip["qapplication.sip"]\n    Root --> node_venv["venv"]\n    node_venv --> node_venv_lib["lib"]\n    node_venv_lib --> node_venv_lib_python3_12["python3.12"]\n    node_venv_lib_python3_12 --> node_venv_lib_python3_12_site-packages["site-packages"]\n    node_venv_lib_python3_12_site-packages --> node_venv_lib_python3_12_site-packages_PyQt6["PyQt6"]\n    node_venv_lib_python3_12_site-packages_PyQt6 --> node_venv_lib_python3_12_site-packages_PyQt6_bindings["bindings"]\n    node_venv_lib_python3_12_site-packages_PyQt6_bindings --> node_venv_lib_python3_12_site-packages_PyQt6_bindings_QtWidgets["QtWidgets"]\n    node_venv_lib_python3_12_site-packages_PyQt6_bindings_QtWidgets --> node_venv_lib_python3_12_site-packages_PyQt6_bindings_QtWidgets_qboxlayout_sip["qboxlayout.sip"]\n    Root --> node_venv["venv"]\n    node_venv --> node_venv_lib["lib"]\n    node_venv_lib --> node_venv_lib_python3_12["python3.12"]\n    node_venv_lib_python3_12 --> node_venv_lib_python3_12_site-packages["site-packages"]\n    node_venv_lib_python3_12_site-packages --> node_venv_lib_python3_12_site-packages_PyQt6["PyQt6"]\n    node_venv_lib_python3_12_site-packages_PyQt6 --> node_venv_lib_python3_12_site-packages_PyQt6_bindings["bindings"]\n    node_venv_lib_python3_12_site-packages_PyQt6_bindings --> node_venv_lib_python3_12_site-packages_PyQt6_bindings_QtWidgets["QtWidgets"]\n    node_venv_lib_python3_12_site-packages_PyQt6_bindings_QtWidgets --> node_venv_lib_python3_12_site-packages_PyQt6_bindings_QtWidgets_qbuttongroup_sip["qbuttongroup.sip"]\n    Root --> node_venv["venv"]\n    node_venv --> node_venv_lib["lib"]\n    node_venv_lib --> node_venv_lib_python3_12["python3.12"]\n    node_venv_lib_python3_12 --> node_venv_lib_python3_12_site-packages["site-packages"]\n    node_venv_lib_python3_12_site-packages --> node_venv_lib_python3_12_site-packages_PyQt6["PyQt6"]\n    node_venv_lib_python3_12_site-packages_PyQt6 --> node_venv_lib_python3_12_site-packages_PyQt6_bindings["bindings"]\n    node_venv_lib_python3_12_site-packages_PyQt6_bindings --> node_venv_lib_python3_12_site-packages_PyQt6_bindings_QtWidgets["QtWidgets"]\n    node_venv_lib_python3_12_site-packages_PyQt6_bindings_QtWidgets --> node_venv_lib_python3_12_site-packages_PyQt6_bindings_QtWidgets_qcalendarwidget_sip["qcalendarwidget.sip"]\n    Root --> node_venv["venv"]\n    node_venv --> node_venv_lib["lib"]\n    node_venv_lib --> node_venv_lib_python3_12["python3.12"]\n    node_venv_lib_python3_12 --> node_venv_lib_python3_12_site-packages["site-packages"]\n    node_venv_lib_python3_12_site-packages --> node_venv_lib_python3_12_site-packages_PyQt6["PyQt6"]\n    node_venv_lib_python3_12_site-packages_PyQt6 --> node_venv_lib_python3_12_site-packages_PyQt6_bindings["bindings"]\n    node_venv_lib_python3_12_site-packages_PyQt6_bindings --> node_venv_lib_python3_12_site-packages_PyQt6_bindings_QtWidgets["QtWidgets"]\n    node_venv_lib_python3_12_site-packages_PyQt6_bindings_QtWidgets --> node_venv_lib_python3_12_site-packages_PyQt6_bindings_QtWidgets_qcheckbox_sip["qcheckbox.sip"]\n    Root --> node_venv["venv"]\n    node_venv --> node_venv_lib["lib"]\n    node_venv_lib --> node_venv_lib_python3_12["python3.12"]\n    node_venv_lib_python3_12 --> node_venv_lib_python3_12_site-packages["site-packages"]\n    node_venv_lib_python3_12_site-packages --> node_venv_lib_python3_12_site-packages_PyQt6["PyQt6"]\n    node_venv_lib_python3_12_site-packages_PyQt6 --> node_venv_lib_python3_12_site-packages_PyQt6_bindings["bindings"]\n    node_venv_lib_python3_12_site-packages_PyQt6_bindings --> node_venv_lib_python3_12_site-packages_PyQt6_bindings_QtWidgets["QtWidgets"]\n    node_venv_lib_python3_12_site-packages_PyQt6_bindings_QtWidgets --> node_venv_lib_python3_12_site-packages_PyQt6_bindings_QtWidgets_qcolordialog_sip["qcolordialog.sip"]\n    Root --> node_venv["venv"]\n    node_venv --> node_venv_lib["lib"]\n    node_venv_lib --> node_venv_lib_python3_12["python3.12"]\n    node_venv_lib_python3_12 --> node_venv_lib_python3_12_site-packages["site-packages"]\n    node_venv_lib_python3_12_site-packages --> node_venv_lib_python3_12_site-packages_PyQt6["PyQt6"]\n    node_venv_lib_python3_12_site-packages_PyQt6 --> node_venv_lib_python3_12_site-packages_PyQt6_bindings["bindings"]\n    node_venv_lib_python3_12_site-packages_PyQt6_bindings --> node_venv_lib_python3_12_site-packages_PyQt6_bindings_QtWidgets["QtWidgets"]\n    node_venv_lib_python3_12_site-packages_PyQt6_bindings_QtWidgets --> node_venv_lib_python3_12_site-packages_PyQt6_bindings_QtWidgets_qcolumnview_sip["qcolumnview.sip"]\n    Root --> node_venv["venv"]\n    node_venv --> node_venv_lib["lib"]\n    node_venv_lib --> node_venv_lib_python3_12["python3.12"]\n    node_venv_lib_python3_12 --> node_venv_lib_python3_12_site-packages["site-packages"]\n    node_venv_lib_python3_12_site-packages --> node_venv_lib_python3_12_site-packages_PyQt6["PyQt6"]\n    node_venv_lib_python3_12_site-packages_PyQt6 --> node_venv_lib_python3_12_site-packages_PyQt6_bindings["bindings"]\n    node_venv_lib_python3_12_site-packages_PyQt6_bindings --> node_venv_lib_python3_12_site-packages_PyQt6_bindings_QtWidgets["QtWidgets"]\n    node_venv_lib_python3_12_site-packages_PyQt6_bindings_QtWidgets --> node_venv_lib_python3_12_site-packages_PyQt6_bindings_QtWidgets_qcombobox_sip["qcombobox.sip"]\n    Root --> node_venv["venv"]\n    node_venv --> node_venv_lib["lib"]\n    node_venv_lib --> node_venv_lib_python3_12["python3.12"]\n    node_venv_lib_python3_12 --> node_venv_lib_python3_12_site-packages["site-packages"]\n    node_venv_lib_python3_12_site-packages --> node_venv_lib_python3_12_site-packages_PyQt6["PyQt6"]\n    node_venv_lib_python3_12_site-packages_PyQt6 --> node_venv_lib_python3_12_site-packages_PyQt6_bindings["bindings"]\n    node_venv_lib_python3_12_site-packages_PyQt6_bindings --> node_venv_lib_python3_12_site-packages_PyQt6_bindings_QtWidgets["QtWidgets"]\n    node_venv_lib_python3_12_site-packages_PyQt6_bindings_QtWidgets --> node_venv_lib_python3_12_site-packages_PyQt6_bindings_QtWidgets_qcommandlinkbutton_sip["qcommandlinkbutton.sip"]\n    Root --> node_venv["venv"]\n    node_venv --> node_venv_lib["lib"]\n    node_venv_lib --> node_venv_lib_python3_12["python3.12"]\n    node_venv_lib_python3_12 --> node_venv_lib_python3_12_site-packages["site-packages"]\n    node_venv_lib_python3_12_site-packages --> node_venv_lib_python3_12_site-packages_PyQt6["PyQt6"]\n    node_venv_lib_python3_12_site-packages_PyQt6 --> node_venv_lib_python3_12_site-packages_PyQt6_bindings["bindings"]\n    node_venv_lib_python3_12_site-packages_PyQt6_bindings --> node_venv_lib_python3_12_site-packages_PyQt6_bindings_QtWidgets["QtWidgets"]\n    node_venv_lib_python3_12_site-packages_PyQt6_bindings_QtWidgets --> node_venv_lib_python3_12_site-packages_PyQt6_bindings_QtWidgets_qcommonstyle_sip["qcommonstyle.sip"]\n    Root --> node_venv["venv"]\n    node_venv --> node_venv_lib["lib"]\n    node_venv_lib --> node_venv_lib_python3_12["python3.12"]\n    node_venv_lib_python3_12 --> node_venv_lib_python3_12_site-packages["site-packages"]\n    node_venv_lib_python3_12_site-packages --> node_venv_lib_python3_12_site-packages_PyQt6["PyQt6"]\n    node_venv_lib_python3_12_site-packages_PyQt6 --> node_venv_lib_python3_12_site-packages_PyQt6_bindings["bindings"]\n    node_venv_lib_python3_12_site-packages_PyQt6_bindings --> node_venv_lib_python3_12_site-packages_PyQt6_bindings_QtWidgets["QtWidgets"]\n    node_venv_lib_python3_12_site-packages_PyQt6_bindings_QtWidgets --> node_venv_lib_python3_12_site-packages_PyQt6_bindings_QtWidgets_qcompleter_sip["qcompleter.sip"]\n    Root --> node_venv["venv"]\n    node_venv --> node_venv_lib["lib"]\n    node_venv_lib --> node_venv_lib_python3_12["python3.12"]\n    node_venv_lib_python3_12 --> node_venv_lib_python3_12_site-packages["site-packages"]\n    node_venv_lib_python3_12_site-packages --> node_venv_lib_python3_12_site-packages_PyQt6["PyQt6"]\n    node_venv_lib_python3_12_site-packages_PyQt6 --> node_venv_lib_python3_12_site-packages_PyQt6_bindings["bindings"]\n    node_venv_lib_python3_12_site-packages_PyQt6_bindings --> node_venv_lib_python3_12_site-packages_PyQt6_bindings_QtWidgets["QtWidgets"]\n    node_venv_lib_python3_12_site-packages_PyQt6_bindings_QtWidgets --> node_venv_lib_python3_12_site-packages_PyQt6_bindings_QtWidgets_qdatawidgetmapper_sip["qdatawidgetmapper.sip"]\n    Root --> node_venv["venv"]\n    node_venv --> node_venv_lib["lib"]\n    node_venv_lib --> node_venv_lib_python3_12["python3.12"]\n    node_venv_lib_python3_12 --> node_venv_lib_python3_12_site-packages["site-packages"]\n    node_venv_lib_python3_12_site-packages --> node_venv_lib_python3_12_site-packages_PyQt6["PyQt6"]\n    node_venv_lib_python3_12_site-packages_PyQt6 --> node_venv_lib_python3_12_site-packages_PyQt6_bindings["bindings"]\n    node_venv_lib_python3_12_site-packages_PyQt6_bindings --> node_venv_lib_python3_12_site-packages_PyQt6_bindings_QtWidgets["QtWidgets"]\n    node_venv_lib_python3_12_site-packages_PyQt6_bindings_QtWidgets --> node_venv_lib_python3_12_site-packages_PyQt6_bindings_QtWidgets_qdatetimeedit_sip["qdatetimeedit.sip"]\n    Root --> node_venv["venv"]\n    node_venv --> node_venv_lib["lib"]\n    node_venv_lib --> node_venv_lib_python3_12["python3.12"]\n    node_venv_lib_python3_12 --> node_venv_lib_python3_12_site-packages["site-packages"]\n    node_venv_lib_python3_12_site-packages --> node_venv_lib_python3_12_site-packages_PyQt6["PyQt6"]\n    node_venv_lib_python3_12_site-packages_PyQt6 --> node_venv_lib_python3_12_site-packages_PyQt6_bindings["bindings"]\n    node_venv_lib_python3_12_site-packages_PyQt6_bindings --> node_venv_lib_python3_12_site-packages_PyQt6_bindings_QtWidgets["QtWidgets"]\n    node_venv_lib_python3_12_site-packages_PyQt6_bindings_QtWidgets --> node_venv_lib_python3_12_site-packages_PyQt6_bindings_QtWidgets_qdial_sip["qdial.sip"]\n    Root --> node_venv["venv"]\n    node_venv --> node_venv_lib["lib"]\n    node_venv_lib --> node_venv_lib_python3_12["python3.12"]\n    node_venv_lib_python3_12 --> node_venv_lib_python3_12_site-packages["site-packages"]\n    node_venv_lib_python3_12_site-packages --> node_venv_lib_python3_12_site-packages_PyQt6["PyQt6"]\n    node_venv_lib_python3_12_site-packages_PyQt6 --> node_venv_lib_python3_12_site-packages_PyQt6_bindings["bindings"]\n    node_venv_lib_python3_12_site-packages_PyQt6_bindings --> node_venv_lib_python3_12_site-packages_PyQt6_bindings_QtWidgets["QtWidgets"]\n    node_venv_lib_python3_12_site-packages_PyQt6_bindings_QtWidgets --> node_venv_lib_python3_12_site-packages_PyQt6_bindings_QtWidgets_qdialog_sip["qdialog.sip"]\n    Root --> node_venv["venv"]\n    node_venv --> node_venv_lib["lib"]\n    node_venv_lib --> node_venv_lib_python3_12["python3.12"]\n    node_venv_lib_python3_12 --> node_venv_lib_python3_12_site-packages["site-packages"]\n    node_venv_lib_python3_12_site-packages --> node_venv_lib_python3_12_site-packages_PyQt6["PyQt6"]\n    node_venv_lib_python3_12_site-packages_PyQt6 --> node_venv_lib_python3_12_site-packages_PyQt6_bindings["bindings"]\n    node_venv_lib_python3_12_site-packages_PyQt6_bindings --> node_venv_lib_python3_12_site-packages_PyQt6_bindings_QtWidgets["QtWidgets"]\n    node_venv_lib_python3_12_site-packages_PyQt6_bindings_QtWidgets --> node_venv_lib_python3_12_site-packages_PyQt6_bindings_QtWidgets_qdialogbuttonbox_sip["qdialogbuttonbox.sip"]\n    Root --> node_venv["venv"]\n    node_venv --> node_venv_lib["lib"]\n    node_venv_lib --> node_venv_lib_python3_12["python3.12"]\n    node_venv_lib_python3_12 --> node_venv_lib_python3_12_site-packages["site-packages"]\n    node_venv_lib_python3_12_site-packages --> node_venv_lib_python3_12_site-packages_PyQt6["PyQt6"]\n    node_venv_lib_python3_12_site-packages_PyQt6 --> node_venv_lib_python3_12_site-packages_PyQt6_bindings["bindings"]\n    node_venv_lib_python3_12_site-packages_PyQt6_bindings --> node_venv_lib_python3_12_site-packages_PyQt6_bindings_QtWidgets["QtWidgets"]\n    node_venv_lib_python3_12_site-packages_PyQt6_bindings_QtWidgets --> node_venv_lib_python3_12_site-packages_PyQt6_bindings_QtWidgets_qdockwidget_sip["qdockwidget.sip"]\n    Root --> node_venv["venv"]\n    node_venv --> node_venv_lib["lib"]\n    node_venv_lib --> node_venv_lib_python3_12["python3.12"]\n    node_venv_lib_python3_12 --> node_venv_lib_python3_12_site-packages["site-packages"]\n    node_venv_lib_python3_12_site-packages --> node_venv_lib_python3_12_site-packages_PyQt6["PyQt6"]\n    node_venv_lib_python3_12_site-packages_PyQt6 --> node_venv_lib_python3_12_site-packages_PyQt6_bindings["bindings"]\n    node_venv_lib_python3_12_site-packages_PyQt6_bindings --> node_venv_lib_python3_12_site-packages_PyQt6_bindings_QtWidgets["QtWidgets"]\n    node_venv_lib_python3_12_site-packages_PyQt6_bindings_QtWidgets --> node_venv_lib_python3_12_site-packages_PyQt6_bindings_QtWidgets_qdrawutil_sip["qdrawutil.sip"]\n    Root --> node_venv["venv"]\n    node_venv --> node_venv_lib["lib"]\n    node_venv_lib --> node_venv_lib_python3_12["python3.12"]\n    node_venv_lib_python3_12 --> node_venv_lib_python3_12_site-packages["site-packages"]\n    node_venv_lib_python3_12_site-packages --> node_venv_lib_python3_12_site-packages_PyQt6["PyQt6"]\n    node_venv_lib_python3_12_site-packages_PyQt6 --> node_venv_lib_python3_12_site-packages_PyQt6_bindings["bindings"]\n    node_venv_lib_python3_12_site-packages_PyQt6_bindings --> node_venv_lib_python3_12_site-packages_PyQt6_bindings_QtWidgets["QtWidgets"]\n    node_venv_lib_python3_12_site-packages_PyQt6_bindings_QtWidgets --> node_venv_lib_python3_12_site-packages_PyQt6_bindings_QtWidgets_qerrormessage_sip["qerrormessage.sip"]\n    Root --> node_venv["venv"]\n    node_venv --> node_venv_lib["lib"]\n    node_venv_lib --> node_venv_lib_python3_12["python3.12"]\n    node_venv_lib_python3_12 --> node_venv_lib_python3_12_site-packages["site-packages"]\n    node_venv_lib_python3_12_site-packages --> node_venv_lib_python3_12_site-packages_PyQt6["PyQt6"]\n    node_venv_lib_python3_12_site-packages_PyQt6 --> node_venv_lib_python3_12_site-packages_PyQt6_bindings["bindings"]\n    node_venv_lib_python3_12_site-packages_PyQt6_bindings --> node_venv_lib_python3_12_site-packages_PyQt6_bindings_QtWidgets["QtWidgets"]\n    node_venv_lib_python3_12_site-packages_PyQt6_bindings_QtWidgets --> node_venv_lib_python3_12_site-packages_PyQt6_bindings_QtWidgets_qfiledialog_sip["qfiledialog.sip"]\n    Root --> node_venv["venv"]\n    node_venv --> node_venv_lib["lib"]\n    node_venv_lib --> node_venv_lib_python3_12["python3.12"]\n    node_venv_lib_python3_12 --> node_venv_lib_python3_12_site-packages["site-packages"]\n    node_venv_lib_python3_12_site-packages --> node_venv_lib_python3_12_site-packages_PyQt6["PyQt6"]\n    node_venv_lib_python3_12_site-packages_PyQt6 --> node_venv_lib_python3_12_site-packages_PyQt6_bindings["bindings"]\n    node_venv_lib_python3_12_site-packages_PyQt6_bindings --> node_venv_lib_python3_12_site-packages_PyQt6_bindings_QtWidgets["QtWidgets"]\n    node_venv_lib_python3_12_site-packages_PyQt6_bindings_QtWidgets --> node_venv_lib_python3_12_site-packages_PyQt6_bindings_QtWidgets_qfileiconprovider_sip["qfileiconprovider.sip"]\n    Root --> node_venv["venv"]\n    node_venv --> node_venv_lib["lib"]\n    node_venv_lib --> node_venv_lib_python3_12["python3.12"]\n    node_venv_lib_python3_12 --> node_venv_lib_python3_12_site-packages["site-packages"]\n    node_venv_lib_python3_12_site-packages --> node_venv_lib_python3_12_site-packages_PyQt6["PyQt6"]\n    node_venv_lib_python3_12_site-packages_PyQt6 --> node_venv_lib_python3_12_site-packages_PyQt6_bindings["bindings"]\n    node_venv_lib_python3_12_site-packages_PyQt6_bindings --> node_venv_lib_python3_12_site-packages_PyQt6_bindings_QtWidgets["QtWidgets"]\n    node_venv_lib_python3_12_site-packages_PyQt6_bindings_QtWidgets --> node_venv_lib_python3_12_site-packages_PyQt6_bindings_QtWidgets_qfilesystemmodel_sip["qfilesystemmodel.sip"]\n    Root --> node_venv["venv"]\n    node_venv --> node_venv_lib["lib"]\n    node_venv_lib --> node_venv_lib_python3_12["python3.12"]\n    node_venv_lib_python3_12 --> node_venv_lib_python3_12_site-packages["site-packages"]\n    node_venv_lib_python3_12_site-packages --> node_venv_lib_python3_12_site-packages_PyQt6["PyQt6"]\n    node_venv_lib_python3_12_site-packages_PyQt6 --> node_venv_lib_python3_12_site-packages_PyQt6_bindings["bindings"]\n    node_venv_lib_python3_12_site-packages_PyQt6_bindings --> node_venv_lib_python3_12_site-packages_PyQt6_bindings_QtWidgets["QtWidgets"]\n    node_venv_lib_python3_12_site-packages_PyQt6_bindings_QtWidgets --> node_venv_lib_python3_12_site-packages_PyQt6_bindings_QtWidgets_qfocusframe_sip["qfocusframe.sip"]\n    Root --> node_venv["venv"]\n    node_venv --> node_venv_lib["lib"]\n    node_venv_lib --> node_venv_lib_python3_12["python3.12"]\n    node_venv_lib_python3_12 --> node_venv_lib_python3_12_site-packages["site-packages"]\n    node_venv_lib_python3_12_site-packages --> node_venv_lib_python3_12_site-packages_PyQt6["PyQt6"]\n    node_venv_lib_python3_12_site-packages_PyQt6 --> node_venv_lib_python3_12_site-packages_PyQt6_bindings["bindings"]\n    node_venv_lib_python3_12_site-packages_PyQt6_bindings --> node_venv_lib_python3_12_site-packages_PyQt6_bindings_QtWidgets["QtWidgets"]\n    node_venv_lib_python3_12_site-packages_PyQt6_bindings_QtWidgets --> node_venv_lib_python3_12_site-packages_PyQt6_bindings_QtWidgets_qfontcombobox_sip["qfontcombobox.sip"]\n    Root --> node_venv["venv"]\n    node_venv --> node_venv_lib["lib"]\n    node_venv_lib --> node_venv_lib_python3_12["python3.12"]\n    node_venv_lib_python3_12 --> node_venv_lib_python3_12_site-packages["site-packages"]\n    node_venv_lib_python3_12_site-packages --> node_venv_lib_python3_12_site-packages_PyQt6["PyQt6"]\n    node_venv_lib_python3_12_site-packages_PyQt6 --> node_venv_lib_python3_12_site-packages_PyQt6_bindings["bindings"]\n    node_venv_lib_python3_12_site-packages_PyQt6_bindings --> node_venv_lib_python3_12_site-packages_PyQt6_bindings_QtWidgets["QtWidgets"]\n    node_venv_lib_python3_12_site-packages_PyQt6_bindings_QtWidgets --> node_venv_lib_python3_12_site-packages_PyQt6_bindings_QtWidgets_qfontdialog_sip["qfontdialog.sip"]\n    Root --> node_venv["venv"]\n    node_venv --> node_venv_lib["lib"]\n    node_venv_lib --> node_venv_lib_python3_12["python3.12"]\n    node_venv_lib_python3_12 --> node_venv_lib_python3_12_site-packages["site-packages"]\n    node_venv_lib_python3_12_site-packages --> node_venv_lib_python3_12_site-packages_PyQt6["PyQt6"]\n    node_venv_lib_python3_12_site-packages_PyQt6 --> node_venv_lib_python3_12_site-packages_PyQt6_bindings["bindings"]\n    node_venv_lib_python3_12_site-packages_PyQt6_bindings --> node_venv_lib_python3_12_site-packages_PyQt6_bindings_QtWidgets["QtWidgets"]\n    node_venv_lib_python3_12_site-packages_PyQt6_bindings_QtWidgets --> node_venv_lib_python3_12_site-packages_PyQt6_bindings_QtWidgets_qformlayout_sip["qformlayout.sip"]\n    Root --> node_venv["venv"]\n    node_venv --> node_venv_lib["lib"]\n    node_venv_lib --> node_venv_lib_python3_12["python3.12"]\n    node_venv_lib_python3_12 --> node_venv_lib_python3_12_site-packages["site-packages"]\n    node_venv_lib_python3_12_site-packages --> node_venv_lib_python3_12_site-packages_PyQt6["PyQt6"]\n    node_venv_lib_python3_12_site-packages_PyQt6 --> node_venv_lib_python3_12_site-packages_PyQt6_bindings["bindings"]\n    node_venv_lib_python3_12_site-packages_PyQt6_bindings --> node_venv_lib_python3_12_site-packages_PyQt6_bindings_QtWidgets["QtWidgets"]\n    node_venv_lib_python3_12_site-packages_PyQt6_bindings_QtWidgets --> node_venv_lib_python3_12_site-packages_PyQt6_bindings_QtWidgets_qframe_sip["qframe.sip"]\n    Root --> node_venv["venv"]\n    node_venv --> node_venv_lib["lib"]\n    node_venv_lib --> node_venv_lib_python3_12["python3.12"]\n    node_venv_lib_python3_12 --> node_venv_lib_python3_12_site-packages["site-packages"]\n    node_venv_lib_python3_12_site-packages --> node_venv_lib_python3_12_site-packages_PyQt6["PyQt6"]\n    node_venv_lib_python3_12_site-packages_PyQt6 --> node_venv_lib_python3_12_site-packages_PyQt6_bindings["bindings"]\n    node_venv_lib_python3_12_site-packages_PyQt6_bindings --> node_venv_lib_python3_12_site-packages_PyQt6_bindings_QtWidgets["QtWidgets"]\n    node_venv_lib_python3_12_site-packages_PyQt6_bindings_QtWidgets --> node_venv_lib_python3_12_site-packages_PyQt6_bindings_QtWidgets_qgesture_sip["qgesture.sip"]\n    Root --> node_venv["venv"]\n    node_venv --> node_venv_lib["lib"]\n    node_venv_lib --> node_venv_lib_python3_12["python3.12"]\n    node_venv_lib_python3_12 --> node_venv_lib_python3_12_site-packages["site-packages"]\n    node_venv_lib_python3_12_site-packages --> node_venv_lib_python3_12_site-packages_PyQt6["PyQt6"]\n    node_venv_lib_python3_12_site-packages_PyQt6 --> node_venv_lib_python3_12_site-packages_PyQt6_bindings["bindings"]\n    node_venv_lib_python3_12_site-packages_PyQt6_bindings --> node_venv_lib_python3_12_site-packages_PyQt6_bindings_QtWidgets["QtWidgets"]\n    node_venv_lib_python3_12_site-packages_PyQt6_bindings_QtWidgets --> node_venv_lib_python3_12_site-packages_PyQt6_bindings_QtWidgets_qgesturerecognizer_sip["qgesturerecognizer.sip"]\n    Root --> node_venv["venv"]\n    node_venv --> node_venv_lib["lib"]\n    node_venv_lib --> node_venv_lib_python3_12["python3.12"]\n    node_venv_lib_python3_12 --> node_venv_lib_python3_12_site-packages["site-packages"]\n    node_venv_lib_python3_12_site-packages --> node_venv_lib_python3_12_site-packages_PyQt6["PyQt6"]\n    node_venv_lib_python3_12_site-packages_PyQt6 --> node_venv_lib_python3_12_site-packages_PyQt6_bindings["bindings"]\n    node_venv_lib_python3_12_site-packages_PyQt6_bindings --> node_venv_lib_python3_12_site-packages_PyQt6_bindings_QtWidgets["QtWidgets"]\n    node_venv_lib_python3_12_site-packages_PyQt6_bindings_QtWidgets --> node_venv_lib_python3_12_site-packages_PyQt6_bindings_QtWidgets_qgraphicsanchorlayout_sip["qgraphicsanchorlayout.sip"]\n    Root --> node_venv["venv"]\n    node_venv --> node_venv_lib["lib"]\n    node_venv_lib --> node_venv_lib_python3_12["python3.12"]\n    node_venv_lib_python3_12 --> node_venv_lib_python3_12_site-packages["site-packages"]\n    node_venv_lib_python3_12_site-packages --> node_venv_lib_python3_12_site-packages_PyQt6["PyQt6"]\n    node_venv_lib_python3_12_site-packages_PyQt6 --> node_venv_lib_python3_12_site-packages_PyQt6_bindings["bindings"]\n    node_venv_lib_python3_12_site-packages_PyQt6_bindings --> node_venv_lib_python3_12_site-packages_PyQt6_bindings_QtWidgets["QtWidgets"]\n    node_venv_lib_python3_12_site-packages_PyQt6_bindings_QtWidgets --> node_venv_lib_python3_12_site-packages_PyQt6_bindings_QtWidgets_qgraphicseffect_sip["qgraphicseffect.sip"]\n    Root --> node_venv["venv"]\n    node_venv --> node_venv_lib["lib"]\n    node_venv_lib --> node_venv_lib_python3_12["python3.12"]\n    node_venv_lib_python3_12 --> node_venv_lib_python3_12_site-packages["site-packages"]\n    node_venv_lib_python3_12_site-packages --> node_venv_lib_python3_12_site-packages_PyQt6["PyQt6"]\n    node_venv_lib_python3_12_site-packages_PyQt6 --> node_venv_lib_python3_12_site-packages_PyQt6_bindings["bindings"]\n    node_venv_lib_python3_12_site-packages_PyQt6_bindings --> node_venv_lib_python3_12_site-packages_PyQt6_bindings_QtWidgets["QtWidgets"]\n    node_venv_lib_python3_12_site-packages_PyQt6_bindings_QtWidgets --> node_venv_lib_python3_12_site-packages_PyQt6_bindings_QtWidgets_qgraphicsgridlayout_sip["qgraphicsgridlayout.sip"]\n    Root --> node_venv["venv"]\n    node_venv --> node_venv_lib["lib"]\n    node_venv_lib --> node_venv_lib_python3_12["python3.12"]\n    node_venv_lib_python3_12 --> node_venv_lib_python3_12_site-packages["site-packages"]\n    node_venv_lib_python3_12_site-packages --> node_venv_lib_python3_12_site-packages_PyQt6["PyQt6"]\n    node_venv_lib_python3_12_site-packages_PyQt6 --> node_venv_lib_python3_12_site-packages_PyQt6_bindings["bindings"]\n    node_venv_lib_python3_12_site-packages_PyQt6_bindings --> node_venv_lib_python3_12_site-packages_PyQt6_bindings_QtWidgets["QtWidgets"]\n    node_venv_lib_python3_12_site-packages_PyQt6_bindings_QtWidgets --> node_venv_lib_python3_12_site-packages_PyQt6_bindings_QtWidgets_qgraphicsitem_sip["qgraphicsitem.sip"]\n    Root --> node_venv["venv"]\n    node_venv --> node_venv_lib["lib"]\n    node_venv_lib --> node_venv_lib_python3_12["python3.12"]\n    node_venv_lib_python3_12 --> node_venv_lib_python3_12_site-packages["site-packages"]\n    node_venv_lib_python3_12_site-packages --> node_venv_lib_python3_12_site-packages_PyQt6["PyQt6"]\n    node_venv_lib_python3_12_site-packages_PyQt6 --> node_venv_lib_python3_12_site-packages_PyQt6_bindings["bindings"]\n    node_venv_lib_python3_12_site-packages_PyQt6_bindings --> node_venv_lib_python3_12_site-packages_PyQt6_bindings_QtWidgets["QtWidgets"]\n    node_venv_lib_python3_12_site-packages_PyQt6_bindings_QtWidgets --> node_venv_lib_python3_12_site-packages_PyQt6_bindings_QtWidgets_qgraphicslayout_sip["qgraphicslayout.sip"]\n    Root --> node_venv["venv"]\n    node_venv --> node_venv_lib["lib"]\n    node_venv_lib --> node_venv_lib_python3_12["python3.12"]\n    node_venv_lib_python3_12 --> node_venv_lib_python3_12_site-packages["site-packages"]\n    node_venv_lib_python3_12_site-packages --> node_venv_lib_python3_12_site-packages_PyQt6["PyQt6"]\n    node_venv_lib_python3_12_site-packages_PyQt6 --> node_venv_lib_python3_12_site-packages_PyQt6_bindings["bindings"]\n    node_venv_lib_python3_12_site-packages_PyQt6_bindings --> node_venv_lib_python3_12_site-packages_PyQt6_bindings_QtWidgets["QtWidgets"]\n    node_venv_lib_python3_12_site-packages_PyQt6_bindings_QtWidgets --> node_venv_lib_python3_12_site-packages_PyQt6_bindings_QtWidgets_qgraphicslayoutitem_sip["qgraphicslayoutitem.sip"]\n    Root --> node_venv["venv"]\n    node_venv --> node_venv_lib["lib"]\n    node_venv_lib --> node_venv_lib_python3_12["python3.12"]\n    node_venv_lib_python3_12 --> node_venv_lib_python3_12_site-packages["site-packages"]\n    node_venv_lib_python3_12_site-packages --> node_venv_lib_python3_12_site-packages_PyQt6["PyQt6"]\n    node_venv_lib_python3_12_site-packages_PyQt6 --> node_venv_lib_python3_12_site-packages_PyQt6_bindings["bindings"]\n    node_venv_lib_python3_12_site-packages_PyQt6_bindings --> node_venv_lib_python3_12_site-packages_PyQt6_bindings_QtWidgets["QtWidgets"]\n    node_venv_lib_python3_12_site-packages_PyQt6_bindings_QtWidgets --> node_venv_lib_python3_12_site-packages_PyQt6_bindings_QtWidgets_qgraphicslinearlayout_sip["qgraphicslinearlayout.sip"]\n    Root --> node_venv["venv"]\n    node_venv --> node_venv_lib["lib"]\n    node_venv_lib --> node_venv_lib_python3_12["python3.12"]\n    node_venv_lib_python3_12 --> node_venv_lib_python3_12_site-packages["site-packages"]\n    node_venv_lib_python3_12_site-packages --> node_venv_lib_python3_12_site-packages_PyQt6["PyQt6"]\n    node_venv_lib_python3_12_site-packages_PyQt6 --> node_venv_lib_python3_12_site-packages_PyQt6_bindings["bindings"]\n    node_venv_lib_python3_12_site-packages_PyQt6_bindings --> node_venv_lib_python3_12_site-packages_PyQt6_bindings_QtWidgets["QtWidgets"]\n    node_venv_lib_python3_12_site-packages_PyQt6_bindings_QtWidgets --> node_venv_lib_python3_12_site-packages_PyQt6_bindings_QtWidgets_qgraphicsproxywidget_sip["qgraphicsproxywidget.sip"]\n    Root --> node_venv["venv"]\n    node_venv --> node_venv_lib["lib"]\n    node_venv_lib --> node_venv_lib_python3_12["python3.12"]\n    node_venv_lib_python3_12 --> node_venv_lib_python3_12_site-packages["site-packages"]\n    node_venv_lib_python3_12_site-packages --> node_venv_lib_python3_12_site-packages_PyQt6["PyQt6"]\n    node_venv_lib_python3_12_site-packages_PyQt6 --> node_venv_lib_python3_12_site-packages_PyQt6_bindings["bindings"]\n    node_venv_lib_python3_12_site-packages_PyQt6_bindings --> node_venv_lib_python3_12_site-packages_PyQt6_bindings_QtWidgets["QtWidgets"]\n    node_venv_lib_python3_12_site-packages_PyQt6_bindings_QtWidgets --> node_venv_lib_python3_12_site-packages_PyQt6_bindings_QtWidgets_qgraphicsscene_sip["qgraphicsscene.sip"]\n    Root --> node_venv["venv"]\n    node_venv --> node_venv_lib["lib"]\n    node_venv_lib --> node_venv_lib_python3_12["python3.12"]\n    node_venv_lib_python3_12 --> node_venv_lib_python3_12_site-packages["site-packages"]\n    node_venv_lib_python3_12_site-packages --> node_venv_lib_python3_12_site-packages_PyQt6["PyQt6"]\n    node_venv_lib_python3_12_site-packages_PyQt6 --> node_venv_lib_python3_12_site-packages_PyQt6_bindings["bindings"]\n    node_venv_lib_python3_12_site-packages_PyQt6_bindings --> node_venv_lib_python3_12_site-packages_PyQt6_bindings_QtWidgets["QtWidgets"]\n    node_venv_lib_python3_12_site-packages_PyQt6_bindings_QtWidgets --> node_venv_lib_python3_12_site-packages_PyQt6_bindings_QtWidgets_qgraphicssceneevent_sip["qgraphicssceneevent.sip"]\n    Root --> node_venv["venv"]\n    node_venv --> node_venv_lib["lib"]\n    node_venv_lib --> node_venv_lib_python3_12["python3.12"]\n    node_venv_lib_python3_12 --> node_venv_lib_python3_12_site-packages["site-packages"]\n    node_venv_lib_python3_12_site-packages --> node_venv_lib_python3_12_site-packages_PyQt6["PyQt6"]\n    node_venv_lib_python3_12_site-packages_PyQt6 --> node_venv_lib_python3_12_site-packages_PyQt6_bindings["bindings"]\n    node_venv_lib_python3_12_site-packages_PyQt6_bindings --> node_venv_lib_python3_12_site-packages_PyQt6_bindings_QtWidgets["QtWidgets"]\n    node_venv_lib_python3_12_site-packages_PyQt6_bindings_QtWidgets --> node_venv_lib_python3_12_site-packages_PyQt6_bindings_QtWidgets_qgraphicstransform_sip["qgraphicstransform.sip"]\n    Root --> node_venv["venv"]\n    node_venv --> node_venv_lib["lib"]\n    node_venv_lib --> node_venv_lib_python3_12["python3.12"]\n    node_venv_lib_python3_12 --> node_venv_lib_python3_12_site-packages["site-packages"]\n    node_venv_lib_python3_12_site-packages --> node_venv_lib_python3_12_site-packages_PyQt6["PyQt6"]\n    node_venv_lib_python3_12_site-packages_PyQt6 --> node_venv_lib_python3_12_site-packages_PyQt6_bindings["bindings"]\n    node_venv_lib_python3_12_site-packages_PyQt6_bindings --> node_venv_lib_python3_12_site-packages_PyQt6_bindings_QtWidgets["QtWidgets"]\n    node_venv_lib_python3_12_site-packages_PyQt6_bindings_QtWidgets --> node_venv_lib_python3_12_site-packages_PyQt6_bindings_QtWidgets_qgraphicsview_sip["qgraphicsview.sip"]\n    Root --> node_venv["venv"]\n    node_venv --> node_venv_lib["lib"]\n    node_venv_lib --> node_venv_lib_python3_12["python3.12"]\n    node_venv_lib_python3_12 --> node_venv_lib_python3_12_site-packages["site-packages"]\n    node_venv_lib_python3_12_site-packages --> node_venv_lib_python3_12_site-packages_PyQt6["PyQt6"]\n    node_venv_lib_python3_12_site-packages_PyQt6 --> node_venv_lib_python3_12_site-packages_PyQt6_bindings["bindings"]\n    node_venv_lib_python3_12_site-packages_PyQt6_bindings --> node_venv_lib_python3_12_site-packages_PyQt6_bindings_QtWidgets["QtWidgets"]\n    node_venv_lib_python3_12_site-packages_PyQt6_bindings_QtWidgets --> node_venv_lib_python3_12_site-packages_PyQt6_bindings_QtWidgets_qgraphicswidget_sip["qgraphicswidget.sip"]\n    Root --> node_venv["venv"]\n    node_venv --> node_venv_lib["lib"]\n    node_venv_lib --> node_venv_lib_python3_12["python3.12"]\n    node_venv_lib_python3_12 --> node_venv_lib_python3_12_site-packages["site-packages"]\n    node_venv_lib_python3_12_site-packages --> node_venv_lib_python3_12_site-packages_PyQt6["PyQt6"]\n    node_venv_lib_python3_12_site-packages_PyQt6 --> node_venv_lib_python3_12_site-packages_PyQt6_bindings["bindings"]\n    node_venv_lib_python3_12_site-packages_PyQt6_bindings --> node_venv_lib_python3_12_site-packages_PyQt6_bindings_QtWidgets["QtWidgets"]\n    node_venv_lib_python3_12_site-packages_PyQt6_bindings_QtWidgets --> node_venv_lib_python3_12_site-packages_PyQt6_bindings_QtWidgets_qgridlayout_sip["qgridlayout.sip"]\n    Root --> node_venv["venv"]\n    node_venv --> node_venv_lib["lib"]\n    node_venv_lib --> node_venv_lib_python3_12["python3.12"]\n    node_venv_lib_python3_12 --> node_venv_lib_python3_12_site-packages["site-packages"]\n    node_venv_lib_python3_12_site-packages --> node_venv_lib_python3_12_site-packages_PyQt6["PyQt6"]\n    node_venv_lib_python3_12_site-packages_PyQt6 --> node_venv_lib_python3_12_site-packages_PyQt6_bindings["bindings"]\n    node_venv_lib_python3_12_site-packages_PyQt6_bindings --> node_venv_lib_python3_12_site-packages_PyQt6_bindings_QtWidgets["QtWidgets"]\n    node_venv_lib_python3_12_site-packages_PyQt6_bindings_QtWidgets --> node_venv_lib_python3_12_site-packages_PyQt6_bindings_QtWidgets_qgroupbox_sip["qgroupbox.sip"]\n    Root --> node_venv["venv"]\n    node_venv --> node_venv_lib["lib"]\n    node_venv_lib --> node_venv_lib_python3_12["python3.12"]\n    node_venv_lib_python3_12 --> node_venv_lib_python3_12_site-packages["site-packages"]\n    node_venv_lib_python3_12_site-packages --> node_venv_lib_python3_12_site-packages_PyQt6["PyQt6"]\n    node_venv_lib_python3_12_site-packages_PyQt6 --> node_venv_lib_python3_12_site-packages_PyQt6_bindings["bindings"]\n    node_venv_lib_python3_12_site-packages_PyQt6_bindings --> node_venv_lib_python3_12_site-packages_PyQt6_bindings_QtWidgets["QtWidgets"]\n    node_venv_lib_python3_12_site-packages_PyQt6_bindings_QtWidgets --> node_venv_lib_python3_12_site-packages_PyQt6_bindings_QtWidgets_qheaderview_sip["qheaderview.sip"]\n    Root --> node_venv["venv"]\n    node_venv --> node_venv_lib["lib"]\n    node_venv_lib --> node_venv_lib_python3_12["python3.12"]\n    node_venv_lib_python3_12 --> node_venv_lib_python3_12_site-packages["site-packages"]\n    node_venv_lib_python3_12_site-packages --> node_venv_lib_python3_12_site-packages_PyQt6["PyQt6"]\n    node_venv_lib_python3_12_site-packages_PyQt6 --> node_venv_lib_python3_12_site-packages_PyQt6_bindings["bindings"]\n    node_venv_lib_python3_12_site-packages_PyQt6_bindings --> node_venv_lib_python3_12_site-packages_PyQt6_bindings_QtWidgets["QtWidgets"]\n    node_venv_lib_python3_12_site-packages_PyQt6_bindings_QtWidgets --> node_venv_lib_python3_12_site-packages_PyQt6_bindings_QtWidgets_qinputdialog_sip["qinputdialog.sip"]\n    Root --> node_venv["venv"]\n    node_venv --> node_venv_lib["lib"]\n    node_venv_lib --> node_venv_lib_python3_12["python3.12"]\n    node_venv_lib_python3_12 --> node_venv_lib_python3_12_site-packages["site-packages"]\n    node_venv_lib_python3_12_site-packages --> node_venv_lib_python3_12_site-packages_PyQt6["PyQt6"]\n    node_venv_lib_python3_12_site-packages_PyQt6 --> node_venv_lib_python3_12_site-packages_PyQt6_bindings["bindings"]\n    node_venv_lib_python3_12_site-packages_PyQt6_bindings --> node_venv_lib_python3_12_site-packages_PyQt6_bindings_QtWidgets["QtWidgets"]\n    node_venv_lib_python3_12_site-packages_PyQt6_bindings_QtWidgets --> node_venv_lib_python3_12_site-packages_PyQt6_bindings_QtWidgets_qitemdelegate_sip["qitemdelegate.sip"]\n    Root --> node_venv["venv"]\n    node_venv --> node_venv_lib["lib"]\n    node_venv_lib --> node_venv_lib_python3_12["python3.12"]\n    node_venv_lib_python3_12 --> node_venv_lib_python3_12_site-packages["site-packages"]\n    node_venv_lib_python3_12_site-packages --> node_venv_lib_python3_12_site-packages_PyQt6["PyQt6"]\n    node_venv_lib_python3_12_site-packages_PyQt6 --> node_venv_lib_python3_12_site-packages_PyQt6_bindings["bindings"]\n    node_venv_lib_python3_12_site-packages_PyQt6_bindings --> node_venv_lib_python3_12_site-packages_PyQt6_bindings_QtWidgets["QtWidgets"]\n    node_venv_lib_python3_12_site-packages_PyQt6_bindings_QtWidgets --> node_venv_lib_python3_12_site-packages_PyQt6_bindings_QtWidgets_qitemeditorfactory_sip["qitemeditorfactory.sip"]\n    Root --> node_venv["venv"]\n    node_venv --> node_venv_lib["lib"]\n    node_venv_lib --> node_venv_lib_python3_12["python3.12"]\n    node_venv_lib_python3_12 --> node_venv_lib_python3_12_site-packages["site-packages"]\n    node_venv_lib_python3_12_site-packages --> node_venv_lib_python3_12_site-packages_PyQt6["PyQt6"]\n    node_venv_lib_python3_12_site-packages_PyQt6 --> node_venv_lib_python3_12_site-packages_PyQt6_bindings["bindings"]\n    node_venv_lib_python3_12_site-packages_PyQt6_bindings --> node_venv_lib_python3_12_site-packages_PyQt6_bindings_QtWidgets["QtWidgets"]\n    node_venv_lib_python3_12_site-packages_PyQt6_bindings_QtWidgets --> node_venv_lib_python3_12_site-packages_PyQt6_bindings_QtWidgets_qkeysequenceedit_sip["qkeysequenceedit.sip"]\n    Root --> node_venv["venv"]\n    node_venv --> node_venv_lib["lib"]\n    node_venv_lib --> node_venv_lib_python3_12["python3.12"]\n    node_venv_lib_python3_12 --> node_venv_lib_python3_12_site-packages["site-packages"]\n    node_venv_lib_python3_12_site-packages --> node_venv_lib_python3_12_site-packages_PyQt6["PyQt6"]\n    node_venv_lib_python3_12_site-packages_PyQt6 --> node_venv_lib_python3_12_site-packages_PyQt6_bindings["bindings"]\n    node_venv_lib_python3_12_site-packages_PyQt6_bindings --> node_venv_lib_python3_12_site-packages_PyQt6_bindings_QtWidgets["QtWidgets"]\n    node_venv_lib_python3_12_site-packages_PyQt6_bindings_QtWidgets --> node_venv_lib_python3_12_site-packages_PyQt6_bindings_QtWidgets_qlabel_sip["qlabel.sip"]\n    Root --> node_venv["venv"]\n    node_venv --> node_venv_lib["lib"]\n    node_venv_lib --> node_venv_lib_python3_12["python3.12"]\n    node_venv_lib_python3_12 --> node_venv_lib_python3_12_site-packages["site-packages"]\n    node_venv_lib_python3_12_site-packages --> node_venv_lib_python3_12_site-packages_PyQt6["PyQt6"]\n    node_venv_lib_python3_12_site-packages_PyQt6 --> node_venv_lib_python3_12_site-packages_PyQt6_bindings["bindings"]\n    node_venv_lib_python3_12_site-packages_PyQt6_bindings --> node_venv_lib_python3_12_site-packages_PyQt6_bindings_QtWidgets["QtWidgets"]\n    node_venv_lib_python3_12_site-packages_PyQt6_bindings_QtWidgets --> node_venv_lib_python3_12_site-packages_PyQt6_bindings_QtWidgets_qlayout_sip["qlayout.sip"]\n    Root --> node_venv["venv"]\n    node_venv --> node_venv_lib["lib"]\n    node_venv_lib --> node_venv_lib_python3_12["python3.12"]\n    node_venv_lib_python3_12 --> node_venv_lib_python3_12_site-packages["site-packages"]\n    node_venv_lib_python3_12_site-packages --> node_venv_lib_python3_12_site-packages_PyQt6["PyQt6"]\n    node_venv_lib_python3_12_site-packages_PyQt6 --> node_venv_lib_python3_12_site-packages_PyQt6_bindings["bindings"]\n    node_venv_lib_python3_12_site-packages_PyQt6_bindings --> node_venv_lib_python3_12_site-packages_PyQt6_bindings_QtWidgets["QtWidgets"]\n    node_venv_lib_python3_12_site-packages_PyQt6_bindings_QtWidgets --> node_venv_lib_python3_12_site-packages_PyQt6_bindings_QtWidgets_qlayoutitem_sip["qlayoutitem.sip"]\n    Root --> node_venv["venv"]\n    node_venv --> node_venv_lib["lib"]\n    node_venv_lib --> node_venv_lib_python3_12["python3.12"]\n    node_venv_lib_python3_12 --> node_venv_lib_python3_12_site-packages["site-packages"]\n    node_venv_lib_python3_12_site-packages --> node_venv_lib_python3_12_site-packages_PyQt6["PyQt6"]\n    node_venv_lib_python3_12_site-packages_PyQt6 --> node_venv_lib_python3_12_site-packages_PyQt6_bindings["bindings"]\n    node_venv_lib_python3_12_site-packages_PyQt6_bindings --> node_venv_lib_python3_12_site-packages_PyQt6_bindings_QtWidgets["QtWidgets"]\n    node_venv_lib_python3_12_site-packages_PyQt6_bindings_QtWidgets --> node_venv_lib_python3_12_site-packages_PyQt6_bindings_QtWidgets_qlcdnumber_sip["qlcdnumber.sip"]\n    Root --> node_venv["venv"]\n    node_venv --> node_venv_lib["lib"]\n    node_venv_lib --> node_venv_lib_python3_12["python3.12"]\n    node_venv_lib_python3_12 --> node_venv_lib_python3_12_site-packages["site-packages"]\n    node_venv_lib_python3_12_site-packages --> node_venv_lib_python3_12_site-packages_PyQt6["PyQt6"]\n    node_venv_lib_python3_12_site-packages_PyQt6 --> node_venv_lib_python3_12_site-packages_PyQt6_bindings["bindings"]\n    node_venv_lib_python3_12_site-packages_PyQt6_bindings --> node_venv_lib_python3_12_site-packages_PyQt6_bindings_QtWidgets["QtWidgets"]\n    node_venv_lib_python3_12_site-packages_PyQt6_bindings_QtWidgets --> node_venv_lib_python3_12_site-packages_PyQt6_bindings_QtWidgets_qlineedit_sip["qlineedit.sip"]\n    Root --> node_venv["venv"]\n    node_venv --> node_venv_lib["lib"]\n    node_venv_lib --> node_venv_lib_python3_12["python3.12"]\n    node_venv_lib_python3_12 --> node_venv_lib_python3_12_site-packages["site-packages"]\n    node_venv_lib_python3_12_site-packages --> node_venv_lib_python3_12_site-packages_PyQt6["PyQt6"]\n    node_venv_lib_python3_12_site-packages_PyQt6 --> node_venv_lib_python3_12_site-packages_PyQt6_bindings["bindings"]\n    node_venv_lib_python3_12_site-packages_PyQt6_bindings --> node_venv_lib_python3_12_site-packages_PyQt6_bindings_QtWidgets["QtWidgets"]\n    node_venv_lib_python3_12_site-packages_PyQt6_bindings_QtWidgets --> node_venv_lib_python3_12_site-packages_PyQt6_bindings_QtWidgets_qlistview_sip["qlistview.sip"]\n    Root --> node_venv["venv"]\n    node_venv --> node_venv_lib["lib"]\n    node_venv_lib --> node_venv_lib_python3_12["python3.12"]\n    node_venv_lib_python3_12 --> node_venv_lib_python3_12_site-packages["site-packages"]\n    node_venv_lib_python3_12_site-packages --> node_venv_lib_python3_12_site-packages_PyQt6["PyQt6"]\n    node_venv_lib_python3_12_site-packages_PyQt6 --> node_venv_lib_python3_12_site-packages_PyQt6_bindings["bindings"]\n    node_venv_lib_python3_12_site-packages_PyQt6_bindings --> node_venv_lib_python3_12_site-packages_PyQt6_bindings_QtWidgets["QtWidgets"]\n    node_venv_lib_python3_12_site-packages_PyQt6_bindings_QtWidgets --> node_venv_lib_python3_12_site-packages_PyQt6_bindings_QtWidgets_qlistwidget_sip["qlistwidget.sip"]\n    Root --> node_venv["venv"]\n    node_venv --> node_venv_lib["lib"]\n    node_venv_lib --> node_venv_lib_python3_12["python3.12"]\n    node_venv_lib_python3_12 --> node_venv_lib_python3_12_site-packages["site-packages"]\n    node_venv_lib_python3_12_site-packages --> node_venv_lib_python3_12_site-packages_PyQt6["PyQt6"]\n    node_venv_lib_python3_12_site-packages_PyQt6 --> node_venv_lib_python3_12_site-packages_PyQt6_bindings["bindings"]\n    node_venv_lib_python3_12_site-packages_PyQt6_bindings --> node_venv_lib_python3_12_site-packages_PyQt6_bindings_QtWidgets["QtWidgets"]\n    node_venv_lib_python3_12_site-packages_PyQt6_bindings_QtWidgets --> node_venv_lib_python3_12_site-packages_PyQt6_bindings_QtWidgets_qmainwindow_sip["qmainwindow.sip"]\n    Root --> node_venv["venv"]\n    node_venv --> node_venv_lib["lib"]\n    node_venv_lib --> node_venv_lib_python3_12["python3.12"]\n    node_venv_lib_python3_12 --> node_venv_lib_python3_12_site-packages["site-packages"]\n    node_venv_lib_python3_12_site-packages --> node_venv_lib_python3_12_site-packages_PyQt6["PyQt6"]\n    node_venv_lib_python3_12_site-packages_PyQt6 --> node_venv_lib_python3_12_site-packages_PyQt6_bindings["bindings"]\n    node_venv_lib_python3_12_site-packages_PyQt6_bindings --> node_venv_lib_python3_12_site-packages_PyQt6_bindings_QtWidgets["QtWidgets"]\n    node_venv_lib_python3_12_site-packages_PyQt6_bindings_QtWidgets --> node_venv_lib_python3_12_site-packages_PyQt6_bindings_QtWidgets_qmdiarea_sip["qmdiarea.sip"]\n    Root --> node_venv["venv"]\n    node_venv --> node_venv_lib["lib"]\n    node_venv_lib --> node_venv_lib_python3_12["python3.12"]\n    node_venv_lib_python3_12 --> node_venv_lib_python3_12_site-packages["site-packages"]\n    node_venv_lib_python3_12_site-packages --> node_venv_lib_python3_12_site-packages_PyQt6["PyQt6"]\n    node_venv_lib_python3_12_site-packages_PyQt6 --> node_venv_lib_python3_12_site-packages_PyQt6_bindings["bindings"]\n    node_venv_lib_python3_12_site-packages_PyQt6_bindings --> node_venv_lib_python3_12_site-packages_PyQt6_bindings_QtWidgets["QtWidgets"]\n    node_venv_lib_python3_12_site-packages_PyQt6_bindings_QtWidgets --> node_venv_lib_python3_12_site-packages_PyQt6_bindings_QtWidgets_qmdisubwindow_sip["qmdisubwindow.sip"]\n    Root --> node_venv["venv"]\n    node_venv --> node_venv_lib["lib"]\n    node_venv_lib --> node_venv_lib_python3_12["python3.12"]\n    node_venv_lib_python3_12 --> node_venv_lib_python3_12_site-packages["site-packages"]\n    node_venv_lib_python3_12_site-packages --> node_venv_lib_python3_12_site-packages_PyQt6["PyQt6"]\n    node_venv_lib_python3_12_site-packages_PyQt6 --> node_venv_lib_python3_12_site-packages_PyQt6_bindings["bindings"]\n    node_venv_lib_python3_12_site-packages_PyQt6_bindings --> node_venv_lib_python3_12_site-packages_PyQt6_bindings_QtWidgets["QtWidgets"]\n    node_venv_lib_python3_12_site-packages_PyQt6_bindings_QtWidgets --> node_venv_lib_python3_12_site-packages_PyQt6_bindings_QtWidgets_qmenu_sip["qmenu.sip"]\n    Root --> node_venv["venv"]\n    node_venv --> node_venv_lib["lib"]\n    node_venv_lib --> node_venv_lib_python3_12["python3.12"]\n    node_venv_lib_python3_12 --> node_venv_lib_python3_12_site-packages["site-packages"]\n    node_venv_lib_python3_12_site-packages --> node_venv_lib_python3_12_site-packages_PyQt6["PyQt6"]\n    node_venv_lib_python3_12_site-packages_PyQt6 --> node_venv_lib_python3_12_site-packages_PyQt6_bindings["bindings"]\n    node_venv_lib_python3_12_site-packages_PyQt6_bindings --> node_venv_lib_python3_12_site-packages_PyQt6_bindings_QtWidgets["QtWidgets"]\n    node_venv_lib_python3_12_site-packages_PyQt6_bindings_QtWidgets --> node_venv_lib_python3_12_site-packages_PyQt6_bindings_QtWidgets_qmenubar_sip["qmenubar.sip"]\n    Root --> node_venv["venv"]\n    node_venv --> node_venv_lib["lib"]\n    node_venv_lib --> node_venv_lib_python3_12["python3.12"]\n    node_venv_lib_python3_12 --> node_venv_lib_python3_12_site-packages["site-packages"]\n    node_venv_lib_python3_12_site-packages --> node_venv_lib_python3_12_site-packages_PyQt6["PyQt6"]\n    node_venv_lib_python3_12_site-packages_PyQt6 --> node_venv_lib_python3_12_site-packages_PyQt6_bindings["bindings"]\n    node_venv_lib_python3_12_site-packages_PyQt6_bindings --> node_venv_lib_python3_12_site-packages_PyQt6_bindings_QtWidgets["QtWidgets"]\n    node_venv_lib_python3_12_site-packages_PyQt6_bindings_QtWidgets --> node_venv_lib_python3_12_site-packages_PyQt6_bindings_QtWidgets_qmessagebox_sip["qmessagebox.sip"]\n    Root --> node_venv["venv"]\n    node_venv --> node_venv_lib["lib"]\n    node_venv_lib --> node_venv_lib_python3_12["python3.12"]\n    node_venv_lib_python3_12 --> node_venv_lib_python3_12_site-packages["site-packages"]\n    node_venv_lib_python3_12_site-packages --> node_venv_lib_python3_12_site-packages_PyQt6["PyQt6"]\n    node_venv_lib_python3_12_site-packages_PyQt6 --> node_venv_lib_python3_12_site-packages_PyQt6_bindings["bindings"]\n    node_venv_lib_python3_12_site-packages_PyQt6_bindings --> node_venv_lib_python3_12_site-packages_PyQt6_bindings_QtWidgets["QtWidgets"]\n    node_venv_lib_python3_12_site-packages_PyQt6_bindings_QtWidgets --> node_venv_lib_python3_12_site-packages_PyQt6_bindings_QtWidgets_qplaintextedit_sip["qplaintextedit.sip"]\n    Root --> node_venv["venv"]\n    node_venv --> node_venv_lib["lib"]\n    node_venv_lib --> node_venv_lib_python3_12["python3.12"]\n    node_venv_lib_python3_12 --> node_venv_lib_python3_12_site-packages["site-packages"]\n    node_venv_lib_python3_12_site-packages --> node_venv_lib_python3_12_site-packages_PyQt6["PyQt6"]\n    node_venv_lib_python3_12_site-packages_PyQt6 --> node_venv_lib_python3_12_site-packages_PyQt6_bindings["bindings"]\n    node_venv_lib_python3_12_site-packages_PyQt6_bindings --> node_venv_lib_python3_12_site-packages_PyQt6_bindings_QtWidgets["QtWidgets"]\n    node_venv_lib_python3_12_site-packages_PyQt6_bindings_QtWidgets --> node_venv_lib_python3_12_site-packages_PyQt6_bindings_QtWidgets_qprogressbar_sip["qprogressbar.sip"]\n    Root --> node_venv["venv"]\n    node_venv --> node_venv_lib["lib"]\n    node_venv_lib --> node_venv_lib_python3_12["python3.12"]\n    node_venv_lib_python3_12 --> node_venv_lib_python3_12_site-packages["site-packages"]\n    node_venv_lib_python3_12_site-packages --> node_venv_lib_python3_12_site-packages_PyQt6["PyQt6"]\n    node_venv_lib_python3_12_site-packages_PyQt6 --> node_venv_lib_python3_12_site-packages_PyQt6_bindings["bindings"]\n    node_venv_lib_python3_12_site-packages_PyQt6_bindings --> node_venv_lib_python3_12_site-packages_PyQt6_bindings_QtWidgets["QtWidgets"]\n    node_venv_lib_python3_12_site-packages_PyQt6_bindings_QtWidgets --> node_venv_lib_python3_12_site-packages_PyQt6_bindings_QtWidgets_qprogressdialog_sip["qprogressdialog.sip"]\n    Root --> node_venv["venv"]\n    node_venv --> node_venv_lib["lib"]\n    node_venv_lib --> node_venv_lib_python3_12["python3.12"]\n    node_venv_lib_python3_12 --> node_venv_lib_python3_12_site-packages["site-packages"]\n    node_venv_lib_python3_12_site-packages --> node_venv_lib_python3_12_site-packages_PyQt6["PyQt6"]\n    node_venv_lib_python3_12_site-packages_PyQt6 --> node_venv_lib_python3_12_site-packages_PyQt6_bindings["bindings"]\n    node_venv_lib_python3_12_site-packages_PyQt6_bindings --> node_venv_lib_python3_12_site-packages_PyQt6_bindings_QtWidgets["QtWidgets"]\n    node_venv_lib_python3_12_site-packages_PyQt6_bindings_QtWidgets --> node_venv_lib_python3_12_site-packages_PyQt6_bindings_QtWidgets_qproxystyle_sip["qproxystyle.sip"]\n    Root --> node_venv["venv"]\n    node_venv --> node_venv_lib["lib"]\n    node_venv_lib --> node_venv_lib_python3_12["python3.12"]\n    node_venv_lib_python3_12 --> node_venv_lib_python3_12_site-packages["site-packages"]\n    node_venv_lib_python3_12_site-packages --> node_venv_lib_python3_12_site-packages_PyQt6["PyQt6"]\n    node_venv_lib_python3_12_site-packages_PyQt6 --> node_venv_lib_python3_12_site-packages_PyQt6_bindings["bindings"]\n    node_venv_lib_python3_12_site-packages_PyQt6_bindings --> node_venv_lib_python3_12_site-packages_PyQt6_bindings_QtWidgets["QtWidgets"]\n    node_venv_lib_python3_12_site-packages_PyQt6_bindings_QtWidgets --> node_venv_lib_python3_12_site-packages_PyQt6_bindings_QtWidgets_qpushbutton_sip["qpushbutton.sip"]\n    Root --> node_venv["venv"]\n    node_venv --> node_venv_lib["lib"]\n    node_venv_lib --> node_venv_lib_python3_12["python3.12"]\n    node_venv_lib_python3_12 --> node_venv_lib_python3_12_site-packages["site-packages"]\n    node_venv_lib_python3_12_site-packages --> node_venv_lib_python3_12_site-packages_PyQt6["PyQt6"]\n    node_venv_lib_python3_12_site-packages_PyQt6 --> node_venv_lib_python3_12_site-packages_PyQt6_bindings["bindings"]\n    node_venv_lib_python3_12_site-packages_PyQt6_bindings --> node_venv_lib_python3_12_site-packages_PyQt6_bindings_QtWidgets["QtWidgets"]\n    node_venv_lib_python3_12_site-packages_PyQt6_bindings_QtWidgets --> node_venv_lib_python3_12_site-packages_PyQt6_bindings_QtWidgets_qpywidgets_qlist_sip["qpywidgets_qlist.sip"]\n    Root --> node_venv["venv"]\n    node_venv --> node_venv_lib["lib"]\n    node_venv_lib --> node_venv_lib_python3_12["python3.12"]\n    node_venv_lib_python3_12 --> node_venv_lib_python3_12_site-packages["site-packages"]\n    node_venv_lib_python3_12_site-packages --> node_venv_lib_python3_12_site-packages_PyQt6["PyQt6"]\n    node_venv_lib_python3_12_site-packages_PyQt6 --> node_venv_lib_python3_12_site-packages_PyQt6_bindings["bindings"]\n    node_venv_lib_python3_12_site-packages_PyQt6_bindings --> node_venv_lib_python3_12_site-packages_PyQt6_bindings_QtWidgets["QtWidgets"]\n    node_venv_lib_python3_12_site-packages_PyQt6_bindings_QtWidgets --> node_venv_lib_python3_12_site-packages_PyQt6_bindings_QtWidgets_qradiobutton_sip["qradiobutton.sip"]\n    Root --> node_venv["venv"]\n    node_venv --> node_venv_lib["lib"]\n    node_venv_lib --> node_venv_lib_python3_12["python3.12"]\n    node_venv_lib_python3_12 --> node_venv_lib_python3_12_site-packages["site-packages"]\n    node_venv_lib_python3_12_site-packages --> node_venv_lib_python3_12_site-packages_PyQt6["PyQt6"]\n    node_venv_lib_python3_12_site-packages_PyQt6 --> node_venv_lib_python3_12_site-packages_PyQt6_bindings["bindings"]\n    node_venv_lib_python3_12_site-packages_PyQt6_bindings --> node_venv_lib_python3_12_site-packages_PyQt6_bindings_QtWidgets["QtWidgets"]\n    node_venv_lib_python3_12_site-packages_PyQt6_bindings_QtWidgets --> node_venv_lib_python3_12_site-packages_PyQt6_bindings_QtWidgets_qrubberband_sip["qrubberband.sip"]\n    Root --> node_venv["venv"]\n    node_venv --> node_venv_lib["lib"]\n    node_venv_lib --> node_venv_lib_python3_12["python3.12"]\n    node_venv_lib_python3_12 --> node_venv_lib_python3_12_site-packages["site-packages"]\n    node_venv_lib_python3_12_site-packages --> node_venv_lib_python3_12_site-packages_PyQt6["PyQt6"]\n    node_venv_lib_python3_12_site-packages_PyQt6 --> node_venv_lib_python3_12_site-packages_PyQt6_bindings["bindings"]\n    node_venv_lib_python3_12_site-packages_PyQt6_bindings --> node_venv_lib_python3_12_site-packages_PyQt6_bindings_QtWidgets["QtWidgets"]\n    node_venv_lib_python3_12_site-packages_PyQt6_bindings_QtWidgets --> node_venv_lib_python3_12_site-packages_PyQt6_bindings_QtWidgets_qscrollarea_sip["qscrollarea.sip"]\n    Root --> node_venv["venv"]\n    node_venv --> node_venv_lib["lib"]\n    node_venv_lib --> node_venv_lib_python3_12["python3.12"]\n    node_venv_lib_python3_12 --> node_venv_lib_python3_12_site-packages["site-packages"]\n    node_venv_lib_python3_12_site-packages --> node_venv_lib_python3_12_site-packages_PyQt6["PyQt6"]\n    node_venv_lib_python3_12_site-packages_PyQt6 --> node_venv_lib_python3_12_site-packages_PyQt6_bindings["bindings"]\n    node_venv_lib_python3_12_site-packages_PyQt6_bindings --> node_venv_lib_python3_12_site-packages_PyQt6_bindings_QtWidgets["QtWidgets"]\n    node_venv_lib_python3_12_site-packages_PyQt6_bindings_QtWidgets --> node_venv_lib_python3_12_site-packages_PyQt6_bindings_QtWidgets_qscrollbar_sip["qscrollbar.sip"]\n    Root --> node_venv["venv"]\n    node_venv --> node_venv_lib["lib"]\n    node_venv_lib --> node_venv_lib_python3_12["python3.12"]\n    node_venv_lib_python3_12 --> node_venv_lib_python3_12_site-packages["site-packages"]\n    node_venv_lib_python3_12_site-packages --> node_venv_lib_python3_12_site-packages_PyQt6["PyQt6"]\n    node_venv_lib_python3_12_site-packages_PyQt6 --> node_venv_lib_python3_12_site-packages_PyQt6_bindings["bindings"]\n    node_venv_lib_python3_12_site-packages_PyQt6_bindings --> node_venv_lib_python3_12_site-packages_PyQt6_bindings_QtWidgets["QtWidgets"]\n    node_venv_lib_python3_12_site-packages_PyQt6_bindings_QtWidgets --> node_venv_lib_python3_12_site-packages_PyQt6_bindings_QtWidgets_qscroller_sip["qscroller.sip"]\n    Root --> node_venv["venv"]\n    node_venv --> node_venv_lib["lib"]\n    node_venv_lib --> node_venv_lib_python3_12["python3.12"]\n    node_venv_lib_python3_12 --> node_venv_lib_python3_12_site-packages["site-packages"]\n    node_venv_lib_python3_12_site-packages --> node_venv_lib_python3_12_site-packages_PyQt6["PyQt6"]\n    node_venv_lib_python3_12_site-packages_PyQt6 --> node_venv_lib_python3_12_site-packages_PyQt6_bindings["bindings"]\n    node_venv_lib_python3_12_site-packages_PyQt6_bindings --> node_venv_lib_python3_12_site-packages_PyQt6_bindings_QtWidgets["QtWidgets"]\n    node_venv_lib_python3_12_site-packages_PyQt6_bindings_QtWidgets --> node_venv_lib_python3_12_site-packages_PyQt6_bindings_QtWidgets_qscrollerproperties_sip["qscrollerproperties.sip"]\n    Root --> node_venv["venv"]\n    node_venv --> node_venv_lib["lib"]\n    node_venv_lib --> node_venv_lib_python3_12["python3.12"]\n    node_venv_lib_python3_12 --> node_venv_lib_python3_12_site-packages["site-packages"]\n    node_venv_lib_python3_12_site-packages --> node_venv_lib_python3_12_site-packages_PyQt6["PyQt6"]\n    node_venv_lib_python3_12_site-packages_PyQt6 --> node_venv_lib_python3_12_site-packages_PyQt6_bindings["bindings"]\n    node_venv_lib_python3_12_site-packages_PyQt6_bindings --> node_venv_lib_python3_12_site-packages_PyQt6_bindings_QtWidgets["QtWidgets"]\n    node_venv_lib_python3_12_site-packages_PyQt6_bindings_QtWidgets --> node_venv_lib_python3_12_site-packages_PyQt6_bindings_QtWidgets_qsizegrip_sip["qsizegrip.sip"]\n    Root --> node_venv["venv"]\n    node_venv --> node_venv_lib["lib"]\n    node_venv_lib --> node_venv_lib_python3_12["python3.12"]\n    node_venv_lib_python3_12 --> node_venv_lib_python3_12_site-packages["site-packages"]\n    node_venv_lib_python3_12_site-packages --> node_venv_lib_python3_12_site-packages_PyQt6["PyQt6"]\n    node_venv_lib_python3_12_site-packages_PyQt6 --> node_venv_lib_python3_12_site-packages_PyQt6_bindings["bindings"]\n    node_venv_lib_python3_12_site-packages_PyQt6_bindings --> node_venv_lib_python3_12_site-packages_PyQt6_bindings_QtWidgets["QtWidgets"]\n    node_venv_lib_python3_12_site-packages_PyQt6_bindings_QtWidgets --> node_venv_lib_python3_12_site-packages_PyQt6_bindings_QtWidgets_qsizepolicy_sip["qsizepolicy.sip"]\n    Root --> node_venv["venv"]\n    node_venv --> node_venv_lib["lib"]\n    node_venv_lib --> node_venv_lib_python3_12["python3.12"]\n    node_venv_lib_python3_12 --> node_venv_lib_python3_12_site-packages["site-packages"]\n    node_venv_lib_python3_12_site-packages --> node_venv_lib_python3_12_site-packages_PyQt6["PyQt6"]\n    node_venv_lib_python3_12_site-packages_PyQt6 --> node_venv_lib_python3_12_site-packages_PyQt6_bindings["bindings"]\n    node_venv_lib_python3_12_site-packages_PyQt6_bindings --> node_venv_lib_python3_12_site-packages_PyQt6_bindings_QtWidgets["QtWidgets"]\n    node_venv_lib_python3_12_site-packages_PyQt6_bindings_QtWidgets --> node_venv_lib_python3_12_site-packages_PyQt6_bindings_QtWidgets_qslider_sip["qslider.sip"]\n    Root --> node_venv["venv"]\n    node_venv --> node_venv_lib["lib"]\n    node_venv_lib --> node_venv_lib_python3_12["python3.12"]\n    node_venv_lib_python3_12 --> node_venv_lib_python3_12_site-packages["site-packages"]\n    node_venv_lib_python3_12_site-packages --> node_venv_lib_python3_12_site-packages_PyQt6["PyQt6"]\n    node_venv_lib_python3_12_site-packages_PyQt6 --> node_venv_lib_python3_12_site-packages_PyQt6_bindings["bindings"]\n    node_venv_lib_python3_12_site-packages_PyQt6_bindings --> node_venv_lib_python3_12_site-packages_PyQt6_bindings_QtWidgets["QtWidgets"]\n    node_venv_lib_python3_12_site-packages_PyQt6_bindings_QtWidgets --> node_venv_lib_python3_12_site-packages_PyQt6_bindings_QtWidgets_qspinbox_sip["qspinbox.sip"]\n    Root --> node_venv["venv"]\n    node_venv --> node_venv_lib["lib"]\n    node_venv_lib --> node_venv_lib_python3_12["python3.12"]\n    node_venv_lib_python3_12 --> node_venv_lib_python3_12_site-packages["site-packages"]\n    node_venv_lib_python3_12_site-packages --> node_venv_lib_python3_12_site-packages_PyQt6["PyQt6"]\n    node_venv_lib_python3_12_site-packages_PyQt6 --> node_venv_lib_python3_12_site-packages_PyQt6_bindings["bindings"]\n    node_venv_lib_python3_12_site-packages_PyQt6_bindings --> node_venv_lib_python3_12_site-packages_PyQt6_bindings_QtWidgets["QtWidgets"]\n    node_venv_lib_python3_12_site-packages_PyQt6_bindings_QtWidgets --> node_venv_lib_python3_12_site-packages_PyQt6_bindings_QtWidgets_qsplashscreen_sip["qsplashscreen.sip"]\n    Root --> node_venv["venv"]\n    node_venv --> node_venv_lib["lib"]\n    node_venv_lib --> node_venv_lib_python3_12["python3.12"]\n    node_venv_lib_python3_12 --> node_venv_lib_python3_12_site-packages["site-packages"]\n    node_venv_lib_python3_12_site-packages --> node_venv_lib_python3_12_site-packages_PyQt6["PyQt6"]\n    node_venv_lib_python3_12_site-packages_PyQt6 --> node_venv_lib_python3_12_site-packages_PyQt6_bindings["bindings"]\n    node_venv_lib_python3_12_site-packages_PyQt6_bindings --> node_venv_lib_python3_12_site-packages_PyQt6_bindings_QtWidgets["QtWidgets"]\n    node_venv_lib_python3_12_site-packages_PyQt6_bindings_QtWidgets --> node_venv_lib_python3_12_site-packages_PyQt6_bindings_QtWidgets_qsplitter_sip["qsplitter.sip"]\n    Root --> node_venv["venv"]\n    node_venv --> node_venv_lib["lib"]\n    node_venv_lib --> node_venv_lib_python3_12["python3.12"]\n    node_venv_lib_python3_12 --> node_venv_lib_python3_12_site-packages["site-packages"]\n    node_venv_lib_python3_12_site-packages --> node_venv_lib_python3_12_site-packages_PyQt6["PyQt6"]\n    node_venv_lib_python3_12_site-packages_PyQt6 --> node_venv_lib_python3_12_site-packages_PyQt6_bindings["bindings"]\n    node_venv_lib_python3_12_site-packages_PyQt6_bindings --> node_venv_lib_python3_12_site-packages_PyQt6_bindings_QtWidgets["QtWidgets"]\n    node_venv_lib_python3_12_site-packages_PyQt6_bindings_QtWidgets --> node_venv_lib_python3_12_site-packages_PyQt6_bindings_QtWidgets_qstackedlayout_sip["qstackedlayout.sip"]\n    Root --> node_venv["venv"]\n    node_venv --> node_venv_lib["lib"]\n    node_venv_lib --> node_venv_lib_python3_12["python3.12"]\n    node_venv_lib_python3_12 --> node_venv_lib_python3_12_site-packages["site-packages"]\n    node_venv_lib_python3_12_site-packages --> node_venv_lib_python3_12_site-packages_PyQt6["PyQt6"]\n    node_venv_lib_python3_12_site-packages_PyQt6 --> node_venv_lib_python3_12_site-packages_PyQt6_bindings["bindings"]\n    node_venv_lib_python3_12_site-packages_PyQt6_bindings --> node_venv_lib_python3_12_site-packages_PyQt6_bindings_QtWidgets["QtWidgets"]\n    node_venv_lib_python3_12_site-packages_PyQt6_bindings_QtWidgets --> node_venv_lib_python3_12_site-packages_PyQt6_bindings_QtWidgets_qstackedwidget_sip["qstackedwidget.sip"]\n    Root --> node_venv["venv"]\n    node_venv --> node_venv_lib["lib"]\n    node_venv_lib --> node_venv_lib_python3_12["python3.12"]\n    node_venv_lib_python3_12 --> node_venv_lib_python3_12_site-packages["site-packages"]\n    node_venv_lib_python3_12_site-packages --> node_venv_lib_python3_12_site-packages_PyQt6["PyQt6"]\n    node_venv_lib_python3_12_site-packages_PyQt6 --> node_venv_lib_python3_12_site-packages_PyQt6_bindings["bindings"]\n    node_venv_lib_python3_12_site-packages_PyQt6_bindings --> node_venv_lib_python3_12_site-packages_PyQt6_bindings_QtWidgets["QtWidgets"]\n    node_venv_lib_python3_12_site-packages_PyQt6_bindings_QtWidgets --> node_venv_lib_python3_12_site-packages_PyQt6_bindings_QtWidgets_qstatusbar_sip["qstatusbar.sip"]\n    Root --> node_venv["venv"]\n    node_venv --> node_venv_lib["lib"]\n    node_venv_lib --> node_venv_lib_python3_12["python3.12"]\n    node_venv_lib_python3_12 --> node_venv_lib_python3_12_site-packages["site-packages"]\n    node_venv_lib_python3_12_site-packages --> node_venv_lib_python3_12_site-packages_PyQt6["PyQt6"]\n    node_venv_lib_python3_12_site-packages_PyQt6 --> node_venv_lib_python3_12_site-packages_PyQt6_bindings["bindings"]\n    node_venv_lib_python3_12_site-packages_PyQt6_bindings --> node_venv_lib_python3_12_site-packages_PyQt6_bindings_QtWidgets["QtWidgets"]\n    node_venv_lib_python3_12_site-packages_PyQt6_bindings_QtWidgets --> node_venv_lib_python3_12_site-packages_PyQt6_bindings_QtWidgets_qstyle_sip["qstyle.sip"]\n    Root --> node_venv["venv"]\n    node_venv --> node_venv_lib["lib"]\n    node_venv_lib --> node_venv_lib_python3_12["python3.12"]\n    node_venv_lib_python3_12 --> node_venv_lib_python3_12_site-packages["site-packages"]\n    node_venv_lib_python3_12_site-packages --> node_venv_lib_python3_12_site-packages_PyQt6["PyQt6"]\n    node_venv_lib_python3_12_site-packages_PyQt6 --> node_venv_lib_python3_12_site-packages_PyQt6_bindings["bindings"]\n    node_venv_lib_python3_12_site-packages_PyQt6_bindings --> node_venv_lib_python3_12_site-packages_PyQt6_bindings_QtWidgets["QtWidgets"]\n    node_venv_lib_python3_12_site-packages_PyQt6_bindings_QtWidgets --> node_venv_lib_python3_12_site-packages_PyQt6_bindings_QtWidgets_qstyleditemdelegate_sip["qstyleditemdelegate.sip"]\n    Root --> node_venv["venv"]\n    node_venv --> node_venv_lib["lib"]\n    node_venv_lib --> node_venv_lib_python3_12["python3.12"]\n    node_venv_lib_python3_12 --> node_venv_lib_python3_12_site-packages["site-packages"]\n    node_venv_lib_python3_12_site-packages --> node_venv_lib_python3_12_site-packages_PyQt6["PyQt6"]\n    node_venv_lib_python3_12_site-packages_PyQt6 --> node_venv_lib_python3_12_site-packages_PyQt6_bindings["bindings"]\n    node_venv_lib_python3_12_site-packages_PyQt6_bindings --> node_venv_lib_python3_12_site-packages_PyQt6_bindings_QtWidgets["QtWidgets"]\n    node_venv_lib_python3_12_site-packages_PyQt6_bindings_QtWidgets --> node_venv_lib_python3_12_site-packages_PyQt6_bindings_QtWidgets_qstylefactory_sip["qstylefactory.sip"]\n    Root --> node_venv["venv"]\n    node_venv --> node_venv_lib["lib"]\n    node_venv_lib --> node_venv_lib_python3_12["python3.12"]\n    node_venv_lib_python3_12 --> node_venv_lib_python3_12_site-packages["site-packages"]\n    node_venv_lib_python3_12_site-packages --> node_venv_lib_python3_12_site-packages_PyQt6["PyQt6"]\n    node_venv_lib_python3_12_site-packages_PyQt6 --> node_venv_lib_python3_12_site-packages_PyQt6_bindings["bindings"]\n    node_venv_lib_python3_12_site-packages_PyQt6_bindings --> node_venv_lib_python3_12_site-packages_PyQt6_bindings_QtWidgets["QtWidgets"]\n    node_venv_lib_python3_12_site-packages_PyQt6_bindings_QtWidgets --> node_venv_lib_python3_12_site-packages_PyQt6_bindings_QtWidgets_qstyleoption_sip["qstyleoption.sip"]\n    Root --> node_venv["venv"]\n    node_venv --> node_venv_lib["lib"]\n    node_venv_lib --> node_venv_lib_python3_12["python3.12"]\n    node_venv_lib_python3_12 --> node_venv_lib_python3_12_site-packages["site-packages"]\n    node_venv_lib_python3_12_site-packages --> node_venv_lib_python3_12_site-packages_PyQt6["PyQt6"]\n    node_venv_lib_python3_12_site-packages_PyQt6 --> node_venv_lib_python3_12_site-packages_PyQt6_bindings["bindings"]\n    node_venv_lib_python3_12_site-packages_PyQt6_bindings --> node_venv_lib_python3_12_site-packages_PyQt6_bindings_QtWidgets["QtWidgets"]\n    node_venv_lib_python3_12_site-packages_PyQt6_bindings_QtWidgets --> node_venv_lib_python3_12_site-packages_PyQt6_bindings_QtWidgets_qstylepainter_sip["qstylepainter.sip"]\n    Root --> node_venv["venv"]\n    node_venv --> node_venv_lib["lib"]\n    node_venv_lib --> node_venv_lib_python3_12["python3.12"]\n    node_venv_lib_python3_12 --> node_venv_lib_python3_12_site-packages["site-packages"]\n    node_venv_lib_python3_12_site-packages --> node_venv_lib_python3_12_site-packages_PyQt6["PyQt6"]\n    node_venv_lib_python3_12_site-packages_PyQt6 --> node_venv_lib_python3_12_site-packages_PyQt6_bindings["bindings"]\n    node_venv_lib_python3_12_site-packages_PyQt6_bindings --> node_venv_lib_python3_12_site-packages_PyQt6_bindings_QtWidgets["QtWidgets"]\n    node_venv_lib_python3_12_site-packages_PyQt6_bindings_QtWidgets --> node_venv_lib_python3_12_site-packages_PyQt6_bindings_QtWidgets_qsystemtrayicon_sip["qsystemtrayicon.sip"]\n    Root --> node_venv["venv"]\n    node_venv --> node_venv_lib["lib"]\n    node_venv_lib --> node_venv_lib_python3_12["python3.12"]\n    node_venv_lib_python3_12 --> node_venv_lib_python3_12_site-packages["site-packages"]\n    node_venv_lib_python3_12_site-packages --> node_venv_lib_python3_12_site-packages_PyQt6["PyQt6"]\n    node_venv_lib_python3_12_site-packages_PyQt6 --> node_venv_lib_python3_12_site-packages_PyQt6_bindings["bindings"]\n    node_venv_lib_python3_12_site-packages_PyQt6_bindings --> node_venv_lib_python3_12_site-packages_PyQt6_bindings_QtWidgets["QtWidgets"]\n    node_venv_lib_python3_12_site-packages_PyQt6_bindings_QtWidgets --> node_venv_lib_python3_12_site-packages_PyQt6_bindings_QtWidgets_qtabbar_sip["qtabbar.sip"]\n    Root --> node_venv["venv"]\n    node_venv --> node_venv_lib["lib"]\n    node_venv_lib --> node_venv_lib_python3_12["python3.12"]\n    node_venv_lib_python3_12 --> node_venv_lib_python3_12_site-packages["site-packages"]\n    node_venv_lib_python3_12_site-packages --> node_venv_lib_python3_12_site-packages_PyQt6["PyQt6"]\n    node_venv_lib_python3_12_site-packages_PyQt6 --> node_venv_lib_python3_12_site-packages_PyQt6_bindings["bindings"]\n    node_venv_lib_python3_12_site-packages_PyQt6_bindings --> node_venv_lib_python3_12_site-packages_PyQt6_bindings_QtWidgets["QtWidgets"]\n    node_venv_lib_python3_12_site-packages_PyQt6_bindings_QtWidgets --> node_venv_lib_python3_12_site-packages_PyQt6_bindings_QtWidgets_qtableview_sip["qtableview.sip"]\n    Root --> node_venv["venv"]\n    node_venv --> node_venv_lib["lib"]\n    node_venv_lib --> node_venv_lib_python3_12["python3.12"]\n    node_venv_lib_python3_12 --> node_venv_lib_python3_12_site-packages["site-packages"]\n    node_venv_lib_python3_12_site-packages --> node_venv_lib_python3_12_site-packages_PyQt6["PyQt6"]\n    node_venv_lib_python3_12_site-packages_PyQt6 --> node_venv_lib_python3_12_site-packages_PyQt6_bindings["bindings"]\n    node_venv_lib_python3_12_site-packages_PyQt6_bindings --> node_venv_lib_python3_12_site-packages_PyQt6_bindings_QtWidgets["QtWidgets"]\n    node_venv_lib_python3_12_site-packages_PyQt6_bindings_QtWidgets --> node_venv_lib_python3_12_site-packages_PyQt6_bindings_QtWidgets_qtablewidget_sip["qtablewidget.sip"]\n    Root --> node_venv["venv"]\n    node_venv --> node_venv_lib["lib"]\n    node_venv_lib --> node_venv_lib_python3_12["python3.12"]\n    node_venv_lib_python3_12 --> node_venv_lib_python3_12_site-packages["site-packages"]\n    node_venv_lib_python3_12_site-packages --> node_venv_lib_python3_12_site-packages_PyQt6["PyQt6"]\n    node_venv_lib_python3_12_site-packages_PyQt6 --> node_venv_lib_python3_12_site-packages_PyQt6_bindings["bindings"]\n    node_venv_lib_python3_12_site-packages_PyQt6_bindings --> node_venv_lib_python3_12_site-packages_PyQt6_bindings_QtWidgets["QtWidgets"]\n    node_venv_lib_python3_12_site-packages_PyQt6_bindings_QtWidgets --> node_venv_lib_python3_12_site-packages_PyQt6_bindings_QtWidgets_qtabwidget_sip["qtabwidget.sip"]\n    Root --> node_venv["venv"]\n    node_venv --> node_venv_lib["lib"]\n    node_venv_lib --> node_venv_lib_python3_12["python3.12"]\n    node_venv_lib_python3_12 --> node_venv_lib_python3_12_site-packages["site-packages"]\n    node_venv_lib_python3_12_site-packages --> node_venv_lib_python3_12_site-packages_PyQt6["PyQt6"]\n    node_venv_lib_python3_12_site-packages_PyQt6 --> node_venv_lib_python3_12_site-packages_PyQt6_bindings["bindings"]\n    node_venv_lib_python3_12_site-packages_PyQt6_bindings --> node_venv_lib_python3_12_site-packages_PyQt6_bindings_QtWidgets["QtWidgets"]\n    node_venv_lib_python3_12_site-packages_PyQt6_bindings_QtWidgets --> node_venv_lib_python3_12_site-packages_PyQt6_bindings_QtWidgets_qtextbrowser_sip["qtextbrowser.sip"]\n    Root --> node_venv["venv"]\n    node_venv --> node_venv_lib["lib"]\n    node_venv_lib --> node_venv_lib_python3_12["python3.12"]\n    node_venv_lib_python3_12 --> node_venv_lib_python3_12_site-packages["site-packages"]\n    node_venv_lib_python3_12_site-packages --> node_venv_lib_python3_12_site-packages_PyQt6["PyQt6"]\n    node_venv_lib_python3_12_site-packages_PyQt6 --> node_venv_lib_python3_12_site-packages_PyQt6_bindings["bindings"]\n    node_venv_lib_python3_12_site-packages_PyQt6_bindings --> node_venv_lib_python3_12_site-packages_PyQt6_bindings_QtWidgets["QtWidgets"]\n    node_venv_lib_python3_12_site-packages_PyQt6_bindings_QtWidgets --> node_venv_lib_python3_12_site-packages_PyQt6_bindings_QtWidgets_qtextedit_sip["qtextedit.sip"]\n    Root --> node_venv["venv"]\n    node_venv --> node_venv_lib["lib"]\n    node_venv_lib --> node_venv_lib_python3_12["python3.12"]\n    node_venv_lib_python3_12 --> node_venv_lib_python3_12_site-packages["site-packages"]\n    node_venv_lib_python3_12_site-packages --> node_venv_lib_python3_12_site-packages_PyQt6["PyQt6"]\n    node_venv_lib_python3_12_site-packages_PyQt6 --> node_venv_lib_python3_12_site-packages_PyQt6_bindings["bindings"]\n    node_venv_lib_python3_12_site-packages_PyQt6_bindings --> node_venv_lib_python3_12_site-packages_PyQt6_bindings_QtWidgets["QtWidgets"]\n    node_venv_lib_python3_12_site-packages_PyQt6_bindings_QtWidgets --> node_venv_lib_python3_12_site-packages_PyQt6_bindings_QtWidgets_qtoolbar_sip["qtoolbar.sip"]\n    Root --> node_venv["venv"]\n    node_venv --> node_venv_lib["lib"]\n    node_venv_lib --> node_venv_lib_python3_12["python3.12"]\n    node_venv_lib_python3_12 --> node_venv_lib_python3_12_site-packages["site-packages"]\n    node_venv_lib_python3_12_site-packages --> node_venv_lib_python3_12_site-packages_PyQt6["PyQt6"]\n    node_venv_lib_python3_12_site-packages_PyQt6 --> node_venv_lib_python3_12_site-packages_PyQt6_bindings["bindings"]\n    node_venv_lib_python3_12_site-packages_PyQt6_bindings --> node_venv_lib_python3_12_site-packages_PyQt6_bindings_QtWidgets["QtWidgets"]\n    node_venv_lib_python3_12_site-packages_PyQt6_bindings_QtWidgets --> node_venv_lib_python3_12_site-packages_PyQt6_bindings_QtWidgets_qtoolbox_sip["qtoolbox.sip"]\n    Root --> node_venv["venv"]\n    node_venv --> node_venv_lib["lib"]\n    node_venv_lib --> node_venv_lib_python3_12["python3.12"]\n    node_venv_lib_python3_12 --> node_venv_lib_python3_12_site-packages["site-packages"]\n    node_venv_lib_python3_12_site-packages --> node_venv_lib_python3_12_site-packages_PyQt6["PyQt6"]\n    node_venv_lib_python3_12_site-packages_PyQt6 --> node_venv_lib_python3_12_site-packages_PyQt6_bindings["bindings"]\n    node_venv_lib_python3_12_site-packages_PyQt6_bindings --> node_venv_lib_python3_12_site-packages_PyQt6_bindings_QtWidgets["QtWidgets"]\n    node_venv_lib_python3_12_site-packages_PyQt6_bindings_QtWidgets --> node_venv_lib_python3_12_site-packages_PyQt6_bindings_QtWidgets_qtoolbutton_sip["qtoolbutton.sip"]\n    Root --> node_venv["venv"]\n    node_venv --> node_venv_lib["lib"]\n    node_venv_lib --> node_venv_lib_python3_12["python3.12"]\n    node_venv_lib_python3_12 --> node_venv_lib_python3_12_site-packages["site-packages"]\n    node_venv_lib_python3_12_site-packages --> node_venv_lib_python3_12_site-packages_PyQt6["PyQt6"]\n    node_venv_lib_python3_12_site-packages_PyQt6 --> node_venv_lib_python3_12_site-packages_PyQt6_bindings["bindings"]\n    node_venv_lib_python3_12_site-packages_PyQt6_bindings --> node_venv_lib_python3_12_site-packages_PyQt6_bindings_QtWidgets["QtWidgets"]\n    node_venv_lib_python3_12_site-packages_PyQt6_bindings_QtWidgets --> node_venv_lib_python3_12_site-packages_PyQt6_bindings_QtWidgets_qtooltip_sip["qtooltip.sip"]\n    Root --> node_venv["venv"]\n    node_venv --> node_venv_lib["lib"]\n    node_venv_lib --> node_venv_lib_python3_12["python3.12"]\n    node_venv_lib_python3_12 --> node_venv_lib_python3_12_site-packages["site-packages"]\n    node_venv_lib_python3_12_site-packages --> node_venv_lib_python3_12_site-packages_PyQt6["PyQt6"]\n    node_venv_lib_python3_12_site-packages_PyQt6 --> node_venv_lib_python3_12_site-packages_PyQt6_bindings["bindings"]\n    node_venv_lib_python3_12_site-packages_PyQt6_bindings --> node_venv_lib_python3_12_site-packages_PyQt6_bindings_QtWidgets["QtWidgets"]\n    node_venv_lib_python3_12_site-packages_PyQt6_bindings_QtWidgets --> node_venv_lib_python3_12_site-packages_PyQt6_bindings_QtWidgets_qtreeview_sip["qtreeview.sip"]\n    Root --> node_venv["venv"]\n    node_venv --> node_venv_lib["lib"]\n    node_venv_lib --> node_venv_lib_python3_12["python3.12"]\n    node_venv_lib_python3_12 --> node_venv_lib_python3_12_site-packages["site-packages"]\n    node_venv_lib_python3_12_site-packages --> node_venv_lib_python3_12_site-packages_PyQt6["PyQt6"]\n    node_venv_lib_python3_12_site-packages_PyQt6 --> node_venv_lib_python3_12_site-packages_PyQt6_bindings["bindings"]\n    node_venv_lib_python3_12_site-packages_PyQt6_bindings --> node_venv_lib_python3_12_site-packages_PyQt6_bindings_QtWidgets["QtWidgets"]\n    node_venv_lib_python3_12_site-packages_PyQt6_bindings_QtWidgets --> node_venv_lib_python3_12_site-packages_PyQt6_bindings_QtWidgets_qtreewidget_sip["qtreewidget.sip"]\n    Root --> node_venv["venv"]\n    node_venv --> node_venv_lib["lib"]\n    node_venv_lib --> node_venv_lib_python3_12["python3.12"]\n    node_venv_lib_python3_12 --> node_venv_lib_python3_12_site-packages["site-packages"]\n    node_venv_lib_python3_12_site-packages --> node_venv_lib_python3_12_site-packages_PyQt6["PyQt6"]\n    node_venv_lib_python3_12_site-packages_PyQt6 --> node_venv_lib_python3_12_site-packages_PyQt6_bindings["bindings"]\n    node_venv_lib_python3_12_site-packages_PyQt6_bindings --> node_venv_lib_python3_12_site-packages_PyQt6_bindings_QtWidgets["QtWidgets"]\n    node_venv_lib_python3_12_site-packages_PyQt6_bindings_QtWidgets --> node_venv_lib_python3_12_site-packages_PyQt6_bindings_QtWidgets_qtreewidgetitemiterator_sip["qtreewidgetitemiterator.sip"]\n    Root --> node_venv["venv"]\n    node_venv --> node_venv_lib["lib"]\n    node_venv_lib --> node_venv_lib_python3_12["python3.12"]\n    node_venv_lib_python3_12 --> node_venv_lib_python3_12_site-packages["site-packages"]\n    node_venv_lib_python3_12_site-packages --> node_venv_lib_python3_12_site-packages_PyQt6["PyQt6"]\n    node_venv_lib_python3_12_site-packages_PyQt6 --> node_venv_lib_python3_12_site-packages_PyQt6_bindings["bindings"]\n    node_venv_lib_python3_12_site-packages_PyQt6_bindings --> node_venv_lib_python3_12_site-packages_PyQt6_bindings_QtWidgets["QtWidgets"]\n    node_venv_lib_python3_12_site-packages_PyQt6_bindings_QtWidgets --> node_venv_lib_python3_12_site-packages_PyQt6_bindings_QtWidgets_qundoview_sip["qundoview.sip"]\n    Root --> node_venv["venv"]\n    node_venv --> node_venv_lib["lib"]\n    node_venv_lib --> node_venv_lib_python3_12["python3.12"]\n    node_venv_lib_python3_12 --> node_venv_lib_python3_12_site-packages["site-packages"]\n    node_venv_lib_python3_12_site-packages --> node_venv_lib_python3_12_site-packages_PyQt6["PyQt6"]\n    node_venv_lib_python3_12_site-packages_PyQt6 --> node_venv_lib_python3_12_site-packages_PyQt6_bindings["bindings"]\n    node_venv_lib_python3_12_site-packages_PyQt6_bindings --> node_venv_lib_python3_12_site-packages_PyQt6_bindings_QtWidgets["QtWidgets"]\n    node_venv_lib_python3_12_site-packages_PyQt6_bindings_QtWidgets --> node_venv_lib_python3_12_site-packages_PyQt6_bindings_QtWidgets_qwhatsthis_sip["qwhatsthis.sip"]\n    Root --> node_venv["venv"]\n    node_venv --> node_venv_lib["lib"]\n    node_venv_lib --> node_venv_lib_python3_12["python3.12"]\n    node_venv_lib_python3_12 --> node_venv_lib_python3_12_site-packages["site-packages"]\n    node_venv_lib_python3_12_site-packages --> node_venv_lib_python3_12_site-packages_PyQt6["PyQt6"]\n    node_venv_lib_python3_12_site-packages_PyQt6 --> node_venv_lib_python3_12_site-packages_PyQt6_bindings["bindings"]\n    node_venv_lib_python3_12_site-packages_PyQt6_bindings --> node_venv_lib_python3_12_site-packages_PyQt6_bindings_QtWidgets["QtWidgets"]\n    node_venv_lib_python3_12_site-packages_PyQt6_bindings_QtWidgets --> node_venv_lib_python3_12_site-packages_PyQt6_bindings_QtWidgets_qwidget_sip["qwidget.sip"]\n    Root --> node_venv["venv"]\n    node_venv --> node_venv_lib["lib"]\n    node_venv_lib --> node_venv_lib_python3_12["python3.12"]\n    node_venv_lib_python3_12 --> node_venv_lib_python3_12_site-packages["site-packages"]\n    node_venv_lib_python3_12_site-packages --> node_venv_lib_python3_12_site-packages_PyQt6["PyQt6"]\n    node_venv_lib_python3_12_site-packages_PyQt6 --> node_venv_lib_python3_12_site-packages_PyQt6_bindings["bindings"]\n    node_venv_lib_python3_12_site-packages_PyQt6_bindings --> node_venv_lib_python3_12_site-packages_PyQt6_bindings_QtWidgets["QtWidgets"]\n    node_venv_lib_python3_12_site-packages_PyQt6_bindings_QtWidgets --> node_venv_lib_python3_12_site-packages_PyQt6_bindings_QtWidgets_qwidgetaction_sip["qwidgetaction.sip"]\n    Root --> node_venv["venv"]\n    node_venv --> node_venv_lib["lib"]\n    node_venv_lib --> node_venv_lib_python3_12["python3.12"]\n    node_venv_lib_python3_12 --> node_venv_lib_python3_12_site-packages["site-packages"]\n    node_venv_lib_python3_12_site-packages --> node_venv_lib_python3_12_site-packages_PyQt6["PyQt6"]\n    node_venv_lib_python3_12_site-packages_PyQt6 --> node_venv_lib_python3_12_site-packages_PyQt6_bindings["bindings"]\n    node_venv_lib_python3_12_site-packages_PyQt6_bindings --> node_venv_lib_python3_12_site-packages_PyQt6_bindings_QtWidgets["QtWidgets"]\n    node_venv_lib_python3_12_site-packages_PyQt6_bindings_QtWidgets --> node_venv_lib_python3_12_site-packages_PyQt6_bindings_QtWidgets_qwizard_sip["qwizard.sip"]\n    Root --> node_venv["venv"]\n    node_venv --> node_venv_lib["lib"]\n    node_venv_lib --> node_venv_lib_python3_12["python3.12"]\n    node_venv_lib_python3_12 --> node_venv_lib_python3_12_site-packages["site-packages"]\n    node_venv_lib_python3_12_site-packages --> node_venv_lib_python3_12_site-packages_PyQt6["PyQt6"]\n    node_venv_lib_python3_12_site-packages_PyQt6 --> node_venv_lib_python3_12_site-packages_PyQt6_bindings["bindings"]\n    node_venv_lib_python3_12_site-packages_PyQt6_bindings --> node_venv_lib_python3_12_site-packages_PyQt6_bindings_QtSql["QtSql"]\n    node_venv_lib_python3_12_site-packages_PyQt6_bindings_QtSql --> node_venv_lib_python3_12_site-packages_PyQt6_bindings_QtSql_QtSql_toml["QtSql.toml"]\n    Root --> node_venv["venv"]\n    node_venv --> node_venv_lib["lib"]\n    node_venv_lib --> node_venv_lib_python3_12["python3.12"]\n    node_venv_lib_python3_12 --> node_venv_lib_python3_12_site-packages["site-packages"]\n    node_venv_lib_python3_12_site-packages --> node_venv_lib_python3_12_site-packages_PyQt6["PyQt6"]\n    node_venv_lib_python3_12_site-packages_PyQt6 --> node_venv_lib_python3_12_site-packages_PyQt6_bindings["bindings"]\n    node_venv_lib_python3_12_site-packages_PyQt6_bindings --> node_venv_lib_python3_12_site-packages_PyQt6_bindings_QtSql["QtSql"]\n    node_venv_lib_python3_12_site-packages_PyQt6_bindings_QtSql --> node_venv_lib_python3_12_site-packages_PyQt6_bindings_QtSql_QtSqlmod_sip["QtSqlmod.sip"]\n    Root --> node_venv["venv"]\n    node_venv --> node_venv_lib["lib"]\n    node_venv_lib --> node_venv_lib_python3_12["python3.12"]\n    node_venv_lib_python3_12 --> node_venv_lib_python3_12_site-packages["site-packages"]\n    node_venv_lib_python3_12_site-packages --> node_venv_lib_python3_12_site-packages_PyQt6["PyQt6"]\n    node_venv_lib_python3_12_site-packages_PyQt6 --> node_venv_lib_python3_12_site-packages_PyQt6_bindings["bindings"]\n    node_venv_lib_python3_12_site-packages_PyQt6_bindings --> node_venv_lib_python3_12_site-packages_PyQt6_bindings_QtSql["QtSql"]\n    node_venv_lib_python3_12_site-packages_PyQt6_bindings_QtSql --> node_venv_lib_python3_12_site-packages_PyQt6_bindings_QtSql_qsqldatabase_sip["qsqldatabase.sip"]\n    Root --> node_venv["venv"]\n    node_venv --> node_venv_lib["lib"]\n    node_venv_lib --> node_venv_lib_python3_12["python3.12"]\n    node_venv_lib_python3_12 --> node_venv_lib_python3_12_site-packages["site-packages"]\n    node_venv_lib_python3_12_site-packages --> node_venv_lib_python3_12_site-packages_PyQt6["PyQt6"]\n    node_venv_lib_python3_12_site-packages_PyQt6 --> node_venv_lib_python3_12_site-packages_PyQt6_bindings["bindings"]\n    node_venv_lib_python3_12_site-packages_PyQt6_bindings --> node_venv_lib_python3_12_site-packages_PyQt6_bindings_QtSql["QtSql"]\n    node_venv_lib_python3_12_site-packages_PyQt6_bindings_QtSql --> node_venv_lib_python3_12_site-packages_PyQt6_bindings_QtSql_qsqldriver_sip["qsqldriver.sip"]\n    Root --> node_venv["venv"]\n    node_venv --> node_venv_lib["lib"]\n    node_venv_lib --> node_venv_lib_python3_12["python3.12"]\n    node_venv_lib_python3_12 --> node_venv_lib_python3_12_site-packages["site-packages"]\n    node_venv_lib_python3_12_site-packages --> node_venv_lib_python3_12_site-packages_PyQt6["PyQt6"]\n    node_venv_lib_python3_12_site-packages_PyQt6 --> node_venv_lib_python3_12_site-packages_PyQt6_bindings["bindings"]\n    node_venv_lib_python3_12_site-packages_PyQt6_bindings --> node_venv_lib_python3_12_site-packages_PyQt6_bindings_QtSql["QtSql"]\n    node_venv_lib_python3_12_site-packages_PyQt6_bindings_QtSql --> node_venv_lib_python3_12_site-packages_PyQt6_bindings_QtSql_qsqlerror_sip["qsqlerror.sip"]\n    Root --> node_venv["venv"]\n    node_venv --> node_venv_lib["lib"]\n    node_venv_lib --> node_venv_lib_python3_12["python3.12"]\n    node_venv_lib_python3_12 --> node_venv_lib_python3_12_site-packages["site-packages"]\n    node_venv_lib_python3_12_site-packages --> node_venv_lib_python3_12_site-packages_PyQt6["PyQt6"]\n    node_venv_lib_python3_12_site-packages_PyQt6 --> node_venv_lib_python3_12_site-packages_PyQt6_bindings["bindings"]\n    node_venv_lib_python3_12_site-packages_PyQt6_bindings --> node_venv_lib_python3_12_site-packages_PyQt6_bindings_QtSql["QtSql"]\n    node_venv_lib_python3_12_site-packages_PyQt6_bindings_QtSql --> node_venv_lib_python3_12_site-packages_PyQt6_bindings_QtSql_qsqlfield_sip["qsqlfield.sip"]\n    Root --> node_venv["venv"]\n    node_venv --> node_venv_lib["lib"]\n    node_venv_lib --> node_venv_lib_python3_12["python3.12"]\n    node_venv_lib_python3_12 --> node_venv_lib_python3_12_site-packages["site-packages"]\n    node_venv_lib_python3_12_site-packages --> node_venv_lib_python3_12_site-packages_PyQt6["PyQt6"]\n    node_venv_lib_python3_12_site-packages_PyQt6 --> node_venv_lib_python3_12_site-packages_PyQt6_bindings["bindings"]\n    node_venv_lib_python3_12_site-packages_PyQt6_bindings --> node_venv_lib_python3_12_site-packages_PyQt6_bindings_QtSql["QtSql"]\n    node_venv_lib_python3_12_site-packages_PyQt6_bindings_QtSql --> node_venv_lib_python3_12_site-packages_PyQt6_bindings_QtSql_qsqlindex_sip["qsqlindex.sip"]\n    Root --> node_venv["venv"]\n    node_venv --> node_venv_lib["lib"]\n    node_venv_lib --> node_venv_lib_python3_12["python3.12"]\n    node_venv_lib_python3_12 --> node_venv_lib_python3_12_site-packages["site-packages"]\n    node_venv_lib_python3_12_site-packages --> node_venv_lib_python3_12_site-packages_PyQt6["PyQt6"]\n    node_venv_lib_python3_12_site-packages_PyQt6 --> node_venv_lib_python3_12_site-packages_PyQt6_bindings["bindings"]\n    node_venv_lib_python3_12_site-packages_PyQt6_bindings --> node_venv_lib_python3_12_site-packages_PyQt6_bindings_QtSql["QtSql"]\n    node_venv_lib_python3_12_site-packages_PyQt6_bindings_QtSql --> node_venv_lib_python3_12_site-packages_PyQt6_bindings_QtSql_qsqlquery_sip["qsqlquery.sip"]\n    Root --> node_venv["venv"]\n    node_venv --> node_venv_lib["lib"]\n    node_venv_lib --> node_venv_lib_python3_12["python3.12"]\n    node_venv_lib_python3_12 --> node_venv_lib_python3_12_site-packages["site-packages"]\n    node_venv_lib_python3_12_site-packages --> node_venv_lib_python3_12_site-packages_PyQt6["PyQt6"]\n    node_venv_lib_python3_12_site-packages_PyQt6 --> node_venv_lib_python3_12_site-packages_PyQt6_bindings["bindings"]\n    node_venv_lib_python3_12_site-packages_PyQt6_bindings --> node_venv_lib_python3_12_site-packages_PyQt6_bindings_QtSql["QtSql"]\n    node_venv_lib_python3_12_site-packages_PyQt6_bindings_QtSql --> node_venv_lib_python3_12_site-packages_PyQt6_bindings_QtSql_qsqlquerymodel_sip["qsqlquerymodel.sip"]\n    Root --> node_venv["venv"]\n    node_venv --> node_venv_lib["lib"]\n    node_venv_lib --> node_venv_lib_python3_12["python3.12"]\n    node_venv_lib_python3_12 --> node_venv_lib_python3_12_site-packages["site-packages"]\n    node_venv_lib_python3_12_site-packages --> node_venv_lib_python3_12_site-packages_PyQt6["PyQt6"]\n    node_venv_lib_python3_12_site-packages_PyQt6 --> node_venv_lib_python3_12_site-packages_PyQt6_bindings["bindings"]\n    node_venv_lib_python3_12_site-packages_PyQt6_bindings --> node_venv_lib_python3_12_site-packages_PyQt6_bindings_QtSql["QtSql"]\n    node_venv_lib_python3_12_site-packages_PyQt6_bindings_QtSql --> node_venv_lib_python3_12_site-packages_PyQt6_bindings_QtSql_qsqlrecord_sip["qsqlrecord.sip"]\n    Root --> node_venv["venv"]\n    node_venv --> node_venv_lib["lib"]\n    node_venv_lib --> node_venv_lib_python3_12["python3.12"]\n    node_venv_lib_python3_12 --> node_venv_lib_python3_12_site-packages["site-packages"]\n    node_venv_lib_python3_12_site-packages --> node_venv_lib_python3_12_site-packages_PyQt6["PyQt6"]\n    node_venv_lib_python3_12_site-packages_PyQt6 --> node_venv_lib_python3_12_site-packages_PyQt6_bindings["bindings"]\n    node_venv_lib_python3_12_site-packages_PyQt6_bindings --> node_venv_lib_python3_12_site-packages_PyQt6_bindings_QtSql["QtSql"]\n    node_venv_lib_python3_12_site-packages_PyQt6_bindings_QtSql --> node_venv_lib_python3_12_site-packages_PyQt6_bindings_QtSql_qsqlrelationaldelegate_sip["qsqlrelationaldelegate.sip"]\n    Root --> node_venv["venv"]\n    node_venv --> node_venv_lib["lib"]\n    node_venv_lib --> node_venv_lib_python3_12["python3.12"]\n    node_venv_lib_python3_12 --> node_venv_lib_python3_12_site-packages["site-packages"]\n    node_venv_lib_python3_12_site-packages --> node_venv_lib_python3_12_site-packages_PyQt6["PyQt6"]\n    node_venv_lib_python3_12_site-packages_PyQt6 --> node_venv_lib_python3_12_site-packages_PyQt6_bindings["bindings"]\n    node_venv_lib_python3_12_site-packages_PyQt6_bindings --> node_venv_lib_python3_12_site-packages_PyQt6_bindings_QtSql["QtSql"]\n    node_venv_lib_python3_12_site-packages_PyQt6_bindings_QtSql --> node_venv_lib_python3_12_site-packages_PyQt6_bindings_QtSql_qsqlrelationaltablemodel_sip["qsqlrelationaltablemodel.sip"]\n    Root --> node_venv["venv"]\n    node_venv --> node_venv_lib["lib"]\n    node_venv_lib --> node_venv_lib_python3_12["python3.12"]\n    node_venv_lib_python3_12 --> node_venv_lib_python3_12_site-packages["site-packages"]\n    node_venv_lib_python3_12_site-packages --> node_venv_lib_python3_12_site-packages_PyQt6["PyQt6"]\n    node_venv_lib_python3_12_site-packages_PyQt6 --> node_venv_lib_python3_12_site-packages_PyQt6_bindings["bindings"]\n    node_venv_lib_python3_12_site-packages_PyQt6_bindings --> node_venv_lib_python3_12_site-packages_PyQt6_bindings_QtSql["QtSql"]\n    node_venv_lib_python3_12_site-packages_PyQt6_bindings_QtSql --> node_venv_lib_python3_12_site-packages_PyQt6_bindings_QtSql_qsqlresult_sip["qsqlresult.sip"]\n    Root --> node_venv["venv"]\n    node_venv --> node_venv_lib["lib"]\n    node_venv_lib --> node_venv_lib_python3_12["python3.12"]\n    node_venv_lib_python3_12 --> node_venv_lib_python3_12_site-packages["site-packages"]\n    node_venv_lib_python3_12_site-packages --> node_venv_lib_python3_12_site-packages_PyQt6["PyQt6"]\n    node_venv_lib_python3_12_site-packages_PyQt6 --> node_venv_lib_python3_12_site-packages_PyQt6_bindings["bindings"]\n    node_venv_lib_python3_12_site-packages_PyQt6_bindings --> node_venv_lib_python3_12_site-packages_PyQt6_bindings_QtSql["QtSql"]\n    node_venv_lib_python3_12_site-packages_PyQt6_bindings_QtSql --> node_venv_lib_python3_12_site-packages_PyQt6_bindings_QtSql_qsqltablemodel_sip["qsqltablemodel.sip"]\n    Root --> node_venv["venv"]\n    node_venv --> node_venv_lib["lib"]\n    node_venv_lib --> node_venv_lib_python3_12["python3.12"]\n    node_venv_lib_python3_12 --> node_venv_lib_python3_12_site-packages["site-packages"]\n    node_venv_lib_python3_12_site-packages --> node_venv_lib_python3_12_site-packages_PyQt6["PyQt6"]\n    node_venv_lib_python3_12_site-packages_PyQt6 --> node_venv_lib_python3_12_site-packages_PyQt6_bindings["bindings"]\n    node_venv_lib_python3_12_site-packages_PyQt6_bindings --> node_venv_lib_python3_12_site-packages_PyQt6_bindings_QtSql["QtSql"]\n    node_venv_lib_python3_12_site-packages_PyQt6_bindings_QtSql --> node_venv_lib_python3_12_site-packages_PyQt6_bindings_QtSql_qtsqlglobal_sip["qtsqlglobal.sip"]\n    Root --> node_venv["venv"]\n    node_venv --> node_venv_lib["lib"]\n    node_venv_lib --> node_venv_lib_python3_12["python3.12"]\n    node_venv_lib_python3_12 --> node_venv_lib_python3_12_site-packages["site-packages"]\n    node_venv_lib_python3_12_site-packages --> node_venv_lib_python3_12_site-packages_PyQt6["PyQt6"]\n    node_venv_lib_python3_12_site-packages_PyQt6 --> node_venv_lib_python3_12_site-packages_PyQt6_bindings["bindings"]\n    node_venv_lib_python3_12_site-packages_PyQt6_bindings --> node_venv_lib_python3_12_site-packages_PyQt6_bindings_QtMultimedia["QtMultimedia"]\n    node_venv_lib_python3_12_site-packages_PyQt6_bindings_QtMultimedia --> node_venv_lib_python3_12_site-packages_PyQt6_bindings_QtMultimedia_QtMultimedia_toml["QtMultimedia.toml"]\n    Root --> node_venv["venv"]\n    node_venv --> node_venv_lib["lib"]\n    node_venv_lib --> node_venv_lib_python3_12["python3.12"]\n    node_venv_lib_python3_12 --> node_venv_lib_python3_12_site-packages["site-packages"]\n    node_venv_lib_python3_12_site-packages --> node_venv_lib_python3_12_site-packages_PyQt6["PyQt6"]\n    node_venv_lib_python3_12_site-packages_PyQt6 --> node_venv_lib_python3_12_site-packages_PyQt6_bindings["bindings"]\n    node_venv_lib_python3_12_site-packages_PyQt6_bindings --> node_venv_lib_python3_12_site-packages_PyQt6_bindings_QtMultimedia["QtMultimedia"]\n    node_venv_lib_python3_12_site-packages_PyQt6_bindings_QtMultimedia --> node_venv_lib_python3_12_site-packages_PyQt6_bindings_QtMultimedia_QtMultimediamod_sip["QtMultimediamod.sip"]\n    Root --> node_venv["venv"]\n    node_venv --> node_venv_lib["lib"]\n    node_venv_lib --> node_venv_lib_python3_12["python3.12"]\n    node_venv_lib_python3_12 --> node_venv_lib_python3_12_site-packages["site-packages"]\n    node_venv_lib_python3_12_site-packages --> node_venv_lib_python3_12_site-packages_PyQt6["PyQt6"]\n    node_venv_lib_python3_12_site-packages_PyQt6 --> node_venv_lib_python3_12_site-packages_PyQt6_bindings["bindings"]\n    node_venv_lib_python3_12_site-packages_PyQt6_bindings --> node_venv_lib_python3_12_site-packages_PyQt6_bindings_QtMultimedia["QtMultimedia"]\n    node_venv_lib_python3_12_site-packages_PyQt6_bindings_QtMultimedia --> node_venv_lib_python3_12_site-packages_PyQt6_bindings_QtMultimedia_qaudio_sip["qaudio.sip"]\n    Root --> node_venv["venv"]\n    node_venv --> node_venv_lib["lib"]\n    node_venv_lib --> node_venv_lib_python3_12["python3.12"]\n    node_venv_lib_python3_12 --> node_venv_lib_python3_12_site-packages["site-packages"]\n    node_venv_lib_python3_12_site-packages --> node_venv_lib_python3_12_site-packages_PyQt6["PyQt6"]\n    node_venv_lib_python3_12_site-packages_PyQt6 --> node_venv_lib_python3_12_site-packages_PyQt6_bindings["bindings"]\n    node_venv_lib_python3_12_site-packages_PyQt6_bindings --> node_venv_lib_python3_12_site-packages_PyQt6_bindings_QtMultimedia["QtMultimedia"]\n    node_venv_lib_python3_12_site-packages_PyQt6_bindings_QtMultimedia --> node_venv_lib_python3_12_site-packages_PyQt6_bindings_QtMultimedia_qaudiobuffer_sip["qaudiobuffer.sip"]\n    Root --> node_venv["venv"]\n    node_venv --> node_venv_lib["lib"]\n    node_venv_lib --> node_venv_lib_python3_12["python3.12"]\n    node_venv_lib_python3_12 --> node_venv_lib_python3_12_site-packages["site-packages"]\n    node_venv_lib_python3_12_site-packages --> node_venv_lib_python3_12_site-packages_PyQt6["PyQt6"]\n    node_venv_lib_python3_12_site-packages_PyQt6 --> node_venv_lib_python3_12_site-packages_PyQt6_bindings["bindings"]\n    node_venv_lib_python3_12_site-packages_PyQt6_bindings --> node_venv_lib_python3_12_site-packages_PyQt6_bindings_QtMultimedia["QtMultimedia"]\n    node_venv_lib_python3_12_site-packages_PyQt6_bindings_QtMultimedia --> node_venv_lib_python3_12_site-packages_PyQt6_bindings_QtMultimedia_qaudiobufferinput_sip["qaudiobufferinput.sip"]\n    Root --> node_venv["venv"]\n    node_venv --> node_venv_lib["lib"]\n    node_venv_lib --> node_venv_lib_python3_12["python3.12"]\n    node_venv_lib_python3_12 --> node_venv_lib_python3_12_site-packages["site-packages"]\n    node_venv_lib_python3_12_site-packages --> node_venv_lib_python3_12_site-packages_PyQt6["PyQt6"]\n    node_venv_lib_python3_12_site-packages_PyQt6 --> node_venv_lib_python3_12_site-packages_PyQt6_bindings["bindings"]\n    node_venv_lib_python3_12_site-packages_PyQt6_bindings --> node_venv_lib_python3_12_site-packages_PyQt6_bindings_QtMultimedia["QtMultimedia"]\n    node_venv_lib_python3_12_site-packages_PyQt6_bindings_QtMultimedia --> node_venv_lib_python3_12_site-packages_PyQt6_bindings_QtMultimedia_qaudiobufferoutput_sip["qaudiobufferoutput.sip"]\n    Root --> node_venv["venv"]\n    node_venv --> node_venv_lib["lib"]\n    node_venv_lib --> node_venv_lib_python3_12["python3.12"]\n    node_venv_lib_python3_12 --> node_venv_lib_python3_12_site-packages["site-packages"]\n    node_venv_lib_python3_12_site-packages --> node_venv_lib_python3_12_site-packages_PyQt6["PyQt6"]\n    node_venv_lib_python3_12_site-packages_PyQt6 --> node_venv_lib_python3_12_site-packages_PyQt6_bindings["bindings"]\n    node_venv_lib_python3_12_site-packages_PyQt6_bindings --> node_venv_lib_python3_12_site-packages_PyQt6_bindings_QtMultimedia["QtMultimedia"]\n    node_venv_lib_python3_12_site-packages_PyQt6_bindings_QtMultimedia --> node_venv_lib_python3_12_site-packages_PyQt6_bindings_QtMultimedia_qaudiodecoder_sip["qaudiodecoder.sip"]\n    Root --> node_venv["venv"]\n    node_venv --> node_venv_lib["lib"]\n    node_venv_lib --> node_venv_lib_python3_12["python3.12"]\n    node_venv_lib_python3_12 --> node_venv_lib_python3_12_site-packages["site-packages"]\n    node_venv_lib_python3_12_site-packages --> node_venv_lib_python3_12_site-packages_PyQt6["PyQt6"]\n    node_venv_lib_python3_12_site-packages_PyQt6 --> node_venv_lib_python3_12_site-packages_PyQt6_bindings["bindings"]\n    node_venv_lib_python3_12_site-packages_PyQt6_bindings --> node_venv_lib_python3_12_site-packages_PyQt6_bindings_QtMultimedia["QtMultimedia"]\n    node_venv_lib_python3_12_site-packages_PyQt6_bindings_QtMultimedia --> node_venv_lib_python3_12_site-packages_PyQt6_bindings_QtMultimedia_qaudiodevice_sip["qaudiodevice.sip"]\n    Root --> node_venv["venv"]\n    node_venv --> node_venv_lib["lib"]\n    node_venv_lib --> node_venv_lib_python3_12["python3.12"]\n    node_venv_lib_python3_12 --> node_venv_lib_python3_12_site-packages["site-packages"]\n    node_venv_lib_python3_12_site-packages --> node_venv_lib_python3_12_site-packages_PyQt6["PyQt6"]\n    node_venv_lib_python3_12_site-packages_PyQt6 --> node_venv_lib_python3_12_site-packages_PyQt6_bindings["bindings"]\n    node_venv_lib_python3_12_site-packages_PyQt6_bindings --> node_venv_lib_python3_12_site-packages_PyQt6_bindings_QtMultimedia["QtMultimedia"]\n    node_venv_lib_python3_12_site-packages_PyQt6_bindings_QtMultimedia --> node_venv_lib_python3_12_site-packages_PyQt6_bindings_QtMultimedia_qaudioformat_sip["qaudioformat.sip"]\n    Root --> node_venv["venv"]\n    node_venv --> node_venv_lib["lib"]\n    node_venv_lib --> node_venv_lib_python3_12["python3.12"]\n    node_venv_lib_python3_12 --> node_venv_lib_python3_12_site-packages["site-packages"]\n    node_venv_lib_python3_12_site-packages --> node_venv_lib_python3_12_site-packages_PyQt6["PyQt6"]\n    node_venv_lib_python3_12_site-packages_PyQt6 --> node_venv_lib_python3_12_site-packages_PyQt6_bindings["bindings"]\n    node_venv_lib_python3_12_site-packages_PyQt6_bindings --> node_venv_lib_python3_12_site-packages_PyQt6_bindings_QtMultimedia["QtMultimedia"]\n    node_venv_lib_python3_12_site-packages_PyQt6_bindings_QtMultimedia --> node_venv_lib_python3_12_site-packages_PyQt6_bindings_QtMultimedia_qaudioinput_sip["qaudioinput.sip"]\n    Root --> node_venv["venv"]\n    node_venv --> node_venv_lib["lib"]\n    node_venv_lib --> node_venv_lib_python3_12["python3.12"]\n    node_venv_lib_python3_12 --> node_venv_lib_python3_12_site-packages["site-packages"]\n    node_venv_lib_python3_12_site-packages --> node_venv_lib_python3_12_site-packages_PyQt6["PyQt6"]\n    node_venv_lib_python3_12_site-packages_PyQt6 --> node_venv_lib_python3_12_site-packages_PyQt6_bindings["bindings"]\n    node_venv_lib_python3_12_site-packages_PyQt6_bindings --> node_venv_lib_python3_12_site-packages_PyQt6_bindings_QtMultimedia["QtMultimedia"]\n    node_venv_lib_python3_12_site-packages_PyQt6_bindings_QtMultimedia --> node_venv_lib_python3_12_site-packages_PyQt6_bindings_QtMultimedia_qaudiooutput_sip["qaudiooutput.sip"]\n    Root --> node_venv["venv"]\n    node_venv --> node_venv_lib["lib"]\n    node_venv_lib --> node_venv_lib_python3_12["python3.12"]\n    node_venv_lib_python3_12 --> node_venv_lib_python3_12_site-packages["site-packages"]\n    node_venv_lib_python3_12_site-packages --> node_venv_lib_python3_12_site-packages_PyQt6["PyQt6"]\n    node_venv_lib_python3_12_site-packages_PyQt6 --> node_venv_lib_python3_12_site-packages_PyQt6_bindings["bindings"]\n    node_venv_lib_python3_12_site-packages_PyQt6_bindings --> node_venv_lib_python3_12_site-packages_PyQt6_bindings_QtMultimedia["QtMultimedia"]\n    node_venv_lib_python3_12_site-packages_PyQt6_bindings_QtMultimedia --> node_venv_lib_python3_12_site-packages_PyQt6_bindings_QtMultimedia_qaudiosink_sip["qaudiosink.sip"]\n    Root --> node_venv["venv"]\n    node_venv --> node_venv_lib["lib"]\n    node_venv_lib --> node_venv_lib_python3_12["python3.12"]\n    node_venv_lib_python3_12 --> node_venv_lib_python3_12_site-packages["site-packages"]\n    node_venv_lib_python3_12_site-packages --> node_venv_lib_python3_12_site-packages_PyQt6["PyQt6"]\n    node_venv_lib_python3_12_site-packages_PyQt6 --> node_venv_lib_python3_12_site-packages_PyQt6_bindings["bindings"]\n    node_venv_lib_python3_12_site-packages_PyQt6_bindings --> node_venv_lib_python3_12_site-packages_PyQt6_bindings_QtMultimedia["QtMultimedia"]\n    node_venv_lib_python3_12_site-packages_PyQt6_bindings_QtMultimedia --> node_venv_lib_python3_12_site-packages_PyQt6_bindings_QtMultimedia_qaudiosource_sip["qaudiosource.sip"]\n    Root --> node_venv["venv"]\n    node_venv --> node_venv_lib["lib"]\n    node_venv_lib --> node_venv_lib_python3_12["python3.12"]\n    node_venv_lib_python3_12 --> node_venv_lib_python3_12_site-packages["site-packages"]\n    node_venv_lib_python3_12_site-packages --> node_venv_lib_python3_12_site-packages_PyQt6["PyQt6"]\n    node_venv_lib_python3_12_site-packages_PyQt6 --> node_venv_lib_python3_12_site-packages_PyQt6_bindings["bindings"]\n    node_venv_lib_python3_12_site-packages_PyQt6_bindings --> node_venv_lib_python3_12_site-packages_PyQt6_bindings_QtMultimedia["QtMultimedia"]\n    node_venv_lib_python3_12_site-packages_PyQt6_bindings_QtMultimedia --> node_venv_lib_python3_12_site-packages_PyQt6_bindings_QtMultimedia_qcamera_sip["qcamera.sip"]\n    Root --> node_venv["venv"]\n    node_venv --> node_venv_lib["lib"]\n    node_venv_lib --> node_venv_lib_python3_12["python3.12"]\n    node_venv_lib_python3_12 --> node_venv_lib_python3_12_site-packages["site-packages"]\n    node_venv_lib_python3_12_site-packages --> node_venv_lib_python3_12_site-packages_PyQt6["PyQt6"]\n    node_venv_lib_python3_12_site-packages_PyQt6 --> node_venv_lib_python3_12_site-packages_PyQt6_bindings["bindings"]\n    node_venv_lib_python3_12_site-packages_PyQt6_bindings --> node_venv_lib_python3_12_site-packages_PyQt6_bindings_QtMultimedia["QtMultimedia"]\n    node_venv_lib_python3_12_site-packages_PyQt6_bindings_QtMultimedia --> node_venv_lib_python3_12_site-packages_PyQt6_bindings_QtMultimedia_qcameradevice_sip["qcameradevice.sip"]\n    Root --> node_venv["venv"]\n    node_venv --> node_venv_lib["lib"]\n    node_venv_lib --> node_venv_lib_python3_12["python3.12"]\n    node_venv_lib_python3_12 --> node_venv_lib_python3_12_site-packages["site-packages"]\n    node_venv_lib_python3_12_site-packages --> node_venv_lib_python3_12_site-packages_PyQt6["PyQt6"]\n    node_venv_lib_python3_12_site-packages_PyQt6 --> node_venv_lib_python3_12_site-packages_PyQt6_bindings["bindings"]\n    node_venv_lib_python3_12_site-packages_PyQt6_bindings --> node_venv_lib_python3_12_site-packages_PyQt6_bindings_QtMultimedia["QtMultimedia"]\n    node_venv_lib_python3_12_site-packages_PyQt6_bindings_QtMultimedia --> node_venv_lib_python3_12_site-packages_PyQt6_bindings_QtMultimedia_qcapturablewindow_sip["qcapturablewindow.sip"]\n    Root --> node_venv["venv"]\n    node_venv --> node_venv_lib["lib"]\n    node_venv_lib --> node_venv_lib_python3_12["python3.12"]\n    node_venv_lib_python3_12 --> node_venv_lib_python3_12_site-packages["site-packages"]\n    node_venv_lib_python3_12_site-packages --> node_venv_lib_python3_12_site-packages_PyQt6["PyQt6"]\n    node_venv_lib_python3_12_site-packages_PyQt6 --> node_venv_lib_python3_12_site-packages_PyQt6_bindings["bindings"]\n    node_venv_lib_python3_12_site-packages_PyQt6_bindings --> node_venv_lib_python3_12_site-packages_PyQt6_bindings_QtMultimedia["QtMultimedia"]\n    node_venv_lib_python3_12_site-packages_PyQt6_bindings_QtMultimedia --> node_venv_lib_python3_12_site-packages_PyQt6_bindings_QtMultimedia_qimagecapture_sip["qimagecapture.sip"]\n    Root --> node_venv["venv"]\n    node_venv --> node_venv_lib["lib"]\n    node_venv_lib --> node_venv_lib_python3_12["python3.12"]\n    node_venv_lib_python3_12 --> node_venv_lib_python3_12_site-packages["site-packages"]\n    node_venv_lib_python3_12_site-packages --> node_venv_lib_python3_12_site-packages_PyQt6["PyQt6"]\n    node_venv_lib_python3_12_site-packages_PyQt6 --> node_venv_lib_python3_12_site-packages_PyQt6_bindings["bindings"]\n    node_venv_lib_python3_12_site-packages_PyQt6_bindings --> node_venv_lib_python3_12_site-packages_PyQt6_bindings_QtMultimedia["QtMultimedia"]\n    node_venv_lib_python3_12_site-packages_PyQt6_bindings_QtMultimedia --> node_venv_lib_python3_12_site-packages_PyQt6_bindings_QtMultimedia_qmediacapturesession_sip["qmediacapturesession.sip"]\n    Root --> node_venv["venv"]\n    node_venv --> node_venv_lib["lib"]\n    node_venv_lib --> node_venv_lib_python3_12["python3.12"]\n    node_venv_lib_python3_12 --> node_venv_lib_python3_12_site-packages["site-packages"]\n    node_venv_lib_python3_12_site-packages --> node_venv_lib_python3_12_site-packages_PyQt6["PyQt6"]\n    node_venv_lib_python3_12_site-packages_PyQt6 --> node_venv_lib_python3_12_site-packages_PyQt6_bindings["bindings"]\n    node_venv_lib_python3_12_site-packages_PyQt6_bindings --> node_venv_lib_python3_12_site-packages_PyQt6_bindings_QtMultimedia["QtMultimedia"]\n    node_venv_lib_python3_12_site-packages_PyQt6_bindings_QtMultimedia --> node_venv_lib_python3_12_site-packages_PyQt6_bindings_QtMultimedia_qmediadevices_sip["qmediadevices.sip"]\n    Root --> node_venv["venv"]\n    node_venv --> node_venv_lib["lib"]\n    node_venv_lib --> node_venv_lib_python3_12["python3.12"]\n    node_venv_lib_python3_12 --> node_venv_lib_python3_12_site-packages["site-packages"]\n    node_venv_lib_python3_12_site-packages --> node_venv_lib_python3_12_site-packages_PyQt6["PyQt6"]\n    node_venv_lib_python3_12_site-packages_PyQt6 --> node_venv_lib_python3_12_site-packages_PyQt6_bindings["bindings"]\n    node_venv_lib_python3_12_site-packages_PyQt6_bindings --> node_venv_lib_python3_12_site-packages_PyQt6_bindings_QtMultimedia["QtMultimedia"]\n    node_venv_lib_python3_12_site-packages_PyQt6_bindings_QtMultimedia --> node_venv_lib_python3_12_site-packages_PyQt6_bindings_QtMultimedia_qmediaformat_sip["qmediaformat.sip"]\n    Root --> node_venv["venv"]\n    node_venv --> node_venv_lib["lib"]\n    node_venv_lib --> node_venv_lib_python3_12["python3.12"]\n    node_venv_lib_python3_12 --> node_venv_lib_python3_12_site-packages["site-packages"]\n    node_venv_lib_python3_12_site-packages --> node_venv_lib_python3_12_site-packages_PyQt6["PyQt6"]\n    node_venv_lib_python3_12_site-packages_PyQt6 --> node_venv_lib_python3_12_site-packages_PyQt6_bindings["bindings"]\n    node_venv_lib_python3_12_site-packages_PyQt6_bindings --> node_venv_lib_python3_12_site-packages_PyQt6_bindings_QtMultimedia["QtMultimedia"]\n    node_venv_lib_python3_12_site-packages_PyQt6_bindings_QtMultimedia --> node_venv_lib_python3_12_site-packages_PyQt6_bindings_QtMultimedia_qmediametadata_sip["qmediametadata.sip"]\n    Root --> node_venv["venv"]\n    node_venv --> node_venv_lib["lib"]\n    node_venv_lib --> node_venv_lib_python3_12["python3.12"]\n    node_venv_lib_python3_12 --> node_venv_lib_python3_12_site-packages["site-packages"]\n    node_venv_lib_python3_12_site-packages --> node_venv_lib_python3_12_site-packages_PyQt6["PyQt6"]\n    node_venv_lib_python3_12_site-packages_PyQt6 --> node_venv_lib_python3_12_site-packages_PyQt6_bindings["bindings"]\n    node_venv_lib_python3_12_site-packages_PyQt6_bindings --> node_venv_lib_python3_12_site-packages_PyQt6_bindings_QtMultimedia["QtMultimedia"]\n    node_venv_lib_python3_12_site-packages_PyQt6_bindings_QtMultimedia --> node_venv_lib_python3_12_site-packages_PyQt6_bindings_QtMultimedia_qmediaplayer_sip["qmediaplayer.sip"]\n    Root --> node_venv["venv"]\n    node_venv --> node_venv_lib["lib"]\n    node_venv_lib --> node_venv_lib_python3_12["python3.12"]\n    node_venv_lib_python3_12 --> node_venv_lib_python3_12_site-packages["site-packages"]\n    node_venv_lib_python3_12_site-packages --> node_venv_lib_python3_12_site-packages_PyQt6["PyQt6"]\n    node_venv_lib_python3_12_site-packages_PyQt6 --> node_venv_lib_python3_12_site-packages_PyQt6_bindings["bindings"]\n    node_venv_lib_python3_12_site-packages_PyQt6_bindings --> node_venv_lib_python3_12_site-packages_PyQt6_bindings_QtMultimedia["QtMultimedia"]\n    node_venv_lib_python3_12_site-packages_PyQt6_bindings_QtMultimedia --> node_venv_lib_python3_12_site-packages_PyQt6_bindings_QtMultimedia_qmediarecorder_sip["qmediarecorder.sip"]\n    Root --> node_venv["venv"]\n    node_venv --> node_venv_lib["lib"]\n    node_venv_lib --> node_venv_lib_python3_12["python3.12"]\n    node_venv_lib_python3_12 --> node_venv_lib_python3_12_site-packages["site-packages"]\n    node_venv_lib_python3_12_site-packages --> node_venv_lib_python3_12_site-packages_PyQt6["PyQt6"]\n    node_venv_lib_python3_12_site-packages_PyQt6 --> node_venv_lib_python3_12_site-packages_PyQt6_bindings["bindings"]\n    node_venv_lib_python3_12_site-packages_PyQt6_bindings --> node_venv_lib_python3_12_site-packages_PyQt6_bindings_QtMultimedia["QtMultimedia"]\n    node_venv_lib_python3_12_site-packages_PyQt6_bindings_QtMultimedia --> node_venv_lib_python3_12_site-packages_PyQt6_bindings_QtMultimedia_qmediatimerange_sip["qmediatimerange.sip"]\n    Root --> node_venv["venv"]\n    node_venv --> node_venv_lib["lib"]\n    node_venv_lib --> node_venv_lib_python3_12["python3.12"]\n    node_venv_lib_python3_12 --> node_venv_lib_python3_12_site-packages["site-packages"]\n    node_venv_lib_python3_12_site-packages --> node_venv_lib_python3_12_site-packages_PyQt6["PyQt6"]\n    node_venv_lib_python3_12_site-packages_PyQt6 --> node_venv_lib_python3_12_site-packages_PyQt6_bindings["bindings"]\n    node_venv_lib_python3_12_site-packages_PyQt6_bindings --> node_venv_lib_python3_12_site-packages_PyQt6_bindings_QtMultimedia["QtMultimedia"]\n    node_venv_lib_python3_12_site-packages_PyQt6_bindings_QtMultimedia --> node_venv_lib_python3_12_site-packages_PyQt6_bindings_QtMultimedia_qplaybackoptions_sip["qplaybackoptions.sip"]\n    Root --> node_venv["venv"]\n    node_venv --> node_venv_lib["lib"]\n    node_venv_lib --> node_venv_lib_python3_12["python3.12"]\n    node_venv_lib_python3_12 --> node_venv_lib_python3_12_site-packages["site-packages"]\n    node_venv_lib_python3_12_site-packages --> node_venv_lib_python3_12_site-packages_PyQt6["PyQt6"]\n    node_venv_lib_python3_12_site-packages_PyQt6 --> node_venv_lib_python3_12_site-packages_PyQt6_bindings["bindings"]\n    node_venv_lib_python3_12_site-packages_PyQt6_bindings --> node_venv_lib_python3_12_site-packages_PyQt6_bindings_QtMultimedia["QtMultimedia"]\n    node_venv_lib_python3_12_site-packages_PyQt6_bindings_QtMultimedia --> node_venv_lib_python3_12_site-packages_PyQt6_bindings_QtMultimedia_qpymultimedia_qlist_sip["qpymultimedia_qlist.sip"]\n    Root --> node_venv["venv"]\n    node_venv --> node_venv_lib["lib"]\n    node_venv_lib --> node_venv_lib_python3_12["python3.12"]\n    node_venv_lib_python3_12 --> node_venv_lib_python3_12_site-packages["site-packages"]\n    node_venv_lib_python3_12_site-packages --> node_venv_lib_python3_12_site-packages_PyQt6["PyQt6"]\n    node_venv_lib_python3_12_site-packages_PyQt6 --> node_venv_lib_python3_12_site-packages_PyQt6_bindings["bindings"]\n    node_venv_lib_python3_12_site-packages_PyQt6_bindings --> node_venv_lib_python3_12_site-packages_PyQt6_bindings_QtMultimedia["QtMultimedia"]\n    node_venv_lib_python3_12_site-packages_PyQt6_bindings_QtMultimedia --> node_venv_lib_python3_12_site-packages_PyQt6_bindings_QtMultimedia_qscreencapture_sip["qscreencapture.sip"]\n    Root --> node_venv["venv"]\n    node_venv --> node_venv_lib["lib"]\n    node_venv_lib --> node_venv_lib_python3_12["python3.12"]\n    node_venv_lib_python3_12 --> node_venv_lib_python3_12_site-packages["site-packages"]\n    node_venv_lib_python3_12_site-packages --> node_venv_lib_python3_12_site-packages_PyQt6["PyQt6"]\n    node_venv_lib_python3_12_site-packages_PyQt6 --> node_venv_lib_python3_12_site-packages_PyQt6_bindings["bindings"]\n    node_venv_lib_python3_12_site-packages_PyQt6_bindings --> node_venv_lib_python3_12_site-packages_PyQt6_bindings_QtMultimedia["QtMultimedia"]\n    node_venv_lib_python3_12_site-packages_PyQt6_bindings_QtMultimedia --> node_venv_lib_python3_12_site-packages_PyQt6_bindings_QtMultimedia_qsoundeffect_sip["qsoundeffect.sip"]\n    Root --> node_venv["venv"]\n    node_venv --> node_venv_lib["lib"]\n    node_venv_lib --> node_venv_lib_python3_12["python3.12"]\n    node_venv_lib_python3_12 --> node_venv_lib_python3_12_site-packages["site-packages"]\n    node_venv_lib_python3_12_site-packages --> node_venv_lib_python3_12_site-packages_PyQt6["PyQt6"]\n    node_venv_lib_python3_12_site-packages_PyQt6 --> node_venv_lib_python3_12_site-packages_PyQt6_bindings["bindings"]\n    node_venv_lib_python3_12_site-packages_PyQt6_bindings --> node_venv_lib_python3_12_site-packages_PyQt6_bindings_QtMultimedia["QtMultimedia"]\n    node_venv_lib_python3_12_site-packages_PyQt6_bindings_QtMultimedia --> node_venv_lib_python3_12_site-packages_PyQt6_bindings_QtMultimedia_qtvideo_sip["qtvideo.sip"]\n    Root --> node_venv["venv"]\n    node_venv --> node_venv_lib["lib"]\n    node_venv_lib --> node_venv_lib_python3_12["python3.12"]\n    node_venv_lib_python3_12 --> node_venv_lib_python3_12_site-packages["site-packages"]\n    node_venv_lib_python3_12_site-packages --> node_venv_lib_python3_12_site-packages_PyQt6["PyQt6"]\n    node_venv_lib_python3_12_site-packages_PyQt6 --> node_venv_lib_python3_12_site-packages_PyQt6_bindings["bindings"]\n    node_venv_lib_python3_12_site-packages_PyQt6_bindings --> node_venv_lib_python3_12_site-packages_PyQt6_bindings_QtMultimedia["QtMultimedia"]\n    node_venv_lib_python3_12_site-packages_PyQt6_bindings_QtMultimedia --> node_venv_lib_python3_12_site-packages_PyQt6_bindings_QtMultimedia_qvideoframe_sip["qvideoframe.sip"]\n    Root --> node_venv["venv"]\n    node_venv --> node_venv_lib["lib"]\n    node_venv_lib --> node_venv_lib_python3_12["python3.12"]\n    node_venv_lib_python3_12 --> node_venv_lib_python3_12_site-packages["site-packages"]\n    node_venv_lib_python3_12_site-packages --> node_venv_lib_python3_12_site-packages_PyQt6["PyQt6"]\n    node_venv_lib_python3_12_site-packages_PyQt6 --> node_venv_lib_python3_12_site-packages_PyQt6_bindings["bindings"]\n    node_venv_lib_python3_12_site-packages_PyQt6_bindings --> node_venv_lib_python3_12_site-packages_PyQt6_bindings_QtMultimedia["QtMultimedia"]\n    node_venv_lib_python3_12_site-packages_PyQt6_bindings_QtMultimedia --> node_venv_lib_python3_12_site-packages_PyQt6_bindings_QtMultimedia_qvideoframeformat_sip["qvideoframeformat.sip"]\n    Root --> node_venv["venv"]\n    node_venv --> node_venv_lib["lib"]\n    node_venv_lib --> node_venv_lib_python3_12["python3.12"]\n    node_venv_lib_python3_12 --> node_venv_lib_python3_12_site-packages["site-packages"]\n    node_venv_lib_python3_12_site-packages --> node_venv_lib_python3_12_site-packages_PyQt6["PyQt6"]\n    node_venv_lib_python3_12_site-packages_PyQt6 --> node_venv_lib_python3_12_site-packages_PyQt6_bindings["bindings"]\n    node_venv_lib_python3_12_site-packages_PyQt6_bindings --> node_venv_lib_python3_12_site-packages_PyQt6_bindings_QtMultimedia["QtMultimedia"]\n    node_venv_lib_python3_12_site-packages_PyQt6_bindings_QtMultimedia --> node_venv_lib_python3_12_site-packages_PyQt6_bindings_QtMultimedia_qvideoframeinput_sip["qvideoframeinput.sip"]\n    Root --> node_venv["venv"]\n    node_venv --> node_venv_lib["lib"]\n    node_venv_lib --> node_venv_lib_python3_12["python3.12"]\n    node_venv_lib_python3_12 --> node_venv_lib_python3_12_site-packages["site-packages"]\n    node_venv_lib_python3_12_site-packages --> node_venv_lib_python3_12_site-packages_PyQt6["PyQt6"]\n    node_venv_lib_python3_12_site-packages_PyQt6 --> node_venv_lib_python3_12_site-packages_PyQt6_bindings["bindings"]\n    node_venv_lib_python3_12_site-packages_PyQt6_bindings --> node_venv_lib_python3_12_site-packages_PyQt6_bindings_QtMultimedia["QtMultimedia"]\n    node_venv_lib_python3_12_site-packages_PyQt6_bindings_QtMultimedia --> node_venv_lib_python3_12_site-packages_PyQt6_bindings_QtMultimedia_qvideosink_sip["qvideosink.sip"]\n    Root --> node_venv["venv"]\n    node_venv --> node_venv_lib["lib"]\n    node_venv_lib --> node_venv_lib_python3_12["python3.12"]\n    node_venv_lib_python3_12 --> node_venv_lib_python3_12_site-packages["site-packages"]\n    node_venv_lib_python3_12_site-packages --> node_venv_lib_python3_12_site-packages_PyQt6["PyQt6"]\n    node_venv_lib_python3_12_site-packages_PyQt6 --> node_venv_lib_python3_12_site-packages_PyQt6_bindings["bindings"]\n    node_venv_lib_python3_12_site-packages_PyQt6_bindings --> node_venv_lib_python3_12_site-packages_PyQt6_bindings_QtMultimedia["QtMultimedia"]\n    node_venv_lib_python3_12_site-packages_PyQt6_bindings_QtMultimedia --> node_venv_lib_python3_12_site-packages_PyQt6_bindings_QtMultimedia_qwindowcapture_sip["qwindowcapture.sip"]\n    Root --> node_venv["venv"]\n    node_venv --> node_venv_lib["lib"]\n    node_venv_lib --> node_venv_lib_python3_12["python3.12"]\n    node_venv_lib_python3_12 --> node_venv_lib_python3_12_site-packages["site-packages"]\n    node_venv_lib_python3_12_site-packages --> node_venv_lib_python3_12_site-packages_PyQt6["PyQt6"]\n    node_venv_lib_python3_12_site-packages_PyQt6 --> node_venv_lib_python3_12_site-packages_PyQt6_bindings["bindings"]\n    node_venv_lib_python3_12_site-packages_PyQt6_bindings --> node_venv_lib_python3_12_site-packages_PyQt6_bindings_QtSpatialAudio["QtSpatialAudio"]\n    node_venv_lib_python3_12_site-packages_PyQt6_bindings_QtSpatialAudio --> node_venv_lib_python3_12_site-packages_PyQt6_bindings_QtSpatialAudio_QtSpatialAudio_toml["QtSpatialAudio.toml"]\n    Root --> node_venv["venv"]\n    node_venv --> node_venv_lib["lib"]\n    node_venv_lib --> node_venv_lib_python3_12["python3.12"]\n    node_venv_lib_python3_12 --> node_venv_lib_python3_12_site-packages["site-packages"]\n    node_venv_lib_python3_12_site-packages --> node_venv_lib_python3_12_site-packages_PyQt6["PyQt6"]\n    node_venv_lib_python3_12_site-packages_PyQt6 --> node_venv_lib_python3_12_site-packages_PyQt6_bindings["bindings"]\n    node_venv_lib_python3_12_site-packages_PyQt6_bindings --> node_venv_lib_python3_12_site-packages_PyQt6_bindings_QtSpatialAudio["QtSpatialAudio"]\n    node_venv_lib_python3_12_site-packages_PyQt6_bindings_QtSpatialAudio --> node_venv_lib_python3_12_site-packages_PyQt6_bindings_QtSpatialAudio_QtSpatialAudiomod_sip["QtSpatialAudiomod.sip"]\n    Root --> node_venv["venv"]\n    node_venv --> node_venv_lib["lib"]\n    node_venv_lib --> node_venv_lib_python3_12["python3.12"]\n    node_venv_lib_python3_12 --> node_venv_lib_python3_12_site-packages["site-packages"]\n    node_venv_lib_python3_12_site-packages --> node_venv_lib_python3_12_site-packages_PyQt6["PyQt6"]\n    node_venv_lib_python3_12_site-packages_PyQt6 --> node_venv_lib_python3_12_site-packages_PyQt6_bindings["bindings"]\n    node_venv_lib_python3_12_site-packages_PyQt6_bindings --> node_venv_lib_python3_12_site-packages_PyQt6_bindings_QtSpatialAudio["QtSpatialAudio"]\n    node_venv_lib_python3_12_site-packages_PyQt6_bindings_QtSpatialAudio --> node_venv_lib_python3_12_site-packages_PyQt6_bindings_QtSpatialAudio_qambientsound_sip["qambientsound.sip"]\n    Root --> node_venv["venv"]\n    node_venv --> node_venv_lib["lib"]\n    node_venv_lib --> node_venv_lib_python3_12["python3.12"]\n    node_venv_lib_python3_12 --> node_venv_lib_python3_12_site-packages["site-packages"]\n    node_venv_lib_python3_12_site-packages --> node_venv_lib_python3_12_site-packages_PyQt6["PyQt6"]\n    node_venv_lib_python3_12_site-packages_PyQt6 --> node_venv_lib_python3_12_site-packages_PyQt6_bindings["bindings"]\n    node_venv_lib_python3_12_site-packages_PyQt6_bindings --> node_venv_lib_python3_12_site-packages_PyQt6_bindings_QtSpatialAudio["QtSpatialAudio"]\n    node_venv_lib_python3_12_site-packages_PyQt6_bindings_QtSpatialAudio --> node_venv_lib_python3_12_site-packages_PyQt6_bindings_QtSpatialAudio_qaudioengine_sip["qaudioengine.sip"]\n    Root --> node_venv["venv"]\n    node_venv --> node_venv_lib["lib"]\n    node_venv_lib --> node_venv_lib_python3_12["python3.12"]\n    node_venv_lib_python3_12 --> node_venv_lib_python3_12_site-packages["site-packages"]\n    node_venv_lib_python3_12_site-packages --> node_venv_lib_python3_12_site-packages_PyQt6["PyQt6"]\n    node_venv_lib_python3_12_site-packages_PyQt6 --> node_venv_lib_python3_12_site-packages_PyQt6_bindings["bindings"]\n    node_venv_lib_python3_12_site-packages_PyQt6_bindings --> node_venv_lib_python3_12_site-packages_PyQt6_bindings_QtSpatialAudio["QtSpatialAudio"]\n    node_venv_lib_python3_12_site-packages_PyQt6_bindings_QtSpatialAudio --> node_venv_lib_python3_12_site-packages_PyQt6_bindings_QtSpatialAudio_qaudiolistener_sip["qaudiolistener.sip"]\n    Root --> node_venv["venv"]\n    node_venv --> node_venv_lib["lib"]\n    node_venv_lib --> node_venv_lib_python3_12["python3.12"]\n    node_venv_lib_python3_12 --> node_venv_lib_python3_12_site-packages["site-packages"]\n    node_venv_lib_python3_12_site-packages --> node_venv_lib_python3_12_site-packages_PyQt6["PyQt6"]\n    node_venv_lib_python3_12_site-packages_PyQt6 --> node_venv_lib_python3_12_site-packages_PyQt6_bindings["bindings"]\n    node_venv_lib_python3_12_site-packages_PyQt6_bindings --> node_venv_lib_python3_12_site-packages_PyQt6_bindings_QtSpatialAudio["QtSpatialAudio"]\n    node_venv_lib_python3_12_site-packages_PyQt6_bindings_QtSpatialAudio --> node_venv_lib_python3_12_site-packages_PyQt6_bindings_QtSpatialAudio_qaudioroom_sip["qaudioroom.sip"]\n    Root --> node_venv["venv"]\n    node_venv --> node_venv_lib["lib"]\n    node_venv_lib --> node_venv_lib_python3_12["python3.12"]\n    node_venv_lib_python3_12 --> node_venv_lib_python3_12_site-packages["site-packages"]\n    node_venv_lib_python3_12_site-packages --> node_venv_lib_python3_12_site-packages_PyQt6["PyQt6"]\n    node_venv_lib_python3_12_site-packages_PyQt6 --> node_venv_lib_python3_12_site-packages_PyQt6_bindings["bindings"]\n    node_venv_lib_python3_12_site-packages_PyQt6_bindings --> node_venv_lib_python3_12_site-packages_PyQt6_bindings_QtSpatialAudio["QtSpatialAudio"]\n    node_venv_lib_python3_12_site-packages_PyQt6_bindings_QtSpatialAudio --> node_venv_lib_python3_12_site-packages_PyQt6_bindings_QtSpatialAudio_qspatialsound_sip["qspatialsound.sip"]\n    Root --> node_venv["venv"]\n    node_venv --> node_venv_lib["lib"]\n    node_venv_lib --> node_venv_lib_python3_12["python3.12"]\n    node_venv_lib_python3_12 --> node_venv_lib_python3_12_site-packages["site-packages"]\n    node_venv_lib_python3_12_site-packages --> node_venv_lib_python3_12_site-packages_PyQt6["PyQt6"]\n    node_venv_lib_python3_12_site-packages_PyQt6 --> node_venv_lib_python3_12_site-packages_PyQt6_bindings["bindings"]\n    node_venv_lib_python3_12_site-packages_PyQt6_bindings --> node_venv_lib_python3_12_site-packages_PyQt6_bindings_QtPositioning["QtPositioning"]\n    node_venv_lib_python3_12_site-packages_PyQt6_bindings_QtPositioning --> node_venv_lib_python3_12_site-packages_PyQt6_bindings_QtPositioning_QtPositioning_toml["QtPositioning.toml"]\n    Root --> node_venv["venv"]\n    node_venv --> node_venv_lib["lib"]\n    node_venv_lib --> node_venv_lib_python3_12["python3.12"]\n    node_venv_lib_python3_12 --> node_venv_lib_python3_12_site-packages["site-packages"]\n    node_venv_lib_python3_12_site-packages --> node_venv_lib_python3_12_site-packages_PyQt6["PyQt6"]\n    node_venv_lib_python3_12_site-packages_PyQt6 --> node_venv_lib_python3_12_site-packages_PyQt6_bindings["bindings"]\n    node_venv_lib_python3_12_site-packages_PyQt6_bindings --> node_venv_lib_python3_12_site-packages_PyQt6_bindings_QtPositioning["QtPositioning"]\n    node_venv_lib_python3_12_site-packages_PyQt6_bindings_QtPositioning --> node_venv_lib_python3_12_site-packages_PyQt6_bindings_QtPositioning_QtPositioningmod_sip["QtPositioningmod.sip"]\n    Root --> node_venv["venv"]\n    node_venv --> node_venv_lib["lib"]\n    node_venv_lib --> node_venv_lib_python3_12["python3.12"]\n    node_venv_lib_python3_12 --> node_venv_lib_python3_12_site-packages["site-packages"]\n    node_venv_lib_python3_12_site-packages --> node_venv_lib_python3_12_site-packages_PyQt6["PyQt6"]\n    node_venv_lib_python3_12_site-packages_PyQt6 --> node_venv_lib_python3_12_site-packages_PyQt6_bindings["bindings"]\n    node_venv_lib_python3_12_site-packages_PyQt6_bindings --> node_venv_lib_python3_12_site-packages_PyQt6_bindings_QtPositioning["QtPositioning"]\n    node_venv_lib_python3_12_site-packages_PyQt6_bindings_QtPositioning --> node_venv_lib_python3_12_site-packages_PyQt6_bindings_QtPositioning_qgeoaddress_sip["qgeoaddress.sip"]\n    Root --> node_venv["venv"]\n    node_venv --> node_venv_lib["lib"]\n    node_venv_lib --> node_venv_lib_python3_12["python3.12"]\n    node_venv_lib_python3_12 --> node_venv_lib_python3_12_site-packages["site-packages"]\n    node_venv_lib_python3_12_site-packages --> node_venv_lib_python3_12_site-packages_PyQt6["PyQt6"]\n    node_venv_lib_python3_12_site-packages_PyQt6 --> node_venv_lib_python3_12_site-packages_PyQt6_bindings["bindings"]\n    node_venv_lib_python3_12_site-packages_PyQt6_bindings --> node_venv_lib_python3_12_site-packages_PyQt6_bindings_QtPositioning["QtPositioning"]\n    node_venv_lib_python3_12_site-packages_PyQt6_bindings_QtPositioning --> node_venv_lib_python3_12_site-packages_PyQt6_bindings_QtPositioning_qgeoareamonitorinfo_sip["qgeoareamonitorinfo.sip"]\n    Root --> node_venv["venv"]\n    node_venv --> node_venv_lib["lib"]\n    node_venv_lib --> node_venv_lib_python3_12["python3.12"]\n    node_venv_lib_python3_12 --> node_venv_lib_python3_12_site-packages["site-packages"]\n    node_venv_lib_python3_12_site-packages --> node_venv_lib_python3_12_site-packages_PyQt6["PyQt6"]\n    node_venv_lib_python3_12_site-packages_PyQt6 --> node_venv_lib_python3_12_site-packages_PyQt6_bindings["bindings"]\n    node_venv_lib_python3_12_site-packages_PyQt6_bindings --> node_venv_lib_python3_12_site-packages_PyQt6_bindings_QtPositioning["QtPositioning"]\n    node_venv_lib_python3_12_site-packages_PyQt6_bindings_QtPositioning --> node_venv_lib_python3_12_site-packages_PyQt6_bindings_QtPositioning_qgeoareamonitorsource_sip["qgeoareamonitorsource.sip"]\n    Root --> node_venv["venv"]\n    node_venv --> node_venv_lib["lib"]\n    node_venv_lib --> node_venv_lib_python3_12["python3.12"]\n    node_venv_lib_python3_12 --> node_venv_lib_python3_12_site-packages["site-packages"]\n    node_venv_lib_python3_12_site-packages --> node_venv_lib_python3_12_site-packages_PyQt6["PyQt6"]\n    node_venv_lib_python3_12_site-packages_PyQt6 --> node_venv_lib_python3_12_site-packages_PyQt6_bindings["bindings"]\n    node_venv_lib_python3_12_site-packages_PyQt6_bindings --> node_venv_lib_python3_12_site-packages_PyQt6_bindings_QtPositioning["QtPositioning"]\n    node_venv_lib_python3_12_site-packages_PyQt6_bindings_QtPositioning --> node_venv_lib_python3_12_site-packages_PyQt6_bindings_QtPositioning_qgeocircle_sip["qgeocircle.sip"]\n    Root --> node_venv["venv"]\n    node_venv --> node_venv_lib["lib"]\n    node_venv_lib --> node_venv_lib_python3_12["python3.12"]\n    node_venv_lib_python3_12 --> node_venv_lib_python3_12_site-packages["site-packages"]\n    node_venv_lib_python3_12_site-packages --> node_venv_lib_python3_12_site-packages_PyQt6["PyQt6"]\n    node_venv_lib_python3_12_site-packages_PyQt6 --> node_venv_lib_python3_12_site-packages_PyQt6_bindings["bindings"]\n    node_venv_lib_python3_12_site-packages_PyQt6_bindings --> node_venv_lib_python3_12_site-packages_PyQt6_bindings_QtPositioning["QtPositioning"]\n    node_venv_lib_python3_12_site-packages_PyQt6_bindings_QtPositioning --> node_venv_lib_python3_12_site-packages_PyQt6_bindings_QtPositioning_qgeocoordinate_sip["qgeocoordinate.sip"]\n    Root --> node_venv["venv"]\n    node_venv --> node_venv_lib["lib"]\n    node_venv_lib --> node_venv_lib_python3_12["python3.12"]\n    node_venv_lib_python3_12 --> node_venv_lib_python3_12_site-packages["site-packages"]\n    node_venv_lib_python3_12_site-packages --> node_venv_lib_python3_12_site-packages_PyQt6["PyQt6"]\n    node_venv_lib_python3_12_site-packages_PyQt6 --> node_venv_lib_python3_12_site-packages_PyQt6_bindings["bindings"]\n    node_venv_lib_python3_12_site-packages_PyQt6_bindings --> node_venv_lib_python3_12_site-packages_PyQt6_bindings_QtPositioning["QtPositioning"]\n    node_venv_lib_python3_12_site-packages_PyQt6_bindings_QtPositioning --> node_venv_lib_python3_12_site-packages_PyQt6_bindings_QtPositioning_qgeolocation_sip["qgeolocation.sip"]\n    Root --> node_venv["venv"]\n    node_venv --> node_venv_lib["lib"]\n    node_venv_lib --> node_venv_lib_python3_12["python3.12"]\n    node_venv_lib_python3_12 --> node_venv_lib_python3_12_site-packages["site-packages"]\n    node_venv_lib_python3_12_site-packages --> node_venv_lib_python3_12_site-packages_PyQt6["PyQt6"]\n    node_venv_lib_python3_12_site-packages_PyQt6 --> node_venv_lib_python3_12_site-packages_PyQt6_bindings["bindings"]\n    node_venv_lib_python3_12_site-packages_PyQt6_bindings --> node_venv_lib_python3_12_site-packages_PyQt6_bindings_QtPositioning["QtPositioning"]\n    node_venv_lib_python3_12_site-packages_PyQt6_bindings_QtPositioning --> node_venv_lib_python3_12_site-packages_PyQt6_bindings_QtPositioning_qgeopath_sip["qgeopath.sip"]\n    Root --> node_venv["venv"]\n    node_venv --> node_venv_lib["lib"]\n    node_venv_lib --> node_venv_lib_python3_12["python3.12"]\n    node_venv_lib_python3_12 --> node_venv_lib_python3_12_site-packages["site-packages"]\n    node_venv_lib_python3_12_site-packages --> node_venv_lib_python3_12_site-packages_PyQt6["PyQt6"]\n    node_venv_lib_python3_12_site-packages_PyQt6 --> node_venv_lib_python3_12_site-packages_PyQt6_bindings["bindings"]\n    node_venv_lib_python3_12_site-packages_PyQt6_bindings --> node_venv_lib_python3_12_site-packages_PyQt6_bindings_QtPositioning["QtPositioning"]\n    node_venv_lib_python3_12_site-packages_PyQt6_bindings_QtPositioning --> node_venv_lib_python3_12_site-packages_PyQt6_bindings_QtPositioning_qgeopolygon_sip["qgeopolygon.sip"]\n    Root --> node_venv["venv"]\n    node_venv --> node_venv_lib["lib"]\n    node_venv_lib --> node_venv_lib_python3_12["python3.12"]\n    node_venv_lib_python3_12 --> node_venv_lib_python3_12_site-packages["site-packages"]\n    node_venv_lib_python3_12_site-packages --> node_venv_lib_python3_12_site-packages_PyQt6["PyQt6"]\n    node_venv_lib_python3_12_site-packages_PyQt6 --> node_venv_lib_python3_12_site-packages_PyQt6_bindings["bindings"]\n    node_venv_lib_python3_12_site-packages_PyQt6_bindings --> node_venv_lib_python3_12_site-packages_PyQt6_bindings_QtPositioning["QtPositioning"]\n    node_venv_lib_python3_12_site-packages_PyQt6_bindings_QtPositioning --> node_venv_lib_python3_12_site-packages_PyQt6_bindings_QtPositioning_qgeopositioninfo_sip["qgeopositioninfo.sip"]\n    Root --> node_venv["venv"]\n    node_venv --> node_venv_lib["lib"]\n    node_venv_lib --> node_venv_lib_python3_12["python3.12"]\n    node_venv_lib_python3_12 --> node_venv_lib_python3_12_site-packages["site-packages"]\n    node_venv_lib_python3_12_site-packages --> node_venv_lib_python3_12_site-packages_PyQt6["PyQt6"]\n    node_venv_lib_python3_12_site-packages_PyQt6 --> node_venv_lib_python3_12_site-packages_PyQt6_bindings["bindings"]\n    node_venv_lib_python3_12_site-packages_PyQt6_bindings --> node_venv_lib_python3_12_site-packages_PyQt6_bindings_QtPositioning["QtPositioning"]\n    node_venv_lib_python3_12_site-packages_PyQt6_bindings_QtPositioning --> node_venv_lib_python3_12_site-packages_PyQt6_bindings_QtPositioning_qgeopositioninfosource_sip["qgeopositioninfosource.sip"]\n    Root --> node_venv["venv"]\n    node_venv --> node_venv_lib["lib"]\n    node_venv_lib --> node_venv_lib_python3_12["python3.12"]\n    node_venv_lib_python3_12 --> node_venv_lib_python3_12_site-packages["site-packages"]\n    node_venv_lib_python3_12_site-packages --> node_venv_lib_python3_12_site-packages_PyQt6["PyQt6"]\n    node_venv_lib_python3_12_site-packages_PyQt6 --> node_venv_lib_python3_12_site-packages_PyQt6_bindings["bindings"]\n    node_venv_lib_python3_12_site-packages_PyQt6_bindings --> node_venv_lib_python3_12_site-packages_PyQt6_bindings_QtPositioning["QtPositioning"]\n    node_venv_lib_python3_12_site-packages_PyQt6_bindings_QtPositioning --> node_venv_lib_python3_12_site-packages_PyQt6_bindings_QtPositioning_qgeorectangle_sip["qgeorectangle.sip"]\n    Root --> node_venv["venv"]\n    node_venv --> node_venv_lib["lib"]\n    node_venv_lib --> node_venv_lib_python3_12["python3.12"]\n    node_venv_lib_python3_12 --> node_venv_lib_python3_12_site-packages["site-packages"]\n    node_venv_lib_python3_12_site-packages --> node_venv_lib_python3_12_site-packages_PyQt6["PyQt6"]\n    node_venv_lib_python3_12_site-packages_PyQt6 --> node_venv_lib_python3_12_site-packages_PyQt6_bindings["bindings"]\n    node_venv_lib_python3_12_site-packages_PyQt6_bindings --> node_venv_lib_python3_12_site-packages_PyQt6_bindings_QtPositioning["QtPositioning"]\n    node_venv_lib_python3_12_site-packages_PyQt6_bindings_QtPositioning --> node_venv_lib_python3_12_site-packages_PyQt6_bindings_QtPositioning_qgeosatelliteinfo_sip["qgeosatelliteinfo.sip"]\n    Root --> node_venv["venv"]\n    node_venv --> node_venv_lib["lib"]\n    node_venv_lib --> node_venv_lib_python3_12["python3.12"]\n    node_venv_lib_python3_12 --> node_venv_lib_python3_12_site-packages["site-packages"]\n    node_venv_lib_python3_12_site-packages --> node_venv_lib_python3_12_site-packages_PyQt6["PyQt6"]\n    node_venv_lib_python3_12_site-packages_PyQt6 --> node_venv_lib_python3_12_site-packages_PyQt6_bindings["bindings"]\n    node_venv_lib_python3_12_site-packages_PyQt6_bindings --> node_venv_lib_python3_12_site-packages_PyQt6_bindings_QtPositioning["QtPositioning"]\n    node_venv_lib_python3_12_site-packages_PyQt6_bindings_QtPositioning --> node_venv_lib_python3_12_site-packages_PyQt6_bindings_QtPositioning_qgeosatelliteinfosource_sip["qgeosatelliteinfosource.sip"]\n    Root --> node_venv["venv"]\n    node_venv --> node_venv_lib["lib"]\n    node_venv_lib --> node_venv_lib_python3_12["python3.12"]\n    node_venv_lib_python3_12 --> node_venv_lib_python3_12_site-packages["site-packages"]\n    node_venv_lib_python3_12_site-packages --> node_venv_lib_python3_12_site-packages_PyQt6["PyQt6"]\n    node_venv_lib_python3_12_site-packages_PyQt6 --> node_venv_lib_python3_12_site-packages_PyQt6_bindings["bindings"]\n    node_venv_lib_python3_12_site-packages_PyQt6_bindings --> node_venv_lib_python3_12_site-packages_PyQt6_bindings_QtPositioning["QtPositioning"]\n    node_venv_lib_python3_12_site-packages_PyQt6_bindings_QtPositioning --> node_venv_lib_python3_12_site-packages_PyQt6_bindings_QtPositioning_qgeoshape_sip["qgeoshape.sip"]\n    Root --> node_venv["venv"]\n    node_venv --> node_venv_lib["lib"]\n    node_venv_lib --> node_venv_lib_python3_12["python3.12"]\n    node_venv_lib_python3_12 --> node_venv_lib_python3_12_site-packages["site-packages"]\n    node_venv_lib_python3_12_site-packages --> node_venv_lib_python3_12_site-packages_PyQt6["PyQt6"]\n    node_venv_lib_python3_12_site-packages_PyQt6 --> node_venv_lib_python3_12_site-packages_PyQt6_bindings["bindings"]\n    node_venv_lib_python3_12_site-packages_PyQt6_bindings --> node_venv_lib_python3_12_site-packages_PyQt6_bindings_QtPositioning["QtPositioning"]\n    node_venv_lib_python3_12_site-packages_PyQt6_bindings_QtPositioning --> node_venv_lib_python3_12_site-packages_PyQt6_bindings_QtPositioning_qnmeapositioninfosource_sip["qnmeapositioninfosource.sip"]\n    Root --> node_venv["venv"]\n    node_venv --> node_venv_lib["lib"]\n    node_venv_lib --> node_venv_lib_python3_12["python3.12"]\n    node_venv_lib_python3_12 --> node_venv_lib_python3_12_site-packages["site-packages"]\n    node_venv_lib_python3_12_site-packages --> node_venv_lib_python3_12_site-packages_PyQt6["PyQt6"]\n    node_venv_lib_python3_12_site-packages_PyQt6 --> node_venv_lib_python3_12_site-packages_PyQt6_bindings["bindings"]\n    node_venv_lib_python3_12_site-packages_PyQt6_bindings --> node_venv_lib_python3_12_site-packages_PyQt6_bindings_QtPositioning["QtPositioning"]\n    node_venv_lib_python3_12_site-packages_PyQt6_bindings_QtPositioning --> node_venv_lib_python3_12_site-packages_PyQt6_bindings_QtPositioning_qnmeasatelliteinfosource_sip["qnmeasatelliteinfosource.sip"]\n    Root --> node_venv["venv"]\n    node_venv --> node_venv_lib["lib"]\n    node_venv_lib --> node_venv_lib_python3_12["python3.12"]\n    node_venv_lib_python3_12 --> node_venv_lib_python3_12_site-packages["site-packages"]\n    node_venv_lib_python3_12_site-packages --> node_venv_lib_python3_12_site-packages_PyQt6["PyQt6"]\n    node_venv_lib_python3_12_site-packages_PyQt6 --> node_venv_lib_python3_12_site-packages_PyQt6_bindings["bindings"]\n    node_venv_lib_python3_12_site-packages_PyQt6_bindings --> node_venv_lib_python3_12_site-packages_PyQt6_bindings_QtTextToSpeech["QtTextToSpeech"]\n    node_venv_lib_python3_12_site-packages_PyQt6_bindings_QtTextToSpeech --> node_venv_lib_python3_12_site-packages_PyQt6_bindings_QtTextToSpeech_QtTextToSpeech_toml["QtTextToSpeech.toml"]\n    Root --> node_venv["venv"]\n    node_venv --> node_venv_lib["lib"]\n    node_venv_lib --> node_venv_lib_python3_12["python3.12"]\n    node_venv_lib_python3_12 --> node_venv_lib_python3_12_site-packages["site-packages"]\n    node_venv_lib_python3_12_site-packages --> node_venv_lib_python3_12_site-packages_PyQt6["PyQt6"]\n    node_venv_lib_python3_12_site-packages_PyQt6 --> node_venv_lib_python3_12_site-packages_PyQt6_bindings["bindings"]\n    node_venv_lib_python3_12_site-packages_PyQt6_bindings --> node_venv_lib_python3_12_site-packages_PyQt6_bindings_QtTextToSpeech["QtTextToSpeech"]\n    node_venv_lib_python3_12_site-packages_PyQt6_bindings_QtTextToSpeech --> node_venv_lib_python3_12_site-packages_PyQt6_bindings_QtTextToSpeech_QtTextToSpeechmod_sip["QtTextToSpeechmod.sip"]\n    Root --> node_venv["venv"]\n    node_venv --> node_venv_lib["lib"]\n    node_venv_lib --> node_venv_lib_python3_12["python3.12"]\n    node_venv_lib_python3_12 --> node_venv_lib_python3_12_site-packages["site-packages"]\n    node_venv_lib_python3_12_site-packages --> node_venv_lib_python3_12_site-packages_PyQt6["PyQt6"]\n    node_venv_lib_python3_12_site-packages_PyQt6 --> node_venv_lib_python3_12_site-packages_PyQt6_bindings["bindings"]\n    node_venv_lib_python3_12_site-packages_PyQt6_bindings --> node_venv_lib_python3_12_site-packages_PyQt6_bindings_QtTextToSpeech["QtTextToSpeech"]\n    node_venv_lib_python3_12_site-packages_PyQt6_bindings_QtTextToSpeech --> node_venv_lib_python3_12_site-packages_PyQt6_bindings_QtTextToSpeech_qtexttospeech_sip["qtexttospeech.sip"]\n    Root --> node_venv["venv"]\n    node_venv --> node_venv_lib["lib"]\n    node_venv_lib --> node_venv_lib_python3_12["python3.12"]\n    node_venv_lib_python3_12 --> node_venv_lib_python3_12_site-packages["site-packages"]\n    node_venv_lib_python3_12_site-packages --> node_venv_lib_python3_12_site-packages_PyQt6["PyQt6"]\n    node_venv_lib_python3_12_site-packages_PyQt6 --> node_venv_lib_python3_12_site-packages_PyQt6_bindings["bindings"]\n    node_venv_lib_python3_12_site-packages_PyQt6_bindings --> node_venv_lib_python3_12_site-packages_PyQt6_bindings_QtTextToSpeech["QtTextToSpeech"]\n    node_venv_lib_python3_12_site-packages_PyQt6_bindings_QtTextToSpeech --> node_venv_lib_python3_12_site-packages_PyQt6_bindings_QtTextToSpeech_qvoice_sip["qvoice.sip"]\n    Root --> node_venv["venv"]\n    node_venv --> node_venv_lib["lib"]\n    node_venv_lib --> node_venv_lib_python3_12["python3.12"]\n    node_venv_lib_python3_12 --> node_venv_lib_python3_12_site-packages["site-packages"]\n    node_venv_lib_python3_12_site-packages --> node_venv_lib_python3_12_site-packages_PyQt6["PyQt6"]\n    node_venv_lib_python3_12_site-packages_PyQt6 --> node_venv_lib_python3_12_site-packages_PyQt6_bindings["bindings"]\n    node_venv_lib_python3_12_site-packages_PyQt6_bindings --> node_venv_lib_python3_12_site-packages_PyQt6_bindings_QtCore["QtCore"]\n    node_venv_lib_python3_12_site-packages_PyQt6_bindings_QtCore --> node_venv_lib_python3_12_site-packages_PyQt6_bindings_QtCore_QtCore_toml["QtCore.toml"]\n    Root --> node_venv["venv"]\n    node_venv --> node_venv_lib["lib"]\n    node_venv_lib --> node_venv_lib_python3_12["python3.12"]\n    node_venv_lib_python3_12 --> node_venv_lib_python3_12_site-packages["site-packages"]\n    node_venv_lib_python3_12_site-packages --> node_venv_lib_python3_12_site-packages_PyQt6["PyQt6"]\n    node_venv_lib_python3_12_site-packages_PyQt6 --> node_venv_lib_python3_12_site-packages_PyQt6_bindings["bindings"]\n    node_venv_lib_python3_12_site-packages_PyQt6_bindings --> node_venv_lib_python3_12_site-packages_PyQt6_bindings_QtCore["QtCore"]\n    node_venv_lib_python3_12_site-packages_PyQt6_bindings_QtCore --> node_venv_lib_python3_12_site-packages_PyQt6_bindings_QtCore_QtCoremod_sip["QtCoremod.sip"]\n    Root --> node_venv["venv"]\n    node_venv --> node_venv_lib["lib"]\n    node_venv_lib --> node_venv_lib_python3_12["python3.12"]\n    node_venv_lib_python3_12 --> node_venv_lib_python3_12_site-packages["site-packages"]\n    node_venv_lib_python3_12_site-packages --> node_venv_lib_python3_12_site-packages_PyQt6["PyQt6"]\n    node_venv_lib_python3_12_site-packages_PyQt6 --> node_venv_lib_python3_12_site-packages_PyQt6_bindings["bindings"]\n    node_venv_lib_python3_12_site-packages_PyQt6_bindings --> node_venv_lib_python3_12_site-packages_PyQt6_bindings_QtCore["QtCore"]\n    node_venv_lib_python3_12_site-packages_PyQt6_bindings_QtCore --> node_venv_lib_python3_12_site-packages_PyQt6_bindings_QtCore_pyqt-gpl_sip5["pyqt-gpl.sip5"]\n    Root --> node_venv["venv"]\n    node_venv --> node_venv_lib["lib"]\n    node_venv_lib --> node_venv_lib_python3_12["python3.12"]\n    node_venv_lib_python3_12 --> node_venv_lib_python3_12_site-packages["site-packages"]\n    node_venv_lib_python3_12_site-packages --> node_venv_lib_python3_12_site-packages_PyQt6["PyQt6"]\n    node_venv_lib_python3_12_site-packages_PyQt6 --> node_venv_lib_python3_12_site-packages_PyQt6_bindings["bindings"]\n    node_venv_lib_python3_12_site-packages_PyQt6_bindings --> node_venv_lib_python3_12_site-packages_PyQt6_bindings_QtCore["QtCore"]\n    node_venv_lib_python3_12_site-packages_PyQt6_bindings_QtCore --> node_venv_lib_python3_12_site-packages_PyQt6_bindings_QtCore_qabstractanimation_sip["qabstractanimation.sip"]\n    Root --> node_venv["venv"]\n    node_venv --> node_venv_lib["lib"]\n    node_venv_lib --> node_venv_lib_python3_12["python3.12"]\n    node_venv_lib_python3_12 --> node_venv_lib_python3_12_site-packages["site-packages"]\n    node_venv_lib_python3_12_site-packages --> node_venv_lib_python3_12_site-packages_PyQt6["PyQt6"]\n    node_venv_lib_python3_12_site-packages_PyQt6 --> node_venv_lib_python3_12_site-packages_PyQt6_bindings["bindings"]\n    node_venv_lib_python3_12_site-packages_PyQt6_bindings --> node_venv_lib_python3_12_site-packages_PyQt6_bindings_QtCore["QtCore"]\n    node_venv_lib_python3_12_site-packages_PyQt6_bindings_QtCore --> node_venv_lib_python3_12_site-packages_PyQt6_bindings_QtCore_qabstracteventdispatcher_sip["qabstracteventdispatcher.sip"]\n    Root --> node_venv["venv"]\n    node_venv --> node_venv_lib["lib"]\n    node_venv_lib --> node_venv_lib_python3_12["python3.12"]\n    node_venv_lib_python3_12 --> node_venv_lib_python3_12_site-packages["site-packages"]\n    node_venv_lib_python3_12_site-packages --> node_venv_lib_python3_12_site-packages_PyQt6["PyQt6"]\n    node_venv_lib_python3_12_site-packages_PyQt6 --> node_venv_lib_python3_12_site-packages_PyQt6_bindings["bindings"]\n    node_venv_lib_python3_12_site-packages_PyQt6_bindings --> node_venv_lib_python3_12_site-packages_PyQt6_bindings_QtCore["QtCore"]\n    node_venv_lib_python3_12_site-packages_PyQt6_bindings_QtCore --> node_venv_lib_python3_12_site-packages_PyQt6_bindings_QtCore_qabstractitemmodel_sip["qabstractitemmodel.sip"]\n    Root --> node_venv["venv"]\n    node_venv --> node_venv_lib["lib"]\n    node_venv_lib --> node_venv_lib_python3_12["python3.12"]\n    node_venv_lib_python3_12 --> node_venv_lib_python3_12_site-packages["site-packages"]\n    node_venv_lib_python3_12_site-packages --> node_venv_lib_python3_12_site-packages_PyQt6["PyQt6"]\n    node_venv_lib_python3_12_site-packages_PyQt6 --> node_venv_lib_python3_12_site-packages_PyQt6_bindings["bindings"]\n    node_venv_lib_python3_12_site-packages_PyQt6_bindings --> node_venv_lib_python3_12_site-packages_PyQt6_bindings_QtCore["QtCore"]\n    node_venv_lib_python3_12_site-packages_PyQt6_bindings_QtCore --> node_venv_lib_python3_12_site-packages_PyQt6_bindings_QtCore_qabstractnativeeventfilter_sip["qabstractnativeeventfilter.sip"]\n    Root --> node_venv["venv"]\n    node_venv --> node_venv_lib["lib"]\n    node_venv_lib --> node_venv_lib_python3_12["python3.12"]\n    node_venv_lib_python3_12 --> node_venv_lib_python3_12_site-packages["site-packages"]\n    node_venv_lib_python3_12_site-packages --> node_venv_lib_python3_12_site-packages_PyQt6["PyQt6"]\n    node_venv_lib_python3_12_site-packages_PyQt6 --> node_venv_lib_python3_12_site-packages_PyQt6_bindings["bindings"]\n    node_venv_lib_python3_12_site-packages_PyQt6_bindings --> node_venv_lib_python3_12_site-packages_PyQt6_bindings_QtCore["QtCore"]\n    node_venv_lib_python3_12_site-packages_PyQt6_bindings_QtCore --> node_venv_lib_python3_12_site-packages_PyQt6_bindings_QtCore_qabstractproxymodel_sip["qabstractproxymodel.sip"]\n    Root --> node_venv["venv"]\n    node_venv --> node_venv_lib["lib"]\n    node_venv_lib --> node_venv_lib_python3_12["python3.12"]\n    node_venv_lib_python3_12 --> node_venv_lib_python3_12_site-packages["site-packages"]\n    node_venv_lib_python3_12_site-packages --> node_venv_lib_python3_12_site-packages_PyQt6["PyQt6"]\n    node_venv_lib_python3_12_site-packages_PyQt6 --> node_venv_lib_python3_12_site-packages_PyQt6_bindings["bindings"]\n    node_venv_lib_python3_12_site-packages_PyQt6_bindings --> node_venv_lib_python3_12_site-packages_PyQt6_bindings_QtCore["QtCore"]\n    node_venv_lib_python3_12_site-packages_PyQt6_bindings_QtCore --> node_venv_lib_python3_12_site-packages_PyQt6_bindings_QtCore_qanimationgroup_sip["qanimationgroup.sip"]\n    Root --> node_venv["venv"]\n    node_venv --> node_venv_lib["lib"]\n    node_venv_lib --> node_venv_lib_python3_12["python3.12"]\n    node_venv_lib_python3_12 --> node_venv_lib_python3_12_site-packages["site-packages"]\n    node_venv_lib_python3_12_site-packages --> node_venv_lib_python3_12_site-packages_PyQt6["PyQt6"]\n    node_venv_lib_python3_12_site-packages_PyQt6 --> node_venv_lib_python3_12_site-packages_PyQt6_bindings["bindings"]\n    node_venv_lib_python3_12_site-packages_PyQt6_bindings --> node_venv_lib_python3_12_site-packages_PyQt6_bindings_QtCore["QtCore"]\n    node_venv_lib_python3_12_site-packages_PyQt6_bindings_QtCore --> node_venv_lib_python3_12_site-packages_PyQt6_bindings_QtCore_qanystringview_sip["qanystringview.sip"]\n    Root --> node_venv["venv"]\n    node_venv --> node_venv_lib["lib"]\n    node_venv_lib --> node_venv_lib_python3_12["python3.12"]\n    node_venv_lib_python3_12 --> node_venv_lib_python3_12_site-packages["site-packages"]\n    node_venv_lib_python3_12_site-packages --> node_venv_lib_python3_12_site-packages_PyQt6["PyQt6"]\n    node_venv_lib_python3_12_site-packages_PyQt6 --> node_venv_lib_python3_12_site-packages_PyQt6_bindings["bindings"]\n    node_venv_lib_python3_12_site-packages_PyQt6_bindings --> node_venv_lib_python3_12_site-packages_PyQt6_bindings_QtCore["QtCore"]\n    node_venv_lib_python3_12_site-packages_PyQt6_bindings_QtCore --> node_venv_lib_python3_12_site-packages_PyQt6_bindings_QtCore_qbasictimer_sip["qbasictimer.sip"]\n    Root --> node_venv["venv"]\n    node_venv --> node_venv_lib["lib"]\n    node_venv_lib --> node_venv_lib_python3_12["python3.12"]\n    node_venv_lib_python3_12 --> node_venv_lib_python3_12_site-packages["site-packages"]\n    node_venv_lib_python3_12_site-packages --> node_venv_lib_python3_12_site-packages_PyQt6["PyQt6"]\n    node_venv_lib_python3_12_site-packages_PyQt6 --> node_venv_lib_python3_12_site-packages_PyQt6_bindings["bindings"]\n    node_venv_lib_python3_12_site-packages_PyQt6_bindings --> node_venv_lib_python3_12_site-packages_PyQt6_bindings_QtCore["QtCore"]\n    node_venv_lib_python3_12_site-packages_PyQt6_bindings_QtCore --> node_venv_lib_python3_12_site-packages_PyQt6_bindings_QtCore_qbitarray_sip["qbitarray.sip"]\n    Root --> node_venv["venv"]\n    node_venv --> node_venv_lib["lib"]\n    node_venv_lib --> node_venv_lib_python3_12["python3.12"]\n    node_venv_lib_python3_12 --> node_venv_lib_python3_12_site-packages["site-packages"]\n    node_venv_lib_python3_12_site-packages --> node_venv_lib_python3_12_site-packages_PyQt6["PyQt6"]\n    node_venv_lib_python3_12_site-packages_PyQt6 --> node_venv_lib_python3_12_site-packages_PyQt6_bindings["bindings"]\n    node_venv_lib_python3_12_site-packages_PyQt6_bindings --> node_venv_lib_python3_12_site-packages_PyQt6_bindings_QtCore["QtCore"]\n    node_venv_lib_python3_12_site-packages_PyQt6_bindings_QtCore --> node_venv_lib_python3_12_site-packages_PyQt6_bindings_QtCore_qbuffer_sip["qbuffer.sip"]\n    Root --> node_venv["venv"]\n    node_venv --> node_venv_lib["lib"]\n    node_venv_lib --> node_venv_lib_python3_12["python3.12"]\n    node_venv_lib_python3_12 --> node_venv_lib_python3_12_site-packages["site-packages"]\n    node_venv_lib_python3_12_site-packages --> node_venv_lib_python3_12_site-packages_PyQt6["PyQt6"]\n    node_venv_lib_python3_12_site-packages_PyQt6 --> node_venv_lib_python3_12_site-packages_PyQt6_bindings["bindings"]\n    node_venv_lib_python3_12_site-packages_PyQt6_bindings --> node_venv_lib_python3_12_site-packages_PyQt6_bindings_QtCore["QtCore"]\n    node_venv_lib_python3_12_site-packages_PyQt6_bindings_QtCore --> node_venv_lib_python3_12_site-packages_PyQt6_bindings_QtCore_qbytearray_sip["qbytearray.sip"]\n    Root --> node_venv["venv"]\n    node_venv --> node_venv_lib["lib"]\n    node_venv_lib --> node_venv_lib_python3_12["python3.12"]\n    node_venv_lib_python3_12 --> node_venv_lib_python3_12_site-packages["site-packages"]\n    node_venv_lib_python3_12_site-packages --> node_venv_lib_python3_12_site-packages_PyQt6["PyQt6"]\n    node_venv_lib_python3_12_site-packages_PyQt6 --> node_venv_lib_python3_12_site-packages_PyQt6_bindings["bindings"]\n    node_venv_lib_python3_12_site-packages_PyQt6_bindings --> node_venv_lib_python3_12_site-packages_PyQt6_bindings_QtCore["QtCore"]\n    node_venv_lib_python3_12_site-packages_PyQt6_bindings_QtCore --> node_venv_lib_python3_12_site-packages_PyQt6_bindings_QtCore_qbytearrayalgorithms_sip["qbytearrayalgorithms.sip"]\n    Root --> node_venv["venv"]\n    node_venv --> node_venv_lib["lib"]\n    node_venv_lib --> node_venv_lib_python3_12["python3.12"]\n    node_venv_lib_python3_12 --> node_venv_lib_python3_12_site-packages["site-packages"]\n    node_venv_lib_python3_12_site-packages --> node_venv_lib_python3_12_site-packages_PyQt6["PyQt6"]\n    node_venv_lib_python3_12_site-packages_PyQt6 --> node_venv_lib_python3_12_site-packages_PyQt6_bindings["bindings"]\n    node_venv_lib_python3_12_site-packages_PyQt6_bindings --> node_venv_lib_python3_12_site-packages_PyQt6_bindings_QtCore["QtCore"]\n    node_venv_lib_python3_12_site-packages_PyQt6_bindings_QtCore --> node_venv_lib_python3_12_site-packages_PyQt6_bindings_QtCore_qbytearraylist_sip["qbytearraylist.sip"]\n    Root --> node_venv["venv"]\n    node_venv --> node_venv_lib["lib"]\n    node_venv_lib --> node_venv_lib_python3_12["python3.12"]\n    node_venv_lib_python3_12 --> node_venv_lib_python3_12_site-packages["site-packages"]\n    node_venv_lib_python3_12_site-packages --> node_venv_lib_python3_12_site-packages_PyQt6["PyQt6"]\n    node_venv_lib_python3_12_site-packages_PyQt6 --> node_venv_lib_python3_12_site-packages_PyQt6_bindings["bindings"]\n    node_venv_lib_python3_12_site-packages_PyQt6_bindings --> node_venv_lib_python3_12_site-packages_PyQt6_bindings_QtCore["QtCore"]\n    node_venv_lib_python3_12_site-packages_PyQt6_bindings_QtCore --> node_venv_lib_python3_12_site-packages_PyQt6_bindings_QtCore_qbytearraymatcher_sip["qbytearraymatcher.sip"]\n    Root --> node_venv["venv"]\n    node_venv --> node_venv_lib["lib"]\n    node_venv_lib --> node_venv_lib_python3_12["python3.12"]\n    node_venv_lib_python3_12 --> node_venv_lib_python3_12_site-packages["site-packages"]\n    node_venv_lib_python3_12_site-packages --> node_venv_lib_python3_12_site-packages_PyQt6["PyQt6"]\n    node_venv_lib_python3_12_site-packages_PyQt6 --> node_venv_lib_python3_12_site-packages_PyQt6_bindings["bindings"]\n    node_venv_lib_python3_12_site-packages_PyQt6_bindings --> node_venv_lib_python3_12_site-packages_PyQt6_bindings_QtCore["QtCore"]\n    node_venv_lib_python3_12_site-packages_PyQt6_bindings_QtCore --> node_venv_lib_python3_12_site-packages_PyQt6_bindings_QtCore_qbytearrayview_sip["qbytearrayview.sip"]\n    Root --> node_venv["venv"]\n    node_venv --> node_venv_lib["lib"]\n    node_venv_lib --> node_venv_lib_python3_12["python3.12"]\n    node_venv_lib_python3_12 --> node_venv_lib_python3_12_site-packages["site-packages"]\n    node_venv_lib_python3_12_site-packages --> node_venv_lib_python3_12_site-packages_PyQt6["PyQt6"]\n    node_venv_lib_python3_12_site-packages_PyQt6 --> node_venv_lib_python3_12_site-packages_PyQt6_bindings["bindings"]\n    node_venv_lib_python3_12_site-packages_PyQt6_bindings --> node_venv_lib_python3_12_site-packages_PyQt6_bindings_QtCore["QtCore"]\n    node_venv_lib_python3_12_site-packages_PyQt6_bindings_QtCore --> node_venv_lib_python3_12_site-packages_PyQt6_bindings_QtCore_qcalendar_sip["qcalendar.sip"]\n    Root --> node_venv["venv"]\n    node_venv --> node_venv_lib["lib"]\n    node_venv_lib --> node_venv_lib_python3_12["python3.12"]\n    node_venv_lib_python3_12 --> node_venv_lib_python3_12_site-packages["site-packages"]\n    node_venv_lib_python3_12_site-packages --> node_venv_lib_python3_12_site-packages_PyQt6["PyQt6"]\n    node_venv_lib_python3_12_site-packages_PyQt6 --> node_venv_lib_python3_12_site-packages_PyQt6_bindings["bindings"]\n    node_venv_lib_python3_12_site-packages_PyQt6_bindings --> node_venv_lib_python3_12_site-packages_PyQt6_bindings_QtCore["QtCore"]\n    node_venv_lib_python3_12_site-packages_PyQt6_bindings_QtCore --> node_venv_lib_python3_12_site-packages_PyQt6_bindings_QtCore_qcborcommon_sip["qcborcommon.sip"]\n    Root --> node_venv["venv"]\n    node_venv --> node_venv_lib["lib"]\n    node_venv_lib --> node_venv_lib_python3_12["python3.12"]\n    node_venv_lib_python3_12 --> node_venv_lib_python3_12_site-packages["site-packages"]\n    node_venv_lib_python3_12_site-packages --> node_venv_lib_python3_12_site-packages_PyQt6["PyQt6"]\n    node_venv_lib_python3_12_site-packages_PyQt6 --> node_venv_lib_python3_12_site-packages_PyQt6_bindings["bindings"]\n    node_venv_lib_python3_12_site-packages_PyQt6_bindings --> node_venv_lib_python3_12_site-packages_PyQt6_bindings_QtCore["QtCore"]\n    node_venv_lib_python3_12_site-packages_PyQt6_bindings_QtCore --> node_venv_lib_python3_12_site-packages_PyQt6_bindings_QtCore_qcborstreamreader_sip["qcborstreamreader.sip"]\n    Root --> node_venv["venv"]\n    node_venv --> node_venv_lib["lib"]\n    node_venv_lib --> node_venv_lib_python3_12["python3.12"]\n    node_venv_lib_python3_12 --> node_venv_lib_python3_12_site-packages["site-packages"]\n    node_venv_lib_python3_12_site-packages --> node_venv_lib_python3_12_site-packages_PyQt6["PyQt6"]\n    node_venv_lib_python3_12_site-packages_PyQt6 --> node_venv_lib_python3_12_site-packages_PyQt6_bindings["bindings"]\n    node_venv_lib_python3_12_site-packages_PyQt6_bindings --> node_venv_lib_python3_12_site-packages_PyQt6_bindings_QtCore["QtCore"]\n    node_venv_lib_python3_12_site-packages_PyQt6_bindings_QtCore --> node_venv_lib_python3_12_site-packages_PyQt6_bindings_QtCore_qcborstreamwriter_sip["qcborstreamwriter.sip"]\n    Root --> node_venv["venv"]\n    node_venv --> node_venv_lib["lib"]\n    node_venv_lib --> node_venv_lib_python3_12["python3.12"]\n    node_venv_lib_python3_12 --> node_venv_lib_python3_12_site-packages["site-packages"]\n    node_venv_lib_python3_12_site-packages --> node_venv_lib_python3_12_site-packages_PyQt6["PyQt6"]\n    node_venv_lib_python3_12_site-packages_PyQt6 --> node_venv_lib_python3_12_site-packages_PyQt6_bindings["bindings"]\n    node_venv_lib_python3_12_site-packages_PyQt6_bindings --> node_venv_lib_python3_12_site-packages_PyQt6_bindings_QtCore["QtCore"]\n    node_venv_lib_python3_12_site-packages_PyQt6_bindings_QtCore --> node_venv_lib_python3_12_site-packages_PyQt6_bindings_QtCore_qchar_sip["qchar.sip"]\n    Root --> node_venv["venv"]\n    node_venv --> node_venv_lib["lib"]\n    node_venv_lib --> node_venv_lib_python3_12["python3.12"]\n    node_venv_lib_python3_12 --> node_venv_lib_python3_12_site-packages["site-packages"]\n    node_venv_lib_python3_12_site-packages --> node_venv_lib_python3_12_site-packages_PyQt6["PyQt6"]\n    node_venv_lib_python3_12_site-packages_PyQt6 --> node_venv_lib_python3_12_site-packages_PyQt6_bindings["bindings"]\n    node_venv_lib_python3_12_site-packages_PyQt6_bindings --> node_venv_lib_python3_12_site-packages_PyQt6_bindings_QtCore["QtCore"]\n    node_venv_lib_python3_12_site-packages_PyQt6_bindings_QtCore --> node_venv_lib_python3_12_site-packages_PyQt6_bindings_QtCore_qcollator_sip["qcollator.sip"]\n    Root --> node_venv["venv"]\n    node_venv --> node_venv_lib["lib"]\n    node_venv_lib --> node_venv_lib_python3_12["python3.12"]\n    node_venv_lib_python3_12 --> node_venv_lib_python3_12_site-packages["site-packages"]\n    node_venv_lib_python3_12_site-packages --> node_venv_lib_python3_12_site-packages_PyQt6["PyQt6"]\n    node_venv_lib_python3_12_site-packages_PyQt6 --> node_venv_lib_python3_12_site-packages_PyQt6_bindings["bindings"]\n    node_venv_lib_python3_12_site-packages_PyQt6_bindings --> node_venv_lib_python3_12_site-packages_PyQt6_bindings_QtCore["QtCore"]\n    node_venv_lib_python3_12_site-packages_PyQt6_bindings_QtCore --> node_venv_lib_python3_12_site-packages_PyQt6_bindings_QtCore_qcommandlineoption_sip["qcommandlineoption.sip"]\n    Root --> node_venv["venv"]\n    node_venv --> node_venv_lib["lib"]\n    node_venv_lib --> node_venv_lib_python3_12["python3.12"]\n    node_venv_lib_python3_12 --> node_venv_lib_python3_12_site-packages["site-packages"]\n    node_venv_lib_python3_12_site-packages --> node_venv_lib_python3_12_site-packages_PyQt6["PyQt6"]\n    node_venv_lib_python3_12_site-packages_PyQt6 --> node_venv_lib_python3_12_site-packages_PyQt6_bindings["bindings"]\n    node_venv_lib_python3_12_site-packages_PyQt6_bindings --> node_venv_lib_python3_12_site-packages_PyQt6_bindings_QtCore["QtCore"]\n    node_venv_lib_python3_12_site-packages_PyQt6_bindings_QtCore --> node_venv_lib_python3_12_site-packages_PyQt6_bindings_QtCore_qcommandlineparser_sip["qcommandlineparser.sip"]\n    Root --> node_venv["venv"]\n    node_venv --> node_venv_lib["lib"]\n    node_venv_lib --> node_venv_lib_python3_12["python3.12"]\n    node_venv_lib_python3_12 --> node_venv_lib_python3_12_site-packages["site-packages"]\n    node_venv_lib_python3_12_site-packages --> node_venv_lib_python3_12_site-packages_PyQt6["PyQt6"]\n    node_venv_lib_python3_12_site-packages_PyQt6 --> node_venv_lib_python3_12_site-packages_PyQt6_bindings["bindings"]\n    node_venv_lib_python3_12_site-packages_PyQt6_bindings --> node_venv_lib_python3_12_site-packages_PyQt6_bindings_QtCore["QtCore"]\n    node_venv_lib_python3_12_site-packages_PyQt6_bindings_QtCore --> node_venv_lib_python3_12_site-packages_PyQt6_bindings_QtCore_qconcatenatetablesproxymodel_sip["qconcatenatetablesproxymodel.sip"]\n    Root --> node_venv["venv"]\n    node_venv --> node_venv_lib["lib"]\n    node_venv_lib --> node_venv_lib_python3_12["python3.12"]\n    node_venv_lib_python3_12 --> node_venv_lib_python3_12_site-packages["site-packages"]\n    node_venv_lib_python3_12_site-packages --> node_venv_lib_python3_12_site-packages_PyQt6["PyQt6"]\n    node_venv_lib_python3_12_site-packages_PyQt6 --> node_venv_lib_python3_12_site-packages_PyQt6_bindings["bindings"]\n    node_venv_lib_python3_12_site-packages_PyQt6_bindings --> node_venv_lib_python3_12_site-packages_PyQt6_bindings_QtCore["QtCore"]\n    node_venv_lib_python3_12_site-packages_PyQt6_bindings_QtCore --> node_venv_lib_python3_12_site-packages_PyQt6_bindings_QtCore_qcoreapplication_sip["qcoreapplication.sip"]\n    Root --> node_venv["venv"]\n    node_venv --> node_venv_lib["lib"]\n    node_venv_lib --> node_venv_lib_python3_12["python3.12"]\n    node_venv_lib_python3_12 --> node_venv_lib_python3_12_site-packages["site-packages"]\n    node_venv_lib_python3_12_site-packages --> node_venv_lib_python3_12_site-packages_PyQt6["PyQt6"]\n    node_venv_lib_python3_12_site-packages_PyQt6 --> node_venv_lib_python3_12_site-packages_PyQt6_bindings["bindings"]\n    node_venv_lib_python3_12_site-packages_PyQt6_bindings --> node_venv_lib_python3_12_site-packages_PyQt6_bindings_QtCore["QtCore"]\n    node_venv_lib_python3_12_site-packages_PyQt6_bindings_QtCore --> node_venv_lib_python3_12_site-packages_PyQt6_bindings_QtCore_qcoreevent_sip["qcoreevent.sip"]\n    Root --> node_venv["venv"]\n    node_venv --> node_venv_lib["lib"]\n    node_venv_lib --> node_venv_lib_python3_12["python3.12"]\n    node_venv_lib_python3_12 --> node_venv_lib_python3_12_site-packages["site-packages"]\n    node_venv_lib_python3_12_site-packages --> node_venv_lib_python3_12_site-packages_PyQt6["PyQt6"]\n    node_venv_lib_python3_12_site-packages_PyQt6 --> node_venv_lib_python3_12_site-packages_PyQt6_bindings["bindings"]\n    node_venv_lib_python3_12_site-packages_PyQt6_bindings --> node_venv_lib_python3_12_site-packages_PyQt6_bindings_QtCore["QtCore"]\n    node_venv_lib_python3_12_site-packages_PyQt6_bindings_QtCore --> node_venv_lib_python3_12_site-packages_PyQt6_bindings_QtCore_qcryptographichash_sip["qcryptographichash.sip"]\n    Root --> node_venv["venv"]\n    node_venv --> node_venv_lib["lib"]\n    node_venv_lib --> node_venv_lib_python3_12["python3.12"]\n    node_venv_lib_python3_12 --> node_venv_lib_python3_12_site-packages["site-packages"]\n    node_venv_lib_python3_12_site-packages --> node_venv_lib_python3_12_site-packages_PyQt6["PyQt6"]\n    node_venv_lib_python3_12_site-packages_PyQt6 --> node_venv_lib_python3_12_site-packages_PyQt6_bindings["bindings"]\n    node_venv_lib_python3_12_site-packages_PyQt6_bindings --> node_venv_lib_python3_12_site-packages_PyQt6_bindings_QtCore["QtCore"]\n    node_venv_lib_python3_12_site-packages_PyQt6_bindings_QtCore --> node_venv_lib_python3_12_site-packages_PyQt6_bindings_QtCore_qdatastream_sip["qdatastream.sip"]\n    Root --> node_venv["venv"]\n    node_venv --> node_venv_lib["lib"]\n    node_venv_lib --> node_venv_lib_python3_12["python3.12"]\n    node_venv_lib_python3_12 --> node_venv_lib_python3_12_site-packages["site-packages"]\n    node_venv_lib_python3_12_site-packages --> node_venv_lib_python3_12_site-packages_PyQt6["PyQt6"]\n    node_venv_lib_python3_12_site-packages_PyQt6 --> node_venv_lib_python3_12_site-packages_PyQt6_bindings["bindings"]\n    node_venv_lib_python3_12_site-packages_PyQt6_bindings --> node_venv_lib_python3_12_site-packages_PyQt6_bindings_QtCore["QtCore"]\n    node_venv_lib_python3_12_site-packages_PyQt6_bindings_QtCore --> node_venv_lib_python3_12_site-packages_PyQt6_bindings_QtCore_qdatetime_sip["qdatetime.sip"]\n    Root --> node_venv["venv"]\n    node_venv --> node_venv_lib["lib"]\n    node_venv_lib --> node_venv_lib_python3_12["python3.12"]\n    node_venv_lib_python3_12 --> node_venv_lib_python3_12_site-packages["site-packages"]\n    node_venv_lib_python3_12_site-packages --> node_venv_lib_python3_12_site-packages_PyQt6["PyQt6"]\n    node_venv_lib_python3_12_site-packages_PyQt6 --> node_venv_lib_python3_12_site-packages_PyQt6_bindings["bindings"]\n    node_venv_lib_python3_12_site-packages_PyQt6_bindings --> node_venv_lib_python3_12_site-packages_PyQt6_bindings_QtCore["QtCore"]\n    node_venv_lib_python3_12_site-packages_PyQt6_bindings_QtCore --> node_venv_lib_python3_12_site-packages_PyQt6_bindings_QtCore_qdeadlinetimer_sip["qdeadlinetimer.sip"]\n    Root --> node_venv["venv"]\n    node_venv --> node_venv_lib["lib"]\n    node_venv_lib --> node_venv_lib_python3_12["python3.12"]\n    node_venv_lib_python3_12 --> node_venv_lib_python3_12_site-packages["site-packages"]\n    node_venv_lib_python3_12_site-packages --> node_venv_lib_python3_12_site-packages_PyQt6["PyQt6"]\n    node_venv_lib_python3_12_site-packages_PyQt6 --> node_venv_lib_python3_12_site-packages_PyQt6_bindings["bindings"]\n    node_venv_lib_python3_12_site-packages_PyQt6_bindings --> node_venv_lib_python3_12_site-packages_PyQt6_bindings_QtCore["QtCore"]\n    node_venv_lib_python3_12_site-packages_PyQt6_bindings_QtCore --> node_venv_lib_python3_12_site-packages_PyQt6_bindings_QtCore_qdir_sip["qdir.sip"]\n    Root --> node_venv["venv"]\n    node_venv --> node_venv_lib["lib"]\n    node_venv_lib --> node_venv_lib_python3_12["python3.12"]\n    node_venv_lib_python3_12 --> node_venv_lib_python3_12_site-packages["site-packages"]\n    node_venv_lib_python3_12_site-packages --> node_venv_lib_python3_12_site-packages_PyQt6["PyQt6"]\n    node_venv_lib_python3_12_site-packages_PyQt6 --> node_venv_lib_python3_12_site-packages_PyQt6_bindings["bindings"]\n    node_venv_lib_python3_12_site-packages_PyQt6_bindings --> node_venv_lib_python3_12_site-packages_PyQt6_bindings_QtCore["QtCore"]\n    node_venv_lib_python3_12_site-packages_PyQt6_bindings_QtCore --> node_venv_lib_python3_12_site-packages_PyQt6_bindings_QtCore_qdiriterator_sip["qdiriterator.sip"]\n    Root --> node_venv["venv"]\n    node_venv --> node_venv_lib["lib"]\n    node_venv_lib --> node_venv_lib_python3_12["python3.12"]\n    node_venv_lib_python3_12 --> node_venv_lib_python3_12_site-packages["site-packages"]\n    node_venv_lib_python3_12_site-packages --> node_venv_lib_python3_12_site-packages_PyQt6["PyQt6"]\n    node_venv_lib_python3_12_site-packages_PyQt6 --> node_venv_lib_python3_12_site-packages_PyQt6_bindings["bindings"]\n    node_venv_lib_python3_12_site-packages_PyQt6_bindings --> node_venv_lib_python3_12_site-packages_PyQt6_bindings_QtCore["QtCore"]\n    node_venv_lib_python3_12_site-packages_PyQt6_bindings_QtCore --> node_venv_lib_python3_12_site-packages_PyQt6_bindings_QtCore_qeasingcurve_sip["qeasingcurve.sip"]\n    Root --> node_venv["venv"]\n    node_venv --> node_venv_lib["lib"]\n    node_venv_lib --> node_venv_lib_python3_12["python3.12"]\n    node_venv_lib_python3_12 --> node_venv_lib_python3_12_site-packages["site-packages"]\n    node_venv_lib_python3_12_site-packages --> node_venv_lib_python3_12_site-packages_PyQt6["PyQt6"]\n    node_venv_lib_python3_12_site-packages_PyQt6 --> node_venv_lib_python3_12_site-packages_PyQt6_bindings["bindings"]\n    node_venv_lib_python3_12_site-packages_PyQt6_bindings --> node_venv_lib_python3_12_site-packages_PyQt6_bindings_QtCore["QtCore"]\n    node_venv_lib_python3_12_site-packages_PyQt6_bindings_QtCore --> node_venv_lib_python3_12_site-packages_PyQt6_bindings_QtCore_qelapsedtimer_sip["qelapsedtimer.sip"]\n    Root --> node_venv["venv"]\n    node_venv --> node_venv_lib["lib"]\n    node_venv_lib --> node_venv_lib_python3_12["python3.12"]\n    node_venv_lib_python3_12 --> node_venv_lib_python3_12_site-packages["site-packages"]\n    node_venv_lib_python3_12_site-packages --> node_venv_lib_python3_12_site-packages_PyQt6["PyQt6"]\n    node_venv_lib_python3_12_site-packages_PyQt6 --> node_venv_lib_python3_12_site-packages_PyQt6_bindings["bindings"]\n    node_venv_lib_python3_12_site-packages_PyQt6_bindings --> node_venv_lib_python3_12_site-packages_PyQt6_bindings_QtCore["QtCore"]\n    node_venv_lib_python3_12_site-packages_PyQt6_bindings_QtCore --> node_venv_lib_python3_12_site-packages_PyQt6_bindings_QtCore_qeventloop_sip["qeventloop.sip"]\n    Root --> node_venv["venv"]\n    node_venv --> node_venv_lib["lib"]\n    node_venv_lib --> node_venv_lib_python3_12["python3.12"]\n    node_venv_lib_python3_12 --> node_venv_lib_python3_12_site-packages["site-packages"]\n    node_venv_lib_python3_12_site-packages --> node_venv_lib_python3_12_site-packages_PyQt6["PyQt6"]\n    node_venv_lib_python3_12_site-packages_PyQt6 --> node_venv_lib_python3_12_site-packages_PyQt6_bindings["bindings"]\n    node_venv_lib_python3_12_site-packages_PyQt6_bindings --> node_venv_lib_python3_12_site-packages_PyQt6_bindings_QtCore["QtCore"]\n    node_venv_lib_python3_12_site-packages_PyQt6_bindings_QtCore --> node_venv_lib_python3_12_site-packages_PyQt6_bindings_QtCore_qfile_sip["qfile.sip"]\n    Root --> node_venv["venv"]\n    node_venv --> node_venv_lib["lib"]\n    node_venv_lib --> node_venv_lib_python3_12["python3.12"]\n    node_venv_lib_python3_12 --> node_venv_lib_python3_12_site-packages["site-packages"]\n    node_venv_lib_python3_12_site-packages --> node_venv_lib_python3_12_site-packages_PyQt6["PyQt6"]\n    node_venv_lib_python3_12_site-packages_PyQt6 --> node_venv_lib_python3_12_site-packages_PyQt6_bindings["bindings"]\n    node_venv_lib_python3_12_site-packages_PyQt6_bindings --> node_venv_lib_python3_12_site-packages_PyQt6_bindings_QtCore["QtCore"]\n    node_venv_lib_python3_12_site-packages_PyQt6_bindings_QtCore --> node_venv_lib_python3_12_site-packages_PyQt6_bindings_QtCore_qfiledevice_sip["qfiledevice.sip"]\n    Root --> node_venv["venv"]\n    node_venv --> node_venv_lib["lib"]\n    node_venv_lib --> node_venv_lib_python3_12["python3.12"]\n    node_venv_lib_python3_12 --> node_venv_lib_python3_12_site-packages["site-packages"]\n    node_venv_lib_python3_12_site-packages --> node_venv_lib_python3_12_site-packages_PyQt6["PyQt6"]\n    node_venv_lib_python3_12_site-packages_PyQt6 --> node_venv_lib_python3_12_site-packages_PyQt6_bindings["bindings"]\n    node_venv_lib_python3_12_site-packages_PyQt6_bindings --> node_venv_lib_python3_12_site-packages_PyQt6_bindings_QtCore["QtCore"]\n    node_venv_lib_python3_12_site-packages_PyQt6_bindings_QtCore --> node_venv_lib_python3_12_site-packages_PyQt6_bindings_QtCore_qfileinfo_sip["qfileinfo.sip"]\n    Root --> node_venv["venv"]\n    node_venv --> node_venv_lib["lib"]\n    node_venv_lib --> node_venv_lib_python3_12["python3.12"]\n    node_venv_lib_python3_12 --> node_venv_lib_python3_12_site-packages["site-packages"]\n    node_venv_lib_python3_12_site-packages --> node_venv_lib_python3_12_site-packages_PyQt6["PyQt6"]\n    node_venv_lib_python3_12_site-packages_PyQt6 --> node_venv_lib_python3_12_site-packages_PyQt6_bindings["bindings"]\n    node_venv_lib_python3_12_site-packages_PyQt6_bindings --> node_venv_lib_python3_12_site-packages_PyQt6_bindings_QtCore["QtCore"]\n    node_venv_lib_python3_12_site-packages_PyQt6_bindings_QtCore --> node_venv_lib_python3_12_site-packages_PyQt6_bindings_QtCore_qfileselector_sip["qfileselector.sip"]\n    Root --> node_venv["venv"]\n    node_venv --> node_venv_lib["lib"]\n    node_venv_lib --> node_venv_lib_python3_12["python3.12"]\n    node_venv_lib_python3_12 --> node_venv_lib_python3_12_site-packages["site-packages"]\n    node_venv_lib_python3_12_site-packages --> node_venv_lib_python3_12_site-packages_PyQt6["PyQt6"]\n    node_venv_lib_python3_12_site-packages_PyQt6 --> node_venv_lib_python3_12_site-packages_PyQt6_bindings["bindings"]\n    node_venv_lib_python3_12_site-packages_PyQt6_bindings --> node_venv_lib_python3_12_site-packages_PyQt6_bindings_QtCore["QtCore"]\n    node_venv_lib_python3_12_site-packages_PyQt6_bindings_QtCore --> node_venv_lib_python3_12_site-packages_PyQt6_bindings_QtCore_qfilesystemwatcher_sip["qfilesystemwatcher.sip"]\n    Root --> node_venv["venv"]\n    node_venv --> node_venv_lib["lib"]\n    node_venv_lib --> node_venv_lib_python3_12["python3.12"]\n    node_venv_lib_python3_12 --> node_venv_lib_python3_12_site-packages["site-packages"]\n    node_venv_lib_python3_12_site-packages --> node_venv_lib_python3_12_site-packages_PyQt6["PyQt6"]\n    node_venv_lib_python3_12_site-packages_PyQt6 --> node_venv_lib_python3_12_site-packages_PyQt6_bindings["bindings"]\n    node_venv_lib_python3_12_site-packages_PyQt6_bindings --> node_venv_lib_python3_12_site-packages_PyQt6_bindings_QtCore["QtCore"]\n    node_venv_lib_python3_12_site-packages_PyQt6_bindings_QtCore --> node_venv_lib_python3_12_site-packages_PyQt6_bindings_QtCore_qflags_sip["qflags.sip"]\n    Root --> node_venv["venv"]\n    node_venv --> node_venv_lib["lib"]\n    node_venv_lib --> node_venv_lib_python3_12["python3.12"]\n    node_venv_lib_python3_12 --> node_venv_lib_python3_12_site-packages["site-packages"]\n    node_venv_lib_python3_12_site-packages --> node_venv_lib_python3_12_site-packages_PyQt6["PyQt6"]\n    node_venv_lib_python3_12_site-packages_PyQt6 --> node_venv_lib_python3_12_site-packages_PyQt6_bindings["bindings"]\n    node_venv_lib_python3_12_site-packages_PyQt6_bindings --> node_venv_lib_python3_12_site-packages_PyQt6_bindings_QtCore["QtCore"]\n    node_venv_lib_python3_12_site-packages_PyQt6_bindings_QtCore --> node_venv_lib_python3_12_site-packages_PyQt6_bindings_QtCore_qglobal_sip["qglobal.sip"]\n    Root --> node_venv["venv"]\n    node_venv --> node_venv_lib["lib"]\n    node_venv_lib --> node_venv_lib_python3_12["python3.12"]\n    node_venv_lib_python3_12 --> node_venv_lib_python3_12_site-packages["site-packages"]\n    node_venv_lib_python3_12_site-packages --> node_venv_lib_python3_12_site-packages_PyQt6["PyQt6"]\n    node_venv_lib_python3_12_site-packages_PyQt6 --> node_venv_lib_python3_12_site-packages_PyQt6_bindings["bindings"]\n    node_venv_lib_python3_12_site-packages_PyQt6_bindings --> node_venv_lib_python3_12_site-packages_PyQt6_bindings_QtCore["QtCore"]\n    node_venv_lib_python3_12_site-packages_PyQt6_bindings_QtCore --> node_venv_lib_python3_12_site-packages_PyQt6_bindings_QtCore_qidentityproxymodel_sip["qidentityproxymodel.sip"]\n    Root --> node_venv["venv"]\n    node_venv --> node_venv_lib["lib"]\n    node_venv_lib --> node_venv_lib_python3_12["python3.12"]\n    node_venv_lib_python3_12 --> node_venv_lib_python3_12_site-packages["site-packages"]\n    node_venv_lib_python3_12_site-packages --> node_venv_lib_python3_12_site-packages_PyQt6["PyQt6"]\n    node_venv_lib_python3_12_site-packages_PyQt6 --> node_venv_lib_python3_12_site-packages_PyQt6_bindings["bindings"]\n    node_venv_lib_python3_12_site-packages_PyQt6_bindings --> node_venv_lib_python3_12_site-packages_PyQt6_bindings_QtCore["QtCore"]\n    node_venv_lib_python3_12_site-packages_PyQt6_bindings_QtCore --> node_venv_lib_python3_12_site-packages_PyQt6_bindings_QtCore_qiodevice_sip["qiodevice.sip"]\n    Root --> node_venv["venv"]\n    node_venv --> node_venv_lib["lib"]\n    node_venv_lib --> node_venv_lib_python3_12["python3.12"]\n    node_venv_lib_python3_12 --> node_venv_lib_python3_12_site-packages["site-packages"]\n    node_venv_lib_python3_12_site-packages --> node_venv_lib_python3_12_site-packages_PyQt6["PyQt6"]\n    node_venv_lib_python3_12_site-packages_PyQt6 --> node_venv_lib_python3_12_site-packages_PyQt6_bindings["bindings"]\n    node_venv_lib_python3_12_site-packages_PyQt6_bindings --> node_venv_lib_python3_12_site-packages_PyQt6_bindings_QtCore["QtCore"]\n    node_venv_lib_python3_12_site-packages_PyQt6_bindings_QtCore --> node_venv_lib_python3_12_site-packages_PyQt6_bindings_QtCore_qiodevicebase_sip["qiodevicebase.sip"]\n    Root --> node_venv["venv"]\n    node_venv --> node_venv_lib["lib"]\n    node_venv_lib --> node_venv_lib_python3_12["python3.12"]\n    node_venv_lib_python3_12 --> node_venv_lib_python3_12_site-packages["site-packages"]\n    node_venv_lib_python3_12_site-packages --> node_venv_lib_python3_12_site-packages_PyQt6["PyQt6"]\n    node_venv_lib_python3_12_site-packages_PyQt6 --> node_venv_lib_python3_12_site-packages_PyQt6_bindings["bindings"]\n    node_venv_lib_python3_12_site-packages_PyQt6_bindings --> node_venv_lib_python3_12_site-packages_PyQt6_bindings_QtCore["QtCore"]\n    node_venv_lib_python3_12_site-packages_PyQt6_bindings_QtCore --> node_venv_lib_python3_12_site-packages_PyQt6_bindings_QtCore_qitemselectionmodel_sip["qitemselectionmodel.sip"]\n    Root --> node_venv["venv"]\n    node_venv --> node_venv_lib["lib"]\n    node_venv_lib --> node_venv_lib_python3_12["python3.12"]\n    node_venv_lib_python3_12 --> node_venv_lib_python3_12_site-packages["site-packages"]\n    node_venv_lib_python3_12_site-packages --> node_venv_lib_python3_12_site-packages_PyQt6["PyQt6"]\n    node_venv_lib_python3_12_site-packages_PyQt6 --> node_venv_lib_python3_12_site-packages_PyQt6_bindings["bindings"]\n    node_venv_lib_python3_12_site-packages_PyQt6_bindings --> node_venv_lib_python3_12_site-packages_PyQt6_bindings_QtCore["QtCore"]\n    node_venv_lib_python3_12_site-packages_PyQt6_bindings_QtCore --> node_venv_lib_python3_12_site-packages_PyQt6_bindings_QtCore_qjsonarray_sip["qjsonarray.sip"]\n    Root --> node_venv["venv"]\n    node_venv --> node_venv_lib["lib"]\n    node_venv_lib --> node_venv_lib_python3_12["python3.12"]\n    node_venv_lib_python3_12 --> node_venv_lib_python3_12_site-packages["site-packages"]\n    node_venv_lib_python3_12_site-packages --> node_venv_lib_python3_12_site-packages_PyQt6["PyQt6"]\n    node_venv_lib_python3_12_site-packages_PyQt6 --> node_venv_lib_python3_12_site-packages_PyQt6_bindings["bindings"]\n    node_venv_lib_python3_12_site-packages_PyQt6_bindings --> node_venv_lib_python3_12_site-packages_PyQt6_bindings_QtCore["QtCore"]\n    node_venv_lib_python3_12_site-packages_PyQt6_bindings_QtCore --> node_venv_lib_python3_12_site-packages_PyQt6_bindings_QtCore_qjsondocument_sip["qjsondocument.sip"]\n    Root --> node_venv["venv"]\n    node_venv --> node_venv_lib["lib"]\n    node_venv_lib --> node_venv_lib_python3_12["python3.12"]\n    node_venv_lib_python3_12 --> node_venv_lib_python3_12_site-packages["site-packages"]\n    node_venv_lib_python3_12_site-packages --> node_venv_lib_python3_12_site-packages_PyQt6["PyQt6"]\n    node_venv_lib_python3_12_site-packages_PyQt6 --> node_venv_lib_python3_12_site-packages_PyQt6_bindings["bindings"]\n    node_venv_lib_python3_12_site-packages_PyQt6_bindings --> node_venv_lib_python3_12_site-packages_PyQt6_bindings_QtCore["QtCore"]\n    node_venv_lib_python3_12_site-packages_PyQt6_bindings_QtCore --> node_venv_lib_python3_12_site-packages_PyQt6_bindings_QtCore_qjsonobject_sip["qjsonobject.sip"]\n    Root --> node_venv["venv"]\n    node_venv --> node_venv_lib["lib"]\n    node_venv_lib --> node_venv_lib_python3_12["python3.12"]\n    node_venv_lib_python3_12 --> node_venv_lib_python3_12_site-packages["site-packages"]\n    node_venv_lib_python3_12_site-packages --> node_venv_lib_python3_12_site-packages_PyQt6["PyQt6"]\n    node_venv_lib_python3_12_site-packages_PyQt6 --> node_venv_lib_python3_12_site-packages_PyQt6_bindings["bindings"]\n    node_venv_lib_python3_12_site-packages_PyQt6_bindings --> node_venv_lib_python3_12_site-packages_PyQt6_bindings_QtCore["QtCore"]\n    node_venv_lib_python3_12_site-packages_PyQt6_bindings_QtCore --> node_venv_lib_python3_12_site-packages_PyQt6_bindings_QtCore_qjsonparseerror_sip["qjsonparseerror.sip"]\n    Root --> node_venv["venv"]\n    node_venv --> node_venv_lib["lib"]\n    node_venv_lib --> node_venv_lib_python3_12["python3.12"]\n    node_venv_lib_python3_12 --> node_venv_lib_python3_12_site-packages["site-packages"]\n    node_venv_lib_python3_12_site-packages --> node_venv_lib_python3_12_site-packages_PyQt6["PyQt6"]\n    node_venv_lib_python3_12_site-packages_PyQt6 --> node_venv_lib_python3_12_site-packages_PyQt6_bindings["bindings"]\n    node_venv_lib_python3_12_site-packages_PyQt6_bindings --> node_venv_lib_python3_12_site-packages_PyQt6_bindings_QtCore["QtCore"]\n    node_venv_lib_python3_12_site-packages_PyQt6_bindings_QtCore --> node_venv_lib_python3_12_site-packages_PyQt6_bindings_QtCore_qjsonvalue_sip["qjsonvalue.sip"]\n    Root --> node_venv["venv"]\n    node_venv --> node_venv_lib["lib"]\n    node_venv_lib --> node_venv_lib_python3_12["python3.12"]\n    node_venv_lib_python3_12 --> node_venv_lib_python3_12_site-packages["site-packages"]\n    node_venv_lib_python3_12_site-packages --> node_venv_lib_python3_12_site-packages_PyQt6["PyQt6"]\n    node_venv_lib_python3_12_site-packages_PyQt6 --> node_venv_lib_python3_12_site-packages_PyQt6_bindings["bindings"]\n    node_venv_lib_python3_12_site-packages_PyQt6_bindings --> node_venv_lib_python3_12_site-packages_PyQt6_bindings_QtCore["QtCore"]\n    node_venv_lib_python3_12_site-packages_PyQt6_bindings_QtCore --> node_venv_lib_python3_12_site-packages_PyQt6_bindings_QtCore_qlibrary_sip["qlibrary.sip"]\n    Root --> node_venv["venv"]\n    node_venv --> node_venv_lib["lib"]\n    node_venv_lib --> node_venv_lib_python3_12["python3.12"]\n    node_venv_lib_python3_12 --> node_venv_lib_python3_12_site-packages["site-packages"]\n    node_venv_lib_python3_12_site-packages --> node_venv_lib_python3_12_site-packages_PyQt6["PyQt6"]\n    node_venv_lib_python3_12_site-packages_PyQt6 --> node_venv_lib_python3_12_site-packages_PyQt6_bindings["bindings"]\n    node_venv_lib_python3_12_site-packages_PyQt6_bindings --> node_venv_lib_python3_12_site-packages_PyQt6_bindings_QtCore["QtCore"]\n    node_venv_lib_python3_12_site-packages_PyQt6_bindings_QtCore --> node_venv_lib_python3_12_site-packages_PyQt6_bindings_QtCore_qlibraryinfo_sip["qlibraryinfo.sip"]\n    Root --> node_venv["venv"]\n    node_venv --> node_venv_lib["lib"]\n    node_venv_lib --> node_venv_lib_python3_12["python3.12"]\n    node_venv_lib_python3_12 --> node_venv_lib_python3_12_site-packages["site-packages"]\n    node_venv_lib_python3_12_site-packages --> node_venv_lib_python3_12_site-packages_PyQt6["PyQt6"]\n    node_venv_lib_python3_12_site-packages_PyQt6 --> node_venv_lib_python3_12_site-packages_PyQt6_bindings["bindings"]\n    node_venv_lib_python3_12_site-packages_PyQt6_bindings --> node_venv_lib_python3_12_site-packages_PyQt6_bindings_QtCore["QtCore"]\n    node_venv_lib_python3_12_site-packages_PyQt6_bindings_QtCore --> node_venv_lib_python3_12_site-packages_PyQt6_bindings_QtCore_qline_sip["qline.sip"]\n    Root --> node_venv["venv"]\n    node_venv --> node_venv_lib["lib"]\n    node_venv_lib --> node_venv_lib_python3_12["python3.12"]\n    node_venv_lib_python3_12 --> node_venv_lib_python3_12_site-packages["site-packages"]\n    node_venv_lib_python3_12_site-packages --> node_venv_lib_python3_12_site-packages_PyQt6["PyQt6"]\n    node_venv_lib_python3_12_site-packages_PyQt6 --> node_venv_lib_python3_12_site-packages_PyQt6_bindings["bindings"]\n    node_venv_lib_python3_12_site-packages_PyQt6_bindings --> node_venv_lib_python3_12_site-packages_PyQt6_bindings_QtCore["QtCore"]\n    node_venv_lib_python3_12_site-packages_PyQt6_bindings_QtCore --> node_venv_lib_python3_12_site-packages_PyQt6_bindings_QtCore_qlocale_sip["qlocale.sip"]\n    Root --> node_venv["venv"]\n    node_venv --> node_venv_lib["lib"]\n    node_venv_lib --> node_venv_lib_python3_12["python3.12"]\n    node_venv_lib_python3_12 --> node_venv_lib_python3_12_site-packages["site-packages"]\n    node_venv_lib_python3_12_site-packages --> node_venv_lib_python3_12_site-packages_PyQt6["PyQt6"]\n    node_venv_lib_python3_12_site-packages_PyQt6 --> node_venv_lib_python3_12_site-packages_PyQt6_bindings["bindings"]\n    node_venv_lib_python3_12_site-packages_PyQt6_bindings --> node_venv_lib_python3_12_site-packages_PyQt6_bindings_QtCore["QtCore"]\n    node_venv_lib_python3_12_site-packages_PyQt6_bindings_QtCore --> node_venv_lib_python3_12_site-packages_PyQt6_bindings_QtCore_qlockfile_sip["qlockfile.sip"]\n    Root --> node_venv["venv"]\n    node_venv --> node_venv_lib["lib"]\n    node_venv_lib --> node_venv_lib_python3_12["python3.12"]\n    node_venv_lib_python3_12 --> node_venv_lib_python3_12_site-packages["site-packages"]\n    node_venv_lib_python3_12_site-packages --> node_venv_lib_python3_12_site-packages_PyQt6["PyQt6"]\n    node_venv_lib_python3_12_site-packages_PyQt6 --> node_venv_lib_python3_12_site-packages_PyQt6_bindings["bindings"]\n    node_venv_lib_python3_12_site-packages_PyQt6_bindings --> node_venv_lib_python3_12_site-packages_PyQt6_bindings_QtCore["QtCore"]\n    node_venv_lib_python3_12_site-packages_PyQt6_bindings_QtCore --> node_venv_lib_python3_12_site-packages_PyQt6_bindings_QtCore_qlogging_sip["qlogging.sip"]\n    Root --> node_venv["venv"]\n    node_venv --> node_venv_lib["lib"]\n    node_venv_lib --> node_venv_lib_python3_12["python3.12"]\n    node_venv_lib_python3_12 --> node_venv_lib_python3_12_site-packages["site-packages"]\n    node_venv_lib_python3_12_site-packages --> node_venv_lib_python3_12_site-packages_PyQt6["PyQt6"]\n    node_venv_lib_python3_12_site-packages_PyQt6 --> node_venv_lib_python3_12_site-packages_PyQt6_bindings["bindings"]\n    node_venv_lib_python3_12_site-packages_PyQt6_bindings --> node_venv_lib_python3_12_site-packages_PyQt6_bindings_QtCore["QtCore"]\n    node_venv_lib_python3_12_site-packages_PyQt6_bindings_QtCore --> node_venv_lib_python3_12_site-packages_PyQt6_bindings_QtCore_qloggingcategory_sip["qloggingcategory.sip"]\n    Root --> node_venv["venv"]\n    node_venv --> node_venv_lib["lib"]\n    node_venv_lib --> node_venv_lib_python3_12["python3.12"]\n    node_venv_lib_python3_12 --> node_venv_lib_python3_12_site-packages["site-packages"]\n    node_venv_lib_python3_12_site-packages --> node_venv_lib_python3_12_site-packages_PyQt6["PyQt6"]\n    node_venv_lib_python3_12_site-packages_PyQt6 --> node_venv_lib_python3_12_site-packages_PyQt6_bindings["bindings"]\n    node_venv_lib_python3_12_site-packages_PyQt6_bindings --> node_venv_lib_python3_12_site-packages_PyQt6_bindings_QtCore["QtCore"]\n    node_venv_lib_python3_12_site-packages_PyQt6_bindings_QtCore --> node_venv_lib_python3_12_site-packages_PyQt6_bindings_QtCore_qmargins_sip["qmargins.sip"]\n    Root --> node_venv["venv"]\n    node_venv --> node_venv_lib["lib"]\n    node_venv_lib --> node_venv_lib_python3_12["python3.12"]\n    node_venv_lib_python3_12 --> node_venv_lib_python3_12_site-packages["site-packages"]\n    node_venv_lib_python3_12_site-packages --> node_venv_lib_python3_12_site-packages_PyQt6["PyQt6"]\n    node_venv_lib_python3_12_site-packages_PyQt6 --> node_venv_lib_python3_12_site-packages_PyQt6_bindings["bindings"]\n    node_venv_lib_python3_12_site-packages_PyQt6_bindings --> node_venv_lib_python3_12_site-packages_PyQt6_bindings_QtCore["QtCore"]\n    node_venv_lib_python3_12_site-packages_PyQt6_bindings_QtCore --> node_venv_lib_python3_12_site-packages_PyQt6_bindings_QtCore_qmessageauthenticationcode_sip["qmessageauthenticationcode.sip"]\n    Root --> node_venv["venv"]\n    node_venv --> node_venv_lib["lib"]\n    node_venv_lib --> node_venv_lib_python3_12["python3.12"]\n    node_venv_lib_python3_12 --> node_venv_lib_python3_12_site-packages["site-packages"]\n    node_venv_lib_python3_12_site-packages --> node_venv_lib_python3_12_site-packages_PyQt6["PyQt6"]\n    node_venv_lib_python3_12_site-packages_PyQt6 --> node_venv_lib_python3_12_site-packages_PyQt6_bindings["bindings"]\n    node_venv_lib_python3_12_site-packages_PyQt6_bindings --> node_venv_lib_python3_12_site-packages_PyQt6_bindings_QtCore["QtCore"]\n    node_venv_lib_python3_12_site-packages_PyQt6_bindings_QtCore --> node_venv_lib_python3_12_site-packages_PyQt6_bindings_QtCore_qmetaobject_sip["qmetaobject.sip"]\n    Root --> node_venv["venv"]\n    node_venv --> node_venv_lib["lib"]\n    node_venv_lib --> node_venv_lib_python3_12["python3.12"]\n    node_venv_lib_python3_12 --> node_venv_lib_python3_12_site-packages["site-packages"]\n    node_venv_lib_python3_12_site-packages --> node_venv_lib_python3_12_site-packages_PyQt6["PyQt6"]\n    node_venv_lib_python3_12_site-packages_PyQt6 --> node_venv_lib_python3_12_site-packages_PyQt6_bindings["bindings"]\n    node_venv_lib_python3_12_site-packages_PyQt6_bindings --> node_venv_lib_python3_12_site-packages_PyQt6_bindings_QtCore["QtCore"]\n    node_venv_lib_python3_12_site-packages_PyQt6_bindings_QtCore --> node_venv_lib_python3_12_site-packages_PyQt6_bindings_QtCore_qmetatype_sip["qmetatype.sip"]\n    Root --> node_venv["venv"]\n    node_venv --> node_venv_lib["lib"]\n    node_venv_lib --> node_venv_lib_python3_12["python3.12"]\n    node_venv_lib_python3_12 --> node_venv_lib_python3_12_site-packages["site-packages"]\n    node_venv_lib_python3_12_site-packages --> node_venv_lib_python3_12_site-packages_PyQt6["PyQt6"]\n    node_venv_lib_python3_12_site-packages_PyQt6 --> node_venv_lib_python3_12_site-packages_PyQt6_bindings["bindings"]\n    node_venv_lib_python3_12_site-packages_PyQt6_bindings --> node_venv_lib_python3_12_site-packages_PyQt6_bindings_QtCore["QtCore"]\n    node_venv_lib_python3_12_site-packages_PyQt6_bindings_QtCore --> node_venv_lib_python3_12_site-packages_PyQt6_bindings_QtCore_qmimedata_sip["qmimedata.sip"]\n    Root --> node_venv["venv"]\n    node_venv --> node_venv_lib["lib"]\n    node_venv_lib --> node_venv_lib_python3_12["python3.12"]\n    node_venv_lib_python3_12 --> node_venv_lib_python3_12_site-packages["site-packages"]\n    node_venv_lib_python3_12_site-packages --> node_venv_lib_python3_12_site-packages_PyQt6["PyQt6"]\n    node_venv_lib_python3_12_site-packages_PyQt6 --> node_venv_lib_python3_12_site-packages_PyQt6_bindings["bindings"]\n    node_venv_lib_python3_12_site-packages_PyQt6_bindings --> node_venv_lib_python3_12_site-packages_PyQt6_bindings_QtCore["QtCore"]\n    node_venv_lib_python3_12_site-packages_PyQt6_bindings_QtCore --> node_venv_lib_python3_12_site-packages_PyQt6_bindings_QtCore_qmimedatabase_sip["qmimedatabase.sip"]\n    Root --> node_venv["venv"]\n    node_venv --> node_venv_lib["lib"]\n    node_venv_lib --> node_venv_lib_python3_12["python3.12"]\n    node_venv_lib_python3_12 --> node_venv_lib_python3_12_site-packages["site-packages"]\n    node_venv_lib_python3_12_site-packages --> node_venv_lib_python3_12_site-packages_PyQt6["PyQt6"]\n    node_venv_lib_python3_12_site-packages_PyQt6 --> node_venv_lib_python3_12_site-packages_PyQt6_bindings["bindings"]\n    node_venv_lib_python3_12_site-packages_PyQt6_bindings --> node_venv_lib_python3_12_site-packages_PyQt6_bindings_QtCore["QtCore"]\n    node_venv_lib_python3_12_site-packages_PyQt6_bindings_QtCore --> node_venv_lib_python3_12_site-packages_PyQt6_bindings_QtCore_qmimetype_sip["qmimetype.sip"]\n    Root --> node_venv["venv"]\n    node_venv --> node_venv_lib["lib"]\n    node_venv_lib --> node_venv_lib_python3_12["python3.12"]\n    node_venv_lib_python3_12 --> node_venv_lib_python3_12_site-packages["site-packages"]\n    node_venv_lib_python3_12_site-packages --> node_venv_lib_python3_12_site-packages_PyQt6["PyQt6"]\n    node_venv_lib_python3_12_site-packages_PyQt6 --> node_venv_lib_python3_12_site-packages_PyQt6_bindings["bindings"]\n    node_venv_lib_python3_12_site-packages_PyQt6_bindings --> node_venv_lib_python3_12_site-packages_PyQt6_bindings_QtCore["QtCore"]\n    node_venv_lib_python3_12_site-packages_PyQt6_bindings_QtCore --> node_venv_lib_python3_12_site-packages_PyQt6_bindings_QtCore_qmutex_sip["qmutex.sip"]\n    Root --> node_venv["venv"]\n    node_venv --> node_venv_lib["lib"]\n    node_venv_lib --> node_venv_lib_python3_12["python3.12"]\n    node_venv_lib_python3_12 --> node_venv_lib_python3_12_site-packages["site-packages"]\n    node_venv_lib_python3_12_site-packages --> node_venv_lib_python3_12_site-packages_PyQt6["PyQt6"]\n    node_venv_lib_python3_12_site-packages_PyQt6 --> node_venv_lib_python3_12_site-packages_PyQt6_bindings["bindings"]\n    node_venv_lib_python3_12_site-packages_PyQt6_bindings --> node_venv_lib_python3_12_site-packages_PyQt6_bindings_QtCore["QtCore"]\n    node_venv_lib_python3_12_site-packages_PyQt6_bindings_QtCore --> node_venv_lib_python3_12_site-packages_PyQt6_bindings_QtCore_qmutexlocker_sip["qmutexlocker.sip"]\n    Root --> node_venv["venv"]\n    node_venv --> node_venv_lib["lib"]\n    node_venv_lib --> node_venv_lib_python3_12["python3.12"]\n    node_venv_lib_python3_12 --> node_venv_lib_python3_12_site-packages["site-packages"]\n    node_venv_lib_python3_12_site-packages --> node_venv_lib_python3_12_site-packages_PyQt6["PyQt6"]\n    node_venv_lib_python3_12_site-packages_PyQt6 --> node_venv_lib_python3_12_site-packages_PyQt6_bindings["bindings"]\n    node_venv_lib_python3_12_site-packages_PyQt6_bindings --> node_venv_lib_python3_12_site-packages_PyQt6_bindings_QtCore["QtCore"]\n    node_venv_lib_python3_12_site-packages_PyQt6_bindings_QtCore --> node_venv_lib_python3_12_site-packages_PyQt6_bindings_QtCore_qnamespace_sip["qnamespace.sip"]\n    Root --> node_venv["venv"]\n    node_venv --> node_venv_lib["lib"]\n    node_venv_lib --> node_venv_lib_python3_12["python3.12"]\n    node_venv_lib_python3_12 --> node_venv_lib_python3_12_site-packages["site-packages"]\n    node_venv_lib_python3_12_site-packages --> node_venv_lib_python3_12_site-packages_PyQt6["PyQt6"]\n    node_venv_lib_python3_12_site-packages_PyQt6 --> node_venv_lib_python3_12_site-packages_PyQt6_bindings["bindings"]\n    node_venv_lib_python3_12_site-packages_PyQt6_bindings --> node_venv_lib_python3_12_site-packages_PyQt6_bindings_QtCore["QtCore"]\n    node_venv_lib_python3_12_site-packages_PyQt6_bindings_QtCore --> node_venv_lib_python3_12_site-packages_PyQt6_bindings_QtCore_qnumeric_sip["qnumeric.sip"]\n    Root --> node_venv["venv"]\n    node_venv --> node_venv_lib["lib"]\n    node_venv_lib --> node_venv_lib_python3_12["python3.12"]\n    node_venv_lib_python3_12 --> node_venv_lib_python3_12_site-packages["site-packages"]\n    node_venv_lib_python3_12_site-packages --> node_venv_lib_python3_12_site-packages_PyQt6["PyQt6"]\n    node_venv_lib_python3_12_site-packages_PyQt6 --> node_venv_lib_python3_12_site-packages_PyQt6_bindings["bindings"]\n    node_venv_lib_python3_12_site-packages_PyQt6_bindings --> node_venv_lib_python3_12_site-packages_PyQt6_bindings_QtCore["QtCore"]\n    node_venv_lib_python3_12_site-packages_PyQt6_bindings_QtCore --> node_venv_lib_python3_12_site-packages_PyQt6_bindings_QtCore_qobject_sip["qobject.sip"]\n    Root --> node_venv["venv"]\n    node_venv --> node_venv_lib["lib"]\n    node_venv_lib --> node_venv_lib_python3_12["python3.12"]\n    node_venv_lib_python3_12 --> node_venv_lib_python3_12_site-packages["site-packages"]\n    node_venv_lib_python3_12_site-packages --> node_venv_lib_python3_12_site-packages_PyQt6["PyQt6"]\n    node_venv_lib_python3_12_site-packages_PyQt6 --> node_venv_lib_python3_12_site-packages_PyQt6_bindings["bindings"]\n    node_venv_lib_python3_12_site-packages_PyQt6_bindings --> node_venv_lib_python3_12_site-packages_PyQt6_bindings_QtCore["QtCore"]\n    node_venv_lib_python3_12_site-packages_PyQt6_bindings_QtCore --> node_venv_lib_python3_12_site-packages_PyQt6_bindings_QtCore_qobjectcleanuphandler_sip["qobjectcleanuphandler.sip"]\n    Root --> node_venv["venv"]\n    node_venv --> node_venv_lib["lib"]\n    node_venv_lib --> node_venv_lib_python3_12["python3.12"]\n    node_venv_lib_python3_12 --> node_venv_lib_python3_12_site-packages["site-packages"]\n    node_venv_lib_python3_12_site-packages --> node_venv_lib_python3_12_site-packages_PyQt6["PyQt6"]\n    node_venv_lib_python3_12_site-packages_PyQt6 --> node_venv_lib_python3_12_site-packages_PyQt6_bindings["bindings"]\n    node_venv_lib_python3_12_site-packages_PyQt6_bindings --> node_venv_lib_python3_12_site-packages_PyQt6_bindings_QtCore["QtCore"]\n    node_venv_lib_python3_12_site-packages_PyQt6_bindings_QtCore --> node_venv_lib_python3_12_site-packages_PyQt6_bindings_QtCore_qobjectdefs_sip["qobjectdefs.sip"]\n    Root --> node_venv["venv"]\n    node_venv --> node_venv_lib["lib"]\n    node_venv_lib --> node_venv_lib_python3_12["python3.12"]\n    node_venv_lib_python3_12 --> node_venv_lib_python3_12_site-packages["site-packages"]\n    node_venv_lib_python3_12_site-packages --> node_venv_lib_python3_12_site-packages_PyQt6["PyQt6"]\n    node_venv_lib_python3_12_site-packages_PyQt6 --> node_venv_lib_python3_12_site-packages_PyQt6_bindings["bindings"]\n    node_venv_lib_python3_12_site-packages_PyQt6_bindings --> node_venv_lib_python3_12_site-packages_PyQt6_bindings_QtCore["QtCore"]\n    node_venv_lib_python3_12_site-packages_PyQt6_bindings_QtCore --> node_venv_lib_python3_12_site-packages_PyQt6_bindings_QtCore_qoperatingsystemversion_sip["qoperatingsystemversion.sip"]\n    Root --> node_venv["venv"]\n    node_venv --> node_venv_lib["lib"]\n    node_venv_lib --> node_venv_lib_python3_12["python3.12"]\n    node_venv_lib_python3_12 --> node_venv_lib_python3_12_site-packages["site-packages"]\n    node_venv_lib_python3_12_site-packages --> node_venv_lib_python3_12_site-packages_PyQt6["PyQt6"]\n    node_venv_lib_python3_12_site-packages_PyQt6 --> node_venv_lib_python3_12_site-packages_PyQt6_bindings["bindings"]\n    node_venv_lib_python3_12_site-packages_PyQt6_bindings --> node_venv_lib_python3_12_site-packages_PyQt6_bindings_QtCore["QtCore"]\n    node_venv_lib_python3_12_site-packages_PyQt6_bindings_QtCore --> node_venv_lib_python3_12_site-packages_PyQt6_bindings_QtCore_qparallelanimationgroup_sip["qparallelanimationgroup.sip"]\n    Root --> node_venv["venv"]\n    node_venv --> node_venv_lib["lib"]\n    node_venv_lib --> node_venv_lib_python3_12["python3.12"]\n    node_venv_lib_python3_12 --> node_venv_lib_python3_12_site-packages["site-packages"]\n    node_venv_lib_python3_12_site-packages --> node_venv_lib_python3_12_site-packages_PyQt6["PyQt6"]\n    node_venv_lib_python3_12_site-packages_PyQt6 --> node_venv_lib_python3_12_site-packages_PyQt6_bindings["bindings"]\n    node_venv_lib_python3_12_site-packages_PyQt6_bindings --> node_venv_lib_python3_12_site-packages_PyQt6_bindings_QtCore["QtCore"]\n    node_venv_lib_python3_12_site-packages_PyQt6_bindings_QtCore --> node_venv_lib_python3_12_site-packages_PyQt6_bindings_QtCore_qpauseanimation_sip["qpauseanimation.sip"]\n    Root --> node_venv["venv"]\n    node_venv --> node_venv_lib["lib"]\n    node_venv_lib --> node_venv_lib_python3_12["python3.12"]\n    node_venv_lib_python3_12 --> node_venv_lib_python3_12_site-packages["site-packages"]\n    node_venv_lib_python3_12_site-packages --> node_venv_lib_python3_12_site-packages_PyQt6["PyQt6"]\n    node_venv_lib_python3_12_site-packages_PyQt6 --> node_venv_lib_python3_12_site-packages_PyQt6_bindings["bindings"]\n    node_venv_lib_python3_12_site-packages_PyQt6_bindings --> node_venv_lib_python3_12_site-packages_PyQt6_bindings_QtCore["QtCore"]\n    node_venv_lib_python3_12_site-packages_PyQt6_bindings_QtCore --> node_venv_lib_python3_12_site-packages_PyQt6_bindings_QtCore_qpermissions_sip["qpermissions.sip"]\n    Root --> node_venv["venv"]\n    node_venv --> node_venv_lib["lib"]\n    node_venv_lib --> node_venv_lib_python3_12["python3.12"]\n    node_venv_lib_python3_12 --> node_venv_lib_python3_12_site-packages["site-packages"]\n    node_venv_lib_python3_12_site-packages --> node_venv_lib_python3_12_site-packages_PyQt6["PyQt6"]\n    node_venv_lib_python3_12_site-packages_PyQt6 --> node_venv_lib_python3_12_site-packages_PyQt6_bindings["bindings"]\n    node_venv_lib_python3_12_site-packages_PyQt6_bindings --> node_venv_lib_python3_12_site-packages_PyQt6_bindings_QtCore["QtCore"]\n    node_venv_lib_python3_12_site-packages_PyQt6_bindings_QtCore --> node_venv_lib_python3_12_site-packages_PyQt6_bindings_QtCore_qpluginloader_sip["qpluginloader.sip"]\n    Root --> node_venv["venv"]\n    node_venv --> node_venv_lib["lib"]\n    node_venv_lib --> node_venv_lib_python3_12["python3.12"]\n    node_venv_lib_python3_12 --> node_venv_lib_python3_12_site-packages["site-packages"]\n    node_venv_lib_python3_12_site-packages --> node_venv_lib_python3_12_site-packages_PyQt6["PyQt6"]\n    node_venv_lib_python3_12_site-packages_PyQt6 --> node_venv_lib_python3_12_site-packages_PyQt6_bindings["bindings"]\n    node_venv_lib_python3_12_site-packages_PyQt6_bindings --> node_venv_lib_python3_12_site-packages_PyQt6_bindings_QtCore["QtCore"]\n    node_venv_lib_python3_12_site-packages_PyQt6_bindings_QtCore --> node_venv_lib_python3_12_site-packages_PyQt6_bindings_QtCore_qpoint_sip["qpoint.sip"]\n    Root --> node_venv["venv"]\n    node_venv --> node_venv_lib["lib"]\n    node_venv_lib --> node_venv_lib_python3_12["python3.12"]\n    node_venv_lib_python3_12 --> node_venv_lib_python3_12_site-packages["site-packages"]\n    node_venv_lib_python3_12_site-packages --> node_venv_lib_python3_12_site-packages_PyQt6["PyQt6"]\n    node_venv_lib_python3_12_site-packages_PyQt6 --> node_venv_lib_python3_12_site-packages_PyQt6_bindings["bindings"]\n    node_venv_lib_python3_12_site-packages_PyQt6_bindings --> node_venv_lib_python3_12_site-packages_PyQt6_bindings_QtCore["QtCore"]\n    node_venv_lib_python3_12_site-packages_PyQt6_bindings_QtCore --> node_venv_lib_python3_12_site-packages_PyQt6_bindings_QtCore_qprocess_sip["qprocess.sip"]\n    Root --> node_venv["venv"]\n    node_venv --> node_venv_lib["lib"]\n    node_venv_lib --> node_venv_lib_python3_12["python3.12"]\n    node_venv_lib_python3_12 --> node_venv_lib_python3_12_site-packages["site-packages"]\n    node_venv_lib_python3_12_site-packages --> node_venv_lib_python3_12_site-packages_PyQt6["PyQt6"]\n    node_venv_lib_python3_12_site-packages_PyQt6 --> node_venv_lib_python3_12_site-packages_PyQt6_bindings["bindings"]\n    node_venv_lib_python3_12_site-packages_PyQt6_bindings --> node_venv_lib_python3_12_site-packages_PyQt6_bindings_QtCore["QtCore"]\n    node_venv_lib_python3_12_site-packages_PyQt6_bindings_QtCore --> node_venv_lib_python3_12_site-packages_PyQt6_bindings_QtCore_qpropertyanimation_sip["qpropertyanimation.sip"]\n    Root --> node_venv["venv"]\n    node_venv --> node_venv_lib["lib"]\n    node_venv_lib --> node_venv_lib_python3_12["python3.12"]\n    node_venv_lib_python3_12 --> node_venv_lib_python3_12_site-packages["site-packages"]\n    node_venv_lib_python3_12_site-packages --> node_venv_lib_python3_12_site-packages_PyQt6["PyQt6"]\n    node_venv_lib_python3_12_site-packages_PyQt6 --> node_venv_lib_python3_12_site-packages_PyQt6_bindings["bindings"]\n    node_venv_lib_python3_12_site-packages_PyQt6_bindings --> node_venv_lib_python3_12_site-packages_PyQt6_bindings_QtCore["QtCore"]\n    node_venv_lib_python3_12_site-packages_PyQt6_bindings_QtCore --> node_venv_lib_python3_12_site-packages_PyQt6_bindings_QtCore_qpycore_native_interface_sip["qpycore_native_interface.sip"]\n    Root --> node_venv["venv"]\n    node_venv --> node_venv_lib["lib"]\n    node_venv_lib --> node_venv_lib_python3_12["python3.12"]\n    node_venv_lib_python3_12 --> node_venv_lib_python3_12_site-packages["site-packages"]\n    node_venv_lib_python3_12_site-packages --> node_venv_lib_python3_12_site-packages_PyQt6["PyQt6"]\n    node_venv_lib_python3_12_site-packages_PyQt6 --> node_venv_lib_python3_12_site-packages_PyQt6_bindings["bindings"]\n    node_venv_lib_python3_12_site-packages_PyQt6_bindings --> node_venv_lib_python3_12_site-packages_PyQt6_bindings_QtCore["QtCore"]\n    node_venv_lib_python3_12_site-packages_PyQt6_bindings_QtCore --> node_venv_lib_python3_12_site-packages_PyQt6_bindings_QtCore_qpycore_qhash_sip["qpycore_qhash.sip"]\n    Root --> node_venv["venv"]\n    node_venv --> node_venv_lib["lib"]\n    node_venv_lib --> node_venv_lib_python3_12["python3.12"]\n    node_venv_lib_python3_12 --> node_venv_lib_python3_12_site-packages["site-packages"]\n    node_venv_lib_python3_12_site-packages --> node_venv_lib_python3_12_site-packages_PyQt6["PyQt6"]\n    node_venv_lib_python3_12_site-packages_PyQt6 --> node_venv_lib_python3_12_site-packages_PyQt6_bindings["bindings"]\n    node_venv_lib_python3_12_site-packages_PyQt6_bindings --> node_venv_lib_python3_12_site-packages_PyQt6_bindings_QtCore["QtCore"]\n    node_venv_lib_python3_12_site-packages_PyQt6_bindings_QtCore --> node_venv_lib_python3_12_site-packages_PyQt6_bindings_QtCore_qpycore_qlist_sip["qpycore_qlist.sip"]\n    Root --> node_venv["venv"]\n    node_venv --> node_venv_lib["lib"]\n    node_venv_lib --> node_venv_lib_python3_12["python3.12"]\n    node_venv_lib_python3_12 --> node_venv_lib_python3_12_site-packages["site-packages"]\n    node_venv_lib_python3_12_site-packages --> node_venv_lib_python3_12_site-packages_PyQt6["PyQt6"]\n    node_venv_lib_python3_12_site-packages_PyQt6 --> node_venv_lib_python3_12_site-packages_PyQt6_bindings["bindings"]\n    node_venv_lib_python3_12_site-packages_PyQt6_bindings --> node_venv_lib_python3_12_site-packages_PyQt6_bindings_QtCore["QtCore"]\n    node_venv_lib_python3_12_site-packages_PyQt6_bindings_QtCore --> node_venv_lib_python3_12_site-packages_PyQt6_bindings_QtCore_qpycore_qmap_sip["qpycore_qmap.sip"]\n    Root --> node_venv["venv"]\n    node_venv --> node_venv_lib["lib"]\n    node_venv_lib --> node_venv_lib_python3_12["python3.12"]\n    node_venv_lib_python3_12 --> node_venv_lib_python3_12_site-packages["site-packages"]\n    node_venv_lib_python3_12_site-packages --> node_venv_lib_python3_12_site-packages_PyQt6["PyQt6"]\n    node_venv_lib_python3_12_site-packages_PyQt6 --> node_venv_lib_python3_12_site-packages_PyQt6_bindings["bindings"]\n    node_venv_lib_python3_12_site-packages_PyQt6_bindings --> node_venv_lib_python3_12_site-packages_PyQt6_bindings_QtCore["QtCore"]\n    node_venv_lib_python3_12_site-packages_PyQt6_bindings_QtCore --> node_venv_lib_python3_12_site-packages_PyQt6_bindings_QtCore_qpycore_qrangemodel_sip["qpycore_qrangemodel.sip"]\n    Root --> node_venv["venv"]\n    node_venv --> node_venv_lib["lib"]\n    node_venv_lib --> node_venv_lib_python3_12["python3.12"]\n    node_venv_lib_python3_12 --> node_venv_lib_python3_12_site-packages["site-packages"]\n    node_venv_lib_python3_12_site-packages --> node_venv_lib_python3_12_site-packages_PyQt6["PyQt6"]\n    node_venv_lib_python3_12_site-packages_PyQt6 --> node_venv_lib_python3_12_site-packages_PyQt6_bindings["bindings"]\n    node_venv_lib_python3_12_site-packages_PyQt6_bindings --> node_venv_lib_python3_12_site-packages_PyQt6_bindings_QtCore["QtCore"]\n    node_venv_lib_python3_12_site-packages_PyQt6_bindings_QtCore --> node_venv_lib_python3_12_site-packages_PyQt6_bindings_QtCore_qpycore_qset_sip["qpycore_qset.sip"]\n    Root --> node_venv["venv"]\n    node_venv --> node_venv_lib["lib"]\n    node_venv_lib --> node_venv_lib_python3_12["python3.12"]\n    node_venv_lib_python3_12 --> node_venv_lib_python3_12_site-packages["site-packages"]\n    node_venv_lib_python3_12_site-packages --> node_venv_lib_python3_12_site-packages_PyQt6["PyQt6"]\n    node_venv_lib_python3_12_site-packages_PyQt6 --> node_venv_lib_python3_12_site-packages_PyQt6_bindings["bindings"]\n    node_venv_lib_python3_12_site-packages_PyQt6_bindings --> node_venv_lib_python3_12_site-packages_PyQt6_bindings_QtCore["QtCore"]\n    node_venv_lib_python3_12_site-packages_PyQt6_bindings_QtCore --> node_venv_lib_python3_12_site-packages_PyQt6_bindings_QtCore_qpycore_std_chrono_duration_sip["qpycore_std_chrono_duration.sip"]\n    Root --> node_venv["venv"]\n    node_venv --> node_venv_lib["lib"]\n    node_venv_lib --> node_venv_lib_python3_12["python3.12"]\n    node_venv_lib_python3_12 --> node_venv_lib_python3_12_site-packages["site-packages"]\n    node_venv_lib_python3_12_site-packages --> node_venv_lib_python3_12_site-packages_PyQt6["PyQt6"]\n    node_venv_lib_python3_12_site-packages_PyQt6 --> node_venv_lib_python3_12_site-packages_PyQt6_bindings["bindings"]\n    node_venv_lib_python3_12_site-packages_PyQt6_bindings --> node_venv_lib_python3_12_site-packages_PyQt6_bindings_QtCore["QtCore"]\n    node_venv_lib_python3_12_site-packages_PyQt6_bindings_QtCore --> node_venv_lib_python3_12_site-packages_PyQt6_bindings_QtCore_qpycore_std_optional_sip["qpycore_std_optional.sip"]\n    Root --> node_venv["venv"]\n    node_venv --> node_venv_lib["lib"]\n    node_venv_lib --> node_venv_lib_python3_12["python3.12"]\n    node_venv_lib_python3_12 --> node_venv_lib_python3_12_site-packages["site-packages"]\n    node_venv_lib_python3_12_site-packages --> node_venv_lib_python3_12_site-packages_PyQt6["PyQt6"]\n    node_venv_lib_python3_12_site-packages_PyQt6 --> node_venv_lib_python3_12_site-packages_PyQt6_bindings["bindings"]\n    node_venv_lib_python3_12_site-packages_PyQt6_bindings --> node_venv_lib_python3_12_site-packages_PyQt6_bindings_QtCore["QtCore"]\n    node_venv_lib_python3_12_site-packages_PyQt6_bindings_QtCore --> node_venv_lib_python3_12_site-packages_PyQt6_bindings_QtCore_qpycore_std_pair_sip["qpycore_std_pair.sip"]\n    Root --> node_venv["venv"]\n    node_venv --> node_venv_lib["lib"]\n    node_venv_lib --> node_venv_lib_python3_12["python3.12"]\n    node_venv_lib_python3_12 --> node_venv_lib_python3_12_site-packages["site-packages"]\n    node_venv_lib_python3_12_site-packages --> node_venv_lib_python3_12_site-packages_PyQt6["PyQt6"]\n    node_venv_lib_python3_12_site-packages_PyQt6 --> node_venv_lib_python3_12_site-packages_PyQt6_bindings["bindings"]\n    node_venv_lib_python3_12_site-packages_PyQt6_bindings --> node_venv_lib_python3_12_site-packages_PyQt6_bindings_QtCore["QtCore"]\n    node_venv_lib_python3_12_site-packages_PyQt6_bindings_QtCore --> node_venv_lib_python3_12_site-packages_PyQt6_bindings_QtCore_qpycore_virtual_error_handler_sip["qpycore_virtual_error_handler.sip"]\n    Root --> node_venv["venv"]\n    node_venv --> node_venv_lib["lib"]\n    node_venv_lib --> node_venv_lib_python3_12["python3.12"]\n    node_venv_lib_python3_12 --> node_venv_lib_python3_12_site-packages["site-packages"]\n    node_venv_lib_python3_12_site-packages --> node_venv_lib_python3_12_site-packages_PyQt6["PyQt6"]\n    node_venv_lib_python3_12_site-packages_PyQt6 --> node_venv_lib_python3_12_site-packages_PyQt6_bindings["bindings"]\n    node_venv_lib_python3_12_site-packages_PyQt6_bindings --> node_venv_lib_python3_12_site-packages_PyQt6_bindings_QtCore["QtCore"]\n    node_venv_lib_python3_12_site-packages_PyQt6_bindings_QtCore --> node_venv_lib_python3_12_site-packages_PyQt6_bindings_QtCore_qrandom_sip["qrandom.sip"]\n    Root --> node_venv["venv"]\n    node_venv --> node_venv_lib["lib"]\n    node_venv_lib --> node_venv_lib_python3_12["python3.12"]\n    node_venv_lib_python3_12 --> node_venv_lib_python3_12_site-packages["site-packages"]\n    node_venv_lib_python3_12_site-packages --> node_venv_lib_python3_12_site-packages_PyQt6["PyQt6"]\n    node_venv_lib_python3_12_site-packages_PyQt6 --> node_venv_lib_python3_12_site-packages_PyQt6_bindings["bindings"]\n    node_venv_lib_python3_12_site-packages_PyQt6_bindings --> node_venv_lib_python3_12_site-packages_PyQt6_bindings_QtCore["QtCore"]\n    node_venv_lib_python3_12_site-packages_PyQt6_bindings_QtCore --> node_venv_lib_python3_12_site-packages_PyQt6_bindings_QtCore_qrangemodel_sip["qrangemodel.sip"]\n    Root --> node_venv["venv"]\n    node_venv --> node_venv_lib["lib"]\n    node_venv_lib --> node_venv_lib_python3_12["python3.12"]\n    node_venv_lib_python3_12 --> node_venv_lib_python3_12_site-packages["site-packages"]\n    node_venv_lib_python3_12_site-packages --> node_venv_lib_python3_12_site-packages_PyQt6["PyQt6"]\n    node_venv_lib_python3_12_site-packages_PyQt6 --> node_venv_lib_python3_12_site-packages_PyQt6_bindings["bindings"]\n    node_venv_lib_python3_12_site-packages_PyQt6_bindings --> node_venv_lib_python3_12_site-packages_PyQt6_bindings_QtCore["QtCore"]\n    node_venv_lib_python3_12_site-packages_PyQt6_bindings_QtCore --> node_venv_lib_python3_12_site-packages_PyQt6_bindings_QtCore_qreadwritelock_sip["qreadwritelock.sip"]\n    Root --> node_venv["venv"]\n    node_venv --> node_venv_lib["lib"]\n    node_venv_lib --> node_venv_lib_python3_12["python3.12"]\n    node_venv_lib_python3_12 --> node_venv_lib_python3_12_site-packages["site-packages"]\n    node_venv_lib_python3_12_site-packages --> node_venv_lib_python3_12_site-packages_PyQt6["PyQt6"]\n    node_venv_lib_python3_12_site-packages_PyQt6 --> node_venv_lib_python3_12_site-packages_PyQt6_bindings["bindings"]\n    node_venv_lib_python3_12_site-packages_PyQt6_bindings --> node_venv_lib_python3_12_site-packages_PyQt6_bindings_QtCore["QtCore"]\n    node_venv_lib_python3_12_site-packages_PyQt6_bindings_QtCore --> node_venv_lib_python3_12_site-packages_PyQt6_bindings_QtCore_qrect_sip["qrect.sip"]\n    Root --> node_venv["venv"]\n    node_venv --> node_venv_lib["lib"]\n    node_venv_lib --> node_venv_lib_python3_12["python3.12"]\n    node_venv_lib_python3_12 --> node_venv_lib_python3_12_site-packages["site-packages"]\n    node_venv_lib_python3_12_site-packages --> node_venv_lib_python3_12_site-packages_PyQt6["PyQt6"]\n    node_venv_lib_python3_12_site-packages_PyQt6 --> node_venv_lib_python3_12_site-packages_PyQt6_bindings["bindings"]\n    node_venv_lib_python3_12_site-packages_PyQt6_bindings --> node_venv_lib_python3_12_site-packages_PyQt6_bindings_QtCore["QtCore"]\n    node_venv_lib_python3_12_site-packages_PyQt6_bindings_QtCore --> node_venv_lib_python3_12_site-packages_PyQt6_bindings_QtCore_qregularexpression_sip["qregularexpression.sip"]\n    Root --> node_venv["venv"]\n    node_venv --> node_venv_lib["lib"]\n    node_venv_lib --> node_venv_lib_python3_12["python3.12"]\n    node_venv_lib_python3_12 --> node_venv_lib_python3_12_site-packages["site-packages"]\n    node_venv_lib_python3_12_site-packages --> node_venv_lib_python3_12_site-packages_PyQt6["PyQt6"]\n    node_venv_lib_python3_12_site-packages_PyQt6 --> node_venv_lib_python3_12_site-packages_PyQt6_bindings["bindings"]\n    node_venv_lib_python3_12_site-packages_PyQt6_bindings --> node_venv_lib_python3_12_site-packages_PyQt6_bindings_QtCore["QtCore"]\n    node_venv_lib_python3_12_site-packages_PyQt6_bindings_QtCore --> node_venv_lib_python3_12_site-packages_PyQt6_bindings_QtCore_qresource_sip["qresource.sip"]\n    Root --> node_venv["venv"]\n    node_venv --> node_venv_lib["lib"]\n    node_venv_lib --> node_venv_lib_python3_12["python3.12"]\n    node_venv_lib_python3_12 --> node_venv_lib_python3_12_site-packages["site-packages"]\n    node_venv_lib_python3_12_site-packages --> node_venv_lib_python3_12_site-packages_PyQt6["PyQt6"]\n    node_venv_lib_python3_12_site-packages_PyQt6 --> node_venv_lib_python3_12_site-packages_PyQt6_bindings["bindings"]\n    node_venv_lib_python3_12_site-packages_PyQt6_bindings --> node_venv_lib_python3_12_site-packages_PyQt6_bindings_QtCore["QtCore"]\n    node_venv_lib_python3_12_site-packages_PyQt6_bindings_QtCore --> node_venv_lib_python3_12_site-packages_PyQt6_bindings_QtCore_qrunnable_sip["qrunnable.sip"]\n    Root --> node_venv["venv"]\n    node_venv --> node_venv_lib["lib"]\n    node_venv_lib --> node_venv_lib_python3_12["python3.12"]\n    node_venv_lib_python3_12 --> node_venv_lib_python3_12_site-packages["site-packages"]\n    node_venv_lib_python3_12_site-packages --> node_venv_lib_python3_12_site-packages_PyQt6["PyQt6"]\n    node_venv_lib_python3_12_site-packages_PyQt6 --> node_venv_lib_python3_12_site-packages_PyQt6_bindings["bindings"]\n    node_venv_lib_python3_12_site-packages_PyQt6_bindings --> node_venv_lib_python3_12_site-packages_PyQt6_bindings_QtCore["QtCore"]\n    node_venv_lib_python3_12_site-packages_PyQt6_bindings_QtCore --> node_venv_lib_python3_12_site-packages_PyQt6_bindings_QtCore_qsavefile_sip["qsavefile.sip"]\n    Root --> node_venv["venv"]\n    node_venv --> node_venv_lib["lib"]\n    node_venv_lib --> node_venv_lib_python3_12["python3.12"]\n    node_venv_lib_python3_12 --> node_venv_lib_python3_12_site-packages["site-packages"]\n    node_venv_lib_python3_12_site-packages --> node_venv_lib_python3_12_site-packages_PyQt6["PyQt6"]\n    node_venv_lib_python3_12_site-packages_PyQt6 --> node_venv_lib_python3_12_site-packages_PyQt6_bindings["bindings"]\n    node_venv_lib_python3_12_site-packages_PyQt6_bindings --> node_venv_lib_python3_12_site-packages_PyQt6_bindings_QtCore["QtCore"]\n    node_venv_lib_python3_12_site-packages_PyQt6_bindings_QtCore --> node_venv_lib_python3_12_site-packages_PyQt6_bindings_QtCore_qsemaphore_sip["qsemaphore.sip"]\n    Root --> node_venv["venv"]\n    node_venv --> node_venv_lib["lib"]\n    node_venv_lib --> node_venv_lib_python3_12["python3.12"]\n    node_venv_lib_python3_12 --> node_venv_lib_python3_12_site-packages["site-packages"]\n    node_venv_lib_python3_12_site-packages --> node_venv_lib_python3_12_site-packages_PyQt6["PyQt6"]\n    node_venv_lib_python3_12_site-packages_PyQt6 --> node_venv_lib_python3_12_site-packages_PyQt6_bindings["bindings"]\n    node_venv_lib_python3_12_site-packages_PyQt6_bindings --> node_venv_lib_python3_12_site-packages_PyQt6_bindings_QtCore["QtCore"]\n    node_venv_lib_python3_12_site-packages_PyQt6_bindings_QtCore --> node_venv_lib_python3_12_site-packages_PyQt6_bindings_QtCore_qsequentialanimationgroup_sip["qsequentialanimationgroup.sip"]\n    Root --> node_venv["venv"]\n    node_venv --> node_venv_lib["lib"]\n    node_venv_lib --> node_venv_lib_python3_12["python3.12"]\n    node_venv_lib_python3_12 --> node_venv_lib_python3_12_site-packages["site-packages"]\n    node_venv_lib_python3_12_site-packages --> node_venv_lib_python3_12_site-packages_PyQt6["PyQt6"]\n    node_venv_lib_python3_12_site-packages_PyQt6 --> node_venv_lib_python3_12_site-packages_PyQt6_bindings["bindings"]\n    node_venv_lib_python3_12_site-packages_PyQt6_bindings --> node_venv_lib_python3_12_site-packages_PyQt6_bindings_QtCore["QtCore"]\n    node_venv_lib_python3_12_site-packages_PyQt6_bindings_QtCore --> node_venv_lib_python3_12_site-packages_PyQt6_bindings_QtCore_qsettings_sip["qsettings.sip"]\n    Root --> node_venv["venv"]\n    node_venv --> node_venv_lib["lib"]\n    node_venv_lib --> node_venv_lib_python3_12["python3.12"]\n    node_venv_lib_python3_12 --> node_venv_lib_python3_12_site-packages["site-packages"]\n    node_venv_lib_python3_12_site-packages --> node_venv_lib_python3_12_site-packages_PyQt6["PyQt6"]\n    node_venv_lib_python3_12_site-packages_PyQt6 --> node_venv_lib_python3_12_site-packages_PyQt6_bindings["bindings"]\n    node_venv_lib_python3_12_site-packages_PyQt6_bindings --> node_venv_lib_python3_12_site-packages_PyQt6_bindings_QtCore["QtCore"]\n    node_venv_lib_python3_12_site-packages_PyQt6_bindings_QtCore --> node_venv_lib_python3_12_site-packages_PyQt6_bindings_QtCore_qsharedmemory_sip["qsharedmemory.sip"]\n    Root --> node_venv["venv"]\n    node_venv --> node_venv_lib["lib"]\n    node_venv_lib --> node_venv_lib_python3_12["python3.12"]\n    node_venv_lib_python3_12 --> node_venv_lib_python3_12_site-packages["site-packages"]\n    node_venv_lib_python3_12_site-packages --> node_venv_lib_python3_12_site-packages_PyQt6["PyQt6"]\n    node_venv_lib_python3_12_site-packages_PyQt6 --> node_venv_lib_python3_12_site-packages_PyQt6_bindings["bindings"]\n    node_venv_lib_python3_12_site-packages_PyQt6_bindings --> node_venv_lib_python3_12_site-packages_PyQt6_bindings_QtCore["QtCore"]\n    node_venv_lib_python3_12_site-packages_PyQt6_bindings_QtCore --> node_venv_lib_python3_12_site-packages_PyQt6_bindings_QtCore_qsignalmapper_sip["qsignalmapper.sip"]\n    Root --> node_venv["venv"]\n    node_venv --> node_venv_lib["lib"]\n    node_venv_lib --> node_venv_lib_python3_12["python3.12"]\n    node_venv_lib_python3_12 --> node_venv_lib_python3_12_site-packages["site-packages"]\n    node_venv_lib_python3_12_site-packages --> node_venv_lib_python3_12_site-packages_PyQt6["PyQt6"]\n    node_venv_lib_python3_12_site-packages_PyQt6 --> node_venv_lib_python3_12_site-packages_PyQt6_bindings["bindings"]\n    node_venv_lib_python3_12_site-packages_PyQt6_bindings --> node_venv_lib_python3_12_site-packages_PyQt6_bindings_QtCore["QtCore"]\n    node_venv_lib_python3_12_site-packages_PyQt6_bindings_QtCore --> node_venv_lib_python3_12_site-packages_PyQt6_bindings_QtCore_qsize_sip["qsize.sip"]\n    Root --> node_venv["venv"]\n    node_venv --> node_venv_lib["lib"]\n    node_venv_lib --> node_venv_lib_python3_12["python3.12"]\n    node_venv_lib_python3_12 --> node_venv_lib_python3_12_site-packages["site-packages"]\n    node_venv_lib_python3_12_site-packages --> node_venv_lib_python3_12_site-packages_PyQt6["PyQt6"]\n    node_venv_lib_python3_12_site-packages_PyQt6 --> node_venv_lib_python3_12_site-packages_PyQt6_bindings["bindings"]\n    node_venv_lib_python3_12_site-packages_PyQt6_bindings --> node_venv_lib_python3_12_site-packages_PyQt6_bindings_QtCore["QtCore"]\n    node_venv_lib_python3_12_site-packages_PyQt6_bindings_QtCore --> node_venv_lib_python3_12_site-packages_PyQt6_bindings_QtCore_qsocketnotifier_sip["qsocketnotifier.sip"]\n    Root --> node_venv["venv"]\n    node_venv --> node_venv_lib["lib"]\n    node_venv_lib --> node_venv_lib_python3_12["python3.12"]\n    node_venv_lib_python3_12 --> node_venv_lib_python3_12_site-packages["site-packages"]\n    node_venv_lib_python3_12_site-packages --> node_venv_lib_python3_12_site-packages_PyQt6["PyQt6"]\n    node_venv_lib_python3_12_site-packages_PyQt6 --> node_venv_lib_python3_12_site-packages_PyQt6_bindings["bindings"]\n    node_venv_lib_python3_12_site-packages_PyQt6_bindings --> node_venv_lib_python3_12_site-packages_PyQt6_bindings_QtCore["QtCore"]\n    node_venv_lib_python3_12_site-packages_PyQt6_bindings_QtCore --> node_venv_lib_python3_12_site-packages_PyQt6_bindings_QtCore_qsortfilterproxymodel_sip["qsortfilterproxymodel.sip"]\n    Root --> node_venv["venv"]\n    node_venv --> node_venv_lib["lib"]\n    node_venv_lib --> node_venv_lib_python3_12["python3.12"]\n    node_venv_lib_python3_12 --> node_venv_lib_python3_12_site-packages["site-packages"]\n    node_venv_lib_python3_12_site-packages --> node_venv_lib_python3_12_site-packages_PyQt6["PyQt6"]\n    node_venv_lib_python3_12_site-packages_PyQt6 --> node_venv_lib_python3_12_site-packages_PyQt6_bindings["bindings"]\n    node_venv_lib_python3_12_site-packages_PyQt6_bindings --> node_venv_lib_python3_12_site-packages_PyQt6_bindings_QtCore["QtCore"]\n    node_venv_lib_python3_12_site-packages_PyQt6_bindings_QtCore --> node_venv_lib_python3_12_site-packages_PyQt6_bindings_QtCore_qstandardpaths_sip["qstandardpaths.sip"]\n    Root --> node_venv["venv"]\n    node_venv --> node_venv_lib["lib"]\n    node_venv_lib --> node_venv_lib_python3_12["python3.12"]\n    node_venv_lib_python3_12 --> node_venv_lib_python3_12_site-packages["site-packages"]\n    node_venv_lib_python3_12_site-packages --> node_venv_lib_python3_12_site-packages_PyQt6["PyQt6"]\n    node_venv_lib_python3_12_site-packages_PyQt6 --> node_venv_lib_python3_12_site-packages_PyQt6_bindings["bindings"]\n    node_venv_lib_python3_12_site-packages_PyQt6_bindings --> node_venv_lib_python3_12_site-packages_PyQt6_bindings_QtCore["QtCore"]\n    node_venv_lib_python3_12_site-packages_PyQt6_bindings_QtCore --> node_venv_lib_python3_12_site-packages_PyQt6_bindings_QtCore_qstorageinfo_sip["qstorageinfo.sip"]\n    Root --> node_venv["venv"]\n    node_venv --> node_venv_lib["lib"]\n    node_venv_lib --> node_venv_lib_python3_12["python3.12"]\n    node_venv_lib_python3_12 --> node_venv_lib_python3_12_site-packages["site-packages"]\n    node_venv_lib_python3_12_site-packages --> node_venv_lib_python3_12_site-packages_PyQt6["PyQt6"]\n    node_venv_lib_python3_12_site-packages_PyQt6 --> node_venv_lib_python3_12_site-packages_PyQt6_bindings["bindings"]\n    node_venv_lib_python3_12_site-packages_PyQt6_bindings --> node_venv_lib_python3_12_site-packages_PyQt6_bindings_QtCore["QtCore"]\n    node_venv_lib_python3_12_site-packages_PyQt6_bindings_QtCore --> node_venv_lib_python3_12_site-packages_PyQt6_bindings_QtCore_qstring_sip["qstring.sip"]\n    Root --> node_venv["venv"]\n    node_venv --> node_venv_lib["lib"]\n    node_venv_lib --> node_venv_lib_python3_12["python3.12"]\n    node_venv_lib_python3_12 --> node_venv_lib_python3_12_site-packages["site-packages"]\n    node_venv_lib_python3_12_site-packages --> node_venv_lib_python3_12_site-packages_PyQt6["PyQt6"]\n    node_venv_lib_python3_12_site-packages_PyQt6 --> node_venv_lib_python3_12_site-packages_PyQt6_bindings["bindings"]\n    node_venv_lib_python3_12_site-packages_PyQt6_bindings --> node_venv_lib_python3_12_site-packages_PyQt6_bindings_QtCore["QtCore"]\n    node_venv_lib_python3_12_site-packages_PyQt6_bindings_QtCore --> node_venv_lib_python3_12_site-packages_PyQt6_bindings_QtCore_qstringconverter_sip["qstringconverter.sip"]\n    Root --> node_venv["venv"]\n    node_venv --> node_venv_lib["lib"]\n    node_venv_lib --> node_venv_lib_python3_12["python3.12"]\n    node_venv_lib_python3_12 --> node_venv_lib_python3_12_site-packages["site-packages"]\n    node_venv_lib_python3_12_site-packages --> node_venv_lib_python3_12_site-packages_PyQt6["PyQt6"]\n    node_venv_lib_python3_12_site-packages_PyQt6 --> node_venv_lib_python3_12_site-packages_PyQt6_bindings["bindings"]\n    node_venv_lib_python3_12_site-packages_PyQt6_bindings --> node_venv_lib_python3_12_site-packages_PyQt6_bindings_QtCore["QtCore"]\n    node_venv_lib_python3_12_site-packages_PyQt6_bindings_QtCore --> node_venv_lib_python3_12_site-packages_PyQt6_bindings_QtCore_qstringconverter_base_sip["qstringconverter_base.sip"]\n    Root --> node_venv["venv"]\n    node_venv --> node_venv_lib["lib"]\n    node_venv_lib --> node_venv_lib_python3_12["python3.12"]\n    node_venv_lib_python3_12 --> node_venv_lib_python3_12_site-packages["site-packages"]\n    node_venv_lib_python3_12_site-packages --> node_venv_lib_python3_12_site-packages_PyQt6["PyQt6"]\n    node_venv_lib_python3_12_site-packages_PyQt6 --> node_venv_lib_python3_12_site-packages_PyQt6_bindings["bindings"]\n    node_venv_lib_python3_12_site-packages_PyQt6_bindings --> node_venv_lib_python3_12_site-packages_PyQt6_bindings_QtCore["QtCore"]\n    node_venv_lib_python3_12_site-packages_PyQt6_bindings_QtCore --> node_venv_lib_python3_12_site-packages_PyQt6_bindings_QtCore_qstringlist_sip["qstringlist.sip"]\n    Root --> node_venv["venv"]\n    node_venv --> node_venv_lib["lib"]\n    node_venv_lib --> node_venv_lib_python3_12["python3.12"]\n    node_venv_lib_python3_12 --> node_venv_lib_python3_12_site-packages["site-packages"]\n    node_venv_lib_python3_12_site-packages --> node_venv_lib_python3_12_site-packages_PyQt6["PyQt6"]\n    node_venv_lib_python3_12_site-packages_PyQt6 --> node_venv_lib_python3_12_site-packages_PyQt6_bindings["bindings"]\n    node_venv_lib_python3_12_site-packages_PyQt6_bindings --> node_venv_lib_python3_12_site-packages_PyQt6_bindings_QtCore["QtCore"]\n    node_venv_lib_python3_12_site-packages_PyQt6_bindings_QtCore --> node_venv_lib_python3_12_site-packages_PyQt6_bindings_QtCore_qstringlistmodel_sip["qstringlistmodel.sip"]\n    Root --> node_venv["venv"]\n    node_venv --> node_venv_lib["lib"]\n    node_venv_lib --> node_venv_lib_python3_12["python3.12"]\n    node_venv_lib_python3_12 --> node_venv_lib_python3_12_site-packages["site-packages"]\n    node_venv_lib_python3_12_site-packages --> node_venv_lib_python3_12_site-packages_PyQt6["PyQt6"]\n    node_venv_lib_python3_12_site-packages_PyQt6 --> node_venv_lib_python3_12_site-packages_PyQt6_bindings["bindings"]\n    node_venv_lib_python3_12_site-packages_PyQt6_bindings --> node_venv_lib_python3_12_site-packages_PyQt6_bindings_QtCore["QtCore"]\n    node_venv_lib_python3_12_site-packages_PyQt6_bindings_QtCore --> node_venv_lib_python3_12_site-packages_PyQt6_bindings_QtCore_qstringview_sip["qstringview.sip"]\n    Root --> node_venv["venv"]\n    node_venv --> node_venv_lib["lib"]\n    node_venv_lib --> node_venv_lib_python3_12["python3.12"]\n    node_venv_lib_python3_12 --> node_venv_lib_python3_12_site-packages["site-packages"]\n    node_venv_lib_python3_12_site-packages --> node_venv_lib_python3_12_site-packages_PyQt6["PyQt6"]\n    node_venv_lib_python3_12_site-packages_PyQt6 --> node_venv_lib_python3_12_site-packages_PyQt6_bindings["bindings"]\n    node_venv_lib_python3_12_site-packages_PyQt6_bindings --> node_venv_lib_python3_12_site-packages_PyQt6_bindings_QtCore["QtCore"]\n    node_venv_lib_python3_12_site-packages_PyQt6_bindings_QtCore --> node_venv_lib_python3_12_site-packages_PyQt6_bindings_QtCore_qsysinfo_sip["qsysinfo.sip"]\n    Root --> node_venv["venv"]\n    node_venv --> node_venv_lib["lib"]\n    node_venv_lib --> node_venv_lib_python3_12["python3.12"]\n    node_venv_lib_python3_12 --> node_venv_lib_python3_12_site-packages["site-packages"]\n    node_venv_lib_python3_12_site-packages --> node_venv_lib_python3_12_site-packages_PyQt6["PyQt6"]\n    node_venv_lib_python3_12_site-packages_PyQt6 --> node_venv_lib_python3_12_site-packages_PyQt6_bindings["bindings"]\n    node_venv_lib_python3_12_site-packages_PyQt6_bindings --> node_venv_lib_python3_12_site-packages_PyQt6_bindings_QtCore["QtCore"]\n    node_venv_lib_python3_12_site-packages_PyQt6_bindings_QtCore --> node_venv_lib_python3_12_site-packages_PyQt6_bindings_QtCore_qsystemsemaphore_sip["qsystemsemaphore.sip"]\n    Root --> node_venv["venv"]\n    node_venv --> node_venv_lib["lib"]\n    node_venv_lib --> node_venv_lib_python3_12["python3.12"]\n    node_venv_lib_python3_12 --> node_venv_lib_python3_12_site-packages["site-packages"]\n    node_venv_lib_python3_12_site-packages --> node_venv_lib_python3_12_site-packages_PyQt6["PyQt6"]\n    node_venv_lib_python3_12_site-packages_PyQt6 --> node_venv_lib_python3_12_site-packages_PyQt6_bindings["bindings"]\n    node_venv_lib_python3_12_site-packages_PyQt6_bindings --> node_venv_lib_python3_12_site-packages_PyQt6_bindings_QtCore["QtCore"]\n    node_venv_lib_python3_12_site-packages_PyQt6_bindings_QtCore --> node_venv_lib_python3_12_site-packages_PyQt6_bindings_QtCore_qtemporarydir_sip["qtemporarydir.sip"]\n    Root --> node_venv["venv"]\n    node_venv --> node_venv_lib["lib"]\n    node_venv_lib --> node_venv_lib_python3_12["python3.12"]\n    node_venv_lib_python3_12 --> node_venv_lib_python3_12_site-packages["site-packages"]\n    node_venv_lib_python3_12_site-packages --> node_venv_lib_python3_12_site-packages_PyQt6["PyQt6"]\n    node_venv_lib_python3_12_site-packages_PyQt6 --> node_venv_lib_python3_12_site-packages_PyQt6_bindings["bindings"]\n    node_venv_lib_python3_12_site-packages_PyQt6_bindings --> node_venv_lib_python3_12_site-packages_PyQt6_bindings_QtCore["QtCore"]\n    node_venv_lib_python3_12_site-packages_PyQt6_bindings_QtCore --> node_venv_lib_python3_12_site-packages_PyQt6_bindings_QtCore_qtemporaryfile_sip["qtemporaryfile.sip"]\n    Root --> node_venv["venv"]\n    node_venv --> node_venv_lib["lib"]\n    node_venv_lib --> node_venv_lib_python3_12["python3.12"]\n    node_venv_lib_python3_12 --> node_venv_lib_python3_12_site-packages["site-packages"]\n    node_venv_lib_python3_12_site-packages --> node_venv_lib_python3_12_site-packages_PyQt6["PyQt6"]\n    node_venv_lib_python3_12_site-packages_PyQt6 --> node_venv_lib_python3_12_site-packages_PyQt6_bindings["bindings"]\n    node_venv_lib_python3_12_site-packages_PyQt6_bindings --> node_venv_lib_python3_12_site-packages_PyQt6_bindings_QtCore["QtCore"]\n    node_venv_lib_python3_12_site-packages_PyQt6_bindings_QtCore --> node_venv_lib_python3_12_site-packages_PyQt6_bindings_QtCore_qtenvironmentvariables_sip["qtenvironmentvariables.sip"]\n    Root --> node_venv["venv"]\n    node_venv --> node_venv_lib["lib"]\n    node_venv_lib --> node_venv_lib_python3_12["python3.12"]\n    node_venv_lib_python3_12 --> node_venv_lib_python3_12_site-packages["site-packages"]\n    node_venv_lib_python3_12_site-packages --> node_venv_lib_python3_12_site-packages_PyQt6["PyQt6"]\n    node_venv_lib_python3_12_site-packages_PyQt6 --> node_venv_lib_python3_12_site-packages_PyQt6_bindings["bindings"]\n    node_venv_lib_python3_12_site-packages_PyQt6_bindings --> node_venv_lib_python3_12_site-packages_PyQt6_bindings_QtCore["QtCore"]\n    node_venv_lib_python3_12_site-packages_PyQt6_bindings_QtCore --> node_venv_lib_python3_12_site-packages_PyQt6_bindings_QtCore_qtextboundaryfinder_sip["qtextboundaryfinder.sip"]\n    Root --> node_venv["venv"]\n    node_venv --> node_venv_lib["lib"]\n    node_venv_lib --> node_venv_lib_python3_12["python3.12"]\n    node_venv_lib_python3_12 --> node_venv_lib_python3_12_site-packages["site-packages"]\n    node_venv_lib_python3_12_site-packages --> node_venv_lib_python3_12_site-packages_PyQt6["PyQt6"]\n    node_venv_lib_python3_12_site-packages_PyQt6 --> node_venv_lib_python3_12_site-packages_PyQt6_bindings["bindings"]\n    node_venv_lib_python3_12_site-packages_PyQt6_bindings --> node_venv_lib_python3_12_site-packages_PyQt6_bindings_QtCore["QtCore"]\n    node_venv_lib_python3_12_site-packages_PyQt6_bindings_QtCore --> node_venv_lib_python3_12_site-packages_PyQt6_bindings_QtCore_qtextstream_sip["qtextstream.sip"]\n    Root --> node_venv["venv"]\n    node_venv --> node_venv_lib["lib"]\n    node_venv_lib --> node_venv_lib_python3_12["python3.12"]\n    node_venv_lib_python3_12 --> node_venv_lib_python3_12_site-packages["site-packages"]\n    node_venv_lib_python3_12_site-packages --> node_venv_lib_python3_12_site-packages_PyQt6["PyQt6"]\n    node_venv_lib_python3_12_site-packages_PyQt6 --> node_venv_lib_python3_12_site-packages_PyQt6_bindings["bindings"]\n    node_venv_lib_python3_12_site-packages_PyQt6_bindings --> node_venv_lib_python3_12_site-packages_PyQt6_bindings_QtCore["QtCore"]\n    node_venv_lib_python3_12_site-packages_PyQt6_bindings_QtCore --> node_venv_lib_python3_12_site-packages_PyQt6_bindings_QtCore_qthread_sip["qthread.sip"]\n    Root --> node_venv["venv"]\n    node_venv --> node_venv_lib["lib"]\n    node_venv_lib --> node_venv_lib_python3_12["python3.12"]\n    node_venv_lib_python3_12 --> node_venv_lib_python3_12_site-packages["site-packages"]\n    node_venv_lib_python3_12_site-packages --> node_venv_lib_python3_12_site-packages_PyQt6["PyQt6"]\n    node_venv_lib_python3_12_site-packages_PyQt6 --> node_venv_lib_python3_12_site-packages_PyQt6_bindings["bindings"]\n    node_venv_lib_python3_12_site-packages_PyQt6_bindings --> node_venv_lib_python3_12_site-packages_PyQt6_bindings_QtCore["QtCore"]\n    node_venv_lib_python3_12_site-packages_PyQt6_bindings_QtCore --> node_venv_lib_python3_12_site-packages_PyQt6_bindings_QtCore_qthreadpool_sip["qthreadpool.sip"]\n    Root --> node_venv["venv"]\n    node_venv --> node_venv_lib["lib"]\n    node_venv_lib --> node_venv_lib_python3_12["python3.12"]\n    node_venv_lib_python3_12 --> node_venv_lib_python3_12_site-packages["site-packages"]\n    node_venv_lib_python3_12_site-packages --> node_venv_lib_python3_12_site-packages_PyQt6["PyQt6"]\n    node_venv_lib_python3_12_site-packages_PyQt6 --> node_venv_lib_python3_12_site-packages_PyQt6_bindings["bindings"]\n    node_venv_lib_python3_12_site-packages_PyQt6_bindings --> node_venv_lib_python3_12_site-packages_PyQt6_bindings_QtCore["QtCore"]\n    node_venv_lib_python3_12_site-packages_PyQt6_bindings_QtCore --> node_venv_lib_python3_12_site-packages_PyQt6_bindings_QtCore_qtimeline_sip["qtimeline.sip"]\n    Root --> node_venv["venv"]\n    node_venv --> node_venv_lib["lib"]\n    node_venv_lib --> node_venv_lib_python3_12["python3.12"]\n    node_venv_lib_python3_12 --> node_venv_lib_python3_12_site-packages["site-packages"]\n    node_venv_lib_python3_12_site-packages --> node_venv_lib_python3_12_site-packages_PyQt6["PyQt6"]\n    node_venv_lib_python3_12_site-packages_PyQt6 --> node_venv_lib_python3_12_site-packages_PyQt6_bindings["bindings"]\n    node_venv_lib_python3_12_site-packages_PyQt6_bindings --> node_venv_lib_python3_12_site-packages_PyQt6_bindings_QtCore["QtCore"]\n    node_venv_lib_python3_12_site-packages_PyQt6_bindings_QtCore --> node_venv_lib_python3_12_site-packages_PyQt6_bindings_QtCore_qtimer_sip["qtimer.sip"]\n    Root --> node_venv["venv"]\n    node_venv --> node_venv_lib["lib"]\n    node_venv_lib --> node_venv_lib_python3_12["python3.12"]\n    node_venv_lib_python3_12 --> node_venv_lib_python3_12_site-packages["site-packages"]\n    node_venv_lib_python3_12_site-packages --> node_venv_lib_python3_12_site-packages_PyQt6["PyQt6"]\n    node_venv_lib_python3_12_site-packages_PyQt6 --> node_venv_lib_python3_12_site-packages_PyQt6_bindings["bindings"]\n    node_venv_lib_python3_12_site-packages_PyQt6_bindings --> node_venv_lib_python3_12_site-packages_PyQt6_bindings_QtCore["QtCore"]\n    node_venv_lib_python3_12_site-packages_PyQt6_bindings_QtCore --> node_venv_lib_python3_12_site-packages_PyQt6_bindings_QtCore_qtimezone_sip["qtimezone.sip"]\n    Root --> node_venv["venv"]\n    node_venv --> node_venv_lib["lib"]\n    node_venv_lib --> node_venv_lib_python3_12["python3.12"]\n    node_venv_lib_python3_12 --> node_venv_lib_python3_12_site-packages["site-packages"]\n    node_venv_lib_python3_12_site-packages --> node_venv_lib_python3_12_site-packages_PyQt6["PyQt6"]\n    node_venv_lib_python3_12_site-packages_PyQt6 --> node_venv_lib_python3_12_site-packages_PyQt6_bindings["bindings"]\n    node_venv_lib_python3_12_site-packages_PyQt6_bindings --> node_venv_lib_python3_12_site-packages_PyQt6_bindings_QtCore["QtCore"]\n    node_venv_lib_python3_12_site-packages_PyQt6_bindings_QtCore --> node_venv_lib_python3_12_site-packages_PyQt6_bindings_QtCore_qtipccommon_sip["qtipccommon.sip"]\n    Root --> node_venv["venv"]\n    node_venv --> node_venv_lib["lib"]\n    node_venv_lib --> node_venv_lib_python3_12["python3.12"]\n    node_venv_lib_python3_12 --> node_venv_lib_python3_12_site-packages["site-packages"]\n    node_venv_lib_python3_12_site-packages --> node_venv_lib_python3_12_site-packages_PyQt6["PyQt6"]\n    node_venv_lib_python3_12_site-packages_PyQt6 --> node_venv_lib_python3_12_site-packages_PyQt6_bindings["bindings"]\n    node_venv_lib_python3_12_site-packages_PyQt6_bindings --> node_venv_lib_python3_12_site-packages_PyQt6_bindings_QtCore["QtCore"]\n    node_venv_lib_python3_12_site-packages_PyQt6_bindings_QtCore --> node_venv_lib_python3_12_site-packages_PyQt6_bindings_QtCore_qtranslator_sip["qtranslator.sip"]\n    Root --> node_venv["venv"]\n    node_venv --> node_venv_lib["lib"]\n    node_venv_lib --> node_venv_lib_python3_12["python3.12"]\n    node_venv_lib_python3_12 --> node_venv_lib_python3_12_site-packages["site-packages"]\n    node_venv_lib_python3_12_site-packages --> node_venv_lib_python3_12_site-packages_PyQt6["PyQt6"]\n    node_venv_lib_python3_12_site-packages_PyQt6 --> node_venv_lib_python3_12_site-packages_PyQt6_bindings["bindings"]\n    node_venv_lib_python3_12_site-packages_PyQt6_bindings --> node_venv_lib_python3_12_site-packages_PyQt6_bindings_QtCore["QtCore"]\n    node_venv_lib_python3_12_site-packages_PyQt6_bindings_QtCore --> node_venv_lib_python3_12_site-packages_PyQt6_bindings_QtCore_qtransposeproxymodel_sip["qtransposeproxymodel.sip"]\n    Root --> node_venv["venv"]\n    node_venv --> node_venv_lib["lib"]\n    node_venv_lib --> node_venv_lib_python3_12["python3.12"]\n    node_venv_lib_python3_12 --> node_venv_lib_python3_12_site-packages["site-packages"]\n    node_venv_lib_python3_12_site-packages --> node_venv_lib_python3_12_site-packages_PyQt6["PyQt6"]\n    node_venv_lib_python3_12_site-packages_PyQt6 --> node_venv_lib_python3_12_site-packages_PyQt6_bindings["bindings"]\n    node_venv_lib_python3_12_site-packages_PyQt6_bindings --> node_venv_lib_python3_12_site-packages_PyQt6_bindings_QtCore["QtCore"]\n    node_venv_lib_python3_12_site-packages_PyQt6_bindings_QtCore --> node_venv_lib_python3_12_site-packages_PyQt6_bindings_QtCore_qtversion_sip["qtversion.sip"]\n    Root --> node_venv["venv"]\n    node_venv --> node_venv_lib["lib"]\n    node_venv_lib --> node_venv_lib_python3_12["python3.12"]\n    node_venv_lib_python3_12 --> node_venv_lib_python3_12_site-packages["site-packages"]\n    node_venv_lib_python3_12_site-packages --> node_venv_lib_python3_12_site-packages_PyQt6["PyQt6"]\n    node_venv_lib_python3_12_site-packages_PyQt6 --> node_venv_lib_python3_12_site-packages_PyQt6_bindings["bindings"]\n    node_venv_lib_python3_12_site-packages_PyQt6_bindings --> node_venv_lib_python3_12_site-packages_PyQt6_bindings_QtCore["QtCore"]\n    node_venv_lib_python3_12_site-packages_PyQt6_bindings_QtCore --> node_venv_lib_python3_12_site-packages_PyQt6_bindings_QtCore_qtyperevision_sip["qtyperevision.sip"]\n    Root --> node_venv["venv"]\n    node_venv --> node_venv_lib["lib"]\n    node_venv_lib --> node_venv_lib_python3_12["python3.12"]\n    node_venv_lib_python3_12 --> node_venv_lib_python3_12_site-packages["site-packages"]\n    node_venv_lib_python3_12_site-packages --> node_venv_lib_python3_12_site-packages_PyQt6["PyQt6"]\n    node_venv_lib_python3_12_site-packages_PyQt6 --> node_venv_lib_python3_12_site-packages_PyQt6_bindings["bindings"]\n    node_venv_lib_python3_12_site-packages_PyQt6_bindings --> node_venv_lib_python3_12_site-packages_PyQt6_bindings_QtCore["QtCore"]\n    node_venv_lib_python3_12_site-packages_PyQt6_bindings_QtCore --> node_venv_lib_python3_12_site-packages_PyQt6_bindings_QtCore_qtypes_sip["qtypes.sip"]\n    Root --> node_venv["venv"]\n    node_venv --> node_venv_lib["lib"]\n    node_venv_lib --> node_venv_lib_python3_12["python3.12"]\n    node_venv_lib_python3_12 --> node_venv_lib_python3_12_site-packages["site-packages"]\n    node_venv_lib_python3_12_site-packages --> node_venv_lib_python3_12_site-packages_PyQt6["PyQt6"]\n    node_venv_lib_python3_12_site-packages_PyQt6 --> node_venv_lib_python3_12_site-packages_PyQt6_bindings["bindings"]\n    node_venv_lib_python3_12_site-packages_PyQt6_bindings --> node_venv_lib_python3_12_site-packages_PyQt6_bindings_QtCore["QtCore"]\n    node_venv_lib_python3_12_site-packages_PyQt6_bindings_QtCore --> node_venv_lib_python3_12_site-packages_PyQt6_bindings_QtCore_qurl_sip["qurl.sip"]\n    Root --> node_venv["venv"]\n    node_venv --> node_venv_lib["lib"]\n    node_venv_lib --> node_venv_lib_python3_12["python3.12"]\n    node_venv_lib_python3_12 --> node_venv_lib_python3_12_site-packages["site-packages"]\n    node_venv_lib_python3_12_site-packages --> node_venv_lib_python3_12_site-packages_PyQt6["PyQt6"]\n    node_venv_lib_python3_12_site-packages_PyQt6 --> node_venv_lib_python3_12_site-packages_PyQt6_bindings["bindings"]\n    node_venv_lib_python3_12_site-packages_PyQt6_bindings --> node_venv_lib_python3_12_site-packages_PyQt6_bindings_QtCore["QtCore"]\n    node_venv_lib_python3_12_site-packages_PyQt6_bindings_QtCore --> node_venv_lib_python3_12_site-packages_PyQt6_bindings_QtCore_qurlquery_sip["qurlquery.sip"]\n    Root --> node_venv["venv"]\n    node_venv --> node_venv_lib["lib"]\n    node_venv_lib --> node_venv_lib_python3_12["python3.12"]\n    node_venv_lib_python3_12 --> node_venv_lib_python3_12_site-packages["site-packages"]\n    node_venv_lib_python3_12_site-packages --> node_venv_lib_python3_12_site-packages_PyQt6["PyQt6"]\n    node_venv_lib_python3_12_site-packages_PyQt6 --> node_venv_lib_python3_12_site-packages_PyQt6_bindings["bindings"]\n    node_venv_lib_python3_12_site-packages_PyQt6_bindings --> node_venv_lib_python3_12_site-packages_PyQt6_bindings_QtCore["QtCore"]\n    node_venv_lib_python3_12_site-packages_PyQt6_bindings_QtCore --> node_venv_lib_python3_12_site-packages_PyQt6_bindings_QtCore_quuid_sip["quuid.sip"]\n    Root --> node_venv["venv"]\n    node_venv --> node_venv_lib["lib"]\n    node_venv_lib --> node_venv_lib_python3_12["python3.12"]\n    node_venv_lib_python3_12 --> node_venv_lib_python3_12_site-packages["site-packages"]\n    node_venv_lib_python3_12_site-packages --> node_venv_lib_python3_12_site-packages_PyQt6["PyQt6"]\n    node_venv_lib_python3_12_site-packages_PyQt6 --> node_venv_lib_python3_12_site-packages_PyQt6_bindings["bindings"]\n    node_venv_lib_python3_12_site-packages_PyQt6_bindings --> node_venv_lib_python3_12_site-packages_PyQt6_bindings_QtCore["QtCore"]\n    node_venv_lib_python3_12_site-packages_PyQt6_bindings_QtCore --> node_venv_lib_python3_12_site-packages_PyQt6_bindings_QtCore_qvariant_sip["qvariant.sip"]\n    Root --> node_venv["venv"]\n    node_venv --> node_venv_lib["lib"]\n    node_venv_lib --> node_venv_lib_python3_12["python3.12"]\n    node_venv_lib_python3_12 --> node_venv_lib_python3_12_site-packages["site-packages"]\n    node_venv_lib_python3_12_site-packages --> node_venv_lib_python3_12_site-packages_PyQt6["PyQt6"]\n    node_venv_lib_python3_12_site-packages_PyQt6 --> node_venv_lib_python3_12_site-packages_PyQt6_bindings["bindings"]\n    node_venv_lib_python3_12_site-packages_PyQt6_bindings --> node_venv_lib_python3_12_site-packages_PyQt6_bindings_QtCore["QtCore"]\n    node_venv_lib_python3_12_site-packages_PyQt6_bindings_QtCore --> node_venv_lib_python3_12_site-packages_PyQt6_bindings_QtCore_qvariantanimation_sip["qvariantanimation.sip"]\n    Root --> node_venv["venv"]\n    node_venv --> node_venv_lib["lib"]\n    node_venv_lib --> node_venv_lib_python3_12["python3.12"]\n    node_venv_lib_python3_12 --> node_venv_lib_python3_12_site-packages["site-packages"]\n    node_venv_lib_python3_12_site-packages --> node_venv_lib_python3_12_site-packages_PyQt6["PyQt6"]\n    node_venv_lib_python3_12_site-packages_PyQt6 --> node_venv_lib_python3_12_site-packages_PyQt6_bindings["bindings"]\n    node_venv_lib_python3_12_site-packages_PyQt6_bindings --> node_venv_lib_python3_12_site-packages_PyQt6_bindings_QtCore["QtCore"]\n    node_venv_lib_python3_12_site-packages_PyQt6_bindings_QtCore --> node_venv_lib_python3_12_site-packages_PyQt6_bindings_QtCore_qversionnumber_sip["qversionnumber.sip"]\n    Root --> node_venv["venv"]\n    node_venv --> node_venv_lib["lib"]\n    node_venv_lib --> node_venv_lib_python3_12["python3.12"]\n    node_venv_lib_python3_12 --> node_venv_lib_python3_12_site-packages["site-packages"]\n    node_venv_lib_python3_12_site-packages --> node_venv_lib_python3_12_site-packages_PyQt6["PyQt6"]\n    node_venv_lib_python3_12_site-packages_PyQt6 --> node_venv_lib_python3_12_site-packages_PyQt6_bindings["bindings"]\n    node_venv_lib_python3_12_site-packages_PyQt6_bindings --> node_venv_lib_python3_12_site-packages_PyQt6_bindings_QtCore["QtCore"]\n    node_venv_lib_python3_12_site-packages_PyQt6_bindings_QtCore --> node_venv_lib_python3_12_site-packages_PyQt6_bindings_QtCore_qwaitcondition_sip["qwaitcondition.sip"]\n    Root --> node_venv["venv"]\n    node_venv --> node_venv_lib["lib"]\n    node_venv_lib --> node_venv_lib_python3_12["python3.12"]\n    node_venv_lib_python3_12 --> node_venv_lib_python3_12_site-packages["site-packages"]\n    node_venv_lib_python3_12_site-packages --> node_venv_lib_python3_12_site-packages_PyQt6["PyQt6"]\n    node_venv_lib_python3_12_site-packages_PyQt6 --> node_venv_lib_python3_12_site-packages_PyQt6_bindings["bindings"]\n    node_venv_lib_python3_12_site-packages_PyQt6_bindings --> node_venv_lib_python3_12_site-packages_PyQt6_bindings_QtCore["QtCore"]\n    node_venv_lib_python3_12_site-packages_PyQt6_bindings_QtCore --> node_venv_lib_python3_12_site-packages_PyQt6_bindings_QtCore_qwineventnotifier_sip["qwineventnotifier.sip"]\n    Root --> node_venv["venv"]\n    node_venv --> node_venv_lib["lib"]\n    node_venv_lib --> node_venv_lib_python3_12["python3.12"]\n    node_venv_lib_python3_12 --> node_venv_lib_python3_12_site-packages["site-packages"]\n    node_venv_lib_python3_12_site-packages --> node_venv_lib_python3_12_site-packages_PyQt6["PyQt6"]\n    node_venv_lib_python3_12_site-packages_PyQt6 --> node_venv_lib_python3_12_site-packages_PyQt6_bindings["bindings"]\n    node_venv_lib_python3_12_site-packages_PyQt6_bindings --> node_venv_lib_python3_12_site-packages_PyQt6_bindings_QtCore["QtCore"]\n    node_venv_lib_python3_12_site-packages_PyQt6_bindings_QtCore --> node_venv_lib_python3_12_site-packages_PyQt6_bindings_QtCore_qxmlstream_sip["qxmlstream.sip"]\n    Root --> node_venv["venv"]\n    node_venv --> node_venv_lib["lib"]\n    node_venv_lib --> node_venv_lib_python3_12["python3.12"]\n    node_venv_lib_python3_12 --> node_venv_lib_python3_12_site-packages["site-packages"]\n    node_venv_lib_python3_12_site-packages --> node_venv_lib_python3_12_site-packages_PyQt6["PyQt6"]\n    node_venv_lib_python3_12_site-packages_PyQt6 --> node_venv_lib_python3_12_site-packages_PyQt6_bindings["bindings"]\n    node_venv_lib_python3_12_site-packages_PyQt6_bindings --> node_venv_lib_python3_12_site-packages_PyQt6_bindings_QtCore["QtCore"]\n    node_venv_lib_python3_12_site-packages_PyQt6_bindings_QtCore --> node_venv_lib_python3_12_site-packages_PyQt6_bindings_QtCore_qyieldcpu_sip["qyieldcpu.sip"]\n    Root --> node_venv["venv"]\n    node_venv --> node_venv_lib["lib"]\n    node_venv_lib --> node_venv_lib_python3_12["python3.12"]\n    node_venv_lib_python3_12 --> node_venv_lib_python3_12_site-packages["site-packages"]\n    node_venv_lib_python3_12_site-packages --> node_venv_lib_python3_12_site-packages_PyQt6["PyQt6"]\n    node_venv_lib_python3_12_site-packages_PyQt6 --> node_venv_lib_python3_12_site-packages_PyQt6_bindings["bindings"]\n    node_venv_lib_python3_12_site-packages_PyQt6_bindings --> node_venv_lib_python3_12_site-packages_PyQt6_bindings_QtMultimediaWidgets["QtMultimediaWidgets"]\n    node_venv_lib_python3_12_site-packages_PyQt6_bindings_QtMultimediaWidgets --> node_venv_lib_python3_12_site-packages_PyQt6_bindings_QtMultimediaWidgets_QtMultimediaWidgets_toml["QtMultimediaWidgets.toml"]\n    Root --> node_venv["venv"]\n    node_venv --> node_venv_lib["lib"]\n    node_venv_lib --> node_venv_lib_python3_12["python3.12"]\n    node_venv_lib_python3_12 --> node_venv_lib_python3_12_site-packages["site-packages"]\n    node_venv_lib_python3_12_site-packages --> node_venv_lib_python3_12_site-packages_PyQt6["PyQt6"]\n    node_venv_lib_python3_12_site-packages_PyQt6 --> node_venv_lib_python3_12_site-packages_PyQt6_bindings["bindings"]\n    node_venv_lib_python3_12_site-packages_PyQt6_bindings --> node_venv_lib_python3_12_site-packages_PyQt6_bindings_QtMultimediaWidgets["QtMultimediaWidgets"]\n    node_venv_lib_python3_12_site-packages_PyQt6_bindings_QtMultimediaWidgets --> node_venv_lib_python3_12_site-packages_PyQt6_bindings_QtMultimediaWidgets_QtMultimediaWidgetsmod_sip["QtMultimediaWidgetsmod.sip"]\n    Root --> node_venv["venv"]\n    node_venv --> node_venv_lib["lib"]\n    node_venv_lib --> node_venv_lib_python3_12["python3.12"]\n    node_venv_lib_python3_12 --> node_venv_lib_python3_12_site-packages["site-packages"]\n    node_venv_lib_python3_12_site-packages --> node_venv_lib_python3_12_site-packages_PyQt6["PyQt6"]\n    node_venv_lib_python3_12_site-packages_PyQt6 --> node_venv_lib_python3_12_site-packages_PyQt6_bindings["bindings"]\n    node_venv_lib_python3_12_site-packages_PyQt6_bindings --> node_venv_lib_python3_12_site-packages_PyQt6_bindings_QtMultimediaWidgets["QtMultimediaWidgets"]\n    node_venv_lib_python3_12_site-packages_PyQt6_bindings_QtMultimediaWidgets --> node_venv_lib_python3_12_site-packages_PyQt6_bindings_QtMultimediaWidgets_qgraphicsvideoitem_sip["qgraphicsvideoitem.sip"]\n    Root --> node_venv["venv"]\n    node_venv --> node_venv_lib["lib"]\n    node_venv_lib --> node_venv_lib_python3_12["python3.12"]\n    node_venv_lib_python3_12 --> node_venv_lib_python3_12_site-packages["site-packages"]\n    node_venv_lib_python3_12_site-packages --> node_venv_lib_python3_12_site-packages_PyQt6["PyQt6"]\n    node_venv_lib_python3_12_site-packages_PyQt6 --> node_venv_lib_python3_12_site-packages_PyQt6_bindings["bindings"]\n    node_venv_lib_python3_12_site-packages_PyQt6_bindings --> node_venv_lib_python3_12_site-packages_PyQt6_bindings_QtMultimediaWidgets["QtMultimediaWidgets"]\n    node_venv_lib_python3_12_site-packages_PyQt6_bindings_QtMultimediaWidgets --> node_venv_lib_python3_12_site-packages_PyQt6_bindings_QtMultimediaWidgets_qvideowidget_sip["qvideowidget.sip"]\n    Root --> node_venv["venv"]\n    node_venv --> node_venv_lib["lib"]\n    node_venv_lib --> node_venv_lib_python3_12["python3.12"]\n    node_venv_lib_python3_12 --> node_venv_lib_python3_12_site-packages["site-packages"]\n    node_venv_lib_python3_12_site-packages --> node_venv_lib_python3_12_site-packages_PyQt6["PyQt6"]\n    node_venv_lib_python3_12_site-packages_PyQt6 --> node_venv_lib_python3_12_site-packages_PyQt6_bindings["bindings"]\n    node_venv_lib_python3_12_site-packages_PyQt6_bindings --> node_venv_lib_python3_12_site-packages_PyQt6_bindings_QtTest["QtTest"]\n    node_venv_lib_python3_12_site-packages_PyQt6_bindings_QtTest --> node_venv_lib_python3_12_site-packages_PyQt6_bindings_QtTest_QtTest_toml["QtTest.toml"]\n    Root --> node_venv["venv"]\n    node_venv --> node_venv_lib["lib"]\n    node_venv_lib --> node_venv_lib_python3_12["python3.12"]\n    node_venv_lib_python3_12 --> node_venv_lib_python3_12_site-packages["site-packages"]\n    node_venv_lib_python3_12_site-packages --> node_venv_lib_python3_12_site-packages_PyQt6["PyQt6"]\n    node_venv_lib_python3_12_site-packages_PyQt6 --> node_venv_lib_python3_12_site-packages_PyQt6_bindings["bindings"]\n    node_venv_lib_python3_12_site-packages_PyQt6_bindings --> node_venv_lib_python3_12_site-packages_PyQt6_bindings_QtTest["QtTest"]\n    node_venv_lib_python3_12_site-packages_PyQt6_bindings_QtTest --> node_venv_lib_python3_12_site-packages_PyQt6_bindings_QtTest_QtTestmod_sip["QtTestmod.sip"]\n    Root --> node_venv["venv"]\n    node_venv --> node_venv_lib["lib"]\n    node_venv_lib --> node_venv_lib_python3_12["python3.12"]\n    node_venv_lib_python3_12 --> node_venv_lib_python3_12_site-packages["site-packages"]\n    node_venv_lib_python3_12_site-packages --> node_venv_lib_python3_12_site-packages_PyQt6["PyQt6"]\n    node_venv_lib_python3_12_site-packages_PyQt6 --> node_venv_lib_python3_12_site-packages_PyQt6_bindings["bindings"]\n    node_venv_lib_python3_12_site-packages_PyQt6_bindings --> node_venv_lib_python3_12_site-packages_PyQt6_bindings_QtTest["QtTest"]\n    node_venv_lib_python3_12_site-packages_PyQt6_bindings_QtTest --> node_venv_lib_python3_12_site-packages_PyQt6_bindings_QtTest_qabstractitemmodeltester_sip["qabstractitemmodeltester.sip"]\n    Root --> node_venv["venv"]\n    node_venv --> node_venv_lib["lib"]\n    node_venv_lib --> node_venv_lib_python3_12["python3.12"]\n    node_venv_lib_python3_12 --> node_venv_lib_python3_12_site-packages["site-packages"]\n    node_venv_lib_python3_12_site-packages --> node_venv_lib_python3_12_site-packages_PyQt6["PyQt6"]\n    node_venv_lib_python3_12_site-packages_PyQt6 --> node_venv_lib_python3_12_site-packages_PyQt6_bindings["bindings"]\n    node_venv_lib_python3_12_site-packages_PyQt6_bindings --> node_venv_lib_python3_12_site-packages_PyQt6_bindings_QtTest["QtTest"]\n    node_venv_lib_python3_12_site-packages_PyQt6_bindings_QtTest --> node_venv_lib_python3_12_site-packages_PyQt6_bindings_QtTest_qsignalspy_sip["qsignalspy.sip"]\n    Root --> node_venv["venv"]\n    node_venv --> node_venv_lib["lib"]\n    node_venv_lib --> node_venv_lib_python3_12["python3.12"]\n    node_venv_lib_python3_12 --> node_venv_lib_python3_12_site-packages["site-packages"]\n    node_venv_lib_python3_12_site-packages --> node_venv_lib_python3_12_site-packages_PyQt6["PyQt6"]\n    node_venv_lib_python3_12_site-packages_PyQt6 --> node_venv_lib_python3_12_site-packages_PyQt6_bindings["bindings"]\n    node_venv_lib_python3_12_site-packages_PyQt6_bindings --> node_venv_lib_python3_12_site-packages_PyQt6_bindings_QtTest["QtTest"]\n    node_venv_lib_python3_12_site-packages_PyQt6_bindings_QtTest --> node_venv_lib_python3_12_site-packages_PyQt6_bindings_QtTest_qtestkeyboard_sip["qtestkeyboard.sip"]\n    Root --> node_venv["venv"]\n    node_venv --> node_venv_lib["lib"]\n    node_venv_lib --> node_venv_lib_python3_12["python3.12"]\n    node_venv_lib_python3_12 --> node_venv_lib_python3_12_site-packages["site-packages"]\n    node_venv_lib_python3_12_site-packages --> node_venv_lib_python3_12_site-packages_PyQt6["PyQt6"]\n    node_venv_lib_python3_12_site-packages_PyQt6 --> node_venv_lib_python3_12_site-packages_PyQt6_bindings["bindings"]\n    node_venv_lib_python3_12_site-packages_PyQt6_bindings --> node_venv_lib_python3_12_site-packages_PyQt6_bindings_QtTest["QtTest"]\n    node_venv_lib_python3_12_site-packages_PyQt6_bindings_QtTest --> node_venv_lib_python3_12_site-packages_PyQt6_bindings_QtTest_qtestmouse_sip["qtestmouse.sip"]\n    Root --> node_venv["venv"]\n    node_venv --> node_venv_lib["lib"]\n    node_venv_lib --> node_venv_lib_python3_12["python3.12"]\n    node_venv_lib_python3_12 --> node_venv_lib_python3_12_site-packages["site-packages"]\n    node_venv_lib_python3_12_site-packages --> node_venv_lib_python3_12_site-packages_PyQt6["PyQt6"]\n    node_venv_lib_python3_12_site-packages_PyQt6 --> node_venv_lib_python3_12_site-packages_PyQt6_bindings["bindings"]\n    node_venv_lib_python3_12_site-packages_PyQt6_bindings --> node_venv_lib_python3_12_site-packages_PyQt6_bindings_QtTest["QtTest"]\n    node_venv_lib_python3_12_site-packages_PyQt6_bindings_QtTest --> node_venv_lib_python3_12_site-packages_PyQt6_bindings_QtTest_qtestsystem_sip["qtestsystem.sip"]\n    Root --> node_venv["venv"]\n    node_venv --> node_venv_lib["lib"]\n    node_venv_lib --> node_venv_lib_python3_12["python3.12"]\n    node_venv_lib_python3_12 --> node_venv_lib_python3_12_site-packages["site-packages"]\n    node_venv_lib_python3_12_site-packages --> node_venv_lib_python3_12_site-packages_PyQt6["PyQt6"]\n    node_venv_lib_python3_12_site-packages_PyQt6 --> node_venv_lib_python3_12_site-packages_PyQt6_bindings["bindings"]\n    node_venv_lib_python3_12_site-packages_PyQt6_bindings --> node_venv_lib_python3_12_site-packages_PyQt6_bindings_QtPdfWidgets["QtPdfWidgets"]\n    node_venv_lib_python3_12_site-packages_PyQt6_bindings_QtPdfWidgets --> node_venv_lib_python3_12_site-packages_PyQt6_bindings_QtPdfWidgets_QtPdfWidgets_toml["QtPdfWidgets.toml"]\n    Root --> node_venv["venv"]\n    node_venv --> node_venv_lib["lib"]\n    node_venv_lib --> node_venv_lib_python3_12["python3.12"]\n    node_venv_lib_python3_12 --> node_venv_lib_python3_12_site-packages["site-packages"]\n    node_venv_lib_python3_12_site-packages --> node_venv_lib_python3_12_site-packages_PyQt6["PyQt6"]\n    node_venv_lib_python3_12_site-packages_PyQt6 --> node_venv_lib_python3_12_site-packages_PyQt6_bindings["bindings"]\n    node_venv_lib_python3_12_site-packages_PyQt6_bindings --> node_venv_lib_python3_12_site-packages_PyQt6_bindings_QtPdfWidgets["QtPdfWidgets"]\n    node_venv_lib_python3_12_site-packages_PyQt6_bindings_QtPdfWidgets --> node_venv_lib_python3_12_site-packages_PyQt6_bindings_QtPdfWidgets_QtPdfWidgetsmod_sip["QtPdfWidgetsmod.sip"]\n    Root --> node_venv["venv"]\n    node_venv --> node_venv_lib["lib"]\n    node_venv_lib --> node_venv_lib_python3_12["python3.12"]\n    node_venv_lib_python3_12 --> node_venv_lib_python3_12_site-packages["site-packages"]\n    node_venv_lib_python3_12_site-packages --> node_venv_lib_python3_12_site-packages_PyQt6["PyQt6"]\n    node_venv_lib_python3_12_site-packages_PyQt6 --> node_venv_lib_python3_12_site-packages_PyQt6_bindings["bindings"]\n    node_venv_lib_python3_12_site-packages_PyQt6_bindings --> node_venv_lib_python3_12_site-packages_PyQt6_bindings_QtPdfWidgets["QtPdfWidgets"]\n    node_venv_lib_python3_12_site-packages_PyQt6_bindings_QtPdfWidgets --> node_venv_lib_python3_12_site-packages_PyQt6_bindings_QtPdfWidgets_qpdfpageselector_sip["qpdfpageselector.sip"]\n    Root --> node_venv["venv"]\n    node_venv --> node_venv_lib["lib"]\n    node_venv_lib --> node_venv_lib_python3_12["python3.12"]\n    node_venv_lib_python3_12 --> node_venv_lib_python3_12_site-packages["site-packages"]\n    node_venv_lib_python3_12_site-packages --> node_venv_lib_python3_12_site-packages_PyQt6["PyQt6"]\n    node_venv_lib_python3_12_site-packages_PyQt6 --> node_venv_lib_python3_12_site-packages_PyQt6_bindings["bindings"]\n    node_venv_lib_python3_12_site-packages_PyQt6_bindings --> node_venv_lib_python3_12_site-packages_PyQt6_bindings_QtPdfWidgets["QtPdfWidgets"]\n    node_venv_lib_python3_12_site-packages_PyQt6_bindings_QtPdfWidgets --> node_venv_lib_python3_12_site-packages_PyQt6_bindings_QtPdfWidgets_qpdfview_sip["qpdfview.sip"]\n\n%% Dark mode styling\nclassDef rootNode fill:#1a1a2e,stroke:#eee,stroke-width:2px,color:#fff\nclassDef fileNode fill:#16213e,stroke:#ddd,stroke-width:1px,color:#fff\nclassDef pythonFile fill:#0f3460,stroke:#4fbdba,stroke-width:2px,color:#fff\nclassDef configFile fill:#2d033b,stroke:#e0913f,stroke-width:2px,color:#fff\nclassDef docFile fill:#1e5128,stroke:#4caf50,stroke-width:2px,color:#fff\n\n%% Apply styles\nclass Root rootNode\nclass node_dockerignore fileNode\nclass node_env fileNode\nclass node_env_example fileNode\nclass node_gitignore fileNode\nclass node_Dockerfile fileNode\nclass node_LICENSE_ndaversis_txt docFile\nclass node_config_json configFile\nclass node_docker-compose_yml configFile\nclass node_final_test_results_txt docFile\nclass node_ndaversis_py pythonFile\nclass node_ndaversis_logs_py pythonFile\nclass node_ndaversis_metrics_json configFile\nclass node_ndaversis_privacy_policy_md docFile\nclass node_ndaversis_readme_md docFile\nclass node_ndaversis_requirements_txt docFile\nclass node_ndaversis_state_json configFile\nclass node_ndaversis_version_history_py pythonFile\nclass node_readme_md docFile\nclass node_task_txt docFile\nclass node_test_txt docFile\nclass node_test_config_json configFile\nclass node_test_failures_txt docFile\nclass node_test_ndaversis_py pythonFile\nclass node_test_ndaversis_readme_md docFile\nclass node_test_results_txt docFile\nclass node_venv_pyvenv_cfg fileNode\nclass node_venv_bin_Activate_ps1 fileNode\nclass node_venv_bin_activate fileNode\nclass node_venv_bin_activate_csh fileNode\nclass node_venv_bin_activate_fish fileNode\nclass node_venv_bin_pip fileNode\nclass node_venv_bin_pip3 fileNode\nclass node_venv_bin_pip3_12 fileNode\nclass node_venv_bin_pylupdate6 fileNode\nclass node_venv_bin_python fileNode\nclass node_venv_bin_python3 fileNode\nclass node_venv_bin_python3_12 fileNode\nclass node_venv_bin_pyuic6 fileNode\nclass node_venv_lib_python3_12_site-packages_pyqt6-6_10_2_dist-info_INSTALLER fileNode\nclass node_venv_lib_python3_12_site-packages_pyqt6-6_10_2_dist-info_METADATA fileNode\nclass node_venv_lib_python3_12_site-packages_pyqt6-6_10_2_dist-info_RECORD fileNode\nclass node_venv_lib_python3_12_site-packages_pyqt6-6_10_2_dist-info_REQUESTED fileNode\nclass node_venv_lib_python3_12_site-packages_pyqt6-6_10_2_dist-info_WHEEL fileNode\nclass node_venv_lib_python3_12_site-packages_pyqt6-6_10_2_dist-info_entry_points_txt docFile\nclass node_venv_lib_python3_12_site-packages_pyqt6-6_10_2_dist-info_licenses_LICENSE fileNode\nclass node_venv_lib_python3_12_site-packages_pip-25_0_1_dist-info_INSTALLER fileNode\nclass node_venv_lib_python3_12_site-packages_pip-25_0_1_dist-info_METADATA fileNode\nclass node_venv_lib_python3_12_site-packages_pip-25_0_1_dist-info_RECORD fileNode\nclass node_venv_lib_python3_12_site-packages_pip-25_0_1_dist-info_REQUESTED fileNode\nclass node_venv_lib_python3_12_site-packages_pip-25_0_1_dist-info_WHEEL fileNode\nclass node_venv_lib_python3_12_site-packages_pip-25_0_1_dist-info_entry_points_txt docFile\nclass node_venv_lib_python3_12_site-packages_pip-25_0_1_dist-info_top_level_txt docFile\nclass node_venv_lib_python3_12_site-packages_pip-25_0_1_dist-info_licenses_AUTHORS_txt docFile\nclass node_venv_lib_python3_12_site-packages_pip-25_0_1_dist-info_licenses_LICENSE_txt docFile\nclass node_venv_lib_python3_12_site-packages_pip___init___py pythonFile\nclass node_venv_lib_python3_12_site-packages_pip___main___py pythonFile\nclass node_venv_lib_python3_12_site-packages_pip___pip-runner___py pythonFile\nclass node_venv_lib_python3_12_site-packages_pip_py_typed fileNode\nclass node_venv_lib_python3_12_site-packages_pip__internal___init___py pythonFile\nclass node_venv_lib_python3_12_site-packages_pip__internal_build_env_py pythonFile\nclass node_venv_lib_python3_12_site-packages_pip__internal_cache_py pythonFile\nclass node_venv_lib_python3_12_site-packages_pip__internal_configuration_py pythonFile\nclass node_venv_lib_python3_12_site-packages_pip__internal_exceptions_py pythonFile\nclass node_venv_lib_python3_12_site-packages_pip__internal_main_py pythonFile\nclass node_venv_lib_python3_12_site-packages_pip__internal_pyproject_py pythonFile\nclass node_venv_lib_python3_12_site-packages_pip__internal_self_outdated_check_py pythonFile\nclass node_venv_lib_python3_12_site-packages_pip__internal_wheel_builder_py pythonFile\nclass node_venv_lib_python3_12_site-packages_pip__internal_network___init___py pythonFile\nclass node_venv_lib_python3_12_site-packages_pip__internal_network_auth_py pythonFile\nclass node_venv_lib_python3_12_site-packages_pip__internal_network_cache_py pythonFile\nclass node_venv_lib_python3_12_site-packages_pip__internal_network_download_py pythonFile\nclass node_venv_lib_python3_12_site-packages_pip__internal_network_lazy_wheel_py pythonFile\nclass node_venv_lib_python3_12_site-packages_pip__internal_network_session_py pythonFile\nclass node_venv_lib_python3_12_site-packages_pip__internal_network_utils_py pythonFile\nclass node_venv_lib_python3_12_site-packages_pip__internal_network_xmlrpc_py pythonFile\nclass node_venv_lib_python3_12_site-packages_pip__internal_utils___init___py pythonFile\nclass node_venv_lib_python3_12_site-packages_pip__internal_utils__jaraco_text_py pythonFile\nclass node_venv_lib_python3_12_site-packages_pip__internal_utils__log_py pythonFile\nclass node_venv_lib_python3_12_site-packages_pip__internal_utils_appdirs_py pythonFile\nclass node_venv_lib_python3_12_site-packages_pip__internal_utils_compat_py pythonFile\nclass node_venv_lib_python3_12_site-packages_pip__internal_utils_compatibility_tags_py pythonFile\nclass node_venv_lib_python3_12_site-packages_pip__internal_utils_datetime_py pythonFile\nclass node_venv_lib_python3_12_site-packages_pip__internal_utils_deprecation_py pythonFile\nclass node_venv_lib_python3_12_site-packages_pip__internal_utils_direct_url_helpers_py pythonFile\nclass node_venv_lib_python3_12_site-packages_pip__internal_utils_egg_link_py pythonFile\nclass node_venv_lib_python3_12_site-packages_pip__internal_utils_entrypoints_py pythonFile\nclass node_venv_lib_python3_12_site-packages_pip__internal_utils_filesystem_py pythonFile\nclass node_venv_lib_python3_12_site-packages_pip__internal_utils_filetypes_py pythonFile\nclass node_venv_lib_python3_12_site-packages_pip__internal_utils_glibc_py pythonFile\nclass node_venv_lib_python3_12_site-packages_pip__internal_utils_hashes_py pythonFile\nclass node_venv_lib_python3_12_site-packages_pip__internal_utils_logging_py pythonFile\nclass node_venv_lib_python3_12_site-packages_pip__internal_utils_misc_py pythonFile\nclass node_venv_lib_python3_12_site-packages_pip__internal_utils_packaging_py pythonFile\nclass node_venv_lib_python3_12_site-packages_pip__internal_utils_retry_py pythonFile\nclass node_venv_lib_python3_12_site-packages_pip__internal_utils_setuptools_build_py pythonFile\nclass node_venv_lib_python3_12_site-packages_pip__internal_utils_subprocess_py pythonFile\nclass node_venv_lib_python3_12_site-packages_pip__internal_utils_temp_dir_py pythonFile\nclass node_venv_lib_python3_12_site-packages_pip__internal_utils_unpacking_py pythonFile\nclass node_venv_lib_python3_12_site-packages_pip__internal_utils_urls_py pythonFile\nclass node_venv_lib_python3_12_site-packages_pip__internal_utils_virtualenv_py pythonFile\nclass node_venv_lib_python3_12_site-packages_pip__internal_utils_wheel_py pythonFile\nclass node_venv_lib_python3_12_site-packages_pip__internal_models___init___py pythonFile\nclass node_venv_lib_python3_12_site-packages_pip__internal_models_candidate_py pythonFile\nclass node_venv_lib_python3_12_site-packages_pip__internal_models_direct_url_py pythonFile\nclass node_venv_lib_python3_12_site-packages_pip__internal_models_format_control_py pythonFile\nclass node_venv_lib_python3_12_site-packages_pip__internal_models_index_py pythonFile\nclass node_venv_lib_python3_12_site-packages_pip__internal_models_installation_report_py pythonFile\nclass node_venv_lib_python3_12_site-packages_pip__internal_models_link_py pythonFile\nclass node_venv_lib_python3_12_site-packages_pip__internal_models_scheme_py pythonFile\nclass node_venv_lib_python3_12_site-packages_pip__internal_models_search_scope_py pythonFile\nclass node_venv_lib_python3_12_site-packages_pip__internal_models_selection_prefs_py pythonFile\nclass node_venv_lib_python3_12_site-packages_pip__internal_models_target_python_py pythonFile\nclass node_venv_lib_python3_12_site-packages_pip__internal_models_wheel_py pythonFile\nclass node_venv_lib_python3_12_site-packages_pip__internal_cli___init___py pythonFile\nclass node_venv_lib_python3_12_site-packages_pip__internal_cli_autocompletion_py pythonFile\nclass node_venv_lib_python3_12_site-packages_pip__internal_cli_base_command_py pythonFile\nclass node_venv_lib_python3_12_site-packages_pip__internal_cli_cmdoptions_py pythonFile\nclass node_venv_lib_python3_12_site-packages_pip__internal_cli_command_context_py pythonFile\nclass node_venv_lib_python3_12_site-packages_pip__internal_cli_index_command_py pythonFile\nclass node_venv_lib_python3_12_site-packages_pip__internal_cli_main_py pythonFile\nclass node_venv_lib_python3_12_site-packages_pip__internal_cli_main_parser_py pythonFile\nclass node_venv_lib_python3_12_site-packages_pip__internal_cli_parser_py pythonFile\nclass node_venv_lib_python3_12_site-packages_pip__internal_cli_progress_bars_py pythonFile\nclass node_venv_lib_python3_12_site-packages_pip__internal_cli_req_command_py pythonFile\nclass node_venv_lib_python3_12_site-packages_pip__internal_cli_spinners_py pythonFile\nclass node_venv_lib_python3_12_site-packages_pip__internal_cli_status_codes_py pythonFile\nclass node_venv_lib_python3_12_site-packages_pip__internal_operations___init___py pythonFile\nclass node_venv_lib_python3_12_site-packages_pip__internal_operations_check_py pythonFile\nclass node_venv_lib_python3_12_site-packages_pip__internal_operations_freeze_py pythonFile\nclass node_venv_lib_python3_12_site-packages_pip__internal_operations_prepare_py pythonFile\nclass node_venv_lib_python3_12_site-packages_pip__internal_operations_install___init___py pythonFile\nclass node_venv_lib_python3_12_site-packages_pip__internal_operations_install_editable_legacy_py pythonFile\nclass node_venv_lib_python3_12_site-packages_pip__internal_operations_install_wheel_py pythonFile\nclass node_venv_lib_python3_12_site-packages_pip__internal_operations_build___init___py pythonFile\nclass node_venv_lib_python3_12_site-packages_pip__internal_operations_build_build_tracker_py pythonFile\nclass node_venv_lib_python3_12_site-packages_pip__internal_operations_build_metadata_py pythonFile\nclass node_venv_lib_python3_12_site-packages_pip__internal_operations_build_metadata_editable_py pythonFile\nclass node_venv_lib_python3_12_site-packages_pip__internal_operations_build_metadata_legacy_py pythonFile\nclass node_venv_lib_python3_12_site-packages_pip__internal_operations_build_wheel_py pythonFile\nclass node_venv_lib_python3_12_site-packages_pip__internal_operations_build_wheel_editable_py pythonFile\nclass node_venv_lib_python3_12_site-packages_pip__internal_operations_build_wheel_legacy_py pythonFile\nclass node_venv_lib_python3_12_site-packages_pip__internal_req___init___py pythonFile\nclass node_venv_lib_python3_12_site-packages_pip__internal_req_constructors_py pythonFile\nclass node_venv_lib_python3_12_site-packages_pip__internal_req_req_file_py pythonFile\nclass node_venv_lib_python3_12_site-packages_pip__internal_req_req_install_py pythonFile\nclass node_venv_lib_python3_12_site-packages_pip__internal_req_req_set_py pythonFile\nclass node_venv_lib_python3_12_site-packages_pip__internal_req_req_uninstall_py pythonFile\nclass node_venv_lib_python3_12_site-packages_pip__internal_resolution___init___py pythonFile\nclass node_venv_lib_python3_12_site-packages_pip__internal_resolution_base_py pythonFile\nclass node_venv_lib_python3_12_site-packages_pip__internal_resolution_legacy___init___py pythonFile\nclass node_venv_lib_python3_12_site-packages_pip__internal_resolution_legacy_resolver_py pythonFile\nclass node_venv_lib_python3_12_site-packages_pip__internal_resolution_resolvelib___init___py pythonFile\nclass node_venv_lib_python3_12_site-packages_pip__internal_resolution_resolvelib_base_py pythonFile\nclass node_venv_lib_python3_12_site-packages_pip__internal_resolution_resolvelib_candidates_py pythonFile\nclass node_venv_lib_python3_12_site-packages_pip__internal_resolution_resolvelib_factory_py pythonFile\nclass node_venv_lib_python3_12_site-packages_pip__internal_resolution_resolvelib_found_candidates_py pythonFile\nclass node_venv_lib_python3_12_site-packages_pip__internal_resolution_resolvelib_provider_py pythonFile\nclass node_venv_lib_python3_12_site-packages_pip__internal_resolution_resolvelib_reporter_py pythonFile\nclass node_venv_lib_python3_12_site-packages_pip__internal_resolution_resolvelib_requirements_py pythonFile\nclass node_venv_lib_python3_12_site-packages_pip__internal_resolution_resolvelib_resolver_py pythonFile\nclass node_venv_lib_python3_12_site-packages_pip__internal_vcs___init___py pythonFile\nclass node_venv_lib_python3_12_site-packages_pip__internal_vcs_bazaar_py pythonFile\nclass node_venv_lib_python3_12_site-packages_pip__internal_vcs_git_py pythonFile\nclass node_venv_lib_python3_12_site-packages_pip__internal_vcs_mercurial_py pythonFile\nclass node_venv_lib_python3_12_site-packages_pip__internal_vcs_subversion_py pythonFile\nclass node_venv_lib_python3_12_site-packages_pip__internal_vcs_versioncontrol_py pythonFile\nclass node_venv_lib_python3_12_site-packages_pip__internal_locations___init___py pythonFile\nclass node_venv_lib_python3_12_site-packages_pip__internal_locations__distutils_py pythonFile\nclass node_venv_lib_python3_12_site-packages_pip__internal_locations__sysconfig_py pythonFile\nclass node_venv_lib_python3_12_site-packages_pip__internal_locations_base_py pythonFile\nclass node_venv_lib_python3_12_site-packages_pip__internal_index___init___py pythonFile\nclass node_venv_lib_python3_12_site-packages_pip__internal_index_collector_py pythonFile\nclass node_venv_lib_python3_12_site-packages_pip__internal_index_package_finder_py pythonFile\nclass node_venv_lib_python3_12_site-packages_pip__internal_index_sources_py pythonFile\nclass node_venv_lib_python3_12_site-packages_pip__internal_commands___init___py pythonFile\nclass node_venv_lib_python3_12_site-packages_pip__internal_commands_cache_py pythonFile\nclass node_venv_lib_python3_12_site-packages_pip__internal_commands_check_py pythonFile\nclass node_venv_lib_python3_12_site-packages_pip__internal_commands_completion_py pythonFile\nclass node_venv_lib_python3_12_site-packages_pip__internal_commands_configuration_py pythonFile\nclass node_venv_lib_python3_12_site-packages_pip__internal_commands_debug_py pythonFile\nclass node_venv_lib_python3_12_site-packages_pip__internal_commands_download_py pythonFile\nclass node_venv_lib_python3_12_site-packages_pip__internal_commands_freeze_py pythonFile\nclass node_venv_lib_python3_12_site-packages_pip__internal_commands_hash_py pythonFile\nclass node_venv_lib_python3_12_site-packages_pip__internal_commands_help_py pythonFile\nclass node_venv_lib_python3_12_site-packages_pip__internal_commands_index_py pythonFile\nclass node_venv_lib_python3_12_site-packages_pip__internal_commands_inspect_py pythonFile\nclass node_venv_lib_python3_12_site-packages_pip__internal_commands_install_py pythonFile\nclass node_venv_lib_python3_12_site-packages_pip__internal_commands_list_py pythonFile\nclass node_venv_lib_python3_12_site-packages_pip__internal_commands_search_py pythonFile\nclass node_venv_lib_python3_12_site-packages_pip__internal_commands_show_py pythonFile\nclass node_venv_lib_python3_12_site-packages_pip__internal_commands_uninstall_py pythonFile\nclass node_venv_lib_python3_12_site-packages_pip__internal_commands_wheel_py pythonFile\nclass node_venv_lib_python3_12_site-packages_pip__internal_metadata___init___py pythonFile\nclass node_venv_lib_python3_12_site-packages_pip__internal_metadata__json_py pythonFile\nclass node_venv_lib_python3_12_site-packages_pip__internal_metadata_base_py pythonFile\nclass node_venv_lib_python3_12_site-packages_pip__internal_metadata_pkg_resources_py pythonFile\nclass node_venv_lib_python3_12_site-packages_pip__internal_metadata_importlib___init___py pythonFile\nclass node_venv_lib_python3_12_site-packages_pip__internal_metadata_importlib__compat_py pythonFile\nclass node_venv_lib_python3_12_site-packages_pip__internal_metadata_importlib__dists_py pythonFile\nclass node_venv_lib_python3_12_site-packages_pip__internal_metadata_importlib__envs_py pythonFile\nclass node_venv_lib_python3_12_site-packages_pip__internal_distributions___init___py pythonFile\nclass node_venv_lib_python3_12_site-packages_pip__internal_distributions_base_py pythonFile\nclass node_venv_lib_python3_12_site-packages_pip__internal_distributions_installed_py pythonFile\nclass node_venv_lib_python3_12_site-packages_pip__internal_distributions_sdist_py pythonFile\nclass node_venv_lib_python3_12_site-packages_pip__internal_distributions_wheel_py pythonFile\nclass node_venv_lib_python3_12_site-packages_pip__vendor___init___py pythonFile\nclass node_venv_lib_python3_12_site-packages_pip__vendor_typing_extensions_py pythonFile\nclass node_venv_lib_python3_12_site-packages_pip__vendor_vendor_txt docFile\nclass node_venv_lib_python3_12_site-packages_pip__vendor_packaging___init___py pythonFile\nclass node_venv_lib_python3_12_site-packages_pip__vendor_packaging__elffile_py pythonFile\nclass node_venv_lib_python3_12_site-packages_pip__vendor_packaging__manylinux_py pythonFile\nclass node_venv_lib_python3_12_site-packages_pip__vendor_packaging__musllinux_py pythonFile\nclass node_venv_lib_python3_12_site-packages_pip__vendor_packaging__parser_py pythonFile\nclass node_venv_lib_python3_12_site-packages_pip__vendor_packaging__structures_py pythonFile\nclass node_venv_lib_python3_12_site-packages_pip__vendor_packaging__tokenizer_py pythonFile\nclass node_venv_lib_python3_12_site-packages_pip__vendor_packaging_markers_py pythonFile\nclass node_venv_lib_python3_12_site-packages_pip__vendor_packaging_metadata_py pythonFile\nclass node_venv_lib_python3_12_site-packages_pip__vendor_packaging_py_typed fileNode\nclass node_venv_lib_python3_12_site-packages_pip__vendor_packaging_requirements_py pythonFile\nclass node_venv_lib_python3_12_site-packages_pip__vendor_packaging_specifiers_py pythonFile\nclass node_venv_lib_python3_12_site-packages_pip__vendor_packaging_tags_py pythonFile\nclass node_venv_lib_python3_12_site-packages_pip__vendor_packaging_utils_py pythonFile\nclass node_venv_lib_python3_12_site-packages_pip__vendor_packaging_version_py pythonFile\nclass node_venv_lib_python3_12_site-packages_pip__vendor_packaging_licenses___init___py pythonFile\nclass node_venv_lib_python3_12_site-packages_pip__vendor_packaging_licenses__spdx_py pythonFile\nclass node_venv_lib_python3_12_site-packages_pip__vendor_truststore___init___py pythonFile\nclass node_venv_lib_python3_12_site-packages_pip__vendor_truststore__api_py pythonFile\nclass node_venv_lib_python3_12_site-packages_pip__vendor_truststore__macos_py pythonFile\nclass node_venv_lib_python3_12_site-packages_pip__vendor_truststore__openssl_py pythonFile\nclass node_venv_lib_python3_12_site-packages_pip__vendor_truststore__ssl_constants_py pythonFile\nclass node_venv_lib_python3_12_site-packages_pip__vendor_truststore__windows_py pythonFile\nclass node_venv_lib_python3_12_site-packages_pip__vendor_truststore_py_typed fileNode\nclass node_venv_lib_python3_12_site-packages_pip__vendor_msgpack___init___py pythonFile\nclass node_venv_lib_python3_12_site-packages_pip__vendor_msgpack_exceptions_py pythonFile\nclass node_venv_lib_python3_12_site-packages_pip__vendor_msgpack_ext_py pythonFile\nclass node_venv_lib_python3_12_site-packages_pip__vendor_msgpack_fallback_py pythonFile\nclass node_venv_lib_python3_12_site-packages_pip__vendor_pygments___init___py pythonFile\nclass node_venv_lib_python3_12_site-packages_pip__vendor_pygments___main___py pythonFile\nclass node_venv_lib_python3_12_site-packages_pip__vendor_pygments_cmdline_py pythonFile\nclass node_venv_lib_python3_12_site-packages_pip__vendor_pygments_console_py pythonFile\nclass node_venv_lib_python3_12_site-packages_pip__vendor_pygments_filter_py pythonFile\nclass node_venv_lib_python3_12_site-packages_pip__vendor_pygments_formatter_py pythonFile\nclass node_venv_lib_python3_12_site-packages_pip__vendor_pygments_lexer_py pythonFile\nclass node_venv_lib_python3_12_site-packages_pip__vendor_pygments_modeline_py pythonFile\nclass node_venv_lib_python3_12_site-packages_pip__vendor_pygments_plugin_py pythonFile\nclass node_venv_lib_python3_12_site-packages_pip__vendor_pygments_regexopt_py pythonFile\nclass node_venv_lib_python3_12_site-packages_pip__vendor_pygments_scanner_py pythonFile\nclass node_venv_lib_python3_12_site-packages_pip__vendor_pygments_sphinxext_py pythonFile\nclass node_venv_lib_python3_12_site-packages_pip__vendor_pygments_style_py pythonFile\nclass node_venv_lib_python3_12_site-packages_pip__vendor_pygments_token_py pythonFile\nclass node_venv_lib_python3_12_site-packages_pip__vendor_pygments_unistring_py pythonFile\nclass node_venv_lib_python3_12_site-packages_pip__vendor_pygments_util_py pythonFile\nclass node_venv_lib_python3_12_site-packages_pip__vendor_pygments_filters___init___py pythonFile\nclass node_venv_lib_python3_12_site-packages_pip__vendor_pygments_lexers___init___py pythonFile\nclass node_venv_lib_python3_12_site-packages_pip__vendor_pygments_lexers__mapping_py pythonFile\nclass node_venv_lib_python3_12_site-packages_pip__vendor_pygments_lexers_python_py pythonFile\nclass node_venv_lib_python3_12_site-packages_pip__vendor_pygments_formatters___init___py pythonFile\nclass node_venv_lib_python3_12_site-packages_pip__vendor_pygments_formatters__mapping_py pythonFile\nclass node_venv_lib_python3_12_site-packages_pip__vendor_pygments_formatters_bbcode_py pythonFile\nclass node_venv_lib_python3_12_site-packages_pip__vendor_pygments_formatters_groff_py pythonFile\nclass node_venv_lib_python3_12_site-packages_pip__vendor_pygments_formatters_html_py pythonFile\nclass node_venv_lib_python3_12_site-packages_pip__vendor_pygments_formatters_img_py pythonFile\nclass node_venv_lib_python3_12_site-packages_pip__vendor_pygments_formatters_irc_py pythonFile\nclass node_venv_lib_python3_12_site-packages_pip__vendor_pygments_formatters_latex_py pythonFile\nclass node_venv_lib_python3_12_site-packages_pip__vendor_pygments_formatters_other_py pythonFile\nclass node_venv_lib_python3_12_site-packages_pip__vendor_pygments_formatters_pangomarkup_py pythonFile\nclass node_venv_lib_python3_12_site-packages_pip__vendor_pygments_formatters_rtf_py pythonFile\nclass node_venv_lib_python3_12_site-packages_pip__vendor_pygments_formatters_svg_py pythonFile\nclass node_venv_lib_python3_12_site-packages_pip__vendor_pygments_formatters_terminal_py pythonFile\nclass node_venv_lib_python3_12_site-packages_pip__vendor_pygments_formatters_terminal256_py pythonFile\nclass node_venv_lib_python3_12_site-packages_pip__vendor_pygments_styles___init___py pythonFile\nclass node_venv_lib_python3_12_site-packages_pip__vendor_pygments_styles__mapping_py pythonFile\nclass node_venv_lib_python3_12_site-packages_pip__vendor_distlib___init___py pythonFile\nclass node_venv_lib_python3_12_site-packages_pip__vendor_distlib_compat_py pythonFile\nclass node_venv_lib_python3_12_site-packages_pip__vendor_distlib_database_py pythonFile\nclass node_venv_lib_python3_12_site-packages_pip__vendor_distlib_index_py pythonFile\nclass node_venv_lib_python3_12_site-packages_pip__vendor_distlib_locators_py pythonFile\nclass node_venv_lib_python3_12_site-packages_pip__vendor_distlib_manifest_py pythonFile\nclass node_venv_lib_python3_12_site-packages_pip__vendor_distlib_markers_py pythonFile\nclass node_venv_lib_python3_12_site-packages_pip__vendor_distlib_metadata_py pythonFile\nclass node_venv_lib_python3_12_site-packages_pip__vendor_distlib_resources_py pythonFile\nclass node_venv_lib_python3_12_site-packages_pip__vendor_distlib_scripts_py pythonFile\nclass node_venv_lib_python3_12_site-packages_pip__vendor_distlib_t32_exe fileNode\nclass node_venv_lib_python3_12_site-packages_pip__vendor_distlib_t64-arm_exe fileNode\nclass node_venv_lib_python3_12_site-packages_pip__vendor_distlib_t64_exe fileNode\nclass node_venv_lib_python3_12_site-packages_pip__vendor_distlib_util_py pythonFile\nclass node_venv_lib_python3_12_site-packages_pip__vendor_distlib_version_py pythonFile\nclass node_venv_lib_python3_12_site-packages_pip__vendor_distlib_w32_exe fileNode\nclass node_venv_lib_python3_12_site-packages_pip__vendor_distlib_w64-arm_exe fileNode\nclass node_venv_lib_python3_12_site-packages_pip__vendor_distlib_w64_exe fileNode\nclass node_venv_lib_python3_12_site-packages_pip__vendor_distlib_wheel_py pythonFile\nclass node_venv_lib_python3_12_site-packages_pip__vendor_distro___init___py pythonFile\nclass node_venv_lib_python3_12_site-packages_pip__vendor_distro___main___py pythonFile\nclass node_venv_lib_python3_12_site-packages_pip__vendor_distro_distro_py pythonFile\nclass node_venv_lib_python3_12_site-packages_pip__vendor_distro_py_typed fileNode\nclass node_venv_lib_python3_12_site-packages_pip__vendor_cachecontrol___init___py pythonFile\nclass node_venv_lib_python3_12_site-packages_pip__vendor_cachecontrol__cmd_py pythonFile\nclass node_venv_lib_python3_12_site-packages_pip__vendor_cachecontrol_adapter_py pythonFile\nclass node_venv_lib_python3_12_site-packages_pip__vendor_cachecontrol_cache_py pythonFile\nclass node_venv_lib_python3_12_site-packages_pip__vendor_cachecontrol_controller_py pythonFile\nclass node_venv_lib_python3_12_site-packages_pip__vendor_cachecontrol_filewrapper_py pythonFile\nclass node_venv_lib_python3_12_site-packages_pip__vendor_cachecontrol_heuristics_py pythonFile\nclass node_venv_lib_python3_12_site-packages_pip__vendor_cachecontrol_py_typed fileNode\nclass node_venv_lib_python3_12_site-packages_pip__vendor_cachecontrol_serialize_py pythonFile\nclass node_venv_lib_python3_12_site-packages_pip__vendor_cachecontrol_wrapper_py pythonFile\nclass node_venv_lib_python3_12_site-packages_pip__vendor_cachecontrol_caches___init___py pythonFile\nclass node_venv_lib_python3_12_site-packages_pip__vendor_cachecontrol_caches_file_cache_py pythonFile\nclass node_venv_lib_python3_12_site-packages_pip__vendor_cachecontrol_caches_redis_cache_py pythonFile\nclass node_venv_lib_python3_12_site-packages_pip__vendor_idna___init___py pythonFile\nclass node_venv_lib_python3_12_site-packages_pip__vendor_idna_codec_py pythonFile\nclass node_venv_lib_python3_12_site-packages_pip__vendor_idna_compat_py pythonFile\nclass node_venv_lib_python3_12_site-packages_pip__vendor_idna_core_py pythonFile\nclass node_venv_lib_python3_12_site-packages_pip__vendor_idna_idnadata_py pythonFile\nclass node_venv_lib_python3_12_site-packages_pip__vendor_idna_intranges_py pythonFile\nclass node_venv_lib_python3_12_site-packages_pip__vendor_idna_package_data_py pythonFile\nclass node_venv_lib_python3_12_site-packages_pip__vendor_idna_py_typed fileNode\nclass node_venv_lib_python3_12_site-packages_pip__vendor_idna_uts46data_py pythonFile\nclass node_venv_lib_python3_12_site-packages_pip__vendor_requests___init___py pythonFile\nclass node_venv_lib_python3_12_site-packages_pip__vendor_requests___version___py pythonFile\nclass node_venv_lib_python3_12_site-packages_pip__vendor_requests__internal_utils_py pythonFile\nclass node_venv_lib_python3_12_site-packages_pip__vendor_requests_adapters_py pythonFile\nclass node_venv_lib_python3_12_site-packages_pip__vendor_requests_api_py pythonFile\nclass node_venv_lib_python3_12_site-packages_pip__vendor_requests_auth_py pythonFile\nclass node_venv_lib_python3_12_site-packages_pip__vendor_requests_certs_py pythonFile\nclass node_venv_lib_python3_12_site-packages_pip__vendor_requests_compat_py pythonFile\nclass node_venv_lib_python3_12_site-packages_pip__vendor_requests_cookies_py pythonFile\nclass node_venv_lib_python3_12_site-packages_pip__vendor_requests_exceptions_py pythonFile\nclass node_venv_lib_python3_12_site-packages_pip__vendor_requests_help_py pythonFile\nclass node_venv_lib_python3_12_site-packages_pip__vendor_requests_hooks_py pythonFile\nclass node_venv_lib_python3_12_site-packages_pip__vendor_requests_models_py pythonFile\nclass node_venv_lib_python3_12_site-packages_pip__vendor_requests_packages_py pythonFile\nclass node_venv_lib_python3_12_site-packages_pip__vendor_requests_sessions_py pythonFile\nclass node_venv_lib_python3_12_site-packages_pip__vendor_requests_status_codes_py pythonFile\nclass node_venv_lib_python3_12_site-packages_pip__vendor_requests_structures_py pythonFile\nclass node_venv_lib_python3_12_site-packages_pip__vendor_requests_utils_py pythonFile\nclass node_venv_lib_python3_12_site-packages_pip__vendor_tomli___init___py pythonFile\nclass node_venv_lib_python3_12_site-packages_pip__vendor_tomli__parser_py pythonFile\nclass node_venv_lib_python3_12_site-packages_pip__vendor_tomli__re_py pythonFile\nclass node_venv_lib_python3_12_site-packages_pip__vendor_tomli__types_py pythonFile\nclass node_venv_lib_python3_12_site-packages_pip__vendor_tomli_py_typed fileNode\nclass node_venv_lib_python3_12_site-packages_pip__vendor_certifi___init___py pythonFile\nclass node_venv_lib_python3_12_site-packages_pip__vendor_certifi___main___py pythonFile\nclass node_venv_lib_python3_12_site-packages_pip__vendor_certifi_cacert_pem fileNode\nclass node_venv_lib_python3_12_site-packages_pip__vendor_certifi_core_py pythonFile\nclass node_venv_lib_python3_12_site-packages_pip__vendor_certifi_py_typed fileNode\nclass node_venv_lib_python3_12_site-packages_pip__vendor_pyproject_hooks___init___py pythonFile\nclass node_venv_lib_python3_12_site-packages_pip__vendor_pyproject_hooks__impl_py pythonFile\nclass node_venv_lib_python3_12_site-packages_pip__vendor_pyproject_hooks_py_typed fileNode\nclass node_venv_lib_python3_12_site-packages_pip__vendor_pyproject_hooks__in_process___init___py pythonFile\nclass node_venv_lib_python3_12_site-packages_pip__vendor_pyproject_hooks__in_process__in_process_py pythonFile\nclass node_venv_lib_python3_12_site-packages_pip__vendor_rich___init___py pythonFile\nclass node_venv_lib_python3_12_site-packages_pip__vendor_rich___main___py pythonFile\nclass node_venv_lib_python3_12_site-packages_pip__vendor_rich__cell_widths_py pythonFile\nclass node_venv_lib_python3_12_site-packages_pip__vendor_rich__emoji_codes_py pythonFile\nclass node_venv_lib_python3_12_site-packages_pip__vendor_rich__emoji_replace_py pythonFile\nclass node_venv_lib_python3_12_site-packages_pip__vendor_rich__export_format_py pythonFile\nclass node_venv_lib_python3_12_site-packages_pip__vendor_rich__extension_py pythonFile\nclass node_venv_lib_python3_12_site-packages_pip__vendor_rich__fileno_py pythonFile\nclass node_venv_lib_python3_12_site-packages_pip__vendor_rich__inspect_py pythonFile\nclass node_venv_lib_python3_12_site-packages_pip__vendor_rich__log_render_py pythonFile\nclass node_venv_lib_python3_12_site-packages_pip__vendor_rich__loop_py pythonFile\nclass node_venv_lib_python3_12_site-packages_pip__vendor_rich__null_file_py pythonFile\nclass node_venv_lib_python3_12_site-packages_pip__vendor_rich__palettes_py pythonFile\nclass node_venv_lib_python3_12_site-packages_pip__vendor_rich__pick_py pythonFile\nclass node_venv_lib_python3_12_site-packages_pip__vendor_rich__ratio_py pythonFile\nclass node_venv_lib_python3_12_site-packages_pip__vendor_rich__spinners_py pythonFile\nclass node_venv_lib_python3_12_site-packages_pip__vendor_rich__stack_py pythonFile\nclass node_venv_lib_python3_12_site-packages_pip__vendor_rich__timer_py pythonFile\nclass node_venv_lib_python3_12_site-packages_pip__vendor_rich__win32_console_py pythonFile\nclass node_venv_lib_python3_12_site-packages_pip__vendor_rich__windows_py pythonFile\nclass node_venv_lib_python3_12_site-packages_pip__vendor_rich__windows_renderer_py pythonFile\nclass node_venv_lib_python3_12_site-packages_pip__vendor_rich__wrap_py pythonFile\nclass node_venv_lib_python3_12_site-packages_pip__vendor_rich_abc_py pythonFile\nclass node_venv_lib_python3_12_site-packages_pip__vendor_rich_align_py pythonFile\nclass node_venv_lib_python3_12_site-packages_pip__vendor_rich_ansi_py pythonFile\nclass node_venv_lib_python3_12_site-packages_pip__vendor_rich_bar_py pythonFile\nclass node_venv_lib_python3_12_site-packages_pip__vendor_rich_box_py pythonFile\nclass node_venv_lib_python3_12_site-packages_pip__vendor_rich_cells_py pythonFile\nclass node_venv_lib_python3_12_site-packages_pip__vendor_rich_color_py pythonFile\nclass node_venv_lib_python3_12_site-packages_pip__vendor_rich_color_triplet_py pythonFile\nclass node_venv_lib_python3_12_site-packages_pip__vendor_rich_columns_py pythonFile\nclass node_venv_lib_python3_12_site-packages_pip__vendor_rich_console_py pythonFile\nclass node_venv_lib_python3_12_site-packages_pip__vendor_rich_constrain_py pythonFile\nclass node_venv_lib_python3_12_site-packages_pip__vendor_rich_containers_py pythonFile\nclass node_venv_lib_python3_12_site-packages_pip__vendor_rich_control_py pythonFile\nclass node_venv_lib_python3_12_site-packages_pip__vendor_rich_default_styles_py pythonFile\nclass node_venv_lib_python3_12_site-packages_pip__vendor_rich_diagnose_py pythonFile\nclass node_venv_lib_python3_12_site-packages_pip__vendor_rich_emoji_py pythonFile\nclass node_venv_lib_python3_12_site-packages_pip__vendor_rich_errors_py pythonFile\nclass node_venv_lib_python3_12_site-packages_pip__vendor_rich_file_proxy_py pythonFile\nclass node_venv_lib_python3_12_site-packages_pip__vendor_rich_filesize_py pythonFile\nclass node_venv_lib_python3_12_site-packages_pip__vendor_rich_highlighter_py pythonFile\nclass node_venv_lib_python3_12_site-packages_pip__vendor_rich_json_py pythonFile\nclass node_venv_lib_python3_12_site-packages_pip__vendor_rich_jupyter_py pythonFile\nclass node_venv_lib_python3_12_site-packages_pip__vendor_rich_layout_py pythonFile\nclass node_venv_lib_python3_12_site-packages_pip__vendor_rich_live_py pythonFile\nclass node_venv_lib_python3_12_site-packages_pip__vendor_rich_live_render_py pythonFile\nclass node_venv_lib_python3_12_site-packages_pip__vendor_rich_logging_py pythonFile\nclass node_venv_lib_python3_12_site-packages_pip__vendor_rich_markup_py pythonFile\nclass node_venv_lib_python3_12_site-packages_pip__vendor_rich_measure_py pythonFile\nclass node_venv_lib_python3_12_site-packages_pip__vendor_rich_padding_py pythonFile\nclass node_venv_lib_python3_12_site-packages_pip__vendor_rich_pager_py pythonFile\nclass node_venv_lib_python3_12_site-packages_pip__vendor_rich_palette_py pythonFile\nclass node_venv_lib_python3_12_site-packages_pip__vendor_rich_panel_py pythonFile\nclass node_venv_lib_python3_12_site-packages_pip__vendor_rich_pretty_py pythonFile\nclass node_venv_lib_python3_12_site-packages_pip__vendor_rich_progress_py pythonFile\nclass node_venv_lib_python3_12_site-packages_pip__vendor_rich_progress_bar_py pythonFile\nclass node_venv_lib_python3_12_site-packages_pip__vendor_rich_prompt_py pythonFile\nclass node_venv_lib_python3_12_site-packages_pip__vendor_rich_protocol_py pythonFile\nclass node_venv_lib_python3_12_site-packages_pip__vendor_rich_py_typed fileNode\nclass node_venv_lib_python3_12_site-packages_pip__vendor_rich_region_py pythonFile\nclass node_venv_lib_python3_12_site-packages_pip__vendor_rich_repr_py pythonFile\nclass node_venv_lib_python3_12_site-packages_pip__vendor_rich_rule_py pythonFile\nclass node_venv_lib_python3_12_site-packages_pip__vendor_rich_scope_py pythonFile\nclass node_venv_lib_python3_12_site-packages_pip__vendor_rich_screen_py pythonFile\nclass node_venv_lib_python3_12_site-packages_pip__vendor_rich_segment_py pythonFile\nclass node_venv_lib_python3_12_site-packages_pip__vendor_rich_spinner_py pythonFile\nclass node_venv_lib_python3_12_site-packages_pip__vendor_rich_status_py pythonFile\nclass node_venv_lib_python3_12_site-packages_pip__vendor_rich_style_py pythonFile\nclass node_venv_lib_python3_12_site-packages_pip__vendor_rich_styled_py pythonFile\nclass node_venv_lib_python3_12_site-packages_pip__vendor_rich_syntax_py pythonFile\nclass node_venv_lib_python3_12_site-packages_pip__vendor_rich_table_py pythonFile\nclass node_venv_lib_python3_12_site-packages_pip__vendor_rich_terminal_theme_py pythonFile\nclass node_venv_lib_python3_12_site-packages_pip__vendor_rich_text_py pythonFile\nclass node_venv_lib_python3_12_site-packages_pip__vendor_rich_theme_py pythonFile\nclass node_venv_lib_python3_12_site-packages_pip__vendor_rich_themes_py pythonFile\nclass node_venv_lib_python3_12_site-packages_pip__vendor_rich_traceback_py pythonFile\nclass node_venv_lib_python3_12_site-packages_pip__vendor_rich_tree_py pythonFile\nclass node_venv_lib_python3_12_site-packages_pip__vendor_urllib3___init___py pythonFile\nclass node_venv_lib_python3_12_site-packages_pip__vendor_urllib3__collections_py pythonFile\nclass node_venv_lib_python3_12_site-packages_pip__vendor_urllib3__version_py pythonFile\nclass node_venv_lib_python3_12_site-packages_pip__vendor_urllib3_connection_py pythonFile\nclass node_venv_lib_python3_12_site-packages_pip__vendor_urllib3_connectionpool_py pythonFile\nclass node_venv_lib_python3_12_site-packages_pip__vendor_urllib3_exceptions_py pythonFile\nclass node_venv_lib_python3_12_site-packages_pip__vendor_urllib3_fields_py pythonFile\nclass node_venv_lib_python3_12_site-packages_pip__vendor_urllib3_filepost_py pythonFile\nclass node_venv_lib_python3_12_site-packages_pip__vendor_urllib3_poolmanager_py pythonFile\nclass node_venv_lib_python3_12_site-packages_pip__vendor_urllib3_request_py pythonFile\nclass node_venv_lib_python3_12_site-packages_pip__vendor_urllib3_response_py pythonFile\nclass node_venv_lib_python3_12_site-packages_pip__vendor_urllib3_util___init___py pythonFile\nclass node_venv_lib_python3_12_site-packages_pip__vendor_urllib3_util_connection_py pythonFile\nclass node_venv_lib_python3_12_site-packages_pip__vendor_urllib3_util_proxy_py pythonFile\nclass node_venv_lib_python3_12_site-packages_pip__vendor_urllib3_util_queue_py pythonFile\nclass node_venv_lib_python3_12_site-packages_pip__vendor_urllib3_util_request_py pythonFile\nclass node_venv_lib_python3_12_site-packages_pip__vendor_urllib3_util_response_py pythonFile\nclass node_venv_lib_python3_12_site-packages_pip__vendor_urllib3_util_retry_py pythonFile\nclass node_venv_lib_python3_12_site-packages_pip__vendor_urllib3_util_ssl__py pythonFile\nclass node_venv_lib_python3_12_site-packages_pip__vendor_urllib3_util_ssl_match_hostname_py pythonFile\nclass node_venv_lib_python3_12_site-packages_pip__vendor_urllib3_util_ssltransport_py pythonFile\nclass node_venv_lib_python3_12_site-packages_pip__vendor_urllib3_util_timeout_py pythonFile\nclass node_venv_lib_python3_12_site-packages_pip__vendor_urllib3_util_url_py pythonFile\nclass node_venv_lib_python3_12_site-packages_pip__vendor_urllib3_util_wait_py pythonFile\nclass node_venv_lib_python3_12_site-packages_pip__vendor_urllib3_contrib___init___py pythonFile\nclass node_venv_lib_python3_12_site-packages_pip__vendor_urllib3_contrib__appengine_environ_py pythonFile\nclass node_venv_lib_python3_12_site-packages_pip__vendor_urllib3_contrib_appengine_py pythonFile\nclass node_venv_lib_python3_12_site-packages_pip__vendor_urllib3_contrib_ntlmpool_py pythonFile\nclass node_venv_lib_python3_12_site-packages_pip__vendor_urllib3_contrib_pyopenssl_py pythonFile\nclass node_venv_lib_python3_12_site-packages_pip__vendor_urllib3_contrib_securetransport_py pythonFile\nclass node_venv_lib_python3_12_site-packages_pip__vendor_urllib3_contrib_socks_py pythonFile\nclass node_venv_lib_python3_12_site-packages_pip__vendor_urllib3_contrib__securetransport___init___py pythonFile\nclass node_venv_lib_python3_12_site-packages_pip__vendor_urllib3_contrib__securetransport_bindings_py pythonFile\nclass node_venv_lib_python3_12_site-packages_pip__vendor_urllib3_contrib__securetransport_low_level_py pythonFile\nclass node_venv_lib_python3_12_site-packages_pip__vendor_urllib3_packages___init___py pythonFile\nclass node_venv_lib_python3_12_site-packages_pip__vendor_urllib3_packages_six_py pythonFile\nclass node_venv_lib_python3_12_site-packages_pip__vendor_urllib3_packages_backports___init___py pythonFile\nclass node_venv_lib_python3_12_site-packages_pip__vendor_urllib3_packages_backports_makefile_py pythonFile\nclass node_venv_lib_python3_12_site-packages_pip__vendor_urllib3_packages_backports_weakref_finalize_py pythonFile\nclass node_venv_lib_python3_12_site-packages_pip__vendor_pkg_resources___init___py pythonFile\nclass node_venv_lib_python3_12_site-packages_pip__vendor_resolvelib___init___py pythonFile\nclass node_venv_lib_python3_12_site-packages_pip__vendor_resolvelib_providers_py pythonFile\nclass node_venv_lib_python3_12_site-packages_pip__vendor_resolvelib_py_typed fileNode\nclass node_venv_lib_python3_12_site-packages_pip__vendor_resolvelib_reporters_py pythonFile\nclass node_venv_lib_python3_12_site-packages_pip__vendor_resolvelib_resolvers_py pythonFile\nclass node_venv_lib_python3_12_site-packages_pip__vendor_resolvelib_structs_py pythonFile\nclass node_venv_lib_python3_12_site-packages_pip__vendor_resolvelib_compat___init___py pythonFile\nclass node_venv_lib_python3_12_site-packages_pip__vendor_resolvelib_compat_collections_abc_py pythonFile\nclass node_venv_lib_python3_12_site-packages_pip__vendor_platformdirs___init___py pythonFile\nclass node_venv_lib_python3_12_site-packages_pip__vendor_platformdirs___main___py pythonFile\nclass node_venv_lib_python3_12_site-packages_pip__vendor_platformdirs_android_py pythonFile\nclass node_venv_lib_python3_12_site-packages_pip__vendor_platformdirs_api_py pythonFile\nclass node_venv_lib_python3_12_site-packages_pip__vendor_platformdirs_macos_py pythonFile\nclass node_venv_lib_python3_12_site-packages_pip__vendor_platformdirs_py_typed fileNode\nclass node_venv_lib_python3_12_site-packages_pip__vendor_platformdirs_unix_py pythonFile\nclass node_venv_lib_python3_12_site-packages_pip__vendor_platformdirs_version_py pythonFile\nclass node_venv_lib_python3_12_site-packages_pip__vendor_platformdirs_windows_py pythonFile\nclass node_venv_lib_python3_12_site-packages_pyqt6_qt6-6_10_2_dist-info_INSTALLER fileNode\nclass node_venv_lib_python3_12_site-packages_pyqt6_qt6-6_10_2_dist-info_LICENSE fileNode\nclass node_venv_lib_python3_12_site-packages_pyqt6_qt6-6_10_2_dist-info_METADATA fileNode\nclass node_venv_lib_python3_12_site-packages_pyqt6_qt6-6_10_2_dist-info_RECORD fileNode\nclass node_venv_lib_python3_12_site-packages_pyqt6_qt6-6_10_2_dist-info_WHEEL fileNode\nclass node_venv_lib_python3_12_site-packages_pyqt6_sip-13_11_0_dist-info_INSTALLER fileNode\nclass node_venv_lib_python3_12_site-packages_pyqt6_sip-13_11_0_dist-info_METADATA fileNode\nclass node_venv_lib_python3_12_site-packages_pyqt6_sip-13_11_0_dist-info_RECORD fileNode\nclass node_venv_lib_python3_12_site-packages_pyqt6_sip-13_11_0_dist-info_WHEEL fileNode\nclass node_venv_lib_python3_12_site-packages_pyqt6_sip-13_11_0_dist-info_top_level_txt docFile\nclass node_venv_lib_python3_12_site-packages_pyqt6_sip-13_11_0_dist-info_licenses_LICENSE fileNode\nclass node_venv_lib_python3_12_site-packages_PyQt6_QtBluetooth_abi3_so fileNode\nclass node_venv_lib_python3_12_site-packages_PyQt6_QtBluetooth_pyi fileNode\nclass node_venv_lib_python3_12_site-packages_PyQt6_QtCore_abi3_so fileNode\nclass node_venv_lib_python3_12_site-packages_PyQt6_QtCore_pyi fileNode\nclass node_venv_lib_python3_12_site-packages_PyQt6_QtDBus_abi3_so fileNode\nclass node_venv_lib_python3_12_site-packages_PyQt6_QtDBus_pyi fileNode\nclass node_venv_lib_python3_12_site-packages_PyQt6_QtDesigner_abi3_so fileNode\nclass node_venv_lib_python3_12_site-packages_PyQt6_QtDesigner_pyi fileNode\nclass node_venv_lib_python3_12_site-packages_PyQt6_QtGui_abi3_so fileNode\nclass node_venv_lib_python3_12_site-packages_PyQt6_QtGui_pyi fileNode\nclass node_venv_lib_python3_12_site-packages_PyQt6_QtHelp_abi3_so fileNode\nclass node_venv_lib_python3_12_site-packages_PyQt6_QtHelp_pyi fileNode\nclass node_venv_lib_python3_12_site-packages_PyQt6_QtMultimedia_abi3_so fileNode\nclass node_venv_lib_python3_12_site-packages_PyQt6_QtMultimedia_pyi fileNode\nclass node_venv_lib_python3_12_site-packages_PyQt6_QtMultimediaWidgets_abi3_so fileNode\nclass node_venv_lib_python3_12_site-packages_PyQt6_QtMultimediaWidgets_pyi fileNode\nclass node_venv_lib_python3_12_site-packages_PyQt6_QtNetwork_abi3_so fileNode\nclass node_venv_lib_python3_12_site-packages_PyQt6_QtNetwork_pyi fileNode\nclass node_venv_lib_python3_12_site-packages_PyQt6_QtNfc_abi3_so fileNode\nclass node_venv_lib_python3_12_site-packages_PyQt6_QtNfc_pyi fileNode\nclass node_venv_lib_python3_12_site-packages_PyQt6_QtOpenGL_abi3_so fileNode\nclass node_venv_lib_python3_12_site-packages_PyQt6_QtOpenGL_pyi fileNode\nclass node_venv_lib_python3_12_site-packages_PyQt6_QtOpenGLWidgets_abi3_so fileNode\nclass node_venv_lib_python3_12_site-packages_PyQt6_QtOpenGLWidgets_pyi fileNode\nclass node_venv_lib_python3_12_site-packages_PyQt6_QtPdf_abi3_so fileNode\nclass node_venv_lib_python3_12_site-packages_PyQt6_QtPdf_pyi fileNode\nclass node_venv_lib_python3_12_site-packages_PyQt6_QtPdfWidgets_abi3_so fileNode\nclass node_venv_lib_python3_12_site-packages_PyQt6_QtPdfWidgets_pyi fileNode\nclass node_venv_lib_python3_12_site-packages_PyQt6_QtPositioning_abi3_so fileNode\nclass node_venv_lib_python3_12_site-packages_PyQt6_QtPositioning_pyi fileNode\nclass node_venv_lib_python3_12_site-packages_PyQt6_QtPrintSupport_abi3_so fileNode\nclass node_venv_lib_python3_12_site-packages_PyQt6_QtPrintSupport_pyi fileNode\nclass node_venv_lib_python3_12_site-packages_PyQt6_QtQml_abi3_so fileNode\nclass node_venv_lib_python3_12_site-packages_PyQt6_QtQml_pyi fileNode\nclass node_venv_lib_python3_12_site-packages_PyQt6_QtQuick_abi3_so fileNode\nclass node_venv_lib_python3_12_site-packages_PyQt6_QtQuick_pyi fileNode\nclass node_venv_lib_python3_12_site-packages_PyQt6_QtQuick3D_abi3_so fileNode\nclass node_venv_lib_python3_12_site-packages_PyQt6_QtQuick3D_pyi fileNode\nclass node_venv_lib_python3_12_site-packages_PyQt6_QtQuickWidgets_abi3_so fileNode\nclass node_venv_lib_python3_12_site-packages_PyQt6_QtQuickWidgets_pyi fileNode\nclass node_venv_lib_python3_12_site-packages_PyQt6_QtRemoteObjects_abi3_so fileNode\nclass node_venv_lib_python3_12_site-packages_PyQt6_QtRemoteObjects_pyi fileNode\nclass node_venv_lib_python3_12_site-packages_PyQt6_QtSensors_abi3_so fileNode\nclass node_venv_lib_python3_12_site-packages_PyQt6_QtSensors_pyi fileNode\nclass node_venv_lib_python3_12_site-packages_PyQt6_QtSerialPort_abi3_so fileNode\nclass node_venv_lib_python3_12_site-packages_PyQt6_QtSerialPort_pyi fileNode\nclass node_venv_lib_python3_12_site-packages_PyQt6_QtSpatialAudio_abi3_so fileNode\nclass node_venv_lib_python3_12_site-packages_PyQt6_QtSpatialAudio_pyi fileNode\nclass node_venv_lib_python3_12_site-packages_PyQt6_QtSql_abi3_so fileNode\nclass node_venv_lib_python3_12_site-packages_PyQt6_QtSql_pyi fileNode\nclass node_venv_lib_python3_12_site-packages_PyQt6_QtStateMachine_abi3_so fileNode\nclass node_venv_lib_python3_12_site-packages_PyQt6_QtStateMachine_pyi fileNode\nclass node_venv_lib_python3_12_site-packages_PyQt6_QtSvg_abi3_so fileNode\nclass node_venv_lib_python3_12_site-packages_PyQt6_QtSvg_pyi fileNode\nclass node_venv_lib_python3_12_site-packages_PyQt6_QtSvgWidgets_abi3_so fileNode\nclass node_venv_lib_python3_12_site-packages_PyQt6_QtSvgWidgets_pyi fileNode\nclass node_venv_lib_python3_12_site-packages_PyQt6_QtTest_abi3_so fileNode\nclass node_venv_lib_python3_12_site-packages_PyQt6_QtTest_pyi fileNode\nclass node_venv_lib_python3_12_site-packages_PyQt6_QtTextToSpeech_abi3_so fileNode\nclass node_venv_lib_python3_12_site-packages_PyQt6_QtTextToSpeech_pyi fileNode\nclass node_venv_lib_python3_12_site-packages_PyQt6_QtWebChannel_abi3_so fileNode\nclass node_venv_lib_python3_12_site-packages_PyQt6_QtWebChannel_pyi fileNode\nclass node_venv_lib_python3_12_site-packages_PyQt6_QtWebSockets_abi3_so fileNode\nclass node_venv_lib_python3_12_site-packages_PyQt6_QtWebSockets_pyi fileNode\nclass node_venv_lib_python3_12_site-packages_PyQt6_QtWidgets_abi3_so fileNode\nclass node_venv_lib_python3_12_site-packages_PyQt6_QtWidgets_pyi fileNode\nclass node_venv_lib_python3_12_site-packages_PyQt6_QtXml_abi3_so fileNode\nclass node_venv_lib_python3_12_site-packages_PyQt6_QtXml_pyi fileNode\nclass node_venv_lib_python3_12_site-packages_PyQt6___init___py pythonFile\nclass node_venv_lib_python3_12_site-packages_PyQt6_py_typed fileNode\nclass node_venv_lib_python3_12_site-packages_PyQt6_sip_cpython-312-darwin_so fileNode\nclass node_venv_lib_python3_12_site-packages_PyQt6_sip_pyi fileNode\nclass node_venv_lib_python3_12_site-packages_PyQt6_lupdate___init___py pythonFile\nclass node_venv_lib_python3_12_site-packages_PyQt6_lupdate_designer_source_py pythonFile\nclass node_venv_lib_python3_12_site-packages_PyQt6_lupdate_lupdate_py pythonFile\nclass node_venv_lib_python3_12_site-packages_PyQt6_lupdate_pylupdate_py pythonFile\nclass node_venv_lib_python3_12_site-packages_PyQt6_lupdate_python_source_py pythonFile\nclass node_venv_lib_python3_12_site-packages_PyQt6_lupdate_source_file_py pythonFile\nclass node_venv_lib_python3_12_site-packages_PyQt6_lupdate_translation_file_py pythonFile\nclass node_venv_lib_python3_12_site-packages_PyQt6_lupdate_translations_py pythonFile\nclass node_venv_lib_python3_12_site-packages_PyQt6_lupdate_user_py pythonFile\nclass node_venv_lib_python3_12_site-packages_PyQt6_uic___init___py pythonFile\nclass node_venv_lib_python3_12_site-packages_PyQt6_uic_compile_ui_py pythonFile\nclass node_venv_lib_python3_12_site-packages_PyQt6_uic_enum_map_py pythonFile\nclass node_venv_lib_python3_12_site-packages_PyQt6_uic_exceptions_py pythonFile\nclass node_venv_lib_python3_12_site-packages_PyQt6_uic_icon_cache_py pythonFile\nclass node_venv_lib_python3_12_site-packages_PyQt6_uic_load_ui_py pythonFile\nclass node_venv_lib_python3_12_site-packages_PyQt6_uic_objcreator_py pythonFile\nclass node_venv_lib_python3_12_site-packages_PyQt6_uic_properties_py pythonFile\nclass node_venv_lib_python3_12_site-packages_PyQt6_uic_pyuic_py pythonFile\nclass node_venv_lib_python3_12_site-packages_PyQt6_uic_ui_file_py pythonFile\nclass node_venv_lib_python3_12_site-packages_PyQt6_uic_uiparser_py pythonFile\nclass node_venv_lib_python3_12_site-packages_PyQt6_uic_widget-plugins_qaxcontainer_py pythonFile\nclass node_venv_lib_python3_12_site-packages_PyQt6_uic_widget-plugins_qscintilla_py pythonFile\nclass node_venv_lib_python3_12_site-packages_PyQt6_uic_widget-plugins_qtcharts_py pythonFile\nclass node_venv_lib_python3_12_site-packages_PyQt6_uic_widget-plugins_qtopenglwidgets_py pythonFile\nclass node_venv_lib_python3_12_site-packages_PyQt6_uic_widget-plugins_qtprintsupport_py pythonFile\nclass node_venv_lib_python3_12_site-packages_PyQt6_uic_widget-plugins_qtquickwidgets_py pythonFile\nclass node_venv_lib_python3_12_site-packages_PyQt6_uic_widget-plugins_qtwebenginewidgets_py pythonFile\nclass node_venv_lib_python3_12_site-packages_PyQt6_uic_Loader___init___py pythonFile\nclass node_venv_lib_python3_12_site-packages_PyQt6_uic_Loader_loader_py pythonFile\nclass node_venv_lib_python3_12_site-packages_PyQt6_uic_Loader_qobjectcreator_py pythonFile\nclass node_venv_lib_python3_12_site-packages_PyQt6_uic_Compiler___init___py pythonFile\nclass node_venv_lib_python3_12_site-packages_PyQt6_uic_Compiler_as_string_py pythonFile\nclass node_venv_lib_python3_12_site-packages_PyQt6_uic_Compiler_compiler_py pythonFile\nclass node_venv_lib_python3_12_site-packages_PyQt6_uic_Compiler_indenter_py pythonFile\nclass node_venv_lib_python3_12_site-packages_PyQt6_uic_Compiler_misc_py pythonFile\nclass node_venv_lib_python3_12_site-packages_PyQt6_uic_Compiler_proxy_metaclass_py pythonFile\nclass node_venv_lib_python3_12_site-packages_PyQt6_uic_Compiler_qobjectcreator_py pythonFile\nclass node_venv_lib_python3_12_site-packages_PyQt6_uic_Compiler_qtproxies_py pythonFile\nclass node_venv_lib_python3_12_site-packages_PyQt6_Qt6_qml_QtWebSockets_libqmlwebsocketsplugin_dylib fileNode\nclass node_venv_lib_python3_12_site-packages_PyQt6_Qt6_qml_QtWebSockets_plugins_qmltypes fileNode\nclass node_venv_lib_python3_12_site-packages_PyQt6_Qt6_qml_QtWebSockets_qmldir fileNode\nclass node_venv_lib_python3_12_site-packages_PyQt6_Qt6_qml_QtQml_libqmlplugin_dylib fileNode\nclass node_venv_lib_python3_12_site-packages_PyQt6_Qt6_qml_QtQml_plugins_qmltypes fileNode\nclass node_venv_lib_python3_12_site-packages_PyQt6_Qt6_qml_QtQml_qmldir fileNode\nclass node_venv_lib_python3_12_site-packages_PyQt6_Qt6_qml_QtQml_StateMachine_libqtqmlstatemachineplugin_dylib fileNode\nclass node_venv_lib_python3_12_site-packages_PyQt6_Qt6_qml_QtQml_StateMachine_plugins_qmltypes fileNode\nclass node_venv_lib_python3_12_site-packages_PyQt6_Qt6_qml_QtQml_StateMachine_qmldir fileNode\nclass node_venv_lib_python3_12_site-packages_PyQt6_Qt6_qml_QtQml_Models_libmodelsplugin_dylib fileNode\nclass node_venv_lib_python3_12_site-packages_PyQt6_Qt6_qml_QtQml_Models_plugins_qmltypes fileNode\nclass node_venv_lib_python3_12_site-packages_PyQt6_Qt6_qml_QtQml_Models_qmldir fileNode\nclass node_venv_lib_python3_12_site-packages_PyQt6_Qt6_qml_QtQml_WorkerScript_libworkerscriptplugin_dylib fileNode\nclass node_venv_lib_python3_12_site-packages_PyQt6_Qt6_qml_QtQml_WorkerScript_plugins_qmltypes fileNode\nclass node_venv_lib_python3_12_site-packages_PyQt6_Qt6_qml_QtQml_WorkerScript_qmldir fileNode\nclass node_venv_lib_python3_12_site-packages_PyQt6_Qt6_qml_QtQml_XmlListModel_libqmlxmllistmodelplugin_dylib fileNode\nclass node_venv_lib_python3_12_site-packages_PyQt6_Qt6_qml_QtQml_XmlListModel_plugins_qmltypes fileNode\nclass node_venv_lib_python3_12_site-packages_PyQt6_Qt6_qml_QtQml_XmlListModel_qmldir fileNode\nclass node_venv_lib_python3_12_site-packages_PyQt6_Qt6_qml_QtNetwork_libqmlnetworkplugin_dylib fileNode\nclass node_venv_lib_python3_12_site-packages_PyQt6_Qt6_qml_QtNetwork_plugins_qmltypes fileNode\nclass node_venv_lib_python3_12_site-packages_PyQt6_Qt6_qml_QtNetwork_qmldir fileNode\nclass node_venv_lib_python3_12_site-packages_PyQt6_Qt6_qml_QtQuick3D_LightmapperOutputWindow_qml fileNode\nclass node_venv_lib_python3_12_site-packages_PyQt6_Qt6_qml_QtQuick3D_Quick3D_qmltypes fileNode\nclass node_venv_lib_python3_12_site-packages_PyQt6_Qt6_qml_QtQuick3D_libqquick3dplugin_dylib fileNode\nclass node_venv_lib_python3_12_site-packages_PyQt6_Qt6_qml_QtQuick3D_qmldir fileNode\nclass node_venv_lib_python3_12_site-packages_PyQt6_Qt6_qml_QtQuick3D_lightmapviewer_LightmapViewer_qml fileNode\nclass node_venv_lib_python3_12_site-packages_PyQt6_Qt6_qml_QtQuick3D_lightmapviewer_lightmapviewer_qmltypes fileNode\nclass node_venv_lib_python3_12_site-packages_PyQt6_Qt6_qml_QtQuick3D_lightmapviewer_qmldir fileNode\nclass node_venv_lib_python3_12_site-packages_PyQt6_Qt6_qml_QtQuick3D_MaterialEditor_AboutDialog_qml fileNode\nclass node_venv_lib_python3_12_site-packages_PyQt6_Qt6_qml_QtQuick3D_MaterialEditor_EditorView_qml fileNode\nclass node_venv_lib_python3_12_site-packages_PyQt6_Qt6_qml_QtQuick3D_MaterialEditor_FrostedGlass_qml fileNode\nclass node_venv_lib_python3_12_site-packages_PyQt6_Qt6_qml_QtQuick3D_MaterialEditor_InstancingPropertiesPane_qml fileNode\nclass node_venv_lib_python3_12_site-packages_PyQt6_Qt6_qml_QtQuick3D_MaterialEditor_MaterialPropertiesPane_qml fileNode\nclass node_venv_lib_python3_12_site-packages_PyQt6_Qt6_qml_QtQuick3D_MaterialEditor_Preview_qml fileNode\nclass node_venv_lib_python3_12_site-packages_PyQt6_Qt6_qml_QtQuick3D_MaterialEditor_PreviewControls_qml fileNode\nclass node_venv_lib_python3_12_site-packages_PyQt6_Qt6_qml_QtQuick3D_MaterialEditor_SaveChangesDialog_qml fileNode\nclass node_venv_lib_python3_12_site-packages_PyQt6_Qt6_qml_QtQuick3D_MaterialEditor_ShaderEditor_qml fileNode\nclass node_venv_lib_python3_12_site-packages_PyQt6_Qt6_qml_QtQuick3D_MaterialEditor_UniformManagerPane_qml fileNode\nclass node_venv_lib_python3_12_site-packages_PyQt6_Qt6_qml_QtQuick3D_MaterialEditor_main_qml fileNode\nclass node_venv_lib_python3_12_site-packages_PyQt6_Qt6_qml_QtQuick3D_MaterialEditor_plugins_qmltypes fileNode\nclass node_venv_lib_python3_12_site-packages_PyQt6_Qt6_qml_QtQuick3D_MaterialEditor_qmldir fileNode\nclass node_venv_lib_python3_12_site-packages_PyQt6_Qt6_qml_QtQuick3D_ParticleEffects_Quick3DParticleEffects_qmltypes fileNode\nclass node_venv_lib_python3_12_site-packages_PyQt6_Qt6_qml_QtQuick3D_ParticleEffects_libqtquick3dparticleeffectsplugin_dylib fileNode\nclass node_venv_lib_python3_12_site-packages_PyQt6_Qt6_qml_QtQuick3D_ParticleEffects_qmldir fileNode\nclass node_venv_lib_python3_12_site-packages_PyQt6_Qt6_qml_QtQuick3D_ParticleEffects_designer_particleeffects_metainfo fileNode\nclass node_venv_lib_python3_12_site-packages_PyQt6_Qt6_qml_QtQuick3D_ParticleEffects_designer_images_color_table_png fileNode\nclass node_venv_lib_python3_12_site-packages_PyQt6_Qt6_qml_QtQuick3D_ParticleEffects_designer_images_color_table2_png fileNode\nclass node_venv_lib_python3_12_site-packages_PyQt6_Qt6_qml_QtQuick3D_ParticleEffects_designer_images_droplet_png fileNode\nclass node_venv_lib_python3_12_site-packages_PyQt6_Qt6_qml_QtQuick3D_ParticleEffects_designer_images_dummy_png fileNode\nclass node_venv_lib_python3_12_site-packages_PyQt6_Qt6_qml_QtQuick3D_ParticleEffects_designer_images_dummy16_png fileNode\nclass node_venv_lib_python3_12_site-packages_PyQt6_Qt6_qml_QtQuick3D_ParticleEffects_designer_images_dummy@2x_png fileNode\nclass node_venv_lib_python3_12_site-packages_PyQt6_Qt6_qml_QtQuick3D_ParticleEffects_designer_images_rain_png fileNode\nclass node_venv_lib_python3_12_site-packages_PyQt6_Qt6_qml_QtQuick3D_ParticleEffects_designer_images_ripple_png fileNode\nclass node_venv_lib_python3_12_site-packages_PyQt6_Qt6_qml_QtQuick3D_ParticleEffects_designer_images_smoke2_png fileNode\nclass node_venv_lib_python3_12_site-packages_PyQt6_Qt6_qml_QtQuick3D_ParticleEffects_designer_images_smoke_sprite_png fileNode\nclass node_venv_lib_python3_12_site-packages_PyQt6_Qt6_qml_QtQuick3D_ParticleEffects_designer_images_smoke_sprite2_png fileNode\nclass node_venv_lib_python3_12_site-packages_PyQt6_Qt6_qml_QtQuick3D_ParticleEffects_designer_images_snowflake_png fileNode\nclass node_venv_lib_python3_12_site-packages_PyQt6_Qt6_qml_QtQuick3D_ParticleEffects_designer_images_sphere_png fileNode\nclass node_venv_lib_python3_12_site-packages_PyQt6_Qt6_qml_QtQuick3D_ParticleEffects_designer_images_splash7_png fileNode\nclass node_venv_lib_python3_12_site-packages_PyQt6_Qt6_qml_QtQuick3D_ParticleEffects_designer_source_particleeffect_clouds_qml fileNode\nclass node_venv_lib_python3_12_site-packages_PyQt6_Qt6_qml_QtQuick3D_ParticleEffects_designer_source_particleeffect_dust_qml fileNode\nclass node_venv_lib_python3_12_site-packages_PyQt6_Qt6_qml_QtQuick3D_ParticleEffects_designer_source_particleeffect_exhaust_qml fileNode\nclass node_venv_lib_python3_12_site-packages_PyQt6_Qt6_qml_QtQuick3D_ParticleEffects_designer_source_particleeffect_fire_qml fileNode\nclass node_venv_lib_python3_12_site-packages_PyQt6_Qt6_qml_QtQuick3D_ParticleEffects_designer_source_particleeffect_heavyrain_qml fileNode\nclass node_venv_lib_python3_12_site-packages_PyQt6_Qt6_qml_QtQuick3D_ParticleEffects_designer_source_particleeffect_heavyrain_tirespray_qml fileNode\nclass node_venv_lib_python3_12_site-packages_PyQt6_Qt6_qml_QtQuick3D_ParticleEffects_designer_source_particleeffect_lightrain_qml fileNode\nclass node_venv_lib_python3_12_site-packages_PyQt6_Qt6_qml_QtQuick3D_ParticleEffects_designer_source_particleeffect_lightrain_tirespray_qml fileNode\nclass node_venv_lib_python3_12_site-packages_PyQt6_Qt6_qml_QtQuick3D_ParticleEffects_designer_source_particleeffect_rainmist_qml fileNode\nclass node_venv_lib_python3_12_site-packages_PyQt6_Qt6_qml_QtQuick3D_ParticleEffects_designer_source_particleeffect_snow_qml fileNode\nclass node_venv_lib_python3_12_site-packages_PyQt6_Qt6_qml_QtQuick3D_ParticleEffects_designer_source_particleeffect_steam_qml fileNode\nclass node_venv_lib_python3_12_site-packages_PyQt6_Qt6_qml_QtQuick3D_Xr_XrErrorDialog_qml fileNode\nclass node_venv_lib_python3_12_site-packages_PyQt6_Qt6_qml_QtQuick3D_Xr_libquick3dxrplugin_dylib fileNode\nclass node_venv_lib_python3_12_site-packages_PyQt6_Qt6_qml_QtQuick3D_Xr_plugins_qmltypes fileNode\nclass node_venv_lib_python3_12_site-packages_PyQt6_Qt6_qml_QtQuick3D_Xr_qmldir fileNode\nclass node_venv_lib_python3_12_site-packages_PyQt6_Qt6_qml_QtQuick3D_AssetUtils_libqtquick3dassetutilsplugin_dylib fileNode\nclass node_venv_lib_python3_12_site-packages_PyQt6_Qt6_qml_QtQuick3D_AssetUtils_plugins_qmltypes fileNode\nclass node_venv_lib_python3_12_site-packages_PyQt6_Qt6_qml_QtQuick3D_AssetUtils_qmldir fileNode\nclass node_venv_lib_python3_12_site-packages_PyQt6_Qt6_qml_QtQuick3D_AssetUtils_designer_NodeSection_qml fileNode\nclass node_venv_lib_python3_12_site-packages_PyQt6_Qt6_qml_QtQuick3D_AssetUtils_designer_RuntimeLoaderSection_qml fileNode\nclass node_venv_lib_python3_12_site-packages_PyQt6_Qt6_qml_QtQuick3D_AssetUtils_designer_RuntimeLoaderSpecifics_qml fileNode\nclass node_venv_lib_python3_12_site-packages_PyQt6_Qt6_qml_QtQuick3D_AssetUtils_designer_assetutils_metainfo fileNode\nclass node_venv_lib_python3_12_site-packages_PyQt6_Qt6_qml_QtQuick3D_AssetUtils_designer_images_dummy_png fileNode\nclass node_venv_lib_python3_12_site-packages_PyQt6_Qt6_qml_QtQuick3D_AssetUtils_designer_images_dummy16_png fileNode\nclass node_venv_lib_python3_12_site-packages_PyQt6_Qt6_qml_QtQuick3D_AssetUtils_designer_images_dummy@2x_png fileNode\nclass node_venv_lib_python3_12_site-packages_PyQt6_Qt6_qml_QtQuick3D_AssetUtils_designer_images_runtimeloader_png fileNode\nclass node_venv_lib_python3_12_site-packages_PyQt6_Qt6_qml_QtQuick3D_AssetUtils_designer_images_runtimeloader16_png fileNode\nclass node_venv_lib_python3_12_site-packages_PyQt6_Qt6_qml_QtQuick3D_AssetUtils_designer_images_runtimeloader@2x_png fileNode\nclass node_venv_lib_python3_12_site-packages_PyQt6_Qt6_qml_QtQuick3D_SpatialAudio_libquick3dspatialaudioplugin_dylib fileNode\nclass node_venv_lib_python3_12_site-packages_PyQt6_Qt6_qml_QtQuick3D_SpatialAudio_plugins_qmltypes fileNode\nclass node_venv_lib_python3_12_site-packages_PyQt6_Qt6_qml_QtQuick3D_SpatialAudio_qmldir fileNode\nclass node_venv_lib_python3_12_site-packages_PyQt6_Qt6_qml_QtQuick3D_designer_AbstractLightSection_qml fileNode\nclass node_venv_lib_python3_12_site-packages_PyQt6_Qt6_qml_QtQuick3D_designer_BufferInputSection_qml fileNode\nclass node_venv_lib_python3_12_site-packages_PyQt6_Qt6_qml_QtQuick3D_designer_BufferInputSpecifics_qml fileNode\nclass node_venv_lib_python3_12_site-packages_PyQt6_Qt6_qml_QtQuick3D_designer_BufferSection_qml fileNode\nclass node_venv_lib_python3_12_site-packages_PyQt6_Qt6_qml_QtQuick3D_designer_BufferSpecifics_qml fileNode\nclass node_venv_lib_python3_12_site-packages_PyQt6_Qt6_qml_QtQuick3D_designer_CameraSection_qml fileNode\nclass node_venv_lib_python3_12_site-packages_PyQt6_Qt6_qml_QtQuick3D_designer_CascadesSection_qml fileNode\nclass node_venv_lib_python3_12_site-packages_PyQt6_Qt6_qml_QtQuick3D_designer_CubeMapTextureSpecifics_qml fileNode\nclass node_venv_lib_python3_12_site-packages_PyQt6_Qt6_qml_QtQuick3D_designer_CustomCameraSpecifics_qml fileNode\nclass node_venv_lib_python3_12_site-packages_PyQt6_Qt6_qml_QtQuick3D_designer_CustomMaterialSection_qml fileNode\nclass node_venv_lib_python3_12_site-packages_PyQt6_Qt6_qml_QtQuick3D_designer_CustomMaterialSpecifics_qml fileNode\nclass node_venv_lib_python3_12_site-packages_PyQt6_Qt6_qml_QtQuick3D_designer_DebugSettingsSection_qml fileNode\nclass node_venv_lib_python3_12_site-packages_PyQt6_Qt6_qml_QtQuick3D_designer_DebugSettingsSpecifics_qml fileNode\nclass node_venv_lib_python3_12_site-packages_PyQt6_Qt6_qml_QtQuick3D_designer_DefaultMaterialSection_qml fileNode\nclass node_venv_lib_python3_12_site-packages_PyQt6_Qt6_qml_QtQuick3D_designer_DefaultMaterialSpecifics_qml fileNode\nclass node_venv_lib_python3_12_site-packages_PyQt6_Qt6_qml_QtQuick3D_designer_DirectionalLightSection_qml fileNode\nclass node_venv_lib_python3_12_site-packages_PyQt6_Qt6_qml_QtQuick3D_designer_DirectionalLightSpecifics_qml fileNode\nclass node_venv_lib_python3_12_site-packages_PyQt6_Qt6_qml_QtQuick3D_designer_EffectSection_qml fileNode\nclass node_venv_lib_python3_12_site-packages_PyQt6_Qt6_qml_QtQuick3D_designer_EffectSpecifics_qml fileNode\nclass node_venv_lib_python3_12_site-packages_PyQt6_Qt6_qml_QtQuick3D_designer_FileInstancingSection_qml fileNode\nclass node_venv_lib_python3_12_site-packages_PyQt6_Qt6_qml_QtQuick3D_designer_FileInstancingSpecifics_qml fileNode\nclass node_venv_lib_python3_12_site-packages_PyQt6_Qt6_qml_QtQuick3D_designer_FogSection_qml fileNode\nclass node_venv_lib_python3_12_site-packages_PyQt6_Qt6_qml_QtQuick3D_designer_FogSpecifics_qml fileNode\nclass node_venv_lib_python3_12_site-packages_PyQt6_Qt6_qml_QtQuick3D_designer_FrustumCameraSection_qml fileNode\nclass node_venv_lib_python3_12_site-packages_PyQt6_Qt6_qml_QtQuick3D_designer_FrustumCameraSpecifics_qml fileNode\nclass node_venv_lib_python3_12_site-packages_PyQt6_Qt6_qml_QtQuick3D_designer_InstanceListEntrySection_qml fileNode\nclass node_venv_lib_python3_12_site-packages_PyQt6_Qt6_qml_QtQuick3D_designer_InstanceListEntrySpecifics_qml fileNode\nclass node_venv_lib_python3_12_site-packages_PyQt6_Qt6_qml_QtQuick3D_designer_InstanceListSection_qml fileNode\nclass node_venv_lib_python3_12_site-packages_PyQt6_Qt6_qml_QtQuick3D_designer_InstanceListSpecifics_qml fileNode\nclass node_venv_lib_python3_12_site-packages_PyQt6_Qt6_qml_QtQuick3D_designer_InstancingSection_qml fileNode\nclass node_venv_lib_python3_12_site-packages_PyQt6_Qt6_qml_QtQuick3D_designer_JointSection_qml fileNode\nclass node_venv_lib_python3_12_site-packages_PyQt6_Qt6_qml_QtQuick3D_designer_JointSpecifics_qml fileNode\nclass node_venv_lib_python3_12_site-packages_PyQt6_Qt6_qml_QtQuick3D_designer_LightmapperSection_qml fileNode\nclass node_venv_lib_python3_12_site-packages_PyQt6_Qt6_qml_QtQuick3D_designer_LightmapperSpecifics_qml fileNode\nclass node_venv_lib_python3_12_site-packages_PyQt6_Qt6_qml_QtQuick3D_designer_Loader3DSection_qml fileNode\nclass node_venv_lib_python3_12_site-packages_PyQt6_Qt6_qml_QtQuick3D_designer_Loader3DSpecifics_qml fileNode\nclass node_venv_lib_python3_12_site-packages_PyQt6_Qt6_qml_QtQuick3D_designer_MaterialSection_qml fileNode\nclass node_venv_lib_python3_12_site-packages_PyQt6_Qt6_qml_QtQuick3D_designer_ModelSection_qml fileNode\nclass node_venv_lib_python3_12_site-packages_PyQt6_Qt6_qml_QtQuick3D_designer_ModelSpecifics_qml fileNode\nclass node_venv_lib_python3_12_site-packages_PyQt6_Qt6_qml_QtQuick3D_designer_MorphTargetSection_qml fileNode\nclass node_venv_lib_python3_12_site-packages_PyQt6_Qt6_qml_QtQuick3D_designer_MorphTargetSpecifics_qml fileNode\nclass node_venv_lib_python3_12_site-packages_PyQt6_Qt6_qml_QtQuick3D_designer_NodeSection_qml fileNode\nclass node_venv_lib_python3_12_site-packages_PyQt6_Qt6_qml_QtQuick3D_designer_NodeSpecifics_qml fileNode\nclass node_venv_lib_python3_12_site-packages_PyQt6_Qt6_qml_QtQuick3D_designer_Object3DSection_qml fileNode\nclass node_venv_lib_python3_12_site-packages_PyQt6_Qt6_qml_QtQuick3D_designer_OrthographicCameraSection_qml fileNode\nclass node_venv_lib_python3_12_site-packages_PyQt6_Qt6_qml_QtQuick3D_designer_OrthographicCameraSpecifics_qml fileNode\nclass node_venv_lib_python3_12_site-packages_PyQt6_Qt6_qml_QtQuick3D_designer_PassSection_qml fileNode\nclass node_venv_lib_python3_12_site-packages_PyQt6_Qt6_qml_QtQuick3D_designer_PassSpecifics_qml fileNode\nclass node_venv_lib_python3_12_site-packages_PyQt6_Qt6_qml_QtQuick3D_designer_PerspectiveCameraSection_qml fileNode\nclass node_venv_lib_python3_12_site-packages_PyQt6_Qt6_qml_QtQuick3D_designer_PerspectiveCameraSpecifics_qml fileNode\nclass node_venv_lib_python3_12_site-packages_PyQt6_Qt6_qml_QtQuick3D_designer_PointLightSection_qml fileNode\nclass node_venv_lib_python3_12_site-packages_PyQt6_Qt6_qml_QtQuick3D_designer_PointLightSpecifics_qml fileNode\nclass node_venv_lib_python3_12_site-packages_PyQt6_Qt6_qml_QtQuick3D_designer_PrincipledMaterialSection_qml fileNode\nclass node_venv_lib_python3_12_site-packages_PyQt6_Qt6_qml_QtQuick3D_designer_PrincipledMaterialSpecifics_qml fileNode\nclass node_venv_lib_python3_12_site-packages_PyQt6_Qt6_qml_QtQuick3D_designer_ReflectionProbeSection_qml fileNode\nclass node_venv_lib_python3_12_site-packages_PyQt6_Qt6_qml_QtQuick3D_designer_ReflectionProbeSpecifics_qml fileNode\nclass node_venv_lib_python3_12_site-packages_PyQt6_Qt6_qml_QtQuick3D_designer_Repeater3DSection_qml fileNode\nclass node_venv_lib_python3_12_site-packages_PyQt6_Qt6_qml_QtQuick3D_designer_Repeater3DSpecifics_qml fileNode\nclass node_venv_lib_python3_12_site-packages_PyQt6_Qt6_qml_QtQuick3D_designer_ResourceLoaderSection_qml fileNode\nclass node_venv_lib_python3_12_site-packages_PyQt6_Qt6_qml_QtQuick3D_designer_ResourceLoaderSpecifics_qml fileNode\nclass node_venv_lib_python3_12_site-packages_PyQt6_Qt6_qml_QtQuick3D_designer_SceneEnvironmentSection_qml fileNode\nclass node_venv_lib_python3_12_site-packages_PyQt6_Qt6_qml_QtQuick3D_designer_SceneEnvironmentSpecifics_qml fileNode\nclass node_venv_lib_python3_12_site-packages_PyQt6_Qt6_qml_QtQuick3D_designer_SetUniformValueSection_qml fileNode\nclass node_venv_lib_python3_12_site-packages_PyQt6_Qt6_qml_QtQuick3D_designer_SetUniformValueSpecifics_qml fileNode\nclass node_venv_lib_python3_12_site-packages_PyQt6_Qt6_qml_QtQuick3D_designer_ShaderSection_qml fileNode\nclass node_venv_lib_python3_12_site-packages_PyQt6_Qt6_qml_QtQuick3D_designer_ShaderSpecifics_qml fileNode\nclass node_venv_lib_python3_12_site-packages_PyQt6_Qt6_qml_QtQuick3D_designer_ShadowSection_qml fileNode\nclass node_venv_lib_python3_12_site-packages_PyQt6_Qt6_qml_QtQuick3D_designer_SkinSection_qml fileNode\nclass node_venv_lib_python3_12_site-packages_PyQt6_Qt6_qml_QtQuick3D_designer_SkinSpecifics_qml fileNode\nclass node_venv_lib_python3_12_site-packages_PyQt6_Qt6_qml_QtQuick3D_designer_SpecularGlossyMaterialSection_qml fileNode\nclass node_venv_lib_python3_12_site-packages_PyQt6_Qt6_qml_QtQuick3D_designer_SpecularGlossyMaterialSpecifics_qml fileNode\nclass node_venv_lib_python3_12_site-packages_PyQt6_Qt6_qml_QtQuick3D_designer_SpotLightSection_qml fileNode\nclass node_venv_lib_python3_12_site-packages_PyQt6_Qt6_qml_QtQuick3D_designer_SpotLightSpecifics_qml fileNode\nclass node_venv_lib_python3_12_site-packages_PyQt6_Qt6_qml_QtQuick3D_designer_TextureInputSection_qml fileNode\nclass node_venv_lib_python3_12_site-packages_PyQt6_Qt6_qml_QtQuick3D_designer_TextureInputSpecifics_qml fileNode\nclass node_venv_lib_python3_12_site-packages_PyQt6_Qt6_qml_QtQuick3D_designer_TextureSection_qml fileNode\nclass node_venv_lib_python3_12_site-packages_PyQt6_Qt6_qml_QtQuick3D_designer_TextureSpecifics_qml fileNode\nclass node_venv_lib_python3_12_site-packages_PyQt6_Qt6_qml_QtQuick3D_designer_View3DSection_qml fileNode\nclass node_venv_lib_python3_12_site-packages_PyQt6_Qt6_qml_QtQuick3D_designer_View3DSpecifics_qml fileNode\nclass node_venv_lib_python3_12_site-packages_PyQt6_Qt6_qml_QtQuick3D_designer_propertyGroups_json configFile\nclass node_venv_lib_python3_12_site-packages_PyQt6_Qt6_qml_QtQuick3D_designer_quick3d_metainfo fileNode\nclass node_venv_lib_python3_12_site-packages_PyQt6_Qt6_qml_QtQuick3D_designer_images_camera_png fileNode\nclass node_venv_lib_python3_12_site-packages_PyQt6_Qt6_qml_QtQuick3D_designer_images_camera16_png fileNode\nclass node_venv_lib_python3_12_site-packages_PyQt6_Qt6_qml_QtQuick3D_designer_images_camera@2x_png fileNode\nclass node_venv_lib_python3_12_site-packages_PyQt6_Qt6_qml_QtQuick3D_designer_images_cone_png fileNode\nclass node_venv_lib_python3_12_site-packages_PyQt6_Qt6_qml_QtQuick3D_designer_images_cone16_png fileNode\nclass node_venv_lib_python3_12_site-packages_PyQt6_Qt6_qml_QtQuick3D_designer_images_cone@2x_png fileNode\nclass node_venv_lib_python3_12_site-packages_PyQt6_Qt6_qml_QtQuick3D_designer_images_cube_png fileNode\nclass node_venv_lib_python3_12_site-packages_PyQt6_Qt6_qml_QtQuick3D_designer_images_cube16_png fileNode\nclass node_venv_lib_python3_12_site-packages_PyQt6_Qt6_qml_QtQuick3D_designer_images_cube@2x_png fileNode\nclass node_venv_lib_python3_12_site-packages_PyQt6_Qt6_qml_QtQuick3D_designer_images_cubemaptexture_png fileNode\nclass node_venv_lib_python3_12_site-packages_PyQt6_Qt6_qml_QtQuick3D_designer_images_cubemaptexture16_png fileNode\nclass node_venv_lib_python3_12_site-packages_PyQt6_Qt6_qml_QtQuick3D_designer_images_cubemaptexture@2x_png fileNode\nclass node_venv_lib_python3_12_site-packages_PyQt6_Qt6_qml_QtQuick3D_designer_images_custommaterial_png fileNode\nclass node_venv_lib_python3_12_site-packages_PyQt6_Qt6_qml_QtQuick3D_designer_images_custommaterial16_png fileNode\nclass node_venv_lib_python3_12_site-packages_PyQt6_Qt6_qml_QtQuick3D_designer_images_custommaterial@2x_png fileNode\nclass node_venv_lib_python3_12_site-packages_PyQt6_Qt6_qml_QtQuick3D_designer_images_cylinder_png fileNode\nclass node_venv_lib_python3_12_site-packages_PyQt6_Qt6_qml_QtQuick3D_designer_images_cylinder16_png fileNode\nclass node_venv_lib_python3_12_site-packages_PyQt6_Qt6_qml_QtQuick3D_designer_images_cylinder@2x_png fileNode\nclass node_venv_lib_python3_12_site-packages_PyQt6_Qt6_qml_QtQuick3D_designer_images_debugsettings_png fileNode\nclass node_venv_lib_python3_12_site-packages_PyQt6_Qt6_qml_QtQuick3D_designer_images_debugsettings16_png fileNode\nclass node_venv_lib_python3_12_site-packages_PyQt6_Qt6_qml_QtQuick3D_designer_images_debugsettings@2x_png fileNode\nclass node_venv_lib_python3_12_site-packages_PyQt6_Qt6_qml_QtQuick3D_designer_images_dummy_png fileNode\nclass node_venv_lib_python3_12_site-packages_PyQt6_Qt6_qml_QtQuick3D_designer_images_dummy16_png fileNode\nclass node_venv_lib_python3_12_site-packages_PyQt6_Qt6_qml_QtQuick3D_designer_images_dummy@2x_png fileNode\nclass node_venv_lib_python3_12_site-packages_PyQt6_Qt6_qml_QtQuick3D_designer_images_effect_png fileNode\nclass node_venv_lib_python3_12_site-packages_PyQt6_Qt6_qml_QtQuick3D_designer_images_effect16_png fileNode\nclass node_venv_lib_python3_12_site-packages_PyQt6_Qt6_qml_QtQuick3D_designer_images_effect@2x_png fileNode\nclass node_venv_lib_python3_12_site-packages_PyQt6_Qt6_qml_QtQuick3D_designer_images_fileinstancing_png fileNode\nclass node_venv_lib_python3_12_site-packages_PyQt6_Qt6_qml_QtQuick3D_designer_images_fileinstancing16_png fileNode\nclass node_venv_lib_python3_12_site-packages_PyQt6_Qt6_qml_QtQuick3D_designer_images_fileinstancing@2x_png fileNode\nclass node_venv_lib_python3_12_site-packages_PyQt6_Qt6_qml_QtQuick3D_designer_images_fog_png fileNode\nclass node_venv_lib_python3_12_site-packages_PyQt6_Qt6_qml_QtQuick3D_designer_images_fog16_png fileNode\nclass node_venv_lib_python3_12_site-packages_PyQt6_Qt6_qml_QtQuick3D_designer_images_fog@2x_png fileNode\nclass node_venv_lib_python3_12_site-packages_PyQt6_Qt6_qml_QtQuick3D_designer_images_group_png fileNode\nclass node_venv_lib_python3_12_site-packages_PyQt6_Qt6_qml_QtQuick3D_designer_images_group16_png fileNode\nclass node_venv_lib_python3_12_site-packages_PyQt6_Qt6_qml_QtQuick3D_designer_images_group@2x_png fileNode\nclass node_venv_lib_python3_12_site-packages_PyQt6_Qt6_qml_QtQuick3D_designer_images_instancelist_png fileNode\nclass node_venv_lib_python3_12_site-packages_PyQt6_Qt6_qml_QtQuick3D_designer_images_instancelist16_png fileNode\nclass node_venv_lib_python3_12_site-packages_PyQt6_Qt6_qml_QtQuick3D_designer_images_instancelist@2x_png fileNode\nclass node_venv_lib_python3_12_site-packages_PyQt6_Qt6_qml_QtQuick3D_designer_images_instancelistentry_png fileNode\nclass node_venv_lib_python3_12_site-packages_PyQt6_Qt6_qml_QtQuick3D_designer_images_instancelistentry16_png fileNode\nclass node_venv_lib_python3_12_site-packages_PyQt6_Qt6_qml_QtQuick3D_designer_images_instancelistentry@2x_png fileNode\nclass node_venv_lib_python3_12_site-packages_PyQt6_Qt6_qml_QtQuick3D_designer_images_joint_png fileNode\nclass node_venv_lib_python3_12_site-packages_PyQt6_Qt6_qml_QtQuick3D_designer_images_joint16_png fileNode\nclass node_venv_lib_python3_12_site-packages_PyQt6_Qt6_qml_QtQuick3D_designer_images_joint@2x_png fileNode\nclass node_venv_lib_python3_12_site-packages_PyQt6_Qt6_qml_QtQuick3D_designer_images_lightdirectional_png fileNode\nclass node_venv_lib_python3_12_site-packages_PyQt6_Qt6_qml_QtQuick3D_designer_images_lightdirectional16_png fileNode\nclass node_venv_lib_python3_12_site-packages_PyQt6_Qt6_qml_QtQuick3D_designer_images_lightdirectional@2x_png fileNode\nclass node_venv_lib_python3_12_site-packages_PyQt6_Qt6_qml_QtQuick3D_designer_images_lightmapper_png fileNode\nclass node_venv_lib_python3_12_site-packages_PyQt6_Qt6_qml_QtQuick3D_designer_images_lightmapper16_png fileNode\nclass node_venv_lib_python3_12_site-packages_PyQt6_Qt6_qml_QtQuick3D_designer_images_lightmapper@2x_png fileNode\nclass node_venv_lib_python3_12_site-packages_PyQt6_Qt6_qml_QtQuick3D_designer_images_lightpoint_png fileNode\nclass node_venv_lib_python3_12_site-packages_PyQt6_Qt6_qml_QtQuick3D_designer_images_lightpoint16_png fileNode\nclass node_venv_lib_python3_12_site-packages_PyQt6_Qt6_qml_QtQuick3D_designer_images_lightpoint@2x_png fileNode\nclass node_venv_lib_python3_12_site-packages_PyQt6_Qt6_qml_QtQuick3D_designer_images_lightspot_png fileNode\nclass node_venv_lib_python3_12_site-packages_PyQt6_Qt6_qml_QtQuick3D_designer_images_lightspot16_png fileNode\nclass node_venv_lib_python3_12_site-packages_PyQt6_Qt6_qml_QtQuick3D_designer_images_lightspot@2x_png fileNode\nclass node_venv_lib_python3_12_site-packages_PyQt6_Qt6_qml_QtQuick3D_designer_images_loader3d_png fileNode\nclass node_venv_lib_python3_12_site-packages_PyQt6_Qt6_qml_QtQuick3D_designer_images_loader3d16_png fileNode\nclass node_venv_lib_python3_12_site-packages_PyQt6_Qt6_qml_QtQuick3D_designer_images_loader3d@2x_png fileNode\nclass node_venv_lib_python3_12_site-packages_PyQt6_Qt6_qml_QtQuick3D_designer_images_material_png fileNode\nclass node_venv_lib_python3_12_site-packages_PyQt6_Qt6_qml_QtQuick3D_designer_images_material16_png fileNode\nclass node_venv_lib_python3_12_site-packages_PyQt6_Qt6_qml_QtQuick3D_designer_images_material@2x_png fileNode\nclass node_venv_lib_python3_12_site-packages_PyQt6_Qt6_qml_QtQuick3D_designer_images_model16_png fileNode\nclass node_venv_lib_python3_12_site-packages_PyQt6_Qt6_qml_QtQuick3D_designer_images_morphtarget_png fileNode\nclass node_venv_lib_python3_12_site-packages_PyQt6_Qt6_qml_QtQuick3D_designer_images_morphtarget16_png fileNode\nclass node_venv_lib_python3_12_site-packages_PyQt6_Qt6_qml_QtQuick3D_designer_images_morphtarget@2x_png fileNode\nclass node_venv_lib_python3_12_site-packages_PyQt6_Qt6_qml_QtQuick3D_designer_images_plane_png fileNode\nclass node_venv_lib_python3_12_site-packages_PyQt6_Qt6_qml_QtQuick3D_designer_images_plane16_png fileNode\nclass node_venv_lib_python3_12_site-packages_PyQt6_Qt6_qml_QtQuick3D_designer_images_plane@2x_png fileNode\nclass node_venv_lib_python3_12_site-packages_PyQt6_Qt6_qml_QtQuick3D_designer_images_reflectionProbe_png fileNode\nclass node_venv_lib_python3_12_site-packages_PyQt6_Qt6_qml_QtQuick3D_designer_images_reflectionProbe16_png fileNode\nclass node_venv_lib_python3_12_site-packages_PyQt6_Qt6_qml_QtQuick3D_designer_images_reflectionProbe@2x_png fileNode\nclass node_venv_lib_python3_12_site-packages_PyQt6_Qt6_qml_QtQuick3D_designer_images_repeater3d_png fileNode\nclass node_venv_lib_python3_12_site-packages_PyQt6_Qt6_qml_QtQuick3D_designer_images_repeater3d16_png fileNode\nclass node_venv_lib_python3_12_site-packages_PyQt6_Qt6_qml_QtQuick3D_designer_images_repeater3d@2x_png fileNode\nclass node_venv_lib_python3_12_site-packages_PyQt6_Qt6_qml_QtQuick3D_designer_images_resourceloader_png fileNode\nclass node_venv_lib_python3_12_site-packages_PyQt6_Qt6_qml_QtQuick3D_designer_images_resourceloader16_png fileNode\nclass node_venv_lib_python3_12_site-packages_PyQt6_Qt6_qml_QtQuick3D_designer_images_resourceloader@2x_png fileNode\nclass node_venv_lib_python3_12_site-packages_PyQt6_Qt6_qml_QtQuick3D_designer_images_scene_png fileNode\nclass node_venv_lib_python3_12_site-packages_PyQt6_Qt6_qml_QtQuick3D_designer_images_scene16_png fileNode\nclass node_venv_lib_python3_12_site-packages_PyQt6_Qt6_qml_QtQuick3D_designer_images_scene@2x_png fileNode\nclass node_venv_lib_python3_12_site-packages_PyQt6_Qt6_qml_QtQuick3D_designer_images_shadercommand_png fileNode\nclass node_venv_lib_python3_12_site-packages_PyQt6_Qt6_qml_QtQuick3D_designer_images_shadercommand16_png fileNode\nclass node_venv_lib_python3_12_site-packages_PyQt6_Qt6_qml_QtQuick3D_designer_images_shadercommand@2x_png fileNode\nclass node_venv_lib_python3_12_site-packages_PyQt6_Qt6_qml_QtQuick3D_designer_images_shaderutil_png fileNode\nclass node_venv_lib_python3_12_site-packages_PyQt6_Qt6_qml_QtQuick3D_designer_images_shaderutil16_png fileNode\nclass node_venv_lib_python3_12_site-packages_PyQt6_Qt6_qml_QtQuick3D_designer_images_shaderutil@2x_png fileNode\nclass node_venv_lib_python3_12_site-packages_PyQt6_Qt6_qml_QtQuick3D_designer_images_skeleton_png fileNode\nclass node_venv_lib_python3_12_site-packages_PyQt6_Qt6_qml_QtQuick3D_designer_images_skeleton16_png fileNode\nclass node_venv_lib_python3_12_site-packages_PyQt6_Qt6_qml_QtQuick3D_designer_images_skeleton@2x_png fileNode\nclass node_venv_lib_python3_12_site-packages_PyQt6_Qt6_qml_QtQuick3D_designer_images_skin_png fileNode\nclass node_venv_lib_python3_12_site-packages_PyQt6_Qt6_qml_QtQuick3D_designer_images_skin16_png fileNode\nclass node_venv_lib_python3_12_site-packages_PyQt6_Qt6_qml_QtQuick3D_designer_images_skin@2x_png fileNode\nclass node_venv_lib_python3_12_site-packages_PyQt6_Qt6_qml_QtQuick3D_designer_images_sphere_png fileNode\nclass node_venv_lib_python3_12_site-packages_PyQt6_Qt6_qml_QtQuick3D_designer_images_sphere16_png fileNode\nclass node_venv_lib_python3_12_site-packages_PyQt6_Qt6_qml_QtQuick3D_designer_images_sphere@2x_png fileNode\nclass node_venv_lib_python3_12_site-packages_PyQt6_Qt6_qml_QtQuick3D_designer_images_texture_png fileNode\nclass node_venv_lib_python3_12_site-packages_PyQt6_Qt6_qml_QtQuick3D_designer_images_texture16_png fileNode\nclass node_venv_lib_python3_12_site-packages_PyQt6_Qt6_qml_QtQuick3D_designer_images_texture@2x_png fileNode\nclass node_venv_lib_python3_12_site-packages_PyQt6_Qt6_qml_QtQuick3D_designer_images_view3D_png fileNode\nclass node_venv_lib_python3_12_site-packages_PyQt6_Qt6_qml_QtQuick3D_designer_images_view3D16_png fileNode\nclass node_venv_lib_python3_12_site-packages_PyQt6_Qt6_qml_QtQuick3D_designer_images_view3D@2x_png fileNode\nclass node_venv_lib_python3_12_site-packages_PyQt6_Qt6_qml_QtQuick3D_designer_source_custom_material_default_shader_frag fileNode\nclass node_venv_lib_python3_12_site-packages_PyQt6_Qt6_qml_QtQuick3D_designer_source_effect_default_shader_frag fileNode\nclass node_venv_lib_python3_12_site-packages_PyQt6_Qt6_qml_QtQuick3D_designer_source_effect_template_qml fileNode\nclass node_venv_lib_python3_12_site-packages_PyQt6_Qt6_qml_QtQuick3D_designer_source_view3D_template_qml fileNode\nclass node_venv_lib_python3_12_site-packages_PyQt6_Qt6_qml_QtQuick3D_Particles3D_libqtquick3dparticles3dplugin_dylib fileNode\nclass node_venv_lib_python3_12_site-packages_PyQt6_Qt6_qml_QtQuick3D_Particles3D_plugins_qmltypes fileNode\nclass node_venv_lib_python3_12_site-packages_PyQt6_Qt6_qml_QtQuick3D_Particles3D_qmldir fileNode\nclass node_venv_lib_python3_12_site-packages_PyQt6_Qt6_qml_QtQuick3D_Particles3D_designer_Affector3DSection_qml fileNode\nclass node_venv_lib_python3_12_site-packages_PyQt6_Qt6_qml_QtQuick3D_Particles3D_designer_Affector3DSpecifics_qml fileNode\nclass node_venv_lib_python3_12_site-packages_PyQt6_Qt6_qml_QtQuick3D_Particles3D_designer_Attractor3DSection_qml fileNode\nclass node_venv_lib_python3_12_site-packages_PyQt6_Qt6_qml_QtQuick3D_Particles3D_designer_Attractor3DSpecifics_qml fileNode\nclass node_venv_lib_python3_12_site-packages_PyQt6_Qt6_qml_QtQuick3D_Particles3D_designer_DynamicBurst3DSection_qml fileNode\nclass node_venv_lib_python3_12_site-packages_PyQt6_Qt6_qml_QtQuick3D_Particles3D_designer_DynamicBurst3DSpecifics_qml fileNode\nclass node_venv_lib_python3_12_site-packages_PyQt6_Qt6_qml_QtQuick3D_Particles3D_designer_EmitBurst3DSection_qml fileNode\nclass node_venv_lib_python3_12_site-packages_PyQt6_Qt6_qml_QtQuick3D_Particles3D_designer_EmitBurst3DSpecifics_qml fileNode\nclass node_venv_lib_python3_12_site-packages_PyQt6_Qt6_qml_QtQuick3D_Particles3D_designer_Gravity3DSection_qml fileNode\nclass node_venv_lib_python3_12_site-packages_PyQt6_Qt6_qml_QtQuick3D_Particles3D_designer_Gravity3DSpecifics_qml fileNode\nclass node_venv_lib_python3_12_site-packages_PyQt6_Qt6_qml_QtQuick3D_Particles3D_designer_LineParticle3DSection_qml fileNode\nclass node_venv_lib_python3_12_site-packages_PyQt6_Qt6_qml_QtQuick3D_Particles3D_designer_LineParticle3DSpecifics_qml fileNode\nclass node_venv_lib_python3_12_site-packages_PyQt6_Qt6_qml_QtQuick3D_Particles3D_designer_ModelBlendParticle3DSection_qml fileNode\nclass node_venv_lib_python3_12_site-packages_PyQt6_Qt6_qml_QtQuick3D_Particles3D_designer_ModelBlendParticle3DSpecifics_qml fileNode\nclass node_venv_lib_python3_12_site-packages_PyQt6_Qt6_qml_QtQuick3D_Particles3D_designer_ModelParticle3DSection_qml fileNode\nclass node_venv_lib_python3_12_site-packages_PyQt6_Qt6_qml_QtQuick3D_Particles3D_designer_ModelParticle3DSpecifics_qml fileNode\nclass node_venv_lib_python3_12_site-packages_PyQt6_Qt6_qml_QtQuick3D_Particles3D_designer_NodeSection_qml fileNode\nclass node_venv_lib_python3_12_site-packages_PyQt6_Qt6_qml_QtQuick3D_Particles3D_designer_NodeSpecifics_qml fileNode\nclass node_venv_lib_python3_12_site-packages_PyQt6_Qt6_qml_QtQuick3D_Particles3D_designer_Particle3DSection_qml fileNode\nclass node_venv_lib_python3_12_site-packages_PyQt6_Qt6_qml_QtQuick3D_Particles3D_designer_Particle3DSpecifics_qml fileNode\nclass node_venv_lib_python3_12_site-packages_PyQt6_Qt6_qml_QtQuick3D_Particles3D_designer_ParticleCustomShape3DSection_qml fileNode\nclass node_venv_lib_python3_12_site-packages_PyQt6_Qt6_qml_QtQuick3D_Particles3D_designer_ParticleCustomShape3DSpecifics_qml fileNode\nclass node_venv_lib_python3_12_site-packages_PyQt6_Qt6_qml_QtQuick3D_Particles3D_designer_ParticleEmitter3DSection_qml fileNode\nclass node_venv_lib_python3_12_site-packages_PyQt6_Qt6_qml_QtQuick3D_Particles3D_designer_ParticleEmitter3DSpecifics_qml fileNode\nclass node_venv_lib_python3_12_site-packages_PyQt6_Qt6_qml_QtQuick3D_Particles3D_designer_ParticleModelShape3DSection_qml fileNode\nclass node_venv_lib_python3_12_site-packages_PyQt6_Qt6_qml_QtQuick3D_Particles3D_designer_ParticleModelShape3DSpecifics_qml fileNode\nclass node_venv_lib_python3_12_site-packages_PyQt6_Qt6_qml_QtQuick3D_Particles3D_designer_ParticleShape3DSection_qml fileNode\nclass node_venv_lib_python3_12_site-packages_PyQt6_Qt6_qml_QtQuick3D_Particles3D_designer_ParticleShape3DSpecifics_qml fileNode\nclass node_venv_lib_python3_12_site-packages_PyQt6_Qt6_qml_QtQuick3D_Particles3D_designer_ParticleSystem3DSection_qml fileNode\nclass node_venv_lib_python3_12_site-packages_PyQt6_Qt6_qml_QtQuick3D_Particles3D_designer_ParticleSystem3DSpecifics_qml fileNode\nclass node_venv_lib_python3_12_site-packages_PyQt6_Qt6_qml_QtQuick3D_Particles3D_designer_PointRotator3DSection_qml fileNode\nclass node_venv_lib_python3_12_site-packages_PyQt6_Qt6_qml_QtQuick3D_Particles3D_designer_PointRotator3DSpecifics_qml fileNode\nclass node_venv_lib_python3_12_site-packages_PyQt6_Qt6_qml_QtQuick3D_Particles3D_designer_Repeller3DSection_qml fileNode\nclass node_venv_lib_python3_12_site-packages_PyQt6_Qt6_qml_QtQuick3D_Particles3D_designer_Repeller3DSpecifics_qml fileNode\nclass node_venv_lib_python3_12_site-packages_PyQt6_Qt6_qml_QtQuick3D_Particles3D_designer_ScaleAffector3DSection_qml fileNode\nclass node_venv_lib_python3_12_site-packages_PyQt6_Qt6_qml_QtQuick3D_Particles3D_designer_ScaleAffector3DSpecifics_qml fileNode\nclass node_venv_lib_python3_12_site-packages_PyQt6_Qt6_qml_QtQuick3D_Particles3D_designer_SpriteParticle3DSection_qml fileNode\nclass node_venv_lib_python3_12_site-packages_PyQt6_Qt6_qml_QtQuick3D_Particles3D_designer_SpriteParticle3DSpecifics_qml fileNode\nclass node_venv_lib_python3_12_site-packages_PyQt6_Qt6_qml_QtQuick3D_Particles3D_designer_SpriteSequence3DSection_qml fileNode\nclass node_venv_lib_python3_12_site-packages_PyQt6_Qt6_qml_QtQuick3D_Particles3D_designer_SpriteSequence3DSpecifics_qml fileNode\nclass node_venv_lib_python3_12_site-packages_PyQt6_Qt6_qml_QtQuick3D_Particles3D_designer_TargetDirection3DSection_qml fileNode\nclass node_venv_lib_python3_12_site-packages_PyQt6_Qt6_qml_QtQuick3D_Particles3D_designer_TargetDirection3DSpecifics_qml fileNode\nclass node_venv_lib_python3_12_site-packages_PyQt6_Qt6_qml_QtQuick3D_Particles3D_designer_TrailEmitter3DSection_qml fileNode\nclass node_venv_lib_python3_12_site-packages_PyQt6_Qt6_qml_QtQuick3D_Particles3D_designer_TrailEmitter3DSpecifics_qml fileNode\nclass node_venv_lib_python3_12_site-packages_PyQt6_Qt6_qml_QtQuick3D_Particles3D_designer_VectorDirection3DSection_qml fileNode\nclass node_venv_lib_python3_12_site-packages_PyQt6_Qt6_qml_QtQuick3D_Particles3D_designer_VectorDirection3DSpecifics_qml fileNode\nclass node_venv_lib_python3_12_site-packages_PyQt6_Qt6_qml_QtQuick3D_Particles3D_designer_Wander3DSection_qml fileNode\nclass node_venv_lib_python3_12_site-packages_PyQt6_Qt6_qml_QtQuick3D_Particles3D_designer_Wander3DSpecifics_qml fileNode\nclass node_venv_lib_python3_12_site-packages_PyQt6_Qt6_qml_QtQuick3D_Particles3D_designer_particles3d_metainfo fileNode\nclass node_venv_lib_python3_12_site-packages_PyQt6_Qt6_qml_QtQuick3D_Particles3D_designer_images_attractor-16px_png fileNode\nclass node_venv_lib_python3_12_site-packages_PyQt6_Qt6_qml_QtQuick3D_Particles3D_designer_images_attractor-24px_png fileNode\nclass node_venv_lib_python3_12_site-packages_PyQt6_Qt6_qml_QtQuick3D_Particles3D_designer_images_attractor-24px@2x_png fileNode\nclass node_venv_lib_python3_12_site-packages_PyQt6_Qt6_qml_QtQuick3D_Particles3D_designer_images_dummy_png fileNode\nclass node_venv_lib_python3_12_site-packages_PyQt6_Qt6_qml_QtQuick3D_Particles3D_designer_images_dummy16_png fileNode\nclass node_venv_lib_python3_12_site-packages_PyQt6_Qt6_qml_QtQuick3D_Particles3D_designer_images_dummy@2x_png fileNode\nclass node_venv_lib_python3_12_site-packages_PyQt6_Qt6_qml_QtQuick3D_Particles3D_designer_images_emit-burst-16px_png fileNode\nclass node_venv_lib_python3_12_site-packages_PyQt6_Qt6_qml_QtQuick3D_Particles3D_designer_images_emit-burst-24px_png fileNode\nclass node_venv_lib_python3_12_site-packages_PyQt6_Qt6_qml_QtQuick3D_Particles3D_designer_images_emit-burst-24px@2x_png fileNode\nclass node_venv_lib_python3_12_site-packages_PyQt6_Qt6_qml_QtQuick3D_Particles3D_designer_images_emitter-16px_png fileNode\nclass node_venv_lib_python3_12_site-packages_PyQt6_Qt6_qml_QtQuick3D_Particles3D_designer_images_emitter-24px_png fileNode\nclass node_venv_lib_python3_12_site-packages_PyQt6_Qt6_qml_QtQuick3D_Particles3D_designer_images_emitter-24px@2x_png fileNode\nclass node_venv_lib_python3_12_site-packages_PyQt6_Qt6_qml_QtQuick3D_Particles3D_designer_images_gravity-16px_png fileNode\nclass node_venv_lib_python3_12_site-packages_PyQt6_Qt6_qml_QtQuick3D_Particles3D_designer_images_gravity-24px_png fileNode\nclass node_venv_lib_python3_12_site-packages_PyQt6_Qt6_qml_QtQuick3D_Particles3D_designer_images_gravity-24px@2x_png fileNode\nclass node_venv_lib_python3_12_site-packages_PyQt6_Qt6_qml_QtQuick3D_Particles3D_designer_images_line-particle-16px_png fileNode\nclass node_venv_lib_python3_12_site-packages_PyQt6_Qt6_qml_QtQuick3D_Particles3D_designer_images_line-particle-24px_png fileNode\nclass node_venv_lib_python3_12_site-packages_PyQt6_Qt6_qml_QtQuick3D_Particles3D_designer_images_line-particle-24px@2x_png fileNode\nclass node_venv_lib_python3_12_site-packages_PyQt6_Qt6_qml_QtQuick3D_Particles3D_designer_images_model-blend-particle-16px_png fileNode\nclass node_venv_lib_python3_12_site-packages_PyQt6_Qt6_qml_QtQuick3D_Particles3D_designer_images_model-blend-particle-24px_png fileNode\nclass node_venv_lib_python3_12_site-packages_PyQt6_Qt6_qml_QtQuick3D_Particles3D_designer_images_model-blend-particle-24px@2x_png fileNode\nclass node_venv_lib_python3_12_site-packages_PyQt6_Qt6_qml_QtQuick3D_Particles3D_designer_images_model-particle-16px_png fileNode\nclass node_venv_lib_python3_12_site-packages_PyQt6_Qt6_qml_QtQuick3D_Particles3D_designer_images_model-particle-24px_png fileNode\nclass node_venv_lib_python3_12_site-packages_PyQt6_Qt6_qml_QtQuick3D_Particles3D_designer_images_model-particle-24px@2x_png fileNode\nclass node_venv_lib_python3_12_site-packages_PyQt6_Qt6_qml_QtQuick3D_Particles3D_designer_images_model-shape-16px_png fileNode\nclass node_venv_lib_python3_12_site-packages_PyQt6_Qt6_qml_QtQuick3D_Particles3D_designer_images_model-shape-24px_png fileNode\nclass node_venv_lib_python3_12_site-packages_PyQt6_Qt6_qml_QtQuick3D_Particles3D_designer_images_model-shape-24px@2x_png fileNode\nclass node_venv_lib_python3_12_site-packages_PyQt6_Qt6_qml_QtQuick3D_Particles3D_designer_images_particle-custom-shape-16px_png fileNode\nclass node_venv_lib_python3_12_site-packages_PyQt6_Qt6_qml_QtQuick3D_Particles3D_designer_images_particle-custom-shape-24px_png fileNode\nclass node_venv_lib_python3_12_site-packages_PyQt6_Qt6_qml_QtQuick3D_Particles3D_designer_images_particle-custom-shape-24px@2x_png fileNode\nclass node_venv_lib_python3_12_site-packages_PyQt6_Qt6_qml_QtQuick3D_Particles3D_designer_images_particle-shape-16px_png fileNode\nclass node_venv_lib_python3_12_site-packages_PyQt6_Qt6_qml_QtQuick3D_Particles3D_designer_images_particle-shape-24px_png fileNode\nclass node_venv_lib_python3_12_site-packages_PyQt6_Qt6_qml_QtQuick3D_Particles3D_designer_images_particle-shape-24px@2x_png fileNode\nclass node_venv_lib_python3_12_site-packages_PyQt6_Qt6_qml_QtQuick3D_Particles3D_designer_images_particle-system-16px_png fileNode\nclass node_venv_lib_python3_12_site-packages_PyQt6_Qt6_qml_QtQuick3D_Particles3D_designer_images_particle-system-24px_png fileNode\nclass node_venv_lib_python3_12_site-packages_PyQt6_Qt6_qml_QtQuick3D_Particles3D_designer_images_particle-system-24px@2x_png fileNode\nclass node_venv_lib_python3_12_site-packages_PyQt6_Qt6_qml_QtQuick3D_Particles3D_designer_images_point-rotator-16px_png fileNode\nclass node_venv_lib_python3_12_site-packages_PyQt6_Qt6_qml_QtQuick3D_Particles3D_designer_images_point-rotator-24px_png fileNode\nclass node_venv_lib_python3_12_site-packages_PyQt6_Qt6_qml_QtQuick3D_Particles3D_designer_images_point-rotator-24px@2x_png fileNode\nclass node_venv_lib_python3_12_site-packages_PyQt6_Qt6_qml_QtQuick3D_Particles3D_designer_images_repeller-16px_png fileNode\nclass node_venv_lib_python3_12_site-packages_PyQt6_Qt6_qml_QtQuick3D_Particles3D_designer_images_repeller-24px_png fileNode\nclass node_venv_lib_python3_12_site-packages_PyQt6_Qt6_qml_QtQuick3D_Particles3D_designer_images_repeller-24px@2x_png fileNode\nclass node_venv_lib_python3_12_site-packages_PyQt6_Qt6_qml_QtQuick3D_Particles3D_designer_images_scale-affector-16px_png fileNode\nclass node_venv_lib_python3_12_site-packages_PyQt6_Qt6_qml_QtQuick3D_Particles3D_designer_images_scale-affector-24px_png fileNode\nclass node_venv_lib_python3_12_site-packages_PyQt6_Qt6_qml_QtQuick3D_Particles3D_designer_images_scale-affector-24px@2x_png fileNode\nclass node_venv_lib_python3_12_site-packages_PyQt6_Qt6_qml_QtQuick3D_Particles3D_designer_images_sprite-particle-16px_png fileNode\nclass node_venv_lib_python3_12_site-packages_PyQt6_Qt6_qml_QtQuick3D_Particles3D_designer_images_sprite-particle-24px_png fileNode\nclass node_venv_lib_python3_12_site-packages_PyQt6_Qt6_qml_QtQuick3D_Particles3D_designer_images_sprite-particle-24px@2x_png fileNode\nclass node_venv_lib_python3_12_site-packages_PyQt6_Qt6_qml_QtQuick3D_Particles3D_designer_images_sprite-sequence-16px_png fileNode\nclass node_venv_lib_python3_12_site-packages_PyQt6_Qt6_qml_QtQuick3D_Particles3D_designer_images_sprite-sequence-24px_png fileNode\nclass node_venv_lib_python3_12_site-packages_PyQt6_Qt6_qml_QtQuick3D_Particles3D_designer_images_sprite-sequence-24px@2x_png fileNode\nclass node_venv_lib_python3_12_site-packages_PyQt6_Qt6_qml_QtQuick3D_Particles3D_designer_images_target-direction-16px_png fileNode\nclass node_venv_lib_python3_12_site-packages_PyQt6_Qt6_qml_QtQuick3D_Particles3D_designer_images_target-direction-24px_png fileNode\nclass node_venv_lib_python3_12_site-packages_PyQt6_Qt6_qml_QtQuick3D_Particles3D_designer_images_target-direction-24px@2x_png fileNode\nclass node_venv_lib_python3_12_site-packages_PyQt6_Qt6_qml_QtQuick3D_Particles3D_designer_images_trail-emitter-16px_png fileNode\nclass node_venv_lib_python3_12_site-packages_PyQt6_Qt6_qml_QtQuick3D_Particles3D_designer_images_trail-emitter-24px_png fileNode\nclass node_venv_lib_python3_12_site-packages_PyQt6_Qt6_qml_QtQuick3D_Particles3D_designer_images_trail-emitter-24px@2x_png fileNode\nclass node_venv_lib_python3_12_site-packages_PyQt6_Qt6_qml_QtQuick3D_Particles3D_designer_images_vector-direction-16px_png fileNode\nclass node_venv_lib_python3_12_site-packages_PyQt6_Qt6_qml_QtQuick3D_Particles3D_designer_images_vector-direction-24px_png fileNode\nclass node_venv_lib_python3_12_site-packages_PyQt6_Qt6_qml_QtQuick3D_Particles3D_designer_images_vector-direction-24px@2x_png fileNode\nclass node_venv_lib_python3_12_site-packages_PyQt6_Qt6_qml_QtQuick3D_Particles3D_designer_images_wander-16px_png fileNode\nclass node_venv_lib_python3_12_site-packages_PyQt6_Qt6_qml_QtQuick3D_Particles3D_designer_images_wander-24px_png fileNode\nclass node_venv_lib_python3_12_site-packages_PyQt6_Qt6_qml_QtQuick3D_Particles3D_designer_images_wander-24px@2x_png fileNode\nclass node_venv_lib_python3_12_site-packages_PyQt6_Qt6_qml_QtQuick3D_Particles3D_designer_source_particlesystem_animatedsprite_template_qml fileNode\nclass node_venv_lib_python3_12_site-packages_PyQt6_Qt6_qml_QtQuick3D_Particles3D_designer_source_particlesystem_attractor_template_qml fileNode\nclass node_venv_lib_python3_12_site-packages_PyQt6_Qt6_qml_QtQuick3D_Particles3D_designer_source_particlesystem_burst_template_qml fileNode\nclass node_venv_lib_python3_12_site-packages_PyQt6_Qt6_qml_QtQuick3D_Particles3D_designer_source_particlesystem_modelblend_template_qml fileNode\nclass node_venv_lib_python3_12_site-packages_PyQt6_Qt6_qml_QtQuick3D_Particles3D_designer_source_particlesystem_modelshape_template_qml fileNode\nclass node_venv_lib_python3_12_site-packages_PyQt6_Qt6_qml_QtQuick3D_Particles3D_designer_source_particlesystem_particletrail_template_qml fileNode\nclass node_venv_lib_python3_12_site-packages_PyQt6_Qt6_qml_QtQuick3D_Particles3D_designer_source_particlesystem_sprite_template_qml fileNode\nclass node_venv_lib_python3_12_site-packages_PyQt6_Qt6_qml_QtQuick3D_Particles3D_designer_source_particlesystem_template_qml fileNode\nclass node_venv_lib_python3_12_site-packages_PyQt6_Qt6_qml_QtQuick3D_Particles3D_designer_source_particlesystem_wander_template_qml fileNode\nclass node_venv_lib_python3_12_site-packages_PyQt6_Qt6_qml_QtQuick3D_Physics_libqquick3dphysicsplugin_dylib fileNode\nclass node_venv_lib_python3_12_site-packages_PyQt6_Qt6_qml_QtQuick3D_Physics_plugins_qmltypes fileNode\nclass node_venv_lib_python3_12_site-packages_PyQt6_Qt6_qml_QtQuick3D_Physics_qmldir fileNode\nclass node_venv_lib_python3_12_site-packages_PyQt6_Qt6_qml_QtQuick3D_Physics_designer_BoxShapeSection_qml fileNode\nclass node_venv_lib_python3_12_site-packages_PyQt6_Qt6_qml_QtQuick3D_Physics_designer_BoxShapeSpecifics_qml fileNode\nclass node_venv_lib_python3_12_site-packages_PyQt6_Qt6_qml_QtQuick3D_Physics_designer_CapsuleShapeSection_qml fileNode\nclass node_venv_lib_python3_12_site-packages_PyQt6_Qt6_qml_QtQuick3D_Physics_designer_CapsuleShapeSpecifics_qml fileNode\nclass node_venv_lib_python3_12_site-packages_PyQt6_Qt6_qml_QtQuick3D_Physics_designer_CharacterControllerSection_qml fileNode\nclass node_venv_lib_python3_12_site-packages_PyQt6_Qt6_qml_QtQuick3D_Physics_designer_CharacterControllerSpecifics_qml fileNode\nclass node_venv_lib_python3_12_site-packages_PyQt6_Qt6_qml_QtQuick3D_Physics_designer_CollisionShapeSection_qml fileNode\nclass node_venv_lib_python3_12_site-packages_PyQt6_Qt6_qml_QtQuick3D_Physics_designer_ConvexMeshShapeSection_qml fileNode\nclass node_venv_lib_python3_12_site-packages_PyQt6_Qt6_qml_QtQuick3D_Physics_designer_ConvexMeshShapeSpecifics_qml fileNode\nclass node_venv_lib_python3_12_site-packages_PyQt6_Qt6_qml_QtQuick3D_Physics_designer_DynamicRigidBodySection_qml fileNode\nclass node_venv_lib_python3_12_site-packages_PyQt6_Qt6_qml_QtQuick3D_Physics_designer_DynamicRigidBodySpecifics_qml fileNode\nclass node_venv_lib_python3_12_site-packages_PyQt6_Qt6_qml_QtQuick3D_Physics_designer_HeightFieldShapeSection_qml fileNode\nclass node_venv_lib_python3_12_site-packages_PyQt6_Qt6_qml_QtQuick3D_Physics_designer_HeightFieldShapeSpecifics_qml fileNode\nclass node_venv_lib_python3_12_site-packages_PyQt6_Qt6_qml_QtQuick3D_Physics_designer_NodeSection_qml fileNode\nclass node_venv_lib_python3_12_site-packages_PyQt6_Qt6_qml_QtQuick3D_Physics_designer_PhysicsBodySection_qml fileNode\nclass node_venv_lib_python3_12_site-packages_PyQt6_Qt6_qml_QtQuick3D_Physics_designer_PhysicsMaterialSection_qml fileNode\nclass node_venv_lib_python3_12_site-packages_PyQt6_Qt6_qml_QtQuick3D_Physics_designer_PhysicsMaterialSpecifics_qml fileNode\nclass node_venv_lib_python3_12_site-packages_PyQt6_Qt6_qml_QtQuick3D_Physics_designer_PhysicsNodeSection_qml fileNode\nclass node_venv_lib_python3_12_site-packages_PyQt6_Qt6_qml_QtQuick3D_Physics_designer_PhysicsWorldSection_qml fileNode\nclass node_venv_lib_python3_12_site-packages_PyQt6_Qt6_qml_QtQuick3D_Physics_designer_PhysicsWorldSpecifics_qml fileNode\nclass node_venv_lib_python3_12_site-packages_PyQt6_Qt6_qml_QtQuick3D_Physics_designer_PlaneShapeSpecifics_qml fileNode\nclass node_venv_lib_python3_12_site-packages_PyQt6_Qt6_qml_QtQuick3D_Physics_designer_SphereShapeSection_qml fileNode\nclass node_venv_lib_python3_12_site-packages_PyQt6_Qt6_qml_QtQuick3D_Physics_designer_SphereShapeSpecifics_qml fileNode\nclass node_venv_lib_python3_12_site-packages_PyQt6_Qt6_qml_QtQuick3D_Physics_designer_StaticRigidBodySpecifics_qml fileNode\nclass node_venv_lib_python3_12_site-packages_PyQt6_Qt6_qml_QtQuick3D_Physics_designer_TriangleMeshShapeSection_qml fileNode\nclass node_venv_lib_python3_12_site-packages_PyQt6_Qt6_qml_QtQuick3D_Physics_designer_TriangleMeshShapeSpecifics_qml fileNode\nclass node_venv_lib_python3_12_site-packages_PyQt6_Qt6_qml_QtQuick3D_Physics_designer_TriggerBodySpecifics_qml fileNode\nclass node_venv_lib_python3_12_site-packages_PyQt6_Qt6_qml_QtQuick3D_Physics_designer_physics_metainfo fileNode\nclass node_venv_lib_python3_12_site-packages_PyQt6_Qt6_qml_QtQuick3D_Physics_designer_images_boxshape_png fileNode\nclass node_venv_lib_python3_12_site-packages_PyQt6_Qt6_qml_QtQuick3D_Physics_designer_images_boxshape16_png fileNode\nclass node_venv_lib_python3_12_site-packages_PyQt6_Qt6_qml_QtQuick3D_Physics_designer_images_boxshape@2x_png fileNode\nclass node_venv_lib_python3_12_site-packages_PyQt6_Qt6_qml_QtQuick3D_Physics_designer_images_capsuleshape_png fileNode\nclass node_venv_lib_python3_12_site-packages_PyQt6_Qt6_qml_QtQuick3D_Physics_designer_images_capsuleshape16_png fileNode\nclass node_venv_lib_python3_12_site-packages_PyQt6_Qt6_qml_QtQuick3D_Physics_designer_images_capsuleshape@2x_png fileNode\nclass node_venv_lib_python3_12_site-packages_PyQt6_Qt6_qml_QtQuick3D_Physics_designer_images_charactercontroller_png fileNode\nclass node_venv_lib_python3_12_site-packages_PyQt6_Qt6_qml_QtQuick3D_Physics_designer_images_charactercontroller16_png fileNode\nclass node_venv_lib_python3_12_site-packages_PyQt6_Qt6_qml_QtQuick3D_Physics_designer_images_charactercontroller@2x_png fileNode\nclass node_venv_lib_python3_12_site-packages_PyQt6_Qt6_qml_QtQuick3D_Physics_designer_images_convexmeshshape_png fileNode\nclass node_venv_lib_python3_12_site-packages_PyQt6_Qt6_qml_QtQuick3D_Physics_designer_images_convexmeshshape16_png fileNode\nclass node_venv_lib_python3_12_site-packages_PyQt6_Qt6_qml_QtQuick3D_Physics_designer_images_convexmeshshape@2x_png fileNode\nclass node_venv_lib_python3_12_site-packages_PyQt6_Qt6_qml_QtQuick3D_Physics_designer_images_dynamicrigidbody_png fileNode\nclass node_venv_lib_python3_12_site-packages_PyQt6_Qt6_qml_QtQuick3D_Physics_designer_images_dynamicrigidbody16_png fileNode\nclass node_venv_lib_python3_12_site-packages_PyQt6_Qt6_qml_QtQuick3D_Physics_designer_images_dynamicrigidbody@2x_png fileNode\nclass node_venv_lib_python3_12_site-packages_PyQt6_Qt6_qml_QtQuick3D_Physics_designer_images_heightfieldshape_png fileNode\nclass node_venv_lib_python3_12_site-packages_PyQt6_Qt6_qml_QtQuick3D_Physics_designer_images_heightfieldshape16_png fileNode\nclass node_venv_lib_python3_12_site-packages_PyQt6_Qt6_qml_QtQuick3D_Physics_designer_images_heightfieldshape@2x_png fileNode\nclass node_venv_lib_python3_12_site-packages_PyQt6_Qt6_qml_QtQuick3D_Physics_designer_images_physicsmaterial_png fileNode\nclass node_venv_lib_python3_12_site-packages_PyQt6_Qt6_qml_QtQuick3D_Physics_designer_images_physicsmaterial16_png fileNode\nclass node_venv_lib_python3_12_site-packages_PyQt6_Qt6_qml_QtQuick3D_Physics_designer_images_physicsmaterial@2x_png fileNode\nclass node_venv_lib_python3_12_site-packages_PyQt6_Qt6_qml_QtQuick3D_Physics_designer_images_physicsworld_png fileNode\nclass node_venv_lib_python3_12_site-packages_PyQt6_Qt6_qml_QtQuick3D_Physics_designer_images_physicsworld16_png fileNode\nclass node_venv_lib_python3_12_site-packages_PyQt6_Qt6_qml_QtQuick3D_Physics_designer_images_physicsworld@2x_png fileNode\nclass node_venv_lib_python3_12_site-packages_PyQt6_Qt6_qml_QtQuick3D_Physics_designer_images_planeshape_png fileNode\nclass node_venv_lib_python3_12_site-packages_PyQt6_Qt6_qml_QtQuick3D_Physics_designer_images_planeshape16_png fileNode\nclass node_venv_lib_python3_12_site-packages_PyQt6_Qt6_qml_QtQuick3D_Physics_designer_images_planeshape@2x_png fileNode\nclass node_venv_lib_python3_12_site-packages_PyQt6_Qt6_qml_QtQuick3D_Physics_designer_images_sphereshape_png fileNode\nclass node_venv_lib_python3_12_site-packages_PyQt6_Qt6_qml_QtQuick3D_Physics_designer_images_sphereshape16_png fileNode\nclass node_venv_lib_python3_12_site-packages_PyQt6_Qt6_qml_QtQuick3D_Physics_designer_images_sphereshape@2x_png fileNode\nclass node_venv_lib_python3_12_site-packages_PyQt6_Qt6_qml_QtQuick3D_Physics_designer_images_staticrigidbody_png fileNode\nclass node_venv_lib_python3_12_site-packages_PyQt6_Qt6_qml_QtQuick3D_Physics_designer_images_staticrigidbody16_png fileNode\nclass node_venv_lib_python3_12_site-packages_PyQt6_Qt6_qml_QtQuick3D_Physics_designer_images_staticrigidbody@2x_png fileNode\nclass node_venv_lib_python3_12_site-packages_PyQt6_Qt6_qml_QtQuick3D_Physics_designer_images_trianglemeshshape_png fileNode\nclass node_venv_lib_python3_12_site-packages_PyQt6_Qt6_qml_QtQuick3D_Physics_designer_images_trianglemeshshape16_png fileNode\nclass node_venv_lib_python3_12_site-packages_PyQt6_Qt6_qml_QtQuick3D_Physics_designer_images_trianglemeshshape@2x_png fileNode\nclass node_venv_lib_python3_12_site-packages_PyQt6_Qt6_qml_QtQuick3D_Physics_designer_images_triggerbody_png fileNode\nclass node_venv_lib_python3_12_site-packages_PyQt6_Qt6_qml_QtQuick3D_Physics_designer_images_triggerbody16_png fileNode\nclass node_venv_lib_python3_12_site-packages_PyQt6_Qt6_qml_QtQuick3D_Physics_designer_images_triggerbody@2x_png fileNode\nclass node_venv_lib_python3_12_site-packages_PyQt6_Qt6_qml_QtQuick3D_Physics_Helpers_libqtquick3dphysicshelpersplugin_dylib fileNode\nclass node_venv_lib_python3_12_site-packages_PyQt6_Qt6_qml_QtQuick3D_Physics_Helpers_plugins_qmltypes fileNode\nclass node_venv_lib_python3_12_site-packages_PyQt6_Qt6_qml_QtQuick3D_Physics_Helpers_qmldir fileNode\nclass node_venv_lib_python3_12_site-packages_PyQt6_Qt6_qml_QtQuick3D_Effects_AdditiveColorGradient_qml fileNode\nclass node_venv_lib_python3_12_site-packages_PyQt6_Qt6_qml_QtQuick3D_Effects_Blur_qml fileNode\nclass node_venv_lib_python3_12_site-packages_PyQt6_Qt6_qml_QtQuick3D_Effects_BrushStrokes_qml fileNode\nclass node_venv_lib_python3_12_site-packages_PyQt6_Qt6_qml_QtQuick3D_Effects_ChromaticAberration_qml fileNode\nclass node_venv_lib_python3_12_site-packages_PyQt6_Qt6_qml_QtQuick3D_Effects_ColorMaster_qml fileNode\nclass node_venv_lib_python3_12_site-packages_PyQt6_Qt6_qml_QtQuick3D_Effects_DepthOfFieldHQBlur_qml fileNode\nclass node_venv_lib_python3_12_site-packages_PyQt6_Qt6_qml_QtQuick3D_Effects_Desaturate_qml fileNode\nclass node_venv_lib_python3_12_site-packages_PyQt6_Qt6_qml_QtQuick3D_Effects_DistortionRipple_qml fileNode\nclass node_venv_lib_python3_12_site-packages_PyQt6_Qt6_qml_QtQuick3D_Effects_DistortionSphere_qml fileNode\nclass node_venv_lib_python3_12_site-packages_PyQt6_Qt6_qml_QtQuick3D_Effects_DistortionSpiral_qml fileNode\nclass node_venv_lib_python3_12_site-packages_PyQt6_Qt6_qml_QtQuick3D_Effects_EdgeDetect_qml fileNode\nclass node_venv_lib_python3_12_site-packages_PyQt6_Qt6_qml_QtQuick3D_Effects_Emboss_qml fileNode\nclass node_venv_lib_python3_12_site-packages_PyQt6_Qt6_qml_QtQuick3D_Effects_Flip_qml fileNode\nclass node_venv_lib_python3_12_site-packages_PyQt6_Qt6_qml_QtQuick3D_Effects_Fxaa_qml fileNode\nclass node_venv_lib_python3_12_site-packages_PyQt6_Qt6_qml_QtQuick3D_Effects_GaussianBlur_qml fileNode\nclass node_venv_lib_python3_12_site-packages_PyQt6_Qt6_qml_QtQuick3D_Effects_HDRBloomTonemap_qml fileNode\nclass node_venv_lib_python3_12_site-packages_PyQt6_Qt6_qml_QtQuick3D_Effects_MotionBlur_qml fileNode\nclass node_venv_lib_python3_12_site-packages_PyQt6_Qt6_qml_QtQuick3D_Effects_Quick3DEffects_qmltypes fileNode\nclass node_venv_lib_python3_12_site-packages_PyQt6_Qt6_qml_QtQuick3D_Effects_SCurveTonemap_qml fileNode\nclass node_venv_lib_python3_12_site-packages_PyQt6_Qt6_qml_QtQuick3D_Effects_Scatter_qml fileNode\nclass node_venv_lib_python3_12_site-packages_PyQt6_Qt6_qml_QtQuick3D_Effects_TiltShift_qml fileNode\nclass node_venv_lib_python3_12_site-packages_PyQt6_Qt6_qml_QtQuick3D_Effects_Vignette_qml fileNode\nclass node_venv_lib_python3_12_site-packages_PyQt6_Qt6_qml_QtQuick3D_Effects_libqtquick3deffectplugin_dylib fileNode\nclass node_venv_lib_python3_12_site-packages_PyQt6_Qt6_qml_QtQuick3D_Effects_qmldir fileNode\nclass node_venv_lib_python3_12_site-packages_PyQt6_Qt6_qml_QtQuick3D_Effects_designer_AdditiveColorGradientSection_qml fileNode\nclass node_venv_lib_python3_12_site-packages_PyQt6_Qt6_qml_QtQuick3D_Effects_designer_AdditiveColorGradientSpecifics_qml fileNode\nclass node_venv_lib_python3_12_site-packages_PyQt6_Qt6_qml_QtQuick3D_Effects_designer_BlurSection_qml fileNode\nclass node_venv_lib_python3_12_site-packages_PyQt6_Qt6_qml_QtQuick3D_Effects_designer_BlurSpecifics_qml fileNode\nclass node_venv_lib_python3_12_site-packages_PyQt6_Qt6_qml_QtQuick3D_Effects_designer_BrushStrokesSection_qml fileNode\nclass node_venv_lib_python3_12_site-packages_PyQt6_Qt6_qml_QtQuick3D_Effects_designer_BrushStrokesSpecifics_qml fileNode\nclass node_venv_lib_python3_12_site-packages_PyQt6_Qt6_qml_QtQuick3D_Effects_designer_ChromaticAberrationSection_qml fileNode\nclass node_venv_lib_python3_12_site-packages_PyQt6_Qt6_qml_QtQuick3D_Effects_designer_ChromaticAberrationSpecifics_qml fileNode\nclass node_venv_lib_python3_12_site-packages_PyQt6_Qt6_qml_QtQuick3D_Effects_designer_ColorMasterSection_qml fileNode\nclass node_venv_lib_python3_12_site-packages_PyQt6_Qt6_qml_QtQuick3D_Effects_designer_ColorMasterSpecifics_qml fileNode\nclass node_venv_lib_python3_12_site-packages_PyQt6_Qt6_qml_QtQuick3D_Effects_designer_DepthOfFieldHQBlurSection_qml fileNode\nclass node_venv_lib_python3_12_site-packages_PyQt6_Qt6_qml_QtQuick3D_Effects_designer_DepthOfFieldHQBlurSpecifics_qml fileNode\nclass node_venv_lib_python3_12_site-packages_PyQt6_Qt6_qml_QtQuick3D_Effects_designer_DesaturateSection_qml fileNode\nclass node_venv_lib_python3_12_site-packages_PyQt6_Qt6_qml_QtQuick3D_Effects_designer_DesaturateSpecifics_qml fileNode\nclass node_venv_lib_python3_12_site-packages_PyQt6_Qt6_qml_QtQuick3D_Effects_designer_DistortionRippleSection_qml fileNode\nclass node_venv_lib_python3_12_site-packages_PyQt6_Qt6_qml_QtQuick3D_Effects_designer_DistortionRippleSpecifics_qml fileNode\nclass node_venv_lib_python3_12_site-packages_PyQt6_Qt6_qml_QtQuick3D_Effects_designer_DistortionSphereSection_qml fileNode\nclass node_venv_lib_python3_12_site-packages_PyQt6_Qt6_qml_QtQuick3D_Effects_designer_DistortionSphereSpecifics_qml fileNode\nclass node_venv_lib_python3_12_site-packages_PyQt6_Qt6_qml_QtQuick3D_Effects_designer_DistortionSpiralSection_qml fileNode\nclass node_venv_lib_python3_12_site-packages_PyQt6_Qt6_qml_QtQuick3D_Effects_designer_DistortionSpiralSpecifics_qml fileNode\nclass node_venv_lib_python3_12_site-packages_PyQt6_Qt6_qml_QtQuick3D_Effects_designer_EdgeDetectSection_qml fileNode\nclass node_venv_lib_python3_12_site-packages_PyQt6_Qt6_qml_QtQuick3D_Effects_designer_EdgeDetectSpecifics_qml fileNode\nclass node_venv_lib_python3_12_site-packages_PyQt6_Qt6_qml_QtQuick3D_Effects_designer_EmbossSection_qml fileNode\nclass node_venv_lib_python3_12_site-packages_PyQt6_Qt6_qml_QtQuick3D_Effects_designer_EmbossSpecifics_qml fileNode\nclass node_venv_lib_python3_12_site-packages_PyQt6_Qt6_qml_QtQuick3D_Effects_designer_FlipSection_qml fileNode\nclass node_venv_lib_python3_12_site-packages_PyQt6_Qt6_qml_QtQuick3D_Effects_designer_FlipSpecifics_qml fileNode\nclass node_venv_lib_python3_12_site-packages_PyQt6_Qt6_qml_QtQuick3D_Effects_designer_FxaaSection_qml fileNode\nclass node_venv_lib_python3_12_site-packages_PyQt6_Qt6_qml_QtQuick3D_Effects_designer_FxaaSpecifics_qml fileNode\nclass node_venv_lib_python3_12_site-packages_PyQt6_Qt6_qml_QtQuick3D_Effects_designer_GaussianBlurSection_qml fileNode\nclass node_venv_lib_python3_12_site-packages_PyQt6_Qt6_qml_QtQuick3D_Effects_designer_GaussianBlurSpecifics_qml fileNode\nclass node_venv_lib_python3_12_site-packages_PyQt6_Qt6_qml_QtQuick3D_Effects_designer_HDRBloomTonemapSection_qml fileNode\nclass node_venv_lib_python3_12_site-packages_PyQt6_Qt6_qml_QtQuick3D_Effects_designer_HDRBloomTonemapSpecifics_qml fileNode\nclass node_venv_lib_python3_12_site-packages_PyQt6_Qt6_qml_QtQuick3D_Effects_designer_MotionBlurSection_qml fileNode\nclass node_venv_lib_python3_12_site-packages_PyQt6_Qt6_qml_QtQuick3D_Effects_designer_MotionBlurSpecifics_qml fileNode\nclass node_venv_lib_python3_12_site-packages_PyQt6_Qt6_qml_QtQuick3D_Effects_designer_SCurveTonemapSection_qml fileNode\nclass node_venv_lib_python3_12_site-packages_PyQt6_Qt6_qml_QtQuick3D_Effects_designer_SCurveTonemapSpecifics_qml fileNode\nclass node_venv_lib_python3_12_site-packages_PyQt6_Qt6_qml_QtQuick3D_Effects_designer_ScatterSection_qml fileNode\nclass node_venv_lib_python3_12_site-packages_PyQt6_Qt6_qml_QtQuick3D_Effects_designer_ScatterSpecifics_qml fileNode\nclass node_venv_lib_python3_12_site-packages_PyQt6_Qt6_qml_QtQuick3D_Effects_designer_TiltShiftSection_qml fileNode\nclass node_venv_lib_python3_12_site-packages_PyQt6_Qt6_qml_QtQuick3D_Effects_designer_TiltShiftSpecifics_qml fileNode\nclass node_venv_lib_python3_12_site-packages_PyQt6_Qt6_qml_QtQuick3D_Effects_designer_VignetteSection_qml fileNode\nclass node_venv_lib_python3_12_site-packages_PyQt6_Qt6_qml_QtQuick3D_Effects_designer_VignetteSpecifics_qml fileNode\nclass node_venv_lib_python3_12_site-packages_PyQt6_Qt6_qml_QtQuick3D_Effects_designer_effectlib_metainfo fileNode\nclass node_venv_lib_python3_12_site-packages_PyQt6_Qt6_qml_QtQuick3D_Effects_designer_images_effect_png fileNode\nclass node_venv_lib_python3_12_site-packages_PyQt6_Qt6_qml_QtQuick3D_Effects_designer_images_effect16_png fileNode\nclass node_venv_lib_python3_12_site-packages_PyQt6_Qt6_qml_QtQuick3D_Effects_designer_images_effect@2x_png fileNode\nclass node_venv_lib_python3_12_site-packages_PyQt6_Qt6_qml_QtQuick3D_Helpers_AxisHelper_qml fileNode\nclass node_venv_lib_python3_12_site-packages_PyQt6_Qt6_qml_QtQuick3D_Helpers_DebugView_qml fileNode\nclass node_venv_lib_python3_12_site-packages_PyQt6_Qt6_qml_QtQuick3D_Helpers_ExtendedSceneEnvironment_qml fileNode\nclass node_venv_lib_python3_12_site-packages_PyQt6_Qt6_qml_QtQuick3D_Helpers_LodManager_qml fileNode\nclass node_venv_lib_python3_12_site-packages_PyQt6_Qt6_qml_QtQuick3D_Helpers_OrbitCameraController_qml fileNode\nclass node_venv_lib_python3_12_site-packages_PyQt6_Qt6_qml_QtQuick3D_Helpers_WasdController_qml fileNode\nclass node_venv_lib_python3_12_site-packages_PyQt6_Qt6_qml_QtQuick3D_Helpers_libqtquick3dhelpersplugin_dylib fileNode\nclass node_venv_lib_python3_12_site-packages_PyQt6_Qt6_qml_QtQuick3D_Helpers_plugins_qmltypes fileNode\nclass node_venv_lib_python3_12_site-packages_PyQt6_Qt6_qml_QtQuick3D_Helpers_qmldir fileNode\nclass node_venv_lib_python3_12_site-packages_PyQt6_Qt6_qml_QtQuick3D_Helpers_impl_DepthOfFieldBlur_qml fileNode\nclass node_venv_lib_python3_12_site-packages_PyQt6_Qt6_qml_QtQuick3D_Helpers_impl_SceneEffect_qml fileNode\nclass node_venv_lib_python3_12_site-packages_PyQt6_Qt6_qml_QtQuick3D_Helpers_impl_libqtquick3dhelpersimplplugin_dylib fileNode\nclass node_venv_lib_python3_12_site-packages_PyQt6_Qt6_qml_QtQuick3D_Helpers_impl_plugins_qmltypes fileNode\nclass node_venv_lib_python3_12_site-packages_PyQt6_Qt6_qml_QtQuick3D_Helpers_impl_qmldir fileNode\nclass node_venv_lib_python3_12_site-packages_PyQt6_Qt6_qml_QtQuick3D_Helpers_meshes_axisGrid_mesh fileNode\nclass node_venv_lib_python3_12_site-packages_PyQt6_Qt6_qml_QtQuick3D_Helpers_designer_AxisHelperSection_qml fileNode\nclass node_venv_lib_python3_12_site-packages_PyQt6_Qt6_qml_QtQuick3D_Helpers_designer_AxisHelperSpecifics_qml fileNode\nclass node_venv_lib_python3_12_site-packages_PyQt6_Qt6_qml_QtQuick3D_Helpers_designer_DebugViewSection_qml fileNode\nclass node_venv_lib_python3_12_site-packages_PyQt6_Qt6_qml_QtQuick3D_Helpers_designer_DebugViewSpecifics_qml fileNode\nclass node_venv_lib_python3_12_site-packages_PyQt6_Qt6_qml_QtQuick3D_Helpers_designer_ExtendedSceneEnvironmentSection_qml fileNode\nclass node_venv_lib_python3_12_site-packages_PyQt6_Qt6_qml_QtQuick3D_Helpers_designer_ExtendedSceneEnvironmentSpecifics_qml fileNode\nclass node_venv_lib_python3_12_site-packages_PyQt6_Qt6_qml_QtQuick3D_Helpers_designer_GridGeometrySection_qml fileNode\nclass node_venv_lib_python3_12_site-packages_PyQt6_Qt6_qml_QtQuick3D_Helpers_designer_GridGeometrySpecifics_qml fileNode\nclass node_venv_lib_python3_12_site-packages_PyQt6_Qt6_qml_QtQuick3D_Helpers_designer_HeightFieldGeometrySection_qml fileNode\nclass node_venv_lib_python3_12_site-packages_PyQt6_Qt6_qml_QtQuick3D_Helpers_designer_HeightFieldGeometrySpecifics_qml fileNode\nclass node_venv_lib_python3_12_site-packages_PyQt6_Qt6_qml_QtQuick3D_Helpers_designer_InfiniteGridSection_qml fileNode\nclass node_venv_lib_python3_12_site-packages_PyQt6_Qt6_qml_QtQuick3D_Helpers_designer_InfiniteGridSpecifics_qml fileNode\nclass node_venv_lib_python3_12_site-packages_PyQt6_Qt6_qml_QtQuick3D_Helpers_designer_InstanceModelSection_qml fileNode\nclass node_venv_lib_python3_12_site-packages_PyQt6_Qt6_qml_QtQuick3D_Helpers_designer_InstanceModelSpecifics_qml fileNode\nclass node_venv_lib_python3_12_site-packages_PyQt6_Qt6_qml_QtQuick3D_Helpers_designer_InstanceRepeaterSection_qml fileNode\nclass node_venv_lib_python3_12_site-packages_PyQt6_Qt6_qml_QtQuick3D_Helpers_designer_InstanceRepeaterSpecifics_qml fileNode\nclass node_venv_lib_python3_12_site-packages_PyQt6_Qt6_qml_QtQuick3D_Helpers_designer_LodManagerSection_qml fileNode\nclass node_venv_lib_python3_12_site-packages_PyQt6_Qt6_qml_QtQuick3D_Helpers_designer_LodManagerSpecifics_qml fileNode\nclass node_venv_lib_python3_12_site-packages_PyQt6_Qt6_qml_QtQuick3D_Helpers_designer_LookAtNodeSection_qml fileNode\nclass node_venv_lib_python3_12_site-packages_PyQt6_Qt6_qml_QtQuick3D_Helpers_designer_LookAtNodeSpecifics_qml fileNode\nclass node_venv_lib_python3_12_site-packages_PyQt6_Qt6_qml_QtQuick3D_Helpers_designer_NodeSection_qml fileNode\nclass node_venv_lib_python3_12_site-packages_PyQt6_Qt6_qml_QtQuick3D_Helpers_designer_OrbitCameraControllerSection_qml fileNode\nclass node_venv_lib_python3_12_site-packages_PyQt6_Qt6_qml_QtQuick3D_Helpers_designer_OrbitCameraControllerSpecifics_qml fileNode\nclass node_venv_lib_python3_12_site-packages_PyQt6_Qt6_qml_QtQuick3D_Helpers_designer_ProceduralSkyTextureDataSection_qml fileNode\nclass node_venv_lib_python3_12_site-packages_PyQt6_Qt6_qml_QtQuick3D_Helpers_designer_ProceduralSkyTextureDataSpecifics_qml fileNode\nclass node_venv_lib_python3_12_site-packages_PyQt6_Qt6_qml_QtQuick3D_Helpers_designer_Repeater3DSection_qml fileNode\nclass node_venv_lib_python3_12_site-packages_PyQt6_Qt6_qml_QtQuick3D_Helpers_designer_WasdControllerSection_qml fileNode\nclass node_venv_lib_python3_12_site-packages_PyQt6_Qt6_qml_QtQuick3D_Helpers_designer_WasdControllerSpecifics_qml fileNode\nclass node_venv_lib_python3_12_site-packages_PyQt6_Qt6_qml_QtQuick3D_Helpers_designer_helpers_metainfo fileNode\nclass node_venv_lib_python3_12_site-packages_PyQt6_Qt6_qml_QtQuick3D_Helpers_designer_images_axishelper_png fileNode\nclass node_venv_lib_python3_12_site-packages_PyQt6_Qt6_qml_QtQuick3D_Helpers_designer_images_axishelper16_png fileNode\nclass node_venv_lib_python3_12_site-packages_PyQt6_Qt6_qml_QtQuick3D_Helpers_designer_images_axishelper@2x_png fileNode\nclass node_venv_lib_python3_12_site-packages_PyQt6_Qt6_qml_QtQuick3D_Helpers_designer_images_debugview_png fileNode\nclass node_venv_lib_python3_12_site-packages_PyQt6_Qt6_qml_QtQuick3D_Helpers_designer_images_debugview16_png fileNode\nclass node_venv_lib_python3_12_site-packages_PyQt6_Qt6_qml_QtQuick3D_Helpers_designer_images_debugview@2x_png fileNode\nclass node_venv_lib_python3_12_site-packages_PyQt6_Qt6_qml_QtQuick3D_Helpers_designer_images_dummy_png fileNode\nclass node_venv_lib_python3_12_site-packages_PyQt6_Qt6_qml_QtQuick3D_Helpers_designer_images_dummy16_png fileNode\nclass node_venv_lib_python3_12_site-packages_PyQt6_Qt6_qml_QtQuick3D_Helpers_designer_images_dummy@2x_png fileNode\nclass node_venv_lib_python3_12_site-packages_PyQt6_Qt6_qml_QtQuick3D_Helpers_designer_images_extendedsceneenvironment_png fileNode\nclass node_venv_lib_python3_12_site-packages_PyQt6_Qt6_qml_QtQuick3D_Helpers_designer_images_extendedsceneenvironment16_png fileNode\nclass node_venv_lib_python3_12_site-packages_PyQt6_Qt6_qml_QtQuick3D_Helpers_designer_images_extendedsceneenvironment@2x_png fileNode\nclass node_venv_lib_python3_12_site-packages_PyQt6_Qt6_qml_QtQuick3D_Helpers_designer_images_gridgeometry_png fileNode\nclass node_venv_lib_python3_12_site-packages_PyQt6_Qt6_qml_QtQuick3D_Helpers_designer_images_gridgeometry16_png fileNode\nclass node_venv_lib_python3_12_site-packages_PyQt6_Qt6_qml_QtQuick3D_Helpers_designer_images_gridgeometry@2x_png fileNode\nclass node_venv_lib_python3_12_site-packages_PyQt6_Qt6_qml_QtQuick3D_Helpers_designer_images_heightfieldgeometry_png fileNode\nclass node_venv_lib_python3_12_site-packages_PyQt6_Qt6_qml_QtQuick3D_Helpers_designer_images_heightfieldgeometry16_png fileNode\nclass node_venv_lib_python3_12_site-packages_PyQt6_Qt6_qml_QtQuick3D_Helpers_designer_images_heightfieldgeometry@2x_png fileNode\nclass node_venv_lib_python3_12_site-packages_PyQt6_Qt6_qml_QtQuick3D_Helpers_designer_images_infinitegrid_png fileNode\nclass node_venv_lib_python3_12_site-packages_PyQt6_Qt6_qml_QtQuick3D_Helpers_designer_images_infinitegrid16_png fileNode\nclass node_venv_lib_python3_12_site-packages_PyQt6_Qt6_qml_QtQuick3D_Helpers_designer_images_infinitegrid@2x_png fileNode\nclass node_venv_lib_python3_12_site-packages_PyQt6_Qt6_qml_QtQuick3D_Helpers_designer_images_instancemodel_png fileNode\nclass node_venv_lib_python3_12_site-packages_PyQt6_Qt6_qml_QtQuick3D_Helpers_designer_images_instancemodel16_png fileNode\nclass node_venv_lib_python3_12_site-packages_PyQt6_Qt6_qml_QtQuick3D_Helpers_designer_images_instancemodel@2x_png fileNode\nclass node_venv_lib_python3_12_site-packages_PyQt6_Qt6_qml_QtQuick3D_Helpers_designer_images_instancerepeater_png fileNode\nclass node_venv_lib_python3_12_site-packages_PyQt6_Qt6_qml_QtQuick3D_Helpers_designer_images_instancerepeater16_png fileNode\nclass node_venv_lib_python3_12_site-packages_PyQt6_Qt6_qml_QtQuick3D_Helpers_designer_images_instancerepeater@2x_png fileNode\nclass node_venv_lib_python3_12_site-packages_PyQt6_Qt6_qml_QtQuick3D_Helpers_designer_images_lodmanager_png fileNode\nclass node_venv_lib_python3_12_site-packages_PyQt6_Qt6_qml_QtQuick3D_Helpers_designer_images_lodmanager16_png fileNode\nclass node_venv_lib_python3_12_site-packages_PyQt6_Qt6_qml_QtQuick3D_Helpers_designer_images_lodmanager@2x_png fileNode\nclass node_venv_lib_python3_12_site-packages_PyQt6_Qt6_qml_QtQuick3D_Helpers_designer_images_lookatnode_png fileNode\nclass node_venv_lib_python3_12_site-packages_PyQt6_Qt6_qml_QtQuick3D_Helpers_designer_images_lookatnode16_png fileNode\nclass node_venv_lib_python3_12_site-packages_PyQt6_Qt6_qml_QtQuick3D_Helpers_designer_images_lookatnode@2x_png fileNode\nclass node_venv_lib_python3_12_site-packages_PyQt6_Qt6_qml_QtQuick3D_Helpers_designer_images_orbitcameracontroller_png fileNode\nclass node_venv_lib_python3_12_site-packages_PyQt6_Qt6_qml_QtQuick3D_Helpers_designer_images_orbitcameracontroller16_png fileNode\nclass node_venv_lib_python3_12_site-packages_PyQt6_Qt6_qml_QtQuick3D_Helpers_designer_images_orbitcameracontroller@2x_png fileNode\nclass node_venv_lib_python3_12_site-packages_PyQt6_Qt6_qml_QtQuick3D_Helpers_designer_images_proceduralskytexturedata_png fileNode\nclass node_venv_lib_python3_12_site-packages_PyQt6_Qt6_qml_QtQuick3D_Helpers_designer_images_proceduralskytexturedata16_png fileNode\nclass node_venv_lib_python3_12_site-packages_PyQt6_Qt6_qml_QtQuick3D_Helpers_designer_images_proceduralskytexturedata@2x_png fileNode\nclass node_venv_lib_python3_12_site-packages_PyQt6_Qt6_qml_QtQuick3D_Helpers_designer_images_wasdcontroller_png fileNode\nclass node_venv_lib_python3_12_site-packages_PyQt6_Qt6_qml_QtQuick3D_Helpers_designer_images_wasdcontroller16_png fileNode\nclass node_venv_lib_python3_12_site-packages_PyQt6_Qt6_qml_QtQuick3D_Helpers_designer_images_wasdcontroller@2x_png fileNode\nclass node_venv_lib_python3_12_site-packages_PyQt6_Qt6_qml_QtRemoteObjects_libdeclarative_remoteobjectsplugin_dylib fileNode\nclass node_venv_lib_python3_12_site-packages_PyQt6_Qt6_qml_QtRemoteObjects_plugins_qmltypes fileNode\nclass node_venv_lib_python3_12_site-packages_PyQt6_Qt6_qml_QtRemoteObjects_qmldir fileNode\nclass node_venv_lib_python3_12_site-packages_PyQt6_Qt6_qml_QtSensors_libsensorsquickplugin_dylib fileNode\nclass node_venv_lib_python3_12_site-packages_PyQt6_Qt6_qml_QtSensors_plugins_qmltypes fileNode\nclass node_venv_lib_python3_12_site-packages_PyQt6_Qt6_qml_QtSensors_qmldir fileNode\nclass node_venv_lib_python3_12_site-packages_PyQt6_Qt6_qml_QtQuick_libqtquick2plugin_dylib fileNode\nclass node_venv_lib_python3_12_site-packages_PyQt6_Qt6_qml_QtQuick_plugins_qmltypes fileNode\nclass node_venv_lib_python3_12_site-packages_PyQt6_Qt6_qml_QtQuick_qmldir fileNode\nclass node_venv_lib_python3_12_site-packages_PyQt6_Qt6_qml_QtQuick_tooling_Component_qml fileNode\nclass node_venv_lib_python3_12_site-packages_PyQt6_Qt6_qml_QtQuick_tooling_Enum_qml fileNode\nclass node_venv_lib_python3_12_site-packages_PyQt6_Qt6_qml_QtQuick_tooling_Member_qml fileNode\nclass node_venv_lib_python3_12_site-packages_PyQt6_Qt6_qml_QtQuick_tooling_Method_qml fileNode\nclass node_venv_lib_python3_12_site-packages_PyQt6_Qt6_qml_QtQuick_tooling_Module_qml fileNode\nclass node_venv_lib_python3_12_site-packages_PyQt6_Qt6_qml_QtQuick_tooling_Parameter_qml fileNode\nclass node_venv_lib_python3_12_site-packages_PyQt6_Qt6_qml_QtQuick_tooling_Property_qml fileNode\nclass node_venv_lib_python3_12_site-packages_PyQt6_Qt6_qml_QtQuick_tooling_Signal_qml fileNode\nclass node_venv_lib_python3_12_site-packages_PyQt6_Qt6_qml_QtQuick_tooling_libquicktoolingplugin_dylib fileNode\nclass node_venv_lib_python3_12_site-packages_PyQt6_Qt6_qml_QtQuick_tooling_qmldir fileNode\nclass node_venv_lib_python3_12_site-packages_PyQt6_Qt6_qml_QtQuick_tooling_quicktooling_qmltypes fileNode\nclass node_venv_lib_python3_12_site-packages_PyQt6_Qt6_qml_QtQuick_Scene2D_libqtquickscene2dplugin_dylib fileNode\nclass node_venv_lib_python3_12_site-packages_PyQt6_Qt6_qml_QtQuick_Scene2D_plugins_qmltypes fileNode\nclass node_venv_lib_python3_12_site-packages_PyQt6_Qt6_qml_QtQuick_Scene2D_qmldir fileNode\nclass node_venv_lib_python3_12_site-packages_PyQt6_Qt6_qml_QtQuick_Pdf_PdfLinkDelegate_qml fileNode\nclass node_venv_lib_python3_12_site-packages_PyQt6_Qt6_qml_QtQuick_Pdf_PdfMultiPageView_qml fileNode\nclass node_venv_lib_python3_12_site-packages_PyQt6_Qt6_qml_QtQuick_Pdf_PdfPageView_qml fileNode\nclass node_venv_lib_python3_12_site-packages_PyQt6_Qt6_qml_QtQuick_Pdf_PdfScrollablePageView_qml fileNode\nclass node_venv_lib_python3_12_site-packages_PyQt6_Qt6_qml_QtQuick_Pdf_PdfStyle_qml fileNode\nclass node_venv_lib_python3_12_site-packages_PyQt6_Qt6_qml_QtQuick_Pdf_libpdfquickplugin_dylib fileNode\nclass node_venv_lib_python3_12_site-packages_PyQt6_Qt6_qml_QtQuick_Pdf_plugins_qmltypes fileNode\nclass node_venv_lib_python3_12_site-packages_PyQt6_Qt6_qml_QtQuick_Pdf_qmldir fileNode\nclass node_venv_lib_python3_12_site-packages_PyQt6_Qt6_qml_QtQuick_Pdf_+Universal_PdfStyle_qml fileNode\nclass node_venv_lib_python3_12_site-packages_PyQt6_Qt6_qml_QtQuick_Pdf_+Material_PdfStyle_qml fileNode\nclass node_venv_lib_python3_12_site-packages_PyQt6_Qt6_qml_QtQuick_Shapes_libqmlshapesplugin_dylib fileNode\nclass node_venv_lib_python3_12_site-packages_PyQt6_Qt6_qml_QtQuick_Shapes_plugins_qmltypes fileNode\nclass node_venv_lib_python3_12_site-packages_PyQt6_Qt6_qml_QtQuick_Shapes_qmldir fileNode\nclass node_venv_lib_python3_12_site-packages_PyQt6_Qt6_qml_QtQuick_Shapes_DesignHelpers_libqtquickshapesdesignhelpersplugin_dylib fileNode\nclass node_venv_lib_python3_12_site-packages_PyQt6_Qt6_qml_QtQuick_Shapes_DesignHelpers_plugins_qmltypes fileNode\nclass node_venv_lib_python3_12_site-packages_PyQt6_Qt6_qml_QtQuick_Shapes_DesignHelpers_qmldir fileNode\nclass node_venv_lib_python3_12_site-packages_PyQt6_Qt6_qml_QtQuick_Particles_libparticlesplugin_dylib fileNode\nclass node_venv_lib_python3_12_site-packages_PyQt6_Qt6_qml_QtQuick_Particles_plugins_qmltypes fileNode\nclass node_venv_lib_python3_12_site-packages_PyQt6_Qt6_qml_QtQuick_Particles_qmldir fileNode\nclass node_venv_lib_python3_12_site-packages_PyQt6_Qt6_qml_QtQuick_VectorImage_libqquickvectorimageplugin_dylib fileNode\nclass node_venv_lib_python3_12_site-packages_PyQt6_Qt6_qml_QtQuick_VectorImage_plugins_qmltypes fileNode\nclass node_venv_lib_python3_12_site-packages_PyQt6_Qt6_qml_QtQuick_VectorImage_qmldir fileNode\nclass node_venv_lib_python3_12_site-packages_PyQt6_Qt6_qml_QtQuick_VectorImage_Helpers_libqquickvectorimagehelpersplugin_dylib fileNode\nclass node_venv_lib_python3_12_site-packages_PyQt6_Qt6_qml_QtQuick_VectorImage_Helpers_plugins_qmltypes fileNode\nclass node_venv_lib_python3_12_site-packages_PyQt6_Qt6_qml_QtQuick_VectorImage_Helpers_qmldir fileNode\nclass node_venv_lib_python3_12_site-packages_PyQt6_Qt6_qml_QtQuick_Controls_libqtquickcontrols2plugin_dylib fileNode\nclass node_venv_lib_python3_12_site-packages_PyQt6_Qt6_qml_QtQuick_Controls_plugins_qmltypes fileNode\nclass node_venv_lib_python3_12_site-packages_PyQt6_Qt6_qml_QtQuick_Controls_qmldir fileNode\nclass node_venv_lib_python3_12_site-packages_PyQt6_Qt6_qml_QtQuick_Controls_Fusion_ApplicationWindow_qml fileNode\nclass node_venv_lib_python3_12_site-packages_PyQt6_Qt6_qml_QtQuick_Controls_Fusion_BusyIndicator_qml fileNode\nclass node_venv_lib_python3_12_site-packages_PyQt6_Qt6_qml_QtQuick_Controls_Fusion_Button_qml fileNode\nclass node_venv_lib_python3_12_site-packages_PyQt6_Qt6_qml_QtQuick_Controls_Fusion_CheckBox_qml fileNode\nclass node_venv_lib_python3_12_site-packages_PyQt6_Qt6_qml_QtQuick_Controls_Fusion_CheckDelegate_qml fileNode\nclass node_venv_lib_python3_12_site-packages_PyQt6_Qt6_qml_QtQuick_Controls_Fusion_ComboBox_qml fileNode\nclass node_venv_lib_python3_12_site-packages_PyQt6_Qt6_qml_QtQuick_Controls_Fusion_DelayButton_qml fileNode\nclass node_venv_lib_python3_12_site-packages_PyQt6_Qt6_qml_QtQuick_Controls_Fusion_Dial_qml fileNode\nclass node_venv_lib_python3_12_site-packages_PyQt6_Qt6_qml_QtQuick_Controls_Fusion_Dialog_qml fileNode\nclass node_venv_lib_python3_12_site-packages_PyQt6_Qt6_qml_QtQuick_Controls_Fusion_DialogButtonBox_qml fileNode\nclass node_venv_lib_python3_12_site-packages_PyQt6_Qt6_qml_QtQuick_Controls_Fusion_Drawer_qml fileNode\nclass node_venv_lib_python3_12_site-packages_PyQt6_Qt6_qml_QtQuick_Controls_Fusion_Frame_qml fileNode\nclass node_venv_lib_python3_12_site-packages_PyQt6_Qt6_qml_QtQuick_Controls_Fusion_GroupBox_qml fileNode\nclass node_venv_lib_python3_12_site-packages_PyQt6_Qt6_qml_QtQuick_Controls_Fusion_HorizontalHeaderView_qml fileNode\nclass node_venv_lib_python3_12_site-packages_PyQt6_Qt6_qml_QtQuick_Controls_Fusion_HorizontalHeaderViewDelegate_qml fileNode\nclass node_venv_lib_python3_12_site-packages_PyQt6_Qt6_qml_QtQuick_Controls_Fusion_ItemDelegate_qml fileNode\nclass node_venv_lib_python3_12_site-packages_PyQt6_Qt6_qml_QtQuick_Controls_Fusion_Label_qml fileNode\nclass node_venv_lib_python3_12_site-packages_PyQt6_Qt6_qml_QtQuick_Controls_Fusion_Menu_qml fileNode\nclass node_venv_lib_python3_12_site-packages_PyQt6_Qt6_qml_QtQuick_Controls_Fusion_MenuBar_qml fileNode\nclass node_venv_lib_python3_12_site-packages_PyQt6_Qt6_qml_QtQuick_Controls_Fusion_MenuBarItem_qml fileNode\nclass node_venv_lib_python3_12_site-packages_PyQt6_Qt6_qml_QtQuick_Controls_Fusion_MenuItem_qml fileNode\nclass node_venv_lib_python3_12_site-packages_PyQt6_Qt6_qml_QtQuick_Controls_Fusion_MenuSeparator_qml fileNode\nclass node_venv_lib_python3_12_site-packages_PyQt6_Qt6_qml_QtQuick_Controls_Fusion_Page_qml fileNode\nclass node_venv_lib_python3_12_site-packages_PyQt6_Qt6_qml_QtQuick_Controls_Fusion_PageIndicator_qml fileNode\nclass node_venv_lib_python3_12_site-packages_PyQt6_Qt6_qml_QtQuick_Controls_Fusion_Pane_qml fileNode\nclass node_venv_lib_python3_12_site-packages_PyQt6_Qt6_qml_QtQuick_Controls_Fusion_Popup_qml fileNode\nclass node_venv_lib_python3_12_site-packages_PyQt6_Qt6_qml_QtQuick_Controls_Fusion_ProgressBar_qml fileNode\nclass node_venv_lib_python3_12_site-packages_PyQt6_Qt6_qml_QtQuick_Controls_Fusion_RadioButton_qml fileNode\nclass node_venv_lib_python3_12_site-packages_PyQt6_Qt6_qml_QtQuick_Controls_Fusion_RadioDelegate_qml fileNode\nclass node_venv_lib_python3_12_site-packages_PyQt6_Qt6_qml_QtQuick_Controls_Fusion_RangeSlider_qml fileNode\nclass node_venv_lib_python3_12_site-packages_PyQt6_Qt6_qml_QtQuick_Controls_Fusion_RoundButton_qml fileNode\nclass node_venv_lib_python3_12_site-packages_PyQt6_Qt6_qml_QtQuick_Controls_Fusion_ScrollBar_qml fileNode\nclass node_venv_lib_python3_12_site-packages_PyQt6_Qt6_qml_QtQuick_Controls_Fusion_ScrollIndicator_qml fileNode\nclass node_venv_lib_python3_12_site-packages_PyQt6_Qt6_qml_QtQuick_Controls_Fusion_ScrollView_qml fileNode\nclass node_venv_lib_python3_12_site-packages_PyQt6_Qt6_qml_QtQuick_Controls_Fusion_SearchField_qml fileNode\nclass node_venv_lib_python3_12_site-packages_PyQt6_Qt6_qml_QtQuick_Controls_Fusion_SelectionRectangle_qml fileNode\nclass node_venv_lib_python3_12_site-packages_PyQt6_Qt6_qml_QtQuick_Controls_Fusion_Slider_qml fileNode\nclass node_venv_lib_python3_12_site-packages_PyQt6_Qt6_qml_QtQuick_Controls_Fusion_SpinBox_qml fileNode\nclass node_venv_lib_python3_12_site-packages_PyQt6_Qt6_qml_QtQuick_Controls_Fusion_SplitView_qml fileNode\nclass node_venv_lib_python3_12_site-packages_PyQt6_Qt6_qml_QtQuick_Controls_Fusion_SwipeDelegate_qml fileNode\nclass node_venv_lib_python3_12_site-packages_PyQt6_Qt6_qml_QtQuick_Controls_Fusion_Switch_qml fileNode\nclass node_venv_lib_python3_12_site-packages_PyQt6_Qt6_qml_QtQuick_Controls_Fusion_SwitchDelegate_qml fileNode\nclass node_venv_lib_python3_12_site-packages_PyQt6_Qt6_qml_QtQuick_Controls_Fusion_TabBar_qml fileNode\nclass node_venv_lib_python3_12_site-packages_PyQt6_Qt6_qml_QtQuick_Controls_Fusion_TabButton_qml fileNode\nclass node_venv_lib_python3_12_site-packages_PyQt6_Qt6_qml_QtQuick_Controls_Fusion_TextArea_qml fileNode\nclass node_venv_lib_python3_12_site-packages_PyQt6_Qt6_qml_QtQuick_Controls_Fusion_TextField_qml fileNode\nclass node_venv_lib_python3_12_site-packages_PyQt6_Qt6_qml_QtQuick_Controls_Fusion_ToolBar_qml fileNode\nclass node_venv_lib_python3_12_site-packages_PyQt6_Qt6_qml_QtQuick_Controls_Fusion_ToolButton_qml fileNode\nclass node_venv_lib_python3_12_site-packages_PyQt6_Qt6_qml_QtQuick_Controls_Fusion_ToolSeparator_qml fileNode\nclass node_venv_lib_python3_12_site-packages_PyQt6_Qt6_qml_QtQuick_Controls_Fusion_ToolTip_qml fileNode\nclass node_venv_lib_python3_12_site-packages_PyQt6_Qt6_qml_QtQuick_Controls_Fusion_TreeViewDelegate_qml fileNode\nclass node_venv_lib_python3_12_site-packages_PyQt6_Qt6_qml_QtQuick_Controls_Fusion_Tumbler_qml fileNode\nclass node_venv_lib_python3_12_site-packages_PyQt6_Qt6_qml_QtQuick_Controls_Fusion_VerticalHeaderView_qml fileNode\nclass node_venv_lib_python3_12_site-packages_PyQt6_Qt6_qml_QtQuick_Controls_Fusion_VerticalHeaderViewDelegate_qml fileNode\nclass node_venv_lib_python3_12_site-packages_PyQt6_Qt6_qml_QtQuick_Controls_Fusion_libqtquickcontrols2fusionstyleplugin_dylib fileNode\nclass node_venv_lib_python3_12_site-packages_PyQt6_Qt6_qml_QtQuick_Controls_Fusion_plugins_qmltypes fileNode\nclass node_venv_lib_python3_12_site-packages_PyQt6_Qt6_qml_QtQuick_Controls_Fusion_qmldir fileNode\nclass node_venv_lib_python3_12_site-packages_PyQt6_Qt6_qml_QtQuick_Controls_Fusion_impl_ButtonPanel_qml fileNode\nclass node_venv_lib_python3_12_site-packages_PyQt6_Qt6_qml_QtQuick_Controls_Fusion_impl_CheckIndicator_qml fileNode\nclass node_venv_lib_python3_12_site-packages_PyQt6_Qt6_qml_QtQuick_Controls_Fusion_impl_RadioIndicator_qml fileNode\nclass node_venv_lib_python3_12_site-packages_PyQt6_Qt6_qml_QtQuick_Controls_Fusion_impl_SliderGroove_qml fileNode\nclass node_venv_lib_python3_12_site-packages_PyQt6_Qt6_qml_QtQuick_Controls_Fusion_impl_SliderHandle_qml fileNode\nclass node_venv_lib_python3_12_site-packages_PyQt6_Qt6_qml_QtQuick_Controls_Fusion_impl_SwitchIndicator_qml fileNode\nclass node_venv_lib_python3_12_site-packages_PyQt6_Qt6_qml_QtQuick_Controls_Fusion_impl_TextFieldBackground_qml fileNode\nclass node_venv_lib_python3_12_site-packages_PyQt6_Qt6_qml_QtQuick_Controls_Fusion_impl_libqtquickcontrols2fusionstyleimplplugin_dylib fileNode\nclass node_venv_lib_python3_12_site-packages_PyQt6_Qt6_qml_QtQuick_Controls_Fusion_impl_plugins_qmltypes fileNode\nclass node_venv_lib_python3_12_site-packages_PyQt6_Qt6_qml_QtQuick_Controls_Fusion_impl_qmldir fileNode\nclass node_venv_lib_python3_12_site-packages_PyQt6_Qt6_qml_QtQuick_Controls_impl_libqtquickcontrols2implplugin_dylib fileNode\nclass node_venv_lib_python3_12_site-packages_PyQt6_Qt6_qml_QtQuick_Controls_impl_plugins_qmltypes fileNode\nclass node_venv_lib_python3_12_site-packages_PyQt6_Qt6_qml_QtQuick_Controls_impl_qmldir fileNode\nclass node_venv_lib_python3_12_site-packages_PyQt6_Qt6_qml_QtQuick_Controls_FluentWinUI3_ApplicationWindow_qml fileNode\nclass node_venv_lib_python3_12_site-packages_PyQt6_Qt6_qml_QtQuick_Controls_FluentWinUI3_BusyIndicator_qml fileNode\nclass node_venv_lib_python3_12_site-packages_PyQt6_Qt6_qml_QtQuick_Controls_FluentWinUI3_Button_qml fileNode\nclass node_venv_lib_python3_12_site-packages_PyQt6_Qt6_qml_QtQuick_Controls_FluentWinUI3_CheckBox_qml fileNode\nclass node_venv_lib_python3_12_site-packages_PyQt6_Qt6_qml_QtQuick_Controls_FluentWinUI3_CheckDelegate_qml fileNode\nclass node_venv_lib_python3_12_site-packages_PyQt6_Qt6_qml_QtQuick_Controls_FluentWinUI3_ComboBox_qml fileNode\nclass node_venv_lib_python3_12_site-packages_PyQt6_Qt6_qml_QtQuick_Controls_FluentWinUI3_Config_qml fileNode\nclass node_venv_lib_python3_12_site-packages_PyQt6_Qt6_qml_QtQuick_Controls_FluentWinUI3_DelayButton_qml fileNode\nclass node_venv_lib_python3_12_site-packages_PyQt6_Qt6_qml_QtQuick_Controls_FluentWinUI3_Dialog_qml fileNode\nclass node_venv_lib_python3_12_site-packages_PyQt6_Qt6_qml_QtQuick_Controls_FluentWinUI3_DialogButtonBox_qml fileNode\nclass node_venv_lib_python3_12_site-packages_PyQt6_Qt6_qml_QtQuick_Controls_FluentWinUI3_FocusFrame_qml fileNode\nclass node_venv_lib_python3_12_site-packages_PyQt6_Qt6_qml_QtQuick_Controls_FluentWinUI3_Frame_qml fileNode\nclass node_venv_lib_python3_12_site-packages_PyQt6_Qt6_qml_QtQuick_Controls_FluentWinUI3_GroupBox_qml fileNode\nclass node_venv_lib_python3_12_site-packages_PyQt6_Qt6_qml_QtQuick_Controls_FluentWinUI3_ItemDelegate_qml fileNode\nclass node_venv_lib_python3_12_site-packages_PyQt6_Qt6_qml_QtQuick_Controls_FluentWinUI3_Menu_qml fileNode\nclass node_venv_lib_python3_12_site-packages_PyQt6_Qt6_qml_QtQuick_Controls_FluentWinUI3_MenuBar_qml fileNode\nclass node_venv_lib_python3_12_site-packages_PyQt6_Qt6_qml_QtQuick_Controls_FluentWinUI3_MenuBarItem_qml fileNode\nclass node_venv_lib_python3_12_site-packages_PyQt6_Qt6_qml_QtQuick_Controls_FluentWinUI3_MenuItem_qml fileNode\nclass node_venv_lib_python3_12_site-packages_PyQt6_Qt6_qml_QtQuick_Controls_FluentWinUI3_MenuSeparator_qml fileNode\nclass node_venv_lib_python3_12_site-packages_PyQt6_Qt6_qml_QtQuick_Controls_FluentWinUI3_PageIndicator_qml fileNode\nclass node_venv_lib_python3_12_site-packages_PyQt6_Qt6_qml_QtQuick_Controls_FluentWinUI3_Popup_qml fileNode\nclass node_venv_lib_python3_12_site-packages_PyQt6_Qt6_qml_QtQuick_Controls_FluentWinUI3_ProgressBar_qml fileNode\nclass node_venv_lib_python3_12_site-packages_PyQt6_Qt6_qml_QtQuick_Controls_FluentWinUI3_RadioButton_qml fileNode\nclass node_venv_lib_python3_12_site-packages_PyQt6_Qt6_qml_QtQuick_Controls_FluentWinUI3_RadioDelegate_qml fileNode\nclass node_venv_lib_python3_12_site-packages_PyQt6_Qt6_qml_QtQuick_Controls_FluentWinUI3_RangeSlider_qml fileNode\nclass node_venv_lib_python3_12_site-packages_PyQt6_Qt6_qml_QtQuick_Controls_FluentWinUI3_RoundButton_qml fileNode\nclass node_venv_lib_python3_12_site-packages_PyQt6_Qt6_qml_QtQuick_Controls_FluentWinUI3_SearchField_qml fileNode\nclass node_venv_lib_python3_12_site-packages_PyQt6_Qt6_qml_QtQuick_Controls_FluentWinUI3_Slider_qml fileNode\nclass node_venv_lib_python3_12_site-packages_PyQt6_Qt6_qml_QtQuick_Controls_FluentWinUI3_SpinBox_qml fileNode\nclass node_venv_lib_python3_12_site-packages_PyQt6_Qt6_qml_QtQuick_Controls_FluentWinUI3_StyleImage_qml fileNode\nclass node_venv_lib_python3_12_site-packages_PyQt6_Qt6_qml_QtQuick_Controls_FluentWinUI3_SwipeDelegate_qml fileNode\nclass node_venv_lib_python3_12_site-packages_PyQt6_Qt6_qml_QtQuick_Controls_FluentWinUI3_Switch_qml fileNode\nclass node_venv_lib_python3_12_site-packages_PyQt6_Qt6_qml_QtQuick_Controls_FluentWinUI3_SwitchDelegate_qml fileNode\nclass node_venv_lib_python3_12_site-packages_PyQt6_Qt6_qml_QtQuick_Controls_FluentWinUI3_TabBar_qml fileNode\nclass node_venv_lib_python3_12_site-packages_PyQt6_Qt6_qml_QtQuick_Controls_FluentWinUI3_TabButton_qml fileNode\nclass node_venv_lib_python3_12_site-packages_PyQt6_Qt6_qml_QtQuick_Controls_FluentWinUI3_TextArea_qml fileNode\nclass node_venv_lib_python3_12_site-packages_PyQt6_Qt6_qml_QtQuick_Controls_FluentWinUI3_TextField_qml fileNode\nclass node_venv_lib_python3_12_site-packages_PyQt6_Qt6_qml_QtQuick_Controls_FluentWinUI3_ToolBar_qml fileNode\nclass node_venv_lib_python3_12_site-packages_PyQt6_Qt6_qml_QtQuick_Controls_FluentWinUI3_ToolButton_qml fileNode\nclass node_venv_lib_python3_12_site-packages_PyQt6_Qt6_qml_QtQuick_Controls_FluentWinUI3_ToolSeparator_qml fileNode\nclass node_venv_lib_python3_12_site-packages_PyQt6_Qt6_qml_QtQuick_Controls_FluentWinUI3_ToolTip_qml fileNode\nclass node_venv_lib_python3_12_site-packages_PyQt6_Qt6_qml_QtQuick_Controls_FluentWinUI3_libqtquickcontrols2fluentwinui3styleplugin_dylib fileNode\nclass node_venv_lib_python3_12_site-packages_PyQt6_Qt6_qml_QtQuick_Controls_FluentWinUI3_plugins_qmltypes fileNode\nclass node_venv_lib_python3_12_site-packages_PyQt6_Qt6_qml_QtQuick_Controls_FluentWinUI3_qmldir fileNode\nclass node_venv_lib_python3_12_site-packages_PyQt6_Qt6_qml_QtQuick_Controls_FluentWinUI3_impl_ButtonBackground_qml fileNode\nclass node_venv_lib_python3_12_site-packages_PyQt6_Qt6_qml_QtQuick_Controls_FluentWinUI3_impl_CheckIndicator_qml fileNode\nclass node_venv_lib_python3_12_site-packages_PyQt6_Qt6_qml_QtQuick_Controls_FluentWinUI3_impl_FocusFrame_qml fileNode\nclass node_venv_lib_python3_12_site-packages_PyQt6_Qt6_qml_QtQuick_Controls_FluentWinUI3_impl_RadioIndicator_qml fileNode\nclass node_venv_lib_python3_12_site-packages_PyQt6_Qt6_qml_QtQuick_Controls_FluentWinUI3_impl_StyleImage_qml fileNode\nclass node_venv_lib_python3_12_site-packages_PyQt6_Qt6_qml_QtQuick_Controls_FluentWinUI3_impl_SwitchIndicator_qml fileNode\nclass node_venv_lib_python3_12_site-packages_PyQt6_Qt6_qml_QtQuick_Controls_FluentWinUI3_impl_libqtquickcontrols2fluentwinui3styleimplplugin_dylib fileNode\nclass node_venv_lib_python3_12_site-packages_PyQt6_Qt6_qml_QtQuick_Controls_FluentWinUI3_impl_plugins_qmltypes fileNode\nclass node_venv_lib_python3_12_site-packages_PyQt6_Qt6_qml_QtQuick_Controls_FluentWinUI3_impl_qmldir fileNode\nclass node_venv_lib_python3_12_site-packages_PyQt6_Qt6_qml_QtQuick_Controls_FluentWinUI3_icons_checkmark_png fileNode\nclass node_venv_lib_python3_12_site-packages_PyQt6_Qt6_qml_QtQuick_Controls_FluentWinUI3_icons_checkmark@2x_png fileNode\nclass node_venv_lib_python3_12_site-packages_PyQt6_Qt6_qml_QtQuick_Controls_FluentWinUI3_icons_checkmark@3x_png fileNode\nclass node_venv_lib_python3_12_site-packages_PyQt6_Qt6_qml_QtQuick_Controls_FluentWinUI3_icons_close_big_png fileNode\nclass node_venv_lib_python3_12_site-packages_PyQt6_Qt6_qml_QtQuick_Controls_FluentWinUI3_icons_close_big@2x_png fileNode\nclass node_venv_lib_python3_12_site-packages_PyQt6_Qt6_qml_QtQuick_Controls_FluentWinUI3_icons_close_big@3x_png fileNode\nclass node_venv_lib_python3_12_site-packages_PyQt6_Qt6_qml_QtQuick_Controls_FluentWinUI3_icons_menuarrow_png fileNode\nclass node_venv_lib_python3_12_site-packages_PyQt6_Qt6_qml_QtQuick_Controls_FluentWinUI3_icons_menuarrow@2x_png fileNode\nclass node_venv_lib_python3_12_site-packages_PyQt6_Qt6_qml_QtQuick_Controls_FluentWinUI3_icons_menuarrow@3x_png fileNode\nclass node_venv_lib_python3_12_site-packages_PyQt6_Qt6_qml_QtQuick_Controls_FluentWinUI3_icons_search-magnifier_png fileNode\nclass node_venv_lib_python3_12_site-packages_PyQt6_Qt6_qml_QtQuick_Controls_FluentWinUI3_icons_search-magnifier@2x_png fileNode\nclass node_venv_lib_python3_12_site-packages_PyQt6_Qt6_qml_QtQuick_Controls_FluentWinUI3_icons_search-magnifier@3x_png fileNode\nclass node_venv_lib_python3_12_site-packages_PyQt6_Qt6_qml_QtQuick_Controls_FluentWinUI3_light_images_checkbox-indicator-checked-disabled_png fileNode\nclass node_venv_lib_python3_12_site-packages_PyQt6_Qt6_qml_QtQuick_Controls_FluentWinUI3_light_images_checkbox-indicator-checked-disabled@2x_png fileNode\nclass node_venv_lib_python3_12_site-packages_PyQt6_Qt6_qml_QtQuick_Controls_FluentWinUI3_light_images_checkbox-indicator-checked-disabled@3x_png fileNode\nclass node_venv_lib_python3_12_site-packages_PyQt6_Qt6_qml_QtQuick_Controls_FluentWinUI3_light_images_checkbox-indicator-checked-hovered_png fileNode\nclass node_venv_lib_python3_12_site-packages_PyQt6_Qt6_qml_QtQuick_Controls_FluentWinUI3_light_images_checkbox-indicator-checked-hovered@2x_png fileNode\nclass node_venv_lib_python3_12_site-packages_PyQt6_Qt6_qml_QtQuick_Controls_FluentWinUI3_light_images_checkbox-indicator-checked-hovered@3x_png fileNode\nclass node_venv_lib_python3_12_site-packages_PyQt6_Qt6_qml_QtQuick_Controls_FluentWinUI3_light_images_checkbox-indicator-checked-pressed_png fileNode\nclass node_venv_lib_python3_12_site-packages_PyQt6_Qt6_qml_QtQuick_Controls_FluentWinUI3_light_images_checkbox-indicator-checked-pressed@2x_png fileNode\nclass node_venv_lib_python3_12_site-packages_PyQt6_Qt6_qml_QtQuick_Controls_FluentWinUI3_light_images_checkbox-indicator-checked-pressed@3x_png fileNode\nclass node_venv_lib_python3_12_site-packages_PyQt6_Qt6_qml_QtQuick_Controls_FluentWinUI3_light_images_checkbox-indicator-checked_png fileNode\nclass node_venv_lib_python3_12_site-packages_PyQt6_Qt6_qml_QtQuick_Controls_FluentWinUI3_light_images_checkbox-indicator-checked@2x_png fileNode\nclass node_venv_lib_python3_12_site-packages_PyQt6_Qt6_qml_QtQuick_Controls_FluentWinUI3_light_images_checkbox-indicator-checked@3x_png fileNode\nclass node_venv_lib_python3_12_site-packages_PyQt6_Qt6_qml_QtQuick_Controls_FluentWinUI3_light_images_checkbox-indicator-disabled-partiallyChecked_png fileNode\nclass node_venv_lib_python3_12_site-packages_PyQt6_Qt6_qml_QtQuick_Controls_FluentWinUI3_light_images_checkbox-indicator-disabled-partiallyChecked@2x_png fileNode\nclass node_venv_lib_python3_12_site-packages_PyQt6_Qt6_qml_QtQuick_Controls_FluentWinUI3_light_images_checkbox-indicator-disabled-partiallyChecked@3x_png fileNode\nclass node_venv_lib_python3_12_site-packages_PyQt6_Qt6_qml_QtQuick_Controls_FluentWinUI3_light_images_checkbox-indicator-disabled_png fileNode\nclass node_venv_lib_python3_12_site-packages_PyQt6_Qt6_qml_QtQuick_Controls_FluentWinUI3_light_images_checkbox-indicator-disabled@2x_png fileNode\nclass node_venv_lib_python3_12_site-packages_PyQt6_Qt6_qml_QtQuick_Controls_FluentWinUI3_light_images_checkbox-indicator-disabled@3x_png fileNode\nclass node_venv_lib_python3_12_site-packages_PyQt6_Qt6_qml_QtQuick_Controls_FluentWinUI3_light_images_checkbox-indicator-hovered-partiallyChecked_png fileNode\nclass node_venv_lib_python3_12_site-packages_PyQt6_Qt6_qml_QtQuick_Controls_FluentWinUI3_light_images_checkbox-indicator-hovered-partiallyChecked@2x_png fileNode\nclass node_venv_lib_python3_12_site-packages_PyQt6_Qt6_qml_QtQuick_Controls_FluentWinUI3_light_images_checkbox-indicator-hovered-partiallyChecked@3x_png fileNode\nclass node_venv_lib_python3_12_site-packages_PyQt6_Qt6_qml_QtQuick_Controls_FluentWinUI3_light_images_checkbox-indicator-hovered_png fileNode\nclass node_venv_lib_python3_12_site-packages_PyQt6_Qt6_qml_QtQuick_Controls_FluentWinUI3_light_images_checkbox-indicator-hovered@2x_png fileNode\nclass node_venv_lib_python3_12_site-packages_PyQt6_Qt6_qml_QtQuick_Controls_FluentWinUI3_light_images_checkbox-indicator-hovered@3x_png fileNode\nclass node_venv_lib_python3_12_site-packages_PyQt6_Qt6_qml_QtQuick_Controls_FluentWinUI3_light_images_checkbox-indicator-partiallyChecked-pressed_png fileNode\nclass node_venv_lib_python3_12_site-packages_PyQt6_Qt6_qml_QtQuick_Controls_FluentWinUI3_light_images_checkbox-indicator-partiallyChecked-pressed@2x_png fileNode\nclass node_venv_lib_python3_12_site-packages_PyQt6_Qt6_qml_QtQuick_Controls_FluentWinUI3_light_images_checkbox-indicator-partiallyChecked-pressed@3x_png fileNode\nclass node_venv_lib_python3_12_site-packages_PyQt6_Qt6_qml_QtQuick_Controls_FluentWinUI3_light_images_checkbox-indicator-partiallyChecked_png fileNode\nclass node_venv_lib_python3_12_site-packages_PyQt6_Qt6_qml_QtQuick_Controls_FluentWinUI3_light_images_checkbox-indicator-partiallyChecked@2x_png fileNode\nclass node_venv_lib_python3_12_site-packages_PyQt6_Qt6_qml_QtQuick_Controls_FluentWinUI3_light_images_checkbox-indicator-partiallyChecked@3x_png fileNode\nclass node_venv_lib_python3_12_site-packages_PyQt6_Qt6_qml_QtQuick_Controls_FluentWinUI3_light_images_checkbox-indicator-pressed_png fileNode\nclass node_venv_lib_python3_12_site-packages_PyQt6_Qt6_qml_QtQuick_Controls_FluentWinUI3_light_images_checkbox-indicator-pressed@2x_png fileNode\nclass node_venv_lib_python3_12_site-packages_PyQt6_Qt6_qml_QtQuick_Controls_FluentWinUI3_light_images_checkbox-indicator-pressed@3x_png fileNode\nclass node_venv_lib_python3_12_site-packages_PyQt6_Qt6_qml_QtQuick_Controls_FluentWinUI3_light_images_checkbox-indicator_png fileNode\nclass node_venv_lib_python3_12_site-packages_PyQt6_Qt6_qml_QtQuick_Controls_FluentWinUI3_light_images_checkbox-indicator@2x_png fileNode\nclass node_venv_lib_python3_12_site-packages_PyQt6_Qt6_qml_QtQuick_Controls_FluentWinUI3_light_images_checkbox-indicator@3x_png fileNode\nclass node_venv_lib_python3_12_site-packages_PyQt6_Qt6_qml_QtQuick_Controls_FluentWinUI3_light_images_combobox-background-disabled_png fileNode\nclass node_venv_lib_python3_12_site-packages_PyQt6_Qt6_qml_QtQuick_Controls_FluentWinUI3_light_images_combobox-background-disabled@2x_png fileNode\nclass node_venv_lib_python3_12_site-packages_PyQt6_Qt6_qml_QtQuick_Controls_FluentWinUI3_light_images_combobox-background-disabled@3x_png fileNode\nclass node_venv_lib_python3_12_site-packages_PyQt6_Qt6_qml_QtQuick_Controls_FluentWinUI3_light_images_combobox-background-focused_png fileNode\nclass node_venv_lib_python3_12_site-packages_PyQt6_Qt6_qml_QtQuick_Controls_FluentWinUI3_light_images_combobox-background-focused@2x_png fileNode\nclass node_venv_lib_python3_12_site-packages_PyQt6_Qt6_qml_QtQuick_Controls_FluentWinUI3_light_images_combobox-background-focused@3x_png fileNode\nclass node_venv_lib_python3_12_site-packages_PyQt6_Qt6_qml_QtQuick_Controls_FluentWinUI3_light_images_combobox-background-hovered-open_png fileNode\nclass node_venv_lib_python3_12_site-packages_PyQt6_Qt6_qml_QtQuick_Controls_FluentWinUI3_light_images_combobox-background-hovered-open@2x_png fileNode\nclass node_venv_lib_python3_12_site-packages_PyQt6_Qt6_qml_QtQuick_Controls_FluentWinUI3_light_images_combobox-background-hovered-open@3x_png fileNode\nclass node_venv_lib_python3_12_site-packages_PyQt6_Qt6_qml_QtQuick_Controls_FluentWinUI3_light_images_combobox-background-hovered_png fileNode\nclass node_venv_lib_python3_12_site-packages_PyQt6_Qt6_qml_QtQuick_Controls_FluentWinUI3_light_images_combobox-background-hovered@2x_png fileNode\nclass node_venv_lib_python3_12_site-packages_PyQt6_Qt6_qml_QtQuick_Controls_FluentWinUI3_light_images_combobox-background-hovered@3x_png fileNode\nclass node_venv_lib_python3_12_site-packages_PyQt6_Qt6_qml_QtQuick_Controls_FluentWinUI3_light_images_combobox-background-open-pressed_png fileNode\nclass node_venv_lib_python3_12_site-packages_PyQt6_Qt6_qml_QtQuick_Controls_FluentWinUI3_light_images_combobox-background-open-pressed@2x_png fileNode\nclass node_venv_lib_python3_12_site-packages_PyQt6_Qt6_qml_QtQuick_Controls_FluentWinUI3_light_images_combobox-background-open-pressed@3x_png fileNode\nclass node_venv_lib_python3_12_site-packages_PyQt6_Qt6_qml_QtQuick_Controls_FluentWinUI3_light_images_combobox-background-open_png fileNode\nclass node_venv_lib_python3_12_site-packages_PyQt6_Qt6_qml_QtQuick_Controls_FluentWinUI3_light_images_combobox-background-open@2x_png fileNode\nclass node_venv_lib_python3_12_site-packages_PyQt6_Qt6_qml_QtQuick_Controls_FluentWinUI3_light_images_combobox-background-open@3x_png fileNode\nclass node_venv_lib_python3_12_site-packages_PyQt6_Qt6_qml_QtQuick_Controls_FluentWinUI3_light_images_combobox-background-pressed_png fileNode\nclass node_venv_lib_python3_12_site-packages_PyQt6_Qt6_qml_QtQuick_Controls_FluentWinUI3_light_images_combobox-background-pressed@2x_png fileNode\nclass node_venv_lib_python3_12_site-packages_PyQt6_Qt6_qml_QtQuick_Controls_FluentWinUI3_light_images_combobox-background-pressed@3x_png fileNode\nclass node_venv_lib_python3_12_site-packages_PyQt6_Qt6_qml_QtQuick_Controls_FluentWinUI3_light_images_combobox-background_png fileNode\nclass node_venv_lib_python3_12_site-packages_PyQt6_Qt6_qml_QtQuick_Controls_FluentWinUI3_light_images_combobox-background@2x_png fileNode\nclass node_venv_lib_python3_12_site-packages_PyQt6_Qt6_qml_QtQuick_Controls_FluentWinUI3_light_images_combobox-background@3x_png fileNode\nclass node_venv_lib_python3_12_site-packages_PyQt6_Qt6_qml_QtQuick_Controls_FluentWinUI3_light_images_combobox-indicator-disabled_png fileNode\nclass node_venv_lib_python3_12_site-packages_PyQt6_Qt6_qml_QtQuick_Controls_FluentWinUI3_light_images_combobox-indicator-disabled@2x_png fileNode\nclass node_venv_lib_python3_12_site-packages_PyQt6_Qt6_qml_QtQuick_Controls_FluentWinUI3_light_images_combobox-indicator-disabled@3x_png fileNode\nclass node_venv_lib_python3_12_site-packages_PyQt6_Qt6_qml_QtQuick_Controls_FluentWinUI3_light_images_combobox-indicator-focused_png fileNode\nclass node_venv_lib_python3_12_site-packages_PyQt6_Qt6_qml_QtQuick_Controls_FluentWinUI3_light_images_combobox-indicator-focused@2x_png fileNode\nclass node_venv_lib_python3_12_site-packages_PyQt6_Qt6_qml_QtQuick_Controls_FluentWinUI3_light_images_combobox-indicator-focused@3x_png fileNode\nclass node_venv_lib_python3_12_site-packages_PyQt6_Qt6_qml_QtQuick_Controls_FluentWinUI3_light_images_combobox-indicator-hovered-open_png fileNode\nclass node_venv_lib_python3_12_site-packages_PyQt6_Qt6_qml_QtQuick_Controls_FluentWinUI3_light_images_combobox-indicator-hovered-open@2x_png fileNode\nclass node_venv_lib_python3_12_site-packages_PyQt6_Qt6_qml_QtQuick_Controls_FluentWinUI3_light_images_combobox-indicator-hovered-open@3x_png fileNode\nclass node_venv_lib_python3_12_site-packages_PyQt6_Qt6_qml_QtQuick_Controls_FluentWinUI3_light_images_combobox-indicator-hovered_png fileNode\nclass node_venv_lib_python3_12_site-packages_PyQt6_Qt6_qml_QtQuick_Controls_FluentWinUI3_light_images_combobox-indicator-hovered@2x_png fileNode\nclass node_venv_lib_python3_12_site-packages_PyQt6_Qt6_qml_QtQuick_Controls_FluentWinUI3_light_images_combobox-indicator-hovered@3x_png fileNode\nclass node_venv_lib_python3_12_site-packages_PyQt6_Qt6_qml_QtQuick_Controls_FluentWinUI3_light_images_combobox-indicator-open-pressed_png fileNode\nclass node_venv_lib_python3_12_site-packages_PyQt6_Qt6_qml_QtQuick_Controls_FluentWinUI3_light_images_combobox-indicator-open-pressed@2x_png fileNode\nclass node_venv_lib_python3_12_site-packages_PyQt6_Qt6_qml_QtQuick_Controls_FluentWinUI3_light_images_combobox-indicator-open-pressed@3x_png fileNode\nclass node_venv_lib_python3_12_site-packages_PyQt6_Qt6_qml_QtQuick_Controls_FluentWinUI3_light_images_combobox-indicator-open_png fileNode\nclass node_venv_lib_python3_12_site-packages_PyQt6_Qt6_qml_QtQuick_Controls_FluentWinUI3_light_images_combobox-indicator-open@2x_png fileNode\nclass node_venv_lib_python3_12_site-packages_PyQt6_Qt6_qml_QtQuick_Controls_FluentWinUI3_light_images_combobox-indicator-open@3x_png fileNode\nclass node_venv_lib_python3_12_site-packages_PyQt6_Qt6_qml_QtQuick_Controls_FluentWinUI3_light_images_combobox-indicator-pressed_png fileNode\nclass node_venv_lib_python3_12_site-packages_PyQt6_Qt6_qml_QtQuick_Controls_FluentWinUI3_light_images_combobox-indicator-pressed@2x_png fileNode\nclass node_venv_lib_python3_12_site-packages_PyQt6_Qt6_qml_QtQuick_Controls_FluentWinUI3_light_images_combobox-indicator-pressed@3x_png fileNode\nclass node_venv_lib_python3_12_site-packages_PyQt6_Qt6_qml_QtQuick_Controls_FluentWinUI3_light_images_combobox-indicator_png fileNode\nclass node_venv_lib_python3_12_site-packages_PyQt6_Qt6_qml_QtQuick_Controls_FluentWinUI3_light_images_combobox-indicator@2x_png fileNode\nclass node_venv_lib_python3_12_site-packages_PyQt6_Qt6_qml_QtQuick_Controls_FluentWinUI3_light_images_combobox-indicator@3x_png fileNode\nclass node_venv_lib_python3_12_site-packages_PyQt6_Qt6_qml_QtQuick_Controls_FluentWinUI3_light_images_editablecombobox-background-hovered-open_png fileNode\nclass node_venv_lib_python3_12_site-packages_PyQt6_Qt6_qml_QtQuick_Controls_FluentWinUI3_light_images_editablecombobox-background-hovered-open@2x_png fileNode\nclass node_venv_lib_python3_12_site-packages_PyQt6_Qt6_qml_QtQuick_Controls_FluentWinUI3_light_images_editablecombobox-background-hovered-open@3x_png fileNode\nclass node_venv_lib_python3_12_site-packages_PyQt6_Qt6_qml_QtQuick_Controls_FluentWinUI3_light_images_editablecombobox-background-open-pressed_png fileNode\nclass node_venv_lib_python3_12_site-packages_PyQt6_Qt6_qml_QtQuick_Controls_FluentWinUI3_light_images_editablecombobox-background-open-pressed@2x_png fileNode\nclass node_venv_lib_python3_12_site-packages_PyQt6_Qt6_qml_QtQuick_Controls_FluentWinUI3_light_images_editablecombobox-background-open-pressed@3x_png fileNode\nclass node_venv_lib_python3_12_site-packages_PyQt6_Qt6_qml_QtQuick_Controls_FluentWinUI3_light_images_editablecombobox-background-open_png fileNode\nclass node_venv_lib_python3_12_site-packages_PyQt6_Qt6_qml_QtQuick_Controls_FluentWinUI3_light_images_editablecombobox-background-open@2x_png fileNode\nclass node_venv_lib_python3_12_site-packages_PyQt6_Qt6_qml_QtQuick_Controls_FluentWinUI3_light_images_editablecombobox-background-open@3x_png fileNode\nclass node_venv_lib_python3_12_site-packages_PyQt6_Qt6_qml_QtQuick_Controls_FluentWinUI3_light_images_editablecombobox-indicator-hovered-open_png fileNode\nclass node_venv_lib_python3_12_site-packages_PyQt6_Qt6_qml_QtQuick_Controls_FluentWinUI3_light_images_editablecombobox-indicator-hovered-open@2x_png fileNode\nclass node_venv_lib_python3_12_site-packages_PyQt6_Qt6_qml_QtQuick_Controls_FluentWinUI3_light_images_editablecombobox-indicator-hovered-open@3x_png fileNode\nclass node_venv_lib_python3_12_site-packages_PyQt6_Qt6_qml_QtQuick_Controls_FluentWinUI3_light_images_editablecombobox-indicator-open-pressed_png fileNode\nclass node_venv_lib_python3_12_site-packages_PyQt6_Qt6_qml_QtQuick_Controls_FluentWinUI3_light_images_editablecombobox-indicator-open-pressed@2x_png fileNode\nclass node_venv_lib_python3_12_site-packages_PyQt6_Qt6_qml_QtQuick_Controls_FluentWinUI3_light_images_editablecombobox-indicator-open-pressed@3x_png fileNode\nclass node_venv_lib_python3_12_site-packages_PyQt6_Qt6_qml_QtQuick_Controls_FluentWinUI3_light_images_editablecombobox-indicator-open_png fileNode\nclass node_venv_lib_python3_12_site-packages_PyQt6_Qt6_qml_QtQuick_Controls_FluentWinUI3_light_images_editablecombobox-indicator-open@2x_png fileNode\nclass node_venv_lib_python3_12_site-packages_PyQt6_Qt6_qml_QtQuick_Controls_FluentWinUI3_light_images_editablecombobox-indicator-open@3x_png fileNode\nclass node_venv_lib_python3_12_site-packages_PyQt6_Qt6_qml_QtQuick_Controls_FluentWinUI3_light_images_editablecombobox-popup-background-hovered-open_png fileNode\nclass node_venv_lib_python3_12_site-packages_PyQt6_Qt6_qml_QtQuick_Controls_FluentWinUI3_light_images_editablecombobox-popup-background-hovered-open@2x_png fileNode\nclass node_venv_lib_python3_12_site-packages_PyQt6_Qt6_qml_QtQuick_Controls_FluentWinUI3_light_images_editablecombobox-popup-background-hovered-open@3x_png fileNode\nclass node_venv_lib_python3_12_site-packages_PyQt6_Qt6_qml_QtQuick_Controls_FluentWinUI3_light_images_editablecombobox-popup-background-open-pressed_png fileNode\nclass node_venv_lib_python3_12_site-packages_PyQt6_Qt6_qml_QtQuick_Controls_FluentWinUI3_light_images_editablecombobox-popup-background-open-pressed@2x_png fileNode\nclass node_venv_lib_python3_12_site-packages_PyQt6_Qt6_qml_QtQuick_Controls_FluentWinUI3_light_images_editablecombobox-popup-background-open-pressed@3x_png fileNode\nclass node_venv_lib_python3_12_site-packages_PyQt6_Qt6_qml_QtQuick_Controls_FluentWinUI3_light_images_editablecombobox-popup-background-open_png fileNode\nclass node_venv_lib_python3_12_site-packages_PyQt6_Qt6_qml_QtQuick_Controls_FluentWinUI3_light_images_editablecombobox-popup-background-open@2x_png fileNode\nclass node_venv_lib_python3_12_site-packages_PyQt6_Qt6_qml_QtQuick_Controls_FluentWinUI3_light_images_editablecombobox-popup-background-open@3x_png fileNode\nclass node_venv_lib_python3_12_site-packages_PyQt6_Qt6_qml_QtQuick_Controls_FluentWinUI3_light_images_frame-background-disabled_png fileNode\nclass node_venv_lib_python3_12_site-packages_PyQt6_Qt6_qml_QtQuick_Controls_FluentWinUI3_light_images_frame-background-disabled@2x_png fileNode\nclass node_venv_lib_python3_12_site-packages_PyQt6_Qt6_qml_QtQuick_Controls_FluentWinUI3_light_images_frame-background-disabled@3x_png fileNode\nclass node_venv_lib_python3_12_site-packages_PyQt6_Qt6_qml_QtQuick_Controls_FluentWinUI3_light_images_frame-background_png fileNode\nclass node_venv_lib_python3_12_site-packages_PyQt6_Qt6_qml_QtQuick_Controls_FluentWinUI3_light_images_frame-background@2x_png fileNode\nclass node_venv_lib_python3_12_site-packages_PyQt6_Qt6_qml_QtQuick_Controls_FluentWinUI3_light_images_frame-background@3x_png fileNode\nclass node_venv_lib_python3_12_site-packages_PyQt6_Qt6_qml_QtQuick_Controls_FluentWinUI3_light_images_itemdelegate-background-highlighted-hovered_png fileNode\nclass node_venv_lib_python3_12_site-packages_PyQt6_Qt6_qml_QtQuick_Controls_FluentWinUI3_light_images_itemdelegate-background-highlighted-hovered@2x_png fileNode\nclass node_venv_lib_python3_12_site-packages_PyQt6_Qt6_qml_QtQuick_Controls_FluentWinUI3_light_images_itemdelegate-background-highlighted-hovered@3x_png fileNode\nclass node_venv_lib_python3_12_site-packages_PyQt6_Qt6_qml_QtQuick_Controls_FluentWinUI3_light_images_itemdelegate-background-highlighted-pressed_png fileNode\nclass node_venv_lib_python3_12_site-packages_PyQt6_Qt6_qml_QtQuick_Controls_FluentWinUI3_light_images_itemdelegate-background-highlighted-pressed@2x_png fileNode\nclass node_venv_lib_python3_12_site-packages_PyQt6_Qt6_qml_QtQuick_Controls_FluentWinUI3_light_images_itemdelegate-background-highlighted-pressed@3x_png fileNode\nclass node_venv_lib_python3_12_site-packages_PyQt6_Qt6_qml_QtQuick_Controls_FluentWinUI3_light_images_itemdelegate-background-highlighted_png fileNode\nclass node_venv_lib_python3_12_site-packages_PyQt6_Qt6_qml_QtQuick_Controls_FluentWinUI3_light_images_itemdelegate-background-highlighted@2x_png fileNode\nclass node_venv_lib_python3_12_site-packages_PyQt6_Qt6_qml_QtQuick_Controls_FluentWinUI3_light_images_itemdelegate-background-highlighted@3x_png fileNode\nclass node_venv_lib_python3_12_site-packages_PyQt6_Qt6_qml_QtQuick_Controls_FluentWinUI3_light_images_itemdelegate-background-hovered_png fileNode\nclass node_venv_lib_python3_12_site-packages_PyQt6_Qt6_qml_QtQuick_Controls_FluentWinUI3_light_images_itemdelegate-background-hovered@2x_png fileNode\nclass node_venv_lib_python3_12_site-packages_PyQt6_Qt6_qml_QtQuick_Controls_FluentWinUI3_light_images_itemdelegate-background-hovered@3x_png fileNode\nclass node_venv_lib_python3_12_site-packages_PyQt6_Qt6_qml_QtQuick_Controls_FluentWinUI3_light_images_itemdelegate-background-pressed_png fileNode\nclass node_venv_lib_python3_12_site-packages_PyQt6_Qt6_qml_QtQuick_Controls_FluentWinUI3_light_images_itemdelegate-background-pressed@2x_png fileNode\nclass node_venv_lib_python3_12_site-packages_PyQt6_Qt6_qml_QtQuick_Controls_FluentWinUI3_light_images_itemdelegate-background-pressed@3x_png fileNode\nclass node_venv_lib_python3_12_site-packages_PyQt6_Qt6_qml_QtQuick_Controls_FluentWinUI3_light_images_pageindicatordelegate-indicator-delegate-current-hovered_png fileNode\nclass node_venv_lib_python3_12_site-packages_PyQt6_Qt6_qml_QtQuick_Controls_FluentWinUI3_light_images_pageindicatordelegate-indicator-delegate-current-hovered@2x_png fileNode\nclass node_venv_lib_python3_12_site-packages_PyQt6_Qt6_qml_QtQuick_Controls_FluentWinUI3_light_images_pageindicatordelegate-indicator-delegate-current-hovered@3x_png fileNode\nclass node_venv_lib_python3_12_site-packages_PyQt6_Qt6_qml_QtQuick_Controls_FluentWinUI3_light_images_pageindicatordelegate-indicator-delegate-current-pressed_png fileNode\nclass node_venv_lib_python3_12_site-packages_PyQt6_Qt6_qml_QtQuick_Controls_FluentWinUI3_light_images_pageindicatordelegate-indicator-delegate-current-pressed@2x_png fileNode\nclass node_venv_lib_python3_12_site-packages_PyQt6_Qt6_qml_QtQuick_Controls_FluentWinUI3_light_images_pageindicatordelegate-indicator-delegate-current-pressed@3x_png fileNode\nclass node_venv_lib_python3_12_site-packages_PyQt6_Qt6_qml_QtQuick_Controls_FluentWinUI3_light_images_pageindicatordelegate-indicator-delegate-current_png fileNode\nclass node_venv_lib_python3_12_site-packages_PyQt6_Qt6_qml_QtQuick_Controls_FluentWinUI3_light_images_pageindicatordelegate-indicator-delegate-current@2x_png fileNode\nclass node_venv_lib_python3_12_site-packages_PyQt6_Qt6_qml_QtQuick_Controls_FluentWinUI3_light_images_pageindicatordelegate-indicator-delegate-current@3x_png fileNode\nclass node_venv_lib_python3_12_site-packages_PyQt6_Qt6_qml_QtQuick_Controls_FluentWinUI3_light_images_pageindicatordelegate-indicator-delegate-pressed_png fileNode\nclass node_venv_lib_python3_12_site-packages_PyQt6_Qt6_qml_QtQuick_Controls_FluentWinUI3_light_images_pageindicatordelegate-indicator-delegate-pressed@2x_png fileNode\nclass node_venv_lib_python3_12_site-packages_PyQt6_Qt6_qml_QtQuick_Controls_FluentWinUI3_light_images_pageindicatordelegate-indicator-delegate-pressed@3x_png fileNode\nclass node_venv_lib_python3_12_site-packages_PyQt6_Qt6_qml_QtQuick_Controls_FluentWinUI3_light_images_pageindicatordelegate-indicator-disabled_png fileNode\nclass node_venv_lib_python3_12_site-packages_PyQt6_Qt6_qml_QtQuick_Controls_FluentWinUI3_light_images_pageindicatordelegate-indicator-disabled@2x_png fileNode\nclass node_venv_lib_python3_12_site-packages_PyQt6_Qt6_qml_QtQuick_Controls_FluentWinUI3_light_images_pageindicatordelegate-indicator-disabled@3x_png fileNode\nclass node_venv_lib_python3_12_site-packages_PyQt6_Qt6_qml_QtQuick_Controls_FluentWinUI3_light_images_pageindicatordelegate-indicator-hovered_png fileNode\nclass node_venv_lib_python3_12_site-packages_PyQt6_Qt6_qml_QtQuick_Controls_FluentWinUI3_light_images_pageindicatordelegate-indicator-hovered@2x_png fileNode\nclass node_venv_lib_python3_12_site-packages_PyQt6_Qt6_qml_QtQuick_Controls_FluentWinUI3_light_images_pageindicatordelegate-indicator-hovered@3x_png fileNode\nclass node_venv_lib_python3_12_site-packages_PyQt6_Qt6_qml_QtQuick_Controls_FluentWinUI3_light_images_pageindicatordelegate-indicator_png fileNode\nclass node_venv_lib_python3_12_site-packages_PyQt6_Qt6_qml_QtQuick_Controls_FluentWinUI3_light_images_pageindicatordelegate-indicator@2x_png fileNode\nclass node_venv_lib_python3_12_site-packages_PyQt6_Qt6_qml_QtQuick_Controls_FluentWinUI3_light_images_pageindicatordelegate-indicator@3x_png fileNode\nclass node_venv_lib_python3_12_site-packages_PyQt6_Qt6_qml_QtQuick_Controls_FluentWinUI3_light_images_popup-background_png fileNode\nclass node_venv_lib_python3_12_site-packages_PyQt6_Qt6_qml_QtQuick_Controls_FluentWinUI3_light_images_popup-background@2x_png fileNode\nclass node_venv_lib_python3_12_site-packages_PyQt6_Qt6_qml_QtQuick_Controls_FluentWinUI3_light_images_popup-background@3x_png fileNode\nclass node_venv_lib_python3_12_site-packages_PyQt6_Qt6_qml_QtQuick_Controls_FluentWinUI3_light_images_progressbar-groove-disabled_png fileNode\nclass node_venv_lib_python3_12_site-packages_PyQt6_Qt6_qml_QtQuick_Controls_FluentWinUI3_light_images_progressbar-groove-disabled@2x_png fileNode\nclass node_venv_lib_python3_12_site-packages_PyQt6_Qt6_qml_QtQuick_Controls_FluentWinUI3_light_images_progressbar-groove-disabled@3x_png fileNode\nclass node_venv_lib_python3_12_site-packages_PyQt6_Qt6_qml_QtQuick_Controls_FluentWinUI3_light_images_progressbar-groove_png fileNode\nclass node_venv_lib_python3_12_site-packages_PyQt6_Qt6_qml_QtQuick_Controls_FluentWinUI3_light_images_progressbar-groove@2x_png fileNode\nclass node_venv_lib_python3_12_site-packages_PyQt6_Qt6_qml_QtQuick_Controls_FluentWinUI3_light_images_progressbar-groove@3x_png fileNode\nclass node_venv_lib_python3_12_site-packages_PyQt6_Qt6_qml_QtQuick_Controls_FluentWinUI3_light_images_radiobutton-indicator-checked-disabled_png fileNode\nclass node_venv_lib_python3_12_site-packages_PyQt6_Qt6_qml_QtQuick_Controls_FluentWinUI3_light_images_radiobutton-indicator-checked-disabled@2x_png fileNode\nclass node_venv_lib_python3_12_site-packages_PyQt6_Qt6_qml_QtQuick_Controls_FluentWinUI3_light_images_radiobutton-indicator-checked-disabled@3x_png fileNode\nclass node_venv_lib_python3_12_site-packages_PyQt6_Qt6_qml_QtQuick_Controls_FluentWinUI3_light_images_radiobutton-indicator-checked-hovered_png fileNode\nclass node_venv_lib_python3_12_site-packages_PyQt6_Qt6_qml_QtQuick_Controls_FluentWinUI3_light_images_radiobutton-indicator-checked-hovered@2x_png fileNode\nclass node_venv_lib_python3_12_site-packages_PyQt6_Qt6_qml_QtQuick_Controls_FluentWinUI3_light_images_radiobutton-indicator-checked-hovered@3x_png fileNode\nclass node_venv_lib_python3_12_site-packages_PyQt6_Qt6_qml_QtQuick_Controls_FluentWinUI3_light_images_radiobutton-indicator-checked-pressed_png fileNode\nclass node_venv_lib_python3_12_site-packages_PyQt6_Qt6_qml_QtQuick_Controls_FluentWinUI3_light_images_radiobutton-indicator-checked-pressed@2x_png fileNode\nclass node_venv_lib_python3_12_site-packages_PyQt6_Qt6_qml_QtQuick_Controls_FluentWinUI3_light_images_radiobutton-indicator-checked-pressed@3x_png fileNode\nclass node_venv_lib_python3_12_site-packages_PyQt6_Qt6_qml_QtQuick_Controls_FluentWinUI3_light_images_radiobutton-indicator-checked_png fileNode\nclass node_venv_lib_python3_12_site-packages_PyQt6_Qt6_qml_QtQuick_Controls_FluentWinUI3_light_images_radiobutton-indicator-checked@2x_png fileNode\nclass node_venv_lib_python3_12_site-packages_PyQt6_Qt6_qml_QtQuick_Controls_FluentWinUI3_light_images_radiobutton-indicator-checked@3x_png fileNode\nclass node_venv_lib_python3_12_site-packages_PyQt6_Qt6_qml_QtQuick_Controls_FluentWinUI3_light_images_radiobutton-indicator-disabled_png fileNode\nclass node_venv_lib_python3_12_site-packages_PyQt6_Qt6_qml_QtQuick_Controls_FluentWinUI3_light_images_radiobutton-indicator-disabled@2x_png fileNode\nclass node_venv_lib_python3_12_site-packages_PyQt6_Qt6_qml_QtQuick_Controls_FluentWinUI3_light_images_radiobutton-indicator-disabled@3x_png fileNode\nclass node_venv_lib_python3_12_site-packages_PyQt6_Qt6_qml_QtQuick_Controls_FluentWinUI3_light_images_radiobutton-indicator-hovered_png fileNode\nclass node_venv_lib_python3_12_site-packages_PyQt6_Qt6_qml_QtQuick_Controls_FluentWinUI3_light_images_radiobutton-indicator-hovered@2x_png fileNode\nclass node_venv_lib_python3_12_site-packages_PyQt6_Qt6_qml_QtQuick_Controls_FluentWinUI3_light_images_radiobutton-indicator-hovered@3x_png fileNode\nclass node_venv_lib_python3_12_site-packages_PyQt6_Qt6_qml_QtQuick_Controls_FluentWinUI3_light_images_radiobutton-indicator-pressed_png fileNode\nclass node_venv_lib_python3_12_site-packages_PyQt6_Qt6_qml_QtQuick_Controls_FluentWinUI3_light_images_radiobutton-indicator-pressed@2x_png fileNode\nclass node_venv_lib_python3_12_site-packages_PyQt6_Qt6_qml_QtQuick_Controls_FluentWinUI3_light_images_radiobutton-indicator-pressed@3x_png fileNode\nclass node_venv_lib_python3_12_site-packages_PyQt6_Qt6_qml_QtQuick_Controls_FluentWinUI3_light_images_radiobutton-indicator_png fileNode\nclass node_venv_lib_python3_12_site-packages_PyQt6_Qt6_qml_QtQuick_Controls_FluentWinUI3_light_images_radiobutton-indicator@2x_png fileNode\nclass node_venv_lib_python3_12_site-packages_PyQt6_Qt6_qml_QtQuick_Controls_FluentWinUI3_light_images_radiobutton-indicator@3x_png fileNode\nclass node_venv_lib_python3_12_site-packages_PyQt6_Qt6_qml_QtQuick_Controls_FluentWinUI3_light_images_rangeslider-first-handle-disabled_png fileNode\nclass node_venv_lib_python3_12_site-packages_PyQt6_Qt6_qml_QtQuick_Controls_FluentWinUI3_light_images_rangeslider-first-handle-disabled@2x_png fileNode\nclass node_venv_lib_python3_12_site-packages_PyQt6_Qt6_qml_QtQuick_Controls_FluentWinUI3_light_images_rangeslider-first-handle-disabled@3x_png fileNode\nclass node_venv_lib_python3_12_site-packages_PyQt6_Qt6_qml_QtQuick_Controls_FluentWinUI3_light_images_rangeslider-first-handle-handle-pressed_png fileNode\nclass node_venv_lib_python3_12_site-packages_PyQt6_Qt6_qml_QtQuick_Controls_FluentWinUI3_light_images_rangeslider-first-handle-handle-pressed@2x_png fileNode\nclass node_venv_lib_python3_12_site-packages_PyQt6_Qt6_qml_QtQuick_Controls_FluentWinUI3_light_images_rangeslider-first-handle-handle-pressed@3x_png fileNode\nclass node_venv_lib_python3_12_site-packages_PyQt6_Qt6_qml_QtQuick_Controls_FluentWinUI3_light_images_rangeslider-first-handle-hovered_png fileNode\nclass node_venv_lib_python3_12_site-packages_PyQt6_Qt6_qml_QtQuick_Controls_FluentWinUI3_light_images_rangeslider-first-handle-hovered@2x_png fileNode\nclass node_venv_lib_python3_12_site-packages_PyQt6_Qt6_qml_QtQuick_Controls_FluentWinUI3_light_images_rangeslider-first-handle-hovered@3x_png fileNode\nclass node_venv_lib_python3_12_site-packages_PyQt6_Qt6_qml_QtQuick_Controls_FluentWinUI3_light_images_rangeslider-first-handle_png fileNode\nclass node_venv_lib_python3_12_site-packages_PyQt6_Qt6_qml_QtQuick_Controls_FluentWinUI3_light_images_rangeslider-first-handle@2x_png fileNode\nclass node_venv_lib_python3_12_site-packages_PyQt6_Qt6_qml_QtQuick_Controls_FluentWinUI3_light_images_rangeslider-first-handle@3x_png fileNode\nclass node_venv_lib_python3_12_site-packages_PyQt6_Qt6_qml_QtQuick_Controls_FluentWinUI3_light_images_rangeslider-groove-disabled_png fileNode\nclass node_venv_lib_python3_12_site-packages_PyQt6_Qt6_qml_QtQuick_Controls_FluentWinUI3_light_images_rangeslider-groove-disabled@2x_png fileNode\nclass node_venv_lib_python3_12_site-packages_PyQt6_Qt6_qml_QtQuick_Controls_FluentWinUI3_light_images_rangeslider-groove-disabled@3x_png fileNode\nclass node_venv_lib_python3_12_site-packages_PyQt6_Qt6_qml_QtQuick_Controls_FluentWinUI3_light_images_rangeslider-groove-handle-pressed_png fileNode\nclass node_venv_lib_python3_12_site-packages_PyQt6_Qt6_qml_QtQuick_Controls_FluentWinUI3_light_images_rangeslider-groove-handle-pressed@2x_png fileNode\nclass node_venv_lib_python3_12_site-packages_PyQt6_Qt6_qml_QtQuick_Controls_FluentWinUI3_light_images_rangeslider-groove-handle-pressed@3x_png fileNode\nclass node_venv_lib_python3_12_site-packages_PyQt6_Qt6_qml_QtQuick_Controls_FluentWinUI3_light_images_rangeslider-groove-hovered_png fileNode\nclass node_venv_lib_python3_12_site-packages_PyQt6_Qt6_qml_QtQuick_Controls_FluentWinUI3_light_images_rangeslider-groove-hovered@2x_png fileNode\nclass node_venv_lib_python3_12_site-packages_PyQt6_Qt6_qml_QtQuick_Controls_FluentWinUI3_light_images_rangeslider-groove-hovered@3x_png fileNode\nclass node_venv_lib_python3_12_site-packages_PyQt6_Qt6_qml_QtQuick_Controls_FluentWinUI3_light_images_rangeslider-groove_png fileNode\nclass node_venv_lib_python3_12_site-packages_PyQt6_Qt6_qml_QtQuick_Controls_FluentWinUI3_light_images_rangeslider-groove@2x_png fileNode\nclass node_venv_lib_python3_12_site-packages_PyQt6_Qt6_qml_QtQuick_Controls_FluentWinUI3_light_images_rangeslider-groove@3x_png fileNode\nclass node_venv_lib_python3_12_site-packages_PyQt6_Qt6_qml_QtQuick_Controls_FluentWinUI3_light_images_rangeslider-second-handle-disabled_png fileNode\nclass node_venv_lib_python3_12_site-packages_PyQt6_Qt6_qml_QtQuick_Controls_FluentWinUI3_light_images_rangeslider-second-handle-disabled@2x_png fileNode\nclass node_venv_lib_python3_12_site-packages_PyQt6_Qt6_qml_QtQuick_Controls_FluentWinUI3_light_images_rangeslider-second-handle-disabled@3x_png fileNode\nclass node_venv_lib_python3_12_site-packages_PyQt6_Qt6_qml_QtQuick_Controls_FluentWinUI3_light_images_rangeslider-second-handle-handle-pressed_png fileNode\nclass node_venv_lib_python3_12_site-packages_PyQt6_Qt6_qml_QtQuick_Controls_FluentWinUI3_light_images_rangeslider-second-handle-handle-pressed@2x_png fileNode\nclass node_venv_lib_python3_12_site-packages_PyQt6_Qt6_qml_QtQuick_Controls_FluentWinUI3_light_images_rangeslider-second-handle-handle-pressed@3x_png fileNode\nclass node_venv_lib_python3_12_site-packages_PyQt6_Qt6_qml_QtQuick_Controls_FluentWinUI3_light_images_rangeslider-second-handle-hovered_png fileNode\nclass node_venv_lib_python3_12_site-packages_PyQt6_Qt6_qml_QtQuick_Controls_FluentWinUI3_light_images_rangeslider-second-handle-hovered@2x_png fileNode\nclass node_venv_lib_python3_12_site-packages_PyQt6_Qt6_qml_QtQuick_Controls_FluentWinUI3_light_images_rangeslider-second-handle-hovered@3x_png fileNode\nclass node_venv_lib_python3_12_site-packages_PyQt6_Qt6_qml_QtQuick_Controls_FluentWinUI3_light_images_rangeslider-second-handle_png fileNode\nclass node_venv_lib_python3_12_site-packages_PyQt6_Qt6_qml_QtQuick_Controls_FluentWinUI3_light_images_rangeslider-second-handle@2x_png fileNode\nclass node_venv_lib_python3_12_site-packages_PyQt6_Qt6_qml_QtQuick_Controls_FluentWinUI3_light_images_rangeslider-second-handle@3x_png fileNode\nclass node_venv_lib_python3_12_site-packages_PyQt6_Qt6_qml_QtQuick_Controls_FluentWinUI3_light_images_slider-groove-disabled_png fileNode\nclass node_venv_lib_python3_12_site-packages_PyQt6_Qt6_qml_QtQuick_Controls_FluentWinUI3_light_images_slider-groove-disabled@2x_png fileNode\nclass node_venv_lib_python3_12_site-packages_PyQt6_Qt6_qml_QtQuick_Controls_FluentWinUI3_light_images_slider-groove-disabled@3x_png fileNode\nclass node_venv_lib_python3_12_site-packages_PyQt6_Qt6_qml_QtQuick_Controls_FluentWinUI3_light_images_slider-groove-hovered_png fileNode\nclass node_venv_lib_python3_12_site-packages_PyQt6_Qt6_qml_QtQuick_Controls_FluentWinUI3_light_images_slider-groove-hovered@2x_png fileNode\nclass node_venv_lib_python3_12_site-packages_PyQt6_Qt6_qml_QtQuick_Controls_FluentWinUI3_light_images_slider-groove-hovered@3x_png fileNode\nclass node_venv_lib_python3_12_site-packages_PyQt6_Qt6_qml_QtQuick_Controls_FluentWinUI3_light_images_slider-groove-pressed_png fileNode\nclass node_venv_lib_python3_12_site-packages_PyQt6_Qt6_qml_QtQuick_Controls_FluentWinUI3_light_images_slider-groove-pressed@2x_png fileNode\nclass node_venv_lib_python3_12_site-packages_PyQt6_Qt6_qml_QtQuick_Controls_FluentWinUI3_light_images_slider-groove-pressed@3x_png fileNode\nclass node_venv_lib_python3_12_site-packages_PyQt6_Qt6_qml_QtQuick_Controls_FluentWinUI3_light_images_slider-groove_png fileNode\nclass node_venv_lib_python3_12_site-packages_PyQt6_Qt6_qml_QtQuick_Controls_FluentWinUI3_light_images_slider-groove@2x_png fileNode\nclass node_venv_lib_python3_12_site-packages_PyQt6_Qt6_qml_QtQuick_Controls_FluentWinUI3_light_images_slider-groove@3x_png fileNode\nclass node_venv_lib_python3_12_site-packages_PyQt6_Qt6_qml_QtQuick_Controls_FluentWinUI3_light_images_slider-handle-disabled_png fileNode\nclass node_venv_lib_python3_12_site-packages_PyQt6_Qt6_qml_QtQuick_Controls_FluentWinUI3_light_images_slider-handle-disabled@2x_png fileNode\nclass node_venv_lib_python3_12_site-packages_PyQt6_Qt6_qml_QtQuick_Controls_FluentWinUI3_light_images_slider-handle-disabled@3x_png fileNode\nclass node_venv_lib_python3_12_site-packages_PyQt6_Qt6_qml_QtQuick_Controls_FluentWinUI3_light_images_slider-handle-hovered_png fileNode\nclass node_venv_lib_python3_12_site-packages_PyQt6_Qt6_qml_QtQuick_Controls_FluentWinUI3_light_images_slider-handle-hovered@2x_png fileNode\nclass node_venv_lib_python3_12_site-packages_PyQt6_Qt6_qml_QtQuick_Controls_FluentWinUI3_light_images_slider-handle-hovered@3x_png fileNode\nclass node_venv_lib_python3_12_site-packages_PyQt6_Qt6_qml_QtQuick_Controls_FluentWinUI3_light_images_slider-handle-pressed_png fileNode\nclass node_venv_lib_python3_12_site-packages_PyQt6_Qt6_qml_QtQuick_Controls_FluentWinUI3_light_images_slider-handle-pressed@2x_png fileNode\nclass node_venv_lib_python3_12_site-packages_PyQt6_Qt6_qml_QtQuick_Controls_FluentWinUI3_light_images_slider-handle-pressed@3x_png fileNode\nclass node_venv_lib_python3_12_site-packages_PyQt6_Qt6_qml_QtQuick_Controls_FluentWinUI3_light_images_slider-handle_png fileNode\nclass node_venv_lib_python3_12_site-packages_PyQt6_Qt6_qml_QtQuick_Controls_FluentWinUI3_light_images_slider-handle@2x_png fileNode\nclass node_venv_lib_python3_12_site-packages_PyQt6_Qt6_qml_QtQuick_Controls_FluentWinUI3_light_images_slider-handle@3x_png fileNode\nclass node_venv_lib_python3_12_site-packages_PyQt6_Qt6_qml_QtQuick_Controls_FluentWinUI3_light_images_spinbox-background-atlimit_png fileNode\nclass node_venv_lib_python3_12_site-packages_PyQt6_Qt6_qml_QtQuick_Controls_FluentWinUI3_light_images_spinbox-background-atlimit@2x_png fileNode\nclass node_venv_lib_python3_12_site-packages_PyQt6_Qt6_qml_QtQuick_Controls_FluentWinUI3_light_images_spinbox-background-atlimit@3x_png fileNode\nclass node_venv_lib_python3_12_site-packages_PyQt6_Qt6_qml_QtQuick_Controls_FluentWinUI3_light_images_spinbox-background-disabled_png fileNode\nclass node_venv_lib_python3_12_site-packages_PyQt6_Qt6_qml_QtQuick_Controls_FluentWinUI3_light_images_spinbox-background-disabled@2x_png fileNode\nclass node_venv_lib_python3_12_site-packages_PyQt6_Qt6_qml_QtQuick_Controls_FluentWinUI3_light_images_spinbox-background-disabled@3x_png fileNode\nclass node_venv_lib_python3_12_site-packages_PyQt6_Qt6_qml_QtQuick_Controls_FluentWinUI3_light_images_spinbox-background-down-hovered_png fileNode\nclass node_venv_lib_python3_12_site-packages_PyQt6_Qt6_qml_QtQuick_Controls_FluentWinUI3_light_images_spinbox-background-down-hovered@2x_png fileNode\nclass node_venv_lib_python3_12_site-packages_PyQt6_Qt6_qml_QtQuick_Controls_FluentWinUI3_light_images_spinbox-background-down-hovered@3x_png fileNode\nclass node_venv_lib_python3_12_site-packages_PyQt6_Qt6_qml_QtQuick_Controls_FluentWinUI3_light_images_spinbox-background-down-pressed_png fileNode\nclass node_venv_lib_python3_12_site-packages_PyQt6_Qt6_qml_QtQuick_Controls_FluentWinUI3_light_images_spinbox-background-down-pressed@2x_png fileNode\nclass node_venv_lib_python3_12_site-packages_PyQt6_Qt6_qml_QtQuick_Controls_FluentWinUI3_light_images_spinbox-background-down-pressed@3x_png fileNode\nclass node_venv_lib_python3_12_site-packages_PyQt6_Qt6_qml_QtQuick_Controls_FluentWinUI3_light_images_spinbox-background-hovered_png fileNode\nclass node_venv_lib_python3_12_site-packages_PyQt6_Qt6_qml_QtQuick_Controls_FluentWinUI3_light_images_spinbox-background-hovered@2x_png fileNode\nclass node_venv_lib_python3_12_site-packages_PyQt6_Qt6_qml_QtQuick_Controls_FluentWinUI3_light_images_spinbox-background-hovered@3x_png fileNode\nclass node_venv_lib_python3_12_site-packages_PyQt6_Qt6_qml_QtQuick_Controls_FluentWinUI3_light_images_spinbox-background-up-hovered_png fileNode\nclass node_venv_lib_python3_12_site-packages_PyQt6_Qt6_qml_QtQuick_Controls_FluentWinUI3_light_images_spinbox-background-up-hovered@2x_png fileNode\nclass node_venv_lib_python3_12_site-packages_PyQt6_Qt6_qml_QtQuick_Controls_FluentWinUI3_light_images_spinbox-background-up-hovered@3x_png fileNode\nclass node_venv_lib_python3_12_site-packages_PyQt6_Qt6_qml_QtQuick_Controls_FluentWinUI3_light_images_spinbox-background-up-pressed_png fileNode\nclass node_venv_lib_python3_12_site-packages_PyQt6_Qt6_qml_QtQuick_Controls_FluentWinUI3_light_images_spinbox-background-up-pressed@2x_png fileNode\nclass node_venv_lib_python3_12_site-packages_PyQt6_Qt6_qml_QtQuick_Controls_FluentWinUI3_light_images_spinbox-background-up-pressed@3x_png fileNode\nclass node_venv_lib_python3_12_site-packages_PyQt6_Qt6_qml_QtQuick_Controls_FluentWinUI3_light_images_spinbox-background_png fileNode\nclass node_venv_lib_python3_12_site-packages_PyQt6_Qt6_qml_QtQuick_Controls_FluentWinUI3_light_images_spinbox-background@2x_png fileNode\nclass node_venv_lib_python3_12_site-packages_PyQt6_Qt6_qml_QtQuick_Controls_FluentWinUI3_light_images_spinbox-background@3x_png fileNode\nclass node_venv_lib_python3_12_site-packages_PyQt6_Qt6_qml_QtQuick_Controls_FluentWinUI3_light_images_spinbox-indicator-down-background-atlimit_png fileNode\nclass node_venv_lib_python3_12_site-packages_PyQt6_Qt6_qml_QtQuick_Controls_FluentWinUI3_light_images_spinbox-indicator-down-background-atlimit@2x_png fileNode\nclass node_venv_lib_python3_12_site-packages_PyQt6_Qt6_qml_QtQuick_Controls_FluentWinUI3_light_images_spinbox-indicator-down-background-atlimit@3x_png fileNode\nclass node_venv_lib_python3_12_site-packages_PyQt6_Qt6_qml_QtQuick_Controls_FluentWinUI3_light_images_spinbox-indicator-down-background-disabled_png fileNode\nclass node_venv_lib_python3_12_site-packages_PyQt6_Qt6_qml_QtQuick_Controls_FluentWinUI3_light_images_spinbox-indicator-down-background-disabled@2x_png fileNode\nclass node_venv_lib_python3_12_site-packages_PyQt6_Qt6_qml_QtQuick_Controls_FluentWinUI3_light_images_spinbox-indicator-down-background-disabled@3x_png fileNode\nclass node_venv_lib_python3_12_site-packages_PyQt6_Qt6_qml_QtQuick_Controls_FluentWinUI3_light_images_spinbox-indicator-down-background-down-hovered_png fileNode\nclass node_venv_lib_python3_12_site-packages_PyQt6_Qt6_qml_QtQuick_Controls_FluentWinUI3_light_images_spinbox-indicator-down-background-down-hovered@2x_png fileNode\nclass node_venv_lib_python3_12_site-packages_PyQt6_Qt6_qml_QtQuick_Controls_FluentWinUI3_light_images_spinbox-indicator-down-background-down-hovered@3x_png fileNode\nclass node_venv_lib_python3_12_site-packages_PyQt6_Qt6_qml_QtQuick_Controls_FluentWinUI3_light_images_spinbox-indicator-down-background-down-pressed_png fileNode\nclass node_venv_lib_python3_12_site-packages_PyQt6_Qt6_qml_QtQuick_Controls_FluentWinUI3_light_images_spinbox-indicator-down-background-down-pressed@2x_png fileNode\nclass node_venv_lib_python3_12_site-packages_PyQt6_Qt6_qml_QtQuick_Controls_FluentWinUI3_light_images_spinbox-indicator-down-background-down-pressed@3x_png fileNode\nclass node_venv_lib_python3_12_site-packages_PyQt6_Qt6_qml_QtQuick_Controls_FluentWinUI3_light_images_spinbox-indicator-down-background-hovered_png fileNode\nclass node_venv_lib_python3_12_site-packages_PyQt6_Qt6_qml_QtQuick_Controls_FluentWinUI3_light_images_spinbox-indicator-down-background-hovered@2x_png fileNode\nclass node_venv_lib_python3_12_site-packages_PyQt6_Qt6_qml_QtQuick_Controls_FluentWinUI3_light_images_spinbox-indicator-down-background-hovered@3x_png fileNode\nclass node_venv_lib_python3_12_site-packages_PyQt6_Qt6_qml_QtQuick_Controls_FluentWinUI3_light_images_spinbox-indicator-down-background-up-hovered_png fileNode\nclass node_venv_lib_python3_12_site-packages_PyQt6_Qt6_qml_QtQuick_Controls_FluentWinUI3_light_images_spinbox-indicator-down-background-up-hovered@2x_png fileNode\nclass node_venv_lib_python3_12_site-packages_PyQt6_Qt6_qml_QtQuick_Controls_FluentWinUI3_light_images_spinbox-indicator-down-background-up-hovered@3x_png fileNode\nclass node_venv_lib_python3_12_site-packages_PyQt6_Qt6_qml_QtQuick_Controls_FluentWinUI3_light_images_spinbox-indicator-down-background-up-pressed_png fileNode\nclass node_venv_lib_python3_12_site-packages_PyQt6_Qt6_qml_QtQuick_Controls_FluentWinUI3_light_images_spinbox-indicator-down-background-up-pressed@2x_png fileNode\nclass node_venv_lib_python3_12_site-packages_PyQt6_Qt6_qml_QtQuick_Controls_FluentWinUI3_light_images_spinbox-indicator-down-background-up-pressed@3x_png fileNode\nclass node_venv_lib_python3_12_site-packages_PyQt6_Qt6_qml_QtQuick_Controls_FluentWinUI3_light_images_spinbox-indicator-down-background_png fileNode\nclass node_venv_lib_python3_12_site-packages_PyQt6_Qt6_qml_QtQuick_Controls_FluentWinUI3_light_images_spinbox-indicator-down-background@2x_png fileNode\nclass node_venv_lib_python3_12_site-packages_PyQt6_Qt6_qml_QtQuick_Controls_FluentWinUI3_light_images_spinbox-indicator-down-background@3x_png fileNode\nclass node_venv_lib_python3_12_site-packages_PyQt6_Qt6_qml_QtQuick_Controls_FluentWinUI3_light_images_spinbox-indicator-down-icon-atlimit_png fileNode\nclass node_venv_lib_python3_12_site-packages_PyQt6_Qt6_qml_QtQuick_Controls_FluentWinUI3_light_images_spinbox-indicator-down-icon-atlimit@2x_png fileNode\nclass node_venv_lib_python3_12_site-packages_PyQt6_Qt6_qml_QtQuick_Controls_FluentWinUI3_light_images_spinbox-indicator-down-icon-atlimit@3x_png fileNode\nclass node_venv_lib_python3_12_site-packages_PyQt6_Qt6_qml_QtQuick_Controls_FluentWinUI3_light_images_spinbox-indicator-down-icon-disabled_png fileNode\nclass node_venv_lib_python3_12_site-packages_PyQt6_Qt6_qml_QtQuick_Controls_FluentWinUI3_light_images_spinbox-indicator-down-icon-disabled@2x_png fileNode\nclass node_venv_lib_python3_12_site-packages_PyQt6_Qt6_qml_QtQuick_Controls_FluentWinUI3_light_images_spinbox-indicator-down-icon-disabled@3x_png fileNode\nclass node_venv_lib_python3_12_site-packages_PyQt6_Qt6_qml_QtQuick_Controls_FluentWinUI3_light_images_spinbox-indicator-down-icon-down-hovered_png fileNode\nclass node_venv_lib_python3_12_site-packages_PyQt6_Qt6_qml_QtQuick_Controls_FluentWinUI3_light_images_spinbox-indicator-down-icon-down-hovered@2x_png fileNode\nclass node_venv_lib_python3_12_site-packages_PyQt6_Qt6_qml_QtQuick_Controls_FluentWinUI3_light_images_spinbox-indicator-down-icon-down-hovered@3x_png fileNode\nclass node_venv_lib_python3_12_site-packages_PyQt6_Qt6_qml_QtQuick_Controls_FluentWinUI3_light_images_spinbox-indicator-down-icon-down-pressed_png fileNode\nclass node_venv_lib_python3_12_site-packages_PyQt6_Qt6_qml_QtQuick_Controls_FluentWinUI3_light_images_spinbox-indicator-down-icon-down-pressed@2x_png fileNode\nclass node_venv_lib_python3_12_site-packages_PyQt6_Qt6_qml_QtQuick_Controls_FluentWinUI3_light_images_spinbox-indicator-down-icon-down-pressed@3x_png fileNode\nclass node_venv_lib_python3_12_site-packages_PyQt6_Qt6_qml_QtQuick_Controls_FluentWinUI3_light_images_spinbox-indicator-down-icon-hovered_png fileNode\nclass node_venv_lib_python3_12_site-packages_PyQt6_Qt6_qml_QtQuick_Controls_FluentWinUI3_light_images_spinbox-indicator-down-icon-hovered@2x_png fileNode\nclass node_venv_lib_python3_12_site-packages_PyQt6_Qt6_qml_QtQuick_Controls_FluentWinUI3_light_images_spinbox-indicator-down-icon-hovered@3x_png fileNode\nclass node_venv_lib_python3_12_site-packages_PyQt6_Qt6_qml_QtQuick_Controls_FluentWinUI3_light_images_spinbox-indicator-down-icon-up-hovered_png fileNode\nclass node_venv_lib_python3_12_site-packages_PyQt6_Qt6_qml_QtQuick_Controls_FluentWinUI3_light_images_spinbox-indicator-down-icon-up-hovered@2x_png fileNode\nclass node_venv_lib_python3_12_site-packages_PyQt6_Qt6_qml_QtQuick_Controls_FluentWinUI3_light_images_spinbox-indicator-down-icon-up-hovered@3x_png fileNode\nclass node_venv_lib_python3_12_site-packages_PyQt6_Qt6_qml_QtQuick_Controls_FluentWinUI3_light_images_spinbox-indicator-down-icon-up-pressed_png fileNode\nclass node_venv_lib_python3_12_site-packages_PyQt6_Qt6_qml_QtQuick_Controls_FluentWinUI3_light_images_spinbox-indicator-down-icon-up-pressed@2x_png fileNode\nclass node_venv_lib_python3_12_site-packages_PyQt6_Qt6_qml_QtQuick_Controls_FluentWinUI3_light_images_spinbox-indicator-down-icon-up-pressed@3x_png fileNode\nclass node_venv_lib_python3_12_site-packages_PyQt6_Qt6_qml_QtQuick_Controls_FluentWinUI3_light_images_spinbox-indicator-down-icon_png fileNode\nclass node_venv_lib_python3_12_site-packages_PyQt6_Qt6_qml_QtQuick_Controls_FluentWinUI3_light_images_spinbox-indicator-down-icon@2x_png fileNode\nclass node_venv_lib_python3_12_site-packages_PyQt6_Qt6_qml_QtQuick_Controls_FluentWinUI3_light_images_spinbox-indicator-down-icon@3x_png fileNode\nclass node_venv_lib_python3_12_site-packages_PyQt6_Qt6_qml_QtQuick_Controls_FluentWinUI3_light_images_spinbox-indicator-up-background-atlimit_png fileNode\nclass node_venv_lib_python3_12_site-packages_PyQt6_Qt6_qml_QtQuick_Controls_FluentWinUI3_light_images_spinbox-indicator-up-background-atlimit@2x_png fileNode\nclass node_venv_lib_python3_12_site-packages_PyQt6_Qt6_qml_QtQuick_Controls_FluentWinUI3_light_images_spinbox-indicator-up-background-atlimit@3x_png fileNode\nclass node_venv_lib_python3_12_site-packages_PyQt6_Qt6_qml_QtQuick_Controls_FluentWinUI3_light_images_spinbox-indicator-up-background-disabled_png fileNode\nclass node_venv_lib_python3_12_site-packages_PyQt6_Qt6_qml_QtQuick_Controls_FluentWinUI3_light_images_spinbox-indicator-up-background-disabled@2x_png fileNode\nclass node_venv_lib_python3_12_site-packages_PyQt6_Qt6_qml_QtQuick_Controls_FluentWinUI3_light_images_spinbox-indicator-up-background-disabled@3x_png fileNode\nclass node_venv_lib_python3_12_site-packages_PyQt6_Qt6_qml_QtQuick_Controls_FluentWinUI3_light_images_spinbox-indicator-up-background-down-hovered_png fileNode\nclass node_venv_lib_python3_12_site-packages_PyQt6_Qt6_qml_QtQuick_Controls_FluentWinUI3_light_images_spinbox-indicator-up-background-down-hovered@2x_png fileNode\nclass node_venv_lib_python3_12_site-packages_PyQt6_Qt6_qml_QtQuick_Controls_FluentWinUI3_light_images_spinbox-indicator-up-background-down-hovered@3x_png fileNode\nclass node_venv_lib_python3_12_site-packages_PyQt6_Qt6_qml_QtQuick_Controls_FluentWinUI3_light_images_spinbox-indicator-up-background-down-pressed_png fileNode\nclass node_venv_lib_python3_12_site-packages_PyQt6_Qt6_qml_QtQuick_Controls_FluentWinUI3_light_images_spinbox-indicator-up-background-down-pressed@2x_png fileNode\nclass node_venv_lib_python3_12_site-packages_PyQt6_Qt6_qml_QtQuick_Controls_FluentWinUI3_light_images_spinbox-indicator-up-background-down-pressed@3x_png fileNode\nclass node_venv_lib_python3_12_site-packages_PyQt6_Qt6_qml_QtQuick_Controls_FluentWinUI3_light_images_spinbox-indicator-up-background-hovered_png fileNode\nclass node_venv_lib_python3_12_site-packages_PyQt6_Qt6_qml_QtQuick_Controls_FluentWinUI3_light_images_spinbox-indicator-up-background-hovered@2x_png fileNode\nclass node_venv_lib_python3_12_site-packages_PyQt6_Qt6_qml_QtQuick_Controls_FluentWinUI3_light_images_spinbox-indicator-up-background-hovered@3x_png fileNode\nclass node_venv_lib_python3_12_site-packages_PyQt6_Qt6_qml_QtQuick_Controls_FluentWinUI3_light_images_spinbox-indicator-up-background-up-hovered_png fileNode\nclass node_venv_lib_python3_12_site-packages_PyQt6_Qt6_qml_QtQuick_Controls_FluentWinUI3_light_images_spinbox-indicator-up-background-up-hovered@2x_png fileNode\nclass node_venv_lib_python3_12_site-packages_PyQt6_Qt6_qml_QtQuick_Controls_FluentWinUI3_light_images_spinbox-indicator-up-background-up-hovered@3x_png fileNode\nclass node_venv_lib_python3_12_site-packages_PyQt6_Qt6_qml_QtQuick_Controls_FluentWinUI3_light_images_spinbox-indicator-up-background-up-pressed_png fileNode\nclass node_venv_lib_python3_12_site-packages_PyQt6_Qt6_qml_QtQuick_Controls_FluentWinUI3_light_images_spinbox-indicator-up-background-up-pressed@2x_png fileNode\nclass node_venv_lib_python3_12_site-packages_PyQt6_Qt6_qml_QtQuick_Controls_FluentWinUI3_light_images_spinbox-indicator-up-background-up-pressed@3x_png fileNode\nclass node_venv_lib_python3_12_site-packages_PyQt6_Qt6_qml_QtQuick_Controls_FluentWinUI3_light_images_spinbox-indicator-up-background_png fileNode\nclass node_venv_lib_python3_12_site-packages_PyQt6_Qt6_qml_QtQuick_Controls_FluentWinUI3_light_images_spinbox-indicator-up-background@2x_png fileNode\nclass node_venv_lib_python3_12_site-packages_PyQt6_Qt6_qml_QtQuick_Controls_FluentWinUI3_light_images_spinbox-indicator-up-background@3x_png fileNode\nclass node_venv_lib_python3_12_site-packages_PyQt6_Qt6_qml_QtQuick_Controls_FluentWinUI3_light_images_spinbox-indicator-up-icon-atlimit_png fileNode\nclass node_venv_lib_python3_12_site-packages_PyQt6_Qt6_qml_QtQuick_Controls_FluentWinUI3_light_images_spinbox-indicator-up-icon-atlimit@2x_png fileNode\nclass node_venv_lib_python3_12_site-packages_PyQt6_Qt6_qml_QtQuick_Controls_FluentWinUI3_light_images_spinbox-indicator-up-icon-atlimit@3x_png fileNode\nclass node_venv_lib_python3_12_site-packages_PyQt6_Qt6_qml_QtQuick_Controls_FluentWinUI3_light_images_spinbox-indicator-up-icon-disabled_png fileNode\nclass node_venv_lib_python3_12_site-packages_PyQt6_Qt6_qml_QtQuick_Controls_FluentWinUI3_light_images_spinbox-indicator-up-icon-disabled@2x_png fileNode\nclass node_venv_lib_python3_12_site-packages_PyQt6_Qt6_qml_QtQuick_Controls_FluentWinUI3_light_images_spinbox-indicator-up-icon-disabled@3x_png fileNode\nclass node_venv_lib_python3_12_site-packages_PyQt6_Qt6_qml_QtQuick_Controls_FluentWinUI3_light_images_spinbox-indicator-up-icon-down-hovered_png fileNode\nclass node_venv_lib_python3_12_site-packages_PyQt6_Qt6_qml_QtQuick_Controls_FluentWinUI3_light_images_spinbox-indicator-up-icon-down-hovered@2x_png fileNode\nclass node_venv_lib_python3_12_site-packages_PyQt6_Qt6_qml_QtQuick_Controls_FluentWinUI3_light_images_spinbox-indicator-up-icon-down-hovered@3x_png fileNode\nclass node_venv_lib_python3_12_site-packages_PyQt6_Qt6_qml_QtQuick_Controls_FluentWinUI3_light_images_spinbox-indicator-up-icon-down-pressed_png fileNode\nclass node_venv_lib_python3_12_site-packages_PyQt6_Qt6_qml_QtQuick_Controls_FluentWinUI3_light_images_spinbox-indicator-up-icon-down-pressed@2x_png fileNode\nclass node_venv_lib_python3_12_site-packages_PyQt6_Qt6_qml_QtQuick_Controls_FluentWinUI3_light_images_spinbox-indicator-up-icon-down-pressed@3x_png fileNode\nclass node_venv_lib_python3_12_site-packages_PyQt6_Qt6_qml_QtQuick_Controls_FluentWinUI3_light_images_spinbox-indicator-up-icon-hovered_png fileNode\nclass node_venv_lib_python3_12_site-packages_PyQt6_Qt6_qml_QtQuick_Controls_FluentWinUI3_light_images_spinbox-indicator-up-icon-hovered@2x_png fileNode\nclass node_venv_lib_python3_12_site-packages_PyQt6_Qt6_qml_QtQuick_Controls_FluentWinUI3_light_images_spinbox-indicator-up-icon-hovered@3x_png fileNode\nclass node_venv_lib_python3_12_site-packages_PyQt6_Qt6_qml_QtQuick_Controls_FluentWinUI3_light_images_spinbox-indicator-up-icon-up-hovered_png fileNode\nclass node_venv_lib_python3_12_site-packages_PyQt6_Qt6_qml_QtQuick_Controls_FluentWinUI3_light_images_spinbox-indicator-up-icon-up-hovered@2x_png fileNode\nclass node_venv_lib_python3_12_site-packages_PyQt6_Qt6_qml_QtQuick_Controls_FluentWinUI3_light_images_spinbox-indicator-up-icon-up-hovered@3x_png fileNode\nclass node_venv_lib_python3_12_site-packages_PyQt6_Qt6_qml_QtQuick_Controls_FluentWinUI3_light_images_spinbox-indicator-up-icon-up-pressed_png fileNode\nclass node_venv_lib_python3_12_site-packages_PyQt6_Qt6_qml_QtQuick_Controls_FluentWinUI3_light_images_spinbox-indicator-up-icon-up-pressed@2x_png fileNode\nclass node_venv_lib_python3_12_site-packages_PyQt6_Qt6_qml_QtQuick_Controls_FluentWinUI3_light_images_spinbox-indicator-up-icon-up-pressed@3x_png fileNode\nclass node_venv_lib_python3_12_site-packages_PyQt6_Qt6_qml_QtQuick_Controls_FluentWinUI3_light_images_spinbox-indicator-up-icon_png fileNode\nclass node_venv_lib_python3_12_site-packages_PyQt6_Qt6_qml_QtQuick_Controls_FluentWinUI3_light_images_spinbox-indicator-up-icon@2x_png fileNode\nclass node_venv_lib_python3_12_site-packages_PyQt6_Qt6_qml_QtQuick_Controls_FluentWinUI3_light_images_spinbox-indicator-up-icon@3x_png fileNode\nclass node_venv_lib_python3_12_site-packages_PyQt6_Qt6_qml_QtQuick_Controls_FluentWinUI3_light_images_textarea-background-disabled_png fileNode\nclass node_venv_lib_python3_12_site-packages_PyQt6_Qt6_qml_QtQuick_Controls_FluentWinUI3_light_images_textarea-background-disabled@2x_png fileNode\nclass node_venv_lib_python3_12_site-packages_PyQt6_Qt6_qml_QtQuick_Controls_FluentWinUI3_light_images_textarea-background-disabled@3x_png fileNode\nclass node_venv_lib_python3_12_site-packages_PyQt6_Qt6_qml_QtQuick_Controls_FluentWinUI3_light_images_textarea-background-focused_png fileNode\nclass node_venv_lib_python3_12_site-packages_PyQt6_Qt6_qml_QtQuick_Controls_FluentWinUI3_light_images_textarea-background-focused@2x_png fileNode\nclass node_venv_lib_python3_12_site-packages_PyQt6_Qt6_qml_QtQuick_Controls_FluentWinUI3_light_images_textarea-background-focused@3x_png fileNode\nclass node_venv_lib_python3_12_site-packages_PyQt6_Qt6_qml_QtQuick_Controls_FluentWinUI3_light_images_textarea-background-hovered_png fileNode\nclass node_venv_lib_python3_12_site-packages_PyQt6_Qt6_qml_QtQuick_Controls_FluentWinUI3_light_images_textarea-background-hovered@2x_png fileNode\nclass node_venv_lib_python3_12_site-packages_PyQt6_Qt6_qml_QtQuick_Controls_FluentWinUI3_light_images_textarea-background-hovered@3x_png fileNode\nclass node_venv_lib_python3_12_site-packages_PyQt6_Qt6_qml_QtQuick_Controls_FluentWinUI3_light_images_textarea-background_png fileNode\nclass node_venv_lib_python3_12_site-packages_PyQt6_Qt6_qml_QtQuick_Controls_FluentWinUI3_light_images_textarea-background@2x_png fileNode\nclass node_venv_lib_python3_12_site-packages_PyQt6_Qt6_qml_QtQuick_Controls_FluentWinUI3_light_images_textarea-background@3x_png fileNode\nclass node_venv_lib_python3_12_site-packages_PyQt6_Qt6_qml_QtQuick_Controls_FluentWinUI3_light_images_textfield-background-disabled_png fileNode\nclass node_venv_lib_python3_12_site-packages_PyQt6_Qt6_qml_QtQuick_Controls_FluentWinUI3_light_images_textfield-background-disabled@2x_png fileNode\nclass node_venv_lib_python3_12_site-packages_PyQt6_Qt6_qml_QtQuick_Controls_FluentWinUI3_light_images_textfield-background-disabled@3x_png fileNode\nclass node_venv_lib_python3_12_site-packages_PyQt6_Qt6_qml_QtQuick_Controls_FluentWinUI3_light_images_textfield-background-focused_png fileNode\nclass node_venv_lib_python3_12_site-packages_PyQt6_Qt6_qml_QtQuick_Controls_FluentWinUI3_light_images_textfield-background-focused@2x_png fileNode\nclass node_venv_lib_python3_12_site-packages_PyQt6_Qt6_qml_QtQuick_Controls_FluentWinUI3_light_images_textfield-background-focused@3x_png fileNode\nclass node_venv_lib_python3_12_site-packages_PyQt6_Qt6_qml_QtQuick_Controls_FluentWinUI3_light_images_textfield-background-hovered_png fileNode\nclass node_venv_lib_python3_12_site-packages_PyQt6_Qt6_qml_QtQuick_Controls_FluentWinUI3_light_images_textfield-background-hovered@2x_png fileNode\nclass node_venv_lib_python3_12_site-packages_PyQt6_Qt6_qml_QtQuick_Controls_FluentWinUI3_light_images_textfield-background-hovered@3x_png fileNode\nclass node_venv_lib_python3_12_site-packages_PyQt6_Qt6_qml_QtQuick_Controls_FluentWinUI3_light_images_textfield-background_png fileNode\nclass node_venv_lib_python3_12_site-packages_PyQt6_Qt6_qml_QtQuick_Controls_FluentWinUI3_light_images_textfield-background@2x_png fileNode\nclass node_venv_lib_python3_12_site-packages_PyQt6_Qt6_qml_QtQuick_Controls_FluentWinUI3_light_images_textfield-background@3x_png fileNode\nclass node_venv_lib_python3_12_site-packages_PyQt6_Qt6_qml_QtQuick_Controls_FluentWinUI3_dark_images_checkbox-indicator-checked-disabled_png fileNode\nclass node_venv_lib_python3_12_site-packages_PyQt6_Qt6_qml_QtQuick_Controls_FluentWinUI3_dark_images_checkbox-indicator-checked-disabled@2x_png fileNode\nclass node_venv_lib_python3_12_site-packages_PyQt6_Qt6_qml_QtQuick_Controls_FluentWinUI3_dark_images_checkbox-indicator-checked-disabled@3x_png fileNode\nclass node_venv_lib_python3_12_site-packages_PyQt6_Qt6_qml_QtQuick_Controls_FluentWinUI3_dark_images_checkbox-indicator-checked-hovered_png fileNode\nclass node_venv_lib_python3_12_site-packages_PyQt6_Qt6_qml_QtQuick_Controls_FluentWinUI3_dark_images_checkbox-indicator-checked-hovered@2x_png fileNode\nclass node_venv_lib_python3_12_site-packages_PyQt6_Qt6_qml_QtQuick_Controls_FluentWinUI3_dark_images_checkbox-indicator-checked-hovered@3x_png fileNode\nclass node_venv_lib_python3_12_site-packages_PyQt6_Qt6_qml_QtQuick_Controls_FluentWinUI3_dark_images_checkbox-indicator-checked-pressed_png fileNode\nclass node_venv_lib_python3_12_site-packages_PyQt6_Qt6_qml_QtQuick_Controls_FluentWinUI3_dark_images_checkbox-indicator-checked-pressed@2x_png fileNode\nclass node_venv_lib_python3_12_site-packages_PyQt6_Qt6_qml_QtQuick_Controls_FluentWinUI3_dark_images_checkbox-indicator-checked-pressed@3x_png fileNode\nclass node_venv_lib_python3_12_site-packages_PyQt6_Qt6_qml_QtQuick_Controls_FluentWinUI3_dark_images_checkbox-indicator-checked_png fileNode\nclass node_venv_lib_python3_12_site-packages_PyQt6_Qt6_qml_QtQuick_Controls_FluentWinUI3_dark_images_checkbox-indicator-checked@2x_png fileNode\nclass node_venv_lib_python3_12_site-packages_PyQt6_Qt6_qml_QtQuick_Controls_FluentWinUI3_dark_images_checkbox-indicator-checked@3x_png fileNode\nclass node_venv_lib_python3_12_site-packages_PyQt6_Qt6_qml_QtQuick_Controls_FluentWinUI3_dark_images_checkbox-indicator-disabled-partiallyChecked_png fileNode\nclass node_venv_lib_python3_12_site-packages_PyQt6_Qt6_qml_QtQuick_Controls_FluentWinUI3_dark_images_checkbox-indicator-disabled-partiallyChecked@2x_png fileNode\nclass node_venv_lib_python3_12_site-packages_PyQt6_Qt6_qml_QtQuick_Controls_FluentWinUI3_dark_images_checkbox-indicator-disabled-partiallyChecked@3x_png fileNode\nclass node_venv_lib_python3_12_site-packages_PyQt6_Qt6_qml_QtQuick_Controls_FluentWinUI3_dark_images_checkbox-indicator-disabled_png fileNode\nclass node_venv_lib_python3_12_site-packages_PyQt6_Qt6_qml_QtQuick_Controls_FluentWinUI3_dark_images_checkbox-indicator-disabled@2x_png fileNode\nclass node_venv_lib_python3_12_site-packages_PyQt6_Qt6_qml_QtQuick_Controls_FluentWinUI3_dark_images_checkbox-indicator-disabled@3x_png fileNode\nclass node_venv_lib_python3_12_site-packages_PyQt6_Qt6_qml_QtQuick_Controls_FluentWinUI3_dark_images_checkbox-indicator-hovered-partiallyChecked_png fileNode\nclass node_venv_lib_python3_12_site-packages_PyQt6_Qt6_qml_QtQuick_Controls_FluentWinUI3_dark_images_checkbox-indicator-hovered-partiallyChecked@2x_png fileNode\nclass node_venv_lib_python3_12_site-packages_PyQt6_Qt6_qml_QtQuick_Controls_FluentWinUI3_dark_images_checkbox-indicator-hovered-partiallyChecked@3x_png fileNode\nclass node_venv_lib_python3_12_site-packages_PyQt6_Qt6_qml_QtQuick_Controls_FluentWinUI3_dark_images_checkbox-indicator-hovered_png fileNode\nclass node_venv_lib_python3_12_site-packages_PyQt6_Qt6_qml_QtQuick_Controls_FluentWinUI3_dark_images_checkbox-indicator-hovered@2x_png fileNode\nclass node_venv_lib_python3_12_site-packages_PyQt6_Qt6_qml_QtQuick_Controls_FluentWinUI3_dark_images_checkbox-indicator-hovered@3x_png fileNode\nclass node_venv_lib_python3_12_site-packages_PyQt6_Qt6_qml_QtQuick_Controls_FluentWinUI3_dark_images_checkbox-indicator-partiallyChecked-pressed_png fileNode\nclass node_venv_lib_python3_12_site-packages_PyQt6_Qt6_qml_QtQuick_Controls_FluentWinUI3_dark_images_checkbox-indicator-partiallyChecked-pressed@2x_png fileNode\nclass node_venv_lib_python3_12_site-packages_PyQt6_Qt6_qml_QtQuick_Controls_FluentWinUI3_dark_images_checkbox-indicator-partiallyChecked-pressed@3x_png fileNode\nclass node_venv_lib_python3_12_site-packages_PyQt6_Qt6_qml_QtQuick_Controls_FluentWinUI3_dark_images_checkbox-indicator-partiallyChecked_png fileNode\nclass node_venv_lib_python3_12_site-packages_PyQt6_Qt6_qml_QtQuick_Controls_FluentWinUI3_dark_images_checkbox-indicator-partiallyChecked@2x_png fileNode\nclass node_venv_lib_python3_12_site-packages_PyQt6_Qt6_qml_QtQuick_Controls_FluentWinUI3_dark_images_checkbox-indicator-partiallyChecked@3x_png fileNode\nclass node_venv_lib_python3_12_site-packages_PyQt6_Qt6_qml_QtQuick_Controls_FluentWinUI3_dark_images_checkbox-indicator-pressed_png fileNode\nclass node_venv_lib_python3_12_site-packages_PyQt6_Qt6_qml_QtQuick_Controls_FluentWinUI3_dark_images_checkbox-indicator-pressed@2x_png fileNode\nclass node_venv_lib_python3_12_site-packages_PyQt6_Qt6_qml_QtQuick_Controls_FluentWinUI3_dark_images_checkbox-indicator-pressed@3x_png fileNode\nclass node_venv_lib_python3_12_site-packages_PyQt6_Qt6_qml_QtQuick_Controls_FluentWinUI3_dark_images_checkbox-indicator_png fileNode\nclass node_venv_lib_python3_12_site-packages_PyQt6_Qt6_qml_QtQuick_Controls_FluentWinUI3_dark_images_checkbox-indicator@2x_png fileNode\nclass node_venv_lib_python3_12_site-packages_PyQt6_Qt6_qml_QtQuick_Controls_FluentWinUI3_dark_images_checkbox-indicator@3x_png fileNode\nclass node_venv_lib_python3_12_site-packages_PyQt6_Qt6_qml_QtQuick_Controls_FluentWinUI3_dark_images_combobox-background-disabled_png fileNode\nclass node_venv_lib_python3_12_site-packages_PyQt6_Qt6_qml_QtQuick_Controls_FluentWinUI3_dark_images_combobox-background-disabled@2x_png fileNode\nclass node_venv_lib_python3_12_site-packages_PyQt6_Qt6_qml_QtQuick_Controls_FluentWinUI3_dark_images_combobox-background-disabled@3x_png fileNode\nclass node_venv_lib_python3_12_site-packages_PyQt6_Qt6_qml_QtQuick_Controls_FluentWinUI3_dark_images_combobox-background-focused_png fileNode\nclass node_venv_lib_python3_12_site-packages_PyQt6_Qt6_qml_QtQuick_Controls_FluentWinUI3_dark_images_combobox-background-focused@2x_png fileNode\nclass node_venv_lib_python3_12_site-packages_PyQt6_Qt6_qml_QtQuick_Controls_FluentWinUI3_dark_images_combobox-background-focused@3x_png fileNode\nclass node_venv_lib_python3_12_site-packages_PyQt6_Qt6_qml_QtQuick_Controls_FluentWinUI3_dark_images_combobox-background-hovered-open_png fileNode\nclass node_venv_lib_python3_12_site-packages_PyQt6_Qt6_qml_QtQuick_Controls_FluentWinUI3_dark_images_combobox-background-hovered-open@2x_png fileNode\nclass node_venv_lib_python3_12_site-packages_PyQt6_Qt6_qml_QtQuick_Controls_FluentWinUI3_dark_images_combobox-background-hovered-open@3x_png fileNode\nclass node_venv_lib_python3_12_site-packages_PyQt6_Qt6_qml_QtQuick_Controls_FluentWinUI3_dark_images_combobox-background-hovered_png fileNode\nclass node_venv_lib_python3_12_site-packages_PyQt6_Qt6_qml_QtQuick_Controls_FluentWinUI3_dark_images_combobox-background-hovered@2x_png fileNode\nclass node_venv_lib_python3_12_site-packages_PyQt6_Qt6_qml_QtQuick_Controls_FluentWinUI3_dark_images_combobox-background-hovered@3x_png fileNode\nclass node_venv_lib_python3_12_site-packages_PyQt6_Qt6_qml_QtQuick_Controls_FluentWinUI3_dark_images_combobox-background-open-pressed_png fileNode\nclass node_venv_lib_python3_12_site-packages_PyQt6_Qt6_qml_QtQuick_Controls_FluentWinUI3_dark_images_combobox-background-open-pressed@2x_png fileNode\nclass node_venv_lib_python3_12_site-packages_PyQt6_Qt6_qml_QtQuick_Controls_FluentWinUI3_dark_images_combobox-background-open-pressed@3x_png fileNode\nclass node_venv_lib_python3_12_site-packages_PyQt6_Qt6_qml_QtQuick_Controls_FluentWinUI3_dark_images_combobox-background-open_png fileNode\nclass node_venv_lib_python3_12_site-packages_PyQt6_Qt6_qml_QtQuick_Controls_FluentWinUI3_dark_images_combobox-background-open@2x_png fileNode\nclass node_venv_lib_python3_12_site-packages_PyQt6_Qt6_qml_QtQuick_Controls_FluentWinUI3_dark_images_combobox-background-open@3x_png fileNode\nclass node_venv_lib_python3_12_site-packages_PyQt6_Qt6_qml_QtQuick_Controls_FluentWinUI3_dark_images_combobox-background-pressed_png fileNode\nclass node_venv_lib_python3_12_site-packages_PyQt6_Qt6_qml_QtQuick_Controls_FluentWinUI3_dark_images_combobox-background-pressed@2x_png fileNode\nclass node_venv_lib_python3_12_site-packages_PyQt6_Qt6_qml_QtQuick_Controls_FluentWinUI3_dark_images_combobox-background-pressed@3x_png fileNode\nclass node_venv_lib_python3_12_site-packages_PyQt6_Qt6_qml_QtQuick_Controls_FluentWinUI3_dark_images_combobox-background_png fileNode\nclass node_venv_lib_python3_12_site-packages_PyQt6_Qt6_qml_QtQuick_Controls_FluentWinUI3_dark_images_combobox-background@2x_png fileNode\nclass node_venv_lib_python3_12_site-packages_PyQt6_Qt6_qml_QtQuick_Controls_FluentWinUI3_dark_images_combobox-background@3x_png fileNode\nclass node_venv_lib_python3_12_site-packages_PyQt6_Qt6_qml_QtQuick_Controls_FluentWinUI3_dark_images_combobox-indicator-disabled_png fileNode\nclass node_venv_lib_python3_12_site-packages_PyQt6_Qt6_qml_QtQuick_Controls_FluentWinUI3_dark_images_combobox-indicator-disabled@2x_png fileNode\nclass node_venv_lib_python3_12_site-packages_PyQt6_Qt6_qml_QtQuick_Controls_FluentWinUI3_dark_images_combobox-indicator-disabled@3x_png fileNode\nclass node_venv_lib_python3_12_site-packages_PyQt6_Qt6_qml_QtQuick_Controls_FluentWinUI3_dark_images_combobox-indicator-focused_png fileNode\nclass node_venv_lib_python3_12_site-packages_PyQt6_Qt6_qml_QtQuick_Controls_FluentWinUI3_dark_images_combobox-indicator-focused@2x_png fileNode\nclass node_venv_lib_python3_12_site-packages_PyQt6_Qt6_qml_QtQuick_Controls_FluentWinUI3_dark_images_combobox-indicator-focused@3x_png fileNode\nclass node_venv_lib_python3_12_site-packages_PyQt6_Qt6_qml_QtQuick_Controls_FluentWinUI3_dark_images_combobox-indicator-hovered-open_png fileNode\nclass node_venv_lib_python3_12_site-packages_PyQt6_Qt6_qml_QtQuick_Controls_FluentWinUI3_dark_images_combobox-indicator-hovered-open@2x_png fileNode\nclass node_venv_lib_python3_12_site-packages_PyQt6_Qt6_qml_QtQuick_Controls_FluentWinUI3_dark_images_combobox-indicator-hovered-open@3x_png fileNode\nclass node_venv_lib_python3_12_site-packages_PyQt6_Qt6_qml_QtQuick_Controls_FluentWinUI3_dark_images_combobox-indicator-hovered_png fileNode\nclass node_venv_lib_python3_12_site-packages_PyQt6_Qt6_qml_QtQuick_Controls_FluentWinUI3_dark_images_combobox-indicator-hovered@2x_png fileNode\nclass node_venv_lib_python3_12_site-packages_PyQt6_Qt6_qml_QtQuick_Controls_FluentWinUI3_dark_images_combobox-indicator-hovered@3x_png fileNode\nclass node_venv_lib_python3_12_site-packages_PyQt6_Qt6_qml_QtQuick_Controls_FluentWinUI3_dark_images_combobox-indicator-open-pressed_png fileNode\nclass node_venv_lib_python3_12_site-packages_PyQt6_Qt6_qml_QtQuick_Controls_FluentWinUI3_dark_images_combobox-indicator-open-pressed@2x_png fileNode\nclass node_venv_lib_python3_12_site-packages_PyQt6_Qt6_qml_QtQuick_Controls_FluentWinUI3_dark_images_combobox-indicator-open-pressed@3x_png fileNode\nclass node_venv_lib_python3_12_site-packages_PyQt6_Qt6_qml_QtQuick_Controls_FluentWinUI3_dark_images_combobox-indicator-open_png fileNode\nclass node_venv_lib_python3_12_site-packages_PyQt6_Qt6_qml_QtQuick_Controls_FluentWinUI3_dark_images_combobox-indicator-open@2x_png fileNode\nclass node_venv_lib_python3_12_site-packages_PyQt6_Qt6_qml_QtQuick_Controls_FluentWinUI3_dark_images_combobox-indicator-open@3x_png fileNode\nclass node_venv_lib_python3_12_site-packages_PyQt6_Qt6_qml_QtQuick_Controls_FluentWinUI3_dark_images_combobox-indicator-pressed_png fileNode\nclass node_venv_lib_python3_12_site-packages_PyQt6_Qt6_qml_QtQuick_Controls_FluentWinUI3_dark_images_combobox-indicator-pressed@2x_png fileNode\nclass node_venv_lib_python3_12_site-packages_PyQt6_Qt6_qml_QtQuick_Controls_FluentWinUI3_dark_images_combobox-indicator-pressed@3x_png fileNode\nclass node_venv_lib_python3_12_site-packages_PyQt6_Qt6_qml_QtQuick_Controls_FluentWinUI3_dark_images_combobox-indicator_png fileNode\nclass node_venv_lib_python3_12_site-packages_PyQt6_Qt6_qml_QtQuick_Controls_FluentWinUI3_dark_images_combobox-indicator@2x_png fileNode\nclass node_venv_lib_python3_12_site-packages_PyQt6_Qt6_qml_QtQuick_Controls_FluentWinUI3_dark_images_combobox-indicator@3x_png fileNode\nclass node_venv_lib_python3_12_site-packages_PyQt6_Qt6_qml_QtQuick_Controls_FluentWinUI3_dark_images_editablecombobox-background-hovered-open_png fileNode\nclass node_venv_lib_python3_12_site-packages_PyQt6_Qt6_qml_QtQuick_Controls_FluentWinUI3_dark_images_editablecombobox-background-hovered-open@2x_png fileNode\nclass node_venv_lib_python3_12_site-packages_PyQt6_Qt6_qml_QtQuick_Controls_FluentWinUI3_dark_images_editablecombobox-background-hovered-open@3x_png fileNode\nclass node_venv_lib_python3_12_site-packages_PyQt6_Qt6_qml_QtQuick_Controls_FluentWinUI3_dark_images_editablecombobox-background-open-pressed_png fileNode\nclass node_venv_lib_python3_12_site-packages_PyQt6_Qt6_qml_QtQuick_Controls_FluentWinUI3_dark_images_editablecombobox-background-open-pressed@2x_png fileNode\nclass node_venv_lib_python3_12_site-packages_PyQt6_Qt6_qml_QtQuick_Controls_FluentWinUI3_dark_images_editablecombobox-background-open-pressed@3x_png fileNode\nclass node_venv_lib_python3_12_site-packages_PyQt6_Qt6_qml_QtQuick_Controls_FluentWinUI3_dark_images_editablecombobox-background-open_png fileNode\nclass node_venv_lib_python3_12_site-packages_PyQt6_Qt6_qml_QtQuick_Controls_FluentWinUI3_dark_images_editablecombobox-background-open@2x_png fileNode\nclass node_venv_lib_python3_12_site-packages_PyQt6_Qt6_qml_QtQuick_Controls_FluentWinUI3_dark_images_editablecombobox-background-open@3x_png fileNode\nclass node_venv_lib_python3_12_site-packages_PyQt6_Qt6_qml_QtQuick_Controls_FluentWinUI3_dark_images_editablecombobox-indicator-hovered-open_png fileNode\nclass node_venv_lib_python3_12_site-packages_PyQt6_Qt6_qml_QtQuick_Controls_FluentWinUI3_dark_images_editablecombobox-indicator-hovered-open@2x_png fileNode\nclass node_venv_lib_python3_12_site-packages_PyQt6_Qt6_qml_QtQuick_Controls_FluentWinUI3_dark_images_editablecombobox-indicator-hovered-open@3x_png fileNode\nclass node_venv_lib_python3_12_site-packages_PyQt6_Qt6_qml_QtQuick_Controls_FluentWinUI3_dark_images_editablecombobox-indicator-open-pressed_png fileNode\nclass node_venv_lib_python3_12_site-packages_PyQt6_Qt6_qml_QtQuick_Controls_FluentWinUI3_dark_images_editablecombobox-indicator-open-pressed@2x_png fileNode\nclass node_venv_lib_python3_12_site-packages_PyQt6_Qt6_qml_QtQuick_Controls_FluentWinUI3_dark_images_editablecombobox-indicator-open-pressed@3x_png fileNode\nclass node_venv_lib_python3_12_site-packages_PyQt6_Qt6_qml_QtQuick_Controls_FluentWinUI3_dark_images_editablecombobox-indicator-open_png fileNode\nclass node_venv_lib_python3_12_site-packages_PyQt6_Qt6_qml_QtQuick_Controls_FluentWinUI3_dark_images_editablecombobox-indicator-open@2x_png fileNode\nclass node_venv_lib_python3_12_site-packages_PyQt6_Qt6_qml_QtQuick_Controls_FluentWinUI3_dark_images_editablecombobox-indicator-open@3x_png fileNode\nclass node_venv_lib_python3_12_site-packages_PyQt6_Qt6_qml_QtQuick_Controls_FluentWinUI3_dark_images_editablecombobox-popup-background-hovered-open_png fileNode\nclass node_venv_lib_python3_12_site-packages_PyQt6_Qt6_qml_QtQuick_Controls_FluentWinUI3_dark_images_editablecombobox-popup-background-hovered-open@2x_png fileNode\nclass node_venv_lib_python3_12_site-packages_PyQt6_Qt6_qml_QtQuick_Controls_FluentWinUI3_dark_images_editablecombobox-popup-background-hovered-open@3x_png fileNode\nclass node_venv_lib_python3_12_site-packages_PyQt6_Qt6_qml_QtQuick_Controls_FluentWinUI3_dark_images_editablecombobox-popup-background-open-pressed_png fileNode\nclass node_venv_lib_python3_12_site-packages_PyQt6_Qt6_qml_QtQuick_Controls_FluentWinUI3_dark_images_editablecombobox-popup-background-open-pressed@2x_png fileNode\nclass node_venv_lib_python3_12_site-packages_PyQt6_Qt6_qml_QtQuick_Controls_FluentWinUI3_dark_images_editablecombobox-popup-background-open-pressed@3x_png fileNode\nclass node_venv_lib_python3_12_site-packages_PyQt6_Qt6_qml_QtQuick_Controls_FluentWinUI3_dark_images_editablecombobox-popup-background-open_png fileNode\nclass node_venv_lib_python3_12_site-packages_PyQt6_Qt6_qml_QtQuick_Controls_FluentWinUI3_dark_images_editablecombobox-popup-background-open@2x_png fileNode\nclass node_venv_lib_python3_12_site-packages_PyQt6_Qt6_qml_QtQuick_Controls_FluentWinUI3_dark_images_editablecombobox-popup-background-open@3x_png fileNode\nclass node_venv_lib_python3_12_site-packages_PyQt6_Qt6_qml_QtQuick_Controls_FluentWinUI3_dark_images_frame-background-disabled_png fileNode\nclass node_venv_lib_python3_12_site-packages_PyQt6_Qt6_qml_QtQuick_Controls_FluentWinUI3_dark_images_frame-background-disabled@2x_png fileNode\nclass node_venv_lib_python3_12_site-packages_PyQt6_Qt6_qml_QtQuick_Controls_FluentWinUI3_dark_images_frame-background-disabled@3x_png fileNode\nclass node_venv_lib_python3_12_site-packages_PyQt6_Qt6_qml_QtQuick_Controls_FluentWinUI3_dark_images_frame-background_png fileNode\nclass node_venv_lib_python3_12_site-packages_PyQt6_Qt6_qml_QtQuick_Controls_FluentWinUI3_dark_images_frame-background@2x_png fileNode\nclass node_venv_lib_python3_12_site-packages_PyQt6_Qt6_qml_QtQuick_Controls_FluentWinUI3_dark_images_frame-background@3x_png fileNode\nclass node_venv_lib_python3_12_site-packages_PyQt6_Qt6_qml_QtQuick_Controls_FluentWinUI3_dark_images_itemdelegate-background-highlighted-hovered_png fileNode\nclass node_venv_lib_python3_12_site-packages_PyQt6_Qt6_qml_QtQuick_Controls_FluentWinUI3_dark_images_itemdelegate-background-highlighted-hovered@2x_png fileNode\nclass node_venv_lib_python3_12_site-packages_PyQt6_Qt6_qml_QtQuick_Controls_FluentWinUI3_dark_images_itemdelegate-background-highlighted-hovered@3x_png fileNode\nclass node_venv_lib_python3_12_site-packages_PyQt6_Qt6_qml_QtQuick_Controls_FluentWinUI3_dark_images_itemdelegate-background-highlighted-pressed_png fileNode\nclass node_venv_lib_python3_12_site-packages_PyQt6_Qt6_qml_QtQuick_Controls_FluentWinUI3_dark_images_itemdelegate-background-highlighted-pressed@2x_png fileNode\nclass node_venv_lib_python3_12_site-packages_PyQt6_Qt6_qml_QtQuick_Controls_FluentWinUI3_dark_images_itemdelegate-background-highlighted-pressed@3x_png fileNode\nclass node_venv_lib_python3_12_site-packages_PyQt6_Qt6_qml_QtQuick_Controls_FluentWinUI3_dark_images_itemdelegate-background-highlighted_png fileNode\nclass node_venv_lib_python3_12_site-packages_PyQt6_Qt6_qml_QtQuick_Controls_FluentWinUI3_dark_images_itemdelegate-background-highlighted@2x_png fileNode\nclass node_venv_lib_python3_12_site-packages_PyQt6_Qt6_qml_QtQuick_Controls_FluentWinUI3_dark_images_itemdelegate-background-highlighted@3x_png fileNode\nclass node_venv_lib_python3_12_site-packages_PyQt6_Qt6_qml_QtQuick_Controls_FluentWinUI3_dark_images_itemdelegate-background-hovered_png fileNode\nclass node_venv_lib_python3_12_site-packages_PyQt6_Qt6_qml_QtQuick_Controls_FluentWinUI3_dark_images_itemdelegate-background-hovered@2x_png fileNode\nclass node_venv_lib_python3_12_site-packages_PyQt6_Qt6_qml_QtQuick_Controls_FluentWinUI3_dark_images_itemdelegate-background-hovered@3x_png fileNode\nclass node_venv_lib_python3_12_site-packages_PyQt6_Qt6_qml_QtQuick_Controls_FluentWinUI3_dark_images_itemdelegate-background-pressed_png fileNode\nclass node_venv_lib_python3_12_site-packages_PyQt6_Qt6_qml_QtQuick_Controls_FluentWinUI3_dark_images_itemdelegate-background-pressed@2x_png fileNode\nclass node_venv_lib_python3_12_site-packages_PyQt6_Qt6_qml_QtQuick_Controls_FluentWinUI3_dark_images_itemdelegate-background-pressed@3x_png fileNode\nclass node_venv_lib_python3_12_site-packages_PyQt6_Qt6_qml_QtQuick_Controls_FluentWinUI3_dark_images_pageindicatordelegate-indicator-delegate-current-hovered_png fileNode\nclass node_venv_lib_python3_12_site-packages_PyQt6_Qt6_qml_QtQuick_Controls_FluentWinUI3_dark_images_pageindicatordelegate-indicator-delegate-current-hovered@2x_png fileNode\nclass node_venv_lib_python3_12_site-packages_PyQt6_Qt6_qml_QtQuick_Controls_FluentWinUI3_dark_images_pageindicatordelegate-indicator-delegate-current-hovered@3x_png fileNode\nclass node_venv_lib_python3_12_site-packages_PyQt6_Qt6_qml_QtQuick_Controls_FluentWinUI3_dark_images_pageindicatordelegate-indicator-delegate-current-pressed_png fileNode\nclass node_venv_lib_python3_12_site-packages_PyQt6_Qt6_qml_QtQuick_Controls_FluentWinUI3_dark_images_pageindicatordelegate-indicator-delegate-current-pressed@2x_png fileNode\nclass node_venv_lib_python3_12_site-packages_PyQt6_Qt6_qml_QtQuick_Controls_FluentWinUI3_dark_images_pageindicatordelegate-indicator-delegate-current-pressed@3x_png fileNode\nclass node_venv_lib_python3_12_site-packages_PyQt6_Qt6_qml_QtQuick_Controls_FluentWinUI3_dark_images_pageindicatordelegate-indicator-delegate-current_png fileNode\nclass node_venv_lib_python3_12_site-packages_PyQt6_Qt6_qml_QtQuick_Controls_FluentWinUI3_dark_images_pageindicatordelegate-indicator-delegate-current@2x_png fileNode\nclass node_venv_lib_python3_12_site-packages_PyQt6_Qt6_qml_QtQuick_Controls_FluentWinUI3_dark_images_pageindicatordelegate-indicator-delegate-current@3x_png fileNode\nclass node_venv_lib_python3_12_site-packages_PyQt6_Qt6_qml_QtQuick_Controls_FluentWinUI3_dark_images_pageindicatordelegate-indicator-delegate-pressed_png fileNode\nclass node_venv_lib_python3_12_site-packages_PyQt6_Qt6_qml_QtQuick_Controls_FluentWinUI3_dark_images_pageindicatordelegate-indicator-delegate-pressed@2x_png fileNode\nclass node_venv_lib_python3_12_site-packages_PyQt6_Qt6_qml_QtQuick_Controls_FluentWinUI3_dark_images_pageindicatordelegate-indicator-delegate-pressed@3x_png fileNode\nclass node_venv_lib_python3_12_site-packages_PyQt6_Qt6_qml_QtQuick_Controls_FluentWinUI3_dark_images_pageindicatordelegate-indicator-disabled_png fileNode\nclass node_venv_lib_python3_12_site-packages_PyQt6_Qt6_qml_QtQuick_Controls_FluentWinUI3_dark_images_pageindicatordelegate-indicator-disabled@2x_png fileNode\nclass node_venv_lib_python3_12_site-packages_PyQt6_Qt6_qml_QtQuick_Controls_FluentWinUI3_dark_images_pageindicatordelegate-indicator-disabled@3x_png fileNode\nclass node_venv_lib_python3_12_site-packages_PyQt6_Qt6_qml_QtQuick_Controls_FluentWinUI3_dark_images_pageindicatordelegate-indicator-hovered_png fileNode\nclass node_venv_lib_python3_12_site-packages_PyQt6_Qt6_qml_QtQuick_Controls_FluentWinUI3_dark_images_pageindicatordelegate-indicator-hovered@2x_png fileNode\nclass node_venv_lib_python3_12_site-packages_PyQt6_Qt6_qml_QtQuick_Controls_FluentWinUI3_dark_images_pageindicatordelegate-indicator-hovered@3x_png fileNode\nclass node_venv_lib_python3_12_site-packages_PyQt6_Qt6_qml_QtQuick_Controls_FluentWinUI3_dark_images_pageindicatordelegate-indicator_png fileNode\nclass node_venv_lib_python3_12_site-packages_PyQt6_Qt6_qml_QtQuick_Controls_FluentWinUI3_dark_images_pageindicatordelegate-indicator@2x_png fileNode\nclass node_venv_lib_python3_12_site-packages_PyQt6_Qt6_qml_QtQuick_Controls_FluentWinUI3_dark_images_pageindicatordelegate-indicator@3x_png fileNode\nclass node_venv_lib_python3_12_site-packages_PyQt6_Qt6_qml_QtQuick_Controls_FluentWinUI3_dark_images_popup-background_png fileNode\nclass node_venv_lib_python3_12_site-packages_PyQt6_Qt6_qml_QtQuick_Controls_FluentWinUI3_dark_images_popup-background@2x_png fileNode\nclass node_venv_lib_python3_12_site-packages_PyQt6_Qt6_qml_QtQuick_Controls_FluentWinUI3_dark_images_popup-background@3x_png fileNode\nclass node_venv_lib_python3_12_site-packages_PyQt6_Qt6_qml_QtQuick_Controls_FluentWinUI3_dark_images_progressbar-groove-disabled_png fileNode\nclass node_venv_lib_python3_12_site-packages_PyQt6_Qt6_qml_QtQuick_Controls_FluentWinUI3_dark_images_progressbar-groove-disabled@2x_png fileNode\nclass node_venv_lib_python3_12_site-packages_PyQt6_Qt6_qml_QtQuick_Controls_FluentWinUI3_dark_images_progressbar-groove-disabled@3x_png fileNode\nclass node_venv_lib_python3_12_site-packages_PyQt6_Qt6_qml_QtQuick_Controls_FluentWinUI3_dark_images_progressbar-groove_png fileNode\nclass node_venv_lib_python3_12_site-packages_PyQt6_Qt6_qml_QtQuick_Controls_FluentWinUI3_dark_images_progressbar-groove@2x_png fileNode\nclass node_venv_lib_python3_12_site-packages_PyQt6_Qt6_qml_QtQuick_Controls_FluentWinUI3_dark_images_progressbar-groove@3x_png fileNode\nclass node_venv_lib_python3_12_site-packages_PyQt6_Qt6_qml_QtQuick_Controls_FluentWinUI3_dark_images_radiobutton-indicator-checked-disabled_png fileNode\nclass node_venv_lib_python3_12_site-packages_PyQt6_Qt6_qml_QtQuick_Controls_FluentWinUI3_dark_images_radiobutton-indicator-checked-disabled@2x_png fileNode\nclass node_venv_lib_python3_12_site-packages_PyQt6_Qt6_qml_QtQuick_Controls_FluentWinUI3_dark_images_radiobutton-indicator-checked-disabled@3x_png fileNode\nclass node_venv_lib_python3_12_site-packages_PyQt6_Qt6_qml_QtQuick_Controls_FluentWinUI3_dark_images_radiobutton-indicator-checked-hovered_png fileNode\nclass node_venv_lib_python3_12_site-packages_PyQt6_Qt6_qml_QtQuick_Controls_FluentWinUI3_dark_images_radiobutton-indicator-checked-hovered@2x_png fileNode\nclass node_venv_lib_python3_12_site-packages_PyQt6_Qt6_qml_QtQuick_Controls_FluentWinUI3_dark_images_radiobutton-indicator-checked-hovered@3x_png fileNode\nclass node_venv_lib_python3_12_site-packages_PyQt6_Qt6_qml_QtQuick_Controls_FluentWinUI3_dark_images_radiobutton-indicator-checked-pressed_png fileNode\nclass node_venv_lib_python3_12_site-packages_PyQt6_Qt6_qml_QtQuick_Controls_FluentWinUI3_dark_images_radiobutton-indicator-checked-pressed@2x_png fileNode\nclass node_venv_lib_python3_12_site-packages_PyQt6_Qt6_qml_QtQuick_Controls_FluentWinUI3_dark_images_radiobutton-indicator-checked-pressed@3x_png fileNode\nclass node_venv_lib_python3_12_site-packages_PyQt6_Qt6_qml_QtQuick_Controls_FluentWinUI3_dark_images_radiobutton-indicator-checked_png fileNode\nclass node_venv_lib_python3_12_site-packages_PyQt6_Qt6_qml_QtQuick_Controls_FluentWinUI3_dark_images_radiobutton-indicator-checked@2x_png fileNode\nclass node_venv_lib_python3_12_site-packages_PyQt6_Qt6_qml_QtQuick_Controls_FluentWinUI3_dark_images_radiobutton-indicator-checked@3x_png fileNode\nclass node_venv_lib_python3_12_site-packages_PyQt6_Qt6_qml_QtQuick_Controls_FluentWinUI3_dark_images_radiobutton-indicator-disabled_png fileNode\nclass node_venv_lib_python3_12_site-packages_PyQt6_Qt6_qml_QtQuick_Controls_FluentWinUI3_dark_images_radiobutton-indicator-disabled@2x_png fileNode\nclass node_venv_lib_python3_12_site-packages_PyQt6_Qt6_qml_QtQuick_Controls_FluentWinUI3_dark_images_radiobutton-indicator-disabled@3x_png fileNode\nclass node_venv_lib_python3_12_site-packages_PyQt6_Qt6_qml_QtQuick_Controls_FluentWinUI3_dark_images_radiobutton-indicator-hovered_png fileNode\nclass node_venv_lib_python3_12_site-packages_PyQt6_Qt6_qml_QtQuick_Controls_FluentWinUI3_dark_images_radiobutton-indicator-hovered@2x_png fileNode\nclass node_venv_lib_python3_12_site-packages_PyQt6_Qt6_qml_QtQuick_Controls_FluentWinUI3_dark_images_radiobutton-indicator-hovered@3x_png fileNode\nclass node_venv_lib_python3_12_site-packages_PyQt6_Qt6_qml_QtQuick_Controls_FluentWinUI3_dark_images_radiobutton-indicator-pressed_png fileNode\nclass node_venv_lib_python3_12_site-packages_PyQt6_Qt6_qml_QtQuick_Controls_FluentWinUI3_dark_images_radiobutton-indicator-pressed@2x_png fileNode\nclass node_venv_lib_python3_12_site-packages_PyQt6_Qt6_qml_QtQuick_Controls_FluentWinUI3_dark_images_radiobutton-indicator-pressed@3x_png fileNode\nclass node_venv_lib_python3_12_site-packages_PyQt6_Qt6_qml_QtQuick_Controls_FluentWinUI3_dark_images_radiobutton-indicator_png fileNode\nclass node_venv_lib_python3_12_site-packages_PyQt6_Qt6_qml_QtQuick_Controls_FluentWinUI3_dark_images_radiobutton-indicator@2x_png fileNode\nclass node_venv_lib_python3_12_site-packages_PyQt6_Qt6_qml_QtQuick_Controls_FluentWinUI3_dark_images_radiobutton-indicator@3x_png fileNode\nclass node_venv_lib_python3_12_site-packages_PyQt6_Qt6_qml_QtQuick_Controls_FluentWinUI3_dark_images_rangeslider-first-handle-disabled_png fileNode\nclass node_venv_lib_python3_12_site-packages_PyQt6_Qt6_qml_QtQuick_Controls_FluentWinUI3_dark_images_rangeslider-first-handle-disabled@2x_png fileNode\nclass node_venv_lib_python3_12_site-packages_PyQt6_Qt6_qml_QtQuick_Controls_FluentWinUI3_dark_images_rangeslider-first-handle-disabled@3x_png fileNode\nclass node_venv_lib_python3_12_site-packages_PyQt6_Qt6_qml_QtQuick_Controls_FluentWinUI3_dark_images_rangeslider-first-handle-handle-pressed_png fileNode\nclass node_venv_lib_python3_12_site-packages_PyQt6_Qt6_qml_QtQuick_Controls_FluentWinUI3_dark_images_rangeslider-first-handle-handle-pressed@2x_png fileNode\nclass node_venv_lib_python3_12_site-packages_PyQt6_Qt6_qml_QtQuick_Controls_FluentWinUI3_dark_images_rangeslider-first-handle-handle-pressed@3x_png fileNode\nclass node_venv_lib_python3_12_site-packages_PyQt6_Qt6_qml_QtQuick_Controls_FluentWinUI3_dark_images_rangeslider-first-handle-hovered_png fileNode\nclass node_venv_lib_python3_12_site-packages_PyQt6_Qt6_qml_QtQuick_Controls_FluentWinUI3_dark_images_rangeslider-first-handle-hovered@2x_png fileNode\nclass node_venv_lib_python3_12_site-packages_PyQt6_Qt6_qml_QtQuick_Controls_FluentWinUI3_dark_images_rangeslider-first-handle-hovered@3x_png fileNode\nclass node_venv_lib_python3_12_site-packages_PyQt6_Qt6_qml_QtQuick_Controls_FluentWinUI3_dark_images_rangeslider-first-handle_png fileNode\nclass node_venv_lib_python3_12_site-packages_PyQt6_Qt6_qml_QtQuick_Controls_FluentWinUI3_dark_images_rangeslider-first-handle@2x_png fileNode\nclass node_venv_lib_python3_12_site-packages_PyQt6_Qt6_qml_QtQuick_Controls_FluentWinUI3_dark_images_rangeslider-first-handle@3x_png fileNode\nclass node_venv_lib_python3_12_site-packages_PyQt6_Qt6_qml_QtQuick_Controls_FluentWinUI3_dark_images_rangeslider-groove-disabled_png fileNode\nclass node_venv_lib_python3_12_site-packages_PyQt6_Qt6_qml_QtQuick_Controls_FluentWinUI3_dark_images_rangeslider-groove-disabled@2x_png fileNode\nclass node_venv_lib_python3_12_site-packages_PyQt6_Qt6_qml_QtQuick_Controls_FluentWinUI3_dark_images_rangeslider-groove-disabled@3x_png fileNode\nclass node_venv_lib_python3_12_site-packages_PyQt6_Qt6_qml_QtQuick_Controls_FluentWinUI3_dark_images_rangeslider-groove-handle-pressed_png fileNode\nclass node_venv_lib_python3_12_site-packages_PyQt6_Qt6_qml_QtQuick_Controls_FluentWinUI3_dark_images_rangeslider-groove-handle-pressed@2x_png fileNode\nclass node_venv_lib_python3_12_site-packages_PyQt6_Qt6_qml_QtQuick_Controls_FluentWinUI3_dark_images_rangeslider-groove-handle-pressed@3x_png fileNode\nclass node_venv_lib_python3_12_site-packages_PyQt6_Qt6_qml_QtQuick_Controls_FluentWinUI3_dark_images_rangeslider-groove-hovered_png fileNode\nclass node_venv_lib_python3_12_site-packages_PyQt6_Qt6_qml_QtQuick_Controls_FluentWinUI3_dark_images_rangeslider-groove-hovered@2x_png fileNode\nclass node_venv_lib_python3_12_site-packages_PyQt6_Qt6_qml_QtQuick_Controls_FluentWinUI3_dark_images_rangeslider-groove-hovered@3x_png fileNode\nclass node_venv_lib_python3_12_site-packages_PyQt6_Qt6_qml_QtQuick_Controls_FluentWinUI3_dark_images_rangeslider-groove_png fileNode\nclass node_venv_lib_python3_12_site-packages_PyQt6_Qt6_qml_QtQuick_Controls_FluentWinUI3_dark_images_rangeslider-groove@2x_png fileNode\nclass node_venv_lib_python3_12_site-packages_PyQt6_Qt6_qml_QtQuick_Controls_FluentWinUI3_dark_images_rangeslider-groove@3x_png fileNode\nclass node_venv_lib_python3_12_site-packages_PyQt6_Qt6_qml_QtQuick_Controls_FluentWinUI3_dark_images_rangeslider-second-handle-disabled_png fileNode\nclass node_venv_lib_python3_12_site-packages_PyQt6_Qt6_qml_QtQuick_Controls_FluentWinUI3_dark_images_rangeslider-second-handle-disabled@2x_png fileNode\nclass node_venv_lib_python3_12_site-packages_PyQt6_Qt6_qml_QtQuick_Controls_FluentWinUI3_dark_images_rangeslider-second-handle-disabled@3x_png fileNode\nclass node_venv_lib_python3_12_site-packages_PyQt6_Qt6_qml_QtQuick_Controls_FluentWinUI3_dark_images_rangeslider-second-handle-handle-pressed_png fileNode\nclass node_venv_lib_python3_12_site-packages_PyQt6_Qt6_qml_QtQuick_Controls_FluentWinUI3_dark_images_rangeslider-second-handle-handle-pressed@2x_png fileNode\nclass node_venv_lib_python3_12_site-packages_PyQt6_Qt6_qml_QtQuick_Controls_FluentWinUI3_dark_images_rangeslider-second-handle-handle-pressed@3x_png fileNode\nclass node_venv_lib_python3_12_site-packages_PyQt6_Qt6_qml_QtQuick_Controls_FluentWinUI3_dark_images_rangeslider-second-handle-hovered_png fileNode\nclass node_venv_lib_python3_12_site-packages_PyQt6_Qt6_qml_QtQuick_Controls_FluentWinUI3_dark_images_rangeslider-second-handle-hovered@2x_png fileNode\nclass node_venv_lib_python3_12_site-packages_PyQt6_Qt6_qml_QtQuick_Controls_FluentWinUI3_dark_images_rangeslider-second-handle-hovered@3x_png fileNode\nclass node_venv_lib_python3_12_site-packages_PyQt6_Qt6_qml_QtQuick_Controls_FluentWinUI3_dark_images_rangeslider-second-handle_png fileNode\nclass node_venv_lib_python3_12_site-packages_PyQt6_Qt6_qml_QtQuick_Controls_FluentWinUI3_dark_images_rangeslider-second-handle@2x_png fileNode\nclass node_venv_lib_python3_12_site-packages_PyQt6_Qt6_qml_QtQuick_Controls_FluentWinUI3_dark_images_rangeslider-second-handle@3x_png fileNode\nclass node_venv_lib_python3_12_site-packages_PyQt6_Qt6_qml_QtQuick_Controls_FluentWinUI3_dark_images_slider-groove-disabled_png fileNode\nclass node_venv_lib_python3_12_site-packages_PyQt6_Qt6_qml_QtQuick_Controls_FluentWinUI3_dark_images_slider-groove-disabled@2x_png fileNode\nclass node_venv_lib_python3_12_site-packages_PyQt6_Qt6_qml_QtQuick_Controls_FluentWinUI3_dark_images_slider-groove-disabled@3x_png fileNode\nclass node_venv_lib_python3_12_site-packages_PyQt6_Qt6_qml_QtQuick_Controls_FluentWinUI3_dark_images_slider-groove-hovered_png fileNode\nclass node_venv_lib_python3_12_site-packages_PyQt6_Qt6_qml_QtQuick_Controls_FluentWinUI3_dark_images_slider-groove-hovered@2x_png fileNode\nclass node_venv_lib_python3_12_site-packages_PyQt6_Qt6_qml_QtQuick_Controls_FluentWinUI3_dark_images_slider-groove-hovered@3x_png fileNode\nclass node_venv_lib_python3_12_site-packages_PyQt6_Qt6_qml_QtQuick_Controls_FluentWinUI3_dark_images_slider-groove-pressed_png fileNode\nclass node_venv_lib_python3_12_site-packages_PyQt6_Qt6_qml_QtQuick_Controls_FluentWinUI3_dark_images_slider-groove-pressed@2x_png fileNode\nclass node_venv_lib_python3_12_site-packages_PyQt6_Qt6_qml_QtQuick_Controls_FluentWinUI3_dark_images_slider-groove-pressed@3x_png fileNode\nclass node_venv_lib_python3_12_site-packages_PyQt6_Qt6_qml_QtQuick_Controls_FluentWinUI3_dark_images_slider-groove_png fileNode\nclass node_venv_lib_python3_12_site-packages_PyQt6_Qt6_qml_QtQuick_Controls_FluentWinUI3_dark_images_slider-groove@2x_png fileNode\nclass node_venv_lib_python3_12_site-packages_PyQt6_Qt6_qml_QtQuick_Controls_FluentWinUI3_dark_images_slider-groove@3x_png fileNode\nclass node_venv_lib_python3_12_site-packages_PyQt6_Qt6_qml_QtQuick_Controls_FluentWinUI3_dark_images_slider-handle-disabled_png fileNode\nclass node_venv_lib_python3_12_site-packages_PyQt6_Qt6_qml_QtQuick_Controls_FluentWinUI3_dark_images_slider-handle-disabled@2x_png fileNode\nclass node_venv_lib_python3_12_site-packages_PyQt6_Qt6_qml_QtQuick_Controls_FluentWinUI3_dark_images_slider-handle-disabled@3x_png fileNode\nclass node_venv_lib_python3_12_site-packages_PyQt6_Qt6_qml_QtQuick_Controls_FluentWinUI3_dark_images_slider-handle-hovered_png fileNode\nclass node_venv_lib_python3_12_site-packages_PyQt6_Qt6_qml_QtQuick_Controls_FluentWinUI3_dark_images_slider-handle-hovered@2x_png fileNode\nclass node_venv_lib_python3_12_site-packages_PyQt6_Qt6_qml_QtQuick_Controls_FluentWinUI3_dark_images_slider-handle-hovered@3x_png fileNode\nclass node_venv_lib_python3_12_site-packages_PyQt6_Qt6_qml_QtQuick_Controls_FluentWinUI3_dark_images_slider-handle-pressed_png fileNode\nclass node_venv_lib_python3_12_site-packages_PyQt6_Qt6_qml_QtQuick_Controls_FluentWinUI3_dark_images_slider-handle-pressed@2x_png fileNode\nclass node_venv_lib_python3_12_site-packages_PyQt6_Qt6_qml_QtQuick_Controls_FluentWinUI3_dark_images_slider-handle-pressed@3x_png fileNode\nclass node_venv_lib_python3_12_site-packages_PyQt6_Qt6_qml_QtQuick_Controls_FluentWinUI3_dark_images_slider-handle_png fileNode\nclass node_venv_lib_python3_12_site-packages_PyQt6_Qt6_qml_QtQuick_Controls_FluentWinUI3_dark_images_slider-handle@2x_png fileNode\nclass node_venv_lib_python3_12_site-packages_PyQt6_Qt6_qml_QtQuick_Controls_FluentWinUI3_dark_images_slider-handle@3x_png fileNode\nclass node_venv_lib_python3_12_site-packages_PyQt6_Qt6_qml_QtQuick_Controls_FluentWinUI3_dark_images_spinbox-background-atlimit_png fileNode\nclass node_venv_lib_python3_12_site-packages_PyQt6_Qt6_qml_QtQuick_Controls_FluentWinUI3_dark_images_spinbox-background-atlimit@2x_png fileNode\nclass node_venv_lib_python3_12_site-packages_PyQt6_Qt6_qml_QtQuick_Controls_FluentWinUI3_dark_images_spinbox-background-atlimit@3x_png fileNode\nclass node_venv_lib_python3_12_site-packages_PyQt6_Qt6_qml_QtQuick_Controls_FluentWinUI3_dark_images_spinbox-background-disabled_png fileNode\nclass node_venv_lib_python3_12_site-packages_PyQt6_Qt6_qml_QtQuick_Controls_FluentWinUI3_dark_images_spinbox-background-disabled@2x_png fileNode\nclass node_venv_lib_python3_12_site-packages_PyQt6_Qt6_qml_QtQuick_Controls_FluentWinUI3_dark_images_spinbox-background-disabled@3x_png fileNode\nclass node_venv_lib_python3_12_site-packages_PyQt6_Qt6_qml_QtQuick_Controls_FluentWinUI3_dark_images_spinbox-background-down-hovered_png fileNode\nclass node_venv_lib_python3_12_site-packages_PyQt6_Qt6_qml_QtQuick_Controls_FluentWinUI3_dark_images_spinbox-background-down-hovered@2x_png fileNode\nclass node_venv_lib_python3_12_site-packages_PyQt6_Qt6_qml_QtQuick_Controls_FluentWinUI3_dark_images_spinbox-background-down-hovered@3x_png fileNode\nclass node_venv_lib_python3_12_site-packages_PyQt6_Qt6_qml_QtQuick_Controls_FluentWinUI3_dark_images_spinbox-background-down-pressed_png fileNode\nclass node_venv_lib_python3_12_site-packages_PyQt6_Qt6_qml_QtQuick_Controls_FluentWinUI3_dark_images_spinbox-background-down-pressed@2x_png fileNode\nclass node_venv_lib_python3_12_site-packages_PyQt6_Qt6_qml_QtQuick_Controls_FluentWinUI3_dark_images_spinbox-background-down-pressed@3x_png fileNode\nclass node_venv_lib_python3_12_site-packages_PyQt6_Qt6_qml_QtQuick_Controls_FluentWinUI3_dark_images_spinbox-background-hovered_png fileNode\nclass node_venv_lib_python3_12_site-packages_PyQt6_Qt6_qml_QtQuick_Controls_FluentWinUI3_dark_images_spinbox-background-hovered@2x_png fileNode\nclass node_venv_lib_python3_12_site-packages_PyQt6_Qt6_qml_QtQuick_Controls_FluentWinUI3_dark_images_spinbox-background-hovered@3x_png fileNode\nclass node_venv_lib_python3_12_site-packages_PyQt6_Qt6_qml_QtQuick_Controls_FluentWinUI3_dark_images_spinbox-background-up-hovered_png fileNode\nclass node_venv_lib_python3_12_site-packages_PyQt6_Qt6_qml_QtQuick_Controls_FluentWinUI3_dark_images_spinbox-background-up-hovered@2x_png fileNode\nclass node_venv_lib_python3_12_site-packages_PyQt6_Qt6_qml_QtQuick_Controls_FluentWinUI3_dark_images_spinbox-background-up-hovered@3x_png fileNode\nclass node_venv_lib_python3_12_site-packages_PyQt6_Qt6_qml_QtQuick_Controls_FluentWinUI3_dark_images_spinbox-background-up-pressed_png fileNode\nclass node_venv_lib_python3_12_site-packages_PyQt6_Qt6_qml_QtQuick_Controls_FluentWinUI3_dark_images_spinbox-background-up-pressed@2x_png fileNode\nclass node_venv_lib_python3_12_site-packages_PyQt6_Qt6_qml_QtQuick_Controls_FluentWinUI3_dark_images_spinbox-background-up-pressed@3x_png fileNode\nclass node_venv_lib_python3_12_site-packages_PyQt6_Qt6_qml_QtQuick_Controls_FluentWinUI3_dark_images_spinbox-background_png fileNode\nclass node_venv_lib_python3_12_site-packages_PyQt6_Qt6_qml_QtQuick_Controls_FluentWinUI3_dark_images_spinbox-background@2x_png fileNode\nclass node_venv_lib_python3_12_site-packages_PyQt6_Qt6_qml_QtQuick_Controls_FluentWinUI3_dark_images_spinbox-background@3x_png fileNode\nclass node_venv_lib_python3_12_site-packages_PyQt6_Qt6_qml_QtQuick_Controls_FluentWinUI3_dark_images_spinbox-indicator-down-background-atlimit_png fileNode\nclass node_venv_lib_python3_12_site-packages_PyQt6_Qt6_qml_QtQuick_Controls_FluentWinUI3_dark_images_spinbox-indicator-down-background-atlimit@2x_png fileNode\nclass node_venv_lib_python3_12_site-packages_PyQt6_Qt6_qml_QtQuick_Controls_FluentWinUI3_dark_images_spinbox-indicator-down-background-atlimit@3x_png fileNode\nclass node_venv_lib_python3_12_site-packages_PyQt6_Qt6_qml_QtQuick_Controls_FluentWinUI3_dark_images_spinbox-indicator-down-background-disabled_png fileNode\nclass node_venv_lib_python3_12_site-packages_PyQt6_Qt6_qml_QtQuick_Controls_FluentWinUI3_dark_images_spinbox-indicator-down-background-disabled@2x_png fileNode\nclass node_venv_lib_python3_12_site-packages_PyQt6_Qt6_qml_QtQuick_Controls_FluentWinUI3_dark_images_spinbox-indicator-down-background-disabled@3x_png fileNode\nclass node_venv_lib_python3_12_site-packages_PyQt6_Qt6_qml_QtQuick_Controls_FluentWinUI3_dark_images_spinbox-indicator-down-background-down-hovered_png fileNode\nclass node_venv_lib_python3_12_site-packages_PyQt6_Qt6_qml_QtQuick_Controls_FluentWinUI3_dark_images_spinbox-indicator-down-background-down-hovered@2x_png fileNode\nclass node_venv_lib_python3_12_site-packages_PyQt6_Qt6_qml_QtQuick_Controls_FluentWinUI3_dark_images_spinbox-indicator-down-background-down-hovered@3x_png fileNode\nclass node_venv_lib_python3_12_site-packages_PyQt6_Qt6_qml_QtQuick_Controls_FluentWinUI3_dark_images_spinbox-indicator-down-background-down-pressed_png fileNode\nclass node_venv_lib_python3_12_site-packages_PyQt6_Qt6_qml_QtQuick_Controls_FluentWinUI3_dark_images_spinbox-indicator-down-background-down-pressed@2x_png fileNode\nclass node_venv_lib_python3_12_site-packages_PyQt6_Qt6_qml_QtQuick_Controls_FluentWinUI3_dark_images_spinbox-indicator-down-background-down-pressed@3x_png fileNode\nclass node_venv_lib_python3_12_site-packages_PyQt6_Qt6_qml_QtQuick_Controls_FluentWinUI3_dark_images_spinbox-indicator-down-background-hovered_png fileNode\nclass node_venv_lib_python3_12_site-packages_PyQt6_Qt6_qml_QtQuick_Controls_FluentWinUI3_dark_images_spinbox-indicator-down-background-hovered@2x_png fileNode\nclass node_venv_lib_python3_12_site-packages_PyQt6_Qt6_qml_QtQuick_Controls_FluentWinUI3_dark_images_spinbox-indicator-down-background-hovered@3x_png fileNode\nclass node_venv_lib_python3_12_site-packages_PyQt6_Qt6_qml_QtQuick_Controls_FluentWinUI3_dark_images_spinbox-indicator-down-background-up-hovered_png fileNode\nclass node_venv_lib_python3_12_site-packages_PyQt6_Qt6_qml_QtQuick_Controls_FluentWinUI3_dark_images_spinbox-indicator-down-background-up-hovered@2x_png fileNode\nclass node_venv_lib_python3_12_site-packages_PyQt6_Qt6_qml_QtQuick_Controls_FluentWinUI3_dark_images_spinbox-indicator-down-background-up-hovered@3x_png fileNode\nclass node_venv_lib_python3_12_site-packages_PyQt6_Qt6_qml_QtQuick_Controls_FluentWinUI3_dark_images_spinbox-indicator-down-background-up-pressed_png fileNode\nclass node_venv_lib_python3_12_site-packages_PyQt6_Qt6_qml_QtQuick_Controls_FluentWinUI3_dark_images_spinbox-indicator-down-background-up-pressed@2x_png fileNode\nclass node_venv_lib_python3_12_site-packages_PyQt6_Qt6_qml_QtQuick_Controls_FluentWinUI3_dark_images_spinbox-indicator-down-background-up-pressed@3x_png fileNode\nclass node_venv_lib_python3_12_site-packages_PyQt6_Qt6_qml_QtQuick_Controls_FluentWinUI3_dark_images_spinbox-indicator-down-background_png fileNode\nclass node_venv_lib_python3_12_site-packages_PyQt6_Qt6_qml_QtQuick_Controls_FluentWinUI3_dark_images_spinbox-indicator-down-background@2x_png fileNode\nclass node_venv_lib_python3_12_site-packages_PyQt6_Qt6_qml_QtQuick_Controls_FluentWinUI3_dark_images_spinbox-indicator-down-background@3x_png fileNode\nclass node_venv_lib_python3_12_site-packages_PyQt6_Qt6_qml_QtQuick_Controls_FluentWinUI3_dark_images_spinbox-indicator-down-icon-atlimit_png fileNode\nclass node_venv_lib_python3_12_site-packages_PyQt6_Qt6_qml_QtQuick_Controls_FluentWinUI3_dark_images_spinbox-indicator-down-icon-atlimit@2x_png fileNode\nclass node_venv_lib_python3_12_site-packages_PyQt6_Qt6_qml_QtQuick_Controls_FluentWinUI3_dark_images_spinbox-indicator-down-icon-atlimit@3x_png fileNode\nclass node_venv_lib_python3_12_site-packages_PyQt6_Qt6_qml_QtQuick_Controls_FluentWinUI3_dark_images_spinbox-indicator-down-icon-disabled_png fileNode\nclass node_venv_lib_python3_12_site-packages_PyQt6_Qt6_qml_QtQuick_Controls_FluentWinUI3_dark_images_spinbox-indicator-down-icon-disabled@2x_png fileNode\nclass node_venv_lib_python3_12_site-packages_PyQt6_Qt6_qml_QtQuick_Controls_FluentWinUI3_dark_images_spinbox-indicator-down-icon-disabled@3x_png fileNode\nclass node_venv_lib_python3_12_site-packages_PyQt6_Qt6_qml_QtQuick_Controls_FluentWinUI3_dark_images_spinbox-indicator-down-icon-down-hovered_png fileNode\nclass node_venv_lib_python3_12_site-packages_PyQt6_Qt6_qml_QtQuick_Controls_FluentWinUI3_dark_images_spinbox-indicator-down-icon-down-hovered@2x_png fileNode\nclass node_venv_lib_python3_12_site-packages_PyQt6_Qt6_qml_QtQuick_Controls_FluentWinUI3_dark_images_spinbox-indicator-down-icon-down-hovered@3x_png fileNode\nclass node_venv_lib_python3_12_site-packages_PyQt6_Qt6_qml_QtQuick_Controls_FluentWinUI3_dark_images_spinbox-indicator-down-icon-down-pressed_png fileNode\nclass node_venv_lib_python3_12_site-packages_PyQt6_Qt6_qml_QtQuick_Controls_FluentWinUI3_dark_images_spinbox-indicator-down-icon-down-pressed@2x_png fileNode\nclass node_venv_lib_python3_12_site-packages_PyQt6_Qt6_qml_QtQuick_Controls_FluentWinUI3_dark_images_spinbox-indicator-down-icon-down-pressed@3x_png fileNode\nclass node_venv_lib_python3_12_site-packages_PyQt6_Qt6_qml_QtQuick_Controls_FluentWinUI3_dark_images_spinbox-indicator-down-icon-hovered_png fileNode\nclass node_venv_lib_python3_12_site-packages_PyQt6_Qt6_qml_QtQuick_Controls_FluentWinUI3_dark_images_spinbox-indicator-down-icon-hovered@2x_png fileNode\nclass node_venv_lib_python3_12_site-packages_PyQt6_Qt6_qml_QtQuick_Controls_FluentWinUI3_dark_images_spinbox-indicator-down-icon-hovered@3x_png fileNode\nclass node_venv_lib_python3_12_site-packages_PyQt6_Qt6_qml_QtQuick_Controls_FluentWinUI3_dark_images_spinbox-indicator-down-icon-up-hovered_png fileNode\nclass node_venv_lib_python3_12_site-packages_PyQt6_Qt6_qml_QtQuick_Controls_FluentWinUI3_dark_images_spinbox-indicator-down-icon-up-hovered@2x_png fileNode\nclass node_venv_lib_python3_12_site-packages_PyQt6_Qt6_qml_QtQuick_Controls_FluentWinUI3_dark_images_spinbox-indicator-down-icon-up-hovered@3x_png fileNode\nclass node_venv_lib_python3_12_site-packages_PyQt6_Qt6_qml_QtQuick_Controls_FluentWinUI3_dark_images_spinbox-indicator-down-icon-up-pressed_png fileNode\nclass node_venv_lib_python3_12_site-packages_PyQt6_Qt6_qml_QtQuick_Controls_FluentWinUI3_dark_images_spinbox-indicator-down-icon-up-pressed@2x_png fileNode\nclass node_venv_lib_python3_12_site-packages_PyQt6_Qt6_qml_QtQuick_Controls_FluentWinUI3_dark_images_spinbox-indicator-down-icon-up-pressed@3x_png fileNode\nclass node_venv_lib_python3_12_site-packages_PyQt6_Qt6_qml_QtQuick_Controls_FluentWinUI3_dark_images_spinbox-indicator-down-icon_png fileNode\nclass node_venv_lib_python3_12_site-packages_PyQt6_Qt6_qml_QtQuick_Controls_FluentWinUI3_dark_images_spinbox-indicator-down-icon@2x_png fileNode\nclass node_venv_lib_python3_12_site-packages_PyQt6_Qt6_qml_QtQuick_Controls_FluentWinUI3_dark_images_spinbox-indicator-down-icon@3x_png fileNode\nclass node_venv_lib_python3_12_site-packages_PyQt6_Qt6_qml_QtQuick_Controls_FluentWinUI3_dark_images_spinbox-indicator-up-background-atlimit_png fileNode\nclass node_venv_lib_python3_12_site-packages_PyQt6_Qt6_qml_QtQuick_Controls_FluentWinUI3_dark_images_spinbox-indicator-up-background-atlimit@2x_png fileNode\nclass node_venv_lib_python3_12_site-packages_PyQt6_Qt6_qml_QtQuick_Controls_FluentWinUI3_dark_images_spinbox-indicator-up-background-atlimit@3x_png fileNode\nclass node_venv_lib_python3_12_site-packages_PyQt6_Qt6_qml_QtQuick_Controls_FluentWinUI3_dark_images_spinbox-indicator-up-background-disabled_png fileNode\nclass node_venv_lib_python3_12_site-packages_PyQt6_Qt6_qml_QtQuick_Controls_FluentWinUI3_dark_images_spinbox-indicator-up-background-disabled@2x_png fileNode\nclass node_venv_lib_python3_12_site-packages_PyQt6_Qt6_qml_QtQuick_Controls_FluentWinUI3_dark_images_spinbox-indicator-up-background-disabled@3x_png fileNode\nclass node_venv_lib_python3_12_site-packages_PyQt6_Qt6_qml_QtQuick_Controls_FluentWinUI3_dark_images_spinbox-indicator-up-background-down-hovered_png fileNode\nclass node_venv_lib_python3_12_site-packages_PyQt6_Qt6_qml_QtQuick_Controls_FluentWinUI3_dark_images_spinbox-indicator-up-background-down-hovered@2x_png fileNode\nclass node_venv_lib_python3_12_site-packages_PyQt6_Qt6_qml_QtQuick_Controls_FluentWinUI3_dark_images_spinbox-indicator-up-background-down-hovered@3x_png fileNode\nclass node_venv_lib_python3_12_site-packages_PyQt6_Qt6_qml_QtQuick_Controls_FluentWinUI3_dark_images_spinbox-indicator-up-background-down-pressed_png fileNode\nclass node_venv_lib_python3_12_site-packages_PyQt6_Qt6_qml_QtQuick_Controls_FluentWinUI3_dark_images_spinbox-indicator-up-background-down-pressed@2x_png fileNode\nclass node_venv_lib_python3_12_site-packages_PyQt6_Qt6_qml_QtQuick_Controls_FluentWinUI3_dark_images_spinbox-indicator-up-background-down-pressed@3x_png fileNode\nclass node_venv_lib_python3_12_site-packages_PyQt6_Qt6_qml_QtQuick_Controls_FluentWinUI3_dark_images_spinbox-indicator-up-background-hovered_png fileNode\nclass node_venv_lib_python3_12_site-packages_PyQt6_Qt6_qml_QtQuick_Controls_FluentWinUI3_dark_images_spinbox-indicator-up-background-hovered@2x_png fileNode\nclass node_venv_lib_python3_12_site-packages_PyQt6_Qt6_qml_QtQuick_Controls_FluentWinUI3_dark_images_spinbox-indicator-up-background-hovered@3x_png fileNode\nclass node_venv_lib_python3_12_site-packages_PyQt6_Qt6_qml_QtQuick_Controls_FluentWinUI3_dark_images_spinbox-indicator-up-background-up-hovered_png fileNode\nclass node_venv_lib_python3_12_site-packages_PyQt6_Qt6_qml_QtQuick_Controls_FluentWinUI3_dark_images_spinbox-indicator-up-background-up-hovered@2x_png fileNode\nclass node_venv_lib_python3_12_site-packages_PyQt6_Qt6_qml_QtQuick_Controls_FluentWinUI3_dark_images_spinbox-indicator-up-background-up-hovered@3x_png fileNode\nclass node_venv_lib_python3_12_site-packages_PyQt6_Qt6_qml_QtQuick_Controls_FluentWinUI3_dark_images_spinbox-indicator-up-background-up-pressed_png fileNode\nclass node_venv_lib_python3_12_site-packages_PyQt6_Qt6_qml_QtQuick_Controls_FluentWinUI3_dark_images_spinbox-indicator-up-background-up-pressed@2x_png fileNode\nclass node_venv_lib_python3_12_site-packages_PyQt6_Qt6_qml_QtQuick_Controls_FluentWinUI3_dark_images_spinbox-indicator-up-background-up-pressed@3x_png fileNode\nclass node_venv_lib_python3_12_site-packages_PyQt6_Qt6_qml_QtQuick_Controls_FluentWinUI3_dark_images_spinbox-indicator-up-background_png fileNode\nclass node_venv_lib_python3_12_site-packages_PyQt6_Qt6_qml_QtQuick_Controls_FluentWinUI3_dark_images_spinbox-indicator-up-background@2x_png fileNode\nclass node_venv_lib_python3_12_site-packages_PyQt6_Qt6_qml_QtQuick_Controls_FluentWinUI3_dark_images_spinbox-indicator-up-background@3x_png fileNode\nclass node_venv_lib_python3_12_site-packages_PyQt6_Qt6_qml_QtQuick_Controls_FluentWinUI3_dark_images_spinbox-indicator-up-icon-atlimit_png fileNode\nclass node_venv_lib_python3_12_site-packages_PyQt6_Qt6_qml_QtQuick_Controls_FluentWinUI3_dark_images_spinbox-indicator-up-icon-atlimit@2x_png fileNode\nclass node_venv_lib_python3_12_site-packages_PyQt6_Qt6_qml_QtQuick_Controls_FluentWinUI3_dark_images_spinbox-indicator-up-icon-atlimit@3x_png fileNode\nclass node_venv_lib_python3_12_site-packages_PyQt6_Qt6_qml_QtQuick_Controls_FluentWinUI3_dark_images_spinbox-indicator-up-icon-disabled_png fileNode\nclass node_venv_lib_python3_12_site-packages_PyQt6_Qt6_qml_QtQuick_Controls_FluentWinUI3_dark_images_spinbox-indicator-up-icon-disabled@2x_png fileNode\nclass node_venv_lib_python3_12_site-packages_PyQt6_Qt6_qml_QtQuick_Controls_FluentWinUI3_dark_images_spinbox-indicator-up-icon-disabled@3x_png fileNode\nclass node_venv_lib_python3_12_site-packages_PyQt6_Qt6_qml_QtQuick_Controls_FluentWinUI3_dark_images_spinbox-indicator-up-icon-down-hovered_png fileNode\nclass node_venv_lib_python3_12_site-packages_PyQt6_Qt6_qml_QtQuick_Controls_FluentWinUI3_dark_images_spinbox-indicator-up-icon-down-hovered@2x_png fileNode\nclass node_venv_lib_python3_12_site-packages_PyQt6_Qt6_qml_QtQuick_Controls_FluentWinUI3_dark_images_spinbox-indicator-up-icon-down-hovered@3x_png fileNode\nclass node_venv_lib_python3_12_site-packages_PyQt6_Qt6_qml_QtQuick_Controls_FluentWinUI3_dark_images_spinbox-indicator-up-icon-down-pressed_png fileNode\nclass node_venv_lib_python3_12_site-packages_PyQt6_Qt6_qml_QtQuick_Controls_FluentWinUI3_dark_images_spinbox-indicator-up-icon-down-pressed@2x_png fileNode\nclass node_venv_lib_python3_12_site-packages_PyQt6_Qt6_qml_QtQuick_Controls_FluentWinUI3_dark_images_spinbox-indicator-up-icon-down-pressed@3x_png fileNode\nclass node_venv_lib_python3_12_site-packages_PyQt6_Qt6_qml_QtQuick_Controls_FluentWinUI3_dark_images_spinbox-indicator-up-icon-hovered_png fileNode\nclass node_venv_lib_python3_12_site-packages_PyQt6_Qt6_qml_QtQuick_Controls_FluentWinUI3_dark_images_spinbox-indicator-up-icon-hovered@2x_png fileNode\nclass node_venv_lib_python3_12_site-packages_PyQt6_Qt6_qml_QtQuick_Controls_FluentWinUI3_dark_images_spinbox-indicator-up-icon-hovered@3x_png fileNode\nclass node_venv_lib_python3_12_site-packages_PyQt6_Qt6_qml_QtQuick_Controls_FluentWinUI3_dark_images_spinbox-indicator-up-icon-up-hovered_png fileNode\nclass node_venv_lib_python3_12_site-packages_PyQt6_Qt6_qml_QtQuick_Controls_FluentWinUI3_dark_images_spinbox-indicator-up-icon-up-hovered@2x_png fileNode\nclass node_venv_lib_python3_12_site-packages_PyQt6_Qt6_qml_QtQuick_Controls_FluentWinUI3_dark_images_spinbox-indicator-up-icon-up-hovered@3x_png fileNode\nclass node_venv_lib_python3_12_site-packages_PyQt6_Qt6_qml_QtQuick_Controls_FluentWinUI3_dark_images_spinbox-indicator-up-icon-up-pressed_png fileNode\nclass node_venv_lib_python3_12_site-packages_PyQt6_Qt6_qml_QtQuick_Controls_FluentWinUI3_dark_images_spinbox-indicator-up-icon-up-pressed@2x_png fileNode\nclass node_venv_lib_python3_12_site-packages_PyQt6_Qt6_qml_QtQuick_Controls_FluentWinUI3_dark_images_spinbox-indicator-up-icon-up-pressed@3x_png fileNode\nclass node_venv_lib_python3_12_site-packages_PyQt6_Qt6_qml_QtQuick_Controls_FluentWinUI3_dark_images_spinbox-indicator-up-icon_png fileNode\nclass node_venv_lib_python3_12_site-packages_PyQt6_Qt6_qml_QtQuick_Controls_FluentWinUI3_dark_images_spinbox-indicator-up-icon@2x_png fileNode\nclass node_venv_lib_python3_12_site-packages_PyQt6_Qt6_qml_QtQuick_Controls_FluentWinUI3_dark_images_spinbox-indicator-up-icon@3x_png fileNode\nclass node_venv_lib_python3_12_site-packages_PyQt6_Qt6_qml_QtQuick_Controls_FluentWinUI3_dark_images_textarea-background-disabled_png fileNode\nclass node_venv_lib_python3_12_site-packages_PyQt6_Qt6_qml_QtQuick_Controls_FluentWinUI3_dark_images_textarea-background-disabled@2x_png fileNode\nclass node_venv_lib_python3_12_site-packages_PyQt6_Qt6_qml_QtQuick_Controls_FluentWinUI3_dark_images_textarea-background-disabled@3x_png fileNode\nclass node_venv_lib_python3_12_site-packages_PyQt6_Qt6_qml_QtQuick_Controls_FluentWinUI3_dark_images_textarea-background-focused_png fileNode\nclass node_venv_lib_python3_12_site-packages_PyQt6_Qt6_qml_QtQuick_Controls_FluentWinUI3_dark_images_textarea-background-focused@2x_png fileNode\nclass node_venv_lib_python3_12_site-packages_PyQt6_Qt6_qml_QtQuick_Controls_FluentWinUI3_dark_images_textarea-background-focused@3x_png fileNode\nclass node_venv_lib_python3_12_site-packages_PyQt6_Qt6_qml_QtQuick_Controls_FluentWinUI3_dark_images_textarea-background-hovered_png fileNode\nclass node_venv_lib_python3_12_site-packages_PyQt6_Qt6_qml_QtQuick_Controls_FluentWinUI3_dark_images_textarea-background-hovered@2x_png fileNode\nclass node_venv_lib_python3_12_site-packages_PyQt6_Qt6_qml_QtQuick_Controls_FluentWinUI3_dark_images_textarea-background-hovered@3x_png fileNode\nclass node_venv_lib_python3_12_site-packages_PyQt6_Qt6_qml_QtQuick_Controls_FluentWinUI3_dark_images_textarea-background_png fileNode\nclass node_venv_lib_python3_12_site-packages_PyQt6_Qt6_qml_QtQuick_Controls_FluentWinUI3_dark_images_textarea-background@2x_png fileNode\nclass node_venv_lib_python3_12_site-packages_PyQt6_Qt6_qml_QtQuick_Controls_FluentWinUI3_dark_images_textarea-background@3x_png fileNode\nclass node_venv_lib_python3_12_site-packages_PyQt6_Qt6_qml_QtQuick_Controls_FluentWinUI3_dark_images_textfield-background-disabled_png fileNode\nclass node_venv_lib_python3_12_site-packages_PyQt6_Qt6_qml_QtQuick_Controls_FluentWinUI3_dark_images_textfield-background-disabled@2x_png fileNode\nclass node_venv_lib_python3_12_site-packages_PyQt6_Qt6_qml_QtQuick_Controls_FluentWinUI3_dark_images_textfield-background-disabled@3x_png fileNode\nclass node_venv_lib_python3_12_site-packages_PyQt6_Qt6_qml_QtQuick_Controls_FluentWinUI3_dark_images_textfield-background-focused_png fileNode\nclass node_venv_lib_python3_12_site-packages_PyQt6_Qt6_qml_QtQuick_Controls_FluentWinUI3_dark_images_textfield-background-focused@2x_png fileNode\nclass node_venv_lib_python3_12_site-packages_PyQt6_Qt6_qml_QtQuick_Controls_FluentWinUI3_dark_images_textfield-background-focused@3x_png fileNode\nclass node_venv_lib_python3_12_site-packages_PyQt6_Qt6_qml_QtQuick_Controls_FluentWinUI3_dark_images_textfield-background-hovered_png fileNode\nclass node_venv_lib_python3_12_site-packages_PyQt6_Qt6_qml_QtQuick_Controls_FluentWinUI3_dark_images_textfield-background-hovered@2x_png fileNode\nclass node_venv_lib_python3_12_site-packages_PyQt6_Qt6_qml_QtQuick_Controls_FluentWinUI3_dark_images_textfield-background-hovered@3x_png fileNode\nclass node_venv_lib_python3_12_site-packages_PyQt6_Qt6_qml_QtQuick_Controls_FluentWinUI3_dark_images_textfield-background_png fileNode\nclass node_venv_lib_python3_12_site-packages_PyQt6_Qt6_qml_QtQuick_Controls_FluentWinUI3_dark_images_textfield-background@2x_png fileNode\nclass node_venv_lib_python3_12_site-packages_PyQt6_Qt6_qml_QtQuick_Controls_FluentWinUI3_dark_images_textfield-background@3x_png fileNode\nclass node_venv_lib_python3_12_site-packages_PyQt6_Qt6_qml_QtQuick_Controls_macOS_BusyIndicator_qml fileNode\nclass node_venv_lib_python3_12_site-packages_PyQt6_Qt6_qml_QtQuick_Controls_macOS_Button_qml fileNode\nclass node_venv_lib_python3_12_site-packages_PyQt6_Qt6_qml_QtQuick_Controls_macOS_CheckBox_qml fileNode\nclass node_venv_lib_python3_12_site-packages_PyQt6_Qt6_qml_QtQuick_Controls_macOS_CheckDelegate_qml fileNode\nclass node_venv_lib_python3_12_site-packages_PyQt6_Qt6_qml_QtQuick_Controls_macOS_ComboBox_qml fileNode\nclass node_venv_lib_python3_12_site-packages_PyQt6_Qt6_qml_QtQuick_Controls_macOS_DelayButton_qml fileNode\nclass node_venv_lib_python3_12_site-packages_PyQt6_Qt6_qml_QtQuick_Controls_macOS_Dial_qml fileNode\nclass node_venv_lib_python3_12_site-packages_PyQt6_Qt6_qml_QtQuick_Controls_macOS_Dialog_qml fileNode\nclass node_venv_lib_python3_12_site-packages_PyQt6_Qt6_qml_QtQuick_Controls_macOS_DialogButtonBox_qml fileNode\nclass node_venv_lib_python3_12_site-packages_PyQt6_Qt6_qml_QtQuick_Controls_macOS_Frame_qml fileNode\nclass node_venv_lib_python3_12_site-packages_PyQt6_Qt6_qml_QtQuick_Controls_macOS_GroupBox_qml fileNode\nclass node_venv_lib_python3_12_site-packages_PyQt6_Qt6_qml_QtQuick_Controls_macOS_ItemDelegate_qml fileNode\nclass node_venv_lib_python3_12_site-packages_PyQt6_Qt6_qml_QtQuick_Controls_macOS_Menu_qml fileNode\nclass node_venv_lib_python3_12_site-packages_PyQt6_Qt6_qml_QtQuick_Controls_macOS_MenuBar_qml fileNode\nclass node_venv_lib_python3_12_site-packages_PyQt6_Qt6_qml_QtQuick_Controls_macOS_MenuBarItem_qml fileNode\nclass node_venv_lib_python3_12_site-packages_PyQt6_Qt6_qml_QtQuick_Controls_macOS_MenuItem_qml fileNode\nclass node_venv_lib_python3_12_site-packages_PyQt6_Qt6_qml_QtQuick_Controls_macOS_MenuSeparator_qml fileNode\nclass node_venv_lib_python3_12_site-packages_PyQt6_Qt6_qml_QtQuick_Controls_macOS_ProgressBar_qml fileNode\nclass node_venv_lib_python3_12_site-packages_PyQt6_Qt6_qml_QtQuick_Controls_macOS_RadioButton_qml fileNode\nclass node_venv_lib_python3_12_site-packages_PyQt6_Qt6_qml_QtQuick_Controls_macOS_RadioDelegate_qml fileNode\nclass node_venv_lib_python3_12_site-packages_PyQt6_Qt6_qml_QtQuick_Controls_macOS_RangeSlider_qml fileNode\nclass node_venv_lib_python3_12_site-packages_PyQt6_Qt6_qml_QtQuick_Controls_macOS_ScrollBar_qml fileNode\nclass node_venv_lib_python3_12_site-packages_PyQt6_Qt6_qml_QtQuick_Controls_macOS_ScrollIndicator_qml fileNode\nclass node_venv_lib_python3_12_site-packages_PyQt6_Qt6_qml_QtQuick_Controls_macOS_ScrollView_qml fileNode\nclass node_venv_lib_python3_12_site-packages_PyQt6_Qt6_qml_QtQuick_Controls_macOS_SearchField_qml fileNode\nclass node_venv_lib_python3_12_site-packages_PyQt6_Qt6_qml_QtQuick_Controls_macOS_SelectionRectangle_qml fileNode\nclass node_venv_lib_python3_12_site-packages_PyQt6_Qt6_qml_QtQuick_Controls_macOS_Slider_qml fileNode\nclass node_venv_lib_python3_12_site-packages_PyQt6_Qt6_qml_QtQuick_Controls_macOS_SpinBox_qml fileNode\nclass node_venv_lib_python3_12_site-packages_PyQt6_Qt6_qml_QtQuick_Controls_macOS_Switch_qml fileNode\nclass node_venv_lib_python3_12_site-packages_PyQt6_Qt6_qml_QtQuick_Controls_macOS_SwitchDelegate_qml fileNode\nclass node_venv_lib_python3_12_site-packages_PyQt6_Qt6_qml_QtQuick_Controls_macOS_TextArea_qml fileNode\nclass node_venv_lib_python3_12_site-packages_PyQt6_Qt6_qml_QtQuick_Controls_macOS_TextField_qml fileNode\nclass node_venv_lib_python3_12_site-packages_PyQt6_Qt6_qml_QtQuick_Controls_macOS_TreeViewDelegate_qml fileNode\nclass node_venv_lib_python3_12_site-packages_PyQt6_Qt6_qml_QtQuick_Controls_macOS_libqtquickcontrols2macosstyleplugin_dylib fileNode\nclass node_venv_lib_python3_12_site-packages_PyQt6_Qt6_qml_QtQuick_Controls_macOS_plugins_qmltypes fileNode\nclass node_venv_lib_python3_12_site-packages_PyQt6_Qt6_qml_QtQuick_Controls_macOS_qmldir fileNode\nclass node_venv_lib_python3_12_site-packages_PyQt6_Qt6_qml_QtQuick_Controls_macOS_impl_CheckIndicator_qml fileNode\nclass node_venv_lib_python3_12_site-packages_PyQt6_Qt6_qml_QtQuick_Controls_macOS_impl_QuickControls2MacOSStyleImpl_qmltypes fileNode\nclass node_venv_lib_python3_12_site-packages_PyQt6_Qt6_qml_QtQuick_Controls_macOS_impl_SliderHandle_qml fileNode\nclass node_venv_lib_python3_12_site-packages_PyQt6_Qt6_qml_QtQuick_Controls_macOS_impl_SwitchHandle_qml fileNode\nclass node_venv_lib_python3_12_site-packages_PyQt6_Qt6_qml_QtQuick_Controls_macOS_impl_SwitchIndicator_qml fileNode\nclass node_venv_lib_python3_12_site-packages_PyQt6_Qt6_qml_QtQuick_Controls_macOS_impl_libqtquickcontrols2macosstyleimplplugin_dylib fileNode\nclass node_venv_lib_python3_12_site-packages_PyQt6_Qt6_qml_QtQuick_Controls_macOS_impl_qmldir fileNode\nclass node_venv_lib_python3_12_site-packages_PyQt6_Qt6_qml_QtQuick_Controls_macOS_images_busyindicator-dark_webp fileNode\nclass node_venv_lib_python3_12_site-packages_PyQt6_Qt6_qml_QtQuick_Controls_macOS_images_busyindicator-dark@2x_webp fileNode\nclass node_venv_lib_python3_12_site-packages_PyQt6_Qt6_qml_QtQuick_Controls_macOS_images_busyindicator-dark@3x_webp fileNode\nclass node_venv_lib_python3_12_site-packages_PyQt6_Qt6_qml_QtQuick_Controls_macOS_images_busyindicator-light_webp fileNode\nclass node_venv_lib_python3_12_site-packages_PyQt6_Qt6_qml_QtQuick_Controls_macOS_images_busyindicator-light@2x_webp fileNode\nclass node_venv_lib_python3_12_site-packages_PyQt6_Qt6_qml_QtQuick_Controls_macOS_images_busyindicator-light@3x_webp fileNode\nclass node_venv_lib_python3_12_site-packages_PyQt6_Qt6_qml_QtQuick_Controls_macOS_images_checkmark_png fileNode\nclass node_venv_lib_python3_12_site-packages_PyQt6_Qt6_qml_QtQuick_Controls_macOS_images_checkmark@2x_png fileNode\nclass node_venv_lib_python3_12_site-packages_PyQt6_Qt6_qml_QtQuick_Controls_macOS_images_checkmark@3x_png fileNode\nclass node_venv_lib_python3_12_site-packages_PyQt6_Qt6_qml_QtQuick_Controls_macOS_images_menuarrow_png fileNode\nclass node_venv_lib_python3_12_site-packages_PyQt6_Qt6_qml_QtQuick_Controls_macOS_images_menuarrow@2x_png fileNode\nclass node_venv_lib_python3_12_site-packages_PyQt6_Qt6_qml_QtQuick_Controls_macOS_images_menuarrow@3x_png fileNode\nclass node_venv_lib_python3_12_site-packages_PyQt6_Qt6_qml_QtQuick_Controls_Universal_ApplicationWindow_qml fileNode\nclass node_venv_lib_python3_12_site-packages_PyQt6_Qt6_qml_QtQuick_Controls_Universal_BusyIndicator_qml fileNode\nclass node_venv_lib_python3_12_site-packages_PyQt6_Qt6_qml_QtQuick_Controls_Universal_Button_qml fileNode\nclass node_venv_lib_python3_12_site-packages_PyQt6_Qt6_qml_QtQuick_Controls_Universal_CheckBox_qml fileNode\nclass node_venv_lib_python3_12_site-packages_PyQt6_Qt6_qml_QtQuick_Controls_Universal_CheckDelegate_qml fileNode\nclass node_venv_lib_python3_12_site-packages_PyQt6_Qt6_qml_QtQuick_Controls_Universal_ComboBox_qml fileNode\nclass node_venv_lib_python3_12_site-packages_PyQt6_Qt6_qml_QtQuick_Controls_Universal_DelayButton_qml fileNode\nclass node_venv_lib_python3_12_site-packages_PyQt6_Qt6_qml_QtQuick_Controls_Universal_Dial_qml fileNode\nclass node_venv_lib_python3_12_site-packages_PyQt6_Qt6_qml_QtQuick_Controls_Universal_Dialog_qml fileNode\nclass node_venv_lib_python3_12_site-packages_PyQt6_Qt6_qml_QtQuick_Controls_Universal_DialogButtonBox_qml fileNode\nclass node_venv_lib_python3_12_site-packages_PyQt6_Qt6_qml_QtQuick_Controls_Universal_Drawer_qml fileNode\nclass node_venv_lib_python3_12_site-packages_PyQt6_Qt6_qml_QtQuick_Controls_Universal_Frame_qml fileNode\nclass node_venv_lib_python3_12_site-packages_PyQt6_Qt6_qml_QtQuick_Controls_Universal_GroupBox_qml fileNode\nclass node_venv_lib_python3_12_site-packages_PyQt6_Qt6_qml_QtQuick_Controls_Universal_HorizontalHeaderView_qml fileNode\nclass node_venv_lib_python3_12_site-packages_PyQt6_Qt6_qml_QtQuick_Controls_Universal_HorizontalHeaderViewDelegate_qml fileNode\nclass node_venv_lib_python3_12_site-packages_PyQt6_Qt6_qml_QtQuick_Controls_Universal_ItemDelegate_qml fileNode\nclass node_venv_lib_python3_12_site-packages_PyQt6_Qt6_qml_QtQuick_Controls_Universal_Label_qml fileNode\nclass node_venv_lib_python3_12_site-packages_PyQt6_Qt6_qml_QtQuick_Controls_Universal_Menu_qml fileNode\nclass node_venv_lib_python3_12_site-packages_PyQt6_Qt6_qml_QtQuick_Controls_Universal_MenuBar_qml fileNode\nclass node_venv_lib_python3_12_site-packages_PyQt6_Qt6_qml_QtQuick_Controls_Universal_MenuBarItem_qml fileNode\nclass node_venv_lib_python3_12_site-packages_PyQt6_Qt6_qml_QtQuick_Controls_Universal_MenuItem_qml fileNode\nclass node_venv_lib_python3_12_site-packages_PyQt6_Qt6_qml_QtQuick_Controls_Universal_MenuSeparator_qml fileNode\nclass node_venv_lib_python3_12_site-packages_PyQt6_Qt6_qml_QtQuick_Controls_Universal_Page_qml fileNode\nclass node_venv_lib_python3_12_site-packages_PyQt6_Qt6_qml_QtQuick_Controls_Universal_PageIndicator_qml fileNode\nclass node_venv_lib_python3_12_site-packages_PyQt6_Qt6_qml_QtQuick_Controls_Universal_Pane_qml fileNode\nclass node_venv_lib_python3_12_site-packages_PyQt6_Qt6_qml_QtQuick_Controls_Universal_Popup_qml fileNode\nclass node_venv_lib_python3_12_site-packages_PyQt6_Qt6_qml_QtQuick_Controls_Universal_ProgressBar_qml fileNode\nclass node_venv_lib_python3_12_site-packages_PyQt6_Qt6_qml_QtQuick_Controls_Universal_RadioButton_qml fileNode\nclass node_venv_lib_python3_12_site-packages_PyQt6_Qt6_qml_QtQuick_Controls_Universal_RadioDelegate_qml fileNode\nclass node_venv_lib_python3_12_site-packages_PyQt6_Qt6_qml_QtQuick_Controls_Universal_RangeSlider_qml fileNode\nclass node_venv_lib_python3_12_site-packages_PyQt6_Qt6_qml_QtQuick_Controls_Universal_RoundButton_qml fileNode\nclass node_venv_lib_python3_12_site-packages_PyQt6_Qt6_qml_QtQuick_Controls_Universal_ScrollBar_qml fileNode\nclass node_venv_lib_python3_12_site-packages_PyQt6_Qt6_qml_QtQuick_Controls_Universal_ScrollIndicator_qml fileNode\nclass node_venv_lib_python3_12_site-packages_PyQt6_Qt6_qml_QtQuick_Controls_Universal_ScrollView_qml fileNode\nclass node_venv_lib_python3_12_site-packages_PyQt6_Qt6_qml_QtQuick_Controls_Universal_SearchField_qml fileNode\nclass node_venv_lib_python3_12_site-packages_PyQt6_Qt6_qml_QtQuick_Controls_Universal_SelectionRectangle_qml fileNode\nclass node_venv_lib_python3_12_site-packages_PyQt6_Qt6_qml_QtQuick_Controls_Universal_Slider_qml fileNode\nclass node_venv_lib_python3_12_site-packages_PyQt6_Qt6_qml_QtQuick_Controls_Universal_SpinBox_qml fileNode\nclass node_venv_lib_python3_12_site-packages_PyQt6_Qt6_qml_QtQuick_Controls_Universal_SplitView_qml fileNode\nclass node_venv_lib_python3_12_site-packages_PyQt6_Qt6_qml_QtQuick_Controls_Universal_StackView_qml fileNode\nclass node_venv_lib_python3_12_site-packages_PyQt6_Qt6_qml_QtQuick_Controls_Universal_SwipeDelegate_qml fileNode\nclass node_venv_lib_python3_12_site-packages_PyQt6_Qt6_qml_QtQuick_Controls_Universal_Switch_qml fileNode\nclass node_venv_lib_python3_12_site-packages_PyQt6_Qt6_qml_QtQuick_Controls_Universal_SwitchDelegate_qml fileNode\nclass node_venv_lib_python3_12_site-packages_PyQt6_Qt6_qml_QtQuick_Controls_Universal_TabBar_qml fileNode\nclass node_venv_lib_python3_12_site-packages_PyQt6_Qt6_qml_QtQuick_Controls_Universal_TabButton_qml fileNode\nclass node_venv_lib_python3_12_site-packages_PyQt6_Qt6_qml_QtQuick_Controls_Universal_TextArea_qml fileNode\nclass node_venv_lib_python3_12_site-packages_PyQt6_Qt6_qml_QtQuick_Controls_Universal_TextField_qml fileNode\nclass node_venv_lib_python3_12_site-packages_PyQt6_Qt6_qml_QtQuick_Controls_Universal_ToolBar_qml fileNode\nclass node_venv_lib_python3_12_site-packages_PyQt6_Qt6_qml_QtQuick_Controls_Universal_ToolButton_qml fileNode\nclass node_venv_lib_python3_12_site-packages_PyQt6_Qt6_qml_QtQuick_Controls_Universal_ToolSeparator_qml fileNode\nclass node_venv_lib_python3_12_site-packages_PyQt6_Qt6_qml_QtQuick_Controls_Universal_ToolTip_qml fileNode\nclass node_venv_lib_python3_12_site-packages_PyQt6_Qt6_qml_QtQuick_Controls_Universal_Tumbler_qml fileNode\nclass node_venv_lib_python3_12_site-packages_PyQt6_Qt6_qml_QtQuick_Controls_Universal_VerticalHeaderView_qml fileNode\nclass node_venv_lib_python3_12_site-packages_PyQt6_Qt6_qml_QtQuick_Controls_Universal_VerticalHeaderViewDelegate_qml fileNode\nclass node_venv_lib_python3_12_site-packages_PyQt6_Qt6_qml_QtQuick_Controls_Universal_libqtquickcontrols2universalstyleplugin_dylib fileNode\nclass node_venv_lib_python3_12_site-packages_PyQt6_Qt6_qml_QtQuick_Controls_Universal_plugins_qmltypes fileNode\nclass node_venv_lib_python3_12_site-packages_PyQt6_Qt6_qml_QtQuick_Controls_Universal_qmldir fileNode\nclass node_venv_lib_python3_12_site-packages_PyQt6_Qt6_qml_QtQuick_Controls_Universal_impl_CheckIndicator_qml fileNode\nclass node_venv_lib_python3_12_site-packages_PyQt6_Qt6_qml_QtQuick_Controls_Universal_impl_RadioIndicator_qml fileNode\nclass node_venv_lib_python3_12_site-packages_PyQt6_Qt6_qml_QtQuick_Controls_Universal_impl_SwitchIndicator_qml fileNode\nclass node_venv_lib_python3_12_site-packages_PyQt6_Qt6_qml_QtQuick_Controls_Universal_impl_libqtquickcontrols2universalstyleimplplugin_dylib fileNode\nclass node_venv_lib_python3_12_site-packages_PyQt6_Qt6_qml_QtQuick_Controls_Universal_impl_plugins_qmltypes fileNode\nclass node_venv_lib_python3_12_site-packages_PyQt6_Qt6_qml_QtQuick_Controls_Universal_impl_qmldir fileNode\nclass node_venv_lib_python3_12_site-packages_PyQt6_Qt6_qml_QtQuick_Controls_Basic_AbstractButton_qml fileNode\nclass node_venv_lib_python3_12_site-packages_PyQt6_Qt6_qml_QtQuick_Controls_Basic_Action_qml fileNode\nclass node_venv_lib_python3_12_site-packages_PyQt6_Qt6_qml_QtQuick_Controls_Basic_ActionGroup_qml fileNode\nclass node_venv_lib_python3_12_site-packages_PyQt6_Qt6_qml_QtQuick_Controls_Basic_ApplicationWindow_qml fileNode\nclass node_venv_lib_python3_12_site-packages_PyQt6_Qt6_qml_QtQuick_Controls_Basic_BusyIndicator_qml fileNode\nclass node_venv_lib_python3_12_site-packages_PyQt6_Qt6_qml_QtQuick_Controls_Basic_Button_qml fileNode\nclass node_venv_lib_python3_12_site-packages_PyQt6_Qt6_qml_QtQuick_Controls_Basic_ButtonGroup_qml fileNode\nclass node_venv_lib_python3_12_site-packages_PyQt6_Qt6_qml_QtQuick_Controls_Basic_Calendar_qml fileNode\nclass node_venv_lib_python3_12_site-packages_PyQt6_Qt6_qml_QtQuick_Controls_Basic_CalendarModel_qml fileNode\nclass node_venv_lib_python3_12_site-packages_PyQt6_Qt6_qml_QtQuick_Controls_Basic_CheckBox_qml fileNode\nclass node_venv_lib_python3_12_site-packages_PyQt6_Qt6_qml_QtQuick_Controls_Basic_CheckDelegate_qml fileNode\nclass node_venv_lib_python3_12_site-packages_PyQt6_Qt6_qml_QtQuick_Controls_Basic_ComboBox_qml fileNode\nclass node_venv_lib_python3_12_site-packages_PyQt6_Qt6_qml_QtQuick_Controls_Basic_Container_qml fileNode\nclass node_venv_lib_python3_12_site-packages_PyQt6_Qt6_qml_QtQuick_Controls_Basic_Control_qml fileNode\nclass node_venv_lib_python3_12_site-packages_PyQt6_Qt6_qml_QtQuick_Controls_Basic_DayOfWeekRow_qml fileNode\nclass node_venv_lib_python3_12_site-packages_PyQt6_Qt6_qml_QtQuick_Controls_Basic_DelayButton_qml fileNode\nclass node_venv_lib_python3_12_site-packages_PyQt6_Qt6_qml_QtQuick_Controls_Basic_Dial_qml fileNode\nclass node_venv_lib_python3_12_site-packages_PyQt6_Qt6_qml_QtQuick_Controls_Basic_Dialog_qml fileNode\nclass node_venv_lib_python3_12_site-packages_PyQt6_Qt6_qml_QtQuick_Controls_Basic_DialogButtonBox_qml fileNode\nclass node_venv_lib_python3_12_site-packages_PyQt6_Qt6_qml_QtQuick_Controls_Basic_Drawer_qml fileNode\nclass node_venv_lib_python3_12_site-packages_PyQt6_Qt6_qml_QtQuick_Controls_Basic_Frame_qml fileNode\nclass node_venv_lib_python3_12_site-packages_PyQt6_Qt6_qml_QtQuick_Controls_Basic_GroupBox_qml fileNode\nclass node_venv_lib_python3_12_site-packages_PyQt6_Qt6_qml_QtQuick_Controls_Basic_HorizontalHeaderView_qml fileNode\nclass node_venv_lib_python3_12_site-packages_PyQt6_Qt6_qml_QtQuick_Controls_Basic_HorizontalHeaderViewDelegate_qml fileNode\nclass node_venv_lib_python3_12_site-packages_PyQt6_Qt6_qml_QtQuick_Controls_Basic_ItemDelegate_qml fileNode\nclass node_venv_lib_python3_12_site-packages_PyQt6_Qt6_qml_QtQuick_Controls_Basic_Label_qml fileNode\nclass node_venv_lib_python3_12_site-packages_PyQt6_Qt6_qml_QtQuick_Controls_Basic_Menu_qml fileNode\nclass node_venv_lib_python3_12_site-packages_PyQt6_Qt6_qml_QtQuick_Controls_Basic_MenuBar_qml fileNode\nclass node_venv_lib_python3_12_site-packages_PyQt6_Qt6_qml_QtQuick_Controls_Basic_MenuBarItem_qml fileNode\nclass node_venv_lib_python3_12_site-packages_PyQt6_Qt6_qml_QtQuick_Controls_Basic_MenuItem_qml fileNode\nclass node_venv_lib_python3_12_site-packages_PyQt6_Qt6_qml_QtQuick_Controls_Basic_MenuSeparator_qml fileNode\nclass node_venv_lib_python3_12_site-packages_PyQt6_Qt6_qml_QtQuick_Controls_Basic_MonthGrid_qml fileNode\nclass node_venv_lib_python3_12_site-packages_PyQt6_Qt6_qml_QtQuick_Controls_Basic_Page_qml fileNode\nclass node_venv_lib_python3_12_site-packages_PyQt6_Qt6_qml_QtQuick_Controls_Basic_PageIndicator_qml fileNode\nclass node_venv_lib_python3_12_site-packages_PyQt6_Qt6_qml_QtQuick_Controls_Basic_Pane_qml fileNode\nclass node_venv_lib_python3_12_site-packages_PyQt6_Qt6_qml_QtQuick_Controls_Basic_Popup_qml fileNode\nclass node_venv_lib_python3_12_site-packages_PyQt6_Qt6_qml_QtQuick_Controls_Basic_ProgressBar_qml fileNode\nclass node_venv_lib_python3_12_site-packages_PyQt6_Qt6_qml_QtQuick_Controls_Basic_RadioButton_qml fileNode\nclass node_venv_lib_python3_12_site-packages_PyQt6_Qt6_qml_QtQuick_Controls_Basic_RadioDelegate_qml fileNode\nclass node_venv_lib_python3_12_site-packages_PyQt6_Qt6_qml_QtQuick_Controls_Basic_RangeSlider_qml fileNode\nclass node_venv_lib_python3_12_site-packages_PyQt6_Qt6_qml_QtQuick_Controls_Basic_RoundButton_qml fileNode\nclass node_venv_lib_python3_12_site-packages_PyQt6_Qt6_qml_QtQuick_Controls_Basic_ScrollBar_qml fileNode\nclass node_venv_lib_python3_12_site-packages_PyQt6_Qt6_qml_QtQuick_Controls_Basic_ScrollIndicator_qml fileNode\nclass node_venv_lib_python3_12_site-packages_PyQt6_Qt6_qml_QtQuick_Controls_Basic_ScrollView_qml fileNode\nclass node_venv_lib_python3_12_site-packages_PyQt6_Qt6_qml_QtQuick_Controls_Basic_SearchField_qml fileNode\nclass node_venv_lib_python3_12_site-packages_PyQt6_Qt6_qml_QtQuick_Controls_Basic_SelectionRectangle_qml fileNode\nclass node_venv_lib_python3_12_site-packages_PyQt6_Qt6_qml_QtQuick_Controls_Basic_Slider_qml fileNode\nclass node_venv_lib_python3_12_site-packages_PyQt6_Qt6_qml_QtQuick_Controls_Basic_SpinBox_qml fileNode\nclass node_venv_lib_python3_12_site-packages_PyQt6_Qt6_qml_QtQuick_Controls_Basic_SplitView_qml fileNode\nclass node_venv_lib_python3_12_site-packages_PyQt6_Qt6_qml_QtQuick_Controls_Basic_StackView_qml fileNode\nclass node_venv_lib_python3_12_site-packages_PyQt6_Qt6_qml_QtQuick_Controls_Basic_SwipeDelegate_qml fileNode\nclass node_venv_lib_python3_12_site-packages_PyQt6_Qt6_qml_QtQuick_Controls_Basic_SwipeView_qml fileNode\nclass node_venv_lib_python3_12_site-packages_PyQt6_Qt6_qml_QtQuick_Controls_Basic_Switch_qml fileNode\nclass node_venv_lib_python3_12_site-packages_PyQt6_Qt6_qml_QtQuick_Controls_Basic_SwitchDelegate_qml fileNode\nclass node_venv_lib_python3_12_site-packages_PyQt6_Qt6_qml_QtQuick_Controls_Basic_TabBar_qml fileNode\nclass node_venv_lib_python3_12_site-packages_PyQt6_Qt6_qml_QtQuick_Controls_Basic_TabButton_qml fileNode\nclass node_venv_lib_python3_12_site-packages_PyQt6_Qt6_qml_QtQuick_Controls_Basic_TableViewDelegate_qml fileNode\nclass node_venv_lib_python3_12_site-packages_PyQt6_Qt6_qml_QtQuick_Controls_Basic_TextArea_qml fileNode\nclass node_venv_lib_python3_12_site-packages_PyQt6_Qt6_qml_QtQuick_Controls_Basic_TextField_qml fileNode\nclass node_venv_lib_python3_12_site-packages_PyQt6_Qt6_qml_QtQuick_Controls_Basic_ToolBar_qml fileNode\nclass node_venv_lib_python3_12_site-packages_PyQt6_Qt6_qml_QtQuick_Controls_Basic_ToolButton_qml fileNode\nclass node_venv_lib_python3_12_site-packages_PyQt6_Qt6_qml_QtQuick_Controls_Basic_ToolSeparator_qml fileNode\nclass node_venv_lib_python3_12_site-packages_PyQt6_Qt6_qml_QtQuick_Controls_Basic_ToolTip_qml fileNode\nclass node_venv_lib_python3_12_site-packages_PyQt6_Qt6_qml_QtQuick_Controls_Basic_TreeViewDelegate_qml fileNode\nclass node_venv_lib_python3_12_site-packages_PyQt6_Qt6_qml_QtQuick_Controls_Basic_Tumbler_qml fileNode\nclass node_venv_lib_python3_12_site-packages_PyQt6_Qt6_qml_QtQuick_Controls_Basic_VerticalHeaderView_qml fileNode\nclass node_venv_lib_python3_12_site-packages_PyQt6_Qt6_qml_QtQuick_Controls_Basic_VerticalHeaderViewDelegate_qml fileNode\nclass node_venv_lib_python3_12_site-packages_PyQt6_Qt6_qml_QtQuick_Controls_Basic_WeekNumberColumn_qml fileNode\nclass node_venv_lib_python3_12_site-packages_PyQt6_Qt6_qml_QtQuick_Controls_Basic_libqtquickcontrols2basicstyleplugin_dylib fileNode\nclass node_venv_lib_python3_12_site-packages_PyQt6_Qt6_qml_QtQuick_Controls_Basic_plugins_qmltypes fileNode\nclass node_venv_lib_python3_12_site-packages_PyQt6_Qt6_qml_QtQuick_Controls_Basic_qmldir fileNode\nclass node_venv_lib_python3_12_site-packages_PyQt6_Qt6_qml_QtQuick_Controls_Basic_impl_libqtquickcontrols2basicstyleimplplugin_dylib fileNode\nclass node_venv_lib_python3_12_site-packages_PyQt6_Qt6_qml_QtQuick_Controls_Basic_impl_plugins_qmltypes fileNode\nclass node_venv_lib_python3_12_site-packages_PyQt6_Qt6_qml_QtQuick_Controls_Basic_impl_qmldir fileNode\nclass node_venv_lib_python3_12_site-packages_PyQt6_Qt6_qml_QtQuick_Controls_iOS_ApplicationWindow_qml fileNode\nclass node_venv_lib_python3_12_site-packages_PyQt6_Qt6_qml_QtQuick_Controls_iOS_BusyIndicator_qml fileNode\nclass node_venv_lib_python3_12_site-packages_PyQt6_Qt6_qml_QtQuick_Controls_iOS_Button_qml fileNode\nclass node_venv_lib_python3_12_site-packages_PyQt6_Qt6_qml_QtQuick_Controls_iOS_CheckBox_qml fileNode\nclass node_venv_lib_python3_12_site-packages_PyQt6_Qt6_qml_QtQuick_Controls_iOS_CheckDelegate_qml fileNode\nclass node_venv_lib_python3_12_site-packages_PyQt6_Qt6_qml_QtQuick_Controls_iOS_ComboBox_qml fileNode\nclass node_venv_lib_python3_12_site-packages_PyQt6_Qt6_qml_QtQuick_Controls_iOS_DelayButton_qml fileNode\nclass node_venv_lib_python3_12_site-packages_PyQt6_Qt6_qml_QtQuick_Controls_iOS_Dial_qml fileNode\nclass node_venv_lib_python3_12_site-packages_PyQt6_Qt6_qml_QtQuick_Controls_iOS_Dialog_qml fileNode\nclass node_venv_lib_python3_12_site-packages_PyQt6_Qt6_qml_QtQuick_Controls_iOS_DialogButtonBox_qml fileNode\nclass node_venv_lib_python3_12_site-packages_PyQt6_Qt6_qml_QtQuick_Controls_iOS_Drawer_qml fileNode\nclass node_venv_lib_python3_12_site-packages_PyQt6_Qt6_qml_QtQuick_Controls_iOS_Frame_qml fileNode\nclass node_venv_lib_python3_12_site-packages_PyQt6_Qt6_qml_QtQuick_Controls_iOS_GroupBox_qml fileNode\nclass node_venv_lib_python3_12_site-packages_PyQt6_Qt6_qml_QtQuick_Controls_iOS_HorizontalHeaderView_qml fileNode\nclass node_venv_lib_python3_12_site-packages_PyQt6_Qt6_qml_QtQuick_Controls_iOS_HorizontalHeaderViewDelegate_qml fileNode\nclass node_venv_lib_python3_12_site-packages_PyQt6_Qt6_qml_QtQuick_Controls_iOS_ItemDelegate_qml fileNode\nclass node_venv_lib_python3_12_site-packages_PyQt6_Qt6_qml_QtQuick_Controls_iOS_Menu_qml fileNode\nclass node_venv_lib_python3_12_site-packages_PyQt6_Qt6_qml_QtQuick_Controls_iOS_MenuBar_qml fileNode\nclass node_venv_lib_python3_12_site-packages_PyQt6_Qt6_qml_QtQuick_Controls_iOS_MenuBarItem_qml fileNode\nclass node_venv_lib_python3_12_site-packages_PyQt6_Qt6_qml_QtQuick_Controls_iOS_MenuItem_qml fileNode\nclass node_venv_lib_python3_12_site-packages_PyQt6_Qt6_qml_QtQuick_Controls_iOS_MenuSeparator_qml fileNode\nclass node_venv_lib_python3_12_site-packages_PyQt6_Qt6_qml_QtQuick_Controls_iOS_PageIndicator_qml fileNode\nclass node_venv_lib_python3_12_site-packages_PyQt6_Qt6_qml_QtQuick_Controls_iOS_Popup_qml fileNode\nclass node_venv_lib_python3_12_site-packages_PyQt6_Qt6_qml_QtQuick_Controls_iOS_ProgressBar_qml fileNode\nclass node_venv_lib_python3_12_site-packages_PyQt6_Qt6_qml_QtQuick_Controls_iOS_RadioButton_qml fileNode\nclass node_venv_lib_python3_12_site-packages_PyQt6_Qt6_qml_QtQuick_Controls_iOS_RadioDelegate_qml fileNode\nclass node_venv_lib_python3_12_site-packages_PyQt6_Qt6_qml_QtQuick_Controls_iOS_RangeSlider_qml fileNode\nclass node_venv_lib_python3_12_site-packages_PyQt6_Qt6_qml_QtQuick_Controls_iOS_ScrollBar_qml fileNode\nclass node_venv_lib_python3_12_site-packages_PyQt6_Qt6_qml_QtQuick_Controls_iOS_ScrollIndicator_qml fileNode\nclass node_venv_lib_python3_12_site-packages_PyQt6_Qt6_qml_QtQuick_Controls_iOS_SearchField_qml fileNode\nclass node_venv_lib_python3_12_site-packages_PyQt6_Qt6_qml_QtQuick_Controls_iOS_SelectionRectangle_qml fileNode\nclass node_venv_lib_python3_12_site-packages_PyQt6_Qt6_qml_QtQuick_Controls_iOS_Slider_qml fileNode\nclass node_venv_lib_python3_12_site-packages_PyQt6_Qt6_qml_QtQuick_Controls_iOS_SpinBox_qml fileNode\nclass node_venv_lib_python3_12_site-packages_PyQt6_Qt6_qml_QtQuick_Controls_iOS_SplitView_qml fileNode\nclass node_venv_lib_python3_12_site-packages_PyQt6_Qt6_qml_QtQuick_Controls_iOS_StackView_qml fileNode\nclass node_venv_lib_python3_12_site-packages_PyQt6_Qt6_qml_QtQuick_Controls_iOS_SwipeDelegate_qml fileNode\nclass node_venv_lib_python3_12_site-packages_PyQt6_Qt6_qml_QtQuick_Controls_iOS_Switch_qml fileNode\nclass node_venv_lib_python3_12_site-packages_PyQt6_Qt6_qml_QtQuick_Controls_iOS_SwitchDelegate_qml fileNode\nclass node_venv_lib_python3_12_site-packages_PyQt6_Qt6_qml_QtQuick_Controls_iOS_TabBar_qml fileNode\nclass node_venv_lib_python3_12_site-packages_PyQt6_Qt6_qml_QtQuick_Controls_iOS_TabButton_qml fileNode\nclass node_venv_lib_python3_12_site-packages_PyQt6_Qt6_qml_QtQuick_Controls_iOS_TextArea_qml fileNode\nclass node_venv_lib_python3_12_site-packages_PyQt6_Qt6_qml_QtQuick_Controls_iOS_TextField_qml fileNode\nclass node_venv_lib_python3_12_site-packages_PyQt6_Qt6_qml_QtQuick_Controls_iOS_ToolBar_qml fileNode\nclass node_venv_lib_python3_12_site-packages_PyQt6_Qt6_qml_QtQuick_Controls_iOS_ToolButton_qml fileNode\nclass node_venv_lib_python3_12_site-packages_PyQt6_Qt6_qml_QtQuick_Controls_iOS_ToolSeparator_qml fileNode\nclass node_venv_lib_python3_12_site-packages_PyQt6_Qt6_qml_QtQuick_Controls_iOS_ToolTip_qml fileNode\nclass node_venv_lib_python3_12_site-packages_PyQt6_Qt6_qml_QtQuick_Controls_iOS_TreeViewDelegate_qml fileNode\nclass node_venv_lib_python3_12_site-packages_PyQt6_Qt6_qml_QtQuick_Controls_iOS_VerticalHeaderView_qml fileNode\nclass node_venv_lib_python3_12_site-packages_PyQt6_Qt6_qml_QtQuick_Controls_iOS_VerticalHeaderViewDelegate_qml fileNode\nclass node_venv_lib_python3_12_site-packages_PyQt6_Qt6_qml_QtQuick_Controls_iOS_libqtquickcontrols2iosstyleplugin_dylib fileNode\nclass node_venv_lib_python3_12_site-packages_PyQt6_Qt6_qml_QtQuick_Controls_iOS_plugins_qmltypes fileNode\nclass node_venv_lib_python3_12_site-packages_PyQt6_Qt6_qml_QtQuick_Controls_iOS_qmldir fileNode\nclass node_venv_lib_python3_12_site-packages_PyQt6_Qt6_qml_QtQuick_Controls_iOS_impl_CursorDelegate_qml fileNode\nclass node_venv_lib_python3_12_site-packages_PyQt6_Qt6_qml_QtQuick_Controls_iOS_impl_DialogButtonBoxDelegate_qml fileNode\nclass node_venv_lib_python3_12_site-packages_PyQt6_Qt6_qml_QtQuick_Controls_iOS_impl_libqtquickcontrols2iosstyleimplplugin_dylib fileNode\nclass node_venv_lib_python3_12_site-packages_PyQt6_Qt6_qml_QtQuick_Controls_iOS_impl_plugins_qmltypes fileNode\nclass node_venv_lib_python3_12_site-packages_PyQt6_Qt6_qml_QtQuick_Controls_iOS_impl_qmldir fileNode\nclass node_venv_lib_python3_12_site-packages_PyQt6_Qt6_qml_QtQuick_Controls_designer_AbstractButtonSection_qml fileNode\nclass node_venv_lib_python3_12_site-packages_PyQt6_Qt6_qml_QtQuick_Controls_designer_BusyIndicatorSpecifics_qml fileNode\nclass node_venv_lib_python3_12_site-packages_PyQt6_Qt6_qml_QtQuick_Controls_designer_ButtonSection_qml fileNode\nclass node_venv_lib_python3_12_site-packages_PyQt6_Qt6_qml_QtQuick_Controls_designer_ButtonSpecifics_qml fileNode\nclass node_venv_lib_python3_12_site-packages_PyQt6_Qt6_qml_QtQuick_Controls_designer_CheckBoxSpecifics_qml fileNode\nclass node_venv_lib_python3_12_site-packages_PyQt6_Qt6_qml_QtQuick_Controls_designer_CheckDelegateSpecifics_qml fileNode\nclass node_venv_lib_python3_12_site-packages_PyQt6_Qt6_qml_QtQuick_Controls_designer_CheckSection_qml fileNode\nclass node_venv_lib_python3_12_site-packages_PyQt6_Qt6_qml_QtQuick_Controls_designer_ComboBoxSpecifics_qml fileNode\nclass node_venv_lib_python3_12_site-packages_PyQt6_Qt6_qml_QtQuick_Controls_designer_ContainerSection_qml fileNode\nclass node_venv_lib_python3_12_site-packages_PyQt6_Qt6_qml_QtQuick_Controls_designer_ControlSection_qml fileNode\nclass node_venv_lib_python3_12_site-packages_PyQt6_Qt6_qml_QtQuick_Controls_designer_ControlSpecifics_qml fileNode\nclass node_venv_lib_python3_12_site-packages_PyQt6_Qt6_qml_QtQuick_Controls_designer_DelayButtonSpecifics_qml fileNode\nclass node_venv_lib_python3_12_site-packages_PyQt6_Qt6_qml_QtQuick_Controls_designer_DialSpecifics_qml fileNode\nclass node_venv_lib_python3_12_site-packages_PyQt6_Qt6_qml_QtQuick_Controls_designer_FrameSpecifics_qml fileNode\nclass node_venv_lib_python3_12_site-packages_PyQt6_Qt6_qml_QtQuick_Controls_designer_GroupBoxSpecifics_qml fileNode\nclass node_venv_lib_python3_12_site-packages_PyQt6_Qt6_qml_QtQuick_Controls_designer_InsetSection_qml fileNode\nclass node_venv_lib_python3_12_site-packages_PyQt6_Qt6_qml_QtQuick_Controls_designer_ItemDelegateSection_qml fileNode\nclass node_venv_lib_python3_12_site-packages_PyQt6_Qt6_qml_QtQuick_Controls_designer_ItemDelegateSpecifics_qml fileNode\nclass node_venv_lib_python3_12_site-packages_PyQt6_Qt6_qml_QtQuick_Controls_designer_LabelSpecifics_qml fileNode\nclass node_venv_lib_python3_12_site-packages_PyQt6_Qt6_qml_QtQuick_Controls_designer_PaddingSection_qml fileNode\nclass node_venv_lib_python3_12_site-packages_PyQt6_Qt6_qml_QtQuick_Controls_designer_PageIndicatorSpecifics_qml fileNode\nclass node_venv_lib_python3_12_site-packages_PyQt6_Qt6_qml_QtQuick_Controls_designer_PageSpecifics_qml fileNode\nclass node_venv_lib_python3_12_site-packages_PyQt6_Qt6_qml_QtQuick_Controls_designer_PaneSection_qml fileNode\nclass node_venv_lib_python3_12_site-packages_PyQt6_Qt6_qml_QtQuick_Controls_designer_PaneSpecifics_qml fileNode\nclass node_venv_lib_python3_12_site-packages_PyQt6_Qt6_qml_QtQuick_Controls_designer_ProgressBarSpecifics_qml fileNode\nclass node_venv_lib_python3_12_site-packages_PyQt6_Qt6_qml_QtQuick_Controls_designer_RadioButtonSpecifics_qml fileNode\nclass node_venv_lib_python3_12_site-packages_PyQt6_Qt6_qml_QtQuick_Controls_designer_RadioDelegateSpecifics_qml fileNode\nclass node_venv_lib_python3_12_site-packages_PyQt6_Qt6_qml_QtQuick_Controls_designer_RangeSliderSpecifics_qml fileNode\nclass node_venv_lib_python3_12_site-packages_PyQt6_Qt6_qml_QtQuick_Controls_designer_RoundButtonSpecifics_qml fileNode\nclass node_venv_lib_python3_12_site-packages_PyQt6_Qt6_qml_QtQuick_Controls_designer_ScrollViewSpecifics_qml fileNode\nclass node_venv_lib_python3_12_site-packages_PyQt6_Qt6_qml_QtQuick_Controls_designer_SliderSpecifics_qml fileNode\nclass node_venv_lib_python3_12_site-packages_PyQt6_Qt6_qml_QtQuick_Controls_designer_SpinBoxSpecifics_qml fileNode\nclass node_venv_lib_python3_12_site-packages_PyQt6_Qt6_qml_QtQuick_Controls_designer_StackViewSpecifics_qml fileNode\nclass node_venv_lib_python3_12_site-packages_PyQt6_Qt6_qml_QtQuick_Controls_designer_SwipeDelegateSpecifics_qml fileNode\nclass node_venv_lib_python3_12_site-packages_PyQt6_Qt6_qml_QtQuick_Controls_designer_SwipeViewSpecifics_qml fileNode\nclass node_venv_lib_python3_12_site-packages_PyQt6_Qt6_qml_QtQuick_Controls_designer_SwitchDelegateSpecifics_qml fileNode\nclass node_venv_lib_python3_12_site-packages_PyQt6_Qt6_qml_QtQuick_Controls_designer_SwitchSpecifics_qml fileNode\nclass node_venv_lib_python3_12_site-packages_PyQt6_Qt6_qml_QtQuick_Controls_designer_TabBarSpecifics_qml fileNode\nclass node_venv_lib_python3_12_site-packages_PyQt6_Qt6_qml_QtQuick_Controls_designer_TabButtonSpecifics_qml fileNode\nclass node_venv_lib_python3_12_site-packages_PyQt6_Qt6_qml_QtQuick_Controls_designer_TextAreaSpecifics_qml fileNode\nclass node_venv_lib_python3_12_site-packages_PyQt6_Qt6_qml_QtQuick_Controls_designer_TextFieldSpecifics_qml fileNode\nclass node_venv_lib_python3_12_site-packages_PyQt6_Qt6_qml_QtQuick_Controls_designer_ToolBarSpecifics_qml fileNode\nclass node_venv_lib_python3_12_site-packages_PyQt6_Qt6_qml_QtQuick_Controls_designer_ToolButtonSpecifics_qml fileNode\nclass node_venv_lib_python3_12_site-packages_PyQt6_Qt6_qml_QtQuick_Controls_designer_ToolSeparatorSpecifics_qml fileNode\nclass node_venv_lib_python3_12_site-packages_PyQt6_Qt6_qml_QtQuick_Controls_designer_TumblerSpecifics_qml fileNode\nclass node_venv_lib_python3_12_site-packages_PyQt6_Qt6_qml_QtQuick_Controls_designer_qtquickcontrols2_metainfo fileNode\nclass node_venv_lib_python3_12_site-packages_PyQt6_Qt6_qml_QtQuick_Controls_designer_images_busyindicator-icon_png fileNode\nclass node_venv_lib_python3_12_site-packages_PyQt6_Qt6_qml_QtQuick_Controls_designer_images_busyindicator-icon16_png fileNode\nclass node_venv_lib_python3_12_site-packages_PyQt6_Qt6_qml_QtQuick_Controls_designer_images_busyindicator-icon@2x_png fileNode\nclass node_venv_lib_python3_12_site-packages_PyQt6_Qt6_qml_QtQuick_Controls_designer_images_button-icon_png fileNode\nclass node_venv_lib_python3_12_site-packages_PyQt6_Qt6_qml_QtQuick_Controls_designer_images_button-icon16_png fileNode\nclass node_venv_lib_python3_12_site-packages_PyQt6_Qt6_qml_QtQuick_Controls_designer_images_button-icon@2x_png fileNode\nclass node_venv_lib_python3_12_site-packages_PyQt6_Qt6_qml_QtQuick_Controls_designer_images_checkbox-icon_png fileNode\nclass node_venv_lib_python3_12_site-packages_PyQt6_Qt6_qml_QtQuick_Controls_designer_images_checkbox-icon16_png fileNode\nclass node_venv_lib_python3_12_site-packages_PyQt6_Qt6_qml_QtQuick_Controls_designer_images_checkbox-icon@2x_png fileNode\nclass node_venv_lib_python3_12_site-packages_PyQt6_Qt6_qml_QtQuick_Controls_designer_images_combobox-icon_png fileNode\nclass node_venv_lib_python3_12_site-packages_PyQt6_Qt6_qml_QtQuick_Controls_designer_images_combobox-icon16_png fileNode\nclass node_venv_lib_python3_12_site-packages_PyQt6_Qt6_qml_QtQuick_Controls_designer_images_combobox-icon@2x_png fileNode\nclass node_venv_lib_python3_12_site-packages_PyQt6_Qt6_qml_QtQuick_Controls_designer_images_control-icon_png fileNode\nclass node_venv_lib_python3_12_site-packages_PyQt6_Qt6_qml_QtQuick_Controls_designer_images_control-icon16_png fileNode\nclass node_venv_lib_python3_12_site-packages_PyQt6_Qt6_qml_QtQuick_Controls_designer_images_control-icon@2x_png fileNode\nclass node_venv_lib_python3_12_site-packages_PyQt6_Qt6_qml_QtQuick_Controls_designer_images_delaybutton-icon_png fileNode\nclass node_venv_lib_python3_12_site-packages_PyQt6_Qt6_qml_QtQuick_Controls_designer_images_delaybutton-icon16_png fileNode\nclass node_venv_lib_python3_12_site-packages_PyQt6_Qt6_qml_QtQuick_Controls_designer_images_delaybutton-icon@2x_png fileNode\nclass node_venv_lib_python3_12_site-packages_PyQt6_Qt6_qml_QtQuick_Controls_designer_images_dial-icon_png fileNode\nclass node_venv_lib_python3_12_site-packages_PyQt6_Qt6_qml_QtQuick_Controls_designer_images_dial-icon16_png fileNode\nclass node_venv_lib_python3_12_site-packages_PyQt6_Qt6_qml_QtQuick_Controls_designer_images_dial-icon@2x_png fileNode\nclass node_venv_lib_python3_12_site-packages_PyQt6_Qt6_qml_QtQuick_Controls_designer_images_frame-icon_png fileNode\nclass node_venv_lib_python3_12_site-packages_PyQt6_Qt6_qml_QtQuick_Controls_designer_images_frame-icon16_png fileNode\nclass node_venv_lib_python3_12_site-packages_PyQt6_Qt6_qml_QtQuick_Controls_designer_images_frame-icon@2x_png fileNode\nclass node_venv_lib_python3_12_site-packages_PyQt6_Qt6_qml_QtQuick_Controls_designer_images_groupbox-icon_png fileNode\nclass node_venv_lib_python3_12_site-packages_PyQt6_Qt6_qml_QtQuick_Controls_designer_images_groupbox-icon16_png fileNode\nclass node_venv_lib_python3_12_site-packages_PyQt6_Qt6_qml_QtQuick_Controls_designer_images_groupbox-icon@2x_png fileNode\nclass node_venv_lib_python3_12_site-packages_PyQt6_Qt6_qml_QtQuick_Controls_designer_images_itemdelegate-icon_png fileNode\nclass node_venv_lib_python3_12_site-packages_PyQt6_Qt6_qml_QtQuick_Controls_designer_images_itemdelegate-icon16_png fileNode\nclass node_venv_lib_python3_12_site-packages_PyQt6_Qt6_qml_QtQuick_Controls_designer_images_itemdelegate-icon@2x_png fileNode\nclass node_venv_lib_python3_12_site-packages_PyQt6_Qt6_qml_QtQuick_Controls_designer_images_label-icon_png fileNode\nclass node_venv_lib_python3_12_site-packages_PyQt6_Qt6_qml_QtQuick_Controls_designer_images_label-icon16_png fileNode\nclass node_venv_lib_python3_12_site-packages_PyQt6_Qt6_qml_QtQuick_Controls_designer_images_label-icon@2x_png fileNode\nclass node_venv_lib_python3_12_site-packages_PyQt6_Qt6_qml_QtQuick_Controls_designer_images_page-icon_png fileNode\nclass node_venv_lib_python3_12_site-packages_PyQt6_Qt6_qml_QtQuick_Controls_designer_images_page-icon16_png fileNode\nclass node_venv_lib_python3_12_site-packages_PyQt6_Qt6_qml_QtQuick_Controls_designer_images_page-icon@2x_png fileNode\nclass node_venv_lib_python3_12_site-packages_PyQt6_Qt6_qml_QtQuick_Controls_designer_images_pageindicator-icon_png fileNode\nclass node_venv_lib_python3_12_site-packages_PyQt6_Qt6_qml_QtQuick_Controls_designer_images_pageindicator-icon16_png fileNode\nclass node_venv_lib_python3_12_site-packages_PyQt6_Qt6_qml_QtQuick_Controls_designer_images_pageindicator-icon@2x_png fileNode\nclass node_venv_lib_python3_12_site-packages_PyQt6_Qt6_qml_QtQuick_Controls_designer_images_pane-icon_png fileNode\nclass node_venv_lib_python3_12_site-packages_PyQt6_Qt6_qml_QtQuick_Controls_designer_images_pane-icon16_png fileNode\nclass node_venv_lib_python3_12_site-packages_PyQt6_Qt6_qml_QtQuick_Controls_designer_images_pane-icon@2x_png fileNode\nclass node_venv_lib_python3_12_site-packages_PyQt6_Qt6_qml_QtQuick_Controls_designer_images_progressbar-icon_png fileNode\nclass node_venv_lib_python3_12_site-packages_PyQt6_Qt6_qml_QtQuick_Controls_designer_images_progressbar-icon16_png fileNode\nclass node_venv_lib_python3_12_site-packages_PyQt6_Qt6_qml_QtQuick_Controls_designer_images_progressbar-icon@2x_png fileNode\nclass node_venv_lib_python3_12_site-packages_PyQt6_Qt6_qml_QtQuick_Controls_designer_images_radiobutton-icon_png fileNode\nclass node_venv_lib_python3_12_site-packages_PyQt6_Qt6_qml_QtQuick_Controls_designer_images_radiobutton-icon16_png fileNode\nclass node_venv_lib_python3_12_site-packages_PyQt6_Qt6_qml_QtQuick_Controls_designer_images_radiobutton-icon@2x_png fileNode\nclass node_venv_lib_python3_12_site-packages_PyQt6_Qt6_qml_QtQuick_Controls_designer_images_rangeslider-icon_png fileNode\nclass node_venv_lib_python3_12_site-packages_PyQt6_Qt6_qml_QtQuick_Controls_designer_images_rangeslider-icon16_png fileNode\nclass node_venv_lib_python3_12_site-packages_PyQt6_Qt6_qml_QtQuick_Controls_designer_images_rangeslider-icon@2x_png fileNode\nclass node_venv_lib_python3_12_site-packages_PyQt6_Qt6_qml_QtQuick_Controls_designer_images_roundbutton-icon_png fileNode\nclass node_venv_lib_python3_12_site-packages_PyQt6_Qt6_qml_QtQuick_Controls_designer_images_roundbutton-icon16_png fileNode\nclass node_venv_lib_python3_12_site-packages_PyQt6_Qt6_qml_QtQuick_Controls_designer_images_roundbutton-icon@2x_png fileNode\nclass node_venv_lib_python3_12_site-packages_PyQt6_Qt6_qml_QtQuick_Controls_designer_images_scrollview-icon_png fileNode\nclass node_venv_lib_python3_12_site-packages_PyQt6_Qt6_qml_QtQuick_Controls_designer_images_scrollview-icon16_png fileNode\nclass node_venv_lib_python3_12_site-packages_PyQt6_Qt6_qml_QtQuick_Controls_designer_images_scrollview-icon@2x_png fileNode\nclass node_venv_lib_python3_12_site-packages_PyQt6_Qt6_qml_QtQuick_Controls_designer_images_slider-icon_png fileNode\nclass node_venv_lib_python3_12_site-packages_PyQt6_Qt6_qml_QtQuick_Controls_designer_images_slider-icon16_png fileNode\nclass node_venv_lib_python3_12_site-packages_PyQt6_Qt6_qml_QtQuick_Controls_designer_images_slider-icon@2x_png fileNode\nclass node_venv_lib_python3_12_site-packages_PyQt6_Qt6_qml_QtQuick_Controls_designer_images_spinbox-icon_png fileNode\nclass node_venv_lib_python3_12_site-packages_PyQt6_Qt6_qml_QtQuick_Controls_designer_images_spinbox-icon16_png fileNode\nclass node_venv_lib_python3_12_site-packages_PyQt6_Qt6_qml_QtQuick_Controls_designer_images_spinbox-icon@2x_png fileNode\nclass node_venv_lib_python3_12_site-packages_PyQt6_Qt6_qml_QtQuick_Controls_designer_images_stackview-icon_png fileNode\nclass node_venv_lib_python3_12_site-packages_PyQt6_Qt6_qml_QtQuick_Controls_designer_images_stackview-icon16_png fileNode\nclass node_venv_lib_python3_12_site-packages_PyQt6_Qt6_qml_QtQuick_Controls_designer_images_stackview-icon@2x_png fileNode\nclass node_venv_lib_python3_12_site-packages_PyQt6_Qt6_qml_QtQuick_Controls_designer_images_swipeview-icon_png fileNode\nclass node_venv_lib_python3_12_site-packages_PyQt6_Qt6_qml_QtQuick_Controls_designer_images_swipeview-icon16_png fileNode\nclass node_venv_lib_python3_12_site-packages_PyQt6_Qt6_qml_QtQuick_Controls_designer_images_swipeview-icon@2x_png fileNode\nclass node_venv_lib_python3_12_site-packages_PyQt6_Qt6_qml_QtQuick_Controls_designer_images_switch-icon_png fileNode\nclass node_venv_lib_python3_12_site-packages_PyQt6_Qt6_qml_QtQuick_Controls_designer_images_switch-icon16_png fileNode\nclass node_venv_lib_python3_12_site-packages_PyQt6_Qt6_qml_QtQuick_Controls_designer_images_switch-icon@2x_png fileNode\nclass node_venv_lib_python3_12_site-packages_PyQt6_Qt6_qml_QtQuick_Controls_designer_images_textarea-icon_png fileNode\nclass node_venv_lib_python3_12_site-packages_PyQt6_Qt6_qml_QtQuick_Controls_designer_images_textarea-icon16_png fileNode\nclass node_venv_lib_python3_12_site-packages_PyQt6_Qt6_qml_QtQuick_Controls_designer_images_textarea-icon@2x_png fileNode\nclass node_venv_lib_python3_12_site-packages_PyQt6_Qt6_qml_QtQuick_Controls_designer_images_textfield-icon_png fileNode\nclass node_venv_lib_python3_12_site-packages_PyQt6_Qt6_qml_QtQuick_Controls_designer_images_textfield-icon16_png fileNode\nclass node_venv_lib_python3_12_site-packages_PyQt6_Qt6_qml_QtQuick_Controls_designer_images_textfield-icon@2x_png fileNode\nclass node_venv_lib_python3_12_site-packages_PyQt6_Qt6_qml_QtQuick_Controls_designer_images_toolbar-icon_png fileNode\nclass node_venv_lib_python3_12_site-packages_PyQt6_Qt6_qml_QtQuick_Controls_designer_images_toolbar-icon16_png fileNode\nclass node_venv_lib_python3_12_site-packages_PyQt6_Qt6_qml_QtQuick_Controls_designer_images_toolbar-icon@2x_png fileNode\nclass node_venv_lib_python3_12_site-packages_PyQt6_Qt6_qml_QtQuick_Controls_designer_images_toolbutton-icon_png fileNode\nclass node_venv_lib_python3_12_site-packages_PyQt6_Qt6_qml_QtQuick_Controls_designer_images_toolbutton-icon16_png fileNode\nclass node_venv_lib_python3_12_site-packages_PyQt6_Qt6_qml_QtQuick_Controls_designer_images_toolbutton-icon@2x_png fileNode\nclass node_venv_lib_python3_12_site-packages_PyQt6_Qt6_qml_QtQuick_Controls_designer_images_toolseparator-icon_png fileNode\nclass node_venv_lib_python3_12_site-packages_PyQt6_Qt6_qml_QtQuick_Controls_designer_images_toolseparator-icon16_png fileNode\nclass node_venv_lib_python3_12_site-packages_PyQt6_Qt6_qml_QtQuick_Controls_designer_images_toolseparator-icon@2x_png fileNode\nclass node_venv_lib_python3_12_site-packages_PyQt6_Qt6_qml_QtQuick_Controls_designer_images_tumbler-icon_png fileNode\nclass node_venv_lib_python3_12_site-packages_PyQt6_Qt6_qml_QtQuick_Controls_designer_images_tumbler-icon16_png fileNode\nclass node_venv_lib_python3_12_site-packages_PyQt6_Qt6_qml_QtQuick_Controls_designer_images_tumbler-icon@2x_png fileNode\nclass node_venv_lib_python3_12_site-packages_PyQt6_Qt6_qml_QtQuick_Controls_Material_ApplicationWindow_qml fileNode\nclass node_venv_lib_python3_12_site-packages_PyQt6_Qt6_qml_QtQuick_Controls_Material_BusyIndicator_qml fileNode\nclass node_venv_lib_python3_12_site-packages_PyQt6_Qt6_qml_QtQuick_Controls_Material_Button_qml fileNode\nclass node_venv_lib_python3_12_site-packages_PyQt6_Qt6_qml_QtQuick_Controls_Material_CheckBox_qml fileNode\nclass node_venv_lib_python3_12_site-packages_PyQt6_Qt6_qml_QtQuick_Controls_Material_CheckDelegate_qml fileNode\nclass node_venv_lib_python3_12_site-packages_PyQt6_Qt6_qml_QtQuick_Controls_Material_ComboBox_qml fileNode\nclass node_venv_lib_python3_12_site-packages_PyQt6_Qt6_qml_QtQuick_Controls_Material_DelayButton_qml fileNode\nclass node_venv_lib_python3_12_site-packages_PyQt6_Qt6_qml_QtQuick_Controls_Material_Dial_qml fileNode\nclass node_venv_lib_python3_12_site-packages_PyQt6_Qt6_qml_QtQuick_Controls_Material_Dialog_qml fileNode\nclass node_venv_lib_python3_12_site-packages_PyQt6_Qt6_qml_QtQuick_Controls_Material_DialogButtonBox_qml fileNode\nclass node_venv_lib_python3_12_site-packages_PyQt6_Qt6_qml_QtQuick_Controls_Material_Drawer_qml fileNode\nclass node_venv_lib_python3_12_site-packages_PyQt6_Qt6_qml_QtQuick_Controls_Material_Frame_qml fileNode\nclass node_venv_lib_python3_12_site-packages_PyQt6_Qt6_qml_QtQuick_Controls_Material_GroupBox_qml fileNode\nclass node_venv_lib_python3_12_site-packages_PyQt6_Qt6_qml_QtQuick_Controls_Material_HorizontalHeaderView_qml fileNode\nclass node_venv_lib_python3_12_site-packages_PyQt6_Qt6_qml_QtQuick_Controls_Material_HorizontalHeaderViewDelegate_qml fileNode\nclass node_venv_lib_python3_12_site-packages_PyQt6_Qt6_qml_QtQuick_Controls_Material_ItemDelegate_qml fileNode\nclass node_venv_lib_python3_12_site-packages_PyQt6_Qt6_qml_QtQuick_Controls_Material_Label_qml fileNode\nclass node_venv_lib_python3_12_site-packages_PyQt6_Qt6_qml_QtQuick_Controls_Material_Menu_qml fileNode\nclass node_venv_lib_python3_12_site-packages_PyQt6_Qt6_qml_QtQuick_Controls_Material_MenuBar_qml fileNode\nclass node_venv_lib_python3_12_site-packages_PyQt6_Qt6_qml_QtQuick_Controls_Material_MenuBarItem_qml fileNode\nclass node_venv_lib_python3_12_site-packages_PyQt6_Qt6_qml_QtQuick_Controls_Material_MenuItem_qml fileNode\nclass node_venv_lib_python3_12_site-packages_PyQt6_Qt6_qml_QtQuick_Controls_Material_MenuSeparator_qml fileNode\nclass node_venv_lib_python3_12_site-packages_PyQt6_Qt6_qml_QtQuick_Controls_Material_Page_qml fileNode\nclass node_venv_lib_python3_12_site-packages_PyQt6_Qt6_qml_QtQuick_Controls_Material_PageIndicator_qml fileNode\nclass node_venv_lib_python3_12_site-packages_PyQt6_Qt6_qml_QtQuick_Controls_Material_Pane_qml fileNode\nclass node_venv_lib_python3_12_site-packages_PyQt6_Qt6_qml_QtQuick_Controls_Material_Popup_qml fileNode\nclass node_venv_lib_python3_12_site-packages_PyQt6_Qt6_qml_QtQuick_Controls_Material_ProgressBar_qml fileNode\nclass node_venv_lib_python3_12_site-packages_PyQt6_Qt6_qml_QtQuick_Controls_Material_RadioButton_qml fileNode\nclass node_venv_lib_python3_12_site-packages_PyQt6_Qt6_qml_QtQuick_Controls_Material_RadioDelegate_qml fileNode\nclass node_venv_lib_python3_12_site-packages_PyQt6_Qt6_qml_QtQuick_Controls_Material_RangeSlider_qml fileNode\nclass node_venv_lib_python3_12_site-packages_PyQt6_Qt6_qml_QtQuick_Controls_Material_RoundButton_qml fileNode\nclass node_venv_lib_python3_12_site-packages_PyQt6_Qt6_qml_QtQuick_Controls_Material_ScrollBar_qml fileNode\nclass node_venv_lib_python3_12_site-packages_PyQt6_Qt6_qml_QtQuick_Controls_Material_ScrollIndicator_qml fileNode\nclass node_venv_lib_python3_12_site-packages_PyQt6_Qt6_qml_QtQuick_Controls_Material_ScrollView_qml fileNode\nclass node_venv_lib_python3_12_site-packages_PyQt6_Qt6_qml_QtQuick_Controls_Material_SearchField_qml fileNode\nclass node_venv_lib_python3_12_site-packages_PyQt6_Qt6_qml_QtQuick_Controls_Material_SelectionRectangle_qml fileNode\nclass node_venv_lib_python3_12_site-packages_PyQt6_Qt6_qml_QtQuick_Controls_Material_Slider_qml fileNode\nclass node_venv_lib_python3_12_site-packages_PyQt6_Qt6_qml_QtQuick_Controls_Material_SpinBox_qml fileNode\nclass node_venv_lib_python3_12_site-packages_PyQt6_Qt6_qml_QtQuick_Controls_Material_SplitView_qml fileNode\nclass node_venv_lib_python3_12_site-packages_PyQt6_Qt6_qml_QtQuick_Controls_Material_StackView_qml fileNode\nclass node_venv_lib_python3_12_site-packages_PyQt6_Qt6_qml_QtQuick_Controls_Material_SwipeDelegate_qml fileNode\nclass node_venv_lib_python3_12_site-packages_PyQt6_Qt6_qml_QtQuick_Controls_Material_SwipeView_qml fileNode\nclass node_venv_lib_python3_12_site-packages_PyQt6_Qt6_qml_QtQuick_Controls_Material_Switch_qml fileNode\nclass node_venv_lib_python3_12_site-packages_PyQt6_Qt6_qml_QtQuick_Controls_Material_SwitchDelegate_qml fileNode\nclass node_venv_lib_python3_12_site-packages_PyQt6_Qt6_qml_QtQuick_Controls_Material_TabBar_qml fileNode\nclass node_venv_lib_python3_12_site-packages_PyQt6_Qt6_qml_QtQuick_Controls_Material_TabButton_qml fileNode\nclass node_venv_lib_python3_12_site-packages_PyQt6_Qt6_qml_QtQuick_Controls_Material_TextArea_qml fileNode\nclass node_venv_lib_python3_12_site-packages_PyQt6_Qt6_qml_QtQuick_Controls_Material_TextField_qml fileNode\nclass node_venv_lib_python3_12_site-packages_PyQt6_Qt6_qml_QtQuick_Controls_Material_ToolBar_qml fileNode\nclass node_venv_lib_python3_12_site-packages_PyQt6_Qt6_qml_QtQuick_Controls_Material_ToolButton_qml fileNode\nclass node_venv_lib_python3_12_site-packages_PyQt6_Qt6_qml_QtQuick_Controls_Material_ToolSeparator_qml fileNode\nclass node_venv_lib_python3_12_site-packages_PyQt6_Qt6_qml_QtQuick_Controls_Material_ToolTip_qml fileNode\nclass node_venv_lib_python3_12_site-packages_PyQt6_Qt6_qml_QtQuick_Controls_Material_TreeViewDelegate_qml fileNode\nclass node_venv_lib_python3_12_site-packages_PyQt6_Qt6_qml_QtQuick_Controls_Material_Tumbler_qml fileNode\nclass node_venv_lib_python3_12_site-packages_PyQt6_Qt6_qml_QtQuick_Controls_Material_VerticalHeaderView_qml fileNode\nclass node_venv_lib_python3_12_site-packages_PyQt6_Qt6_qml_QtQuick_Controls_Material_VerticalHeaderViewDelegate_qml fileNode\nclass node_venv_lib_python3_12_site-packages_PyQt6_Qt6_qml_QtQuick_Controls_Material_libqtquickcontrols2materialstyleplugin_dylib fileNode\nclass node_venv_lib_python3_12_site-packages_PyQt6_Qt6_qml_QtQuick_Controls_Material_plugins_qmltypes fileNode\nclass node_venv_lib_python3_12_site-packages_PyQt6_Qt6_qml_QtQuick_Controls_Material_qmldir fileNode\nclass node_venv_lib_python3_12_site-packages_PyQt6_Qt6_qml_QtQuick_Controls_Material_impl_BoxShadow_qml fileNode\nclass node_venv_lib_python3_12_site-packages_PyQt6_Qt6_qml_QtQuick_Controls_Material_impl_CheckIndicator_qml fileNode\nclass node_venv_lib_python3_12_site-packages_PyQt6_Qt6_qml_QtQuick_Controls_Material_impl_CursorDelegate_qml fileNode\nclass node_venv_lib_python3_12_site-packages_PyQt6_Qt6_qml_QtQuick_Controls_Material_impl_ElevationEffect_qml fileNode\nclass node_venv_lib_python3_12_site-packages_PyQt6_Qt6_qml_QtQuick_Controls_Material_impl_RadioIndicator_qml fileNode\nclass node_venv_lib_python3_12_site-packages_PyQt6_Qt6_qml_QtQuick_Controls_Material_impl_RectangularGlow_qml fileNode\nclass node_venv_lib_python3_12_site-packages_PyQt6_Qt6_qml_QtQuick_Controls_Material_impl_RoundedElevationEffect_qml fileNode\nclass node_venv_lib_python3_12_site-packages_PyQt6_Qt6_qml_QtQuick_Controls_Material_impl_SliderHandle_qml fileNode\nclass node_venv_lib_python3_12_site-packages_PyQt6_Qt6_qml_QtQuick_Controls_Material_impl_SwitchIndicator_qml fileNode\nclass node_venv_lib_python3_12_site-packages_PyQt6_Qt6_qml_QtQuick_Controls_Material_impl_libqtquickcontrols2materialstyleimplplugin_dylib fileNode\nclass node_venv_lib_python3_12_site-packages_PyQt6_Qt6_qml_QtQuick_Controls_Material_impl_plugins_qmltypes fileNode\nclass node_venv_lib_python3_12_site-packages_PyQt6_Qt6_qml_QtQuick_Controls_Material_impl_qmldir fileNode\nclass node_venv_lib_python3_12_site-packages_PyQt6_Qt6_qml_QtQuick_Controls_Imagine_ApplicationWindow_qml fileNode\nclass node_venv_lib_python3_12_site-packages_PyQt6_Qt6_qml_QtQuick_Controls_Imagine_BusyIndicator_qml fileNode\nclass node_venv_lib_python3_12_site-packages_PyQt6_Qt6_qml_QtQuick_Controls_Imagine_Button_qml fileNode\nclass node_venv_lib_python3_12_site-packages_PyQt6_Qt6_qml_QtQuick_Controls_Imagine_CheckBox_qml fileNode\nclass node_venv_lib_python3_12_site-packages_PyQt6_Qt6_qml_QtQuick_Controls_Imagine_CheckDelegate_qml fileNode\nclass node_venv_lib_python3_12_site-packages_PyQt6_Qt6_qml_QtQuick_Controls_Imagine_ComboBox_qml fileNode\nclass node_venv_lib_python3_12_site-packages_PyQt6_Qt6_qml_QtQuick_Controls_Imagine_DelayButton_qml fileNode\nclass node_venv_lib_python3_12_site-packages_PyQt6_Qt6_qml_QtQuick_Controls_Imagine_Dial_qml fileNode\nclass node_venv_lib_python3_12_site-packages_PyQt6_Qt6_qml_QtQuick_Controls_Imagine_Dialog_qml fileNode\nclass node_venv_lib_python3_12_site-packages_PyQt6_Qt6_qml_QtQuick_Controls_Imagine_DialogButtonBox_qml fileNode\nclass node_venv_lib_python3_12_site-packages_PyQt6_Qt6_qml_QtQuick_Controls_Imagine_Drawer_qml fileNode\nclass node_venv_lib_python3_12_site-packages_PyQt6_Qt6_qml_QtQuick_Controls_Imagine_Frame_qml fileNode\nclass node_venv_lib_python3_12_site-packages_PyQt6_Qt6_qml_QtQuick_Controls_Imagine_GroupBox_qml fileNode\nclass node_venv_lib_python3_12_site-packages_PyQt6_Qt6_qml_QtQuick_Controls_Imagine_HorizontalHeaderView_qml fileNode\nclass node_venv_lib_python3_12_site-packages_PyQt6_Qt6_qml_QtQuick_Controls_Imagine_HorizontalHeaderViewDelegate_qml fileNode\nclass node_venv_lib_python3_12_site-packages_PyQt6_Qt6_qml_QtQuick_Controls_Imagine_ItemDelegate_qml fileNode\nclass node_venv_lib_python3_12_site-packages_PyQt6_Qt6_qml_QtQuick_Controls_Imagine_Label_qml fileNode\nclass node_venv_lib_python3_12_site-packages_PyQt6_Qt6_qml_QtQuick_Controls_Imagine_Menu_qml fileNode\nclass node_venv_lib_python3_12_site-packages_PyQt6_Qt6_qml_QtQuick_Controls_Imagine_MenuItem_qml fileNode\nclass node_venv_lib_python3_12_site-packages_PyQt6_Qt6_qml_QtQuick_Controls_Imagine_MenuSeparator_qml fileNode\nclass node_venv_lib_python3_12_site-packages_PyQt6_Qt6_qml_QtQuick_Controls_Imagine_Page_qml fileNode\nclass node_venv_lib_python3_12_site-packages_PyQt6_Qt6_qml_QtQuick_Controls_Imagine_PageIndicator_qml fileNode\nclass node_venv_lib_python3_12_site-packages_PyQt6_Qt6_qml_QtQuick_Controls_Imagine_Pane_qml fileNode\nclass node_venv_lib_python3_12_site-packages_PyQt6_Qt6_qml_QtQuick_Controls_Imagine_Popup_qml fileNode\nclass node_venv_lib_python3_12_site-packages_PyQt6_Qt6_qml_QtQuick_Controls_Imagine_ProgressBar_qml fileNode\nclass node_venv_lib_python3_12_site-packages_PyQt6_Qt6_qml_QtQuick_Controls_Imagine_RadioButton_qml fileNode\nclass node_venv_lib_python3_12_site-packages_PyQt6_Qt6_qml_QtQuick_Controls_Imagine_RadioDelegate_qml fileNode\nclass node_venv_lib_python3_12_site-packages_PyQt6_Qt6_qml_QtQuick_Controls_Imagine_RangeSlider_qml fileNode\nclass node_venv_lib_python3_12_site-packages_PyQt6_Qt6_qml_QtQuick_Controls_Imagine_RoundButton_qml fileNode\nclass node_venv_lib_python3_12_site-packages_PyQt6_Qt6_qml_QtQuick_Controls_Imagine_ScrollBar_qml fileNode\nclass node_venv_lib_python3_12_site-packages_PyQt6_Qt6_qml_QtQuick_Controls_Imagine_ScrollIndicator_qml fileNode\nclass node_venv_lib_python3_12_site-packages_PyQt6_Qt6_qml_QtQuick_Controls_Imagine_ScrollView_qml fileNode\nclass node_venv_lib_python3_12_site-packages_PyQt6_Qt6_qml_QtQuick_Controls_Imagine_SearchField_qml fileNode\nclass node_venv_lib_python3_12_site-packages_PyQt6_Qt6_qml_QtQuick_Controls_Imagine_SelectionRectangle_qml fileNode\nclass node_venv_lib_python3_12_site-packages_PyQt6_Qt6_qml_QtQuick_Controls_Imagine_Slider_qml fileNode\nclass node_venv_lib_python3_12_site-packages_PyQt6_Qt6_qml_QtQuick_Controls_Imagine_SpinBox_qml fileNode\nclass node_venv_lib_python3_12_site-packages_PyQt6_Qt6_qml_QtQuick_Controls_Imagine_SplitView_qml fileNode\nclass node_venv_lib_python3_12_site-packages_PyQt6_Qt6_qml_QtQuick_Controls_Imagine_StackView_qml fileNode\nclass node_venv_lib_python3_12_site-packages_PyQt6_Qt6_qml_QtQuick_Controls_Imagine_SwipeDelegate_qml fileNode\nclass node_venv_lib_python3_12_site-packages_PyQt6_Qt6_qml_QtQuick_Controls_Imagine_SwipeView_qml fileNode\nclass node_venv_lib_python3_12_site-packages_PyQt6_Qt6_qml_QtQuick_Controls_Imagine_Switch_qml fileNode\nclass node_venv_lib_python3_12_site-packages_PyQt6_Qt6_qml_QtQuick_Controls_Imagine_SwitchDelegate_qml fileNode\nclass node_venv_lib_python3_12_site-packages_PyQt6_Qt6_qml_QtQuick_Controls_Imagine_TabBar_qml fileNode\nclass node_venv_lib_python3_12_site-packages_PyQt6_Qt6_qml_QtQuick_Controls_Imagine_TabButton_qml fileNode\nclass node_venv_lib_python3_12_site-packages_PyQt6_Qt6_qml_QtQuick_Controls_Imagine_TextArea_qml fileNode\nclass node_venv_lib_python3_12_site-packages_PyQt6_Qt6_qml_QtQuick_Controls_Imagine_TextField_qml fileNode\nclass node_venv_lib_python3_12_site-packages_PyQt6_Qt6_qml_QtQuick_Controls_Imagine_ToolBar_qml fileNode\nclass node_venv_lib_python3_12_site-packages_PyQt6_Qt6_qml_QtQuick_Controls_Imagine_ToolButton_qml fileNode\nclass node_venv_lib_python3_12_site-packages_PyQt6_Qt6_qml_QtQuick_Controls_Imagine_ToolSeparator_qml fileNode\nclass node_venv_lib_python3_12_site-packages_PyQt6_Qt6_qml_QtQuick_Controls_Imagine_ToolTip_qml fileNode\nclass node_venv_lib_python3_12_site-packages_PyQt6_Qt6_qml_QtQuick_Controls_Imagine_Tumbler_qml fileNode\nclass node_venv_lib_python3_12_site-packages_PyQt6_Qt6_qml_QtQuick_Controls_Imagine_VerticalHeaderView_qml fileNode\nclass node_venv_lib_python3_12_site-packages_PyQt6_Qt6_qml_QtQuick_Controls_Imagine_VerticalHeaderViewDelegate_qml fileNode\nclass node_venv_lib_python3_12_site-packages_PyQt6_Qt6_qml_QtQuick_Controls_Imagine_libqtquickcontrols2imaginestyleplugin_dylib fileNode\nclass node_venv_lib_python3_12_site-packages_PyQt6_Qt6_qml_QtQuick_Controls_Imagine_plugins_qmltypes fileNode\nclass node_venv_lib_python3_12_site-packages_PyQt6_Qt6_qml_QtQuick_Controls_Imagine_qmldir fileNode\nclass node_venv_lib_python3_12_site-packages_PyQt6_Qt6_qml_QtQuick_Controls_Imagine_impl_OpacityMask_qml fileNode\nclass node_venv_lib_python3_12_site-packages_PyQt6_Qt6_qml_QtQuick_Controls_Imagine_impl_QuickControls2ImagineStyleImpl_qmltypes fileNode\nclass node_venv_lib_python3_12_site-packages_PyQt6_Qt6_qml_QtQuick_Controls_Imagine_impl_libqtquickcontrols2imaginestyleimplplugin_dylib fileNode\nclass node_venv_lib_python3_12_site-packages_PyQt6_Qt6_qml_QtQuick_Controls_Imagine_impl_qmldir fileNode\nclass node_venv_lib_python3_12_site-packages_PyQt6_Qt6_qml_QtQuick_Layouts_libqquicklayoutsplugin_dylib fileNode\nclass node_venv_lib_python3_12_site-packages_PyQt6_Qt6_qml_QtQuick_Layouts_plugins_qmltypes fileNode\nclass node_venv_lib_python3_12_site-packages_PyQt6_Qt6_qml_QtQuick_Layouts_qmldir fileNode\nclass node_venv_lib_python3_12_site-packages_PyQt6_Qt6_qml_QtQuick_Window_libquickwindowplugin_dylib fileNode\nclass node_venv_lib_python3_12_site-packages_PyQt6_Qt6_qml_QtQuick_Window_qmldir fileNode\nclass node_venv_lib_python3_12_site-packages_PyQt6_Qt6_qml_QtQuick_Window_quickwindow_qmltypes fileNode\nclass node_venv_lib_python3_12_site-packages_PyQt6_Qt6_qml_QtQuick_LocalStorage_libqmllocalstorageplugin_dylib fileNode\nclass node_venv_lib_python3_12_site-packages_PyQt6_Qt6_qml_QtQuick_LocalStorage_plugins_qmltypes fileNode\nclass node_venv_lib_python3_12_site-packages_PyQt6_Qt6_qml_QtQuick_LocalStorage_qmldir fileNode\nclass node_venv_lib_python3_12_site-packages_PyQt6_Qt6_qml_QtQuick_Templates_libqtquicktemplates2plugin_dylib fileNode\nclass node_venv_lib_python3_12_site-packages_PyQt6_Qt6_qml_QtQuick_Templates_plugins_qmltypes fileNode\nclass node_venv_lib_python3_12_site-packages_PyQt6_Qt6_qml_QtQuick_Templates_qmldir fileNode\nclass node_venv_lib_python3_12_site-packages_PyQt6_Qt6_qml_QtQuick_Dialogs_libqtquickdialogsplugin_dylib fileNode\nclass node_venv_lib_python3_12_site-packages_PyQt6_Qt6_qml_QtQuick_Dialogs_plugins_qmltypes fileNode\nclass node_venv_lib_python3_12_site-packages_PyQt6_Qt6_qml_QtQuick_Dialogs_qmldir fileNode\nclass node_venv_lib_python3_12_site-packages_PyQt6_Qt6_qml_QtQuick_Dialogs_quickimpl_libqtquickdialogs2quickimplplugin_dylib fileNode\nclass node_venv_lib_python3_12_site-packages_PyQt6_Qt6_qml_QtQuick_Dialogs_quickimpl_plugins_qmltypes fileNode\nclass node_venv_lib_python3_12_site-packages_PyQt6_Qt6_qml_QtQuick_Dialogs_quickimpl_qmldir fileNode\nclass node_venv_lib_python3_12_site-packages_PyQt6_Qt6_qml_QtQuick_Dialogs_quickimpl_qml_ColorDialog_qml fileNode\nclass node_venv_lib_python3_12_site-packages_PyQt6_Qt6_qml_QtQuick_Dialogs_quickimpl_qml_ColorInputs_qml fileNode\nclass node_venv_lib_python3_12_site-packages_PyQt6_Qt6_qml_QtQuick_Dialogs_quickimpl_qml_FileDialog_qml fileNode\nclass node_venv_lib_python3_12_site-packages_PyQt6_Qt6_qml_QtQuick_Dialogs_quickimpl_qml_FileDialogDelegate_qml fileNode\nclass node_venv_lib_python3_12_site-packages_PyQt6_Qt6_qml_QtQuick_Dialogs_quickimpl_qml_FileDialogDelegateLabel_qml fileNode\nclass node_venv_lib_python3_12_site-packages_PyQt6_Qt6_qml_QtQuick_Dialogs_quickimpl_qml_FolderBreadcrumbBar_qml fileNode\nclass node_venv_lib_python3_12_site-packages_PyQt6_Qt6_qml_QtQuick_Dialogs_quickimpl_qml_FolderDialog_qml fileNode\nclass node_venv_lib_python3_12_site-packages_PyQt6_Qt6_qml_QtQuick_Dialogs_quickimpl_qml_FolderDialogDelegate_qml fileNode\nclass node_venv_lib_python3_12_site-packages_PyQt6_Qt6_qml_QtQuick_Dialogs_quickimpl_qml_FolderDialogDelegateLabel_qml fileNode\nclass node_venv_lib_python3_12_site-packages_PyQt6_Qt6_qml_QtQuick_Dialogs_quickimpl_qml_FontDialog_qml fileNode\nclass node_venv_lib_python3_12_site-packages_PyQt6_Qt6_qml_QtQuick_Dialogs_quickimpl_qml_FontDialogContent_qml fileNode\nclass node_venv_lib_python3_12_site-packages_PyQt6_Qt6_qml_QtQuick_Dialogs_quickimpl_qml_HueGradient_qml fileNode\nclass node_venv_lib_python3_12_site-packages_PyQt6_Qt6_qml_QtQuick_Dialogs_quickimpl_qml_MessageDialog_qml fileNode\nclass node_venv_lib_python3_12_site-packages_PyQt6_Qt6_qml_QtQuick_Dialogs_quickimpl_qml_PickerHandle_qml fileNode\nclass node_venv_lib_python3_12_site-packages_PyQt6_Qt6_qml_QtQuick_Dialogs_quickimpl_qml_SaturationLightnessPicker_qml fileNode\nclass node_venv_lib_python3_12_site-packages_PyQt6_Qt6_qml_QtQuick_Dialogs_quickimpl_qml_SideBar_qml fileNode\nclass node_venv_lib_python3_12_site-packages_PyQt6_Qt6_qml_QtQuick_Dialogs_quickimpl_qml_+Imagine_ColorDialog_qml fileNode\nclass node_venv_lib_python3_12_site-packages_PyQt6_Qt6_qml_QtQuick_Dialogs_quickimpl_qml_+Imagine_ColorInputs_qml fileNode\nclass node_venv_lib_python3_12_site-packages_PyQt6_Qt6_qml_QtQuick_Dialogs_quickimpl_qml_+Imagine_FileDialog_qml fileNode\nclass node_venv_lib_python3_12_site-packages_PyQt6_Qt6_qml_QtQuick_Dialogs_quickimpl_qml_+Imagine_FileDialogDelegate_qml fileNode\nclass node_venv_lib_python3_12_site-packages_PyQt6_Qt6_qml_QtQuick_Dialogs_quickimpl_qml_+Imagine_FolderBreadcrumbBar_qml fileNode\nclass node_venv_lib_python3_12_site-packages_PyQt6_Qt6_qml_QtQuick_Dialogs_quickimpl_qml_+Imagine_FolderDialog_qml fileNode\nclass node_venv_lib_python3_12_site-packages_PyQt6_Qt6_qml_QtQuick_Dialogs_quickimpl_qml_+Imagine_FolderDialogDelegate_qml fileNode\nclass node_venv_lib_python3_12_site-packages_PyQt6_Qt6_qml_QtQuick_Dialogs_quickimpl_qml_+Imagine_FontDialog_qml fileNode\nclass node_venv_lib_python3_12_site-packages_PyQt6_Qt6_qml_QtQuick_Dialogs_quickimpl_qml_+Imagine_MessageDialog_qml fileNode\nclass node_venv_lib_python3_12_site-packages_PyQt6_Qt6_qml_QtQuick_Dialogs_quickimpl_qml_+Imagine_SideBar_qml fileNode\nclass node_venv_lib_python3_12_site-packages_PyQt6_Qt6_qml_QtQuick_Dialogs_quickimpl_qml_+Fusion_ColorDialog_qml fileNode\nclass node_venv_lib_python3_12_site-packages_PyQt6_Qt6_qml_QtQuick_Dialogs_quickimpl_qml_+Fusion_ColorInputs_qml fileNode\nclass node_venv_lib_python3_12_site-packages_PyQt6_Qt6_qml_QtQuick_Dialogs_quickimpl_qml_+Fusion_FileDialog_qml fileNode\nclass node_venv_lib_python3_12_site-packages_PyQt6_Qt6_qml_QtQuick_Dialogs_quickimpl_qml_+Fusion_FileDialogDelegate_qml fileNode\nclass node_venv_lib_python3_12_site-packages_PyQt6_Qt6_qml_QtQuick_Dialogs_quickimpl_qml_+Fusion_FolderBreadcrumbBar_qml fileNode\nclass node_venv_lib_python3_12_site-packages_PyQt6_Qt6_qml_QtQuick_Dialogs_quickimpl_qml_+Fusion_FolderDialog_qml fileNode\nclass node_venv_lib_python3_12_site-packages_PyQt6_Qt6_qml_QtQuick_Dialogs_quickimpl_qml_+Fusion_FolderDialogDelegate_qml fileNode\nclass node_venv_lib_python3_12_site-packages_PyQt6_Qt6_qml_QtQuick_Dialogs_quickimpl_qml_+Fusion_FontDialog_qml fileNode\nclass node_venv_lib_python3_12_site-packages_PyQt6_Qt6_qml_QtQuick_Dialogs_quickimpl_qml_+Fusion_MessageDialog_qml fileNode\nclass node_venv_lib_python3_12_site-packages_PyQt6_Qt6_qml_QtQuick_Dialogs_quickimpl_qml_+Fusion_SideBar_qml fileNode\nclass node_venv_lib_python3_12_site-packages_PyQt6_Qt6_qml_QtQuick_Dialogs_quickimpl_qml_+Universal_ColorDialog_qml fileNode\nclass node_venv_lib_python3_12_site-packages_PyQt6_Qt6_qml_QtQuick_Dialogs_quickimpl_qml_+Universal_ColorInputs_qml fileNode\nclass node_venv_lib_python3_12_site-packages_PyQt6_Qt6_qml_QtQuick_Dialogs_quickimpl_qml_+Universal_FileDialog_qml fileNode\nclass node_venv_lib_python3_12_site-packages_PyQt6_Qt6_qml_QtQuick_Dialogs_quickimpl_qml_+Universal_FileDialogDelegate_qml fileNode\nclass node_venv_lib_python3_12_site-packages_PyQt6_Qt6_qml_QtQuick_Dialogs_quickimpl_qml_+Universal_FolderBreadcrumbBar_qml fileNode\nclass node_venv_lib_python3_12_site-packages_PyQt6_Qt6_qml_QtQuick_Dialogs_quickimpl_qml_+Universal_FolderDialog_qml fileNode\nclass node_venv_lib_python3_12_site-packages_PyQt6_Qt6_qml_QtQuick_Dialogs_quickimpl_qml_+Universal_FolderDialogDelegate_qml fileNode\nclass node_venv_lib_python3_12_site-packages_PyQt6_Qt6_qml_QtQuick_Dialogs_quickimpl_qml_+Universal_FontDialog_qml fileNode\nclass node_venv_lib_python3_12_site-packages_PyQt6_Qt6_qml_QtQuick_Dialogs_quickimpl_qml_+Universal_MessageDialog_qml fileNode\nclass node_venv_lib_python3_12_site-packages_PyQt6_Qt6_qml_QtQuick_Dialogs_quickimpl_qml_+Universal_SideBar_qml fileNode\nclass node_venv_lib_python3_12_site-packages_PyQt6_Qt6_qml_QtQuick_Dialogs_quickimpl_qml_+Material_ColorDialog_qml fileNode\nclass node_venv_lib_python3_12_site-packages_PyQt6_Qt6_qml_QtQuick_Dialogs_quickimpl_qml_+Material_ColorInputs_qml fileNode\nclass node_venv_lib_python3_12_site-packages_PyQt6_Qt6_qml_QtQuick_Dialogs_quickimpl_qml_+Material_FileDialog_qml fileNode\nclass node_venv_lib_python3_12_site-packages_PyQt6_Qt6_qml_QtQuick_Dialogs_quickimpl_qml_+Material_FileDialogDelegate_qml fileNode\nclass node_venv_lib_python3_12_site-packages_PyQt6_Qt6_qml_QtQuick_Dialogs_quickimpl_qml_+Material_FolderBreadcrumbBar_qml fileNode\nclass node_venv_lib_python3_12_site-packages_PyQt6_Qt6_qml_QtQuick_Dialogs_quickimpl_qml_+Material_FolderDialog_qml fileNode\nclass node_venv_lib_python3_12_site-packages_PyQt6_Qt6_qml_QtQuick_Dialogs_quickimpl_qml_+Material_FolderDialogDelegate_qml fileNode\nclass node_venv_lib_python3_12_site-packages_PyQt6_Qt6_qml_QtQuick_Dialogs_quickimpl_qml_+Material_FontDialog_qml fileNode\nclass node_venv_lib_python3_12_site-packages_PyQt6_Qt6_qml_QtQuick_Dialogs_quickimpl_qml_+Material_MessageDialog_qml fileNode\nclass node_venv_lib_python3_12_site-packages_PyQt6_Qt6_qml_QtQuick_Dialogs_quickimpl_qml_+Material_SideBar_qml fileNode\nclass node_venv_lib_python3_12_site-packages_PyQt6_Qt6_qml_QtQuick_Scene3D_libqtquickscene3dplugin_dylib fileNode\nclass node_venv_lib_python3_12_site-packages_PyQt6_Qt6_qml_QtQuick_Scene3D_plugins_qmltypes fileNode\nclass node_venv_lib_python3_12_site-packages_PyQt6_Qt6_qml_QtQuick_Scene3D_qmldir fileNode\nclass node_venv_lib_python3_12_site-packages_PyQt6_Qt6_qml_QtQuick_Effects_libeffectsplugin_dylib fileNode\nclass node_venv_lib_python3_12_site-packages_PyQt6_Qt6_qml_QtQuick_Effects_plugins_qmltypes fileNode\nclass node_venv_lib_python3_12_site-packages_PyQt6_Qt6_qml_QtQuick_Effects_qmldir fileNode\nclass node_venv_lib_python3_12_site-packages_PyQt6_Qt6_qml_QtQuick_Timeline_libqtquicktimelineplugin_dylib fileNode\nclass node_venv_lib_python3_12_site-packages_PyQt6_Qt6_qml_QtQuick_Timeline_plugins_qmltypes fileNode\nclass node_venv_lib_python3_12_site-packages_PyQt6_Qt6_qml_QtQuick_Timeline_qmldir fileNode\nclass node_venv_lib_python3_12_site-packages_PyQt6_Qt6_qml_QtQuick_Timeline_BlendTrees_libqtquicktimelineblendtreesplugin_dylib fileNode\nclass node_venv_lib_python3_12_site-packages_PyQt6_Qt6_qml_QtQuick_Timeline_BlendTrees_plugins_qmltypes fileNode\nclass node_venv_lib_python3_12_site-packages_PyQt6_Qt6_qml_QtQuick_Timeline_BlendTrees_qmldir fileNode\nclass node_venv_lib_python3_12_site-packages_PyQt6_Qt6_qml_QtQuick_NativeStyle_libqtquickcontrols2nativestyleplugin_dylib fileNode\nclass node_venv_lib_python3_12_site-packages_PyQt6_Qt6_qml_QtQuick_NativeStyle_plugins_qmltypes fileNode\nclass node_venv_lib_python3_12_site-packages_PyQt6_Qt6_qml_QtQuick_NativeStyle_qmldir fileNode\nclass node_venv_lib_python3_12_site-packages_PyQt6_Qt6_qml_QtQuick_NativeStyle_util_MacFocusFrame_qml fileNode\nclass node_venv_lib_python3_12_site-packages_PyQt6_Qt6_qml_QtQuick_NativeStyle_util_qmldir fileNode\nclass node_venv_lib_python3_12_site-packages_PyQt6_Qt6_qml_QtQuick_NativeStyle_controls_DefaultButton_qml fileNode\nclass node_venv_lib_python3_12_site-packages_PyQt6_Qt6_qml_QtQuick_NativeStyle_controls_DefaultCheckBox_qml fileNode\nclass node_venv_lib_python3_12_site-packages_PyQt6_Qt6_qml_QtQuick_NativeStyle_controls_DefaultComboBox_qml fileNode\nclass node_venv_lib_python3_12_site-packages_PyQt6_Qt6_qml_QtQuick_NativeStyle_controls_DefaultDial_qml fileNode\nclass node_venv_lib_python3_12_site-packages_PyQt6_Qt6_qml_QtQuick_NativeStyle_controls_DefaultFrame_qml fileNode\nclass node_venv_lib_python3_12_site-packages_PyQt6_Qt6_qml_QtQuick_NativeStyle_controls_DefaultGroupBox_qml fileNode\nclass node_venv_lib_python3_12_site-packages_PyQt6_Qt6_qml_QtQuick_NativeStyle_controls_DefaultItemDelegate_qml fileNode\nclass node_venv_lib_python3_12_site-packages_PyQt6_Qt6_qml_QtQuick_NativeStyle_controls_DefaultItemDelegateIconLabel_qml fileNode\nclass node_venv_lib_python3_12_site-packages_PyQt6_Qt6_qml_QtQuick_NativeStyle_controls_DefaultProgressBar_qml fileNode\nclass node_venv_lib_python3_12_site-packages_PyQt6_Qt6_qml_QtQuick_NativeStyle_controls_DefaultRadioButton_qml fileNode\nclass node_venv_lib_python3_12_site-packages_PyQt6_Qt6_qml_QtQuick_NativeStyle_controls_DefaultRadioDelegate_qml fileNode\nclass node_venv_lib_python3_12_site-packages_PyQt6_Qt6_qml_QtQuick_NativeStyle_controls_DefaultScrollBar_qml fileNode\nclass node_venv_lib_python3_12_site-packages_PyQt6_Qt6_qml_QtQuick_NativeStyle_controls_DefaultSearchField_qml fileNode\nclass node_venv_lib_python3_12_site-packages_PyQt6_Qt6_qml_QtQuick_NativeStyle_controls_DefaultSlider_qml fileNode\nclass node_venv_lib_python3_12_site-packages_PyQt6_Qt6_qml_QtQuick_NativeStyle_controls_DefaultSpinBox_qml fileNode\nclass node_venv_lib_python3_12_site-packages_PyQt6_Qt6_qml_QtQuick_NativeStyle_controls_DefaultTextArea_qml fileNode\nclass node_venv_lib_python3_12_site-packages_PyQt6_Qt6_qml_QtQuick_NativeStyle_controls_DefaultTextField_qml fileNode\nclass node_venv_lib_python3_12_site-packages_PyQt6_Qt6_qml_QtQuick_NativeStyle_controls_DefaultTreeViewDelegate_qml fileNode\nclass node_venv_lib_python3_12_site-packages_PyQt6_Qt6_qml_QtQuick_NativeStyle_controls_qmldir fileNode\nclass node_venv_lib_python3_12_site-packages_PyQt6_Qt6_qml_QtWebChannel_libwebchannelquickplugin_dylib fileNode\nclass node_venv_lib_python3_12_site-packages_PyQt6_Qt6_qml_QtWebChannel_plugins_qmltypes fileNode\nclass node_venv_lib_python3_12_site-packages_PyQt6_Qt6_qml_QtWebChannel_qmldir fileNode\nclass node_venv_lib_python3_12_site-packages_PyQt6_Qt6_qml_QtMultimedia_Video_qml fileNode\nclass node_venv_lib_python3_12_site-packages_PyQt6_Qt6_qml_QtMultimedia_libquickmultimediaplugin_dylib fileNode\nclass node_venv_lib_python3_12_site-packages_PyQt6_Qt6_qml_QtMultimedia_plugins_qmltypes fileNode\nclass node_venv_lib_python3_12_site-packages_PyQt6_Qt6_qml_QtMultimedia_qmldir fileNode\nclass node_venv_lib_python3_12_site-packages_PyQt6_Qt6_qml_QtPositioning_libpositioningquickplugin_dylib fileNode\nclass node_venv_lib_python3_12_site-packages_PyQt6_Qt6_qml_QtPositioning_plugins_qmltypes fileNode\nclass node_venv_lib_python3_12_site-packages_PyQt6_Qt6_qml_QtPositioning_qmldir fileNode\nclass node_venv_lib_python3_12_site-packages_PyQt6_Qt6_qml_QtTextToSpeech_libtexttospeechqmlplugin_dylib fileNode\nclass node_venv_lib_python3_12_site-packages_PyQt6_Qt6_qml_QtTextToSpeech_plugins_qmltypes fileNode\nclass node_venv_lib_python3_12_site-packages_PyQt6_Qt6_qml_QtTextToSpeech_qmldir fileNode\nclass node_venv_lib_python3_12_site-packages_PyQt6_Qt6_qml_QtCore_libqtqmlcoreplugin_dylib fileNode\nclass node_venv_lib_python3_12_site-packages_PyQt6_Qt6_qml_QtCore_plugins_qmltypes fileNode\nclass node_venv_lib_python3_12_site-packages_PyQt6_Qt6_qml_QtCore_qmldir fileNode\nclass node_venv_lib_python3_12_site-packages_PyQt6_Qt6_qml_QtTest_SignalSpy_qml fileNode\nclass node_venv_lib_python3_12_site-packages_PyQt6_Qt6_qml_QtTest_TestCase_qml fileNode\nclass node_venv_lib_python3_12_site-packages_PyQt6_Qt6_qml_QtTest_TestSchedule_qml fileNode\nclass node_venv_lib_python3_12_site-packages_PyQt6_Qt6_qml_QtTest_libquicktestplugin_dylib fileNode\nclass node_venv_lib_python3_12_site-packages_PyQt6_Qt6_qml_QtTest_plugins_qmltypes fileNode\nclass node_venv_lib_python3_12_site-packages_PyQt6_Qt6_qml_QtTest_qmldir fileNode\nclass node_venv_lib_python3_12_site-packages_PyQt6_Qt6_qml_QtTest_testlogger_js fileNode\nclass node_venv_lib_python3_12_site-packages_PyQt6_Qt6_plugins_renderers_libopenglrenderer_dylib fileNode\nclass node_venv_lib_python3_12_site-packages_PyQt6_Qt6_plugins_renderers_librhirenderer_dylib fileNode\nclass node_venv_lib_python3_12_site-packages_PyQt6_Qt6_plugins_sensors_libqtsensors_generic_dylib fileNode\nclass node_venv_lib_python3_12_site-packages_PyQt6_Qt6_plugins_sceneparsers_libassimpsceneimport_dylib fileNode\nclass node_venv_lib_python3_12_site-packages_PyQt6_Qt6_plugins_sceneparsers_libgltfsceneexport_dylib fileNode\nclass node_venv_lib_python3_12_site-packages_PyQt6_Qt6_plugins_sceneparsers_libgltfsceneimport_dylib fileNode\nclass node_venv_lib_python3_12_site-packages_PyQt6_Qt6_plugins_platforms_libqcocoa_dylib fileNode\nclass node_venv_lib_python3_12_site-packages_PyQt6_Qt6_plugins_platforms_libqminimal_dylib fileNode\nclass node_venv_lib_python3_12_site-packages_PyQt6_Qt6_plugins_platforms_libqoffscreen_dylib fileNode\nclass node_venv_lib_python3_12_site-packages_PyQt6_Qt6_plugins_assetimporters_libassimp_dylib fileNode\nclass node_venv_lib_python3_12_site-packages_PyQt6_Qt6_plugins_position_libqtposition_cl_dylib fileNode\nclass node_venv_lib_python3_12_site-packages_PyQt6_Qt6_plugins_position_libqtposition_nmea_dylib fileNode\nclass node_venv_lib_python3_12_site-packages_PyQt6_Qt6_plugins_position_libqtposition_positionpoll_dylib fileNode\nclass node_venv_lib_python3_12_site-packages_PyQt6_Qt6_plugins_webview_libqtwebview_darwin_dylib fileNode\nclass node_venv_lib_python3_12_site-packages_PyQt6_Qt6_plugins_webview_libqtwebview_webengine_dylib fileNode\nclass node_venv_lib_python3_12_site-packages_PyQt6_Qt6_plugins_geometryloaders_libdefaultgeometryloader_dylib fileNode\nclass node_venv_lib_python3_12_site-packages_PyQt6_Qt6_plugins_geometryloaders_libgltfgeometryloader_dylib fileNode\nclass node_venv_lib_python3_12_site-packages_PyQt6_Qt6_plugins_permissions_libqdarwinbluetoothpermission_a fileNode\nclass node_venv_lib_python3_12_site-packages_PyQt6_Qt6_plugins_permissions_libqdarwinbluetoothpermission_prl fileNode\nclass node_venv_lib_python3_12_site-packages_PyQt6_Qt6_plugins_permissions_libqdarwincalendarpermission_a fileNode\nclass node_venv_lib_python3_12_site-packages_PyQt6_Qt6_plugins_permissions_libqdarwincalendarpermission_prl fileNode\nclass node_venv_lib_python3_12_site-packages_PyQt6_Qt6_plugins_permissions_libqdarwincamerapermission_a fileNode\nclass node_venv_lib_python3_12_site-packages_PyQt6_Qt6_plugins_permissions_libqdarwincamerapermission_prl fileNode\nclass node_venv_lib_python3_12_site-packages_PyQt6_Qt6_plugins_permissions_libqdarwincontactspermission_a fileNode\nclass node_venv_lib_python3_12_site-packages_PyQt6_Qt6_plugins_permissions_libqdarwincontactspermission_prl fileNode\nclass node_venv_lib_python3_12_site-packages_PyQt6_Qt6_plugins_permissions_libqdarwinlocationpermission_a fileNode\nclass node_venv_lib_python3_12_site-packages_PyQt6_Qt6_plugins_permissions_libqdarwinlocationpermission_prl fileNode\nclass node_venv_lib_python3_12_site-packages_PyQt6_Qt6_plugins_permissions_libqdarwinmicrophonepermission_a fileNode\nclass node_venv_lib_python3_12_site-packages_PyQt6_Qt6_plugins_permissions_libqdarwinmicrophonepermission_prl fileNode\nclass node_venv_lib_python3_12_site-packages_PyQt6_Qt6_plugins_permissions_objects-RelWithDebInfo_QDarwinCalendarPermissionPlugin_init_QDarwinCalendarPermissionPlugin_init_cpp_o fileNode\nclass node_venv_lib_python3_12_site-packages_PyQt6_Qt6_plugins_permissions_objects-RelWithDebInfo_QDarwinLocationPermissionPlugin_init_QDarwinLocationPermissionPlugin_init_cpp_o fileNode\nclass node_venv_lib_python3_12_site-packages_PyQt6_Qt6_plugins_permissions_objects-RelWithDebInfo_QDarwinCameraPermissionPlugin_init_QDarwinCameraPermissionPlugin_init_cpp_o fileNode\nclass node_venv_lib_python3_12_site-packages_PyQt6_Qt6_plugins_permissions_objects-RelWithDebInfo_QDarwinMicrophonePermissionPlugin_init_QDarwinMicrophonePermissionPlugin_init_cpp_o fileNode\nclass node_venv_lib_python3_12_site-packages_PyQt6_Qt6_plugins_permissions_objects-RelWithDebInfo_QDarwinContactsPermissionPlugin_init_QDarwinContactsPermissionPlugin_init_cpp_o fileNode\nclass node_venv_lib_python3_12_site-packages_PyQt6_Qt6_plugins_permissions_objects-RelWithDebInfo_QDarwinBluetoothPermissionPlugin_init_QDarwinBluetoothPermissionPlugin_init_cpp_o fileNode\nclass node_venv_lib_python3_12_site-packages_PyQt6_Qt6_plugins_scxmldatamodel_libqscxmlecmascriptdatamodel_dylib fileNode\nclass node_venv_lib_python3_12_site-packages_PyQt6_Qt6_plugins_styles_libqmacstyle_dylib fileNode\nclass node_venv_lib_python3_12_site-packages_PyQt6_Qt6_plugins_tls_libqcertonlybackend_dylib fileNode\nclass node_venv_lib_python3_12_site-packages_PyQt6_Qt6_plugins_tls_libqopensslbackend_dylib fileNode\nclass node_venv_lib_python3_12_site-packages_PyQt6_Qt6_plugins_tls_libqsecuretransportbackend_dylib fileNode\nclass node_venv_lib_python3_12_site-packages_PyQt6_Qt6_plugins_iconengines_libqsvgicon_dylib fileNode\nclass node_venv_lib_python3_12_site-packages_PyQt6_Qt6_plugins_sqldrivers_libqsqlite_dylib fileNode\nclass node_venv_lib_python3_12_site-packages_PyQt6_Qt6_plugins_sqldrivers_libqsqlmimer_dylib fileNode\nclass node_venv_lib_python3_12_site-packages_PyQt6_Qt6_plugins_sqldrivers_libqsqlodbc_dylib fileNode\nclass node_venv_lib_python3_12_site-packages_PyQt6_Qt6_plugins_sqldrivers_libqsqlpsql_dylib fileNode\nclass node_venv_lib_python3_12_site-packages_PyQt6_Qt6_plugins_multimedia_libdarwinmediaplugin_dylib fileNode\nclass node_venv_lib_python3_12_site-packages_PyQt6_Qt6_plugins_multimedia_libffmpegmediaplugin_dylib fileNode\nclass node_venv_lib_python3_12_site-packages_PyQt6_Qt6_plugins_imageformats_libqgif_dylib fileNode\nclass node_venv_lib_python3_12_site-packages_PyQt6_Qt6_plugins_imageformats_libqicns_dylib fileNode\nclass node_venv_lib_python3_12_site-packages_PyQt6_Qt6_plugins_imageformats_libqico_dylib fileNode\nclass node_venv_lib_python3_12_site-packages_PyQt6_Qt6_plugins_imageformats_libqjpeg_dylib fileNode\nclass node_venv_lib_python3_12_site-packages_PyQt6_Qt6_plugins_imageformats_libqmacheif_dylib fileNode\nclass node_venv_lib_python3_12_site-packages_PyQt6_Qt6_plugins_imageformats_libqmacjp2_dylib fileNode\nclass node_venv_lib_python3_12_site-packages_PyQt6_Qt6_plugins_imageformats_libqpdf_dylib fileNode\nclass node_venv_lib_python3_12_site-packages_PyQt6_Qt6_plugins_imageformats_libqsvg_dylib fileNode\nclass node_venv_lib_python3_12_site-packages_PyQt6_Qt6_plugins_imageformats_libqtga_dylib fileNode\nclass node_venv_lib_python3_12_site-packages_PyQt6_Qt6_plugins_imageformats_libqtiff_dylib fileNode\nclass node_venv_lib_python3_12_site-packages_PyQt6_Qt6_plugins_imageformats_libqwbmp_dylib fileNode\nclass node_venv_lib_python3_12_site-packages_PyQt6_Qt6_plugins_imageformats_libqwebp_dylib fileNode\nclass node_venv_lib_python3_12_site-packages_PyQt6_Qt6_plugins_qmllint_libqdslintplugin_dylib fileNode\nclass node_venv_lib_python3_12_site-packages_PyQt6_Qt6_plugins_qmllint_libquicklintplugin_dylib fileNode\nclass node_venv_lib_python3_12_site-packages_PyQt6_Qt6_plugins_qmlls_libqmllsquickplugin_dylib fileNode\nclass node_venv_lib_python3_12_site-packages_PyQt6_Qt6_plugins_texttospeech_libqtexttospeech_mock_dylib fileNode\nclass node_venv_lib_python3_12_site-packages_PyQt6_Qt6_plugins_texttospeech_libqtexttospeech_speechdarwin_dylib fileNode\nclass node_venv_lib_python3_12_site-packages_PyQt6_Qt6_plugins_generic_libqtuiotouchplugin_dylib fileNode\nclass node_venv_lib_python3_12_site-packages_PyQt6_Qt6_plugins_renderplugins_libscene2d_dylib fileNode\nclass node_venv_lib_python3_12_site-packages_PyQt6_Qt6_plugins_help_libhelpplugin_dylib fileNode\nclass node_venv_lib_python3_12_site-packages_PyQt6_Qt6_plugins_networkinformation_libqapplenetworkinformation_dylib fileNode\nclass node_venv_lib_python3_12_site-packages_PyQt6_Qt6_lib_libavcodec_61_dylib fileNode\nclass node_venv_lib_python3_12_site-packages_PyQt6_Qt6_lib_libavformat_61_dylib fileNode\nclass node_venv_lib_python3_12_site-packages_PyQt6_Qt6_lib_libavutil_59_dylib fileNode\nclass node_venv_lib_python3_12_site-packages_PyQt6_Qt6_lib_libswresample_5_dylib fileNode\nclass node_venv_lib_python3_12_site-packages_PyQt6_Qt6_lib_libswscale_8_dylib fileNode\nclass node_venv_lib_python3_12_site-packages_PyQt6_Qt6_lib_QtMultimediaQuick_framework_Resources_Info_plist fileNode\nclass node_venv_lib_python3_12_site-packages_PyQt6_Qt6_lib_QtMultimediaQuick_framework_Resources_PrivacyInfo_xcprivacy fileNode\nclass node_venv_lib_python3_12_site-packages_PyQt6_Qt6_lib_QtMultimediaQuick_framework_Versions_A_QtMultimediaQuick fileNode\nclass node_venv_lib_python3_12_site-packages_PyQt6_Qt6_lib_QtLabsPlatform_framework_Resources_Info_plist fileNode\nclass node_venv_lib_python3_12_site-packages_PyQt6_Qt6_lib_QtLabsPlatform_framework_Resources_PrivacyInfo_xcprivacy fileNode\nclass node_venv_lib_python3_12_site-packages_PyQt6_Qt6_lib_QtLabsPlatform_framework_Versions_A_QtLabsPlatform fileNode\nclass node_venv_lib_python3_12_site-packages_PyQt6_Qt6_lib_QtQuickTimeline_framework_Resources_Info_plist fileNode\nclass node_venv_lib_python3_12_site-packages_PyQt6_Qt6_lib_QtQuickTimeline_framework_Resources_PrivacyInfo_xcprivacy fileNode\nclass node_venv_lib_python3_12_site-packages_PyQt6_Qt6_lib_QtQuickTimeline_framework_Versions_A_QtQuickTimeline fileNode\nclass node_venv_lib_python3_12_site-packages_PyQt6_Qt6_lib_QtQuick3DXr_framework_Resources_Info_plist fileNode\nclass node_venv_lib_python3_12_site-packages_PyQt6_Qt6_lib_QtQuick3DXr_framework_Resources_PrivacyInfo_xcprivacy fileNode\nclass node_venv_lib_python3_12_site-packages_PyQt6_Qt6_lib_QtQuick3DXr_framework_Versions_A_QtQuick3DXr fileNode\nclass node_venv_lib_python3_12_site-packages_PyQt6_Qt6_lib_QtQuickControls2_framework_Resources_Info_plist fileNode\nclass node_venv_lib_python3_12_site-packages_PyQt6_Qt6_lib_QtQuickControls2_framework_Resources_PrivacyInfo_xcprivacy fileNode\nclass node_venv_lib_python3_12_site-packages_PyQt6_Qt6_lib_QtQuickControls2_framework_Versions_A_QtQuickControls2 fileNode\nclass node_venv_lib_python3_12_site-packages_PyQt6_Qt6_lib_QtQuickParticles_framework_Resources_Info_plist fileNode\nclass node_venv_lib_python3_12_site-packages_PyQt6_Qt6_lib_QtQuickParticles_framework_Resources_PrivacyInfo_xcprivacy fileNode\nclass node_venv_lib_python3_12_site-packages_PyQt6_Qt6_lib_QtQuickParticles_framework_Versions_A_QtQuickParticles fileNode\nclass node_venv_lib_python3_12_site-packages_PyQt6_Qt6_lib_QtRemoteObjects_framework_Resources_Info_plist fileNode\nclass node_venv_lib_python3_12_site-packages_PyQt6_Qt6_lib_QtRemoteObjects_framework_Resources_PrivacyInfo_xcprivacy fileNode\nclass node_venv_lib_python3_12_site-packages_PyQt6_Qt6_lib_QtRemoteObjects_framework_Versions_A_QtRemoteObjects fileNode\nclass node_venv_lib_python3_12_site-packages_PyQt6_Qt6_lib_QtPdfWidgets_framework_Resources_Info_plist fileNode\nclass node_venv_lib_python3_12_site-packages_PyQt6_Qt6_lib_QtPdfWidgets_framework_Resources_PrivacyInfo_xcprivacy fileNode\nclass node_venv_lib_python3_12_site-packages_PyQt6_Qt6_lib_QtPdfWidgets_framework_Versions_A_QtPdfWidgets fileNode\nclass node_venv_lib_python3_12_site-packages_PyQt6_Qt6_lib_QtQuickControls2ImagineStyleImpl_framework_Resources_Info_plist fileNode\nclass node_venv_lib_python3_12_site-packages_PyQt6_Qt6_lib_QtQuickControls2ImagineStyleImpl_framework_Resources_PrivacyInfo_xcprivacy fileNode\nclass node_venv_lib_python3_12_site-packages_PyQt6_Qt6_lib_QtQuickControls2ImagineStyleImpl_framework_Versions_A_QtQuickControls2ImagineStyleImpl fileNode\nclass node_venv_lib_python3_12_site-packages_PyQt6_Qt6_lib_QtQuick3DAssetUtils_framework_Resources_Info_plist fileNode\nclass node_venv_lib_python3_12_site-packages_PyQt6_Qt6_lib_QtQuick3DAssetUtils_framework_Resources_PrivacyInfo_xcprivacy fileNode\nclass node_venv_lib_python3_12_site-packages_PyQt6_Qt6_lib_QtQuick3DAssetUtils_framework_Versions_A_QtQuick3DAssetUtils fileNode\nclass node_venv_lib_python3_12_site-packages_PyQt6_Qt6_lib_QtQuickControls2BasicStyleImpl_framework_Resources_Info_plist fileNode\nclass node_venv_lib_python3_12_site-packages_PyQt6_Qt6_lib_QtQuickControls2BasicStyleImpl_framework_Resources_PrivacyInfo_xcprivacy fileNode\nclass node_venv_lib_python3_12_site-packages_PyQt6_Qt6_lib_QtQuickControls2BasicStyleImpl_framework_Versions_A_QtQuickControls2BasicStyleImpl fileNode\nclass node_venv_lib_python3_12_site-packages_PyQt6_Qt6_lib_QtLabsSharedImage_framework_Resources_Info_plist fileNode\nclass node_venv_lib_python3_12_site-packages_PyQt6_Qt6_lib_QtLabsSharedImage_framework_Resources_PrivacyInfo_xcprivacy fileNode\nclass node_venv_lib_python3_12_site-packages_PyQt6_Qt6_lib_QtLabsSharedImage_framework_Versions_A_QtLabsSharedImage fileNode\nclass node_venv_lib_python3_12_site-packages_PyQt6_Qt6_lib_QtQmlMeta_framework_Resources_Info_plist fileNode\nclass node_venv_lib_python3_12_site-packages_PyQt6_Qt6_lib_QtQmlMeta_framework_Resources_PrivacyInfo_xcprivacy fileNode\nclass node_venv_lib_python3_12_site-packages_PyQt6_Qt6_lib_QtQmlMeta_framework_Versions_A_QtQmlMeta fileNode\nclass node_venv_lib_python3_12_site-packages_PyQt6_Qt6_lib_QtDesigner_framework_Resources_Info_plist fileNode\nclass node_venv_lib_python3_12_site-packages_PyQt6_Qt6_lib_QtDesigner_framework_Resources_PrivacyInfo_xcprivacy fileNode\nclass node_venv_lib_python3_12_site-packages_PyQt6_Qt6_lib_QtDesigner_framework_Versions_A_QtDesigner fileNode\nclass node_venv_lib_python3_12_site-packages_PyQt6_Qt6_lib_QtNfc_framework_Resources_Info_plist fileNode\nclass node_venv_lib_python3_12_site-packages_PyQt6_Qt6_lib_QtNfc_framework_Resources_PrivacyInfo_xcprivacy fileNode\nclass node_venv_lib_python3_12_site-packages_PyQt6_Qt6_lib_QtNfc_framework_Versions_A_QtNfc fileNode\nclass node_venv_lib_python3_12_site-packages_PyQt6_Qt6_lib_QtQuickControls2FusionStyleImpl_framework_Resources_Info_plist fileNode\nclass node_venv_lib_python3_12_site-packages_PyQt6_Qt6_lib_QtQuickControls2FusionStyleImpl_framework_Resources_PrivacyInfo_xcprivacy fileNode\nclass node_venv_lib_python3_12_site-packages_PyQt6_Qt6_lib_QtQuickControls2FusionStyleImpl_framework_Versions_A_QtQuickControls2FusionStyleImpl fileNode\nclass node_venv_lib_python3_12_site-packages_PyQt6_Qt6_lib_QtQuick3DAssetImport_framework_Resources_Info_plist fileNode\nclass node_venv_lib_python3_12_site-packages_PyQt6_Qt6_lib_QtQuick3DAssetImport_framework_Resources_PrivacyInfo_xcprivacy fileNode\nclass node_venv_lib_python3_12_site-packages_PyQt6_Qt6_lib_QtQuick3DAssetImport_framework_Versions_A_QtQuick3DAssetImport fileNode\nclass node_venv_lib_python3_12_site-packages_PyQt6_Qt6_lib_QtQuickWidgets_framework_Resources_Info_plist fileNode\nclass node_venv_lib_python3_12_site-packages_PyQt6_Qt6_lib_QtQuickWidgets_framework_Resources_PrivacyInfo_xcprivacy fileNode\nclass node_venv_lib_python3_12_site-packages_PyQt6_Qt6_lib_QtQuickWidgets_framework_Versions_A_QtQuickWidgets fileNode\nclass node_venv_lib_python3_12_site-packages_PyQt6_Qt6_lib_QtQuickControls2Material_framework_Resources_Info_plist fileNode\nclass node_venv_lib_python3_12_site-packages_PyQt6_Qt6_lib_QtQuickControls2Material_framework_Resources_PrivacyInfo_xcprivacy fileNode\nclass node_venv_lib_python3_12_site-packages_PyQt6_Qt6_lib_QtQuickControls2Material_framework_Versions_A_QtQuickControls2Material fileNode\nclass node_venv_lib_python3_12_site-packages_PyQt6_Qt6_lib_QtShaderTools_framework_Resources_Info_plist fileNode\nclass node_venv_lib_python3_12_site-packages_PyQt6_Qt6_lib_QtShaderTools_framework_Resources_PrivacyInfo_xcprivacy fileNode\nclass node_venv_lib_python3_12_site-packages_PyQt6_Qt6_lib_QtShaderTools_framework_Versions_A_QtShaderTools fileNode\nclass node_venv_lib_python3_12_site-packages_PyQt6_Qt6_lib_QtPdf_framework_Resources_Info_plist fileNode\nclass node_venv_lib_python3_12_site-packages_PyQt6_Qt6_lib_QtPdf_framework_Resources_PrivacyInfo_xcprivacy fileNode\nclass node_venv_lib_python3_12_site-packages_PyQt6_Qt6_lib_QtPdf_framework_Versions_A_QtPdf fileNode\nclass node_venv_lib_python3_12_site-packages_PyQt6_Qt6_lib_QtSpatialAudio_framework_Resources_Info_plist fileNode\nclass node_venv_lib_python3_12_site-packages_PyQt6_Qt6_lib_QtSpatialAudio_framework_Resources_PrivacyInfo_xcprivacy fileNode\nclass node_venv_lib_python3_12_site-packages_PyQt6_Qt6_lib_QtSpatialAudio_framework_Versions_A_QtSpatialAudio fileNode\nclass node_venv_lib_python3_12_site-packages_PyQt6_Qt6_lib_QtQuickLayouts_framework_Resources_Info_plist fileNode\nclass node_venv_lib_python3_12_site-packages_PyQt6_Qt6_lib_QtQuickLayouts_framework_Resources_PrivacyInfo_xcprivacy fileNode\nclass node_venv_lib_python3_12_site-packages_PyQt6_Qt6_lib_QtQuickLayouts_framework_Versions_A_QtQuickLayouts fileNode\nclass node_venv_lib_python3_12_site-packages_PyQt6_Qt6_lib_QtQuickControls2Basic_framework_Resources_Info_plist fileNode\nclass node_venv_lib_python3_12_site-packages_PyQt6_Qt6_lib_QtQuickControls2Basic_framework_Resources_PrivacyInfo_xcprivacy fileNode\nclass node_venv_lib_python3_12_site-packages_PyQt6_Qt6_lib_QtQuickControls2Basic_framework_Versions_A_QtQuickControls2Basic fileNode\nclass node_venv_lib_python3_12_site-packages_PyQt6_Qt6_lib_QtQuick3DRuntimeRender_framework_Resources_Info_plist fileNode\nclass node_venv_lib_python3_12_site-packages_PyQt6_Qt6_lib_QtQuick3DRuntimeRender_framework_Resources_PrivacyInfo_xcprivacy fileNode\nclass node_venv_lib_python3_12_site-packages_PyQt6_Qt6_lib_QtQuick3DRuntimeRender_framework_Versions_A_QtQuick3DRuntimeRender fileNode\nclass node_venv_lib_python3_12_site-packages_PyQt6_Qt6_lib_QtHelp_framework_Resources_Info_plist fileNode\nclass node_venv_lib_python3_12_site-packages_PyQt6_Qt6_lib_QtHelp_framework_Resources_PrivacyInfo_xcprivacy fileNode\nclass node_venv_lib_python3_12_site-packages_PyQt6_Qt6_lib_QtHelp_framework_Versions_A_QtHelp fileNode\nclass node_venv_lib_python3_12_site-packages_PyQt6_Qt6_lib_QtQuickVectorImage_framework_Resources_Info_plist fileNode\nclass node_venv_lib_python3_12_site-packages_PyQt6_Qt6_lib_QtQuickVectorImage_framework_Resources_PrivacyInfo_xcprivacy fileNode\nclass node_venv_lib_python3_12_site-packages_PyQt6_Qt6_lib_QtQuickVectorImage_framework_Versions_A_QtQuickVectorImage fileNode\nclass node_venv_lib_python3_12_site-packages_PyQt6_Qt6_lib_QtPrintSupport_framework_Resources_Info_plist fileNode\nclass node_venv_lib_python3_12_site-packages_PyQt6_Qt6_lib_QtPrintSupport_framework_Resources_PrivacyInfo_xcprivacy fileNode\nclass node_venv_lib_python3_12_site-packages_PyQt6_Qt6_lib_QtPrintSupport_framework_Versions_A_QtPrintSupport fileNode\nclass node_venv_lib_python3_12_site-packages_PyQt6_Qt6_lib_QtGui_framework_Resources_Info_plist fileNode\nclass node_venv_lib_python3_12_site-packages_PyQt6_Qt6_lib_QtGui_framework_Resources_PrivacyInfo_xcprivacy fileNode\nclass node_venv_lib_python3_12_site-packages_PyQt6_Qt6_lib_QtGui_framework_Versions_A_QtGui fileNode\nclass node_venv_lib_python3_12_site-packages_PyQt6_Qt6_lib_QtDBus_framework_Resources_Info_plist fileNode\nclass node_venv_lib_python3_12_site-packages_PyQt6_Qt6_lib_QtDBus_framework_Resources_PrivacyInfo_xcprivacy fileNode\nclass node_venv_lib_python3_12_site-packages_PyQt6_Qt6_lib_QtDBus_framework_Versions_A_QtDBus fileNode\nclass node_venv_lib_python3_12_site-packages_PyQt6_Qt6_lib_QtWebSockets_framework_Resources_Info_plist fileNode\nclass node_venv_lib_python3_12_site-packages_PyQt6_Qt6_lib_QtWebSockets_framework_Resources_PrivacyInfo_xcprivacy fileNode\nclass node_venv_lib_python3_12_site-packages_PyQt6_Qt6_lib_QtWebSockets_framework_Versions_A_QtWebSockets fileNode\nclass node_venv_lib_python3_12_site-packages_PyQt6_Qt6_lib_QtQuickControls2Fusion_framework_Resources_Info_plist fileNode\nclass node_venv_lib_python3_12_site-packages_PyQt6_Qt6_lib_QtQuickControls2Fusion_framework_Resources_PrivacyInfo_xcprivacy fileNode\nclass node_venv_lib_python3_12_site-packages_PyQt6_Qt6_lib_QtQuickControls2Fusion_framework_Versions_A_QtQuickControls2Fusion fileNode\nclass node_venv_lib_python3_12_site-packages_PyQt6_Qt6_lib_QtQuick3DUtils_framework_Resources_Info_plist fileNode\nclass node_venv_lib_python3_12_site-packages_PyQt6_Qt6_lib_QtQuick3DUtils_framework_Resources_PrivacyInfo_xcprivacy fileNode\nclass node_venv_lib_python3_12_site-packages_PyQt6_Qt6_lib_QtQuick3DUtils_framework_Versions_A_QtQuick3DUtils fileNode\nclass node_venv_lib_python3_12_site-packages_PyQt6_Qt6_lib_QtQuickTemplates2_framework_Resources_Info_plist fileNode\nclass node_venv_lib_python3_12_site-packages_PyQt6_Qt6_lib_QtQuickTemplates2_framework_Resources_PrivacyInfo_xcprivacy fileNode\nclass node_venv_lib_python3_12_site-packages_PyQt6_Qt6_lib_QtQuickTemplates2_framework_Versions_A_QtQuickTemplates2 fileNode\nclass node_venv_lib_python3_12_site-packages_PyQt6_Qt6_lib_QtPositioningQuick_framework_Resources_Info_plist fileNode\nclass node_venv_lib_python3_12_site-packages_PyQt6_Qt6_lib_QtPositioningQuick_framework_Resources_PrivacyInfo_xcprivacy fileNode\nclass node_venv_lib_python3_12_site-packages_PyQt6_Qt6_lib_QtPositioningQuick_framework_Versions_A_QtPositioningQuick fileNode\nclass node_venv_lib_python3_12_site-packages_PyQt6_Qt6_lib_QtQuickDialogs2Utils_framework_Resources_Info_plist fileNode\nclass node_venv_lib_python3_12_site-packages_PyQt6_Qt6_lib_QtQuickDialogs2Utils_framework_Resources_PrivacyInfo_xcprivacy fileNode\nclass node_venv_lib_python3_12_site-packages_PyQt6_Qt6_lib_QtQuickDialogs2Utils_framework_Versions_A_QtQuickDialogs2Utils fileNode\nclass node_venv_lib_python3_12_site-packages_PyQt6_Qt6_lib_QtXml_framework_Resources_Info_plist fileNode\nclass node_venv_lib_python3_12_site-packages_PyQt6_Qt6_lib_QtXml_framework_Resources_PrivacyInfo_xcprivacy fileNode\nclass node_venv_lib_python3_12_site-packages_PyQt6_Qt6_lib_QtXml_framework_Versions_A_QtXml fileNode\nclass node_venv_lib_python3_12_site-packages_PyQt6_Qt6_lib_QtQuick3DParticles_framework_Resources_Info_plist fileNode\nclass node_venv_lib_python3_12_site-packages_PyQt6_Qt6_lib_QtQuick3DParticles_framework_Resources_PrivacyInfo_xcprivacy fileNode\nclass node_venv_lib_python3_12_site-packages_PyQt6_Qt6_lib_QtQuick3DParticles_framework_Versions_A_QtQuick3DParticles fileNode\nclass node_venv_lib_python3_12_site-packages_PyQt6_Qt6_lib_QtSerialPort_framework_Resources_Info_plist fileNode\nclass node_venv_lib_python3_12_site-packages_PyQt6_Qt6_lib_QtSerialPort_framework_Resources_PrivacyInfo_xcprivacy fileNode\nclass node_venv_lib_python3_12_site-packages_PyQt6_Qt6_lib_QtSerialPort_framework_Versions_A_QtSerialPort fileNode\nclass node_venv_lib_python3_12_site-packages_PyQt6_Qt6_lib_QtQuick_framework_Resources_Info_plist fileNode\nclass node_venv_lib_python3_12_site-packages_PyQt6_Qt6_lib_QtQuick_framework_Resources_PrivacyInfo_xcprivacy fileNode\nclass node_venv_lib_python3_12_site-packages_PyQt6_Qt6_lib_QtQuick_framework_Versions_A_QtQuick fileNode\nclass node_venv_lib_python3_12_site-packages_PyQt6_Qt6_lib_QtQuickEffects_framework_Resources_Info_plist fileNode\nclass node_venv_lib_python3_12_site-packages_PyQt6_Qt6_lib_QtQuickEffects_framework_Resources_PrivacyInfo_xcprivacy fileNode\nclass node_venv_lib_python3_12_site-packages_PyQt6_Qt6_lib_QtQuickEffects_framework_Versions_A_QtQuickEffects fileNode\nclass node_venv_lib_python3_12_site-packages_PyQt6_Qt6_lib_QtQuickTimelineBlendTrees_framework_Resources_Info_plist fileNode\nclass node_venv_lib_python3_12_site-packages_PyQt6_Qt6_lib_QtQuickTimelineBlendTrees_framework_Resources_PrivacyInfo_xcprivacy fileNode\nclass node_venv_lib_python3_12_site-packages_PyQt6_Qt6_lib_QtQuickTimelineBlendTrees_framework_Versions_A_QtQuickTimelineBlendTrees fileNode\nclass node_venv_lib_python3_12_site-packages_PyQt6_Qt6_lib_QtCore_framework_Resources_Info_plist fileNode\nclass node_venv_lib_python3_12_site-packages_PyQt6_Qt6_lib_QtCore_framework_Resources_PrivacyInfo_xcprivacy fileNode\nclass node_venv_lib_python3_12_site-packages_PyQt6_Qt6_lib_QtCore_framework_Versions_A_QtCore fileNode\nclass node_venv_lib_python3_12_site-packages_PyQt6_Qt6_lib_QtQuickDialogs2QuickImpl_framework_Resources_Info_plist fileNode\nclass node_venv_lib_python3_12_site-packages_PyQt6_Qt6_lib_QtQuickDialogs2QuickImpl_framework_Resources_PrivacyInfo_xcprivacy fileNode\nclass node_venv_lib_python3_12_site-packages_PyQt6_Qt6_lib_QtQuickDialogs2QuickImpl_framework_Versions_A_QtQuickDialogs2QuickImpl fileNode\nclass node_venv_lib_python3_12_site-packages_PyQt6_Qt6_lib_QtQuick3DGlslParser_framework_Resources_Info_plist fileNode\nclass node_venv_lib_python3_12_site-packages_PyQt6_Qt6_lib_QtQuick3DGlslParser_framework_Resources_PrivacyInfo_xcprivacy fileNode\nclass node_venv_lib_python3_12_site-packages_PyQt6_Qt6_lib_QtQuick3DGlslParser_framework_Versions_A_QtQuick3DGlslParser fileNode\nclass node_venv_lib_python3_12_site-packages_PyQt6_Qt6_lib_QtSensorsQuick_framework_Resources_Info_plist fileNode\nclass node_venv_lib_python3_12_site-packages_PyQt6_Qt6_lib_QtSensorsQuick_framework_Resources_PrivacyInfo_xcprivacy fileNode\nclass node_venv_lib_python3_12_site-packages_PyQt6_Qt6_lib_QtSensorsQuick_framework_Versions_A_QtSensorsQuick fileNode\nclass node_venv_lib_python3_12_site-packages_PyQt6_Qt6_lib_QtQml_framework_Resources_Info_plist fileNode\nclass node_venv_lib_python3_12_site-packages_PyQt6_Qt6_lib_QtQml_framework_Resources_PrivacyInfo_xcprivacy fileNode\nclass node_venv_lib_python3_12_site-packages_PyQt6_Qt6_lib_QtQml_framework_Versions_A_QtQml fileNode\nclass node_venv_lib_python3_12_site-packages_PyQt6_Qt6_lib_QtWebChannel_framework_Resources_Info_plist fileNode\nclass node_venv_lib_python3_12_site-packages_PyQt6_Qt6_lib_QtWebChannel_framework_Resources_PrivacyInfo_xcprivacy fileNode\nclass node_venv_lib_python3_12_site-packages_PyQt6_Qt6_lib_QtWebChannel_framework_Versions_A_QtWebChannel fileNode\nclass node_venv_lib_python3_12_site-packages_PyQt6_Qt6_lib_QtQuickVectorImageGenerator_framework_Resources_Info_plist fileNode\nclass node_venv_lib_python3_12_site-packages_PyQt6_Qt6_lib_QtQuickVectorImageGenerator_framework_Resources_PrivacyInfo_xcprivacy fileNode\nclass node_venv_lib_python3_12_site-packages_PyQt6_Qt6_lib_QtQuickVectorImageGenerator_framework_Versions_A_QtQuickVectorImageGenerator fileNode\nclass node_venv_lib_python3_12_site-packages_PyQt6_Qt6_lib_QtMultimedia_framework_Resources_Info_plist fileNode\nclass node_venv_lib_python3_12_site-packages_PyQt6_Qt6_lib_QtMultimedia_framework_Resources_PrivacyInfo_xcprivacy fileNode\nclass node_venv_lib_python3_12_site-packages_PyQt6_Qt6_lib_QtMultimedia_framework_Versions_A_QtMultimedia fileNode\nclass node_venv_lib_python3_12_site-packages_PyQt6_Qt6_lib_QtQmlWorkerScript_framework_Resources_Info_plist fileNode\nclass node_venv_lib_python3_12_site-packages_PyQt6_Qt6_lib_QtQmlWorkerScript_framework_Resources_PrivacyInfo_xcprivacy fileNode\nclass node_venv_lib_python3_12_site-packages_PyQt6_Qt6_lib_QtQmlWorkerScript_framework_Versions_A_QtQmlWorkerScript fileNode\nclass node_venv_lib_python3_12_site-packages_PyQt6_Qt6_lib_QtStateMachine_framework_Resources_Info_plist fileNode\nclass node_venv_lib_python3_12_site-packages_PyQt6_Qt6_lib_QtStateMachine_framework_Resources_PrivacyInfo_xcprivacy fileNode\nclass node_venv_lib_python3_12_site-packages_PyQt6_Qt6_lib_QtStateMachine_framework_Versions_A_QtStateMachine fileNode\nclass node_venv_lib_python3_12_site-packages_PyQt6_Qt6_lib_QtQuickControls2Impl_framework_Resources_Info_plist fileNode\nclass node_venv_lib_python3_12_site-packages_PyQt6_Qt6_lib_QtQuickControls2Impl_framework_Resources_PrivacyInfo_xcprivacy fileNode\nclass node_venv_lib_python3_12_site-packages_PyQt6_Qt6_lib_QtQuickControls2Impl_framework_Versions_A_QtQuickControls2Impl fileNode\nclass node_venv_lib_python3_12_site-packages_PyQt6_Qt6_lib_QtOpenGL_framework_Resources_Info_plist fileNode\nclass node_venv_lib_python3_12_site-packages_PyQt6_Qt6_lib_QtOpenGL_framework_Resources_PrivacyInfo_xcprivacy fileNode\nclass node_venv_lib_python3_12_site-packages_PyQt6_Qt6_lib_QtOpenGL_framework_Versions_A_QtOpenGL fileNode\nclass node_venv_lib_python3_12_site-packages_PyQt6_Qt6_lib_QtQuick3DPhysicsHelpers_framework_Resources_Info_plist fileNode\nclass node_venv_lib_python3_12_site-packages_PyQt6_Qt6_lib_QtQuick3DPhysicsHelpers_framework_Resources_PrivacyInfo_xcprivacy fileNode\nclass node_venv_lib_python3_12_site-packages_PyQt6_Qt6_lib_QtQuick3DPhysicsHelpers_framework_Versions_A_QtQuick3DPhysicsHelpers fileNode\nclass node_venv_lib_python3_12_site-packages_PyQt6_Qt6_lib_QtLabsQmlModels_framework_Resources_Info_plist fileNode\nclass node_venv_lib_python3_12_site-packages_PyQt6_Qt6_lib_QtLabsQmlModels_framework_Resources_PrivacyInfo_xcprivacy fileNode\nclass node_venv_lib_python3_12_site-packages_PyQt6_Qt6_lib_QtLabsQmlModels_framework_Versions_A_QtLabsQmlModels fileNode\nclass node_venv_lib_python3_12_site-packages_PyQt6_Qt6_lib_QtQuickControls2Universal_framework_Resources_Info_plist fileNode\nclass node_venv_lib_python3_12_site-packages_PyQt6_Qt6_lib_QtQuickControls2Universal_framework_Resources_PrivacyInfo_xcprivacy fileNode\nclass node_venv_lib_python3_12_site-packages_PyQt6_Qt6_lib_QtQuickControls2Universal_framework_Versions_A_QtQuickControls2Universal fileNode\nclass node_venv_lib_python3_12_site-packages_PyQt6_Qt6_lib_QtOpenGLWidgets_framework_Resources_Info_plist fileNode\nclass node_venv_lib_python3_12_site-packages_PyQt6_Qt6_lib_QtOpenGLWidgets_framework_Resources_PrivacyInfo_xcprivacy fileNode\nclass node_venv_lib_python3_12_site-packages_PyQt6_Qt6_lib_QtOpenGLWidgets_framework_Versions_A_QtOpenGLWidgets fileNode\nclass node_venv_lib_python3_12_site-packages_PyQt6_Qt6_lib_QtLabsSettings_framework_Resources_Info_plist fileNode\nclass node_venv_lib_python3_12_site-packages_PyQt6_Qt6_lib_QtLabsSettings_framework_Resources_PrivacyInfo_xcprivacy fileNode\nclass node_venv_lib_python3_12_site-packages_PyQt6_Qt6_lib_QtLabsSettings_framework_Versions_A_QtLabsSettings fileNode\nclass node_venv_lib_python3_12_site-packages_PyQt6_Qt6_lib_QtSvgWidgets_framework_Resources_Info_plist fileNode\nclass node_venv_lib_python3_12_site-packages_PyQt6_Qt6_lib_QtSvgWidgets_framework_Resources_PrivacyInfo_xcprivacy fileNode\nclass node_venv_lib_python3_12_site-packages_PyQt6_Qt6_lib_QtSvgWidgets_framework_Versions_A_QtSvgWidgets fileNode\nclass node_venv_lib_python3_12_site-packages_PyQt6_Qt6_lib_QtQuickControls2MacOSStyleImpl_framework_Resources_Info_plist fileNode\nclass node_venv_lib_python3_12_site-packages_PyQt6_Qt6_lib_QtQuickControls2MacOSStyleImpl_framework_Resources_PrivacyInfo_xcprivacy fileNode\nclass node_venv_lib_python3_12_site-packages_PyQt6_Qt6_lib_QtQuickControls2MacOSStyleImpl_framework_Versions_A_QtQuickControls2MacOSStyleImpl fileNode\nclass node_venv_lib_python3_12_site-packages_PyQt6_Qt6_lib_QtQuickControls2MaterialStyleImpl_framework_Resources_Info_plist fileNode\nclass node_venv_lib_python3_12_site-packages_PyQt6_Qt6_lib_QtQuickControls2MaterialStyleImpl_framework_Resources_PrivacyInfo_xcprivacy fileNode\nclass node_venv_lib_python3_12_site-packages_PyQt6_Qt6_lib_QtQuickControls2MaterialStyleImpl_framework_Versions_A_QtQuickControls2MaterialStyleImpl fileNode\nclass node_venv_lib_python3_12_site-packages_PyQt6_Qt6_lib_QtTest_framework_Resources_Info_plist fileNode\nclass node_venv_lib_python3_12_site-packages_PyQt6_Qt6_lib_QtTest_framework_Resources_PrivacyInfo_xcprivacy fileNode\nclass node_venv_lib_python3_12_site-packages_PyQt6_Qt6_lib_QtTest_framework_Versions_A_QtTest fileNode\nclass node_venv_lib_python3_12_site-packages_PyQt6_Qt6_lib_QtWidgets_framework_Resources_Info_plist fileNode\nclass node_venv_lib_python3_12_site-packages_PyQt6_Qt6_lib_QtWidgets_framework_Resources_PrivacyInfo_xcprivacy fileNode\nclass node_venv_lib_python3_12_site-packages_PyQt6_Qt6_lib_QtWidgets_framework_Versions_A_QtWidgets fileNode\nclass node_venv_lib_python3_12_site-packages_PyQt6_Qt6_lib_QtPositioning_framework_Resources_Info_plist fileNode\nclass node_venv_lib_python3_12_site-packages_PyQt6_Qt6_lib_QtPositioning_framework_Resources_PrivacyInfo_xcprivacy fileNode\nclass node_venv_lib_python3_12_site-packages_PyQt6_Qt6_lib_QtPositioning_framework_Versions_A_QtPositioning fileNode\nclass node_venv_lib_python3_12_site-packages_PyQt6_Qt6_lib_QtBluetooth_framework_Resources_Info_plist fileNode\nclass node_venv_lib_python3_12_site-packages_PyQt6_Qt6_lib_QtBluetooth_framework_Resources_PrivacyInfo_xcprivacy fileNode\nclass node_venv_lib_python3_12_site-packages_PyQt6_Qt6_lib_QtBluetooth_framework_Versions_A_QtBluetooth fileNode\nclass node_venv_lib_python3_12_site-packages_PyQt6_Qt6_lib_QtQuick3D_framework_Resources_Info_plist fileNode\nclass node_venv_lib_python3_12_site-packages_PyQt6_Qt6_lib_QtQuick3D_framework_Resources_PrivacyInfo_xcprivacy fileNode\nclass node_venv_lib_python3_12_site-packages_PyQt6_Qt6_lib_QtQuick3D_framework_Versions_A_QtQuick3D fileNode\nclass node_venv_lib_python3_12_site-packages_PyQt6_Qt6_lib_QtQuick3DHelpersImpl_framework_Resources_Info_plist fileNode\nclass node_venv_lib_python3_12_site-packages_PyQt6_Qt6_lib_QtQuick3DHelpersImpl_framework_Resources_PrivacyInfo_xcprivacy fileNode\nclass node_venv_lib_python3_12_site-packages_PyQt6_Qt6_lib_QtQuick3DHelpersImpl_framework_Versions_A_QtQuick3DHelpersImpl fileNode\nclass node_venv_lib_python3_12_site-packages_PyQt6_Qt6_lib_QtQuickShapes_framework_Resources_Info_plist fileNode\nclass node_venv_lib_python3_12_site-packages_PyQt6_Qt6_lib_QtQuickShapes_framework_Resources_PrivacyInfo_xcprivacy fileNode\nclass node_venv_lib_python3_12_site-packages_PyQt6_Qt6_lib_QtQuickShapes_framework_Versions_A_QtQuickShapes fileNode\nclass node_venv_lib_python3_12_site-packages_PyQt6_Qt6_lib_QtQuickTest_framework_Resources_Info_plist fileNode\nclass node_venv_lib_python3_12_site-packages_PyQt6_Qt6_lib_QtQuickTest_framework_Resources_PrivacyInfo_xcprivacy fileNode\nclass node_venv_lib_python3_12_site-packages_PyQt6_Qt6_lib_QtQuickTest_framework_Versions_A_QtQuickTest fileNode\nclass node_venv_lib_python3_12_site-packages_PyQt6_Qt6_lib_QtNetwork_framework_Resources_Info_plist fileNode\nclass node_venv_lib_python3_12_site-packages_PyQt6_Qt6_lib_QtNetwork_framework_Resources_PrivacyInfo_xcprivacy fileNode\nclass node_venv_lib_python3_12_site-packages_PyQt6_Qt6_lib_QtNetwork_framework_Versions_A_QtNetwork fileNode\nclass node_venv_lib_python3_12_site-packages_PyQt6_Qt6_lib_QtQuickControls2UniversalStyleImpl_framework_Resources_Info_plist fileNode\nclass node_venv_lib_python3_12_site-packages_PyQt6_Qt6_lib_QtQuickControls2UniversalStyleImpl_framework_Resources_PrivacyInfo_xcprivacy fileNode\nclass node_venv_lib_python3_12_site-packages_PyQt6_Qt6_lib_QtQuickControls2UniversalStyleImpl_framework_Versions_A_QtQuickControls2UniversalStyleImpl fileNode\nclass node_venv_lib_python3_12_site-packages_PyQt6_Qt6_lib_QtQuick3DSpatialAudio_framework_Resources_Info_plist fileNode\nclass node_venv_lib_python3_12_site-packages_PyQt6_Qt6_lib_QtQuick3DSpatialAudio_framework_Resources_PrivacyInfo_xcprivacy fileNode\nclass node_venv_lib_python3_12_site-packages_PyQt6_Qt6_lib_QtQuick3DSpatialAudio_framework_Versions_A_QtQuick3DSpatialAudio fileNode\nclass node_venv_lib_python3_12_site-packages_PyQt6_Qt6_lib_QtSvg_framework_Resources_Info_plist fileNode\nclass node_venv_lib_python3_12_site-packages_PyQt6_Qt6_lib_QtSvg_framework_Resources_PrivacyInfo_xcprivacy fileNode\nclass node_venv_lib_python3_12_site-packages_PyQt6_Qt6_lib_QtSvg_framework_Versions_A_QtSvg fileNode\nclass node_venv_lib_python3_12_site-packages_PyQt6_Qt6_lib_QtQuickControls2IOSStyleImpl_framework_Resources_Info_plist fileNode\nclass node_venv_lib_python3_12_site-packages_PyQt6_Qt6_lib_QtQuickControls2IOSStyleImpl_framework_Resources_PrivacyInfo_xcprivacy fileNode\nclass node_venv_lib_python3_12_site-packages_PyQt6_Qt6_lib_QtQuickControls2IOSStyleImpl_framework_Versions_A_QtQuickControls2IOSStyleImpl fileNode\nclass node_venv_lib_python3_12_site-packages_PyQt6_Qt6_lib_QtQuick3DIblBaker_framework_Resources_Info_plist fileNode\nclass node_venv_lib_python3_12_site-packages_PyQt6_Qt6_lib_QtQuick3DIblBaker_framework_Resources_PrivacyInfo_xcprivacy fileNode\nclass node_venv_lib_python3_12_site-packages_PyQt6_Qt6_lib_QtQuick3DIblBaker_framework_Versions_A_QtQuick3DIblBaker fileNode\nclass node_venv_lib_python3_12_site-packages_PyQt6_Qt6_lib_QtQuickControls2Imagine_framework_Resources_Info_plist fileNode\nclass node_venv_lib_python3_12_site-packages_PyQt6_Qt6_lib_QtQuickControls2Imagine_framework_Resources_PrivacyInfo_xcprivacy fileNode\nclass node_venv_lib_python3_12_site-packages_PyQt6_Qt6_lib_QtQuickControls2Imagine_framework_Versions_A_QtQuickControls2Imagine fileNode\nclass node_venv_lib_python3_12_site-packages_PyQt6_Qt6_lib_QtQuick3DEffects_framework_Resources_Info_plist fileNode\nclass node_venv_lib_python3_12_site-packages_PyQt6_Qt6_lib_QtQuick3DEffects_framework_Resources_PrivacyInfo_xcprivacy fileNode\nclass node_venv_lib_python3_12_site-packages_PyQt6_Qt6_lib_QtQuick3DEffects_framework_Versions_A_QtQuick3DEffects fileNode\nclass node_venv_lib_python3_12_site-packages_PyQt6_Qt6_lib_QtMultimediaWidgets_framework_Resources_Info_plist fileNode\nclass node_venv_lib_python3_12_site-packages_PyQt6_Qt6_lib_QtMultimediaWidgets_framework_Resources_PrivacyInfo_xcprivacy fileNode\nclass node_venv_lib_python3_12_site-packages_PyQt6_Qt6_lib_QtMultimediaWidgets_framework_Versions_A_QtMultimediaWidgets fileNode\nclass node_venv_lib_python3_12_site-packages_PyQt6_Qt6_lib_QtWebChannelQuick_framework_Resources_Info_plist fileNode\nclass node_venv_lib_python3_12_site-packages_PyQt6_Qt6_lib_QtWebChannelQuick_framework_Resources_PrivacyInfo_xcprivacy fileNode\nclass node_venv_lib_python3_12_site-packages_PyQt6_Qt6_lib_QtWebChannelQuick_framework_Versions_A_QtWebChannelQuick fileNode\nclass node_venv_lib_python3_12_site-packages_PyQt6_Qt6_lib_QtQmlModels_framework_Resources_Info_plist fileNode\nclass node_venv_lib_python3_12_site-packages_PyQt6_Qt6_lib_QtQmlModels_framework_Resources_PrivacyInfo_xcprivacy fileNode\nclass node_venv_lib_python3_12_site-packages_PyQt6_Qt6_lib_QtQmlModels_framework_Versions_A_QtQmlModels fileNode\nclass node_venv_lib_python3_12_site-packages_PyQt6_Qt6_lib_QtLabsAnimation_framework_Resources_Info_plist fileNode\nclass node_venv_lib_python3_12_site-packages_PyQt6_Qt6_lib_QtLabsAnimation_framework_Resources_PrivacyInfo_xcprivacy fileNode\nclass node_venv_lib_python3_12_site-packages_PyQt6_Qt6_lib_QtLabsAnimation_framework_Versions_A_QtLabsAnimation fileNode\nclass node_venv_lib_python3_12_site-packages_PyQt6_Qt6_lib_QtPdfQuick_framework_Resources_Info_plist fileNode\nclass node_venv_lib_python3_12_site-packages_PyQt6_Qt6_lib_QtPdfQuick_framework_Resources_PrivacyInfo_xcprivacy fileNode\nclass node_venv_lib_python3_12_site-packages_PyQt6_Qt6_lib_QtPdfQuick_framework_Versions_A_QtPdfQuick fileNode\nclass node_venv_lib_python3_12_site-packages_PyQt6_Qt6_lib_QtLabsFolderListModel_framework_Resources_Info_plist fileNode\nclass node_venv_lib_python3_12_site-packages_PyQt6_Qt6_lib_QtLabsFolderListModel_framework_Resources_PrivacyInfo_xcprivacy fileNode\nclass node_venv_lib_python3_12_site-packages_PyQt6_Qt6_lib_QtLabsFolderListModel_framework_Versions_A_QtLabsFolderListModel fileNode\nclass node_venv_lib_python3_12_site-packages_PyQt6_Qt6_lib_QtQuick3DPhysics_framework_Resources_Info_plist fileNode\nclass node_venv_lib_python3_12_site-packages_PyQt6_Qt6_lib_QtQuick3DPhysics_framework_Resources_PrivacyInfo_xcprivacy fileNode\nclass node_venv_lib_python3_12_site-packages_PyQt6_Qt6_lib_QtQuick3DPhysics_framework_Versions_A_QtQuick3DPhysics fileNode\nclass node_venv_lib_python3_12_site-packages_PyQt6_Qt6_lib_QtRemoteObjectsQml_framework_Resources_Info_plist fileNode\nclass node_venv_lib_python3_12_site-packages_PyQt6_Qt6_lib_QtRemoteObjectsQml_framework_Resources_PrivacyInfo_xcprivacy fileNode\nclass node_venv_lib_python3_12_site-packages_PyQt6_Qt6_lib_QtRemoteObjectsQml_framework_Versions_A_QtRemoteObjectsQml fileNode\nclass node_venv_lib_python3_12_site-packages_PyQt6_Qt6_lib_QtSensors_framework_Resources_Info_plist fileNode\nclass node_venv_lib_python3_12_site-packages_PyQt6_Qt6_lib_QtSensors_framework_Resources_PrivacyInfo_xcprivacy fileNode\nclass node_venv_lib_python3_12_site-packages_PyQt6_Qt6_lib_QtSensors_framework_Versions_A_QtSensors fileNode\nclass node_venv_lib_python3_12_site-packages_PyQt6_Qt6_lib_QtQuick3DHelpers_framework_Resources_Info_plist fileNode\nclass node_venv_lib_python3_12_site-packages_PyQt6_Qt6_lib_QtQuick3DHelpers_framework_Resources_PrivacyInfo_xcprivacy fileNode\nclass node_venv_lib_python3_12_site-packages_PyQt6_Qt6_lib_QtQuick3DHelpers_framework_Versions_A_QtQuick3DHelpers fileNode\nclass node_venv_lib_python3_12_site-packages_PyQt6_Qt6_lib_QtQuickDialogs2_framework_Resources_Info_plist fileNode\nclass node_venv_lib_python3_12_site-packages_PyQt6_Qt6_lib_QtQuickDialogs2_framework_Resources_PrivacyInfo_xcprivacy fileNode\nclass node_venv_lib_python3_12_site-packages_PyQt6_Qt6_lib_QtQuickDialogs2_framework_Versions_A_QtQuickDialogs2 fileNode\nclass node_venv_lib_python3_12_site-packages_PyQt6_Qt6_lib_QtLabsWavefrontMesh_framework_Resources_Info_plist fileNode\nclass node_venv_lib_python3_12_site-packages_PyQt6_Qt6_lib_QtLabsWavefrontMesh_framework_Resources_PrivacyInfo_xcprivacy fileNode\nclass node_venv_lib_python3_12_site-packages_PyQt6_Qt6_lib_QtLabsWavefrontMesh_framework_Versions_A_QtLabsWavefrontMesh fileNode\nclass node_venv_lib_python3_12_site-packages_PyQt6_Qt6_lib_QtTextToSpeech_framework_Resources_Info_plist fileNode\nclass node_venv_lib_python3_12_site-packages_PyQt6_Qt6_lib_QtTextToSpeech_framework_Resources_PrivacyInfo_xcprivacy fileNode\nclass node_venv_lib_python3_12_site-packages_PyQt6_Qt6_lib_QtTextToSpeech_framework_Versions_A_QtTextToSpeech fileNode\nclass node_venv_lib_python3_12_site-packages_PyQt6_Qt6_lib_QtStateMachineQml_framework_Resources_Info_plist fileNode\nclass node_venv_lib_python3_12_site-packages_PyQt6_Qt6_lib_QtStateMachineQml_framework_Resources_PrivacyInfo_xcprivacy fileNode\nclass node_venv_lib_python3_12_site-packages_PyQt6_Qt6_lib_QtStateMachineQml_framework_Versions_A_QtStateMachineQml fileNode\nclass node_venv_lib_python3_12_site-packages_PyQt6_Qt6_lib_QtSql_framework_Resources_Info_plist fileNode\nclass node_venv_lib_python3_12_site-packages_PyQt6_Qt6_lib_QtSql_framework_Resources_PrivacyInfo_xcprivacy fileNode\nclass node_venv_lib_python3_12_site-packages_PyQt6_Qt6_lib_QtSql_framework_Versions_A_QtSql fileNode\nclass node_venv_lib_python3_12_site-packages_PyQt6_Qt6_lib_QtConcurrent_framework_Resources_Info_plist fileNode\nclass node_venv_lib_python3_12_site-packages_PyQt6_Qt6_lib_QtConcurrent_framework_Resources_PrivacyInfo_xcprivacy fileNode\nclass node_venv_lib_python3_12_site-packages_PyQt6_Qt6_lib_QtConcurrent_framework_Versions_A_QtConcurrent fileNode\nclass node_venv_lib_python3_12_site-packages_PyQt6_Qt6_qsci_api_python_PyQt6_api fileNode\nclass node_venv_lib_python3_12_site-packages_PyQt6_Qt6_translations_qt_ar_qm fileNode\nclass node_venv_lib_python3_12_site-packages_PyQt6_Qt6_translations_qt_bg_qm fileNode\nclass node_venv_lib_python3_12_site-packages_PyQt6_Qt6_translations_qt_ca_qm fileNode\nclass node_venv_lib_python3_12_site-packages_PyQt6_Qt6_translations_qt_cs_qm fileNode\nclass node_venv_lib_python3_12_site-packages_PyQt6_Qt6_translations_qt_da_qm fileNode\nclass node_venv_lib_python3_12_site-packages_PyQt6_Qt6_translations_qt_de_qm fileNode\nclass node_venv_lib_python3_12_site-packages_PyQt6_Qt6_translations_qt_en_qm fileNode\nclass node_venv_lib_python3_12_site-packages_PyQt6_Qt6_translations_qt_es_qm fileNode\nclass node_venv_lib_python3_12_site-packages_PyQt6_Qt6_translations_qt_fa_qm fileNode\nclass node_venv_lib_python3_12_site-packages_PyQt6_Qt6_translations_qt_fi_qm fileNode\nclass node_venv_lib_python3_12_site-packages_PyQt6_Qt6_translations_qt_fr_qm fileNode\nclass node_venv_lib_python3_12_site-packages_PyQt6_Qt6_translations_qt_gd_qm fileNode\nclass node_venv_lib_python3_12_site-packages_PyQt6_Qt6_translations_qt_gl_qm fileNode\nclass node_venv_lib_python3_12_site-packages_PyQt6_Qt6_translations_qt_he_qm fileNode\nclass node_venv_lib_python3_12_site-packages_PyQt6_Qt6_translations_qt_help_ar_qm fileNode\nclass node_venv_lib_python3_12_site-packages_PyQt6_Qt6_translations_qt_help_bg_qm fileNode\nclass node_venv_lib_python3_12_site-packages_PyQt6_Qt6_translations_qt_help_ca_qm fileNode\nclass node_venv_lib_python3_12_site-packages_PyQt6_Qt6_translations_qt_help_cs_qm fileNode\nclass node_venv_lib_python3_12_site-packages_PyQt6_Qt6_translations_qt_help_da_qm fileNode\nclass node_venv_lib_python3_12_site-packages_PyQt6_Qt6_translations_qt_help_de_qm fileNode\nclass node_venv_lib_python3_12_site-packages_PyQt6_Qt6_translations_qt_help_en_qm fileNode\nclass node_venv_lib_python3_12_site-packages_PyQt6_Qt6_translations_qt_help_es_qm fileNode\nclass node_venv_lib_python3_12_site-packages_PyQt6_Qt6_translations_qt_help_fr_qm fileNode\nclass node_venv_lib_python3_12_site-packages_PyQt6_Qt6_translations_qt_help_gl_qm fileNode\nclass node_venv_lib_python3_12_site-packages_PyQt6_Qt6_translations_qt_help_hr_qm fileNode\nclass node_venv_lib_python3_12_site-packages_PyQt6_Qt6_translations_qt_help_hu_qm fileNode\nclass node_venv_lib_python3_12_site-packages_PyQt6_Qt6_translations_qt_help_it_qm fileNode\nclass node_venv_lib_python3_12_site-packages_PyQt6_Qt6_translations_qt_help_ja_qm fileNode\nclass node_venv_lib_python3_12_site-packages_PyQt6_Qt6_translations_qt_help_ka_qm fileNode\nclass node_venv_lib_python3_12_site-packages_PyQt6_Qt6_translations_qt_help_ko_qm fileNode\nclass node_venv_lib_python3_12_site-packages_PyQt6_Qt6_translations_qt_help_nl_qm fileNode\nclass node_venv_lib_python3_12_site-packages_PyQt6_Qt6_translations_qt_help_nn_qm fileNode\nclass node_venv_lib_python3_12_site-packages_PyQt6_Qt6_translations_qt_help_pl_qm fileNode\nclass node_venv_lib_python3_12_site-packages_PyQt6_Qt6_translations_qt_help_pt_BR_qm fileNode\nclass node_venv_lib_python3_12_site-packages_PyQt6_Qt6_translations_qt_help_ru_qm fileNode\nclass node_venv_lib_python3_12_site-packages_PyQt6_Qt6_translations_qt_help_sk_qm fileNode\nclass node_venv_lib_python3_12_site-packages_PyQt6_Qt6_translations_qt_help_sl_qm fileNode\nclass node_venv_lib_python3_12_site-packages_PyQt6_Qt6_translations_qt_help_sv_qm fileNode\nclass node_venv_lib_python3_12_site-packages_PyQt6_Qt6_translations_qt_help_tr_qm fileNode\nclass node_venv_lib_python3_12_site-packages_PyQt6_Qt6_translations_qt_help_uk_qm fileNode\nclass node_venv_lib_python3_12_site-packages_PyQt6_Qt6_translations_qt_help_zh_CN_qm fileNode\nclass node_venv_lib_python3_12_site-packages_PyQt6_Qt6_translations_qt_help_zh_TW_qm fileNode\nclass node_venv_lib_python3_12_site-packages_PyQt6_Qt6_translations_qt_hr_qm fileNode\nclass node_venv_lib_python3_12_site-packages_PyQt6_Qt6_translations_qt_hu_qm fileNode\nclass node_venv_lib_python3_12_site-packages_PyQt6_Qt6_translations_qt_it_qm fileNode\nclass node_venv_lib_python3_12_site-packages_PyQt6_Qt6_translations_qt_ja_qm fileNode\nclass node_venv_lib_python3_12_site-packages_PyQt6_Qt6_translations_qt_ka_qm fileNode\nclass node_venv_lib_python3_12_site-packages_PyQt6_Qt6_translations_qt_ko_qm fileNode\nclass node_venv_lib_python3_12_site-packages_PyQt6_Qt6_translations_qt_lg_qm fileNode\nclass node_venv_lib_python3_12_site-packages_PyQt6_Qt6_translations_qt_lt_qm fileNode\nclass node_venv_lib_python3_12_site-packages_PyQt6_Qt6_translations_qt_lv_qm fileNode\nclass node_venv_lib_python3_12_site-packages_PyQt6_Qt6_translations_qt_nl_qm fileNode\nclass node_venv_lib_python3_12_site-packages_PyQt6_Qt6_translations_qt_nn_qm fileNode\nclass node_venv_lib_python3_12_site-packages_PyQt6_Qt6_translations_qt_pl_qm fileNode\nclass node_venv_lib_python3_12_site-packages_PyQt6_Qt6_translations_qt_pt_BR_qm fileNode\nclass node_venv_lib_python3_12_site-packages_PyQt6_Qt6_translations_qt_pt_PT_qm fileNode\nclass node_venv_lib_python3_12_site-packages_PyQt6_Qt6_translations_qt_ru_qm fileNode\nclass node_venv_lib_python3_12_site-packages_PyQt6_Qt6_translations_qt_sk_qm fileNode\nclass node_venv_lib_python3_12_site-packages_PyQt6_Qt6_translations_qt_sl_qm fileNode\nclass node_venv_lib_python3_12_site-packages_PyQt6_Qt6_translations_qt_sv_qm fileNode\nclass node_venv_lib_python3_12_site-packages_PyQt6_Qt6_translations_qt_tr_qm fileNode\nclass node_venv_lib_python3_12_site-packages_PyQt6_Qt6_translations_qt_uk_qm fileNode\nclass node_venv_lib_python3_12_site-packages_PyQt6_Qt6_translations_qt_zh_CN_qm fileNode\nclass node_venv_lib_python3_12_site-packages_PyQt6_Qt6_translations_qt_zh_TW_qm fileNode\nclass node_venv_lib_python3_12_site-packages_PyQt6_Qt6_translations_qtbase_ar_qm fileNode\nclass node_venv_lib_python3_12_site-packages_PyQt6_Qt6_translations_qtbase_bg_qm fileNode\nclass node_venv_lib_python3_12_site-packages_PyQt6_Qt6_translations_qtbase_ca_qm fileNode\nclass node_venv_lib_python3_12_site-packages_PyQt6_Qt6_translations_qtbase_cs_qm fileNode\nclass node_venv_lib_python3_12_site-packages_PyQt6_Qt6_translations_qtbase_da_qm fileNode\nclass node_venv_lib_python3_12_site-packages_PyQt6_Qt6_translations_qtbase_de_qm fileNode\nclass node_venv_lib_python3_12_site-packages_PyQt6_Qt6_translations_qtbase_en_qm fileNode\nclass node_venv_lib_python3_12_site-packages_PyQt6_Qt6_translations_qtbase_es_qm fileNode\nclass node_venv_lib_python3_12_site-packages_PyQt6_Qt6_translations_qtbase_fa_qm fileNode\nclass node_venv_lib_python3_12_site-packages_PyQt6_Qt6_translations_qtbase_fi_qm fileNode\nclass node_venv_lib_python3_12_site-packages_PyQt6_Qt6_translations_qtbase_fr_qm fileNode\nclass node_venv_lib_python3_12_site-packages_PyQt6_Qt6_translations_qtbase_gd_qm fileNode\nclass node_venv_lib_python3_12_site-packages_PyQt6_Qt6_translations_qtbase_he_qm fileNode\nclass node_venv_lib_python3_12_site-packages_PyQt6_Qt6_translations_qtbase_hr_qm fileNode\nclass node_venv_lib_python3_12_site-packages_PyQt6_Qt6_translations_qtbase_hu_qm fileNode\nclass node_venv_lib_python3_12_site-packages_PyQt6_Qt6_translations_qtbase_it_qm fileNode\nclass node_venv_lib_python3_12_site-packages_PyQt6_Qt6_translations_qtbase_ja_qm fileNode\nclass node_venv_lib_python3_12_site-packages_PyQt6_Qt6_translations_qtbase_ka_qm fileNode\nclass node_venv_lib_python3_12_site-packages_PyQt6_Qt6_translations_qtbase_ko_qm fileNode\nclass node_venv_lib_python3_12_site-packages_PyQt6_Qt6_translations_qtbase_lg_qm fileNode\nclass node_venv_lib_python3_12_site-packages_PyQt6_Qt6_translations_qtbase_lv_qm fileNode\nclass node_venv_lib_python3_12_site-packages_PyQt6_Qt6_translations_qtbase_nl_qm fileNode\nclass node_venv_lib_python3_12_site-packages_PyQt6_Qt6_translations_qtbase_nn_qm fileNode\nclass node_venv_lib_python3_12_site-packages_PyQt6_Qt6_translations_qtbase_pl_qm fileNode\nclass node_venv_lib_python3_12_site-packages_PyQt6_Qt6_translations_qtbase_pt_BR_qm fileNode\nclass node_venv_lib_python3_12_site-packages_PyQt6_Qt6_translations_qtbase_ru_qm fileNode\nclass node_venv_lib_python3_12_site-packages_PyQt6_Qt6_translations_qtbase_sk_qm fileNode\nclass node_venv_lib_python3_12_site-packages_PyQt6_Qt6_translations_qtbase_sv_qm fileNode\nclass node_venv_lib_python3_12_site-packages_PyQt6_Qt6_translations_qtbase_tr_qm fileNode\nclass node_venv_lib_python3_12_site-packages_PyQt6_Qt6_translations_qtbase_uk_qm fileNode\nclass node_venv_lib_python3_12_site-packages_PyQt6_Qt6_translations_qtbase_zh_CN_qm fileNode\nclass node_venv_lib_python3_12_site-packages_PyQt6_Qt6_translations_qtbase_zh_TW_qm fileNode\nclass node_venv_lib_python3_12_site-packages_PyQt6_Qt6_translations_qtconnectivity_bg_qm fileNode\nclass node_venv_lib_python3_12_site-packages_PyQt6_Qt6_translations_qtconnectivity_ca_qm fileNode\nclass node_venv_lib_python3_12_site-packages_PyQt6_Qt6_translations_qtconnectivity_da_qm fileNode\nclass node_venv_lib_python3_12_site-packages_PyQt6_Qt6_translations_qtconnectivity_de_qm fileNode\nclass node_venv_lib_python3_12_site-packages_PyQt6_Qt6_translations_qtconnectivity_en_qm fileNode\nclass node_venv_lib_python3_12_site-packages_PyQt6_Qt6_translations_qtconnectivity_es_qm fileNode\nclass node_venv_lib_python3_12_site-packages_PyQt6_Qt6_translations_qtconnectivity_hr_qm fileNode\nclass node_venv_lib_python3_12_site-packages_PyQt6_Qt6_translations_qtconnectivity_hu_qm fileNode\nclass node_venv_lib_python3_12_site-packages_PyQt6_Qt6_translations_qtconnectivity_ka_qm fileNode\nclass node_venv_lib_python3_12_site-packages_PyQt6_Qt6_translations_qtconnectivity_ko_qm fileNode\nclass node_venv_lib_python3_12_site-packages_PyQt6_Qt6_translations_qtconnectivity_nl_qm fileNode\nclass node_venv_lib_python3_12_site-packages_PyQt6_Qt6_translations_qtconnectivity_pl_qm fileNode\nclass node_venv_lib_python3_12_site-packages_PyQt6_Qt6_translations_qtconnectivity_pt_BR_qm fileNode\nclass node_venv_lib_python3_12_site-packages_PyQt6_Qt6_translations_qtconnectivity_ru_qm fileNode\nclass node_venv_lib_python3_12_site-packages_PyQt6_Qt6_translations_qtconnectivity_sv_qm fileNode\nclass node_venv_lib_python3_12_site-packages_PyQt6_Qt6_translations_qtconnectivity_tr_qm fileNode\nclass node_venv_lib_python3_12_site-packages_PyQt6_Qt6_translations_qtconnectivity_uk_qm fileNode\nclass node_venv_lib_python3_12_site-packages_PyQt6_Qt6_translations_qtconnectivity_zh_CN_qm fileNode\nclass node_venv_lib_python3_12_site-packages_PyQt6_Qt6_translations_qtdeclarative_ar_qm fileNode\nclass node_venv_lib_python3_12_site-packages_PyQt6_Qt6_translations_qtdeclarative_bg_qm fileNode\nclass node_venv_lib_python3_12_site-packages_PyQt6_Qt6_translations_qtdeclarative_ca_qm fileNode\nclass node_venv_lib_python3_12_site-packages_PyQt6_Qt6_translations_qtdeclarative_da_qm fileNode\nclass node_venv_lib_python3_12_site-packages_PyQt6_Qt6_translations_qtdeclarative_de_qm fileNode\nclass node_venv_lib_python3_12_site-packages_PyQt6_Qt6_translations_qtdeclarative_en_qm fileNode\nclass node_venv_lib_python3_12_site-packages_PyQt6_Qt6_translations_qtdeclarative_es_qm fileNode\nclass node_venv_lib_python3_12_site-packages_PyQt6_Qt6_translations_qtdeclarative_fa_qm fileNode\nclass node_venv_lib_python3_12_site-packages_PyQt6_Qt6_translations_qtdeclarative_fi_qm fileNode\nclass node_venv_lib_python3_12_site-packages_PyQt6_Qt6_translations_qtdeclarative_fr_qm fileNode\nclass node_venv_lib_python3_12_site-packages_PyQt6_Qt6_translations_qtdeclarative_hr_qm fileNode\nclass node_venv_lib_python3_12_site-packages_PyQt6_Qt6_translations_qtdeclarative_hu_qm fileNode\nclass node_venv_lib_python3_12_site-packages_PyQt6_Qt6_translations_qtdeclarative_ja_qm fileNode\nclass node_venv_lib_python3_12_site-packages_PyQt6_Qt6_translations_qtdeclarative_ka_qm fileNode\nclass node_venv_lib_python3_12_site-packages_PyQt6_Qt6_translations_qtdeclarative_ko_qm fileNode\nclass node_venv_lib_python3_12_site-packages_PyQt6_Qt6_translations_qtdeclarative_lv_qm fileNode\nclass node_venv_lib_python3_12_site-packages_PyQt6_Qt6_translations_qtdeclarative_nl_qm fileNode\nclass node_venv_lib_python3_12_site-packages_PyQt6_Qt6_translations_qtdeclarative_nn_qm fileNode\nclass node_venv_lib_python3_12_site-packages_PyQt6_Qt6_translations_qtdeclarative_pl_qm fileNode\nclass node_venv_lib_python3_12_site-packages_PyQt6_Qt6_translations_qtdeclarative_pt_BR_qm fileNode\nclass node_venv_lib_python3_12_site-packages_PyQt6_Qt6_translations_qtdeclarative_ru_qm fileNode\nclass node_venv_lib_python3_12_site-packages_PyQt6_Qt6_translations_qtdeclarative_sk_qm fileNode\nclass node_venv_lib_python3_12_site-packages_PyQt6_Qt6_translations_qtdeclarative_sv_qm fileNode\nclass node_venv_lib_python3_12_site-packages_PyQt6_Qt6_translations_qtdeclarative_tr_qm fileNode\nclass node_venv_lib_python3_12_site-packages_PyQt6_Qt6_translations_qtdeclarative_uk_qm fileNode\nclass node_venv_lib_python3_12_site-packages_PyQt6_Qt6_translations_qtdeclarative_zh_CN_qm fileNode\nclass node_venv_lib_python3_12_site-packages_PyQt6_Qt6_translations_qtdeclarative_zh_TW_qm fileNode\nclass node_venv_lib_python3_12_site-packages_PyQt6_Qt6_translations_qtlocation_bg_qm fileNode\nclass node_venv_lib_python3_12_site-packages_PyQt6_Qt6_translations_qtlocation_ca_qm fileNode\nclass node_venv_lib_python3_12_site-packages_PyQt6_Qt6_translations_qtlocation_da_qm fileNode\nclass node_venv_lib_python3_12_site-packages_PyQt6_Qt6_translations_qtlocation_de_qm fileNode\nclass node_venv_lib_python3_12_site-packages_PyQt6_Qt6_translations_qtlocation_en_qm fileNode\nclass node_venv_lib_python3_12_site-packages_PyQt6_Qt6_translations_qtlocation_es_qm fileNode\nclass node_venv_lib_python3_12_site-packages_PyQt6_Qt6_translations_qtlocation_fi_qm fileNode\nclass node_venv_lib_python3_12_site-packages_PyQt6_Qt6_translations_qtlocation_fr_qm fileNode\nclass node_venv_lib_python3_12_site-packages_PyQt6_Qt6_translations_qtlocation_hr_qm fileNode\nclass node_venv_lib_python3_12_site-packages_PyQt6_Qt6_translations_qtlocation_hu_qm fileNode\nclass node_venv_lib_python3_12_site-packages_PyQt6_Qt6_translations_qtlocation_ka_qm fileNode\nclass node_venv_lib_python3_12_site-packages_PyQt6_Qt6_translations_qtlocation_ko_qm fileNode\nclass node_venv_lib_python3_12_site-packages_PyQt6_Qt6_translations_qtlocation_nl_qm fileNode\nclass node_venv_lib_python3_12_site-packages_PyQt6_Qt6_translations_qtlocation_pl_qm fileNode\nclass node_venv_lib_python3_12_site-packages_PyQt6_Qt6_translations_qtlocation_pt_BR_qm fileNode\nclass node_venv_lib_python3_12_site-packages_PyQt6_Qt6_translations_qtlocation_ru_qm fileNode\nclass node_venv_lib_python3_12_site-packages_PyQt6_Qt6_translations_qtlocation_sv_qm fileNode\nclass node_venv_lib_python3_12_site-packages_PyQt6_Qt6_translations_qtlocation_tr_qm fileNode\nclass node_venv_lib_python3_12_site-packages_PyQt6_Qt6_translations_qtlocation_uk_qm fileNode\nclass node_venv_lib_python3_12_site-packages_PyQt6_Qt6_translations_qtlocation_zh_CN_qm fileNode\nclass node_venv_lib_python3_12_site-packages_PyQt6_Qt6_translations_qtmultimedia_ar_qm fileNode\nclass node_venv_lib_python3_12_site-packages_PyQt6_Qt6_translations_qtmultimedia_bg_qm fileNode\nclass node_venv_lib_python3_12_site-packages_PyQt6_Qt6_translations_qtmultimedia_ca_qm fileNode\nclass node_venv_lib_python3_12_site-packages_PyQt6_Qt6_translations_qtmultimedia_cs_qm fileNode\nclass node_venv_lib_python3_12_site-packages_PyQt6_Qt6_translations_qtmultimedia_da_qm fileNode\nclass node_venv_lib_python3_12_site-packages_PyQt6_Qt6_translations_qtmultimedia_de_qm fileNode\nclass node_venv_lib_python3_12_site-packages_PyQt6_Qt6_translations_qtmultimedia_en_qm fileNode\nclass node_venv_lib_python3_12_site-packages_PyQt6_Qt6_translations_qtmultimedia_es_qm fileNode\nclass node_venv_lib_python3_12_site-packages_PyQt6_Qt6_translations_qtmultimedia_fa_qm fileNode\nclass node_venv_lib_python3_12_site-packages_PyQt6_Qt6_translations_qtmultimedia_fi_qm fileNode\nclass node_venv_lib_python3_12_site-packages_PyQt6_Qt6_translations_qtmultimedia_fr_qm fileNode\nclass node_venv_lib_python3_12_site-packages_PyQt6_Qt6_translations_qtmultimedia_hr_qm fileNode\nclass node_venv_lib_python3_12_site-packages_PyQt6_Qt6_translations_qtmultimedia_hu_qm fileNode\nclass node_venv_lib_python3_12_site-packages_PyQt6_Qt6_translations_qtmultimedia_it_qm fileNode\nclass node_venv_lib_python3_12_site-packages_PyQt6_Qt6_translations_qtmultimedia_ja_qm fileNode\nclass node_venv_lib_python3_12_site-packages_PyQt6_Qt6_translations_qtmultimedia_ka_qm fileNode\nclass node_venv_lib_python3_12_site-packages_PyQt6_Qt6_translations_qtmultimedia_ko_qm fileNode\nclass node_venv_lib_python3_12_site-packages_PyQt6_Qt6_translations_qtmultimedia_nl_qm fileNode\nclass node_venv_lib_python3_12_site-packages_PyQt6_Qt6_translations_qtmultimedia_nn_qm fileNode\nclass node_venv_lib_python3_12_site-packages_PyQt6_Qt6_translations_qtmultimedia_pl_qm fileNode\nclass node_venv_lib_python3_12_site-packages_PyQt6_Qt6_translations_qtmultimedia_pt_BR_qm fileNode\nclass node_venv_lib_python3_12_site-packages_PyQt6_Qt6_translations_qtmultimedia_ru_qm fileNode\nclass node_venv_lib_python3_12_site-packages_PyQt6_Qt6_translations_qtmultimedia_sk_qm fileNode\nclass node_venv_lib_python3_12_site-packages_PyQt6_Qt6_translations_qtmultimedia_sv_qm fileNode\nclass node_venv_lib_python3_12_site-packages_PyQt6_Qt6_translations_qtmultimedia_tr_qm fileNode\nclass node_venv_lib_python3_12_site-packages_PyQt6_Qt6_translations_qtmultimedia_uk_qm fileNode\nclass node_venv_lib_python3_12_site-packages_PyQt6_Qt6_translations_qtmultimedia_zh_CN_qm fileNode\nclass node_venv_lib_python3_12_site-packages_PyQt6_Qt6_translations_qtmultimedia_zh_TW_qm fileNode\nclass node_venv_lib_python3_12_site-packages_PyQt6_Qt6_translations_qtserialport_de_qm fileNode\nclass node_venv_lib_python3_12_site-packages_PyQt6_Qt6_translations_qtserialport_en_qm fileNode\nclass node_venv_lib_python3_12_site-packages_PyQt6_Qt6_translations_qtserialport_es_qm fileNode\nclass node_venv_lib_python3_12_site-packages_PyQt6_Qt6_translations_qtserialport_ja_qm fileNode\nclass node_venv_lib_python3_12_site-packages_PyQt6_Qt6_translations_qtserialport_ka_qm fileNode\nclass node_venv_lib_python3_12_site-packages_PyQt6_Qt6_translations_qtserialport_ko_qm fileNode\nclass node_venv_lib_python3_12_site-packages_PyQt6_Qt6_translations_qtserialport_pl_qm fileNode\nclass node_venv_lib_python3_12_site-packages_PyQt6_Qt6_translations_qtserialport_pt_BR_qm fileNode\nclass node_venv_lib_python3_12_site-packages_PyQt6_Qt6_translations_qtserialport_ru_qm fileNode\nclass node_venv_lib_python3_12_site-packages_PyQt6_Qt6_translations_qtserialport_sv_qm fileNode\nclass node_venv_lib_python3_12_site-packages_PyQt6_Qt6_translations_qtserialport_tr_qm fileNode\nclass node_venv_lib_python3_12_site-packages_PyQt6_Qt6_translations_qtserialport_uk_qm fileNode\nclass node_venv_lib_python3_12_site-packages_PyQt6_Qt6_translations_qtserialport_zh_CN_qm fileNode\nclass node_venv_lib_python3_12_site-packages_PyQt6_Qt6_translations_qtwebsockets_ca_qm fileNode\nclass node_venv_lib_python3_12_site-packages_PyQt6_Qt6_translations_qtwebsockets_de_qm fileNode\nclass node_venv_lib_python3_12_site-packages_PyQt6_Qt6_translations_qtwebsockets_en_qm fileNode\nclass node_venv_lib_python3_12_site-packages_PyQt6_Qt6_translations_qtwebsockets_es_qm fileNode\nclass node_venv_lib_python3_12_site-packages_PyQt6_Qt6_translations_qtwebsockets_fr_qm fileNode\nclass node_venv_lib_python3_12_site-packages_PyQt6_Qt6_translations_qtwebsockets_ja_qm fileNode\nclass node_venv_lib_python3_12_site-packages_PyQt6_Qt6_translations_qtwebsockets_ka_qm fileNode\nclass node_venv_lib_python3_12_site-packages_PyQt6_Qt6_translations_qtwebsockets_ko_qm fileNode\nclass node_venv_lib_python3_12_site-packages_PyQt6_Qt6_translations_qtwebsockets_pl_qm fileNode\nclass node_venv_lib_python3_12_site-packages_PyQt6_Qt6_translations_qtwebsockets_pt_BR_qm fileNode\nclass node_venv_lib_python3_12_site-packages_PyQt6_Qt6_translations_qtwebsockets_ru_qm fileNode\nclass node_venv_lib_python3_12_site-packages_PyQt6_Qt6_translations_qtwebsockets_sv_qm fileNode\nclass node_venv_lib_python3_12_site-packages_PyQt6_Qt6_translations_qtwebsockets_tr_qm fileNode\nclass node_venv_lib_python3_12_site-packages_PyQt6_Qt6_translations_qtwebsockets_uk_qm fileNode\nclass node_venv_lib_python3_12_site-packages_PyQt6_Qt6_translations_qtwebsockets_zh_CN_qm fileNode\nclass node_venv_lib_python3_12_site-packages_PyQt6_bindings_QtWebSockets_QtWebSockets_toml configFile\nclass node_venv_lib_python3_12_site-packages_PyQt6_bindings_QtWebSockets_QtWebSocketsmod_sip fileNode\nclass node_venv_lib_python3_12_site-packages_PyQt6_bindings_QtWebSockets_qmaskgenerator_sip fileNode\nclass node_venv_lib_python3_12_site-packages_PyQt6_bindings_QtWebSockets_qwebsocket_sip fileNode\nclass node_venv_lib_python3_12_site-packages_PyQt6_bindings_QtWebSockets_qwebsocketcorsauthenticator_sip fileNode\nclass node_venv_lib_python3_12_site-packages_PyQt6_bindings_QtWebSockets_qwebsockethandshakeoptions_sip fileNode\nclass node_venv_lib_python3_12_site-packages_PyQt6_bindings_QtWebSockets_qwebsocketprotocol_sip fileNode\nclass node_venv_lib_python3_12_site-packages_PyQt6_bindings_QtWebSockets_qwebsocketserver_sip fileNode\nclass node_venv_lib_python3_12_site-packages_PyQt6_bindings_QtPrintSupport_QtPrintSupport_toml configFile\nclass node_venv_lib_python3_12_site-packages_PyQt6_bindings_QtPrintSupport_QtPrintSupportmod_sip fileNode\nclass node_venv_lib_python3_12_site-packages_PyQt6_bindings_QtPrintSupport_qabstractprintdialog_sip fileNode\nclass node_venv_lib_python3_12_site-packages_PyQt6_bindings_QtPrintSupport_qpagesetupdialog_sip fileNode\nclass node_venv_lib_python3_12_site-packages_PyQt6_bindings_QtPrintSupport_qprintdialog_sip fileNode\nclass node_venv_lib_python3_12_site-packages_PyQt6_bindings_QtPrintSupport_qprintengine_sip fileNode\nclass node_venv_lib_python3_12_site-packages_PyQt6_bindings_QtPrintSupport_qprinter_sip fileNode\nclass node_venv_lib_python3_12_site-packages_PyQt6_bindings_QtPrintSupport_qprinterinfo_sip fileNode\nclass node_venv_lib_python3_12_site-packages_PyQt6_bindings_QtPrintSupport_qprintpreviewdialog_sip fileNode\nclass node_venv_lib_python3_12_site-packages_PyQt6_bindings_QtPrintSupport_qprintpreviewwidget_sip fileNode\nclass node_venv_lib_python3_12_site-packages_PyQt6_bindings_QtPrintSupport_qpyprintsupport_qlist_sip fileNode\nclass node_venv_lib_python3_12_site-packages_PyQt6_bindings_QtOpenGL_QtOpenGL_toml configFile\nclass node_venv_lib_python3_12_site-packages_PyQt6_bindings_QtOpenGL_QtOpenGLmod_sip fileNode\nclass node_venv_lib_python3_12_site-packages_PyQt6_bindings_QtOpenGL_qopenglbuffer_sip fileNode\nclass node_venv_lib_python3_12_site-packages_PyQt6_bindings_QtOpenGL_qopengldebug_sip fileNode\nclass node_venv_lib_python3_12_site-packages_PyQt6_bindings_QtOpenGL_qopenglframebufferobject_sip fileNode\nclass node_venv_lib_python3_12_site-packages_PyQt6_bindings_QtOpenGL_qopenglfunctions_2_0_sip fileNode\nclass node_venv_lib_python3_12_site-packages_PyQt6_bindings_QtOpenGL_qopenglfunctions_2_1_sip fileNode\nclass node_venv_lib_python3_12_site-packages_PyQt6_bindings_QtOpenGL_qopenglfunctions_4_1_core_sip fileNode\nclass node_venv_lib_python3_12_site-packages_PyQt6_bindings_QtOpenGL_qopenglfunctions_es2_sip fileNode\nclass node_venv_lib_python3_12_site-packages_PyQt6_bindings_QtOpenGL_qopenglpaintdevice_sip fileNode\nclass node_venv_lib_python3_12_site-packages_PyQt6_bindings_QtOpenGL_qopenglpixeltransferoptions_sip fileNode\nclass node_venv_lib_python3_12_site-packages_PyQt6_bindings_QtOpenGL_qopenglshaderprogram_sip fileNode\nclass node_venv_lib_python3_12_site-packages_PyQt6_bindings_QtOpenGL_qopengltexture_sip fileNode\nclass node_venv_lib_python3_12_site-packages_PyQt6_bindings_QtOpenGL_qopengltextureblitter_sip fileNode\nclass node_venv_lib_python3_12_site-packages_PyQt6_bindings_QtOpenGL_qopengltimerquery_sip fileNode\nclass node_venv_lib_python3_12_site-packages_PyQt6_bindings_QtOpenGL_qopenglversionfunctions_sip fileNode\nclass node_venv_lib_python3_12_site-packages_PyQt6_bindings_QtOpenGL_qopenglversionfunctionsfactory_sip fileNode\nclass node_venv_lib_python3_12_site-packages_PyQt6_bindings_QtOpenGL_qopenglversionprofile_sip fileNode\nclass node_venv_lib_python3_12_site-packages_PyQt6_bindings_QtOpenGL_qopenglvertexarrayobject_sip fileNode\nclass node_venv_lib_python3_12_site-packages_PyQt6_bindings_QtOpenGL_qopenglwindow_sip fileNode\nclass node_venv_lib_python3_12_site-packages_PyQt6_bindings_QtOpenGL_qpyopengl_qlist_sip fileNode\nclass node_venv_lib_python3_12_site-packages_PyQt6_bindings_QtOpenGL_qpyopengl_std_pair_sip fileNode\nclass node_venv_lib_python3_12_site-packages_PyQt6_bindings_QtQml_QtQml_toml configFile\nclass node_venv_lib_python3_12_site-packages_PyQt6_bindings_QtQml_QtQmlmod_sip fileNode\nclass node_venv_lib_python3_12_site-packages_PyQt6_bindings_QtQml_qjsengine_sip fileNode\nclass node_venv_lib_python3_12_site-packages_PyQt6_bindings_QtQml_qjsmanagedvalue_sip fileNode\nclass node_venv_lib_python3_12_site-packages_PyQt6_bindings_QtQml_qjsprimitivevalue_sip fileNode\nclass node_venv_lib_python3_12_site-packages_PyQt6_bindings_QtQml_qjsvalue_sip fileNode\nclass node_venv_lib_python3_12_site-packages_PyQt6_bindings_QtQml_qjsvalueiterator_sip fileNode\nclass node_venv_lib_python3_12_site-packages_PyQt6_bindings_QtQml_qmlattachedpropertiesobject_sip fileNode\nclass node_venv_lib_python3_12_site-packages_PyQt6_bindings_QtQml_qmlregistertype_sip fileNode\nclass node_venv_lib_python3_12_site-packages_PyQt6_bindings_QtQml_qpyqmllistproperty_sip fileNode\nclass node_venv_lib_python3_12_site-packages_PyQt6_bindings_QtQml_qqml_sip fileNode\nclass node_venv_lib_python3_12_site-packages_PyQt6_bindings_QtQml_qqmlabstracturlinterceptor_sip fileNode\nclass node_venv_lib_python3_12_site-packages_PyQt6_bindings_QtQml_qqmlapplicationengine_sip fileNode\nclass node_venv_lib_python3_12_site-packages_PyQt6_bindings_QtQml_qqmlcomponent_sip fileNode\nclass node_venv_lib_python3_12_site-packages_PyQt6_bindings_QtQml_qqmlcontext_sip fileNode\nclass node_venv_lib_python3_12_site-packages_PyQt6_bindings_QtQml_qqmlengine_sip fileNode\nclass node_venv_lib_python3_12_site-packages_PyQt6_bindings_QtQml_qqmlerror_sip fileNode\nclass node_venv_lib_python3_12_site-packages_PyQt6_bindings_QtQml_qqmlexpression_sip fileNode\nclass node_venv_lib_python3_12_site-packages_PyQt6_bindings_QtQml_qqmlextensionplugin_sip fileNode\nclass node_venv_lib_python3_12_site-packages_PyQt6_bindings_QtQml_qqmlfileselector_sip fileNode\nclass node_venv_lib_python3_12_site-packages_PyQt6_bindings_QtQml_qqmlincubator_sip fileNode\nclass node_venv_lib_python3_12_site-packages_PyQt6_bindings_QtQml_qqmllist_sip fileNode\nclass node_venv_lib_python3_12_site-packages_PyQt6_bindings_QtQml_qqmlnetworkaccessmanagerfactory_sip fileNode\nclass node_venv_lib_python3_12_site-packages_PyQt6_bindings_QtQml_qqmlparserstatus_sip fileNode\nclass node_venv_lib_python3_12_site-packages_PyQt6_bindings_QtQml_qqmlproperty_sip fileNode\nclass node_venv_lib_python3_12_site-packages_PyQt6_bindings_QtQml_qqmlpropertymap_sip fileNode\nclass node_venv_lib_python3_12_site-packages_PyQt6_bindings_QtQml_qqmlpropertyvaluesource_sip fileNode\nclass node_venv_lib_python3_12_site-packages_PyQt6_bindings_QtQml_qqmlscriptstring_sip fileNode\nclass node_venv_lib_python3_12_site-packages_PyQt6_bindings_QtBluetooth_QtBluetooth_toml configFile\nclass node_venv_lib_python3_12_site-packages_PyQt6_bindings_QtBluetooth_QtBluetoothmod_sip fileNode\nclass node_venv_lib_python3_12_site-packages_PyQt6_bindings_QtBluetooth_qbluetooth_sip fileNode\nclass node_venv_lib_python3_12_site-packages_PyQt6_bindings_QtBluetooth_qbluetoothaddress_sip fileNode\nclass node_venv_lib_python3_12_site-packages_PyQt6_bindings_QtBluetooth_qbluetoothdevicediscoveryagent_sip fileNode\nclass node_venv_lib_python3_12_site-packages_PyQt6_bindings_QtBluetooth_qbluetoothdeviceinfo_sip fileNode\nclass node_venv_lib_python3_12_site-packages_PyQt6_bindings_QtBluetooth_qbluetoothhostinfo_sip fileNode\nclass node_venv_lib_python3_12_site-packages_PyQt6_bindings_QtBluetooth_qbluetoothlocaldevice_sip fileNode\nclass node_venv_lib_python3_12_site-packages_PyQt6_bindings_QtBluetooth_qbluetoothserver_sip fileNode\nclass node_venv_lib_python3_12_site-packages_PyQt6_bindings_QtBluetooth_qbluetoothservicediscoveryagent_sip fileNode\nclass node_venv_lib_python3_12_site-packages_PyQt6_bindings_QtBluetooth_qbluetoothserviceinfo_sip fileNode\nclass node_venv_lib_python3_12_site-packages_PyQt6_bindings_QtBluetooth_qbluetoothsocket_sip fileNode\nclass node_venv_lib_python3_12_site-packages_PyQt6_bindings_QtBluetooth_qbluetoothuuid_sip fileNode\nclass node_venv_lib_python3_12_site-packages_PyQt6_bindings_QtBluetooth_qlowenergyadvertisingdata_sip fileNode\nclass node_venv_lib_python3_12_site-packages_PyQt6_bindings_QtBluetooth_qlowenergyadvertisingparameters_sip fileNode\nclass node_venv_lib_python3_12_site-packages_PyQt6_bindings_QtBluetooth_qlowenergycharacteristic_sip fileNode\nclass node_venv_lib_python3_12_site-packages_PyQt6_bindings_QtBluetooth_qlowenergycharacteristicdata_sip fileNode\nclass node_venv_lib_python3_12_site-packages_PyQt6_bindings_QtBluetooth_qlowenergyconnectionparameters_sip fileNode\nclass node_venv_lib_python3_12_site-packages_PyQt6_bindings_QtBluetooth_qlowenergycontroller_sip fileNode\nclass node_venv_lib_python3_12_site-packages_PyQt6_bindings_QtBluetooth_qlowenergydescriptor_sip fileNode\nclass node_venv_lib_python3_12_site-packages_PyQt6_bindings_QtBluetooth_qlowenergydescriptordata_sip fileNode\nclass node_venv_lib_python3_12_site-packages_PyQt6_bindings_QtBluetooth_qlowenergyservice_sip fileNode\nclass node_venv_lib_python3_12_site-packages_PyQt6_bindings_QtBluetooth_qlowenergyservicedata_sip fileNode\nclass node_venv_lib_python3_12_site-packages_PyQt6_bindings_QtBluetooth_qpybluetooth_qlist_sip fileNode\nclass node_venv_lib_python3_12_site-packages_PyQt6_bindings_QtBluetooth_qpybluetooth_qmultihash_sip fileNode\nclass node_venv_lib_python3_12_site-packages_PyQt6_bindings_QtBluetooth_qpybluetooth_quint128_sip fileNode\nclass node_venv_lib_python3_12_site-packages_PyQt6_bindings_QtNetwork_QtNetwork_toml configFile\nclass node_venv_lib_python3_12_site-packages_PyQt6_bindings_QtNetwork_QtNetworkmod_sip fileNode\nclass node_venv_lib_python3_12_site-packages_PyQt6_bindings_QtNetwork_qabstractnetworkcache_sip fileNode\nclass node_venv_lib_python3_12_site-packages_PyQt6_bindings_QtNetwork_qabstractsocket_sip fileNode\nclass node_venv_lib_python3_12_site-packages_PyQt6_bindings_QtNetwork_qauthenticator_sip fileNode\nclass node_venv_lib_python3_12_site-packages_PyQt6_bindings_QtNetwork_qdnslookup_sip fileNode\nclass node_venv_lib_python3_12_site-packages_PyQt6_bindings_QtNetwork_qformdatabuilder_sip fileNode\nclass node_venv_lib_python3_12_site-packages_PyQt6_bindings_QtNetwork_qhostaddress_sip fileNode\nclass node_venv_lib_python3_12_site-packages_PyQt6_bindings_QtNetwork_qhostinfo_sip fileNode\nclass node_venv_lib_python3_12_site-packages_PyQt6_bindings_QtNetwork_qhstspolicy_sip fileNode\nclass node_venv_lib_python3_12_site-packages_PyQt6_bindings_QtNetwork_qhttp1configuration_sip fileNode\nclass node_venv_lib_python3_12_site-packages_PyQt6_bindings_QtNetwork_qhttp2configuration_sip fileNode\nclass node_venv_lib_python3_12_site-packages_PyQt6_bindings_QtNetwork_qhttpheaders_sip fileNode\nclass node_venv_lib_python3_12_site-packages_PyQt6_bindings_QtNetwork_qhttpmultipart_sip fileNode\nclass node_venv_lib_python3_12_site-packages_PyQt6_bindings_QtNetwork_qlocalserver_sip fileNode\nclass node_venv_lib_python3_12_site-packages_PyQt6_bindings_QtNetwork_qlocalsocket_sip fileNode\nclass node_venv_lib_python3_12_site-packages_PyQt6_bindings_QtNetwork_qnetworkaccessmanager_sip fileNode\nclass node_venv_lib_python3_12_site-packages_PyQt6_bindings_QtNetwork_qnetworkcookie_sip fileNode\nclass node_venv_lib_python3_12_site-packages_PyQt6_bindings_QtNetwork_qnetworkcookiejar_sip fileNode\nclass node_venv_lib_python3_12_site-packages_PyQt6_bindings_QtNetwork_qnetworkdatagram_sip fileNode\nclass node_venv_lib_python3_12_site-packages_PyQt6_bindings_QtNetwork_qnetworkdiskcache_sip fileNode\nclass node_venv_lib_python3_12_site-packages_PyQt6_bindings_QtNetwork_qnetworkinformation_sip fileNode\nclass node_venv_lib_python3_12_site-packages_PyQt6_bindings_QtNetwork_qnetworkinterface_sip fileNode\nclass node_venv_lib_python3_12_site-packages_PyQt6_bindings_QtNetwork_qnetworkproxy_sip fileNode\nclass node_venv_lib_python3_12_site-packages_PyQt6_bindings_QtNetwork_qnetworkreply_sip fileNode\nclass node_venv_lib_python3_12_site-packages_PyQt6_bindings_QtNetwork_qnetworkrequest_sip fileNode\nclass node_venv_lib_python3_12_site-packages_PyQt6_bindings_QtNetwork_qnetworkrequestfactory_sip fileNode\nclass node_venv_lib_python3_12_site-packages_PyQt6_bindings_QtNetwork_qocspresponse_sip fileNode\nclass node_venv_lib_python3_12_site-packages_PyQt6_bindings_QtNetwork_qpassworddigestor_sip fileNode\nclass node_venv_lib_python3_12_site-packages_PyQt6_bindings_QtNetwork_qpynetwork_qhash_sip fileNode\nclass node_venv_lib_python3_12_site-packages_PyQt6_bindings_QtNetwork_qpynetwork_qlist_sip fileNode\nclass node_venv_lib_python3_12_site-packages_PyQt6_bindings_QtNetwork_qpynetwork_qmap_sip fileNode\nclass node_venv_lib_python3_12_site-packages_PyQt6_bindings_QtNetwork_qrestaccessmanager_sip fileNode\nclass node_venv_lib_python3_12_site-packages_PyQt6_bindings_QtNetwork_qrestreply_sip fileNode\nclass node_venv_lib_python3_12_site-packages_PyQt6_bindings_QtNetwork_qssl_sip fileNode\nclass node_venv_lib_python3_12_site-packages_PyQt6_bindings_QtNetwork_qsslcertificate_sip fileNode\nclass node_venv_lib_python3_12_site-packages_PyQt6_bindings_QtNetwork_qsslcertificateextension_sip fileNode\nclass node_venv_lib_python3_12_site-packages_PyQt6_bindings_QtNetwork_qsslcipher_sip fileNode\nclass node_venv_lib_python3_12_site-packages_PyQt6_bindings_QtNetwork_qsslconfiguration_sip fileNode\nclass node_venv_lib_python3_12_site-packages_PyQt6_bindings_QtNetwork_qssldiffiehellmanparameters_sip fileNode\nclass node_venv_lib_python3_12_site-packages_PyQt6_bindings_QtNetwork_qsslellipticcurve_sip fileNode\nclass node_venv_lib_python3_12_site-packages_PyQt6_bindings_QtNetwork_qsslerror_sip fileNode\nclass node_venv_lib_python3_12_site-packages_PyQt6_bindings_QtNetwork_qsslkey_sip fileNode\nclass node_venv_lib_python3_12_site-packages_PyQt6_bindings_QtNetwork_qsslpresharedkeyauthenticator_sip fileNode\nclass node_venv_lib_python3_12_site-packages_PyQt6_bindings_QtNetwork_qsslserver_sip fileNode\nclass node_venv_lib_python3_12_site-packages_PyQt6_bindings_QtNetwork_qsslsocket_sip fileNode\nclass node_venv_lib_python3_12_site-packages_PyQt6_bindings_QtNetwork_qtcpserver_sip fileNode\nclass node_venv_lib_python3_12_site-packages_PyQt6_bindings_QtNetwork_qtcpsocket_sip fileNode\nclass node_venv_lib_python3_12_site-packages_PyQt6_bindings_QtNetwork_qudpsocket_sip fileNode\nclass node_venv_lib_python3_12_site-packages_PyQt6_bindings_QtStateMachine_QtStateMachine_toml configFile\nclass node_venv_lib_python3_12_site-packages_PyQt6_bindings_QtStateMachine_QtStateMachinemod_sip fileNode\nclass node_venv_lib_python3_12_site-packages_PyQt6_bindings_QtStateMachine_qabstractstate_sip fileNode\nclass node_venv_lib_python3_12_site-packages_PyQt6_bindings_QtStateMachine_qabstracttransition_sip fileNode\nclass node_venv_lib_python3_12_site-packages_PyQt6_bindings_QtStateMachine_qeventtransition_sip fileNode\nclass node_venv_lib_python3_12_site-packages_PyQt6_bindings_QtStateMachine_qfinalstate_sip fileNode\nclass node_venv_lib_python3_12_site-packages_PyQt6_bindings_QtStateMachine_qhistorystate_sip fileNode\nclass node_venv_lib_python3_12_site-packages_PyQt6_bindings_QtStateMachine_qkeyeventtransition_sip fileNode\nclass node_venv_lib_python3_12_site-packages_PyQt6_bindings_QtStateMachine_qmouseeventtransition_sip fileNode\nclass node_venv_lib_python3_12_site-packages_PyQt6_bindings_QtStateMachine_qsignaltransition_sip fileNode\nclass node_venv_lib_python3_12_site-packages_PyQt6_bindings_QtStateMachine_qstate_sip fileNode\nclass node_venv_lib_python3_12_site-packages_PyQt6_bindings_QtStateMachine_qstatemachine_sip fileNode\nclass node_venv_lib_python3_12_site-packages_PyQt6_bindings_QtDesigner_QtDesigner_toml configFile\nclass node_venv_lib_python3_12_site-packages_PyQt6_bindings_QtDesigner_QtDesignermod_sip fileNode\nclass node_venv_lib_python3_12_site-packages_PyQt6_bindings_QtDesigner_abstractactioneditor_sip fileNode\nclass node_venv_lib_python3_12_site-packages_PyQt6_bindings_QtDesigner_abstractformbuilder_sip fileNode\nclass node_venv_lib_python3_12_site-packages_PyQt6_bindings_QtDesigner_abstractformeditor_sip fileNode\nclass node_venv_lib_python3_12_site-packages_PyQt6_bindings_QtDesigner_abstractformwindow_sip fileNode\nclass node_venv_lib_python3_12_site-packages_PyQt6_bindings_QtDesigner_abstractformwindowcursor_sip fileNode\nclass node_venv_lib_python3_12_site-packages_PyQt6_bindings_QtDesigner_abstractformwindowmanager_sip fileNode\nclass node_venv_lib_python3_12_site-packages_PyQt6_bindings_QtDesigner_abstractobjectinspector_sip fileNode\nclass node_venv_lib_python3_12_site-packages_PyQt6_bindings_QtDesigner_abstractpropertyeditor_sip fileNode\nclass node_venv_lib_python3_12_site-packages_PyQt6_bindings_QtDesigner_abstractwidgetbox_sip fileNode\nclass node_venv_lib_python3_12_site-packages_PyQt6_bindings_QtDesigner_container_sip fileNode\nclass node_venv_lib_python3_12_site-packages_PyQt6_bindings_QtDesigner_customwidget_sip fileNode\nclass node_venv_lib_python3_12_site-packages_PyQt6_bindings_QtDesigner_default_extensionfactory_sip fileNode\nclass node_venv_lib_python3_12_site-packages_PyQt6_bindings_QtDesigner_extension_sip fileNode\nclass node_venv_lib_python3_12_site-packages_PyQt6_bindings_QtDesigner_formbuilder_sip fileNode\nclass node_venv_lib_python3_12_site-packages_PyQt6_bindings_QtDesigner_membersheet_sip fileNode\nclass node_venv_lib_python3_12_site-packages_PyQt6_bindings_QtDesigner_propertysheet_sip fileNode\nclass node_venv_lib_python3_12_site-packages_PyQt6_bindings_QtDesigner_qextensionmanager_sip fileNode\nclass node_venv_lib_python3_12_site-packages_PyQt6_bindings_QtDesigner_qpydesignercontainerextension_sip fileNode\nclass node_venv_lib_python3_12_site-packages_PyQt6_bindings_QtDesigner_qpydesignercustomwidgetcollectionplugin_sip fileNode\nclass node_venv_lib_python3_12_site-packages_PyQt6_bindings_QtDesigner_qpydesignercustomwidgetplugin_sip fileNode\nclass node_venv_lib_python3_12_site-packages_PyQt6_bindings_QtDesigner_qpydesignermembersheetextension_sip fileNode\nclass node_venv_lib_python3_12_site-packages_PyQt6_bindings_QtDesigner_qpydesignerpropertysheetextension_sip fileNode\nclass node_venv_lib_python3_12_site-packages_PyQt6_bindings_QtDesigner_qpydesignertaskmenuextension_sip fileNode\nclass node_venv_lib_python3_12_site-packages_PyQt6_bindings_QtDesigner_taskmenu_sip fileNode\nclass node_venv_lib_python3_12_site-packages_PyQt6_bindings_QtQuick3D_QtQuick3D_toml configFile\nclass node_venv_lib_python3_12_site-packages_PyQt6_bindings_QtQuick3D_QtQuick3Dmod_sip fileNode\nclass node_venv_lib_python3_12_site-packages_PyQt6_bindings_QtQuick3D_qquick3d_sip fileNode\nclass node_venv_lib_python3_12_site-packages_PyQt6_bindings_QtQuick3D_qquick3dgeometry_sip fileNode\nclass node_venv_lib_python3_12_site-packages_PyQt6_bindings_QtQuick3D_qquick3dobject_sip fileNode\nclass node_venv_lib_python3_12_site-packages_PyQt6_bindings_QtQuick3D_qquick3dtexturedata_sip fileNode\nclass node_venv_lib_python3_12_site-packages_PyQt6_bindings_QtHelp_QtHelp_toml configFile\nclass node_venv_lib_python3_12_site-packages_PyQt6_bindings_QtHelp_QtHelpmod_sip fileNode\nclass node_venv_lib_python3_12_site-packages_PyQt6_bindings_QtHelp_qcompressedhelpinfo_sip fileNode\nclass node_venv_lib_python3_12_site-packages_PyQt6_bindings_QtHelp_qhelpcontentitem_sip fileNode\nclass node_venv_lib_python3_12_site-packages_PyQt6_bindings_QtHelp_qhelpcontentwidget_sip fileNode\nclass node_venv_lib_python3_12_site-packages_PyQt6_bindings_QtHelp_qhelpengine_sip fileNode\nclass node_venv_lib_python3_12_site-packages_PyQt6_bindings_QtHelp_qhelpenginecore_sip fileNode\nclass node_venv_lib_python3_12_site-packages_PyQt6_bindings_QtHelp_qhelpfilterdata_sip fileNode\nclass node_venv_lib_python3_12_site-packages_PyQt6_bindings_QtHelp_qhelpfilterengine_sip fileNode\nclass node_venv_lib_python3_12_site-packages_PyQt6_bindings_QtHelp_qhelpfiltersettingswidget_sip fileNode\nclass node_venv_lib_python3_12_site-packages_PyQt6_bindings_QtHelp_qhelpindexwidget_sip fileNode\nclass node_venv_lib_python3_12_site-packages_PyQt6_bindings_QtHelp_qhelplink_sip fileNode\nclass node_venv_lib_python3_12_site-packages_PyQt6_bindings_QtHelp_qhelpsearchengine_sip fileNode\nclass node_venv_lib_python3_12_site-packages_PyQt6_bindings_QtHelp_qhelpsearchenginecore_sip fileNode\nclass node_venv_lib_python3_12_site-packages_PyQt6_bindings_QtHelp_qhelpsearchquerywidget_sip fileNode\nclass node_venv_lib_python3_12_site-packages_PyQt6_bindings_QtHelp_qhelpsearchresult_sip fileNode\nclass node_venv_lib_python3_12_site-packages_PyQt6_bindings_QtHelp_qhelpsearchresultwidget_sip fileNode\nclass node_venv_lib_python3_12_site-packages_PyQt6_bindings_QtSvg_QtSvg_toml configFile\nclass node_venv_lib_python3_12_site-packages_PyQt6_bindings_QtSvg_QtSvgmod_sip fileNode\nclass node_venv_lib_python3_12_site-packages_PyQt6_bindings_QtSvg_qsvggenerator_sip fileNode\nclass node_venv_lib_python3_12_site-packages_PyQt6_bindings_QtSvg_qsvgrenderer_sip fileNode\nclass node_venv_lib_python3_12_site-packages_PyQt6_bindings_QtSvg_qtsvgglobal_sip fileNode\nclass node_venv_lib_python3_12_site-packages_PyQt6_bindings_QtXml_QtXml_toml configFile\nclass node_venv_lib_python3_12_site-packages_PyQt6_bindings_QtXml_QtXmlmod_sip fileNode\nclass node_venv_lib_python3_12_site-packages_PyQt6_bindings_QtXml_qdom_sip fileNode\nclass node_venv_lib_python3_12_site-packages_PyQt6_bindings_QtSvgWidgets_QtSvgWidgets_toml configFile\nclass node_venv_lib_python3_12_site-packages_PyQt6_bindings_QtSvgWidgets_QtSvgWidgetsmod_sip fileNode\nclass node_venv_lib_python3_12_site-packages_PyQt6_bindings_QtSvgWidgets_qgraphicssvgitem_sip fileNode\nclass node_venv_lib_python3_12_site-packages_PyQt6_bindings_QtSvgWidgets_qsvgwidget_sip fileNode\nclass node_venv_lib_python3_12_site-packages_PyQt6_bindings_QtRemoteObjects_QtRemoteObjects_toml configFile\nclass node_venv_lib_python3_12_site-packages_PyQt6_bindings_QtRemoteObjects_QtRemoteObjectsmod_sip fileNode\nclass node_venv_lib_python3_12_site-packages_PyQt6_bindings_QtRemoteObjects_qremoteobjectabstractitemmodelreplica_sip fileNode\nclass node_venv_lib_python3_12_site-packages_PyQt6_bindings_QtRemoteObjects_qremoteobjectdynamicreplica_sip fileNode\nclass node_venv_lib_python3_12_site-packages_PyQt6_bindings_QtRemoteObjects_qremoteobjectnode_sip fileNode\nclass node_venv_lib_python3_12_site-packages_PyQt6_bindings_QtRemoteObjects_qremoteobjectregistry_sip fileNode\nclass node_venv_lib_python3_12_site-packages_PyQt6_bindings_QtRemoteObjects_qremoteobjectreplica_sip fileNode\nclass node_venv_lib_python3_12_site-packages_PyQt6_bindings_QtRemoteObjects_qtremoteobjectglobal_sip fileNode\nclass node_venv_lib_python3_12_site-packages_PyQt6_bindings_QtSensors_QtSensors_toml configFile\nclass node_venv_lib_python3_12_site-packages_PyQt6_bindings_QtSensors_QtSensorsmod_sip fileNode\nclass node_venv_lib_python3_12_site-packages_PyQt6_bindings_QtSensors_qaccelerometer_sip fileNode\nclass node_venv_lib_python3_12_site-packages_PyQt6_bindings_QtSensors_qambientlightsensor_sip fileNode\nclass node_venv_lib_python3_12_site-packages_PyQt6_bindings_QtSensors_qambienttemperaturesensor_sip fileNode\nclass node_venv_lib_python3_12_site-packages_PyQt6_bindings_QtSensors_qcompass_sip fileNode\nclass node_venv_lib_python3_12_site-packages_PyQt6_bindings_QtSensors_qgyroscope_sip fileNode\nclass node_venv_lib_python3_12_site-packages_PyQt6_bindings_QtSensors_qhumiditysensor_sip fileNode\nclass node_venv_lib_python3_12_site-packages_PyQt6_bindings_QtSensors_qirproximitysensor_sip fileNode\nclass node_venv_lib_python3_12_site-packages_PyQt6_bindings_QtSensors_qlidsensor_sip fileNode\nclass node_venv_lib_python3_12_site-packages_PyQt6_bindings_QtSensors_qlightsensor_sip fileNode\nclass node_venv_lib_python3_12_site-packages_PyQt6_bindings_QtSensors_qmagnetometer_sip fileNode\nclass node_venv_lib_python3_12_site-packages_PyQt6_bindings_QtSensors_qorientationsensor_sip fileNode\nclass node_venv_lib_python3_12_site-packages_PyQt6_bindings_QtSensors_qpressuresensor_sip fileNode\nclass node_venv_lib_python3_12_site-packages_PyQt6_bindings_QtSensors_qproximitysensor_sip fileNode\nclass node_venv_lib_python3_12_site-packages_PyQt6_bindings_QtSensors_qrotationsensor_sip fileNode\nclass node_venv_lib_python3_12_site-packages_PyQt6_bindings_QtSensors_qsensor_sip fileNode\nclass node_venv_lib_python3_12_site-packages_PyQt6_bindings_QtSensors_qtapsensor_sip fileNode\nclass node_venv_lib_python3_12_site-packages_PyQt6_bindings_QtSensors_qtiltsensor_sip fileNode\nclass node_venv_lib_python3_12_site-packages_PyQt6_bindings_QtPdf_QtPdf_toml configFile\nclass node_venv_lib_python3_12_site-packages_PyQt6_bindings_QtPdf_QtPdfmod_sip fileNode\nclass node_venv_lib_python3_12_site-packages_PyQt6_bindings_QtPdf_qpdfbookmarkmodel_sip fileNode\nclass node_venv_lib_python3_12_site-packages_PyQt6_bindings_QtPdf_qpdfdocument_sip fileNode\nclass node_venv_lib_python3_12_site-packages_PyQt6_bindings_QtPdf_qpdfdocumentrenderoptions_sip fileNode\nclass node_venv_lib_python3_12_site-packages_PyQt6_bindings_QtPdf_qpdflink_sip fileNode\nclass node_venv_lib_python3_12_site-packages_PyQt6_bindings_QtPdf_qpdflinkmodel_sip fileNode\nclass node_venv_lib_python3_12_site-packages_PyQt6_bindings_QtPdf_qpdfpagenavigator_sip fileNode\nclass node_venv_lib_python3_12_site-packages_PyQt6_bindings_QtPdf_qpdfpagerenderer_sip fileNode\nclass node_venv_lib_python3_12_site-packages_PyQt6_bindings_QtPdf_qpdfsearchmodel_sip fileNode\nclass node_venv_lib_python3_12_site-packages_PyQt6_bindings_QtPdf_qpdfselection_sip fileNode\nclass node_venv_lib_python3_12_site-packages_PyQt6_bindings_QtOpenGLWidgets_QtOpenGLWidgets_toml configFile\nclass node_venv_lib_python3_12_site-packages_PyQt6_bindings_QtOpenGLWidgets_QtOpenGLWidgetsmod_sip fileNode\nclass node_venv_lib_python3_12_site-packages_PyQt6_bindings_QtOpenGLWidgets_qopenglwidget_sip fileNode\nclass node_venv_lib_python3_12_site-packages_PyQt6_bindings_QtGui_QtGui_toml configFile\nclass node_venv_lib_python3_12_site-packages_PyQt6_bindings_QtGui_QtGuimod_sip fileNode\nclass node_venv_lib_python3_12_site-packages_PyQt6_bindings_QtGui_opengl_types_sip fileNode\nclass node_venv_lib_python3_12_site-packages_PyQt6_bindings_QtGui_qabstractfileiconprovider_sip fileNode\nclass node_venv_lib_python3_12_site-packages_PyQt6_bindings_QtGui_qabstracttextdocumentlayout_sip fileNode\nclass node_venv_lib_python3_12_site-packages_PyQt6_bindings_QtGui_qaccessibilityhints_sip fileNode\nclass node_venv_lib_python3_12_site-packages_PyQt6_bindings_QtGui_qaction_sip fileNode\nclass node_venv_lib_python3_12_site-packages_PyQt6_bindings_QtGui_qactiongroup_sip fileNode\nclass node_venv_lib_python3_12_site-packages_PyQt6_bindings_QtGui_qbackingstore_sip fileNode\nclass node_venv_lib_python3_12_site-packages_PyQt6_bindings_QtGui_qbitmap_sip fileNode\nclass node_venv_lib_python3_12_site-packages_PyQt6_bindings_QtGui_qbrush_sip fileNode\nclass node_venv_lib_python3_12_site-packages_PyQt6_bindings_QtGui_qclipboard_sip fileNode\nclass node_venv_lib_python3_12_site-packages_PyQt6_bindings_QtGui_qcolor_sip fileNode\nclass node_venv_lib_python3_12_site-packages_PyQt6_bindings_QtGui_qcolorspace_sip fileNode\nclass node_venv_lib_python3_12_site-packages_PyQt6_bindings_QtGui_qcolortransform_sip fileNode\nclass node_venv_lib_python3_12_site-packages_PyQt6_bindings_QtGui_qcursor_sip fileNode\nclass node_venv_lib_python3_12_site-packages_PyQt6_bindings_QtGui_qdesktopservices_sip fileNode\nclass node_venv_lib_python3_12_site-packages_PyQt6_bindings_QtGui_qdrag_sip fileNode\nclass node_venv_lib_python3_12_site-packages_PyQt6_bindings_QtGui_qevent_sip fileNode\nclass node_venv_lib_python3_12_site-packages_PyQt6_bindings_QtGui_qeventpoint_sip fileNode\nclass node_venv_lib_python3_12_site-packages_PyQt6_bindings_QtGui_qfilesystemmodel_sip fileNode\nclass node_venv_lib_python3_12_site-packages_PyQt6_bindings_QtGui_qfont_sip fileNode\nclass node_venv_lib_python3_12_site-packages_PyQt6_bindings_QtGui_qfontdatabase_sip fileNode\nclass node_venv_lib_python3_12_site-packages_PyQt6_bindings_QtGui_qfontinfo_sip fileNode\nclass node_venv_lib_python3_12_site-packages_PyQt6_bindings_QtGui_qfontmetrics_sip fileNode\nclass node_venv_lib_python3_12_site-packages_PyQt6_bindings_QtGui_qfontvariableaxis_sip fileNode\nclass node_venv_lib_python3_12_site-packages_PyQt6_bindings_QtGui_qgenericmatrix_sip fileNode\nclass node_venv_lib_python3_12_site-packages_PyQt6_bindings_QtGui_qglyphrun_sip fileNode\nclass node_venv_lib_python3_12_site-packages_PyQt6_bindings_QtGui_qguiapplication_sip fileNode\nclass node_venv_lib_python3_12_site-packages_PyQt6_bindings_QtGui_qicon_sip fileNode\nclass node_venv_lib_python3_12_site-packages_PyQt6_bindings_QtGui_qiconengine_sip fileNode\nclass node_venv_lib_python3_12_site-packages_PyQt6_bindings_QtGui_qimage_sip fileNode\nclass node_venv_lib_python3_12_site-packages_PyQt6_bindings_QtGui_qimageiohandler_sip fileNode\nclass node_venv_lib_python3_12_site-packages_PyQt6_bindings_QtGui_qimagereader_sip fileNode\nclass node_venv_lib_python3_12_site-packages_PyQt6_bindings_QtGui_qimagewriter_sip fileNode\nclass node_venv_lib_python3_12_site-packages_PyQt6_bindings_QtGui_qinputdevice_sip fileNode\nclass node_venv_lib_python3_12_site-packages_PyQt6_bindings_QtGui_qinputmethod_sip fileNode\nclass node_venv_lib_python3_12_site-packages_PyQt6_bindings_QtGui_qkeysequence_sip fileNode\nclass node_venv_lib_python3_12_site-packages_PyQt6_bindings_QtGui_qmatrix4x4_sip fileNode\nclass node_venv_lib_python3_12_site-packages_PyQt6_bindings_QtGui_qmovie_sip fileNode\nclass node_venv_lib_python3_12_site-packages_PyQt6_bindings_QtGui_qoffscreensurface_sip fileNode\nclass node_venv_lib_python3_12_site-packages_PyQt6_bindings_QtGui_qopenglcontext_sip fileNode\nclass node_venv_lib_python3_12_site-packages_PyQt6_bindings_QtGui_qpagedpaintdevice_sip fileNode\nclass node_venv_lib_python3_12_site-packages_PyQt6_bindings_QtGui_qpagelayout_sip fileNode\nclass node_venv_lib_python3_12_site-packages_PyQt6_bindings_QtGui_qpageranges_sip fileNode\nclass node_venv_lib_python3_12_site-packages_PyQt6_bindings_QtGui_qpagesize_sip fileNode\nclass node_venv_lib_python3_12_site-packages_PyQt6_bindings_QtGui_qpaintdevice_sip fileNode\nclass node_venv_lib_python3_12_site-packages_PyQt6_bindings_QtGui_qpaintdevicewindow_sip fileNode\nclass node_venv_lib_python3_12_site-packages_PyQt6_bindings_QtGui_qpaintengine_sip fileNode\nclass node_venv_lib_python3_12_site-packages_PyQt6_bindings_QtGui_qpainter_sip fileNode\nclass node_venv_lib_python3_12_site-packages_PyQt6_bindings_QtGui_qpainterpath_sip fileNode\nclass node_venv_lib_python3_12_site-packages_PyQt6_bindings_QtGui_qpainterstateguard_sip fileNode\nclass node_venv_lib_python3_12_site-packages_PyQt6_bindings_QtGui_qpalette_sip fileNode\nclass node_venv_lib_python3_12_site-packages_PyQt6_bindings_QtGui_qpdfoutputintent_sip fileNode\nclass node_venv_lib_python3_12_site-packages_PyQt6_bindings_QtGui_qpdfwriter_sip fileNode\nclass node_venv_lib_python3_12_site-packages_PyQt6_bindings_QtGui_qpen_sip fileNode\nclass node_venv_lib_python3_12_site-packages_PyQt6_bindings_QtGui_qpicture_sip fileNode\nclass node_venv_lib_python3_12_site-packages_PyQt6_bindings_QtGui_qpixelformat_sip fileNode\nclass node_venv_lib_python3_12_site-packages_PyQt6_bindings_QtGui_qpixmap_sip fileNode\nclass node_venv_lib_python3_12_site-packages_PyQt6_bindings_QtGui_qpixmapcache_sip fileNode\nclass node_venv_lib_python3_12_site-packages_PyQt6_bindings_QtGui_qpointingdevice_sip fileNode\nclass node_venv_lib_python3_12_site-packages_PyQt6_bindings_QtGui_qpolygon_sip fileNode\nclass node_venv_lib_python3_12_site-packages_PyQt6_bindings_QtGui_qpygui_native_interface_sip fileNode\nclass node_venv_lib_python3_12_site-packages_PyQt6_bindings_QtGui_qpygui_qlist_sip fileNode\nclass node_venv_lib_python3_12_site-packages_PyQt6_bindings_QtGui_qpygui_vulkan_sip fileNode\nclass node_venv_lib_python3_12_site-packages_PyQt6_bindings_QtGui_qquaternion_sip fileNode\nclass node_venv_lib_python3_12_site-packages_PyQt6_bindings_QtGui_qrasterwindow_sip fileNode\nclass node_venv_lib_python3_12_site-packages_PyQt6_bindings_QtGui_qrawfont_sip fileNode\nclass node_venv_lib_python3_12_site-packages_PyQt6_bindings_QtGui_qregion_sip fileNode\nclass node_venv_lib_python3_12_site-packages_PyQt6_bindings_QtGui_qrgb_sip fileNode\nclass node_venv_lib_python3_12_site-packages_PyQt6_bindings_QtGui_qrgba64_sip fileNode\nclass node_venv_lib_python3_12_site-packages_PyQt6_bindings_QtGui_qscreen_sip fileNode\nclass node_venv_lib_python3_12_site-packages_PyQt6_bindings_QtGui_qsessionmanager_sip fileNode\nclass node_venv_lib_python3_12_site-packages_PyQt6_bindings_QtGui_qshortcut_sip fileNode\nclass node_venv_lib_python3_12_site-packages_PyQt6_bindings_QtGui_qstandarditemmodel_sip fileNode\nclass node_venv_lib_python3_12_site-packages_PyQt6_bindings_QtGui_qstatictext_sip fileNode\nclass node_venv_lib_python3_12_site-packages_PyQt6_bindings_QtGui_qstylehints_sip fileNode\nclass node_venv_lib_python3_12_site-packages_PyQt6_bindings_QtGui_qsurface_sip fileNode\nclass node_venv_lib_python3_12_site-packages_PyQt6_bindings_QtGui_qsurfaceformat_sip fileNode\nclass node_venv_lib_python3_12_site-packages_PyQt6_bindings_QtGui_qsyntaxhighlighter_sip fileNode\nclass node_venv_lib_python3_12_site-packages_PyQt6_bindings_QtGui_qtextcursor_sip fileNode\nclass node_venv_lib_python3_12_site-packages_PyQt6_bindings_QtGui_qtextdocument_sip fileNode\nclass node_venv_lib_python3_12_site-packages_PyQt6_bindings_QtGui_qtextdocumentfragment_sip fileNode\nclass node_venv_lib_python3_12_site-packages_PyQt6_bindings_QtGui_qtextdocumentwriter_sip fileNode\nclass node_venv_lib_python3_12_site-packages_PyQt6_bindings_QtGui_qtextformat_sip fileNode\nclass node_venv_lib_python3_12_site-packages_PyQt6_bindings_QtGui_qtextlayout_sip fileNode\nclass node_venv_lib_python3_12_site-packages_PyQt6_bindings_QtGui_qtextlist_sip fileNode\nclass node_venv_lib_python3_12_site-packages_PyQt6_bindings_QtGui_qtextobject_sip fileNode\nclass node_venv_lib_python3_12_site-packages_PyQt6_bindings_QtGui_qtextoption_sip fileNode\nclass node_venv_lib_python3_12_site-packages_PyQt6_bindings_QtGui_qtexttable_sip fileNode\nclass node_venv_lib_python3_12_site-packages_PyQt6_bindings_QtGui_qtransform_sip fileNode\nclass node_venv_lib_python3_12_site-packages_PyQt6_bindings_QtGui_qundogroup_sip fileNode\nclass node_venv_lib_python3_12_site-packages_PyQt6_bindings_QtGui_qundostack_sip fileNode\nclass node_venv_lib_python3_12_site-packages_PyQt6_bindings_QtGui_qutimimeconverter_sip fileNode\nclass node_venv_lib_python3_12_site-packages_PyQt6_bindings_QtGui_qvalidator_sip fileNode\nclass node_venv_lib_python3_12_site-packages_PyQt6_bindings_QtGui_qvectornd_sip fileNode\nclass node_venv_lib_python3_12_site-packages_PyQt6_bindings_QtGui_qwindow_sip fileNode\nclass node_venv_lib_python3_12_site-packages_PyQt6_bindings_QtGui_qwindowdefs_sip fileNode\nclass node_venv_lib_python3_12_site-packages_PyQt6_bindings_QtNfc_QtNfc_toml configFile\nclass node_venv_lib_python3_12_site-packages_PyQt6_bindings_QtNfc_QtNfcmod_sip fileNode\nclass node_venv_lib_python3_12_site-packages_PyQt6_bindings_QtNfc_qndeffilter_sip fileNode\nclass node_venv_lib_python3_12_site-packages_PyQt6_bindings_QtNfc_qndefmessage_sip fileNode\nclass node_venv_lib_python3_12_site-packages_PyQt6_bindings_QtNfc_qndefnfcsmartposterrecord_sip fileNode\nclass node_venv_lib_python3_12_site-packages_PyQt6_bindings_QtNfc_qndefnfctextrecord_sip fileNode\nclass node_venv_lib_python3_12_site-packages_PyQt6_bindings_QtNfc_qndefnfcurirecord_sip fileNode\nclass node_venv_lib_python3_12_site-packages_PyQt6_bindings_QtNfc_qndefrecord_sip fileNode\nclass node_venv_lib_python3_12_site-packages_PyQt6_bindings_QtNfc_qnearfieldmanager_sip fileNode\nclass node_venv_lib_python3_12_site-packages_PyQt6_bindings_QtNfc_qnearfieldtarget_sip fileNode\nclass node_venv_lib_python3_12_site-packages_PyQt6_bindings_QtSerialPort_QtSerialPort_toml configFile\nclass node_venv_lib_python3_12_site-packages_PyQt6_bindings_QtSerialPort_QtSerialPortmod_sip fileNode\nclass node_venv_lib_python3_12_site-packages_PyQt6_bindings_QtSerialPort_qserialport_sip fileNode\nclass node_venv_lib_python3_12_site-packages_PyQt6_bindings_QtSerialPort_qserialportinfo_sip fileNode\nclass node_venv_lib_python3_12_site-packages_PyQt6_bindings_QtQuick_QtQuick_toml configFile\nclass node_venv_lib_python3_12_site-packages_PyQt6_bindings_QtQuick_QtQuickmod_sip fileNode\nclass node_venv_lib_python3_12_site-packages_PyQt6_bindings_QtQuick_qquickframebufferobject_sip fileNode\nclass node_venv_lib_python3_12_site-packages_PyQt6_bindings_QtQuick_qquickgraphicsconfiguration_sip fileNode\nclass node_venv_lib_python3_12_site-packages_PyQt6_bindings_QtQuick_qquickgraphicsdevice_sip fileNode\nclass node_venv_lib_python3_12_site-packages_PyQt6_bindings_QtQuick_qquickimageprovider_sip fileNode\nclass node_venv_lib_python3_12_site-packages_PyQt6_bindings_QtQuick_qquickitem_sip fileNode\nclass node_venv_lib_python3_12_site-packages_PyQt6_bindings_QtQuick_qquickitemgrabresult_sip fileNode\nclass node_venv_lib_python3_12_site-packages_PyQt6_bindings_QtQuick_qquickpainteditem_sip fileNode\nclass node_venv_lib_python3_12_site-packages_PyQt6_bindings_QtQuick_qquickrendercontrol_sip fileNode\nclass node_venv_lib_python3_12_site-packages_PyQt6_bindings_QtQuick_qquickrendertarget_sip fileNode\nclass node_venv_lib_python3_12_site-packages_PyQt6_bindings_QtQuick_qquicktextdocument_sip fileNode\nclass node_venv_lib_python3_12_site-packages_PyQt6_bindings_QtQuick_qquickview_sip fileNode\nclass node_venv_lib_python3_12_site-packages_PyQt6_bindings_QtQuick_qquickwindow_sip fileNode\nclass node_venv_lib_python3_12_site-packages_PyQt6_bindings_QtQuick_qsgflatcolormaterial_sip fileNode\nclass node_venv_lib_python3_12_site-packages_PyQt6_bindings_QtQuick_qsggeometry_sip fileNode\nclass node_venv_lib_python3_12_site-packages_PyQt6_bindings_QtQuick_qsgimagenode_sip fileNode\nclass node_venv_lib_python3_12_site-packages_PyQt6_bindings_QtQuick_qsgmaterial_sip fileNode\nclass node_venv_lib_python3_12_site-packages_PyQt6_bindings_QtQuick_qsgmaterialshader_sip fileNode\nclass node_venv_lib_python3_12_site-packages_PyQt6_bindings_QtQuick_qsgmaterialtype_sip fileNode\nclass node_venv_lib_python3_12_site-packages_PyQt6_bindings_QtQuick_qsgnode_sip fileNode\nclass node_venv_lib_python3_12_site-packages_PyQt6_bindings_QtQuick_qsgrectanglenode_sip fileNode\nclass node_venv_lib_python3_12_site-packages_PyQt6_bindings_QtQuick_qsgrendererinterface_sip fileNode\nclass node_venv_lib_python3_12_site-packages_PyQt6_bindings_QtQuick_qsgrendernode_sip fileNode\nclass node_venv_lib_python3_12_site-packages_PyQt6_bindings_QtQuick_qsgsimplerectnode_sip fileNode\nclass node_venv_lib_python3_12_site-packages_PyQt6_bindings_QtQuick_qsgsimpletexturenode_sip fileNode\nclass node_venv_lib_python3_12_site-packages_PyQt6_bindings_QtQuick_qsgtextnode_sip fileNode\nclass node_venv_lib_python3_12_site-packages_PyQt6_bindings_QtQuick_qsgtexture_sip fileNode\nclass node_venv_lib_python3_12_site-packages_PyQt6_bindings_QtQuick_qsgtexture_platform_sip fileNode\nclass node_venv_lib_python3_12_site-packages_PyQt6_bindings_QtQuick_qsgtexturematerial_sip fileNode\nclass node_venv_lib_python3_12_site-packages_PyQt6_bindings_QtQuick_qsgtextureprovider_sip fileNode\nclass node_venv_lib_python3_12_site-packages_PyQt6_bindings_QtQuick_qsgvertexcolormaterial_sip fileNode\nclass node_venv_lib_python3_12_site-packages_PyQt6_bindings_QtDBus_QtDBus_toml configFile\nclass node_venv_lib_python3_12_site-packages_PyQt6_bindings_QtDBus_QtDBusmod_sip fileNode\nclass node_venv_lib_python3_12_site-packages_PyQt6_bindings_QtDBus_qdbusabstractadaptor_sip fileNode\nclass node_venv_lib_python3_12_site-packages_PyQt6_bindings_QtDBus_qdbusabstractinterface_sip fileNode\nclass node_venv_lib_python3_12_site-packages_PyQt6_bindings_QtDBus_qdbusargument_sip fileNode\nclass node_venv_lib_python3_12_site-packages_PyQt6_bindings_QtDBus_qdbusconnection_sip fileNode\nclass node_venv_lib_python3_12_site-packages_PyQt6_bindings_QtDBus_qdbusconnectioninterface_sip fileNode\nclass node_venv_lib_python3_12_site-packages_PyQt6_bindings_QtDBus_qdbuserror_sip fileNode\nclass node_venv_lib_python3_12_site-packages_PyQt6_bindings_QtDBus_qdbusextratypes_sip fileNode\nclass node_venv_lib_python3_12_site-packages_PyQt6_bindings_QtDBus_qdbusinterface_sip fileNode\nclass node_venv_lib_python3_12_site-packages_PyQt6_bindings_QtDBus_qdbusmessage_sip fileNode\nclass node_venv_lib_python3_12_site-packages_PyQt6_bindings_QtDBus_qdbuspendingcall_sip fileNode\nclass node_venv_lib_python3_12_site-packages_PyQt6_bindings_QtDBus_qdbusservicewatcher_sip fileNode\nclass node_venv_lib_python3_12_site-packages_PyQt6_bindings_QtDBus_qdbusunixfiledescriptor_sip fileNode\nclass node_venv_lib_python3_12_site-packages_PyQt6_bindings_QtDBus_qpydbuspendingreply_sip fileNode\nclass node_venv_lib_python3_12_site-packages_PyQt6_bindings_QtDBus_qpydbusreply_sip fileNode\nclass node_venv_lib_python3_12_site-packages_PyQt6_bindings_QtQuickWidgets_QtQuickWidgets_toml configFile\nclass node_venv_lib_python3_12_site-packages_PyQt6_bindings_QtQuickWidgets_QtQuickWidgetsmod_sip fileNode\nclass node_venv_lib_python3_12_site-packages_PyQt6_bindings_QtQuickWidgets_qquickwidget_sip fileNode\nclass node_venv_lib_python3_12_site-packages_PyQt6_bindings_QtWebChannel_QtWebChannel_toml configFile\nclass node_venv_lib_python3_12_site-packages_PyQt6_bindings_QtWebChannel_QtWebChannelmod_sip fileNode\nclass node_venv_lib_python3_12_site-packages_PyQt6_bindings_QtWebChannel_qwebchannel_sip fileNode\nclass node_venv_lib_python3_12_site-packages_PyQt6_bindings_QtWebChannel_qwebchannelabstracttransport_sip fileNode\nclass node_venv_lib_python3_12_site-packages_PyQt6_bindings_QtWidgets_QtWidgets_toml configFile\nclass node_venv_lib_python3_12_site-packages_PyQt6_bindings_QtWidgets_QtWidgetsmod_sip fileNode\nclass node_venv_lib_python3_12_site-packages_PyQt6_bindings_QtWidgets_qabstractbutton_sip fileNode\nclass node_venv_lib_python3_12_site-packages_PyQt6_bindings_QtWidgets_qabstractitemdelegate_sip fileNode\nclass node_venv_lib_python3_12_site-packages_PyQt6_bindings_QtWidgets_qabstractitemview_sip fileNode\nclass node_venv_lib_python3_12_site-packages_PyQt6_bindings_QtWidgets_qabstractscrollarea_sip fileNode\nclass node_venv_lib_python3_12_site-packages_PyQt6_bindings_QtWidgets_qabstractslider_sip fileNode\nclass node_venv_lib_python3_12_site-packages_PyQt6_bindings_QtWidgets_qabstractspinbox_sip fileNode\nclass node_venv_lib_python3_12_site-packages_PyQt6_bindings_QtWidgets_qapplication_sip fileNode\nclass node_venv_lib_python3_12_site-packages_PyQt6_bindings_QtWidgets_qboxlayout_sip fileNode\nclass node_venv_lib_python3_12_site-packages_PyQt6_bindings_QtWidgets_qbuttongroup_sip fileNode\nclass node_venv_lib_python3_12_site-packages_PyQt6_bindings_QtWidgets_qcalendarwidget_sip fileNode\nclass node_venv_lib_python3_12_site-packages_PyQt6_bindings_QtWidgets_qcheckbox_sip fileNode\nclass node_venv_lib_python3_12_site-packages_PyQt6_bindings_QtWidgets_qcolordialog_sip fileNode\nclass node_venv_lib_python3_12_site-packages_PyQt6_bindings_QtWidgets_qcolumnview_sip fileNode\nclass node_venv_lib_python3_12_site-packages_PyQt6_bindings_QtWidgets_qcombobox_sip fileNode\nclass node_venv_lib_python3_12_site-packages_PyQt6_bindings_QtWidgets_qcommandlinkbutton_sip fileNode\nclass node_venv_lib_python3_12_site-packages_PyQt6_bindings_QtWidgets_qcommonstyle_sip fileNode\nclass node_venv_lib_python3_12_site-packages_PyQt6_bindings_QtWidgets_qcompleter_sip fileNode\nclass node_venv_lib_python3_12_site-packages_PyQt6_bindings_QtWidgets_qdatawidgetmapper_sip fileNode\nclass node_venv_lib_python3_12_site-packages_PyQt6_bindings_QtWidgets_qdatetimeedit_sip fileNode\nclass node_venv_lib_python3_12_site-packages_PyQt6_bindings_QtWidgets_qdial_sip fileNode\nclass node_venv_lib_python3_12_site-packages_PyQt6_bindings_QtWidgets_qdialog_sip fileNode\nclass node_venv_lib_python3_12_site-packages_PyQt6_bindings_QtWidgets_qdialogbuttonbox_sip fileNode\nclass node_venv_lib_python3_12_site-packages_PyQt6_bindings_QtWidgets_qdockwidget_sip fileNode\nclass node_venv_lib_python3_12_site-packages_PyQt6_bindings_QtWidgets_qdrawutil_sip fileNode\nclass node_venv_lib_python3_12_site-packages_PyQt6_bindings_QtWidgets_qerrormessage_sip fileNode\nclass node_venv_lib_python3_12_site-packages_PyQt6_bindings_QtWidgets_qfiledialog_sip fileNode\nclass node_venv_lib_python3_12_site-packages_PyQt6_bindings_QtWidgets_qfileiconprovider_sip fileNode\nclass node_venv_lib_python3_12_site-packages_PyQt6_bindings_QtWidgets_qfilesystemmodel_sip fileNode\nclass node_venv_lib_python3_12_site-packages_PyQt6_bindings_QtWidgets_qfocusframe_sip fileNode\nclass node_venv_lib_python3_12_site-packages_PyQt6_bindings_QtWidgets_qfontcombobox_sip fileNode\nclass node_venv_lib_python3_12_site-packages_PyQt6_bindings_QtWidgets_qfontdialog_sip fileNode\nclass node_venv_lib_python3_12_site-packages_PyQt6_bindings_QtWidgets_qformlayout_sip fileNode\nclass node_venv_lib_python3_12_site-packages_PyQt6_bindings_QtWidgets_qframe_sip fileNode\nclass node_venv_lib_python3_12_site-packages_PyQt6_bindings_QtWidgets_qgesture_sip fileNode\nclass node_venv_lib_python3_12_site-packages_PyQt6_bindings_QtWidgets_qgesturerecognizer_sip fileNode\nclass node_venv_lib_python3_12_site-packages_PyQt6_bindings_QtWidgets_qgraphicsanchorlayout_sip fileNode\nclass node_venv_lib_python3_12_site-packages_PyQt6_bindings_QtWidgets_qgraphicseffect_sip fileNode\nclass node_venv_lib_python3_12_site-packages_PyQt6_bindings_QtWidgets_qgraphicsgridlayout_sip fileNode\nclass node_venv_lib_python3_12_site-packages_PyQt6_bindings_QtWidgets_qgraphicsitem_sip fileNode\nclass node_venv_lib_python3_12_site-packages_PyQt6_bindings_QtWidgets_qgraphicslayout_sip fileNode\nclass node_venv_lib_python3_12_site-packages_PyQt6_bindings_QtWidgets_qgraphicslayoutitem_sip fileNode\nclass node_venv_lib_python3_12_site-packages_PyQt6_bindings_QtWidgets_qgraphicslinearlayout_sip fileNode\nclass node_venv_lib_python3_12_site-packages_PyQt6_bindings_QtWidgets_qgraphicsproxywidget_sip fileNode\nclass node_venv_lib_python3_12_site-packages_PyQt6_bindings_QtWidgets_qgraphicsscene_sip fileNode\nclass node_venv_lib_python3_12_site-packages_PyQt6_bindings_QtWidgets_qgraphicssceneevent_sip fileNode\nclass node_venv_lib_python3_12_site-packages_PyQt6_bindings_QtWidgets_qgraphicstransform_sip fileNode\nclass node_venv_lib_python3_12_site-packages_PyQt6_bindings_QtWidgets_qgraphicsview_sip fileNode\nclass node_venv_lib_python3_12_site-packages_PyQt6_bindings_QtWidgets_qgraphicswidget_sip fileNode\nclass node_venv_lib_python3_12_site-packages_PyQt6_bindings_QtWidgets_qgridlayout_sip fileNode\nclass node_venv_lib_python3_12_site-packages_PyQt6_bindings_QtWidgets_qgroupbox_sip fileNode\nclass node_venv_lib_python3_12_site-packages_PyQt6_bindings_QtWidgets_qheaderview_sip fileNode\nclass node_venv_lib_python3_12_site-packages_PyQt6_bindings_QtWidgets_qinputdialog_sip fileNode\nclass node_venv_lib_python3_12_site-packages_PyQt6_bindings_QtWidgets_qitemdelegate_sip fileNode\nclass node_venv_lib_python3_12_site-packages_PyQt6_bindings_QtWidgets_qitemeditorfactory_sip fileNode\nclass node_venv_lib_python3_12_site-packages_PyQt6_bindings_QtWidgets_qkeysequenceedit_sip fileNode\nclass node_venv_lib_python3_12_site-packages_PyQt6_bindings_QtWidgets_qlabel_sip fileNode\nclass node_venv_lib_python3_12_site-packages_PyQt6_bindings_QtWidgets_qlayout_sip fileNode\nclass node_venv_lib_python3_12_site-packages_PyQt6_bindings_QtWidgets_qlayoutitem_sip fileNode\nclass node_venv_lib_python3_12_site-packages_PyQt6_bindings_QtWidgets_qlcdnumber_sip fileNode\nclass node_venv_lib_python3_12_site-packages_PyQt6_bindings_QtWidgets_qlineedit_sip fileNode\nclass node_venv_lib_python3_12_site-packages_PyQt6_bindings_QtWidgets_qlistview_sip fileNode\nclass node_venv_lib_python3_12_site-packages_PyQt6_bindings_QtWidgets_qlistwidget_sip fileNode\nclass node_venv_lib_python3_12_site-packages_PyQt6_bindings_QtWidgets_qmainwindow_sip fileNode\nclass node_venv_lib_python3_12_site-packages_PyQt6_bindings_QtWidgets_qmdiarea_sip fileNode\nclass node_venv_lib_python3_12_site-packages_PyQt6_bindings_QtWidgets_qmdisubwindow_sip fileNode\nclass node_venv_lib_python3_12_site-packages_PyQt6_bindings_QtWidgets_qmenu_sip fileNode\nclass node_venv_lib_python3_12_site-packages_PyQt6_bindings_QtWidgets_qmenubar_sip fileNode\nclass node_venv_lib_python3_12_site-packages_PyQt6_bindings_QtWidgets_qmessagebox_sip fileNode\nclass node_venv_lib_python3_12_site-packages_PyQt6_bindings_QtWidgets_qplaintextedit_sip fileNode\nclass node_venv_lib_python3_12_site-packages_PyQt6_bindings_QtWidgets_qprogressbar_sip fileNode\nclass node_venv_lib_python3_12_site-packages_PyQt6_bindings_QtWidgets_qprogressdialog_sip fileNode\nclass node_venv_lib_python3_12_site-packages_PyQt6_bindings_QtWidgets_qproxystyle_sip fileNode\nclass node_venv_lib_python3_12_site-packages_PyQt6_bindings_QtWidgets_qpushbutton_sip fileNode\nclass node_venv_lib_python3_12_site-packages_PyQt6_bindings_QtWidgets_qpywidgets_qlist_sip fileNode\nclass node_venv_lib_python3_12_site-packages_PyQt6_bindings_QtWidgets_qradiobutton_sip fileNode\nclass node_venv_lib_python3_12_site-packages_PyQt6_bindings_QtWidgets_qrubberband_sip fileNode\nclass node_venv_lib_python3_12_site-packages_PyQt6_bindings_QtWidgets_qscrollarea_sip fileNode\nclass node_venv_lib_python3_12_site-packages_PyQt6_bindings_QtWidgets_qscrollbar_sip fileNode\nclass node_venv_lib_python3_12_site-packages_PyQt6_bindings_QtWidgets_qscroller_sip fileNode\nclass node_venv_lib_python3_12_site-packages_PyQt6_bindings_QtWidgets_qscrollerproperties_sip fileNode\nclass node_venv_lib_python3_12_site-packages_PyQt6_bindings_QtWidgets_qsizegrip_sip fileNode\nclass node_venv_lib_python3_12_site-packages_PyQt6_bindings_QtWidgets_qsizepolicy_sip fileNode\nclass node_venv_lib_python3_12_site-packages_PyQt6_bindings_QtWidgets_qslider_sip fileNode\nclass node_venv_lib_python3_12_site-packages_PyQt6_bindings_QtWidgets_qspinbox_sip fileNode\nclass node_venv_lib_python3_12_site-packages_PyQt6_bindings_QtWidgets_qsplashscreen_sip fileNode\nclass node_venv_lib_python3_12_site-packages_PyQt6_bindings_QtWidgets_qsplitter_sip fileNode\nclass node_venv_lib_python3_12_site-packages_PyQt6_bindings_QtWidgets_qstackedlayout_sip fileNode\nclass node_venv_lib_python3_12_site-packages_PyQt6_bindings_QtWidgets_qstackedwidget_sip fileNode\nclass node_venv_lib_python3_12_site-packages_PyQt6_bindings_QtWidgets_qstatusbar_sip fileNode\nclass node_venv_lib_python3_12_site-packages_PyQt6_bindings_QtWidgets_qstyle_sip fileNode\nclass node_venv_lib_python3_12_site-packages_PyQt6_bindings_QtWidgets_qstyleditemdelegate_sip fileNode\nclass node_venv_lib_python3_12_site-packages_PyQt6_bindings_QtWidgets_qstylefactory_sip fileNode\nclass node_venv_lib_python3_12_site-packages_PyQt6_bindings_QtWidgets_qstyleoption_sip fileNode\nclass node_venv_lib_python3_12_site-packages_PyQt6_bindings_QtWidgets_qstylepainter_sip fileNode\nclass node_venv_lib_python3_12_site-packages_PyQt6_bindings_QtWidgets_qsystemtrayicon_sip fileNode\nclass node_venv_lib_python3_12_site-packages_PyQt6_bindings_QtWidgets_qtabbar_sip fileNode\nclass node_venv_lib_python3_12_site-packages_PyQt6_bindings_QtWidgets_qtableview_sip fileNode\nclass node_venv_lib_python3_12_site-packages_PyQt6_bindings_QtWidgets_qtablewidget_sip fileNode\nclass node_venv_lib_python3_12_site-packages_PyQt6_bindings_QtWidgets_qtabwidget_sip fileNode\nclass node_venv_lib_python3_12_site-packages_PyQt6_bindings_QtWidgets_qtextbrowser_sip fileNode\nclass node_venv_lib_python3_12_site-packages_PyQt6_bindings_QtWidgets_qtextedit_sip fileNode\nclass node_venv_lib_python3_12_site-packages_PyQt6_bindings_QtWidgets_qtoolbar_sip fileNode\nclass node_venv_lib_python3_12_site-packages_PyQt6_bindings_QtWidgets_qtoolbox_sip fileNode\nclass node_venv_lib_python3_12_site-packages_PyQt6_bindings_QtWidgets_qtoolbutton_sip fileNode\nclass node_venv_lib_python3_12_site-packages_PyQt6_bindings_QtWidgets_qtooltip_sip fileNode\nclass node_venv_lib_python3_12_site-packages_PyQt6_bindings_QtWidgets_qtreeview_sip fileNode\nclass node_venv_lib_python3_12_site-packages_PyQt6_bindings_QtWidgets_qtreewidget_sip fileNode\nclass node_venv_lib_python3_12_site-packages_PyQt6_bindings_QtWidgets_qtreewidgetitemiterator_sip fileNode\nclass node_venv_lib_python3_12_site-packages_PyQt6_bindings_QtWidgets_qundoview_sip fileNode\nclass node_venv_lib_python3_12_site-packages_PyQt6_bindings_QtWidgets_qwhatsthis_sip fileNode\nclass node_venv_lib_python3_12_site-packages_PyQt6_bindings_QtWidgets_qwidget_sip fileNode\nclass node_venv_lib_python3_12_site-packages_PyQt6_bindings_QtWidgets_qwidgetaction_sip fileNode\nclass node_venv_lib_python3_12_site-packages_PyQt6_bindings_QtWidgets_qwizard_sip fileNode\nclass node_venv_lib_python3_12_site-packages_PyQt6_bindings_QtSql_QtSql_toml configFile\nclass node_venv_lib_python3_12_site-packages_PyQt6_bindings_QtSql_QtSqlmod_sip fileNode\nclass node_venv_lib_python3_12_site-packages_PyQt6_bindings_QtSql_qsqldatabase_sip fileNode\nclass node_venv_lib_python3_12_site-packages_PyQt6_bindings_QtSql_qsqldriver_sip fileNode\nclass node_venv_lib_python3_12_site-packages_PyQt6_bindings_QtSql_qsqlerror_sip fileNode\nclass node_venv_lib_python3_12_site-packages_PyQt6_bindings_QtSql_qsqlfield_sip fileNode\nclass node_venv_lib_python3_12_site-packages_PyQt6_bindings_QtSql_qsqlindex_sip fileNode\nclass node_venv_lib_python3_12_site-packages_PyQt6_bindings_QtSql_qsqlquery_sip fileNode\nclass node_venv_lib_python3_12_site-packages_PyQt6_bindings_QtSql_qsqlquerymodel_sip fileNode\nclass node_venv_lib_python3_12_site-packages_PyQt6_bindings_QtSql_qsqlrecord_sip fileNode\nclass node_venv_lib_python3_12_site-packages_PyQt6_bindings_QtSql_qsqlrelationaldelegate_sip fileNode\nclass node_venv_lib_python3_12_site-packages_PyQt6_bindings_QtSql_qsqlrelationaltablemodel_sip fileNode\nclass node_venv_lib_python3_12_site-packages_PyQt6_bindings_QtSql_qsqlresult_sip fileNode\nclass node_venv_lib_python3_12_site-packages_PyQt6_bindings_QtSql_qsqltablemodel_sip fileNode\nclass node_venv_lib_python3_12_site-packages_PyQt6_bindings_QtSql_qtsqlglobal_sip fileNode\nclass node_venv_lib_python3_12_site-packages_PyQt6_bindings_QtMultimedia_QtMultimedia_toml configFile\nclass node_venv_lib_python3_12_site-packages_PyQt6_bindings_QtMultimedia_QtMultimediamod_sip fileNode\nclass node_venv_lib_python3_12_site-packages_PyQt6_bindings_QtMultimedia_qaudio_sip fileNode\nclass node_venv_lib_python3_12_site-packages_PyQt6_bindings_QtMultimedia_qaudiobuffer_sip fileNode\nclass node_venv_lib_python3_12_site-packages_PyQt6_bindings_QtMultimedia_qaudiobufferinput_sip fileNode\nclass node_venv_lib_python3_12_site-packages_PyQt6_bindings_QtMultimedia_qaudiobufferoutput_sip fileNode\nclass node_venv_lib_python3_12_site-packages_PyQt6_bindings_QtMultimedia_qaudiodecoder_sip fileNode\nclass node_venv_lib_python3_12_site-packages_PyQt6_bindings_QtMultimedia_qaudiodevice_sip fileNode\nclass node_venv_lib_python3_12_site-packages_PyQt6_bindings_QtMultimedia_qaudioformat_sip fileNode\nclass node_venv_lib_python3_12_site-packages_PyQt6_bindings_QtMultimedia_qaudioinput_sip fileNode\nclass node_venv_lib_python3_12_site-packages_PyQt6_bindings_QtMultimedia_qaudiooutput_sip fileNode\nclass node_venv_lib_python3_12_site-packages_PyQt6_bindings_QtMultimedia_qaudiosink_sip fileNode\nclass node_venv_lib_python3_12_site-packages_PyQt6_bindings_QtMultimedia_qaudiosource_sip fileNode\nclass node_venv_lib_python3_12_site-packages_PyQt6_bindings_QtMultimedia_qcamera_sip fileNode\nclass node_venv_lib_python3_12_site-packages_PyQt6_bindings_QtMultimedia_qcameradevice_sip fileNode\nclass node_venv_lib_python3_12_site-packages_PyQt6_bindings_QtMultimedia_qcapturablewindow_sip fileNode\nclass node_venv_lib_python3_12_site-packages_PyQt6_bindings_QtMultimedia_qimagecapture_sip fileNode\nclass node_venv_lib_python3_12_site-packages_PyQt6_bindings_QtMultimedia_qmediacapturesession_sip fileNode\nclass node_venv_lib_python3_12_site-packages_PyQt6_bindings_QtMultimedia_qmediadevices_sip fileNode\nclass node_venv_lib_python3_12_site-packages_PyQt6_bindings_QtMultimedia_qmediaformat_sip fileNode\nclass node_venv_lib_python3_12_site-packages_PyQt6_bindings_QtMultimedia_qmediametadata_sip fileNode\nclass node_venv_lib_python3_12_site-packages_PyQt6_bindings_QtMultimedia_qmediaplayer_sip fileNode\nclass node_venv_lib_python3_12_site-packages_PyQt6_bindings_QtMultimedia_qmediarecorder_sip fileNode\nclass node_venv_lib_python3_12_site-packages_PyQt6_bindings_QtMultimedia_qmediatimerange_sip fileNode\nclass node_venv_lib_python3_12_site-packages_PyQt6_bindings_QtMultimedia_qplaybackoptions_sip fileNode\nclass node_venv_lib_python3_12_site-packages_PyQt6_bindings_QtMultimedia_qpymultimedia_qlist_sip fileNode\nclass node_venv_lib_python3_12_site-packages_PyQt6_bindings_QtMultimedia_qscreencapture_sip fileNode\nclass node_venv_lib_python3_12_site-packages_PyQt6_bindings_QtMultimedia_qsoundeffect_sip fileNode\nclass node_venv_lib_python3_12_site-packages_PyQt6_bindings_QtMultimedia_qtvideo_sip fileNode\nclass node_venv_lib_python3_12_site-packages_PyQt6_bindings_QtMultimedia_qvideoframe_sip fileNode\nclass node_venv_lib_python3_12_site-packages_PyQt6_bindings_QtMultimedia_qvideoframeformat_sip fileNode\nclass node_venv_lib_python3_12_site-packages_PyQt6_bindings_QtMultimedia_qvideoframeinput_sip fileNode\nclass node_venv_lib_python3_12_site-packages_PyQt6_bindings_QtMultimedia_qvideosink_sip fileNode\nclass node_venv_lib_python3_12_site-packages_PyQt6_bindings_QtMultimedia_qwindowcapture_sip fileNode\nclass node_venv_lib_python3_12_site-packages_PyQt6_bindings_QtSpatialAudio_QtSpatialAudio_toml configFile\nclass node_venv_lib_python3_12_site-packages_PyQt6_bindings_QtSpatialAudio_QtSpatialAudiomod_sip fileNode\nclass node_venv_lib_python3_12_site-packages_PyQt6_bindings_QtSpatialAudio_qambientsound_sip fileNode\nclass node_venv_lib_python3_12_site-packages_PyQt6_bindings_QtSpatialAudio_qaudioengine_sip fileNode\nclass node_venv_lib_python3_12_site-packages_PyQt6_bindings_QtSpatialAudio_qaudiolistener_sip fileNode\nclass node_venv_lib_python3_12_site-packages_PyQt6_bindings_QtSpatialAudio_qaudioroom_sip fileNode\nclass node_venv_lib_python3_12_site-packages_PyQt6_bindings_QtSpatialAudio_qspatialsound_sip fileNode\nclass node_venv_lib_python3_12_site-packages_PyQt6_bindings_QtPositioning_QtPositioning_toml configFile\nclass node_venv_lib_python3_12_site-packages_PyQt6_bindings_QtPositioning_QtPositioningmod_sip fileNode\nclass node_venv_lib_python3_12_site-packages_PyQt6_bindings_QtPositioning_qgeoaddress_sip fileNode\nclass node_venv_lib_python3_12_site-packages_PyQt6_bindings_QtPositioning_qgeoareamonitorinfo_sip fileNode\nclass node_venv_lib_python3_12_site-packages_PyQt6_bindings_QtPositioning_qgeoareamonitorsource_sip fileNode\nclass node_venv_lib_python3_12_site-packages_PyQt6_bindings_QtPositioning_qgeocircle_sip fileNode\nclass node_venv_lib_python3_12_site-packages_PyQt6_bindings_QtPositioning_qgeocoordinate_sip fileNode\nclass node_venv_lib_python3_12_site-packages_PyQt6_bindings_QtPositioning_qgeolocation_sip fileNode\nclass node_venv_lib_python3_12_site-packages_PyQt6_bindings_QtPositioning_qgeopath_sip fileNode\nclass node_venv_lib_python3_12_site-packages_PyQt6_bindings_QtPositioning_qgeopolygon_sip fileNode\nclass node_venv_lib_python3_12_site-packages_PyQt6_bindings_QtPositioning_qgeopositioninfo_sip fileNode\nclass node_venv_lib_python3_12_site-packages_PyQt6_bindings_QtPositioning_qgeopositioninfosource_sip fileNode\nclass node_venv_lib_python3_12_site-packages_PyQt6_bindings_QtPositioning_qgeorectangle_sip fileNode\nclass node_venv_lib_python3_12_site-packages_PyQt6_bindings_QtPositioning_qgeosatelliteinfo_sip fileNode\nclass node_venv_lib_python3_12_site-packages_PyQt6_bindings_QtPositioning_qgeosatelliteinfosource_sip fileNode\nclass node_venv_lib_python3_12_site-packages_PyQt6_bindings_QtPositioning_qgeoshape_sip fileNode\nclass node_venv_lib_python3_12_site-packages_PyQt6_bindings_QtPositioning_qnmeapositioninfosource_sip fileNode\nclass node_venv_lib_python3_12_site-packages_PyQt6_bindings_QtPositioning_qnmeasatelliteinfosource_sip fileNode\nclass node_venv_lib_python3_12_site-packages_PyQt6_bindings_QtTextToSpeech_QtTextToSpeech_toml configFile\nclass node_venv_lib_python3_12_site-packages_PyQt6_bindings_QtTextToSpeech_QtTextToSpeechmod_sip fileNode\nclass node_venv_lib_python3_12_site-packages_PyQt6_bindings_QtTextToSpeech_qtexttospeech_sip fileNode\nclass node_venv_lib_python3_12_site-packages_PyQt6_bindings_QtTextToSpeech_qvoice_sip fileNode\nclass node_venv_lib_python3_12_site-packages_PyQt6_bindings_QtCore_QtCore_toml configFile\nclass node_venv_lib_python3_12_site-packages_PyQt6_bindings_QtCore_QtCoremod_sip fileNode\nclass node_venv_lib_python3_12_site-packages_PyQt6_bindings_QtCore_pyqt-gpl_sip5 fileNode\nclass node_venv_lib_python3_12_site-packages_PyQt6_bindings_QtCore_qabstractanimation_sip fileNode\nclass node_venv_lib_python3_12_site-packages_PyQt6_bindings_QtCore_qabstracteventdispatcher_sip fileNode\nclass node_venv_lib_python3_12_site-packages_PyQt6_bindings_QtCore_qabstractitemmodel_sip fileNode\nclass node_venv_lib_python3_12_site-packages_PyQt6_bindings_QtCore_qabstractnativeeventfilter_sip fileNode\nclass node_venv_lib_python3_12_site-packages_PyQt6_bindings_QtCore_qabstractproxymodel_sip fileNode\nclass node_venv_lib_python3_12_site-packages_PyQt6_bindings_QtCore_qanimationgroup_sip fileNode\nclass node_venv_lib_python3_12_site-packages_PyQt6_bindings_QtCore_qanystringview_sip fileNode\nclass node_venv_lib_python3_12_site-packages_PyQt6_bindings_QtCore_qbasictimer_sip fileNode\nclass node_venv_lib_python3_12_site-packages_PyQt6_bindings_QtCore_qbitarray_sip fileNode\nclass node_venv_lib_python3_12_site-packages_PyQt6_bindings_QtCore_qbuffer_sip fileNode\nclass node_venv_lib_python3_12_site-packages_PyQt6_bindings_QtCore_qbytearray_sip fileNode\nclass node_venv_lib_python3_12_site-packages_PyQt6_bindings_QtCore_qbytearrayalgorithms_sip fileNode\nclass node_venv_lib_python3_12_site-packages_PyQt6_bindings_QtCore_qbytearraylist_sip fileNode\nclass node_venv_lib_python3_12_site-packages_PyQt6_bindings_QtCore_qbytearraymatcher_sip fileNode\nclass node_venv_lib_python3_12_site-packages_PyQt6_bindings_QtCore_qbytearrayview_sip fileNode\nclass node_venv_lib_python3_12_site-packages_PyQt6_bindings_QtCore_qcalendar_sip fileNode\nclass node_venv_lib_python3_12_site-packages_PyQt6_bindings_QtCore_qcborcommon_sip fileNode\nclass node_venv_lib_python3_12_site-packages_PyQt6_bindings_QtCore_qcborstreamreader_sip fileNode\nclass node_venv_lib_python3_12_site-packages_PyQt6_bindings_QtCore_qcborstreamwriter_sip fileNode\nclass node_venv_lib_python3_12_site-packages_PyQt6_bindings_QtCore_qchar_sip fileNode\nclass node_venv_lib_python3_12_site-packages_PyQt6_bindings_QtCore_qcollator_sip fileNode\nclass node_venv_lib_python3_12_site-packages_PyQt6_bindings_QtCore_qcommandlineoption_sip fileNode\nclass node_venv_lib_python3_12_site-packages_PyQt6_bindings_QtCore_qcommandlineparser_sip fileNode\nclass node_venv_lib_python3_12_site-packages_PyQt6_bindings_QtCore_qconcatenatetablesproxymodel_sip fileNode\nclass node_venv_lib_python3_12_site-packages_PyQt6_bindings_QtCore_qcoreapplication_sip fileNode\nclass node_venv_lib_python3_12_site-packages_PyQt6_bindings_QtCore_qcoreevent_sip fileNode\nclass node_venv_lib_python3_12_site-packages_PyQt6_bindings_QtCore_qcryptographichash_sip fileNode\nclass node_venv_lib_python3_12_site-packages_PyQt6_bindings_QtCore_qdatastream_sip fileNode\nclass node_venv_lib_python3_12_site-packages_PyQt6_bindings_QtCore_qdatetime_sip fileNode\nclass node_venv_lib_python3_12_site-packages_PyQt6_bindings_QtCore_qdeadlinetimer_sip fileNode\nclass node_venv_lib_python3_12_site-packages_PyQt6_bindings_QtCore_qdir_sip fileNode\nclass node_venv_lib_python3_12_site-packages_PyQt6_bindings_QtCore_qdiriterator_sip fileNode\nclass node_venv_lib_python3_12_site-packages_PyQt6_bindings_QtCore_qeasingcurve_sip fileNode\nclass node_venv_lib_python3_12_site-packages_PyQt6_bindings_QtCore_qelapsedtimer_sip fileNode\nclass node_venv_lib_python3_12_site-packages_PyQt6_bindings_QtCore_qeventloop_sip fileNode\nclass node_venv_lib_python3_12_site-packages_PyQt6_bindings_QtCore_qfile_sip fileNode\nclass node_venv_lib_python3_12_site-packages_PyQt6_bindings_QtCore_qfiledevice_sip fileNode\nclass node_venv_lib_python3_12_site-packages_PyQt6_bindings_QtCore_qfileinfo_sip fileNode\nclass node_venv_lib_python3_12_site-packages_PyQt6_bindings_QtCore_qfileselector_sip fileNode\nclass node_venv_lib_python3_12_site-packages_PyQt6_bindings_QtCore_qfilesystemwatcher_sip fileNode\nclass node_venv_lib_python3_12_site-packages_PyQt6_bindings_QtCore_qflags_sip fileNode\nclass node_venv_lib_python3_12_site-packages_PyQt6_bindings_QtCore_qglobal_sip fileNode\nclass node_venv_lib_python3_12_site-packages_PyQt6_bindings_QtCore_qidentityproxymodel_sip fileNode\nclass node_venv_lib_python3_12_site-packages_PyQt6_bindings_QtCore_qiodevice_sip fileNode\nclass node_venv_lib_python3_12_site-packages_PyQt6_bindings_QtCore_qiodevicebase_sip fileNode\nclass node_venv_lib_python3_12_site-packages_PyQt6_bindings_QtCore_qitemselectionmodel_sip fileNode\nclass node_venv_lib_python3_12_site-packages_PyQt6_bindings_QtCore_qjsonarray_sip fileNode\nclass node_venv_lib_python3_12_site-packages_PyQt6_bindings_QtCore_qjsondocument_sip fileNode\nclass node_venv_lib_python3_12_site-packages_PyQt6_bindings_QtCore_qjsonobject_sip fileNode\nclass node_venv_lib_python3_12_site-packages_PyQt6_bindings_QtCore_qjsonparseerror_sip fileNode\nclass node_venv_lib_python3_12_site-packages_PyQt6_bindings_QtCore_qjsonvalue_sip fileNode\nclass node_venv_lib_python3_12_site-packages_PyQt6_bindings_QtCore_qlibrary_sip fileNode\nclass node_venv_lib_python3_12_site-packages_PyQt6_bindings_QtCore_qlibraryinfo_sip fileNode\nclass node_venv_lib_python3_12_site-packages_PyQt6_bindings_QtCore_qline_sip fileNode\nclass node_venv_lib_python3_12_site-packages_PyQt6_bindings_QtCore_qlocale_sip fileNode\nclass node_venv_lib_python3_12_site-packages_PyQt6_bindings_QtCore_qlockfile_sip fileNode\nclass node_venv_lib_python3_12_site-packages_PyQt6_bindings_QtCore_qlogging_sip fileNode\nclass node_venv_lib_python3_12_site-packages_PyQt6_bindings_QtCore_qloggingcategory_sip fileNode\nclass node_venv_lib_python3_12_site-packages_PyQt6_bindings_QtCore_qmargins_sip fileNode\nclass node_venv_lib_python3_12_site-packages_PyQt6_bindings_QtCore_qmessageauthenticationcode_sip fileNode\nclass node_venv_lib_python3_12_site-packages_PyQt6_bindings_QtCore_qmetaobject_sip fileNode\nclass node_venv_lib_python3_12_site-packages_PyQt6_bindings_QtCore_qmetatype_sip fileNode\nclass node_venv_lib_python3_12_site-packages_PyQt6_bindings_QtCore_qmimedata_sip fileNode\nclass node_venv_lib_python3_12_site-packages_PyQt6_bindings_QtCore_qmimedatabase_sip fileNode\nclass node_venv_lib_python3_12_site-packages_PyQt6_bindings_QtCore_qmimetype_sip fileNode\nclass node_venv_lib_python3_12_site-packages_PyQt6_bindings_QtCore_qmutex_sip fileNode\nclass node_venv_lib_python3_12_site-packages_PyQt6_bindings_QtCore_qmutexlocker_sip fileNode\nclass node_venv_lib_python3_12_site-packages_PyQt6_bindings_QtCore_qnamespace_sip fileNode\nclass node_venv_lib_python3_12_site-packages_PyQt6_bindings_QtCore_qnumeric_sip fileNode\nclass node_venv_lib_python3_12_site-packages_PyQt6_bindings_QtCore_qobject_sip fileNode\nclass node_venv_lib_python3_12_site-packages_PyQt6_bindings_QtCore_qobjectcleanuphandler_sip fileNode\nclass node_venv_lib_python3_12_site-packages_PyQt6_bindings_QtCore_qobjectdefs_sip fileNode\nclass node_venv_lib_python3_12_site-packages_PyQt6_bindings_QtCore_qoperatingsystemversion_sip fileNode\nclass node_venv_lib_python3_12_site-packages_PyQt6_bindings_QtCore_qparallelanimationgroup_sip fileNode\nclass node_venv_lib_python3_12_site-packages_PyQt6_bindings_QtCore_qpauseanimation_sip fileNode\nclass node_venv_lib_python3_12_site-packages_PyQt6_bindings_QtCore_qpermissions_sip fileNode\nclass node_venv_lib_python3_12_site-packages_PyQt6_bindings_QtCore_qpluginloader_sip fileNode\nclass node_venv_lib_python3_12_site-packages_PyQt6_bindings_QtCore_qpoint_sip fileNode\nclass node_venv_lib_python3_12_site-packages_PyQt6_bindings_QtCore_qprocess_sip fileNode\nclass node_venv_lib_python3_12_site-packages_PyQt6_bindings_QtCore_qpropertyanimation_sip fileNode\nclass node_venv_lib_python3_12_site-packages_PyQt6_bindings_QtCore_qpycore_native_interface_sip fileNode\nclass node_venv_lib_python3_12_site-packages_PyQt6_bindings_QtCore_qpycore_qhash_sip fileNode\nclass node_venv_lib_python3_12_site-packages_PyQt6_bindings_QtCore_qpycore_qlist_sip fileNode\nclass node_venv_lib_python3_12_site-packages_PyQt6_bindings_QtCore_qpycore_qmap_sip fileNode\nclass node_venv_lib_python3_12_site-packages_PyQt6_bindings_QtCore_qpycore_qrangemodel_sip fileNode\nclass node_venv_lib_python3_12_site-packages_PyQt6_bindings_QtCore_qpycore_qset_sip fileNode\nclass node_venv_lib_python3_12_site-packages_PyQt6_bindings_QtCore_qpycore_std_chrono_duration_sip fileNode\nclass node_venv_lib_python3_12_site-packages_PyQt6_bindings_QtCore_qpycore_std_optional_sip fileNode\nclass node_venv_lib_python3_12_site-packages_PyQt6_bindings_QtCore_qpycore_std_pair_sip fileNode\nclass node_venv_lib_python3_12_site-packages_PyQt6_bindings_QtCore_qpycore_virtual_error_handler_sip fileNode\nclass node_venv_lib_python3_12_site-packages_PyQt6_bindings_QtCore_qrandom_sip fileNode\nclass node_venv_lib_python3_12_site-packages_PyQt6_bindings_QtCore_qrangemodel_sip fileNode\nclass node_venv_lib_python3_12_site-packages_PyQt6_bindings_QtCore_qreadwritelock_sip fileNode\nclass node_venv_lib_python3_12_site-packages_PyQt6_bindings_QtCore_qrect_sip fileNode\nclass node_venv_lib_python3_12_site-packages_PyQt6_bindings_QtCore_qregularexpression_sip fileNode\nclass node_venv_lib_python3_12_site-packages_PyQt6_bindings_QtCore_qresource_sip fileNode\nclass node_venv_lib_python3_12_site-packages_PyQt6_bindings_QtCore_qrunnable_sip fileNode\nclass node_venv_lib_python3_12_site-packages_PyQt6_bindings_QtCore_qsavefile_sip fileNode\nclass node_venv_lib_python3_12_site-packages_PyQt6_bindings_QtCore_qsemaphore_sip fileNode\nclass node_venv_lib_python3_12_site-packages_PyQt6_bindings_QtCore_qsequentialanimationgroup_sip fileNode\nclass node_venv_lib_python3_12_site-packages_PyQt6_bindings_QtCore_qsettings_sip fileNode\nclass node_venv_lib_python3_12_site-packages_PyQt6_bindings_QtCore_qsharedmemory_sip fileNode\nclass node_venv_lib_python3_12_site-packages_PyQt6_bindings_QtCore_qsignalmapper_sip fileNode\nclass node_venv_lib_python3_12_site-packages_PyQt6_bindings_QtCore_qsize_sip fileNode\nclass node_venv_lib_python3_12_site-packages_PyQt6_bindings_QtCore_qsocketnotifier_sip fileNode\nclass node_venv_lib_python3_12_site-packages_PyQt6_bindings_QtCore_qsortfilterproxymodel_sip fileNode\nclass node_venv_lib_python3_12_site-packages_PyQt6_bindings_QtCore_qstandardpaths_sip fileNode\nclass node_venv_lib_python3_12_site-packages_PyQt6_bindings_QtCore_qstorageinfo_sip fileNode\nclass node_venv_lib_python3_12_site-packages_PyQt6_bindings_QtCore_qstring_sip fileNode\nclass node_venv_lib_python3_12_site-packages_PyQt6_bindings_QtCore_qstringconverter_sip fileNode\nclass node_venv_lib_python3_12_site-packages_PyQt6_bindings_QtCore_qstringconverter_base_sip fileNode\nclass node_venv_lib_python3_12_site-packages_PyQt6_bindings_QtCore_qstringlist_sip fileNode\nclass node_venv_lib_python3_12_site-packages_PyQt6_bindings_QtCore_qstringlistmodel_sip fileNode\nclass node_venv_lib_python3_12_site-packages_PyQt6_bindings_QtCore_qstringview_sip fileNode\nclass node_venv_lib_python3_12_site-packages_PyQt6_bindings_QtCore_qsysinfo_sip fileNode\nclass node_venv_lib_python3_12_site-packages_PyQt6_bindings_QtCore_qsystemsemaphore_sip fileNode\nclass node_venv_lib_python3_12_site-packages_PyQt6_bindings_QtCore_qtemporarydir_sip fileNode\nclass node_venv_lib_python3_12_site-packages_PyQt6_bindings_QtCore_qtemporaryfile_sip fileNode\nclass node_venv_lib_python3_12_site-packages_PyQt6_bindings_QtCore_qtenvironmentvariables_sip fileNode\nclass node_venv_lib_python3_12_site-packages_PyQt6_bindings_QtCore_qtextboundaryfinder_sip fileNode\nclass node_venv_lib_python3_12_site-packages_PyQt6_bindings_QtCore_qtextstream_sip fileNode\nclass node_venv_lib_python3_12_site-packages_PyQt6_bindings_QtCore_qthread_sip fileNode\nclass node_venv_lib_python3_12_site-packages_PyQt6_bindings_QtCore_qthreadpool_sip fileNode\nclass node_venv_lib_python3_12_site-packages_PyQt6_bindings_QtCore_qtimeline_sip fileNode\nclass node_venv_lib_python3_12_site-packages_PyQt6_bindings_QtCore_qtimer_sip fileNode\nclass node_venv_lib_python3_12_site-packages_PyQt6_bindings_QtCore_qtimezone_sip fileNode\nclass node_venv_lib_python3_12_site-packages_PyQt6_bindings_QtCore_qtipccommon_sip fileNode\nclass node_venv_lib_python3_12_site-packages_PyQt6_bindings_QtCore_qtranslator_sip fileNode\nclass node_venv_lib_python3_12_site-packages_PyQt6_bindings_QtCore_qtransposeproxymodel_sip fileNode\nclass node_venv_lib_python3_12_site-packages_PyQt6_bindings_QtCore_qtversion_sip fileNode\nclass node_venv_lib_python3_12_site-packages_PyQt6_bindings_QtCore_qtyperevision_sip fileNode\nclass node_venv_lib_python3_12_site-packages_PyQt6_bindings_QtCore_qtypes_sip fileNode\nclass node_venv_lib_python3_12_site-packages_PyQt6_bindings_QtCore_qurl_sip fileNode\nclass node_venv_lib_python3_12_site-packages_PyQt6_bindings_QtCore_qurlquery_sip fileNode\nclass node_venv_lib_python3_12_site-packages_PyQt6_bindings_QtCore_quuid_sip fileNode\nclass node_venv_lib_python3_12_site-packages_PyQt6_bindings_QtCore_qvariant_sip fileNode\nclass node_venv_lib_python3_12_site-packages_PyQt6_bindings_QtCore_qvariantanimation_sip fileNode\nclass node_venv_lib_python3_12_site-packages_PyQt6_bindings_QtCore_qversionnumber_sip fileNode\nclass node_venv_lib_python3_12_site-packages_PyQt6_bindings_QtCore_qwaitcondition_sip fileNode\nclass node_venv_lib_python3_12_site-packages_PyQt6_bindings_QtCore_qwineventnotifier_sip fileNode\nclass node_venv_lib_python3_12_site-packages_PyQt6_bindings_QtCore_qxmlstream_sip fileNode\nclass node_venv_lib_python3_12_site-packages_PyQt6_bindings_QtCore_qyieldcpu_sip fileNode\nclass node_venv_lib_python3_12_site-packages_PyQt6_bindings_QtMultimediaWidgets_QtMultimediaWidgets_toml configFile\nclass node_venv_lib_python3_12_site-packages_PyQt6_bindings_QtMultimediaWidgets_QtMultimediaWidgetsmod_sip fileNode\nclass node_venv_lib_python3_12_site-packages_PyQt6_bindings_QtMultimediaWidgets_qgraphicsvideoitem_sip fileNode\nclass node_venv_lib_python3_12_site-packages_PyQt6_bindings_QtMultimediaWidgets_qvideowidget_sip fileNode\nclass node_venv_lib_python3_12_site-packages_PyQt6_bindings_QtTest_QtTest_toml configFile\nclass node_venv_lib_python3_12_site-packages_PyQt6_bindings_QtTest_QtTestmod_sip fileNode\nclass node_venv_lib_python3_12_site-packages_PyQt6_bindings_QtTest_qabstractitemmodeltester_sip fileNode\nclass node_venv_lib_python3_12_site-packages_PyQt6_bindings_QtTest_qsignalspy_sip fileNode\nclass node_venv_lib_python3_12_site-packages_PyQt6_bindings_QtTest_qtestkeyboard_sip fileNode\nclass node_venv_lib_python3_12_site-packages_PyQt6_bindings_QtTest_qtestmouse_sip fileNode\nclass node_venv_lib_python3_12_site-packages_PyQt6_bindings_QtTest_qtestsystem_sip fileNode\nclass node_venv_lib_python3_12_site-packages_PyQt6_bindings_QtPdfWidgets_QtPdfWidgets_toml configFile\nclass node_venv_lib_python3_12_site-packages_PyQt6_bindings_QtPdfWidgets_QtPdfWidgetsmod_sip fileNode\nclass node_venv_lib_python3_12_site-packages_PyQt6_bindings_QtPdfWidgets_qpdfpageselector_sip fileNode\nclass node_venv_lib_python3_12_site-packages_PyQt6_bindings_QtPdfWidgets_qpdfview_sip fileNode\n```\n\n## 12. Last Version Summary\n\n**Changes in `0.1.1`**:\n\n| File | Status | Lines + | Lines - | Chars + | Chars - | Tabs | Spaces |\n| :--- | :--- | :--- | :--- | :--- | :--- | :--- | :--- |\n| ./final_test_results.txt | added | 166 | 0 | 11197181 | 0 | 0 | 528098 |\n| ./ndaversis.py | added | 3684 | 0 | 164286 | 0 | 0 | 50645 |\n| ./ndaversis_privacy_policy.md | added | 21 | 0 | 1554 | 0 | 0 | 235 |\n| ./ndaversis_readme.md | added | 720 | 0 | 26886 | 0 | 0 | 3979 |\n| ./readme.md | added | 797 | 0 | 29176 | 0 | 0 | 4448 |\n| ./task.txt | added | 320 | 0 | 8772 | 0 | 0 | 1280 |\n| ./test.txt | modified | 1 | 0 | 5 | 0 | 0 | 0 |\n| ./test_failures.txt | added | 30 | 0 | 2361 | 0 | 0 | 129 |\n| ./test_ndaversis.py | added | 1 | 0 | 21 | 0 | 0 | 2 |\n| ./test_ndaversis_readme.md | added | 5 | 0 | 53 | 0 | 0 | 8 |\n| ./test_results.txt | added | 273 | 0 | 16798740 | 0 | 0 | 792033 |\n| ./tests_ndaversis/dummy_readme.md | added | 3 | 0 | 63 | 0 | 0 | 10 |\n| ./tests_ndaversis/dummycode.py | added | 7 | 0 | 99 | 0 | 0 | 15 |\n| ./tests_ndaversis/test_ndaversis.py | added | 768 | 0 | 32448 | 0 | 0 | 7390 |\n| ./tests_ndaversis/test_new_features.py | added | 91 | 0 | 3576 | 0 | 0 | 869 |\n\n\n#### Impact Map\n\n```mermaid\ngraph LR\n    Root["Latest Changes"] --> final_test_results_txt & ndaversis_py & ndaversis_privacy_policy_md & ndaversis_readme_md & readme_md & task_txt & test_txt & test_failures_txt & test_ndaversis_py & test_ndaversis_readme_md & test_results_txt & tests_ndaversis_dummy_readme_md & tests_ndaversis_dummycode_py & tests_ndaversis_test_ndaversis_py & tests_ndaversis_test_new_features_py\n    final_test_results_txt["./final_test_results.txt: added (166 + / 0 -)"]\n    ndaversis_py["./ndaversis.py: added (3684 + / 0 -)"]\n    ndaversis_privacy_policy_md["./ndaversis_privacy_policy.md: added (21 + / 0 -)"]\n    ndaversis_readme_md["./ndaversis_readme.md: added (720 + / 0 -)"]\n    readme_md["./readme.md: added (797 + / 0 -)"]\n    task_txt["./task.txt: added (320 + / 0 -)"]\n    test_txt["./test.txt: modified (1 + / 0 -)"]\n    test_failures_txt["./test_failures.txt: added (30 + / 0 -)"]\n    test_ndaversis_py["./test_ndaversis.py: added (1 + / 0 -)"]\n    test_ndaversis_readme_md["./test_ndaversis_readme.md: added (5 + / 0 -)"]\n    test_results_txt["./test_results.txt: added (273 + / 0 -)"]\n    tests_ndaversis_dummy_readme_md["./tests_ndaversis/dummy_readme.md: added (3 + / 0 -)"]\n    tests_ndaversis_dummycode_py["./tests_ndaversis/dummycode.py: added (7 + / 0 -)"]\n    tests_ndaversis_test_ndaversis_py["./tests_ndaversis/test_ndaversis.py: added (768 + / 0 -)"]\n    tests_ndaversis_test_new_features_py["./tests_ndaversis/test_new_features.py: added (91 + / 0 -)"]\n\n%% Dark mode styling\nclassDef rootNode fill:#e74c3c,stroke:#c0392b,stroke-width:3px,color:#fff\nclassDef modifiedNode fill:#3498db,stroke:#2980b9,stroke-width:2px,color:#fff\nclassDef addedNode fill:#2ecc71,stroke:#27ae60,stroke-width:2px,color:#fff\nclassDef deletedNode fill:#95a5a6,stroke:#7f8c8d,stroke-width:2px,color:#fff\n\nclass Root rootNode\nclass final_test_results_txt addedNode\nclass ndaversis_py addedNode\nclass ndaversis_privacy_policy_md addedNode\nclass ndaversis_readme_md addedNode\nclass readme_md addedNode\nclass task_txt addedNode\nclass test_txt modifiedNode\nclass test_failures_txt addedNode\nclass test_ndaversis_py addedNode\nclass test_ndaversis_readme_md addedNode\nclass test_results_txt addedNode\nclass tests_ndaversis_dummy_readme_md addedNode\nclass tests_ndaversis_dummycode_py addedNode\nclass tests_ndaversis_test_ndaversis_py addedNode\nclass tests_ndaversis_test_new_features_py addedNode\n```\n\n\n## 13. Version History\n\n### Version 1.0.1 (2026-01-30 02:08:23)\n*Author: admin*\n\n#### Goals\nTest Goals\n\n#### Changes\nTest Change\n\n---\n\n### Version 1.0.1 (2026-01-30 02:00:53)\n*Author: admin*\n\n#### Goals\nTest Goals\n\n#### Changes\nTest Change\n\n---\n\n### Version 1.0.1 (2026-01-30 01:58:25)\n*Author: admin*\n\n#### Goals\nTest Goals\n\n#### Changes\nTest Change\n\n---\n\n### Version 1.0.1 (2026-01-30 01:57:36)\n*Author: admin*\n\n#### Goals\nTest Goals\n\n#### Changes\nTest Change\n\n---\n\n### Version 1.0.1 (2026-01-30 01:56:28)\n*Author: admin*\n\n#### Goals\nTest Goals\n\n#### Changes\nTest Change\n\n---\n\n### Version 1.0.1 (2026-01-30 01:56:09)\n*Author: admin*\n\n#### Goals\nTest Goals\n\n#### Changes\nTest Change\n\n---\n\n### Version 1.0.1 (2026-01-30 01:55:31)\n*Author: admin*\n\n#### Goals\nTest Goals\n\n#### Changes\nTest Change\n\n---\n\n### Version 1.0.1 (2026-01-30 01:54:32)\n*Author: admin*\n\n#### Goals\nTest Goals\n\n#### Changes\nTest Change\n\n---\n\n### Version 1.0.1 (2026-01-30 01:54:11)\n*Author: admin*\n\n#### Goals\nTest Goals\n\n#### Changes\nTest Change\n\n---\n\n### Version 1.0.1 (2026-01-30 01:52:54)\n*Author: admin*\n\n#### Goals\nTest Goals\n\n#### Changes\nTest Change\n\n---\n\n\n\n## 14. Contacts\n\nMaintainer: n@ndaotec.com\n\n## 15. Privacy & Terms\n\n*   **Privacy Policy:** See privacy policy file for details.\n\n## 16. Investor Relations\n\n> [!IMPORTANT]\n> For investment opportunities, please contact the project maintainers.\n\n## 17. Copyright\n\nndaotec.com. @ All rights reserved - Nikita Andreevich Drozdov. All rights belong to their respective owners.\n\n\n\n----- \n*This summary is auto-generated and reflects the state of the repository at the time of the last version update.*\n\n### Repository Metrics\n\n| Metric | Value |\n| :--- | :--- |\n| Total Lines | 6888 |\n| Code Lines | 5210 |\n| Comment Lines | 632 |\n| Blank Lines | 1046 |\n| Tabs | 0 |\n| Strings | 2679 |\n\n\n### Language Breakdown\n\n| Extension | Count |\n| :--- | :--- |\n| .md | 5 |\n| .py | 5 |\n| .txt | 5 |\n\n\n### Language Distribution\n\n```mermaid\npie title Language Distribution\n    ".md" : 5\n    ".py" : 5\n    ".txt" : 5\n```\n\n### File Statistics\n- **Total Files:** 15\n- **Python Files:** 5\n- **Repository Size:** 254.03 MB\n----- \n'

======================================================================
FAIL: test_shadow_repo_agnostic_generation (tests_ndaversis.test_ndaversis.TestNdaversis.test_shadow_repo_agnostic_generation)
Verify that README sections describe the shadow repo and not Ndaversis.
----------------------------------------------------------------------
Traceback (most recent call last):
  File "/Users/admin/ndaversis/ndaversis/tests_ndaversis/test_ndaversis.py", line 382, in test_shadow_repo_agnostic_generation
    self.assertIn("Calculate Orbit", content)
AssertionError: 'Calculate Orbit' not found in '# NDAVERSIS: Agentic AI-powered Code Analytics and Infrastructure Platform (BETA Version)\n\n*Important*: NDAVERSIS is an experimental project under active development. \nMany things may not work exactly as intended.\n\n**Current Version:** `1.0.0`\n\n## 1. Description Summary\n\n<!-- AUTO-DESCRIPTION-START -->\n**Test Readme** is designed with a simple goal: to let you **\'set and forget\'** your documentation and versioning. It automatically generates and maintains an accurate README.md and manages semantic versioning directly within your code, ensuring your project info is always up-to-date even as you change the code. Whether you have an internet connection or not, it works locally to keep your repository professional and informative with zero manual effort.\n<!-- AUTO-DESCRIPTION-END -->\n\n## 2. Use Cases\n\n*   **Automated Release Cycles**: Integrate version management into CI/CD pipelines.\n*   **Dynamic Documentation Sync**: Ensure the repository\'s documentation always matches the latest architectural changes.\n*   **Offline Repository Health**: Audit codebase metrics and structure without needing external tool connectivity.\n*   **Standardized Versioning**: Enforce consistent versioning across projects automatically.\n\n### Use Case Diagram\n\n```mermaid\ngraph TD\n    Developer((Developer)) --> UC1(Update Version)\n    Developer --> UC2(Generate README)\n    Developer --> UC3(Audit Repository)\n    CI_CD((CI/CD System)) --> UC1\n    CI_CD --> UC2\n```\n\n## 3. User Stories\n\n*   **Maintainer**: As a maintainer, I want documentation to stay in sync with code automatically.\n*   **Developer**: As a developer, I want a clear map of project modules and dependencies.\n*   **DevOps Engineer**: As a DevOps engineer, I want automated version bumping on every release.\n\n### BPMN Diagram\n\n```mermaid\ngraph LR\n    Start((Start)) --> Analyze[Analyze Codebase]\n    Analyze --> Detect[Detect Changes]\n    Detect --> Bump[Suggest Version Bump]\n    Bump --> Docs[Update README]\n    Docs --> End((End))\n```\n\n## 4. FAQ\n\n*   **Q: Will this work without internet?**\n    **A:** Yes, core analysis and documentation logic works entirely offline.\n*   **Q: Does it update version?**\n    **A:** Yes, it scans and updates version strings automatically according to configured rules.\n\n## 5. How To\n\nContent will be available after the next automated analysis.\n\n## 6. Features\n\n*   **Automated Analysis**: Scans codebase for logic and metrics.\n*   **Dynamic Documentation**: Generates README content based on project state.\n*   **Semantic Versioning**: Automatically manages project versions.\n\n## 7. Requirements\n\n**Python Version**: 3.8 or higher required\n\n### Built-in Standard Library (Included with Python)\n```mermaid\ngraph LR\n    Python --> math\n```\n\nThe following modules are part of Python\'s standard library:\n\n`math`\n\n## 8. Install\n\n```bash\n# 1. Clone the repository\ngit clone https://github.com/lystwork/ndaversis.git\ncd ndaversis\n\n# 2. Install dependencies\npip install -r ndaversis_requirements.txt\n\n# 3. Run the tool\npython ndaversis.py\n```\n\n## 9. Modules Map\n\n*   **space.py**: Space simulation.\n\n\n### Module Structure Diagram\n\n```mermaid\nclassDiagram\n    class Planet {\n        +rotate()\n    }\n```\n\n## 10. Dependencies Map\n\n### Libraries Used\n\n#### External Libraries\n*   `astropy` - Technical dependency\n\n#### Optional - AI Providers\n> [!NOTE]\n> The system works in **local on-prem mode** without any AI dependencies.\n\n*   `openai` - AI provider\n*   `google-genai` - AI provider\n\n\n## 11. Project Map\n\n```\n./.dockerignore\n./.env\n./.env.example\n./.gitignore\n./Dockerfile\n./LICENSE_ndaversis.txt\n./config.json\n./docker-compose.yml\n./final_test_results.txt\n./ndaversis.py\n./ndaversis_logs.py\n./ndaversis_metrics.json\n./ndaversis_privacy_policy.md\n./ndaversis_readme.md\n./ndaversis_requirements.txt\n./ndaversis_version_history.py\n./readme.md\n./task.txt\n./test.txt\n./test_config.json\n./test_failures.txt\n./test_ndaversis.py\n./test_ndaversis_readme.md\n./test_results.txt\n./venv/pyvenv.cfg\n./venv/bin/Activate.ps1\n./venv/bin/activate\n./venv/bin/activate.csh\n./venv/bin/activate.fish\n./venv/bin/pip\n./venv/bin/pip3\n./venv/bin/pip3.12\n./venv/bin/pylupdate6\n./venv/bin/python\n./venv/bin/python3\n./venv/bin/python3.12\n./venv/bin/pyuic6\n./venv/lib/python3.12/site-packages/pyqt6-6.10.2.dist-info/INSTALLER\n./venv/lib/python3.12/site-packages/pyqt6-6.10.2.dist-info/METADATA\n./venv/lib/python3.12/site-packages/pyqt6-6.10.2.dist-info/RECORD\n./venv/lib/python3.12/site-packages/pyqt6-6.10.2.dist-info/REQUESTED\n./venv/lib/python3.12/site-packages/pyqt6-6.10.2.dist-info/WHEEL\n./venv/lib/python3.12/site-packages/pyqt6-6.10.2.dist-info/entry_points.txt\n./venv/lib/python3.12/site-packages/pyqt6-6.10.2.dist-info/licenses/LICENSE\n./venv/lib/python3.12/site-packages/pip-25.0.1.dist-info/INSTALLER\n./venv/lib/python3.12/site-packages/pip-25.0.1.dist-info/METADATA\n./venv/lib/python3.12/site-packages/pip-25.0.1.dist-info/RECORD\n./venv/lib/python3.12/site-packages/pip-25.0.1.dist-info/REQUESTED\n./venv/lib/python3.12/site-packages/pip-25.0.1.dist-info/WHEEL\n./venv/lib/python3.12/site-packages/pip-25.0.1.dist-info/entry_points.txt\n./venv/lib/python3.12/site-packages/pip-25.0.1.dist-info/top_level.txt\n./venv/lib/python3.12/site-packages/pip-25.0.1.dist-info/licenses/AUTHORS.txt\n./venv/lib/python3.12/site-packages/pip-25.0.1.dist-info/licenses/LICENSE.txt\n./venv/lib/python3.12/site-packages/pip/__init__.py\n./venv/lib/python3.12/site-packages/pip/__main__.py\n./venv/lib/python3.12/site-packages/pip/__pip-runner__.py\n./venv/lib/python3.12/site-packages/pip/py.typed\n./venv/lib/python3.12/site-packages/pip/_internal/__init__.py\n./venv/lib/python3.12/site-packages/pip/_internal/build_env.py\n./venv/lib/python3.12/site-packages/pip/_internal/cache.py\n./venv/lib/python3.12/site-packages/pip/_internal/configuration.py\n./venv/lib/python3.12/site-packages/pip/_internal/exceptions.py\n./venv/lib/python3.12/site-packages/pip/_internal/main.py\n./venv/lib/python3.12/site-packages/pip/_internal/pyproject.py\n./venv/lib/python3.12/site-packages/pip/_internal/self_outdated_check.py\n./venv/lib/python3.12/site-packages/pip/_internal/wheel_builder.py\n./venv/lib/python3.12/site-packages/pip/_internal/network/__init__.py\n./venv/lib/python3.12/site-packages/pip/_internal/network/auth.py\n./venv/lib/python3.12/site-packages/pip/_internal/network/cache.py\n./venv/lib/python3.12/site-packages/pip/_internal/network/download.py\n./venv/lib/python3.12/site-packages/pip/_internal/network/lazy_wheel.py\n./venv/lib/python3.12/site-packages/pip/_internal/network/session.py\n./venv/lib/python3.12/site-packages/pip/_internal/network/utils.py\n./venv/lib/python3.12/site-packages/pip/_internal/network/xmlrpc.py\n./venv/lib/python3.12/site-packages/pip/_internal/utils/__init__.py\n./venv/lib/python3.12/site-packages/pip/_internal/utils/_jaraco_text.py\n./venv/lib/python3.12/site-packages/pip/_internal/utils/_log.py\n./venv/lib/python3.12/site-packages/pip/_internal/utils/appdirs.py\n./venv/lib/python3.12/site-packages/pip/_internal/utils/compat.py\n./venv/lib/python3.12/site-packages/pip/_internal/utils/compatibility_tags.py\n./venv/lib/python3.12/site-packages/pip/_internal/utils/datetime.py\n./venv/lib/python3.12/site-packages/pip/_internal/utils/deprecation.py\n./venv/lib/python3.12/site-packages/pip/_internal/utils/direct_url_helpers.py\n./venv/lib/python3.12/site-packages/pip/_internal/utils/egg_link.py\n./venv/lib/python3.12/site-packages/pip/_internal/utils/entrypoints.py\n./venv/lib/python3.12/site-packages/pip/_internal/utils/filesystem.py\n./venv/lib/python3.12/site-packages/pip/_internal/utils/filetypes.py\n./venv/lib/python3.12/site-packages/pip/_internal/utils/glibc.py\n./venv/lib/python3.12/site-packages/pip/_internal/utils/hashes.py\n./venv/lib/python3.12/site-packages/pip/_internal/utils/logging.py\n./venv/lib/python3.12/site-packages/pip/_internal/utils/misc.py\n./venv/lib/python3.12/site-packages/pip/_internal/utils/packaging.py\n./venv/lib/python3.12/site-packages/pip/_internal/utils/retry.py\n./venv/lib/python3.12/site-packages/pip/_internal/utils/setuptools_build.py\n./venv/lib/python3.12/site-packages/pip/_internal/utils/subprocess.py\n./venv/lib/python3.12/site-packages/pip/_internal/utils/temp_dir.py\n./venv/lib/python3.12/site-packages/pip/_internal/utils/unpacking.py\n./venv/lib/python3.12/site-packages/pip/_internal/utils/urls.py\n./venv/lib/python3.12/site-packages/pip/_internal/utils/virtualenv.py\n./venv/lib/python3.12/site-packages/pip/_internal/utils/wheel.py\n./venv/lib/python3.12/site-packages/pip/_internal/models/__init__.py\n./venv/lib/python3.12/site-packages/pip/_internal/models/candidate.py\n./venv/lib/python3.12/site-packages/pip/_internal/models/direct_url.py\n./venv/lib/python3.12/site-packages/pip/_internal/models/format_control.py\n./venv/lib/python3.12/site-packages/pip/_internal/models/index.py\n./venv/lib/python3.12/site-packages/pip/_internal/models/installation_report.py\n./venv/lib/python3.12/site-packages/pip/_internal/models/link.py\n./venv/lib/python3.12/site-packages/pip/_internal/models/scheme.py\n./venv/lib/python3.12/site-packages/pip/_internal/models/search_scope.py\n./venv/lib/python3.12/site-packages/pip/_internal/models/selection_prefs.py\n./venv/lib/python3.12/site-packages/pip/_internal/models/target_python.py\n./venv/lib/python3.12/site-packages/pip/_internal/models/wheel.py\n./venv/lib/python3.12/site-packages/pip/_internal/cli/__init__.py\n./venv/lib/python3.12/site-packages/pip/_internal/cli/autocompletion.py\n./venv/lib/python3.12/site-packages/pip/_internal/cli/base_command.py\n./venv/lib/python3.12/site-packages/pip/_internal/cli/cmdoptions.py\n./venv/lib/python3.12/site-packages/pip/_internal/cli/command_context.py\n./venv/lib/python3.12/site-packages/pip/_internal/cli/index_command.py\n./venv/lib/python3.12/site-packages/pip/_internal/cli/main.py\n./venv/lib/python3.12/site-packages/pip/_internal/cli/main_parser.py\n./venv/lib/python3.12/site-packages/pip/_internal/cli/parser.py\n./venv/lib/python3.12/site-packages/pip/_internal/cli/progress_bars.py\n./venv/lib/python3.12/site-packages/pip/_internal/cli/req_command.py\n./venv/lib/python3.12/site-packages/pip/_internal/cli/spinners.py\n./venv/lib/python3.12/site-packages/pip/_internal/cli/status_codes.py\n./venv/lib/python3.12/site-packages/pip/_internal/operations/__init__.py\n./venv/lib/python3.12/site-packages/pip/_internal/operations/check.py\n./venv/lib/python3.12/site-packages/pip/_internal/operations/freeze.py\n./venv/lib/python3.12/site-packages/pip/_internal/operations/prepare.py\n./venv/lib/python3.12/site-packages/pip/_internal/operations/install/__init__.py\n./venv/lib/python3.12/site-packages/pip/_internal/operations/install/editable_legacy.py\n./venv/lib/python3.12/site-packages/pip/_internal/operations/install/wheel.py\n./venv/lib/python3.12/site-packages/pip/_internal/operations/build/__init__.py\n./venv/lib/python3.12/site-packages/pip/_internal/operations/build/build_tracker.py\n./venv/lib/python3.12/site-packages/pip/_internal/operations/build/metadata.py\n./venv/lib/python3.12/site-packages/pip/_internal/operations/build/metadata_editable.py\n./venv/lib/python3.12/site-packages/pip/_internal/operations/build/metadata_legacy.py\n./venv/lib/python3.12/site-packages/pip/_internal/operations/build/wheel.py\n./venv/lib/python3.12/site-packages/pip/_internal/operations/build/wheel_editable.py\n./venv/lib/python3.12/site-packages/pip/_internal/operations/build/wheel_legacy.py\n./venv/lib/python3.12/site-packages/pip/_internal/req/__init__.py\n./venv/lib/python3.12/site-packages/pip/_internal/req/constructors.py\n./venv/lib/python3.12/site-packages/pip/_internal/req/req_file.py\n./venv/lib/python3.12/site-packages/pip/_internal/req/req_install.py\n./venv/lib/python3.12/site-packages/pip/_internal/req/req_set.py\n./venv/lib/python3.12/site-packages/pip/_internal/req/req_uninstall.py\n./venv/lib/python3.12/site-packages/pip/_internal/resolution/__init__.py\n./venv/lib/python3.12/site-packages/pip/_internal/resolution/base.py\n./venv/lib/python3.12/site-packages/pip/_internal/resolution/legacy/__init__.py\n./venv/lib/python3.12/site-packages/pip/_internal/resolution/legacy/resolver.py\n./venv/lib/python3.12/site-packages/pip/_internal/resolution/resolvelib/__init__.py\n./venv/lib/python3.12/site-packages/pip/_internal/resolution/resolvelib/base.py\n./venv/lib/python3.12/site-packages/pip/_internal/resolution/resolvelib/candidates.py\n./venv/lib/python3.12/site-packages/pip/_internal/resolution/resolvelib/factory.py\n./venv/lib/python3.12/site-packages/pip/_internal/resolution/resolvelib/found_candidates.py\n./venv/lib/python3.12/site-packages/pip/_internal/resolution/resolvelib/provider.py\n./venv/lib/python3.12/site-packages/pip/_internal/resolution/resolvelib/reporter.py\n./venv/lib/python3.12/site-packages/pip/_internal/resolution/resolvelib/requirements.py\n./venv/lib/python3.12/site-packages/pip/_internal/resolution/resolvelib/resolver.py\n./venv/lib/python3.12/site-packages/pip/_internal/vcs/__init__.py\n./venv/lib/python3.12/site-packages/pip/_internal/vcs/bazaar.py\n./venv/lib/python3.12/site-packages/pip/_internal/vcs/git.py\n./venv/lib/python3.12/site-packages/pip/_internal/vcs/mercurial.py\n./venv/lib/python3.12/site-packages/pip/_internal/vcs/subversion.py\n./venv/lib/python3.12/site-packages/pip/_internal/vcs/versioncontrol.py\n./venv/lib/python3.12/site-packages/pip/_internal/locations/__init__.py\n./venv/lib/python3.12/site-packages/pip/_internal/locations/_distutils.py\n./venv/lib/python3.12/site-packages/pip/_internal/locations/_sysconfig.py\n./venv/lib/python3.12/site-packages/pip/_internal/locations/base.py\n./venv/lib/python3.12/site-packages/pip/_internal/index/__init__.py\n./venv/lib/python3.12/site-packages/pip/_internal/index/collector.py\n./venv/lib/python3.12/site-packages/pip/_internal/index/package_finder.py\n./venv/lib/python3.12/site-packages/pip/_internal/index/sources.py\n./venv/lib/python3.12/site-packages/pip/_internal/commands/__init__.py\n./venv/lib/python3.12/site-packages/pip/_internal/commands/cache.py\n./venv/lib/python3.12/site-packages/pip/_internal/commands/check.py\n./venv/lib/python3.12/site-packages/pip/_internal/commands/completion.py\n./venv/lib/python3.12/site-packages/pip/_internal/commands/configuration.py\n./venv/lib/python3.12/site-packages/pip/_internal/commands/debug.py\n./venv/lib/python3.12/site-packages/pip/_internal/commands/download.py\n./venv/lib/python3.12/site-packages/pip/_internal/commands/freeze.py\n./venv/lib/python3.12/site-packages/pip/_internal/commands/hash.py\n./venv/lib/python3.12/site-packages/pip/_internal/commands/help.py\n./venv/lib/python3.12/site-packages/pip/_internal/commands/index.py\n./venv/lib/python3.12/site-packages/pip/_internal/commands/inspect.py\n./venv/lib/python3.12/site-packages/pip/_internal/commands/install.py\n./venv/lib/python3.12/site-packages/pip/_internal/commands/list.py\n./venv/lib/python3.12/site-packages/pip/_internal/commands/search.py\n./venv/lib/python3.12/site-packages/pip/_internal/commands/show.py\n./venv/lib/python3.12/site-packages/pip/_internal/commands/uninstall.py\n./venv/lib/python3.12/site-packages/pip/_internal/commands/wheel.py\n./venv/lib/python3.12/site-packages/pip/_internal/metadata/__init__.py\n./venv/lib/python3.12/site-packages/pip/_internal/metadata/_json.py\n./venv/lib/python3.12/site-packages/pip/_internal/metadata/base.py\n./venv/lib/python3.12/site-packages/pip/_internal/metadata/pkg_resources.py\n./venv/lib/python3.12/site-packages/pip/_internal/metadata/importlib/__init__.py\n./venv/lib/python3.12/site-packages/pip/_internal/metadata/importlib/_compat.py\n./venv/lib/python3.12/site-packages/pip/_internal/metadata/importlib/_dists.py\n./venv/lib/python3.12/site-packages/pip/_internal/metadata/importlib/_envs.py\n./venv/lib/python3.12/site-packages/pip/_internal/distributions/__init__.py\n./venv/lib/python3.12/site-packages/pip/_internal/distributions/base.py\n./venv/lib/python3.12/site-packages/pip/_internal/distributions/installed.py\n./venv/lib/python3.12/site-packages/pip/_internal/distributions/sdist.py\n./venv/lib/python3.12/site-packages/pip/_internal/distributions/wheel.py\n./venv/lib/python3.12/site-packages/pip/_vendor/__init__.py\n./venv/lib/python3.12/site-packages/pip/_vendor/typing_extensions.py\n./venv/lib/python3.12/site-packages/pip/_vendor/vendor.txt\n./venv/lib/python3.12/site-packages/pip/_vendor/packaging/__init__.py\n./venv/lib/python3.12/site-packages/pip/_vendor/packaging/_elffile.py\n./venv/lib/python3.12/site-packages/pip/_vendor/packaging/_manylinux.py\n./venv/lib/python3.12/site-packages/pip/_vendor/packaging/_musllinux.py\n./venv/lib/python3.12/site-packages/pip/_vendor/packaging/_parser.py\n./venv/lib/python3.12/site-packages/pip/_vendor/packaging/_structures.py\n./venv/lib/python3.12/site-packages/pip/_vendor/packaging/_tokenizer.py\n./venv/lib/python3.12/site-packages/pip/_vendor/packaging/markers.py\n./venv/lib/python3.12/site-packages/pip/_vendor/packaging/metadata.py\n./venv/lib/python3.12/site-packages/pip/_vendor/packaging/py.typed\n./venv/lib/python3.12/site-packages/pip/_vendor/packaging/requirements.py\n./venv/lib/python3.12/site-packages/pip/_vendor/packaging/specifiers.py\n./venv/lib/python3.12/site-packages/pip/_vendor/packaging/tags.py\n./venv/lib/python3.12/site-packages/pip/_vendor/packaging/utils.py\n./venv/lib/python3.12/site-packages/pip/_vendor/packaging/version.py\n./venv/lib/python3.12/site-packages/pip/_vendor/packaging/licenses/__init__.py\n./venv/lib/python3.12/site-packages/pip/_vendor/packaging/licenses/_spdx.py\n./venv/lib/python3.12/site-packages/pip/_vendor/truststore/__init__.py\n./venv/lib/python3.12/site-packages/pip/_vendor/truststore/_api.py\n./venv/lib/python3.12/site-packages/pip/_vendor/truststore/_macos.py\n./venv/lib/python3.12/site-packages/pip/_vendor/truststore/_openssl.py\n./venv/lib/python3.12/site-packages/pip/_vendor/truststore/_ssl_constants.py\n./venv/lib/python3.12/site-packages/pip/_vendor/truststore/_windows.py\n./venv/lib/python3.12/site-packages/pip/_vendor/truststore/py.typed\n./venv/lib/python3.12/site-packages/pip/_vendor/msgpack/__init__.py\n./venv/lib/python3.12/site-packages/pip/_vendor/msgpack/exceptions.py\n./venv/lib/python3.12/site-packages/pip/_vendor/msgpack/ext.py\n./venv/lib/python3.12/site-packages/pip/_vendor/msgpack/fallback.py\n./venv/lib/python3.12/site-packages/pip/_vendor/pygments/__init__.py\n./venv/lib/python3.12/site-packages/pip/_vendor/pygments/__main__.py\n./venv/lib/python3.12/site-packages/pip/_vendor/pygments/cmdline.py\n./venv/lib/python3.12/site-packages/pip/_vendor/pygments/console.py\n./venv/lib/python3.12/site-packages/pip/_vendor/pygments/filter.py\n./venv/lib/python3.12/site-packages/pip/_vendor/pygments/formatter.py\n./venv/lib/python3.12/site-packages/pip/_vendor/pygments/lexer.py\n./venv/lib/python3.12/site-packages/pip/_vendor/pygments/modeline.py\n./venv/lib/python3.12/site-packages/pip/_vendor/pygments/plugin.py\n./venv/lib/python3.12/site-packages/pip/_vendor/pygments/regexopt.py\n./venv/lib/python3.12/site-packages/pip/_vendor/pygments/scanner.py\n./venv/lib/python3.12/site-packages/pip/_vendor/pygments/sphinxext.py\n./venv/lib/python3.12/site-packages/pip/_vendor/pygments/style.py\n./venv/lib/python3.12/site-packages/pip/_vendor/pygments/token.py\n./venv/lib/python3.12/site-packages/pip/_vendor/pygments/unistring.py\n./venv/lib/python3.12/site-packages/pip/_vendor/pygments/util.py\n./venv/lib/python3.12/site-packages/pip/_vendor/pygments/filters/__init__.py\n./venv/lib/python3.12/site-packages/pip/_vendor/pygments/lexers/__init__.py\n./venv/lib/python3.12/site-packages/pip/_vendor/pygments/lexers/_mapping.py\n./venv/lib/python3.12/site-packages/pip/_vendor/pygments/lexers/python.py\n./venv/lib/python3.12/site-packages/pip/_vendor/pygments/formatters/__init__.py\n./venv/lib/python3.12/site-packages/pip/_vendor/pygments/formatters/_mapping.py\n./venv/lib/python3.12/site-packages/pip/_vendor/pygments/formatters/bbcode.py\n./venv/lib/python3.12/site-packages/pip/_vendor/pygments/formatters/groff.py\n./venv/lib/python3.12/site-packages/pip/_vendor/pygments/formatters/html.py\n./venv/lib/python3.12/site-packages/pip/_vendor/pygments/formatters/img.py\n./venv/lib/python3.12/site-packages/pip/_vendor/pygments/formatters/irc.py\n./venv/lib/python3.12/site-packages/pip/_vendor/pygments/formatters/latex.py\n./venv/lib/python3.12/site-packages/pip/_vendor/pygments/formatters/other.py\n./venv/lib/python3.12/site-packages/pip/_vendor/pygments/formatters/pangomarkup.py\n./venv/lib/python3.12/site-packages/pip/_vendor/pygments/formatters/rtf.py\n./venv/lib/python3.12/site-packages/pip/_vendor/pygments/formatters/svg.py\n./venv/lib/python3.12/site-packages/pip/_vendor/pygments/formatters/terminal.py\n./venv/lib/python3.12/site-packages/pip/_vendor/pygments/formatters/terminal256.py\n./venv/lib/python3.12/site-packages/pip/_vendor/pygments/styles/__init__.py\n./venv/lib/python3.12/site-packages/pip/_vendor/pygments/styles/_mapping.py\n./venv/lib/python3.12/site-packages/pip/_vendor/distlib/__init__.py\n./venv/lib/python3.12/site-packages/pip/_vendor/distlib/compat.py\n./venv/lib/python3.12/site-packages/pip/_vendor/distlib/database.py\n./venv/lib/python3.12/site-packages/pip/_vendor/distlib/index.py\n./venv/lib/python3.12/site-packages/pip/_vendor/distlib/locators.py\n./venv/lib/python3.12/site-packages/pip/_vendor/distlib/manifest.py\n./venv/lib/python3.12/site-packages/pip/_vendor/distlib/markers.py\n./venv/lib/python3.12/site-packages/pip/_vendor/distlib/metadata.py\n./venv/lib/python3.12/site-packages/pip/_vendor/distlib/resources.py\n./venv/lib/python3.12/site-packages/pip/_vendor/distlib/scripts.py\n./venv/lib/python3.12/site-packages/pip/_vendor/distlib/t32.exe\n./venv/lib/python3.12/site-packages/pip/_vendor/distlib/t64-arm.exe\n./venv/lib/python3.12/site-packages/pip/_vendor/distlib/t64.exe\n./venv/lib/python3.12/site-packages/pip/_vendor/distlib/util.py\n./venv/lib/python3.12/site-packages/pip/_vendor/distlib/version.py\n./venv/lib/python3.12/site-packages/pip/_vendor/distlib/w32.exe\n./venv/lib/python3.12/site-packages/pip/_vendor/distlib/w64-arm.exe\n./venv/lib/python3.12/site-packages/pip/_vendor/distlib/w64.exe\n./venv/lib/python3.12/site-packages/pip/_vendor/distlib/wheel.py\n./venv/lib/python3.12/site-packages/pip/_vendor/distro/__init__.py\n./venv/lib/python3.12/site-packages/pip/_vendor/distro/__main__.py\n./venv/lib/python3.12/site-packages/pip/_vendor/distro/distro.py\n./venv/lib/python3.12/site-packages/pip/_vendor/distro/py.typed\n./venv/lib/python3.12/site-packages/pip/_vendor/cachecontrol/__init__.py\n./venv/lib/python3.12/site-packages/pip/_vendor/cachecontrol/_cmd.py\n./venv/lib/python3.12/site-packages/pip/_vendor/cachecontrol/adapter.py\n./venv/lib/python3.12/site-packages/pip/_vendor/cachecontrol/cache.py\n./venv/lib/python3.12/site-packages/pip/_vendor/cachecontrol/controller.py\n./venv/lib/python3.12/site-packages/pip/_vendor/cachecontrol/filewrapper.py\n./venv/lib/python3.12/site-packages/pip/_vendor/cachecontrol/heuristics.py\n./venv/lib/python3.12/site-packages/pip/_vendor/cachecontrol/py.typed\n./venv/lib/python3.12/site-packages/pip/_vendor/cachecontrol/serialize.py\n./venv/lib/python3.12/site-packages/pip/_vendor/cachecontrol/wrapper.py\n./venv/lib/python3.12/site-packages/pip/_vendor/cachecontrol/caches/__init__.py\n./venv/lib/python3.12/site-packages/pip/_vendor/cachecontrol/caches/file_cache.py\n./venv/lib/python3.12/site-packages/pip/_vendor/cachecontrol/caches/redis_cache.py\n./venv/lib/python3.12/site-packages/pip/_vendor/idna/__init__.py\n./venv/lib/python3.12/site-packages/pip/_vendor/idna/codec.py\n./venv/lib/python3.12/site-packages/pip/_vendor/idna/compat.py\n./venv/lib/python3.12/site-packages/pip/_vendor/idna/core.py\n./venv/lib/python3.12/site-packages/pip/_vendor/idna/idnadata.py\n./venv/lib/python3.12/site-packages/pip/_vendor/idna/intranges.py\n./venv/lib/python3.12/site-packages/pip/_vendor/idna/package_data.py\n./venv/lib/python3.12/site-packages/pip/_vendor/idna/py.typed\n./venv/lib/python3.12/site-packages/pip/_vendor/idna/uts46data.py\n./venv/lib/python3.12/site-packages/pip/_vendor/requests/__init__.py\n./venv/lib/python3.12/site-packages/pip/_vendor/requests/__version__.py\n./venv/lib/python3.12/site-packages/pip/_vendor/requests/_internal_utils.py\n./venv/lib/python3.12/site-packages/pip/_vendor/requests/adapters.py\n./venv/lib/python3.12/site-packages/pip/_vendor/requests/api.py\n./venv/lib/python3.12/site-packages/pip/_vendor/requests/auth.py\n./venv/lib/python3.12/site-packages/pip/_vendor/requests/certs.py\n./venv/lib/python3.12/site-packages/pip/_vendor/requests/compat.py\n./venv/lib/python3.12/site-packages/pip/_vendor/requests/cookies.py\n./venv/lib/python3.12/site-packages/pip/_vendor/requests/exceptions.py\n./venv/lib/python3.12/site-packages/pip/_vendor/requests/help.py\n./venv/lib/python3.12/site-packages/pip/_vendor/requests/hooks.py\n./venv/lib/python3.12/site-packages/pip/_vendor/requests/models.py\n./venv/lib/python3.12/site-packages/pip/_vendor/requests/packages.py\n./venv/lib/python3.12/site-packages/pip/_vendor/requests/sessions.py\n./venv/lib/python3.12/site-packages/pip/_vendor/requests/status_codes.py\n./venv/lib/python3.12/site-packages/pip/_vendor/requests/structures.py\n./venv/lib/python3.12/site-packages/pip/_vendor/requests/utils.py\n./venv/lib/python3.12/site-packages/pip/_vendor/tomli/__init__.py\n./venv/lib/python3.12/site-packages/pip/_vendor/tomli/_parser.py\n./venv/lib/python3.12/site-packages/pip/_vendor/tomli/_re.py\n./venv/lib/python3.12/site-packages/pip/_vendor/tomli/_types.py\n./venv/lib/python3.12/site-packages/pip/_vendor/tomli/py.typed\n./venv/lib/python3.12/site-packages/pip/_vendor/certifi/__init__.py\n./venv/lib/python3.12/site-packages/pip/_vendor/certifi/__main__.py\n./venv/lib/python3.12/site-packages/pip/_vendor/certifi/cacert.pem\n./venv/lib/python3.12/site-packages/pip/_vendor/certifi/core.py\n./venv/lib/python3.12/site-packages/pip/_vendor/certifi/py.typed\n./venv/lib/python3.12/site-packages/pip/_vendor/pyproject_hooks/__init__.py\n./venv/lib/python3.12/site-packages/pip/_vendor/pyproject_hooks/_impl.py\n./venv/lib/python3.12/site-packages/pip/_vendor/pyproject_hooks/py.typed\n./venv/lib/python3.12/site-packages/pip/_vendor/pyproject_hooks/_in_process/__init__.py\n./venv/lib/python3.12/site-packages/pip/_vendor/pyproject_hooks/_in_process/_in_process.py\n./venv/lib/python3.12/site-packages/pip/_vendor/rich/__init__.py\n./venv/lib/python3.12/site-packages/pip/_vendor/rich/__main__.py\n./venv/lib/python3.12/site-packages/pip/_vendor/rich/_cell_widths.py\n./venv/lib/python3.12/site-packages/pip/_vendor/rich/_emoji_codes.py\n./venv/lib/python3.12/site-packages/pip/_vendor/rich/_emoji_replace.py\n./venv/lib/python3.12/site-packages/pip/_vendor/rich/_export_format.py\n./venv/lib/python3.12/site-packages/pip/_vendor/rich/_extension.py\n./venv/lib/python3.12/site-packages/pip/_vendor/rich/_fileno.py\n./venv/lib/python3.12/site-packages/pip/_vendor/rich/_inspect.py\n./venv/lib/python3.12/site-packages/pip/_vendor/rich/_log_render.py\n./venv/lib/python3.12/site-packages/pip/_vendor/rich/_loop.py\n./venv/lib/python3.12/site-packages/pip/_vendor/rich/_null_file.py\n./venv/lib/python3.12/site-packages/pip/_vendor/rich/_palettes.py\n./venv/lib/python3.12/site-packages/pip/_vendor/rich/_pick.py\n./venv/lib/python3.12/site-packages/pip/_vendor/rich/_ratio.py\n./venv/lib/python3.12/site-packages/pip/_vendor/rich/_spinners.py\n./venv/lib/python3.12/site-packages/pip/_vendor/rich/_stack.py\n./venv/lib/python3.12/site-packages/pip/_vendor/rich/_timer.py\n./venv/lib/python3.12/site-packages/pip/_vendor/rich/_win32_console.py\n./venv/lib/python3.12/site-packages/pip/_vendor/rich/_windows.py\n./venv/lib/python3.12/site-packages/pip/_vendor/rich/_windows_renderer.py\n./venv/lib/python3.12/site-packages/pip/_vendor/rich/_wrap.py\n./venv/lib/python3.12/site-packages/pip/_vendor/rich/abc.py\n./venv/lib/python3.12/site-packages/pip/_vendor/rich/align.py\n./venv/lib/python3.12/site-packages/pip/_vendor/rich/ansi.py\n./venv/lib/python3.12/site-packages/pip/_vendor/rich/bar.py\n./venv/lib/python3.12/site-packages/pip/_vendor/rich/box.py\n./venv/lib/python3.12/site-packages/pip/_vendor/rich/cells.py\n./venv/lib/python3.12/site-packages/pip/_vendor/rich/color.py\n./venv/lib/python3.12/site-packages/pip/_vendor/rich/color_triplet.py\n./venv/lib/python3.12/site-packages/pip/_vendor/rich/columns.py\n./venv/lib/python3.12/site-packages/pip/_vendor/rich/console.py\n./venv/lib/python3.12/site-packages/pip/_vendor/rich/constrain.py\n./venv/lib/python3.12/site-packages/pip/_vendor/rich/containers.py\n./venv/lib/python3.12/site-packages/pip/_vendor/rich/control.py\n./venv/lib/python3.12/site-packages/pip/_vendor/rich/default_styles.py\n./venv/lib/python3.12/site-packages/pip/_vendor/rich/diagnose.py\n./venv/lib/python3.12/site-packages/pip/_vendor/rich/emoji.py\n./venv/lib/python3.12/site-packages/pip/_vendor/rich/errors.py\n./venv/lib/python3.12/site-packages/pip/_vendor/rich/file_proxy.py\n./venv/lib/python3.12/site-packages/pip/_vendor/rich/filesize.py\n./venv/lib/python3.12/site-packages/pip/_vendor/rich/highlighter.py\n./venv/lib/python3.12/site-packages/pip/_vendor/rich/json.py\n./venv/lib/python3.12/site-packages/pip/_vendor/rich/jupyter.py\n./venv/lib/python3.12/site-packages/pip/_vendor/rich/layout.py\n./venv/lib/python3.12/site-packages/pip/_vendor/rich/live.py\n./venv/lib/python3.12/site-packages/pip/_vendor/rich/live_render.py\n./venv/lib/python3.12/site-packages/pip/_vendor/rich/logging.py\n./venv/lib/python3.12/site-packages/pip/_vendor/rich/markup.py\n./venv/lib/python3.12/site-packages/pip/_vendor/rich/measure.py\n./venv/lib/python3.12/site-packages/pip/_vendor/rich/padding.py\n./venv/lib/python3.12/site-packages/pip/_vendor/rich/pager.py\n./venv/lib/python3.12/site-packages/pip/_vendor/rich/palette.py\n./venv/lib/python3.12/site-packages/pip/_vendor/rich/panel.py\n./venv/lib/python3.12/site-packages/pip/_vendor/rich/pretty.py\n./venv/lib/python3.12/site-packages/pip/_vendor/rich/progress.py\n./venv/lib/python3.12/site-packages/pip/_vendor/rich/progress_bar.py\n./venv/lib/python3.12/site-packages/pip/_vendor/rich/prompt.py\n./venv/lib/python3.12/site-packages/pip/_vendor/rich/protocol.py\n./venv/lib/python3.12/site-packages/pip/_vendor/rich/py.typed\n./venv/lib/python3.12/site-packages/pip/_vendor/rich/region.py\n./venv/lib/python3.12/site-packages/pip/_vendor/rich/repr.py\n./venv/lib/python3.12/site-packages/pip/_vendor/rich/rule.py\n./venv/lib/python3.12/site-packages/pip/_vendor/rich/scope.py\n./venv/lib/python3.12/site-packages/pip/_vendor/rich/screen.py\n./venv/lib/python3.12/site-packages/pip/_vendor/rich/segment.py\n./venv/lib/python3.12/site-packages/pip/_vendor/rich/spinner.py\n./venv/lib/python3.12/site-packages/pip/_vendor/rich/status.py\n./venv/lib/python3.12/site-packages/pip/_vendor/rich/style.py\n./venv/lib/python3.12/site-packages/pip/_vendor/rich/styled.py\n./venv/lib/python3.12/site-packages/pip/_vendor/rich/syntax.py\n./venv/lib/python3.12/site-packages/pip/_vendor/rich/table.py\n./venv/lib/python3.12/site-packages/pip/_vendor/rich/terminal_theme.py\n./venv/lib/python3.12/site-packages/pip/_vendor/rich/text.py\n./venv/lib/python3.12/site-packages/pip/_vendor/rich/theme.py\n./venv/lib/python3.12/site-packages/pip/_vendor/rich/themes.py\n./venv/lib/python3.12/site-packages/pip/_vendor/rich/traceback.py\n./venv/lib/python3.12/site-packages/pip/_vendor/rich/tree.py\n./venv/lib/python3.12/site-packages/pip/_vendor/urllib3/__init__.py\n./venv/lib/python3.12/site-packages/pip/_vendor/urllib3/_collections.py\n./venv/lib/python3.12/site-packages/pip/_vendor/urllib3/_version.py\n./venv/lib/python3.12/site-packages/pip/_vendor/urllib3/connection.py\n./venv/lib/python3.12/site-packages/pip/_vendor/urllib3/connectionpool.py\n./venv/lib/python3.12/site-packages/pip/_vendor/urllib3/exceptions.py\n./venv/lib/python3.12/site-packages/pip/_vendor/urllib3/fields.py\n./venv/lib/python3.12/site-packages/pip/_vendor/urllib3/filepost.py\n./venv/lib/python3.12/site-packages/pip/_vendor/urllib3/poolmanager.py\n./venv/lib/python3.12/site-packages/pip/_vendor/urllib3/request.py\n./venv/lib/python3.12/site-packages/pip/_vendor/urllib3/response.py\n./venv/lib/python3.12/site-packages/pip/_vendor/urllib3/util/__init__.py\n./venv/lib/python3.12/site-packages/pip/_vendor/urllib3/util/connection.py\n./venv/lib/python3.12/site-packages/pip/_vendor/urllib3/util/proxy.py\n./venv/lib/python3.12/site-packages/pip/_vendor/urllib3/util/queue.py\n./venv/lib/python3.12/site-packages/pip/_vendor/urllib3/util/request.py\n./venv/lib/python3.12/site-packages/pip/_vendor/urllib3/util/response.py\n./venv/lib/python3.12/site-packages/pip/_vendor/urllib3/util/retry.py\n./venv/lib/python3.12/site-packages/pip/_vendor/urllib3/util/ssl_.py\n./venv/lib/python3.12/site-packages/pip/_vendor/urllib3/util/ssl_match_hostname.py\n./venv/lib/python3.12/site-packages/pip/_vendor/urllib3/util/ssltransport.py\n./venv/lib/python3.12/site-packages/pip/_vendor/urllib3/util/timeout.py\n./venv/lib/python3.12/site-packages/pip/_vendor/urllib3/util/url.py\n./venv/lib/python3.12/site-packages/pip/_vendor/urllib3/util/wait.py\n./venv/lib/python3.12/site-packages/pip/_vendor/urllib3/contrib/__init__.py\n./venv/lib/python3.12/site-packages/pip/_vendor/urllib3/contrib/_appengine_environ.py\n./venv/lib/python3.12/site-packages/pip/_vendor/urllib3/contrib/appengine.py\n./venv/lib/python3.12/site-packages/pip/_vendor/urllib3/contrib/ntlmpool.py\n./venv/lib/python3.12/site-packages/pip/_vendor/urllib3/contrib/pyopenssl.py\n./venv/lib/python3.12/site-packages/pip/_vendor/urllib3/contrib/securetransport.py\n./venv/lib/python3.12/site-packages/pip/_vendor/urllib3/contrib/socks.py\n./venv/lib/python3.12/site-packages/pip/_vendor/urllib3/contrib/_securetransport/__init__.py\n./venv/lib/python3.12/site-packages/pip/_vendor/urllib3/contrib/_securetransport/bindings.py\n./venv/lib/python3.12/site-packages/pip/_vendor/urllib3/contrib/_securetransport/low_level.py\n./venv/lib/python3.12/site-packages/pip/_vendor/urllib3/packages/__init__.py\n./venv/lib/python3.12/site-packages/pip/_vendor/urllib3/packages/six.py\n./venv/lib/python3.12/site-packages/pip/_vendor/urllib3/packages/backports/__init__.py\n./venv/lib/python3.12/site-packages/pip/_vendor/urllib3/packages/backports/makefile.py\n./venv/lib/python3.12/site-packages/pip/_vendor/urllib3/packages/backports/weakref_finalize.py\n./venv/lib/python3.12/site-packages/pip/_vendor/pkg_resources/__init__.py\n./venv/lib/python3.12/site-packages/pip/_vendor/resolvelib/__init__.py\n./venv/lib/python3.12/site-packages/pip/_vendor/resolvelib/providers.py\n./venv/lib/python3.12/site-packages/pip/_vendor/resolvelib/py.typed\n./venv/lib/python3.12/site-packages/pip/_vendor/resolvelib/reporters.py\n./venv/lib/python3.12/site-packages/pip/_vendor/resolvelib/resolvers.py\n./venv/lib/python3.12/site-packages/pip/_vendor/resolvelib/structs.py\n./venv/lib/python3.12/site-packages/pip/_vendor/resolvelib/compat/__init__.py\n./venv/lib/python3.12/site-packages/pip/_vendor/resolvelib/compat/collections_abc.py\n./venv/lib/python3.12/site-packages/pip/_vendor/platformdirs/__init__.py\n./venv/lib/python3.12/site-packages/pip/_vendor/platformdirs/__main__.py\n./venv/lib/python3.12/site-packages/pip/_vendor/platformdirs/android.py\n./venv/lib/python3.12/site-packages/pip/_vendor/platformdirs/api.py\n./venv/lib/python3.12/site-packages/pip/_vendor/platformdirs/macos.py\n./venv/lib/python3.12/site-packages/pip/_vendor/platformdirs/py.typed\n./venv/lib/python3.12/site-packages/pip/_vendor/platformdirs/unix.py\n./venv/lib/python3.12/site-packages/pip/_vendor/platformdirs/version.py\n./venv/lib/python3.12/site-packages/pip/_vendor/platformdirs/windows.py\n./venv/lib/python3.12/site-packages/pyqt6_qt6-6.10.2.dist-info/INSTALLER\n./venv/lib/python3.12/site-packages/pyqt6_qt6-6.10.2.dist-info/LICENSE\n./venv/lib/python3.12/site-packages/pyqt6_qt6-6.10.2.dist-info/METADATA\n./venv/lib/python3.12/site-packages/pyqt6_qt6-6.10.2.dist-info/RECORD\n./venv/lib/python3.12/site-packages/pyqt6_qt6-6.10.2.dist-info/WHEEL\n./venv/lib/python3.12/site-packages/pyqt6_sip-13.11.0.dist-info/INSTALLER\n./venv/lib/python3.12/site-packages/pyqt6_sip-13.11.0.dist-info/METADATA\n./venv/lib/python3.12/site-packages/pyqt6_sip-13.11.0.dist-info/RECORD\n./venv/lib/python3.12/site-packages/pyqt6_sip-13.11.0.dist-info/WHEEL\n./venv/lib/python3.12/site-packages/pyqt6_sip-13.11.0.dist-info/top_level.txt\n./venv/lib/python3.12/site-packages/pyqt6_sip-13.11.0.dist-info/licenses/LICENSE\n./venv/lib/python3.12/site-packages/PyQt6/QtBluetooth.abi3.so\n./venv/lib/python3.12/site-packages/PyQt6/QtBluetooth.pyi\n./venv/lib/python3.12/site-packages/PyQt6/QtCore.abi3.so\n./venv/lib/python3.12/site-packages/PyQt6/QtCore.pyi\n./venv/lib/python3.12/site-packages/PyQt6/QtDBus.abi3.so\n./venv/lib/python3.12/site-packages/PyQt6/QtDBus.pyi\n./venv/lib/python3.12/site-packages/PyQt6/QtDesigner.abi3.so\n./venv/lib/python3.12/site-packages/PyQt6/QtDesigner.pyi\n./venv/lib/python3.12/site-packages/PyQt6/QtGui.abi3.so\n./venv/lib/python3.12/site-packages/PyQt6/QtGui.pyi\n./venv/lib/python3.12/site-packages/PyQt6/QtHelp.abi3.so\n./venv/lib/python3.12/site-packages/PyQt6/QtHelp.pyi\n./venv/lib/python3.12/site-packages/PyQt6/QtMultimedia.abi3.so\n./venv/lib/python3.12/site-packages/PyQt6/QtMultimedia.pyi\n./venv/lib/python3.12/site-packages/PyQt6/QtMultimediaWidgets.abi3.so\n./venv/lib/python3.12/site-packages/PyQt6/QtMultimediaWidgets.pyi\n./venv/lib/python3.12/site-packages/PyQt6/QtNetwork.abi3.so\n./venv/lib/python3.12/site-packages/PyQt6/QtNetwork.pyi\n./venv/lib/python3.12/site-packages/PyQt6/QtNfc.abi3.so\n./venv/lib/python3.12/site-packages/PyQt6/QtNfc.pyi\n./venv/lib/python3.12/site-packages/PyQt6/QtOpenGL.abi3.so\n./venv/lib/python3.12/site-packages/PyQt6/QtOpenGL.pyi\n./venv/lib/python3.12/site-packages/PyQt6/QtOpenGLWidgets.abi3.so\n./venv/lib/python3.12/site-packages/PyQt6/QtOpenGLWidgets.pyi\n./venv/lib/python3.12/site-packages/PyQt6/QtPdf.abi3.so\n./venv/lib/python3.12/site-packages/PyQt6/QtPdf.pyi\n./venv/lib/python3.12/site-packages/PyQt6/QtPdfWidgets.abi3.so\n./venv/lib/python3.12/site-packages/PyQt6/QtPdfWidgets.pyi\n./venv/lib/python3.12/site-packages/PyQt6/QtPositioning.abi3.so\n./venv/lib/python3.12/site-packages/PyQt6/QtPositioning.pyi\n./venv/lib/python3.12/site-packages/PyQt6/QtPrintSupport.abi3.so\n./venv/lib/python3.12/site-packages/PyQt6/QtPrintSupport.pyi\n./venv/lib/python3.12/site-packages/PyQt6/QtQml.abi3.so\n./venv/lib/python3.12/site-packages/PyQt6/QtQml.pyi\n./venv/lib/python3.12/site-packages/PyQt6/QtQuick.abi3.so\n./venv/lib/python3.12/site-packages/PyQt6/QtQuick.pyi\n./venv/lib/python3.12/site-packages/PyQt6/QtQuick3D.abi3.so\n./venv/lib/python3.12/site-packages/PyQt6/QtQuick3D.pyi\n./venv/lib/python3.12/site-packages/PyQt6/QtQuickWidgets.abi3.so\n./venv/lib/python3.12/site-packages/PyQt6/QtQuickWidgets.pyi\n./venv/lib/python3.12/site-packages/PyQt6/QtRemoteObjects.abi3.so\n./venv/lib/python3.12/site-packages/PyQt6/QtRemoteObjects.pyi\n./venv/lib/python3.12/site-packages/PyQt6/QtSensors.abi3.so\n./venv/lib/python3.12/site-packages/PyQt6/QtSensors.pyi\n./venv/lib/python3.12/site-packages/PyQt6/QtSerialPort.abi3.so\n./venv/lib/python3.12/site-packages/PyQt6/QtSerialPort.pyi\n./venv/lib/python3.12/site-packages/PyQt6/QtSpatialAudio.abi3.so\n./venv/lib/python3.12/site-packages/PyQt6/QtSpatialAudio.pyi\n./venv/lib/python3.12/site-packages/PyQt6/QtSql.abi3.so\n./venv/lib/python3.12/site-packages/PyQt6/QtSql.pyi\n./venv/lib/python3.12/site-packages/PyQt6/QtStateMachine.abi3.so\n./venv/lib/python3.12/site-packages/PyQt6/QtStateMachine.pyi\n./venv/lib/python3.12/site-packages/PyQt6/QtSvg.abi3.so\n./venv/lib/python3.12/site-packages/PyQt6/QtSvg.pyi\n./venv/lib/python3.12/site-packages/PyQt6/QtSvgWidgets.abi3.so\n./venv/lib/python3.12/site-packages/PyQt6/QtSvgWidgets.pyi\n./venv/lib/python3.12/site-packages/PyQt6/QtTest.abi3.so\n./venv/lib/python3.12/site-packages/PyQt6/QtTest.pyi\n./venv/lib/python3.12/site-packages/PyQt6/QtTextToSpeech.abi3.so\n./venv/lib/python3.12/site-packages/PyQt6/QtTextToSpeech.pyi\n./venv/lib/python3.12/site-packages/PyQt6/QtWebChannel.abi3.so\n./venv/lib/python3.12/site-packages/PyQt6/QtWebChannel.pyi\n./venv/lib/python3.12/site-packages/PyQt6/QtWebSockets.abi3.so\n./venv/lib/python3.12/site-packages/PyQt6/QtWebSockets.pyi\n./venv/lib/python3.12/site-packages/PyQt6/QtWidgets.abi3.so\n./venv/lib/python3.12/site-packages/PyQt6/QtWidgets.pyi\n./venv/lib/python3.12/site-packages/PyQt6/QtXml.abi3.so\n./venv/lib/python3.12/site-packages/PyQt6/QtXml.pyi\n./venv/lib/python3.12/site-packages/PyQt6/__init__.py\n./venv/lib/python3.12/site-packages/PyQt6/py.typed\n./venv/lib/python3.12/site-packages/PyQt6/sip.cpython-312-darwin.so\n./venv/lib/python3.12/site-packages/PyQt6/sip.pyi\n./venv/lib/python3.12/site-packages/PyQt6/lupdate/__init__.py\n./venv/lib/python3.12/site-packages/PyQt6/lupdate/designer_source.py\n./venv/lib/python3.12/site-packages/PyQt6/lupdate/lupdate.py\n./venv/lib/python3.12/site-packages/PyQt6/lupdate/pylupdate.py\n./venv/lib/python3.12/site-packages/PyQt6/lupdate/python_source.py\n./venv/lib/python3.12/site-packages/PyQt6/lupdate/source_file.py\n./venv/lib/python3.12/site-packages/PyQt6/lupdate/translation_file.py\n./venv/lib/python3.12/site-packages/PyQt6/lupdate/translations.py\n./venv/lib/python3.12/site-packages/PyQt6/lupdate/user.py\n./venv/lib/python3.12/site-packages/PyQt6/uic/__init__.py\n./venv/lib/python3.12/site-packages/PyQt6/uic/compile_ui.py\n./venv/lib/python3.12/site-packages/PyQt6/uic/enum_map.py\n./venv/lib/python3.12/site-packages/PyQt6/uic/exceptions.py\n./venv/lib/python3.12/site-packages/PyQt6/uic/icon_cache.py\n./venv/lib/python3.12/site-packages/PyQt6/uic/load_ui.py\n./venv/lib/python3.12/site-packages/PyQt6/uic/objcreator.py\n./venv/lib/python3.12/site-packages/PyQt6/uic/properties.py\n./venv/lib/python3.12/site-packages/PyQt6/uic/pyuic.py\n./venv/lib/python3.12/site-packages/PyQt6/uic/ui_file.py\n./venv/lib/python3.12/site-packages/PyQt6/uic/uiparser.py\n./venv/lib/python3.12/site-packages/PyQt6/uic/widget-plugins/qaxcontainer.py\n./venv/lib/python3.12/site-packages/PyQt6/uic/widget-plugins/qscintilla.py\n./venv/lib/python3.12/site-packages/PyQt6/uic/widget-plugins/qtcharts.py\n./venv/lib/python3.12/site-packages/PyQt6/uic/widget-plugins/qtopenglwidgets.py\n./venv/lib/python3.12/site-packages/PyQt6/uic/widget-plugins/qtprintsupport.py\n./venv/lib/python3.12/site-packages/PyQt6/uic/widget-plugins/qtquickwidgets.py\n./venv/lib/python3.12/site-packages/PyQt6/uic/widget-plugins/qtwebenginewidgets.py\n./venv/lib/python3.12/site-packages/PyQt6/uic/Loader/__init__.py\n./venv/lib/python3.12/site-packages/PyQt6/uic/Loader/loader.py\n./venv/lib/python3.12/site-packages/PyQt6/uic/Loader/qobjectcreator.py\n./venv/lib/python3.12/site-packages/PyQt6/uic/Compiler/__init__.py\n./venv/lib/python3.12/site-packages/PyQt6/uic/Compiler/as_string.py\n./venv/lib/python3.12/site-packages/PyQt6/uic/Compiler/compiler.py\n./venv/lib/python3.12/site-packages/PyQt6/uic/Compiler/indenter.py\n./venv/lib/python3.12/site-packages/PyQt6/uic/Compiler/misc.py\n./venv/lib/python3.12/site-packages/PyQt6/uic/Compiler/proxy_metaclass.py\n./venv/lib/python3.12/site-packages/PyQt6/uic/Compiler/qobjectcreator.py\n./venv/lib/python3.12/site-packages/PyQt6/uic/Compiler/qtproxies.py\n./venv/lib/python3.12/site-packages/PyQt6/Qt6/qml/QtWebSockets/libqmlwebsocketsplugin.dylib\n./venv/lib/python3.12/site-packages/PyQt6/Qt6/qml/QtWebSockets/plugins.qmltypes\n./venv/lib/python3.12/site-packages/PyQt6/Qt6/qml/QtWebSockets/qmldir\n./venv/lib/python3.12/site-packages/PyQt6/Qt6/qml/QtQml/libqmlplugin.dylib\n./venv/lib/python3.12/site-packages/PyQt6/Qt6/qml/QtQml/plugins.qmltypes\n./venv/lib/python3.12/site-packages/PyQt6/Qt6/qml/QtQml/qmldir\n./venv/lib/python3.12/site-packages/PyQt6/Qt6/qml/QtQml/StateMachine/libqtqmlstatemachineplugin.dylib\n./venv/lib/python3.12/site-packages/PyQt6/Qt6/qml/QtQml/StateMachine/plugins.qmltypes\n./venv/lib/python3.12/site-packages/PyQt6/Qt6/qml/QtQml/StateMachine/qmldir\n./venv/lib/python3.12/site-packages/PyQt6/Qt6/qml/QtQml/Models/libmodelsplugin.dylib\n./venv/lib/python3.12/site-packages/PyQt6/Qt6/qml/QtQml/Models/plugins.qmltypes\n./venv/lib/python3.12/site-packages/PyQt6/Qt6/qml/QtQml/Models/qmldir\n./venv/lib/python3.12/site-packages/PyQt6/Qt6/qml/QtQml/WorkerScript/libworkerscriptplugin.dylib\n./venv/lib/python3.12/site-packages/PyQt6/Qt6/qml/QtQml/WorkerScript/plugins.qmltypes\n./venv/lib/python3.12/site-packages/PyQt6/Qt6/qml/QtQml/WorkerScript/qmldir\n./venv/lib/python3.12/site-packages/PyQt6/Qt6/qml/QtQml/XmlListModel/libqmlxmllistmodelplugin.dylib\n./venv/lib/python3.12/site-packages/PyQt6/Qt6/qml/QtQml/XmlListModel/plugins.qmltypes\n./venv/lib/python3.12/site-packages/PyQt6/Qt6/qml/QtQml/XmlListModel/qmldir\n./venv/lib/python3.12/site-packages/PyQt6/Qt6/qml/QtNetwork/libqmlnetworkplugin.dylib\n./venv/lib/python3.12/site-packages/PyQt6/Qt6/qml/QtNetwork/plugins.qmltypes\n./venv/lib/python3.12/site-packages/PyQt6/Qt6/qml/QtNetwork/qmldir\n./venv/lib/python3.12/site-packages/PyQt6/Qt6/qml/QtQuick3D/LightmapperOutputWindow.qml\n./venv/lib/python3.12/site-packages/PyQt6/Qt6/qml/QtQuick3D/Quick3D.qmltypes\n./venv/lib/python3.12/site-packages/PyQt6/Qt6/qml/QtQuick3D/libqquick3dplugin.dylib\n./venv/lib/python3.12/site-packages/PyQt6/Qt6/qml/QtQuick3D/qmldir\n./venv/lib/python3.12/site-packages/PyQt6/Qt6/qml/QtQuick3D/lightmapviewer/LightmapViewer.qml\n./venv/lib/python3.12/site-packages/PyQt6/Qt6/qml/QtQuick3D/lightmapviewer/lightmapviewer.qmltypes\n./venv/lib/python3.12/site-packages/PyQt6/Qt6/qml/QtQuick3D/lightmapviewer/qmldir\n./venv/lib/python3.12/site-packages/PyQt6/Qt6/qml/QtQuick3D/MaterialEditor/AboutDialog.qml\n./venv/lib/python3.12/site-packages/PyQt6/Qt6/qml/QtQuick3D/MaterialEditor/EditorView.qml\n./venv/lib/python3.12/site-packages/PyQt6/Qt6/qml/QtQuick3D/MaterialEditor/FrostedGlass.qml\n./venv/lib/python3.12/site-packages/PyQt6/Qt6/qml/QtQuick3D/MaterialEditor/InstancingPropertiesPane.qml\n./venv/lib/python3.12/site-packages/PyQt6/Qt6/qml/QtQuick3D/MaterialEditor/MaterialPropertiesPane.qml\n./venv/lib/python3.12/site-packages/PyQt6/Qt6/qml/QtQuick3D/MaterialEditor/Preview.qml\n./venv/lib/python3.12/site-packages/PyQt6/Qt6/qml/QtQuick3D/MaterialEditor/PreviewControls.qml\n./venv/lib/python3.12/site-packages/PyQt6/Qt6/qml/QtQuick3D/MaterialEditor/SaveChangesDialog.qml\n./venv/lib/python3.12/site-packages/PyQt6/Qt6/qml/QtQuick3D/MaterialEditor/ShaderEditor.qml\n./venv/lib/python3.12/site-packages/PyQt6/Qt6/qml/QtQuick3D/MaterialEditor/UniformManagerPane.qml\n./venv/lib/python3.12/site-packages/PyQt6/Qt6/qml/QtQuick3D/MaterialEditor/main.qml\n./venv/lib/python3.12/site-packages/PyQt6/Qt6/qml/QtQuick3D/MaterialEditor/plugins.qmltypes\n./venv/lib/python3.12/site-packages/PyQt6/Qt6/qml/QtQuick3D/MaterialEditor/qmldir\n./venv/lib/python3.12/site-packages/PyQt6/Qt6/qml/QtQuick3D/ParticleEffects/Quick3DParticleEffects.qmltypes\n./venv/lib/python3.12/site-packages/PyQt6/Qt6/qml/QtQuick3D/ParticleEffects/libqtquick3dparticleeffectsplugin.dylib\n./venv/lib/python3.12/site-packages/PyQt6/Qt6/qml/QtQuick3D/ParticleEffects/qmldir\n./venv/lib/python3.12/site-packages/PyQt6/Qt6/qml/QtQuick3D/ParticleEffects/designer/particleeffects.metainfo\n./venv/lib/python3.12/site-packages/PyQt6/Qt6/qml/QtQuick3D/ParticleEffects/designer/images/color_table.png\n./venv/lib/python3.12/site-packages/PyQt6/Qt6/qml/QtQuick3D/ParticleEffects/designer/images/color_table2.png\n./venv/lib/python3.12/site-packages/PyQt6/Qt6/qml/QtQuick3D/ParticleEffects/designer/images/droplet.png\n./venv/lib/python3.12/site-packages/PyQt6/Qt6/qml/QtQuick3D/ParticleEffects/designer/images/dummy.png\n./venv/lib/python3.12/site-packages/PyQt6/Qt6/qml/QtQuick3D/ParticleEffects/designer/images/dummy16.png\n./venv/lib/python3.12/site-packages/PyQt6/Qt6/qml/QtQuick3D/ParticleEffects/designer/images/dummy@2x.png\n./venv/lib/python3.12/site-packages/PyQt6/Qt6/qml/QtQuick3D/ParticleEffects/designer/images/rain.png\n./venv/lib/python3.12/site-packages/PyQt6/Qt6/qml/QtQuick3D/ParticleEffects/designer/images/ripple.png\n./venv/lib/python3.12/site-packages/PyQt6/Qt6/qml/QtQuick3D/ParticleEffects/designer/images/smoke2.png\n./venv/lib/python3.12/site-packages/PyQt6/Qt6/qml/QtQuick3D/ParticleEffects/designer/images/smoke_sprite.png\n./venv/lib/python3.12/site-packages/PyQt6/Qt6/qml/QtQuick3D/ParticleEffects/designer/images/smoke_sprite2.png\n./venv/lib/python3.12/site-packages/PyQt6/Qt6/qml/QtQuick3D/ParticleEffects/designer/images/snowflake.png\n./venv/lib/python3.12/site-packages/PyQt6/Qt6/qml/QtQuick3D/ParticleEffects/designer/images/sphere.png\n./venv/lib/python3.12/site-packages/PyQt6/Qt6/qml/QtQuick3D/ParticleEffects/designer/images/splash7.png\n./venv/lib/python3.12/site-packages/PyQt6/Qt6/qml/QtQuick3D/ParticleEffects/designer/source/particleeffect_clouds.qml\n./venv/lib/python3.12/site-packages/PyQt6/Qt6/qml/QtQuick3D/ParticleEffects/designer/source/particleeffect_dust.qml\n./venv/lib/python3.12/site-packages/PyQt6/Qt6/qml/QtQuick3D/ParticleEffects/designer/source/particleeffect_exhaust.qml\n./venv/lib/python3.12/site-packages/PyQt6/Qt6/qml/QtQuick3D/ParticleEffects/designer/source/particleeffect_fire.qml\n./venv/lib/python3.12/site-packages/PyQt6/Qt6/qml/QtQuick3D/ParticleEffects/designer/source/particleeffect_heavyrain.qml\n./venv/lib/python3.12/site-packages/PyQt6/Qt6/qml/QtQuick3D/ParticleEffects/designer/source/particleeffect_heavyrain_tirespray.qml\n./venv/lib/python3.12/site-packages/PyQt6/Qt6/qml/QtQuick3D/ParticleEffects/designer/source/particleeffect_lightrain.qml\n./venv/lib/python3.12/site-packages/PyQt6/Qt6/qml/QtQuick3D/ParticleEffects/designer/source/particleeffect_lightrain_tirespray.qml\n./venv/lib/python3.12/site-packages/PyQt6/Qt6/qml/QtQuick3D/ParticleEffects/designer/source/particleeffect_rainmist.qml\n./venv/lib/python3.12/site-packages/PyQt6/Qt6/qml/QtQuick3D/ParticleEffects/designer/source/particleeffect_snow.qml\n./venv/lib/python3.12/site-packages/PyQt6/Qt6/qml/QtQuick3D/ParticleEffects/designer/source/particleeffect_steam.qml\n./venv/lib/python3.12/site-packages/PyQt6/Qt6/qml/QtQuick3D/Xr/XrErrorDialog.qml\n./venv/lib/python3.12/site-packages/PyQt6/Qt6/qml/QtQuick3D/Xr/libquick3dxrplugin.dylib\n./venv/lib/python3.12/site-packages/PyQt6/Qt6/qml/QtQuick3D/Xr/plugins.qmltypes\n./venv/lib/python3.12/site-packages/PyQt6/Qt6/qml/QtQuick3D/Xr/qmldir\n./venv/lib/python3.12/site-packages/PyQt6/Qt6/qml/QtQuick3D/AssetUtils/libqtquick3dassetutilsplugin.dylib\n./venv/lib/python3.12/site-packages/PyQt6/Qt6/qml/QtQuick3D/AssetUtils/plugins.qmltypes\n./venv/lib/python3.12/site-packages/PyQt6/Qt6/qml/QtQuick3D/AssetUtils/qmldir\n./venv/lib/python3.12/site-packages/PyQt6/Qt6/qml/QtQuick3D/AssetUtils/designer/NodeSection.qml\n./venv/lib/python3.12/site-packages/PyQt6/Qt6/qml/QtQuick3D/AssetUtils/designer/RuntimeLoaderSection.qml\n./venv/lib/python3.12/site-packages/PyQt6/Qt6/qml/QtQuick3D/AssetUtils/designer/RuntimeLoaderSpecifics.qml\n./venv/lib/python3.12/site-packages/PyQt6/Qt6/qml/QtQuick3D/AssetUtils/designer/assetutils.metainfo\n./venv/lib/python3.12/site-packages/PyQt6/Qt6/qml/QtQuick3D/AssetUtils/designer/images/dummy.png\n./venv/lib/python3.12/site-packages/PyQt6/Qt6/qml/QtQuick3D/AssetUtils/designer/images/dummy16.png\n./venv/lib/python3.12/site-packages/PyQt6/Qt6/qml/QtQuick3D/AssetUtils/designer/images/dummy@2x.png\n./venv/lib/python3.12/site-packages/PyQt6/Qt6/qml/QtQuick3D/AssetUtils/designer/images/runtimeloader.png\n./venv/lib/python3.12/site-packages/PyQt6/Qt6/qml/QtQuick3D/AssetUtils/designer/images/runtimeloader16.png\n./venv/lib/python3.12/site-packages/PyQt6/Qt6/qml/QtQuick3D/AssetUtils/designer/images/runtimeloader@2x.png\n./venv/lib/python3.12/site-packages/PyQt6/Qt6/qml/QtQuick3D/SpatialAudio/libquick3dspatialaudioplugin.dylib\n./venv/lib/python3.12/site-packages/PyQt6/Qt6/qml/QtQuick3D/SpatialAudio/plugins.qmltypes\n./venv/lib/python3.12/site-packages/PyQt6/Qt6/qml/QtQuick3D/SpatialAudio/qmldir\n./venv/lib/python3.12/site-packages/PyQt6/Qt6/qml/QtQuick3D/designer/AbstractLightSection.qml\n./venv/lib/python3.12/site-packages/PyQt6/Qt6/qml/QtQuick3D/designer/BufferInputSection.qml\n./venv/lib/python3.12/site-packages/PyQt6/Qt6/qml/QtQuick3D/designer/BufferInputSpecifics.qml\n./venv/lib/python3.12/site-packages/PyQt6/Qt6/qml/QtQuick3D/designer/BufferSection.qml\n./venv/lib/python3.12/site-packages/PyQt6/Qt6/qml/QtQuick3D/designer/BufferSpecifics.qml\n./venv/lib/python3.12/site-packages/PyQt6/Qt6/qml/QtQuick3D/designer/CameraSection.qml\n./venv/lib/python3.12/site-packages/PyQt6/Qt6/qml/QtQuick3D/designer/CascadesSection.qml\n./venv/lib/python3.12/site-packages/PyQt6/Qt6/qml/QtQuick3D/designer/CubeMapTextureSpecifics.qml\n./venv/lib/python3.12/site-packages/PyQt6/Qt6/qml/QtQuick3D/designer/CustomCameraSpecifics.qml\n./venv/lib/python3.12/site-packages/PyQt6/Qt6/qml/QtQuick3D/designer/CustomMaterialSection.qml\n./venv/lib/python3.12/site-packages/PyQt6/Qt6/qml/QtQuick3D/designer/CustomMaterialSpecifics.qml\n./venv/lib/python3.12/site-packages/PyQt6/Qt6/qml/QtQuick3D/designer/DebugSettingsSection.qml\n./venv/lib/python3.12/site-packages/PyQt6/Qt6/qml/QtQuick3D/designer/DebugSettingsSpecifics.qml\n./venv/lib/python3.12/site-packages/PyQt6/Qt6/qml/QtQuick3D/designer/DefaultMaterialSection.qml\n./venv/lib/python3.12/site-packages/PyQt6/Qt6/qml/QtQuick3D/designer/DefaultMaterialSpecifics.qml\n./venv/lib/python3.12/site-packages/PyQt6/Qt6/qml/QtQuick3D/designer/DirectionalLightSection.qml\n./venv/lib/python3.12/site-packages/PyQt6/Qt6/qml/QtQuick3D/designer/DirectionalLightSpecifics.qml\n./venv/lib/python3.12/site-packages/PyQt6/Qt6/qml/QtQuick3D/designer/EffectSection.qml\n./venv/lib/python3.12/site-packages/PyQt6/Qt6/qml/QtQuick3D/designer/EffectSpecifics.qml\n./venv/lib/python3.12/site-packages/PyQt6/Qt6/qml/QtQuick3D/designer/FileInstancingSection.qml\n./venv/lib/python3.12/site-packages/PyQt6/Qt6/qml/QtQuick3D/designer/FileInstancingSpecifics.qml\n./venv/lib/python3.12/site-packages/PyQt6/Qt6/qml/QtQuick3D/designer/FogSection.qml\n./venv/lib/python3.12/site-packages/PyQt6/Qt6/qml/QtQuick3D/designer/FogSpecifics.qml\n./venv/lib/python3.12/site-packages/PyQt6/Qt6/qml/QtQuick3D/designer/FrustumCameraSection.qml\n./venv/lib/python3.12/site-packages/PyQt6/Qt6/qml/QtQuick3D/designer/FrustumCameraSpecifics.qml\n./venv/lib/python3.12/site-packages/PyQt6/Qt6/qml/QtQuick3D/designer/InstanceListEntrySection.qml\n./venv/lib/python3.12/site-packages/PyQt6/Qt6/qml/QtQuick3D/designer/InstanceListEntrySpecifics.qml\n./venv/lib/python3.12/site-packages/PyQt6/Qt6/qml/QtQuick3D/designer/InstanceListSection.qml\n./venv/lib/python3.12/site-packages/PyQt6/Qt6/qml/QtQuick3D/designer/InstanceListSpecifics.qml\n./venv/lib/python3.12/site-packages/PyQt6/Qt6/qml/QtQuick3D/designer/InstancingSection.qml\n./venv/lib/python3.12/site-packages/PyQt6/Qt6/qml/QtQuick3D/designer/JointSection.qml\n./venv/lib/python3.12/site-packages/PyQt6/Qt6/qml/QtQuick3D/designer/JointSpecifics.qml\n./venv/lib/python3.12/site-packages/PyQt6/Qt6/qml/QtQuick3D/designer/LightmapperSection.qml\n./venv/lib/python3.12/site-packages/PyQt6/Qt6/qml/QtQuick3D/designer/LightmapperSpecifics.qml\n./venv/lib/python3.12/site-packages/PyQt6/Qt6/qml/QtQuick3D/designer/Loader3DSection.qml\n./venv/lib/python3.12/site-packages/PyQt6/Qt6/qml/QtQuick3D/designer/Loader3DSpecifics.qml\n./venv/lib/python3.12/site-packages/PyQt6/Qt6/qml/QtQuick3D/designer/MaterialSection.qml\n./venv/lib/python3.12/site-packages/PyQt6/Qt6/qml/QtQuick3D/designer/ModelSection.qml\n./venv/lib/python3.12/site-packages/PyQt6/Qt6/qml/QtQuick3D/designer/ModelSpecifics.qml\n./venv/lib/python3.12/site-packages/PyQt6/Qt6/qml/QtQuick3D/designer/MorphTargetSection.qml\n./venv/lib/python3.12/site-packages/PyQt6/Qt6/qml/QtQuick3D/designer/MorphTargetSpecifics.qml\n./venv/lib/python3.12/site-packages/PyQt6/Qt6/qml/QtQuick3D/designer/NodeSection.qml\n./venv/lib/python3.12/site-packages/PyQt6/Qt6/qml/QtQuick3D/designer/NodeSpecifics.qml\n./venv/lib/python3.12/site-packages/PyQt6/Qt6/qml/QtQuick3D/designer/Object3DSection.qml\n./venv/lib/python3.12/site-packages/PyQt6/Qt6/qml/QtQuick3D/designer/OrthographicCameraSection.qml\n./venv/lib/python3.12/site-packages/PyQt6/Qt6/qml/QtQuick3D/designer/OrthographicCameraSpecifics.qml\n./venv/lib/python3.12/site-packages/PyQt6/Qt6/qml/QtQuick3D/designer/PassSection.qml\n./venv/lib/python3.12/site-packages/PyQt6/Qt6/qml/QtQuick3D/designer/PassSpecifics.qml\n./venv/lib/python3.12/site-packages/PyQt6/Qt6/qml/QtQuick3D/designer/PerspectiveCameraSection.qml\n./venv/lib/python3.12/site-packages/PyQt6/Qt6/qml/QtQuick3D/designer/PerspectiveCameraSpecifics.qml\n./venv/lib/python3.12/site-packages/PyQt6/Qt6/qml/QtQuick3D/designer/PointLightSection.qml\n./venv/lib/python3.12/site-packages/PyQt6/Qt6/qml/QtQuick3D/designer/PointLightSpecifics.qml\n./venv/lib/python3.12/site-packages/PyQt6/Qt6/qml/QtQuick3D/designer/PrincipledMaterialSection.qml\n./venv/lib/python3.12/site-packages/PyQt6/Qt6/qml/QtQuick3D/designer/PrincipledMaterialSpecifics.qml\n./venv/lib/python3.12/site-packages/PyQt6/Qt6/qml/QtQuick3D/designer/ReflectionProbeSection.qml\n./venv/lib/python3.12/site-packages/PyQt6/Qt6/qml/QtQuick3D/designer/ReflectionProbeSpecifics.qml\n./venv/lib/python3.12/site-packages/PyQt6/Qt6/qml/QtQuick3D/designer/Repeater3DSection.qml\n./venv/lib/python3.12/site-packages/PyQt6/Qt6/qml/QtQuick3D/designer/Repeater3DSpecifics.qml\n./venv/lib/python3.12/site-packages/PyQt6/Qt6/qml/QtQuick3D/designer/ResourceLoaderSection.qml\n./venv/lib/python3.12/site-packages/PyQt6/Qt6/qml/QtQuick3D/designer/ResourceLoaderSpecifics.qml\n./venv/lib/python3.12/site-packages/PyQt6/Qt6/qml/QtQuick3D/designer/SceneEnvironmentSection.qml\n./venv/lib/python3.12/site-packages/PyQt6/Qt6/qml/QtQuick3D/designer/SceneEnvironmentSpecifics.qml\n./venv/lib/python3.12/site-packages/PyQt6/Qt6/qml/QtQuick3D/designer/SetUniformValueSection.qml\n./venv/lib/python3.12/site-packages/PyQt6/Qt6/qml/QtQuick3D/designer/SetUniformValueSpecifics.qml\n./venv/lib/python3.12/site-packages/PyQt6/Qt6/qml/QtQuick3D/designer/ShaderSection.qml\n./venv/lib/python3.12/site-packages/PyQt6/Qt6/qml/QtQuick3D/designer/ShaderSpecifics.qml\n./venv/lib/python3.12/site-packages/PyQt6/Qt6/qml/QtQuick3D/designer/ShadowSection.qml\n./venv/lib/python3.12/site-packages/PyQt6/Qt6/qml/QtQuick3D/designer/SkinSection.qml\n./venv/lib/python3.12/site-packages/PyQt6/Qt6/qml/QtQuick3D/designer/SkinSpecifics.qml\n./venv/lib/python3.12/site-packages/PyQt6/Qt6/qml/QtQuick3D/designer/SpecularGlossyMaterialSection.qml\n./venv/lib/python3.12/site-packages/PyQt6/Qt6/qml/QtQuick3D/designer/SpecularGlossyMaterialSpecifics.qml\n./venv/lib/python3.12/site-packages/PyQt6/Qt6/qml/QtQuick3D/designer/SpotLightSection.qml\n./venv/lib/python3.12/site-packages/PyQt6/Qt6/qml/QtQuick3D/designer/SpotLightSpecifics.qml\n./venv/lib/python3.12/site-packages/PyQt6/Qt6/qml/QtQuick3D/designer/TextureInputSection.qml\n./venv/lib/python3.12/site-packages/PyQt6/Qt6/qml/QtQuick3D/designer/TextureInputSpecifics.qml\n./venv/lib/python3.12/site-packages/PyQt6/Qt6/qml/QtQuick3D/designer/TextureSection.qml\n./venv/lib/python3.12/site-packages/PyQt6/Qt6/qml/QtQuick3D/designer/TextureSpecifics.qml\n./venv/lib/python3.12/site-packages/PyQt6/Qt6/qml/QtQuick3D/designer/View3DSection.qml\n./venv/lib/python3.12/site-packages/PyQt6/Qt6/qml/QtQuick3D/designer/View3DSpecifics.qml\n./venv/lib/python3.12/site-packages/PyQt6/Qt6/qml/QtQuick3D/designer/propertyGroups.json\n./venv/lib/python3.12/site-packages/PyQt6/Qt6/qml/QtQuick3D/designer/quick3d.metainfo\n./venv/lib/python3.12/site-packages/PyQt6/Qt6/qml/QtQuick3D/designer/images/camera.png\n./venv/lib/python3.12/site-packages/PyQt6/Qt6/qml/QtQuick3D/designer/images/camera16.png\n./venv/lib/python3.12/site-packages/PyQt6/Qt6/qml/QtQuick3D/designer/images/camera@2x.png\n./venv/lib/python3.12/site-packages/PyQt6/Qt6/qml/QtQuick3D/designer/images/cone.png\n./venv/lib/python3.12/site-packages/PyQt6/Qt6/qml/QtQuick3D/designer/images/cone16.png\n./venv/lib/python3.12/site-packages/PyQt6/Qt6/qml/QtQuick3D/designer/images/cone@2x.png\n./venv/lib/python3.12/site-packages/PyQt6/Qt6/qml/QtQuick3D/designer/images/cube.png\n./venv/lib/python3.12/site-packages/PyQt6/Qt6/qml/QtQuick3D/designer/images/cube16.png\n./venv/lib/python3.12/site-packages/PyQt6/Qt6/qml/QtQuick3D/designer/images/cube@2x.png\n./venv/lib/python3.12/site-packages/PyQt6/Qt6/qml/QtQuick3D/designer/images/cubemaptexture.png\n./venv/lib/python3.12/site-packages/PyQt6/Qt6/qml/QtQuick3D/designer/images/cubemaptexture16.png\n./venv/lib/python3.12/site-packages/PyQt6/Qt6/qml/QtQuick3D/designer/images/cubemaptexture@2x.png\n./venv/lib/python3.12/site-packages/PyQt6/Qt6/qml/QtQuick3D/designer/images/custommaterial.png\n./venv/lib/python3.12/site-packages/PyQt6/Qt6/qml/QtQuick3D/designer/images/custommaterial16.png\n./venv/lib/python3.12/site-packages/PyQt6/Qt6/qml/QtQuick3D/designer/images/custommaterial@2x.png\n./venv/lib/python3.12/site-packages/PyQt6/Qt6/qml/QtQuick3D/designer/images/cylinder.png\n./venv/lib/python3.12/site-packages/PyQt6/Qt6/qml/QtQuick3D/designer/images/cylinder16.png\n./venv/lib/python3.12/site-packages/PyQt6/Qt6/qml/QtQuick3D/designer/images/cylinder@2x.png\n./venv/lib/python3.12/site-packages/PyQt6/Qt6/qml/QtQuick3D/designer/images/debugsettings.png\n./venv/lib/python3.12/site-packages/PyQt6/Qt6/qml/QtQuick3D/designer/images/debugsettings16.png\n./venv/lib/python3.12/site-packages/PyQt6/Qt6/qml/QtQuick3D/designer/images/debugsettings@2x.png\n./venv/lib/python3.12/site-packages/PyQt6/Qt6/qml/QtQuick3D/designer/images/dummy.png\n./venv/lib/python3.12/site-packages/PyQt6/Qt6/qml/QtQuick3D/designer/images/dummy16.png\n./venv/lib/python3.12/site-packages/PyQt6/Qt6/qml/QtQuick3D/designer/images/dummy@2x.png\n./venv/lib/python3.12/site-packages/PyQt6/Qt6/qml/QtQuick3D/designer/images/effect.png\n./venv/lib/python3.12/site-packages/PyQt6/Qt6/qml/QtQuick3D/designer/images/effect16.png\n./venv/lib/python3.12/site-packages/PyQt6/Qt6/qml/QtQuick3D/designer/images/effect@2x.png\n./venv/lib/python3.12/site-packages/PyQt6/Qt6/qml/QtQuick3D/designer/images/fileinstancing.png\n./venv/lib/python3.12/site-packages/PyQt6/Qt6/qml/QtQuick3D/designer/images/fileinstancing16.png\n./venv/lib/python3.12/site-packages/PyQt6/Qt6/qml/QtQuick3D/designer/images/fileinstancing@2x.png\n./venv/lib/python3.12/site-packages/PyQt6/Qt6/qml/QtQuick3D/designer/images/fog.png\n./venv/lib/python3.12/site-packages/PyQt6/Qt6/qml/QtQuick3D/designer/images/fog16.png\n./venv/lib/python3.12/site-packages/PyQt6/Qt6/qml/QtQuick3D/designer/images/fog@2x.png\n./venv/lib/python3.12/site-packages/PyQt6/Qt6/qml/QtQuick3D/designer/images/group.png\n./venv/lib/python3.12/site-packages/PyQt6/Qt6/qml/QtQuick3D/designer/images/group16.png\n./venv/lib/python3.12/site-packages/PyQt6/Qt6/qml/QtQuick3D/designer/images/group@2x.png\n./venv/lib/python3.12/site-packages/PyQt6/Qt6/qml/QtQuick3D/designer/images/instancelist.png\n./venv/lib/python3.12/site-packages/PyQt6/Qt6/qml/QtQuick3D/designer/images/instancelist16.png\n./venv/lib/python3.12/site-packages/PyQt6/Qt6/qml/QtQuick3D/designer/images/instancelist@2x.png\n./venv/lib/python3.12/site-packages/PyQt6/Qt6/qml/QtQuick3D/designer/images/instancelistentry.png\n./venv/lib/python3.12/site-packages/PyQt6/Qt6/qml/QtQuick3D/designer/images/instancelistentry16.png\n./venv/lib/python3.12/site-packages/PyQt6/Qt6/qml/QtQuick3D/designer/images/instancelistentry@2x.png\n./venv/lib/python3.12/site-packages/PyQt6/Qt6/qml/QtQuick3D/designer/images/joint.png\n./venv/lib/python3.12/site-packages/PyQt6/Qt6/qml/QtQuick3D/designer/images/joint16.png\n./venv/lib/python3.12/site-packages/PyQt6/Qt6/qml/QtQuick3D/designer/images/joint@2x.png\n./venv/lib/python3.12/site-packages/PyQt6/Qt6/qml/QtQuick3D/designer/images/lightdirectional.png\n./venv/lib/python3.12/site-packages/PyQt6/Qt6/qml/QtQuick3D/designer/images/lightdirectional16.png\n./venv/lib/python3.12/site-packages/PyQt6/Qt6/qml/QtQuick3D/designer/images/lightdirectional@2x.png\n./venv/lib/python3.12/site-packages/PyQt6/Qt6/qml/QtQuick3D/designer/images/lightmapper.png\n./venv/lib/python3.12/site-packages/PyQt6/Qt6/qml/QtQuick3D/designer/images/lightmapper16.png\n./venv/lib/python3.12/site-packages/PyQt6/Qt6/qml/QtQuick3D/designer/images/lightmapper@2x.png\n./venv/lib/python3.12/site-packages/PyQt6/Qt6/qml/QtQuick3D/designer/images/lightpoint.png\n./venv/lib/python3.12/site-packages/PyQt6/Qt6/qml/QtQuick3D/designer/images/lightpoint16.png\n./venv/lib/python3.12/site-packages/PyQt6/Qt6/qml/QtQuick3D/designer/images/lightpoint@2x.png\n./venv/lib/python3.12/site-packages/PyQt6/Qt6/qml/QtQuick3D/designer/images/lightspot.png\n./venv/lib/python3.12/site-packages/PyQt6/Qt6/qml/QtQuick3D/designer/images/lightspot16.png\n./venv/lib/python3.12/site-packages/PyQt6/Qt6/qml/QtQuick3D/designer/images/lightspot@2x.png\n./venv/lib/python3.12/site-packages/PyQt6/Qt6/qml/QtQuick3D/designer/images/loader3d.png\n./venv/lib/python3.12/site-packages/PyQt6/Qt6/qml/QtQuick3D/designer/images/loader3d16.png\n./venv/lib/python3.12/site-packages/PyQt6/Qt6/qml/QtQuick3D/designer/images/loader3d@2x.png\n./venv/lib/python3.12/site-packages/PyQt6/Qt6/qml/QtQuick3D/designer/images/material.png\n./venv/lib/python3.12/site-packages/PyQt6/Qt6/qml/QtQuick3D/designer/images/material16.png\n./venv/lib/python3.12/site-packages/PyQt6/Qt6/qml/QtQuick3D/designer/images/material@2x.png\n./venv/lib/python3.12/site-packages/PyQt6/Qt6/qml/QtQuick3D/designer/images/model16.png\n./venv/lib/python3.12/site-packages/PyQt6/Qt6/qml/QtQuick3D/designer/images/morphtarget.png\n./venv/lib/python3.12/site-packages/PyQt6/Qt6/qml/QtQuick3D/designer/images/morphtarget16.png\n./venv/lib/python3.12/site-packages/PyQt6/Qt6/qml/QtQuick3D/designer/images/morphtarget@2x.png\n./venv/lib/python3.12/site-packages/PyQt6/Qt6/qml/QtQuick3D/designer/images/plane.png\n./venv/lib/python3.12/site-packages/PyQt6/Qt6/qml/QtQuick3D/designer/images/plane16.png\n./venv/lib/python3.12/site-packages/PyQt6/Qt6/qml/QtQuick3D/designer/images/plane@2x.png\n./venv/lib/python3.12/site-packages/PyQt6/Qt6/qml/QtQuick3D/designer/images/reflectionProbe.png\n./venv/lib/python3.12/site-packages/PyQt6/Qt6/qml/QtQuick3D/designer/images/reflectionProbe16.png\n./venv/lib/python3.12/site-packages/PyQt6/Qt6/qml/QtQuick3D/designer/images/reflectionProbe@2x.png\n./venv/lib/python3.12/site-packages/PyQt6/Qt6/qml/QtQuick3D/designer/images/repeater3d.png\n./venv/lib/python3.12/site-packages/PyQt6/Qt6/qml/QtQuick3D/designer/images/repeater3d16.png\n./venv/lib/python3.12/site-packages/PyQt6/Qt6/qml/QtQuick3D/designer/images/repeater3d@2x.png\n./venv/lib/python3.12/site-packages/PyQt6/Qt6/qml/QtQuick3D/designer/images/resourceloader.png\n./venv/lib/python3.12/site-packages/PyQt6/Qt6/qml/QtQuick3D/designer/images/resourceloader16.png\n./venv/lib/python3.12/site-packages/PyQt6/Qt6/qml/QtQuick3D/designer/images/resourceloader@2x.png\n./venv/lib/python3.12/site-packages/PyQt6/Qt6/qml/QtQuick3D/designer/images/scene.png\n./venv/lib/python3.12/site-packages/PyQt6/Qt6/qml/QtQuick3D/designer/images/scene16.png\n./venv/lib/python3.12/site-packages/PyQt6/Qt6/qml/QtQuick3D/designer/images/scene@2x.png\n./venv/lib/python3.12/site-packages/PyQt6/Qt6/qml/QtQuick3D/designer/images/shadercommand.png\n./venv/lib/python3.12/site-packages/PyQt6/Qt6/qml/QtQuick3D/designer/images/shadercommand16.png\n./venv/lib/python3.12/site-packages/PyQt6/Qt6/qml/QtQuick3D/designer/images/shadercommand@2x.png\n./venv/lib/python3.12/site-packages/PyQt6/Qt6/qml/QtQuick3D/designer/images/shaderutil.png\n./venv/lib/python3.12/site-packages/PyQt6/Qt6/qml/QtQuick3D/designer/images/shaderutil16.png\n./venv/lib/python3.12/site-packages/PyQt6/Qt6/qml/QtQuick3D/designer/images/shaderutil@2x.png\n./venv/lib/python3.12/site-packages/PyQt6/Qt6/qml/QtQuick3D/designer/images/skeleton.png\n./venv/lib/python3.12/site-packages/PyQt6/Qt6/qml/QtQuick3D/designer/images/skeleton16.png\n./venv/lib/python3.12/site-packages/PyQt6/Qt6/qml/QtQuick3D/designer/images/skeleton@2x.png\n./venv/lib/python3.12/site-packages/PyQt6/Qt6/qml/QtQuick3D/designer/images/skin.png\n./venv/lib/python3.12/site-packages/PyQt6/Qt6/qml/QtQuick3D/designer/images/skin16.png\n./venv/lib/python3.12/site-packages/PyQt6/Qt6/qml/QtQuick3D/designer/images/skin@2x.png\n./venv/lib/python3.12/site-packages/PyQt6/Qt6/qml/QtQuick3D/designer/images/sphere.png\n./venv/lib/python3.12/site-packages/PyQt6/Qt6/qml/QtQuick3D/designer/images/sphere16.png\n./venv/lib/python3.12/site-packages/PyQt6/Qt6/qml/QtQuick3D/designer/images/sphere@2x.png\n./venv/lib/python3.12/site-packages/PyQt6/Qt6/qml/QtQuick3D/designer/images/texture.png\n./venv/lib/python3.12/site-packages/PyQt6/Qt6/qml/QtQuick3D/designer/images/texture16.png\n./venv/lib/python3.12/site-packages/PyQt6/Qt6/qml/QtQuick3D/designer/images/texture@2x.png\n./venv/lib/python3.12/site-packages/PyQt6/Qt6/qml/QtQuick3D/designer/images/view3D.png\n./venv/lib/python3.12/site-packages/PyQt6/Qt6/qml/QtQuick3D/designer/images/view3D16.png\n./venv/lib/python3.12/site-packages/PyQt6/Qt6/qml/QtQuick3D/designer/images/view3D@2x.png\n./venv/lib/python3.12/site-packages/PyQt6/Qt6/qml/QtQuick3D/designer/source/custom_material_default_shader.frag\n./venv/lib/python3.12/site-packages/PyQt6/Qt6/qml/QtQuick3D/designer/source/effect_default_shader.frag\n./venv/lib/python3.12/site-packages/PyQt6/Qt6/qml/QtQuick3D/designer/source/effect_template.qml\n./venv/lib/python3.12/site-packages/PyQt6/Qt6/qml/QtQuick3D/designer/source/view3D_template.qml\n./venv/lib/python3.12/site-packages/PyQt6/Qt6/qml/QtQuick3D/Particles3D/libqtquick3dparticles3dplugin.dylib\n./venv/lib/python3.12/site-packages/PyQt6/Qt6/qml/QtQuick3D/Particles3D/plugins.qmltypes\n./venv/lib/python3.12/site-packages/PyQt6/Qt6/qml/QtQuick3D/Particles3D/qmldir\n./venv/lib/python3.12/site-packages/PyQt6/Qt6/qml/QtQuick3D/Particles3D/designer/Affector3DSection.qml\n./venv/lib/python3.12/site-packages/PyQt6/Qt6/qml/QtQuick3D/Particles3D/designer/Affector3DSpecifics.qml\n./venv/lib/python3.12/site-packages/PyQt6/Qt6/qml/QtQuick3D/Particles3D/designer/Attractor3DSection.qml\n./venv/lib/python3.12/site-packages/PyQt6/Qt6/qml/QtQuick3D/Particles3D/designer/Attractor3DSpecifics.qml\n./venv/lib/python3.12/site-packages/PyQt6/Qt6/qml/QtQuick3D/Particles3D/designer/DynamicBurst3DSection.qml\n./venv/lib/python3.12/site-packages/PyQt6/Qt6/qml/QtQuick3D/Particles3D/designer/DynamicBurst3DSpecifics.qml\n./venv/lib/python3.12/site-packages/PyQt6/Qt6/qml/QtQuick3D/Particles3D/designer/EmitBurst3DSection.qml\n./venv/lib/python3.12/site-packages/PyQt6/Qt6/qml/QtQuick3D/Particles3D/designer/EmitBurst3DSpecifics.qml\n./venv/lib/python3.12/site-packages/PyQt6/Qt6/qml/QtQuick3D/Particles3D/designer/Gravity3DSection.qml\n./venv/lib/python3.12/site-packages/PyQt6/Qt6/qml/QtQuick3D/Particles3D/designer/Gravity3DSpecifics.qml\n./venv/lib/python3.12/site-packages/PyQt6/Qt6/qml/QtQuick3D/Particles3D/designer/LineParticle3DSection.qml\n./venv/lib/python3.12/site-packages/PyQt6/Qt6/qml/QtQuick3D/Particles3D/designer/LineParticle3DSpecifics.qml\n./venv/lib/python3.12/site-packages/PyQt6/Qt6/qml/QtQuick3D/Particles3D/designer/ModelBlendParticle3DSection.qml\n./venv/lib/python3.12/site-packages/PyQt6/Qt6/qml/QtQuick3D/Particles3D/designer/ModelBlendParticle3DSpecifics.qml\n./venv/lib/python3.12/site-packages/PyQt6/Qt6/qml/QtQuick3D/Particles3D/designer/ModelParticle3DSection.qml\n./venv/lib/python3.12/site-packages/PyQt6/Qt6/qml/QtQuick3D/Particles3D/designer/ModelParticle3DSpecifics.qml\n./venv/lib/python3.12/site-packages/PyQt6/Qt6/qml/QtQuick3D/Particles3D/designer/NodeSection.qml\n./venv/lib/python3.12/site-packages/PyQt6/Qt6/qml/QtQuick3D/Particles3D/designer/NodeSpecifics.qml\n./venv/lib/python3.12/site-packages/PyQt6/Qt6/qml/QtQuick3D/Particles3D/designer/Particle3DSection.qml\n./venv/lib/python3.12/site-packages/PyQt6/Qt6/qml/QtQuick3D/Particles3D/designer/Particle3DSpecifics.qml\n./venv/lib/python3.12/site-packages/PyQt6/Qt6/qml/QtQuick3D/Particles3D/designer/ParticleCustomShape3DSection.qml\n./venv/lib/python3.12/site-packages/PyQt6/Qt6/qml/QtQuick3D/Particles3D/designer/ParticleCustomShape3DSpecifics.qml\n./venv/lib/python3.12/site-packages/PyQt6/Qt6/qml/QtQuick3D/Particles3D/designer/ParticleEmitter3DSection.qml\n./venv/lib/python3.12/site-packages/PyQt6/Qt6/qml/QtQuick3D/Particles3D/designer/ParticleEmitter3DSpecifics.qml\n./venv/lib/python3.12/site-packages/PyQt6/Qt6/qml/QtQuick3D/Particles3D/designer/ParticleModelShape3DSection.qml\n./venv/lib/python3.12/site-packages/PyQt6/Qt6/qml/QtQuick3D/Particles3D/designer/ParticleModelShape3DSpecifics.qml\n./venv/lib/python3.12/site-packages/PyQt6/Qt6/qml/QtQuick3D/Particles3D/designer/ParticleShape3DSection.qml\n./venv/lib/python3.12/site-packages/PyQt6/Qt6/qml/QtQuick3D/Particles3D/designer/ParticleShape3DSpecifics.qml\n./venv/lib/python3.12/site-packages/PyQt6/Qt6/qml/QtQuick3D/Particles3D/designer/ParticleSystem3DSection.qml\n./venv/lib/python3.12/site-packages/PyQt6/Qt6/qml/QtQuick3D/Particles3D/designer/ParticleSystem3DSpecifics.qml\n./venv/lib/python3.12/site-packages/PyQt6/Qt6/qml/QtQuick3D/Particles3D/designer/PointRotator3DSection.qml\n./venv/lib/python3.12/site-packages/PyQt6/Qt6/qml/QtQuick3D/Particles3D/designer/PointRotator3DSpecifics.qml\n./venv/lib/python3.12/site-packages/PyQt6/Qt6/qml/QtQuick3D/Particles3D/designer/Repeller3DSection.qml\n./venv/lib/python3.12/site-packages/PyQt6/Qt6/qml/QtQuick3D/Particles3D/designer/Repeller3DSpecifics.qml\n./venv/lib/python3.12/site-packages/PyQt6/Qt6/qml/QtQuick3D/Particles3D/designer/ScaleAffector3DSection.qml\n./venv/lib/python3.12/site-packages/PyQt6/Qt6/qml/QtQuick3D/Particles3D/designer/ScaleAffector3DSpecifics.qml\n./venv/lib/python3.12/site-packages/PyQt6/Qt6/qml/QtQuick3D/Particles3D/designer/SpriteParticle3DSection.qml\n./venv/lib/python3.12/site-packages/PyQt6/Qt6/qml/QtQuick3D/Particles3D/designer/SpriteParticle3DSpecifics.qml\n./venv/lib/python3.12/site-packages/PyQt6/Qt6/qml/QtQuick3D/Particles3D/designer/SpriteSequence3DSection.qml\n./venv/lib/python3.12/site-packages/PyQt6/Qt6/qml/QtQuick3D/Particles3D/designer/SpriteSequence3DSpecifics.qml\n./venv/lib/python3.12/site-packages/PyQt6/Qt6/qml/QtQuick3D/Particles3D/designer/TargetDirection3DSection.qml\n./venv/lib/python3.12/site-packages/PyQt6/Qt6/qml/QtQuick3D/Particles3D/designer/TargetDirection3DSpecifics.qml\n./venv/lib/python3.12/site-packages/PyQt6/Qt6/qml/QtQuick3D/Particles3D/designer/TrailEmitter3DSection.qml\n./venv/lib/python3.12/site-packages/PyQt6/Qt6/qml/QtQuick3D/Particles3D/designer/TrailEmitter3DSpecifics.qml\n./venv/lib/python3.12/site-packages/PyQt6/Qt6/qml/QtQuick3D/Particles3D/designer/VectorDirection3DSection.qml\n./venv/lib/python3.12/site-packages/PyQt6/Qt6/qml/QtQuick3D/Particles3D/designer/VectorDirection3DSpecifics.qml\n./venv/lib/python3.12/site-packages/PyQt6/Qt6/qml/QtQuick3D/Particles3D/designer/Wander3DSection.qml\n./venv/lib/python3.12/site-packages/PyQt6/Qt6/qml/QtQuick3D/Particles3D/designer/Wander3DSpecifics.qml\n./venv/lib/python3.12/site-packages/PyQt6/Qt6/qml/QtQuick3D/Particles3D/designer/particles3d.metainfo\n./venv/lib/python3.12/site-packages/PyQt6/Qt6/qml/QtQuick3D/Particles3D/designer/images/attractor-16px.png\n./venv/lib/python3.12/site-packages/PyQt6/Qt6/qml/QtQuick3D/Particles3D/designer/images/attractor-24px.png\n./venv/lib/python3.12/site-packages/PyQt6/Qt6/qml/QtQuick3D/Particles3D/designer/images/attractor-24px@2x.png\n./venv/lib/python3.12/site-packages/PyQt6/Qt6/qml/QtQuick3D/Particles3D/designer/images/dummy.png\n./venv/lib/python3.12/site-packages/PyQt6/Qt6/qml/QtQuick3D/Particles3D/designer/images/dummy16.png\n./venv/lib/python3.12/site-packages/PyQt6/Qt6/qml/QtQuick3D/Particles3D/designer/images/dummy@2x.png\n./venv/lib/python3.12/site-packages/PyQt6/Qt6/qml/QtQuick3D/Particles3D/designer/images/emit-burst-16px.png\n./venv/lib/python3.12/site-packages/PyQt6/Qt6/qml/QtQuick3D/Particles3D/designer/images/emit-burst-24px.png\n./venv/lib/python3.12/site-packages/PyQt6/Qt6/qml/QtQuick3D/Particles3D/designer/images/emit-burst-24px@2x.png\n./venv/lib/python3.12/site-packages/PyQt6/Qt6/qml/QtQuick3D/Particles3D/designer/images/emitter-16px.png\n./venv/lib/python3.12/site-packages/PyQt6/Qt6/qml/QtQuick3D/Particles3D/designer/images/emitter-24px.png\n./venv/lib/python3.12/site-packages/PyQt6/Qt6/qml/QtQuick3D/Particles3D/designer/images/emitter-24px@2x.png\n./venv/lib/python3.12/site-packages/PyQt6/Qt6/qml/QtQuick3D/Particles3D/designer/images/gravity-16px.png\n./venv/lib/python3.12/site-packages/PyQt6/Qt6/qml/QtQuick3D/Particles3D/designer/images/gravity-24px.png\n./venv/lib/python3.12/site-packages/PyQt6/Qt6/qml/QtQuick3D/Particles3D/designer/images/gravity-24px@2x.png\n./venv/lib/python3.12/site-packages/PyQt6/Qt6/qml/QtQuick3D/Particles3D/designer/images/line-particle-16px.png\n./venv/lib/python3.12/site-packages/PyQt6/Qt6/qml/QtQuick3D/Particles3D/designer/images/line-particle-24px.png\n./venv/lib/python3.12/site-packages/PyQt6/Qt6/qml/QtQuick3D/Particles3D/designer/images/line-particle-24px@2x.png\n./venv/lib/python3.12/site-packages/PyQt6/Qt6/qml/QtQuick3D/Particles3D/designer/images/model-blend-particle-16px.png\n./venv/lib/python3.12/site-packages/PyQt6/Qt6/qml/QtQuick3D/Particles3D/designer/images/model-blend-particle-24px.png\n./venv/lib/python3.12/site-packages/PyQt6/Qt6/qml/QtQuick3D/Particles3D/designer/images/model-blend-particle-24px@2x.png\n./venv/lib/python3.12/site-packages/PyQt6/Qt6/qml/QtQuick3D/Particles3D/designer/images/model-particle-16px.png\n./venv/lib/python3.12/site-packages/PyQt6/Qt6/qml/QtQuick3D/Particles3D/designer/images/model-particle-24px.png\n./venv/lib/python3.12/site-packages/PyQt6/Qt6/qml/QtQuick3D/Particles3D/designer/images/model-particle-24px@2x.png\n./venv/lib/python3.12/site-packages/PyQt6/Qt6/qml/QtQuick3D/Particles3D/designer/images/model-shape-16px.png\n./venv/lib/python3.12/site-packages/PyQt6/Qt6/qml/QtQuick3D/Particles3D/designer/images/model-shape-24px.png\n./venv/lib/python3.12/site-packages/PyQt6/Qt6/qml/QtQuick3D/Particles3D/designer/images/model-shape-24px@2x.png\n./venv/lib/python3.12/site-packages/PyQt6/Qt6/qml/QtQuick3D/Particles3D/designer/images/particle-custom-shape-16px.png\n./venv/lib/python3.12/site-packages/PyQt6/Qt6/qml/QtQuick3D/Particles3D/designer/images/particle-custom-shape-24px.png\n./venv/lib/python3.12/site-packages/PyQt6/Qt6/qml/QtQuick3D/Particles3D/designer/images/particle-custom-shape-24px@2x.png\n./venv/lib/python3.12/site-packages/PyQt6/Qt6/qml/QtQuick3D/Particles3D/designer/images/particle-shape-16px.png\n./venv/lib/python3.12/site-packages/PyQt6/Qt6/qml/QtQuick3D/Particles3D/designer/images/particle-shape-24px.png\n./venv/lib/python3.12/site-packages/PyQt6/Qt6/qml/QtQuick3D/Particles3D/designer/images/particle-shape-24px@2x.png\n./venv/lib/python3.12/site-packages/PyQt6/Qt6/qml/QtQuick3D/Particles3D/designer/images/particle-system-16px.png\n./venv/lib/python3.12/site-packages/PyQt6/Qt6/qml/QtQuick3D/Particles3D/designer/images/particle-system-24px.png\n./venv/lib/python3.12/site-packages/PyQt6/Qt6/qml/QtQuick3D/Particles3D/designer/images/particle-system-24px@2x.png\n./venv/lib/python3.12/site-packages/PyQt6/Qt6/qml/QtQuick3D/Particles3D/designer/images/point-rotator-16px.png\n./venv/lib/python3.12/site-packages/PyQt6/Qt6/qml/QtQuick3D/Particles3D/designer/images/point-rotator-24px.png\n./venv/lib/python3.12/site-packages/PyQt6/Qt6/qml/QtQuick3D/Particles3D/designer/images/point-rotator-24px@2x.png\n./venv/lib/python3.12/site-packages/PyQt6/Qt6/qml/QtQuick3D/Particles3D/designer/images/repeller-16px.png\n./venv/lib/python3.12/site-packages/PyQt6/Qt6/qml/QtQuick3D/Particles3D/designer/images/repeller-24px.png\n./venv/lib/python3.12/site-packages/PyQt6/Qt6/qml/QtQuick3D/Particles3D/designer/images/repeller-24px@2x.png\n./venv/lib/python3.12/site-packages/PyQt6/Qt6/qml/QtQuick3D/Particles3D/designer/images/scale-affector-16px.png\n./venv/lib/python3.12/site-packages/PyQt6/Qt6/qml/QtQuick3D/Particles3D/designer/images/scale-affector-24px.png\n./venv/lib/python3.12/site-packages/PyQt6/Qt6/qml/QtQuick3D/Particles3D/designer/images/scale-affector-24px@2x.png\n./venv/lib/python3.12/site-packages/PyQt6/Qt6/qml/QtQuick3D/Particles3D/designer/images/sprite-particle-16px.png\n./venv/lib/python3.12/site-packages/PyQt6/Qt6/qml/QtQuick3D/Particles3D/designer/images/sprite-particle-24px.png\n./venv/lib/python3.12/site-packages/PyQt6/Qt6/qml/QtQuick3D/Particles3D/designer/images/sprite-particle-24px@2x.png\n./venv/lib/python3.12/site-packages/PyQt6/Qt6/qml/QtQuick3D/Particles3D/designer/images/sprite-sequence-16px.png\n./venv/lib/python3.12/site-packages/PyQt6/Qt6/qml/QtQuick3D/Particles3D/designer/images/sprite-sequence-24px.png\n./venv/lib/python3.12/site-packages/PyQt6/Qt6/qml/QtQuick3D/Particles3D/designer/images/sprite-sequence-24px@2x.png\n./venv/lib/python3.12/site-packages/PyQt6/Qt6/qml/QtQuick3D/Particles3D/designer/images/target-direction-16px.png\n./venv/lib/python3.12/site-packages/PyQt6/Qt6/qml/QtQuick3D/Particles3D/designer/images/target-direction-24px.png\n./venv/lib/python3.12/site-packages/PyQt6/Qt6/qml/QtQuick3D/Particles3D/designer/images/target-direction-24px@2x.png\n./venv/lib/python3.12/site-packages/PyQt6/Qt6/qml/QtQuick3D/Particles3D/designer/images/trail-emitter-16px.png\n./venv/lib/python3.12/site-packages/PyQt6/Qt6/qml/QtQuick3D/Particles3D/designer/images/trail-emitter-24px.png\n./venv/lib/python3.12/site-packages/PyQt6/Qt6/qml/QtQuick3D/Particles3D/designer/images/trail-emitter-24px@2x.png\n./venv/lib/python3.12/site-packages/PyQt6/Qt6/qml/QtQuick3D/Particles3D/designer/images/vector-direction-16px.png\n./venv/lib/python3.12/site-packages/PyQt6/Qt6/qml/QtQuick3D/Particles3D/designer/images/vector-direction-24px.png\n./venv/lib/python3.12/site-packages/PyQt6/Qt6/qml/QtQuick3D/Particles3D/designer/images/vector-direction-24px@2x.png\n./venv/lib/python3.12/site-packages/PyQt6/Qt6/qml/QtQuick3D/Particles3D/designer/images/wander-16px.png\n./venv/lib/python3.12/site-packages/PyQt6/Qt6/qml/QtQuick3D/Particles3D/designer/images/wander-24px.png\n./venv/lib/python3.12/site-packages/PyQt6/Qt6/qml/QtQuick3D/Particles3D/designer/images/wander-24px@2x.png\n./venv/lib/python3.12/site-packages/PyQt6/Qt6/qml/QtQuick3D/Particles3D/designer/source/particlesystem_animatedsprite_template.qml\n./venv/lib/python3.12/site-packages/PyQt6/Qt6/qml/QtQuick3D/Particles3D/designer/source/particlesystem_attractor_template.qml\n./venv/lib/python3.12/site-packages/PyQt6/Qt6/qml/QtQuick3D/Particles3D/designer/source/particlesystem_burst_template.qml\n./venv/lib/python3.12/site-packages/PyQt6/Qt6/qml/QtQuick3D/Particles3D/designer/source/particlesystem_modelblend_template.qml\n./venv/lib/python3.12/site-packages/PyQt6/Qt6/qml/QtQuick3D/Particles3D/designer/source/particlesystem_modelshape_template.qml\n./venv/lib/python3.12/site-packages/PyQt6/Qt6/qml/QtQuick3D/Particles3D/designer/source/particlesystem_particletrail_template.qml\n./venv/lib/python3.12/site-packages/PyQt6/Qt6/qml/QtQuick3D/Particles3D/designer/source/particlesystem_sprite_template.qml\n./venv/lib/python3.12/site-packages/PyQt6/Qt6/qml/QtQuick3D/Particles3D/designer/source/particlesystem_template.qml\n./venv/lib/python3.12/site-packages/PyQt6/Qt6/qml/QtQuick3D/Particles3D/designer/source/particlesystem_wander_template.qml\n./venv/lib/python3.12/site-packages/PyQt6/Qt6/qml/QtQuick3D/Physics/libqquick3dphysicsplugin.dylib\n./venv/lib/python3.12/site-packages/PyQt6/Qt6/qml/QtQuick3D/Physics/plugins.qmltypes\n./venv/lib/python3.12/site-packages/PyQt6/Qt6/qml/QtQuick3D/Physics/qmldir\n./venv/lib/python3.12/site-packages/PyQt6/Qt6/qml/QtQuick3D/Physics/designer/BoxShapeSection.qml\n./venv/lib/python3.12/site-packages/PyQt6/Qt6/qml/QtQuick3D/Physics/designer/BoxShapeSpecifics.qml\n./venv/lib/python3.12/site-packages/PyQt6/Qt6/qml/QtQuick3D/Physics/designer/CapsuleShapeSection.qml\n./venv/lib/python3.12/site-packages/PyQt6/Qt6/qml/QtQuick3D/Physics/designer/CapsuleShapeSpecifics.qml\n./venv/lib/python3.12/site-packages/PyQt6/Qt6/qml/QtQuick3D/Physics/designer/CharacterControllerSection.qml\n./venv/lib/python3.12/site-packages/PyQt6/Qt6/qml/QtQuick3D/Physics/designer/CharacterControllerSpecifics.qml\n./venv/lib/python3.12/site-packages/PyQt6/Qt6/qml/QtQuick3D/Physics/designer/CollisionShapeSection.qml\n./venv/lib/python3.12/site-packages/PyQt6/Qt6/qml/QtQuick3D/Physics/designer/ConvexMeshShapeSection.qml\n./venv/lib/python3.12/site-packages/PyQt6/Qt6/qml/QtQuick3D/Physics/designer/ConvexMeshShapeSpecifics.qml\n./venv/lib/python3.12/site-packages/PyQt6/Qt6/qml/QtQuick3D/Physics/designer/DynamicRigidBodySection.qml\n./venv/lib/python3.12/site-packages/PyQt6/Qt6/qml/QtQuick3D/Physics/designer/DynamicRigidBodySpecifics.qml\n./venv/lib/python3.12/site-packages/PyQt6/Qt6/qml/QtQuick3D/Physics/designer/HeightFieldShapeSection.qml\n./venv/lib/python3.12/site-packages/PyQt6/Qt6/qml/QtQuick3D/Physics/designer/HeightFieldShapeSpecifics.qml\n./venv/lib/python3.12/site-packages/PyQt6/Qt6/qml/QtQuick3D/Physics/designer/NodeSection.qml\n./venv/lib/python3.12/site-packages/PyQt6/Qt6/qml/QtQuick3D/Physics/designer/PhysicsBodySection.qml\n./venv/lib/python3.12/site-packages/PyQt6/Qt6/qml/QtQuick3D/Physics/designer/PhysicsMaterialSection.qml\n./venv/lib/python3.12/site-packages/PyQt6/Qt6/qml/QtQuick3D/Physics/designer/PhysicsMaterialSpecifics.qml\n./venv/lib/python3.12/site-packages/PyQt6/Qt6/qml/QtQuick3D/Physics/designer/PhysicsNodeSection.qml\n./venv/lib/python3.12/site-packages/PyQt6/Qt6/qml/QtQuick3D/Physics/designer/PhysicsWorldSection.qml\n./venv/lib/python3.12/site-packages/PyQt6/Qt6/qml/QtQuick3D/Physics/designer/PhysicsWorldSpecifics.qml\n./venv/lib/python3.12/site-packages/PyQt6/Qt6/qml/QtQuick3D/Physics/designer/PlaneShapeSpecifics.qml\n./venv/lib/python3.12/site-packages/PyQt6/Qt6/qml/QtQuick3D/Physics/designer/SphereShapeSection.qml\n./venv/lib/python3.12/site-packages/PyQt6/Qt6/qml/QtQuick3D/Physics/designer/SphereShapeSpecifics.qml\n./venv/lib/python3.12/site-packages/PyQt6/Qt6/qml/QtQuick3D/Physics/designer/StaticRigidBodySpecifics.qml\n./venv/lib/python3.12/site-packages/PyQt6/Qt6/qml/QtQuick3D/Physics/designer/TriangleMeshShapeSection.qml\n./venv/lib/python3.12/site-packages/PyQt6/Qt6/qml/QtQuick3D/Physics/designer/TriangleMeshShapeSpecifics.qml\n./venv/lib/python3.12/site-packages/PyQt6/Qt6/qml/QtQuick3D/Physics/designer/TriggerBodySpecifics.qml\n./venv/lib/python3.12/site-packages/PyQt6/Qt6/qml/QtQuick3D/Physics/designer/physics.metainfo\n./venv/lib/python3.12/site-packages/PyQt6/Qt6/qml/QtQuick3D/Physics/designer/images/boxshape.png\n./venv/lib/python3.12/site-packages/PyQt6/Qt6/qml/QtQuick3D/Physics/designer/images/boxshape16.png\n./venv/lib/python3.12/site-packages/PyQt6/Qt6/qml/QtQuick3D/Physics/designer/images/boxshape@2x.png\n./venv/lib/python3.12/site-packages/PyQt6/Qt6/qml/QtQuick3D/Physics/designer/images/capsuleshape.png\n./venv/lib/python3.12/site-packages/PyQt6/Qt6/qml/QtQuick3D/Physics/designer/images/capsuleshape16.png\n./venv/lib/python3.12/site-packages/PyQt6/Qt6/qml/QtQuick3D/Physics/designer/images/capsuleshape@2x.png\n./venv/lib/python3.12/site-packages/PyQt6/Qt6/qml/QtQuick3D/Physics/designer/images/charactercontroller.png\n./venv/lib/python3.12/site-packages/PyQt6/Qt6/qml/QtQuick3D/Physics/designer/images/charactercontroller16.png\n./venv/lib/python3.12/site-packages/PyQt6/Qt6/qml/QtQuick3D/Physics/designer/images/charactercontroller@2x.png\n./venv/lib/python3.12/site-packages/PyQt6/Qt6/qml/QtQuick3D/Physics/designer/images/convexmeshshape.png\n./venv/lib/python3.12/site-packages/PyQt6/Qt6/qml/QtQuick3D/Physics/designer/images/convexmeshshape16.png\n./venv/lib/python3.12/site-packages/PyQt6/Qt6/qml/QtQuick3D/Physics/designer/images/convexmeshshape@2x.png\n./venv/lib/python3.12/site-packages/PyQt6/Qt6/qml/QtQuick3D/Physics/designer/images/dynamicrigidbody.png\n./venv/lib/python3.12/site-packages/PyQt6/Qt6/qml/QtQuick3D/Physics/designer/images/dynamicrigidbody16.png\n./venv/lib/python3.12/site-packages/PyQt6/Qt6/qml/QtQuick3D/Physics/designer/images/dynamicrigidbody@2x.png\n./venv/lib/python3.12/site-packages/PyQt6/Qt6/qml/QtQuick3D/Physics/designer/images/heightfieldshape.png\n./venv/lib/python3.12/site-packages/PyQt6/Qt6/qml/QtQuick3D/Physics/designer/images/heightfieldshape16.png\n./venv/lib/python3.12/site-packages/PyQt6/Qt6/qml/QtQuick3D/Physics/designer/images/heightfieldshape@2x.png\n./venv/lib/python3.12/site-packages/PyQt6/Qt6/qml/QtQuick3D/Physics/designer/images/physicsmaterial.png\n./venv/lib/python3.12/site-packages/PyQt6/Qt6/qml/QtQuick3D/Physics/designer/images/physicsmaterial16.png\n./venv/lib/python3.12/site-packages/PyQt6/Qt6/qml/QtQuick3D/Physics/designer/images/physicsmaterial@2x.png\n./venv/lib/python3.12/site-packages/PyQt6/Qt6/qml/QtQuick3D/Physics/designer/images/physicsworld.png\n./venv/lib/python3.12/site-packages/PyQt6/Qt6/qml/QtQuick3D/Physics/designer/images/physicsworld16.png\n./venv/lib/python3.12/site-packages/PyQt6/Qt6/qml/QtQuick3D/Physics/designer/images/physicsworld@2x.png\n./venv/lib/python3.12/site-packages/PyQt6/Qt6/qml/QtQuick3D/Physics/designer/images/planeshape.png\n./venv/lib/python3.12/site-packages/PyQt6/Qt6/qml/QtQuick3D/Physics/designer/images/planeshape16.png\n./venv/lib/python3.12/site-packages/PyQt6/Qt6/qml/QtQuick3D/Physics/designer/images/planeshape@2x.png\n./venv/lib/python3.12/site-packages/PyQt6/Qt6/qml/QtQuick3D/Physics/designer/images/sphereshape.png\n./venv/lib/python3.12/site-packages/PyQt6/Qt6/qml/QtQuick3D/Physics/designer/images/sphereshape16.png\n./venv/lib/python3.12/site-packages/PyQt6/Qt6/qml/QtQuick3D/Physics/designer/images/sphereshape@2x.png\n./venv/lib/python3.12/site-packages/PyQt6/Qt6/qml/QtQuick3D/Physics/designer/images/staticrigidbody.png\n./venv/lib/python3.12/site-packages/PyQt6/Qt6/qml/QtQuick3D/Physics/designer/images/staticrigidbody16.png\n./venv/lib/python3.12/site-packages/PyQt6/Qt6/qml/QtQuick3D/Physics/designer/images/staticrigidbody@2x.png\n./venv/lib/python3.12/site-packages/PyQt6/Qt6/qml/QtQuick3D/Physics/designer/images/trianglemeshshape.png\n./venv/lib/python3.12/site-packages/PyQt6/Qt6/qml/QtQuick3D/Physics/designer/images/trianglemeshshape16.png\n./venv/lib/python3.12/site-packages/PyQt6/Qt6/qml/QtQuick3D/Physics/designer/images/trianglemeshshape@2x.png\n./venv/lib/python3.12/site-packages/PyQt6/Qt6/qml/QtQuick3D/Physics/designer/images/triggerbody.png\n./venv/lib/python3.12/site-packages/PyQt6/Qt6/qml/QtQuick3D/Physics/designer/images/triggerbody16.png\n./venv/lib/python3.12/site-packages/PyQt6/Qt6/qml/QtQuick3D/Physics/designer/images/triggerbody@2x.png\n./venv/lib/python3.12/site-packages/PyQt6/Qt6/qml/QtQuick3D/Physics/Helpers/libqtquick3dphysicshelpersplugin.dylib\n./venv/lib/python3.12/site-packages/PyQt6/Qt6/qml/QtQuick3D/Physics/Helpers/plugins.qmltypes\n./venv/lib/python3.12/site-packages/PyQt6/Qt6/qml/QtQuick3D/Physics/Helpers/qmldir\n./venv/lib/python3.12/site-packages/PyQt6/Qt6/qml/QtQuick3D/Effects/AdditiveColorGradient.qml\n./venv/lib/python3.12/site-packages/PyQt6/Qt6/qml/QtQuick3D/Effects/Blur.qml\n./venv/lib/python3.12/site-packages/PyQt6/Qt6/qml/QtQuick3D/Effects/BrushStrokes.qml\n./venv/lib/python3.12/site-packages/PyQt6/Qt6/qml/QtQuick3D/Effects/ChromaticAberration.qml\n./venv/lib/python3.12/site-packages/PyQt6/Qt6/qml/QtQuick3D/Effects/ColorMaster.qml\n./venv/lib/python3.12/site-packages/PyQt6/Qt6/qml/QtQuick3D/Effects/DepthOfFieldHQBlur.qml\n./venv/lib/python3.12/site-packages/PyQt6/Qt6/qml/QtQuick3D/Effects/Desaturate.qml\n./venv/lib/python3.12/site-packages/PyQt6/Qt6/qml/QtQuick3D/Effects/DistortionRipple.qml\n./venv/lib/python3.12/site-packages/PyQt6/Qt6/qml/QtQuick3D/Effects/DistortionSphere.qml\n./venv/lib/python3.12/site-packages/PyQt6/Qt6/qml/QtQuick3D/Effects/DistortionSpiral.qml\n./venv/lib/python3.12/site-packages/PyQt6/Qt6/qml/QtQuick3D/Effects/EdgeDetect.qml\n./venv/lib/python3.12/site-packages/PyQt6/Qt6/qml/QtQuick3D/Effects/Emboss.qml\n./venv/lib/python3.12/site-packages/PyQt6/Qt6/qml/QtQuick3D/Effects/Flip.qml\n./venv/lib/python3.12/site-packages/PyQt6/Qt6/qml/QtQuick3D/Effects/Fxaa.qml\n./venv/lib/python3.12/site-packages/PyQt6/Qt6/qml/QtQuick3D/Effects/GaussianBlur.qml\n./venv/lib/python3.12/site-packages/PyQt6/Qt6/qml/QtQuick3D/Effects/HDRBloomTonemap.qml\n./venv/lib/python3.12/site-packages/PyQt6/Qt6/qml/QtQuick3D/Effects/MotionBlur.qml\n./venv/lib/python3.12/site-packages/PyQt6/Qt6/qml/QtQuick3D/Effects/Quick3DEffects.qmltypes\n./venv/lib/python3.12/site-packages/PyQt6/Qt6/qml/QtQuick3D/Effects/SCurveTonemap.qml\n./venv/lib/python3.12/site-packages/PyQt6/Qt6/qml/QtQuick3D/Effects/Scatter.qml\n./venv/lib/python3.12/site-packages/PyQt6/Qt6/qml/QtQuick3D/Effects/TiltShift.qml\n./venv/lib/python3.12/site-packages/PyQt6/Qt6/qml/QtQuick3D/Effects/Vignette.qml\n./venv/lib/python3.12/site-packages/PyQt6/Qt6/qml/QtQuick3D/Effects/libqtquick3deffectplugin.dylib\n./venv/lib/python3.12/site-packages/PyQt6/Qt6/qml/QtQuick3D/Effects/qmldir\n./venv/lib/python3.12/site-packages/PyQt6/Qt6/qml/QtQuick3D/Effects/designer/AdditiveColorGradientSection.qml\n./venv/lib/python3.12/site-packages/PyQt6/Qt6/qml/QtQuick3D/Effects/designer/AdditiveColorGradientSpecifics.qml\n./venv/lib/python3.12/site-packages/PyQt6/Qt6/qml/QtQuick3D/Effects/designer/BlurSection.qml\n./venv/lib/python3.12/site-packages/PyQt6/Qt6/qml/QtQuick3D/Effects/designer/BlurSpecifics.qml\n./venv/lib/python3.12/site-packages/PyQt6/Qt6/qml/QtQuick3D/Effects/designer/BrushStrokesSection.qml\n./venv/lib/python3.12/site-packages/PyQt6/Qt6/qml/QtQuick3D/Effects/designer/BrushStrokesSpecifics.qml\n./venv/lib/python3.12/site-packages/PyQt6/Qt6/qml/QtQuick3D/Effects/designer/ChromaticAberrationSection.qml\n./venv/lib/python3.12/site-packages/PyQt6/Qt6/qml/QtQuick3D/Effects/designer/ChromaticAberrationSpecifics.qml\n./venv/lib/python3.12/site-packages/PyQt6/Qt6/qml/QtQuick3D/Effects/designer/ColorMasterSection.qml\n./venv/lib/python3.12/site-packages/PyQt6/Qt6/qml/QtQuick3D/Effects/designer/ColorMasterSpecifics.qml\n./venv/lib/python3.12/site-packages/PyQt6/Qt6/qml/QtQuick3D/Effects/designer/DepthOfFieldHQBlurSection.qml\n./venv/lib/python3.12/site-packages/PyQt6/Qt6/qml/QtQuick3D/Effects/designer/DepthOfFieldHQBlurSpecifics.qml\n./venv/lib/python3.12/site-packages/PyQt6/Qt6/qml/QtQuick3D/Effects/designer/DesaturateSection.qml\n./venv/lib/python3.12/site-packages/PyQt6/Qt6/qml/QtQuick3D/Effects/designer/DesaturateSpecifics.qml\n./venv/lib/python3.12/site-packages/PyQt6/Qt6/qml/QtQuick3D/Effects/designer/DistortionRippleSection.qml\n./venv/lib/python3.12/site-packages/PyQt6/Qt6/qml/QtQuick3D/Effects/designer/DistortionRippleSpecifics.qml\n./venv/lib/python3.12/site-packages/PyQt6/Qt6/qml/QtQuick3D/Effects/designer/DistortionSphereSection.qml\n./venv/lib/python3.12/site-packages/PyQt6/Qt6/qml/QtQuick3D/Effects/designer/DistortionSphereSpecifics.qml\n./venv/lib/python3.12/site-packages/PyQt6/Qt6/qml/QtQuick3D/Effects/designer/DistortionSpiralSection.qml\n./venv/lib/python3.12/site-packages/PyQt6/Qt6/qml/QtQuick3D/Effects/designer/DistortionSpiralSpecifics.qml\n./venv/lib/python3.12/site-packages/PyQt6/Qt6/qml/QtQuick3D/Effects/designer/EdgeDetectSection.qml\n./venv/lib/python3.12/site-packages/PyQt6/Qt6/qml/QtQuick3D/Effects/designer/EdgeDetectSpecifics.qml\n./venv/lib/python3.12/site-packages/PyQt6/Qt6/qml/QtQuick3D/Effects/designer/EmbossSection.qml\n./venv/lib/python3.12/site-packages/PyQt6/Qt6/qml/QtQuick3D/Effects/designer/EmbossSpecifics.qml\n./venv/lib/python3.12/site-packages/PyQt6/Qt6/qml/QtQuick3D/Effects/designer/FlipSection.qml\n./venv/lib/python3.12/site-packages/PyQt6/Qt6/qml/QtQuick3D/Effects/designer/FlipSpecifics.qml\n./venv/lib/python3.12/site-packages/PyQt6/Qt6/qml/QtQuick3D/Effects/designer/FxaaSection.qml\n./venv/lib/python3.12/site-packages/PyQt6/Qt6/qml/QtQuick3D/Effects/designer/FxaaSpecifics.qml\n./venv/lib/python3.12/site-packages/PyQt6/Qt6/qml/QtQuick3D/Effects/designer/GaussianBlurSection.qml\n./venv/lib/python3.12/site-packages/PyQt6/Qt6/qml/QtQuick3D/Effects/designer/GaussianBlurSpecifics.qml\n./venv/lib/python3.12/site-packages/PyQt6/Qt6/qml/QtQuick3D/Effects/designer/HDRBloomTonemapSection.qml\n./venv/lib/python3.12/site-packages/PyQt6/Qt6/qml/QtQuick3D/Effects/designer/HDRBloomTonemapSpecifics.qml\n./venv/lib/python3.12/site-packages/PyQt6/Qt6/qml/QtQuick3D/Effects/designer/MotionBlurSection.qml\n./venv/lib/python3.12/site-packages/PyQt6/Qt6/qml/QtQuick3D/Effects/designer/MotionBlurSpecifics.qml\n./venv/lib/python3.12/site-packages/PyQt6/Qt6/qml/QtQuick3D/Effects/designer/SCurveTonemapSection.qml\n./venv/lib/python3.12/site-packages/PyQt6/Qt6/qml/QtQuick3D/Effects/designer/SCurveTonemapSpecifics.qml\n./venv/lib/python3.12/site-packages/PyQt6/Qt6/qml/QtQuick3D/Effects/designer/ScatterSection.qml\n./venv/lib/python3.12/site-packages/PyQt6/Qt6/qml/QtQuick3D/Effects/designer/ScatterSpecifics.qml\n./venv/lib/python3.12/site-packages/PyQt6/Qt6/qml/QtQuick3D/Effects/designer/TiltShiftSection.qml\n./venv/lib/python3.12/site-packages/PyQt6/Qt6/qml/QtQuick3D/Effects/designer/TiltShiftSpecifics.qml\n./venv/lib/python3.12/site-packages/PyQt6/Qt6/qml/QtQuick3D/Effects/designer/VignetteSection.qml\n./venv/lib/python3.12/site-packages/PyQt6/Qt6/qml/QtQuick3D/Effects/designer/VignetteSpecifics.qml\n./venv/lib/python3.12/site-packages/PyQt6/Qt6/qml/QtQuick3D/Effects/designer/effectlib.metainfo\n./venv/lib/python3.12/site-packages/PyQt6/Qt6/qml/QtQuick3D/Effects/designer/images/effect.png\n./venv/lib/python3.12/site-packages/PyQt6/Qt6/qml/QtQuick3D/Effects/designer/images/effect16.png\n./venv/lib/python3.12/site-packages/PyQt6/Qt6/qml/QtQuick3D/Effects/designer/images/effect@2x.png\n./venv/lib/python3.12/site-packages/PyQt6/Qt6/qml/QtQuick3D/Helpers/AxisHelper.qml\n./venv/lib/python3.12/site-packages/PyQt6/Qt6/qml/QtQuick3D/Helpers/DebugView.qml\n./venv/lib/python3.12/site-packages/PyQt6/Qt6/qml/QtQuick3D/Helpers/ExtendedSceneEnvironment.qml\n./venv/lib/python3.12/site-packages/PyQt6/Qt6/qml/QtQuick3D/Helpers/LodManager.qml\n./venv/lib/python3.12/site-packages/PyQt6/Qt6/qml/QtQuick3D/Helpers/OrbitCameraController.qml\n./venv/lib/python3.12/site-packages/PyQt6/Qt6/qml/QtQuick3D/Helpers/WasdController.qml\n./venv/lib/python3.12/site-packages/PyQt6/Qt6/qml/QtQuick3D/Helpers/libqtquick3dhelpersplugin.dylib\n./venv/lib/python3.12/site-packages/PyQt6/Qt6/qml/QtQuick3D/Helpers/plugins.qmltypes\n./venv/lib/python3.12/site-packages/PyQt6/Qt6/qml/QtQuick3D/Helpers/qmldir\n./venv/lib/python3.12/site-packages/PyQt6/Qt6/qml/QtQuick3D/Helpers/impl/DepthOfFieldBlur.qml\n./venv/lib/python3.12/site-packages/PyQt6/Qt6/qml/QtQuick3D/Helpers/impl/SceneEffect.qml\n./venv/lib/python3.12/site-packages/PyQt6/Qt6/qml/QtQuick3D/Helpers/impl/libqtquick3dhelpersimplplugin.dylib\n./venv/lib/python3.12/site-packages/PyQt6/Qt6/qml/QtQuick3D/Helpers/impl/plugins.qmltypes\n./venv/lib/python3.12/site-packages/PyQt6/Qt6/qml/QtQuick3D/Helpers/impl/qmldir\n./venv/lib/python3.12/site-packages/PyQt6/Qt6/qml/QtQuick3D/Helpers/meshes/axisGrid.mesh\n./venv/lib/python3.12/site-packages/PyQt6/Qt6/qml/QtQuick3D/Helpers/designer/AxisHelperSection.qml\n./venv/lib/python3.12/site-packages/PyQt6/Qt6/qml/QtQuick3D/Helpers/designer/AxisHelperSpecifics.qml\n./venv/lib/python3.12/site-packages/PyQt6/Qt6/qml/QtQuick3D/Helpers/designer/DebugViewSection.qml\n./venv/lib/python3.12/site-packages/PyQt6/Qt6/qml/QtQuick3D/Helpers/designer/DebugViewSpecifics.qml\n./venv/lib/python3.12/site-packages/PyQt6/Qt6/qml/QtQuick3D/Helpers/designer/ExtendedSceneEnvironmentSection.qml\n./venv/lib/python3.12/site-packages/PyQt6/Qt6/qml/QtQuick3D/Helpers/designer/ExtendedSceneEnvironmentSpecifics.qml\n./venv/lib/python3.12/site-packages/PyQt6/Qt6/qml/QtQuick3D/Helpers/designer/GridGeometrySection.qml\n./venv/lib/python3.12/site-packages/PyQt6/Qt6/qml/QtQuick3D/Helpers/designer/GridGeometrySpecifics.qml\n./venv/lib/python3.12/site-packages/PyQt6/Qt6/qml/QtQuick3D/Helpers/designer/HeightFieldGeometrySection.qml\n./venv/lib/python3.12/site-packages/PyQt6/Qt6/qml/QtQuick3D/Helpers/designer/HeightFieldGeometrySpecifics.qml\n./venv/lib/python3.12/site-packages/PyQt6/Qt6/qml/QtQuick3D/Helpers/designer/InfiniteGridSection.qml\n./venv/lib/python3.12/site-packages/PyQt6/Qt6/qml/QtQuick3D/Helpers/designer/InfiniteGridSpecifics.qml\n./venv/lib/python3.12/site-packages/PyQt6/Qt6/qml/QtQuick3D/Helpers/designer/InstanceModelSection.qml\n./venv/lib/python3.12/site-packages/PyQt6/Qt6/qml/QtQuick3D/Helpers/designer/InstanceModelSpecifics.qml\n./venv/lib/python3.12/site-packages/PyQt6/Qt6/qml/QtQuick3D/Helpers/designer/InstanceRepeaterSection.qml\n./venv/lib/python3.12/site-packages/PyQt6/Qt6/qml/QtQuick3D/Helpers/designer/InstanceRepeaterSpecifics.qml\n./venv/lib/python3.12/site-packages/PyQt6/Qt6/qml/QtQuick3D/Helpers/designer/LodManagerSection.qml\n./venv/lib/python3.12/site-packages/PyQt6/Qt6/qml/QtQuick3D/Helpers/designer/LodManagerSpecifics.qml\n./venv/lib/python3.12/site-packages/PyQt6/Qt6/qml/QtQuick3D/Helpers/designer/LookAtNodeSection.qml\n./venv/lib/python3.12/site-packages/PyQt6/Qt6/qml/QtQuick3D/Helpers/designer/LookAtNodeSpecifics.qml\n./venv/lib/python3.12/site-packages/PyQt6/Qt6/qml/QtQuick3D/Helpers/designer/NodeSection.qml\n./venv/lib/python3.12/site-packages/PyQt6/Qt6/qml/QtQuick3D/Helpers/designer/OrbitCameraControllerSection.qml\n./venv/lib/python3.12/site-packages/PyQt6/Qt6/qml/QtQuick3D/Helpers/designer/OrbitCameraControllerSpecifics.qml\n./venv/lib/python3.12/site-packages/PyQt6/Qt6/qml/QtQuick3D/Helpers/designer/ProceduralSkyTextureDataSection.qml\n./venv/lib/python3.12/site-packages/PyQt6/Qt6/qml/QtQuick3D/Helpers/designer/ProceduralSkyTextureDataSpecifics.qml\n./venv/lib/python3.12/site-packages/PyQt6/Qt6/qml/QtQuick3D/Helpers/designer/Repeater3DSection.qml\n./venv/lib/python3.12/site-packages/PyQt6/Qt6/qml/QtQuick3D/Helpers/designer/WasdControllerSection.qml\n./venv/lib/python3.12/site-packages/PyQt6/Qt6/qml/QtQuick3D/Helpers/designer/WasdControllerSpecifics.qml\n./venv/lib/python3.12/site-packages/PyQt6/Qt6/qml/QtQuick3D/Helpers/designer/helpers.metainfo\n./venv/lib/python3.12/site-packages/PyQt6/Qt6/qml/QtQuick3D/Helpers/designer/images/axishelper.png\n./venv/lib/python3.12/site-packages/PyQt6/Qt6/qml/QtQuick3D/Helpers/designer/images/axishelper16.png\n./venv/lib/python3.12/site-packages/PyQt6/Qt6/qml/QtQuick3D/Helpers/designer/images/axishelper@2x.png\n./venv/lib/python3.12/site-packages/PyQt6/Qt6/qml/QtQuick3D/Helpers/designer/images/debugview.png\n./venv/lib/python3.12/site-packages/PyQt6/Qt6/qml/QtQuick3D/Helpers/designer/images/debugview16.png\n./venv/lib/python3.12/site-packages/PyQt6/Qt6/qml/QtQuick3D/Helpers/designer/images/debugview@2x.png\n./venv/lib/python3.12/site-packages/PyQt6/Qt6/qml/QtQuick3D/Helpers/designer/images/dummy.png\n./venv/lib/python3.12/site-packages/PyQt6/Qt6/qml/QtQuick3D/Helpers/designer/images/dummy16.png\n./venv/lib/python3.12/site-packages/PyQt6/Qt6/qml/QtQuick3D/Helpers/designer/images/dummy@2x.png\n./venv/lib/python3.12/site-packages/PyQt6/Qt6/qml/QtQuick3D/Helpers/designer/images/extendedsceneenvironment.png\n./venv/lib/python3.12/site-packages/PyQt6/Qt6/qml/QtQuick3D/Helpers/designer/images/extendedsceneenvironment16.png\n./venv/lib/python3.12/site-packages/PyQt6/Qt6/qml/QtQuick3D/Helpers/designer/images/extendedsceneenvironment@2x.png\n./venv/lib/python3.12/site-packages/PyQt6/Qt6/qml/QtQuick3D/Helpers/designer/images/gridgeometry.png\n./venv/lib/python3.12/site-packages/PyQt6/Qt6/qml/QtQuick3D/Helpers/designer/images/gridgeometry16.png\n./venv/lib/python3.12/site-packages/PyQt6/Qt6/qml/QtQuick3D/Helpers/designer/images/gridgeometry@2x.png\n./venv/lib/python3.12/site-packages/PyQt6/Qt6/qml/QtQuick3D/Helpers/designer/images/heightfieldgeometry.png\n./venv/lib/python3.12/site-packages/PyQt6/Qt6/qml/QtQuick3D/Helpers/designer/images/heightfieldgeometry16.png\n./venv/lib/python3.12/site-packages/PyQt6/Qt6/qml/QtQuick3D/Helpers/designer/images/heightfieldgeometry@2x.png\n./venv/lib/python3.12/site-packages/PyQt6/Qt6/qml/QtQuick3D/Helpers/designer/images/infinitegrid.png\n./venv/lib/python3.12/site-packages/PyQt6/Qt6/qml/QtQuick3D/Helpers/designer/images/infinitegrid16.png\n./venv/lib/python3.12/site-packages/PyQt6/Qt6/qml/QtQuick3D/Helpers/designer/images/infinitegrid@2x.png\n./venv/lib/python3.12/site-packages/PyQt6/Qt6/qml/QtQuick3D/Helpers/designer/images/instancemodel.png\n./venv/lib/python3.12/site-packages/PyQt6/Qt6/qml/QtQuick3D/Helpers/designer/images/instancemodel16.png\n./venv/lib/python3.12/site-packages/PyQt6/Qt6/qml/QtQuick3D/Helpers/designer/images/instancemodel@2x.png\n./venv/lib/python3.12/site-packages/PyQt6/Qt6/qml/QtQuick3D/Helpers/designer/images/instancerepeater.png\n./venv/lib/python3.12/site-packages/PyQt6/Qt6/qml/QtQuick3D/Helpers/designer/images/instancerepeater16.png\n./venv/lib/python3.12/site-packages/PyQt6/Qt6/qml/QtQuick3D/Helpers/designer/images/instancerepeater@2x.png\n./venv/lib/python3.12/site-packages/PyQt6/Qt6/qml/QtQuick3D/Helpers/designer/images/lodmanager.png\n./venv/lib/python3.12/site-packages/PyQt6/Qt6/qml/QtQuick3D/Helpers/designer/images/lodmanager16.png\n./venv/lib/python3.12/site-packages/PyQt6/Qt6/qml/QtQuick3D/Helpers/designer/images/lodmanager@2x.png\n./venv/lib/python3.12/site-packages/PyQt6/Qt6/qml/QtQuick3D/Helpers/designer/images/lookatnode.png\n./venv/lib/python3.12/site-packages/PyQt6/Qt6/qml/QtQuick3D/Helpers/designer/images/lookatnode16.png\n./venv/lib/python3.12/site-packages/PyQt6/Qt6/qml/QtQuick3D/Helpers/designer/images/lookatnode@2x.png\n./venv/lib/python3.12/site-packages/PyQt6/Qt6/qml/QtQuick3D/Helpers/designer/images/orbitcameracontroller.png\n./venv/lib/python3.12/site-packages/PyQt6/Qt6/qml/QtQuick3D/Helpers/designer/images/orbitcameracontroller16.png\n./venv/lib/python3.12/site-packages/PyQt6/Qt6/qml/QtQuick3D/Helpers/designer/images/orbitcameracontroller@2x.png\n./venv/lib/python3.12/site-packages/PyQt6/Qt6/qml/QtQuick3D/Helpers/designer/images/proceduralskytexturedata.png\n./venv/lib/python3.12/site-packages/PyQt6/Qt6/qml/QtQuick3D/Helpers/designer/images/proceduralskytexturedata16.png\n./venv/lib/python3.12/site-packages/PyQt6/Qt6/qml/QtQuick3D/Helpers/designer/images/proceduralskytexturedata@2x.png\n./venv/lib/python3.12/site-packages/PyQt6/Qt6/qml/QtQuick3D/Helpers/designer/images/wasdcontroller.png\n./venv/lib/python3.12/site-packages/PyQt6/Qt6/qml/QtQuick3D/Helpers/designer/images/wasdcontroller16.png\n./venv/lib/python3.12/site-packages/PyQt6/Qt6/qml/QtQuick3D/Helpers/designer/images/wasdcontroller@2x.png\n./venv/lib/python3.12/site-packages/PyQt6/Qt6/qml/QtRemoteObjects/libdeclarative_remoteobjectsplugin.dylib\n./venv/lib/python3.12/site-packages/PyQt6/Qt6/qml/QtRemoteObjects/plugins.qmltypes\n./venv/lib/python3.12/site-packages/PyQt6/Qt6/qml/QtRemoteObjects/qmldir\n./venv/lib/python3.12/site-packages/PyQt6/Qt6/qml/QtSensors/libsensorsquickplugin.dylib\n./venv/lib/python3.12/site-packages/PyQt6/Qt6/qml/QtSensors/plugins.qmltypes\n./venv/lib/python3.12/site-packages/PyQt6/Qt6/qml/QtSensors/qmldir\n./venv/lib/python3.12/site-packages/PyQt6/Qt6/qml/QtQuick/libqtquick2plugin.dylib\n./venv/lib/python3.12/site-packages/PyQt6/Qt6/qml/QtQuick/plugins.qmltypes\n./venv/lib/python3.12/site-packages/PyQt6/Qt6/qml/QtQuick/qmldir\n./venv/lib/python3.12/site-packages/PyQt6/Qt6/qml/QtQuick/tooling/Component.qml\n./venv/lib/python3.12/site-packages/PyQt6/Qt6/qml/QtQuick/tooling/Enum.qml\n./venv/lib/python3.12/site-packages/PyQt6/Qt6/qml/QtQuick/tooling/Member.qml\n./venv/lib/python3.12/site-packages/PyQt6/Qt6/qml/QtQuick/tooling/Method.qml\n./venv/lib/python3.12/site-packages/PyQt6/Qt6/qml/QtQuick/tooling/Module.qml\n./venv/lib/python3.12/site-packages/PyQt6/Qt6/qml/QtQuick/tooling/Parameter.qml\n./venv/lib/python3.12/site-packages/PyQt6/Qt6/qml/QtQuick/tooling/Property.qml\n./venv/lib/python3.12/site-packages/PyQt6/Qt6/qml/QtQuick/tooling/Signal.qml\n./venv/lib/python3.12/site-packages/PyQt6/Qt6/qml/QtQuick/tooling/libquicktoolingplugin.dylib\n./venv/lib/python3.12/site-packages/PyQt6/Qt6/qml/QtQuick/tooling/qmldir\n./venv/lib/python3.12/site-packages/PyQt6/Qt6/qml/QtQuick/tooling/quicktooling.qmltypes\n./venv/lib/python3.12/site-packages/PyQt6/Qt6/qml/QtQuick/Scene2D/libqtquickscene2dplugin.dylib\n./venv/lib/python3.12/site-packages/PyQt6/Qt6/qml/QtQuick/Scene2D/plugins.qmltypes\n./venv/lib/python3.12/site-packages/PyQt6/Qt6/qml/QtQuick/Scene2D/qmldir\n./venv/lib/python3.12/site-packages/PyQt6/Qt6/qml/QtQuick/Pdf/PdfLinkDelegate.qml\n./venv/lib/python3.12/site-packages/PyQt6/Qt6/qml/QtQuick/Pdf/PdfMultiPageView.qml\n./venv/lib/python3.12/site-packages/PyQt6/Qt6/qml/QtQuick/Pdf/PdfPageView.qml\n./venv/lib/python3.12/site-packages/PyQt6/Qt6/qml/QtQuick/Pdf/PdfScrollablePageView.qml\n./venv/lib/python3.12/site-packages/PyQt6/Qt6/qml/QtQuick/Pdf/PdfStyle.qml\n./venv/lib/python3.12/site-packages/PyQt6/Qt6/qml/QtQuick/Pdf/libpdfquickplugin.dylib\n./venv/lib/python3.12/site-packages/PyQt6/Qt6/qml/QtQuick/Pdf/plugins.qmltypes\n./venv/lib/python3.12/site-packages/PyQt6/Qt6/qml/QtQuick/Pdf/qmldir\n./venv/lib/python3.12/site-packages/PyQt6/Qt6/qml/QtQuick/Pdf/+Universal/PdfStyle.qml\n./venv/lib/python3.12/site-packages/PyQt6/Qt6/qml/QtQuick/Pdf/+Material/PdfStyle.qml\n./venv/lib/python3.12/site-packages/PyQt6/Qt6/qml/QtQuick/Shapes/libqmlshapesplugin.dylib\n./venv/lib/python3.12/site-packages/PyQt6/Qt6/qml/QtQuick/Shapes/plugins.qmltypes\n./venv/lib/python3.12/site-packages/PyQt6/Qt6/qml/QtQuick/Shapes/qmldir\n./venv/lib/python3.12/site-packages/PyQt6/Qt6/qml/QtQuick/Shapes/DesignHelpers/libqtquickshapesdesignhelpersplugin.dylib\n./venv/lib/python3.12/site-packages/PyQt6/Qt6/qml/QtQuick/Shapes/DesignHelpers/plugins.qmltypes\n./venv/lib/python3.12/site-packages/PyQt6/Qt6/qml/QtQuick/Shapes/DesignHelpers/qmldir\n./venv/lib/python3.12/site-packages/PyQt6/Qt6/qml/QtQuick/Particles/libparticlesplugin.dylib\n./venv/lib/python3.12/site-packages/PyQt6/Qt6/qml/QtQuick/Particles/plugins.qmltypes\n./venv/lib/python3.12/site-packages/PyQt6/Qt6/qml/QtQuick/Particles/qmldir\n./venv/lib/python3.12/site-packages/PyQt6/Qt6/qml/QtQuick/VectorImage/libqquickvectorimageplugin.dylib\n./venv/lib/python3.12/site-packages/PyQt6/Qt6/qml/QtQuick/VectorImage/plugins.qmltypes\n./venv/lib/python3.12/site-packages/PyQt6/Qt6/qml/QtQuick/VectorImage/qmldir\n./venv/lib/python3.12/site-packages/PyQt6/Qt6/qml/QtQuick/VectorImage/Helpers/libqquickvectorimagehelpersplugin.dylib\n./venv/lib/python3.12/site-packages/PyQt6/Qt6/qml/QtQuick/VectorImage/Helpers/plugins.qmltypes\n./venv/lib/python3.12/site-packages/PyQt6/Qt6/qml/QtQuick/VectorImage/Helpers/qmldir\n./venv/lib/python3.12/site-packages/PyQt6/Qt6/qml/QtQuick/Controls/libqtquickcontrols2plugin.dylib\n./venv/lib/python3.12/site-packages/PyQt6/Qt6/qml/QtQuick/Controls/plugins.qmltypes\n./venv/lib/python3.12/site-packages/PyQt6/Qt6/qml/QtQuick/Controls/qmldir\n./venv/lib/python3.12/site-packages/PyQt6/Qt6/qml/QtQuick/Controls/Fusion/ApplicationWindow.qml\n./venv/lib/python3.12/site-packages/PyQt6/Qt6/qml/QtQuick/Controls/Fusion/BusyIndicator.qml\n./venv/lib/python3.12/site-packages/PyQt6/Qt6/qml/QtQuick/Controls/Fusion/Button.qml\n./venv/lib/python3.12/site-packages/PyQt6/Qt6/qml/QtQuick/Controls/Fusion/CheckBox.qml\n./venv/lib/python3.12/site-packages/PyQt6/Qt6/qml/QtQuick/Controls/Fusion/CheckDelegate.qml\n./venv/lib/python3.12/site-packages/PyQt6/Qt6/qml/QtQuick/Controls/Fusion/ComboBox.qml\n./venv/lib/python3.12/site-packages/PyQt6/Qt6/qml/QtQuick/Controls/Fusion/DelayButton.qml\n./venv/lib/python3.12/site-packages/PyQt6/Qt6/qml/QtQuick/Controls/Fusion/Dial.qml\n./venv/lib/python3.12/site-packages/PyQt6/Qt6/qml/QtQuick/Controls/Fusion/Dialog.qml\n./venv/lib/python3.12/site-packages/PyQt6/Qt6/qml/QtQuick/Controls/Fusion/DialogButtonBox.qml\n./venv/lib/python3.12/site-packages/PyQt6/Qt6/qml/QtQuick/Controls/Fusion/Drawer.qml\n./venv/lib/python3.12/site-packages/PyQt6/Qt6/qml/QtQuick/Controls/Fusion/Frame.qml\n./venv/lib/python3.12/site-packages/PyQt6/Qt6/qml/QtQuick/Controls/Fusion/GroupBox.qml\n./venv/lib/python3.12/site-packages/PyQt6/Qt6/qml/QtQuick/Controls/Fusion/HorizontalHeaderView.qml\n./venv/lib/python3.12/site-packages/PyQt6/Qt6/qml/QtQuick/Controls/Fusion/HorizontalHeaderViewDelegate.qml\n./venv/lib/python3.12/site-packages/PyQt6/Qt6/qml/QtQuick/Controls/Fusion/ItemDelegate.qml\n./venv/lib/python3.12/site-packages/PyQt6/Qt6/qml/QtQuick/Controls/Fusion/Label.qml\n./venv/lib/python3.12/site-packages/PyQt6/Qt6/qml/QtQuick/Controls/Fusion/Menu.qml\n./venv/lib/python3.12/site-packages/PyQt6/Qt6/qml/QtQuick/Controls/Fusion/MenuBar.qml\n./venv/lib/python3.12/site-packages/PyQt6/Qt6/qml/QtQuick/Controls/Fusion/MenuBarItem.qml\n./venv/lib/python3.12/site-packages/PyQt6/Qt6/qml/QtQuick/Controls/Fusion/MenuItem.qml\n./venv/lib/python3.12/site-packages/PyQt6/Qt6/qml/QtQuick/Controls/Fusion/MenuSeparator.qml\n./venv/lib/python3.12/site-packages/PyQt6/Qt6/qml/QtQuick/Controls/Fusion/Page.qml\n./venv/lib/python3.12/site-packages/PyQt6/Qt6/qml/QtQuick/Controls/Fusion/PageIndicator.qml\n./venv/lib/python3.12/site-packages/PyQt6/Qt6/qml/QtQuick/Controls/Fusion/Pane.qml\n./venv/lib/python3.12/site-packages/PyQt6/Qt6/qml/QtQuick/Controls/Fusion/Popup.qml\n./venv/lib/python3.12/site-packages/PyQt6/Qt6/qml/QtQuick/Controls/Fusion/ProgressBar.qml\n./venv/lib/python3.12/site-packages/PyQt6/Qt6/qml/QtQuick/Controls/Fusion/RadioButton.qml\n./venv/lib/python3.12/site-packages/PyQt6/Qt6/qml/QtQuick/Controls/Fusion/RadioDelegate.qml\n./venv/lib/python3.12/site-packages/PyQt6/Qt6/qml/QtQuick/Controls/Fusion/RangeSlider.qml\n./venv/lib/python3.12/site-packages/PyQt6/Qt6/qml/QtQuick/Controls/Fusion/RoundButton.qml\n./venv/lib/python3.12/site-packages/PyQt6/Qt6/qml/QtQuick/Controls/Fusion/ScrollBar.qml\n./venv/lib/python3.12/site-packages/PyQt6/Qt6/qml/QtQuick/Controls/Fusion/ScrollIndicator.qml\n./venv/lib/python3.12/site-packages/PyQt6/Qt6/qml/QtQuick/Controls/Fusion/ScrollView.qml\n./venv/lib/python3.12/site-packages/PyQt6/Qt6/qml/QtQuick/Controls/Fusion/SearchField.qml\n./venv/lib/python3.12/site-packages/PyQt6/Qt6/qml/QtQuick/Controls/Fusion/SelectionRectangle.qml\n./venv/lib/python3.12/site-packages/PyQt6/Qt6/qml/QtQuick/Controls/Fusion/Slider.qml\n./venv/lib/python3.12/site-packages/PyQt6/Qt6/qml/QtQuick/Controls/Fusion/SpinBox.qml\n./venv/lib/python3.12/site-packages/PyQt6/Qt6/qml/QtQuick/Controls/Fusion/SplitView.qml\n./venv/lib/python3.12/site-packages/PyQt6/Qt6/qml/QtQuick/Controls/Fusion/SwipeDelegate.qml\n./venv/lib/python3.12/site-packages/PyQt6/Qt6/qml/QtQuick/Controls/Fusion/Switch.qml\n./venv/lib/python3.12/site-packages/PyQt6/Qt6/qml/QtQuick/Controls/Fusion/SwitchDelegate.qml\n./venv/lib/python3.12/site-packages/PyQt6/Qt6/qml/QtQuick/Controls/Fusion/TabBar.qml\n./venv/lib/python3.12/site-packages/PyQt6/Qt6/qml/QtQuick/Controls/Fusion/TabButton.qml\n./venv/lib/python3.12/site-packages/PyQt6/Qt6/qml/QtQuick/Controls/Fusion/TextArea.qml\n./venv/lib/python3.12/site-packages/PyQt6/Qt6/qml/QtQuick/Controls/Fusion/TextField.qml\n./venv/lib/python3.12/site-packages/PyQt6/Qt6/qml/QtQuick/Controls/Fusion/ToolBar.qml\n./venv/lib/python3.12/site-packages/PyQt6/Qt6/qml/QtQuick/Controls/Fusion/ToolButton.qml\n./venv/lib/python3.12/site-packages/PyQt6/Qt6/qml/QtQuick/Controls/Fusion/ToolSeparator.qml\n./venv/lib/python3.12/site-packages/PyQt6/Qt6/qml/QtQuick/Controls/Fusion/ToolTip.qml\n./venv/lib/python3.12/site-packages/PyQt6/Qt6/qml/QtQuick/Controls/Fusion/TreeViewDelegate.qml\n./venv/lib/python3.12/site-packages/PyQt6/Qt6/qml/QtQuick/Controls/Fusion/Tumbler.qml\n./venv/lib/python3.12/site-packages/PyQt6/Qt6/qml/QtQuick/Controls/Fusion/VerticalHeaderView.qml\n./venv/lib/python3.12/site-packages/PyQt6/Qt6/qml/QtQuick/Controls/Fusion/VerticalHeaderViewDelegate.qml\n./venv/lib/python3.12/site-packages/PyQt6/Qt6/qml/QtQuick/Controls/Fusion/libqtquickcontrols2fusionstyleplugin.dylib\n./venv/lib/python3.12/site-packages/PyQt6/Qt6/qml/QtQuick/Controls/Fusion/plugins.qmltypes\n./venv/lib/python3.12/site-packages/PyQt6/Qt6/qml/QtQuick/Controls/Fusion/qmldir\n./venv/lib/python3.12/site-packages/PyQt6/Qt6/qml/QtQuick/Controls/Fusion/impl/ButtonPanel.qml\n./venv/lib/python3.12/site-packages/PyQt6/Qt6/qml/QtQuick/Controls/Fusion/impl/CheckIndicator.qml\n./venv/lib/python3.12/site-packages/PyQt6/Qt6/qml/QtQuick/Controls/Fusion/impl/RadioIndicator.qml\n./venv/lib/python3.12/site-packages/PyQt6/Qt6/qml/QtQuick/Controls/Fusion/impl/SliderGroove.qml\n./venv/lib/python3.12/site-packages/PyQt6/Qt6/qml/QtQuick/Controls/Fusion/impl/SliderHandle.qml\n./venv/lib/python3.12/site-packages/PyQt6/Qt6/qml/QtQuick/Controls/Fusion/impl/SwitchIndicator.qml\n./venv/lib/python3.12/site-packages/PyQt6/Qt6/qml/QtQuick/Controls/Fusion/impl/TextFieldBackground.qml\n./venv/lib/python3.12/site-packages/PyQt6/Qt6/qml/QtQuick/Controls/Fusion/impl/libqtquickcontrols2fusionstyleimplplugin.dylib\n./venv/lib/python3.12/site-packages/PyQt6/Qt6/qml/QtQuick/Controls/Fusion/impl/plugins.qmltypes\n./venv/lib/python3.12/site-packages/PyQt6/Qt6/qml/QtQuick/Controls/Fusion/impl/qmldir\n./venv/lib/python3.12/site-packages/PyQt6/Qt6/qml/QtQuick/Controls/impl/libqtquickcontrols2implplugin.dylib\n./venv/lib/python3.12/site-packages/PyQt6/Qt6/qml/QtQuick/Controls/impl/plugins.qmltypes\n./venv/lib/python3.12/site-packages/PyQt6/Qt6/qml/QtQuick/Controls/impl/qmldir\n./venv/lib/python3.12/site-packages/PyQt6/Qt6/qml/QtQuick/Controls/FluentWinUI3/ApplicationWindow.qml\n./venv/lib/python3.12/site-packages/PyQt6/Qt6/qml/QtQuick/Controls/FluentWinUI3/BusyIndicator.qml\n./venv/lib/python3.12/site-packages/PyQt6/Qt6/qml/QtQuick/Controls/FluentWinUI3/Button.qml\n./venv/lib/python3.12/site-packages/PyQt6/Qt6/qml/QtQuick/Controls/FluentWinUI3/CheckBox.qml\n./venv/lib/python3.12/site-packages/PyQt6/Qt6/qml/QtQuick/Controls/FluentWinUI3/CheckDelegate.qml\n./venv/lib/python3.12/site-packages/PyQt6/Qt6/qml/QtQuick/Controls/FluentWinUI3/ComboBox.qml\n./venv/lib/python3.12/site-packages/PyQt6/Qt6/qml/QtQuick/Controls/FluentWinUI3/Config.qml\n./venv/lib/python3.12/site-packages/PyQt6/Qt6/qml/QtQuick/Controls/FluentWinUI3/DelayButton.qml\n./venv/lib/python3.12/site-packages/PyQt6/Qt6/qml/QtQuick/Controls/FluentWinUI3/Dialog.qml\n./venv/lib/python3.12/site-packages/PyQt6/Qt6/qml/QtQuick/Controls/FluentWinUI3/DialogButtonBox.qml\n./venv/lib/python3.12/site-packages/PyQt6/Qt6/qml/QtQuick/Controls/FluentWinUI3/FocusFrame.qml\n./venv/lib/python3.12/site-packages/PyQt6/Qt6/qml/QtQuick/Controls/FluentWinUI3/Frame.qml\n./venv/lib/python3.12/site-packages/PyQt6/Qt6/qml/QtQuick/Controls/FluentWinUI3/GroupBox.qml\n./venv/lib/python3.12/site-packages/PyQt6/Qt6/qml/QtQuick/Controls/FluentWinUI3/ItemDelegate.qml\n./venv/lib/python3.12/site-packages/PyQt6/Qt6/qml/QtQuick/Controls/FluentWinUI3/Menu.qml\n./venv/lib/python3.12/site-packages/PyQt6/Qt6/qml/QtQuick/Controls/FluentWinUI3/MenuBar.qml\n./venv/lib/python3.12/site-packages/PyQt6/Qt6/qml/QtQuick/Controls/FluentWinUI3/MenuBarItem.qml\n./venv/lib/python3.12/site-packages/PyQt6/Qt6/qml/QtQuick/Controls/FluentWinUI3/MenuItem.qml\n./venv/lib/python3.12/site-packages/PyQt6/Qt6/qml/QtQuick/Controls/FluentWinUI3/MenuSeparator.qml\n./venv/lib/python3.12/site-packages/PyQt6/Qt6/qml/QtQuick/Controls/FluentWinUI3/PageIndicator.qml\n./venv/lib/python3.12/site-packages/PyQt6/Qt6/qml/QtQuick/Controls/FluentWinUI3/Popup.qml\n./venv/lib/python3.12/site-packages/PyQt6/Qt6/qml/QtQuick/Controls/FluentWinUI3/ProgressBar.qml\n./venv/lib/python3.12/site-packages/PyQt6/Qt6/qml/QtQuick/Controls/FluentWinUI3/RadioButton.qml\n./venv/lib/python3.12/site-packages/PyQt6/Qt6/qml/QtQuick/Controls/FluentWinUI3/RadioDelegate.qml\n./venv/lib/python3.12/site-packages/PyQt6/Qt6/qml/QtQuick/Controls/FluentWinUI3/RangeSlider.qml\n./venv/lib/python3.12/site-packages/PyQt6/Qt6/qml/QtQuick/Controls/FluentWinUI3/RoundButton.qml\n./venv/lib/python3.12/site-packages/PyQt6/Qt6/qml/QtQuick/Controls/FluentWinUI3/SearchField.qml\n./venv/lib/python3.12/site-packages/PyQt6/Qt6/qml/QtQuick/Controls/FluentWinUI3/Slider.qml\n./venv/lib/python3.12/site-packages/PyQt6/Qt6/qml/QtQuick/Controls/FluentWinUI3/SpinBox.qml\n./venv/lib/python3.12/site-packages/PyQt6/Qt6/qml/QtQuick/Controls/FluentWinUI3/StyleImage.qml\n./venv/lib/python3.12/site-packages/PyQt6/Qt6/qml/QtQuick/Controls/FluentWinUI3/SwipeDelegate.qml\n./venv/lib/python3.12/site-packages/PyQt6/Qt6/qml/QtQuick/Controls/FluentWinUI3/Switch.qml\n./venv/lib/python3.12/site-packages/PyQt6/Qt6/qml/QtQuick/Controls/FluentWinUI3/SwitchDelegate.qml\n./venv/lib/python3.12/site-packages/PyQt6/Qt6/qml/QtQuick/Controls/FluentWinUI3/TabBar.qml\n./venv/lib/python3.12/site-packages/PyQt6/Qt6/qml/QtQuick/Controls/FluentWinUI3/TabButton.qml\n./venv/lib/python3.12/site-packages/PyQt6/Qt6/qml/QtQuick/Controls/FluentWinUI3/TextArea.qml\n./venv/lib/python3.12/site-packages/PyQt6/Qt6/qml/QtQuick/Controls/FluentWinUI3/TextField.qml\n./venv/lib/python3.12/site-packages/PyQt6/Qt6/qml/QtQuick/Controls/FluentWinUI3/ToolBar.qml\n./venv/lib/python3.12/site-packages/PyQt6/Qt6/qml/QtQuick/Controls/FluentWinUI3/ToolButton.qml\n./venv/lib/python3.12/site-packages/PyQt6/Qt6/qml/QtQuick/Controls/FluentWinUI3/ToolSeparator.qml\n./venv/lib/python3.12/site-packages/PyQt6/Qt6/qml/QtQuick/Controls/FluentWinUI3/ToolTip.qml\n./venv/lib/python3.12/site-packages/PyQt6/Qt6/qml/QtQuick/Controls/FluentWinUI3/libqtquickcontrols2fluentwinui3styleplugin.dylib\n./venv/lib/python3.12/site-packages/PyQt6/Qt6/qml/QtQuick/Controls/FluentWinUI3/plugins.qmltypes\n./venv/lib/python3.12/site-packages/PyQt6/Qt6/qml/QtQuick/Controls/FluentWinUI3/qmldir\n./venv/lib/python3.12/site-packages/PyQt6/Qt6/qml/QtQuick/Controls/FluentWinUI3/impl/ButtonBackground.qml\n./venv/lib/python3.12/site-packages/PyQt6/Qt6/qml/QtQuick/Controls/FluentWinUI3/impl/CheckIndicator.qml\n./venv/lib/python3.12/site-packages/PyQt6/Qt6/qml/QtQuick/Controls/FluentWinUI3/impl/FocusFrame.qml\n./venv/lib/python3.12/site-packages/PyQt6/Qt6/qml/QtQuick/Controls/FluentWinUI3/impl/RadioIndicator.qml\n./venv/lib/python3.12/site-packages/PyQt6/Qt6/qml/QtQuick/Controls/FluentWinUI3/impl/StyleImage.qml\n./venv/lib/python3.12/site-packages/PyQt6/Qt6/qml/QtQuick/Controls/FluentWinUI3/impl/SwitchIndicator.qml\n./venv/lib/python3.12/site-packages/PyQt6/Qt6/qml/QtQuick/Controls/FluentWinUI3/impl/libqtquickcontrols2fluentwinui3styleimplplugin.dylib\n./venv/lib/python3.12/site-packages/PyQt6/Qt6/qml/QtQuick/Controls/FluentWinUI3/impl/plugins.qmltypes\n./venv/lib/python3.12/site-packages/PyQt6/Qt6/qml/QtQuick/Controls/FluentWinUI3/impl/qmldir\n./venv/lib/python3.12/site-packages/PyQt6/Qt6/qml/QtQuick/Controls/FluentWinUI3/icons/checkmark.png\n./venv/lib/python3.12/site-packages/PyQt6/Qt6/qml/QtQuick/Controls/FluentWinUI3/icons/checkmark@2x.png\n./venv/lib/python3.12/site-packages/PyQt6/Qt6/qml/QtQuick/Controls/FluentWinUI3/icons/checkmark@3x.png\n./venv/lib/python3.12/site-packages/PyQt6/Qt6/qml/QtQuick/Controls/FluentWinUI3/icons/close_big.png\n./venv/lib/python3.12/site-packages/PyQt6/Qt6/qml/QtQuick/Controls/FluentWinUI3/icons/close_big@2x.png\n./venv/lib/python3.12/site-packages/PyQt6/Qt6/qml/QtQuick/Controls/FluentWinUI3/icons/close_big@3x.png\n./venv/lib/python3.12/site-packages/PyQt6/Qt6/qml/QtQuick/Controls/FluentWinUI3/icons/menuarrow.png\n./venv/lib/python3.12/site-packages/PyQt6/Qt6/qml/QtQuick/Controls/FluentWinUI3/icons/menuarrow@2x.png\n./venv/lib/python3.12/site-packages/PyQt6/Qt6/qml/QtQuick/Controls/FluentWinUI3/icons/menuarrow@3x.png\n./venv/lib/python3.12/site-packages/PyQt6/Qt6/qml/QtQuick/Controls/FluentWinUI3/icons/search-magnifier.png\n./venv/lib/python3.12/site-packages/PyQt6/Qt6/qml/QtQuick/Controls/FluentWinUI3/icons/search-magnifier@2x.png\n./venv/lib/python3.12/site-packages/PyQt6/Qt6/qml/QtQuick/Controls/FluentWinUI3/icons/search-magnifier@3x.png\n./venv/lib/python3.12/site-packages/PyQt6/Qt6/qml/QtQuick/Controls/FluentWinUI3/light/images/checkbox-indicator-checked-disabled.png\n./venv/lib/python3.12/site-packages/PyQt6/Qt6/qml/QtQuick/Controls/FluentWinUI3/light/images/checkbox-indicator-checked-disabled@2x.png\n./venv/lib/python3.12/site-packages/PyQt6/Qt6/qml/QtQuick/Controls/FluentWinUI3/light/images/checkbox-indicator-checked-disabled@3x.png\n./venv/lib/python3.12/site-packages/PyQt6/Qt6/qml/QtQuick/Controls/FluentWinUI3/light/images/checkbox-indicator-checked-hovered.png\n./venv/lib/python3.12/site-packages/PyQt6/Qt6/qml/QtQuick/Controls/FluentWinUI3/light/images/checkbox-indicator-checked-hovered@2x.png\n./venv/lib/python3.12/site-packages/PyQt6/Qt6/qml/QtQuick/Controls/FluentWinUI3/light/images/checkbox-indicator-checked-hovered@3x.png\n./venv/lib/python3.12/site-packages/PyQt6/Qt6/qml/QtQuick/Controls/FluentWinUI3/light/images/checkbox-indicator-checked-pressed.png\n./venv/lib/python3.12/site-packages/PyQt6/Qt6/qml/QtQuick/Controls/FluentWinUI3/light/images/checkbox-indicator-checked-pressed@2x.png\n./venv/lib/python3.12/site-packages/PyQt6/Qt6/qml/QtQuick/Controls/FluentWinUI3/light/images/checkbox-indicator-checked-pressed@3x.png\n./venv/lib/python3.12/site-packages/PyQt6/Qt6/qml/QtQuick/Controls/FluentWinUI3/light/images/checkbox-indicator-checked.png\n./venv/lib/python3.12/site-packages/PyQt6/Qt6/qml/QtQuick/Controls/FluentWinUI3/light/images/checkbox-indicator-checked@2x.png\n./venv/lib/python3.12/site-packages/PyQt6/Qt6/qml/QtQuick/Controls/FluentWinUI3/light/images/checkbox-indicator-checked@3x.png\n./venv/lib/python3.12/site-packages/PyQt6/Qt6/qml/QtQuick/Controls/FluentWinUI3/light/images/checkbox-indicator-disabled-partiallyChecked.png\n./venv/lib/python3.12/site-packages/PyQt6/Qt6/qml/QtQuick/Controls/FluentWinUI3/light/images/checkbox-indicator-disabled-partiallyChecked@2x.png\n./venv/lib/python3.12/site-packages/PyQt6/Qt6/qml/QtQuick/Controls/FluentWinUI3/light/images/checkbox-indicator-disabled-partiallyChecked@3x.png\n./venv/lib/python3.12/site-packages/PyQt6/Qt6/qml/QtQuick/Controls/FluentWinUI3/light/images/checkbox-indicator-disabled.png\n./venv/lib/python3.12/site-packages/PyQt6/Qt6/qml/QtQuick/Controls/FluentWinUI3/light/images/checkbox-indicator-disabled@2x.png\n./venv/lib/python3.12/site-packages/PyQt6/Qt6/qml/QtQuick/Controls/FluentWinUI3/light/images/checkbox-indicator-disabled@3x.png\n./venv/lib/python3.12/site-packages/PyQt6/Qt6/qml/QtQuick/Controls/FluentWinUI3/light/images/checkbox-indicator-hovered-partiallyChecked.png\n./venv/lib/python3.12/site-packages/PyQt6/Qt6/qml/QtQuick/Controls/FluentWinUI3/light/images/checkbox-indicator-hovered-partiallyChecked@2x.png\n./venv/lib/python3.12/site-packages/PyQt6/Qt6/qml/QtQuick/Controls/FluentWinUI3/light/images/checkbox-indicator-hovered-partiallyChecked@3x.png\n./venv/lib/python3.12/site-packages/PyQt6/Qt6/qml/QtQuick/Controls/FluentWinUI3/light/images/checkbox-indicator-hovered.png\n./venv/lib/python3.12/site-packages/PyQt6/Qt6/qml/QtQuick/Controls/FluentWinUI3/light/images/checkbox-indicator-hovered@2x.png\n./venv/lib/python3.12/site-packages/PyQt6/Qt6/qml/QtQuick/Controls/FluentWinUI3/light/images/checkbox-indicator-hovered@3x.png\n./venv/lib/python3.12/site-packages/PyQt6/Qt6/qml/QtQuick/Controls/FluentWinUI3/light/images/checkbox-indicator-partiallyChecked-pressed.png\n./venv/lib/python3.12/site-packages/PyQt6/Qt6/qml/QtQuick/Controls/FluentWinUI3/light/images/checkbox-indicator-partiallyChecked-pressed@2x.png\n./venv/lib/python3.12/site-packages/PyQt6/Qt6/qml/QtQuick/Controls/FluentWinUI3/light/images/checkbox-indicator-partiallyChecked-pressed@3x.png\n./venv/lib/python3.12/site-packages/PyQt6/Qt6/qml/QtQuick/Controls/FluentWinUI3/light/images/checkbox-indicator-partiallyChecked.png\n./venv/lib/python3.12/site-packages/PyQt6/Qt6/qml/QtQuick/Controls/FluentWinUI3/light/images/checkbox-indicator-partiallyChecked@2x.png\n./venv/lib/python3.12/site-packages/PyQt6/Qt6/qml/QtQuick/Controls/FluentWinUI3/light/images/checkbox-indicator-partiallyChecked@3x.png\n./venv/lib/python3.12/site-packages/PyQt6/Qt6/qml/QtQuick/Controls/FluentWinUI3/light/images/checkbox-indicator-pressed.png\n./venv/lib/python3.12/site-packages/PyQt6/Qt6/qml/QtQuick/Controls/FluentWinUI3/light/images/checkbox-indicator-pressed@2x.png\n./venv/lib/python3.12/site-packages/PyQt6/Qt6/qml/QtQuick/Controls/FluentWinUI3/light/images/checkbox-indicator-pressed@3x.png\n./venv/lib/python3.12/site-packages/PyQt6/Qt6/qml/QtQuick/Controls/FluentWinUI3/light/images/checkbox-indicator.png\n./venv/lib/python3.12/site-packages/PyQt6/Qt6/qml/QtQuick/Controls/FluentWinUI3/light/images/checkbox-indicator@2x.png\n./venv/lib/python3.12/site-packages/PyQt6/Qt6/qml/QtQuick/Controls/FluentWinUI3/light/images/checkbox-indicator@3x.png\n./venv/lib/python3.12/site-packages/PyQt6/Qt6/qml/QtQuick/Controls/FluentWinUI3/light/images/combobox-background-disabled.png\n./venv/lib/python3.12/site-packages/PyQt6/Qt6/qml/QtQuick/Controls/FluentWinUI3/light/images/combobox-background-disabled@2x.png\n./venv/lib/python3.12/site-packages/PyQt6/Qt6/qml/QtQuick/Controls/FluentWinUI3/light/images/combobox-background-disabled@3x.png\n./venv/lib/python3.12/site-packages/PyQt6/Qt6/qml/QtQuick/Controls/FluentWinUI3/light/images/combobox-background-focused.png\n./venv/lib/python3.12/site-packages/PyQt6/Qt6/qml/QtQuick/Controls/FluentWinUI3/light/images/combobox-background-focused@2x.png\n./venv/lib/python3.12/site-packages/PyQt6/Qt6/qml/QtQuick/Controls/FluentWinUI3/light/images/combobox-background-focused@3x.png\n./venv/lib/python3.12/site-packages/PyQt6/Qt6/qml/QtQuick/Controls/FluentWinUI3/light/images/combobox-background-hovered-open.png\n./venv/lib/python3.12/site-packages/PyQt6/Qt6/qml/QtQuick/Controls/FluentWinUI3/light/images/combobox-background-hovered-open@2x.png\n./venv/lib/python3.12/site-packages/PyQt6/Qt6/qml/QtQuick/Controls/FluentWinUI3/light/images/combobox-background-hovered-open@3x.png\n./venv/lib/python3.12/site-packages/PyQt6/Qt6/qml/QtQuick/Controls/FluentWinUI3/light/images/combobox-background-hovered.png\n./venv/lib/python3.12/site-packages/PyQt6/Qt6/qml/QtQuick/Controls/FluentWinUI3/light/images/combobox-background-hovered@2x.png\n./venv/lib/python3.12/site-packages/PyQt6/Qt6/qml/QtQuick/Controls/FluentWinUI3/light/images/combobox-background-hovered@3x.png\n./venv/lib/python3.12/site-packages/PyQt6/Qt6/qml/QtQuick/Controls/FluentWinUI3/light/images/combobox-background-open-pressed.png\n./venv/lib/python3.12/site-packages/PyQt6/Qt6/qml/QtQuick/Controls/FluentWinUI3/light/images/combobox-background-open-pressed@2x.png\n./venv/lib/python3.12/site-packages/PyQt6/Qt6/qml/QtQuick/Controls/FluentWinUI3/light/images/combobox-background-open-pressed@3x.png\n./venv/lib/python3.12/site-packages/PyQt6/Qt6/qml/QtQuick/Controls/FluentWinUI3/light/images/combobox-background-open.png\n./venv/lib/python3.12/site-packages/PyQt6/Qt6/qml/QtQuick/Controls/FluentWinUI3/light/images/combobox-background-open@2x.png\n./venv/lib/python3.12/site-packages/PyQt6/Qt6/qml/QtQuick/Controls/FluentWinUI3/light/images/combobox-background-open@3x.png\n./venv/lib/python3.12/site-packages/PyQt6/Qt6/qml/QtQuick/Controls/FluentWinUI3/light/images/combobox-background-pressed.png\n./venv/lib/python3.12/site-packages/PyQt6/Qt6/qml/QtQuick/Controls/FluentWinUI3/light/images/combobox-background-pressed@2x.png\n./venv/lib/python3.12/site-packages/PyQt6/Qt6/qml/QtQuick/Controls/FluentWinUI3/light/images/combobox-background-pressed@3x.png\n./venv/lib/python3.12/site-packages/PyQt6/Qt6/qml/QtQuick/Controls/FluentWinUI3/light/images/combobox-background.png\n./venv/lib/python3.12/site-packages/PyQt6/Qt6/qml/QtQuick/Controls/FluentWinUI3/light/images/combobox-background@2x.png\n./venv/lib/python3.12/site-packages/PyQt6/Qt6/qml/QtQuick/Controls/FluentWinUI3/light/images/combobox-background@3x.png\n./venv/lib/python3.12/site-packages/PyQt6/Qt6/qml/QtQuick/Controls/FluentWinUI3/light/images/combobox-indicator-disabled.png\n./venv/lib/python3.12/site-packages/PyQt6/Qt6/qml/QtQuick/Controls/FluentWinUI3/light/images/combobox-indicator-disabled@2x.png\n./venv/lib/python3.12/site-packages/PyQt6/Qt6/qml/QtQuick/Controls/FluentWinUI3/light/images/combobox-indicator-disabled@3x.png\n./venv/lib/python3.12/site-packages/PyQt6/Qt6/qml/QtQuick/Controls/FluentWinUI3/light/images/combobox-indicator-focused.png\n./venv/lib/python3.12/site-packages/PyQt6/Qt6/qml/QtQuick/Controls/FluentWinUI3/light/images/combobox-indicator-focused@2x.png\n./venv/lib/python3.12/site-packages/PyQt6/Qt6/qml/QtQuick/Controls/FluentWinUI3/light/images/combobox-indicator-focused@3x.png\n./venv/lib/python3.12/site-packages/PyQt6/Qt6/qml/QtQuick/Controls/FluentWinUI3/light/images/combobox-indicator-hovered-open.png\n./venv/lib/python3.12/site-packages/PyQt6/Qt6/qml/QtQuick/Controls/FluentWinUI3/light/images/combobox-indicator-hovered-open@2x.png\n./venv/lib/python3.12/site-packages/PyQt6/Qt6/qml/QtQuick/Controls/FluentWinUI3/light/images/combobox-indicator-hovered-open@3x.png\n./venv/lib/python3.12/site-packages/PyQt6/Qt6/qml/QtQuick/Controls/FluentWinUI3/light/images/combobox-indicator-hovered.png\n./venv/lib/python3.12/site-packages/PyQt6/Qt6/qml/QtQuick/Controls/FluentWinUI3/light/images/combobox-indicator-hovered@2x.png\n./venv/lib/python3.12/site-packages/PyQt6/Qt6/qml/QtQuick/Controls/FluentWinUI3/light/images/combobox-indicator-hovered@3x.png\n./venv/lib/python3.12/site-packages/PyQt6/Qt6/qml/QtQuick/Controls/FluentWinUI3/light/images/combobox-indicator-open-pressed.png\n./venv/lib/python3.12/site-packages/PyQt6/Qt6/qml/QtQuick/Controls/FluentWinUI3/light/images/combobox-indicator-open-pressed@2x.png\n./venv/lib/python3.12/site-packages/PyQt6/Qt6/qml/QtQuick/Controls/FluentWinUI3/light/images/combobox-indicator-open-pressed@3x.png\n./venv/lib/python3.12/site-packages/PyQt6/Qt6/qml/QtQuick/Controls/FluentWinUI3/light/images/combobox-indicator-open.png\n./venv/lib/python3.12/site-packages/PyQt6/Qt6/qml/QtQuick/Controls/FluentWinUI3/light/images/combobox-indicator-open@2x.png\n./venv/lib/python3.12/site-packages/PyQt6/Qt6/qml/QtQuick/Controls/FluentWinUI3/light/images/combobox-indicator-open@3x.png\n./venv/lib/python3.12/site-packages/PyQt6/Qt6/qml/QtQuick/Controls/FluentWinUI3/light/images/combobox-indicator-pressed.png\n./venv/lib/python3.12/site-packages/PyQt6/Qt6/qml/QtQuick/Controls/FluentWinUI3/light/images/combobox-indicator-pressed@2x.png\n./venv/lib/python3.12/site-packages/PyQt6/Qt6/qml/QtQuick/Controls/FluentWinUI3/light/images/combobox-indicator-pressed@3x.png\n./venv/lib/python3.12/site-packages/PyQt6/Qt6/qml/QtQuick/Controls/FluentWinUI3/light/images/combobox-indicator.png\n./venv/lib/python3.12/site-packages/PyQt6/Qt6/qml/QtQuick/Controls/FluentWinUI3/light/images/combobox-indicator@2x.png\n./venv/lib/python3.12/site-packages/PyQt6/Qt6/qml/QtQuick/Controls/FluentWinUI3/light/images/combobox-indicator@3x.png\n./venv/lib/python3.12/site-packages/PyQt6/Qt6/qml/QtQuick/Controls/FluentWinUI3/light/images/editablecombobox-background-hovered-open.png\n./venv/lib/python3.12/site-packages/PyQt6/Qt6/qml/QtQuick/Controls/FluentWinUI3/light/images/editablecombobox-background-hovered-open@2x.png\n./venv/lib/python3.12/site-packages/PyQt6/Qt6/qml/QtQuick/Controls/FluentWinUI3/light/images/editablecombobox-background-hovered-open@3x.png\n./venv/lib/python3.12/site-packages/PyQt6/Qt6/qml/QtQuick/Controls/FluentWinUI3/light/images/editablecombobox-background-open-pressed.png\n./venv/lib/python3.12/site-packages/PyQt6/Qt6/qml/QtQuick/Controls/FluentWinUI3/light/images/editablecombobox-background-open-pressed@2x.png\n./venv/lib/python3.12/site-packages/PyQt6/Qt6/qml/QtQuick/Controls/FluentWinUI3/light/images/editablecombobox-background-open-pressed@3x.png\n./venv/lib/python3.12/site-packages/PyQt6/Qt6/qml/QtQuick/Controls/FluentWinUI3/light/images/editablecombobox-background-open.png\n./venv/lib/python3.12/site-packages/PyQt6/Qt6/qml/QtQuick/Controls/FluentWinUI3/light/images/editablecombobox-background-open@2x.png\n./venv/lib/python3.12/site-packages/PyQt6/Qt6/qml/QtQuick/Controls/FluentWinUI3/light/images/editablecombobox-background-open@3x.png\n./venv/lib/python3.12/site-packages/PyQt6/Qt6/qml/QtQuick/Controls/FluentWinUI3/light/images/editablecombobox-indicator-hovered-open.png\n./venv/lib/python3.12/site-packages/PyQt6/Qt6/qml/QtQuick/Controls/FluentWinUI3/light/images/editablecombobox-indicator-hovered-open@2x.png\n./venv/lib/python3.12/site-packages/PyQt6/Qt6/qml/QtQuick/Controls/FluentWinUI3/light/images/editablecombobox-indicator-hovered-open@3x.png\n./venv/lib/python3.12/site-packages/PyQt6/Qt6/qml/QtQuick/Controls/FluentWinUI3/light/images/editablecombobox-indicator-open-pressed.png\n./venv/lib/python3.12/site-packages/PyQt6/Qt6/qml/QtQuick/Controls/FluentWinUI3/light/images/editablecombobox-indicator-open-pressed@2x.png\n./venv/lib/python3.12/site-packages/PyQt6/Qt6/qml/QtQuick/Controls/FluentWinUI3/light/images/editablecombobox-indicator-open-pressed@3x.png\n./venv/lib/python3.12/site-packages/PyQt6/Qt6/qml/QtQuick/Controls/FluentWinUI3/light/images/editablecombobox-indicator-open.png\n./venv/lib/python3.12/site-packages/PyQt6/Qt6/qml/QtQuick/Controls/FluentWinUI3/light/images/editablecombobox-indicator-open@2x.png\n./venv/lib/python3.12/site-packages/PyQt6/Qt6/qml/QtQuick/Controls/FluentWinUI3/light/images/editablecombobox-indicator-open@3x.png\n./venv/lib/python3.12/site-packages/PyQt6/Qt6/qml/QtQuick/Controls/FluentWinUI3/light/images/editablecombobox-popup-background-hovered-open.png\n./venv/lib/python3.12/site-packages/PyQt6/Qt6/qml/QtQuick/Controls/FluentWinUI3/light/images/editablecombobox-popup-background-hovered-open@2x.png\n./venv/lib/python3.12/site-packages/PyQt6/Qt6/qml/QtQuick/Controls/FluentWinUI3/light/images/editablecombobox-popup-background-hovered-open@3x.png\n./venv/lib/python3.12/site-packages/PyQt6/Qt6/qml/QtQuick/Controls/FluentWinUI3/light/images/editablecombobox-popup-background-open-pressed.png\n./venv/lib/python3.12/site-packages/PyQt6/Qt6/qml/QtQuick/Controls/FluentWinUI3/light/images/editablecombobox-popup-background-open-pressed@2x.png\n./venv/lib/python3.12/site-packages/PyQt6/Qt6/qml/QtQuick/Controls/FluentWinUI3/light/images/editablecombobox-popup-background-open-pressed@3x.png\n./venv/lib/python3.12/site-packages/PyQt6/Qt6/qml/QtQuick/Controls/FluentWinUI3/light/images/editablecombobox-popup-background-open.png\n./venv/lib/python3.12/site-packages/PyQt6/Qt6/qml/QtQuick/Controls/FluentWinUI3/light/images/editablecombobox-popup-background-open@2x.png\n./venv/lib/python3.12/site-packages/PyQt6/Qt6/qml/QtQuick/Controls/FluentWinUI3/light/images/editablecombobox-popup-background-open@3x.png\n./venv/lib/python3.12/site-packages/PyQt6/Qt6/qml/QtQuick/Controls/FluentWinUI3/light/images/frame-background-disabled.png\n./venv/lib/python3.12/site-packages/PyQt6/Qt6/qml/QtQuick/Controls/FluentWinUI3/light/images/frame-background-disabled@2x.png\n./venv/lib/python3.12/site-packages/PyQt6/Qt6/qml/QtQuick/Controls/FluentWinUI3/light/images/frame-background-disabled@3x.png\n./venv/lib/python3.12/site-packages/PyQt6/Qt6/qml/QtQuick/Controls/FluentWinUI3/light/images/frame-background.png\n./venv/lib/python3.12/site-packages/PyQt6/Qt6/qml/QtQuick/Controls/FluentWinUI3/light/images/frame-background@2x.png\n./venv/lib/python3.12/site-packages/PyQt6/Qt6/qml/QtQuick/Controls/FluentWinUI3/light/images/frame-background@3x.png\n./venv/lib/python3.12/site-packages/PyQt6/Qt6/qml/QtQuick/Controls/FluentWinUI3/light/images/itemdelegate-background-highlighted-hovered.png\n./venv/lib/python3.12/site-packages/PyQt6/Qt6/qml/QtQuick/Controls/FluentWinUI3/light/images/itemdelegate-background-highlighted-hovered@2x.png\n./venv/lib/python3.12/site-packages/PyQt6/Qt6/qml/QtQuick/Controls/FluentWinUI3/light/images/itemdelegate-background-highlighted-hovered@3x.png\n./venv/lib/python3.12/site-packages/PyQt6/Qt6/qml/QtQuick/Controls/FluentWinUI3/light/images/itemdelegate-background-highlighted-pressed.png\n./venv/lib/python3.12/site-packages/PyQt6/Qt6/qml/QtQuick/Controls/FluentWinUI3/light/images/itemdelegate-background-highlighted-pressed@2x.png\n./venv/lib/python3.12/site-packages/PyQt6/Qt6/qml/QtQuick/Controls/FluentWinUI3/light/images/itemdelegate-background-highlighted-pressed@3x.png\n./venv/lib/python3.12/site-packages/PyQt6/Qt6/qml/QtQuick/Controls/FluentWinUI3/light/images/itemdelegate-background-highlighted.png\n./venv/lib/python3.12/site-packages/PyQt6/Qt6/qml/QtQuick/Controls/FluentWinUI3/light/images/itemdelegate-background-highlighted@2x.png\n./venv/lib/python3.12/site-packages/PyQt6/Qt6/qml/QtQuick/Controls/FluentWinUI3/light/images/itemdelegate-background-highlighted@3x.png\n./venv/lib/python3.12/site-packages/PyQt6/Qt6/qml/QtQuick/Controls/FluentWinUI3/light/images/itemdelegate-background-hovered.png\n./venv/lib/python3.12/site-packages/PyQt6/Qt6/qml/QtQuick/Controls/FluentWinUI3/light/images/itemdelegate-background-hovered@2x.png\n./venv/lib/python3.12/site-packages/PyQt6/Qt6/qml/QtQuick/Controls/FluentWinUI3/light/images/itemdelegate-background-hovered@3x.png\n./venv/lib/python3.12/site-packages/PyQt6/Qt6/qml/QtQuick/Controls/FluentWinUI3/light/images/itemdelegate-background-pressed.png\n./venv/lib/python3.12/site-packages/PyQt6/Qt6/qml/QtQuick/Controls/FluentWinUI3/light/images/itemdelegate-background-pressed@2x.png\n./venv/lib/python3.12/site-packages/PyQt6/Qt6/qml/QtQuick/Controls/FluentWinUI3/light/images/itemdelegate-background-pressed@3x.png\n./venv/lib/python3.12/site-packages/PyQt6/Qt6/qml/QtQuick/Controls/FluentWinUI3/light/images/pageindicatordelegate-indicator-delegate-current-hovered.png\n./venv/lib/python3.12/site-packages/PyQt6/Qt6/qml/QtQuick/Controls/FluentWinUI3/light/images/pageindicatordelegate-indicator-delegate-current-hovered@2x.png\n./venv/lib/python3.12/site-packages/PyQt6/Qt6/qml/QtQuick/Controls/FluentWinUI3/light/images/pageindicatordelegate-indicator-delegate-current-hovered@3x.png\n./venv/lib/python3.12/site-packages/PyQt6/Qt6/qml/QtQuick/Controls/FluentWinUI3/light/images/pageindicatordelegate-indicator-delegate-current-pressed.png\n./venv/lib/python3.12/site-packages/PyQt6/Qt6/qml/QtQuick/Controls/FluentWinUI3/light/images/pageindicatordelegate-indicator-delegate-current-pressed@2x.png\n./venv/lib/python3.12/site-packages/PyQt6/Qt6/qml/QtQuick/Controls/FluentWinUI3/light/images/pageindicatordelegate-indicator-delegate-current-pressed@3x.png\n./venv/lib/python3.12/site-packages/PyQt6/Qt6/qml/QtQuick/Controls/FluentWinUI3/light/images/pageindicatordelegate-indicator-delegate-current.png\n./venv/lib/python3.12/site-packages/PyQt6/Qt6/qml/QtQuick/Controls/FluentWinUI3/light/images/pageindicatordelegate-indicator-delegate-current@2x.png\n./venv/lib/python3.12/site-packages/PyQt6/Qt6/qml/QtQuick/Controls/FluentWinUI3/light/images/pageindicatordelegate-indicator-delegate-current@3x.png\n./venv/lib/python3.12/site-packages/PyQt6/Qt6/qml/QtQuick/Controls/FluentWinUI3/light/images/pageindicatordelegate-indicator-delegate-pressed.png\n./venv/lib/python3.12/site-packages/PyQt6/Qt6/qml/QtQuick/Controls/FluentWinUI3/light/images/pageindicatordelegate-indicator-delegate-pressed@2x.png\n./venv/lib/python3.12/site-packages/PyQt6/Qt6/qml/QtQuick/Controls/FluentWinUI3/light/images/pageindicatordelegate-indicator-delegate-pressed@3x.png\n./venv/lib/python3.12/site-packages/PyQt6/Qt6/qml/QtQuick/Controls/FluentWinUI3/light/images/pageindicatordelegate-indicator-disabled.png\n./venv/lib/python3.12/site-packages/PyQt6/Qt6/qml/QtQuick/Controls/FluentWinUI3/light/images/pageindicatordelegate-indicator-disabled@2x.png\n./venv/lib/python3.12/site-packages/PyQt6/Qt6/qml/QtQuick/Controls/FluentWinUI3/light/images/pageindicatordelegate-indicator-disabled@3x.png\n./venv/lib/python3.12/site-packages/PyQt6/Qt6/qml/QtQuick/Controls/FluentWinUI3/light/images/pageindicatordelegate-indicator-hovered.png\n./venv/lib/python3.12/site-packages/PyQt6/Qt6/qml/QtQuick/Controls/FluentWinUI3/light/images/pageindicatordelegate-indicator-hovered@2x.png\n./venv/lib/python3.12/site-packages/PyQt6/Qt6/qml/QtQuick/Controls/FluentWinUI3/light/images/pageindicatordelegate-indicator-hovered@3x.png\n./venv/lib/python3.12/site-packages/PyQt6/Qt6/qml/QtQuick/Controls/FluentWinUI3/light/images/pageindicatordelegate-indicator.png\n./venv/lib/python3.12/site-packages/PyQt6/Qt6/qml/QtQuick/Controls/FluentWinUI3/light/images/pageindicatordelegate-indicator@2x.png\n./venv/lib/python3.12/site-packages/PyQt6/Qt6/qml/QtQuick/Controls/FluentWinUI3/light/images/pageindicatordelegate-indicator@3x.png\n./venv/lib/python3.12/site-packages/PyQt6/Qt6/qml/QtQuick/Controls/FluentWinUI3/light/images/popup-background.png\n./venv/lib/python3.12/site-packages/PyQt6/Qt6/qml/QtQuick/Controls/FluentWinUI3/light/images/popup-background@2x.png\n./venv/lib/python3.12/site-packages/PyQt6/Qt6/qml/QtQuick/Controls/FluentWinUI3/light/images/popup-background@3x.png\n./venv/lib/python3.12/site-packages/PyQt6/Qt6/qml/QtQuick/Controls/FluentWinUI3/light/images/progressbar-groove-disabled.png\n./venv/lib/python3.12/site-packages/PyQt6/Qt6/qml/QtQuick/Controls/FluentWinUI3/light/images/progressbar-groove-disabled@2x.png\n./venv/lib/python3.12/site-packages/PyQt6/Qt6/qml/QtQuick/Controls/FluentWinUI3/light/images/progressbar-groove-disabled@3x.png\n./venv/lib/python3.12/site-packages/PyQt6/Qt6/qml/QtQuick/Controls/FluentWinUI3/light/images/progressbar-groove.png\n./venv/lib/python3.12/site-packages/PyQt6/Qt6/qml/QtQuick/Controls/FluentWinUI3/light/images/progressbar-groove@2x.png\n./venv/lib/python3.12/site-packages/PyQt6/Qt6/qml/QtQuick/Controls/FluentWinUI3/light/images/progressbar-groove@3x.png\n./venv/lib/python3.12/site-packages/PyQt6/Qt6/qml/QtQuick/Controls/FluentWinUI3/light/images/radiobutton-indicator-checked-disabled.png\n./venv/lib/python3.12/site-packages/PyQt6/Qt6/qml/QtQuick/Controls/FluentWinUI3/light/images/radiobutton-indicator-checked-disabled@2x.png\n./venv/lib/python3.12/site-packages/PyQt6/Qt6/qml/QtQuick/Controls/FluentWinUI3/light/images/radiobutton-indicator-checked-disabled@3x.png\n./venv/lib/python3.12/site-packages/PyQt6/Qt6/qml/QtQuick/Controls/FluentWinUI3/light/images/radiobutton-indicator-checked-hovered.png\n./venv/lib/python3.12/site-packages/PyQt6/Qt6/qml/QtQuick/Controls/FluentWinUI3/light/images/radiobutton-indicator-checked-hovered@2x.png\n./venv/lib/python3.12/site-packages/PyQt6/Qt6/qml/QtQuick/Controls/FluentWinUI3/light/images/radiobutton-indicator-checked-hovered@3x.png\n./venv/lib/python3.12/site-packages/PyQt6/Qt6/qml/QtQuick/Controls/FluentWinUI3/light/images/radiobutton-indicator-checked-pressed.png\n./venv/lib/python3.12/site-packages/PyQt6/Qt6/qml/QtQuick/Controls/FluentWinUI3/light/images/radiobutton-indicator-checked-pressed@2x.png\n./venv/lib/python3.12/site-packages/PyQt6/Qt6/qml/QtQuick/Controls/FluentWinUI3/light/images/radiobutton-indicator-checked-pressed@3x.png\n./venv/lib/python3.12/site-packages/PyQt6/Qt6/qml/QtQuick/Controls/FluentWinUI3/light/images/radiobutton-indicator-checked.png\n./venv/lib/python3.12/site-packages/PyQt6/Qt6/qml/QtQuick/Controls/FluentWinUI3/light/images/radiobutton-indicator-checked@2x.png\n./venv/lib/python3.12/site-packages/PyQt6/Qt6/qml/QtQuick/Controls/FluentWinUI3/light/images/radiobutton-indicator-checked@3x.png\n./venv/lib/python3.12/site-packages/PyQt6/Qt6/qml/QtQuick/Controls/FluentWinUI3/light/images/radiobutton-indicator-disabled.png\n./venv/lib/python3.12/site-packages/PyQt6/Qt6/qml/QtQuick/Controls/FluentWinUI3/light/images/radiobutton-indicator-disabled@2x.png\n./venv/lib/python3.12/site-packages/PyQt6/Qt6/qml/QtQuick/Controls/FluentWinUI3/light/images/radiobutton-indicator-disabled@3x.png\n./venv/lib/python3.12/site-packages/PyQt6/Qt6/qml/QtQuick/Controls/FluentWinUI3/light/images/radiobutton-indicator-hovered.png\n./venv/lib/python3.12/site-packages/PyQt6/Qt6/qml/QtQuick/Controls/FluentWinUI3/light/images/radiobutton-indicator-hovered@2x.png\n./venv/lib/python3.12/site-packages/PyQt6/Qt6/qml/QtQuick/Controls/FluentWinUI3/light/images/radiobutton-indicator-hovered@3x.png\n./venv/lib/python3.12/site-packages/PyQt6/Qt6/qml/QtQuick/Controls/FluentWinUI3/light/images/radiobutton-indicator-pressed.png\n./venv/lib/python3.12/site-packages/PyQt6/Qt6/qml/QtQuick/Controls/FluentWinUI3/light/images/radiobutton-indicator-pressed@2x.png\n./venv/lib/python3.12/site-packages/PyQt6/Qt6/qml/QtQuick/Controls/FluentWinUI3/light/images/radiobutton-indicator-pressed@3x.png\n./venv/lib/python3.12/site-packages/PyQt6/Qt6/qml/QtQuick/Controls/FluentWinUI3/light/images/radiobutton-indicator.png\n./venv/lib/python3.12/site-packages/PyQt6/Qt6/qml/QtQuick/Controls/FluentWinUI3/light/images/radiobutton-indicator@2x.png\n./venv/lib/python3.12/site-packages/PyQt6/Qt6/qml/QtQuick/Controls/FluentWinUI3/light/images/radiobutton-indicator@3x.png\n./venv/lib/python3.12/site-packages/PyQt6/Qt6/qml/QtQuick/Controls/FluentWinUI3/light/images/rangeslider-first-handle-disabled.png\n./venv/lib/python3.12/site-packages/PyQt6/Qt6/qml/QtQuick/Controls/FluentWinUI3/light/images/rangeslider-first-handle-disabled@2x.png\n./venv/lib/python3.12/site-packages/PyQt6/Qt6/qml/QtQuick/Controls/FluentWinUI3/light/images/rangeslider-first-handle-disabled@3x.png\n./venv/lib/python3.12/site-packages/PyQt6/Qt6/qml/QtQuick/Controls/FluentWinUI3/light/images/rangeslider-first-handle-handle-pressed.png\n./venv/lib/python3.12/site-packages/PyQt6/Qt6/qml/QtQuick/Controls/FluentWinUI3/light/images/rangeslider-first-handle-handle-pressed@2x.png\n./venv/lib/python3.12/site-packages/PyQt6/Qt6/qml/QtQuick/Controls/FluentWinUI3/light/images/rangeslider-first-handle-handle-pressed@3x.png\n./venv/lib/python3.12/site-packages/PyQt6/Qt6/qml/QtQuick/Controls/FluentWinUI3/light/images/rangeslider-first-handle-hovered.png\n./venv/lib/python3.12/site-packages/PyQt6/Qt6/qml/QtQuick/Controls/FluentWinUI3/light/images/rangeslider-first-handle-hovered@2x.png\n./venv/lib/python3.12/site-packages/PyQt6/Qt6/qml/QtQuick/Controls/FluentWinUI3/light/images/rangeslider-first-handle-hovered@3x.png\n./venv/lib/python3.12/site-packages/PyQt6/Qt6/qml/QtQuick/Controls/FluentWinUI3/light/images/rangeslider-first-handle.png\n./venv/lib/python3.12/site-packages/PyQt6/Qt6/qml/QtQuick/Controls/FluentWinUI3/light/images/rangeslider-first-handle@2x.png\n./venv/lib/python3.12/site-packages/PyQt6/Qt6/qml/QtQuick/Controls/FluentWinUI3/light/images/rangeslider-first-handle@3x.png\n./venv/lib/python3.12/site-packages/PyQt6/Qt6/qml/QtQuick/Controls/FluentWinUI3/light/images/rangeslider-groove-disabled.png\n./venv/lib/python3.12/site-packages/PyQt6/Qt6/qml/QtQuick/Controls/FluentWinUI3/light/images/rangeslider-groove-disabled@2x.png\n./venv/lib/python3.12/site-packages/PyQt6/Qt6/qml/QtQuick/Controls/FluentWinUI3/light/images/rangeslider-groove-disabled@3x.png\n./venv/lib/python3.12/site-packages/PyQt6/Qt6/qml/QtQuick/Controls/FluentWinUI3/light/images/rangeslider-groove-handle-pressed.png\n./venv/lib/python3.12/site-packages/PyQt6/Qt6/qml/QtQuick/Controls/FluentWinUI3/light/images/rangeslider-groove-handle-pressed@2x.png\n./venv/lib/python3.12/site-packages/PyQt6/Qt6/qml/QtQuick/Controls/FluentWinUI3/light/images/rangeslider-groove-handle-pressed@3x.png\n./venv/lib/python3.12/site-packages/PyQt6/Qt6/qml/QtQuick/Controls/FluentWinUI3/light/images/rangeslider-groove-hovered.png\n./venv/lib/python3.12/site-packages/PyQt6/Qt6/qml/QtQuick/Controls/FluentWinUI3/light/images/rangeslider-groove-hovered@2x.png\n./venv/lib/python3.12/site-packages/PyQt6/Qt6/qml/QtQuick/Controls/FluentWinUI3/light/images/rangeslider-groove-hovered@3x.png\n./venv/lib/python3.12/site-packages/PyQt6/Qt6/qml/QtQuick/Controls/FluentWinUI3/light/images/rangeslider-groove.png\n./venv/lib/python3.12/site-packages/PyQt6/Qt6/qml/QtQuick/Controls/FluentWinUI3/light/images/rangeslider-groove@2x.png\n./venv/lib/python3.12/site-packages/PyQt6/Qt6/qml/QtQuick/Controls/FluentWinUI3/light/images/rangeslider-groove@3x.png\n./venv/lib/python3.12/site-packages/PyQt6/Qt6/qml/QtQuick/Controls/FluentWinUI3/light/images/rangeslider-second-handle-disabled.png\n./venv/lib/python3.12/site-packages/PyQt6/Qt6/qml/QtQuick/Controls/FluentWinUI3/light/images/rangeslider-second-handle-disabled@2x.png\n./venv/lib/python3.12/site-packages/PyQt6/Qt6/qml/QtQuick/Controls/FluentWinUI3/light/images/rangeslider-second-handle-disabled@3x.png\n./venv/lib/python3.12/site-packages/PyQt6/Qt6/qml/QtQuick/Controls/FluentWinUI3/light/images/rangeslider-second-handle-handle-pressed.png\n./venv/lib/python3.12/site-packages/PyQt6/Qt6/qml/QtQuick/Controls/FluentWinUI3/light/images/rangeslider-second-handle-handle-pressed@2x.png\n./venv/lib/python3.12/site-packages/PyQt6/Qt6/qml/QtQuick/Controls/FluentWinUI3/light/images/rangeslider-second-handle-handle-pressed@3x.png\n./venv/lib/python3.12/site-packages/PyQt6/Qt6/qml/QtQuick/Controls/FluentWinUI3/light/images/rangeslider-second-handle-hovered.png\n./venv/lib/python3.12/site-packages/PyQt6/Qt6/qml/QtQuick/Controls/FluentWinUI3/light/images/rangeslider-second-handle-hovered@2x.png\n./venv/lib/python3.12/site-packages/PyQt6/Qt6/qml/QtQuick/Controls/FluentWinUI3/light/images/rangeslider-second-handle-hovered@3x.png\n./venv/lib/python3.12/site-packages/PyQt6/Qt6/qml/QtQuick/Controls/FluentWinUI3/light/images/rangeslider-second-handle.png\n./venv/lib/python3.12/site-packages/PyQt6/Qt6/qml/QtQuick/Controls/FluentWinUI3/light/images/rangeslider-second-handle@2x.png\n./venv/lib/python3.12/site-packages/PyQt6/Qt6/qml/QtQuick/Controls/FluentWinUI3/light/images/rangeslider-second-handle@3x.png\n./venv/lib/python3.12/site-packages/PyQt6/Qt6/qml/QtQuick/Controls/FluentWinUI3/light/images/slider-groove-disabled.png\n./venv/lib/python3.12/site-packages/PyQt6/Qt6/qml/QtQuick/Controls/FluentWinUI3/light/images/slider-groove-disabled@2x.png\n./venv/lib/python3.12/site-packages/PyQt6/Qt6/qml/QtQuick/Controls/FluentWinUI3/light/images/slider-groove-disabled@3x.png\n./venv/lib/python3.12/site-packages/PyQt6/Qt6/qml/QtQuick/Controls/FluentWinUI3/light/images/slider-groove-hovered.png\n./venv/lib/python3.12/site-packages/PyQt6/Qt6/qml/QtQuick/Controls/FluentWinUI3/light/images/slider-groove-hovered@2x.png\n./venv/lib/python3.12/site-packages/PyQt6/Qt6/qml/QtQuick/Controls/FluentWinUI3/light/images/slider-groove-hovered@3x.png\n./venv/lib/python3.12/site-packages/PyQt6/Qt6/qml/QtQuick/Controls/FluentWinUI3/light/images/slider-groove-pressed.png\n./venv/lib/python3.12/site-packages/PyQt6/Qt6/qml/QtQuick/Controls/FluentWinUI3/light/images/slider-groove-pressed@2x.png\n./venv/lib/python3.12/site-packages/PyQt6/Qt6/qml/QtQuick/Controls/FluentWinUI3/light/images/slider-groove-pressed@3x.png\n./venv/lib/python3.12/site-packages/PyQt6/Qt6/qml/QtQuick/Controls/FluentWinUI3/light/images/slider-groove.png\n./venv/lib/python3.12/site-packages/PyQt6/Qt6/qml/QtQuick/Controls/FluentWinUI3/light/images/slider-groove@2x.png\n./venv/lib/python3.12/site-packages/PyQt6/Qt6/qml/QtQuick/Controls/FluentWinUI3/light/images/slider-groove@3x.png\n./venv/lib/python3.12/site-packages/PyQt6/Qt6/qml/QtQuick/Controls/FluentWinUI3/light/images/slider-handle-disabled.png\n./venv/lib/python3.12/site-packages/PyQt6/Qt6/qml/QtQuick/Controls/FluentWinUI3/light/images/slider-handle-disabled@2x.png\n./venv/lib/python3.12/site-packages/PyQt6/Qt6/qml/QtQuick/Controls/FluentWinUI3/light/images/slider-handle-disabled@3x.png\n./venv/lib/python3.12/site-packages/PyQt6/Qt6/qml/QtQuick/Controls/FluentWinUI3/light/images/slider-handle-hovered.png\n./venv/lib/python3.12/site-packages/PyQt6/Qt6/qml/QtQuick/Controls/FluentWinUI3/light/images/slider-handle-hovered@2x.png\n./venv/lib/python3.12/site-packages/PyQt6/Qt6/qml/QtQuick/Controls/FluentWinUI3/light/images/slider-handle-hovered@3x.png\n./venv/lib/python3.12/site-packages/PyQt6/Qt6/qml/QtQuick/Controls/FluentWinUI3/light/images/slider-handle-pressed.png\n./venv/lib/python3.12/site-packages/PyQt6/Qt6/qml/QtQuick/Controls/FluentWinUI3/light/images/slider-handle-pressed@2x.png\n./venv/lib/python3.12/site-packages/PyQt6/Qt6/qml/QtQuick/Controls/FluentWinUI3/light/images/slider-handle-pressed@3x.png\n./venv/lib/python3.12/site-packages/PyQt6/Qt6/qml/QtQuick/Controls/FluentWinUI3/light/images/slider-handle.png\n./venv/lib/python3.12/site-packages/PyQt6/Qt6/qml/QtQuick/Controls/FluentWinUI3/light/images/slider-handle@2x.png\n./venv/lib/python3.12/site-packages/PyQt6/Qt6/qml/QtQuick/Controls/FluentWinUI3/light/images/slider-handle@3x.png\n./venv/lib/python3.12/site-packages/PyQt6/Qt6/qml/QtQuick/Controls/FluentWinUI3/light/images/spinbox-background-atlimit.png\n./venv/lib/python3.12/site-packages/PyQt6/Qt6/qml/QtQuick/Controls/FluentWinUI3/light/images/spinbox-background-atlimit@2x.png\n./venv/lib/python3.12/site-packages/PyQt6/Qt6/qml/QtQuick/Controls/FluentWinUI3/light/images/spinbox-background-atlimit@3x.png\n./venv/lib/python3.12/site-packages/PyQt6/Qt6/qml/QtQuick/Controls/FluentWinUI3/light/images/spinbox-background-disabled.png\n./venv/lib/python3.12/site-packages/PyQt6/Qt6/qml/QtQuick/Controls/FluentWinUI3/light/images/spinbox-background-disabled@2x.png\n./venv/lib/python3.12/site-packages/PyQt6/Qt6/qml/QtQuick/Controls/FluentWinUI3/light/images/spinbox-background-disabled@3x.png\n./venv/lib/python3.12/site-packages/PyQt6/Qt6/qml/QtQuick/Controls/FluentWinUI3/light/images/spinbox-background-down-hovered.png\n./venv/lib/python3.12/site-packages/PyQt6/Qt6/qml/QtQuick/Controls/FluentWinUI3/light/images/spinbox-background-down-hovered@2x.png\n./venv/lib/python3.12/site-packages/PyQt6/Qt6/qml/QtQuick/Controls/FluentWinUI3/light/images/spinbox-background-down-hovered@3x.png\n./venv/lib/python3.12/site-packages/PyQt6/Qt6/qml/QtQuick/Controls/FluentWinUI3/light/images/spinbox-background-down-pressed.png\n./venv/lib/python3.12/site-packages/PyQt6/Qt6/qml/QtQuick/Controls/FluentWinUI3/light/images/spinbox-background-down-pressed@2x.png\n./venv/lib/python3.12/site-packages/PyQt6/Qt6/qml/QtQuick/Controls/FluentWinUI3/light/images/spinbox-background-down-pressed@3x.png\n./venv/lib/python3.12/site-packages/PyQt6/Qt6/qml/QtQuick/Controls/FluentWinUI3/light/images/spinbox-background-hovered.png\n./venv/lib/python3.12/site-packages/PyQt6/Qt6/qml/QtQuick/Controls/FluentWinUI3/light/images/spinbox-background-hovered@2x.png\n./venv/lib/python3.12/site-packages/PyQt6/Qt6/qml/QtQuick/Controls/FluentWinUI3/light/images/spinbox-background-hovered@3x.png\n./venv/lib/python3.12/site-packages/PyQt6/Qt6/qml/QtQuick/Controls/FluentWinUI3/light/images/spinbox-background-up-hovered.png\n./venv/lib/python3.12/site-packages/PyQt6/Qt6/qml/QtQuick/Controls/FluentWinUI3/light/images/spinbox-background-up-hovered@2x.png\n./venv/lib/python3.12/site-packages/PyQt6/Qt6/qml/QtQuick/Controls/FluentWinUI3/light/images/spinbox-background-up-hovered@3x.png\n./venv/lib/python3.12/site-packages/PyQt6/Qt6/qml/QtQuick/Controls/FluentWinUI3/light/images/spinbox-background-up-pressed.png\n./venv/lib/python3.12/site-packages/PyQt6/Qt6/qml/QtQuick/Controls/FluentWinUI3/light/images/spinbox-background-up-pressed@2x.png\n./venv/lib/python3.12/site-packages/PyQt6/Qt6/qml/QtQuick/Controls/FluentWinUI3/light/images/spinbox-background-up-pressed@3x.png\n./venv/lib/python3.12/site-packages/PyQt6/Qt6/qml/QtQuick/Controls/FluentWinUI3/light/images/spinbox-background.png\n./venv/lib/python3.12/site-packages/PyQt6/Qt6/qml/QtQuick/Controls/FluentWinUI3/light/images/spinbox-background@2x.png\n./venv/lib/python3.12/site-packages/PyQt6/Qt6/qml/QtQuick/Controls/FluentWinUI3/light/images/spinbox-background@3x.png\n./venv/lib/python3.12/site-packages/PyQt6/Qt6/qml/QtQuick/Controls/FluentWinUI3/light/images/spinbox-indicator-down-background-atlimit.png\n./venv/lib/python3.12/site-packages/PyQt6/Qt6/qml/QtQuick/Controls/FluentWinUI3/light/images/spinbox-indicator-down-background-atlimit@2x.png\n./venv/lib/python3.12/site-packages/PyQt6/Qt6/qml/QtQuick/Controls/FluentWinUI3/light/images/spinbox-indicator-down-background-atlimit@3x.png\n./venv/lib/python3.12/site-packages/PyQt6/Qt6/qml/QtQuick/Controls/FluentWinUI3/light/images/spinbox-indicator-down-background-disabled.png\n./venv/lib/python3.12/site-packages/PyQt6/Qt6/qml/QtQuick/Controls/FluentWinUI3/light/images/spinbox-indicator-down-background-disabled@2x.png\n./venv/lib/python3.12/site-packages/PyQt6/Qt6/qml/QtQuick/Controls/FluentWinUI3/light/images/spinbox-indicator-down-background-disabled@3x.png\n./venv/lib/python3.12/site-packages/PyQt6/Qt6/qml/QtQuick/Controls/FluentWinUI3/light/images/spinbox-indicator-down-background-down-hovered.png\n./venv/lib/python3.12/site-packages/PyQt6/Qt6/qml/QtQuick/Controls/FluentWinUI3/light/images/spinbox-indicator-down-background-down-hovered@2x.png\n./venv/lib/python3.12/site-packages/PyQt6/Qt6/qml/QtQuick/Controls/FluentWinUI3/light/images/spinbox-indicator-down-background-down-hovered@3x.png\n./venv/lib/python3.12/site-packages/PyQt6/Qt6/qml/QtQuick/Controls/FluentWinUI3/light/images/spinbox-indicator-down-background-down-pressed.png\n./venv/lib/python3.12/site-packages/PyQt6/Qt6/qml/QtQuick/Controls/FluentWinUI3/light/images/spinbox-indicator-down-background-down-pressed@2x.png\n./venv/lib/python3.12/site-packages/PyQt6/Qt6/qml/QtQuick/Controls/FluentWinUI3/light/images/spinbox-indicator-down-background-down-pressed@3x.png\n./venv/lib/python3.12/site-packages/PyQt6/Qt6/qml/QtQuick/Controls/FluentWinUI3/light/images/spinbox-indicator-down-background-hovered.png\n./venv/lib/python3.12/site-packages/PyQt6/Qt6/qml/QtQuick/Controls/FluentWinUI3/light/images/spinbox-indicator-down-background-hovered@2x.png\n./venv/lib/python3.12/site-packages/PyQt6/Qt6/qml/QtQuick/Controls/FluentWinUI3/light/images/spinbox-indicator-down-background-hovered@3x.png\n./venv/lib/python3.12/site-packages/PyQt6/Qt6/qml/QtQuick/Controls/FluentWinUI3/light/images/spinbox-indicator-down-background-up-hovered.png\n./venv/lib/python3.12/site-packages/PyQt6/Qt6/qml/QtQuick/Controls/FluentWinUI3/light/images/spinbox-indicator-down-background-up-hovered@2x.png\n./venv/lib/python3.12/site-packages/PyQt6/Qt6/qml/QtQuick/Controls/FluentWinUI3/light/images/spinbox-indicator-down-background-up-hovered@3x.png\n./venv/lib/python3.12/site-packages/PyQt6/Qt6/qml/QtQuick/Controls/FluentWinUI3/light/images/spinbox-indicator-down-background-up-pressed.png\n./venv/lib/python3.12/site-packages/PyQt6/Qt6/qml/QtQuick/Controls/FluentWinUI3/light/images/spinbox-indicator-down-background-up-pressed@2x.png\n./venv/lib/python3.12/site-packages/PyQt6/Qt6/qml/QtQuick/Controls/FluentWinUI3/light/images/spinbox-indicator-down-background-up-pressed@3x.png\n./venv/lib/python3.12/site-packages/PyQt6/Qt6/qml/QtQuick/Controls/FluentWinUI3/light/images/spinbox-indicator-down-background.png\n./venv/lib/python3.12/site-packages/PyQt6/Qt6/qml/QtQuick/Controls/FluentWinUI3/light/images/spinbox-indicator-down-background@2x.png\n./venv/lib/python3.12/site-packages/PyQt6/Qt6/qml/QtQuick/Controls/FluentWinUI3/light/images/spinbox-indicator-down-background@3x.png\n./venv/lib/python3.12/site-packages/PyQt6/Qt6/qml/QtQuick/Controls/FluentWinUI3/light/images/spinbox-indicator-down-icon-atlimit.png\n./venv/lib/python3.12/site-packages/PyQt6/Qt6/qml/QtQuick/Controls/FluentWinUI3/light/images/spinbox-indicator-down-icon-atlimit@2x.png\n./venv/lib/python3.12/site-packages/PyQt6/Qt6/qml/QtQuick/Controls/FluentWinUI3/light/images/spinbox-indicator-down-icon-atlimit@3x.png\n./venv/lib/python3.12/site-packages/PyQt6/Qt6/qml/QtQuick/Controls/FluentWinUI3/light/images/spinbox-indicator-down-icon-disabled.png\n./venv/lib/python3.12/site-packages/PyQt6/Qt6/qml/QtQuick/Controls/FluentWinUI3/light/images/spinbox-indicator-down-icon-disabled@2x.png\n./venv/lib/python3.12/site-packages/PyQt6/Qt6/qml/QtQuick/Controls/FluentWinUI3/light/images/spinbox-indicator-down-icon-disabled@3x.png\n./venv/lib/python3.12/site-packages/PyQt6/Qt6/qml/QtQuick/Controls/FluentWinUI3/light/images/spinbox-indicator-down-icon-down-hovered.png\n./venv/lib/python3.12/site-packages/PyQt6/Qt6/qml/QtQuick/Controls/FluentWinUI3/light/images/spinbox-indicator-down-icon-down-hovered@2x.png\n./venv/lib/python3.12/site-packages/PyQt6/Qt6/qml/QtQuick/Controls/FluentWinUI3/light/images/spinbox-indicator-down-icon-down-hovered@3x.png\n./venv/lib/python3.12/site-packages/PyQt6/Qt6/qml/QtQuick/Controls/FluentWinUI3/light/images/spinbox-indicator-down-icon-down-pressed.png\n./venv/lib/python3.12/site-packages/PyQt6/Qt6/qml/QtQuick/Controls/FluentWinUI3/light/images/spinbox-indicator-down-icon-down-pressed@2x.png\n./venv/lib/python3.12/site-packages/PyQt6/Qt6/qml/QtQuick/Controls/FluentWinUI3/light/images/spinbox-indicator-down-icon-down-pressed@3x.png\n./venv/lib/python3.12/site-packages/PyQt6/Qt6/qml/QtQuick/Controls/FluentWinUI3/light/images/spinbox-indicator-down-icon-hovered.png\n./venv/lib/python3.12/site-packages/PyQt6/Qt6/qml/QtQuick/Controls/FluentWinUI3/light/images/spinbox-indicator-down-icon-hovered@2x.png\n./venv/lib/python3.12/site-packages/PyQt6/Qt6/qml/QtQuick/Controls/FluentWinUI3/light/images/spinbox-indicator-down-icon-hovered@3x.png\n./venv/lib/python3.12/site-packages/PyQt6/Qt6/qml/QtQuick/Controls/FluentWinUI3/light/images/spinbox-indicator-down-icon-up-hovered.png\n./venv/lib/python3.12/site-packages/PyQt6/Qt6/qml/QtQuick/Controls/FluentWinUI3/light/images/spinbox-indicator-down-icon-up-hovered@2x.png\n./venv/lib/python3.12/site-packages/PyQt6/Qt6/qml/QtQuick/Controls/FluentWinUI3/light/images/spinbox-indicator-down-icon-up-hovered@3x.png\n./venv/lib/python3.12/site-packages/PyQt6/Qt6/qml/QtQuick/Controls/FluentWinUI3/light/images/spinbox-indicator-down-icon-up-pressed.png\n./venv/lib/python3.12/site-packages/PyQt6/Qt6/qml/QtQuick/Controls/FluentWinUI3/light/images/spinbox-indicator-down-icon-up-pressed@2x.png\n./venv/lib/python3.12/site-packages/PyQt6/Qt6/qml/QtQuick/Controls/FluentWinUI3/light/images/spinbox-indicator-down-icon-up-pressed@3x.png\n./venv/lib/python3.12/site-packages/PyQt6/Qt6/qml/QtQuick/Controls/FluentWinUI3/light/images/spinbox-indicator-down-icon.png\n./venv/lib/python3.12/site-packages/PyQt6/Qt6/qml/QtQuick/Controls/FluentWinUI3/light/images/spinbox-indicator-down-icon@2x.png\n./venv/lib/python3.12/site-packages/PyQt6/Qt6/qml/QtQuick/Controls/FluentWinUI3/light/images/spinbox-indicator-down-icon@3x.png\n./venv/lib/python3.12/site-packages/PyQt6/Qt6/qml/QtQuick/Controls/FluentWinUI3/light/images/spinbox-indicator-up-background-atlimit.png\n./venv/lib/python3.12/site-packages/PyQt6/Qt6/qml/QtQuick/Controls/FluentWinUI3/light/images/spinbox-indicator-up-background-atlimit@2x.png\n./venv/lib/python3.12/site-packages/PyQt6/Qt6/qml/QtQuick/Controls/FluentWinUI3/light/images/spinbox-indicator-up-background-atlimit@3x.png\n./venv/lib/python3.12/site-packages/PyQt6/Qt6/qml/QtQuick/Controls/FluentWinUI3/light/images/spinbox-indicator-up-background-disabled.png\n./venv/lib/python3.12/site-packages/PyQt6/Qt6/qml/QtQuick/Controls/FluentWinUI3/light/images/spinbox-indicator-up-background-disabled@2x.png\n./venv/lib/python3.12/site-packages/PyQt6/Qt6/qml/QtQuick/Controls/FluentWinUI3/light/images/spinbox-indicator-up-background-disabled@3x.png\n./venv/lib/python3.12/site-packages/PyQt6/Qt6/qml/QtQuick/Controls/FluentWinUI3/light/images/spinbox-indicator-up-background-down-hovered.png\n./venv/lib/python3.12/site-packages/PyQt6/Qt6/qml/QtQuick/Controls/FluentWinUI3/light/images/spinbox-indicator-up-background-down-hovered@2x.png\n./venv/lib/python3.12/site-packages/PyQt6/Qt6/qml/QtQuick/Controls/FluentWinUI3/light/images/spinbox-indicator-up-background-down-hovered@3x.png\n./venv/lib/python3.12/site-packages/PyQt6/Qt6/qml/QtQuick/Controls/FluentWinUI3/light/images/spinbox-indicator-up-background-down-pressed.png\n./venv/lib/python3.12/site-packages/PyQt6/Qt6/qml/QtQuick/Controls/FluentWinUI3/light/images/spinbox-indicator-up-background-down-pressed@2x.png\n./venv/lib/python3.12/site-packages/PyQt6/Qt6/qml/QtQuick/Controls/FluentWinUI3/light/images/spinbox-indicator-up-background-down-pressed@3x.png\n./venv/lib/python3.12/site-packages/PyQt6/Qt6/qml/QtQuick/Controls/FluentWinUI3/light/images/spinbox-indicator-up-background-hovered.png\n./venv/lib/python3.12/site-packages/PyQt6/Qt6/qml/QtQuick/Controls/FluentWinUI3/light/images/spinbox-indicator-up-background-hovered@2x.png\n./venv/lib/python3.12/site-packages/PyQt6/Qt6/qml/QtQuick/Controls/FluentWinUI3/light/images/spinbox-indicator-up-background-hovered@3x.png\n./venv/lib/python3.12/site-packages/PyQt6/Qt6/qml/QtQuick/Controls/FluentWinUI3/light/images/spinbox-indicator-up-background-up-hovered.png\n./venv/lib/python3.12/site-packages/PyQt6/Qt6/qml/QtQuick/Controls/FluentWinUI3/light/images/spinbox-indicator-up-background-up-hovered@2x.png\n./venv/lib/python3.12/site-packages/PyQt6/Qt6/qml/QtQuick/Controls/FluentWinUI3/light/images/spinbox-indicator-up-background-up-hovered@3x.png\n./venv/lib/python3.12/site-packages/PyQt6/Qt6/qml/QtQuick/Controls/FluentWinUI3/light/images/spinbox-indicator-up-background-up-pressed.png\n./venv/lib/python3.12/site-packages/PyQt6/Qt6/qml/QtQuick/Controls/FluentWinUI3/light/images/spinbox-indicator-up-background-up-pressed@2x.png\n./venv/lib/python3.12/site-packages/PyQt6/Qt6/qml/QtQuick/Controls/FluentWinUI3/light/images/spinbox-indicator-up-background-up-pressed@3x.png\n./venv/lib/python3.12/site-packages/PyQt6/Qt6/qml/QtQuick/Controls/FluentWinUI3/light/images/spinbox-indicator-up-background.png\n./venv/lib/python3.12/site-packages/PyQt6/Qt6/qml/QtQuick/Controls/FluentWinUI3/light/images/spinbox-indicator-up-background@2x.png\n./venv/lib/python3.12/site-packages/PyQt6/Qt6/qml/QtQuick/Controls/FluentWinUI3/light/images/spinbox-indicator-up-background@3x.png\n./venv/lib/python3.12/site-packages/PyQt6/Qt6/qml/QtQuick/Controls/FluentWinUI3/light/images/spinbox-indicator-up-icon-atlimit.png\n./venv/lib/python3.12/site-packages/PyQt6/Qt6/qml/QtQuick/Controls/FluentWinUI3/light/images/spinbox-indicator-up-icon-atlimit@2x.png\n./venv/lib/python3.12/site-packages/PyQt6/Qt6/qml/QtQuick/Controls/FluentWinUI3/light/images/spinbox-indicator-up-icon-atlimit@3x.png\n./venv/lib/python3.12/site-packages/PyQt6/Qt6/qml/QtQuick/Controls/FluentWinUI3/light/images/spinbox-indicator-up-icon-disabled.png\n./venv/lib/python3.12/site-packages/PyQt6/Qt6/qml/QtQuick/Controls/FluentWinUI3/light/images/spinbox-indicator-up-icon-disabled@2x.png\n./venv/lib/python3.12/site-packages/PyQt6/Qt6/qml/QtQuick/Controls/FluentWinUI3/light/images/spinbox-indicator-up-icon-disabled@3x.png\n./venv/lib/python3.12/site-packages/PyQt6/Qt6/qml/QtQuick/Controls/FluentWinUI3/light/images/spinbox-indicator-up-icon-down-hovered.png\n./venv/lib/python3.12/site-packages/PyQt6/Qt6/qml/QtQuick/Controls/FluentWinUI3/light/images/spinbox-indicator-up-icon-down-hovered@2x.png\n./venv/lib/python3.12/site-packages/PyQt6/Qt6/qml/QtQuick/Controls/FluentWinUI3/light/images/spinbox-indicator-up-icon-down-hovered@3x.png\n./venv/lib/python3.12/site-packages/PyQt6/Qt6/qml/QtQuick/Controls/FluentWinUI3/light/images/spinbox-indicator-up-icon-down-pressed.png\n./venv/lib/python3.12/site-packages/PyQt6/Qt6/qml/QtQuick/Controls/FluentWinUI3/light/images/spinbox-indicator-up-icon-down-pressed@2x.png\n./venv/lib/python3.12/site-packages/PyQt6/Qt6/qml/QtQuick/Controls/FluentWinUI3/light/images/spinbox-indicator-up-icon-down-pressed@3x.png\n./venv/lib/python3.12/site-packages/PyQt6/Qt6/qml/QtQuick/Controls/FluentWinUI3/light/images/spinbox-indicator-up-icon-hovered.png\n./venv/lib/python3.12/site-packages/PyQt6/Qt6/qml/QtQuick/Controls/FluentWinUI3/light/images/spinbox-indicator-up-icon-hovered@2x.png\n./venv/lib/python3.12/site-packages/PyQt6/Qt6/qml/QtQuick/Controls/FluentWinUI3/light/images/spinbox-indicator-up-icon-hovered@3x.png\n./venv/lib/python3.12/site-packages/PyQt6/Qt6/qml/QtQuick/Controls/FluentWinUI3/light/images/spinbox-indicator-up-icon-up-hovered.png\n./venv/lib/python3.12/site-packages/PyQt6/Qt6/qml/QtQuick/Controls/FluentWinUI3/light/images/spinbox-indicator-up-icon-up-hovered@2x.png\n./venv/lib/python3.12/site-packages/PyQt6/Qt6/qml/QtQuick/Controls/FluentWinUI3/light/images/spinbox-indicator-up-icon-up-hovered@3x.png\n./venv/lib/python3.12/site-packages/PyQt6/Qt6/qml/QtQuick/Controls/FluentWinUI3/light/images/spinbox-indicator-up-icon-up-pressed.png\n./venv/lib/python3.12/site-packages/PyQt6/Qt6/qml/QtQuick/Controls/FluentWinUI3/light/images/spinbox-indicator-up-icon-up-pressed@2x.png\n./venv/lib/python3.12/site-packages/PyQt6/Qt6/qml/QtQuick/Controls/FluentWinUI3/light/images/spinbox-indicator-up-icon-up-pressed@3x.png\n./venv/lib/python3.12/site-packages/PyQt6/Qt6/qml/QtQuick/Controls/FluentWinUI3/light/images/spinbox-indicator-up-icon.png\n./venv/lib/python3.12/site-packages/PyQt6/Qt6/qml/QtQuick/Controls/FluentWinUI3/light/images/spinbox-indicator-up-icon@2x.png\n./venv/lib/python3.12/site-packages/PyQt6/Qt6/qml/QtQuick/Controls/FluentWinUI3/light/images/spinbox-indicator-up-icon@3x.png\n./venv/lib/python3.12/site-packages/PyQt6/Qt6/qml/QtQuick/Controls/FluentWinUI3/light/images/textarea-background-disabled.png\n./venv/lib/python3.12/site-packages/PyQt6/Qt6/qml/QtQuick/Controls/FluentWinUI3/light/images/textarea-background-disabled@2x.png\n./venv/lib/python3.12/site-packages/PyQt6/Qt6/qml/QtQuick/Controls/FluentWinUI3/light/images/textarea-background-disabled@3x.png\n./venv/lib/python3.12/site-packages/PyQt6/Qt6/qml/QtQuick/Controls/FluentWinUI3/light/images/textarea-background-focused.png\n./venv/lib/python3.12/site-packages/PyQt6/Qt6/qml/QtQuick/Controls/FluentWinUI3/light/images/textarea-background-focused@2x.png\n./venv/lib/python3.12/site-packages/PyQt6/Qt6/qml/QtQuick/Controls/FluentWinUI3/light/images/textarea-background-focused@3x.png\n./venv/lib/python3.12/site-packages/PyQt6/Qt6/qml/QtQuick/Controls/FluentWinUI3/light/images/textarea-background-hovered.png\n./venv/lib/python3.12/site-packages/PyQt6/Qt6/qml/QtQuick/Controls/FluentWinUI3/light/images/textarea-background-hovered@2x.png\n./venv/lib/python3.12/site-packages/PyQt6/Qt6/qml/QtQuick/Controls/FluentWinUI3/light/images/textarea-background-hovered@3x.png\n./venv/lib/python3.12/site-packages/PyQt6/Qt6/qml/QtQuick/Controls/FluentWinUI3/light/images/textarea-background.png\n./venv/lib/python3.12/site-packages/PyQt6/Qt6/qml/QtQuick/Controls/FluentWinUI3/light/images/textarea-background@2x.png\n./venv/lib/python3.12/site-packages/PyQt6/Qt6/qml/QtQuick/Controls/FluentWinUI3/light/images/textarea-background@3x.png\n./venv/lib/python3.12/site-packages/PyQt6/Qt6/qml/QtQuick/Controls/FluentWinUI3/light/images/textfield-background-disabled.png\n./venv/lib/python3.12/site-packages/PyQt6/Qt6/qml/QtQuick/Controls/FluentWinUI3/light/images/textfield-background-disabled@2x.png\n./venv/lib/python3.12/site-packages/PyQt6/Qt6/qml/QtQuick/Controls/FluentWinUI3/light/images/textfield-background-disabled@3x.png\n./venv/lib/python3.12/site-packages/PyQt6/Qt6/qml/QtQuick/Controls/FluentWinUI3/light/images/textfield-background-focused.png\n./venv/lib/python3.12/site-packages/PyQt6/Qt6/qml/QtQuick/Controls/FluentWinUI3/light/images/textfield-background-focused@2x.png\n./venv/lib/python3.12/site-packages/PyQt6/Qt6/qml/QtQuick/Controls/FluentWinUI3/light/images/textfield-background-focused@3x.png\n./venv/lib/python3.12/site-packages/PyQt6/Qt6/qml/QtQuick/Controls/FluentWinUI3/light/images/textfield-background-hovered.png\n./venv/lib/python3.12/site-packages/PyQt6/Qt6/qml/QtQuick/Controls/FluentWinUI3/light/images/textfield-background-hovered@2x.png\n./venv/lib/python3.12/site-packages/PyQt6/Qt6/qml/QtQuick/Controls/FluentWinUI3/light/images/textfield-background-hovered@3x.png\n./venv/lib/python3.12/site-packages/PyQt6/Qt6/qml/QtQuick/Controls/FluentWinUI3/light/images/textfield-background.png\n./venv/lib/python3.12/site-packages/PyQt6/Qt6/qml/QtQuick/Controls/FluentWinUI3/light/images/textfield-background@2x.png\n./venv/lib/python3.12/site-packages/PyQt6/Qt6/qml/QtQuick/Controls/FluentWinUI3/light/images/textfield-background@3x.png\n./venv/lib/python3.12/site-packages/PyQt6/Qt6/qml/QtQuick/Controls/FluentWinUI3/dark/images/checkbox-indicator-checked-disabled.png\n./venv/lib/python3.12/site-packages/PyQt6/Qt6/qml/QtQuick/Controls/FluentWinUI3/dark/images/checkbox-indicator-checked-disabled@2x.png\n./venv/lib/python3.12/site-packages/PyQt6/Qt6/qml/QtQuick/Controls/FluentWinUI3/dark/images/checkbox-indicator-checked-disabled@3x.png\n./venv/lib/python3.12/site-packages/PyQt6/Qt6/qml/QtQuick/Controls/FluentWinUI3/dark/images/checkbox-indicator-checked-hovered.png\n./venv/lib/python3.12/site-packages/PyQt6/Qt6/qml/QtQuick/Controls/FluentWinUI3/dark/images/checkbox-indicator-checked-hovered@2x.png\n./venv/lib/python3.12/site-packages/PyQt6/Qt6/qml/QtQuick/Controls/FluentWinUI3/dark/images/checkbox-indicator-checked-hovered@3x.png\n./venv/lib/python3.12/site-packages/PyQt6/Qt6/qml/QtQuick/Controls/FluentWinUI3/dark/images/checkbox-indicator-checked-pressed.png\n./venv/lib/python3.12/site-packages/PyQt6/Qt6/qml/QtQuick/Controls/FluentWinUI3/dark/images/checkbox-indicator-checked-pressed@2x.png\n./venv/lib/python3.12/site-packages/PyQt6/Qt6/qml/QtQuick/Controls/FluentWinUI3/dark/images/checkbox-indicator-checked-pressed@3x.png\n./venv/lib/python3.12/site-packages/PyQt6/Qt6/qml/QtQuick/Controls/FluentWinUI3/dark/images/checkbox-indicator-checked.png\n./venv/lib/python3.12/site-packages/PyQt6/Qt6/qml/QtQuick/Controls/FluentWinUI3/dark/images/checkbox-indicator-checked@2x.png\n./venv/lib/python3.12/site-packages/PyQt6/Qt6/qml/QtQuick/Controls/FluentWinUI3/dark/images/checkbox-indicator-checked@3x.png\n./venv/lib/python3.12/site-packages/PyQt6/Qt6/qml/QtQuick/Controls/FluentWinUI3/dark/images/checkbox-indicator-disabled-partiallyChecked.png\n./venv/lib/python3.12/site-packages/PyQt6/Qt6/qml/QtQuick/Controls/FluentWinUI3/dark/images/checkbox-indicator-disabled-partiallyChecked@2x.png\n./venv/lib/python3.12/site-packages/PyQt6/Qt6/qml/QtQuick/Controls/FluentWinUI3/dark/images/checkbox-indicator-disabled-partiallyChecked@3x.png\n./venv/lib/python3.12/site-packages/PyQt6/Qt6/qml/QtQuick/Controls/FluentWinUI3/dark/images/checkbox-indicator-disabled.png\n./venv/lib/python3.12/site-packages/PyQt6/Qt6/qml/QtQuick/Controls/FluentWinUI3/dark/images/checkbox-indicator-disabled@2x.png\n./venv/lib/python3.12/site-packages/PyQt6/Qt6/qml/QtQuick/Controls/FluentWinUI3/dark/images/checkbox-indicator-disabled@3x.png\n./venv/lib/python3.12/site-packages/PyQt6/Qt6/qml/QtQuick/Controls/FluentWinUI3/dark/images/checkbox-indicator-hovered-partiallyChecked.png\n./venv/lib/python3.12/site-packages/PyQt6/Qt6/qml/QtQuick/Controls/FluentWinUI3/dark/images/checkbox-indicator-hovered-partiallyChecked@2x.png\n./venv/lib/python3.12/site-packages/PyQt6/Qt6/qml/QtQuick/Controls/FluentWinUI3/dark/images/checkbox-indicator-hovered-partiallyChecked@3x.png\n./venv/lib/python3.12/site-packages/PyQt6/Qt6/qml/QtQuick/Controls/FluentWinUI3/dark/images/checkbox-indicator-hovered.png\n./venv/lib/python3.12/site-packages/PyQt6/Qt6/qml/QtQuick/Controls/FluentWinUI3/dark/images/checkbox-indicator-hovered@2x.png\n./venv/lib/python3.12/site-packages/PyQt6/Qt6/qml/QtQuick/Controls/FluentWinUI3/dark/images/checkbox-indicator-hovered@3x.png\n./venv/lib/python3.12/site-packages/PyQt6/Qt6/qml/QtQuick/Controls/FluentWinUI3/dark/images/checkbox-indicator-partiallyChecked-pressed.png\n./venv/lib/python3.12/site-packages/PyQt6/Qt6/qml/QtQuick/Controls/FluentWinUI3/dark/images/checkbox-indicator-partiallyChecked-pressed@2x.png\n./venv/lib/python3.12/site-packages/PyQt6/Qt6/qml/QtQuick/Controls/FluentWinUI3/dark/images/checkbox-indicator-partiallyChecked-pressed@3x.png\n./venv/lib/python3.12/site-packages/PyQt6/Qt6/qml/QtQuick/Controls/FluentWinUI3/dark/images/checkbox-indicator-partiallyChecked.png\n./venv/lib/python3.12/site-packages/PyQt6/Qt6/qml/QtQuick/Controls/FluentWinUI3/dark/images/checkbox-indicator-partiallyChecked@2x.png\n./venv/lib/python3.12/site-packages/PyQt6/Qt6/qml/QtQuick/Controls/FluentWinUI3/dark/images/checkbox-indicator-partiallyChecked@3x.png\n./venv/lib/python3.12/site-packages/PyQt6/Qt6/qml/QtQuick/Controls/FluentWinUI3/dark/images/checkbox-indicator-pressed.png\n./venv/lib/python3.12/site-packages/PyQt6/Qt6/qml/QtQuick/Controls/FluentWinUI3/dark/images/checkbox-indicator-pressed@2x.png\n./venv/lib/python3.12/site-packages/PyQt6/Qt6/qml/QtQuick/Controls/FluentWinUI3/dark/images/checkbox-indicator-pressed@3x.png\n./venv/lib/python3.12/site-packages/PyQt6/Qt6/qml/QtQuick/Controls/FluentWinUI3/dark/images/checkbox-indicator.png\n./venv/lib/python3.12/site-packages/PyQt6/Qt6/qml/QtQuick/Controls/FluentWinUI3/dark/images/checkbox-indicator@2x.png\n./venv/lib/python3.12/site-packages/PyQt6/Qt6/qml/QtQuick/Controls/FluentWinUI3/dark/images/checkbox-indicator@3x.png\n./venv/lib/python3.12/site-packages/PyQt6/Qt6/qml/QtQuick/Controls/FluentWinUI3/dark/images/combobox-background-disabled.png\n./venv/lib/python3.12/site-packages/PyQt6/Qt6/qml/QtQuick/Controls/FluentWinUI3/dark/images/combobox-background-disabled@2x.png\n./venv/lib/python3.12/site-packages/PyQt6/Qt6/qml/QtQuick/Controls/FluentWinUI3/dark/images/combobox-background-disabled@3x.png\n./venv/lib/python3.12/site-packages/PyQt6/Qt6/qml/QtQuick/Controls/FluentWinUI3/dark/images/combobox-background-focused.png\n./venv/lib/python3.12/site-packages/PyQt6/Qt6/qml/QtQuick/Controls/FluentWinUI3/dark/images/combobox-background-focused@2x.png\n./venv/lib/python3.12/site-packages/PyQt6/Qt6/qml/QtQuick/Controls/FluentWinUI3/dark/images/combobox-background-focused@3x.png\n./venv/lib/python3.12/site-packages/PyQt6/Qt6/qml/QtQuick/Controls/FluentWinUI3/dark/images/combobox-background-hovered-open.png\n./venv/lib/python3.12/site-packages/PyQt6/Qt6/qml/QtQuick/Controls/FluentWinUI3/dark/images/combobox-background-hovered-open@2x.png\n./venv/lib/python3.12/site-packages/PyQt6/Qt6/qml/QtQuick/Controls/FluentWinUI3/dark/images/combobox-background-hovered-open@3x.png\n./venv/lib/python3.12/site-packages/PyQt6/Qt6/qml/QtQuick/Controls/FluentWinUI3/dark/images/combobox-background-hovered.png\n./venv/lib/python3.12/site-packages/PyQt6/Qt6/qml/QtQuick/Controls/FluentWinUI3/dark/images/combobox-background-hovered@2x.png\n./venv/lib/python3.12/site-packages/PyQt6/Qt6/qml/QtQuick/Controls/FluentWinUI3/dark/images/combobox-background-hovered@3x.png\n./venv/lib/python3.12/site-packages/PyQt6/Qt6/qml/QtQuick/Controls/FluentWinUI3/dark/images/combobox-background-open-pressed.png\n./venv/lib/python3.12/site-packages/PyQt6/Qt6/qml/QtQuick/Controls/FluentWinUI3/dark/images/combobox-background-open-pressed@2x.png\n./venv/lib/python3.12/site-packages/PyQt6/Qt6/qml/QtQuick/Controls/FluentWinUI3/dark/images/combobox-background-open-pressed@3x.png\n./venv/lib/python3.12/site-packages/PyQt6/Qt6/qml/QtQuick/Controls/FluentWinUI3/dark/images/combobox-background-open.png\n./venv/lib/python3.12/site-packages/PyQt6/Qt6/qml/QtQuick/Controls/FluentWinUI3/dark/images/combobox-background-open@2x.png\n./venv/lib/python3.12/site-packages/PyQt6/Qt6/qml/QtQuick/Controls/FluentWinUI3/dark/images/combobox-background-open@3x.png\n./venv/lib/python3.12/site-packages/PyQt6/Qt6/qml/QtQuick/Controls/FluentWinUI3/dark/images/combobox-background-pressed.png\n./venv/lib/python3.12/site-packages/PyQt6/Qt6/qml/QtQuick/Controls/FluentWinUI3/dark/images/combobox-background-pressed@2x.png\n./venv/lib/python3.12/site-packages/PyQt6/Qt6/qml/QtQuick/Controls/FluentWinUI3/dark/images/combobox-background-pressed@3x.png\n./venv/lib/python3.12/site-packages/PyQt6/Qt6/qml/QtQuick/Controls/FluentWinUI3/dark/images/combobox-background.png\n./venv/lib/python3.12/site-packages/PyQt6/Qt6/qml/QtQuick/Controls/FluentWinUI3/dark/images/combobox-background@2x.png\n./venv/lib/python3.12/site-packages/PyQt6/Qt6/qml/QtQuick/Controls/FluentWinUI3/dark/images/combobox-background@3x.png\n./venv/lib/python3.12/site-packages/PyQt6/Qt6/qml/QtQuick/Controls/FluentWinUI3/dark/images/combobox-indicator-disabled.png\n./venv/lib/python3.12/site-packages/PyQt6/Qt6/qml/QtQuick/Controls/FluentWinUI3/dark/images/combobox-indicator-disabled@2x.png\n./venv/lib/python3.12/site-packages/PyQt6/Qt6/qml/QtQuick/Controls/FluentWinUI3/dark/images/combobox-indicator-disabled@3x.png\n./venv/lib/python3.12/site-packages/PyQt6/Qt6/qml/QtQuick/Controls/FluentWinUI3/dark/images/combobox-indicator-focused.png\n./venv/lib/python3.12/site-packages/PyQt6/Qt6/qml/QtQuick/Controls/FluentWinUI3/dark/images/combobox-indicator-focused@2x.png\n./venv/lib/python3.12/site-packages/PyQt6/Qt6/qml/QtQuick/Controls/FluentWinUI3/dark/images/combobox-indicator-focused@3x.png\n./venv/lib/python3.12/site-packages/PyQt6/Qt6/qml/QtQuick/Controls/FluentWinUI3/dark/images/combobox-indicator-hovered-open.png\n./venv/lib/python3.12/site-packages/PyQt6/Qt6/qml/QtQuick/Controls/FluentWinUI3/dark/images/combobox-indicator-hovered-open@2x.png\n./venv/lib/python3.12/site-packages/PyQt6/Qt6/qml/QtQuick/Controls/FluentWinUI3/dark/images/combobox-indicator-hovered-open@3x.png\n./venv/lib/python3.12/site-packages/PyQt6/Qt6/qml/QtQuick/Controls/FluentWinUI3/dark/images/combobox-indicator-hovered.png\n./venv/lib/python3.12/site-packages/PyQt6/Qt6/qml/QtQuick/Controls/FluentWinUI3/dark/images/combobox-indicator-hovered@2x.png\n./venv/lib/python3.12/site-packages/PyQt6/Qt6/qml/QtQuick/Controls/FluentWinUI3/dark/images/combobox-indicator-hovered@3x.png\n./venv/lib/python3.12/site-packages/PyQt6/Qt6/qml/QtQuick/Controls/FluentWinUI3/dark/images/combobox-indicator-open-pressed.png\n./venv/lib/python3.12/site-packages/PyQt6/Qt6/qml/QtQuick/Controls/FluentWinUI3/dark/images/combobox-indicator-open-pressed@2x.png\n./venv/lib/python3.12/site-packages/PyQt6/Qt6/qml/QtQuick/Controls/FluentWinUI3/dark/images/combobox-indicator-open-pressed@3x.png\n./venv/lib/python3.12/site-packages/PyQt6/Qt6/qml/QtQuick/Controls/FluentWinUI3/dark/images/combobox-indicator-open.png\n./venv/lib/python3.12/site-packages/PyQt6/Qt6/qml/QtQuick/Controls/FluentWinUI3/dark/images/combobox-indicator-open@2x.png\n./venv/lib/python3.12/site-packages/PyQt6/Qt6/qml/QtQuick/Controls/FluentWinUI3/dark/images/combobox-indicator-open@3x.png\n./venv/lib/python3.12/site-packages/PyQt6/Qt6/qml/QtQuick/Controls/FluentWinUI3/dark/images/combobox-indicator-pressed.png\n./venv/lib/python3.12/site-packages/PyQt6/Qt6/qml/QtQuick/Controls/FluentWinUI3/dark/images/combobox-indicator-pressed@2x.png\n./venv/lib/python3.12/site-packages/PyQt6/Qt6/qml/QtQuick/Controls/FluentWinUI3/dark/images/combobox-indicator-pressed@3x.png\n./venv/lib/python3.12/site-packages/PyQt6/Qt6/qml/QtQuick/Controls/FluentWinUI3/dark/images/combobox-indicator.png\n./venv/lib/python3.12/site-packages/PyQt6/Qt6/qml/QtQuick/Controls/FluentWinUI3/dark/images/combobox-indicator@2x.png\n./venv/lib/python3.12/site-packages/PyQt6/Qt6/qml/QtQuick/Controls/FluentWinUI3/dark/images/combobox-indicator@3x.png\n./venv/lib/python3.12/site-packages/PyQt6/Qt6/qml/QtQuick/Controls/FluentWinUI3/dark/images/editablecombobox-background-hovered-open.png\n./venv/lib/python3.12/site-packages/PyQt6/Qt6/qml/QtQuick/Controls/FluentWinUI3/dark/images/editablecombobox-background-hovered-open@2x.png\n./venv/lib/python3.12/site-packages/PyQt6/Qt6/qml/QtQuick/Controls/FluentWinUI3/dark/images/editablecombobox-background-hovered-open@3x.png\n./venv/lib/python3.12/site-packages/PyQt6/Qt6/qml/QtQuick/Controls/FluentWinUI3/dark/images/editablecombobox-background-open-pressed.png\n./venv/lib/python3.12/site-packages/PyQt6/Qt6/qml/QtQuick/Controls/FluentWinUI3/dark/images/editablecombobox-background-open-pressed@2x.png\n./venv/lib/python3.12/site-packages/PyQt6/Qt6/qml/QtQuick/Controls/FluentWinUI3/dark/images/editablecombobox-background-open-pressed@3x.png\n./venv/lib/python3.12/site-packages/PyQt6/Qt6/qml/QtQuick/Controls/FluentWinUI3/dark/images/editablecombobox-background-open.png\n./venv/lib/python3.12/site-packages/PyQt6/Qt6/qml/QtQuick/Controls/FluentWinUI3/dark/images/editablecombobox-background-open@2x.png\n./venv/lib/python3.12/site-packages/PyQt6/Qt6/qml/QtQuick/Controls/FluentWinUI3/dark/images/editablecombobox-background-open@3x.png\n./venv/lib/python3.12/site-packages/PyQt6/Qt6/qml/QtQuick/Controls/FluentWinUI3/dark/images/editablecombobox-indicator-hovered-open.png\n./venv/lib/python3.12/site-packages/PyQt6/Qt6/qml/QtQuick/Controls/FluentWinUI3/dark/images/editablecombobox-indicator-hovered-open@2x.png\n./venv/lib/python3.12/site-packages/PyQt6/Qt6/qml/QtQuick/Controls/FluentWinUI3/dark/images/editablecombobox-indicator-hovered-open@3x.png\n./venv/lib/python3.12/site-packages/PyQt6/Qt6/qml/QtQuick/Controls/FluentWinUI3/dark/images/editablecombobox-indicator-open-pressed.png\n./venv/lib/python3.12/site-packages/PyQt6/Qt6/qml/QtQuick/Controls/FluentWinUI3/dark/images/editablecombobox-indicator-open-pressed@2x.png\n./venv/lib/python3.12/site-packages/PyQt6/Qt6/qml/QtQuick/Controls/FluentWinUI3/dark/images/editablecombobox-indicator-open-pressed@3x.png\n./venv/lib/python3.12/site-packages/PyQt6/Qt6/qml/QtQuick/Controls/FluentWinUI3/dark/images/editablecombobox-indicator-open.png\n./venv/lib/python3.12/site-packages/PyQt6/Qt6/qml/QtQuick/Controls/FluentWinUI3/dark/images/editablecombobox-indicator-open@2x.png\n./venv/lib/python3.12/site-packages/PyQt6/Qt6/qml/QtQuick/Controls/FluentWinUI3/dark/images/editablecombobox-indicator-open@3x.png\n./venv/lib/python3.12/site-packages/PyQt6/Qt6/qml/QtQuick/Controls/FluentWinUI3/dark/images/editablecombobox-popup-background-hovered-open.png\n./venv/lib/python3.12/site-packages/PyQt6/Qt6/qml/QtQuick/Controls/FluentWinUI3/dark/images/editablecombobox-popup-background-hovered-open@2x.png\n./venv/lib/python3.12/site-packages/PyQt6/Qt6/qml/QtQuick/Controls/FluentWinUI3/dark/images/editablecombobox-popup-background-hovered-open@3x.png\n./venv/lib/python3.12/site-packages/PyQt6/Qt6/qml/QtQuick/Controls/FluentWinUI3/dark/images/editablecombobox-popup-background-open-pressed.png\n./venv/lib/python3.12/site-packages/PyQt6/Qt6/qml/QtQuick/Controls/FluentWinUI3/dark/images/editablecombobox-popup-background-open-pressed@2x.png\n./venv/lib/python3.12/site-packages/PyQt6/Qt6/qml/QtQuick/Controls/FluentWinUI3/dark/images/editablecombobox-popup-background-open-pressed@3x.png\n./venv/lib/python3.12/site-packages/PyQt6/Qt6/qml/QtQuick/Controls/FluentWinUI3/dark/images/editablecombobox-popup-background-open.png\n./venv/lib/python3.12/site-packages/PyQt6/Qt6/qml/QtQuick/Controls/FluentWinUI3/dark/images/editablecombobox-popup-background-open@2x.png\n./venv/lib/python3.12/site-packages/PyQt6/Qt6/qml/QtQuick/Controls/FluentWinUI3/dark/images/editablecombobox-popup-background-open@3x.png\n./venv/lib/python3.12/site-packages/PyQt6/Qt6/qml/QtQuick/Controls/FluentWinUI3/dark/images/frame-background-disabled.png\n./venv/lib/python3.12/site-packages/PyQt6/Qt6/qml/QtQuick/Controls/FluentWinUI3/dark/images/frame-background-disabled@2x.png\n./venv/lib/python3.12/site-packages/PyQt6/Qt6/qml/QtQuick/Controls/FluentWinUI3/dark/images/frame-background-disabled@3x.png\n./venv/lib/python3.12/site-packages/PyQt6/Qt6/qml/QtQuick/Controls/FluentWinUI3/dark/images/frame-background.png\n./venv/lib/python3.12/site-packages/PyQt6/Qt6/qml/QtQuick/Controls/FluentWinUI3/dark/images/frame-background@2x.png\n./venv/lib/python3.12/site-packages/PyQt6/Qt6/qml/QtQuick/Controls/FluentWinUI3/dark/images/frame-background@3x.png\n./venv/lib/python3.12/site-packages/PyQt6/Qt6/qml/QtQuick/Controls/FluentWinUI3/dark/images/itemdelegate-background-highlighted-hovered.png\n./venv/lib/python3.12/site-packages/PyQt6/Qt6/qml/QtQuick/Controls/FluentWinUI3/dark/images/itemdelegate-background-highlighted-hovered@2x.png\n./venv/lib/python3.12/site-packages/PyQt6/Qt6/qml/QtQuick/Controls/FluentWinUI3/dark/images/itemdelegate-background-highlighted-hovered@3x.png\n./venv/lib/python3.12/site-packages/PyQt6/Qt6/qml/QtQuick/Controls/FluentWinUI3/dark/images/itemdelegate-background-highlighted-pressed.png\n./venv/lib/python3.12/site-packages/PyQt6/Qt6/qml/QtQuick/Controls/FluentWinUI3/dark/images/itemdelegate-background-highlighted-pressed@2x.png\n./venv/lib/python3.12/site-packages/PyQt6/Qt6/qml/QtQuick/Controls/FluentWinUI3/dark/images/itemdelegate-background-highlighted-pressed@3x.png\n./venv/lib/python3.12/site-packages/PyQt6/Qt6/qml/QtQuick/Controls/FluentWinUI3/dark/images/itemdelegate-background-highlighted.png\n./venv/lib/python3.12/site-packages/PyQt6/Qt6/qml/QtQuick/Controls/FluentWinUI3/dark/images/itemdelegate-background-highlighted@2x.png\n./venv/lib/python3.12/site-packages/PyQt6/Qt6/qml/QtQuick/Controls/FluentWinUI3/dark/images/itemdelegate-background-highlighted@3x.png\n./venv/lib/python3.12/site-packages/PyQt6/Qt6/qml/QtQuick/Controls/FluentWinUI3/dark/images/itemdelegate-background-hovered.png\n./venv/lib/python3.12/site-packages/PyQt6/Qt6/qml/QtQuick/Controls/FluentWinUI3/dark/images/itemdelegate-background-hovered@2x.png\n./venv/lib/python3.12/site-packages/PyQt6/Qt6/qml/QtQuick/Controls/FluentWinUI3/dark/images/itemdelegate-background-hovered@3x.png\n./venv/lib/python3.12/site-packages/PyQt6/Qt6/qml/QtQuick/Controls/FluentWinUI3/dark/images/itemdelegate-background-pressed.png\n./venv/lib/python3.12/site-packages/PyQt6/Qt6/qml/QtQuick/Controls/FluentWinUI3/dark/images/itemdelegate-background-pressed@2x.png\n./venv/lib/python3.12/site-packages/PyQt6/Qt6/qml/QtQuick/Controls/FluentWinUI3/dark/images/itemdelegate-background-pressed@3x.png\n./venv/lib/python3.12/site-packages/PyQt6/Qt6/qml/QtQuick/Controls/FluentWinUI3/dark/images/pageindicatordelegate-indicator-delegate-current-hovered.png\n./venv/lib/python3.12/site-packages/PyQt6/Qt6/qml/QtQuick/Controls/FluentWinUI3/dark/images/pageindicatordelegate-indicator-delegate-current-hovered@2x.png\n./venv/lib/python3.12/site-packages/PyQt6/Qt6/qml/QtQuick/Controls/FluentWinUI3/dark/images/pageindicatordelegate-indicator-delegate-current-hovered@3x.png\n./venv/lib/python3.12/site-packages/PyQt6/Qt6/qml/QtQuick/Controls/FluentWinUI3/dark/images/pageindicatordelegate-indicator-delegate-current-pressed.png\n./venv/lib/python3.12/site-packages/PyQt6/Qt6/qml/QtQuick/Controls/FluentWinUI3/dark/images/pageindicatordelegate-indicator-delegate-current-pressed@2x.png\n./venv/lib/python3.12/site-packages/PyQt6/Qt6/qml/QtQuick/Controls/FluentWinUI3/dark/images/pageindicatordelegate-indicator-delegate-current-pressed@3x.png\n./venv/lib/python3.12/site-packages/PyQt6/Qt6/qml/QtQuick/Controls/FluentWinUI3/dark/images/pageindicatordelegate-indicator-delegate-current.png\n./venv/lib/python3.12/site-packages/PyQt6/Qt6/qml/QtQuick/Controls/FluentWinUI3/dark/images/pageindicatordelegate-indicator-delegate-current@2x.png\n./venv/lib/python3.12/site-packages/PyQt6/Qt6/qml/QtQuick/Controls/FluentWinUI3/dark/images/pageindicatordelegate-indicator-delegate-current@3x.png\n./venv/lib/python3.12/site-packages/PyQt6/Qt6/qml/QtQuick/Controls/FluentWinUI3/dark/images/pageindicatordelegate-indicator-delegate-pressed.png\n./venv/lib/python3.12/site-packages/PyQt6/Qt6/qml/QtQuick/Controls/FluentWinUI3/dark/images/pageindicatordelegate-indicator-delegate-pressed@2x.png\n./venv/lib/python3.12/site-packages/PyQt6/Qt6/qml/QtQuick/Controls/FluentWinUI3/dark/images/pageindicatordelegate-indicator-delegate-pressed@3x.png\n./venv/lib/python3.12/site-packages/PyQt6/Qt6/qml/QtQuick/Controls/FluentWinUI3/dark/images/pageindicatordelegate-indicator-disabled.png\n./venv/lib/python3.12/site-packages/PyQt6/Qt6/qml/QtQuick/Controls/FluentWinUI3/dark/images/pageindicatordelegate-indicator-disabled@2x.png\n./venv/lib/python3.12/site-packages/PyQt6/Qt6/qml/QtQuick/Controls/FluentWinUI3/dark/images/pageindicatordelegate-indicator-disabled@3x.png\n./venv/lib/python3.12/site-packages/PyQt6/Qt6/qml/QtQuick/Controls/FluentWinUI3/dark/images/pageindicatordelegate-indicator-hovered.png\n./venv/lib/python3.12/site-packages/PyQt6/Qt6/qml/QtQuick/Controls/FluentWinUI3/dark/images/pageindicatordelegate-indicator-hovered@2x.png\n./venv/lib/python3.12/site-packages/PyQt6/Qt6/qml/QtQuick/Controls/FluentWinUI3/dark/images/pageindicatordelegate-indicator-hovered@3x.png\n./venv/lib/python3.12/site-packages/PyQt6/Qt6/qml/QtQuick/Controls/FluentWinUI3/dark/images/pageindicatordelegate-indicator.png\n./venv/lib/python3.12/site-packages/PyQt6/Qt6/qml/QtQuick/Controls/FluentWinUI3/dark/images/pageindicatordelegate-indicator@2x.png\n./venv/lib/python3.12/site-packages/PyQt6/Qt6/qml/QtQuick/Controls/FluentWinUI3/dark/images/pageindicatordelegate-indicator@3x.png\n./venv/lib/python3.12/site-packages/PyQt6/Qt6/qml/QtQuick/Controls/FluentWinUI3/dark/images/popup-background.png\n./venv/lib/python3.12/site-packages/PyQt6/Qt6/qml/QtQuick/Controls/FluentWinUI3/dark/images/popup-background@2x.png\n./venv/lib/python3.12/site-packages/PyQt6/Qt6/qml/QtQuick/Controls/FluentWinUI3/dark/images/popup-background@3x.png\n./venv/lib/python3.12/site-packages/PyQt6/Qt6/qml/QtQuick/Controls/FluentWinUI3/dark/images/progressbar-groove-disabled.png\n./venv/lib/python3.12/site-packages/PyQt6/Qt6/qml/QtQuick/Controls/FluentWinUI3/dark/images/progressbar-groove-disabled@2x.png\n./venv/lib/python3.12/site-packages/PyQt6/Qt6/qml/QtQuick/Controls/FluentWinUI3/dark/images/progressbar-groove-disabled@3x.png\n./venv/lib/python3.12/site-packages/PyQt6/Qt6/qml/QtQuick/Controls/FluentWinUI3/dark/images/progressbar-groove.png\n./venv/lib/python3.12/site-packages/PyQt6/Qt6/qml/QtQuick/Controls/FluentWinUI3/dark/images/progressbar-groove@2x.png\n./venv/lib/python3.12/site-packages/PyQt6/Qt6/qml/QtQuick/Controls/FluentWinUI3/dark/images/progressbar-groove@3x.png\n./venv/lib/python3.12/site-packages/PyQt6/Qt6/qml/QtQuick/Controls/FluentWinUI3/dark/images/radiobutton-indicator-checked-disabled.png\n./venv/lib/python3.12/site-packages/PyQt6/Qt6/qml/QtQuick/Controls/FluentWinUI3/dark/images/radiobutton-indicator-checked-disabled@2x.png\n./venv/lib/python3.12/site-packages/PyQt6/Qt6/qml/QtQuick/Controls/FluentWinUI3/dark/images/radiobutton-indicator-checked-disabled@3x.png\n./venv/lib/python3.12/site-packages/PyQt6/Qt6/qml/QtQuick/Controls/FluentWinUI3/dark/images/radiobutton-indicator-checked-hovered.png\n./venv/lib/python3.12/site-packages/PyQt6/Qt6/qml/QtQuick/Controls/FluentWinUI3/dark/images/radiobutton-indicator-checked-hovered@2x.png\n./venv/lib/python3.12/site-packages/PyQt6/Qt6/qml/QtQuick/Controls/FluentWinUI3/dark/images/radiobutton-indicator-checked-hovered@3x.png\n./venv/lib/python3.12/site-packages/PyQt6/Qt6/qml/QtQuick/Controls/FluentWinUI3/dark/images/radiobutton-indicator-checked-pressed.png\n./venv/lib/python3.12/site-packages/PyQt6/Qt6/qml/QtQuick/Controls/FluentWinUI3/dark/images/radiobutton-indicator-checked-pressed@2x.png\n./venv/lib/python3.12/site-packages/PyQt6/Qt6/qml/QtQuick/Controls/FluentWinUI3/dark/images/radiobutton-indicator-checked-pressed@3x.png\n./venv/lib/python3.12/site-packages/PyQt6/Qt6/qml/QtQuick/Controls/FluentWinUI3/dark/images/radiobutton-indicator-checked.png\n./venv/lib/python3.12/site-packages/PyQt6/Qt6/qml/QtQuick/Controls/FluentWinUI3/dark/images/radiobutton-indicator-checked@2x.png\n./venv/lib/python3.12/site-packages/PyQt6/Qt6/qml/QtQuick/Controls/FluentWinUI3/dark/images/radiobutton-indicator-checked@3x.png\n./venv/lib/python3.12/site-packages/PyQt6/Qt6/qml/QtQuick/Controls/FluentWinUI3/dark/images/radiobutton-indicator-disabled.png\n./venv/lib/python3.12/site-packages/PyQt6/Qt6/qml/QtQuick/Controls/FluentWinUI3/dark/images/radiobutton-indicator-disabled@2x.png\n./venv/lib/python3.12/site-packages/PyQt6/Qt6/qml/QtQuick/Controls/FluentWinUI3/dark/images/radiobutton-indicator-disabled@3x.png\n./venv/lib/python3.12/site-packages/PyQt6/Qt6/qml/QtQuick/Controls/FluentWinUI3/dark/images/radiobutton-indicator-hovered.png\n./venv/lib/python3.12/site-packages/PyQt6/Qt6/qml/QtQuick/Controls/FluentWinUI3/dark/images/radiobutton-indicator-hovered@2x.png\n./venv/lib/python3.12/site-packages/PyQt6/Qt6/qml/QtQuick/Controls/FluentWinUI3/dark/images/radiobutton-indicator-hovered@3x.png\n./venv/lib/python3.12/site-packages/PyQt6/Qt6/qml/QtQuick/Controls/FluentWinUI3/dark/images/radiobutton-indicator-pressed.png\n./venv/lib/python3.12/site-packages/PyQt6/Qt6/qml/QtQuick/Controls/FluentWinUI3/dark/images/radiobutton-indicator-pressed@2x.png\n./venv/lib/python3.12/site-packages/PyQt6/Qt6/qml/QtQuick/Controls/FluentWinUI3/dark/images/radiobutton-indicator-pressed@3x.png\n./venv/lib/python3.12/site-packages/PyQt6/Qt6/qml/QtQuick/Controls/FluentWinUI3/dark/images/radiobutton-indicator.png\n./venv/lib/python3.12/site-packages/PyQt6/Qt6/qml/QtQuick/Controls/FluentWinUI3/dark/images/radiobutton-indicator@2x.png\n./venv/lib/python3.12/site-packages/PyQt6/Qt6/qml/QtQuick/Controls/FluentWinUI3/dark/images/radiobutton-indicator@3x.png\n./venv/lib/python3.12/site-packages/PyQt6/Qt6/qml/QtQuick/Controls/FluentWinUI3/dark/images/rangeslider-first-handle-disabled.png\n./venv/lib/python3.12/site-packages/PyQt6/Qt6/qml/QtQuick/Controls/FluentWinUI3/dark/images/rangeslider-first-handle-disabled@2x.png\n./venv/lib/python3.12/site-packages/PyQt6/Qt6/qml/QtQuick/Controls/FluentWinUI3/dark/images/rangeslider-first-handle-disabled@3x.png\n./venv/lib/python3.12/site-packages/PyQt6/Qt6/qml/QtQuick/Controls/FluentWinUI3/dark/images/rangeslider-first-handle-handle-pressed.png\n./venv/lib/python3.12/site-packages/PyQt6/Qt6/qml/QtQuick/Controls/FluentWinUI3/dark/images/rangeslider-first-handle-handle-pressed@2x.png\n./venv/lib/python3.12/site-packages/PyQt6/Qt6/qml/QtQuick/Controls/FluentWinUI3/dark/images/rangeslider-first-handle-handle-pressed@3x.png\n./venv/lib/python3.12/site-packages/PyQt6/Qt6/qml/QtQuick/Controls/FluentWinUI3/dark/images/rangeslider-first-handle-hovered.png\n./venv/lib/python3.12/site-packages/PyQt6/Qt6/qml/QtQuick/Controls/FluentWinUI3/dark/images/rangeslider-first-handle-hovered@2x.png\n./venv/lib/python3.12/site-packages/PyQt6/Qt6/qml/QtQuick/Controls/FluentWinUI3/dark/images/rangeslider-first-handle-hovered@3x.png\n./venv/lib/python3.12/site-packages/PyQt6/Qt6/qml/QtQuick/Controls/FluentWinUI3/dark/images/rangeslider-first-handle.png\n./venv/lib/python3.12/site-packages/PyQt6/Qt6/qml/QtQuick/Controls/FluentWinUI3/dark/images/rangeslider-first-handle@2x.png\n./venv/lib/python3.12/site-packages/PyQt6/Qt6/qml/QtQuick/Controls/FluentWinUI3/dark/images/rangeslider-first-handle@3x.png\n./venv/lib/python3.12/site-packages/PyQt6/Qt6/qml/QtQuick/Controls/FluentWinUI3/dark/images/rangeslider-groove-disabled.png\n./venv/lib/python3.12/site-packages/PyQt6/Qt6/qml/QtQuick/Controls/FluentWinUI3/dark/images/rangeslider-groove-disabled@2x.png\n./venv/lib/python3.12/site-packages/PyQt6/Qt6/qml/QtQuick/Controls/FluentWinUI3/dark/images/rangeslider-groove-disabled@3x.png\n./venv/lib/python3.12/site-packages/PyQt6/Qt6/qml/QtQuick/Controls/FluentWinUI3/dark/images/rangeslider-groove-handle-pressed.png\n./venv/lib/python3.12/site-packages/PyQt6/Qt6/qml/QtQuick/Controls/FluentWinUI3/dark/images/rangeslider-groove-handle-pressed@2x.png\n./venv/lib/python3.12/site-packages/PyQt6/Qt6/qml/QtQuick/Controls/FluentWinUI3/dark/images/rangeslider-groove-handle-pressed@3x.png\n./venv/lib/python3.12/site-packages/PyQt6/Qt6/qml/QtQuick/Controls/FluentWinUI3/dark/images/rangeslider-groove-hovered.png\n./venv/lib/python3.12/site-packages/PyQt6/Qt6/qml/QtQuick/Controls/FluentWinUI3/dark/images/rangeslider-groove-hovered@2x.png\n./venv/lib/python3.12/site-packages/PyQt6/Qt6/qml/QtQuick/Controls/FluentWinUI3/dark/images/rangeslider-groove-hovered@3x.png\n./venv/lib/python3.12/site-packages/PyQt6/Qt6/qml/QtQuick/Controls/FluentWinUI3/dark/images/rangeslider-groove.png\n./venv/lib/python3.12/site-packages/PyQt6/Qt6/qml/QtQuick/Controls/FluentWinUI3/dark/images/rangeslider-groove@2x.png\n./venv/lib/python3.12/site-packages/PyQt6/Qt6/qml/QtQuick/Controls/FluentWinUI3/dark/images/rangeslider-groove@3x.png\n./venv/lib/python3.12/site-packages/PyQt6/Qt6/qml/QtQuick/Controls/FluentWinUI3/dark/images/rangeslider-second-handle-disabled.png\n./venv/lib/python3.12/site-packages/PyQt6/Qt6/qml/QtQuick/Controls/FluentWinUI3/dark/images/rangeslider-second-handle-disabled@2x.png\n./venv/lib/python3.12/site-packages/PyQt6/Qt6/qml/QtQuick/Controls/FluentWinUI3/dark/images/rangeslider-second-handle-disabled@3x.png\n./venv/lib/python3.12/site-packages/PyQt6/Qt6/qml/QtQuick/Controls/FluentWinUI3/dark/images/rangeslider-second-handle-handle-pressed.png\n./venv/lib/python3.12/site-packages/PyQt6/Qt6/qml/QtQuick/Controls/FluentWinUI3/dark/images/rangeslider-second-handle-handle-pressed@2x.png\n./venv/lib/python3.12/site-packages/PyQt6/Qt6/qml/QtQuick/Controls/FluentWinUI3/dark/images/rangeslider-second-handle-handle-pressed@3x.png\n./venv/lib/python3.12/site-packages/PyQt6/Qt6/qml/QtQuick/Controls/FluentWinUI3/dark/images/rangeslider-second-handle-hovered.png\n./venv/lib/python3.12/site-packages/PyQt6/Qt6/qml/QtQuick/Controls/FluentWinUI3/dark/images/rangeslider-second-handle-hovered@2x.png\n./venv/lib/python3.12/site-packages/PyQt6/Qt6/qml/QtQuick/Controls/FluentWinUI3/dark/images/rangeslider-second-handle-hovered@3x.png\n./venv/lib/python3.12/site-packages/PyQt6/Qt6/qml/QtQuick/Controls/FluentWinUI3/dark/images/rangeslider-second-handle.png\n./venv/lib/python3.12/site-packages/PyQt6/Qt6/qml/QtQuick/Controls/FluentWinUI3/dark/images/rangeslider-second-handle@2x.png\n./venv/lib/python3.12/site-packages/PyQt6/Qt6/qml/QtQuick/Controls/FluentWinUI3/dark/images/rangeslider-second-handle@3x.png\n./venv/lib/python3.12/site-packages/PyQt6/Qt6/qml/QtQuick/Controls/FluentWinUI3/dark/images/slider-groove-disabled.png\n./venv/lib/python3.12/site-packages/PyQt6/Qt6/qml/QtQuick/Controls/FluentWinUI3/dark/images/slider-groove-disabled@2x.png\n./venv/lib/python3.12/site-packages/PyQt6/Qt6/qml/QtQuick/Controls/FluentWinUI3/dark/images/slider-groove-disabled@3x.png\n./venv/lib/python3.12/site-packages/PyQt6/Qt6/qml/QtQuick/Controls/FluentWinUI3/dark/images/slider-groove-hovered.png\n./venv/lib/python3.12/site-packages/PyQt6/Qt6/qml/QtQuick/Controls/FluentWinUI3/dark/images/slider-groove-hovered@2x.png\n./venv/lib/python3.12/site-packages/PyQt6/Qt6/qml/QtQuick/Controls/FluentWinUI3/dark/images/slider-groove-hovered@3x.png\n./venv/lib/python3.12/site-packages/PyQt6/Qt6/qml/QtQuick/Controls/FluentWinUI3/dark/images/slider-groove-pressed.png\n./venv/lib/python3.12/site-packages/PyQt6/Qt6/qml/QtQuick/Controls/FluentWinUI3/dark/images/slider-groove-pressed@2x.png\n./venv/lib/python3.12/site-packages/PyQt6/Qt6/qml/QtQuick/Controls/FluentWinUI3/dark/images/slider-groove-pressed@3x.png\n./venv/lib/python3.12/site-packages/PyQt6/Qt6/qml/QtQuick/Controls/FluentWinUI3/dark/images/slider-groove.png\n./venv/lib/python3.12/site-packages/PyQt6/Qt6/qml/QtQuick/Controls/FluentWinUI3/dark/images/slider-groove@2x.png\n./venv/lib/python3.12/site-packages/PyQt6/Qt6/qml/QtQuick/Controls/FluentWinUI3/dark/images/slider-groove@3x.png\n./venv/lib/python3.12/site-packages/PyQt6/Qt6/qml/QtQuick/Controls/FluentWinUI3/dark/images/slider-handle-disabled.png\n./venv/lib/python3.12/site-packages/PyQt6/Qt6/qml/QtQuick/Controls/FluentWinUI3/dark/images/slider-handle-disabled@2x.png\n./venv/lib/python3.12/site-packages/PyQt6/Qt6/qml/QtQuick/Controls/FluentWinUI3/dark/images/slider-handle-disabled@3x.png\n./venv/lib/python3.12/site-packages/PyQt6/Qt6/qml/QtQuick/Controls/FluentWinUI3/dark/images/slider-handle-hovered.png\n./venv/lib/python3.12/site-packages/PyQt6/Qt6/qml/QtQuick/Controls/FluentWinUI3/dark/images/slider-handle-hovered@2x.png\n./venv/lib/python3.12/site-packages/PyQt6/Qt6/qml/QtQuick/Controls/FluentWinUI3/dark/images/slider-handle-hovered@3x.png\n./venv/lib/python3.12/site-packages/PyQt6/Qt6/qml/QtQuick/Controls/FluentWinUI3/dark/images/slider-handle-pressed.png\n./venv/lib/python3.12/site-packages/PyQt6/Qt6/qml/QtQuick/Controls/FluentWinUI3/dark/images/slider-handle-pressed@2x.png\n./venv/lib/python3.12/site-packages/PyQt6/Qt6/qml/QtQuick/Controls/FluentWinUI3/dark/images/slider-handle-pressed@3x.png\n./venv/lib/python3.12/site-packages/PyQt6/Qt6/qml/QtQuick/Controls/FluentWinUI3/dark/images/slider-handle.png\n./venv/lib/python3.12/site-packages/PyQt6/Qt6/qml/QtQuick/Controls/FluentWinUI3/dark/images/slider-handle@2x.png\n./venv/lib/python3.12/site-packages/PyQt6/Qt6/qml/QtQuick/Controls/FluentWinUI3/dark/images/slider-handle@3x.png\n./venv/lib/python3.12/site-packages/PyQt6/Qt6/qml/QtQuick/Controls/FluentWinUI3/dark/images/spinbox-background-atlimit.png\n./venv/lib/python3.12/site-packages/PyQt6/Qt6/qml/QtQuick/Controls/FluentWinUI3/dark/images/spinbox-background-atlimit@2x.png\n./venv/lib/python3.12/site-packages/PyQt6/Qt6/qml/QtQuick/Controls/FluentWinUI3/dark/images/spinbox-background-atlimit@3x.png\n./venv/lib/python3.12/site-packages/PyQt6/Qt6/qml/QtQuick/Controls/FluentWinUI3/dark/images/spinbox-background-disabled.png\n./venv/lib/python3.12/site-packages/PyQt6/Qt6/qml/QtQuick/Controls/FluentWinUI3/dark/images/spinbox-background-disabled@2x.png\n./venv/lib/python3.12/site-packages/PyQt6/Qt6/qml/QtQuick/Controls/FluentWinUI3/dark/images/spinbox-background-disabled@3x.png\n./venv/lib/python3.12/site-packages/PyQt6/Qt6/qml/QtQuick/Controls/FluentWinUI3/dark/images/spinbox-background-down-hovered.png\n./venv/lib/python3.12/site-packages/PyQt6/Qt6/qml/QtQuick/Controls/FluentWinUI3/dark/images/spinbox-background-down-hovered@2x.png\n./venv/lib/python3.12/site-packages/PyQt6/Qt6/qml/QtQuick/Controls/FluentWinUI3/dark/images/spinbox-background-down-hovered@3x.png\n./venv/lib/python3.12/site-packages/PyQt6/Qt6/qml/QtQuick/Controls/FluentWinUI3/dark/images/spinbox-background-down-pressed.png\n./venv/lib/python3.12/site-packages/PyQt6/Qt6/qml/QtQuick/Controls/FluentWinUI3/dark/images/spinbox-background-down-pressed@2x.png\n./venv/lib/python3.12/site-packages/PyQt6/Qt6/qml/QtQuick/Controls/FluentWinUI3/dark/images/spinbox-background-down-pressed@3x.png\n./venv/lib/python3.12/site-packages/PyQt6/Qt6/qml/QtQuick/Controls/FluentWinUI3/dark/images/spinbox-background-hovered.png\n./venv/lib/python3.12/site-packages/PyQt6/Qt6/qml/QtQuick/Controls/FluentWinUI3/dark/images/spinbox-background-hovered@2x.png\n./venv/lib/python3.12/site-packages/PyQt6/Qt6/qml/QtQuick/Controls/FluentWinUI3/dark/images/spinbox-background-hovered@3x.png\n./venv/lib/python3.12/site-packages/PyQt6/Qt6/qml/QtQuick/Controls/FluentWinUI3/dark/images/spinbox-background-up-hovered.png\n./venv/lib/python3.12/site-packages/PyQt6/Qt6/qml/QtQuick/Controls/FluentWinUI3/dark/images/spinbox-background-up-hovered@2x.png\n./venv/lib/python3.12/site-packages/PyQt6/Qt6/qml/QtQuick/Controls/FluentWinUI3/dark/images/spinbox-background-up-hovered@3x.png\n./venv/lib/python3.12/site-packages/PyQt6/Qt6/qml/QtQuick/Controls/FluentWinUI3/dark/images/spinbox-background-up-pressed.png\n./venv/lib/python3.12/site-packages/PyQt6/Qt6/qml/QtQuick/Controls/FluentWinUI3/dark/images/spinbox-background-up-pressed@2x.png\n./venv/lib/python3.12/site-packages/PyQt6/Qt6/qml/QtQuick/Controls/FluentWinUI3/dark/images/spinbox-background-up-pressed@3x.png\n./venv/lib/python3.12/site-packages/PyQt6/Qt6/qml/QtQuick/Controls/FluentWinUI3/dark/images/spinbox-background.png\n./venv/lib/python3.12/site-packages/PyQt6/Qt6/qml/QtQuick/Controls/FluentWinUI3/dark/images/spinbox-background@2x.png\n./venv/lib/python3.12/site-packages/PyQt6/Qt6/qml/QtQuick/Controls/FluentWinUI3/dark/images/spinbox-background@3x.png\n./venv/lib/python3.12/site-packages/PyQt6/Qt6/qml/QtQuick/Controls/FluentWinUI3/dark/images/spinbox-indicator-down-background-atlimit.png\n./venv/lib/python3.12/site-packages/PyQt6/Qt6/qml/QtQuick/Controls/FluentWinUI3/dark/images/spinbox-indicator-down-background-atlimit@2x.png\n./venv/lib/python3.12/site-packages/PyQt6/Qt6/qml/QtQuick/Controls/FluentWinUI3/dark/images/spinbox-indicator-down-background-atlimit@3x.png\n./venv/lib/python3.12/site-packages/PyQt6/Qt6/qml/QtQuick/Controls/FluentWinUI3/dark/images/spinbox-indicator-down-background-disabled.png\n./venv/lib/python3.12/site-packages/PyQt6/Qt6/qml/QtQuick/Controls/FluentWinUI3/dark/images/spinbox-indicator-down-background-disabled@2x.png\n./venv/lib/python3.12/site-packages/PyQt6/Qt6/qml/QtQuick/Controls/FluentWinUI3/dark/images/spinbox-indicator-down-background-disabled@3x.png\n./venv/lib/python3.12/site-packages/PyQt6/Qt6/qml/QtQuick/Controls/FluentWinUI3/dark/images/spinbox-indicator-down-background-down-hovered.png\n./venv/lib/python3.12/site-packages/PyQt6/Qt6/qml/QtQuick/Controls/FluentWinUI3/dark/images/spinbox-indicator-down-background-down-hovered@2x.png\n./venv/lib/python3.12/site-packages/PyQt6/Qt6/qml/QtQuick/Controls/FluentWinUI3/dark/images/spinbox-indicator-down-background-down-hovered@3x.png\n./venv/lib/python3.12/site-packages/PyQt6/Qt6/qml/QtQuick/Controls/FluentWinUI3/dark/images/spinbox-indicator-down-background-down-pressed.png\n./venv/lib/python3.12/site-packages/PyQt6/Qt6/qml/QtQuick/Controls/FluentWinUI3/dark/images/spinbox-indicator-down-background-down-pressed@2x.png\n./venv/lib/python3.12/site-packages/PyQt6/Qt6/qml/QtQuick/Controls/FluentWinUI3/dark/images/spinbox-indicator-down-background-down-pressed@3x.png\n./venv/lib/python3.12/site-packages/PyQt6/Qt6/qml/QtQuick/Controls/FluentWinUI3/dark/images/spinbox-indicator-down-background-hovered.png\n./venv/lib/python3.12/site-packages/PyQt6/Qt6/qml/QtQuick/Controls/FluentWinUI3/dark/images/spinbox-indicator-down-background-hovered@2x.png\n./venv/lib/python3.12/site-packages/PyQt6/Qt6/qml/QtQuick/Controls/FluentWinUI3/dark/images/spinbox-indicator-down-background-hovered@3x.png\n./venv/lib/python3.12/site-packages/PyQt6/Qt6/qml/QtQuick/Controls/FluentWinUI3/dark/images/spinbox-indicator-down-background-up-hovered.png\n./venv/lib/python3.12/site-packages/PyQt6/Qt6/qml/QtQuick/Controls/FluentWinUI3/dark/images/spinbox-indicator-down-background-up-hovered@2x.png\n./venv/lib/python3.12/site-packages/PyQt6/Qt6/qml/QtQuick/Controls/FluentWinUI3/dark/images/spinbox-indicator-down-background-up-hovered@3x.png\n./venv/lib/python3.12/site-packages/PyQt6/Qt6/qml/QtQuick/Controls/FluentWinUI3/dark/images/spinbox-indicator-down-background-up-pressed.png\n./venv/lib/python3.12/site-packages/PyQt6/Qt6/qml/QtQuick/Controls/FluentWinUI3/dark/images/spinbox-indicator-down-background-up-pressed@2x.png\n./venv/lib/python3.12/site-packages/PyQt6/Qt6/qml/QtQuick/Controls/FluentWinUI3/dark/images/spinbox-indicator-down-background-up-pressed@3x.png\n./venv/lib/python3.12/site-packages/PyQt6/Qt6/qml/QtQuick/Controls/FluentWinUI3/dark/images/spinbox-indicator-down-background.png\n./venv/lib/python3.12/site-packages/PyQt6/Qt6/qml/QtQuick/Controls/FluentWinUI3/dark/images/spinbox-indicator-down-background@2x.png\n./venv/lib/python3.12/site-packages/PyQt6/Qt6/qml/QtQuick/Controls/FluentWinUI3/dark/images/spinbox-indicator-down-background@3x.png\n./venv/lib/python3.12/site-packages/PyQt6/Qt6/qml/QtQuick/Controls/FluentWinUI3/dark/images/spinbox-indicator-down-icon-atlimit.png\n./venv/lib/python3.12/site-packages/PyQt6/Qt6/qml/QtQuick/Controls/FluentWinUI3/dark/images/spinbox-indicator-down-icon-atlimit@2x.png\n./venv/lib/python3.12/site-packages/PyQt6/Qt6/qml/QtQuick/Controls/FluentWinUI3/dark/images/spinbox-indicator-down-icon-atlimit@3x.png\n./venv/lib/python3.12/site-packages/PyQt6/Qt6/qml/QtQuick/Controls/FluentWinUI3/dark/images/spinbox-indicator-down-icon-disabled.png\n./venv/lib/python3.12/site-packages/PyQt6/Qt6/qml/QtQuick/Controls/FluentWinUI3/dark/images/spinbox-indicator-down-icon-disabled@2x.png\n./venv/lib/python3.12/site-packages/PyQt6/Qt6/qml/QtQuick/Controls/FluentWinUI3/dark/images/spinbox-indicator-down-icon-disabled@3x.png\n./venv/lib/python3.12/site-packages/PyQt6/Qt6/qml/QtQuick/Controls/FluentWinUI3/dark/images/spinbox-indicator-down-icon-down-hovered.png\n./venv/lib/python3.12/site-packages/PyQt6/Qt6/qml/QtQuick/Controls/FluentWinUI3/dark/images/spinbox-indicator-down-icon-down-hovered@2x.png\n./venv/lib/python3.12/site-packages/PyQt6/Qt6/qml/QtQuick/Controls/FluentWinUI3/dark/images/spinbox-indicator-down-icon-down-hovered@3x.png\n./venv/lib/python3.12/site-packages/PyQt6/Qt6/qml/QtQuick/Controls/FluentWinUI3/dark/images/spinbox-indicator-down-icon-down-pressed.png\n./venv/lib/python3.12/site-packages/PyQt6/Qt6/qml/QtQuick/Controls/FluentWinUI3/dark/images/spinbox-indicator-down-icon-down-pressed@2x.png\n./venv/lib/python3.12/site-packages/PyQt6/Qt6/qml/QtQuick/Controls/FluentWinUI3/dark/images/spinbox-indicator-down-icon-down-pressed@3x.png\n./venv/lib/python3.12/site-packages/PyQt6/Qt6/qml/QtQuick/Controls/FluentWinUI3/dark/images/spinbox-indicator-down-icon-hovered.png\n./venv/lib/python3.12/site-packages/PyQt6/Qt6/qml/QtQuick/Controls/FluentWinUI3/dark/images/spinbox-indicator-down-icon-hovered@2x.png\n./venv/lib/python3.12/site-packages/PyQt6/Qt6/qml/QtQuick/Controls/FluentWinUI3/dark/images/spinbox-indicator-down-icon-hovered@3x.png\n./venv/lib/python3.12/site-packages/PyQt6/Qt6/qml/QtQuick/Controls/FluentWinUI3/dark/images/spinbox-indicator-down-icon-up-hovered.png\n./venv/lib/python3.12/site-packages/PyQt6/Qt6/qml/QtQuick/Controls/FluentWinUI3/dark/images/spinbox-indicator-down-icon-up-hovered@2x.png\n./venv/lib/python3.12/site-packages/PyQt6/Qt6/qml/QtQuick/Controls/FluentWinUI3/dark/images/spinbox-indicator-down-icon-up-hovered@3x.png\n./venv/lib/python3.12/site-packages/PyQt6/Qt6/qml/QtQuick/Controls/FluentWinUI3/dark/images/spinbox-indicator-down-icon-up-pressed.png\n./venv/lib/python3.12/site-packages/PyQt6/Qt6/qml/QtQuick/Controls/FluentWinUI3/dark/images/spinbox-indicator-down-icon-up-pressed@2x.png\n./venv/lib/python3.12/site-packages/PyQt6/Qt6/qml/QtQuick/Controls/FluentWinUI3/dark/images/spinbox-indicator-down-icon-up-pressed@3x.png\n./venv/lib/python3.12/site-packages/PyQt6/Qt6/qml/QtQuick/Controls/FluentWinUI3/dark/images/spinbox-indicator-down-icon.png\n./venv/lib/python3.12/site-packages/PyQt6/Qt6/qml/QtQuick/Controls/FluentWinUI3/dark/images/spinbox-indicator-down-icon@2x.png\n./venv/lib/python3.12/site-packages/PyQt6/Qt6/qml/QtQuick/Controls/FluentWinUI3/dark/images/spinbox-indicator-down-icon@3x.png\n./venv/lib/python3.12/site-packages/PyQt6/Qt6/qml/QtQuick/Controls/FluentWinUI3/dark/images/spinbox-indicator-up-background-atlimit.png\n./venv/lib/python3.12/site-packages/PyQt6/Qt6/qml/QtQuick/Controls/FluentWinUI3/dark/images/spinbox-indicator-up-background-atlimit@2x.png\n./venv/lib/python3.12/site-packages/PyQt6/Qt6/qml/QtQuick/Controls/FluentWinUI3/dark/images/spinbox-indicator-up-background-atlimit@3x.png\n./venv/lib/python3.12/site-packages/PyQt6/Qt6/qml/QtQuick/Controls/FluentWinUI3/dark/images/spinbox-indicator-up-background-disabled.png\n./venv/lib/python3.12/site-packages/PyQt6/Qt6/qml/QtQuick/Controls/FluentWinUI3/dark/images/spinbox-indicator-up-background-disabled@2x.png\n./venv/lib/python3.12/site-packages/PyQt6/Qt6/qml/QtQuick/Controls/FluentWinUI3/dark/images/spinbox-indicator-up-background-disabled@3x.png\n./venv/lib/python3.12/site-packages/PyQt6/Qt6/qml/QtQuick/Controls/FluentWinUI3/dark/images/spinbox-indicator-up-background-down-hovered.png\n./venv/lib/python3.12/site-packages/PyQt6/Qt6/qml/QtQuick/Controls/FluentWinUI3/dark/images/spinbox-indicator-up-background-down-hovered@2x.png\n./venv/lib/python3.12/site-packages/PyQt6/Qt6/qml/QtQuick/Controls/FluentWinUI3/dark/images/spinbox-indicator-up-background-down-hovered@3x.png\n./venv/lib/python3.12/site-packages/PyQt6/Qt6/qml/QtQuick/Controls/FluentWinUI3/dark/images/spinbox-indicator-up-background-down-pressed.png\n./venv/lib/python3.12/site-packages/PyQt6/Qt6/qml/QtQuick/Controls/FluentWinUI3/dark/images/spinbox-indicator-up-background-down-pressed@2x.png\n./venv/lib/python3.12/site-packages/PyQt6/Qt6/qml/QtQuick/Controls/FluentWinUI3/dark/images/spinbox-indicator-up-background-down-pressed@3x.png\n./venv/lib/python3.12/site-packages/PyQt6/Qt6/qml/QtQuick/Controls/FluentWinUI3/dark/images/spinbox-indicator-up-background-hovered.png\n./venv/lib/python3.12/site-packages/PyQt6/Qt6/qml/QtQuick/Controls/FluentWinUI3/dark/images/spinbox-indicator-up-background-hovered@2x.png\n./venv/lib/python3.12/site-packages/PyQt6/Qt6/qml/QtQuick/Controls/FluentWinUI3/dark/images/spinbox-indicator-up-background-hovered@3x.png\n./venv/lib/python3.12/site-packages/PyQt6/Qt6/qml/QtQuick/Controls/FluentWinUI3/dark/images/spinbox-indicator-up-background-up-hovered.png\n./venv/lib/python3.12/site-packages/PyQt6/Qt6/qml/QtQuick/Controls/FluentWinUI3/dark/images/spinbox-indicator-up-background-up-hovered@2x.png\n./venv/lib/python3.12/site-packages/PyQt6/Qt6/qml/QtQuick/Controls/FluentWinUI3/dark/images/spinbox-indicator-up-background-up-hovered@3x.png\n./venv/lib/python3.12/site-packages/PyQt6/Qt6/qml/QtQuick/Controls/FluentWinUI3/dark/images/spinbox-indicator-up-background-up-pressed.png\n./venv/lib/python3.12/site-packages/PyQt6/Qt6/qml/QtQuick/Controls/FluentWinUI3/dark/images/spinbox-indicator-up-background-up-pressed@2x.png\n./venv/lib/python3.12/site-packages/PyQt6/Qt6/qml/QtQuick/Controls/FluentWinUI3/dark/images/spinbox-indicator-up-background-up-pressed@3x.png\n./venv/lib/python3.12/site-packages/PyQt6/Qt6/qml/QtQuick/Controls/FluentWinUI3/dark/images/spinbox-indicator-up-background.png\n./venv/lib/python3.12/site-packages/PyQt6/Qt6/qml/QtQuick/Controls/FluentWinUI3/dark/images/spinbox-indicator-up-background@2x.png\n./venv/lib/python3.12/site-packages/PyQt6/Qt6/qml/QtQuick/Controls/FluentWinUI3/dark/images/spinbox-indicator-up-background@3x.png\n./venv/lib/python3.12/site-packages/PyQt6/Qt6/qml/QtQuick/Controls/FluentWinUI3/dark/images/spinbox-indicator-up-icon-atlimit.png\n./venv/lib/python3.12/site-packages/PyQt6/Qt6/qml/QtQuick/Controls/FluentWinUI3/dark/images/spinbox-indicator-up-icon-atlimit@2x.png\n./venv/lib/python3.12/site-packages/PyQt6/Qt6/qml/QtQuick/Controls/FluentWinUI3/dark/images/spinbox-indicator-up-icon-atlimit@3x.png\n./venv/lib/python3.12/site-packages/PyQt6/Qt6/qml/QtQuick/Controls/FluentWinUI3/dark/images/spinbox-indicator-up-icon-disabled.png\n./venv/lib/python3.12/site-packages/PyQt6/Qt6/qml/QtQuick/Controls/FluentWinUI3/dark/images/spinbox-indicator-up-icon-disabled@2x.png\n./venv/lib/python3.12/site-packages/PyQt6/Qt6/qml/QtQuick/Controls/FluentWinUI3/dark/images/spinbox-indicator-up-icon-disabled@3x.png\n./venv/lib/python3.12/site-packages/PyQt6/Qt6/qml/QtQuick/Controls/FluentWinUI3/dark/images/spinbox-indicator-up-icon-down-hovered.png\n./venv/lib/python3.12/site-packages/PyQt6/Qt6/qml/QtQuick/Controls/FluentWinUI3/dark/images/spinbox-indicator-up-icon-down-hovered@2x.png\n./venv/lib/python3.12/site-packages/PyQt6/Qt6/qml/QtQuick/Controls/FluentWinUI3/dark/images/spinbox-indicator-up-icon-down-hovered@3x.png\n./venv/lib/python3.12/site-packages/PyQt6/Qt6/qml/QtQuick/Controls/FluentWinUI3/dark/images/spinbox-indicator-up-icon-down-pressed.png\n./venv/lib/python3.12/site-packages/PyQt6/Qt6/qml/QtQuick/Controls/FluentWinUI3/dark/images/spinbox-indicator-up-icon-down-pressed@2x.png\n./venv/lib/python3.12/site-packages/PyQt6/Qt6/qml/QtQuick/Controls/FluentWinUI3/dark/images/spinbox-indicator-up-icon-down-pressed@3x.png\n./venv/lib/python3.12/site-packages/PyQt6/Qt6/qml/QtQuick/Controls/FluentWinUI3/dark/images/spinbox-indicator-up-icon-hovered.png\n./venv/lib/python3.12/site-packages/PyQt6/Qt6/qml/QtQuick/Controls/FluentWinUI3/dark/images/spinbox-indicator-up-icon-hovered@2x.png\n./venv/lib/python3.12/site-packages/PyQt6/Qt6/qml/QtQuick/Controls/FluentWinUI3/dark/images/spinbox-indicator-up-icon-hovered@3x.png\n./venv/lib/python3.12/site-packages/PyQt6/Qt6/qml/QtQuick/Controls/FluentWinUI3/dark/images/spinbox-indicator-up-icon-up-hovered.png\n./venv/lib/python3.12/site-packages/PyQt6/Qt6/qml/QtQuick/Controls/FluentWinUI3/dark/images/spinbox-indicator-up-icon-up-hovered@2x.png\n./venv/lib/python3.12/site-packages/PyQt6/Qt6/qml/QtQuick/Controls/FluentWinUI3/dark/images/spinbox-indicator-up-icon-up-hovered@3x.png\n./venv/lib/python3.12/site-packages/PyQt6/Qt6/qml/QtQuick/Controls/FluentWinUI3/dark/images/spinbox-indicator-up-icon-up-pressed.png\n./venv/lib/python3.12/site-packages/PyQt6/Qt6/qml/QtQuick/Controls/FluentWinUI3/dark/images/spinbox-indicator-up-icon-up-pressed@2x.png\n./venv/lib/python3.12/site-packages/PyQt6/Qt6/qml/QtQuick/Controls/FluentWinUI3/dark/images/spinbox-indicator-up-icon-up-pressed@3x.png\n./venv/lib/python3.12/site-packages/PyQt6/Qt6/qml/QtQuick/Controls/FluentWinUI3/dark/images/spinbox-indicator-up-icon.png\n./venv/lib/python3.12/site-packages/PyQt6/Qt6/qml/QtQuick/Controls/FluentWinUI3/dark/images/spinbox-indicator-up-icon@2x.png\n./venv/lib/python3.12/site-packages/PyQt6/Qt6/qml/QtQuick/Controls/FluentWinUI3/dark/images/spinbox-indicator-up-icon@3x.png\n./venv/lib/python3.12/site-packages/PyQt6/Qt6/qml/QtQuick/Controls/FluentWinUI3/dark/images/textarea-background-disabled.png\n./venv/lib/python3.12/site-packages/PyQt6/Qt6/qml/QtQuick/Controls/FluentWinUI3/dark/images/textarea-background-disabled@2x.png\n./venv/lib/python3.12/site-packages/PyQt6/Qt6/qml/QtQuick/Controls/FluentWinUI3/dark/images/textarea-background-disabled@3x.png\n./venv/lib/python3.12/site-packages/PyQt6/Qt6/qml/QtQuick/Controls/FluentWinUI3/dark/images/textarea-background-focused.png\n./venv/lib/python3.12/site-packages/PyQt6/Qt6/qml/QtQuick/Controls/FluentWinUI3/dark/images/textarea-background-focused@2x.png\n./venv/lib/python3.12/site-packages/PyQt6/Qt6/qml/QtQuick/Controls/FluentWinUI3/dark/images/textarea-background-focused@3x.png\n./venv/lib/python3.12/site-packages/PyQt6/Qt6/qml/QtQuick/Controls/FluentWinUI3/dark/images/textarea-background-hovered.png\n./venv/lib/python3.12/site-packages/PyQt6/Qt6/qml/QtQuick/Controls/FluentWinUI3/dark/images/textarea-background-hovered@2x.png\n./venv/lib/python3.12/site-packages/PyQt6/Qt6/qml/QtQuick/Controls/FluentWinUI3/dark/images/textarea-background-hovered@3x.png\n./venv/lib/python3.12/site-packages/PyQt6/Qt6/qml/QtQuick/Controls/FluentWinUI3/dark/images/textarea-background.png\n./venv/lib/python3.12/site-packages/PyQt6/Qt6/qml/QtQuick/Controls/FluentWinUI3/dark/images/textarea-background@2x.png\n./venv/lib/python3.12/site-packages/PyQt6/Qt6/qml/QtQuick/Controls/FluentWinUI3/dark/images/textarea-background@3x.png\n./venv/lib/python3.12/site-packages/PyQt6/Qt6/qml/QtQuick/Controls/FluentWinUI3/dark/images/textfield-background-disabled.png\n./venv/lib/python3.12/site-packages/PyQt6/Qt6/qml/QtQuick/Controls/FluentWinUI3/dark/images/textfield-background-disabled@2x.png\n./venv/lib/python3.12/site-packages/PyQt6/Qt6/qml/QtQuick/Controls/FluentWinUI3/dark/images/textfield-background-disabled@3x.png\n./venv/lib/python3.12/site-packages/PyQt6/Qt6/qml/QtQuick/Controls/FluentWinUI3/dark/images/textfield-background-focused.png\n./venv/lib/python3.12/site-packages/PyQt6/Qt6/qml/QtQuick/Controls/FluentWinUI3/dark/images/textfield-background-focused@2x.png\n./venv/lib/python3.12/site-packages/PyQt6/Qt6/qml/QtQuick/Controls/FluentWinUI3/dark/images/textfield-background-focused@3x.png\n./venv/lib/python3.12/site-packages/PyQt6/Qt6/qml/QtQuick/Controls/FluentWinUI3/dark/images/textfield-background-hovered.png\n./venv/lib/python3.12/site-packages/PyQt6/Qt6/qml/QtQuick/Controls/FluentWinUI3/dark/images/textfield-background-hovered@2x.png\n./venv/lib/python3.12/site-packages/PyQt6/Qt6/qml/QtQuick/Controls/FluentWinUI3/dark/images/textfield-background-hovered@3x.png\n./venv/lib/python3.12/site-packages/PyQt6/Qt6/qml/QtQuick/Controls/FluentWinUI3/dark/images/textfield-background.png\n./venv/lib/python3.12/site-packages/PyQt6/Qt6/qml/QtQuick/Controls/FluentWinUI3/dark/images/textfield-background@2x.png\n./venv/lib/python3.12/site-packages/PyQt6/Qt6/qml/QtQuick/Controls/FluentWinUI3/dark/images/textfield-background@3x.png\n./venv/lib/python3.12/site-packages/PyQt6/Qt6/qml/QtQuick/Controls/macOS/BusyIndicator.qml\n./venv/lib/python3.12/site-packages/PyQt6/Qt6/qml/QtQuick/Controls/macOS/Button.qml\n./venv/lib/python3.12/site-packages/PyQt6/Qt6/qml/QtQuick/Controls/macOS/CheckBox.qml\n./venv/lib/python3.12/site-packages/PyQt6/Qt6/qml/QtQuick/Controls/macOS/CheckDelegate.qml\n./venv/lib/python3.12/site-packages/PyQt6/Qt6/qml/QtQuick/Controls/macOS/ComboBox.qml\n./venv/lib/python3.12/site-packages/PyQt6/Qt6/qml/QtQuick/Controls/macOS/DelayButton.qml\n./venv/lib/python3.12/site-packages/PyQt6/Qt6/qml/QtQuick/Controls/macOS/Dial.qml\n./venv/lib/python3.12/site-packages/PyQt6/Qt6/qml/QtQuick/Controls/macOS/Dialog.qml\n./venv/lib/python3.12/site-packages/PyQt6/Qt6/qml/QtQuick/Controls/macOS/DialogButtonBox.qml\n./venv/lib/python3.12/site-packages/PyQt6/Qt6/qml/QtQuick/Controls/macOS/Frame.qml\n./venv/lib/python3.12/site-packages/PyQt6/Qt6/qml/QtQuick/Controls/macOS/GroupBox.qml\n./venv/lib/python3.12/site-packages/PyQt6/Qt6/qml/QtQuick/Controls/macOS/ItemDelegate.qml\n./venv/lib/python3.12/site-packages/PyQt6/Qt6/qml/QtQuick/Controls/macOS/Menu.qml\n./venv/lib/python3.12/site-packages/PyQt6/Qt6/qml/QtQuick/Controls/macOS/MenuBar.qml\n./venv/lib/python3.12/site-packages/PyQt6/Qt6/qml/QtQuick/Controls/macOS/MenuBarItem.qml\n./venv/lib/python3.12/site-packages/PyQt6/Qt6/qml/QtQuick/Controls/macOS/MenuItem.qml\n./venv/lib/python3.12/site-packages/PyQt6/Qt6/qml/QtQuick/Controls/macOS/MenuSeparator.qml\n./venv/lib/python3.12/site-packages/PyQt6/Qt6/qml/QtQuick/Controls/macOS/ProgressBar.qml\n./venv/lib/python3.12/site-packages/PyQt6/Qt6/qml/QtQuick/Controls/macOS/RadioButton.qml\n./venv/lib/python3.12/site-packages/PyQt6/Qt6/qml/QtQuick/Controls/macOS/RadioDelegate.qml\n./venv/lib/python3.12/site-packages/PyQt6/Qt6/qml/QtQuick/Controls/macOS/RangeSlider.qml\n./venv/lib/python3.12/site-packages/PyQt6/Qt6/qml/QtQuick/Controls/macOS/ScrollBar.qml\n./venv/lib/python3.12/site-packages/PyQt6/Qt6/qml/QtQuick/Controls/macOS/ScrollIndicator.qml\n./venv/lib/python3.12/site-packages/PyQt6/Qt6/qml/QtQuick/Controls/macOS/ScrollView.qml\n./venv/lib/python3.12/site-packages/PyQt6/Qt6/qml/QtQuick/Controls/macOS/SearchField.qml\n./venv/lib/python3.12/site-packages/PyQt6/Qt6/qml/QtQuick/Controls/macOS/SelectionRectangle.qml\n./venv/lib/python3.12/site-packages/PyQt6/Qt6/qml/QtQuick/Controls/macOS/Slider.qml\n./venv/lib/python3.12/site-packages/PyQt6/Qt6/qml/QtQuick/Controls/macOS/SpinBox.qml\n./venv/lib/python3.12/site-packages/PyQt6/Qt6/qml/QtQuick/Controls/macOS/Switch.qml\n./venv/lib/python3.12/site-packages/PyQt6/Qt6/qml/QtQuick/Controls/macOS/SwitchDelegate.qml\n./venv/lib/python3.12/site-packages/PyQt6/Qt6/qml/QtQuick/Controls/macOS/TextArea.qml\n./venv/lib/python3.12/site-packages/PyQt6/Qt6/qml/QtQuick/Controls/macOS/TextField.qml\n./venv/lib/python3.12/site-packages/PyQt6/Qt6/qml/QtQuick/Controls/macOS/TreeViewDelegate.qml\n./venv/lib/python3.12/site-packages/PyQt6/Qt6/qml/QtQuick/Controls/macOS/libqtquickcontrols2macosstyleplugin.dylib\n./venv/lib/python3.12/site-packages/PyQt6/Qt6/qml/QtQuick/Controls/macOS/plugins.qmltypes\n./venv/lib/python3.12/site-packages/PyQt6/Qt6/qml/QtQuick/Controls/macOS/qmldir\n./venv/lib/python3.12/site-packages/PyQt6/Qt6/qml/QtQuick/Controls/macOS/impl/CheckIndicator.qml\n./venv/lib/python3.12/site-packages/PyQt6/Qt6/qml/QtQuick/Controls/macOS/impl/QuickControls2MacOSStyleImpl.qmltypes\n./venv/lib/python3.12/site-packages/PyQt6/Qt6/qml/QtQuick/Controls/macOS/impl/SliderHandle.qml\n./venv/lib/python3.12/site-packages/PyQt6/Qt6/qml/QtQuick/Controls/macOS/impl/SwitchHandle.qml\n./venv/lib/python3.12/site-packages/PyQt6/Qt6/qml/QtQuick/Controls/macOS/impl/SwitchIndicator.qml\n./venv/lib/python3.12/site-packages/PyQt6/Qt6/qml/QtQuick/Controls/macOS/impl/libqtquickcontrols2macosstyleimplplugin.dylib\n./venv/lib/python3.12/site-packages/PyQt6/Qt6/qml/QtQuick/Controls/macOS/impl/qmldir\n./venv/lib/python3.12/site-packages/PyQt6/Qt6/qml/QtQuick/Controls/macOS/images/busyindicator-dark.webp\n./venv/lib/python3.12/site-packages/PyQt6/Qt6/qml/QtQuick/Controls/macOS/images/busyindicator-dark@2x.webp\n./venv/lib/python3.12/site-packages/PyQt6/Qt6/qml/QtQuick/Controls/macOS/images/busyindicator-dark@3x.webp\n./venv/lib/python3.12/site-packages/PyQt6/Qt6/qml/QtQuick/Controls/macOS/images/busyindicator-light.webp\n./venv/lib/python3.12/site-packages/PyQt6/Qt6/qml/QtQuick/Controls/macOS/images/busyindicator-light@2x.webp\n./venv/lib/python3.12/site-packages/PyQt6/Qt6/qml/QtQuick/Controls/macOS/images/busyindicator-light@3x.webp\n./venv/lib/python3.12/site-packages/PyQt6/Qt6/qml/QtQuick/Controls/macOS/images/checkmark.png\n./venv/lib/python3.12/site-packages/PyQt6/Qt6/qml/QtQuick/Controls/macOS/images/checkmark@2x.png\n./venv/lib/python3.12/site-packages/PyQt6/Qt6/qml/QtQuick/Controls/macOS/images/checkmark@3x.png\n./venv/lib/python3.12/site-packages/PyQt6/Qt6/qml/QtQuick/Controls/macOS/images/menuarrow.png\n./venv/lib/python3.12/site-packages/PyQt6/Qt6/qml/QtQuick/Controls/macOS/images/menuarrow@2x.png\n./venv/lib/python3.12/site-packages/PyQt6/Qt6/qml/QtQuick/Controls/macOS/images/menuarrow@3x.png\n./venv/lib/python3.12/site-packages/PyQt6/Qt6/qml/QtQuick/Controls/Universal/ApplicationWindow.qml\n./venv/lib/python3.12/site-packages/PyQt6/Qt6/qml/QtQuick/Controls/Universal/BusyIndicator.qml\n./venv/lib/python3.12/site-packages/PyQt6/Qt6/qml/QtQuick/Controls/Universal/Button.qml\n./venv/lib/python3.12/site-packages/PyQt6/Qt6/qml/QtQuick/Controls/Universal/CheckBox.qml\n./venv/lib/python3.12/site-packages/PyQt6/Qt6/qml/QtQuick/Controls/Universal/CheckDelegate.qml\n./venv/lib/python3.12/site-packages/PyQt6/Qt6/qml/QtQuick/Controls/Universal/ComboBox.qml\n./venv/lib/python3.12/site-packages/PyQt6/Qt6/qml/QtQuick/Controls/Universal/DelayButton.qml\n./venv/lib/python3.12/site-packages/PyQt6/Qt6/qml/QtQuick/Controls/Universal/Dial.qml\n./venv/lib/python3.12/site-packages/PyQt6/Qt6/qml/QtQuick/Controls/Universal/Dialog.qml\n./venv/lib/python3.12/site-packages/PyQt6/Qt6/qml/QtQuick/Controls/Universal/DialogButtonBox.qml\n./venv/lib/python3.12/site-packages/PyQt6/Qt6/qml/QtQuick/Controls/Universal/Drawer.qml\n./venv/lib/python3.12/site-packages/PyQt6/Qt6/qml/QtQuick/Controls/Universal/Frame.qml\n./venv/lib/python3.12/site-packages/PyQt6/Qt6/qml/QtQuick/Controls/Universal/GroupBox.qml\n./venv/lib/python3.12/site-packages/PyQt6/Qt6/qml/QtQuick/Controls/Universal/HorizontalHeaderView.qml\n./venv/lib/python3.12/site-packages/PyQt6/Qt6/qml/QtQuick/Controls/Universal/HorizontalHeaderViewDelegate.qml\n./venv/lib/python3.12/site-packages/PyQt6/Qt6/qml/QtQuick/Controls/Universal/ItemDelegate.qml\n./venv/lib/python3.12/site-packages/PyQt6/Qt6/qml/QtQuick/Controls/Universal/Label.qml\n./venv/lib/python3.12/site-packages/PyQt6/Qt6/qml/QtQuick/Controls/Universal/Menu.qml\n./venv/lib/python3.12/site-packages/PyQt6/Qt6/qml/QtQuick/Controls/Universal/MenuBar.qml\n./venv/lib/python3.12/site-packages/PyQt6/Qt6/qml/QtQuick/Controls/Universal/MenuBarItem.qml\n./venv/lib/python3.12/site-packages/PyQt6/Qt6/qml/QtQuick/Controls/Universal/MenuItem.qml\n./venv/lib/python3.12/site-packages/PyQt6/Qt6/qml/QtQuick/Controls/Universal/MenuSeparator.qml\n./venv/lib/python3.12/site-packages/PyQt6/Qt6/qml/QtQuick/Controls/Universal/Page.qml\n./venv/lib/python3.12/site-packages/PyQt6/Qt6/qml/QtQuick/Controls/Universal/PageIndicator.qml\n./venv/lib/python3.12/site-packages/PyQt6/Qt6/qml/QtQuick/Controls/Universal/Pane.qml\n./venv/lib/python3.12/site-packages/PyQt6/Qt6/qml/QtQuick/Controls/Universal/Popup.qml\n./venv/lib/python3.12/site-packages/PyQt6/Qt6/qml/QtQuick/Controls/Universal/ProgressBar.qml\n./venv/lib/python3.12/site-packages/PyQt6/Qt6/qml/QtQuick/Controls/Universal/RadioButton.qml\n./venv/lib/python3.12/site-packages/PyQt6/Qt6/qml/QtQuick/Controls/Universal/RadioDelegate.qml\n./venv/lib/python3.12/site-packages/PyQt6/Qt6/qml/QtQuick/Controls/Universal/RangeSlider.qml\n./venv/lib/python3.12/site-packages/PyQt6/Qt6/qml/QtQuick/Controls/Universal/RoundButton.qml\n./venv/lib/python3.12/site-packages/PyQt6/Qt6/qml/QtQuick/Controls/Universal/ScrollBar.qml\n./venv/lib/python3.12/site-packages/PyQt6/Qt6/qml/QtQuick/Controls/Universal/ScrollIndicator.qml\n./venv/lib/python3.12/site-packages/PyQt6/Qt6/qml/QtQuick/Controls/Universal/ScrollView.qml\n./venv/lib/python3.12/site-packages/PyQt6/Qt6/qml/QtQuick/Controls/Universal/SearchField.qml\n./venv/lib/python3.12/site-packages/PyQt6/Qt6/qml/QtQuick/Controls/Universal/SelectionRectangle.qml\n./venv/lib/python3.12/site-packages/PyQt6/Qt6/qml/QtQuick/Controls/Universal/Slider.qml\n./venv/lib/python3.12/site-packages/PyQt6/Qt6/qml/QtQuick/Controls/Universal/SpinBox.qml\n./venv/lib/python3.12/site-packages/PyQt6/Qt6/qml/QtQuick/Controls/Universal/SplitView.qml\n./venv/lib/python3.12/site-packages/PyQt6/Qt6/qml/QtQuick/Controls/Universal/StackView.qml\n./venv/lib/python3.12/site-packages/PyQt6/Qt6/qml/QtQuick/Controls/Universal/SwipeDelegate.qml\n./venv/lib/python3.12/site-packages/PyQt6/Qt6/qml/QtQuick/Controls/Universal/Switch.qml\n./venv/lib/python3.12/site-packages/PyQt6/Qt6/qml/QtQuick/Controls/Universal/SwitchDelegate.qml\n./venv/lib/python3.12/site-packages/PyQt6/Qt6/qml/QtQuick/Controls/Universal/TabBar.qml\n./venv/lib/python3.12/site-packages/PyQt6/Qt6/qml/QtQuick/Controls/Universal/TabButton.qml\n./venv/lib/python3.12/site-packages/PyQt6/Qt6/qml/QtQuick/Controls/Universal/TextArea.qml\n./venv/lib/python3.12/site-packages/PyQt6/Qt6/qml/QtQuick/Controls/Universal/TextField.qml\n./venv/lib/python3.12/site-packages/PyQt6/Qt6/qml/QtQuick/Controls/Universal/ToolBar.qml\n./venv/lib/python3.12/site-packages/PyQt6/Qt6/qml/QtQuick/Controls/Universal/ToolButton.qml\n./venv/lib/python3.12/site-packages/PyQt6/Qt6/qml/QtQuick/Controls/Universal/ToolSeparator.qml\n./venv/lib/python3.12/site-packages/PyQt6/Qt6/qml/QtQuick/Controls/Universal/ToolTip.qml\n./venv/lib/python3.12/site-packages/PyQt6/Qt6/qml/QtQuick/Controls/Universal/Tumbler.qml\n./venv/lib/python3.12/site-packages/PyQt6/Qt6/qml/QtQuick/Controls/Universal/VerticalHeaderView.qml\n./venv/lib/python3.12/site-packages/PyQt6/Qt6/qml/QtQuick/Controls/Universal/VerticalHeaderViewDelegate.qml\n./venv/lib/python3.12/site-packages/PyQt6/Qt6/qml/QtQuick/Controls/Universal/libqtquickcontrols2universalstyleplugin.dylib\n./venv/lib/python3.12/site-packages/PyQt6/Qt6/qml/QtQuick/Controls/Universal/plugins.qmltypes\n./venv/lib/python3.12/site-packages/PyQt6/Qt6/qml/QtQuick/Controls/Universal/qmldir\n./venv/lib/python3.12/site-packages/PyQt6/Qt6/qml/QtQuick/Controls/Universal/impl/CheckIndicator.qml\n./venv/lib/python3.12/site-packages/PyQt6/Qt6/qml/QtQuick/Controls/Universal/impl/RadioIndicator.qml\n./venv/lib/python3.12/site-packages/PyQt6/Qt6/qml/QtQuick/Controls/Universal/impl/SwitchIndicator.qml\n./venv/lib/python3.12/site-packages/PyQt6/Qt6/qml/QtQuick/Controls/Universal/impl/libqtquickcontrols2universalstyleimplplugin.dylib\n./venv/lib/python3.12/site-packages/PyQt6/Qt6/qml/QtQuick/Controls/Universal/impl/plugins.qmltypes\n./venv/lib/python3.12/site-packages/PyQt6/Qt6/qml/QtQuick/Controls/Universal/impl/qmldir\n./venv/lib/python3.12/site-packages/PyQt6/Qt6/qml/QtQuick/Controls/Basic/AbstractButton.qml\n./venv/lib/python3.12/site-packages/PyQt6/Qt6/qml/QtQuick/Controls/Basic/Action.qml\n./venv/lib/python3.12/site-packages/PyQt6/Qt6/qml/QtQuick/Controls/Basic/ActionGroup.qml\n./venv/lib/python3.12/site-packages/PyQt6/Qt6/qml/QtQuick/Controls/Basic/ApplicationWindow.qml\n./venv/lib/python3.12/site-packages/PyQt6/Qt6/qml/QtQuick/Controls/Basic/BusyIndicator.qml\n./venv/lib/python3.12/site-packages/PyQt6/Qt6/qml/QtQuick/Controls/Basic/Button.qml\n./venv/lib/python3.12/site-packages/PyQt6/Qt6/qml/QtQuick/Controls/Basic/ButtonGroup.qml\n./venv/lib/python3.12/site-packages/PyQt6/Qt6/qml/QtQuick/Controls/Basic/Calendar.qml\n./venv/lib/python3.12/site-packages/PyQt6/Qt6/qml/QtQuick/Controls/Basic/CalendarModel.qml\n./venv/lib/python3.12/site-packages/PyQt6/Qt6/qml/QtQuick/Controls/Basic/CheckBox.qml\n./venv/lib/python3.12/site-packages/PyQt6/Qt6/qml/QtQuick/Controls/Basic/CheckDelegate.qml\n./venv/lib/python3.12/site-packages/PyQt6/Qt6/qml/QtQuick/Controls/Basic/ComboBox.qml\n./venv/lib/python3.12/site-packages/PyQt6/Qt6/qml/QtQuick/Controls/Basic/Container.qml\n./venv/lib/python3.12/site-packages/PyQt6/Qt6/qml/QtQuick/Controls/Basic/Control.qml\n./venv/lib/python3.12/site-packages/PyQt6/Qt6/qml/QtQuick/Controls/Basic/DayOfWeekRow.qml\n./venv/lib/python3.12/site-packages/PyQt6/Qt6/qml/QtQuick/Controls/Basic/DelayButton.qml\n./venv/lib/python3.12/site-packages/PyQt6/Qt6/qml/QtQuick/Controls/Basic/Dial.qml\n./venv/lib/python3.12/site-packages/PyQt6/Qt6/qml/QtQuick/Controls/Basic/Dialog.qml\n./venv/lib/python3.12/site-packages/PyQt6/Qt6/qml/QtQuick/Controls/Basic/DialogButtonBox.qml\n./venv/lib/python3.12/site-packages/PyQt6/Qt6/qml/QtQuick/Controls/Basic/Drawer.qml\n./venv/lib/python3.12/site-packages/PyQt6/Qt6/qml/QtQuick/Controls/Basic/Frame.qml\n./venv/lib/python3.12/site-packages/PyQt6/Qt6/qml/QtQuick/Controls/Basic/GroupBox.qml\n./venv/lib/python3.12/site-packages/PyQt6/Qt6/qml/QtQuick/Controls/Basic/HorizontalHeaderView.qml\n./venv/lib/python3.12/site-packages/PyQt6/Qt6/qml/QtQuick/Controls/Basic/HorizontalHeaderViewDelegate.qml\n./venv/lib/python3.12/site-packages/PyQt6/Qt6/qml/QtQuick/Controls/Basic/ItemDelegate.qml\n./venv/lib/python3.12/site-packages/PyQt6/Qt6/qml/QtQuick/Controls/Basic/Label.qml\n./venv/lib/python3.12/site-packages/PyQt6/Qt6/qml/QtQuick/Controls/Basic/Menu.qml\n./venv/lib/python3.12/site-packages/PyQt6/Qt6/qml/QtQuick/Controls/Basic/MenuBar.qml\n./venv/lib/python3.12/site-packages/PyQt6/Qt6/qml/QtQuick/Controls/Basic/MenuBarItem.qml\n./venv/lib/python3.12/site-packages/PyQt6/Qt6/qml/QtQuick/Controls/Basic/MenuItem.qml\n./venv/lib/python3.12/site-packages/PyQt6/Qt6/qml/QtQuick/Controls/Basic/MenuSeparator.qml\n./venv/lib/python3.12/site-packages/PyQt6/Qt6/qml/QtQuick/Controls/Basic/MonthGrid.qml\n./venv/lib/python3.12/site-packages/PyQt6/Qt6/qml/QtQuick/Controls/Basic/Page.qml\n./venv/lib/python3.12/site-packages/PyQt6/Qt6/qml/QtQuick/Controls/Basic/PageIndicator.qml\n./venv/lib/python3.12/site-packages/PyQt6/Qt6/qml/QtQuick/Controls/Basic/Pane.qml\n./venv/lib/python3.12/site-packages/PyQt6/Qt6/qml/QtQuick/Controls/Basic/Popup.qml\n./venv/lib/python3.12/site-packages/PyQt6/Qt6/qml/QtQuick/Controls/Basic/ProgressBar.qml\n./venv/lib/python3.12/site-packages/PyQt6/Qt6/qml/QtQuick/Controls/Basic/RadioButton.qml\n./venv/lib/python3.12/site-packages/PyQt6/Qt6/qml/QtQuick/Controls/Basic/RadioDelegate.qml\n./venv/lib/python3.12/site-packages/PyQt6/Qt6/qml/QtQuick/Controls/Basic/RangeSlider.qml\n./venv/lib/python3.12/site-packages/PyQt6/Qt6/qml/QtQuick/Controls/Basic/RoundButton.qml\n./venv/lib/python3.12/site-packages/PyQt6/Qt6/qml/QtQuick/Controls/Basic/ScrollBar.qml\n./venv/lib/python3.12/site-packages/PyQt6/Qt6/qml/QtQuick/Controls/Basic/ScrollIndicator.qml\n./venv/lib/python3.12/site-packages/PyQt6/Qt6/qml/QtQuick/Controls/Basic/ScrollView.qml\n./venv/lib/python3.12/site-packages/PyQt6/Qt6/qml/QtQuick/Controls/Basic/SearchField.qml\n./venv/lib/python3.12/site-packages/PyQt6/Qt6/qml/QtQuick/Controls/Basic/SelectionRectangle.qml\n./venv/lib/python3.12/site-packages/PyQt6/Qt6/qml/QtQuick/Controls/Basic/Slider.qml\n./venv/lib/python3.12/site-packages/PyQt6/Qt6/qml/QtQuick/Controls/Basic/SpinBox.qml\n./venv/lib/python3.12/site-packages/PyQt6/Qt6/qml/QtQuick/Controls/Basic/SplitView.qml\n./venv/lib/python3.12/site-packages/PyQt6/Qt6/qml/QtQuick/Controls/Basic/StackView.qml\n./venv/lib/python3.12/site-packages/PyQt6/Qt6/qml/QtQuick/Controls/Basic/SwipeDelegate.qml\n./venv/lib/python3.12/site-packages/PyQt6/Qt6/qml/QtQuick/Controls/Basic/SwipeView.qml\n./venv/lib/python3.12/site-packages/PyQt6/Qt6/qml/QtQuick/Controls/Basic/Switch.qml\n./venv/lib/python3.12/site-packages/PyQt6/Qt6/qml/QtQuick/Controls/Basic/SwitchDelegate.qml\n./venv/lib/python3.12/site-packages/PyQt6/Qt6/qml/QtQuick/Controls/Basic/TabBar.qml\n./venv/lib/python3.12/site-packages/PyQt6/Qt6/qml/QtQuick/Controls/Basic/TabButton.qml\n./venv/lib/python3.12/site-packages/PyQt6/Qt6/qml/QtQuick/Controls/Basic/TableViewDelegate.qml\n./venv/lib/python3.12/site-packages/PyQt6/Qt6/qml/QtQuick/Controls/Basic/TextArea.qml\n./venv/lib/python3.12/site-packages/PyQt6/Qt6/qml/QtQuick/Controls/Basic/TextField.qml\n./venv/lib/python3.12/site-packages/PyQt6/Qt6/qml/QtQuick/Controls/Basic/ToolBar.qml\n./venv/lib/python3.12/site-packages/PyQt6/Qt6/qml/QtQuick/Controls/Basic/ToolButton.qml\n./venv/lib/python3.12/site-packages/PyQt6/Qt6/qml/QtQuick/Controls/Basic/ToolSeparator.qml\n./venv/lib/python3.12/site-packages/PyQt6/Qt6/qml/QtQuick/Controls/Basic/ToolTip.qml\n./venv/lib/python3.12/site-packages/PyQt6/Qt6/qml/QtQuick/Controls/Basic/TreeViewDelegate.qml\n./venv/lib/python3.12/site-packages/PyQt6/Qt6/qml/QtQuick/Controls/Basic/Tumbler.qml\n./venv/lib/python3.12/site-packages/PyQt6/Qt6/qml/QtQuick/Controls/Basic/VerticalHeaderView.qml\n./venv/lib/python3.12/site-packages/PyQt6/Qt6/qml/QtQuick/Controls/Basic/VerticalHeaderViewDelegate.qml\n./venv/lib/python3.12/site-packages/PyQt6/Qt6/qml/QtQuick/Controls/Basic/WeekNumberColumn.qml\n./venv/lib/python3.12/site-packages/PyQt6/Qt6/qml/QtQuick/Controls/Basic/libqtquickcontrols2basicstyleplugin.dylib\n./venv/lib/python3.12/site-packages/PyQt6/Qt6/qml/QtQuick/Controls/Basic/plugins.qmltypes\n./venv/lib/python3.12/site-packages/PyQt6/Qt6/qml/QtQuick/Controls/Basic/qmldir\n./venv/lib/python3.12/site-packages/PyQt6/Qt6/qml/QtQuick/Controls/Basic/impl/libqtquickcontrols2basicstyleimplplugin.dylib\n./venv/lib/python3.12/site-packages/PyQt6/Qt6/qml/QtQuick/Controls/Basic/impl/plugins.qmltypes\n./venv/lib/python3.12/site-packages/PyQt6/Qt6/qml/QtQuick/Controls/Basic/impl/qmldir\n./venv/lib/python3.12/site-packages/PyQt6/Qt6/qml/QtQuick/Controls/iOS/ApplicationWindow.qml\n./venv/lib/python3.12/site-packages/PyQt6/Qt6/qml/QtQuick/Controls/iOS/BusyIndicator.qml\n./venv/lib/python3.12/site-packages/PyQt6/Qt6/qml/QtQuick/Controls/iOS/Button.qml\n./venv/lib/python3.12/site-packages/PyQt6/Qt6/qml/QtQuick/Controls/iOS/CheckBox.qml\n./venv/lib/python3.12/site-packages/PyQt6/Qt6/qml/QtQuick/Controls/iOS/CheckDelegate.qml\n./venv/lib/python3.12/site-packages/PyQt6/Qt6/qml/QtQuick/Controls/iOS/ComboBox.qml\n./venv/lib/python3.12/site-packages/PyQt6/Qt6/qml/QtQuick/Controls/iOS/DelayButton.qml\n./venv/lib/python3.12/site-packages/PyQt6/Qt6/qml/QtQuick/Controls/iOS/Dial.qml\n./venv/lib/python3.12/site-packages/PyQt6/Qt6/qml/QtQuick/Controls/iOS/Dialog.qml\n./venv/lib/python3.12/site-packages/PyQt6/Qt6/qml/QtQuick/Controls/iOS/DialogButtonBox.qml\n./venv/lib/python3.12/site-packages/PyQt6/Qt6/qml/QtQuick/Controls/iOS/Drawer.qml\n./venv/lib/python3.12/site-packages/PyQt6/Qt6/qml/QtQuick/Controls/iOS/Frame.qml\n./venv/lib/python3.12/site-packages/PyQt6/Qt6/qml/QtQuick/Controls/iOS/GroupBox.qml\n./venv/lib/python3.12/site-packages/PyQt6/Qt6/qml/QtQuick/Controls/iOS/HorizontalHeaderView.qml\n./venv/lib/python3.12/site-packages/PyQt6/Qt6/qml/QtQuick/Controls/iOS/HorizontalHeaderViewDelegate.qml\n./venv/lib/python3.12/site-packages/PyQt6/Qt6/qml/QtQuick/Controls/iOS/ItemDelegate.qml\n./venv/lib/python3.12/site-packages/PyQt6/Qt6/qml/QtQuick/Controls/iOS/Menu.qml\n./venv/lib/python3.12/site-packages/PyQt6/Qt6/qml/QtQuick/Controls/iOS/MenuBar.qml\n./venv/lib/python3.12/site-packages/PyQt6/Qt6/qml/QtQuick/Controls/iOS/MenuBarItem.qml\n./venv/lib/python3.12/site-packages/PyQt6/Qt6/qml/QtQuick/Controls/iOS/MenuItem.qml\n./venv/lib/python3.12/site-packages/PyQt6/Qt6/qml/QtQuick/Controls/iOS/MenuSeparator.qml\n./venv/lib/python3.12/site-packages/PyQt6/Qt6/qml/QtQuick/Controls/iOS/PageIndicator.qml\n./venv/lib/python3.12/site-packages/PyQt6/Qt6/qml/QtQuick/Controls/iOS/Popup.qml\n./venv/lib/python3.12/site-packages/PyQt6/Qt6/qml/QtQuick/Controls/iOS/ProgressBar.qml\n./venv/lib/python3.12/site-packages/PyQt6/Qt6/qml/QtQuick/Controls/iOS/RadioButton.qml\n./venv/lib/python3.12/site-packages/PyQt6/Qt6/qml/QtQuick/Controls/iOS/RadioDelegate.qml\n./venv/lib/python3.12/site-packages/PyQt6/Qt6/qml/QtQuick/Controls/iOS/RangeSlider.qml\n./venv/lib/python3.12/site-packages/PyQt6/Qt6/qml/QtQuick/Controls/iOS/ScrollBar.qml\n./venv/lib/python3.12/site-packages/PyQt6/Qt6/qml/QtQuick/Controls/iOS/ScrollIndicator.qml\n./venv/lib/python3.12/site-packages/PyQt6/Qt6/qml/QtQuick/Controls/iOS/SearchField.qml\n./venv/lib/python3.12/site-packages/PyQt6/Qt6/qml/QtQuick/Controls/iOS/SelectionRectangle.qml\n./venv/lib/python3.12/site-packages/PyQt6/Qt6/qml/QtQuick/Controls/iOS/Slider.qml\n./venv/lib/python3.12/site-packages/PyQt6/Qt6/qml/QtQuick/Controls/iOS/SpinBox.qml\n./venv/lib/python3.12/site-packages/PyQt6/Qt6/qml/QtQuick/Controls/iOS/SplitView.qml\n./venv/lib/python3.12/site-packages/PyQt6/Qt6/qml/QtQuick/Controls/iOS/StackView.qml\n./venv/lib/python3.12/site-packages/PyQt6/Qt6/qml/QtQuick/Controls/iOS/SwipeDelegate.qml\n./venv/lib/python3.12/site-packages/PyQt6/Qt6/qml/QtQuick/Controls/iOS/Switch.qml\n./venv/lib/python3.12/site-packages/PyQt6/Qt6/qml/QtQuick/Controls/iOS/SwitchDelegate.qml\n./venv/lib/python3.12/site-packages/PyQt6/Qt6/qml/QtQuick/Controls/iOS/TabBar.qml\n./venv/lib/python3.12/site-packages/PyQt6/Qt6/qml/QtQuick/Controls/iOS/TabButton.qml\n./venv/lib/python3.12/site-packages/PyQt6/Qt6/qml/QtQuick/Controls/iOS/TextArea.qml\n./venv/lib/python3.12/site-packages/PyQt6/Qt6/qml/QtQuick/Controls/iOS/TextField.qml\n./venv/lib/python3.12/site-packages/PyQt6/Qt6/qml/QtQuick/Controls/iOS/ToolBar.qml\n./venv/lib/python3.12/site-packages/PyQt6/Qt6/qml/QtQuick/Controls/iOS/ToolButton.qml\n./venv/lib/python3.12/site-packages/PyQt6/Qt6/qml/QtQuick/Controls/iOS/ToolSeparator.qml\n./venv/lib/python3.12/site-packages/PyQt6/Qt6/qml/QtQuick/Controls/iOS/ToolTip.qml\n./venv/lib/python3.12/site-packages/PyQt6/Qt6/qml/QtQuick/Controls/iOS/TreeViewDelegate.qml\n./venv/lib/python3.12/site-packages/PyQt6/Qt6/qml/QtQuick/Controls/iOS/VerticalHeaderView.qml\n./venv/lib/python3.12/site-packages/PyQt6/Qt6/qml/QtQuick/Controls/iOS/VerticalHeaderViewDelegate.qml\n./venv/lib/python3.12/site-packages/PyQt6/Qt6/qml/QtQuick/Controls/iOS/libqtquickcontrols2iosstyleplugin.dylib\n./venv/lib/python3.12/site-packages/PyQt6/Qt6/qml/QtQuick/Controls/iOS/plugins.qmltypes\n./venv/lib/python3.12/site-packages/PyQt6/Qt6/qml/QtQuick/Controls/iOS/qmldir\n./venv/lib/python3.12/site-packages/PyQt6/Qt6/qml/QtQuick/Controls/iOS/impl/CursorDelegate.qml\n./venv/lib/python3.12/site-packages/PyQt6/Qt6/qml/QtQuick/Controls/iOS/impl/DialogButtonBoxDelegate.qml\n./venv/lib/python3.12/site-packages/PyQt6/Qt6/qml/QtQuick/Controls/iOS/impl/libqtquickcontrols2iosstyleimplplugin.dylib\n./venv/lib/python3.12/site-packages/PyQt6/Qt6/qml/QtQuick/Controls/iOS/impl/plugins.qmltypes\n./venv/lib/python3.12/site-packages/PyQt6/Qt6/qml/QtQuick/Controls/iOS/impl/qmldir\n./venv/lib/python3.12/site-packages/PyQt6/Qt6/qml/QtQuick/Controls/designer/AbstractButtonSection.qml\n./venv/lib/python3.12/site-packages/PyQt6/Qt6/qml/QtQuick/Controls/designer/BusyIndicatorSpecifics.qml\n./venv/lib/python3.12/site-packages/PyQt6/Qt6/qml/QtQuick/Controls/designer/ButtonSection.qml\n./venv/lib/python3.12/site-packages/PyQt6/Qt6/qml/QtQuick/Controls/designer/ButtonSpecifics.qml\n./venv/lib/python3.12/site-packages/PyQt6/Qt6/qml/QtQuick/Controls/designer/CheckBoxSpecifics.qml\n./venv/lib/python3.12/site-packages/PyQt6/Qt6/qml/QtQuick/Controls/designer/CheckDelegateSpecifics.qml\n./venv/lib/python3.12/site-packages/PyQt6/Qt6/qml/QtQuick/Controls/designer/CheckSection.qml\n./venv/lib/python3.12/site-packages/PyQt6/Qt6/qml/QtQuick/Controls/designer/ComboBoxSpecifics.qml\n./venv/lib/python3.12/site-packages/PyQt6/Qt6/qml/QtQuick/Controls/designer/ContainerSection.qml\n./venv/lib/python3.12/site-packages/PyQt6/Qt6/qml/QtQuick/Controls/designer/ControlSection.qml\n./venv/lib/python3.12/site-packages/PyQt6/Qt6/qml/QtQuick/Controls/designer/ControlSpecifics.qml\n./venv/lib/python3.12/site-packages/PyQt6/Qt6/qml/QtQuick/Controls/designer/DelayButtonSpecifics.qml\n./venv/lib/python3.12/site-packages/PyQt6/Qt6/qml/QtQuick/Controls/designer/DialSpecifics.qml\n./venv/lib/python3.12/site-packages/PyQt6/Qt6/qml/QtQuick/Controls/designer/FrameSpecifics.qml\n./venv/lib/python3.12/site-packages/PyQt6/Qt6/qml/QtQuick/Controls/designer/GroupBoxSpecifics.qml\n./venv/lib/python3.12/site-packages/PyQt6/Qt6/qml/QtQuick/Controls/designer/InsetSection.qml\n./venv/lib/python3.12/site-packages/PyQt6/Qt6/qml/QtQuick/Controls/designer/ItemDelegateSection.qml\n./venv/lib/python3.12/site-packages/PyQt6/Qt6/qml/QtQuick/Controls/designer/ItemDelegateSpecifics.qml\n./venv/lib/python3.12/site-packages/PyQt6/Qt6/qml/QtQuick/Controls/designer/LabelSpecifics.qml\n./venv/lib/python3.12/site-packages/PyQt6/Qt6/qml/QtQuick/Controls/designer/PaddingSection.qml\n./venv/lib/python3.12/site-packages/PyQt6/Qt6/qml/QtQuick/Controls/designer/PageIndicatorSpecifics.qml\n./venv/lib/python3.12/site-packages/PyQt6/Qt6/qml/QtQuick/Controls/designer/PageSpecifics.qml\n./venv/lib/python3.12/site-packages/PyQt6/Qt6/qml/QtQuick/Controls/designer/PaneSection.qml\n./venv/lib/python3.12/site-packages/PyQt6/Qt6/qml/QtQuick/Controls/designer/PaneSpecifics.qml\n./venv/lib/python3.12/site-packages/PyQt6/Qt6/qml/QtQuick/Controls/designer/ProgressBarSpecifics.qml\n./venv/lib/python3.12/site-packages/PyQt6/Qt6/qml/QtQuick/Controls/designer/RadioButtonSpecifics.qml\n./venv/lib/python3.12/site-packages/PyQt6/Qt6/qml/QtQuick/Controls/designer/RadioDelegateSpecifics.qml\n./venv/lib/python3.12/site-packages/PyQt6/Qt6/qml/QtQuick/Controls/designer/RangeSliderSpecifics.qml\n./venv/lib/python3.12/site-packages/PyQt6/Qt6/qml/QtQuick/Controls/designer/RoundButtonSpecifics.qml\n./venv/lib/python3.12/site-packages/PyQt6/Qt6/qml/QtQuick/Controls/designer/ScrollViewSpecifics.qml\n./venv/lib/python3.12/site-packages/PyQt6/Qt6/qml/QtQuick/Controls/designer/SliderSpecifics.qml\n./venv/lib/python3.12/site-packages/PyQt6/Qt6/qml/QtQuick/Controls/designer/SpinBoxSpecifics.qml\n./venv/lib/python3.12/site-packages/PyQt6/Qt6/qml/QtQuick/Controls/designer/StackViewSpecifics.qml\n./venv/lib/python3.12/site-packages/PyQt6/Qt6/qml/QtQuick/Controls/designer/SwipeDelegateSpecifics.qml\n./venv/lib/python3.12/site-packages/PyQt6/Qt6/qml/QtQuick/Controls/designer/SwipeViewSpecifics.qml\n./venv/lib/python3.12/site-packages/PyQt6/Qt6/qml/QtQuick/Controls/designer/SwitchDelegateSpecifics.qml\n./venv/lib/python3.12/site-packages/PyQt6/Qt6/qml/QtQuick/Controls/designer/SwitchSpecifics.qml\n./venv/lib/python3.12/site-packages/PyQt6/Qt6/qml/QtQuick/Controls/designer/TabBarSpecifics.qml\n./venv/lib/python3.12/site-packages/PyQt6/Qt6/qml/QtQuick/Controls/designer/TabButtonSpecifics.qml\n./venv/lib/python3.12/site-packages/PyQt6/Qt6/qml/QtQuick/Controls/designer/TextAreaSpecifics.qml\n./venv/lib/python3.12/site-packages/PyQt6/Qt6/qml/QtQuick/Controls/designer/TextFieldSpecifics.qml\n./venv/lib/python3.12/site-packages/PyQt6/Qt6/qml/QtQuick/Controls/designer/ToolBarSpecifics.qml\n./venv/lib/python3.12/site-packages/PyQt6/Qt6/qml/QtQuick/Controls/designer/ToolButtonSpecifics.qml\n./venv/lib/python3.12/site-packages/PyQt6/Qt6/qml/QtQuick/Controls/designer/ToolSeparatorSpecifics.qml\n./venv/lib/python3.12/site-packages/PyQt6/Qt6/qml/QtQuick/Controls/designer/TumblerSpecifics.qml\n./venv/lib/python3.12/site-packages/PyQt6/Qt6/qml/QtQuick/Controls/designer/qtquickcontrols2.metainfo\n./venv/lib/python3.12/site-packages/PyQt6/Qt6/qml/QtQuick/Controls/designer/images/busyindicator-icon.png\n./venv/lib/python3.12/site-packages/PyQt6/Qt6/qml/QtQuick/Controls/designer/images/busyindicator-icon16.png\n./venv/lib/python3.12/site-packages/PyQt6/Qt6/qml/QtQuick/Controls/designer/images/busyindicator-icon@2x.png\n./venv/lib/python3.12/site-packages/PyQt6/Qt6/qml/QtQuick/Controls/designer/images/button-icon.png\n./venv/lib/python3.12/site-packages/PyQt6/Qt6/qml/QtQuick/Controls/designer/images/button-icon16.png\n./venv/lib/python3.12/site-packages/PyQt6/Qt6/qml/QtQuick/Controls/designer/images/button-icon@2x.png\n./venv/lib/python3.12/site-packages/PyQt6/Qt6/qml/QtQuick/Controls/designer/images/checkbox-icon.png\n./venv/lib/python3.12/site-packages/PyQt6/Qt6/qml/QtQuick/Controls/designer/images/checkbox-icon16.png\n./venv/lib/python3.12/site-packages/PyQt6/Qt6/qml/QtQuick/Controls/designer/images/checkbox-icon@2x.png\n./venv/lib/python3.12/site-packages/PyQt6/Qt6/qml/QtQuick/Controls/designer/images/combobox-icon.png\n./venv/lib/python3.12/site-packages/PyQt6/Qt6/qml/QtQuick/Controls/designer/images/combobox-icon16.png\n./venv/lib/python3.12/site-packages/PyQt6/Qt6/qml/QtQuick/Controls/designer/images/combobox-icon@2x.png\n./venv/lib/python3.12/site-packages/PyQt6/Qt6/qml/QtQuick/Controls/designer/images/control-icon.png\n./venv/lib/python3.12/site-packages/PyQt6/Qt6/qml/QtQuick/Controls/designer/images/control-icon16.png\n./venv/lib/python3.12/site-packages/PyQt6/Qt6/qml/QtQuick/Controls/designer/images/control-icon@2x.png\n./venv/lib/python3.12/site-packages/PyQt6/Qt6/qml/QtQuick/Controls/designer/images/delaybutton-icon.png\n./venv/lib/python3.12/site-packages/PyQt6/Qt6/qml/QtQuick/Controls/designer/images/delaybutton-icon16.png\n./venv/lib/python3.12/site-packages/PyQt6/Qt6/qml/QtQuick/Controls/designer/images/delaybutton-icon@2x.png\n./venv/lib/python3.12/site-packages/PyQt6/Qt6/qml/QtQuick/Controls/designer/images/dial-icon.png\n./venv/lib/python3.12/site-packages/PyQt6/Qt6/qml/QtQuick/Controls/designer/images/dial-icon16.png\n./venv/lib/python3.12/site-packages/PyQt6/Qt6/qml/QtQuick/Controls/designer/images/dial-icon@2x.png\n./venv/lib/python3.12/site-packages/PyQt6/Qt6/qml/QtQuick/Controls/designer/images/frame-icon.png\n./venv/lib/python3.12/site-packages/PyQt6/Qt6/qml/QtQuick/Controls/designer/images/frame-icon16.png\n./venv/lib/python3.12/site-packages/PyQt6/Qt6/qml/QtQuick/Controls/designer/images/frame-icon@2x.png\n./venv/lib/python3.12/site-packages/PyQt6/Qt6/qml/QtQuick/Controls/designer/images/groupbox-icon.png\n./venv/lib/python3.12/site-packages/PyQt6/Qt6/qml/QtQuick/Controls/designer/images/groupbox-icon16.png\n./venv/lib/python3.12/site-packages/PyQt6/Qt6/qml/QtQuick/Controls/designer/images/groupbox-icon@2x.png\n./venv/lib/python3.12/site-packages/PyQt6/Qt6/qml/QtQuick/Controls/designer/images/itemdelegate-icon.png\n./venv/lib/python3.12/site-packages/PyQt6/Qt6/qml/QtQuick/Controls/designer/images/itemdelegate-icon16.png\n./venv/lib/python3.12/site-packages/PyQt6/Qt6/qml/QtQuick/Controls/designer/images/itemdelegate-icon@2x.png\n./venv/lib/python3.12/site-packages/PyQt6/Qt6/qml/QtQuick/Controls/designer/images/label-icon.png\n./venv/lib/python3.12/site-packages/PyQt6/Qt6/qml/QtQuick/Controls/designer/images/label-icon16.png\n./venv/lib/python3.12/site-packages/PyQt6/Qt6/qml/QtQuick/Controls/designer/images/label-icon@2x.png\n./venv/lib/python3.12/site-packages/PyQt6/Qt6/qml/QtQuick/Controls/designer/images/page-icon.png\n./venv/lib/python3.12/site-packages/PyQt6/Qt6/qml/QtQuick/Controls/designer/images/page-icon16.png\n./venv/lib/python3.12/site-packages/PyQt6/Qt6/qml/QtQuick/Controls/designer/images/page-icon@2x.png\n./venv/lib/python3.12/site-packages/PyQt6/Qt6/qml/QtQuick/Controls/designer/images/pageindicator-icon.png\n./venv/lib/python3.12/site-packages/PyQt6/Qt6/qml/QtQuick/Controls/designer/images/pageindicator-icon16.png\n./venv/lib/python3.12/site-packages/PyQt6/Qt6/qml/QtQuick/Controls/designer/images/pageindicator-icon@2x.png\n./venv/lib/python3.12/site-packages/PyQt6/Qt6/qml/QtQuick/Controls/designer/images/pane-icon.png\n./venv/lib/python3.12/site-packages/PyQt6/Qt6/qml/QtQuick/Controls/designer/images/pane-icon16.png\n./venv/lib/python3.12/site-packages/PyQt6/Qt6/qml/QtQuick/Controls/designer/images/pane-icon@2x.png\n./venv/lib/python3.12/site-packages/PyQt6/Qt6/qml/QtQuick/Controls/designer/images/progressbar-icon.png\n./venv/lib/python3.12/site-packages/PyQt6/Qt6/qml/QtQuick/Controls/designer/images/progressbar-icon16.png\n./venv/lib/python3.12/site-packages/PyQt6/Qt6/qml/QtQuick/Controls/designer/images/progressbar-icon@2x.png\n./venv/lib/python3.12/site-packages/PyQt6/Qt6/qml/QtQuick/Controls/designer/images/radiobutton-icon.png\n./venv/lib/python3.12/site-packages/PyQt6/Qt6/qml/QtQuick/Controls/designer/images/radiobutton-icon16.png\n./venv/lib/python3.12/site-packages/PyQt6/Qt6/qml/QtQuick/Controls/designer/images/radiobutton-icon@2x.png\n./venv/lib/python3.12/site-packages/PyQt6/Qt6/qml/QtQuick/Controls/designer/images/rangeslider-icon.png\n./venv/lib/python3.12/site-packages/PyQt6/Qt6/qml/QtQuick/Controls/designer/images/rangeslider-icon16.png\n./venv/lib/python3.12/site-packages/PyQt6/Qt6/qml/QtQuick/Controls/designer/images/rangeslider-icon@2x.png\n./venv/lib/python3.12/site-packages/PyQt6/Qt6/qml/QtQuick/Controls/designer/images/roundbutton-icon.png\n./venv/lib/python3.12/site-packages/PyQt6/Qt6/qml/QtQuick/Controls/designer/images/roundbutton-icon16.png\n./venv/lib/python3.12/site-packages/PyQt6/Qt6/qml/QtQuick/Controls/designer/images/roundbutton-icon@2x.png\n./venv/lib/python3.12/site-packages/PyQt6/Qt6/qml/QtQuick/Controls/designer/images/scrollview-icon.png\n./venv/lib/python3.12/site-packages/PyQt6/Qt6/qml/QtQuick/Controls/designer/images/scrollview-icon16.png\n./venv/lib/python3.12/site-packages/PyQt6/Qt6/qml/QtQuick/Controls/designer/images/scrollview-icon@2x.png\n./venv/lib/python3.12/site-packages/PyQt6/Qt6/qml/QtQuick/Controls/designer/images/slider-icon.png\n./venv/lib/python3.12/site-packages/PyQt6/Qt6/qml/QtQuick/Controls/designer/images/slider-icon16.png\n./venv/lib/python3.12/site-packages/PyQt6/Qt6/qml/QtQuick/Controls/designer/images/slider-icon@2x.png\n./venv/lib/python3.12/site-packages/PyQt6/Qt6/qml/QtQuick/Controls/designer/images/spinbox-icon.png\n./venv/lib/python3.12/site-packages/PyQt6/Qt6/qml/QtQuick/Controls/designer/images/spinbox-icon16.png\n./venv/lib/python3.12/site-packages/PyQt6/Qt6/qml/QtQuick/Controls/designer/images/spinbox-icon@2x.png\n./venv/lib/python3.12/site-packages/PyQt6/Qt6/qml/QtQuick/Controls/designer/images/stackview-icon.png\n./venv/lib/python3.12/site-packages/PyQt6/Qt6/qml/QtQuick/Controls/designer/images/stackview-icon16.png\n./venv/lib/python3.12/site-packages/PyQt6/Qt6/qml/QtQuick/Controls/designer/images/stackview-icon@2x.png\n./venv/lib/python3.12/site-packages/PyQt6/Qt6/qml/QtQuick/Controls/designer/images/swipeview-icon.png\n./venv/lib/python3.12/site-packages/PyQt6/Qt6/qml/QtQuick/Controls/designer/images/swipeview-icon16.png\n./venv/lib/python3.12/site-packages/PyQt6/Qt6/qml/QtQuick/Controls/designer/images/swipeview-icon@2x.png\n./venv/lib/python3.12/site-packages/PyQt6/Qt6/qml/QtQuick/Controls/designer/images/switch-icon.png\n./venv/lib/python3.12/site-packages/PyQt6/Qt6/qml/QtQuick/Controls/designer/images/switch-icon16.png\n./venv/lib/python3.12/site-packages/PyQt6/Qt6/qml/QtQuick/Controls/designer/images/switch-icon@2x.png\n./venv/lib/python3.12/site-packages/PyQt6/Qt6/qml/QtQuick/Controls/designer/images/textarea-icon.png\n./venv/lib/python3.12/site-packages/PyQt6/Qt6/qml/QtQuick/Controls/designer/images/textarea-icon16.png\n./venv/lib/python3.12/site-packages/PyQt6/Qt6/qml/QtQuick/Controls/designer/images/textarea-icon@2x.png\n./venv/lib/python3.12/site-packages/PyQt6/Qt6/qml/QtQuick/Controls/designer/images/textfield-icon.png\n./venv/lib/python3.12/site-packages/PyQt6/Qt6/qml/QtQuick/Controls/designer/images/textfield-icon16.png\n./venv/lib/python3.12/site-packages/PyQt6/Qt6/qml/QtQuick/Controls/designer/images/textfield-icon@2x.png\n./venv/lib/python3.12/site-packages/PyQt6/Qt6/qml/QtQuick/Controls/designer/images/toolbar-icon.png\n./venv/lib/python3.12/site-packages/PyQt6/Qt6/qml/QtQuick/Controls/designer/images/toolbar-icon16.png\n./venv/lib/python3.12/site-packages/PyQt6/Qt6/qml/QtQuick/Controls/designer/images/toolbar-icon@2x.png\n./venv/lib/python3.12/site-packages/PyQt6/Qt6/qml/QtQuick/Controls/designer/images/toolbutton-icon.png\n./venv/lib/python3.12/site-packages/PyQt6/Qt6/qml/QtQuick/Controls/designer/images/toolbutton-icon16.png\n./venv/lib/python3.12/site-packages/PyQt6/Qt6/qml/QtQuick/Controls/designer/images/toolbutton-icon@2x.png\n./venv/lib/python3.12/site-packages/PyQt6/Qt6/qml/QtQuick/Controls/designer/images/toolseparator-icon.png\n./venv/lib/python3.12/site-packages/PyQt6/Qt6/qml/QtQuick/Controls/designer/images/toolseparator-icon16.png\n./venv/lib/python3.12/site-packages/PyQt6/Qt6/qml/QtQuick/Controls/designer/images/toolseparator-icon@2x.png\n./venv/lib/python3.12/site-packages/PyQt6/Qt6/qml/QtQuick/Controls/designer/images/tumbler-icon.png\n./venv/lib/python3.12/site-packages/PyQt6/Qt6/qml/QtQuick/Controls/designer/images/tumbler-icon16.png\n./venv/lib/python3.12/site-packages/PyQt6/Qt6/qml/QtQuick/Controls/designer/images/tumbler-icon@2x.png\n./venv/lib/python3.12/site-packages/PyQt6/Qt6/qml/QtQuick/Controls/Material/ApplicationWindow.qml\n./venv/lib/python3.12/site-packages/PyQt6/Qt6/qml/QtQuick/Controls/Material/BusyIndicator.qml\n./venv/lib/python3.12/site-packages/PyQt6/Qt6/qml/QtQuick/Controls/Material/Button.qml\n./venv/lib/python3.12/site-packages/PyQt6/Qt6/qml/QtQuick/Controls/Material/CheckBox.qml\n./venv/lib/python3.12/site-packages/PyQt6/Qt6/qml/QtQuick/Controls/Material/CheckDelegate.qml\n./venv/lib/python3.12/site-packages/PyQt6/Qt6/qml/QtQuick/Controls/Material/ComboBox.qml\n./venv/lib/python3.12/site-packages/PyQt6/Qt6/qml/QtQuick/Controls/Material/DelayButton.qml\n./venv/lib/python3.12/site-packages/PyQt6/Qt6/qml/QtQuick/Controls/Material/Dial.qml\n./venv/lib/python3.12/site-packages/PyQt6/Qt6/qml/QtQuick/Controls/Material/Dialog.qml\n./venv/lib/python3.12/site-packages/PyQt6/Qt6/qml/QtQuick/Controls/Material/DialogButtonBox.qml\n./venv/lib/python3.12/site-packages/PyQt6/Qt6/qml/QtQuick/Controls/Material/Drawer.qml\n./venv/lib/python3.12/site-packages/PyQt6/Qt6/qml/QtQuick/Controls/Material/Frame.qml\n./venv/lib/python3.12/site-packages/PyQt6/Qt6/qml/QtQuick/Controls/Material/GroupBox.qml\n./venv/lib/python3.12/site-packages/PyQt6/Qt6/qml/QtQuick/Controls/Material/HorizontalHeaderView.qml\n./venv/lib/python3.12/site-packages/PyQt6/Qt6/qml/QtQuick/Controls/Material/HorizontalHeaderViewDelegate.qml\n./venv/lib/python3.12/site-packages/PyQt6/Qt6/qml/QtQuick/Controls/Material/ItemDelegate.qml\n./venv/lib/python3.12/site-packages/PyQt6/Qt6/qml/QtQuick/Controls/Material/Label.qml\n./venv/lib/python3.12/site-packages/PyQt6/Qt6/qml/QtQuick/Controls/Material/Menu.qml\n./venv/lib/python3.12/site-packages/PyQt6/Qt6/qml/QtQuick/Controls/Material/MenuBar.qml\n./venv/lib/python3.12/site-packages/PyQt6/Qt6/qml/QtQuick/Controls/Material/MenuBarItem.qml\n./venv/lib/python3.12/site-packages/PyQt6/Qt6/qml/QtQuick/Controls/Material/MenuItem.qml\n./venv/lib/python3.12/site-packages/PyQt6/Qt6/qml/QtQuick/Controls/Material/MenuSeparator.qml\n./venv/lib/python3.12/site-packages/PyQt6/Qt6/qml/QtQuick/Controls/Material/Page.qml\n./venv/lib/python3.12/site-packages/PyQt6/Qt6/qml/QtQuick/Controls/Material/PageIndicator.qml\n./venv/lib/python3.12/site-packages/PyQt6/Qt6/qml/QtQuick/Controls/Material/Pane.qml\n./venv/lib/python3.12/site-packages/PyQt6/Qt6/qml/QtQuick/Controls/Material/Popup.qml\n./venv/lib/python3.12/site-packages/PyQt6/Qt6/qml/QtQuick/Controls/Material/ProgressBar.qml\n./venv/lib/python3.12/site-packages/PyQt6/Qt6/qml/QtQuick/Controls/Material/RadioButton.qml\n./venv/lib/python3.12/site-packages/PyQt6/Qt6/qml/QtQuick/Controls/Material/RadioDelegate.qml\n./venv/lib/python3.12/site-packages/PyQt6/Qt6/qml/QtQuick/Controls/Material/RangeSlider.qml\n./venv/lib/python3.12/site-packages/PyQt6/Qt6/qml/QtQuick/Controls/Material/RoundButton.qml\n./venv/lib/python3.12/site-packages/PyQt6/Qt6/qml/QtQuick/Controls/Material/ScrollBar.qml\n./venv/lib/python3.12/site-packages/PyQt6/Qt6/qml/QtQuick/Controls/Material/ScrollIndicator.qml\n./venv/lib/python3.12/site-packages/PyQt6/Qt6/qml/QtQuick/Controls/Material/ScrollView.qml\n./venv/lib/python3.12/site-packages/PyQt6/Qt6/qml/QtQuick/Controls/Material/SearchField.qml\n./venv/lib/python3.12/site-packages/PyQt6/Qt6/qml/QtQuick/Controls/Material/SelectionRectangle.qml\n./venv/lib/python3.12/site-packages/PyQt6/Qt6/qml/QtQuick/Controls/Material/Slider.qml\n./venv/lib/python3.12/site-packages/PyQt6/Qt6/qml/QtQuick/Controls/Material/SpinBox.qml\n./venv/lib/python3.12/site-packages/PyQt6/Qt6/qml/QtQuick/Controls/Material/SplitView.qml\n./venv/lib/python3.12/site-packages/PyQt6/Qt6/qml/QtQuick/Controls/Material/StackView.qml\n./venv/lib/python3.12/site-packages/PyQt6/Qt6/qml/QtQuick/Controls/Material/SwipeDelegate.qml\n./venv/lib/python3.12/site-packages/PyQt6/Qt6/qml/QtQuick/Controls/Material/SwipeView.qml\n./venv/lib/python3.12/site-packages/PyQt6/Qt6/qml/QtQuick/Controls/Material/Switch.qml\n./venv/lib/python3.12/site-packages/PyQt6/Qt6/qml/QtQuick/Controls/Material/SwitchDelegate.qml\n./venv/lib/python3.12/site-packages/PyQt6/Qt6/qml/QtQuick/Controls/Material/TabBar.qml\n./venv/lib/python3.12/site-packages/PyQt6/Qt6/qml/QtQuick/Controls/Material/TabButton.qml\n./venv/lib/python3.12/site-packages/PyQt6/Qt6/qml/QtQuick/Controls/Material/TextArea.qml\n./venv/lib/python3.12/site-packages/PyQt6/Qt6/qml/QtQuick/Controls/Material/TextField.qml\n./venv/lib/python3.12/site-packages/PyQt6/Qt6/qml/QtQuick/Controls/Material/ToolBar.qml\n./venv/lib/python3.12/site-packages/PyQt6/Qt6/qml/QtQuick/Controls/Material/ToolButton.qml\n./venv/lib/python3.12/site-packages/PyQt6/Qt6/qml/QtQuick/Controls/Material/ToolSeparator.qml\n./venv/lib/python3.12/site-packages/PyQt6/Qt6/qml/QtQuick/Controls/Material/ToolTip.qml\n./venv/lib/python3.12/site-packages/PyQt6/Qt6/qml/QtQuick/Controls/Material/TreeViewDelegate.qml\n./venv/lib/python3.12/site-packages/PyQt6/Qt6/qml/QtQuick/Controls/Material/Tumbler.qml\n./venv/lib/python3.12/site-packages/PyQt6/Qt6/qml/QtQuick/Controls/Material/VerticalHeaderView.qml\n./venv/lib/python3.12/site-packages/PyQt6/Qt6/qml/QtQuick/Controls/Material/VerticalHeaderViewDelegate.qml\n./venv/lib/python3.12/site-packages/PyQt6/Qt6/qml/QtQuick/Controls/Material/libqtquickcontrols2materialstyleplugin.dylib\n./venv/lib/python3.12/site-packages/PyQt6/Qt6/qml/QtQuick/Controls/Material/plugins.qmltypes\n./venv/lib/python3.12/site-packages/PyQt6/Qt6/qml/QtQuick/Controls/Material/qmldir\n./venv/lib/python3.12/site-packages/PyQt6/Qt6/qml/QtQuick/Controls/Material/impl/BoxShadow.qml\n./venv/lib/python3.12/site-packages/PyQt6/Qt6/qml/QtQuick/Controls/Material/impl/CheckIndicator.qml\n./venv/lib/python3.12/site-packages/PyQt6/Qt6/qml/QtQuick/Controls/Material/impl/CursorDelegate.qml\n./venv/lib/python3.12/site-packages/PyQt6/Qt6/qml/QtQuick/Controls/Material/impl/ElevationEffect.qml\n./venv/lib/python3.12/site-packages/PyQt6/Qt6/qml/QtQuick/Controls/Material/impl/RadioIndicator.qml\n./venv/lib/python3.12/site-packages/PyQt6/Qt6/qml/QtQuick/Controls/Material/impl/RectangularGlow.qml\n./venv/lib/python3.12/site-packages/PyQt6/Qt6/qml/QtQuick/Controls/Material/impl/RoundedElevationEffect.qml\n./venv/lib/python3.12/site-packages/PyQt6/Qt6/qml/QtQuick/Controls/Material/impl/SliderHandle.qml\n./venv/lib/python3.12/site-packages/PyQt6/Qt6/qml/QtQuick/Controls/Material/impl/SwitchIndicator.qml\n./venv/lib/python3.12/site-packages/PyQt6/Qt6/qml/QtQuick/Controls/Material/impl/libqtquickcontrols2materialstyleimplplugin.dylib\n./venv/lib/python3.12/site-packages/PyQt6/Qt6/qml/QtQuick/Controls/Material/impl/plugins.qmltypes\n./venv/lib/python3.12/site-packages/PyQt6/Qt6/qml/QtQuick/Controls/Material/impl/qmldir\n./venv/lib/python3.12/site-packages/PyQt6/Qt6/qml/QtQuick/Controls/Imagine/ApplicationWindow.qml\n./venv/lib/python3.12/site-packages/PyQt6/Qt6/qml/QtQuick/Controls/Imagine/BusyIndicator.qml\n./venv/lib/python3.12/site-packages/PyQt6/Qt6/qml/QtQuick/Controls/Imagine/Button.qml\n./venv/lib/python3.12/site-packages/PyQt6/Qt6/qml/QtQuick/Controls/Imagine/CheckBox.qml\n./venv/lib/python3.12/site-packages/PyQt6/Qt6/qml/QtQuick/Controls/Imagine/CheckDelegate.qml\n./venv/lib/python3.12/site-packages/PyQt6/Qt6/qml/QtQuick/Controls/Imagine/ComboBox.qml\n./venv/lib/python3.12/site-packages/PyQt6/Qt6/qml/QtQuick/Controls/Imagine/DelayButton.qml\n./venv/lib/python3.12/site-packages/PyQt6/Qt6/qml/QtQuick/Controls/Imagine/Dial.qml\n./venv/lib/python3.12/site-packages/PyQt6/Qt6/qml/QtQuick/Controls/Imagine/Dialog.qml\n./venv/lib/python3.12/site-packages/PyQt6/Qt6/qml/QtQuick/Controls/Imagine/DialogButtonBox.qml\n./venv/lib/python3.12/site-packages/PyQt6/Qt6/qml/QtQuick/Controls/Imagine/Drawer.qml\n./venv/lib/python3.12/site-packages/PyQt6/Qt6/qml/QtQuick/Controls/Imagine/Frame.qml\n./venv/lib/python3.12/site-packages/PyQt6/Qt6/qml/QtQuick/Controls/Imagine/GroupBox.qml\n./venv/lib/python3.12/site-packages/PyQt6/Qt6/qml/QtQuick/Controls/Imagine/HorizontalHeaderView.qml\n./venv/lib/python3.12/site-packages/PyQt6/Qt6/qml/QtQuick/Controls/Imagine/HorizontalHeaderViewDelegate.qml\n./venv/lib/python3.12/site-packages/PyQt6/Qt6/qml/QtQuick/Controls/Imagine/ItemDelegate.qml\n./venv/lib/python3.12/site-packages/PyQt6/Qt6/qml/QtQuick/Controls/Imagine/Label.qml\n./venv/lib/python3.12/site-packages/PyQt6/Qt6/qml/QtQuick/Controls/Imagine/Menu.qml\n./venv/lib/python3.12/site-packages/PyQt6/Qt6/qml/QtQuick/Controls/Imagine/MenuItem.qml\n./venv/lib/python3.12/site-packages/PyQt6/Qt6/qml/QtQuick/Controls/Imagine/MenuSeparator.qml\n./venv/lib/python3.12/site-packages/PyQt6/Qt6/qml/QtQuick/Controls/Imagine/Page.qml\n./venv/lib/python3.12/site-packages/PyQt6/Qt6/qml/QtQuick/Controls/Imagine/PageIndicator.qml\n./venv/lib/python3.12/site-packages/PyQt6/Qt6/qml/QtQuick/Controls/Imagine/Pane.qml\n./venv/lib/python3.12/site-packages/PyQt6/Qt6/qml/QtQuick/Controls/Imagine/Popup.qml\n./venv/lib/python3.12/site-packages/PyQt6/Qt6/qml/QtQuick/Controls/Imagine/ProgressBar.qml\n./venv/lib/python3.12/site-packages/PyQt6/Qt6/qml/QtQuick/Controls/Imagine/RadioButton.qml\n./venv/lib/python3.12/site-packages/PyQt6/Qt6/qml/QtQuick/Controls/Imagine/RadioDelegate.qml\n./venv/lib/python3.12/site-packages/PyQt6/Qt6/qml/QtQuick/Controls/Imagine/RangeSlider.qml\n./venv/lib/python3.12/site-packages/PyQt6/Qt6/qml/QtQuick/Controls/Imagine/RoundButton.qml\n./venv/lib/python3.12/site-packages/PyQt6/Qt6/qml/QtQuick/Controls/Imagine/ScrollBar.qml\n./venv/lib/python3.12/site-packages/PyQt6/Qt6/qml/QtQuick/Controls/Imagine/ScrollIndicator.qml\n./venv/lib/python3.12/site-packages/PyQt6/Qt6/qml/QtQuick/Controls/Imagine/ScrollView.qml\n./venv/lib/python3.12/site-packages/PyQt6/Qt6/qml/QtQuick/Controls/Imagine/SearchField.qml\n./venv/lib/python3.12/site-packages/PyQt6/Qt6/qml/QtQuick/Controls/Imagine/SelectionRectangle.qml\n./venv/lib/python3.12/site-packages/PyQt6/Qt6/qml/QtQuick/Controls/Imagine/Slider.qml\n./venv/lib/python3.12/site-packages/PyQt6/Qt6/qml/QtQuick/Controls/Imagine/SpinBox.qml\n./venv/lib/python3.12/site-packages/PyQt6/Qt6/qml/QtQuick/Controls/Imagine/SplitView.qml\n./venv/lib/python3.12/site-packages/PyQt6/Qt6/qml/QtQuick/Controls/Imagine/StackView.qml\n./venv/lib/python3.12/site-packages/PyQt6/Qt6/qml/QtQuick/Controls/Imagine/SwipeDelegate.qml\n./venv/lib/python3.12/site-packages/PyQt6/Qt6/qml/QtQuick/Controls/Imagine/SwipeView.qml\n./venv/lib/python3.12/site-packages/PyQt6/Qt6/qml/QtQuick/Controls/Imagine/Switch.qml\n./venv/lib/python3.12/site-packages/PyQt6/Qt6/qml/QtQuick/Controls/Imagine/SwitchDelegate.qml\n./venv/lib/python3.12/site-packages/PyQt6/Qt6/qml/QtQuick/Controls/Imagine/TabBar.qml\n./venv/lib/python3.12/site-packages/PyQt6/Qt6/qml/QtQuick/Controls/Imagine/TabButton.qml\n./venv/lib/python3.12/site-packages/PyQt6/Qt6/qml/QtQuick/Controls/Imagine/TextArea.qml\n./venv/lib/python3.12/site-packages/PyQt6/Qt6/qml/QtQuick/Controls/Imagine/TextField.qml\n./venv/lib/python3.12/site-packages/PyQt6/Qt6/qml/QtQuick/Controls/Imagine/ToolBar.qml\n./venv/lib/python3.12/site-packages/PyQt6/Qt6/qml/QtQuick/Controls/Imagine/ToolButton.qml\n./venv/lib/python3.12/site-packages/PyQt6/Qt6/qml/QtQuick/Controls/Imagine/ToolSeparator.qml\n./venv/lib/python3.12/site-packages/PyQt6/Qt6/qml/QtQuick/Controls/Imagine/ToolTip.qml\n./venv/lib/python3.12/site-packages/PyQt6/Qt6/qml/QtQuick/Controls/Imagine/Tumbler.qml\n./venv/lib/python3.12/site-packages/PyQt6/Qt6/qml/QtQuick/Controls/Imagine/VerticalHeaderView.qml\n./venv/lib/python3.12/site-packages/PyQt6/Qt6/qml/QtQuick/Controls/Imagine/VerticalHeaderViewDelegate.qml\n./venv/lib/python3.12/site-packages/PyQt6/Qt6/qml/QtQuick/Controls/Imagine/libqtquickcontrols2imaginestyleplugin.dylib\n./venv/lib/python3.12/site-packages/PyQt6/Qt6/qml/QtQuick/Controls/Imagine/plugins.qmltypes\n./venv/lib/python3.12/site-packages/PyQt6/Qt6/qml/QtQuick/Controls/Imagine/qmldir\n./venv/lib/python3.12/site-packages/PyQt6/Qt6/qml/QtQuick/Controls/Imagine/impl/OpacityMask.qml\n./venv/lib/python3.12/site-packages/PyQt6/Qt6/qml/QtQuick/Controls/Imagine/impl/QuickControls2ImagineStyleImpl.qmltypes\n./venv/lib/python3.12/site-packages/PyQt6/Qt6/qml/QtQuick/Controls/Imagine/impl/libqtquickcontrols2imaginestyleimplplugin.dylib\n./venv/lib/python3.12/site-packages/PyQt6/Qt6/qml/QtQuick/Controls/Imagine/impl/qmldir\n./venv/lib/python3.12/site-packages/PyQt6/Qt6/qml/QtQuick/Layouts/libqquicklayoutsplugin.dylib\n./venv/lib/python3.12/site-packages/PyQt6/Qt6/qml/QtQuick/Layouts/plugins.qmltypes\n./venv/lib/python3.12/site-packages/PyQt6/Qt6/qml/QtQuick/Layouts/qmldir\n./venv/lib/python3.12/site-packages/PyQt6/Qt6/qml/QtQuick/Window/libquickwindowplugin.dylib\n./venv/lib/python3.12/site-packages/PyQt6/Qt6/qml/QtQuick/Window/qmldir\n./venv/lib/python3.12/site-packages/PyQt6/Qt6/qml/QtQuick/Window/quickwindow.qmltypes\n./venv/lib/python3.12/site-packages/PyQt6/Qt6/qml/QtQuick/LocalStorage/libqmllocalstorageplugin.dylib\n./venv/lib/python3.12/site-packages/PyQt6/Qt6/qml/QtQuick/LocalStorage/plugins.qmltypes\n./venv/lib/python3.12/site-packages/PyQt6/Qt6/qml/QtQuick/LocalStorage/qmldir\n./venv/lib/python3.12/site-packages/PyQt6/Qt6/qml/QtQuick/Templates/libqtquicktemplates2plugin.dylib\n./venv/lib/python3.12/site-packages/PyQt6/Qt6/qml/QtQuick/Templates/plugins.qmltypes\n./venv/lib/python3.12/site-packages/PyQt6/Qt6/qml/QtQuick/Templates/qmldir\n./venv/lib/python3.12/site-packages/PyQt6/Qt6/qml/QtQuick/Dialogs/libqtquickdialogsplugin.dylib\n./venv/lib/python3.12/site-packages/PyQt6/Qt6/qml/QtQuick/Dialogs/plugins.qmltypes\n./venv/lib/python3.12/site-packages/PyQt6/Qt6/qml/QtQuick/Dialogs/qmldir\n./venv/lib/python3.12/site-packages/PyQt6/Qt6/qml/QtQuick/Dialogs/quickimpl/libqtquickdialogs2quickimplplugin.dylib\n./venv/lib/python3.12/site-packages/PyQt6/Qt6/qml/QtQuick/Dialogs/quickimpl/plugins.qmltypes\n./venv/lib/python3.12/site-packages/PyQt6/Qt6/qml/QtQuick/Dialogs/quickimpl/qmldir\n./venv/lib/python3.12/site-packages/PyQt6/Qt6/qml/QtQuick/Dialogs/quickimpl/qml/ColorDialog.qml\n./venv/lib/python3.12/site-packages/PyQt6/Qt6/qml/QtQuick/Dialogs/quickimpl/qml/ColorInputs.qml\n./venv/lib/python3.12/site-packages/PyQt6/Qt6/qml/QtQuick/Dialogs/quickimpl/qml/FileDialog.qml\n./venv/lib/python3.12/site-packages/PyQt6/Qt6/qml/QtQuick/Dialogs/quickimpl/qml/FileDialogDelegate.qml\n./venv/lib/python3.12/site-packages/PyQt6/Qt6/qml/QtQuick/Dialogs/quickimpl/qml/FileDialogDelegateLabel.qml\n./venv/lib/python3.12/site-packages/PyQt6/Qt6/qml/QtQuick/Dialogs/quickimpl/qml/FolderBreadcrumbBar.qml\n./venv/lib/python3.12/site-packages/PyQt6/Qt6/qml/QtQuick/Dialogs/quickimpl/qml/FolderDialog.qml\n./venv/lib/python3.12/site-packages/PyQt6/Qt6/qml/QtQuick/Dialogs/quickimpl/qml/FolderDialogDelegate.qml\n./venv/lib/python3.12/site-packages/PyQt6/Qt6/qml/QtQuick/Dialogs/quickimpl/qml/FolderDialogDelegateLabel.qml\n./venv/lib/python3.12/site-packages/PyQt6/Qt6/qml/QtQuick/Dialogs/quickimpl/qml/FontDialog.qml\n./venv/lib/python3.12/site-packages/PyQt6/Qt6/qml/QtQuick/Dialogs/quickimpl/qml/FontDialogContent.qml\n./venv/lib/python3.12/site-packages/PyQt6/Qt6/qml/QtQuick/Dialogs/quickimpl/qml/HueGradient.qml\n./venv/lib/python3.12/site-packages/PyQt6/Qt6/qml/QtQuick/Dialogs/quickimpl/qml/MessageDialog.qml\n./venv/lib/python3.12/site-packages/PyQt6/Qt6/qml/QtQuick/Dialogs/quickimpl/qml/PickerHandle.qml\n./venv/lib/python3.12/site-packages/PyQt6/Qt6/qml/QtQuick/Dialogs/quickimpl/qml/SaturationLightnessPicker.qml\n./venv/lib/python3.12/site-packages/PyQt6/Qt6/qml/QtQuick/Dialogs/quickimpl/qml/SideBar.qml\n./venv/lib/python3.12/site-packages/PyQt6/Qt6/qml/QtQuick/Dialogs/quickimpl/qml/+Imagine/ColorDialog.qml\n./venv/lib/python3.12/site-packages/PyQt6/Qt6/qml/QtQuick/Dialogs/quickimpl/qml/+Imagine/ColorInputs.qml\n./venv/lib/python3.12/site-packages/PyQt6/Qt6/qml/QtQuick/Dialogs/quickimpl/qml/+Imagine/FileDialog.qml\n./venv/lib/python3.12/site-packages/PyQt6/Qt6/qml/QtQuick/Dialogs/quickimpl/qml/+Imagine/FileDialogDelegate.qml\n./venv/lib/python3.12/site-packages/PyQt6/Qt6/qml/QtQuick/Dialogs/quickimpl/qml/+Imagine/FolderBreadcrumbBar.qml\n./venv/lib/python3.12/site-packages/PyQt6/Qt6/qml/QtQuick/Dialogs/quickimpl/qml/+Imagine/FolderDialog.qml\n./venv/lib/python3.12/site-packages/PyQt6/Qt6/qml/QtQuick/Dialogs/quickimpl/qml/+Imagine/FolderDialogDelegate.qml\n./venv/lib/python3.12/site-packages/PyQt6/Qt6/qml/QtQuick/Dialogs/quickimpl/qml/+Imagine/FontDialog.qml\n./venv/lib/python3.12/site-packages/PyQt6/Qt6/qml/QtQuick/Dialogs/quickimpl/qml/+Imagine/MessageDialog.qml\n./venv/lib/python3.12/site-packages/PyQt6/Qt6/qml/QtQuick/Dialogs/quickimpl/qml/+Imagine/SideBar.qml\n./venv/lib/python3.12/site-packages/PyQt6/Qt6/qml/QtQuick/Dialogs/quickimpl/qml/+Fusion/ColorDialog.qml\n./venv/lib/python3.12/site-packages/PyQt6/Qt6/qml/QtQuick/Dialogs/quickimpl/qml/+Fusion/ColorInputs.qml\n./venv/lib/python3.12/site-packages/PyQt6/Qt6/qml/QtQuick/Dialogs/quickimpl/qml/+Fusion/FileDialog.qml\n./venv/lib/python3.12/site-packages/PyQt6/Qt6/qml/QtQuick/Dialogs/quickimpl/qml/+Fusion/FileDialogDelegate.qml\n./venv/lib/python3.12/site-packages/PyQt6/Qt6/qml/QtQuick/Dialogs/quickimpl/qml/+Fusion/FolderBreadcrumbBar.qml\n./venv/lib/python3.12/site-packages/PyQt6/Qt6/qml/QtQuick/Dialogs/quickimpl/qml/+Fusion/FolderDialog.qml\n./venv/lib/python3.12/site-packages/PyQt6/Qt6/qml/QtQuick/Dialogs/quickimpl/qml/+Fusion/FolderDialogDelegate.qml\n./venv/lib/python3.12/site-packages/PyQt6/Qt6/qml/QtQuick/Dialogs/quickimpl/qml/+Fusion/FontDialog.qml\n./venv/lib/python3.12/site-packages/PyQt6/Qt6/qml/QtQuick/Dialogs/quickimpl/qml/+Fusion/MessageDialog.qml\n./venv/lib/python3.12/site-packages/PyQt6/Qt6/qml/QtQuick/Dialogs/quickimpl/qml/+Fusion/SideBar.qml\n./venv/lib/python3.12/site-packages/PyQt6/Qt6/qml/QtQuick/Dialogs/quickimpl/qml/+Universal/ColorDialog.qml\n./venv/lib/python3.12/site-packages/PyQt6/Qt6/qml/QtQuick/Dialogs/quickimpl/qml/+Universal/ColorInputs.qml\n./venv/lib/python3.12/site-packages/PyQt6/Qt6/qml/QtQuick/Dialogs/quickimpl/qml/+Universal/FileDialog.qml\n./venv/lib/python3.12/site-packages/PyQt6/Qt6/qml/QtQuick/Dialogs/quickimpl/qml/+Universal/FileDialogDelegate.qml\n./venv/lib/python3.12/site-packages/PyQt6/Qt6/qml/QtQuick/Dialogs/quickimpl/qml/+Universal/FolderBreadcrumbBar.qml\n./venv/lib/python3.12/site-packages/PyQt6/Qt6/qml/QtQuick/Dialogs/quickimpl/qml/+Universal/FolderDialog.qml\n./venv/lib/python3.12/site-packages/PyQt6/Qt6/qml/QtQuick/Dialogs/quickimpl/qml/+Universal/FolderDialogDelegate.qml\n./venv/lib/python3.12/site-packages/PyQt6/Qt6/qml/QtQuick/Dialogs/quickimpl/qml/+Universal/FontDialog.qml\n./venv/lib/python3.12/site-packages/PyQt6/Qt6/qml/QtQuick/Dialogs/quickimpl/qml/+Universal/MessageDialog.qml\n./venv/lib/python3.12/site-packages/PyQt6/Qt6/qml/QtQuick/Dialogs/quickimpl/qml/+Universal/SideBar.qml\n./venv/lib/python3.12/site-packages/PyQt6/Qt6/qml/QtQuick/Dialogs/quickimpl/qml/+Material/ColorDialog.qml\n./venv/lib/python3.12/site-packages/PyQt6/Qt6/qml/QtQuick/Dialogs/quickimpl/qml/+Material/ColorInputs.qml\n./venv/lib/python3.12/site-packages/PyQt6/Qt6/qml/QtQuick/Dialogs/quickimpl/qml/+Material/FileDialog.qml\n./venv/lib/python3.12/site-packages/PyQt6/Qt6/qml/QtQuick/Dialogs/quickimpl/qml/+Material/FileDialogDelegate.qml\n./venv/lib/python3.12/site-packages/PyQt6/Qt6/qml/QtQuick/Dialogs/quickimpl/qml/+Material/FolderBreadcrumbBar.qml\n./venv/lib/python3.12/site-packages/PyQt6/Qt6/qml/QtQuick/Dialogs/quickimpl/qml/+Material/FolderDialog.qml\n./venv/lib/python3.12/site-packages/PyQt6/Qt6/qml/QtQuick/Dialogs/quickimpl/qml/+Material/FolderDialogDelegate.qml\n./venv/lib/python3.12/site-packages/PyQt6/Qt6/qml/QtQuick/Dialogs/quickimpl/qml/+Material/FontDialog.qml\n./venv/lib/python3.12/site-packages/PyQt6/Qt6/qml/QtQuick/Dialogs/quickimpl/qml/+Material/MessageDialog.qml\n./venv/lib/python3.12/site-packages/PyQt6/Qt6/qml/QtQuick/Dialogs/quickimpl/qml/+Material/SideBar.qml\n./venv/lib/python3.12/site-packages/PyQt6/Qt6/qml/QtQuick/Scene3D/libqtquickscene3dplugin.dylib\n./venv/lib/python3.12/site-packages/PyQt6/Qt6/qml/QtQuick/Scene3D/plugins.qmltypes\n./venv/lib/python3.12/site-packages/PyQt6/Qt6/qml/QtQuick/Scene3D/qmldir\n./venv/lib/python3.12/site-packages/PyQt6/Qt6/qml/QtQuick/Effects/libeffectsplugin.dylib\n./venv/lib/python3.12/site-packages/PyQt6/Qt6/qml/QtQuick/Effects/plugins.qmltypes\n./venv/lib/python3.12/site-packages/PyQt6/Qt6/qml/QtQuick/Effects/qmldir\n./venv/lib/python3.12/site-packages/PyQt6/Qt6/qml/QtQuick/Timeline/libqtquicktimelineplugin.dylib\n./venv/lib/python3.12/site-packages/PyQt6/Qt6/qml/QtQuick/Timeline/plugins.qmltypes\n./venv/lib/python3.12/site-packages/PyQt6/Qt6/qml/QtQuick/Timeline/qmldir\n./venv/lib/python3.12/site-packages/PyQt6/Qt6/qml/QtQuick/Timeline/BlendTrees/libqtquicktimelineblendtreesplugin.dylib\n./venv/lib/python3.12/site-packages/PyQt6/Qt6/qml/QtQuick/Timeline/BlendTrees/plugins.qmltypes\n./venv/lib/python3.12/site-packages/PyQt6/Qt6/qml/QtQuick/Timeline/BlendTrees/qmldir\n./venv/lib/python3.12/site-packages/PyQt6/Qt6/qml/QtQuick/NativeStyle/libqtquickcontrols2nativestyleplugin.dylib\n./venv/lib/python3.12/site-packages/PyQt6/Qt6/qml/QtQuick/NativeStyle/plugins.qmltypes\n./venv/lib/python3.12/site-packages/PyQt6/Qt6/qml/QtQuick/NativeStyle/qmldir\n./venv/lib/python3.12/site-packages/PyQt6/Qt6/qml/QtQuick/NativeStyle/util/MacFocusFrame.qml\n./venv/lib/python3.12/site-packages/PyQt6/Qt6/qml/QtQuick/NativeStyle/util/qmldir\n./venv/lib/python3.12/site-packages/PyQt6/Qt6/qml/QtQuick/NativeStyle/controls/DefaultButton.qml\n./venv/lib/python3.12/site-packages/PyQt6/Qt6/qml/QtQuick/NativeStyle/controls/DefaultCheckBox.qml\n./venv/lib/python3.12/site-packages/PyQt6/Qt6/qml/QtQuick/NativeStyle/controls/DefaultComboBox.qml\n./venv/lib/python3.12/site-packages/PyQt6/Qt6/qml/QtQuick/NativeStyle/controls/DefaultDial.qml\n./venv/lib/python3.12/site-packages/PyQt6/Qt6/qml/QtQuick/NativeStyle/controls/DefaultFrame.qml\n./venv/lib/python3.12/site-packages/PyQt6/Qt6/qml/QtQuick/NativeStyle/controls/DefaultGroupBox.qml\n./venv/lib/python3.12/site-packages/PyQt6/Qt6/qml/QtQuick/NativeStyle/controls/DefaultItemDelegate.qml\n./venv/lib/python3.12/site-packages/PyQt6/Qt6/qml/QtQuick/NativeStyle/controls/DefaultItemDelegateIconLabel.qml\n./venv/lib/python3.12/site-packages/PyQt6/Qt6/qml/QtQuick/NativeStyle/controls/DefaultProgressBar.qml\n./venv/lib/python3.12/site-packages/PyQt6/Qt6/qml/QtQuick/NativeStyle/controls/DefaultRadioButton.qml\n./venv/lib/python3.12/site-packages/PyQt6/Qt6/qml/QtQuick/NativeStyle/controls/DefaultRadioDelegate.qml\n./venv/lib/python3.12/site-packages/PyQt6/Qt6/qml/QtQuick/NativeStyle/controls/DefaultScrollBar.qml\n./venv/lib/python3.12/site-packages/PyQt6/Qt6/qml/QtQuick/NativeStyle/controls/DefaultSearchField.qml\n./venv/lib/python3.12/site-packages/PyQt6/Qt6/qml/QtQuick/NativeStyle/controls/DefaultSlider.qml\n./venv/lib/python3.12/site-packages/PyQt6/Qt6/qml/QtQuick/NativeStyle/controls/DefaultSpinBox.qml\n./venv/lib/python3.12/site-packages/PyQt6/Qt6/qml/QtQuick/NativeStyle/controls/DefaultTextArea.qml\n./venv/lib/python3.12/site-packages/PyQt6/Qt6/qml/QtQuick/NativeStyle/controls/DefaultTextField.qml\n./venv/lib/python3.12/site-packages/PyQt6/Qt6/qml/QtQuick/NativeStyle/controls/DefaultTreeViewDelegate.qml\n./venv/lib/python3.12/site-packages/PyQt6/Qt6/qml/QtQuick/NativeStyle/controls/qmldir\n./venv/lib/python3.12/site-packages/PyQt6/Qt6/qml/QtWebChannel/libwebchannelquickplugin.dylib\n./venv/lib/python3.12/site-packages/PyQt6/Qt6/qml/QtWebChannel/plugins.qmltypes\n./venv/lib/python3.12/site-packages/PyQt6/Qt6/qml/QtWebChannel/qmldir\n./venv/lib/python3.12/site-packages/PyQt6/Qt6/qml/QtMultimedia/Video.qml\n./venv/lib/python3.12/site-packages/PyQt6/Qt6/qml/QtMultimedia/libquickmultimediaplugin.dylib\n./venv/lib/python3.12/site-packages/PyQt6/Qt6/qml/QtMultimedia/plugins.qmltypes\n./venv/lib/python3.12/site-packages/PyQt6/Qt6/qml/QtMultimedia/qmldir\n./venv/lib/python3.12/site-packages/PyQt6/Qt6/qml/QtPositioning/libpositioningquickplugin.dylib\n./venv/lib/python3.12/site-packages/PyQt6/Qt6/qml/QtPositioning/plugins.qmltypes\n./venv/lib/python3.12/site-packages/PyQt6/Qt6/qml/QtPositioning/qmldir\n./venv/lib/python3.12/site-packages/PyQt6/Qt6/qml/QtTextToSpeech/libtexttospeechqmlplugin.dylib\n./venv/lib/python3.12/site-packages/PyQt6/Qt6/qml/QtTextToSpeech/plugins.qmltypes\n./venv/lib/python3.12/site-packages/PyQt6/Qt6/qml/QtTextToSpeech/qmldir\n./venv/lib/python3.12/site-packages/PyQt6/Qt6/qml/QtCore/libqtqmlcoreplugin.dylib\n./venv/lib/python3.12/site-packages/PyQt6/Qt6/qml/QtCore/plugins.qmltypes\n./venv/lib/python3.12/site-packages/PyQt6/Qt6/qml/QtCore/qmldir\n./venv/lib/python3.12/site-packages/PyQt6/Qt6/qml/QtTest/SignalSpy.qml\n./venv/lib/python3.12/site-packages/PyQt6/Qt6/qml/QtTest/TestCase.qml\n./venv/lib/python3.12/site-packages/PyQt6/Qt6/qml/QtTest/TestSchedule.qml\n./venv/lib/python3.12/site-packages/PyQt6/Qt6/qml/QtTest/libquicktestplugin.dylib\n./venv/lib/python3.12/site-packages/PyQt6/Qt6/qml/QtTest/plugins.qmltypes\n./venv/lib/python3.12/site-packages/PyQt6/Qt6/qml/QtTest/qmldir\n./venv/lib/python3.12/site-packages/PyQt6/Qt6/qml/QtTest/testlogger.js\n./venv/lib/python3.12/site-packages/PyQt6/Qt6/plugins/renderers/libopenglrenderer.dylib\n./venv/lib/python3.12/site-packages/PyQt6/Qt6/plugins/renderers/librhirenderer.dylib\n./venv/lib/python3.12/site-packages/PyQt6/Qt6/plugins/sensors/libqtsensors_generic.dylib\n./venv/lib/python3.12/site-packages/PyQt6/Qt6/plugins/sceneparsers/libassimpsceneimport.dylib\n./venv/lib/python3.12/site-packages/PyQt6/Qt6/plugins/sceneparsers/libgltfsceneexport.dylib\n./venv/lib/python3.12/site-packages/PyQt6/Qt6/plugins/sceneparsers/libgltfsceneimport.dylib\n./venv/lib/python3.12/site-packages/PyQt6/Qt6/plugins/platforms/libqcocoa.dylib\n./venv/lib/python3.12/site-packages/PyQt6/Qt6/plugins/platforms/libqminimal.dylib\n./venv/lib/python3.12/site-packages/PyQt6/Qt6/plugins/platforms/libqoffscreen.dylib\n./venv/lib/python3.12/site-packages/PyQt6/Qt6/plugins/assetimporters/libassimp.dylib\n./venv/lib/python3.12/site-packages/PyQt6/Qt6/plugins/position/libqtposition_cl.dylib\n./venv/lib/python3.12/site-packages/PyQt6/Qt6/plugins/position/libqtposition_nmea.dylib\n./venv/lib/python3.12/site-packages/PyQt6/Qt6/plugins/position/libqtposition_positionpoll.dylib\n./venv/lib/python3.12/site-packages/PyQt6/Qt6/plugins/webview/libqtwebview_darwin.dylib\n./venv/lib/python3.12/site-packages/PyQt6/Qt6/plugins/webview/libqtwebview_webengine.dylib\n./venv/lib/python3.12/site-packages/PyQt6/Qt6/plugins/geometryloaders/libdefaultgeometryloader.dylib\n./venv/lib/python3.12/site-packages/PyQt6/Qt6/plugins/geometryloaders/libgltfgeometryloader.dylib\n./venv/lib/python3.12/site-packages/PyQt6/Qt6/plugins/permissions/libqdarwinbluetoothpermission.a\n./venv/lib/python3.12/site-packages/PyQt6/Qt6/plugins/permissions/libqdarwinbluetoothpermission.prl\n./venv/lib/python3.12/site-packages/PyQt6/Qt6/plugins/permissions/libqdarwincalendarpermission.a\n./venv/lib/python3.12/site-packages/PyQt6/Qt6/plugins/permissions/libqdarwincalendarpermission.prl\n./venv/lib/python3.12/site-packages/PyQt6/Qt6/plugins/permissions/libqdarwincamerapermission.a\n./venv/lib/python3.12/site-packages/PyQt6/Qt6/plugins/permissions/libqdarwincamerapermission.prl\n./venv/lib/python3.12/site-packages/PyQt6/Qt6/plugins/permissions/libqdarwincontactspermission.a\n./venv/lib/python3.12/site-packages/PyQt6/Qt6/plugins/permissions/libqdarwincontactspermission.prl\n./venv/lib/python3.12/site-packages/PyQt6/Qt6/plugins/permissions/libqdarwinlocationpermission.a\n./venv/lib/python3.12/site-packages/PyQt6/Qt6/plugins/permissions/libqdarwinlocationpermission.prl\n./venv/lib/python3.12/site-packages/PyQt6/Qt6/plugins/permissions/libqdarwinmicrophonepermission.a\n./venv/lib/python3.12/site-packages/PyQt6/Qt6/plugins/permissions/libqdarwinmicrophonepermission.prl\n./venv/lib/python3.12/site-packages/PyQt6/Qt6/plugins/permissions/objects-RelWithDebInfo/QDarwinCalendarPermissionPlugin_init/QDarwinCalendarPermissionPlugin_init.cpp.o\n./venv/lib/python3.12/site-packages/PyQt6/Qt6/plugins/permissions/objects-RelWithDebInfo/QDarwinLocationPermissionPlugin_init/QDarwinLocationPermissionPlugin_init.cpp.o\n./venv/lib/python3.12/site-packages/PyQt6/Qt6/plugins/permissions/objects-RelWithDebInfo/QDarwinCameraPermissionPlugin_init/QDarwinCameraPermissionPlugin_init.cpp.o\n./venv/lib/python3.12/site-packages/PyQt6/Qt6/plugins/permissions/objects-RelWithDebInfo/QDarwinMicrophonePermissionPlugin_init/QDarwinMicrophonePermissionPlugin_init.cpp.o\n./venv/lib/python3.12/site-packages/PyQt6/Qt6/plugins/permissions/objects-RelWithDebInfo/QDarwinContactsPermissionPlugin_init/QDarwinContactsPermissionPlugin_init.cpp.o\n./venv/lib/python3.12/site-packages/PyQt6/Qt6/plugins/permissions/objects-RelWithDebInfo/QDarwinBluetoothPermissionPlugin_init/QDarwinBluetoothPermissionPlugin_init.cpp.o\n./venv/lib/python3.12/site-packages/PyQt6/Qt6/plugins/scxmldatamodel/libqscxmlecmascriptdatamodel.dylib\n./venv/lib/python3.12/site-packages/PyQt6/Qt6/plugins/styles/libqmacstyle.dylib\n./venv/lib/python3.12/site-packages/PyQt6/Qt6/plugins/tls/libqcertonlybackend.dylib\n./venv/lib/python3.12/site-packages/PyQt6/Qt6/plugins/tls/libqopensslbackend.dylib\n./venv/lib/python3.12/site-packages/PyQt6/Qt6/plugins/tls/libqsecuretransportbackend.dylib\n./venv/lib/python3.12/site-packages/PyQt6/Qt6/plugins/iconengines/libqsvgicon.dylib\n./venv/lib/python3.12/site-packages/PyQt6/Qt6/plugins/sqldrivers/libqsqlite.dylib\n./venv/lib/python3.12/site-packages/PyQt6/Qt6/plugins/sqldrivers/libqsqlmimer.dylib\n./venv/lib/python3.12/site-packages/PyQt6/Qt6/plugins/sqldrivers/libqsqlodbc.dylib\n./venv/lib/python3.12/site-packages/PyQt6/Qt6/plugins/sqldrivers/libqsqlpsql.dylib\n./venv/lib/python3.12/site-packages/PyQt6/Qt6/plugins/multimedia/libdarwinmediaplugin.dylib\n./venv/lib/python3.12/site-packages/PyQt6/Qt6/plugins/multimedia/libffmpegmediaplugin.dylib\n./venv/lib/python3.12/site-packages/PyQt6/Qt6/plugins/imageformats/libqgif.dylib\n./venv/lib/python3.12/site-packages/PyQt6/Qt6/plugins/imageformats/libqicns.dylib\n./venv/lib/python3.12/site-packages/PyQt6/Qt6/plugins/imageformats/libqico.dylib\n./venv/lib/python3.12/site-packages/PyQt6/Qt6/plugins/imageformats/libqjpeg.dylib\n./venv/lib/python3.12/site-packages/PyQt6/Qt6/plugins/imageformats/libqmacheif.dylib\n./venv/lib/python3.12/site-packages/PyQt6/Qt6/plugins/imageformats/libqmacjp2.dylib\n./venv/lib/python3.12/site-packages/PyQt6/Qt6/plugins/imageformats/libqpdf.dylib\n./venv/lib/python3.12/site-packages/PyQt6/Qt6/plugins/imageformats/libqsvg.dylib\n./venv/lib/python3.12/site-packages/PyQt6/Qt6/plugins/imageformats/libqtga.dylib\n./venv/lib/python3.12/site-packages/PyQt6/Qt6/plugins/imageformats/libqtiff.dylib\n./venv/lib/python3.12/site-packages/PyQt6/Qt6/plugins/imageformats/libqwbmp.dylib\n./venv/lib/python3.12/site-packages/PyQt6/Qt6/plugins/imageformats/libqwebp.dylib\n./venv/lib/python3.12/site-packages/PyQt6/Qt6/plugins/qmllint/libqdslintplugin.dylib\n./venv/lib/python3.12/site-packages/PyQt6/Qt6/plugins/qmllint/libquicklintplugin.dylib\n./venv/lib/python3.12/site-packages/PyQt6/Qt6/plugins/qmlls/libqmllsquickplugin.dylib\n./venv/lib/python3.12/site-packages/PyQt6/Qt6/plugins/texttospeech/libqtexttospeech_mock.dylib\n./venv/lib/python3.12/site-packages/PyQt6/Qt6/plugins/texttospeech/libqtexttospeech_speechdarwin.dylib\n./venv/lib/python3.12/site-packages/PyQt6/Qt6/plugins/generic/libqtuiotouchplugin.dylib\n./venv/lib/python3.12/site-packages/PyQt6/Qt6/plugins/renderplugins/libscene2d.dylib\n./venv/lib/python3.12/site-packages/PyQt6/Qt6/plugins/help/libhelpplugin.dylib\n./venv/lib/python3.12/site-packages/PyQt6/Qt6/plugins/networkinformation/libqapplenetworkinformation.dylib\n./venv/lib/python3.12/site-packages/PyQt6/Qt6/lib/libavcodec.61.dylib\n./venv/lib/python3.12/site-packages/PyQt6/Qt6/lib/libavformat.61.dylib\n./venv/lib/python3.12/site-packages/PyQt6/Qt6/lib/libavutil.59.dylib\n./venv/lib/python3.12/site-packages/PyQt6/Qt6/lib/libswresample.5.dylib\n./venv/lib/python3.12/site-packages/PyQt6/Qt6/lib/libswscale.8.dylib\n./venv/lib/python3.12/site-packages/PyQt6/Qt6/lib/QtMultimediaQuick.framework/Resources/Info.plist\n./venv/lib/python3.12/site-packages/PyQt6/Qt6/lib/QtMultimediaQuick.framework/Resources/PrivacyInfo.xcprivacy\n./venv/lib/python3.12/site-packages/PyQt6/Qt6/lib/QtMultimediaQuick.framework/Versions/A/QtMultimediaQuick\n./venv/lib/python3.12/site-packages/PyQt6/Qt6/lib/QtLabsPlatform.framework/Resources/Info.plist\n./venv/lib/python3.12/site-packages/PyQt6/Qt6/lib/QtLabsPlatform.framework/Resources/PrivacyInfo.xcprivacy\n./venv/lib/python3.12/site-packages/PyQt6/Qt6/lib/QtLabsPlatform.framework/Versions/A/QtLabsPlatform\n./venv/lib/python3.12/site-packages/PyQt6/Qt6/lib/QtQuickTimeline.framework/Resources/Info.plist\n./venv/lib/python3.12/site-packages/PyQt6/Qt6/lib/QtQuickTimeline.framework/Resources/PrivacyInfo.xcprivacy\n./venv/lib/python3.12/site-packages/PyQt6/Qt6/lib/QtQuickTimeline.framework/Versions/A/QtQuickTimeline\n./venv/lib/python3.12/site-packages/PyQt6/Qt6/lib/QtQuick3DXr.framework/Resources/Info.plist\n./venv/lib/python3.12/site-packages/PyQt6/Qt6/lib/QtQuick3DXr.framework/Resources/PrivacyInfo.xcprivacy\n./venv/lib/python3.12/site-packages/PyQt6/Qt6/lib/QtQuick3DXr.framework/Versions/A/QtQuick3DXr\n./venv/lib/python3.12/site-packages/PyQt6/Qt6/lib/QtQuickControls2.framework/Resources/Info.plist\n./venv/lib/python3.12/site-packages/PyQt6/Qt6/lib/QtQuickControls2.framework/Resources/PrivacyInfo.xcprivacy\n./venv/lib/python3.12/site-packages/PyQt6/Qt6/lib/QtQuickControls2.framework/Versions/A/QtQuickControls2\n./venv/lib/python3.12/site-packages/PyQt6/Qt6/lib/QtQuickParticles.framework/Resources/Info.plist\n./venv/lib/python3.12/site-packages/PyQt6/Qt6/lib/QtQuickParticles.framework/Resources/PrivacyInfo.xcprivacy\n./venv/lib/python3.12/site-packages/PyQt6/Qt6/lib/QtQuickParticles.framework/Versions/A/QtQuickParticles\n./venv/lib/python3.12/site-packages/PyQt6/Qt6/lib/QtRemoteObjects.framework/Resources/Info.plist\n./venv/lib/python3.12/site-packages/PyQt6/Qt6/lib/QtRemoteObjects.framework/Resources/PrivacyInfo.xcprivacy\n./venv/lib/python3.12/site-packages/PyQt6/Qt6/lib/QtRemoteObjects.framework/Versions/A/QtRemoteObjects\n./venv/lib/python3.12/site-packages/PyQt6/Qt6/lib/QtPdfWidgets.framework/Resources/Info.plist\n./venv/lib/python3.12/site-packages/PyQt6/Qt6/lib/QtPdfWidgets.framework/Resources/PrivacyInfo.xcprivacy\n./venv/lib/python3.12/site-packages/PyQt6/Qt6/lib/QtPdfWidgets.framework/Versions/A/QtPdfWidgets\n./venv/lib/python3.12/site-packages/PyQt6/Qt6/lib/QtQuickControls2ImagineStyleImpl.framework/Resources/Info.plist\n./venv/lib/python3.12/site-packages/PyQt6/Qt6/lib/QtQuickControls2ImagineStyleImpl.framework/Resources/PrivacyInfo.xcprivacy\n./venv/lib/python3.12/site-packages/PyQt6/Qt6/lib/QtQuickControls2ImagineStyleImpl.framework/Versions/A/QtQuickControls2ImagineStyleImpl\n./venv/lib/python3.12/site-packages/PyQt6/Qt6/lib/QtQuick3DAssetUtils.framework/Resources/Info.plist\n./venv/lib/python3.12/site-packages/PyQt6/Qt6/lib/QtQuick3DAssetUtils.framework/Resources/PrivacyInfo.xcprivacy\n./venv/lib/python3.12/site-packages/PyQt6/Qt6/lib/QtQuick3DAssetUtils.framework/Versions/A/QtQuick3DAssetUtils\n./venv/lib/python3.12/site-packages/PyQt6/Qt6/lib/QtQuickControls2BasicStyleImpl.framework/Resources/Info.plist\n./venv/lib/python3.12/site-packages/PyQt6/Qt6/lib/QtQuickControls2BasicStyleImpl.framework/Resources/PrivacyInfo.xcprivacy\n./venv/lib/python3.12/site-packages/PyQt6/Qt6/lib/QtQuickControls2BasicStyleImpl.framework/Versions/A/QtQuickControls2BasicStyleImpl\n./venv/lib/python3.12/site-packages/PyQt6/Qt6/lib/QtLabsSharedImage.framework/Resources/Info.plist\n./venv/lib/python3.12/site-packages/PyQt6/Qt6/lib/QtLabsSharedImage.framework/Resources/PrivacyInfo.xcprivacy\n./venv/lib/python3.12/site-packages/PyQt6/Qt6/lib/QtLabsSharedImage.framework/Versions/A/QtLabsSharedImage\n./venv/lib/python3.12/site-packages/PyQt6/Qt6/lib/QtQmlMeta.framework/Resources/Info.plist\n./venv/lib/python3.12/site-packages/PyQt6/Qt6/lib/QtQmlMeta.framework/Resources/PrivacyInfo.xcprivacy\n./venv/lib/python3.12/site-packages/PyQt6/Qt6/lib/QtQmlMeta.framework/Versions/A/QtQmlMeta\n./venv/lib/python3.12/site-packages/PyQt6/Qt6/lib/QtDesigner.framework/Resources/Info.plist\n./venv/lib/python3.12/site-packages/PyQt6/Qt6/lib/QtDesigner.framework/Resources/PrivacyInfo.xcprivacy\n./venv/lib/python3.12/site-packages/PyQt6/Qt6/lib/QtDesigner.framework/Versions/A/QtDesigner\n./venv/lib/python3.12/site-packages/PyQt6/Qt6/lib/QtNfc.framework/Resources/Info.plist\n./venv/lib/python3.12/site-packages/PyQt6/Qt6/lib/QtNfc.framework/Resources/PrivacyInfo.xcprivacy\n./venv/lib/python3.12/site-packages/PyQt6/Qt6/lib/QtNfc.framework/Versions/A/QtNfc\n./venv/lib/python3.12/site-packages/PyQt6/Qt6/lib/QtQuickControls2FusionStyleImpl.framework/Resources/Info.plist\n./venv/lib/python3.12/site-packages/PyQt6/Qt6/lib/QtQuickControls2FusionStyleImpl.framework/Resources/PrivacyInfo.xcprivacy\n./venv/lib/python3.12/site-packages/PyQt6/Qt6/lib/QtQuickControls2FusionStyleImpl.framework/Versions/A/QtQuickControls2FusionStyleImpl\n./venv/lib/python3.12/site-packages/PyQt6/Qt6/lib/QtQuick3DAssetImport.framework/Resources/Info.plist\n./venv/lib/python3.12/site-packages/PyQt6/Qt6/lib/QtQuick3DAssetImport.framework/Resources/PrivacyInfo.xcprivacy\n./venv/lib/python3.12/site-packages/PyQt6/Qt6/lib/QtQuick3DAssetImport.framework/Versions/A/QtQuick3DAssetImport\n./venv/lib/python3.12/site-packages/PyQt6/Qt6/lib/QtQuickWidgets.framework/Resources/Info.plist\n./venv/lib/python3.12/site-packages/PyQt6/Qt6/lib/QtQuickWidgets.framework/Resources/PrivacyInfo.xcprivacy\n./venv/lib/python3.12/site-packages/PyQt6/Qt6/lib/QtQuickWidgets.framework/Versions/A/QtQuickWidgets\n./venv/lib/python3.12/site-packages/PyQt6/Qt6/lib/QtQuickControls2Material.framework/Resources/Info.plist\n./venv/lib/python3.12/site-packages/PyQt6/Qt6/lib/QtQuickControls2Material.framework/Resources/PrivacyInfo.xcprivacy\n./venv/lib/python3.12/site-packages/PyQt6/Qt6/lib/QtQuickControls2Material.framework/Versions/A/QtQuickControls2Material\n./venv/lib/python3.12/site-packages/PyQt6/Qt6/lib/QtShaderTools.framework/Resources/Info.plist\n./venv/lib/python3.12/site-packages/PyQt6/Qt6/lib/QtShaderTools.framework/Resources/PrivacyInfo.xcprivacy\n./venv/lib/python3.12/site-packages/PyQt6/Qt6/lib/QtShaderTools.framework/Versions/A/QtShaderTools\n./venv/lib/python3.12/site-packages/PyQt6/Qt6/lib/QtPdf.framework/Resources/Info.plist\n./venv/lib/python3.12/site-packages/PyQt6/Qt6/lib/QtPdf.framework/Resources/PrivacyInfo.xcprivacy\n./venv/lib/python3.12/site-packages/PyQt6/Qt6/lib/QtPdf.framework/Versions/A/QtPdf\n./venv/lib/python3.12/site-packages/PyQt6/Qt6/lib/QtSpatialAudio.framework/Resources/Info.plist\n./venv/lib/python3.12/site-packages/PyQt6/Qt6/lib/QtSpatialAudio.framework/Resources/PrivacyInfo.xcprivacy\n./venv/lib/python3.12/site-packages/PyQt6/Qt6/lib/QtSpatialAudio.framework/Versions/A/QtSpatialAudio\n./venv/lib/python3.12/site-packages/PyQt6/Qt6/lib/QtQuickLayouts.framework/Resources/Info.plist\n./venv/lib/python3.12/site-packages/PyQt6/Qt6/lib/QtQuickLayouts.framework/Resources/PrivacyInfo.xcprivacy\n./venv/lib/python3.12/site-packages/PyQt6/Qt6/lib/QtQuickLayouts.framework/Versions/A/QtQuickLayouts\n./venv/lib/python3.12/site-packages/PyQt6/Qt6/lib/QtQuickControls2Basic.framework/Resources/Info.plist\n./venv/lib/python3.12/site-packages/PyQt6/Qt6/lib/QtQuickControls2Basic.framework/Resources/PrivacyInfo.xcprivacy\n./venv/lib/python3.12/site-packages/PyQt6/Qt6/lib/QtQuickControls2Basic.framework/Versions/A/QtQuickControls2Basic\n./venv/lib/python3.12/site-packages/PyQt6/Qt6/lib/QtQuick3DRuntimeRender.framework/Resources/Info.plist\n./venv/lib/python3.12/site-packages/PyQt6/Qt6/lib/QtQuick3DRuntimeRender.framework/Resources/PrivacyInfo.xcprivacy\n./venv/lib/python3.12/site-packages/PyQt6/Qt6/lib/QtQuick3DRuntimeRender.framework/Versions/A/QtQuick3DRuntimeRender\n./venv/lib/python3.12/site-packages/PyQt6/Qt6/lib/QtHelp.framework/Resources/Info.plist\n./venv/lib/python3.12/site-packages/PyQt6/Qt6/lib/QtHelp.framework/Resources/PrivacyInfo.xcprivacy\n./venv/lib/python3.12/site-packages/PyQt6/Qt6/lib/QtHelp.framework/Versions/A/QtHelp\n./venv/lib/python3.12/site-packages/PyQt6/Qt6/lib/QtQuickVectorImage.framework/Resources/Info.plist\n./venv/lib/python3.12/site-packages/PyQt6/Qt6/lib/QtQuickVectorImage.framework/Resources/PrivacyInfo.xcprivacy\n./venv/lib/python3.12/site-packages/PyQt6/Qt6/lib/QtQuickVectorImage.framework/Versions/A/QtQuickVectorImage\n./venv/lib/python3.12/site-packages/PyQt6/Qt6/lib/QtPrintSupport.framework/Resources/Info.plist\n./venv/lib/python3.12/site-packages/PyQt6/Qt6/lib/QtPrintSupport.framework/Resources/PrivacyInfo.xcprivacy\n./venv/lib/python3.12/site-packages/PyQt6/Qt6/lib/QtPrintSupport.framework/Versions/A/QtPrintSupport\n./venv/lib/python3.12/site-packages/PyQt6/Qt6/lib/QtGui.framework/Resources/Info.plist\n./venv/lib/python3.12/site-packages/PyQt6/Qt6/lib/QtGui.framework/Resources/PrivacyInfo.xcprivacy\n./venv/lib/python3.12/site-packages/PyQt6/Qt6/lib/QtGui.framework/Versions/A/QtGui\n./venv/lib/python3.12/site-packages/PyQt6/Qt6/lib/QtDBus.framework/Resources/Info.plist\n./venv/lib/python3.12/site-packages/PyQt6/Qt6/lib/QtDBus.framework/Resources/PrivacyInfo.xcprivacy\n./venv/lib/python3.12/site-packages/PyQt6/Qt6/lib/QtDBus.framework/Versions/A/QtDBus\n./venv/lib/python3.12/site-packages/PyQt6/Qt6/lib/QtWebSockets.framework/Resources/Info.plist\n./venv/lib/python3.12/site-packages/PyQt6/Qt6/lib/QtWebSockets.framework/Resources/PrivacyInfo.xcprivacy\n./venv/lib/python3.12/site-packages/PyQt6/Qt6/lib/QtWebSockets.framework/Versions/A/QtWebSockets\n./venv/lib/python3.12/site-packages/PyQt6/Qt6/lib/QtQuickControls2Fusion.framework/Resources/Info.plist\n./venv/lib/python3.12/site-packages/PyQt6/Qt6/lib/QtQuickControls2Fusion.framework/Resources/PrivacyInfo.xcprivacy\n./venv/lib/python3.12/site-packages/PyQt6/Qt6/lib/QtQuickControls2Fusion.framework/Versions/A/QtQuickControls2Fusion\n./venv/lib/python3.12/site-packages/PyQt6/Qt6/lib/QtQuick3DUtils.framework/Resources/Info.plist\n./venv/lib/python3.12/site-packages/PyQt6/Qt6/lib/QtQuick3DUtils.framework/Resources/PrivacyInfo.xcprivacy\n./venv/lib/python3.12/site-packages/PyQt6/Qt6/lib/QtQuick3DUtils.framework/Versions/A/QtQuick3DUtils\n./venv/lib/python3.12/site-packages/PyQt6/Qt6/lib/QtQuickTemplates2.framework/Resources/Info.plist\n./venv/lib/python3.12/site-packages/PyQt6/Qt6/lib/QtQuickTemplates2.framework/Resources/PrivacyInfo.xcprivacy\n./venv/lib/python3.12/site-packages/PyQt6/Qt6/lib/QtQuickTemplates2.framework/Versions/A/QtQuickTemplates2\n./venv/lib/python3.12/site-packages/PyQt6/Qt6/lib/QtPositioningQuick.framework/Resources/Info.plist\n./venv/lib/python3.12/site-packages/PyQt6/Qt6/lib/QtPositioningQuick.framework/Resources/PrivacyInfo.xcprivacy\n./venv/lib/python3.12/site-packages/PyQt6/Qt6/lib/QtPositioningQuick.framework/Versions/A/QtPositioningQuick\n./venv/lib/python3.12/site-packages/PyQt6/Qt6/lib/QtQuickDialogs2Utils.framework/Resources/Info.plist\n./venv/lib/python3.12/site-packages/PyQt6/Qt6/lib/QtQuickDialogs2Utils.framework/Resources/PrivacyInfo.xcprivacy\n./venv/lib/python3.12/site-packages/PyQt6/Qt6/lib/QtQuickDialogs2Utils.framework/Versions/A/QtQuickDialogs2Utils\n./venv/lib/python3.12/site-packages/PyQt6/Qt6/lib/QtXml.framework/Resources/Info.plist\n./venv/lib/python3.12/site-packages/PyQt6/Qt6/lib/QtXml.framework/Resources/PrivacyInfo.xcprivacy\n./venv/lib/python3.12/site-packages/PyQt6/Qt6/lib/QtXml.framework/Versions/A/QtXml\n./venv/lib/python3.12/site-packages/PyQt6/Qt6/lib/QtQuick3DParticles.framework/Resources/Info.plist\n./venv/lib/python3.12/site-packages/PyQt6/Qt6/lib/QtQuick3DParticles.framework/Resources/PrivacyInfo.xcprivacy\n./venv/lib/python3.12/site-packages/PyQt6/Qt6/lib/QtQuick3DParticles.framework/Versions/A/QtQuick3DParticles\n./venv/lib/python3.12/site-packages/PyQt6/Qt6/lib/QtSerialPort.framework/Resources/Info.plist\n./venv/lib/python3.12/site-packages/PyQt6/Qt6/lib/QtSerialPort.framework/Resources/PrivacyInfo.xcprivacy\n./venv/lib/python3.12/site-packages/PyQt6/Qt6/lib/QtSerialPort.framework/Versions/A/QtSerialPort\n./venv/lib/python3.12/site-packages/PyQt6/Qt6/lib/QtQuick.framework/Resources/Info.plist\n./venv/lib/python3.12/site-packages/PyQt6/Qt6/lib/QtQuick.framework/Resources/PrivacyInfo.xcprivacy\n./venv/lib/python3.12/site-packages/PyQt6/Qt6/lib/QtQuick.framework/Versions/A/QtQuick\n./venv/lib/python3.12/site-packages/PyQt6/Qt6/lib/QtQuickEffects.framework/Resources/Info.plist\n./venv/lib/python3.12/site-packages/PyQt6/Qt6/lib/QtQuickEffects.framework/Resources/PrivacyInfo.xcprivacy\n./venv/lib/python3.12/site-packages/PyQt6/Qt6/lib/QtQuickEffects.framework/Versions/A/QtQuickEffects\n./venv/lib/python3.12/site-packages/PyQt6/Qt6/lib/QtQuickTimelineBlendTrees.framework/Resources/Info.plist\n./venv/lib/python3.12/site-packages/PyQt6/Qt6/lib/QtQuickTimelineBlendTrees.framework/Resources/PrivacyInfo.xcprivacy\n./venv/lib/python3.12/site-packages/PyQt6/Qt6/lib/QtQuickTimelineBlendTrees.framework/Versions/A/QtQuickTimelineBlendTrees\n./venv/lib/python3.12/site-packages/PyQt6/Qt6/lib/QtCore.framework/Resources/Info.plist\n./venv/lib/python3.12/site-packages/PyQt6/Qt6/lib/QtCore.framework/Resources/PrivacyInfo.xcprivacy\n./venv/lib/python3.12/site-packages/PyQt6/Qt6/lib/QtCore.framework/Versions/A/QtCore\n./venv/lib/python3.12/site-packages/PyQt6/Qt6/lib/QtQuickDialogs2QuickImpl.framework/Resources/Info.plist\n./venv/lib/python3.12/site-packages/PyQt6/Qt6/lib/QtQuickDialogs2QuickImpl.framework/Resources/PrivacyInfo.xcprivacy\n./venv/lib/python3.12/site-packages/PyQt6/Qt6/lib/QtQuickDialogs2QuickImpl.framework/Versions/A/QtQuickDialogs2QuickImpl\n./venv/lib/python3.12/site-packages/PyQt6/Qt6/lib/QtQuick3DGlslParser.framework/Resources/Info.plist\n./venv/lib/python3.12/site-packages/PyQt6/Qt6/lib/QtQuick3DGlslParser.framework/Resources/PrivacyInfo.xcprivacy\n./venv/lib/python3.12/site-packages/PyQt6/Qt6/lib/QtQuick3DGlslParser.framework/Versions/A/QtQuick3DGlslParser\n./venv/lib/python3.12/site-packages/PyQt6/Qt6/lib/QtSensorsQuick.framework/Resources/Info.plist\n./venv/lib/python3.12/site-packages/PyQt6/Qt6/lib/QtSensorsQuick.framework/Resources/PrivacyInfo.xcprivacy\n./venv/lib/python3.12/site-packages/PyQt6/Qt6/lib/QtSensorsQuick.framework/Versions/A/QtSensorsQuick\n./venv/lib/python3.12/site-packages/PyQt6/Qt6/lib/QtQml.framework/Resources/Info.plist\n./venv/lib/python3.12/site-packages/PyQt6/Qt6/lib/QtQml.framework/Resources/PrivacyInfo.xcprivacy\n./venv/lib/python3.12/site-packages/PyQt6/Qt6/lib/QtQml.framework/Versions/A/QtQml\n./venv/lib/python3.12/site-packages/PyQt6/Qt6/lib/QtWebChannel.framework/Resources/Info.plist\n./venv/lib/python3.12/site-packages/PyQt6/Qt6/lib/QtWebChannel.framework/Resources/PrivacyInfo.xcprivacy\n./venv/lib/python3.12/site-packages/PyQt6/Qt6/lib/QtWebChannel.framework/Versions/A/QtWebChannel\n./venv/lib/python3.12/site-packages/PyQt6/Qt6/lib/QtQuickVectorImageGenerator.framework/Resources/Info.plist\n./venv/lib/python3.12/site-packages/PyQt6/Qt6/lib/QtQuickVectorImageGenerator.framework/Resources/PrivacyInfo.xcprivacy\n./venv/lib/python3.12/site-packages/PyQt6/Qt6/lib/QtQuickVectorImageGenerator.framework/Versions/A/QtQuickVectorImageGenerator\n./venv/lib/python3.12/site-packages/PyQt6/Qt6/lib/QtMultimedia.framework/Resources/Info.plist\n./venv/lib/python3.12/site-packages/PyQt6/Qt6/lib/QtMultimedia.framework/Resources/PrivacyInfo.xcprivacy\n./venv/lib/python3.12/site-packages/PyQt6/Qt6/lib/QtMultimedia.framework/Versions/A/QtMultimedia\n./venv/lib/python3.12/site-packages/PyQt6/Qt6/lib/QtQmlWorkerScript.framework/Resources/Info.plist\n./venv/lib/python3.12/site-packages/PyQt6/Qt6/lib/QtQmlWorkerScript.framework/Resources/PrivacyInfo.xcprivacy\n./venv/lib/python3.12/site-packages/PyQt6/Qt6/lib/QtQmlWorkerScript.framework/Versions/A/QtQmlWorkerScript\n./venv/lib/python3.12/site-packages/PyQt6/Qt6/lib/QtStateMachine.framework/Resources/Info.plist\n./venv/lib/python3.12/site-packages/PyQt6/Qt6/lib/QtStateMachine.framework/Resources/PrivacyInfo.xcprivacy\n./venv/lib/python3.12/site-packages/PyQt6/Qt6/lib/QtStateMachine.framework/Versions/A/QtStateMachine\n./venv/lib/python3.12/site-packages/PyQt6/Qt6/lib/QtQuickControls2Impl.framework/Resources/Info.plist\n./venv/lib/python3.12/site-packages/PyQt6/Qt6/lib/QtQuickControls2Impl.framework/Resources/PrivacyInfo.xcprivacy\n./venv/lib/python3.12/site-packages/PyQt6/Qt6/lib/QtQuickControls2Impl.framework/Versions/A/QtQuickControls2Impl\n./venv/lib/python3.12/site-packages/PyQt6/Qt6/lib/QtOpenGL.framework/Resources/Info.plist\n./venv/lib/python3.12/site-packages/PyQt6/Qt6/lib/QtOpenGL.framework/Resources/PrivacyInfo.xcprivacy\n./venv/lib/python3.12/site-packages/PyQt6/Qt6/lib/QtOpenGL.framework/Versions/A/QtOpenGL\n./venv/lib/python3.12/site-packages/PyQt6/Qt6/lib/QtQuick3DPhysicsHelpers.framework/Resources/Info.plist\n./venv/lib/python3.12/site-packages/PyQt6/Qt6/lib/QtQuick3DPhysicsHelpers.framework/Resources/PrivacyInfo.xcprivacy\n./venv/lib/python3.12/site-packages/PyQt6/Qt6/lib/QtQuick3DPhysicsHelpers.framework/Versions/A/QtQuick3DPhysicsHelpers\n./venv/lib/python3.12/site-packages/PyQt6/Qt6/lib/QtLabsQmlModels.framework/Resources/Info.plist\n./venv/lib/python3.12/site-packages/PyQt6/Qt6/lib/QtLabsQmlModels.framework/Resources/PrivacyInfo.xcprivacy\n./venv/lib/python3.12/site-packages/PyQt6/Qt6/lib/QtLabsQmlModels.framework/Versions/A/QtLabsQmlModels\n./venv/lib/python3.12/site-packages/PyQt6/Qt6/lib/QtQuickControls2Universal.framework/Resources/Info.plist\n./venv/lib/python3.12/site-packages/PyQt6/Qt6/lib/QtQuickControls2Universal.framework/Resources/PrivacyInfo.xcprivacy\n./venv/lib/python3.12/site-packages/PyQt6/Qt6/lib/QtQuickControls2Universal.framework/Versions/A/QtQuickControls2Universal\n./venv/lib/python3.12/site-packages/PyQt6/Qt6/lib/QtOpenGLWidgets.framework/Resources/Info.plist\n./venv/lib/python3.12/site-packages/PyQt6/Qt6/lib/QtOpenGLWidgets.framework/Resources/PrivacyInfo.xcprivacy\n./venv/lib/python3.12/site-packages/PyQt6/Qt6/lib/QtOpenGLWidgets.framework/Versions/A/QtOpenGLWidgets\n./venv/lib/python3.12/site-packages/PyQt6/Qt6/lib/QtLabsSettings.framework/Resources/Info.plist\n./venv/lib/python3.12/site-packages/PyQt6/Qt6/lib/QtLabsSettings.framework/Resources/PrivacyInfo.xcprivacy\n./venv/lib/python3.12/site-packages/PyQt6/Qt6/lib/QtLabsSettings.framework/Versions/A/QtLabsSettings\n./venv/lib/python3.12/site-packages/PyQt6/Qt6/lib/QtSvgWidgets.framework/Resources/Info.plist\n./venv/lib/python3.12/site-packages/PyQt6/Qt6/lib/QtSvgWidgets.framework/Resources/PrivacyInfo.xcprivacy\n./venv/lib/python3.12/site-packages/PyQt6/Qt6/lib/QtSvgWidgets.framework/Versions/A/QtSvgWidgets\n./venv/lib/python3.12/site-packages/PyQt6/Qt6/lib/QtQuickControls2MacOSStyleImpl.framework/Resources/Info.plist\n./venv/lib/python3.12/site-packages/PyQt6/Qt6/lib/QtQuickControls2MacOSStyleImpl.framework/Resources/PrivacyInfo.xcprivacy\n./venv/lib/python3.12/site-packages/PyQt6/Qt6/lib/QtQuickControls2MacOSStyleImpl.framework/Versions/A/QtQuickControls2MacOSStyleImpl\n./venv/lib/python3.12/site-packages/PyQt6/Qt6/lib/QtQuickControls2MaterialStyleImpl.framework/Resources/Info.plist\n./venv/lib/python3.12/site-packages/PyQt6/Qt6/lib/QtQuickControls2MaterialStyleImpl.framework/Resources/PrivacyInfo.xcprivacy\n./venv/lib/python3.12/site-packages/PyQt6/Qt6/lib/QtQuickControls2MaterialStyleImpl.framework/Versions/A/QtQuickControls2MaterialStyleImpl\n./venv/lib/python3.12/site-packages/PyQt6/Qt6/lib/QtTest.framework/Resources/Info.plist\n./venv/lib/python3.12/site-packages/PyQt6/Qt6/lib/QtTest.framework/Resources/PrivacyInfo.xcprivacy\n./venv/lib/python3.12/site-packages/PyQt6/Qt6/lib/QtTest.framework/Versions/A/QtTest\n./venv/lib/python3.12/site-packages/PyQt6/Qt6/lib/QtWidgets.framework/Resources/Info.plist\n./venv/lib/python3.12/site-packages/PyQt6/Qt6/lib/QtWidgets.framework/Resources/PrivacyInfo.xcprivacy\n./venv/lib/python3.12/site-packages/PyQt6/Qt6/lib/QtWidgets.framework/Versions/A/QtWidgets\n./venv/lib/python3.12/site-packages/PyQt6/Qt6/lib/QtPositioning.framework/Resources/Info.plist\n./venv/lib/python3.12/site-packages/PyQt6/Qt6/lib/QtPositioning.framework/Resources/PrivacyInfo.xcprivacy\n./venv/lib/python3.12/site-packages/PyQt6/Qt6/lib/QtPositioning.framework/Versions/A/QtPositioning\n./venv/lib/python3.12/site-packages/PyQt6/Qt6/lib/QtBluetooth.framework/Resources/Info.plist\n./venv/lib/python3.12/site-packages/PyQt6/Qt6/lib/QtBluetooth.framework/Resources/PrivacyInfo.xcprivacy\n./venv/lib/python3.12/site-packages/PyQt6/Qt6/lib/QtBluetooth.framework/Versions/A/QtBluetooth\n./venv/lib/python3.12/site-packages/PyQt6/Qt6/lib/QtQuick3D.framework/Resources/Info.plist\n./venv/lib/python3.12/site-packages/PyQt6/Qt6/lib/QtQuick3D.framework/Resources/PrivacyInfo.xcprivacy\n./venv/lib/python3.12/site-packages/PyQt6/Qt6/lib/QtQuick3D.framework/Versions/A/QtQuick3D\n./venv/lib/python3.12/site-packages/PyQt6/Qt6/lib/QtQuick3DHelpersImpl.framework/Resources/Info.plist\n./venv/lib/python3.12/site-packages/PyQt6/Qt6/lib/QtQuick3DHelpersImpl.framework/Resources/PrivacyInfo.xcprivacy\n./venv/lib/python3.12/site-packages/PyQt6/Qt6/lib/QtQuick3DHelpersImpl.framework/Versions/A/QtQuick3DHelpersImpl\n./venv/lib/python3.12/site-packages/PyQt6/Qt6/lib/QtQuickShapes.framework/Resources/Info.plist\n./venv/lib/python3.12/site-packages/PyQt6/Qt6/lib/QtQuickShapes.framework/Resources/PrivacyInfo.xcprivacy\n./venv/lib/python3.12/site-packages/PyQt6/Qt6/lib/QtQuickShapes.framework/Versions/A/QtQuickShapes\n./venv/lib/python3.12/site-packages/PyQt6/Qt6/lib/QtQuickTest.framework/Resources/Info.plist\n./venv/lib/python3.12/site-packages/PyQt6/Qt6/lib/QtQuickTest.framework/Resources/PrivacyInfo.xcprivacy\n./venv/lib/python3.12/site-packages/PyQt6/Qt6/lib/QtQuickTest.framework/Versions/A/QtQuickTest\n./venv/lib/python3.12/site-packages/PyQt6/Qt6/lib/QtNetwork.framework/Resources/Info.plist\n./venv/lib/python3.12/site-packages/PyQt6/Qt6/lib/QtNetwork.framework/Resources/PrivacyInfo.xcprivacy\n./venv/lib/python3.12/site-packages/PyQt6/Qt6/lib/QtNetwork.framework/Versions/A/QtNetwork\n./venv/lib/python3.12/site-packages/PyQt6/Qt6/lib/QtQuickControls2UniversalStyleImpl.framework/Resources/Info.plist\n./venv/lib/python3.12/site-packages/PyQt6/Qt6/lib/QtQuickControls2UniversalStyleImpl.framework/Resources/PrivacyInfo.xcprivacy\n./venv/lib/python3.12/site-packages/PyQt6/Qt6/lib/QtQuickControls2UniversalStyleImpl.framework/Versions/A/QtQuickControls2UniversalStyleImpl\n./venv/lib/python3.12/site-packages/PyQt6/Qt6/lib/QtQuick3DSpatialAudio.framework/Resources/Info.plist\n./venv/lib/python3.12/site-packages/PyQt6/Qt6/lib/QtQuick3DSpatialAudio.framework/Resources/PrivacyInfo.xcprivacy\n./venv/lib/python3.12/site-packages/PyQt6/Qt6/lib/QtQuick3DSpatialAudio.framework/Versions/A/QtQuick3DSpatialAudio\n./venv/lib/python3.12/site-packages/PyQt6/Qt6/lib/QtSvg.framework/Resources/Info.plist\n./venv/lib/python3.12/site-packages/PyQt6/Qt6/lib/QtSvg.framework/Resources/PrivacyInfo.xcprivacy\n./venv/lib/python3.12/site-packages/PyQt6/Qt6/lib/QtSvg.framework/Versions/A/QtSvg\n./venv/lib/python3.12/site-packages/PyQt6/Qt6/lib/QtQuickControls2IOSStyleImpl.framework/Resources/Info.plist\n./venv/lib/python3.12/site-packages/PyQt6/Qt6/lib/QtQuickControls2IOSStyleImpl.framework/Resources/PrivacyInfo.xcprivacy\n./venv/lib/python3.12/site-packages/PyQt6/Qt6/lib/QtQuickControls2IOSStyleImpl.framework/Versions/A/QtQuickControls2IOSStyleImpl\n./venv/lib/python3.12/site-packages/PyQt6/Qt6/lib/QtQuick3DIblBaker.framework/Resources/Info.plist\n./venv/lib/python3.12/site-packages/PyQt6/Qt6/lib/QtQuick3DIblBaker.framework/Resources/PrivacyInfo.xcprivacy\n./venv/lib/python3.12/site-packages/PyQt6/Qt6/lib/QtQuick3DIblBaker.framework/Versions/A/QtQuick3DIblBaker\n./venv/lib/python3.12/site-packages/PyQt6/Qt6/lib/QtQuickControls2Imagine.framework/Resources/Info.plist\n./venv/lib/python3.12/site-packages/PyQt6/Qt6/lib/QtQuickControls2Imagine.framework/Resources/PrivacyInfo.xcprivacy\n./venv/lib/python3.12/site-packages/PyQt6/Qt6/lib/QtQuickControls2Imagine.framework/Versions/A/QtQuickControls2Imagine\n./venv/lib/python3.12/site-packages/PyQt6/Qt6/lib/QtQuick3DEffects.framework/Resources/Info.plist\n./venv/lib/python3.12/site-packages/PyQt6/Qt6/lib/QtQuick3DEffects.framework/Resources/PrivacyInfo.xcprivacy\n./venv/lib/python3.12/site-packages/PyQt6/Qt6/lib/QtQuick3DEffects.framework/Versions/A/QtQuick3DEffects\n./venv/lib/python3.12/site-packages/PyQt6/Qt6/lib/QtMultimediaWidgets.framework/Resources/Info.plist\n./venv/lib/python3.12/site-packages/PyQt6/Qt6/lib/QtMultimediaWidgets.framework/Resources/PrivacyInfo.xcprivacy\n./venv/lib/python3.12/site-packages/PyQt6/Qt6/lib/QtMultimediaWidgets.framework/Versions/A/QtMultimediaWidgets\n./venv/lib/python3.12/site-packages/PyQt6/Qt6/lib/QtWebChannelQuick.framework/Resources/Info.plist\n./venv/lib/python3.12/site-packages/PyQt6/Qt6/lib/QtWebChannelQuick.framework/Resources/PrivacyInfo.xcprivacy\n./venv/lib/python3.12/site-packages/PyQt6/Qt6/lib/QtWebChannelQuick.framework/Versions/A/QtWebChannelQuick\n./venv/lib/python3.12/site-packages/PyQt6/Qt6/lib/QtQmlModels.framework/Resources/Info.plist\n./venv/lib/python3.12/site-packages/PyQt6/Qt6/lib/QtQmlModels.framework/Resources/PrivacyInfo.xcprivacy\n./venv/lib/python3.12/site-packages/PyQt6/Qt6/lib/QtQmlModels.framework/Versions/A/QtQmlModels\n./venv/lib/python3.12/site-packages/PyQt6/Qt6/lib/QtLabsAnimation.framework/Resources/Info.plist\n./venv/lib/python3.12/site-packages/PyQt6/Qt6/lib/QtLabsAnimation.framework/Resources/PrivacyInfo.xcprivacy\n./venv/lib/python3.12/site-packages/PyQt6/Qt6/lib/QtLabsAnimation.framework/Versions/A/QtLabsAnimation\n./venv/lib/python3.12/site-packages/PyQt6/Qt6/lib/QtPdfQuick.framework/Resources/Info.plist\n./venv/lib/python3.12/site-packages/PyQt6/Qt6/lib/QtPdfQuick.framework/Resources/PrivacyInfo.xcprivacy\n./venv/lib/python3.12/site-packages/PyQt6/Qt6/lib/QtPdfQuick.framework/Versions/A/QtPdfQuick\n./venv/lib/python3.12/site-packages/PyQt6/Qt6/lib/QtLabsFolderListModel.framework/Resources/Info.plist\n./venv/lib/python3.12/site-packages/PyQt6/Qt6/lib/QtLabsFolderListModel.framework/Resources/PrivacyInfo.xcprivacy\n./venv/lib/python3.12/site-packages/PyQt6/Qt6/lib/QtLabsFolderListModel.framework/Versions/A/QtLabsFolderListModel\n./venv/lib/python3.12/site-packages/PyQt6/Qt6/lib/QtQuick3DPhysics.framework/Resources/Info.plist\n./venv/lib/python3.12/site-packages/PyQt6/Qt6/lib/QtQuick3DPhysics.framework/Resources/PrivacyInfo.xcprivacy\n./venv/lib/python3.12/site-packages/PyQt6/Qt6/lib/QtQuick3DPhysics.framework/Versions/A/QtQuick3DPhysics\n./venv/lib/python3.12/site-packages/PyQt6/Qt6/lib/QtRemoteObjectsQml.framework/Resources/Info.plist\n./venv/lib/python3.12/site-packages/PyQt6/Qt6/lib/QtRemoteObjectsQml.framework/Resources/PrivacyInfo.xcprivacy\n./venv/lib/python3.12/site-packages/PyQt6/Qt6/lib/QtRemoteObjectsQml.framework/Versions/A/QtRemoteObjectsQml\n./venv/lib/python3.12/site-packages/PyQt6/Qt6/lib/QtSensors.framework/Resources/Info.plist\n./venv/lib/python3.12/site-packages/PyQt6/Qt6/lib/QtSensors.framework/Resources/PrivacyInfo.xcprivacy\n./venv/lib/python3.12/site-packages/PyQt6/Qt6/lib/QtSensors.framework/Versions/A/QtSensors\n./venv/lib/python3.12/site-packages/PyQt6/Qt6/lib/QtQuick3DHelpers.framework/Resources/Info.plist\n./venv/lib/python3.12/site-packages/PyQt6/Qt6/lib/QtQuick3DHelpers.framework/Resources/PrivacyInfo.xcprivacy\n./venv/lib/python3.12/site-packages/PyQt6/Qt6/lib/QtQuick3DHelpers.framework/Versions/A/QtQuick3DHelpers\n./venv/lib/python3.12/site-packages/PyQt6/Qt6/lib/QtQuickDialogs2.framework/Resources/Info.plist\n./venv/lib/python3.12/site-packages/PyQt6/Qt6/lib/QtQuickDialogs2.framework/Resources/PrivacyInfo.xcprivacy\n./venv/lib/python3.12/site-packages/PyQt6/Qt6/lib/QtQuickDialogs2.framework/Versions/A/QtQuickDialogs2\n./venv/lib/python3.12/site-packages/PyQt6/Qt6/lib/QtLabsWavefrontMesh.framework/Resources/Info.plist\n./venv/lib/python3.12/site-packages/PyQt6/Qt6/lib/QtLabsWavefrontMesh.framework/Resources/PrivacyInfo.xcprivacy\n./venv/lib/python3.12/site-packages/PyQt6/Qt6/lib/QtLabsWavefrontMesh.framework/Versions/A/QtLabsWavefrontMesh\n./venv/lib/python3.12/site-packages/PyQt6/Qt6/lib/QtTextToSpeech.framework/Resources/Info.plist\n./venv/lib/python3.12/site-packages/PyQt6/Qt6/lib/QtTextToSpeech.framework/Resources/PrivacyInfo.xcprivacy\n./venv/lib/python3.12/site-packages/PyQt6/Qt6/lib/QtTextToSpeech.framework/Versions/A/QtTextToSpeech\n./venv/lib/python3.12/site-packages/PyQt6/Qt6/lib/QtStateMachineQml.framework/Resources/Info.plist\n./venv/lib/python3.12/site-packages/PyQt6/Qt6/lib/QtStateMachineQml.framework/Resources/PrivacyInfo.xcprivacy\n./venv/lib/python3.12/site-packages/PyQt6/Qt6/lib/QtStateMachineQml.framework/Versions/A/QtStateMachineQml\n./venv/lib/python3.12/site-packages/PyQt6/Qt6/lib/QtSql.framework/Resources/Info.plist\n./venv/lib/python3.12/site-packages/PyQt6/Qt6/lib/QtSql.framework/Resources/PrivacyInfo.xcprivacy\n./venv/lib/python3.12/site-packages/PyQt6/Qt6/lib/QtSql.framework/Versions/A/QtSql\n./venv/lib/python3.12/site-packages/PyQt6/Qt6/lib/QtConcurrent.framework/Resources/Info.plist\n./venv/lib/python3.12/site-packages/PyQt6/Qt6/lib/QtConcurrent.framework/Resources/PrivacyInfo.xcprivacy\n./venv/lib/python3.12/site-packages/PyQt6/Qt6/lib/QtConcurrent.framework/Versions/A/QtConcurrent\n./venv/lib/python3.12/site-packages/PyQt6/Qt6/qsci/api/python/PyQt6.api\n./venv/lib/python3.12/site-packages/PyQt6/Qt6/translations/qt_ar.qm\n./venv/lib/python3.12/site-packages/PyQt6/Qt6/translations/qt_bg.qm\n./venv/lib/python3.12/site-packages/PyQt6/Qt6/translations/qt_ca.qm\n./venv/lib/python3.12/site-packages/PyQt6/Qt6/translations/qt_cs.qm\n./venv/lib/python3.12/site-packages/PyQt6/Qt6/translations/qt_da.qm\n./venv/lib/python3.12/site-packages/PyQt6/Qt6/translations/qt_de.qm\n./venv/lib/python3.12/site-packages/PyQt6/Qt6/translations/qt_en.qm\n./venv/lib/python3.12/site-packages/PyQt6/Qt6/translations/qt_es.qm\n./venv/lib/python3.12/site-packages/PyQt6/Qt6/translations/qt_fa.qm\n./venv/lib/python3.12/site-packages/PyQt6/Qt6/translations/qt_fi.qm\n./venv/lib/python3.12/site-packages/PyQt6/Qt6/translations/qt_fr.qm\n./venv/lib/python3.12/site-packages/PyQt6/Qt6/translations/qt_gd.qm\n./venv/lib/python3.12/site-packages/PyQt6/Qt6/translations/qt_gl.qm\n./venv/lib/python3.12/site-packages/PyQt6/Qt6/translations/qt_he.qm\n./venv/lib/python3.12/site-packages/PyQt6/Qt6/translations/qt_help_ar.qm\n./venv/lib/python3.12/site-packages/PyQt6/Qt6/translations/qt_help_bg.qm\n./venv/lib/python3.12/site-packages/PyQt6/Qt6/translations/qt_help_ca.qm\n./venv/lib/python3.12/site-packages/PyQt6/Qt6/translations/qt_help_cs.qm\n./venv/lib/python3.12/site-packages/PyQt6/Qt6/translations/qt_help_da.qm\n./venv/lib/python3.12/site-packages/PyQt6/Qt6/translations/qt_help_de.qm\n./venv/lib/python3.12/site-packages/PyQt6/Qt6/translations/qt_help_en.qm\n./venv/lib/python3.12/site-packages/PyQt6/Qt6/translations/qt_help_es.qm\n./venv/lib/python3.12/site-packages/PyQt6/Qt6/translations/qt_help_fr.qm\n./venv/lib/python3.12/site-packages/PyQt6/Qt6/translations/qt_help_gl.qm\n./venv/lib/python3.12/site-packages/PyQt6/Qt6/translations/qt_help_hr.qm\n./venv/lib/python3.12/site-packages/PyQt6/Qt6/translations/qt_help_hu.qm\n./venv/lib/python3.12/site-packages/PyQt6/Qt6/translations/qt_help_it.qm\n./venv/lib/python3.12/site-packages/PyQt6/Qt6/translations/qt_help_ja.qm\n./venv/lib/python3.12/site-packages/PyQt6/Qt6/translations/qt_help_ka.qm\n./venv/lib/python3.12/site-packages/PyQt6/Qt6/translations/qt_help_ko.qm\n./venv/lib/python3.12/site-packages/PyQt6/Qt6/translations/qt_help_nl.qm\n./venv/lib/python3.12/site-packages/PyQt6/Qt6/translations/qt_help_nn.qm\n./venv/lib/python3.12/site-packages/PyQt6/Qt6/translations/qt_help_pl.qm\n./venv/lib/python3.12/site-packages/PyQt6/Qt6/translations/qt_help_pt_BR.qm\n./venv/lib/python3.12/site-packages/PyQt6/Qt6/translations/qt_help_ru.qm\n./venv/lib/python3.12/site-packages/PyQt6/Qt6/translations/qt_help_sk.qm\n./venv/lib/python3.12/site-packages/PyQt6/Qt6/translations/qt_help_sl.qm\n./venv/lib/python3.12/site-packages/PyQt6/Qt6/translations/qt_help_sv.qm\n./venv/lib/python3.12/site-packages/PyQt6/Qt6/translations/qt_help_tr.qm\n./venv/lib/python3.12/site-packages/PyQt6/Qt6/translations/qt_help_uk.qm\n./venv/lib/python3.12/site-packages/PyQt6/Qt6/translations/qt_help_zh_CN.qm\n./venv/lib/python3.12/site-packages/PyQt6/Qt6/translations/qt_help_zh_TW.qm\n./venv/lib/python3.12/site-packages/PyQt6/Qt6/translations/qt_hr.qm\n./venv/lib/python3.12/site-packages/PyQt6/Qt6/translations/qt_hu.qm\n./venv/lib/python3.12/site-packages/PyQt6/Qt6/translations/qt_it.qm\n./venv/lib/python3.12/site-packages/PyQt6/Qt6/translations/qt_ja.qm\n./venv/lib/python3.12/site-packages/PyQt6/Qt6/translations/qt_ka.qm\n./venv/lib/python3.12/site-packages/PyQt6/Qt6/translations/qt_ko.qm\n./venv/lib/python3.12/site-packages/PyQt6/Qt6/translations/qt_lg.qm\n./venv/lib/python3.12/site-packages/PyQt6/Qt6/translations/qt_lt.qm\n./venv/lib/python3.12/site-packages/PyQt6/Qt6/translations/qt_lv.qm\n./venv/lib/python3.12/site-packages/PyQt6/Qt6/translations/qt_nl.qm\n./venv/lib/python3.12/site-packages/PyQt6/Qt6/translations/qt_nn.qm\n./venv/lib/python3.12/site-packages/PyQt6/Qt6/translations/qt_pl.qm\n./venv/lib/python3.12/site-packages/PyQt6/Qt6/translations/qt_pt_BR.qm\n./venv/lib/python3.12/site-packages/PyQt6/Qt6/translations/qt_pt_PT.qm\n./venv/lib/python3.12/site-packages/PyQt6/Qt6/translations/qt_ru.qm\n./venv/lib/python3.12/site-packages/PyQt6/Qt6/translations/qt_sk.qm\n./venv/lib/python3.12/site-packages/PyQt6/Qt6/translations/qt_sl.qm\n./venv/lib/python3.12/site-packages/PyQt6/Qt6/translations/qt_sv.qm\n./venv/lib/python3.12/site-packages/PyQt6/Qt6/translations/qt_tr.qm\n./venv/lib/python3.12/site-packages/PyQt6/Qt6/translations/qt_uk.qm\n./venv/lib/python3.12/site-packages/PyQt6/Qt6/translations/qt_zh_CN.qm\n./venv/lib/python3.12/site-packages/PyQt6/Qt6/translations/qt_zh_TW.qm\n./venv/lib/python3.12/site-packages/PyQt6/Qt6/translations/qtbase_ar.qm\n./venv/lib/python3.12/site-packages/PyQt6/Qt6/translations/qtbase_bg.qm\n./venv/lib/python3.12/site-packages/PyQt6/Qt6/translations/qtbase_ca.qm\n./venv/lib/python3.12/site-packages/PyQt6/Qt6/translations/qtbase_cs.qm\n./venv/lib/python3.12/site-packages/PyQt6/Qt6/translations/qtbase_da.qm\n./venv/lib/python3.12/site-packages/PyQt6/Qt6/translations/qtbase_de.qm\n./venv/lib/python3.12/site-packages/PyQt6/Qt6/translations/qtbase_en.qm\n./venv/lib/python3.12/site-packages/PyQt6/Qt6/translations/qtbase_es.qm\n./venv/lib/python3.12/site-packages/PyQt6/Qt6/translations/qtbase_fa.qm\n./venv/lib/python3.12/site-packages/PyQt6/Qt6/translations/qtbase_fi.qm\n./venv/lib/python3.12/site-packages/PyQt6/Qt6/translations/qtbase_fr.qm\n./venv/lib/python3.12/site-packages/PyQt6/Qt6/translations/qtbase_gd.qm\n./venv/lib/python3.12/site-packages/PyQt6/Qt6/translations/qtbase_he.qm\n./venv/lib/python3.12/site-packages/PyQt6/Qt6/translations/qtbase_hr.qm\n./venv/lib/python3.12/site-packages/PyQt6/Qt6/translations/qtbase_hu.qm\n./venv/lib/python3.12/site-packages/PyQt6/Qt6/translations/qtbase_it.qm\n./venv/lib/python3.12/site-packages/PyQt6/Qt6/translations/qtbase_ja.qm\n./venv/lib/python3.12/site-packages/PyQt6/Qt6/translations/qtbase_ka.qm\n./venv/lib/python3.12/site-packages/PyQt6/Qt6/translations/qtbase_ko.qm\n./venv/lib/python3.12/site-packages/PyQt6/Qt6/translations/qtbase_lg.qm\n./venv/lib/python3.12/site-packages/PyQt6/Qt6/translations/qtbase_lv.qm\n./venv/lib/python3.12/site-packages/PyQt6/Qt6/translations/qtbase_nl.qm\n./venv/lib/python3.12/site-packages/PyQt6/Qt6/translations/qtbase_nn.qm\n./venv/lib/python3.12/site-packages/PyQt6/Qt6/translations/qtbase_pl.qm\n./venv/lib/python3.12/site-packages/PyQt6/Qt6/translations/qtbase_pt_BR.qm\n./venv/lib/python3.12/site-packages/PyQt6/Qt6/translations/qtbase_ru.qm\n./venv/lib/python3.12/site-packages/PyQt6/Qt6/translations/qtbase_sk.qm\n./venv/lib/python3.12/site-packages/PyQt6/Qt6/translations/qtbase_sv.qm\n./venv/lib/python3.12/site-packages/PyQt6/Qt6/translations/qtbase_tr.qm\n./venv/lib/python3.12/site-packages/PyQt6/Qt6/translations/qtbase_uk.qm\n./venv/lib/python3.12/site-packages/PyQt6/Qt6/translations/qtbase_zh_CN.qm\n./venv/lib/python3.12/site-packages/PyQt6/Qt6/translations/qtbase_zh_TW.qm\n./venv/lib/python3.12/site-packages/PyQt6/Qt6/translations/qtconnectivity_bg.qm\n./venv/lib/python3.12/site-packages/PyQt6/Qt6/translations/qtconnectivity_ca.qm\n./venv/lib/python3.12/site-packages/PyQt6/Qt6/translations/qtconnectivity_da.qm\n./venv/lib/python3.12/site-packages/PyQt6/Qt6/translations/qtconnectivity_de.qm\n./venv/lib/python3.12/site-packages/PyQt6/Qt6/translations/qtconnectivity_en.qm\n./venv/lib/python3.12/site-packages/PyQt6/Qt6/translations/qtconnectivity_es.qm\n./venv/lib/python3.12/site-packages/PyQt6/Qt6/translations/qtconnectivity_hr.qm\n./venv/lib/python3.12/site-packages/PyQt6/Qt6/translations/qtconnectivity_hu.qm\n./venv/lib/python3.12/site-packages/PyQt6/Qt6/translations/qtconnectivity_ka.qm\n./venv/lib/python3.12/site-packages/PyQt6/Qt6/translations/qtconnectivity_ko.qm\n./venv/lib/python3.12/site-packages/PyQt6/Qt6/translations/qtconnectivity_nl.qm\n./venv/lib/python3.12/site-packages/PyQt6/Qt6/translations/qtconnectivity_pl.qm\n./venv/lib/python3.12/site-packages/PyQt6/Qt6/translations/qtconnectivity_pt_BR.qm\n./venv/lib/python3.12/site-packages/PyQt6/Qt6/translations/qtconnectivity_ru.qm\n./venv/lib/python3.12/site-packages/PyQt6/Qt6/translations/qtconnectivity_sv.qm\n./venv/lib/python3.12/site-packages/PyQt6/Qt6/translations/qtconnectivity_tr.qm\n./venv/lib/python3.12/site-packages/PyQt6/Qt6/translations/qtconnectivity_uk.qm\n./venv/lib/python3.12/site-packages/PyQt6/Qt6/translations/qtconnectivity_zh_CN.qm\n./venv/lib/python3.12/site-packages/PyQt6/Qt6/translations/qtdeclarative_ar.qm\n./venv/lib/python3.12/site-packages/PyQt6/Qt6/translations/qtdeclarative_bg.qm\n./venv/lib/python3.12/site-packages/PyQt6/Qt6/translations/qtdeclarative_ca.qm\n./venv/lib/python3.12/site-packages/PyQt6/Qt6/translations/qtdeclarative_da.qm\n./venv/lib/python3.12/site-packages/PyQt6/Qt6/translations/qtdeclarative_de.qm\n./venv/lib/python3.12/site-packages/PyQt6/Qt6/translations/qtdeclarative_en.qm\n./venv/lib/python3.12/site-packages/PyQt6/Qt6/translations/qtdeclarative_es.qm\n./venv/lib/python3.12/site-packages/PyQt6/Qt6/translations/qtdeclarative_fa.qm\n./venv/lib/python3.12/site-packages/PyQt6/Qt6/translations/qtdeclarative_fi.qm\n./venv/lib/python3.12/site-packages/PyQt6/Qt6/translations/qtdeclarative_fr.qm\n./venv/lib/python3.12/site-packages/PyQt6/Qt6/translations/qtdeclarative_hr.qm\n./venv/lib/python3.12/site-packages/PyQt6/Qt6/translations/qtdeclarative_hu.qm\n./venv/lib/python3.12/site-packages/PyQt6/Qt6/translations/qtdeclarative_ja.qm\n./venv/lib/python3.12/site-packages/PyQt6/Qt6/translations/qtdeclarative_ka.qm\n./venv/lib/python3.12/site-packages/PyQt6/Qt6/translations/qtdeclarative_ko.qm\n./venv/lib/python3.12/site-packages/PyQt6/Qt6/translations/qtdeclarative_lv.qm\n./venv/lib/python3.12/site-packages/PyQt6/Qt6/translations/qtdeclarative_nl.qm\n./venv/lib/python3.12/site-packages/PyQt6/Qt6/translations/qtdeclarative_nn.qm\n./venv/lib/python3.12/site-packages/PyQt6/Qt6/translations/qtdeclarative_pl.qm\n./venv/lib/python3.12/site-packages/PyQt6/Qt6/translations/qtdeclarative_pt_BR.qm\n./venv/lib/python3.12/site-packages/PyQt6/Qt6/translations/qtdeclarative_ru.qm\n./venv/lib/python3.12/site-packages/PyQt6/Qt6/translations/qtdeclarative_sk.qm\n./venv/lib/python3.12/site-packages/PyQt6/Qt6/translations/qtdeclarative_sv.qm\n./venv/lib/python3.12/site-packages/PyQt6/Qt6/translations/qtdeclarative_tr.qm\n./venv/lib/python3.12/site-packages/PyQt6/Qt6/translations/qtdeclarative_uk.qm\n./venv/lib/python3.12/site-packages/PyQt6/Qt6/translations/qtdeclarative_zh_CN.qm\n./venv/lib/python3.12/site-packages/PyQt6/Qt6/translations/qtdeclarative_zh_TW.qm\n./venv/lib/python3.12/site-packages/PyQt6/Qt6/translations/qtlocation_bg.qm\n./venv/lib/python3.12/site-packages/PyQt6/Qt6/translations/qtlocation_ca.qm\n./venv/lib/python3.12/site-packages/PyQt6/Qt6/translations/qtlocation_da.qm\n./venv/lib/python3.12/site-packages/PyQt6/Qt6/translations/qtlocation_de.qm\n./venv/lib/python3.12/site-packages/PyQt6/Qt6/translations/qtlocation_en.qm\n./venv/lib/python3.12/site-packages/PyQt6/Qt6/translations/qtlocation_es.qm\n./venv/lib/python3.12/site-packages/PyQt6/Qt6/translations/qtlocation_fi.qm\n./venv/lib/python3.12/site-packages/PyQt6/Qt6/translations/qtlocation_fr.qm\n./venv/lib/python3.12/site-packages/PyQt6/Qt6/translations/qtlocation_hr.qm\n./venv/lib/python3.12/site-packages/PyQt6/Qt6/translations/qtlocation_hu.qm\n./venv/lib/python3.12/site-packages/PyQt6/Qt6/translations/qtlocation_ka.qm\n./venv/lib/python3.12/site-packages/PyQt6/Qt6/translations/qtlocation_ko.qm\n./venv/lib/python3.12/site-packages/PyQt6/Qt6/translations/qtlocation_nl.qm\n./venv/lib/python3.12/site-packages/PyQt6/Qt6/translations/qtlocation_pl.qm\n./venv/lib/python3.12/site-packages/PyQt6/Qt6/translations/qtlocation_pt_BR.qm\n./venv/lib/python3.12/site-packages/PyQt6/Qt6/translations/qtlocation_ru.qm\n./venv/lib/python3.12/site-packages/PyQt6/Qt6/translations/qtlocation_sv.qm\n./venv/lib/python3.12/site-packages/PyQt6/Qt6/translations/qtlocation_tr.qm\n./venv/lib/python3.12/site-packages/PyQt6/Qt6/translations/qtlocation_uk.qm\n./venv/lib/python3.12/site-packages/PyQt6/Qt6/translations/qtlocation_zh_CN.qm\n./venv/lib/python3.12/site-packages/PyQt6/Qt6/translations/qtmultimedia_ar.qm\n./venv/lib/python3.12/site-packages/PyQt6/Qt6/translations/qtmultimedia_bg.qm\n./venv/lib/python3.12/site-packages/PyQt6/Qt6/translations/qtmultimedia_ca.qm\n./venv/lib/python3.12/site-packages/PyQt6/Qt6/translations/qtmultimedia_cs.qm\n./venv/lib/python3.12/site-packages/PyQt6/Qt6/translations/qtmultimedia_da.qm\n./venv/lib/python3.12/site-packages/PyQt6/Qt6/translations/qtmultimedia_de.qm\n./venv/lib/python3.12/site-packages/PyQt6/Qt6/translations/qtmultimedia_en.qm\n./venv/lib/python3.12/site-packages/PyQt6/Qt6/translations/qtmultimedia_es.qm\n./venv/lib/python3.12/site-packages/PyQt6/Qt6/translations/qtmultimedia_fa.qm\n./venv/lib/python3.12/site-packages/PyQt6/Qt6/translations/qtmultimedia_fi.qm\n./venv/lib/python3.12/site-packages/PyQt6/Qt6/translations/qtmultimedia_fr.qm\n./venv/lib/python3.12/site-packages/PyQt6/Qt6/translations/qtmultimedia_hr.qm\n./venv/lib/python3.12/site-packages/PyQt6/Qt6/translations/qtmultimedia_hu.qm\n./venv/lib/python3.12/site-packages/PyQt6/Qt6/translations/qtmultimedia_it.qm\n./venv/lib/python3.12/site-packages/PyQt6/Qt6/translations/qtmultimedia_ja.qm\n./venv/lib/python3.12/site-packages/PyQt6/Qt6/translations/qtmultimedia_ka.qm\n./venv/lib/python3.12/site-packages/PyQt6/Qt6/translations/qtmultimedia_ko.qm\n./venv/lib/python3.12/site-packages/PyQt6/Qt6/translations/qtmultimedia_nl.qm\n./venv/lib/python3.12/site-packages/PyQt6/Qt6/translations/qtmultimedia_nn.qm\n./venv/lib/python3.12/site-packages/PyQt6/Qt6/translations/qtmultimedia_pl.qm\n./venv/lib/python3.12/site-packages/PyQt6/Qt6/translations/qtmultimedia_pt_BR.qm\n./venv/lib/python3.12/site-packages/PyQt6/Qt6/translations/qtmultimedia_ru.qm\n./venv/lib/python3.12/site-packages/PyQt6/Qt6/translations/qtmultimedia_sk.qm\n./venv/lib/python3.12/site-packages/PyQt6/Qt6/translations/qtmultimedia_sv.qm\n./venv/lib/python3.12/site-packages/PyQt6/Qt6/translations/qtmultimedia_tr.qm\n./venv/lib/python3.12/site-packages/PyQt6/Qt6/translations/qtmultimedia_uk.qm\n./venv/lib/python3.12/site-packages/PyQt6/Qt6/translations/qtmultimedia_zh_CN.qm\n./venv/lib/python3.12/site-packages/PyQt6/Qt6/translations/qtmultimedia_zh_TW.qm\n./venv/lib/python3.12/site-packages/PyQt6/Qt6/translations/qtserialport_de.qm\n./venv/lib/python3.12/site-packages/PyQt6/Qt6/translations/qtserialport_en.qm\n./venv/lib/python3.12/site-packages/PyQt6/Qt6/translations/qtserialport_es.qm\n./venv/lib/python3.12/site-packages/PyQt6/Qt6/translations/qtserialport_ja.qm\n./venv/lib/python3.12/site-packages/PyQt6/Qt6/translations/qtserialport_ka.qm\n./venv/lib/python3.12/site-packages/PyQt6/Qt6/translations/qtserialport_ko.qm\n./venv/lib/python3.12/site-packages/PyQt6/Qt6/translations/qtserialport_pl.qm\n./venv/lib/python3.12/site-packages/PyQt6/Qt6/translations/qtserialport_pt_BR.qm\n./venv/lib/python3.12/site-packages/PyQt6/Qt6/translations/qtserialport_ru.qm\n./venv/lib/python3.12/site-packages/PyQt6/Qt6/translations/qtserialport_sv.qm\n./venv/lib/python3.12/site-packages/PyQt6/Qt6/translations/qtserialport_tr.qm\n./venv/lib/python3.12/site-packages/PyQt6/Qt6/translations/qtserialport_uk.qm\n./venv/lib/python3.12/site-packages/PyQt6/Qt6/translations/qtserialport_zh_CN.qm\n./venv/lib/python3.12/site-packages/PyQt6/Qt6/translations/qtwebsockets_ca.qm\n./venv/lib/python3.12/site-packages/PyQt6/Qt6/translations/qtwebsockets_de.qm\n./venv/lib/python3.12/site-packages/PyQt6/Qt6/translations/qtwebsockets_en.qm\n./venv/lib/python3.12/site-packages/PyQt6/Qt6/translations/qtwebsockets_es.qm\n./venv/lib/python3.12/site-packages/PyQt6/Qt6/translations/qtwebsockets_fr.qm\n./venv/lib/python3.12/site-packages/PyQt6/Qt6/translations/qtwebsockets_ja.qm\n./venv/lib/python3.12/site-packages/PyQt6/Qt6/translations/qtwebsockets_ka.qm\n./venv/lib/python3.12/site-packages/PyQt6/Qt6/translations/qtwebsockets_ko.qm\n./venv/lib/python3.12/site-packages/PyQt6/Qt6/translations/qtwebsockets_pl.qm\n./venv/lib/python3.12/site-packages/PyQt6/Qt6/translations/qtwebsockets_pt_BR.qm\n./venv/lib/python3.12/site-packages/PyQt6/Qt6/translations/qtwebsockets_ru.qm\n./venv/lib/python3.12/site-packages/PyQt6/Qt6/translations/qtwebsockets_sv.qm\n./venv/lib/python3.12/site-packages/PyQt6/Qt6/translations/qtwebsockets_tr.qm\n./venv/lib/python3.12/site-packages/PyQt6/Qt6/translations/qtwebsockets_uk.qm\n./venv/lib/python3.12/site-packages/PyQt6/Qt6/translations/qtwebsockets_zh_CN.qm\n./venv/lib/python3.12/site-packages/PyQt6/bindings/QtWebSockets/QtWebSockets.toml\n./venv/lib/python3.12/site-packages/PyQt6/bindings/QtWebSockets/QtWebSocketsmod.sip\n./venv/lib/python3.12/site-packages/PyQt6/bindings/QtWebSockets/qmaskgenerator.sip\n./venv/lib/python3.12/site-packages/PyQt6/bindings/QtWebSockets/qwebsocket.sip\n./venv/lib/python3.12/site-packages/PyQt6/bindings/QtWebSockets/qwebsocketcorsauthenticator.sip\n./venv/lib/python3.12/site-packages/PyQt6/bindings/QtWebSockets/qwebsockethandshakeoptions.sip\n./venv/lib/python3.12/site-packages/PyQt6/bindings/QtWebSockets/qwebsocketprotocol.sip\n./venv/lib/python3.12/site-packages/PyQt6/bindings/QtWebSockets/qwebsocketserver.sip\n./venv/lib/python3.12/site-packages/PyQt6/bindings/QtPrintSupport/QtPrintSupport.toml\n./venv/lib/python3.12/site-packages/PyQt6/bindings/QtPrintSupport/QtPrintSupportmod.sip\n./venv/lib/python3.12/site-packages/PyQt6/bindings/QtPrintSupport/qabstractprintdialog.sip\n./venv/lib/python3.12/site-packages/PyQt6/bindings/QtPrintSupport/qpagesetupdialog.sip\n./venv/lib/python3.12/site-packages/PyQt6/bindings/QtPrintSupport/qprintdialog.sip\n./venv/lib/python3.12/site-packages/PyQt6/bindings/QtPrintSupport/qprintengine.sip\n./venv/lib/python3.12/site-packages/PyQt6/bindings/QtPrintSupport/qprinter.sip\n./venv/lib/python3.12/site-packages/PyQt6/bindings/QtPrintSupport/qprinterinfo.sip\n./venv/lib/python3.12/site-packages/PyQt6/bindings/QtPrintSupport/qprintpreviewdialog.sip\n./venv/lib/python3.12/site-packages/PyQt6/bindings/QtPrintSupport/qprintpreviewwidget.sip\n./venv/lib/python3.12/site-packages/PyQt6/bindings/QtPrintSupport/qpyprintsupport_qlist.sip\n./venv/lib/python3.12/site-packages/PyQt6/bindings/QtOpenGL/QtOpenGL.toml\n./venv/lib/python3.12/site-packages/PyQt6/bindings/QtOpenGL/QtOpenGLmod.sip\n./venv/lib/python3.12/site-packages/PyQt6/bindings/QtOpenGL/qopenglbuffer.sip\n./venv/lib/python3.12/site-packages/PyQt6/bindings/QtOpenGL/qopengldebug.sip\n./venv/lib/python3.12/site-packages/PyQt6/bindings/QtOpenGL/qopenglframebufferobject.sip\n./venv/lib/python3.12/site-packages/PyQt6/bindings/QtOpenGL/qopenglfunctions_2_0.sip\n./venv/lib/python3.12/site-packages/PyQt6/bindings/QtOpenGL/qopenglfunctions_2_1.sip\n./venv/lib/python3.12/site-packages/PyQt6/bindings/QtOpenGL/qopenglfunctions_4_1_core.sip\n./venv/lib/python3.12/site-packages/PyQt6/bindings/QtOpenGL/qopenglfunctions_es2.sip\n./venv/lib/python3.12/site-packages/PyQt6/bindings/QtOpenGL/qopenglpaintdevice.sip\n./venv/lib/python3.12/site-packages/PyQt6/bindings/QtOpenGL/qopenglpixeltransferoptions.sip\n./venv/lib/python3.12/site-packages/PyQt6/bindings/QtOpenGL/qopenglshaderprogram.sip\n./venv/lib/python3.12/site-packages/PyQt6/bindings/QtOpenGL/qopengltexture.sip\n./venv/lib/python3.12/site-packages/PyQt6/bindings/QtOpenGL/qopengltextureblitter.sip\n./venv/lib/python3.12/site-packages/PyQt6/bindings/QtOpenGL/qopengltimerquery.sip\n./venv/lib/python3.12/site-packages/PyQt6/bindings/QtOpenGL/qopenglversionfunctions.sip\n./venv/lib/python3.12/site-packages/PyQt6/bindings/QtOpenGL/qopenglversionfunctionsfactory.sip\n./venv/lib/python3.12/site-packages/PyQt6/bindings/QtOpenGL/qopenglversionprofile.sip\n./venv/lib/python3.12/site-packages/PyQt6/bindings/QtOpenGL/qopenglvertexarrayobject.sip\n./venv/lib/python3.12/site-packages/PyQt6/bindings/QtOpenGL/qopenglwindow.sip\n./venv/lib/python3.12/site-packages/PyQt6/bindings/QtOpenGL/qpyopengl_qlist.sip\n./venv/lib/python3.12/site-packages/PyQt6/bindings/QtOpenGL/qpyopengl_std_pair.sip\n./venv/lib/python3.12/site-packages/PyQt6/bindings/QtQml/QtQml.toml\n./venv/lib/python3.12/site-packages/PyQt6/bindings/QtQml/QtQmlmod.sip\n./venv/lib/python3.12/site-packages/PyQt6/bindings/QtQml/qjsengine.sip\n./venv/lib/python3.12/site-packages/PyQt6/bindings/QtQml/qjsmanagedvalue.sip\n./venv/lib/python3.12/site-packages/PyQt6/bindings/QtQml/qjsprimitivevalue.sip\n./venv/lib/python3.12/site-packages/PyQt6/bindings/QtQml/qjsvalue.sip\n./venv/lib/python3.12/site-packages/PyQt6/bindings/QtQml/qjsvalueiterator.sip\n./venv/lib/python3.12/site-packages/PyQt6/bindings/QtQml/qmlattachedpropertiesobject.sip\n./venv/lib/python3.12/site-packages/PyQt6/bindings/QtQml/qmlregistertype.sip\n./venv/lib/python3.12/site-packages/PyQt6/bindings/QtQml/qpyqmllistproperty.sip\n./venv/lib/python3.12/site-packages/PyQt6/bindings/QtQml/qqml.sip\n./venv/lib/python3.12/site-packages/PyQt6/bindings/QtQml/qqmlabstracturlinterceptor.sip\n./venv/lib/python3.12/site-packages/PyQt6/bindings/QtQml/qqmlapplicationengine.sip\n./venv/lib/python3.12/site-packages/PyQt6/bindings/QtQml/qqmlcomponent.sip\n./venv/lib/python3.12/site-packages/PyQt6/bindings/QtQml/qqmlcontext.sip\n./venv/lib/python3.12/site-packages/PyQt6/bindings/QtQml/qqmlengine.sip\n./venv/lib/python3.12/site-packages/PyQt6/bindings/QtQml/qqmlerror.sip\n./venv/lib/python3.12/site-packages/PyQt6/bindings/QtQml/qqmlexpression.sip\n./venv/lib/python3.12/site-packages/PyQt6/bindings/QtQml/qqmlextensionplugin.sip\n./venv/lib/python3.12/site-packages/PyQt6/bindings/QtQml/qqmlfileselector.sip\n./venv/lib/python3.12/site-packages/PyQt6/bindings/QtQml/qqmlincubator.sip\n./venv/lib/python3.12/site-packages/PyQt6/bindings/QtQml/qqmllist.sip\n./venv/lib/python3.12/site-packages/PyQt6/bindings/QtQml/qqmlnetworkaccessmanagerfactory.sip\n./venv/lib/python3.12/site-packages/PyQt6/bindings/QtQml/qqmlparserstatus.sip\n./venv/lib/python3.12/site-packages/PyQt6/bindings/QtQml/qqmlproperty.sip\n./venv/lib/python3.12/site-packages/PyQt6/bindings/QtQml/qqmlpropertymap.sip\n./venv/lib/python3.12/site-packages/PyQt6/bindings/QtQml/qqmlpropertyvaluesource.sip\n./venv/lib/python3.12/site-packages/PyQt6/bindings/QtQml/qqmlscriptstring.sip\n./venv/lib/python3.12/site-packages/PyQt6/bindings/QtBluetooth/QtBluetooth.toml\n./venv/lib/python3.12/site-packages/PyQt6/bindings/QtBluetooth/QtBluetoothmod.sip\n./venv/lib/python3.12/site-packages/PyQt6/bindings/QtBluetooth/qbluetooth.sip\n./venv/lib/python3.12/site-packages/PyQt6/bindings/QtBluetooth/qbluetoothaddress.sip\n./venv/lib/python3.12/site-packages/PyQt6/bindings/QtBluetooth/qbluetoothdevicediscoveryagent.sip\n./venv/lib/python3.12/site-packages/PyQt6/bindings/QtBluetooth/qbluetoothdeviceinfo.sip\n./venv/lib/python3.12/site-packages/PyQt6/bindings/QtBluetooth/qbluetoothhostinfo.sip\n./venv/lib/python3.12/site-packages/PyQt6/bindings/QtBluetooth/qbluetoothlocaldevice.sip\n./venv/lib/python3.12/site-packages/PyQt6/bindings/QtBluetooth/qbluetoothserver.sip\n./venv/lib/python3.12/site-packages/PyQt6/bindings/QtBluetooth/qbluetoothservicediscoveryagent.sip\n./venv/lib/python3.12/site-packages/PyQt6/bindings/QtBluetooth/qbluetoothserviceinfo.sip\n./venv/lib/python3.12/site-packages/PyQt6/bindings/QtBluetooth/qbluetoothsocket.sip\n./venv/lib/python3.12/site-packages/PyQt6/bindings/QtBluetooth/qbluetoothuuid.sip\n./venv/lib/python3.12/site-packages/PyQt6/bindings/QtBluetooth/qlowenergyadvertisingdata.sip\n./venv/lib/python3.12/site-packages/PyQt6/bindings/QtBluetooth/qlowenergyadvertisingparameters.sip\n./venv/lib/python3.12/site-packages/PyQt6/bindings/QtBluetooth/qlowenergycharacteristic.sip\n./venv/lib/python3.12/site-packages/PyQt6/bindings/QtBluetooth/qlowenergycharacteristicdata.sip\n./venv/lib/python3.12/site-packages/PyQt6/bindings/QtBluetooth/qlowenergyconnectionparameters.sip\n./venv/lib/python3.12/site-packages/PyQt6/bindings/QtBluetooth/qlowenergycontroller.sip\n./venv/lib/python3.12/site-packages/PyQt6/bindings/QtBluetooth/qlowenergydescriptor.sip\n./venv/lib/python3.12/site-packages/PyQt6/bindings/QtBluetooth/qlowenergydescriptordata.sip\n./venv/lib/python3.12/site-packages/PyQt6/bindings/QtBluetooth/qlowenergyservice.sip\n./venv/lib/python3.12/site-packages/PyQt6/bindings/QtBluetooth/qlowenergyservicedata.sip\n./venv/lib/python3.12/site-packages/PyQt6/bindings/QtBluetooth/qpybluetooth_qlist.sip\n./venv/lib/python3.12/site-packages/PyQt6/bindings/QtBluetooth/qpybluetooth_qmultihash.sip\n./venv/lib/python3.12/site-packages/PyQt6/bindings/QtBluetooth/qpybluetooth_quint128.sip\n./venv/lib/python3.12/site-packages/PyQt6/bindings/QtNetwork/QtNetwork.toml\n./venv/lib/python3.12/site-packages/PyQt6/bindings/QtNetwork/QtNetworkmod.sip\n./venv/lib/python3.12/site-packages/PyQt6/bindings/QtNetwork/qabstractnetworkcache.sip\n./venv/lib/python3.12/site-packages/PyQt6/bindings/QtNetwork/qabstractsocket.sip\n./venv/lib/python3.12/site-packages/PyQt6/bindings/QtNetwork/qauthenticator.sip\n./venv/lib/python3.12/site-packages/PyQt6/bindings/QtNetwork/qdnslookup.sip\n./venv/lib/python3.12/site-packages/PyQt6/bindings/QtNetwork/qformdatabuilder.sip\n./venv/lib/python3.12/site-packages/PyQt6/bindings/QtNetwork/qhostaddress.sip\n./venv/lib/python3.12/site-packages/PyQt6/bindings/QtNetwork/qhostinfo.sip\n./venv/lib/python3.12/site-packages/PyQt6/bindings/QtNetwork/qhstspolicy.sip\n./venv/lib/python3.12/site-packages/PyQt6/bindings/QtNetwork/qhttp1configuration.sip\n./venv/lib/python3.12/site-packages/PyQt6/bindings/QtNetwork/qhttp2configuration.sip\n./venv/lib/python3.12/site-packages/PyQt6/bindings/QtNetwork/qhttpheaders.sip\n./venv/lib/python3.12/site-packages/PyQt6/bindings/QtNetwork/qhttpmultipart.sip\n./venv/lib/python3.12/site-packages/PyQt6/bindings/QtNetwork/qlocalserver.sip\n./venv/lib/python3.12/site-packages/PyQt6/bindings/QtNetwork/qlocalsocket.sip\n./venv/lib/python3.12/site-packages/PyQt6/bindings/QtNetwork/qnetworkaccessmanager.sip\n./venv/lib/python3.12/site-packages/PyQt6/bindings/QtNetwork/qnetworkcookie.sip\n./venv/lib/python3.12/site-packages/PyQt6/bindings/QtNetwork/qnetworkcookiejar.sip\n./venv/lib/python3.12/site-packages/PyQt6/bindings/QtNetwork/qnetworkdatagram.sip\n./venv/lib/python3.12/site-packages/PyQt6/bindings/QtNetwork/qnetworkdiskcache.sip\n./venv/lib/python3.12/site-packages/PyQt6/bindings/QtNetwork/qnetworkinformation.sip\n./venv/lib/python3.12/site-packages/PyQt6/bindings/QtNetwork/qnetworkinterface.sip\n./venv/lib/python3.12/site-packages/PyQt6/bindings/QtNetwork/qnetworkproxy.sip\n./venv/lib/python3.12/site-packages/PyQt6/bindings/QtNetwork/qnetworkreply.sip\n./venv/lib/python3.12/site-packages/PyQt6/bindings/QtNetwork/qnetworkrequest.sip\n./venv/lib/python3.12/site-packages/PyQt6/bindings/QtNetwork/qnetworkrequestfactory.sip\n./venv/lib/python3.12/site-packages/PyQt6/bindings/QtNetwork/qocspresponse.sip\n./venv/lib/python3.12/site-packages/PyQt6/bindings/QtNetwork/qpassworddigestor.sip\n./venv/lib/python3.12/site-packages/PyQt6/bindings/QtNetwork/qpynetwork_qhash.sip\n./venv/lib/python3.12/site-packages/PyQt6/bindings/QtNetwork/qpynetwork_qlist.sip\n./venv/lib/python3.12/site-packages/PyQt6/bindings/QtNetwork/qpynetwork_qmap.sip\n./venv/lib/python3.12/site-packages/PyQt6/bindings/QtNetwork/qrestaccessmanager.sip\n./venv/lib/python3.12/site-packages/PyQt6/bindings/QtNetwork/qrestreply.sip\n./venv/lib/python3.12/site-packages/PyQt6/bindings/QtNetwork/qssl.sip\n./venv/lib/python3.12/site-packages/PyQt6/bindings/QtNetwork/qsslcertificate.sip\n./venv/lib/python3.12/site-packages/PyQt6/bindings/QtNetwork/qsslcertificateextension.sip\n./venv/lib/python3.12/site-packages/PyQt6/bindings/QtNetwork/qsslcipher.sip\n./venv/lib/python3.12/site-packages/PyQt6/bindings/QtNetwork/qsslconfiguration.sip\n./venv/lib/python3.12/site-packages/PyQt6/bindings/QtNetwork/qssldiffiehellmanparameters.sip\n./venv/lib/python3.12/site-packages/PyQt6/bindings/QtNetwork/qsslellipticcurve.sip\n./venv/lib/python3.12/site-packages/PyQt6/bindings/QtNetwork/qsslerror.sip\n./venv/lib/python3.12/site-packages/PyQt6/bindings/QtNetwork/qsslkey.sip\n./venv/lib/python3.12/site-packages/PyQt6/bindings/QtNetwork/qsslpresharedkeyauthenticator.sip\n./venv/lib/python3.12/site-packages/PyQt6/bindings/QtNetwork/qsslserver.sip\n./venv/lib/python3.12/site-packages/PyQt6/bindings/QtNetwork/qsslsocket.sip\n./venv/lib/python3.12/site-packages/PyQt6/bindings/QtNetwork/qtcpserver.sip\n./venv/lib/python3.12/site-packages/PyQt6/bindings/QtNetwork/qtcpsocket.sip\n./venv/lib/python3.12/site-packages/PyQt6/bindings/QtNetwork/qudpsocket.sip\n./venv/lib/python3.12/site-packages/PyQt6/bindings/QtStateMachine/QtStateMachine.toml\n./venv/lib/python3.12/site-packages/PyQt6/bindings/QtStateMachine/QtStateMachinemod.sip\n./venv/lib/python3.12/site-packages/PyQt6/bindings/QtStateMachine/qabstractstate.sip\n./venv/lib/python3.12/site-packages/PyQt6/bindings/QtStateMachine/qabstracttransition.sip\n./venv/lib/python3.12/site-packages/PyQt6/bindings/QtStateMachine/qeventtransition.sip\n./venv/lib/python3.12/site-packages/PyQt6/bindings/QtStateMachine/qfinalstate.sip\n./venv/lib/python3.12/site-packages/PyQt6/bindings/QtStateMachine/qhistorystate.sip\n./venv/lib/python3.12/site-packages/PyQt6/bindings/QtStateMachine/qkeyeventtransition.sip\n./venv/lib/python3.12/site-packages/PyQt6/bindings/QtStateMachine/qmouseeventtransition.sip\n./venv/lib/python3.12/site-packages/PyQt6/bindings/QtStateMachine/qsignaltransition.sip\n./venv/lib/python3.12/site-packages/PyQt6/bindings/QtStateMachine/qstate.sip\n./venv/lib/python3.12/site-packages/PyQt6/bindings/QtStateMachine/qstatemachine.sip\n./venv/lib/python3.12/site-packages/PyQt6/bindings/QtDesigner/QtDesigner.toml\n./venv/lib/python3.12/site-packages/PyQt6/bindings/QtDesigner/QtDesignermod.sip\n./venv/lib/python3.12/site-packages/PyQt6/bindings/QtDesigner/abstractactioneditor.sip\n./venv/lib/python3.12/site-packages/PyQt6/bindings/QtDesigner/abstractformbuilder.sip\n./venv/lib/python3.12/site-packages/PyQt6/bindings/QtDesigner/abstractformeditor.sip\n./venv/lib/python3.12/site-packages/PyQt6/bindings/QtDesigner/abstractformwindow.sip\n./venv/lib/python3.12/site-packages/PyQt6/bindings/QtDesigner/abstractformwindowcursor.sip\n./venv/lib/python3.12/site-packages/PyQt6/bindings/QtDesigner/abstractformwindowmanager.sip\n./venv/lib/python3.12/site-packages/PyQt6/bindings/QtDesigner/abstractobjectinspector.sip\n./venv/lib/python3.12/site-packages/PyQt6/bindings/QtDesigner/abstractpropertyeditor.sip\n./venv/lib/python3.12/site-packages/PyQt6/bindings/QtDesigner/abstractwidgetbox.sip\n./venv/lib/python3.12/site-packages/PyQt6/bindings/QtDesigner/container.sip\n./venv/lib/python3.12/site-packages/PyQt6/bindings/QtDesigner/customwidget.sip\n./venv/lib/python3.12/site-packages/PyQt6/bindings/QtDesigner/default_extensionfactory.sip\n./venv/lib/python3.12/site-packages/PyQt6/bindings/QtDesigner/extension.sip\n./venv/lib/python3.12/site-packages/PyQt6/bindings/QtDesigner/formbuilder.sip\n./venv/lib/python3.12/site-packages/PyQt6/bindings/QtDesigner/membersheet.sip\n./venv/lib/python3.12/site-packages/PyQt6/bindings/QtDesigner/propertysheet.sip\n./venv/lib/python3.12/site-packages/PyQt6/bindings/QtDesigner/qextensionmanager.sip\n./venv/lib/python3.12/site-packages/PyQt6/bindings/QtDesigner/qpydesignercontainerextension.sip\n./venv/lib/python3.12/site-packages/PyQt6/bindings/QtDesigner/qpydesignercustomwidgetcollectionplugin.sip\n./venv/lib/python3.12/site-packages/PyQt6/bindings/QtDesigner/qpydesignercustomwidgetplugin.sip\n./venv/lib/python3.12/site-packages/PyQt6/bindings/QtDesigner/qpydesignermembersheetextension.sip\n./venv/lib/python3.12/site-packages/PyQt6/bindings/QtDesigner/qpydesignerpropertysheetextension.sip\n./venv/lib/python3.12/site-packages/PyQt6/bindings/QtDesigner/qpydesignertaskmenuextension.sip\n./venv/lib/python3.12/site-packages/PyQt6/bindings/QtDesigner/taskmenu.sip\n./venv/lib/python3.12/site-packages/PyQt6/bindings/QtQuick3D/QtQuick3D.toml\n./venv/lib/python3.12/site-packages/PyQt6/bindings/QtQuick3D/QtQuick3Dmod.sip\n./venv/lib/python3.12/site-packages/PyQt6/bindings/QtQuick3D/qquick3d.sip\n./venv/lib/python3.12/site-packages/PyQt6/bindings/QtQuick3D/qquick3dgeometry.sip\n./venv/lib/python3.12/site-packages/PyQt6/bindings/QtQuick3D/qquick3dobject.sip\n./venv/lib/python3.12/site-packages/PyQt6/bindings/QtQuick3D/qquick3dtexturedata.sip\n./venv/lib/python3.12/site-packages/PyQt6/bindings/QtHelp/QtHelp.toml\n./venv/lib/python3.12/site-packages/PyQt6/bindings/QtHelp/QtHelpmod.sip\n./venv/lib/python3.12/site-packages/PyQt6/bindings/QtHelp/qcompressedhelpinfo.sip\n./venv/lib/python3.12/site-packages/PyQt6/bindings/QtHelp/qhelpcontentitem.sip\n./venv/lib/python3.12/site-packages/PyQt6/bindings/QtHelp/qhelpcontentwidget.sip\n./venv/lib/python3.12/site-packages/PyQt6/bindings/QtHelp/qhelpengine.sip\n./venv/lib/python3.12/site-packages/PyQt6/bindings/QtHelp/qhelpenginecore.sip\n./venv/lib/python3.12/site-packages/PyQt6/bindings/QtHelp/qhelpfilterdata.sip\n./venv/lib/python3.12/site-packages/PyQt6/bindings/QtHelp/qhelpfilterengine.sip\n./venv/lib/python3.12/site-packages/PyQt6/bindings/QtHelp/qhelpfiltersettingswidget.sip\n./venv/lib/python3.12/site-packages/PyQt6/bindings/QtHelp/qhelpindexwidget.sip\n./venv/lib/python3.12/site-packages/PyQt6/bindings/QtHelp/qhelplink.sip\n./venv/lib/python3.12/site-packages/PyQt6/bindings/QtHelp/qhelpsearchengine.sip\n./venv/lib/python3.12/site-packages/PyQt6/bindings/QtHelp/qhelpsearchenginecore.sip\n./venv/lib/python3.12/site-packages/PyQt6/bindings/QtHelp/qhelpsearchquerywidget.sip\n./venv/lib/python3.12/site-packages/PyQt6/bindings/QtHelp/qhelpsearchresult.sip\n./venv/lib/python3.12/site-packages/PyQt6/bindings/QtHelp/qhelpsearchresultwidget.sip\n./venv/lib/python3.12/site-packages/PyQt6/bindings/QtSvg/QtSvg.toml\n./venv/lib/python3.12/site-packages/PyQt6/bindings/QtSvg/QtSvgmod.sip\n./venv/lib/python3.12/site-packages/PyQt6/bindings/QtSvg/qsvggenerator.sip\n./venv/lib/python3.12/site-packages/PyQt6/bindings/QtSvg/qsvgrenderer.sip\n./venv/lib/python3.12/site-packages/PyQt6/bindings/QtSvg/qtsvgglobal.sip\n./venv/lib/python3.12/site-packages/PyQt6/bindings/QtXml/QtXml.toml\n./venv/lib/python3.12/site-packages/PyQt6/bindings/QtXml/QtXmlmod.sip\n./venv/lib/python3.12/site-packages/PyQt6/bindings/QtXml/qdom.sip\n./venv/lib/python3.12/site-packages/PyQt6/bindings/QtSvgWidgets/QtSvgWidgets.toml\n./venv/lib/python3.12/site-packages/PyQt6/bindings/QtSvgWidgets/QtSvgWidgetsmod.sip\n./venv/lib/python3.12/site-packages/PyQt6/bindings/QtSvgWidgets/qgraphicssvgitem.sip\n./venv/lib/python3.12/site-packages/PyQt6/bindings/QtSvgWidgets/qsvgwidget.sip\n./venv/lib/python3.12/site-packages/PyQt6/bindings/QtRemoteObjects/QtRemoteObjects.toml\n./venv/lib/python3.12/site-packages/PyQt6/bindings/QtRemoteObjects/QtRemoteObjectsmod.sip\n./venv/lib/python3.12/site-packages/PyQt6/bindings/QtRemoteObjects/qremoteobjectabstractitemmodelreplica.sip\n./venv/lib/python3.12/site-packages/PyQt6/bindings/QtRemoteObjects/qremoteobjectdynamicreplica.sip\n./venv/lib/python3.12/site-packages/PyQt6/bindings/QtRemoteObjects/qremoteobjectnode.sip\n./venv/lib/python3.12/site-packages/PyQt6/bindings/QtRemoteObjects/qremoteobjectregistry.sip\n./venv/lib/python3.12/site-packages/PyQt6/bindings/QtRemoteObjects/qremoteobjectreplica.sip\n./venv/lib/python3.12/site-packages/PyQt6/bindings/QtRemoteObjects/qtremoteobjectglobal.sip\n./venv/lib/python3.12/site-packages/PyQt6/bindings/QtSensors/QtSensors.toml\n./venv/lib/python3.12/site-packages/PyQt6/bindings/QtSensors/QtSensorsmod.sip\n./venv/lib/python3.12/site-packages/PyQt6/bindings/QtSensors/qaccelerometer.sip\n./venv/lib/python3.12/site-packages/PyQt6/bindings/QtSensors/qambientlightsensor.sip\n./venv/lib/python3.12/site-packages/PyQt6/bindings/QtSensors/qambienttemperaturesensor.sip\n./venv/lib/python3.12/site-packages/PyQt6/bindings/QtSensors/qcompass.sip\n./venv/lib/python3.12/site-packages/PyQt6/bindings/QtSensors/qgyroscope.sip\n./venv/lib/python3.12/site-packages/PyQt6/bindings/QtSensors/qhumiditysensor.sip\n./venv/lib/python3.12/site-packages/PyQt6/bindings/QtSensors/qirproximitysensor.sip\n./venv/lib/python3.12/site-packages/PyQt6/bindings/QtSensors/qlidsensor.sip\n./venv/lib/python3.12/site-packages/PyQt6/bindings/QtSensors/qlightsensor.sip\n./venv/lib/python3.12/site-packages/PyQt6/bindings/QtSensors/qmagnetometer.sip\n./venv/lib/python3.12/site-packages/PyQt6/bindings/QtSensors/qorientationsensor.sip\n./venv/lib/python3.12/site-packages/PyQt6/bindings/QtSensors/qpressuresensor.sip\n./venv/lib/python3.12/site-packages/PyQt6/bindings/QtSensors/qproximitysensor.sip\n./venv/lib/python3.12/site-packages/PyQt6/bindings/QtSensors/qrotationsensor.sip\n./venv/lib/python3.12/site-packages/PyQt6/bindings/QtSensors/qsensor.sip\n./venv/lib/python3.12/site-packages/PyQt6/bindings/QtSensors/qtapsensor.sip\n./venv/lib/python3.12/site-packages/PyQt6/bindings/QtSensors/qtiltsensor.sip\n./venv/lib/python3.12/site-packages/PyQt6/bindings/QtPdf/QtPdf.toml\n./venv/lib/python3.12/site-packages/PyQt6/bindings/QtPdf/QtPdfmod.sip\n./venv/lib/python3.12/site-packages/PyQt6/bindings/QtPdf/qpdfbookmarkmodel.sip\n./venv/lib/python3.12/site-packages/PyQt6/bindings/QtPdf/qpdfdocument.sip\n./venv/lib/python3.12/site-packages/PyQt6/bindings/QtPdf/qpdfdocumentrenderoptions.sip\n./venv/lib/python3.12/site-packages/PyQt6/bindings/QtPdf/qpdflink.sip\n./venv/lib/python3.12/site-packages/PyQt6/bindings/QtPdf/qpdflinkmodel.sip\n./venv/lib/python3.12/site-packages/PyQt6/bindings/QtPdf/qpdfpagenavigator.sip\n./venv/lib/python3.12/site-packages/PyQt6/bindings/QtPdf/qpdfpagerenderer.sip\n./venv/lib/python3.12/site-packages/PyQt6/bindings/QtPdf/qpdfsearchmodel.sip\n./venv/lib/python3.12/site-packages/PyQt6/bindings/QtPdf/qpdfselection.sip\n./venv/lib/python3.12/site-packages/PyQt6/bindings/QtOpenGLWidgets/QtOpenGLWidgets.toml\n./venv/lib/python3.12/site-packages/PyQt6/bindings/QtOpenGLWidgets/QtOpenGLWidgetsmod.sip\n./venv/lib/python3.12/site-packages/PyQt6/bindings/QtOpenGLWidgets/qopenglwidget.sip\n./venv/lib/python3.12/site-packages/PyQt6/bindings/QtGui/QtGui.toml\n./venv/lib/python3.12/site-packages/PyQt6/bindings/QtGui/QtGuimod.sip\n./venv/lib/python3.12/site-packages/PyQt6/bindings/QtGui/opengl_types.sip\n./venv/lib/python3.12/site-packages/PyQt6/bindings/QtGui/qabstractfileiconprovider.sip\n./venv/lib/python3.12/site-packages/PyQt6/bindings/QtGui/qabstracttextdocumentlayout.sip\n./venv/lib/python3.12/site-packages/PyQt6/bindings/QtGui/qaccessibilityhints.sip\n./venv/lib/python3.12/site-packages/PyQt6/bindings/QtGui/qaction.sip\n./venv/lib/python3.12/site-packages/PyQt6/bindings/QtGui/qactiongroup.sip\n./venv/lib/python3.12/site-packages/PyQt6/bindings/QtGui/qbackingstore.sip\n./venv/lib/python3.12/site-packages/PyQt6/bindings/QtGui/qbitmap.sip\n./venv/lib/python3.12/site-packages/PyQt6/bindings/QtGui/qbrush.sip\n./venv/lib/python3.12/site-packages/PyQt6/bindings/QtGui/qclipboard.sip\n./venv/lib/python3.12/site-packages/PyQt6/bindings/QtGui/qcolor.sip\n./venv/lib/python3.12/site-packages/PyQt6/bindings/QtGui/qcolorspace.sip\n./venv/lib/python3.12/site-packages/PyQt6/bindings/QtGui/qcolortransform.sip\n./venv/lib/python3.12/site-packages/PyQt6/bindings/QtGui/qcursor.sip\n./venv/lib/python3.12/site-packages/PyQt6/bindings/QtGui/qdesktopservices.sip\n./venv/lib/python3.12/site-packages/PyQt6/bindings/QtGui/qdrag.sip\n./venv/lib/python3.12/site-packages/PyQt6/bindings/QtGui/qevent.sip\n./venv/lib/python3.12/site-packages/PyQt6/bindings/QtGui/qeventpoint.sip\n./venv/lib/python3.12/site-packages/PyQt6/bindings/QtGui/qfilesystemmodel.sip\n./venv/lib/python3.12/site-packages/PyQt6/bindings/QtGui/qfont.sip\n./venv/lib/python3.12/site-packages/PyQt6/bindings/QtGui/qfontdatabase.sip\n./venv/lib/python3.12/site-packages/PyQt6/bindings/QtGui/qfontinfo.sip\n./venv/lib/python3.12/site-packages/PyQt6/bindings/QtGui/qfontmetrics.sip\n./venv/lib/python3.12/site-packages/PyQt6/bindings/QtGui/qfontvariableaxis.sip\n./venv/lib/python3.12/site-packages/PyQt6/bindings/QtGui/qgenericmatrix.sip\n./venv/lib/python3.12/site-packages/PyQt6/bindings/QtGui/qglyphrun.sip\n./venv/lib/python3.12/site-packages/PyQt6/bindings/QtGui/qguiapplication.sip\n./venv/lib/python3.12/site-packages/PyQt6/bindings/QtGui/qicon.sip\n./venv/lib/python3.12/site-packages/PyQt6/bindings/QtGui/qiconengine.sip\n./venv/lib/python3.12/site-packages/PyQt6/bindings/QtGui/qimage.sip\n./venv/lib/python3.12/site-packages/PyQt6/bindings/QtGui/qimageiohandler.sip\n./venv/lib/python3.12/site-packages/PyQt6/bindings/QtGui/qimagereader.sip\n./venv/lib/python3.12/site-packages/PyQt6/bindings/QtGui/qimagewriter.sip\n./venv/lib/python3.12/site-packages/PyQt6/bindings/QtGui/qinputdevice.sip\n./venv/lib/python3.12/site-packages/PyQt6/bindings/QtGui/qinputmethod.sip\n./venv/lib/python3.12/site-packages/PyQt6/bindings/QtGui/qkeysequence.sip\n./venv/lib/python3.12/site-packages/PyQt6/bindings/QtGui/qmatrix4x4.sip\n./venv/lib/python3.12/site-packages/PyQt6/bindings/QtGui/qmovie.sip\n./venv/lib/python3.12/site-packages/PyQt6/bindings/QtGui/qoffscreensurface.sip\n./venv/lib/python3.12/site-packages/PyQt6/bindings/QtGui/qopenglcontext.sip\n./venv/lib/python3.12/site-packages/PyQt6/bindings/QtGui/qpagedpaintdevice.sip\n./venv/lib/python3.12/site-packages/PyQt6/bindings/QtGui/qpagelayout.sip\n./venv/lib/python3.12/site-packages/PyQt6/bindings/QtGui/qpageranges.sip\n./venv/lib/python3.12/site-packages/PyQt6/bindings/QtGui/qpagesize.sip\n./venv/lib/python3.12/site-packages/PyQt6/bindings/QtGui/qpaintdevice.sip\n./venv/lib/python3.12/site-packages/PyQt6/bindings/QtGui/qpaintdevicewindow.sip\n./venv/lib/python3.12/site-packages/PyQt6/bindings/QtGui/qpaintengine.sip\n./venv/lib/python3.12/site-packages/PyQt6/bindings/QtGui/qpainter.sip\n./venv/lib/python3.12/site-packages/PyQt6/bindings/QtGui/qpainterpath.sip\n./venv/lib/python3.12/site-packages/PyQt6/bindings/QtGui/qpainterstateguard.sip\n./venv/lib/python3.12/site-packages/PyQt6/bindings/QtGui/qpalette.sip\n./venv/lib/python3.12/site-packages/PyQt6/bindings/QtGui/qpdfoutputintent.sip\n./venv/lib/python3.12/site-packages/PyQt6/bindings/QtGui/qpdfwriter.sip\n./venv/lib/python3.12/site-packages/PyQt6/bindings/QtGui/qpen.sip\n./venv/lib/python3.12/site-packages/PyQt6/bindings/QtGui/qpicture.sip\n./venv/lib/python3.12/site-packages/PyQt6/bindings/QtGui/qpixelformat.sip\n./venv/lib/python3.12/site-packages/PyQt6/bindings/QtGui/qpixmap.sip\n./venv/lib/python3.12/site-packages/PyQt6/bindings/QtGui/qpixmapcache.sip\n./venv/lib/python3.12/site-packages/PyQt6/bindings/QtGui/qpointingdevice.sip\n./venv/lib/python3.12/site-packages/PyQt6/bindings/QtGui/qpolygon.sip\n./venv/lib/python3.12/site-packages/PyQt6/bindings/QtGui/qpygui_native_interface.sip\n./venv/lib/python3.12/site-packages/PyQt6/bindings/QtGui/qpygui_qlist.sip\n./venv/lib/python3.12/site-packages/PyQt6/bindings/QtGui/qpygui_vulkan.sip\n./venv/lib/python3.12/site-packages/PyQt6/bindings/QtGui/qquaternion.sip\n./venv/lib/python3.12/site-packages/PyQt6/bindings/QtGui/qrasterwindow.sip\n./venv/lib/python3.12/site-packages/PyQt6/bindings/QtGui/qrawfont.sip\n./venv/lib/python3.12/site-packages/PyQt6/bindings/QtGui/qregion.sip\n./venv/lib/python3.12/site-packages/PyQt6/bindings/QtGui/qrgb.sip\n./venv/lib/python3.12/site-packages/PyQt6/bindings/QtGui/qrgba64.sip\n./venv/lib/python3.12/site-packages/PyQt6/bindings/QtGui/qscreen.sip\n./venv/lib/python3.12/site-packages/PyQt6/bindings/QtGui/qsessionmanager.sip\n./venv/lib/python3.12/site-packages/PyQt6/bindings/QtGui/qshortcut.sip\n./venv/lib/python3.12/site-packages/PyQt6/bindings/QtGui/qstandarditemmodel.sip\n./venv/lib/python3.12/site-packages/PyQt6/bindings/QtGui/qstatictext.sip\n./venv/lib/python3.12/site-packages/PyQt6/bindings/QtGui/qstylehints.sip\n./venv/lib/python3.12/site-packages/PyQt6/bindings/QtGui/qsurface.sip\n./venv/lib/python3.12/site-packages/PyQt6/bindings/QtGui/qsurfaceformat.sip\n./venv/lib/python3.12/site-packages/PyQt6/bindings/QtGui/qsyntaxhighlighter.sip\n./venv/lib/python3.12/site-packages/PyQt6/bindings/QtGui/qtextcursor.sip\n./venv/lib/python3.12/site-packages/PyQt6/bindings/QtGui/qtextdocument.sip\n./venv/lib/python3.12/site-packages/PyQt6/bindings/QtGui/qtextdocumentfragment.sip\n./venv/lib/python3.12/site-packages/PyQt6/bindings/QtGui/qtextdocumentwriter.sip\n./venv/lib/python3.12/site-packages/PyQt6/bindings/QtGui/qtextformat.sip\n./venv/lib/python3.12/site-packages/PyQt6/bindings/QtGui/qtextlayout.sip\n./venv/lib/python3.12/site-packages/PyQt6/bindings/QtGui/qtextlist.sip\n./venv/lib/python3.12/site-packages/PyQt6/bindings/QtGui/qtextobject.sip\n./venv/lib/python3.12/site-packages/PyQt6/bindings/QtGui/qtextoption.sip\n./venv/lib/python3.12/site-packages/PyQt6/bindings/QtGui/qtexttable.sip\n./venv/lib/python3.12/site-packages/PyQt6/bindings/QtGui/qtransform.sip\n./venv/lib/python3.12/site-packages/PyQt6/bindings/QtGui/qundogroup.sip\n./venv/lib/python3.12/site-packages/PyQt6/bindings/QtGui/qundostack.sip\n./venv/lib/python3.12/site-packages/PyQt6/bindings/QtGui/qutimimeconverter.sip\n./venv/lib/python3.12/site-packages/PyQt6/bindings/QtGui/qvalidator.sip\n./venv/lib/python3.12/site-packages/PyQt6/bindings/QtGui/qvectornd.sip\n./venv/lib/python3.12/site-packages/PyQt6/bindings/QtGui/qwindow.sip\n./venv/lib/python3.12/site-packages/PyQt6/bindings/QtGui/qwindowdefs.sip\n./venv/lib/python3.12/site-packages/PyQt6/bindings/QtNfc/QtNfc.toml\n./venv/lib/python3.12/site-packages/PyQt6/bindings/QtNfc/QtNfcmod.sip\n./venv/lib/python3.12/site-packages/PyQt6/bindings/QtNfc/qndeffilter.sip\n./venv/lib/python3.12/site-packages/PyQt6/bindings/QtNfc/qndefmessage.sip\n./venv/lib/python3.12/site-packages/PyQt6/bindings/QtNfc/qndefnfcsmartposterrecord.sip\n./venv/lib/python3.12/site-packages/PyQt6/bindings/QtNfc/qndefnfctextrecord.sip\n./venv/lib/python3.12/site-packages/PyQt6/bindings/QtNfc/qndefnfcurirecord.sip\n./venv/lib/python3.12/site-packages/PyQt6/bindings/QtNfc/qndefrecord.sip\n./venv/lib/python3.12/site-packages/PyQt6/bindings/QtNfc/qnearfieldmanager.sip\n./venv/lib/python3.12/site-packages/PyQt6/bindings/QtNfc/qnearfieldtarget.sip\n./venv/lib/python3.12/site-packages/PyQt6/bindings/QtSerialPort/QtSerialPort.toml\n./venv/lib/python3.12/site-packages/PyQt6/bindings/QtSerialPort/QtSerialPortmod.sip\n./venv/lib/python3.12/site-packages/PyQt6/bindings/QtSerialPort/qserialport.sip\n./venv/lib/python3.12/site-packages/PyQt6/bindings/QtSerialPort/qserialportinfo.sip\n./venv/lib/python3.12/site-packages/PyQt6/bindings/QtQuick/QtQuick.toml\n./venv/lib/python3.12/site-packages/PyQt6/bindings/QtQuick/QtQuickmod.sip\n./venv/lib/python3.12/site-packages/PyQt6/bindings/QtQuick/qquickframebufferobject.sip\n./venv/lib/python3.12/site-packages/PyQt6/bindings/QtQuick/qquickgraphicsconfiguration.sip\n./venv/lib/python3.12/site-packages/PyQt6/bindings/QtQuick/qquickgraphicsdevice.sip\n./venv/lib/python3.12/site-packages/PyQt6/bindings/QtQuick/qquickimageprovider.sip\n./venv/lib/python3.12/site-packages/PyQt6/bindings/QtQuick/qquickitem.sip\n./venv/lib/python3.12/site-packages/PyQt6/bindings/QtQuick/qquickitemgrabresult.sip\n./venv/lib/python3.12/site-packages/PyQt6/bindings/QtQuick/qquickpainteditem.sip\n./venv/lib/python3.12/site-packages/PyQt6/bindings/QtQuick/qquickrendercontrol.sip\n./venv/lib/python3.12/site-packages/PyQt6/bindings/QtQuick/qquickrendertarget.sip\n./venv/lib/python3.12/site-packages/PyQt6/bindings/QtQuick/qquicktextdocument.sip\n./venv/lib/python3.12/site-packages/PyQt6/bindings/QtQuick/qquickview.sip\n./venv/lib/python3.12/site-packages/PyQt6/bindings/QtQuick/qquickwindow.sip\n./venv/lib/python3.12/site-packages/PyQt6/bindings/QtQuick/qsgflatcolormaterial.sip\n./venv/lib/python3.12/site-packages/PyQt6/bindings/QtQuick/qsggeometry.sip\n./venv/lib/python3.12/site-packages/PyQt6/bindings/QtQuick/qsgimagenode.sip\n./venv/lib/python3.12/site-packages/PyQt6/bindings/QtQuick/qsgmaterial.sip\n./venv/lib/python3.12/site-packages/PyQt6/bindings/QtQuick/qsgmaterialshader.sip\n./venv/lib/python3.12/site-packages/PyQt6/bindings/QtQuick/qsgmaterialtype.sip\n./venv/lib/python3.12/site-packages/PyQt6/bindings/QtQuick/qsgnode.sip\n./venv/lib/python3.12/site-packages/PyQt6/bindings/QtQuick/qsgrectanglenode.sip\n./venv/lib/python3.12/site-packages/PyQt6/bindings/QtQuick/qsgrendererinterface.sip\n./venv/lib/python3.12/site-packages/PyQt6/bindings/QtQuick/qsgrendernode.sip\n./venv/lib/python3.12/site-packages/PyQt6/bindings/QtQuick/qsgsimplerectnode.sip\n./venv/lib/python3.12/site-packages/PyQt6/bindings/QtQuick/qsgsimpletexturenode.sip\n./venv/lib/python3.12/site-packages/PyQt6/bindings/QtQuick/qsgtextnode.sip\n./venv/lib/python3.12/site-packages/PyQt6/bindings/QtQuick/qsgtexture.sip\n./venv/lib/python3.12/site-packages/PyQt6/bindings/QtQuick/qsgtexture_platform.sip\n./venv/lib/python3.12/site-packages/PyQt6/bindings/QtQuick/qsgtexturematerial.sip\n./venv/lib/python3.12/site-packages/PyQt6/bindings/QtQuick/qsgtextureprovider.sip\n./venv/lib/python3.12/site-packages/PyQt6/bindings/QtQuick/qsgvertexcolormaterial.sip\n./venv/lib/python3.12/site-packages/PyQt6/bindings/QtDBus/QtDBus.toml\n./venv/lib/python3.12/site-packages/PyQt6/bindings/QtDBus/QtDBusmod.sip\n./venv/lib/python3.12/site-packages/PyQt6/bindings/QtDBus/qdbusabstractadaptor.sip\n./venv/lib/python3.12/site-packages/PyQt6/bindings/QtDBus/qdbusabstractinterface.sip\n./venv/lib/python3.12/site-packages/PyQt6/bindings/QtDBus/qdbusargument.sip\n./venv/lib/python3.12/site-packages/PyQt6/bindings/QtDBus/qdbusconnection.sip\n./venv/lib/python3.12/site-packages/PyQt6/bindings/QtDBus/qdbusconnectioninterface.sip\n./venv/lib/python3.12/site-packages/PyQt6/bindings/QtDBus/qdbuserror.sip\n./venv/lib/python3.12/site-packages/PyQt6/bindings/QtDBus/qdbusextratypes.sip\n./venv/lib/python3.12/site-packages/PyQt6/bindings/QtDBus/qdbusinterface.sip\n./venv/lib/python3.12/site-packages/PyQt6/bindings/QtDBus/qdbusmessage.sip\n./venv/lib/python3.12/site-packages/PyQt6/bindings/QtDBus/qdbuspendingcall.sip\n./venv/lib/python3.12/site-packages/PyQt6/bindings/QtDBus/qdbusservicewatcher.sip\n./venv/lib/python3.12/site-packages/PyQt6/bindings/QtDBus/qdbusunixfiledescriptor.sip\n./venv/lib/python3.12/site-packages/PyQt6/bindings/QtDBus/qpydbuspendingreply.sip\n./venv/lib/python3.12/site-packages/PyQt6/bindings/QtDBus/qpydbusreply.sip\n./venv/lib/python3.12/site-packages/PyQt6/bindings/QtQuickWidgets/QtQuickWidgets.toml\n./venv/lib/python3.12/site-packages/PyQt6/bindings/QtQuickWidgets/QtQuickWidgetsmod.sip\n./venv/lib/python3.12/site-packages/PyQt6/bindings/QtQuickWidgets/qquickwidget.sip\n./venv/lib/python3.12/site-packages/PyQt6/bindings/QtWebChannel/QtWebChannel.toml\n./venv/lib/python3.12/site-packages/PyQt6/bindings/QtWebChannel/QtWebChannelmod.sip\n./venv/lib/python3.12/site-packages/PyQt6/bindings/QtWebChannel/qwebchannel.sip\n./venv/lib/python3.12/site-packages/PyQt6/bindings/QtWebChannel/qwebchannelabstracttransport.sip\n./venv/lib/python3.12/site-packages/PyQt6/bindings/QtWidgets/QtWidgets.toml\n./venv/lib/python3.12/site-packages/PyQt6/bindings/QtWidgets/QtWidgetsmod.sip\n./venv/lib/python3.12/site-packages/PyQt6/bindings/QtWidgets/qabstractbutton.sip\n./venv/lib/python3.12/site-packages/PyQt6/bindings/QtWidgets/qabstractitemdelegate.sip\n./venv/lib/python3.12/site-packages/PyQt6/bindings/QtWidgets/qabstractitemview.sip\n./venv/lib/python3.12/site-packages/PyQt6/bindings/QtWidgets/qabstractscrollarea.sip\n./venv/lib/python3.12/site-packages/PyQt6/bindings/QtWidgets/qabstractslider.sip\n./venv/lib/python3.12/site-packages/PyQt6/bindings/QtWidgets/qabstractspinbox.sip\n./venv/lib/python3.12/site-packages/PyQt6/bindings/QtWidgets/qapplication.sip\n./venv/lib/python3.12/site-packages/PyQt6/bindings/QtWidgets/qboxlayout.sip\n./venv/lib/python3.12/site-packages/PyQt6/bindings/QtWidgets/qbuttongroup.sip\n./venv/lib/python3.12/site-packages/PyQt6/bindings/QtWidgets/qcalendarwidget.sip\n./venv/lib/python3.12/site-packages/PyQt6/bindings/QtWidgets/qcheckbox.sip\n./venv/lib/python3.12/site-packages/PyQt6/bindings/QtWidgets/qcolordialog.sip\n./venv/lib/python3.12/site-packages/PyQt6/bindings/QtWidgets/qcolumnview.sip\n./venv/lib/python3.12/site-packages/PyQt6/bindings/QtWidgets/qcombobox.sip\n./venv/lib/python3.12/site-packages/PyQt6/bindings/QtWidgets/qcommandlinkbutton.sip\n./venv/lib/python3.12/site-packages/PyQt6/bindings/QtWidgets/qcommonstyle.sip\n./venv/lib/python3.12/site-packages/PyQt6/bindings/QtWidgets/qcompleter.sip\n./venv/lib/python3.12/site-packages/PyQt6/bindings/QtWidgets/qdatawidgetmapper.sip\n./venv/lib/python3.12/site-packages/PyQt6/bindings/QtWidgets/qdatetimeedit.sip\n./venv/lib/python3.12/site-packages/PyQt6/bindings/QtWidgets/qdial.sip\n./venv/lib/python3.12/site-packages/PyQt6/bindings/QtWidgets/qdialog.sip\n./venv/lib/python3.12/site-packages/PyQt6/bindings/QtWidgets/qdialogbuttonbox.sip\n./venv/lib/python3.12/site-packages/PyQt6/bindings/QtWidgets/qdockwidget.sip\n./venv/lib/python3.12/site-packages/PyQt6/bindings/QtWidgets/qdrawutil.sip\n./venv/lib/python3.12/site-packages/PyQt6/bindings/QtWidgets/qerrormessage.sip\n./venv/lib/python3.12/site-packages/PyQt6/bindings/QtWidgets/qfiledialog.sip\n./venv/lib/python3.12/site-packages/PyQt6/bindings/QtWidgets/qfileiconprovider.sip\n./venv/lib/python3.12/site-packages/PyQt6/bindings/QtWidgets/qfilesystemmodel.sip\n./venv/lib/python3.12/site-packages/PyQt6/bindings/QtWidgets/qfocusframe.sip\n./venv/lib/python3.12/site-packages/PyQt6/bindings/QtWidgets/qfontcombobox.sip\n./venv/lib/python3.12/site-packages/PyQt6/bindings/QtWidgets/qfontdialog.sip\n./venv/lib/python3.12/site-packages/PyQt6/bindings/QtWidgets/qformlayout.sip\n./venv/lib/python3.12/site-packages/PyQt6/bindings/QtWidgets/qframe.sip\n./venv/lib/python3.12/site-packages/PyQt6/bindings/QtWidgets/qgesture.sip\n./venv/lib/python3.12/site-packages/PyQt6/bindings/QtWidgets/qgesturerecognizer.sip\n./venv/lib/python3.12/site-packages/PyQt6/bindings/QtWidgets/qgraphicsanchorlayout.sip\n./venv/lib/python3.12/site-packages/PyQt6/bindings/QtWidgets/qgraphicseffect.sip\n./venv/lib/python3.12/site-packages/PyQt6/bindings/QtWidgets/qgraphicsgridlayout.sip\n./venv/lib/python3.12/site-packages/PyQt6/bindings/QtWidgets/qgraphicsitem.sip\n./venv/lib/python3.12/site-packages/PyQt6/bindings/QtWidgets/qgraphicslayout.sip\n./venv/lib/python3.12/site-packages/PyQt6/bindings/QtWidgets/qgraphicslayoutitem.sip\n./venv/lib/python3.12/site-packages/PyQt6/bindings/QtWidgets/qgraphicslinearlayout.sip\n./venv/lib/python3.12/site-packages/PyQt6/bindings/QtWidgets/qgraphicsproxywidget.sip\n./venv/lib/python3.12/site-packages/PyQt6/bindings/QtWidgets/qgraphicsscene.sip\n./venv/lib/python3.12/site-packages/PyQt6/bindings/QtWidgets/qgraphicssceneevent.sip\n./venv/lib/python3.12/site-packages/PyQt6/bindings/QtWidgets/qgraphicstransform.sip\n./venv/lib/python3.12/site-packages/PyQt6/bindings/QtWidgets/qgraphicsview.sip\n./venv/lib/python3.12/site-packages/PyQt6/bindings/QtWidgets/qgraphicswidget.sip\n./venv/lib/python3.12/site-packages/PyQt6/bindings/QtWidgets/qgridlayout.sip\n./venv/lib/python3.12/site-packages/PyQt6/bindings/QtWidgets/qgroupbox.sip\n./venv/lib/python3.12/site-packages/PyQt6/bindings/QtWidgets/qheaderview.sip\n./venv/lib/python3.12/site-packages/PyQt6/bindings/QtWidgets/qinputdialog.sip\n./venv/lib/python3.12/site-packages/PyQt6/bindings/QtWidgets/qitemdelegate.sip\n./venv/lib/python3.12/site-packages/PyQt6/bindings/QtWidgets/qitemeditorfactory.sip\n./venv/lib/python3.12/site-packages/PyQt6/bindings/QtWidgets/qkeysequenceedit.sip\n./venv/lib/python3.12/site-packages/PyQt6/bindings/QtWidgets/qlabel.sip\n./venv/lib/python3.12/site-packages/PyQt6/bindings/QtWidgets/qlayout.sip\n./venv/lib/python3.12/site-packages/PyQt6/bindings/QtWidgets/qlayoutitem.sip\n./venv/lib/python3.12/site-packages/PyQt6/bindings/QtWidgets/qlcdnumber.sip\n./venv/lib/python3.12/site-packages/PyQt6/bindings/QtWidgets/qlineedit.sip\n./venv/lib/python3.12/site-packages/PyQt6/bindings/QtWidgets/qlistview.sip\n./venv/lib/python3.12/site-packages/PyQt6/bindings/QtWidgets/qlistwidget.sip\n./venv/lib/python3.12/site-packages/PyQt6/bindings/QtWidgets/qmainwindow.sip\n./venv/lib/python3.12/site-packages/PyQt6/bindings/QtWidgets/qmdiarea.sip\n./venv/lib/python3.12/site-packages/PyQt6/bindings/QtWidgets/qmdisubwindow.sip\n./venv/lib/python3.12/site-packages/PyQt6/bindings/QtWidgets/qmenu.sip\n./venv/lib/python3.12/site-packages/PyQt6/bindings/QtWidgets/qmenubar.sip\n./venv/lib/python3.12/site-packages/PyQt6/bindings/QtWidgets/qmessagebox.sip\n./venv/lib/python3.12/site-packages/PyQt6/bindings/QtWidgets/qplaintextedit.sip\n./venv/lib/python3.12/site-packages/PyQt6/bindings/QtWidgets/qprogressbar.sip\n./venv/lib/python3.12/site-packages/PyQt6/bindings/QtWidgets/qprogressdialog.sip\n./venv/lib/python3.12/site-packages/PyQt6/bindings/QtWidgets/qproxystyle.sip\n./venv/lib/python3.12/site-packages/PyQt6/bindings/QtWidgets/qpushbutton.sip\n./venv/lib/python3.12/site-packages/PyQt6/bindings/QtWidgets/qpywidgets_qlist.sip\n./venv/lib/python3.12/site-packages/PyQt6/bindings/QtWidgets/qradiobutton.sip\n./venv/lib/python3.12/site-packages/PyQt6/bindings/QtWidgets/qrubberband.sip\n./venv/lib/python3.12/site-packages/PyQt6/bindings/QtWidgets/qscrollarea.sip\n./venv/lib/python3.12/site-packages/PyQt6/bindings/QtWidgets/qscrollbar.sip\n./venv/lib/python3.12/site-packages/PyQt6/bindings/QtWidgets/qscroller.sip\n./venv/lib/python3.12/site-packages/PyQt6/bindings/QtWidgets/qscrollerproperties.sip\n./venv/lib/python3.12/site-packages/PyQt6/bindings/QtWidgets/qsizegrip.sip\n./venv/lib/python3.12/site-packages/PyQt6/bindings/QtWidgets/qsizepolicy.sip\n./venv/lib/python3.12/site-packages/PyQt6/bindings/QtWidgets/qslider.sip\n./venv/lib/python3.12/site-packages/PyQt6/bindings/QtWidgets/qspinbox.sip\n./venv/lib/python3.12/site-packages/PyQt6/bindings/QtWidgets/qsplashscreen.sip\n./venv/lib/python3.12/site-packages/PyQt6/bindings/QtWidgets/qsplitter.sip\n./venv/lib/python3.12/site-packages/PyQt6/bindings/QtWidgets/qstackedlayout.sip\n./venv/lib/python3.12/site-packages/PyQt6/bindings/QtWidgets/qstackedwidget.sip\n./venv/lib/python3.12/site-packages/PyQt6/bindings/QtWidgets/qstatusbar.sip\n./venv/lib/python3.12/site-packages/PyQt6/bindings/QtWidgets/qstyle.sip\n./venv/lib/python3.12/site-packages/PyQt6/bindings/QtWidgets/qstyleditemdelegate.sip\n./venv/lib/python3.12/site-packages/PyQt6/bindings/QtWidgets/qstylefactory.sip\n./venv/lib/python3.12/site-packages/PyQt6/bindings/QtWidgets/qstyleoption.sip\n./venv/lib/python3.12/site-packages/PyQt6/bindings/QtWidgets/qstylepainter.sip\n./venv/lib/python3.12/site-packages/PyQt6/bindings/QtWidgets/qsystemtrayicon.sip\n./venv/lib/python3.12/site-packages/PyQt6/bindings/QtWidgets/qtabbar.sip\n./venv/lib/python3.12/site-packages/PyQt6/bindings/QtWidgets/qtableview.sip\n./venv/lib/python3.12/site-packages/PyQt6/bindings/QtWidgets/qtablewidget.sip\n./venv/lib/python3.12/site-packages/PyQt6/bindings/QtWidgets/qtabwidget.sip\n./venv/lib/python3.12/site-packages/PyQt6/bindings/QtWidgets/qtextbrowser.sip\n./venv/lib/python3.12/site-packages/PyQt6/bindings/QtWidgets/qtextedit.sip\n./venv/lib/python3.12/site-packages/PyQt6/bindings/QtWidgets/qtoolbar.sip\n./venv/lib/python3.12/site-packages/PyQt6/bindings/QtWidgets/qtoolbox.sip\n./venv/lib/python3.12/site-packages/PyQt6/bindings/QtWidgets/qtoolbutton.sip\n./venv/lib/python3.12/site-packages/PyQt6/bindings/QtWidgets/qtooltip.sip\n./venv/lib/python3.12/site-packages/PyQt6/bindings/QtWidgets/qtreeview.sip\n./venv/lib/python3.12/site-packages/PyQt6/bindings/QtWidgets/qtreewidget.sip\n./venv/lib/python3.12/site-packages/PyQt6/bindings/QtWidgets/qtreewidgetitemiterator.sip\n./venv/lib/python3.12/site-packages/PyQt6/bindings/QtWidgets/qundoview.sip\n./venv/lib/python3.12/site-packages/PyQt6/bindings/QtWidgets/qwhatsthis.sip\n./venv/lib/python3.12/site-packages/PyQt6/bindings/QtWidgets/qwidget.sip\n./venv/lib/python3.12/site-packages/PyQt6/bindings/QtWidgets/qwidgetaction.sip\n./venv/lib/python3.12/site-packages/PyQt6/bindings/QtWidgets/qwizard.sip\n./venv/lib/python3.12/site-packages/PyQt6/bindings/QtSql/QtSql.toml\n./venv/lib/python3.12/site-packages/PyQt6/bindings/QtSql/QtSqlmod.sip\n./venv/lib/python3.12/site-packages/PyQt6/bindings/QtSql/qsqldatabase.sip\n./venv/lib/python3.12/site-packages/PyQt6/bindings/QtSql/qsqldriver.sip\n./venv/lib/python3.12/site-packages/PyQt6/bindings/QtSql/qsqlerror.sip\n./venv/lib/python3.12/site-packages/PyQt6/bindings/QtSql/qsqlfield.sip\n./venv/lib/python3.12/site-packages/PyQt6/bindings/QtSql/qsqlindex.sip\n./venv/lib/python3.12/site-packages/PyQt6/bindings/QtSql/qsqlquery.sip\n./venv/lib/python3.12/site-packages/PyQt6/bindings/QtSql/qsqlquerymodel.sip\n./venv/lib/python3.12/site-packages/PyQt6/bindings/QtSql/qsqlrecord.sip\n./venv/lib/python3.12/site-packages/PyQt6/bindings/QtSql/qsqlrelationaldelegate.sip\n./venv/lib/python3.12/site-packages/PyQt6/bindings/QtSql/qsqlrelationaltablemodel.sip\n./venv/lib/python3.12/site-packages/PyQt6/bindings/QtSql/qsqlresult.sip\n./venv/lib/python3.12/site-packages/PyQt6/bindings/QtSql/qsqltablemodel.sip\n./venv/lib/python3.12/site-packages/PyQt6/bindings/QtSql/qtsqlglobal.sip\n./venv/lib/python3.12/site-packages/PyQt6/bindings/QtMultimedia/QtMultimedia.toml\n./venv/lib/python3.12/site-packages/PyQt6/bindings/QtMultimedia/QtMultimediamod.sip\n./venv/lib/python3.12/site-packages/PyQt6/bindings/QtMultimedia/qaudio.sip\n./venv/lib/python3.12/site-packages/PyQt6/bindings/QtMultimedia/qaudiobuffer.sip\n./venv/lib/python3.12/site-packages/PyQt6/bindings/QtMultimedia/qaudiobufferinput.sip\n./venv/lib/python3.12/site-packages/PyQt6/bindings/QtMultimedia/qaudiobufferoutput.sip\n./venv/lib/python3.12/site-packages/PyQt6/bindings/QtMultimedia/qaudiodecoder.sip\n./venv/lib/python3.12/site-packages/PyQt6/bindings/QtMultimedia/qaudiodevice.sip\n./venv/lib/python3.12/site-packages/PyQt6/bindings/QtMultimedia/qaudioformat.sip\n./venv/lib/python3.12/site-packages/PyQt6/bindings/QtMultimedia/qaudioinput.sip\n./venv/lib/python3.12/site-packages/PyQt6/bindings/QtMultimedia/qaudiooutput.sip\n./venv/lib/python3.12/site-packages/PyQt6/bindings/QtMultimedia/qaudiosink.sip\n./venv/lib/python3.12/site-packages/PyQt6/bindings/QtMultimedia/qaudiosource.sip\n./venv/lib/python3.12/site-packages/PyQt6/bindings/QtMultimedia/qcamera.sip\n./venv/lib/python3.12/site-packages/PyQt6/bindings/QtMultimedia/qcameradevice.sip\n./venv/lib/python3.12/site-packages/PyQt6/bindings/QtMultimedia/qcapturablewindow.sip\n./venv/lib/python3.12/site-packages/PyQt6/bindings/QtMultimedia/qimagecapture.sip\n./venv/lib/python3.12/site-packages/PyQt6/bindings/QtMultimedia/qmediacapturesession.sip\n./venv/lib/python3.12/site-packages/PyQt6/bindings/QtMultimedia/qmediadevices.sip\n./venv/lib/python3.12/site-packages/PyQt6/bindings/QtMultimedia/qmediaformat.sip\n./venv/lib/python3.12/site-packages/PyQt6/bindings/QtMultimedia/qmediametadata.sip\n./venv/lib/python3.12/site-packages/PyQt6/bindings/QtMultimedia/qmediaplayer.sip\n./venv/lib/python3.12/site-packages/PyQt6/bindings/QtMultimedia/qmediarecorder.sip\n./venv/lib/python3.12/site-packages/PyQt6/bindings/QtMultimedia/qmediatimerange.sip\n./venv/lib/python3.12/site-packages/PyQt6/bindings/QtMultimedia/qplaybackoptions.sip\n./venv/lib/python3.12/site-packages/PyQt6/bindings/QtMultimedia/qpymultimedia_qlist.sip\n./venv/lib/python3.12/site-packages/PyQt6/bindings/QtMultimedia/qscreencapture.sip\n./venv/lib/python3.12/site-packages/PyQt6/bindings/QtMultimedia/qsoundeffect.sip\n./venv/lib/python3.12/site-packages/PyQt6/bindings/QtMultimedia/qtvideo.sip\n./venv/lib/python3.12/site-packages/PyQt6/bindings/QtMultimedia/qvideoframe.sip\n./venv/lib/python3.12/site-packages/PyQt6/bindings/QtMultimedia/qvideoframeformat.sip\n./venv/lib/python3.12/site-packages/PyQt6/bindings/QtMultimedia/qvideoframeinput.sip\n./venv/lib/python3.12/site-packages/PyQt6/bindings/QtMultimedia/qvideosink.sip\n./venv/lib/python3.12/site-packages/PyQt6/bindings/QtMultimedia/qwindowcapture.sip\n./venv/lib/python3.12/site-packages/PyQt6/bindings/QtSpatialAudio/QtSpatialAudio.toml\n./venv/lib/python3.12/site-packages/PyQt6/bindings/QtSpatialAudio/QtSpatialAudiomod.sip\n./venv/lib/python3.12/site-packages/PyQt6/bindings/QtSpatialAudio/qambientsound.sip\n./venv/lib/python3.12/site-packages/PyQt6/bindings/QtSpatialAudio/qaudioengine.sip\n./venv/lib/python3.12/site-packages/PyQt6/bindings/QtSpatialAudio/qaudiolistener.sip\n./venv/lib/python3.12/site-packages/PyQt6/bindings/QtSpatialAudio/qaudioroom.sip\n./venv/lib/python3.12/site-packages/PyQt6/bindings/QtSpatialAudio/qspatialsound.sip\n./venv/lib/python3.12/site-packages/PyQt6/bindings/QtPositioning/QtPositioning.toml\n./venv/lib/python3.12/site-packages/PyQt6/bindings/QtPositioning/QtPositioningmod.sip\n./venv/lib/python3.12/site-packages/PyQt6/bindings/QtPositioning/qgeoaddress.sip\n./venv/lib/python3.12/site-packages/PyQt6/bindings/QtPositioning/qgeoareamonitorinfo.sip\n./venv/lib/python3.12/site-packages/PyQt6/bindings/QtPositioning/qgeoareamonitorsource.sip\n./venv/lib/python3.12/site-packages/PyQt6/bindings/QtPositioning/qgeocircle.sip\n./venv/lib/python3.12/site-packages/PyQt6/bindings/QtPositioning/qgeocoordinate.sip\n./venv/lib/python3.12/site-packages/PyQt6/bindings/QtPositioning/qgeolocation.sip\n./venv/lib/python3.12/site-packages/PyQt6/bindings/QtPositioning/qgeopath.sip\n./venv/lib/python3.12/site-packages/PyQt6/bindings/QtPositioning/qgeopolygon.sip\n./venv/lib/python3.12/site-packages/PyQt6/bindings/QtPositioning/qgeopositioninfo.sip\n./venv/lib/python3.12/site-packages/PyQt6/bindings/QtPositioning/qgeopositioninfosource.sip\n./venv/lib/python3.12/site-packages/PyQt6/bindings/QtPositioning/qgeorectangle.sip\n./venv/lib/python3.12/site-packages/PyQt6/bindings/QtPositioning/qgeosatelliteinfo.sip\n./venv/lib/python3.12/site-packages/PyQt6/bindings/QtPositioning/qgeosatelliteinfosource.sip\n./venv/lib/python3.12/site-packages/PyQt6/bindings/QtPositioning/qgeoshape.sip\n./venv/lib/python3.12/site-packages/PyQt6/bindings/QtPositioning/qnmeapositioninfosource.sip\n./venv/lib/python3.12/site-packages/PyQt6/bindings/QtPositioning/qnmeasatelliteinfosource.sip\n./venv/lib/python3.12/site-packages/PyQt6/bindings/QtTextToSpeech/QtTextToSpeech.toml\n./venv/lib/python3.12/site-packages/PyQt6/bindings/QtTextToSpeech/QtTextToSpeechmod.sip\n./venv/lib/python3.12/site-packages/PyQt6/bindings/QtTextToSpeech/qtexttospeech.sip\n./venv/lib/python3.12/site-packages/PyQt6/bindings/QtTextToSpeech/qvoice.sip\n./venv/lib/python3.12/site-packages/PyQt6/bindings/QtCore/QtCore.toml\n./venv/lib/python3.12/site-packages/PyQt6/bindings/QtCore/QtCoremod.sip\n./venv/lib/python3.12/site-packages/PyQt6/bindings/QtCore/pyqt-gpl.sip5\n./venv/lib/python3.12/site-packages/PyQt6/bindings/QtCore/qabstractanimation.sip\n./venv/lib/python3.12/site-packages/PyQt6/bindings/QtCore/qabstracteventdispatcher.sip\n./venv/lib/python3.12/site-packages/PyQt6/bindings/QtCore/qabstractitemmodel.sip\n./venv/lib/python3.12/site-packages/PyQt6/bindings/QtCore/qabstractnativeeventfilter.sip\n./venv/lib/python3.12/site-packages/PyQt6/bindings/QtCore/qabstractproxymodel.sip\n./venv/lib/python3.12/site-packages/PyQt6/bindings/QtCore/qanimationgroup.sip\n./venv/lib/python3.12/site-packages/PyQt6/bindings/QtCore/qanystringview.sip\n./venv/lib/python3.12/site-packages/PyQt6/bindings/QtCore/qbasictimer.sip\n./venv/lib/python3.12/site-packages/PyQt6/bindings/QtCore/qbitarray.sip\n./venv/lib/python3.12/site-packages/PyQt6/bindings/QtCore/qbuffer.sip\n./venv/lib/python3.12/site-packages/PyQt6/bindings/QtCore/qbytearray.sip\n./venv/lib/python3.12/site-packages/PyQt6/bindings/QtCore/qbytearrayalgorithms.sip\n./venv/lib/python3.12/site-packages/PyQt6/bindings/QtCore/qbytearraylist.sip\n./venv/lib/python3.12/site-packages/PyQt6/bindings/QtCore/qbytearraymatcher.sip\n./venv/lib/python3.12/site-packages/PyQt6/bindings/QtCore/qbytearrayview.sip\n./venv/lib/python3.12/site-packages/PyQt6/bindings/QtCore/qcalendar.sip\n./venv/lib/python3.12/site-packages/PyQt6/bindings/QtCore/qcborcommon.sip\n./venv/lib/python3.12/site-packages/PyQt6/bindings/QtCore/qcborstreamreader.sip\n./venv/lib/python3.12/site-packages/PyQt6/bindings/QtCore/qcborstreamwriter.sip\n./venv/lib/python3.12/site-packages/PyQt6/bindings/QtCore/qchar.sip\n./venv/lib/python3.12/site-packages/PyQt6/bindings/QtCore/qcollator.sip\n./venv/lib/python3.12/site-packages/PyQt6/bindings/QtCore/qcommandlineoption.sip\n./venv/lib/python3.12/site-packages/PyQt6/bindings/QtCore/qcommandlineparser.sip\n./venv/lib/python3.12/site-packages/PyQt6/bindings/QtCore/qconcatenatetablesproxymodel.sip\n./venv/lib/python3.12/site-packages/PyQt6/bindings/QtCore/qcoreapplication.sip\n./venv/lib/python3.12/site-packages/PyQt6/bindings/QtCore/qcoreevent.sip\n./venv/lib/python3.12/site-packages/PyQt6/bindings/QtCore/qcryptographichash.sip\n./venv/lib/python3.12/site-packages/PyQt6/bindings/QtCore/qdatastream.sip\n./venv/lib/python3.12/site-packages/PyQt6/bindings/QtCore/qdatetime.sip\n./venv/lib/python3.12/site-packages/PyQt6/bindings/QtCore/qdeadlinetimer.sip\n./venv/lib/python3.12/site-packages/PyQt6/bindings/QtCore/qdir.sip\n./venv/lib/python3.12/site-packages/PyQt6/bindings/QtCore/qdiriterator.sip\n./venv/lib/python3.12/site-packages/PyQt6/bindings/QtCore/qeasingcurve.sip\n./venv/lib/python3.12/site-packages/PyQt6/bindings/QtCore/qelapsedtimer.sip\n./venv/lib/python3.12/site-packages/PyQt6/bindings/QtCore/qeventloop.sip\n./venv/lib/python3.12/site-packages/PyQt6/bindings/QtCore/qfile.sip\n./venv/lib/python3.12/site-packages/PyQt6/bindings/QtCore/qfiledevice.sip\n./venv/lib/python3.12/site-packages/PyQt6/bindings/QtCore/qfileinfo.sip\n./venv/lib/python3.12/site-packages/PyQt6/bindings/QtCore/qfileselector.sip\n./venv/lib/python3.12/site-packages/PyQt6/bindings/QtCore/qfilesystemwatcher.sip\n./venv/lib/python3.12/site-packages/PyQt6/bindings/QtCore/qflags.sip\n./venv/lib/python3.12/site-packages/PyQt6/bindings/QtCore/qglobal.sip\n./venv/lib/python3.12/site-packages/PyQt6/bindings/QtCore/qidentityproxymodel.sip\n./venv/lib/python3.12/site-packages/PyQt6/bindings/QtCore/qiodevice.sip\n./venv/lib/python3.12/site-packages/PyQt6/bindings/QtCore/qiodevicebase.sip\n./venv/lib/python3.12/site-packages/PyQt6/bindings/QtCore/qitemselectionmodel.sip\n./venv/lib/python3.12/site-packages/PyQt6/bindings/QtCore/qjsonarray.sip\n./venv/lib/python3.12/site-packages/PyQt6/bindings/QtCore/qjsondocument.sip\n./venv/lib/python3.12/site-packages/PyQt6/bindings/QtCore/qjsonobject.sip\n./venv/lib/python3.12/site-packages/PyQt6/bindings/QtCore/qjsonparseerror.sip\n./venv/lib/python3.12/site-packages/PyQt6/bindings/QtCore/qjsonvalue.sip\n./venv/lib/python3.12/site-packages/PyQt6/bindings/QtCore/qlibrary.sip\n./venv/lib/python3.12/site-packages/PyQt6/bindings/QtCore/qlibraryinfo.sip\n./venv/lib/python3.12/site-packages/PyQt6/bindings/QtCore/qline.sip\n./venv/lib/python3.12/site-packages/PyQt6/bindings/QtCore/qlocale.sip\n./venv/lib/python3.12/site-packages/PyQt6/bindings/QtCore/qlockfile.sip\n./venv/lib/python3.12/site-packages/PyQt6/bindings/QtCore/qlogging.sip\n./venv/lib/python3.12/site-packages/PyQt6/bindings/QtCore/qloggingcategory.sip\n./venv/lib/python3.12/site-packages/PyQt6/bindings/QtCore/qmargins.sip\n./venv/lib/python3.12/site-packages/PyQt6/bindings/QtCore/qmessageauthenticationcode.sip\n./venv/lib/python3.12/site-packages/PyQt6/bindings/QtCore/qmetaobject.sip\n./venv/lib/python3.12/site-packages/PyQt6/bindings/QtCore/qmetatype.sip\n./venv/lib/python3.12/site-packages/PyQt6/bindings/QtCore/qmimedata.sip\n./venv/lib/python3.12/site-packages/PyQt6/bindings/QtCore/qmimedatabase.sip\n./venv/lib/python3.12/site-packages/PyQt6/bindings/QtCore/qmimetype.sip\n./venv/lib/python3.12/site-packages/PyQt6/bindings/QtCore/qmutex.sip\n./venv/lib/python3.12/site-packages/PyQt6/bindings/QtCore/qmutexlocker.sip\n./venv/lib/python3.12/site-packages/PyQt6/bindings/QtCore/qnamespace.sip\n./venv/lib/python3.12/site-packages/PyQt6/bindings/QtCore/qnumeric.sip\n./venv/lib/python3.12/site-packages/PyQt6/bindings/QtCore/qobject.sip\n./venv/lib/python3.12/site-packages/PyQt6/bindings/QtCore/qobjectcleanuphandler.sip\n./venv/lib/python3.12/site-packages/PyQt6/bindings/QtCore/qobjectdefs.sip\n./venv/lib/python3.12/site-packages/PyQt6/bindings/QtCore/qoperatingsystemversion.sip\n./venv/lib/python3.12/site-packages/PyQt6/bindings/QtCore/qparallelanimationgroup.sip\n./venv/lib/python3.12/site-packages/PyQt6/bindings/QtCore/qpauseanimation.sip\n./venv/lib/python3.12/site-packages/PyQt6/bindings/QtCore/qpermissions.sip\n./venv/lib/python3.12/site-packages/PyQt6/bindings/QtCore/qpluginloader.sip\n./venv/lib/python3.12/site-packages/PyQt6/bindings/QtCore/qpoint.sip\n./venv/lib/python3.12/site-packages/PyQt6/bindings/QtCore/qprocess.sip\n./venv/lib/python3.12/site-packages/PyQt6/bindings/QtCore/qpropertyanimation.sip\n./venv/lib/python3.12/site-packages/PyQt6/bindings/QtCore/qpycore_native_interface.sip\n./venv/lib/python3.12/site-packages/PyQt6/bindings/QtCore/qpycore_qhash.sip\n./venv/lib/python3.12/site-packages/PyQt6/bindings/QtCore/qpycore_qlist.sip\n./venv/lib/python3.12/site-packages/PyQt6/bindings/QtCore/qpycore_qmap.sip\n./venv/lib/python3.12/site-packages/PyQt6/bindings/QtCore/qpycore_qrangemodel.sip\n./venv/lib/python3.12/site-packages/PyQt6/bindings/QtCore/qpycore_qset.sip\n./venv/lib/python3.12/site-packages/PyQt6/bindings/QtCore/qpycore_std_chrono_duration.sip\n./venv/lib/python3.12/site-packages/PyQt6/bindings/QtCore/qpycore_std_optional.sip\n./venv/lib/python3.12/site-packages/PyQt6/bindings/QtCore/qpycore_std_pair.sip\n./venv/lib/python3.12/site-packages/PyQt6/bindings/QtCore/qpycore_virtual_error_handler.sip\n./venv/lib/python3.12/site-packages/PyQt6/bindings/QtCore/qrandom.sip\n./venv/lib/python3.12/site-packages/PyQt6/bindings/QtCore/qrangemodel.sip\n./venv/lib/python3.12/site-packages/PyQt6/bindings/QtCore/qreadwritelock.sip\n./venv/lib/python3.12/site-packages/PyQt6/bindings/QtCore/qrect.sip\n./venv/lib/python3.12/site-packages/PyQt6/bindings/QtCore/qregularexpression.sip\n./venv/lib/python3.12/site-packages/PyQt6/bindings/QtCore/qresource.sip\n./venv/lib/python3.12/site-packages/PyQt6/bindings/QtCore/qrunnable.sip\n./venv/lib/python3.12/site-packages/PyQt6/bindings/QtCore/qsavefile.sip\n./venv/lib/python3.12/site-packages/PyQt6/bindings/QtCore/qsemaphore.sip\n./venv/lib/python3.12/site-packages/PyQt6/bindings/QtCore/qsequentialanimationgroup.sip\n./venv/lib/python3.12/site-packages/PyQt6/bindings/QtCore/qsettings.sip\n./venv/lib/python3.12/site-packages/PyQt6/bindings/QtCore/qsharedmemory.sip\n./venv/lib/python3.12/site-packages/PyQt6/bindings/QtCore/qsignalmapper.sip\n./venv/lib/python3.12/site-packages/PyQt6/bindings/QtCore/qsize.sip\n./venv/lib/python3.12/site-packages/PyQt6/bindings/QtCore/qsocketnotifier.sip\n./venv/lib/python3.12/site-packages/PyQt6/bindings/QtCore/qsortfilterproxymodel.sip\n./venv/lib/python3.12/site-packages/PyQt6/bindings/QtCore/qstandardpaths.sip\n./venv/lib/python3.12/site-packages/PyQt6/bindings/QtCore/qstorageinfo.sip\n./venv/lib/python3.12/site-packages/PyQt6/bindings/QtCore/qstring.sip\n./venv/lib/python3.12/site-packages/PyQt6/bindings/QtCore/qstringconverter.sip\n./venv/lib/python3.12/site-packages/PyQt6/bindings/QtCore/qstringconverter_base.sip\n./venv/lib/python3.12/site-packages/PyQt6/bindings/QtCore/qstringlist.sip\n./venv/lib/python3.12/site-packages/PyQt6/bindings/QtCore/qstringlistmodel.sip\n./venv/lib/python3.12/site-packages/PyQt6/bindings/QtCore/qstringview.sip\n./venv/lib/python3.12/site-packages/PyQt6/bindings/QtCore/qsysinfo.sip\n./venv/lib/python3.12/site-packages/PyQt6/bindings/QtCore/qsystemsemaphore.sip\n./venv/lib/python3.12/site-packages/PyQt6/bindings/QtCore/qtemporarydir.sip\n./venv/lib/python3.12/site-packages/PyQt6/bindings/QtCore/qtemporaryfile.sip\n./venv/lib/python3.12/site-packages/PyQt6/bindings/QtCore/qtenvironmentvariables.sip\n./venv/lib/python3.12/site-packages/PyQt6/bindings/QtCore/qtextboundaryfinder.sip\n./venv/lib/python3.12/site-packages/PyQt6/bindings/QtCore/qtextstream.sip\n./venv/lib/python3.12/site-packages/PyQt6/bindings/QtCore/qthread.sip\n./venv/lib/python3.12/site-packages/PyQt6/bindings/QtCore/qthreadpool.sip\n./venv/lib/python3.12/site-packages/PyQt6/bindings/QtCore/qtimeline.sip\n./venv/lib/python3.12/site-packages/PyQt6/bindings/QtCore/qtimer.sip\n./venv/lib/python3.12/site-packages/PyQt6/bindings/QtCore/qtimezone.sip\n./venv/lib/python3.12/site-packages/PyQt6/bindings/QtCore/qtipccommon.sip\n./venv/lib/python3.12/site-packages/PyQt6/bindings/QtCore/qtranslator.sip\n./venv/lib/python3.12/site-packages/PyQt6/bindings/QtCore/qtransposeproxymodel.sip\n./venv/lib/python3.12/site-packages/PyQt6/bindings/QtCore/qtversion.sip\n./venv/lib/python3.12/site-packages/PyQt6/bindings/QtCore/qtyperevision.sip\n./venv/lib/python3.12/site-packages/PyQt6/bindings/QtCore/qtypes.sip\n./venv/lib/python3.12/site-packages/PyQt6/bindings/QtCore/qurl.sip\n./venv/lib/python3.12/site-packages/PyQt6/bindings/QtCore/qurlquery.sip\n./venv/lib/python3.12/site-packages/PyQt6/bindings/QtCore/quuid.sip\n./venv/lib/python3.12/site-packages/PyQt6/bindings/QtCore/qvariant.sip\n./venv/lib/python3.12/site-packages/PyQt6/bindings/QtCore/qvariantanimation.sip\n./venv/lib/python3.12/site-packages/PyQt6/bindings/QtCore/qversionnumber.sip\n./venv/lib/python3.12/site-packages/PyQt6/bindings/QtCore/qwaitcondition.sip\n./venv/lib/python3.12/site-packages/PyQt6/bindings/QtCore/qwineventnotifier.sip\n./venv/lib/python3.12/site-packages/PyQt6/bindings/QtCore/qxmlstream.sip\n./venv/lib/python3.12/site-packages/PyQt6/bindings/QtCore/qyieldcpu.sip\n./venv/lib/python3.12/site-packages/PyQt6/bindings/QtMultimediaWidgets/QtMultimediaWidgets.toml\n./venv/lib/python3.12/site-packages/PyQt6/bindings/QtMultimediaWidgets/QtMultimediaWidgetsmod.sip\n./venv/lib/python3.12/site-packages/PyQt6/bindings/QtMultimediaWidgets/qgraphicsvideoitem.sip\n./venv/lib/python3.12/site-packages/PyQt6/bindings/QtMultimediaWidgets/qvideowidget.sip\n./venv/lib/python3.12/site-packages/PyQt6/bindings/QtTest/QtTest.toml\n./venv/lib/python3.12/site-packages/PyQt6/bindings/QtTest/QtTestmod.sip\n./venv/lib/python3.12/site-packages/PyQt6/bindings/QtTest/qabstractitemmodeltester.sip\n./venv/lib/python3.12/site-packages/PyQt6/bindings/QtTest/qsignalspy.sip\n./venv/lib/python3.12/site-packages/PyQt6/bindings/QtTest/qtestkeyboard.sip\n./venv/lib/python3.12/site-packages/PyQt6/bindings/QtTest/qtestmouse.sip\n./venv/lib/python3.12/site-packages/PyQt6/bindings/QtTest/qtestsystem.sip\n./venv/lib/python3.12/site-packages/PyQt6/bindings/QtPdfWidgets/QtPdfWidgets.toml\n./venv/lib/python3.12/site-packages/PyQt6/bindings/QtPdfWidgets/QtPdfWidgetsmod.sip\n./venv/lib/python3.12/site-packages/PyQt6/bindings/QtPdfWidgets/qpdfpageselector.sip\n./venv/lib/python3.12/site-packages/PyQt6/bindings/QtPdfWidgets/qpdfview.sip\n```\n\n### Project Structure Diagram\n\n```mermaid\ngraph TD\n    Root[./]\n    Root --> node_dockerignore["dockerignore"]\n    Root --> node_env["env"]\n    Root --> node_env_example["env.example"]\n    Root --> node_gitignore["gitignore"]\n    Root --> node_Dockerfile["Dockerfile"]\n    Root --> node_LICENSE_ndaversis_txt["LICENSE_ndaversis.txt"]\n    Root --> node_config_json["config.json"]\n    Root --> node_docker-compose_yml["docker-compose.yml"]\n    Root --> node_final_test_results_txt["final_test_results.txt"]\n    Root --> node_ndaversis_py["ndaversis.py"]\n    Root --> node_ndaversis_logs_py["ndaversis_logs.py"]\n    Root --> node_ndaversis_metrics_json["ndaversis_metrics.json"]\n    Root --> node_ndaversis_privacy_policy_md["ndaversis_privacy_policy.md"]\n    Root --> node_ndaversis_readme_md["ndaversis_readme.md"]\n    Root --> node_ndaversis_requirements_txt["ndaversis_requirements.txt"]\n    Root --> node_ndaversis_version_history_py["ndaversis_version_history.py"]\n    Root --> node_readme_md["readme.md"]\n    Root --> node_task_txt["task.txt"]\n    Root --> node_test_txt["test.txt"]\n    Root --> node_test_config_json["test_config.json"]\n    Root --> node_test_failures_txt["test_failures.txt"]\n    Root --> node_test_ndaversis_py["test_ndaversis.py"]\n    Root --> node_test_ndaversis_readme_md["test_ndaversis_readme.md"]\n    Root --> node_test_results_txt["test_results.txt"]\n    Root --> node_venv["venv"]\n    node_venv --> node_venv_pyvenv_cfg["pyvenv.cfg"]\n    Root --> node_venv["venv"]\n    node_venv --> node_venv_bin["bin"]\n    node_venv_bin --> node_venv_bin_Activate_ps1["Activate.ps1"]\n    Root --> node_venv["venv"]\n    node_venv --> node_venv_bin["bin"]\n    node_venv_bin --> node_venv_bin_activate["activate"]\n    Root --> node_venv["venv"]\n    node_venv --> node_venv_bin["bin"]\n    node_venv_bin --> node_venv_bin_activate_csh["activate.csh"]\n    Root --> node_venv["venv"]\n    node_venv --> node_venv_bin["bin"]\n    node_venv_bin --> node_venv_bin_activate_fish["activate.fish"]\n    Root --> node_venv["venv"]\n    node_venv --> node_venv_bin["bin"]\n    node_venv_bin --> node_venv_bin_pip["pip"]\n    Root --> node_venv["venv"]\n    node_venv --> node_venv_bin["bin"]\n    node_venv_bin --> node_venv_bin_pip3["pip3"]\n    Root --> node_venv["venv"]\n    node_venv --> node_venv_bin["bin"]\n    node_venv_bin --> node_venv_bin_pip3_12["pip3.12"]\n    Root --> node_venv["venv"]\n    node_venv --> node_venv_bin["bin"]\n    node_venv_bin --> node_venv_bin_pylupdate6["pylupdate6"]\n    Root --> node_venv["venv"]\n    node_venv --> node_venv_bin["bin"]\n    node_venv_bin --> node_venv_bin_python["python"]\n    Root --> node_venv["venv"]\n    node_venv --> node_venv_bin["bin"]\n    node_venv_bin --> node_venv_bin_python3["python3"]\n    Root --> node_venv["venv"]\n    node_venv --> node_venv_bin["bin"]\n    node_venv_bin --> node_venv_bin_python3_12["python3.12"]\n    Root --> node_venv["venv"]\n    node_venv --> node_venv_bin["bin"]\n    node_venv_bin --> node_venv_bin_pyuic6["pyuic6"]\n    Root --> node_venv["venv"]\n    node_venv --> node_venv_lib["lib"]\n    node_venv_lib --> node_venv_lib_python3_12["python3.12"]\n    node_venv_lib_python3_12 --> node_venv_lib_python3_12_site-packages["site-packages"]\n    node_venv_lib_python3_12_site-packages --> node_venv_lib_python3_12_site-packages_pyqt6-6_10_2_dist-info["pyqt6-6.10.2.dist-info"]\n    node_venv_lib_python3_12_site-packages_pyqt6-6_10_2_dist-info --> node_venv_lib_python3_12_site-packages_pyqt6-6_10_2_dist-info_INSTALLER["INSTALLER"]\n    Root --> node_venv["venv"]\n    node_venv --> node_venv_lib["lib"]\n    node_venv_lib --> node_venv_lib_python3_12["python3.12"]\n    node_venv_lib_python3_12 --> node_venv_lib_python3_12_site-packages["site-packages"]\n    node_venv_lib_python3_12_site-packages --> node_venv_lib_python3_12_site-packages_pyqt6-6_10_2_dist-info["pyqt6-6.10.2.dist-info"]\n    node_venv_lib_python3_12_site-packages_pyqt6-6_10_2_dist-info --> node_venv_lib_python3_12_site-packages_pyqt6-6_10_2_dist-info_METADATA["METADATA"]\n    Root --> node_venv["venv"]\n    node_venv --> node_venv_lib["lib"]\n    node_venv_lib --> node_venv_lib_python3_12["python3.12"]\n    node_venv_lib_python3_12 --> node_venv_lib_python3_12_site-packages["site-packages"]\n    node_venv_lib_python3_12_site-packages --> node_venv_lib_python3_12_site-packages_pyqt6-6_10_2_dist-info["pyqt6-6.10.2.dist-info"]\n    node_venv_lib_python3_12_site-packages_pyqt6-6_10_2_dist-info --> node_venv_lib_python3_12_site-packages_pyqt6-6_10_2_dist-info_RECORD["RECORD"]\n    Root --> node_venv["venv"]\n    node_venv --> node_venv_lib["lib"]\n    node_venv_lib --> node_venv_lib_python3_12["python3.12"]\n    node_venv_lib_python3_12 --> node_venv_lib_python3_12_site-packages["site-packages"]\n    node_venv_lib_python3_12_site-packages --> node_venv_lib_python3_12_site-packages_pyqt6-6_10_2_dist-info["pyqt6-6.10.2.dist-info"]\n    node_venv_lib_python3_12_site-packages_pyqt6-6_10_2_dist-info --> node_venv_lib_python3_12_site-packages_pyqt6-6_10_2_dist-info_REQUESTED["REQUESTED"]\n    Root --> node_venv["venv"]\n    node_venv --> node_venv_lib["lib"]\n    node_venv_lib --> node_venv_lib_python3_12["python3.12"]\n    node_venv_lib_python3_12 --> node_venv_lib_python3_12_site-packages["site-packages"]\n    node_venv_lib_python3_12_site-packages --> node_venv_lib_python3_12_site-packages_pyqt6-6_10_2_dist-info["pyqt6-6.10.2.dist-info"]\n    node_venv_lib_python3_12_site-packages_pyqt6-6_10_2_dist-info --> node_venv_lib_python3_12_site-packages_pyqt6-6_10_2_dist-info_WHEEL["WHEEL"]\n    Root --> node_venv["venv"]\n    node_venv --> node_venv_lib["lib"]\n    node_venv_lib --> node_venv_lib_python3_12["python3.12"]\n    node_venv_lib_python3_12 --> node_venv_lib_python3_12_site-packages["site-packages"]\n    node_venv_lib_python3_12_site-packages --> node_venv_lib_python3_12_site-packages_pyqt6-6_10_2_dist-info["pyqt6-6.10.2.dist-info"]\n    node_venv_lib_python3_12_site-packages_pyqt6-6_10_2_dist-info --> node_venv_lib_python3_12_site-packages_pyqt6-6_10_2_dist-info_entry_points_txt["entry_points.txt"]\n    Root --> node_venv["venv"]\n    node_venv --> node_venv_lib["lib"]\n    node_venv_lib --> node_venv_lib_python3_12["python3.12"]\n    node_venv_lib_python3_12 --> node_venv_lib_python3_12_site-packages["site-packages"]\n    node_venv_lib_python3_12_site-packages --> node_venv_lib_python3_12_site-packages_pyqt6-6_10_2_dist-info["pyqt6-6.10.2.dist-info"]\n    node_venv_lib_python3_12_site-packages_pyqt6-6_10_2_dist-info --> node_venv_lib_python3_12_site-packages_pyqt6-6_10_2_dist-info_licenses["licenses"]\n    node_venv_lib_python3_12_site-packages_pyqt6-6_10_2_dist-info_licenses --> node_venv_lib_python3_12_site-packages_pyqt6-6_10_2_dist-info_licenses_LICENSE["LICENSE"]\n    Root --> node_venv["venv"]\n    node_venv --> node_venv_lib["lib"]\n    node_venv_lib --> node_venv_lib_python3_12["python3.12"]\n    node_venv_lib_python3_12 --> node_venv_lib_python3_12_site-packages["site-packages"]\n    node_venv_lib_python3_12_site-packages --> node_venv_lib_python3_12_site-packages_pip-25_0_1_dist-info["pip-25.0.1.dist-info"]\n    node_venv_lib_python3_12_site-packages_pip-25_0_1_dist-info --> node_venv_lib_python3_12_site-packages_pip-25_0_1_dist-info_INSTALLER["INSTALLER"]\n    Root --> node_venv["venv"]\n    node_venv --> node_venv_lib["lib"]\n    node_venv_lib --> node_venv_lib_python3_12["python3.12"]\n    node_venv_lib_python3_12 --> node_venv_lib_python3_12_site-packages["site-packages"]\n    node_venv_lib_python3_12_site-packages --> node_venv_lib_python3_12_site-packages_pip-25_0_1_dist-info["pip-25.0.1.dist-info"]\n    node_venv_lib_python3_12_site-packages_pip-25_0_1_dist-info --> node_venv_lib_python3_12_site-packages_pip-25_0_1_dist-info_METADATA["METADATA"]\n    Root --> node_venv["venv"]\n    node_venv --> node_venv_lib["lib"]\n    node_venv_lib --> node_venv_lib_python3_12["python3.12"]\n    node_venv_lib_python3_12 --> node_venv_lib_python3_12_site-packages["site-packages"]\n    node_venv_lib_python3_12_site-packages --> node_venv_lib_python3_12_site-packages_pip-25_0_1_dist-info["pip-25.0.1.dist-info"]\n    node_venv_lib_python3_12_site-packages_pip-25_0_1_dist-info --> node_venv_lib_python3_12_site-packages_pip-25_0_1_dist-info_RECORD["RECORD"]\n    Root --> node_venv["venv"]\n    node_venv --> node_venv_lib["lib"]\n    node_venv_lib --> node_venv_lib_python3_12["python3.12"]\n    node_venv_lib_python3_12 --> node_venv_lib_python3_12_site-packages["site-packages"]\n    node_venv_lib_python3_12_site-packages --> node_venv_lib_python3_12_site-packages_pip-25_0_1_dist-info["pip-25.0.1.dist-info"]\n    node_venv_lib_python3_12_site-packages_pip-25_0_1_dist-info --> node_venv_lib_python3_12_site-packages_pip-25_0_1_dist-info_REQUESTED["REQUESTED"]\n    Root --> node_venv["venv"]\n    node_venv --> node_venv_lib["lib"]\n    node_venv_lib --> node_venv_lib_python3_12["python3.12"]\n    node_venv_lib_python3_12 --> node_venv_lib_python3_12_site-packages["site-packages"]\n    node_venv_lib_python3_12_site-packages --> node_venv_lib_python3_12_site-packages_pip-25_0_1_dist-info["pip-25.0.1.dist-info"]\n    node_venv_lib_python3_12_site-packages_pip-25_0_1_dist-info --> node_venv_lib_python3_12_site-packages_pip-25_0_1_dist-info_WHEEL["WHEEL"]\n    Root --> node_venv["venv"]\n    node_venv --> node_venv_lib["lib"]\n    node_venv_lib --> node_venv_lib_python3_12["python3.12"]\n    node_venv_lib_python3_12 --> node_venv_lib_python3_12_site-packages["site-packages"]\n    node_venv_lib_python3_12_site-packages --> node_venv_lib_python3_12_site-packages_pip-25_0_1_dist-info["pip-25.0.1.dist-info"]\n    node_venv_lib_python3_12_site-packages_pip-25_0_1_dist-info --> node_venv_lib_python3_12_site-packages_pip-25_0_1_dist-info_entry_points_txt["entry_points.txt"]\n    Root --> node_venv["venv"]\n    node_venv --> node_venv_lib["lib"]\n    node_venv_lib --> node_venv_lib_python3_12["python3.12"]\n    node_venv_lib_python3_12 --> node_venv_lib_python3_12_site-packages["site-packages"]\n    node_venv_lib_python3_12_site-packages --> node_venv_lib_python3_12_site-packages_pip-25_0_1_dist-info["pip-25.0.1.dist-info"]\n    node_venv_lib_python3_12_site-packages_pip-25_0_1_dist-info --> node_venv_lib_python3_12_site-packages_pip-25_0_1_dist-info_top_level_txt["top_level.txt"]\n    Root --> node_venv["venv"]\n    node_venv --> node_venv_lib["lib"]\n    node_venv_lib --> node_venv_lib_python3_12["python3.12"]\n    node_venv_lib_python3_12 --> node_venv_lib_python3_12_site-packages["site-packages"]\n    node_venv_lib_python3_12_site-packages --> node_venv_lib_python3_12_site-packages_pip-25_0_1_dist-info["pip-25.0.1.dist-info"]\n    node_venv_lib_python3_12_site-packages_pip-25_0_1_dist-info --> node_venv_lib_python3_12_site-packages_pip-25_0_1_dist-info_licenses["licenses"]\n    node_venv_lib_python3_12_site-packages_pip-25_0_1_dist-info_licenses --> node_venv_lib_python3_12_site-packages_pip-25_0_1_dist-info_licenses_AUTHORS_txt["AUTHORS.txt"]\n    Root --> node_venv["venv"]\n    node_venv --> node_venv_lib["lib"]\n    node_venv_lib --> node_venv_lib_python3_12["python3.12"]\n    node_venv_lib_python3_12 --> node_venv_lib_python3_12_site-packages["site-packages"]\n    node_venv_lib_python3_12_site-packages --> node_venv_lib_python3_12_site-packages_pip-25_0_1_dist-info["pip-25.0.1.dist-info"]\n    node_venv_lib_python3_12_site-packages_pip-25_0_1_dist-info --> node_venv_lib_python3_12_site-packages_pip-25_0_1_dist-info_licenses["licenses"]\n    node_venv_lib_python3_12_site-packages_pip-25_0_1_dist-info_licenses --> node_venv_lib_python3_12_site-packages_pip-25_0_1_dist-info_licenses_LICENSE_txt["LICENSE.txt"]\n    Root --> node_venv["venv"]\n    node_venv --> node_venv_lib["lib"]\n    node_venv_lib --> node_venv_lib_python3_12["python3.12"]\n    node_venv_lib_python3_12 --> node_venv_lib_python3_12_site-packages["site-packages"]\n    node_venv_lib_python3_12_site-packages --> node_venv_lib_python3_12_site-packages_pip["pip"]\n    node_venv_lib_python3_12_site-packages_pip --> node_venv_lib_python3_12_site-packages_pip___init___py["__init__.py"]\n    Root --> node_venv["venv"]\n    node_venv --> node_venv_lib["lib"]\n    node_venv_lib --> node_venv_lib_python3_12["python3.12"]\n    node_venv_lib_python3_12 --> node_venv_lib_python3_12_site-packages["site-packages"]\n    node_venv_lib_python3_12_site-packages --> node_venv_lib_python3_12_site-packages_pip["pip"]\n    node_venv_lib_python3_12_site-packages_pip --> node_venv_lib_python3_12_site-packages_pip___main___py["__main__.py"]\n    Root --> node_venv["venv"]\n    node_venv --> node_venv_lib["lib"]\n    node_venv_lib --> node_venv_lib_python3_12["python3.12"]\n    node_venv_lib_python3_12 --> node_venv_lib_python3_12_site-packages["site-packages"]\n    node_venv_lib_python3_12_site-packages --> node_venv_lib_python3_12_site-packages_pip["pip"]\n    node_venv_lib_python3_12_site-packages_pip --> node_venv_lib_python3_12_site-packages_pip___pip-runner___py["__pip-runner__.py"]\n    Root --> node_venv["venv"]\n    node_venv --> node_venv_lib["lib"]\n    node_venv_lib --> node_venv_lib_python3_12["python3.12"]\n    node_venv_lib_python3_12 --> node_venv_lib_python3_12_site-packages["site-packages"]\n    node_venv_lib_python3_12_site-packages --> node_venv_lib_python3_12_site-packages_pip["pip"]\n    node_venv_lib_python3_12_site-packages_pip --> node_venv_lib_python3_12_site-packages_pip_py_typed["py.typed"]\n    Root --> node_venv["venv"]\n    node_venv --> node_venv_lib["lib"]\n    node_venv_lib --> node_venv_lib_python3_12["python3.12"]\n    node_venv_lib_python3_12 --> node_venv_lib_python3_12_site-packages["site-packages"]\n    node_venv_lib_python3_12_site-packages --> node_venv_lib_python3_12_site-packages_pip["pip"]\n    node_venv_lib_python3_12_site-packages_pip --> node_venv_lib_python3_12_site-packages_pip__internal["_internal"]\n    node_venv_lib_python3_12_site-packages_pip__internal --> node_venv_lib_python3_12_site-packages_pip__internal___init___py["__init__.py"]\n    Root --> node_venv["venv"]\n    node_venv --> node_venv_lib["lib"]\n    node_venv_lib --> node_venv_lib_python3_12["python3.12"]\n    node_venv_lib_python3_12 --> node_venv_lib_python3_12_site-packages["site-packages"]\n    node_venv_lib_python3_12_site-packages --> node_venv_lib_python3_12_site-packages_pip["pip"]\n    node_venv_lib_python3_12_site-packages_pip --> node_venv_lib_python3_12_site-packages_pip__internal["_internal"]\n    node_venv_lib_python3_12_site-packages_pip__internal --> node_venv_lib_python3_12_site-packages_pip__internal_build_env_py["build_env.py"]\n    Root --> node_venv["venv"]\n    node_venv --> node_venv_lib["lib"]\n    node_venv_lib --> node_venv_lib_python3_12["python3.12"]\n    node_venv_lib_python3_12 --> node_venv_lib_python3_12_site-packages["site-packages"]\n    node_venv_lib_python3_12_site-packages --> node_venv_lib_python3_12_site-packages_pip["pip"]\n    node_venv_lib_python3_12_site-packages_pip --> node_venv_lib_python3_12_site-packages_pip__internal["_internal"]\n    node_venv_lib_python3_12_site-packages_pip__internal --> node_venv_lib_python3_12_site-packages_pip__internal_cache_py["cache.py"]\n    Root --> node_venv["venv"]\n    node_venv --> node_venv_lib["lib"]\n    node_venv_lib --> node_venv_lib_python3_12["python3.12"]\n    node_venv_lib_python3_12 --> node_venv_lib_python3_12_site-packages["site-packages"]\n    node_venv_lib_python3_12_site-packages --> node_venv_lib_python3_12_site-packages_pip["pip"]\n    node_venv_lib_python3_12_site-packages_pip --> node_venv_lib_python3_12_site-packages_pip__internal["_internal"]\n    node_venv_lib_python3_12_site-packages_pip__internal --> node_venv_lib_python3_12_site-packages_pip__internal_configuration_py["configuration.py"]\n    Root --> node_venv["venv"]\n    node_venv --> node_venv_lib["lib"]\n    node_venv_lib --> node_venv_lib_python3_12["python3.12"]\n    node_venv_lib_python3_12 --> node_venv_lib_python3_12_site-packages["site-packages"]\n    node_venv_lib_python3_12_site-packages --> node_venv_lib_python3_12_site-packages_pip["pip"]\n    node_venv_lib_python3_12_site-packages_pip --> node_venv_lib_python3_12_site-packages_pip__internal["_internal"]\n    node_venv_lib_python3_12_site-packages_pip__internal --> node_venv_lib_python3_12_site-packages_pip__internal_exceptions_py["exceptions.py"]\n    Root --> node_venv["venv"]\n    node_venv --> node_venv_lib["lib"]\n    node_venv_lib --> node_venv_lib_python3_12["python3.12"]\n    node_venv_lib_python3_12 --> node_venv_lib_python3_12_site-packages["site-packages"]\n    node_venv_lib_python3_12_site-packages --> node_venv_lib_python3_12_site-packages_pip["pip"]\n    node_venv_lib_python3_12_site-packages_pip --> node_venv_lib_python3_12_site-packages_pip__internal["_internal"]\n    node_venv_lib_python3_12_site-packages_pip__internal --> node_venv_lib_python3_12_site-packages_pip__internal_main_py["main.py"]\n    Root --> node_venv["venv"]\n    node_venv --> node_venv_lib["lib"]\n    node_venv_lib --> node_venv_lib_python3_12["python3.12"]\n    node_venv_lib_python3_12 --> node_venv_lib_python3_12_site-packages["site-packages"]\n    node_venv_lib_python3_12_site-packages --> node_venv_lib_python3_12_site-packages_pip["pip"]\n    node_venv_lib_python3_12_site-packages_pip --> node_venv_lib_python3_12_site-packages_pip__internal["_internal"]\n    node_venv_lib_python3_12_site-packages_pip__internal --> node_venv_lib_python3_12_site-packages_pip__internal_pyproject_py["pyproject.py"]\n    Root --> node_venv["venv"]\n    node_venv --> node_venv_lib["lib"]\n    node_venv_lib --> node_venv_lib_python3_12["python3.12"]\n    node_venv_lib_python3_12 --> node_venv_lib_python3_12_site-packages["site-packages"]\n    node_venv_lib_python3_12_site-packages --> node_venv_lib_python3_12_site-packages_pip["pip"]\n    node_venv_lib_python3_12_site-packages_pip --> node_venv_lib_python3_12_site-packages_pip__internal["_internal"]\n    node_venv_lib_python3_12_site-packages_pip__internal --> node_venv_lib_python3_12_site-packages_pip__internal_self_outdated_check_py["self_outdated_check.py"]\n    Root --> node_venv["venv"]\n    node_venv --> node_venv_lib["lib"]\n    node_venv_lib --> node_venv_lib_python3_12["python3.12"]\n    node_venv_lib_python3_12 --> node_venv_lib_python3_12_site-packages["site-packages"]\n    node_venv_lib_python3_12_site-packages --> node_venv_lib_python3_12_site-packages_pip["pip"]\n    node_venv_lib_python3_12_site-packages_pip --> node_venv_lib_python3_12_site-packages_pip__internal["_internal"]\n    node_venv_lib_python3_12_site-packages_pip__internal --> node_venv_lib_python3_12_site-packages_pip__internal_wheel_builder_py["wheel_builder.py"]\n    Root --> node_venv["venv"]\n    node_venv --> node_venv_lib["lib"]\n    node_venv_lib --> node_venv_lib_python3_12["python3.12"]\n    node_venv_lib_python3_12 --> node_venv_lib_python3_12_site-packages["site-packages"]\n    node_venv_lib_python3_12_site-packages --> node_venv_lib_python3_12_site-packages_pip["pip"]\n    node_venv_lib_python3_12_site-packages_pip --> node_venv_lib_python3_12_site-packages_pip__internal["_internal"]\n    node_venv_lib_python3_12_site-packages_pip__internal --> node_venv_lib_python3_12_site-packages_pip__internal_network["network"]\n    node_venv_lib_python3_12_site-packages_pip__internal_network --> node_venv_lib_python3_12_site-packages_pip__internal_network___init___py["__init__.py"]\n    Root --> node_venv["venv"]\n    node_venv --> node_venv_lib["lib"]\n    node_venv_lib --> node_venv_lib_python3_12["python3.12"]\n    node_venv_lib_python3_12 --> node_venv_lib_python3_12_site-packages["site-packages"]\n    node_venv_lib_python3_12_site-packages --> node_venv_lib_python3_12_site-packages_pip["pip"]\n    node_venv_lib_python3_12_site-packages_pip --> node_venv_lib_python3_12_site-packages_pip__internal["_internal"]\n    node_venv_lib_python3_12_site-packages_pip__internal --> node_venv_lib_python3_12_site-packages_pip__internal_network["network"]\n    node_venv_lib_python3_12_site-packages_pip__internal_network --> node_venv_lib_python3_12_site-packages_pip__internal_network_auth_py["auth.py"]\n    Root --> node_venv["venv"]\n    node_venv --> node_venv_lib["lib"]\n    node_venv_lib --> node_venv_lib_python3_12["python3.12"]\n    node_venv_lib_python3_12 --> node_venv_lib_python3_12_site-packages["site-packages"]\n    node_venv_lib_python3_12_site-packages --> node_venv_lib_python3_12_site-packages_pip["pip"]\n    node_venv_lib_python3_12_site-packages_pip --> node_venv_lib_python3_12_site-packages_pip__internal["_internal"]\n    node_venv_lib_python3_12_site-packages_pip__internal --> node_venv_lib_python3_12_site-packages_pip__internal_network["network"]\n    node_venv_lib_python3_12_site-packages_pip__internal_network --> node_venv_lib_python3_12_site-packages_pip__internal_network_cache_py["cache.py"]\n    Root --> node_venv["venv"]\n    node_venv --> node_venv_lib["lib"]\n    node_venv_lib --> node_venv_lib_python3_12["python3.12"]\n    node_venv_lib_python3_12 --> node_venv_lib_python3_12_site-packages["site-packages"]\n    node_venv_lib_python3_12_site-packages --> node_venv_lib_python3_12_site-packages_pip["pip"]\n    node_venv_lib_python3_12_site-packages_pip --> node_venv_lib_python3_12_site-packages_pip__internal["_internal"]\n    node_venv_lib_python3_12_site-packages_pip__internal --> node_venv_lib_python3_12_site-packages_pip__internal_network["network"]\n    node_venv_lib_python3_12_site-packages_pip__internal_network --> node_venv_lib_python3_12_site-packages_pip__internal_network_download_py["download.py"]\n    Root --> node_venv["venv"]\n    node_venv --> node_venv_lib["lib"]\n    node_venv_lib --> node_venv_lib_python3_12["python3.12"]\n    node_venv_lib_python3_12 --> node_venv_lib_python3_12_site-packages["site-packages"]\n    node_venv_lib_python3_12_site-packages --> node_venv_lib_python3_12_site-packages_pip["pip"]\n    node_venv_lib_python3_12_site-packages_pip --> node_venv_lib_python3_12_site-packages_pip__internal["_internal"]\n    node_venv_lib_python3_12_site-packages_pip__internal --> node_venv_lib_python3_12_site-packages_pip__internal_network["network"]\n    node_venv_lib_python3_12_site-packages_pip__internal_network --> node_venv_lib_python3_12_site-packages_pip__internal_network_lazy_wheel_py["lazy_wheel.py"]\n    Root --> node_venv["venv"]\n    node_venv --> node_venv_lib["lib"]\n    node_venv_lib --> node_venv_lib_python3_12["python3.12"]\n    node_venv_lib_python3_12 --> node_venv_lib_python3_12_site-packages["site-packages"]\n    node_venv_lib_python3_12_site-packages --> node_venv_lib_python3_12_site-packages_pip["pip"]\n    node_venv_lib_python3_12_site-packages_pip --> node_venv_lib_python3_12_site-packages_pip__internal["_internal"]\n    node_venv_lib_python3_12_site-packages_pip__internal --> node_venv_lib_python3_12_site-packages_pip__internal_network["network"]\n    node_venv_lib_python3_12_site-packages_pip__internal_network --> node_venv_lib_python3_12_site-packages_pip__internal_network_session_py["session.py"]\n    Root --> node_venv["venv"]\n    node_venv --> node_venv_lib["lib"]\n    node_venv_lib --> node_venv_lib_python3_12["python3.12"]\n    node_venv_lib_python3_12 --> node_venv_lib_python3_12_site-packages["site-packages"]\n    node_venv_lib_python3_12_site-packages --> node_venv_lib_python3_12_site-packages_pip["pip"]\n    node_venv_lib_python3_12_site-packages_pip --> node_venv_lib_python3_12_site-packages_pip__internal["_internal"]\n    node_venv_lib_python3_12_site-packages_pip__internal --> node_venv_lib_python3_12_site-packages_pip__internal_network["network"]\n    node_venv_lib_python3_12_site-packages_pip__internal_network --> node_venv_lib_python3_12_site-packages_pip__internal_network_utils_py["utils.py"]\n    Root --> node_venv["venv"]\n    node_venv --> node_venv_lib["lib"]\n    node_venv_lib --> node_venv_lib_python3_12["python3.12"]\n    node_venv_lib_python3_12 --> node_venv_lib_python3_12_site-packages["site-packages"]\n    node_venv_lib_python3_12_site-packages --> node_venv_lib_python3_12_site-packages_pip["pip"]\n    node_venv_lib_python3_12_site-packages_pip --> node_venv_lib_python3_12_site-packages_pip__internal["_internal"]\n    node_venv_lib_python3_12_site-packages_pip__internal --> node_venv_lib_python3_12_site-packages_pip__internal_network["network"]\n    node_venv_lib_python3_12_site-packages_pip__internal_network --> node_venv_lib_python3_12_site-packages_pip__internal_network_xmlrpc_py["xmlrpc.py"]\n    Root --> node_venv["venv"]\n    node_venv --> node_venv_lib["lib"]\n    node_venv_lib --> node_venv_lib_python3_12["python3.12"]\n    node_venv_lib_python3_12 --> node_venv_lib_python3_12_site-packages["site-packages"]\n    node_venv_lib_python3_12_site-packages --> node_venv_lib_python3_12_site-packages_pip["pip"]\n    node_venv_lib_python3_12_site-packages_pip --> node_venv_lib_python3_12_site-packages_pip__internal["_internal"]\n    node_venv_lib_python3_12_site-packages_pip__internal --> node_venv_lib_python3_12_site-packages_pip__internal_utils["utils"]\n    node_venv_lib_python3_12_site-packages_pip__internal_utils --> node_venv_lib_python3_12_site-packages_pip__internal_utils___init___py["__init__.py"]\n    Root --> node_venv["venv"]\n    node_venv --> node_venv_lib["lib"]\n    node_venv_lib --> node_venv_lib_python3_12["python3.12"]\n    node_venv_lib_python3_12 --> node_venv_lib_python3_12_site-packages["site-packages"]\n    node_venv_lib_python3_12_site-packages --> node_venv_lib_python3_12_site-packages_pip["pip"]\n    node_venv_lib_python3_12_site-packages_pip --> node_venv_lib_python3_12_site-packages_pip__internal["_internal"]\n    node_venv_lib_python3_12_site-packages_pip__internal --> node_venv_lib_python3_12_site-packages_pip__internal_utils["utils"]\n    node_venv_lib_python3_12_site-packages_pip__internal_utils --> node_venv_lib_python3_12_site-packages_pip__internal_utils__jaraco_text_py["_jaraco_text.py"]\n    Root --> node_venv["venv"]\n    node_venv --> node_venv_lib["lib"]\n    node_venv_lib --> node_venv_lib_python3_12["python3.12"]\n    node_venv_lib_python3_12 --> node_venv_lib_python3_12_site-packages["site-packages"]\n    node_venv_lib_python3_12_site-packages --> node_venv_lib_python3_12_site-packages_pip["pip"]\n    node_venv_lib_python3_12_site-packages_pip --> node_venv_lib_python3_12_site-packages_pip__internal["_internal"]\n    node_venv_lib_python3_12_site-packages_pip__internal --> node_venv_lib_python3_12_site-packages_pip__internal_utils["utils"]\n    node_venv_lib_python3_12_site-packages_pip__internal_utils --> node_venv_lib_python3_12_site-packages_pip__internal_utils__log_py["_log.py"]\n    Root --> node_venv["venv"]\n    node_venv --> node_venv_lib["lib"]\n    node_venv_lib --> node_venv_lib_python3_12["python3.12"]\n    node_venv_lib_python3_12 --> node_venv_lib_python3_12_site-packages["site-packages"]\n    node_venv_lib_python3_12_site-packages --> node_venv_lib_python3_12_site-packages_pip["pip"]\n    node_venv_lib_python3_12_site-packages_pip --> node_venv_lib_python3_12_site-packages_pip__internal["_internal"]\n    node_venv_lib_python3_12_site-packages_pip__internal --> node_venv_lib_python3_12_site-packages_pip__internal_utils["utils"]\n    node_venv_lib_python3_12_site-packages_pip__internal_utils --> node_venv_lib_python3_12_site-packages_pip__internal_utils_appdirs_py["appdirs.py"]\n    Root --> node_venv["venv"]\n    node_venv --> node_venv_lib["lib"]\n    node_venv_lib --> node_venv_lib_python3_12["python3.12"]\n    node_venv_lib_python3_12 --> node_venv_lib_python3_12_site-packages["site-packages"]\n    node_venv_lib_python3_12_site-packages --> node_venv_lib_python3_12_site-packages_pip["pip"]\n    node_venv_lib_python3_12_site-packages_pip --> node_venv_lib_python3_12_site-packages_pip__internal["_internal"]\n    node_venv_lib_python3_12_site-packages_pip__internal --> node_venv_lib_python3_12_site-packages_pip__internal_utils["utils"]\n    node_venv_lib_python3_12_site-packages_pip__internal_utils --> node_venv_lib_python3_12_site-packages_pip__internal_utils_compat_py["compat.py"]\n    Root --> node_venv["venv"]\n    node_venv --> node_venv_lib["lib"]\n    node_venv_lib --> node_venv_lib_python3_12["python3.12"]\n    node_venv_lib_python3_12 --> node_venv_lib_python3_12_site-packages["site-packages"]\n    node_venv_lib_python3_12_site-packages --> node_venv_lib_python3_12_site-packages_pip["pip"]\n    node_venv_lib_python3_12_site-packages_pip --> node_venv_lib_python3_12_site-packages_pip__internal["_internal"]\n    node_venv_lib_python3_12_site-packages_pip__internal --> node_venv_lib_python3_12_site-packages_pip__internal_utils["utils"]\n    node_venv_lib_python3_12_site-packages_pip__internal_utils --> node_venv_lib_python3_12_site-packages_pip__internal_utils_compatibility_tags_py["compatibility_tags.py"]\n    Root --> node_venv["venv"]\n    node_venv --> node_venv_lib["lib"]\n    node_venv_lib --> node_venv_lib_python3_12["python3.12"]\n    node_venv_lib_python3_12 --> node_venv_lib_python3_12_site-packages["site-packages"]\n    node_venv_lib_python3_12_site-packages --> node_venv_lib_python3_12_site-packages_pip["pip"]\n    node_venv_lib_python3_12_site-packages_pip --> node_venv_lib_python3_12_site-packages_pip__internal["_internal"]\n    node_venv_lib_python3_12_site-packages_pip__internal --> node_venv_lib_python3_12_site-packages_pip__internal_utils["utils"]\n    node_venv_lib_python3_12_site-packages_pip__internal_utils --> node_venv_lib_python3_12_site-packages_pip__internal_utils_datetime_py["datetime.py"]\n    Root --> node_venv["venv"]\n    node_venv --> node_venv_lib["lib"]\n    node_venv_lib --> node_venv_lib_python3_12["python3.12"]\n    node_venv_lib_python3_12 --> node_venv_lib_python3_12_site-packages["site-packages"]\n    node_venv_lib_python3_12_site-packages --> node_venv_lib_python3_12_site-packages_pip["pip"]\n    node_venv_lib_python3_12_site-packages_pip --> node_venv_lib_python3_12_site-packages_pip__internal["_internal"]\n    node_venv_lib_python3_12_site-packages_pip__internal --> node_venv_lib_python3_12_site-packages_pip__internal_utils["utils"]\n    node_venv_lib_python3_12_site-packages_pip__internal_utils --> node_venv_lib_python3_12_site-packages_pip__internal_utils_deprecation_py["deprecation.py"]\n    Root --> node_venv["venv"]\n    node_venv --> node_venv_lib["lib"]\n    node_venv_lib --> node_venv_lib_python3_12["python3.12"]\n    node_venv_lib_python3_12 --> node_venv_lib_python3_12_site-packages["site-packages"]\n    node_venv_lib_python3_12_site-packages --> node_venv_lib_python3_12_site-packages_pip["pip"]\n    node_venv_lib_python3_12_site-packages_pip --> node_venv_lib_python3_12_site-packages_pip__internal["_internal"]\n    node_venv_lib_python3_12_site-packages_pip__internal --> node_venv_lib_python3_12_site-packages_pip__internal_utils["utils"]\n    node_venv_lib_python3_12_site-packages_pip__internal_utils --> node_venv_lib_python3_12_site-packages_pip__internal_utils_direct_url_helpers_py["direct_url_helpers.py"]\n    Root --> node_venv["venv"]\n    node_venv --> node_venv_lib["lib"]\n    node_venv_lib --> node_venv_lib_python3_12["python3.12"]\n    node_venv_lib_python3_12 --> node_venv_lib_python3_12_site-packages["site-packages"]\n    node_venv_lib_python3_12_site-packages --> node_venv_lib_python3_12_site-packages_pip["pip"]\n    node_venv_lib_python3_12_site-packages_pip --> node_venv_lib_python3_12_site-packages_pip__internal["_internal"]\n    node_venv_lib_python3_12_site-packages_pip__internal --> node_venv_lib_python3_12_site-packages_pip__internal_utils["utils"]\n    node_venv_lib_python3_12_site-packages_pip__internal_utils --> node_venv_lib_python3_12_site-packages_pip__internal_utils_egg_link_py["egg_link.py"]\n    Root --> node_venv["venv"]\n    node_venv --> node_venv_lib["lib"]\n    node_venv_lib --> node_venv_lib_python3_12["python3.12"]\n    node_venv_lib_python3_12 --> node_venv_lib_python3_12_site-packages["site-packages"]\n    node_venv_lib_python3_12_site-packages --> node_venv_lib_python3_12_site-packages_pip["pip"]\n    node_venv_lib_python3_12_site-packages_pip --> node_venv_lib_python3_12_site-packages_pip__internal["_internal"]\n    node_venv_lib_python3_12_site-packages_pip__internal --> node_venv_lib_python3_12_site-packages_pip__internal_utils["utils"]\n    node_venv_lib_python3_12_site-packages_pip__internal_utils --> node_venv_lib_python3_12_site-packages_pip__internal_utils_entrypoints_py["entrypoints.py"]\n    Root --> node_venv["venv"]\n    node_venv --> node_venv_lib["lib"]\n    node_venv_lib --> node_venv_lib_python3_12["python3.12"]\n    node_venv_lib_python3_12 --> node_venv_lib_python3_12_site-packages["site-packages"]\n    node_venv_lib_python3_12_site-packages --> node_venv_lib_python3_12_site-packages_pip["pip"]\n    node_venv_lib_python3_12_site-packages_pip --> node_venv_lib_python3_12_site-packages_pip__internal["_internal"]\n    node_venv_lib_python3_12_site-packages_pip__internal --> node_venv_lib_python3_12_site-packages_pip__internal_utils["utils"]\n    node_venv_lib_python3_12_site-packages_pip__internal_utils --> node_venv_lib_python3_12_site-packages_pip__internal_utils_filesystem_py["filesystem.py"]\n    Root --> node_venv["venv"]\n    node_venv --> node_venv_lib["lib"]\n    node_venv_lib --> node_venv_lib_python3_12["python3.12"]\n    node_venv_lib_python3_12 --> node_venv_lib_python3_12_site-packages["site-packages"]\n    node_venv_lib_python3_12_site-packages --> node_venv_lib_python3_12_site-packages_pip["pip"]\n    node_venv_lib_python3_12_site-packages_pip --> node_venv_lib_python3_12_site-packages_pip__internal["_internal"]\n    node_venv_lib_python3_12_site-packages_pip__internal --> node_venv_lib_python3_12_site-packages_pip__internal_utils["utils"]\n    node_venv_lib_python3_12_site-packages_pip__internal_utils --> node_venv_lib_python3_12_site-packages_pip__internal_utils_filetypes_py["filetypes.py"]\n    Root --> node_venv["venv"]\n    node_venv --> node_venv_lib["lib"]\n    node_venv_lib --> node_venv_lib_python3_12["python3.12"]\n    node_venv_lib_python3_12 --> node_venv_lib_python3_12_site-packages["site-packages"]\n    node_venv_lib_python3_12_site-packages --> node_venv_lib_python3_12_site-packages_pip["pip"]\n    node_venv_lib_python3_12_site-packages_pip --> node_venv_lib_python3_12_site-packages_pip__internal["_internal"]\n    node_venv_lib_python3_12_site-packages_pip__internal --> node_venv_lib_python3_12_site-packages_pip__internal_utils["utils"]\n    node_venv_lib_python3_12_site-packages_pip__internal_utils --> node_venv_lib_python3_12_site-packages_pip__internal_utils_glibc_py["glibc.py"]\n    Root --> node_venv["venv"]\n    node_venv --> node_venv_lib["lib"]\n    node_venv_lib --> node_venv_lib_python3_12["python3.12"]\n    node_venv_lib_python3_12 --> node_venv_lib_python3_12_site-packages["site-packages"]\n    node_venv_lib_python3_12_site-packages --> node_venv_lib_python3_12_site-packages_pip["pip"]\n    node_venv_lib_python3_12_site-packages_pip --> node_venv_lib_python3_12_site-packages_pip__internal["_internal"]\n    node_venv_lib_python3_12_site-packages_pip__internal --> node_venv_lib_python3_12_site-packages_pip__internal_utils["utils"]\n    node_venv_lib_python3_12_site-packages_pip__internal_utils --> node_venv_lib_python3_12_site-packages_pip__internal_utils_hashes_py["hashes.py"]\n    Root --> node_venv["venv"]\n    node_venv --> node_venv_lib["lib"]\n    node_venv_lib --> node_venv_lib_python3_12["python3.12"]\n    node_venv_lib_python3_12 --> node_venv_lib_python3_12_site-packages["site-packages"]\n    node_venv_lib_python3_12_site-packages --> node_venv_lib_python3_12_site-packages_pip["pip"]\n    node_venv_lib_python3_12_site-packages_pip --> node_venv_lib_python3_12_site-packages_pip__internal["_internal"]\n    node_venv_lib_python3_12_site-packages_pip__internal --> node_venv_lib_python3_12_site-packages_pip__internal_utils["utils"]\n    node_venv_lib_python3_12_site-packages_pip__internal_utils --> node_venv_lib_python3_12_site-packages_pip__internal_utils_logging_py["logging.py"]\n    Root --> node_venv["venv"]\n    node_venv --> node_venv_lib["lib"]\n    node_venv_lib --> node_venv_lib_python3_12["python3.12"]\n    node_venv_lib_python3_12 --> node_venv_lib_python3_12_site-packages["site-packages"]\n    node_venv_lib_python3_12_site-packages --> node_venv_lib_python3_12_site-packages_pip["pip"]\n    node_venv_lib_python3_12_site-packages_pip --> node_venv_lib_python3_12_site-packages_pip__internal["_internal"]\n    node_venv_lib_python3_12_site-packages_pip__internal --> node_venv_lib_python3_12_site-packages_pip__internal_utils["utils"]\n    node_venv_lib_python3_12_site-packages_pip__internal_utils --> node_venv_lib_python3_12_site-packages_pip__internal_utils_misc_py["misc.py"]\n    Root --> node_venv["venv"]\n    node_venv --> node_venv_lib["lib"]\n    node_venv_lib --> node_venv_lib_python3_12["python3.12"]\n    node_venv_lib_python3_12 --> node_venv_lib_python3_12_site-packages["site-packages"]\n    node_venv_lib_python3_12_site-packages --> node_venv_lib_python3_12_site-packages_pip["pip"]\n    node_venv_lib_python3_12_site-packages_pip --> node_venv_lib_python3_12_site-packages_pip__internal["_internal"]\n    node_venv_lib_python3_12_site-packages_pip__internal --> node_venv_lib_python3_12_site-packages_pip__internal_utils["utils"]\n    node_venv_lib_python3_12_site-packages_pip__internal_utils --> node_venv_lib_python3_12_site-packages_pip__internal_utils_packaging_py["packaging.py"]\n    Root --> node_venv["venv"]\n    node_venv --> node_venv_lib["lib"]\n    node_venv_lib --> node_venv_lib_python3_12["python3.12"]\n    node_venv_lib_python3_12 --> node_venv_lib_python3_12_site-packages["site-packages"]\n    node_venv_lib_python3_12_site-packages --> node_venv_lib_python3_12_site-packages_pip["pip"]\n    node_venv_lib_python3_12_site-packages_pip --> node_venv_lib_python3_12_site-packages_pip__internal["_internal"]\n    node_venv_lib_python3_12_site-packages_pip__internal --> node_venv_lib_python3_12_site-packages_pip__internal_utils["utils"]\n    node_venv_lib_python3_12_site-packages_pip__internal_utils --> node_venv_lib_python3_12_site-packages_pip__internal_utils_retry_py["retry.py"]\n    Root --> node_venv["venv"]\n    node_venv --> node_venv_lib["lib"]\n    node_venv_lib --> node_venv_lib_python3_12["python3.12"]\n    node_venv_lib_python3_12 --> node_venv_lib_python3_12_site-packages["site-packages"]\n    node_venv_lib_python3_12_site-packages --> node_venv_lib_python3_12_site-packages_pip["pip"]\n    node_venv_lib_python3_12_site-packages_pip --> node_venv_lib_python3_12_site-packages_pip__internal["_internal"]\n    node_venv_lib_python3_12_site-packages_pip__internal --> node_venv_lib_python3_12_site-packages_pip__internal_utils["utils"]\n    node_venv_lib_python3_12_site-packages_pip__internal_utils --> node_venv_lib_python3_12_site-packages_pip__internal_utils_setuptools_build_py["setuptools_build.py"]\n    Root --> node_venv["venv"]\n    node_venv --> node_venv_lib["lib"]\n    node_venv_lib --> node_venv_lib_python3_12["python3.12"]\n    node_venv_lib_python3_12 --> node_venv_lib_python3_12_site-packages["site-packages"]\n    node_venv_lib_python3_12_site-packages --> node_venv_lib_python3_12_site-packages_pip["pip"]\n    node_venv_lib_python3_12_site-packages_pip --> node_venv_lib_python3_12_site-packages_pip__internal["_internal"]\n    node_venv_lib_python3_12_site-packages_pip__internal --> node_venv_lib_python3_12_site-packages_pip__internal_utils["utils"]\n    node_venv_lib_python3_12_site-packages_pip__internal_utils --> node_venv_lib_python3_12_site-packages_pip__internal_utils_subprocess_py["subprocess.py"]\n    Root --> node_venv["venv"]\n    node_venv --> node_venv_lib["lib"]\n    node_venv_lib --> node_venv_lib_python3_12["python3.12"]\n    node_venv_lib_python3_12 --> node_venv_lib_python3_12_site-packages["site-packages"]\n    node_venv_lib_python3_12_site-packages --> node_venv_lib_python3_12_site-packages_pip["pip"]\n    node_venv_lib_python3_12_site-packages_pip --> node_venv_lib_python3_12_site-packages_pip__internal["_internal"]\n    node_venv_lib_python3_12_site-packages_pip__internal --> node_venv_lib_python3_12_site-packages_pip__internal_utils["utils"]\n    node_venv_lib_python3_12_site-packages_pip__internal_utils --> node_venv_lib_python3_12_site-packages_pip__internal_utils_temp_dir_py["temp_dir.py"]\n    Root --> node_venv["venv"]\n    node_venv --> node_venv_lib["lib"]\n    node_venv_lib --> node_venv_lib_python3_12["python3.12"]\n    node_venv_lib_python3_12 --> node_venv_lib_python3_12_site-packages["site-packages"]\n    node_venv_lib_python3_12_site-packages --> node_venv_lib_python3_12_site-packages_pip["pip"]\n    node_venv_lib_python3_12_site-packages_pip --> node_venv_lib_python3_12_site-packages_pip__internal["_internal"]\n    node_venv_lib_python3_12_site-packages_pip__internal --> node_venv_lib_python3_12_site-packages_pip__internal_utils["utils"]\n    node_venv_lib_python3_12_site-packages_pip__internal_utils --> node_venv_lib_python3_12_site-packages_pip__internal_utils_unpacking_py["unpacking.py"]\n    Root --> node_venv["venv"]\n    node_venv --> node_venv_lib["lib"]\n    node_venv_lib --> node_venv_lib_python3_12["python3.12"]\n    node_venv_lib_python3_12 --> node_venv_lib_python3_12_site-packages["site-packages"]\n    node_venv_lib_python3_12_site-packages --> node_venv_lib_python3_12_site-packages_pip["pip"]\n    node_venv_lib_python3_12_site-packages_pip --> node_venv_lib_python3_12_site-packages_pip__internal["_internal"]\n    node_venv_lib_python3_12_site-packages_pip__internal --> node_venv_lib_python3_12_site-packages_pip__internal_utils["utils"]\n    node_venv_lib_python3_12_site-packages_pip__internal_utils --> node_venv_lib_python3_12_site-packages_pip__internal_utils_urls_py["urls.py"]\n    Root --> node_venv["venv"]\n    node_venv --> node_venv_lib["lib"]\n    node_venv_lib --> node_venv_lib_python3_12["python3.12"]\n    node_venv_lib_python3_12 --> node_venv_lib_python3_12_site-packages["site-packages"]\n    node_venv_lib_python3_12_site-packages --> node_venv_lib_python3_12_site-packages_pip["pip"]\n    node_venv_lib_python3_12_site-packages_pip --> node_venv_lib_python3_12_site-packages_pip__internal["_internal"]\n    node_venv_lib_python3_12_site-packages_pip__internal --> node_venv_lib_python3_12_site-packages_pip__internal_utils["utils"]\n    node_venv_lib_python3_12_site-packages_pip__internal_utils --> node_venv_lib_python3_12_site-packages_pip__internal_utils_virtualenv_py["virtualenv.py"]\n    Root --> node_venv["venv"]\n    node_venv --> node_venv_lib["lib"]\n    node_venv_lib --> node_venv_lib_python3_12["python3.12"]\n    node_venv_lib_python3_12 --> node_venv_lib_python3_12_site-packages["site-packages"]\n    node_venv_lib_python3_12_site-packages --> node_venv_lib_python3_12_site-packages_pip["pip"]\n    node_venv_lib_python3_12_site-packages_pip --> node_venv_lib_python3_12_site-packages_pip__internal["_internal"]\n    node_venv_lib_python3_12_site-packages_pip__internal --> node_venv_lib_python3_12_site-packages_pip__internal_utils["utils"]\n    node_venv_lib_python3_12_site-packages_pip__internal_utils --> node_venv_lib_python3_12_site-packages_pip__internal_utils_wheel_py["wheel.py"]\n    Root --> node_venv["venv"]\n    node_venv --> node_venv_lib["lib"]\n    node_venv_lib --> node_venv_lib_python3_12["python3.12"]\n    node_venv_lib_python3_12 --> node_venv_lib_python3_12_site-packages["site-packages"]\n    node_venv_lib_python3_12_site-packages --> node_venv_lib_python3_12_site-packages_pip["pip"]\n    node_venv_lib_python3_12_site-packages_pip --> node_venv_lib_python3_12_site-packages_pip__internal["_internal"]\n    node_venv_lib_python3_12_site-packages_pip__internal --> node_venv_lib_python3_12_site-packages_pip__internal_models["models"]\n    node_venv_lib_python3_12_site-packages_pip__internal_models --> node_venv_lib_python3_12_site-packages_pip__internal_models___init___py["__init__.py"]\n    Root --> node_venv["venv"]\n    node_venv --> node_venv_lib["lib"]\n    node_venv_lib --> node_venv_lib_python3_12["python3.12"]\n    node_venv_lib_python3_12 --> node_venv_lib_python3_12_site-packages["site-packages"]\n    node_venv_lib_python3_12_site-packages --> node_venv_lib_python3_12_site-packages_pip["pip"]\n    node_venv_lib_python3_12_site-packages_pip --> node_venv_lib_python3_12_site-packages_pip__internal["_internal"]\n    node_venv_lib_python3_12_site-packages_pip__internal --> node_venv_lib_python3_12_site-packages_pip__internal_models["models"]\n    node_venv_lib_python3_12_site-packages_pip__internal_models --> node_venv_lib_python3_12_site-packages_pip__internal_models_candidate_py["candidate.py"]\n    Root --> node_venv["venv"]\n    node_venv --> node_venv_lib["lib"]\n    node_venv_lib --> node_venv_lib_python3_12["python3.12"]\n    node_venv_lib_python3_12 --> node_venv_lib_python3_12_site-packages["site-packages"]\n    node_venv_lib_python3_12_site-packages --> node_venv_lib_python3_12_site-packages_pip["pip"]\n    node_venv_lib_python3_12_site-packages_pip --> node_venv_lib_python3_12_site-packages_pip__internal["_internal"]\n    node_venv_lib_python3_12_site-packages_pip__internal --> node_venv_lib_python3_12_site-packages_pip__internal_models["models"]\n    node_venv_lib_python3_12_site-packages_pip__internal_models --> node_venv_lib_python3_12_site-packages_pip__internal_models_direct_url_py["direct_url.py"]\n    Root --> node_venv["venv"]\n    node_venv --> node_venv_lib["lib"]\n    node_venv_lib --> node_venv_lib_python3_12["python3.12"]\n    node_venv_lib_python3_12 --> node_venv_lib_python3_12_site-packages["site-packages"]\n    node_venv_lib_python3_12_site-packages --> node_venv_lib_python3_12_site-packages_pip["pip"]\n    node_venv_lib_python3_12_site-packages_pip --> node_venv_lib_python3_12_site-packages_pip__internal["_internal"]\n    node_venv_lib_python3_12_site-packages_pip__internal --> node_venv_lib_python3_12_site-packages_pip__internal_models["models"]\n    node_venv_lib_python3_12_site-packages_pip__internal_models --> node_venv_lib_python3_12_site-packages_pip__internal_models_format_control_py["format_control.py"]\n    Root --> node_venv["venv"]\n    node_venv --> node_venv_lib["lib"]\n    node_venv_lib --> node_venv_lib_python3_12["python3.12"]\n    node_venv_lib_python3_12 --> node_venv_lib_python3_12_site-packages["site-packages"]\n    node_venv_lib_python3_12_site-packages --> node_venv_lib_python3_12_site-packages_pip["pip"]\n    node_venv_lib_python3_12_site-packages_pip --> node_venv_lib_python3_12_site-packages_pip__internal["_internal"]\n    node_venv_lib_python3_12_site-packages_pip__internal --> node_venv_lib_python3_12_site-packages_pip__internal_models["models"]\n    node_venv_lib_python3_12_site-packages_pip__internal_models --> node_venv_lib_python3_12_site-packages_pip__internal_models_index_py["index.py"]\n    Root --> node_venv["venv"]\n    node_venv --> node_venv_lib["lib"]\n    node_venv_lib --> node_venv_lib_python3_12["python3.12"]\n    node_venv_lib_python3_12 --> node_venv_lib_python3_12_site-packages["site-packages"]\n    node_venv_lib_python3_12_site-packages --> node_venv_lib_python3_12_site-packages_pip["pip"]\n    node_venv_lib_python3_12_site-packages_pip --> node_venv_lib_python3_12_site-packages_pip__internal["_internal"]\n    node_venv_lib_python3_12_site-packages_pip__internal --> node_venv_lib_python3_12_site-packages_pip__internal_models["models"]\n    node_venv_lib_python3_12_site-packages_pip__internal_models --> node_venv_lib_python3_12_site-packages_pip__internal_models_installation_report_py["installation_report.py"]\n    Root --> node_venv["venv"]\n    node_venv --> node_venv_lib["lib"]\n    node_venv_lib --> node_venv_lib_python3_12["python3.12"]\n    node_venv_lib_python3_12 --> node_venv_lib_python3_12_site-packages["site-packages"]\n    node_venv_lib_python3_12_site-packages --> node_venv_lib_python3_12_site-packages_pip["pip"]\n    node_venv_lib_python3_12_site-packages_pip --> node_venv_lib_python3_12_site-packages_pip__internal["_internal"]\n    node_venv_lib_python3_12_site-packages_pip__internal --> node_venv_lib_python3_12_site-packages_pip__internal_models["models"]\n    node_venv_lib_python3_12_site-packages_pip__internal_models --> node_venv_lib_python3_12_site-packages_pip__internal_models_link_py["link.py"]\n    Root --> node_venv["venv"]\n    node_venv --> node_venv_lib["lib"]\n    node_venv_lib --> node_venv_lib_python3_12["python3.12"]\n    node_venv_lib_python3_12 --> node_venv_lib_python3_12_site-packages["site-packages"]\n    node_venv_lib_python3_12_site-packages --> node_venv_lib_python3_12_site-packages_pip["pip"]\n    node_venv_lib_python3_12_site-packages_pip --> node_venv_lib_python3_12_site-packages_pip__internal["_internal"]\n    node_venv_lib_python3_12_site-packages_pip__internal --> node_venv_lib_python3_12_site-packages_pip__internal_models["models"]\n    node_venv_lib_python3_12_site-packages_pip__internal_models --> node_venv_lib_python3_12_site-packages_pip__internal_models_scheme_py["scheme.py"]\n    Root --> node_venv["venv"]\n    node_venv --> node_venv_lib["lib"]\n    node_venv_lib --> node_venv_lib_python3_12["python3.12"]\n    node_venv_lib_python3_12 --> node_venv_lib_python3_12_site-packages["site-packages"]\n    node_venv_lib_python3_12_site-packages --> node_venv_lib_python3_12_site-packages_pip["pip"]\n    node_venv_lib_python3_12_site-packages_pip --> node_venv_lib_python3_12_site-packages_pip__internal["_internal"]\n    node_venv_lib_python3_12_site-packages_pip__internal --> node_venv_lib_python3_12_site-packages_pip__internal_models["models"]\n    node_venv_lib_python3_12_site-packages_pip__internal_models --> node_venv_lib_python3_12_site-packages_pip__internal_models_search_scope_py["search_scope.py"]\n    Root --> node_venv["venv"]\n    node_venv --> node_venv_lib["lib"]\n    node_venv_lib --> node_venv_lib_python3_12["python3.12"]\n    node_venv_lib_python3_12 --> node_venv_lib_python3_12_site-packages["site-packages"]\n    node_venv_lib_python3_12_site-packages --> node_venv_lib_python3_12_site-packages_pip["pip"]\n    node_venv_lib_python3_12_site-packages_pip --> node_venv_lib_python3_12_site-packages_pip__internal["_internal"]\n    node_venv_lib_python3_12_site-packages_pip__internal --> node_venv_lib_python3_12_site-packages_pip__internal_models["models"]\n    node_venv_lib_python3_12_site-packages_pip__internal_models --> node_venv_lib_python3_12_site-packages_pip__internal_models_selection_prefs_py["selection_prefs.py"]\n    Root --> node_venv["venv"]\n    node_venv --> node_venv_lib["lib"]\n    node_venv_lib --> node_venv_lib_python3_12["python3.12"]\n    node_venv_lib_python3_12 --> node_venv_lib_python3_12_site-packages["site-packages"]\n    node_venv_lib_python3_12_site-packages --> node_venv_lib_python3_12_site-packages_pip["pip"]\n    node_venv_lib_python3_12_site-packages_pip --> node_venv_lib_python3_12_site-packages_pip__internal["_internal"]\n    node_venv_lib_python3_12_site-packages_pip__internal --> node_venv_lib_python3_12_site-packages_pip__internal_models["models"]\n    node_venv_lib_python3_12_site-packages_pip__internal_models --> node_venv_lib_python3_12_site-packages_pip__internal_models_target_python_py["target_python.py"]\n    Root --> node_venv["venv"]\n    node_venv --> node_venv_lib["lib"]\n    node_venv_lib --> node_venv_lib_python3_12["python3.12"]\n    node_venv_lib_python3_12 --> node_venv_lib_python3_12_site-packages["site-packages"]\n    node_venv_lib_python3_12_site-packages --> node_venv_lib_python3_12_site-packages_pip["pip"]\n    node_venv_lib_python3_12_site-packages_pip --> node_venv_lib_python3_12_site-packages_pip__internal["_internal"]\n    node_venv_lib_python3_12_site-packages_pip__internal --> node_venv_lib_python3_12_site-packages_pip__internal_models["models"]\n    node_venv_lib_python3_12_site-packages_pip__internal_models --> node_venv_lib_python3_12_site-packages_pip__internal_models_wheel_py["wheel.py"]\n    Root --> node_venv["venv"]\n    node_venv --> node_venv_lib["lib"]\n    node_venv_lib --> node_venv_lib_python3_12["python3.12"]\n    node_venv_lib_python3_12 --> node_venv_lib_python3_12_site-packages["site-packages"]\n    node_venv_lib_python3_12_site-packages --> node_venv_lib_python3_12_site-packages_pip["pip"]\n    node_venv_lib_python3_12_site-packages_pip --> node_venv_lib_python3_12_site-packages_pip__internal["_internal"]\n    node_venv_lib_python3_12_site-packages_pip__internal --> node_venv_lib_python3_12_site-packages_pip__internal_cli["cli"]\n    node_venv_lib_python3_12_site-packages_pip__internal_cli --> node_venv_lib_python3_12_site-packages_pip__internal_cli___init___py["__init__.py"]\n    Root --> node_venv["venv"]\n    node_venv --> node_venv_lib["lib"]\n    node_venv_lib --> node_venv_lib_python3_12["python3.12"]\n    node_venv_lib_python3_12 --> node_venv_lib_python3_12_site-packages["site-packages"]\n    node_venv_lib_python3_12_site-packages --> node_venv_lib_python3_12_site-packages_pip["pip"]\n    node_venv_lib_python3_12_site-packages_pip --> node_venv_lib_python3_12_site-packages_pip__internal["_internal"]\n    node_venv_lib_python3_12_site-packages_pip__internal --> node_venv_lib_python3_12_site-packages_pip__internal_cli["cli"]\n    node_venv_lib_python3_12_site-packages_pip__internal_cli --> node_venv_lib_python3_12_site-packages_pip__internal_cli_autocompletion_py["autocompletion.py"]\n    Root --> node_venv["venv"]\n    node_venv --> node_venv_lib["lib"]\n    node_venv_lib --> node_venv_lib_python3_12["python3.12"]\n    node_venv_lib_python3_12 --> node_venv_lib_python3_12_site-packages["site-packages"]\n    node_venv_lib_python3_12_site-packages --> node_venv_lib_python3_12_site-packages_pip["pip"]\n    node_venv_lib_python3_12_site-packages_pip --> node_venv_lib_python3_12_site-packages_pip__internal["_internal"]\n    node_venv_lib_python3_12_site-packages_pip__internal --> node_venv_lib_python3_12_site-packages_pip__internal_cli["cli"]\n    node_venv_lib_python3_12_site-packages_pip__internal_cli --> node_venv_lib_python3_12_site-packages_pip__internal_cli_base_command_py["base_command.py"]\n    Root --> node_venv["venv"]\n    node_venv --> node_venv_lib["lib"]\n    node_venv_lib --> node_venv_lib_python3_12["python3.12"]\n    node_venv_lib_python3_12 --> node_venv_lib_python3_12_site-packages["site-packages"]\n    node_venv_lib_python3_12_site-packages --> node_venv_lib_python3_12_site-packages_pip["pip"]\n    node_venv_lib_python3_12_site-packages_pip --> node_venv_lib_python3_12_site-packages_pip__internal["_internal"]\n    node_venv_lib_python3_12_site-packages_pip__internal --> node_venv_lib_python3_12_site-packages_pip__internal_cli["cli"]\n    node_venv_lib_python3_12_site-packages_pip__internal_cli --> node_venv_lib_python3_12_site-packages_pip__internal_cli_cmdoptions_py["cmdoptions.py"]\n    Root --> node_venv["venv"]\n    node_venv --> node_venv_lib["lib"]\n    node_venv_lib --> node_venv_lib_python3_12["python3.12"]\n    node_venv_lib_python3_12 --> node_venv_lib_python3_12_site-packages["site-packages"]\n    node_venv_lib_python3_12_site-packages --> node_venv_lib_python3_12_site-packages_pip["pip"]\n    node_venv_lib_python3_12_site-packages_pip --> node_venv_lib_python3_12_site-packages_pip__internal["_internal"]\n    node_venv_lib_python3_12_site-packages_pip__internal --> node_venv_lib_python3_12_site-packages_pip__internal_cli["cli"]\n    node_venv_lib_python3_12_site-packages_pip__internal_cli --> node_venv_lib_python3_12_site-packages_pip__internal_cli_command_context_py["command_context.py"]\n    Root --> node_venv["venv"]\n    node_venv --> node_venv_lib["lib"]\n    node_venv_lib --> node_venv_lib_python3_12["python3.12"]\n    node_venv_lib_python3_12 --> node_venv_lib_python3_12_site-packages["site-packages"]\n    node_venv_lib_python3_12_site-packages --> node_venv_lib_python3_12_site-packages_pip["pip"]\n    node_venv_lib_python3_12_site-packages_pip --> node_venv_lib_python3_12_site-packages_pip__internal["_internal"]\n    node_venv_lib_python3_12_site-packages_pip__internal --> node_venv_lib_python3_12_site-packages_pip__internal_cli["cli"]\n    node_venv_lib_python3_12_site-packages_pip__internal_cli --> node_venv_lib_python3_12_site-packages_pip__internal_cli_index_command_py["index_command.py"]\n    Root --> node_venv["venv"]\n    node_venv --> node_venv_lib["lib"]\n    node_venv_lib --> node_venv_lib_python3_12["python3.12"]\n    node_venv_lib_python3_12 --> node_venv_lib_python3_12_site-packages["site-packages"]\n    node_venv_lib_python3_12_site-packages --> node_venv_lib_python3_12_site-packages_pip["pip"]\n    node_venv_lib_python3_12_site-packages_pip --> node_venv_lib_python3_12_site-packages_pip__internal["_internal"]\n    node_venv_lib_python3_12_site-packages_pip__internal --> node_venv_lib_python3_12_site-packages_pip__internal_cli["cli"]\n    node_venv_lib_python3_12_site-packages_pip__internal_cli --> node_venv_lib_python3_12_site-packages_pip__internal_cli_main_py["main.py"]\n    Root --> node_venv["venv"]\n    node_venv --> node_venv_lib["lib"]\n    node_venv_lib --> node_venv_lib_python3_12["python3.12"]\n    node_venv_lib_python3_12 --> node_venv_lib_python3_12_site-packages["site-packages"]\n    node_venv_lib_python3_12_site-packages --> node_venv_lib_python3_12_site-packages_pip["pip"]\n    node_venv_lib_python3_12_site-packages_pip --> node_venv_lib_python3_12_site-packages_pip__internal["_internal"]\n    node_venv_lib_python3_12_site-packages_pip__internal --> node_venv_lib_python3_12_site-packages_pip__internal_cli["cli"]\n    node_venv_lib_python3_12_site-packages_pip__internal_cli --> node_venv_lib_python3_12_site-packages_pip__internal_cli_main_parser_py["main_parser.py"]\n    Root --> node_venv["venv"]\n    node_venv --> node_venv_lib["lib"]\n    node_venv_lib --> node_venv_lib_python3_12["python3.12"]\n    node_venv_lib_python3_12 --> node_venv_lib_python3_12_site-packages["site-packages"]\n    node_venv_lib_python3_12_site-packages --> node_venv_lib_python3_12_site-packages_pip["pip"]\n    node_venv_lib_python3_12_site-packages_pip --> node_venv_lib_python3_12_site-packages_pip__internal["_internal"]\n    node_venv_lib_python3_12_site-packages_pip__internal --> node_venv_lib_python3_12_site-packages_pip__internal_cli["cli"]\n    node_venv_lib_python3_12_site-packages_pip__internal_cli --> node_venv_lib_python3_12_site-packages_pip__internal_cli_parser_py["parser.py"]\n    Root --> node_venv["venv"]\n    node_venv --> node_venv_lib["lib"]\n    node_venv_lib --> node_venv_lib_python3_12["python3.12"]\n    node_venv_lib_python3_12 --> node_venv_lib_python3_12_site-packages["site-packages"]\n    node_venv_lib_python3_12_site-packages --> node_venv_lib_python3_12_site-packages_pip["pip"]\n    node_venv_lib_python3_12_site-packages_pip --> node_venv_lib_python3_12_site-packages_pip__internal["_internal"]\n    node_venv_lib_python3_12_site-packages_pip__internal --> node_venv_lib_python3_12_site-packages_pip__internal_cli["cli"]\n    node_venv_lib_python3_12_site-packages_pip__internal_cli --> node_venv_lib_python3_12_site-packages_pip__internal_cli_progress_bars_py["progress_bars.py"]\n    Root --> node_venv["venv"]\n    node_venv --> node_venv_lib["lib"]\n    node_venv_lib --> node_venv_lib_python3_12["python3.12"]\n    node_venv_lib_python3_12 --> node_venv_lib_python3_12_site-packages["site-packages"]\n    node_venv_lib_python3_12_site-packages --> node_venv_lib_python3_12_site-packages_pip["pip"]\n    node_venv_lib_python3_12_site-packages_pip --> node_venv_lib_python3_12_site-packages_pip__internal["_internal"]\n    node_venv_lib_python3_12_site-packages_pip__internal --> node_venv_lib_python3_12_site-packages_pip__internal_cli["cli"]\n    node_venv_lib_python3_12_site-packages_pip__internal_cli --> node_venv_lib_python3_12_site-packages_pip__internal_cli_req_command_py["req_command.py"]\n    Root --> node_venv["venv"]\n    node_venv --> node_venv_lib["lib"]\n    node_venv_lib --> node_venv_lib_python3_12["python3.12"]\n    node_venv_lib_python3_12 --> node_venv_lib_python3_12_site-packages["site-packages"]\n    node_venv_lib_python3_12_site-packages --> node_venv_lib_python3_12_site-packages_pip["pip"]\n    node_venv_lib_python3_12_site-packages_pip --> node_venv_lib_python3_12_site-packages_pip__internal["_internal"]\n    node_venv_lib_python3_12_site-packages_pip__internal --> node_venv_lib_python3_12_site-packages_pip__internal_cli["cli"]\n    node_venv_lib_python3_12_site-packages_pip__internal_cli --> node_venv_lib_python3_12_site-packages_pip__internal_cli_spinners_py["spinners.py"]\n    Root --> node_venv["venv"]\n    node_venv --> node_venv_lib["lib"]\n    node_venv_lib --> node_venv_lib_python3_12["python3.12"]\n    node_venv_lib_python3_12 --> node_venv_lib_python3_12_site-packages["site-packages"]\n    node_venv_lib_python3_12_site-packages --> node_venv_lib_python3_12_site-packages_pip["pip"]\n    node_venv_lib_python3_12_site-packages_pip --> node_venv_lib_python3_12_site-packages_pip__internal["_internal"]\n    node_venv_lib_python3_12_site-packages_pip__internal --> node_venv_lib_python3_12_site-packages_pip__internal_cli["cli"]\n    node_venv_lib_python3_12_site-packages_pip__internal_cli --> node_venv_lib_python3_12_site-packages_pip__internal_cli_status_codes_py["status_codes.py"]\n    Root --> node_venv["venv"]\n    node_venv --> node_venv_lib["lib"]\n    node_venv_lib --> node_venv_lib_python3_12["python3.12"]\n    node_venv_lib_python3_12 --> node_venv_lib_python3_12_site-packages["site-packages"]\n    node_venv_lib_python3_12_site-packages --> node_venv_lib_python3_12_site-packages_pip["pip"]\n    node_venv_lib_python3_12_site-packages_pip --> node_venv_lib_python3_12_site-packages_pip__internal["_internal"]\n    node_venv_lib_python3_12_site-packages_pip__internal --> node_venv_lib_python3_12_site-packages_pip__internal_operations["operations"]\n    node_venv_lib_python3_12_site-packages_pip__internal_operations --> node_venv_lib_python3_12_site-packages_pip__internal_operations___init___py["__init__.py"]\n    Root --> node_venv["venv"]\n    node_venv --> node_venv_lib["lib"]\n    node_venv_lib --> node_venv_lib_python3_12["python3.12"]\n    node_venv_lib_python3_12 --> node_venv_lib_python3_12_site-packages["site-packages"]\n    node_venv_lib_python3_12_site-packages --> node_venv_lib_python3_12_site-packages_pip["pip"]\n    node_venv_lib_python3_12_site-packages_pip --> node_venv_lib_python3_12_site-packages_pip__internal["_internal"]\n    node_venv_lib_python3_12_site-packages_pip__internal --> node_venv_lib_python3_12_site-packages_pip__internal_operations["operations"]\n    node_venv_lib_python3_12_site-packages_pip__internal_operations --> node_venv_lib_python3_12_site-packages_pip__internal_operations_check_py["check.py"]\n    Root --> node_venv["venv"]\n    node_venv --> node_venv_lib["lib"]\n    node_venv_lib --> node_venv_lib_python3_12["python3.12"]\n    node_venv_lib_python3_12 --> node_venv_lib_python3_12_site-packages["site-packages"]\n    node_venv_lib_python3_12_site-packages --> node_venv_lib_python3_12_site-packages_pip["pip"]\n    node_venv_lib_python3_12_site-packages_pip --> node_venv_lib_python3_12_site-packages_pip__internal["_internal"]\n    node_venv_lib_python3_12_site-packages_pip__internal --> node_venv_lib_python3_12_site-packages_pip__internal_operations["operations"]\n    node_venv_lib_python3_12_site-packages_pip__internal_operations --> node_venv_lib_python3_12_site-packages_pip__internal_operations_freeze_py["freeze.py"]\n    Root --> node_venv["venv"]\n    node_venv --> node_venv_lib["lib"]\n    node_venv_lib --> node_venv_lib_python3_12["python3.12"]\n    node_venv_lib_python3_12 --> node_venv_lib_python3_12_site-packages["site-packages"]\n    node_venv_lib_python3_12_site-packages --> node_venv_lib_python3_12_site-packages_pip["pip"]\n    node_venv_lib_python3_12_site-packages_pip --> node_venv_lib_python3_12_site-packages_pip__internal["_internal"]\n    node_venv_lib_python3_12_site-packages_pip__internal --> node_venv_lib_python3_12_site-packages_pip__internal_operations["operations"]\n    node_venv_lib_python3_12_site-packages_pip__internal_operations --> node_venv_lib_python3_12_site-packages_pip__internal_operations_prepare_py["prepare.py"]\n    Root --> node_venv["venv"]\n    node_venv --> node_venv_lib["lib"]\n    node_venv_lib --> node_venv_lib_python3_12["python3.12"]\n    node_venv_lib_python3_12 --> node_venv_lib_python3_12_site-packages["site-packages"]\n    node_venv_lib_python3_12_site-packages --> node_venv_lib_python3_12_site-packages_pip["pip"]\n    node_venv_lib_python3_12_site-packages_pip --> node_venv_lib_python3_12_site-packages_pip__internal["_internal"]\n    node_venv_lib_python3_12_site-packages_pip__internal --> node_venv_lib_python3_12_site-packages_pip__internal_operations["operations"]\n    node_venv_lib_python3_12_site-packages_pip__internal_operations --> node_venv_lib_python3_12_site-packages_pip__internal_operations_install["install"]\n    node_venv_lib_python3_12_site-packages_pip__internal_operations_install --> node_venv_lib_python3_12_site-packages_pip__internal_operations_install___init___py["__init__.py"]\n    Root --> node_venv["venv"]\n    node_venv --> node_venv_lib["lib"]\n    node_venv_lib --> node_venv_lib_python3_12["python3.12"]\n    node_venv_lib_python3_12 --> node_venv_lib_python3_12_site-packages["site-packages"]\n    node_venv_lib_python3_12_site-packages --> node_venv_lib_python3_12_site-packages_pip["pip"]\n    node_venv_lib_python3_12_site-packages_pip --> node_venv_lib_python3_12_site-packages_pip__internal["_internal"]\n    node_venv_lib_python3_12_site-packages_pip__internal --> node_venv_lib_python3_12_site-packages_pip__internal_operations["operations"]\n    node_venv_lib_python3_12_site-packages_pip__internal_operations --> node_venv_lib_python3_12_site-packages_pip__internal_operations_install["install"]\n    node_venv_lib_python3_12_site-packages_pip__internal_operations_install --> node_venv_lib_python3_12_site-packages_pip__internal_operations_install_editable_legacy_py["editable_legacy.py"]\n    Root --> node_venv["venv"]\n    node_venv --> node_venv_lib["lib"]\n    node_venv_lib --> node_venv_lib_python3_12["python3.12"]\n    node_venv_lib_python3_12 --> node_venv_lib_python3_12_site-packages["site-packages"]\n    node_venv_lib_python3_12_site-packages --> node_venv_lib_python3_12_site-packages_pip["pip"]\n    node_venv_lib_python3_12_site-packages_pip --> node_venv_lib_python3_12_site-packages_pip__internal["_internal"]\n    node_venv_lib_python3_12_site-packages_pip__internal --> node_venv_lib_python3_12_site-packages_pip__internal_operations["operations"]\n    node_venv_lib_python3_12_site-packages_pip__internal_operations --> node_venv_lib_python3_12_site-packages_pip__internal_operations_install["install"]\n    node_venv_lib_python3_12_site-packages_pip__internal_operations_install --> node_venv_lib_python3_12_site-packages_pip__internal_operations_install_wheel_py["wheel.py"]\n    Root --> node_venv["venv"]\n    node_venv --> node_venv_lib["lib"]\n    node_venv_lib --> node_venv_lib_python3_12["python3.12"]\n    node_venv_lib_python3_12 --> node_venv_lib_python3_12_site-packages["site-packages"]\n    node_venv_lib_python3_12_site-packages --> node_venv_lib_python3_12_site-packages_pip["pip"]\n    node_venv_lib_python3_12_site-packages_pip --> node_venv_lib_python3_12_site-packages_pip__internal["_internal"]\n    node_venv_lib_python3_12_site-packages_pip__internal --> node_venv_lib_python3_12_site-packages_pip__internal_operations["operations"]\n    node_venv_lib_python3_12_site-packages_pip__internal_operations --> node_venv_lib_python3_12_site-packages_pip__internal_operations_build["build"]\n    node_venv_lib_python3_12_site-packages_pip__internal_operations_build --> node_venv_lib_python3_12_site-packages_pip__internal_operations_build___init___py["__init__.py"]\n    Root --> node_venv["venv"]\n    node_venv --> node_venv_lib["lib"]\n    node_venv_lib --> node_venv_lib_python3_12["python3.12"]\n    node_venv_lib_python3_12 --> node_venv_lib_python3_12_site-packages["site-packages"]\n    node_venv_lib_python3_12_site-packages --> node_venv_lib_python3_12_site-packages_pip["pip"]\n    node_venv_lib_python3_12_site-packages_pip --> node_venv_lib_python3_12_site-packages_pip__internal["_internal"]\n    node_venv_lib_python3_12_site-packages_pip__internal --> node_venv_lib_python3_12_site-packages_pip__internal_operations["operations"]\n    node_venv_lib_python3_12_site-packages_pip__internal_operations --> node_venv_lib_python3_12_site-packages_pip__internal_operations_build["build"]\n    node_venv_lib_python3_12_site-packages_pip__internal_operations_build --> node_venv_lib_python3_12_site-packages_pip__internal_operations_build_build_tracker_py["build_tracker.py"]\n    Root --> node_venv["venv"]\n    node_venv --> node_venv_lib["lib"]\n    node_venv_lib --> node_venv_lib_python3_12["python3.12"]\n    node_venv_lib_python3_12 --> node_venv_lib_python3_12_site-packages["site-packages"]\n    node_venv_lib_python3_12_site-packages --> node_venv_lib_python3_12_site-packages_pip["pip"]\n    node_venv_lib_python3_12_site-packages_pip --> node_venv_lib_python3_12_site-packages_pip__internal["_internal"]\n    node_venv_lib_python3_12_site-packages_pip__internal --> node_venv_lib_python3_12_site-packages_pip__internal_operations["operations"]\n    node_venv_lib_python3_12_site-packages_pip__internal_operations --> node_venv_lib_python3_12_site-packages_pip__internal_operations_build["build"]\n    node_venv_lib_python3_12_site-packages_pip__internal_operations_build --> node_venv_lib_python3_12_site-packages_pip__internal_operations_build_metadata_py["metadata.py"]\n    Root --> node_venv["venv"]\n    node_venv --> node_venv_lib["lib"]\n    node_venv_lib --> node_venv_lib_python3_12["python3.12"]\n    node_venv_lib_python3_12 --> node_venv_lib_python3_12_site-packages["site-packages"]\n    node_venv_lib_python3_12_site-packages --> node_venv_lib_python3_12_site-packages_pip["pip"]\n    node_venv_lib_python3_12_site-packages_pip --> node_venv_lib_python3_12_site-packages_pip__internal["_internal"]\n    node_venv_lib_python3_12_site-packages_pip__internal --> node_venv_lib_python3_12_site-packages_pip__internal_operations["operations"]\n    node_venv_lib_python3_12_site-packages_pip__internal_operations --> node_venv_lib_python3_12_site-packages_pip__internal_operations_build["build"]\n    node_venv_lib_python3_12_site-packages_pip__internal_operations_build --> node_venv_lib_python3_12_site-packages_pip__internal_operations_build_metadata_editable_py["metadata_editable.py"]\n    Root --> node_venv["venv"]\n    node_venv --> node_venv_lib["lib"]\n    node_venv_lib --> node_venv_lib_python3_12["python3.12"]\n    node_venv_lib_python3_12 --> node_venv_lib_python3_12_site-packages["site-packages"]\n    node_venv_lib_python3_12_site-packages --> node_venv_lib_python3_12_site-packages_pip["pip"]\n    node_venv_lib_python3_12_site-packages_pip --> node_venv_lib_python3_12_site-packages_pip__internal["_internal"]\n    node_venv_lib_python3_12_site-packages_pip__internal --> node_venv_lib_python3_12_site-packages_pip__internal_operations["operations"]\n    node_venv_lib_python3_12_site-packages_pip__internal_operations --> node_venv_lib_python3_12_site-packages_pip__internal_operations_build["build"]\n    node_venv_lib_python3_12_site-packages_pip__internal_operations_build --> node_venv_lib_python3_12_site-packages_pip__internal_operations_build_metadata_legacy_py["metadata_legacy.py"]\n    Root --> node_venv["venv"]\n    node_venv --> node_venv_lib["lib"]\n    node_venv_lib --> node_venv_lib_python3_12["python3.12"]\n    node_venv_lib_python3_12 --> node_venv_lib_python3_12_site-packages["site-packages"]\n    node_venv_lib_python3_12_site-packages --> node_venv_lib_python3_12_site-packages_pip["pip"]\n    node_venv_lib_python3_12_site-packages_pip --> node_venv_lib_python3_12_site-packages_pip__internal["_internal"]\n    node_venv_lib_python3_12_site-packages_pip__internal --> node_venv_lib_python3_12_site-packages_pip__internal_operations["operations"]\n    node_venv_lib_python3_12_site-packages_pip__internal_operations --> node_venv_lib_python3_12_site-packages_pip__internal_operations_build["build"]\n    node_venv_lib_python3_12_site-packages_pip__internal_operations_build --> node_venv_lib_python3_12_site-packages_pip__internal_operations_build_wheel_py["wheel.py"]\n    Root --> node_venv["venv"]\n    node_venv --> node_venv_lib["lib"]\n    node_venv_lib --> node_venv_lib_python3_12["python3.12"]\n    node_venv_lib_python3_12 --> node_venv_lib_python3_12_site-packages["site-packages"]\n    node_venv_lib_python3_12_site-packages --> node_venv_lib_python3_12_site-packages_pip["pip"]\n    node_venv_lib_python3_12_site-packages_pip --> node_venv_lib_python3_12_site-packages_pip__internal["_internal"]\n    node_venv_lib_python3_12_site-packages_pip__internal --> node_venv_lib_python3_12_site-packages_pip__internal_operations["operations"]\n    node_venv_lib_python3_12_site-packages_pip__internal_operations --> node_venv_lib_python3_12_site-packages_pip__internal_operations_build["build"]\n    node_venv_lib_python3_12_site-packages_pip__internal_operations_build --> node_venv_lib_python3_12_site-packages_pip__internal_operations_build_wheel_editable_py["wheel_editable.py"]\n    Root --> node_venv["venv"]\n    node_venv --> node_venv_lib["lib"]\n    node_venv_lib --> node_venv_lib_python3_12["python3.12"]\n    node_venv_lib_python3_12 --> node_venv_lib_python3_12_site-packages["site-packages"]\n    node_venv_lib_python3_12_site-packages --> node_venv_lib_python3_12_site-packages_pip["pip"]\n    node_venv_lib_python3_12_site-packages_pip --> node_venv_lib_python3_12_site-packages_pip__internal["_internal"]\n    node_venv_lib_python3_12_site-packages_pip__internal --> node_venv_lib_python3_12_site-packages_pip__internal_operations["operations"]\n    node_venv_lib_python3_12_site-packages_pip__internal_operations --> node_venv_lib_python3_12_site-packages_pip__internal_operations_build["build"]\n    node_venv_lib_python3_12_site-packages_pip__internal_operations_build --> node_venv_lib_python3_12_site-packages_pip__internal_operations_build_wheel_legacy_py["wheel_legacy.py"]\n    Root --> node_venv["venv"]\n    node_venv --> node_venv_lib["lib"]\n    node_venv_lib --> node_venv_lib_python3_12["python3.12"]\n    node_venv_lib_python3_12 --> node_venv_lib_python3_12_site-packages["site-packages"]\n    node_venv_lib_python3_12_site-packages --> node_venv_lib_python3_12_site-packages_pip["pip"]\n    node_venv_lib_python3_12_site-packages_pip --> node_venv_lib_python3_12_site-packages_pip__internal["_internal"]\n    node_venv_lib_python3_12_site-packages_pip__internal --> node_venv_lib_python3_12_site-packages_pip__internal_req["req"]\n    node_venv_lib_python3_12_site-packages_pip__internal_req --> node_venv_lib_python3_12_site-packages_pip__internal_req___init___py["__init__.py"]\n    Root --> node_venv["venv"]\n    node_venv --> node_venv_lib["lib"]\n    node_venv_lib --> node_venv_lib_python3_12["python3.12"]\n    node_venv_lib_python3_12 --> node_venv_lib_python3_12_site-packages["site-packages"]\n    node_venv_lib_python3_12_site-packages --> node_venv_lib_python3_12_site-packages_pip["pip"]\n    node_venv_lib_python3_12_site-packages_pip --> node_venv_lib_python3_12_site-packages_pip__internal["_internal"]\n    node_venv_lib_python3_12_site-packages_pip__internal --> node_venv_lib_python3_12_site-packages_pip__internal_req["req"]\n    node_venv_lib_python3_12_site-packages_pip__internal_req --> node_venv_lib_python3_12_site-packages_pip__internal_req_constructors_py["constructors.py"]\n    Root --> node_venv["venv"]\n    node_venv --> node_venv_lib["lib"]\n    node_venv_lib --> node_venv_lib_python3_12["python3.12"]\n    node_venv_lib_python3_12 --> node_venv_lib_python3_12_site-packages["site-packages"]\n    node_venv_lib_python3_12_site-packages --> node_venv_lib_python3_12_site-packages_pip["pip"]\n    node_venv_lib_python3_12_site-packages_pip --> node_venv_lib_python3_12_site-packages_pip__internal["_internal"]\n    node_venv_lib_python3_12_site-packages_pip__internal --> node_venv_lib_python3_12_site-packages_pip__internal_req["req"]\n    node_venv_lib_python3_12_site-packages_pip__internal_req --> node_venv_lib_python3_12_site-packages_pip__internal_req_req_file_py["req_file.py"]\n    Root --> node_venv["venv"]\n    node_venv --> node_venv_lib["lib"]\n    node_venv_lib --> node_venv_lib_python3_12["python3.12"]\n    node_venv_lib_python3_12 --> node_venv_lib_python3_12_site-packages["site-packages"]\n    node_venv_lib_python3_12_site-packages --> node_venv_lib_python3_12_site-packages_pip["pip"]\n    node_venv_lib_python3_12_site-packages_pip --> node_venv_lib_python3_12_site-packages_pip__internal["_internal"]\n    node_venv_lib_python3_12_site-packages_pip__internal --> node_venv_lib_python3_12_site-packages_pip__internal_req["req"]\n    node_venv_lib_python3_12_site-packages_pip__internal_req --> node_venv_lib_python3_12_site-packages_pip__internal_req_req_install_py["req_install.py"]\n    Root --> node_venv["venv"]\n    node_venv --> node_venv_lib["lib"]\n    node_venv_lib --> node_venv_lib_python3_12["python3.12"]\n    node_venv_lib_python3_12 --> node_venv_lib_python3_12_site-packages["site-packages"]\n    node_venv_lib_python3_12_site-packages --> node_venv_lib_python3_12_site-packages_pip["pip"]\n    node_venv_lib_python3_12_site-packages_pip --> node_venv_lib_python3_12_site-packages_pip__internal["_internal"]\n    node_venv_lib_python3_12_site-packages_pip__internal --> node_venv_lib_python3_12_site-packages_pip__internal_req["req"]\n    node_venv_lib_python3_12_site-packages_pip__internal_req --> node_venv_lib_python3_12_site-packages_pip__internal_req_req_set_py["req_set.py"]\n    Root --> node_venv["venv"]\n    node_venv --> node_venv_lib["lib"]\n    node_venv_lib --> node_venv_lib_python3_12["python3.12"]\n    node_venv_lib_python3_12 --> node_venv_lib_python3_12_site-packages["site-packages"]\n    node_venv_lib_python3_12_site-packages --> node_venv_lib_python3_12_site-packages_pip["pip"]\n    node_venv_lib_python3_12_site-packages_pip --> node_venv_lib_python3_12_site-packages_pip__internal["_internal"]\n    node_venv_lib_python3_12_site-packages_pip__internal --> node_venv_lib_python3_12_site-packages_pip__internal_req["req"]\n    node_venv_lib_python3_12_site-packages_pip__internal_req --> node_venv_lib_python3_12_site-packages_pip__internal_req_req_uninstall_py["req_uninstall.py"]\n    Root --> node_venv["venv"]\n    node_venv --> node_venv_lib["lib"]\n    node_venv_lib --> node_venv_lib_python3_12["python3.12"]\n    node_venv_lib_python3_12 --> node_venv_lib_python3_12_site-packages["site-packages"]\n    node_venv_lib_python3_12_site-packages --> node_venv_lib_python3_12_site-packages_pip["pip"]\n    node_venv_lib_python3_12_site-packages_pip --> node_venv_lib_python3_12_site-packages_pip__internal["_internal"]\n    node_venv_lib_python3_12_site-packages_pip__internal --> node_venv_lib_python3_12_site-packages_pip__internal_resolution["resolution"]\n    node_venv_lib_python3_12_site-packages_pip__internal_resolution --> node_venv_lib_python3_12_site-packages_pip__internal_resolution___init___py["__init__.py"]\n    Root --> node_venv["venv"]\n    node_venv --> node_venv_lib["lib"]\n    node_venv_lib --> node_venv_lib_python3_12["python3.12"]\n    node_venv_lib_python3_12 --> node_venv_lib_python3_12_site-packages["site-packages"]\n    node_venv_lib_python3_12_site-packages --> node_venv_lib_python3_12_site-packages_pip["pip"]\n    node_venv_lib_python3_12_site-packages_pip --> node_venv_lib_python3_12_site-packages_pip__internal["_internal"]\n    node_venv_lib_python3_12_site-packages_pip__internal --> node_venv_lib_python3_12_site-packages_pip__internal_resolution["resolution"]\n    node_venv_lib_python3_12_site-packages_pip__internal_resolution --> node_venv_lib_python3_12_site-packages_pip__internal_resolution_base_py["base.py"]\n    Root --> node_venv["venv"]\n    node_venv --> node_venv_lib["lib"]\n    node_venv_lib --> node_venv_lib_python3_12["python3.12"]\n    node_venv_lib_python3_12 --> node_venv_lib_python3_12_site-packages["site-packages"]\n    node_venv_lib_python3_12_site-packages --> node_venv_lib_python3_12_site-packages_pip["pip"]\n    node_venv_lib_python3_12_site-packages_pip --> node_venv_lib_python3_12_site-packages_pip__internal["_internal"]\n    node_venv_lib_python3_12_site-packages_pip__internal --> node_venv_lib_python3_12_site-packages_pip__internal_resolution["resolution"]\n    node_venv_lib_python3_12_site-packages_pip__internal_resolution --> node_venv_lib_python3_12_site-packages_pip__internal_resolution_legacy["legacy"]\n    node_venv_lib_python3_12_site-packages_pip__internal_resolution_legacy --> node_venv_lib_python3_12_site-packages_pip__internal_resolution_legacy___init___py["__init__.py"]\n    Root --> node_venv["venv"]\n    node_venv --> node_venv_lib["lib"]\n    node_venv_lib --> node_venv_lib_python3_12["python3.12"]\n    node_venv_lib_python3_12 --> node_venv_lib_python3_12_site-packages["site-packages"]\n    node_venv_lib_python3_12_site-packages --> node_venv_lib_python3_12_site-packages_pip["pip"]\n    node_venv_lib_python3_12_site-packages_pip --> node_venv_lib_python3_12_site-packages_pip__internal["_internal"]\n    node_venv_lib_python3_12_site-packages_pip__internal --> node_venv_lib_python3_12_site-packages_pip__internal_resolution["resolution"]\n    node_venv_lib_python3_12_site-packages_pip__internal_resolution --> node_venv_lib_python3_12_site-packages_pip__internal_resolution_legacy["legacy"]\n    node_venv_lib_python3_12_site-packages_pip__internal_resolution_legacy --> node_venv_lib_python3_12_site-packages_pip__internal_resolution_legacy_resolver_py["resolver.py"]\n    Root --> node_venv["venv"]\n    node_venv --> node_venv_lib["lib"]\n    node_venv_lib --> node_venv_lib_python3_12["python3.12"]\n    node_venv_lib_python3_12 --> node_venv_lib_python3_12_site-packages["site-packages"]\n    node_venv_lib_python3_12_site-packages --> node_venv_lib_python3_12_site-packages_pip["pip"]\n    node_venv_lib_python3_12_site-packages_pip --> node_venv_lib_python3_12_site-packages_pip__internal["_internal"]\n    node_venv_lib_python3_12_site-packages_pip__internal --> node_venv_lib_python3_12_site-packages_pip__internal_resolution["resolution"]\n    node_venv_lib_python3_12_site-packages_pip__internal_resolution --> node_venv_lib_python3_12_site-packages_pip__internal_resolution_resolvelib["resolvelib"]\n    node_venv_lib_python3_12_site-packages_pip__internal_resolution_resolvelib --> node_venv_lib_python3_12_site-packages_pip__internal_resolution_resolvelib___init___py["__init__.py"]\n    Root --> node_venv["venv"]\n    node_venv --> node_venv_lib["lib"]\n    node_venv_lib --> node_venv_lib_python3_12["python3.12"]\n    node_venv_lib_python3_12 --> node_venv_lib_python3_12_site-packages["site-packages"]\n    node_venv_lib_python3_12_site-packages --> node_venv_lib_python3_12_site-packages_pip["pip"]\n    node_venv_lib_python3_12_site-packages_pip --> node_venv_lib_python3_12_site-packages_pip__internal["_internal"]\n    node_venv_lib_python3_12_site-packages_pip__internal --> node_venv_lib_python3_12_site-packages_pip__internal_resolution["resolution"]\n    node_venv_lib_python3_12_site-packages_pip__internal_resolution --> node_venv_lib_python3_12_site-packages_pip__internal_resolution_resolvelib["resolvelib"]\n    node_venv_lib_python3_12_site-packages_pip__internal_resolution_resolvelib --> node_venv_lib_python3_12_site-packages_pip__internal_resolution_resolvelib_base_py["base.py"]\n    Root --> node_venv["venv"]\n    node_venv --> node_venv_lib["lib"]\n    node_venv_lib --> node_venv_lib_python3_12["python3.12"]\n    node_venv_lib_python3_12 --> node_venv_lib_python3_12_site-packages["site-packages"]\n    node_venv_lib_python3_12_site-packages --> node_venv_lib_python3_12_site-packages_pip["pip"]\n    node_venv_lib_python3_12_site-packages_pip --> node_venv_lib_python3_12_site-packages_pip__internal["_internal"]\n    node_venv_lib_python3_12_site-packages_pip__internal --> node_venv_lib_python3_12_site-packages_pip__internal_resolution["resolution"]\n    node_venv_lib_python3_12_site-packages_pip__internal_resolution --> node_venv_lib_python3_12_site-packages_pip__internal_resolution_resolvelib["resolvelib"]\n    node_venv_lib_python3_12_site-packages_pip__internal_resolution_resolvelib --> node_venv_lib_python3_12_site-packages_pip__internal_resolution_resolvelib_candidates_py["candidates.py"]\n    Root --> node_venv["venv"]\n    node_venv --> node_venv_lib["lib"]\n    node_venv_lib --> node_venv_lib_python3_12["python3.12"]\n    node_venv_lib_python3_12 --> node_venv_lib_python3_12_site-packages["site-packages"]\n    node_venv_lib_python3_12_site-packages --> node_venv_lib_python3_12_site-packages_pip["pip"]\n    node_venv_lib_python3_12_site-packages_pip --> node_venv_lib_python3_12_site-packages_pip__internal["_internal"]\n    node_venv_lib_python3_12_site-packages_pip__internal --> node_venv_lib_python3_12_site-packages_pip__internal_resolution["resolution"]\n    node_venv_lib_python3_12_site-packages_pip__internal_resolution --> node_venv_lib_python3_12_site-packages_pip__internal_resolution_resolvelib["resolvelib"]\n    node_venv_lib_python3_12_site-packages_pip__internal_resolution_resolvelib --> node_venv_lib_python3_12_site-packages_pip__internal_resolution_resolvelib_factory_py["factory.py"]\n    Root --> node_venv["venv"]\n    node_venv --> node_venv_lib["lib"]\n    node_venv_lib --> node_venv_lib_python3_12["python3.12"]\n    node_venv_lib_python3_12 --> node_venv_lib_python3_12_site-packages["site-packages"]\n    node_venv_lib_python3_12_site-packages --> node_venv_lib_python3_12_site-packages_pip["pip"]\n    node_venv_lib_python3_12_site-packages_pip --> node_venv_lib_python3_12_site-packages_pip__internal["_internal"]\n    node_venv_lib_python3_12_site-packages_pip__internal --> node_venv_lib_python3_12_site-packages_pip__internal_resolution["resolution"]\n    node_venv_lib_python3_12_site-packages_pip__internal_resolution --> node_venv_lib_python3_12_site-packages_pip__internal_resolution_resolvelib["resolvelib"]\n    node_venv_lib_python3_12_site-packages_pip__internal_resolution_resolvelib --> node_venv_lib_python3_12_site-packages_pip__internal_resolution_resolvelib_found_candidates_py["found_candidates.py"]\n    Root --> node_venv["venv"]\n    node_venv --> node_venv_lib["lib"]\n    node_venv_lib --> node_venv_lib_python3_12["python3.12"]\n    node_venv_lib_python3_12 --> node_venv_lib_python3_12_site-packages["site-packages"]\n    node_venv_lib_python3_12_site-packages --> node_venv_lib_python3_12_site-packages_pip["pip"]\n    node_venv_lib_python3_12_site-packages_pip --> node_venv_lib_python3_12_site-packages_pip__internal["_internal"]\n    node_venv_lib_python3_12_site-packages_pip__internal --> node_venv_lib_python3_12_site-packages_pip__internal_resolution["resolution"]\n    node_venv_lib_python3_12_site-packages_pip__internal_resolution --> node_venv_lib_python3_12_site-packages_pip__internal_resolution_resolvelib["resolvelib"]\n    node_venv_lib_python3_12_site-packages_pip__internal_resolution_resolvelib --> node_venv_lib_python3_12_site-packages_pip__internal_resolution_resolvelib_provider_py["provider.py"]\n    Root --> node_venv["venv"]\n    node_venv --> node_venv_lib["lib"]\n    node_venv_lib --> node_venv_lib_python3_12["python3.12"]\n    node_venv_lib_python3_12 --> node_venv_lib_python3_12_site-packages["site-packages"]\n    node_venv_lib_python3_12_site-packages --> node_venv_lib_python3_12_site-packages_pip["pip"]\n    node_venv_lib_python3_12_site-packages_pip --> node_venv_lib_python3_12_site-packages_pip__internal["_internal"]\n    node_venv_lib_python3_12_site-packages_pip__internal --> node_venv_lib_python3_12_site-packages_pip__internal_resolution["resolution"]\n    node_venv_lib_python3_12_site-packages_pip__internal_resolution --> node_venv_lib_python3_12_site-packages_pip__internal_resolution_resolvelib["resolvelib"]\n    node_venv_lib_python3_12_site-packages_pip__internal_resolution_resolvelib --> node_venv_lib_python3_12_site-packages_pip__internal_resolution_resolvelib_reporter_py["reporter.py"]\n    Root --> node_venv["venv"]\n    node_venv --> node_venv_lib["lib"]\n    node_venv_lib --> node_venv_lib_python3_12["python3.12"]\n    node_venv_lib_python3_12 --> node_venv_lib_python3_12_site-packages["site-packages"]\n    node_venv_lib_python3_12_site-packages --> node_venv_lib_python3_12_site-packages_pip["pip"]\n    node_venv_lib_python3_12_site-packages_pip --> node_venv_lib_python3_12_site-packages_pip__internal["_internal"]\n    node_venv_lib_python3_12_site-packages_pip__internal --> node_venv_lib_python3_12_site-packages_pip__internal_resolution["resolution"]\n    node_venv_lib_python3_12_site-packages_pip__internal_resolution --> node_venv_lib_python3_12_site-packages_pip__internal_resolution_resolvelib["resolvelib"]\n    node_venv_lib_python3_12_site-packages_pip__internal_resolution_resolvelib --> node_venv_lib_python3_12_site-packages_pip__internal_resolution_resolvelib_requirements_py["requirements.py"]\n    Root --> node_venv["venv"]\n    node_venv --> node_venv_lib["lib"]\n    node_venv_lib --> node_venv_lib_python3_12["python3.12"]\n    node_venv_lib_python3_12 --> node_venv_lib_python3_12_site-packages["site-packages"]\n    node_venv_lib_python3_12_site-packages --> node_venv_lib_python3_12_site-packages_pip["pip"]\n    node_venv_lib_python3_12_site-packages_pip --> node_venv_lib_python3_12_site-packages_pip__internal["_internal"]\n    node_venv_lib_python3_12_site-packages_pip__internal --> node_venv_lib_python3_12_site-packages_pip__internal_resolution["resolution"]\n    node_venv_lib_python3_12_site-packages_pip__internal_resolution --> node_venv_lib_python3_12_site-packages_pip__internal_resolution_resolvelib["resolvelib"]\n    node_venv_lib_python3_12_site-packages_pip__internal_resolution_resolvelib --> node_venv_lib_python3_12_site-packages_pip__internal_resolution_resolvelib_resolver_py["resolver.py"]\n    Root --> node_venv["venv"]\n    node_venv --> node_venv_lib["lib"]\n    node_venv_lib --> node_venv_lib_python3_12["python3.12"]\n    node_venv_lib_python3_12 --> node_venv_lib_python3_12_site-packages["site-packages"]\n    node_venv_lib_python3_12_site-packages --> node_venv_lib_python3_12_site-packages_pip["pip"]\n    node_venv_lib_python3_12_site-packages_pip --> node_venv_lib_python3_12_site-packages_pip__internal["_internal"]\n    node_venv_lib_python3_12_site-packages_pip__internal --> node_venv_lib_python3_12_site-packages_pip__internal_vcs["vcs"]\n    node_venv_lib_python3_12_site-packages_pip__internal_vcs --> node_venv_lib_python3_12_site-packages_pip__internal_vcs___init___py["__init__.py"]\n    Root --> node_venv["venv"]\n    node_venv --> node_venv_lib["lib"]\n    node_venv_lib --> node_venv_lib_python3_12["python3.12"]\n    node_venv_lib_python3_12 --> node_venv_lib_python3_12_site-packages["site-packages"]\n    node_venv_lib_python3_12_site-packages --> node_venv_lib_python3_12_site-packages_pip["pip"]\n    node_venv_lib_python3_12_site-packages_pip --> node_venv_lib_python3_12_site-packages_pip__internal["_internal"]\n    node_venv_lib_python3_12_site-packages_pip__internal --> node_venv_lib_python3_12_site-packages_pip__internal_vcs["vcs"]\n    node_venv_lib_python3_12_site-packages_pip__internal_vcs --> node_venv_lib_python3_12_site-packages_pip__internal_vcs_bazaar_py["bazaar.py"]\n    Root --> node_venv["venv"]\n    node_venv --> node_venv_lib["lib"]\n    node_venv_lib --> node_venv_lib_python3_12["python3.12"]\n    node_venv_lib_python3_12 --> node_venv_lib_python3_12_site-packages["site-packages"]\n    node_venv_lib_python3_12_site-packages --> node_venv_lib_python3_12_site-packages_pip["pip"]\n    node_venv_lib_python3_12_site-packages_pip --> node_venv_lib_python3_12_site-packages_pip__internal["_internal"]\n    node_venv_lib_python3_12_site-packages_pip__internal --> node_venv_lib_python3_12_site-packages_pip__internal_vcs["vcs"]\n    node_venv_lib_python3_12_site-packages_pip__internal_vcs --> node_venv_lib_python3_12_site-packages_pip__internal_vcs_git_py["git.py"]\n    Root --> node_venv["venv"]\n    node_venv --> node_venv_lib["lib"]\n    node_venv_lib --> node_venv_lib_python3_12["python3.12"]\n    node_venv_lib_python3_12 --> node_venv_lib_python3_12_site-packages["site-packages"]\n    node_venv_lib_python3_12_site-packages --> node_venv_lib_python3_12_site-packages_pip["pip"]\n    node_venv_lib_python3_12_site-packages_pip --> node_venv_lib_python3_12_site-packages_pip__internal["_internal"]\n    node_venv_lib_python3_12_site-packages_pip__internal --> node_venv_lib_python3_12_site-packages_pip__internal_vcs["vcs"]\n    node_venv_lib_python3_12_site-packages_pip__internal_vcs --> node_venv_lib_python3_12_site-packages_pip__internal_vcs_mercurial_py["mercurial.py"]\n    Root --> node_venv["venv"]\n    node_venv --> node_venv_lib["lib"]\n    node_venv_lib --> node_venv_lib_python3_12["python3.12"]\n    node_venv_lib_python3_12 --> node_venv_lib_python3_12_site-packages["site-packages"]\n    node_venv_lib_python3_12_site-packages --> node_venv_lib_python3_12_site-packages_pip["pip"]\n    node_venv_lib_python3_12_site-packages_pip --> node_venv_lib_python3_12_site-packages_pip__internal["_internal"]\n    node_venv_lib_python3_12_site-packages_pip__internal --> node_venv_lib_python3_12_site-packages_pip__internal_vcs["vcs"]\n    node_venv_lib_python3_12_site-packages_pip__internal_vcs --> node_venv_lib_python3_12_site-packages_pip__internal_vcs_subversion_py["subversion.py"]\n    Root --> node_venv["venv"]\n    node_venv --> node_venv_lib["lib"]\n    node_venv_lib --> node_venv_lib_python3_12["python3.12"]\n    node_venv_lib_python3_12 --> node_venv_lib_python3_12_site-packages["site-packages"]\n    node_venv_lib_python3_12_site-packages --> node_venv_lib_python3_12_site-packages_pip["pip"]\n    node_venv_lib_python3_12_site-packages_pip --> node_venv_lib_python3_12_site-packages_pip__internal["_internal"]\n    node_venv_lib_python3_12_site-packages_pip__internal --> node_venv_lib_python3_12_site-packages_pip__internal_vcs["vcs"]\n    node_venv_lib_python3_12_site-packages_pip__internal_vcs --> node_venv_lib_python3_12_site-packages_pip__internal_vcs_versioncontrol_py["versioncontrol.py"]\n    Root --> node_venv["venv"]\n    node_venv --> node_venv_lib["lib"]\n    node_venv_lib --> node_venv_lib_python3_12["python3.12"]\n    node_venv_lib_python3_12 --> node_venv_lib_python3_12_site-packages["site-packages"]\n    node_venv_lib_python3_12_site-packages --> node_venv_lib_python3_12_site-packages_pip["pip"]\n    node_venv_lib_python3_12_site-packages_pip --> node_venv_lib_python3_12_site-packages_pip__internal["_internal"]\n    node_venv_lib_python3_12_site-packages_pip__internal --> node_venv_lib_python3_12_site-packages_pip__internal_locations["locations"]\n    node_venv_lib_python3_12_site-packages_pip__internal_locations --> node_venv_lib_python3_12_site-packages_pip__internal_locations___init___py["__init__.py"]\n    Root --> node_venv["venv"]\n    node_venv --> node_venv_lib["lib"]\n    node_venv_lib --> node_venv_lib_python3_12["python3.12"]\n    node_venv_lib_python3_12 --> node_venv_lib_python3_12_site-packages["site-packages"]\n    node_venv_lib_python3_12_site-packages --> node_venv_lib_python3_12_site-packages_pip["pip"]\n    node_venv_lib_python3_12_site-packages_pip --> node_venv_lib_python3_12_site-packages_pip__internal["_internal"]\n    node_venv_lib_python3_12_site-packages_pip__internal --> node_venv_lib_python3_12_site-packages_pip__internal_locations["locations"]\n    node_venv_lib_python3_12_site-packages_pip__internal_locations --> node_venv_lib_python3_12_site-packages_pip__internal_locations__distutils_py["_distutils.py"]\n    Root --> node_venv["venv"]\n    node_venv --> node_venv_lib["lib"]\n    node_venv_lib --> node_venv_lib_python3_12["python3.12"]\n    node_venv_lib_python3_12 --> node_venv_lib_python3_12_site-packages["site-packages"]\n    node_venv_lib_python3_12_site-packages --> node_venv_lib_python3_12_site-packages_pip["pip"]\n    node_venv_lib_python3_12_site-packages_pip --> node_venv_lib_python3_12_site-packages_pip__internal["_internal"]\n    node_venv_lib_python3_12_site-packages_pip__internal --> node_venv_lib_python3_12_site-packages_pip__internal_locations["locations"]\n    node_venv_lib_python3_12_site-packages_pip__internal_locations --> node_venv_lib_python3_12_site-packages_pip__internal_locations__sysconfig_py["_sysconfig.py"]\n    Root --> node_venv["venv"]\n    node_venv --> node_venv_lib["lib"]\n    node_venv_lib --> node_venv_lib_python3_12["python3.12"]\n    node_venv_lib_python3_12 --> node_venv_lib_python3_12_site-packages["site-packages"]\n    node_venv_lib_python3_12_site-packages --> node_venv_lib_python3_12_site-packages_pip["pip"]\n    node_venv_lib_python3_12_site-packages_pip --> node_venv_lib_python3_12_site-packages_pip__internal["_internal"]\n    node_venv_lib_python3_12_site-packages_pip__internal --> node_venv_lib_python3_12_site-packages_pip__internal_locations["locations"]\n    node_venv_lib_python3_12_site-packages_pip__internal_locations --> node_venv_lib_python3_12_site-packages_pip__internal_locations_base_py["base.py"]\n    Root --> node_venv["venv"]\n    node_venv --> node_venv_lib["lib"]\n    node_venv_lib --> node_venv_lib_python3_12["python3.12"]\n    node_venv_lib_python3_12 --> node_venv_lib_python3_12_site-packages["site-packages"]\n    node_venv_lib_python3_12_site-packages --> node_venv_lib_python3_12_site-packages_pip["pip"]\n    node_venv_lib_python3_12_site-packages_pip --> node_venv_lib_python3_12_site-packages_pip__internal["_internal"]\n    node_venv_lib_python3_12_site-packages_pip__internal --> node_venv_lib_python3_12_site-packages_pip__internal_index["index"]\n    node_venv_lib_python3_12_site-packages_pip__internal_index --> node_venv_lib_python3_12_site-packages_pip__internal_index___init___py["__init__.py"]\n    Root --> node_venv["venv"]\n    node_venv --> node_venv_lib["lib"]\n    node_venv_lib --> node_venv_lib_python3_12["python3.12"]\n    node_venv_lib_python3_12 --> node_venv_lib_python3_12_site-packages["site-packages"]\n    node_venv_lib_python3_12_site-packages --> node_venv_lib_python3_12_site-packages_pip["pip"]\n    node_venv_lib_python3_12_site-packages_pip --> node_venv_lib_python3_12_site-packages_pip__internal["_internal"]\n    node_venv_lib_python3_12_site-packages_pip__internal --> node_venv_lib_python3_12_site-packages_pip__internal_index["index"]\n    node_venv_lib_python3_12_site-packages_pip__internal_index --> node_venv_lib_python3_12_site-packages_pip__internal_index_collector_py["collector.py"]\n    Root --> node_venv["venv"]\n    node_venv --> node_venv_lib["lib"]\n    node_venv_lib --> node_venv_lib_python3_12["python3.12"]\n    node_venv_lib_python3_12 --> node_venv_lib_python3_12_site-packages["site-packages"]\n    node_venv_lib_python3_12_site-packages --> node_venv_lib_python3_12_site-packages_pip["pip"]\n    node_venv_lib_python3_12_site-packages_pip --> node_venv_lib_python3_12_site-packages_pip__internal["_internal"]\n    node_venv_lib_python3_12_site-packages_pip__internal --> node_venv_lib_python3_12_site-packages_pip__internal_index["index"]\n    node_venv_lib_python3_12_site-packages_pip__internal_index --> node_venv_lib_python3_12_site-packages_pip__internal_index_package_finder_py["package_finder.py"]\n    Root --> node_venv["venv"]\n    node_venv --> node_venv_lib["lib"]\n    node_venv_lib --> node_venv_lib_python3_12["python3.12"]\n    node_venv_lib_python3_12 --> node_venv_lib_python3_12_site-packages["site-packages"]\n    node_venv_lib_python3_12_site-packages --> node_venv_lib_python3_12_site-packages_pip["pip"]\n    node_venv_lib_python3_12_site-packages_pip --> node_venv_lib_python3_12_site-packages_pip__internal["_internal"]\n    node_venv_lib_python3_12_site-packages_pip__internal --> node_venv_lib_python3_12_site-packages_pip__internal_index["index"]\n    node_venv_lib_python3_12_site-packages_pip__internal_index --> node_venv_lib_python3_12_site-packages_pip__internal_index_sources_py["sources.py"]\n    Root --> node_venv["venv"]\n    node_venv --> node_venv_lib["lib"]\n    node_venv_lib --> node_venv_lib_python3_12["python3.12"]\n    node_venv_lib_python3_12 --> node_venv_lib_python3_12_site-packages["site-packages"]\n    node_venv_lib_python3_12_site-packages --> node_venv_lib_python3_12_site-packages_pip["pip"]\n    node_venv_lib_python3_12_site-packages_pip --> node_venv_lib_python3_12_site-packages_pip__internal["_internal"]\n    node_venv_lib_python3_12_site-packages_pip__internal --> node_venv_lib_python3_12_site-packages_pip__internal_commands["commands"]\n    node_venv_lib_python3_12_site-packages_pip__internal_commands --> node_venv_lib_python3_12_site-packages_pip__internal_commands___init___py["__init__.py"]\n    Root --> node_venv["venv"]\n    node_venv --> node_venv_lib["lib"]\n    node_venv_lib --> node_venv_lib_python3_12["python3.12"]\n    node_venv_lib_python3_12 --> node_venv_lib_python3_12_site-packages["site-packages"]\n    node_venv_lib_python3_12_site-packages --> node_venv_lib_python3_12_site-packages_pip["pip"]\n    node_venv_lib_python3_12_site-packages_pip --> node_venv_lib_python3_12_site-packages_pip__internal["_internal"]\n    node_venv_lib_python3_12_site-packages_pip__internal --> node_venv_lib_python3_12_site-packages_pip__internal_commands["commands"]\n    node_venv_lib_python3_12_site-packages_pip__internal_commands --> node_venv_lib_python3_12_site-packages_pip__internal_commands_cache_py["cache.py"]\n    Root --> node_venv["venv"]\n    node_venv --> node_venv_lib["lib"]\n    node_venv_lib --> node_venv_lib_python3_12["python3.12"]\n    node_venv_lib_python3_12 --> node_venv_lib_python3_12_site-packages["site-packages"]\n    node_venv_lib_python3_12_site-packages --> node_venv_lib_python3_12_site-packages_pip["pip"]\n    node_venv_lib_python3_12_site-packages_pip --> node_venv_lib_python3_12_site-packages_pip__internal["_internal"]\n    node_venv_lib_python3_12_site-packages_pip__internal --> node_venv_lib_python3_12_site-packages_pip__internal_commands["commands"]\n    node_venv_lib_python3_12_site-packages_pip__internal_commands --> node_venv_lib_python3_12_site-packages_pip__internal_commands_check_py["check.py"]\n    Root --> node_venv["venv"]\n    node_venv --> node_venv_lib["lib"]\n    node_venv_lib --> node_venv_lib_python3_12["python3.12"]\n    node_venv_lib_python3_12 --> node_venv_lib_python3_12_site-packages["site-packages"]\n    node_venv_lib_python3_12_site-packages --> node_venv_lib_python3_12_site-packages_pip["pip"]\n    node_venv_lib_python3_12_site-packages_pip --> node_venv_lib_python3_12_site-packages_pip__internal["_internal"]\n    node_venv_lib_python3_12_site-packages_pip__internal --> node_venv_lib_python3_12_site-packages_pip__internal_commands["commands"]\n    node_venv_lib_python3_12_site-packages_pip__internal_commands --> node_venv_lib_python3_12_site-packages_pip__internal_commands_completion_py["completion.py"]\n    Root --> node_venv["venv"]\n    node_venv --> node_venv_lib["lib"]\n    node_venv_lib --> node_venv_lib_python3_12["python3.12"]\n    node_venv_lib_python3_12 --> node_venv_lib_python3_12_site-packages["site-packages"]\n    node_venv_lib_python3_12_site-packages --> node_venv_lib_python3_12_site-packages_pip["pip"]\n    node_venv_lib_python3_12_site-packages_pip --> node_venv_lib_python3_12_site-packages_pip__internal["_internal"]\n    node_venv_lib_python3_12_site-packages_pip__internal --> node_venv_lib_python3_12_site-packages_pip__internal_commands["commands"]\n    node_venv_lib_python3_12_site-packages_pip__internal_commands --> node_venv_lib_python3_12_site-packages_pip__internal_commands_configuration_py["configuration.py"]\n    Root --> node_venv["venv"]\n    node_venv --> node_venv_lib["lib"]\n    node_venv_lib --> node_venv_lib_python3_12["python3.12"]\n    node_venv_lib_python3_12 --> node_venv_lib_python3_12_site-packages["site-packages"]\n    node_venv_lib_python3_12_site-packages --> node_venv_lib_python3_12_site-packages_pip["pip"]\n    node_venv_lib_python3_12_site-packages_pip --> node_venv_lib_python3_12_site-packages_pip__internal["_internal"]\n    node_venv_lib_python3_12_site-packages_pip__internal --> node_venv_lib_python3_12_site-packages_pip__internal_commands["commands"]\n    node_venv_lib_python3_12_site-packages_pip__internal_commands --> node_venv_lib_python3_12_site-packages_pip__internal_commands_debug_py["debug.py"]\n    Root --> node_venv["venv"]\n    node_venv --> node_venv_lib["lib"]\n    node_venv_lib --> node_venv_lib_python3_12["python3.12"]\n    node_venv_lib_python3_12 --> node_venv_lib_python3_12_site-packages["site-packages"]\n    node_venv_lib_python3_12_site-packages --> node_venv_lib_python3_12_site-packages_pip["pip"]\n    node_venv_lib_python3_12_site-packages_pip --> node_venv_lib_python3_12_site-packages_pip__internal["_internal"]\n    node_venv_lib_python3_12_site-packages_pip__internal --> node_venv_lib_python3_12_site-packages_pip__internal_commands["commands"]\n    node_venv_lib_python3_12_site-packages_pip__internal_commands --> node_venv_lib_python3_12_site-packages_pip__internal_commands_download_py["download.py"]\n    Root --> node_venv["venv"]\n    node_venv --> node_venv_lib["lib"]\n    node_venv_lib --> node_venv_lib_python3_12["python3.12"]\n    node_venv_lib_python3_12 --> node_venv_lib_python3_12_site-packages["site-packages"]\n    node_venv_lib_python3_12_site-packages --> node_venv_lib_python3_12_site-packages_pip["pip"]\n    node_venv_lib_python3_12_site-packages_pip --> node_venv_lib_python3_12_site-packages_pip__internal["_internal"]\n    node_venv_lib_python3_12_site-packages_pip__internal --> node_venv_lib_python3_12_site-packages_pip__internal_commands["commands"]\n    node_venv_lib_python3_12_site-packages_pip__internal_commands --> node_venv_lib_python3_12_site-packages_pip__internal_commands_freeze_py["freeze.py"]\n    Root --> node_venv["venv"]\n    node_venv --> node_venv_lib["lib"]\n    node_venv_lib --> node_venv_lib_python3_12["python3.12"]\n    node_venv_lib_python3_12 --> node_venv_lib_python3_12_site-packages["site-packages"]\n    node_venv_lib_python3_12_site-packages --> node_venv_lib_python3_12_site-packages_pip["pip"]\n    node_venv_lib_python3_12_site-packages_pip --> node_venv_lib_python3_12_site-packages_pip__internal["_internal"]\n    node_venv_lib_python3_12_site-packages_pip__internal --> node_venv_lib_python3_12_site-packages_pip__internal_commands["commands"]\n    node_venv_lib_python3_12_site-packages_pip__internal_commands --> node_venv_lib_python3_12_site-packages_pip__internal_commands_hash_py["hash.py"]\n    Root --> node_venv["venv"]\n    node_venv --> node_venv_lib["lib"]\n    node_venv_lib --> node_venv_lib_python3_12["python3.12"]\n    node_venv_lib_python3_12 --> node_venv_lib_python3_12_site-packages["site-packages"]\n    node_venv_lib_python3_12_site-packages --> node_venv_lib_python3_12_site-packages_pip["pip"]\n    node_venv_lib_python3_12_site-packages_pip --> node_venv_lib_python3_12_site-packages_pip__internal["_internal"]\n    node_venv_lib_python3_12_site-packages_pip__internal --> node_venv_lib_python3_12_site-packages_pip__internal_commands["commands"]\n    node_venv_lib_python3_12_site-packages_pip__internal_commands --> node_venv_lib_python3_12_site-packages_pip__internal_commands_help_py["help.py"]\n    Root --> node_venv["venv"]\n    node_venv --> node_venv_lib["lib"]\n    node_venv_lib --> node_venv_lib_python3_12["python3.12"]\n    node_venv_lib_python3_12 --> node_venv_lib_python3_12_site-packages["site-packages"]\n    node_venv_lib_python3_12_site-packages --> node_venv_lib_python3_12_site-packages_pip["pip"]\n    node_venv_lib_python3_12_site-packages_pip --> node_venv_lib_python3_12_site-packages_pip__internal["_internal"]\n    node_venv_lib_python3_12_site-packages_pip__internal --> node_venv_lib_python3_12_site-packages_pip__internal_commands["commands"]\n    node_venv_lib_python3_12_site-packages_pip__internal_commands --> node_venv_lib_python3_12_site-packages_pip__internal_commands_index_py["index.py"]\n    Root --> node_venv["venv"]\n    node_venv --> node_venv_lib["lib"]\n    node_venv_lib --> node_venv_lib_python3_12["python3.12"]\n    node_venv_lib_python3_12 --> node_venv_lib_python3_12_site-packages["site-packages"]\n    node_venv_lib_python3_12_site-packages --> node_venv_lib_python3_12_site-packages_pip["pip"]\n    node_venv_lib_python3_12_site-packages_pip --> node_venv_lib_python3_12_site-packages_pip__internal["_internal"]\n    node_venv_lib_python3_12_site-packages_pip__internal --> node_venv_lib_python3_12_site-packages_pip__internal_commands["commands"]\n    node_venv_lib_python3_12_site-packages_pip__internal_commands --> node_venv_lib_python3_12_site-packages_pip__internal_commands_inspect_py["inspect.py"]\n    Root --> node_venv["venv"]\n    node_venv --> node_venv_lib["lib"]\n    node_venv_lib --> node_venv_lib_python3_12["python3.12"]\n    node_venv_lib_python3_12 --> node_venv_lib_python3_12_site-packages["site-packages"]\n    node_venv_lib_python3_12_site-packages --> node_venv_lib_python3_12_site-packages_pip["pip"]\n    node_venv_lib_python3_12_site-packages_pip --> node_venv_lib_python3_12_site-packages_pip__internal["_internal"]\n    node_venv_lib_python3_12_site-packages_pip__internal --> node_venv_lib_python3_12_site-packages_pip__internal_commands["commands"]\n    node_venv_lib_python3_12_site-packages_pip__internal_commands --> node_venv_lib_python3_12_site-packages_pip__internal_commands_install_py["install.py"]\n    Root --> node_venv["venv"]\n    node_venv --> node_venv_lib["lib"]\n    node_venv_lib --> node_venv_lib_python3_12["python3.12"]\n    node_venv_lib_python3_12 --> node_venv_lib_python3_12_site-packages["site-packages"]\n    node_venv_lib_python3_12_site-packages --> node_venv_lib_python3_12_site-packages_pip["pip"]\n    node_venv_lib_python3_12_site-packages_pip --> node_venv_lib_python3_12_site-packages_pip__internal["_internal"]\n    node_venv_lib_python3_12_site-packages_pip__internal --> node_venv_lib_python3_12_site-packages_pip__internal_commands["commands"]\n    node_venv_lib_python3_12_site-packages_pip__internal_commands --> node_venv_lib_python3_12_site-packages_pip__internal_commands_list_py["list.py"]\n    Root --> node_venv["venv"]\n    node_venv --> node_venv_lib["lib"]\n    node_venv_lib --> node_venv_lib_python3_12["python3.12"]\n    node_venv_lib_python3_12 --> node_venv_lib_python3_12_site-packages["site-packages"]\n    node_venv_lib_python3_12_site-packages --> node_venv_lib_python3_12_site-packages_pip["pip"]\n    node_venv_lib_python3_12_site-packages_pip --> node_venv_lib_python3_12_site-packages_pip__internal["_internal"]\n    node_venv_lib_python3_12_site-packages_pip__internal --> node_venv_lib_python3_12_site-packages_pip__internal_commands["commands"]\n    node_venv_lib_python3_12_site-packages_pip__internal_commands --> node_venv_lib_python3_12_site-packages_pip__internal_commands_search_py["search.py"]\n    Root --> node_venv["venv"]\n    node_venv --> node_venv_lib["lib"]\n    node_venv_lib --> node_venv_lib_python3_12["python3.12"]\n    node_venv_lib_python3_12 --> node_venv_lib_python3_12_site-packages["site-packages"]\n    node_venv_lib_python3_12_site-packages --> node_venv_lib_python3_12_site-packages_pip["pip"]\n    node_venv_lib_python3_12_site-packages_pip --> node_venv_lib_python3_12_site-packages_pip__internal["_internal"]\n    node_venv_lib_python3_12_site-packages_pip__internal --> node_venv_lib_python3_12_site-packages_pip__internal_commands["commands"]\n    node_venv_lib_python3_12_site-packages_pip__internal_commands --> node_venv_lib_python3_12_site-packages_pip__internal_commands_show_py["show.py"]\n    Root --> node_venv["venv"]\n    node_venv --> node_venv_lib["lib"]\n    node_venv_lib --> node_venv_lib_python3_12["python3.12"]\n    node_venv_lib_python3_12 --> node_venv_lib_python3_12_site-packages["site-packages"]\n    node_venv_lib_python3_12_site-packages --> node_venv_lib_python3_12_site-packages_pip["pip"]\n    node_venv_lib_python3_12_site-packages_pip --> node_venv_lib_python3_12_site-packages_pip__internal["_internal"]\n    node_venv_lib_python3_12_site-packages_pip__internal --> node_venv_lib_python3_12_site-packages_pip__internal_commands["commands"]\n    node_venv_lib_python3_12_site-packages_pip__internal_commands --> node_venv_lib_python3_12_site-packages_pip__internal_commands_uninstall_py["uninstall.py"]\n    Root --> node_venv["venv"]\n    node_venv --> node_venv_lib["lib"]\n    node_venv_lib --> node_venv_lib_python3_12["python3.12"]\n    node_venv_lib_python3_12 --> node_venv_lib_python3_12_site-packages["site-packages"]\n    node_venv_lib_python3_12_site-packages --> node_venv_lib_python3_12_site-packages_pip["pip"]\n    node_venv_lib_python3_12_site-packages_pip --> node_venv_lib_python3_12_site-packages_pip__internal["_internal"]\n    node_venv_lib_python3_12_site-packages_pip__internal --> node_venv_lib_python3_12_site-packages_pip__internal_commands["commands"]\n    node_venv_lib_python3_12_site-packages_pip__internal_commands --> node_venv_lib_python3_12_site-packages_pip__internal_commands_wheel_py["wheel.py"]\n    Root --> node_venv["venv"]\n    node_venv --> node_venv_lib["lib"]\n    node_venv_lib --> node_venv_lib_python3_12["python3.12"]\n    node_venv_lib_python3_12 --> node_venv_lib_python3_12_site-packages["site-packages"]\n    node_venv_lib_python3_12_site-packages --> node_venv_lib_python3_12_site-packages_pip["pip"]\n    node_venv_lib_python3_12_site-packages_pip --> node_venv_lib_python3_12_site-packages_pip__internal["_internal"]\n    node_venv_lib_python3_12_site-packages_pip__internal --> node_venv_lib_python3_12_site-packages_pip__internal_metadata["metadata"]\n    node_venv_lib_python3_12_site-packages_pip__internal_metadata --> node_venv_lib_python3_12_site-packages_pip__internal_metadata___init___py["__init__.py"]\n    Root --> node_venv["venv"]\n    node_venv --> node_venv_lib["lib"]\n    node_venv_lib --> node_venv_lib_python3_12["python3.12"]\n    node_venv_lib_python3_12 --> node_venv_lib_python3_12_site-packages["site-packages"]\n    node_venv_lib_python3_12_site-packages --> node_venv_lib_python3_12_site-packages_pip["pip"]\n    node_venv_lib_python3_12_site-packages_pip --> node_venv_lib_python3_12_site-packages_pip__internal["_internal"]\n    node_venv_lib_python3_12_site-packages_pip__internal --> node_venv_lib_python3_12_site-packages_pip__internal_metadata["metadata"]\n    node_venv_lib_python3_12_site-packages_pip__internal_metadata --> node_venv_lib_python3_12_site-packages_pip__internal_metadata__json_py["_json.py"]\n    Root --> node_venv["venv"]\n    node_venv --> node_venv_lib["lib"]\n    node_venv_lib --> node_venv_lib_python3_12["python3.12"]\n    node_venv_lib_python3_12 --> node_venv_lib_python3_12_site-packages["site-packages"]\n    node_venv_lib_python3_12_site-packages --> node_venv_lib_python3_12_site-packages_pip["pip"]\n    node_venv_lib_python3_12_site-packages_pip --> node_venv_lib_python3_12_site-packages_pip__internal["_internal"]\n    node_venv_lib_python3_12_site-packages_pip__internal --> node_venv_lib_python3_12_site-packages_pip__internal_metadata["metadata"]\n    node_venv_lib_python3_12_site-packages_pip__internal_metadata --> node_venv_lib_python3_12_site-packages_pip__internal_metadata_base_py["base.py"]\n    Root --> node_venv["venv"]\n    node_venv --> node_venv_lib["lib"]\n    node_venv_lib --> node_venv_lib_python3_12["python3.12"]\n    node_venv_lib_python3_12 --> node_venv_lib_python3_12_site-packages["site-packages"]\n    node_venv_lib_python3_12_site-packages --> node_venv_lib_python3_12_site-packages_pip["pip"]\n    node_venv_lib_python3_12_site-packages_pip --> node_venv_lib_python3_12_site-packages_pip__internal["_internal"]\n    node_venv_lib_python3_12_site-packages_pip__internal --> node_venv_lib_python3_12_site-packages_pip__internal_metadata["metadata"]\n    node_venv_lib_python3_12_site-packages_pip__internal_metadata --> node_venv_lib_python3_12_site-packages_pip__internal_metadata_pkg_resources_py["pkg_resources.py"]\n    Root --> node_venv["venv"]\n    node_venv --> node_venv_lib["lib"]\n    node_venv_lib --> node_venv_lib_python3_12["python3.12"]\n    node_venv_lib_python3_12 --> node_venv_lib_python3_12_site-packages["site-packages"]\n    node_venv_lib_python3_12_site-packages --> node_venv_lib_python3_12_site-packages_pip["pip"]\n    node_venv_lib_python3_12_site-packages_pip --> node_venv_lib_python3_12_site-packages_pip__internal["_internal"]\n    node_venv_lib_python3_12_site-packages_pip__internal --> node_venv_lib_python3_12_site-packages_pip__internal_metadata["metadata"]\n    node_venv_lib_python3_12_site-packages_pip__internal_metadata --> node_venv_lib_python3_12_site-packages_pip__internal_metadata_importlib["importlib"]\n    node_venv_lib_python3_12_site-packages_pip__internal_metadata_importlib --> node_venv_lib_python3_12_site-packages_pip__internal_metadata_importlib___init___py["__init__.py"]\n    Root --> node_venv["venv"]\n    node_venv --> node_venv_lib["lib"]\n    node_venv_lib --> node_venv_lib_python3_12["python3.12"]\n    node_venv_lib_python3_12 --> node_venv_lib_python3_12_site-packages["site-packages"]\n    node_venv_lib_python3_12_site-packages --> node_venv_lib_python3_12_site-packages_pip["pip"]\n    node_venv_lib_python3_12_site-packages_pip --> node_venv_lib_python3_12_site-packages_pip__internal["_internal"]\n    node_venv_lib_python3_12_site-packages_pip__internal --> node_venv_lib_python3_12_site-packages_pip__internal_metadata["metadata"]\n    node_venv_lib_python3_12_site-packages_pip__internal_metadata --> node_venv_lib_python3_12_site-packages_pip__internal_metadata_importlib["importlib"]\n    node_venv_lib_python3_12_site-packages_pip__internal_metadata_importlib --> node_venv_lib_python3_12_site-packages_pip__internal_metadata_importlib__compat_py["_compat.py"]\n    Root --> node_venv["venv"]\n    node_venv --> node_venv_lib["lib"]\n    node_venv_lib --> node_venv_lib_python3_12["python3.12"]\n    node_venv_lib_python3_12 --> node_venv_lib_python3_12_site-packages["site-packages"]\n    node_venv_lib_python3_12_site-packages --> node_venv_lib_python3_12_site-packages_pip["pip"]\n    node_venv_lib_python3_12_site-packages_pip --> node_venv_lib_python3_12_site-packages_pip__internal["_internal"]\n    node_venv_lib_python3_12_site-packages_pip__internal --> node_venv_lib_python3_12_site-packages_pip__internal_metadata["metadata"]\n    node_venv_lib_python3_12_site-packages_pip__internal_metadata --> node_venv_lib_python3_12_site-packages_pip__internal_metadata_importlib["importlib"]\n    node_venv_lib_python3_12_site-packages_pip__internal_metadata_importlib --> node_venv_lib_python3_12_site-packages_pip__internal_metadata_importlib__dists_py["_dists.py"]\n    Root --> node_venv["venv"]\n    node_venv --> node_venv_lib["lib"]\n    node_venv_lib --> node_venv_lib_python3_12["python3.12"]\n    node_venv_lib_python3_12 --> node_venv_lib_python3_12_site-packages["site-packages"]\n    node_venv_lib_python3_12_site-packages --> node_venv_lib_python3_12_site-packages_pip["pip"]\n    node_venv_lib_python3_12_site-packages_pip --> node_venv_lib_python3_12_site-packages_pip__internal["_internal"]\n    node_venv_lib_python3_12_site-packages_pip__internal --> node_venv_lib_python3_12_site-packages_pip__internal_metadata["metadata"]\n    node_venv_lib_python3_12_site-packages_pip__internal_metadata --> node_venv_lib_python3_12_site-packages_pip__internal_metadata_importlib["importlib"]\n    node_venv_lib_python3_12_site-packages_pip__internal_metadata_importlib --> node_venv_lib_python3_12_site-packages_pip__internal_metadata_importlib__envs_py["_envs.py"]\n    Root --> node_venv["venv"]\n    node_venv --> node_venv_lib["lib"]\n    node_venv_lib --> node_venv_lib_python3_12["python3.12"]\n    node_venv_lib_python3_12 --> node_venv_lib_python3_12_site-packages["site-packages"]\n    node_venv_lib_python3_12_site-packages --> node_venv_lib_python3_12_site-packages_pip["pip"]\n    node_venv_lib_python3_12_site-packages_pip --> node_venv_lib_python3_12_site-packages_pip__internal["_internal"]\n    node_venv_lib_python3_12_site-packages_pip__internal --> node_venv_lib_python3_12_site-packages_pip__internal_distributions["distributions"]\n    node_venv_lib_python3_12_site-packages_pip__internal_distributions --> node_venv_lib_python3_12_site-packages_pip__internal_distributions___init___py["__init__.py"]\n    Root --> node_venv["venv"]\n    node_venv --> node_venv_lib["lib"]\n    node_venv_lib --> node_venv_lib_python3_12["python3.12"]\n    node_venv_lib_python3_12 --> node_venv_lib_python3_12_site-packages["site-packages"]\n    node_venv_lib_python3_12_site-packages --> node_venv_lib_python3_12_site-packages_pip["pip"]\n    node_venv_lib_python3_12_site-packages_pip --> node_venv_lib_python3_12_site-packages_pip__internal["_internal"]\n    node_venv_lib_python3_12_site-packages_pip__internal --> node_venv_lib_python3_12_site-packages_pip__internal_distributions["distributions"]\n    node_venv_lib_python3_12_site-packages_pip__internal_distributions --> node_venv_lib_python3_12_site-packages_pip__internal_distributions_base_py["base.py"]\n    Root --> node_venv["venv"]\n    node_venv --> node_venv_lib["lib"]\n    node_venv_lib --> node_venv_lib_python3_12["python3.12"]\n    node_venv_lib_python3_12 --> node_venv_lib_python3_12_site-packages["site-packages"]\n    node_venv_lib_python3_12_site-packages --> node_venv_lib_python3_12_site-packages_pip["pip"]\n    node_venv_lib_python3_12_site-packages_pip --> node_venv_lib_python3_12_site-packages_pip__internal["_internal"]\n    node_venv_lib_python3_12_site-packages_pip__internal --> node_venv_lib_python3_12_site-packages_pip__internal_distributions["distributions"]\n    node_venv_lib_python3_12_site-packages_pip__internal_distributions --> node_venv_lib_python3_12_site-packages_pip__internal_distributions_installed_py["installed.py"]\n    Root --> node_venv["venv"]\n    node_venv --> node_venv_lib["lib"]\n    node_venv_lib --> node_venv_lib_python3_12["python3.12"]\n    node_venv_lib_python3_12 --> node_venv_lib_python3_12_site-packages["site-packages"]\n    node_venv_lib_python3_12_site-packages --> node_venv_lib_python3_12_site-packages_pip["pip"]\n    node_venv_lib_python3_12_site-packages_pip --> node_venv_lib_python3_12_site-packages_pip__internal["_internal"]\n    node_venv_lib_python3_12_site-packages_pip__internal --> node_venv_lib_python3_12_site-packages_pip__internal_distributions["distributions"]\n    node_venv_lib_python3_12_site-packages_pip__internal_distributions --> node_venv_lib_python3_12_site-packages_pip__internal_distributions_sdist_py["sdist.py"]\n    Root --> node_venv["venv"]\n    node_venv --> node_venv_lib["lib"]\n    node_venv_lib --> node_venv_lib_python3_12["python3.12"]\n    node_venv_lib_python3_12 --> node_venv_lib_python3_12_site-packages["site-packages"]\n    node_venv_lib_python3_12_site-packages --> node_venv_lib_python3_12_site-packages_pip["pip"]\n    node_venv_lib_python3_12_site-packages_pip --> node_venv_lib_python3_12_site-packages_pip__internal["_internal"]\n    node_venv_lib_python3_12_site-packages_pip__internal --> node_venv_lib_python3_12_site-packages_pip__internal_distributions["distributions"]\n    node_venv_lib_python3_12_site-packages_pip__internal_distributions --> node_venv_lib_python3_12_site-packages_pip__internal_distributions_wheel_py["wheel.py"]\n    Root --> node_venv["venv"]\n    node_venv --> node_venv_lib["lib"]\n    node_venv_lib --> node_venv_lib_python3_12["python3.12"]\n    node_venv_lib_python3_12 --> node_venv_lib_python3_12_site-packages["site-packages"]\n    node_venv_lib_python3_12_site-packages --> node_venv_lib_python3_12_site-packages_pip["pip"]\n    node_venv_lib_python3_12_site-packages_pip --> node_venv_lib_python3_12_site-packages_pip__vendor["_vendor"]\n    node_venv_lib_python3_12_site-packages_pip__vendor --> node_venv_lib_python3_12_site-packages_pip__vendor___init___py["__init__.py"]\n    Root --> node_venv["venv"]\n    node_venv --> node_venv_lib["lib"]\n    node_venv_lib --> node_venv_lib_python3_12["python3.12"]\n    node_venv_lib_python3_12 --> node_venv_lib_python3_12_site-packages["site-packages"]\n    node_venv_lib_python3_12_site-packages --> node_venv_lib_python3_12_site-packages_pip["pip"]\n    node_venv_lib_python3_12_site-packages_pip --> node_venv_lib_python3_12_site-packages_pip__vendor["_vendor"]\n    node_venv_lib_python3_12_site-packages_pip__vendor --> node_venv_lib_python3_12_site-packages_pip__vendor_typing_extensions_py["typing_extensions.py"]\n    Root --> node_venv["venv"]\n    node_venv --> node_venv_lib["lib"]\n    node_venv_lib --> node_venv_lib_python3_12["python3.12"]\n    node_venv_lib_python3_12 --> node_venv_lib_python3_12_site-packages["site-packages"]\n    node_venv_lib_python3_12_site-packages --> node_venv_lib_python3_12_site-packages_pip["pip"]\n    node_venv_lib_python3_12_site-packages_pip --> node_venv_lib_python3_12_site-packages_pip__vendor["_vendor"]\n    node_venv_lib_python3_12_site-packages_pip__vendor --> node_venv_lib_python3_12_site-packages_pip__vendor_vendor_txt["vendor.txt"]\n    Root --> node_venv["venv"]\n    node_venv --> node_venv_lib["lib"]\n    node_venv_lib --> node_venv_lib_python3_12["python3.12"]\n    node_venv_lib_python3_12 --> node_venv_lib_python3_12_site-packages["site-packages"]\n    node_venv_lib_python3_12_site-packages --> node_venv_lib_python3_12_site-packages_pip["pip"]\n    node_venv_lib_python3_12_site-packages_pip --> node_venv_lib_python3_12_site-packages_pip__vendor["_vendor"]\n    node_venv_lib_python3_12_site-packages_pip__vendor --> node_venv_lib_python3_12_site-packages_pip__vendor_packaging["packaging"]\n    node_venv_lib_python3_12_site-packages_pip__vendor_packaging --> node_venv_lib_python3_12_site-packages_pip__vendor_packaging___init___py["__init__.py"]\n    Root --> node_venv["venv"]\n    node_venv --> node_venv_lib["lib"]\n    node_venv_lib --> node_venv_lib_python3_12["python3.12"]\n    node_venv_lib_python3_12 --> node_venv_lib_python3_12_site-packages["site-packages"]\n    node_venv_lib_python3_12_site-packages --> node_venv_lib_python3_12_site-packages_pip["pip"]\n    node_venv_lib_python3_12_site-packages_pip --> node_venv_lib_python3_12_site-packages_pip__vendor["_vendor"]\n    node_venv_lib_python3_12_site-packages_pip__vendor --> node_venv_lib_python3_12_site-packages_pip__vendor_packaging["packaging"]\n    node_venv_lib_python3_12_site-packages_pip__vendor_packaging --> node_venv_lib_python3_12_site-packages_pip__vendor_packaging__elffile_py["_elffile.py"]\n    Root --> node_venv["venv"]\n    node_venv --> node_venv_lib["lib"]\n    node_venv_lib --> node_venv_lib_python3_12["python3.12"]\n    node_venv_lib_python3_12 --> node_venv_lib_python3_12_site-packages["site-packages"]\n    node_venv_lib_python3_12_site-packages --> node_venv_lib_python3_12_site-packages_pip["pip"]\n    node_venv_lib_python3_12_site-packages_pip --> node_venv_lib_python3_12_site-packages_pip__vendor["_vendor"]\n    node_venv_lib_python3_12_site-packages_pip__vendor --> node_venv_lib_python3_12_site-packages_pip__vendor_packaging["packaging"]\n    node_venv_lib_python3_12_site-packages_pip__vendor_packaging --> node_venv_lib_python3_12_site-packages_pip__vendor_packaging__manylinux_py["_manylinux.py"]\n    Root --> node_venv["venv"]\n    node_venv --> node_venv_lib["lib"]\n    node_venv_lib --> node_venv_lib_python3_12["python3.12"]\n    node_venv_lib_python3_12 --> node_venv_lib_python3_12_site-packages["site-packages"]\n    node_venv_lib_python3_12_site-packages --> node_venv_lib_python3_12_site-packages_pip["pip"]\n    node_venv_lib_python3_12_site-packages_pip --> node_venv_lib_python3_12_site-packages_pip__vendor["_vendor"]\n    node_venv_lib_python3_12_site-packages_pip__vendor --> node_venv_lib_python3_12_site-packages_pip__vendor_packaging["packaging"]\n    node_venv_lib_python3_12_site-packages_pip__vendor_packaging --> node_venv_lib_python3_12_site-packages_pip__vendor_packaging__musllinux_py["_musllinux.py"]\n    Root --> node_venv["venv"]\n    node_venv --> node_venv_lib["lib"]\n    node_venv_lib --> node_venv_lib_python3_12["python3.12"]\n    node_venv_lib_python3_12 --> node_venv_lib_python3_12_site-packages["site-packages"]\n    node_venv_lib_python3_12_site-packages --> node_venv_lib_python3_12_site-packages_pip["pip"]\n    node_venv_lib_python3_12_site-packages_pip --> node_venv_lib_python3_12_site-packages_pip__vendor["_vendor"]\n    node_venv_lib_python3_12_site-packages_pip__vendor --> node_venv_lib_python3_12_site-packages_pip__vendor_packaging["packaging"]\n    node_venv_lib_python3_12_site-packages_pip__vendor_packaging --> node_venv_lib_python3_12_site-packages_pip__vendor_packaging__parser_py["_parser.py"]\n    Root --> node_venv["venv"]\n    node_venv --> node_venv_lib["lib"]\n    node_venv_lib --> node_venv_lib_python3_12["python3.12"]\n    node_venv_lib_python3_12 --> node_venv_lib_python3_12_site-packages["site-packages"]\n    node_venv_lib_python3_12_site-packages --> node_venv_lib_python3_12_site-packages_pip["pip"]\n    node_venv_lib_python3_12_site-packages_pip --> node_venv_lib_python3_12_site-packages_pip__vendor["_vendor"]\n    node_venv_lib_python3_12_site-packages_pip__vendor --> node_venv_lib_python3_12_site-packages_pip__vendor_packaging["packaging"]\n    node_venv_lib_python3_12_site-packages_pip__vendor_packaging --> node_venv_lib_python3_12_site-packages_pip__vendor_packaging__structures_py["_structures.py"]\n    Root --> node_venv["venv"]\n    node_venv --> node_venv_lib["lib"]\n    node_venv_lib --> node_venv_lib_python3_12["python3.12"]\n    node_venv_lib_python3_12 --> node_venv_lib_python3_12_site-packages["site-packages"]\n    node_venv_lib_python3_12_site-packages --> node_venv_lib_python3_12_site-packages_pip["pip"]\n    node_venv_lib_python3_12_site-packages_pip --> node_venv_lib_python3_12_site-packages_pip__vendor["_vendor"]\n    node_venv_lib_python3_12_site-packages_pip__vendor --> node_venv_lib_python3_12_site-packages_pip__vendor_packaging["packaging"]\n    node_venv_lib_python3_12_site-packages_pip__vendor_packaging --> node_venv_lib_python3_12_site-packages_pip__vendor_packaging__tokenizer_py["_tokenizer.py"]\n    Root --> node_venv["venv"]\n    node_venv --> node_venv_lib["lib"]\n    node_venv_lib --> node_venv_lib_python3_12["python3.12"]\n    node_venv_lib_python3_12 --> node_venv_lib_python3_12_site-packages["site-packages"]\n    node_venv_lib_python3_12_site-packages --> node_venv_lib_python3_12_site-packages_pip["pip"]\n    node_venv_lib_python3_12_site-packages_pip --> node_venv_lib_python3_12_site-packages_pip__vendor["_vendor"]\n    node_venv_lib_python3_12_site-packages_pip__vendor --> node_venv_lib_python3_12_site-packages_pip__vendor_packaging["packaging"]\n    node_venv_lib_python3_12_site-packages_pip__vendor_packaging --> node_venv_lib_python3_12_site-packages_pip__vendor_packaging_markers_py["markers.py"]\n    Root --> node_venv["venv"]\n    node_venv --> node_venv_lib["lib"]\n    node_venv_lib --> node_venv_lib_python3_12["python3.12"]\n    node_venv_lib_python3_12 --> node_venv_lib_python3_12_site-packages["site-packages"]\n    node_venv_lib_python3_12_site-packages --> node_venv_lib_python3_12_site-packages_pip["pip"]\n    node_venv_lib_python3_12_site-packages_pip --> node_venv_lib_python3_12_site-packages_pip__vendor["_vendor"]\n    node_venv_lib_python3_12_site-packages_pip__vendor --> node_venv_lib_python3_12_site-packages_pip__vendor_packaging["packaging"]\n    node_venv_lib_python3_12_site-packages_pip__vendor_packaging --> node_venv_lib_python3_12_site-packages_pip__vendor_packaging_metadata_py["metadata.py"]\n    Root --> node_venv["venv"]\n    node_venv --> node_venv_lib["lib"]\n    node_venv_lib --> node_venv_lib_python3_12["python3.12"]\n    node_venv_lib_python3_12 --> node_venv_lib_python3_12_site-packages["site-packages"]\n    node_venv_lib_python3_12_site-packages --> node_venv_lib_python3_12_site-packages_pip["pip"]\n    node_venv_lib_python3_12_site-packages_pip --> node_venv_lib_python3_12_site-packages_pip__vendor["_vendor"]\n    node_venv_lib_python3_12_site-packages_pip__vendor --> node_venv_lib_python3_12_site-packages_pip__vendor_packaging["packaging"]\n    node_venv_lib_python3_12_site-packages_pip__vendor_packaging --> node_venv_lib_python3_12_site-packages_pip__vendor_packaging_py_typed["py.typed"]\n    Root --> node_venv["venv"]\n    node_venv --> node_venv_lib["lib"]\n    node_venv_lib --> node_venv_lib_python3_12["python3.12"]\n    node_venv_lib_python3_12 --> node_venv_lib_python3_12_site-packages["site-packages"]\n    node_venv_lib_python3_12_site-packages --> node_venv_lib_python3_12_site-packages_pip["pip"]\n    node_venv_lib_python3_12_site-packages_pip --> node_venv_lib_python3_12_site-packages_pip__vendor["_vendor"]\n    node_venv_lib_python3_12_site-packages_pip__vendor --> node_venv_lib_python3_12_site-packages_pip__vendor_packaging["packaging"]\n    node_venv_lib_python3_12_site-packages_pip__vendor_packaging --> node_venv_lib_python3_12_site-packages_pip__vendor_packaging_requirements_py["requirements.py"]\n    Root --> node_venv["venv"]\n    node_venv --> node_venv_lib["lib"]\n    node_venv_lib --> node_venv_lib_python3_12["python3.12"]\n    node_venv_lib_python3_12 --> node_venv_lib_python3_12_site-packages["site-packages"]\n    node_venv_lib_python3_12_site-packages --> node_venv_lib_python3_12_site-packages_pip["pip"]\n    node_venv_lib_python3_12_site-packages_pip --> node_venv_lib_python3_12_site-packages_pip__vendor["_vendor"]\n    node_venv_lib_python3_12_site-packages_pip__vendor --> node_venv_lib_python3_12_site-packages_pip__vendor_packaging["packaging"]\n    node_venv_lib_python3_12_site-packages_pip__vendor_packaging --> node_venv_lib_python3_12_site-packages_pip__vendor_packaging_specifiers_py["specifiers.py"]\n    Root --> node_venv["venv"]\n    node_venv --> node_venv_lib["lib"]\n    node_venv_lib --> node_venv_lib_python3_12["python3.12"]\n    node_venv_lib_python3_12 --> node_venv_lib_python3_12_site-packages["site-packages"]\n    node_venv_lib_python3_12_site-packages --> node_venv_lib_python3_12_site-packages_pip["pip"]\n    node_venv_lib_python3_12_site-packages_pip --> node_venv_lib_python3_12_site-packages_pip__vendor["_vendor"]\n    node_venv_lib_python3_12_site-packages_pip__vendor --> node_venv_lib_python3_12_site-packages_pip__vendor_packaging["packaging"]\n    node_venv_lib_python3_12_site-packages_pip__vendor_packaging --> node_venv_lib_python3_12_site-packages_pip__vendor_packaging_tags_py["tags.py"]\n    Root --> node_venv["venv"]\n    node_venv --> node_venv_lib["lib"]\n    node_venv_lib --> node_venv_lib_python3_12["python3.12"]\n    node_venv_lib_python3_12 --> node_venv_lib_python3_12_site-packages["site-packages"]\n    node_venv_lib_python3_12_site-packages --> node_venv_lib_python3_12_site-packages_pip["pip"]\n    node_venv_lib_python3_12_site-packages_pip --> node_venv_lib_python3_12_site-packages_pip__vendor["_vendor"]\n    node_venv_lib_python3_12_site-packages_pip__vendor --> node_venv_lib_python3_12_site-packages_pip__vendor_packaging["packaging"]\n    node_venv_lib_python3_12_site-packages_pip__vendor_packaging --> node_venv_lib_python3_12_site-packages_pip__vendor_packaging_utils_py["utils.py"]\n    Root --> node_venv["venv"]\n    node_venv --> node_venv_lib["lib"]\n    node_venv_lib --> node_venv_lib_python3_12["python3.12"]\n    node_venv_lib_python3_12 --> node_venv_lib_python3_12_site-packages["site-packages"]\n    node_venv_lib_python3_12_site-packages --> node_venv_lib_python3_12_site-packages_pip["pip"]\n    node_venv_lib_python3_12_site-packages_pip --> node_venv_lib_python3_12_site-packages_pip__vendor["_vendor"]\n    node_venv_lib_python3_12_site-packages_pip__vendor --> node_venv_lib_python3_12_site-packages_pip__vendor_packaging["packaging"]\n    node_venv_lib_python3_12_site-packages_pip__vendor_packaging --> node_venv_lib_python3_12_site-packages_pip__vendor_packaging_version_py["version.py"]\n    Root --> node_venv["venv"]\n    node_venv --> node_venv_lib["lib"]\n    node_venv_lib --> node_venv_lib_python3_12["python3.12"]\n    node_venv_lib_python3_12 --> node_venv_lib_python3_12_site-packages["site-packages"]\n    node_venv_lib_python3_12_site-packages --> node_venv_lib_python3_12_site-packages_pip["pip"]\n    node_venv_lib_python3_12_site-packages_pip --> node_venv_lib_python3_12_site-packages_pip__vendor["_vendor"]\n    node_venv_lib_python3_12_site-packages_pip__vendor --> node_venv_lib_python3_12_site-packages_pip__vendor_packaging["packaging"]\n    node_venv_lib_python3_12_site-packages_pip__vendor_packaging --> node_venv_lib_python3_12_site-packages_pip__vendor_packaging_licenses["licenses"]\n    node_venv_lib_python3_12_site-packages_pip__vendor_packaging_licenses --> node_venv_lib_python3_12_site-packages_pip__vendor_packaging_licenses___init___py["__init__.py"]\n    Root --> node_venv["venv"]\n    node_venv --> node_venv_lib["lib"]\n    node_venv_lib --> node_venv_lib_python3_12["python3.12"]\n    node_venv_lib_python3_12 --> node_venv_lib_python3_12_site-packages["site-packages"]\n    node_venv_lib_python3_12_site-packages --> node_venv_lib_python3_12_site-packages_pip["pip"]\n    node_venv_lib_python3_12_site-packages_pip --> node_venv_lib_python3_12_site-packages_pip__vendor["_vendor"]\n    node_venv_lib_python3_12_site-packages_pip__vendor --> node_venv_lib_python3_12_site-packages_pip__vendor_packaging["packaging"]\n    node_venv_lib_python3_12_site-packages_pip__vendor_packaging --> node_venv_lib_python3_12_site-packages_pip__vendor_packaging_licenses["licenses"]\n    node_venv_lib_python3_12_site-packages_pip__vendor_packaging_licenses --> node_venv_lib_python3_12_site-packages_pip__vendor_packaging_licenses__spdx_py["_spdx.py"]\n    Root --> node_venv["venv"]\n    node_venv --> node_venv_lib["lib"]\n    node_venv_lib --> node_venv_lib_python3_12["python3.12"]\n    node_venv_lib_python3_12 --> node_venv_lib_python3_12_site-packages["site-packages"]\n    node_venv_lib_python3_12_site-packages --> node_venv_lib_python3_12_site-packages_pip["pip"]\n    node_venv_lib_python3_12_site-packages_pip --> node_venv_lib_python3_12_site-packages_pip__vendor["_vendor"]\n    node_venv_lib_python3_12_site-packages_pip__vendor --> node_venv_lib_python3_12_site-packages_pip__vendor_truststore["truststore"]\n    node_venv_lib_python3_12_site-packages_pip__vendor_truststore --> node_venv_lib_python3_12_site-packages_pip__vendor_truststore___init___py["__init__.py"]\n    Root --> node_venv["venv"]\n    node_venv --> node_venv_lib["lib"]\n    node_venv_lib --> node_venv_lib_python3_12["python3.12"]\n    node_venv_lib_python3_12 --> node_venv_lib_python3_12_site-packages["site-packages"]\n    node_venv_lib_python3_12_site-packages --> node_venv_lib_python3_12_site-packages_pip["pip"]\n    node_venv_lib_python3_12_site-packages_pip --> node_venv_lib_python3_12_site-packages_pip__vendor["_vendor"]\n    node_venv_lib_python3_12_site-packages_pip__vendor --> node_venv_lib_python3_12_site-packages_pip__vendor_truststore["truststore"]\n    node_venv_lib_python3_12_site-packages_pip__vendor_truststore --> node_venv_lib_python3_12_site-packages_pip__vendor_truststore__api_py["_api.py"]\n    Root --> node_venv["venv"]\n    node_venv --> node_venv_lib["lib"]\n    node_venv_lib --> node_venv_lib_python3_12["python3.12"]\n    node_venv_lib_python3_12 --> node_venv_lib_python3_12_site-packages["site-packages"]\n    node_venv_lib_python3_12_site-packages --> node_venv_lib_python3_12_site-packages_pip["pip"]\n    node_venv_lib_python3_12_site-packages_pip --> node_venv_lib_python3_12_site-packages_pip__vendor["_vendor"]\n    node_venv_lib_python3_12_site-packages_pip__vendor --> node_venv_lib_python3_12_site-packages_pip__vendor_truststore["truststore"]\n    node_venv_lib_python3_12_site-packages_pip__vendor_truststore --> node_venv_lib_python3_12_site-packages_pip__vendor_truststore__macos_py["_macos.py"]\n    Root --> node_venv["venv"]\n    node_venv --> node_venv_lib["lib"]\n    node_venv_lib --> node_venv_lib_python3_12["python3.12"]\n    node_venv_lib_python3_12 --> node_venv_lib_python3_12_site-packages["site-packages"]\n    node_venv_lib_python3_12_site-packages --> node_venv_lib_python3_12_site-packages_pip["pip"]\n    node_venv_lib_python3_12_site-packages_pip --> node_venv_lib_python3_12_site-packages_pip__vendor["_vendor"]\n    node_venv_lib_python3_12_site-packages_pip__vendor --> node_venv_lib_python3_12_site-packages_pip__vendor_truststore["truststore"]\n    node_venv_lib_python3_12_site-packages_pip__vendor_truststore --> node_venv_lib_python3_12_site-packages_pip__vendor_truststore__openssl_py["_openssl.py"]\n    Root --> node_venv["venv"]\n    node_venv --> node_venv_lib["lib"]\n    node_venv_lib --> node_venv_lib_python3_12["python3.12"]\n    node_venv_lib_python3_12 --> node_venv_lib_python3_12_site-packages["site-packages"]\n    node_venv_lib_python3_12_site-packages --> node_venv_lib_python3_12_site-packages_pip["pip"]\n    node_venv_lib_python3_12_site-packages_pip --> node_venv_lib_python3_12_site-packages_pip__vendor["_vendor"]\n    node_venv_lib_python3_12_site-packages_pip__vendor --> node_venv_lib_python3_12_site-packages_pip__vendor_truststore["truststore"]\n    node_venv_lib_python3_12_site-packages_pip__vendor_truststore --> node_venv_lib_python3_12_site-packages_pip__vendor_truststore__ssl_constants_py["_ssl_constants.py"]\n    Root --> node_venv["venv"]\n    node_venv --> node_venv_lib["lib"]\n    node_venv_lib --> node_venv_lib_python3_12["python3.12"]\n    node_venv_lib_python3_12 --> node_venv_lib_python3_12_site-packages["site-packages"]\n    node_venv_lib_python3_12_site-packages --> node_venv_lib_python3_12_site-packages_pip["pip"]\n    node_venv_lib_python3_12_site-packages_pip --> node_venv_lib_python3_12_site-packages_pip__vendor["_vendor"]\n    node_venv_lib_python3_12_site-packages_pip__vendor --> node_venv_lib_python3_12_site-packages_pip__vendor_truststore["truststore"]\n    node_venv_lib_python3_12_site-packages_pip__vendor_truststore --> node_venv_lib_python3_12_site-packages_pip__vendor_truststore__windows_py["_windows.py"]\n    Root --> node_venv["venv"]\n    node_venv --> node_venv_lib["lib"]\n    node_venv_lib --> node_venv_lib_python3_12["python3.12"]\n    node_venv_lib_python3_12 --> node_venv_lib_python3_12_site-packages["site-packages"]\n    node_venv_lib_python3_12_site-packages --> node_venv_lib_python3_12_site-packages_pip["pip"]\n    node_venv_lib_python3_12_site-packages_pip --> node_venv_lib_python3_12_site-packages_pip__vendor["_vendor"]\n    node_venv_lib_python3_12_site-packages_pip__vendor --> node_venv_lib_python3_12_site-packages_pip__vendor_truststore["truststore"]\n    node_venv_lib_python3_12_site-packages_pip__vendor_truststore --> node_venv_lib_python3_12_site-packages_pip__vendor_truststore_py_typed["py.typed"]\n    Root --> node_venv["venv"]\n    node_venv --> node_venv_lib["lib"]\n    node_venv_lib --> node_venv_lib_python3_12["python3.12"]\n    node_venv_lib_python3_12 --> node_venv_lib_python3_12_site-packages["site-packages"]\n    node_venv_lib_python3_12_site-packages --> node_venv_lib_python3_12_site-packages_pip["pip"]\n    node_venv_lib_python3_12_site-packages_pip --> node_venv_lib_python3_12_site-packages_pip__vendor["_vendor"]\n    node_venv_lib_python3_12_site-packages_pip__vendor --> node_venv_lib_python3_12_site-packages_pip__vendor_msgpack["msgpack"]\n    node_venv_lib_python3_12_site-packages_pip__vendor_msgpack --> node_venv_lib_python3_12_site-packages_pip__vendor_msgpack___init___py["__init__.py"]\n    Root --> node_venv["venv"]\n    node_venv --> node_venv_lib["lib"]\n    node_venv_lib --> node_venv_lib_python3_12["python3.12"]\n    node_venv_lib_python3_12 --> node_venv_lib_python3_12_site-packages["site-packages"]\n    node_venv_lib_python3_12_site-packages --> node_venv_lib_python3_12_site-packages_pip["pip"]\n    node_venv_lib_python3_12_site-packages_pip --> node_venv_lib_python3_12_site-packages_pip__vendor["_vendor"]\n    node_venv_lib_python3_12_site-packages_pip__vendor --> node_venv_lib_python3_12_site-packages_pip__vendor_msgpack["msgpack"]\n    node_venv_lib_python3_12_site-packages_pip__vendor_msgpack --> node_venv_lib_python3_12_site-packages_pip__vendor_msgpack_exceptions_py["exceptions.py"]\n    Root --> node_venv["venv"]\n    node_venv --> node_venv_lib["lib"]\n    node_venv_lib --> node_venv_lib_python3_12["python3.12"]\n    node_venv_lib_python3_12 --> node_venv_lib_python3_12_site-packages["site-packages"]\n    node_venv_lib_python3_12_site-packages --> node_venv_lib_python3_12_site-packages_pip["pip"]\n    node_venv_lib_python3_12_site-packages_pip --> node_venv_lib_python3_12_site-packages_pip__vendor["_vendor"]\n    node_venv_lib_python3_12_site-packages_pip__vendor --> node_venv_lib_python3_12_site-packages_pip__vendor_msgpack["msgpack"]\n    node_venv_lib_python3_12_site-packages_pip__vendor_msgpack --> node_venv_lib_python3_12_site-packages_pip__vendor_msgpack_ext_py["ext.py"]\n    Root --> node_venv["venv"]\n    node_venv --> node_venv_lib["lib"]\n    node_venv_lib --> node_venv_lib_python3_12["python3.12"]\n    node_venv_lib_python3_12 --> node_venv_lib_python3_12_site-packages["site-packages"]\n    node_venv_lib_python3_12_site-packages --> node_venv_lib_python3_12_site-packages_pip["pip"]\n    node_venv_lib_python3_12_site-packages_pip --> node_venv_lib_python3_12_site-packages_pip__vendor["_vendor"]\n    node_venv_lib_python3_12_site-packages_pip__vendor --> node_venv_lib_python3_12_site-packages_pip__vendor_msgpack["msgpack"]\n    node_venv_lib_python3_12_site-packages_pip__vendor_msgpack --> node_venv_lib_python3_12_site-packages_pip__vendor_msgpack_fallback_py["fallback.py"]\n    Root --> node_venv["venv"]\n    node_venv --> node_venv_lib["lib"]\n    node_venv_lib --> node_venv_lib_python3_12["python3.12"]\n    node_venv_lib_python3_12 --> node_venv_lib_python3_12_site-packages["site-packages"]\n    node_venv_lib_python3_12_site-packages --> node_venv_lib_python3_12_site-packages_pip["pip"]\n    node_venv_lib_python3_12_site-packages_pip --> node_venv_lib_python3_12_site-packages_pip__vendor["_vendor"]\n    node_venv_lib_python3_12_site-packages_pip__vendor --> node_venv_lib_python3_12_site-packages_pip__vendor_pygments["pygments"]\n    node_venv_lib_python3_12_site-packages_pip__vendor_pygments --> node_venv_lib_python3_12_site-packages_pip__vendor_pygments___init___py["__init__.py"]\n    Root --> node_venv["venv"]\n    node_venv --> node_venv_lib["lib"]\n    node_venv_lib --> node_venv_lib_python3_12["python3.12"]\n    node_venv_lib_python3_12 --> node_venv_lib_python3_12_site-packages["site-packages"]\n    node_venv_lib_python3_12_site-packages --> node_venv_lib_python3_12_site-packages_pip["pip"]\n    node_venv_lib_python3_12_site-packages_pip --> node_venv_lib_python3_12_site-packages_pip__vendor["_vendor"]\n    node_venv_lib_python3_12_site-packages_pip__vendor --> node_venv_lib_python3_12_site-packages_pip__vendor_pygments["pygments"]\n    node_venv_lib_python3_12_site-packages_pip__vendor_pygments --> node_venv_lib_python3_12_site-packages_pip__vendor_pygments___main___py["__main__.py"]\n    Root --> node_venv["venv"]\n    node_venv --> node_venv_lib["lib"]\n    node_venv_lib --> node_venv_lib_python3_12["python3.12"]\n    node_venv_lib_python3_12 --> node_venv_lib_python3_12_site-packages["site-packages"]\n    node_venv_lib_python3_12_site-packages --> node_venv_lib_python3_12_site-packages_pip["pip"]\n    node_venv_lib_python3_12_site-packages_pip --> node_venv_lib_python3_12_site-packages_pip__vendor["_vendor"]\n    node_venv_lib_python3_12_site-packages_pip__vendor --> node_venv_lib_python3_12_site-packages_pip__vendor_pygments["pygments"]\n    node_venv_lib_python3_12_site-packages_pip__vendor_pygments --> node_venv_lib_python3_12_site-packages_pip__vendor_pygments_cmdline_py["cmdline.py"]\n    Root --> node_venv["venv"]\n    node_venv --> node_venv_lib["lib"]\n    node_venv_lib --> node_venv_lib_python3_12["python3.12"]\n    node_venv_lib_python3_12 --> node_venv_lib_python3_12_site-packages["site-packages"]\n    node_venv_lib_python3_12_site-packages --> node_venv_lib_python3_12_site-packages_pip["pip"]\n    node_venv_lib_python3_12_site-packages_pip --> node_venv_lib_python3_12_site-packages_pip__vendor["_vendor"]\n    node_venv_lib_python3_12_site-packages_pip__vendor --> node_venv_lib_python3_12_site-packages_pip__vendor_pygments["pygments"]\n    node_venv_lib_python3_12_site-packages_pip__vendor_pygments --> node_venv_lib_python3_12_site-packages_pip__vendor_pygments_console_py["console.py"]\n    Root --> node_venv["venv"]\n    node_venv --> node_venv_lib["lib"]\n    node_venv_lib --> node_venv_lib_python3_12["python3.12"]\n    node_venv_lib_python3_12 --> node_venv_lib_python3_12_site-packages["site-packages"]\n    node_venv_lib_python3_12_site-packages --> node_venv_lib_python3_12_site-packages_pip["pip"]\n    node_venv_lib_python3_12_site-packages_pip --> node_venv_lib_python3_12_site-packages_pip__vendor["_vendor"]\n    node_venv_lib_python3_12_site-packages_pip__vendor --> node_venv_lib_python3_12_site-packages_pip__vendor_pygments["pygments"]\n    node_venv_lib_python3_12_site-packages_pip__vendor_pygments --> node_venv_lib_python3_12_site-packages_pip__vendor_pygments_filter_py["filter.py"]\n    Root --> node_venv["venv"]\n    node_venv --> node_venv_lib["lib"]\n    node_venv_lib --> node_venv_lib_python3_12["python3.12"]\n    node_venv_lib_python3_12 --> node_venv_lib_python3_12_site-packages["site-packages"]\n    node_venv_lib_python3_12_site-packages --> node_venv_lib_python3_12_site-packages_pip["pip"]\n    node_venv_lib_python3_12_site-packages_pip --> node_venv_lib_python3_12_site-packages_pip__vendor["_vendor"]\n    node_venv_lib_python3_12_site-packages_pip__vendor --> node_venv_lib_python3_12_site-packages_pip__vendor_pygments["pygments"]\n    node_venv_lib_python3_12_site-packages_pip__vendor_pygments --> node_venv_lib_python3_12_site-packages_pip__vendor_pygments_formatter_py["formatter.py"]\n    Root --> node_venv["venv"]\n    node_venv --> node_venv_lib["lib"]\n    node_venv_lib --> node_venv_lib_python3_12["python3.12"]\n    node_venv_lib_python3_12 --> node_venv_lib_python3_12_site-packages["site-packages"]\n    node_venv_lib_python3_12_site-packages --> node_venv_lib_python3_12_site-packages_pip["pip"]\n    node_venv_lib_python3_12_site-packages_pip --> node_venv_lib_python3_12_site-packages_pip__vendor["_vendor"]\n    node_venv_lib_python3_12_site-packages_pip__vendor --> node_venv_lib_python3_12_site-packages_pip__vendor_pygments["pygments"]\n    node_venv_lib_python3_12_site-packages_pip__vendor_pygments --> node_venv_lib_python3_12_site-packages_pip__vendor_pygments_lexer_py["lexer.py"]\n    Root --> node_venv["venv"]\n    node_venv --> node_venv_lib["lib"]\n    node_venv_lib --> node_venv_lib_python3_12["python3.12"]\n    node_venv_lib_python3_12 --> node_venv_lib_python3_12_site-packages["site-packages"]\n    node_venv_lib_python3_12_site-packages --> node_venv_lib_python3_12_site-packages_pip["pip"]\n    node_venv_lib_python3_12_site-packages_pip --> node_venv_lib_python3_12_site-packages_pip__vendor["_vendor"]\n    node_venv_lib_python3_12_site-packages_pip__vendor --> node_venv_lib_python3_12_site-packages_pip__vendor_pygments["pygments"]\n    node_venv_lib_python3_12_site-packages_pip__vendor_pygments --> node_venv_lib_python3_12_site-packages_pip__vendor_pygments_modeline_py["modeline.py"]\n    Root --> node_venv["venv"]\n    node_venv --> node_venv_lib["lib"]\n    node_venv_lib --> node_venv_lib_python3_12["python3.12"]\n    node_venv_lib_python3_12 --> node_venv_lib_python3_12_site-packages["site-packages"]\n    node_venv_lib_python3_12_site-packages --> node_venv_lib_python3_12_site-packages_pip["pip"]\n    node_venv_lib_python3_12_site-packages_pip --> node_venv_lib_python3_12_site-packages_pip__vendor["_vendor"]\n    node_venv_lib_python3_12_site-packages_pip__vendor --> node_venv_lib_python3_12_site-packages_pip__vendor_pygments["pygments"]\n    node_venv_lib_python3_12_site-packages_pip__vendor_pygments --> node_venv_lib_python3_12_site-packages_pip__vendor_pygments_plugin_py["plugin.py"]\n    Root --> node_venv["venv"]\n    node_venv --> node_venv_lib["lib"]\n    node_venv_lib --> node_venv_lib_python3_12["python3.12"]\n    node_venv_lib_python3_12 --> node_venv_lib_python3_12_site-packages["site-packages"]\n    node_venv_lib_python3_12_site-packages --> node_venv_lib_python3_12_site-packages_pip["pip"]\n    node_venv_lib_python3_12_site-packages_pip --> node_venv_lib_python3_12_site-packages_pip__vendor["_vendor"]\n    node_venv_lib_python3_12_site-packages_pip__vendor --> node_venv_lib_python3_12_site-packages_pip__vendor_pygments["pygments"]\n    node_venv_lib_python3_12_site-packages_pip__vendor_pygments --> node_venv_lib_python3_12_site-packages_pip__vendor_pygments_regexopt_py["regexopt.py"]\n    Root --> node_venv["venv"]\n    node_venv --> node_venv_lib["lib"]\n    node_venv_lib --> node_venv_lib_python3_12["python3.12"]\n    node_venv_lib_python3_12 --> node_venv_lib_python3_12_site-packages["site-packages"]\n    node_venv_lib_python3_12_site-packages --> node_venv_lib_python3_12_site-packages_pip["pip"]\n    node_venv_lib_python3_12_site-packages_pip --> node_venv_lib_python3_12_site-packages_pip__vendor["_vendor"]\n    node_venv_lib_python3_12_site-packages_pip__vendor --> node_venv_lib_python3_12_site-packages_pip__vendor_pygments["pygments"]\n    node_venv_lib_python3_12_site-packages_pip__vendor_pygments --> node_venv_lib_python3_12_site-packages_pip__vendor_pygments_scanner_py["scanner.py"]\n    Root --> node_venv["venv"]\n    node_venv --> node_venv_lib["lib"]\n    node_venv_lib --> node_venv_lib_python3_12["python3.12"]\n    node_venv_lib_python3_12 --> node_venv_lib_python3_12_site-packages["site-packages"]\n    node_venv_lib_python3_12_site-packages --> node_venv_lib_python3_12_site-packages_pip["pip"]\n    node_venv_lib_python3_12_site-packages_pip --> node_venv_lib_python3_12_site-packages_pip__vendor["_vendor"]\n    node_venv_lib_python3_12_site-packages_pip__vendor --> node_venv_lib_python3_12_site-packages_pip__vendor_pygments["pygments"]\n    node_venv_lib_python3_12_site-packages_pip__vendor_pygments --> node_venv_lib_python3_12_site-packages_pip__vendor_pygments_sphinxext_py["sphinxext.py"]\n    Root --> node_venv["venv"]\n    node_venv --> node_venv_lib["lib"]\n    node_venv_lib --> node_venv_lib_python3_12["python3.12"]\n    node_venv_lib_python3_12 --> node_venv_lib_python3_12_site-packages["site-packages"]\n    node_venv_lib_python3_12_site-packages --> node_venv_lib_python3_12_site-packages_pip["pip"]\n    node_venv_lib_python3_12_site-packages_pip --> node_venv_lib_python3_12_site-packages_pip__vendor["_vendor"]\n    node_venv_lib_python3_12_site-packages_pip__vendor --> node_venv_lib_python3_12_site-packages_pip__vendor_pygments["pygments"]\n    node_venv_lib_python3_12_site-packages_pip__vendor_pygments --> node_venv_lib_python3_12_site-packages_pip__vendor_pygments_style_py["style.py"]\n    Root --> node_venv["venv"]\n    node_venv --> node_venv_lib["lib"]\n    node_venv_lib --> node_venv_lib_python3_12["python3.12"]\n    node_venv_lib_python3_12 --> node_venv_lib_python3_12_site-packages["site-packages"]\n    node_venv_lib_python3_12_site-packages --> node_venv_lib_python3_12_site-packages_pip["pip"]\n    node_venv_lib_python3_12_site-packages_pip --> node_venv_lib_python3_12_site-packages_pip__vendor["_vendor"]\n    node_venv_lib_python3_12_site-packages_pip__vendor --> node_venv_lib_python3_12_site-packages_pip__vendor_pygments["pygments"]\n    node_venv_lib_python3_12_site-packages_pip__vendor_pygments --> node_venv_lib_python3_12_site-packages_pip__vendor_pygments_token_py["token.py"]\n    Root --> node_venv["venv"]\n    node_venv --> node_venv_lib["lib"]\n    node_venv_lib --> node_venv_lib_python3_12["python3.12"]\n    node_venv_lib_python3_12 --> node_venv_lib_python3_12_site-packages["site-packages"]\n    node_venv_lib_python3_12_site-packages --> node_venv_lib_python3_12_site-packages_pip["pip"]\n    node_venv_lib_python3_12_site-packages_pip --> node_venv_lib_python3_12_site-packages_pip__vendor["_vendor"]\n    node_venv_lib_python3_12_site-packages_pip__vendor --> node_venv_lib_python3_12_site-packages_pip__vendor_pygments["pygments"]\n    node_venv_lib_python3_12_site-packages_pip__vendor_pygments --> node_venv_lib_python3_12_site-packages_pip__vendor_pygments_unistring_py["unistring.py"]\n    Root --> node_venv["venv"]\n    node_venv --> node_venv_lib["lib"]\n    node_venv_lib --> node_venv_lib_python3_12["python3.12"]\n    node_venv_lib_python3_12 --> node_venv_lib_python3_12_site-packages["site-packages"]\n    node_venv_lib_python3_12_site-packages --> node_venv_lib_python3_12_site-packages_pip["pip"]\n    node_venv_lib_python3_12_site-packages_pip --> node_venv_lib_python3_12_site-packages_pip__vendor["_vendor"]\n    node_venv_lib_python3_12_site-packages_pip__vendor --> node_venv_lib_python3_12_site-packages_pip__vendor_pygments["pygments"]\n    node_venv_lib_python3_12_site-packages_pip__vendor_pygments --> node_venv_lib_python3_12_site-packages_pip__vendor_pygments_util_py["util.py"]\n    Root --> node_venv["venv"]\n    node_venv --> node_venv_lib["lib"]\n    node_venv_lib --> node_venv_lib_python3_12["python3.12"]\n    node_venv_lib_python3_12 --> node_venv_lib_python3_12_site-packages["site-packages"]\n    node_venv_lib_python3_12_site-packages --> node_venv_lib_python3_12_site-packages_pip["pip"]\n    node_venv_lib_python3_12_site-packages_pip --> node_venv_lib_python3_12_site-packages_pip__vendor["_vendor"]\n    node_venv_lib_python3_12_site-packages_pip__vendor --> node_venv_lib_python3_12_site-packages_pip__vendor_pygments["pygments"]\n    node_venv_lib_python3_12_site-packages_pip__vendor_pygments --> node_venv_lib_python3_12_site-packages_pip__vendor_pygments_filters["filters"]\n    node_venv_lib_python3_12_site-packages_pip__vendor_pygments_filters --> node_venv_lib_python3_12_site-packages_pip__vendor_pygments_filters___init___py["__init__.py"]\n    Root --> node_venv["venv"]\n    node_venv --> node_venv_lib["lib"]\n    node_venv_lib --> node_venv_lib_python3_12["python3.12"]\n    node_venv_lib_python3_12 --> node_venv_lib_python3_12_site-packages["site-packages"]\n    node_venv_lib_python3_12_site-packages --> node_venv_lib_python3_12_site-packages_pip["pip"]\n    node_venv_lib_python3_12_site-packages_pip --> node_venv_lib_python3_12_site-packages_pip__vendor["_vendor"]\n    node_venv_lib_python3_12_site-packages_pip__vendor --> node_venv_lib_python3_12_site-packages_pip__vendor_pygments["pygments"]\n    node_venv_lib_python3_12_site-packages_pip__vendor_pygments --> node_venv_lib_python3_12_site-packages_pip__vendor_pygments_lexers["lexers"]\n    node_venv_lib_python3_12_site-packages_pip__vendor_pygments_lexers --> node_venv_lib_python3_12_site-packages_pip__vendor_pygments_lexers___init___py["__init__.py"]\n    Root --> node_venv["venv"]\n    node_venv --> node_venv_lib["lib"]\n    node_venv_lib --> node_venv_lib_python3_12["python3.12"]\n    node_venv_lib_python3_12 --> node_venv_lib_python3_12_site-packages["site-packages"]\n    node_venv_lib_python3_12_site-packages --> node_venv_lib_python3_12_site-packages_pip["pip"]\n    node_venv_lib_python3_12_site-packages_pip --> node_venv_lib_python3_12_site-packages_pip__vendor["_vendor"]\n    node_venv_lib_python3_12_site-packages_pip__vendor --> node_venv_lib_python3_12_site-packages_pip__vendor_pygments["pygments"]\n    node_venv_lib_python3_12_site-packages_pip__vendor_pygments --> node_venv_lib_python3_12_site-packages_pip__vendor_pygments_lexers["lexers"]\n    node_venv_lib_python3_12_site-packages_pip__vendor_pygments_lexers --> node_venv_lib_python3_12_site-packages_pip__vendor_pygments_lexers__mapping_py["_mapping.py"]\n    Root --> node_venv["venv"]\n    node_venv --> node_venv_lib["lib"]\n    node_venv_lib --> node_venv_lib_python3_12["python3.12"]\n    node_venv_lib_python3_12 --> node_venv_lib_python3_12_site-packages["site-packages"]\n    node_venv_lib_python3_12_site-packages --> node_venv_lib_python3_12_site-packages_pip["pip"]\n    node_venv_lib_python3_12_site-packages_pip --> node_venv_lib_python3_12_site-packages_pip__vendor["_vendor"]\n    node_venv_lib_python3_12_site-packages_pip__vendor --> node_venv_lib_python3_12_site-packages_pip__vendor_pygments["pygments"]\n    node_venv_lib_python3_12_site-packages_pip__vendor_pygments --> node_venv_lib_python3_12_site-packages_pip__vendor_pygments_lexers["lexers"]\n    node_venv_lib_python3_12_site-packages_pip__vendor_pygments_lexers --> node_venv_lib_python3_12_site-packages_pip__vendor_pygments_lexers_python_py["python.py"]\n    Root --> node_venv["venv"]\n    node_venv --> node_venv_lib["lib"]\n    node_venv_lib --> node_venv_lib_python3_12["python3.12"]\n    node_venv_lib_python3_12 --> node_venv_lib_python3_12_site-packages["site-packages"]\n    node_venv_lib_python3_12_site-packages --> node_venv_lib_python3_12_site-packages_pip["pip"]\n    node_venv_lib_python3_12_site-packages_pip --> node_venv_lib_python3_12_site-packages_pip__vendor["_vendor"]\n    node_venv_lib_python3_12_site-packages_pip__vendor --> node_venv_lib_python3_12_site-packages_pip__vendor_pygments["pygments"]\n    node_venv_lib_python3_12_site-packages_pip__vendor_pygments --> node_venv_lib_python3_12_site-packages_pip__vendor_pygments_formatters["formatters"]\n    node_venv_lib_python3_12_site-packages_pip__vendor_pygments_formatters --> node_venv_lib_python3_12_site-packages_pip__vendor_pygments_formatters___init___py["__init__.py"]\n    Root --> node_venv["venv"]\n    node_venv --> node_venv_lib["lib"]\n    node_venv_lib --> node_venv_lib_python3_12["python3.12"]\n    node_venv_lib_python3_12 --> node_venv_lib_python3_12_site-packages["site-packages"]\n    node_venv_lib_python3_12_site-packages --> node_venv_lib_python3_12_site-packages_pip["pip"]\n    node_venv_lib_python3_12_site-packages_pip --> node_venv_lib_python3_12_site-packages_pip__vendor["_vendor"]\n    node_venv_lib_python3_12_site-packages_pip__vendor --> node_venv_lib_python3_12_site-packages_pip__vendor_pygments["pygments"]\n    node_venv_lib_python3_12_site-packages_pip__vendor_pygments --> node_venv_lib_python3_12_site-packages_pip__vendor_pygments_formatters["formatters"]\n    node_venv_lib_python3_12_site-packages_pip__vendor_pygments_formatters --> node_venv_lib_python3_12_site-packages_pip__vendor_pygments_formatters__mapping_py["_mapping.py"]\n    Root --> node_venv["venv"]\n    node_venv --> node_venv_lib["lib"]\n    node_venv_lib --> node_venv_lib_python3_12["python3.12"]\n    node_venv_lib_python3_12 --> node_venv_lib_python3_12_site-packages["site-packages"]\n    node_venv_lib_python3_12_site-packages --> node_venv_lib_python3_12_site-packages_pip["pip"]\n    node_venv_lib_python3_12_site-packages_pip --> node_venv_lib_python3_12_site-packages_pip__vendor["_vendor"]\n    node_venv_lib_python3_12_site-packages_pip__vendor --> node_venv_lib_python3_12_site-packages_pip__vendor_pygments["pygments"]\n    node_venv_lib_python3_12_site-packages_pip__vendor_pygments --> node_venv_lib_python3_12_site-packages_pip__vendor_pygments_formatters["formatters"]\n    node_venv_lib_python3_12_site-packages_pip__vendor_pygments_formatters --> node_venv_lib_python3_12_site-packages_pip__vendor_pygments_formatters_bbcode_py["bbcode.py"]\n    Root --> node_venv["venv"]\n    node_venv --> node_venv_lib["lib"]\n    node_venv_lib --> node_venv_lib_python3_12["python3.12"]\n    node_venv_lib_python3_12 --> node_venv_lib_python3_12_site-packages["site-packages"]\n    node_venv_lib_python3_12_site-packages --> node_venv_lib_python3_12_site-packages_pip["pip"]\n    node_venv_lib_python3_12_site-packages_pip --> node_venv_lib_python3_12_site-packages_pip__vendor["_vendor"]\n    node_venv_lib_python3_12_site-packages_pip__vendor --> node_venv_lib_python3_12_site-packages_pip__vendor_pygments["pygments"]\n    node_venv_lib_python3_12_site-packages_pip__vendor_pygments --> node_venv_lib_python3_12_site-packages_pip__vendor_pygments_formatters["formatters"]\n    node_venv_lib_python3_12_site-packages_pip__vendor_pygments_formatters --> node_venv_lib_python3_12_site-packages_pip__vendor_pygments_formatters_groff_py["groff.py"]\n    Root --> node_venv["venv"]\n    node_venv --> node_venv_lib["lib"]\n    node_venv_lib --> node_venv_lib_python3_12["python3.12"]\n    node_venv_lib_python3_12 --> node_venv_lib_python3_12_site-packages["site-packages"]\n    node_venv_lib_python3_12_site-packages --> node_venv_lib_python3_12_site-packages_pip["pip"]\n    node_venv_lib_python3_12_site-packages_pip --> node_venv_lib_python3_12_site-packages_pip__vendor["_vendor"]\n    node_venv_lib_python3_12_site-packages_pip__vendor --> node_venv_lib_python3_12_site-packages_pip__vendor_pygments["pygments"]\n    node_venv_lib_python3_12_site-packages_pip__vendor_pygments --> node_venv_lib_python3_12_site-packages_pip__vendor_pygments_formatters["formatters"]\n    node_venv_lib_python3_12_site-packages_pip__vendor_pygments_formatters --> node_venv_lib_python3_12_site-packages_pip__vendor_pygments_formatters_html_py["html.py"]\n    Root --> node_venv["venv"]\n    node_venv --> node_venv_lib["lib"]\n    node_venv_lib --> node_venv_lib_python3_12["python3.12"]\n    node_venv_lib_python3_12 --> node_venv_lib_python3_12_site-packages["site-packages"]\n    node_venv_lib_python3_12_site-packages --> node_venv_lib_python3_12_site-packages_pip["pip"]\n    node_venv_lib_python3_12_site-packages_pip --> node_venv_lib_python3_12_site-packages_pip__vendor["_vendor"]\n    node_venv_lib_python3_12_site-packages_pip__vendor --> node_venv_lib_python3_12_site-packages_pip__vendor_pygments["pygments"]\n    node_venv_lib_python3_12_site-packages_pip__vendor_pygments --> node_venv_lib_python3_12_site-packages_pip__vendor_pygments_formatters["formatters"]\n    node_venv_lib_python3_12_site-packages_pip__vendor_pygments_formatters --> node_venv_lib_python3_12_site-packages_pip__vendor_pygments_formatters_img_py["img.py"]\n    Root --> node_venv["venv"]\n    node_venv --> node_venv_lib["lib"]\n    node_venv_lib --> node_venv_lib_python3_12["python3.12"]\n    node_venv_lib_python3_12 --> node_venv_lib_python3_12_site-packages["site-packages"]\n    node_venv_lib_python3_12_site-packages --> node_venv_lib_python3_12_site-packages_pip["pip"]\n    node_venv_lib_python3_12_site-packages_pip --> node_venv_lib_python3_12_site-packages_pip__vendor["_vendor"]\n    node_venv_lib_python3_12_site-packages_pip__vendor --> node_venv_lib_python3_12_site-packages_pip__vendor_pygments["pygments"]\n    node_venv_lib_python3_12_site-packages_pip__vendor_pygments --> node_venv_lib_python3_12_site-packages_pip__vendor_pygments_formatters["formatters"]\n    node_venv_lib_python3_12_site-packages_pip__vendor_pygments_formatters --> node_venv_lib_python3_12_site-packages_pip__vendor_pygments_formatters_irc_py["irc.py"]\n    Root --> node_venv["venv"]\n    node_venv --> node_venv_lib["lib"]\n    node_venv_lib --> node_venv_lib_python3_12["python3.12"]\n    node_venv_lib_python3_12 --> node_venv_lib_python3_12_site-packages["site-packages"]\n    node_venv_lib_python3_12_site-packages --> node_venv_lib_python3_12_site-packages_pip["pip"]\n    node_venv_lib_python3_12_site-packages_pip --> node_venv_lib_python3_12_site-packages_pip__vendor["_vendor"]\n    node_venv_lib_python3_12_site-packages_pip__vendor --> node_venv_lib_python3_12_site-packages_pip__vendor_pygments["pygments"]\n    node_venv_lib_python3_12_site-packages_pip__vendor_pygments --> node_venv_lib_python3_12_site-packages_pip__vendor_pygments_formatters["formatters"]\n    node_venv_lib_python3_12_site-packages_pip__vendor_pygments_formatters --> node_venv_lib_python3_12_site-packages_pip__vendor_pygments_formatters_latex_py["latex.py"]\n    Root --> node_venv["venv"]\n    node_venv --> node_venv_lib["lib"]\n    node_venv_lib --> node_venv_lib_python3_12["python3.12"]\n    node_venv_lib_python3_12 --> node_venv_lib_python3_12_site-packages["site-packages"]\n    node_venv_lib_python3_12_site-packages --> node_venv_lib_python3_12_site-packages_pip["pip"]\n    node_venv_lib_python3_12_site-packages_pip --> node_venv_lib_python3_12_site-packages_pip__vendor["_vendor"]\n    node_venv_lib_python3_12_site-packages_pip__vendor --> node_venv_lib_python3_12_site-packages_pip__vendor_pygments["pygments"]\n    node_venv_lib_python3_12_site-packages_pip__vendor_pygments --> node_venv_lib_python3_12_site-packages_pip__vendor_pygments_formatters["formatters"]\n    node_venv_lib_python3_12_site-packages_pip__vendor_pygments_formatters --> node_venv_lib_python3_12_site-packages_pip__vendor_pygments_formatters_other_py["other.py"]\n    Root --> node_venv["venv"]\n    node_venv --> node_venv_lib["lib"]\n    node_venv_lib --> node_venv_lib_python3_12["python3.12"]\n    node_venv_lib_python3_12 --> node_venv_lib_python3_12_site-packages["site-packages"]\n    node_venv_lib_python3_12_site-packages --> node_venv_lib_python3_12_site-packages_pip["pip"]\n    node_venv_lib_python3_12_site-packages_pip --> node_venv_lib_python3_12_site-packages_pip__vendor["_vendor"]\n    node_venv_lib_python3_12_site-packages_pip__vendor --> node_venv_lib_python3_12_site-packages_pip__vendor_pygments["pygments"]\n    node_venv_lib_python3_12_site-packages_pip__vendor_pygments --> node_venv_lib_python3_12_site-packages_pip__vendor_pygments_formatters["formatters"]\n    node_venv_lib_python3_12_site-packages_pip__vendor_pygments_formatters --> node_venv_lib_python3_12_site-packages_pip__vendor_pygments_formatters_pangomarkup_py["pangomarkup.py"]\n    Root --> node_venv["venv"]\n    node_venv --> node_venv_lib["lib"]\n    node_venv_lib --> node_venv_lib_python3_12["python3.12"]\n    node_venv_lib_python3_12 --> node_venv_lib_python3_12_site-packages["site-packages"]\n    node_venv_lib_python3_12_site-packages --> node_venv_lib_python3_12_site-packages_pip["pip"]\n    node_venv_lib_python3_12_site-packages_pip --> node_venv_lib_python3_12_site-packages_pip__vendor["_vendor"]\n    node_venv_lib_python3_12_site-packages_pip__vendor --> node_venv_lib_python3_12_site-packages_pip__vendor_pygments["pygments"]\n    node_venv_lib_python3_12_site-packages_pip__vendor_pygments --> node_venv_lib_python3_12_site-packages_pip__vendor_pygments_formatters["formatters"]\n    node_venv_lib_python3_12_site-packages_pip__vendor_pygments_formatters --> node_venv_lib_python3_12_site-packages_pip__vendor_pygments_formatters_rtf_py["rtf.py"]\n    Root --> node_venv["venv"]\n    node_venv --> node_venv_lib["lib"]\n    node_venv_lib --> node_venv_lib_python3_12["python3.12"]\n    node_venv_lib_python3_12 --> node_venv_lib_python3_12_site-packages["site-packages"]\n    node_venv_lib_python3_12_site-packages --> node_venv_lib_python3_12_site-packages_pip["pip"]\n    node_venv_lib_python3_12_site-packages_pip --> node_venv_lib_python3_12_site-packages_pip__vendor["_vendor"]\n    node_venv_lib_python3_12_site-packages_pip__vendor --> node_venv_lib_python3_12_site-packages_pip__vendor_pygments["pygments"]\n    node_venv_lib_python3_12_site-packages_pip__vendor_pygments --> node_venv_lib_python3_12_site-packages_pip__vendor_pygments_formatters["formatters"]\n    node_venv_lib_python3_12_site-packages_pip__vendor_pygments_formatters --> node_venv_lib_python3_12_site-packages_pip__vendor_pygments_formatters_svg_py["svg.py"]\n    Root --> node_venv["venv"]\n    node_venv --> node_venv_lib["lib"]\n    node_venv_lib --> node_venv_lib_python3_12["python3.12"]\n    node_venv_lib_python3_12 --> node_venv_lib_python3_12_site-packages["site-packages"]\n    node_venv_lib_python3_12_site-packages --> node_venv_lib_python3_12_site-packages_pip["pip"]\n    node_venv_lib_python3_12_site-packages_pip --> node_venv_lib_python3_12_site-packages_pip__vendor["_vendor"]\n    node_venv_lib_python3_12_site-packages_pip__vendor --> node_venv_lib_python3_12_site-packages_pip__vendor_pygments["pygments"]\n    node_venv_lib_python3_12_site-packages_pip__vendor_pygments --> node_venv_lib_python3_12_site-packages_pip__vendor_pygments_formatters["formatters"]\n    node_venv_lib_python3_12_site-packages_pip__vendor_pygments_formatters --> node_venv_lib_python3_12_site-packages_pip__vendor_pygments_formatters_terminal_py["terminal.py"]\n    Root --> node_venv["venv"]\n    node_venv --> node_venv_lib["lib"]\n    node_venv_lib --> node_venv_lib_python3_12["python3.12"]\n    node_venv_lib_python3_12 --> node_venv_lib_python3_12_site-packages["site-packages"]\n    node_venv_lib_python3_12_site-packages --> node_venv_lib_python3_12_site-packages_pip["pip"]\n    node_venv_lib_python3_12_site-packages_pip --> node_venv_lib_python3_12_site-packages_pip__vendor["_vendor"]\n    node_venv_lib_python3_12_site-packages_pip__vendor --> node_venv_lib_python3_12_site-packages_pip__vendor_pygments["pygments"]\n    node_venv_lib_python3_12_site-packages_pip__vendor_pygments --> node_venv_lib_python3_12_site-packages_pip__vendor_pygments_formatters["formatters"]\n    node_venv_lib_python3_12_site-packages_pip__vendor_pygments_formatters --> node_venv_lib_python3_12_site-packages_pip__vendor_pygments_formatters_terminal256_py["terminal256.py"]\n    Root --> node_venv["venv"]\n    node_venv --> node_venv_lib["lib"]\n    node_venv_lib --> node_venv_lib_python3_12["python3.12"]\n    node_venv_lib_python3_12 --> node_venv_lib_python3_12_site-packages["site-packages"]\n    node_venv_lib_python3_12_site-packages --> node_venv_lib_python3_12_site-packages_pip["pip"]\n    node_venv_lib_python3_12_site-packages_pip --> node_venv_lib_python3_12_site-packages_pip__vendor["_vendor"]\n    node_venv_lib_python3_12_site-packages_pip__vendor --> node_venv_lib_python3_12_site-packages_pip__vendor_pygments["pygments"]\n    node_venv_lib_python3_12_site-packages_pip__vendor_pygments --> node_venv_lib_python3_12_site-packages_pip__vendor_pygments_styles["styles"]\n    node_venv_lib_python3_12_site-packages_pip__vendor_pygments_styles --> node_venv_lib_python3_12_site-packages_pip__vendor_pygments_styles___init___py["__init__.py"]\n    Root --> node_venv["venv"]\n    node_venv --> node_venv_lib["lib"]\n    node_venv_lib --> node_venv_lib_python3_12["python3.12"]\n    node_venv_lib_python3_12 --> node_venv_lib_python3_12_site-packages["site-packages"]\n    node_venv_lib_python3_12_site-packages --> node_venv_lib_python3_12_site-packages_pip["pip"]\n    node_venv_lib_python3_12_site-packages_pip --> node_venv_lib_python3_12_site-packages_pip__vendor["_vendor"]\n    node_venv_lib_python3_12_site-packages_pip__vendor --> node_venv_lib_python3_12_site-packages_pip__vendor_pygments["pygments"]\n    node_venv_lib_python3_12_site-packages_pip__vendor_pygments --> node_venv_lib_python3_12_site-packages_pip__vendor_pygments_styles["styles"]\n    node_venv_lib_python3_12_site-packages_pip__vendor_pygments_styles --> node_venv_lib_python3_12_site-packages_pip__vendor_pygments_styles__mapping_py["_mapping.py"]\n    Root --> node_venv["venv"]\n    node_venv --> node_venv_lib["lib"]\n    node_venv_lib --> node_venv_lib_python3_12["python3.12"]\n    node_venv_lib_python3_12 --> node_venv_lib_python3_12_site-packages["site-packages"]\n    node_venv_lib_python3_12_site-packages --> node_venv_lib_python3_12_site-packages_pip["pip"]\n    node_venv_lib_python3_12_site-packages_pip --> node_venv_lib_python3_12_site-packages_pip__vendor["_vendor"]\n    node_venv_lib_python3_12_site-packages_pip__vendor --> node_venv_lib_python3_12_site-packages_pip__vendor_distlib["distlib"]\n    node_venv_lib_python3_12_site-packages_pip__vendor_distlib --> node_venv_lib_python3_12_site-packages_pip__vendor_distlib___init___py["__init__.py"]\n    Root --> node_venv["venv"]\n    node_venv --> node_venv_lib["lib"]\n    node_venv_lib --> node_venv_lib_python3_12["python3.12"]\n    node_venv_lib_python3_12 --> node_venv_lib_python3_12_site-packages["site-packages"]\n    node_venv_lib_python3_12_site-packages --> node_venv_lib_python3_12_site-packages_pip["pip"]\n    node_venv_lib_python3_12_site-packages_pip --> node_venv_lib_python3_12_site-packages_pip__vendor["_vendor"]\n    node_venv_lib_python3_12_site-packages_pip__vendor --> node_venv_lib_python3_12_site-packages_pip__vendor_distlib["distlib"]\n    node_venv_lib_python3_12_site-packages_pip__vendor_distlib --> node_venv_lib_python3_12_site-packages_pip__vendor_distlib_compat_py["compat.py"]\n    Root --> node_venv["venv"]\n    node_venv --> node_venv_lib["lib"]\n    node_venv_lib --> node_venv_lib_python3_12["python3.12"]\n    node_venv_lib_python3_12 --> node_venv_lib_python3_12_site-packages["site-packages"]\n    node_venv_lib_python3_12_site-packages --> node_venv_lib_python3_12_site-packages_pip["pip"]\n    node_venv_lib_python3_12_site-packages_pip --> node_venv_lib_python3_12_site-packages_pip__vendor["_vendor"]\n    node_venv_lib_python3_12_site-packages_pip__vendor --> node_venv_lib_python3_12_site-packages_pip__vendor_distlib["distlib"]\n    node_venv_lib_python3_12_site-packages_pip__vendor_distlib --> node_venv_lib_python3_12_site-packages_pip__vendor_distlib_database_py["database.py"]\n    Root --> node_venv["venv"]\n    node_venv --> node_venv_lib["lib"]\n    node_venv_lib --> node_venv_lib_python3_12["python3.12"]\n    node_venv_lib_python3_12 --> node_venv_lib_python3_12_site-packages["site-packages"]\n    node_venv_lib_python3_12_site-packages --> node_venv_lib_python3_12_site-packages_pip["pip"]\n    node_venv_lib_python3_12_site-packages_pip --> node_venv_lib_python3_12_site-packages_pip__vendor["_vendor"]\n    node_venv_lib_python3_12_site-packages_pip__vendor --> node_venv_lib_python3_12_site-packages_pip__vendor_distlib["distlib"]\n    node_venv_lib_python3_12_site-packages_pip__vendor_distlib --> node_venv_lib_python3_12_site-packages_pip__vendor_distlib_index_py["index.py"]\n    Root --> node_venv["venv"]\n    node_venv --> node_venv_lib["lib"]\n    node_venv_lib --> node_venv_lib_python3_12["python3.12"]\n    node_venv_lib_python3_12 --> node_venv_lib_python3_12_site-packages["site-packages"]\n    node_venv_lib_python3_12_site-packages --> node_venv_lib_python3_12_site-packages_pip["pip"]\n    node_venv_lib_python3_12_site-packages_pip --> node_venv_lib_python3_12_site-packages_pip__vendor["_vendor"]\n    node_venv_lib_python3_12_site-packages_pip__vendor --> node_venv_lib_python3_12_site-packages_pip__vendor_distlib["distlib"]\n    node_venv_lib_python3_12_site-packages_pip__vendor_distlib --> node_venv_lib_python3_12_site-packages_pip__vendor_distlib_locators_py["locators.py"]\n    Root --> node_venv["venv"]\n    node_venv --> node_venv_lib["lib"]\n    node_venv_lib --> node_venv_lib_python3_12["python3.12"]\n    node_venv_lib_python3_12 --> node_venv_lib_python3_12_site-packages["site-packages"]\n    node_venv_lib_python3_12_site-packages --> node_venv_lib_python3_12_site-packages_pip["pip"]\n    node_venv_lib_python3_12_site-packages_pip --> node_venv_lib_python3_12_site-packages_pip__vendor["_vendor"]\n    node_venv_lib_python3_12_site-packages_pip__vendor --> node_venv_lib_python3_12_site-packages_pip__vendor_distlib["distlib"]\n    node_venv_lib_python3_12_site-packages_pip__vendor_distlib --> node_venv_lib_python3_12_site-packages_pip__vendor_distlib_manifest_py["manifest.py"]\n    Root --> node_venv["venv"]\n    node_venv --> node_venv_lib["lib"]\n    node_venv_lib --> node_venv_lib_python3_12["python3.12"]\n    node_venv_lib_python3_12 --> node_venv_lib_python3_12_site-packages["site-packages"]\n    node_venv_lib_python3_12_site-packages --> node_venv_lib_python3_12_site-packages_pip["pip"]\n    node_venv_lib_python3_12_site-packages_pip --> node_venv_lib_python3_12_site-packages_pip__vendor["_vendor"]\n    node_venv_lib_python3_12_site-packages_pip__vendor --> node_venv_lib_python3_12_site-packages_pip__vendor_distlib["distlib"]\n    node_venv_lib_python3_12_site-packages_pip__vendor_distlib --> node_venv_lib_python3_12_site-packages_pip__vendor_distlib_markers_py["markers.py"]\n    Root --> node_venv["venv"]\n    node_venv --> node_venv_lib["lib"]\n    node_venv_lib --> node_venv_lib_python3_12["python3.12"]\n    node_venv_lib_python3_12 --> node_venv_lib_python3_12_site-packages["site-packages"]\n    node_venv_lib_python3_12_site-packages --> node_venv_lib_python3_12_site-packages_pip["pip"]\n    node_venv_lib_python3_12_site-packages_pip --> node_venv_lib_python3_12_site-packages_pip__vendor["_vendor"]\n    node_venv_lib_python3_12_site-packages_pip__vendor --> node_venv_lib_python3_12_site-packages_pip__vendor_distlib["distlib"]\n    node_venv_lib_python3_12_site-packages_pip__vendor_distlib --> node_venv_lib_python3_12_site-packages_pip__vendor_distlib_metadata_py["metadata.py"]\n    Root --> node_venv["venv"]\n    node_venv --> node_venv_lib["lib"]\n    node_venv_lib --> node_venv_lib_python3_12["python3.12"]\n    node_venv_lib_python3_12 --> node_venv_lib_python3_12_site-packages["site-packages"]\n    node_venv_lib_python3_12_site-packages --> node_venv_lib_python3_12_site-packages_pip["pip"]\n    node_venv_lib_python3_12_site-packages_pip --> node_venv_lib_python3_12_site-packages_pip__vendor["_vendor"]\n    node_venv_lib_python3_12_site-packages_pip__vendor --> node_venv_lib_python3_12_site-packages_pip__vendor_distlib["distlib"]\n    node_venv_lib_python3_12_site-packages_pip__vendor_distlib --> node_venv_lib_python3_12_site-packages_pip__vendor_distlib_resources_py["resources.py"]\n    Root --> node_venv["venv"]\n    node_venv --> node_venv_lib["lib"]\n    node_venv_lib --> node_venv_lib_python3_12["python3.12"]\n    node_venv_lib_python3_12 --> node_venv_lib_python3_12_site-packages["site-packages"]\n    node_venv_lib_python3_12_site-packages --> node_venv_lib_python3_12_site-packages_pip["pip"]\n    node_venv_lib_python3_12_site-packages_pip --> node_venv_lib_python3_12_site-packages_pip__vendor["_vendor"]\n    node_venv_lib_python3_12_site-packages_pip__vendor --> node_venv_lib_python3_12_site-packages_pip__vendor_distlib["distlib"]\n    node_venv_lib_python3_12_site-packages_pip__vendor_distlib --> node_venv_lib_python3_12_site-packages_pip__vendor_distlib_scripts_py["scripts.py"]\n    Root --> node_venv["venv"]\n    node_venv --> node_venv_lib["lib"]\n    node_venv_lib --> node_venv_lib_python3_12["python3.12"]\n    node_venv_lib_python3_12 --> node_venv_lib_python3_12_site-packages["site-packages"]\n    node_venv_lib_python3_12_site-packages --> node_venv_lib_python3_12_site-packages_pip["pip"]\n    node_venv_lib_python3_12_site-packages_pip --> node_venv_lib_python3_12_site-packages_pip__vendor["_vendor"]\n    node_venv_lib_python3_12_site-packages_pip__vendor --> node_venv_lib_python3_12_site-packages_pip__vendor_distlib["distlib"]\n    node_venv_lib_python3_12_site-packages_pip__vendor_distlib --> node_venv_lib_python3_12_site-packages_pip__vendor_distlib_t32_exe["t32.exe"]\n    Root --> node_venv["venv"]\n    node_venv --> node_venv_lib["lib"]\n    node_venv_lib --> node_venv_lib_python3_12["python3.12"]\n    node_venv_lib_python3_12 --> node_venv_lib_python3_12_site-packages["site-packages"]\n    node_venv_lib_python3_12_site-packages --> node_venv_lib_python3_12_site-packages_pip["pip"]\n    node_venv_lib_python3_12_site-packages_pip --> node_venv_lib_python3_12_site-packages_pip__vendor["_vendor"]\n    node_venv_lib_python3_12_site-packages_pip__vendor --> node_venv_lib_python3_12_site-packages_pip__vendor_distlib["distlib"]\n    node_venv_lib_python3_12_site-packages_pip__vendor_distlib --> node_venv_lib_python3_12_site-packages_pip__vendor_distlib_t64-arm_exe["t64-arm.exe"]\n    Root --> node_venv["venv"]\n    node_venv --> node_venv_lib["lib"]\n    node_venv_lib --> node_venv_lib_python3_12["python3.12"]\n    node_venv_lib_python3_12 --> node_venv_lib_python3_12_site-packages["site-packages"]\n    node_venv_lib_python3_12_site-packages --> node_venv_lib_python3_12_site-packages_pip["pip"]\n    node_venv_lib_python3_12_site-packages_pip --> node_venv_lib_python3_12_site-packages_pip__vendor["_vendor"]\n    node_venv_lib_python3_12_site-packages_pip__vendor --> node_venv_lib_python3_12_site-packages_pip__vendor_distlib["distlib"]\n    node_venv_lib_python3_12_site-packages_pip__vendor_distlib --> node_venv_lib_python3_12_site-packages_pip__vendor_distlib_t64_exe["t64.exe"]\n    Root --> node_venv["venv"]\n    node_venv --> node_venv_lib["lib"]\n    node_venv_lib --> node_venv_lib_python3_12["python3.12"]\n    node_venv_lib_python3_12 --> node_venv_lib_python3_12_site-packages["site-packages"]\n    node_venv_lib_python3_12_site-packages --> node_venv_lib_python3_12_site-packages_pip["pip"]\n    node_venv_lib_python3_12_site-packages_pip --> node_venv_lib_python3_12_site-packages_pip__vendor["_vendor"]\n    node_venv_lib_python3_12_site-packages_pip__vendor --> node_venv_lib_python3_12_site-packages_pip__vendor_distlib["distlib"]\n    node_venv_lib_python3_12_site-packages_pip__vendor_distlib --> node_venv_lib_python3_12_site-packages_pip__vendor_distlib_util_py["util.py"]\n    Root --> node_venv["venv"]\n    node_venv --> node_venv_lib["lib"]\n    node_venv_lib --> node_venv_lib_python3_12["python3.12"]\n    node_venv_lib_python3_12 --> node_venv_lib_python3_12_site-packages["site-packages"]\n    node_venv_lib_python3_12_site-packages --> node_venv_lib_python3_12_site-packages_pip["pip"]\n    node_venv_lib_python3_12_site-packages_pip --> node_venv_lib_python3_12_site-packages_pip__vendor["_vendor"]\n    node_venv_lib_python3_12_site-packages_pip__vendor --> node_venv_lib_python3_12_site-packages_pip__vendor_distlib["distlib"]\n    node_venv_lib_python3_12_site-packages_pip__vendor_distlib --> node_venv_lib_python3_12_site-packages_pip__vendor_distlib_version_py["version.py"]\n    Root --> node_venv["venv"]\n    node_venv --> node_venv_lib["lib"]\n    node_venv_lib --> node_venv_lib_python3_12["python3.12"]\n    node_venv_lib_python3_12 --> node_venv_lib_python3_12_site-packages["site-packages"]\n    node_venv_lib_python3_12_site-packages --> node_venv_lib_python3_12_site-packages_pip["pip"]\n    node_venv_lib_python3_12_site-packages_pip --> node_venv_lib_python3_12_site-packages_pip__vendor["_vendor"]\n    node_venv_lib_python3_12_site-packages_pip__vendor --> node_venv_lib_python3_12_site-packages_pip__vendor_distlib["distlib"]\n    node_venv_lib_python3_12_site-packages_pip__vendor_distlib --> node_venv_lib_python3_12_site-packages_pip__vendor_distlib_w32_exe["w32.exe"]\n    Root --> node_venv["venv"]\n    node_venv --> node_venv_lib["lib"]\n    node_venv_lib --> node_venv_lib_python3_12["python3.12"]\n    node_venv_lib_python3_12 --> node_venv_lib_python3_12_site-packages["site-packages"]\n    node_venv_lib_python3_12_site-packages --> node_venv_lib_python3_12_site-packages_pip["pip"]\n    node_venv_lib_python3_12_site-packages_pip --> node_venv_lib_python3_12_site-packages_pip__vendor["_vendor"]\n    node_venv_lib_python3_12_site-packages_pip__vendor --> node_venv_lib_python3_12_site-packages_pip__vendor_distlib["distlib"]\n    node_venv_lib_python3_12_site-packages_pip__vendor_distlib --> node_venv_lib_python3_12_site-packages_pip__vendor_distlib_w64-arm_exe["w64-arm.exe"]\n    Root --> node_venv["venv"]\n    node_venv --> node_venv_lib["lib"]\n    node_venv_lib --> node_venv_lib_python3_12["python3.12"]\n    node_venv_lib_python3_12 --> node_venv_lib_python3_12_site-packages["site-packages"]\n    node_venv_lib_python3_12_site-packages --> node_venv_lib_python3_12_site-packages_pip["pip"]\n    node_venv_lib_python3_12_site-packages_pip --> node_venv_lib_python3_12_site-packages_pip__vendor["_vendor"]\n    node_venv_lib_python3_12_site-packages_pip__vendor --> node_venv_lib_python3_12_site-packages_pip__vendor_distlib["distlib"]\n    node_venv_lib_python3_12_site-packages_pip__vendor_distlib --> node_venv_lib_python3_12_site-packages_pip__vendor_distlib_w64_exe["w64.exe"]\n    Root --> node_venv["venv"]\n    node_venv --> node_venv_lib["lib"]\n    node_venv_lib --> node_venv_lib_python3_12["python3.12"]\n    node_venv_lib_python3_12 --> node_venv_lib_python3_12_site-packages["site-packages"]\n    node_venv_lib_python3_12_site-packages --> node_venv_lib_python3_12_site-packages_pip["pip"]\n    node_venv_lib_python3_12_site-packages_pip --> node_venv_lib_python3_12_site-packages_pip__vendor["_vendor"]\n    node_venv_lib_python3_12_site-packages_pip__vendor --> node_venv_lib_python3_12_site-packages_pip__vendor_distlib["distlib"]\n    node_venv_lib_python3_12_site-packages_pip__vendor_distlib --> node_venv_lib_python3_12_site-packages_pip__vendor_distlib_wheel_py["wheel.py"]\n    Root --> node_venv["venv"]\n    node_venv --> node_venv_lib["lib"]\n    node_venv_lib --> node_venv_lib_python3_12["python3.12"]\n    node_venv_lib_python3_12 --> node_venv_lib_python3_12_site-packages["site-packages"]\n    node_venv_lib_python3_12_site-packages --> node_venv_lib_python3_12_site-packages_pip["pip"]\n    node_venv_lib_python3_12_site-packages_pip --> node_venv_lib_python3_12_site-packages_pip__vendor["_vendor"]\n    node_venv_lib_python3_12_site-packages_pip__vendor --> node_venv_lib_python3_12_site-packages_pip__vendor_distro["distro"]\n    node_venv_lib_python3_12_site-packages_pip__vendor_distro --> node_venv_lib_python3_12_site-packages_pip__vendor_distro___init___py["__init__.py"]\n    Root --> node_venv["venv"]\n    node_venv --> node_venv_lib["lib"]\n    node_venv_lib --> node_venv_lib_python3_12["python3.12"]\n    node_venv_lib_python3_12 --> node_venv_lib_python3_12_site-packages["site-packages"]\n    node_venv_lib_python3_12_site-packages --> node_venv_lib_python3_12_site-packages_pip["pip"]\n    node_venv_lib_python3_12_site-packages_pip --> node_venv_lib_python3_12_site-packages_pip__vendor["_vendor"]\n    node_venv_lib_python3_12_site-packages_pip__vendor --> node_venv_lib_python3_12_site-packages_pip__vendor_distro["distro"]\n    node_venv_lib_python3_12_site-packages_pip__vendor_distro --> node_venv_lib_python3_12_site-packages_pip__vendor_distro___main___py["__main__.py"]\n    Root --> node_venv["venv"]\n    node_venv --> node_venv_lib["lib"]\n    node_venv_lib --> node_venv_lib_python3_12["python3.12"]\n    node_venv_lib_python3_12 --> node_venv_lib_python3_12_site-packages["site-packages"]\n    node_venv_lib_python3_12_site-packages --> node_venv_lib_python3_12_site-packages_pip["pip"]\n    node_venv_lib_python3_12_site-packages_pip --> node_venv_lib_python3_12_site-packages_pip__vendor["_vendor"]\n    node_venv_lib_python3_12_site-packages_pip__vendor --> node_venv_lib_python3_12_site-packages_pip__vendor_distro["distro"]\n    node_venv_lib_python3_12_site-packages_pip__vendor_distro --> node_venv_lib_python3_12_site-packages_pip__vendor_distro_distro_py["distro.py"]\n    Root --> node_venv["venv"]\n    node_venv --> node_venv_lib["lib"]\n    node_venv_lib --> node_venv_lib_python3_12["python3.12"]\n    node_venv_lib_python3_12 --> node_venv_lib_python3_12_site-packages["site-packages"]\n    node_venv_lib_python3_12_site-packages --> node_venv_lib_python3_12_site-packages_pip["pip"]\n    node_venv_lib_python3_12_site-packages_pip --> node_venv_lib_python3_12_site-packages_pip__vendor["_vendor"]\n    node_venv_lib_python3_12_site-packages_pip__vendor --> node_venv_lib_python3_12_site-packages_pip__vendor_distro["distro"]\n    node_venv_lib_python3_12_site-packages_pip__vendor_distro --> node_venv_lib_python3_12_site-packages_pip__vendor_distro_py_typed["py.typed"]\n    Root --> node_venv["venv"]\n    node_venv --> node_venv_lib["lib"]\n    node_venv_lib --> node_venv_lib_python3_12["python3.12"]\n    node_venv_lib_python3_12 --> node_venv_lib_python3_12_site-packages["site-packages"]\n    node_venv_lib_python3_12_site-packages --> node_venv_lib_python3_12_site-packages_pip["pip"]\n    node_venv_lib_python3_12_site-packages_pip --> node_venv_lib_python3_12_site-packages_pip__vendor["_vendor"]\n    node_venv_lib_python3_12_site-packages_pip__vendor --> node_venv_lib_python3_12_site-packages_pip__vendor_cachecontrol["cachecontrol"]\n    node_venv_lib_python3_12_site-packages_pip__vendor_cachecontrol --> node_venv_lib_python3_12_site-packages_pip__vendor_cachecontrol___init___py["__init__.py"]\n    Root --> node_venv["venv"]\n    node_venv --> node_venv_lib["lib"]\n    node_venv_lib --> node_venv_lib_python3_12["python3.12"]\n    node_venv_lib_python3_12 --> node_venv_lib_python3_12_site-packages["site-packages"]\n    node_venv_lib_python3_12_site-packages --> node_venv_lib_python3_12_site-packages_pip["pip"]\n    node_venv_lib_python3_12_site-packages_pip --> node_venv_lib_python3_12_site-packages_pip__vendor["_vendor"]\n    node_venv_lib_python3_12_site-packages_pip__vendor --> node_venv_lib_python3_12_site-packages_pip__vendor_cachecontrol["cachecontrol"]\n    node_venv_lib_python3_12_site-packages_pip__vendor_cachecontrol --> node_venv_lib_python3_12_site-packages_pip__vendor_cachecontrol__cmd_py["_cmd.py"]\n    Root --> node_venv["venv"]\n    node_venv --> node_venv_lib["lib"]\n    node_venv_lib --> node_venv_lib_python3_12["python3.12"]\n    node_venv_lib_python3_12 --> node_venv_lib_python3_12_site-packages["site-packages"]\n    node_venv_lib_python3_12_site-packages --> node_venv_lib_python3_12_site-packages_pip["pip"]\n    node_venv_lib_python3_12_site-packages_pip --> node_venv_lib_python3_12_site-packages_pip__vendor["_vendor"]\n    node_venv_lib_python3_12_site-packages_pip__vendor --> node_venv_lib_python3_12_site-packages_pip__vendor_cachecontrol["cachecontrol"]\n    node_venv_lib_python3_12_site-packages_pip__vendor_cachecontrol --> node_venv_lib_python3_12_site-packages_pip__vendor_cachecontrol_adapter_py["adapter.py"]\n    Root --> node_venv["venv"]\n    node_venv --> node_venv_lib["lib"]\n    node_venv_lib --> node_venv_lib_python3_12["python3.12"]\n    node_venv_lib_python3_12 --> node_venv_lib_python3_12_site-packages["site-packages"]\n    node_venv_lib_python3_12_site-packages --> node_venv_lib_python3_12_site-packages_pip["pip"]\n    node_venv_lib_python3_12_site-packages_pip --> node_venv_lib_python3_12_site-packages_pip__vendor["_vendor"]\n    node_venv_lib_python3_12_site-packages_pip__vendor --> node_venv_lib_python3_12_site-packages_pip__vendor_cachecontrol["cachecontrol"]\n    node_venv_lib_python3_12_site-packages_pip__vendor_cachecontrol --> node_venv_lib_python3_12_site-packages_pip__vendor_cachecontrol_cache_py["cache.py"]\n    Root --> node_venv["venv"]\n    node_venv --> node_venv_lib["lib"]\n    node_venv_lib --> node_venv_lib_python3_12["python3.12"]\n    node_venv_lib_python3_12 --> node_venv_lib_python3_12_site-packages["site-packages"]\n    node_venv_lib_python3_12_site-packages --> node_venv_lib_python3_12_site-packages_pip["pip"]\n    node_venv_lib_python3_12_site-packages_pip --> node_venv_lib_python3_12_site-packages_pip__vendor["_vendor"]\n    node_venv_lib_python3_12_site-packages_pip__vendor --> node_venv_lib_python3_12_site-packages_pip__vendor_cachecontrol["cachecontrol"]\n    node_venv_lib_python3_12_site-packages_pip__vendor_cachecontrol --> node_venv_lib_python3_12_site-packages_pip__vendor_cachecontrol_controller_py["controller.py"]\n    Root --> node_venv["venv"]\n    node_venv --> node_venv_lib["lib"]\n    node_venv_lib --> node_venv_lib_python3_12["python3.12"]\n    node_venv_lib_python3_12 --> node_venv_lib_python3_12_site-packages["site-packages"]\n    node_venv_lib_python3_12_site-packages --> node_venv_lib_python3_12_site-packages_pip["pip"]\n    node_venv_lib_python3_12_site-packages_pip --> node_venv_lib_python3_12_site-packages_pip__vendor["_vendor"]\n    node_venv_lib_python3_12_site-packages_pip__vendor --> node_venv_lib_python3_12_site-packages_pip__vendor_cachecontrol["cachecontrol"]\n    node_venv_lib_python3_12_site-packages_pip__vendor_cachecontrol --> node_venv_lib_python3_12_site-packages_pip__vendor_cachecontrol_filewrapper_py["filewrapper.py"]\n    Root --> node_venv["venv"]\n    node_venv --> node_venv_lib["lib"]\n    node_venv_lib --> node_venv_lib_python3_12["python3.12"]\n    node_venv_lib_python3_12 --> node_venv_lib_python3_12_site-packages["site-packages"]\n    node_venv_lib_python3_12_site-packages --> node_venv_lib_python3_12_site-packages_pip["pip"]\n    node_venv_lib_python3_12_site-packages_pip --> node_venv_lib_python3_12_site-packages_pip__vendor["_vendor"]\n    node_venv_lib_python3_12_site-packages_pip__vendor --> node_venv_lib_python3_12_site-packages_pip__vendor_cachecontrol["cachecontrol"]\n    node_venv_lib_python3_12_site-packages_pip__vendor_cachecontrol --> node_venv_lib_python3_12_site-packages_pip__vendor_cachecontrol_heuristics_py["heuristics.py"]\n    Root --> node_venv["venv"]\n    node_venv --> node_venv_lib["lib"]\n    node_venv_lib --> node_venv_lib_python3_12["python3.12"]\n    node_venv_lib_python3_12 --> node_venv_lib_python3_12_site-packages["site-packages"]\n    node_venv_lib_python3_12_site-packages --> node_venv_lib_python3_12_site-packages_pip["pip"]\n    node_venv_lib_python3_12_site-packages_pip --> node_venv_lib_python3_12_site-packages_pip__vendor["_vendor"]\n    node_venv_lib_python3_12_site-packages_pip__vendor --> node_venv_lib_python3_12_site-packages_pip__vendor_cachecontrol["cachecontrol"]\n    node_venv_lib_python3_12_site-packages_pip__vendor_cachecontrol --> node_venv_lib_python3_12_site-packages_pip__vendor_cachecontrol_py_typed["py.typed"]\n    Root --> node_venv["venv"]\n    node_venv --> node_venv_lib["lib"]\n    node_venv_lib --> node_venv_lib_python3_12["python3.12"]\n    node_venv_lib_python3_12 --> node_venv_lib_python3_12_site-packages["site-packages"]\n    node_venv_lib_python3_12_site-packages --> node_venv_lib_python3_12_site-packages_pip["pip"]\n    node_venv_lib_python3_12_site-packages_pip --> node_venv_lib_python3_12_site-packages_pip__vendor["_vendor"]\n    node_venv_lib_python3_12_site-packages_pip__vendor --> node_venv_lib_python3_12_site-packages_pip__vendor_cachecontrol["cachecontrol"]\n    node_venv_lib_python3_12_site-packages_pip__vendor_cachecontrol --> node_venv_lib_python3_12_site-packages_pip__vendor_cachecontrol_serialize_py["serialize.py"]\n    Root --> node_venv["venv"]\n    node_venv --> node_venv_lib["lib"]\n    node_venv_lib --> node_venv_lib_python3_12["python3.12"]\n    node_venv_lib_python3_12 --> node_venv_lib_python3_12_site-packages["site-packages"]\n    node_venv_lib_python3_12_site-packages --> node_venv_lib_python3_12_site-packages_pip["pip"]\n    node_venv_lib_python3_12_site-packages_pip --> node_venv_lib_python3_12_site-packages_pip__vendor["_vendor"]\n    node_venv_lib_python3_12_site-packages_pip__vendor --> node_venv_lib_python3_12_site-packages_pip__vendor_cachecontrol["cachecontrol"]\n    node_venv_lib_python3_12_site-packages_pip__vendor_cachecontrol --> node_venv_lib_python3_12_site-packages_pip__vendor_cachecontrol_wrapper_py["wrapper.py"]\n    Root --> node_venv["venv"]\n    node_venv --> node_venv_lib["lib"]\n    node_venv_lib --> node_venv_lib_python3_12["python3.12"]\n    node_venv_lib_python3_12 --> node_venv_lib_python3_12_site-packages["site-packages"]\n    node_venv_lib_python3_12_site-packages --> node_venv_lib_python3_12_site-packages_pip["pip"]\n    node_venv_lib_python3_12_site-packages_pip --> node_venv_lib_python3_12_site-packages_pip__vendor["_vendor"]\n    node_venv_lib_python3_12_site-packages_pip__vendor --> node_venv_lib_python3_12_site-packages_pip__vendor_cachecontrol["cachecontrol"]\n    node_venv_lib_python3_12_site-packages_pip__vendor_cachecontrol --> node_venv_lib_python3_12_site-packages_pip__vendor_cachecontrol_caches["caches"]\n    node_venv_lib_python3_12_site-packages_pip__vendor_cachecontrol_caches --> node_venv_lib_python3_12_site-packages_pip__vendor_cachecontrol_caches___init___py["__init__.py"]\n    Root --> node_venv["venv"]\n    node_venv --> node_venv_lib["lib"]\n    node_venv_lib --> node_venv_lib_python3_12["python3.12"]\n    node_venv_lib_python3_12 --> node_venv_lib_python3_12_site-packages["site-packages"]\n    node_venv_lib_python3_12_site-packages --> node_venv_lib_python3_12_site-packages_pip["pip"]\n    node_venv_lib_python3_12_site-packages_pip --> node_venv_lib_python3_12_site-packages_pip__vendor["_vendor"]\n    node_venv_lib_python3_12_site-packages_pip__vendor --> node_venv_lib_python3_12_site-packages_pip__vendor_cachecontrol["cachecontrol"]\n    node_venv_lib_python3_12_site-packages_pip__vendor_cachecontrol --> node_venv_lib_python3_12_site-packages_pip__vendor_cachecontrol_caches["caches"]\n    node_venv_lib_python3_12_site-packages_pip__vendor_cachecontrol_caches --> node_venv_lib_python3_12_site-packages_pip__vendor_cachecontrol_caches_file_cache_py["file_cache.py"]\n    Root --> node_venv["venv"]\n    node_venv --> node_venv_lib["lib"]\n    node_venv_lib --> node_venv_lib_python3_12["python3.12"]\n    node_venv_lib_python3_12 --> node_venv_lib_python3_12_site-packages["site-packages"]\n    node_venv_lib_python3_12_site-packages --> node_venv_lib_python3_12_site-packages_pip["pip"]\n    node_venv_lib_python3_12_site-packages_pip --> node_venv_lib_python3_12_site-packages_pip__vendor["_vendor"]\n    node_venv_lib_python3_12_site-packages_pip__vendor --> node_venv_lib_python3_12_site-packages_pip__vendor_cachecontrol["cachecontrol"]\n    node_venv_lib_python3_12_site-packages_pip__vendor_cachecontrol --> node_venv_lib_python3_12_site-packages_pip__vendor_cachecontrol_caches["caches"]\n    node_venv_lib_python3_12_site-packages_pip__vendor_cachecontrol_caches --> node_venv_lib_python3_12_site-packages_pip__vendor_cachecontrol_caches_redis_cache_py["redis_cache.py"]\n    Root --> node_venv["venv"]\n    node_venv --> node_venv_lib["lib"]\n    node_venv_lib --> node_venv_lib_python3_12["python3.12"]\n    node_venv_lib_python3_12 --> node_venv_lib_python3_12_site-packages["site-packages"]\n    node_venv_lib_python3_12_site-packages --> node_venv_lib_python3_12_site-packages_pip["pip"]\n    node_venv_lib_python3_12_site-packages_pip --> node_venv_lib_python3_12_site-packages_pip__vendor["_vendor"]\n    node_venv_lib_python3_12_site-packages_pip__vendor --> node_venv_lib_python3_12_site-packages_pip__vendor_idna["idna"]\n    node_venv_lib_python3_12_site-packages_pip__vendor_idna --> node_venv_lib_python3_12_site-packages_pip__vendor_idna___init___py["__init__.py"]\n    Root --> node_venv["venv"]\n    node_venv --> node_venv_lib["lib"]\n    node_venv_lib --> node_venv_lib_python3_12["python3.12"]\n    node_venv_lib_python3_12 --> node_venv_lib_python3_12_site-packages["site-packages"]\n    node_venv_lib_python3_12_site-packages --> node_venv_lib_python3_12_site-packages_pip["pip"]\n    node_venv_lib_python3_12_site-packages_pip --> node_venv_lib_python3_12_site-packages_pip__vendor["_vendor"]\n    node_venv_lib_python3_12_site-packages_pip__vendor --> node_venv_lib_python3_12_site-packages_pip__vendor_idna["idna"]\n    node_venv_lib_python3_12_site-packages_pip__vendor_idna --> node_venv_lib_python3_12_site-packages_pip__vendor_idna_codec_py["codec.py"]\n    Root --> node_venv["venv"]\n    node_venv --> node_venv_lib["lib"]\n    node_venv_lib --> node_venv_lib_python3_12["python3.12"]\n    node_venv_lib_python3_12 --> node_venv_lib_python3_12_site-packages["site-packages"]\n    node_venv_lib_python3_12_site-packages --> node_venv_lib_python3_12_site-packages_pip["pip"]\n    node_venv_lib_python3_12_site-packages_pip --> node_venv_lib_python3_12_site-packages_pip__vendor["_vendor"]\n    node_venv_lib_python3_12_site-packages_pip__vendor --> node_venv_lib_python3_12_site-packages_pip__vendor_idna["idna"]\n    node_venv_lib_python3_12_site-packages_pip__vendor_idna --> node_venv_lib_python3_12_site-packages_pip__vendor_idna_compat_py["compat.py"]\n    Root --> node_venv["venv"]\n    node_venv --> node_venv_lib["lib"]\n    node_venv_lib --> node_venv_lib_python3_12["python3.12"]\n    node_venv_lib_python3_12 --> node_venv_lib_python3_12_site-packages["site-packages"]\n    node_venv_lib_python3_12_site-packages --> node_venv_lib_python3_12_site-packages_pip["pip"]\n    node_venv_lib_python3_12_site-packages_pip --> node_venv_lib_python3_12_site-packages_pip__vendor["_vendor"]\n    node_venv_lib_python3_12_site-packages_pip__vendor --> node_venv_lib_python3_12_site-packages_pip__vendor_idna["idna"]\n    node_venv_lib_python3_12_site-packages_pip__vendor_idna --> node_venv_lib_python3_12_site-packages_pip__vendor_idna_core_py["core.py"]\n    Root --> node_venv["venv"]\n    node_venv --> node_venv_lib["lib"]\n    node_venv_lib --> node_venv_lib_python3_12["python3.12"]\n    node_venv_lib_python3_12 --> node_venv_lib_python3_12_site-packages["site-packages"]\n    node_venv_lib_python3_12_site-packages --> node_venv_lib_python3_12_site-packages_pip["pip"]\n    node_venv_lib_python3_12_site-packages_pip --> node_venv_lib_python3_12_site-packages_pip__vendor["_vendor"]\n    node_venv_lib_python3_12_site-packages_pip__vendor --> node_venv_lib_python3_12_site-packages_pip__vendor_idna["idna"]\n    node_venv_lib_python3_12_site-packages_pip__vendor_idna --> node_venv_lib_python3_12_site-packages_pip__vendor_idna_idnadata_py["idnadata.py"]\n    Root --> node_venv["venv"]\n    node_venv --> node_venv_lib["lib"]\n    node_venv_lib --> node_venv_lib_python3_12["python3.12"]\n    node_venv_lib_python3_12 --> node_venv_lib_python3_12_site-packages["site-packages"]\n    node_venv_lib_python3_12_site-packages --> node_venv_lib_python3_12_site-packages_pip["pip"]\n    node_venv_lib_python3_12_site-packages_pip --> node_venv_lib_python3_12_site-packages_pip__vendor["_vendor"]\n    node_venv_lib_python3_12_site-packages_pip__vendor --> node_venv_lib_python3_12_site-packages_pip__vendor_idna["idna"]\n    node_venv_lib_python3_12_site-packages_pip__vendor_idna --> node_venv_lib_python3_12_site-packages_pip__vendor_idna_intranges_py["intranges.py"]\n    Root --> node_venv["venv"]\n    node_venv --> node_venv_lib["lib"]\n    node_venv_lib --> node_venv_lib_python3_12["python3.12"]\n    node_venv_lib_python3_12 --> node_venv_lib_python3_12_site-packages["site-packages"]\n    node_venv_lib_python3_12_site-packages --> node_venv_lib_python3_12_site-packages_pip["pip"]\n    node_venv_lib_python3_12_site-packages_pip --> node_venv_lib_python3_12_site-packages_pip__vendor["_vendor"]\n    node_venv_lib_python3_12_site-packages_pip__vendor --> node_venv_lib_python3_12_site-packages_pip__vendor_idna["idna"]\n    node_venv_lib_python3_12_site-packages_pip__vendor_idna --> node_venv_lib_python3_12_site-packages_pip__vendor_idna_package_data_py["package_data.py"]\n    Root --> node_venv["venv"]\n    node_venv --> node_venv_lib["lib"]\n    node_venv_lib --> node_venv_lib_python3_12["python3.12"]\n    node_venv_lib_python3_12 --> node_venv_lib_python3_12_site-packages["site-packages"]\n    node_venv_lib_python3_12_site-packages --> node_venv_lib_python3_12_site-packages_pip["pip"]\n    node_venv_lib_python3_12_site-packages_pip --> node_venv_lib_python3_12_site-packages_pip__vendor["_vendor"]\n    node_venv_lib_python3_12_site-packages_pip__vendor --> node_venv_lib_python3_12_site-packages_pip__vendor_idna["idna"]\n    node_venv_lib_python3_12_site-packages_pip__vendor_idna --> node_venv_lib_python3_12_site-packages_pip__vendor_idna_py_typed["py.typed"]\n    Root --> node_venv["venv"]\n    node_venv --> node_venv_lib["lib"]\n    node_venv_lib --> node_venv_lib_python3_12["python3.12"]\n    node_venv_lib_python3_12 --> node_venv_lib_python3_12_site-packages["site-packages"]\n    node_venv_lib_python3_12_site-packages --> node_venv_lib_python3_12_site-packages_pip["pip"]\n    node_venv_lib_python3_12_site-packages_pip --> node_venv_lib_python3_12_site-packages_pip__vendor["_vendor"]\n    node_venv_lib_python3_12_site-packages_pip__vendor --> node_venv_lib_python3_12_site-packages_pip__vendor_idna["idna"]\n    node_venv_lib_python3_12_site-packages_pip__vendor_idna --> node_venv_lib_python3_12_site-packages_pip__vendor_idna_uts46data_py["uts46data.py"]\n    Root --> node_venv["venv"]\n    node_venv --> node_venv_lib["lib"]\n    node_venv_lib --> node_venv_lib_python3_12["python3.12"]\n    node_venv_lib_python3_12 --> node_venv_lib_python3_12_site-packages["site-packages"]\n    node_venv_lib_python3_12_site-packages --> node_venv_lib_python3_12_site-packages_pip["pip"]\n    node_venv_lib_python3_12_site-packages_pip --> node_venv_lib_python3_12_site-packages_pip__vendor["_vendor"]\n    node_venv_lib_python3_12_site-packages_pip__vendor --> node_venv_lib_python3_12_site-packages_pip__vendor_requests["requests"]\n    node_venv_lib_python3_12_site-packages_pip__vendor_requests --> node_venv_lib_python3_12_site-packages_pip__vendor_requests___init___py["__init__.py"]\n    Root --> node_venv["venv"]\n    node_venv --> node_venv_lib["lib"]\n    node_venv_lib --> node_venv_lib_python3_12["python3.12"]\n    node_venv_lib_python3_12 --> node_venv_lib_python3_12_site-packages["site-packages"]\n    node_venv_lib_python3_12_site-packages --> node_venv_lib_python3_12_site-packages_pip["pip"]\n    node_venv_lib_python3_12_site-packages_pip --> node_venv_lib_python3_12_site-packages_pip__vendor["_vendor"]\n    node_venv_lib_python3_12_site-packages_pip__vendor --> node_venv_lib_python3_12_site-packages_pip__vendor_requests["requests"]\n    node_venv_lib_python3_12_site-packages_pip__vendor_requests --> node_venv_lib_python3_12_site-packages_pip__vendor_requests___version___py["__version__.py"]\n    Root --> node_venv["venv"]\n    node_venv --> node_venv_lib["lib"]\n    node_venv_lib --> node_venv_lib_python3_12["python3.12"]\n    node_venv_lib_python3_12 --> node_venv_lib_python3_12_site-packages["site-packages"]\n    node_venv_lib_python3_12_site-packages --> node_venv_lib_python3_12_site-packages_pip["pip"]\n    node_venv_lib_python3_12_site-packages_pip --> node_venv_lib_python3_12_site-packages_pip__vendor["_vendor"]\n    node_venv_lib_python3_12_site-packages_pip__vendor --> node_venv_lib_python3_12_site-packages_pip__vendor_requests["requests"]\n    node_venv_lib_python3_12_site-packages_pip__vendor_requests --> node_venv_lib_python3_12_site-packages_pip__vendor_requests__internal_utils_py["_internal_utils.py"]\n    Root --> node_venv["venv"]\n    node_venv --> node_venv_lib["lib"]\n    node_venv_lib --> node_venv_lib_python3_12["python3.12"]\n    node_venv_lib_python3_12 --> node_venv_lib_python3_12_site-packages["site-packages"]\n    node_venv_lib_python3_12_site-packages --> node_venv_lib_python3_12_site-packages_pip["pip"]\n    node_venv_lib_python3_12_site-packages_pip --> node_venv_lib_python3_12_site-packages_pip__vendor["_vendor"]\n    node_venv_lib_python3_12_site-packages_pip__vendor --> node_venv_lib_python3_12_site-packages_pip__vendor_requests["requests"]\n    node_venv_lib_python3_12_site-packages_pip__vendor_requests --> node_venv_lib_python3_12_site-packages_pip__vendor_requests_adapters_py["adapters.py"]\n    Root --> node_venv["venv"]\n    node_venv --> node_venv_lib["lib"]\n    node_venv_lib --> node_venv_lib_python3_12["python3.12"]\n    node_venv_lib_python3_12 --> node_venv_lib_python3_12_site-packages["site-packages"]\n    node_venv_lib_python3_12_site-packages --> node_venv_lib_python3_12_site-packages_pip["pip"]\n    node_venv_lib_python3_12_site-packages_pip --> node_venv_lib_python3_12_site-packages_pip__vendor["_vendor"]\n    node_venv_lib_python3_12_site-packages_pip__vendor --> node_venv_lib_python3_12_site-packages_pip__vendor_requests["requests"]\n    node_venv_lib_python3_12_site-packages_pip__vendor_requests --> node_venv_lib_python3_12_site-packages_pip__vendor_requests_api_py["api.py"]\n    Root --> node_venv["venv"]\n    node_venv --> node_venv_lib["lib"]\n    node_venv_lib --> node_venv_lib_python3_12["python3.12"]\n    node_venv_lib_python3_12 --> node_venv_lib_python3_12_site-packages["site-packages"]\n    node_venv_lib_python3_12_site-packages --> node_venv_lib_python3_12_site-packages_pip["pip"]\n    node_venv_lib_python3_12_site-packages_pip --> node_venv_lib_python3_12_site-packages_pip__vendor["_vendor"]\n    node_venv_lib_python3_12_site-packages_pip__vendor --> node_venv_lib_python3_12_site-packages_pip__vendor_requests["requests"]\n    node_venv_lib_python3_12_site-packages_pip__vendor_requests --> node_venv_lib_python3_12_site-packages_pip__vendor_requests_auth_py["auth.py"]\n    Root --> node_venv["venv"]\n    node_venv --> node_venv_lib["lib"]\n    node_venv_lib --> node_venv_lib_python3_12["python3.12"]\n    node_venv_lib_python3_12 --> node_venv_lib_python3_12_site-packages["site-packages"]\n    node_venv_lib_python3_12_site-packages --> node_venv_lib_python3_12_site-packages_pip["pip"]\n    node_venv_lib_python3_12_site-packages_pip --> node_venv_lib_python3_12_site-packages_pip__vendor["_vendor"]\n    node_venv_lib_python3_12_site-packages_pip__vendor --> node_venv_lib_python3_12_site-packages_pip__vendor_requests["requests"]\n    node_venv_lib_python3_12_site-packages_pip__vendor_requests --> node_venv_lib_python3_12_site-packages_pip__vendor_requests_certs_py["certs.py"]\n    Root --> node_venv["venv"]\n    node_venv --> node_venv_lib["lib"]\n    node_venv_lib --> node_venv_lib_python3_12["python3.12"]\n    node_venv_lib_python3_12 --> node_venv_lib_python3_12_site-packages["site-packages"]\n    node_venv_lib_python3_12_site-packages --> node_venv_lib_python3_12_site-packages_pip["pip"]\n    node_venv_lib_python3_12_site-packages_pip --> node_venv_lib_python3_12_site-packages_pip__vendor["_vendor"]\n    node_venv_lib_python3_12_site-packages_pip__vendor --> node_venv_lib_python3_12_site-packages_pip__vendor_requests["requests"]\n    node_venv_lib_python3_12_site-packages_pip__vendor_requests --> node_venv_lib_python3_12_site-packages_pip__vendor_requests_compat_py["compat.py"]\n    Root --> node_venv["venv"]\n    node_venv --> node_venv_lib["lib"]\n    node_venv_lib --> node_venv_lib_python3_12["python3.12"]\n    node_venv_lib_python3_12 --> node_venv_lib_python3_12_site-packages["site-packages"]\n    node_venv_lib_python3_12_site-packages --> node_venv_lib_python3_12_site-packages_pip["pip"]\n    node_venv_lib_python3_12_site-packages_pip --> node_venv_lib_python3_12_site-packages_pip__vendor["_vendor"]\n    node_venv_lib_python3_12_site-packages_pip__vendor --> node_venv_lib_python3_12_site-packages_pip__vendor_requests["requests"]\n    node_venv_lib_python3_12_site-packages_pip__vendor_requests --> node_venv_lib_python3_12_site-packages_pip__vendor_requests_cookies_py["cookies.py"]\n    Root --> node_venv["venv"]\n    node_venv --> node_venv_lib["lib"]\n    node_venv_lib --> node_venv_lib_python3_12["python3.12"]\n    node_venv_lib_python3_12 --> node_venv_lib_python3_12_site-packages["site-packages"]\n    node_venv_lib_python3_12_site-packages --> node_venv_lib_python3_12_site-packages_pip["pip"]\n    node_venv_lib_python3_12_site-packages_pip --> node_venv_lib_python3_12_site-packages_pip__vendor["_vendor"]\n    node_venv_lib_python3_12_site-packages_pip__vendor --> node_venv_lib_python3_12_site-packages_pip__vendor_requests["requests"]\n    node_venv_lib_python3_12_site-packages_pip__vendor_requests --> node_venv_lib_python3_12_site-packages_pip__vendor_requests_exceptions_py["exceptions.py"]\n    Root --> node_venv["venv"]\n    node_venv --> node_venv_lib["lib"]\n    node_venv_lib --> node_venv_lib_python3_12["python3.12"]\n    node_venv_lib_python3_12 --> node_venv_lib_python3_12_site-packages["site-packages"]\n    node_venv_lib_python3_12_site-packages --> node_venv_lib_python3_12_site-packages_pip["pip"]\n    node_venv_lib_python3_12_site-packages_pip --> node_venv_lib_python3_12_site-packages_pip__vendor["_vendor"]\n    node_venv_lib_python3_12_site-packages_pip__vendor --> node_venv_lib_python3_12_site-packages_pip__vendor_requests["requests"]\n    node_venv_lib_python3_12_site-packages_pip__vendor_requests --> node_venv_lib_python3_12_site-packages_pip__vendor_requests_help_py["help.py"]\n    Root --> node_venv["venv"]\n    node_venv --> node_venv_lib["lib"]\n    node_venv_lib --> node_venv_lib_python3_12["python3.12"]\n    node_venv_lib_python3_12 --> node_venv_lib_python3_12_site-packages["site-packages"]\n    node_venv_lib_python3_12_site-packages --> node_venv_lib_python3_12_site-packages_pip["pip"]\n    node_venv_lib_python3_12_site-packages_pip --> node_venv_lib_python3_12_site-packages_pip__vendor["_vendor"]\n    node_venv_lib_python3_12_site-packages_pip__vendor --> node_venv_lib_python3_12_site-packages_pip__vendor_requests["requests"]\n    node_venv_lib_python3_12_site-packages_pip__vendor_requests --> node_venv_lib_python3_12_site-packages_pip__vendor_requests_hooks_py["hooks.py"]\n    Root --> node_venv["venv"]\n    node_venv --> node_venv_lib["lib"]\n    node_venv_lib --> node_venv_lib_python3_12["python3.12"]\n    node_venv_lib_python3_12 --> node_venv_lib_python3_12_site-packages["site-packages"]\n    node_venv_lib_python3_12_site-packages --> node_venv_lib_python3_12_site-packages_pip["pip"]\n    node_venv_lib_python3_12_site-packages_pip --> node_venv_lib_python3_12_site-packages_pip__vendor["_vendor"]\n    node_venv_lib_python3_12_site-packages_pip__vendor --> node_venv_lib_python3_12_site-packages_pip__vendor_requests["requests"]\n    node_venv_lib_python3_12_site-packages_pip__vendor_requests --> node_venv_lib_python3_12_site-packages_pip__vendor_requests_models_py["models.py"]\n    Root --> node_venv["venv"]\n    node_venv --> node_venv_lib["lib"]\n    node_venv_lib --> node_venv_lib_python3_12["python3.12"]\n    node_venv_lib_python3_12 --> node_venv_lib_python3_12_site-packages["site-packages"]\n    node_venv_lib_python3_12_site-packages --> node_venv_lib_python3_12_site-packages_pip["pip"]\n    node_venv_lib_python3_12_site-packages_pip --> node_venv_lib_python3_12_site-packages_pip__vendor["_vendor"]\n    node_venv_lib_python3_12_site-packages_pip__vendor --> node_venv_lib_python3_12_site-packages_pip__vendor_requests["requests"]\n    node_venv_lib_python3_12_site-packages_pip__vendor_requests --> node_venv_lib_python3_12_site-packages_pip__vendor_requests_packages_py["packages.py"]\n    Root --> node_venv["venv"]\n    node_venv --> node_venv_lib["lib"]\n    node_venv_lib --> node_venv_lib_python3_12["python3.12"]\n    node_venv_lib_python3_12 --> node_venv_lib_python3_12_site-packages["site-packages"]\n    node_venv_lib_python3_12_site-packages --> node_venv_lib_python3_12_site-packages_pip["pip"]\n    node_venv_lib_python3_12_site-packages_pip --> node_venv_lib_python3_12_site-packages_pip__vendor["_vendor"]\n    node_venv_lib_python3_12_site-packages_pip__vendor --> node_venv_lib_python3_12_site-packages_pip__vendor_requests["requests"]\n    node_venv_lib_python3_12_site-packages_pip__vendor_requests --> node_venv_lib_python3_12_site-packages_pip__vendor_requests_sessions_py["sessions.py"]\n    Root --> node_venv["venv"]\n    node_venv --> node_venv_lib["lib"]\n    node_venv_lib --> node_venv_lib_python3_12["python3.12"]\n    node_venv_lib_python3_12 --> node_venv_lib_python3_12_site-packages["site-packages"]\n    node_venv_lib_python3_12_site-packages --> node_venv_lib_python3_12_site-packages_pip["pip"]\n    node_venv_lib_python3_12_site-packages_pip --> node_venv_lib_python3_12_site-packages_pip__vendor["_vendor"]\n    node_venv_lib_python3_12_site-packages_pip__vendor --> node_venv_lib_python3_12_site-packages_pip__vendor_requests["requests"]\n    node_venv_lib_python3_12_site-packages_pip__vendor_requests --> node_venv_lib_python3_12_site-packages_pip__vendor_requests_status_codes_py["status_codes.py"]\n    Root --> node_venv["venv"]\n    node_venv --> node_venv_lib["lib"]\n    node_venv_lib --> node_venv_lib_python3_12["python3.12"]\n    node_venv_lib_python3_12 --> node_venv_lib_python3_12_site-packages["site-packages"]\n    node_venv_lib_python3_12_site-packages --> node_venv_lib_python3_12_site-packages_pip["pip"]\n    node_venv_lib_python3_12_site-packages_pip --> node_venv_lib_python3_12_site-packages_pip__vendor["_vendor"]\n    node_venv_lib_python3_12_site-packages_pip__vendor --> node_venv_lib_python3_12_site-packages_pip__vendor_requests["requests"]\n    node_venv_lib_python3_12_site-packages_pip__vendor_requests --> node_venv_lib_python3_12_site-packages_pip__vendor_requests_structures_py["structures.py"]\n    Root --> node_venv["venv"]\n    node_venv --> node_venv_lib["lib"]\n    node_venv_lib --> node_venv_lib_python3_12["python3.12"]\n    node_venv_lib_python3_12 --> node_venv_lib_python3_12_site-packages["site-packages"]\n    node_venv_lib_python3_12_site-packages --> node_venv_lib_python3_12_site-packages_pip["pip"]\n    node_venv_lib_python3_12_site-packages_pip --> node_venv_lib_python3_12_site-packages_pip__vendor["_vendor"]\n    node_venv_lib_python3_12_site-packages_pip__vendor --> node_venv_lib_python3_12_site-packages_pip__vendor_requests["requests"]\n    node_venv_lib_python3_12_site-packages_pip__vendor_requests --> node_venv_lib_python3_12_site-packages_pip__vendor_requests_utils_py["utils.py"]\n    Root --> node_venv["venv"]\n    node_venv --> node_venv_lib["lib"]\n    node_venv_lib --> node_venv_lib_python3_12["python3.12"]\n    node_venv_lib_python3_12 --> node_venv_lib_python3_12_site-packages["site-packages"]\n    node_venv_lib_python3_12_site-packages --> node_venv_lib_python3_12_site-packages_pip["pip"]\n    node_venv_lib_python3_12_site-packages_pip --> node_venv_lib_python3_12_site-packages_pip__vendor["_vendor"]\n    node_venv_lib_python3_12_site-packages_pip__vendor --> node_venv_lib_python3_12_site-packages_pip__vendor_tomli["tomli"]\n    node_venv_lib_python3_12_site-packages_pip__vendor_tomli --> node_venv_lib_python3_12_site-packages_pip__vendor_tomli___init___py["__init__.py"]\n    Root --> node_venv["venv"]\n    node_venv --> node_venv_lib["lib"]\n    node_venv_lib --> node_venv_lib_python3_12["python3.12"]\n    node_venv_lib_python3_12 --> node_venv_lib_python3_12_site-packages["site-packages"]\n    node_venv_lib_python3_12_site-packages --> node_venv_lib_python3_12_site-packages_pip["pip"]\n    node_venv_lib_python3_12_site-packages_pip --> node_venv_lib_python3_12_site-packages_pip__vendor["_vendor"]\n    node_venv_lib_python3_12_site-packages_pip__vendor --> node_venv_lib_python3_12_site-packages_pip__vendor_tomli["tomli"]\n    node_venv_lib_python3_12_site-packages_pip__vendor_tomli --> node_venv_lib_python3_12_site-packages_pip__vendor_tomli__parser_py["_parser.py"]\n    Root --> node_venv["venv"]\n    node_venv --> node_venv_lib["lib"]\n    node_venv_lib --> node_venv_lib_python3_12["python3.12"]\n    node_venv_lib_python3_12 --> node_venv_lib_python3_12_site-packages["site-packages"]\n    node_venv_lib_python3_12_site-packages --> node_venv_lib_python3_12_site-packages_pip["pip"]\n    node_venv_lib_python3_12_site-packages_pip --> node_venv_lib_python3_12_site-packages_pip__vendor["_vendor"]\n    node_venv_lib_python3_12_site-packages_pip__vendor --> node_venv_lib_python3_12_site-packages_pip__vendor_tomli["tomli"]\n    node_venv_lib_python3_12_site-packages_pip__vendor_tomli --> node_venv_lib_python3_12_site-packages_pip__vendor_tomli__re_py["_re.py"]\n    Root --> node_venv["venv"]\n    node_venv --> node_venv_lib["lib"]\n    node_venv_lib --> node_venv_lib_python3_12["python3.12"]\n    node_venv_lib_python3_12 --> node_venv_lib_python3_12_site-packages["site-packages"]\n    node_venv_lib_python3_12_site-packages --> node_venv_lib_python3_12_site-packages_pip["pip"]\n    node_venv_lib_python3_12_site-packages_pip --> node_venv_lib_python3_12_site-packages_pip__vendor["_vendor"]\n    node_venv_lib_python3_12_site-packages_pip__vendor --> node_venv_lib_python3_12_site-packages_pip__vendor_tomli["tomli"]\n    node_venv_lib_python3_12_site-packages_pip__vendor_tomli --> node_venv_lib_python3_12_site-packages_pip__vendor_tomli__types_py["_types.py"]\n    Root --> node_venv["venv"]\n    node_venv --> node_venv_lib["lib"]\n    node_venv_lib --> node_venv_lib_python3_12["python3.12"]\n    node_venv_lib_python3_12 --> node_venv_lib_python3_12_site-packages["site-packages"]\n    node_venv_lib_python3_12_site-packages --> node_venv_lib_python3_12_site-packages_pip["pip"]\n    node_venv_lib_python3_12_site-packages_pip --> node_venv_lib_python3_12_site-packages_pip__vendor["_vendor"]\n    node_venv_lib_python3_12_site-packages_pip__vendor --> node_venv_lib_python3_12_site-packages_pip__vendor_tomli["tomli"]\n    node_venv_lib_python3_12_site-packages_pip__vendor_tomli --> node_venv_lib_python3_12_site-packages_pip__vendor_tomli_py_typed["py.typed"]\n    Root --> node_venv["venv"]\n    node_venv --> node_venv_lib["lib"]\n    node_venv_lib --> node_venv_lib_python3_12["python3.12"]\n    node_venv_lib_python3_12 --> node_venv_lib_python3_12_site-packages["site-packages"]\n    node_venv_lib_python3_12_site-packages --> node_venv_lib_python3_12_site-packages_pip["pip"]\n    node_venv_lib_python3_12_site-packages_pip --> node_venv_lib_python3_12_site-packages_pip__vendor["_vendor"]\n    node_venv_lib_python3_12_site-packages_pip__vendor --> node_venv_lib_python3_12_site-packages_pip__vendor_certifi["certifi"]\n    node_venv_lib_python3_12_site-packages_pip__vendor_certifi --> node_venv_lib_python3_12_site-packages_pip__vendor_certifi___init___py["__init__.py"]\n    Root --> node_venv["venv"]\n    node_venv --> node_venv_lib["lib"]\n    node_venv_lib --> node_venv_lib_python3_12["python3.12"]\n    node_venv_lib_python3_12 --> node_venv_lib_python3_12_site-packages["site-packages"]\n    node_venv_lib_python3_12_site-packages --> node_venv_lib_python3_12_site-packages_pip["pip"]\n    node_venv_lib_python3_12_site-packages_pip --> node_venv_lib_python3_12_site-packages_pip__vendor["_vendor"]\n    node_venv_lib_python3_12_site-packages_pip__vendor --> node_venv_lib_python3_12_site-packages_pip__vendor_certifi["certifi"]\n    node_venv_lib_python3_12_site-packages_pip__vendor_certifi --> node_venv_lib_python3_12_site-packages_pip__vendor_certifi___main___py["__main__.py"]\n    Root --> node_venv["venv"]\n    node_venv --> node_venv_lib["lib"]\n    node_venv_lib --> node_venv_lib_python3_12["python3.12"]\n    node_venv_lib_python3_12 --> node_venv_lib_python3_12_site-packages["site-packages"]\n    node_venv_lib_python3_12_site-packages --> node_venv_lib_python3_12_site-packages_pip["pip"]\n    node_venv_lib_python3_12_site-packages_pip --> node_venv_lib_python3_12_site-packages_pip__vendor["_vendor"]\n    node_venv_lib_python3_12_site-packages_pip__vendor --> node_venv_lib_python3_12_site-packages_pip__vendor_certifi["certifi"]\n    node_venv_lib_python3_12_site-packages_pip__vendor_certifi --> node_venv_lib_python3_12_site-packages_pip__vendor_certifi_cacert_pem["cacert.pem"]\n    Root --> node_venv["venv"]\n    node_venv --> node_venv_lib["lib"]\n    node_venv_lib --> node_venv_lib_python3_12["python3.12"]\n    node_venv_lib_python3_12 --> node_venv_lib_python3_12_site-packages["site-packages"]\n    node_venv_lib_python3_12_site-packages --> node_venv_lib_python3_12_site-packages_pip["pip"]\n    node_venv_lib_python3_12_site-packages_pip --> node_venv_lib_python3_12_site-packages_pip__vendor["_vendor"]\n    node_venv_lib_python3_12_site-packages_pip__vendor --> node_venv_lib_python3_12_site-packages_pip__vendor_certifi["certifi"]\n    node_venv_lib_python3_12_site-packages_pip__vendor_certifi --> node_venv_lib_python3_12_site-packages_pip__vendor_certifi_core_py["core.py"]\n    Root --> node_venv["venv"]\n    node_venv --> node_venv_lib["lib"]\n    node_venv_lib --> node_venv_lib_python3_12["python3.12"]\n    node_venv_lib_python3_12 --> node_venv_lib_python3_12_site-packages["site-packages"]\n    node_venv_lib_python3_12_site-packages --> node_venv_lib_python3_12_site-packages_pip["pip"]\n    node_venv_lib_python3_12_site-packages_pip --> node_venv_lib_python3_12_site-packages_pip__vendor["_vendor"]\n    node_venv_lib_python3_12_site-packages_pip__vendor --> node_venv_lib_python3_12_site-packages_pip__vendor_certifi["certifi"]\n    node_venv_lib_python3_12_site-packages_pip__vendor_certifi --> node_venv_lib_python3_12_site-packages_pip__vendor_certifi_py_typed["py.typed"]\n    Root --> node_venv["venv"]\n    node_venv --> node_venv_lib["lib"]\n    node_venv_lib --> node_venv_lib_python3_12["python3.12"]\n    node_venv_lib_python3_12 --> node_venv_lib_python3_12_site-packages["site-packages"]\n    node_venv_lib_python3_12_site-packages --> node_venv_lib_python3_12_site-packages_pip["pip"]\n    node_venv_lib_python3_12_site-packages_pip --> node_venv_lib_python3_12_site-packages_pip__vendor["_vendor"]\n    node_venv_lib_python3_12_site-packages_pip__vendor --> node_venv_lib_python3_12_site-packages_pip__vendor_pyproject_hooks["pyproject_hooks"]\n    node_venv_lib_python3_12_site-packages_pip__vendor_pyproject_hooks --> node_venv_lib_python3_12_site-packages_pip__vendor_pyproject_hooks___init___py["__init__.py"]\n    Root --> node_venv["venv"]\n    node_venv --> node_venv_lib["lib"]\n    node_venv_lib --> node_venv_lib_python3_12["python3.12"]\n    node_venv_lib_python3_12 --> node_venv_lib_python3_12_site-packages["site-packages"]\n    node_venv_lib_python3_12_site-packages --> node_venv_lib_python3_12_site-packages_pip["pip"]\n    node_venv_lib_python3_12_site-packages_pip --> node_venv_lib_python3_12_site-packages_pip__vendor["_vendor"]\n    node_venv_lib_python3_12_site-packages_pip__vendor --> node_venv_lib_python3_12_site-packages_pip__vendor_pyproject_hooks["pyproject_hooks"]\n    node_venv_lib_python3_12_site-packages_pip__vendor_pyproject_hooks --> node_venv_lib_python3_12_site-packages_pip__vendor_pyproject_hooks__impl_py["_impl.py"]\n    Root --> node_venv["venv"]\n    node_venv --> node_venv_lib["lib"]\n    node_venv_lib --> node_venv_lib_python3_12["python3.12"]\n    node_venv_lib_python3_12 --> node_venv_lib_python3_12_site-packages["site-packages"]\n    node_venv_lib_python3_12_site-packages --> node_venv_lib_python3_12_site-packages_pip["pip"]\n    node_venv_lib_python3_12_site-packages_pip --> node_venv_lib_python3_12_site-packages_pip__vendor["_vendor"]\n    node_venv_lib_python3_12_site-packages_pip__vendor --> node_venv_lib_python3_12_site-packages_pip__vendor_pyproject_hooks["pyproject_hooks"]\n    node_venv_lib_python3_12_site-packages_pip__vendor_pyproject_hooks --> node_venv_lib_python3_12_site-packages_pip__vendor_pyproject_hooks_py_typed["py.typed"]\n    Root --> node_venv["venv"]\n    node_venv --> node_venv_lib["lib"]\n    node_venv_lib --> node_venv_lib_python3_12["python3.12"]\n    node_venv_lib_python3_12 --> node_venv_lib_python3_12_site-packages["site-packages"]\n    node_venv_lib_python3_12_site-packages --> node_venv_lib_python3_12_site-packages_pip["pip"]\n    node_venv_lib_python3_12_site-packages_pip --> node_venv_lib_python3_12_site-packages_pip__vendor["_vendor"]\n    node_venv_lib_python3_12_site-packages_pip__vendor --> node_venv_lib_python3_12_site-packages_pip__vendor_pyproject_hooks["pyproject_hooks"]\n    node_venv_lib_python3_12_site-packages_pip__vendor_pyproject_hooks --> node_venv_lib_python3_12_site-packages_pip__vendor_pyproject_hooks__in_process["_in_process"]\n    node_venv_lib_python3_12_site-packages_pip__vendor_pyproject_hooks__in_process --> node_venv_lib_python3_12_site-packages_pip__vendor_pyproject_hooks__in_process___init___py["__init__.py"]\n    Root --> node_venv["venv"]\n    node_venv --> node_venv_lib["lib"]\n    node_venv_lib --> node_venv_lib_python3_12["python3.12"]\n    node_venv_lib_python3_12 --> node_venv_lib_python3_12_site-packages["site-packages"]\n    node_venv_lib_python3_12_site-packages --> node_venv_lib_python3_12_site-packages_pip["pip"]\n    node_venv_lib_python3_12_site-packages_pip --> node_venv_lib_python3_12_site-packages_pip__vendor["_vendor"]\n    node_venv_lib_python3_12_site-packages_pip__vendor --> node_venv_lib_python3_12_site-packages_pip__vendor_pyproject_hooks["pyproject_hooks"]\n    node_venv_lib_python3_12_site-packages_pip__vendor_pyproject_hooks --> node_venv_lib_python3_12_site-packages_pip__vendor_pyproject_hooks__in_process["_in_process"]\n    node_venv_lib_python3_12_site-packages_pip__vendor_pyproject_hooks__in_process --> node_venv_lib_python3_12_site-packages_pip__vendor_pyproject_hooks__in_process__in_process_py["_in_process.py"]\n    Root --> node_venv["venv"]\n    node_venv --> node_venv_lib["lib"]\n    node_venv_lib --> node_venv_lib_python3_12["python3.12"]\n    node_venv_lib_python3_12 --> node_venv_lib_python3_12_site-packages["site-packages"]\n    node_venv_lib_python3_12_site-packages --> node_venv_lib_python3_12_site-packages_pip["pip"]\n    node_venv_lib_python3_12_site-packages_pip --> node_venv_lib_python3_12_site-packages_pip__vendor["_vendor"]\n    node_venv_lib_python3_12_site-packages_pip__vendor --> node_venv_lib_python3_12_site-packages_pip__vendor_rich["rich"]\n    node_venv_lib_python3_12_site-packages_pip__vendor_rich --> node_venv_lib_python3_12_site-packages_pip__vendor_rich___init___py["__init__.py"]\n    Root --> node_venv["venv"]\n    node_venv --> node_venv_lib["lib"]\n    node_venv_lib --> node_venv_lib_python3_12["python3.12"]\n    node_venv_lib_python3_12 --> node_venv_lib_python3_12_site-packages["site-packages"]\n    node_venv_lib_python3_12_site-packages --> node_venv_lib_python3_12_site-packages_pip["pip"]\n    node_venv_lib_python3_12_site-packages_pip --> node_venv_lib_python3_12_site-packages_pip__vendor["_vendor"]\n    node_venv_lib_python3_12_site-packages_pip__vendor --> node_venv_lib_python3_12_site-packages_pip__vendor_rich["rich"]\n    node_venv_lib_python3_12_site-packages_pip__vendor_rich --> node_venv_lib_python3_12_site-packages_pip__vendor_rich___main___py["__main__.py"]\n    Root --> node_venv["venv"]\n    node_venv --> node_venv_lib["lib"]\n    node_venv_lib --> node_venv_lib_python3_12["python3.12"]\n    node_venv_lib_python3_12 --> node_venv_lib_python3_12_site-packages["site-packages"]\n    node_venv_lib_python3_12_site-packages --> node_venv_lib_python3_12_site-packages_pip["pip"]\n    node_venv_lib_python3_12_site-packages_pip --> node_venv_lib_python3_12_site-packages_pip__vendor["_vendor"]\n    node_venv_lib_python3_12_site-packages_pip__vendor --> node_venv_lib_python3_12_site-packages_pip__vendor_rich["rich"]\n    node_venv_lib_python3_12_site-packages_pip__vendor_rich --> node_venv_lib_python3_12_site-packages_pip__vendor_rich__cell_widths_py["_cell_widths.py"]\n    Root --> node_venv["venv"]\n    node_venv --> node_venv_lib["lib"]\n    node_venv_lib --> node_venv_lib_python3_12["python3.12"]\n    node_venv_lib_python3_12 --> node_venv_lib_python3_12_site-packages["site-packages"]\n    node_venv_lib_python3_12_site-packages --> node_venv_lib_python3_12_site-packages_pip["pip"]\n    node_venv_lib_python3_12_site-packages_pip --> node_venv_lib_python3_12_site-packages_pip__vendor["_vendor"]\n    node_venv_lib_python3_12_site-packages_pip__vendor --> node_venv_lib_python3_12_site-packages_pip__vendor_rich["rich"]\n    node_venv_lib_python3_12_site-packages_pip__vendor_rich --> node_venv_lib_python3_12_site-packages_pip__vendor_rich__emoji_codes_py["_emoji_codes.py"]\n    Root --> node_venv["venv"]\n    node_venv --> node_venv_lib["lib"]\n    node_venv_lib --> node_venv_lib_python3_12["python3.12"]\n    node_venv_lib_python3_12 --> node_venv_lib_python3_12_site-packages["site-packages"]\n    node_venv_lib_python3_12_site-packages --> node_venv_lib_python3_12_site-packages_pip["pip"]\n    node_venv_lib_python3_12_site-packages_pip --> node_venv_lib_python3_12_site-packages_pip__vendor["_vendor"]\n    node_venv_lib_python3_12_site-packages_pip__vendor --> node_venv_lib_python3_12_site-packages_pip__vendor_rich["rich"]\n    node_venv_lib_python3_12_site-packages_pip__vendor_rich --> node_venv_lib_python3_12_site-packages_pip__vendor_rich__emoji_replace_py["_emoji_replace.py"]\n    Root --> node_venv["venv"]\n    node_venv --> node_venv_lib["lib"]\n    node_venv_lib --> node_venv_lib_python3_12["python3.12"]\n    node_venv_lib_python3_12 --> node_venv_lib_python3_12_site-packages["site-packages"]\n    node_venv_lib_python3_12_site-packages --> node_venv_lib_python3_12_site-packages_pip["pip"]\n    node_venv_lib_python3_12_site-packages_pip --> node_venv_lib_python3_12_site-packages_pip__vendor["_vendor"]\n    node_venv_lib_python3_12_site-packages_pip__vendor --> node_venv_lib_python3_12_site-packages_pip__vendor_rich["rich"]\n    node_venv_lib_python3_12_site-packages_pip__vendor_rich --> node_venv_lib_python3_12_site-packages_pip__vendor_rich__export_format_py["_export_format.py"]\n    Root --> node_venv["venv"]\n    node_venv --> node_venv_lib["lib"]\n    node_venv_lib --> node_venv_lib_python3_12["python3.12"]\n    node_venv_lib_python3_12 --> node_venv_lib_python3_12_site-packages["site-packages"]\n    node_venv_lib_python3_12_site-packages --> node_venv_lib_python3_12_site-packages_pip["pip"]\n    node_venv_lib_python3_12_site-packages_pip --> node_venv_lib_python3_12_site-packages_pip__vendor["_vendor"]\n    node_venv_lib_python3_12_site-packages_pip__vendor --> node_venv_lib_python3_12_site-packages_pip__vendor_rich["rich"]\n    node_venv_lib_python3_12_site-packages_pip__vendor_rich --> node_venv_lib_python3_12_site-packages_pip__vendor_rich__extension_py["_extension.py"]\n    Root --> node_venv["venv"]\n    node_venv --> node_venv_lib["lib"]\n    node_venv_lib --> node_venv_lib_python3_12["python3.12"]\n    node_venv_lib_python3_12 --> node_venv_lib_python3_12_site-packages["site-packages"]\n    node_venv_lib_python3_12_site-packages --> node_venv_lib_python3_12_site-packages_pip["pip"]\n    node_venv_lib_python3_12_site-packages_pip --> node_venv_lib_python3_12_site-packages_pip__vendor["_vendor"]\n    node_venv_lib_python3_12_site-packages_pip__vendor --> node_venv_lib_python3_12_site-packages_pip__vendor_rich["rich"]\n    node_venv_lib_python3_12_site-packages_pip__vendor_rich --> node_venv_lib_python3_12_site-packages_pip__vendor_rich__fileno_py["_fileno.py"]\n    Root --> node_venv["venv"]\n    node_venv --> node_venv_lib["lib"]\n    node_venv_lib --> node_venv_lib_python3_12["python3.12"]\n    node_venv_lib_python3_12 --> node_venv_lib_python3_12_site-packages["site-packages"]\n    node_venv_lib_python3_12_site-packages --> node_venv_lib_python3_12_site-packages_pip["pip"]\n    node_venv_lib_python3_12_site-packages_pip --> node_venv_lib_python3_12_site-packages_pip__vendor["_vendor"]\n    node_venv_lib_python3_12_site-packages_pip__vendor --> node_venv_lib_python3_12_site-packages_pip__vendor_rich["rich"]\n    node_venv_lib_python3_12_site-packages_pip__vendor_rich --> node_venv_lib_python3_12_site-packages_pip__vendor_rich__inspect_py["_inspect.py"]\n    Root --> node_venv["venv"]\n    node_venv --> node_venv_lib["lib"]\n    node_venv_lib --> node_venv_lib_python3_12["python3.12"]\n    node_venv_lib_python3_12 --> node_venv_lib_python3_12_site-packages["site-packages"]\n    node_venv_lib_python3_12_site-packages --> node_venv_lib_python3_12_site-packages_pip["pip"]\n    node_venv_lib_python3_12_site-packages_pip --> node_venv_lib_python3_12_site-packages_pip__vendor["_vendor"]\n    node_venv_lib_python3_12_site-packages_pip__vendor --> node_venv_lib_python3_12_site-packages_pip__vendor_rich["rich"]\n    node_venv_lib_python3_12_site-packages_pip__vendor_rich --> node_venv_lib_python3_12_site-packages_pip__vendor_rich__log_render_py["_log_render.py"]\n    Root --> node_venv["venv"]\n    node_venv --> node_venv_lib["lib"]\n    node_venv_lib --> node_venv_lib_python3_12["python3.12"]\n    node_venv_lib_python3_12 --> node_venv_lib_python3_12_site-packages["site-packages"]\n    node_venv_lib_python3_12_site-packages --> node_venv_lib_python3_12_site-packages_pip["pip"]\n    node_venv_lib_python3_12_site-packages_pip --> node_venv_lib_python3_12_site-packages_pip__vendor["_vendor"]\n    node_venv_lib_python3_12_site-packages_pip__vendor --> node_venv_lib_python3_12_site-packages_pip__vendor_rich["rich"]\n    node_venv_lib_python3_12_site-packages_pip__vendor_rich --> node_venv_lib_python3_12_site-packages_pip__vendor_rich__loop_py["_loop.py"]\n    Root --> node_venv["venv"]\n    node_venv --> node_venv_lib["lib"]\n    node_venv_lib --> node_venv_lib_python3_12["python3.12"]\n    node_venv_lib_python3_12 --> node_venv_lib_python3_12_site-packages["site-packages"]\n    node_venv_lib_python3_12_site-packages --> node_venv_lib_python3_12_site-packages_pip["pip"]\n    node_venv_lib_python3_12_site-packages_pip --> node_venv_lib_python3_12_site-packages_pip__vendor["_vendor"]\n    node_venv_lib_python3_12_site-packages_pip__vendor --> node_venv_lib_python3_12_site-packages_pip__vendor_rich["rich"]\n    node_venv_lib_python3_12_site-packages_pip__vendor_rich --> node_venv_lib_python3_12_site-packages_pip__vendor_rich__null_file_py["_null_file.py"]\n    Root --> node_venv["venv"]\n    node_venv --> node_venv_lib["lib"]\n    node_venv_lib --> node_venv_lib_python3_12["python3.12"]\n    node_venv_lib_python3_12 --> node_venv_lib_python3_12_site-packages["site-packages"]\n    node_venv_lib_python3_12_site-packages --> node_venv_lib_python3_12_site-packages_pip["pip"]\n    node_venv_lib_python3_12_site-packages_pip --> node_venv_lib_python3_12_site-packages_pip__vendor["_vendor"]\n    node_venv_lib_python3_12_site-packages_pip__vendor --> node_venv_lib_python3_12_site-packages_pip__vendor_rich["rich"]\n    node_venv_lib_python3_12_site-packages_pip__vendor_rich --> node_venv_lib_python3_12_site-packages_pip__vendor_rich__palettes_py["_palettes.py"]\n    Root --> node_venv["venv"]\n    node_venv --> node_venv_lib["lib"]\n    node_venv_lib --> node_venv_lib_python3_12["python3.12"]\n    node_venv_lib_python3_12 --> node_venv_lib_python3_12_site-packages["site-packages"]\n    node_venv_lib_python3_12_site-packages --> node_venv_lib_python3_12_site-packages_pip["pip"]\n    node_venv_lib_python3_12_site-packages_pip --> node_venv_lib_python3_12_site-packages_pip__vendor["_vendor"]\n    node_venv_lib_python3_12_site-packages_pip__vendor --> node_venv_lib_python3_12_site-packages_pip__vendor_rich["rich"]\n    node_venv_lib_python3_12_site-packages_pip__vendor_rich --> node_venv_lib_python3_12_site-packages_pip__vendor_rich__pick_py["_pick.py"]\n    Root --> node_venv["venv"]\n    node_venv --> node_venv_lib["lib"]\n    node_venv_lib --> node_venv_lib_python3_12["python3.12"]\n    node_venv_lib_python3_12 --> node_venv_lib_python3_12_site-packages["site-packages"]\n    node_venv_lib_python3_12_site-packages --> node_venv_lib_python3_12_site-packages_pip["pip"]\n    node_venv_lib_python3_12_site-packages_pip --> node_venv_lib_python3_12_site-packages_pip__vendor["_vendor"]\n    node_venv_lib_python3_12_site-packages_pip__vendor --> node_venv_lib_python3_12_site-packages_pip__vendor_rich["rich"]\n    node_venv_lib_python3_12_site-packages_pip__vendor_rich --> node_venv_lib_python3_12_site-packages_pip__vendor_rich__ratio_py["_ratio.py"]\n    Root --> node_venv["venv"]\n    node_venv --> node_venv_lib["lib"]\n    node_venv_lib --> node_venv_lib_python3_12["python3.12"]\n    node_venv_lib_python3_12 --> node_venv_lib_python3_12_site-packages["site-packages"]\n    node_venv_lib_python3_12_site-packages --> node_venv_lib_python3_12_site-packages_pip["pip"]\n    node_venv_lib_python3_12_site-packages_pip --> node_venv_lib_python3_12_site-packages_pip__vendor["_vendor"]\n    node_venv_lib_python3_12_site-packages_pip__vendor --> node_venv_lib_python3_12_site-packages_pip__vendor_rich["rich"]\n    node_venv_lib_python3_12_site-packages_pip__vendor_rich --> node_venv_lib_python3_12_site-packages_pip__vendor_rich__spinners_py["_spinners.py"]\n    Root --> node_venv["venv"]\n    node_venv --> node_venv_lib["lib"]\n    node_venv_lib --> node_venv_lib_python3_12["python3.12"]\n    node_venv_lib_python3_12 --> node_venv_lib_python3_12_site-packages["site-packages"]\n    node_venv_lib_python3_12_site-packages --> node_venv_lib_python3_12_site-packages_pip["pip"]\n    node_venv_lib_python3_12_site-packages_pip --> node_venv_lib_python3_12_site-packages_pip__vendor["_vendor"]\n    node_venv_lib_python3_12_site-packages_pip__vendor --> node_venv_lib_python3_12_site-packages_pip__vendor_rich["rich"]\n    node_venv_lib_python3_12_site-packages_pip__vendor_rich --> node_venv_lib_python3_12_site-packages_pip__vendor_rich__stack_py["_stack.py"]\n    Root --> node_venv["venv"]\n    node_venv --> node_venv_lib["lib"]\n    node_venv_lib --> node_venv_lib_python3_12["python3.12"]\n    node_venv_lib_python3_12 --> node_venv_lib_python3_12_site-packages["site-packages"]\n    node_venv_lib_python3_12_site-packages --> node_venv_lib_python3_12_site-packages_pip["pip"]\n    node_venv_lib_python3_12_site-packages_pip --> node_venv_lib_python3_12_site-packages_pip__vendor["_vendor"]\n    node_venv_lib_python3_12_site-packages_pip__vendor --> node_venv_lib_python3_12_site-packages_pip__vendor_rich["rich"]\n    node_venv_lib_python3_12_site-packages_pip__vendor_rich --> node_venv_lib_python3_12_site-packages_pip__vendor_rich__timer_py["_timer.py"]\n    Root --> node_venv["venv"]\n    node_venv --> node_venv_lib["lib"]\n    node_venv_lib --> node_venv_lib_python3_12["python3.12"]\n    node_venv_lib_python3_12 --> node_venv_lib_python3_12_site-packages["site-packages"]\n    node_venv_lib_python3_12_site-packages --> node_venv_lib_python3_12_site-packages_pip["pip"]\n    node_venv_lib_python3_12_site-packages_pip --> node_venv_lib_python3_12_site-packages_pip__vendor["_vendor"]\n    node_venv_lib_python3_12_site-packages_pip__vendor --> node_venv_lib_python3_12_site-packages_pip__vendor_rich["rich"]\n    node_venv_lib_python3_12_site-packages_pip__vendor_rich --> node_venv_lib_python3_12_site-packages_pip__vendor_rich__win32_console_py["_win32_console.py"]\n    Root --> node_venv["venv"]\n    node_venv --> node_venv_lib["lib"]\n    node_venv_lib --> node_venv_lib_python3_12["python3.12"]\n    node_venv_lib_python3_12 --> node_venv_lib_python3_12_site-packages["site-packages"]\n    node_venv_lib_python3_12_site-packages --> node_venv_lib_python3_12_site-packages_pip["pip"]\n    node_venv_lib_python3_12_site-packages_pip --> node_venv_lib_python3_12_site-packages_pip__vendor["_vendor"]\n    node_venv_lib_python3_12_site-packages_pip__vendor --> node_venv_lib_python3_12_site-packages_pip__vendor_rich["rich"]\n    node_venv_lib_python3_12_site-packages_pip__vendor_rich --> node_venv_lib_python3_12_site-packages_pip__vendor_rich__windows_py["_windows.py"]\n    Root --> node_venv["venv"]\n    node_venv --> node_venv_lib["lib"]\n    node_venv_lib --> node_venv_lib_python3_12["python3.12"]\n    node_venv_lib_python3_12 --> node_venv_lib_python3_12_site-packages["site-packages"]\n    node_venv_lib_python3_12_site-packages --> node_venv_lib_python3_12_site-packages_pip["pip"]\n    node_venv_lib_python3_12_site-packages_pip --> node_venv_lib_python3_12_site-packages_pip__vendor["_vendor"]\n    node_venv_lib_python3_12_site-packages_pip__vendor --> node_venv_lib_python3_12_site-packages_pip__vendor_rich["rich"]\n    node_venv_lib_python3_12_site-packages_pip__vendor_rich --> node_venv_lib_python3_12_site-packages_pip__vendor_rich__windows_renderer_py["_windows_renderer.py"]\n    Root --> node_venv["venv"]\n    node_venv --> node_venv_lib["lib"]\n    node_venv_lib --> node_venv_lib_python3_12["python3.12"]\n    node_venv_lib_python3_12 --> node_venv_lib_python3_12_site-packages["site-packages"]\n    node_venv_lib_python3_12_site-packages --> node_venv_lib_python3_12_site-packages_pip["pip"]\n    node_venv_lib_python3_12_site-packages_pip --> node_venv_lib_python3_12_site-packages_pip__vendor["_vendor"]\n    node_venv_lib_python3_12_site-packages_pip__vendor --> node_venv_lib_python3_12_site-packages_pip__vendor_rich["rich"]\n    node_venv_lib_python3_12_site-packages_pip__vendor_rich --> node_venv_lib_python3_12_site-packages_pip__vendor_rich__wrap_py["_wrap.py"]\n    Root --> node_venv["venv"]\n    node_venv --> node_venv_lib["lib"]\n    node_venv_lib --> node_venv_lib_python3_12["python3.12"]\n    node_venv_lib_python3_12 --> node_venv_lib_python3_12_site-packages["site-packages"]\n    node_venv_lib_python3_12_site-packages --> node_venv_lib_python3_12_site-packages_pip["pip"]\n    node_venv_lib_python3_12_site-packages_pip --> node_venv_lib_python3_12_site-packages_pip__vendor["_vendor"]\n    node_venv_lib_python3_12_site-packages_pip__vendor --> node_venv_lib_python3_12_site-packages_pip__vendor_rich["rich"]\n    node_venv_lib_python3_12_site-packages_pip__vendor_rich --> node_venv_lib_python3_12_site-packages_pip__vendor_rich_abc_py["abc.py"]\n    Root --> node_venv["venv"]\n    node_venv --> node_venv_lib["lib"]\n    node_venv_lib --> node_venv_lib_python3_12["python3.12"]\n    node_venv_lib_python3_12 --> node_venv_lib_python3_12_site-packages["site-packages"]\n    node_venv_lib_python3_12_site-packages --> node_venv_lib_python3_12_site-packages_pip["pip"]\n    node_venv_lib_python3_12_site-packages_pip --> node_venv_lib_python3_12_site-packages_pip__vendor["_vendor"]\n    node_venv_lib_python3_12_site-packages_pip__vendor --> node_venv_lib_python3_12_site-packages_pip__vendor_rich["rich"]\n    node_venv_lib_python3_12_site-packages_pip__vendor_rich --> node_venv_lib_python3_12_site-packages_pip__vendor_rich_align_py["align.py"]\n    Root --> node_venv["venv"]\n    node_venv --> node_venv_lib["lib"]\n    node_venv_lib --> node_venv_lib_python3_12["python3.12"]\n    node_venv_lib_python3_12 --> node_venv_lib_python3_12_site-packages["site-packages"]\n    node_venv_lib_python3_12_site-packages --> node_venv_lib_python3_12_site-packages_pip["pip"]\n    node_venv_lib_python3_12_site-packages_pip --> node_venv_lib_python3_12_site-packages_pip__vendor["_vendor"]\n    node_venv_lib_python3_12_site-packages_pip__vendor --> node_venv_lib_python3_12_site-packages_pip__vendor_rich["rich"]\n    node_venv_lib_python3_12_site-packages_pip__vendor_rich --> node_venv_lib_python3_12_site-packages_pip__vendor_rich_ansi_py["ansi.py"]\n    Root --> node_venv["venv"]\n    node_venv --> node_venv_lib["lib"]\n    node_venv_lib --> node_venv_lib_python3_12["python3.12"]\n    node_venv_lib_python3_12 --> node_venv_lib_python3_12_site-packages["site-packages"]\n    node_venv_lib_python3_12_site-packages --> node_venv_lib_python3_12_site-packages_pip["pip"]\n    node_venv_lib_python3_12_site-packages_pip --> node_venv_lib_python3_12_site-packages_pip__vendor["_vendor"]\n    node_venv_lib_python3_12_site-packages_pip__vendor --> node_venv_lib_python3_12_site-packages_pip__vendor_rich["rich"]\n    node_venv_lib_python3_12_site-packages_pip__vendor_rich --> node_venv_lib_python3_12_site-packages_pip__vendor_rich_bar_py["bar.py"]\n    Root --> node_venv["venv"]\n    node_venv --> node_venv_lib["lib"]\n    node_venv_lib --> node_venv_lib_python3_12["python3.12"]\n    node_venv_lib_python3_12 --> node_venv_lib_python3_12_site-packages["site-packages"]\n    node_venv_lib_python3_12_site-packages --> node_venv_lib_python3_12_site-packages_pip["pip"]\n    node_venv_lib_python3_12_site-packages_pip --> node_venv_lib_python3_12_site-packages_pip__vendor["_vendor"]\n    node_venv_lib_python3_12_site-packages_pip__vendor --> node_venv_lib_python3_12_site-packages_pip__vendor_rich["rich"]\n    node_venv_lib_python3_12_site-packages_pip__vendor_rich --> node_venv_lib_python3_12_site-packages_pip__vendor_rich_box_py["box.py"]\n    Root --> node_venv["venv"]\n    node_venv --> node_venv_lib["lib"]\n    node_venv_lib --> node_venv_lib_python3_12["python3.12"]\n    node_venv_lib_python3_12 --> node_venv_lib_python3_12_site-packages["site-packages"]\n    node_venv_lib_python3_12_site-packages --> node_venv_lib_python3_12_site-packages_pip["pip"]\n    node_venv_lib_python3_12_site-packages_pip --> node_venv_lib_python3_12_site-packages_pip__vendor["_vendor"]\n    node_venv_lib_python3_12_site-packages_pip__vendor --> node_venv_lib_python3_12_site-packages_pip__vendor_rich["rich"]\n    node_venv_lib_python3_12_site-packages_pip__vendor_rich --> node_venv_lib_python3_12_site-packages_pip__vendor_rich_cells_py["cells.py"]\n    Root --> node_venv["venv"]\n    node_venv --> node_venv_lib["lib"]\n    node_venv_lib --> node_venv_lib_python3_12["python3.12"]\n    node_venv_lib_python3_12 --> node_venv_lib_python3_12_site-packages["site-packages"]\n    node_venv_lib_python3_12_site-packages --> node_venv_lib_python3_12_site-packages_pip["pip"]\n    node_venv_lib_python3_12_site-packages_pip --> node_venv_lib_python3_12_site-packages_pip__vendor["_vendor"]\n    node_venv_lib_python3_12_site-packages_pip__vendor --> node_venv_lib_python3_12_site-packages_pip__vendor_rich["rich"]\n    node_venv_lib_python3_12_site-packages_pip__vendor_rich --> node_venv_lib_python3_12_site-packages_pip__vendor_rich_color_py["color.py"]\n    Root --> node_venv["venv"]\n    node_venv --> node_venv_lib["lib"]\n    node_venv_lib --> node_venv_lib_python3_12["python3.12"]\n    node_venv_lib_python3_12 --> node_venv_lib_python3_12_site-packages["site-packages"]\n    node_venv_lib_python3_12_site-packages --> node_venv_lib_python3_12_site-packages_pip["pip"]\n    node_venv_lib_python3_12_site-packages_pip --> node_venv_lib_python3_12_site-packages_pip__vendor["_vendor"]\n    node_venv_lib_python3_12_site-packages_pip__vendor --> node_venv_lib_python3_12_site-packages_pip__vendor_rich["rich"]\n    node_venv_lib_python3_12_site-packages_pip__vendor_rich --> node_venv_lib_python3_12_site-packages_pip__vendor_rich_color_triplet_py["color_triplet.py"]\n    Root --> node_venv["venv"]\n    node_venv --> node_venv_lib["lib"]\n    node_venv_lib --> node_venv_lib_python3_12["python3.12"]\n    node_venv_lib_python3_12 --> node_venv_lib_python3_12_site-packages["site-packages"]\n    node_venv_lib_python3_12_site-packages --> node_venv_lib_python3_12_site-packages_pip["pip"]\n    node_venv_lib_python3_12_site-packages_pip --> node_venv_lib_python3_12_site-packages_pip__vendor["_vendor"]\n    node_venv_lib_python3_12_site-packages_pip__vendor --> node_venv_lib_python3_12_site-packages_pip__vendor_rich["rich"]\n    node_venv_lib_python3_12_site-packages_pip__vendor_rich --> node_venv_lib_python3_12_site-packages_pip__vendor_rich_columns_py["columns.py"]\n    Root --> node_venv["venv"]\n    node_venv --> node_venv_lib["lib"]\n    node_venv_lib --> node_venv_lib_python3_12["python3.12"]\n    node_venv_lib_python3_12 --> node_venv_lib_python3_12_site-packages["site-packages"]\n    node_venv_lib_python3_12_site-packages --> node_venv_lib_python3_12_site-packages_pip["pip"]\n    node_venv_lib_python3_12_site-packages_pip --> node_venv_lib_python3_12_site-packages_pip__vendor["_vendor"]\n    node_venv_lib_python3_12_site-packages_pip__vendor --> node_venv_lib_python3_12_site-packages_pip__vendor_rich["rich"]\n    node_venv_lib_python3_12_site-packages_pip__vendor_rich --> node_venv_lib_python3_12_site-packages_pip__vendor_rich_console_py["console.py"]\n    Root --> node_venv["venv"]\n    node_venv --> node_venv_lib["lib"]\n    node_venv_lib --> node_venv_lib_python3_12["python3.12"]\n    node_venv_lib_python3_12 --> node_venv_lib_python3_12_site-packages["site-packages"]\n    node_venv_lib_python3_12_site-packages --> node_venv_lib_python3_12_site-packages_pip["pip"]\n    node_venv_lib_python3_12_site-packages_pip --> node_venv_lib_python3_12_site-packages_pip__vendor["_vendor"]\n    node_venv_lib_python3_12_site-packages_pip__vendor --> node_venv_lib_python3_12_site-packages_pip__vendor_rich["rich"]\n    node_venv_lib_python3_12_site-packages_pip__vendor_rich --> node_venv_lib_python3_12_site-packages_pip__vendor_rich_constrain_py["constrain.py"]\n    Root --> node_venv["venv"]\n    node_venv --> node_venv_lib["lib"]\n    node_venv_lib --> node_venv_lib_python3_12["python3.12"]\n    node_venv_lib_python3_12 --> node_venv_lib_python3_12_site-packages["site-packages"]\n    node_venv_lib_python3_12_site-packages --> node_venv_lib_python3_12_site-packages_pip["pip"]\n    node_venv_lib_python3_12_site-packages_pip --> node_venv_lib_python3_12_site-packages_pip__vendor["_vendor"]\n    node_venv_lib_python3_12_site-packages_pip__vendor --> node_venv_lib_python3_12_site-packages_pip__vendor_rich["rich"]\n    node_venv_lib_python3_12_site-packages_pip__vendor_rich --> node_venv_lib_python3_12_site-packages_pip__vendor_rich_containers_py["containers.py"]\n    Root --> node_venv["venv"]\n    node_venv --> node_venv_lib["lib"]\n    node_venv_lib --> node_venv_lib_python3_12["python3.12"]\n    node_venv_lib_python3_12 --> node_venv_lib_python3_12_site-packages["site-packages"]\n    node_venv_lib_python3_12_site-packages --> node_venv_lib_python3_12_site-packages_pip["pip"]\n    node_venv_lib_python3_12_site-packages_pip --> node_venv_lib_python3_12_site-packages_pip__vendor["_vendor"]\n    node_venv_lib_python3_12_site-packages_pip__vendor --> node_venv_lib_python3_12_site-packages_pip__vendor_rich["rich"]\n    node_venv_lib_python3_12_site-packages_pip__vendor_rich --> node_venv_lib_python3_12_site-packages_pip__vendor_rich_control_py["control.py"]\n    Root --> node_venv["venv"]\n    node_venv --> node_venv_lib["lib"]\n    node_venv_lib --> node_venv_lib_python3_12["python3.12"]\n    node_venv_lib_python3_12 --> node_venv_lib_python3_12_site-packages["site-packages"]\n    node_venv_lib_python3_12_site-packages --> node_venv_lib_python3_12_site-packages_pip["pip"]\n    node_venv_lib_python3_12_site-packages_pip --> node_venv_lib_python3_12_site-packages_pip__vendor["_vendor"]\n    node_venv_lib_python3_12_site-packages_pip__vendor --> node_venv_lib_python3_12_site-packages_pip__vendor_rich["rich"]\n    node_venv_lib_python3_12_site-packages_pip__vendor_rich --> node_venv_lib_python3_12_site-packages_pip__vendor_rich_default_styles_py["default_styles.py"]\n    Root --> node_venv["venv"]\n    node_venv --> node_venv_lib["lib"]\n    node_venv_lib --> node_venv_lib_python3_12["python3.12"]\n    node_venv_lib_python3_12 --> node_venv_lib_python3_12_site-packages["site-packages"]\n    node_venv_lib_python3_12_site-packages --> node_venv_lib_python3_12_site-packages_pip["pip"]\n    node_venv_lib_python3_12_site-packages_pip --> node_venv_lib_python3_12_site-packages_pip__vendor["_vendor"]\n    node_venv_lib_python3_12_site-packages_pip__vendor --> node_venv_lib_python3_12_site-packages_pip__vendor_rich["rich"]\n    node_venv_lib_python3_12_site-packages_pip__vendor_rich --> node_venv_lib_python3_12_site-packages_pip__vendor_rich_diagnose_py["diagnose.py"]\n    Root --> node_venv["venv"]\n    node_venv --> node_venv_lib["lib"]\n    node_venv_lib --> node_venv_lib_python3_12["python3.12"]\n    node_venv_lib_python3_12 --> node_venv_lib_python3_12_site-packages["site-packages"]\n    node_venv_lib_python3_12_site-packages --> node_venv_lib_python3_12_site-packages_pip["pip"]\n    node_venv_lib_python3_12_site-packages_pip --> node_venv_lib_python3_12_site-packages_pip__vendor["_vendor"]\n    node_venv_lib_python3_12_site-packages_pip__vendor --> node_venv_lib_python3_12_site-packages_pip__vendor_rich["rich"]\n    node_venv_lib_python3_12_site-packages_pip__vendor_rich --> node_venv_lib_python3_12_site-packages_pip__vendor_rich_emoji_py["emoji.py"]\n    Root --> node_venv["venv"]\n    node_venv --> node_venv_lib["lib"]\n    node_venv_lib --> node_venv_lib_python3_12["python3.12"]\n    node_venv_lib_python3_12 --> node_venv_lib_python3_12_site-packages["site-packages"]\n    node_venv_lib_python3_12_site-packages --> node_venv_lib_python3_12_site-packages_pip["pip"]\n    node_venv_lib_python3_12_site-packages_pip --> node_venv_lib_python3_12_site-packages_pip__vendor["_vendor"]\n    node_venv_lib_python3_12_site-packages_pip__vendor --> node_venv_lib_python3_12_site-packages_pip__vendor_rich["rich"]\n    node_venv_lib_python3_12_site-packages_pip__vendor_rich --> node_venv_lib_python3_12_site-packages_pip__vendor_rich_errors_py["errors.py"]\n    Root --> node_venv["venv"]\n    node_venv --> node_venv_lib["lib"]\n    node_venv_lib --> node_venv_lib_python3_12["python3.12"]\n    node_venv_lib_python3_12 --> node_venv_lib_python3_12_site-packages["site-packages"]\n    node_venv_lib_python3_12_site-packages --> node_venv_lib_python3_12_site-packages_pip["pip"]\n    node_venv_lib_python3_12_site-packages_pip --> node_venv_lib_python3_12_site-packages_pip__vendor["_vendor"]\n    node_venv_lib_python3_12_site-packages_pip__vendor --> node_venv_lib_python3_12_site-packages_pip__vendor_rich["rich"]\n    node_venv_lib_python3_12_site-packages_pip__vendor_rich --> node_venv_lib_python3_12_site-packages_pip__vendor_rich_file_proxy_py["file_proxy.py"]\n    Root --> node_venv["venv"]\n    node_venv --> node_venv_lib["lib"]\n    node_venv_lib --> node_venv_lib_python3_12["python3.12"]\n    node_venv_lib_python3_12 --> node_venv_lib_python3_12_site-packages["site-packages"]\n    node_venv_lib_python3_12_site-packages --> node_venv_lib_python3_12_site-packages_pip["pip"]\n    node_venv_lib_python3_12_site-packages_pip --> node_venv_lib_python3_12_site-packages_pip__vendor["_vendor"]\n    node_venv_lib_python3_12_site-packages_pip__vendor --> node_venv_lib_python3_12_site-packages_pip__vendor_rich["rich"]\n    node_venv_lib_python3_12_site-packages_pip__vendor_rich --> node_venv_lib_python3_12_site-packages_pip__vendor_rich_filesize_py["filesize.py"]\n    Root --> node_venv["venv"]\n    node_venv --> node_venv_lib["lib"]\n    node_venv_lib --> node_venv_lib_python3_12["python3.12"]\n    node_venv_lib_python3_12 --> node_venv_lib_python3_12_site-packages["site-packages"]\n    node_venv_lib_python3_12_site-packages --> node_venv_lib_python3_12_site-packages_pip["pip"]\n    node_venv_lib_python3_12_site-packages_pip --> node_venv_lib_python3_12_site-packages_pip__vendor["_vendor"]\n    node_venv_lib_python3_12_site-packages_pip__vendor --> node_venv_lib_python3_12_site-packages_pip__vendor_rich["rich"]\n    node_venv_lib_python3_12_site-packages_pip__vendor_rich --> node_venv_lib_python3_12_site-packages_pip__vendor_rich_highlighter_py["highlighter.py"]\n    Root --> node_venv["venv"]\n    node_venv --> node_venv_lib["lib"]\n    node_venv_lib --> node_venv_lib_python3_12["python3.12"]\n    node_venv_lib_python3_12 --> node_venv_lib_python3_12_site-packages["site-packages"]\n    node_venv_lib_python3_12_site-packages --> node_venv_lib_python3_12_site-packages_pip["pip"]\n    node_venv_lib_python3_12_site-packages_pip --> node_venv_lib_python3_12_site-packages_pip__vendor["_vendor"]\n    node_venv_lib_python3_12_site-packages_pip__vendor --> node_venv_lib_python3_12_site-packages_pip__vendor_rich["rich"]\n    node_venv_lib_python3_12_site-packages_pip__vendor_rich --> node_venv_lib_python3_12_site-packages_pip__vendor_rich_json_py["json.py"]\n    Root --> node_venv["venv"]\n    node_venv --> node_venv_lib["lib"]\n    node_venv_lib --> node_venv_lib_python3_12["python3.12"]\n    node_venv_lib_python3_12 --> node_venv_lib_python3_12_site-packages["site-packages"]\n    node_venv_lib_python3_12_site-packages --> node_venv_lib_python3_12_site-packages_pip["pip"]\n    node_venv_lib_python3_12_site-packages_pip --> node_venv_lib_python3_12_site-packages_pip__vendor["_vendor"]\n    node_venv_lib_python3_12_site-packages_pip__vendor --> node_venv_lib_python3_12_site-packages_pip__vendor_rich["rich"]\n    node_venv_lib_python3_12_site-packages_pip__vendor_rich --> node_venv_lib_python3_12_site-packages_pip__vendor_rich_jupyter_py["jupyter.py"]\n    Root --> node_venv["venv"]\n    node_venv --> node_venv_lib["lib"]\n    node_venv_lib --> node_venv_lib_python3_12["python3.12"]\n    node_venv_lib_python3_12 --> node_venv_lib_python3_12_site-packages["site-packages"]\n    node_venv_lib_python3_12_site-packages --> node_venv_lib_python3_12_site-packages_pip["pip"]\n    node_venv_lib_python3_12_site-packages_pip --> node_venv_lib_python3_12_site-packages_pip__vendor["_vendor"]\n    node_venv_lib_python3_12_site-packages_pip__vendor --> node_venv_lib_python3_12_site-packages_pip__vendor_rich["rich"]\n    node_venv_lib_python3_12_site-packages_pip__vendor_rich --> node_venv_lib_python3_12_site-packages_pip__vendor_rich_layout_py["layout.py"]\n    Root --> node_venv["venv"]\n    node_venv --> node_venv_lib["lib"]\n    node_venv_lib --> node_venv_lib_python3_12["python3.12"]\n    node_venv_lib_python3_12 --> node_venv_lib_python3_12_site-packages["site-packages"]\n    node_venv_lib_python3_12_site-packages --> node_venv_lib_python3_12_site-packages_pip["pip"]\n    node_venv_lib_python3_12_site-packages_pip --> node_venv_lib_python3_12_site-packages_pip__vendor["_vendor"]\n    node_venv_lib_python3_12_site-packages_pip__vendor --> node_venv_lib_python3_12_site-packages_pip__vendor_rich["rich"]\n    node_venv_lib_python3_12_site-packages_pip__vendor_rich --> node_venv_lib_python3_12_site-packages_pip__vendor_rich_live_py["live.py"]\n    Root --> node_venv["venv"]\n    node_venv --> node_venv_lib["lib"]\n    node_venv_lib --> node_venv_lib_python3_12["python3.12"]\n    node_venv_lib_python3_12 --> node_venv_lib_python3_12_site-packages["site-packages"]\n    node_venv_lib_python3_12_site-packages --> node_venv_lib_python3_12_site-packages_pip["pip"]\n    node_venv_lib_python3_12_site-packages_pip --> node_venv_lib_python3_12_site-packages_pip__vendor["_vendor"]\n    node_venv_lib_python3_12_site-packages_pip__vendor --> node_venv_lib_python3_12_site-packages_pip__vendor_rich["rich"]\n    node_venv_lib_python3_12_site-packages_pip__vendor_rich --> node_venv_lib_python3_12_site-packages_pip__vendor_rich_live_render_py["live_render.py"]\n    Root --> node_venv["venv"]\n    node_venv --> node_venv_lib["lib"]\n    node_venv_lib --> node_venv_lib_python3_12["python3.12"]\n    node_venv_lib_python3_12 --> node_venv_lib_python3_12_site-packages["site-packages"]\n    node_venv_lib_python3_12_site-packages --> node_venv_lib_python3_12_site-packages_pip["pip"]\n    node_venv_lib_python3_12_site-packages_pip --> node_venv_lib_python3_12_site-packages_pip__vendor["_vendor"]\n    node_venv_lib_python3_12_site-packages_pip__vendor --> node_venv_lib_python3_12_site-packages_pip__vendor_rich["rich"]\n    node_venv_lib_python3_12_site-packages_pip__vendor_rich --> node_venv_lib_python3_12_site-packages_pip__vendor_rich_logging_py["logging.py"]\n    Root --> node_venv["venv"]\n    node_venv --> node_venv_lib["lib"]\n    node_venv_lib --> node_venv_lib_python3_12["python3.12"]\n    node_venv_lib_python3_12 --> node_venv_lib_python3_12_site-packages["site-packages"]\n    node_venv_lib_python3_12_site-packages --> node_venv_lib_python3_12_site-packages_pip["pip"]\n    node_venv_lib_python3_12_site-packages_pip --> node_venv_lib_python3_12_site-packages_pip__vendor["_vendor"]\n    node_venv_lib_python3_12_site-packages_pip__vendor --> node_venv_lib_python3_12_site-packages_pip__vendor_rich["rich"]\n    node_venv_lib_python3_12_site-packages_pip__vendor_rich --> node_venv_lib_python3_12_site-packages_pip__vendor_rich_markup_py["markup.py"]\n    Root --> node_venv["venv"]\n    node_venv --> node_venv_lib["lib"]\n    node_venv_lib --> node_venv_lib_python3_12["python3.12"]\n    node_venv_lib_python3_12 --> node_venv_lib_python3_12_site-packages["site-packages"]\n    node_venv_lib_python3_12_site-packages --> node_venv_lib_python3_12_site-packages_pip["pip"]\n    node_venv_lib_python3_12_site-packages_pip --> node_venv_lib_python3_12_site-packages_pip__vendor["_vendor"]\n    node_venv_lib_python3_12_site-packages_pip__vendor --> node_venv_lib_python3_12_site-packages_pip__vendor_rich["rich"]\n    node_venv_lib_python3_12_site-packages_pip__vendor_rich --> node_venv_lib_python3_12_site-packages_pip__vendor_rich_measure_py["measure.py"]\n    Root --> node_venv["venv"]\n    node_venv --> node_venv_lib["lib"]\n    node_venv_lib --> node_venv_lib_python3_12["python3.12"]\n    node_venv_lib_python3_12 --> node_venv_lib_python3_12_site-packages["site-packages"]\n    node_venv_lib_python3_12_site-packages --> node_venv_lib_python3_12_site-packages_pip["pip"]\n    node_venv_lib_python3_12_site-packages_pip --> node_venv_lib_python3_12_site-packages_pip__vendor["_vendor"]\n    node_venv_lib_python3_12_site-packages_pip__vendor --> node_venv_lib_python3_12_site-packages_pip__vendor_rich["rich"]\n    node_venv_lib_python3_12_site-packages_pip__vendor_rich --> node_venv_lib_python3_12_site-packages_pip__vendor_rich_padding_py["padding.py"]\n    Root --> node_venv["venv"]\n    node_venv --> node_venv_lib["lib"]\n    node_venv_lib --> node_venv_lib_python3_12["python3.12"]\n    node_venv_lib_python3_12 --> node_venv_lib_python3_12_site-packages["site-packages"]\n    node_venv_lib_python3_12_site-packages --> node_venv_lib_python3_12_site-packages_pip["pip"]\n    node_venv_lib_python3_12_site-packages_pip --> node_venv_lib_python3_12_site-packages_pip__vendor["_vendor"]\n    node_venv_lib_python3_12_site-packages_pip__vendor --> node_venv_lib_python3_12_site-packages_pip__vendor_rich["rich"]\n    node_venv_lib_python3_12_site-packages_pip__vendor_rich --> node_venv_lib_python3_12_site-packages_pip__vendor_rich_pager_py["pager.py"]\n    Root --> node_venv["venv"]\n    node_venv --> node_venv_lib["lib"]\n    node_venv_lib --> node_venv_lib_python3_12["python3.12"]\n    node_venv_lib_python3_12 --> node_venv_lib_python3_12_site-packages["site-packages"]\n    node_venv_lib_python3_12_site-packages --> node_venv_lib_python3_12_site-packages_pip["pip"]\n    node_venv_lib_python3_12_site-packages_pip --> node_venv_lib_python3_12_site-packages_pip__vendor["_vendor"]\n    node_venv_lib_python3_12_site-packages_pip__vendor --> node_venv_lib_python3_12_site-packages_pip__vendor_rich["rich"]\n    node_venv_lib_python3_12_site-packages_pip__vendor_rich --> node_venv_lib_python3_12_site-packages_pip__vendor_rich_palette_py["palette.py"]\n    Root --> node_venv["venv"]\n    node_venv --> node_venv_lib["lib"]\n    node_venv_lib --> node_venv_lib_python3_12["python3.12"]\n    node_venv_lib_python3_12 --> node_venv_lib_python3_12_site-packages["site-packages"]\n    node_venv_lib_python3_12_site-packages --> node_venv_lib_python3_12_site-packages_pip["pip"]\n    node_venv_lib_python3_12_site-packages_pip --> node_venv_lib_python3_12_site-packages_pip__vendor["_vendor"]\n    node_venv_lib_python3_12_site-packages_pip__vendor --> node_venv_lib_python3_12_site-packages_pip__vendor_rich["rich"]\n    node_venv_lib_python3_12_site-packages_pip__vendor_rich --> node_venv_lib_python3_12_site-packages_pip__vendor_rich_panel_py["panel.py"]\n    Root --> node_venv["venv"]\n    node_venv --> node_venv_lib["lib"]\n    node_venv_lib --> node_venv_lib_python3_12["python3.12"]\n    node_venv_lib_python3_12 --> node_venv_lib_python3_12_site-packages["site-packages"]\n    node_venv_lib_python3_12_site-packages --> node_venv_lib_python3_12_site-packages_pip["pip"]\n    node_venv_lib_python3_12_site-packages_pip --> node_venv_lib_python3_12_site-packages_pip__vendor["_vendor"]\n    node_venv_lib_python3_12_site-packages_pip__vendor --> node_venv_lib_python3_12_site-packages_pip__vendor_rich["rich"]\n    node_venv_lib_python3_12_site-packages_pip__vendor_rich --> node_venv_lib_python3_12_site-packages_pip__vendor_rich_pretty_py["pretty.py"]\n    Root --> node_venv["venv"]\n    node_venv --> node_venv_lib["lib"]\n    node_venv_lib --> node_venv_lib_python3_12["python3.12"]\n    node_venv_lib_python3_12 --> node_venv_lib_python3_12_site-packages["site-packages"]\n    node_venv_lib_python3_12_site-packages --> node_venv_lib_python3_12_site-packages_pip["pip"]\n    node_venv_lib_python3_12_site-packages_pip --> node_venv_lib_python3_12_site-packages_pip__vendor["_vendor"]\n    node_venv_lib_python3_12_site-packages_pip__vendor --> node_venv_lib_python3_12_site-packages_pip__vendor_rich["rich"]\n    node_venv_lib_python3_12_site-packages_pip__vendor_rich --> node_venv_lib_python3_12_site-packages_pip__vendor_rich_progress_py["progress.py"]\n    Root --> node_venv["venv"]\n    node_venv --> node_venv_lib["lib"]\n    node_venv_lib --> node_venv_lib_python3_12["python3.12"]\n    node_venv_lib_python3_12 --> node_venv_lib_python3_12_site-packages["site-packages"]\n    node_venv_lib_python3_12_site-packages --> node_venv_lib_python3_12_site-packages_pip["pip"]\n    node_venv_lib_python3_12_site-packages_pip --> node_venv_lib_python3_12_site-packages_pip__vendor["_vendor"]\n    node_venv_lib_python3_12_site-packages_pip__vendor --> node_venv_lib_python3_12_site-packages_pip__vendor_rich["rich"]\n    node_venv_lib_python3_12_site-packages_pip__vendor_rich --> node_venv_lib_python3_12_site-packages_pip__vendor_rich_progress_bar_py["progress_bar.py"]\n    Root --> node_venv["venv"]\n    node_venv --> node_venv_lib["lib"]\n    node_venv_lib --> node_venv_lib_python3_12["python3.12"]\n    node_venv_lib_python3_12 --> node_venv_lib_python3_12_site-packages["site-packages"]\n    node_venv_lib_python3_12_site-packages --> node_venv_lib_python3_12_site-packages_pip["pip"]\n    node_venv_lib_python3_12_site-packages_pip --> node_venv_lib_python3_12_site-packages_pip__vendor["_vendor"]\n    node_venv_lib_python3_12_site-packages_pip__vendor --> node_venv_lib_python3_12_site-packages_pip__vendor_rich["rich"]\n    node_venv_lib_python3_12_site-packages_pip__vendor_rich --> node_venv_lib_python3_12_site-packages_pip__vendor_rich_prompt_py["prompt.py"]\n    Root --> node_venv["venv"]\n    node_venv --> node_venv_lib["lib"]\n    node_venv_lib --> node_venv_lib_python3_12["python3.12"]\n    node_venv_lib_python3_12 --> node_venv_lib_python3_12_site-packages["site-packages"]\n    node_venv_lib_python3_12_site-packages --> node_venv_lib_python3_12_site-packages_pip["pip"]\n    node_venv_lib_python3_12_site-packages_pip --> node_venv_lib_python3_12_site-packages_pip__vendor["_vendor"]\n    node_venv_lib_python3_12_site-packages_pip__vendor --> node_venv_lib_python3_12_site-packages_pip__vendor_rich["rich"]\n    node_venv_lib_python3_12_site-packages_pip__vendor_rich --> node_venv_lib_python3_12_site-packages_pip__vendor_rich_protocol_py["protocol.py"]\n    Root --> node_venv["venv"]\n    node_venv --> node_venv_lib["lib"]\n    node_venv_lib --> node_venv_lib_python3_12["python3.12"]\n    node_venv_lib_python3_12 --> node_venv_lib_python3_12_site-packages["site-packages"]\n    node_venv_lib_python3_12_site-packages --> node_venv_lib_python3_12_site-packages_pip["pip"]\n    node_venv_lib_python3_12_site-packages_pip --> node_venv_lib_python3_12_site-packages_pip__vendor["_vendor"]\n    node_venv_lib_python3_12_site-packages_pip__vendor --> node_venv_lib_python3_12_site-packages_pip__vendor_rich["rich"]\n    node_venv_lib_python3_12_site-packages_pip__vendor_rich --> node_venv_lib_python3_12_site-packages_pip__vendor_rich_py_typed["py.typed"]\n    Root --> node_venv["venv"]\n    node_venv --> node_venv_lib["lib"]\n    node_venv_lib --> node_venv_lib_python3_12["python3.12"]\n    node_venv_lib_python3_12 --> node_venv_lib_python3_12_site-packages["site-packages"]\n    node_venv_lib_python3_12_site-packages --> node_venv_lib_python3_12_site-packages_pip["pip"]\n    node_venv_lib_python3_12_site-packages_pip --> node_venv_lib_python3_12_site-packages_pip__vendor["_vendor"]\n    node_venv_lib_python3_12_site-packages_pip__vendor --> node_venv_lib_python3_12_site-packages_pip__vendor_rich["rich"]\n    node_venv_lib_python3_12_site-packages_pip__vendor_rich --> node_venv_lib_python3_12_site-packages_pip__vendor_rich_region_py["region.py"]\n    Root --> node_venv["venv"]\n    node_venv --> node_venv_lib["lib"]\n    node_venv_lib --> node_venv_lib_python3_12["python3.12"]\n    node_venv_lib_python3_12 --> node_venv_lib_python3_12_site-packages["site-packages"]\n    node_venv_lib_python3_12_site-packages --> node_venv_lib_python3_12_site-packages_pip["pip"]\n    node_venv_lib_python3_12_site-packages_pip --> node_venv_lib_python3_12_site-packages_pip__vendor["_vendor"]\n    node_venv_lib_python3_12_site-packages_pip__vendor --> node_venv_lib_python3_12_site-packages_pip__vendor_rich["rich"]\n    node_venv_lib_python3_12_site-packages_pip__vendor_rich --> node_venv_lib_python3_12_site-packages_pip__vendor_rich_repr_py["repr.py"]\n    Root --> node_venv["venv"]\n    node_venv --> node_venv_lib["lib"]\n    node_venv_lib --> node_venv_lib_python3_12["python3.12"]\n    node_venv_lib_python3_12 --> node_venv_lib_python3_12_site-packages["site-packages"]\n    node_venv_lib_python3_12_site-packages --> node_venv_lib_python3_12_site-packages_pip["pip"]\n    node_venv_lib_python3_12_site-packages_pip --> node_venv_lib_python3_12_site-packages_pip__vendor["_vendor"]\n    node_venv_lib_python3_12_site-packages_pip__vendor --> node_venv_lib_python3_12_site-packages_pip__vendor_rich["rich"]\n    node_venv_lib_python3_12_site-packages_pip__vendor_rich --> node_venv_lib_python3_12_site-packages_pip__vendor_rich_rule_py["rule.py"]\n    Root --> node_venv["venv"]\n    node_venv --> node_venv_lib["lib"]\n    node_venv_lib --> node_venv_lib_python3_12["python3.12"]\n    node_venv_lib_python3_12 --> node_venv_lib_python3_12_site-packages["site-packages"]\n    node_venv_lib_python3_12_site-packages --> node_venv_lib_python3_12_site-packages_pip["pip"]\n    node_venv_lib_python3_12_site-packages_pip --> node_venv_lib_python3_12_site-packages_pip__vendor["_vendor"]\n    node_venv_lib_python3_12_site-packages_pip__vendor --> node_venv_lib_python3_12_site-packages_pip__vendor_rich["rich"]\n    node_venv_lib_python3_12_site-packages_pip__vendor_rich --> node_venv_lib_python3_12_site-packages_pip__vendor_rich_scope_py["scope.py"]\n    Root --> node_venv["venv"]\n    node_venv --> node_venv_lib["lib"]\n    node_venv_lib --> node_venv_lib_python3_12["python3.12"]\n    node_venv_lib_python3_12 --> node_venv_lib_python3_12_site-packages["site-packages"]\n    node_venv_lib_python3_12_site-packages --> node_venv_lib_python3_12_site-packages_pip["pip"]\n    node_venv_lib_python3_12_site-packages_pip --> node_venv_lib_python3_12_site-packages_pip__vendor["_vendor"]\n    node_venv_lib_python3_12_site-packages_pip__vendor --> node_venv_lib_python3_12_site-packages_pip__vendor_rich["rich"]\n    node_venv_lib_python3_12_site-packages_pip__vendor_rich --> node_venv_lib_python3_12_site-packages_pip__vendor_rich_screen_py["screen.py"]\n    Root --> node_venv["venv"]\n    node_venv --> node_venv_lib["lib"]\n    node_venv_lib --> node_venv_lib_python3_12["python3.12"]\n    node_venv_lib_python3_12 --> node_venv_lib_python3_12_site-packages["site-packages"]\n    node_venv_lib_python3_12_site-packages --> node_venv_lib_python3_12_site-packages_pip["pip"]\n    node_venv_lib_python3_12_site-packages_pip --> node_venv_lib_python3_12_site-packages_pip__vendor["_vendor"]\n    node_venv_lib_python3_12_site-packages_pip__vendor --> node_venv_lib_python3_12_site-packages_pip__vendor_rich["rich"]\n    node_venv_lib_python3_12_site-packages_pip__vendor_rich --> node_venv_lib_python3_12_site-packages_pip__vendor_rich_segment_py["segment.py"]\n    Root --> node_venv["venv"]\n    node_venv --> node_venv_lib["lib"]\n    node_venv_lib --> node_venv_lib_python3_12["python3.12"]\n    node_venv_lib_python3_12 --> node_venv_lib_python3_12_site-packages["site-packages"]\n    node_venv_lib_python3_12_site-packages --> node_venv_lib_python3_12_site-packages_pip["pip"]\n    node_venv_lib_python3_12_site-packages_pip --> node_venv_lib_python3_12_site-packages_pip__vendor["_vendor"]\n    node_venv_lib_python3_12_site-packages_pip__vendor --> node_venv_lib_python3_12_site-packages_pip__vendor_rich["rich"]\n    node_venv_lib_python3_12_site-packages_pip__vendor_rich --> node_venv_lib_python3_12_site-packages_pip__vendor_rich_spinner_py["spinner.py"]\n    Root --> node_venv["venv"]\n    node_venv --> node_venv_lib["lib"]\n    node_venv_lib --> node_venv_lib_python3_12["python3.12"]\n    node_venv_lib_python3_12 --> node_venv_lib_python3_12_site-packages["site-packages"]\n    node_venv_lib_python3_12_site-packages --> node_venv_lib_python3_12_site-packages_pip["pip"]\n    node_venv_lib_python3_12_site-packages_pip --> node_venv_lib_python3_12_site-packages_pip__vendor["_vendor"]\n    node_venv_lib_python3_12_site-packages_pip__vendor --> node_venv_lib_python3_12_site-packages_pip__vendor_rich["rich"]\n    node_venv_lib_python3_12_site-packages_pip__vendor_rich --> node_venv_lib_python3_12_site-packages_pip__vendor_rich_status_py["status.py"]\n    Root --> node_venv["venv"]\n    node_venv --> node_venv_lib["lib"]\n    node_venv_lib --> node_venv_lib_python3_12["python3.12"]\n    node_venv_lib_python3_12 --> node_venv_lib_python3_12_site-packages["site-packages"]\n    node_venv_lib_python3_12_site-packages --> node_venv_lib_python3_12_site-packages_pip["pip"]\n    node_venv_lib_python3_12_site-packages_pip --> node_venv_lib_python3_12_site-packages_pip__vendor["_vendor"]\n    node_venv_lib_python3_12_site-packages_pip__vendor --> node_venv_lib_python3_12_site-packages_pip__vendor_rich["rich"]\n    node_venv_lib_python3_12_site-packages_pip__vendor_rich --> node_venv_lib_python3_12_site-packages_pip__vendor_rich_style_py["style.py"]\n    Root --> node_venv["venv"]\n    node_venv --> node_venv_lib["lib"]\n    node_venv_lib --> node_venv_lib_python3_12["python3.12"]\n    node_venv_lib_python3_12 --> node_venv_lib_python3_12_site-packages["site-packages"]\n    node_venv_lib_python3_12_site-packages --> node_venv_lib_python3_12_site-packages_pip["pip"]\n    node_venv_lib_python3_12_site-packages_pip --> node_venv_lib_python3_12_site-packages_pip__vendor["_vendor"]\n    node_venv_lib_python3_12_site-packages_pip__vendor --> node_venv_lib_python3_12_site-packages_pip__vendor_rich["rich"]\n    node_venv_lib_python3_12_site-packages_pip__vendor_rich --> node_venv_lib_python3_12_site-packages_pip__vendor_rich_styled_py["styled.py"]\n    Root --> node_venv["venv"]\n    node_venv --> node_venv_lib["lib"]\n    node_venv_lib --> node_venv_lib_python3_12["python3.12"]\n    node_venv_lib_python3_12 --> node_venv_lib_python3_12_site-packages["site-packages"]\n    node_venv_lib_python3_12_site-packages --> node_venv_lib_python3_12_site-packages_pip["pip"]\n    node_venv_lib_python3_12_site-packages_pip --> node_venv_lib_python3_12_site-packages_pip__vendor["_vendor"]\n    node_venv_lib_python3_12_site-packages_pip__vendor --> node_venv_lib_python3_12_site-packages_pip__vendor_rich["rich"]\n    node_venv_lib_python3_12_site-packages_pip__vendor_rich --> node_venv_lib_python3_12_site-packages_pip__vendor_rich_syntax_py["syntax.py"]\n    Root --> node_venv["venv"]\n    node_venv --> node_venv_lib["lib"]\n    node_venv_lib --> node_venv_lib_python3_12["python3.12"]\n    node_venv_lib_python3_12 --> node_venv_lib_python3_12_site-packages["site-packages"]\n    node_venv_lib_python3_12_site-packages --> node_venv_lib_python3_12_site-packages_pip["pip"]\n    node_venv_lib_python3_12_site-packages_pip --> node_venv_lib_python3_12_site-packages_pip__vendor["_vendor"]\n    node_venv_lib_python3_12_site-packages_pip__vendor --> node_venv_lib_python3_12_site-packages_pip__vendor_rich["rich"]\n    node_venv_lib_python3_12_site-packages_pip__vendor_rich --> node_venv_lib_python3_12_site-packages_pip__vendor_rich_table_py["table.py"]\n    Root --> node_venv["venv"]\n    node_venv --> node_venv_lib["lib"]\n    node_venv_lib --> node_venv_lib_python3_12["python3.12"]\n    node_venv_lib_python3_12 --> node_venv_lib_python3_12_site-packages["site-packages"]\n    node_venv_lib_python3_12_site-packages --> node_venv_lib_python3_12_site-packages_pip["pip"]\n    node_venv_lib_python3_12_site-packages_pip --> node_venv_lib_python3_12_site-packages_pip__vendor["_vendor"]\n    node_venv_lib_python3_12_site-packages_pip__vendor --> node_venv_lib_python3_12_site-packages_pip__vendor_rich["rich"]\n    node_venv_lib_python3_12_site-packages_pip__vendor_rich --> node_venv_lib_python3_12_site-packages_pip__vendor_rich_terminal_theme_py["terminal_theme.py"]\n    Root --> node_venv["venv"]\n    node_venv --> node_venv_lib["lib"]\n    node_venv_lib --> node_venv_lib_python3_12["python3.12"]\n    node_venv_lib_python3_12 --> node_venv_lib_python3_12_site-packages["site-packages"]\n    node_venv_lib_python3_12_site-packages --> node_venv_lib_python3_12_site-packages_pip["pip"]\n    node_venv_lib_python3_12_site-packages_pip --> node_venv_lib_python3_12_site-packages_pip__vendor["_vendor"]\n    node_venv_lib_python3_12_site-packages_pip__vendor --> node_venv_lib_python3_12_site-packages_pip__vendor_rich["rich"]\n    node_venv_lib_python3_12_site-packages_pip__vendor_rich --> node_venv_lib_python3_12_site-packages_pip__vendor_rich_text_py["text.py"]\n    Root --> node_venv["venv"]\n    node_venv --> node_venv_lib["lib"]\n    node_venv_lib --> node_venv_lib_python3_12["python3.12"]\n    node_venv_lib_python3_12 --> node_venv_lib_python3_12_site-packages["site-packages"]\n    node_venv_lib_python3_12_site-packages --> node_venv_lib_python3_12_site-packages_pip["pip"]\n    node_venv_lib_python3_12_site-packages_pip --> node_venv_lib_python3_12_site-packages_pip__vendor["_vendor"]\n    node_venv_lib_python3_12_site-packages_pip__vendor --> node_venv_lib_python3_12_site-packages_pip__vendor_rich["rich"]\n    node_venv_lib_python3_12_site-packages_pip__vendor_rich --> node_venv_lib_python3_12_site-packages_pip__vendor_rich_theme_py["theme.py"]\n    Root --> node_venv["venv"]\n    node_venv --> node_venv_lib["lib"]\n    node_venv_lib --> node_venv_lib_python3_12["python3.12"]\n    node_venv_lib_python3_12 --> node_venv_lib_python3_12_site-packages["site-packages"]\n    node_venv_lib_python3_12_site-packages --> node_venv_lib_python3_12_site-packages_pip["pip"]\n    node_venv_lib_python3_12_site-packages_pip --> node_venv_lib_python3_12_site-packages_pip__vendor["_vendor"]\n    node_venv_lib_python3_12_site-packages_pip__vendor --> node_venv_lib_python3_12_site-packages_pip__vendor_rich["rich"]\n    node_venv_lib_python3_12_site-packages_pip__vendor_rich --> node_venv_lib_python3_12_site-packages_pip__vendor_rich_themes_py["themes.py"]\n    Root --> node_venv["venv"]\n    node_venv --> node_venv_lib["lib"]\n    node_venv_lib --> node_venv_lib_python3_12["python3.12"]\n    node_venv_lib_python3_12 --> node_venv_lib_python3_12_site-packages["site-packages"]\n    node_venv_lib_python3_12_site-packages --> node_venv_lib_python3_12_site-packages_pip["pip"]\n    node_venv_lib_python3_12_site-packages_pip --> node_venv_lib_python3_12_site-packages_pip__vendor["_vendor"]\n    node_venv_lib_python3_12_site-packages_pip__vendor --> node_venv_lib_python3_12_site-packages_pip__vendor_rich["rich"]\n    node_venv_lib_python3_12_site-packages_pip__vendor_rich --> node_venv_lib_python3_12_site-packages_pip__vendor_rich_traceback_py["traceback.py"]\n    Root --> node_venv["venv"]\n    node_venv --> node_venv_lib["lib"]\n    node_venv_lib --> node_venv_lib_python3_12["python3.12"]\n    node_venv_lib_python3_12 --> node_venv_lib_python3_12_site-packages["site-packages"]\n    node_venv_lib_python3_12_site-packages --> node_venv_lib_python3_12_site-packages_pip["pip"]\n    node_venv_lib_python3_12_site-packages_pip --> node_venv_lib_python3_12_site-packages_pip__vendor["_vendor"]\n    node_venv_lib_python3_12_site-packages_pip__vendor --> node_venv_lib_python3_12_site-packages_pip__vendor_rich["rich"]\n    node_venv_lib_python3_12_site-packages_pip__vendor_rich --> node_venv_lib_python3_12_site-packages_pip__vendor_rich_tree_py["tree.py"]\n    Root --> node_venv["venv"]\n    node_venv --> node_venv_lib["lib"]\n    node_venv_lib --> node_venv_lib_python3_12["python3.12"]\n    node_venv_lib_python3_12 --> node_venv_lib_python3_12_site-packages["site-packages"]\n    node_venv_lib_python3_12_site-packages --> node_venv_lib_python3_12_site-packages_pip["pip"]\n    node_venv_lib_python3_12_site-packages_pip --> node_venv_lib_python3_12_site-packages_pip__vendor["_vendor"]\n    node_venv_lib_python3_12_site-packages_pip__vendor --> node_venv_lib_python3_12_site-packages_pip__vendor_urllib3["urllib3"]\n    node_venv_lib_python3_12_site-packages_pip__vendor_urllib3 --> node_venv_lib_python3_12_site-packages_pip__vendor_urllib3___init___py["__init__.py"]\n    Root --> node_venv["venv"]\n    node_venv --> node_venv_lib["lib"]\n    node_venv_lib --> node_venv_lib_python3_12["python3.12"]\n    node_venv_lib_python3_12 --> node_venv_lib_python3_12_site-packages["site-packages"]\n    node_venv_lib_python3_12_site-packages --> node_venv_lib_python3_12_site-packages_pip["pip"]\n    node_venv_lib_python3_12_site-packages_pip --> node_venv_lib_python3_12_site-packages_pip__vendor["_vendor"]\n    node_venv_lib_python3_12_site-packages_pip__vendor --> node_venv_lib_python3_12_site-packages_pip__vendor_urllib3["urllib3"]\n    node_venv_lib_python3_12_site-packages_pip__vendor_urllib3 --> node_venv_lib_python3_12_site-packages_pip__vendor_urllib3__collections_py["_collections.py"]\n    Root --> node_venv["venv"]\n    node_venv --> node_venv_lib["lib"]\n    node_venv_lib --> node_venv_lib_python3_12["python3.12"]\n    node_venv_lib_python3_12 --> node_venv_lib_python3_12_site-packages["site-packages"]\n    node_venv_lib_python3_12_site-packages --> node_venv_lib_python3_12_site-packages_pip["pip"]\n    node_venv_lib_python3_12_site-packages_pip --> node_venv_lib_python3_12_site-packages_pip__vendor["_vendor"]\n    node_venv_lib_python3_12_site-packages_pip__vendor --> node_venv_lib_python3_12_site-packages_pip__vendor_urllib3["urllib3"]\n    node_venv_lib_python3_12_site-packages_pip__vendor_urllib3 --> node_venv_lib_python3_12_site-packages_pip__vendor_urllib3__version_py["_version.py"]\n    Root --> node_venv["venv"]\n    node_venv --> node_venv_lib["lib"]\n    node_venv_lib --> node_venv_lib_python3_12["python3.12"]\n    node_venv_lib_python3_12 --> node_venv_lib_python3_12_site-packages["site-packages"]\n    node_venv_lib_python3_12_site-packages --> node_venv_lib_python3_12_site-packages_pip["pip"]\n    node_venv_lib_python3_12_site-packages_pip --> node_venv_lib_python3_12_site-packages_pip__vendor["_vendor"]\n    node_venv_lib_python3_12_site-packages_pip__vendor --> node_venv_lib_python3_12_site-packages_pip__vendor_urllib3["urllib3"]\n    node_venv_lib_python3_12_site-packages_pip__vendor_urllib3 --> node_venv_lib_python3_12_site-packages_pip__vendor_urllib3_connection_py["connection.py"]\n    Root --> node_venv["venv"]\n    node_venv --> node_venv_lib["lib"]\n    node_venv_lib --> node_venv_lib_python3_12["python3.12"]\n    node_venv_lib_python3_12 --> node_venv_lib_python3_12_site-packages["site-packages"]\n    node_venv_lib_python3_12_site-packages --> node_venv_lib_python3_12_site-packages_pip["pip"]\n    node_venv_lib_python3_12_site-packages_pip --> node_venv_lib_python3_12_site-packages_pip__vendor["_vendor"]\n    node_venv_lib_python3_12_site-packages_pip__vendor --> node_venv_lib_python3_12_site-packages_pip__vendor_urllib3["urllib3"]\n    node_venv_lib_python3_12_site-packages_pip__vendor_urllib3 --> node_venv_lib_python3_12_site-packages_pip__vendor_urllib3_connectionpool_py["connectionpool.py"]\n    Root --> node_venv["venv"]\n    node_venv --> node_venv_lib["lib"]\n    node_venv_lib --> node_venv_lib_python3_12["python3.12"]\n    node_venv_lib_python3_12 --> node_venv_lib_python3_12_site-packages["site-packages"]\n    node_venv_lib_python3_12_site-packages --> node_venv_lib_python3_12_site-packages_pip["pip"]\n    node_venv_lib_python3_12_site-packages_pip --> node_venv_lib_python3_12_site-packages_pip__vendor["_vendor"]\n    node_venv_lib_python3_12_site-packages_pip__vendor --> node_venv_lib_python3_12_site-packages_pip__vendor_urllib3["urllib3"]\n    node_venv_lib_python3_12_site-packages_pip__vendor_urllib3 --> node_venv_lib_python3_12_site-packages_pip__vendor_urllib3_exceptions_py["exceptions.py"]\n    Root --> node_venv["venv"]\n    node_venv --> node_venv_lib["lib"]\n    node_venv_lib --> node_venv_lib_python3_12["python3.12"]\n    node_venv_lib_python3_12 --> node_venv_lib_python3_12_site-packages["site-packages"]\n    node_venv_lib_python3_12_site-packages --> node_venv_lib_python3_12_site-packages_pip["pip"]\n    node_venv_lib_python3_12_site-packages_pip --> node_venv_lib_python3_12_site-packages_pip__vendor["_vendor"]\n    node_venv_lib_python3_12_site-packages_pip__vendor --> node_venv_lib_python3_12_site-packages_pip__vendor_urllib3["urllib3"]\n    node_venv_lib_python3_12_site-packages_pip__vendor_urllib3 --> node_venv_lib_python3_12_site-packages_pip__vendor_urllib3_fields_py["fields.py"]\n    Root --> node_venv["venv"]\n    node_venv --> node_venv_lib["lib"]\n    node_venv_lib --> node_venv_lib_python3_12["python3.12"]\n    node_venv_lib_python3_12 --> node_venv_lib_python3_12_site-packages["site-packages"]\n    node_venv_lib_python3_12_site-packages --> node_venv_lib_python3_12_site-packages_pip["pip"]\n    node_venv_lib_python3_12_site-packages_pip --> node_venv_lib_python3_12_site-packages_pip__vendor["_vendor"]\n    node_venv_lib_python3_12_site-packages_pip__vendor --> node_venv_lib_python3_12_site-packages_pip__vendor_urllib3["urllib3"]\n    node_venv_lib_python3_12_site-packages_pip__vendor_urllib3 --> node_venv_lib_python3_12_site-packages_pip__vendor_urllib3_filepost_py["filepost.py"]\n    Root --> node_venv["venv"]\n    node_venv --> node_venv_lib["lib"]\n    node_venv_lib --> node_venv_lib_python3_12["python3.12"]\n    node_venv_lib_python3_12 --> node_venv_lib_python3_12_site-packages["site-packages"]\n    node_venv_lib_python3_12_site-packages --> node_venv_lib_python3_12_site-packages_pip["pip"]\n    node_venv_lib_python3_12_site-packages_pip --> node_venv_lib_python3_12_site-packages_pip__vendor["_vendor"]\n    node_venv_lib_python3_12_site-packages_pip__vendor --> node_venv_lib_python3_12_site-packages_pip__vendor_urllib3["urllib3"]\n    node_venv_lib_python3_12_site-packages_pip__vendor_urllib3 --> node_venv_lib_python3_12_site-packages_pip__vendor_urllib3_poolmanager_py["poolmanager.py"]\n    Root --> node_venv["venv"]\n    node_venv --> node_venv_lib["lib"]\n    node_venv_lib --> node_venv_lib_python3_12["python3.12"]\n    node_venv_lib_python3_12 --> node_venv_lib_python3_12_site-packages["site-packages"]\n    node_venv_lib_python3_12_site-packages --> node_venv_lib_python3_12_site-packages_pip["pip"]\n    node_venv_lib_python3_12_site-packages_pip --> node_venv_lib_python3_12_site-packages_pip__vendor["_vendor"]\n    node_venv_lib_python3_12_site-packages_pip__vendor --> node_venv_lib_python3_12_site-packages_pip__vendor_urllib3["urllib3"]\n    node_venv_lib_python3_12_site-packages_pip__vendor_urllib3 --> node_venv_lib_python3_12_site-packages_pip__vendor_urllib3_request_py["request.py"]\n    Root --> node_venv["venv"]\n    node_venv --> node_venv_lib["lib"]\n    node_venv_lib --> node_venv_lib_python3_12["python3.12"]\n    node_venv_lib_python3_12 --> node_venv_lib_python3_12_site-packages["site-packages"]\n    node_venv_lib_python3_12_site-packages --> node_venv_lib_python3_12_site-packages_pip["pip"]\n    node_venv_lib_python3_12_site-packages_pip --> node_venv_lib_python3_12_site-packages_pip__vendor["_vendor"]\n    node_venv_lib_python3_12_site-packages_pip__vendor --> node_venv_lib_python3_12_site-packages_pip__vendor_urllib3["urllib3"]\n    node_venv_lib_python3_12_site-packages_pip__vendor_urllib3 --> node_venv_lib_python3_12_site-packages_pip__vendor_urllib3_response_py["response.py"]\n    Root --> node_venv["venv"]\n    node_venv --> node_venv_lib["lib"]\n    node_venv_lib --> node_venv_lib_python3_12["python3.12"]\n    node_venv_lib_python3_12 --> node_venv_lib_python3_12_site-packages["site-packages"]\n    node_venv_lib_python3_12_site-packages --> node_venv_lib_python3_12_site-packages_pip["pip"]\n    node_venv_lib_python3_12_site-packages_pip --> node_venv_lib_python3_12_site-packages_pip__vendor["_vendor"]\n    node_venv_lib_python3_12_site-packages_pip__vendor --> node_venv_lib_python3_12_site-packages_pip__vendor_urllib3["urllib3"]\n    node_venv_lib_python3_12_site-packages_pip__vendor_urllib3 --> node_venv_lib_python3_12_site-packages_pip__vendor_urllib3_util["util"]\n    node_venv_lib_python3_12_site-packages_pip__vendor_urllib3_util --> node_venv_lib_python3_12_site-packages_pip__vendor_urllib3_util___init___py["__init__.py"]\n    Root --> node_venv["venv"]\n    node_venv --> node_venv_lib["lib"]\n    node_venv_lib --> node_venv_lib_python3_12["python3.12"]\n    node_venv_lib_python3_12 --> node_venv_lib_python3_12_site-packages["site-packages"]\n    node_venv_lib_python3_12_site-packages --> node_venv_lib_python3_12_site-packages_pip["pip"]\n    node_venv_lib_python3_12_site-packages_pip --> node_venv_lib_python3_12_site-packages_pip__vendor["_vendor"]\n    node_venv_lib_python3_12_site-packages_pip__vendor --> node_venv_lib_python3_12_site-packages_pip__vendor_urllib3["urllib3"]\n    node_venv_lib_python3_12_site-packages_pip__vendor_urllib3 --> node_venv_lib_python3_12_site-packages_pip__vendor_urllib3_util["util"]\n    node_venv_lib_python3_12_site-packages_pip__vendor_urllib3_util --> node_venv_lib_python3_12_site-packages_pip__vendor_urllib3_util_connection_py["connection.py"]\n    Root --> node_venv["venv"]\n    node_venv --> node_venv_lib["lib"]\n    node_venv_lib --> node_venv_lib_python3_12["python3.12"]\n    node_venv_lib_python3_12 --> node_venv_lib_python3_12_site-packages["site-packages"]\n    node_venv_lib_python3_12_site-packages --> node_venv_lib_python3_12_site-packages_pip["pip"]\n    node_venv_lib_python3_12_site-packages_pip --> node_venv_lib_python3_12_site-packages_pip__vendor["_vendor"]\n    node_venv_lib_python3_12_site-packages_pip__vendor --> node_venv_lib_python3_12_site-packages_pip__vendor_urllib3["urllib3"]\n    node_venv_lib_python3_12_site-packages_pip__vendor_urllib3 --> node_venv_lib_python3_12_site-packages_pip__vendor_urllib3_util["util"]\n    node_venv_lib_python3_12_site-packages_pip__vendor_urllib3_util --> node_venv_lib_python3_12_site-packages_pip__vendor_urllib3_util_proxy_py["proxy.py"]\n    Root --> node_venv["venv"]\n    node_venv --> node_venv_lib["lib"]\n    node_venv_lib --> node_venv_lib_python3_12["python3.12"]\n    node_venv_lib_python3_12 --> node_venv_lib_python3_12_site-packages["site-packages"]\n    node_venv_lib_python3_12_site-packages --> node_venv_lib_python3_12_site-packages_pip["pip"]\n    node_venv_lib_python3_12_site-packages_pip --> node_venv_lib_python3_12_site-packages_pip__vendor["_vendor"]\n    node_venv_lib_python3_12_site-packages_pip__vendor --> node_venv_lib_python3_12_site-packages_pip__vendor_urllib3["urllib3"]\n    node_venv_lib_python3_12_site-packages_pip__vendor_urllib3 --> node_venv_lib_python3_12_site-packages_pip__vendor_urllib3_util["util"]\n    node_venv_lib_python3_12_site-packages_pip__vendor_urllib3_util --> node_venv_lib_python3_12_site-packages_pip__vendor_urllib3_util_queue_py["queue.py"]\n    Root --> node_venv["venv"]\n    node_venv --> node_venv_lib["lib"]\n    node_venv_lib --> node_venv_lib_python3_12["python3.12"]\n    node_venv_lib_python3_12 --> node_venv_lib_python3_12_site-packages["site-packages"]\n    node_venv_lib_python3_12_site-packages --> node_venv_lib_python3_12_site-packages_pip["pip"]\n    node_venv_lib_python3_12_site-packages_pip --> node_venv_lib_python3_12_site-packages_pip__vendor["_vendor"]\n    node_venv_lib_python3_12_site-packages_pip__vendor --> node_venv_lib_python3_12_site-packages_pip__vendor_urllib3["urllib3"]\n    node_venv_lib_python3_12_site-packages_pip__vendor_urllib3 --> node_venv_lib_python3_12_site-packages_pip__vendor_urllib3_util["util"]\n    node_venv_lib_python3_12_site-packages_pip__vendor_urllib3_util --> node_venv_lib_python3_12_site-packages_pip__vendor_urllib3_util_request_py["request.py"]\n    Root --> node_venv["venv"]\n    node_venv --> node_venv_lib["lib"]\n    node_venv_lib --> node_venv_lib_python3_12["python3.12"]\n    node_venv_lib_python3_12 --> node_venv_lib_python3_12_site-packages["site-packages"]\n    node_venv_lib_python3_12_site-packages --> node_venv_lib_python3_12_site-packages_pip["pip"]\n    node_venv_lib_python3_12_site-packages_pip --> node_venv_lib_python3_12_site-packages_pip__vendor["_vendor"]\n    node_venv_lib_python3_12_site-packages_pip__vendor --> node_venv_lib_python3_12_site-packages_pip__vendor_urllib3["urllib3"]\n    node_venv_lib_python3_12_site-packages_pip__vendor_urllib3 --> node_venv_lib_python3_12_site-packages_pip__vendor_urllib3_util["util"]\n    node_venv_lib_python3_12_site-packages_pip__vendor_urllib3_util --> node_venv_lib_python3_12_site-packages_pip__vendor_urllib3_util_response_py["response.py"]\n    Root --> node_venv["venv"]\n    node_venv --> node_venv_lib["lib"]\n    node_venv_lib --> node_venv_lib_python3_12["python3.12"]\n    node_venv_lib_python3_12 --> node_venv_lib_python3_12_site-packages["site-packages"]\n    node_venv_lib_python3_12_site-packages --> node_venv_lib_python3_12_site-packages_pip["pip"]\n    node_venv_lib_python3_12_site-packages_pip --> node_venv_lib_python3_12_site-packages_pip__vendor["_vendor"]\n    node_venv_lib_python3_12_site-packages_pip__vendor --> node_venv_lib_python3_12_site-packages_pip__vendor_urllib3["urllib3"]\n    node_venv_lib_python3_12_site-packages_pip__vendor_urllib3 --> node_venv_lib_python3_12_site-packages_pip__vendor_urllib3_util["util"]\n    node_venv_lib_python3_12_site-packages_pip__vendor_urllib3_util --> node_venv_lib_python3_12_site-packages_pip__vendor_urllib3_util_retry_py["retry.py"]\n    Root --> node_venv["venv"]\n    node_venv --> node_venv_lib["lib"]\n    node_venv_lib --> node_venv_lib_python3_12["python3.12"]\n    node_venv_lib_python3_12 --> node_venv_lib_python3_12_site-packages["site-packages"]\n    node_venv_lib_python3_12_site-packages --> node_venv_lib_python3_12_site-packages_pip["pip"]\n    node_venv_lib_python3_12_site-packages_pip --> node_venv_lib_python3_12_site-packages_pip__vendor["_vendor"]\n    node_venv_lib_python3_12_site-packages_pip__vendor --> node_venv_lib_python3_12_site-packages_pip__vendor_urllib3["urllib3"]\n    node_venv_lib_python3_12_site-packages_pip__vendor_urllib3 --> node_venv_lib_python3_12_site-packages_pip__vendor_urllib3_util["util"]\n    node_venv_lib_python3_12_site-packages_pip__vendor_urllib3_util --> node_venv_lib_python3_12_site-packages_pip__vendor_urllib3_util_ssl__py["ssl_.py"]\n    Root --> node_venv["venv"]\n    node_venv --> node_venv_lib["lib"]\n    node_venv_lib --> node_venv_lib_python3_12["python3.12"]\n    node_venv_lib_python3_12 --> node_venv_lib_python3_12_site-packages["site-packages"]\n    node_venv_lib_python3_12_site-packages --> node_venv_lib_python3_12_site-packages_pip["pip"]\n    node_venv_lib_python3_12_site-packages_pip --> node_venv_lib_python3_12_site-packages_pip__vendor["_vendor"]\n    node_venv_lib_python3_12_site-packages_pip__vendor --> node_venv_lib_python3_12_site-packages_pip__vendor_urllib3["urllib3"]\n    node_venv_lib_python3_12_site-packages_pip__vendor_urllib3 --> node_venv_lib_python3_12_site-packages_pip__vendor_urllib3_util["util"]\n    node_venv_lib_python3_12_site-packages_pip__vendor_urllib3_util --> node_venv_lib_python3_12_site-packages_pip__vendor_urllib3_util_ssl_match_hostname_py["ssl_match_hostname.py"]\n    Root --> node_venv["venv"]\n    node_venv --> node_venv_lib["lib"]\n    node_venv_lib --> node_venv_lib_python3_12["python3.12"]\n    node_venv_lib_python3_12 --> node_venv_lib_python3_12_site-packages["site-packages"]\n    node_venv_lib_python3_12_site-packages --> node_venv_lib_python3_12_site-packages_pip["pip"]\n    node_venv_lib_python3_12_site-packages_pip --> node_venv_lib_python3_12_site-packages_pip__vendor["_vendor"]\n    node_venv_lib_python3_12_site-packages_pip__vendor --> node_venv_lib_python3_12_site-packages_pip__vendor_urllib3["urllib3"]\n    node_venv_lib_python3_12_site-packages_pip__vendor_urllib3 --> node_venv_lib_python3_12_site-packages_pip__vendor_urllib3_util["util"]\n    node_venv_lib_python3_12_site-packages_pip__vendor_urllib3_util --> node_venv_lib_python3_12_site-packages_pip__vendor_urllib3_util_ssltransport_py["ssltransport.py"]\n    Root --> node_venv["venv"]\n    node_venv --> node_venv_lib["lib"]\n    node_venv_lib --> node_venv_lib_python3_12["python3.12"]\n    node_venv_lib_python3_12 --> node_venv_lib_python3_12_site-packages["site-packages"]\n    node_venv_lib_python3_12_site-packages --> node_venv_lib_python3_12_site-packages_pip["pip"]\n    node_venv_lib_python3_12_site-packages_pip --> node_venv_lib_python3_12_site-packages_pip__vendor["_vendor"]\n    node_venv_lib_python3_12_site-packages_pip__vendor --> node_venv_lib_python3_12_site-packages_pip__vendor_urllib3["urllib3"]\n    node_venv_lib_python3_12_site-packages_pip__vendor_urllib3 --> node_venv_lib_python3_12_site-packages_pip__vendor_urllib3_util["util"]\n    node_venv_lib_python3_12_site-packages_pip__vendor_urllib3_util --> node_venv_lib_python3_12_site-packages_pip__vendor_urllib3_util_timeout_py["timeout.py"]\n    Root --> node_venv["venv"]\n    node_venv --> node_venv_lib["lib"]\n    node_venv_lib --> node_venv_lib_python3_12["python3.12"]\n    node_venv_lib_python3_12 --> node_venv_lib_python3_12_site-packages["site-packages"]\n    node_venv_lib_python3_12_site-packages --> node_venv_lib_python3_12_site-packages_pip["pip"]\n    node_venv_lib_python3_12_site-packages_pip --> node_venv_lib_python3_12_site-packages_pip__vendor["_vendor"]\n    node_venv_lib_python3_12_site-packages_pip__vendor --> node_venv_lib_python3_12_site-packages_pip__vendor_urllib3["urllib3"]\n    node_venv_lib_python3_12_site-packages_pip__vendor_urllib3 --> node_venv_lib_python3_12_site-packages_pip__vendor_urllib3_util["util"]\n    node_venv_lib_python3_12_site-packages_pip__vendor_urllib3_util --> node_venv_lib_python3_12_site-packages_pip__vendor_urllib3_util_url_py["url.py"]\n    Root --> node_venv["venv"]\n    node_venv --> node_venv_lib["lib"]\n    node_venv_lib --> node_venv_lib_python3_12["python3.12"]\n    node_venv_lib_python3_12 --> node_venv_lib_python3_12_site-packages["site-packages"]\n    node_venv_lib_python3_12_site-packages --> node_venv_lib_python3_12_site-packages_pip["pip"]\n    node_venv_lib_python3_12_site-packages_pip --> node_venv_lib_python3_12_site-packages_pip__vendor["_vendor"]\n    node_venv_lib_python3_12_site-packages_pip__vendor --> node_venv_lib_python3_12_site-packages_pip__vendor_urllib3["urllib3"]\n    node_venv_lib_python3_12_site-packages_pip__vendor_urllib3 --> node_venv_lib_python3_12_site-packages_pip__vendor_urllib3_util["util"]\n    node_venv_lib_python3_12_site-packages_pip__vendor_urllib3_util --> node_venv_lib_python3_12_site-packages_pip__vendor_urllib3_util_wait_py["wait.py"]\n    Root --> node_venv["venv"]\n    node_venv --> node_venv_lib["lib"]\n    node_venv_lib --> node_venv_lib_python3_12["python3.12"]\n    node_venv_lib_python3_12 --> node_venv_lib_python3_12_site-packages["site-packages"]\n    node_venv_lib_python3_12_site-packages --> node_venv_lib_python3_12_site-packages_pip["pip"]\n    node_venv_lib_python3_12_site-packages_pip --> node_venv_lib_python3_12_site-packages_pip__vendor["_vendor"]\n    node_venv_lib_python3_12_site-packages_pip__vendor --> node_venv_lib_python3_12_site-packages_pip__vendor_urllib3["urllib3"]\n    node_venv_lib_python3_12_site-packages_pip__vendor_urllib3 --> node_venv_lib_python3_12_site-packages_pip__vendor_urllib3_contrib["contrib"]\n    node_venv_lib_python3_12_site-packages_pip__vendor_urllib3_contrib --> node_venv_lib_python3_12_site-packages_pip__vendor_urllib3_contrib___init___py["__init__.py"]\n    Root --> node_venv["venv"]\n    node_venv --> node_venv_lib["lib"]\n    node_venv_lib --> node_venv_lib_python3_12["python3.12"]\n    node_venv_lib_python3_12 --> node_venv_lib_python3_12_site-packages["site-packages"]\n    node_venv_lib_python3_12_site-packages --> node_venv_lib_python3_12_site-packages_pip["pip"]\n    node_venv_lib_python3_12_site-packages_pip --> node_venv_lib_python3_12_site-packages_pip__vendor["_vendor"]\n    node_venv_lib_python3_12_site-packages_pip__vendor --> node_venv_lib_python3_12_site-packages_pip__vendor_urllib3["urllib3"]\n    node_venv_lib_python3_12_site-packages_pip__vendor_urllib3 --> node_venv_lib_python3_12_site-packages_pip__vendor_urllib3_contrib["contrib"]\n    node_venv_lib_python3_12_site-packages_pip__vendor_urllib3_contrib --> node_venv_lib_python3_12_site-packages_pip__vendor_urllib3_contrib__appengine_environ_py["_appengine_environ.py"]\n    Root --> node_venv["venv"]\n    node_venv --> node_venv_lib["lib"]\n    node_venv_lib --> node_venv_lib_python3_12["python3.12"]\n    node_venv_lib_python3_12 --> node_venv_lib_python3_12_site-packages["site-packages"]\n    node_venv_lib_python3_12_site-packages --> node_venv_lib_python3_12_site-packages_pip["pip"]\n    node_venv_lib_python3_12_site-packages_pip --> node_venv_lib_python3_12_site-packages_pip__vendor["_vendor"]\n    node_venv_lib_python3_12_site-packages_pip__vendor --> node_venv_lib_python3_12_site-packages_pip__vendor_urllib3["urllib3"]\n    node_venv_lib_python3_12_site-packages_pip__vendor_urllib3 --> node_venv_lib_python3_12_site-packages_pip__vendor_urllib3_contrib["contrib"]\n    node_venv_lib_python3_12_site-packages_pip__vendor_urllib3_contrib --> node_venv_lib_python3_12_site-packages_pip__vendor_urllib3_contrib_appengine_py["appengine.py"]\n    Root --> node_venv["venv"]\n    node_venv --> node_venv_lib["lib"]\n    node_venv_lib --> node_venv_lib_python3_12["python3.12"]\n    node_venv_lib_python3_12 --> node_venv_lib_python3_12_site-packages["site-packages"]\n    node_venv_lib_python3_12_site-packages --> node_venv_lib_python3_12_site-packages_pip["pip"]\n    node_venv_lib_python3_12_site-packages_pip --> node_venv_lib_python3_12_site-packages_pip__vendor["_vendor"]\n    node_venv_lib_python3_12_site-packages_pip__vendor --> node_venv_lib_python3_12_site-packages_pip__vendor_urllib3["urllib3"]\n    node_venv_lib_python3_12_site-packages_pip__vendor_urllib3 --> node_venv_lib_python3_12_site-packages_pip__vendor_urllib3_contrib["contrib"]\n    node_venv_lib_python3_12_site-packages_pip__vendor_urllib3_contrib --> node_venv_lib_python3_12_site-packages_pip__vendor_urllib3_contrib_ntlmpool_py["ntlmpool.py"]\n    Root --> node_venv["venv"]\n    node_venv --> node_venv_lib["lib"]\n    node_venv_lib --> node_venv_lib_python3_12["python3.12"]\n    node_venv_lib_python3_12 --> node_venv_lib_python3_12_site-packages["site-packages"]\n    node_venv_lib_python3_12_site-packages --> node_venv_lib_python3_12_site-packages_pip["pip"]\n    node_venv_lib_python3_12_site-packages_pip --> node_venv_lib_python3_12_site-packages_pip__vendor["_vendor"]\n    node_venv_lib_python3_12_site-packages_pip__vendor --> node_venv_lib_python3_12_site-packages_pip__vendor_urllib3["urllib3"]\n    node_venv_lib_python3_12_site-packages_pip__vendor_urllib3 --> node_venv_lib_python3_12_site-packages_pip__vendor_urllib3_contrib["contrib"]\n    node_venv_lib_python3_12_site-packages_pip__vendor_urllib3_contrib --> node_venv_lib_python3_12_site-packages_pip__vendor_urllib3_contrib_pyopenssl_py["pyopenssl.py"]\n    Root --> node_venv["venv"]\n    node_venv --> node_venv_lib["lib"]\n    node_venv_lib --> node_venv_lib_python3_12["python3.12"]\n    node_venv_lib_python3_12 --> node_venv_lib_python3_12_site-packages["site-packages"]\n    node_venv_lib_python3_12_site-packages --> node_venv_lib_python3_12_site-packages_pip["pip"]\n    node_venv_lib_python3_12_site-packages_pip --> node_venv_lib_python3_12_site-packages_pip__vendor["_vendor"]\n    node_venv_lib_python3_12_site-packages_pip__vendor --> node_venv_lib_python3_12_site-packages_pip__vendor_urllib3["urllib3"]\n    node_venv_lib_python3_12_site-packages_pip__vendor_urllib3 --> node_venv_lib_python3_12_site-packages_pip__vendor_urllib3_contrib["contrib"]\n    node_venv_lib_python3_12_site-packages_pip__vendor_urllib3_contrib --> node_venv_lib_python3_12_site-packages_pip__vendor_urllib3_contrib_securetransport_py["securetransport.py"]\n    Root --> node_venv["venv"]\n    node_venv --> node_venv_lib["lib"]\n    node_venv_lib --> node_venv_lib_python3_12["python3.12"]\n    node_venv_lib_python3_12 --> node_venv_lib_python3_12_site-packages["site-packages"]\n    node_venv_lib_python3_12_site-packages --> node_venv_lib_python3_12_site-packages_pip["pip"]\n    node_venv_lib_python3_12_site-packages_pip --> node_venv_lib_python3_12_site-packages_pip__vendor["_vendor"]\n    node_venv_lib_python3_12_site-packages_pip__vendor --> node_venv_lib_python3_12_site-packages_pip__vendor_urllib3["urllib3"]\n    node_venv_lib_python3_12_site-packages_pip__vendor_urllib3 --> node_venv_lib_python3_12_site-packages_pip__vendor_urllib3_contrib["contrib"]\n    node_venv_lib_python3_12_site-packages_pip__vendor_urllib3_contrib --> node_venv_lib_python3_12_site-packages_pip__vendor_urllib3_contrib_socks_py["socks.py"]\n    Root --> node_venv["venv"]\n    node_venv --> node_venv_lib["lib"]\n    node_venv_lib --> node_venv_lib_python3_12["python3.12"]\n    node_venv_lib_python3_12 --> node_venv_lib_python3_12_site-packages["site-packages"]\n    node_venv_lib_python3_12_site-packages --> node_venv_lib_python3_12_site-packages_pip["pip"]\n    node_venv_lib_python3_12_site-packages_pip --> node_venv_lib_python3_12_site-packages_pip__vendor["_vendor"]\n    node_venv_lib_python3_12_site-packages_pip__vendor --> node_venv_lib_python3_12_site-packages_pip__vendor_urllib3["urllib3"]\n    node_venv_lib_python3_12_site-packages_pip__vendor_urllib3 --> node_venv_lib_python3_12_site-packages_pip__vendor_urllib3_contrib["contrib"]\n    node_venv_lib_python3_12_site-packages_pip__vendor_urllib3_contrib --> node_venv_lib_python3_12_site-packages_pip__vendor_urllib3_contrib__securetransport["_securetransport"]\n    node_venv_lib_python3_12_site-packages_pip__vendor_urllib3_contrib__securetransport --> node_venv_lib_python3_12_site-packages_pip__vendor_urllib3_contrib__securetransport___init___py["__init__.py"]\n    Root --> node_venv["venv"]\n    node_venv --> node_venv_lib["lib"]\n    node_venv_lib --> node_venv_lib_python3_12["python3.12"]\n    node_venv_lib_python3_12 --> node_venv_lib_python3_12_site-packages["site-packages"]\n    node_venv_lib_python3_12_site-packages --> node_venv_lib_python3_12_site-packages_pip["pip"]\n    node_venv_lib_python3_12_site-packages_pip --> node_venv_lib_python3_12_site-packages_pip__vendor["_vendor"]\n    node_venv_lib_python3_12_site-packages_pip__vendor --> node_venv_lib_python3_12_site-packages_pip__vendor_urllib3["urllib3"]\n    node_venv_lib_python3_12_site-packages_pip__vendor_urllib3 --> node_venv_lib_python3_12_site-packages_pip__vendor_urllib3_contrib["contrib"]\n    node_venv_lib_python3_12_site-packages_pip__vendor_urllib3_contrib --> node_venv_lib_python3_12_site-packages_pip__vendor_urllib3_contrib__securetransport["_securetransport"]\n    node_venv_lib_python3_12_site-packages_pip__vendor_urllib3_contrib__securetransport --> node_venv_lib_python3_12_site-packages_pip__vendor_urllib3_contrib__securetransport_bindings_py["bindings.py"]\n    Root --> node_venv["venv"]\n    node_venv --> node_venv_lib["lib"]\n    node_venv_lib --> node_venv_lib_python3_12["python3.12"]\n    node_venv_lib_python3_12 --> node_venv_lib_python3_12_site-packages["site-packages"]\n    node_venv_lib_python3_12_site-packages --> node_venv_lib_python3_12_site-packages_pip["pip"]\n    node_venv_lib_python3_12_site-packages_pip --> node_venv_lib_python3_12_site-packages_pip__vendor["_vendor"]\n    node_venv_lib_python3_12_site-packages_pip__vendor --> node_venv_lib_python3_12_site-packages_pip__vendor_urllib3["urllib3"]\n    node_venv_lib_python3_12_site-packages_pip__vendor_urllib3 --> node_venv_lib_python3_12_site-packages_pip__vendor_urllib3_contrib["contrib"]\n    node_venv_lib_python3_12_site-packages_pip__vendor_urllib3_contrib --> node_venv_lib_python3_12_site-packages_pip__vendor_urllib3_contrib__securetransport["_securetransport"]\n    node_venv_lib_python3_12_site-packages_pip__vendor_urllib3_contrib__securetransport --> node_venv_lib_python3_12_site-packages_pip__vendor_urllib3_contrib__securetransport_low_level_py["low_level.py"]\n    Root --> node_venv["venv"]\n    node_venv --> node_venv_lib["lib"]\n    node_venv_lib --> node_venv_lib_python3_12["python3.12"]\n    node_venv_lib_python3_12 --> node_venv_lib_python3_12_site-packages["site-packages"]\n    node_venv_lib_python3_12_site-packages --> node_venv_lib_python3_12_site-packages_pip["pip"]\n    node_venv_lib_python3_12_site-packages_pip --> node_venv_lib_python3_12_site-packages_pip__vendor["_vendor"]\n    node_venv_lib_python3_12_site-packages_pip__vendor --> node_venv_lib_python3_12_site-packages_pip__vendor_urllib3["urllib3"]\n    node_venv_lib_python3_12_site-packages_pip__vendor_urllib3 --> node_venv_lib_python3_12_site-packages_pip__vendor_urllib3_packages["packages"]\n    node_venv_lib_python3_12_site-packages_pip__vendor_urllib3_packages --> node_venv_lib_python3_12_site-packages_pip__vendor_urllib3_packages___init___py["__init__.py"]\n    Root --> node_venv["venv"]\n    node_venv --> node_venv_lib["lib"]\n    node_venv_lib --> node_venv_lib_python3_12["python3.12"]\n    node_venv_lib_python3_12 --> node_venv_lib_python3_12_site-packages["site-packages"]\n    node_venv_lib_python3_12_site-packages --> node_venv_lib_python3_12_site-packages_pip["pip"]\n    node_venv_lib_python3_12_site-packages_pip --> node_venv_lib_python3_12_site-packages_pip__vendor["_vendor"]\n    node_venv_lib_python3_12_site-packages_pip__vendor --> node_venv_lib_python3_12_site-packages_pip__vendor_urllib3["urllib3"]\n    node_venv_lib_python3_12_site-packages_pip__vendor_urllib3 --> node_venv_lib_python3_12_site-packages_pip__vendor_urllib3_packages["packages"]\n    node_venv_lib_python3_12_site-packages_pip__vendor_urllib3_packages --> node_venv_lib_python3_12_site-packages_pip__vendor_urllib3_packages_six_py["six.py"]\n    Root --> node_venv["venv"]\n    node_venv --> node_venv_lib["lib"]\n    node_venv_lib --> node_venv_lib_python3_12["python3.12"]\n    node_venv_lib_python3_12 --> node_venv_lib_python3_12_site-packages["site-packages"]\n    node_venv_lib_python3_12_site-packages --> node_venv_lib_python3_12_site-packages_pip["pip"]\n    node_venv_lib_python3_12_site-packages_pip --> node_venv_lib_python3_12_site-packages_pip__vendor["_vendor"]\n    node_venv_lib_python3_12_site-packages_pip__vendor --> node_venv_lib_python3_12_site-packages_pip__vendor_urllib3["urllib3"]\n    node_venv_lib_python3_12_site-packages_pip__vendor_urllib3 --> node_venv_lib_python3_12_site-packages_pip__vendor_urllib3_packages["packages"]\n    node_venv_lib_python3_12_site-packages_pip__vendor_urllib3_packages --> node_venv_lib_python3_12_site-packages_pip__vendor_urllib3_packages_backports["backports"]\n    node_venv_lib_python3_12_site-packages_pip__vendor_urllib3_packages_backports --> node_venv_lib_python3_12_site-packages_pip__vendor_urllib3_packages_backports___init___py["__init__.py"]\n    Root --> node_venv["venv"]\n    node_venv --> node_venv_lib["lib"]\n    node_venv_lib --> node_venv_lib_python3_12["python3.12"]\n    node_venv_lib_python3_12 --> node_venv_lib_python3_12_site-packages["site-packages"]\n    node_venv_lib_python3_12_site-packages --> node_venv_lib_python3_12_site-packages_pip["pip"]\n    node_venv_lib_python3_12_site-packages_pip --> node_venv_lib_python3_12_site-packages_pip__vendor["_vendor"]\n    node_venv_lib_python3_12_site-packages_pip__vendor --> node_venv_lib_python3_12_site-packages_pip__vendor_urllib3["urllib3"]\n    node_venv_lib_python3_12_site-packages_pip__vendor_urllib3 --> node_venv_lib_python3_12_site-packages_pip__vendor_urllib3_packages["packages"]\n    node_venv_lib_python3_12_site-packages_pip__vendor_urllib3_packages --> node_venv_lib_python3_12_site-packages_pip__vendor_urllib3_packages_backports["backports"]\n    node_venv_lib_python3_12_site-packages_pip__vendor_urllib3_packages_backports --> node_venv_lib_python3_12_site-packages_pip__vendor_urllib3_packages_backports_makefile_py["makefile.py"]\n    Root --> node_venv["venv"]\n    node_venv --> node_venv_lib["lib"]\n    node_venv_lib --> node_venv_lib_python3_12["python3.12"]\n    node_venv_lib_python3_12 --> node_venv_lib_python3_12_site-packages["site-packages"]\n    node_venv_lib_python3_12_site-packages --> node_venv_lib_python3_12_site-packages_pip["pip"]\n    node_venv_lib_python3_12_site-packages_pip --> node_venv_lib_python3_12_site-packages_pip__vendor["_vendor"]\n    node_venv_lib_python3_12_site-packages_pip__vendor --> node_venv_lib_python3_12_site-packages_pip__vendor_urllib3["urllib3"]\n    node_venv_lib_python3_12_site-packages_pip__vendor_urllib3 --> node_venv_lib_python3_12_site-packages_pip__vendor_urllib3_packages["packages"]\n    node_venv_lib_python3_12_site-packages_pip__vendor_urllib3_packages --> node_venv_lib_python3_12_site-packages_pip__vendor_urllib3_packages_backports["backports"]\n    node_venv_lib_python3_12_site-packages_pip__vendor_urllib3_packages_backports --> node_venv_lib_python3_12_site-packages_pip__vendor_urllib3_packages_backports_weakref_finalize_py["weakref_finalize.py"]\n    Root --> node_venv["venv"]\n    node_venv --> node_venv_lib["lib"]\n    node_venv_lib --> node_venv_lib_python3_12["python3.12"]\n    node_venv_lib_python3_12 --> node_venv_lib_python3_12_site-packages["site-packages"]\n    node_venv_lib_python3_12_site-packages --> node_venv_lib_python3_12_site-packages_pip["pip"]\n    node_venv_lib_python3_12_site-packages_pip --> node_venv_lib_python3_12_site-packages_pip__vendor["_vendor"]\n    node_venv_lib_python3_12_site-packages_pip__vendor --> node_venv_lib_python3_12_site-packages_pip__vendor_pkg_resources["pkg_resources"]\n    node_venv_lib_python3_12_site-packages_pip__vendor_pkg_resources --> node_venv_lib_python3_12_site-packages_pip__vendor_pkg_resources___init___py["__init__.py"]\n    Root --> node_venv["venv"]\n    node_venv --> node_venv_lib["lib"]\n    node_venv_lib --> node_venv_lib_python3_12["python3.12"]\n    node_venv_lib_python3_12 --> node_venv_lib_python3_12_site-packages["site-packages"]\n    node_venv_lib_python3_12_site-packages --> node_venv_lib_python3_12_site-packages_pip["pip"]\n    node_venv_lib_python3_12_site-packages_pip --> node_venv_lib_python3_12_site-packages_pip__vendor["_vendor"]\n    node_venv_lib_python3_12_site-packages_pip__vendor --> node_venv_lib_python3_12_site-packages_pip__vendor_resolvelib["resolvelib"]\n    node_venv_lib_python3_12_site-packages_pip__vendor_resolvelib --> node_venv_lib_python3_12_site-packages_pip__vendor_resolvelib___init___py["__init__.py"]\n    Root --> node_venv["venv"]\n    node_venv --> node_venv_lib["lib"]\n    node_venv_lib --> node_venv_lib_python3_12["python3.12"]\n    node_venv_lib_python3_12 --> node_venv_lib_python3_12_site-packages["site-packages"]\n    node_venv_lib_python3_12_site-packages --> node_venv_lib_python3_12_site-packages_pip["pip"]\n    node_venv_lib_python3_12_site-packages_pip --> node_venv_lib_python3_12_site-packages_pip__vendor["_vendor"]\n    node_venv_lib_python3_12_site-packages_pip__vendor --> node_venv_lib_python3_12_site-packages_pip__vendor_resolvelib["resolvelib"]\n    node_venv_lib_python3_12_site-packages_pip__vendor_resolvelib --> node_venv_lib_python3_12_site-packages_pip__vendor_resolvelib_providers_py["providers.py"]\n    Root --> node_venv["venv"]\n    node_venv --> node_venv_lib["lib"]\n    node_venv_lib --> node_venv_lib_python3_12["python3.12"]\n    node_venv_lib_python3_12 --> node_venv_lib_python3_12_site-packages["site-packages"]\n    node_venv_lib_python3_12_site-packages --> node_venv_lib_python3_12_site-packages_pip["pip"]\n    node_venv_lib_python3_12_site-packages_pip --> node_venv_lib_python3_12_site-packages_pip__vendor["_vendor"]\n    node_venv_lib_python3_12_site-packages_pip__vendor --> node_venv_lib_python3_12_site-packages_pip__vendor_resolvelib["resolvelib"]\n    node_venv_lib_python3_12_site-packages_pip__vendor_resolvelib --> node_venv_lib_python3_12_site-packages_pip__vendor_resolvelib_py_typed["py.typed"]\n    Root --> node_venv["venv"]\n    node_venv --> node_venv_lib["lib"]\n    node_venv_lib --> node_venv_lib_python3_12["python3.12"]\n    node_venv_lib_python3_12 --> node_venv_lib_python3_12_site-packages["site-packages"]\n    node_venv_lib_python3_12_site-packages --> node_venv_lib_python3_12_site-packages_pip["pip"]\n    node_venv_lib_python3_12_site-packages_pip --> node_venv_lib_python3_12_site-packages_pip__vendor["_vendor"]\n    node_venv_lib_python3_12_site-packages_pip__vendor --> node_venv_lib_python3_12_site-packages_pip__vendor_resolvelib["resolvelib"]\n    node_venv_lib_python3_12_site-packages_pip__vendor_resolvelib --> node_venv_lib_python3_12_site-packages_pip__vendor_resolvelib_reporters_py["reporters.py"]\n    Root --> node_venv["venv"]\n    node_venv --> node_venv_lib["lib"]\n    node_venv_lib --> node_venv_lib_python3_12["python3.12"]\n    node_venv_lib_python3_12 --> node_venv_lib_python3_12_site-packages["site-packages"]\n    node_venv_lib_python3_12_site-packages --> node_venv_lib_python3_12_site-packages_pip["pip"]\n    node_venv_lib_python3_12_site-packages_pip --> node_venv_lib_python3_12_site-packages_pip__vendor["_vendor"]\n    node_venv_lib_python3_12_site-packages_pip__vendor --> node_venv_lib_python3_12_site-packages_pip__vendor_resolvelib["resolvelib"]\n    node_venv_lib_python3_12_site-packages_pip__vendor_resolvelib --> node_venv_lib_python3_12_site-packages_pip__vendor_resolvelib_resolvers_py["resolvers.py"]\n    Root --> node_venv["venv"]\n    node_venv --> node_venv_lib["lib"]\n    node_venv_lib --> node_venv_lib_python3_12["python3.12"]\n    node_venv_lib_python3_12 --> node_venv_lib_python3_12_site-packages["site-packages"]\n    node_venv_lib_python3_12_site-packages --> node_venv_lib_python3_12_site-packages_pip["pip"]\n    node_venv_lib_python3_12_site-packages_pip --> node_venv_lib_python3_12_site-packages_pip__vendor["_vendor"]\n    node_venv_lib_python3_12_site-packages_pip__vendor --> node_venv_lib_python3_12_site-packages_pip__vendor_resolvelib["resolvelib"]\n    node_venv_lib_python3_12_site-packages_pip__vendor_resolvelib --> node_venv_lib_python3_12_site-packages_pip__vendor_resolvelib_structs_py["structs.py"]\n    Root --> node_venv["venv"]\n    node_venv --> node_venv_lib["lib"]\n    node_venv_lib --> node_venv_lib_python3_12["python3.12"]\n    node_venv_lib_python3_12 --> node_venv_lib_python3_12_site-packages["site-packages"]\n    node_venv_lib_python3_12_site-packages --> node_venv_lib_python3_12_site-packages_pip["pip"]\n    node_venv_lib_python3_12_site-packages_pip --> node_venv_lib_python3_12_site-packages_pip__vendor["_vendor"]\n    node_venv_lib_python3_12_site-packages_pip__vendor --> node_venv_lib_python3_12_site-packages_pip__vendor_resolvelib["resolvelib"]\n    node_venv_lib_python3_12_site-packages_pip__vendor_resolvelib --> node_venv_lib_python3_12_site-packages_pip__vendor_resolvelib_compat["compat"]\n    node_venv_lib_python3_12_site-packages_pip__vendor_resolvelib_compat --> node_venv_lib_python3_12_site-packages_pip__vendor_resolvelib_compat___init___py["__init__.py"]\n    Root --> node_venv["venv"]\n    node_venv --> node_venv_lib["lib"]\n    node_venv_lib --> node_venv_lib_python3_12["python3.12"]\n    node_venv_lib_python3_12 --> node_venv_lib_python3_12_site-packages["site-packages"]\n    node_venv_lib_python3_12_site-packages --> node_venv_lib_python3_12_site-packages_pip["pip"]\n    node_venv_lib_python3_12_site-packages_pip --> node_venv_lib_python3_12_site-packages_pip__vendor["_vendor"]\n    node_venv_lib_python3_12_site-packages_pip__vendor --> node_venv_lib_python3_12_site-packages_pip__vendor_resolvelib["resolvelib"]\n    node_venv_lib_python3_12_site-packages_pip__vendor_resolvelib --> node_venv_lib_python3_12_site-packages_pip__vendor_resolvelib_compat["compat"]\n    node_venv_lib_python3_12_site-packages_pip__vendor_resolvelib_compat --> node_venv_lib_python3_12_site-packages_pip__vendor_resolvelib_compat_collections_abc_py["collections_abc.py"]\n    Root --> node_venv["venv"]\n    node_venv --> node_venv_lib["lib"]\n    node_venv_lib --> node_venv_lib_python3_12["python3.12"]\n    node_venv_lib_python3_12 --> node_venv_lib_python3_12_site-packages["site-packages"]\n    node_venv_lib_python3_12_site-packages --> node_venv_lib_python3_12_site-packages_pip["pip"]\n    node_venv_lib_python3_12_site-packages_pip --> node_venv_lib_python3_12_site-packages_pip__vendor["_vendor"]\n    node_venv_lib_python3_12_site-packages_pip__vendor --> node_venv_lib_python3_12_site-packages_pip__vendor_platformdirs["platformdirs"]\n    node_venv_lib_python3_12_site-packages_pip__vendor_platformdirs --> node_venv_lib_python3_12_site-packages_pip__vendor_platformdirs___init___py["__init__.py"]\n    Root --> node_venv["venv"]\n    node_venv --> node_venv_lib["lib"]\n    node_venv_lib --> node_venv_lib_python3_12["python3.12"]\n    node_venv_lib_python3_12 --> node_venv_lib_python3_12_site-packages["site-packages"]\n    node_venv_lib_python3_12_site-packages --> node_venv_lib_python3_12_site-packages_pip["pip"]\n    node_venv_lib_python3_12_site-packages_pip --> node_venv_lib_python3_12_site-packages_pip__vendor["_vendor"]\n    node_venv_lib_python3_12_site-packages_pip__vendor --> node_venv_lib_python3_12_site-packages_pip__vendor_platformdirs["platformdirs"]\n    node_venv_lib_python3_12_site-packages_pip__vendor_platformdirs --> node_venv_lib_python3_12_site-packages_pip__vendor_platformdirs___main___py["__main__.py"]\n    Root --> node_venv["venv"]\n    node_venv --> node_venv_lib["lib"]\n    node_venv_lib --> node_venv_lib_python3_12["python3.12"]\n    node_venv_lib_python3_12 --> node_venv_lib_python3_12_site-packages["site-packages"]\n    node_venv_lib_python3_12_site-packages --> node_venv_lib_python3_12_site-packages_pip["pip"]\n    node_venv_lib_python3_12_site-packages_pip --> node_venv_lib_python3_12_site-packages_pip__vendor["_vendor"]\n    node_venv_lib_python3_12_site-packages_pip__vendor --> node_venv_lib_python3_12_site-packages_pip__vendor_platformdirs["platformdirs"]\n    node_venv_lib_python3_12_site-packages_pip__vendor_platformdirs --> node_venv_lib_python3_12_site-packages_pip__vendor_platformdirs_android_py["android.py"]\n    Root --> node_venv["venv"]\n    node_venv --> node_venv_lib["lib"]\n    node_venv_lib --> node_venv_lib_python3_12["python3.12"]\n    node_venv_lib_python3_12 --> node_venv_lib_python3_12_site-packages["site-packages"]\n    node_venv_lib_python3_12_site-packages --> node_venv_lib_python3_12_site-packages_pip["pip"]\n    node_venv_lib_python3_12_site-packages_pip --> node_venv_lib_python3_12_site-packages_pip__vendor["_vendor"]\n    node_venv_lib_python3_12_site-packages_pip__vendor --> node_venv_lib_python3_12_site-packages_pip__vendor_platformdirs["platformdirs"]\n    node_venv_lib_python3_12_site-packages_pip__vendor_platformdirs --> node_venv_lib_python3_12_site-packages_pip__vendor_platformdirs_api_py["api.py"]\n    Root --> node_venv["venv"]\n    node_venv --> node_venv_lib["lib"]\n    node_venv_lib --> node_venv_lib_python3_12["python3.12"]\n    node_venv_lib_python3_12 --> node_venv_lib_python3_12_site-packages["site-packages"]\n    node_venv_lib_python3_12_site-packages --> node_venv_lib_python3_12_site-packages_pip["pip"]\n    node_venv_lib_python3_12_site-packages_pip --> node_venv_lib_python3_12_site-packages_pip__vendor["_vendor"]\n    node_venv_lib_python3_12_site-packages_pip__vendor --> node_venv_lib_python3_12_site-packages_pip__vendor_platformdirs["platformdirs"]\n    node_venv_lib_python3_12_site-packages_pip__vendor_platformdirs --> node_venv_lib_python3_12_site-packages_pip__vendor_platformdirs_macos_py["macos.py"]\n    Root --> node_venv["venv"]\n    node_venv --> node_venv_lib["lib"]\n    node_venv_lib --> node_venv_lib_python3_12["python3.12"]\n    node_venv_lib_python3_12 --> node_venv_lib_python3_12_site-packages["site-packages"]\n    node_venv_lib_python3_12_site-packages --> node_venv_lib_python3_12_site-packages_pip["pip"]\n    node_venv_lib_python3_12_site-packages_pip --> node_venv_lib_python3_12_site-packages_pip__vendor["_vendor"]\n    node_venv_lib_python3_12_site-packages_pip__vendor --> node_venv_lib_python3_12_site-packages_pip__vendor_platformdirs["platformdirs"]\n    node_venv_lib_python3_12_site-packages_pip__vendor_platformdirs --> node_venv_lib_python3_12_site-packages_pip__vendor_platformdirs_py_typed["py.typed"]\n    Root --> node_venv["venv"]\n    node_venv --> node_venv_lib["lib"]\n    node_venv_lib --> node_venv_lib_python3_12["python3.12"]\n    node_venv_lib_python3_12 --> node_venv_lib_python3_12_site-packages["site-packages"]\n    node_venv_lib_python3_12_site-packages --> node_venv_lib_python3_12_site-packages_pip["pip"]\n    node_venv_lib_python3_12_site-packages_pip --> node_venv_lib_python3_12_site-packages_pip__vendor["_vendor"]\n    node_venv_lib_python3_12_site-packages_pip__vendor --> node_venv_lib_python3_12_site-packages_pip__vendor_platformdirs["platformdirs"]\n    node_venv_lib_python3_12_site-packages_pip__vendor_platformdirs --> node_venv_lib_python3_12_site-packages_pip__vendor_platformdirs_unix_py["unix.py"]\n    Root --> node_venv["venv"]\n    node_venv --> node_venv_lib["lib"]\n    node_venv_lib --> node_venv_lib_python3_12["python3.12"]\n    node_venv_lib_python3_12 --> node_venv_lib_python3_12_site-packages["site-packages"]\n    node_venv_lib_python3_12_site-packages --> node_venv_lib_python3_12_site-packages_pip["pip"]\n    node_venv_lib_python3_12_site-packages_pip --> node_venv_lib_python3_12_site-packages_pip__vendor["_vendor"]\n    node_venv_lib_python3_12_site-packages_pip__vendor --> node_venv_lib_python3_12_site-packages_pip__vendor_platformdirs["platformdirs"]\n    node_venv_lib_python3_12_site-packages_pip__vendor_platformdirs --> node_venv_lib_python3_12_site-packages_pip__vendor_platformdirs_version_py["version.py"]\n    Root --> node_venv["venv"]\n    node_venv --> node_venv_lib["lib"]\n    node_venv_lib --> node_venv_lib_python3_12["python3.12"]\n    node_venv_lib_python3_12 --> node_venv_lib_python3_12_site-packages["site-packages"]\n    node_venv_lib_python3_12_site-packages --> node_venv_lib_python3_12_site-packages_pip["pip"]\n    node_venv_lib_python3_12_site-packages_pip --> node_venv_lib_python3_12_site-packages_pip__vendor["_vendor"]\n    node_venv_lib_python3_12_site-packages_pip__vendor --> node_venv_lib_python3_12_site-packages_pip__vendor_platformdirs["platformdirs"]\n    node_venv_lib_python3_12_site-packages_pip__vendor_platformdirs --> node_venv_lib_python3_12_site-packages_pip__vendor_platformdirs_windows_py["windows.py"]\n    Root --> node_venv["venv"]\n    node_venv --> node_venv_lib["lib"]\n    node_venv_lib --> node_venv_lib_python3_12["python3.12"]\n    node_venv_lib_python3_12 --> node_venv_lib_python3_12_site-packages["site-packages"]\n    node_venv_lib_python3_12_site-packages --> node_venv_lib_python3_12_site-packages_pyqt6_qt6-6_10_2_dist-info["pyqt6_qt6-6.10.2.dist-info"]\n    node_venv_lib_python3_12_site-packages_pyqt6_qt6-6_10_2_dist-info --> node_venv_lib_python3_12_site-packages_pyqt6_qt6-6_10_2_dist-info_INSTALLER["INSTALLER"]\n    Root --> node_venv["venv"]\n    node_venv --> node_venv_lib["lib"]\n    node_venv_lib --> node_venv_lib_python3_12["python3.12"]\n    node_venv_lib_python3_12 --> node_venv_lib_python3_12_site-packages["site-packages"]\n    node_venv_lib_python3_12_site-packages --> node_venv_lib_python3_12_site-packages_pyqt6_qt6-6_10_2_dist-info["pyqt6_qt6-6.10.2.dist-info"]\n    node_venv_lib_python3_12_site-packages_pyqt6_qt6-6_10_2_dist-info --> node_venv_lib_python3_12_site-packages_pyqt6_qt6-6_10_2_dist-info_LICENSE["LICENSE"]\n    Root --> node_venv["venv"]\n    node_venv --> node_venv_lib["lib"]\n    node_venv_lib --> node_venv_lib_python3_12["python3.12"]\n    node_venv_lib_python3_12 --> node_venv_lib_python3_12_site-packages["site-packages"]\n    node_venv_lib_python3_12_site-packages --> node_venv_lib_python3_12_site-packages_pyqt6_qt6-6_10_2_dist-info["pyqt6_qt6-6.10.2.dist-info"]\n    node_venv_lib_python3_12_site-packages_pyqt6_qt6-6_10_2_dist-info --> node_venv_lib_python3_12_site-packages_pyqt6_qt6-6_10_2_dist-info_METADATA["METADATA"]\n    Root --> node_venv["venv"]\n    node_venv --> node_venv_lib["lib"]\n    node_venv_lib --> node_venv_lib_python3_12["python3.12"]\n    node_venv_lib_python3_12 --> node_venv_lib_python3_12_site-packages["site-packages"]\n    node_venv_lib_python3_12_site-packages --> node_venv_lib_python3_12_site-packages_pyqt6_qt6-6_10_2_dist-info["pyqt6_qt6-6.10.2.dist-info"]\n    node_venv_lib_python3_12_site-packages_pyqt6_qt6-6_10_2_dist-info --> node_venv_lib_python3_12_site-packages_pyqt6_qt6-6_10_2_dist-info_RECORD["RECORD"]\n    Root --> node_venv["venv"]\n    node_venv --> node_venv_lib["lib"]\n    node_venv_lib --> node_venv_lib_python3_12["python3.12"]\n    node_venv_lib_python3_12 --> node_venv_lib_python3_12_site-packages["site-packages"]\n    node_venv_lib_python3_12_site-packages --> node_venv_lib_python3_12_site-packages_pyqt6_qt6-6_10_2_dist-info["pyqt6_qt6-6.10.2.dist-info"]\n    node_venv_lib_python3_12_site-packages_pyqt6_qt6-6_10_2_dist-info --> node_venv_lib_python3_12_site-packages_pyqt6_qt6-6_10_2_dist-info_WHEEL["WHEEL"]\n    Root --> node_venv["venv"]\n    node_venv --> node_venv_lib["lib"]\n    node_venv_lib --> node_venv_lib_python3_12["python3.12"]\n    node_venv_lib_python3_12 --> node_venv_lib_python3_12_site-packages["site-packages"]\n    node_venv_lib_python3_12_site-packages --> node_venv_lib_python3_12_site-packages_pyqt6_sip-13_11_0_dist-info["pyqt6_sip-13.11.0.dist-info"]\n    node_venv_lib_python3_12_site-packages_pyqt6_sip-13_11_0_dist-info --> node_venv_lib_python3_12_site-packages_pyqt6_sip-13_11_0_dist-info_INSTALLER["INSTALLER"]\n    Root --> node_venv["venv"]\n    node_venv --> node_venv_lib["lib"]\n    node_venv_lib --> node_venv_lib_python3_12["python3.12"]\n    node_venv_lib_python3_12 --> node_venv_lib_python3_12_site-packages["site-packages"]\n    node_venv_lib_python3_12_site-packages --> node_venv_lib_python3_12_site-packages_pyqt6_sip-13_11_0_dist-info["pyqt6_sip-13.11.0.dist-info"]\n    node_venv_lib_python3_12_site-packages_pyqt6_sip-13_11_0_dist-info --> node_venv_lib_python3_12_site-packages_pyqt6_sip-13_11_0_dist-info_METADATA["METADATA"]\n    Root --> node_venv["venv"]\n    node_venv --> node_venv_lib["lib"]\n    node_venv_lib --> node_venv_lib_python3_12["python3.12"]\n    node_venv_lib_python3_12 --> node_venv_lib_python3_12_site-packages["site-packages"]\n    node_venv_lib_python3_12_site-packages --> node_venv_lib_python3_12_site-packages_pyqt6_sip-13_11_0_dist-info["pyqt6_sip-13.11.0.dist-info"]\n    node_venv_lib_python3_12_site-packages_pyqt6_sip-13_11_0_dist-info --> node_venv_lib_python3_12_site-packages_pyqt6_sip-13_11_0_dist-info_RECORD["RECORD"]\n    Root --> node_venv["venv"]\n    node_venv --> node_venv_lib["lib"]\n    node_venv_lib --> node_venv_lib_python3_12["python3.12"]\n    node_venv_lib_python3_12 --> node_venv_lib_python3_12_site-packages["site-packages"]\n    node_venv_lib_python3_12_site-packages --> node_venv_lib_python3_12_site-packages_pyqt6_sip-13_11_0_dist-info["pyqt6_sip-13.11.0.dist-info"]\n    node_venv_lib_python3_12_site-packages_pyqt6_sip-13_11_0_dist-info --> node_venv_lib_python3_12_site-packages_pyqt6_sip-13_11_0_dist-info_WHEEL["WHEEL"]\n    Root --> node_venv["venv"]\n    node_venv --> node_venv_lib["lib"]\n    node_venv_lib --> node_venv_lib_python3_12["python3.12"]\n    node_venv_lib_python3_12 --> node_venv_lib_python3_12_site-packages["site-packages"]\n    node_venv_lib_python3_12_site-packages --> node_venv_lib_python3_12_site-packages_pyqt6_sip-13_11_0_dist-info["pyqt6_sip-13.11.0.dist-info"]\n    node_venv_lib_python3_12_site-packages_pyqt6_sip-13_11_0_dist-info --> node_venv_lib_python3_12_site-packages_pyqt6_sip-13_11_0_dist-info_top_level_txt["top_level.txt"]\n    Root --> node_venv["venv"]\n    node_venv --> node_venv_lib["lib"]\n    node_venv_lib --> node_venv_lib_python3_12["python3.12"]\n    node_venv_lib_python3_12 --> node_venv_lib_python3_12_site-packages["site-packages"]\n    node_venv_lib_python3_12_site-packages --> node_venv_lib_python3_12_site-packages_pyqt6_sip-13_11_0_dist-info["pyqt6_sip-13.11.0.dist-info"]\n    node_venv_lib_python3_12_site-packages_pyqt6_sip-13_11_0_dist-info --> node_venv_lib_python3_12_site-packages_pyqt6_sip-13_11_0_dist-info_licenses["licenses"]\n    node_venv_lib_python3_12_site-packages_pyqt6_sip-13_11_0_dist-info_licenses --> node_venv_lib_python3_12_site-packages_pyqt6_sip-13_11_0_dist-info_licenses_LICENSE["LICENSE"]\n    Root --> node_venv["venv"]\n    node_venv --> node_venv_lib["lib"]\n    node_venv_lib --> node_venv_lib_python3_12["python3.12"]\n    node_venv_lib_python3_12 --> node_venv_lib_python3_12_site-packages["site-packages"]\n    node_venv_lib_python3_12_site-packages --> node_venv_lib_python3_12_site-packages_PyQt6["PyQt6"]\n    node_venv_lib_python3_12_site-packages_PyQt6 --> node_venv_lib_python3_12_site-packages_PyQt6_QtBluetooth_abi3_so["QtBluetooth.abi3.so"]\n    Root --> node_venv["venv"]\n    node_venv --> node_venv_lib["lib"]\n    node_venv_lib --> node_venv_lib_python3_12["python3.12"]\n    node_venv_lib_python3_12 --> node_venv_lib_python3_12_site-packages["site-packages"]\n    node_venv_lib_python3_12_site-packages --> node_venv_lib_python3_12_site-packages_PyQt6["PyQt6"]\n    node_venv_lib_python3_12_site-packages_PyQt6 --> node_venv_lib_python3_12_site-packages_PyQt6_QtBluetooth_pyi["QtBluetooth.pyi"]\n    Root --> node_venv["venv"]\n    node_venv --> node_venv_lib["lib"]\n    node_venv_lib --> node_venv_lib_python3_12["python3.12"]\n    node_venv_lib_python3_12 --> node_venv_lib_python3_12_site-packages["site-packages"]\n    node_venv_lib_python3_12_site-packages --> node_venv_lib_python3_12_site-packages_PyQt6["PyQt6"]\n    node_venv_lib_python3_12_site-packages_PyQt6 --> node_venv_lib_python3_12_site-packages_PyQt6_QtCore_abi3_so["QtCore.abi3.so"]\n    Root --> node_venv["venv"]\n    node_venv --> node_venv_lib["lib"]\n    node_venv_lib --> node_venv_lib_python3_12["python3.12"]\n    node_venv_lib_python3_12 --> node_venv_lib_python3_12_site-packages["site-packages"]\n    node_venv_lib_python3_12_site-packages --> node_venv_lib_python3_12_site-packages_PyQt6["PyQt6"]\n    node_venv_lib_python3_12_site-packages_PyQt6 --> node_venv_lib_python3_12_site-packages_PyQt6_QtCore_pyi["QtCore.pyi"]\n    Root --> node_venv["venv"]\n    node_venv --> node_venv_lib["lib"]\n    node_venv_lib --> node_venv_lib_python3_12["python3.12"]\n    node_venv_lib_python3_12 --> node_venv_lib_python3_12_site-packages["site-packages"]\n    node_venv_lib_python3_12_site-packages --> node_venv_lib_python3_12_site-packages_PyQt6["PyQt6"]\n    node_venv_lib_python3_12_site-packages_PyQt6 --> node_venv_lib_python3_12_site-packages_PyQt6_QtDBus_abi3_so["QtDBus.abi3.so"]\n    Root --> node_venv["venv"]\n    node_venv --> node_venv_lib["lib"]\n    node_venv_lib --> node_venv_lib_python3_12["python3.12"]\n    node_venv_lib_python3_12 --> node_venv_lib_python3_12_site-packages["site-packages"]\n    node_venv_lib_python3_12_site-packages --> node_venv_lib_python3_12_site-packages_PyQt6["PyQt6"]\n    node_venv_lib_python3_12_site-packages_PyQt6 --> node_venv_lib_python3_12_site-packages_PyQt6_QtDBus_pyi["QtDBus.pyi"]\n    Root --> node_venv["venv"]\n    node_venv --> node_venv_lib["lib"]\n    node_venv_lib --> node_venv_lib_python3_12["python3.12"]\n    node_venv_lib_python3_12 --> node_venv_lib_python3_12_site-packages["site-packages"]\n    node_venv_lib_python3_12_site-packages --> node_venv_lib_python3_12_site-packages_PyQt6["PyQt6"]\n    node_venv_lib_python3_12_site-packages_PyQt6 --> node_venv_lib_python3_12_site-packages_PyQt6_QtDesigner_abi3_so["QtDesigner.abi3.so"]\n    Root --> node_venv["venv"]\n    node_venv --> node_venv_lib["lib"]\n    node_venv_lib --> node_venv_lib_python3_12["python3.12"]\n    node_venv_lib_python3_12 --> node_venv_lib_python3_12_site-packages["site-packages"]\n    node_venv_lib_python3_12_site-packages --> node_venv_lib_python3_12_site-packages_PyQt6["PyQt6"]\n    node_venv_lib_python3_12_site-packages_PyQt6 --> node_venv_lib_python3_12_site-packages_PyQt6_QtDesigner_pyi["QtDesigner.pyi"]\n    Root --> node_venv["venv"]\n    node_venv --> node_venv_lib["lib"]\n    node_venv_lib --> node_venv_lib_python3_12["python3.12"]\n    node_venv_lib_python3_12 --> node_venv_lib_python3_12_site-packages["site-packages"]\n    node_venv_lib_python3_12_site-packages --> node_venv_lib_python3_12_site-packages_PyQt6["PyQt6"]\n    node_venv_lib_python3_12_site-packages_PyQt6 --> node_venv_lib_python3_12_site-packages_PyQt6_QtGui_abi3_so["QtGui.abi3.so"]\n    Root --> node_venv["venv"]\n    node_venv --> node_venv_lib["lib"]\n    node_venv_lib --> node_venv_lib_python3_12["python3.12"]\n    node_venv_lib_python3_12 --> node_venv_lib_python3_12_site-packages["site-packages"]\n    node_venv_lib_python3_12_site-packages --> node_venv_lib_python3_12_site-packages_PyQt6["PyQt6"]\n    node_venv_lib_python3_12_site-packages_PyQt6 --> node_venv_lib_python3_12_site-packages_PyQt6_QtGui_pyi["QtGui.pyi"]\n    Root --> node_venv["venv"]\n    node_venv --> node_venv_lib["lib"]\n    node_venv_lib --> node_venv_lib_python3_12["python3.12"]\n    node_venv_lib_python3_12 --> node_venv_lib_python3_12_site-packages["site-packages"]\n    node_venv_lib_python3_12_site-packages --> node_venv_lib_python3_12_site-packages_PyQt6["PyQt6"]\n    node_venv_lib_python3_12_site-packages_PyQt6 --> node_venv_lib_python3_12_site-packages_PyQt6_QtHelp_abi3_so["QtHelp.abi3.so"]\n    Root --> node_venv["venv"]\n    node_venv --> node_venv_lib["lib"]\n    node_venv_lib --> node_venv_lib_python3_12["python3.12"]\n    node_venv_lib_python3_12 --> node_venv_lib_python3_12_site-packages["site-packages"]\n    node_venv_lib_python3_12_site-packages --> node_venv_lib_python3_12_site-packages_PyQt6["PyQt6"]\n    node_venv_lib_python3_12_site-packages_PyQt6 --> node_venv_lib_python3_12_site-packages_PyQt6_QtHelp_pyi["QtHelp.pyi"]\n    Root --> node_venv["venv"]\n    node_venv --> node_venv_lib["lib"]\n    node_venv_lib --> node_venv_lib_python3_12["python3.12"]\n    node_venv_lib_python3_12 --> node_venv_lib_python3_12_site-packages["site-packages"]\n    node_venv_lib_python3_12_site-packages --> node_venv_lib_python3_12_site-packages_PyQt6["PyQt6"]\n    node_venv_lib_python3_12_site-packages_PyQt6 --> node_venv_lib_python3_12_site-packages_PyQt6_QtMultimedia_abi3_so["QtMultimedia.abi3.so"]\n    Root --> node_venv["venv"]\n    node_venv --> node_venv_lib["lib"]\n    node_venv_lib --> node_venv_lib_python3_12["python3.12"]\n    node_venv_lib_python3_12 --> node_venv_lib_python3_12_site-packages["site-packages"]\n    node_venv_lib_python3_12_site-packages --> node_venv_lib_python3_12_site-packages_PyQt6["PyQt6"]\n    node_venv_lib_python3_12_site-packages_PyQt6 --> node_venv_lib_python3_12_site-packages_PyQt6_QtMultimedia_pyi["QtMultimedia.pyi"]\n    Root --> node_venv["venv"]\n    node_venv --> node_venv_lib["lib"]\n    node_venv_lib --> node_venv_lib_python3_12["python3.12"]\n    node_venv_lib_python3_12 --> node_venv_lib_python3_12_site-packages["site-packages"]\n    node_venv_lib_python3_12_site-packages --> node_venv_lib_python3_12_site-packages_PyQt6["PyQt6"]\n    node_venv_lib_python3_12_site-packages_PyQt6 --> node_venv_lib_python3_12_site-packages_PyQt6_QtMultimediaWidgets_abi3_so["QtMultimediaWidgets.abi3.so"]\n    Root --> node_venv["venv"]\n    node_venv --> node_venv_lib["lib"]\n    node_venv_lib --> node_venv_lib_python3_12["python3.12"]\n    node_venv_lib_python3_12 --> node_venv_lib_python3_12_site-packages["site-packages"]\n    node_venv_lib_python3_12_site-packages --> node_venv_lib_python3_12_site-packages_PyQt6["PyQt6"]\n    node_venv_lib_python3_12_site-packages_PyQt6 --> node_venv_lib_python3_12_site-packages_PyQt6_QtMultimediaWidgets_pyi["QtMultimediaWidgets.pyi"]\n    Root --> node_venv["venv"]\n    node_venv --> node_venv_lib["lib"]\n    node_venv_lib --> node_venv_lib_python3_12["python3.12"]\n    node_venv_lib_python3_12 --> node_venv_lib_python3_12_site-packages["site-packages"]\n    node_venv_lib_python3_12_site-packages --> node_venv_lib_python3_12_site-packages_PyQt6["PyQt6"]\n    node_venv_lib_python3_12_site-packages_PyQt6 --> node_venv_lib_python3_12_site-packages_PyQt6_QtNetwork_abi3_so["QtNetwork.abi3.so"]\n    Root --> node_venv["venv"]\n    node_venv --> node_venv_lib["lib"]\n    node_venv_lib --> node_venv_lib_python3_12["python3.12"]\n    node_venv_lib_python3_12 --> node_venv_lib_python3_12_site-packages["site-packages"]\n    node_venv_lib_python3_12_site-packages --> node_venv_lib_python3_12_site-packages_PyQt6["PyQt6"]\n    node_venv_lib_python3_12_site-packages_PyQt6 --> node_venv_lib_python3_12_site-packages_PyQt6_QtNetwork_pyi["QtNetwork.pyi"]\n    Root --> node_venv["venv"]\n    node_venv --> node_venv_lib["lib"]\n    node_venv_lib --> node_venv_lib_python3_12["python3.12"]\n    node_venv_lib_python3_12 --> node_venv_lib_python3_12_site-packages["site-packages"]\n    node_venv_lib_python3_12_site-packages --> node_venv_lib_python3_12_site-packages_PyQt6["PyQt6"]\n    node_venv_lib_python3_12_site-packages_PyQt6 --> node_venv_lib_python3_12_site-packages_PyQt6_QtNfc_abi3_so["QtNfc.abi3.so"]\n    Root --> node_venv["venv"]\n    node_venv --> node_venv_lib["lib"]\n    node_venv_lib --> node_venv_lib_python3_12["python3.12"]\n    node_venv_lib_python3_12 --> node_venv_lib_python3_12_site-packages["site-packages"]\n    node_venv_lib_python3_12_site-packages --> node_venv_lib_python3_12_site-packages_PyQt6["PyQt6"]\n    node_venv_lib_python3_12_site-packages_PyQt6 --> node_venv_lib_python3_12_site-packages_PyQt6_QtNfc_pyi["QtNfc.pyi"]\n    Root --> node_venv["venv"]\n    node_venv --> node_venv_lib["lib"]\n    node_venv_lib --> node_venv_lib_python3_12["python3.12"]\n    node_venv_lib_python3_12 --> node_venv_lib_python3_12_site-packages["site-packages"]\n    node_venv_lib_python3_12_site-packages --> node_venv_lib_python3_12_site-packages_PyQt6["PyQt6"]\n    node_venv_lib_python3_12_site-packages_PyQt6 --> node_venv_lib_python3_12_site-packages_PyQt6_QtOpenGL_abi3_so["QtOpenGL.abi3.so"]\n    Root --> node_venv["venv"]\n    node_venv --> node_venv_lib["lib"]\n    node_venv_lib --> node_venv_lib_python3_12["python3.12"]\n    node_venv_lib_python3_12 --> node_venv_lib_python3_12_site-packages["site-packages"]\n    node_venv_lib_python3_12_site-packages --> node_venv_lib_python3_12_site-packages_PyQt6["PyQt6"]\n    node_venv_lib_python3_12_site-packages_PyQt6 --> node_venv_lib_python3_12_site-packages_PyQt6_QtOpenGL_pyi["QtOpenGL.pyi"]\n    Root --> node_venv["venv"]\n    node_venv --> node_venv_lib["lib"]\n    node_venv_lib --> node_venv_lib_python3_12["python3.12"]\n    node_venv_lib_python3_12 --> node_venv_lib_python3_12_site-packages["site-packages"]\n    node_venv_lib_python3_12_site-packages --> node_venv_lib_python3_12_site-packages_PyQt6["PyQt6"]\n    node_venv_lib_python3_12_site-packages_PyQt6 --> node_venv_lib_python3_12_site-packages_PyQt6_QtOpenGLWidgets_abi3_so["QtOpenGLWidgets.abi3.so"]\n    Root --> node_venv["venv"]\n    node_venv --> node_venv_lib["lib"]\n    node_venv_lib --> node_venv_lib_python3_12["python3.12"]\n    node_venv_lib_python3_12 --> node_venv_lib_python3_12_site-packages["site-packages"]\n    node_venv_lib_python3_12_site-packages --> node_venv_lib_python3_12_site-packages_PyQt6["PyQt6"]\n    node_venv_lib_python3_12_site-packages_PyQt6 --> node_venv_lib_python3_12_site-packages_PyQt6_QtOpenGLWidgets_pyi["QtOpenGLWidgets.pyi"]\n    Root --> node_venv["venv"]\n    node_venv --> node_venv_lib["lib"]\n    node_venv_lib --> node_venv_lib_python3_12["python3.12"]\n    node_venv_lib_python3_12 --> node_venv_lib_python3_12_site-packages["site-packages"]\n    node_venv_lib_python3_12_site-packages --> node_venv_lib_python3_12_site-packages_PyQt6["PyQt6"]\n    node_venv_lib_python3_12_site-packages_PyQt6 --> node_venv_lib_python3_12_site-packages_PyQt6_QtPdf_abi3_so["QtPdf.abi3.so"]\n    Root --> node_venv["venv"]\n    node_venv --> node_venv_lib["lib"]\n    node_venv_lib --> node_venv_lib_python3_12["python3.12"]\n    node_venv_lib_python3_12 --> node_venv_lib_python3_12_site-packages["site-packages"]\n    node_venv_lib_python3_12_site-packages --> node_venv_lib_python3_12_site-packages_PyQt6["PyQt6"]\n    node_venv_lib_python3_12_site-packages_PyQt6 --> node_venv_lib_python3_12_site-packages_PyQt6_QtPdf_pyi["QtPdf.pyi"]\n    Root --> node_venv["venv"]\n    node_venv --> node_venv_lib["lib"]\n    node_venv_lib --> node_venv_lib_python3_12["python3.12"]\n    node_venv_lib_python3_12 --> node_venv_lib_python3_12_site-packages["site-packages"]\n    node_venv_lib_python3_12_site-packages --> node_venv_lib_python3_12_site-packages_PyQt6["PyQt6"]\n    node_venv_lib_python3_12_site-packages_PyQt6 --> node_venv_lib_python3_12_site-packages_PyQt6_QtPdfWidgets_abi3_so["QtPdfWidgets.abi3.so"]\n    Root --> node_venv["venv"]\n    node_venv --> node_venv_lib["lib"]\n    node_venv_lib --> node_venv_lib_python3_12["python3.12"]\n    node_venv_lib_python3_12 --> node_venv_lib_python3_12_site-packages["site-packages"]\n    node_venv_lib_python3_12_site-packages --> node_venv_lib_python3_12_site-packages_PyQt6["PyQt6"]\n    node_venv_lib_python3_12_site-packages_PyQt6 --> node_venv_lib_python3_12_site-packages_PyQt6_QtPdfWidgets_pyi["QtPdfWidgets.pyi"]\n    Root --> node_venv["venv"]\n    node_venv --> node_venv_lib["lib"]\n    node_venv_lib --> node_venv_lib_python3_12["python3.12"]\n    node_venv_lib_python3_12 --> node_venv_lib_python3_12_site-packages["site-packages"]\n    node_venv_lib_python3_12_site-packages --> node_venv_lib_python3_12_site-packages_PyQt6["PyQt6"]\n    node_venv_lib_python3_12_site-packages_PyQt6 --> node_venv_lib_python3_12_site-packages_PyQt6_QtPositioning_abi3_so["QtPositioning.abi3.so"]\n    Root --> node_venv["venv"]\n    node_venv --> node_venv_lib["lib"]\n    node_venv_lib --> node_venv_lib_python3_12["python3.12"]\n    node_venv_lib_python3_12 --> node_venv_lib_python3_12_site-packages["site-packages"]\n    node_venv_lib_python3_12_site-packages --> node_venv_lib_python3_12_site-packages_PyQt6["PyQt6"]\n    node_venv_lib_python3_12_site-packages_PyQt6 --> node_venv_lib_python3_12_site-packages_PyQt6_QtPositioning_pyi["QtPositioning.pyi"]\n    Root --> node_venv["venv"]\n    node_venv --> node_venv_lib["lib"]\n    node_venv_lib --> node_venv_lib_python3_12["python3.12"]\n    node_venv_lib_python3_12 --> node_venv_lib_python3_12_site-packages["site-packages"]\n    node_venv_lib_python3_12_site-packages --> node_venv_lib_python3_12_site-packages_PyQt6["PyQt6"]\n    node_venv_lib_python3_12_site-packages_PyQt6 --> node_venv_lib_python3_12_site-packages_PyQt6_QtPrintSupport_abi3_so["QtPrintSupport.abi3.so"]\n    Root --> node_venv["venv"]\n    node_venv --> node_venv_lib["lib"]\n    node_venv_lib --> node_venv_lib_python3_12["python3.12"]\n    node_venv_lib_python3_12 --> node_venv_lib_python3_12_site-packages["site-packages"]\n    node_venv_lib_python3_12_site-packages --> node_venv_lib_python3_12_site-packages_PyQt6["PyQt6"]\n    node_venv_lib_python3_12_site-packages_PyQt6 --> node_venv_lib_python3_12_site-packages_PyQt6_QtPrintSupport_pyi["QtPrintSupport.pyi"]\n    Root --> node_venv["venv"]\n    node_venv --> node_venv_lib["lib"]\n    node_venv_lib --> node_venv_lib_python3_12["python3.12"]\n    node_venv_lib_python3_12 --> node_venv_lib_python3_12_site-packages["site-packages"]\n    node_venv_lib_python3_12_site-packages --> node_venv_lib_python3_12_site-packages_PyQt6["PyQt6"]\n    node_venv_lib_python3_12_site-packages_PyQt6 --> node_venv_lib_python3_12_site-packages_PyQt6_QtQml_abi3_so["QtQml.abi3.so"]\n    Root --> node_venv["venv"]\n    node_venv --> node_venv_lib["lib"]\n    node_venv_lib --> node_venv_lib_python3_12["python3.12"]\n    node_venv_lib_python3_12 --> node_venv_lib_python3_12_site-packages["site-packages"]\n    node_venv_lib_python3_12_site-packages --> node_venv_lib_python3_12_site-packages_PyQt6["PyQt6"]\n    node_venv_lib_python3_12_site-packages_PyQt6 --> node_venv_lib_python3_12_site-packages_PyQt6_QtQml_pyi["QtQml.pyi"]\n    Root --> node_venv["venv"]\n    node_venv --> node_venv_lib["lib"]\n    node_venv_lib --> node_venv_lib_python3_12["python3.12"]\n    node_venv_lib_python3_12 --> node_venv_lib_python3_12_site-packages["site-packages"]\n    node_venv_lib_python3_12_site-packages --> node_venv_lib_python3_12_site-packages_PyQt6["PyQt6"]\n    node_venv_lib_python3_12_site-packages_PyQt6 --> node_venv_lib_python3_12_site-packages_PyQt6_QtQuick_abi3_so["QtQuick.abi3.so"]\n    Root --> node_venv["venv"]\n    node_venv --> node_venv_lib["lib"]\n    node_venv_lib --> node_venv_lib_python3_12["python3.12"]\n    node_venv_lib_python3_12 --> node_venv_lib_python3_12_site-packages["site-packages"]\n    node_venv_lib_python3_12_site-packages --> node_venv_lib_python3_12_site-packages_PyQt6["PyQt6"]\n    node_venv_lib_python3_12_site-packages_PyQt6 --> node_venv_lib_python3_12_site-packages_PyQt6_QtQuick_pyi["QtQuick.pyi"]\n    Root --> node_venv["venv"]\n    node_venv --> node_venv_lib["lib"]\n    node_venv_lib --> node_venv_lib_python3_12["python3.12"]\n    node_venv_lib_python3_12 --> node_venv_lib_python3_12_site-packages["site-packages"]\n    node_venv_lib_python3_12_site-packages --> node_venv_lib_python3_12_site-packages_PyQt6["PyQt6"]\n    node_venv_lib_python3_12_site-packages_PyQt6 --> node_venv_lib_python3_12_site-packages_PyQt6_QtQuick3D_abi3_so["QtQuick3D.abi3.so"]\n    Root --> node_venv["venv"]\n    node_venv --> node_venv_lib["lib"]\n    node_venv_lib --> node_venv_lib_python3_12["python3.12"]\n    node_venv_lib_python3_12 --> node_venv_lib_python3_12_site-packages["site-packages"]\n    node_venv_lib_python3_12_site-packages --> node_venv_lib_python3_12_site-packages_PyQt6["PyQt6"]\n    node_venv_lib_python3_12_site-packages_PyQt6 --> node_venv_lib_python3_12_site-packages_PyQt6_QtQuick3D_pyi["QtQuick3D.pyi"]\n    Root --> node_venv["venv"]\n    node_venv --> node_venv_lib["lib"]\n    node_venv_lib --> node_venv_lib_python3_12["python3.12"]\n    node_venv_lib_python3_12 --> node_venv_lib_python3_12_site-packages["site-packages"]\n    node_venv_lib_python3_12_site-packages --> node_venv_lib_python3_12_site-packages_PyQt6["PyQt6"]\n    node_venv_lib_python3_12_site-packages_PyQt6 --> node_venv_lib_python3_12_site-packages_PyQt6_QtQuickWidgets_abi3_so["QtQuickWidgets.abi3.so"]\n    Root --> node_venv["venv"]\n    node_venv --> node_venv_lib["lib"]\n    node_venv_lib --> node_venv_lib_python3_12["python3.12"]\n    node_venv_lib_python3_12 --> node_venv_lib_python3_12_site-packages["site-packages"]\n    node_venv_lib_python3_12_site-packages --> node_venv_lib_python3_12_site-packages_PyQt6["PyQt6"]\n    node_venv_lib_python3_12_site-packages_PyQt6 --> node_venv_lib_python3_12_site-packages_PyQt6_QtQuickWidgets_pyi["QtQuickWidgets.pyi"]\n    Root --> node_venv["venv"]\n    node_venv --> node_venv_lib["lib"]\n    node_venv_lib --> node_venv_lib_python3_12["python3.12"]\n    node_venv_lib_python3_12 --> node_venv_lib_python3_12_site-packages["site-packages"]\n    node_venv_lib_python3_12_site-packages --> node_venv_lib_python3_12_site-packages_PyQt6["PyQt6"]\n    node_venv_lib_python3_12_site-packages_PyQt6 --> node_venv_lib_python3_12_site-packages_PyQt6_QtRemoteObjects_abi3_so["QtRemoteObjects.abi3.so"]\n    Root --> node_venv["venv"]\n    node_venv --> node_venv_lib["lib"]\n    node_venv_lib --> node_venv_lib_python3_12["python3.12"]\n    node_venv_lib_python3_12 --> node_venv_lib_python3_12_site-packages["site-packages"]\n    node_venv_lib_python3_12_site-packages --> node_venv_lib_python3_12_site-packages_PyQt6["PyQt6"]\n    node_venv_lib_python3_12_site-packages_PyQt6 --> node_venv_lib_python3_12_site-packages_PyQt6_QtRemoteObjects_pyi["QtRemoteObjects.pyi"]\n    Root --> node_venv["venv"]\n    node_venv --> node_venv_lib["lib"]\n    node_venv_lib --> node_venv_lib_python3_12["python3.12"]\n    node_venv_lib_python3_12 --> node_venv_lib_python3_12_site-packages["site-packages"]\n    node_venv_lib_python3_12_site-packages --> node_venv_lib_python3_12_site-packages_PyQt6["PyQt6"]\n    node_venv_lib_python3_12_site-packages_PyQt6 --> node_venv_lib_python3_12_site-packages_PyQt6_QtSensors_abi3_so["QtSensors.abi3.so"]\n    Root --> node_venv["venv"]\n    node_venv --> node_venv_lib["lib"]\n    node_venv_lib --> node_venv_lib_python3_12["python3.12"]\n    node_venv_lib_python3_12 --> node_venv_lib_python3_12_site-packages["site-packages"]\n    node_venv_lib_python3_12_site-packages --> node_venv_lib_python3_12_site-packages_PyQt6["PyQt6"]\n    node_venv_lib_python3_12_site-packages_PyQt6 --> node_venv_lib_python3_12_site-packages_PyQt6_QtSensors_pyi["QtSensors.pyi"]\n    Root --> node_venv["venv"]\n    node_venv --> node_venv_lib["lib"]\n    node_venv_lib --> node_venv_lib_python3_12["python3.12"]\n    node_venv_lib_python3_12 --> node_venv_lib_python3_12_site-packages["site-packages"]\n    node_venv_lib_python3_12_site-packages --> node_venv_lib_python3_12_site-packages_PyQt6["PyQt6"]\n    node_venv_lib_python3_12_site-packages_PyQt6 --> node_venv_lib_python3_12_site-packages_PyQt6_QtSerialPort_abi3_so["QtSerialPort.abi3.so"]\n    Root --> node_venv["venv"]\n    node_venv --> node_venv_lib["lib"]\n    node_venv_lib --> node_venv_lib_python3_12["python3.12"]\n    node_venv_lib_python3_12 --> node_venv_lib_python3_12_site-packages["site-packages"]\n    node_venv_lib_python3_12_site-packages --> node_venv_lib_python3_12_site-packages_PyQt6["PyQt6"]\n    node_venv_lib_python3_12_site-packages_PyQt6 --> node_venv_lib_python3_12_site-packages_PyQt6_QtSerialPort_pyi["QtSerialPort.pyi"]\n    Root --> node_venv["venv"]\n    node_venv --> node_venv_lib["lib"]\n    node_venv_lib --> node_venv_lib_python3_12["python3.12"]\n    node_venv_lib_python3_12 --> node_venv_lib_python3_12_site-packages["site-packages"]\n    node_venv_lib_python3_12_site-packages --> node_venv_lib_python3_12_site-packages_PyQt6["PyQt6"]\n    node_venv_lib_python3_12_site-packages_PyQt6 --> node_venv_lib_python3_12_site-packages_PyQt6_QtSpatialAudio_abi3_so["QtSpatialAudio.abi3.so"]\n    Root --> node_venv["venv"]\n    node_venv --> node_venv_lib["lib"]\n    node_venv_lib --> node_venv_lib_python3_12["python3.12"]\n    node_venv_lib_python3_12 --> node_venv_lib_python3_12_site-packages["site-packages"]\n    node_venv_lib_python3_12_site-packages --> node_venv_lib_python3_12_site-packages_PyQt6["PyQt6"]\n    node_venv_lib_python3_12_site-packages_PyQt6 --> node_venv_lib_python3_12_site-packages_PyQt6_QtSpatialAudio_pyi["QtSpatialAudio.pyi"]\n    Root --> node_venv["venv"]\n    node_venv --> node_venv_lib["lib"]\n    node_venv_lib --> node_venv_lib_python3_12["python3.12"]\n    node_venv_lib_python3_12 --> node_venv_lib_python3_12_site-packages["site-packages"]\n    node_venv_lib_python3_12_site-packages --> node_venv_lib_python3_12_site-packages_PyQt6["PyQt6"]\n    node_venv_lib_python3_12_site-packages_PyQt6 --> node_venv_lib_python3_12_site-packages_PyQt6_QtSql_abi3_so["QtSql.abi3.so"]\n    Root --> node_venv["venv"]\n    node_venv --> node_venv_lib["lib"]\n    node_venv_lib --> node_venv_lib_python3_12["python3.12"]\n    node_venv_lib_python3_12 --> node_venv_lib_python3_12_site-packages["site-packages"]\n    node_venv_lib_python3_12_site-packages --> node_venv_lib_python3_12_site-packages_PyQt6["PyQt6"]\n    node_venv_lib_python3_12_site-packages_PyQt6 --> node_venv_lib_python3_12_site-packages_PyQt6_QtSql_pyi["QtSql.pyi"]\n    Root --> node_venv["venv"]\n    node_venv --> node_venv_lib["lib"]\n    node_venv_lib --> node_venv_lib_python3_12["python3.12"]\n    node_venv_lib_python3_12 --> node_venv_lib_python3_12_site-packages["site-packages"]\n    node_venv_lib_python3_12_site-packages --> node_venv_lib_python3_12_site-packages_PyQt6["PyQt6"]\n    node_venv_lib_python3_12_site-packages_PyQt6 --> node_venv_lib_python3_12_site-packages_PyQt6_QtStateMachine_abi3_so["QtStateMachine.abi3.so"]\n    Root --> node_venv["venv"]\n    node_venv --> node_venv_lib["lib"]\n    node_venv_lib --> node_venv_lib_python3_12["python3.12"]\n    node_venv_lib_python3_12 --> node_venv_lib_python3_12_site-packages["site-packages"]\n    node_venv_lib_python3_12_site-packages --> node_venv_lib_python3_12_site-packages_PyQt6["PyQt6"]\n    node_venv_lib_python3_12_site-packages_PyQt6 --> node_venv_lib_python3_12_site-packages_PyQt6_QtStateMachine_pyi["QtStateMachine.pyi"]\n    Root --> node_venv["venv"]\n    node_venv --> node_venv_lib["lib"]\n    node_venv_lib --> node_venv_lib_python3_12["python3.12"]\n    node_venv_lib_python3_12 --> node_venv_lib_python3_12_site-packages["site-packages"]\n    node_venv_lib_python3_12_site-packages --> node_venv_lib_python3_12_site-packages_PyQt6["PyQt6"]\n    node_venv_lib_python3_12_site-packages_PyQt6 --> node_venv_lib_python3_12_site-packages_PyQt6_QtSvg_abi3_so["QtSvg.abi3.so"]\n    Root --> node_venv["venv"]\n    node_venv --> node_venv_lib["lib"]\n    node_venv_lib --> node_venv_lib_python3_12["python3.12"]\n    node_venv_lib_python3_12 --> node_venv_lib_python3_12_site-packages["site-packages"]\n    node_venv_lib_python3_12_site-packages --> node_venv_lib_python3_12_site-packages_PyQt6["PyQt6"]\n    node_venv_lib_python3_12_site-packages_PyQt6 --> node_venv_lib_python3_12_site-packages_PyQt6_QtSvg_pyi["QtSvg.pyi"]\n    Root --> node_venv["venv"]\n    node_venv --> node_venv_lib["lib"]\n    node_venv_lib --> node_venv_lib_python3_12["python3.12"]\n    node_venv_lib_python3_12 --> node_venv_lib_python3_12_site-packages["site-packages"]\n    node_venv_lib_python3_12_site-packages --> node_venv_lib_python3_12_site-packages_PyQt6["PyQt6"]\n    node_venv_lib_python3_12_site-packages_PyQt6 --> node_venv_lib_python3_12_site-packages_PyQt6_QtSvgWidgets_abi3_so["QtSvgWidgets.abi3.so"]\n    Root --> node_venv["venv"]\n    node_venv --> node_venv_lib["lib"]\n    node_venv_lib --> node_venv_lib_python3_12["python3.12"]\n    node_venv_lib_python3_12 --> node_venv_lib_python3_12_site-packages["site-packages"]\n    node_venv_lib_python3_12_site-packages --> node_venv_lib_python3_12_site-packages_PyQt6["PyQt6"]\n    node_venv_lib_python3_12_site-packages_PyQt6 --> node_venv_lib_python3_12_site-packages_PyQt6_QtSvgWidgets_pyi["QtSvgWidgets.pyi"]\n    Root --> node_venv["venv"]\n    node_venv --> node_venv_lib["lib"]\n    node_venv_lib --> node_venv_lib_python3_12["python3.12"]\n    node_venv_lib_python3_12 --> node_venv_lib_python3_12_site-packages["site-packages"]\n    node_venv_lib_python3_12_site-packages --> node_venv_lib_python3_12_site-packages_PyQt6["PyQt6"]\n    node_venv_lib_python3_12_site-packages_PyQt6 --> node_venv_lib_python3_12_site-packages_PyQt6_QtTest_abi3_so["QtTest.abi3.so"]\n    Root --> node_venv["venv"]\n    node_venv --> node_venv_lib["lib"]\n    node_venv_lib --> node_venv_lib_python3_12["python3.12"]\n    node_venv_lib_python3_12 --> node_venv_lib_python3_12_site-packages["site-packages"]\n    node_venv_lib_python3_12_site-packages --> node_venv_lib_python3_12_site-packages_PyQt6["PyQt6"]\n    node_venv_lib_python3_12_site-packages_PyQt6 --> node_venv_lib_python3_12_site-packages_PyQt6_QtTest_pyi["QtTest.pyi"]\n    Root --> node_venv["venv"]\n    node_venv --> node_venv_lib["lib"]\n    node_venv_lib --> node_venv_lib_python3_12["python3.12"]\n    node_venv_lib_python3_12 --> node_venv_lib_python3_12_site-packages["site-packages"]\n    node_venv_lib_python3_12_site-packages --> node_venv_lib_python3_12_site-packages_PyQt6["PyQt6"]\n    node_venv_lib_python3_12_site-packages_PyQt6 --> node_venv_lib_python3_12_site-packages_PyQt6_QtTextToSpeech_abi3_so["QtTextToSpeech.abi3.so"]\n    Root --> node_venv["venv"]\n    node_venv --> node_venv_lib["lib"]\n    node_venv_lib --> node_venv_lib_python3_12["python3.12"]\n    node_venv_lib_python3_12 --> node_venv_lib_python3_12_site-packages["site-packages"]\n    node_venv_lib_python3_12_site-packages --> node_venv_lib_python3_12_site-packages_PyQt6["PyQt6"]\n    node_venv_lib_python3_12_site-packages_PyQt6 --> node_venv_lib_python3_12_site-packages_PyQt6_QtTextToSpeech_pyi["QtTextToSpeech.pyi"]\n    Root --> node_venv["venv"]\n    node_venv --> node_venv_lib["lib"]\n    node_venv_lib --> node_venv_lib_python3_12["python3.12"]\n    node_venv_lib_python3_12 --> node_venv_lib_python3_12_site-packages["site-packages"]\n    node_venv_lib_python3_12_site-packages --> node_venv_lib_python3_12_site-packages_PyQt6["PyQt6"]\n    node_venv_lib_python3_12_site-packages_PyQt6 --> node_venv_lib_python3_12_site-packages_PyQt6_QtWebChannel_abi3_so["QtWebChannel.abi3.so"]\n    Root --> node_venv["venv"]\n    node_venv --> node_venv_lib["lib"]\n    node_venv_lib --> node_venv_lib_python3_12["python3.12"]\n    node_venv_lib_python3_12 --> node_venv_lib_python3_12_site-packages["site-packages"]\n    node_venv_lib_python3_12_site-packages --> node_venv_lib_python3_12_site-packages_PyQt6["PyQt6"]\n    node_venv_lib_python3_12_site-packages_PyQt6 --> node_venv_lib_python3_12_site-packages_PyQt6_QtWebChannel_pyi["QtWebChannel.pyi"]\n    Root --> node_venv["venv"]\n    node_venv --> node_venv_lib["lib"]\n    node_venv_lib --> node_venv_lib_python3_12["python3.12"]\n    node_venv_lib_python3_12 --> node_venv_lib_python3_12_site-packages["site-packages"]\n    node_venv_lib_python3_12_site-packages --> node_venv_lib_python3_12_site-packages_PyQt6["PyQt6"]\n    node_venv_lib_python3_12_site-packages_PyQt6 --> node_venv_lib_python3_12_site-packages_PyQt6_QtWebSockets_abi3_so["QtWebSockets.abi3.so"]\n    Root --> node_venv["venv"]\n    node_venv --> node_venv_lib["lib"]\n    node_venv_lib --> node_venv_lib_python3_12["python3.12"]\n    node_venv_lib_python3_12 --> node_venv_lib_python3_12_site-packages["site-packages"]\n    node_venv_lib_python3_12_site-packages --> node_venv_lib_python3_12_site-packages_PyQt6["PyQt6"]\n    node_venv_lib_python3_12_site-packages_PyQt6 --> node_venv_lib_python3_12_site-packages_PyQt6_QtWebSockets_pyi["QtWebSockets.pyi"]\n    Root --> node_venv["venv"]\n    node_venv --> node_venv_lib["lib"]\n    node_venv_lib --> node_venv_lib_python3_12["python3.12"]\n    node_venv_lib_python3_12 --> node_venv_lib_python3_12_site-packages["site-packages"]\n    node_venv_lib_python3_12_site-packages --> node_venv_lib_python3_12_site-packages_PyQt6["PyQt6"]\n    node_venv_lib_python3_12_site-packages_PyQt6 --> node_venv_lib_python3_12_site-packages_PyQt6_QtWidgets_abi3_so["QtWidgets.abi3.so"]\n    Root --> node_venv["venv"]\n    node_venv --> node_venv_lib["lib"]\n    node_venv_lib --> node_venv_lib_python3_12["python3.12"]\n    node_venv_lib_python3_12 --> node_venv_lib_python3_12_site-packages["site-packages"]\n    node_venv_lib_python3_12_site-packages --> node_venv_lib_python3_12_site-packages_PyQt6["PyQt6"]\n    node_venv_lib_python3_12_site-packages_PyQt6 --> node_venv_lib_python3_12_site-packages_PyQt6_QtWidgets_pyi["QtWidgets.pyi"]\n    Root --> node_venv["venv"]\n    node_venv --> node_venv_lib["lib"]\n    node_venv_lib --> node_venv_lib_python3_12["python3.12"]\n    node_venv_lib_python3_12 --> node_venv_lib_python3_12_site-packages["site-packages"]\n    node_venv_lib_python3_12_site-packages --> node_venv_lib_python3_12_site-packages_PyQt6["PyQt6"]\n    node_venv_lib_python3_12_site-packages_PyQt6 --> node_venv_lib_python3_12_site-packages_PyQt6_QtXml_abi3_so["QtXml.abi3.so"]\n    Root --> node_venv["venv"]\n    node_venv --> node_venv_lib["lib"]\n    node_venv_lib --> node_venv_lib_python3_12["python3.12"]\n    node_venv_lib_python3_12 --> node_venv_lib_python3_12_site-packages["site-packages"]\n    node_venv_lib_python3_12_site-packages --> node_venv_lib_python3_12_site-packages_PyQt6["PyQt6"]\n    node_venv_lib_python3_12_site-packages_PyQt6 --> node_venv_lib_python3_12_site-packages_PyQt6_QtXml_pyi["QtXml.pyi"]\n    Root --> node_venv["venv"]\n    node_venv --> node_venv_lib["lib"]\n    node_venv_lib --> node_venv_lib_python3_12["python3.12"]\n    node_venv_lib_python3_12 --> node_venv_lib_python3_12_site-packages["site-packages"]\n    node_venv_lib_python3_12_site-packages --> node_venv_lib_python3_12_site-packages_PyQt6["PyQt6"]\n    node_venv_lib_python3_12_site-packages_PyQt6 --> node_venv_lib_python3_12_site-packages_PyQt6___init___py["__init__.py"]\n    Root --> node_venv["venv"]\n    node_venv --> node_venv_lib["lib"]\n    node_venv_lib --> node_venv_lib_python3_12["python3.12"]\n    node_venv_lib_python3_12 --> node_venv_lib_python3_12_site-packages["site-packages"]\n    node_venv_lib_python3_12_site-packages --> node_venv_lib_python3_12_site-packages_PyQt6["PyQt6"]\n    node_venv_lib_python3_12_site-packages_PyQt6 --> node_venv_lib_python3_12_site-packages_PyQt6_py_typed["py.typed"]\n    Root --> node_venv["venv"]\n    node_venv --> node_venv_lib["lib"]\n    node_venv_lib --> node_venv_lib_python3_12["python3.12"]\n    node_venv_lib_python3_12 --> node_venv_lib_python3_12_site-packages["site-packages"]\n    node_venv_lib_python3_12_site-packages --> node_venv_lib_python3_12_site-packages_PyQt6["PyQt6"]\n    node_venv_lib_python3_12_site-packages_PyQt6 --> node_venv_lib_python3_12_site-packages_PyQt6_sip_cpython-312-darwin_so["sip.cpython-312-darwin.so"]\n    Root --> node_venv["venv"]\n    node_venv --> node_venv_lib["lib"]\n    node_venv_lib --> node_venv_lib_python3_12["python3.12"]\n    node_venv_lib_python3_12 --> node_venv_lib_python3_12_site-packages["site-packages"]\n    node_venv_lib_python3_12_site-packages --> node_venv_lib_python3_12_site-packages_PyQt6["PyQt6"]\n    node_venv_lib_python3_12_site-packages_PyQt6 --> node_venv_lib_python3_12_site-packages_PyQt6_sip_pyi["sip.pyi"]\n    Root --> node_venv["venv"]\n    node_venv --> node_venv_lib["lib"]\n    node_venv_lib --> node_venv_lib_python3_12["python3.12"]\n    node_venv_lib_python3_12 --> node_venv_lib_python3_12_site-packages["site-packages"]\n    node_venv_lib_python3_12_site-packages --> node_venv_lib_python3_12_site-packages_PyQt6["PyQt6"]\n    node_venv_lib_python3_12_site-packages_PyQt6 --> node_venv_lib_python3_12_site-packages_PyQt6_lupdate["lupdate"]\n    node_venv_lib_python3_12_site-packages_PyQt6_lupdate --> node_venv_lib_python3_12_site-packages_PyQt6_lupdate___init___py["__init__.py"]\n    Root --> node_venv["venv"]\n    node_venv --> node_venv_lib["lib"]\n    node_venv_lib --> node_venv_lib_python3_12["python3.12"]\n    node_venv_lib_python3_12 --> node_venv_lib_python3_12_site-packages["site-packages"]\n    node_venv_lib_python3_12_site-packages --> node_venv_lib_python3_12_site-packages_PyQt6["PyQt6"]\n    node_venv_lib_python3_12_site-packages_PyQt6 --> node_venv_lib_python3_12_site-packages_PyQt6_lupdate["lupdate"]\n    node_venv_lib_python3_12_site-packages_PyQt6_lupdate --> node_venv_lib_python3_12_site-packages_PyQt6_lupdate_designer_source_py["designer_source.py"]\n    Root --> node_venv["venv"]\n    node_venv --> node_venv_lib["lib"]\n    node_venv_lib --> node_venv_lib_python3_12["python3.12"]\n    node_venv_lib_python3_12 --> node_venv_lib_python3_12_site-packages["site-packages"]\n    node_venv_lib_python3_12_site-packages --> node_venv_lib_python3_12_site-packages_PyQt6["PyQt6"]\n    node_venv_lib_python3_12_site-packages_PyQt6 --> node_venv_lib_python3_12_site-packages_PyQt6_lupdate["lupdate"]\n    node_venv_lib_python3_12_site-packages_PyQt6_lupdate --> node_venv_lib_python3_12_site-packages_PyQt6_lupdate_lupdate_py["lupdate.py"]\n    Root --> node_venv["venv"]\n    node_venv --> node_venv_lib["lib"]\n    node_venv_lib --> node_venv_lib_python3_12["python3.12"]\n    node_venv_lib_python3_12 --> node_venv_lib_python3_12_site-packages["site-packages"]\n    node_venv_lib_python3_12_site-packages --> node_venv_lib_python3_12_site-packages_PyQt6["PyQt6"]\n    node_venv_lib_python3_12_site-packages_PyQt6 --> node_venv_lib_python3_12_site-packages_PyQt6_lupdate["lupdate"]\n    node_venv_lib_python3_12_site-packages_PyQt6_lupdate --> node_venv_lib_python3_12_site-packages_PyQt6_lupdate_pylupdate_py["pylupdate.py"]\n    Root --> node_venv["venv"]\n    node_venv --> node_venv_lib["lib"]\n    node_venv_lib --> node_venv_lib_python3_12["python3.12"]\n    node_venv_lib_python3_12 --> node_venv_lib_python3_12_site-packages["site-packages"]\n    node_venv_lib_python3_12_site-packages --> node_venv_lib_python3_12_site-packages_PyQt6["PyQt6"]\n    node_venv_lib_python3_12_site-packages_PyQt6 --> node_venv_lib_python3_12_site-packages_PyQt6_lupdate["lupdate"]\n    node_venv_lib_python3_12_site-packages_PyQt6_lupdate --> node_venv_lib_python3_12_site-packages_PyQt6_lupdate_python_source_py["python_source.py"]\n    Root --> node_venv["venv"]\n    node_venv --> node_venv_lib["lib"]\n    node_venv_lib --> node_venv_lib_python3_12["python3.12"]\n    node_venv_lib_python3_12 --> node_venv_lib_python3_12_site-packages["site-packages"]\n    node_venv_lib_python3_12_site-packages --> node_venv_lib_python3_12_site-packages_PyQt6["PyQt6"]\n    node_venv_lib_python3_12_site-packages_PyQt6 --> node_venv_lib_python3_12_site-packages_PyQt6_lupdate["lupdate"]\n    node_venv_lib_python3_12_site-packages_PyQt6_lupdate --> node_venv_lib_python3_12_site-packages_PyQt6_lupdate_source_file_py["source_file.py"]\n    Root --> node_venv["venv"]\n    node_venv --> node_venv_lib["lib"]\n    node_venv_lib --> node_venv_lib_python3_12["python3.12"]\n    node_venv_lib_python3_12 --> node_venv_lib_python3_12_site-packages["site-packages"]\n    node_venv_lib_python3_12_site-packages --> node_venv_lib_python3_12_site-packages_PyQt6["PyQt6"]\n    node_venv_lib_python3_12_site-packages_PyQt6 --> node_venv_lib_python3_12_site-packages_PyQt6_lupdate["lupdate"]\n    node_venv_lib_python3_12_site-packages_PyQt6_lupdate --> node_venv_lib_python3_12_site-packages_PyQt6_lupdate_translation_file_py["translation_file.py"]\n    Root --> node_venv["venv"]\n    node_venv --> node_venv_lib["lib"]\n    node_venv_lib --> node_venv_lib_python3_12["python3.12"]\n    node_venv_lib_python3_12 --> node_venv_lib_python3_12_site-packages["site-packages"]\n    node_venv_lib_python3_12_site-packages --> node_venv_lib_python3_12_site-packages_PyQt6["PyQt6"]\n    node_venv_lib_python3_12_site-packages_PyQt6 --> node_venv_lib_python3_12_site-packages_PyQt6_lupdate["lupdate"]\n    node_venv_lib_python3_12_site-packages_PyQt6_lupdate --> node_venv_lib_python3_12_site-packages_PyQt6_lupdate_translations_py["translations.py"]\n    Root --> node_venv["venv"]\n    node_venv --> node_venv_lib["lib"]\n    node_venv_lib --> node_venv_lib_python3_12["python3.12"]\n    node_venv_lib_python3_12 --> node_venv_lib_python3_12_site-packages["site-packages"]\n    node_venv_lib_python3_12_site-packages --> node_venv_lib_python3_12_site-packages_PyQt6["PyQt6"]\n    node_venv_lib_python3_12_site-packages_PyQt6 --> node_venv_lib_python3_12_site-packages_PyQt6_lupdate["lupdate"]\n    node_venv_lib_python3_12_site-packages_PyQt6_lupdate --> node_venv_lib_python3_12_site-packages_PyQt6_lupdate_user_py["user.py"]\n    Root --> node_venv["venv"]\n    node_venv --> node_venv_lib["lib"]\n    node_venv_lib --> node_venv_lib_python3_12["python3.12"]\n    node_venv_lib_python3_12 --> node_venv_lib_python3_12_site-packages["site-packages"]\n    node_venv_lib_python3_12_site-packages --> node_venv_lib_python3_12_site-packages_PyQt6["PyQt6"]\n    node_venv_lib_python3_12_site-packages_PyQt6 --> node_venv_lib_python3_12_site-packages_PyQt6_uic["uic"]\n    node_venv_lib_python3_12_site-packages_PyQt6_uic --> node_venv_lib_python3_12_site-packages_PyQt6_uic___init___py["__init__.py"]\n    Root --> node_venv["venv"]\n    node_venv --> node_venv_lib["lib"]\n    node_venv_lib --> node_venv_lib_python3_12["python3.12"]\n    node_venv_lib_python3_12 --> node_venv_lib_python3_12_site-packages["site-packages"]\n    node_venv_lib_python3_12_site-packages --> node_venv_lib_python3_12_site-packages_PyQt6["PyQt6"]\n    node_venv_lib_python3_12_site-packages_PyQt6 --> node_venv_lib_python3_12_site-packages_PyQt6_uic["uic"]\n    node_venv_lib_python3_12_site-packages_PyQt6_uic --> node_venv_lib_python3_12_site-packages_PyQt6_uic_compile_ui_py["compile_ui.py"]\n    Root --> node_venv["venv"]\n    node_venv --> node_venv_lib["lib"]\n    node_venv_lib --> node_venv_lib_python3_12["python3.12"]\n    node_venv_lib_python3_12 --> node_venv_lib_python3_12_site-packages["site-packages"]\n    node_venv_lib_python3_12_site-packages --> node_venv_lib_python3_12_site-packages_PyQt6["PyQt6"]\n    node_venv_lib_python3_12_site-packages_PyQt6 --> node_venv_lib_python3_12_site-packages_PyQt6_uic["uic"]\n    node_venv_lib_python3_12_site-packages_PyQt6_uic --> node_venv_lib_python3_12_site-packages_PyQt6_uic_enum_map_py["enum_map.py"]\n    Root --> node_venv["venv"]\n    node_venv --> node_venv_lib["lib"]\n    node_venv_lib --> node_venv_lib_python3_12["python3.12"]\n    node_venv_lib_python3_12 --> node_venv_lib_python3_12_site-packages["site-packages"]\n    node_venv_lib_python3_12_site-packages --> node_venv_lib_python3_12_site-packages_PyQt6["PyQt6"]\n    node_venv_lib_python3_12_site-packages_PyQt6 --> node_venv_lib_python3_12_site-packages_PyQt6_uic["uic"]\n    node_venv_lib_python3_12_site-packages_PyQt6_uic --> node_venv_lib_python3_12_site-packages_PyQt6_uic_exceptions_py["exceptions.py"]\n    Root --> node_venv["venv"]\n    node_venv --> node_venv_lib["lib"]\n    node_venv_lib --> node_venv_lib_python3_12["python3.12"]\n    node_venv_lib_python3_12 --> node_venv_lib_python3_12_site-packages["site-packages"]\n    node_venv_lib_python3_12_site-packages --> node_venv_lib_python3_12_site-packages_PyQt6["PyQt6"]\n    node_venv_lib_python3_12_site-packages_PyQt6 --> node_venv_lib_python3_12_site-packages_PyQt6_uic["uic"]\n    node_venv_lib_python3_12_site-packages_PyQt6_uic --> node_venv_lib_python3_12_site-packages_PyQt6_uic_icon_cache_py["icon_cache.py"]\n    Root --> node_venv["venv"]\n    node_venv --> node_venv_lib["lib"]\n    node_venv_lib --> node_venv_lib_python3_12["python3.12"]\n    node_venv_lib_python3_12 --> node_venv_lib_python3_12_site-packages["site-packages"]\n    node_venv_lib_python3_12_site-packages --> node_venv_lib_python3_12_site-packages_PyQt6["PyQt6"]\n    node_venv_lib_python3_12_site-packages_PyQt6 --> node_venv_lib_python3_12_site-packages_PyQt6_uic["uic"]\n    node_venv_lib_python3_12_site-packages_PyQt6_uic --> node_venv_lib_python3_12_site-packages_PyQt6_uic_load_ui_py["load_ui.py"]\n    Root --> node_venv["venv"]\n    node_venv --> node_venv_lib["lib"]\n    node_venv_lib --> node_venv_lib_python3_12["python3.12"]\n    node_venv_lib_python3_12 --> node_venv_lib_python3_12_site-packages["site-packages"]\n    node_venv_lib_python3_12_site-packages --> node_venv_lib_python3_12_site-packages_PyQt6["PyQt6"]\n    node_venv_lib_python3_12_site-packages_PyQt6 --> node_venv_lib_python3_12_site-packages_PyQt6_uic["uic"]\n    node_venv_lib_python3_12_site-packages_PyQt6_uic --> node_venv_lib_python3_12_site-packages_PyQt6_uic_objcreator_py["objcreator.py"]\n    Root --> node_venv["venv"]\n    node_venv --> node_venv_lib["lib"]\n    node_venv_lib --> node_venv_lib_python3_12["python3.12"]\n    node_venv_lib_python3_12 --> node_venv_lib_python3_12_site-packages["site-packages"]\n    node_venv_lib_python3_12_site-packages --> node_venv_lib_python3_12_site-packages_PyQt6["PyQt6"]\n    node_venv_lib_python3_12_site-packages_PyQt6 --> node_venv_lib_python3_12_site-packages_PyQt6_uic["uic"]\n    node_venv_lib_python3_12_site-packages_PyQt6_uic --> node_venv_lib_python3_12_site-packages_PyQt6_uic_properties_py["properties.py"]\n    Root --> node_venv["venv"]\n    node_venv --> node_venv_lib["lib"]\n    node_venv_lib --> node_venv_lib_python3_12["python3.12"]\n    node_venv_lib_python3_12 --> node_venv_lib_python3_12_site-packages["site-packages"]\n    node_venv_lib_python3_12_site-packages --> node_venv_lib_python3_12_site-packages_PyQt6["PyQt6"]\n    node_venv_lib_python3_12_site-packages_PyQt6 --> node_venv_lib_python3_12_site-packages_PyQt6_uic["uic"]\n    node_venv_lib_python3_12_site-packages_PyQt6_uic --> node_venv_lib_python3_12_site-packages_PyQt6_uic_pyuic_py["pyuic.py"]\n    Root --> node_venv["venv"]\n    node_venv --> node_venv_lib["lib"]\n    node_venv_lib --> node_venv_lib_python3_12["python3.12"]\n    node_venv_lib_python3_12 --> node_venv_lib_python3_12_site-packages["site-packages"]\n    node_venv_lib_python3_12_site-packages --> node_venv_lib_python3_12_site-packages_PyQt6["PyQt6"]\n    node_venv_lib_python3_12_site-packages_PyQt6 --> node_venv_lib_python3_12_site-packages_PyQt6_uic["uic"]\n    node_venv_lib_python3_12_site-packages_PyQt6_uic --> node_venv_lib_python3_12_site-packages_PyQt6_uic_ui_file_py["ui_file.py"]\n    Root --> node_venv["venv"]\n    node_venv --> node_venv_lib["lib"]\n    node_venv_lib --> node_venv_lib_python3_12["python3.12"]\n    node_venv_lib_python3_12 --> node_venv_lib_python3_12_site-packages["site-packages"]\n    node_venv_lib_python3_12_site-packages --> node_venv_lib_python3_12_site-packages_PyQt6["PyQt6"]\n    node_venv_lib_python3_12_site-packages_PyQt6 --> node_venv_lib_python3_12_site-packages_PyQt6_uic["uic"]\n    node_venv_lib_python3_12_site-packages_PyQt6_uic --> node_venv_lib_python3_12_site-packages_PyQt6_uic_uiparser_py["uiparser.py"]\n    Root --> node_venv["venv"]\n    node_venv --> node_venv_lib["lib"]\n    node_venv_lib --> node_venv_lib_python3_12["python3.12"]\n    node_venv_lib_python3_12 --> node_venv_lib_python3_12_site-packages["site-packages"]\n    node_venv_lib_python3_12_site-packages --> node_venv_lib_python3_12_site-packages_PyQt6["PyQt6"]\n    node_venv_lib_python3_12_site-packages_PyQt6 --> node_venv_lib_python3_12_site-packages_PyQt6_uic["uic"]\n    node_venv_lib_python3_12_site-packages_PyQt6_uic --> node_venv_lib_python3_12_site-packages_PyQt6_uic_widget-plugins["widget-plugins"]\n    node_venv_lib_python3_12_site-packages_PyQt6_uic_widget-plugins --> node_venv_lib_python3_12_site-packages_PyQt6_uic_widget-plugins_qaxcontainer_py["qaxcontainer.py"]\n    Root --> node_venv["venv"]\n    node_venv --> node_venv_lib["lib"]\n    node_venv_lib --> node_venv_lib_python3_12["python3.12"]\n    node_venv_lib_python3_12 --> node_venv_lib_python3_12_site-packages["site-packages"]\n    node_venv_lib_python3_12_site-packages --> node_venv_lib_python3_12_site-packages_PyQt6["PyQt6"]\n    node_venv_lib_python3_12_site-packages_PyQt6 --> node_venv_lib_python3_12_site-packages_PyQt6_uic["uic"]\n    node_venv_lib_python3_12_site-packages_PyQt6_uic --> node_venv_lib_python3_12_site-packages_PyQt6_uic_widget-plugins["widget-plugins"]\n    node_venv_lib_python3_12_site-packages_PyQt6_uic_widget-plugins --> node_venv_lib_python3_12_site-packages_PyQt6_uic_widget-plugins_qscintilla_py["qscintilla.py"]\n    Root --> node_venv["venv"]\n    node_venv --> node_venv_lib["lib"]\n    node_venv_lib --> node_venv_lib_python3_12["python3.12"]\n    node_venv_lib_python3_12 --> node_venv_lib_python3_12_site-packages["site-packages"]\n    node_venv_lib_python3_12_site-packages --> node_venv_lib_python3_12_site-packages_PyQt6["PyQt6"]\n    node_venv_lib_python3_12_site-packages_PyQt6 --> node_venv_lib_python3_12_site-packages_PyQt6_uic["uic"]\n    node_venv_lib_python3_12_site-packages_PyQt6_uic --> node_venv_lib_python3_12_site-packages_PyQt6_uic_widget-plugins["widget-plugins"]\n    node_venv_lib_python3_12_site-packages_PyQt6_uic_widget-plugins --> node_venv_lib_python3_12_site-packages_PyQt6_uic_widget-plugins_qtcharts_py["qtcharts.py"]\n    Root --> node_venv["venv"]\n    node_venv --> node_venv_lib["lib"]\n    node_venv_lib --> node_venv_lib_python3_12["python3.12"]\n    node_venv_lib_python3_12 --> node_venv_lib_python3_12_site-packages["site-packages"]\n    node_venv_lib_python3_12_site-packages --> node_venv_lib_python3_12_site-packages_PyQt6["PyQt6"]\n    node_venv_lib_python3_12_site-packages_PyQt6 --> node_venv_lib_python3_12_site-packages_PyQt6_uic["uic"]\n    node_venv_lib_python3_12_site-packages_PyQt6_uic --> node_venv_lib_python3_12_site-packages_PyQt6_uic_widget-plugins["widget-plugins"]\n    node_venv_lib_python3_12_site-packages_PyQt6_uic_widget-plugins --> node_venv_lib_python3_12_site-packages_PyQt6_uic_widget-plugins_qtopenglwidgets_py["qtopenglwidgets.py"]\n    Root --> node_venv["venv"]\n    node_venv --> node_venv_lib["lib"]\n    node_venv_lib --> node_venv_lib_python3_12["python3.12"]\n    node_venv_lib_python3_12 --> node_venv_lib_python3_12_site-packages["site-packages"]\n    node_venv_lib_python3_12_site-packages --> node_venv_lib_python3_12_site-packages_PyQt6["PyQt6"]\n    node_venv_lib_python3_12_site-packages_PyQt6 --> node_venv_lib_python3_12_site-packages_PyQt6_uic["uic"]\n    node_venv_lib_python3_12_site-packages_PyQt6_uic --> node_venv_lib_python3_12_site-packages_PyQt6_uic_widget-plugins["widget-plugins"]\n    node_venv_lib_python3_12_site-packages_PyQt6_uic_widget-plugins --> node_venv_lib_python3_12_site-packages_PyQt6_uic_widget-plugins_qtprintsupport_py["qtprintsupport.py"]\n    Root --> node_venv["venv"]\n    node_venv --> node_venv_lib["lib"]\n    node_venv_lib --> node_venv_lib_python3_12["python3.12"]\n    node_venv_lib_python3_12 --> node_venv_lib_python3_12_site-packages["site-packages"]\n    node_venv_lib_python3_12_site-packages --> node_venv_lib_python3_12_site-packages_PyQt6["PyQt6"]\n    node_venv_lib_python3_12_site-packages_PyQt6 --> node_venv_lib_python3_12_site-packages_PyQt6_uic["uic"]\n    node_venv_lib_python3_12_site-packages_PyQt6_uic --> node_venv_lib_python3_12_site-packages_PyQt6_uic_widget-plugins["widget-plugins"]\n    node_venv_lib_python3_12_site-packages_PyQt6_uic_widget-plugins --> node_venv_lib_python3_12_site-packages_PyQt6_uic_widget-plugins_qtquickwidgets_py["qtquickwidgets.py"]\n    Root --> node_venv["venv"]\n    node_venv --> node_venv_lib["lib"]\n    node_venv_lib --> node_venv_lib_python3_12["python3.12"]\n    node_venv_lib_python3_12 --> node_venv_lib_python3_12_site-packages["site-packages"]\n    node_venv_lib_python3_12_site-packages --> node_venv_lib_python3_12_site-packages_PyQt6["PyQt6"]\n    node_venv_lib_python3_12_site-packages_PyQt6 --> node_venv_lib_python3_12_site-packages_PyQt6_uic["uic"]\n    node_venv_lib_python3_12_site-packages_PyQt6_uic --> node_venv_lib_python3_12_site-packages_PyQt6_uic_widget-plugins["widget-plugins"]\n    node_venv_lib_python3_12_site-packages_PyQt6_uic_widget-plugins --> node_venv_lib_python3_12_site-packages_PyQt6_uic_widget-plugins_qtwebenginewidgets_py["qtwebenginewidgets.py"]\n    Root --> node_venv["venv"]\n    node_venv --> node_venv_lib["lib"]\n    node_venv_lib --> node_venv_lib_python3_12["python3.12"]\n    node_venv_lib_python3_12 --> node_venv_lib_python3_12_site-packages["site-packages"]\n    node_venv_lib_python3_12_site-packages --> node_venv_lib_python3_12_site-packages_PyQt6["PyQt6"]\n    node_venv_lib_python3_12_site-packages_PyQt6 --> node_venv_lib_python3_12_site-packages_PyQt6_uic["uic"]\n    node_venv_lib_python3_12_site-packages_PyQt6_uic --> node_venv_lib_python3_12_site-packages_PyQt6_uic_Loader["Loader"]\n    node_venv_lib_python3_12_site-packages_PyQt6_uic_Loader --> node_venv_lib_python3_12_site-packages_PyQt6_uic_Loader___init___py["__init__.py"]\n    Root --> node_venv["venv"]\n    node_venv --> node_venv_lib["lib"]\n    node_venv_lib --> node_venv_lib_python3_12["python3.12"]\n    node_venv_lib_python3_12 --> node_venv_lib_python3_12_site-packages["site-packages"]\n    node_venv_lib_python3_12_site-packages --> node_venv_lib_python3_12_site-packages_PyQt6["PyQt6"]\n    node_venv_lib_python3_12_site-packages_PyQt6 --> node_venv_lib_python3_12_site-packages_PyQt6_uic["uic"]\n    node_venv_lib_python3_12_site-packages_PyQt6_uic --> node_venv_lib_python3_12_site-packages_PyQt6_uic_Loader["Loader"]\n    node_venv_lib_python3_12_site-packages_PyQt6_uic_Loader --> node_venv_lib_python3_12_site-packages_PyQt6_uic_Loader_loader_py["loader.py"]\n    Root --> node_venv["venv"]\n    node_venv --> node_venv_lib["lib"]\n    node_venv_lib --> node_venv_lib_python3_12["python3.12"]\n    node_venv_lib_python3_12 --> node_venv_lib_python3_12_site-packages["site-packages"]\n    node_venv_lib_python3_12_site-packages --> node_venv_lib_python3_12_site-packages_PyQt6["PyQt6"]\n    node_venv_lib_python3_12_site-packages_PyQt6 --> node_venv_lib_python3_12_site-packages_PyQt6_uic["uic"]\n    node_venv_lib_python3_12_site-packages_PyQt6_uic --> node_venv_lib_python3_12_site-packages_PyQt6_uic_Loader["Loader"]\n    node_venv_lib_python3_12_site-packages_PyQt6_uic_Loader --> node_venv_lib_python3_12_site-packages_PyQt6_uic_Loader_qobjectcreator_py["qobjectcreator.py"]\n    Root --> node_venv["venv"]\n    node_venv --> node_venv_lib["lib"]\n    node_venv_lib --> node_venv_lib_python3_12["python3.12"]\n    node_venv_lib_python3_12 --> node_venv_lib_python3_12_site-packages["site-packages"]\n    node_venv_lib_python3_12_site-packages --> node_venv_lib_python3_12_site-packages_PyQt6["PyQt6"]\n    node_venv_lib_python3_12_site-packages_PyQt6 --> node_venv_lib_python3_12_site-packages_PyQt6_uic["uic"]\n    node_venv_lib_python3_12_site-packages_PyQt6_uic --> node_venv_lib_python3_12_site-packages_PyQt6_uic_Compiler["Compiler"]\n    node_venv_lib_python3_12_site-packages_PyQt6_uic_Compiler --> node_venv_lib_python3_12_site-packages_PyQt6_uic_Compiler___init___py["__init__.py"]\n    Root --> node_venv["venv"]\n    node_venv --> node_venv_lib["lib"]\n    node_venv_lib --> node_venv_lib_python3_12["python3.12"]\n    node_venv_lib_python3_12 --> node_venv_lib_python3_12_site-packages["site-packages"]\n    node_venv_lib_python3_12_site-packages --> node_venv_lib_python3_12_site-packages_PyQt6["PyQt6"]\n    node_venv_lib_python3_12_site-packages_PyQt6 --> node_venv_lib_python3_12_site-packages_PyQt6_uic["uic"]\n    node_venv_lib_python3_12_site-packages_PyQt6_uic --> node_venv_lib_python3_12_site-packages_PyQt6_uic_Compiler["Compiler"]\n    node_venv_lib_python3_12_site-packages_PyQt6_uic_Compiler --> node_venv_lib_python3_12_site-packages_PyQt6_uic_Compiler_as_string_py["as_string.py"]\n    Root --> node_venv["venv"]\n    node_venv --> node_venv_lib["lib"]\n    node_venv_lib --> node_venv_lib_python3_12["python3.12"]\n    node_venv_lib_python3_12 --> node_venv_lib_python3_12_site-packages["site-packages"]\n    node_venv_lib_python3_12_site-packages --> node_venv_lib_python3_12_site-packages_PyQt6["PyQt6"]\n    node_venv_lib_python3_12_site-packages_PyQt6 --> node_venv_lib_python3_12_site-packages_PyQt6_uic["uic"]\n    node_venv_lib_python3_12_site-packages_PyQt6_uic --> node_venv_lib_python3_12_site-packages_PyQt6_uic_Compiler["Compiler"]\n    node_venv_lib_python3_12_site-packages_PyQt6_uic_Compiler --> node_venv_lib_python3_12_site-packages_PyQt6_uic_Compiler_compiler_py["compiler.py"]\n    Root --> node_venv["venv"]\n    node_venv --> node_venv_lib["lib"]\n    node_venv_lib --> node_venv_lib_python3_12["python3.12"]\n    node_venv_lib_python3_12 --> node_venv_lib_python3_12_site-packages["site-packages"]\n    node_venv_lib_python3_12_site-packages --> node_venv_lib_python3_12_site-packages_PyQt6["PyQt6"]\n    node_venv_lib_python3_12_site-packages_PyQt6 --> node_venv_lib_python3_12_site-packages_PyQt6_uic["uic"]\n    node_venv_lib_python3_12_site-packages_PyQt6_uic --> node_venv_lib_python3_12_site-packages_PyQt6_uic_Compiler["Compiler"]\n    node_venv_lib_python3_12_site-packages_PyQt6_uic_Compiler --> node_venv_lib_python3_12_site-packages_PyQt6_uic_Compiler_indenter_py["indenter.py"]\n    Root --> node_venv["venv"]\n    node_venv --> node_venv_lib["lib"]\n    node_venv_lib --> node_venv_lib_python3_12["python3.12"]\n    node_venv_lib_python3_12 --> node_venv_lib_python3_12_site-packages["site-packages"]\n    node_venv_lib_python3_12_site-packages --> node_venv_lib_python3_12_site-packages_PyQt6["PyQt6"]\n    node_venv_lib_python3_12_site-packages_PyQt6 --> node_venv_lib_python3_12_site-packages_PyQt6_uic["uic"]\n    node_venv_lib_python3_12_site-packages_PyQt6_uic --> node_venv_lib_python3_12_site-packages_PyQt6_uic_Compiler["Compiler"]\n    node_venv_lib_python3_12_site-packages_PyQt6_uic_Compiler --> node_venv_lib_python3_12_site-packages_PyQt6_uic_Compiler_misc_py["misc.py"]\n    Root --> node_venv["venv"]\n    node_venv --> node_venv_lib["lib"]\n    node_venv_lib --> node_venv_lib_python3_12["python3.12"]\n    node_venv_lib_python3_12 --> node_venv_lib_python3_12_site-packages["site-packages"]\n    node_venv_lib_python3_12_site-packages --> node_venv_lib_python3_12_site-packages_PyQt6["PyQt6"]\n    node_venv_lib_python3_12_site-packages_PyQt6 --> node_venv_lib_python3_12_site-packages_PyQt6_uic["uic"]\n    node_venv_lib_python3_12_site-packages_PyQt6_uic --> node_venv_lib_python3_12_site-packages_PyQt6_uic_Compiler["Compiler"]\n    node_venv_lib_python3_12_site-packages_PyQt6_uic_Compiler --> node_venv_lib_python3_12_site-packages_PyQt6_uic_Compiler_proxy_metaclass_py["proxy_metaclass.py"]\n    Root --> node_venv["venv"]\n    node_venv --> node_venv_lib["lib"]\n    node_venv_lib --> node_venv_lib_python3_12["python3.12"]\n    node_venv_lib_python3_12 --> node_venv_lib_python3_12_site-packages["site-packages"]\n    node_venv_lib_python3_12_site-packages --> node_venv_lib_python3_12_site-packages_PyQt6["PyQt6"]\n    node_venv_lib_python3_12_site-packages_PyQt6 --> node_venv_lib_python3_12_site-packages_PyQt6_uic["uic"]\n    node_venv_lib_python3_12_site-packages_PyQt6_uic --> node_venv_lib_python3_12_site-packages_PyQt6_uic_Compiler["Compiler"]\n    node_venv_lib_python3_12_site-packages_PyQt6_uic_Compiler --> node_venv_lib_python3_12_site-packages_PyQt6_uic_Compiler_qobjectcreator_py["qobjectcreator.py"]\n    Root --> node_venv["venv"]\n    node_venv --> node_venv_lib["lib"]\n    node_venv_lib --> node_venv_lib_python3_12["python3.12"]\n    node_venv_lib_python3_12 --> node_venv_lib_python3_12_site-packages["site-packages"]\n    node_venv_lib_python3_12_site-packages --> node_venv_lib_python3_12_site-packages_PyQt6["PyQt6"]\n    node_venv_lib_python3_12_site-packages_PyQt6 --> node_venv_lib_python3_12_site-packages_PyQt6_uic["uic"]\n    node_venv_lib_python3_12_site-packages_PyQt6_uic --> node_venv_lib_python3_12_site-packages_PyQt6_uic_Compiler["Compiler"]\n    node_venv_lib_python3_12_site-packages_PyQt6_uic_Compiler --> node_venv_lib_python3_12_site-packages_PyQt6_uic_Compiler_qtproxies_py["qtproxies.py"]\n    Root --> node_venv["venv"]\n    node_venv --> node_venv_lib["lib"]\n    node_venv_lib --> node_venv_lib_python3_12["python3.12"]\n    node_venv_lib_python3_12 --> node_venv_lib_python3_12_site-packages["site-packages"]\n    node_venv_lib_python3_12_site-packages --> node_venv_lib_python3_12_site-packages_PyQt6["PyQt6"]\n    node_venv_lib_python3_12_site-packages_PyQt6 --> node_venv_lib_python3_12_site-packages_PyQt6_Qt6["Qt6"]\n    node_venv_lib_python3_12_site-packages_PyQt6_Qt6 --> node_venv_lib_python3_12_site-packages_PyQt6_Qt6_qml["qml"]\n    node_venv_lib_python3_12_site-packages_PyQt6_Qt6_qml --> node_venv_lib_python3_12_site-packages_PyQt6_Qt6_qml_QtWebSockets["QtWebSockets"]\n    node_venv_lib_python3_12_site-packages_PyQt6_Qt6_qml_QtWebSockets --> node_venv_lib_python3_12_site-packages_PyQt6_Qt6_qml_QtWebSockets_libqmlwebsocketsplugin_dylib["libqmlwebsocketsplugin.dylib"]\n    Root --> node_venv["venv"]\n    node_venv --> node_venv_lib["lib"]\n    node_venv_lib --> node_venv_lib_python3_12["python3.12"]\n    node_venv_lib_python3_12 --> node_venv_lib_python3_12_site-packages["site-packages"]\n    node_venv_lib_python3_12_site-packages --> node_venv_lib_python3_12_site-packages_PyQt6["PyQt6"]\n    node_venv_lib_python3_12_site-packages_PyQt6 --> node_venv_lib_python3_12_site-packages_PyQt6_Qt6["Qt6"]\n    node_venv_lib_python3_12_site-packages_PyQt6_Qt6 --> node_venv_lib_python3_12_site-packages_PyQt6_Qt6_qml["qml"]\n    node_venv_lib_python3_12_site-packages_PyQt6_Qt6_qml --> node_venv_lib_python3_12_site-packages_PyQt6_Qt6_qml_QtWebSockets["QtWebSockets"]\n    node_venv_lib_python3_12_site-packages_PyQt6_Qt6_qml_QtWebSockets --> node_venv_lib_python3_12_site-packages_PyQt6_Qt6_qml_QtWebSockets_plugins_qmltypes["plugins.qmltypes"]\n    Root --> node_venv["venv"]\n    node_venv --> node_venv_lib["lib"]\n    node_venv_lib --> node_venv_lib_python3_12["python3.12"]\n    node_venv_lib_python3_12 --> node_venv_lib_python3_12_site-packages["site-packages"]\n    node_venv_lib_python3_12_site-packages --> node_venv_lib_python3_12_site-packages_PyQt6["PyQt6"]\n    node_venv_lib_python3_12_site-packages_PyQt6 --> node_venv_lib_python3_12_site-packages_PyQt6_Qt6["Qt6"]\n    node_venv_lib_python3_12_site-packages_PyQt6_Qt6 --> node_venv_lib_python3_12_site-packages_PyQt6_Qt6_qml["qml"]\n    node_venv_lib_python3_12_site-packages_PyQt6_Qt6_qml --> node_venv_lib_python3_12_site-packages_PyQt6_Qt6_qml_QtWebSockets["QtWebSockets"]\n    node_venv_lib_python3_12_site-packages_PyQt6_Qt6_qml_QtWebSockets --> node_venv_lib_python3_12_site-packages_PyQt6_Qt6_qml_QtWebSockets_qmldir["qmldir"]\n    Root --> node_venv["venv"]\n    node_venv --> node_venv_lib["lib"]\n    node_venv_lib --> node_venv_lib_python3_12["python3.12"]\n    node_venv_lib_python3_12 --> node_venv_lib_python3_12_site-packages["site-packages"]\n    node_venv_lib_python3_12_site-packages --> node_venv_lib_python3_12_site-packages_PyQt6["PyQt6"]\n    node_venv_lib_python3_12_site-packages_PyQt6 --> node_venv_lib_python3_12_site-packages_PyQt6_Qt6["Qt6"]\n    node_venv_lib_python3_12_site-packages_PyQt6_Qt6 --> node_venv_lib_python3_12_site-packages_PyQt6_Qt6_qml["qml"]\n    node_venv_lib_python3_12_site-packages_PyQt6_Qt6_qml --> node_venv_lib_python3_12_site-packages_PyQt6_Qt6_qml_QtQml["QtQml"]\n    node_venv_lib_python3_12_site-packages_PyQt6_Qt6_qml_QtQml --> node_venv_lib_python3_12_site-packages_PyQt6_Qt6_qml_QtQml_libqmlplugin_dylib["libqmlplugin.dylib"]\n    Root --> node_venv["venv"]\n    node_venv --> node_venv_lib["lib"]\n    node_venv_lib --> node_venv_lib_python3_12["python3.12"]\n    node_venv_lib_python3_12 --> node_venv_lib_python3_12_site-packages["site-packages"]\n    node_venv_lib_python3_12_site-packages --> node_venv_lib_python3_12_site-packages_PyQt6["PyQt6"]\n    node_venv_lib_python3_12_site-packages_PyQt6 --> node_venv_lib_python3_12_site-packages_PyQt6_Qt6["Qt6"]\n    node_venv_lib_python3_12_site-packages_PyQt6_Qt6 --> node_venv_lib_python3_12_site-packages_PyQt6_Qt6_qml["qml"]\n    node_venv_lib_python3_12_site-packages_PyQt6_Qt6_qml --> node_venv_lib_python3_12_site-packages_PyQt6_Qt6_qml_QtQml["QtQml"]\n    node_venv_lib_python3_12_site-packages_PyQt6_Qt6_qml_QtQml --> node_venv_lib_python3_12_site-packages_PyQt6_Qt6_qml_QtQml_plugins_qmltypes["plugins.qmltypes"]\n    Root --> node_venv["venv"]\n    node_venv --> node_venv_lib["lib"]\n    node_venv_lib --> node_venv_lib_python3_12["python3.12"]\n    node_venv_lib_python3_12 --> node_venv_lib_python3_12_site-packages["site-packages"]\n    node_venv_lib_python3_12_site-packages --> node_venv_lib_python3_12_site-packages_PyQt6["PyQt6"]\n    node_venv_lib_python3_12_site-packages_PyQt6 --> node_venv_lib_python3_12_site-packages_PyQt6_Qt6["Qt6"]\n    node_venv_lib_python3_12_site-packages_PyQt6_Qt6 --> node_venv_lib_python3_12_site-packages_PyQt6_Qt6_qml["qml"]\n    node_venv_lib_python3_12_site-packages_PyQt6_Qt6_qml --> node_venv_lib_python3_12_site-packages_PyQt6_Qt6_qml_QtQml["QtQml"]\n    node_venv_lib_python3_12_site-packages_PyQt6_Qt6_qml_QtQml --> node_venv_lib_python3_12_site-packages_PyQt6_Qt6_qml_QtQml_qmldir["qmldir"]\n    Root --> node_venv["venv"]\n    node_venv --> node_venv_lib["lib"]\n    node_venv_lib --> node_venv_lib_python3_12["python3.12"]\n    node_venv_lib_python3_12 --> node_venv_lib_python3_12_site-packages["site-packages"]\n    node_venv_lib_python3_12_site-packages --> node_venv_lib_python3_12_site-packages_PyQt6["PyQt6"]\n    node_venv_lib_python3_12_site-packages_PyQt6 --> node_venv_lib_python3_12_site-packages_PyQt6_Qt6["Qt6"]\n    node_venv_lib_python3_12_site-packages_PyQt6_Qt6 --> node_venv_lib_python3_12_site-packages_PyQt6_Qt6_qml["qml"]\n    node_venv_lib_python3_12_site-packages_PyQt6_Qt6_qml --> node_venv_lib_python3_12_site-packages_PyQt6_Qt6_qml_QtQml["QtQml"]\n    node_venv_lib_python3_12_site-packages_PyQt6_Qt6_qml_QtQml --> node_venv_lib_python3_12_site-packages_PyQt6_Qt6_qml_QtQml_StateMachine["StateMachine"]\n    node_venv_lib_python3_12_site-packages_PyQt6_Qt6_qml_QtQml_StateMachine --> node_venv_lib_python3_12_site-packages_PyQt6_Qt6_qml_QtQml_StateMachine_libqtqmlstatemachineplugin_dylib["libqtqmlstatemachineplugin.dylib"]\n    Root --> node_venv["venv"]\n    node_venv --> node_venv_lib["lib"]\n    node_venv_lib --> node_venv_lib_python3_12["python3.12"]\n    node_venv_lib_python3_12 --> node_venv_lib_python3_12_site-packages["site-packages"]\n    node_venv_lib_python3_12_site-packages --> node_venv_lib_python3_12_site-packages_PyQt6["PyQt6"]\n    node_venv_lib_python3_12_site-packages_PyQt6 --> node_venv_lib_python3_12_site-packages_PyQt6_Qt6["Qt6"]\n    node_venv_lib_python3_12_site-packages_PyQt6_Qt6 --> node_venv_lib_python3_12_site-packages_PyQt6_Qt6_qml["qml"]\n    node_venv_lib_python3_12_site-packages_PyQt6_Qt6_qml --> node_venv_lib_python3_12_site-packages_PyQt6_Qt6_qml_QtQml["QtQml"]\n    node_venv_lib_python3_12_site-packages_PyQt6_Qt6_qml_QtQml --> node_venv_lib_python3_12_site-packages_PyQt6_Qt6_qml_QtQml_StateMachine["StateMachine"]\n    node_venv_lib_python3_12_site-packages_PyQt6_Qt6_qml_QtQml_StateMachine --> node_venv_lib_python3_12_site-packages_PyQt6_Qt6_qml_QtQml_StateMachine_plugins_qmltypes["plugins.qmltypes"]\n    Root --> node_venv["venv"]\n    node_venv --> node_venv_lib["lib"]\n    node_venv_lib --> node_venv_lib_python3_12["python3.12"]\n    node_venv_lib_python3_12 --> node_venv_lib_python3_12_site-packages["site-packages"]\n    node_venv_lib_python3_12_site-packages --> node_venv_lib_python3_12_site-packages_PyQt6["PyQt6"]\n    node_venv_lib_python3_12_site-packages_PyQt6 --> node_venv_lib_python3_12_site-packages_PyQt6_Qt6["Qt6"]\n    node_venv_lib_python3_12_site-packages_PyQt6_Qt6 --> node_venv_lib_python3_12_site-packages_PyQt6_Qt6_qml["qml"]\n    node_venv_lib_python3_12_site-packages_PyQt6_Qt6_qml --> node_venv_lib_python3_12_site-packages_PyQt6_Qt6_qml_QtQml["QtQml"]\n    node_venv_lib_python3_12_site-packages_PyQt6_Qt6_qml_QtQml --> node_venv_lib_python3_12_site-packages_PyQt6_Qt6_qml_QtQml_StateMachine["StateMachine"]\n    node_venv_lib_python3_12_site-packages_PyQt6_Qt6_qml_QtQml_StateMachine --> node_venv_lib_python3_12_site-packages_PyQt6_Qt6_qml_QtQml_StateMachine_qmldir["qmldir"]\n    Root --> node_venv["venv"]\n    node_venv --> node_venv_lib["lib"]\n    node_venv_lib --> node_venv_lib_python3_12["python3.12"]\n    node_venv_lib_python3_12 --> node_venv_lib_python3_12_site-packages["site-packages"]\n    node_venv_lib_python3_12_site-packages --> node_venv_lib_python3_12_site-packages_PyQt6["PyQt6"]\n    node_venv_lib_python3_12_site-packages_PyQt6 --> node_venv_lib_python3_12_site-packages_PyQt6_Qt6["Qt6"]\n    node_venv_lib_python3_12_site-packages_PyQt6_Qt6 --> node_venv_lib_python3_12_site-packages_PyQt6_Qt6_qml["qml"]\n    node_venv_lib_python3_12_site-packages_PyQt6_Qt6_qml --> node_venv_lib_python3_12_site-packages_PyQt6_Qt6_qml_QtQml["QtQml"]\n    node_venv_lib_python3_12_site-packages_PyQt6_Qt6_qml_QtQml --> node_venv_lib_python3_12_site-packages_PyQt6_Qt6_qml_QtQml_Models["Models"]\n    node_venv_lib_python3_12_site-packages_PyQt6_Qt6_qml_QtQml_Models --> node_venv_lib_python3_12_site-packages_PyQt6_Qt6_qml_QtQml_Models_libmodelsplugin_dylib["libmodelsplugin.dylib"]\n    Root --> node_venv["venv"]\n    node_venv --> node_venv_lib["lib"]\n    node_venv_lib --> node_venv_lib_python3_12["python3.12"]\n    node_venv_lib_python3_12 --> node_venv_lib_python3_12_site-packages["site-packages"]\n    node_venv_lib_python3_12_site-packages --> node_venv_lib_python3_12_site-packages_PyQt6["PyQt6"]\n    node_venv_lib_python3_12_site-packages_PyQt6 --> node_venv_lib_python3_12_site-packages_PyQt6_Qt6["Qt6"]\n    node_venv_lib_python3_12_site-packages_PyQt6_Qt6 --> node_venv_lib_python3_12_site-packages_PyQt6_Qt6_qml["qml"]\n    node_venv_lib_python3_12_site-packages_PyQt6_Qt6_qml --> node_venv_lib_python3_12_site-packages_PyQt6_Qt6_qml_QtQml["QtQml"]\n    node_venv_lib_python3_12_site-packages_PyQt6_Qt6_qml_QtQml --> node_venv_lib_python3_12_site-packages_PyQt6_Qt6_qml_QtQml_Models["Models"]\n    node_venv_lib_python3_12_site-packages_PyQt6_Qt6_qml_QtQml_Models --> node_venv_lib_python3_12_site-packages_PyQt6_Qt6_qml_QtQml_Models_plugins_qmltypes["plugins.qmltypes"]\n    Root --> node_venv["venv"]\n    node_venv --> node_venv_lib["lib"]\n    node_venv_lib --> node_venv_lib_python3_12["python3.12"]\n    node_venv_lib_python3_12 --> node_venv_lib_python3_12_site-packages["site-packages"]\n    node_venv_lib_python3_12_site-packages --> node_venv_lib_python3_12_site-packages_PyQt6["PyQt6"]\n    node_venv_lib_python3_12_site-packages_PyQt6 --> node_venv_lib_python3_12_site-packages_PyQt6_Qt6["Qt6"]\n    node_venv_lib_python3_12_site-packages_PyQt6_Qt6 --> node_venv_lib_python3_12_site-packages_PyQt6_Qt6_qml["qml"]\n    node_venv_lib_python3_12_site-packages_PyQt6_Qt6_qml --> node_venv_lib_python3_12_site-packages_PyQt6_Qt6_qml_QtQml["QtQml"]\n    node_venv_lib_python3_12_site-packages_PyQt6_Qt6_qml_QtQml --> node_venv_lib_python3_12_site-packages_PyQt6_Qt6_qml_QtQml_Models["Models"]\n    node_venv_lib_python3_12_site-packages_PyQt6_Qt6_qml_QtQml_Models --> node_venv_lib_python3_12_site-packages_PyQt6_Qt6_qml_QtQml_Models_qmldir["qmldir"]\n    Root --> node_venv["venv"]\n    node_venv --> node_venv_lib["lib"]\n    node_venv_lib --> node_venv_lib_python3_12["python3.12"]\n    node_venv_lib_python3_12 --> node_venv_lib_python3_12_site-packages["site-packages"]\n    node_venv_lib_python3_12_site-packages --> node_venv_lib_python3_12_site-packages_PyQt6["PyQt6"]\n    node_venv_lib_python3_12_site-packages_PyQt6 --> node_venv_lib_python3_12_site-packages_PyQt6_Qt6["Qt6"]\n    node_venv_lib_python3_12_site-packages_PyQt6_Qt6 --> node_venv_lib_python3_12_site-packages_PyQt6_Qt6_qml["qml"]\n    node_venv_lib_python3_12_site-packages_PyQt6_Qt6_qml --> node_venv_lib_python3_12_site-packages_PyQt6_Qt6_qml_QtQml["QtQml"]\n    node_venv_lib_python3_12_site-packages_PyQt6_Qt6_qml_QtQml --> node_venv_lib_python3_12_site-packages_PyQt6_Qt6_qml_QtQml_WorkerScript["WorkerScript"]\n    node_venv_lib_python3_12_site-packages_PyQt6_Qt6_qml_QtQml_WorkerScript --> node_venv_lib_python3_12_site-packages_PyQt6_Qt6_qml_QtQml_WorkerScript_libworkerscriptplugin_dylib["libworkerscriptplugin.dylib"]\n    Root --> node_venv["venv"]\n    node_venv --> node_venv_lib["lib"]\n    node_venv_lib --> node_venv_lib_python3_12["python3.12"]\n    node_venv_lib_python3_12 --> node_venv_lib_python3_12_site-packages["site-packages"]\n    node_venv_lib_python3_12_site-packages --> node_venv_lib_python3_12_site-packages_PyQt6["PyQt6"]\n    node_venv_lib_python3_12_site-packages_PyQt6 --> node_venv_lib_python3_12_site-packages_PyQt6_Qt6["Qt6"]\n    node_venv_lib_python3_12_site-packages_PyQt6_Qt6 --> node_venv_lib_python3_12_site-packages_PyQt6_Qt6_qml["qml"]\n    node_venv_lib_python3_12_site-packages_PyQt6_Qt6_qml --> node_venv_lib_python3_12_site-packages_PyQt6_Qt6_qml_QtQml["QtQml"]\n    node_venv_lib_python3_12_site-packages_PyQt6_Qt6_qml_QtQml --> node_venv_lib_python3_12_site-packages_PyQt6_Qt6_qml_QtQml_WorkerScript["WorkerScript"]\n    node_venv_lib_python3_12_site-packages_PyQt6_Qt6_qml_QtQml_WorkerScript --> node_venv_lib_python3_12_site-packages_PyQt6_Qt6_qml_QtQml_WorkerScript_plugins_qmltypes["plugins.qmltypes"]\n    Root --> node_venv["venv"]\n    node_venv --> node_venv_lib["lib"]\n    node_venv_lib --> node_venv_lib_python3_12["python3.12"]\n    node_venv_lib_python3_12 --> node_venv_lib_python3_12_site-packages["site-packages"]\n    node_venv_lib_python3_12_site-packages --> node_venv_lib_python3_12_site-packages_PyQt6["PyQt6"]\n    node_venv_lib_python3_12_site-packages_PyQt6 --> node_venv_lib_python3_12_site-packages_PyQt6_Qt6["Qt6"]\n    node_venv_lib_python3_12_site-packages_PyQt6_Qt6 --> node_venv_lib_python3_12_site-packages_PyQt6_Qt6_qml["qml"]\n    node_venv_lib_python3_12_site-packages_PyQt6_Qt6_qml --> node_venv_lib_python3_12_site-packages_PyQt6_Qt6_qml_QtQml["QtQml"]\n    node_venv_lib_python3_12_site-packages_PyQt6_Qt6_qml_QtQml --> node_venv_lib_python3_12_site-packages_PyQt6_Qt6_qml_QtQml_WorkerScript["WorkerScript"]\n    node_venv_lib_python3_12_site-packages_PyQt6_Qt6_qml_QtQml_WorkerScript --> node_venv_lib_python3_12_site-packages_PyQt6_Qt6_qml_QtQml_WorkerScript_qmldir["qmldir"]\n    Root --> node_venv["venv"]\n    node_venv --> node_venv_lib["lib"]\n    node_venv_lib --> node_venv_lib_python3_12["python3.12"]\n    node_venv_lib_python3_12 --> node_venv_lib_python3_12_site-packages["site-packages"]\n    node_venv_lib_python3_12_site-packages --> node_venv_lib_python3_12_site-packages_PyQt6["PyQt6"]\n    node_venv_lib_python3_12_site-packages_PyQt6 --> node_venv_lib_python3_12_site-packages_PyQt6_Qt6["Qt6"]\n    node_venv_lib_python3_12_site-packages_PyQt6_Qt6 --> node_venv_lib_python3_12_site-packages_PyQt6_Qt6_qml["qml"]\n    node_venv_lib_python3_12_site-packages_PyQt6_Qt6_qml --> node_venv_lib_python3_12_site-packages_PyQt6_Qt6_qml_QtQml["QtQml"]\n    node_venv_lib_python3_12_site-packages_PyQt6_Qt6_qml_QtQml --> node_venv_lib_python3_12_site-packages_PyQt6_Qt6_qml_QtQml_XmlListModel["XmlListModel"]\n    node_venv_lib_python3_12_site-packages_PyQt6_Qt6_qml_QtQml_XmlListModel --> node_venv_lib_python3_12_site-packages_PyQt6_Qt6_qml_QtQml_XmlListModel_libqmlxmllistmodelplugin_dylib["libqmlxmllistmodelplugin.dylib"]\n    Root --> node_venv["venv"]\n    node_venv --> node_venv_lib["lib"]\n    node_venv_lib --> node_venv_lib_python3_12["python3.12"]\n    node_venv_lib_python3_12 --> node_venv_lib_python3_12_site-packages["site-packages"]\n    node_venv_lib_python3_12_site-packages --> node_venv_lib_python3_12_site-packages_PyQt6["PyQt6"]\n    node_venv_lib_python3_12_site-packages_PyQt6 --> node_venv_lib_python3_12_site-packages_PyQt6_Qt6["Qt6"]\n    node_venv_lib_python3_12_site-packages_PyQt6_Qt6 --> node_venv_lib_python3_12_site-packages_PyQt6_Qt6_qml["qml"]\n    node_venv_lib_python3_12_site-packages_PyQt6_Qt6_qml --> node_venv_lib_python3_12_site-packages_PyQt6_Qt6_qml_QtQml["QtQml"]\n    node_venv_lib_python3_12_site-packages_PyQt6_Qt6_qml_QtQml --> node_venv_lib_python3_12_site-packages_PyQt6_Qt6_qml_QtQml_XmlListModel["XmlListModel"]\n    node_venv_lib_python3_12_site-packages_PyQt6_Qt6_qml_QtQml_XmlListModel --> node_venv_lib_python3_12_site-packages_PyQt6_Qt6_qml_QtQml_XmlListModel_plugins_qmltypes["plugins.qmltypes"]\n    Root --> node_venv["venv"]\n    node_venv --> node_venv_lib["lib"]\n    node_venv_lib --> node_venv_lib_python3_12["python3.12"]\n    node_venv_lib_python3_12 --> node_venv_lib_python3_12_site-packages["site-packages"]\n    node_venv_lib_python3_12_site-packages --> node_venv_lib_python3_12_site-packages_PyQt6["PyQt6"]\n    node_venv_lib_python3_12_site-packages_PyQt6 --> node_venv_lib_python3_12_site-packages_PyQt6_Qt6["Qt6"]\n    node_venv_lib_python3_12_site-packages_PyQt6_Qt6 --> node_venv_lib_python3_12_site-packages_PyQt6_Qt6_qml["qml"]\n    node_venv_lib_python3_12_site-packages_PyQt6_Qt6_qml --> node_venv_lib_python3_12_site-packages_PyQt6_Qt6_qml_QtQml["QtQml"]\n    node_venv_lib_python3_12_site-packages_PyQt6_Qt6_qml_QtQml --> node_venv_lib_python3_12_site-packages_PyQt6_Qt6_qml_QtQml_XmlListModel["XmlListModel"]\n    node_venv_lib_python3_12_site-packages_PyQt6_Qt6_qml_QtQml_XmlListModel --> node_venv_lib_python3_12_site-packages_PyQt6_Qt6_qml_QtQml_XmlListModel_qmldir["qmldir"]\n    Root --> node_venv["venv"]\n    node_venv --> node_venv_lib["lib"]\n    node_venv_lib --> node_venv_lib_python3_12["python3.12"]\n    node_venv_lib_python3_12 --> node_venv_lib_python3_12_site-packages["site-packages"]\n    node_venv_lib_python3_12_site-packages --> node_venv_lib_python3_12_site-packages_PyQt6["PyQt6"]\n    node_venv_lib_python3_12_site-packages_PyQt6 --> node_venv_lib_python3_12_site-packages_PyQt6_Qt6["Qt6"]\n    node_venv_lib_python3_12_site-packages_PyQt6_Qt6 --> node_venv_lib_python3_12_site-packages_PyQt6_Qt6_qml["qml"]\n    node_venv_lib_python3_12_site-packages_PyQt6_Qt6_qml --> node_venv_lib_python3_12_site-packages_PyQt6_Qt6_qml_QtNetwork["QtNetwork"]\n    node_venv_lib_python3_12_site-packages_PyQt6_Qt6_qml_QtNetwork --> node_venv_lib_python3_12_site-packages_PyQt6_Qt6_qml_QtNetwork_libqmlnetworkplugin_dylib["libqmlnetworkplugin.dylib"]\n    Root --> node_venv["venv"]\n    node_venv --> node_venv_lib["lib"]\n    node_venv_lib --> node_venv_lib_python3_12["python3.12"]\n    node_venv_lib_python3_12 --> node_venv_lib_python3_12_site-packages["site-packages"]\n    node_venv_lib_python3_12_site-packages --> node_venv_lib_python3_12_site-packages_PyQt6["PyQt6"]\n    node_venv_lib_python3_12_site-packages_PyQt6 --> node_venv_lib_python3_12_site-packages_PyQt6_Qt6["Qt6"]\n    node_venv_lib_python3_12_site-packages_PyQt6_Qt6 --> node_venv_lib_python3_12_site-packages_PyQt6_Qt6_qml["qml"]\n    node_venv_lib_python3_12_site-packages_PyQt6_Qt6_qml --> node_venv_lib_python3_12_site-packages_PyQt6_Qt6_qml_QtNetwork["QtNetwork"]\n    node_venv_lib_python3_12_site-packages_PyQt6_Qt6_qml_QtNetwork --> node_venv_lib_python3_12_site-packages_PyQt6_Qt6_qml_QtNetwork_plugins_qmltypes["plugins.qmltypes"]\n    Root --> node_venv["venv"]\n    node_venv --> node_venv_lib["lib"]\n    node_venv_lib --> node_venv_lib_python3_12["python3.12"]\n    node_venv_lib_python3_12 --> node_venv_lib_python3_12_site-packages["site-packages"]\n    node_venv_lib_python3_12_site-packages --> node_venv_lib_python3_12_site-packages_PyQt6["PyQt6"]\n    node_venv_lib_python3_12_site-packages_PyQt6 --> node_venv_lib_python3_12_site-packages_PyQt6_Qt6["Qt6"]\n    node_venv_lib_python3_12_site-packages_PyQt6_Qt6 --> node_venv_lib_python3_12_site-packages_PyQt6_Qt6_qml["qml"]\n    node_venv_lib_python3_12_site-packages_PyQt6_Qt6_qml --> node_venv_lib_python3_12_site-packages_PyQt6_Qt6_qml_QtNetwork["QtNetwork"]\n    node_venv_lib_python3_12_site-packages_PyQt6_Qt6_qml_QtNetwork --> node_venv_lib_python3_12_site-packages_PyQt6_Qt6_qml_QtNetwork_qmldir["qmldir"]\n    Root --> node_venv["venv"]\n    node_venv --> node_venv_lib["lib"]\n    node_venv_lib --> node_venv_lib_python3_12["python3.12"]\n    node_venv_lib_python3_12 --> node_venv_lib_python3_12_site-packages["site-packages"]\n    node_venv_lib_python3_12_site-packages --> node_venv_lib_python3_12_site-packages_PyQt6["PyQt6"]\n    node_venv_lib_python3_12_site-packages_PyQt6 --> node_venv_lib_python3_12_site-packages_PyQt6_Qt6["Qt6"]\n    node_venv_lib_python3_12_site-packages_PyQt6_Qt6 --> node_venv_lib_python3_12_site-packages_PyQt6_Qt6_qml["qml"]\n    node_venv_lib_python3_12_site-packages_PyQt6_Qt6_qml --> node_venv_lib_python3_12_site-packages_PyQt6_Qt6_qml_QtQuick3D["QtQuick3D"]\n    node_venv_lib_python3_12_site-packages_PyQt6_Qt6_qml_QtQuick3D --> node_venv_lib_python3_12_site-packages_PyQt6_Qt6_qml_QtQuick3D_LightmapperOutputWindow_qml["LightmapperOutputWindow.qml"]\n    Root --> node_venv["venv"]\n    node_venv --> node_venv_lib["lib"]\n    node_venv_lib --> node_venv_lib_python3_12["python3.12"]\n    node_venv_lib_python3_12 --> node_venv_lib_python3_12_site-packages["site-packages"]\n    node_venv_lib_python3_12_site-packages --> node_venv_lib_python3_12_site-packages_PyQt6["PyQt6"]\n    node_venv_lib_python3_12_site-packages_PyQt6 --> node_venv_lib_python3_12_site-packages_PyQt6_Qt6["Qt6"]\n    node_venv_lib_python3_12_site-packages_PyQt6_Qt6 --> node_venv_lib_python3_12_site-packages_PyQt6_Qt6_qml["qml"]\n    node_venv_lib_python3_12_site-packages_PyQt6_Qt6_qml --> node_venv_lib_python3_12_site-packages_PyQt6_Qt6_qml_QtQuick3D["QtQuick3D"]\n    node_venv_lib_python3_12_site-packages_PyQt6_Qt6_qml_QtQuick3D --> node_venv_lib_python3_12_site-packages_PyQt6_Qt6_qml_QtQuick3D_Quick3D_qmltypes["Quick3D.qmltypes"]\n    Root --> node_venv["venv"]\n    node_venv --> node_venv_lib["lib"]\n    node_venv_lib --> node_venv_lib_python3_12["python3.12"]\n    node_venv_lib_python3_12 --> node_venv_lib_python3_12_site-packages["site-packages"]\n    node_venv_lib_python3_12_site-packages --> node_venv_lib_python3_12_site-packages_PyQt6["PyQt6"]\n    node_venv_lib_python3_12_site-packages_PyQt6 --> node_venv_lib_python3_12_site-packages_PyQt6_Qt6["Qt6"]\n    node_venv_lib_python3_12_site-packages_PyQt6_Qt6 --> node_venv_lib_python3_12_site-packages_PyQt6_Qt6_qml["qml"]\n    node_venv_lib_python3_12_site-packages_PyQt6_Qt6_qml --> node_venv_lib_python3_12_site-packages_PyQt6_Qt6_qml_QtQuick3D["QtQuick3D"]\n    node_venv_lib_python3_12_site-packages_PyQt6_Qt6_qml_QtQuick3D --> node_venv_lib_python3_12_site-packages_PyQt6_Qt6_qml_QtQuick3D_libqquick3dplugin_dylib["libqquick3dplugin.dylib"]\n    Root --> node_venv["venv"]\n    node_venv --> node_venv_lib["lib"]\n    node_venv_lib --> node_venv_lib_python3_12["python3.12"]\n    node_venv_lib_python3_12 --> node_venv_lib_python3_12_site-packages["site-packages"]\n    node_venv_lib_python3_12_site-packages --> node_venv_lib_python3_12_site-packages_PyQt6["PyQt6"]\n    node_venv_lib_python3_12_site-packages_PyQt6 --> node_venv_lib_python3_12_site-packages_PyQt6_Qt6["Qt6"]\n    node_venv_lib_python3_12_site-packages_PyQt6_Qt6 --> node_venv_lib_python3_12_site-packages_PyQt6_Qt6_qml["qml"]\n    node_venv_lib_python3_12_site-packages_PyQt6_Qt6_qml --> node_venv_lib_python3_12_site-packages_PyQt6_Qt6_qml_QtQuick3D["QtQuick3D"]\n    node_venv_lib_python3_12_site-packages_PyQt6_Qt6_qml_QtQuick3D --> node_venv_lib_python3_12_site-packages_PyQt6_Qt6_qml_QtQuick3D_qmldir["qmldir"]\n    Root --> node_venv["venv"]\n    node_venv --> node_venv_lib["lib"]\n    node_venv_lib --> node_venv_lib_python3_12["python3.12"]\n    node_venv_lib_python3_12 --> node_venv_lib_python3_12_site-packages["site-packages"]\n    node_venv_lib_python3_12_site-packages --> node_venv_lib_python3_12_site-packages_PyQt6["PyQt6"]\n    node_venv_lib_python3_12_site-packages_PyQt6 --> node_venv_lib_python3_12_site-packages_PyQt6_Qt6["Qt6"]\n    node_venv_lib_python3_12_site-packages_PyQt6_Qt6 --> node_venv_lib_python3_12_site-packages_PyQt6_Qt6_qml["qml"]\n    node_venv_lib_python3_12_site-packages_PyQt6_Qt6_qml --> node_venv_lib_python3_12_site-packages_PyQt6_Qt6_qml_QtQuick3D["QtQuick3D"]\n    node_venv_lib_python3_12_site-packages_PyQt6_Qt6_qml_QtQuick3D --> node_venv_lib_python3_12_site-packages_PyQt6_Qt6_qml_QtQuick3D_lightmapviewer["lightmapviewer"]\n    node_venv_lib_python3_12_site-packages_PyQt6_Qt6_qml_QtQuick3D_lightmapviewer --> node_venv_lib_python3_12_site-packages_PyQt6_Qt6_qml_QtQuick3D_lightmapviewer_LightmapViewer_qml["LightmapViewer.qml"]\n    Root --> node_venv["venv"]\n    node_venv --> node_venv_lib["lib"]\n    node_venv_lib --> node_venv_lib_python3_12["python3.12"]\n    node_venv_lib_python3_12 --> node_venv_lib_python3_12_site-packages["site-packages"]\n    node_venv_lib_python3_12_site-packages --> node_venv_lib_python3_12_site-packages_PyQt6["PyQt6"]\n    node_venv_lib_python3_12_site-packages_PyQt6 --> node_venv_lib_python3_12_site-packages_PyQt6_Qt6["Qt6"]\n    node_venv_lib_python3_12_site-packages_PyQt6_Qt6 --> node_venv_lib_python3_12_site-packages_PyQt6_Qt6_qml["qml"]\n    node_venv_lib_python3_12_site-packages_PyQt6_Qt6_qml --> node_venv_lib_python3_12_site-packages_PyQt6_Qt6_qml_QtQuick3D["QtQuick3D"]\n    node_venv_lib_python3_12_site-packages_PyQt6_Qt6_qml_QtQuick3D --> node_venv_lib_python3_12_site-packages_PyQt6_Qt6_qml_QtQuick3D_lightmapviewer["lightmapviewer"]\n    node_venv_lib_python3_12_site-packages_PyQt6_Qt6_qml_QtQuick3D_lightmapviewer --> node_venv_lib_python3_12_site-packages_PyQt6_Qt6_qml_QtQuick3D_lightmapviewer_lightmapviewer_qmltypes["lightmapviewer.qmltypes"]\n    Root --> node_venv["venv"]\n    node_venv --> node_venv_lib["lib"]\n    node_venv_lib --> node_venv_lib_python3_12["python3.12"]\n    node_venv_lib_python3_12 --> node_venv_lib_python3_12_site-packages["site-packages"]\n    node_venv_lib_python3_12_site-packages --> node_venv_lib_python3_12_site-packages_PyQt6["PyQt6"]\n    node_venv_lib_python3_12_site-packages_PyQt6 --> node_venv_lib_python3_12_site-packages_PyQt6_Qt6["Qt6"]\n    node_venv_lib_python3_12_site-packages_PyQt6_Qt6 --> node_venv_lib_python3_12_site-packages_PyQt6_Qt6_qml["qml"]\n    node_venv_lib_python3_12_site-packages_PyQt6_Qt6_qml --> node_venv_lib_python3_12_site-packages_PyQt6_Qt6_qml_QtQuick3D["QtQuick3D"]\n    node_venv_lib_python3_12_site-packages_PyQt6_Qt6_qml_QtQuick3D --> node_venv_lib_python3_12_site-packages_PyQt6_Qt6_qml_QtQuick3D_lightmapviewer["lightmapviewer"]\n    node_venv_lib_python3_12_site-packages_PyQt6_Qt6_qml_QtQuick3D_lightmapviewer --> node_venv_lib_python3_12_site-packages_PyQt6_Qt6_qml_QtQuick3D_lightmapviewer_qmldir["qmldir"]\n    Root --> node_venv["venv"]\n    node_venv --> node_venv_lib["lib"]\n    node_venv_lib --> node_venv_lib_python3_12["python3.12"]\n    node_venv_lib_python3_12 --> node_venv_lib_python3_12_site-packages["site-packages"]\n    node_venv_lib_python3_12_site-packages --> node_venv_lib_python3_12_site-packages_PyQt6["PyQt6"]\n    node_venv_lib_python3_12_site-packages_PyQt6 --> node_venv_lib_python3_12_site-packages_PyQt6_Qt6["Qt6"]\n    node_venv_lib_python3_12_site-packages_PyQt6_Qt6 --> node_venv_lib_python3_12_site-packages_PyQt6_Qt6_qml["qml"]\n    node_venv_lib_python3_12_site-packages_PyQt6_Qt6_qml --> node_venv_lib_python3_12_site-packages_PyQt6_Qt6_qml_QtQuick3D["QtQuick3D"]\n    node_venv_lib_python3_12_site-packages_PyQt6_Qt6_qml_QtQuick3D --> node_venv_lib_python3_12_site-packages_PyQt6_Qt6_qml_QtQuick3D_MaterialEditor["MaterialEditor"]\n    node_venv_lib_python3_12_site-packages_PyQt6_Qt6_qml_QtQuick3D_MaterialEditor --> node_venv_lib_python3_12_site-packages_PyQt6_Qt6_qml_QtQuick3D_MaterialEditor_AboutDialog_qml["AboutDialog.qml"]\n    Root --> node_venv["venv"]\n    node_venv --> node_venv_lib["lib"]\n    node_venv_lib --> node_venv_lib_python3_12["python3.12"]\n    node_venv_lib_python3_12 --> node_venv_lib_python3_12_site-packages["site-packages"]\n    node_venv_lib_python3_12_site-packages --> node_venv_lib_python3_12_site-packages_PyQt6["PyQt6"]\n    node_venv_lib_python3_12_site-packages_PyQt6 --> node_venv_lib_python3_12_site-packages_PyQt6_Qt6["Qt6"]\n    node_venv_lib_python3_12_site-packages_PyQt6_Qt6 --> node_venv_lib_python3_12_site-packages_PyQt6_Qt6_qml["qml"]\n    node_venv_lib_python3_12_site-packages_PyQt6_Qt6_qml --> node_venv_lib_python3_12_site-packages_PyQt6_Qt6_qml_QtQuick3D["QtQuick3D"]\n    node_venv_lib_python3_12_site-packages_PyQt6_Qt6_qml_QtQuick3D --> node_venv_lib_python3_12_site-packages_PyQt6_Qt6_qml_QtQuick3D_MaterialEditor["MaterialEditor"]\n    node_venv_lib_python3_12_site-packages_PyQt6_Qt6_qml_QtQuick3D_MaterialEditor --> node_venv_lib_python3_12_site-packages_PyQt6_Qt6_qml_QtQuick3D_MaterialEditor_EditorView_qml["EditorView.qml"]\n    Root --> node_venv["venv"]\n    node_venv --> node_venv_lib["lib"]\n    node_venv_lib --> node_venv_lib_python3_12["python3.12"]\n    node_venv_lib_python3_12 --> node_venv_lib_python3_12_site-packages["site-packages"]\n    node_venv_lib_python3_12_site-packages --> node_venv_lib_python3_12_site-packages_PyQt6["PyQt6"]\n    node_venv_lib_python3_12_site-packages_PyQt6 --> node_venv_lib_python3_12_site-packages_PyQt6_Qt6["Qt6"]\n    node_venv_lib_python3_12_site-packages_PyQt6_Qt6 --> node_venv_lib_python3_12_site-packages_PyQt6_Qt6_qml["qml"]\n    node_venv_lib_python3_12_site-packages_PyQt6_Qt6_qml --> node_venv_lib_python3_12_site-packages_PyQt6_Qt6_qml_QtQuick3D["QtQuick3D"]\n    node_venv_lib_python3_12_site-packages_PyQt6_Qt6_qml_QtQuick3D --> node_venv_lib_python3_12_site-packages_PyQt6_Qt6_qml_QtQuick3D_MaterialEditor["MaterialEditor"]\n    node_venv_lib_python3_12_site-packages_PyQt6_Qt6_qml_QtQuick3D_MaterialEditor --> node_venv_lib_python3_12_site-packages_PyQt6_Qt6_qml_QtQuick3D_MaterialEditor_FrostedGlass_qml["FrostedGlass.qml"]\n    Root --> node_venv["venv"]\n    node_venv --> node_venv_lib["lib"]\n    node_venv_lib --> node_venv_lib_python3_12["python3.12"]\n    node_venv_lib_python3_12 --> node_venv_lib_python3_12_site-packages["site-packages"]\n    node_venv_lib_python3_12_site-packages --> node_venv_lib_python3_12_site-packages_PyQt6["PyQt6"]\n    node_venv_lib_python3_12_site-packages_PyQt6 --> node_venv_lib_python3_12_site-packages_PyQt6_Qt6["Qt6"]\n    node_venv_lib_python3_12_site-packages_PyQt6_Qt6 --> node_venv_lib_python3_12_site-packages_PyQt6_Qt6_qml["qml"]\n    node_venv_lib_python3_12_site-packages_PyQt6_Qt6_qml --> node_venv_lib_python3_12_site-packages_PyQt6_Qt6_qml_QtQuick3D["QtQuick3D"]\n    node_venv_lib_python3_12_site-packages_PyQt6_Qt6_qml_QtQuick3D --> node_venv_lib_python3_12_site-packages_PyQt6_Qt6_qml_QtQuick3D_MaterialEditor["MaterialEditor"]\n    node_venv_lib_python3_12_site-packages_PyQt6_Qt6_qml_QtQuick3D_MaterialEditor --> node_venv_lib_python3_12_site-packages_PyQt6_Qt6_qml_QtQuick3D_MaterialEditor_InstancingPropertiesPane_qml["InstancingPropertiesPane.qml"]\n    Root --> node_venv["venv"]\n    node_venv --> node_venv_lib["lib"]\n    node_venv_lib --> node_venv_lib_python3_12["python3.12"]\n    node_venv_lib_python3_12 --> node_venv_lib_python3_12_site-packages["site-packages"]\n    node_venv_lib_python3_12_site-packages --> node_venv_lib_python3_12_site-packages_PyQt6["PyQt6"]\n    node_venv_lib_python3_12_site-packages_PyQt6 --> node_venv_lib_python3_12_site-packages_PyQt6_Qt6["Qt6"]\n    node_venv_lib_python3_12_site-packages_PyQt6_Qt6 --> node_venv_lib_python3_12_site-packages_PyQt6_Qt6_qml["qml"]\n    node_venv_lib_python3_12_site-packages_PyQt6_Qt6_qml --> node_venv_lib_python3_12_site-packages_PyQt6_Qt6_qml_QtQuick3D["QtQuick3D"]\n    node_venv_lib_python3_12_site-packages_PyQt6_Qt6_qml_QtQuick3D --> node_venv_lib_python3_12_site-packages_PyQt6_Qt6_qml_QtQuick3D_MaterialEditor["MaterialEditor"]\n    node_venv_lib_python3_12_site-packages_PyQt6_Qt6_qml_QtQuick3D_MaterialEditor --> node_venv_lib_python3_12_site-packages_PyQt6_Qt6_qml_QtQuick3D_MaterialEditor_MaterialPropertiesPane_qml["MaterialPropertiesPane.qml"]\n    Root --> node_venv["venv"]\n    node_venv --> node_venv_lib["lib"]\n    node_venv_lib --> node_venv_lib_python3_12["python3.12"]\n    node_venv_lib_python3_12 --> node_venv_lib_python3_12_site-packages["site-packages"]\n    node_venv_lib_python3_12_site-packages --> node_venv_lib_python3_12_site-packages_PyQt6["PyQt6"]\n    node_venv_lib_python3_12_site-packages_PyQt6 --> node_venv_lib_python3_12_site-packages_PyQt6_Qt6["Qt6"]\n    node_venv_lib_python3_12_site-packages_PyQt6_Qt6 --> node_venv_lib_python3_12_site-packages_PyQt6_Qt6_qml["qml"]\n    node_venv_lib_python3_12_site-packages_PyQt6_Qt6_qml --> node_venv_lib_python3_12_site-packages_PyQt6_Qt6_qml_QtQuick3D["QtQuick3D"]\n    node_venv_lib_python3_12_site-packages_PyQt6_Qt6_qml_QtQuick3D --> node_venv_lib_python3_12_site-packages_PyQt6_Qt6_qml_QtQuick3D_MaterialEditor["MaterialEditor"]\n    node_venv_lib_python3_12_site-packages_PyQt6_Qt6_qml_QtQuick3D_MaterialEditor --> node_venv_lib_python3_12_site-packages_PyQt6_Qt6_qml_QtQuick3D_MaterialEditor_Preview_qml["Preview.qml"]\n    Root --> node_venv["venv"]\n    node_venv --> node_venv_lib["lib"]\n    node_venv_lib --> node_venv_lib_python3_12["python3.12"]\n    node_venv_lib_python3_12 --> node_venv_lib_python3_12_site-packages["site-packages"]\n    node_venv_lib_python3_12_site-packages --> node_venv_lib_python3_12_site-packages_PyQt6["PyQt6"]\n    node_venv_lib_python3_12_site-packages_PyQt6 --> node_venv_lib_python3_12_site-packages_PyQt6_Qt6["Qt6"]\n    node_venv_lib_python3_12_site-packages_PyQt6_Qt6 --> node_venv_lib_python3_12_site-packages_PyQt6_Qt6_qml["qml"]\n    node_venv_lib_python3_12_site-packages_PyQt6_Qt6_qml --> node_venv_lib_python3_12_site-packages_PyQt6_Qt6_qml_QtQuick3D["QtQuick3D"]\n    node_venv_lib_python3_12_site-packages_PyQt6_Qt6_qml_QtQuick3D --> node_venv_lib_python3_12_site-packages_PyQt6_Qt6_qml_QtQuick3D_MaterialEditor["MaterialEditor"]\n    node_venv_lib_python3_12_site-packages_PyQt6_Qt6_qml_QtQuick3D_MaterialEditor --> node_venv_lib_python3_12_site-packages_PyQt6_Qt6_qml_QtQuick3D_MaterialEditor_PreviewControls_qml["PreviewControls.qml"]\n    Root --> node_venv["venv"]\n    node_venv --> node_venv_lib["lib"]\n    node_venv_lib --> node_venv_lib_python3_12["python3.12"]\n    node_venv_lib_python3_12 --> node_venv_lib_python3_12_site-packages["site-packages"]\n    node_venv_lib_python3_12_site-packages --> node_venv_lib_python3_12_site-packages_PyQt6["PyQt6"]\n    node_venv_lib_python3_12_site-packages_PyQt6 --> node_venv_lib_python3_12_site-packages_PyQt6_Qt6["Qt6"]\n    node_venv_lib_python3_12_site-packages_PyQt6_Qt6 --> node_venv_lib_python3_12_site-packages_PyQt6_Qt6_qml["qml"]\n    node_venv_lib_python3_12_site-packages_PyQt6_Qt6_qml --> node_venv_lib_python3_12_site-packages_PyQt6_Qt6_qml_QtQuick3D["QtQuick3D"]\n    node_venv_lib_python3_12_site-packages_PyQt6_Qt6_qml_QtQuick3D --> node_venv_lib_python3_12_site-packages_PyQt6_Qt6_qml_QtQuick3D_MaterialEditor["MaterialEditor"]\n    node_venv_lib_python3_12_site-packages_PyQt6_Qt6_qml_QtQuick3D_MaterialEditor --> node_venv_lib_python3_12_site-packages_PyQt6_Qt6_qml_QtQuick3D_MaterialEditor_SaveChangesDialog_qml["SaveChangesDialog.qml"]\n    Root --> node_venv["venv"]\n    node_venv --> node_venv_lib["lib"]\n    node_venv_lib --> node_venv_lib_python3_12["python3.12"]\n    node_venv_lib_python3_12 --> node_venv_lib_python3_12_site-packages["site-packages"]\n    node_venv_lib_python3_12_site-packages --> node_venv_lib_python3_12_site-packages_PyQt6["PyQt6"]\n    node_venv_lib_python3_12_site-packages_PyQt6 --> node_venv_lib_python3_12_site-packages_PyQt6_Qt6["Qt6"]\n    node_venv_lib_python3_12_site-packages_PyQt6_Qt6 --> node_venv_lib_python3_12_site-packages_PyQt6_Qt6_qml["qml"]\n    node_venv_lib_python3_12_site-packages_PyQt6_Qt6_qml --> node_venv_lib_python3_12_site-packages_PyQt6_Qt6_qml_QtQuick3D["QtQuick3D"]\n    node_venv_lib_python3_12_site-packages_PyQt6_Qt6_qml_QtQuick3D --> node_venv_lib_python3_12_site-packages_PyQt6_Qt6_qml_QtQuick3D_MaterialEditor["MaterialEditor"]\n    node_venv_lib_python3_12_site-packages_PyQt6_Qt6_qml_QtQuick3D_MaterialEditor --> node_venv_lib_python3_12_site-packages_PyQt6_Qt6_qml_QtQuick3D_MaterialEditor_ShaderEditor_qml["ShaderEditor.qml"]\n    Root --> node_venv["venv"]\n    node_venv --> node_venv_lib["lib"]\n    node_venv_lib --> node_venv_lib_python3_12["python3.12"]\n    node_venv_lib_python3_12 --> node_venv_lib_python3_12_site-packages["site-packages"]\n    node_venv_lib_python3_12_site-packages --> node_venv_lib_python3_12_site-packages_PyQt6["PyQt6"]\n    node_venv_lib_python3_12_site-packages_PyQt6 --> node_venv_lib_python3_12_site-packages_PyQt6_Qt6["Qt6"]\n    node_venv_lib_python3_12_site-packages_PyQt6_Qt6 --> node_venv_lib_python3_12_site-packages_PyQt6_Qt6_qml["qml"]\n    node_venv_lib_python3_12_site-packages_PyQt6_Qt6_qml --> node_venv_lib_python3_12_site-packages_PyQt6_Qt6_qml_QtQuick3D["QtQuick3D"]\n    node_venv_lib_python3_12_site-packages_PyQt6_Qt6_qml_QtQuick3D --> node_venv_lib_python3_12_site-packages_PyQt6_Qt6_qml_QtQuick3D_MaterialEditor["MaterialEditor"]\n    node_venv_lib_python3_12_site-packages_PyQt6_Qt6_qml_QtQuick3D_MaterialEditor --> node_venv_lib_python3_12_site-packages_PyQt6_Qt6_qml_QtQuick3D_MaterialEditor_UniformManagerPane_qml["UniformManagerPane.qml"]\n    Root --> node_venv["venv"]\n    node_venv --> node_venv_lib["lib"]\n    node_venv_lib --> node_venv_lib_python3_12["python3.12"]\n    node_venv_lib_python3_12 --> node_venv_lib_python3_12_site-packages["site-packages"]\n    node_venv_lib_python3_12_site-packages --> node_venv_lib_python3_12_site-packages_PyQt6["PyQt6"]\n    node_venv_lib_python3_12_site-packages_PyQt6 --> node_venv_lib_python3_12_site-packages_PyQt6_Qt6["Qt6"]\n    node_venv_lib_python3_12_site-packages_PyQt6_Qt6 --> node_venv_lib_python3_12_site-packages_PyQt6_Qt6_qml["qml"]\n    node_venv_lib_python3_12_site-packages_PyQt6_Qt6_qml --> node_venv_lib_python3_12_site-packages_PyQt6_Qt6_qml_QtQuick3D["QtQuick3D"]\n    node_venv_lib_python3_12_site-packages_PyQt6_Qt6_qml_QtQuick3D --> node_venv_lib_python3_12_site-packages_PyQt6_Qt6_qml_QtQuick3D_MaterialEditor["MaterialEditor"]\n    node_venv_lib_python3_12_site-packages_PyQt6_Qt6_qml_QtQuick3D_MaterialEditor --> node_venv_lib_python3_12_site-packages_PyQt6_Qt6_qml_QtQuick3D_MaterialEditor_main_qml["main.qml"]\n    Root --> node_venv["venv"]\n    node_venv --> node_venv_lib["lib"]\n    node_venv_lib --> node_venv_lib_python3_12["python3.12"]\n    node_venv_lib_python3_12 --> node_venv_lib_python3_12_site-packages["site-packages"]\n    node_venv_lib_python3_12_site-packages --> node_venv_lib_python3_12_site-packages_PyQt6["PyQt6"]\n    node_venv_lib_python3_12_site-packages_PyQt6 --> node_venv_lib_python3_12_site-packages_PyQt6_Qt6["Qt6"]\n    node_venv_lib_python3_12_site-packages_PyQt6_Qt6 --> node_venv_lib_python3_12_site-packages_PyQt6_Qt6_qml["qml"]\n    node_venv_lib_python3_12_site-packages_PyQt6_Qt6_qml --> node_venv_lib_python3_12_site-packages_PyQt6_Qt6_qml_QtQuick3D["QtQuick3D"]\n    node_venv_lib_python3_12_site-packages_PyQt6_Qt6_qml_QtQuick3D --> node_venv_lib_python3_12_site-packages_PyQt6_Qt6_qml_QtQuick3D_MaterialEditor["MaterialEditor"]\n    node_venv_lib_python3_12_site-packages_PyQt6_Qt6_qml_QtQuick3D_MaterialEditor --> node_venv_lib_python3_12_site-packages_PyQt6_Qt6_qml_QtQuick3D_MaterialEditor_plugins_qmltypes["plugins.qmltypes"]\n    Root --> node_venv["venv"]\n    node_venv --> node_venv_lib["lib"]\n    node_venv_lib --> node_venv_lib_python3_12["python3.12"]\n    node_venv_lib_python3_12 --> node_venv_lib_python3_12_site-packages["site-packages"]\n    node_venv_lib_python3_12_site-packages --> node_venv_lib_python3_12_site-packages_PyQt6["PyQt6"]\n    node_venv_lib_python3_12_site-packages_PyQt6 --> node_venv_lib_python3_12_site-packages_PyQt6_Qt6["Qt6"]\n    node_venv_lib_python3_12_site-packages_PyQt6_Qt6 --> node_venv_lib_python3_12_site-packages_PyQt6_Qt6_qml["qml"]\n    node_venv_lib_python3_12_site-packages_PyQt6_Qt6_qml --> node_venv_lib_python3_12_site-packages_PyQt6_Qt6_qml_QtQuick3D["QtQuick3D"]\n    node_venv_lib_python3_12_site-packages_PyQt6_Qt6_qml_QtQuick3D --> node_venv_lib_python3_12_site-packages_PyQt6_Qt6_qml_QtQuick3D_MaterialEditor["MaterialEditor"]\n    node_venv_lib_python3_12_site-packages_PyQt6_Qt6_qml_QtQuick3D_MaterialEditor --> node_venv_lib_python3_12_site-packages_PyQt6_Qt6_qml_QtQuick3D_MaterialEditor_qmldir["qmldir"]\n    Root --> node_venv["venv"]\n    node_venv --> node_venv_lib["lib"]\n    node_venv_lib --> node_venv_lib_python3_12["python3.12"]\n    node_venv_lib_python3_12 --> node_venv_lib_python3_12_site-packages["site-packages"]\n    node_venv_lib_python3_12_site-packages --> node_venv_lib_python3_12_site-packages_PyQt6["PyQt6"]\n    node_venv_lib_python3_12_site-packages_PyQt6 --> node_venv_lib_python3_12_site-packages_PyQt6_Qt6["Qt6"]\n    node_venv_lib_python3_12_site-packages_PyQt6_Qt6 --> node_venv_lib_python3_12_site-packages_PyQt6_Qt6_qml["qml"]\n    node_venv_lib_python3_12_site-packages_PyQt6_Qt6_qml --> node_venv_lib_python3_12_site-packages_PyQt6_Qt6_qml_QtQuick3D["QtQuick3D"]\n    node_venv_lib_python3_12_site-packages_PyQt6_Qt6_qml_QtQuick3D --> node_venv_lib_python3_12_site-packages_PyQt6_Qt6_qml_QtQuick3D_ParticleEffects["ParticleEffects"]\n    node_venv_lib_python3_12_site-packages_PyQt6_Qt6_qml_QtQuick3D_ParticleEffects --> node_venv_lib_python3_12_site-packages_PyQt6_Qt6_qml_QtQuick3D_ParticleEffects_Quick3DParticleEffects_qmltypes["Quick3DParticleEffects.qmltypes"]\n    Root --> node_venv["venv"]\n    node_venv --> node_venv_lib["lib"]\n    node_venv_lib --> node_venv_lib_python3_12["python3.12"]\n    node_venv_lib_python3_12 --> node_venv_lib_python3_12_site-packages["site-packages"]\n    node_venv_lib_python3_12_site-packages --> node_venv_lib_python3_12_site-packages_PyQt6["PyQt6"]\n    node_venv_lib_python3_12_site-packages_PyQt6 --> node_venv_lib_python3_12_site-packages_PyQt6_Qt6["Qt6"]\n    node_venv_lib_python3_12_site-packages_PyQt6_Qt6 --> node_venv_lib_python3_12_site-packages_PyQt6_Qt6_qml["qml"]\n    node_venv_lib_python3_12_site-packages_PyQt6_Qt6_qml --> node_venv_lib_python3_12_site-packages_PyQt6_Qt6_qml_QtQuick3D["QtQuick3D"]\n    node_venv_lib_python3_12_site-packages_PyQt6_Qt6_qml_QtQuick3D --> node_venv_lib_python3_12_site-packages_PyQt6_Qt6_qml_QtQuick3D_ParticleEffects["ParticleEffects"]\n    node_venv_lib_python3_12_site-packages_PyQt6_Qt6_qml_QtQuick3D_ParticleEffects --> node_venv_lib_python3_12_site-packages_PyQt6_Qt6_qml_QtQuick3D_ParticleEffects_libqtquick3dparticleeffectsplugin_dylib["libqtquick3dparticleeffectsplugin.dylib"]\n    Root --> node_venv["venv"]\n    node_venv --> node_venv_lib["lib"]\n    node_venv_lib --> node_venv_lib_python3_12["python3.12"]\n    node_venv_lib_python3_12 --> node_venv_lib_python3_12_site-packages["site-packages"]\n    node_venv_lib_python3_12_site-packages --> node_venv_lib_python3_12_site-packages_PyQt6["PyQt6"]\n    node_venv_lib_python3_12_site-packages_PyQt6 --> node_venv_lib_python3_12_site-packages_PyQt6_Qt6["Qt6"]\n    node_venv_lib_python3_12_site-packages_PyQt6_Qt6 --> node_venv_lib_python3_12_site-packages_PyQt6_Qt6_qml["qml"]\n    node_venv_lib_python3_12_site-packages_PyQt6_Qt6_qml --> node_venv_lib_python3_12_site-packages_PyQt6_Qt6_qml_QtQuick3D["QtQuick3D"]\n    node_venv_lib_python3_12_site-packages_PyQt6_Qt6_qml_QtQuick3D --> node_venv_lib_python3_12_site-packages_PyQt6_Qt6_qml_QtQuick3D_ParticleEffects["ParticleEffects"]\n    node_venv_lib_python3_12_site-packages_PyQt6_Qt6_qml_QtQuick3D_ParticleEffects --> node_venv_lib_python3_12_site-packages_PyQt6_Qt6_qml_QtQuick3D_ParticleEffects_qmldir["qmldir"]\n    Root --> node_venv["venv"]\n    node_venv --> node_venv_lib["lib"]\n    node_venv_lib --> node_venv_lib_python3_12["python3.12"]\n    node_venv_lib_python3_12 --> node_venv_lib_python3_12_site-packages["site-packages"]\n    node_venv_lib_python3_12_site-packages --> node_venv_lib_python3_12_site-packages_PyQt6["PyQt6"]\n    node_venv_lib_python3_12_site-packages_PyQt6 --> node_venv_lib_python3_12_site-packages_PyQt6_Qt6["Qt6"]\n    node_venv_lib_python3_12_site-packages_PyQt6_Qt6 --> node_venv_lib_python3_12_site-packages_PyQt6_Qt6_qml["qml"]\n    node_venv_lib_python3_12_site-packages_PyQt6_Qt6_qml --> node_venv_lib_python3_12_site-packages_PyQt6_Qt6_qml_QtQuick3D["QtQuick3D"]\n    node_venv_lib_python3_12_site-packages_PyQt6_Qt6_qml_QtQuick3D --> node_venv_lib_python3_12_site-packages_PyQt6_Qt6_qml_QtQuick3D_ParticleEffects["ParticleEffects"]\n    node_venv_lib_python3_12_site-packages_PyQt6_Qt6_qml_QtQuick3D_ParticleEffects --> node_venv_lib_python3_12_site-packages_PyQt6_Qt6_qml_QtQuick3D_ParticleEffects_designer["designer"]\n    node_venv_lib_python3_12_site-packages_PyQt6_Qt6_qml_QtQuick3D_ParticleEffects_designer --> node_venv_lib_python3_12_site-packages_PyQt6_Qt6_qml_QtQuick3D_ParticleEffects_designer_particleeffects_metainfo["particleeffects.metainfo"]\n    Root --> node_venv["venv"]\n    node_venv --> node_venv_lib["lib"]\n    node_venv_lib --> node_venv_lib_python3_12["python3.12"]\n    node_venv_lib_python3_12 --> node_venv_lib_python3_12_site-packages["site-packages"]\n    node_venv_lib_python3_12_site-packages --> node_venv_lib_python3_12_site-packages_PyQt6["PyQt6"]\n    node_venv_lib_python3_12_site-packages_PyQt6 --> node_venv_lib_python3_12_site-packages_PyQt6_Qt6["Qt6"]\n    node_venv_lib_python3_12_site-packages_PyQt6_Qt6 --> node_venv_lib_python3_12_site-packages_PyQt6_Qt6_qml["qml"]\n    node_venv_lib_python3_12_site-packages_PyQt6_Qt6_qml --> node_venv_lib_python3_12_site-packages_PyQt6_Qt6_qml_QtQuick3D["QtQuick3D"]\n    node_venv_lib_python3_12_site-packages_PyQt6_Qt6_qml_QtQuick3D --> node_venv_lib_python3_12_site-packages_PyQt6_Qt6_qml_QtQuick3D_ParticleEffects["ParticleEffects"]\n    node_venv_lib_python3_12_site-packages_PyQt6_Qt6_qml_QtQuick3D_ParticleEffects --> node_venv_lib_python3_12_site-packages_PyQt6_Qt6_qml_QtQuick3D_ParticleEffects_designer["designer"]\n    node_venv_lib_python3_12_site-packages_PyQt6_Qt6_qml_QtQuick3D_ParticleEffects_designer --> node_venv_lib_python3_12_site-packages_PyQt6_Qt6_qml_QtQuick3D_ParticleEffects_designer_images["images"]\n    node_venv_lib_python3_12_site-packages_PyQt6_Qt6_qml_QtQuick3D_ParticleEffects_designer_images --> node_venv_lib_python3_12_site-packages_PyQt6_Qt6_qml_QtQuick3D_ParticleEffects_designer_images_color_table_png["color_table.png"]\n    Root --> node_venv["venv"]\n    node_venv --> node_venv_lib["lib"]\n    node_venv_lib --> node_venv_lib_python3_12["python3.12"]\n    node_venv_lib_python3_12 --> node_venv_lib_python3_12_site-packages["site-packages"]\n    node_venv_lib_python3_12_site-packages --> node_venv_lib_python3_12_site-packages_PyQt6["PyQt6"]\n    node_venv_lib_python3_12_site-packages_PyQt6 --> node_venv_lib_python3_12_site-packages_PyQt6_Qt6["Qt6"]\n    node_venv_lib_python3_12_site-packages_PyQt6_Qt6 --> node_venv_lib_python3_12_site-packages_PyQt6_Qt6_qml["qml"]\n    node_venv_lib_python3_12_site-packages_PyQt6_Qt6_qml --> node_venv_lib_python3_12_site-packages_PyQt6_Qt6_qml_QtQuick3D["QtQuick3D"]\n    node_venv_lib_python3_12_site-packages_PyQt6_Qt6_qml_QtQuick3D --> node_venv_lib_python3_12_site-packages_PyQt6_Qt6_qml_QtQuick3D_ParticleEffects["ParticleEffects"]\n    node_venv_lib_python3_12_site-packages_PyQt6_Qt6_qml_QtQuick3D_ParticleEffects --> node_venv_lib_python3_12_site-packages_PyQt6_Qt6_qml_QtQuick3D_ParticleEffects_designer["designer"]\n    node_venv_lib_python3_12_site-packages_PyQt6_Qt6_qml_QtQuick3D_ParticleEffects_designer --> node_venv_lib_python3_12_site-packages_PyQt6_Qt6_qml_QtQuick3D_ParticleEffects_designer_images["images"]\n    node_venv_lib_python3_12_site-packages_PyQt6_Qt6_qml_QtQuick3D_ParticleEffects_designer_images --> node_venv_lib_python3_12_site-packages_PyQt6_Qt6_qml_QtQuick3D_ParticleEffects_designer_images_color_table2_png["color_table2.png"]\n    Root --> node_venv["venv"]\n    node_venv --> node_venv_lib["lib"]\n    node_venv_lib --> node_venv_lib_python3_12["python3.12"]\n    node_venv_lib_python3_12 --> node_venv_lib_python3_12_site-packages["site-packages"]\n    node_venv_lib_python3_12_site-packages --> node_venv_lib_python3_12_site-packages_PyQt6["PyQt6"]\n    node_venv_lib_python3_12_site-packages_PyQt6 --> node_venv_lib_python3_12_site-packages_PyQt6_Qt6["Qt6"]\n    node_venv_lib_python3_12_site-packages_PyQt6_Qt6 --> node_venv_lib_python3_12_site-packages_PyQt6_Qt6_qml["qml"]\n    node_venv_lib_python3_12_site-packages_PyQt6_Qt6_qml --> node_venv_lib_python3_12_site-packages_PyQt6_Qt6_qml_QtQuick3D["QtQuick3D"]\n    node_venv_lib_python3_12_site-packages_PyQt6_Qt6_qml_QtQuick3D --> node_venv_lib_python3_12_site-packages_PyQt6_Qt6_qml_QtQuick3D_ParticleEffects["ParticleEffects"]\n    node_venv_lib_python3_12_site-packages_PyQt6_Qt6_qml_QtQuick3D_ParticleEffects --> node_venv_lib_python3_12_site-packages_PyQt6_Qt6_qml_QtQuick3D_ParticleEffects_designer["designer"]\n    node_venv_lib_python3_12_site-packages_PyQt6_Qt6_qml_QtQuick3D_ParticleEffects_designer --> node_venv_lib_python3_12_site-packages_PyQt6_Qt6_qml_QtQuick3D_ParticleEffects_designer_images["images"]\n    node_venv_lib_python3_12_site-packages_PyQt6_Qt6_qml_QtQuick3D_ParticleEffects_designer_images --> node_venv_lib_python3_12_site-packages_PyQt6_Qt6_qml_QtQuick3D_ParticleEffects_designer_images_droplet_png["droplet.png"]\n    Root --> node_venv["venv"]\n    node_venv --> node_venv_lib["lib"]\n    node_venv_lib --> node_venv_lib_python3_12["python3.12"]\n    node_venv_lib_python3_12 --> node_venv_lib_python3_12_site-packages["site-packages"]\n    node_venv_lib_python3_12_site-packages --> node_venv_lib_python3_12_site-packages_PyQt6["PyQt6"]\n    node_venv_lib_python3_12_site-packages_PyQt6 --> node_venv_lib_python3_12_site-packages_PyQt6_Qt6["Qt6"]\n    node_venv_lib_python3_12_site-packages_PyQt6_Qt6 --> node_venv_lib_python3_12_site-packages_PyQt6_Qt6_qml["qml"]\n    node_venv_lib_python3_12_site-packages_PyQt6_Qt6_qml --> node_venv_lib_python3_12_site-packages_PyQt6_Qt6_qml_QtQuick3D["QtQuick3D"]\n    node_venv_lib_python3_12_site-packages_PyQt6_Qt6_qml_QtQuick3D --> node_venv_lib_python3_12_site-packages_PyQt6_Qt6_qml_QtQuick3D_ParticleEffects["ParticleEffects"]\n    node_venv_lib_python3_12_site-packages_PyQt6_Qt6_qml_QtQuick3D_ParticleEffects --> node_venv_lib_python3_12_site-packages_PyQt6_Qt6_qml_QtQuick3D_ParticleEffects_designer["designer"]\n    node_venv_lib_python3_12_site-packages_PyQt6_Qt6_qml_QtQuick3D_ParticleEffects_designer --> node_venv_lib_python3_12_site-packages_PyQt6_Qt6_qml_QtQuick3D_ParticleEffects_designer_images["images"]\n    node_venv_lib_python3_12_site-packages_PyQt6_Qt6_qml_QtQuick3D_ParticleEffects_designer_images --> node_venv_lib_python3_12_site-packages_PyQt6_Qt6_qml_QtQuick3D_ParticleEffects_designer_images_dummy_png["dummy.png"]\n    Root --> node_venv["venv"]\n    node_venv --> node_venv_lib["lib"]\n    node_venv_lib --> node_venv_lib_python3_12["python3.12"]\n    node_venv_lib_python3_12 --> node_venv_lib_python3_12_site-packages["site-packages"]\n    node_venv_lib_python3_12_site-packages --> node_venv_lib_python3_12_site-packages_PyQt6["PyQt6"]\n    node_venv_lib_python3_12_site-packages_PyQt6 --> node_venv_lib_python3_12_site-packages_PyQt6_Qt6["Qt6"]\n    node_venv_lib_python3_12_site-packages_PyQt6_Qt6 --> node_venv_lib_python3_12_site-packages_PyQt6_Qt6_qml["qml"]\n    node_venv_lib_python3_12_site-packages_PyQt6_Qt6_qml --> node_venv_lib_python3_12_site-packages_PyQt6_Qt6_qml_QtQuick3D["QtQuick3D"]\n    node_venv_lib_python3_12_site-packages_PyQt6_Qt6_qml_QtQuick3D --> node_venv_lib_python3_12_site-packages_PyQt6_Qt6_qml_QtQuick3D_ParticleEffects["ParticleEffects"]\n    node_venv_lib_python3_12_site-packages_PyQt6_Qt6_qml_QtQuick3D_ParticleEffects --> node_venv_lib_python3_12_site-packages_PyQt6_Qt6_qml_QtQuick3D_ParticleEffects_designer["designer"]\n    node_venv_lib_python3_12_site-packages_PyQt6_Qt6_qml_QtQuick3D_ParticleEffects_designer --> node_venv_lib_python3_12_site-packages_PyQt6_Qt6_qml_QtQuick3D_ParticleEffects_designer_images["images"]\n    node_venv_lib_python3_12_site-packages_PyQt6_Qt6_qml_QtQuick3D_ParticleEffects_designer_images --> node_venv_lib_python3_12_site-packages_PyQt6_Qt6_qml_QtQuick3D_ParticleEffects_designer_images_dummy16_png["dummy16.png"]\n    Root --> node_venv["venv"]\n    node_venv --> node_venv_lib["lib"]\n    node_venv_lib --> node_venv_lib_python3_12["python3.12"]\n    node_venv_lib_python3_12 --> node_venv_lib_python3_12_site-packages["site-packages"]\n    node_venv_lib_python3_12_site-packages --> node_venv_lib_python3_12_site-packages_PyQt6["PyQt6"]\n    node_venv_lib_python3_12_site-packages_PyQt6 --> node_venv_lib_python3_12_site-packages_PyQt6_Qt6["Qt6"]\n    node_venv_lib_python3_12_site-packages_PyQt6_Qt6 --> node_venv_lib_python3_12_site-packages_PyQt6_Qt6_qml["qml"]\n    node_venv_lib_python3_12_site-packages_PyQt6_Qt6_qml --> node_venv_lib_python3_12_site-packages_PyQt6_Qt6_qml_QtQuick3D["QtQuick3D"]\n    node_venv_lib_python3_12_site-packages_PyQt6_Qt6_qml_QtQuick3D --> node_venv_lib_python3_12_site-packages_PyQt6_Qt6_qml_QtQuick3D_ParticleEffects["ParticleEffects"]\n    node_venv_lib_python3_12_site-packages_PyQt6_Qt6_qml_QtQuick3D_ParticleEffects --> node_venv_lib_python3_12_site-packages_PyQt6_Qt6_qml_QtQuick3D_ParticleEffects_designer["designer"]\n    node_venv_lib_python3_12_site-packages_PyQt6_Qt6_qml_QtQuick3D_ParticleEffects_designer --> node_venv_lib_python3_12_site-packages_PyQt6_Qt6_qml_QtQuick3D_ParticleEffects_designer_images["images"]\n    node_venv_lib_python3_12_site-packages_PyQt6_Qt6_qml_QtQuick3D_ParticleEffects_designer_images --> node_venv_lib_python3_12_site-packages_PyQt6_Qt6_qml_QtQuick3D_ParticleEffects_designer_images_dummy@2x_png["dummy@2x.png"]\n    Root --> node_venv["venv"]\n    node_venv --> node_venv_lib["lib"]\n    node_venv_lib --> node_venv_lib_python3_12["python3.12"]\n    node_venv_lib_python3_12 --> node_venv_lib_python3_12_site-packages["site-packages"]\n    node_venv_lib_python3_12_site-packages --> node_venv_lib_python3_12_site-packages_PyQt6["PyQt6"]\n    node_venv_lib_python3_12_site-packages_PyQt6 --> node_venv_lib_python3_12_site-packages_PyQt6_Qt6["Qt6"]\n    node_venv_lib_python3_12_site-packages_PyQt6_Qt6 --> node_venv_lib_python3_12_site-packages_PyQt6_Qt6_qml["qml"]\n    node_venv_lib_python3_12_site-packages_PyQt6_Qt6_qml --> node_venv_lib_python3_12_site-packages_PyQt6_Qt6_qml_QtQuick3D["QtQuick3D"]\n    node_venv_lib_python3_12_site-packages_PyQt6_Qt6_qml_QtQuick3D --> node_venv_lib_python3_12_site-packages_PyQt6_Qt6_qml_QtQuick3D_ParticleEffects["ParticleEffects"]\n    node_venv_lib_python3_12_site-packages_PyQt6_Qt6_qml_QtQuick3D_ParticleEffects --> node_venv_lib_python3_12_site-packages_PyQt6_Qt6_qml_QtQuick3D_ParticleEffects_designer["designer"]\n    node_venv_lib_python3_12_site-packages_PyQt6_Qt6_qml_QtQuick3D_ParticleEffects_designer --> node_venv_lib_python3_12_site-packages_PyQt6_Qt6_qml_QtQuick3D_ParticleEffects_designer_images["images"]\n    node_venv_lib_python3_12_site-packages_PyQt6_Qt6_qml_QtQuick3D_ParticleEffects_designer_images --> node_venv_lib_python3_12_site-packages_PyQt6_Qt6_qml_QtQuick3D_ParticleEffects_designer_images_rain_png["rain.png"]\n    Root --> node_venv["venv"]\n    node_venv --> node_venv_lib["lib"]\n    node_venv_lib --> node_venv_lib_python3_12["python3.12"]\n    node_venv_lib_python3_12 --> node_venv_lib_python3_12_site-packages["site-packages"]\n    node_venv_lib_python3_12_site-packages --> node_venv_lib_python3_12_site-packages_PyQt6["PyQt6"]\n    node_venv_lib_python3_12_site-packages_PyQt6 --> node_venv_lib_python3_12_site-packages_PyQt6_Qt6["Qt6"]\n    node_venv_lib_python3_12_site-packages_PyQt6_Qt6 --> node_venv_lib_python3_12_site-packages_PyQt6_Qt6_qml["qml"]\n    node_venv_lib_python3_12_site-packages_PyQt6_Qt6_qml --> node_venv_lib_python3_12_site-packages_PyQt6_Qt6_qml_QtQuick3D["QtQuick3D"]\n    node_venv_lib_python3_12_site-packages_PyQt6_Qt6_qml_QtQuick3D --> node_venv_lib_python3_12_site-packages_PyQt6_Qt6_qml_QtQuick3D_ParticleEffects["ParticleEffects"]\n    node_venv_lib_python3_12_site-packages_PyQt6_Qt6_qml_QtQuick3D_ParticleEffects --> node_venv_lib_python3_12_site-packages_PyQt6_Qt6_qml_QtQuick3D_ParticleEffects_designer["designer"]\n    node_venv_lib_python3_12_site-packages_PyQt6_Qt6_qml_QtQuick3D_ParticleEffects_designer --> node_venv_lib_python3_12_site-packages_PyQt6_Qt6_qml_QtQuick3D_ParticleEffects_designer_images["images"]\n    node_venv_lib_python3_12_site-packages_PyQt6_Qt6_qml_QtQuick3D_ParticleEffects_designer_images --> node_venv_lib_python3_12_site-packages_PyQt6_Qt6_qml_QtQuick3D_ParticleEffects_designer_images_ripple_png["ripple.png"]\n    Root --> node_venv["venv"]\n    node_venv --> node_venv_lib["lib"]\n    node_venv_lib --> node_venv_lib_python3_12["python3.12"]\n    node_venv_lib_python3_12 --> node_venv_lib_python3_12_site-packages["site-packages"]\n    node_venv_lib_python3_12_site-packages --> node_venv_lib_python3_12_site-packages_PyQt6["PyQt6"]\n    node_venv_lib_python3_12_site-packages_PyQt6 --> node_venv_lib_python3_12_site-packages_PyQt6_Qt6["Qt6"]\n    node_venv_lib_python3_12_site-packages_PyQt6_Qt6 --> node_venv_lib_python3_12_site-packages_PyQt6_Qt6_qml["qml"]\n    node_venv_lib_python3_12_site-packages_PyQt6_Qt6_qml --> node_venv_lib_python3_12_site-packages_PyQt6_Qt6_qml_QtQuick3D["QtQuick3D"]\n    node_venv_lib_python3_12_site-packages_PyQt6_Qt6_qml_QtQuick3D --> node_venv_lib_python3_12_site-packages_PyQt6_Qt6_qml_QtQuick3D_ParticleEffects["ParticleEffects"]\n    node_venv_lib_python3_12_site-packages_PyQt6_Qt6_qml_QtQuick3D_ParticleEffects --> node_venv_lib_python3_12_site-packages_PyQt6_Qt6_qml_QtQuick3D_ParticleEffects_designer["designer"]\n    node_venv_lib_python3_12_site-packages_PyQt6_Qt6_qml_QtQuick3D_ParticleEffects_designer --> node_venv_lib_python3_12_site-packages_PyQt6_Qt6_qml_QtQuick3D_ParticleEffects_designer_images["images"]\n    node_venv_lib_python3_12_site-packages_PyQt6_Qt6_qml_QtQuick3D_ParticleEffects_designer_images --> node_venv_lib_python3_12_site-packages_PyQt6_Qt6_qml_QtQuick3D_ParticleEffects_designer_images_smoke2_png["smoke2.png"]\n    Root --> node_venv["venv"]\n    node_venv --> node_venv_lib["lib"]\n    node_venv_lib --> node_venv_lib_python3_12["python3.12"]\n    node_venv_lib_python3_12 --> node_venv_lib_python3_12_site-packages["site-packages"]\n    node_venv_lib_python3_12_site-packages --> node_venv_lib_python3_12_site-packages_PyQt6["PyQt6"]\n    node_venv_lib_python3_12_site-packages_PyQt6 --> node_venv_lib_python3_12_site-packages_PyQt6_Qt6["Qt6"]\n    node_venv_lib_python3_12_site-packages_PyQt6_Qt6 --> node_venv_lib_python3_12_site-packages_PyQt6_Qt6_qml["qml"]\n    node_venv_lib_python3_12_site-packages_PyQt6_Qt6_qml --> node_venv_lib_python3_12_site-packages_PyQt6_Qt6_qml_QtQuick3D["QtQuick3D"]\n    node_venv_lib_python3_12_site-packages_PyQt6_Qt6_qml_QtQuick3D --> node_venv_lib_python3_12_site-packages_PyQt6_Qt6_qml_QtQuick3D_ParticleEffects["ParticleEffects"]\n    node_venv_lib_python3_12_site-packages_PyQt6_Qt6_qml_QtQuick3D_ParticleEffects --> node_venv_lib_python3_12_site-packages_PyQt6_Qt6_qml_QtQuick3D_ParticleEffects_designer["designer"]\n    node_venv_lib_python3_12_site-packages_PyQt6_Qt6_qml_QtQuick3D_ParticleEffects_designer --> node_venv_lib_python3_12_site-packages_PyQt6_Qt6_qml_QtQuick3D_ParticleEffects_designer_images["images"]\n    node_venv_lib_python3_12_site-packages_PyQt6_Qt6_qml_QtQuick3D_ParticleEffects_designer_images --> node_venv_lib_python3_12_site-packages_PyQt6_Qt6_qml_QtQuick3D_ParticleEffects_designer_images_smoke_sprite_png["smoke_sprite.png"]\n    Root --> node_venv["venv"]\n    node_venv --> node_venv_lib["lib"]\n    node_venv_lib --> node_venv_lib_python3_12["python3.12"]\n    node_venv_lib_python3_12 --> node_venv_lib_python3_12_site-packages["site-packages"]\n    node_venv_lib_python3_12_site-packages --> node_venv_lib_python3_12_site-packages_PyQt6["PyQt6"]\n    node_venv_lib_python3_12_site-packages_PyQt6 --> node_venv_lib_python3_12_site-packages_PyQt6_Qt6["Qt6"]\n    node_venv_lib_python3_12_site-packages_PyQt6_Qt6 --> node_venv_lib_python3_12_site-packages_PyQt6_Qt6_qml["qml"]\n    node_venv_lib_python3_12_site-packages_PyQt6_Qt6_qml --> node_venv_lib_python3_12_site-packages_PyQt6_Qt6_qml_QtQuick3D["QtQuick3D"]\n    node_venv_lib_python3_12_site-packages_PyQt6_Qt6_qml_QtQuick3D --> node_venv_lib_python3_12_site-packages_PyQt6_Qt6_qml_QtQuick3D_ParticleEffects["ParticleEffects"]\n    node_venv_lib_python3_12_site-packages_PyQt6_Qt6_qml_QtQuick3D_ParticleEffects --> node_venv_lib_python3_12_site-packages_PyQt6_Qt6_qml_QtQuick3D_ParticleEffects_designer["designer"]\n    node_venv_lib_python3_12_site-packages_PyQt6_Qt6_qml_QtQuick3D_ParticleEffects_designer --> node_venv_lib_python3_12_site-packages_PyQt6_Qt6_qml_QtQuick3D_ParticleEffects_designer_images["images"]\n    node_venv_lib_python3_12_site-packages_PyQt6_Qt6_qml_QtQuick3D_ParticleEffects_designer_images --> node_venv_lib_python3_12_site-packages_PyQt6_Qt6_qml_QtQuick3D_ParticleEffects_designer_images_smoke_sprite2_png["smoke_sprite2.png"]\n    Root --> node_venv["venv"]\n    node_venv --> node_venv_lib["lib"]\n    node_venv_lib --> node_venv_lib_python3_12["python3.12"]\n    node_venv_lib_python3_12 --> node_venv_lib_python3_12_site-packages["site-packages"]\n    node_venv_lib_python3_12_site-packages --> node_venv_lib_python3_12_site-packages_PyQt6["PyQt6"]\n    node_venv_lib_python3_12_site-packages_PyQt6 --> node_venv_lib_python3_12_site-packages_PyQt6_Qt6["Qt6"]\n    node_venv_lib_python3_12_site-packages_PyQt6_Qt6 --> node_venv_lib_python3_12_site-packages_PyQt6_Qt6_qml["qml"]\n    node_venv_lib_python3_12_site-packages_PyQt6_Qt6_qml --> node_venv_lib_python3_12_site-packages_PyQt6_Qt6_qml_QtQuick3D["QtQuick3D"]\n    node_venv_lib_python3_12_site-packages_PyQt6_Qt6_qml_QtQuick3D --> node_venv_lib_python3_12_site-packages_PyQt6_Qt6_qml_QtQuick3D_ParticleEffects["ParticleEffects"]\n    node_venv_lib_python3_12_site-packages_PyQt6_Qt6_qml_QtQuick3D_ParticleEffects --> node_venv_lib_python3_12_site-packages_PyQt6_Qt6_qml_QtQuick3D_ParticleEffects_designer["designer"]\n    node_venv_lib_python3_12_site-packages_PyQt6_Qt6_qml_QtQuick3D_ParticleEffects_designer --> node_venv_lib_python3_12_site-packages_PyQt6_Qt6_qml_QtQuick3D_ParticleEffects_designer_images["images"]\n    node_venv_lib_python3_12_site-packages_PyQt6_Qt6_qml_QtQuick3D_ParticleEffects_designer_images --> node_venv_lib_python3_12_site-packages_PyQt6_Qt6_qml_QtQuick3D_ParticleEffects_designer_images_snowflake_png["snowflake.png"]\n    Root --> node_venv["venv"]\n    node_venv --> node_venv_lib["lib"]\n    node_venv_lib --> node_venv_lib_python3_12["python3.12"]\n    node_venv_lib_python3_12 --> node_venv_lib_python3_12_site-packages["site-packages"]\n    node_venv_lib_python3_12_site-packages --> node_venv_lib_python3_12_site-packages_PyQt6["PyQt6"]\n    node_venv_lib_python3_12_site-packages_PyQt6 --> node_venv_lib_python3_12_site-packages_PyQt6_Qt6["Qt6"]\n    node_venv_lib_python3_12_site-packages_PyQt6_Qt6 --> node_venv_lib_python3_12_site-packages_PyQt6_Qt6_qml["qml"]\n    node_venv_lib_python3_12_site-packages_PyQt6_Qt6_qml --> node_venv_lib_python3_12_site-packages_PyQt6_Qt6_qml_QtQuick3D["QtQuick3D"]\n    node_venv_lib_python3_12_site-packages_PyQt6_Qt6_qml_QtQuick3D --> node_venv_lib_python3_12_site-packages_PyQt6_Qt6_qml_QtQuick3D_ParticleEffects["ParticleEffects"]\n    node_venv_lib_python3_12_site-packages_PyQt6_Qt6_qml_QtQuick3D_ParticleEffects --> node_venv_lib_python3_12_site-packages_PyQt6_Qt6_qml_QtQuick3D_ParticleEffects_designer["designer"]\n    node_venv_lib_python3_12_site-packages_PyQt6_Qt6_qml_QtQuick3D_ParticleEffects_designer --> node_venv_lib_python3_12_site-packages_PyQt6_Qt6_qml_QtQuick3D_ParticleEffects_designer_images["images"]\n    node_venv_lib_python3_12_site-packages_PyQt6_Qt6_qml_QtQuick3D_ParticleEffects_designer_images --> node_venv_lib_python3_12_site-packages_PyQt6_Qt6_qml_QtQuick3D_ParticleEffects_designer_images_sphere_png["sphere.png"]\n    Root --> node_venv["venv"]\n    node_venv --> node_venv_lib["lib"]\n    node_venv_lib --> node_venv_lib_python3_12["python3.12"]\n    node_venv_lib_python3_12 --> node_venv_lib_python3_12_site-packages["site-packages"]\n    node_venv_lib_python3_12_site-packages --> node_venv_lib_python3_12_site-packages_PyQt6["PyQt6"]\n    node_venv_lib_python3_12_site-packages_PyQt6 --> node_venv_lib_python3_12_site-packages_PyQt6_Qt6["Qt6"]\n    node_venv_lib_python3_12_site-packages_PyQt6_Qt6 --> node_venv_lib_python3_12_site-packages_PyQt6_Qt6_qml["qml"]\n    node_venv_lib_python3_12_site-packages_PyQt6_Qt6_qml --> node_venv_lib_python3_12_site-packages_PyQt6_Qt6_qml_QtQuick3D["QtQuick3D"]\n    node_venv_lib_python3_12_site-packages_PyQt6_Qt6_qml_QtQuick3D --> node_venv_lib_python3_12_site-packages_PyQt6_Qt6_qml_QtQuick3D_ParticleEffects["ParticleEffects"]\n    node_venv_lib_python3_12_site-packages_PyQt6_Qt6_qml_QtQuick3D_ParticleEffects --> node_venv_lib_python3_12_site-packages_PyQt6_Qt6_qml_QtQuick3D_ParticleEffects_designer["designer"]\n    node_venv_lib_python3_12_site-packages_PyQt6_Qt6_qml_QtQuick3D_ParticleEffects_designer --> node_venv_lib_python3_12_site-packages_PyQt6_Qt6_qml_QtQuick3D_ParticleEffects_designer_images["images"]\n    node_venv_lib_python3_12_site-packages_PyQt6_Qt6_qml_QtQuick3D_ParticleEffects_designer_images --> node_venv_lib_python3_12_site-packages_PyQt6_Qt6_qml_QtQuick3D_ParticleEffects_designer_images_splash7_png["splash7.png"]\n    Root --> node_venv["venv"]\n    node_venv --> node_venv_lib["lib"]\n    node_venv_lib --> node_venv_lib_python3_12["python3.12"]\n    node_venv_lib_python3_12 --> node_venv_lib_python3_12_site-packages["site-packages"]\n    node_venv_lib_python3_12_site-packages --> node_venv_lib_python3_12_site-packages_PyQt6["PyQt6"]\n    node_venv_lib_python3_12_site-packages_PyQt6 --> node_venv_lib_python3_12_site-packages_PyQt6_Qt6["Qt6"]\n    node_venv_lib_python3_12_site-packages_PyQt6_Qt6 --> node_venv_lib_python3_12_site-packages_PyQt6_Qt6_qml["qml"]\n    node_venv_lib_python3_12_site-packages_PyQt6_Qt6_qml --> node_venv_lib_python3_12_site-packages_PyQt6_Qt6_qml_QtQuick3D["QtQuick3D"]\n    node_venv_lib_python3_12_site-packages_PyQt6_Qt6_qml_QtQuick3D --> node_venv_lib_python3_12_site-packages_PyQt6_Qt6_qml_QtQuick3D_ParticleEffects["ParticleEffects"]\n    node_venv_lib_python3_12_site-packages_PyQt6_Qt6_qml_QtQuick3D_ParticleEffects --> node_venv_lib_python3_12_site-packages_PyQt6_Qt6_qml_QtQuick3D_ParticleEffects_designer["designer"]\n    node_venv_lib_python3_12_site-packages_PyQt6_Qt6_qml_QtQuick3D_ParticleEffects_designer --> node_venv_lib_python3_12_site-packages_PyQt6_Qt6_qml_QtQuick3D_ParticleEffects_designer_source["source"]\n    node_venv_lib_python3_12_site-packages_PyQt6_Qt6_qml_QtQuick3D_ParticleEffects_designer_source --> node_venv_lib_python3_12_site-packages_PyQt6_Qt6_qml_QtQuick3D_ParticleEffects_designer_source_particleeffect_clouds_qml["particleeffect_clouds.qml"]\n    Root --> node_venv["venv"]\n    node_venv --> node_venv_lib["lib"]\n    node_venv_lib --> node_venv_lib_python3_12["python3.12"]\n    node_venv_lib_python3_12 --> node_venv_lib_python3_12_site-packages["site-packages"]\n    node_venv_lib_python3_12_site-packages --> node_venv_lib_python3_12_site-packages_PyQt6["PyQt6"]\n    node_venv_lib_python3_12_site-packages_PyQt6 --> node_venv_lib_python3_12_site-packages_PyQt6_Qt6["Qt6"]\n    node_venv_lib_python3_12_site-packages_PyQt6_Qt6 --> node_venv_lib_python3_12_site-packages_PyQt6_Qt6_qml["qml"]\n    node_venv_lib_python3_12_site-packages_PyQt6_Qt6_qml --> node_venv_lib_python3_12_site-packages_PyQt6_Qt6_qml_QtQuick3D["QtQuick3D"]\n    node_venv_lib_python3_12_site-packages_PyQt6_Qt6_qml_QtQuick3D --> node_venv_lib_python3_12_site-packages_PyQt6_Qt6_qml_QtQuick3D_ParticleEffects["ParticleEffects"]\n    node_venv_lib_python3_12_site-packages_PyQt6_Qt6_qml_QtQuick3D_ParticleEffects --> node_venv_lib_python3_12_site-packages_PyQt6_Qt6_qml_QtQuick3D_ParticleEffects_designer["designer"]\n    node_venv_lib_python3_12_site-packages_PyQt6_Qt6_qml_QtQuick3D_ParticleEffects_designer --> node_venv_lib_python3_12_site-packages_PyQt6_Qt6_qml_QtQuick3D_ParticleEffects_designer_source["source"]\n    node_venv_lib_python3_12_site-packages_PyQt6_Qt6_qml_QtQuick3D_ParticleEffects_designer_source --> node_venv_lib_python3_12_site-packages_PyQt6_Qt6_qml_QtQuick3D_ParticleEffects_designer_source_particleeffect_dust_qml["particleeffect_dust.qml"]\n    Root --> node_venv["venv"]\n    node_venv --> node_venv_lib["lib"]\n    node_venv_lib --> node_venv_lib_python3_12["python3.12"]\n    node_venv_lib_python3_12 --> node_venv_lib_python3_12_site-packages["site-packages"]\n    node_venv_lib_python3_12_site-packages --> node_venv_lib_python3_12_site-packages_PyQt6["PyQt6"]\n    node_venv_lib_python3_12_site-packages_PyQt6 --> node_venv_lib_python3_12_site-packages_PyQt6_Qt6["Qt6"]\n    node_venv_lib_python3_12_site-packages_PyQt6_Qt6 --> node_venv_lib_python3_12_site-packages_PyQt6_Qt6_qml["qml"]\n    node_venv_lib_python3_12_site-packages_PyQt6_Qt6_qml --> node_venv_lib_python3_12_site-packages_PyQt6_Qt6_qml_QtQuick3D["QtQuick3D"]\n    node_venv_lib_python3_12_site-packages_PyQt6_Qt6_qml_QtQuick3D --> node_venv_lib_python3_12_site-packages_PyQt6_Qt6_qml_QtQuick3D_ParticleEffects["ParticleEffects"]\n    node_venv_lib_python3_12_site-packages_PyQt6_Qt6_qml_QtQuick3D_ParticleEffects --> node_venv_lib_python3_12_site-packages_PyQt6_Qt6_qml_QtQuick3D_ParticleEffects_designer["designer"]\n    node_venv_lib_python3_12_site-packages_PyQt6_Qt6_qml_QtQuick3D_ParticleEffects_designer --> node_venv_lib_python3_12_site-packages_PyQt6_Qt6_qml_QtQuick3D_ParticleEffects_designer_source["source"]\n    node_venv_lib_python3_12_site-packages_PyQt6_Qt6_qml_QtQuick3D_ParticleEffects_designer_source --> node_venv_lib_python3_12_site-packages_PyQt6_Qt6_qml_QtQuick3D_ParticleEffects_designer_source_particleeffect_exhaust_qml["particleeffect_exhaust.qml"]\n    Root --> node_venv["venv"]\n    node_venv --> node_venv_lib["lib"]\n    node_venv_lib --> node_venv_lib_python3_12["python3.12"]\n    node_venv_lib_python3_12 --> node_venv_lib_python3_12_site-packages["site-packages"]\n    node_venv_lib_python3_12_site-packages --> node_venv_lib_python3_12_site-packages_PyQt6["PyQt6"]\n    node_venv_lib_python3_12_site-packages_PyQt6 --> node_venv_lib_python3_12_site-packages_PyQt6_Qt6["Qt6"]\n    node_venv_lib_python3_12_site-packages_PyQt6_Qt6 --> node_venv_lib_python3_12_site-packages_PyQt6_Qt6_qml["qml"]\n    node_venv_lib_python3_12_site-packages_PyQt6_Qt6_qml --> node_venv_lib_python3_12_site-packages_PyQt6_Qt6_qml_QtQuick3D["QtQuick3D"]\n    node_venv_lib_python3_12_site-packages_PyQt6_Qt6_qml_QtQuick3D --> node_venv_lib_python3_12_site-packages_PyQt6_Qt6_qml_QtQuick3D_ParticleEffects["ParticleEffects"]\n    node_venv_lib_python3_12_site-packages_PyQt6_Qt6_qml_QtQuick3D_ParticleEffects --> node_venv_lib_python3_12_site-packages_PyQt6_Qt6_qml_QtQuick3D_ParticleEffects_designer["designer"]\n    node_venv_lib_python3_12_site-packages_PyQt6_Qt6_qml_QtQuick3D_ParticleEffects_designer --> node_venv_lib_python3_12_site-packages_PyQt6_Qt6_qml_QtQuick3D_ParticleEffects_designer_source["source"]\n    node_venv_lib_python3_12_site-packages_PyQt6_Qt6_qml_QtQuick3D_ParticleEffects_designer_source --> node_venv_lib_python3_12_site-packages_PyQt6_Qt6_qml_QtQuick3D_ParticleEffects_designer_source_particleeffect_fire_qml["particleeffect_fire.qml"]\n    Root --> node_venv["venv"]\n    node_venv --> node_venv_lib["lib"]\n    node_venv_lib --> node_venv_lib_python3_12["python3.12"]\n    node_venv_lib_python3_12 --> node_venv_lib_python3_12_site-packages["site-packages"]\n    node_venv_lib_python3_12_site-packages --> node_venv_lib_python3_12_site-packages_PyQt6["PyQt6"]\n    node_venv_lib_python3_12_site-packages_PyQt6 --> node_venv_lib_python3_12_site-packages_PyQt6_Qt6["Qt6"]\n    node_venv_lib_python3_12_site-packages_PyQt6_Qt6 --> node_venv_lib_python3_12_site-packages_PyQt6_Qt6_qml["qml"]\n    node_venv_lib_python3_12_site-packages_PyQt6_Qt6_qml --> node_venv_lib_python3_12_site-packages_PyQt6_Qt6_qml_QtQuick3D["QtQuick3D"]\n    node_venv_lib_python3_12_site-packages_PyQt6_Qt6_qml_QtQuick3D --> node_venv_lib_python3_12_site-packages_PyQt6_Qt6_qml_QtQuick3D_ParticleEffects["ParticleEffects"]\n    node_venv_lib_python3_12_site-packages_PyQt6_Qt6_qml_QtQuick3D_ParticleEffects --> node_venv_lib_python3_12_site-packages_PyQt6_Qt6_qml_QtQuick3D_ParticleEffects_designer["designer"]\n    node_venv_lib_python3_12_site-packages_PyQt6_Qt6_qml_QtQuick3D_ParticleEffects_designer --> node_venv_lib_python3_12_site-packages_PyQt6_Qt6_qml_QtQuick3D_ParticleEffects_designer_source["source"]\n    node_venv_lib_python3_12_site-packages_PyQt6_Qt6_qml_QtQuick3D_ParticleEffects_designer_source --> node_venv_lib_python3_12_site-packages_PyQt6_Qt6_qml_QtQuick3D_ParticleEffects_designer_source_particleeffect_heavyrain_qml["particleeffect_heavyrain.qml"]\n    Root --> node_venv["venv"]\n    node_venv --> node_venv_lib["lib"]\n    node_venv_lib --> node_venv_lib_python3_12["python3.12"]\n    node_venv_lib_python3_12 --> node_venv_lib_python3_12_site-packages["site-packages"]\n    node_venv_lib_python3_12_site-packages --> node_venv_lib_python3_12_site-packages_PyQt6["PyQt6"]\n    node_venv_lib_python3_12_site-packages_PyQt6 --> node_venv_lib_python3_12_site-packages_PyQt6_Qt6["Qt6"]\n    node_venv_lib_python3_12_site-packages_PyQt6_Qt6 --> node_venv_lib_python3_12_site-packages_PyQt6_Qt6_qml["qml"]\n    node_venv_lib_python3_12_site-packages_PyQt6_Qt6_qml --> node_venv_lib_python3_12_site-packages_PyQt6_Qt6_qml_QtQuick3D["QtQuick3D"]\n    node_venv_lib_python3_12_site-packages_PyQt6_Qt6_qml_QtQuick3D --> node_venv_lib_python3_12_site-packages_PyQt6_Qt6_qml_QtQuick3D_ParticleEffects["ParticleEffects"]\n    node_venv_lib_python3_12_site-packages_PyQt6_Qt6_qml_QtQuick3D_ParticleEffects --> node_venv_lib_python3_12_site-packages_PyQt6_Qt6_qml_QtQuick3D_ParticleEffects_designer["designer"]\n    node_venv_lib_python3_12_site-packages_PyQt6_Qt6_qml_QtQuick3D_ParticleEffects_designer --> node_venv_lib_python3_12_site-packages_PyQt6_Qt6_qml_QtQuick3D_ParticleEffects_designer_source["source"]\n    node_venv_lib_python3_12_site-packages_PyQt6_Qt6_qml_QtQuick3D_ParticleEffects_designer_source --> node_venv_lib_python3_12_site-packages_PyQt6_Qt6_qml_QtQuick3D_ParticleEffects_designer_source_particleeffect_heavyrain_tirespray_qml["particleeffect_heavyrain_tirespray.qml"]\n    Root --> node_venv["venv"]\n    node_venv --> node_venv_lib["lib"]\n    node_venv_lib --> node_venv_lib_python3_12["python3.12"]\n    node_venv_lib_python3_12 --> node_venv_lib_python3_12_site-packages["site-packages"]\n    node_venv_lib_python3_12_site-packages --> node_venv_lib_python3_12_site-packages_PyQt6["PyQt6"]\n    node_venv_lib_python3_12_site-packages_PyQt6 --> node_venv_lib_python3_12_site-packages_PyQt6_Qt6["Qt6"]\n    node_venv_lib_python3_12_site-packages_PyQt6_Qt6 --> node_venv_lib_python3_12_site-packages_PyQt6_Qt6_qml["qml"]\n    node_venv_lib_python3_12_site-packages_PyQt6_Qt6_qml --> node_venv_lib_python3_12_site-packages_PyQt6_Qt6_qml_QtQuick3D["QtQuick3D"]\n    node_venv_lib_python3_12_site-packages_PyQt6_Qt6_qml_QtQuick3D --> node_venv_lib_python3_12_site-packages_PyQt6_Qt6_qml_QtQuick3D_ParticleEffects["ParticleEffects"]\n    node_venv_lib_python3_12_site-packages_PyQt6_Qt6_qml_QtQuick3D_ParticleEffects --> node_venv_lib_python3_12_site-packages_PyQt6_Qt6_qml_QtQuick3D_ParticleEffects_designer["designer"]\n    node_venv_lib_python3_12_site-packages_PyQt6_Qt6_qml_QtQuick3D_ParticleEffects_designer --> node_venv_lib_python3_12_site-packages_PyQt6_Qt6_qml_QtQuick3D_ParticleEffects_designer_source["source"]\n    node_venv_lib_python3_12_site-packages_PyQt6_Qt6_qml_QtQuick3D_ParticleEffects_designer_source --> node_venv_lib_python3_12_site-packages_PyQt6_Qt6_qml_QtQuick3D_ParticleEffects_designer_source_particleeffect_lightrain_qml["particleeffect_lightrain.qml"]\n    Root --> node_venv["venv"]\n    node_venv --> node_venv_lib["lib"]\n    node_venv_lib --> node_venv_lib_python3_12["python3.12"]\n    node_venv_lib_python3_12 --> node_venv_lib_python3_12_site-packages["site-packages"]\n    node_venv_lib_python3_12_site-packages --> node_venv_lib_python3_12_site-packages_PyQt6["PyQt6"]\n    node_venv_lib_python3_12_site-packages_PyQt6 --> node_venv_lib_python3_12_site-packages_PyQt6_Qt6["Qt6"]\n    node_venv_lib_python3_12_site-packages_PyQt6_Qt6 --> node_venv_lib_python3_12_site-packages_PyQt6_Qt6_qml["qml"]\n    node_venv_lib_python3_12_site-packages_PyQt6_Qt6_qml --> node_venv_lib_python3_12_site-packages_PyQt6_Qt6_qml_QtQuick3D["QtQuick3D"]\n    node_venv_lib_python3_12_site-packages_PyQt6_Qt6_qml_QtQuick3D --> node_venv_lib_python3_12_site-packages_PyQt6_Qt6_qml_QtQuick3D_ParticleEffects["ParticleEffects"]\n    node_venv_lib_python3_12_site-packages_PyQt6_Qt6_qml_QtQuick3D_ParticleEffects --> node_venv_lib_python3_12_site-packages_PyQt6_Qt6_qml_QtQuick3D_ParticleEffects_designer["designer"]\n    node_venv_lib_python3_12_site-packages_PyQt6_Qt6_qml_QtQuick3D_ParticleEffects_designer --> node_venv_lib_python3_12_site-packages_PyQt6_Qt6_qml_QtQuick3D_ParticleEffects_designer_source["source"]\n    node_venv_lib_python3_12_site-packages_PyQt6_Qt6_qml_QtQuick3D_ParticleEffects_designer_source --> node_venv_lib_python3_12_site-packages_PyQt6_Qt6_qml_QtQuick3D_ParticleEffects_designer_source_particleeffect_lightrain_tirespray_qml["particleeffect_lightrain_tirespray.qml"]\n    Root --> node_venv["venv"]\n    node_venv --> node_venv_lib["lib"]\n    node_venv_lib --> node_venv_lib_python3_12["python3.12"]\n    node_venv_lib_python3_12 --> node_venv_lib_python3_12_site-packages["site-packages"]\n    node_venv_lib_python3_12_site-packages --> node_venv_lib_python3_12_site-packages_PyQt6["PyQt6"]\n    node_venv_lib_python3_12_site-packages_PyQt6 --> node_venv_lib_python3_12_site-packages_PyQt6_Qt6["Qt6"]\n    node_venv_lib_python3_12_site-packages_PyQt6_Qt6 --> node_venv_lib_python3_12_site-packages_PyQt6_Qt6_qml["qml"]\n    node_venv_lib_python3_12_site-packages_PyQt6_Qt6_qml --> node_venv_lib_python3_12_site-packages_PyQt6_Qt6_qml_QtQuick3D["QtQuick3D"]\n    node_venv_lib_python3_12_site-packages_PyQt6_Qt6_qml_QtQuick3D --> node_venv_lib_python3_12_site-packages_PyQt6_Qt6_qml_QtQuick3D_ParticleEffects["ParticleEffects"]\n    node_venv_lib_python3_12_site-packages_PyQt6_Qt6_qml_QtQuick3D_ParticleEffects --> node_venv_lib_python3_12_site-packages_PyQt6_Qt6_qml_QtQuick3D_ParticleEffects_designer["designer"]\n    node_venv_lib_python3_12_site-packages_PyQt6_Qt6_qml_QtQuick3D_ParticleEffects_designer --> node_venv_lib_python3_12_site-packages_PyQt6_Qt6_qml_QtQuick3D_ParticleEffects_designer_source["source"]\n    node_venv_lib_python3_12_site-packages_PyQt6_Qt6_qml_QtQuick3D_ParticleEffects_designer_source --> node_venv_lib_python3_12_site-packages_PyQt6_Qt6_qml_QtQuick3D_ParticleEffects_designer_source_particleeffect_rainmist_qml["particleeffect_rainmist.qml"]\n    Root --> node_venv["venv"]\n    node_venv --> node_venv_lib["lib"]\n    node_venv_lib --> node_venv_lib_python3_12["python3.12"]\n    node_venv_lib_python3_12 --> node_venv_lib_python3_12_site-packages["site-packages"]\n    node_venv_lib_python3_12_site-packages --> node_venv_lib_python3_12_site-packages_PyQt6["PyQt6"]\n    node_venv_lib_python3_12_site-packages_PyQt6 --> node_venv_lib_python3_12_site-packages_PyQt6_Qt6["Qt6"]\n    node_venv_lib_python3_12_site-packages_PyQt6_Qt6 --> node_venv_lib_python3_12_site-packages_PyQt6_Qt6_qml["qml"]\n    node_venv_lib_python3_12_site-packages_PyQt6_Qt6_qml --> node_venv_lib_python3_12_site-packages_PyQt6_Qt6_qml_QtQuick3D["QtQuick3D"]\n    node_venv_lib_python3_12_site-packages_PyQt6_Qt6_qml_QtQuick3D --> node_venv_lib_python3_12_site-packages_PyQt6_Qt6_qml_QtQuick3D_ParticleEffects["ParticleEffects"]\n    node_venv_lib_python3_12_site-packages_PyQt6_Qt6_qml_QtQuick3D_ParticleEffects --> node_venv_lib_python3_12_site-packages_PyQt6_Qt6_qml_QtQuick3D_ParticleEffects_designer["designer"]\n    node_venv_lib_python3_12_site-packages_PyQt6_Qt6_qml_QtQuick3D_ParticleEffects_designer --> node_venv_lib_python3_12_site-packages_PyQt6_Qt6_qml_QtQuick3D_ParticleEffects_designer_source["source"]\n    node_venv_lib_python3_12_site-packages_PyQt6_Qt6_qml_QtQuick3D_ParticleEffects_designer_source --> node_venv_lib_python3_12_site-packages_PyQt6_Qt6_qml_QtQuick3D_ParticleEffects_designer_source_particleeffect_snow_qml["particleeffect_snow.qml"]\n    Root --> node_venv["venv"]\n    node_venv --> node_venv_lib["lib"]\n    node_venv_lib --> node_venv_lib_python3_12["python3.12"]\n    node_venv_lib_python3_12 --> node_venv_lib_python3_12_site-packages["site-packages"]\n    node_venv_lib_python3_12_site-packages --> node_venv_lib_python3_12_site-packages_PyQt6["PyQt6"]\n    node_venv_lib_python3_12_site-packages_PyQt6 --> node_venv_lib_python3_12_site-packages_PyQt6_Qt6["Qt6"]\n    node_venv_lib_python3_12_site-packages_PyQt6_Qt6 --> node_venv_lib_python3_12_site-packages_PyQt6_Qt6_qml["qml"]\n    node_venv_lib_python3_12_site-packages_PyQt6_Qt6_qml --> node_venv_lib_python3_12_site-packages_PyQt6_Qt6_qml_QtQuick3D["QtQuick3D"]\n    node_venv_lib_python3_12_site-packages_PyQt6_Qt6_qml_QtQuick3D --> node_venv_lib_python3_12_site-packages_PyQt6_Qt6_qml_QtQuick3D_ParticleEffects["ParticleEffects"]\n    node_venv_lib_python3_12_site-packages_PyQt6_Qt6_qml_QtQuick3D_ParticleEffects --> node_venv_lib_python3_12_site-packages_PyQt6_Qt6_qml_QtQuick3D_ParticleEffects_designer["designer"]\n    node_venv_lib_python3_12_site-packages_PyQt6_Qt6_qml_QtQuick3D_ParticleEffects_designer --> node_venv_lib_python3_12_site-packages_PyQt6_Qt6_qml_QtQuick3D_ParticleEffects_designer_source["source"]\n    node_venv_lib_python3_12_site-packages_PyQt6_Qt6_qml_QtQuick3D_ParticleEffects_designer_source --> node_venv_lib_python3_12_site-packages_PyQt6_Qt6_qml_QtQuick3D_ParticleEffects_designer_source_particleeffect_steam_qml["particleeffect_steam.qml"]\n    Root --> node_venv["venv"]\n    node_venv --> node_venv_lib["lib"]\n    node_venv_lib --> node_venv_lib_python3_12["python3.12"]\n    node_venv_lib_python3_12 --> node_venv_lib_python3_12_site-packages["site-packages"]\n    node_venv_lib_python3_12_site-packages --> node_venv_lib_python3_12_site-packages_PyQt6["PyQt6"]\n    node_venv_lib_python3_12_site-packages_PyQt6 --> node_venv_lib_python3_12_site-packages_PyQt6_Qt6["Qt6"]\n    node_venv_lib_python3_12_site-packages_PyQt6_Qt6 --> node_venv_lib_python3_12_site-packages_PyQt6_Qt6_qml["qml"]\n    node_venv_lib_python3_12_site-packages_PyQt6_Qt6_qml --> node_venv_lib_python3_12_site-packages_PyQt6_Qt6_qml_QtQuick3D["QtQuick3D"]\n    node_venv_lib_python3_12_site-packages_PyQt6_Qt6_qml_QtQuick3D --> node_venv_lib_python3_12_site-packages_PyQt6_Qt6_qml_QtQuick3D_Xr["Xr"]\n    node_venv_lib_python3_12_site-packages_PyQt6_Qt6_qml_QtQuick3D_Xr --> node_venv_lib_python3_12_site-packages_PyQt6_Qt6_qml_QtQuick3D_Xr_XrErrorDialog_qml["XrErrorDialog.qml"]\n    Root --> node_venv["venv"]\n    node_venv --> node_venv_lib["lib"]\n    node_venv_lib --> node_venv_lib_python3_12["python3.12"]\n    node_venv_lib_python3_12 --> node_venv_lib_python3_12_site-packages["site-packages"]\n    node_venv_lib_python3_12_site-packages --> node_venv_lib_python3_12_site-packages_PyQt6["PyQt6"]\n    node_venv_lib_python3_12_site-packages_PyQt6 --> node_venv_lib_python3_12_site-packages_PyQt6_Qt6["Qt6"]\n    node_venv_lib_python3_12_site-packages_PyQt6_Qt6 --> node_venv_lib_python3_12_site-packages_PyQt6_Qt6_qml["qml"]\n    node_venv_lib_python3_12_site-packages_PyQt6_Qt6_qml --> node_venv_lib_python3_12_site-packages_PyQt6_Qt6_qml_QtQuick3D["QtQuick3D"]\n    node_venv_lib_python3_12_site-packages_PyQt6_Qt6_qml_QtQuick3D --> node_venv_lib_python3_12_site-packages_PyQt6_Qt6_qml_QtQuick3D_Xr["Xr"]\n    node_venv_lib_python3_12_site-packages_PyQt6_Qt6_qml_QtQuick3D_Xr --> node_venv_lib_python3_12_site-packages_PyQt6_Qt6_qml_QtQuick3D_Xr_libquick3dxrplugin_dylib["libquick3dxrplugin.dylib"]\n    Root --> node_venv["venv"]\n    node_venv --> node_venv_lib["lib"]\n    node_venv_lib --> node_venv_lib_python3_12["python3.12"]\n    node_venv_lib_python3_12 --> node_venv_lib_python3_12_site-packages["site-packages"]\n    node_venv_lib_python3_12_site-packages --> node_venv_lib_python3_12_site-packages_PyQt6["PyQt6"]\n    node_venv_lib_python3_12_site-packages_PyQt6 --> node_venv_lib_python3_12_site-packages_PyQt6_Qt6["Qt6"]\n    node_venv_lib_python3_12_site-packages_PyQt6_Qt6 --> node_venv_lib_python3_12_site-packages_PyQt6_Qt6_qml["qml"]\n    node_venv_lib_python3_12_site-packages_PyQt6_Qt6_qml --> node_venv_lib_python3_12_site-packages_PyQt6_Qt6_qml_QtQuick3D["QtQuick3D"]\n    node_venv_lib_python3_12_site-packages_PyQt6_Qt6_qml_QtQuick3D --> node_venv_lib_python3_12_site-packages_PyQt6_Qt6_qml_QtQuick3D_Xr["Xr"]\n    node_venv_lib_python3_12_site-packages_PyQt6_Qt6_qml_QtQuick3D_Xr --> node_venv_lib_python3_12_site-packages_PyQt6_Qt6_qml_QtQuick3D_Xr_plugins_qmltypes["plugins.qmltypes"]\n    Root --> node_venv["venv"]\n    node_venv --> node_venv_lib["lib"]\n    node_venv_lib --> node_venv_lib_python3_12["python3.12"]\n    node_venv_lib_python3_12 --> node_venv_lib_python3_12_site-packages["site-packages"]\n    node_venv_lib_python3_12_site-packages --> node_venv_lib_python3_12_site-packages_PyQt6["PyQt6"]\n    node_venv_lib_python3_12_site-packages_PyQt6 --> node_venv_lib_python3_12_site-packages_PyQt6_Qt6["Qt6"]\n    node_venv_lib_python3_12_site-packages_PyQt6_Qt6 --> node_venv_lib_python3_12_site-packages_PyQt6_Qt6_qml["qml"]\n    node_venv_lib_python3_12_site-packages_PyQt6_Qt6_qml --> node_venv_lib_python3_12_site-packages_PyQt6_Qt6_qml_QtQuick3D["QtQuick3D"]\n    node_venv_lib_python3_12_site-packages_PyQt6_Qt6_qml_QtQuick3D --> node_venv_lib_python3_12_site-packages_PyQt6_Qt6_qml_QtQuick3D_Xr["Xr"]\n    node_venv_lib_python3_12_site-packages_PyQt6_Qt6_qml_QtQuick3D_Xr --> node_venv_lib_python3_12_site-packages_PyQt6_Qt6_qml_QtQuick3D_Xr_qmldir["qmldir"]\n    Root --> node_venv["venv"]\n    node_venv --> node_venv_lib["lib"]\n    node_venv_lib --> node_venv_lib_python3_12["python3.12"]\n    node_venv_lib_python3_12 --> node_venv_lib_python3_12_site-packages["site-packages"]\n    node_venv_lib_python3_12_site-packages --> node_venv_lib_python3_12_site-packages_PyQt6["PyQt6"]\n    node_venv_lib_python3_12_site-packages_PyQt6 --> node_venv_lib_python3_12_site-packages_PyQt6_Qt6["Qt6"]\n    node_venv_lib_python3_12_site-packages_PyQt6_Qt6 --> node_venv_lib_python3_12_site-packages_PyQt6_Qt6_qml["qml"]\n    node_venv_lib_python3_12_site-packages_PyQt6_Qt6_qml --> node_venv_lib_python3_12_site-packages_PyQt6_Qt6_qml_QtQuick3D["QtQuick3D"]\n    node_venv_lib_python3_12_site-packages_PyQt6_Qt6_qml_QtQuick3D --> node_venv_lib_python3_12_site-packages_PyQt6_Qt6_qml_QtQuick3D_AssetUtils["AssetUtils"]\n    node_venv_lib_python3_12_site-packages_PyQt6_Qt6_qml_QtQuick3D_AssetUtils --> node_venv_lib_python3_12_site-packages_PyQt6_Qt6_qml_QtQuick3D_AssetUtils_libqtquick3dassetutilsplugin_dylib["libqtquick3dassetutilsplugin.dylib"]\n    Root --> node_venv["venv"]\n    node_venv --> node_venv_lib["lib"]\n    node_venv_lib --> node_venv_lib_python3_12["python3.12"]\n    node_venv_lib_python3_12 --> node_venv_lib_python3_12_site-packages["site-packages"]\n    node_venv_lib_python3_12_site-packages --> node_venv_lib_python3_12_site-packages_PyQt6["PyQt6"]\n    node_venv_lib_python3_12_site-packages_PyQt6 --> node_venv_lib_python3_12_site-packages_PyQt6_Qt6["Qt6"]\n    node_venv_lib_python3_12_site-packages_PyQt6_Qt6 --> node_venv_lib_python3_12_site-packages_PyQt6_Qt6_qml["qml"]\n    node_venv_lib_python3_12_site-packages_PyQt6_Qt6_qml --> node_venv_lib_python3_12_site-packages_PyQt6_Qt6_qml_QtQuick3D["QtQuick3D"]\n    node_venv_lib_python3_12_site-packages_PyQt6_Qt6_qml_QtQuick3D --> node_venv_lib_python3_12_site-packages_PyQt6_Qt6_qml_QtQuick3D_AssetUtils["AssetUtils"]\n    node_venv_lib_python3_12_site-packages_PyQt6_Qt6_qml_QtQuick3D_AssetUtils --> node_venv_lib_python3_12_site-packages_PyQt6_Qt6_qml_QtQuick3D_AssetUtils_plugins_qmltypes["plugins.qmltypes"]\n    Root --> node_venv["venv"]\n    node_venv --> node_venv_lib["lib"]\n    node_venv_lib --> node_venv_lib_python3_12["python3.12"]\n    node_venv_lib_python3_12 --> node_venv_lib_python3_12_site-packages["site-packages"]\n    node_venv_lib_python3_12_site-packages --> node_venv_lib_python3_12_site-packages_PyQt6["PyQt6"]\n    node_venv_lib_python3_12_site-packages_PyQt6 --> node_venv_lib_python3_12_site-packages_PyQt6_Qt6["Qt6"]\n    node_venv_lib_python3_12_site-packages_PyQt6_Qt6 --> node_venv_lib_python3_12_site-packages_PyQt6_Qt6_qml["qml"]\n    node_venv_lib_python3_12_site-packages_PyQt6_Qt6_qml --> node_venv_lib_python3_12_site-packages_PyQt6_Qt6_qml_QtQuick3D["QtQuick3D"]\n    node_venv_lib_python3_12_site-packages_PyQt6_Qt6_qml_QtQuick3D --> node_venv_lib_python3_12_site-packages_PyQt6_Qt6_qml_QtQuick3D_AssetUtils["AssetUtils"]\n    node_venv_lib_python3_12_site-packages_PyQt6_Qt6_qml_QtQuick3D_AssetUtils --> node_venv_lib_python3_12_site-packages_PyQt6_Qt6_qml_QtQuick3D_AssetUtils_qmldir["qmldir"]\n    Root --> node_venv["venv"]\n    node_venv --> node_venv_lib["lib"]\n    node_venv_lib --> node_venv_lib_python3_12["python3.12"]\n    node_venv_lib_python3_12 --> node_venv_lib_python3_12_site-packages["site-packages"]\n    node_venv_lib_python3_12_site-packages --> node_venv_lib_python3_12_site-packages_PyQt6["PyQt6"]\n    node_venv_lib_python3_12_site-packages_PyQt6 --> node_venv_lib_python3_12_site-packages_PyQt6_Qt6["Qt6"]\n    node_venv_lib_python3_12_site-packages_PyQt6_Qt6 --> node_venv_lib_python3_12_site-packages_PyQt6_Qt6_qml["qml"]\n    node_venv_lib_python3_12_site-packages_PyQt6_Qt6_qml --> node_venv_lib_python3_12_site-packages_PyQt6_Qt6_qml_QtQuick3D["QtQuick3D"]\n    node_venv_lib_python3_12_site-packages_PyQt6_Qt6_qml_QtQuick3D --> node_venv_lib_python3_12_site-packages_PyQt6_Qt6_qml_QtQuick3D_AssetUtils["AssetUtils"]\n    node_venv_lib_python3_12_site-packages_PyQt6_Qt6_qml_QtQuick3D_AssetUtils --> node_venv_lib_python3_12_site-packages_PyQt6_Qt6_qml_QtQuick3D_AssetUtils_designer["designer"]\n    node_venv_lib_python3_12_site-packages_PyQt6_Qt6_qml_QtQuick3D_AssetUtils_designer --> node_venv_lib_python3_12_site-packages_PyQt6_Qt6_qml_QtQuick3D_AssetUtils_designer_NodeSection_qml["NodeSection.qml"]\n    Root --> node_venv["venv"]\n    node_venv --> node_venv_lib["lib"]\n    node_venv_lib --> node_venv_lib_python3_12["python3.12"]\n    node_venv_lib_python3_12 --> node_venv_lib_python3_12_site-packages["site-packages"]\n    node_venv_lib_python3_12_site-packages --> node_venv_lib_python3_12_site-packages_PyQt6["PyQt6"]\n    node_venv_lib_python3_12_site-packages_PyQt6 --> node_venv_lib_python3_12_site-packages_PyQt6_Qt6["Qt6"]\n    node_venv_lib_python3_12_site-packages_PyQt6_Qt6 --> node_venv_lib_python3_12_site-packages_PyQt6_Qt6_qml["qml"]\n    node_venv_lib_python3_12_site-packages_PyQt6_Qt6_qml --> node_venv_lib_python3_12_site-packages_PyQt6_Qt6_qml_QtQuick3D["QtQuick3D"]\n    node_venv_lib_python3_12_site-packages_PyQt6_Qt6_qml_QtQuick3D --> node_venv_lib_python3_12_site-packages_PyQt6_Qt6_qml_QtQuick3D_AssetUtils["AssetUtils"]\n    node_venv_lib_python3_12_site-packages_PyQt6_Qt6_qml_QtQuick3D_AssetUtils --> node_venv_lib_python3_12_site-packages_PyQt6_Qt6_qml_QtQuick3D_AssetUtils_designer["designer"]\n    node_venv_lib_python3_12_site-packages_PyQt6_Qt6_qml_QtQuick3D_AssetUtils_designer --> node_venv_lib_python3_12_site-packages_PyQt6_Qt6_qml_QtQuick3D_AssetUtils_designer_RuntimeLoaderSection_qml["RuntimeLoaderSection.qml"]\n    Root --> node_venv["venv"]\n    node_venv --> node_venv_lib["lib"]\n    node_venv_lib --> node_venv_lib_python3_12["python3.12"]\n    node_venv_lib_python3_12 --> node_venv_lib_python3_12_site-packages["site-packages"]\n    node_venv_lib_python3_12_site-packages --> node_venv_lib_python3_12_site-packages_PyQt6["PyQt6"]\n    node_venv_lib_python3_12_site-packages_PyQt6 --> node_venv_lib_python3_12_site-packages_PyQt6_Qt6["Qt6"]\n    node_venv_lib_python3_12_site-packages_PyQt6_Qt6 --> node_venv_lib_python3_12_site-packages_PyQt6_Qt6_qml["qml"]\n    node_venv_lib_python3_12_site-packages_PyQt6_Qt6_qml --> node_venv_lib_python3_12_site-packages_PyQt6_Qt6_qml_QtQuick3D["QtQuick3D"]\n    node_venv_lib_python3_12_site-packages_PyQt6_Qt6_qml_QtQuick3D --> node_venv_lib_python3_12_site-packages_PyQt6_Qt6_qml_QtQuick3D_AssetUtils["AssetUtils"]\n    node_venv_lib_python3_12_site-packages_PyQt6_Qt6_qml_QtQuick3D_AssetUtils --> node_venv_lib_python3_12_site-packages_PyQt6_Qt6_qml_QtQuick3D_AssetUtils_designer["designer"]\n    node_venv_lib_python3_12_site-packages_PyQt6_Qt6_qml_QtQuick3D_AssetUtils_designer --> node_venv_lib_python3_12_site-packages_PyQt6_Qt6_qml_QtQuick3D_AssetUtils_designer_RuntimeLoaderSpecifics_qml["RuntimeLoaderSpecifics.qml"]\n    Root --> node_venv["venv"]\n    node_venv --> node_venv_lib["lib"]\n    node_venv_lib --> node_venv_lib_python3_12["python3.12"]\n    node_venv_lib_python3_12 --> node_venv_lib_python3_12_site-packages["site-packages"]\n    node_venv_lib_python3_12_site-packages --> node_venv_lib_python3_12_site-packages_PyQt6["PyQt6"]\n    node_venv_lib_python3_12_site-packages_PyQt6 --> node_venv_lib_python3_12_site-packages_PyQt6_Qt6["Qt6"]\n    node_venv_lib_python3_12_site-packages_PyQt6_Qt6 --> node_venv_lib_python3_12_site-packages_PyQt6_Qt6_qml["qml"]\n    node_venv_lib_python3_12_site-packages_PyQt6_Qt6_qml --> node_venv_lib_python3_12_site-packages_PyQt6_Qt6_qml_QtQuick3D["QtQuick3D"]\n    node_venv_lib_python3_12_site-packages_PyQt6_Qt6_qml_QtQuick3D --> node_venv_lib_python3_12_site-packages_PyQt6_Qt6_qml_QtQuick3D_AssetUtils["AssetUtils"]\n    node_venv_lib_python3_12_site-packages_PyQt6_Qt6_qml_QtQuick3D_AssetUtils --> node_venv_lib_python3_12_site-packages_PyQt6_Qt6_qml_QtQuick3D_AssetUtils_designer["designer"]\n    node_venv_lib_python3_12_site-packages_PyQt6_Qt6_qml_QtQuick3D_AssetUtils_designer --> node_venv_lib_python3_12_site-packages_PyQt6_Qt6_qml_QtQuick3D_AssetUtils_designer_assetutils_metainfo["assetutils.metainfo"]\n    Root --> node_venv["venv"]\n    node_venv --> node_venv_lib["lib"]\n    node_venv_lib --> node_venv_lib_python3_12["python3.12"]\n    node_venv_lib_python3_12 --> node_venv_lib_python3_12_site-packages["site-packages"]\n    node_venv_lib_python3_12_site-packages --> node_venv_lib_python3_12_site-packages_PyQt6["PyQt6"]\n    node_venv_lib_python3_12_site-packages_PyQt6 --> node_venv_lib_python3_12_site-packages_PyQt6_Qt6["Qt6"]\n    node_venv_lib_python3_12_site-packages_PyQt6_Qt6 --> node_venv_lib_python3_12_site-packages_PyQt6_Qt6_qml["qml"]\n    node_venv_lib_python3_12_site-packages_PyQt6_Qt6_qml --> node_venv_lib_python3_12_site-packages_PyQt6_Qt6_qml_QtQuick3D["QtQuick3D"]\n    node_venv_lib_python3_12_site-packages_PyQt6_Qt6_qml_QtQuick3D --> node_venv_lib_python3_12_site-packages_PyQt6_Qt6_qml_QtQuick3D_AssetUtils["AssetUtils"]\n    node_venv_lib_python3_12_site-packages_PyQt6_Qt6_qml_QtQuick3D_AssetUtils --> node_venv_lib_python3_12_site-packages_PyQt6_Qt6_qml_QtQuick3D_AssetUtils_designer["designer"]\n    node_venv_lib_python3_12_site-packages_PyQt6_Qt6_qml_QtQuick3D_AssetUtils_designer --> node_venv_lib_python3_12_site-packages_PyQt6_Qt6_qml_QtQuick3D_AssetUtils_designer_images["images"]\n    node_venv_lib_python3_12_site-packages_PyQt6_Qt6_qml_QtQuick3D_AssetUtils_designer_images --> node_venv_lib_python3_12_site-packages_PyQt6_Qt6_qml_QtQuick3D_AssetUtils_designer_images_dummy_png["dummy.png"]\n    Root --> node_venv["venv"]\n    node_venv --> node_venv_lib["lib"]\n    node_venv_lib --> node_venv_lib_python3_12["python3.12"]\n    node_venv_lib_python3_12 --> node_venv_lib_python3_12_site-packages["site-packages"]\n    node_venv_lib_python3_12_site-packages --> node_venv_lib_python3_12_site-packages_PyQt6["PyQt6"]\n    node_venv_lib_python3_12_site-packages_PyQt6 --> node_venv_lib_python3_12_site-packages_PyQt6_Qt6["Qt6"]\n    node_venv_lib_python3_12_site-packages_PyQt6_Qt6 --> node_venv_lib_python3_12_site-packages_PyQt6_Qt6_qml["qml"]\n    node_venv_lib_python3_12_site-packages_PyQt6_Qt6_qml --> node_venv_lib_python3_12_site-packages_PyQt6_Qt6_qml_QtQuick3D["QtQuick3D"]\n    node_venv_lib_python3_12_site-packages_PyQt6_Qt6_qml_QtQuick3D --> node_venv_lib_python3_12_site-packages_PyQt6_Qt6_qml_QtQuick3D_AssetUtils["AssetUtils"]\n    node_venv_lib_python3_12_site-packages_PyQt6_Qt6_qml_QtQuick3D_AssetUtils --> node_venv_lib_python3_12_site-packages_PyQt6_Qt6_qml_QtQuick3D_AssetUtils_designer["designer"]\n    node_venv_lib_python3_12_site-packages_PyQt6_Qt6_qml_QtQuick3D_AssetUtils_designer --> node_venv_lib_python3_12_site-packages_PyQt6_Qt6_qml_QtQuick3D_AssetUtils_designer_images["images"]\n    node_venv_lib_python3_12_site-packages_PyQt6_Qt6_qml_QtQuick3D_AssetUtils_designer_images --> node_venv_lib_python3_12_site-packages_PyQt6_Qt6_qml_QtQuick3D_AssetUtils_designer_images_dummy16_png["dummy16.png"]\n    Root --> node_venv["venv"]\n    node_venv --> node_venv_lib["lib"]\n    node_venv_lib --> node_venv_lib_python3_12["python3.12"]\n    node_venv_lib_python3_12 --> node_venv_lib_python3_12_site-packages["site-packages"]\n    node_venv_lib_python3_12_site-packages --> node_venv_lib_python3_12_site-packages_PyQt6["PyQt6"]\n    node_venv_lib_python3_12_site-packages_PyQt6 --> node_venv_lib_python3_12_site-packages_PyQt6_Qt6["Qt6"]\n    node_venv_lib_python3_12_site-packages_PyQt6_Qt6 --> node_venv_lib_python3_12_site-packages_PyQt6_Qt6_qml["qml"]\n    node_venv_lib_python3_12_site-packages_PyQt6_Qt6_qml --> node_venv_lib_python3_12_site-packages_PyQt6_Qt6_qml_QtQuick3D["QtQuick3D"]\n    node_venv_lib_python3_12_site-packages_PyQt6_Qt6_qml_QtQuick3D --> node_venv_lib_python3_12_site-packages_PyQt6_Qt6_qml_QtQuick3D_AssetUtils["AssetUtils"]\n    node_venv_lib_python3_12_site-packages_PyQt6_Qt6_qml_QtQuick3D_AssetUtils --> node_venv_lib_python3_12_site-packages_PyQt6_Qt6_qml_QtQuick3D_AssetUtils_designer["designer"]\n    node_venv_lib_python3_12_site-packages_PyQt6_Qt6_qml_QtQuick3D_AssetUtils_designer --> node_venv_lib_python3_12_site-packages_PyQt6_Qt6_qml_QtQuick3D_AssetUtils_designer_images["images"]\n    node_venv_lib_python3_12_site-packages_PyQt6_Qt6_qml_QtQuick3D_AssetUtils_designer_images --> node_venv_lib_python3_12_site-packages_PyQt6_Qt6_qml_QtQuick3D_AssetUtils_designer_images_dummy@2x_png["dummy@2x.png"]\n    Root --> node_venv["venv"]\n    node_venv --> node_venv_lib["lib"]\n    node_venv_lib --> node_venv_lib_python3_12["python3.12"]\n    node_venv_lib_python3_12 --> node_venv_lib_python3_12_site-packages["site-packages"]\n    node_venv_lib_python3_12_site-packages --> node_venv_lib_python3_12_site-packages_PyQt6["PyQt6"]\n    node_venv_lib_python3_12_site-packages_PyQt6 --> node_venv_lib_python3_12_site-packages_PyQt6_Qt6["Qt6"]\n    node_venv_lib_python3_12_site-packages_PyQt6_Qt6 --> node_venv_lib_python3_12_site-packages_PyQt6_Qt6_qml["qml"]\n    node_venv_lib_python3_12_site-packages_PyQt6_Qt6_qml --> node_venv_lib_python3_12_site-packages_PyQt6_Qt6_qml_QtQuick3D["QtQuick3D"]\n    node_venv_lib_python3_12_site-packages_PyQt6_Qt6_qml_QtQuick3D --> node_venv_lib_python3_12_site-packages_PyQt6_Qt6_qml_QtQuick3D_AssetUtils["AssetUtils"]\n    node_venv_lib_python3_12_site-packages_PyQt6_Qt6_qml_QtQuick3D_AssetUtils --> node_venv_lib_python3_12_site-packages_PyQt6_Qt6_qml_QtQuick3D_AssetUtils_designer["designer"]\n    node_venv_lib_python3_12_site-packages_PyQt6_Qt6_qml_QtQuick3D_AssetUtils_designer --> node_venv_lib_python3_12_site-packages_PyQt6_Qt6_qml_QtQuick3D_AssetUtils_designer_images["images"]\n    node_venv_lib_python3_12_site-packages_PyQt6_Qt6_qml_QtQuick3D_AssetUtils_designer_images --> node_venv_lib_python3_12_site-packages_PyQt6_Qt6_qml_QtQuick3D_AssetUtils_designer_images_runtimeloader_png["runtimeloader.png"]\n    Root --> node_venv["venv"]\n    node_venv --> node_venv_lib["lib"]\n    node_venv_lib --> node_venv_lib_python3_12["python3.12"]\n    node_venv_lib_python3_12 --> node_venv_lib_python3_12_site-packages["site-packages"]\n    node_venv_lib_python3_12_site-packages --> node_venv_lib_python3_12_site-packages_PyQt6["PyQt6"]\n    node_venv_lib_python3_12_site-packages_PyQt6 --> node_venv_lib_python3_12_site-packages_PyQt6_Qt6["Qt6"]\n    node_venv_lib_python3_12_site-packages_PyQt6_Qt6 --> node_venv_lib_python3_12_site-packages_PyQt6_Qt6_qml["qml"]\n    node_venv_lib_python3_12_site-packages_PyQt6_Qt6_qml --> node_venv_lib_python3_12_site-packages_PyQt6_Qt6_qml_QtQuick3D["QtQuick3D"]\n    node_venv_lib_python3_12_site-packages_PyQt6_Qt6_qml_QtQuick3D --> node_venv_lib_python3_12_site-packages_PyQt6_Qt6_qml_QtQuick3D_AssetUtils["AssetUtils"]\n    node_venv_lib_python3_12_site-packages_PyQt6_Qt6_qml_QtQuick3D_AssetUtils --> node_venv_lib_python3_12_site-packages_PyQt6_Qt6_qml_QtQuick3D_AssetUtils_designer["designer"]\n    node_venv_lib_python3_12_site-packages_PyQt6_Qt6_qml_QtQuick3D_AssetUtils_designer --> node_venv_lib_python3_12_site-packages_PyQt6_Qt6_qml_QtQuick3D_AssetUtils_designer_images["images"]\n    node_venv_lib_python3_12_site-packages_PyQt6_Qt6_qml_QtQuick3D_AssetUtils_designer_images --> node_venv_lib_python3_12_site-packages_PyQt6_Qt6_qml_QtQuick3D_AssetUtils_designer_images_runtimeloader16_png["runtimeloader16.png"]\n    Root --> node_venv["venv"]\n    node_venv --> node_venv_lib["lib"]\n    node_venv_lib --> node_venv_lib_python3_12["python3.12"]\n    node_venv_lib_python3_12 --> node_venv_lib_python3_12_site-packages["site-packages"]\n    node_venv_lib_python3_12_site-packages --> node_venv_lib_python3_12_site-packages_PyQt6["PyQt6"]\n    node_venv_lib_python3_12_site-packages_PyQt6 --> node_venv_lib_python3_12_site-packages_PyQt6_Qt6["Qt6"]\n    node_venv_lib_python3_12_site-packages_PyQt6_Qt6 --> node_venv_lib_python3_12_site-packages_PyQt6_Qt6_qml["qml"]\n    node_venv_lib_python3_12_site-packages_PyQt6_Qt6_qml --> node_venv_lib_python3_12_site-packages_PyQt6_Qt6_qml_QtQuick3D["QtQuick3D"]\n    node_venv_lib_python3_12_site-packages_PyQt6_Qt6_qml_QtQuick3D --> node_venv_lib_python3_12_site-packages_PyQt6_Qt6_qml_QtQuick3D_AssetUtils["AssetUtils"]\n    node_venv_lib_python3_12_site-packages_PyQt6_Qt6_qml_QtQuick3D_AssetUtils --> node_venv_lib_python3_12_site-packages_PyQt6_Qt6_qml_QtQuick3D_AssetUtils_designer["designer"]\n    node_venv_lib_python3_12_site-packages_PyQt6_Qt6_qml_QtQuick3D_AssetUtils_designer --> node_venv_lib_python3_12_site-packages_PyQt6_Qt6_qml_QtQuick3D_AssetUtils_designer_images["images"]\n    node_venv_lib_python3_12_site-packages_PyQt6_Qt6_qml_QtQuick3D_AssetUtils_designer_images --> node_venv_lib_python3_12_site-packages_PyQt6_Qt6_qml_QtQuick3D_AssetUtils_designer_images_runtimeloader@2x_png["runtimeloader@2x.png"]\n    Root --> node_venv["venv"]\n    node_venv --> node_venv_lib["lib"]\n    node_venv_lib --> node_venv_lib_python3_12["python3.12"]\n    node_venv_lib_python3_12 --> node_venv_lib_python3_12_site-packages["site-packages"]\n    node_venv_lib_python3_12_site-packages --> node_venv_lib_python3_12_site-packages_PyQt6["PyQt6"]\n    node_venv_lib_python3_12_site-packages_PyQt6 --> node_venv_lib_python3_12_site-packages_PyQt6_Qt6["Qt6"]\n    node_venv_lib_python3_12_site-packages_PyQt6_Qt6 --> node_venv_lib_python3_12_site-packages_PyQt6_Qt6_qml["qml"]\n    node_venv_lib_python3_12_site-packages_PyQt6_Qt6_qml --> node_venv_lib_python3_12_site-packages_PyQt6_Qt6_qml_QtQuick3D["QtQuick3D"]\n    node_venv_lib_python3_12_site-packages_PyQt6_Qt6_qml_QtQuick3D --> node_venv_lib_python3_12_site-packages_PyQt6_Qt6_qml_QtQuick3D_SpatialAudio["SpatialAudio"]\n    node_venv_lib_python3_12_site-packages_PyQt6_Qt6_qml_QtQuick3D_SpatialAudio --> node_venv_lib_python3_12_site-packages_PyQt6_Qt6_qml_QtQuick3D_SpatialAudio_libquick3dspatialaudioplugin_dylib["libquick3dspatialaudioplugin.dylib"]\n    Root --> node_venv["venv"]\n    node_venv --> node_venv_lib["lib"]\n    node_venv_lib --> node_venv_lib_python3_12["python3.12"]\n    node_venv_lib_python3_12 --> node_venv_lib_python3_12_site-packages["site-packages"]\n    node_venv_lib_python3_12_site-packages --> node_venv_lib_python3_12_site-packages_PyQt6["PyQt6"]\n    node_venv_lib_python3_12_site-packages_PyQt6 --> node_venv_lib_python3_12_site-packages_PyQt6_Qt6["Qt6"]\n    node_venv_lib_python3_12_site-packages_PyQt6_Qt6 --> node_venv_lib_python3_12_site-packages_PyQt6_Qt6_qml["qml"]\n    node_venv_lib_python3_12_site-packages_PyQt6_Qt6_qml --> node_venv_lib_python3_12_site-packages_PyQt6_Qt6_qml_QtQuick3D["QtQuick3D"]\n    node_venv_lib_python3_12_site-packages_PyQt6_Qt6_qml_QtQuick3D --> node_venv_lib_python3_12_site-packages_PyQt6_Qt6_qml_QtQuick3D_SpatialAudio["SpatialAudio"]\n    node_venv_lib_python3_12_site-packages_PyQt6_Qt6_qml_QtQuick3D_SpatialAudio --> node_venv_lib_python3_12_site-packages_PyQt6_Qt6_qml_QtQuick3D_SpatialAudio_plugins_qmltypes["plugins.qmltypes"]\n    Root --> node_venv["venv"]\n    node_venv --> node_venv_lib["lib"]\n    node_venv_lib --> node_venv_lib_python3_12["python3.12"]\n    node_venv_lib_python3_12 --> node_venv_lib_python3_12_site-packages["site-packages"]\n    node_venv_lib_python3_12_site-packages --> node_venv_lib_python3_12_site-packages_PyQt6["PyQt6"]\n    node_venv_lib_python3_12_site-packages_PyQt6 --> node_venv_lib_python3_12_site-packages_PyQt6_Qt6["Qt6"]\n    node_venv_lib_python3_12_site-packages_PyQt6_Qt6 --> node_venv_lib_python3_12_site-packages_PyQt6_Qt6_qml["qml"]\n    node_venv_lib_python3_12_site-packages_PyQt6_Qt6_qml --> node_venv_lib_python3_12_site-packages_PyQt6_Qt6_qml_QtQuick3D["QtQuick3D"]\n    node_venv_lib_python3_12_site-packages_PyQt6_Qt6_qml_QtQuick3D --> node_venv_lib_python3_12_site-packages_PyQt6_Qt6_qml_QtQuick3D_SpatialAudio["SpatialAudio"]\n    node_venv_lib_python3_12_site-packages_PyQt6_Qt6_qml_QtQuick3D_SpatialAudio --> node_venv_lib_python3_12_site-packages_PyQt6_Qt6_qml_QtQuick3D_SpatialAudio_qmldir["qmldir"]\n    Root --> node_venv["venv"]\n    node_venv --> node_venv_lib["lib"]\n    node_venv_lib --> node_venv_lib_python3_12["python3.12"]\n    node_venv_lib_python3_12 --> node_venv_lib_python3_12_site-packages["site-packages"]\n    node_venv_lib_python3_12_site-packages --> node_venv_lib_python3_12_site-packages_PyQt6["PyQt6"]\n    node_venv_lib_python3_12_site-packages_PyQt6 --> node_venv_lib_python3_12_site-packages_PyQt6_Qt6["Qt6"]\n    node_venv_lib_python3_12_site-packages_PyQt6_Qt6 --> node_venv_lib_python3_12_site-packages_PyQt6_Qt6_qml["qml"]\n    node_venv_lib_python3_12_site-packages_PyQt6_Qt6_qml --> node_venv_lib_python3_12_site-packages_PyQt6_Qt6_qml_QtQuick3D["QtQuick3D"]\n    node_venv_lib_python3_12_site-packages_PyQt6_Qt6_qml_QtQuick3D --> node_venv_lib_python3_12_site-packages_PyQt6_Qt6_qml_QtQuick3D_designer["designer"]\n    node_venv_lib_python3_12_site-packages_PyQt6_Qt6_qml_QtQuick3D_designer --> node_venv_lib_python3_12_site-packages_PyQt6_Qt6_qml_QtQuick3D_designer_AbstractLightSection_qml["AbstractLightSection.qml"]\n    Root --> node_venv["venv"]\n    node_venv --> node_venv_lib["lib"]\n    node_venv_lib --> node_venv_lib_python3_12["python3.12"]\n    node_venv_lib_python3_12 --> node_venv_lib_python3_12_site-packages["site-packages"]\n    node_venv_lib_python3_12_site-packages --> node_venv_lib_python3_12_site-packages_PyQt6["PyQt6"]\n    node_venv_lib_python3_12_site-packages_PyQt6 --> node_venv_lib_python3_12_site-packages_PyQt6_Qt6["Qt6"]\n    node_venv_lib_python3_12_site-packages_PyQt6_Qt6 --> node_venv_lib_python3_12_site-packages_PyQt6_Qt6_qml["qml"]\n    node_venv_lib_python3_12_site-packages_PyQt6_Qt6_qml --> node_venv_lib_python3_12_site-packages_PyQt6_Qt6_qml_QtQuick3D["QtQuick3D"]\n    node_venv_lib_python3_12_site-packages_PyQt6_Qt6_qml_QtQuick3D --> node_venv_lib_python3_12_site-packages_PyQt6_Qt6_qml_QtQuick3D_designer["designer"]\n    node_venv_lib_python3_12_site-packages_PyQt6_Qt6_qml_QtQuick3D_designer --> node_venv_lib_python3_12_site-packages_PyQt6_Qt6_qml_QtQuick3D_designer_BufferInputSection_qml["BufferInputSection.qml"]\n    Root --> node_venv["venv"]\n    node_venv --> node_venv_lib["lib"]\n    node_venv_lib --> node_venv_lib_python3_12["python3.12"]\n    node_venv_lib_python3_12 --> node_venv_lib_python3_12_site-packages["site-packages"]\n    node_venv_lib_python3_12_site-packages --> node_venv_lib_python3_12_site-packages_PyQt6["PyQt6"]\n    node_venv_lib_python3_12_site-packages_PyQt6 --> node_venv_lib_python3_12_site-packages_PyQt6_Qt6["Qt6"]\n    node_venv_lib_python3_12_site-packages_PyQt6_Qt6 --> node_venv_lib_python3_12_site-packages_PyQt6_Qt6_qml["qml"]\n    node_venv_lib_python3_12_site-packages_PyQt6_Qt6_qml --> node_venv_lib_python3_12_site-packages_PyQt6_Qt6_qml_QtQuick3D["QtQuick3D"]\n    node_venv_lib_python3_12_site-packages_PyQt6_Qt6_qml_QtQuick3D --> node_venv_lib_python3_12_site-packages_PyQt6_Qt6_qml_QtQuick3D_designer["designer"]\n    node_venv_lib_python3_12_site-packages_PyQt6_Qt6_qml_QtQuick3D_designer --> node_venv_lib_python3_12_site-packages_PyQt6_Qt6_qml_QtQuick3D_designer_BufferInputSpecifics_qml["BufferInputSpecifics.qml"]\n    Root --> node_venv["venv"]\n    node_venv --> node_venv_lib["lib"]\n    node_venv_lib --> node_venv_lib_python3_12["python3.12"]\n    node_venv_lib_python3_12 --> node_venv_lib_python3_12_site-packages["site-packages"]\n    node_venv_lib_python3_12_site-packages --> node_venv_lib_python3_12_site-packages_PyQt6["PyQt6"]\n    node_venv_lib_python3_12_site-packages_PyQt6 --> node_venv_lib_python3_12_site-packages_PyQt6_Qt6["Qt6"]\n    node_venv_lib_python3_12_site-packages_PyQt6_Qt6 --> node_venv_lib_python3_12_site-packages_PyQt6_Qt6_qml["qml"]\n    node_venv_lib_python3_12_site-packages_PyQt6_Qt6_qml --> node_venv_lib_python3_12_site-packages_PyQt6_Qt6_qml_QtQuick3D["QtQuick3D"]\n    node_venv_lib_python3_12_site-packages_PyQt6_Qt6_qml_QtQuick3D --> node_venv_lib_python3_12_site-packages_PyQt6_Qt6_qml_QtQuick3D_designer["designer"]\n    node_venv_lib_python3_12_site-packages_PyQt6_Qt6_qml_QtQuick3D_designer --> node_venv_lib_python3_12_site-packages_PyQt6_Qt6_qml_QtQuick3D_designer_BufferSection_qml["BufferSection.qml"]\n    Root --> node_venv["venv"]\n    node_venv --> node_venv_lib["lib"]\n    node_venv_lib --> node_venv_lib_python3_12["python3.12"]\n    node_venv_lib_python3_12 --> node_venv_lib_python3_12_site-packages["site-packages"]\n    node_venv_lib_python3_12_site-packages --> node_venv_lib_python3_12_site-packages_PyQt6["PyQt6"]\n    node_venv_lib_python3_12_site-packages_PyQt6 --> node_venv_lib_python3_12_site-packages_PyQt6_Qt6["Qt6"]\n    node_venv_lib_python3_12_site-packages_PyQt6_Qt6 --> node_venv_lib_python3_12_site-packages_PyQt6_Qt6_qml["qml"]\n    node_venv_lib_python3_12_site-packages_PyQt6_Qt6_qml --> node_venv_lib_python3_12_site-packages_PyQt6_Qt6_qml_QtQuick3D["QtQuick3D"]\n    node_venv_lib_python3_12_site-packages_PyQt6_Qt6_qml_QtQuick3D --> node_venv_lib_python3_12_site-packages_PyQt6_Qt6_qml_QtQuick3D_designer["designer"]\n    node_venv_lib_python3_12_site-packages_PyQt6_Qt6_qml_QtQuick3D_designer --> node_venv_lib_python3_12_site-packages_PyQt6_Qt6_qml_QtQuick3D_designer_BufferSpecifics_qml["BufferSpecifics.qml"]\n    Root --> node_venv["venv"]\n    node_venv --> node_venv_lib["lib"]\n    node_venv_lib --> node_venv_lib_python3_12["python3.12"]\n    node_venv_lib_python3_12 --> node_venv_lib_python3_12_site-packages["site-packages"]\n    node_venv_lib_python3_12_site-packages --> node_venv_lib_python3_12_site-packages_PyQt6["PyQt6"]\n    node_venv_lib_python3_12_site-packages_PyQt6 --> node_venv_lib_python3_12_site-packages_PyQt6_Qt6["Qt6"]\n    node_venv_lib_python3_12_site-packages_PyQt6_Qt6 --> node_venv_lib_python3_12_site-packages_PyQt6_Qt6_qml["qml"]\n    node_venv_lib_python3_12_site-packages_PyQt6_Qt6_qml --> node_venv_lib_python3_12_site-packages_PyQt6_Qt6_qml_QtQuick3D["QtQuick3D"]\n    node_venv_lib_python3_12_site-packages_PyQt6_Qt6_qml_QtQuick3D --> node_venv_lib_python3_12_site-packages_PyQt6_Qt6_qml_QtQuick3D_designer["designer"]\n    node_venv_lib_python3_12_site-packages_PyQt6_Qt6_qml_QtQuick3D_designer --> node_venv_lib_python3_12_site-packages_PyQt6_Qt6_qml_QtQuick3D_designer_CameraSection_qml["CameraSection.qml"]\n    Root --> node_venv["venv"]\n    node_venv --> node_venv_lib["lib"]\n    node_venv_lib --> node_venv_lib_python3_12["python3.12"]\n    node_venv_lib_python3_12 --> node_venv_lib_python3_12_site-packages["site-packages"]\n    node_venv_lib_python3_12_site-packages --> node_venv_lib_python3_12_site-packages_PyQt6["PyQt6"]\n    node_venv_lib_python3_12_site-packages_PyQt6 --> node_venv_lib_python3_12_site-packages_PyQt6_Qt6["Qt6"]\n    node_venv_lib_python3_12_site-packages_PyQt6_Qt6 --> node_venv_lib_python3_12_site-packages_PyQt6_Qt6_qml["qml"]\n    node_venv_lib_python3_12_site-packages_PyQt6_Qt6_qml --> node_venv_lib_python3_12_site-packages_PyQt6_Qt6_qml_QtQuick3D["QtQuick3D"]\n    node_venv_lib_python3_12_site-packages_PyQt6_Qt6_qml_QtQuick3D --> node_venv_lib_python3_12_site-packages_PyQt6_Qt6_qml_QtQuick3D_designer["designer"]\n    node_venv_lib_python3_12_site-packages_PyQt6_Qt6_qml_QtQuick3D_designer --> node_venv_lib_python3_12_site-packages_PyQt6_Qt6_qml_QtQuick3D_designer_CascadesSection_qml["CascadesSection.qml"]\n    Root --> node_venv["venv"]\n    node_venv --> node_venv_lib["lib"]\n    node_venv_lib --> node_venv_lib_python3_12["python3.12"]\n    node_venv_lib_python3_12 --> node_venv_lib_python3_12_site-packages["site-packages"]\n    node_venv_lib_python3_12_site-packages --> node_venv_lib_python3_12_site-packages_PyQt6["PyQt6"]\n    node_venv_lib_python3_12_site-packages_PyQt6 --> node_venv_lib_python3_12_site-packages_PyQt6_Qt6["Qt6"]\n    node_venv_lib_python3_12_site-packages_PyQt6_Qt6 --> node_venv_lib_python3_12_site-packages_PyQt6_Qt6_qml["qml"]\n    node_venv_lib_python3_12_site-packages_PyQt6_Qt6_qml --> node_venv_lib_python3_12_site-packages_PyQt6_Qt6_qml_QtQuick3D["QtQuick3D"]\n    node_venv_lib_python3_12_site-packages_PyQt6_Qt6_qml_QtQuick3D --> node_venv_lib_python3_12_site-packages_PyQt6_Qt6_qml_QtQuick3D_designer["designer"]\n    node_venv_lib_python3_12_site-packages_PyQt6_Qt6_qml_QtQuick3D_designer --> node_venv_lib_python3_12_site-packages_PyQt6_Qt6_qml_QtQuick3D_designer_CubeMapTextureSpecifics_qml["CubeMapTextureSpecifics.qml"]\n    Root --> node_venv["venv"]\n    node_venv --> node_venv_lib["lib"]\n    node_venv_lib --> node_venv_lib_python3_12["python3.12"]\n    node_venv_lib_python3_12 --> node_venv_lib_python3_12_site-packages["site-packages"]\n    node_venv_lib_python3_12_site-packages --> node_venv_lib_python3_12_site-packages_PyQt6["PyQt6"]\n    node_venv_lib_python3_12_site-packages_PyQt6 --> node_venv_lib_python3_12_site-packages_PyQt6_Qt6["Qt6"]\n    node_venv_lib_python3_12_site-packages_PyQt6_Qt6 --> node_venv_lib_python3_12_site-packages_PyQt6_Qt6_qml["qml"]\n    node_venv_lib_python3_12_site-packages_PyQt6_Qt6_qml --> node_venv_lib_python3_12_site-packages_PyQt6_Qt6_qml_QtQuick3D["QtQuick3D"]\n    node_venv_lib_python3_12_site-packages_PyQt6_Qt6_qml_QtQuick3D --> node_venv_lib_python3_12_site-packages_PyQt6_Qt6_qml_QtQuick3D_designer["designer"]\n    node_venv_lib_python3_12_site-packages_PyQt6_Qt6_qml_QtQuick3D_designer --> node_venv_lib_python3_12_site-packages_PyQt6_Qt6_qml_QtQuick3D_designer_CustomCameraSpecifics_qml["CustomCameraSpecifics.qml"]\n    Root --> node_venv["venv"]\n    node_venv --> node_venv_lib["lib"]\n    node_venv_lib --> node_venv_lib_python3_12["python3.12"]\n    node_venv_lib_python3_12 --> node_venv_lib_python3_12_site-packages["site-packages"]\n    node_venv_lib_python3_12_site-packages --> node_venv_lib_python3_12_site-packages_PyQt6["PyQt6"]\n    node_venv_lib_python3_12_site-packages_PyQt6 --> node_venv_lib_python3_12_site-packages_PyQt6_Qt6["Qt6"]\n    node_venv_lib_python3_12_site-packages_PyQt6_Qt6 --> node_venv_lib_python3_12_site-packages_PyQt6_Qt6_qml["qml"]\n    node_venv_lib_python3_12_site-packages_PyQt6_Qt6_qml --> node_venv_lib_python3_12_site-packages_PyQt6_Qt6_qml_QtQuick3D["QtQuick3D"]\n    node_venv_lib_python3_12_site-packages_PyQt6_Qt6_qml_QtQuick3D --> node_venv_lib_python3_12_site-packages_PyQt6_Qt6_qml_QtQuick3D_designer["designer"]\n    node_venv_lib_python3_12_site-packages_PyQt6_Qt6_qml_QtQuick3D_designer --> node_venv_lib_python3_12_site-packages_PyQt6_Qt6_qml_QtQuick3D_designer_CustomMaterialSection_qml["CustomMaterialSection.qml"]\n    Root --> node_venv["venv"]\n    node_venv --> node_venv_lib["lib"]\n    node_venv_lib --> node_venv_lib_python3_12["python3.12"]\n    node_venv_lib_python3_12 --> node_venv_lib_python3_12_site-packages["site-packages"]\n    node_venv_lib_python3_12_site-packages --> node_venv_lib_python3_12_site-packages_PyQt6["PyQt6"]\n    node_venv_lib_python3_12_site-packages_PyQt6 --> node_venv_lib_python3_12_site-packages_PyQt6_Qt6["Qt6"]\n    node_venv_lib_python3_12_site-packages_PyQt6_Qt6 --> node_venv_lib_python3_12_site-packages_PyQt6_Qt6_qml["qml"]\n    node_venv_lib_python3_12_site-packages_PyQt6_Qt6_qml --> node_venv_lib_python3_12_site-packages_PyQt6_Qt6_qml_QtQuick3D["QtQuick3D"]\n    node_venv_lib_python3_12_site-packages_PyQt6_Qt6_qml_QtQuick3D --> node_venv_lib_python3_12_site-packages_PyQt6_Qt6_qml_QtQuick3D_designer["designer"]\n    node_venv_lib_python3_12_site-packages_PyQt6_Qt6_qml_QtQuick3D_designer --> node_venv_lib_python3_12_site-packages_PyQt6_Qt6_qml_QtQuick3D_designer_CustomMaterialSpecifics_qml["CustomMaterialSpecifics.qml"]\n    Root --> node_venv["venv"]\n    node_venv --> node_venv_lib["lib"]\n    node_venv_lib --> node_venv_lib_python3_12["python3.12"]\n    node_venv_lib_python3_12 --> node_venv_lib_python3_12_site-packages["site-packages"]\n    node_venv_lib_python3_12_site-packages --> node_venv_lib_python3_12_site-packages_PyQt6["PyQt6"]\n    node_venv_lib_python3_12_site-packages_PyQt6 --> node_venv_lib_python3_12_site-packages_PyQt6_Qt6["Qt6"]\n    node_venv_lib_python3_12_site-packages_PyQt6_Qt6 --> node_venv_lib_python3_12_site-packages_PyQt6_Qt6_qml["qml"]\n    node_venv_lib_python3_12_site-packages_PyQt6_Qt6_qml --> node_venv_lib_python3_12_site-packages_PyQt6_Qt6_qml_QtQuick3D["QtQuick3D"]\n    node_venv_lib_python3_12_site-packages_PyQt6_Qt6_qml_QtQuick3D --> node_venv_lib_python3_12_site-packages_PyQt6_Qt6_qml_QtQuick3D_designer["designer"]\n    node_venv_lib_python3_12_site-packages_PyQt6_Qt6_qml_QtQuick3D_designer --> node_venv_lib_python3_12_site-packages_PyQt6_Qt6_qml_QtQuick3D_designer_DebugSettingsSection_qml["DebugSettingsSection.qml"]\n    Root --> node_venv["venv"]\n    node_venv --> node_venv_lib["lib"]\n    node_venv_lib --> node_venv_lib_python3_12["python3.12"]\n    node_venv_lib_python3_12 --> node_venv_lib_python3_12_site-packages["site-packages"]\n    node_venv_lib_python3_12_site-packages --> node_venv_lib_python3_12_site-packages_PyQt6["PyQt6"]\n    node_venv_lib_python3_12_site-packages_PyQt6 --> node_venv_lib_python3_12_site-packages_PyQt6_Qt6["Qt6"]\n    node_venv_lib_python3_12_site-packages_PyQt6_Qt6 --> node_venv_lib_python3_12_site-packages_PyQt6_Qt6_qml["qml"]\n    node_venv_lib_python3_12_site-packages_PyQt6_Qt6_qml --> node_venv_lib_python3_12_site-packages_PyQt6_Qt6_qml_QtQuick3D["QtQuick3D"]\n    node_venv_lib_python3_12_site-packages_PyQt6_Qt6_qml_QtQuick3D --> node_venv_lib_python3_12_site-packages_PyQt6_Qt6_qml_QtQuick3D_designer["designer"]\n    node_venv_lib_python3_12_site-packages_PyQt6_Qt6_qml_QtQuick3D_designer --> node_venv_lib_python3_12_site-packages_PyQt6_Qt6_qml_QtQuick3D_designer_DebugSettingsSpecifics_qml["DebugSettingsSpecifics.qml"]\n    Root --> node_venv["venv"]\n    node_venv --> node_venv_lib["lib"]\n    node_venv_lib --> node_venv_lib_python3_12["python3.12"]\n    node_venv_lib_python3_12 --> node_venv_lib_python3_12_site-packages["site-packages"]\n    node_venv_lib_python3_12_site-packages --> node_venv_lib_python3_12_site-packages_PyQt6["PyQt6"]\n    node_venv_lib_python3_12_site-packages_PyQt6 --> node_venv_lib_python3_12_site-packages_PyQt6_Qt6["Qt6"]\n    node_venv_lib_python3_12_site-packages_PyQt6_Qt6 --> node_venv_lib_python3_12_site-packages_PyQt6_Qt6_qml["qml"]\n    node_venv_lib_python3_12_site-packages_PyQt6_Qt6_qml --> node_venv_lib_python3_12_site-packages_PyQt6_Qt6_qml_QtQuick3D["QtQuick3D"]\n    node_venv_lib_python3_12_site-packages_PyQt6_Qt6_qml_QtQuick3D --> node_venv_lib_python3_12_site-packages_PyQt6_Qt6_qml_QtQuick3D_designer["designer"]\n    node_venv_lib_python3_12_site-packages_PyQt6_Qt6_qml_QtQuick3D_designer --> node_venv_lib_python3_12_site-packages_PyQt6_Qt6_qml_QtQuick3D_designer_DefaultMaterialSection_qml["DefaultMaterialSection.qml"]\n    Root --> node_venv["venv"]\n    node_venv --> node_venv_lib["lib"]\n    node_venv_lib --> node_venv_lib_python3_12["python3.12"]\n    node_venv_lib_python3_12 --> node_venv_lib_python3_12_site-packages["site-packages"]\n    node_venv_lib_python3_12_site-packages --> node_venv_lib_python3_12_site-packages_PyQt6["PyQt6"]\n    node_venv_lib_python3_12_site-packages_PyQt6 --> node_venv_lib_python3_12_site-packages_PyQt6_Qt6["Qt6"]\n    node_venv_lib_python3_12_site-packages_PyQt6_Qt6 --> node_venv_lib_python3_12_site-packages_PyQt6_Qt6_qml["qml"]\n    node_venv_lib_python3_12_site-packages_PyQt6_Qt6_qml --> node_venv_lib_python3_12_site-packages_PyQt6_Qt6_qml_QtQuick3D["QtQuick3D"]\n    node_venv_lib_python3_12_site-packages_PyQt6_Qt6_qml_QtQuick3D --> node_venv_lib_python3_12_site-packages_PyQt6_Qt6_qml_QtQuick3D_designer["designer"]\n    node_venv_lib_python3_12_site-packages_PyQt6_Qt6_qml_QtQuick3D_designer --> node_venv_lib_python3_12_site-packages_PyQt6_Qt6_qml_QtQuick3D_designer_DefaultMaterialSpecifics_qml["DefaultMaterialSpecifics.qml"]\n    Root --> node_venv["venv"]\n    node_venv --> node_venv_lib["lib"]\n    node_venv_lib --> node_venv_lib_python3_12["python3.12"]\n    node_venv_lib_python3_12 --> node_venv_lib_python3_12_site-packages["site-packages"]\n    node_venv_lib_python3_12_site-packages --> node_venv_lib_python3_12_site-packages_PyQt6["PyQt6"]\n    node_venv_lib_python3_12_site-packages_PyQt6 --> node_venv_lib_python3_12_site-packages_PyQt6_Qt6["Qt6"]\n    node_venv_lib_python3_12_site-packages_PyQt6_Qt6 --> node_venv_lib_python3_12_site-packages_PyQt6_Qt6_qml["qml"]\n    node_venv_lib_python3_12_site-packages_PyQt6_Qt6_qml --> node_venv_lib_python3_12_site-packages_PyQt6_Qt6_qml_QtQuick3D["QtQuick3D"]\n    node_venv_lib_python3_12_site-packages_PyQt6_Qt6_qml_QtQuick3D --> node_venv_lib_python3_12_site-packages_PyQt6_Qt6_qml_QtQuick3D_designer["designer"]\n    node_venv_lib_python3_12_site-packages_PyQt6_Qt6_qml_QtQuick3D_designer --> node_venv_lib_python3_12_site-packages_PyQt6_Qt6_qml_QtQuick3D_designer_DirectionalLightSection_qml["DirectionalLightSection.qml"]\n    Root --> node_venv["venv"]\n    node_venv --> node_venv_lib["lib"]\n    node_venv_lib --> node_venv_lib_python3_12["python3.12"]\n    node_venv_lib_python3_12 --> node_venv_lib_python3_12_site-packages["site-packages"]\n    node_venv_lib_python3_12_site-packages --> node_venv_lib_python3_12_site-packages_PyQt6["PyQt6"]\n    node_venv_lib_python3_12_site-packages_PyQt6 --> node_venv_lib_python3_12_site-packages_PyQt6_Qt6["Qt6"]\n    node_venv_lib_python3_12_site-packages_PyQt6_Qt6 --> node_venv_lib_python3_12_site-packages_PyQt6_Qt6_qml["qml"]\n    node_venv_lib_python3_12_site-packages_PyQt6_Qt6_qml --> node_venv_lib_python3_12_site-packages_PyQt6_Qt6_qml_QtQuick3D["QtQuick3D"]\n    node_venv_lib_python3_12_site-packages_PyQt6_Qt6_qml_QtQuick3D --> node_venv_lib_python3_12_site-packages_PyQt6_Qt6_qml_QtQuick3D_designer["designer"]\n    node_venv_lib_python3_12_site-packages_PyQt6_Qt6_qml_QtQuick3D_designer --> node_venv_lib_python3_12_site-packages_PyQt6_Qt6_qml_QtQuick3D_designer_DirectionalLightSpecifics_qml["DirectionalLightSpecifics.qml"]\n    Root --> node_venv["venv"]\n    node_venv --> node_venv_lib["lib"]\n    node_venv_lib --> node_venv_lib_python3_12["python3.12"]\n    node_venv_lib_python3_12 --> node_venv_lib_python3_12_site-packages["site-packages"]\n    node_venv_lib_python3_12_site-packages --> node_venv_lib_python3_12_site-packages_PyQt6["PyQt6"]\n    node_venv_lib_python3_12_site-packages_PyQt6 --> node_venv_lib_python3_12_site-packages_PyQt6_Qt6["Qt6"]\n    node_venv_lib_python3_12_site-packages_PyQt6_Qt6 --> node_venv_lib_python3_12_site-packages_PyQt6_Qt6_qml["qml"]\n    node_venv_lib_python3_12_site-packages_PyQt6_Qt6_qml --> node_venv_lib_python3_12_site-packages_PyQt6_Qt6_qml_QtQuick3D["QtQuick3D"]\n    node_venv_lib_python3_12_site-packages_PyQt6_Qt6_qml_QtQuick3D --> node_venv_lib_python3_12_site-packages_PyQt6_Qt6_qml_QtQuick3D_designer["designer"]\n    node_venv_lib_python3_12_site-packages_PyQt6_Qt6_qml_QtQuick3D_designer --> node_venv_lib_python3_12_site-packages_PyQt6_Qt6_qml_QtQuick3D_designer_EffectSection_qml["EffectSection.qml"]\n    Root --> node_venv["venv"]\n    node_venv --> node_venv_lib["lib"]\n    node_venv_lib --> node_venv_lib_python3_12["python3.12"]\n    node_venv_lib_python3_12 --> node_venv_lib_python3_12_site-packages["site-packages"]\n    node_venv_lib_python3_12_site-packages --> node_venv_lib_python3_12_site-packages_PyQt6["PyQt6"]\n    node_venv_lib_python3_12_site-packages_PyQt6 --> node_venv_lib_python3_12_site-packages_PyQt6_Qt6["Qt6"]\n    node_venv_lib_python3_12_site-packages_PyQt6_Qt6 --> node_venv_lib_python3_12_site-packages_PyQt6_Qt6_qml["qml"]\n    node_venv_lib_python3_12_site-packages_PyQt6_Qt6_qml --> node_venv_lib_python3_12_site-packages_PyQt6_Qt6_qml_QtQuick3D["QtQuick3D"]\n    node_venv_lib_python3_12_site-packages_PyQt6_Qt6_qml_QtQuick3D --> node_venv_lib_python3_12_site-packages_PyQt6_Qt6_qml_QtQuick3D_designer["designer"]\n    node_venv_lib_python3_12_site-packages_PyQt6_Qt6_qml_QtQuick3D_designer --> node_venv_lib_python3_12_site-packages_PyQt6_Qt6_qml_QtQuick3D_designer_EffectSpecifics_qml["EffectSpecifics.qml"]\n    Root --> node_venv["venv"]\n    node_venv --> node_venv_lib["lib"]\n    node_venv_lib --> node_venv_lib_python3_12["python3.12"]\n    node_venv_lib_python3_12 --> node_venv_lib_python3_12_site-packages["site-packages"]\n    node_venv_lib_python3_12_site-packages --> node_venv_lib_python3_12_site-packages_PyQt6["PyQt6"]\n    node_venv_lib_python3_12_site-packages_PyQt6 --> node_venv_lib_python3_12_site-packages_PyQt6_Qt6["Qt6"]\n    node_venv_lib_python3_12_site-packages_PyQt6_Qt6 --> node_venv_lib_python3_12_site-packages_PyQt6_Qt6_qml["qml"]\n    node_venv_lib_python3_12_site-packages_PyQt6_Qt6_qml --> node_venv_lib_python3_12_site-packages_PyQt6_Qt6_qml_QtQuick3D["QtQuick3D"]\n    node_venv_lib_python3_12_site-packages_PyQt6_Qt6_qml_QtQuick3D --> node_venv_lib_python3_12_site-packages_PyQt6_Qt6_qml_QtQuick3D_designer["designer"]\n    node_venv_lib_python3_12_site-packages_PyQt6_Qt6_qml_QtQuick3D_designer --> node_venv_lib_python3_12_site-packages_PyQt6_Qt6_qml_QtQuick3D_designer_FileInstancingSection_qml["FileInstancingSection.qml"]\n    Root --> node_venv["venv"]\n    node_venv --> node_venv_lib["lib"]\n    node_venv_lib --> node_venv_lib_python3_12["python3.12"]\n    node_venv_lib_python3_12 --> node_venv_lib_python3_12_site-packages["site-packages"]\n    node_venv_lib_python3_12_site-packages --> node_venv_lib_python3_12_site-packages_PyQt6["PyQt6"]\n    node_venv_lib_python3_12_site-packages_PyQt6 --> node_venv_lib_python3_12_site-packages_PyQt6_Qt6["Qt6"]\n    node_venv_lib_python3_12_site-packages_PyQt6_Qt6 --> node_venv_lib_python3_12_site-packages_PyQt6_Qt6_qml["qml"]\n    node_venv_lib_python3_12_site-packages_PyQt6_Qt6_qml --> node_venv_lib_python3_12_site-packages_PyQt6_Qt6_qml_QtQuick3D["QtQuick3D"]\n    node_venv_lib_python3_12_site-packages_PyQt6_Qt6_qml_QtQuick3D --> node_venv_lib_python3_12_site-packages_PyQt6_Qt6_qml_QtQuick3D_designer["designer"]\n    node_venv_lib_python3_12_site-packages_PyQt6_Qt6_qml_QtQuick3D_designer --> node_venv_lib_python3_12_site-packages_PyQt6_Qt6_qml_QtQuick3D_designer_FileInstancingSpecifics_qml["FileInstancingSpecifics.qml"]\n    Root --> node_venv["venv"]\n    node_venv --> node_venv_lib["lib"]\n    node_venv_lib --> node_venv_lib_python3_12["python3.12"]\n    node_venv_lib_python3_12 --> node_venv_lib_python3_12_site-packages["site-packages"]\n    node_venv_lib_python3_12_site-packages --> node_venv_lib_python3_12_site-packages_PyQt6["PyQt6"]\n    node_venv_lib_python3_12_site-packages_PyQt6 --> node_venv_lib_python3_12_site-packages_PyQt6_Qt6["Qt6"]\n    node_venv_lib_python3_12_site-packages_PyQt6_Qt6 --> node_venv_lib_python3_12_site-packages_PyQt6_Qt6_qml["qml"]\n    node_venv_lib_python3_12_site-packages_PyQt6_Qt6_qml --> node_venv_lib_python3_12_site-packages_PyQt6_Qt6_qml_QtQuick3D["QtQuick3D"]\n    node_venv_lib_python3_12_site-packages_PyQt6_Qt6_qml_QtQuick3D --> node_venv_lib_python3_12_site-packages_PyQt6_Qt6_qml_QtQuick3D_designer["designer"]\n    node_venv_lib_python3_12_site-packages_PyQt6_Qt6_qml_QtQuick3D_designer --> node_venv_lib_python3_12_site-packages_PyQt6_Qt6_qml_QtQuick3D_designer_FogSection_qml["FogSection.qml"]\n    Root --> node_venv["venv"]\n    node_venv --> node_venv_lib["lib"]\n    node_venv_lib --> node_venv_lib_python3_12["python3.12"]\n    node_venv_lib_python3_12 --> node_venv_lib_python3_12_site-packages["site-packages"]\n    node_venv_lib_python3_12_site-packages --> node_venv_lib_python3_12_site-packages_PyQt6["PyQt6"]\n    node_venv_lib_python3_12_site-packages_PyQt6 --> node_venv_lib_python3_12_site-packages_PyQt6_Qt6["Qt6"]\n    node_venv_lib_python3_12_site-packages_PyQt6_Qt6 --> node_venv_lib_python3_12_site-packages_PyQt6_Qt6_qml["qml"]\n    node_venv_lib_python3_12_site-packages_PyQt6_Qt6_qml --> node_venv_lib_python3_12_site-packages_PyQt6_Qt6_qml_QtQuick3D["QtQuick3D"]\n    node_venv_lib_python3_12_site-packages_PyQt6_Qt6_qml_QtQuick3D --> node_venv_lib_python3_12_site-packages_PyQt6_Qt6_qml_QtQuick3D_designer["designer"]\n    node_venv_lib_python3_12_site-packages_PyQt6_Qt6_qml_QtQuick3D_designer --> node_venv_lib_python3_12_site-packages_PyQt6_Qt6_qml_QtQuick3D_designer_FogSpecifics_qml["FogSpecifics.qml"]\n    Root --> node_venv["venv"]\n    node_venv --> node_venv_lib["lib"]\n    node_venv_lib --> node_venv_lib_python3_12["python3.12"]\n    node_venv_lib_python3_12 --> node_venv_lib_python3_12_site-packages["site-packages"]\n    node_venv_lib_python3_12_site-packages --> node_venv_lib_python3_12_site-packages_PyQt6["PyQt6"]\n    node_venv_lib_python3_12_site-packages_PyQt6 --> node_venv_lib_python3_12_site-packages_PyQt6_Qt6["Qt6"]\n    node_venv_lib_python3_12_site-packages_PyQt6_Qt6 --> node_venv_lib_python3_12_site-packages_PyQt6_Qt6_qml["qml"]\n    node_venv_lib_python3_12_site-packages_PyQt6_Qt6_qml --> node_venv_lib_python3_12_site-packages_PyQt6_Qt6_qml_QtQuick3D["QtQuick3D"]\n    node_venv_lib_python3_12_site-packages_PyQt6_Qt6_qml_QtQuick3D --> node_venv_lib_python3_12_site-packages_PyQt6_Qt6_qml_QtQuick3D_designer["designer"]\n    node_venv_lib_python3_12_site-packages_PyQt6_Qt6_qml_QtQuick3D_designer --> node_venv_lib_python3_12_site-packages_PyQt6_Qt6_qml_QtQuick3D_designer_FrustumCameraSection_qml["FrustumCameraSection.qml"]\n    Root --> node_venv["venv"]\n    node_venv --> node_venv_lib["lib"]\n    node_venv_lib --> node_venv_lib_python3_12["python3.12"]\n    node_venv_lib_python3_12 --> node_venv_lib_python3_12_site-packages["site-packages"]\n    node_venv_lib_python3_12_site-packages --> node_venv_lib_python3_12_site-packages_PyQt6["PyQt6"]\n    node_venv_lib_python3_12_site-packages_PyQt6 --> node_venv_lib_python3_12_site-packages_PyQt6_Qt6["Qt6"]\n    node_venv_lib_python3_12_site-packages_PyQt6_Qt6 --> node_venv_lib_python3_12_site-packages_PyQt6_Qt6_qml["qml"]\n    node_venv_lib_python3_12_site-packages_PyQt6_Qt6_qml --> node_venv_lib_python3_12_site-packages_PyQt6_Qt6_qml_QtQuick3D["QtQuick3D"]\n    node_venv_lib_python3_12_site-packages_PyQt6_Qt6_qml_QtQuick3D --> node_venv_lib_python3_12_site-packages_PyQt6_Qt6_qml_QtQuick3D_designer["designer"]\n    node_venv_lib_python3_12_site-packages_PyQt6_Qt6_qml_QtQuick3D_designer --> node_venv_lib_python3_12_site-packages_PyQt6_Qt6_qml_QtQuick3D_designer_FrustumCameraSpecifics_qml["FrustumCameraSpecifics.qml"]\n    Root --> node_venv["venv"]\n    node_venv --> node_venv_lib["lib"]\n    node_venv_lib --> node_venv_lib_python3_12["python3.12"]\n    node_venv_lib_python3_12 --> node_venv_lib_python3_12_site-packages["site-packages"]\n    node_venv_lib_python3_12_site-packages --> node_venv_lib_python3_12_site-packages_PyQt6["PyQt6"]\n    node_venv_lib_python3_12_site-packages_PyQt6 --> node_venv_lib_python3_12_site-packages_PyQt6_Qt6["Qt6"]\n    node_venv_lib_python3_12_site-packages_PyQt6_Qt6 --> node_venv_lib_python3_12_site-packages_PyQt6_Qt6_qml["qml"]\n    node_venv_lib_python3_12_site-packages_PyQt6_Qt6_qml --> node_venv_lib_python3_12_site-packages_PyQt6_Qt6_qml_QtQuick3D["QtQuick3D"]\n    node_venv_lib_python3_12_site-packages_PyQt6_Qt6_qml_QtQuick3D --> node_venv_lib_python3_12_site-packages_PyQt6_Qt6_qml_QtQuick3D_designer["designer"]\n    node_venv_lib_python3_12_site-packages_PyQt6_Qt6_qml_QtQuick3D_designer --> node_venv_lib_python3_12_site-packages_PyQt6_Qt6_qml_QtQuick3D_designer_InstanceListEntrySection_qml["InstanceListEntrySection.qml"]\n    Root --> node_venv["venv"]\n    node_venv --> node_venv_lib["lib"]\n    node_venv_lib --> node_venv_lib_python3_12["python3.12"]\n    node_venv_lib_python3_12 --> node_venv_lib_python3_12_site-packages["site-packages"]\n    node_venv_lib_python3_12_site-packages --> node_venv_lib_python3_12_site-packages_PyQt6["PyQt6"]\n    node_venv_lib_python3_12_site-packages_PyQt6 --> node_venv_lib_python3_12_site-packages_PyQt6_Qt6["Qt6"]\n    node_venv_lib_python3_12_site-packages_PyQt6_Qt6 --> node_venv_lib_python3_12_site-packages_PyQt6_Qt6_qml["qml"]\n    node_venv_lib_python3_12_site-packages_PyQt6_Qt6_qml --> node_venv_lib_python3_12_site-packages_PyQt6_Qt6_qml_QtQuick3D["QtQuick3D"]\n    node_venv_lib_python3_12_site-packages_PyQt6_Qt6_qml_QtQuick3D --> node_venv_lib_python3_12_site-packages_PyQt6_Qt6_qml_QtQuick3D_designer["designer"]\n    node_venv_lib_python3_12_site-packages_PyQt6_Qt6_qml_QtQuick3D_designer --> node_venv_lib_python3_12_site-packages_PyQt6_Qt6_qml_QtQuick3D_designer_InstanceListEntrySpecifics_qml["InstanceListEntrySpecifics.qml"]\n    Root --> node_venv["venv"]\n    node_venv --> node_venv_lib["lib"]\n    node_venv_lib --> node_venv_lib_python3_12["python3.12"]\n    node_venv_lib_python3_12 --> node_venv_lib_python3_12_site-packages["site-packages"]\n    node_venv_lib_python3_12_site-packages --> node_venv_lib_python3_12_site-packages_PyQt6["PyQt6"]\n    node_venv_lib_python3_12_site-packages_PyQt6 --> node_venv_lib_python3_12_site-packages_PyQt6_Qt6["Qt6"]\n    node_venv_lib_python3_12_site-packages_PyQt6_Qt6 --> node_venv_lib_python3_12_site-packages_PyQt6_Qt6_qml["qml"]\n    node_venv_lib_python3_12_site-packages_PyQt6_Qt6_qml --> node_venv_lib_python3_12_site-packages_PyQt6_Qt6_qml_QtQuick3D["QtQuick3D"]\n    node_venv_lib_python3_12_site-packages_PyQt6_Qt6_qml_QtQuick3D --> node_venv_lib_python3_12_site-packages_PyQt6_Qt6_qml_QtQuick3D_designer["designer"]\n    node_venv_lib_python3_12_site-packages_PyQt6_Qt6_qml_QtQuick3D_designer --> node_venv_lib_python3_12_site-packages_PyQt6_Qt6_qml_QtQuick3D_designer_InstanceListSection_qml["InstanceListSection.qml"]\n    Root --> node_venv["venv"]\n    node_venv --> node_venv_lib["lib"]\n    node_venv_lib --> node_venv_lib_python3_12["python3.12"]\n    node_venv_lib_python3_12 --> node_venv_lib_python3_12_site-packages["site-packages"]\n    node_venv_lib_python3_12_site-packages --> node_venv_lib_python3_12_site-packages_PyQt6["PyQt6"]\n    node_venv_lib_python3_12_site-packages_PyQt6 --> node_venv_lib_python3_12_site-packages_PyQt6_Qt6["Qt6"]\n    node_venv_lib_python3_12_site-packages_PyQt6_Qt6 --> node_venv_lib_python3_12_site-packages_PyQt6_Qt6_qml["qml"]\n    node_venv_lib_python3_12_site-packages_PyQt6_Qt6_qml --> node_venv_lib_python3_12_site-packages_PyQt6_Qt6_qml_QtQuick3D["QtQuick3D"]\n    node_venv_lib_python3_12_site-packages_PyQt6_Qt6_qml_QtQuick3D --> node_venv_lib_python3_12_site-packages_PyQt6_Qt6_qml_QtQuick3D_designer["designer"]\n    node_venv_lib_python3_12_site-packages_PyQt6_Qt6_qml_QtQuick3D_designer --> node_venv_lib_python3_12_site-packages_PyQt6_Qt6_qml_QtQuick3D_designer_InstanceListSpecifics_qml["InstanceListSpecifics.qml"]\n    Root --> node_venv["venv"]\n    node_venv --> node_venv_lib["lib"]\n    node_venv_lib --> node_venv_lib_python3_12["python3.12"]\n    node_venv_lib_python3_12 --> node_venv_lib_python3_12_site-packages["site-packages"]\n    node_venv_lib_python3_12_site-packages --> node_venv_lib_python3_12_site-packages_PyQt6["PyQt6"]\n    node_venv_lib_python3_12_site-packages_PyQt6 --> node_venv_lib_python3_12_site-packages_PyQt6_Qt6["Qt6"]\n    node_venv_lib_python3_12_site-packages_PyQt6_Qt6 --> node_venv_lib_python3_12_site-packages_PyQt6_Qt6_qml["qml"]\n    node_venv_lib_python3_12_site-packages_PyQt6_Qt6_qml --> node_venv_lib_python3_12_site-packages_PyQt6_Qt6_qml_QtQuick3D["QtQuick3D"]\n    node_venv_lib_python3_12_site-packages_PyQt6_Qt6_qml_QtQuick3D --> node_venv_lib_python3_12_site-packages_PyQt6_Qt6_qml_QtQuick3D_designer["designer"]\n    node_venv_lib_python3_12_site-packages_PyQt6_Qt6_qml_QtQuick3D_designer --> node_venv_lib_python3_12_site-packages_PyQt6_Qt6_qml_QtQuick3D_designer_InstancingSection_qml["InstancingSection.qml"]\n    Root --> node_venv["venv"]\n    node_venv --> node_venv_lib["lib"]\n    node_venv_lib --> node_venv_lib_python3_12["python3.12"]\n    node_venv_lib_python3_12 --> node_venv_lib_python3_12_site-packages["site-packages"]\n    node_venv_lib_python3_12_site-packages --> node_venv_lib_python3_12_site-packages_PyQt6["PyQt6"]\n    node_venv_lib_python3_12_site-packages_PyQt6 --> node_venv_lib_python3_12_site-packages_PyQt6_Qt6["Qt6"]\n    node_venv_lib_python3_12_site-packages_PyQt6_Qt6 --> node_venv_lib_python3_12_site-packages_PyQt6_Qt6_qml["qml"]\n    node_venv_lib_python3_12_site-packages_PyQt6_Qt6_qml --> node_venv_lib_python3_12_site-packages_PyQt6_Qt6_qml_QtQuick3D["QtQuick3D"]\n    node_venv_lib_python3_12_site-packages_PyQt6_Qt6_qml_QtQuick3D --> node_venv_lib_python3_12_site-packages_PyQt6_Qt6_qml_QtQuick3D_designer["designer"]\n    node_venv_lib_python3_12_site-packages_PyQt6_Qt6_qml_QtQuick3D_designer --> node_venv_lib_python3_12_site-packages_PyQt6_Qt6_qml_QtQuick3D_designer_JointSection_qml["JointSection.qml"]\n    Root --> node_venv["venv"]\n    node_venv --> node_venv_lib["lib"]\n    node_venv_lib --> node_venv_lib_python3_12["python3.12"]\n    node_venv_lib_python3_12 --> node_venv_lib_python3_12_site-packages["site-packages"]\n    node_venv_lib_python3_12_site-packages --> node_venv_lib_python3_12_site-packages_PyQt6["PyQt6"]\n    node_venv_lib_python3_12_site-packages_PyQt6 --> node_venv_lib_python3_12_site-packages_PyQt6_Qt6["Qt6"]\n    node_venv_lib_python3_12_site-packages_PyQt6_Qt6 --> node_venv_lib_python3_12_site-packages_PyQt6_Qt6_qml["qml"]\n    node_venv_lib_python3_12_site-packages_PyQt6_Qt6_qml --> node_venv_lib_python3_12_site-packages_PyQt6_Qt6_qml_QtQuick3D["QtQuick3D"]\n    node_venv_lib_python3_12_site-packages_PyQt6_Qt6_qml_QtQuick3D --> node_venv_lib_python3_12_site-packages_PyQt6_Qt6_qml_QtQuick3D_designer["designer"]\n    node_venv_lib_python3_12_site-packages_PyQt6_Qt6_qml_QtQuick3D_designer --> node_venv_lib_python3_12_site-packages_PyQt6_Qt6_qml_QtQuick3D_designer_JointSpecifics_qml["JointSpecifics.qml"]\n    Root --> node_venv["venv"]\n    node_venv --> node_venv_lib["lib"]\n    node_venv_lib --> node_venv_lib_python3_12["python3.12"]\n    node_venv_lib_python3_12 --> node_venv_lib_python3_12_site-packages["site-packages"]\n    node_venv_lib_python3_12_site-packages --> node_venv_lib_python3_12_site-packages_PyQt6["PyQt6"]\n    node_venv_lib_python3_12_site-packages_PyQt6 --> node_venv_lib_python3_12_site-packages_PyQt6_Qt6["Qt6"]\n    node_venv_lib_python3_12_site-packages_PyQt6_Qt6 --> node_venv_lib_python3_12_site-packages_PyQt6_Qt6_qml["qml"]\n    node_venv_lib_python3_12_site-packages_PyQt6_Qt6_qml --> node_venv_lib_python3_12_site-packages_PyQt6_Qt6_qml_QtQuick3D["QtQuick3D"]\n    node_venv_lib_python3_12_site-packages_PyQt6_Qt6_qml_QtQuick3D --> node_venv_lib_python3_12_site-packages_PyQt6_Qt6_qml_QtQuick3D_designer["designer"]\n    node_venv_lib_python3_12_site-packages_PyQt6_Qt6_qml_QtQuick3D_designer --> node_venv_lib_python3_12_site-packages_PyQt6_Qt6_qml_QtQuick3D_designer_LightmapperSection_qml["LightmapperSection.qml"]\n    Root --> node_venv["venv"]\n    node_venv --> node_venv_lib["lib"]\n    node_venv_lib --> node_venv_lib_python3_12["python3.12"]\n    node_venv_lib_python3_12 --> node_venv_lib_python3_12_site-packages["site-packages"]\n    node_venv_lib_python3_12_site-packages --> node_venv_lib_python3_12_site-packages_PyQt6["PyQt6"]\n    node_venv_lib_python3_12_site-packages_PyQt6 --> node_venv_lib_python3_12_site-packages_PyQt6_Qt6["Qt6"]\n    node_venv_lib_python3_12_site-packages_PyQt6_Qt6 --> node_venv_lib_python3_12_site-packages_PyQt6_Qt6_qml["qml"]\n    node_venv_lib_python3_12_site-packages_PyQt6_Qt6_qml --> node_venv_lib_python3_12_site-packages_PyQt6_Qt6_qml_QtQuick3D["QtQuick3D"]\n    node_venv_lib_python3_12_site-packages_PyQt6_Qt6_qml_QtQuick3D --> node_venv_lib_python3_12_site-packages_PyQt6_Qt6_qml_QtQuick3D_designer["designer"]\n    node_venv_lib_python3_12_site-packages_PyQt6_Qt6_qml_QtQuick3D_designer --> node_venv_lib_python3_12_site-packages_PyQt6_Qt6_qml_QtQuick3D_designer_LightmapperSpecifics_qml["LightmapperSpecifics.qml"]\n    Root --> node_venv["venv"]\n    node_venv --> node_venv_lib["lib"]\n    node_venv_lib --> node_venv_lib_python3_12["python3.12"]\n    node_venv_lib_python3_12 --> node_venv_lib_python3_12_site-packages["site-packages"]\n    node_venv_lib_python3_12_site-packages --> node_venv_lib_python3_12_site-packages_PyQt6["PyQt6"]\n    node_venv_lib_python3_12_site-packages_PyQt6 --> node_venv_lib_python3_12_site-packages_PyQt6_Qt6["Qt6"]\n    node_venv_lib_python3_12_site-packages_PyQt6_Qt6 --> node_venv_lib_python3_12_site-packages_PyQt6_Qt6_qml["qml"]\n    node_venv_lib_python3_12_site-packages_PyQt6_Qt6_qml --> node_venv_lib_python3_12_site-packages_PyQt6_Qt6_qml_QtQuick3D["QtQuick3D"]\n    node_venv_lib_python3_12_site-packages_PyQt6_Qt6_qml_QtQuick3D --> node_venv_lib_python3_12_site-packages_PyQt6_Qt6_qml_QtQuick3D_designer["designer"]\n    node_venv_lib_python3_12_site-packages_PyQt6_Qt6_qml_QtQuick3D_designer --> node_venv_lib_python3_12_site-packages_PyQt6_Qt6_qml_QtQuick3D_designer_Loader3DSection_qml["Loader3DSection.qml"]\n    Root --> node_venv["venv"]\n    node_venv --> node_venv_lib["lib"]\n    node_venv_lib --> node_venv_lib_python3_12["python3.12"]\n    node_venv_lib_python3_12 --> node_venv_lib_python3_12_site-packages["site-packages"]\n    node_venv_lib_python3_12_site-packages --> node_venv_lib_python3_12_site-packages_PyQt6["PyQt6"]\n    node_venv_lib_python3_12_site-packages_PyQt6 --> node_venv_lib_python3_12_site-packages_PyQt6_Qt6["Qt6"]\n    node_venv_lib_python3_12_site-packages_PyQt6_Qt6 --> node_venv_lib_python3_12_site-packages_PyQt6_Qt6_qml["qml"]\n    node_venv_lib_python3_12_site-packages_PyQt6_Qt6_qml --> node_venv_lib_python3_12_site-packages_PyQt6_Qt6_qml_QtQuick3D["QtQuick3D"]\n    node_venv_lib_python3_12_site-packages_PyQt6_Qt6_qml_QtQuick3D --> node_venv_lib_python3_12_site-packages_PyQt6_Qt6_qml_QtQuick3D_designer["designer"]\n    node_venv_lib_python3_12_site-packages_PyQt6_Qt6_qml_QtQuick3D_designer --> node_venv_lib_python3_12_site-packages_PyQt6_Qt6_qml_QtQuick3D_designer_Loader3DSpecifics_qml["Loader3DSpecifics.qml"]\n    Root --> node_venv["venv"]\n    node_venv --> node_venv_lib["lib"]\n    node_venv_lib --> node_venv_lib_python3_12["python3.12"]\n    node_venv_lib_python3_12 --> node_venv_lib_python3_12_site-packages["site-packages"]\n    node_venv_lib_python3_12_site-packages --> node_venv_lib_python3_12_site-packages_PyQt6["PyQt6"]\n    node_venv_lib_python3_12_site-packages_PyQt6 --> node_venv_lib_python3_12_site-packages_PyQt6_Qt6["Qt6"]\n    node_venv_lib_python3_12_site-packages_PyQt6_Qt6 --> node_venv_lib_python3_12_site-packages_PyQt6_Qt6_qml["qml"]\n    node_venv_lib_python3_12_site-packages_PyQt6_Qt6_qml --> node_venv_lib_python3_12_site-packages_PyQt6_Qt6_qml_QtQuick3D["QtQuick3D"]\n    node_venv_lib_python3_12_site-packages_PyQt6_Qt6_qml_QtQuick3D --> node_venv_lib_python3_12_site-packages_PyQt6_Qt6_qml_QtQuick3D_designer["designer"]\n    node_venv_lib_python3_12_site-packages_PyQt6_Qt6_qml_QtQuick3D_designer --> node_venv_lib_python3_12_site-packages_PyQt6_Qt6_qml_QtQuick3D_designer_MaterialSection_qml["MaterialSection.qml"]\n    Root --> node_venv["venv"]\n    node_venv --> node_venv_lib["lib"]\n    node_venv_lib --> node_venv_lib_python3_12["python3.12"]\n    node_venv_lib_python3_12 --> node_venv_lib_python3_12_site-packages["site-packages"]\n    node_venv_lib_python3_12_site-packages --> node_venv_lib_python3_12_site-packages_PyQt6["PyQt6"]\n    node_venv_lib_python3_12_site-packages_PyQt6 --> node_venv_lib_python3_12_site-packages_PyQt6_Qt6["Qt6"]\n    node_venv_lib_python3_12_site-packages_PyQt6_Qt6 --> node_venv_lib_python3_12_site-packages_PyQt6_Qt6_qml["qml"]\n    node_venv_lib_python3_12_site-packages_PyQt6_Qt6_qml --> node_venv_lib_python3_12_site-packages_PyQt6_Qt6_qml_QtQuick3D["QtQuick3D"]\n    node_venv_lib_python3_12_site-packages_PyQt6_Qt6_qml_QtQuick3D --> node_venv_lib_python3_12_site-packages_PyQt6_Qt6_qml_QtQuick3D_designer["designer"]\n    node_venv_lib_python3_12_site-packages_PyQt6_Qt6_qml_QtQuick3D_designer --> node_venv_lib_python3_12_site-packages_PyQt6_Qt6_qml_QtQuick3D_designer_ModelSection_qml["ModelSection.qml"]\n    Root --> node_venv["venv"]\n    node_venv --> node_venv_lib["lib"]\n    node_venv_lib --> node_venv_lib_python3_12["python3.12"]\n    node_venv_lib_python3_12 --> node_venv_lib_python3_12_site-packages["site-packages"]\n    node_venv_lib_python3_12_site-packages --> node_venv_lib_python3_12_site-packages_PyQt6["PyQt6"]\n    node_venv_lib_python3_12_site-packages_PyQt6 --> node_venv_lib_python3_12_site-packages_PyQt6_Qt6["Qt6"]\n    node_venv_lib_python3_12_site-packages_PyQt6_Qt6 --> node_venv_lib_python3_12_site-packages_PyQt6_Qt6_qml["qml"]\n    node_venv_lib_python3_12_site-packages_PyQt6_Qt6_qml --> node_venv_lib_python3_12_site-packages_PyQt6_Qt6_qml_QtQuick3D["QtQuick3D"]\n    node_venv_lib_python3_12_site-packages_PyQt6_Qt6_qml_QtQuick3D --> node_venv_lib_python3_12_site-packages_PyQt6_Qt6_qml_QtQuick3D_designer["designer"]\n    node_venv_lib_python3_12_site-packages_PyQt6_Qt6_qml_QtQuick3D_designer --> node_venv_lib_python3_12_site-packages_PyQt6_Qt6_qml_QtQuick3D_designer_ModelSpecifics_qml["ModelSpecifics.qml"]\n    Root --> node_venv["venv"]\n    node_venv --> node_venv_lib["lib"]\n    node_venv_lib --> node_venv_lib_python3_12["python3.12"]\n    node_venv_lib_python3_12 --> node_venv_lib_python3_12_site-packages["site-packages"]\n    node_venv_lib_python3_12_site-packages --> node_venv_lib_python3_12_site-packages_PyQt6["PyQt6"]\n    node_venv_lib_python3_12_site-packages_PyQt6 --> node_venv_lib_python3_12_site-packages_PyQt6_Qt6["Qt6"]\n    node_venv_lib_python3_12_site-packages_PyQt6_Qt6 --> node_venv_lib_python3_12_site-packages_PyQt6_Qt6_qml["qml"]\n    node_venv_lib_python3_12_site-packages_PyQt6_Qt6_qml --> node_venv_lib_python3_12_site-packages_PyQt6_Qt6_qml_QtQuick3D["QtQuick3D"]\n    node_venv_lib_python3_12_site-packages_PyQt6_Qt6_qml_QtQuick3D --> node_venv_lib_python3_12_site-packages_PyQt6_Qt6_qml_QtQuick3D_designer["designer"]\n    node_venv_lib_python3_12_site-packages_PyQt6_Qt6_qml_QtQuick3D_designer --> node_venv_lib_python3_12_site-packages_PyQt6_Qt6_qml_QtQuick3D_designer_MorphTargetSection_qml["MorphTargetSection.qml"]\n    Root --> node_venv["venv"]\n    node_venv --> node_venv_lib["lib"]\n    node_venv_lib --> node_venv_lib_python3_12["python3.12"]\n    node_venv_lib_python3_12 --> node_venv_lib_python3_12_site-packages["site-packages"]\n    node_venv_lib_python3_12_site-packages --> node_venv_lib_python3_12_site-packages_PyQt6["PyQt6"]\n    node_venv_lib_python3_12_site-packages_PyQt6 --> node_venv_lib_python3_12_site-packages_PyQt6_Qt6["Qt6"]\n    node_venv_lib_python3_12_site-packages_PyQt6_Qt6 --> node_venv_lib_python3_12_site-packages_PyQt6_Qt6_qml["qml"]\n    node_venv_lib_python3_12_site-packages_PyQt6_Qt6_qml --> node_venv_lib_python3_12_site-packages_PyQt6_Qt6_qml_QtQuick3D["QtQuick3D"]\n    node_venv_lib_python3_12_site-packages_PyQt6_Qt6_qml_QtQuick3D --> node_venv_lib_python3_12_site-packages_PyQt6_Qt6_qml_QtQuick3D_designer["designer"]\n    node_venv_lib_python3_12_site-packages_PyQt6_Qt6_qml_QtQuick3D_designer --> node_venv_lib_python3_12_site-packages_PyQt6_Qt6_qml_QtQuick3D_designer_MorphTargetSpecifics_qml["MorphTargetSpecifics.qml"]\n    Root --> node_venv["venv"]\n    node_venv --> node_venv_lib["lib"]\n    node_venv_lib --> node_venv_lib_python3_12["python3.12"]\n    node_venv_lib_python3_12 --> node_venv_lib_python3_12_site-packages["site-packages"]\n    node_venv_lib_python3_12_site-packages --> node_venv_lib_python3_12_site-packages_PyQt6["PyQt6"]\n    node_venv_lib_python3_12_site-packages_PyQt6 --> node_venv_lib_python3_12_site-packages_PyQt6_Qt6["Qt6"]\n    node_venv_lib_python3_12_site-packages_PyQt6_Qt6 --> node_venv_lib_python3_12_site-packages_PyQt6_Qt6_qml["qml"]\n    node_venv_lib_python3_12_site-packages_PyQt6_Qt6_qml --> node_venv_lib_python3_12_site-packages_PyQt6_Qt6_qml_QtQuick3D["QtQuick3D"]\n    node_venv_lib_python3_12_site-packages_PyQt6_Qt6_qml_QtQuick3D --> node_venv_lib_python3_12_site-packages_PyQt6_Qt6_qml_QtQuick3D_designer["designer"]\n    node_venv_lib_python3_12_site-packages_PyQt6_Qt6_qml_QtQuick3D_designer --> node_venv_lib_python3_12_site-packages_PyQt6_Qt6_qml_QtQuick3D_designer_NodeSection_qml["NodeSection.qml"]\n    Root --> node_venv["venv"]\n    node_venv --> node_venv_lib["lib"]\n    node_venv_lib --> node_venv_lib_python3_12["python3.12"]\n    node_venv_lib_python3_12 --> node_venv_lib_python3_12_site-packages["site-packages"]\n    node_venv_lib_python3_12_site-packages --> node_venv_lib_python3_12_site-packages_PyQt6["PyQt6"]\n    node_venv_lib_python3_12_site-packages_PyQt6 --> node_venv_lib_python3_12_site-packages_PyQt6_Qt6["Qt6"]\n    node_venv_lib_python3_12_site-packages_PyQt6_Qt6 --> node_venv_lib_python3_12_site-packages_PyQt6_Qt6_qml["qml"]\n    node_venv_lib_python3_12_site-packages_PyQt6_Qt6_qml --> node_venv_lib_python3_12_site-packages_PyQt6_Qt6_qml_QtQuick3D["QtQuick3D"]\n    node_venv_lib_python3_12_site-packages_PyQt6_Qt6_qml_QtQuick3D --> node_venv_lib_python3_12_site-packages_PyQt6_Qt6_qml_QtQuick3D_designer["designer"]\n    node_venv_lib_python3_12_site-packages_PyQt6_Qt6_qml_QtQuick3D_designer --> node_venv_lib_python3_12_site-packages_PyQt6_Qt6_qml_QtQuick3D_designer_NodeSpecifics_qml["NodeSpecifics.qml"]\n    Root --> node_venv["venv"]\n    node_venv --> node_venv_lib["lib"]\n    node_venv_lib --> node_venv_lib_python3_12["python3.12"]\n    node_venv_lib_python3_12 --> node_venv_lib_python3_12_site-packages["site-packages"]\n    node_venv_lib_python3_12_site-packages --> node_venv_lib_python3_12_site-packages_PyQt6["PyQt6"]\n    node_venv_lib_python3_12_site-packages_PyQt6 --> node_venv_lib_python3_12_site-packages_PyQt6_Qt6["Qt6"]\n    node_venv_lib_python3_12_site-packages_PyQt6_Qt6 --> node_venv_lib_python3_12_site-packages_PyQt6_Qt6_qml["qml"]\n    node_venv_lib_python3_12_site-packages_PyQt6_Qt6_qml --> node_venv_lib_python3_12_site-packages_PyQt6_Qt6_qml_QtQuick3D["QtQuick3D"]\n    node_venv_lib_python3_12_site-packages_PyQt6_Qt6_qml_QtQuick3D --> node_venv_lib_python3_12_site-packages_PyQt6_Qt6_qml_QtQuick3D_designer["designer"]\n    node_venv_lib_python3_12_site-packages_PyQt6_Qt6_qml_QtQuick3D_designer --> node_venv_lib_python3_12_site-packages_PyQt6_Qt6_qml_QtQuick3D_designer_Object3DSection_qml["Object3DSection.qml"]\n    Root --> node_venv["venv"]\n    node_venv --> node_venv_lib["lib"]\n    node_venv_lib --> node_venv_lib_python3_12["python3.12"]\n    node_venv_lib_python3_12 --> node_venv_lib_python3_12_site-packages["site-packages"]\n    node_venv_lib_python3_12_site-packages --> node_venv_lib_python3_12_site-packages_PyQt6["PyQt6"]\n    node_venv_lib_python3_12_site-packages_PyQt6 --> node_venv_lib_python3_12_site-packages_PyQt6_Qt6["Qt6"]\n    node_venv_lib_python3_12_site-packages_PyQt6_Qt6 --> node_venv_lib_python3_12_site-packages_PyQt6_Qt6_qml["qml"]\n    node_venv_lib_python3_12_site-packages_PyQt6_Qt6_qml --> node_venv_lib_python3_12_site-packages_PyQt6_Qt6_qml_QtQuick3D["QtQuick3D"]\n    node_venv_lib_python3_12_site-packages_PyQt6_Qt6_qml_QtQuick3D --> node_venv_lib_python3_12_site-packages_PyQt6_Qt6_qml_QtQuick3D_designer["designer"]\n    node_venv_lib_python3_12_site-packages_PyQt6_Qt6_qml_QtQuick3D_designer --> node_venv_lib_python3_12_site-packages_PyQt6_Qt6_qml_QtQuick3D_designer_OrthographicCameraSection_qml["OrthographicCameraSection.qml"]\n    Root --> node_venv["venv"]\n    node_venv --> node_venv_lib["lib"]\n    node_venv_lib --> node_venv_lib_python3_12["python3.12"]\n    node_venv_lib_python3_12 --> node_venv_lib_python3_12_site-packages["site-packages"]\n    node_venv_lib_python3_12_site-packages --> node_venv_lib_python3_12_site-packages_PyQt6["PyQt6"]\n    node_venv_lib_python3_12_site-packages_PyQt6 --> node_venv_lib_python3_12_site-packages_PyQt6_Qt6["Qt6"]\n    node_venv_lib_python3_12_site-packages_PyQt6_Qt6 --> node_venv_lib_python3_12_site-packages_PyQt6_Qt6_qml["qml"]\n    node_venv_lib_python3_12_site-packages_PyQt6_Qt6_qml --> node_venv_lib_python3_12_site-packages_PyQt6_Qt6_qml_QtQuick3D["QtQuick3D"]\n    node_venv_lib_python3_12_site-packages_PyQt6_Qt6_qml_QtQuick3D --> node_venv_lib_python3_12_site-packages_PyQt6_Qt6_qml_QtQuick3D_designer["designer"]\n    node_venv_lib_python3_12_site-packages_PyQt6_Qt6_qml_QtQuick3D_designer --> node_venv_lib_python3_12_site-packages_PyQt6_Qt6_qml_QtQuick3D_designer_OrthographicCameraSpecifics_qml["OrthographicCameraSpecifics.qml"]\n    Root --> node_venv["venv"]\n    node_venv --> node_venv_lib["lib"]\n    node_venv_lib --> node_venv_lib_python3_12["python3.12"]\n    node_venv_lib_python3_12 --> node_venv_lib_python3_12_site-packages["site-packages"]\n    node_venv_lib_python3_12_site-packages --> node_venv_lib_python3_12_site-packages_PyQt6["PyQt6"]\n    node_venv_lib_python3_12_site-packages_PyQt6 --> node_venv_lib_python3_12_site-packages_PyQt6_Qt6["Qt6"]\n    node_venv_lib_python3_12_site-packages_PyQt6_Qt6 --> node_venv_lib_python3_12_site-packages_PyQt6_Qt6_qml["qml"]\n    node_venv_lib_python3_12_site-packages_PyQt6_Qt6_qml --> node_venv_lib_python3_12_site-packages_PyQt6_Qt6_qml_QtQuick3D["QtQuick3D"]\n    node_venv_lib_python3_12_site-packages_PyQt6_Qt6_qml_QtQuick3D --> node_venv_lib_python3_12_site-packages_PyQt6_Qt6_qml_QtQuick3D_designer["designer"]\n    node_venv_lib_python3_12_site-packages_PyQt6_Qt6_qml_QtQuick3D_designer --> node_venv_lib_python3_12_site-packages_PyQt6_Qt6_qml_QtQuick3D_designer_PassSection_qml["PassSection.qml"]\n    Root --> node_venv["venv"]\n    node_venv --> node_venv_lib["lib"]\n    node_venv_lib --> node_venv_lib_python3_12["python3.12"]\n    node_venv_lib_python3_12 --> node_venv_lib_python3_12_site-packages["site-packages"]\n    node_venv_lib_python3_12_site-packages --> node_venv_lib_python3_12_site-packages_PyQt6["PyQt6"]\n    node_venv_lib_python3_12_site-packages_PyQt6 --> node_venv_lib_python3_12_site-packages_PyQt6_Qt6["Qt6"]\n    node_venv_lib_python3_12_site-packages_PyQt6_Qt6 --> node_venv_lib_python3_12_site-packages_PyQt6_Qt6_qml["qml"]\n    node_venv_lib_python3_12_site-packages_PyQt6_Qt6_qml --> node_venv_lib_python3_12_site-packages_PyQt6_Qt6_qml_QtQuick3D["QtQuick3D"]\n    node_venv_lib_python3_12_site-packages_PyQt6_Qt6_qml_QtQuick3D --> node_venv_lib_python3_12_site-packages_PyQt6_Qt6_qml_QtQuick3D_designer["designer"]\n    node_venv_lib_python3_12_site-packages_PyQt6_Qt6_qml_QtQuick3D_designer --> node_venv_lib_python3_12_site-packages_PyQt6_Qt6_qml_QtQuick3D_designer_PassSpecifics_qml["PassSpecifics.qml"]\n    Root --> node_venv["venv"]\n    node_venv --> node_venv_lib["lib"]\n    node_venv_lib --> node_venv_lib_python3_12["python3.12"]\n    node_venv_lib_python3_12 --> node_venv_lib_python3_12_site-packages["site-packages"]\n    node_venv_lib_python3_12_site-packages --> node_venv_lib_python3_12_site-packages_PyQt6["PyQt6"]\n    node_venv_lib_python3_12_site-packages_PyQt6 --> node_venv_lib_python3_12_site-packages_PyQt6_Qt6["Qt6"]\n    node_venv_lib_python3_12_site-packages_PyQt6_Qt6 --> node_venv_lib_python3_12_site-packages_PyQt6_Qt6_qml["qml"]\n    node_venv_lib_python3_12_site-packages_PyQt6_Qt6_qml --> node_venv_lib_python3_12_site-packages_PyQt6_Qt6_qml_QtQuick3D["QtQuick3D"]\n    node_venv_lib_python3_12_site-packages_PyQt6_Qt6_qml_QtQuick3D --> node_venv_lib_python3_12_site-packages_PyQt6_Qt6_qml_QtQuick3D_designer["designer"]\n    node_venv_lib_python3_12_site-packages_PyQt6_Qt6_qml_QtQuick3D_designer --> node_venv_lib_python3_12_site-packages_PyQt6_Qt6_qml_QtQuick3D_designer_PerspectiveCameraSection_qml["PerspectiveCameraSection.qml"]\n    Root --> node_venv["venv"]\n    node_venv --> node_venv_lib["lib"]\n    node_venv_lib --> node_venv_lib_python3_12["python3.12"]\n    node_venv_lib_python3_12 --> node_venv_lib_python3_12_site-packages["site-packages"]\n    node_venv_lib_python3_12_site-packages --> node_venv_lib_python3_12_site-packages_PyQt6["PyQt6"]\n    node_venv_lib_python3_12_site-packages_PyQt6 --> node_venv_lib_python3_12_site-packages_PyQt6_Qt6["Qt6"]\n    node_venv_lib_python3_12_site-packages_PyQt6_Qt6 --> node_venv_lib_python3_12_site-packages_PyQt6_Qt6_qml["qml"]\n    node_venv_lib_python3_12_site-packages_PyQt6_Qt6_qml --> node_venv_lib_python3_12_site-packages_PyQt6_Qt6_qml_QtQuick3D["QtQuick3D"]\n    node_venv_lib_python3_12_site-packages_PyQt6_Qt6_qml_QtQuick3D --> node_venv_lib_python3_12_site-packages_PyQt6_Qt6_qml_QtQuick3D_designer["designer"]\n    node_venv_lib_python3_12_site-packages_PyQt6_Qt6_qml_QtQuick3D_designer --> node_venv_lib_python3_12_site-packages_PyQt6_Qt6_qml_QtQuick3D_designer_PerspectiveCameraSpecifics_qml["PerspectiveCameraSpecifics.qml"]\n    Root --> node_venv["venv"]\n    node_venv --> node_venv_lib["lib"]\n    node_venv_lib --> node_venv_lib_python3_12["python3.12"]\n    node_venv_lib_python3_12 --> node_venv_lib_python3_12_site-packages["site-packages"]\n    node_venv_lib_python3_12_site-packages --> node_venv_lib_python3_12_site-packages_PyQt6["PyQt6"]\n    node_venv_lib_python3_12_site-packages_PyQt6 --> node_venv_lib_python3_12_site-packages_PyQt6_Qt6["Qt6"]\n    node_venv_lib_python3_12_site-packages_PyQt6_Qt6 --> node_venv_lib_python3_12_site-packages_PyQt6_Qt6_qml["qml"]\n    node_venv_lib_python3_12_site-packages_PyQt6_Qt6_qml --> node_venv_lib_python3_12_site-packages_PyQt6_Qt6_qml_QtQuick3D["QtQuick3D"]\n    node_venv_lib_python3_12_site-packages_PyQt6_Qt6_qml_QtQuick3D --> node_venv_lib_python3_12_site-packages_PyQt6_Qt6_qml_QtQuick3D_designer["designer"]\n    node_venv_lib_python3_12_site-packages_PyQt6_Qt6_qml_QtQuick3D_designer --> node_venv_lib_python3_12_site-packages_PyQt6_Qt6_qml_QtQuick3D_designer_PointLightSection_qml["PointLightSection.qml"]\n    Root --> node_venv["venv"]\n    node_venv --> node_venv_lib["lib"]\n    node_venv_lib --> node_venv_lib_python3_12["python3.12"]\n    node_venv_lib_python3_12 --> node_venv_lib_python3_12_site-packages["site-packages"]\n    node_venv_lib_python3_12_site-packages --> node_venv_lib_python3_12_site-packages_PyQt6["PyQt6"]\n    node_venv_lib_python3_12_site-packages_PyQt6 --> node_venv_lib_python3_12_site-packages_PyQt6_Qt6["Qt6"]\n    node_venv_lib_python3_12_site-packages_PyQt6_Qt6 --> node_venv_lib_python3_12_site-packages_PyQt6_Qt6_qml["qml"]\n    node_venv_lib_python3_12_site-packages_PyQt6_Qt6_qml --> node_venv_lib_python3_12_site-packages_PyQt6_Qt6_qml_QtQuick3D["QtQuick3D"]\n    node_venv_lib_python3_12_site-packages_PyQt6_Qt6_qml_QtQuick3D --> node_venv_lib_python3_12_site-packages_PyQt6_Qt6_qml_QtQuick3D_designer["designer"]\n    node_venv_lib_python3_12_site-packages_PyQt6_Qt6_qml_QtQuick3D_designer --> node_venv_lib_python3_12_site-packages_PyQt6_Qt6_qml_QtQuick3D_designer_PointLightSpecifics_qml["PointLightSpecifics.qml"]\n    Root --> node_venv["venv"]\n    node_venv --> node_venv_lib["lib"]\n    node_venv_lib --> node_venv_lib_python3_12["python3.12"]\n    node_venv_lib_python3_12 --> node_venv_lib_python3_12_site-packages["site-packages"]\n    node_venv_lib_python3_12_site-packages --> node_venv_lib_python3_12_site-packages_PyQt6["PyQt6"]\n    node_venv_lib_python3_12_site-packages_PyQt6 --> node_venv_lib_python3_12_site-packages_PyQt6_Qt6["Qt6"]\n    node_venv_lib_python3_12_site-packages_PyQt6_Qt6 --> node_venv_lib_python3_12_site-packages_PyQt6_Qt6_qml["qml"]\n    node_venv_lib_python3_12_site-packages_PyQt6_Qt6_qml --> node_venv_lib_python3_12_site-packages_PyQt6_Qt6_qml_QtQuick3D["QtQuick3D"]\n    node_venv_lib_python3_12_site-packages_PyQt6_Qt6_qml_QtQuick3D --> node_venv_lib_python3_12_site-packages_PyQt6_Qt6_qml_QtQuick3D_designer["designer"]\n    node_venv_lib_python3_12_site-packages_PyQt6_Qt6_qml_QtQuick3D_designer --> node_venv_lib_python3_12_site-packages_PyQt6_Qt6_qml_QtQuick3D_designer_PrincipledMaterialSection_qml["PrincipledMaterialSection.qml"]\n    Root --> node_venv["venv"]\n    node_venv --> node_venv_lib["lib"]\n    node_venv_lib --> node_venv_lib_python3_12["python3.12"]\n    node_venv_lib_python3_12 --> node_venv_lib_python3_12_site-packages["site-packages"]\n    node_venv_lib_python3_12_site-packages --> node_venv_lib_python3_12_site-packages_PyQt6["PyQt6"]\n    node_venv_lib_python3_12_site-packages_PyQt6 --> node_venv_lib_python3_12_site-packages_PyQt6_Qt6["Qt6"]\n    node_venv_lib_python3_12_site-packages_PyQt6_Qt6 --> node_venv_lib_python3_12_site-packages_PyQt6_Qt6_qml["qml"]\n    node_venv_lib_python3_12_site-packages_PyQt6_Qt6_qml --> node_venv_lib_python3_12_site-packages_PyQt6_Qt6_qml_QtQuick3D["QtQuick3D"]\n    node_venv_lib_python3_12_site-packages_PyQt6_Qt6_qml_QtQuick3D --> node_venv_lib_python3_12_site-packages_PyQt6_Qt6_qml_QtQuick3D_designer["designer"]\n    node_venv_lib_python3_12_site-packages_PyQt6_Qt6_qml_QtQuick3D_designer --> node_venv_lib_python3_12_site-packages_PyQt6_Qt6_qml_QtQuick3D_designer_PrincipledMaterialSpecifics_qml["PrincipledMaterialSpecifics.qml"]\n    Root --> node_venv["venv"]\n    node_venv --> node_venv_lib["lib"]\n    node_venv_lib --> node_venv_lib_python3_12["python3.12"]\n    node_venv_lib_python3_12 --> node_venv_lib_python3_12_site-packages["site-packages"]\n    node_venv_lib_python3_12_site-packages --> node_venv_lib_python3_12_site-packages_PyQt6["PyQt6"]\n    node_venv_lib_python3_12_site-packages_PyQt6 --> node_venv_lib_python3_12_site-packages_PyQt6_Qt6["Qt6"]\n    node_venv_lib_python3_12_site-packages_PyQt6_Qt6 --> node_venv_lib_python3_12_site-packages_PyQt6_Qt6_qml["qml"]\n    node_venv_lib_python3_12_site-packages_PyQt6_Qt6_qml --> node_venv_lib_python3_12_site-packages_PyQt6_Qt6_qml_QtQuick3D["QtQuick3D"]\n    node_venv_lib_python3_12_site-packages_PyQt6_Qt6_qml_QtQuick3D --> node_venv_lib_python3_12_site-packages_PyQt6_Qt6_qml_QtQuick3D_designer["designer"]\n    node_venv_lib_python3_12_site-packages_PyQt6_Qt6_qml_QtQuick3D_designer --> node_venv_lib_python3_12_site-packages_PyQt6_Qt6_qml_QtQuick3D_designer_ReflectionProbeSection_qml["ReflectionProbeSection.qml"]\n    Root --> node_venv["venv"]\n    node_venv --> node_venv_lib["lib"]\n    node_venv_lib --> node_venv_lib_python3_12["python3.12"]\n    node_venv_lib_python3_12 --> node_venv_lib_python3_12_site-packages["site-packages"]\n    node_venv_lib_python3_12_site-packages --> node_venv_lib_python3_12_site-packages_PyQt6["PyQt6"]\n    node_venv_lib_python3_12_site-packages_PyQt6 --> node_venv_lib_python3_12_site-packages_PyQt6_Qt6["Qt6"]\n    node_venv_lib_python3_12_site-packages_PyQt6_Qt6 --> node_venv_lib_python3_12_site-packages_PyQt6_Qt6_qml["qml"]\n    node_venv_lib_python3_12_site-packages_PyQt6_Qt6_qml --> node_venv_lib_python3_12_site-packages_PyQt6_Qt6_qml_QtQuick3D["QtQuick3D"]\n    node_venv_lib_python3_12_site-packages_PyQt6_Qt6_qml_QtQuick3D --> node_venv_lib_python3_12_site-packages_PyQt6_Qt6_qml_QtQuick3D_designer["designer"]\n    node_venv_lib_python3_12_site-packages_PyQt6_Qt6_qml_QtQuick3D_designer --> node_venv_lib_python3_12_site-packages_PyQt6_Qt6_qml_QtQuick3D_designer_ReflectionProbeSpecifics_qml["ReflectionProbeSpecifics.qml"]\n    Root --> node_venv["venv"]\n    node_venv --> node_venv_lib["lib"]\n    node_venv_lib --> node_venv_lib_python3_12["python3.12"]\n    node_venv_lib_python3_12 --> node_venv_lib_python3_12_site-packages["site-packages"]\n    node_venv_lib_python3_12_site-packages --> node_venv_lib_python3_12_site-packages_PyQt6["PyQt6"]\n    node_venv_lib_python3_12_site-packages_PyQt6 --> node_venv_lib_python3_12_site-packages_PyQt6_Qt6["Qt6"]\n    node_venv_lib_python3_12_site-packages_PyQt6_Qt6 --> node_venv_lib_python3_12_site-packages_PyQt6_Qt6_qml["qml"]\n    node_venv_lib_python3_12_site-packages_PyQt6_Qt6_qml --> node_venv_lib_python3_12_site-packages_PyQt6_Qt6_qml_QtQuick3D["QtQuick3D"]\n    node_venv_lib_python3_12_site-packages_PyQt6_Qt6_qml_QtQuick3D --> node_venv_lib_python3_12_site-packages_PyQt6_Qt6_qml_QtQuick3D_designer["designer"]\n    node_venv_lib_python3_12_site-packages_PyQt6_Qt6_qml_QtQuick3D_designer --> node_venv_lib_python3_12_site-packages_PyQt6_Qt6_qml_QtQuick3D_designer_Repeater3DSection_qml["Repeater3DSection.qml"]\n    Root --> node_venv["venv"]\n    node_venv --> node_venv_lib["lib"]\n    node_venv_lib --> node_venv_lib_python3_12["python3.12"]\n    node_venv_lib_python3_12 --> node_venv_lib_python3_12_site-packages["site-packages"]\n    node_venv_lib_python3_12_site-packages --> node_venv_lib_python3_12_site-packages_PyQt6["PyQt6"]\n    node_venv_lib_python3_12_site-packages_PyQt6 --> node_venv_lib_python3_12_site-packages_PyQt6_Qt6["Qt6"]\n    node_venv_lib_python3_12_site-packages_PyQt6_Qt6 --> node_venv_lib_python3_12_site-packages_PyQt6_Qt6_qml["qml"]\n    node_venv_lib_python3_12_site-packages_PyQt6_Qt6_qml --> node_venv_lib_python3_12_site-packages_PyQt6_Qt6_qml_QtQuick3D["QtQuick3D"]\n    node_venv_lib_python3_12_site-packages_PyQt6_Qt6_qml_QtQuick3D --> node_venv_lib_python3_12_site-packages_PyQt6_Qt6_qml_QtQuick3D_designer["designer"]\n    node_venv_lib_python3_12_site-packages_PyQt6_Qt6_qml_QtQuick3D_designer --> node_venv_lib_python3_12_site-packages_PyQt6_Qt6_qml_QtQuick3D_designer_Repeater3DSpecifics_qml["Repeater3DSpecifics.qml"]\n    Root --> node_venv["venv"]\n    node_venv --> node_venv_lib["lib"]\n    node_venv_lib --> node_venv_lib_python3_12["python3.12"]\n    node_venv_lib_python3_12 --> node_venv_lib_python3_12_site-packages["site-packages"]\n    node_venv_lib_python3_12_site-packages --> node_venv_lib_python3_12_site-packages_PyQt6["PyQt6"]\n    node_venv_lib_python3_12_site-packages_PyQt6 --> node_venv_lib_python3_12_site-packages_PyQt6_Qt6["Qt6"]\n    node_venv_lib_python3_12_site-packages_PyQt6_Qt6 --> node_venv_lib_python3_12_site-packages_PyQt6_Qt6_qml["qml"]\n    node_venv_lib_python3_12_site-packages_PyQt6_Qt6_qml --> node_venv_lib_python3_12_site-packages_PyQt6_Qt6_qml_QtQuick3D["QtQuick3D"]\n    node_venv_lib_python3_12_site-packages_PyQt6_Qt6_qml_QtQuick3D --> node_venv_lib_python3_12_site-packages_PyQt6_Qt6_qml_QtQuick3D_designer["designer"]\n    node_venv_lib_python3_12_site-packages_PyQt6_Qt6_qml_QtQuick3D_designer --> node_venv_lib_python3_12_site-packages_PyQt6_Qt6_qml_QtQuick3D_designer_ResourceLoaderSection_qml["ResourceLoaderSection.qml"]\n    Root --> node_venv["venv"]\n    node_venv --> node_venv_lib["lib"]\n    node_venv_lib --> node_venv_lib_python3_12["python3.12"]\n    node_venv_lib_python3_12 --> node_venv_lib_python3_12_site-packages["site-packages"]\n    node_venv_lib_python3_12_site-packages --> node_venv_lib_python3_12_site-packages_PyQt6["PyQt6"]\n    node_venv_lib_python3_12_site-packages_PyQt6 --> node_venv_lib_python3_12_site-packages_PyQt6_Qt6["Qt6"]\n    node_venv_lib_python3_12_site-packages_PyQt6_Qt6 --> node_venv_lib_python3_12_site-packages_PyQt6_Qt6_qml["qml"]\n    node_venv_lib_python3_12_site-packages_PyQt6_Qt6_qml --> node_venv_lib_python3_12_site-packages_PyQt6_Qt6_qml_QtQuick3D["QtQuick3D"]\n    node_venv_lib_python3_12_site-packages_PyQt6_Qt6_qml_QtQuick3D --> node_venv_lib_python3_12_site-packages_PyQt6_Qt6_qml_QtQuick3D_designer["designer"]\n    node_venv_lib_python3_12_site-packages_PyQt6_Qt6_qml_QtQuick3D_designer --> node_venv_lib_python3_12_site-packages_PyQt6_Qt6_qml_QtQuick3D_designer_ResourceLoaderSpecifics_qml["ResourceLoaderSpecifics.qml"]\n    Root --> node_venv["venv"]\n    node_venv --> node_venv_lib["lib"]\n    node_venv_lib --> node_venv_lib_python3_12["python3.12"]\n    node_venv_lib_python3_12 --> node_venv_lib_python3_12_site-packages["site-packages"]\n    node_venv_lib_python3_12_site-packages --> node_venv_lib_python3_12_site-packages_PyQt6["PyQt6"]\n    node_venv_lib_python3_12_site-packages_PyQt6 --> node_venv_lib_python3_12_site-packages_PyQt6_Qt6["Qt6"]\n    node_venv_lib_python3_12_site-packages_PyQt6_Qt6 --> node_venv_lib_python3_12_site-packages_PyQt6_Qt6_qml["qml"]\n    node_venv_lib_python3_12_site-packages_PyQt6_Qt6_qml --> node_venv_lib_python3_12_site-packages_PyQt6_Qt6_qml_QtQuick3D["QtQuick3D"]\n    node_venv_lib_python3_12_site-packages_PyQt6_Qt6_qml_QtQuick3D --> node_venv_lib_python3_12_site-packages_PyQt6_Qt6_qml_QtQuick3D_designer["designer"]\n    node_venv_lib_python3_12_site-packages_PyQt6_Qt6_qml_QtQuick3D_designer --> node_venv_lib_python3_12_site-packages_PyQt6_Qt6_qml_QtQuick3D_designer_SceneEnvironmentSection_qml["SceneEnvironmentSection.qml"]\n    Root --> node_venv["venv"]\n    node_venv --> node_venv_lib["lib"]\n    node_venv_lib --> node_venv_lib_python3_12["python3.12"]\n    node_venv_lib_python3_12 --> node_venv_lib_python3_12_site-packages["site-packages"]\n    node_venv_lib_python3_12_site-packages --> node_venv_lib_python3_12_site-packages_PyQt6["PyQt6"]\n    node_venv_lib_python3_12_site-packages_PyQt6 --> node_venv_lib_python3_12_site-packages_PyQt6_Qt6["Qt6"]\n    node_venv_lib_python3_12_site-packages_PyQt6_Qt6 --> node_venv_lib_python3_12_site-packages_PyQt6_Qt6_qml["qml"]\n    node_venv_lib_python3_12_site-packages_PyQt6_Qt6_qml --> node_venv_lib_python3_12_site-packages_PyQt6_Qt6_qml_QtQuick3D["QtQuick3D"]\n    node_venv_lib_python3_12_site-packages_PyQt6_Qt6_qml_QtQuick3D --> node_venv_lib_python3_12_site-packages_PyQt6_Qt6_qml_QtQuick3D_designer["designer"]\n    node_venv_lib_python3_12_site-packages_PyQt6_Qt6_qml_QtQuick3D_designer --> node_venv_lib_python3_12_site-packages_PyQt6_Qt6_qml_QtQuick3D_designer_SceneEnvironmentSpecifics_qml["SceneEnvironmentSpecifics.qml"]\n    Root --> node_venv["venv"]\n    node_venv --> node_venv_lib["lib"]\n    node_venv_lib --> node_venv_lib_python3_12["python3.12"]\n    node_venv_lib_python3_12 --> node_venv_lib_python3_12_site-packages["site-packages"]\n    node_venv_lib_python3_12_site-packages --> node_venv_lib_python3_12_site-packages_PyQt6["PyQt6"]\n    node_venv_lib_python3_12_site-packages_PyQt6 --> node_venv_lib_python3_12_site-packages_PyQt6_Qt6["Qt6"]\n    node_venv_lib_python3_12_site-packages_PyQt6_Qt6 --> node_venv_lib_python3_12_site-packages_PyQt6_Qt6_qml["qml"]\n    node_venv_lib_python3_12_site-packages_PyQt6_Qt6_qml --> node_venv_lib_python3_12_site-packages_PyQt6_Qt6_qml_QtQuick3D["QtQuick3D"]\n    node_venv_lib_python3_12_site-packages_PyQt6_Qt6_qml_QtQuick3D --> node_venv_lib_python3_12_site-packages_PyQt6_Qt6_qml_QtQuick3D_designer["designer"]\n    node_venv_lib_python3_12_site-packages_PyQt6_Qt6_qml_QtQuick3D_designer --> node_venv_lib_python3_12_site-packages_PyQt6_Qt6_qml_QtQuick3D_designer_SetUniformValueSection_qml["SetUniformValueSection.qml"]\n    Root --> node_venv["venv"]\n    node_venv --> node_venv_lib["lib"]\n    node_venv_lib --> node_venv_lib_python3_12["python3.12"]\n    node_venv_lib_python3_12 --> node_venv_lib_python3_12_site-packages["site-packages"]\n    node_venv_lib_python3_12_site-packages --> node_venv_lib_python3_12_site-packages_PyQt6["PyQt6"]\n    node_venv_lib_python3_12_site-packages_PyQt6 --> node_venv_lib_python3_12_site-packages_PyQt6_Qt6["Qt6"]\n    node_venv_lib_python3_12_site-packages_PyQt6_Qt6 --> node_venv_lib_python3_12_site-packages_PyQt6_Qt6_qml["qml"]\n    node_venv_lib_python3_12_site-packages_PyQt6_Qt6_qml --> node_venv_lib_python3_12_site-packages_PyQt6_Qt6_qml_QtQuick3D["QtQuick3D"]\n    node_venv_lib_python3_12_site-packages_PyQt6_Qt6_qml_QtQuick3D --> node_venv_lib_python3_12_site-packages_PyQt6_Qt6_qml_QtQuick3D_designer["designer"]\n    node_venv_lib_python3_12_site-packages_PyQt6_Qt6_qml_QtQuick3D_designer --> node_venv_lib_python3_12_site-packages_PyQt6_Qt6_qml_QtQuick3D_designer_SetUniformValueSpecifics_qml["SetUniformValueSpecifics.qml"]\n    Root --> node_venv["venv"]\n    node_venv --> node_venv_lib["lib"]\n    node_venv_lib --> node_venv_lib_python3_12["python3.12"]\n    node_venv_lib_python3_12 --> node_venv_lib_python3_12_site-packages["site-packages"]\n    node_venv_lib_python3_12_site-packages --> node_venv_lib_python3_12_site-packages_PyQt6["PyQt6"]\n    node_venv_lib_python3_12_site-packages_PyQt6 --> node_venv_lib_python3_12_site-packages_PyQt6_Qt6["Qt6"]\n    node_venv_lib_python3_12_site-packages_PyQt6_Qt6 --> node_venv_lib_python3_12_site-packages_PyQt6_Qt6_qml["qml"]\n    node_venv_lib_python3_12_site-packages_PyQt6_Qt6_qml --> node_venv_lib_python3_12_site-packages_PyQt6_Qt6_qml_QtQuick3D["QtQuick3D"]\n    node_venv_lib_python3_12_site-packages_PyQt6_Qt6_qml_QtQuick3D --> node_venv_lib_python3_12_site-packages_PyQt6_Qt6_qml_QtQuick3D_designer["designer"]\n    node_venv_lib_python3_12_site-packages_PyQt6_Qt6_qml_QtQuick3D_designer --> node_venv_lib_python3_12_site-packages_PyQt6_Qt6_qml_QtQuick3D_designer_ShaderSection_qml["ShaderSection.qml"]\n    Root --> node_venv["venv"]\n    node_venv --> node_venv_lib["lib"]\n    node_venv_lib --> node_venv_lib_python3_12["python3.12"]\n    node_venv_lib_python3_12 --> node_venv_lib_python3_12_site-packages["site-packages"]\n    node_venv_lib_python3_12_site-packages --> node_venv_lib_python3_12_site-packages_PyQt6["PyQt6"]\n    node_venv_lib_python3_12_site-packages_PyQt6 --> node_venv_lib_python3_12_site-packages_PyQt6_Qt6["Qt6"]\n    node_venv_lib_python3_12_site-packages_PyQt6_Qt6 --> node_venv_lib_python3_12_site-packages_PyQt6_Qt6_qml["qml"]\n    node_venv_lib_python3_12_site-packages_PyQt6_Qt6_qml --> node_venv_lib_python3_12_site-packages_PyQt6_Qt6_qml_QtQuick3D["QtQuick3D"]\n    node_venv_lib_python3_12_site-packages_PyQt6_Qt6_qml_QtQuick3D --> node_venv_lib_python3_12_site-packages_PyQt6_Qt6_qml_QtQuick3D_designer["designer"]\n    node_venv_lib_python3_12_site-packages_PyQt6_Qt6_qml_QtQuick3D_designer --> node_venv_lib_python3_12_site-packages_PyQt6_Qt6_qml_QtQuick3D_designer_ShaderSpecifics_qml["ShaderSpecifics.qml"]\n    Root --> node_venv["venv"]\n    node_venv --> node_venv_lib["lib"]\n    node_venv_lib --> node_venv_lib_python3_12["python3.12"]\n    node_venv_lib_python3_12 --> node_venv_lib_python3_12_site-packages["site-packages"]\n    node_venv_lib_python3_12_site-packages --> node_venv_lib_python3_12_site-packages_PyQt6["PyQt6"]\n    node_venv_lib_python3_12_site-packages_PyQt6 --> node_venv_lib_python3_12_site-packages_PyQt6_Qt6["Qt6"]\n    node_venv_lib_python3_12_site-packages_PyQt6_Qt6 --> node_venv_lib_python3_12_site-packages_PyQt6_Qt6_qml["qml"]\n    node_venv_lib_python3_12_site-packages_PyQt6_Qt6_qml --> node_venv_lib_python3_12_site-packages_PyQt6_Qt6_qml_QtQuick3D["QtQuick3D"]\n    node_venv_lib_python3_12_site-packages_PyQt6_Qt6_qml_QtQuick3D --> node_venv_lib_python3_12_site-packages_PyQt6_Qt6_qml_QtQuick3D_designer["designer"]\n    node_venv_lib_python3_12_site-packages_PyQt6_Qt6_qml_QtQuick3D_designer --> node_venv_lib_python3_12_site-packages_PyQt6_Qt6_qml_QtQuick3D_designer_ShadowSection_qml["ShadowSection.qml"]\n    Root --> node_venv["venv"]\n    node_venv --> node_venv_lib["lib"]\n    node_venv_lib --> node_venv_lib_python3_12["python3.12"]\n    node_venv_lib_python3_12 --> node_venv_lib_python3_12_site-packages["site-packages"]\n    node_venv_lib_python3_12_site-packages --> node_venv_lib_python3_12_site-packages_PyQt6["PyQt6"]\n    node_venv_lib_python3_12_site-packages_PyQt6 --> node_venv_lib_python3_12_site-packages_PyQt6_Qt6["Qt6"]\n    node_venv_lib_python3_12_site-packages_PyQt6_Qt6 --> node_venv_lib_python3_12_site-packages_PyQt6_Qt6_qml["qml"]\n    node_venv_lib_python3_12_site-packages_PyQt6_Qt6_qml --> node_venv_lib_python3_12_site-packages_PyQt6_Qt6_qml_QtQuick3D["QtQuick3D"]\n    node_venv_lib_python3_12_site-packages_PyQt6_Qt6_qml_QtQuick3D --> node_venv_lib_python3_12_site-packages_PyQt6_Qt6_qml_QtQuick3D_designer["designer"]\n    node_venv_lib_python3_12_site-packages_PyQt6_Qt6_qml_QtQuick3D_designer --> node_venv_lib_python3_12_site-packages_PyQt6_Qt6_qml_QtQuick3D_designer_SkinSection_qml["SkinSection.qml"]\n    Root --> node_venv["venv"]\n    node_venv --> node_venv_lib["lib"]\n    node_venv_lib --> node_venv_lib_python3_12["python3.12"]\n    node_venv_lib_python3_12 --> node_venv_lib_python3_12_site-packages["site-packages"]\n    node_venv_lib_python3_12_site-packages --> node_venv_lib_python3_12_site-packages_PyQt6["PyQt6"]\n    node_venv_lib_python3_12_site-packages_PyQt6 --> node_venv_lib_python3_12_site-packages_PyQt6_Qt6["Qt6"]\n    node_venv_lib_python3_12_site-packages_PyQt6_Qt6 --> node_venv_lib_python3_12_site-packages_PyQt6_Qt6_qml["qml"]\n    node_venv_lib_python3_12_site-packages_PyQt6_Qt6_qml --> node_venv_lib_python3_12_site-packages_PyQt6_Qt6_qml_QtQuick3D["QtQuick3D"]\n    node_venv_lib_python3_12_site-packages_PyQt6_Qt6_qml_QtQuick3D --> node_venv_lib_python3_12_site-packages_PyQt6_Qt6_qml_QtQuick3D_designer["designer"]\n    node_venv_lib_python3_12_site-packages_PyQt6_Qt6_qml_QtQuick3D_designer --> node_venv_lib_python3_12_site-packages_PyQt6_Qt6_qml_QtQuick3D_designer_SkinSpecifics_qml["SkinSpecifics.qml"]\n    Root --> node_venv["venv"]\n    node_venv --> node_venv_lib["lib"]\n    node_venv_lib --> node_venv_lib_python3_12["python3.12"]\n    node_venv_lib_python3_12 --> node_venv_lib_python3_12_site-packages["site-packages"]\n    node_venv_lib_python3_12_site-packages --> node_venv_lib_python3_12_site-packages_PyQt6["PyQt6"]\n    node_venv_lib_python3_12_site-packages_PyQt6 --> node_venv_lib_python3_12_site-packages_PyQt6_Qt6["Qt6"]\n    node_venv_lib_python3_12_site-packages_PyQt6_Qt6 --> node_venv_lib_python3_12_site-packages_PyQt6_Qt6_qml["qml"]\n    node_venv_lib_python3_12_site-packages_PyQt6_Qt6_qml --> node_venv_lib_python3_12_site-packages_PyQt6_Qt6_qml_QtQuick3D["QtQuick3D"]\n    node_venv_lib_python3_12_site-packages_PyQt6_Qt6_qml_QtQuick3D --> node_venv_lib_python3_12_site-packages_PyQt6_Qt6_qml_QtQuick3D_designer["designer"]\n    node_venv_lib_python3_12_site-packages_PyQt6_Qt6_qml_QtQuick3D_designer --> node_venv_lib_python3_12_site-packages_PyQt6_Qt6_qml_QtQuick3D_designer_SpecularGlossyMaterialSection_qml["SpecularGlossyMaterialSection.qml"]\n    Root --> node_venv["venv"]\n    node_venv --> node_venv_lib["lib"]\n    node_venv_lib --> node_venv_lib_python3_12["python3.12"]\n    node_venv_lib_python3_12 --> node_venv_lib_python3_12_site-packages["site-packages"]\n    node_venv_lib_python3_12_site-packages --> node_venv_lib_python3_12_site-packages_PyQt6["PyQt6"]\n    node_venv_lib_python3_12_site-packages_PyQt6 --> node_venv_lib_python3_12_site-packages_PyQt6_Qt6["Qt6"]\n    node_venv_lib_python3_12_site-packages_PyQt6_Qt6 --> node_venv_lib_python3_12_site-packages_PyQt6_Qt6_qml["qml"]\n    node_venv_lib_python3_12_site-packages_PyQt6_Qt6_qml --> node_venv_lib_python3_12_site-packages_PyQt6_Qt6_qml_QtQuick3D["QtQuick3D"]\n    node_venv_lib_python3_12_site-packages_PyQt6_Qt6_qml_QtQuick3D --> node_venv_lib_python3_12_site-packages_PyQt6_Qt6_qml_QtQuick3D_designer["designer"]\n    node_venv_lib_python3_12_site-packages_PyQt6_Qt6_qml_QtQuick3D_designer --> node_venv_lib_python3_12_site-packages_PyQt6_Qt6_qml_QtQuick3D_designer_SpecularGlossyMaterialSpecifics_qml["SpecularGlossyMaterialSpecifics.qml"]\n    Root --> node_venv["venv"]\n    node_venv --> node_venv_lib["lib"]\n    node_venv_lib --> node_venv_lib_python3_12["python3.12"]\n    node_venv_lib_python3_12 --> node_venv_lib_python3_12_site-packages["site-packages"]\n    node_venv_lib_python3_12_site-packages --> node_venv_lib_python3_12_site-packages_PyQt6["PyQt6"]\n    node_venv_lib_python3_12_site-packages_PyQt6 --> node_venv_lib_python3_12_site-packages_PyQt6_Qt6["Qt6"]\n    node_venv_lib_python3_12_site-packages_PyQt6_Qt6 --> node_venv_lib_python3_12_site-packages_PyQt6_Qt6_qml["qml"]\n    node_venv_lib_python3_12_site-packages_PyQt6_Qt6_qml --> node_venv_lib_python3_12_site-packages_PyQt6_Qt6_qml_QtQuick3D["QtQuick3D"]\n    node_venv_lib_python3_12_site-packages_PyQt6_Qt6_qml_QtQuick3D --> node_venv_lib_python3_12_site-packages_PyQt6_Qt6_qml_QtQuick3D_designer["designer"]\n    node_venv_lib_python3_12_site-packages_PyQt6_Qt6_qml_QtQuick3D_designer --> node_venv_lib_python3_12_site-packages_PyQt6_Qt6_qml_QtQuick3D_designer_SpotLightSection_qml["SpotLightSection.qml"]\n    Root --> node_venv["venv"]\n    node_venv --> node_venv_lib["lib"]\n    node_venv_lib --> node_venv_lib_python3_12["python3.12"]\n    node_venv_lib_python3_12 --> node_venv_lib_python3_12_site-packages["site-packages"]\n    node_venv_lib_python3_12_site-packages --> node_venv_lib_python3_12_site-packages_PyQt6["PyQt6"]\n    node_venv_lib_python3_12_site-packages_PyQt6 --> node_venv_lib_python3_12_site-packages_PyQt6_Qt6["Qt6"]\n    node_venv_lib_python3_12_site-packages_PyQt6_Qt6 --> node_venv_lib_python3_12_site-packages_PyQt6_Qt6_qml["qml"]\n    node_venv_lib_python3_12_site-packages_PyQt6_Qt6_qml --> node_venv_lib_python3_12_site-packages_PyQt6_Qt6_qml_QtQuick3D["QtQuick3D"]\n    node_venv_lib_python3_12_site-packages_PyQt6_Qt6_qml_QtQuick3D --> node_venv_lib_python3_12_site-packages_PyQt6_Qt6_qml_QtQuick3D_designer["designer"]\n    node_venv_lib_python3_12_site-packages_PyQt6_Qt6_qml_QtQuick3D_designer --> node_venv_lib_python3_12_site-packages_PyQt6_Qt6_qml_QtQuick3D_designer_SpotLightSpecifics_qml["SpotLightSpecifics.qml"]\n    Root --> node_venv["venv"]\n    node_venv --> node_venv_lib["lib"]\n    node_venv_lib --> node_venv_lib_python3_12["python3.12"]\n    node_venv_lib_python3_12 --> node_venv_lib_python3_12_site-packages["site-packages"]\n    node_venv_lib_python3_12_site-packages --> node_venv_lib_python3_12_site-packages_PyQt6["PyQt6"]\n    node_venv_lib_python3_12_site-packages_PyQt6 --> node_venv_lib_python3_12_site-packages_PyQt6_Qt6["Qt6"]\n    node_venv_lib_python3_12_site-packages_PyQt6_Qt6 --> node_venv_lib_python3_12_site-packages_PyQt6_Qt6_qml["qml"]\n    node_venv_lib_python3_12_site-packages_PyQt6_Qt6_qml --> node_venv_lib_python3_12_site-packages_PyQt6_Qt6_qml_QtQuick3D["QtQuick3D"]\n    node_venv_lib_python3_12_site-packages_PyQt6_Qt6_qml_QtQuick3D --> node_venv_lib_python3_12_site-packages_PyQt6_Qt6_qml_QtQuick3D_designer["designer"]\n    node_venv_lib_python3_12_site-packages_PyQt6_Qt6_qml_QtQuick3D_designer --> node_venv_lib_python3_12_site-packages_PyQt6_Qt6_qml_QtQuick3D_designer_TextureInputSection_qml["TextureInputSection.qml"]\n    Root --> node_venv["venv"]\n    node_venv --> node_venv_lib["lib"]\n    node_venv_lib --> node_venv_lib_python3_12["python3.12"]\n    node_venv_lib_python3_12 --> node_venv_lib_python3_12_site-packages["site-packages"]\n    node_venv_lib_python3_12_site-packages --> node_venv_lib_python3_12_site-packages_PyQt6["PyQt6"]\n    node_venv_lib_python3_12_site-packages_PyQt6 --> node_venv_lib_python3_12_site-packages_PyQt6_Qt6["Qt6"]\n    node_venv_lib_python3_12_site-packages_PyQt6_Qt6 --> node_venv_lib_python3_12_site-packages_PyQt6_Qt6_qml["qml"]\n    node_venv_lib_python3_12_site-packages_PyQt6_Qt6_qml --> node_venv_lib_python3_12_site-packages_PyQt6_Qt6_qml_QtQuick3D["QtQuick3D"]\n    node_venv_lib_python3_12_site-packages_PyQt6_Qt6_qml_QtQuick3D --> node_venv_lib_python3_12_site-packages_PyQt6_Qt6_qml_QtQuick3D_designer["designer"]\n    node_venv_lib_python3_12_site-packages_PyQt6_Qt6_qml_QtQuick3D_designer --> node_venv_lib_python3_12_site-packages_PyQt6_Qt6_qml_QtQuick3D_designer_TextureInputSpecifics_qml["TextureInputSpecifics.qml"]\n    Root --> node_venv["venv"]\n    node_venv --> node_venv_lib["lib"]\n    node_venv_lib --> node_venv_lib_python3_12["python3.12"]\n    node_venv_lib_python3_12 --> node_venv_lib_python3_12_site-packages["site-packages"]\n    node_venv_lib_python3_12_site-packages --> node_venv_lib_python3_12_site-packages_PyQt6["PyQt6"]\n    node_venv_lib_python3_12_site-packages_PyQt6 --> node_venv_lib_python3_12_site-packages_PyQt6_Qt6["Qt6"]\n    node_venv_lib_python3_12_site-packages_PyQt6_Qt6 --> node_venv_lib_python3_12_site-packages_PyQt6_Qt6_qml["qml"]\n    node_venv_lib_python3_12_site-packages_PyQt6_Qt6_qml --> node_venv_lib_python3_12_site-packages_PyQt6_Qt6_qml_QtQuick3D["QtQuick3D"]\n    node_venv_lib_python3_12_site-packages_PyQt6_Qt6_qml_QtQuick3D --> node_venv_lib_python3_12_site-packages_PyQt6_Qt6_qml_QtQuick3D_designer["designer"]\n    node_venv_lib_python3_12_site-packages_PyQt6_Qt6_qml_QtQuick3D_designer --> node_venv_lib_python3_12_site-packages_PyQt6_Qt6_qml_QtQuick3D_designer_TextureSection_qml["TextureSection.qml"]\n    Root --> node_venv["venv"]\n    node_venv --> node_venv_lib["lib"]\n    node_venv_lib --> node_venv_lib_python3_12["python3.12"]\n    node_venv_lib_python3_12 --> node_venv_lib_python3_12_site-packages["site-packages"]\n    node_venv_lib_python3_12_site-packages --> node_venv_lib_python3_12_site-packages_PyQt6["PyQt6"]\n    node_venv_lib_python3_12_site-packages_PyQt6 --> node_venv_lib_python3_12_site-packages_PyQt6_Qt6["Qt6"]\n    node_venv_lib_python3_12_site-packages_PyQt6_Qt6 --> node_venv_lib_python3_12_site-packages_PyQt6_Qt6_qml["qml"]\n    node_venv_lib_python3_12_site-packages_PyQt6_Qt6_qml --> node_venv_lib_python3_12_site-packages_PyQt6_Qt6_qml_QtQuick3D["QtQuick3D"]\n    node_venv_lib_python3_12_site-packages_PyQt6_Qt6_qml_QtQuick3D --> node_venv_lib_python3_12_site-packages_PyQt6_Qt6_qml_QtQuick3D_designer["designer"]\n    node_venv_lib_python3_12_site-packages_PyQt6_Qt6_qml_QtQuick3D_designer --> node_venv_lib_python3_12_site-packages_PyQt6_Qt6_qml_QtQuick3D_designer_TextureSpecifics_qml["TextureSpecifics.qml"]\n    Root --> node_venv["venv"]\n    node_venv --> node_venv_lib["lib"]\n    node_venv_lib --> node_venv_lib_python3_12["python3.12"]\n    node_venv_lib_python3_12 --> node_venv_lib_python3_12_site-packages["site-packages"]\n    node_venv_lib_python3_12_site-packages --> node_venv_lib_python3_12_site-packages_PyQt6["PyQt6"]\n    node_venv_lib_python3_12_site-packages_PyQt6 --> node_venv_lib_python3_12_site-packages_PyQt6_Qt6["Qt6"]\n    node_venv_lib_python3_12_site-packages_PyQt6_Qt6 --> node_venv_lib_python3_12_site-packages_PyQt6_Qt6_qml["qml"]\n    node_venv_lib_python3_12_site-packages_PyQt6_Qt6_qml --> node_venv_lib_python3_12_site-packages_PyQt6_Qt6_qml_QtQuick3D["QtQuick3D"]\n    node_venv_lib_python3_12_site-packages_PyQt6_Qt6_qml_QtQuick3D --> node_venv_lib_python3_12_site-packages_PyQt6_Qt6_qml_QtQuick3D_designer["designer"]\n    node_venv_lib_python3_12_site-packages_PyQt6_Qt6_qml_QtQuick3D_designer --> node_venv_lib_python3_12_site-packages_PyQt6_Qt6_qml_QtQuick3D_designer_View3DSection_qml["View3DSection.qml"]\n    Root --> node_venv["venv"]\n    node_venv --> node_venv_lib["lib"]\n    node_venv_lib --> node_venv_lib_python3_12["python3.12"]\n    node_venv_lib_python3_12 --> node_venv_lib_python3_12_site-packages["site-packages"]\n    node_venv_lib_python3_12_site-packages --> node_venv_lib_python3_12_site-packages_PyQt6["PyQt6"]\n    node_venv_lib_python3_12_site-packages_PyQt6 --> node_venv_lib_python3_12_site-packages_PyQt6_Qt6["Qt6"]\n    node_venv_lib_python3_12_site-packages_PyQt6_Qt6 --> node_venv_lib_python3_12_site-packages_PyQt6_Qt6_qml["qml"]\n    node_venv_lib_python3_12_site-packages_PyQt6_Qt6_qml --> node_venv_lib_python3_12_site-packages_PyQt6_Qt6_qml_QtQuick3D["QtQuick3D"]\n    node_venv_lib_python3_12_site-packages_PyQt6_Qt6_qml_QtQuick3D --> node_venv_lib_python3_12_site-packages_PyQt6_Qt6_qml_QtQuick3D_designer["designer"]\n    node_venv_lib_python3_12_site-packages_PyQt6_Qt6_qml_QtQuick3D_designer --> node_venv_lib_python3_12_site-packages_PyQt6_Qt6_qml_QtQuick3D_designer_View3DSpecifics_qml["View3DSpecifics.qml"]\n    Root --> node_venv["venv"]\n    node_venv --> node_venv_lib["lib"]\n    node_venv_lib --> node_venv_lib_python3_12["python3.12"]\n    node_venv_lib_python3_12 --> node_venv_lib_python3_12_site-packages["site-packages"]\n    node_venv_lib_python3_12_site-packages --> node_venv_lib_python3_12_site-packages_PyQt6["PyQt6"]\n    node_venv_lib_python3_12_site-packages_PyQt6 --> node_venv_lib_python3_12_site-packages_PyQt6_Qt6["Qt6"]\n    node_venv_lib_python3_12_site-packages_PyQt6_Qt6 --> node_venv_lib_python3_12_site-packages_PyQt6_Qt6_qml["qml"]\n    node_venv_lib_python3_12_site-packages_PyQt6_Qt6_qml --> node_venv_lib_python3_12_site-packages_PyQt6_Qt6_qml_QtQuick3D["QtQuick3D"]\n    node_venv_lib_python3_12_site-packages_PyQt6_Qt6_qml_QtQuick3D --> node_venv_lib_python3_12_site-packages_PyQt6_Qt6_qml_QtQuick3D_designer["designer"]\n    node_venv_lib_python3_12_site-packages_PyQt6_Qt6_qml_QtQuick3D_designer --> node_venv_lib_python3_12_site-packages_PyQt6_Qt6_qml_QtQuick3D_designer_propertyGroups_json["propertyGroups.json"]\n    Root --> node_venv["venv"]\n    node_venv --> node_venv_lib["lib"]\n    node_venv_lib --> node_venv_lib_python3_12["python3.12"]\n    node_venv_lib_python3_12 --> node_venv_lib_python3_12_site-packages["site-packages"]\n    node_venv_lib_python3_12_site-packages --> node_venv_lib_python3_12_site-packages_PyQt6["PyQt6"]\n    node_venv_lib_python3_12_site-packages_PyQt6 --> node_venv_lib_python3_12_site-packages_PyQt6_Qt6["Qt6"]\n    node_venv_lib_python3_12_site-packages_PyQt6_Qt6 --> node_venv_lib_python3_12_site-packages_PyQt6_Qt6_qml["qml"]\n    node_venv_lib_python3_12_site-packages_PyQt6_Qt6_qml --> node_venv_lib_python3_12_site-packages_PyQt6_Qt6_qml_QtQuick3D["QtQuick3D"]\n    node_venv_lib_python3_12_site-packages_PyQt6_Qt6_qml_QtQuick3D --> node_venv_lib_python3_12_site-packages_PyQt6_Qt6_qml_QtQuick3D_designer["designer"]\n    node_venv_lib_python3_12_site-packages_PyQt6_Qt6_qml_QtQuick3D_designer --> node_venv_lib_python3_12_site-packages_PyQt6_Qt6_qml_QtQuick3D_designer_quick3d_metainfo["quick3d.metainfo"]\n    Root --> node_venv["venv"]\n    node_venv --> node_venv_lib["lib"]\n    node_venv_lib --> node_venv_lib_python3_12["python3.12"]\n    node_venv_lib_python3_12 --> node_venv_lib_python3_12_site-packages["site-packages"]\n    node_venv_lib_python3_12_site-packages --> node_venv_lib_python3_12_site-packages_PyQt6["PyQt6"]\n    node_venv_lib_python3_12_site-packages_PyQt6 --> node_venv_lib_python3_12_site-packages_PyQt6_Qt6["Qt6"]\n    node_venv_lib_python3_12_site-packages_PyQt6_Qt6 --> node_venv_lib_python3_12_site-packages_PyQt6_Qt6_qml["qml"]\n    node_venv_lib_python3_12_site-packages_PyQt6_Qt6_qml --> node_venv_lib_python3_12_site-packages_PyQt6_Qt6_qml_QtQuick3D["QtQuick3D"]\n    node_venv_lib_python3_12_site-packages_PyQt6_Qt6_qml_QtQuick3D --> node_venv_lib_python3_12_site-packages_PyQt6_Qt6_qml_QtQuick3D_designer["designer"]\n    node_venv_lib_python3_12_site-packages_PyQt6_Qt6_qml_QtQuick3D_designer --> node_venv_lib_python3_12_site-packages_PyQt6_Qt6_qml_QtQuick3D_designer_images["images"]\n    node_venv_lib_python3_12_site-packages_PyQt6_Qt6_qml_QtQuick3D_designer_images --> node_venv_lib_python3_12_site-packages_PyQt6_Qt6_qml_QtQuick3D_designer_images_camera_png["camera.png"]\n    Root --> node_venv["venv"]\n    node_venv --> node_venv_lib["lib"]\n    node_venv_lib --> node_venv_lib_python3_12["python3.12"]\n    node_venv_lib_python3_12 --> node_venv_lib_python3_12_site-packages["site-packages"]\n    node_venv_lib_python3_12_site-packages --> node_venv_lib_python3_12_site-packages_PyQt6["PyQt6"]\n    node_venv_lib_python3_12_site-packages_PyQt6 --> node_venv_lib_python3_12_site-packages_PyQt6_Qt6["Qt6"]\n    node_venv_lib_python3_12_site-packages_PyQt6_Qt6 --> node_venv_lib_python3_12_site-packages_PyQt6_Qt6_qml["qml"]\n    node_venv_lib_python3_12_site-packages_PyQt6_Qt6_qml --> node_venv_lib_python3_12_site-packages_PyQt6_Qt6_qml_QtQuick3D["QtQuick3D"]\n    node_venv_lib_python3_12_site-packages_PyQt6_Qt6_qml_QtQuick3D --> node_venv_lib_python3_12_site-packages_PyQt6_Qt6_qml_QtQuick3D_designer["designer"]\n    node_venv_lib_python3_12_site-packages_PyQt6_Qt6_qml_QtQuick3D_designer --> node_venv_lib_python3_12_site-packages_PyQt6_Qt6_qml_QtQuick3D_designer_images["images"]\n    node_venv_lib_python3_12_site-packages_PyQt6_Qt6_qml_QtQuick3D_designer_images --> node_venv_lib_python3_12_site-packages_PyQt6_Qt6_qml_QtQuick3D_designer_images_camera16_png["camera16.png"]\n    Root --> node_venv["venv"]\n    node_venv --> node_venv_lib["lib"]\n    node_venv_lib --> node_venv_lib_python3_12["python3.12"]\n    node_venv_lib_python3_12 --> node_venv_lib_python3_12_site-packages["site-packages"]\n    node_venv_lib_python3_12_site-packages --> node_venv_lib_python3_12_site-packages_PyQt6["PyQt6"]\n    node_venv_lib_python3_12_site-packages_PyQt6 --> node_venv_lib_python3_12_site-packages_PyQt6_Qt6["Qt6"]\n    node_venv_lib_python3_12_site-packages_PyQt6_Qt6 --> node_venv_lib_python3_12_site-packages_PyQt6_Qt6_qml["qml"]\n    node_venv_lib_python3_12_site-packages_PyQt6_Qt6_qml --> node_venv_lib_python3_12_site-packages_PyQt6_Qt6_qml_QtQuick3D["QtQuick3D"]\n    node_venv_lib_python3_12_site-packages_PyQt6_Qt6_qml_QtQuick3D --> node_venv_lib_python3_12_site-packages_PyQt6_Qt6_qml_QtQuick3D_designer["designer"]\n    node_venv_lib_python3_12_site-packages_PyQt6_Qt6_qml_QtQuick3D_designer --> node_venv_lib_python3_12_site-packages_PyQt6_Qt6_qml_QtQuick3D_designer_images["images"]\n    node_venv_lib_python3_12_site-packages_PyQt6_Qt6_qml_QtQuick3D_designer_images --> node_venv_lib_python3_12_site-packages_PyQt6_Qt6_qml_QtQuick3D_designer_images_camera@2x_png["camera@2x.png"]\n    Root --> node_venv["venv"]\n    node_venv --> node_venv_lib["lib"]\n    node_venv_lib --> node_venv_lib_python3_12["python3.12"]\n    node_venv_lib_python3_12 --> node_venv_lib_python3_12_site-packages["site-packages"]\n    node_venv_lib_python3_12_site-packages --> node_venv_lib_python3_12_site-packages_PyQt6["PyQt6"]\n    node_venv_lib_python3_12_site-packages_PyQt6 --> node_venv_lib_python3_12_site-packages_PyQt6_Qt6["Qt6"]\n    node_venv_lib_python3_12_site-packages_PyQt6_Qt6 --> node_venv_lib_python3_12_site-packages_PyQt6_Qt6_qml["qml"]\n    node_venv_lib_python3_12_site-packages_PyQt6_Qt6_qml --> node_venv_lib_python3_12_site-packages_PyQt6_Qt6_qml_QtQuick3D["QtQuick3D"]\n    node_venv_lib_python3_12_site-packages_PyQt6_Qt6_qml_QtQuick3D --> node_venv_lib_python3_12_site-packages_PyQt6_Qt6_qml_QtQuick3D_designer["designer"]\n    node_venv_lib_python3_12_site-packages_PyQt6_Qt6_qml_QtQuick3D_designer --> node_venv_lib_python3_12_site-packages_PyQt6_Qt6_qml_QtQuick3D_designer_images["images"]\n    node_venv_lib_python3_12_site-packages_PyQt6_Qt6_qml_QtQuick3D_designer_images --> node_venv_lib_python3_12_site-packages_PyQt6_Qt6_qml_QtQuick3D_designer_images_cone_png["cone.png"]\n    Root --> node_venv["venv"]\n    node_venv --> node_venv_lib["lib"]\n    node_venv_lib --> node_venv_lib_python3_12["python3.12"]\n    node_venv_lib_python3_12 --> node_venv_lib_python3_12_site-packages["site-packages"]\n    node_venv_lib_python3_12_site-packages --> node_venv_lib_python3_12_site-packages_PyQt6["PyQt6"]\n    node_venv_lib_python3_12_site-packages_PyQt6 --> node_venv_lib_python3_12_site-packages_PyQt6_Qt6["Qt6"]\n    node_venv_lib_python3_12_site-packages_PyQt6_Qt6 --> node_venv_lib_python3_12_site-packages_PyQt6_Qt6_qml["qml"]\n    node_venv_lib_python3_12_site-packages_PyQt6_Qt6_qml --> node_venv_lib_python3_12_site-packages_PyQt6_Qt6_qml_QtQuick3D["QtQuick3D"]\n    node_venv_lib_python3_12_site-packages_PyQt6_Qt6_qml_QtQuick3D --> node_venv_lib_python3_12_site-packages_PyQt6_Qt6_qml_QtQuick3D_designer["designer"]\n    node_venv_lib_python3_12_site-packages_PyQt6_Qt6_qml_QtQuick3D_designer --> node_venv_lib_python3_12_site-packages_PyQt6_Qt6_qml_QtQuick3D_designer_images["images"]\n    node_venv_lib_python3_12_site-packages_PyQt6_Qt6_qml_QtQuick3D_designer_images --> node_venv_lib_python3_12_site-packages_PyQt6_Qt6_qml_QtQuick3D_designer_images_cone16_png["cone16.png"]\n    Root --> node_venv["venv"]\n    node_venv --> node_venv_lib["lib"]\n    node_venv_lib --> node_venv_lib_python3_12["python3.12"]\n    node_venv_lib_python3_12 --> node_venv_lib_python3_12_site-packages["site-packages"]\n    node_venv_lib_python3_12_site-packages --> node_venv_lib_python3_12_site-packages_PyQt6["PyQt6"]\n    node_venv_lib_python3_12_site-packages_PyQt6 --> node_venv_lib_python3_12_site-packages_PyQt6_Qt6["Qt6"]\n    node_venv_lib_python3_12_site-packages_PyQt6_Qt6 --> node_venv_lib_python3_12_site-packages_PyQt6_Qt6_qml["qml"]\n    node_venv_lib_python3_12_site-packages_PyQt6_Qt6_qml --> node_venv_lib_python3_12_site-packages_PyQt6_Qt6_qml_QtQuick3D["QtQuick3D"]\n    node_venv_lib_python3_12_site-packages_PyQt6_Qt6_qml_QtQuick3D --> node_venv_lib_python3_12_site-packages_PyQt6_Qt6_qml_QtQuick3D_designer["designer"]\n    node_venv_lib_python3_12_site-packages_PyQt6_Qt6_qml_QtQuick3D_designer --> node_venv_lib_python3_12_site-packages_PyQt6_Qt6_qml_QtQuick3D_designer_images["images"]\n    node_venv_lib_python3_12_site-packages_PyQt6_Qt6_qml_QtQuick3D_designer_images --> node_venv_lib_python3_12_site-packages_PyQt6_Qt6_qml_QtQuick3D_designer_images_cone@2x_png["cone@2x.png"]\n    Root --> node_venv["venv"]\n    node_venv --> node_venv_lib["lib"]\n    node_venv_lib --> node_venv_lib_python3_12["python3.12"]\n    node_venv_lib_python3_12 --> node_venv_lib_python3_12_site-packages["site-packages"]\n    node_venv_lib_python3_12_site-packages --> node_venv_lib_python3_12_site-packages_PyQt6["PyQt6"]\n    node_venv_lib_python3_12_site-packages_PyQt6 --> node_venv_lib_python3_12_site-packages_PyQt6_Qt6["Qt6"]\n    node_venv_lib_python3_12_site-packages_PyQt6_Qt6 --> node_venv_lib_python3_12_site-packages_PyQt6_Qt6_qml["qml"]\n    node_venv_lib_python3_12_site-packages_PyQt6_Qt6_qml --> node_venv_lib_python3_12_site-packages_PyQt6_Qt6_qml_QtQuick3D["QtQuick3D"]\n    node_venv_lib_python3_12_site-packages_PyQt6_Qt6_qml_QtQuick3D --> node_venv_lib_python3_12_site-packages_PyQt6_Qt6_qml_QtQuick3D_designer["designer"]\n    node_venv_lib_python3_12_site-packages_PyQt6_Qt6_qml_QtQuick3D_designer --> node_venv_lib_python3_12_site-packages_PyQt6_Qt6_qml_QtQuick3D_designer_images["images"]\n    node_venv_lib_python3_12_site-packages_PyQt6_Qt6_qml_QtQuick3D_designer_images --> node_venv_lib_python3_12_site-packages_PyQt6_Qt6_qml_QtQuick3D_designer_images_cube_png["cube.png"]\n    Root --> node_venv["venv"]\n    node_venv --> node_venv_lib["lib"]\n    node_venv_lib --> node_venv_lib_python3_12["python3.12"]\n    node_venv_lib_python3_12 --> node_venv_lib_python3_12_site-packages["site-packages"]\n    node_venv_lib_python3_12_site-packages --> node_venv_lib_python3_12_site-packages_PyQt6["PyQt6"]\n    node_venv_lib_python3_12_site-packages_PyQt6 --> node_venv_lib_python3_12_site-packages_PyQt6_Qt6["Qt6"]\n    node_venv_lib_python3_12_site-packages_PyQt6_Qt6 --> node_venv_lib_python3_12_site-packages_PyQt6_Qt6_qml["qml"]\n    node_venv_lib_python3_12_site-packages_PyQt6_Qt6_qml --> node_venv_lib_python3_12_site-packages_PyQt6_Qt6_qml_QtQuick3D["QtQuick3D"]\n    node_venv_lib_python3_12_site-packages_PyQt6_Qt6_qml_QtQuick3D --> node_venv_lib_python3_12_site-packages_PyQt6_Qt6_qml_QtQuick3D_designer["designer"]\n    node_venv_lib_python3_12_site-packages_PyQt6_Qt6_qml_QtQuick3D_designer --> node_venv_lib_python3_12_site-packages_PyQt6_Qt6_qml_QtQuick3D_designer_images["images"]\n    node_venv_lib_python3_12_site-packages_PyQt6_Qt6_qml_QtQuick3D_designer_images --> node_venv_lib_python3_12_site-packages_PyQt6_Qt6_qml_QtQuick3D_designer_images_cube16_png["cube16.png"]\n    Root --> node_venv["venv"]\n    node_venv --> node_venv_lib["lib"]\n    node_venv_lib --> node_venv_lib_python3_12["python3.12"]\n    node_venv_lib_python3_12 --> node_venv_lib_python3_12_site-packages["site-packages"]\n    node_venv_lib_python3_12_site-packages --> node_venv_lib_python3_12_site-packages_PyQt6["PyQt6"]\n    node_venv_lib_python3_12_site-packages_PyQt6 --> node_venv_lib_python3_12_site-packages_PyQt6_Qt6["Qt6"]\n    node_venv_lib_python3_12_site-packages_PyQt6_Qt6 --> node_venv_lib_python3_12_site-packages_PyQt6_Qt6_qml["qml"]\n    node_venv_lib_python3_12_site-packages_PyQt6_Qt6_qml --> node_venv_lib_python3_12_site-packages_PyQt6_Qt6_qml_QtQuick3D["QtQuick3D"]\n    node_venv_lib_python3_12_site-packages_PyQt6_Qt6_qml_QtQuick3D --> node_venv_lib_python3_12_site-packages_PyQt6_Qt6_qml_QtQuick3D_designer["designer"]\n    node_venv_lib_python3_12_site-packages_PyQt6_Qt6_qml_QtQuick3D_designer --> node_venv_lib_python3_12_site-packages_PyQt6_Qt6_qml_QtQuick3D_designer_images["images"]\n    node_venv_lib_python3_12_site-packages_PyQt6_Qt6_qml_QtQuick3D_designer_images --> node_venv_lib_python3_12_site-packages_PyQt6_Qt6_qml_QtQuick3D_designer_images_cube@2x_png["cube@2x.png"]\n    Root --> node_venv["venv"]\n    node_venv --> node_venv_lib["lib"]\n    node_venv_lib --> node_venv_lib_python3_12["python3.12"]\n    node_venv_lib_python3_12 --> node_venv_lib_python3_12_site-packages["site-packages"]\n    node_venv_lib_python3_12_site-packages --> node_venv_lib_python3_12_site-packages_PyQt6["PyQt6"]\n    node_venv_lib_python3_12_site-packages_PyQt6 --> node_venv_lib_python3_12_site-packages_PyQt6_Qt6["Qt6"]\n    node_venv_lib_python3_12_site-packages_PyQt6_Qt6 --> node_venv_lib_python3_12_site-packages_PyQt6_Qt6_qml["qml"]\n    node_venv_lib_python3_12_site-packages_PyQt6_Qt6_qml --> node_venv_lib_python3_12_site-packages_PyQt6_Qt6_qml_QtQuick3D["QtQuick3D"]\n    node_venv_lib_python3_12_site-packages_PyQt6_Qt6_qml_QtQuick3D --> node_venv_lib_python3_12_site-packages_PyQt6_Qt6_qml_QtQuick3D_designer["designer"]\n    node_venv_lib_python3_12_site-packages_PyQt6_Qt6_qml_QtQuick3D_designer --> node_venv_lib_python3_12_site-packages_PyQt6_Qt6_qml_QtQuick3D_designer_images["images"]\n    node_venv_lib_python3_12_site-packages_PyQt6_Qt6_qml_QtQuick3D_designer_images --> node_venv_lib_python3_12_site-packages_PyQt6_Qt6_qml_QtQuick3D_designer_images_cubemaptexture_png["cubemaptexture.png"]\n    Root --> node_venv["venv"]\n    node_venv --> node_venv_lib["lib"]\n    node_venv_lib --> node_venv_lib_python3_12["python3.12"]\n    node_venv_lib_python3_12 --> node_venv_lib_python3_12_site-packages["site-packages"]\n    node_venv_lib_python3_12_site-packages --> node_venv_lib_python3_12_site-packages_PyQt6["PyQt6"]\n    node_venv_lib_python3_12_site-packages_PyQt6 --> node_venv_lib_python3_12_site-packages_PyQt6_Qt6["Qt6"]\n    node_venv_lib_python3_12_site-packages_PyQt6_Qt6 --> node_venv_lib_python3_12_site-packages_PyQt6_Qt6_qml["qml"]\n    node_venv_lib_python3_12_site-packages_PyQt6_Qt6_qml --> node_venv_lib_python3_12_site-packages_PyQt6_Qt6_qml_QtQuick3D["QtQuick3D"]\n    node_venv_lib_python3_12_site-packages_PyQt6_Qt6_qml_QtQuick3D --> node_venv_lib_python3_12_site-packages_PyQt6_Qt6_qml_QtQuick3D_designer["designer"]\n    node_venv_lib_python3_12_site-packages_PyQt6_Qt6_qml_QtQuick3D_designer --> node_venv_lib_python3_12_site-packages_PyQt6_Qt6_qml_QtQuick3D_designer_images["images"]\n    node_venv_lib_python3_12_site-packages_PyQt6_Qt6_qml_QtQuick3D_designer_images --> node_venv_lib_python3_12_site-packages_PyQt6_Qt6_qml_QtQuick3D_designer_images_cubemaptexture16_png["cubemaptexture16.png"]\n    Root --> node_venv["venv"]\n    node_venv --> node_venv_lib["lib"]\n    node_venv_lib --> node_venv_lib_python3_12["python3.12"]\n    node_venv_lib_python3_12 --> node_venv_lib_python3_12_site-packages["site-packages"]\n    node_venv_lib_python3_12_site-packages --> node_venv_lib_python3_12_site-packages_PyQt6["PyQt6"]\n    node_venv_lib_python3_12_site-packages_PyQt6 --> node_venv_lib_python3_12_site-packages_PyQt6_Qt6["Qt6"]\n    node_venv_lib_python3_12_site-packages_PyQt6_Qt6 --> node_venv_lib_python3_12_site-packages_PyQt6_Qt6_qml["qml"]\n    node_venv_lib_python3_12_site-packages_PyQt6_Qt6_qml --> node_venv_lib_python3_12_site-packages_PyQt6_Qt6_qml_QtQuick3D["QtQuick3D"]\n    node_venv_lib_python3_12_site-packages_PyQt6_Qt6_qml_QtQuick3D --> node_venv_lib_python3_12_site-packages_PyQt6_Qt6_qml_QtQuick3D_designer["designer"]\n    node_venv_lib_python3_12_site-packages_PyQt6_Qt6_qml_QtQuick3D_designer --> node_venv_lib_python3_12_site-packages_PyQt6_Qt6_qml_QtQuick3D_designer_images["images"]\n    node_venv_lib_python3_12_site-packages_PyQt6_Qt6_qml_QtQuick3D_designer_images --> node_venv_lib_python3_12_site-packages_PyQt6_Qt6_qml_QtQuick3D_designer_images_cubemaptexture@2x_png["cubemaptexture@2x.png"]\n    Root --> node_venv["venv"]\n    node_venv --> node_venv_lib["lib"]\n    node_venv_lib --> node_venv_lib_python3_12["python3.12"]\n    node_venv_lib_python3_12 --> node_venv_lib_python3_12_site-packages["site-packages"]\n    node_venv_lib_python3_12_site-packages --> node_venv_lib_python3_12_site-packages_PyQt6["PyQt6"]\n    node_venv_lib_python3_12_site-packages_PyQt6 --> node_venv_lib_python3_12_site-packages_PyQt6_Qt6["Qt6"]\n    node_venv_lib_python3_12_site-packages_PyQt6_Qt6 --> node_venv_lib_python3_12_site-packages_PyQt6_Qt6_qml["qml"]\n    node_venv_lib_python3_12_site-packages_PyQt6_Qt6_qml --> node_venv_lib_python3_12_site-packages_PyQt6_Qt6_qml_QtQuick3D["QtQuick3D"]\n    node_venv_lib_python3_12_site-packages_PyQt6_Qt6_qml_QtQuick3D --> node_venv_lib_python3_12_site-packages_PyQt6_Qt6_qml_QtQuick3D_designer["designer"]\n    node_venv_lib_python3_12_site-packages_PyQt6_Qt6_qml_QtQuick3D_designer --> node_venv_lib_python3_12_site-packages_PyQt6_Qt6_qml_QtQuick3D_designer_images["images"]\n    node_venv_lib_python3_12_site-packages_PyQt6_Qt6_qml_QtQuick3D_designer_images --> node_venv_lib_python3_12_site-packages_PyQt6_Qt6_qml_QtQuick3D_designer_images_custommaterial_png["custommaterial.png"]\n    Root --> node_venv["venv"]\n    node_venv --> node_venv_lib["lib"]\n    node_venv_lib --> node_venv_lib_python3_12["python3.12"]\n    node_venv_lib_python3_12 --> node_venv_lib_python3_12_site-packages["site-packages"]\n    node_venv_lib_python3_12_site-packages --> node_venv_lib_python3_12_site-packages_PyQt6["PyQt6"]\n    node_venv_lib_python3_12_site-packages_PyQt6 --> node_venv_lib_python3_12_site-packages_PyQt6_Qt6["Qt6"]\n    node_venv_lib_python3_12_site-packages_PyQt6_Qt6 --> node_venv_lib_python3_12_site-packages_PyQt6_Qt6_qml["qml"]\n    node_venv_lib_python3_12_site-packages_PyQt6_Qt6_qml --> node_venv_lib_python3_12_site-packages_PyQt6_Qt6_qml_QtQuick3D["QtQuick3D"]\n    node_venv_lib_python3_12_site-packages_PyQt6_Qt6_qml_QtQuick3D --> node_venv_lib_python3_12_site-packages_PyQt6_Qt6_qml_QtQuick3D_designer["designer"]\n    node_venv_lib_python3_12_site-packages_PyQt6_Qt6_qml_QtQuick3D_designer --> node_venv_lib_python3_12_site-packages_PyQt6_Qt6_qml_QtQuick3D_designer_images["images"]\n    node_venv_lib_python3_12_site-packages_PyQt6_Qt6_qml_QtQuick3D_designer_images --> node_venv_lib_python3_12_site-packages_PyQt6_Qt6_qml_QtQuick3D_designer_images_custommaterial16_png["custommaterial16.png"]\n    Root --> node_venv["venv"]\n    node_venv --> node_venv_lib["lib"]\n    node_venv_lib --> node_venv_lib_python3_12["python3.12"]\n    node_venv_lib_python3_12 --> node_venv_lib_python3_12_site-packages["site-packages"]\n    node_venv_lib_python3_12_site-packages --> node_venv_lib_python3_12_site-packages_PyQt6["PyQt6"]\n    node_venv_lib_python3_12_site-packages_PyQt6 --> node_venv_lib_python3_12_site-packages_PyQt6_Qt6["Qt6"]\n    node_venv_lib_python3_12_site-packages_PyQt6_Qt6 --> node_venv_lib_python3_12_site-packages_PyQt6_Qt6_qml["qml"]\n    node_venv_lib_python3_12_site-packages_PyQt6_Qt6_qml --> node_venv_lib_python3_12_site-packages_PyQt6_Qt6_qml_QtQuick3D["QtQuick3D"]\n    node_venv_lib_python3_12_site-packages_PyQt6_Qt6_qml_QtQuick3D --> node_venv_lib_python3_12_site-packages_PyQt6_Qt6_qml_QtQuick3D_designer["designer"]\n    node_venv_lib_python3_12_site-packages_PyQt6_Qt6_qml_QtQuick3D_designer --> node_venv_lib_python3_12_site-packages_PyQt6_Qt6_qml_QtQuick3D_designer_images["images"]\n    node_venv_lib_python3_12_site-packages_PyQt6_Qt6_qml_QtQuick3D_designer_images --> node_venv_lib_python3_12_site-packages_PyQt6_Qt6_qml_QtQuick3D_designer_images_custommaterial@2x_png["custommaterial@2x.png"]\n    Root --> node_venv["venv"]\n    node_venv --> node_venv_lib["lib"]\n    node_venv_lib --> node_venv_lib_python3_12["python3.12"]\n    node_venv_lib_python3_12 --> node_venv_lib_python3_12_site-packages["site-packages"]\n    node_venv_lib_python3_12_site-packages --> node_venv_lib_python3_12_site-packages_PyQt6["PyQt6"]\n    node_venv_lib_python3_12_site-packages_PyQt6 --> node_venv_lib_python3_12_site-packages_PyQt6_Qt6["Qt6"]\n    node_venv_lib_python3_12_site-packages_PyQt6_Qt6 --> node_venv_lib_python3_12_site-packages_PyQt6_Qt6_qml["qml"]\n    node_venv_lib_python3_12_site-packages_PyQt6_Qt6_qml --> node_venv_lib_python3_12_site-packages_PyQt6_Qt6_qml_QtQuick3D["QtQuick3D"]\n    node_venv_lib_python3_12_site-packages_PyQt6_Qt6_qml_QtQuick3D --> node_venv_lib_python3_12_site-packages_PyQt6_Qt6_qml_QtQuick3D_designer["designer"]\n    node_venv_lib_python3_12_site-packages_PyQt6_Qt6_qml_QtQuick3D_designer --> node_venv_lib_python3_12_site-packages_PyQt6_Qt6_qml_QtQuick3D_designer_images["images"]\n    node_venv_lib_python3_12_site-packages_PyQt6_Qt6_qml_QtQuick3D_designer_images --> node_venv_lib_python3_12_site-packages_PyQt6_Qt6_qml_QtQuick3D_designer_images_cylinder_png["cylinder.png"]\n    Root --> node_venv["venv"]\n    node_venv --> node_venv_lib["lib"]\n    node_venv_lib --> node_venv_lib_python3_12["python3.12"]\n    node_venv_lib_python3_12 --> node_venv_lib_python3_12_site-packages["site-packages"]\n    node_venv_lib_python3_12_site-packages --> node_venv_lib_python3_12_site-packages_PyQt6["PyQt6"]\n    node_venv_lib_python3_12_site-packages_PyQt6 --> node_venv_lib_python3_12_site-packages_PyQt6_Qt6["Qt6"]\n    node_venv_lib_python3_12_site-packages_PyQt6_Qt6 --> node_venv_lib_python3_12_site-packages_PyQt6_Qt6_qml["qml"]\n    node_venv_lib_python3_12_site-packages_PyQt6_Qt6_qml --> node_venv_lib_python3_12_site-packages_PyQt6_Qt6_qml_QtQuick3D["QtQuick3D"]\n    node_venv_lib_python3_12_site-packages_PyQt6_Qt6_qml_QtQuick3D --> node_venv_lib_python3_12_site-packages_PyQt6_Qt6_qml_QtQuick3D_designer["designer"]\n    node_venv_lib_python3_12_site-packages_PyQt6_Qt6_qml_QtQuick3D_designer --> node_venv_lib_python3_12_site-packages_PyQt6_Qt6_qml_QtQuick3D_designer_images["images"]\n    node_venv_lib_python3_12_site-packages_PyQt6_Qt6_qml_QtQuick3D_designer_images --> node_venv_lib_python3_12_site-packages_PyQt6_Qt6_qml_QtQuick3D_designer_images_cylinder16_png["cylinder16.png"]\n    Root --> node_venv["venv"]\n    node_venv --> node_venv_lib["lib"]\n    node_venv_lib --> node_venv_lib_python3_12["python3.12"]\n    node_venv_lib_python3_12 --> node_venv_lib_python3_12_site-packages["site-packages"]\n    node_venv_lib_python3_12_site-packages --> node_venv_lib_python3_12_site-packages_PyQt6["PyQt6"]\n    node_venv_lib_python3_12_site-packages_PyQt6 --> node_venv_lib_python3_12_site-packages_PyQt6_Qt6["Qt6"]\n    node_venv_lib_python3_12_site-packages_PyQt6_Qt6 --> node_venv_lib_python3_12_site-packages_PyQt6_Qt6_qml["qml"]\n    node_venv_lib_python3_12_site-packages_PyQt6_Qt6_qml --> node_venv_lib_python3_12_site-packages_PyQt6_Qt6_qml_QtQuick3D["QtQuick3D"]\n    node_venv_lib_python3_12_site-packages_PyQt6_Qt6_qml_QtQuick3D --> node_venv_lib_python3_12_site-packages_PyQt6_Qt6_qml_QtQuick3D_designer["designer"]\n    node_venv_lib_python3_12_site-packages_PyQt6_Qt6_qml_QtQuick3D_designer --> node_venv_lib_python3_12_site-packages_PyQt6_Qt6_qml_QtQuick3D_designer_images["images"]\n    node_venv_lib_python3_12_site-packages_PyQt6_Qt6_qml_QtQuick3D_designer_images --> node_venv_lib_python3_12_site-packages_PyQt6_Qt6_qml_QtQuick3D_designer_images_cylinder@2x_png["cylinder@2x.png"]\n    Root --> node_venv["venv"]\n    node_venv --> node_venv_lib["lib"]\n    node_venv_lib --> node_venv_lib_python3_12["python3.12"]\n    node_venv_lib_python3_12 --> node_venv_lib_python3_12_site-packages["site-packages"]\n    node_venv_lib_python3_12_site-packages --> node_venv_lib_python3_12_site-packages_PyQt6["PyQt6"]\n    node_venv_lib_python3_12_site-packages_PyQt6 --> node_venv_lib_python3_12_site-packages_PyQt6_Qt6["Qt6"]\n    node_venv_lib_python3_12_site-packages_PyQt6_Qt6 --> node_venv_lib_python3_12_site-packages_PyQt6_Qt6_qml["qml"]\n    node_venv_lib_python3_12_site-packages_PyQt6_Qt6_qml --> node_venv_lib_python3_12_site-packages_PyQt6_Qt6_qml_QtQuick3D["QtQuick3D"]\n    node_venv_lib_python3_12_site-packages_PyQt6_Qt6_qml_QtQuick3D --> node_venv_lib_python3_12_site-packages_PyQt6_Qt6_qml_QtQuick3D_designer["designer"]\n    node_venv_lib_python3_12_site-packages_PyQt6_Qt6_qml_QtQuick3D_designer --> node_venv_lib_python3_12_site-packages_PyQt6_Qt6_qml_QtQuick3D_designer_images["images"]\n    node_venv_lib_python3_12_site-packages_PyQt6_Qt6_qml_QtQuick3D_designer_images --> node_venv_lib_python3_12_site-packages_PyQt6_Qt6_qml_QtQuick3D_designer_images_debugsettings_png["debugsettings.png"]\n    Root --> node_venv["venv"]\n    node_venv --> node_venv_lib["lib"]\n    node_venv_lib --> node_venv_lib_python3_12["python3.12"]\n    node_venv_lib_python3_12 --> node_venv_lib_python3_12_site-packages["site-packages"]\n    node_venv_lib_python3_12_site-packages --> node_venv_lib_python3_12_site-packages_PyQt6["PyQt6"]\n    node_venv_lib_python3_12_site-packages_PyQt6 --> node_venv_lib_python3_12_site-packages_PyQt6_Qt6["Qt6"]\n    node_venv_lib_python3_12_site-packages_PyQt6_Qt6 --> node_venv_lib_python3_12_site-packages_PyQt6_Qt6_qml["qml"]\n    node_venv_lib_python3_12_site-packages_PyQt6_Qt6_qml --> node_venv_lib_python3_12_site-packages_PyQt6_Qt6_qml_QtQuick3D["QtQuick3D"]\n    node_venv_lib_python3_12_site-packages_PyQt6_Qt6_qml_QtQuick3D --> node_venv_lib_python3_12_site-packages_PyQt6_Qt6_qml_QtQuick3D_designer["designer"]\n    node_venv_lib_python3_12_site-packages_PyQt6_Qt6_qml_QtQuick3D_designer --> node_venv_lib_python3_12_site-packages_PyQt6_Qt6_qml_QtQuick3D_designer_images["images"]\n    node_venv_lib_python3_12_site-packages_PyQt6_Qt6_qml_QtQuick3D_designer_images --> node_venv_lib_python3_12_site-packages_PyQt6_Qt6_qml_QtQuick3D_designer_images_debugsettings16_png["debugsettings16.png"]\n    Root --> node_venv["venv"]\n    node_venv --> node_venv_lib["lib"]\n    node_venv_lib --> node_venv_lib_python3_12["python3.12"]\n    node_venv_lib_python3_12 --> node_venv_lib_python3_12_site-packages["site-packages"]\n    node_venv_lib_python3_12_site-packages --> node_venv_lib_python3_12_site-packages_PyQt6["PyQt6"]\n    node_venv_lib_python3_12_site-packages_PyQt6 --> node_venv_lib_python3_12_site-packages_PyQt6_Qt6["Qt6"]\n    node_venv_lib_python3_12_site-packages_PyQt6_Qt6 --> node_venv_lib_python3_12_site-packages_PyQt6_Qt6_qml["qml"]\n    node_venv_lib_python3_12_site-packages_PyQt6_Qt6_qml --> node_venv_lib_python3_12_site-packages_PyQt6_Qt6_qml_QtQuick3D["QtQuick3D"]\n    node_venv_lib_python3_12_site-packages_PyQt6_Qt6_qml_QtQuick3D --> node_venv_lib_python3_12_site-packages_PyQt6_Qt6_qml_QtQuick3D_designer["designer"]\n    node_venv_lib_python3_12_site-packages_PyQt6_Qt6_qml_QtQuick3D_designer --> node_venv_lib_python3_12_site-packages_PyQt6_Qt6_qml_QtQuick3D_designer_images["images"]\n    node_venv_lib_python3_12_site-packages_PyQt6_Qt6_qml_QtQuick3D_designer_images --> node_venv_lib_python3_12_site-packages_PyQt6_Qt6_qml_QtQuick3D_designer_images_debugsettings@2x_png["debugsettings@2x.png"]\n    Root --> node_venv["venv"]\n    node_venv --> node_venv_lib["lib"]\n    node_venv_lib --> node_venv_lib_python3_12["python3.12"]\n    node_venv_lib_python3_12 --> node_venv_lib_python3_12_site-packages["site-packages"]\n    node_venv_lib_python3_12_site-packages --> node_venv_lib_python3_12_site-packages_PyQt6["PyQt6"]\n    node_venv_lib_python3_12_site-packages_PyQt6 --> node_venv_lib_python3_12_site-packages_PyQt6_Qt6["Qt6"]\n    node_venv_lib_python3_12_site-packages_PyQt6_Qt6 --> node_venv_lib_python3_12_site-packages_PyQt6_Qt6_qml["qml"]\n    node_venv_lib_python3_12_site-packages_PyQt6_Qt6_qml --> node_venv_lib_python3_12_site-packages_PyQt6_Qt6_qml_QtQuick3D["QtQuick3D"]\n    node_venv_lib_python3_12_site-packages_PyQt6_Qt6_qml_QtQuick3D --> node_venv_lib_python3_12_site-packages_PyQt6_Qt6_qml_QtQuick3D_designer["designer"]\n    node_venv_lib_python3_12_site-packages_PyQt6_Qt6_qml_QtQuick3D_designer --> node_venv_lib_python3_12_site-packages_PyQt6_Qt6_qml_QtQuick3D_designer_images["images"]\n    node_venv_lib_python3_12_site-packages_PyQt6_Qt6_qml_QtQuick3D_designer_images --> node_venv_lib_python3_12_site-packages_PyQt6_Qt6_qml_QtQuick3D_designer_images_dummy_png["dummy.png"]\n    Root --> node_venv["venv"]\n    node_venv --> node_venv_lib["lib"]\n    node_venv_lib --> node_venv_lib_python3_12["python3.12"]\n    node_venv_lib_python3_12 --> node_venv_lib_python3_12_site-packages["site-packages"]\n    node_venv_lib_python3_12_site-packages --> node_venv_lib_python3_12_site-packages_PyQt6["PyQt6"]\n    node_venv_lib_python3_12_site-packages_PyQt6 --> node_venv_lib_python3_12_site-packages_PyQt6_Qt6["Qt6"]\n    node_venv_lib_python3_12_site-packages_PyQt6_Qt6 --> node_venv_lib_python3_12_site-packages_PyQt6_Qt6_qml["qml"]\n    node_venv_lib_python3_12_site-packages_PyQt6_Qt6_qml --> node_venv_lib_python3_12_site-packages_PyQt6_Qt6_qml_QtQuick3D["QtQuick3D"]\n    node_venv_lib_python3_12_site-packages_PyQt6_Qt6_qml_QtQuick3D --> node_venv_lib_python3_12_site-packages_PyQt6_Qt6_qml_QtQuick3D_designer["designer"]\n    node_venv_lib_python3_12_site-packages_PyQt6_Qt6_qml_QtQuick3D_designer --> node_venv_lib_python3_12_site-packages_PyQt6_Qt6_qml_QtQuick3D_designer_images["images"]\n    node_venv_lib_python3_12_site-packages_PyQt6_Qt6_qml_QtQuick3D_designer_images --> node_venv_lib_python3_12_site-packages_PyQt6_Qt6_qml_QtQuick3D_designer_images_dummy16_png["dummy16.png"]\n    Root --> node_venv["venv"]\n    node_venv --> node_venv_lib["lib"]\n    node_venv_lib --> node_venv_lib_python3_12["python3.12"]\n    node_venv_lib_python3_12 --> node_venv_lib_python3_12_site-packages["site-packages"]\n    node_venv_lib_python3_12_site-packages --> node_venv_lib_python3_12_site-packages_PyQt6["PyQt6"]\n    node_venv_lib_python3_12_site-packages_PyQt6 --> node_venv_lib_python3_12_site-packages_PyQt6_Qt6["Qt6"]\n    node_venv_lib_python3_12_site-packages_PyQt6_Qt6 --> node_venv_lib_python3_12_site-packages_PyQt6_Qt6_qml["qml"]\n    node_venv_lib_python3_12_site-packages_PyQt6_Qt6_qml --> node_venv_lib_python3_12_site-packages_PyQt6_Qt6_qml_QtQuick3D["QtQuick3D"]\n    node_venv_lib_python3_12_site-packages_PyQt6_Qt6_qml_QtQuick3D --> node_venv_lib_python3_12_site-packages_PyQt6_Qt6_qml_QtQuick3D_designer["designer"]\n    node_venv_lib_python3_12_site-packages_PyQt6_Qt6_qml_QtQuick3D_designer --> node_venv_lib_python3_12_site-packages_PyQt6_Qt6_qml_QtQuick3D_designer_images["images"]\n    node_venv_lib_python3_12_site-packages_PyQt6_Qt6_qml_QtQuick3D_designer_images --> node_venv_lib_python3_12_site-packages_PyQt6_Qt6_qml_QtQuick3D_designer_images_dummy@2x_png["dummy@2x.png"]\n    Root --> node_venv["venv"]\n    node_venv --> node_venv_lib["lib"]\n    node_venv_lib --> node_venv_lib_python3_12["python3.12"]\n    node_venv_lib_python3_12 --> node_venv_lib_python3_12_site-packages["site-packages"]\n    node_venv_lib_python3_12_site-packages --> node_venv_lib_python3_12_site-packages_PyQt6["PyQt6"]\n    node_venv_lib_python3_12_site-packages_PyQt6 --> node_venv_lib_python3_12_site-packages_PyQt6_Qt6["Qt6"]\n    node_venv_lib_python3_12_site-packages_PyQt6_Qt6 --> node_venv_lib_python3_12_site-packages_PyQt6_Qt6_qml["qml"]\n    node_venv_lib_python3_12_site-packages_PyQt6_Qt6_qml --> node_venv_lib_python3_12_site-packages_PyQt6_Qt6_qml_QtQuick3D["QtQuick3D"]\n    node_venv_lib_python3_12_site-packages_PyQt6_Qt6_qml_QtQuick3D --> node_venv_lib_python3_12_site-packages_PyQt6_Qt6_qml_QtQuick3D_designer["designer"]\n    node_venv_lib_python3_12_site-packages_PyQt6_Qt6_qml_QtQuick3D_designer --> node_venv_lib_python3_12_site-packages_PyQt6_Qt6_qml_QtQuick3D_designer_images["images"]\n    node_venv_lib_python3_12_site-packages_PyQt6_Qt6_qml_QtQuick3D_designer_images --> node_venv_lib_python3_12_site-packages_PyQt6_Qt6_qml_QtQuick3D_designer_images_effect_png["effect.png"]\n    Root --> node_venv["venv"]\n    node_venv --> node_venv_lib["lib"]\n    node_venv_lib --> node_venv_lib_python3_12["python3.12"]\n    node_venv_lib_python3_12 --> node_venv_lib_python3_12_site-packages["site-packages"]\n    node_venv_lib_python3_12_site-packages --> node_venv_lib_python3_12_site-packages_PyQt6["PyQt6"]\n    node_venv_lib_python3_12_site-packages_PyQt6 --> node_venv_lib_python3_12_site-packages_PyQt6_Qt6["Qt6"]\n    node_venv_lib_python3_12_site-packages_PyQt6_Qt6 --> node_venv_lib_python3_12_site-packages_PyQt6_Qt6_qml["qml"]\n    node_venv_lib_python3_12_site-packages_PyQt6_Qt6_qml --> node_venv_lib_python3_12_site-packages_PyQt6_Qt6_qml_QtQuick3D["QtQuick3D"]\n    node_venv_lib_python3_12_site-packages_PyQt6_Qt6_qml_QtQuick3D --> node_venv_lib_python3_12_site-packages_PyQt6_Qt6_qml_QtQuick3D_designer["designer"]\n    node_venv_lib_python3_12_site-packages_PyQt6_Qt6_qml_QtQuick3D_designer --> node_venv_lib_python3_12_site-packages_PyQt6_Qt6_qml_QtQuick3D_designer_images["images"]\n    node_venv_lib_python3_12_site-packages_PyQt6_Qt6_qml_QtQuick3D_designer_images --> node_venv_lib_python3_12_site-packages_PyQt6_Qt6_qml_QtQuick3D_designer_images_effect16_png["effect16.png"]\n    Root --> node_venv["venv"]\n    node_venv --> node_venv_lib["lib"]\n    node_venv_lib --> node_venv_lib_python3_12["python3.12"]\n    node_venv_lib_python3_12 --> node_venv_lib_python3_12_site-packages["site-packages"]\n    node_venv_lib_python3_12_site-packages --> node_venv_lib_python3_12_site-packages_PyQt6["PyQt6"]\n    node_venv_lib_python3_12_site-packages_PyQt6 --> node_venv_lib_python3_12_site-packages_PyQt6_Qt6["Qt6"]\n    node_venv_lib_python3_12_site-packages_PyQt6_Qt6 --> node_venv_lib_python3_12_site-packages_PyQt6_Qt6_qml["qml"]\n    node_venv_lib_python3_12_site-packages_PyQt6_Qt6_qml --> node_venv_lib_python3_12_site-packages_PyQt6_Qt6_qml_QtQuick3D["QtQuick3D"]\n    node_venv_lib_python3_12_site-packages_PyQt6_Qt6_qml_QtQuick3D --> node_venv_lib_python3_12_site-packages_PyQt6_Qt6_qml_QtQuick3D_designer["designer"]\n    node_venv_lib_python3_12_site-packages_PyQt6_Qt6_qml_QtQuick3D_designer --> node_venv_lib_python3_12_site-packages_PyQt6_Qt6_qml_QtQuick3D_designer_images["images"]\n    node_venv_lib_python3_12_site-packages_PyQt6_Qt6_qml_QtQuick3D_designer_images --> node_venv_lib_python3_12_site-packages_PyQt6_Qt6_qml_QtQuick3D_designer_images_effect@2x_png["effect@2x.png"]\n    Root --> node_venv["venv"]\n    node_venv --> node_venv_lib["lib"]\n    node_venv_lib --> node_venv_lib_python3_12["python3.12"]\n    node_venv_lib_python3_12 --> node_venv_lib_python3_12_site-packages["site-packages"]\n    node_venv_lib_python3_12_site-packages --> node_venv_lib_python3_12_site-packages_PyQt6["PyQt6"]\n    node_venv_lib_python3_12_site-packages_PyQt6 --> node_venv_lib_python3_12_site-packages_PyQt6_Qt6["Qt6"]\n    node_venv_lib_python3_12_site-packages_PyQt6_Qt6 --> node_venv_lib_python3_12_site-packages_PyQt6_Qt6_qml["qml"]\n    node_venv_lib_python3_12_site-packages_PyQt6_Qt6_qml --> node_venv_lib_python3_12_site-packages_PyQt6_Qt6_qml_QtQuick3D["QtQuick3D"]\n    node_venv_lib_python3_12_site-packages_PyQt6_Qt6_qml_QtQuick3D --> node_venv_lib_python3_12_site-packages_PyQt6_Qt6_qml_QtQuick3D_designer["designer"]\n    node_venv_lib_python3_12_site-packages_PyQt6_Qt6_qml_QtQuick3D_designer --> node_venv_lib_python3_12_site-packages_PyQt6_Qt6_qml_QtQuick3D_designer_images["images"]\n    node_venv_lib_python3_12_site-packages_PyQt6_Qt6_qml_QtQuick3D_designer_images --> node_venv_lib_python3_12_site-packages_PyQt6_Qt6_qml_QtQuick3D_designer_images_fileinstancing_png["fileinstancing.png"]\n    Root --> node_venv["venv"]\n    node_venv --> node_venv_lib["lib"]\n    node_venv_lib --> node_venv_lib_python3_12["python3.12"]\n    node_venv_lib_python3_12 --> node_venv_lib_python3_12_site-packages["site-packages"]\n    node_venv_lib_python3_12_site-packages --> node_venv_lib_python3_12_site-packages_PyQt6["PyQt6"]\n    node_venv_lib_python3_12_site-packages_PyQt6 --> node_venv_lib_python3_12_site-packages_PyQt6_Qt6["Qt6"]\n    node_venv_lib_python3_12_site-packages_PyQt6_Qt6 --> node_venv_lib_python3_12_site-packages_PyQt6_Qt6_qml["qml"]\n    node_venv_lib_python3_12_site-packages_PyQt6_Qt6_qml --> node_venv_lib_python3_12_site-packages_PyQt6_Qt6_qml_QtQuick3D["QtQuick3D"]\n    node_venv_lib_python3_12_site-packages_PyQt6_Qt6_qml_QtQuick3D --> node_venv_lib_python3_12_site-packages_PyQt6_Qt6_qml_QtQuick3D_designer["designer"]\n    node_venv_lib_python3_12_site-packages_PyQt6_Qt6_qml_QtQuick3D_designer --> node_venv_lib_python3_12_site-packages_PyQt6_Qt6_qml_QtQuick3D_designer_images["images"]\n    node_venv_lib_python3_12_site-packages_PyQt6_Qt6_qml_QtQuick3D_designer_images --> node_venv_lib_python3_12_site-packages_PyQt6_Qt6_qml_QtQuick3D_designer_images_fileinstancing16_png["fileinstancing16.png"]\n    Root --> node_venv["venv"]\n    node_venv --> node_venv_lib["lib"]\n    node_venv_lib --> node_venv_lib_python3_12["python3.12"]\n    node_venv_lib_python3_12 --> node_venv_lib_python3_12_site-packages["site-packages"]\n    node_venv_lib_python3_12_site-packages --> node_venv_lib_python3_12_site-packages_PyQt6["PyQt6"]\n    node_venv_lib_python3_12_site-packages_PyQt6 --> node_venv_lib_python3_12_site-packages_PyQt6_Qt6["Qt6"]\n    node_venv_lib_python3_12_site-packages_PyQt6_Qt6 --> node_venv_lib_python3_12_site-packages_PyQt6_Qt6_qml["qml"]\n    node_venv_lib_python3_12_site-packages_PyQt6_Qt6_qml --> node_venv_lib_python3_12_site-packages_PyQt6_Qt6_qml_QtQuick3D["QtQuick3D"]\n    node_venv_lib_python3_12_site-packages_PyQt6_Qt6_qml_QtQuick3D --> node_venv_lib_python3_12_site-packages_PyQt6_Qt6_qml_QtQuick3D_designer["designer"]\n    node_venv_lib_python3_12_site-packages_PyQt6_Qt6_qml_QtQuick3D_designer --> node_venv_lib_python3_12_site-packages_PyQt6_Qt6_qml_QtQuick3D_designer_images["images"]\n    node_venv_lib_python3_12_site-packages_PyQt6_Qt6_qml_QtQuick3D_designer_images --> node_venv_lib_python3_12_site-packages_PyQt6_Qt6_qml_QtQuick3D_designer_images_fileinstancing@2x_png["fileinstancing@2x.png"]\n    Root --> node_venv["venv"]\n    node_venv --> node_venv_lib["lib"]\n    node_venv_lib --> node_venv_lib_python3_12["python3.12"]\n    node_venv_lib_python3_12 --> node_venv_lib_python3_12_site-packages["site-packages"]\n    node_venv_lib_python3_12_site-packages --> node_venv_lib_python3_12_site-packages_PyQt6["PyQt6"]\n    node_venv_lib_python3_12_site-packages_PyQt6 --> node_venv_lib_python3_12_site-packages_PyQt6_Qt6["Qt6"]\n    node_venv_lib_python3_12_site-packages_PyQt6_Qt6 --> node_venv_lib_python3_12_site-packages_PyQt6_Qt6_qml["qml"]\n    node_venv_lib_python3_12_site-packages_PyQt6_Qt6_qml --> node_venv_lib_python3_12_site-packages_PyQt6_Qt6_qml_QtQuick3D["QtQuick3D"]\n    node_venv_lib_python3_12_site-packages_PyQt6_Qt6_qml_QtQuick3D --> node_venv_lib_python3_12_site-packages_PyQt6_Qt6_qml_QtQuick3D_designer["designer"]\n    node_venv_lib_python3_12_site-packages_PyQt6_Qt6_qml_QtQuick3D_designer --> node_venv_lib_python3_12_site-packages_PyQt6_Qt6_qml_QtQuick3D_designer_images["images"]\n    node_venv_lib_python3_12_site-packages_PyQt6_Qt6_qml_QtQuick3D_designer_images --> node_venv_lib_python3_12_site-packages_PyQt6_Qt6_qml_QtQuick3D_designer_images_fog_png["fog.png"]\n    Root --> node_venv["venv"]\n    node_venv --> node_venv_lib["lib"]\n    node_venv_lib --> node_venv_lib_python3_12["python3.12"]\n    node_venv_lib_python3_12 --> node_venv_lib_python3_12_site-packages["site-packages"]\n    node_venv_lib_python3_12_site-packages --> node_venv_lib_python3_12_site-packages_PyQt6["PyQt6"]\n    node_venv_lib_python3_12_site-packages_PyQt6 --> node_venv_lib_python3_12_site-packages_PyQt6_Qt6["Qt6"]\n    node_venv_lib_python3_12_site-packages_PyQt6_Qt6 --> node_venv_lib_python3_12_site-packages_PyQt6_Qt6_qml["qml"]\n    node_venv_lib_python3_12_site-packages_PyQt6_Qt6_qml --> node_venv_lib_python3_12_site-packages_PyQt6_Qt6_qml_QtQuick3D["QtQuick3D"]\n    node_venv_lib_python3_12_site-packages_PyQt6_Qt6_qml_QtQuick3D --> node_venv_lib_python3_12_site-packages_PyQt6_Qt6_qml_QtQuick3D_designer["designer"]\n    node_venv_lib_python3_12_site-packages_PyQt6_Qt6_qml_QtQuick3D_designer --> node_venv_lib_python3_12_site-packages_PyQt6_Qt6_qml_QtQuick3D_designer_images["images"]\n    node_venv_lib_python3_12_site-packages_PyQt6_Qt6_qml_QtQuick3D_designer_images --> node_venv_lib_python3_12_site-packages_PyQt6_Qt6_qml_QtQuick3D_designer_images_fog16_png["fog16.png"]\n    Root --> node_venv["venv"]\n    node_venv --> node_venv_lib["lib"]\n    node_venv_lib --> node_venv_lib_python3_12["python3.12"]\n    node_venv_lib_python3_12 --> node_venv_lib_python3_12_site-packages["site-packages"]\n    node_venv_lib_python3_12_site-packages --> node_venv_lib_python3_12_site-packages_PyQt6["PyQt6"]\n    node_venv_lib_python3_12_site-packages_PyQt6 --> node_venv_lib_python3_12_site-packages_PyQt6_Qt6["Qt6"]\n    node_venv_lib_python3_12_site-packages_PyQt6_Qt6 --> node_venv_lib_python3_12_site-packages_PyQt6_Qt6_qml["qml"]\n    node_venv_lib_python3_12_site-packages_PyQt6_Qt6_qml --> node_venv_lib_python3_12_site-packages_PyQt6_Qt6_qml_QtQuick3D["QtQuick3D"]\n    node_venv_lib_python3_12_site-packages_PyQt6_Qt6_qml_QtQuick3D --> node_venv_lib_python3_12_site-packages_PyQt6_Qt6_qml_QtQuick3D_designer["designer"]\n    node_venv_lib_python3_12_site-packages_PyQt6_Qt6_qml_QtQuick3D_designer --> node_venv_lib_python3_12_site-packages_PyQt6_Qt6_qml_QtQuick3D_designer_images["images"]\n    node_venv_lib_python3_12_site-packages_PyQt6_Qt6_qml_QtQuick3D_designer_images --> node_venv_lib_python3_12_site-packages_PyQt6_Qt6_qml_QtQuick3D_designer_images_fog@2x_png["fog@2x.png"]\n    Root --> node_venv["venv"]\n    node_venv --> node_venv_lib["lib"]\n    node_venv_lib --> node_venv_lib_python3_12["python3.12"]\n    node_venv_lib_python3_12 --> node_venv_lib_python3_12_site-packages["site-packages"]\n    node_venv_lib_python3_12_site-packages --> node_venv_lib_python3_12_site-packages_PyQt6["PyQt6"]\n    node_venv_lib_python3_12_site-packages_PyQt6 --> node_venv_lib_python3_12_site-packages_PyQt6_Qt6["Qt6"]\n    node_venv_lib_python3_12_site-packages_PyQt6_Qt6 --> node_venv_lib_python3_12_site-packages_PyQt6_Qt6_qml["qml"]\n    node_venv_lib_python3_12_site-packages_PyQt6_Qt6_qml --> node_venv_lib_python3_12_site-packages_PyQt6_Qt6_qml_QtQuick3D["QtQuick3D"]\n    node_venv_lib_python3_12_site-packages_PyQt6_Qt6_qml_QtQuick3D --> node_venv_lib_python3_12_site-packages_PyQt6_Qt6_qml_QtQuick3D_designer["designer"]\n    node_venv_lib_python3_12_site-packages_PyQt6_Qt6_qml_QtQuick3D_designer --> node_venv_lib_python3_12_site-packages_PyQt6_Qt6_qml_QtQuick3D_designer_images["images"]\n    node_venv_lib_python3_12_site-packages_PyQt6_Qt6_qml_QtQuick3D_designer_images --> node_venv_lib_python3_12_site-packages_PyQt6_Qt6_qml_QtQuick3D_designer_images_group_png["group.png"]\n    Root --> node_venv["venv"]\n    node_venv --> node_venv_lib["lib"]\n    node_venv_lib --> node_venv_lib_python3_12["python3.12"]\n    node_venv_lib_python3_12 --> node_venv_lib_python3_12_site-packages["site-packages"]\n    node_venv_lib_python3_12_site-packages --> node_venv_lib_python3_12_site-packages_PyQt6["PyQt6"]\n    node_venv_lib_python3_12_site-packages_PyQt6 --> node_venv_lib_python3_12_site-packages_PyQt6_Qt6["Qt6"]\n    node_venv_lib_python3_12_site-packages_PyQt6_Qt6 --> node_venv_lib_python3_12_site-packages_PyQt6_Qt6_qml["qml"]\n    node_venv_lib_python3_12_site-packages_PyQt6_Qt6_qml --> node_venv_lib_python3_12_site-packages_PyQt6_Qt6_qml_QtQuick3D["QtQuick3D"]\n    node_venv_lib_python3_12_site-packages_PyQt6_Qt6_qml_QtQuick3D --> node_venv_lib_python3_12_site-packages_PyQt6_Qt6_qml_QtQuick3D_designer["designer"]\n    node_venv_lib_python3_12_site-packages_PyQt6_Qt6_qml_QtQuick3D_designer --> node_venv_lib_python3_12_site-packages_PyQt6_Qt6_qml_QtQuick3D_designer_images["images"]\n    node_venv_lib_python3_12_site-packages_PyQt6_Qt6_qml_QtQuick3D_designer_images --> node_venv_lib_python3_12_site-packages_PyQt6_Qt6_qml_QtQuick3D_designer_images_group16_png["group16.png"]\n    Root --> node_venv["venv"]\n    node_venv --> node_venv_lib["lib"]\n    node_venv_lib --> node_venv_lib_python3_12["python3.12"]\n    node_venv_lib_python3_12 --> node_venv_lib_python3_12_site-packages["site-packages"]\n    node_venv_lib_python3_12_site-packages --> node_venv_lib_python3_12_site-packages_PyQt6["PyQt6"]\n    node_venv_lib_python3_12_site-packages_PyQt6 --> node_venv_lib_python3_12_site-packages_PyQt6_Qt6["Qt6"]\n    node_venv_lib_python3_12_site-packages_PyQt6_Qt6 --> node_venv_lib_python3_12_site-packages_PyQt6_Qt6_qml["qml"]\n    node_venv_lib_python3_12_site-packages_PyQt6_Qt6_qml --> node_venv_lib_python3_12_site-packages_PyQt6_Qt6_qml_QtQuick3D["QtQuick3D"]\n    node_venv_lib_python3_12_site-packages_PyQt6_Qt6_qml_QtQuick3D --> node_venv_lib_python3_12_site-packages_PyQt6_Qt6_qml_QtQuick3D_designer["designer"]\n    node_venv_lib_python3_12_site-packages_PyQt6_Qt6_qml_QtQuick3D_designer --> node_venv_lib_python3_12_site-packages_PyQt6_Qt6_qml_QtQuick3D_designer_images["images"]\n    node_venv_lib_python3_12_site-packages_PyQt6_Qt6_qml_QtQuick3D_designer_images --> node_venv_lib_python3_12_site-packages_PyQt6_Qt6_qml_QtQuick3D_designer_images_group@2x_png["group@2x.png"]\n    Root --> node_venv["venv"]\n    node_venv --> node_venv_lib["lib"]\n    node_venv_lib --> node_venv_lib_python3_12["python3.12"]\n    node_venv_lib_python3_12 --> node_venv_lib_python3_12_site-packages["site-packages"]\n    node_venv_lib_python3_12_site-packages --> node_venv_lib_python3_12_site-packages_PyQt6["PyQt6"]\n    node_venv_lib_python3_12_site-packages_PyQt6 --> node_venv_lib_python3_12_site-packages_PyQt6_Qt6["Qt6"]\n    node_venv_lib_python3_12_site-packages_PyQt6_Qt6 --> node_venv_lib_python3_12_site-packages_PyQt6_Qt6_qml["qml"]\n    node_venv_lib_python3_12_site-packages_PyQt6_Qt6_qml --> node_venv_lib_python3_12_site-packages_PyQt6_Qt6_qml_QtQuick3D["QtQuick3D"]\n    node_venv_lib_python3_12_site-packages_PyQt6_Qt6_qml_QtQuick3D --> node_venv_lib_python3_12_site-packages_PyQt6_Qt6_qml_QtQuick3D_designer["designer"]\n    node_venv_lib_python3_12_site-packages_PyQt6_Qt6_qml_QtQuick3D_designer --> node_venv_lib_python3_12_site-packages_PyQt6_Qt6_qml_QtQuick3D_designer_images["images"]\n    node_venv_lib_python3_12_site-packages_PyQt6_Qt6_qml_QtQuick3D_designer_images --> node_venv_lib_python3_12_site-packages_PyQt6_Qt6_qml_QtQuick3D_designer_images_instancelist_png["instancelist.png"]\n    Root --> node_venv["venv"]\n    node_venv --> node_venv_lib["lib"]\n    node_venv_lib --> node_venv_lib_python3_12["python3.12"]\n    node_venv_lib_python3_12 --> node_venv_lib_python3_12_site-packages["site-packages"]\n    node_venv_lib_python3_12_site-packages --> node_venv_lib_python3_12_site-packages_PyQt6["PyQt6"]\n    node_venv_lib_python3_12_site-packages_PyQt6 --> node_venv_lib_python3_12_site-packages_PyQt6_Qt6["Qt6"]\n    node_venv_lib_python3_12_site-packages_PyQt6_Qt6 --> node_venv_lib_python3_12_site-packages_PyQt6_Qt6_qml["qml"]\n    node_venv_lib_python3_12_site-packages_PyQt6_Qt6_qml --> node_venv_lib_python3_12_site-packages_PyQt6_Qt6_qml_QtQuick3D["QtQuick3D"]\n    node_venv_lib_python3_12_site-packages_PyQt6_Qt6_qml_QtQuick3D --> node_venv_lib_python3_12_site-packages_PyQt6_Qt6_qml_QtQuick3D_designer["designer"]\n    node_venv_lib_python3_12_site-packages_PyQt6_Qt6_qml_QtQuick3D_designer --> node_venv_lib_python3_12_site-packages_PyQt6_Qt6_qml_QtQuick3D_designer_images["images"]\n    node_venv_lib_python3_12_site-packages_PyQt6_Qt6_qml_QtQuick3D_designer_images --> node_venv_lib_python3_12_site-packages_PyQt6_Qt6_qml_QtQuick3D_designer_images_instancelist16_png["instancelist16.png"]\n    Root --> node_venv["venv"]\n    node_venv --> node_venv_lib["lib"]\n    node_venv_lib --> node_venv_lib_python3_12["python3.12"]\n    node_venv_lib_python3_12 --> node_venv_lib_python3_12_site-packages["site-packages"]\n    node_venv_lib_python3_12_site-packages --> node_venv_lib_python3_12_site-packages_PyQt6["PyQt6"]\n    node_venv_lib_python3_12_site-packages_PyQt6 --> node_venv_lib_python3_12_site-packages_PyQt6_Qt6["Qt6"]\n    node_venv_lib_python3_12_site-packages_PyQt6_Qt6 --> node_venv_lib_python3_12_site-packages_PyQt6_Qt6_qml["qml"]\n    node_venv_lib_python3_12_site-packages_PyQt6_Qt6_qml --> node_venv_lib_python3_12_site-packages_PyQt6_Qt6_qml_QtQuick3D["QtQuick3D"]\n    node_venv_lib_python3_12_site-packages_PyQt6_Qt6_qml_QtQuick3D --> node_venv_lib_python3_12_site-packages_PyQt6_Qt6_qml_QtQuick3D_designer["designer"]\n    node_venv_lib_python3_12_site-packages_PyQt6_Qt6_qml_QtQuick3D_designer --> node_venv_lib_python3_12_site-packages_PyQt6_Qt6_qml_QtQuick3D_designer_images["images"]\n    node_venv_lib_python3_12_site-packages_PyQt6_Qt6_qml_QtQuick3D_designer_images --> node_venv_lib_python3_12_site-packages_PyQt6_Qt6_qml_QtQuick3D_designer_images_instancelist@2x_png["instancelist@2x.png"]\n    Root --> node_venv["venv"]\n    node_venv --> node_venv_lib["lib"]\n    node_venv_lib --> node_venv_lib_python3_12["python3.12"]\n    node_venv_lib_python3_12 --> node_venv_lib_python3_12_site-packages["site-packages"]\n    node_venv_lib_python3_12_site-packages --> node_venv_lib_python3_12_site-packages_PyQt6["PyQt6"]\n    node_venv_lib_python3_12_site-packages_PyQt6 --> node_venv_lib_python3_12_site-packages_PyQt6_Qt6["Qt6"]\n    node_venv_lib_python3_12_site-packages_PyQt6_Qt6 --> node_venv_lib_python3_12_site-packages_PyQt6_Qt6_qml["qml"]\n    node_venv_lib_python3_12_site-packages_PyQt6_Qt6_qml --> node_venv_lib_python3_12_site-packages_PyQt6_Qt6_qml_QtQuick3D["QtQuick3D"]\n    node_venv_lib_python3_12_site-packages_PyQt6_Qt6_qml_QtQuick3D --> node_venv_lib_python3_12_site-packages_PyQt6_Qt6_qml_QtQuick3D_designer["designer"]\n    node_venv_lib_python3_12_site-packages_PyQt6_Qt6_qml_QtQuick3D_designer --> node_venv_lib_python3_12_site-packages_PyQt6_Qt6_qml_QtQuick3D_designer_images["images"]\n    node_venv_lib_python3_12_site-packages_PyQt6_Qt6_qml_QtQuick3D_designer_images --> node_venv_lib_python3_12_site-packages_PyQt6_Qt6_qml_QtQuick3D_designer_images_instancelistentry_png["instancelistentry.png"]\n    Root --> node_venv["venv"]\n    node_venv --> node_venv_lib["lib"]\n    node_venv_lib --> node_venv_lib_python3_12["python3.12"]\n    node_venv_lib_python3_12 --> node_venv_lib_python3_12_site-packages["site-packages"]\n    node_venv_lib_python3_12_site-packages --> node_venv_lib_python3_12_site-packages_PyQt6["PyQt6"]\n    node_venv_lib_python3_12_site-packages_PyQt6 --> node_venv_lib_python3_12_site-packages_PyQt6_Qt6["Qt6"]\n    node_venv_lib_python3_12_site-packages_PyQt6_Qt6 --> node_venv_lib_python3_12_site-packages_PyQt6_Qt6_qml["qml"]\n    node_venv_lib_python3_12_site-packages_PyQt6_Qt6_qml --> node_venv_lib_python3_12_site-packages_PyQt6_Qt6_qml_QtQuick3D["QtQuick3D"]\n    node_venv_lib_python3_12_site-packages_PyQt6_Qt6_qml_QtQuick3D --> node_venv_lib_python3_12_site-packages_PyQt6_Qt6_qml_QtQuick3D_designer["designer"]\n    node_venv_lib_python3_12_site-packages_PyQt6_Qt6_qml_QtQuick3D_designer --> node_venv_lib_python3_12_site-packages_PyQt6_Qt6_qml_QtQuick3D_designer_images["images"]\n    node_venv_lib_python3_12_site-packages_PyQt6_Qt6_qml_QtQuick3D_designer_images --> node_venv_lib_python3_12_site-packages_PyQt6_Qt6_qml_QtQuick3D_designer_images_instancelistentry16_png["instancelistentry16.png"]\n    Root --> node_venv["venv"]\n    node_venv --> node_venv_lib["lib"]\n    node_venv_lib --> node_venv_lib_python3_12["python3.12"]\n    node_venv_lib_python3_12 --> node_venv_lib_python3_12_site-packages["site-packages"]\n    node_venv_lib_python3_12_site-packages --> node_venv_lib_python3_12_site-packages_PyQt6["PyQt6"]\n    node_venv_lib_python3_12_site-packages_PyQt6 --> node_venv_lib_python3_12_site-packages_PyQt6_Qt6["Qt6"]\n    node_venv_lib_python3_12_site-packages_PyQt6_Qt6 --> node_venv_lib_python3_12_site-packages_PyQt6_Qt6_qml["qml"]\n    node_venv_lib_python3_12_site-packages_PyQt6_Qt6_qml --> node_venv_lib_python3_12_site-packages_PyQt6_Qt6_qml_QtQuick3D["QtQuick3D"]\n    node_venv_lib_python3_12_site-packages_PyQt6_Qt6_qml_QtQuick3D --> node_venv_lib_python3_12_site-packages_PyQt6_Qt6_qml_QtQuick3D_designer["designer"]\n    node_venv_lib_python3_12_site-packages_PyQt6_Qt6_qml_QtQuick3D_designer --> node_venv_lib_python3_12_site-packages_PyQt6_Qt6_qml_QtQuick3D_designer_images["images"]\n    node_venv_lib_python3_12_site-packages_PyQt6_Qt6_qml_QtQuick3D_designer_images --> node_venv_lib_python3_12_site-packages_PyQt6_Qt6_qml_QtQuick3D_designer_images_instancelistentry@2x_png["instancelistentry@2x.png"]\n    Root --> node_venv["venv"]\n    node_venv --> node_venv_lib["lib"]\n    node_venv_lib --> node_venv_lib_python3_12["python3.12"]\n    node_venv_lib_python3_12 --> node_venv_lib_python3_12_site-packages["site-packages"]\n    node_venv_lib_python3_12_site-packages --> node_venv_lib_python3_12_site-packages_PyQt6["PyQt6"]\n    node_venv_lib_python3_12_site-packages_PyQt6 --> node_venv_lib_python3_12_site-packages_PyQt6_Qt6["Qt6"]\n    node_venv_lib_python3_12_site-packages_PyQt6_Qt6 --> node_venv_lib_python3_12_site-packages_PyQt6_Qt6_qml["qml"]\n    node_venv_lib_python3_12_site-packages_PyQt6_Qt6_qml --> node_venv_lib_python3_12_site-packages_PyQt6_Qt6_qml_QtQuick3D["QtQuick3D"]\n    node_venv_lib_python3_12_site-packages_PyQt6_Qt6_qml_QtQuick3D --> node_venv_lib_python3_12_site-packages_PyQt6_Qt6_qml_QtQuick3D_designer["designer"]\n    node_venv_lib_python3_12_site-packages_PyQt6_Qt6_qml_QtQuick3D_designer --> node_venv_lib_python3_12_site-packages_PyQt6_Qt6_qml_QtQuick3D_designer_images["images"]\n    node_venv_lib_python3_12_site-packages_PyQt6_Qt6_qml_QtQuick3D_designer_images --> node_venv_lib_python3_12_site-packages_PyQt6_Qt6_qml_QtQuick3D_designer_images_joint_png["joint.png"]\n    Root --> node_venv["venv"]\n    node_venv --> node_venv_lib["lib"]\n    node_venv_lib --> node_venv_lib_python3_12["python3.12"]\n    node_venv_lib_python3_12 --> node_venv_lib_python3_12_site-packages["site-packages"]\n    node_venv_lib_python3_12_site-packages --> node_venv_lib_python3_12_site-packages_PyQt6["PyQt6"]\n    node_venv_lib_python3_12_site-packages_PyQt6 --> node_venv_lib_python3_12_site-packages_PyQt6_Qt6["Qt6"]\n    node_venv_lib_python3_12_site-packages_PyQt6_Qt6 --> node_venv_lib_python3_12_site-packages_PyQt6_Qt6_qml["qml"]\n    node_venv_lib_python3_12_site-packages_PyQt6_Qt6_qml --> node_venv_lib_python3_12_site-packages_PyQt6_Qt6_qml_QtQuick3D["QtQuick3D"]\n    node_venv_lib_python3_12_site-packages_PyQt6_Qt6_qml_QtQuick3D --> node_venv_lib_python3_12_site-packages_PyQt6_Qt6_qml_QtQuick3D_designer["designer"]\n    node_venv_lib_python3_12_site-packages_PyQt6_Qt6_qml_QtQuick3D_designer --> node_venv_lib_python3_12_site-packages_PyQt6_Qt6_qml_QtQuick3D_designer_images["images"]\n    node_venv_lib_python3_12_site-packages_PyQt6_Qt6_qml_QtQuick3D_designer_images --> node_venv_lib_python3_12_site-packages_PyQt6_Qt6_qml_QtQuick3D_designer_images_joint16_png["joint16.png"]\n    Root --> node_venv["venv"]\n    node_venv --> node_venv_lib["lib"]\n    node_venv_lib --> node_venv_lib_python3_12["python3.12"]\n    node_venv_lib_python3_12 --> node_venv_lib_python3_12_site-packages["site-packages"]\n    node_venv_lib_python3_12_site-packages --> node_venv_lib_python3_12_site-packages_PyQt6["PyQt6"]\n    node_venv_lib_python3_12_site-packages_PyQt6 --> node_venv_lib_python3_12_site-packages_PyQt6_Qt6["Qt6"]\n    node_venv_lib_python3_12_site-packages_PyQt6_Qt6 --> node_venv_lib_python3_12_site-packages_PyQt6_Qt6_qml["qml"]\n    node_venv_lib_python3_12_site-packages_PyQt6_Qt6_qml --> node_venv_lib_python3_12_site-packages_PyQt6_Qt6_qml_QtQuick3D["QtQuick3D"]\n    node_venv_lib_python3_12_site-packages_PyQt6_Qt6_qml_QtQuick3D --> node_venv_lib_python3_12_site-packages_PyQt6_Qt6_qml_QtQuick3D_designer["designer"]\n    node_venv_lib_python3_12_site-packages_PyQt6_Qt6_qml_QtQuick3D_designer --> node_venv_lib_python3_12_site-packages_PyQt6_Qt6_qml_QtQuick3D_designer_images["images"]\n    node_venv_lib_python3_12_site-packages_PyQt6_Qt6_qml_QtQuick3D_designer_images --> node_venv_lib_python3_12_site-packages_PyQt6_Qt6_qml_QtQuick3D_designer_images_joint@2x_png["joint@2x.png"]\n    Root --> node_venv["venv"]\n    node_venv --> node_venv_lib["lib"]\n    node_venv_lib --> node_venv_lib_python3_12["python3.12"]\n    node_venv_lib_python3_12 --> node_venv_lib_python3_12_site-packages["site-packages"]\n    node_venv_lib_python3_12_site-packages --> node_venv_lib_python3_12_site-packages_PyQt6["PyQt6"]\n    node_venv_lib_python3_12_site-packages_PyQt6 --> node_venv_lib_python3_12_site-packages_PyQt6_Qt6["Qt6"]\n    node_venv_lib_python3_12_site-packages_PyQt6_Qt6 --> node_venv_lib_python3_12_site-packages_PyQt6_Qt6_qml["qml"]\n    node_venv_lib_python3_12_site-packages_PyQt6_Qt6_qml --> node_venv_lib_python3_12_site-packages_PyQt6_Qt6_qml_QtQuick3D["QtQuick3D"]\n    node_venv_lib_python3_12_site-packages_PyQt6_Qt6_qml_QtQuick3D --> node_venv_lib_python3_12_site-packages_PyQt6_Qt6_qml_QtQuick3D_designer["designer"]\n    node_venv_lib_python3_12_site-packages_PyQt6_Qt6_qml_QtQuick3D_designer --> node_venv_lib_python3_12_site-packages_PyQt6_Qt6_qml_QtQuick3D_designer_images["images"]\n    node_venv_lib_python3_12_site-packages_PyQt6_Qt6_qml_QtQuick3D_designer_images --> node_venv_lib_python3_12_site-packages_PyQt6_Qt6_qml_QtQuick3D_designer_images_lightdirectional_png["lightdirectional.png"]\n    Root --> node_venv["venv"]\n    node_venv --> node_venv_lib["lib"]\n    node_venv_lib --> node_venv_lib_python3_12["python3.12"]\n    node_venv_lib_python3_12 --> node_venv_lib_python3_12_site-packages["site-packages"]\n    node_venv_lib_python3_12_site-packages --> node_venv_lib_python3_12_site-packages_PyQt6["PyQt6"]\n    node_venv_lib_python3_12_site-packages_PyQt6 --> node_venv_lib_python3_12_site-packages_PyQt6_Qt6["Qt6"]\n    node_venv_lib_python3_12_site-packages_PyQt6_Qt6 --> node_venv_lib_python3_12_site-packages_PyQt6_Qt6_qml["qml"]\n    node_venv_lib_python3_12_site-packages_PyQt6_Qt6_qml --> node_venv_lib_python3_12_site-packages_PyQt6_Qt6_qml_QtQuick3D["QtQuick3D"]\n    node_venv_lib_python3_12_site-packages_PyQt6_Qt6_qml_QtQuick3D --> node_venv_lib_python3_12_site-packages_PyQt6_Qt6_qml_QtQuick3D_designer["designer"]\n    node_venv_lib_python3_12_site-packages_PyQt6_Qt6_qml_QtQuick3D_designer --> node_venv_lib_python3_12_site-packages_PyQt6_Qt6_qml_QtQuick3D_designer_images["images"]\n    node_venv_lib_python3_12_site-packages_PyQt6_Qt6_qml_QtQuick3D_designer_images --> node_venv_lib_python3_12_site-packages_PyQt6_Qt6_qml_QtQuick3D_designer_images_lightdirectional16_png["lightdirectional16.png"]\n    Root --> node_venv["venv"]\n    node_venv --> node_venv_lib["lib"]\n    node_venv_lib --> node_venv_lib_python3_12["python3.12"]\n    node_venv_lib_python3_12 --> node_venv_lib_python3_12_site-packages["site-packages"]\n    node_venv_lib_python3_12_site-packages --> node_venv_lib_python3_12_site-packages_PyQt6["PyQt6"]\n    node_venv_lib_python3_12_site-packages_PyQt6 --> node_venv_lib_python3_12_site-packages_PyQt6_Qt6["Qt6"]\n    node_venv_lib_python3_12_site-packages_PyQt6_Qt6 --> node_venv_lib_python3_12_site-packages_PyQt6_Qt6_qml["qml"]\n    node_venv_lib_python3_12_site-packages_PyQt6_Qt6_qml --> node_venv_lib_python3_12_site-packages_PyQt6_Qt6_qml_QtQuick3D["QtQuick3D"]\n    node_venv_lib_python3_12_site-packages_PyQt6_Qt6_qml_QtQuick3D --> node_venv_lib_python3_12_site-packages_PyQt6_Qt6_qml_QtQuick3D_designer["designer"]\n    node_venv_lib_python3_12_site-packages_PyQt6_Qt6_qml_QtQuick3D_designer --> node_venv_lib_python3_12_site-packages_PyQt6_Qt6_qml_QtQuick3D_designer_images["images"]\n    node_venv_lib_python3_12_site-packages_PyQt6_Qt6_qml_QtQuick3D_designer_images --> node_venv_lib_python3_12_site-packages_PyQt6_Qt6_qml_QtQuick3D_designer_images_lightdirectional@2x_png["lightdirectional@2x.png"]\n    Root --> node_venv["venv"]\n    node_venv --> node_venv_lib["lib"]\n    node_venv_lib --> node_venv_lib_python3_12["python3.12"]\n    node_venv_lib_python3_12 --> node_venv_lib_python3_12_site-packages["site-packages"]\n    node_venv_lib_python3_12_site-packages --> node_venv_lib_python3_12_site-packages_PyQt6["PyQt6"]\n    node_venv_lib_python3_12_site-packages_PyQt6 --> node_venv_lib_python3_12_site-packages_PyQt6_Qt6["Qt6"]\n    node_venv_lib_python3_12_site-packages_PyQt6_Qt6 --> node_venv_lib_python3_12_site-packages_PyQt6_Qt6_qml["qml"]\n    node_venv_lib_python3_12_site-packages_PyQt6_Qt6_qml --> node_venv_lib_python3_12_site-packages_PyQt6_Qt6_qml_QtQuick3D["QtQuick3D"]\n    node_venv_lib_python3_12_site-packages_PyQt6_Qt6_qml_QtQuick3D --> node_venv_lib_python3_12_site-packages_PyQt6_Qt6_qml_QtQuick3D_designer["designer"]\n    node_venv_lib_python3_12_site-packages_PyQt6_Qt6_qml_QtQuick3D_designer --> node_venv_lib_python3_12_site-packages_PyQt6_Qt6_qml_QtQuick3D_designer_images["images"]\n    node_venv_lib_python3_12_site-packages_PyQt6_Qt6_qml_QtQuick3D_designer_images --> node_venv_lib_python3_12_site-packages_PyQt6_Qt6_qml_QtQuick3D_designer_images_lightmapper_png["lightmapper.png"]\n    Root --> node_venv["venv"]\n    node_venv --> node_venv_lib["lib"]\n    node_venv_lib --> node_venv_lib_python3_12["python3.12"]\n    node_venv_lib_python3_12 --> node_venv_lib_python3_12_site-packages["site-packages"]\n    node_venv_lib_python3_12_site-packages --> node_venv_lib_python3_12_site-packages_PyQt6["PyQt6"]\n    node_venv_lib_python3_12_site-packages_PyQt6 --> node_venv_lib_python3_12_site-packages_PyQt6_Qt6["Qt6"]\n    node_venv_lib_python3_12_site-packages_PyQt6_Qt6 --> node_venv_lib_python3_12_site-packages_PyQt6_Qt6_qml["qml"]\n    node_venv_lib_python3_12_site-packages_PyQt6_Qt6_qml --> node_venv_lib_python3_12_site-packages_PyQt6_Qt6_qml_QtQuick3D["QtQuick3D"]\n    node_venv_lib_python3_12_site-packages_PyQt6_Qt6_qml_QtQuick3D --> node_venv_lib_python3_12_site-packages_PyQt6_Qt6_qml_QtQuick3D_designer["designer"]\n    node_venv_lib_python3_12_site-packages_PyQt6_Qt6_qml_QtQuick3D_designer --> node_venv_lib_python3_12_site-packages_PyQt6_Qt6_qml_QtQuick3D_designer_images["images"]\n    node_venv_lib_python3_12_site-packages_PyQt6_Qt6_qml_QtQuick3D_designer_images --> node_venv_lib_python3_12_site-packages_PyQt6_Qt6_qml_QtQuick3D_designer_images_lightmapper16_png["lightmapper16.png"]\n    Root --> node_venv["venv"]\n    node_venv --> node_venv_lib["lib"]\n    node_venv_lib --> node_venv_lib_python3_12["python3.12"]\n    node_venv_lib_python3_12 --> node_venv_lib_python3_12_site-packages["site-packages"]\n    node_venv_lib_python3_12_site-packages --> node_venv_lib_python3_12_site-packages_PyQt6["PyQt6"]\n    node_venv_lib_python3_12_site-packages_PyQt6 --> node_venv_lib_python3_12_site-packages_PyQt6_Qt6["Qt6"]\n    node_venv_lib_python3_12_site-packages_PyQt6_Qt6 --> node_venv_lib_python3_12_site-packages_PyQt6_Qt6_qml["qml"]\n    node_venv_lib_python3_12_site-packages_PyQt6_Qt6_qml --> node_venv_lib_python3_12_site-packages_PyQt6_Qt6_qml_QtQuick3D["QtQuick3D"]\n    node_venv_lib_python3_12_site-packages_PyQt6_Qt6_qml_QtQuick3D --> node_venv_lib_python3_12_site-packages_PyQt6_Qt6_qml_QtQuick3D_designer["designer"]\n    node_venv_lib_python3_12_site-packages_PyQt6_Qt6_qml_QtQuick3D_designer --> node_venv_lib_python3_12_site-packages_PyQt6_Qt6_qml_QtQuick3D_designer_images["images"]\n    node_venv_lib_python3_12_site-packages_PyQt6_Qt6_qml_QtQuick3D_designer_images --> node_venv_lib_python3_12_site-packages_PyQt6_Qt6_qml_QtQuick3D_designer_images_lightmapper@2x_png["lightmapper@2x.png"]\n    Root --> node_venv["venv"]\n    node_venv --> node_venv_lib["lib"]\n    node_venv_lib --> node_venv_lib_python3_12["python3.12"]\n    node_venv_lib_python3_12 --> node_venv_lib_python3_12_site-packages["site-packages"]\n    node_venv_lib_python3_12_site-packages --> node_venv_lib_python3_12_site-packages_PyQt6["PyQt6"]\n    node_venv_lib_python3_12_site-packages_PyQt6 --> node_venv_lib_python3_12_site-packages_PyQt6_Qt6["Qt6"]\n    node_venv_lib_python3_12_site-packages_PyQt6_Qt6 --> node_venv_lib_python3_12_site-packages_PyQt6_Qt6_qml["qml"]\n    node_venv_lib_python3_12_site-packages_PyQt6_Qt6_qml --> node_venv_lib_python3_12_site-packages_PyQt6_Qt6_qml_QtQuick3D["QtQuick3D"]\n    node_venv_lib_python3_12_site-packages_PyQt6_Qt6_qml_QtQuick3D --> node_venv_lib_python3_12_site-packages_PyQt6_Qt6_qml_QtQuick3D_designer["designer"]\n    node_venv_lib_python3_12_site-packages_PyQt6_Qt6_qml_QtQuick3D_designer --> node_venv_lib_python3_12_site-packages_PyQt6_Qt6_qml_QtQuick3D_designer_images["images"]\n    node_venv_lib_python3_12_site-packages_PyQt6_Qt6_qml_QtQuick3D_designer_images --> node_venv_lib_python3_12_site-packages_PyQt6_Qt6_qml_QtQuick3D_designer_images_lightpoint_png["lightpoint.png"]\n    Root --> node_venv["venv"]\n    node_venv --> node_venv_lib["lib"]\n    node_venv_lib --> node_venv_lib_python3_12["python3.12"]\n    node_venv_lib_python3_12 --> node_venv_lib_python3_12_site-packages["site-packages"]\n    node_venv_lib_python3_12_site-packages --> node_venv_lib_python3_12_site-packages_PyQt6["PyQt6"]\n    node_venv_lib_python3_12_site-packages_PyQt6 --> node_venv_lib_python3_12_site-packages_PyQt6_Qt6["Qt6"]\n    node_venv_lib_python3_12_site-packages_PyQt6_Qt6 --> node_venv_lib_python3_12_site-packages_PyQt6_Qt6_qml["qml"]\n    node_venv_lib_python3_12_site-packages_PyQt6_Qt6_qml --> node_venv_lib_python3_12_site-packages_PyQt6_Qt6_qml_QtQuick3D["QtQuick3D"]\n    node_venv_lib_python3_12_site-packages_PyQt6_Qt6_qml_QtQuick3D --> node_venv_lib_python3_12_site-packages_PyQt6_Qt6_qml_QtQuick3D_designer["designer"]\n    node_venv_lib_python3_12_site-packages_PyQt6_Qt6_qml_QtQuick3D_designer --> node_venv_lib_python3_12_site-packages_PyQt6_Qt6_qml_QtQuick3D_designer_images["images"]\n    node_venv_lib_python3_12_site-packages_PyQt6_Qt6_qml_QtQuick3D_designer_images --> node_venv_lib_python3_12_site-packages_PyQt6_Qt6_qml_QtQuick3D_designer_images_lightpoint16_png["lightpoint16.png"]\n    Root --> node_venv["venv"]\n    node_venv --> node_venv_lib["lib"]\n    node_venv_lib --> node_venv_lib_python3_12["python3.12"]\n    node_venv_lib_python3_12 --> node_venv_lib_python3_12_site-packages["site-packages"]\n    node_venv_lib_python3_12_site-packages --> node_venv_lib_python3_12_site-packages_PyQt6["PyQt6"]\n    node_venv_lib_python3_12_site-packages_PyQt6 --> node_venv_lib_python3_12_site-packages_PyQt6_Qt6["Qt6"]\n    node_venv_lib_python3_12_site-packages_PyQt6_Qt6 --> node_venv_lib_python3_12_site-packages_PyQt6_Qt6_qml["qml"]\n    node_venv_lib_python3_12_site-packages_PyQt6_Qt6_qml --> node_venv_lib_python3_12_site-packages_PyQt6_Qt6_qml_QtQuick3D["QtQuick3D"]\n    node_venv_lib_python3_12_site-packages_PyQt6_Qt6_qml_QtQuick3D --> node_venv_lib_python3_12_site-packages_PyQt6_Qt6_qml_QtQuick3D_designer["designer"]\n    node_venv_lib_python3_12_site-packages_PyQt6_Qt6_qml_QtQuick3D_designer --> node_venv_lib_python3_12_site-packages_PyQt6_Qt6_qml_QtQuick3D_designer_images["images"]\n    node_venv_lib_python3_12_site-packages_PyQt6_Qt6_qml_QtQuick3D_designer_images --> node_venv_lib_python3_12_site-packages_PyQt6_Qt6_qml_QtQuick3D_designer_images_lightpoint@2x_png["lightpoint@2x.png"]\n    Root --> node_venv["venv"]\n    node_venv --> node_venv_lib["lib"]\n    node_venv_lib --> node_venv_lib_python3_12["python3.12"]\n    node_venv_lib_python3_12 --> node_venv_lib_python3_12_site-packages["site-packages"]\n    node_venv_lib_python3_12_site-packages --> node_venv_lib_python3_12_site-packages_PyQt6["PyQt6"]\n    node_venv_lib_python3_12_site-packages_PyQt6 --> node_venv_lib_python3_12_site-packages_PyQt6_Qt6["Qt6"]\n    node_venv_lib_python3_12_site-packages_PyQt6_Qt6 --> node_venv_lib_python3_12_site-packages_PyQt6_Qt6_qml["qml"]\n    node_venv_lib_python3_12_site-packages_PyQt6_Qt6_qml --> node_venv_lib_python3_12_site-packages_PyQt6_Qt6_qml_QtQuick3D["QtQuick3D"]\n    node_venv_lib_python3_12_site-packages_PyQt6_Qt6_qml_QtQuick3D --> node_venv_lib_python3_12_site-packages_PyQt6_Qt6_qml_QtQuick3D_designer["designer"]\n    node_venv_lib_python3_12_site-packages_PyQt6_Qt6_qml_QtQuick3D_designer --> node_venv_lib_python3_12_site-packages_PyQt6_Qt6_qml_QtQuick3D_designer_images["images"]\n    node_venv_lib_python3_12_site-packages_PyQt6_Qt6_qml_QtQuick3D_designer_images --> node_venv_lib_python3_12_site-packages_PyQt6_Qt6_qml_QtQuick3D_designer_images_lightspot_png["lightspot.png"]\n    Root --> node_venv["venv"]\n    node_venv --> node_venv_lib["lib"]\n    node_venv_lib --> node_venv_lib_python3_12["python3.12"]\n    node_venv_lib_python3_12 --> node_venv_lib_python3_12_site-packages["site-packages"]\n    node_venv_lib_python3_12_site-packages --> node_venv_lib_python3_12_site-packages_PyQt6["PyQt6"]\n    node_venv_lib_python3_12_site-packages_PyQt6 --> node_venv_lib_python3_12_site-packages_PyQt6_Qt6["Qt6"]\n    node_venv_lib_python3_12_site-packages_PyQt6_Qt6 --> node_venv_lib_python3_12_site-packages_PyQt6_Qt6_qml["qml"]\n    node_venv_lib_python3_12_site-packages_PyQt6_Qt6_qml --> node_venv_lib_python3_12_site-packages_PyQt6_Qt6_qml_QtQuick3D["QtQuick3D"]\n    node_venv_lib_python3_12_site-packages_PyQt6_Qt6_qml_QtQuick3D --> node_venv_lib_python3_12_site-packages_PyQt6_Qt6_qml_QtQuick3D_designer["designer"]\n    node_venv_lib_python3_12_site-packages_PyQt6_Qt6_qml_QtQuick3D_designer --> node_venv_lib_python3_12_site-packages_PyQt6_Qt6_qml_QtQuick3D_designer_images["images"]\n    node_venv_lib_python3_12_site-packages_PyQt6_Qt6_qml_QtQuick3D_designer_images --> node_venv_lib_python3_12_site-packages_PyQt6_Qt6_qml_QtQuick3D_designer_images_lightspot16_png["lightspot16.png"]\n    Root --> node_venv["venv"]\n    node_venv --> node_venv_lib["lib"]\n    node_venv_lib --> node_venv_lib_python3_12["python3.12"]\n    node_venv_lib_python3_12 --> node_venv_lib_python3_12_site-packages["site-packages"]\n    node_venv_lib_python3_12_site-packages --> node_venv_lib_python3_12_site-packages_PyQt6["PyQt6"]\n    node_venv_lib_python3_12_site-packages_PyQt6 --> node_venv_lib_python3_12_site-packages_PyQt6_Qt6["Qt6"]\n    node_venv_lib_python3_12_site-packages_PyQt6_Qt6 --> node_venv_lib_python3_12_site-packages_PyQt6_Qt6_qml["qml"]\n    node_venv_lib_python3_12_site-packages_PyQt6_Qt6_qml --> node_venv_lib_python3_12_site-packages_PyQt6_Qt6_qml_QtQuick3D["QtQuick3D"]\n    node_venv_lib_python3_12_site-packages_PyQt6_Qt6_qml_QtQuick3D --> node_venv_lib_python3_12_site-packages_PyQt6_Qt6_qml_QtQuick3D_designer["designer"]\n    node_venv_lib_python3_12_site-packages_PyQt6_Qt6_qml_QtQuick3D_designer --> node_venv_lib_python3_12_site-packages_PyQt6_Qt6_qml_QtQuick3D_designer_images["images"]\n    node_venv_lib_python3_12_site-packages_PyQt6_Qt6_qml_QtQuick3D_designer_images --> node_venv_lib_python3_12_site-packages_PyQt6_Qt6_qml_QtQuick3D_designer_images_lightspot@2x_png["lightspot@2x.png"]\n    Root --> node_venv["venv"]\n    node_venv --> node_venv_lib["lib"]\n    node_venv_lib --> node_venv_lib_python3_12["python3.12"]\n    node_venv_lib_python3_12 --> node_venv_lib_python3_12_site-packages["site-packages"]\n    node_venv_lib_python3_12_site-packages --> node_venv_lib_python3_12_site-packages_PyQt6["PyQt6"]\n    node_venv_lib_python3_12_site-packages_PyQt6 --> node_venv_lib_python3_12_site-packages_PyQt6_Qt6["Qt6"]\n    node_venv_lib_python3_12_site-packages_PyQt6_Qt6 --> node_venv_lib_python3_12_site-packages_PyQt6_Qt6_qml["qml"]\n    node_venv_lib_python3_12_site-packages_PyQt6_Qt6_qml --> node_venv_lib_python3_12_site-packages_PyQt6_Qt6_qml_QtQuick3D["QtQuick3D"]\n    node_venv_lib_python3_12_site-packages_PyQt6_Qt6_qml_QtQuick3D --> node_venv_lib_python3_12_site-packages_PyQt6_Qt6_qml_QtQuick3D_designer["designer"]\n    node_venv_lib_python3_12_site-packages_PyQt6_Qt6_qml_QtQuick3D_designer --> node_venv_lib_python3_12_site-packages_PyQt6_Qt6_qml_QtQuick3D_designer_images["images"]\n    node_venv_lib_python3_12_site-packages_PyQt6_Qt6_qml_QtQuick3D_designer_images --> node_venv_lib_python3_12_site-packages_PyQt6_Qt6_qml_QtQuick3D_designer_images_loader3d_png["loader3d.png"]\n    Root --> node_venv["venv"]\n    node_venv --> node_venv_lib["lib"]\n    node_venv_lib --> node_venv_lib_python3_12["python3.12"]\n    node_venv_lib_python3_12 --> node_venv_lib_python3_12_site-packages["site-packages"]\n    node_venv_lib_python3_12_site-packages --> node_venv_lib_python3_12_site-packages_PyQt6["PyQt6"]\n    node_venv_lib_python3_12_site-packages_PyQt6 --> node_venv_lib_python3_12_site-packages_PyQt6_Qt6["Qt6"]\n    node_venv_lib_python3_12_site-packages_PyQt6_Qt6 --> node_venv_lib_python3_12_site-packages_PyQt6_Qt6_qml["qml"]\n    node_venv_lib_python3_12_site-packages_PyQt6_Qt6_qml --> node_venv_lib_python3_12_site-packages_PyQt6_Qt6_qml_QtQuick3D["QtQuick3D"]\n    node_venv_lib_python3_12_site-packages_PyQt6_Qt6_qml_QtQuick3D --> node_venv_lib_python3_12_site-packages_PyQt6_Qt6_qml_QtQuick3D_designer["designer"]\n    node_venv_lib_python3_12_site-packages_PyQt6_Qt6_qml_QtQuick3D_designer --> node_venv_lib_python3_12_site-packages_PyQt6_Qt6_qml_QtQuick3D_designer_images["images"]\n    node_venv_lib_python3_12_site-packages_PyQt6_Qt6_qml_QtQuick3D_designer_images --> node_venv_lib_python3_12_site-packages_PyQt6_Qt6_qml_QtQuick3D_designer_images_loader3d16_png["loader3d16.png"]\n    Root --> node_venv["venv"]\n    node_venv --> node_venv_lib["lib"]\n    node_venv_lib --> node_venv_lib_python3_12["python3.12"]\n    node_venv_lib_python3_12 --> node_venv_lib_python3_12_site-packages["site-packages"]\n    node_venv_lib_python3_12_site-packages --> node_venv_lib_python3_12_site-packages_PyQt6["PyQt6"]\n    node_venv_lib_python3_12_site-packages_PyQt6 --> node_venv_lib_python3_12_site-packages_PyQt6_Qt6["Qt6"]\n    node_venv_lib_python3_12_site-packages_PyQt6_Qt6 --> node_venv_lib_python3_12_site-packages_PyQt6_Qt6_qml["qml"]\n    node_venv_lib_python3_12_site-packages_PyQt6_Qt6_qml --> node_venv_lib_python3_12_site-packages_PyQt6_Qt6_qml_QtQuick3D["QtQuick3D"]\n    node_venv_lib_python3_12_site-packages_PyQt6_Qt6_qml_QtQuick3D --> node_venv_lib_python3_12_site-packages_PyQt6_Qt6_qml_QtQuick3D_designer["designer"]\n    node_venv_lib_python3_12_site-packages_PyQt6_Qt6_qml_QtQuick3D_designer --> node_venv_lib_python3_12_site-packages_PyQt6_Qt6_qml_QtQuick3D_designer_images["images"]\n    node_venv_lib_python3_12_site-packages_PyQt6_Qt6_qml_QtQuick3D_designer_images --> node_venv_lib_python3_12_site-packages_PyQt6_Qt6_qml_QtQuick3D_designer_images_loader3d@2x_png["loader3d@2x.png"]\n    Root --> node_venv["venv"]\n    node_venv --> node_venv_lib["lib"]\n    node_venv_lib --> node_venv_lib_python3_12["python3.12"]\n    node_venv_lib_python3_12 --> node_venv_lib_python3_12_site-packages["site-packages"]\n    node_venv_lib_python3_12_site-packages --> node_venv_lib_python3_12_site-packages_PyQt6["PyQt6"]\n    node_venv_lib_python3_12_site-packages_PyQt6 --> node_venv_lib_python3_12_site-packages_PyQt6_Qt6["Qt6"]\n    node_venv_lib_python3_12_site-packages_PyQt6_Qt6 --> node_venv_lib_python3_12_site-packages_PyQt6_Qt6_qml["qml"]\n    node_venv_lib_python3_12_site-packages_PyQt6_Qt6_qml --> node_venv_lib_python3_12_site-packages_PyQt6_Qt6_qml_QtQuick3D["QtQuick3D"]\n    node_venv_lib_python3_12_site-packages_PyQt6_Qt6_qml_QtQuick3D --> node_venv_lib_python3_12_site-packages_PyQt6_Qt6_qml_QtQuick3D_designer["designer"]\n    node_venv_lib_python3_12_site-packages_PyQt6_Qt6_qml_QtQuick3D_designer --> node_venv_lib_python3_12_site-packages_PyQt6_Qt6_qml_QtQuick3D_designer_images["images"]\n    node_venv_lib_python3_12_site-packages_PyQt6_Qt6_qml_QtQuick3D_designer_images --> node_venv_lib_python3_12_site-packages_PyQt6_Qt6_qml_QtQuick3D_designer_images_material_png["material.png"]\n    Root --> node_venv["venv"]\n    node_venv --> node_venv_lib["lib"]\n    node_venv_lib --> node_venv_lib_python3_12["python3.12"]\n    node_venv_lib_python3_12 --> node_venv_lib_python3_12_site-packages["site-packages"]\n    node_venv_lib_python3_12_site-packages --> node_venv_lib_python3_12_site-packages_PyQt6["PyQt6"]\n    node_venv_lib_python3_12_site-packages_PyQt6 --> node_venv_lib_python3_12_site-packages_PyQt6_Qt6["Qt6"]\n    node_venv_lib_python3_12_site-packages_PyQt6_Qt6 --> node_venv_lib_python3_12_site-packages_PyQt6_Qt6_qml["qml"]\n    node_venv_lib_python3_12_site-packages_PyQt6_Qt6_qml --> node_venv_lib_python3_12_site-packages_PyQt6_Qt6_qml_QtQuick3D["QtQuick3D"]\n    node_venv_lib_python3_12_site-packages_PyQt6_Qt6_qml_QtQuick3D --> node_venv_lib_python3_12_site-packages_PyQt6_Qt6_qml_QtQuick3D_designer["designer"]\n    node_venv_lib_python3_12_site-packages_PyQt6_Qt6_qml_QtQuick3D_designer --> node_venv_lib_python3_12_site-packages_PyQt6_Qt6_qml_QtQuick3D_designer_images["images"]\n    node_venv_lib_python3_12_site-packages_PyQt6_Qt6_qml_QtQuick3D_designer_images --> node_venv_lib_python3_12_site-packages_PyQt6_Qt6_qml_QtQuick3D_designer_images_material16_png["material16.png"]\n    Root --> node_venv["venv"]\n    node_venv --> node_venv_lib["lib"]\n    node_venv_lib --> node_venv_lib_python3_12["python3.12"]\n    node_venv_lib_python3_12 --> node_venv_lib_python3_12_site-packages["site-packages"]\n    node_venv_lib_python3_12_site-packages --> node_venv_lib_python3_12_site-packages_PyQt6["PyQt6"]\n    node_venv_lib_python3_12_site-packages_PyQt6 --> node_venv_lib_python3_12_site-packages_PyQt6_Qt6["Qt6"]\n    node_venv_lib_python3_12_site-packages_PyQt6_Qt6 --> node_venv_lib_python3_12_site-packages_PyQt6_Qt6_qml["qml"]\n    node_venv_lib_python3_12_site-packages_PyQt6_Qt6_qml --> node_venv_lib_python3_12_site-packages_PyQt6_Qt6_qml_QtQuick3D["QtQuick3D"]\n    node_venv_lib_python3_12_site-packages_PyQt6_Qt6_qml_QtQuick3D --> node_venv_lib_python3_12_site-packages_PyQt6_Qt6_qml_QtQuick3D_designer["designer"]\n    node_venv_lib_python3_12_site-packages_PyQt6_Qt6_qml_QtQuick3D_designer --> node_venv_lib_python3_12_site-packages_PyQt6_Qt6_qml_QtQuick3D_designer_images["images"]\n    node_venv_lib_python3_12_site-packages_PyQt6_Qt6_qml_QtQuick3D_designer_images --> node_venv_lib_python3_12_site-packages_PyQt6_Qt6_qml_QtQuick3D_designer_images_material@2x_png["material@2x.png"]\n    Root --> node_venv["venv"]\n    node_venv --> node_venv_lib["lib"]\n    node_venv_lib --> node_venv_lib_python3_12["python3.12"]\n    node_venv_lib_python3_12 --> node_venv_lib_python3_12_site-packages["site-packages"]\n    node_venv_lib_python3_12_site-packages --> node_venv_lib_python3_12_site-packages_PyQt6["PyQt6"]\n    node_venv_lib_python3_12_site-packages_PyQt6 --> node_venv_lib_python3_12_site-packages_PyQt6_Qt6["Qt6"]\n    node_venv_lib_python3_12_site-packages_PyQt6_Qt6 --> node_venv_lib_python3_12_site-packages_PyQt6_Qt6_qml["qml"]\n    node_venv_lib_python3_12_site-packages_PyQt6_Qt6_qml --> node_venv_lib_python3_12_site-packages_PyQt6_Qt6_qml_QtQuick3D["QtQuick3D"]\n    node_venv_lib_python3_12_site-packages_PyQt6_Qt6_qml_QtQuick3D --> node_venv_lib_python3_12_site-packages_PyQt6_Qt6_qml_QtQuick3D_designer["designer"]\n    node_venv_lib_python3_12_site-packages_PyQt6_Qt6_qml_QtQuick3D_designer --> node_venv_lib_python3_12_site-packages_PyQt6_Qt6_qml_QtQuick3D_designer_images["images"]\n    node_venv_lib_python3_12_site-packages_PyQt6_Qt6_qml_QtQuick3D_designer_images --> node_venv_lib_python3_12_site-packages_PyQt6_Qt6_qml_QtQuick3D_designer_images_model16_png["model16.png"]\n    Root --> node_venv["venv"]\n    node_venv --> node_venv_lib["lib"]\n    node_venv_lib --> node_venv_lib_python3_12["python3.12"]\n    node_venv_lib_python3_12 --> node_venv_lib_python3_12_site-packages["site-packages"]\n    node_venv_lib_python3_12_site-packages --> node_venv_lib_python3_12_site-packages_PyQt6["PyQt6"]\n    node_venv_lib_python3_12_site-packages_PyQt6 --> node_venv_lib_python3_12_site-packages_PyQt6_Qt6["Qt6"]\n    node_venv_lib_python3_12_site-packages_PyQt6_Qt6 --> node_venv_lib_python3_12_site-packages_PyQt6_Qt6_qml["qml"]\n    node_venv_lib_python3_12_site-packages_PyQt6_Qt6_qml --> node_venv_lib_python3_12_site-packages_PyQt6_Qt6_qml_QtQuick3D["QtQuick3D"]\n    node_venv_lib_python3_12_site-packages_PyQt6_Qt6_qml_QtQuick3D --> node_venv_lib_python3_12_site-packages_PyQt6_Qt6_qml_QtQuick3D_designer["designer"]\n    node_venv_lib_python3_12_site-packages_PyQt6_Qt6_qml_QtQuick3D_designer --> node_venv_lib_python3_12_site-packages_PyQt6_Qt6_qml_QtQuick3D_designer_images["images"]\n    node_venv_lib_python3_12_site-packages_PyQt6_Qt6_qml_QtQuick3D_designer_images --> node_venv_lib_python3_12_site-packages_PyQt6_Qt6_qml_QtQuick3D_designer_images_morphtarget_png["morphtarget.png"]\n    Root --> node_venv["venv"]\n    node_venv --> node_venv_lib["lib"]\n    node_venv_lib --> node_venv_lib_python3_12["python3.12"]\n    node_venv_lib_python3_12 --> node_venv_lib_python3_12_site-packages["site-packages"]\n    node_venv_lib_python3_12_site-packages --> node_venv_lib_python3_12_site-packages_PyQt6["PyQt6"]\n    node_venv_lib_python3_12_site-packages_PyQt6 --> node_venv_lib_python3_12_site-packages_PyQt6_Qt6["Qt6"]\n    node_venv_lib_python3_12_site-packages_PyQt6_Qt6 --> node_venv_lib_python3_12_site-packages_PyQt6_Qt6_qml["qml"]\n    node_venv_lib_python3_12_site-packages_PyQt6_Qt6_qml --> node_venv_lib_python3_12_site-packages_PyQt6_Qt6_qml_QtQuick3D["QtQuick3D"]\n    node_venv_lib_python3_12_site-packages_PyQt6_Qt6_qml_QtQuick3D --> node_venv_lib_python3_12_site-packages_PyQt6_Qt6_qml_QtQuick3D_designer["designer"]\n    node_venv_lib_python3_12_site-packages_PyQt6_Qt6_qml_QtQuick3D_designer --> node_venv_lib_python3_12_site-packages_PyQt6_Qt6_qml_QtQuick3D_designer_images["images"]\n    node_venv_lib_python3_12_site-packages_PyQt6_Qt6_qml_QtQuick3D_designer_images --> node_venv_lib_python3_12_site-packages_PyQt6_Qt6_qml_QtQuick3D_designer_images_morphtarget16_png["morphtarget16.png"]\n    Root --> node_venv["venv"]\n    node_venv --> node_venv_lib["lib"]\n    node_venv_lib --> node_venv_lib_python3_12["python3.12"]\n    node_venv_lib_python3_12 --> node_venv_lib_python3_12_site-packages["site-packages"]\n    node_venv_lib_python3_12_site-packages --> node_venv_lib_python3_12_site-packages_PyQt6["PyQt6"]\n    node_venv_lib_python3_12_site-packages_PyQt6 --> node_venv_lib_python3_12_site-packages_PyQt6_Qt6["Qt6"]\n    node_venv_lib_python3_12_site-packages_PyQt6_Qt6 --> node_venv_lib_python3_12_site-packages_PyQt6_Qt6_qml["qml"]\n    node_venv_lib_python3_12_site-packages_PyQt6_Qt6_qml --> node_venv_lib_python3_12_site-packages_PyQt6_Qt6_qml_QtQuick3D["QtQuick3D"]\n    node_venv_lib_python3_12_site-packages_PyQt6_Qt6_qml_QtQuick3D --> node_venv_lib_python3_12_site-packages_PyQt6_Qt6_qml_QtQuick3D_designer["designer"]\n    node_venv_lib_python3_12_site-packages_PyQt6_Qt6_qml_QtQuick3D_designer --> node_venv_lib_python3_12_site-packages_PyQt6_Qt6_qml_QtQuick3D_designer_images["images"]\n    node_venv_lib_python3_12_site-packages_PyQt6_Qt6_qml_QtQuick3D_designer_images --> node_venv_lib_python3_12_site-packages_PyQt6_Qt6_qml_QtQuick3D_designer_images_morphtarget@2x_png["morphtarget@2x.png"]\n    Root --> node_venv["venv"]\n    node_venv --> node_venv_lib["lib"]\n    node_venv_lib --> node_venv_lib_python3_12["python3.12"]\n    node_venv_lib_python3_12 --> node_venv_lib_python3_12_site-packages["site-packages"]\n    node_venv_lib_python3_12_site-packages --> node_venv_lib_python3_12_site-packages_PyQt6["PyQt6"]\n    node_venv_lib_python3_12_site-packages_PyQt6 --> node_venv_lib_python3_12_site-packages_PyQt6_Qt6["Qt6"]\n    node_venv_lib_python3_12_site-packages_PyQt6_Qt6 --> node_venv_lib_python3_12_site-packages_PyQt6_Qt6_qml["qml"]\n    node_venv_lib_python3_12_site-packages_PyQt6_Qt6_qml --> node_venv_lib_python3_12_site-packages_PyQt6_Qt6_qml_QtQuick3D["QtQuick3D"]\n    node_venv_lib_python3_12_site-packages_PyQt6_Qt6_qml_QtQuick3D --> node_venv_lib_python3_12_site-packages_PyQt6_Qt6_qml_QtQuick3D_designer["designer"]\n    node_venv_lib_python3_12_site-packages_PyQt6_Qt6_qml_QtQuick3D_designer --> node_venv_lib_python3_12_site-packages_PyQt6_Qt6_qml_QtQuick3D_designer_images["images"]\n    node_venv_lib_python3_12_site-packages_PyQt6_Qt6_qml_QtQuick3D_designer_images --> node_venv_lib_python3_12_site-packages_PyQt6_Qt6_qml_QtQuick3D_designer_images_plane_png["plane.png"]\n    Root --> node_venv["venv"]\n    node_venv --> node_venv_lib["lib"]\n    node_venv_lib --> node_venv_lib_python3_12["python3.12"]\n    node_venv_lib_python3_12 --> node_venv_lib_python3_12_site-packages["site-packages"]\n    node_venv_lib_python3_12_site-packages --> node_venv_lib_python3_12_site-packages_PyQt6["PyQt6"]\n    node_venv_lib_python3_12_site-packages_PyQt6 --> node_venv_lib_python3_12_site-packages_PyQt6_Qt6["Qt6"]\n    node_venv_lib_python3_12_site-packages_PyQt6_Qt6 --> node_venv_lib_python3_12_site-packages_PyQt6_Qt6_qml["qml"]\n    node_venv_lib_python3_12_site-packages_PyQt6_Qt6_qml --> node_venv_lib_python3_12_site-packages_PyQt6_Qt6_qml_QtQuick3D["QtQuick3D"]\n    node_venv_lib_python3_12_site-packages_PyQt6_Qt6_qml_QtQuick3D --> node_venv_lib_python3_12_site-packages_PyQt6_Qt6_qml_QtQuick3D_designer["designer"]\n    node_venv_lib_python3_12_site-packages_PyQt6_Qt6_qml_QtQuick3D_designer --> node_venv_lib_python3_12_site-packages_PyQt6_Qt6_qml_QtQuick3D_designer_images["images"]\n    node_venv_lib_python3_12_site-packages_PyQt6_Qt6_qml_QtQuick3D_designer_images --> node_venv_lib_python3_12_site-packages_PyQt6_Qt6_qml_QtQuick3D_designer_images_plane16_png["plane16.png"]\n    Root --> node_venv["venv"]\n    node_venv --> node_venv_lib["lib"]\n    node_venv_lib --> node_venv_lib_python3_12["python3.12"]\n    node_venv_lib_python3_12 --> node_venv_lib_python3_12_site-packages["site-packages"]\n    node_venv_lib_python3_12_site-packages --> node_venv_lib_python3_12_site-packages_PyQt6["PyQt6"]\n    node_venv_lib_python3_12_site-packages_PyQt6 --> node_venv_lib_python3_12_site-packages_PyQt6_Qt6["Qt6"]\n    node_venv_lib_python3_12_site-packages_PyQt6_Qt6 --> node_venv_lib_python3_12_site-packages_PyQt6_Qt6_qml["qml"]\n    node_venv_lib_python3_12_site-packages_PyQt6_Qt6_qml --> node_venv_lib_python3_12_site-packages_PyQt6_Qt6_qml_QtQuick3D["QtQuick3D"]\n    node_venv_lib_python3_12_site-packages_PyQt6_Qt6_qml_QtQuick3D --> node_venv_lib_python3_12_site-packages_PyQt6_Qt6_qml_QtQuick3D_designer["designer"]\n    node_venv_lib_python3_12_site-packages_PyQt6_Qt6_qml_QtQuick3D_designer --> node_venv_lib_python3_12_site-packages_PyQt6_Qt6_qml_QtQuick3D_designer_images["images"]\n    node_venv_lib_python3_12_site-packages_PyQt6_Qt6_qml_QtQuick3D_designer_images --> node_venv_lib_python3_12_site-packages_PyQt6_Qt6_qml_QtQuick3D_designer_images_plane@2x_png["plane@2x.png"]\n    Root --> node_venv["venv"]\n    node_venv --> node_venv_lib["lib"]\n    node_venv_lib --> node_venv_lib_python3_12["python3.12"]\n    node_venv_lib_python3_12 --> node_venv_lib_python3_12_site-packages["site-packages"]\n    node_venv_lib_python3_12_site-packages --> node_venv_lib_python3_12_site-packages_PyQt6["PyQt6"]\n    node_venv_lib_python3_12_site-packages_PyQt6 --> node_venv_lib_python3_12_site-packages_PyQt6_Qt6["Qt6"]\n    node_venv_lib_python3_12_site-packages_PyQt6_Qt6 --> node_venv_lib_python3_12_site-packages_PyQt6_Qt6_qml["qml"]\n    node_venv_lib_python3_12_site-packages_PyQt6_Qt6_qml --> node_venv_lib_python3_12_site-packages_PyQt6_Qt6_qml_QtQuick3D["QtQuick3D"]\n    node_venv_lib_python3_12_site-packages_PyQt6_Qt6_qml_QtQuick3D --> node_venv_lib_python3_12_site-packages_PyQt6_Qt6_qml_QtQuick3D_designer["designer"]\n    node_venv_lib_python3_12_site-packages_PyQt6_Qt6_qml_QtQuick3D_designer --> node_venv_lib_python3_12_site-packages_PyQt6_Qt6_qml_QtQuick3D_designer_images["images"]\n    node_venv_lib_python3_12_site-packages_PyQt6_Qt6_qml_QtQuick3D_designer_images --> node_venv_lib_python3_12_site-packages_PyQt6_Qt6_qml_QtQuick3D_designer_images_reflectionProbe_png["reflectionProbe.png"]\n    Root --> node_venv["venv"]\n    node_venv --> node_venv_lib["lib"]\n    node_venv_lib --> node_venv_lib_python3_12["python3.12"]\n    node_venv_lib_python3_12 --> node_venv_lib_python3_12_site-packages["site-packages"]\n    node_venv_lib_python3_12_site-packages --> node_venv_lib_python3_12_site-packages_PyQt6["PyQt6"]\n    node_venv_lib_python3_12_site-packages_PyQt6 --> node_venv_lib_python3_12_site-packages_PyQt6_Qt6["Qt6"]\n    node_venv_lib_python3_12_site-packages_PyQt6_Qt6 --> node_venv_lib_python3_12_site-packages_PyQt6_Qt6_qml["qml"]\n    node_venv_lib_python3_12_site-packages_PyQt6_Qt6_qml --> node_venv_lib_python3_12_site-packages_PyQt6_Qt6_qml_QtQuick3D["QtQuick3D"]\n    node_venv_lib_python3_12_site-packages_PyQt6_Qt6_qml_QtQuick3D --> node_venv_lib_python3_12_site-packages_PyQt6_Qt6_qml_QtQuick3D_designer["designer"]\n    node_venv_lib_python3_12_site-packages_PyQt6_Qt6_qml_QtQuick3D_designer --> node_venv_lib_python3_12_site-packages_PyQt6_Qt6_qml_QtQuick3D_designer_images["images"]\n    node_venv_lib_python3_12_site-packages_PyQt6_Qt6_qml_QtQuick3D_designer_images --> node_venv_lib_python3_12_site-packages_PyQt6_Qt6_qml_QtQuick3D_designer_images_reflectionProbe16_png["reflectionProbe16.png"]\n    Root --> node_venv["venv"]\n    node_venv --> node_venv_lib["lib"]\n    node_venv_lib --> node_venv_lib_python3_12["python3.12"]\n    node_venv_lib_python3_12 --> node_venv_lib_python3_12_site-packages["site-packages"]\n    node_venv_lib_python3_12_site-packages --> node_venv_lib_python3_12_site-packages_PyQt6["PyQt6"]\n    node_venv_lib_python3_12_site-packages_PyQt6 --> node_venv_lib_python3_12_site-packages_PyQt6_Qt6["Qt6"]\n    node_venv_lib_python3_12_site-packages_PyQt6_Qt6 --> node_venv_lib_python3_12_site-packages_PyQt6_Qt6_qml["qml"]\n    node_venv_lib_python3_12_site-packages_PyQt6_Qt6_qml --> node_venv_lib_python3_12_site-packages_PyQt6_Qt6_qml_QtQuick3D["QtQuick3D"]\n    node_venv_lib_python3_12_site-packages_PyQt6_Qt6_qml_QtQuick3D --> node_venv_lib_python3_12_site-packages_PyQt6_Qt6_qml_QtQuick3D_designer["designer"]\n    node_venv_lib_python3_12_site-packages_PyQt6_Qt6_qml_QtQuick3D_designer --> node_venv_lib_python3_12_site-packages_PyQt6_Qt6_qml_QtQuick3D_designer_images["images"]\n    node_venv_lib_python3_12_site-packages_PyQt6_Qt6_qml_QtQuick3D_designer_images --> node_venv_lib_python3_12_site-packages_PyQt6_Qt6_qml_QtQuick3D_designer_images_reflectionProbe@2x_png["reflectionProbe@2x.png"]\n    Root --> node_venv["venv"]\n    node_venv --> node_venv_lib["lib"]\n    node_venv_lib --> node_venv_lib_python3_12["python3.12"]\n    node_venv_lib_python3_12 --> node_venv_lib_python3_12_site-packages["site-packages"]\n    node_venv_lib_python3_12_site-packages --> node_venv_lib_python3_12_site-packages_PyQt6["PyQt6"]\n    node_venv_lib_python3_12_site-packages_PyQt6 --> node_venv_lib_python3_12_site-packages_PyQt6_Qt6["Qt6"]\n    node_venv_lib_python3_12_site-packages_PyQt6_Qt6 --> node_venv_lib_python3_12_site-packages_PyQt6_Qt6_qml["qml"]\n    node_venv_lib_python3_12_site-packages_PyQt6_Qt6_qml --> node_venv_lib_python3_12_site-packages_PyQt6_Qt6_qml_QtQuick3D["QtQuick3D"]\n    node_venv_lib_python3_12_site-packages_PyQt6_Qt6_qml_QtQuick3D --> node_venv_lib_python3_12_site-packages_PyQt6_Qt6_qml_QtQuick3D_designer["designer"]\n    node_venv_lib_python3_12_site-packages_PyQt6_Qt6_qml_QtQuick3D_designer --> node_venv_lib_python3_12_site-packages_PyQt6_Qt6_qml_QtQuick3D_designer_images["images"]\n    node_venv_lib_python3_12_site-packages_PyQt6_Qt6_qml_QtQuick3D_designer_images --> node_venv_lib_python3_12_site-packages_PyQt6_Qt6_qml_QtQuick3D_designer_images_repeater3d_png["repeater3d.png"]\n    Root --> node_venv["venv"]\n    node_venv --> node_venv_lib["lib"]\n    node_venv_lib --> node_venv_lib_python3_12["python3.12"]\n    node_venv_lib_python3_12 --> node_venv_lib_python3_12_site-packages["site-packages"]\n    node_venv_lib_python3_12_site-packages --> node_venv_lib_python3_12_site-packages_PyQt6["PyQt6"]\n    node_venv_lib_python3_12_site-packages_PyQt6 --> node_venv_lib_python3_12_site-packages_PyQt6_Qt6["Qt6"]\n    node_venv_lib_python3_12_site-packages_PyQt6_Qt6 --> node_venv_lib_python3_12_site-packages_PyQt6_Qt6_qml["qml"]\n    node_venv_lib_python3_12_site-packages_PyQt6_Qt6_qml --> node_venv_lib_python3_12_site-packages_PyQt6_Qt6_qml_QtQuick3D["QtQuick3D"]\n    node_venv_lib_python3_12_site-packages_PyQt6_Qt6_qml_QtQuick3D --> node_venv_lib_python3_12_site-packages_PyQt6_Qt6_qml_QtQuick3D_designer["designer"]\n    node_venv_lib_python3_12_site-packages_PyQt6_Qt6_qml_QtQuick3D_designer --> node_venv_lib_python3_12_site-packages_PyQt6_Qt6_qml_QtQuick3D_designer_images["images"]\n    node_venv_lib_python3_12_site-packages_PyQt6_Qt6_qml_QtQuick3D_designer_images --> node_venv_lib_python3_12_site-packages_PyQt6_Qt6_qml_QtQuick3D_designer_images_repeater3d16_png["repeater3d16.png"]\n    Root --> node_venv["venv"]\n    node_venv --> node_venv_lib["lib"]\n    node_venv_lib --> node_venv_lib_python3_12["python3.12"]\n    node_venv_lib_python3_12 --> node_venv_lib_python3_12_site-packages["site-packages"]\n    node_venv_lib_python3_12_site-packages --> node_venv_lib_python3_12_site-packages_PyQt6["PyQt6"]\n    node_venv_lib_python3_12_site-packages_PyQt6 --> node_venv_lib_python3_12_site-packages_PyQt6_Qt6["Qt6"]\n    node_venv_lib_python3_12_site-packages_PyQt6_Qt6 --> node_venv_lib_python3_12_site-packages_PyQt6_Qt6_qml["qml"]\n    node_venv_lib_python3_12_site-packages_PyQt6_Qt6_qml --> node_venv_lib_python3_12_site-packages_PyQt6_Qt6_qml_QtQuick3D["QtQuick3D"]\n    node_venv_lib_python3_12_site-packages_PyQt6_Qt6_qml_QtQuick3D --> node_venv_lib_python3_12_site-packages_PyQt6_Qt6_qml_QtQuick3D_designer["designer"]\n    node_venv_lib_python3_12_site-packages_PyQt6_Qt6_qml_QtQuick3D_designer --> node_venv_lib_python3_12_site-packages_PyQt6_Qt6_qml_QtQuick3D_designer_images["images"]\n    node_venv_lib_python3_12_site-packages_PyQt6_Qt6_qml_QtQuick3D_designer_images --> node_venv_lib_python3_12_site-packages_PyQt6_Qt6_qml_QtQuick3D_designer_images_repeater3d@2x_png["repeater3d@2x.png"]\n    Root --> node_venv["venv"]\n    node_venv --> node_venv_lib["lib"]\n    node_venv_lib --> node_venv_lib_python3_12["python3.12"]\n    node_venv_lib_python3_12 --> node_venv_lib_python3_12_site-packages["site-packages"]\n    node_venv_lib_python3_12_site-packages --> node_venv_lib_python3_12_site-packages_PyQt6["PyQt6"]\n    node_venv_lib_python3_12_site-packages_PyQt6 --> node_venv_lib_python3_12_site-packages_PyQt6_Qt6["Qt6"]\n    node_venv_lib_python3_12_site-packages_PyQt6_Qt6 --> node_venv_lib_python3_12_site-packages_PyQt6_Qt6_qml["qml"]\n    node_venv_lib_python3_12_site-packages_PyQt6_Qt6_qml --> node_venv_lib_python3_12_site-packages_PyQt6_Qt6_qml_QtQuick3D["QtQuick3D"]\n    node_venv_lib_python3_12_site-packages_PyQt6_Qt6_qml_QtQuick3D --> node_venv_lib_python3_12_site-packages_PyQt6_Qt6_qml_QtQuick3D_designer["designer"]\n    node_venv_lib_python3_12_site-packages_PyQt6_Qt6_qml_QtQuick3D_designer --> node_venv_lib_python3_12_site-packages_PyQt6_Qt6_qml_QtQuick3D_designer_images["images"]\n    node_venv_lib_python3_12_site-packages_PyQt6_Qt6_qml_QtQuick3D_designer_images --> node_venv_lib_python3_12_site-packages_PyQt6_Qt6_qml_QtQuick3D_designer_images_resourceloader_png["resourceloader.png"]\n    Root --> node_venv["venv"]\n    node_venv --> node_venv_lib["lib"]\n    node_venv_lib --> node_venv_lib_python3_12["python3.12"]\n    node_venv_lib_python3_12 --> node_venv_lib_python3_12_site-packages["site-packages"]\n    node_venv_lib_python3_12_site-packages --> node_venv_lib_python3_12_site-packages_PyQt6["PyQt6"]\n    node_venv_lib_python3_12_site-packages_PyQt6 --> node_venv_lib_python3_12_site-packages_PyQt6_Qt6["Qt6"]\n    node_venv_lib_python3_12_site-packages_PyQt6_Qt6 --> node_venv_lib_python3_12_site-packages_PyQt6_Qt6_qml["qml"]\n    node_venv_lib_python3_12_site-packages_PyQt6_Qt6_qml --> node_venv_lib_python3_12_site-packages_PyQt6_Qt6_qml_QtQuick3D["QtQuick3D"]\n    node_venv_lib_python3_12_site-packages_PyQt6_Qt6_qml_QtQuick3D --> node_venv_lib_python3_12_site-packages_PyQt6_Qt6_qml_QtQuick3D_designer["designer"]\n    node_venv_lib_python3_12_site-packages_PyQt6_Qt6_qml_QtQuick3D_designer --> node_venv_lib_python3_12_site-packages_PyQt6_Qt6_qml_QtQuick3D_designer_images["images"]\n    node_venv_lib_python3_12_site-packages_PyQt6_Qt6_qml_QtQuick3D_designer_images --> node_venv_lib_python3_12_site-packages_PyQt6_Qt6_qml_QtQuick3D_designer_images_resourceloader16_png["resourceloader16.png"]\n    Root --> node_venv["venv"]\n    node_venv --> node_venv_lib["lib"]\n    node_venv_lib --> node_venv_lib_python3_12["python3.12"]\n    node_venv_lib_python3_12 --> node_venv_lib_python3_12_site-packages["site-packages"]\n    node_venv_lib_python3_12_site-packages --> node_venv_lib_python3_12_site-packages_PyQt6["PyQt6"]\n    node_venv_lib_python3_12_site-packages_PyQt6 --> node_venv_lib_python3_12_site-packages_PyQt6_Qt6["Qt6"]\n    node_venv_lib_python3_12_site-packages_PyQt6_Qt6 --> node_venv_lib_python3_12_site-packages_PyQt6_Qt6_qml["qml"]\n    node_venv_lib_python3_12_site-packages_PyQt6_Qt6_qml --> node_venv_lib_python3_12_site-packages_PyQt6_Qt6_qml_QtQuick3D["QtQuick3D"]\n    node_venv_lib_python3_12_site-packages_PyQt6_Qt6_qml_QtQuick3D --> node_venv_lib_python3_12_site-packages_PyQt6_Qt6_qml_QtQuick3D_designer["designer"]\n    node_venv_lib_python3_12_site-packages_PyQt6_Qt6_qml_QtQuick3D_designer --> node_venv_lib_python3_12_site-packages_PyQt6_Qt6_qml_QtQuick3D_designer_images["images"]\n    node_venv_lib_python3_12_site-packages_PyQt6_Qt6_qml_QtQuick3D_designer_images --> node_venv_lib_python3_12_site-packages_PyQt6_Qt6_qml_QtQuick3D_designer_images_resourceloader@2x_png["resourceloader@2x.png"]\n    Root --> node_venv["venv"]\n    node_venv --> node_venv_lib["lib"]\n    node_venv_lib --> node_venv_lib_python3_12["python3.12"]\n    node_venv_lib_python3_12 --> node_venv_lib_python3_12_site-packages["site-packages"]\n    node_venv_lib_python3_12_site-packages --> node_venv_lib_python3_12_site-packages_PyQt6["PyQt6"]\n    node_venv_lib_python3_12_site-packages_PyQt6 --> node_venv_lib_python3_12_site-packages_PyQt6_Qt6["Qt6"]\n    node_venv_lib_python3_12_site-packages_PyQt6_Qt6 --> node_venv_lib_python3_12_site-packages_PyQt6_Qt6_qml["qml"]\n    node_venv_lib_python3_12_site-packages_PyQt6_Qt6_qml --> node_venv_lib_python3_12_site-packages_PyQt6_Qt6_qml_QtQuick3D["QtQuick3D"]\n    node_venv_lib_python3_12_site-packages_PyQt6_Qt6_qml_QtQuick3D --> node_venv_lib_python3_12_site-packages_PyQt6_Qt6_qml_QtQuick3D_designer["designer"]\n    node_venv_lib_python3_12_site-packages_PyQt6_Qt6_qml_QtQuick3D_designer --> node_venv_lib_python3_12_site-packages_PyQt6_Qt6_qml_QtQuick3D_designer_images["images"]\n    node_venv_lib_python3_12_site-packages_PyQt6_Qt6_qml_QtQuick3D_designer_images --> node_venv_lib_python3_12_site-packages_PyQt6_Qt6_qml_QtQuick3D_designer_images_scene_png["scene.png"]\n    Root --> node_venv["venv"]\n    node_venv --> node_venv_lib["lib"]\n    node_venv_lib --> node_venv_lib_python3_12["python3.12"]\n    node_venv_lib_python3_12 --> node_venv_lib_python3_12_site-packages["site-packages"]\n    node_venv_lib_python3_12_site-packages --> node_venv_lib_python3_12_site-packages_PyQt6["PyQt6"]\n    node_venv_lib_python3_12_site-packages_PyQt6 --> node_venv_lib_python3_12_site-packages_PyQt6_Qt6["Qt6"]\n    node_venv_lib_python3_12_site-packages_PyQt6_Qt6 --> node_venv_lib_python3_12_site-packages_PyQt6_Qt6_qml["qml"]\n    node_venv_lib_python3_12_site-packages_PyQt6_Qt6_qml --> node_venv_lib_python3_12_site-packages_PyQt6_Qt6_qml_QtQuick3D["QtQuick3D"]\n    node_venv_lib_python3_12_site-packages_PyQt6_Qt6_qml_QtQuick3D --> node_venv_lib_python3_12_site-packages_PyQt6_Qt6_qml_QtQuick3D_designer["designer"]\n    node_venv_lib_python3_12_site-packages_PyQt6_Qt6_qml_QtQuick3D_designer --> node_venv_lib_python3_12_site-packages_PyQt6_Qt6_qml_QtQuick3D_designer_images["images"]\n    node_venv_lib_python3_12_site-packages_PyQt6_Qt6_qml_QtQuick3D_designer_images --> node_venv_lib_python3_12_site-packages_PyQt6_Qt6_qml_QtQuick3D_designer_images_scene16_png["scene16.png"]\n    Root --> node_venv["venv"]\n    node_venv --> node_venv_lib["lib"]\n    node_venv_lib --> node_venv_lib_python3_12["python3.12"]\n    node_venv_lib_python3_12 --> node_venv_lib_python3_12_site-packages["site-packages"]\n    node_venv_lib_python3_12_site-packages --> node_venv_lib_python3_12_site-packages_PyQt6["PyQt6"]\n    node_venv_lib_python3_12_site-packages_PyQt6 --> node_venv_lib_python3_12_site-packages_PyQt6_Qt6["Qt6"]\n    node_venv_lib_python3_12_site-packages_PyQt6_Qt6 --> node_venv_lib_python3_12_site-packages_PyQt6_Qt6_qml["qml"]\n    node_venv_lib_python3_12_site-packages_PyQt6_Qt6_qml --> node_venv_lib_python3_12_site-packages_PyQt6_Qt6_qml_QtQuick3D["QtQuick3D"]\n    node_venv_lib_python3_12_site-packages_PyQt6_Qt6_qml_QtQuick3D --> node_venv_lib_python3_12_site-packages_PyQt6_Qt6_qml_QtQuick3D_designer["designer"]\n    node_venv_lib_python3_12_site-packages_PyQt6_Qt6_qml_QtQuick3D_designer --> node_venv_lib_python3_12_site-packages_PyQt6_Qt6_qml_QtQuick3D_designer_images["images"]\n    node_venv_lib_python3_12_site-packages_PyQt6_Qt6_qml_QtQuick3D_designer_images --> node_venv_lib_python3_12_site-packages_PyQt6_Qt6_qml_QtQuick3D_designer_images_scene@2x_png["scene@2x.png"]\n    Root --> node_venv["venv"]\n    node_venv --> node_venv_lib["lib"]\n    node_venv_lib --> node_venv_lib_python3_12["python3.12"]\n    node_venv_lib_python3_12 --> node_venv_lib_python3_12_site-packages["site-packages"]\n    node_venv_lib_python3_12_site-packages --> node_venv_lib_python3_12_site-packages_PyQt6["PyQt6"]\n    node_venv_lib_python3_12_site-packages_PyQt6 --> node_venv_lib_python3_12_site-packages_PyQt6_Qt6["Qt6"]\n    node_venv_lib_python3_12_site-packages_PyQt6_Qt6 --> node_venv_lib_python3_12_site-packages_PyQt6_Qt6_qml["qml"]\n    node_venv_lib_python3_12_site-packages_PyQt6_Qt6_qml --> node_venv_lib_python3_12_site-packages_PyQt6_Qt6_qml_QtQuick3D["QtQuick3D"]\n    node_venv_lib_python3_12_site-packages_PyQt6_Qt6_qml_QtQuick3D --> node_venv_lib_python3_12_site-packages_PyQt6_Qt6_qml_QtQuick3D_designer["designer"]\n    node_venv_lib_python3_12_site-packages_PyQt6_Qt6_qml_QtQuick3D_designer --> node_venv_lib_python3_12_site-packages_PyQt6_Qt6_qml_QtQuick3D_designer_images["images"]\n    node_venv_lib_python3_12_site-packages_PyQt6_Qt6_qml_QtQuick3D_designer_images --> node_venv_lib_python3_12_site-packages_PyQt6_Qt6_qml_QtQuick3D_designer_images_shadercommand_png["shadercommand.png"]\n    Root --> node_venv["venv"]\n    node_venv --> node_venv_lib["lib"]\n    node_venv_lib --> node_venv_lib_python3_12["python3.12"]\n    node_venv_lib_python3_12 --> node_venv_lib_python3_12_site-packages["site-packages"]\n    node_venv_lib_python3_12_site-packages --> node_venv_lib_python3_12_site-packages_PyQt6["PyQt6"]\n    node_venv_lib_python3_12_site-packages_PyQt6 --> node_venv_lib_python3_12_site-packages_PyQt6_Qt6["Qt6"]\n    node_venv_lib_python3_12_site-packages_PyQt6_Qt6 --> node_venv_lib_python3_12_site-packages_PyQt6_Qt6_qml["qml"]\n    node_venv_lib_python3_12_site-packages_PyQt6_Qt6_qml --> node_venv_lib_python3_12_site-packages_PyQt6_Qt6_qml_QtQuick3D["QtQuick3D"]\n    node_venv_lib_python3_12_site-packages_PyQt6_Qt6_qml_QtQuick3D --> node_venv_lib_python3_12_site-packages_PyQt6_Qt6_qml_QtQuick3D_designer["designer"]\n    node_venv_lib_python3_12_site-packages_PyQt6_Qt6_qml_QtQuick3D_designer --> node_venv_lib_python3_12_site-packages_PyQt6_Qt6_qml_QtQuick3D_designer_images["images"]\n    node_venv_lib_python3_12_site-packages_PyQt6_Qt6_qml_QtQuick3D_designer_images --> node_venv_lib_python3_12_site-packages_PyQt6_Qt6_qml_QtQuick3D_designer_images_shadercommand16_png["shadercommand16.png"]\n    Root --> node_venv["venv"]\n    node_venv --> node_venv_lib["lib"]\n    node_venv_lib --> node_venv_lib_python3_12["python3.12"]\n    node_venv_lib_python3_12 --> node_venv_lib_python3_12_site-packages["site-packages"]\n    node_venv_lib_python3_12_site-packages --> node_venv_lib_python3_12_site-packages_PyQt6["PyQt6"]\n    node_venv_lib_python3_12_site-packages_PyQt6 --> node_venv_lib_python3_12_site-packages_PyQt6_Qt6["Qt6"]\n    node_venv_lib_python3_12_site-packages_PyQt6_Qt6 --> node_venv_lib_python3_12_site-packages_PyQt6_Qt6_qml["qml"]\n    node_venv_lib_python3_12_site-packages_PyQt6_Qt6_qml --> node_venv_lib_python3_12_site-packages_PyQt6_Qt6_qml_QtQuick3D["QtQuick3D"]\n    node_venv_lib_python3_12_site-packages_PyQt6_Qt6_qml_QtQuick3D --> node_venv_lib_python3_12_site-packages_PyQt6_Qt6_qml_QtQuick3D_designer["designer"]\n    node_venv_lib_python3_12_site-packages_PyQt6_Qt6_qml_QtQuick3D_designer --> node_venv_lib_python3_12_site-packages_PyQt6_Qt6_qml_QtQuick3D_designer_images["images"]\n    node_venv_lib_python3_12_site-packages_PyQt6_Qt6_qml_QtQuick3D_designer_images --> node_venv_lib_python3_12_site-packages_PyQt6_Qt6_qml_QtQuick3D_designer_images_shadercommand@2x_png["shadercommand@2x.png"]\n    Root --> node_venv["venv"]\n    node_venv --> node_venv_lib["lib"]\n    node_venv_lib --> node_venv_lib_python3_12["python3.12"]\n    node_venv_lib_python3_12 --> node_venv_lib_python3_12_site-packages["site-packages"]\n    node_venv_lib_python3_12_site-packages --> node_venv_lib_python3_12_site-packages_PyQt6["PyQt6"]\n    node_venv_lib_python3_12_site-packages_PyQt6 --> node_venv_lib_python3_12_site-packages_PyQt6_Qt6["Qt6"]\n    node_venv_lib_python3_12_site-packages_PyQt6_Qt6 --> node_venv_lib_python3_12_site-packages_PyQt6_Qt6_qml["qml"]\n    node_venv_lib_python3_12_site-packages_PyQt6_Qt6_qml --> node_venv_lib_python3_12_site-packages_PyQt6_Qt6_qml_QtQuick3D["QtQuick3D"]\n    node_venv_lib_python3_12_site-packages_PyQt6_Qt6_qml_QtQuick3D --> node_venv_lib_python3_12_site-packages_PyQt6_Qt6_qml_QtQuick3D_designer["designer"]\n    node_venv_lib_python3_12_site-packages_PyQt6_Qt6_qml_QtQuick3D_designer --> node_venv_lib_python3_12_site-packages_PyQt6_Qt6_qml_QtQuick3D_designer_images["images"]\n    node_venv_lib_python3_12_site-packages_PyQt6_Qt6_qml_QtQuick3D_designer_images --> node_venv_lib_python3_12_site-packages_PyQt6_Qt6_qml_QtQuick3D_designer_images_shaderutil_png["shaderutil.png"]\n    Root --> node_venv["venv"]\n    node_venv --> node_venv_lib["lib"]\n    node_venv_lib --> node_venv_lib_python3_12["python3.12"]\n    node_venv_lib_python3_12 --> node_venv_lib_python3_12_site-packages["site-packages"]\n    node_venv_lib_python3_12_site-packages --> node_venv_lib_python3_12_site-packages_PyQt6["PyQt6"]\n    node_venv_lib_python3_12_site-packages_PyQt6 --> node_venv_lib_python3_12_site-packages_PyQt6_Qt6["Qt6"]\n    node_venv_lib_python3_12_site-packages_PyQt6_Qt6 --> node_venv_lib_python3_12_site-packages_PyQt6_Qt6_qml["qml"]\n    node_venv_lib_python3_12_site-packages_PyQt6_Qt6_qml --> node_venv_lib_python3_12_site-packages_PyQt6_Qt6_qml_QtQuick3D["QtQuick3D"]\n    node_venv_lib_python3_12_site-packages_PyQt6_Qt6_qml_QtQuick3D --> node_venv_lib_python3_12_site-packages_PyQt6_Qt6_qml_QtQuick3D_designer["designer"]\n    node_venv_lib_python3_12_site-packages_PyQt6_Qt6_qml_QtQuick3D_designer --> node_venv_lib_python3_12_site-packages_PyQt6_Qt6_qml_QtQuick3D_designer_images["images"]\n    node_venv_lib_python3_12_site-packages_PyQt6_Qt6_qml_QtQuick3D_designer_images --> node_venv_lib_python3_12_site-packages_PyQt6_Qt6_qml_QtQuick3D_designer_images_shaderutil16_png["shaderutil16.png"]\n    Root --> node_venv["venv"]\n    node_venv --> node_venv_lib["lib"]\n    node_venv_lib --> node_venv_lib_python3_12["python3.12"]\n    node_venv_lib_python3_12 --> node_venv_lib_python3_12_site-packages["site-packages"]\n    node_venv_lib_python3_12_site-packages --> node_venv_lib_python3_12_site-packages_PyQt6["PyQt6"]\n    node_venv_lib_python3_12_site-packages_PyQt6 --> node_venv_lib_python3_12_site-packages_PyQt6_Qt6["Qt6"]\n    node_venv_lib_python3_12_site-packages_PyQt6_Qt6 --> node_venv_lib_python3_12_site-packages_PyQt6_Qt6_qml["qml"]\n    node_venv_lib_python3_12_site-packages_PyQt6_Qt6_qml --> node_venv_lib_python3_12_site-packages_PyQt6_Qt6_qml_QtQuick3D["QtQuick3D"]\n    node_venv_lib_python3_12_site-packages_PyQt6_Qt6_qml_QtQuick3D --> node_venv_lib_python3_12_site-packages_PyQt6_Qt6_qml_QtQuick3D_designer["designer"]\n    node_venv_lib_python3_12_site-packages_PyQt6_Qt6_qml_QtQuick3D_designer --> node_venv_lib_python3_12_site-packages_PyQt6_Qt6_qml_QtQuick3D_designer_images["images"]\n    node_venv_lib_python3_12_site-packages_PyQt6_Qt6_qml_QtQuick3D_designer_images --> node_venv_lib_python3_12_site-packages_PyQt6_Qt6_qml_QtQuick3D_designer_images_shaderutil@2x_png["shaderutil@2x.png"]\n    Root --> node_venv["venv"]\n    node_venv --> node_venv_lib["lib"]\n    node_venv_lib --> node_venv_lib_python3_12["python3.12"]\n    node_venv_lib_python3_12 --> node_venv_lib_python3_12_site-packages["site-packages"]\n    node_venv_lib_python3_12_site-packages --> node_venv_lib_python3_12_site-packages_PyQt6["PyQt6"]\n    node_venv_lib_python3_12_site-packages_PyQt6 --> node_venv_lib_python3_12_site-packages_PyQt6_Qt6["Qt6"]\n    node_venv_lib_python3_12_site-packages_PyQt6_Qt6 --> node_venv_lib_python3_12_site-packages_PyQt6_Qt6_qml["qml"]\n    node_venv_lib_python3_12_site-packages_PyQt6_Qt6_qml --> node_venv_lib_python3_12_site-packages_PyQt6_Qt6_qml_QtQuick3D["QtQuick3D"]\n    node_venv_lib_python3_12_site-packages_PyQt6_Qt6_qml_QtQuick3D --> node_venv_lib_python3_12_site-packages_PyQt6_Qt6_qml_QtQuick3D_designer["designer"]\n    node_venv_lib_python3_12_site-packages_PyQt6_Qt6_qml_QtQuick3D_designer --> node_venv_lib_python3_12_site-packages_PyQt6_Qt6_qml_QtQuick3D_designer_images["images"]\n    node_venv_lib_python3_12_site-packages_PyQt6_Qt6_qml_QtQuick3D_designer_images --> node_venv_lib_python3_12_site-packages_PyQt6_Qt6_qml_QtQuick3D_designer_images_skeleton_png["skeleton.png"]\n    Root --> node_venv["venv"]\n    node_venv --> node_venv_lib["lib"]\n    node_venv_lib --> node_venv_lib_python3_12["python3.12"]\n    node_venv_lib_python3_12 --> node_venv_lib_python3_12_site-packages["site-packages"]\n    node_venv_lib_python3_12_site-packages --> node_venv_lib_python3_12_site-packages_PyQt6["PyQt6"]\n    node_venv_lib_python3_12_site-packages_PyQt6 --> node_venv_lib_python3_12_site-packages_PyQt6_Qt6["Qt6"]\n    node_venv_lib_python3_12_site-packages_PyQt6_Qt6 --> node_venv_lib_python3_12_site-packages_PyQt6_Qt6_qml["qml"]\n    node_venv_lib_python3_12_site-packages_PyQt6_Qt6_qml --> node_venv_lib_python3_12_site-packages_PyQt6_Qt6_qml_QtQuick3D["QtQuick3D"]\n    node_venv_lib_python3_12_site-packages_PyQt6_Qt6_qml_QtQuick3D --> node_venv_lib_python3_12_site-packages_PyQt6_Qt6_qml_QtQuick3D_designer["designer"]\n    node_venv_lib_python3_12_site-packages_PyQt6_Qt6_qml_QtQuick3D_designer --> node_venv_lib_python3_12_site-packages_PyQt6_Qt6_qml_QtQuick3D_designer_images["images"]\n    node_venv_lib_python3_12_site-packages_PyQt6_Qt6_qml_QtQuick3D_designer_images --> node_venv_lib_python3_12_site-packages_PyQt6_Qt6_qml_QtQuick3D_designer_images_skeleton16_png["skeleton16.png"]\n    Root --> node_venv["venv"]\n    node_venv --> node_venv_lib["lib"]\n    node_venv_lib --> node_venv_lib_python3_12["python3.12"]\n    node_venv_lib_python3_12 --> node_venv_lib_python3_12_site-packages["site-packages"]\n    node_venv_lib_python3_12_site-packages --> node_venv_lib_python3_12_site-packages_PyQt6["PyQt6"]\n    node_venv_lib_python3_12_site-packages_PyQt6 --> node_venv_lib_python3_12_site-packages_PyQt6_Qt6["Qt6"]\n    node_venv_lib_python3_12_site-packages_PyQt6_Qt6 --> node_venv_lib_python3_12_site-packages_PyQt6_Qt6_qml["qml"]\n    node_venv_lib_python3_12_site-packages_PyQt6_Qt6_qml --> node_venv_lib_python3_12_site-packages_PyQt6_Qt6_qml_QtQuick3D["QtQuick3D"]\n    node_venv_lib_python3_12_site-packages_PyQt6_Qt6_qml_QtQuick3D --> node_venv_lib_python3_12_site-packages_PyQt6_Qt6_qml_QtQuick3D_designer["designer"]\n    node_venv_lib_python3_12_site-packages_PyQt6_Qt6_qml_QtQuick3D_designer --> node_venv_lib_python3_12_site-packages_PyQt6_Qt6_qml_QtQuick3D_designer_images["images"]\n    node_venv_lib_python3_12_site-packages_PyQt6_Qt6_qml_QtQuick3D_designer_images --> node_venv_lib_python3_12_site-packages_PyQt6_Qt6_qml_QtQuick3D_designer_images_skeleton@2x_png["skeleton@2x.png"]\n    Root --> node_venv["venv"]\n    node_venv --> node_venv_lib["lib"]\n    node_venv_lib --> node_venv_lib_python3_12["python3.12"]\n    node_venv_lib_python3_12 --> node_venv_lib_python3_12_site-packages["site-packages"]\n    node_venv_lib_python3_12_site-packages --> node_venv_lib_python3_12_site-packages_PyQt6["PyQt6"]\n    node_venv_lib_python3_12_site-packages_PyQt6 --> node_venv_lib_python3_12_site-packages_PyQt6_Qt6["Qt6"]\n    node_venv_lib_python3_12_site-packages_PyQt6_Qt6 --> node_venv_lib_python3_12_site-packages_PyQt6_Qt6_qml["qml"]\n    node_venv_lib_python3_12_site-packages_PyQt6_Qt6_qml --> node_venv_lib_python3_12_site-packages_PyQt6_Qt6_qml_QtQuick3D["QtQuick3D"]\n    node_venv_lib_python3_12_site-packages_PyQt6_Qt6_qml_QtQuick3D --> node_venv_lib_python3_12_site-packages_PyQt6_Qt6_qml_QtQuick3D_designer["designer"]\n    node_venv_lib_python3_12_site-packages_PyQt6_Qt6_qml_QtQuick3D_designer --> node_venv_lib_python3_12_site-packages_PyQt6_Qt6_qml_QtQuick3D_designer_images["images"]\n    node_venv_lib_python3_12_site-packages_PyQt6_Qt6_qml_QtQuick3D_designer_images --> node_venv_lib_python3_12_site-packages_PyQt6_Qt6_qml_QtQuick3D_designer_images_skin_png["skin.png"]\n    Root --> node_venv["venv"]\n    node_venv --> node_venv_lib["lib"]\n    node_venv_lib --> node_venv_lib_python3_12["python3.12"]\n    node_venv_lib_python3_12 --> node_venv_lib_python3_12_site-packages["site-packages"]\n    node_venv_lib_python3_12_site-packages --> node_venv_lib_python3_12_site-packages_PyQt6["PyQt6"]\n    node_venv_lib_python3_12_site-packages_PyQt6 --> node_venv_lib_python3_12_site-packages_PyQt6_Qt6["Qt6"]\n    node_venv_lib_python3_12_site-packages_PyQt6_Qt6 --> node_venv_lib_python3_12_site-packages_PyQt6_Qt6_qml["qml"]\n    node_venv_lib_python3_12_site-packages_PyQt6_Qt6_qml --> node_venv_lib_python3_12_site-packages_PyQt6_Qt6_qml_QtQuick3D["QtQuick3D"]\n    node_venv_lib_python3_12_site-packages_PyQt6_Qt6_qml_QtQuick3D --> node_venv_lib_python3_12_site-packages_PyQt6_Qt6_qml_QtQuick3D_designer["designer"]\n    node_venv_lib_python3_12_site-packages_PyQt6_Qt6_qml_QtQuick3D_designer --> node_venv_lib_python3_12_site-packages_PyQt6_Qt6_qml_QtQuick3D_designer_images["images"]\n    node_venv_lib_python3_12_site-packages_PyQt6_Qt6_qml_QtQuick3D_designer_images --> node_venv_lib_python3_12_site-packages_PyQt6_Qt6_qml_QtQuick3D_designer_images_skin16_png["skin16.png"]\n    Root --> node_venv["venv"]\n    node_venv --> node_venv_lib["lib"]\n    node_venv_lib --> node_venv_lib_python3_12["python3.12"]\n    node_venv_lib_python3_12 --> node_venv_lib_python3_12_site-packages["site-packages"]\n    node_venv_lib_python3_12_site-packages --> node_venv_lib_python3_12_site-packages_PyQt6["PyQt6"]\n    node_venv_lib_python3_12_site-packages_PyQt6 --> node_venv_lib_python3_12_site-packages_PyQt6_Qt6["Qt6"]\n    node_venv_lib_python3_12_site-packages_PyQt6_Qt6 --> node_venv_lib_python3_12_site-packages_PyQt6_Qt6_qml["qml"]\n    node_venv_lib_python3_12_site-packages_PyQt6_Qt6_qml --> node_venv_lib_python3_12_site-packages_PyQt6_Qt6_qml_QtQuick3D["QtQuick3D"]\n    node_venv_lib_python3_12_site-packages_PyQt6_Qt6_qml_QtQuick3D --> node_venv_lib_python3_12_site-packages_PyQt6_Qt6_qml_QtQuick3D_designer["designer"]\n    node_venv_lib_python3_12_site-packages_PyQt6_Qt6_qml_QtQuick3D_designer --> node_venv_lib_python3_12_site-packages_PyQt6_Qt6_qml_QtQuick3D_designer_images["images"]\n    node_venv_lib_python3_12_site-packages_PyQt6_Qt6_qml_QtQuick3D_designer_images --> node_venv_lib_python3_12_site-packages_PyQt6_Qt6_qml_QtQuick3D_designer_images_skin@2x_png["skin@2x.png"]\n    Root --> node_venv["venv"]\n    node_venv --> node_venv_lib["lib"]\n    node_venv_lib --> node_venv_lib_python3_12["python3.12"]\n    node_venv_lib_python3_12 --> node_venv_lib_python3_12_site-packages["site-packages"]\n    node_venv_lib_python3_12_site-packages --> node_venv_lib_python3_12_site-packages_PyQt6["PyQt6"]\n    node_venv_lib_python3_12_site-packages_PyQt6 --> node_venv_lib_python3_12_site-packages_PyQt6_Qt6["Qt6"]\n    node_venv_lib_python3_12_site-packages_PyQt6_Qt6 --> node_venv_lib_python3_12_site-packages_PyQt6_Qt6_qml["qml"]\n    node_venv_lib_python3_12_site-packages_PyQt6_Qt6_qml --> node_venv_lib_python3_12_site-packages_PyQt6_Qt6_qml_QtQuick3D["QtQuick3D"]\n    node_venv_lib_python3_12_site-packages_PyQt6_Qt6_qml_QtQuick3D --> node_venv_lib_python3_12_site-packages_PyQt6_Qt6_qml_QtQuick3D_designer["designer"]\n    node_venv_lib_python3_12_site-packages_PyQt6_Qt6_qml_QtQuick3D_designer --> node_venv_lib_python3_12_site-packages_PyQt6_Qt6_qml_QtQuick3D_designer_images["images"]\n    node_venv_lib_python3_12_site-packages_PyQt6_Qt6_qml_QtQuick3D_designer_images --> node_venv_lib_python3_12_site-packages_PyQt6_Qt6_qml_QtQuick3D_designer_images_sphere_png["sphere.png"]\n    Root --> node_venv["venv"]\n    node_venv --> node_venv_lib["lib"]\n    node_venv_lib --> node_venv_lib_python3_12["python3.12"]\n    node_venv_lib_python3_12 --> node_venv_lib_python3_12_site-packages["site-packages"]\n    node_venv_lib_python3_12_site-packages --> node_venv_lib_python3_12_site-packages_PyQt6["PyQt6"]\n    node_venv_lib_python3_12_site-packages_PyQt6 --> node_venv_lib_python3_12_site-packages_PyQt6_Qt6["Qt6"]\n    node_venv_lib_python3_12_site-packages_PyQt6_Qt6 --> node_venv_lib_python3_12_site-packages_PyQt6_Qt6_qml["qml"]\n    node_venv_lib_python3_12_site-packages_PyQt6_Qt6_qml --> node_venv_lib_python3_12_site-packages_PyQt6_Qt6_qml_QtQuick3D["QtQuick3D"]\n    node_venv_lib_python3_12_site-packages_PyQt6_Qt6_qml_QtQuick3D --> node_venv_lib_python3_12_site-packages_PyQt6_Qt6_qml_QtQuick3D_designer["designer"]\n    node_venv_lib_python3_12_site-packages_PyQt6_Qt6_qml_QtQuick3D_designer --> node_venv_lib_python3_12_site-packages_PyQt6_Qt6_qml_QtQuick3D_designer_images["images"]\n    node_venv_lib_python3_12_site-packages_PyQt6_Qt6_qml_QtQuick3D_designer_images --> node_venv_lib_python3_12_site-packages_PyQt6_Qt6_qml_QtQuick3D_designer_images_sphere16_png["sphere16.png"]\n    Root --> node_venv["venv"]\n    node_venv --> node_venv_lib["lib"]\n    node_venv_lib --> node_venv_lib_python3_12["python3.12"]\n    node_venv_lib_python3_12 --> node_venv_lib_python3_12_site-packages["site-packages"]\n    node_venv_lib_python3_12_site-packages --> node_venv_lib_python3_12_site-packages_PyQt6["PyQt6"]\n    node_venv_lib_python3_12_site-packages_PyQt6 --> node_venv_lib_python3_12_site-packages_PyQt6_Qt6["Qt6"]\n    node_venv_lib_python3_12_site-packages_PyQt6_Qt6 --> node_venv_lib_python3_12_site-packages_PyQt6_Qt6_qml["qml"]\n    node_venv_lib_python3_12_site-packages_PyQt6_Qt6_qml --> node_venv_lib_python3_12_site-packages_PyQt6_Qt6_qml_QtQuick3D["QtQuick3D"]\n    node_venv_lib_python3_12_site-packages_PyQt6_Qt6_qml_QtQuick3D --> node_venv_lib_python3_12_site-packages_PyQt6_Qt6_qml_QtQuick3D_designer["designer"]\n    node_venv_lib_python3_12_site-packages_PyQt6_Qt6_qml_QtQuick3D_designer --> node_venv_lib_python3_12_site-packages_PyQt6_Qt6_qml_QtQuick3D_designer_images["images"]\n    node_venv_lib_python3_12_site-packages_PyQt6_Qt6_qml_QtQuick3D_designer_images --> node_venv_lib_python3_12_site-packages_PyQt6_Qt6_qml_QtQuick3D_designer_images_sphere@2x_png["sphere@2x.png"]\n    Root --> node_venv["venv"]\n    node_venv --> node_venv_lib["lib"]\n    node_venv_lib --> node_venv_lib_python3_12["python3.12"]\n    node_venv_lib_python3_12 --> node_venv_lib_python3_12_site-packages["site-packages"]\n    node_venv_lib_python3_12_site-packages --> node_venv_lib_python3_12_site-packages_PyQt6["PyQt6"]\n    node_venv_lib_python3_12_site-packages_PyQt6 --> node_venv_lib_python3_12_site-packages_PyQt6_Qt6["Qt6"]\n    node_venv_lib_python3_12_site-packages_PyQt6_Qt6 --> node_venv_lib_python3_12_site-packages_PyQt6_Qt6_qml["qml"]\n    node_venv_lib_python3_12_site-packages_PyQt6_Qt6_qml --> node_venv_lib_python3_12_site-packages_PyQt6_Qt6_qml_QtQuick3D["QtQuick3D"]\n    node_venv_lib_python3_12_site-packages_PyQt6_Qt6_qml_QtQuick3D --> node_venv_lib_python3_12_site-packages_PyQt6_Qt6_qml_QtQuick3D_designer["designer"]\n    node_venv_lib_python3_12_site-packages_PyQt6_Qt6_qml_QtQuick3D_designer --> node_venv_lib_python3_12_site-packages_PyQt6_Qt6_qml_QtQuick3D_designer_images["images"]\n    node_venv_lib_python3_12_site-packages_PyQt6_Qt6_qml_QtQuick3D_designer_images --> node_venv_lib_python3_12_site-packages_PyQt6_Qt6_qml_QtQuick3D_designer_images_texture_png["texture.png"]\n    Root --> node_venv["venv"]\n    node_venv --> node_venv_lib["lib"]\n    node_venv_lib --> node_venv_lib_python3_12["python3.12"]\n    node_venv_lib_python3_12 --> node_venv_lib_python3_12_site-packages["site-packages"]\n    node_venv_lib_python3_12_site-packages --> node_venv_lib_python3_12_site-packages_PyQt6["PyQt6"]\n    node_venv_lib_python3_12_site-packages_PyQt6 --> node_venv_lib_python3_12_site-packages_PyQt6_Qt6["Qt6"]\n    node_venv_lib_python3_12_site-packages_PyQt6_Qt6 --> node_venv_lib_python3_12_site-packages_PyQt6_Qt6_qml["qml"]\n    node_venv_lib_python3_12_site-packages_PyQt6_Qt6_qml --> node_venv_lib_python3_12_site-packages_PyQt6_Qt6_qml_QtQuick3D["QtQuick3D"]\n    node_venv_lib_python3_12_site-packages_PyQt6_Qt6_qml_QtQuick3D --> node_venv_lib_python3_12_site-packages_PyQt6_Qt6_qml_QtQuick3D_designer["designer"]\n    node_venv_lib_python3_12_site-packages_PyQt6_Qt6_qml_QtQuick3D_designer --> node_venv_lib_python3_12_site-packages_PyQt6_Qt6_qml_QtQuick3D_designer_images["images"]\n    node_venv_lib_python3_12_site-packages_PyQt6_Qt6_qml_QtQuick3D_designer_images --> node_venv_lib_python3_12_site-packages_PyQt6_Qt6_qml_QtQuick3D_designer_images_texture16_png["texture16.png"]\n    Root --> node_venv["venv"]\n    node_venv --> node_venv_lib["lib"]\n    node_venv_lib --> node_venv_lib_python3_12["python3.12"]\n    node_venv_lib_python3_12 --> node_venv_lib_python3_12_site-packages["site-packages"]\n    node_venv_lib_python3_12_site-packages --> node_venv_lib_python3_12_site-packages_PyQt6["PyQt6"]\n    node_venv_lib_python3_12_site-packages_PyQt6 --> node_venv_lib_python3_12_site-packages_PyQt6_Qt6["Qt6"]\n    node_venv_lib_python3_12_site-packages_PyQt6_Qt6 --> node_venv_lib_python3_12_site-packages_PyQt6_Qt6_qml["qml"]\n    node_venv_lib_python3_12_site-packages_PyQt6_Qt6_qml --> node_venv_lib_python3_12_site-packages_PyQt6_Qt6_qml_QtQuick3D["QtQuick3D"]\n    node_venv_lib_python3_12_site-packages_PyQt6_Qt6_qml_QtQuick3D --> node_venv_lib_python3_12_site-packages_PyQt6_Qt6_qml_QtQuick3D_designer["designer"]\n    node_venv_lib_python3_12_site-packages_PyQt6_Qt6_qml_QtQuick3D_designer --> node_venv_lib_python3_12_site-packages_PyQt6_Qt6_qml_QtQuick3D_designer_images["images"]\n    node_venv_lib_python3_12_site-packages_PyQt6_Qt6_qml_QtQuick3D_designer_images --> node_venv_lib_python3_12_site-packages_PyQt6_Qt6_qml_QtQuick3D_designer_images_texture@2x_png["texture@2x.png"]\n    Root --> node_venv["venv"]\n    node_venv --> node_venv_lib["lib"]\n    node_venv_lib --> node_venv_lib_python3_12["python3.12"]\n    node_venv_lib_python3_12 --> node_venv_lib_python3_12_site-packages["site-packages"]\n    node_venv_lib_python3_12_site-packages --> node_venv_lib_python3_12_site-packages_PyQt6["PyQt6"]\n    node_venv_lib_python3_12_site-packages_PyQt6 --> node_venv_lib_python3_12_site-packages_PyQt6_Qt6["Qt6"]\n    node_venv_lib_python3_12_site-packages_PyQt6_Qt6 --> node_venv_lib_python3_12_site-packages_PyQt6_Qt6_qml["qml"]\n    node_venv_lib_python3_12_site-packages_PyQt6_Qt6_qml --> node_venv_lib_python3_12_site-packages_PyQt6_Qt6_qml_QtQuick3D["QtQuick3D"]\n    node_venv_lib_python3_12_site-packages_PyQt6_Qt6_qml_QtQuick3D --> node_venv_lib_python3_12_site-packages_PyQt6_Qt6_qml_QtQuick3D_designer["designer"]\n    node_venv_lib_python3_12_site-packages_PyQt6_Qt6_qml_QtQuick3D_designer --> node_venv_lib_python3_12_site-packages_PyQt6_Qt6_qml_QtQuick3D_designer_images["images"]\n    node_venv_lib_python3_12_site-packages_PyQt6_Qt6_qml_QtQuick3D_designer_images --> node_venv_lib_python3_12_site-packages_PyQt6_Qt6_qml_QtQuick3D_designer_images_view3D_png["view3D.png"]\n    Root --> node_venv["venv"]\n    node_venv --> node_venv_lib["lib"]\n    node_venv_lib --> node_venv_lib_python3_12["python3.12"]\n    node_venv_lib_python3_12 --> node_venv_lib_python3_12_site-packages["site-packages"]\n    node_venv_lib_python3_12_site-packages --> node_venv_lib_python3_12_site-packages_PyQt6["PyQt6"]\n    node_venv_lib_python3_12_site-packages_PyQt6 --> node_venv_lib_python3_12_site-packages_PyQt6_Qt6["Qt6"]\n    node_venv_lib_python3_12_site-packages_PyQt6_Qt6 --> node_venv_lib_python3_12_site-packages_PyQt6_Qt6_qml["qml"]\n    node_venv_lib_python3_12_site-packages_PyQt6_Qt6_qml --> node_venv_lib_python3_12_site-packages_PyQt6_Qt6_qml_QtQuick3D["QtQuick3D"]\n    node_venv_lib_python3_12_site-packages_PyQt6_Qt6_qml_QtQuick3D --> node_venv_lib_python3_12_site-packages_PyQt6_Qt6_qml_QtQuick3D_designer["designer"]\n    node_venv_lib_python3_12_site-packages_PyQt6_Qt6_qml_QtQuick3D_designer --> node_venv_lib_python3_12_site-packages_PyQt6_Qt6_qml_QtQuick3D_designer_images["images"]\n    node_venv_lib_python3_12_site-packages_PyQt6_Qt6_qml_QtQuick3D_designer_images --> node_venv_lib_python3_12_site-packages_PyQt6_Qt6_qml_QtQuick3D_designer_images_view3D16_png["view3D16.png"]\n    Root --> node_venv["venv"]\n    node_venv --> node_venv_lib["lib"]\n    node_venv_lib --> node_venv_lib_python3_12["python3.12"]\n    node_venv_lib_python3_12 --> node_venv_lib_python3_12_site-packages["site-packages"]\n    node_venv_lib_python3_12_site-packages --> node_venv_lib_python3_12_site-packages_PyQt6["PyQt6"]\n    node_venv_lib_python3_12_site-packages_PyQt6 --> node_venv_lib_python3_12_site-packages_PyQt6_Qt6["Qt6"]\n    node_venv_lib_python3_12_site-packages_PyQt6_Qt6 --> node_venv_lib_python3_12_site-packages_PyQt6_Qt6_qml["qml"]\n    node_venv_lib_python3_12_site-packages_PyQt6_Qt6_qml --> node_venv_lib_python3_12_site-packages_PyQt6_Qt6_qml_QtQuick3D["QtQuick3D"]\n    node_venv_lib_python3_12_site-packages_PyQt6_Qt6_qml_QtQuick3D --> node_venv_lib_python3_12_site-packages_PyQt6_Qt6_qml_QtQuick3D_designer["designer"]\n    node_venv_lib_python3_12_site-packages_PyQt6_Qt6_qml_QtQuick3D_designer --> node_venv_lib_python3_12_site-packages_PyQt6_Qt6_qml_QtQuick3D_designer_images["images"]\n    node_venv_lib_python3_12_site-packages_PyQt6_Qt6_qml_QtQuick3D_designer_images --> node_venv_lib_python3_12_site-packages_PyQt6_Qt6_qml_QtQuick3D_designer_images_view3D@2x_png["view3D@2x.png"]\n    Root --> node_venv["venv"]\n    node_venv --> node_venv_lib["lib"]\n    node_venv_lib --> node_venv_lib_python3_12["python3.12"]\n    node_venv_lib_python3_12 --> node_venv_lib_python3_12_site-packages["site-packages"]\n    node_venv_lib_python3_12_site-packages --> node_venv_lib_python3_12_site-packages_PyQt6["PyQt6"]\n    node_venv_lib_python3_12_site-packages_PyQt6 --> node_venv_lib_python3_12_site-packages_PyQt6_Qt6["Qt6"]\n    node_venv_lib_python3_12_site-packages_PyQt6_Qt6 --> node_venv_lib_python3_12_site-packages_PyQt6_Qt6_qml["qml"]\n    node_venv_lib_python3_12_site-packages_PyQt6_Qt6_qml --> node_venv_lib_python3_12_site-packages_PyQt6_Qt6_qml_QtQuick3D["QtQuick3D"]\n    node_venv_lib_python3_12_site-packages_PyQt6_Qt6_qml_QtQuick3D --> node_venv_lib_python3_12_site-packages_PyQt6_Qt6_qml_QtQuick3D_designer["designer"]\n    node_venv_lib_python3_12_site-packages_PyQt6_Qt6_qml_QtQuick3D_designer --> node_venv_lib_python3_12_site-packages_PyQt6_Qt6_qml_QtQuick3D_designer_source["source"]\n    node_venv_lib_python3_12_site-packages_PyQt6_Qt6_qml_QtQuick3D_designer_source --> node_venv_lib_python3_12_site-packages_PyQt6_Qt6_qml_QtQuick3D_designer_source_custom_material_default_shader_frag["custom_material_default_shader.frag"]\n    Root --> node_venv["venv"]\n    node_venv --> node_venv_lib["lib"]\n    node_venv_lib --> node_venv_lib_python3_12["python3.12"]\n    node_venv_lib_python3_12 --> node_venv_lib_python3_12_site-packages["site-packages"]\n    node_venv_lib_python3_12_site-packages --> node_venv_lib_python3_12_site-packages_PyQt6["PyQt6"]\n    node_venv_lib_python3_12_site-packages_PyQt6 --> node_venv_lib_python3_12_site-packages_PyQt6_Qt6["Qt6"]\n    node_venv_lib_python3_12_site-packages_PyQt6_Qt6 --> node_venv_lib_python3_12_site-packages_PyQt6_Qt6_qml["qml"]\n    node_venv_lib_python3_12_site-packages_PyQt6_Qt6_qml --> node_venv_lib_python3_12_site-packages_PyQt6_Qt6_qml_QtQuick3D["QtQuick3D"]\n    node_venv_lib_python3_12_site-packages_PyQt6_Qt6_qml_QtQuick3D --> node_venv_lib_python3_12_site-packages_PyQt6_Qt6_qml_QtQuick3D_designer["designer"]\n    node_venv_lib_python3_12_site-packages_PyQt6_Qt6_qml_QtQuick3D_designer --> node_venv_lib_python3_12_site-packages_PyQt6_Qt6_qml_QtQuick3D_designer_source["source"]\n    node_venv_lib_python3_12_site-packages_PyQt6_Qt6_qml_QtQuick3D_designer_source --> node_venv_lib_python3_12_site-packages_PyQt6_Qt6_qml_QtQuick3D_designer_source_effect_default_shader_frag["effect_default_shader.frag"]\n    Root --> node_venv["venv"]\n    node_venv --> node_venv_lib["lib"]\n    node_venv_lib --> node_venv_lib_python3_12["python3.12"]\n    node_venv_lib_python3_12 --> node_venv_lib_python3_12_site-packages["site-packages"]\n    node_venv_lib_python3_12_site-packages --> node_venv_lib_python3_12_site-packages_PyQt6["PyQt6"]\n    node_venv_lib_python3_12_site-packages_PyQt6 --> node_venv_lib_python3_12_site-packages_PyQt6_Qt6["Qt6"]\n    node_venv_lib_python3_12_site-packages_PyQt6_Qt6 --> node_venv_lib_python3_12_site-packages_PyQt6_Qt6_qml["qml"]\n    node_venv_lib_python3_12_site-packages_PyQt6_Qt6_qml --> node_venv_lib_python3_12_site-packages_PyQt6_Qt6_qml_QtQuick3D["QtQuick3D"]\n    node_venv_lib_python3_12_site-packages_PyQt6_Qt6_qml_QtQuick3D --> node_venv_lib_python3_12_site-packages_PyQt6_Qt6_qml_QtQuick3D_designer["designer"]\n    node_venv_lib_python3_12_site-packages_PyQt6_Qt6_qml_QtQuick3D_designer --> node_venv_lib_python3_12_site-packages_PyQt6_Qt6_qml_QtQuick3D_designer_source["source"]\n    node_venv_lib_python3_12_site-packages_PyQt6_Qt6_qml_QtQuick3D_designer_source --> node_venv_lib_python3_12_site-packages_PyQt6_Qt6_qml_QtQuick3D_designer_source_effect_template_qml["effect_template.qml"]\n    Root --> node_venv["venv"]\n    node_venv --> node_venv_lib["lib"]\n    node_venv_lib --> node_venv_lib_python3_12["python3.12"]\n    node_venv_lib_python3_12 --> node_venv_lib_python3_12_site-packages["site-packages"]\n    node_venv_lib_python3_12_site-packages --> node_venv_lib_python3_12_site-packages_PyQt6["PyQt6"]\n    node_venv_lib_python3_12_site-packages_PyQt6 --> node_venv_lib_python3_12_site-packages_PyQt6_Qt6["Qt6"]\n    node_venv_lib_python3_12_site-packages_PyQt6_Qt6 --> node_venv_lib_python3_12_site-packages_PyQt6_Qt6_qml["qml"]\n    node_venv_lib_python3_12_site-packages_PyQt6_Qt6_qml --> node_venv_lib_python3_12_site-packages_PyQt6_Qt6_qml_QtQuick3D["QtQuick3D"]\n    node_venv_lib_python3_12_site-packages_PyQt6_Qt6_qml_QtQuick3D --> node_venv_lib_python3_12_site-packages_PyQt6_Qt6_qml_QtQuick3D_designer["designer"]\n    node_venv_lib_python3_12_site-packages_PyQt6_Qt6_qml_QtQuick3D_designer --> node_venv_lib_python3_12_site-packages_PyQt6_Qt6_qml_QtQuick3D_designer_source["source"]\n    node_venv_lib_python3_12_site-packages_PyQt6_Qt6_qml_QtQuick3D_designer_source --> node_venv_lib_python3_12_site-packages_PyQt6_Qt6_qml_QtQuick3D_designer_source_view3D_template_qml["view3D_template.qml"]\n    Root --> node_venv["venv"]\n    node_venv --> node_venv_lib["lib"]\n    node_venv_lib --> node_venv_lib_python3_12["python3.12"]\n    node_venv_lib_python3_12 --> node_venv_lib_python3_12_site-packages["site-packages"]\n    node_venv_lib_python3_12_site-packages --> node_venv_lib_python3_12_site-packages_PyQt6["PyQt6"]\n    node_venv_lib_python3_12_site-packages_PyQt6 --> node_venv_lib_python3_12_site-packages_PyQt6_Qt6["Qt6"]\n    node_venv_lib_python3_12_site-packages_PyQt6_Qt6 --> node_venv_lib_python3_12_site-packages_PyQt6_Qt6_qml["qml"]\n    node_venv_lib_python3_12_site-packages_PyQt6_Qt6_qml --> node_venv_lib_python3_12_site-packages_PyQt6_Qt6_qml_QtQuick3D["QtQuick3D"]\n    node_venv_lib_python3_12_site-packages_PyQt6_Qt6_qml_QtQuick3D --> node_venv_lib_python3_12_site-packages_PyQt6_Qt6_qml_QtQuick3D_Particles3D["Particles3D"]\n    node_venv_lib_python3_12_site-packages_PyQt6_Qt6_qml_QtQuick3D_Particles3D --> node_venv_lib_python3_12_site-packages_PyQt6_Qt6_qml_QtQuick3D_Particles3D_libqtquick3dparticles3dplugin_dylib["libqtquick3dparticles3dplugin.dylib"]\n    Root --> node_venv["venv"]\n    node_venv --> node_venv_lib["lib"]\n    node_venv_lib --> node_venv_lib_python3_12["python3.12"]\n    node_venv_lib_python3_12 --> node_venv_lib_python3_12_site-packages["site-packages"]\n    node_venv_lib_python3_12_site-packages --> node_venv_lib_python3_12_site-packages_PyQt6["PyQt6"]\n    node_venv_lib_python3_12_site-packages_PyQt6 --> node_venv_lib_python3_12_site-packages_PyQt6_Qt6["Qt6"]\n    node_venv_lib_python3_12_site-packages_PyQt6_Qt6 --> node_venv_lib_python3_12_site-packages_PyQt6_Qt6_qml["qml"]\n    node_venv_lib_python3_12_site-packages_PyQt6_Qt6_qml --> node_venv_lib_python3_12_site-packages_PyQt6_Qt6_qml_QtQuick3D["QtQuick3D"]\n    node_venv_lib_python3_12_site-packages_PyQt6_Qt6_qml_QtQuick3D --> node_venv_lib_python3_12_site-packages_PyQt6_Qt6_qml_QtQuick3D_Particles3D["Particles3D"]\n    node_venv_lib_python3_12_site-packages_PyQt6_Qt6_qml_QtQuick3D_Particles3D --> node_venv_lib_python3_12_site-packages_PyQt6_Qt6_qml_QtQuick3D_Particles3D_plugins_qmltypes["plugins.qmltypes"]\n    Root --> node_venv["venv"]\n    node_venv --> node_venv_lib["lib"]\n    node_venv_lib --> node_venv_lib_python3_12["python3.12"]\n    node_venv_lib_python3_12 --> node_venv_lib_python3_12_site-packages["site-packages"]\n    node_venv_lib_python3_12_site-packages --> node_venv_lib_python3_12_site-packages_PyQt6["PyQt6"]\n    node_venv_lib_python3_12_site-packages_PyQt6 --> node_venv_lib_python3_12_site-packages_PyQt6_Qt6["Qt6"]\n    node_venv_lib_python3_12_site-packages_PyQt6_Qt6 --> node_venv_lib_python3_12_site-packages_PyQt6_Qt6_qml["qml"]\n    node_venv_lib_python3_12_site-packages_PyQt6_Qt6_qml --> node_venv_lib_python3_12_site-packages_PyQt6_Qt6_qml_QtQuick3D["QtQuick3D"]\n    node_venv_lib_python3_12_site-packages_PyQt6_Qt6_qml_QtQuick3D --> node_venv_lib_python3_12_site-packages_PyQt6_Qt6_qml_QtQuick3D_Particles3D["Particles3D"]\n    node_venv_lib_python3_12_site-packages_PyQt6_Qt6_qml_QtQuick3D_Particles3D --> node_venv_lib_python3_12_site-packages_PyQt6_Qt6_qml_QtQuick3D_Particles3D_qmldir["qmldir"]\n    Root --> node_venv["venv"]\n    node_venv --> node_venv_lib["lib"]\n    node_venv_lib --> node_venv_lib_python3_12["python3.12"]\n    node_venv_lib_python3_12 --> node_venv_lib_python3_12_site-packages["site-packages"]\n    node_venv_lib_python3_12_site-packages --> node_venv_lib_python3_12_site-packages_PyQt6["PyQt6"]\n    node_venv_lib_python3_12_site-packages_PyQt6 --> node_venv_lib_python3_12_site-packages_PyQt6_Qt6["Qt6"]\n    node_venv_lib_python3_12_site-packages_PyQt6_Qt6 --> node_venv_lib_python3_12_site-packages_PyQt6_Qt6_qml["qml"]\n    node_venv_lib_python3_12_site-packages_PyQt6_Qt6_qml --> node_venv_lib_python3_12_site-packages_PyQt6_Qt6_qml_QtQuick3D["QtQuick3D"]\n    node_venv_lib_python3_12_site-packages_PyQt6_Qt6_qml_QtQuick3D --> node_venv_lib_python3_12_site-packages_PyQt6_Qt6_qml_QtQuick3D_Particles3D["Particles3D"]\n    node_venv_lib_python3_12_site-packages_PyQt6_Qt6_qml_QtQuick3D_Particles3D --> node_venv_lib_python3_12_site-packages_PyQt6_Qt6_qml_QtQuick3D_Particles3D_designer["designer"]\n    node_venv_lib_python3_12_site-packages_PyQt6_Qt6_qml_QtQuick3D_Particles3D_designer --> node_venv_lib_python3_12_site-packages_PyQt6_Qt6_qml_QtQuick3D_Particles3D_designer_Affector3DSection_qml["Affector3DSection.qml"]\n    Root --> node_venv["venv"]\n    node_venv --> node_venv_lib["lib"]\n    node_venv_lib --> node_venv_lib_python3_12["python3.12"]\n    node_venv_lib_python3_12 --> node_venv_lib_python3_12_site-packages["site-packages"]\n    node_venv_lib_python3_12_site-packages --> node_venv_lib_python3_12_site-packages_PyQt6["PyQt6"]\n    node_venv_lib_python3_12_site-packages_PyQt6 --> node_venv_lib_python3_12_site-packages_PyQt6_Qt6["Qt6"]\n    node_venv_lib_python3_12_site-packages_PyQt6_Qt6 --> node_venv_lib_python3_12_site-packages_PyQt6_Qt6_qml["qml"]\n    node_venv_lib_python3_12_site-packages_PyQt6_Qt6_qml --> node_venv_lib_python3_12_site-packages_PyQt6_Qt6_qml_QtQuick3D["QtQuick3D"]\n    node_venv_lib_python3_12_site-packages_PyQt6_Qt6_qml_QtQuick3D --> node_venv_lib_python3_12_site-packages_PyQt6_Qt6_qml_QtQuick3D_Particles3D["Particles3D"]\n    node_venv_lib_python3_12_site-packages_PyQt6_Qt6_qml_QtQuick3D_Particles3D --> node_venv_lib_python3_12_site-packages_PyQt6_Qt6_qml_QtQuick3D_Particles3D_designer["designer"]\n    node_venv_lib_python3_12_site-packages_PyQt6_Qt6_qml_QtQuick3D_Particles3D_designer --> node_venv_lib_python3_12_site-packages_PyQt6_Qt6_qml_QtQuick3D_Particles3D_designer_Affector3DSpecifics_qml["Affector3DSpecifics.qml"]\n    Root --> node_venv["venv"]\n    node_venv --> node_venv_lib["lib"]\n    node_venv_lib --> node_venv_lib_python3_12["python3.12"]\n    node_venv_lib_python3_12 --> node_venv_lib_python3_12_site-packages["site-packages"]\n    node_venv_lib_python3_12_site-packages --> node_venv_lib_python3_12_site-packages_PyQt6["PyQt6"]\n    node_venv_lib_python3_12_site-packages_PyQt6 --> node_venv_lib_python3_12_site-packages_PyQt6_Qt6["Qt6"]\n    node_venv_lib_python3_12_site-packages_PyQt6_Qt6 --> node_venv_lib_python3_12_site-packages_PyQt6_Qt6_qml["qml"]\n    node_venv_lib_python3_12_site-packages_PyQt6_Qt6_qml --> node_venv_lib_python3_12_site-packages_PyQt6_Qt6_qml_QtQuick3D["QtQuick3D"]\n    node_venv_lib_python3_12_site-packages_PyQt6_Qt6_qml_QtQuick3D --> node_venv_lib_python3_12_site-packages_PyQt6_Qt6_qml_QtQuick3D_Particles3D["Particles3D"]\n    node_venv_lib_python3_12_site-packages_PyQt6_Qt6_qml_QtQuick3D_Particles3D --> node_venv_lib_python3_12_site-packages_PyQt6_Qt6_qml_QtQuick3D_Particles3D_designer["designer"]\n    node_venv_lib_python3_12_site-packages_PyQt6_Qt6_qml_QtQuick3D_Particles3D_designer --> node_venv_lib_python3_12_site-packages_PyQt6_Qt6_qml_QtQuick3D_Particles3D_designer_Attractor3DSection_qml["Attractor3DSection.qml"]\n    Root --> node_venv["venv"]\n    node_venv --> node_venv_lib["lib"]\n    node_venv_lib --> node_venv_lib_python3_12["python3.12"]\n    node_venv_lib_python3_12 --> node_venv_lib_python3_12_site-packages["site-packages"]\n    node_venv_lib_python3_12_site-packages --> node_venv_lib_python3_12_site-packages_PyQt6["PyQt6"]\n    node_venv_lib_python3_12_site-packages_PyQt6 --> node_venv_lib_python3_12_site-packages_PyQt6_Qt6["Qt6"]\n    node_venv_lib_python3_12_site-packages_PyQt6_Qt6 --> node_venv_lib_python3_12_site-packages_PyQt6_Qt6_qml["qml"]\n    node_venv_lib_python3_12_site-packages_PyQt6_Qt6_qml --> node_venv_lib_python3_12_site-packages_PyQt6_Qt6_qml_QtQuick3D["QtQuick3D"]\n    node_venv_lib_python3_12_site-packages_PyQt6_Qt6_qml_QtQuick3D --> node_venv_lib_python3_12_site-packages_PyQt6_Qt6_qml_QtQuick3D_Particles3D["Particles3D"]\n    node_venv_lib_python3_12_site-packages_PyQt6_Qt6_qml_QtQuick3D_Particles3D --> node_venv_lib_python3_12_site-packages_PyQt6_Qt6_qml_QtQuick3D_Particles3D_designer["designer"]\n    node_venv_lib_python3_12_site-packages_PyQt6_Qt6_qml_QtQuick3D_Particles3D_designer --> node_venv_lib_python3_12_site-packages_PyQt6_Qt6_qml_QtQuick3D_Particles3D_designer_Attractor3DSpecifics_qml["Attractor3DSpecifics.qml"]\n    Root --> node_venv["venv"]\n    node_venv --> node_venv_lib["lib"]\n    node_venv_lib --> node_venv_lib_python3_12["python3.12"]\n    node_venv_lib_python3_12 --> node_venv_lib_python3_12_site-packages["site-packages"]\n    node_venv_lib_python3_12_site-packages --> node_venv_lib_python3_12_site-packages_PyQt6["PyQt6"]\n    node_venv_lib_python3_12_site-packages_PyQt6 --> node_venv_lib_python3_12_site-packages_PyQt6_Qt6["Qt6"]\n    node_venv_lib_python3_12_site-packages_PyQt6_Qt6 --> node_venv_lib_python3_12_site-packages_PyQt6_Qt6_qml["qml"]\n    node_venv_lib_python3_12_site-packages_PyQt6_Qt6_qml --> node_venv_lib_python3_12_site-packages_PyQt6_Qt6_qml_QtQuick3D["QtQuick3D"]\n    node_venv_lib_python3_12_site-packages_PyQt6_Qt6_qml_QtQuick3D --> node_venv_lib_python3_12_site-packages_PyQt6_Qt6_qml_QtQuick3D_Particles3D["Particles3D"]\n    node_venv_lib_python3_12_site-packages_PyQt6_Qt6_qml_QtQuick3D_Particles3D --> node_venv_lib_python3_12_site-packages_PyQt6_Qt6_qml_QtQuick3D_Particles3D_designer["designer"]\n    node_venv_lib_python3_12_site-packages_PyQt6_Qt6_qml_QtQuick3D_Particles3D_designer --> node_venv_lib_python3_12_site-packages_PyQt6_Qt6_qml_QtQuick3D_Particles3D_designer_DynamicBurst3DSection_qml["DynamicBurst3DSection.qml"]\n    Root --> node_venv["venv"]\n    node_venv --> node_venv_lib["lib"]\n    node_venv_lib --> node_venv_lib_python3_12["python3.12"]\n    node_venv_lib_python3_12 --> node_venv_lib_python3_12_site-packages["site-packages"]\n    node_venv_lib_python3_12_site-packages --> node_venv_lib_python3_12_site-packages_PyQt6["PyQt6"]\n    node_venv_lib_python3_12_site-packages_PyQt6 --> node_venv_lib_python3_12_site-packages_PyQt6_Qt6["Qt6"]\n    node_venv_lib_python3_12_site-packages_PyQt6_Qt6 --> node_venv_lib_python3_12_site-packages_PyQt6_Qt6_qml["qml"]\n    node_venv_lib_python3_12_site-packages_PyQt6_Qt6_qml --> node_venv_lib_python3_12_site-packages_PyQt6_Qt6_qml_QtQuick3D["QtQuick3D"]\n    node_venv_lib_python3_12_site-packages_PyQt6_Qt6_qml_QtQuick3D --> node_venv_lib_python3_12_site-packages_PyQt6_Qt6_qml_QtQuick3D_Particles3D["Particles3D"]\n    node_venv_lib_python3_12_site-packages_PyQt6_Qt6_qml_QtQuick3D_Particles3D --> node_venv_lib_python3_12_site-packages_PyQt6_Qt6_qml_QtQuick3D_Particles3D_designer["designer"]\n    node_venv_lib_python3_12_site-packages_PyQt6_Qt6_qml_QtQuick3D_Particles3D_designer --> node_venv_lib_python3_12_site-packages_PyQt6_Qt6_qml_QtQuick3D_Particles3D_designer_DynamicBurst3DSpecifics_qml["DynamicBurst3DSpecifics.qml"]\n    Root --> node_venv["venv"]\n    node_venv --> node_venv_lib["lib"]\n    node_venv_lib --> node_venv_lib_python3_12["python3.12"]\n    node_venv_lib_python3_12 --> node_venv_lib_python3_12_site-packages["site-packages"]\n    node_venv_lib_python3_12_site-packages --> node_venv_lib_python3_12_site-packages_PyQt6["PyQt6"]\n    node_venv_lib_python3_12_site-packages_PyQt6 --> node_venv_lib_python3_12_site-packages_PyQt6_Qt6["Qt6"]\n    node_venv_lib_python3_12_site-packages_PyQt6_Qt6 --> node_venv_lib_python3_12_site-packages_PyQt6_Qt6_qml["qml"]\n    node_venv_lib_python3_12_site-packages_PyQt6_Qt6_qml --> node_venv_lib_python3_12_site-packages_PyQt6_Qt6_qml_QtQuick3D["QtQuick3D"]\n    node_venv_lib_python3_12_site-packages_PyQt6_Qt6_qml_QtQuick3D --> node_venv_lib_python3_12_site-packages_PyQt6_Qt6_qml_QtQuick3D_Particles3D["Particles3D"]\n    node_venv_lib_python3_12_site-packages_PyQt6_Qt6_qml_QtQuick3D_Particles3D --> node_venv_lib_python3_12_site-packages_PyQt6_Qt6_qml_QtQuick3D_Particles3D_designer["designer"]\n    node_venv_lib_python3_12_site-packages_PyQt6_Qt6_qml_QtQuick3D_Particles3D_designer --> node_venv_lib_python3_12_site-packages_PyQt6_Qt6_qml_QtQuick3D_Particles3D_designer_EmitBurst3DSection_qml["EmitBurst3DSection.qml"]\n    Root --> node_venv["venv"]\n    node_venv --> node_venv_lib["lib"]\n    node_venv_lib --> node_venv_lib_python3_12["python3.12"]\n    node_venv_lib_python3_12 --> node_venv_lib_python3_12_site-packages["site-packages"]\n    node_venv_lib_python3_12_site-packages --> node_venv_lib_python3_12_site-packages_PyQt6["PyQt6"]\n    node_venv_lib_python3_12_site-packages_PyQt6 --> node_venv_lib_python3_12_site-packages_PyQt6_Qt6["Qt6"]\n    node_venv_lib_python3_12_site-packages_PyQt6_Qt6 --> node_venv_lib_python3_12_site-packages_PyQt6_Qt6_qml["qml"]\n    node_venv_lib_python3_12_site-packages_PyQt6_Qt6_qml --> node_venv_lib_python3_12_site-packages_PyQt6_Qt6_qml_QtQuick3D["QtQuick3D"]\n    node_venv_lib_python3_12_site-packages_PyQt6_Qt6_qml_QtQuick3D --> node_venv_lib_python3_12_site-packages_PyQt6_Qt6_qml_QtQuick3D_Particles3D["Particles3D"]\n    node_venv_lib_python3_12_site-packages_PyQt6_Qt6_qml_QtQuick3D_Particles3D --> node_venv_lib_python3_12_site-packages_PyQt6_Qt6_qml_QtQuick3D_Particles3D_designer["designer"]\n    node_venv_lib_python3_12_site-packages_PyQt6_Qt6_qml_QtQuick3D_Particles3D_designer --> node_venv_lib_python3_12_site-packages_PyQt6_Qt6_qml_QtQuick3D_Particles3D_designer_EmitBurst3DSpecifics_qml["EmitBurst3DSpecifics.qml"]\n    Root --> node_venv["venv"]\n    node_venv --> node_venv_lib["lib"]\n    node_venv_lib --> node_venv_lib_python3_12["python3.12"]\n    node_venv_lib_python3_12 --> node_venv_lib_python3_12_site-packages["site-packages"]\n    node_venv_lib_python3_12_site-packages --> node_venv_lib_python3_12_site-packages_PyQt6["PyQt6"]\n    node_venv_lib_python3_12_site-packages_PyQt6 --> node_venv_lib_python3_12_site-packages_PyQt6_Qt6["Qt6"]\n    node_venv_lib_python3_12_site-packages_PyQt6_Qt6 --> node_venv_lib_python3_12_site-packages_PyQt6_Qt6_qml["qml"]\n    node_venv_lib_python3_12_site-packages_PyQt6_Qt6_qml --> node_venv_lib_python3_12_site-packages_PyQt6_Qt6_qml_QtQuick3D["QtQuick3D"]\n    node_venv_lib_python3_12_site-packages_PyQt6_Qt6_qml_QtQuick3D --> node_venv_lib_python3_12_site-packages_PyQt6_Qt6_qml_QtQuick3D_Particles3D["Particles3D"]\n    node_venv_lib_python3_12_site-packages_PyQt6_Qt6_qml_QtQuick3D_Particles3D --> node_venv_lib_python3_12_site-packages_PyQt6_Qt6_qml_QtQuick3D_Particles3D_designer["designer"]\n    node_venv_lib_python3_12_site-packages_PyQt6_Qt6_qml_QtQuick3D_Particles3D_designer --> node_venv_lib_python3_12_site-packages_PyQt6_Qt6_qml_QtQuick3D_Particles3D_designer_Gravity3DSection_qml["Gravity3DSection.qml"]\n    Root --> node_venv["venv"]\n    node_venv --> node_venv_lib["lib"]\n    node_venv_lib --> node_venv_lib_python3_12["python3.12"]\n    node_venv_lib_python3_12 --> node_venv_lib_python3_12_site-packages["site-packages"]\n    node_venv_lib_python3_12_site-packages --> node_venv_lib_python3_12_site-packages_PyQt6["PyQt6"]\n    node_venv_lib_python3_12_site-packages_PyQt6 --> node_venv_lib_python3_12_site-packages_PyQt6_Qt6["Qt6"]\n    node_venv_lib_python3_12_site-packages_PyQt6_Qt6 --> node_venv_lib_python3_12_site-packages_PyQt6_Qt6_qml["qml"]\n    node_venv_lib_python3_12_site-packages_PyQt6_Qt6_qml --> node_venv_lib_python3_12_site-packages_PyQt6_Qt6_qml_QtQuick3D["QtQuick3D"]\n    node_venv_lib_python3_12_site-packages_PyQt6_Qt6_qml_QtQuick3D --> node_venv_lib_python3_12_site-packages_PyQt6_Qt6_qml_QtQuick3D_Particles3D["Particles3D"]\n    node_venv_lib_python3_12_site-packages_PyQt6_Qt6_qml_QtQuick3D_Particles3D --> node_venv_lib_python3_12_site-packages_PyQt6_Qt6_qml_QtQuick3D_Particles3D_designer["designer"]\n    node_venv_lib_python3_12_site-packages_PyQt6_Qt6_qml_QtQuick3D_Particles3D_designer --> node_venv_lib_python3_12_site-packages_PyQt6_Qt6_qml_QtQuick3D_Particles3D_designer_Gravity3DSpecifics_qml["Gravity3DSpecifics.qml"]\n    Root --> node_venv["venv"]\n    node_venv --> node_venv_lib["lib"]\n    node_venv_lib --> node_venv_lib_python3_12["python3.12"]\n    node_venv_lib_python3_12 --> node_venv_lib_python3_12_site-packages["site-packages"]\n    node_venv_lib_python3_12_site-packages --> node_venv_lib_python3_12_site-packages_PyQt6["PyQt6"]\n    node_venv_lib_python3_12_site-packages_PyQt6 --> node_venv_lib_python3_12_site-packages_PyQt6_Qt6["Qt6"]\n    node_venv_lib_python3_12_site-packages_PyQt6_Qt6 --> node_venv_lib_python3_12_site-packages_PyQt6_Qt6_qml["qml"]\n    node_venv_lib_python3_12_site-packages_PyQt6_Qt6_qml --> node_venv_lib_python3_12_site-packages_PyQt6_Qt6_qml_QtQuick3D["QtQuick3D"]\n    node_venv_lib_python3_12_site-packages_PyQt6_Qt6_qml_QtQuick3D --> node_venv_lib_python3_12_site-packages_PyQt6_Qt6_qml_QtQuick3D_Particles3D["Particles3D"]\n    node_venv_lib_python3_12_site-packages_PyQt6_Qt6_qml_QtQuick3D_Particles3D --> node_venv_lib_python3_12_site-packages_PyQt6_Qt6_qml_QtQuick3D_Particles3D_designer["designer"]\n    node_venv_lib_python3_12_site-packages_PyQt6_Qt6_qml_QtQuick3D_Particles3D_designer --> node_venv_lib_python3_12_site-packages_PyQt6_Qt6_qml_QtQuick3D_Particles3D_designer_LineParticle3DSection_qml["LineParticle3DSection.qml"]\n    Root --> node_venv["venv"]\n    node_venv --> node_venv_lib["lib"]\n    node_venv_lib --> node_venv_lib_python3_12["python3.12"]\n    node_venv_lib_python3_12 --> node_venv_lib_python3_12_site-packages["site-packages"]\n    node_venv_lib_python3_12_site-packages --> node_venv_lib_python3_12_site-packages_PyQt6["PyQt6"]\n    node_venv_lib_python3_12_site-packages_PyQt6 --> node_venv_lib_python3_12_site-packages_PyQt6_Qt6["Qt6"]\n    node_venv_lib_python3_12_site-packages_PyQt6_Qt6 --> node_venv_lib_python3_12_site-packages_PyQt6_Qt6_qml["qml"]\n    node_venv_lib_python3_12_site-packages_PyQt6_Qt6_qml --> node_venv_lib_python3_12_site-packages_PyQt6_Qt6_qml_QtQuick3D["QtQuick3D"]\n    node_venv_lib_python3_12_site-packages_PyQt6_Qt6_qml_QtQuick3D --> node_venv_lib_python3_12_site-packages_PyQt6_Qt6_qml_QtQuick3D_Particles3D["Particles3D"]\n    node_venv_lib_python3_12_site-packages_PyQt6_Qt6_qml_QtQuick3D_Particles3D --> node_venv_lib_python3_12_site-packages_PyQt6_Qt6_qml_QtQuick3D_Particles3D_designer["designer"]\n    node_venv_lib_python3_12_site-packages_PyQt6_Qt6_qml_QtQuick3D_Particles3D_designer --> node_venv_lib_python3_12_site-packages_PyQt6_Qt6_qml_QtQuick3D_Particles3D_designer_LineParticle3DSpecifics_qml["LineParticle3DSpecifics.qml"]\n    Root --> node_venv["venv"]\n    node_venv --> node_venv_lib["lib"]\n    node_venv_lib --> node_venv_lib_python3_12["python3.12"]\n    node_venv_lib_python3_12 --> node_venv_lib_python3_12_site-packages["site-packages"]\n    node_venv_lib_python3_12_site-packages --> node_venv_lib_python3_12_site-packages_PyQt6["PyQt6"]\n    node_venv_lib_python3_12_site-packages_PyQt6 --> node_venv_lib_python3_12_site-packages_PyQt6_Qt6["Qt6"]\n    node_venv_lib_python3_12_site-packages_PyQt6_Qt6 --> node_venv_lib_python3_12_site-packages_PyQt6_Qt6_qml["qml"]\n    node_venv_lib_python3_12_site-packages_PyQt6_Qt6_qml --> node_venv_lib_python3_12_site-packages_PyQt6_Qt6_qml_QtQuick3D["QtQuick3D"]\n    node_venv_lib_python3_12_site-packages_PyQt6_Qt6_qml_QtQuick3D --> node_venv_lib_python3_12_site-packages_PyQt6_Qt6_qml_QtQuick3D_Particles3D["Particles3D"]\n    node_venv_lib_python3_12_site-packages_PyQt6_Qt6_qml_QtQuick3D_Particles3D --> node_venv_lib_python3_12_site-packages_PyQt6_Qt6_qml_QtQuick3D_Particles3D_designer["designer"]\n    node_venv_lib_python3_12_site-packages_PyQt6_Qt6_qml_QtQuick3D_Particles3D_designer --> node_venv_lib_python3_12_site-packages_PyQt6_Qt6_qml_QtQuick3D_Particles3D_designer_ModelBlendParticle3DSection_qml["ModelBlendParticle3DSection.qml"]\n    Root --> node_venv["venv"]\n    node_venv --> node_venv_lib["lib"]\n    node_venv_lib --> node_venv_lib_python3_12["python3.12"]\n    node_venv_lib_python3_12 --> node_venv_lib_python3_12_site-packages["site-packages"]\n    node_venv_lib_python3_12_site-packages --> node_venv_lib_python3_12_site-packages_PyQt6["PyQt6"]\n    node_venv_lib_python3_12_site-packages_PyQt6 --> node_venv_lib_python3_12_site-packages_PyQt6_Qt6["Qt6"]\n    node_venv_lib_python3_12_site-packages_PyQt6_Qt6 --> node_venv_lib_python3_12_site-packages_PyQt6_Qt6_qml["qml"]\n    node_venv_lib_python3_12_site-packages_PyQt6_Qt6_qml --> node_venv_lib_python3_12_site-packages_PyQt6_Qt6_qml_QtQuick3D["QtQuick3D"]\n    node_venv_lib_python3_12_site-packages_PyQt6_Qt6_qml_QtQuick3D --> node_venv_lib_python3_12_site-packages_PyQt6_Qt6_qml_QtQuick3D_Particles3D["Particles3D"]\n    node_venv_lib_python3_12_site-packages_PyQt6_Qt6_qml_QtQuick3D_Particles3D --> node_venv_lib_python3_12_site-packages_PyQt6_Qt6_qml_QtQuick3D_Particles3D_designer["designer"]\n    node_venv_lib_python3_12_site-packages_PyQt6_Qt6_qml_QtQuick3D_Particles3D_designer --> node_venv_lib_python3_12_site-packages_PyQt6_Qt6_qml_QtQuick3D_Particles3D_designer_ModelBlendParticle3DSpecifics_qml["ModelBlendParticle3DSpecifics.qml"]\n    Root --> node_venv["venv"]\n    node_venv --> node_venv_lib["lib"]\n    node_venv_lib --> node_venv_lib_python3_12["python3.12"]\n    node_venv_lib_python3_12 --> node_venv_lib_python3_12_site-packages["site-packages"]\n    node_venv_lib_python3_12_site-packages --> node_venv_lib_python3_12_site-packages_PyQt6["PyQt6"]\n    node_venv_lib_python3_12_site-packages_PyQt6 --> node_venv_lib_python3_12_site-packages_PyQt6_Qt6["Qt6"]\n    node_venv_lib_python3_12_site-packages_PyQt6_Qt6 --> node_venv_lib_python3_12_site-packages_PyQt6_Qt6_qml["qml"]\n    node_venv_lib_python3_12_site-packages_PyQt6_Qt6_qml --> node_venv_lib_python3_12_site-packages_PyQt6_Qt6_qml_QtQuick3D["QtQuick3D"]\n    node_venv_lib_python3_12_site-packages_PyQt6_Qt6_qml_QtQuick3D --> node_venv_lib_python3_12_site-packages_PyQt6_Qt6_qml_QtQuick3D_Particles3D["Particles3D"]\n    node_venv_lib_python3_12_site-packages_PyQt6_Qt6_qml_QtQuick3D_Particles3D --> node_venv_lib_python3_12_site-packages_PyQt6_Qt6_qml_QtQuick3D_Particles3D_designer["designer"]\n    node_venv_lib_python3_12_site-packages_PyQt6_Qt6_qml_QtQuick3D_Particles3D_designer --> node_venv_lib_python3_12_site-packages_PyQt6_Qt6_qml_QtQuick3D_Particles3D_designer_ModelParticle3DSection_qml["ModelParticle3DSection.qml"]\n    Root --> node_venv["venv"]\n    node_venv --> node_venv_lib["lib"]\n    node_venv_lib --> node_venv_lib_python3_12["python3.12"]\n    node_venv_lib_python3_12 --> node_venv_lib_python3_12_site-packages["site-packages"]\n    node_venv_lib_python3_12_site-packages --> node_venv_lib_python3_12_site-packages_PyQt6["PyQt6"]\n    node_venv_lib_python3_12_site-packages_PyQt6 --> node_venv_lib_python3_12_site-packages_PyQt6_Qt6["Qt6"]\n    node_venv_lib_python3_12_site-packages_PyQt6_Qt6 --> node_venv_lib_python3_12_site-packages_PyQt6_Qt6_qml["qml"]\n    node_venv_lib_python3_12_site-packages_PyQt6_Qt6_qml --> node_venv_lib_python3_12_site-packages_PyQt6_Qt6_qml_QtQuick3D["QtQuick3D"]\n    node_venv_lib_python3_12_site-packages_PyQt6_Qt6_qml_QtQuick3D --> node_venv_lib_python3_12_site-packages_PyQt6_Qt6_qml_QtQuick3D_Particles3D["Particles3D"]\n    node_venv_lib_python3_12_site-packages_PyQt6_Qt6_qml_QtQuick3D_Particles3D --> node_venv_lib_python3_12_site-packages_PyQt6_Qt6_qml_QtQuick3D_Particles3D_designer["designer"]\n    node_venv_lib_python3_12_site-packages_PyQt6_Qt6_qml_QtQuick3D_Particles3D_designer --> node_venv_lib_python3_12_site-packages_PyQt6_Qt6_qml_QtQuick3D_Particles3D_designer_ModelParticle3DSpecifics_qml["ModelParticle3DSpecifics.qml"]\n    Root --> node_venv["venv"]\n    node_venv --> node_venv_lib["lib"]\n    node_venv_lib --> node_venv_lib_python3_12["python3.12"]\n    node_venv_lib_python3_12 --> node_venv_lib_python3_12_site-packages["site-packages"]\n    node_venv_lib_python3_12_site-packages --> node_venv_lib_python3_12_site-packages_PyQt6["PyQt6"]\n    node_venv_lib_python3_12_site-packages_PyQt6 --> node_venv_lib_python3_12_site-packages_PyQt6_Qt6["Qt6"]\n    node_venv_lib_python3_12_site-packages_PyQt6_Qt6 --> node_venv_lib_python3_12_site-packages_PyQt6_Qt6_qml["qml"]\n    node_venv_lib_python3_12_site-packages_PyQt6_Qt6_qml --> node_venv_lib_python3_12_site-packages_PyQt6_Qt6_qml_QtQuick3D["QtQuick3D"]\n    node_venv_lib_python3_12_site-packages_PyQt6_Qt6_qml_QtQuick3D --> node_venv_lib_python3_12_site-packages_PyQt6_Qt6_qml_QtQuick3D_Particles3D["Particles3D"]\n    node_venv_lib_python3_12_site-packages_PyQt6_Qt6_qml_QtQuick3D_Particles3D --> node_venv_lib_python3_12_site-packages_PyQt6_Qt6_qml_QtQuick3D_Particles3D_designer["designer"]\n    node_venv_lib_python3_12_site-packages_PyQt6_Qt6_qml_QtQuick3D_Particles3D_designer --> node_venv_lib_python3_12_site-packages_PyQt6_Qt6_qml_QtQuick3D_Particles3D_designer_NodeSection_qml["NodeSection.qml"]\n    Root --> node_venv["venv"]\n    node_venv --> node_venv_lib["lib"]\n    node_venv_lib --> node_venv_lib_python3_12["python3.12"]\n    node_venv_lib_python3_12 --> node_venv_lib_python3_12_site-packages["site-packages"]\n    node_venv_lib_python3_12_site-packages --> node_venv_lib_python3_12_site-packages_PyQt6["PyQt6"]\n    node_venv_lib_python3_12_site-packages_PyQt6 --> node_venv_lib_python3_12_site-packages_PyQt6_Qt6["Qt6"]\n    node_venv_lib_python3_12_site-packages_PyQt6_Qt6 --> node_venv_lib_python3_12_site-packages_PyQt6_Qt6_qml["qml"]\n    node_venv_lib_python3_12_site-packages_PyQt6_Qt6_qml --> node_venv_lib_python3_12_site-packages_PyQt6_Qt6_qml_QtQuick3D["QtQuick3D"]\n    node_venv_lib_python3_12_site-packages_PyQt6_Qt6_qml_QtQuick3D --> node_venv_lib_python3_12_site-packages_PyQt6_Qt6_qml_QtQuick3D_Particles3D["Particles3D"]\n    node_venv_lib_python3_12_site-packages_PyQt6_Qt6_qml_QtQuick3D_Particles3D --> node_venv_lib_python3_12_site-packages_PyQt6_Qt6_qml_QtQuick3D_Particles3D_designer["designer"]\n    node_venv_lib_python3_12_site-packages_PyQt6_Qt6_qml_QtQuick3D_Particles3D_designer --> node_venv_lib_python3_12_site-packages_PyQt6_Qt6_qml_QtQuick3D_Particles3D_designer_NodeSpecifics_qml["NodeSpecifics.qml"]\n    Root --> node_venv["venv"]\n    node_venv --> node_venv_lib["lib"]\n    node_venv_lib --> node_venv_lib_python3_12["python3.12"]\n    node_venv_lib_python3_12 --> node_venv_lib_python3_12_site-packages["site-packages"]\n    node_venv_lib_python3_12_site-packages --> node_venv_lib_python3_12_site-packages_PyQt6["PyQt6"]\n    node_venv_lib_python3_12_site-packages_PyQt6 --> node_venv_lib_python3_12_site-packages_PyQt6_Qt6["Qt6"]\n    node_venv_lib_python3_12_site-packages_PyQt6_Qt6 --> node_venv_lib_python3_12_site-packages_PyQt6_Qt6_qml["qml"]\n    node_venv_lib_python3_12_site-packages_PyQt6_Qt6_qml --> node_venv_lib_python3_12_site-packages_PyQt6_Qt6_qml_QtQuick3D["QtQuick3D"]\n    node_venv_lib_python3_12_site-packages_PyQt6_Qt6_qml_QtQuick3D --> node_venv_lib_python3_12_site-packages_PyQt6_Qt6_qml_QtQuick3D_Particles3D["Particles3D"]\n    node_venv_lib_python3_12_site-packages_PyQt6_Qt6_qml_QtQuick3D_Particles3D --> node_venv_lib_python3_12_site-packages_PyQt6_Qt6_qml_QtQuick3D_Particles3D_designer["designer"]\n    node_venv_lib_python3_12_site-packages_PyQt6_Qt6_qml_QtQuick3D_Particles3D_designer --> node_venv_lib_python3_12_site-packages_PyQt6_Qt6_qml_QtQuick3D_Particles3D_designer_Particle3DSection_qml["Particle3DSection.qml"]\n    Root --> node_venv["venv"]\n    node_venv --> node_venv_lib["lib"]\n    node_venv_lib --> node_venv_lib_python3_12["python3.12"]\n    node_venv_lib_python3_12 --> node_venv_lib_python3_12_site-packages["site-packages"]\n    node_venv_lib_python3_12_site-packages --> node_venv_lib_python3_12_site-packages_PyQt6["PyQt6"]\n    node_venv_lib_python3_12_site-packages_PyQt6 --> node_venv_lib_python3_12_site-packages_PyQt6_Qt6["Qt6"]\n    node_venv_lib_python3_12_site-packages_PyQt6_Qt6 --> node_venv_lib_python3_12_site-packages_PyQt6_Qt6_qml["qml"]\n    node_venv_lib_python3_12_site-packages_PyQt6_Qt6_qml --> node_venv_lib_python3_12_site-packages_PyQt6_Qt6_qml_QtQuick3D["QtQuick3D"]\n    node_venv_lib_python3_12_site-packages_PyQt6_Qt6_qml_QtQuick3D --> node_venv_lib_python3_12_site-packages_PyQt6_Qt6_qml_QtQuick3D_Particles3D["Particles3D"]\n    node_venv_lib_python3_12_site-packages_PyQt6_Qt6_qml_QtQuick3D_Particles3D --> node_venv_lib_python3_12_site-packages_PyQt6_Qt6_qml_QtQuick3D_Particles3D_designer["designer"]\n    node_venv_lib_python3_12_site-packages_PyQt6_Qt6_qml_QtQuick3D_Particles3D_designer --> node_venv_lib_python3_12_site-packages_PyQt6_Qt6_qml_QtQuick3D_Particles3D_designer_Particle3DSpecifics_qml["Particle3DSpecifics.qml"]\n    Root --> node_venv["venv"]\n    node_venv --> node_venv_lib["lib"]\n    node_venv_lib --> node_venv_lib_python3_12["python3.12"]\n    node_venv_lib_python3_12 --> node_venv_lib_python3_12_site-packages["site-packages"]\n    node_venv_lib_python3_12_site-packages --> node_venv_lib_python3_12_site-packages_PyQt6["PyQt6"]\n    node_venv_lib_python3_12_site-packages_PyQt6 --> node_venv_lib_python3_12_site-packages_PyQt6_Qt6["Qt6"]\n    node_venv_lib_python3_12_site-packages_PyQt6_Qt6 --> node_venv_lib_python3_12_site-packages_PyQt6_Qt6_qml["qml"]\n    node_venv_lib_python3_12_site-packages_PyQt6_Qt6_qml --> node_venv_lib_python3_12_site-packages_PyQt6_Qt6_qml_QtQuick3D["QtQuick3D"]\n    node_venv_lib_python3_12_site-packages_PyQt6_Qt6_qml_QtQuick3D --> node_venv_lib_python3_12_site-packages_PyQt6_Qt6_qml_QtQuick3D_Particles3D["Particles3D"]\n    node_venv_lib_python3_12_site-packages_PyQt6_Qt6_qml_QtQuick3D_Particles3D --> node_venv_lib_python3_12_site-packages_PyQt6_Qt6_qml_QtQuick3D_Particles3D_designer["designer"]\n    node_venv_lib_python3_12_site-packages_PyQt6_Qt6_qml_QtQuick3D_Particles3D_designer --> node_venv_lib_python3_12_site-packages_PyQt6_Qt6_qml_QtQuick3D_Particles3D_designer_ParticleCustomShape3DSection_qml["ParticleCustomShape3DSection.qml"]\n    Root --> node_venv["venv"]\n    node_venv --> node_venv_lib["lib"]\n    node_venv_lib --> node_venv_lib_python3_12["python3.12"]\n    node_venv_lib_python3_12 --> node_venv_lib_python3_12_site-packages["site-packages"]\n    node_venv_lib_python3_12_site-packages --> node_venv_lib_python3_12_site-packages_PyQt6["PyQt6"]\n    node_venv_lib_python3_12_site-packages_PyQt6 --> node_venv_lib_python3_12_site-packages_PyQt6_Qt6["Qt6"]\n    node_venv_lib_python3_12_site-packages_PyQt6_Qt6 --> node_venv_lib_python3_12_site-packages_PyQt6_Qt6_qml["qml"]\n    node_venv_lib_python3_12_site-packages_PyQt6_Qt6_qml --> node_venv_lib_python3_12_site-packages_PyQt6_Qt6_qml_QtQuick3D["QtQuick3D"]\n    node_venv_lib_python3_12_site-packages_PyQt6_Qt6_qml_QtQuick3D --> node_venv_lib_python3_12_site-packages_PyQt6_Qt6_qml_QtQuick3D_Particles3D["Particles3D"]\n    node_venv_lib_python3_12_site-packages_PyQt6_Qt6_qml_QtQuick3D_Particles3D --> node_venv_lib_python3_12_site-packages_PyQt6_Qt6_qml_QtQuick3D_Particles3D_designer["designer"]\n    node_venv_lib_python3_12_site-packages_PyQt6_Qt6_qml_QtQuick3D_Particles3D_designer --> node_venv_lib_python3_12_site-packages_PyQt6_Qt6_qml_QtQuick3D_Particles3D_designer_ParticleCustomShape3DSpecifics_qml["ParticleCustomShape3DSpecifics.qml"]\n    Root --> node_venv["venv"]\n    node_venv --> node_venv_lib["lib"]\n    node_venv_lib --> node_venv_lib_python3_12["python3.12"]\n    node_venv_lib_python3_12 --> node_venv_lib_python3_12_site-packages["site-packages"]\n    node_venv_lib_python3_12_site-packages --> node_venv_lib_python3_12_site-packages_PyQt6["PyQt6"]\n    node_venv_lib_python3_12_site-packages_PyQt6 --> node_venv_lib_python3_12_site-packages_PyQt6_Qt6["Qt6"]\n    node_venv_lib_python3_12_site-packages_PyQt6_Qt6 --> node_venv_lib_python3_12_site-packages_PyQt6_Qt6_qml["qml"]\n    node_venv_lib_python3_12_site-packages_PyQt6_Qt6_qml --> node_venv_lib_python3_12_site-packages_PyQt6_Qt6_qml_QtQuick3D["QtQuick3D"]\n    node_venv_lib_python3_12_site-packages_PyQt6_Qt6_qml_QtQuick3D --> node_venv_lib_python3_12_site-packages_PyQt6_Qt6_qml_QtQuick3D_Particles3D["Particles3D"]\n    node_venv_lib_python3_12_site-packages_PyQt6_Qt6_qml_QtQuick3D_Particles3D --> node_venv_lib_python3_12_site-packages_PyQt6_Qt6_qml_QtQuick3D_Particles3D_designer["designer"]\n    node_venv_lib_python3_12_site-packages_PyQt6_Qt6_qml_QtQuick3D_Particles3D_designer --> node_venv_lib_python3_12_site-packages_PyQt6_Qt6_qml_QtQuick3D_Particles3D_designer_ParticleEmitter3DSection_qml["ParticleEmitter3DSection.qml"]\n    Root --> node_venv["venv"]\n    node_venv --> node_venv_lib["lib"]\n    node_venv_lib --> node_venv_lib_python3_12["python3.12"]\n    node_venv_lib_python3_12 --> node_venv_lib_python3_12_site-packages["site-packages"]\n    node_venv_lib_python3_12_site-packages --> node_venv_lib_python3_12_site-packages_PyQt6["PyQt6"]\n    node_venv_lib_python3_12_site-packages_PyQt6 --> node_venv_lib_python3_12_site-packages_PyQt6_Qt6["Qt6"]\n    node_venv_lib_python3_12_site-packages_PyQt6_Qt6 --> node_venv_lib_python3_12_site-packages_PyQt6_Qt6_qml["qml"]\n    node_venv_lib_python3_12_site-packages_PyQt6_Qt6_qml --> node_venv_lib_python3_12_site-packages_PyQt6_Qt6_qml_QtQuick3D["QtQuick3D"]\n    node_venv_lib_python3_12_site-packages_PyQt6_Qt6_qml_QtQuick3D --> node_venv_lib_python3_12_site-packages_PyQt6_Qt6_qml_QtQuick3D_Particles3D["Particles3D"]\n    node_venv_lib_python3_12_site-packages_PyQt6_Qt6_qml_QtQuick3D_Particles3D --> node_venv_lib_python3_12_site-packages_PyQt6_Qt6_qml_QtQuick3D_Particles3D_designer["designer"]\n    node_venv_lib_python3_12_site-packages_PyQt6_Qt6_qml_QtQuick3D_Particles3D_designer --> node_venv_lib_python3_12_site-packages_PyQt6_Qt6_qml_QtQuick3D_Particles3D_designer_ParticleEmitter3DSpecifics_qml["ParticleEmitter3DSpecifics.qml"]\n    Root --> node_venv["venv"]\n    node_venv --> node_venv_lib["lib"]\n    node_venv_lib --> node_venv_lib_python3_12["python3.12"]\n    node_venv_lib_python3_12 --> node_venv_lib_python3_12_site-packages["site-packages"]\n    node_venv_lib_python3_12_site-packages --> node_venv_lib_python3_12_site-packages_PyQt6["PyQt6"]\n    node_venv_lib_python3_12_site-packages_PyQt6 --> node_venv_lib_python3_12_site-packages_PyQt6_Qt6["Qt6"]\n    node_venv_lib_python3_12_site-packages_PyQt6_Qt6 --> node_venv_lib_python3_12_site-packages_PyQt6_Qt6_qml["qml"]\n    node_venv_lib_python3_12_site-packages_PyQt6_Qt6_qml --> node_venv_lib_python3_12_site-packages_PyQt6_Qt6_qml_QtQuick3D["QtQuick3D"]\n    node_venv_lib_python3_12_site-packages_PyQt6_Qt6_qml_QtQuick3D --> node_venv_lib_python3_12_site-packages_PyQt6_Qt6_qml_QtQuick3D_Particles3D["Particles3D"]\n    node_venv_lib_python3_12_site-packages_PyQt6_Qt6_qml_QtQuick3D_Particles3D --> node_venv_lib_python3_12_site-packages_PyQt6_Qt6_qml_QtQuick3D_Particles3D_designer["designer"]\n    node_venv_lib_python3_12_site-packages_PyQt6_Qt6_qml_QtQuick3D_Particles3D_designer --> node_venv_lib_python3_12_site-packages_PyQt6_Qt6_qml_QtQuick3D_Particles3D_designer_ParticleModelShape3DSection_qml["ParticleModelShape3DSection.qml"]\n    Root --> node_venv["venv"]\n    node_venv --> node_venv_lib["lib"]\n    node_venv_lib --> node_venv_lib_python3_12["python3.12"]\n    node_venv_lib_python3_12 --> node_venv_lib_python3_12_site-packages["site-packages"]\n    node_venv_lib_python3_12_site-packages --> node_venv_lib_python3_12_site-packages_PyQt6["PyQt6"]\n    node_venv_lib_python3_12_site-packages_PyQt6 --> node_venv_lib_python3_12_site-packages_PyQt6_Qt6["Qt6"]\n    node_venv_lib_python3_12_site-packages_PyQt6_Qt6 --> node_venv_lib_python3_12_site-packages_PyQt6_Qt6_qml["qml"]\n    node_venv_lib_python3_12_site-packages_PyQt6_Qt6_qml --> node_venv_lib_python3_12_site-packages_PyQt6_Qt6_qml_QtQuick3D["QtQuick3D"]\n    node_venv_lib_python3_12_site-packages_PyQt6_Qt6_qml_QtQuick3D --> node_venv_lib_python3_12_site-packages_PyQt6_Qt6_qml_QtQuick3D_Particles3D["Particles3D"]\n    node_venv_lib_python3_12_site-packages_PyQt6_Qt6_qml_QtQuick3D_Particles3D --> node_venv_lib_python3_12_site-packages_PyQt6_Qt6_qml_QtQuick3D_Particles3D_designer["designer"]\n    node_venv_lib_python3_12_site-packages_PyQt6_Qt6_qml_QtQuick3D_Particles3D_designer --> node_venv_lib_python3_12_site-packages_PyQt6_Qt6_qml_QtQuick3D_Particles3D_designer_ParticleModelShape3DSpecifics_qml["ParticleModelShape3DSpecifics.qml"]\n    Root --> node_venv["venv"]\n    node_venv --> node_venv_lib["lib"]\n    node_venv_lib --> node_venv_lib_python3_12["python3.12"]\n    node_venv_lib_python3_12 --> node_venv_lib_python3_12_site-packages["site-packages"]\n    node_venv_lib_python3_12_site-packages --> node_venv_lib_python3_12_site-packages_PyQt6["PyQt6"]\n    node_venv_lib_python3_12_site-packages_PyQt6 --> node_venv_lib_python3_12_site-packages_PyQt6_Qt6["Qt6"]\n    node_venv_lib_python3_12_site-packages_PyQt6_Qt6 --> node_venv_lib_python3_12_site-packages_PyQt6_Qt6_qml["qml"]\n    node_venv_lib_python3_12_site-packages_PyQt6_Qt6_qml --> node_venv_lib_python3_12_site-packages_PyQt6_Qt6_qml_QtQuick3D["QtQuick3D"]\n    node_venv_lib_python3_12_site-packages_PyQt6_Qt6_qml_QtQuick3D --> node_venv_lib_python3_12_site-packages_PyQt6_Qt6_qml_QtQuick3D_Particles3D["Particles3D"]\n    node_venv_lib_python3_12_site-packages_PyQt6_Qt6_qml_QtQuick3D_Particles3D --> node_venv_lib_python3_12_site-packages_PyQt6_Qt6_qml_QtQuick3D_Particles3D_designer["designer"]\n    node_venv_lib_python3_12_site-packages_PyQt6_Qt6_qml_QtQuick3D_Particles3D_designer --> node_venv_lib_python3_12_site-packages_PyQt6_Qt6_qml_QtQuick3D_Particles3D_designer_ParticleShape3DSection_qml["ParticleShape3DSection.qml"]\n    Root --> node_venv["venv"]\n    node_venv --> node_venv_lib["lib"]\n    node_venv_lib --> node_venv_lib_python3_12["python3.12"]\n    node_venv_lib_python3_12 --> node_venv_lib_python3_12_site-packages["site-packages"]\n    node_venv_lib_python3_12_site-packages --> node_venv_lib_python3_12_site-packages_PyQt6["PyQt6"]\n    node_venv_lib_python3_12_site-packages_PyQt6 --> node_venv_lib_python3_12_site-packages_PyQt6_Qt6["Qt6"]\n    node_venv_lib_python3_12_site-packages_PyQt6_Qt6 --> node_venv_lib_python3_12_site-packages_PyQt6_Qt6_qml["qml"]\n    node_venv_lib_python3_12_site-packages_PyQt6_Qt6_qml --> node_venv_lib_python3_12_site-packages_PyQt6_Qt6_qml_QtQuick3D["QtQuick3D"]\n    node_venv_lib_python3_12_site-packages_PyQt6_Qt6_qml_QtQuick3D --> node_venv_lib_python3_12_site-packages_PyQt6_Qt6_qml_QtQuick3D_Particles3D["Particles3D"]\n    node_venv_lib_python3_12_site-packages_PyQt6_Qt6_qml_QtQuick3D_Particles3D --> node_venv_lib_python3_12_site-packages_PyQt6_Qt6_qml_QtQuick3D_Particles3D_designer["designer"]\n    node_venv_lib_python3_12_site-packages_PyQt6_Qt6_qml_QtQuick3D_Particles3D_designer --> node_venv_lib_python3_12_site-packages_PyQt6_Qt6_qml_QtQuick3D_Particles3D_designer_ParticleShape3DSpecifics_qml["ParticleShape3DSpecifics.qml"]\n    Root --> node_venv["venv"]\n    node_venv --> node_venv_lib["lib"]\n    node_venv_lib --> node_venv_lib_python3_12["python3.12"]\n    node_venv_lib_python3_12 --> node_venv_lib_python3_12_site-packages["site-packages"]\n    node_venv_lib_python3_12_site-packages --> node_venv_lib_python3_12_site-packages_PyQt6["PyQt6"]\n    node_venv_lib_python3_12_site-packages_PyQt6 --> node_venv_lib_python3_12_site-packages_PyQt6_Qt6["Qt6"]\n    node_venv_lib_python3_12_site-packages_PyQt6_Qt6 --> node_venv_lib_python3_12_site-packages_PyQt6_Qt6_qml["qml"]\n    node_venv_lib_python3_12_site-packages_PyQt6_Qt6_qml --> node_venv_lib_python3_12_site-packages_PyQt6_Qt6_qml_QtQuick3D["QtQuick3D"]\n    node_venv_lib_python3_12_site-packages_PyQt6_Qt6_qml_QtQuick3D --> node_venv_lib_python3_12_site-packages_PyQt6_Qt6_qml_QtQuick3D_Particles3D["Particles3D"]\n    node_venv_lib_python3_12_site-packages_PyQt6_Qt6_qml_QtQuick3D_Particles3D --> node_venv_lib_python3_12_site-packages_PyQt6_Qt6_qml_QtQuick3D_Particles3D_designer["designer"]\n    node_venv_lib_python3_12_site-packages_PyQt6_Qt6_qml_QtQuick3D_Particles3D_designer --> node_venv_lib_python3_12_site-packages_PyQt6_Qt6_qml_QtQuick3D_Particles3D_designer_ParticleSystem3DSection_qml["ParticleSystem3DSection.qml"]\n    Root --> node_venv["venv"]\n    node_venv --> node_venv_lib["lib"]\n    node_venv_lib --> node_venv_lib_python3_12["python3.12"]\n    node_venv_lib_python3_12 --> node_venv_lib_python3_12_site-packages["site-packages"]\n    node_venv_lib_python3_12_site-packages --> node_venv_lib_python3_12_site-packages_PyQt6["PyQt6"]\n    node_venv_lib_python3_12_site-packages_PyQt6 --> node_venv_lib_python3_12_site-packages_PyQt6_Qt6["Qt6"]\n    node_venv_lib_python3_12_site-packages_PyQt6_Qt6 --> node_venv_lib_python3_12_site-packages_PyQt6_Qt6_qml["qml"]\n    node_venv_lib_python3_12_site-packages_PyQt6_Qt6_qml --> node_venv_lib_python3_12_site-packages_PyQt6_Qt6_qml_QtQuick3D["QtQuick3D"]\n    node_venv_lib_python3_12_site-packages_PyQt6_Qt6_qml_QtQuick3D --> node_venv_lib_python3_12_site-packages_PyQt6_Qt6_qml_QtQuick3D_Particles3D["Particles3D"]\n    node_venv_lib_python3_12_site-packages_PyQt6_Qt6_qml_QtQuick3D_Particles3D --> node_venv_lib_python3_12_site-packages_PyQt6_Qt6_qml_QtQuick3D_Particles3D_designer["designer"]\n    node_venv_lib_python3_12_site-packages_PyQt6_Qt6_qml_QtQuick3D_Particles3D_designer --> node_venv_lib_python3_12_site-packages_PyQt6_Qt6_qml_QtQuick3D_Particles3D_designer_ParticleSystem3DSpecifics_qml["ParticleSystem3DSpecifics.qml"]\n    Root --> node_venv["venv"]\n    node_venv --> node_venv_lib["lib"]\n    node_venv_lib --> node_venv_lib_python3_12["python3.12"]\n    node_venv_lib_python3_12 --> node_venv_lib_python3_12_site-packages["site-packages"]\n    node_venv_lib_python3_12_site-packages --> node_venv_lib_python3_12_site-packages_PyQt6["PyQt6"]\n    node_venv_lib_python3_12_site-packages_PyQt6 --> node_venv_lib_python3_12_site-packages_PyQt6_Qt6["Qt6"]\n    node_venv_lib_python3_12_site-packages_PyQt6_Qt6 --> node_venv_lib_python3_12_site-packages_PyQt6_Qt6_qml["qml"]\n    node_venv_lib_python3_12_site-packages_PyQt6_Qt6_qml --> node_venv_lib_python3_12_site-packages_PyQt6_Qt6_qml_QtQuick3D["QtQuick3D"]\n    node_venv_lib_python3_12_site-packages_PyQt6_Qt6_qml_QtQuick3D --> node_venv_lib_python3_12_site-packages_PyQt6_Qt6_qml_QtQuick3D_Particles3D["Particles3D"]\n    node_venv_lib_python3_12_site-packages_PyQt6_Qt6_qml_QtQuick3D_Particles3D --> node_venv_lib_python3_12_site-packages_PyQt6_Qt6_qml_QtQuick3D_Particles3D_designer["designer"]\n    node_venv_lib_python3_12_site-packages_PyQt6_Qt6_qml_QtQuick3D_Particles3D_designer --> node_venv_lib_python3_12_site-packages_PyQt6_Qt6_qml_QtQuick3D_Particles3D_designer_PointRotator3DSection_qml["PointRotator3DSection.qml"]\n    Root --> node_venv["venv"]\n    node_venv --> node_venv_lib["lib"]\n    node_venv_lib --> node_venv_lib_python3_12["python3.12"]\n    node_venv_lib_python3_12 --> node_venv_lib_python3_12_site-packages["site-packages"]\n    node_venv_lib_python3_12_site-packages --> node_venv_lib_python3_12_site-packages_PyQt6["PyQt6"]\n    node_venv_lib_python3_12_site-packages_PyQt6 --> node_venv_lib_python3_12_site-packages_PyQt6_Qt6["Qt6"]\n    node_venv_lib_python3_12_site-packages_PyQt6_Qt6 --> node_venv_lib_python3_12_site-packages_PyQt6_Qt6_qml["qml"]\n    node_venv_lib_python3_12_site-packages_PyQt6_Qt6_qml --> node_venv_lib_python3_12_site-packages_PyQt6_Qt6_qml_QtQuick3D["QtQuick3D"]\n    node_venv_lib_python3_12_site-packages_PyQt6_Qt6_qml_QtQuick3D --> node_venv_lib_python3_12_site-packages_PyQt6_Qt6_qml_QtQuick3D_Particles3D["Particles3D"]\n    node_venv_lib_python3_12_site-packages_PyQt6_Qt6_qml_QtQuick3D_Particles3D --> node_venv_lib_python3_12_site-packages_PyQt6_Qt6_qml_QtQuick3D_Particles3D_designer["designer"]\n    node_venv_lib_python3_12_site-packages_PyQt6_Qt6_qml_QtQuick3D_Particles3D_designer --> node_venv_lib_python3_12_site-packages_PyQt6_Qt6_qml_QtQuick3D_Particles3D_designer_PointRotator3DSpecifics_qml["PointRotator3DSpecifics.qml"]\n    Root --> node_venv["venv"]\n    node_venv --> node_venv_lib["lib"]\n    node_venv_lib --> node_venv_lib_python3_12["python3.12"]\n    node_venv_lib_python3_12 --> node_venv_lib_python3_12_site-packages["site-packages"]\n    node_venv_lib_python3_12_site-packages --> node_venv_lib_python3_12_site-packages_PyQt6["PyQt6"]\n    node_venv_lib_python3_12_site-packages_PyQt6 --> node_venv_lib_python3_12_site-packages_PyQt6_Qt6["Qt6"]\n    node_venv_lib_python3_12_site-packages_PyQt6_Qt6 --> node_venv_lib_python3_12_site-packages_PyQt6_Qt6_qml["qml"]\n    node_venv_lib_python3_12_site-packages_PyQt6_Qt6_qml --> node_venv_lib_python3_12_site-packages_PyQt6_Qt6_qml_QtQuick3D["QtQuick3D"]\n    node_venv_lib_python3_12_site-packages_PyQt6_Qt6_qml_QtQuick3D --> node_venv_lib_python3_12_site-packages_PyQt6_Qt6_qml_QtQuick3D_Particles3D["Particles3D"]\n    node_venv_lib_python3_12_site-packages_PyQt6_Qt6_qml_QtQuick3D_Particles3D --> node_venv_lib_python3_12_site-packages_PyQt6_Qt6_qml_QtQuick3D_Particles3D_designer["designer"]\n    node_venv_lib_python3_12_site-packages_PyQt6_Qt6_qml_QtQuick3D_Particles3D_designer --> node_venv_lib_python3_12_site-packages_PyQt6_Qt6_qml_QtQuick3D_Particles3D_designer_Repeller3DSection_qml["Repeller3DSection.qml"]\n    Root --> node_venv["venv"]\n    node_venv --> node_venv_lib["lib"]\n    node_venv_lib --> node_venv_lib_python3_12["python3.12"]\n    node_venv_lib_python3_12 --> node_venv_lib_python3_12_site-packages["site-packages"]\n    node_venv_lib_python3_12_site-packages --> node_venv_lib_python3_12_site-packages_PyQt6["PyQt6"]\n    node_venv_lib_python3_12_site-packages_PyQt6 --> node_venv_lib_python3_12_site-packages_PyQt6_Qt6["Qt6"]\n    node_venv_lib_python3_12_site-packages_PyQt6_Qt6 --> node_venv_lib_python3_12_site-packages_PyQt6_Qt6_qml["qml"]\n    node_venv_lib_python3_12_site-packages_PyQt6_Qt6_qml --> node_venv_lib_python3_12_site-packages_PyQt6_Qt6_qml_QtQuick3D["QtQuick3D"]\n    node_venv_lib_python3_12_site-packages_PyQt6_Qt6_qml_QtQuick3D --> node_venv_lib_python3_12_site-packages_PyQt6_Qt6_qml_QtQuick3D_Particles3D["Particles3D"]\n    node_venv_lib_python3_12_site-packages_PyQt6_Qt6_qml_QtQuick3D_Particles3D --> node_venv_lib_python3_12_site-packages_PyQt6_Qt6_qml_QtQuick3D_Particles3D_designer["designer"]\n    node_venv_lib_python3_12_site-packages_PyQt6_Qt6_qml_QtQuick3D_Particles3D_designer --> node_venv_lib_python3_12_site-packages_PyQt6_Qt6_qml_QtQuick3D_Particles3D_designer_Repeller3DSpecifics_qml["Repeller3DSpecifics.qml"]\n    Root --> node_venv["venv"]\n    node_venv --> node_venv_lib["lib"]\n    node_venv_lib --> node_venv_lib_python3_12["python3.12"]\n    node_venv_lib_python3_12 --> node_venv_lib_python3_12_site-packages["site-packages"]\n    node_venv_lib_python3_12_site-packages --> node_venv_lib_python3_12_site-packages_PyQt6["PyQt6"]\n    node_venv_lib_python3_12_site-packages_PyQt6 --> node_venv_lib_python3_12_site-packages_PyQt6_Qt6["Qt6"]\n    node_venv_lib_python3_12_site-packages_PyQt6_Qt6 --> node_venv_lib_python3_12_site-packages_PyQt6_Qt6_qml["qml"]\n    node_venv_lib_python3_12_site-packages_PyQt6_Qt6_qml --> node_venv_lib_python3_12_site-packages_PyQt6_Qt6_qml_QtQuick3D["QtQuick3D"]\n    node_venv_lib_python3_12_site-packages_PyQt6_Qt6_qml_QtQuick3D --> node_venv_lib_python3_12_site-packages_PyQt6_Qt6_qml_QtQuick3D_Particles3D["Particles3D"]\n    node_venv_lib_python3_12_site-packages_PyQt6_Qt6_qml_QtQuick3D_Particles3D --> node_venv_lib_python3_12_site-packages_PyQt6_Qt6_qml_QtQuick3D_Particles3D_designer["designer"]\n    node_venv_lib_python3_12_site-packages_PyQt6_Qt6_qml_QtQuick3D_Particles3D_designer --> node_venv_lib_python3_12_site-packages_PyQt6_Qt6_qml_QtQuick3D_Particles3D_designer_ScaleAffector3DSection_qml["ScaleAffector3DSection.qml"]\n    Root --> node_venv["venv"]\n    node_venv --> node_venv_lib["lib"]\n    node_venv_lib --> node_venv_lib_python3_12["python3.12"]\n    node_venv_lib_python3_12 --> node_venv_lib_python3_12_site-packages["site-packages"]\n    node_venv_lib_python3_12_site-packages --> node_venv_lib_python3_12_site-packages_PyQt6["PyQt6"]\n    node_venv_lib_python3_12_site-packages_PyQt6 --> node_venv_lib_python3_12_site-packages_PyQt6_Qt6["Qt6"]\n    node_venv_lib_python3_12_site-packages_PyQt6_Qt6 --> node_venv_lib_python3_12_site-packages_PyQt6_Qt6_qml["qml"]\n    node_venv_lib_python3_12_site-packages_PyQt6_Qt6_qml --> node_venv_lib_python3_12_site-packages_PyQt6_Qt6_qml_QtQuick3D["QtQuick3D"]\n    node_venv_lib_python3_12_site-packages_PyQt6_Qt6_qml_QtQuick3D --> node_venv_lib_python3_12_site-packages_PyQt6_Qt6_qml_QtQuick3D_Particles3D["Particles3D"]\n    node_venv_lib_python3_12_site-packages_PyQt6_Qt6_qml_QtQuick3D_Particles3D --> node_venv_lib_python3_12_site-packages_PyQt6_Qt6_qml_QtQuick3D_Particles3D_designer["designer"]\n    node_venv_lib_python3_12_site-packages_PyQt6_Qt6_qml_QtQuick3D_Particles3D_designer --> node_venv_lib_python3_12_site-packages_PyQt6_Qt6_qml_QtQuick3D_Particles3D_designer_ScaleAffector3DSpecifics_qml["ScaleAffector3DSpecifics.qml"]\n    Root --> node_venv["venv"]\n    node_venv --> node_venv_lib["lib"]\n    node_venv_lib --> node_venv_lib_python3_12["python3.12"]\n    node_venv_lib_python3_12 --> node_venv_lib_python3_12_site-packages["site-packages"]\n    node_venv_lib_python3_12_site-packages --> node_venv_lib_python3_12_site-packages_PyQt6["PyQt6"]\n    node_venv_lib_python3_12_site-packages_PyQt6 --> node_venv_lib_python3_12_site-packages_PyQt6_Qt6["Qt6"]\n    node_venv_lib_python3_12_site-packages_PyQt6_Qt6 --> node_venv_lib_python3_12_site-packages_PyQt6_Qt6_qml["qml"]\n    node_venv_lib_python3_12_site-packages_PyQt6_Qt6_qml --> node_venv_lib_python3_12_site-packages_PyQt6_Qt6_qml_QtQuick3D["QtQuick3D"]\n    node_venv_lib_python3_12_site-packages_PyQt6_Qt6_qml_QtQuick3D --> node_venv_lib_python3_12_site-packages_PyQt6_Qt6_qml_QtQuick3D_Particles3D["Particles3D"]\n    node_venv_lib_python3_12_site-packages_PyQt6_Qt6_qml_QtQuick3D_Particles3D --> node_venv_lib_python3_12_site-packages_PyQt6_Qt6_qml_QtQuick3D_Particles3D_designer["designer"]\n    node_venv_lib_python3_12_site-packages_PyQt6_Qt6_qml_QtQuick3D_Particles3D_designer --> node_venv_lib_python3_12_site-packages_PyQt6_Qt6_qml_QtQuick3D_Particles3D_designer_SpriteParticle3DSection_qml["SpriteParticle3DSection.qml"]\n    Root --> node_venv["venv"]\n    node_venv --> node_venv_lib["lib"]\n    node_venv_lib --> node_venv_lib_python3_12["python3.12"]\n    node_venv_lib_python3_12 --> node_venv_lib_python3_12_site-packages["site-packages"]\n    node_venv_lib_python3_12_site-packages --> node_venv_lib_python3_12_site-packages_PyQt6["PyQt6"]\n    node_venv_lib_python3_12_site-packages_PyQt6 --> node_venv_lib_python3_12_site-packages_PyQt6_Qt6["Qt6"]\n    node_venv_lib_python3_12_site-packages_PyQt6_Qt6 --> node_venv_lib_python3_12_site-packages_PyQt6_Qt6_qml["qml"]\n    node_venv_lib_python3_12_site-packages_PyQt6_Qt6_qml --> node_venv_lib_python3_12_site-packages_PyQt6_Qt6_qml_QtQuick3D["QtQuick3D"]\n    node_venv_lib_python3_12_site-packages_PyQt6_Qt6_qml_QtQuick3D --> node_venv_lib_python3_12_site-packages_PyQt6_Qt6_qml_QtQuick3D_Particles3D["Particles3D"]\n    node_venv_lib_python3_12_site-packages_PyQt6_Qt6_qml_QtQuick3D_Particles3D --> node_venv_lib_python3_12_site-packages_PyQt6_Qt6_qml_QtQuick3D_Particles3D_designer["designer"]\n    node_venv_lib_python3_12_site-packages_PyQt6_Qt6_qml_QtQuick3D_Particles3D_designer --> node_venv_lib_python3_12_site-packages_PyQt6_Qt6_qml_QtQuick3D_Particles3D_designer_SpriteParticle3DSpecifics_qml["SpriteParticle3DSpecifics.qml"]\n    Root --> node_venv["venv"]\n    node_venv --> node_venv_lib["lib"]\n    node_venv_lib --> node_venv_lib_python3_12["python3.12"]\n    node_venv_lib_python3_12 --> node_venv_lib_python3_12_site-packages["site-packages"]\n    node_venv_lib_python3_12_site-packages --> node_venv_lib_python3_12_site-packages_PyQt6["PyQt6"]\n    node_venv_lib_python3_12_site-packages_PyQt6 --> node_venv_lib_python3_12_site-packages_PyQt6_Qt6["Qt6"]\n    node_venv_lib_python3_12_site-packages_PyQt6_Qt6 --> node_venv_lib_python3_12_site-packages_PyQt6_Qt6_qml["qml"]\n    node_venv_lib_python3_12_site-packages_PyQt6_Qt6_qml --> node_venv_lib_python3_12_site-packages_PyQt6_Qt6_qml_QtQuick3D["QtQuick3D"]\n    node_venv_lib_python3_12_site-packages_PyQt6_Qt6_qml_QtQuick3D --> node_venv_lib_python3_12_site-packages_PyQt6_Qt6_qml_QtQuick3D_Particles3D["Particles3D"]\n    node_venv_lib_python3_12_site-packages_PyQt6_Qt6_qml_QtQuick3D_Particles3D --> node_venv_lib_python3_12_site-packages_PyQt6_Qt6_qml_QtQuick3D_Particles3D_designer["designer"]\n    node_venv_lib_python3_12_site-packages_PyQt6_Qt6_qml_QtQuick3D_Particles3D_designer --> node_venv_lib_python3_12_site-packages_PyQt6_Qt6_qml_QtQuick3D_Particles3D_designer_SpriteSequence3DSection_qml["SpriteSequence3DSection.qml"]\n    Root --> node_venv["venv"]\n    node_venv --> node_venv_lib["lib"]\n    node_venv_lib --> node_venv_lib_python3_12["python3.12"]\n    node_venv_lib_python3_12 --> node_venv_lib_python3_12_site-packages["site-packages"]\n    node_venv_lib_python3_12_site-packages --> node_venv_lib_python3_12_site-packages_PyQt6["PyQt6"]\n    node_venv_lib_python3_12_site-packages_PyQt6 --> node_venv_lib_python3_12_site-packages_PyQt6_Qt6["Qt6"]\n    node_venv_lib_python3_12_site-packages_PyQt6_Qt6 --> node_venv_lib_python3_12_site-packages_PyQt6_Qt6_qml["qml"]\n    node_venv_lib_python3_12_site-packages_PyQt6_Qt6_qml --> node_venv_lib_python3_12_site-packages_PyQt6_Qt6_qml_QtQuick3D["QtQuick3D"]\n    node_venv_lib_python3_12_site-packages_PyQt6_Qt6_qml_QtQuick3D --> node_venv_lib_python3_12_site-packages_PyQt6_Qt6_qml_QtQuick3D_Particles3D["Particles3D"]\n    node_venv_lib_python3_12_site-packages_PyQt6_Qt6_qml_QtQuick3D_Particles3D --> node_venv_lib_python3_12_site-packages_PyQt6_Qt6_qml_QtQuick3D_Particles3D_designer["designer"]\n    node_venv_lib_python3_12_site-packages_PyQt6_Qt6_qml_QtQuick3D_Particles3D_designer --> node_venv_lib_python3_12_site-packages_PyQt6_Qt6_qml_QtQuick3D_Particles3D_designer_SpriteSequence3DSpecifics_qml["SpriteSequence3DSpecifics.qml"]\n    Root --> node_venv["venv"]\n    node_venv --> node_venv_lib["lib"]\n    node_venv_lib --> node_venv_lib_python3_12["python3.12"]\n    node_venv_lib_python3_12 --> node_venv_lib_python3_12_site-packages["site-packages"]\n    node_venv_lib_python3_12_site-packages --> node_venv_lib_python3_12_site-packages_PyQt6["PyQt6"]\n    node_venv_lib_python3_12_site-packages_PyQt6 --> node_venv_lib_python3_12_site-packages_PyQt6_Qt6["Qt6"]\n    node_venv_lib_python3_12_site-packages_PyQt6_Qt6 --> node_venv_lib_python3_12_site-packages_PyQt6_Qt6_qml["qml"]\n    node_venv_lib_python3_12_site-packages_PyQt6_Qt6_qml --> node_venv_lib_python3_12_site-packages_PyQt6_Qt6_qml_QtQuick3D["QtQuick3D"]\n    node_venv_lib_python3_12_site-packages_PyQt6_Qt6_qml_QtQuick3D --> node_venv_lib_python3_12_site-packages_PyQt6_Qt6_qml_QtQuick3D_Particles3D["Particles3D"]\n    node_venv_lib_python3_12_site-packages_PyQt6_Qt6_qml_QtQuick3D_Particles3D --> node_venv_lib_python3_12_site-packages_PyQt6_Qt6_qml_QtQuick3D_Particles3D_designer["designer"]\n    node_venv_lib_python3_12_site-packages_PyQt6_Qt6_qml_QtQuick3D_Particles3D_designer --> node_venv_lib_python3_12_site-packages_PyQt6_Qt6_qml_QtQuick3D_Particles3D_designer_TargetDirection3DSection_qml["TargetDirection3DSection.qml"]\n    Root --> node_venv["venv"]\n    node_venv --> node_venv_lib["lib"]\n    node_venv_lib --> node_venv_lib_python3_12["python3.12"]\n    node_venv_lib_python3_12 --> node_venv_lib_python3_12_site-packages["site-packages"]\n    node_venv_lib_python3_12_site-packages --> node_venv_lib_python3_12_site-packages_PyQt6["PyQt6"]\n    node_venv_lib_python3_12_site-packages_PyQt6 --> node_venv_lib_python3_12_site-packages_PyQt6_Qt6["Qt6"]\n    node_venv_lib_python3_12_site-packages_PyQt6_Qt6 --> node_venv_lib_python3_12_site-packages_PyQt6_Qt6_qml["qml"]\n    node_venv_lib_python3_12_site-packages_PyQt6_Qt6_qml --> node_venv_lib_python3_12_site-packages_PyQt6_Qt6_qml_QtQuick3D["QtQuick3D"]\n    node_venv_lib_python3_12_site-packages_PyQt6_Qt6_qml_QtQuick3D --> node_venv_lib_python3_12_site-packages_PyQt6_Qt6_qml_QtQuick3D_Particles3D["Particles3D"]\n    node_venv_lib_python3_12_site-packages_PyQt6_Qt6_qml_QtQuick3D_Particles3D --> node_venv_lib_python3_12_site-packages_PyQt6_Qt6_qml_QtQuick3D_Particles3D_designer["designer"]\n    node_venv_lib_python3_12_site-packages_PyQt6_Qt6_qml_QtQuick3D_Particles3D_designer --> node_venv_lib_python3_12_site-packages_PyQt6_Qt6_qml_QtQuick3D_Particles3D_designer_TargetDirection3DSpecifics_qml["TargetDirection3DSpecifics.qml"]\n    Root --> node_venv["venv"]\n    node_venv --> node_venv_lib["lib"]\n    node_venv_lib --> node_venv_lib_python3_12["python3.12"]\n    node_venv_lib_python3_12 --> node_venv_lib_python3_12_site-packages["site-packages"]\n    node_venv_lib_python3_12_site-packages --> node_venv_lib_python3_12_site-packages_PyQt6["PyQt6"]\n    node_venv_lib_python3_12_site-packages_PyQt6 --> node_venv_lib_python3_12_site-packages_PyQt6_Qt6["Qt6"]\n    node_venv_lib_python3_12_site-packages_PyQt6_Qt6 --> node_venv_lib_python3_12_site-packages_PyQt6_Qt6_qml["qml"]\n    node_venv_lib_python3_12_site-packages_PyQt6_Qt6_qml --> node_venv_lib_python3_12_site-packages_PyQt6_Qt6_qml_QtQuick3D["QtQuick3D"]\n    node_venv_lib_python3_12_site-packages_PyQt6_Qt6_qml_QtQuick3D --> node_venv_lib_python3_12_site-packages_PyQt6_Qt6_qml_QtQuick3D_Particles3D["Particles3D"]\n    node_venv_lib_python3_12_site-packages_PyQt6_Qt6_qml_QtQuick3D_Particles3D --> node_venv_lib_python3_12_site-packages_PyQt6_Qt6_qml_QtQuick3D_Particles3D_designer["designer"]\n    node_venv_lib_python3_12_site-packages_PyQt6_Qt6_qml_QtQuick3D_Particles3D_designer --> node_venv_lib_python3_12_site-packages_PyQt6_Qt6_qml_QtQuick3D_Particles3D_designer_TrailEmitter3DSection_qml["TrailEmitter3DSection.qml"]\n    Root --> node_venv["venv"]\n    node_venv --> node_venv_lib["lib"]\n    node_venv_lib --> node_venv_lib_python3_12["python3.12"]\n    node_venv_lib_python3_12 --> node_venv_lib_python3_12_site-packages["site-packages"]\n    node_venv_lib_python3_12_site-packages --> node_venv_lib_python3_12_site-packages_PyQt6["PyQt6"]\n    node_venv_lib_python3_12_site-packages_PyQt6 --> node_venv_lib_python3_12_site-packages_PyQt6_Qt6["Qt6"]\n    node_venv_lib_python3_12_site-packages_PyQt6_Qt6 --> node_venv_lib_python3_12_site-packages_PyQt6_Qt6_qml["qml"]\n    node_venv_lib_python3_12_site-packages_PyQt6_Qt6_qml --> node_venv_lib_python3_12_site-packages_PyQt6_Qt6_qml_QtQuick3D["QtQuick3D"]\n    node_venv_lib_python3_12_site-packages_PyQt6_Qt6_qml_QtQuick3D --> node_venv_lib_python3_12_site-packages_PyQt6_Qt6_qml_QtQuick3D_Particles3D["Particles3D"]\n    node_venv_lib_python3_12_site-packages_PyQt6_Qt6_qml_QtQuick3D_Particles3D --> node_venv_lib_python3_12_site-packages_PyQt6_Qt6_qml_QtQuick3D_Particles3D_designer["designer"]\n    node_venv_lib_python3_12_site-packages_PyQt6_Qt6_qml_QtQuick3D_Particles3D_designer --> node_venv_lib_python3_12_site-packages_PyQt6_Qt6_qml_QtQuick3D_Particles3D_designer_TrailEmitter3DSpecifics_qml["TrailEmitter3DSpecifics.qml"]\n    Root --> node_venv["venv"]\n    node_venv --> node_venv_lib["lib"]\n    node_venv_lib --> node_venv_lib_python3_12["python3.12"]\n    node_venv_lib_python3_12 --> node_venv_lib_python3_12_site-packages["site-packages"]\n    node_venv_lib_python3_12_site-packages --> node_venv_lib_python3_12_site-packages_PyQt6["PyQt6"]\n    node_venv_lib_python3_12_site-packages_PyQt6 --> node_venv_lib_python3_12_site-packages_PyQt6_Qt6["Qt6"]\n    node_venv_lib_python3_12_site-packages_PyQt6_Qt6 --> node_venv_lib_python3_12_site-packages_PyQt6_Qt6_qml["qml"]\n    node_venv_lib_python3_12_site-packages_PyQt6_Qt6_qml --> node_venv_lib_python3_12_site-packages_PyQt6_Qt6_qml_QtQuick3D["QtQuick3D"]\n    node_venv_lib_python3_12_site-packages_PyQt6_Qt6_qml_QtQuick3D --> node_venv_lib_python3_12_site-packages_PyQt6_Qt6_qml_QtQuick3D_Particles3D["Particles3D"]\n    node_venv_lib_python3_12_site-packages_PyQt6_Qt6_qml_QtQuick3D_Particles3D --> node_venv_lib_python3_12_site-packages_PyQt6_Qt6_qml_QtQuick3D_Particles3D_designer["designer"]\n    node_venv_lib_python3_12_site-packages_PyQt6_Qt6_qml_QtQuick3D_Particles3D_designer --> node_venv_lib_python3_12_site-packages_PyQt6_Qt6_qml_QtQuick3D_Particles3D_designer_VectorDirection3DSection_qml["VectorDirection3DSection.qml"]\n    Root --> node_venv["venv"]\n    node_venv --> node_venv_lib["lib"]\n    node_venv_lib --> node_venv_lib_python3_12["python3.12"]\n    node_venv_lib_python3_12 --> node_venv_lib_python3_12_site-packages["site-packages"]\n    node_venv_lib_python3_12_site-packages --> node_venv_lib_python3_12_site-packages_PyQt6["PyQt6"]\n    node_venv_lib_python3_12_site-packages_PyQt6 --> node_venv_lib_python3_12_site-packages_PyQt6_Qt6["Qt6"]\n    node_venv_lib_python3_12_site-packages_PyQt6_Qt6 --> node_venv_lib_python3_12_site-packages_PyQt6_Qt6_qml["qml"]\n    node_venv_lib_python3_12_site-packages_PyQt6_Qt6_qml --> node_venv_lib_python3_12_site-packages_PyQt6_Qt6_qml_QtQuick3D["QtQuick3D"]\n    node_venv_lib_python3_12_site-packages_PyQt6_Qt6_qml_QtQuick3D --> node_venv_lib_python3_12_site-packages_PyQt6_Qt6_qml_QtQuick3D_Particles3D["Particles3D"]\n    node_venv_lib_python3_12_site-packages_PyQt6_Qt6_qml_QtQuick3D_Particles3D --> node_venv_lib_python3_12_site-packages_PyQt6_Qt6_qml_QtQuick3D_Particles3D_designer["designer"]\n    node_venv_lib_python3_12_site-packages_PyQt6_Qt6_qml_QtQuick3D_Particles3D_designer --> node_venv_lib_python3_12_site-packages_PyQt6_Qt6_qml_QtQuick3D_Particles3D_designer_VectorDirection3DSpecifics_qml["VectorDirection3DSpecifics.qml"]\n    Root --> node_venv["venv"]\n    node_venv --> node_venv_lib["lib"]\n    node_venv_lib --> node_venv_lib_python3_12["python3.12"]\n    node_venv_lib_python3_12 --> node_venv_lib_python3_12_site-packages["site-packages"]\n    node_venv_lib_python3_12_site-packages --> node_venv_lib_python3_12_site-packages_PyQt6["PyQt6"]\n    node_venv_lib_python3_12_site-packages_PyQt6 --> node_venv_lib_python3_12_site-packages_PyQt6_Qt6["Qt6"]\n    node_venv_lib_python3_12_site-packages_PyQt6_Qt6 --> node_venv_lib_python3_12_site-packages_PyQt6_Qt6_qml["qml"]\n    node_venv_lib_python3_12_site-packages_PyQt6_Qt6_qml --> node_venv_lib_python3_12_site-packages_PyQt6_Qt6_qml_QtQuick3D["QtQuick3D"]\n    node_venv_lib_python3_12_site-packages_PyQt6_Qt6_qml_QtQuick3D --> node_venv_lib_python3_12_site-packages_PyQt6_Qt6_qml_QtQuick3D_Particles3D["Particles3D"]\n    node_venv_lib_python3_12_site-packages_PyQt6_Qt6_qml_QtQuick3D_Particles3D --> node_venv_lib_python3_12_site-packages_PyQt6_Qt6_qml_QtQuick3D_Particles3D_designer["designer"]\n    node_venv_lib_python3_12_site-packages_PyQt6_Qt6_qml_QtQuick3D_Particles3D_designer --> node_venv_lib_python3_12_site-packages_PyQt6_Qt6_qml_QtQuick3D_Particles3D_designer_Wander3DSection_qml["Wander3DSection.qml"]\n    Root --> node_venv["venv"]\n    node_venv --> node_venv_lib["lib"]\n    node_venv_lib --> node_venv_lib_python3_12["python3.12"]\n    node_venv_lib_python3_12 --> node_venv_lib_python3_12_site-packages["site-packages"]\n    node_venv_lib_python3_12_site-packages --> node_venv_lib_python3_12_site-packages_PyQt6["PyQt6"]\n    node_venv_lib_python3_12_site-packages_PyQt6 --> node_venv_lib_python3_12_site-packages_PyQt6_Qt6["Qt6"]\n    node_venv_lib_python3_12_site-packages_PyQt6_Qt6 --> node_venv_lib_python3_12_site-packages_PyQt6_Qt6_qml["qml"]\n    node_venv_lib_python3_12_site-packages_PyQt6_Qt6_qml --> node_venv_lib_python3_12_site-packages_PyQt6_Qt6_qml_QtQuick3D["QtQuick3D"]\n    node_venv_lib_python3_12_site-packages_PyQt6_Qt6_qml_QtQuick3D --> node_venv_lib_python3_12_site-packages_PyQt6_Qt6_qml_QtQuick3D_Particles3D["Particles3D"]\n    node_venv_lib_python3_12_site-packages_PyQt6_Qt6_qml_QtQuick3D_Particles3D --> node_venv_lib_python3_12_site-packages_PyQt6_Qt6_qml_QtQuick3D_Particles3D_designer["designer"]\n    node_venv_lib_python3_12_site-packages_PyQt6_Qt6_qml_QtQuick3D_Particles3D_designer --> node_venv_lib_python3_12_site-packages_PyQt6_Qt6_qml_QtQuick3D_Particles3D_designer_Wander3DSpecifics_qml["Wander3DSpecifics.qml"]\n    Root --> node_venv["venv"]\n    node_venv --> node_venv_lib["lib"]\n    node_venv_lib --> node_venv_lib_python3_12["python3.12"]\n    node_venv_lib_python3_12 --> node_venv_lib_python3_12_site-packages["site-packages"]\n    node_venv_lib_python3_12_site-packages --> node_venv_lib_python3_12_site-packages_PyQt6["PyQt6"]\n    node_venv_lib_python3_12_site-packages_PyQt6 --> node_venv_lib_python3_12_site-packages_PyQt6_Qt6["Qt6"]\n    node_venv_lib_python3_12_site-packages_PyQt6_Qt6 --> node_venv_lib_python3_12_site-packages_PyQt6_Qt6_qml["qml"]\n    node_venv_lib_python3_12_site-packages_PyQt6_Qt6_qml --> node_venv_lib_python3_12_site-packages_PyQt6_Qt6_qml_QtQuick3D["QtQuick3D"]\n    node_venv_lib_python3_12_site-packages_PyQt6_Qt6_qml_QtQuick3D --> node_venv_lib_python3_12_site-packages_PyQt6_Qt6_qml_QtQuick3D_Particles3D["Particles3D"]\n    node_venv_lib_python3_12_site-packages_PyQt6_Qt6_qml_QtQuick3D_Particles3D --> node_venv_lib_python3_12_site-packages_PyQt6_Qt6_qml_QtQuick3D_Particles3D_designer["designer"]\n    node_venv_lib_python3_12_site-packages_PyQt6_Qt6_qml_QtQuick3D_Particles3D_designer --> node_venv_lib_python3_12_site-packages_PyQt6_Qt6_qml_QtQuick3D_Particles3D_designer_particles3d_metainfo["particles3d.metainfo"]\n    Root --> node_venv["venv"]\n    node_venv --> node_venv_lib["lib"]\n    node_venv_lib --> node_venv_lib_python3_12["python3.12"]\n    node_venv_lib_python3_12 --> node_venv_lib_python3_12_site-packages["site-packages"]\n    node_venv_lib_python3_12_site-packages --> node_venv_lib_python3_12_site-packages_PyQt6["PyQt6"]\n    node_venv_lib_python3_12_site-packages_PyQt6 --> node_venv_lib_python3_12_site-packages_PyQt6_Qt6["Qt6"]\n    node_venv_lib_python3_12_site-packages_PyQt6_Qt6 --> node_venv_lib_python3_12_site-packages_PyQt6_Qt6_qml["qml"]\n    node_venv_lib_python3_12_site-packages_PyQt6_Qt6_qml --> node_venv_lib_python3_12_site-packages_PyQt6_Qt6_qml_QtQuick3D["QtQuick3D"]\n    node_venv_lib_python3_12_site-packages_PyQt6_Qt6_qml_QtQuick3D --> node_venv_lib_python3_12_site-packages_PyQt6_Qt6_qml_QtQuick3D_Particles3D["Particles3D"]\n    node_venv_lib_python3_12_site-packages_PyQt6_Qt6_qml_QtQuick3D_Particles3D --> node_venv_lib_python3_12_site-packages_PyQt6_Qt6_qml_QtQuick3D_Particles3D_designer["designer"]\n    node_venv_lib_python3_12_site-packages_PyQt6_Qt6_qml_QtQuick3D_Particles3D_designer --> node_venv_lib_python3_12_site-packages_PyQt6_Qt6_qml_QtQuick3D_Particles3D_designer_images["images"]\n    node_venv_lib_python3_12_site-packages_PyQt6_Qt6_qml_QtQuick3D_Particles3D_designer_images --> node_venv_lib_python3_12_site-packages_PyQt6_Qt6_qml_QtQuick3D_Particles3D_designer_images_attractor-16px_png["attractor-16px.png"]\n    Root --> node_venv["venv"]\n    node_venv --> node_venv_lib["lib"]\n    node_venv_lib --> node_venv_lib_python3_12["python3.12"]\n    node_venv_lib_python3_12 --> node_venv_lib_python3_12_site-packages["site-packages"]\n    node_venv_lib_python3_12_site-packages --> node_venv_lib_python3_12_site-packages_PyQt6["PyQt6"]\n    node_venv_lib_python3_12_site-packages_PyQt6 --> node_venv_lib_python3_12_site-packages_PyQt6_Qt6["Qt6"]\n    node_venv_lib_python3_12_site-packages_PyQt6_Qt6 --> node_venv_lib_python3_12_site-packages_PyQt6_Qt6_qml["qml"]\n    node_venv_lib_python3_12_site-packages_PyQt6_Qt6_qml --> node_venv_lib_python3_12_site-packages_PyQt6_Qt6_qml_QtQuick3D["QtQuick3D"]\n    node_venv_lib_python3_12_site-packages_PyQt6_Qt6_qml_QtQuick3D --> node_venv_lib_python3_12_site-packages_PyQt6_Qt6_qml_QtQuick3D_Particles3D["Particles3D"]\n    node_venv_lib_python3_12_site-packages_PyQt6_Qt6_qml_QtQuick3D_Particles3D --> node_venv_lib_python3_12_site-packages_PyQt6_Qt6_qml_QtQuick3D_Particles3D_designer["designer"]\n    node_venv_lib_python3_12_site-packages_PyQt6_Qt6_qml_QtQuick3D_Particles3D_designer --> node_venv_lib_python3_12_site-packages_PyQt6_Qt6_qml_QtQuick3D_Particles3D_designer_images["images"]\n    node_venv_lib_python3_12_site-packages_PyQt6_Qt6_qml_QtQuick3D_Particles3D_designer_images --> node_venv_lib_python3_12_site-packages_PyQt6_Qt6_qml_QtQuick3D_Particles3D_designer_images_attractor-24px_png["attractor-24px.png"]\n    Root --> node_venv["venv"]\n    node_venv --> node_venv_lib["lib"]\n    node_venv_lib --> node_venv_lib_python3_12["python3.12"]\n    node_venv_lib_python3_12 --> node_venv_lib_python3_12_site-packages["site-packages"]\n    node_venv_lib_python3_12_site-packages --> node_venv_lib_python3_12_site-packages_PyQt6["PyQt6"]\n    node_venv_lib_python3_12_site-packages_PyQt6 --> node_venv_lib_python3_12_site-packages_PyQt6_Qt6["Qt6"]\n    node_venv_lib_python3_12_site-packages_PyQt6_Qt6 --> node_venv_lib_python3_12_site-packages_PyQt6_Qt6_qml["qml"]\n    node_venv_lib_python3_12_site-packages_PyQt6_Qt6_qml --> node_venv_lib_python3_12_site-packages_PyQt6_Qt6_qml_QtQuick3D["QtQuick3D"]\n    node_venv_lib_python3_12_site-packages_PyQt6_Qt6_qml_QtQuick3D --> node_venv_lib_python3_12_site-packages_PyQt6_Qt6_qml_QtQuick3D_Particles3D["Particles3D"]\n    node_venv_lib_python3_12_site-packages_PyQt6_Qt6_qml_QtQuick3D_Particles3D --> node_venv_lib_python3_12_site-packages_PyQt6_Qt6_qml_QtQuick3D_Particles3D_designer["designer"]\n    node_venv_lib_python3_12_site-packages_PyQt6_Qt6_qml_QtQuick3D_Particles3D_designer --> node_venv_lib_python3_12_site-packages_PyQt6_Qt6_qml_QtQuick3D_Particles3D_designer_images["images"]\n    node_venv_lib_python3_12_site-packages_PyQt6_Qt6_qml_QtQuick3D_Particles3D_designer_images --> node_venv_lib_python3_12_site-packages_PyQt6_Qt6_qml_QtQuick3D_Particles3D_designer_images_attractor-24px@2x_png["attractor-24px@2x.png"]\n    Root --> node_venv["venv"]\n    node_venv --> node_venv_lib["lib"]\n    node_venv_lib --> node_venv_lib_python3_12["python3.12"]\n    node_venv_lib_python3_12 --> node_venv_lib_python3_12_site-packages["site-packages"]\n    node_venv_lib_python3_12_site-packages --> node_venv_lib_python3_12_site-packages_PyQt6["PyQt6"]\n    node_venv_lib_python3_12_site-packages_PyQt6 --> node_venv_lib_python3_12_site-packages_PyQt6_Qt6["Qt6"]\n    node_venv_lib_python3_12_site-packages_PyQt6_Qt6 --> node_venv_lib_python3_12_site-packages_PyQt6_Qt6_qml["qml"]\n    node_venv_lib_python3_12_site-packages_PyQt6_Qt6_qml --> node_venv_lib_python3_12_site-packages_PyQt6_Qt6_qml_QtQuick3D["QtQuick3D"]\n    node_venv_lib_python3_12_site-packages_PyQt6_Qt6_qml_QtQuick3D --> node_venv_lib_python3_12_site-packages_PyQt6_Qt6_qml_QtQuick3D_Particles3D["Particles3D"]\n    node_venv_lib_python3_12_site-packages_PyQt6_Qt6_qml_QtQuick3D_Particles3D --> node_venv_lib_python3_12_site-packages_PyQt6_Qt6_qml_QtQuick3D_Particles3D_designer["designer"]\n    node_venv_lib_python3_12_site-packages_PyQt6_Qt6_qml_QtQuick3D_Particles3D_designer --> node_venv_lib_python3_12_site-packages_PyQt6_Qt6_qml_QtQuick3D_Particles3D_designer_images["images"]\n    node_venv_lib_python3_12_site-packages_PyQt6_Qt6_qml_QtQuick3D_Particles3D_designer_images --> node_venv_lib_python3_12_site-packages_PyQt6_Qt6_qml_QtQuick3D_Particles3D_designer_images_dummy_png["dummy.png"]\n    Root --> node_venv["venv"]\n    node_venv --> node_venv_lib["lib"]\n    node_venv_lib --> node_venv_lib_python3_12["python3.12"]\n    node_venv_lib_python3_12 --> node_venv_lib_python3_12_site-packages["site-packages"]\n    node_venv_lib_python3_12_site-packages --> node_venv_lib_python3_12_site-packages_PyQt6["PyQt6"]\n    node_venv_lib_python3_12_site-packages_PyQt6 --> node_venv_lib_python3_12_site-packages_PyQt6_Qt6["Qt6"]\n    node_venv_lib_python3_12_site-packages_PyQt6_Qt6 --> node_venv_lib_python3_12_site-packages_PyQt6_Qt6_qml["qml"]\n    node_venv_lib_python3_12_site-packages_PyQt6_Qt6_qml --> node_venv_lib_python3_12_site-packages_PyQt6_Qt6_qml_QtQuick3D["QtQuick3D"]\n    node_venv_lib_python3_12_site-packages_PyQt6_Qt6_qml_QtQuick3D --> node_venv_lib_python3_12_site-packages_PyQt6_Qt6_qml_QtQuick3D_Particles3D["Particles3D"]\n    node_venv_lib_python3_12_site-packages_PyQt6_Qt6_qml_QtQuick3D_Particles3D --> node_venv_lib_python3_12_site-packages_PyQt6_Qt6_qml_QtQuick3D_Particles3D_designer["designer"]\n    node_venv_lib_python3_12_site-packages_PyQt6_Qt6_qml_QtQuick3D_Particles3D_designer --> node_venv_lib_python3_12_site-packages_PyQt6_Qt6_qml_QtQuick3D_Particles3D_designer_images["images"]\n    node_venv_lib_python3_12_site-packages_PyQt6_Qt6_qml_QtQuick3D_Particles3D_designer_images --> node_venv_lib_python3_12_site-packages_PyQt6_Qt6_qml_QtQuick3D_Particles3D_designer_images_dummy16_png["dummy16.png"]\n    Root --> node_venv["venv"]\n    node_venv --> node_venv_lib["lib"]\n    node_venv_lib --> node_venv_lib_python3_12["python3.12"]\n    node_venv_lib_python3_12 --> node_venv_lib_python3_12_site-packages["site-packages"]\n    node_venv_lib_python3_12_site-packages --> node_venv_lib_python3_12_site-packages_PyQt6["PyQt6"]\n    node_venv_lib_python3_12_site-packages_PyQt6 --> node_venv_lib_python3_12_site-packages_PyQt6_Qt6["Qt6"]\n    node_venv_lib_python3_12_site-packages_PyQt6_Qt6 --> node_venv_lib_python3_12_site-packages_PyQt6_Qt6_qml["qml"]\n    node_venv_lib_python3_12_site-packages_PyQt6_Qt6_qml --> node_venv_lib_python3_12_site-packages_PyQt6_Qt6_qml_QtQuick3D["QtQuick3D"]\n    node_venv_lib_python3_12_site-packages_PyQt6_Qt6_qml_QtQuick3D --> node_venv_lib_python3_12_site-packages_PyQt6_Qt6_qml_QtQuick3D_Particles3D["Particles3D"]\n    node_venv_lib_python3_12_site-packages_PyQt6_Qt6_qml_QtQuick3D_Particles3D --> node_venv_lib_python3_12_site-packages_PyQt6_Qt6_qml_QtQuick3D_Particles3D_designer["designer"]\n    node_venv_lib_python3_12_site-packages_PyQt6_Qt6_qml_QtQuick3D_Particles3D_designer --> node_venv_lib_python3_12_site-packages_PyQt6_Qt6_qml_QtQuick3D_Particles3D_designer_images["images"]\n    node_venv_lib_python3_12_site-packages_PyQt6_Qt6_qml_QtQuick3D_Particles3D_designer_images --> node_venv_lib_python3_12_site-packages_PyQt6_Qt6_qml_QtQuick3D_Particles3D_designer_images_dummy@2x_png["dummy@2x.png"]\n    Root --> node_venv["venv"]\n    node_venv --> node_venv_lib["lib"]\n    node_venv_lib --> node_venv_lib_python3_12["python3.12"]\n    node_venv_lib_python3_12 --> node_venv_lib_python3_12_site-packages["site-packages"]\n    node_venv_lib_python3_12_site-packages --> node_venv_lib_python3_12_site-packages_PyQt6["PyQt6"]\n    node_venv_lib_python3_12_site-packages_PyQt6 --> node_venv_lib_python3_12_site-packages_PyQt6_Qt6["Qt6"]\n    node_venv_lib_python3_12_site-packages_PyQt6_Qt6 --> node_venv_lib_python3_12_site-packages_PyQt6_Qt6_qml["qml"]\n    node_venv_lib_python3_12_site-packages_PyQt6_Qt6_qml --> node_venv_lib_python3_12_site-packages_PyQt6_Qt6_qml_QtQuick3D["QtQuick3D"]\n    node_venv_lib_python3_12_site-packages_PyQt6_Qt6_qml_QtQuick3D --> node_venv_lib_python3_12_site-packages_PyQt6_Qt6_qml_QtQuick3D_Particles3D["Particles3D"]\n    node_venv_lib_python3_12_site-packages_PyQt6_Qt6_qml_QtQuick3D_Particles3D --> node_venv_lib_python3_12_site-packages_PyQt6_Qt6_qml_QtQuick3D_Particles3D_designer["designer"]\n    node_venv_lib_python3_12_site-packages_PyQt6_Qt6_qml_QtQuick3D_Particles3D_designer --> node_venv_lib_python3_12_site-packages_PyQt6_Qt6_qml_QtQuick3D_Particles3D_designer_images["images"]\n    node_venv_lib_python3_12_site-packages_PyQt6_Qt6_qml_QtQuick3D_Particles3D_designer_images --> node_venv_lib_python3_12_site-packages_PyQt6_Qt6_qml_QtQuick3D_Particles3D_designer_images_emit-burst-16px_png["emit-burst-16px.png"]\n    Root --> node_venv["venv"]\n    node_venv --> node_venv_lib["lib"]\n    node_venv_lib --> node_venv_lib_python3_12["python3.12"]\n    node_venv_lib_python3_12 --> node_venv_lib_python3_12_site-packages["site-packages"]\n    node_venv_lib_python3_12_site-packages --> node_venv_lib_python3_12_site-packages_PyQt6["PyQt6"]\n    node_venv_lib_python3_12_site-packages_PyQt6 --> node_venv_lib_python3_12_site-packages_PyQt6_Qt6["Qt6"]\n    node_venv_lib_python3_12_site-packages_PyQt6_Qt6 --> node_venv_lib_python3_12_site-packages_PyQt6_Qt6_qml["qml"]\n    node_venv_lib_python3_12_site-packages_PyQt6_Qt6_qml --> node_venv_lib_python3_12_site-packages_PyQt6_Qt6_qml_QtQuick3D["QtQuick3D"]\n    node_venv_lib_python3_12_site-packages_PyQt6_Qt6_qml_QtQuick3D --> node_venv_lib_python3_12_site-packages_PyQt6_Qt6_qml_QtQuick3D_Particles3D["Particles3D"]\n    node_venv_lib_python3_12_site-packages_PyQt6_Qt6_qml_QtQuick3D_Particles3D --> node_venv_lib_python3_12_site-packages_PyQt6_Qt6_qml_QtQuick3D_Particles3D_designer["designer"]\n    node_venv_lib_python3_12_site-packages_PyQt6_Qt6_qml_QtQuick3D_Particles3D_designer --> node_venv_lib_python3_12_site-packages_PyQt6_Qt6_qml_QtQuick3D_Particles3D_designer_images["images"]\n    node_venv_lib_python3_12_site-packages_PyQt6_Qt6_qml_QtQuick3D_Particles3D_designer_images --> node_venv_lib_python3_12_site-packages_PyQt6_Qt6_qml_QtQuick3D_Particles3D_designer_images_emit-burst-24px_png["emit-burst-24px.png"]\n    Root --> node_venv["venv"]\n    node_venv --> node_venv_lib["lib"]\n    node_venv_lib --> node_venv_lib_python3_12["python3.12"]\n    node_venv_lib_python3_12 --> node_venv_lib_python3_12_site-packages["site-packages"]\n    node_venv_lib_python3_12_site-packages --> node_venv_lib_python3_12_site-packages_PyQt6["PyQt6"]\n    node_venv_lib_python3_12_site-packages_PyQt6 --> node_venv_lib_python3_12_site-packages_PyQt6_Qt6["Qt6"]\n    node_venv_lib_python3_12_site-packages_PyQt6_Qt6 --> node_venv_lib_python3_12_site-packages_PyQt6_Qt6_qml["qml"]\n    node_venv_lib_python3_12_site-packages_PyQt6_Qt6_qml --> node_venv_lib_python3_12_site-packages_PyQt6_Qt6_qml_QtQuick3D["QtQuick3D"]\n    node_venv_lib_python3_12_site-packages_PyQt6_Qt6_qml_QtQuick3D --> node_venv_lib_python3_12_site-packages_PyQt6_Qt6_qml_QtQuick3D_Particles3D["Particles3D"]\n    node_venv_lib_python3_12_site-packages_PyQt6_Qt6_qml_QtQuick3D_Particles3D --> node_venv_lib_python3_12_site-packages_PyQt6_Qt6_qml_QtQuick3D_Particles3D_designer["designer"]\n    node_venv_lib_python3_12_site-packages_PyQt6_Qt6_qml_QtQuick3D_Particles3D_designer --> node_venv_lib_python3_12_site-packages_PyQt6_Qt6_qml_QtQuick3D_Particles3D_designer_images["images"]\n    node_venv_lib_python3_12_site-packages_PyQt6_Qt6_qml_QtQuick3D_Particles3D_designer_images --> node_venv_lib_python3_12_site-packages_PyQt6_Qt6_qml_QtQuick3D_Particles3D_designer_images_emit-burst-24px@2x_png["emit-burst-24px@2x.png"]\n    Root --> node_venv["venv"]\n    node_venv --> node_venv_lib["lib"]\n    node_venv_lib --> node_venv_lib_python3_12["python3.12"]\n    node_venv_lib_python3_12 --> node_venv_lib_python3_12_site-packages["site-packages"]\n    node_venv_lib_python3_12_site-packages --> node_venv_lib_python3_12_site-packages_PyQt6["PyQt6"]\n    node_venv_lib_python3_12_site-packages_PyQt6 --> node_venv_lib_python3_12_site-packages_PyQt6_Qt6["Qt6"]\n    node_venv_lib_python3_12_site-packages_PyQt6_Qt6 --> node_venv_lib_python3_12_site-packages_PyQt6_Qt6_qml["qml"]\n    node_venv_lib_python3_12_site-packages_PyQt6_Qt6_qml --> node_venv_lib_python3_12_site-packages_PyQt6_Qt6_qml_QtQuick3D["QtQuick3D"]\n    node_venv_lib_python3_12_site-packages_PyQt6_Qt6_qml_QtQuick3D --> node_venv_lib_python3_12_site-packages_PyQt6_Qt6_qml_QtQuick3D_Particles3D["Particles3D"]\n    node_venv_lib_python3_12_site-packages_PyQt6_Qt6_qml_QtQuick3D_Particles3D --> node_venv_lib_python3_12_site-packages_PyQt6_Qt6_qml_QtQuick3D_Particles3D_designer["designer"]\n    node_venv_lib_python3_12_site-packages_PyQt6_Qt6_qml_QtQuick3D_Particles3D_designer --> node_venv_lib_python3_12_site-packages_PyQt6_Qt6_qml_QtQuick3D_Particles3D_designer_images["images"]\n    node_venv_lib_python3_12_site-packages_PyQt6_Qt6_qml_QtQuick3D_Particles3D_designer_images --> node_venv_lib_python3_12_site-packages_PyQt6_Qt6_qml_QtQuick3D_Particles3D_designer_images_emitter-16px_png["emitter-16px.png"]\n    Root --> node_venv["venv"]\n    node_venv --> node_venv_lib["lib"]\n    node_venv_lib --> node_venv_lib_python3_12["python3.12"]\n    node_venv_lib_python3_12 --> node_venv_lib_python3_12_site-packages["site-packages"]\n    node_venv_lib_python3_12_site-packages --> node_venv_lib_python3_12_site-packages_PyQt6["PyQt6"]\n    node_venv_lib_python3_12_site-packages_PyQt6 --> node_venv_lib_python3_12_site-packages_PyQt6_Qt6["Qt6"]\n    node_venv_lib_python3_12_site-packages_PyQt6_Qt6 --> node_venv_lib_python3_12_site-packages_PyQt6_Qt6_qml["qml"]\n    node_venv_lib_python3_12_site-packages_PyQt6_Qt6_qml --> node_venv_lib_python3_12_site-packages_PyQt6_Qt6_qml_QtQuick3D["QtQuick3D"]\n    node_venv_lib_python3_12_site-packages_PyQt6_Qt6_qml_QtQuick3D --> node_venv_lib_python3_12_site-packages_PyQt6_Qt6_qml_QtQuick3D_Particles3D["Particles3D"]\n    node_venv_lib_python3_12_site-packages_PyQt6_Qt6_qml_QtQuick3D_Particles3D --> node_venv_lib_python3_12_site-packages_PyQt6_Qt6_qml_QtQuick3D_Particles3D_designer["designer"]\n    node_venv_lib_python3_12_site-packages_PyQt6_Qt6_qml_QtQuick3D_Particles3D_designer --> node_venv_lib_python3_12_site-packages_PyQt6_Qt6_qml_QtQuick3D_Particles3D_designer_images["images"]\n    node_venv_lib_python3_12_site-packages_PyQt6_Qt6_qml_QtQuick3D_Particles3D_designer_images --> node_venv_lib_python3_12_site-packages_PyQt6_Qt6_qml_QtQuick3D_Particles3D_designer_images_emitter-24px_png["emitter-24px.png"]\n    Root --> node_venv["venv"]\n    node_venv --> node_venv_lib["lib"]\n    node_venv_lib --> node_venv_lib_python3_12["python3.12"]\n    node_venv_lib_python3_12 --> node_venv_lib_python3_12_site-packages["site-packages"]\n    node_venv_lib_python3_12_site-packages --> node_venv_lib_python3_12_site-packages_PyQt6["PyQt6"]\n    node_venv_lib_python3_12_site-packages_PyQt6 --> node_venv_lib_python3_12_site-packages_PyQt6_Qt6["Qt6"]\n    node_venv_lib_python3_12_site-packages_PyQt6_Qt6 --> node_venv_lib_python3_12_site-packages_PyQt6_Qt6_qml["qml"]\n    node_venv_lib_python3_12_site-packages_PyQt6_Qt6_qml --> node_venv_lib_python3_12_site-packages_PyQt6_Qt6_qml_QtQuick3D["QtQuick3D"]\n    node_venv_lib_python3_12_site-packages_PyQt6_Qt6_qml_QtQuick3D --> node_venv_lib_python3_12_site-packages_PyQt6_Qt6_qml_QtQuick3D_Particles3D["Particles3D"]\n    node_venv_lib_python3_12_site-packages_PyQt6_Qt6_qml_QtQuick3D_Particles3D --> node_venv_lib_python3_12_site-packages_PyQt6_Qt6_qml_QtQuick3D_Particles3D_designer["designer"]\n    node_venv_lib_python3_12_site-packages_PyQt6_Qt6_qml_QtQuick3D_Particles3D_designer --> node_venv_lib_python3_12_site-packages_PyQt6_Qt6_qml_QtQuick3D_Particles3D_designer_images["images"]\n    node_venv_lib_python3_12_site-packages_PyQt6_Qt6_qml_QtQuick3D_Particles3D_designer_images --> node_venv_lib_python3_12_site-packages_PyQt6_Qt6_qml_QtQuick3D_Particles3D_designer_images_emitter-24px@2x_png["emitter-24px@2x.png"]\n    Root --> node_venv["venv"]\n    node_venv --> node_venv_lib["lib"]\n    node_venv_lib --> node_venv_lib_python3_12["python3.12"]\n    node_venv_lib_python3_12 --> node_venv_lib_python3_12_site-packages["site-packages"]\n    node_venv_lib_python3_12_site-packages --> node_venv_lib_python3_12_site-packages_PyQt6["PyQt6"]\n    node_venv_lib_python3_12_site-packages_PyQt6 --> node_venv_lib_python3_12_site-packages_PyQt6_Qt6["Qt6"]\n    node_venv_lib_python3_12_site-packages_PyQt6_Qt6 --> node_venv_lib_python3_12_site-packages_PyQt6_Qt6_qml["qml"]\n    node_venv_lib_python3_12_site-packages_PyQt6_Qt6_qml --> node_venv_lib_python3_12_site-packages_PyQt6_Qt6_qml_QtQuick3D["QtQuick3D"]\n    node_venv_lib_python3_12_site-packages_PyQt6_Qt6_qml_QtQuick3D --> node_venv_lib_python3_12_site-packages_PyQt6_Qt6_qml_QtQuick3D_Particles3D["Particles3D"]\n    node_venv_lib_python3_12_site-packages_PyQt6_Qt6_qml_QtQuick3D_Particles3D --> node_venv_lib_python3_12_site-packages_PyQt6_Qt6_qml_QtQuick3D_Particles3D_designer["designer"]\n    node_venv_lib_python3_12_site-packages_PyQt6_Qt6_qml_QtQuick3D_Particles3D_designer --> node_venv_lib_python3_12_site-packages_PyQt6_Qt6_qml_QtQuick3D_Particles3D_designer_images["images"]\n    node_venv_lib_python3_12_site-packages_PyQt6_Qt6_qml_QtQuick3D_Particles3D_designer_images --> node_venv_lib_python3_12_site-packages_PyQt6_Qt6_qml_QtQuick3D_Particles3D_designer_images_gravity-16px_png["gravity-16px.png"]\n    Root --> node_venv["venv"]\n    node_venv --> node_venv_lib["lib"]\n    node_venv_lib --> node_venv_lib_python3_12["python3.12"]\n    node_venv_lib_python3_12 --> node_venv_lib_python3_12_site-packages["site-packages"]\n    node_venv_lib_python3_12_site-packages --> node_venv_lib_python3_12_site-packages_PyQt6["PyQt6"]\n    node_venv_lib_python3_12_site-packages_PyQt6 --> node_venv_lib_python3_12_site-packages_PyQt6_Qt6["Qt6"]\n    node_venv_lib_python3_12_site-packages_PyQt6_Qt6 --> node_venv_lib_python3_12_site-packages_PyQt6_Qt6_qml["qml"]\n    node_venv_lib_python3_12_site-packages_PyQt6_Qt6_qml --> node_venv_lib_python3_12_site-packages_PyQt6_Qt6_qml_QtQuick3D["QtQuick3D"]\n    node_venv_lib_python3_12_site-packages_PyQt6_Qt6_qml_QtQuick3D --> node_venv_lib_python3_12_site-packages_PyQt6_Qt6_qml_QtQuick3D_Particles3D["Particles3D"]\n    node_venv_lib_python3_12_site-packages_PyQt6_Qt6_qml_QtQuick3D_Particles3D --> node_venv_lib_python3_12_site-packages_PyQt6_Qt6_qml_QtQuick3D_Particles3D_designer["designer"]\n    node_venv_lib_python3_12_site-packages_PyQt6_Qt6_qml_QtQuick3D_Particles3D_designer --> node_venv_lib_python3_12_site-packages_PyQt6_Qt6_qml_QtQuick3D_Particles3D_designer_images["images"]\n    node_venv_lib_python3_12_site-packages_PyQt6_Qt6_qml_QtQuick3D_Particles3D_designer_images --> node_venv_lib_python3_12_site-packages_PyQt6_Qt6_qml_QtQuick3D_Particles3D_designer_images_gravity-24px_png["gravity-24px.png"]\n    Root --> node_venv["venv"]\n    node_venv --> node_venv_lib["lib"]\n    node_venv_lib --> node_venv_lib_python3_12["python3.12"]\n    node_venv_lib_python3_12 --> node_venv_lib_python3_12_site-packages["site-packages"]\n    node_venv_lib_python3_12_site-packages --> node_venv_lib_python3_12_site-packages_PyQt6["PyQt6"]\n    node_venv_lib_python3_12_site-packages_PyQt6 --> node_venv_lib_python3_12_site-packages_PyQt6_Qt6["Qt6"]\n    node_venv_lib_python3_12_site-packages_PyQt6_Qt6 --> node_venv_lib_python3_12_site-packages_PyQt6_Qt6_qml["qml"]\n    node_venv_lib_python3_12_site-packages_PyQt6_Qt6_qml --> node_venv_lib_python3_12_site-packages_PyQt6_Qt6_qml_QtQuick3D["QtQuick3D"]\n    node_venv_lib_python3_12_site-packages_PyQt6_Qt6_qml_QtQuick3D --> node_venv_lib_python3_12_site-packages_PyQt6_Qt6_qml_QtQuick3D_Particles3D["Particles3D"]\n    node_venv_lib_python3_12_site-packages_PyQt6_Qt6_qml_QtQuick3D_Particles3D --> node_venv_lib_python3_12_site-packages_PyQt6_Qt6_qml_QtQuick3D_Particles3D_designer["designer"]\n    node_venv_lib_python3_12_site-packages_PyQt6_Qt6_qml_QtQuick3D_Particles3D_designer --> node_venv_lib_python3_12_site-packages_PyQt6_Qt6_qml_QtQuick3D_Particles3D_designer_images["images"]\n    node_venv_lib_python3_12_site-packages_PyQt6_Qt6_qml_QtQuick3D_Particles3D_designer_images --> node_venv_lib_python3_12_site-packages_PyQt6_Qt6_qml_QtQuick3D_Particles3D_designer_images_gravity-24px@2x_png["gravity-24px@2x.png"]\n    Root --> node_venv["venv"]\n    node_venv --> node_venv_lib["lib"]\n    node_venv_lib --> node_venv_lib_python3_12["python3.12"]\n    node_venv_lib_python3_12 --> node_venv_lib_python3_12_site-packages["site-packages"]\n    node_venv_lib_python3_12_site-packages --> node_venv_lib_python3_12_site-packages_PyQt6["PyQt6"]\n    node_venv_lib_python3_12_site-packages_PyQt6 --> node_venv_lib_python3_12_site-packages_PyQt6_Qt6["Qt6"]\n    node_venv_lib_python3_12_site-packages_PyQt6_Qt6 --> node_venv_lib_python3_12_site-packages_PyQt6_Qt6_qml["qml"]\n    node_venv_lib_python3_12_site-packages_PyQt6_Qt6_qml --> node_venv_lib_python3_12_site-packages_PyQt6_Qt6_qml_QtQuick3D["QtQuick3D"]\n    node_venv_lib_python3_12_site-packages_PyQt6_Qt6_qml_QtQuick3D --> node_venv_lib_python3_12_site-packages_PyQt6_Qt6_qml_QtQuick3D_Particles3D["Particles3D"]\n    node_venv_lib_python3_12_site-packages_PyQt6_Qt6_qml_QtQuick3D_Particles3D --> node_venv_lib_python3_12_site-packages_PyQt6_Qt6_qml_QtQuick3D_Particles3D_designer["designer"]\n    node_venv_lib_python3_12_site-packages_PyQt6_Qt6_qml_QtQuick3D_Particles3D_designer --> node_venv_lib_python3_12_site-packages_PyQt6_Qt6_qml_QtQuick3D_Particles3D_designer_images["images"]\n    node_venv_lib_python3_12_site-packages_PyQt6_Qt6_qml_QtQuick3D_Particles3D_designer_images --> node_venv_lib_python3_12_site-packages_PyQt6_Qt6_qml_QtQuick3D_Particles3D_designer_images_line-particle-16px_png["line-particle-16px.png"]\n    Root --> node_venv["venv"]\n    node_venv --> node_venv_lib["lib"]\n    node_venv_lib --> node_venv_lib_python3_12["python3.12"]\n    node_venv_lib_python3_12 --> node_venv_lib_python3_12_site-packages["site-packages"]\n    node_venv_lib_python3_12_site-packages --> node_venv_lib_python3_12_site-packages_PyQt6["PyQt6"]\n    node_venv_lib_python3_12_site-packages_PyQt6 --> node_venv_lib_python3_12_site-packages_PyQt6_Qt6["Qt6"]\n    node_venv_lib_python3_12_site-packages_PyQt6_Qt6 --> node_venv_lib_python3_12_site-packages_PyQt6_Qt6_qml["qml"]\n    node_venv_lib_python3_12_site-packages_PyQt6_Qt6_qml --> node_venv_lib_python3_12_site-packages_PyQt6_Qt6_qml_QtQuick3D["QtQuick3D"]\n    node_venv_lib_python3_12_site-packages_PyQt6_Qt6_qml_QtQuick3D --> node_venv_lib_python3_12_site-packages_PyQt6_Qt6_qml_QtQuick3D_Particles3D["Particles3D"]\n    node_venv_lib_python3_12_site-packages_PyQt6_Qt6_qml_QtQuick3D_Particles3D --> node_venv_lib_python3_12_site-packages_PyQt6_Qt6_qml_QtQuick3D_Particles3D_designer["designer"]\n    node_venv_lib_python3_12_site-packages_PyQt6_Qt6_qml_QtQuick3D_Particles3D_designer --> node_venv_lib_python3_12_site-packages_PyQt6_Qt6_qml_QtQuick3D_Particles3D_designer_images["images"]\n    node_venv_lib_python3_12_site-packages_PyQt6_Qt6_qml_QtQuick3D_Particles3D_designer_images --> node_venv_lib_python3_12_site-packages_PyQt6_Qt6_qml_QtQuick3D_Particles3D_designer_images_line-particle-24px_png["line-particle-24px.png"]\n    Root --> node_venv["venv"]\n    node_venv --> node_venv_lib["lib"]\n    node_venv_lib --> node_venv_lib_python3_12["python3.12"]\n    node_venv_lib_python3_12 --> node_venv_lib_python3_12_site-packages["site-packages"]\n    node_venv_lib_python3_12_site-packages --> node_venv_lib_python3_12_site-packages_PyQt6["PyQt6"]\n    node_venv_lib_python3_12_site-packages_PyQt6 --> node_venv_lib_python3_12_site-packages_PyQt6_Qt6["Qt6"]\n    node_venv_lib_python3_12_site-packages_PyQt6_Qt6 --> node_venv_lib_python3_12_site-packages_PyQt6_Qt6_qml["qml"]\n    node_venv_lib_python3_12_site-packages_PyQt6_Qt6_qml --> node_venv_lib_python3_12_site-packages_PyQt6_Qt6_qml_QtQuick3D["QtQuick3D"]\n    node_venv_lib_python3_12_site-packages_PyQt6_Qt6_qml_QtQuick3D --> node_venv_lib_python3_12_site-packages_PyQt6_Qt6_qml_QtQuick3D_Particles3D["Particles3D"]\n    node_venv_lib_python3_12_site-packages_PyQt6_Qt6_qml_QtQuick3D_Particles3D --> node_venv_lib_python3_12_site-packages_PyQt6_Qt6_qml_QtQuick3D_Particles3D_designer["designer"]\n    node_venv_lib_python3_12_site-packages_PyQt6_Qt6_qml_QtQuick3D_Particles3D_designer --> node_venv_lib_python3_12_site-packages_PyQt6_Qt6_qml_QtQuick3D_Particles3D_designer_images["images"]\n    node_venv_lib_python3_12_site-packages_PyQt6_Qt6_qml_QtQuick3D_Particles3D_designer_images --> node_venv_lib_python3_12_site-packages_PyQt6_Qt6_qml_QtQuick3D_Particles3D_designer_images_line-particle-24px@2x_png["line-particle-24px@2x.png"]\n    Root --> node_venv["venv"]\n    node_venv --> node_venv_lib["lib"]\n    node_venv_lib --> node_venv_lib_python3_12["python3.12"]\n    node_venv_lib_python3_12 --> node_venv_lib_python3_12_site-packages["site-packages"]\n    node_venv_lib_python3_12_site-packages --> node_venv_lib_python3_12_site-packages_PyQt6["PyQt6"]\n    node_venv_lib_python3_12_site-packages_PyQt6 --> node_venv_lib_python3_12_site-packages_PyQt6_Qt6["Qt6"]\n    node_venv_lib_python3_12_site-packages_PyQt6_Qt6 --> node_venv_lib_python3_12_site-packages_PyQt6_Qt6_qml["qml"]\n    node_venv_lib_python3_12_site-packages_PyQt6_Qt6_qml --> node_venv_lib_python3_12_site-packages_PyQt6_Qt6_qml_QtQuick3D["QtQuick3D"]\n    node_venv_lib_python3_12_site-packages_PyQt6_Qt6_qml_QtQuick3D --> node_venv_lib_python3_12_site-packages_PyQt6_Qt6_qml_QtQuick3D_Particles3D["Particles3D"]\n    node_venv_lib_python3_12_site-packages_PyQt6_Qt6_qml_QtQuick3D_Particles3D --> node_venv_lib_python3_12_site-packages_PyQt6_Qt6_qml_QtQuick3D_Particles3D_designer["designer"]\n    node_venv_lib_python3_12_site-packages_PyQt6_Qt6_qml_QtQuick3D_Particles3D_designer --> node_venv_lib_python3_12_site-packages_PyQt6_Qt6_qml_QtQuick3D_Particles3D_designer_images["images"]\n    node_venv_lib_python3_12_site-packages_PyQt6_Qt6_qml_QtQuick3D_Particles3D_designer_images --> node_venv_lib_python3_12_site-packages_PyQt6_Qt6_qml_QtQuick3D_Particles3D_designer_images_model-blend-particle-16px_png["model-blend-particle-16px.png"]\n    Root --> node_venv["venv"]\n    node_venv --> node_venv_lib["lib"]\n    node_venv_lib --> node_venv_lib_python3_12["python3.12"]\n    node_venv_lib_python3_12 --> node_venv_lib_python3_12_site-packages["site-packages"]\n    node_venv_lib_python3_12_site-packages --> node_venv_lib_python3_12_site-packages_PyQt6["PyQt6"]\n    node_venv_lib_python3_12_site-packages_PyQt6 --> node_venv_lib_python3_12_site-packages_PyQt6_Qt6["Qt6"]\n    node_venv_lib_python3_12_site-packages_PyQt6_Qt6 --> node_venv_lib_python3_12_site-packages_PyQt6_Qt6_qml["qml"]\n    node_venv_lib_python3_12_site-packages_PyQt6_Qt6_qml --> node_venv_lib_python3_12_site-packages_PyQt6_Qt6_qml_QtQuick3D["QtQuick3D"]\n    node_venv_lib_python3_12_site-packages_PyQt6_Qt6_qml_QtQuick3D --> node_venv_lib_python3_12_site-packages_PyQt6_Qt6_qml_QtQuick3D_Particles3D["Particles3D"]\n    node_venv_lib_python3_12_site-packages_PyQt6_Qt6_qml_QtQuick3D_Particles3D --> node_venv_lib_python3_12_site-packages_PyQt6_Qt6_qml_QtQuick3D_Particles3D_designer["designer"]\n    node_venv_lib_python3_12_site-packages_PyQt6_Qt6_qml_QtQuick3D_Particles3D_designer --> node_venv_lib_python3_12_site-packages_PyQt6_Qt6_qml_QtQuick3D_Particles3D_designer_images["images"]\n    node_venv_lib_python3_12_site-packages_PyQt6_Qt6_qml_QtQuick3D_Particles3D_designer_images --> node_venv_lib_python3_12_site-packages_PyQt6_Qt6_qml_QtQuick3D_Particles3D_designer_images_model-blend-particle-24px_png["model-blend-particle-24px.png"]\n    Root --> node_venv["venv"]\n    node_venv --> node_venv_lib["lib"]\n    node_venv_lib --> node_venv_lib_python3_12["python3.12"]\n    node_venv_lib_python3_12 --> node_venv_lib_python3_12_site-packages["site-packages"]\n    node_venv_lib_python3_12_site-packages --> node_venv_lib_python3_12_site-packages_PyQt6["PyQt6"]\n    node_venv_lib_python3_12_site-packages_PyQt6 --> node_venv_lib_python3_12_site-packages_PyQt6_Qt6["Qt6"]\n    node_venv_lib_python3_12_site-packages_PyQt6_Qt6 --> node_venv_lib_python3_12_site-packages_PyQt6_Qt6_qml["qml"]\n    node_venv_lib_python3_12_site-packages_PyQt6_Qt6_qml --> node_venv_lib_python3_12_site-packages_PyQt6_Qt6_qml_QtQuick3D["QtQuick3D"]\n    node_venv_lib_python3_12_site-packages_PyQt6_Qt6_qml_QtQuick3D --> node_venv_lib_python3_12_site-packages_PyQt6_Qt6_qml_QtQuick3D_Particles3D["Particles3D"]\n    node_venv_lib_python3_12_site-packages_PyQt6_Qt6_qml_QtQuick3D_Particles3D --> node_venv_lib_python3_12_site-packages_PyQt6_Qt6_qml_QtQuick3D_Particles3D_designer["designer"]\n    node_venv_lib_python3_12_site-packages_PyQt6_Qt6_qml_QtQuick3D_Particles3D_designer --> node_venv_lib_python3_12_site-packages_PyQt6_Qt6_qml_QtQuick3D_Particles3D_designer_images["images"]\n    node_venv_lib_python3_12_site-packages_PyQt6_Qt6_qml_QtQuick3D_Particles3D_designer_images --> node_venv_lib_python3_12_site-packages_PyQt6_Qt6_qml_QtQuick3D_Particles3D_designer_images_model-blend-particle-24px@2x_png["model-blend-particle-24px@2x.png"]\n    Root --> node_venv["venv"]\n    node_venv --> node_venv_lib["lib"]\n    node_venv_lib --> node_venv_lib_python3_12["python3.12"]\n    node_venv_lib_python3_12 --> node_venv_lib_python3_12_site-packages["site-packages"]\n    node_venv_lib_python3_12_site-packages --> node_venv_lib_python3_12_site-packages_PyQt6["PyQt6"]\n    node_venv_lib_python3_12_site-packages_PyQt6 --> node_venv_lib_python3_12_site-packages_PyQt6_Qt6["Qt6"]\n    node_venv_lib_python3_12_site-packages_PyQt6_Qt6 --> node_venv_lib_python3_12_site-packages_PyQt6_Qt6_qml["qml"]\n    node_venv_lib_python3_12_site-packages_PyQt6_Qt6_qml --> node_venv_lib_python3_12_site-packages_PyQt6_Qt6_qml_QtQuick3D["QtQuick3D"]\n    node_venv_lib_python3_12_site-packages_PyQt6_Qt6_qml_QtQuick3D --> node_venv_lib_python3_12_site-packages_PyQt6_Qt6_qml_QtQuick3D_Particles3D["Particles3D"]\n    node_venv_lib_python3_12_site-packages_PyQt6_Qt6_qml_QtQuick3D_Particles3D --> node_venv_lib_python3_12_site-packages_PyQt6_Qt6_qml_QtQuick3D_Particles3D_designer["designer"]\n    node_venv_lib_python3_12_site-packages_PyQt6_Qt6_qml_QtQuick3D_Particles3D_designer --> node_venv_lib_python3_12_site-packages_PyQt6_Qt6_qml_QtQuick3D_Particles3D_designer_images["images"]\n    node_venv_lib_python3_12_site-packages_PyQt6_Qt6_qml_QtQuick3D_Particles3D_designer_images --> node_venv_lib_python3_12_site-packages_PyQt6_Qt6_qml_QtQuick3D_Particles3D_designer_images_model-particle-16px_png["model-particle-16px.png"]\n    Root --> node_venv["venv"]\n    node_venv --> node_venv_lib["lib"]\n    node_venv_lib --> node_venv_lib_python3_12["python3.12"]\n    node_venv_lib_python3_12 --> node_venv_lib_python3_12_site-packages["site-packages"]\n    node_venv_lib_python3_12_site-packages --> node_venv_lib_python3_12_site-packages_PyQt6["PyQt6"]\n    node_venv_lib_python3_12_site-packages_PyQt6 --> node_venv_lib_python3_12_site-packages_PyQt6_Qt6["Qt6"]\n    node_venv_lib_python3_12_site-packages_PyQt6_Qt6 --> node_venv_lib_python3_12_site-packages_PyQt6_Qt6_qml["qml"]\n    node_venv_lib_python3_12_site-packages_PyQt6_Qt6_qml --> node_venv_lib_python3_12_site-packages_PyQt6_Qt6_qml_QtQuick3D["QtQuick3D"]\n    node_venv_lib_python3_12_site-packages_PyQt6_Qt6_qml_QtQuick3D --> node_venv_lib_python3_12_site-packages_PyQt6_Qt6_qml_QtQuick3D_Particles3D["Particles3D"]\n    node_venv_lib_python3_12_site-packages_PyQt6_Qt6_qml_QtQuick3D_Particles3D --> node_venv_lib_python3_12_site-packages_PyQt6_Qt6_qml_QtQuick3D_Particles3D_designer["designer"]\n    node_venv_lib_python3_12_site-packages_PyQt6_Qt6_qml_QtQuick3D_Particles3D_designer --> node_venv_lib_python3_12_site-packages_PyQt6_Qt6_qml_QtQuick3D_Particles3D_designer_images["images"]\n    node_venv_lib_python3_12_site-packages_PyQt6_Qt6_qml_QtQuick3D_Particles3D_designer_images --> node_venv_lib_python3_12_site-packages_PyQt6_Qt6_qml_QtQuick3D_Particles3D_designer_images_model-particle-24px_png["model-particle-24px.png"]\n    Root --> node_venv["venv"]\n    node_venv --> node_venv_lib["lib"]\n    node_venv_lib --> node_venv_lib_python3_12["python3.12"]\n    node_venv_lib_python3_12 --> node_venv_lib_python3_12_site-packages["site-packages"]\n    node_venv_lib_python3_12_site-packages --> node_venv_lib_python3_12_site-packages_PyQt6["PyQt6"]\n    node_venv_lib_python3_12_site-packages_PyQt6 --> node_venv_lib_python3_12_site-packages_PyQt6_Qt6["Qt6"]\n    node_venv_lib_python3_12_site-packages_PyQt6_Qt6 --> node_venv_lib_python3_12_site-packages_PyQt6_Qt6_qml["qml"]\n    node_venv_lib_python3_12_site-packages_PyQt6_Qt6_qml --> node_venv_lib_python3_12_site-packages_PyQt6_Qt6_qml_QtQuick3D["QtQuick3D"]\n    node_venv_lib_python3_12_site-packages_PyQt6_Qt6_qml_QtQuick3D --> node_venv_lib_python3_12_site-packages_PyQt6_Qt6_qml_QtQuick3D_Particles3D["Particles3D"]\n    node_venv_lib_python3_12_site-packages_PyQt6_Qt6_qml_QtQuick3D_Particles3D --> node_venv_lib_python3_12_site-packages_PyQt6_Qt6_qml_QtQuick3D_Particles3D_designer["designer"]\n    node_venv_lib_python3_12_site-packages_PyQt6_Qt6_qml_QtQuick3D_Particles3D_designer --> node_venv_lib_python3_12_site-packages_PyQt6_Qt6_qml_QtQuick3D_Particles3D_designer_images["images"]\n    node_venv_lib_python3_12_site-packages_PyQt6_Qt6_qml_QtQuick3D_Particles3D_designer_images --> node_venv_lib_python3_12_site-packages_PyQt6_Qt6_qml_QtQuick3D_Particles3D_designer_images_model-particle-24px@2x_png["model-particle-24px@2x.png"]\n    Root --> node_venv["venv"]\n    node_venv --> node_venv_lib["lib"]\n    node_venv_lib --> node_venv_lib_python3_12["python3.12"]\n    node_venv_lib_python3_12 --> node_venv_lib_python3_12_site-packages["site-packages"]\n    node_venv_lib_python3_12_site-packages --> node_venv_lib_python3_12_site-packages_PyQt6["PyQt6"]\n    node_venv_lib_python3_12_site-packages_PyQt6 --> node_venv_lib_python3_12_site-packages_PyQt6_Qt6["Qt6"]\n    node_venv_lib_python3_12_site-packages_PyQt6_Qt6 --> node_venv_lib_python3_12_site-packages_PyQt6_Qt6_qml["qml"]\n    node_venv_lib_python3_12_site-packages_PyQt6_Qt6_qml --> node_venv_lib_python3_12_site-packages_PyQt6_Qt6_qml_QtQuick3D["QtQuick3D"]\n    node_venv_lib_python3_12_site-packages_PyQt6_Qt6_qml_QtQuick3D --> node_venv_lib_python3_12_site-packages_PyQt6_Qt6_qml_QtQuick3D_Particles3D["Particles3D"]\n    node_venv_lib_python3_12_site-packages_PyQt6_Qt6_qml_QtQuick3D_Particles3D --> node_venv_lib_python3_12_site-packages_PyQt6_Qt6_qml_QtQuick3D_Particles3D_designer["designer"]\n    node_venv_lib_python3_12_site-packages_PyQt6_Qt6_qml_QtQuick3D_Particles3D_designer --> node_venv_lib_python3_12_site-packages_PyQt6_Qt6_qml_QtQuick3D_Particles3D_designer_images["images"]\n    node_venv_lib_python3_12_site-packages_PyQt6_Qt6_qml_QtQuick3D_Particles3D_designer_images --> node_venv_lib_python3_12_site-packages_PyQt6_Qt6_qml_QtQuick3D_Particles3D_designer_images_model-shape-16px_png["model-shape-16px.png"]\n    Root --> node_venv["venv"]\n    node_venv --> node_venv_lib["lib"]\n    node_venv_lib --> node_venv_lib_python3_12["python3.12"]\n    node_venv_lib_python3_12 --> node_venv_lib_python3_12_site-packages["site-packages"]\n    node_venv_lib_python3_12_site-packages --> node_venv_lib_python3_12_site-packages_PyQt6["PyQt6"]\n    node_venv_lib_python3_12_site-packages_PyQt6 --> node_venv_lib_python3_12_site-packages_PyQt6_Qt6["Qt6"]\n    node_venv_lib_python3_12_site-packages_PyQt6_Qt6 --> node_venv_lib_python3_12_site-packages_PyQt6_Qt6_qml["qml"]\n    node_venv_lib_python3_12_site-packages_PyQt6_Qt6_qml --> node_venv_lib_python3_12_site-packages_PyQt6_Qt6_qml_QtQuick3D["QtQuick3D"]\n    node_venv_lib_python3_12_site-packages_PyQt6_Qt6_qml_QtQuick3D --> node_venv_lib_python3_12_site-packages_PyQt6_Qt6_qml_QtQuick3D_Particles3D["Particles3D"]\n    node_venv_lib_python3_12_site-packages_PyQt6_Qt6_qml_QtQuick3D_Particles3D --> node_venv_lib_python3_12_site-packages_PyQt6_Qt6_qml_QtQuick3D_Particles3D_designer["designer"]\n    node_venv_lib_python3_12_site-packages_PyQt6_Qt6_qml_QtQuick3D_Particles3D_designer --> node_venv_lib_python3_12_site-packages_PyQt6_Qt6_qml_QtQuick3D_Particles3D_designer_images["images"]\n    node_venv_lib_python3_12_site-packages_PyQt6_Qt6_qml_QtQuick3D_Particles3D_designer_images --> node_venv_lib_python3_12_site-packages_PyQt6_Qt6_qml_QtQuick3D_Particles3D_designer_images_model-shape-24px_png["model-shape-24px.png"]\n    Root --> node_venv["venv"]\n    node_venv --> node_venv_lib["lib"]\n    node_venv_lib --> node_venv_lib_python3_12["python3.12"]\n    node_venv_lib_python3_12 --> node_venv_lib_python3_12_site-packages["site-packages"]\n    node_venv_lib_python3_12_site-packages --> node_venv_lib_python3_12_site-packages_PyQt6["PyQt6"]\n    node_venv_lib_python3_12_site-packages_PyQt6 --> node_venv_lib_python3_12_site-packages_PyQt6_Qt6["Qt6"]\n    node_venv_lib_python3_12_site-packages_PyQt6_Qt6 --> node_venv_lib_python3_12_site-packages_PyQt6_Qt6_qml["qml"]\n    node_venv_lib_python3_12_site-packages_PyQt6_Qt6_qml --> node_venv_lib_python3_12_site-packages_PyQt6_Qt6_qml_QtQuick3D["QtQuick3D"]\n    node_venv_lib_python3_12_site-packages_PyQt6_Qt6_qml_QtQuick3D --> node_venv_lib_python3_12_site-packages_PyQt6_Qt6_qml_QtQuick3D_Particles3D["Particles3D"]\n    node_venv_lib_python3_12_site-packages_PyQt6_Qt6_qml_QtQuick3D_Particles3D --> node_venv_lib_python3_12_site-packages_PyQt6_Qt6_qml_QtQuick3D_Particles3D_designer["designer"]\n    node_venv_lib_python3_12_site-packages_PyQt6_Qt6_qml_QtQuick3D_Particles3D_designer --> node_venv_lib_python3_12_site-packages_PyQt6_Qt6_qml_QtQuick3D_Particles3D_designer_images["images"]\n    node_venv_lib_python3_12_site-packages_PyQt6_Qt6_qml_QtQuick3D_Particles3D_designer_images --> node_venv_lib_python3_12_site-packages_PyQt6_Qt6_qml_QtQuick3D_Particles3D_designer_images_model-shape-24px@2x_png["model-shape-24px@2x.png"]\n    Root --> node_venv["venv"]\n    node_venv --> node_venv_lib["lib"]\n    node_venv_lib --> node_venv_lib_python3_12["python3.12"]\n    node_venv_lib_python3_12 --> node_venv_lib_python3_12_site-packages["site-packages"]\n    node_venv_lib_python3_12_site-packages --> node_venv_lib_python3_12_site-packages_PyQt6["PyQt6"]\n    node_venv_lib_python3_12_site-packages_PyQt6 --> node_venv_lib_python3_12_site-packages_PyQt6_Qt6["Qt6"]\n    node_venv_lib_python3_12_site-packages_PyQt6_Qt6 --> node_venv_lib_python3_12_site-packages_PyQt6_Qt6_qml["qml"]\n    node_venv_lib_python3_12_site-packages_PyQt6_Qt6_qml --> node_venv_lib_python3_12_site-packages_PyQt6_Qt6_qml_QtQuick3D["QtQuick3D"]\n    node_venv_lib_python3_12_site-packages_PyQt6_Qt6_qml_QtQuick3D --> node_venv_lib_python3_12_site-packages_PyQt6_Qt6_qml_QtQuick3D_Particles3D["Particles3D"]\n    node_venv_lib_python3_12_site-packages_PyQt6_Qt6_qml_QtQuick3D_Particles3D --> node_venv_lib_python3_12_site-packages_PyQt6_Qt6_qml_QtQuick3D_Particles3D_designer["designer"]\n    node_venv_lib_python3_12_site-packages_PyQt6_Qt6_qml_QtQuick3D_Particles3D_designer --> node_venv_lib_python3_12_site-packages_PyQt6_Qt6_qml_QtQuick3D_Particles3D_designer_images["images"]\n    node_venv_lib_python3_12_site-packages_PyQt6_Qt6_qml_QtQuick3D_Particles3D_designer_images --> node_venv_lib_python3_12_site-packages_PyQt6_Qt6_qml_QtQuick3D_Particles3D_designer_images_particle-custom-shape-16px_png["particle-custom-shape-16px.png"]\n    Root --> node_venv["venv"]\n    node_venv --> node_venv_lib["lib"]\n    node_venv_lib --> node_venv_lib_python3_12["python3.12"]\n    node_venv_lib_python3_12 --> node_venv_lib_python3_12_site-packages["site-packages"]\n    node_venv_lib_python3_12_site-packages --> node_venv_lib_python3_12_site-packages_PyQt6["PyQt6"]\n    node_venv_lib_python3_12_site-packages_PyQt6 --> node_venv_lib_python3_12_site-packages_PyQt6_Qt6["Qt6"]\n    node_venv_lib_python3_12_site-packages_PyQt6_Qt6 --> node_venv_lib_python3_12_site-packages_PyQt6_Qt6_qml["qml"]\n    node_venv_lib_python3_12_site-packages_PyQt6_Qt6_qml --> node_venv_lib_python3_12_site-packages_PyQt6_Qt6_qml_QtQuick3D["QtQuick3D"]\n    node_venv_lib_python3_12_site-packages_PyQt6_Qt6_qml_QtQuick3D --> node_venv_lib_python3_12_site-packages_PyQt6_Qt6_qml_QtQuick3D_Particles3D["Particles3D"]\n    node_venv_lib_python3_12_site-packages_PyQt6_Qt6_qml_QtQuick3D_Particles3D --> node_venv_lib_python3_12_site-packages_PyQt6_Qt6_qml_QtQuick3D_Particles3D_designer["designer"]\n    node_venv_lib_python3_12_site-packages_PyQt6_Qt6_qml_QtQuick3D_Particles3D_designer --> node_venv_lib_python3_12_site-packages_PyQt6_Qt6_qml_QtQuick3D_Particles3D_designer_images["images"]\n    node_venv_lib_python3_12_site-packages_PyQt6_Qt6_qml_QtQuick3D_Particles3D_designer_images --> node_venv_lib_python3_12_site-packages_PyQt6_Qt6_qml_QtQuick3D_Particles3D_designer_images_particle-custom-shape-24px_png["particle-custom-shape-24px.png"]\n    Root --> node_venv["venv"]\n    node_venv --> node_venv_lib["lib"]\n    node_venv_lib --> node_venv_lib_python3_12["python3.12"]\n    node_venv_lib_python3_12 --> node_venv_lib_python3_12_site-packages["site-packages"]\n    node_venv_lib_python3_12_site-packages --> node_venv_lib_python3_12_site-packages_PyQt6["PyQt6"]\n    node_venv_lib_python3_12_site-packages_PyQt6 --> node_venv_lib_python3_12_site-packages_PyQt6_Qt6["Qt6"]\n    node_venv_lib_python3_12_site-packages_PyQt6_Qt6 --> node_venv_lib_python3_12_site-packages_PyQt6_Qt6_qml["qml"]\n    node_venv_lib_python3_12_site-packages_PyQt6_Qt6_qml --> node_venv_lib_python3_12_site-packages_PyQt6_Qt6_qml_QtQuick3D["QtQuick3D"]\n    node_venv_lib_python3_12_site-packages_PyQt6_Qt6_qml_QtQuick3D --> node_venv_lib_python3_12_site-packages_PyQt6_Qt6_qml_QtQuick3D_Particles3D["Particles3D"]\n    node_venv_lib_python3_12_site-packages_PyQt6_Qt6_qml_QtQuick3D_Particles3D --> node_venv_lib_python3_12_site-packages_PyQt6_Qt6_qml_QtQuick3D_Particles3D_designer["designer"]\n    node_venv_lib_python3_12_site-packages_PyQt6_Qt6_qml_QtQuick3D_Particles3D_designer --> node_venv_lib_python3_12_site-packages_PyQt6_Qt6_qml_QtQuick3D_Particles3D_designer_images["images"]\n    node_venv_lib_python3_12_site-packages_PyQt6_Qt6_qml_QtQuick3D_Particles3D_designer_images --> node_venv_lib_python3_12_site-packages_PyQt6_Qt6_qml_QtQuick3D_Particles3D_designer_images_particle-custom-shape-24px@2x_png["particle-custom-shape-24px@2x.png"]\n    Root --> node_venv["venv"]\n    node_venv --> node_venv_lib["lib"]\n    node_venv_lib --> node_venv_lib_python3_12["python3.12"]\n    node_venv_lib_python3_12 --> node_venv_lib_python3_12_site-packages["site-packages"]\n    node_venv_lib_python3_12_site-packages --> node_venv_lib_python3_12_site-packages_PyQt6["PyQt6"]\n    node_venv_lib_python3_12_site-packages_PyQt6 --> node_venv_lib_python3_12_site-packages_PyQt6_Qt6["Qt6"]\n    node_venv_lib_python3_12_site-packages_PyQt6_Qt6 --> node_venv_lib_python3_12_site-packages_PyQt6_Qt6_qml["qml"]\n    node_venv_lib_python3_12_site-packages_PyQt6_Qt6_qml --> node_venv_lib_python3_12_site-packages_PyQt6_Qt6_qml_QtQuick3D["QtQuick3D"]\n    node_venv_lib_python3_12_site-packages_PyQt6_Qt6_qml_QtQuick3D --> node_venv_lib_python3_12_site-packages_PyQt6_Qt6_qml_QtQuick3D_Particles3D["Particles3D"]\n    node_venv_lib_python3_12_site-packages_PyQt6_Qt6_qml_QtQuick3D_Particles3D --> node_venv_lib_python3_12_site-packages_PyQt6_Qt6_qml_QtQuick3D_Particles3D_designer["designer"]\n    node_venv_lib_python3_12_site-packages_PyQt6_Qt6_qml_QtQuick3D_Particles3D_designer --> node_venv_lib_python3_12_site-packages_PyQt6_Qt6_qml_QtQuick3D_Particles3D_designer_images["images"]\n    node_venv_lib_python3_12_site-packages_PyQt6_Qt6_qml_QtQuick3D_Particles3D_designer_images --> node_venv_lib_python3_12_site-packages_PyQt6_Qt6_qml_QtQuick3D_Particles3D_designer_images_particle-shape-16px_png["particle-shape-16px.png"]\n    Root --> node_venv["venv"]\n    node_venv --> node_venv_lib["lib"]\n    node_venv_lib --> node_venv_lib_python3_12["python3.12"]\n    node_venv_lib_python3_12 --> node_venv_lib_python3_12_site-packages["site-packages"]\n    node_venv_lib_python3_12_site-packages --> node_venv_lib_python3_12_site-packages_PyQt6["PyQt6"]\n    node_venv_lib_python3_12_site-packages_PyQt6 --> node_venv_lib_python3_12_site-packages_PyQt6_Qt6["Qt6"]\n    node_venv_lib_python3_12_site-packages_PyQt6_Qt6 --> node_venv_lib_python3_12_site-packages_PyQt6_Qt6_qml["qml"]\n    node_venv_lib_python3_12_site-packages_PyQt6_Qt6_qml --> node_venv_lib_python3_12_site-packages_PyQt6_Qt6_qml_QtQuick3D["QtQuick3D"]\n    node_venv_lib_python3_12_site-packages_PyQt6_Qt6_qml_QtQuick3D --> node_venv_lib_python3_12_site-packages_PyQt6_Qt6_qml_QtQuick3D_Particles3D["Particles3D"]\n    node_venv_lib_python3_12_site-packages_PyQt6_Qt6_qml_QtQuick3D_Particles3D --> node_venv_lib_python3_12_site-packages_PyQt6_Qt6_qml_QtQuick3D_Particles3D_designer["designer"]\n    node_venv_lib_python3_12_site-packages_PyQt6_Qt6_qml_QtQuick3D_Particles3D_designer --> node_venv_lib_python3_12_site-packages_PyQt6_Qt6_qml_QtQuick3D_Particles3D_designer_images["images"]\n    node_venv_lib_python3_12_site-packages_PyQt6_Qt6_qml_QtQuick3D_Particles3D_designer_images --> node_venv_lib_python3_12_site-packages_PyQt6_Qt6_qml_QtQuick3D_Particles3D_designer_images_particle-shape-24px_png["particle-shape-24px.png"]\n    Root --> node_venv["venv"]\n    node_venv --> node_venv_lib["lib"]\n    node_venv_lib --> node_venv_lib_python3_12["python3.12"]\n    node_venv_lib_python3_12 --> node_venv_lib_python3_12_site-packages["site-packages"]\n    node_venv_lib_python3_12_site-packages --> node_venv_lib_python3_12_site-packages_PyQt6["PyQt6"]\n    node_venv_lib_python3_12_site-packages_PyQt6 --> node_venv_lib_python3_12_site-packages_PyQt6_Qt6["Qt6"]\n    node_venv_lib_python3_12_site-packages_PyQt6_Qt6 --> node_venv_lib_python3_12_site-packages_PyQt6_Qt6_qml["qml"]\n    node_venv_lib_python3_12_site-packages_PyQt6_Qt6_qml --> node_venv_lib_python3_12_site-packages_PyQt6_Qt6_qml_QtQuick3D["QtQuick3D"]\n    node_venv_lib_python3_12_site-packages_PyQt6_Qt6_qml_QtQuick3D --> node_venv_lib_python3_12_site-packages_PyQt6_Qt6_qml_QtQuick3D_Particles3D["Particles3D"]\n    node_venv_lib_python3_12_site-packages_PyQt6_Qt6_qml_QtQuick3D_Particles3D --> node_venv_lib_python3_12_site-packages_PyQt6_Qt6_qml_QtQuick3D_Particles3D_designer["designer"]\n    node_venv_lib_python3_12_site-packages_PyQt6_Qt6_qml_QtQuick3D_Particles3D_designer --> node_venv_lib_python3_12_site-packages_PyQt6_Qt6_qml_QtQuick3D_Particles3D_designer_images["images"]\n    node_venv_lib_python3_12_site-packages_PyQt6_Qt6_qml_QtQuick3D_Particles3D_designer_images --> node_venv_lib_python3_12_site-packages_PyQt6_Qt6_qml_QtQuick3D_Particles3D_designer_images_particle-shape-24px@2x_png["particle-shape-24px@2x.png"]\n    Root --> node_venv["venv"]\n    node_venv --> node_venv_lib["lib"]\n    node_venv_lib --> node_venv_lib_python3_12["python3.12"]\n    node_venv_lib_python3_12 --> node_venv_lib_python3_12_site-packages["site-packages"]\n    node_venv_lib_python3_12_site-packages --> node_venv_lib_python3_12_site-packages_PyQt6["PyQt6"]\n    node_venv_lib_python3_12_site-packages_PyQt6 --> node_venv_lib_python3_12_site-packages_PyQt6_Qt6["Qt6"]\n    node_venv_lib_python3_12_site-packages_PyQt6_Qt6 --> node_venv_lib_python3_12_site-packages_PyQt6_Qt6_qml["qml"]\n    node_venv_lib_python3_12_site-packages_PyQt6_Qt6_qml --> node_venv_lib_python3_12_site-packages_PyQt6_Qt6_qml_QtQuick3D["QtQuick3D"]\n    node_venv_lib_python3_12_site-packages_PyQt6_Qt6_qml_QtQuick3D --> node_venv_lib_python3_12_site-packages_PyQt6_Qt6_qml_QtQuick3D_Particles3D["Particles3D"]\n    node_venv_lib_python3_12_site-packages_PyQt6_Qt6_qml_QtQuick3D_Particles3D --> node_venv_lib_python3_12_site-packages_PyQt6_Qt6_qml_QtQuick3D_Particles3D_designer["designer"]\n    node_venv_lib_python3_12_site-packages_PyQt6_Qt6_qml_QtQuick3D_Particles3D_designer --> node_venv_lib_python3_12_site-packages_PyQt6_Qt6_qml_QtQuick3D_Particles3D_designer_images["images"]\n    node_venv_lib_python3_12_site-packages_PyQt6_Qt6_qml_QtQuick3D_Particles3D_designer_images --> node_venv_lib_python3_12_site-packages_PyQt6_Qt6_qml_QtQuick3D_Particles3D_designer_images_particle-system-16px_png["particle-system-16px.png"]\n    Root --> node_venv["venv"]\n    node_venv --> node_venv_lib["lib"]\n    node_venv_lib --> node_venv_lib_python3_12["python3.12"]\n    node_venv_lib_python3_12 --> node_venv_lib_python3_12_site-packages["site-packages"]\n    node_venv_lib_python3_12_site-packages --> node_venv_lib_python3_12_site-packages_PyQt6["PyQt6"]\n    node_venv_lib_python3_12_site-packages_PyQt6 --> node_venv_lib_python3_12_site-packages_PyQt6_Qt6["Qt6"]\n    node_venv_lib_python3_12_site-packages_PyQt6_Qt6 --> node_venv_lib_python3_12_site-packages_PyQt6_Qt6_qml["qml"]\n    node_venv_lib_python3_12_site-packages_PyQt6_Qt6_qml --> node_venv_lib_python3_12_site-packages_PyQt6_Qt6_qml_QtQuick3D["QtQuick3D"]\n    node_venv_lib_python3_12_site-packages_PyQt6_Qt6_qml_QtQuick3D --> node_venv_lib_python3_12_site-packages_PyQt6_Qt6_qml_QtQuick3D_Particles3D["Particles3D"]\n    node_venv_lib_python3_12_site-packages_PyQt6_Qt6_qml_QtQuick3D_Particles3D --> node_venv_lib_python3_12_site-packages_PyQt6_Qt6_qml_QtQuick3D_Particles3D_designer["designer"]\n    node_venv_lib_python3_12_site-packages_PyQt6_Qt6_qml_QtQuick3D_Particles3D_designer --> node_venv_lib_python3_12_site-packages_PyQt6_Qt6_qml_QtQuick3D_Particles3D_designer_images["images"]\n    node_venv_lib_python3_12_site-packages_PyQt6_Qt6_qml_QtQuick3D_Particles3D_designer_images --> node_venv_lib_python3_12_site-packages_PyQt6_Qt6_qml_QtQuick3D_Particles3D_designer_images_particle-system-24px_png["particle-system-24px.png"]\n    Root --> node_venv["venv"]\n    node_venv --> node_venv_lib["lib"]\n    node_venv_lib --> node_venv_lib_python3_12["python3.12"]\n    node_venv_lib_python3_12 --> node_venv_lib_python3_12_site-packages["site-packages"]\n    node_venv_lib_python3_12_site-packages --> node_venv_lib_python3_12_site-packages_PyQt6["PyQt6"]\n    node_venv_lib_python3_12_site-packages_PyQt6 --> node_venv_lib_python3_12_site-packages_PyQt6_Qt6["Qt6"]\n    node_venv_lib_python3_12_site-packages_PyQt6_Qt6 --> node_venv_lib_python3_12_site-packages_PyQt6_Qt6_qml["qml"]\n    node_venv_lib_python3_12_site-packages_PyQt6_Qt6_qml --> node_venv_lib_python3_12_site-packages_PyQt6_Qt6_qml_QtQuick3D["QtQuick3D"]\n    node_venv_lib_python3_12_site-packages_PyQt6_Qt6_qml_QtQuick3D --> node_venv_lib_python3_12_site-packages_PyQt6_Qt6_qml_QtQuick3D_Particles3D["Particles3D"]\n    node_venv_lib_python3_12_site-packages_PyQt6_Qt6_qml_QtQuick3D_Particles3D --> node_venv_lib_python3_12_site-packages_PyQt6_Qt6_qml_QtQuick3D_Particles3D_designer["designer"]\n    node_venv_lib_python3_12_site-packages_PyQt6_Qt6_qml_QtQuick3D_Particles3D_designer --> node_venv_lib_python3_12_site-packages_PyQt6_Qt6_qml_QtQuick3D_Particles3D_designer_images["images"]\n    node_venv_lib_python3_12_site-packages_PyQt6_Qt6_qml_QtQuick3D_Particles3D_designer_images --> node_venv_lib_python3_12_site-packages_PyQt6_Qt6_qml_QtQuick3D_Particles3D_designer_images_particle-system-24px@2x_png["particle-system-24px@2x.png"]\n    Root --> node_venv["venv"]\n    node_venv --> node_venv_lib["lib"]\n    node_venv_lib --> node_venv_lib_python3_12["python3.12"]\n    node_venv_lib_python3_12 --> node_venv_lib_python3_12_site-packages["site-packages"]\n    node_venv_lib_python3_12_site-packages --> node_venv_lib_python3_12_site-packages_PyQt6["PyQt6"]\n    node_venv_lib_python3_12_site-packages_PyQt6 --> node_venv_lib_python3_12_site-packages_PyQt6_Qt6["Qt6"]\n    node_venv_lib_python3_12_site-packages_PyQt6_Qt6 --> node_venv_lib_python3_12_site-packages_PyQt6_Qt6_qml["qml"]\n    node_venv_lib_python3_12_site-packages_PyQt6_Qt6_qml --> node_venv_lib_python3_12_site-packages_PyQt6_Qt6_qml_QtQuick3D["QtQuick3D"]\n    node_venv_lib_python3_12_site-packages_PyQt6_Qt6_qml_QtQuick3D --> node_venv_lib_python3_12_site-packages_PyQt6_Qt6_qml_QtQuick3D_Particles3D["Particles3D"]\n    node_venv_lib_python3_12_site-packages_PyQt6_Qt6_qml_QtQuick3D_Particles3D --> node_venv_lib_python3_12_site-packages_PyQt6_Qt6_qml_QtQuick3D_Particles3D_designer["designer"]\n    node_venv_lib_python3_12_site-packages_PyQt6_Qt6_qml_QtQuick3D_Particles3D_designer --> node_venv_lib_python3_12_site-packages_PyQt6_Qt6_qml_QtQuick3D_Particles3D_designer_images["images"]\n    node_venv_lib_python3_12_site-packages_PyQt6_Qt6_qml_QtQuick3D_Particles3D_designer_images --> node_venv_lib_python3_12_site-packages_PyQt6_Qt6_qml_QtQuick3D_Particles3D_designer_images_point-rotator-16px_png["point-rotator-16px.png"]\n    Root --> node_venv["venv"]\n    node_venv --> node_venv_lib["lib"]\n    node_venv_lib --> node_venv_lib_python3_12["python3.12"]\n    node_venv_lib_python3_12 --> node_venv_lib_python3_12_site-packages["site-packages"]\n    node_venv_lib_python3_12_site-packages --> node_venv_lib_python3_12_site-packages_PyQt6["PyQt6"]\n    node_venv_lib_python3_12_site-packages_PyQt6 --> node_venv_lib_python3_12_site-packages_PyQt6_Qt6["Qt6"]\n    node_venv_lib_python3_12_site-packages_PyQt6_Qt6 --> node_venv_lib_python3_12_site-packages_PyQt6_Qt6_qml["qml"]\n    node_venv_lib_python3_12_site-packages_PyQt6_Qt6_qml --> node_venv_lib_python3_12_site-packages_PyQt6_Qt6_qml_QtQuick3D["QtQuick3D"]\n    node_venv_lib_python3_12_site-packages_PyQt6_Qt6_qml_QtQuick3D --> node_venv_lib_python3_12_site-packages_PyQt6_Qt6_qml_QtQuick3D_Particles3D["Particles3D"]\n    node_venv_lib_python3_12_site-packages_PyQt6_Qt6_qml_QtQuick3D_Particles3D --> node_venv_lib_python3_12_site-packages_PyQt6_Qt6_qml_QtQuick3D_Particles3D_designer["designer"]\n    node_venv_lib_python3_12_site-packages_PyQt6_Qt6_qml_QtQuick3D_Particles3D_designer --> node_venv_lib_python3_12_site-packages_PyQt6_Qt6_qml_QtQuick3D_Particles3D_designer_images["images"]\n    node_venv_lib_python3_12_site-packages_PyQt6_Qt6_qml_QtQuick3D_Particles3D_designer_images --> node_venv_lib_python3_12_site-packages_PyQt6_Qt6_qml_QtQuick3D_Particles3D_designer_images_point-rotator-24px_png["point-rotator-24px.png"]\n    Root --> node_venv["venv"]\n    node_venv --> node_venv_lib["lib"]\n    node_venv_lib --> node_venv_lib_python3_12["python3.12"]\n    node_venv_lib_python3_12 --> node_venv_lib_python3_12_site-packages["site-packages"]\n    node_venv_lib_python3_12_site-packages --> node_venv_lib_python3_12_site-packages_PyQt6["PyQt6"]\n    node_venv_lib_python3_12_site-packages_PyQt6 --> node_venv_lib_python3_12_site-packages_PyQt6_Qt6["Qt6"]\n    node_venv_lib_python3_12_site-packages_PyQt6_Qt6 --> node_venv_lib_python3_12_site-packages_PyQt6_Qt6_qml["qml"]\n    node_venv_lib_python3_12_site-packages_PyQt6_Qt6_qml --> node_venv_lib_python3_12_site-packages_PyQt6_Qt6_qml_QtQuick3D["QtQuick3D"]\n    node_venv_lib_python3_12_site-packages_PyQt6_Qt6_qml_QtQuick3D --> node_venv_lib_python3_12_site-packages_PyQt6_Qt6_qml_QtQuick3D_Particles3D["Particles3D"]\n    node_venv_lib_python3_12_site-packages_PyQt6_Qt6_qml_QtQuick3D_Particles3D --> node_venv_lib_python3_12_site-packages_PyQt6_Qt6_qml_QtQuick3D_Particles3D_designer["designer"]\n    node_venv_lib_python3_12_site-packages_PyQt6_Qt6_qml_QtQuick3D_Particles3D_designer --> node_venv_lib_python3_12_site-packages_PyQt6_Qt6_qml_QtQuick3D_Particles3D_designer_images["images"]\n    node_venv_lib_python3_12_site-packages_PyQt6_Qt6_qml_QtQuick3D_Particles3D_designer_images --> node_venv_lib_python3_12_site-packages_PyQt6_Qt6_qml_QtQuick3D_Particles3D_designer_images_point-rotator-24px@2x_png["point-rotator-24px@2x.png"]\n    Root --> node_venv["venv"]\n    node_venv --> node_venv_lib["lib"]\n    node_venv_lib --> node_venv_lib_python3_12["python3.12"]\n    node_venv_lib_python3_12 --> node_venv_lib_python3_12_site-packages["site-packages"]\n    node_venv_lib_python3_12_site-packages --> node_venv_lib_python3_12_site-packages_PyQt6["PyQt6"]\n    node_venv_lib_python3_12_site-packages_PyQt6 --> node_venv_lib_python3_12_site-packages_PyQt6_Qt6["Qt6"]\n    node_venv_lib_python3_12_site-packages_PyQt6_Qt6 --> node_venv_lib_python3_12_site-packages_PyQt6_Qt6_qml["qml"]\n    node_venv_lib_python3_12_site-packages_PyQt6_Qt6_qml --> node_venv_lib_python3_12_site-packages_PyQt6_Qt6_qml_QtQuick3D["QtQuick3D"]\n    node_venv_lib_python3_12_site-packages_PyQt6_Qt6_qml_QtQuick3D --> node_venv_lib_python3_12_site-packages_PyQt6_Qt6_qml_QtQuick3D_Particles3D["Particles3D"]\n    node_venv_lib_python3_12_site-packages_PyQt6_Qt6_qml_QtQuick3D_Particles3D --> node_venv_lib_python3_12_site-packages_PyQt6_Qt6_qml_QtQuick3D_Particles3D_designer["designer"]\n    node_venv_lib_python3_12_site-packages_PyQt6_Qt6_qml_QtQuick3D_Particles3D_designer --> node_venv_lib_python3_12_site-packages_PyQt6_Qt6_qml_QtQuick3D_Particles3D_designer_images["images"]\n    node_venv_lib_python3_12_site-packages_PyQt6_Qt6_qml_QtQuick3D_Particles3D_designer_images --> node_venv_lib_python3_12_site-packages_PyQt6_Qt6_qml_QtQuick3D_Particles3D_designer_images_repeller-16px_png["repeller-16px.png"]\n    Root --> node_venv["venv"]\n    node_venv --> node_venv_lib["lib"]\n    node_venv_lib --> node_venv_lib_python3_12["python3.12"]\n    node_venv_lib_python3_12 --> node_venv_lib_python3_12_site-packages["site-packages"]\n    node_venv_lib_python3_12_site-packages --> node_venv_lib_python3_12_site-packages_PyQt6["PyQt6"]\n    node_venv_lib_python3_12_site-packages_PyQt6 --> node_venv_lib_python3_12_site-packages_PyQt6_Qt6["Qt6"]\n    node_venv_lib_python3_12_site-packages_PyQt6_Qt6 --> node_venv_lib_python3_12_site-packages_PyQt6_Qt6_qml["qml"]\n    node_venv_lib_python3_12_site-packages_PyQt6_Qt6_qml --> node_venv_lib_python3_12_site-packages_PyQt6_Qt6_qml_QtQuick3D["QtQuick3D"]\n    node_venv_lib_python3_12_site-packages_PyQt6_Qt6_qml_QtQuick3D --> node_venv_lib_python3_12_site-packages_PyQt6_Qt6_qml_QtQuick3D_Particles3D["Particles3D"]\n    node_venv_lib_python3_12_site-packages_PyQt6_Qt6_qml_QtQuick3D_Particles3D --> node_venv_lib_python3_12_site-packages_PyQt6_Qt6_qml_QtQuick3D_Particles3D_designer["designer"]\n    node_venv_lib_python3_12_site-packages_PyQt6_Qt6_qml_QtQuick3D_Particles3D_designer --> node_venv_lib_python3_12_site-packages_PyQt6_Qt6_qml_QtQuick3D_Particles3D_designer_images["images"]\n    node_venv_lib_python3_12_site-packages_PyQt6_Qt6_qml_QtQuick3D_Particles3D_designer_images --> node_venv_lib_python3_12_site-packages_PyQt6_Qt6_qml_QtQuick3D_Particles3D_designer_images_repeller-24px_png["repeller-24px.png"]\n    Root --> node_venv["venv"]\n    node_venv --> node_venv_lib["lib"]\n    node_venv_lib --> node_venv_lib_python3_12["python3.12"]\n    node_venv_lib_python3_12 --> node_venv_lib_python3_12_site-packages["site-packages"]\n    node_venv_lib_python3_12_site-packages --> node_venv_lib_python3_12_site-packages_PyQt6["PyQt6"]\n    node_venv_lib_python3_12_site-packages_PyQt6 --> node_venv_lib_python3_12_site-packages_PyQt6_Qt6["Qt6"]\n    node_venv_lib_python3_12_site-packages_PyQt6_Qt6 --> node_venv_lib_python3_12_site-packages_PyQt6_Qt6_qml["qml"]\n    node_venv_lib_python3_12_site-packages_PyQt6_Qt6_qml --> node_venv_lib_python3_12_site-packages_PyQt6_Qt6_qml_QtQuick3D["QtQuick3D"]\n    node_venv_lib_python3_12_site-packages_PyQt6_Qt6_qml_QtQuick3D --> node_venv_lib_python3_12_site-packages_PyQt6_Qt6_qml_QtQuick3D_Particles3D["Particles3D"]\n    node_venv_lib_python3_12_site-packages_PyQt6_Qt6_qml_QtQuick3D_Particles3D --> node_venv_lib_python3_12_site-packages_PyQt6_Qt6_qml_QtQuick3D_Particles3D_designer["designer"]\n    node_venv_lib_python3_12_site-packages_PyQt6_Qt6_qml_QtQuick3D_Particles3D_designer --> node_venv_lib_python3_12_site-packages_PyQt6_Qt6_qml_QtQuick3D_Particles3D_designer_images["images"]\n    node_venv_lib_python3_12_site-packages_PyQt6_Qt6_qml_QtQuick3D_Particles3D_designer_images --> node_venv_lib_python3_12_site-packages_PyQt6_Qt6_qml_QtQuick3D_Particles3D_designer_images_repeller-24px@2x_png["repeller-24px@2x.png"]\n    Root --> node_venv["venv"]\n    node_venv --> node_venv_lib["lib"]\n    node_venv_lib --> node_venv_lib_python3_12["python3.12"]\n    node_venv_lib_python3_12 --> node_venv_lib_python3_12_site-packages["site-packages"]\n    node_venv_lib_python3_12_site-packages --> node_venv_lib_python3_12_site-packages_PyQt6["PyQt6"]\n    node_venv_lib_python3_12_site-packages_PyQt6 --> node_venv_lib_python3_12_site-packages_PyQt6_Qt6["Qt6"]\n    node_venv_lib_python3_12_site-packages_PyQt6_Qt6 --> node_venv_lib_python3_12_site-packages_PyQt6_Qt6_qml["qml"]\n    node_venv_lib_python3_12_site-packages_PyQt6_Qt6_qml --> node_venv_lib_python3_12_site-packages_PyQt6_Qt6_qml_QtQuick3D["QtQuick3D"]\n    node_venv_lib_python3_12_site-packages_PyQt6_Qt6_qml_QtQuick3D --> node_venv_lib_python3_12_site-packages_PyQt6_Qt6_qml_QtQuick3D_Particles3D["Particles3D"]\n    node_venv_lib_python3_12_site-packages_PyQt6_Qt6_qml_QtQuick3D_Particles3D --> node_venv_lib_python3_12_site-packages_PyQt6_Qt6_qml_QtQuick3D_Particles3D_designer["designer"]\n    node_venv_lib_python3_12_site-packages_PyQt6_Qt6_qml_QtQuick3D_Particles3D_designer --> node_venv_lib_python3_12_site-packages_PyQt6_Qt6_qml_QtQuick3D_Particles3D_designer_images["images"]\n    node_venv_lib_python3_12_site-packages_PyQt6_Qt6_qml_QtQuick3D_Particles3D_designer_images --> node_venv_lib_python3_12_site-packages_PyQt6_Qt6_qml_QtQuick3D_Particles3D_designer_images_scale-affector-16px_png["scale-affector-16px.png"]\n    Root --> node_venv["venv"]\n    node_venv --> node_venv_lib["lib"]\n    node_venv_lib --> node_venv_lib_python3_12["python3.12"]\n    node_venv_lib_python3_12 --> node_venv_lib_python3_12_site-packages["site-packages"]\n    node_venv_lib_python3_12_site-packages --> node_venv_lib_python3_12_site-packages_PyQt6["PyQt6"]\n    node_venv_lib_python3_12_site-packages_PyQt6 --> node_venv_lib_python3_12_site-packages_PyQt6_Qt6["Qt6"]\n    node_venv_lib_python3_12_site-packages_PyQt6_Qt6 --> node_venv_lib_python3_12_site-packages_PyQt6_Qt6_qml["qml"]\n    node_venv_lib_python3_12_site-packages_PyQt6_Qt6_qml --> node_venv_lib_python3_12_site-packages_PyQt6_Qt6_qml_QtQuick3D["QtQuick3D"]\n    node_venv_lib_python3_12_site-packages_PyQt6_Qt6_qml_QtQuick3D --> node_venv_lib_python3_12_site-packages_PyQt6_Qt6_qml_QtQuick3D_Particles3D["Particles3D"]\n    node_venv_lib_python3_12_site-packages_PyQt6_Qt6_qml_QtQuick3D_Particles3D --> node_venv_lib_python3_12_site-packages_PyQt6_Qt6_qml_QtQuick3D_Particles3D_designer["designer"]\n    node_venv_lib_python3_12_site-packages_PyQt6_Qt6_qml_QtQuick3D_Particles3D_designer --> node_venv_lib_python3_12_site-packages_PyQt6_Qt6_qml_QtQuick3D_Particles3D_designer_images["images"]\n    node_venv_lib_python3_12_site-packages_PyQt6_Qt6_qml_QtQuick3D_Particles3D_designer_images --> node_venv_lib_python3_12_site-packages_PyQt6_Qt6_qml_QtQuick3D_Particles3D_designer_images_scale-affector-24px_png["scale-affector-24px.png"]\n    Root --> node_venv["venv"]\n    node_venv --> node_venv_lib["lib"]\n    node_venv_lib --> node_venv_lib_python3_12["python3.12"]\n    node_venv_lib_python3_12 --> node_venv_lib_python3_12_site-packages["site-packages"]\n    node_venv_lib_python3_12_site-packages --> node_venv_lib_python3_12_site-packages_PyQt6["PyQt6"]\n    node_venv_lib_python3_12_site-packages_PyQt6 --> node_venv_lib_python3_12_site-packages_PyQt6_Qt6["Qt6"]\n    node_venv_lib_python3_12_site-packages_PyQt6_Qt6 --> node_venv_lib_python3_12_site-packages_PyQt6_Qt6_qml["qml"]\n    node_venv_lib_python3_12_site-packages_PyQt6_Qt6_qml --> node_venv_lib_python3_12_site-packages_PyQt6_Qt6_qml_QtQuick3D["QtQuick3D"]\n    node_venv_lib_python3_12_site-packages_PyQt6_Qt6_qml_QtQuick3D --> node_venv_lib_python3_12_site-packages_PyQt6_Qt6_qml_QtQuick3D_Particles3D["Particles3D"]\n    node_venv_lib_python3_12_site-packages_PyQt6_Qt6_qml_QtQuick3D_Particles3D --> node_venv_lib_python3_12_site-packages_PyQt6_Qt6_qml_QtQuick3D_Particles3D_designer["designer"]\n    node_venv_lib_python3_12_site-packages_PyQt6_Qt6_qml_QtQuick3D_Particles3D_designer --> node_venv_lib_python3_12_site-packages_PyQt6_Qt6_qml_QtQuick3D_Particles3D_designer_images["images"]\n    node_venv_lib_python3_12_site-packages_PyQt6_Qt6_qml_QtQuick3D_Particles3D_designer_images --> node_venv_lib_python3_12_site-packages_PyQt6_Qt6_qml_QtQuick3D_Particles3D_designer_images_scale-affector-24px@2x_png["scale-affector-24px@2x.png"]\n    Root --> node_venv["venv"]\n    node_venv --> node_venv_lib["lib"]\n    node_venv_lib --> node_venv_lib_python3_12["python3.12"]\n    node_venv_lib_python3_12 --> node_venv_lib_python3_12_site-packages["site-packages"]\n    node_venv_lib_python3_12_site-packages --> node_venv_lib_python3_12_site-packages_PyQt6["PyQt6"]\n    node_venv_lib_python3_12_site-packages_PyQt6 --> node_venv_lib_python3_12_site-packages_PyQt6_Qt6["Qt6"]\n    node_venv_lib_python3_12_site-packages_PyQt6_Qt6 --> node_venv_lib_python3_12_site-packages_PyQt6_Qt6_qml["qml"]\n    node_venv_lib_python3_12_site-packages_PyQt6_Qt6_qml --> node_venv_lib_python3_12_site-packages_PyQt6_Qt6_qml_QtQuick3D["QtQuick3D"]\n    node_venv_lib_python3_12_site-packages_PyQt6_Qt6_qml_QtQuick3D --> node_venv_lib_python3_12_site-packages_PyQt6_Qt6_qml_QtQuick3D_Particles3D["Particles3D"]\n    node_venv_lib_python3_12_site-packages_PyQt6_Qt6_qml_QtQuick3D_Particles3D --> node_venv_lib_python3_12_site-packages_PyQt6_Qt6_qml_QtQuick3D_Particles3D_designer["designer"]\n    node_venv_lib_python3_12_site-packages_PyQt6_Qt6_qml_QtQuick3D_Particles3D_designer --> node_venv_lib_python3_12_site-packages_PyQt6_Qt6_qml_QtQuick3D_Particles3D_designer_images["images"]\n    node_venv_lib_python3_12_site-packages_PyQt6_Qt6_qml_QtQuick3D_Particles3D_designer_images --> node_venv_lib_python3_12_site-packages_PyQt6_Qt6_qml_QtQuick3D_Particles3D_designer_images_sprite-particle-16px_png["sprite-particle-16px.png"]\n    Root --> node_venv["venv"]\n    node_venv --> node_venv_lib["lib"]\n    node_venv_lib --> node_venv_lib_python3_12["python3.12"]\n    node_venv_lib_python3_12 --> node_venv_lib_python3_12_site-packages["site-packages"]\n    node_venv_lib_python3_12_site-packages --> node_venv_lib_python3_12_site-packages_PyQt6["PyQt6"]\n    node_venv_lib_python3_12_site-packages_PyQt6 --> node_venv_lib_python3_12_site-packages_PyQt6_Qt6["Qt6"]\n    node_venv_lib_python3_12_site-packages_PyQt6_Qt6 --> node_venv_lib_python3_12_site-packages_PyQt6_Qt6_qml["qml"]\n    node_venv_lib_python3_12_site-packages_PyQt6_Qt6_qml --> node_venv_lib_python3_12_site-packages_PyQt6_Qt6_qml_QtQuick3D["QtQuick3D"]\n    node_venv_lib_python3_12_site-packages_PyQt6_Qt6_qml_QtQuick3D --> node_venv_lib_python3_12_site-packages_PyQt6_Qt6_qml_QtQuick3D_Particles3D["Particles3D"]\n    node_venv_lib_python3_12_site-packages_PyQt6_Qt6_qml_QtQuick3D_Particles3D --> node_venv_lib_python3_12_site-packages_PyQt6_Qt6_qml_QtQuick3D_Particles3D_designer["designer"]\n    node_venv_lib_python3_12_site-packages_PyQt6_Qt6_qml_QtQuick3D_Particles3D_designer --> node_venv_lib_python3_12_site-packages_PyQt6_Qt6_qml_QtQuick3D_Particles3D_designer_images["images"]\n    node_venv_lib_python3_12_site-packages_PyQt6_Qt6_qml_QtQuick3D_Particles3D_designer_images --> node_venv_lib_python3_12_site-packages_PyQt6_Qt6_qml_QtQuick3D_Particles3D_designer_images_sprite-particle-24px_png["sprite-particle-24px.png"]\n    Root --> node_venv["venv"]\n    node_venv --> node_venv_lib["lib"]\n    node_venv_lib --> node_venv_lib_python3_12["python3.12"]\n    node_venv_lib_python3_12 --> node_venv_lib_python3_12_site-packages["site-packages"]\n    node_venv_lib_python3_12_site-packages --> node_venv_lib_python3_12_site-packages_PyQt6["PyQt6"]\n    node_venv_lib_python3_12_site-packages_PyQt6 --> node_venv_lib_python3_12_site-packages_PyQt6_Qt6["Qt6"]\n    node_venv_lib_python3_12_site-packages_PyQt6_Qt6 --> node_venv_lib_python3_12_site-packages_PyQt6_Qt6_qml["qml"]\n    node_venv_lib_python3_12_site-packages_PyQt6_Qt6_qml --> node_venv_lib_python3_12_site-packages_PyQt6_Qt6_qml_QtQuick3D["QtQuick3D"]\n    node_venv_lib_python3_12_site-packages_PyQt6_Qt6_qml_QtQuick3D --> node_venv_lib_python3_12_site-packages_PyQt6_Qt6_qml_QtQuick3D_Particles3D["Particles3D"]\n    node_venv_lib_python3_12_site-packages_PyQt6_Qt6_qml_QtQuick3D_Particles3D --> node_venv_lib_python3_12_site-packages_PyQt6_Qt6_qml_QtQuick3D_Particles3D_designer["designer"]\n    node_venv_lib_python3_12_site-packages_PyQt6_Qt6_qml_QtQuick3D_Particles3D_designer --> node_venv_lib_python3_12_site-packages_PyQt6_Qt6_qml_QtQuick3D_Particles3D_designer_images["images"]\n    node_venv_lib_python3_12_site-packages_PyQt6_Qt6_qml_QtQuick3D_Particles3D_designer_images --> node_venv_lib_python3_12_site-packages_PyQt6_Qt6_qml_QtQuick3D_Particles3D_designer_images_sprite-particle-24px@2x_png["sprite-particle-24px@2x.png"]\n    Root --> node_venv["venv"]\n    node_venv --> node_venv_lib["lib"]\n    node_venv_lib --> node_venv_lib_python3_12["python3.12"]\n    node_venv_lib_python3_12 --> node_venv_lib_python3_12_site-packages["site-packages"]\n    node_venv_lib_python3_12_site-packages --> node_venv_lib_python3_12_site-packages_PyQt6["PyQt6"]\n    node_venv_lib_python3_12_site-packages_PyQt6 --> node_venv_lib_python3_12_site-packages_PyQt6_Qt6["Qt6"]\n    node_venv_lib_python3_12_site-packages_PyQt6_Qt6 --> node_venv_lib_python3_12_site-packages_PyQt6_Qt6_qml["qml"]\n    node_venv_lib_python3_12_site-packages_PyQt6_Qt6_qml --> node_venv_lib_python3_12_site-packages_PyQt6_Qt6_qml_QtQuick3D["QtQuick3D"]\n    node_venv_lib_python3_12_site-packages_PyQt6_Qt6_qml_QtQuick3D --> node_venv_lib_python3_12_site-packages_PyQt6_Qt6_qml_QtQuick3D_Particles3D["Particles3D"]\n    node_venv_lib_python3_12_site-packages_PyQt6_Qt6_qml_QtQuick3D_Particles3D --> node_venv_lib_python3_12_site-packages_PyQt6_Qt6_qml_QtQuick3D_Particles3D_designer["designer"]\n    node_venv_lib_python3_12_site-packages_PyQt6_Qt6_qml_QtQuick3D_Particles3D_designer --> node_venv_lib_python3_12_site-packages_PyQt6_Qt6_qml_QtQuick3D_Particles3D_designer_images["images"]\n    node_venv_lib_python3_12_site-packages_PyQt6_Qt6_qml_QtQuick3D_Particles3D_designer_images --> node_venv_lib_python3_12_site-packages_PyQt6_Qt6_qml_QtQuick3D_Particles3D_designer_images_sprite-sequence-16px_png["sprite-sequence-16px.png"]\n    Root --> node_venv["venv"]\n    node_venv --> node_venv_lib["lib"]\n    node_venv_lib --> node_venv_lib_python3_12["python3.12"]\n    node_venv_lib_python3_12 --> node_venv_lib_python3_12_site-packages["site-packages"]\n    node_venv_lib_python3_12_site-packages --> node_venv_lib_python3_12_site-packages_PyQt6["PyQt6"]\n    node_venv_lib_python3_12_site-packages_PyQt6 --> node_venv_lib_python3_12_site-packages_PyQt6_Qt6["Qt6"]\n    node_venv_lib_python3_12_site-packages_PyQt6_Qt6 --> node_venv_lib_python3_12_site-packages_PyQt6_Qt6_qml["qml"]\n    node_venv_lib_python3_12_site-packages_PyQt6_Qt6_qml --> node_venv_lib_python3_12_site-packages_PyQt6_Qt6_qml_QtQuick3D["QtQuick3D"]\n    node_venv_lib_python3_12_site-packages_PyQt6_Qt6_qml_QtQuick3D --> node_venv_lib_python3_12_site-packages_PyQt6_Qt6_qml_QtQuick3D_Particles3D["Particles3D"]\n    node_venv_lib_python3_12_site-packages_PyQt6_Qt6_qml_QtQuick3D_Particles3D --> node_venv_lib_python3_12_site-packages_PyQt6_Qt6_qml_QtQuick3D_Particles3D_designer["designer"]\n    node_venv_lib_python3_12_site-packages_PyQt6_Qt6_qml_QtQuick3D_Particles3D_designer --> node_venv_lib_python3_12_site-packages_PyQt6_Qt6_qml_QtQuick3D_Particles3D_designer_images["images"]\n    node_venv_lib_python3_12_site-packages_PyQt6_Qt6_qml_QtQuick3D_Particles3D_designer_images --> node_venv_lib_python3_12_site-packages_PyQt6_Qt6_qml_QtQuick3D_Particles3D_designer_images_sprite-sequence-24px_png["sprite-sequence-24px.png"]\n    Root --> node_venv["venv"]\n    node_venv --> node_venv_lib["lib"]\n    node_venv_lib --> node_venv_lib_python3_12["python3.12"]\n    node_venv_lib_python3_12 --> node_venv_lib_python3_12_site-packages["site-packages"]\n    node_venv_lib_python3_12_site-packages --> node_venv_lib_python3_12_site-packages_PyQt6["PyQt6"]\n    node_venv_lib_python3_12_site-packages_PyQt6 --> node_venv_lib_python3_12_site-packages_PyQt6_Qt6["Qt6"]\n    node_venv_lib_python3_12_site-packages_PyQt6_Qt6 --> node_venv_lib_python3_12_site-packages_PyQt6_Qt6_qml["qml"]\n    node_venv_lib_python3_12_site-packages_PyQt6_Qt6_qml --> node_venv_lib_python3_12_site-packages_PyQt6_Qt6_qml_QtQuick3D["QtQuick3D"]\n    node_venv_lib_python3_12_site-packages_PyQt6_Qt6_qml_QtQuick3D --> node_venv_lib_python3_12_site-packages_PyQt6_Qt6_qml_QtQuick3D_Particles3D["Particles3D"]\n    node_venv_lib_python3_12_site-packages_PyQt6_Qt6_qml_QtQuick3D_Particles3D --> node_venv_lib_python3_12_site-packages_PyQt6_Qt6_qml_QtQuick3D_Particles3D_designer["designer"]\n    node_venv_lib_python3_12_site-packages_PyQt6_Qt6_qml_QtQuick3D_Particles3D_designer --> node_venv_lib_python3_12_site-packages_PyQt6_Qt6_qml_QtQuick3D_Particles3D_designer_images["images"]\n    node_venv_lib_python3_12_site-packages_PyQt6_Qt6_qml_QtQuick3D_Particles3D_designer_images --> node_venv_lib_python3_12_site-packages_PyQt6_Qt6_qml_QtQuick3D_Particles3D_designer_images_sprite-sequence-24px@2x_png["sprite-sequence-24px@2x.png"]\n    Root --> node_venv["venv"]\n    node_venv --> node_venv_lib["lib"]\n    node_venv_lib --> node_venv_lib_python3_12["python3.12"]\n    node_venv_lib_python3_12 --> node_venv_lib_python3_12_site-packages["site-packages"]\n    node_venv_lib_python3_12_site-packages --> node_venv_lib_python3_12_site-packages_PyQt6["PyQt6"]\n    node_venv_lib_python3_12_site-packages_PyQt6 --> node_venv_lib_python3_12_site-packages_PyQt6_Qt6["Qt6"]\n    node_venv_lib_python3_12_site-packages_PyQt6_Qt6 --> node_venv_lib_python3_12_site-packages_PyQt6_Qt6_qml["qml"]\n    node_venv_lib_python3_12_site-packages_PyQt6_Qt6_qml --> node_venv_lib_python3_12_site-packages_PyQt6_Qt6_qml_QtQuick3D["QtQuick3D"]\n    node_venv_lib_python3_12_site-packages_PyQt6_Qt6_qml_QtQuick3D --> node_venv_lib_python3_12_site-packages_PyQt6_Qt6_qml_QtQuick3D_Particles3D["Particles3D"]\n    node_venv_lib_python3_12_site-packages_PyQt6_Qt6_qml_QtQuick3D_Particles3D --> node_venv_lib_python3_12_site-packages_PyQt6_Qt6_qml_QtQuick3D_Particles3D_designer["designer"]\n    node_venv_lib_python3_12_site-packages_PyQt6_Qt6_qml_QtQuick3D_Particles3D_designer --> node_venv_lib_python3_12_site-packages_PyQt6_Qt6_qml_QtQuick3D_Particles3D_designer_images["images"]\n    node_venv_lib_python3_12_site-packages_PyQt6_Qt6_qml_QtQuick3D_Particles3D_designer_images --> node_venv_lib_python3_12_site-packages_PyQt6_Qt6_qml_QtQuick3D_Particles3D_designer_images_target-direction-16px_png["target-direction-16px.png"]\n    Root --> node_venv["venv"]\n    node_venv --> node_venv_lib["lib"]\n    node_venv_lib --> node_venv_lib_python3_12["python3.12"]\n    node_venv_lib_python3_12 --> node_venv_lib_python3_12_site-packages["site-packages"]\n    node_venv_lib_python3_12_site-packages --> node_venv_lib_python3_12_site-packages_PyQt6["PyQt6"]\n    node_venv_lib_python3_12_site-packages_PyQt6 --> node_venv_lib_python3_12_site-packages_PyQt6_Qt6["Qt6"]\n    node_venv_lib_python3_12_site-packages_PyQt6_Qt6 --> node_venv_lib_python3_12_site-packages_PyQt6_Qt6_qml["qml"]\n    node_venv_lib_python3_12_site-packages_PyQt6_Qt6_qml --> node_venv_lib_python3_12_site-packages_PyQt6_Qt6_qml_QtQuick3D["QtQuick3D"]\n    node_venv_lib_python3_12_site-packages_PyQt6_Qt6_qml_QtQuick3D --> node_venv_lib_python3_12_site-packages_PyQt6_Qt6_qml_QtQuick3D_Particles3D["Particles3D"]\n    node_venv_lib_python3_12_site-packages_PyQt6_Qt6_qml_QtQuick3D_Particles3D --> node_venv_lib_python3_12_site-packages_PyQt6_Qt6_qml_QtQuick3D_Particles3D_designer["designer"]\n    node_venv_lib_python3_12_site-packages_PyQt6_Qt6_qml_QtQuick3D_Particles3D_designer --> node_venv_lib_python3_12_site-packages_PyQt6_Qt6_qml_QtQuick3D_Particles3D_designer_images["images"]\n    node_venv_lib_python3_12_site-packages_PyQt6_Qt6_qml_QtQuick3D_Particles3D_designer_images --> node_venv_lib_python3_12_site-packages_PyQt6_Qt6_qml_QtQuick3D_Particles3D_designer_images_target-direction-24px_png["target-direction-24px.png"]\n    Root --> node_venv["venv"]\n    node_venv --> node_venv_lib["lib"]\n    node_venv_lib --> node_venv_lib_python3_12["python3.12"]\n    node_venv_lib_python3_12 --> node_venv_lib_python3_12_site-packages["site-packages"]\n    node_venv_lib_python3_12_site-packages --> node_venv_lib_python3_12_site-packages_PyQt6["PyQt6"]\n    node_venv_lib_python3_12_site-packages_PyQt6 --> node_venv_lib_python3_12_site-packages_PyQt6_Qt6["Qt6"]\n    node_venv_lib_python3_12_site-packages_PyQt6_Qt6 --> node_venv_lib_python3_12_site-packages_PyQt6_Qt6_qml["qml"]\n    node_venv_lib_python3_12_site-packages_PyQt6_Qt6_qml --> node_venv_lib_python3_12_site-packages_PyQt6_Qt6_qml_QtQuick3D["QtQuick3D"]\n    node_venv_lib_python3_12_site-packages_PyQt6_Qt6_qml_QtQuick3D --> node_venv_lib_python3_12_site-packages_PyQt6_Qt6_qml_QtQuick3D_Particles3D["Particles3D"]\n    node_venv_lib_python3_12_site-packages_PyQt6_Qt6_qml_QtQuick3D_Particles3D --> node_venv_lib_python3_12_site-packages_PyQt6_Qt6_qml_QtQuick3D_Particles3D_designer["designer"]\n    node_venv_lib_python3_12_site-packages_PyQt6_Qt6_qml_QtQuick3D_Particles3D_designer --> node_venv_lib_python3_12_site-packages_PyQt6_Qt6_qml_QtQuick3D_Particles3D_designer_images["images"]\n    node_venv_lib_python3_12_site-packages_PyQt6_Qt6_qml_QtQuick3D_Particles3D_designer_images --> node_venv_lib_python3_12_site-packages_PyQt6_Qt6_qml_QtQuick3D_Particles3D_designer_images_target-direction-24px@2x_png["target-direction-24px@2x.png"]\n    Root --> node_venv["venv"]\n    node_venv --> node_venv_lib["lib"]\n    node_venv_lib --> node_venv_lib_python3_12["python3.12"]\n    node_venv_lib_python3_12 --> node_venv_lib_python3_12_site-packages["site-packages"]\n    node_venv_lib_python3_12_site-packages --> node_venv_lib_python3_12_site-packages_PyQt6["PyQt6"]\n    node_venv_lib_python3_12_site-packages_PyQt6 --> node_venv_lib_python3_12_site-packages_PyQt6_Qt6["Qt6"]\n    node_venv_lib_python3_12_site-packages_PyQt6_Qt6 --> node_venv_lib_python3_12_site-packages_PyQt6_Qt6_qml["qml"]\n    node_venv_lib_python3_12_site-packages_PyQt6_Qt6_qml --> node_venv_lib_python3_12_site-packages_PyQt6_Qt6_qml_QtQuick3D["QtQuick3D"]\n    node_venv_lib_python3_12_site-packages_PyQt6_Qt6_qml_QtQuick3D --> node_venv_lib_python3_12_site-packages_PyQt6_Qt6_qml_QtQuick3D_Particles3D["Particles3D"]\n    node_venv_lib_python3_12_site-packages_PyQt6_Qt6_qml_QtQuick3D_Particles3D --> node_venv_lib_python3_12_site-packages_PyQt6_Qt6_qml_QtQuick3D_Particles3D_designer["designer"]\n    node_venv_lib_python3_12_site-packages_PyQt6_Qt6_qml_QtQuick3D_Particles3D_designer --> node_venv_lib_python3_12_site-packages_PyQt6_Qt6_qml_QtQuick3D_Particles3D_designer_images["images"]\n    node_venv_lib_python3_12_site-packages_PyQt6_Qt6_qml_QtQuick3D_Particles3D_designer_images --> node_venv_lib_python3_12_site-packages_PyQt6_Qt6_qml_QtQuick3D_Particles3D_designer_images_trail-emitter-16px_png["trail-emitter-16px.png"]\n    Root --> node_venv["venv"]\n    node_venv --> node_venv_lib["lib"]\n    node_venv_lib --> node_venv_lib_python3_12["python3.12"]\n    node_venv_lib_python3_12 --> node_venv_lib_python3_12_site-packages["site-packages"]\n    node_venv_lib_python3_12_site-packages --> node_venv_lib_python3_12_site-packages_PyQt6["PyQt6"]\n    node_venv_lib_python3_12_site-packages_PyQt6 --> node_venv_lib_python3_12_site-packages_PyQt6_Qt6["Qt6"]\n    node_venv_lib_python3_12_site-packages_PyQt6_Qt6 --> node_venv_lib_python3_12_site-packages_PyQt6_Qt6_qml["qml"]\n    node_venv_lib_python3_12_site-packages_PyQt6_Qt6_qml --> node_venv_lib_python3_12_site-packages_PyQt6_Qt6_qml_QtQuick3D["QtQuick3D"]\n    node_venv_lib_python3_12_site-packages_PyQt6_Qt6_qml_QtQuick3D --> node_venv_lib_python3_12_site-packages_PyQt6_Qt6_qml_QtQuick3D_Particles3D["Particles3D"]\n    node_venv_lib_python3_12_site-packages_PyQt6_Qt6_qml_QtQuick3D_Particles3D --> node_venv_lib_python3_12_site-packages_PyQt6_Qt6_qml_QtQuick3D_Particles3D_designer["designer"]\n    node_venv_lib_python3_12_site-packages_PyQt6_Qt6_qml_QtQuick3D_Particles3D_designer --> node_venv_lib_python3_12_site-packages_PyQt6_Qt6_qml_QtQuick3D_Particles3D_designer_images["images"]\n    node_venv_lib_python3_12_site-packages_PyQt6_Qt6_qml_QtQuick3D_Particles3D_designer_images --> node_venv_lib_python3_12_site-packages_PyQt6_Qt6_qml_QtQuick3D_Particles3D_designer_images_trail-emitter-24px_png["trail-emitter-24px.png"]\n    Root --> node_venv["venv"]\n    node_venv --> node_venv_lib["lib"]\n    node_venv_lib --> node_venv_lib_python3_12["python3.12"]\n    node_venv_lib_python3_12 --> node_venv_lib_python3_12_site-packages["site-packages"]\n    node_venv_lib_python3_12_site-packages --> node_venv_lib_python3_12_site-packages_PyQt6["PyQt6"]\n    node_venv_lib_python3_12_site-packages_PyQt6 --> node_venv_lib_python3_12_site-packages_PyQt6_Qt6["Qt6"]\n    node_venv_lib_python3_12_site-packages_PyQt6_Qt6 --> node_venv_lib_python3_12_site-packages_PyQt6_Qt6_qml["qml"]\n    node_venv_lib_python3_12_site-packages_PyQt6_Qt6_qml --> node_venv_lib_python3_12_site-packages_PyQt6_Qt6_qml_QtQuick3D["QtQuick3D"]\n    node_venv_lib_python3_12_site-packages_PyQt6_Qt6_qml_QtQuick3D --> node_venv_lib_python3_12_site-packages_PyQt6_Qt6_qml_QtQuick3D_Particles3D["Particles3D"]\n    node_venv_lib_python3_12_site-packages_PyQt6_Qt6_qml_QtQuick3D_Particles3D --> node_venv_lib_python3_12_site-packages_PyQt6_Qt6_qml_QtQuick3D_Particles3D_designer["designer"]\n    node_venv_lib_python3_12_site-packages_PyQt6_Qt6_qml_QtQuick3D_Particles3D_designer --> node_venv_lib_python3_12_site-packages_PyQt6_Qt6_qml_QtQuick3D_Particles3D_designer_images["images"]\n    node_venv_lib_python3_12_site-packages_PyQt6_Qt6_qml_QtQuick3D_Particles3D_designer_images --> node_venv_lib_python3_12_site-packages_PyQt6_Qt6_qml_QtQuick3D_Particles3D_designer_images_trail-emitter-24px@2x_png["trail-emitter-24px@2x.png"]\n    Root --> node_venv["venv"]\n    node_venv --> node_venv_lib["lib"]\n    node_venv_lib --> node_venv_lib_python3_12["python3.12"]\n    node_venv_lib_python3_12 --> node_venv_lib_python3_12_site-packages["site-packages"]\n    node_venv_lib_python3_12_site-packages --> node_venv_lib_python3_12_site-packages_PyQt6["PyQt6"]\n    node_venv_lib_python3_12_site-packages_PyQt6 --> node_venv_lib_python3_12_site-packages_PyQt6_Qt6["Qt6"]\n    node_venv_lib_python3_12_site-packages_PyQt6_Qt6 --> node_venv_lib_python3_12_site-packages_PyQt6_Qt6_qml["qml"]\n    node_venv_lib_python3_12_site-packages_PyQt6_Qt6_qml --> node_venv_lib_python3_12_site-packages_PyQt6_Qt6_qml_QtQuick3D["QtQuick3D"]\n    node_venv_lib_python3_12_site-packages_PyQt6_Qt6_qml_QtQuick3D --> node_venv_lib_python3_12_site-packages_PyQt6_Qt6_qml_QtQuick3D_Particles3D["Particles3D"]\n    node_venv_lib_python3_12_site-packages_PyQt6_Qt6_qml_QtQuick3D_Particles3D --> node_venv_lib_python3_12_site-packages_PyQt6_Qt6_qml_QtQuick3D_Particles3D_designer["designer"]\n    node_venv_lib_python3_12_site-packages_PyQt6_Qt6_qml_QtQuick3D_Particles3D_designer --> node_venv_lib_python3_12_site-packages_PyQt6_Qt6_qml_QtQuick3D_Particles3D_designer_images["images"]\n    node_venv_lib_python3_12_site-packages_PyQt6_Qt6_qml_QtQuick3D_Particles3D_designer_images --> node_venv_lib_python3_12_site-packages_PyQt6_Qt6_qml_QtQuick3D_Particles3D_designer_images_vector-direction-16px_png["vector-direction-16px.png"]\n    Root --> node_venv["venv"]\n    node_venv --> node_venv_lib["lib"]\n    node_venv_lib --> node_venv_lib_python3_12["python3.12"]\n    node_venv_lib_python3_12 --> node_venv_lib_python3_12_site-packages["site-packages"]\n    node_venv_lib_python3_12_site-packages --> node_venv_lib_python3_12_site-packages_PyQt6["PyQt6"]\n    node_venv_lib_python3_12_site-packages_PyQt6 --> node_venv_lib_python3_12_site-packages_PyQt6_Qt6["Qt6"]\n    node_venv_lib_python3_12_site-packages_PyQt6_Qt6 --> node_venv_lib_python3_12_site-packages_PyQt6_Qt6_qml["qml"]\n    node_venv_lib_python3_12_site-packages_PyQt6_Qt6_qml --> node_venv_lib_python3_12_site-packages_PyQt6_Qt6_qml_QtQuick3D["QtQuick3D"]\n    node_venv_lib_python3_12_site-packages_PyQt6_Qt6_qml_QtQuick3D --> node_venv_lib_python3_12_site-packages_PyQt6_Qt6_qml_QtQuick3D_Particles3D["Particles3D"]\n    node_venv_lib_python3_12_site-packages_PyQt6_Qt6_qml_QtQuick3D_Particles3D --> node_venv_lib_python3_12_site-packages_PyQt6_Qt6_qml_QtQuick3D_Particles3D_designer["designer"]\n    node_venv_lib_python3_12_site-packages_PyQt6_Qt6_qml_QtQuick3D_Particles3D_designer --> node_venv_lib_python3_12_site-packages_PyQt6_Qt6_qml_QtQuick3D_Particles3D_designer_images["images"]\n    node_venv_lib_python3_12_site-packages_PyQt6_Qt6_qml_QtQuick3D_Particles3D_designer_images --> node_venv_lib_python3_12_site-packages_PyQt6_Qt6_qml_QtQuick3D_Particles3D_designer_images_vector-direction-24px_png["vector-direction-24px.png"]\n    Root --> node_venv["venv"]\n    node_venv --> node_venv_lib["lib"]\n    node_venv_lib --> node_venv_lib_python3_12["python3.12"]\n    node_venv_lib_python3_12 --> node_venv_lib_python3_12_site-packages["site-packages"]\n    node_venv_lib_python3_12_site-packages --> node_venv_lib_python3_12_site-packages_PyQt6["PyQt6"]\n    node_venv_lib_python3_12_site-packages_PyQt6 --> node_venv_lib_python3_12_site-packages_PyQt6_Qt6["Qt6"]\n    node_venv_lib_python3_12_site-packages_PyQt6_Qt6 --> node_venv_lib_python3_12_site-packages_PyQt6_Qt6_qml["qml"]\n    node_venv_lib_python3_12_site-packages_PyQt6_Qt6_qml --> node_venv_lib_python3_12_site-packages_PyQt6_Qt6_qml_QtQuick3D["QtQuick3D"]\n    node_venv_lib_python3_12_site-packages_PyQt6_Qt6_qml_QtQuick3D --> node_venv_lib_python3_12_site-packages_PyQt6_Qt6_qml_QtQuick3D_Particles3D["Particles3D"]\n    node_venv_lib_python3_12_site-packages_PyQt6_Qt6_qml_QtQuick3D_Particles3D --> node_venv_lib_python3_12_site-packages_PyQt6_Qt6_qml_QtQuick3D_Particles3D_designer["designer"]\n    node_venv_lib_python3_12_site-packages_PyQt6_Qt6_qml_QtQuick3D_Particles3D_designer --> node_venv_lib_python3_12_site-packages_PyQt6_Qt6_qml_QtQuick3D_Particles3D_designer_images["images"]\n    node_venv_lib_python3_12_site-packages_PyQt6_Qt6_qml_QtQuick3D_Particles3D_designer_images --> node_venv_lib_python3_12_site-packages_PyQt6_Qt6_qml_QtQuick3D_Particles3D_designer_images_vector-direction-24px@2x_png["vector-direction-24px@2x.png"]\n    Root --> node_venv["venv"]\n    node_venv --> node_venv_lib["lib"]\n    node_venv_lib --> node_venv_lib_python3_12["python3.12"]\n    node_venv_lib_python3_12 --> node_venv_lib_python3_12_site-packages["site-packages"]\n    node_venv_lib_python3_12_site-packages --> node_venv_lib_python3_12_site-packages_PyQt6["PyQt6"]\n    node_venv_lib_python3_12_site-packages_PyQt6 --> node_venv_lib_python3_12_site-packages_PyQt6_Qt6["Qt6"]\n    node_venv_lib_python3_12_site-packages_PyQt6_Qt6 --> node_venv_lib_python3_12_site-packages_PyQt6_Qt6_qml["qml"]\n    node_venv_lib_python3_12_site-packages_PyQt6_Qt6_qml --> node_venv_lib_python3_12_site-packages_PyQt6_Qt6_qml_QtQuick3D["QtQuick3D"]\n    node_venv_lib_python3_12_site-packages_PyQt6_Qt6_qml_QtQuick3D --> node_venv_lib_python3_12_site-packages_PyQt6_Qt6_qml_QtQuick3D_Particles3D["Particles3D"]\n    node_venv_lib_python3_12_site-packages_PyQt6_Qt6_qml_QtQuick3D_Particles3D --> node_venv_lib_python3_12_site-packages_PyQt6_Qt6_qml_QtQuick3D_Particles3D_designer["designer"]\n    node_venv_lib_python3_12_site-packages_PyQt6_Qt6_qml_QtQuick3D_Particles3D_designer --> node_venv_lib_python3_12_site-packages_PyQt6_Qt6_qml_QtQuick3D_Particles3D_designer_images["images"]\n    node_venv_lib_python3_12_site-packages_PyQt6_Qt6_qml_QtQuick3D_Particles3D_designer_images --> node_venv_lib_python3_12_site-packages_PyQt6_Qt6_qml_QtQuick3D_Particles3D_designer_images_wander-16px_png["wander-16px.png"]\n    Root --> node_venv["venv"]\n    node_venv --> node_venv_lib["lib"]\n    node_venv_lib --> node_venv_lib_python3_12["python3.12"]\n    node_venv_lib_python3_12 --> node_venv_lib_python3_12_site-packages["site-packages"]\n    node_venv_lib_python3_12_site-packages --> node_venv_lib_python3_12_site-packages_PyQt6["PyQt6"]\n    node_venv_lib_python3_12_site-packages_PyQt6 --> node_venv_lib_python3_12_site-packages_PyQt6_Qt6["Qt6"]\n    node_venv_lib_python3_12_site-packages_PyQt6_Qt6 --> node_venv_lib_python3_12_site-packages_PyQt6_Qt6_qml["qml"]\n    node_venv_lib_python3_12_site-packages_PyQt6_Qt6_qml --> node_venv_lib_python3_12_site-packages_PyQt6_Qt6_qml_QtQuick3D["QtQuick3D"]\n    node_venv_lib_python3_12_site-packages_PyQt6_Qt6_qml_QtQuick3D --> node_venv_lib_python3_12_site-packages_PyQt6_Qt6_qml_QtQuick3D_Particles3D["Particles3D"]\n    node_venv_lib_python3_12_site-packages_PyQt6_Qt6_qml_QtQuick3D_Particles3D --> node_venv_lib_python3_12_site-packages_PyQt6_Qt6_qml_QtQuick3D_Particles3D_designer["designer"]\n    node_venv_lib_python3_12_site-packages_PyQt6_Qt6_qml_QtQuick3D_Particles3D_designer --> node_venv_lib_python3_12_site-packages_PyQt6_Qt6_qml_QtQuick3D_Particles3D_designer_images["images"]\n    node_venv_lib_python3_12_site-packages_PyQt6_Qt6_qml_QtQuick3D_Particles3D_designer_images --> node_venv_lib_python3_12_site-packages_PyQt6_Qt6_qml_QtQuick3D_Particles3D_designer_images_wander-24px_png["wander-24px.png"]\n    Root --> node_venv["venv"]\n    node_venv --> node_venv_lib["lib"]\n    node_venv_lib --> node_venv_lib_python3_12["python3.12"]\n    node_venv_lib_python3_12 --> node_venv_lib_python3_12_site-packages["site-packages"]\n    node_venv_lib_python3_12_site-packages --> node_venv_lib_python3_12_site-packages_PyQt6["PyQt6"]\n    node_venv_lib_python3_12_site-packages_PyQt6 --> node_venv_lib_python3_12_site-packages_PyQt6_Qt6["Qt6"]\n    node_venv_lib_python3_12_site-packages_PyQt6_Qt6 --> node_venv_lib_python3_12_site-packages_PyQt6_Qt6_qml["qml"]\n    node_venv_lib_python3_12_site-packages_PyQt6_Qt6_qml --> node_venv_lib_python3_12_site-packages_PyQt6_Qt6_qml_QtQuick3D["QtQuick3D"]\n    node_venv_lib_python3_12_site-packages_PyQt6_Qt6_qml_QtQuick3D --> node_venv_lib_python3_12_site-packages_PyQt6_Qt6_qml_QtQuick3D_Particles3D["Particles3D"]\n    node_venv_lib_python3_12_site-packages_PyQt6_Qt6_qml_QtQuick3D_Particles3D --> node_venv_lib_python3_12_site-packages_PyQt6_Qt6_qml_QtQuick3D_Particles3D_designer["designer"]\n    node_venv_lib_python3_12_site-packages_PyQt6_Qt6_qml_QtQuick3D_Particles3D_designer --> node_venv_lib_python3_12_site-packages_PyQt6_Qt6_qml_QtQuick3D_Particles3D_designer_images["images"]\n    node_venv_lib_python3_12_site-packages_PyQt6_Qt6_qml_QtQuick3D_Particles3D_designer_images --> node_venv_lib_python3_12_site-packages_PyQt6_Qt6_qml_QtQuick3D_Particles3D_designer_images_wander-24px@2x_png["wander-24px@2x.png"]\n    Root --> node_venv["venv"]\n    node_venv --> node_venv_lib["lib"]\n    node_venv_lib --> node_venv_lib_python3_12["python3.12"]\n    node_venv_lib_python3_12 --> node_venv_lib_python3_12_site-packages["site-packages"]\n    node_venv_lib_python3_12_site-packages --> node_venv_lib_python3_12_site-packages_PyQt6["PyQt6"]\n    node_venv_lib_python3_12_site-packages_PyQt6 --> node_venv_lib_python3_12_site-packages_PyQt6_Qt6["Qt6"]\n    node_venv_lib_python3_12_site-packages_PyQt6_Qt6 --> node_venv_lib_python3_12_site-packages_PyQt6_Qt6_qml["qml"]\n    node_venv_lib_python3_12_site-packages_PyQt6_Qt6_qml --> node_venv_lib_python3_12_site-packages_PyQt6_Qt6_qml_QtQuick3D["QtQuick3D"]\n    node_venv_lib_python3_12_site-packages_PyQt6_Qt6_qml_QtQuick3D --> node_venv_lib_python3_12_site-packages_PyQt6_Qt6_qml_QtQuick3D_Particles3D["Particles3D"]\n    node_venv_lib_python3_12_site-packages_PyQt6_Qt6_qml_QtQuick3D_Particles3D --> node_venv_lib_python3_12_site-packages_PyQt6_Qt6_qml_QtQuick3D_Particles3D_designer["designer"]\n    node_venv_lib_python3_12_site-packages_PyQt6_Qt6_qml_QtQuick3D_Particles3D_designer --> node_venv_lib_python3_12_site-packages_PyQt6_Qt6_qml_QtQuick3D_Particles3D_designer_source["source"]\n    node_venv_lib_python3_12_site-packages_PyQt6_Qt6_qml_QtQuick3D_Particles3D_designer_source --> node_venv_lib_python3_12_site-packages_PyQt6_Qt6_qml_QtQuick3D_Particles3D_designer_source_particlesystem_animatedsprite_template_qml["particlesystem_animatedsprite_template.qml"]\n    Root --> node_venv["venv"]\n    node_venv --> node_venv_lib["lib"]\n    node_venv_lib --> node_venv_lib_python3_12["python3.12"]\n    node_venv_lib_python3_12 --> node_venv_lib_python3_12_site-packages["site-packages"]\n    node_venv_lib_python3_12_site-packages --> node_venv_lib_python3_12_site-packages_PyQt6["PyQt6"]\n    node_venv_lib_python3_12_site-packages_PyQt6 --> node_venv_lib_python3_12_site-packages_PyQt6_Qt6["Qt6"]\n    node_venv_lib_python3_12_site-packages_PyQt6_Qt6 --> node_venv_lib_python3_12_site-packages_PyQt6_Qt6_qml["qml"]\n    node_venv_lib_python3_12_site-packages_PyQt6_Qt6_qml --> node_venv_lib_python3_12_site-packages_PyQt6_Qt6_qml_QtQuick3D["QtQuick3D"]\n    node_venv_lib_python3_12_site-packages_PyQt6_Qt6_qml_QtQuick3D --> node_venv_lib_python3_12_site-packages_PyQt6_Qt6_qml_QtQuick3D_Particles3D["Particles3D"]\n    node_venv_lib_python3_12_site-packages_PyQt6_Qt6_qml_QtQuick3D_Particles3D --> node_venv_lib_python3_12_site-packages_PyQt6_Qt6_qml_QtQuick3D_Particles3D_designer["designer"]\n    node_venv_lib_python3_12_site-packages_PyQt6_Qt6_qml_QtQuick3D_Particles3D_designer --> node_venv_lib_python3_12_site-packages_PyQt6_Qt6_qml_QtQuick3D_Particles3D_designer_source["source"]\n    node_venv_lib_python3_12_site-packages_PyQt6_Qt6_qml_QtQuick3D_Particles3D_designer_source --> node_venv_lib_python3_12_site-packages_PyQt6_Qt6_qml_QtQuick3D_Particles3D_designer_source_particlesystem_attractor_template_qml["particlesystem_attractor_template.qml"]\n    Root --> node_venv["venv"]\n    node_venv --> node_venv_lib["lib"]\n    node_venv_lib --> node_venv_lib_python3_12["python3.12"]\n    node_venv_lib_python3_12 --> node_venv_lib_python3_12_site-packages["site-packages"]\n    node_venv_lib_python3_12_site-packages --> node_venv_lib_python3_12_site-packages_PyQt6["PyQt6"]\n    node_venv_lib_python3_12_site-packages_PyQt6 --> node_venv_lib_python3_12_site-packages_PyQt6_Qt6["Qt6"]\n    node_venv_lib_python3_12_site-packages_PyQt6_Qt6 --> node_venv_lib_python3_12_site-packages_PyQt6_Qt6_qml["qml"]\n    node_venv_lib_python3_12_site-packages_PyQt6_Qt6_qml --> node_venv_lib_python3_12_site-packages_PyQt6_Qt6_qml_QtQuick3D["QtQuick3D"]\n    node_venv_lib_python3_12_site-packages_PyQt6_Qt6_qml_QtQuick3D --> node_venv_lib_python3_12_site-packages_PyQt6_Qt6_qml_QtQuick3D_Particles3D["Particles3D"]\n    node_venv_lib_python3_12_site-packages_PyQt6_Qt6_qml_QtQuick3D_Particles3D --> node_venv_lib_python3_12_site-packages_PyQt6_Qt6_qml_QtQuick3D_Particles3D_designer["designer"]\n    node_venv_lib_python3_12_site-packages_PyQt6_Qt6_qml_QtQuick3D_Particles3D_designer --> node_venv_lib_python3_12_site-packages_PyQt6_Qt6_qml_QtQuick3D_Particles3D_designer_source["source"]\n    node_venv_lib_python3_12_site-packages_PyQt6_Qt6_qml_QtQuick3D_Particles3D_designer_source --> node_venv_lib_python3_12_site-packages_PyQt6_Qt6_qml_QtQuick3D_Particles3D_designer_source_particlesystem_burst_template_qml["particlesystem_burst_template.qml"]\n    Root --> node_venv["venv"]\n    node_venv --> node_venv_lib["lib"]\n    node_venv_lib --> node_venv_lib_python3_12["python3.12"]\n    node_venv_lib_python3_12 --> node_venv_lib_python3_12_site-packages["site-packages"]\n    node_venv_lib_python3_12_site-packages --> node_venv_lib_python3_12_site-packages_PyQt6["PyQt6"]\n    node_venv_lib_python3_12_site-packages_PyQt6 --> node_venv_lib_python3_12_site-packages_PyQt6_Qt6["Qt6"]\n    node_venv_lib_python3_12_site-packages_PyQt6_Qt6 --> node_venv_lib_python3_12_site-packages_PyQt6_Qt6_qml["qml"]\n    node_venv_lib_python3_12_site-packages_PyQt6_Qt6_qml --> node_venv_lib_python3_12_site-packages_PyQt6_Qt6_qml_QtQuick3D["QtQuick3D"]\n    node_venv_lib_python3_12_site-packages_PyQt6_Qt6_qml_QtQuick3D --> node_venv_lib_python3_12_site-packages_PyQt6_Qt6_qml_QtQuick3D_Particles3D["Particles3D"]\n    node_venv_lib_python3_12_site-packages_PyQt6_Qt6_qml_QtQuick3D_Particles3D --> node_venv_lib_python3_12_site-packages_PyQt6_Qt6_qml_QtQuick3D_Particles3D_designer["designer"]\n    node_venv_lib_python3_12_site-packages_PyQt6_Qt6_qml_QtQuick3D_Particles3D_designer --> node_venv_lib_python3_12_site-packages_PyQt6_Qt6_qml_QtQuick3D_Particles3D_designer_source["source"]\n    node_venv_lib_python3_12_site-packages_PyQt6_Qt6_qml_QtQuick3D_Particles3D_designer_source --> node_venv_lib_python3_12_site-packages_PyQt6_Qt6_qml_QtQuick3D_Particles3D_designer_source_particlesystem_modelblend_template_qml["particlesystem_modelblend_template.qml"]\n    Root --> node_venv["venv"]\n    node_venv --> node_venv_lib["lib"]\n    node_venv_lib --> node_venv_lib_python3_12["python3.12"]\n    node_venv_lib_python3_12 --> node_venv_lib_python3_12_site-packages["site-packages"]\n    node_venv_lib_python3_12_site-packages --> node_venv_lib_python3_12_site-packages_PyQt6["PyQt6"]\n    node_venv_lib_python3_12_site-packages_PyQt6 --> node_venv_lib_python3_12_site-packages_PyQt6_Qt6["Qt6"]\n    node_venv_lib_python3_12_site-packages_PyQt6_Qt6 --> node_venv_lib_python3_12_site-packages_PyQt6_Qt6_qml["qml"]\n    node_venv_lib_python3_12_site-packages_PyQt6_Qt6_qml --> node_venv_lib_python3_12_site-packages_PyQt6_Qt6_qml_QtQuick3D["QtQuick3D"]\n    node_venv_lib_python3_12_site-packages_PyQt6_Qt6_qml_QtQuick3D --> node_venv_lib_python3_12_site-packages_PyQt6_Qt6_qml_QtQuick3D_Particles3D["Particles3D"]\n    node_venv_lib_python3_12_site-packages_PyQt6_Qt6_qml_QtQuick3D_Particles3D --> node_venv_lib_python3_12_site-packages_PyQt6_Qt6_qml_QtQuick3D_Particles3D_designer["designer"]\n    node_venv_lib_python3_12_site-packages_PyQt6_Qt6_qml_QtQuick3D_Particles3D_designer --> node_venv_lib_python3_12_site-packages_PyQt6_Qt6_qml_QtQuick3D_Particles3D_designer_source["source"]\n    node_venv_lib_python3_12_site-packages_PyQt6_Qt6_qml_QtQuick3D_Particles3D_designer_source --> node_venv_lib_python3_12_site-packages_PyQt6_Qt6_qml_QtQuick3D_Particles3D_designer_source_particlesystem_modelshape_template_qml["particlesystem_modelshape_template.qml"]\n    Root --> node_venv["venv"]\n    node_venv --> node_venv_lib["lib"]\n    node_venv_lib --> node_venv_lib_python3_12["python3.12"]\n    node_venv_lib_python3_12 --> node_venv_lib_python3_12_site-packages["site-packages"]\n    node_venv_lib_python3_12_site-packages --> node_venv_lib_python3_12_site-packages_PyQt6["PyQt6"]\n    node_venv_lib_python3_12_site-packages_PyQt6 --> node_venv_lib_python3_12_site-packages_PyQt6_Qt6["Qt6"]\n    node_venv_lib_python3_12_site-packages_PyQt6_Qt6 --> node_venv_lib_python3_12_site-packages_PyQt6_Qt6_qml["qml"]\n    node_venv_lib_python3_12_site-packages_PyQt6_Qt6_qml --> node_venv_lib_python3_12_site-packages_PyQt6_Qt6_qml_QtQuick3D["QtQuick3D"]\n    node_venv_lib_python3_12_site-packages_PyQt6_Qt6_qml_QtQuick3D --> node_venv_lib_python3_12_site-packages_PyQt6_Qt6_qml_QtQuick3D_Particles3D["Particles3D"]\n    node_venv_lib_python3_12_site-packages_PyQt6_Qt6_qml_QtQuick3D_Particles3D --> node_venv_lib_python3_12_site-packages_PyQt6_Qt6_qml_QtQuick3D_Particles3D_designer["designer"]\n    node_venv_lib_python3_12_site-packages_PyQt6_Qt6_qml_QtQuick3D_Particles3D_designer --> node_venv_lib_python3_12_site-packages_PyQt6_Qt6_qml_QtQuick3D_Particles3D_designer_source["source"]\n    node_venv_lib_python3_12_site-packages_PyQt6_Qt6_qml_QtQuick3D_Particles3D_designer_source --> node_venv_lib_python3_12_site-packages_PyQt6_Qt6_qml_QtQuick3D_Particles3D_designer_source_particlesystem_particletrail_template_qml["particlesystem_particletrail_template.qml"]\n    Root --> node_venv["venv"]\n    node_venv --> node_venv_lib["lib"]\n    node_venv_lib --> node_venv_lib_python3_12["python3.12"]\n    node_venv_lib_python3_12 --> node_venv_lib_python3_12_site-packages["site-packages"]\n    node_venv_lib_python3_12_site-packages --> node_venv_lib_python3_12_site-packages_PyQt6["PyQt6"]\n    node_venv_lib_python3_12_site-packages_PyQt6 --> node_venv_lib_python3_12_site-packages_PyQt6_Qt6["Qt6"]\n    node_venv_lib_python3_12_site-packages_PyQt6_Qt6 --> node_venv_lib_python3_12_site-packages_PyQt6_Qt6_qml["qml"]\n    node_venv_lib_python3_12_site-packages_PyQt6_Qt6_qml --> node_venv_lib_python3_12_site-packages_PyQt6_Qt6_qml_QtQuick3D["QtQuick3D"]\n    node_venv_lib_python3_12_site-packages_PyQt6_Qt6_qml_QtQuick3D --> node_venv_lib_python3_12_site-packages_PyQt6_Qt6_qml_QtQuick3D_Particles3D["Particles3D"]\n    node_venv_lib_python3_12_site-packages_PyQt6_Qt6_qml_QtQuick3D_Particles3D --> node_venv_lib_python3_12_site-packages_PyQt6_Qt6_qml_QtQuick3D_Particles3D_designer["designer"]\n    node_venv_lib_python3_12_site-packages_PyQt6_Qt6_qml_QtQuick3D_Particles3D_designer --> node_venv_lib_python3_12_site-packages_PyQt6_Qt6_qml_QtQuick3D_Particles3D_designer_source["source"]\n    node_venv_lib_python3_12_site-packages_PyQt6_Qt6_qml_QtQuick3D_Particles3D_designer_source --> node_venv_lib_python3_12_site-packages_PyQt6_Qt6_qml_QtQuick3D_Particles3D_designer_source_particlesystem_sprite_template_qml["particlesystem_sprite_template.qml"]\n    Root --> node_venv["venv"]\n    node_venv --> node_venv_lib["lib"]\n    node_venv_lib --> node_venv_lib_python3_12["python3.12"]\n    node_venv_lib_python3_12 --> node_venv_lib_python3_12_site-packages["site-packages"]\n    node_venv_lib_python3_12_site-packages --> node_venv_lib_python3_12_site-packages_PyQt6["PyQt6"]\n    node_venv_lib_python3_12_site-packages_PyQt6 --> node_venv_lib_python3_12_site-packages_PyQt6_Qt6["Qt6"]\n    node_venv_lib_python3_12_site-packages_PyQt6_Qt6 --> node_venv_lib_python3_12_site-packages_PyQt6_Qt6_qml["qml"]\n    node_venv_lib_python3_12_site-packages_PyQt6_Qt6_qml --> node_venv_lib_python3_12_site-packages_PyQt6_Qt6_qml_QtQuick3D["QtQuick3D"]\n    node_venv_lib_python3_12_site-packages_PyQt6_Qt6_qml_QtQuick3D --> node_venv_lib_python3_12_site-packages_PyQt6_Qt6_qml_QtQuick3D_Particles3D["Particles3D"]\n    node_venv_lib_python3_12_site-packages_PyQt6_Qt6_qml_QtQuick3D_Particles3D --> node_venv_lib_python3_12_site-packages_PyQt6_Qt6_qml_QtQuick3D_Particles3D_designer["designer"]\n    node_venv_lib_python3_12_site-packages_PyQt6_Qt6_qml_QtQuick3D_Particles3D_designer --> node_venv_lib_python3_12_site-packages_PyQt6_Qt6_qml_QtQuick3D_Particles3D_designer_source["source"]\n    node_venv_lib_python3_12_site-packages_PyQt6_Qt6_qml_QtQuick3D_Particles3D_designer_source --> node_venv_lib_python3_12_site-packages_PyQt6_Qt6_qml_QtQuick3D_Particles3D_designer_source_particlesystem_template_qml["particlesystem_template.qml"]\n    Root --> node_venv["venv"]\n    node_venv --> node_venv_lib["lib"]\n    node_venv_lib --> node_venv_lib_python3_12["python3.12"]\n    node_venv_lib_python3_12 --> node_venv_lib_python3_12_site-packages["site-packages"]\n    node_venv_lib_python3_12_site-packages --> node_venv_lib_python3_12_site-packages_PyQt6["PyQt6"]\n    node_venv_lib_python3_12_site-packages_PyQt6 --> node_venv_lib_python3_12_site-packages_PyQt6_Qt6["Qt6"]\n    node_venv_lib_python3_12_site-packages_PyQt6_Qt6 --> node_venv_lib_python3_12_site-packages_PyQt6_Qt6_qml["qml"]\n    node_venv_lib_python3_12_site-packages_PyQt6_Qt6_qml --> node_venv_lib_python3_12_site-packages_PyQt6_Qt6_qml_QtQuick3D["QtQuick3D"]\n    node_venv_lib_python3_12_site-packages_PyQt6_Qt6_qml_QtQuick3D --> node_venv_lib_python3_12_site-packages_PyQt6_Qt6_qml_QtQuick3D_Particles3D["Particles3D"]\n    node_venv_lib_python3_12_site-packages_PyQt6_Qt6_qml_QtQuick3D_Particles3D --> node_venv_lib_python3_12_site-packages_PyQt6_Qt6_qml_QtQuick3D_Particles3D_designer["designer"]\n    node_venv_lib_python3_12_site-packages_PyQt6_Qt6_qml_QtQuick3D_Particles3D_designer --> node_venv_lib_python3_12_site-packages_PyQt6_Qt6_qml_QtQuick3D_Particles3D_designer_source["source"]\n    node_venv_lib_python3_12_site-packages_PyQt6_Qt6_qml_QtQuick3D_Particles3D_designer_source --> node_venv_lib_python3_12_site-packages_PyQt6_Qt6_qml_QtQuick3D_Particles3D_designer_source_particlesystem_wander_template_qml["particlesystem_wander_template.qml"]\n    Root --> node_venv["venv"]\n    node_venv --> node_venv_lib["lib"]\n    node_venv_lib --> node_venv_lib_python3_12["python3.12"]\n    node_venv_lib_python3_12 --> node_venv_lib_python3_12_site-packages["site-packages"]\n    node_venv_lib_python3_12_site-packages --> node_venv_lib_python3_12_site-packages_PyQt6["PyQt6"]\n    node_venv_lib_python3_12_site-packages_PyQt6 --> node_venv_lib_python3_12_site-packages_PyQt6_Qt6["Qt6"]\n    node_venv_lib_python3_12_site-packages_PyQt6_Qt6 --> node_venv_lib_python3_12_site-packages_PyQt6_Qt6_qml["qml"]\n    node_venv_lib_python3_12_site-packages_PyQt6_Qt6_qml --> node_venv_lib_python3_12_site-packages_PyQt6_Qt6_qml_QtQuick3D["QtQuick3D"]\n    node_venv_lib_python3_12_site-packages_PyQt6_Qt6_qml_QtQuick3D --> node_venv_lib_python3_12_site-packages_PyQt6_Qt6_qml_QtQuick3D_Physics["Physics"]\n    node_venv_lib_python3_12_site-packages_PyQt6_Qt6_qml_QtQuick3D_Physics --> node_venv_lib_python3_12_site-packages_PyQt6_Qt6_qml_QtQuick3D_Physics_libqquick3dphysicsplugin_dylib["libqquick3dphysicsplugin.dylib"]\n    Root --> node_venv["venv"]\n    node_venv --> node_venv_lib["lib"]\n    node_venv_lib --> node_venv_lib_python3_12["python3.12"]\n    node_venv_lib_python3_12 --> node_venv_lib_python3_12_site-packages["site-packages"]\n    node_venv_lib_python3_12_site-packages --> node_venv_lib_python3_12_site-packages_PyQt6["PyQt6"]\n    node_venv_lib_python3_12_site-packages_PyQt6 --> node_venv_lib_python3_12_site-packages_PyQt6_Qt6["Qt6"]\n    node_venv_lib_python3_12_site-packages_PyQt6_Qt6 --> node_venv_lib_python3_12_site-packages_PyQt6_Qt6_qml["qml"]\n    node_venv_lib_python3_12_site-packages_PyQt6_Qt6_qml --> node_venv_lib_python3_12_site-packages_PyQt6_Qt6_qml_QtQuick3D["QtQuick3D"]\n    node_venv_lib_python3_12_site-packages_PyQt6_Qt6_qml_QtQuick3D --> node_venv_lib_python3_12_site-packages_PyQt6_Qt6_qml_QtQuick3D_Physics["Physics"]\n    node_venv_lib_python3_12_site-packages_PyQt6_Qt6_qml_QtQuick3D_Physics --> node_venv_lib_python3_12_site-packages_PyQt6_Qt6_qml_QtQuick3D_Physics_plugins_qmltypes["plugins.qmltypes"]\n    Root --> node_venv["venv"]\n    node_venv --> node_venv_lib["lib"]\n    node_venv_lib --> node_venv_lib_python3_12["python3.12"]\n    node_venv_lib_python3_12 --> node_venv_lib_python3_12_site-packages["site-packages"]\n    node_venv_lib_python3_12_site-packages --> node_venv_lib_python3_12_site-packages_PyQt6["PyQt6"]\n    node_venv_lib_python3_12_site-packages_PyQt6 --> node_venv_lib_python3_12_site-packages_PyQt6_Qt6["Qt6"]\n    node_venv_lib_python3_12_site-packages_PyQt6_Qt6 --> node_venv_lib_python3_12_site-packages_PyQt6_Qt6_qml["qml"]\n    node_venv_lib_python3_12_site-packages_PyQt6_Qt6_qml --> node_venv_lib_python3_12_site-packages_PyQt6_Qt6_qml_QtQuick3D["QtQuick3D"]\n    node_venv_lib_python3_12_site-packages_PyQt6_Qt6_qml_QtQuick3D --> node_venv_lib_python3_12_site-packages_PyQt6_Qt6_qml_QtQuick3D_Physics["Physics"]\n    node_venv_lib_python3_12_site-packages_PyQt6_Qt6_qml_QtQuick3D_Physics --> node_venv_lib_python3_12_site-packages_PyQt6_Qt6_qml_QtQuick3D_Physics_qmldir["qmldir"]\n    Root --> node_venv["venv"]\n    node_venv --> node_venv_lib["lib"]\n    node_venv_lib --> node_venv_lib_python3_12["python3.12"]\n    node_venv_lib_python3_12 --> node_venv_lib_python3_12_site-packages["site-packages"]\n    node_venv_lib_python3_12_site-packages --> node_venv_lib_python3_12_site-packages_PyQt6["PyQt6"]\n    node_venv_lib_python3_12_site-packages_PyQt6 --> node_venv_lib_python3_12_site-packages_PyQt6_Qt6["Qt6"]\n    node_venv_lib_python3_12_site-packages_PyQt6_Qt6 --> node_venv_lib_python3_12_site-packages_PyQt6_Qt6_qml["qml"]\n    node_venv_lib_python3_12_site-packages_PyQt6_Qt6_qml --> node_venv_lib_python3_12_site-packages_PyQt6_Qt6_qml_QtQuick3D["QtQuick3D"]\n    node_venv_lib_python3_12_site-packages_PyQt6_Qt6_qml_QtQuick3D --> node_venv_lib_python3_12_site-packages_PyQt6_Qt6_qml_QtQuick3D_Physics["Physics"]\n    node_venv_lib_python3_12_site-packages_PyQt6_Qt6_qml_QtQuick3D_Physics --> node_venv_lib_python3_12_site-packages_PyQt6_Qt6_qml_QtQuick3D_Physics_designer["designer"]\n    node_venv_lib_python3_12_site-packages_PyQt6_Qt6_qml_QtQuick3D_Physics_designer --> node_venv_lib_python3_12_site-packages_PyQt6_Qt6_qml_QtQuick3D_Physics_designer_BoxShapeSection_qml["BoxShapeSection.qml"]\n    Root --> node_venv["venv"]\n    node_venv --> node_venv_lib["lib"]\n    node_venv_lib --> node_venv_lib_python3_12["python3.12"]\n    node_venv_lib_python3_12 --> node_venv_lib_python3_12_site-packages["site-packages"]\n    node_venv_lib_python3_12_site-packages --> node_venv_lib_python3_12_site-packages_PyQt6["PyQt6"]\n    node_venv_lib_python3_12_site-packages_PyQt6 --> node_venv_lib_python3_12_site-packages_PyQt6_Qt6["Qt6"]\n    node_venv_lib_python3_12_site-packages_PyQt6_Qt6 --> node_venv_lib_python3_12_site-packages_PyQt6_Qt6_qml["qml"]\n    node_venv_lib_python3_12_site-packages_PyQt6_Qt6_qml --> node_venv_lib_python3_12_site-packages_PyQt6_Qt6_qml_QtQuick3D["QtQuick3D"]\n    node_venv_lib_python3_12_site-packages_PyQt6_Qt6_qml_QtQuick3D --> node_venv_lib_python3_12_site-packages_PyQt6_Qt6_qml_QtQuick3D_Physics["Physics"]\n    node_venv_lib_python3_12_site-packages_PyQt6_Qt6_qml_QtQuick3D_Physics --> node_venv_lib_python3_12_site-packages_PyQt6_Qt6_qml_QtQuick3D_Physics_designer["designer"]\n    node_venv_lib_python3_12_site-packages_PyQt6_Qt6_qml_QtQuick3D_Physics_designer --> node_venv_lib_python3_12_site-packages_PyQt6_Qt6_qml_QtQuick3D_Physics_designer_BoxShapeSpecifics_qml["BoxShapeSpecifics.qml"]\n    Root --> node_venv["venv"]\n    node_venv --> node_venv_lib["lib"]\n    node_venv_lib --> node_venv_lib_python3_12["python3.12"]\n    node_venv_lib_python3_12 --> node_venv_lib_python3_12_site-packages["site-packages"]\n    node_venv_lib_python3_12_site-packages --> node_venv_lib_python3_12_site-packages_PyQt6["PyQt6"]\n    node_venv_lib_python3_12_site-packages_PyQt6 --> node_venv_lib_python3_12_site-packages_PyQt6_Qt6["Qt6"]\n    node_venv_lib_python3_12_site-packages_PyQt6_Qt6 --> node_venv_lib_python3_12_site-packages_PyQt6_Qt6_qml["qml"]\n    node_venv_lib_python3_12_site-packages_PyQt6_Qt6_qml --> node_venv_lib_python3_12_site-packages_PyQt6_Qt6_qml_QtQuick3D["QtQuick3D"]\n    node_venv_lib_python3_12_site-packages_PyQt6_Qt6_qml_QtQuick3D --> node_venv_lib_python3_12_site-packages_PyQt6_Qt6_qml_QtQuick3D_Physics["Physics"]\n    node_venv_lib_python3_12_site-packages_PyQt6_Qt6_qml_QtQuick3D_Physics --> node_venv_lib_python3_12_site-packages_PyQt6_Qt6_qml_QtQuick3D_Physics_designer["designer"]\n    node_venv_lib_python3_12_site-packages_PyQt6_Qt6_qml_QtQuick3D_Physics_designer --> node_venv_lib_python3_12_site-packages_PyQt6_Qt6_qml_QtQuick3D_Physics_designer_CapsuleShapeSection_qml["CapsuleShapeSection.qml"]\n    Root --> node_venv["venv"]\n    node_venv --> node_venv_lib["lib"]\n    node_venv_lib --> node_venv_lib_python3_12["python3.12"]\n    node_venv_lib_python3_12 --> node_venv_lib_python3_12_site-packages["site-packages"]\n    node_venv_lib_python3_12_site-packages --> node_venv_lib_python3_12_site-packages_PyQt6["PyQt6"]\n    node_venv_lib_python3_12_site-packages_PyQt6 --> node_venv_lib_python3_12_site-packages_PyQt6_Qt6["Qt6"]\n    node_venv_lib_python3_12_site-packages_PyQt6_Qt6 --> node_venv_lib_python3_12_site-packages_PyQt6_Qt6_qml["qml"]\n    node_venv_lib_python3_12_site-packages_PyQt6_Qt6_qml --> node_venv_lib_python3_12_site-packages_PyQt6_Qt6_qml_QtQuick3D["QtQuick3D"]\n    node_venv_lib_python3_12_site-packages_PyQt6_Qt6_qml_QtQuick3D --> node_venv_lib_python3_12_site-packages_PyQt6_Qt6_qml_QtQuick3D_Physics["Physics"]\n    node_venv_lib_python3_12_site-packages_PyQt6_Qt6_qml_QtQuick3D_Physics --> node_venv_lib_python3_12_site-packages_PyQt6_Qt6_qml_QtQuick3D_Physics_designer["designer"]\n    node_venv_lib_python3_12_site-packages_PyQt6_Qt6_qml_QtQuick3D_Physics_designer --> node_venv_lib_python3_12_site-packages_PyQt6_Qt6_qml_QtQuick3D_Physics_designer_CapsuleShapeSpecifics_qml["CapsuleShapeSpecifics.qml"]\n    Root --> node_venv["venv"]\n    node_venv --> node_venv_lib["lib"]\n    node_venv_lib --> node_venv_lib_python3_12["python3.12"]\n    node_venv_lib_python3_12 --> node_venv_lib_python3_12_site-packages["site-packages"]\n    node_venv_lib_python3_12_site-packages --> node_venv_lib_python3_12_site-packages_PyQt6["PyQt6"]\n    node_venv_lib_python3_12_site-packages_PyQt6 --> node_venv_lib_python3_12_site-packages_PyQt6_Qt6["Qt6"]\n    node_venv_lib_python3_12_site-packages_PyQt6_Qt6 --> node_venv_lib_python3_12_site-packages_PyQt6_Qt6_qml["qml"]\n    node_venv_lib_python3_12_site-packages_PyQt6_Qt6_qml --> node_venv_lib_python3_12_site-packages_PyQt6_Qt6_qml_QtQuick3D["QtQuick3D"]\n    node_venv_lib_python3_12_site-packages_PyQt6_Qt6_qml_QtQuick3D --> node_venv_lib_python3_12_site-packages_PyQt6_Qt6_qml_QtQuick3D_Physics["Physics"]\n    node_venv_lib_python3_12_site-packages_PyQt6_Qt6_qml_QtQuick3D_Physics --> node_venv_lib_python3_12_site-packages_PyQt6_Qt6_qml_QtQuick3D_Physics_designer["designer"]\n    node_venv_lib_python3_12_site-packages_PyQt6_Qt6_qml_QtQuick3D_Physics_designer --> node_venv_lib_python3_12_site-packages_PyQt6_Qt6_qml_QtQuick3D_Physics_designer_CharacterControllerSection_qml["CharacterControllerSection.qml"]\n    Root --> node_venv["venv"]\n    node_venv --> node_venv_lib["lib"]\n    node_venv_lib --> node_venv_lib_python3_12["python3.12"]\n    node_venv_lib_python3_12 --> node_venv_lib_python3_12_site-packages["site-packages"]\n    node_venv_lib_python3_12_site-packages --> node_venv_lib_python3_12_site-packages_PyQt6["PyQt6"]\n    node_venv_lib_python3_12_site-packages_PyQt6 --> node_venv_lib_python3_12_site-packages_PyQt6_Qt6["Qt6"]\n    node_venv_lib_python3_12_site-packages_PyQt6_Qt6 --> node_venv_lib_python3_12_site-packages_PyQt6_Qt6_qml["qml"]\n    node_venv_lib_python3_12_site-packages_PyQt6_Qt6_qml --> node_venv_lib_python3_12_site-packages_PyQt6_Qt6_qml_QtQuick3D["QtQuick3D"]\n    node_venv_lib_python3_12_site-packages_PyQt6_Qt6_qml_QtQuick3D --> node_venv_lib_python3_12_site-packages_PyQt6_Qt6_qml_QtQuick3D_Physics["Physics"]\n    node_venv_lib_python3_12_site-packages_PyQt6_Qt6_qml_QtQuick3D_Physics --> node_venv_lib_python3_12_site-packages_PyQt6_Qt6_qml_QtQuick3D_Physics_designer["designer"]\n    node_venv_lib_python3_12_site-packages_PyQt6_Qt6_qml_QtQuick3D_Physics_designer --> node_venv_lib_python3_12_site-packages_PyQt6_Qt6_qml_QtQuick3D_Physics_designer_CharacterControllerSpecifics_qml["CharacterControllerSpecifics.qml"]\n    Root --> node_venv["venv"]\n    node_venv --> node_venv_lib["lib"]\n    node_venv_lib --> node_venv_lib_python3_12["python3.12"]\n    node_venv_lib_python3_12 --> node_venv_lib_python3_12_site-packages["site-packages"]\n    node_venv_lib_python3_12_site-packages --> node_venv_lib_python3_12_site-packages_PyQt6["PyQt6"]\n    node_venv_lib_python3_12_site-packages_PyQt6 --> node_venv_lib_python3_12_site-packages_PyQt6_Qt6["Qt6"]\n    node_venv_lib_python3_12_site-packages_PyQt6_Qt6 --> node_venv_lib_python3_12_site-packages_PyQt6_Qt6_qml["qml"]\n    node_venv_lib_python3_12_site-packages_PyQt6_Qt6_qml --> node_venv_lib_python3_12_site-packages_PyQt6_Qt6_qml_QtQuick3D["QtQuick3D"]\n    node_venv_lib_python3_12_site-packages_PyQt6_Qt6_qml_QtQuick3D --> node_venv_lib_python3_12_site-packages_PyQt6_Qt6_qml_QtQuick3D_Physics["Physics"]\n    node_venv_lib_python3_12_site-packages_PyQt6_Qt6_qml_QtQuick3D_Physics --> node_venv_lib_python3_12_site-packages_PyQt6_Qt6_qml_QtQuick3D_Physics_designer["designer"]\n    node_venv_lib_python3_12_site-packages_PyQt6_Qt6_qml_QtQuick3D_Physics_designer --> node_venv_lib_python3_12_site-packages_PyQt6_Qt6_qml_QtQuick3D_Physics_designer_CollisionShapeSection_qml["CollisionShapeSection.qml"]\n    Root --> node_venv["venv"]\n    node_venv --> node_venv_lib["lib"]\n    node_venv_lib --> node_venv_lib_python3_12["python3.12"]\n    node_venv_lib_python3_12 --> node_venv_lib_python3_12_site-packages["site-packages"]\n    node_venv_lib_python3_12_site-packages --> node_venv_lib_python3_12_site-packages_PyQt6["PyQt6"]\n    node_venv_lib_python3_12_site-packages_PyQt6 --> node_venv_lib_python3_12_site-packages_PyQt6_Qt6["Qt6"]\n    node_venv_lib_python3_12_site-packages_PyQt6_Qt6 --> node_venv_lib_python3_12_site-packages_PyQt6_Qt6_qml["qml"]\n    node_venv_lib_python3_12_site-packages_PyQt6_Qt6_qml --> node_venv_lib_python3_12_site-packages_PyQt6_Qt6_qml_QtQuick3D["QtQuick3D"]\n    node_venv_lib_python3_12_site-packages_PyQt6_Qt6_qml_QtQuick3D --> node_venv_lib_python3_12_site-packages_PyQt6_Qt6_qml_QtQuick3D_Physics["Physics"]\n    node_venv_lib_python3_12_site-packages_PyQt6_Qt6_qml_QtQuick3D_Physics --> node_venv_lib_python3_12_site-packages_PyQt6_Qt6_qml_QtQuick3D_Physics_designer["designer"]\n    node_venv_lib_python3_12_site-packages_PyQt6_Qt6_qml_QtQuick3D_Physics_designer --> node_venv_lib_python3_12_site-packages_PyQt6_Qt6_qml_QtQuick3D_Physics_designer_ConvexMeshShapeSection_qml["ConvexMeshShapeSection.qml"]\n    Root --> node_venv["venv"]\n    node_venv --> node_venv_lib["lib"]\n    node_venv_lib --> node_venv_lib_python3_12["python3.12"]\n    node_venv_lib_python3_12 --> node_venv_lib_python3_12_site-packages["site-packages"]\n    node_venv_lib_python3_12_site-packages --> node_venv_lib_python3_12_site-packages_PyQt6["PyQt6"]\n    node_venv_lib_python3_12_site-packages_PyQt6 --> node_venv_lib_python3_12_site-packages_PyQt6_Qt6["Qt6"]\n    node_venv_lib_python3_12_site-packages_PyQt6_Qt6 --> node_venv_lib_python3_12_site-packages_PyQt6_Qt6_qml["qml"]\n    node_venv_lib_python3_12_site-packages_PyQt6_Qt6_qml --> node_venv_lib_python3_12_site-packages_PyQt6_Qt6_qml_QtQuick3D["QtQuick3D"]\n    node_venv_lib_python3_12_site-packages_PyQt6_Qt6_qml_QtQuick3D --> node_venv_lib_python3_12_site-packages_PyQt6_Qt6_qml_QtQuick3D_Physics["Physics"]\n    node_venv_lib_python3_12_site-packages_PyQt6_Qt6_qml_QtQuick3D_Physics --> node_venv_lib_python3_12_site-packages_PyQt6_Qt6_qml_QtQuick3D_Physics_designer["designer"]\n    node_venv_lib_python3_12_site-packages_PyQt6_Qt6_qml_QtQuick3D_Physics_designer --> node_venv_lib_python3_12_site-packages_PyQt6_Qt6_qml_QtQuick3D_Physics_designer_ConvexMeshShapeSpecifics_qml["ConvexMeshShapeSpecifics.qml"]\n    Root --> node_venv["venv"]\n    node_venv --> node_venv_lib["lib"]\n    node_venv_lib --> node_venv_lib_python3_12["python3.12"]\n    node_venv_lib_python3_12 --> node_venv_lib_python3_12_site-packages["site-packages"]\n    node_venv_lib_python3_12_site-packages --> node_venv_lib_python3_12_site-packages_PyQt6["PyQt6"]\n    node_venv_lib_python3_12_site-packages_PyQt6 --> node_venv_lib_python3_12_site-packages_PyQt6_Qt6["Qt6"]\n    node_venv_lib_python3_12_site-packages_PyQt6_Qt6 --> node_venv_lib_python3_12_site-packages_PyQt6_Qt6_qml["qml"]\n    node_venv_lib_python3_12_site-packages_PyQt6_Qt6_qml --> node_venv_lib_python3_12_site-packages_PyQt6_Qt6_qml_QtQuick3D["QtQuick3D"]\n    node_venv_lib_python3_12_site-packages_PyQt6_Qt6_qml_QtQuick3D --> node_venv_lib_python3_12_site-packages_PyQt6_Qt6_qml_QtQuick3D_Physics["Physics"]\n    node_venv_lib_python3_12_site-packages_PyQt6_Qt6_qml_QtQuick3D_Physics --> node_venv_lib_python3_12_site-packages_PyQt6_Qt6_qml_QtQuick3D_Physics_designer["designer"]\n    node_venv_lib_python3_12_site-packages_PyQt6_Qt6_qml_QtQuick3D_Physics_designer --> node_venv_lib_python3_12_site-packages_PyQt6_Qt6_qml_QtQuick3D_Physics_designer_DynamicRigidBodySection_qml["DynamicRigidBodySection.qml"]\n    Root --> node_venv["venv"]\n    node_venv --> node_venv_lib["lib"]\n    node_venv_lib --> node_venv_lib_python3_12["python3.12"]\n    node_venv_lib_python3_12 --> node_venv_lib_python3_12_site-packages["site-packages"]\n    node_venv_lib_python3_12_site-packages --> node_venv_lib_python3_12_site-packages_PyQt6["PyQt6"]\n    node_venv_lib_python3_12_site-packages_PyQt6 --> node_venv_lib_python3_12_site-packages_PyQt6_Qt6["Qt6"]\n    node_venv_lib_python3_12_site-packages_PyQt6_Qt6 --> node_venv_lib_python3_12_site-packages_PyQt6_Qt6_qml["qml"]\n    node_venv_lib_python3_12_site-packages_PyQt6_Qt6_qml --> node_venv_lib_python3_12_site-packages_PyQt6_Qt6_qml_QtQuick3D["QtQuick3D"]\n    node_venv_lib_python3_12_site-packages_PyQt6_Qt6_qml_QtQuick3D --> node_venv_lib_python3_12_site-packages_PyQt6_Qt6_qml_QtQuick3D_Physics["Physics"]\n    node_venv_lib_python3_12_site-packages_PyQt6_Qt6_qml_QtQuick3D_Physics --> node_venv_lib_python3_12_site-packages_PyQt6_Qt6_qml_QtQuick3D_Physics_designer["designer"]\n    node_venv_lib_python3_12_site-packages_PyQt6_Qt6_qml_QtQuick3D_Physics_designer --> node_venv_lib_python3_12_site-packages_PyQt6_Qt6_qml_QtQuick3D_Physics_designer_DynamicRigidBodySpecifics_qml["DynamicRigidBodySpecifics.qml"]\n    Root --> node_venv["venv"]\n    node_venv --> node_venv_lib["lib"]\n    node_venv_lib --> node_venv_lib_python3_12["python3.12"]\n    node_venv_lib_python3_12 --> node_venv_lib_python3_12_site-packages["site-packages"]\n    node_venv_lib_python3_12_site-packages --> node_venv_lib_python3_12_site-packages_PyQt6["PyQt6"]\n    node_venv_lib_python3_12_site-packages_PyQt6 --> node_venv_lib_python3_12_site-packages_PyQt6_Qt6["Qt6"]\n    node_venv_lib_python3_12_site-packages_PyQt6_Qt6 --> node_venv_lib_python3_12_site-packages_PyQt6_Qt6_qml["qml"]\n    node_venv_lib_python3_12_site-packages_PyQt6_Qt6_qml --> node_venv_lib_python3_12_site-packages_PyQt6_Qt6_qml_QtQuick3D["QtQuick3D"]\n    node_venv_lib_python3_12_site-packages_PyQt6_Qt6_qml_QtQuick3D --> node_venv_lib_python3_12_site-packages_PyQt6_Qt6_qml_QtQuick3D_Physics["Physics"]\n    node_venv_lib_python3_12_site-packages_PyQt6_Qt6_qml_QtQuick3D_Physics --> node_venv_lib_python3_12_site-packages_PyQt6_Qt6_qml_QtQuick3D_Physics_designer["designer"]\n    node_venv_lib_python3_12_site-packages_PyQt6_Qt6_qml_QtQuick3D_Physics_designer --> node_venv_lib_python3_12_site-packages_PyQt6_Qt6_qml_QtQuick3D_Physics_designer_HeightFieldShapeSection_qml["HeightFieldShapeSection.qml"]\n    Root --> node_venv["venv"]\n    node_venv --> node_venv_lib["lib"]\n    node_venv_lib --> node_venv_lib_python3_12["python3.12"]\n    node_venv_lib_python3_12 --> node_venv_lib_python3_12_site-packages["site-packages"]\n    node_venv_lib_python3_12_site-packages --> node_venv_lib_python3_12_site-packages_PyQt6["PyQt6"]\n    node_venv_lib_python3_12_site-packages_PyQt6 --> node_venv_lib_python3_12_site-packages_PyQt6_Qt6["Qt6"]\n    node_venv_lib_python3_12_site-packages_PyQt6_Qt6 --> node_venv_lib_python3_12_site-packages_PyQt6_Qt6_qml["qml"]\n    node_venv_lib_python3_12_site-packages_PyQt6_Qt6_qml --> node_venv_lib_python3_12_site-packages_PyQt6_Qt6_qml_QtQuick3D["QtQuick3D"]\n    node_venv_lib_python3_12_site-packages_PyQt6_Qt6_qml_QtQuick3D --> node_venv_lib_python3_12_site-packages_PyQt6_Qt6_qml_QtQuick3D_Physics["Physics"]\n    node_venv_lib_python3_12_site-packages_PyQt6_Qt6_qml_QtQuick3D_Physics --> node_venv_lib_python3_12_site-packages_PyQt6_Qt6_qml_QtQuick3D_Physics_designer["designer"]\n    node_venv_lib_python3_12_site-packages_PyQt6_Qt6_qml_QtQuick3D_Physics_designer --> node_venv_lib_python3_12_site-packages_PyQt6_Qt6_qml_QtQuick3D_Physics_designer_HeightFieldShapeSpecifics_qml["HeightFieldShapeSpecifics.qml"]\n    Root --> node_venv["venv"]\n    node_venv --> node_venv_lib["lib"]\n    node_venv_lib --> node_venv_lib_python3_12["python3.12"]\n    node_venv_lib_python3_12 --> node_venv_lib_python3_12_site-packages["site-packages"]\n    node_venv_lib_python3_12_site-packages --> node_venv_lib_python3_12_site-packages_PyQt6["PyQt6"]\n    node_venv_lib_python3_12_site-packages_PyQt6 --> node_venv_lib_python3_12_site-packages_PyQt6_Qt6["Qt6"]\n    node_venv_lib_python3_12_site-packages_PyQt6_Qt6 --> node_venv_lib_python3_12_site-packages_PyQt6_Qt6_qml["qml"]\n    node_venv_lib_python3_12_site-packages_PyQt6_Qt6_qml --> node_venv_lib_python3_12_site-packages_PyQt6_Qt6_qml_QtQuick3D["QtQuick3D"]\n    node_venv_lib_python3_12_site-packages_PyQt6_Qt6_qml_QtQuick3D --> node_venv_lib_python3_12_site-packages_PyQt6_Qt6_qml_QtQuick3D_Physics["Physics"]\n    node_venv_lib_python3_12_site-packages_PyQt6_Qt6_qml_QtQuick3D_Physics --> node_venv_lib_python3_12_site-packages_PyQt6_Qt6_qml_QtQuick3D_Physics_designer["designer"]\n    node_venv_lib_python3_12_site-packages_PyQt6_Qt6_qml_QtQuick3D_Physics_designer --> node_venv_lib_python3_12_site-packages_PyQt6_Qt6_qml_QtQuick3D_Physics_designer_NodeSection_qml["NodeSection.qml"]\n    Root --> node_venv["venv"]\n    node_venv --> node_venv_lib["lib"]\n    node_venv_lib --> node_venv_lib_python3_12["python3.12"]\n    node_venv_lib_python3_12 --> node_venv_lib_python3_12_site-packages["site-packages"]\n    node_venv_lib_python3_12_site-packages --> node_venv_lib_python3_12_site-packages_PyQt6["PyQt6"]\n    node_venv_lib_python3_12_site-packages_PyQt6 --> node_venv_lib_python3_12_site-packages_PyQt6_Qt6["Qt6"]\n    node_venv_lib_python3_12_site-packages_PyQt6_Qt6 --> node_venv_lib_python3_12_site-packages_PyQt6_Qt6_qml["qml"]\n    node_venv_lib_python3_12_site-packages_PyQt6_Qt6_qml --> node_venv_lib_python3_12_site-packages_PyQt6_Qt6_qml_QtQuick3D["QtQuick3D"]\n    node_venv_lib_python3_12_site-packages_PyQt6_Qt6_qml_QtQuick3D --> node_venv_lib_python3_12_site-packages_PyQt6_Qt6_qml_QtQuick3D_Physics["Physics"]\n    node_venv_lib_python3_12_site-packages_PyQt6_Qt6_qml_QtQuick3D_Physics --> node_venv_lib_python3_12_site-packages_PyQt6_Qt6_qml_QtQuick3D_Physics_designer["designer"]\n    node_venv_lib_python3_12_site-packages_PyQt6_Qt6_qml_QtQuick3D_Physics_designer --> node_venv_lib_python3_12_site-packages_PyQt6_Qt6_qml_QtQuick3D_Physics_designer_PhysicsBodySection_qml["PhysicsBodySection.qml"]\n    Root --> node_venv["venv"]\n    node_venv --> node_venv_lib["lib"]\n    node_venv_lib --> node_venv_lib_python3_12["python3.12"]\n    node_venv_lib_python3_12 --> node_venv_lib_python3_12_site-packages["site-packages"]\n    node_venv_lib_python3_12_site-packages --> node_venv_lib_python3_12_site-packages_PyQt6["PyQt6"]\n    node_venv_lib_python3_12_site-packages_PyQt6 --> node_venv_lib_python3_12_site-packages_PyQt6_Qt6["Qt6"]\n    node_venv_lib_python3_12_site-packages_PyQt6_Qt6 --> node_venv_lib_python3_12_site-packages_PyQt6_Qt6_qml["qml"]\n    node_venv_lib_python3_12_site-packages_PyQt6_Qt6_qml --> node_venv_lib_python3_12_site-packages_PyQt6_Qt6_qml_QtQuick3D["QtQuick3D"]\n    node_venv_lib_python3_12_site-packages_PyQt6_Qt6_qml_QtQuick3D --> node_venv_lib_python3_12_site-packages_PyQt6_Qt6_qml_QtQuick3D_Physics["Physics"]\n    node_venv_lib_python3_12_site-packages_PyQt6_Qt6_qml_QtQuick3D_Physics --> node_venv_lib_python3_12_site-packages_PyQt6_Qt6_qml_QtQuick3D_Physics_designer["designer"]\n    node_venv_lib_python3_12_site-packages_PyQt6_Qt6_qml_QtQuick3D_Physics_designer --> node_venv_lib_python3_12_site-packages_PyQt6_Qt6_qml_QtQuick3D_Physics_designer_PhysicsMaterialSection_qml["PhysicsMaterialSection.qml"]\n    Root --> node_venv["venv"]\n    node_venv --> node_venv_lib["lib"]\n    node_venv_lib --> node_venv_lib_python3_12["python3.12"]\n    node_venv_lib_python3_12 --> node_venv_lib_python3_12_site-packages["site-packages"]\n    node_venv_lib_python3_12_site-packages --> node_venv_lib_python3_12_site-packages_PyQt6["PyQt6"]\n    node_venv_lib_python3_12_site-packages_PyQt6 --> node_venv_lib_python3_12_site-packages_PyQt6_Qt6["Qt6"]\n    node_venv_lib_python3_12_site-packages_PyQt6_Qt6 --> node_venv_lib_python3_12_site-packages_PyQt6_Qt6_qml["qml"]\n    node_venv_lib_python3_12_site-packages_PyQt6_Qt6_qml --> node_venv_lib_python3_12_site-packages_PyQt6_Qt6_qml_QtQuick3D["QtQuick3D"]\n    node_venv_lib_python3_12_site-packages_PyQt6_Qt6_qml_QtQuick3D --> node_venv_lib_python3_12_site-packages_PyQt6_Qt6_qml_QtQuick3D_Physics["Physics"]\n    node_venv_lib_python3_12_site-packages_PyQt6_Qt6_qml_QtQuick3D_Physics --> node_venv_lib_python3_12_site-packages_PyQt6_Qt6_qml_QtQuick3D_Physics_designer["designer"]\n    node_venv_lib_python3_12_site-packages_PyQt6_Qt6_qml_QtQuick3D_Physics_designer --> node_venv_lib_python3_12_site-packages_PyQt6_Qt6_qml_QtQuick3D_Physics_designer_PhysicsMaterialSpecifics_qml["PhysicsMaterialSpecifics.qml"]\n    Root --> node_venv["venv"]\n    node_venv --> node_venv_lib["lib"]\n    node_venv_lib --> node_venv_lib_python3_12["python3.12"]\n    node_venv_lib_python3_12 --> node_venv_lib_python3_12_site-packages["site-packages"]\n    node_venv_lib_python3_12_site-packages --> node_venv_lib_python3_12_site-packages_PyQt6["PyQt6"]\n    node_venv_lib_python3_12_site-packages_PyQt6 --> node_venv_lib_python3_12_site-packages_PyQt6_Qt6["Qt6"]\n    node_venv_lib_python3_12_site-packages_PyQt6_Qt6 --> node_venv_lib_python3_12_site-packages_PyQt6_Qt6_qml["qml"]\n    node_venv_lib_python3_12_site-packages_PyQt6_Qt6_qml --> node_venv_lib_python3_12_site-packages_PyQt6_Qt6_qml_QtQuick3D["QtQuick3D"]\n    node_venv_lib_python3_12_site-packages_PyQt6_Qt6_qml_QtQuick3D --> node_venv_lib_python3_12_site-packages_PyQt6_Qt6_qml_QtQuick3D_Physics["Physics"]\n    node_venv_lib_python3_12_site-packages_PyQt6_Qt6_qml_QtQuick3D_Physics --> node_venv_lib_python3_12_site-packages_PyQt6_Qt6_qml_QtQuick3D_Physics_designer["designer"]\n    node_venv_lib_python3_12_site-packages_PyQt6_Qt6_qml_QtQuick3D_Physics_designer --> node_venv_lib_python3_12_site-packages_PyQt6_Qt6_qml_QtQuick3D_Physics_designer_PhysicsNodeSection_qml["PhysicsNodeSection.qml"]\n    Root --> node_venv["venv"]\n    node_venv --> node_venv_lib["lib"]\n    node_venv_lib --> node_venv_lib_python3_12["python3.12"]\n    node_venv_lib_python3_12 --> node_venv_lib_python3_12_site-packages["site-packages"]\n    node_venv_lib_python3_12_site-packages --> node_venv_lib_python3_12_site-packages_PyQt6["PyQt6"]\n    node_venv_lib_python3_12_site-packages_PyQt6 --> node_venv_lib_python3_12_site-packages_PyQt6_Qt6["Qt6"]\n    node_venv_lib_python3_12_site-packages_PyQt6_Qt6 --> node_venv_lib_python3_12_site-packages_PyQt6_Qt6_qml["qml"]\n    node_venv_lib_python3_12_site-packages_PyQt6_Qt6_qml --> node_venv_lib_python3_12_site-packages_PyQt6_Qt6_qml_QtQuick3D["QtQuick3D"]\n    node_venv_lib_python3_12_site-packages_PyQt6_Qt6_qml_QtQuick3D --> node_venv_lib_python3_12_site-packages_PyQt6_Qt6_qml_QtQuick3D_Physics["Physics"]\n    node_venv_lib_python3_12_site-packages_PyQt6_Qt6_qml_QtQuick3D_Physics --> node_venv_lib_python3_12_site-packages_PyQt6_Qt6_qml_QtQuick3D_Physics_designer["designer"]\n    node_venv_lib_python3_12_site-packages_PyQt6_Qt6_qml_QtQuick3D_Physics_designer --> node_venv_lib_python3_12_site-packages_PyQt6_Qt6_qml_QtQuick3D_Physics_designer_PhysicsWorldSection_qml["PhysicsWorldSection.qml"]\n    Root --> node_venv["venv"]\n    node_venv --> node_venv_lib["lib"]\n    node_venv_lib --> node_venv_lib_python3_12["python3.12"]\n    node_venv_lib_python3_12 --> node_venv_lib_python3_12_site-packages["site-packages"]\n    node_venv_lib_python3_12_site-packages --> node_venv_lib_python3_12_site-packages_PyQt6["PyQt6"]\n    node_venv_lib_python3_12_site-packages_PyQt6 --> node_venv_lib_python3_12_site-packages_PyQt6_Qt6["Qt6"]\n    node_venv_lib_python3_12_site-packages_PyQt6_Qt6 --> node_venv_lib_python3_12_site-packages_PyQt6_Qt6_qml["qml"]\n    node_venv_lib_python3_12_site-packages_PyQt6_Qt6_qml --> node_venv_lib_python3_12_site-packages_PyQt6_Qt6_qml_QtQuick3D["QtQuick3D"]\n    node_venv_lib_python3_12_site-packages_PyQt6_Qt6_qml_QtQuick3D --> node_venv_lib_python3_12_site-packages_PyQt6_Qt6_qml_QtQuick3D_Physics["Physics"]\n    node_venv_lib_python3_12_site-packages_PyQt6_Qt6_qml_QtQuick3D_Physics --> node_venv_lib_python3_12_site-packages_PyQt6_Qt6_qml_QtQuick3D_Physics_designer["designer"]\n    node_venv_lib_python3_12_site-packages_PyQt6_Qt6_qml_QtQuick3D_Physics_designer --> node_venv_lib_python3_12_site-packages_PyQt6_Qt6_qml_QtQuick3D_Physics_designer_PhysicsWorldSpecifics_qml["PhysicsWorldSpecifics.qml"]\n    Root --> node_venv["venv"]\n    node_venv --> node_venv_lib["lib"]\n    node_venv_lib --> node_venv_lib_python3_12["python3.12"]\n    node_venv_lib_python3_12 --> node_venv_lib_python3_12_site-packages["site-packages"]\n    node_venv_lib_python3_12_site-packages --> node_venv_lib_python3_12_site-packages_PyQt6["PyQt6"]\n    node_venv_lib_python3_12_site-packages_PyQt6 --> node_venv_lib_python3_12_site-packages_PyQt6_Qt6["Qt6"]\n    node_venv_lib_python3_12_site-packages_PyQt6_Qt6 --> node_venv_lib_python3_12_site-packages_PyQt6_Qt6_qml["qml"]\n    node_venv_lib_python3_12_site-packages_PyQt6_Qt6_qml --> node_venv_lib_python3_12_site-packages_PyQt6_Qt6_qml_QtQuick3D["QtQuick3D"]\n    node_venv_lib_python3_12_site-packages_PyQt6_Qt6_qml_QtQuick3D --> node_venv_lib_python3_12_site-packages_PyQt6_Qt6_qml_QtQuick3D_Physics["Physics"]\n    node_venv_lib_python3_12_site-packages_PyQt6_Qt6_qml_QtQuick3D_Physics --> node_venv_lib_python3_12_site-packages_PyQt6_Qt6_qml_QtQuick3D_Physics_designer["designer"]\n    node_venv_lib_python3_12_site-packages_PyQt6_Qt6_qml_QtQuick3D_Physics_designer --> node_venv_lib_python3_12_site-packages_PyQt6_Qt6_qml_QtQuick3D_Physics_designer_PlaneShapeSpecifics_qml["PlaneShapeSpecifics.qml"]\n    Root --> node_venv["venv"]\n    node_venv --> node_venv_lib["lib"]\n    node_venv_lib --> node_venv_lib_python3_12["python3.12"]\n    node_venv_lib_python3_12 --> node_venv_lib_python3_12_site-packages["site-packages"]\n    node_venv_lib_python3_12_site-packages --> node_venv_lib_python3_12_site-packages_PyQt6["PyQt6"]\n    node_venv_lib_python3_12_site-packages_PyQt6 --> node_venv_lib_python3_12_site-packages_PyQt6_Qt6["Qt6"]\n    node_venv_lib_python3_12_site-packages_PyQt6_Qt6 --> node_venv_lib_python3_12_site-packages_PyQt6_Qt6_qml["qml"]\n    node_venv_lib_python3_12_site-packages_PyQt6_Qt6_qml --> node_venv_lib_python3_12_site-packages_PyQt6_Qt6_qml_QtQuick3D["QtQuick3D"]\n    node_venv_lib_python3_12_site-packages_PyQt6_Qt6_qml_QtQuick3D --> node_venv_lib_python3_12_site-packages_PyQt6_Qt6_qml_QtQuick3D_Physics["Physics"]\n    node_venv_lib_python3_12_site-packages_PyQt6_Qt6_qml_QtQuick3D_Physics --> node_venv_lib_python3_12_site-packages_PyQt6_Qt6_qml_QtQuick3D_Physics_designer["designer"]\n    node_venv_lib_python3_12_site-packages_PyQt6_Qt6_qml_QtQuick3D_Physics_designer --> node_venv_lib_python3_12_site-packages_PyQt6_Qt6_qml_QtQuick3D_Physics_designer_SphereShapeSection_qml["SphereShapeSection.qml"]\n    Root --> node_venv["venv"]\n    node_venv --> node_venv_lib["lib"]\n    node_venv_lib --> node_venv_lib_python3_12["python3.12"]\n    node_venv_lib_python3_12 --> node_venv_lib_python3_12_site-packages["site-packages"]\n    node_venv_lib_python3_12_site-packages --> node_venv_lib_python3_12_site-packages_PyQt6["PyQt6"]\n    node_venv_lib_python3_12_site-packages_PyQt6 --> node_venv_lib_python3_12_site-packages_PyQt6_Qt6["Qt6"]\n    node_venv_lib_python3_12_site-packages_PyQt6_Qt6 --> node_venv_lib_python3_12_site-packages_PyQt6_Qt6_qml["qml"]\n    node_venv_lib_python3_12_site-packages_PyQt6_Qt6_qml --> node_venv_lib_python3_12_site-packages_PyQt6_Qt6_qml_QtQuick3D["QtQuick3D"]\n    node_venv_lib_python3_12_site-packages_PyQt6_Qt6_qml_QtQuick3D --> node_venv_lib_python3_12_site-packages_PyQt6_Qt6_qml_QtQuick3D_Physics["Physics"]\n    node_venv_lib_python3_12_site-packages_PyQt6_Qt6_qml_QtQuick3D_Physics --> node_venv_lib_python3_12_site-packages_PyQt6_Qt6_qml_QtQuick3D_Physics_designer["designer"]\n    node_venv_lib_python3_12_site-packages_PyQt6_Qt6_qml_QtQuick3D_Physics_designer --> node_venv_lib_python3_12_site-packages_PyQt6_Qt6_qml_QtQuick3D_Physics_designer_SphereShapeSpecifics_qml["SphereShapeSpecifics.qml"]\n    Root --> node_venv["venv"]\n    node_venv --> node_venv_lib["lib"]\n    node_venv_lib --> node_venv_lib_python3_12["python3.12"]\n    node_venv_lib_python3_12 --> node_venv_lib_python3_12_site-packages["site-packages"]\n    node_venv_lib_python3_12_site-packages --> node_venv_lib_python3_12_site-packages_PyQt6["PyQt6"]\n    node_venv_lib_python3_12_site-packages_PyQt6 --> node_venv_lib_python3_12_site-packages_PyQt6_Qt6["Qt6"]\n    node_venv_lib_python3_12_site-packages_PyQt6_Qt6 --> node_venv_lib_python3_12_site-packages_PyQt6_Qt6_qml["qml"]\n    node_venv_lib_python3_12_site-packages_PyQt6_Qt6_qml --> node_venv_lib_python3_12_site-packages_PyQt6_Qt6_qml_QtQuick3D["QtQuick3D"]\n    node_venv_lib_python3_12_site-packages_PyQt6_Qt6_qml_QtQuick3D --> node_venv_lib_python3_12_site-packages_PyQt6_Qt6_qml_QtQuick3D_Physics["Physics"]\n    node_venv_lib_python3_12_site-packages_PyQt6_Qt6_qml_QtQuick3D_Physics --> node_venv_lib_python3_12_site-packages_PyQt6_Qt6_qml_QtQuick3D_Physics_designer["designer"]\n    node_venv_lib_python3_12_site-packages_PyQt6_Qt6_qml_QtQuick3D_Physics_designer --> node_venv_lib_python3_12_site-packages_PyQt6_Qt6_qml_QtQuick3D_Physics_designer_StaticRigidBodySpecifics_qml["StaticRigidBodySpecifics.qml"]\n    Root --> node_venv["venv"]\n    node_venv --> node_venv_lib["lib"]\n    node_venv_lib --> node_venv_lib_python3_12["python3.12"]\n    node_venv_lib_python3_12 --> node_venv_lib_python3_12_site-packages["site-packages"]\n    node_venv_lib_python3_12_site-packages --> node_venv_lib_python3_12_site-packages_PyQt6["PyQt6"]\n    node_venv_lib_python3_12_site-packages_PyQt6 --> node_venv_lib_python3_12_site-packages_PyQt6_Qt6["Qt6"]\n    node_venv_lib_python3_12_site-packages_PyQt6_Qt6 --> node_venv_lib_python3_12_site-packages_PyQt6_Qt6_qml["qml"]\n    node_venv_lib_python3_12_site-packages_PyQt6_Qt6_qml --> node_venv_lib_python3_12_site-packages_PyQt6_Qt6_qml_QtQuick3D["QtQuick3D"]\n    node_venv_lib_python3_12_site-packages_PyQt6_Qt6_qml_QtQuick3D --> node_venv_lib_python3_12_site-packages_PyQt6_Qt6_qml_QtQuick3D_Physics["Physics"]\n    node_venv_lib_python3_12_site-packages_PyQt6_Qt6_qml_QtQuick3D_Physics --> node_venv_lib_python3_12_site-packages_PyQt6_Qt6_qml_QtQuick3D_Physics_designer["designer"]\n    node_venv_lib_python3_12_site-packages_PyQt6_Qt6_qml_QtQuick3D_Physics_designer --> node_venv_lib_python3_12_site-packages_PyQt6_Qt6_qml_QtQuick3D_Physics_designer_TriangleMeshShapeSection_qml["TriangleMeshShapeSection.qml"]\n    Root --> node_venv["venv"]\n    node_venv --> node_venv_lib["lib"]\n    node_venv_lib --> node_venv_lib_python3_12["python3.12"]\n    node_venv_lib_python3_12 --> node_venv_lib_python3_12_site-packages["site-packages"]\n    node_venv_lib_python3_12_site-packages --> node_venv_lib_python3_12_site-packages_PyQt6["PyQt6"]\n    node_venv_lib_python3_12_site-packages_PyQt6 --> node_venv_lib_python3_12_site-packages_PyQt6_Qt6["Qt6"]\n    node_venv_lib_python3_12_site-packages_PyQt6_Qt6 --> node_venv_lib_python3_12_site-packages_PyQt6_Qt6_qml["qml"]\n    node_venv_lib_python3_12_site-packages_PyQt6_Qt6_qml --> node_venv_lib_python3_12_site-packages_PyQt6_Qt6_qml_QtQuick3D["QtQuick3D"]\n    node_venv_lib_python3_12_site-packages_PyQt6_Qt6_qml_QtQuick3D --> node_venv_lib_python3_12_site-packages_PyQt6_Qt6_qml_QtQuick3D_Physics["Physics"]\n    node_venv_lib_python3_12_site-packages_PyQt6_Qt6_qml_QtQuick3D_Physics --> node_venv_lib_python3_12_site-packages_PyQt6_Qt6_qml_QtQuick3D_Physics_designer["designer"]\n    node_venv_lib_python3_12_site-packages_PyQt6_Qt6_qml_QtQuick3D_Physics_designer --> node_venv_lib_python3_12_site-packages_PyQt6_Qt6_qml_QtQuick3D_Physics_designer_TriangleMeshShapeSpecifics_qml["TriangleMeshShapeSpecifics.qml"]\n    Root --> node_venv["venv"]\n    node_venv --> node_venv_lib["lib"]\n    node_venv_lib --> node_venv_lib_python3_12["python3.12"]\n    node_venv_lib_python3_12 --> node_venv_lib_python3_12_site-packages["site-packages"]\n    node_venv_lib_python3_12_site-packages --> node_venv_lib_python3_12_site-packages_PyQt6["PyQt6"]\n    node_venv_lib_python3_12_site-packages_PyQt6 --> node_venv_lib_python3_12_site-packages_PyQt6_Qt6["Qt6"]\n    node_venv_lib_python3_12_site-packages_PyQt6_Qt6 --> node_venv_lib_python3_12_site-packages_PyQt6_Qt6_qml["qml"]\n    node_venv_lib_python3_12_site-packages_PyQt6_Qt6_qml --> node_venv_lib_python3_12_site-packages_PyQt6_Qt6_qml_QtQuick3D["QtQuick3D"]\n    node_venv_lib_python3_12_site-packages_PyQt6_Qt6_qml_QtQuick3D --> node_venv_lib_python3_12_site-packages_PyQt6_Qt6_qml_QtQuick3D_Physics["Physics"]\n    node_venv_lib_python3_12_site-packages_PyQt6_Qt6_qml_QtQuick3D_Physics --> node_venv_lib_python3_12_site-packages_PyQt6_Qt6_qml_QtQuick3D_Physics_designer["designer"]\n    node_venv_lib_python3_12_site-packages_PyQt6_Qt6_qml_QtQuick3D_Physics_designer --> node_venv_lib_python3_12_site-packages_PyQt6_Qt6_qml_QtQuick3D_Physics_designer_TriggerBodySpecifics_qml["TriggerBodySpecifics.qml"]\n    Root --> node_venv["venv"]\n    node_venv --> node_venv_lib["lib"]\n    node_venv_lib --> node_venv_lib_python3_12["python3.12"]\n    node_venv_lib_python3_12 --> node_venv_lib_python3_12_site-packages["site-packages"]\n    node_venv_lib_python3_12_site-packages --> node_venv_lib_python3_12_site-packages_PyQt6["PyQt6"]\n    node_venv_lib_python3_12_site-packages_PyQt6 --> node_venv_lib_python3_12_site-packages_PyQt6_Qt6["Qt6"]\n    node_venv_lib_python3_12_site-packages_PyQt6_Qt6 --> node_venv_lib_python3_12_site-packages_PyQt6_Qt6_qml["qml"]\n    node_venv_lib_python3_12_site-packages_PyQt6_Qt6_qml --> node_venv_lib_python3_12_site-packages_PyQt6_Qt6_qml_QtQuick3D["QtQuick3D"]\n    node_venv_lib_python3_12_site-packages_PyQt6_Qt6_qml_QtQuick3D --> node_venv_lib_python3_12_site-packages_PyQt6_Qt6_qml_QtQuick3D_Physics["Physics"]\n    node_venv_lib_python3_12_site-packages_PyQt6_Qt6_qml_QtQuick3D_Physics --> node_venv_lib_python3_12_site-packages_PyQt6_Qt6_qml_QtQuick3D_Physics_designer["designer"]\n    node_venv_lib_python3_12_site-packages_PyQt6_Qt6_qml_QtQuick3D_Physics_designer --> node_venv_lib_python3_12_site-packages_PyQt6_Qt6_qml_QtQuick3D_Physics_designer_physics_metainfo["physics.metainfo"]\n    Root --> node_venv["venv"]\n    node_venv --> node_venv_lib["lib"]\n    node_venv_lib --> node_venv_lib_python3_12["python3.12"]\n    node_venv_lib_python3_12 --> node_venv_lib_python3_12_site-packages["site-packages"]\n    node_venv_lib_python3_12_site-packages --> node_venv_lib_python3_12_site-packages_PyQt6["PyQt6"]\n    node_venv_lib_python3_12_site-packages_PyQt6 --> node_venv_lib_python3_12_site-packages_PyQt6_Qt6["Qt6"]\n    node_venv_lib_python3_12_site-packages_PyQt6_Qt6 --> node_venv_lib_python3_12_site-packages_PyQt6_Qt6_qml["qml"]\n    node_venv_lib_python3_12_site-packages_PyQt6_Qt6_qml --> node_venv_lib_python3_12_site-packages_PyQt6_Qt6_qml_QtQuick3D["QtQuick3D"]\n    node_venv_lib_python3_12_site-packages_PyQt6_Qt6_qml_QtQuick3D --> node_venv_lib_python3_12_site-packages_PyQt6_Qt6_qml_QtQuick3D_Physics["Physics"]\n    node_venv_lib_python3_12_site-packages_PyQt6_Qt6_qml_QtQuick3D_Physics --> node_venv_lib_python3_12_site-packages_PyQt6_Qt6_qml_QtQuick3D_Physics_designer["designer"]\n    node_venv_lib_python3_12_site-packages_PyQt6_Qt6_qml_QtQuick3D_Physics_designer --> node_venv_lib_python3_12_site-packages_PyQt6_Qt6_qml_QtQuick3D_Physics_designer_images["images"]\n    node_venv_lib_python3_12_site-packages_PyQt6_Qt6_qml_QtQuick3D_Physics_designer_images --> node_venv_lib_python3_12_site-packages_PyQt6_Qt6_qml_QtQuick3D_Physics_designer_images_boxshape_png["boxshape.png"]\n    Root --> node_venv["venv"]\n    node_venv --> node_venv_lib["lib"]\n    node_venv_lib --> node_venv_lib_python3_12["python3.12"]\n    node_venv_lib_python3_12 --> node_venv_lib_python3_12_site-packages["site-packages"]\n    node_venv_lib_python3_12_site-packages --> node_venv_lib_python3_12_site-packages_PyQt6["PyQt6"]\n    node_venv_lib_python3_12_site-packages_PyQt6 --> node_venv_lib_python3_12_site-packages_PyQt6_Qt6["Qt6"]\n    node_venv_lib_python3_12_site-packages_PyQt6_Qt6 --> node_venv_lib_python3_12_site-packages_PyQt6_Qt6_qml["qml"]\n    node_venv_lib_python3_12_site-packages_PyQt6_Qt6_qml --> node_venv_lib_python3_12_site-packages_PyQt6_Qt6_qml_QtQuick3D["QtQuick3D"]\n    node_venv_lib_python3_12_site-packages_PyQt6_Qt6_qml_QtQuick3D --> node_venv_lib_python3_12_site-packages_PyQt6_Qt6_qml_QtQuick3D_Physics["Physics"]\n    node_venv_lib_python3_12_site-packages_PyQt6_Qt6_qml_QtQuick3D_Physics --> node_venv_lib_python3_12_site-packages_PyQt6_Qt6_qml_QtQuick3D_Physics_designer["designer"]\n    node_venv_lib_python3_12_site-packages_PyQt6_Qt6_qml_QtQuick3D_Physics_designer --> node_venv_lib_python3_12_site-packages_PyQt6_Qt6_qml_QtQuick3D_Physics_designer_images["images"]\n    node_venv_lib_python3_12_site-packages_PyQt6_Qt6_qml_QtQuick3D_Physics_designer_images --> node_venv_lib_python3_12_site-packages_PyQt6_Qt6_qml_QtQuick3D_Physics_designer_images_boxshape16_png["boxshape16.png"]\n    Root --> node_venv["venv"]\n    node_venv --> node_venv_lib["lib"]\n    node_venv_lib --> node_venv_lib_python3_12["python3.12"]\n    node_venv_lib_python3_12 --> node_venv_lib_python3_12_site-packages["site-packages"]\n    node_venv_lib_python3_12_site-packages --> node_venv_lib_python3_12_site-packages_PyQt6["PyQt6"]\n    node_venv_lib_python3_12_site-packages_PyQt6 --> node_venv_lib_python3_12_site-packages_PyQt6_Qt6["Qt6"]\n    node_venv_lib_python3_12_site-packages_PyQt6_Qt6 --> node_venv_lib_python3_12_site-packages_PyQt6_Qt6_qml["qml"]\n    node_venv_lib_python3_12_site-packages_PyQt6_Qt6_qml --> node_venv_lib_python3_12_site-packages_PyQt6_Qt6_qml_QtQuick3D["QtQuick3D"]\n    node_venv_lib_python3_12_site-packages_PyQt6_Qt6_qml_QtQuick3D --> node_venv_lib_python3_12_site-packages_PyQt6_Qt6_qml_QtQuick3D_Physics["Physics"]\n    node_venv_lib_python3_12_site-packages_PyQt6_Qt6_qml_QtQuick3D_Physics --> node_venv_lib_python3_12_site-packages_PyQt6_Qt6_qml_QtQuick3D_Physics_designer["designer"]\n    node_venv_lib_python3_12_site-packages_PyQt6_Qt6_qml_QtQuick3D_Physics_designer --> node_venv_lib_python3_12_site-packages_PyQt6_Qt6_qml_QtQuick3D_Physics_designer_images["images"]\n    node_venv_lib_python3_12_site-packages_PyQt6_Qt6_qml_QtQuick3D_Physics_designer_images --> node_venv_lib_python3_12_site-packages_PyQt6_Qt6_qml_QtQuick3D_Physics_designer_images_boxshape@2x_png["boxshape@2x.png"]\n    Root --> node_venv["venv"]\n    node_venv --> node_venv_lib["lib"]\n    node_venv_lib --> node_venv_lib_python3_12["python3.12"]\n    node_venv_lib_python3_12 --> node_venv_lib_python3_12_site-packages["site-packages"]\n    node_venv_lib_python3_12_site-packages --> node_venv_lib_python3_12_site-packages_PyQt6["PyQt6"]\n    node_venv_lib_python3_12_site-packages_PyQt6 --> node_venv_lib_python3_12_site-packages_PyQt6_Qt6["Qt6"]\n    node_venv_lib_python3_12_site-packages_PyQt6_Qt6 --> node_venv_lib_python3_12_site-packages_PyQt6_Qt6_qml["qml"]\n    node_venv_lib_python3_12_site-packages_PyQt6_Qt6_qml --> node_venv_lib_python3_12_site-packages_PyQt6_Qt6_qml_QtQuick3D["QtQuick3D"]\n    node_venv_lib_python3_12_site-packages_PyQt6_Qt6_qml_QtQuick3D --> node_venv_lib_python3_12_site-packages_PyQt6_Qt6_qml_QtQuick3D_Physics["Physics"]\n    node_venv_lib_python3_12_site-packages_PyQt6_Qt6_qml_QtQuick3D_Physics --> node_venv_lib_python3_12_site-packages_PyQt6_Qt6_qml_QtQuick3D_Physics_designer["designer"]\n    node_venv_lib_python3_12_site-packages_PyQt6_Qt6_qml_QtQuick3D_Physics_designer --> node_venv_lib_python3_12_site-packages_PyQt6_Qt6_qml_QtQuick3D_Physics_designer_images["images"]\n    node_venv_lib_python3_12_site-packages_PyQt6_Qt6_qml_QtQuick3D_Physics_designer_images --> node_venv_lib_python3_12_site-packages_PyQt6_Qt6_qml_QtQuick3D_Physics_designer_images_capsuleshape_png["capsuleshape.png"]\n    Root --> node_venv["venv"]\n    node_venv --> node_venv_lib["lib"]\n    node_venv_lib --> node_venv_lib_python3_12["python3.12"]\n    node_venv_lib_python3_12 --> node_venv_lib_python3_12_site-packages["site-packages"]\n    node_venv_lib_python3_12_site-packages --> node_venv_lib_python3_12_site-packages_PyQt6["PyQt6"]\n    node_venv_lib_python3_12_site-packages_PyQt6 --> node_venv_lib_python3_12_site-packages_PyQt6_Qt6["Qt6"]\n    node_venv_lib_python3_12_site-packages_PyQt6_Qt6 --> node_venv_lib_python3_12_site-packages_PyQt6_Qt6_qml["qml"]\n    node_venv_lib_python3_12_site-packages_PyQt6_Qt6_qml --> node_venv_lib_python3_12_site-packages_PyQt6_Qt6_qml_QtQuick3D["QtQuick3D"]\n    node_venv_lib_python3_12_site-packages_PyQt6_Qt6_qml_QtQuick3D --> node_venv_lib_python3_12_site-packages_PyQt6_Qt6_qml_QtQuick3D_Physics["Physics"]\n    node_venv_lib_python3_12_site-packages_PyQt6_Qt6_qml_QtQuick3D_Physics --> node_venv_lib_python3_12_site-packages_PyQt6_Qt6_qml_QtQuick3D_Physics_designer["designer"]\n    node_venv_lib_python3_12_site-packages_PyQt6_Qt6_qml_QtQuick3D_Physics_designer --> node_venv_lib_python3_12_site-packages_PyQt6_Qt6_qml_QtQuick3D_Physics_designer_images["images"]\n    node_venv_lib_python3_12_site-packages_PyQt6_Qt6_qml_QtQuick3D_Physics_designer_images --> node_venv_lib_python3_12_site-packages_PyQt6_Qt6_qml_QtQuick3D_Physics_designer_images_capsuleshape16_png["capsuleshape16.png"]\n    Root --> node_venv["venv"]\n    node_venv --> node_venv_lib["lib"]\n    node_venv_lib --> node_venv_lib_python3_12["python3.12"]\n    node_venv_lib_python3_12 --> node_venv_lib_python3_12_site-packages["site-packages"]\n    node_venv_lib_python3_12_site-packages --> node_venv_lib_python3_12_site-packages_PyQt6["PyQt6"]\n    node_venv_lib_python3_12_site-packages_PyQt6 --> node_venv_lib_python3_12_site-packages_PyQt6_Qt6["Qt6"]\n    node_venv_lib_python3_12_site-packages_PyQt6_Qt6 --> node_venv_lib_python3_12_site-packages_PyQt6_Qt6_qml["qml"]\n    node_venv_lib_python3_12_site-packages_PyQt6_Qt6_qml --> node_venv_lib_python3_12_site-packages_PyQt6_Qt6_qml_QtQuick3D["QtQuick3D"]\n    node_venv_lib_python3_12_site-packages_PyQt6_Qt6_qml_QtQuick3D --> node_venv_lib_python3_12_site-packages_PyQt6_Qt6_qml_QtQuick3D_Physics["Physics"]\n    node_venv_lib_python3_12_site-packages_PyQt6_Qt6_qml_QtQuick3D_Physics --> node_venv_lib_python3_12_site-packages_PyQt6_Qt6_qml_QtQuick3D_Physics_designer["designer"]\n    node_venv_lib_python3_12_site-packages_PyQt6_Qt6_qml_QtQuick3D_Physics_designer --> node_venv_lib_python3_12_site-packages_PyQt6_Qt6_qml_QtQuick3D_Physics_designer_images["images"]\n    node_venv_lib_python3_12_site-packages_PyQt6_Qt6_qml_QtQuick3D_Physics_designer_images --> node_venv_lib_python3_12_site-packages_PyQt6_Qt6_qml_QtQuick3D_Physics_designer_images_capsuleshape@2x_png["capsuleshape@2x.png"]\n    Root --> node_venv["venv"]\n    node_venv --> node_venv_lib["lib"]\n    node_venv_lib --> node_venv_lib_python3_12["python3.12"]\n    node_venv_lib_python3_12 --> node_venv_lib_python3_12_site-packages["site-packages"]\n    node_venv_lib_python3_12_site-packages --> node_venv_lib_python3_12_site-packages_PyQt6["PyQt6"]\n    node_venv_lib_python3_12_site-packages_PyQt6 --> node_venv_lib_python3_12_site-packages_PyQt6_Qt6["Qt6"]\n    node_venv_lib_python3_12_site-packages_PyQt6_Qt6 --> node_venv_lib_python3_12_site-packages_PyQt6_Qt6_qml["qml"]\n    node_venv_lib_python3_12_site-packages_PyQt6_Qt6_qml --> node_venv_lib_python3_12_site-packages_PyQt6_Qt6_qml_QtQuick3D["QtQuick3D"]\n    node_venv_lib_python3_12_site-packages_PyQt6_Qt6_qml_QtQuick3D --> node_venv_lib_python3_12_site-packages_PyQt6_Qt6_qml_QtQuick3D_Physics["Physics"]\n    node_venv_lib_python3_12_site-packages_PyQt6_Qt6_qml_QtQuick3D_Physics --> node_venv_lib_python3_12_site-packages_PyQt6_Qt6_qml_QtQuick3D_Physics_designer["designer"]\n    node_venv_lib_python3_12_site-packages_PyQt6_Qt6_qml_QtQuick3D_Physics_designer --> node_venv_lib_python3_12_site-packages_PyQt6_Qt6_qml_QtQuick3D_Physics_designer_images["images"]\n    node_venv_lib_python3_12_site-packages_PyQt6_Qt6_qml_QtQuick3D_Physics_designer_images --> node_venv_lib_python3_12_site-packages_PyQt6_Qt6_qml_QtQuick3D_Physics_designer_images_charactercontroller_png["charactercontroller.png"]\n    Root --> node_venv["venv"]\n    node_venv --> node_venv_lib["lib"]\n    node_venv_lib --> node_venv_lib_python3_12["python3.12"]\n    node_venv_lib_python3_12 --> node_venv_lib_python3_12_site-packages["site-packages"]\n    node_venv_lib_python3_12_site-packages --> node_venv_lib_python3_12_site-packages_PyQt6["PyQt6"]\n    node_venv_lib_python3_12_site-packages_PyQt6 --> node_venv_lib_python3_12_site-packages_PyQt6_Qt6["Qt6"]\n    node_venv_lib_python3_12_site-packages_PyQt6_Qt6 --> node_venv_lib_python3_12_site-packages_PyQt6_Qt6_qml["qml"]\n    node_venv_lib_python3_12_site-packages_PyQt6_Qt6_qml --> node_venv_lib_python3_12_site-packages_PyQt6_Qt6_qml_QtQuick3D["QtQuick3D"]\n    node_venv_lib_python3_12_site-packages_PyQt6_Qt6_qml_QtQuick3D --> node_venv_lib_python3_12_site-packages_PyQt6_Qt6_qml_QtQuick3D_Physics["Physics"]\n    node_venv_lib_python3_12_site-packages_PyQt6_Qt6_qml_QtQuick3D_Physics --> node_venv_lib_python3_12_site-packages_PyQt6_Qt6_qml_QtQuick3D_Physics_designer["designer"]\n    node_venv_lib_python3_12_site-packages_PyQt6_Qt6_qml_QtQuick3D_Physics_designer --> node_venv_lib_python3_12_site-packages_PyQt6_Qt6_qml_QtQuick3D_Physics_designer_images["images"]\n    node_venv_lib_python3_12_site-packages_PyQt6_Qt6_qml_QtQuick3D_Physics_designer_images --> node_venv_lib_python3_12_site-packages_PyQt6_Qt6_qml_QtQuick3D_Physics_designer_images_charactercontroller16_png["charactercontroller16.png"]\n    Root --> node_venv["venv"]\n    node_venv --> node_venv_lib["lib"]\n    node_venv_lib --> node_venv_lib_python3_12["python3.12"]\n    node_venv_lib_python3_12 --> node_venv_lib_python3_12_site-packages["site-packages"]\n    node_venv_lib_python3_12_site-packages --> node_venv_lib_python3_12_site-packages_PyQt6["PyQt6"]\n    node_venv_lib_python3_12_site-packages_PyQt6 --> node_venv_lib_python3_12_site-packages_PyQt6_Qt6["Qt6"]\n    node_venv_lib_python3_12_site-packages_PyQt6_Qt6 --> node_venv_lib_python3_12_site-packages_PyQt6_Qt6_qml["qml"]\n    node_venv_lib_python3_12_site-packages_PyQt6_Qt6_qml --> node_venv_lib_python3_12_site-packages_PyQt6_Qt6_qml_QtQuick3D["QtQuick3D"]\n    node_venv_lib_python3_12_site-packages_PyQt6_Qt6_qml_QtQuick3D --> node_venv_lib_python3_12_site-packages_PyQt6_Qt6_qml_QtQuick3D_Physics["Physics"]\n    node_venv_lib_python3_12_site-packages_PyQt6_Qt6_qml_QtQuick3D_Physics --> node_venv_lib_python3_12_site-packages_PyQt6_Qt6_qml_QtQuick3D_Physics_designer["designer"]\n    node_venv_lib_python3_12_site-packages_PyQt6_Qt6_qml_QtQuick3D_Physics_designer --> node_venv_lib_python3_12_site-packages_PyQt6_Qt6_qml_QtQuick3D_Physics_designer_images["images"]\n    node_venv_lib_python3_12_site-packages_PyQt6_Qt6_qml_QtQuick3D_Physics_designer_images --> node_venv_lib_python3_12_site-packages_PyQt6_Qt6_qml_QtQuick3D_Physics_designer_images_charactercontroller@2x_png["charactercontroller@2x.png"]\n    Root --> node_venv["venv"]\n    node_venv --> node_venv_lib["lib"]\n    node_venv_lib --> node_venv_lib_python3_12["python3.12"]\n    node_venv_lib_python3_12 --> node_venv_lib_python3_12_site-packages["site-packages"]\n    node_venv_lib_python3_12_site-packages --> node_venv_lib_python3_12_site-packages_PyQt6["PyQt6"]\n    node_venv_lib_python3_12_site-packages_PyQt6 --> node_venv_lib_python3_12_site-packages_PyQt6_Qt6["Qt6"]\n    node_venv_lib_python3_12_site-packages_PyQt6_Qt6 --> node_venv_lib_python3_12_site-packages_PyQt6_Qt6_qml["qml"]\n    node_venv_lib_python3_12_site-packages_PyQt6_Qt6_qml --> node_venv_lib_python3_12_site-packages_PyQt6_Qt6_qml_QtQuick3D["QtQuick3D"]\n    node_venv_lib_python3_12_site-packages_PyQt6_Qt6_qml_QtQuick3D --> node_venv_lib_python3_12_site-packages_PyQt6_Qt6_qml_QtQuick3D_Physics["Physics"]\n    node_venv_lib_python3_12_site-packages_PyQt6_Qt6_qml_QtQuick3D_Physics --> node_venv_lib_python3_12_site-packages_PyQt6_Qt6_qml_QtQuick3D_Physics_designer["designer"]\n    node_venv_lib_python3_12_site-packages_PyQt6_Qt6_qml_QtQuick3D_Physics_designer --> node_venv_lib_python3_12_site-packages_PyQt6_Qt6_qml_QtQuick3D_Physics_designer_images["images"]\n    node_venv_lib_python3_12_site-packages_PyQt6_Qt6_qml_QtQuick3D_Physics_designer_images --> node_venv_lib_python3_12_site-packages_PyQt6_Qt6_qml_QtQuick3D_Physics_designer_images_convexmeshshape_png["convexmeshshape.png"]\n    Root --> node_venv["venv"]\n    node_venv --> node_venv_lib["lib"]\n    node_venv_lib --> node_venv_lib_python3_12["python3.12"]\n    node_venv_lib_python3_12 --> node_venv_lib_python3_12_site-packages["site-packages"]\n    node_venv_lib_python3_12_site-packages --> node_venv_lib_python3_12_site-packages_PyQt6["PyQt6"]\n    node_venv_lib_python3_12_site-packages_PyQt6 --> node_venv_lib_python3_12_site-packages_PyQt6_Qt6["Qt6"]\n    node_venv_lib_python3_12_site-packages_PyQt6_Qt6 --> node_venv_lib_python3_12_site-packages_PyQt6_Qt6_qml["qml"]\n    node_venv_lib_python3_12_site-packages_PyQt6_Qt6_qml --> node_venv_lib_python3_12_site-packages_PyQt6_Qt6_qml_QtQuick3D["QtQuick3D"]\n    node_venv_lib_python3_12_site-packages_PyQt6_Qt6_qml_QtQuick3D --> node_venv_lib_python3_12_site-packages_PyQt6_Qt6_qml_QtQuick3D_Physics["Physics"]\n    node_venv_lib_python3_12_site-packages_PyQt6_Qt6_qml_QtQuick3D_Physics --> node_venv_lib_python3_12_site-packages_PyQt6_Qt6_qml_QtQuick3D_Physics_designer["designer"]\n    node_venv_lib_python3_12_site-packages_PyQt6_Qt6_qml_QtQuick3D_Physics_designer --> node_venv_lib_python3_12_site-packages_PyQt6_Qt6_qml_QtQuick3D_Physics_designer_images["images"]\n    node_venv_lib_python3_12_site-packages_PyQt6_Qt6_qml_QtQuick3D_Physics_designer_images --> node_venv_lib_python3_12_site-packages_PyQt6_Qt6_qml_QtQuick3D_Physics_designer_images_convexmeshshape16_png["convexmeshshape16.png"]\n    Root --> node_venv["venv"]\n    node_venv --> node_venv_lib["lib"]\n    node_venv_lib --> node_venv_lib_python3_12["python3.12"]\n    node_venv_lib_python3_12 --> node_venv_lib_python3_12_site-packages["site-packages"]\n    node_venv_lib_python3_12_site-packages --> node_venv_lib_python3_12_site-packages_PyQt6["PyQt6"]\n    node_venv_lib_python3_12_site-packages_PyQt6 --> node_venv_lib_python3_12_site-packages_PyQt6_Qt6["Qt6"]\n    node_venv_lib_python3_12_site-packages_PyQt6_Qt6 --> node_venv_lib_python3_12_site-packages_PyQt6_Qt6_qml["qml"]\n    node_venv_lib_python3_12_site-packages_PyQt6_Qt6_qml --> node_venv_lib_python3_12_site-packages_PyQt6_Qt6_qml_QtQuick3D["QtQuick3D"]\n    node_venv_lib_python3_12_site-packages_PyQt6_Qt6_qml_QtQuick3D --> node_venv_lib_python3_12_site-packages_PyQt6_Qt6_qml_QtQuick3D_Physics["Physics"]\n    node_venv_lib_python3_12_site-packages_PyQt6_Qt6_qml_QtQuick3D_Physics --> node_venv_lib_python3_12_site-packages_PyQt6_Qt6_qml_QtQuick3D_Physics_designer["designer"]\n    node_venv_lib_python3_12_site-packages_PyQt6_Qt6_qml_QtQuick3D_Physics_designer --> node_venv_lib_python3_12_site-packages_PyQt6_Qt6_qml_QtQuick3D_Physics_designer_images["images"]\n    node_venv_lib_python3_12_site-packages_PyQt6_Qt6_qml_QtQuick3D_Physics_designer_images --> node_venv_lib_python3_12_site-packages_PyQt6_Qt6_qml_QtQuick3D_Physics_designer_images_convexmeshshape@2x_png["convexmeshshape@2x.png"]\n    Root --> node_venv["venv"]\n    node_venv --> node_venv_lib["lib"]\n    node_venv_lib --> node_venv_lib_python3_12["python3.12"]\n    node_venv_lib_python3_12 --> node_venv_lib_python3_12_site-packages["site-packages"]\n    node_venv_lib_python3_12_site-packages --> node_venv_lib_python3_12_site-packages_PyQt6["PyQt6"]\n    node_venv_lib_python3_12_site-packages_PyQt6 --> node_venv_lib_python3_12_site-packages_PyQt6_Qt6["Qt6"]\n    node_venv_lib_python3_12_site-packages_PyQt6_Qt6 --> node_venv_lib_python3_12_site-packages_PyQt6_Qt6_qml["qml"]\n    node_venv_lib_python3_12_site-packages_PyQt6_Qt6_qml --> node_venv_lib_python3_12_site-packages_PyQt6_Qt6_qml_QtQuick3D["QtQuick3D"]\n    node_venv_lib_python3_12_site-packages_PyQt6_Qt6_qml_QtQuick3D --> node_venv_lib_python3_12_site-packages_PyQt6_Qt6_qml_QtQuick3D_Physics["Physics"]\n    node_venv_lib_python3_12_site-packages_PyQt6_Qt6_qml_QtQuick3D_Physics --> node_venv_lib_python3_12_site-packages_PyQt6_Qt6_qml_QtQuick3D_Physics_designer["designer"]\n    node_venv_lib_python3_12_site-packages_PyQt6_Qt6_qml_QtQuick3D_Physics_designer --> node_venv_lib_python3_12_site-packages_PyQt6_Qt6_qml_QtQuick3D_Physics_designer_images["images"]\n    node_venv_lib_python3_12_site-packages_PyQt6_Qt6_qml_QtQuick3D_Physics_designer_images --> node_venv_lib_python3_12_site-packages_PyQt6_Qt6_qml_QtQuick3D_Physics_designer_images_dynamicrigidbody_png["dynamicrigidbody.png"]\n    Root --> node_venv["venv"]\n    node_venv --> node_venv_lib["lib"]\n    node_venv_lib --> node_venv_lib_python3_12["python3.12"]\n    node_venv_lib_python3_12 --> node_venv_lib_python3_12_site-packages["site-packages"]\n    node_venv_lib_python3_12_site-packages --> node_venv_lib_python3_12_site-packages_PyQt6["PyQt6"]\n    node_venv_lib_python3_12_site-packages_PyQt6 --> node_venv_lib_python3_12_site-packages_PyQt6_Qt6["Qt6"]\n    node_venv_lib_python3_12_site-packages_PyQt6_Qt6 --> node_venv_lib_python3_12_site-packages_PyQt6_Qt6_qml["qml"]\n    node_venv_lib_python3_12_site-packages_PyQt6_Qt6_qml --> node_venv_lib_python3_12_site-packages_PyQt6_Qt6_qml_QtQuick3D["QtQuick3D"]\n    node_venv_lib_python3_12_site-packages_PyQt6_Qt6_qml_QtQuick3D --> node_venv_lib_python3_12_site-packages_PyQt6_Qt6_qml_QtQuick3D_Physics["Physics"]\n    node_venv_lib_python3_12_site-packages_PyQt6_Qt6_qml_QtQuick3D_Physics --> node_venv_lib_python3_12_site-packages_PyQt6_Qt6_qml_QtQuick3D_Physics_designer["designer"]\n    node_venv_lib_python3_12_site-packages_PyQt6_Qt6_qml_QtQuick3D_Physics_designer --> node_venv_lib_python3_12_site-packages_PyQt6_Qt6_qml_QtQuick3D_Physics_designer_images["images"]\n    node_venv_lib_python3_12_site-packages_PyQt6_Qt6_qml_QtQuick3D_Physics_designer_images --> node_venv_lib_python3_12_site-packages_PyQt6_Qt6_qml_QtQuick3D_Physics_designer_images_dynamicrigidbody16_png["dynamicrigidbody16.png"]\n    Root --> node_venv["venv"]\n    node_venv --> node_venv_lib["lib"]\n    node_venv_lib --> node_venv_lib_python3_12["python3.12"]\n    node_venv_lib_python3_12 --> node_venv_lib_python3_12_site-packages["site-packages"]\n    node_venv_lib_python3_12_site-packages --> node_venv_lib_python3_12_site-packages_PyQt6["PyQt6"]\n    node_venv_lib_python3_12_site-packages_PyQt6 --> node_venv_lib_python3_12_site-packages_PyQt6_Qt6["Qt6"]\n    node_venv_lib_python3_12_site-packages_PyQt6_Qt6 --> node_venv_lib_python3_12_site-packages_PyQt6_Qt6_qml["qml"]\n    node_venv_lib_python3_12_site-packages_PyQt6_Qt6_qml --> node_venv_lib_python3_12_site-packages_PyQt6_Qt6_qml_QtQuick3D["QtQuick3D"]\n    node_venv_lib_python3_12_site-packages_PyQt6_Qt6_qml_QtQuick3D --> node_venv_lib_python3_12_site-packages_PyQt6_Qt6_qml_QtQuick3D_Physics["Physics"]\n    node_venv_lib_python3_12_site-packages_PyQt6_Qt6_qml_QtQuick3D_Physics --> node_venv_lib_python3_12_site-packages_PyQt6_Qt6_qml_QtQuick3D_Physics_designer["designer"]\n    node_venv_lib_python3_12_site-packages_PyQt6_Qt6_qml_QtQuick3D_Physics_designer --> node_venv_lib_python3_12_site-packages_PyQt6_Qt6_qml_QtQuick3D_Physics_designer_images["images"]\n    node_venv_lib_python3_12_site-packages_PyQt6_Qt6_qml_QtQuick3D_Physics_designer_images --> node_venv_lib_python3_12_site-packages_PyQt6_Qt6_qml_QtQuick3D_Physics_designer_images_dynamicrigidbody@2x_png["dynamicrigidbody@2x.png"]\n    Root --> node_venv["venv"]\n    node_venv --> node_venv_lib["lib"]\n    node_venv_lib --> node_venv_lib_python3_12["python3.12"]\n    node_venv_lib_python3_12 --> node_venv_lib_python3_12_site-packages["site-packages"]\n    node_venv_lib_python3_12_site-packages --> node_venv_lib_python3_12_site-packages_PyQt6["PyQt6"]\n    node_venv_lib_python3_12_site-packages_PyQt6 --> node_venv_lib_python3_12_site-packages_PyQt6_Qt6["Qt6"]\n    node_venv_lib_python3_12_site-packages_PyQt6_Qt6 --> node_venv_lib_python3_12_site-packages_PyQt6_Qt6_qml["qml"]\n    node_venv_lib_python3_12_site-packages_PyQt6_Qt6_qml --> node_venv_lib_python3_12_site-packages_PyQt6_Qt6_qml_QtQuick3D["QtQuick3D"]\n    node_venv_lib_python3_12_site-packages_PyQt6_Qt6_qml_QtQuick3D --> node_venv_lib_python3_12_site-packages_PyQt6_Qt6_qml_QtQuick3D_Physics["Physics"]\n    node_venv_lib_python3_12_site-packages_PyQt6_Qt6_qml_QtQuick3D_Physics --> node_venv_lib_python3_12_site-packages_PyQt6_Qt6_qml_QtQuick3D_Physics_designer["designer"]\n    node_venv_lib_python3_12_site-packages_PyQt6_Qt6_qml_QtQuick3D_Physics_designer --> node_venv_lib_python3_12_site-packages_PyQt6_Qt6_qml_QtQuick3D_Physics_designer_images["images"]\n    node_venv_lib_python3_12_site-packages_PyQt6_Qt6_qml_QtQuick3D_Physics_designer_images --> node_venv_lib_python3_12_site-packages_PyQt6_Qt6_qml_QtQuick3D_Physics_designer_images_heightfieldshape_png["heightfieldshape.png"]\n    Root --> node_venv["venv"]\n    node_venv --> node_venv_lib["lib"]\n    node_venv_lib --> node_venv_lib_python3_12["python3.12"]\n    node_venv_lib_python3_12 --> node_venv_lib_python3_12_site-packages["site-packages"]\n    node_venv_lib_python3_12_site-packages --> node_venv_lib_python3_12_site-packages_PyQt6["PyQt6"]\n    node_venv_lib_python3_12_site-packages_PyQt6 --> node_venv_lib_python3_12_site-packages_PyQt6_Qt6["Qt6"]\n    node_venv_lib_python3_12_site-packages_PyQt6_Qt6 --> node_venv_lib_python3_12_site-packages_PyQt6_Qt6_qml["qml"]\n    node_venv_lib_python3_12_site-packages_PyQt6_Qt6_qml --> node_venv_lib_python3_12_site-packages_PyQt6_Qt6_qml_QtQuick3D["QtQuick3D"]\n    node_venv_lib_python3_12_site-packages_PyQt6_Qt6_qml_QtQuick3D --> node_venv_lib_python3_12_site-packages_PyQt6_Qt6_qml_QtQuick3D_Physics["Physics"]\n    node_venv_lib_python3_12_site-packages_PyQt6_Qt6_qml_QtQuick3D_Physics --> node_venv_lib_python3_12_site-packages_PyQt6_Qt6_qml_QtQuick3D_Physics_designer["designer"]\n    node_venv_lib_python3_12_site-packages_PyQt6_Qt6_qml_QtQuick3D_Physics_designer --> node_venv_lib_python3_12_site-packages_PyQt6_Qt6_qml_QtQuick3D_Physics_designer_images["images"]\n    node_venv_lib_python3_12_site-packages_PyQt6_Qt6_qml_QtQuick3D_Physics_designer_images --> node_venv_lib_python3_12_site-packages_PyQt6_Qt6_qml_QtQuick3D_Physics_designer_images_heightfieldshape16_png["heightfieldshape16.png"]\n    Root --> node_venv["venv"]\n    node_venv --> node_venv_lib["lib"]\n    node_venv_lib --> node_venv_lib_python3_12["python3.12"]\n    node_venv_lib_python3_12 --> node_venv_lib_python3_12_site-packages["site-packages"]\n    node_venv_lib_python3_12_site-packages --> node_venv_lib_python3_12_site-packages_PyQt6["PyQt6"]\n    node_venv_lib_python3_12_site-packages_PyQt6 --> node_venv_lib_python3_12_site-packages_PyQt6_Qt6["Qt6"]\n    node_venv_lib_python3_12_site-packages_PyQt6_Qt6 --> node_venv_lib_python3_12_site-packages_PyQt6_Qt6_qml["qml"]\n    node_venv_lib_python3_12_site-packages_PyQt6_Qt6_qml --> node_venv_lib_python3_12_site-packages_PyQt6_Qt6_qml_QtQuick3D["QtQuick3D"]\n    node_venv_lib_python3_12_site-packages_PyQt6_Qt6_qml_QtQuick3D --> node_venv_lib_python3_12_site-packages_PyQt6_Qt6_qml_QtQuick3D_Physics["Physics"]\n    node_venv_lib_python3_12_site-packages_PyQt6_Qt6_qml_QtQuick3D_Physics --> node_venv_lib_python3_12_site-packages_PyQt6_Qt6_qml_QtQuick3D_Physics_designer["designer"]\n    node_venv_lib_python3_12_site-packages_PyQt6_Qt6_qml_QtQuick3D_Physics_designer --> node_venv_lib_python3_12_site-packages_PyQt6_Qt6_qml_QtQuick3D_Physics_designer_images["images"]\n    node_venv_lib_python3_12_site-packages_PyQt6_Qt6_qml_QtQuick3D_Physics_designer_images --> node_venv_lib_python3_12_site-packages_PyQt6_Qt6_qml_QtQuick3D_Physics_designer_images_heightfieldshape@2x_png["heightfieldshape@2x.png"]\n    Root --> node_venv["venv"]\n    node_venv --> node_venv_lib["lib"]\n    node_venv_lib --> node_venv_lib_python3_12["python3.12"]\n    node_venv_lib_python3_12 --> node_venv_lib_python3_12_site-packages["site-packages"]\n    node_venv_lib_python3_12_site-packages --> node_venv_lib_python3_12_site-packages_PyQt6["PyQt6"]\n    node_venv_lib_python3_12_site-packages_PyQt6 --> node_venv_lib_python3_12_site-packages_PyQt6_Qt6["Qt6"]\n    node_venv_lib_python3_12_site-packages_PyQt6_Qt6 --> node_venv_lib_python3_12_site-packages_PyQt6_Qt6_qml["qml"]\n    node_venv_lib_python3_12_site-packages_PyQt6_Qt6_qml --> node_venv_lib_python3_12_site-packages_PyQt6_Qt6_qml_QtQuick3D["QtQuick3D"]\n    node_venv_lib_python3_12_site-packages_PyQt6_Qt6_qml_QtQuick3D --> node_venv_lib_python3_12_site-packages_PyQt6_Qt6_qml_QtQuick3D_Physics["Physics"]\n    node_venv_lib_python3_12_site-packages_PyQt6_Qt6_qml_QtQuick3D_Physics --> node_venv_lib_python3_12_site-packages_PyQt6_Qt6_qml_QtQuick3D_Physics_designer["designer"]\n    node_venv_lib_python3_12_site-packages_PyQt6_Qt6_qml_QtQuick3D_Physics_designer --> node_venv_lib_python3_12_site-packages_PyQt6_Qt6_qml_QtQuick3D_Physics_designer_images["images"]\n    node_venv_lib_python3_12_site-packages_PyQt6_Qt6_qml_QtQuick3D_Physics_designer_images --> node_venv_lib_python3_12_site-packages_PyQt6_Qt6_qml_QtQuick3D_Physics_designer_images_physicsmaterial_png["physicsmaterial.png"]\n    Root --> node_venv["venv"]\n    node_venv --> node_venv_lib["lib"]\n    node_venv_lib --> node_venv_lib_python3_12["python3.12"]\n    node_venv_lib_python3_12 --> node_venv_lib_python3_12_site-packages["site-packages"]\n    node_venv_lib_python3_12_site-packages --> node_venv_lib_python3_12_site-packages_PyQt6["PyQt6"]\n    node_venv_lib_python3_12_site-packages_PyQt6 --> node_venv_lib_python3_12_site-packages_PyQt6_Qt6["Qt6"]\n    node_venv_lib_python3_12_site-packages_PyQt6_Qt6 --> node_venv_lib_python3_12_site-packages_PyQt6_Qt6_qml["qml"]\n    node_venv_lib_python3_12_site-packages_PyQt6_Qt6_qml --> node_venv_lib_python3_12_site-packages_PyQt6_Qt6_qml_QtQuick3D["QtQuick3D"]\n    node_venv_lib_python3_12_site-packages_PyQt6_Qt6_qml_QtQuick3D --> node_venv_lib_python3_12_site-packages_PyQt6_Qt6_qml_QtQuick3D_Physics["Physics"]\n    node_venv_lib_python3_12_site-packages_PyQt6_Qt6_qml_QtQuick3D_Physics --> node_venv_lib_python3_12_site-packages_PyQt6_Qt6_qml_QtQuick3D_Physics_designer["designer"]\n    node_venv_lib_python3_12_site-packages_PyQt6_Qt6_qml_QtQuick3D_Physics_designer --> node_venv_lib_python3_12_site-packages_PyQt6_Qt6_qml_QtQuick3D_Physics_designer_images["images"]\n    node_venv_lib_python3_12_site-packages_PyQt6_Qt6_qml_QtQuick3D_Physics_designer_images --> node_venv_lib_python3_12_site-packages_PyQt6_Qt6_qml_QtQuick3D_Physics_designer_images_physicsmaterial16_png["physicsmaterial16.png"]\n    Root --> node_venv["venv"]\n    node_venv --> node_venv_lib["lib"]\n    node_venv_lib --> node_venv_lib_python3_12["python3.12"]\n    node_venv_lib_python3_12 --> node_venv_lib_python3_12_site-packages["site-packages"]\n    node_venv_lib_python3_12_site-packages --> node_venv_lib_python3_12_site-packages_PyQt6["PyQt6"]\n    node_venv_lib_python3_12_site-packages_PyQt6 --> node_venv_lib_python3_12_site-packages_PyQt6_Qt6["Qt6"]\n    node_venv_lib_python3_12_site-packages_PyQt6_Qt6 --> node_venv_lib_python3_12_site-packages_PyQt6_Qt6_qml["qml"]\n    node_venv_lib_python3_12_site-packages_PyQt6_Qt6_qml --> node_venv_lib_python3_12_site-packages_PyQt6_Qt6_qml_QtQuick3D["QtQuick3D"]\n    node_venv_lib_python3_12_site-packages_PyQt6_Qt6_qml_QtQuick3D --> node_venv_lib_python3_12_site-packages_PyQt6_Qt6_qml_QtQuick3D_Physics["Physics"]\n    node_venv_lib_python3_12_site-packages_PyQt6_Qt6_qml_QtQuick3D_Physics --> node_venv_lib_python3_12_site-packages_PyQt6_Qt6_qml_QtQuick3D_Physics_designer["designer"]\n    node_venv_lib_python3_12_site-packages_PyQt6_Qt6_qml_QtQuick3D_Physics_designer --> node_venv_lib_python3_12_site-packages_PyQt6_Qt6_qml_QtQuick3D_Physics_designer_images["images"]\n    node_venv_lib_python3_12_site-packages_PyQt6_Qt6_qml_QtQuick3D_Physics_designer_images --> node_venv_lib_python3_12_site-packages_PyQt6_Qt6_qml_QtQuick3D_Physics_designer_images_physicsmaterial@2x_png["physicsmaterial@2x.png"]\n    Root --> node_venv["venv"]\n    node_venv --> node_venv_lib["lib"]\n    node_venv_lib --> node_venv_lib_python3_12["python3.12"]\n    node_venv_lib_python3_12 --> node_venv_lib_python3_12_site-packages["site-packages"]\n    node_venv_lib_python3_12_site-packages --> node_venv_lib_python3_12_site-packages_PyQt6["PyQt6"]\n    node_venv_lib_python3_12_site-packages_PyQt6 --> node_venv_lib_python3_12_site-packages_PyQt6_Qt6["Qt6"]\n    node_venv_lib_python3_12_site-packages_PyQt6_Qt6 --> node_venv_lib_python3_12_site-packages_PyQt6_Qt6_qml["qml"]\n    node_venv_lib_python3_12_site-packages_PyQt6_Qt6_qml --> node_venv_lib_python3_12_site-packages_PyQt6_Qt6_qml_QtQuick3D["QtQuick3D"]\n    node_venv_lib_python3_12_site-packages_PyQt6_Qt6_qml_QtQuick3D --> node_venv_lib_python3_12_site-packages_PyQt6_Qt6_qml_QtQuick3D_Physics["Physics"]\n    node_venv_lib_python3_12_site-packages_PyQt6_Qt6_qml_QtQuick3D_Physics --> node_venv_lib_python3_12_site-packages_PyQt6_Qt6_qml_QtQuick3D_Physics_designer["designer"]\n    node_venv_lib_python3_12_site-packages_PyQt6_Qt6_qml_QtQuick3D_Physics_designer --> node_venv_lib_python3_12_site-packages_PyQt6_Qt6_qml_QtQuick3D_Physics_designer_images["images"]\n    node_venv_lib_python3_12_site-packages_PyQt6_Qt6_qml_QtQuick3D_Physics_designer_images --> node_venv_lib_python3_12_site-packages_PyQt6_Qt6_qml_QtQuick3D_Physics_designer_images_physicsworld_png["physicsworld.png"]\n    Root --> node_venv["venv"]\n    node_venv --> node_venv_lib["lib"]\n    node_venv_lib --> node_venv_lib_python3_12["python3.12"]\n    node_venv_lib_python3_12 --> node_venv_lib_python3_12_site-packages["site-packages"]\n    node_venv_lib_python3_12_site-packages --> node_venv_lib_python3_12_site-packages_PyQt6["PyQt6"]\n    node_venv_lib_python3_12_site-packages_PyQt6 --> node_venv_lib_python3_12_site-packages_PyQt6_Qt6["Qt6"]\n    node_venv_lib_python3_12_site-packages_PyQt6_Qt6 --> node_venv_lib_python3_12_site-packages_PyQt6_Qt6_qml["qml"]\n    node_venv_lib_python3_12_site-packages_PyQt6_Qt6_qml --> node_venv_lib_python3_12_site-packages_PyQt6_Qt6_qml_QtQuick3D["QtQuick3D"]\n    node_venv_lib_python3_12_site-packages_PyQt6_Qt6_qml_QtQuick3D --> node_venv_lib_python3_12_site-packages_PyQt6_Qt6_qml_QtQuick3D_Physics["Physics"]\n    node_venv_lib_python3_12_site-packages_PyQt6_Qt6_qml_QtQuick3D_Physics --> node_venv_lib_python3_12_site-packages_PyQt6_Qt6_qml_QtQuick3D_Physics_designer["designer"]\n    node_venv_lib_python3_12_site-packages_PyQt6_Qt6_qml_QtQuick3D_Physics_designer --> node_venv_lib_python3_12_site-packages_PyQt6_Qt6_qml_QtQuick3D_Physics_designer_images["images"]\n    node_venv_lib_python3_12_site-packages_PyQt6_Qt6_qml_QtQuick3D_Physics_designer_images --> node_venv_lib_python3_12_site-packages_PyQt6_Qt6_qml_QtQuick3D_Physics_designer_images_physicsworld16_png["physicsworld16.png"]\n    Root --> node_venv["venv"]\n    node_venv --> node_venv_lib["lib"]\n    node_venv_lib --> node_venv_lib_python3_12["python3.12"]\n    node_venv_lib_python3_12 --> node_venv_lib_python3_12_site-packages["site-packages"]\n    node_venv_lib_python3_12_site-packages --> node_venv_lib_python3_12_site-packages_PyQt6["PyQt6"]\n    node_venv_lib_python3_12_site-packages_PyQt6 --> node_venv_lib_python3_12_site-packages_PyQt6_Qt6["Qt6"]\n    node_venv_lib_python3_12_site-packages_PyQt6_Qt6 --> node_venv_lib_python3_12_site-packages_PyQt6_Qt6_qml["qml"]\n    node_venv_lib_python3_12_site-packages_PyQt6_Qt6_qml --> node_venv_lib_python3_12_site-packages_PyQt6_Qt6_qml_QtQuick3D["QtQuick3D"]\n    node_venv_lib_python3_12_site-packages_PyQt6_Qt6_qml_QtQuick3D --> node_venv_lib_python3_12_site-packages_PyQt6_Qt6_qml_QtQuick3D_Physics["Physics"]\n    node_venv_lib_python3_12_site-packages_PyQt6_Qt6_qml_QtQuick3D_Physics --> node_venv_lib_python3_12_site-packages_PyQt6_Qt6_qml_QtQuick3D_Physics_designer["designer"]\n    node_venv_lib_python3_12_site-packages_PyQt6_Qt6_qml_QtQuick3D_Physics_designer --> node_venv_lib_python3_12_site-packages_PyQt6_Qt6_qml_QtQuick3D_Physics_designer_images["images"]\n    node_venv_lib_python3_12_site-packages_PyQt6_Qt6_qml_QtQuick3D_Physics_designer_images --> node_venv_lib_python3_12_site-packages_PyQt6_Qt6_qml_QtQuick3D_Physics_designer_images_physicsworld@2x_png["physicsworld@2x.png"]\n    Root --> node_venv["venv"]\n    node_venv --> node_venv_lib["lib"]\n    node_venv_lib --> node_venv_lib_python3_12["python3.12"]\n    node_venv_lib_python3_12 --> node_venv_lib_python3_12_site-packages["site-packages"]\n    node_venv_lib_python3_12_site-packages --> node_venv_lib_python3_12_site-packages_PyQt6["PyQt6"]\n    node_venv_lib_python3_12_site-packages_PyQt6 --> node_venv_lib_python3_12_site-packages_PyQt6_Qt6["Qt6"]\n    node_venv_lib_python3_12_site-packages_PyQt6_Qt6 --> node_venv_lib_python3_12_site-packages_PyQt6_Qt6_qml["qml"]\n    node_venv_lib_python3_12_site-packages_PyQt6_Qt6_qml --> node_venv_lib_python3_12_site-packages_PyQt6_Qt6_qml_QtQuick3D["QtQuick3D"]\n    node_venv_lib_python3_12_site-packages_PyQt6_Qt6_qml_QtQuick3D --> node_venv_lib_python3_12_site-packages_PyQt6_Qt6_qml_QtQuick3D_Physics["Physics"]\n    node_venv_lib_python3_12_site-packages_PyQt6_Qt6_qml_QtQuick3D_Physics --> node_venv_lib_python3_12_site-packages_PyQt6_Qt6_qml_QtQuick3D_Physics_designer["designer"]\n    node_venv_lib_python3_12_site-packages_PyQt6_Qt6_qml_QtQuick3D_Physics_designer --> node_venv_lib_python3_12_site-packages_PyQt6_Qt6_qml_QtQuick3D_Physics_designer_images["images"]\n    node_venv_lib_python3_12_site-packages_PyQt6_Qt6_qml_QtQuick3D_Physics_designer_images --> node_venv_lib_python3_12_site-packages_PyQt6_Qt6_qml_QtQuick3D_Physics_designer_images_planeshape_png["planeshape.png"]\n    Root --> node_venv["venv"]\n    node_venv --> node_venv_lib["lib"]\n    node_venv_lib --> node_venv_lib_python3_12["python3.12"]\n    node_venv_lib_python3_12 --> node_venv_lib_python3_12_site-packages["site-packages"]\n    node_venv_lib_python3_12_site-packages --> node_venv_lib_python3_12_site-packages_PyQt6["PyQt6"]\n    node_venv_lib_python3_12_site-packages_PyQt6 --> node_venv_lib_python3_12_site-packages_PyQt6_Qt6["Qt6"]\n    node_venv_lib_python3_12_site-packages_PyQt6_Qt6 --> node_venv_lib_python3_12_site-packages_PyQt6_Qt6_qml["qml"]\n    node_venv_lib_python3_12_site-packages_PyQt6_Qt6_qml --> node_venv_lib_python3_12_site-packages_PyQt6_Qt6_qml_QtQuick3D["QtQuick3D"]\n    node_venv_lib_python3_12_site-packages_PyQt6_Qt6_qml_QtQuick3D --> node_venv_lib_python3_12_site-packages_PyQt6_Qt6_qml_QtQuick3D_Physics["Physics"]\n    node_venv_lib_python3_12_site-packages_PyQt6_Qt6_qml_QtQuick3D_Physics --> node_venv_lib_python3_12_site-packages_PyQt6_Qt6_qml_QtQuick3D_Physics_designer["designer"]\n    node_venv_lib_python3_12_site-packages_PyQt6_Qt6_qml_QtQuick3D_Physics_designer --> node_venv_lib_python3_12_site-packages_PyQt6_Qt6_qml_QtQuick3D_Physics_designer_images["images"]\n    node_venv_lib_python3_12_site-packages_PyQt6_Qt6_qml_QtQuick3D_Physics_designer_images --> node_venv_lib_python3_12_site-packages_PyQt6_Qt6_qml_QtQuick3D_Physics_designer_images_planeshape16_png["planeshape16.png"]\n    Root --> node_venv["venv"]\n    node_venv --> node_venv_lib["lib"]\n    node_venv_lib --> node_venv_lib_python3_12["python3.12"]\n    node_venv_lib_python3_12 --> node_venv_lib_python3_12_site-packages["site-packages"]\n    node_venv_lib_python3_12_site-packages --> node_venv_lib_python3_12_site-packages_PyQt6["PyQt6"]\n    node_venv_lib_python3_12_site-packages_PyQt6 --> node_venv_lib_python3_12_site-packages_PyQt6_Qt6["Qt6"]\n    node_venv_lib_python3_12_site-packages_PyQt6_Qt6 --> node_venv_lib_python3_12_site-packages_PyQt6_Qt6_qml["qml"]\n    node_venv_lib_python3_12_site-packages_PyQt6_Qt6_qml --> node_venv_lib_python3_12_site-packages_PyQt6_Qt6_qml_QtQuick3D["QtQuick3D"]\n    node_venv_lib_python3_12_site-packages_PyQt6_Qt6_qml_QtQuick3D --> node_venv_lib_python3_12_site-packages_PyQt6_Qt6_qml_QtQuick3D_Physics["Physics"]\n    node_venv_lib_python3_12_site-packages_PyQt6_Qt6_qml_QtQuick3D_Physics --> node_venv_lib_python3_12_site-packages_PyQt6_Qt6_qml_QtQuick3D_Physics_designer["designer"]\n    node_venv_lib_python3_12_site-packages_PyQt6_Qt6_qml_QtQuick3D_Physics_designer --> node_venv_lib_python3_12_site-packages_PyQt6_Qt6_qml_QtQuick3D_Physics_designer_images["images"]\n    node_venv_lib_python3_12_site-packages_PyQt6_Qt6_qml_QtQuick3D_Physics_designer_images --> node_venv_lib_python3_12_site-packages_PyQt6_Qt6_qml_QtQuick3D_Physics_designer_images_planeshape@2x_png["planeshape@2x.png"]\n    Root --> node_venv["venv"]\n    node_venv --> node_venv_lib["lib"]\n    node_venv_lib --> node_venv_lib_python3_12["python3.12"]\n    node_venv_lib_python3_12 --> node_venv_lib_python3_12_site-packages["site-packages"]\n    node_venv_lib_python3_12_site-packages --> node_venv_lib_python3_12_site-packages_PyQt6["PyQt6"]\n    node_venv_lib_python3_12_site-packages_PyQt6 --> node_venv_lib_python3_12_site-packages_PyQt6_Qt6["Qt6"]\n    node_venv_lib_python3_12_site-packages_PyQt6_Qt6 --> node_venv_lib_python3_12_site-packages_PyQt6_Qt6_qml["qml"]\n    node_venv_lib_python3_12_site-packages_PyQt6_Qt6_qml --> node_venv_lib_python3_12_site-packages_PyQt6_Qt6_qml_QtQuick3D["QtQuick3D"]\n    node_venv_lib_python3_12_site-packages_PyQt6_Qt6_qml_QtQuick3D --> node_venv_lib_python3_12_site-packages_PyQt6_Qt6_qml_QtQuick3D_Physics["Physics"]\n    node_venv_lib_python3_12_site-packages_PyQt6_Qt6_qml_QtQuick3D_Physics --> node_venv_lib_python3_12_site-packages_PyQt6_Qt6_qml_QtQuick3D_Physics_designer["designer"]\n    node_venv_lib_python3_12_site-packages_PyQt6_Qt6_qml_QtQuick3D_Physics_designer --> node_venv_lib_python3_12_site-packages_PyQt6_Qt6_qml_QtQuick3D_Physics_designer_images["images"]\n    node_venv_lib_python3_12_site-packages_PyQt6_Qt6_qml_QtQuick3D_Physics_designer_images --> node_venv_lib_python3_12_site-packages_PyQt6_Qt6_qml_QtQuick3D_Physics_designer_images_sphereshape_png["sphereshape.png"]\n    Root --> node_venv["venv"]\n    node_venv --> node_venv_lib["lib"]\n    node_venv_lib --> node_venv_lib_python3_12["python3.12"]\n    node_venv_lib_python3_12 --> node_venv_lib_python3_12_site-packages["site-packages"]\n    node_venv_lib_python3_12_site-packages --> node_venv_lib_python3_12_site-packages_PyQt6["PyQt6"]\n    node_venv_lib_python3_12_site-packages_PyQt6 --> node_venv_lib_python3_12_site-packages_PyQt6_Qt6["Qt6"]\n    node_venv_lib_python3_12_site-packages_PyQt6_Qt6 --> node_venv_lib_python3_12_site-packages_PyQt6_Qt6_qml["qml"]\n    node_venv_lib_python3_12_site-packages_PyQt6_Qt6_qml --> node_venv_lib_python3_12_site-packages_PyQt6_Qt6_qml_QtQuick3D["QtQuick3D"]\n    node_venv_lib_python3_12_site-packages_PyQt6_Qt6_qml_QtQuick3D --> node_venv_lib_python3_12_site-packages_PyQt6_Qt6_qml_QtQuick3D_Physics["Physics"]\n    node_venv_lib_python3_12_site-packages_PyQt6_Qt6_qml_QtQuick3D_Physics --> node_venv_lib_python3_12_site-packages_PyQt6_Qt6_qml_QtQuick3D_Physics_designer["designer"]\n    node_venv_lib_python3_12_site-packages_PyQt6_Qt6_qml_QtQuick3D_Physics_designer --> node_venv_lib_python3_12_site-packages_PyQt6_Qt6_qml_QtQuick3D_Physics_designer_images["images"]\n    node_venv_lib_python3_12_site-packages_PyQt6_Qt6_qml_QtQuick3D_Physics_designer_images --> node_venv_lib_python3_12_site-packages_PyQt6_Qt6_qml_QtQuick3D_Physics_designer_images_sphereshape16_png["sphereshape16.png"]\n    Root --> node_venv["venv"]\n    node_venv --> node_venv_lib["lib"]\n    node_venv_lib --> node_venv_lib_python3_12["python3.12"]\n    node_venv_lib_python3_12 --> node_venv_lib_python3_12_site-packages["site-packages"]\n    node_venv_lib_python3_12_site-packages --> node_venv_lib_python3_12_site-packages_PyQt6["PyQt6"]\n    node_venv_lib_python3_12_site-packages_PyQt6 --> node_venv_lib_python3_12_site-packages_PyQt6_Qt6["Qt6"]\n    node_venv_lib_python3_12_site-packages_PyQt6_Qt6 --> node_venv_lib_python3_12_site-packages_PyQt6_Qt6_qml["qml"]\n    node_venv_lib_python3_12_site-packages_PyQt6_Qt6_qml --> node_venv_lib_python3_12_site-packages_PyQt6_Qt6_qml_QtQuick3D["QtQuick3D"]\n    node_venv_lib_python3_12_site-packages_PyQt6_Qt6_qml_QtQuick3D --> node_venv_lib_python3_12_site-packages_PyQt6_Qt6_qml_QtQuick3D_Physics["Physics"]\n    node_venv_lib_python3_12_site-packages_PyQt6_Qt6_qml_QtQuick3D_Physics --> node_venv_lib_python3_12_site-packages_PyQt6_Qt6_qml_QtQuick3D_Physics_designer["designer"]\n    node_venv_lib_python3_12_site-packages_PyQt6_Qt6_qml_QtQuick3D_Physics_designer --> node_venv_lib_python3_12_site-packages_PyQt6_Qt6_qml_QtQuick3D_Physics_designer_images["images"]\n    node_venv_lib_python3_12_site-packages_PyQt6_Qt6_qml_QtQuick3D_Physics_designer_images --> node_venv_lib_python3_12_site-packages_PyQt6_Qt6_qml_QtQuick3D_Physics_designer_images_sphereshape@2x_png["sphereshape@2x.png"]\n    Root --> node_venv["venv"]\n    node_venv --> node_venv_lib["lib"]\n    node_venv_lib --> node_venv_lib_python3_12["python3.12"]\n    node_venv_lib_python3_12 --> node_venv_lib_python3_12_site-packages["site-packages"]\n    node_venv_lib_python3_12_site-packages --> node_venv_lib_python3_12_site-packages_PyQt6["PyQt6"]\n    node_venv_lib_python3_12_site-packages_PyQt6 --> node_venv_lib_python3_12_site-packages_PyQt6_Qt6["Qt6"]\n    node_venv_lib_python3_12_site-packages_PyQt6_Qt6 --> node_venv_lib_python3_12_site-packages_PyQt6_Qt6_qml["qml"]\n    node_venv_lib_python3_12_site-packages_PyQt6_Qt6_qml --> node_venv_lib_python3_12_site-packages_PyQt6_Qt6_qml_QtQuick3D["QtQuick3D"]\n    node_venv_lib_python3_12_site-packages_PyQt6_Qt6_qml_QtQuick3D --> node_venv_lib_python3_12_site-packages_PyQt6_Qt6_qml_QtQuick3D_Physics["Physics"]\n    node_venv_lib_python3_12_site-packages_PyQt6_Qt6_qml_QtQuick3D_Physics --> node_venv_lib_python3_12_site-packages_PyQt6_Qt6_qml_QtQuick3D_Physics_designer["designer"]\n    node_venv_lib_python3_12_site-packages_PyQt6_Qt6_qml_QtQuick3D_Physics_designer --> node_venv_lib_python3_12_site-packages_PyQt6_Qt6_qml_QtQuick3D_Physics_designer_images["images"]\n    node_venv_lib_python3_12_site-packages_PyQt6_Qt6_qml_QtQuick3D_Physics_designer_images --> node_venv_lib_python3_12_site-packages_PyQt6_Qt6_qml_QtQuick3D_Physics_designer_images_staticrigidbody_png["staticrigidbody.png"]\n    Root --> node_venv["venv"]\n    node_venv --> node_venv_lib["lib"]\n    node_venv_lib --> node_venv_lib_python3_12["python3.12"]\n    node_venv_lib_python3_12 --> node_venv_lib_python3_12_site-packages["site-packages"]\n    node_venv_lib_python3_12_site-packages --> node_venv_lib_python3_12_site-packages_PyQt6["PyQt6"]\n    node_venv_lib_python3_12_site-packages_PyQt6 --> node_venv_lib_python3_12_site-packages_PyQt6_Qt6["Qt6"]\n    node_venv_lib_python3_12_site-packages_PyQt6_Qt6 --> node_venv_lib_python3_12_site-packages_PyQt6_Qt6_qml["qml"]\n    node_venv_lib_python3_12_site-packages_PyQt6_Qt6_qml --> node_venv_lib_python3_12_site-packages_PyQt6_Qt6_qml_QtQuick3D["QtQuick3D"]\n    node_venv_lib_python3_12_site-packages_PyQt6_Qt6_qml_QtQuick3D --> node_venv_lib_python3_12_site-packages_PyQt6_Qt6_qml_QtQuick3D_Physics["Physics"]\n    node_venv_lib_python3_12_site-packages_PyQt6_Qt6_qml_QtQuick3D_Physics --> node_venv_lib_python3_12_site-packages_PyQt6_Qt6_qml_QtQuick3D_Physics_designer["designer"]\n    node_venv_lib_python3_12_site-packages_PyQt6_Qt6_qml_QtQuick3D_Physics_designer --> node_venv_lib_python3_12_site-packages_PyQt6_Qt6_qml_QtQuick3D_Physics_designer_images["images"]\n    node_venv_lib_python3_12_site-packages_PyQt6_Qt6_qml_QtQuick3D_Physics_designer_images --> node_venv_lib_python3_12_site-packages_PyQt6_Qt6_qml_QtQuick3D_Physics_designer_images_staticrigidbody16_png["staticrigidbody16.png"]\n    Root --> node_venv["venv"]\n    node_venv --> node_venv_lib["lib"]\n    node_venv_lib --> node_venv_lib_python3_12["python3.12"]\n    node_venv_lib_python3_12 --> node_venv_lib_python3_12_site-packages["site-packages"]\n    node_venv_lib_python3_12_site-packages --> node_venv_lib_python3_12_site-packages_PyQt6["PyQt6"]\n    node_venv_lib_python3_12_site-packages_PyQt6 --> node_venv_lib_python3_12_site-packages_PyQt6_Qt6["Qt6"]\n    node_venv_lib_python3_12_site-packages_PyQt6_Qt6 --> node_venv_lib_python3_12_site-packages_PyQt6_Qt6_qml["qml"]\n    node_venv_lib_python3_12_site-packages_PyQt6_Qt6_qml --> node_venv_lib_python3_12_site-packages_PyQt6_Qt6_qml_QtQuick3D["QtQuick3D"]\n    node_venv_lib_python3_12_site-packages_PyQt6_Qt6_qml_QtQuick3D --> node_venv_lib_python3_12_site-packages_PyQt6_Qt6_qml_QtQuick3D_Physics["Physics"]\n    node_venv_lib_python3_12_site-packages_PyQt6_Qt6_qml_QtQuick3D_Physics --> node_venv_lib_python3_12_site-packages_PyQt6_Qt6_qml_QtQuick3D_Physics_designer["designer"]\n    node_venv_lib_python3_12_site-packages_PyQt6_Qt6_qml_QtQuick3D_Physics_designer --> node_venv_lib_python3_12_site-packages_PyQt6_Qt6_qml_QtQuick3D_Physics_designer_images["images"]\n    node_venv_lib_python3_12_site-packages_PyQt6_Qt6_qml_QtQuick3D_Physics_designer_images --> node_venv_lib_python3_12_site-packages_PyQt6_Qt6_qml_QtQuick3D_Physics_designer_images_staticrigidbody@2x_png["staticrigidbody@2x.png"]\n    Root --> node_venv["venv"]\n    node_venv --> node_venv_lib["lib"]\n    node_venv_lib --> node_venv_lib_python3_12["python3.12"]\n    node_venv_lib_python3_12 --> node_venv_lib_python3_12_site-packages["site-packages"]\n    node_venv_lib_python3_12_site-packages --> node_venv_lib_python3_12_site-packages_PyQt6["PyQt6"]\n    node_venv_lib_python3_12_site-packages_PyQt6 --> node_venv_lib_python3_12_site-packages_PyQt6_Qt6["Qt6"]\n    node_venv_lib_python3_12_site-packages_PyQt6_Qt6 --> node_venv_lib_python3_12_site-packages_PyQt6_Qt6_qml["qml"]\n    node_venv_lib_python3_12_site-packages_PyQt6_Qt6_qml --> node_venv_lib_python3_12_site-packages_PyQt6_Qt6_qml_QtQuick3D["QtQuick3D"]\n    node_venv_lib_python3_12_site-packages_PyQt6_Qt6_qml_QtQuick3D --> node_venv_lib_python3_12_site-packages_PyQt6_Qt6_qml_QtQuick3D_Physics["Physics"]\n    node_venv_lib_python3_12_site-packages_PyQt6_Qt6_qml_QtQuick3D_Physics --> node_venv_lib_python3_12_site-packages_PyQt6_Qt6_qml_QtQuick3D_Physics_designer["designer"]\n    node_venv_lib_python3_12_site-packages_PyQt6_Qt6_qml_QtQuick3D_Physics_designer --> node_venv_lib_python3_12_site-packages_PyQt6_Qt6_qml_QtQuick3D_Physics_designer_images["images"]\n    node_venv_lib_python3_12_site-packages_PyQt6_Qt6_qml_QtQuick3D_Physics_designer_images --> node_venv_lib_python3_12_site-packages_PyQt6_Qt6_qml_QtQuick3D_Physics_designer_images_trianglemeshshape_png["trianglemeshshape.png"]\n    Root --> node_venv["venv"]\n    node_venv --> node_venv_lib["lib"]\n    node_venv_lib --> node_venv_lib_python3_12["python3.12"]\n    node_venv_lib_python3_12 --> node_venv_lib_python3_12_site-packages["site-packages"]\n    node_venv_lib_python3_12_site-packages --> node_venv_lib_python3_12_site-packages_PyQt6["PyQt6"]\n    node_venv_lib_python3_12_site-packages_PyQt6 --> node_venv_lib_python3_12_site-packages_PyQt6_Qt6["Qt6"]\n    node_venv_lib_python3_12_site-packages_PyQt6_Qt6 --> node_venv_lib_python3_12_site-packages_PyQt6_Qt6_qml["qml"]\n    node_venv_lib_python3_12_site-packages_PyQt6_Qt6_qml --> node_venv_lib_python3_12_site-packages_PyQt6_Qt6_qml_QtQuick3D["QtQuick3D"]\n    node_venv_lib_python3_12_site-packages_PyQt6_Qt6_qml_QtQuick3D --> node_venv_lib_python3_12_site-packages_PyQt6_Qt6_qml_QtQuick3D_Physics["Physics"]\n    node_venv_lib_python3_12_site-packages_PyQt6_Qt6_qml_QtQuick3D_Physics --> node_venv_lib_python3_12_site-packages_PyQt6_Qt6_qml_QtQuick3D_Physics_designer["designer"]\n    node_venv_lib_python3_12_site-packages_PyQt6_Qt6_qml_QtQuick3D_Physics_designer --> node_venv_lib_python3_12_site-packages_PyQt6_Qt6_qml_QtQuick3D_Physics_designer_images["images"]\n    node_venv_lib_python3_12_site-packages_PyQt6_Qt6_qml_QtQuick3D_Physics_designer_images --> node_venv_lib_python3_12_site-packages_PyQt6_Qt6_qml_QtQuick3D_Physics_designer_images_trianglemeshshape16_png["trianglemeshshape16.png"]\n    Root --> node_venv["venv"]\n    node_venv --> node_venv_lib["lib"]\n    node_venv_lib --> node_venv_lib_python3_12["python3.12"]\n    node_venv_lib_python3_12 --> node_venv_lib_python3_12_site-packages["site-packages"]\n    node_venv_lib_python3_12_site-packages --> node_venv_lib_python3_12_site-packages_PyQt6["PyQt6"]\n    node_venv_lib_python3_12_site-packages_PyQt6 --> node_venv_lib_python3_12_site-packages_PyQt6_Qt6["Qt6"]\n    node_venv_lib_python3_12_site-packages_PyQt6_Qt6 --> node_venv_lib_python3_12_site-packages_PyQt6_Qt6_qml["qml"]\n    node_venv_lib_python3_12_site-packages_PyQt6_Qt6_qml --> node_venv_lib_python3_12_site-packages_PyQt6_Qt6_qml_QtQuick3D["QtQuick3D"]\n    node_venv_lib_python3_12_site-packages_PyQt6_Qt6_qml_QtQuick3D --> node_venv_lib_python3_12_site-packages_PyQt6_Qt6_qml_QtQuick3D_Physics["Physics"]\n    node_venv_lib_python3_12_site-packages_PyQt6_Qt6_qml_QtQuick3D_Physics --> node_venv_lib_python3_12_site-packages_PyQt6_Qt6_qml_QtQuick3D_Physics_designer["designer"]\n    node_venv_lib_python3_12_site-packages_PyQt6_Qt6_qml_QtQuick3D_Physics_designer --> node_venv_lib_python3_12_site-packages_PyQt6_Qt6_qml_QtQuick3D_Physics_designer_images["images"]\n    node_venv_lib_python3_12_site-packages_PyQt6_Qt6_qml_QtQuick3D_Physics_designer_images --> node_venv_lib_python3_12_site-packages_PyQt6_Qt6_qml_QtQuick3D_Physics_designer_images_trianglemeshshape@2x_png["trianglemeshshape@2x.png"]\n    Root --> node_venv["venv"]\n    node_venv --> node_venv_lib["lib"]\n    node_venv_lib --> node_venv_lib_python3_12["python3.12"]\n    node_venv_lib_python3_12 --> node_venv_lib_python3_12_site-packages["site-packages"]\n    node_venv_lib_python3_12_site-packages --> node_venv_lib_python3_12_site-packages_PyQt6["PyQt6"]\n    node_venv_lib_python3_12_site-packages_PyQt6 --> node_venv_lib_python3_12_site-packages_PyQt6_Qt6["Qt6"]\n    node_venv_lib_python3_12_site-packages_PyQt6_Qt6 --> node_venv_lib_python3_12_site-packages_PyQt6_Qt6_qml["qml"]\n    node_venv_lib_python3_12_site-packages_PyQt6_Qt6_qml --> node_venv_lib_python3_12_site-packages_PyQt6_Qt6_qml_QtQuick3D["QtQuick3D"]\n    node_venv_lib_python3_12_site-packages_PyQt6_Qt6_qml_QtQuick3D --> node_venv_lib_python3_12_site-packages_PyQt6_Qt6_qml_QtQuick3D_Physics["Physics"]\n    node_venv_lib_python3_12_site-packages_PyQt6_Qt6_qml_QtQuick3D_Physics --> node_venv_lib_python3_12_site-packages_PyQt6_Qt6_qml_QtQuick3D_Physics_designer["designer"]\n    node_venv_lib_python3_12_site-packages_PyQt6_Qt6_qml_QtQuick3D_Physics_designer --> node_venv_lib_python3_12_site-packages_PyQt6_Qt6_qml_QtQuick3D_Physics_designer_images["images"]\n    node_venv_lib_python3_12_site-packages_PyQt6_Qt6_qml_QtQuick3D_Physics_designer_images --> node_venv_lib_python3_12_site-packages_PyQt6_Qt6_qml_QtQuick3D_Physics_designer_images_triggerbody_png["triggerbody.png"]\n    Root --> node_venv["venv"]\n    node_venv --> node_venv_lib["lib"]\n    node_venv_lib --> node_venv_lib_python3_12["python3.12"]\n    node_venv_lib_python3_12 --> node_venv_lib_python3_12_site-packages["site-packages"]\n    node_venv_lib_python3_12_site-packages --> node_venv_lib_python3_12_site-packages_PyQt6["PyQt6"]\n    node_venv_lib_python3_12_site-packages_PyQt6 --> node_venv_lib_python3_12_site-packages_PyQt6_Qt6["Qt6"]\n    node_venv_lib_python3_12_site-packages_PyQt6_Qt6 --> node_venv_lib_python3_12_site-packages_PyQt6_Qt6_qml["qml"]\n    node_venv_lib_python3_12_site-packages_PyQt6_Qt6_qml --> node_venv_lib_python3_12_site-packages_PyQt6_Qt6_qml_QtQuick3D["QtQuick3D"]\n    node_venv_lib_python3_12_site-packages_PyQt6_Qt6_qml_QtQuick3D --> node_venv_lib_python3_12_site-packages_PyQt6_Qt6_qml_QtQuick3D_Physics["Physics"]\n    node_venv_lib_python3_12_site-packages_PyQt6_Qt6_qml_QtQuick3D_Physics --> node_venv_lib_python3_12_site-packages_PyQt6_Qt6_qml_QtQuick3D_Physics_designer["designer"]\n    node_venv_lib_python3_12_site-packages_PyQt6_Qt6_qml_QtQuick3D_Physics_designer --> node_venv_lib_python3_12_site-packages_PyQt6_Qt6_qml_QtQuick3D_Physics_designer_images["images"]\n    node_venv_lib_python3_12_site-packages_PyQt6_Qt6_qml_QtQuick3D_Physics_designer_images --> node_venv_lib_python3_12_site-packages_PyQt6_Qt6_qml_QtQuick3D_Physics_designer_images_triggerbody16_png["triggerbody16.png"]\n    Root --> node_venv["venv"]\n    node_venv --> node_venv_lib["lib"]\n    node_venv_lib --> node_venv_lib_python3_12["python3.12"]\n    node_venv_lib_python3_12 --> node_venv_lib_python3_12_site-packages["site-packages"]\n    node_venv_lib_python3_12_site-packages --> node_venv_lib_python3_12_site-packages_PyQt6["PyQt6"]\n    node_venv_lib_python3_12_site-packages_PyQt6 --> node_venv_lib_python3_12_site-packages_PyQt6_Qt6["Qt6"]\n    node_venv_lib_python3_12_site-packages_PyQt6_Qt6 --> node_venv_lib_python3_12_site-packages_PyQt6_Qt6_qml["qml"]\n    node_venv_lib_python3_12_site-packages_PyQt6_Qt6_qml --> node_venv_lib_python3_12_site-packages_PyQt6_Qt6_qml_QtQuick3D["QtQuick3D"]\n    node_venv_lib_python3_12_site-packages_PyQt6_Qt6_qml_QtQuick3D --> node_venv_lib_python3_12_site-packages_PyQt6_Qt6_qml_QtQuick3D_Physics["Physics"]\n    node_venv_lib_python3_12_site-packages_PyQt6_Qt6_qml_QtQuick3D_Physics --> node_venv_lib_python3_12_site-packages_PyQt6_Qt6_qml_QtQuick3D_Physics_designer["designer"]\n    node_venv_lib_python3_12_site-packages_PyQt6_Qt6_qml_QtQuick3D_Physics_designer --> node_venv_lib_python3_12_site-packages_PyQt6_Qt6_qml_QtQuick3D_Physics_designer_images["images"]\n    node_venv_lib_python3_12_site-packages_PyQt6_Qt6_qml_QtQuick3D_Physics_designer_images --> node_venv_lib_python3_12_site-packages_PyQt6_Qt6_qml_QtQuick3D_Physics_designer_images_triggerbody@2x_png["triggerbody@2x.png"]\n    Root --> node_venv["venv"]\n    node_venv --> node_venv_lib["lib"]\n    node_venv_lib --> node_venv_lib_python3_12["python3.12"]\n    node_venv_lib_python3_12 --> node_venv_lib_python3_12_site-packages["site-packages"]\n    node_venv_lib_python3_12_site-packages --> node_venv_lib_python3_12_site-packages_PyQt6["PyQt6"]\n    node_venv_lib_python3_12_site-packages_PyQt6 --> node_venv_lib_python3_12_site-packages_PyQt6_Qt6["Qt6"]\n    node_venv_lib_python3_12_site-packages_PyQt6_Qt6 --> node_venv_lib_python3_12_site-packages_PyQt6_Qt6_qml["qml"]\n    node_venv_lib_python3_12_site-packages_PyQt6_Qt6_qml --> node_venv_lib_python3_12_site-packages_PyQt6_Qt6_qml_QtQuick3D["QtQuick3D"]\n    node_venv_lib_python3_12_site-packages_PyQt6_Qt6_qml_QtQuick3D --> node_venv_lib_python3_12_site-packages_PyQt6_Qt6_qml_QtQuick3D_Physics["Physics"]\n    node_venv_lib_python3_12_site-packages_PyQt6_Qt6_qml_QtQuick3D_Physics --> node_venv_lib_python3_12_site-packages_PyQt6_Qt6_qml_QtQuick3D_Physics_Helpers["Helpers"]\n    node_venv_lib_python3_12_site-packages_PyQt6_Qt6_qml_QtQuick3D_Physics_Helpers --> node_venv_lib_python3_12_site-packages_PyQt6_Qt6_qml_QtQuick3D_Physics_Helpers_libqtquick3dphysicshelpersplugin_dylib["libqtquick3dphysicshelpersplugin.dylib"]\n    Root --> node_venv["venv"]\n    node_venv --> node_venv_lib["lib"]\n    node_venv_lib --> node_venv_lib_python3_12["python3.12"]\n    node_venv_lib_python3_12 --> node_venv_lib_python3_12_site-packages["site-packages"]\n    node_venv_lib_python3_12_site-packages --> node_venv_lib_python3_12_site-packages_PyQt6["PyQt6"]\n    node_venv_lib_python3_12_site-packages_PyQt6 --> node_venv_lib_python3_12_site-packages_PyQt6_Qt6["Qt6"]\n    node_venv_lib_python3_12_site-packages_PyQt6_Qt6 --> node_venv_lib_python3_12_site-packages_PyQt6_Qt6_qml["qml"]\n    node_venv_lib_python3_12_site-packages_PyQt6_Qt6_qml --> node_venv_lib_python3_12_site-packages_PyQt6_Qt6_qml_QtQuick3D["QtQuick3D"]\n    node_venv_lib_python3_12_site-packages_PyQt6_Qt6_qml_QtQuick3D --> node_venv_lib_python3_12_site-packages_PyQt6_Qt6_qml_QtQuick3D_Physics["Physics"]\n    node_venv_lib_python3_12_site-packages_PyQt6_Qt6_qml_QtQuick3D_Physics --> node_venv_lib_python3_12_site-packages_PyQt6_Qt6_qml_QtQuick3D_Physics_Helpers["Helpers"]\n    node_venv_lib_python3_12_site-packages_PyQt6_Qt6_qml_QtQuick3D_Physics_Helpers --> node_venv_lib_python3_12_site-packages_PyQt6_Qt6_qml_QtQuick3D_Physics_Helpers_plugins_qmltypes["plugins.qmltypes"]\n    Root --> node_venv["venv"]\n    node_venv --> node_venv_lib["lib"]\n    node_venv_lib --> node_venv_lib_python3_12["python3.12"]\n    node_venv_lib_python3_12 --> node_venv_lib_python3_12_site-packages["site-packages"]\n    node_venv_lib_python3_12_site-packages --> node_venv_lib_python3_12_site-packages_PyQt6["PyQt6"]\n    node_venv_lib_python3_12_site-packages_PyQt6 --> node_venv_lib_python3_12_site-packages_PyQt6_Qt6["Qt6"]\n    node_venv_lib_python3_12_site-packages_PyQt6_Qt6 --> node_venv_lib_python3_12_site-packages_PyQt6_Qt6_qml["qml"]\n    node_venv_lib_python3_12_site-packages_PyQt6_Qt6_qml --> node_venv_lib_python3_12_site-packages_PyQt6_Qt6_qml_QtQuick3D["QtQuick3D"]\n    node_venv_lib_python3_12_site-packages_PyQt6_Qt6_qml_QtQuick3D --> node_venv_lib_python3_12_site-packages_PyQt6_Qt6_qml_QtQuick3D_Physics["Physics"]\n    node_venv_lib_python3_12_site-packages_PyQt6_Qt6_qml_QtQuick3D_Physics --> node_venv_lib_python3_12_site-packages_PyQt6_Qt6_qml_QtQuick3D_Physics_Helpers["Helpers"]\n    node_venv_lib_python3_12_site-packages_PyQt6_Qt6_qml_QtQuick3D_Physics_Helpers --> node_venv_lib_python3_12_site-packages_PyQt6_Qt6_qml_QtQuick3D_Physics_Helpers_qmldir["qmldir"]\n    Root --> node_venv["venv"]\n    node_venv --> node_venv_lib["lib"]\n    node_venv_lib --> node_venv_lib_python3_12["python3.12"]\n    node_venv_lib_python3_12 --> node_venv_lib_python3_12_site-packages["site-packages"]\n    node_venv_lib_python3_12_site-packages --> node_venv_lib_python3_12_site-packages_PyQt6["PyQt6"]\n    node_venv_lib_python3_12_site-packages_PyQt6 --> node_venv_lib_python3_12_site-packages_PyQt6_Qt6["Qt6"]\n    node_venv_lib_python3_12_site-packages_PyQt6_Qt6 --> node_venv_lib_python3_12_site-packages_PyQt6_Qt6_qml["qml"]\n    node_venv_lib_python3_12_site-packages_PyQt6_Qt6_qml --> node_venv_lib_python3_12_site-packages_PyQt6_Qt6_qml_QtQuick3D["QtQuick3D"]\n    node_venv_lib_python3_12_site-packages_PyQt6_Qt6_qml_QtQuick3D --> node_venv_lib_python3_12_site-packages_PyQt6_Qt6_qml_QtQuick3D_Effects["Effects"]\n    node_venv_lib_python3_12_site-packages_PyQt6_Qt6_qml_QtQuick3D_Effects --> node_venv_lib_python3_12_site-packages_PyQt6_Qt6_qml_QtQuick3D_Effects_AdditiveColorGradient_qml["AdditiveColorGradient.qml"]\n    Root --> node_venv["venv"]\n    node_venv --> node_venv_lib["lib"]\n    node_venv_lib --> node_venv_lib_python3_12["python3.12"]\n    node_venv_lib_python3_12 --> node_venv_lib_python3_12_site-packages["site-packages"]\n    node_venv_lib_python3_12_site-packages --> node_venv_lib_python3_12_site-packages_PyQt6["PyQt6"]\n    node_venv_lib_python3_12_site-packages_PyQt6 --> node_venv_lib_python3_12_site-packages_PyQt6_Qt6["Qt6"]\n    node_venv_lib_python3_12_site-packages_PyQt6_Qt6 --> node_venv_lib_python3_12_site-packages_PyQt6_Qt6_qml["qml"]\n    node_venv_lib_python3_12_site-packages_PyQt6_Qt6_qml --> node_venv_lib_python3_12_site-packages_PyQt6_Qt6_qml_QtQuick3D["QtQuick3D"]\n    node_venv_lib_python3_12_site-packages_PyQt6_Qt6_qml_QtQuick3D --> node_venv_lib_python3_12_site-packages_PyQt6_Qt6_qml_QtQuick3D_Effects["Effects"]\n    node_venv_lib_python3_12_site-packages_PyQt6_Qt6_qml_QtQuick3D_Effects --> node_venv_lib_python3_12_site-packages_PyQt6_Qt6_qml_QtQuick3D_Effects_Blur_qml["Blur.qml"]\n    Root --> node_venv["venv"]\n    node_venv --> node_venv_lib["lib"]\n    node_venv_lib --> node_venv_lib_python3_12["python3.12"]\n    node_venv_lib_python3_12 --> node_venv_lib_python3_12_site-packages["site-packages"]\n    node_venv_lib_python3_12_site-packages --> node_venv_lib_python3_12_site-packages_PyQt6["PyQt6"]\n    node_venv_lib_python3_12_site-packages_PyQt6 --> node_venv_lib_python3_12_site-packages_PyQt6_Qt6["Qt6"]\n    node_venv_lib_python3_12_site-packages_PyQt6_Qt6 --> node_venv_lib_python3_12_site-packages_PyQt6_Qt6_qml["qml"]\n    node_venv_lib_python3_12_site-packages_PyQt6_Qt6_qml --> node_venv_lib_python3_12_site-packages_PyQt6_Qt6_qml_QtQuick3D["QtQuick3D"]\n    node_venv_lib_python3_12_site-packages_PyQt6_Qt6_qml_QtQuick3D --> node_venv_lib_python3_12_site-packages_PyQt6_Qt6_qml_QtQuick3D_Effects["Effects"]\n    node_venv_lib_python3_12_site-packages_PyQt6_Qt6_qml_QtQuick3D_Effects --> node_venv_lib_python3_12_site-packages_PyQt6_Qt6_qml_QtQuick3D_Effects_BrushStrokes_qml["BrushStrokes.qml"]\n    Root --> node_venv["venv"]\n    node_venv --> node_venv_lib["lib"]\n    node_venv_lib --> node_venv_lib_python3_12["python3.12"]\n    node_venv_lib_python3_12 --> node_venv_lib_python3_12_site-packages["site-packages"]\n    node_venv_lib_python3_12_site-packages --> node_venv_lib_python3_12_site-packages_PyQt6["PyQt6"]\n    node_venv_lib_python3_12_site-packages_PyQt6 --> node_venv_lib_python3_12_site-packages_PyQt6_Qt6["Qt6"]\n    node_venv_lib_python3_12_site-packages_PyQt6_Qt6 --> node_venv_lib_python3_12_site-packages_PyQt6_Qt6_qml["qml"]\n    node_venv_lib_python3_12_site-packages_PyQt6_Qt6_qml --> node_venv_lib_python3_12_site-packages_PyQt6_Qt6_qml_QtQuick3D["QtQuick3D"]\n    node_venv_lib_python3_12_site-packages_PyQt6_Qt6_qml_QtQuick3D --> node_venv_lib_python3_12_site-packages_PyQt6_Qt6_qml_QtQuick3D_Effects["Effects"]\n    node_venv_lib_python3_12_site-packages_PyQt6_Qt6_qml_QtQuick3D_Effects --> node_venv_lib_python3_12_site-packages_PyQt6_Qt6_qml_QtQuick3D_Effects_ChromaticAberration_qml["ChromaticAberration.qml"]\n    Root --> node_venv["venv"]\n    node_venv --> node_venv_lib["lib"]\n    node_venv_lib --> node_venv_lib_python3_12["python3.12"]\n    node_venv_lib_python3_12 --> node_venv_lib_python3_12_site-packages["site-packages"]\n    node_venv_lib_python3_12_site-packages --> node_venv_lib_python3_12_site-packages_PyQt6["PyQt6"]\n    node_venv_lib_python3_12_site-packages_PyQt6 --> node_venv_lib_python3_12_site-packages_PyQt6_Qt6["Qt6"]\n    node_venv_lib_python3_12_site-packages_PyQt6_Qt6 --> node_venv_lib_python3_12_site-packages_PyQt6_Qt6_qml["qml"]\n    node_venv_lib_python3_12_site-packages_PyQt6_Qt6_qml --> node_venv_lib_python3_12_site-packages_PyQt6_Qt6_qml_QtQuick3D["QtQuick3D"]\n    node_venv_lib_python3_12_site-packages_PyQt6_Qt6_qml_QtQuick3D --> node_venv_lib_python3_12_site-packages_PyQt6_Qt6_qml_QtQuick3D_Effects["Effects"]\n    node_venv_lib_python3_12_site-packages_PyQt6_Qt6_qml_QtQuick3D_Effects --> node_venv_lib_python3_12_site-packages_PyQt6_Qt6_qml_QtQuick3D_Effects_ColorMaster_qml["ColorMaster.qml"]\n    Root --> node_venv["venv"]\n    node_venv --> node_venv_lib["lib"]\n    node_venv_lib --> node_venv_lib_python3_12["python3.12"]\n    node_venv_lib_python3_12 --> node_venv_lib_python3_12_site-packages["site-packages"]\n    node_venv_lib_python3_12_site-packages --> node_venv_lib_python3_12_site-packages_PyQt6["PyQt6"]\n    node_venv_lib_python3_12_site-packages_PyQt6 --> node_venv_lib_python3_12_site-packages_PyQt6_Qt6["Qt6"]\n    node_venv_lib_python3_12_site-packages_PyQt6_Qt6 --> node_venv_lib_python3_12_site-packages_PyQt6_Qt6_qml["qml"]\n    node_venv_lib_python3_12_site-packages_PyQt6_Qt6_qml --> node_venv_lib_python3_12_site-packages_PyQt6_Qt6_qml_QtQuick3D["QtQuick3D"]\n    node_venv_lib_python3_12_site-packages_PyQt6_Qt6_qml_QtQuick3D --> node_venv_lib_python3_12_site-packages_PyQt6_Qt6_qml_QtQuick3D_Effects["Effects"]\n    node_venv_lib_python3_12_site-packages_PyQt6_Qt6_qml_QtQuick3D_Effects --> node_venv_lib_python3_12_site-packages_PyQt6_Qt6_qml_QtQuick3D_Effects_DepthOfFieldHQBlur_qml["DepthOfFieldHQBlur.qml"]\n    Root --> node_venv["venv"]\n    node_venv --> node_venv_lib["lib"]\n    node_venv_lib --> node_venv_lib_python3_12["python3.12"]\n    node_venv_lib_python3_12 --> node_venv_lib_python3_12_site-packages["site-packages"]\n    node_venv_lib_python3_12_site-packages --> node_venv_lib_python3_12_site-packages_PyQt6["PyQt6"]\n    node_venv_lib_python3_12_site-packages_PyQt6 --> node_venv_lib_python3_12_site-packages_PyQt6_Qt6["Qt6"]\n    node_venv_lib_python3_12_site-packages_PyQt6_Qt6 --> node_venv_lib_python3_12_site-packages_PyQt6_Qt6_qml["qml"]\n    node_venv_lib_python3_12_site-packages_PyQt6_Qt6_qml --> node_venv_lib_python3_12_site-packages_PyQt6_Qt6_qml_QtQuick3D["QtQuick3D"]\n    node_venv_lib_python3_12_site-packages_PyQt6_Qt6_qml_QtQuick3D --> node_venv_lib_python3_12_site-packages_PyQt6_Qt6_qml_QtQuick3D_Effects["Effects"]\n    node_venv_lib_python3_12_site-packages_PyQt6_Qt6_qml_QtQuick3D_Effects --> node_venv_lib_python3_12_site-packages_PyQt6_Qt6_qml_QtQuick3D_Effects_Desaturate_qml["Desaturate.qml"]\n    Root --> node_venv["venv"]\n    node_venv --> node_venv_lib["lib"]\n    node_venv_lib --> node_venv_lib_python3_12["python3.12"]\n    node_venv_lib_python3_12 --> node_venv_lib_python3_12_site-packages["site-packages"]\n    node_venv_lib_python3_12_site-packages --> node_venv_lib_python3_12_site-packages_PyQt6["PyQt6"]\n    node_venv_lib_python3_12_site-packages_PyQt6 --> node_venv_lib_python3_12_site-packages_PyQt6_Qt6["Qt6"]\n    node_venv_lib_python3_12_site-packages_PyQt6_Qt6 --> node_venv_lib_python3_12_site-packages_PyQt6_Qt6_qml["qml"]\n    node_venv_lib_python3_12_site-packages_PyQt6_Qt6_qml --> node_venv_lib_python3_12_site-packages_PyQt6_Qt6_qml_QtQuick3D["QtQuick3D"]\n    node_venv_lib_python3_12_site-packages_PyQt6_Qt6_qml_QtQuick3D --> node_venv_lib_python3_12_site-packages_PyQt6_Qt6_qml_QtQuick3D_Effects["Effects"]\n    node_venv_lib_python3_12_site-packages_PyQt6_Qt6_qml_QtQuick3D_Effects --> node_venv_lib_python3_12_site-packages_PyQt6_Qt6_qml_QtQuick3D_Effects_DistortionRipple_qml["DistortionRipple.qml"]\n    Root --> node_venv["venv"]\n    node_venv --> node_venv_lib["lib"]\n    node_venv_lib --> node_venv_lib_python3_12["python3.12"]\n    node_venv_lib_python3_12 --> node_venv_lib_python3_12_site-packages["site-packages"]\n    node_venv_lib_python3_12_site-packages --> node_venv_lib_python3_12_site-packages_PyQt6["PyQt6"]\n    node_venv_lib_python3_12_site-packages_PyQt6 --> node_venv_lib_python3_12_site-packages_PyQt6_Qt6["Qt6"]\n    node_venv_lib_python3_12_site-packages_PyQt6_Qt6 --> node_venv_lib_python3_12_site-packages_PyQt6_Qt6_qml["qml"]\n    node_venv_lib_python3_12_site-packages_PyQt6_Qt6_qml --> node_venv_lib_python3_12_site-packages_PyQt6_Qt6_qml_QtQuick3D["QtQuick3D"]\n    node_venv_lib_python3_12_site-packages_PyQt6_Qt6_qml_QtQuick3D --> node_venv_lib_python3_12_site-packages_PyQt6_Qt6_qml_QtQuick3D_Effects["Effects"]\n    node_venv_lib_python3_12_site-packages_PyQt6_Qt6_qml_QtQuick3D_Effects --> node_venv_lib_python3_12_site-packages_PyQt6_Qt6_qml_QtQuick3D_Effects_DistortionSphere_qml["DistortionSphere.qml"]\n    Root --> node_venv["venv"]\n    node_venv --> node_venv_lib["lib"]\n    node_venv_lib --> node_venv_lib_python3_12["python3.12"]\n    node_venv_lib_python3_12 --> node_venv_lib_python3_12_site-packages["site-packages"]\n    node_venv_lib_python3_12_site-packages --> node_venv_lib_python3_12_site-packages_PyQt6["PyQt6"]\n    node_venv_lib_python3_12_site-packages_PyQt6 --> node_venv_lib_python3_12_site-packages_PyQt6_Qt6["Qt6"]\n    node_venv_lib_python3_12_site-packages_PyQt6_Qt6 --> node_venv_lib_python3_12_site-packages_PyQt6_Qt6_qml["qml"]\n    node_venv_lib_python3_12_site-packages_PyQt6_Qt6_qml --> node_venv_lib_python3_12_site-packages_PyQt6_Qt6_qml_QtQuick3D["QtQuick3D"]\n    node_venv_lib_python3_12_site-packages_PyQt6_Qt6_qml_QtQuick3D --> node_venv_lib_python3_12_site-packages_PyQt6_Qt6_qml_QtQuick3D_Effects["Effects"]\n    node_venv_lib_python3_12_site-packages_PyQt6_Qt6_qml_QtQuick3D_Effects --> node_venv_lib_python3_12_site-packages_PyQt6_Qt6_qml_QtQuick3D_Effects_DistortionSpiral_qml["DistortionSpiral.qml"]\n    Root --> node_venv["venv"]\n    node_venv --> node_venv_lib["lib"]\n    node_venv_lib --> node_venv_lib_python3_12["python3.12"]\n    node_venv_lib_python3_12 --> node_venv_lib_python3_12_site-packages["site-packages"]\n    node_venv_lib_python3_12_site-packages --> node_venv_lib_python3_12_site-packages_PyQt6["PyQt6"]\n    node_venv_lib_python3_12_site-packages_PyQt6 --> node_venv_lib_python3_12_site-packages_PyQt6_Qt6["Qt6"]\n    node_venv_lib_python3_12_site-packages_PyQt6_Qt6 --> node_venv_lib_python3_12_site-packages_PyQt6_Qt6_qml["qml"]\n    node_venv_lib_python3_12_site-packages_PyQt6_Qt6_qml --> node_venv_lib_python3_12_site-packages_PyQt6_Qt6_qml_QtQuick3D["QtQuick3D"]\n    node_venv_lib_python3_12_site-packages_PyQt6_Qt6_qml_QtQuick3D --> node_venv_lib_python3_12_site-packages_PyQt6_Qt6_qml_QtQuick3D_Effects["Effects"]\n    node_venv_lib_python3_12_site-packages_PyQt6_Qt6_qml_QtQuick3D_Effects --> node_venv_lib_python3_12_site-packages_PyQt6_Qt6_qml_QtQuick3D_Effects_EdgeDetect_qml["EdgeDetect.qml"]\n    Root --> node_venv["venv"]\n    node_venv --> node_venv_lib["lib"]\n    node_venv_lib --> node_venv_lib_python3_12["python3.12"]\n    node_venv_lib_python3_12 --> node_venv_lib_python3_12_site-packages["site-packages"]\n    node_venv_lib_python3_12_site-packages --> node_venv_lib_python3_12_site-packages_PyQt6["PyQt6"]\n    node_venv_lib_python3_12_site-packages_PyQt6 --> node_venv_lib_python3_12_site-packages_PyQt6_Qt6["Qt6"]\n    node_venv_lib_python3_12_site-packages_PyQt6_Qt6 --> node_venv_lib_python3_12_site-packages_PyQt6_Qt6_qml["qml"]\n    node_venv_lib_python3_12_site-packages_PyQt6_Qt6_qml --> node_venv_lib_python3_12_site-packages_PyQt6_Qt6_qml_QtQuick3D["QtQuick3D"]\n    node_venv_lib_python3_12_site-packages_PyQt6_Qt6_qml_QtQuick3D --> node_venv_lib_python3_12_site-packages_PyQt6_Qt6_qml_QtQuick3D_Effects["Effects"]\n    node_venv_lib_python3_12_site-packages_PyQt6_Qt6_qml_QtQuick3D_Effects --> node_venv_lib_python3_12_site-packages_PyQt6_Qt6_qml_QtQuick3D_Effects_Emboss_qml["Emboss.qml"]\n    Root --> node_venv["venv"]\n    node_venv --> node_venv_lib["lib"]\n    node_venv_lib --> node_venv_lib_python3_12["python3.12"]\n    node_venv_lib_python3_12 --> node_venv_lib_python3_12_site-packages["site-packages"]\n    node_venv_lib_python3_12_site-packages --> node_venv_lib_python3_12_site-packages_PyQt6["PyQt6"]\n    node_venv_lib_python3_12_site-packages_PyQt6 --> node_venv_lib_python3_12_site-packages_PyQt6_Qt6["Qt6"]\n    node_venv_lib_python3_12_site-packages_PyQt6_Qt6 --> node_venv_lib_python3_12_site-packages_PyQt6_Qt6_qml["qml"]\n    node_venv_lib_python3_12_site-packages_PyQt6_Qt6_qml --> node_venv_lib_python3_12_site-packages_PyQt6_Qt6_qml_QtQuick3D["QtQuick3D"]\n    node_venv_lib_python3_12_site-packages_PyQt6_Qt6_qml_QtQuick3D --> node_venv_lib_python3_12_site-packages_PyQt6_Qt6_qml_QtQuick3D_Effects["Effects"]\n    node_venv_lib_python3_12_site-packages_PyQt6_Qt6_qml_QtQuick3D_Effects --> node_venv_lib_python3_12_site-packages_PyQt6_Qt6_qml_QtQuick3D_Effects_Flip_qml["Flip.qml"]\n    Root --> node_venv["venv"]\n    node_venv --> node_venv_lib["lib"]\n    node_venv_lib --> node_venv_lib_python3_12["python3.12"]\n    node_venv_lib_python3_12 --> node_venv_lib_python3_12_site-packages["site-packages"]\n    node_venv_lib_python3_12_site-packages --> node_venv_lib_python3_12_site-packages_PyQt6["PyQt6"]\n    node_venv_lib_python3_12_site-packages_PyQt6 --> node_venv_lib_python3_12_site-packages_PyQt6_Qt6["Qt6"]\n    node_venv_lib_python3_12_site-packages_PyQt6_Qt6 --> node_venv_lib_python3_12_site-packages_PyQt6_Qt6_qml["qml"]\n    node_venv_lib_python3_12_site-packages_PyQt6_Qt6_qml --> node_venv_lib_python3_12_site-packages_PyQt6_Qt6_qml_QtQuick3D["QtQuick3D"]\n    node_venv_lib_python3_12_site-packages_PyQt6_Qt6_qml_QtQuick3D --> node_venv_lib_python3_12_site-packages_PyQt6_Qt6_qml_QtQuick3D_Effects["Effects"]\n    node_venv_lib_python3_12_site-packages_PyQt6_Qt6_qml_QtQuick3D_Effects --> node_venv_lib_python3_12_site-packages_PyQt6_Qt6_qml_QtQuick3D_Effects_Fxaa_qml["Fxaa.qml"]\n    Root --> node_venv["venv"]\n    node_venv --> node_venv_lib["lib"]\n    node_venv_lib --> node_venv_lib_python3_12["python3.12"]\n    node_venv_lib_python3_12 --> node_venv_lib_python3_12_site-packages["site-packages"]\n    node_venv_lib_python3_12_site-packages --> node_venv_lib_python3_12_site-packages_PyQt6["PyQt6"]\n    node_venv_lib_python3_12_site-packages_PyQt6 --> node_venv_lib_python3_12_site-packages_PyQt6_Qt6["Qt6"]\n    node_venv_lib_python3_12_site-packages_PyQt6_Qt6 --> node_venv_lib_python3_12_site-packages_PyQt6_Qt6_qml["qml"]\n    node_venv_lib_python3_12_site-packages_PyQt6_Qt6_qml --> node_venv_lib_python3_12_site-packages_PyQt6_Qt6_qml_QtQuick3D["QtQuick3D"]\n    node_venv_lib_python3_12_site-packages_PyQt6_Qt6_qml_QtQuick3D --> node_venv_lib_python3_12_site-packages_PyQt6_Qt6_qml_QtQuick3D_Effects["Effects"]\n    node_venv_lib_python3_12_site-packages_PyQt6_Qt6_qml_QtQuick3D_Effects --> node_venv_lib_python3_12_site-packages_PyQt6_Qt6_qml_QtQuick3D_Effects_GaussianBlur_qml["GaussianBlur.qml"]\n    Root --> node_venv["venv"]\n    node_venv --> node_venv_lib["lib"]\n    node_venv_lib --> node_venv_lib_python3_12["python3.12"]\n    node_venv_lib_python3_12 --> node_venv_lib_python3_12_site-packages["site-packages"]\n    node_venv_lib_python3_12_site-packages --> node_venv_lib_python3_12_site-packages_PyQt6["PyQt6"]\n    node_venv_lib_python3_12_site-packages_PyQt6 --> node_venv_lib_python3_12_site-packages_PyQt6_Qt6["Qt6"]\n    node_venv_lib_python3_12_site-packages_PyQt6_Qt6 --> node_venv_lib_python3_12_site-packages_PyQt6_Qt6_qml["qml"]\n    node_venv_lib_python3_12_site-packages_PyQt6_Qt6_qml --> node_venv_lib_python3_12_site-packages_PyQt6_Qt6_qml_QtQuick3D["QtQuick3D"]\n    node_venv_lib_python3_12_site-packages_PyQt6_Qt6_qml_QtQuick3D --> node_venv_lib_python3_12_site-packages_PyQt6_Qt6_qml_QtQuick3D_Effects["Effects"]\n    node_venv_lib_python3_12_site-packages_PyQt6_Qt6_qml_QtQuick3D_Effects --> node_venv_lib_python3_12_site-packages_PyQt6_Qt6_qml_QtQuick3D_Effects_HDRBloomTonemap_qml["HDRBloomTonemap.qml"]\n    Root --> node_venv["venv"]\n    node_venv --> node_venv_lib["lib"]\n    node_venv_lib --> node_venv_lib_python3_12["python3.12"]\n    node_venv_lib_python3_12 --> node_venv_lib_python3_12_site-packages["site-packages"]\n    node_venv_lib_python3_12_site-packages --> node_venv_lib_python3_12_site-packages_PyQt6["PyQt6"]\n    node_venv_lib_python3_12_site-packages_PyQt6 --> node_venv_lib_python3_12_site-packages_PyQt6_Qt6["Qt6"]\n    node_venv_lib_python3_12_site-packages_PyQt6_Qt6 --> node_venv_lib_python3_12_site-packages_PyQt6_Qt6_qml["qml"]\n    node_venv_lib_python3_12_site-packages_PyQt6_Qt6_qml --> node_venv_lib_python3_12_site-packages_PyQt6_Qt6_qml_QtQuick3D["QtQuick3D"]\n    node_venv_lib_python3_12_site-packages_PyQt6_Qt6_qml_QtQuick3D --> node_venv_lib_python3_12_site-packages_PyQt6_Qt6_qml_QtQuick3D_Effects["Effects"]\n    node_venv_lib_python3_12_site-packages_PyQt6_Qt6_qml_QtQuick3D_Effects --> node_venv_lib_python3_12_site-packages_PyQt6_Qt6_qml_QtQuick3D_Effects_MotionBlur_qml["MotionBlur.qml"]\n    Root --> node_venv["venv"]\n    node_venv --> node_venv_lib["lib"]\n    node_venv_lib --> node_venv_lib_python3_12["python3.12"]\n    node_venv_lib_python3_12 --> node_venv_lib_python3_12_site-packages["site-packages"]\n    node_venv_lib_python3_12_site-packages --> node_venv_lib_python3_12_site-packages_PyQt6["PyQt6"]\n    node_venv_lib_python3_12_site-packages_PyQt6 --> node_venv_lib_python3_12_site-packages_PyQt6_Qt6["Qt6"]\n    node_venv_lib_python3_12_site-packages_PyQt6_Qt6 --> node_venv_lib_python3_12_site-packages_PyQt6_Qt6_qml["qml"]\n    node_venv_lib_python3_12_site-packages_PyQt6_Qt6_qml --> node_venv_lib_python3_12_site-packages_PyQt6_Qt6_qml_QtQuick3D["QtQuick3D"]\n    node_venv_lib_python3_12_site-packages_PyQt6_Qt6_qml_QtQuick3D --> node_venv_lib_python3_12_site-packages_PyQt6_Qt6_qml_QtQuick3D_Effects["Effects"]\n    node_venv_lib_python3_12_site-packages_PyQt6_Qt6_qml_QtQuick3D_Effects --> node_venv_lib_python3_12_site-packages_PyQt6_Qt6_qml_QtQuick3D_Effects_Quick3DEffects_qmltypes["Quick3DEffects.qmltypes"]\n    Root --> node_venv["venv"]\n    node_venv --> node_venv_lib["lib"]\n    node_venv_lib --> node_venv_lib_python3_12["python3.12"]\n    node_venv_lib_python3_12 --> node_venv_lib_python3_12_site-packages["site-packages"]\n    node_venv_lib_python3_12_site-packages --> node_venv_lib_python3_12_site-packages_PyQt6["PyQt6"]\n    node_venv_lib_python3_12_site-packages_PyQt6 --> node_venv_lib_python3_12_site-packages_PyQt6_Qt6["Qt6"]\n    node_venv_lib_python3_12_site-packages_PyQt6_Qt6 --> node_venv_lib_python3_12_site-packages_PyQt6_Qt6_qml["qml"]\n    node_venv_lib_python3_12_site-packages_PyQt6_Qt6_qml --> node_venv_lib_python3_12_site-packages_PyQt6_Qt6_qml_QtQuick3D["QtQuick3D"]\n    node_venv_lib_python3_12_site-packages_PyQt6_Qt6_qml_QtQuick3D --> node_venv_lib_python3_12_site-packages_PyQt6_Qt6_qml_QtQuick3D_Effects["Effects"]\n    node_venv_lib_python3_12_site-packages_PyQt6_Qt6_qml_QtQuick3D_Effects --> node_venv_lib_python3_12_site-packages_PyQt6_Qt6_qml_QtQuick3D_Effects_SCurveTonemap_qml["SCurveTonemap.qml"]\n    Root --> node_venv["venv"]\n    node_venv --> node_venv_lib["lib"]\n    node_venv_lib --> node_venv_lib_python3_12["python3.12"]\n    node_venv_lib_python3_12 --> node_venv_lib_python3_12_site-packages["site-packages"]\n    node_venv_lib_python3_12_site-packages --> node_venv_lib_python3_12_site-packages_PyQt6["PyQt6"]\n    node_venv_lib_python3_12_site-packages_PyQt6 --> node_venv_lib_python3_12_site-packages_PyQt6_Qt6["Qt6"]\n    node_venv_lib_python3_12_site-packages_PyQt6_Qt6 --> node_venv_lib_python3_12_site-packages_PyQt6_Qt6_qml["qml"]\n    node_venv_lib_python3_12_site-packages_PyQt6_Qt6_qml --> node_venv_lib_python3_12_site-packages_PyQt6_Qt6_qml_QtQuick3D["QtQuick3D"]\n    node_venv_lib_python3_12_site-packages_PyQt6_Qt6_qml_QtQuick3D --> node_venv_lib_python3_12_site-packages_PyQt6_Qt6_qml_QtQuick3D_Effects["Effects"]\n    node_venv_lib_python3_12_site-packages_PyQt6_Qt6_qml_QtQuick3D_Effects --> node_venv_lib_python3_12_site-packages_PyQt6_Qt6_qml_QtQuick3D_Effects_Scatter_qml["Scatter.qml"]\n    Root --> node_venv["venv"]\n    node_venv --> node_venv_lib["lib"]\n    node_venv_lib --> node_venv_lib_python3_12["python3.12"]\n    node_venv_lib_python3_12 --> node_venv_lib_python3_12_site-packages["site-packages"]\n    node_venv_lib_python3_12_site-packages --> node_venv_lib_python3_12_site-packages_PyQt6["PyQt6"]\n    node_venv_lib_python3_12_site-packages_PyQt6 --> node_venv_lib_python3_12_site-packages_PyQt6_Qt6["Qt6"]\n    node_venv_lib_python3_12_site-packages_PyQt6_Qt6 --> node_venv_lib_python3_12_site-packages_PyQt6_Qt6_qml["qml"]\n    node_venv_lib_python3_12_site-packages_PyQt6_Qt6_qml --> node_venv_lib_python3_12_site-packages_PyQt6_Qt6_qml_QtQuick3D["QtQuick3D"]\n    node_venv_lib_python3_12_site-packages_PyQt6_Qt6_qml_QtQuick3D --> node_venv_lib_python3_12_site-packages_PyQt6_Qt6_qml_QtQuick3D_Effects["Effects"]\n    node_venv_lib_python3_12_site-packages_PyQt6_Qt6_qml_QtQuick3D_Effects --> node_venv_lib_python3_12_site-packages_PyQt6_Qt6_qml_QtQuick3D_Effects_TiltShift_qml["TiltShift.qml"]\n    Root --> node_venv["venv"]\n    node_venv --> node_venv_lib["lib"]\n    node_venv_lib --> node_venv_lib_python3_12["python3.12"]\n    node_venv_lib_python3_12 --> node_venv_lib_python3_12_site-packages["site-packages"]\n    node_venv_lib_python3_12_site-packages --> node_venv_lib_python3_12_site-packages_PyQt6["PyQt6"]\n    node_venv_lib_python3_12_site-packages_PyQt6 --> node_venv_lib_python3_12_site-packages_PyQt6_Qt6["Qt6"]\n    node_venv_lib_python3_12_site-packages_PyQt6_Qt6 --> node_venv_lib_python3_12_site-packages_PyQt6_Qt6_qml["qml"]\n    node_venv_lib_python3_12_site-packages_PyQt6_Qt6_qml --> node_venv_lib_python3_12_site-packages_PyQt6_Qt6_qml_QtQuick3D["QtQuick3D"]\n    node_venv_lib_python3_12_site-packages_PyQt6_Qt6_qml_QtQuick3D --> node_venv_lib_python3_12_site-packages_PyQt6_Qt6_qml_QtQuick3D_Effects["Effects"]\n    node_venv_lib_python3_12_site-packages_PyQt6_Qt6_qml_QtQuick3D_Effects --> node_venv_lib_python3_12_site-packages_PyQt6_Qt6_qml_QtQuick3D_Effects_Vignette_qml["Vignette.qml"]\n    Root --> node_venv["venv"]\n    node_venv --> node_venv_lib["lib"]\n    node_venv_lib --> node_venv_lib_python3_12["python3.12"]\n    node_venv_lib_python3_12 --> node_venv_lib_python3_12_site-packages["site-packages"]\n    node_venv_lib_python3_12_site-packages --> node_venv_lib_python3_12_site-packages_PyQt6["PyQt6"]\n    node_venv_lib_python3_12_site-packages_PyQt6 --> node_venv_lib_python3_12_site-packages_PyQt6_Qt6["Qt6"]\n    node_venv_lib_python3_12_site-packages_PyQt6_Qt6 --> node_venv_lib_python3_12_site-packages_PyQt6_Qt6_qml["qml"]\n    node_venv_lib_python3_12_site-packages_PyQt6_Qt6_qml --> node_venv_lib_python3_12_site-packages_PyQt6_Qt6_qml_QtQuick3D["QtQuick3D"]\n    node_venv_lib_python3_12_site-packages_PyQt6_Qt6_qml_QtQuick3D --> node_venv_lib_python3_12_site-packages_PyQt6_Qt6_qml_QtQuick3D_Effects["Effects"]\n    node_venv_lib_python3_12_site-packages_PyQt6_Qt6_qml_QtQuick3D_Effects --> node_venv_lib_python3_12_site-packages_PyQt6_Qt6_qml_QtQuick3D_Effects_libqtquick3deffectplugin_dylib["libqtquick3deffectplugin.dylib"]\n    Root --> node_venv["venv"]\n    node_venv --> node_venv_lib["lib"]\n    node_venv_lib --> node_venv_lib_python3_12["python3.12"]\n    node_venv_lib_python3_12 --> node_venv_lib_python3_12_site-packages["site-packages"]\n    node_venv_lib_python3_12_site-packages --> node_venv_lib_python3_12_site-packages_PyQt6["PyQt6"]\n    node_venv_lib_python3_12_site-packages_PyQt6 --> node_venv_lib_python3_12_site-packages_PyQt6_Qt6["Qt6"]\n    node_venv_lib_python3_12_site-packages_PyQt6_Qt6 --> node_venv_lib_python3_12_site-packages_PyQt6_Qt6_qml["qml"]\n    node_venv_lib_python3_12_site-packages_PyQt6_Qt6_qml --> node_venv_lib_python3_12_site-packages_PyQt6_Qt6_qml_QtQuick3D["QtQuick3D"]\n    node_venv_lib_python3_12_site-packages_PyQt6_Qt6_qml_QtQuick3D --> node_venv_lib_python3_12_site-packages_PyQt6_Qt6_qml_QtQuick3D_Effects["Effects"]\n    node_venv_lib_python3_12_site-packages_PyQt6_Qt6_qml_QtQuick3D_Effects --> node_venv_lib_python3_12_site-packages_PyQt6_Qt6_qml_QtQuick3D_Effects_qmldir["qmldir"]\n    Root --> node_venv["venv"]\n    node_venv --> node_venv_lib["lib"]\n    node_venv_lib --> node_venv_lib_python3_12["python3.12"]\n    node_venv_lib_python3_12 --> node_venv_lib_python3_12_site-packages["site-packages"]\n    node_venv_lib_python3_12_site-packages --> node_venv_lib_python3_12_site-packages_PyQt6["PyQt6"]\n    node_venv_lib_python3_12_site-packages_PyQt6 --> node_venv_lib_python3_12_site-packages_PyQt6_Qt6["Qt6"]\n    node_venv_lib_python3_12_site-packages_PyQt6_Qt6 --> node_venv_lib_python3_12_site-packages_PyQt6_Qt6_qml["qml"]\n    node_venv_lib_python3_12_site-packages_PyQt6_Qt6_qml --> node_venv_lib_python3_12_site-packages_PyQt6_Qt6_qml_QtQuick3D["QtQuick3D"]\n    node_venv_lib_python3_12_site-packages_PyQt6_Qt6_qml_QtQuick3D --> node_venv_lib_python3_12_site-packages_PyQt6_Qt6_qml_QtQuick3D_Effects["Effects"]\n    node_venv_lib_python3_12_site-packages_PyQt6_Qt6_qml_QtQuick3D_Effects --> node_venv_lib_python3_12_site-packages_PyQt6_Qt6_qml_QtQuick3D_Effects_designer["designer"]\n    node_venv_lib_python3_12_site-packages_PyQt6_Qt6_qml_QtQuick3D_Effects_designer --> node_venv_lib_python3_12_site-packages_PyQt6_Qt6_qml_QtQuick3D_Effects_designer_AdditiveColorGradientSection_qml["AdditiveColorGradientSection.qml"]\n    Root --> node_venv["venv"]\n    node_venv --> node_venv_lib["lib"]\n    node_venv_lib --> node_venv_lib_python3_12["python3.12"]\n    node_venv_lib_python3_12 --> node_venv_lib_python3_12_site-packages["site-packages"]\n    node_venv_lib_python3_12_site-packages --> node_venv_lib_python3_12_site-packages_PyQt6["PyQt6"]\n    node_venv_lib_python3_12_site-packages_PyQt6 --> node_venv_lib_python3_12_site-packages_PyQt6_Qt6["Qt6"]\n    node_venv_lib_python3_12_site-packages_PyQt6_Qt6 --> node_venv_lib_python3_12_site-packages_PyQt6_Qt6_qml["qml"]\n    node_venv_lib_python3_12_site-packages_PyQt6_Qt6_qml --> node_venv_lib_python3_12_site-packages_PyQt6_Qt6_qml_QtQuick3D["QtQuick3D"]\n    node_venv_lib_python3_12_site-packages_PyQt6_Qt6_qml_QtQuick3D --> node_venv_lib_python3_12_site-packages_PyQt6_Qt6_qml_QtQuick3D_Effects["Effects"]\n    node_venv_lib_python3_12_site-packages_PyQt6_Qt6_qml_QtQuick3D_Effects --> node_venv_lib_python3_12_site-packages_PyQt6_Qt6_qml_QtQuick3D_Effects_designer["designer"]\n    node_venv_lib_python3_12_site-packages_PyQt6_Qt6_qml_QtQuick3D_Effects_designer --> node_venv_lib_python3_12_site-packages_PyQt6_Qt6_qml_QtQuick3D_Effects_designer_AdditiveColorGradientSpecifics_qml["AdditiveColorGradientSpecifics.qml"]\n    Root --> node_venv["venv"]\n    node_venv --> node_venv_lib["lib"]\n    node_venv_lib --> node_venv_lib_python3_12["python3.12"]\n    node_venv_lib_python3_12 --> node_venv_lib_python3_12_site-packages["site-packages"]\n    node_venv_lib_python3_12_site-packages --> node_venv_lib_python3_12_site-packages_PyQt6["PyQt6"]\n    node_venv_lib_python3_12_site-packages_PyQt6 --> node_venv_lib_python3_12_site-packages_PyQt6_Qt6["Qt6"]\n    node_venv_lib_python3_12_site-packages_PyQt6_Qt6 --> node_venv_lib_python3_12_site-packages_PyQt6_Qt6_qml["qml"]\n    node_venv_lib_python3_12_site-packages_PyQt6_Qt6_qml --> node_venv_lib_python3_12_site-packages_PyQt6_Qt6_qml_QtQuick3D["QtQuick3D"]\n    node_venv_lib_python3_12_site-packages_PyQt6_Qt6_qml_QtQuick3D --> node_venv_lib_python3_12_site-packages_PyQt6_Qt6_qml_QtQuick3D_Effects["Effects"]\n    node_venv_lib_python3_12_site-packages_PyQt6_Qt6_qml_QtQuick3D_Effects --> node_venv_lib_python3_12_site-packages_PyQt6_Qt6_qml_QtQuick3D_Effects_designer["designer"]\n    node_venv_lib_python3_12_site-packages_PyQt6_Qt6_qml_QtQuick3D_Effects_designer --> node_venv_lib_python3_12_site-packages_PyQt6_Qt6_qml_QtQuick3D_Effects_designer_BlurSection_qml["BlurSection.qml"]\n    Root --> node_venv["venv"]\n    node_venv --> node_venv_lib["lib"]\n    node_venv_lib --> node_venv_lib_python3_12["python3.12"]\n    node_venv_lib_python3_12 --> node_venv_lib_python3_12_site-packages["site-packages"]\n    node_venv_lib_python3_12_site-packages --> node_venv_lib_python3_12_site-packages_PyQt6["PyQt6"]\n    node_venv_lib_python3_12_site-packages_PyQt6 --> node_venv_lib_python3_12_site-packages_PyQt6_Qt6["Qt6"]\n    node_venv_lib_python3_12_site-packages_PyQt6_Qt6 --> node_venv_lib_python3_12_site-packages_PyQt6_Qt6_qml["qml"]\n    node_venv_lib_python3_12_site-packages_PyQt6_Qt6_qml --> node_venv_lib_python3_12_site-packages_PyQt6_Qt6_qml_QtQuick3D["QtQuick3D"]\n    node_venv_lib_python3_12_site-packages_PyQt6_Qt6_qml_QtQuick3D --> node_venv_lib_python3_12_site-packages_PyQt6_Qt6_qml_QtQuick3D_Effects["Effects"]\n    node_venv_lib_python3_12_site-packages_PyQt6_Qt6_qml_QtQuick3D_Effects --> node_venv_lib_python3_12_site-packages_PyQt6_Qt6_qml_QtQuick3D_Effects_designer["designer"]\n    node_venv_lib_python3_12_site-packages_PyQt6_Qt6_qml_QtQuick3D_Effects_designer --> node_venv_lib_python3_12_site-packages_PyQt6_Qt6_qml_QtQuick3D_Effects_designer_BlurSpecifics_qml["BlurSpecifics.qml"]\n    Root --> node_venv["venv"]\n    node_venv --> node_venv_lib["lib"]\n    node_venv_lib --> node_venv_lib_python3_12["python3.12"]\n    node_venv_lib_python3_12 --> node_venv_lib_python3_12_site-packages["site-packages"]\n    node_venv_lib_python3_12_site-packages --> node_venv_lib_python3_12_site-packages_PyQt6["PyQt6"]\n    node_venv_lib_python3_12_site-packages_PyQt6 --> node_venv_lib_python3_12_site-packages_PyQt6_Qt6["Qt6"]\n    node_venv_lib_python3_12_site-packages_PyQt6_Qt6 --> node_venv_lib_python3_12_site-packages_PyQt6_Qt6_qml["qml"]\n    node_venv_lib_python3_12_site-packages_PyQt6_Qt6_qml --> node_venv_lib_python3_12_site-packages_PyQt6_Qt6_qml_QtQuick3D["QtQuick3D"]\n    node_venv_lib_python3_12_site-packages_PyQt6_Qt6_qml_QtQuick3D --> node_venv_lib_python3_12_site-packages_PyQt6_Qt6_qml_QtQuick3D_Effects["Effects"]\n    node_venv_lib_python3_12_site-packages_PyQt6_Qt6_qml_QtQuick3D_Effects --> node_venv_lib_python3_12_site-packages_PyQt6_Qt6_qml_QtQuick3D_Effects_designer["designer"]\n    node_venv_lib_python3_12_site-packages_PyQt6_Qt6_qml_QtQuick3D_Effects_designer --> node_venv_lib_python3_12_site-packages_PyQt6_Qt6_qml_QtQuick3D_Effects_designer_BrushStrokesSection_qml["BrushStrokesSection.qml"]\n    Root --> node_venv["venv"]\n    node_venv --> node_venv_lib["lib"]\n    node_venv_lib --> node_venv_lib_python3_12["python3.12"]\n    node_venv_lib_python3_12 --> node_venv_lib_python3_12_site-packages["site-packages"]\n    node_venv_lib_python3_12_site-packages --> node_venv_lib_python3_12_site-packages_PyQt6["PyQt6"]\n    node_venv_lib_python3_12_site-packages_PyQt6 --> node_venv_lib_python3_12_site-packages_PyQt6_Qt6["Qt6"]\n    node_venv_lib_python3_12_site-packages_PyQt6_Qt6 --> node_venv_lib_python3_12_site-packages_PyQt6_Qt6_qml["qml"]\n    node_venv_lib_python3_12_site-packages_PyQt6_Qt6_qml --> node_venv_lib_python3_12_site-packages_PyQt6_Qt6_qml_QtQuick3D["QtQuick3D"]\n    node_venv_lib_python3_12_site-packages_PyQt6_Qt6_qml_QtQuick3D --> node_venv_lib_python3_12_site-packages_PyQt6_Qt6_qml_QtQuick3D_Effects["Effects"]\n    node_venv_lib_python3_12_site-packages_PyQt6_Qt6_qml_QtQuick3D_Effects --> node_venv_lib_python3_12_site-packages_PyQt6_Qt6_qml_QtQuick3D_Effects_designer["designer"]\n    node_venv_lib_python3_12_site-packages_PyQt6_Qt6_qml_QtQuick3D_Effects_designer --> node_venv_lib_python3_12_site-packages_PyQt6_Qt6_qml_QtQuick3D_Effects_designer_BrushStrokesSpecifics_qml["BrushStrokesSpecifics.qml"]\n    Root --> node_venv["venv"]\n    node_venv --> node_venv_lib["lib"]\n    node_venv_lib --> node_venv_lib_python3_12["python3.12"]\n    node_venv_lib_python3_12 --> node_venv_lib_python3_12_site-packages["site-packages"]\n    node_venv_lib_python3_12_site-packages --> node_venv_lib_python3_12_site-packages_PyQt6["PyQt6"]\n    node_venv_lib_python3_12_site-packages_PyQt6 --> node_venv_lib_python3_12_site-packages_PyQt6_Qt6["Qt6"]\n    node_venv_lib_python3_12_site-packages_PyQt6_Qt6 --> node_venv_lib_python3_12_site-packages_PyQt6_Qt6_qml["qml"]\n    node_venv_lib_python3_12_site-packages_PyQt6_Qt6_qml --> node_venv_lib_python3_12_site-packages_PyQt6_Qt6_qml_QtQuick3D["QtQuick3D"]\n    node_venv_lib_python3_12_site-packages_PyQt6_Qt6_qml_QtQuick3D --> node_venv_lib_python3_12_site-packages_PyQt6_Qt6_qml_QtQuick3D_Effects["Effects"]\n    node_venv_lib_python3_12_site-packages_PyQt6_Qt6_qml_QtQuick3D_Effects --> node_venv_lib_python3_12_site-packages_PyQt6_Qt6_qml_QtQuick3D_Effects_designer["designer"]\n    node_venv_lib_python3_12_site-packages_PyQt6_Qt6_qml_QtQuick3D_Effects_designer --> node_venv_lib_python3_12_site-packages_PyQt6_Qt6_qml_QtQuick3D_Effects_designer_ChromaticAberrationSection_qml["ChromaticAberrationSection.qml"]\n    Root --> node_venv["venv"]\n    node_venv --> node_venv_lib["lib"]\n    node_venv_lib --> node_venv_lib_python3_12["python3.12"]\n    node_venv_lib_python3_12 --> node_venv_lib_python3_12_site-packages["site-packages"]\n    node_venv_lib_python3_12_site-packages --> node_venv_lib_python3_12_site-packages_PyQt6["PyQt6"]\n    node_venv_lib_python3_12_site-packages_PyQt6 --> node_venv_lib_python3_12_site-packages_PyQt6_Qt6["Qt6"]\n    node_venv_lib_python3_12_site-packages_PyQt6_Qt6 --> node_venv_lib_python3_12_site-packages_PyQt6_Qt6_qml["qml"]\n    node_venv_lib_python3_12_site-packages_PyQt6_Qt6_qml --> node_venv_lib_python3_12_site-packages_PyQt6_Qt6_qml_QtQuick3D["QtQuick3D"]\n    node_venv_lib_python3_12_site-packages_PyQt6_Qt6_qml_QtQuick3D --> node_venv_lib_python3_12_site-packages_PyQt6_Qt6_qml_QtQuick3D_Effects["Effects"]\n    node_venv_lib_python3_12_site-packages_PyQt6_Qt6_qml_QtQuick3D_Effects --> node_venv_lib_python3_12_site-packages_PyQt6_Qt6_qml_QtQuick3D_Effects_designer["designer"]\n    node_venv_lib_python3_12_site-packages_PyQt6_Qt6_qml_QtQuick3D_Effects_designer --> node_venv_lib_python3_12_site-packages_PyQt6_Qt6_qml_QtQuick3D_Effects_designer_ChromaticAberrationSpecifics_qml["ChromaticAberrationSpecifics.qml"]\n    Root --> node_venv["venv"]\n    node_venv --> node_venv_lib["lib"]\n    node_venv_lib --> node_venv_lib_python3_12["python3.12"]\n    node_venv_lib_python3_12 --> node_venv_lib_python3_12_site-packages["site-packages"]\n    node_venv_lib_python3_12_site-packages --> node_venv_lib_python3_12_site-packages_PyQt6["PyQt6"]\n    node_venv_lib_python3_12_site-packages_PyQt6 --> node_venv_lib_python3_12_site-packages_PyQt6_Qt6["Qt6"]\n    node_venv_lib_python3_12_site-packages_PyQt6_Qt6 --> node_venv_lib_python3_12_site-packages_PyQt6_Qt6_qml["qml"]\n    node_venv_lib_python3_12_site-packages_PyQt6_Qt6_qml --> node_venv_lib_python3_12_site-packages_PyQt6_Qt6_qml_QtQuick3D["QtQuick3D"]\n    node_venv_lib_python3_12_site-packages_PyQt6_Qt6_qml_QtQuick3D --> node_venv_lib_python3_12_site-packages_PyQt6_Qt6_qml_QtQuick3D_Effects["Effects"]\n    node_venv_lib_python3_12_site-packages_PyQt6_Qt6_qml_QtQuick3D_Effects --> node_venv_lib_python3_12_site-packages_PyQt6_Qt6_qml_QtQuick3D_Effects_designer["designer"]\n    node_venv_lib_python3_12_site-packages_PyQt6_Qt6_qml_QtQuick3D_Effects_designer --> node_venv_lib_python3_12_site-packages_PyQt6_Qt6_qml_QtQuick3D_Effects_designer_ColorMasterSection_qml["ColorMasterSection.qml"]\n    Root --> node_venv["venv"]\n    node_venv --> node_venv_lib["lib"]\n    node_venv_lib --> node_venv_lib_python3_12["python3.12"]\n    node_venv_lib_python3_12 --> node_venv_lib_python3_12_site-packages["site-packages"]\n    node_venv_lib_python3_12_site-packages --> node_venv_lib_python3_12_site-packages_PyQt6["PyQt6"]\n    node_venv_lib_python3_12_site-packages_PyQt6 --> node_venv_lib_python3_12_site-packages_PyQt6_Qt6["Qt6"]\n    node_venv_lib_python3_12_site-packages_PyQt6_Qt6 --> node_venv_lib_python3_12_site-packages_PyQt6_Qt6_qml["qml"]\n    node_venv_lib_python3_12_site-packages_PyQt6_Qt6_qml --> node_venv_lib_python3_12_site-packages_PyQt6_Qt6_qml_QtQuick3D["QtQuick3D"]\n    node_venv_lib_python3_12_site-packages_PyQt6_Qt6_qml_QtQuick3D --> node_venv_lib_python3_12_site-packages_PyQt6_Qt6_qml_QtQuick3D_Effects["Effects"]\n    node_venv_lib_python3_12_site-packages_PyQt6_Qt6_qml_QtQuick3D_Effects --> node_venv_lib_python3_12_site-packages_PyQt6_Qt6_qml_QtQuick3D_Effects_designer["designer"]\n    node_venv_lib_python3_12_site-packages_PyQt6_Qt6_qml_QtQuick3D_Effects_designer --> node_venv_lib_python3_12_site-packages_PyQt6_Qt6_qml_QtQuick3D_Effects_designer_ColorMasterSpecifics_qml["ColorMasterSpecifics.qml"]\n    Root --> node_venv["venv"]\n    node_venv --> node_venv_lib["lib"]\n    node_venv_lib --> node_venv_lib_python3_12["python3.12"]\n    node_venv_lib_python3_12 --> node_venv_lib_python3_12_site-packages["site-packages"]\n    node_venv_lib_python3_12_site-packages --> node_venv_lib_python3_12_site-packages_PyQt6["PyQt6"]\n    node_venv_lib_python3_12_site-packages_PyQt6 --> node_venv_lib_python3_12_site-packages_PyQt6_Qt6["Qt6"]\n    node_venv_lib_python3_12_site-packages_PyQt6_Qt6 --> node_venv_lib_python3_12_site-packages_PyQt6_Qt6_qml["qml"]\n    node_venv_lib_python3_12_site-packages_PyQt6_Qt6_qml --> node_venv_lib_python3_12_site-packages_PyQt6_Qt6_qml_QtQuick3D["QtQuick3D"]\n    node_venv_lib_python3_12_site-packages_PyQt6_Qt6_qml_QtQuick3D --> node_venv_lib_python3_12_site-packages_PyQt6_Qt6_qml_QtQuick3D_Effects["Effects"]\n    node_venv_lib_python3_12_site-packages_PyQt6_Qt6_qml_QtQuick3D_Effects --> node_venv_lib_python3_12_site-packages_PyQt6_Qt6_qml_QtQuick3D_Effects_designer["designer"]\n    node_venv_lib_python3_12_site-packages_PyQt6_Qt6_qml_QtQuick3D_Effects_designer --> node_venv_lib_python3_12_site-packages_PyQt6_Qt6_qml_QtQuick3D_Effects_designer_DepthOfFieldHQBlurSection_qml["DepthOfFieldHQBlurSection.qml"]\n    Root --> node_venv["venv"]\n    node_venv --> node_venv_lib["lib"]\n    node_venv_lib --> node_venv_lib_python3_12["python3.12"]\n    node_venv_lib_python3_12 --> node_venv_lib_python3_12_site-packages["site-packages"]\n    node_venv_lib_python3_12_site-packages --> node_venv_lib_python3_12_site-packages_PyQt6["PyQt6"]\n    node_venv_lib_python3_12_site-packages_PyQt6 --> node_venv_lib_python3_12_site-packages_PyQt6_Qt6["Qt6"]\n    node_venv_lib_python3_12_site-packages_PyQt6_Qt6 --> node_venv_lib_python3_12_site-packages_PyQt6_Qt6_qml["qml"]\n    node_venv_lib_python3_12_site-packages_PyQt6_Qt6_qml --> node_venv_lib_python3_12_site-packages_PyQt6_Qt6_qml_QtQuick3D["QtQuick3D"]\n    node_venv_lib_python3_12_site-packages_PyQt6_Qt6_qml_QtQuick3D --> node_venv_lib_python3_12_site-packages_PyQt6_Qt6_qml_QtQuick3D_Effects["Effects"]\n    node_venv_lib_python3_12_site-packages_PyQt6_Qt6_qml_QtQuick3D_Effects --> node_venv_lib_python3_12_site-packages_PyQt6_Qt6_qml_QtQuick3D_Effects_designer["designer"]\n    node_venv_lib_python3_12_site-packages_PyQt6_Qt6_qml_QtQuick3D_Effects_designer --> node_venv_lib_python3_12_site-packages_PyQt6_Qt6_qml_QtQuick3D_Effects_designer_DepthOfFieldHQBlurSpecifics_qml["DepthOfFieldHQBlurSpecifics.qml"]\n    Root --> node_venv["venv"]\n    node_venv --> node_venv_lib["lib"]\n    node_venv_lib --> node_venv_lib_python3_12["python3.12"]\n    node_venv_lib_python3_12 --> node_venv_lib_python3_12_site-packages["site-packages"]\n    node_venv_lib_python3_12_site-packages --> node_venv_lib_python3_12_site-packages_PyQt6["PyQt6"]\n    node_venv_lib_python3_12_site-packages_PyQt6 --> node_venv_lib_python3_12_site-packages_PyQt6_Qt6["Qt6"]\n    node_venv_lib_python3_12_site-packages_PyQt6_Qt6 --> node_venv_lib_python3_12_site-packages_PyQt6_Qt6_qml["qml"]\n    node_venv_lib_python3_12_site-packages_PyQt6_Qt6_qml --> node_venv_lib_python3_12_site-packages_PyQt6_Qt6_qml_QtQuick3D["QtQuick3D"]\n    node_venv_lib_python3_12_site-packages_PyQt6_Qt6_qml_QtQuick3D --> node_venv_lib_python3_12_site-packages_PyQt6_Qt6_qml_QtQuick3D_Effects["Effects"]\n    node_venv_lib_python3_12_site-packages_PyQt6_Qt6_qml_QtQuick3D_Effects --> node_venv_lib_python3_12_site-packages_PyQt6_Qt6_qml_QtQuick3D_Effects_designer["designer"]\n    node_venv_lib_python3_12_site-packages_PyQt6_Qt6_qml_QtQuick3D_Effects_designer --> node_venv_lib_python3_12_site-packages_PyQt6_Qt6_qml_QtQuick3D_Effects_designer_DesaturateSection_qml["DesaturateSection.qml"]\n    Root --> node_venv["venv"]\n    node_venv --> node_venv_lib["lib"]\n    node_venv_lib --> node_venv_lib_python3_12["python3.12"]\n    node_venv_lib_python3_12 --> node_venv_lib_python3_12_site-packages["site-packages"]\n    node_venv_lib_python3_12_site-packages --> node_venv_lib_python3_12_site-packages_PyQt6["PyQt6"]\n    node_venv_lib_python3_12_site-packages_PyQt6 --> node_venv_lib_python3_12_site-packages_PyQt6_Qt6["Qt6"]\n    node_venv_lib_python3_12_site-packages_PyQt6_Qt6 --> node_venv_lib_python3_12_site-packages_PyQt6_Qt6_qml["qml"]\n    node_venv_lib_python3_12_site-packages_PyQt6_Qt6_qml --> node_venv_lib_python3_12_site-packages_PyQt6_Qt6_qml_QtQuick3D["QtQuick3D"]\n    node_venv_lib_python3_12_site-packages_PyQt6_Qt6_qml_QtQuick3D --> node_venv_lib_python3_12_site-packages_PyQt6_Qt6_qml_QtQuick3D_Effects["Effects"]\n    node_venv_lib_python3_12_site-packages_PyQt6_Qt6_qml_QtQuick3D_Effects --> node_venv_lib_python3_12_site-packages_PyQt6_Qt6_qml_QtQuick3D_Effects_designer["designer"]\n    node_venv_lib_python3_12_site-packages_PyQt6_Qt6_qml_QtQuick3D_Effects_designer --> node_venv_lib_python3_12_site-packages_PyQt6_Qt6_qml_QtQuick3D_Effects_designer_DesaturateSpecifics_qml["DesaturateSpecifics.qml"]\n    Root --> node_venv["venv"]\n    node_venv --> node_venv_lib["lib"]\n    node_venv_lib --> node_venv_lib_python3_12["python3.12"]\n    node_venv_lib_python3_12 --> node_venv_lib_python3_12_site-packages["site-packages"]\n    node_venv_lib_python3_12_site-packages --> node_venv_lib_python3_12_site-packages_PyQt6["PyQt6"]\n    node_venv_lib_python3_12_site-packages_PyQt6 --> node_venv_lib_python3_12_site-packages_PyQt6_Qt6["Qt6"]\n    node_venv_lib_python3_12_site-packages_PyQt6_Qt6 --> node_venv_lib_python3_12_site-packages_PyQt6_Qt6_qml["qml"]\n    node_venv_lib_python3_12_site-packages_PyQt6_Qt6_qml --> node_venv_lib_python3_12_site-packages_PyQt6_Qt6_qml_QtQuick3D["QtQuick3D"]\n    node_venv_lib_python3_12_site-packages_PyQt6_Qt6_qml_QtQuick3D --> node_venv_lib_python3_12_site-packages_PyQt6_Qt6_qml_QtQuick3D_Effects["Effects"]\n    node_venv_lib_python3_12_site-packages_PyQt6_Qt6_qml_QtQuick3D_Effects --> node_venv_lib_python3_12_site-packages_PyQt6_Qt6_qml_QtQuick3D_Effects_designer["designer"]\n    node_venv_lib_python3_12_site-packages_PyQt6_Qt6_qml_QtQuick3D_Effects_designer --> node_venv_lib_python3_12_site-packages_PyQt6_Qt6_qml_QtQuick3D_Effects_designer_DistortionRippleSection_qml["DistortionRippleSection.qml"]\n    Root --> node_venv["venv"]\n    node_venv --> node_venv_lib["lib"]\n    node_venv_lib --> node_venv_lib_python3_12["python3.12"]\n    node_venv_lib_python3_12 --> node_venv_lib_python3_12_site-packages["site-packages"]\n    node_venv_lib_python3_12_site-packages --> node_venv_lib_python3_12_site-packages_PyQt6["PyQt6"]\n    node_venv_lib_python3_12_site-packages_PyQt6 --> node_venv_lib_python3_12_site-packages_PyQt6_Qt6["Qt6"]\n    node_venv_lib_python3_12_site-packages_PyQt6_Qt6 --> node_venv_lib_python3_12_site-packages_PyQt6_Qt6_qml["qml"]\n    node_venv_lib_python3_12_site-packages_PyQt6_Qt6_qml --> node_venv_lib_python3_12_site-packages_PyQt6_Qt6_qml_QtQuick3D["QtQuick3D"]\n    node_venv_lib_python3_12_site-packages_PyQt6_Qt6_qml_QtQuick3D --> node_venv_lib_python3_12_site-packages_PyQt6_Qt6_qml_QtQuick3D_Effects["Effects"]\n    node_venv_lib_python3_12_site-packages_PyQt6_Qt6_qml_QtQuick3D_Effects --> node_venv_lib_python3_12_site-packages_PyQt6_Qt6_qml_QtQuick3D_Effects_designer["designer"]\n    node_venv_lib_python3_12_site-packages_PyQt6_Qt6_qml_QtQuick3D_Effects_designer --> node_venv_lib_python3_12_site-packages_PyQt6_Qt6_qml_QtQuick3D_Effects_designer_DistortionRippleSpecifics_qml["DistortionRippleSpecifics.qml"]\n    Root --> node_venv["venv"]\n    node_venv --> node_venv_lib["lib"]\n    node_venv_lib --> node_venv_lib_python3_12["python3.12"]\n    node_venv_lib_python3_12 --> node_venv_lib_python3_12_site-packages["site-packages"]\n    node_venv_lib_python3_12_site-packages --> node_venv_lib_python3_12_site-packages_PyQt6["PyQt6"]\n    node_venv_lib_python3_12_site-packages_PyQt6 --> node_venv_lib_python3_12_site-packages_PyQt6_Qt6["Qt6"]\n    node_venv_lib_python3_12_site-packages_PyQt6_Qt6 --> node_venv_lib_python3_12_site-packages_PyQt6_Qt6_qml["qml"]\n    node_venv_lib_python3_12_site-packages_PyQt6_Qt6_qml --> node_venv_lib_python3_12_site-packages_PyQt6_Qt6_qml_QtQuick3D["QtQuick3D"]\n    node_venv_lib_python3_12_site-packages_PyQt6_Qt6_qml_QtQuick3D --> node_venv_lib_python3_12_site-packages_PyQt6_Qt6_qml_QtQuick3D_Effects["Effects"]\n    node_venv_lib_python3_12_site-packages_PyQt6_Qt6_qml_QtQuick3D_Effects --> node_venv_lib_python3_12_site-packages_PyQt6_Qt6_qml_QtQuick3D_Effects_designer["designer"]\n    node_venv_lib_python3_12_site-packages_PyQt6_Qt6_qml_QtQuick3D_Effects_designer --> node_venv_lib_python3_12_site-packages_PyQt6_Qt6_qml_QtQuick3D_Effects_designer_DistortionSphereSection_qml["DistortionSphereSection.qml"]\n    Root --> node_venv["venv"]\n    node_venv --> node_venv_lib["lib"]\n    node_venv_lib --> node_venv_lib_python3_12["python3.12"]\n    node_venv_lib_python3_12 --> node_venv_lib_python3_12_site-packages["site-packages"]\n    node_venv_lib_python3_12_site-packages --> node_venv_lib_python3_12_site-packages_PyQt6["PyQt6"]\n    node_venv_lib_python3_12_site-packages_PyQt6 --> node_venv_lib_python3_12_site-packages_PyQt6_Qt6["Qt6"]\n    node_venv_lib_python3_12_site-packages_PyQt6_Qt6 --> node_venv_lib_python3_12_site-packages_PyQt6_Qt6_qml["qml"]\n    node_venv_lib_python3_12_site-packages_PyQt6_Qt6_qml --> node_venv_lib_python3_12_site-packages_PyQt6_Qt6_qml_QtQuick3D["QtQuick3D"]\n    node_venv_lib_python3_12_site-packages_PyQt6_Qt6_qml_QtQuick3D --> node_venv_lib_python3_12_site-packages_PyQt6_Qt6_qml_QtQuick3D_Effects["Effects"]\n    node_venv_lib_python3_12_site-packages_PyQt6_Qt6_qml_QtQuick3D_Effects --> node_venv_lib_python3_12_site-packages_PyQt6_Qt6_qml_QtQuick3D_Effects_designer["designer"]\n    node_venv_lib_python3_12_site-packages_PyQt6_Qt6_qml_QtQuick3D_Effects_designer --> node_venv_lib_python3_12_site-packages_PyQt6_Qt6_qml_QtQuick3D_Effects_designer_DistortionSphereSpecifics_qml["DistortionSphereSpecifics.qml"]\n    Root --> node_venv["venv"]\n    node_venv --> node_venv_lib["lib"]\n    node_venv_lib --> node_venv_lib_python3_12["python3.12"]\n    node_venv_lib_python3_12 --> node_venv_lib_python3_12_site-packages["site-packages"]\n    node_venv_lib_python3_12_site-packages --> node_venv_lib_python3_12_site-packages_PyQt6["PyQt6"]\n    node_venv_lib_python3_12_site-packages_PyQt6 --> node_venv_lib_python3_12_site-packages_PyQt6_Qt6["Qt6"]\n    node_venv_lib_python3_12_site-packages_PyQt6_Qt6 --> node_venv_lib_python3_12_site-packages_PyQt6_Qt6_qml["qml"]\n    node_venv_lib_python3_12_site-packages_PyQt6_Qt6_qml --> node_venv_lib_python3_12_site-packages_PyQt6_Qt6_qml_QtQuick3D["QtQuick3D"]\n    node_venv_lib_python3_12_site-packages_PyQt6_Qt6_qml_QtQuick3D --> node_venv_lib_python3_12_site-packages_PyQt6_Qt6_qml_QtQuick3D_Effects["Effects"]\n    node_venv_lib_python3_12_site-packages_PyQt6_Qt6_qml_QtQuick3D_Effects --> node_venv_lib_python3_12_site-packages_PyQt6_Qt6_qml_QtQuick3D_Effects_designer["designer"]\n    node_venv_lib_python3_12_site-packages_PyQt6_Qt6_qml_QtQuick3D_Effects_designer --> node_venv_lib_python3_12_site-packages_PyQt6_Qt6_qml_QtQuick3D_Effects_designer_DistortionSpiralSection_qml["DistortionSpiralSection.qml"]\n    Root --> node_venv["venv"]\n    node_venv --> node_venv_lib["lib"]\n    node_venv_lib --> node_venv_lib_python3_12["python3.12"]\n    node_venv_lib_python3_12 --> node_venv_lib_python3_12_site-packages["site-packages"]\n    node_venv_lib_python3_12_site-packages --> node_venv_lib_python3_12_site-packages_PyQt6["PyQt6"]\n    node_venv_lib_python3_12_site-packages_PyQt6 --> node_venv_lib_python3_12_site-packages_PyQt6_Qt6["Qt6"]\n    node_venv_lib_python3_12_site-packages_PyQt6_Qt6 --> node_venv_lib_python3_12_site-packages_PyQt6_Qt6_qml["qml"]\n    node_venv_lib_python3_12_site-packages_PyQt6_Qt6_qml --> node_venv_lib_python3_12_site-packages_PyQt6_Qt6_qml_QtQuick3D["QtQuick3D"]\n    node_venv_lib_python3_12_site-packages_PyQt6_Qt6_qml_QtQuick3D --> node_venv_lib_python3_12_site-packages_PyQt6_Qt6_qml_QtQuick3D_Effects["Effects"]\n    node_venv_lib_python3_12_site-packages_PyQt6_Qt6_qml_QtQuick3D_Effects --> node_venv_lib_python3_12_site-packages_PyQt6_Qt6_qml_QtQuick3D_Effects_designer["designer"]\n    node_venv_lib_python3_12_site-packages_PyQt6_Qt6_qml_QtQuick3D_Effects_designer --> node_venv_lib_python3_12_site-packages_PyQt6_Qt6_qml_QtQuick3D_Effects_designer_DistortionSpiralSpecifics_qml["DistortionSpiralSpecifics.qml"]\n    Root --> node_venv["venv"]\n    node_venv --> node_venv_lib["lib"]\n    node_venv_lib --> node_venv_lib_python3_12["python3.12"]\n    node_venv_lib_python3_12 --> node_venv_lib_python3_12_site-packages["site-packages"]\n    node_venv_lib_python3_12_site-packages --> node_venv_lib_python3_12_site-packages_PyQt6["PyQt6"]\n    node_venv_lib_python3_12_site-packages_PyQt6 --> node_venv_lib_python3_12_site-packages_PyQt6_Qt6["Qt6"]\n    node_venv_lib_python3_12_site-packages_PyQt6_Qt6 --> node_venv_lib_python3_12_site-packages_PyQt6_Qt6_qml["qml"]\n    node_venv_lib_python3_12_site-packages_PyQt6_Qt6_qml --> node_venv_lib_python3_12_site-packages_PyQt6_Qt6_qml_QtQuick3D["QtQuick3D"]\n    node_venv_lib_python3_12_site-packages_PyQt6_Qt6_qml_QtQuick3D --> node_venv_lib_python3_12_site-packages_PyQt6_Qt6_qml_QtQuick3D_Effects["Effects"]\n    node_venv_lib_python3_12_site-packages_PyQt6_Qt6_qml_QtQuick3D_Effects --> node_venv_lib_python3_12_site-packages_PyQt6_Qt6_qml_QtQuick3D_Effects_designer["designer"]\n    node_venv_lib_python3_12_site-packages_PyQt6_Qt6_qml_QtQuick3D_Effects_designer --> node_venv_lib_python3_12_site-packages_PyQt6_Qt6_qml_QtQuick3D_Effects_designer_EdgeDetectSection_qml["EdgeDetectSection.qml"]\n    Root --> node_venv["venv"]\n    node_venv --> node_venv_lib["lib"]\n    node_venv_lib --> node_venv_lib_python3_12["python3.12"]\n    node_venv_lib_python3_12 --> node_venv_lib_python3_12_site-packages["site-packages"]\n    node_venv_lib_python3_12_site-packages --> node_venv_lib_python3_12_site-packages_PyQt6["PyQt6"]\n    node_venv_lib_python3_12_site-packages_PyQt6 --> node_venv_lib_python3_12_site-packages_PyQt6_Qt6["Qt6"]\n    node_venv_lib_python3_12_site-packages_PyQt6_Qt6 --> node_venv_lib_python3_12_site-packages_PyQt6_Qt6_qml["qml"]\n    node_venv_lib_python3_12_site-packages_PyQt6_Qt6_qml --> node_venv_lib_python3_12_site-packages_PyQt6_Qt6_qml_QtQuick3D["QtQuick3D"]\n    node_venv_lib_python3_12_site-packages_PyQt6_Qt6_qml_QtQuick3D --> node_venv_lib_python3_12_site-packages_PyQt6_Qt6_qml_QtQuick3D_Effects["Effects"]\n    node_venv_lib_python3_12_site-packages_PyQt6_Qt6_qml_QtQuick3D_Effects --> node_venv_lib_python3_12_site-packages_PyQt6_Qt6_qml_QtQuick3D_Effects_designer["designer"]\n    node_venv_lib_python3_12_site-packages_PyQt6_Qt6_qml_QtQuick3D_Effects_designer --> node_venv_lib_python3_12_site-packages_PyQt6_Qt6_qml_QtQuick3D_Effects_designer_EdgeDetectSpecifics_qml["EdgeDetectSpecifics.qml"]\n    Root --> node_venv["venv"]\n    node_venv --> node_venv_lib["lib"]\n    node_venv_lib --> node_venv_lib_python3_12["python3.12"]\n    node_venv_lib_python3_12 --> node_venv_lib_python3_12_site-packages["site-packages"]\n    node_venv_lib_python3_12_site-packages --> node_venv_lib_python3_12_site-packages_PyQt6["PyQt6"]\n    node_venv_lib_python3_12_site-packages_PyQt6 --> node_venv_lib_python3_12_site-packages_PyQt6_Qt6["Qt6"]\n    node_venv_lib_python3_12_site-packages_PyQt6_Qt6 --> node_venv_lib_python3_12_site-packages_PyQt6_Qt6_qml["qml"]\n    node_venv_lib_python3_12_site-packages_PyQt6_Qt6_qml --> node_venv_lib_python3_12_site-packages_PyQt6_Qt6_qml_QtQuick3D["QtQuick3D"]\n    node_venv_lib_python3_12_site-packages_PyQt6_Qt6_qml_QtQuick3D --> node_venv_lib_python3_12_site-packages_PyQt6_Qt6_qml_QtQuick3D_Effects["Effects"]\n    node_venv_lib_python3_12_site-packages_PyQt6_Qt6_qml_QtQuick3D_Effects --> node_venv_lib_python3_12_site-packages_PyQt6_Qt6_qml_QtQuick3D_Effects_designer["designer"]\n    node_venv_lib_python3_12_site-packages_PyQt6_Qt6_qml_QtQuick3D_Effects_designer --> node_venv_lib_python3_12_site-packages_PyQt6_Qt6_qml_QtQuick3D_Effects_designer_EmbossSection_qml["EmbossSection.qml"]\n    Root --> node_venv["venv"]\n    node_venv --> node_venv_lib["lib"]\n    node_venv_lib --> node_venv_lib_python3_12["python3.12"]\n    node_venv_lib_python3_12 --> node_venv_lib_python3_12_site-packages["site-packages"]\n    node_venv_lib_python3_12_site-packages --> node_venv_lib_python3_12_site-packages_PyQt6["PyQt6"]\n    node_venv_lib_python3_12_site-packages_PyQt6 --> node_venv_lib_python3_12_site-packages_PyQt6_Qt6["Qt6"]\n    node_venv_lib_python3_12_site-packages_PyQt6_Qt6 --> node_venv_lib_python3_12_site-packages_PyQt6_Qt6_qml["qml"]\n    node_venv_lib_python3_12_site-packages_PyQt6_Qt6_qml --> node_venv_lib_python3_12_site-packages_PyQt6_Qt6_qml_QtQuick3D["QtQuick3D"]\n    node_venv_lib_python3_12_site-packages_PyQt6_Qt6_qml_QtQuick3D --> node_venv_lib_python3_12_site-packages_PyQt6_Qt6_qml_QtQuick3D_Effects["Effects"]\n    node_venv_lib_python3_12_site-packages_PyQt6_Qt6_qml_QtQuick3D_Effects --> node_venv_lib_python3_12_site-packages_PyQt6_Qt6_qml_QtQuick3D_Effects_designer["designer"]\n    node_venv_lib_python3_12_site-packages_PyQt6_Qt6_qml_QtQuick3D_Effects_designer --> node_venv_lib_python3_12_site-packages_PyQt6_Qt6_qml_QtQuick3D_Effects_designer_EmbossSpecifics_qml["EmbossSpecifics.qml"]\n    Root --> node_venv["venv"]\n    node_venv --> node_venv_lib["lib"]\n    node_venv_lib --> node_venv_lib_python3_12["python3.12"]\n    node_venv_lib_python3_12 --> node_venv_lib_python3_12_site-packages["site-packages"]\n    node_venv_lib_python3_12_site-packages --> node_venv_lib_python3_12_site-packages_PyQt6["PyQt6"]\n    node_venv_lib_python3_12_site-packages_PyQt6 --> node_venv_lib_python3_12_site-packages_PyQt6_Qt6["Qt6"]\n    node_venv_lib_python3_12_site-packages_PyQt6_Qt6 --> node_venv_lib_python3_12_site-packages_PyQt6_Qt6_qml["qml"]\n    node_venv_lib_python3_12_site-packages_PyQt6_Qt6_qml --> node_venv_lib_python3_12_site-packages_PyQt6_Qt6_qml_QtQuick3D["QtQuick3D"]\n    node_venv_lib_python3_12_site-packages_PyQt6_Qt6_qml_QtQuick3D --> node_venv_lib_python3_12_site-packages_PyQt6_Qt6_qml_QtQuick3D_Effects["Effects"]\n    node_venv_lib_python3_12_site-packages_PyQt6_Qt6_qml_QtQuick3D_Effects --> node_venv_lib_python3_12_site-packages_PyQt6_Qt6_qml_QtQuick3D_Effects_designer["designer"]\n    node_venv_lib_python3_12_site-packages_PyQt6_Qt6_qml_QtQuick3D_Effects_designer --> node_venv_lib_python3_12_site-packages_PyQt6_Qt6_qml_QtQuick3D_Effects_designer_FlipSection_qml["FlipSection.qml"]\n    Root --> node_venv["venv"]\n    node_venv --> node_venv_lib["lib"]\n    node_venv_lib --> node_venv_lib_python3_12["python3.12"]\n    node_venv_lib_python3_12 --> node_venv_lib_python3_12_site-packages["site-packages"]\n    node_venv_lib_python3_12_site-packages --> node_venv_lib_python3_12_site-packages_PyQt6["PyQt6"]\n    node_venv_lib_python3_12_site-packages_PyQt6 --> node_venv_lib_python3_12_site-packages_PyQt6_Qt6["Qt6"]\n    node_venv_lib_python3_12_site-packages_PyQt6_Qt6 --> node_venv_lib_python3_12_site-packages_PyQt6_Qt6_qml["qml"]\n    node_venv_lib_python3_12_site-packages_PyQt6_Qt6_qml --> node_venv_lib_python3_12_site-packages_PyQt6_Qt6_qml_QtQuick3D["QtQuick3D"]\n    node_venv_lib_python3_12_site-packages_PyQt6_Qt6_qml_QtQuick3D --> node_venv_lib_python3_12_site-packages_PyQt6_Qt6_qml_QtQuick3D_Effects["Effects"]\n    node_venv_lib_python3_12_site-packages_PyQt6_Qt6_qml_QtQuick3D_Effects --> node_venv_lib_python3_12_site-packages_PyQt6_Qt6_qml_QtQuick3D_Effects_designer["designer"]\n    node_venv_lib_python3_12_site-packages_PyQt6_Qt6_qml_QtQuick3D_Effects_designer --> node_venv_lib_python3_12_site-packages_PyQt6_Qt6_qml_QtQuick3D_Effects_designer_FlipSpecifics_qml["FlipSpecifics.qml"]\n    Root --> node_venv["venv"]\n    node_venv --> node_venv_lib["lib"]\n    node_venv_lib --> node_venv_lib_python3_12["python3.12"]\n    node_venv_lib_python3_12 --> node_venv_lib_python3_12_site-packages["site-packages"]\n    node_venv_lib_python3_12_site-packages --> node_venv_lib_python3_12_site-packages_PyQt6["PyQt6"]\n    node_venv_lib_python3_12_site-packages_PyQt6 --> node_venv_lib_python3_12_site-packages_PyQt6_Qt6["Qt6"]\n    node_venv_lib_python3_12_site-packages_PyQt6_Qt6 --> node_venv_lib_python3_12_site-packages_PyQt6_Qt6_qml["qml"]\n    node_venv_lib_python3_12_site-packages_PyQt6_Qt6_qml --> node_venv_lib_python3_12_site-packages_PyQt6_Qt6_qml_QtQuick3D["QtQuick3D"]\n    node_venv_lib_python3_12_site-packages_PyQt6_Qt6_qml_QtQuick3D --> node_venv_lib_python3_12_site-packages_PyQt6_Qt6_qml_QtQuick3D_Effects["Effects"]\n    node_venv_lib_python3_12_site-packages_PyQt6_Qt6_qml_QtQuick3D_Effects --> node_venv_lib_python3_12_site-packages_PyQt6_Qt6_qml_QtQuick3D_Effects_designer["designer"]\n    node_venv_lib_python3_12_site-packages_PyQt6_Qt6_qml_QtQuick3D_Effects_designer --> node_venv_lib_python3_12_site-packages_PyQt6_Qt6_qml_QtQuick3D_Effects_designer_FxaaSection_qml["FxaaSection.qml"]\n    Root --> node_venv["venv"]\n    node_venv --> node_venv_lib["lib"]\n    node_venv_lib --> node_venv_lib_python3_12["python3.12"]\n    node_venv_lib_python3_12 --> node_venv_lib_python3_12_site-packages["site-packages"]\n    node_venv_lib_python3_12_site-packages --> node_venv_lib_python3_12_site-packages_PyQt6["PyQt6"]\n    node_venv_lib_python3_12_site-packages_PyQt6 --> node_venv_lib_python3_12_site-packages_PyQt6_Qt6["Qt6"]\n    node_venv_lib_python3_12_site-packages_PyQt6_Qt6 --> node_venv_lib_python3_12_site-packages_PyQt6_Qt6_qml["qml"]\n    node_venv_lib_python3_12_site-packages_PyQt6_Qt6_qml --> node_venv_lib_python3_12_site-packages_PyQt6_Qt6_qml_QtQuick3D["QtQuick3D"]\n    node_venv_lib_python3_12_site-packages_PyQt6_Qt6_qml_QtQuick3D --> node_venv_lib_python3_12_site-packages_PyQt6_Qt6_qml_QtQuick3D_Effects["Effects"]\n    node_venv_lib_python3_12_site-packages_PyQt6_Qt6_qml_QtQuick3D_Effects --> node_venv_lib_python3_12_site-packages_PyQt6_Qt6_qml_QtQuick3D_Effects_designer["designer"]\n    node_venv_lib_python3_12_site-packages_PyQt6_Qt6_qml_QtQuick3D_Effects_designer --> node_venv_lib_python3_12_site-packages_PyQt6_Qt6_qml_QtQuick3D_Effects_designer_FxaaSpecifics_qml["FxaaSpecifics.qml"]\n    Root --> node_venv["venv"]\n    node_venv --> node_venv_lib["lib"]\n    node_venv_lib --> node_venv_lib_python3_12["python3.12"]\n    node_venv_lib_python3_12 --> node_venv_lib_python3_12_site-packages["site-packages"]\n    node_venv_lib_python3_12_site-packages --> node_venv_lib_python3_12_site-packages_PyQt6["PyQt6"]\n    node_venv_lib_python3_12_site-packages_PyQt6 --> node_venv_lib_python3_12_site-packages_PyQt6_Qt6["Qt6"]\n    node_venv_lib_python3_12_site-packages_PyQt6_Qt6 --> node_venv_lib_python3_12_site-packages_PyQt6_Qt6_qml["qml"]\n    node_venv_lib_python3_12_site-packages_PyQt6_Qt6_qml --> node_venv_lib_python3_12_site-packages_PyQt6_Qt6_qml_QtQuick3D["QtQuick3D"]\n    node_venv_lib_python3_12_site-packages_PyQt6_Qt6_qml_QtQuick3D --> node_venv_lib_python3_12_site-packages_PyQt6_Qt6_qml_QtQuick3D_Effects["Effects"]\n    node_venv_lib_python3_12_site-packages_PyQt6_Qt6_qml_QtQuick3D_Effects --> node_venv_lib_python3_12_site-packages_PyQt6_Qt6_qml_QtQuick3D_Effects_designer["designer"]\n    node_venv_lib_python3_12_site-packages_PyQt6_Qt6_qml_QtQuick3D_Effects_designer --> node_venv_lib_python3_12_site-packages_PyQt6_Qt6_qml_QtQuick3D_Effects_designer_GaussianBlurSection_qml["GaussianBlurSection.qml"]\n    Root --> node_venv["venv"]\n    node_venv --> node_venv_lib["lib"]\n    node_venv_lib --> node_venv_lib_python3_12["python3.12"]\n    node_venv_lib_python3_12 --> node_venv_lib_python3_12_site-packages["site-packages"]\n    node_venv_lib_python3_12_site-packages --> node_venv_lib_python3_12_site-packages_PyQt6["PyQt6"]\n    node_venv_lib_python3_12_site-packages_PyQt6 --> node_venv_lib_python3_12_site-packages_PyQt6_Qt6["Qt6"]\n    node_venv_lib_python3_12_site-packages_PyQt6_Qt6 --> node_venv_lib_python3_12_site-packages_PyQt6_Qt6_qml["qml"]\n    node_venv_lib_python3_12_site-packages_PyQt6_Qt6_qml --> node_venv_lib_python3_12_site-packages_PyQt6_Qt6_qml_QtQuick3D["QtQuick3D"]\n    node_venv_lib_python3_12_site-packages_PyQt6_Qt6_qml_QtQuick3D --> node_venv_lib_python3_12_site-packages_PyQt6_Qt6_qml_QtQuick3D_Effects["Effects"]\n    node_venv_lib_python3_12_site-packages_PyQt6_Qt6_qml_QtQuick3D_Effects --> node_venv_lib_python3_12_site-packages_PyQt6_Qt6_qml_QtQuick3D_Effects_designer["designer"]\n    node_venv_lib_python3_12_site-packages_PyQt6_Qt6_qml_QtQuick3D_Effects_designer --> node_venv_lib_python3_12_site-packages_PyQt6_Qt6_qml_QtQuick3D_Effects_designer_GaussianBlurSpecifics_qml["GaussianBlurSpecifics.qml"]\n    Root --> node_venv["venv"]\n    node_venv --> node_venv_lib["lib"]\n    node_venv_lib --> node_venv_lib_python3_12["python3.12"]\n    node_venv_lib_python3_12 --> node_venv_lib_python3_12_site-packages["site-packages"]\n    node_venv_lib_python3_12_site-packages --> node_venv_lib_python3_12_site-packages_PyQt6["PyQt6"]\n    node_venv_lib_python3_12_site-packages_PyQt6 --> node_venv_lib_python3_12_site-packages_PyQt6_Qt6["Qt6"]\n    node_venv_lib_python3_12_site-packages_PyQt6_Qt6 --> node_venv_lib_python3_12_site-packages_PyQt6_Qt6_qml["qml"]\n    node_venv_lib_python3_12_site-packages_PyQt6_Qt6_qml --> node_venv_lib_python3_12_site-packages_PyQt6_Qt6_qml_QtQuick3D["QtQuick3D"]\n    node_venv_lib_python3_12_site-packages_PyQt6_Qt6_qml_QtQuick3D --> node_venv_lib_python3_12_site-packages_PyQt6_Qt6_qml_QtQuick3D_Effects["Effects"]\n    node_venv_lib_python3_12_site-packages_PyQt6_Qt6_qml_QtQuick3D_Effects --> node_venv_lib_python3_12_site-packages_PyQt6_Qt6_qml_QtQuick3D_Effects_designer["designer"]\n    node_venv_lib_python3_12_site-packages_PyQt6_Qt6_qml_QtQuick3D_Effects_designer --> node_venv_lib_python3_12_site-packages_PyQt6_Qt6_qml_QtQuick3D_Effects_designer_HDRBloomTonemapSection_qml["HDRBloomTonemapSection.qml"]\n    Root --> node_venv["venv"]\n    node_venv --> node_venv_lib["lib"]\n    node_venv_lib --> node_venv_lib_python3_12["python3.12"]\n    node_venv_lib_python3_12 --> node_venv_lib_python3_12_site-packages["site-packages"]\n    node_venv_lib_python3_12_site-packages --> node_venv_lib_python3_12_site-packages_PyQt6["PyQt6"]\n    node_venv_lib_python3_12_site-packages_PyQt6 --> node_venv_lib_python3_12_site-packages_PyQt6_Qt6["Qt6"]\n    node_venv_lib_python3_12_site-packages_PyQt6_Qt6 --> node_venv_lib_python3_12_site-packages_PyQt6_Qt6_qml["qml"]\n    node_venv_lib_python3_12_site-packages_PyQt6_Qt6_qml --> node_venv_lib_python3_12_site-packages_PyQt6_Qt6_qml_QtQuick3D["QtQuick3D"]\n    node_venv_lib_python3_12_site-packages_PyQt6_Qt6_qml_QtQuick3D --> node_venv_lib_python3_12_site-packages_PyQt6_Qt6_qml_QtQuick3D_Effects["Effects"]\n    node_venv_lib_python3_12_site-packages_PyQt6_Qt6_qml_QtQuick3D_Effects --> node_venv_lib_python3_12_site-packages_PyQt6_Qt6_qml_QtQuick3D_Effects_designer["designer"]\n    node_venv_lib_python3_12_site-packages_PyQt6_Qt6_qml_QtQuick3D_Effects_designer --> node_venv_lib_python3_12_site-packages_PyQt6_Qt6_qml_QtQuick3D_Effects_designer_HDRBloomTonemapSpecifics_qml["HDRBloomTonemapSpecifics.qml"]\n    Root --> node_venv["venv"]\n    node_venv --> node_venv_lib["lib"]\n    node_venv_lib --> node_venv_lib_python3_12["python3.12"]\n    node_venv_lib_python3_12 --> node_venv_lib_python3_12_site-packages["site-packages"]\n    node_venv_lib_python3_12_site-packages --> node_venv_lib_python3_12_site-packages_PyQt6["PyQt6"]\n    node_venv_lib_python3_12_site-packages_PyQt6 --> node_venv_lib_python3_12_site-packages_PyQt6_Qt6["Qt6"]\n    node_venv_lib_python3_12_site-packages_PyQt6_Qt6 --> node_venv_lib_python3_12_site-packages_PyQt6_Qt6_qml["qml"]\n    node_venv_lib_python3_12_site-packages_PyQt6_Qt6_qml --> node_venv_lib_python3_12_site-packages_PyQt6_Qt6_qml_QtQuick3D["QtQuick3D"]\n    node_venv_lib_python3_12_site-packages_PyQt6_Qt6_qml_QtQuick3D --> node_venv_lib_python3_12_site-packages_PyQt6_Qt6_qml_QtQuick3D_Effects["Effects"]\n    node_venv_lib_python3_12_site-packages_PyQt6_Qt6_qml_QtQuick3D_Effects --> node_venv_lib_python3_12_site-packages_PyQt6_Qt6_qml_QtQuick3D_Effects_designer["designer"]\n    node_venv_lib_python3_12_site-packages_PyQt6_Qt6_qml_QtQuick3D_Effects_designer --> node_venv_lib_python3_12_site-packages_PyQt6_Qt6_qml_QtQuick3D_Effects_designer_MotionBlurSection_qml["MotionBlurSection.qml"]\n    Root --> node_venv["venv"]\n    node_venv --> node_venv_lib["lib"]\n    node_venv_lib --> node_venv_lib_python3_12["python3.12"]\n    node_venv_lib_python3_12 --> node_venv_lib_python3_12_site-packages["site-packages"]\n    node_venv_lib_python3_12_site-packages --> node_venv_lib_python3_12_site-packages_PyQt6["PyQt6"]\n    node_venv_lib_python3_12_site-packages_PyQt6 --> node_venv_lib_python3_12_site-packages_PyQt6_Qt6["Qt6"]\n    node_venv_lib_python3_12_site-packages_PyQt6_Qt6 --> node_venv_lib_python3_12_site-packages_PyQt6_Qt6_qml["qml"]\n    node_venv_lib_python3_12_site-packages_PyQt6_Qt6_qml --> node_venv_lib_python3_12_site-packages_PyQt6_Qt6_qml_QtQuick3D["QtQuick3D"]\n    node_venv_lib_python3_12_site-packages_PyQt6_Qt6_qml_QtQuick3D --> node_venv_lib_python3_12_site-packages_PyQt6_Qt6_qml_QtQuick3D_Effects["Effects"]\n    node_venv_lib_python3_12_site-packages_PyQt6_Qt6_qml_QtQuick3D_Effects --> node_venv_lib_python3_12_site-packages_PyQt6_Qt6_qml_QtQuick3D_Effects_designer["designer"]\n    node_venv_lib_python3_12_site-packages_PyQt6_Qt6_qml_QtQuick3D_Effects_designer --> node_venv_lib_python3_12_site-packages_PyQt6_Qt6_qml_QtQuick3D_Effects_designer_MotionBlurSpecifics_qml["MotionBlurSpecifics.qml"]\n    Root --> node_venv["venv"]\n    node_venv --> node_venv_lib["lib"]\n    node_venv_lib --> node_venv_lib_python3_12["python3.12"]\n    node_venv_lib_python3_12 --> node_venv_lib_python3_12_site-packages["site-packages"]\n    node_venv_lib_python3_12_site-packages --> node_venv_lib_python3_12_site-packages_PyQt6["PyQt6"]\n    node_venv_lib_python3_12_site-packages_PyQt6 --> node_venv_lib_python3_12_site-packages_PyQt6_Qt6["Qt6"]\n    node_venv_lib_python3_12_site-packages_PyQt6_Qt6 --> node_venv_lib_python3_12_site-packages_PyQt6_Qt6_qml["qml"]\n    node_venv_lib_python3_12_site-packages_PyQt6_Qt6_qml --> node_venv_lib_python3_12_site-packages_PyQt6_Qt6_qml_QtQuick3D["QtQuick3D"]\n    node_venv_lib_python3_12_site-packages_PyQt6_Qt6_qml_QtQuick3D --> node_venv_lib_python3_12_site-packages_PyQt6_Qt6_qml_QtQuick3D_Effects["Effects"]\n    node_venv_lib_python3_12_site-packages_PyQt6_Qt6_qml_QtQuick3D_Effects --> node_venv_lib_python3_12_site-packages_PyQt6_Qt6_qml_QtQuick3D_Effects_designer["designer"]\n    node_venv_lib_python3_12_site-packages_PyQt6_Qt6_qml_QtQuick3D_Effects_designer --> node_venv_lib_python3_12_site-packages_PyQt6_Qt6_qml_QtQuick3D_Effects_designer_SCurveTonemapSection_qml["SCurveTonemapSection.qml"]\n    Root --> node_venv["venv"]\n    node_venv --> node_venv_lib["lib"]\n    node_venv_lib --> node_venv_lib_python3_12["python3.12"]\n    node_venv_lib_python3_12 --> node_venv_lib_python3_12_site-packages["site-packages"]\n    node_venv_lib_python3_12_site-packages --> node_venv_lib_python3_12_site-packages_PyQt6["PyQt6"]\n    node_venv_lib_python3_12_site-packages_PyQt6 --> node_venv_lib_python3_12_site-packages_PyQt6_Qt6["Qt6"]\n    node_venv_lib_python3_12_site-packages_PyQt6_Qt6 --> node_venv_lib_python3_12_site-packages_PyQt6_Qt6_qml["qml"]\n    node_venv_lib_python3_12_site-packages_PyQt6_Qt6_qml --> node_venv_lib_python3_12_site-packages_PyQt6_Qt6_qml_QtQuick3D["QtQuick3D"]\n    node_venv_lib_python3_12_site-packages_PyQt6_Qt6_qml_QtQuick3D --> node_venv_lib_python3_12_site-packages_PyQt6_Qt6_qml_QtQuick3D_Effects["Effects"]\n    node_venv_lib_python3_12_site-packages_PyQt6_Qt6_qml_QtQuick3D_Effects --> node_venv_lib_python3_12_site-packages_PyQt6_Qt6_qml_QtQuick3D_Effects_designer["designer"]\n    node_venv_lib_python3_12_site-packages_PyQt6_Qt6_qml_QtQuick3D_Effects_designer --> node_venv_lib_python3_12_site-packages_PyQt6_Qt6_qml_QtQuick3D_Effects_designer_SCurveTonemapSpecifics_qml["SCurveTonemapSpecifics.qml"]\n    Root --> node_venv["venv"]\n    node_venv --> node_venv_lib["lib"]\n    node_venv_lib --> node_venv_lib_python3_12["python3.12"]\n    node_venv_lib_python3_12 --> node_venv_lib_python3_12_site-packages["site-packages"]\n    node_venv_lib_python3_12_site-packages --> node_venv_lib_python3_12_site-packages_PyQt6["PyQt6"]\n    node_venv_lib_python3_12_site-packages_PyQt6 --> node_venv_lib_python3_12_site-packages_PyQt6_Qt6["Qt6"]\n    node_venv_lib_python3_12_site-packages_PyQt6_Qt6 --> node_venv_lib_python3_12_site-packages_PyQt6_Qt6_qml["qml"]\n    node_venv_lib_python3_12_site-packages_PyQt6_Qt6_qml --> node_venv_lib_python3_12_site-packages_PyQt6_Qt6_qml_QtQuick3D["QtQuick3D"]\n    node_venv_lib_python3_12_site-packages_PyQt6_Qt6_qml_QtQuick3D --> node_venv_lib_python3_12_site-packages_PyQt6_Qt6_qml_QtQuick3D_Effects["Effects"]\n    node_venv_lib_python3_12_site-packages_PyQt6_Qt6_qml_QtQuick3D_Effects --> node_venv_lib_python3_12_site-packages_PyQt6_Qt6_qml_QtQuick3D_Effects_designer["designer"]\n    node_venv_lib_python3_12_site-packages_PyQt6_Qt6_qml_QtQuick3D_Effects_designer --> node_venv_lib_python3_12_site-packages_PyQt6_Qt6_qml_QtQuick3D_Effects_designer_ScatterSection_qml["ScatterSection.qml"]\n    Root --> node_venv["venv"]\n    node_venv --> node_venv_lib["lib"]\n    node_venv_lib --> node_venv_lib_python3_12["python3.12"]\n    node_venv_lib_python3_12 --> node_venv_lib_python3_12_site-packages["site-packages"]\n    node_venv_lib_python3_12_site-packages --> node_venv_lib_python3_12_site-packages_PyQt6["PyQt6"]\n    node_venv_lib_python3_12_site-packages_PyQt6 --> node_venv_lib_python3_12_site-packages_PyQt6_Qt6["Qt6"]\n    node_venv_lib_python3_12_site-packages_PyQt6_Qt6 --> node_venv_lib_python3_12_site-packages_PyQt6_Qt6_qml["qml"]\n    node_venv_lib_python3_12_site-packages_PyQt6_Qt6_qml --> node_venv_lib_python3_12_site-packages_PyQt6_Qt6_qml_QtQuick3D["QtQuick3D"]\n    node_venv_lib_python3_12_site-packages_PyQt6_Qt6_qml_QtQuick3D --> node_venv_lib_python3_12_site-packages_PyQt6_Qt6_qml_QtQuick3D_Effects["Effects"]\n    node_venv_lib_python3_12_site-packages_PyQt6_Qt6_qml_QtQuick3D_Effects --> node_venv_lib_python3_12_site-packages_PyQt6_Qt6_qml_QtQuick3D_Effects_designer["designer"]\n    node_venv_lib_python3_12_site-packages_PyQt6_Qt6_qml_QtQuick3D_Effects_designer --> node_venv_lib_python3_12_site-packages_PyQt6_Qt6_qml_QtQuick3D_Effects_designer_ScatterSpecifics_qml["ScatterSpecifics.qml"]\n    Root --> node_venv["venv"]\n    node_venv --> node_venv_lib["lib"]\n    node_venv_lib --> node_venv_lib_python3_12["python3.12"]\n    node_venv_lib_python3_12 --> node_venv_lib_python3_12_site-packages["site-packages"]\n    node_venv_lib_python3_12_site-packages --> node_venv_lib_python3_12_site-packages_PyQt6["PyQt6"]\n    node_venv_lib_python3_12_site-packages_PyQt6 --> node_venv_lib_python3_12_site-packages_PyQt6_Qt6["Qt6"]\n    node_venv_lib_python3_12_site-packages_PyQt6_Qt6 --> node_venv_lib_python3_12_site-packages_PyQt6_Qt6_qml["qml"]\n    node_venv_lib_python3_12_site-packages_PyQt6_Qt6_qml --> node_venv_lib_python3_12_site-packages_PyQt6_Qt6_qml_QtQuick3D["QtQuick3D"]\n    node_venv_lib_python3_12_site-packages_PyQt6_Qt6_qml_QtQuick3D --> node_venv_lib_python3_12_site-packages_PyQt6_Qt6_qml_QtQuick3D_Effects["Effects"]\n    node_venv_lib_python3_12_site-packages_PyQt6_Qt6_qml_QtQuick3D_Effects --> node_venv_lib_python3_12_site-packages_PyQt6_Qt6_qml_QtQuick3D_Effects_designer["designer"]\n    node_venv_lib_python3_12_site-packages_PyQt6_Qt6_qml_QtQuick3D_Effects_designer --> node_venv_lib_python3_12_site-packages_PyQt6_Qt6_qml_QtQuick3D_Effects_designer_TiltShiftSection_qml["TiltShiftSection.qml"]\n    Root --> node_venv["venv"]\n    node_venv --> node_venv_lib["lib"]\n    node_venv_lib --> node_venv_lib_python3_12["python3.12"]\n    node_venv_lib_python3_12 --> node_venv_lib_python3_12_site-packages["site-packages"]\n    node_venv_lib_python3_12_site-packages --> node_venv_lib_python3_12_site-packages_PyQt6["PyQt6"]\n    node_venv_lib_python3_12_site-packages_PyQt6 --> node_venv_lib_python3_12_site-packages_PyQt6_Qt6["Qt6"]\n    node_venv_lib_python3_12_site-packages_PyQt6_Qt6 --> node_venv_lib_python3_12_site-packages_PyQt6_Qt6_qml["qml"]\n    node_venv_lib_python3_12_site-packages_PyQt6_Qt6_qml --> node_venv_lib_python3_12_site-packages_PyQt6_Qt6_qml_QtQuick3D["QtQuick3D"]\n    node_venv_lib_python3_12_site-packages_PyQt6_Qt6_qml_QtQuick3D --> node_venv_lib_python3_12_site-packages_PyQt6_Qt6_qml_QtQuick3D_Effects["Effects"]\n    node_venv_lib_python3_12_site-packages_PyQt6_Qt6_qml_QtQuick3D_Effects --> node_venv_lib_python3_12_site-packages_PyQt6_Qt6_qml_QtQuick3D_Effects_designer["designer"]\n    node_venv_lib_python3_12_site-packages_PyQt6_Qt6_qml_QtQuick3D_Effects_designer --> node_venv_lib_python3_12_site-packages_PyQt6_Qt6_qml_QtQuick3D_Effects_designer_TiltShiftSpecifics_qml["TiltShiftSpecifics.qml"]\n    Root --> node_venv["venv"]\n    node_venv --> node_venv_lib["lib"]\n    node_venv_lib --> node_venv_lib_python3_12["python3.12"]\n    node_venv_lib_python3_12 --> node_venv_lib_python3_12_site-packages["site-packages"]\n    node_venv_lib_python3_12_site-packages --> node_venv_lib_python3_12_site-packages_PyQt6["PyQt6"]\n    node_venv_lib_python3_12_site-packages_PyQt6 --> node_venv_lib_python3_12_site-packages_PyQt6_Qt6["Qt6"]\n    node_venv_lib_python3_12_site-packages_PyQt6_Qt6 --> node_venv_lib_python3_12_site-packages_PyQt6_Qt6_qml["qml"]\n    node_venv_lib_python3_12_site-packages_PyQt6_Qt6_qml --> node_venv_lib_python3_12_site-packages_PyQt6_Qt6_qml_QtQuick3D["QtQuick3D"]\n    node_venv_lib_python3_12_site-packages_PyQt6_Qt6_qml_QtQuick3D --> node_venv_lib_python3_12_site-packages_PyQt6_Qt6_qml_QtQuick3D_Effects["Effects"]\n    node_venv_lib_python3_12_site-packages_PyQt6_Qt6_qml_QtQuick3D_Effects --> node_venv_lib_python3_12_site-packages_PyQt6_Qt6_qml_QtQuick3D_Effects_designer["designer"]\n    node_venv_lib_python3_12_site-packages_PyQt6_Qt6_qml_QtQuick3D_Effects_designer --> node_venv_lib_python3_12_site-packages_PyQt6_Qt6_qml_QtQuick3D_Effects_designer_VignetteSection_qml["VignetteSection.qml"]\n    Root --> node_venv["venv"]\n    node_venv --> node_venv_lib["lib"]\n    node_venv_lib --> node_venv_lib_python3_12["python3.12"]\n    node_venv_lib_python3_12 --> node_venv_lib_python3_12_site-packages["site-packages"]\n    node_venv_lib_python3_12_site-packages --> node_venv_lib_python3_12_site-packages_PyQt6["PyQt6"]\n    node_venv_lib_python3_12_site-packages_PyQt6 --> node_venv_lib_python3_12_site-packages_PyQt6_Qt6["Qt6"]\n    node_venv_lib_python3_12_site-packages_PyQt6_Qt6 --> node_venv_lib_python3_12_site-packages_PyQt6_Qt6_qml["qml"]\n    node_venv_lib_python3_12_site-packages_PyQt6_Qt6_qml --> node_venv_lib_python3_12_site-packages_PyQt6_Qt6_qml_QtQuick3D["QtQuick3D"]\n    node_venv_lib_python3_12_site-packages_PyQt6_Qt6_qml_QtQuick3D --> node_venv_lib_python3_12_site-packages_PyQt6_Qt6_qml_QtQuick3D_Effects["Effects"]\n    node_venv_lib_python3_12_site-packages_PyQt6_Qt6_qml_QtQuick3D_Effects --> node_venv_lib_python3_12_site-packages_PyQt6_Qt6_qml_QtQuick3D_Effects_designer["designer"]\n    node_venv_lib_python3_12_site-packages_PyQt6_Qt6_qml_QtQuick3D_Effects_designer --> node_venv_lib_python3_12_site-packages_PyQt6_Qt6_qml_QtQuick3D_Effects_designer_VignetteSpecifics_qml["VignetteSpecifics.qml"]\n    Root --> node_venv["venv"]\n    node_venv --> node_venv_lib["lib"]\n    node_venv_lib --> node_venv_lib_python3_12["python3.12"]\n    node_venv_lib_python3_12 --> node_venv_lib_python3_12_site-packages["site-packages"]\n    node_venv_lib_python3_12_site-packages --> node_venv_lib_python3_12_site-packages_PyQt6["PyQt6"]\n    node_venv_lib_python3_12_site-packages_PyQt6 --> node_venv_lib_python3_12_site-packages_PyQt6_Qt6["Qt6"]\n    node_venv_lib_python3_12_site-packages_PyQt6_Qt6 --> node_venv_lib_python3_12_site-packages_PyQt6_Qt6_qml["qml"]\n    node_venv_lib_python3_12_site-packages_PyQt6_Qt6_qml --> node_venv_lib_python3_12_site-packages_PyQt6_Qt6_qml_QtQuick3D["QtQuick3D"]\n    node_venv_lib_python3_12_site-packages_PyQt6_Qt6_qml_QtQuick3D --> node_venv_lib_python3_12_site-packages_PyQt6_Qt6_qml_QtQuick3D_Effects["Effects"]\n    node_venv_lib_python3_12_site-packages_PyQt6_Qt6_qml_QtQuick3D_Effects --> node_venv_lib_python3_12_site-packages_PyQt6_Qt6_qml_QtQuick3D_Effects_designer["designer"]\n    node_venv_lib_python3_12_site-packages_PyQt6_Qt6_qml_QtQuick3D_Effects_designer --> node_venv_lib_python3_12_site-packages_PyQt6_Qt6_qml_QtQuick3D_Effects_designer_effectlib_metainfo["effectlib.metainfo"]\n    Root --> node_venv["venv"]\n    node_venv --> node_venv_lib["lib"]\n    node_venv_lib --> node_venv_lib_python3_12["python3.12"]\n    node_venv_lib_python3_12 --> node_venv_lib_python3_12_site-packages["site-packages"]\n    node_venv_lib_python3_12_site-packages --> node_venv_lib_python3_12_site-packages_PyQt6["PyQt6"]\n    node_venv_lib_python3_12_site-packages_PyQt6 --> node_venv_lib_python3_12_site-packages_PyQt6_Qt6["Qt6"]\n    node_venv_lib_python3_12_site-packages_PyQt6_Qt6 --> node_venv_lib_python3_12_site-packages_PyQt6_Qt6_qml["qml"]\n    node_venv_lib_python3_12_site-packages_PyQt6_Qt6_qml --> node_venv_lib_python3_12_site-packages_PyQt6_Qt6_qml_QtQuick3D["QtQuick3D"]\n    node_venv_lib_python3_12_site-packages_PyQt6_Qt6_qml_QtQuick3D --> node_venv_lib_python3_12_site-packages_PyQt6_Qt6_qml_QtQuick3D_Effects["Effects"]\n    node_venv_lib_python3_12_site-packages_PyQt6_Qt6_qml_QtQuick3D_Effects --> node_venv_lib_python3_12_site-packages_PyQt6_Qt6_qml_QtQuick3D_Effects_designer["designer"]\n    node_venv_lib_python3_12_site-packages_PyQt6_Qt6_qml_QtQuick3D_Effects_designer --> node_venv_lib_python3_12_site-packages_PyQt6_Qt6_qml_QtQuick3D_Effects_designer_images["images"]\n    node_venv_lib_python3_12_site-packages_PyQt6_Qt6_qml_QtQuick3D_Effects_designer_images --> node_venv_lib_python3_12_site-packages_PyQt6_Qt6_qml_QtQuick3D_Effects_designer_images_effect_png["effect.png"]\n    Root --> node_venv["venv"]\n    node_venv --> node_venv_lib["lib"]\n    node_venv_lib --> node_venv_lib_python3_12["python3.12"]\n    node_venv_lib_python3_12 --> node_venv_lib_python3_12_site-packages["site-packages"]\n    node_venv_lib_python3_12_site-packages --> node_venv_lib_python3_12_site-packages_PyQt6["PyQt6"]\n    node_venv_lib_python3_12_site-packages_PyQt6 --> node_venv_lib_python3_12_site-packages_PyQt6_Qt6["Qt6"]\n    node_venv_lib_python3_12_site-packages_PyQt6_Qt6 --> node_venv_lib_python3_12_site-packages_PyQt6_Qt6_qml["qml"]\n    node_venv_lib_python3_12_site-packages_PyQt6_Qt6_qml --> node_venv_lib_python3_12_site-packages_PyQt6_Qt6_qml_QtQuick3D["QtQuick3D"]\n    node_venv_lib_python3_12_site-packages_PyQt6_Qt6_qml_QtQuick3D --> node_venv_lib_python3_12_site-packages_PyQt6_Qt6_qml_QtQuick3D_Effects["Effects"]\n    node_venv_lib_python3_12_site-packages_PyQt6_Qt6_qml_QtQuick3D_Effects --> node_venv_lib_python3_12_site-packages_PyQt6_Qt6_qml_QtQuick3D_Effects_designer["designer"]\n    node_venv_lib_python3_12_site-packages_PyQt6_Qt6_qml_QtQuick3D_Effects_designer --> node_venv_lib_python3_12_site-packages_PyQt6_Qt6_qml_QtQuick3D_Effects_designer_images["images"]\n    node_venv_lib_python3_12_site-packages_PyQt6_Qt6_qml_QtQuick3D_Effects_designer_images --> node_venv_lib_python3_12_site-packages_PyQt6_Qt6_qml_QtQuick3D_Effects_designer_images_effect16_png["effect16.png"]\n    Root --> node_venv["venv"]\n    node_venv --> node_venv_lib["lib"]\n    node_venv_lib --> node_venv_lib_python3_12["python3.12"]\n    node_venv_lib_python3_12 --> node_venv_lib_python3_12_site-packages["site-packages"]\n    node_venv_lib_python3_12_site-packages --> node_venv_lib_python3_12_site-packages_PyQt6["PyQt6"]\n    node_venv_lib_python3_12_site-packages_PyQt6 --> node_venv_lib_python3_12_site-packages_PyQt6_Qt6["Qt6"]\n    node_venv_lib_python3_12_site-packages_PyQt6_Qt6 --> node_venv_lib_python3_12_site-packages_PyQt6_Qt6_qml["qml"]\n    node_venv_lib_python3_12_site-packages_PyQt6_Qt6_qml --> node_venv_lib_python3_12_site-packages_PyQt6_Qt6_qml_QtQuick3D["QtQuick3D"]\n    node_venv_lib_python3_12_site-packages_PyQt6_Qt6_qml_QtQuick3D --> node_venv_lib_python3_12_site-packages_PyQt6_Qt6_qml_QtQuick3D_Effects["Effects"]\n    node_venv_lib_python3_12_site-packages_PyQt6_Qt6_qml_QtQuick3D_Effects --> node_venv_lib_python3_12_site-packages_PyQt6_Qt6_qml_QtQuick3D_Effects_designer["designer"]\n    node_venv_lib_python3_12_site-packages_PyQt6_Qt6_qml_QtQuick3D_Effects_designer --> node_venv_lib_python3_12_site-packages_PyQt6_Qt6_qml_QtQuick3D_Effects_designer_images["images"]\n    node_venv_lib_python3_12_site-packages_PyQt6_Qt6_qml_QtQuick3D_Effects_designer_images --> node_venv_lib_python3_12_site-packages_PyQt6_Qt6_qml_QtQuick3D_Effects_designer_images_effect@2x_png["effect@2x.png"]\n    Root --> node_venv["venv"]\n    node_venv --> node_venv_lib["lib"]\n    node_venv_lib --> node_venv_lib_python3_12["python3.12"]\n    node_venv_lib_python3_12 --> node_venv_lib_python3_12_site-packages["site-packages"]\n    node_venv_lib_python3_12_site-packages --> node_venv_lib_python3_12_site-packages_PyQt6["PyQt6"]\n    node_venv_lib_python3_12_site-packages_PyQt6 --> node_venv_lib_python3_12_site-packages_PyQt6_Qt6["Qt6"]\n    node_venv_lib_python3_12_site-packages_PyQt6_Qt6 --> node_venv_lib_python3_12_site-packages_PyQt6_Qt6_qml["qml"]\n    node_venv_lib_python3_12_site-packages_PyQt6_Qt6_qml --> node_venv_lib_python3_12_site-packages_PyQt6_Qt6_qml_QtQuick3D["QtQuick3D"]\n    node_venv_lib_python3_12_site-packages_PyQt6_Qt6_qml_QtQuick3D --> node_venv_lib_python3_12_site-packages_PyQt6_Qt6_qml_QtQuick3D_Helpers["Helpers"]\n    node_venv_lib_python3_12_site-packages_PyQt6_Qt6_qml_QtQuick3D_Helpers --> node_venv_lib_python3_12_site-packages_PyQt6_Qt6_qml_QtQuick3D_Helpers_AxisHelper_qml["AxisHelper.qml"]\n    Root --> node_venv["venv"]\n    node_venv --> node_venv_lib["lib"]\n    node_venv_lib --> node_venv_lib_python3_12["python3.12"]\n    node_venv_lib_python3_12 --> node_venv_lib_python3_12_site-packages["site-packages"]\n    node_venv_lib_python3_12_site-packages --> node_venv_lib_python3_12_site-packages_PyQt6["PyQt6"]\n    node_venv_lib_python3_12_site-packages_PyQt6 --> node_venv_lib_python3_12_site-packages_PyQt6_Qt6["Qt6"]\n    node_venv_lib_python3_12_site-packages_PyQt6_Qt6 --> node_venv_lib_python3_12_site-packages_PyQt6_Qt6_qml["qml"]\n    node_venv_lib_python3_12_site-packages_PyQt6_Qt6_qml --> node_venv_lib_python3_12_site-packages_PyQt6_Qt6_qml_QtQuick3D["QtQuick3D"]\n    node_venv_lib_python3_12_site-packages_PyQt6_Qt6_qml_QtQuick3D --> node_venv_lib_python3_12_site-packages_PyQt6_Qt6_qml_QtQuick3D_Helpers["Helpers"]\n    node_venv_lib_python3_12_site-packages_PyQt6_Qt6_qml_QtQuick3D_Helpers --> node_venv_lib_python3_12_site-packages_PyQt6_Qt6_qml_QtQuick3D_Helpers_DebugView_qml["DebugView.qml"]\n    Root --> node_venv["venv"]\n    node_venv --> node_venv_lib["lib"]\n    node_venv_lib --> node_venv_lib_python3_12["python3.12"]\n    node_venv_lib_python3_12 --> node_venv_lib_python3_12_site-packages["site-packages"]\n    node_venv_lib_python3_12_site-packages --> node_venv_lib_python3_12_site-packages_PyQt6["PyQt6"]\n    node_venv_lib_python3_12_site-packages_PyQt6 --> node_venv_lib_python3_12_site-packages_PyQt6_Qt6["Qt6"]\n    node_venv_lib_python3_12_site-packages_PyQt6_Qt6 --> node_venv_lib_python3_12_site-packages_PyQt6_Qt6_qml["qml"]\n    node_venv_lib_python3_12_site-packages_PyQt6_Qt6_qml --> node_venv_lib_python3_12_site-packages_PyQt6_Qt6_qml_QtQuick3D["QtQuick3D"]\n    node_venv_lib_python3_12_site-packages_PyQt6_Qt6_qml_QtQuick3D --> node_venv_lib_python3_12_site-packages_PyQt6_Qt6_qml_QtQuick3D_Helpers["Helpers"]\n    node_venv_lib_python3_12_site-packages_PyQt6_Qt6_qml_QtQuick3D_Helpers --> node_venv_lib_python3_12_site-packages_PyQt6_Qt6_qml_QtQuick3D_Helpers_ExtendedSceneEnvironment_qml["ExtendedSceneEnvironment.qml"]\n    Root --> node_venv["venv"]\n    node_venv --> node_venv_lib["lib"]\n    node_venv_lib --> node_venv_lib_python3_12["python3.12"]\n    node_venv_lib_python3_12 --> node_venv_lib_python3_12_site-packages["site-packages"]\n    node_venv_lib_python3_12_site-packages --> node_venv_lib_python3_12_site-packages_PyQt6["PyQt6"]\n    node_venv_lib_python3_12_site-packages_PyQt6 --> node_venv_lib_python3_12_site-packages_PyQt6_Qt6["Qt6"]\n    node_venv_lib_python3_12_site-packages_PyQt6_Qt6 --> node_venv_lib_python3_12_site-packages_PyQt6_Qt6_qml["qml"]\n    node_venv_lib_python3_12_site-packages_PyQt6_Qt6_qml --> node_venv_lib_python3_12_site-packages_PyQt6_Qt6_qml_QtQuick3D["QtQuick3D"]\n    node_venv_lib_python3_12_site-packages_PyQt6_Qt6_qml_QtQuick3D --> node_venv_lib_python3_12_site-packages_PyQt6_Qt6_qml_QtQuick3D_Helpers["Helpers"]\n    node_venv_lib_python3_12_site-packages_PyQt6_Qt6_qml_QtQuick3D_Helpers --> node_venv_lib_python3_12_site-packages_PyQt6_Qt6_qml_QtQuick3D_Helpers_LodManager_qml["LodManager.qml"]\n    Root --> node_venv["venv"]\n    node_venv --> node_venv_lib["lib"]\n    node_venv_lib --> node_venv_lib_python3_12["python3.12"]\n    node_venv_lib_python3_12 --> node_venv_lib_python3_12_site-packages["site-packages"]\n    node_venv_lib_python3_12_site-packages --> node_venv_lib_python3_12_site-packages_PyQt6["PyQt6"]\n    node_venv_lib_python3_12_site-packages_PyQt6 --> node_venv_lib_python3_12_site-packages_PyQt6_Qt6["Qt6"]\n    node_venv_lib_python3_12_site-packages_PyQt6_Qt6 --> node_venv_lib_python3_12_site-packages_PyQt6_Qt6_qml["qml"]\n    node_venv_lib_python3_12_site-packages_PyQt6_Qt6_qml --> node_venv_lib_python3_12_site-packages_PyQt6_Qt6_qml_QtQuick3D["QtQuick3D"]\n    node_venv_lib_python3_12_site-packages_PyQt6_Qt6_qml_QtQuick3D --> node_venv_lib_python3_12_site-packages_PyQt6_Qt6_qml_QtQuick3D_Helpers["Helpers"]\n    node_venv_lib_python3_12_site-packages_PyQt6_Qt6_qml_QtQuick3D_Helpers --> node_venv_lib_python3_12_site-packages_PyQt6_Qt6_qml_QtQuick3D_Helpers_OrbitCameraController_qml["OrbitCameraController.qml"]\n    Root --> node_venv["venv"]\n    node_venv --> node_venv_lib["lib"]\n    node_venv_lib --> node_venv_lib_python3_12["python3.12"]\n    node_venv_lib_python3_12 --> node_venv_lib_python3_12_site-packages["site-packages"]\n    node_venv_lib_python3_12_site-packages --> node_venv_lib_python3_12_site-packages_PyQt6["PyQt6"]\n    node_venv_lib_python3_12_site-packages_PyQt6 --> node_venv_lib_python3_12_site-packages_PyQt6_Qt6["Qt6"]\n    node_venv_lib_python3_12_site-packages_PyQt6_Qt6 --> node_venv_lib_python3_12_site-packages_PyQt6_Qt6_qml["qml"]\n    node_venv_lib_python3_12_site-packages_PyQt6_Qt6_qml --> node_venv_lib_python3_12_site-packages_PyQt6_Qt6_qml_QtQuick3D["QtQuick3D"]\n    node_venv_lib_python3_12_site-packages_PyQt6_Qt6_qml_QtQuick3D --> node_venv_lib_python3_12_site-packages_PyQt6_Qt6_qml_QtQuick3D_Helpers["Helpers"]\n    node_venv_lib_python3_12_site-packages_PyQt6_Qt6_qml_QtQuick3D_Helpers --> node_venv_lib_python3_12_site-packages_PyQt6_Qt6_qml_QtQuick3D_Helpers_WasdController_qml["WasdController.qml"]\n    Root --> node_venv["venv"]\n    node_venv --> node_venv_lib["lib"]\n    node_venv_lib --> node_venv_lib_python3_12["python3.12"]\n    node_venv_lib_python3_12 --> node_venv_lib_python3_12_site-packages["site-packages"]\n    node_venv_lib_python3_12_site-packages --> node_venv_lib_python3_12_site-packages_PyQt6["PyQt6"]\n    node_venv_lib_python3_12_site-packages_PyQt6 --> node_venv_lib_python3_12_site-packages_PyQt6_Qt6["Qt6"]\n    node_venv_lib_python3_12_site-packages_PyQt6_Qt6 --> node_venv_lib_python3_12_site-packages_PyQt6_Qt6_qml["qml"]\n    node_venv_lib_python3_12_site-packages_PyQt6_Qt6_qml --> node_venv_lib_python3_12_site-packages_PyQt6_Qt6_qml_QtQuick3D["QtQuick3D"]\n    node_venv_lib_python3_12_site-packages_PyQt6_Qt6_qml_QtQuick3D --> node_venv_lib_python3_12_site-packages_PyQt6_Qt6_qml_QtQuick3D_Helpers["Helpers"]\n    node_venv_lib_python3_12_site-packages_PyQt6_Qt6_qml_QtQuick3D_Helpers --> node_venv_lib_python3_12_site-packages_PyQt6_Qt6_qml_QtQuick3D_Helpers_libqtquick3dhelpersplugin_dylib["libqtquick3dhelpersplugin.dylib"]\n    Root --> node_venv["venv"]\n    node_venv --> node_venv_lib["lib"]\n    node_venv_lib --> node_venv_lib_python3_12["python3.12"]\n    node_venv_lib_python3_12 --> node_venv_lib_python3_12_site-packages["site-packages"]\n    node_venv_lib_python3_12_site-packages --> node_venv_lib_python3_12_site-packages_PyQt6["PyQt6"]\n    node_venv_lib_python3_12_site-packages_PyQt6 --> node_venv_lib_python3_12_site-packages_PyQt6_Qt6["Qt6"]\n    node_venv_lib_python3_12_site-packages_PyQt6_Qt6 --> node_venv_lib_python3_12_site-packages_PyQt6_Qt6_qml["qml"]\n    node_venv_lib_python3_12_site-packages_PyQt6_Qt6_qml --> node_venv_lib_python3_12_site-packages_PyQt6_Qt6_qml_QtQuick3D["QtQuick3D"]\n    node_venv_lib_python3_12_site-packages_PyQt6_Qt6_qml_QtQuick3D --> node_venv_lib_python3_12_site-packages_PyQt6_Qt6_qml_QtQuick3D_Helpers["Helpers"]\n    node_venv_lib_python3_12_site-packages_PyQt6_Qt6_qml_QtQuick3D_Helpers --> node_venv_lib_python3_12_site-packages_PyQt6_Qt6_qml_QtQuick3D_Helpers_plugins_qmltypes["plugins.qmltypes"]\n    Root --> node_venv["venv"]\n    node_venv --> node_venv_lib["lib"]\n    node_venv_lib --> node_venv_lib_python3_12["python3.12"]\n    node_venv_lib_python3_12 --> node_venv_lib_python3_12_site-packages["site-packages"]\n    node_venv_lib_python3_12_site-packages --> node_venv_lib_python3_12_site-packages_PyQt6["PyQt6"]\n    node_venv_lib_python3_12_site-packages_PyQt6 --> node_venv_lib_python3_12_site-packages_PyQt6_Qt6["Qt6"]\n    node_venv_lib_python3_12_site-packages_PyQt6_Qt6 --> node_venv_lib_python3_12_site-packages_PyQt6_Qt6_qml["qml"]\n    node_venv_lib_python3_12_site-packages_PyQt6_Qt6_qml --> node_venv_lib_python3_12_site-packages_PyQt6_Qt6_qml_QtQuick3D["QtQuick3D"]\n    node_venv_lib_python3_12_site-packages_PyQt6_Qt6_qml_QtQuick3D --> node_venv_lib_python3_12_site-packages_PyQt6_Qt6_qml_QtQuick3D_Helpers["Helpers"]\n    node_venv_lib_python3_12_site-packages_PyQt6_Qt6_qml_QtQuick3D_Helpers --> node_venv_lib_python3_12_site-packages_PyQt6_Qt6_qml_QtQuick3D_Helpers_qmldir["qmldir"]\n    Root --> node_venv["venv"]\n    node_venv --> node_venv_lib["lib"]\n    node_venv_lib --> node_venv_lib_python3_12["python3.12"]\n    node_venv_lib_python3_12 --> node_venv_lib_python3_12_site-packages["site-packages"]\n    node_venv_lib_python3_12_site-packages --> node_venv_lib_python3_12_site-packages_PyQt6["PyQt6"]\n    node_venv_lib_python3_12_site-packages_PyQt6 --> node_venv_lib_python3_12_site-packages_PyQt6_Qt6["Qt6"]\n    node_venv_lib_python3_12_site-packages_PyQt6_Qt6 --> node_venv_lib_python3_12_site-packages_PyQt6_Qt6_qml["qml"]\n    node_venv_lib_python3_12_site-packages_PyQt6_Qt6_qml --> node_venv_lib_python3_12_site-packages_PyQt6_Qt6_qml_QtQuick3D["QtQuick3D"]\n    node_venv_lib_python3_12_site-packages_PyQt6_Qt6_qml_QtQuick3D --> node_venv_lib_python3_12_site-packages_PyQt6_Qt6_qml_QtQuick3D_Helpers["Helpers"]\n    node_venv_lib_python3_12_site-packages_PyQt6_Qt6_qml_QtQuick3D_Helpers --> node_venv_lib_python3_12_site-packages_PyQt6_Qt6_qml_QtQuick3D_Helpers_impl["impl"]\n    node_venv_lib_python3_12_site-packages_PyQt6_Qt6_qml_QtQuick3D_Helpers_impl --> node_venv_lib_python3_12_site-packages_PyQt6_Qt6_qml_QtQuick3D_Helpers_impl_DepthOfFieldBlur_qml["DepthOfFieldBlur.qml"]\n    Root --> node_venv["venv"]\n    node_venv --> node_venv_lib["lib"]\n    node_venv_lib --> node_venv_lib_python3_12["python3.12"]\n    node_venv_lib_python3_12 --> node_venv_lib_python3_12_site-packages["site-packages"]\n    node_venv_lib_python3_12_site-packages --> node_venv_lib_python3_12_site-packages_PyQt6["PyQt6"]\n    node_venv_lib_python3_12_site-packages_PyQt6 --> node_venv_lib_python3_12_site-packages_PyQt6_Qt6["Qt6"]\n    node_venv_lib_python3_12_site-packages_PyQt6_Qt6 --> node_venv_lib_python3_12_site-packages_PyQt6_Qt6_qml["qml"]\n    node_venv_lib_python3_12_site-packages_PyQt6_Qt6_qml --> node_venv_lib_python3_12_site-packages_PyQt6_Qt6_qml_QtQuick3D["QtQuick3D"]\n    node_venv_lib_python3_12_site-packages_PyQt6_Qt6_qml_QtQuick3D --> node_venv_lib_python3_12_site-packages_PyQt6_Qt6_qml_QtQuick3D_Helpers["Helpers"]\n    node_venv_lib_python3_12_site-packages_PyQt6_Qt6_qml_QtQuick3D_Helpers --> node_venv_lib_python3_12_site-packages_PyQt6_Qt6_qml_QtQuick3D_Helpers_impl["impl"]\n    node_venv_lib_python3_12_site-packages_PyQt6_Qt6_qml_QtQuick3D_Helpers_impl --> node_venv_lib_python3_12_site-packages_PyQt6_Qt6_qml_QtQuick3D_Helpers_impl_SceneEffect_qml["SceneEffect.qml"]\n    Root --> node_venv["venv"]\n    node_venv --> node_venv_lib["lib"]\n    node_venv_lib --> node_venv_lib_python3_12["python3.12"]\n    node_venv_lib_python3_12 --> node_venv_lib_python3_12_site-packages["site-packages"]\n    node_venv_lib_python3_12_site-packages --> node_venv_lib_python3_12_site-packages_PyQt6["PyQt6"]\n    node_venv_lib_python3_12_site-packages_PyQt6 --> node_venv_lib_python3_12_site-packages_PyQt6_Qt6["Qt6"]\n    node_venv_lib_python3_12_site-packages_PyQt6_Qt6 --> node_venv_lib_python3_12_site-packages_PyQt6_Qt6_qml["qml"]\n    node_venv_lib_python3_12_site-packages_PyQt6_Qt6_qml --> node_venv_lib_python3_12_site-packages_PyQt6_Qt6_qml_QtQuick3D["QtQuick3D"]\n    node_venv_lib_python3_12_site-packages_PyQt6_Qt6_qml_QtQuick3D --> node_venv_lib_python3_12_site-packages_PyQt6_Qt6_qml_QtQuick3D_Helpers["Helpers"]\n    node_venv_lib_python3_12_site-packages_PyQt6_Qt6_qml_QtQuick3D_Helpers --> node_venv_lib_python3_12_site-packages_PyQt6_Qt6_qml_QtQuick3D_Helpers_impl["impl"]\n    node_venv_lib_python3_12_site-packages_PyQt6_Qt6_qml_QtQuick3D_Helpers_impl --> node_venv_lib_python3_12_site-packages_PyQt6_Qt6_qml_QtQuick3D_Helpers_impl_libqtquick3dhelpersimplplugin_dylib["libqtquick3dhelpersimplplugin.dylib"]\n    Root --> node_venv["venv"]\n    node_venv --> node_venv_lib["lib"]\n    node_venv_lib --> node_venv_lib_python3_12["python3.12"]\n    node_venv_lib_python3_12 --> node_venv_lib_python3_12_site-packages["site-packages"]\n    node_venv_lib_python3_12_site-packages --> node_venv_lib_python3_12_site-packages_PyQt6["PyQt6"]\n    node_venv_lib_python3_12_site-packages_PyQt6 --> node_venv_lib_python3_12_site-packages_PyQt6_Qt6["Qt6"]\n    node_venv_lib_python3_12_site-packages_PyQt6_Qt6 --> node_venv_lib_python3_12_site-packages_PyQt6_Qt6_qml["qml"]\n    node_venv_lib_python3_12_site-packages_PyQt6_Qt6_qml --> node_venv_lib_python3_12_site-packages_PyQt6_Qt6_qml_QtQuick3D["QtQuick3D"]\n    node_venv_lib_python3_12_site-packages_PyQt6_Qt6_qml_QtQuick3D --> node_venv_lib_python3_12_site-packages_PyQt6_Qt6_qml_QtQuick3D_Helpers["Helpers"]\n    node_venv_lib_python3_12_site-packages_PyQt6_Qt6_qml_QtQuick3D_Helpers --> node_venv_lib_python3_12_site-packages_PyQt6_Qt6_qml_QtQuick3D_Helpers_impl["impl"]\n    node_venv_lib_python3_12_site-packages_PyQt6_Qt6_qml_QtQuick3D_Helpers_impl --> node_venv_lib_python3_12_site-packages_PyQt6_Qt6_qml_QtQuick3D_Helpers_impl_plugins_qmltypes["plugins.qmltypes"]\n    Root --> node_venv["venv"]\n    node_venv --> node_venv_lib["lib"]\n    node_venv_lib --> node_venv_lib_python3_12["python3.12"]\n    node_venv_lib_python3_12 --> node_venv_lib_python3_12_site-packages["site-packages"]\n    node_venv_lib_python3_12_site-packages --> node_venv_lib_python3_12_site-packages_PyQt6["PyQt6"]\n    node_venv_lib_python3_12_site-packages_PyQt6 --> node_venv_lib_python3_12_site-packages_PyQt6_Qt6["Qt6"]\n    node_venv_lib_python3_12_site-packages_PyQt6_Qt6 --> node_venv_lib_python3_12_site-packages_PyQt6_Qt6_qml["qml"]\n    node_venv_lib_python3_12_site-packages_PyQt6_Qt6_qml --> node_venv_lib_python3_12_site-packages_PyQt6_Qt6_qml_QtQuick3D["QtQuick3D"]\n    node_venv_lib_python3_12_site-packages_PyQt6_Qt6_qml_QtQuick3D --> node_venv_lib_python3_12_site-packages_PyQt6_Qt6_qml_QtQuick3D_Helpers["Helpers"]\n    node_venv_lib_python3_12_site-packages_PyQt6_Qt6_qml_QtQuick3D_Helpers --> node_venv_lib_python3_12_site-packages_PyQt6_Qt6_qml_QtQuick3D_Helpers_impl["impl"]\n    node_venv_lib_python3_12_site-packages_PyQt6_Qt6_qml_QtQuick3D_Helpers_impl --> node_venv_lib_python3_12_site-packages_PyQt6_Qt6_qml_QtQuick3D_Helpers_impl_qmldir["qmldir"]\n    Root --> node_venv["venv"]\n    node_venv --> node_venv_lib["lib"]\n    node_venv_lib --> node_venv_lib_python3_12["python3.12"]\n    node_venv_lib_python3_12 --> node_venv_lib_python3_12_site-packages["site-packages"]\n    node_venv_lib_python3_12_site-packages --> node_venv_lib_python3_12_site-packages_PyQt6["PyQt6"]\n    node_venv_lib_python3_12_site-packages_PyQt6 --> node_venv_lib_python3_12_site-packages_PyQt6_Qt6["Qt6"]\n    node_venv_lib_python3_12_site-packages_PyQt6_Qt6 --> node_venv_lib_python3_12_site-packages_PyQt6_Qt6_qml["qml"]\n    node_venv_lib_python3_12_site-packages_PyQt6_Qt6_qml --> node_venv_lib_python3_12_site-packages_PyQt6_Qt6_qml_QtQuick3D["QtQuick3D"]\n    node_venv_lib_python3_12_site-packages_PyQt6_Qt6_qml_QtQuick3D --> node_venv_lib_python3_12_site-packages_PyQt6_Qt6_qml_QtQuick3D_Helpers["Helpers"]\n    node_venv_lib_python3_12_site-packages_PyQt6_Qt6_qml_QtQuick3D_Helpers --> node_venv_lib_python3_12_site-packages_PyQt6_Qt6_qml_QtQuick3D_Helpers_meshes["meshes"]\n    node_venv_lib_python3_12_site-packages_PyQt6_Qt6_qml_QtQuick3D_Helpers_meshes --> node_venv_lib_python3_12_site-packages_PyQt6_Qt6_qml_QtQuick3D_Helpers_meshes_axisGrid_mesh["axisGrid.mesh"]\n    Root --> node_venv["venv"]\n    node_venv --> node_venv_lib["lib"]\n    node_venv_lib --> node_venv_lib_python3_12["python3.12"]\n    node_venv_lib_python3_12 --> node_venv_lib_python3_12_site-packages["site-packages"]\n    node_venv_lib_python3_12_site-packages --> node_venv_lib_python3_12_site-packages_PyQt6["PyQt6"]\n    node_venv_lib_python3_12_site-packages_PyQt6 --> node_venv_lib_python3_12_site-packages_PyQt6_Qt6["Qt6"]\n    node_venv_lib_python3_12_site-packages_PyQt6_Qt6 --> node_venv_lib_python3_12_site-packages_PyQt6_Qt6_qml["qml"]\n    node_venv_lib_python3_12_site-packages_PyQt6_Qt6_qml --> node_venv_lib_python3_12_site-packages_PyQt6_Qt6_qml_QtQuick3D["QtQuick3D"]\n    node_venv_lib_python3_12_site-packages_PyQt6_Qt6_qml_QtQuick3D --> node_venv_lib_python3_12_site-packages_PyQt6_Qt6_qml_QtQuick3D_Helpers["Helpers"]\n    node_venv_lib_python3_12_site-packages_PyQt6_Qt6_qml_QtQuick3D_Helpers --> node_venv_lib_python3_12_site-packages_PyQt6_Qt6_qml_QtQuick3D_Helpers_designer["designer"]\n    node_venv_lib_python3_12_site-packages_PyQt6_Qt6_qml_QtQuick3D_Helpers_designer --> node_venv_lib_python3_12_site-packages_PyQt6_Qt6_qml_QtQuick3D_Helpers_designer_AxisHelperSection_qml["AxisHelperSection.qml"]\n    Root --> node_venv["venv"]\n    node_venv --> node_venv_lib["lib"]\n    node_venv_lib --> node_venv_lib_python3_12["python3.12"]\n    node_venv_lib_python3_12 --> node_venv_lib_python3_12_site-packages["site-packages"]\n    node_venv_lib_python3_12_site-packages --> node_venv_lib_python3_12_site-packages_PyQt6["PyQt6"]\n    node_venv_lib_python3_12_site-packages_PyQt6 --> node_venv_lib_python3_12_site-packages_PyQt6_Qt6["Qt6"]\n    node_venv_lib_python3_12_site-packages_PyQt6_Qt6 --> node_venv_lib_python3_12_site-packages_PyQt6_Qt6_qml["qml"]\n    node_venv_lib_python3_12_site-packages_PyQt6_Qt6_qml --> node_venv_lib_python3_12_site-packages_PyQt6_Qt6_qml_QtQuick3D["QtQuick3D"]\n    node_venv_lib_python3_12_site-packages_PyQt6_Qt6_qml_QtQuick3D --> node_venv_lib_python3_12_site-packages_PyQt6_Qt6_qml_QtQuick3D_Helpers["Helpers"]\n    node_venv_lib_python3_12_site-packages_PyQt6_Qt6_qml_QtQuick3D_Helpers --> node_venv_lib_python3_12_site-packages_PyQt6_Qt6_qml_QtQuick3D_Helpers_designer["designer"]\n    node_venv_lib_python3_12_site-packages_PyQt6_Qt6_qml_QtQuick3D_Helpers_designer --> node_venv_lib_python3_12_site-packages_PyQt6_Qt6_qml_QtQuick3D_Helpers_designer_AxisHelperSpecifics_qml["AxisHelperSpecifics.qml"]\n    Root --> node_venv["venv"]\n    node_venv --> node_venv_lib["lib"]\n    node_venv_lib --> node_venv_lib_python3_12["python3.12"]\n    node_venv_lib_python3_12 --> node_venv_lib_python3_12_site-packages["site-packages"]\n    node_venv_lib_python3_12_site-packages --> node_venv_lib_python3_12_site-packages_PyQt6["PyQt6"]\n    node_venv_lib_python3_12_site-packages_PyQt6 --> node_venv_lib_python3_12_site-packages_PyQt6_Qt6["Qt6"]\n    node_venv_lib_python3_12_site-packages_PyQt6_Qt6 --> node_venv_lib_python3_12_site-packages_PyQt6_Qt6_qml["qml"]\n    node_venv_lib_python3_12_site-packages_PyQt6_Qt6_qml --> node_venv_lib_python3_12_site-packages_PyQt6_Qt6_qml_QtQuick3D["QtQuick3D"]\n    node_venv_lib_python3_12_site-packages_PyQt6_Qt6_qml_QtQuick3D --> node_venv_lib_python3_12_site-packages_PyQt6_Qt6_qml_QtQuick3D_Helpers["Helpers"]\n    node_venv_lib_python3_12_site-packages_PyQt6_Qt6_qml_QtQuick3D_Helpers --> node_venv_lib_python3_12_site-packages_PyQt6_Qt6_qml_QtQuick3D_Helpers_designer["designer"]\n    node_venv_lib_python3_12_site-packages_PyQt6_Qt6_qml_QtQuick3D_Helpers_designer --> node_venv_lib_python3_12_site-packages_PyQt6_Qt6_qml_QtQuick3D_Helpers_designer_DebugViewSection_qml["DebugViewSection.qml"]\n    Root --> node_venv["venv"]\n    node_venv --> node_venv_lib["lib"]\n    node_venv_lib --> node_venv_lib_python3_12["python3.12"]\n    node_venv_lib_python3_12 --> node_venv_lib_python3_12_site-packages["site-packages"]\n    node_venv_lib_python3_12_site-packages --> node_venv_lib_python3_12_site-packages_PyQt6["PyQt6"]\n    node_venv_lib_python3_12_site-packages_PyQt6 --> node_venv_lib_python3_12_site-packages_PyQt6_Qt6["Qt6"]\n    node_venv_lib_python3_12_site-packages_PyQt6_Qt6 --> node_venv_lib_python3_12_site-packages_PyQt6_Qt6_qml["qml"]\n    node_venv_lib_python3_12_site-packages_PyQt6_Qt6_qml --> node_venv_lib_python3_12_site-packages_PyQt6_Qt6_qml_QtQuick3D["QtQuick3D"]\n    node_venv_lib_python3_12_site-packages_PyQt6_Qt6_qml_QtQuick3D --> node_venv_lib_python3_12_site-packages_PyQt6_Qt6_qml_QtQuick3D_Helpers["Helpers"]\n    node_venv_lib_python3_12_site-packages_PyQt6_Qt6_qml_QtQuick3D_Helpers --> node_venv_lib_python3_12_site-packages_PyQt6_Qt6_qml_QtQuick3D_Helpers_designer["designer"]\n    node_venv_lib_python3_12_site-packages_PyQt6_Qt6_qml_QtQuick3D_Helpers_designer --> node_venv_lib_python3_12_site-packages_PyQt6_Qt6_qml_QtQuick3D_Helpers_designer_DebugViewSpecifics_qml["DebugViewSpecifics.qml"]\n    Root --> node_venv["venv"]\n    node_venv --> node_venv_lib["lib"]\n    node_venv_lib --> node_venv_lib_python3_12["python3.12"]\n    node_venv_lib_python3_12 --> node_venv_lib_python3_12_site-packages["site-packages"]\n    node_venv_lib_python3_12_site-packages --> node_venv_lib_python3_12_site-packages_PyQt6["PyQt6"]\n    node_venv_lib_python3_12_site-packages_PyQt6 --> node_venv_lib_python3_12_site-packages_PyQt6_Qt6["Qt6"]\n    node_venv_lib_python3_12_site-packages_PyQt6_Qt6 --> node_venv_lib_python3_12_site-packages_PyQt6_Qt6_qml["qml"]\n    node_venv_lib_python3_12_site-packages_PyQt6_Qt6_qml --> node_venv_lib_python3_12_site-packages_PyQt6_Qt6_qml_QtQuick3D["QtQuick3D"]\n    node_venv_lib_python3_12_site-packages_PyQt6_Qt6_qml_QtQuick3D --> node_venv_lib_python3_12_site-packages_PyQt6_Qt6_qml_QtQuick3D_Helpers["Helpers"]\n    node_venv_lib_python3_12_site-packages_PyQt6_Qt6_qml_QtQuick3D_Helpers --> node_venv_lib_python3_12_site-packages_PyQt6_Qt6_qml_QtQuick3D_Helpers_designer["designer"]\n    node_venv_lib_python3_12_site-packages_PyQt6_Qt6_qml_QtQuick3D_Helpers_designer --> node_venv_lib_python3_12_site-packages_PyQt6_Qt6_qml_QtQuick3D_Helpers_designer_ExtendedSceneEnvironmentSection_qml["ExtendedSceneEnvironmentSection.qml"]\n    Root --> node_venv["venv"]\n    node_venv --> node_venv_lib["lib"]\n    node_venv_lib --> node_venv_lib_python3_12["python3.12"]\n    node_venv_lib_python3_12 --> node_venv_lib_python3_12_site-packages["site-packages"]\n    node_venv_lib_python3_12_site-packages --> node_venv_lib_python3_12_site-packages_PyQt6["PyQt6"]\n    node_venv_lib_python3_12_site-packages_PyQt6 --> node_venv_lib_python3_12_site-packages_PyQt6_Qt6["Qt6"]\n    node_venv_lib_python3_12_site-packages_PyQt6_Qt6 --> node_venv_lib_python3_12_site-packages_PyQt6_Qt6_qml["qml"]\n    node_venv_lib_python3_12_site-packages_PyQt6_Qt6_qml --> node_venv_lib_python3_12_site-packages_PyQt6_Qt6_qml_QtQuick3D["QtQuick3D"]\n    node_venv_lib_python3_12_site-packages_PyQt6_Qt6_qml_QtQuick3D --> node_venv_lib_python3_12_site-packages_PyQt6_Qt6_qml_QtQuick3D_Helpers["Helpers"]\n    node_venv_lib_python3_12_site-packages_PyQt6_Qt6_qml_QtQuick3D_Helpers --> node_venv_lib_python3_12_site-packages_PyQt6_Qt6_qml_QtQuick3D_Helpers_designer["designer"]\n    node_venv_lib_python3_12_site-packages_PyQt6_Qt6_qml_QtQuick3D_Helpers_designer --> node_venv_lib_python3_12_site-packages_PyQt6_Qt6_qml_QtQuick3D_Helpers_designer_ExtendedSceneEnvironmentSpecifics_qml["ExtendedSceneEnvironmentSpecifics.qml"]\n    Root --> node_venv["venv"]\n    node_venv --> node_venv_lib["lib"]\n    node_venv_lib --> node_venv_lib_python3_12["python3.12"]\n    node_venv_lib_python3_12 --> node_venv_lib_python3_12_site-packages["site-packages"]\n    node_venv_lib_python3_12_site-packages --> node_venv_lib_python3_12_site-packages_PyQt6["PyQt6"]\n    node_venv_lib_python3_12_site-packages_PyQt6 --> node_venv_lib_python3_12_site-packages_PyQt6_Qt6["Qt6"]\n    node_venv_lib_python3_12_site-packages_PyQt6_Qt6 --> node_venv_lib_python3_12_site-packages_PyQt6_Qt6_qml["qml"]\n    node_venv_lib_python3_12_site-packages_PyQt6_Qt6_qml --> node_venv_lib_python3_12_site-packages_PyQt6_Qt6_qml_QtQuick3D["QtQuick3D"]\n    node_venv_lib_python3_12_site-packages_PyQt6_Qt6_qml_QtQuick3D --> node_venv_lib_python3_12_site-packages_PyQt6_Qt6_qml_QtQuick3D_Helpers["Helpers"]\n    node_venv_lib_python3_12_site-packages_PyQt6_Qt6_qml_QtQuick3D_Helpers --> node_venv_lib_python3_12_site-packages_PyQt6_Qt6_qml_QtQuick3D_Helpers_designer["designer"]\n    node_venv_lib_python3_12_site-packages_PyQt6_Qt6_qml_QtQuick3D_Helpers_designer --> node_venv_lib_python3_12_site-packages_PyQt6_Qt6_qml_QtQuick3D_Helpers_designer_GridGeometrySection_qml["GridGeometrySection.qml"]\n    Root --> node_venv["venv"]\n    node_venv --> node_venv_lib["lib"]\n    node_venv_lib --> node_venv_lib_python3_12["python3.12"]\n    node_venv_lib_python3_12 --> node_venv_lib_python3_12_site-packages["site-packages"]\n    node_venv_lib_python3_12_site-packages --> node_venv_lib_python3_12_site-packages_PyQt6["PyQt6"]\n    node_venv_lib_python3_12_site-packages_PyQt6 --> node_venv_lib_python3_12_site-packages_PyQt6_Qt6["Qt6"]\n    node_venv_lib_python3_12_site-packages_PyQt6_Qt6 --> node_venv_lib_python3_12_site-packages_PyQt6_Qt6_qml["qml"]\n    node_venv_lib_python3_12_site-packages_PyQt6_Qt6_qml --> node_venv_lib_python3_12_site-packages_PyQt6_Qt6_qml_QtQuick3D["QtQuick3D"]\n    node_venv_lib_python3_12_site-packages_PyQt6_Qt6_qml_QtQuick3D --> node_venv_lib_python3_12_site-packages_PyQt6_Qt6_qml_QtQuick3D_Helpers["Helpers"]\n    node_venv_lib_python3_12_site-packages_PyQt6_Qt6_qml_QtQuick3D_Helpers --> node_venv_lib_python3_12_site-packages_PyQt6_Qt6_qml_QtQuick3D_Helpers_designer["designer"]\n    node_venv_lib_python3_12_site-packages_PyQt6_Qt6_qml_QtQuick3D_Helpers_designer --> node_venv_lib_python3_12_site-packages_PyQt6_Qt6_qml_QtQuick3D_Helpers_designer_GridGeometrySpecifics_qml["GridGeometrySpecifics.qml"]\n    Root --> node_venv["venv"]\n    node_venv --> node_venv_lib["lib"]\n    node_venv_lib --> node_venv_lib_python3_12["python3.12"]\n    node_venv_lib_python3_12 --> node_venv_lib_python3_12_site-packages["site-packages"]\n    node_venv_lib_python3_12_site-packages --> node_venv_lib_python3_12_site-packages_PyQt6["PyQt6"]\n    node_venv_lib_python3_12_site-packages_PyQt6 --> node_venv_lib_python3_12_site-packages_PyQt6_Qt6["Qt6"]\n    node_venv_lib_python3_12_site-packages_PyQt6_Qt6 --> node_venv_lib_python3_12_site-packages_PyQt6_Qt6_qml["qml"]\n    node_venv_lib_python3_12_site-packages_PyQt6_Qt6_qml --> node_venv_lib_python3_12_site-packages_PyQt6_Qt6_qml_QtQuick3D["QtQuick3D"]\n    node_venv_lib_python3_12_site-packages_PyQt6_Qt6_qml_QtQuick3D --> node_venv_lib_python3_12_site-packages_PyQt6_Qt6_qml_QtQuick3D_Helpers["Helpers"]\n    node_venv_lib_python3_12_site-packages_PyQt6_Qt6_qml_QtQuick3D_Helpers --> node_venv_lib_python3_12_site-packages_PyQt6_Qt6_qml_QtQuick3D_Helpers_designer["designer"]\n    node_venv_lib_python3_12_site-packages_PyQt6_Qt6_qml_QtQuick3D_Helpers_designer --> node_venv_lib_python3_12_site-packages_PyQt6_Qt6_qml_QtQuick3D_Helpers_designer_HeightFieldGeometrySection_qml["HeightFieldGeometrySection.qml"]\n    Root --> node_venv["venv"]\n    node_venv --> node_venv_lib["lib"]\n    node_venv_lib --> node_venv_lib_python3_12["python3.12"]\n    node_venv_lib_python3_12 --> node_venv_lib_python3_12_site-packages["site-packages"]\n    node_venv_lib_python3_12_site-packages --> node_venv_lib_python3_12_site-packages_PyQt6["PyQt6"]\n    node_venv_lib_python3_12_site-packages_PyQt6 --> node_venv_lib_python3_12_site-packages_PyQt6_Qt6["Qt6"]\n    node_venv_lib_python3_12_site-packages_PyQt6_Qt6 --> node_venv_lib_python3_12_site-packages_PyQt6_Qt6_qml["qml"]\n    node_venv_lib_python3_12_site-packages_PyQt6_Qt6_qml --> node_venv_lib_python3_12_site-packages_PyQt6_Qt6_qml_QtQuick3D["QtQuick3D"]\n    node_venv_lib_python3_12_site-packages_PyQt6_Qt6_qml_QtQuick3D --> node_venv_lib_python3_12_site-packages_PyQt6_Qt6_qml_QtQuick3D_Helpers["Helpers"]\n    node_venv_lib_python3_12_site-packages_PyQt6_Qt6_qml_QtQuick3D_Helpers --> node_venv_lib_python3_12_site-packages_PyQt6_Qt6_qml_QtQuick3D_Helpers_designer["designer"]\n    node_venv_lib_python3_12_site-packages_PyQt6_Qt6_qml_QtQuick3D_Helpers_designer --> node_venv_lib_python3_12_site-packages_PyQt6_Qt6_qml_QtQuick3D_Helpers_designer_HeightFieldGeometrySpecifics_qml["HeightFieldGeometrySpecifics.qml"]\n    Root --> node_venv["venv"]\n    node_venv --> node_venv_lib["lib"]\n    node_venv_lib --> node_venv_lib_python3_12["python3.12"]\n    node_venv_lib_python3_12 --> node_venv_lib_python3_12_site-packages["site-packages"]\n    node_venv_lib_python3_12_site-packages --> node_venv_lib_python3_12_site-packages_PyQt6["PyQt6"]\n    node_venv_lib_python3_12_site-packages_PyQt6 --> node_venv_lib_python3_12_site-packages_PyQt6_Qt6["Qt6"]\n    node_venv_lib_python3_12_site-packages_PyQt6_Qt6 --> node_venv_lib_python3_12_site-packages_PyQt6_Qt6_qml["qml"]\n    node_venv_lib_python3_12_site-packages_PyQt6_Qt6_qml --> node_venv_lib_python3_12_site-packages_PyQt6_Qt6_qml_QtQuick3D["QtQuick3D"]\n    node_venv_lib_python3_12_site-packages_PyQt6_Qt6_qml_QtQuick3D --> node_venv_lib_python3_12_site-packages_PyQt6_Qt6_qml_QtQuick3D_Helpers["Helpers"]\n    node_venv_lib_python3_12_site-packages_PyQt6_Qt6_qml_QtQuick3D_Helpers --> node_venv_lib_python3_12_site-packages_PyQt6_Qt6_qml_QtQuick3D_Helpers_designer["designer"]\n    node_venv_lib_python3_12_site-packages_PyQt6_Qt6_qml_QtQuick3D_Helpers_designer --> node_venv_lib_python3_12_site-packages_PyQt6_Qt6_qml_QtQuick3D_Helpers_designer_InfiniteGridSection_qml["InfiniteGridSection.qml"]\n    Root --> node_venv["venv"]\n    node_venv --> node_venv_lib["lib"]\n    node_venv_lib --> node_venv_lib_python3_12["python3.12"]\n    node_venv_lib_python3_12 --> node_venv_lib_python3_12_site-packages["site-packages"]\n    node_venv_lib_python3_12_site-packages --> node_venv_lib_python3_12_site-packages_PyQt6["PyQt6"]\n    node_venv_lib_python3_12_site-packages_PyQt6 --> node_venv_lib_python3_12_site-packages_PyQt6_Qt6["Qt6"]\n    node_venv_lib_python3_12_site-packages_PyQt6_Qt6 --> node_venv_lib_python3_12_site-packages_PyQt6_Qt6_qml["qml"]\n    node_venv_lib_python3_12_site-packages_PyQt6_Qt6_qml --> node_venv_lib_python3_12_site-packages_PyQt6_Qt6_qml_QtQuick3D["QtQuick3D"]\n    node_venv_lib_python3_12_site-packages_PyQt6_Qt6_qml_QtQuick3D --> node_venv_lib_python3_12_site-packages_PyQt6_Qt6_qml_QtQuick3D_Helpers["Helpers"]\n    node_venv_lib_python3_12_site-packages_PyQt6_Qt6_qml_QtQuick3D_Helpers --> node_venv_lib_python3_12_site-packages_PyQt6_Qt6_qml_QtQuick3D_Helpers_designer["designer"]\n    node_venv_lib_python3_12_site-packages_PyQt6_Qt6_qml_QtQuick3D_Helpers_designer --> node_venv_lib_python3_12_site-packages_PyQt6_Qt6_qml_QtQuick3D_Helpers_designer_InfiniteGridSpecifics_qml["InfiniteGridSpecifics.qml"]\n    Root --> node_venv["venv"]\n    node_venv --> node_venv_lib["lib"]\n    node_venv_lib --> node_venv_lib_python3_12["python3.12"]\n    node_venv_lib_python3_12 --> node_venv_lib_python3_12_site-packages["site-packages"]\n    node_venv_lib_python3_12_site-packages --> node_venv_lib_python3_12_site-packages_PyQt6["PyQt6"]\n    node_venv_lib_python3_12_site-packages_PyQt6 --> node_venv_lib_python3_12_site-packages_PyQt6_Qt6["Qt6"]\n    node_venv_lib_python3_12_site-packages_PyQt6_Qt6 --> node_venv_lib_python3_12_site-packages_PyQt6_Qt6_qml["qml"]\n    node_venv_lib_python3_12_site-packages_PyQt6_Qt6_qml --> node_venv_lib_python3_12_site-packages_PyQt6_Qt6_qml_QtQuick3D["QtQuick3D"]\n    node_venv_lib_python3_12_site-packages_PyQt6_Qt6_qml_QtQuick3D --> node_venv_lib_python3_12_site-packages_PyQt6_Qt6_qml_QtQuick3D_Helpers["Helpers"]\n    node_venv_lib_python3_12_site-packages_PyQt6_Qt6_qml_QtQuick3D_Helpers --> node_venv_lib_python3_12_site-packages_PyQt6_Qt6_qml_QtQuick3D_Helpers_designer["designer"]\n    node_venv_lib_python3_12_site-packages_PyQt6_Qt6_qml_QtQuick3D_Helpers_designer --> node_venv_lib_python3_12_site-packages_PyQt6_Qt6_qml_QtQuick3D_Helpers_designer_InstanceModelSection_qml["InstanceModelSection.qml"]\n    Root --> node_venv["venv"]\n    node_venv --> node_venv_lib["lib"]\n    node_venv_lib --> node_venv_lib_python3_12["python3.12"]\n    node_venv_lib_python3_12 --> node_venv_lib_python3_12_site-packages["site-packages"]\n    node_venv_lib_python3_12_site-packages --> node_venv_lib_python3_12_site-packages_PyQt6["PyQt6"]\n    node_venv_lib_python3_12_site-packages_PyQt6 --> node_venv_lib_python3_12_site-packages_PyQt6_Qt6["Qt6"]\n    node_venv_lib_python3_12_site-packages_PyQt6_Qt6 --> node_venv_lib_python3_12_site-packages_PyQt6_Qt6_qml["qml"]\n    node_venv_lib_python3_12_site-packages_PyQt6_Qt6_qml --> node_venv_lib_python3_12_site-packages_PyQt6_Qt6_qml_QtQuick3D["QtQuick3D"]\n    node_venv_lib_python3_12_site-packages_PyQt6_Qt6_qml_QtQuick3D --> node_venv_lib_python3_12_site-packages_PyQt6_Qt6_qml_QtQuick3D_Helpers["Helpers"]\n    node_venv_lib_python3_12_site-packages_PyQt6_Qt6_qml_QtQuick3D_Helpers --> node_venv_lib_python3_12_site-packages_PyQt6_Qt6_qml_QtQuick3D_Helpers_designer["designer"]\n    node_venv_lib_python3_12_site-packages_PyQt6_Qt6_qml_QtQuick3D_Helpers_designer --> node_venv_lib_python3_12_site-packages_PyQt6_Qt6_qml_QtQuick3D_Helpers_designer_InstanceModelSpecifics_qml["InstanceModelSpecifics.qml"]\n    Root --> node_venv["venv"]\n    node_venv --> node_venv_lib["lib"]\n    node_venv_lib --> node_venv_lib_python3_12["python3.12"]\n    node_venv_lib_python3_12 --> node_venv_lib_python3_12_site-packages["site-packages"]\n    node_venv_lib_python3_12_site-packages --> node_venv_lib_python3_12_site-packages_PyQt6["PyQt6"]\n    node_venv_lib_python3_12_site-packages_PyQt6 --> node_venv_lib_python3_12_site-packages_PyQt6_Qt6["Qt6"]\n    node_venv_lib_python3_12_site-packages_PyQt6_Qt6 --> node_venv_lib_python3_12_site-packages_PyQt6_Qt6_qml["qml"]\n    node_venv_lib_python3_12_site-packages_PyQt6_Qt6_qml --> node_venv_lib_python3_12_site-packages_PyQt6_Qt6_qml_QtQuick3D["QtQuick3D"]\n    node_venv_lib_python3_12_site-packages_PyQt6_Qt6_qml_QtQuick3D --> node_venv_lib_python3_12_site-packages_PyQt6_Qt6_qml_QtQuick3D_Helpers["Helpers"]\n    node_venv_lib_python3_12_site-packages_PyQt6_Qt6_qml_QtQuick3D_Helpers --> node_venv_lib_python3_12_site-packages_PyQt6_Qt6_qml_QtQuick3D_Helpers_designer["designer"]\n    node_venv_lib_python3_12_site-packages_PyQt6_Qt6_qml_QtQuick3D_Helpers_designer --> node_venv_lib_python3_12_site-packages_PyQt6_Qt6_qml_QtQuick3D_Helpers_designer_InstanceRepeaterSection_qml["InstanceRepeaterSection.qml"]\n    Root --> node_venv["venv"]\n    node_venv --> node_venv_lib["lib"]\n    node_venv_lib --> node_venv_lib_python3_12["python3.12"]\n    node_venv_lib_python3_12 --> node_venv_lib_python3_12_site-packages["site-packages"]\n    node_venv_lib_python3_12_site-packages --> node_venv_lib_python3_12_site-packages_PyQt6["PyQt6"]\n    node_venv_lib_python3_12_site-packages_PyQt6 --> node_venv_lib_python3_12_site-packages_PyQt6_Qt6["Qt6"]\n    node_venv_lib_python3_12_site-packages_PyQt6_Qt6 --> node_venv_lib_python3_12_site-packages_PyQt6_Qt6_qml["qml"]\n    node_venv_lib_python3_12_site-packages_PyQt6_Qt6_qml --> node_venv_lib_python3_12_site-packages_PyQt6_Qt6_qml_QtQuick3D["QtQuick3D"]\n    node_venv_lib_python3_12_site-packages_PyQt6_Qt6_qml_QtQuick3D --> node_venv_lib_python3_12_site-packages_PyQt6_Qt6_qml_QtQuick3D_Helpers["Helpers"]\n    node_venv_lib_python3_12_site-packages_PyQt6_Qt6_qml_QtQuick3D_Helpers --> node_venv_lib_python3_12_site-packages_PyQt6_Qt6_qml_QtQuick3D_Helpers_designer["designer"]\n    node_venv_lib_python3_12_site-packages_PyQt6_Qt6_qml_QtQuick3D_Helpers_designer --> node_venv_lib_python3_12_site-packages_PyQt6_Qt6_qml_QtQuick3D_Helpers_designer_InstanceRepeaterSpecifics_qml["InstanceRepeaterSpecifics.qml"]\n    Root --> node_venv["venv"]\n    node_venv --> node_venv_lib["lib"]\n    node_venv_lib --> node_venv_lib_python3_12["python3.12"]\n    node_venv_lib_python3_12 --> node_venv_lib_python3_12_site-packages["site-packages"]\n    node_venv_lib_python3_12_site-packages --> node_venv_lib_python3_12_site-packages_PyQt6["PyQt6"]\n    node_venv_lib_python3_12_site-packages_PyQt6 --> node_venv_lib_python3_12_site-packages_PyQt6_Qt6["Qt6"]\n    node_venv_lib_python3_12_site-packages_PyQt6_Qt6 --> node_venv_lib_python3_12_site-packages_PyQt6_Qt6_qml["qml"]\n    node_venv_lib_python3_12_site-packages_PyQt6_Qt6_qml --> node_venv_lib_python3_12_site-packages_PyQt6_Qt6_qml_QtQuick3D["QtQuick3D"]\n    node_venv_lib_python3_12_site-packages_PyQt6_Qt6_qml_QtQuick3D --> node_venv_lib_python3_12_site-packages_PyQt6_Qt6_qml_QtQuick3D_Helpers["Helpers"]\n    node_venv_lib_python3_12_site-packages_PyQt6_Qt6_qml_QtQuick3D_Helpers --> node_venv_lib_python3_12_site-packages_PyQt6_Qt6_qml_QtQuick3D_Helpers_designer["designer"]\n    node_venv_lib_python3_12_site-packages_PyQt6_Qt6_qml_QtQuick3D_Helpers_designer --> node_venv_lib_python3_12_site-packages_PyQt6_Qt6_qml_QtQuick3D_Helpers_designer_LodManagerSection_qml["LodManagerSection.qml"]\n    Root --> node_venv["venv"]\n    node_venv --> node_venv_lib["lib"]\n    node_venv_lib --> node_venv_lib_python3_12["python3.12"]\n    node_venv_lib_python3_12 --> node_venv_lib_python3_12_site-packages["site-packages"]\n    node_venv_lib_python3_12_site-packages --> node_venv_lib_python3_12_site-packages_PyQt6["PyQt6"]\n    node_venv_lib_python3_12_site-packages_PyQt6 --> node_venv_lib_python3_12_site-packages_PyQt6_Qt6["Qt6"]\n    node_venv_lib_python3_12_site-packages_PyQt6_Qt6 --> node_venv_lib_python3_12_site-packages_PyQt6_Qt6_qml["qml"]\n    node_venv_lib_python3_12_site-packages_PyQt6_Qt6_qml --> node_venv_lib_python3_12_site-packages_PyQt6_Qt6_qml_QtQuick3D["QtQuick3D"]\n    node_venv_lib_python3_12_site-packages_PyQt6_Qt6_qml_QtQuick3D --> node_venv_lib_python3_12_site-packages_PyQt6_Qt6_qml_QtQuick3D_Helpers["Helpers"]\n    node_venv_lib_python3_12_site-packages_PyQt6_Qt6_qml_QtQuick3D_Helpers --> node_venv_lib_python3_12_site-packages_PyQt6_Qt6_qml_QtQuick3D_Helpers_designer["designer"]\n    node_venv_lib_python3_12_site-packages_PyQt6_Qt6_qml_QtQuick3D_Helpers_designer --> node_venv_lib_python3_12_site-packages_PyQt6_Qt6_qml_QtQuick3D_Helpers_designer_LodManagerSpecifics_qml["LodManagerSpecifics.qml"]\n    Root --> node_venv["venv"]\n    node_venv --> node_venv_lib["lib"]\n    node_venv_lib --> node_venv_lib_python3_12["python3.12"]\n    node_venv_lib_python3_12 --> node_venv_lib_python3_12_site-packages["site-packages"]\n    node_venv_lib_python3_12_site-packages --> node_venv_lib_python3_12_site-packages_PyQt6["PyQt6"]\n    node_venv_lib_python3_12_site-packages_PyQt6 --> node_venv_lib_python3_12_site-packages_PyQt6_Qt6["Qt6"]\n    node_venv_lib_python3_12_site-packages_PyQt6_Qt6 --> node_venv_lib_python3_12_site-packages_PyQt6_Qt6_qml["qml"]\n    node_venv_lib_python3_12_site-packages_PyQt6_Qt6_qml --> node_venv_lib_python3_12_site-packages_PyQt6_Qt6_qml_QtQuick3D["QtQuick3D"]\n    node_venv_lib_python3_12_site-packages_PyQt6_Qt6_qml_QtQuick3D --> node_venv_lib_python3_12_site-packages_PyQt6_Qt6_qml_QtQuick3D_Helpers["Helpers"]\n    node_venv_lib_python3_12_site-packages_PyQt6_Qt6_qml_QtQuick3D_Helpers --> node_venv_lib_python3_12_site-packages_PyQt6_Qt6_qml_QtQuick3D_Helpers_designer["designer"]\n    node_venv_lib_python3_12_site-packages_PyQt6_Qt6_qml_QtQuick3D_Helpers_designer --> node_venv_lib_python3_12_site-packages_PyQt6_Qt6_qml_QtQuick3D_Helpers_designer_LookAtNodeSection_qml["LookAtNodeSection.qml"]\n    Root --> node_venv["venv"]\n    node_venv --> node_venv_lib["lib"]\n    node_venv_lib --> node_venv_lib_python3_12["python3.12"]\n    node_venv_lib_python3_12 --> node_venv_lib_python3_12_site-packages["site-packages"]\n    node_venv_lib_python3_12_site-packages --> node_venv_lib_python3_12_site-packages_PyQt6["PyQt6"]\n    node_venv_lib_python3_12_site-packages_PyQt6 --> node_venv_lib_python3_12_site-packages_PyQt6_Qt6["Qt6"]\n    node_venv_lib_python3_12_site-packages_PyQt6_Qt6 --> node_venv_lib_python3_12_site-packages_PyQt6_Qt6_qml["qml"]\n    node_venv_lib_python3_12_site-packages_PyQt6_Qt6_qml --> node_venv_lib_python3_12_site-packages_PyQt6_Qt6_qml_QtQuick3D["QtQuick3D"]\n    node_venv_lib_python3_12_site-packages_PyQt6_Qt6_qml_QtQuick3D --> node_venv_lib_python3_12_site-packages_PyQt6_Qt6_qml_QtQuick3D_Helpers["Helpers"]\n    node_venv_lib_python3_12_site-packages_PyQt6_Qt6_qml_QtQuick3D_Helpers --> node_venv_lib_python3_12_site-packages_PyQt6_Qt6_qml_QtQuick3D_Helpers_designer["designer"]\n    node_venv_lib_python3_12_site-packages_PyQt6_Qt6_qml_QtQuick3D_Helpers_designer --> node_venv_lib_python3_12_site-packages_PyQt6_Qt6_qml_QtQuick3D_Helpers_designer_LookAtNodeSpecifics_qml["LookAtNodeSpecifics.qml"]\n    Root --> node_venv["venv"]\n    node_venv --> node_venv_lib["lib"]\n    node_venv_lib --> node_venv_lib_python3_12["python3.12"]\n    node_venv_lib_python3_12 --> node_venv_lib_python3_12_site-packages["site-packages"]\n    node_venv_lib_python3_12_site-packages --> node_venv_lib_python3_12_site-packages_PyQt6["PyQt6"]\n    node_venv_lib_python3_12_site-packages_PyQt6 --> node_venv_lib_python3_12_site-packages_PyQt6_Qt6["Qt6"]\n    node_venv_lib_python3_12_site-packages_PyQt6_Qt6 --> node_venv_lib_python3_12_site-packages_PyQt6_Qt6_qml["qml"]\n    node_venv_lib_python3_12_site-packages_PyQt6_Qt6_qml --> node_venv_lib_python3_12_site-packages_PyQt6_Qt6_qml_QtQuick3D["QtQuick3D"]\n    node_venv_lib_python3_12_site-packages_PyQt6_Qt6_qml_QtQuick3D --> node_venv_lib_python3_12_site-packages_PyQt6_Qt6_qml_QtQuick3D_Helpers["Helpers"]\n    node_venv_lib_python3_12_site-packages_PyQt6_Qt6_qml_QtQuick3D_Helpers --> node_venv_lib_python3_12_site-packages_PyQt6_Qt6_qml_QtQuick3D_Helpers_designer["designer"]\n    node_venv_lib_python3_12_site-packages_PyQt6_Qt6_qml_QtQuick3D_Helpers_designer --> node_venv_lib_python3_12_site-packages_PyQt6_Qt6_qml_QtQuick3D_Helpers_designer_NodeSection_qml["NodeSection.qml"]\n    Root --> node_venv["venv"]\n    node_venv --> node_venv_lib["lib"]\n    node_venv_lib --> node_venv_lib_python3_12["python3.12"]\n    node_venv_lib_python3_12 --> node_venv_lib_python3_12_site-packages["site-packages"]\n    node_venv_lib_python3_12_site-packages --> node_venv_lib_python3_12_site-packages_PyQt6["PyQt6"]\n    node_venv_lib_python3_12_site-packages_PyQt6 --> node_venv_lib_python3_12_site-packages_PyQt6_Qt6["Qt6"]\n    node_venv_lib_python3_12_site-packages_PyQt6_Qt6 --> node_venv_lib_python3_12_site-packages_PyQt6_Qt6_qml["qml"]\n    node_venv_lib_python3_12_site-packages_PyQt6_Qt6_qml --> node_venv_lib_python3_12_site-packages_PyQt6_Qt6_qml_QtQuick3D["QtQuick3D"]\n    node_venv_lib_python3_12_site-packages_PyQt6_Qt6_qml_QtQuick3D --> node_venv_lib_python3_12_site-packages_PyQt6_Qt6_qml_QtQuick3D_Helpers["Helpers"]\n    node_venv_lib_python3_12_site-packages_PyQt6_Qt6_qml_QtQuick3D_Helpers --> node_venv_lib_python3_12_site-packages_PyQt6_Qt6_qml_QtQuick3D_Helpers_designer["designer"]\n    node_venv_lib_python3_12_site-packages_PyQt6_Qt6_qml_QtQuick3D_Helpers_designer --> node_venv_lib_python3_12_site-packages_PyQt6_Qt6_qml_QtQuick3D_Helpers_designer_OrbitCameraControllerSection_qml["OrbitCameraControllerSection.qml"]\n    Root --> node_venv["venv"]\n    node_venv --> node_venv_lib["lib"]\n    node_venv_lib --> node_venv_lib_python3_12["python3.12"]\n    node_venv_lib_python3_12 --> node_venv_lib_python3_12_site-packages["site-packages"]\n    node_venv_lib_python3_12_site-packages --> node_venv_lib_python3_12_site-packages_PyQt6["PyQt6"]\n    node_venv_lib_python3_12_site-packages_PyQt6 --> node_venv_lib_python3_12_site-packages_PyQt6_Qt6["Qt6"]\n    node_venv_lib_python3_12_site-packages_PyQt6_Qt6 --> node_venv_lib_python3_12_site-packages_PyQt6_Qt6_qml["qml"]\n    node_venv_lib_python3_12_site-packages_PyQt6_Qt6_qml --> node_venv_lib_python3_12_site-packages_PyQt6_Qt6_qml_QtQuick3D["QtQuick3D"]\n    node_venv_lib_python3_12_site-packages_PyQt6_Qt6_qml_QtQuick3D --> node_venv_lib_python3_12_site-packages_PyQt6_Qt6_qml_QtQuick3D_Helpers["Helpers"]\n    node_venv_lib_python3_12_site-packages_PyQt6_Qt6_qml_QtQuick3D_Helpers --> node_venv_lib_python3_12_site-packages_PyQt6_Qt6_qml_QtQuick3D_Helpers_designer["designer"]\n    node_venv_lib_python3_12_site-packages_PyQt6_Qt6_qml_QtQuick3D_Helpers_designer --> node_venv_lib_python3_12_site-packages_PyQt6_Qt6_qml_QtQuick3D_Helpers_designer_OrbitCameraControllerSpecifics_qml["OrbitCameraControllerSpecifics.qml"]\n    Root --> node_venv["venv"]\n    node_venv --> node_venv_lib["lib"]\n    node_venv_lib --> node_venv_lib_python3_12["python3.12"]\n    node_venv_lib_python3_12 --> node_venv_lib_python3_12_site-packages["site-packages"]\n    node_venv_lib_python3_12_site-packages --> node_venv_lib_python3_12_site-packages_PyQt6["PyQt6"]\n    node_venv_lib_python3_12_site-packages_PyQt6 --> node_venv_lib_python3_12_site-packages_PyQt6_Qt6["Qt6"]\n    node_venv_lib_python3_12_site-packages_PyQt6_Qt6 --> node_venv_lib_python3_12_site-packages_PyQt6_Qt6_qml["qml"]\n    node_venv_lib_python3_12_site-packages_PyQt6_Qt6_qml --> node_venv_lib_python3_12_site-packages_PyQt6_Qt6_qml_QtQuick3D["QtQuick3D"]\n    node_venv_lib_python3_12_site-packages_PyQt6_Qt6_qml_QtQuick3D --> node_venv_lib_python3_12_site-packages_PyQt6_Qt6_qml_QtQuick3D_Helpers["Helpers"]\n    node_venv_lib_python3_12_site-packages_PyQt6_Qt6_qml_QtQuick3D_Helpers --> node_venv_lib_python3_12_site-packages_PyQt6_Qt6_qml_QtQuick3D_Helpers_designer["designer"]\n    node_venv_lib_python3_12_site-packages_PyQt6_Qt6_qml_QtQuick3D_Helpers_designer --> node_venv_lib_python3_12_site-packages_PyQt6_Qt6_qml_QtQuick3D_Helpers_designer_ProceduralSkyTextureDataSection_qml["ProceduralSkyTextureDataSection.qml"]\n    Root --> node_venv["venv"]\n    node_venv --> node_venv_lib["lib"]\n    node_venv_lib --> node_venv_lib_python3_12["python3.12"]\n    node_venv_lib_python3_12 --> node_venv_lib_python3_12_site-packages["site-packages"]\n    node_venv_lib_python3_12_site-packages --> node_venv_lib_python3_12_site-packages_PyQt6["PyQt6"]\n    node_venv_lib_python3_12_site-packages_PyQt6 --> node_venv_lib_python3_12_site-packages_PyQt6_Qt6["Qt6"]\n    node_venv_lib_python3_12_site-packages_PyQt6_Qt6 --> node_venv_lib_python3_12_site-packages_PyQt6_Qt6_qml["qml"]\n    node_venv_lib_python3_12_site-packages_PyQt6_Qt6_qml --> node_venv_lib_python3_12_site-packages_PyQt6_Qt6_qml_QtQuick3D["QtQuick3D"]\n    node_venv_lib_python3_12_site-packages_PyQt6_Qt6_qml_QtQuick3D --> node_venv_lib_python3_12_site-packages_PyQt6_Qt6_qml_QtQuick3D_Helpers["Helpers"]\n    node_venv_lib_python3_12_site-packages_PyQt6_Qt6_qml_QtQuick3D_Helpers --> node_venv_lib_python3_12_site-packages_PyQt6_Qt6_qml_QtQuick3D_Helpers_designer["designer"]\n    node_venv_lib_python3_12_site-packages_PyQt6_Qt6_qml_QtQuick3D_Helpers_designer --> node_venv_lib_python3_12_site-packages_PyQt6_Qt6_qml_QtQuick3D_Helpers_designer_ProceduralSkyTextureDataSpecifics_qml["ProceduralSkyTextureDataSpecifics.qml"]\n    Root --> node_venv["venv"]\n    node_venv --> node_venv_lib["lib"]\n    node_venv_lib --> node_venv_lib_python3_12["python3.12"]\n    node_venv_lib_python3_12 --> node_venv_lib_python3_12_site-packages["site-packages"]\n    node_venv_lib_python3_12_site-packages --> node_venv_lib_python3_12_site-packages_PyQt6["PyQt6"]\n    node_venv_lib_python3_12_site-packages_PyQt6 --> node_venv_lib_python3_12_site-packages_PyQt6_Qt6["Qt6"]\n    node_venv_lib_python3_12_site-packages_PyQt6_Qt6 --> node_venv_lib_python3_12_site-packages_PyQt6_Qt6_qml["qml"]\n    node_venv_lib_python3_12_site-packages_PyQt6_Qt6_qml --> node_venv_lib_python3_12_site-packages_PyQt6_Qt6_qml_QtQuick3D["QtQuick3D"]\n    node_venv_lib_python3_12_site-packages_PyQt6_Qt6_qml_QtQuick3D --> node_venv_lib_python3_12_site-packages_PyQt6_Qt6_qml_QtQuick3D_Helpers["Helpers"]\n    node_venv_lib_python3_12_site-packages_PyQt6_Qt6_qml_QtQuick3D_Helpers --> node_venv_lib_python3_12_site-packages_PyQt6_Qt6_qml_QtQuick3D_Helpers_designer["designer"]\n    node_venv_lib_python3_12_site-packages_PyQt6_Qt6_qml_QtQuick3D_Helpers_designer --> node_venv_lib_python3_12_site-packages_PyQt6_Qt6_qml_QtQuick3D_Helpers_designer_Repeater3DSection_qml["Repeater3DSection.qml"]\n    Root --> node_venv["venv"]\n    node_venv --> node_venv_lib["lib"]\n    node_venv_lib --> node_venv_lib_python3_12["python3.12"]\n    node_venv_lib_python3_12 --> node_venv_lib_python3_12_site-packages["site-packages"]\n    node_venv_lib_python3_12_site-packages --> node_venv_lib_python3_12_site-packages_PyQt6["PyQt6"]\n    node_venv_lib_python3_12_site-packages_PyQt6 --> node_venv_lib_python3_12_site-packages_PyQt6_Qt6["Qt6"]\n    node_venv_lib_python3_12_site-packages_PyQt6_Qt6 --> node_venv_lib_python3_12_site-packages_PyQt6_Qt6_qml["qml"]\n    node_venv_lib_python3_12_site-packages_PyQt6_Qt6_qml --> node_venv_lib_python3_12_site-packages_PyQt6_Qt6_qml_QtQuick3D["QtQuick3D"]\n    node_venv_lib_python3_12_site-packages_PyQt6_Qt6_qml_QtQuick3D --> node_venv_lib_python3_12_site-packages_PyQt6_Qt6_qml_QtQuick3D_Helpers["Helpers"]\n    node_venv_lib_python3_12_site-packages_PyQt6_Qt6_qml_QtQuick3D_Helpers --> node_venv_lib_python3_12_site-packages_PyQt6_Qt6_qml_QtQuick3D_Helpers_designer["designer"]\n    node_venv_lib_python3_12_site-packages_PyQt6_Qt6_qml_QtQuick3D_Helpers_designer --> node_venv_lib_python3_12_site-packages_PyQt6_Qt6_qml_QtQuick3D_Helpers_designer_WasdControllerSection_qml["WasdControllerSection.qml"]\n    Root --> node_venv["venv"]\n    node_venv --> node_venv_lib["lib"]\n    node_venv_lib --> node_venv_lib_python3_12["python3.12"]\n    node_venv_lib_python3_12 --> node_venv_lib_python3_12_site-packages["site-packages"]\n    node_venv_lib_python3_12_site-packages --> node_venv_lib_python3_12_site-packages_PyQt6["PyQt6"]\n    node_venv_lib_python3_12_site-packages_PyQt6 --> node_venv_lib_python3_12_site-packages_PyQt6_Qt6["Qt6"]\n    node_venv_lib_python3_12_site-packages_PyQt6_Qt6 --> node_venv_lib_python3_12_site-packages_PyQt6_Qt6_qml["qml"]\n    node_venv_lib_python3_12_site-packages_PyQt6_Qt6_qml --> node_venv_lib_python3_12_site-packages_PyQt6_Qt6_qml_QtQuick3D["QtQuick3D"]\n    node_venv_lib_python3_12_site-packages_PyQt6_Qt6_qml_QtQuick3D --> node_venv_lib_python3_12_site-packages_PyQt6_Qt6_qml_QtQuick3D_Helpers["Helpers"]\n    node_venv_lib_python3_12_site-packages_PyQt6_Qt6_qml_QtQuick3D_Helpers --> node_venv_lib_python3_12_site-packages_PyQt6_Qt6_qml_QtQuick3D_Helpers_designer["designer"]\n    node_venv_lib_python3_12_site-packages_PyQt6_Qt6_qml_QtQuick3D_Helpers_designer --> node_venv_lib_python3_12_site-packages_PyQt6_Qt6_qml_QtQuick3D_Helpers_designer_WasdControllerSpecifics_qml["WasdControllerSpecifics.qml"]\n    Root --> node_venv["venv"]\n    node_venv --> node_venv_lib["lib"]\n    node_venv_lib --> node_venv_lib_python3_12["python3.12"]\n    node_venv_lib_python3_12 --> node_venv_lib_python3_12_site-packages["site-packages"]\n    node_venv_lib_python3_12_site-packages --> node_venv_lib_python3_12_site-packages_PyQt6["PyQt6"]\n    node_venv_lib_python3_12_site-packages_PyQt6 --> node_venv_lib_python3_12_site-packages_PyQt6_Qt6["Qt6"]\n    node_venv_lib_python3_12_site-packages_PyQt6_Qt6 --> node_venv_lib_python3_12_site-packages_PyQt6_Qt6_qml["qml"]\n    node_venv_lib_python3_12_site-packages_PyQt6_Qt6_qml --> node_venv_lib_python3_12_site-packages_PyQt6_Qt6_qml_QtQuick3D["QtQuick3D"]\n    node_venv_lib_python3_12_site-packages_PyQt6_Qt6_qml_QtQuick3D --> node_venv_lib_python3_12_site-packages_PyQt6_Qt6_qml_QtQuick3D_Helpers["Helpers"]\n    node_venv_lib_python3_12_site-packages_PyQt6_Qt6_qml_QtQuick3D_Helpers --> node_venv_lib_python3_12_site-packages_PyQt6_Qt6_qml_QtQuick3D_Helpers_designer["designer"]\n    node_venv_lib_python3_12_site-packages_PyQt6_Qt6_qml_QtQuick3D_Helpers_designer --> node_venv_lib_python3_12_site-packages_PyQt6_Qt6_qml_QtQuick3D_Helpers_designer_helpers_metainfo["helpers.metainfo"]\n    Root --> node_venv["venv"]\n    node_venv --> node_venv_lib["lib"]\n    node_venv_lib --> node_venv_lib_python3_12["python3.12"]\n    node_venv_lib_python3_12 --> node_venv_lib_python3_12_site-packages["site-packages"]\n    node_venv_lib_python3_12_site-packages --> node_venv_lib_python3_12_site-packages_PyQt6["PyQt6"]\n    node_venv_lib_python3_12_site-packages_PyQt6 --> node_venv_lib_python3_12_site-packages_PyQt6_Qt6["Qt6"]\n    node_venv_lib_python3_12_site-packages_PyQt6_Qt6 --> node_venv_lib_python3_12_site-packages_PyQt6_Qt6_qml["qml"]\n    node_venv_lib_python3_12_site-packages_PyQt6_Qt6_qml --> node_venv_lib_python3_12_site-packages_PyQt6_Qt6_qml_QtQuick3D["QtQuick3D"]\n    node_venv_lib_python3_12_site-packages_PyQt6_Qt6_qml_QtQuick3D --> node_venv_lib_python3_12_site-packages_PyQt6_Qt6_qml_QtQuick3D_Helpers["Helpers"]\n    node_venv_lib_python3_12_site-packages_PyQt6_Qt6_qml_QtQuick3D_Helpers --> node_venv_lib_python3_12_site-packages_PyQt6_Qt6_qml_QtQuick3D_Helpers_designer["designer"]\n    node_venv_lib_python3_12_site-packages_PyQt6_Qt6_qml_QtQuick3D_Helpers_designer --> node_venv_lib_python3_12_site-packages_PyQt6_Qt6_qml_QtQuick3D_Helpers_designer_images["images"]\n    node_venv_lib_python3_12_site-packages_PyQt6_Qt6_qml_QtQuick3D_Helpers_designer_images --> node_venv_lib_python3_12_site-packages_PyQt6_Qt6_qml_QtQuick3D_Helpers_designer_images_axishelper_png["axishelper.png"]\n    Root --> node_venv["venv"]\n    node_venv --> node_venv_lib["lib"]\n    node_venv_lib --> node_venv_lib_python3_12["python3.12"]\n    node_venv_lib_python3_12 --> node_venv_lib_python3_12_site-packages["site-packages"]\n    node_venv_lib_python3_12_site-packages --> node_venv_lib_python3_12_site-packages_PyQt6["PyQt6"]\n    node_venv_lib_python3_12_site-packages_PyQt6 --> node_venv_lib_python3_12_site-packages_PyQt6_Qt6["Qt6"]\n    node_venv_lib_python3_12_site-packages_PyQt6_Qt6 --> node_venv_lib_python3_12_site-packages_PyQt6_Qt6_qml["qml"]\n    node_venv_lib_python3_12_site-packages_PyQt6_Qt6_qml --> node_venv_lib_python3_12_site-packages_PyQt6_Qt6_qml_QtQuick3D["QtQuick3D"]\n    node_venv_lib_python3_12_site-packages_PyQt6_Qt6_qml_QtQuick3D --> node_venv_lib_python3_12_site-packages_PyQt6_Qt6_qml_QtQuick3D_Helpers["Helpers"]\n    node_venv_lib_python3_12_site-packages_PyQt6_Qt6_qml_QtQuick3D_Helpers --> node_venv_lib_python3_12_site-packages_PyQt6_Qt6_qml_QtQuick3D_Helpers_designer["designer"]\n    node_venv_lib_python3_12_site-packages_PyQt6_Qt6_qml_QtQuick3D_Helpers_designer --> node_venv_lib_python3_12_site-packages_PyQt6_Qt6_qml_QtQuick3D_Helpers_designer_images["images"]\n    node_venv_lib_python3_12_site-packages_PyQt6_Qt6_qml_QtQuick3D_Helpers_designer_images --> node_venv_lib_python3_12_site-packages_PyQt6_Qt6_qml_QtQuick3D_Helpers_designer_images_axishelper16_png["axishelper16.png"]\n    Root --> node_venv["venv"]\n    node_venv --> node_venv_lib["lib"]\n    node_venv_lib --> node_venv_lib_python3_12["python3.12"]\n    node_venv_lib_python3_12 --> node_venv_lib_python3_12_site-packages["site-packages"]\n    node_venv_lib_python3_12_site-packages --> node_venv_lib_python3_12_site-packages_PyQt6["PyQt6"]\n    node_venv_lib_python3_12_site-packages_PyQt6 --> node_venv_lib_python3_12_site-packages_PyQt6_Qt6["Qt6"]\n    node_venv_lib_python3_12_site-packages_PyQt6_Qt6 --> node_venv_lib_python3_12_site-packages_PyQt6_Qt6_qml["qml"]\n    node_venv_lib_python3_12_site-packages_PyQt6_Qt6_qml --> node_venv_lib_python3_12_site-packages_PyQt6_Qt6_qml_QtQuick3D["QtQuick3D"]\n    node_venv_lib_python3_12_site-packages_PyQt6_Qt6_qml_QtQuick3D --> node_venv_lib_python3_12_site-packages_PyQt6_Qt6_qml_QtQuick3D_Helpers["Helpers"]\n    node_venv_lib_python3_12_site-packages_PyQt6_Qt6_qml_QtQuick3D_Helpers --> node_venv_lib_python3_12_site-packages_PyQt6_Qt6_qml_QtQuick3D_Helpers_designer["designer"]\n    node_venv_lib_python3_12_site-packages_PyQt6_Qt6_qml_QtQuick3D_Helpers_designer --> node_venv_lib_python3_12_site-packages_PyQt6_Qt6_qml_QtQuick3D_Helpers_designer_images["images"]\n    node_venv_lib_python3_12_site-packages_PyQt6_Qt6_qml_QtQuick3D_Helpers_designer_images --> node_venv_lib_python3_12_site-packages_PyQt6_Qt6_qml_QtQuick3D_Helpers_designer_images_axishelper@2x_png["axishelper@2x.png"]\n    Root --> node_venv["venv"]\n    node_venv --> node_venv_lib["lib"]\n    node_venv_lib --> node_venv_lib_python3_12["python3.12"]\n    node_venv_lib_python3_12 --> node_venv_lib_python3_12_site-packages["site-packages"]\n    node_venv_lib_python3_12_site-packages --> node_venv_lib_python3_12_site-packages_PyQt6["PyQt6"]\n    node_venv_lib_python3_12_site-packages_PyQt6 --> node_venv_lib_python3_12_site-packages_PyQt6_Qt6["Qt6"]\n    node_venv_lib_python3_12_site-packages_PyQt6_Qt6 --> node_venv_lib_python3_12_site-packages_PyQt6_Qt6_qml["qml"]\n    node_venv_lib_python3_12_site-packages_PyQt6_Qt6_qml --> node_venv_lib_python3_12_site-packages_PyQt6_Qt6_qml_QtQuick3D["QtQuick3D"]\n    node_venv_lib_python3_12_site-packages_PyQt6_Qt6_qml_QtQuick3D --> node_venv_lib_python3_12_site-packages_PyQt6_Qt6_qml_QtQuick3D_Helpers["Helpers"]\n    node_venv_lib_python3_12_site-packages_PyQt6_Qt6_qml_QtQuick3D_Helpers --> node_venv_lib_python3_12_site-packages_PyQt6_Qt6_qml_QtQuick3D_Helpers_designer["designer"]\n    node_venv_lib_python3_12_site-packages_PyQt6_Qt6_qml_QtQuick3D_Helpers_designer --> node_venv_lib_python3_12_site-packages_PyQt6_Qt6_qml_QtQuick3D_Helpers_designer_images["images"]\n    node_venv_lib_python3_12_site-packages_PyQt6_Qt6_qml_QtQuick3D_Helpers_designer_images --> node_venv_lib_python3_12_site-packages_PyQt6_Qt6_qml_QtQuick3D_Helpers_designer_images_debugview_png["debugview.png"]\n    Root --> node_venv["venv"]\n    node_venv --> node_venv_lib["lib"]\n    node_venv_lib --> node_venv_lib_python3_12["python3.12"]\n    node_venv_lib_python3_12 --> node_venv_lib_python3_12_site-packages["site-packages"]\n    node_venv_lib_python3_12_site-packages --> node_venv_lib_python3_12_site-packages_PyQt6["PyQt6"]\n    node_venv_lib_python3_12_site-packages_PyQt6 --> node_venv_lib_python3_12_site-packages_PyQt6_Qt6["Qt6"]\n    node_venv_lib_python3_12_site-packages_PyQt6_Qt6 --> node_venv_lib_python3_12_site-packages_PyQt6_Qt6_qml["qml"]\n    node_venv_lib_python3_12_site-packages_PyQt6_Qt6_qml --> node_venv_lib_python3_12_site-packages_PyQt6_Qt6_qml_QtQuick3D["QtQuick3D"]\n    node_venv_lib_python3_12_site-packages_PyQt6_Qt6_qml_QtQuick3D --> node_venv_lib_python3_12_site-packages_PyQt6_Qt6_qml_QtQuick3D_Helpers["Helpers"]\n    node_venv_lib_python3_12_site-packages_PyQt6_Qt6_qml_QtQuick3D_Helpers --> node_venv_lib_python3_12_site-packages_PyQt6_Qt6_qml_QtQuick3D_Helpers_designer["designer"]\n    node_venv_lib_python3_12_site-packages_PyQt6_Qt6_qml_QtQuick3D_Helpers_designer --> node_venv_lib_python3_12_site-packages_PyQt6_Qt6_qml_QtQuick3D_Helpers_designer_images["images"]\n    node_venv_lib_python3_12_site-packages_PyQt6_Qt6_qml_QtQuick3D_Helpers_designer_images --> node_venv_lib_python3_12_site-packages_PyQt6_Qt6_qml_QtQuick3D_Helpers_designer_images_debugview16_png["debugview16.png"]\n    Root --> node_venv["venv"]\n    node_venv --> node_venv_lib["lib"]\n    node_venv_lib --> node_venv_lib_python3_12["python3.12"]\n    node_venv_lib_python3_12 --> node_venv_lib_python3_12_site-packages["site-packages"]\n    node_venv_lib_python3_12_site-packages --> node_venv_lib_python3_12_site-packages_PyQt6["PyQt6"]\n    node_venv_lib_python3_12_site-packages_PyQt6 --> node_venv_lib_python3_12_site-packages_PyQt6_Qt6["Qt6"]\n    node_venv_lib_python3_12_site-packages_PyQt6_Qt6 --> node_venv_lib_python3_12_site-packages_PyQt6_Qt6_qml["qml"]\n    node_venv_lib_python3_12_site-packages_PyQt6_Qt6_qml --> node_venv_lib_python3_12_site-packages_PyQt6_Qt6_qml_QtQuick3D["QtQuick3D"]\n    node_venv_lib_python3_12_site-packages_PyQt6_Qt6_qml_QtQuick3D --> node_venv_lib_python3_12_site-packages_PyQt6_Qt6_qml_QtQuick3D_Helpers["Helpers"]\n    node_venv_lib_python3_12_site-packages_PyQt6_Qt6_qml_QtQuick3D_Helpers --> node_venv_lib_python3_12_site-packages_PyQt6_Qt6_qml_QtQuick3D_Helpers_designer["designer"]\n    node_venv_lib_python3_12_site-packages_PyQt6_Qt6_qml_QtQuick3D_Helpers_designer --> node_venv_lib_python3_12_site-packages_PyQt6_Qt6_qml_QtQuick3D_Helpers_designer_images["images"]\n    node_venv_lib_python3_12_site-packages_PyQt6_Qt6_qml_QtQuick3D_Helpers_designer_images --> node_venv_lib_python3_12_site-packages_PyQt6_Qt6_qml_QtQuick3D_Helpers_designer_images_debugview@2x_png["debugview@2x.png"]\n    Root --> node_venv["venv"]\n    node_venv --> node_venv_lib["lib"]\n    node_venv_lib --> node_venv_lib_python3_12["python3.12"]\n    node_venv_lib_python3_12 --> node_venv_lib_python3_12_site-packages["site-packages"]\n    node_venv_lib_python3_12_site-packages --> node_venv_lib_python3_12_site-packages_PyQt6["PyQt6"]\n    node_venv_lib_python3_12_site-packages_PyQt6 --> node_venv_lib_python3_12_site-packages_PyQt6_Qt6["Qt6"]\n    node_venv_lib_python3_12_site-packages_PyQt6_Qt6 --> node_venv_lib_python3_12_site-packages_PyQt6_Qt6_qml["qml"]\n    node_venv_lib_python3_12_site-packages_PyQt6_Qt6_qml --> node_venv_lib_python3_12_site-packages_PyQt6_Qt6_qml_QtQuick3D["QtQuick3D"]\n    node_venv_lib_python3_12_site-packages_PyQt6_Qt6_qml_QtQuick3D --> node_venv_lib_python3_12_site-packages_PyQt6_Qt6_qml_QtQuick3D_Helpers["Helpers"]\n    node_venv_lib_python3_12_site-packages_PyQt6_Qt6_qml_QtQuick3D_Helpers --> node_venv_lib_python3_12_site-packages_PyQt6_Qt6_qml_QtQuick3D_Helpers_designer["designer"]\n    node_venv_lib_python3_12_site-packages_PyQt6_Qt6_qml_QtQuick3D_Helpers_designer --> node_venv_lib_python3_12_site-packages_PyQt6_Qt6_qml_QtQuick3D_Helpers_designer_images["images"]\n    node_venv_lib_python3_12_site-packages_PyQt6_Qt6_qml_QtQuick3D_Helpers_designer_images --> node_venv_lib_python3_12_site-packages_PyQt6_Qt6_qml_QtQuick3D_Helpers_designer_images_dummy_png["dummy.png"]\n    Root --> node_venv["venv"]\n    node_venv --> node_venv_lib["lib"]\n    node_venv_lib --> node_venv_lib_python3_12["python3.12"]\n    node_venv_lib_python3_12 --> node_venv_lib_python3_12_site-packages["site-packages"]\n    node_venv_lib_python3_12_site-packages --> node_venv_lib_python3_12_site-packages_PyQt6["PyQt6"]\n    node_venv_lib_python3_12_site-packages_PyQt6 --> node_venv_lib_python3_12_site-packages_PyQt6_Qt6["Qt6"]\n    node_venv_lib_python3_12_site-packages_PyQt6_Qt6 --> node_venv_lib_python3_12_site-packages_PyQt6_Qt6_qml["qml"]\n    node_venv_lib_python3_12_site-packages_PyQt6_Qt6_qml --> node_venv_lib_python3_12_site-packages_PyQt6_Qt6_qml_QtQuick3D["QtQuick3D"]\n    node_venv_lib_python3_12_site-packages_PyQt6_Qt6_qml_QtQuick3D --> node_venv_lib_python3_12_site-packages_PyQt6_Qt6_qml_QtQuick3D_Helpers["Helpers"]\n    node_venv_lib_python3_12_site-packages_PyQt6_Qt6_qml_QtQuick3D_Helpers --> node_venv_lib_python3_12_site-packages_PyQt6_Qt6_qml_QtQuick3D_Helpers_designer["designer"]\n    node_venv_lib_python3_12_site-packages_PyQt6_Qt6_qml_QtQuick3D_Helpers_designer --> node_venv_lib_python3_12_site-packages_PyQt6_Qt6_qml_QtQuick3D_Helpers_designer_images["images"]\n    node_venv_lib_python3_12_site-packages_PyQt6_Qt6_qml_QtQuick3D_Helpers_designer_images --> node_venv_lib_python3_12_site-packages_PyQt6_Qt6_qml_QtQuick3D_Helpers_designer_images_dummy16_png["dummy16.png"]\n    Root --> node_venv["venv"]\n    node_venv --> node_venv_lib["lib"]\n    node_venv_lib --> node_venv_lib_python3_12["python3.12"]\n    node_venv_lib_python3_12 --> node_venv_lib_python3_12_site-packages["site-packages"]\n    node_venv_lib_python3_12_site-packages --> node_venv_lib_python3_12_site-packages_PyQt6["PyQt6"]\n    node_venv_lib_python3_12_site-packages_PyQt6 --> node_venv_lib_python3_12_site-packages_PyQt6_Qt6["Qt6"]\n    node_venv_lib_python3_12_site-packages_PyQt6_Qt6 --> node_venv_lib_python3_12_site-packages_PyQt6_Qt6_qml["qml"]\n    node_venv_lib_python3_12_site-packages_PyQt6_Qt6_qml --> node_venv_lib_python3_12_site-packages_PyQt6_Qt6_qml_QtQuick3D["QtQuick3D"]\n    node_venv_lib_python3_12_site-packages_PyQt6_Qt6_qml_QtQuick3D --> node_venv_lib_python3_12_site-packages_PyQt6_Qt6_qml_QtQuick3D_Helpers["Helpers"]\n    node_venv_lib_python3_12_site-packages_PyQt6_Qt6_qml_QtQuick3D_Helpers --> node_venv_lib_python3_12_site-packages_PyQt6_Qt6_qml_QtQuick3D_Helpers_designer["designer"]\n    node_venv_lib_python3_12_site-packages_PyQt6_Qt6_qml_QtQuick3D_Helpers_designer --> node_venv_lib_python3_12_site-packages_PyQt6_Qt6_qml_QtQuick3D_Helpers_designer_images["images"]\n    node_venv_lib_python3_12_site-packages_PyQt6_Qt6_qml_QtQuick3D_Helpers_designer_images --> node_venv_lib_python3_12_site-packages_PyQt6_Qt6_qml_QtQuick3D_Helpers_designer_images_dummy@2x_png["dummy@2x.png"]\n    Root --> node_venv["venv"]\n    node_venv --> node_venv_lib["lib"]\n    node_venv_lib --> node_venv_lib_python3_12["python3.12"]\n    node_venv_lib_python3_12 --> node_venv_lib_python3_12_site-packages["site-packages"]\n    node_venv_lib_python3_12_site-packages --> node_venv_lib_python3_12_site-packages_PyQt6["PyQt6"]\n    node_venv_lib_python3_12_site-packages_PyQt6 --> node_venv_lib_python3_12_site-packages_PyQt6_Qt6["Qt6"]\n    node_venv_lib_python3_12_site-packages_PyQt6_Qt6 --> node_venv_lib_python3_12_site-packages_PyQt6_Qt6_qml["qml"]\n    node_venv_lib_python3_12_site-packages_PyQt6_Qt6_qml --> node_venv_lib_python3_12_site-packages_PyQt6_Qt6_qml_QtQuick3D["QtQuick3D"]\n    node_venv_lib_python3_12_site-packages_PyQt6_Qt6_qml_QtQuick3D --> node_venv_lib_python3_12_site-packages_PyQt6_Qt6_qml_QtQuick3D_Helpers["Helpers"]\n    node_venv_lib_python3_12_site-packages_PyQt6_Qt6_qml_QtQuick3D_Helpers --> node_venv_lib_python3_12_site-packages_PyQt6_Qt6_qml_QtQuick3D_Helpers_designer["designer"]\n    node_venv_lib_python3_12_site-packages_PyQt6_Qt6_qml_QtQuick3D_Helpers_designer --> node_venv_lib_python3_12_site-packages_PyQt6_Qt6_qml_QtQuick3D_Helpers_designer_images["images"]\n    node_venv_lib_python3_12_site-packages_PyQt6_Qt6_qml_QtQuick3D_Helpers_designer_images --> node_venv_lib_python3_12_site-packages_PyQt6_Qt6_qml_QtQuick3D_Helpers_designer_images_extendedsceneenvironment_png["extendedsceneenvironment.png"]\n    Root --> node_venv["venv"]\n    node_venv --> node_venv_lib["lib"]\n    node_venv_lib --> node_venv_lib_python3_12["python3.12"]\n    node_venv_lib_python3_12 --> node_venv_lib_python3_12_site-packages["site-packages"]\n    node_venv_lib_python3_12_site-packages --> node_venv_lib_python3_12_site-packages_PyQt6["PyQt6"]\n    node_venv_lib_python3_12_site-packages_PyQt6 --> node_venv_lib_python3_12_site-packages_PyQt6_Qt6["Qt6"]\n    node_venv_lib_python3_12_site-packages_PyQt6_Qt6 --> node_venv_lib_python3_12_site-packages_PyQt6_Qt6_qml["qml"]\n    node_venv_lib_python3_12_site-packages_PyQt6_Qt6_qml --> node_venv_lib_python3_12_site-packages_PyQt6_Qt6_qml_QtQuick3D["QtQuick3D"]\n    node_venv_lib_python3_12_site-packages_PyQt6_Qt6_qml_QtQuick3D --> node_venv_lib_python3_12_site-packages_PyQt6_Qt6_qml_QtQuick3D_Helpers["Helpers"]\n    node_venv_lib_python3_12_site-packages_PyQt6_Qt6_qml_QtQuick3D_Helpers --> node_venv_lib_python3_12_site-packages_PyQt6_Qt6_qml_QtQuick3D_Helpers_designer["designer"]\n    node_venv_lib_python3_12_site-packages_PyQt6_Qt6_qml_QtQuick3D_Helpers_designer --> node_venv_lib_python3_12_site-packages_PyQt6_Qt6_qml_QtQuick3D_Helpers_designer_images["images"]\n    node_venv_lib_python3_12_site-packages_PyQt6_Qt6_qml_QtQuick3D_Helpers_designer_images --> node_venv_lib_python3_12_site-packages_PyQt6_Qt6_qml_QtQuick3D_Helpers_designer_images_extendedsceneenvironment16_png["extendedsceneenvironment16.png"]\n    Root --> node_venv["venv"]\n    node_venv --> node_venv_lib["lib"]\n    node_venv_lib --> node_venv_lib_python3_12["python3.12"]\n    node_venv_lib_python3_12 --> node_venv_lib_python3_12_site-packages["site-packages"]\n    node_venv_lib_python3_12_site-packages --> node_venv_lib_python3_12_site-packages_PyQt6["PyQt6"]\n    node_venv_lib_python3_12_site-packages_PyQt6 --> node_venv_lib_python3_12_site-packages_PyQt6_Qt6["Qt6"]\n    node_venv_lib_python3_12_site-packages_PyQt6_Qt6 --> node_venv_lib_python3_12_site-packages_PyQt6_Qt6_qml["qml"]\n    node_venv_lib_python3_12_site-packages_PyQt6_Qt6_qml --> node_venv_lib_python3_12_site-packages_PyQt6_Qt6_qml_QtQuick3D["QtQuick3D"]\n    node_venv_lib_python3_12_site-packages_PyQt6_Qt6_qml_QtQuick3D --> node_venv_lib_python3_12_site-packages_PyQt6_Qt6_qml_QtQuick3D_Helpers["Helpers"]\n    node_venv_lib_python3_12_site-packages_PyQt6_Qt6_qml_QtQuick3D_Helpers --> node_venv_lib_python3_12_site-packages_PyQt6_Qt6_qml_QtQuick3D_Helpers_designer["designer"]\n    node_venv_lib_python3_12_site-packages_PyQt6_Qt6_qml_QtQuick3D_Helpers_designer --> node_venv_lib_python3_12_site-packages_PyQt6_Qt6_qml_QtQuick3D_Helpers_designer_images["images"]\n    node_venv_lib_python3_12_site-packages_PyQt6_Qt6_qml_QtQuick3D_Helpers_designer_images --> node_venv_lib_python3_12_site-packages_PyQt6_Qt6_qml_QtQuick3D_Helpers_designer_images_extendedsceneenvironment@2x_png["extendedsceneenvironment@2x.png"]\n    Root --> node_venv["venv"]\n    node_venv --> node_venv_lib["lib"]\n    node_venv_lib --> node_venv_lib_python3_12["python3.12"]\n    node_venv_lib_python3_12 --> node_venv_lib_python3_12_site-packages["site-packages"]\n    node_venv_lib_python3_12_site-packages --> node_venv_lib_python3_12_site-packages_PyQt6["PyQt6"]\n    node_venv_lib_python3_12_site-packages_PyQt6 --> node_venv_lib_python3_12_site-packages_PyQt6_Qt6["Qt6"]\n    node_venv_lib_python3_12_site-packages_PyQt6_Qt6 --> node_venv_lib_python3_12_site-packages_PyQt6_Qt6_qml["qml"]\n    node_venv_lib_python3_12_site-packages_PyQt6_Qt6_qml --> node_venv_lib_python3_12_site-packages_PyQt6_Qt6_qml_QtQuick3D["QtQuick3D"]\n    node_venv_lib_python3_12_site-packages_PyQt6_Qt6_qml_QtQuick3D --> node_venv_lib_python3_12_site-packages_PyQt6_Qt6_qml_QtQuick3D_Helpers["Helpers"]\n    node_venv_lib_python3_12_site-packages_PyQt6_Qt6_qml_QtQuick3D_Helpers --> node_venv_lib_python3_12_site-packages_PyQt6_Qt6_qml_QtQuick3D_Helpers_designer["designer"]\n    node_venv_lib_python3_12_site-packages_PyQt6_Qt6_qml_QtQuick3D_Helpers_designer --> node_venv_lib_python3_12_site-packages_PyQt6_Qt6_qml_QtQuick3D_Helpers_designer_images["images"]\n    node_venv_lib_python3_12_site-packages_PyQt6_Qt6_qml_QtQuick3D_Helpers_designer_images --> node_venv_lib_python3_12_site-packages_PyQt6_Qt6_qml_QtQuick3D_Helpers_designer_images_gridgeometry_png["gridgeometry.png"]\n    Root --> node_venv["venv"]\n    node_venv --> node_venv_lib["lib"]\n    node_venv_lib --> node_venv_lib_python3_12["python3.12"]\n    node_venv_lib_python3_12 --> node_venv_lib_python3_12_site-packages["site-packages"]\n    node_venv_lib_python3_12_site-packages --> node_venv_lib_python3_12_site-packages_PyQt6["PyQt6"]\n    node_venv_lib_python3_12_site-packages_PyQt6 --> node_venv_lib_python3_12_site-packages_PyQt6_Qt6["Qt6"]\n    node_venv_lib_python3_12_site-packages_PyQt6_Qt6 --> node_venv_lib_python3_12_site-packages_PyQt6_Qt6_qml["qml"]\n    node_venv_lib_python3_12_site-packages_PyQt6_Qt6_qml --> node_venv_lib_python3_12_site-packages_PyQt6_Qt6_qml_QtQuick3D["QtQuick3D"]\n    node_venv_lib_python3_12_site-packages_PyQt6_Qt6_qml_QtQuick3D --> node_venv_lib_python3_12_site-packages_PyQt6_Qt6_qml_QtQuick3D_Helpers["Helpers"]\n    node_venv_lib_python3_12_site-packages_PyQt6_Qt6_qml_QtQuick3D_Helpers --> node_venv_lib_python3_12_site-packages_PyQt6_Qt6_qml_QtQuick3D_Helpers_designer["designer"]\n    node_venv_lib_python3_12_site-packages_PyQt6_Qt6_qml_QtQuick3D_Helpers_designer --> node_venv_lib_python3_12_site-packages_PyQt6_Qt6_qml_QtQuick3D_Helpers_designer_images["images"]\n    node_venv_lib_python3_12_site-packages_PyQt6_Qt6_qml_QtQuick3D_Helpers_designer_images --> node_venv_lib_python3_12_site-packages_PyQt6_Qt6_qml_QtQuick3D_Helpers_designer_images_gridgeometry16_png["gridgeometry16.png"]\n    Root --> node_venv["venv"]\n    node_venv --> node_venv_lib["lib"]\n    node_venv_lib --> node_venv_lib_python3_12["python3.12"]\n    node_venv_lib_python3_12 --> node_venv_lib_python3_12_site-packages["site-packages"]\n    node_venv_lib_python3_12_site-packages --> node_venv_lib_python3_12_site-packages_PyQt6["PyQt6"]\n    node_venv_lib_python3_12_site-packages_PyQt6 --> node_venv_lib_python3_12_site-packages_PyQt6_Qt6["Qt6"]\n    node_venv_lib_python3_12_site-packages_PyQt6_Qt6 --> node_venv_lib_python3_12_site-packages_PyQt6_Qt6_qml["qml"]\n    node_venv_lib_python3_12_site-packages_PyQt6_Qt6_qml --> node_venv_lib_python3_12_site-packages_PyQt6_Qt6_qml_QtQuick3D["QtQuick3D"]\n    node_venv_lib_python3_12_site-packages_PyQt6_Qt6_qml_QtQuick3D --> node_venv_lib_python3_12_site-packages_PyQt6_Qt6_qml_QtQuick3D_Helpers["Helpers"]\n    node_venv_lib_python3_12_site-packages_PyQt6_Qt6_qml_QtQuick3D_Helpers --> node_venv_lib_python3_12_site-packages_PyQt6_Qt6_qml_QtQuick3D_Helpers_designer["designer"]\n    node_venv_lib_python3_12_site-packages_PyQt6_Qt6_qml_QtQuick3D_Helpers_designer --> node_venv_lib_python3_12_site-packages_PyQt6_Qt6_qml_QtQuick3D_Helpers_designer_images["images"]\n    node_venv_lib_python3_12_site-packages_PyQt6_Qt6_qml_QtQuick3D_Helpers_designer_images --> node_venv_lib_python3_12_site-packages_PyQt6_Qt6_qml_QtQuick3D_Helpers_designer_images_gridgeometry@2x_png["gridgeometry@2x.png"]\n    Root --> node_venv["venv"]\n    node_venv --> node_venv_lib["lib"]\n    node_venv_lib --> node_venv_lib_python3_12["python3.12"]\n    node_venv_lib_python3_12 --> node_venv_lib_python3_12_site-packages["site-packages"]\n    node_venv_lib_python3_12_site-packages --> node_venv_lib_python3_12_site-packages_PyQt6["PyQt6"]\n    node_venv_lib_python3_12_site-packages_PyQt6 --> node_venv_lib_python3_12_site-packages_PyQt6_Qt6["Qt6"]\n    node_venv_lib_python3_12_site-packages_PyQt6_Qt6 --> node_venv_lib_python3_12_site-packages_PyQt6_Qt6_qml["qml"]\n    node_venv_lib_python3_12_site-packages_PyQt6_Qt6_qml --> node_venv_lib_python3_12_site-packages_PyQt6_Qt6_qml_QtQuick3D["QtQuick3D"]\n    node_venv_lib_python3_12_site-packages_PyQt6_Qt6_qml_QtQuick3D --> node_venv_lib_python3_12_site-packages_PyQt6_Qt6_qml_QtQuick3D_Helpers["Helpers"]\n    node_venv_lib_python3_12_site-packages_PyQt6_Qt6_qml_QtQuick3D_Helpers --> node_venv_lib_python3_12_site-packages_PyQt6_Qt6_qml_QtQuick3D_Helpers_designer["designer"]\n    node_venv_lib_python3_12_site-packages_PyQt6_Qt6_qml_QtQuick3D_Helpers_designer --> node_venv_lib_python3_12_site-packages_PyQt6_Qt6_qml_QtQuick3D_Helpers_designer_images["images"]\n    node_venv_lib_python3_12_site-packages_PyQt6_Qt6_qml_QtQuick3D_Helpers_designer_images --> node_venv_lib_python3_12_site-packages_PyQt6_Qt6_qml_QtQuick3D_Helpers_designer_images_heightfieldgeometry_png["heightfieldgeometry.png"]\n    Root --> node_venv["venv"]\n    node_venv --> node_venv_lib["lib"]\n    node_venv_lib --> node_venv_lib_python3_12["python3.12"]\n    node_venv_lib_python3_12 --> node_venv_lib_python3_12_site-packages["site-packages"]\n    node_venv_lib_python3_12_site-packages --> node_venv_lib_python3_12_site-packages_PyQt6["PyQt6"]\n    node_venv_lib_python3_12_site-packages_PyQt6 --> node_venv_lib_python3_12_site-packages_PyQt6_Qt6["Qt6"]\n    node_venv_lib_python3_12_site-packages_PyQt6_Qt6 --> node_venv_lib_python3_12_site-packages_PyQt6_Qt6_qml["qml"]\n    node_venv_lib_python3_12_site-packages_PyQt6_Qt6_qml --> node_venv_lib_python3_12_site-packages_PyQt6_Qt6_qml_QtQuick3D["QtQuick3D"]\n    node_venv_lib_python3_12_site-packages_PyQt6_Qt6_qml_QtQuick3D --> node_venv_lib_python3_12_site-packages_PyQt6_Qt6_qml_QtQuick3D_Helpers["Helpers"]\n    node_venv_lib_python3_12_site-packages_PyQt6_Qt6_qml_QtQuick3D_Helpers --> node_venv_lib_python3_12_site-packages_PyQt6_Qt6_qml_QtQuick3D_Helpers_designer["designer"]\n    node_venv_lib_python3_12_site-packages_PyQt6_Qt6_qml_QtQuick3D_Helpers_designer --> node_venv_lib_python3_12_site-packages_PyQt6_Qt6_qml_QtQuick3D_Helpers_designer_images["images"]\n    node_venv_lib_python3_12_site-packages_PyQt6_Qt6_qml_QtQuick3D_Helpers_designer_images --> node_venv_lib_python3_12_site-packages_PyQt6_Qt6_qml_QtQuick3D_Helpers_designer_images_heightfieldgeometry16_png["heightfieldgeometry16.png"]\n    Root --> node_venv["venv"]\n    node_venv --> node_venv_lib["lib"]\n    node_venv_lib --> node_venv_lib_python3_12["python3.12"]\n    node_venv_lib_python3_12 --> node_venv_lib_python3_12_site-packages["site-packages"]\n    node_venv_lib_python3_12_site-packages --> node_venv_lib_python3_12_site-packages_PyQt6["PyQt6"]\n    node_venv_lib_python3_12_site-packages_PyQt6 --> node_venv_lib_python3_12_site-packages_PyQt6_Qt6["Qt6"]\n    node_venv_lib_python3_12_site-packages_PyQt6_Qt6 --> node_venv_lib_python3_12_site-packages_PyQt6_Qt6_qml["qml"]\n    node_venv_lib_python3_12_site-packages_PyQt6_Qt6_qml --> node_venv_lib_python3_12_site-packages_PyQt6_Qt6_qml_QtQuick3D["QtQuick3D"]\n    node_venv_lib_python3_12_site-packages_PyQt6_Qt6_qml_QtQuick3D --> node_venv_lib_python3_12_site-packages_PyQt6_Qt6_qml_QtQuick3D_Helpers["Helpers"]\n    node_venv_lib_python3_12_site-packages_PyQt6_Qt6_qml_QtQuick3D_Helpers --> node_venv_lib_python3_12_site-packages_PyQt6_Qt6_qml_QtQuick3D_Helpers_designer["designer"]\n    node_venv_lib_python3_12_site-packages_PyQt6_Qt6_qml_QtQuick3D_Helpers_designer --> node_venv_lib_python3_12_site-packages_PyQt6_Qt6_qml_QtQuick3D_Helpers_designer_images["images"]\n    node_venv_lib_python3_12_site-packages_PyQt6_Qt6_qml_QtQuick3D_Helpers_designer_images --> node_venv_lib_python3_12_site-packages_PyQt6_Qt6_qml_QtQuick3D_Helpers_designer_images_heightfieldgeometry@2x_png["heightfieldgeometry@2x.png"]\n    Root --> node_venv["venv"]\n    node_venv --> node_venv_lib["lib"]\n    node_venv_lib --> node_venv_lib_python3_12["python3.12"]\n    node_venv_lib_python3_12 --> node_venv_lib_python3_12_site-packages["site-packages"]\n    node_venv_lib_python3_12_site-packages --> node_venv_lib_python3_12_site-packages_PyQt6["PyQt6"]\n    node_venv_lib_python3_12_site-packages_PyQt6 --> node_venv_lib_python3_12_site-packages_PyQt6_Qt6["Qt6"]\n    node_venv_lib_python3_12_site-packages_PyQt6_Qt6 --> node_venv_lib_python3_12_site-packages_PyQt6_Qt6_qml["qml"]\n    node_venv_lib_python3_12_site-packages_PyQt6_Qt6_qml --> node_venv_lib_python3_12_site-packages_PyQt6_Qt6_qml_QtQuick3D["QtQuick3D"]\n    node_venv_lib_python3_12_site-packages_PyQt6_Qt6_qml_QtQuick3D --> node_venv_lib_python3_12_site-packages_PyQt6_Qt6_qml_QtQuick3D_Helpers["Helpers"]\n    node_venv_lib_python3_12_site-packages_PyQt6_Qt6_qml_QtQuick3D_Helpers --> node_venv_lib_python3_12_site-packages_PyQt6_Qt6_qml_QtQuick3D_Helpers_designer["designer"]\n    node_venv_lib_python3_12_site-packages_PyQt6_Qt6_qml_QtQuick3D_Helpers_designer --> node_venv_lib_python3_12_site-packages_PyQt6_Qt6_qml_QtQuick3D_Helpers_designer_images["images"]\n    node_venv_lib_python3_12_site-packages_PyQt6_Qt6_qml_QtQuick3D_Helpers_designer_images --> node_venv_lib_python3_12_site-packages_PyQt6_Qt6_qml_QtQuick3D_Helpers_designer_images_infinitegrid_png["infinitegrid.png"]\n    Root --> node_venv["venv"]\n    node_venv --> node_venv_lib["lib"]\n    node_venv_lib --> node_venv_lib_python3_12["python3.12"]\n    node_venv_lib_python3_12 --> node_venv_lib_python3_12_site-packages["site-packages"]\n    node_venv_lib_python3_12_site-packages --> node_venv_lib_python3_12_site-packages_PyQt6["PyQt6"]\n    node_venv_lib_python3_12_site-packages_PyQt6 --> node_venv_lib_python3_12_site-packages_PyQt6_Qt6["Qt6"]\n    node_venv_lib_python3_12_site-packages_PyQt6_Qt6 --> node_venv_lib_python3_12_site-packages_PyQt6_Qt6_qml["qml"]\n    node_venv_lib_python3_12_site-packages_PyQt6_Qt6_qml --> node_venv_lib_python3_12_site-packages_PyQt6_Qt6_qml_QtQuick3D["QtQuick3D"]\n    node_venv_lib_python3_12_site-packages_PyQt6_Qt6_qml_QtQuick3D --> node_venv_lib_python3_12_site-packages_PyQt6_Qt6_qml_QtQuick3D_Helpers["Helpers"]\n    node_venv_lib_python3_12_site-packages_PyQt6_Qt6_qml_QtQuick3D_Helpers --> node_venv_lib_python3_12_site-packages_PyQt6_Qt6_qml_QtQuick3D_Helpers_designer["designer"]\n    node_venv_lib_python3_12_site-packages_PyQt6_Qt6_qml_QtQuick3D_Helpers_designer --> node_venv_lib_python3_12_site-packages_PyQt6_Qt6_qml_QtQuick3D_Helpers_designer_images["images"]\n    node_venv_lib_python3_12_site-packages_PyQt6_Qt6_qml_QtQuick3D_Helpers_designer_images --> node_venv_lib_python3_12_site-packages_PyQt6_Qt6_qml_QtQuick3D_Helpers_designer_images_infinitegrid16_png["infinitegrid16.png"]\n    Root --> node_venv["venv"]\n    node_venv --> node_venv_lib["lib"]\n    node_venv_lib --> node_venv_lib_python3_12["python3.12"]\n    node_venv_lib_python3_12 --> node_venv_lib_python3_12_site-packages["site-packages"]\n    node_venv_lib_python3_12_site-packages --> node_venv_lib_python3_12_site-packages_PyQt6["PyQt6"]\n    node_venv_lib_python3_12_site-packages_PyQt6 --> node_venv_lib_python3_12_site-packages_PyQt6_Qt6["Qt6"]\n    node_venv_lib_python3_12_site-packages_PyQt6_Qt6 --> node_venv_lib_python3_12_site-packages_PyQt6_Qt6_qml["qml"]\n    node_venv_lib_python3_12_site-packages_PyQt6_Qt6_qml --> node_venv_lib_python3_12_site-packages_PyQt6_Qt6_qml_QtQuick3D["QtQuick3D"]\n    node_venv_lib_python3_12_site-packages_PyQt6_Qt6_qml_QtQuick3D --> node_venv_lib_python3_12_site-packages_PyQt6_Qt6_qml_QtQuick3D_Helpers["Helpers"]\n    node_venv_lib_python3_12_site-packages_PyQt6_Qt6_qml_QtQuick3D_Helpers --> node_venv_lib_python3_12_site-packages_PyQt6_Qt6_qml_QtQuick3D_Helpers_designer["designer"]\n    node_venv_lib_python3_12_site-packages_PyQt6_Qt6_qml_QtQuick3D_Helpers_designer --> node_venv_lib_python3_12_site-packages_PyQt6_Qt6_qml_QtQuick3D_Helpers_designer_images["images"]\n    node_venv_lib_python3_12_site-packages_PyQt6_Qt6_qml_QtQuick3D_Helpers_designer_images --> node_venv_lib_python3_12_site-packages_PyQt6_Qt6_qml_QtQuick3D_Helpers_designer_images_infinitegrid@2x_png["infinitegrid@2x.png"]\n    Root --> node_venv["venv"]\n    node_venv --> node_venv_lib["lib"]\n    node_venv_lib --> node_venv_lib_python3_12["python3.12"]\n    node_venv_lib_python3_12 --> node_venv_lib_python3_12_site-packages["site-packages"]\n    node_venv_lib_python3_12_site-packages --> node_venv_lib_python3_12_site-packages_PyQt6["PyQt6"]\n    node_venv_lib_python3_12_site-packages_PyQt6 --> node_venv_lib_python3_12_site-packages_PyQt6_Qt6["Qt6"]\n    node_venv_lib_python3_12_site-packages_PyQt6_Qt6 --> node_venv_lib_python3_12_site-packages_PyQt6_Qt6_qml["qml"]\n    node_venv_lib_python3_12_site-packages_PyQt6_Qt6_qml --> node_venv_lib_python3_12_site-packages_PyQt6_Qt6_qml_QtQuick3D["QtQuick3D"]\n    node_venv_lib_python3_12_site-packages_PyQt6_Qt6_qml_QtQuick3D --> node_venv_lib_python3_12_site-packages_PyQt6_Qt6_qml_QtQuick3D_Helpers["Helpers"]\n    node_venv_lib_python3_12_site-packages_PyQt6_Qt6_qml_QtQuick3D_Helpers --> node_venv_lib_python3_12_site-packages_PyQt6_Qt6_qml_QtQuick3D_Helpers_designer["designer"]\n    node_venv_lib_python3_12_site-packages_PyQt6_Qt6_qml_QtQuick3D_Helpers_designer --> node_venv_lib_python3_12_site-packages_PyQt6_Qt6_qml_QtQuick3D_Helpers_designer_images["images"]\n    node_venv_lib_python3_12_site-packages_PyQt6_Qt6_qml_QtQuick3D_Helpers_designer_images --> node_venv_lib_python3_12_site-packages_PyQt6_Qt6_qml_QtQuick3D_Helpers_designer_images_instancemodel_png["instancemodel.png"]\n    Root --> node_venv["venv"]\n    node_venv --> node_venv_lib["lib"]\n    node_venv_lib --> node_venv_lib_python3_12["python3.12"]\n    node_venv_lib_python3_12 --> node_venv_lib_python3_12_site-packages["site-packages"]\n    node_venv_lib_python3_12_site-packages --> node_venv_lib_python3_12_site-packages_PyQt6["PyQt6"]\n    node_venv_lib_python3_12_site-packages_PyQt6 --> node_venv_lib_python3_12_site-packages_PyQt6_Qt6["Qt6"]\n    node_venv_lib_python3_12_site-packages_PyQt6_Qt6 --> node_venv_lib_python3_12_site-packages_PyQt6_Qt6_qml["qml"]\n    node_venv_lib_python3_12_site-packages_PyQt6_Qt6_qml --> node_venv_lib_python3_12_site-packages_PyQt6_Qt6_qml_QtQuick3D["QtQuick3D"]\n    node_venv_lib_python3_12_site-packages_PyQt6_Qt6_qml_QtQuick3D --> node_venv_lib_python3_12_site-packages_PyQt6_Qt6_qml_QtQuick3D_Helpers["Helpers"]\n    node_venv_lib_python3_12_site-packages_PyQt6_Qt6_qml_QtQuick3D_Helpers --> node_venv_lib_python3_12_site-packages_PyQt6_Qt6_qml_QtQuick3D_Helpers_designer["designer"]\n    node_venv_lib_python3_12_site-packages_PyQt6_Qt6_qml_QtQuick3D_Helpers_designer --> node_venv_lib_python3_12_site-packages_PyQt6_Qt6_qml_QtQuick3D_Helpers_designer_images["images"]\n    node_venv_lib_python3_12_site-packages_PyQt6_Qt6_qml_QtQuick3D_Helpers_designer_images --> node_venv_lib_python3_12_site-packages_PyQt6_Qt6_qml_QtQuick3D_Helpers_designer_images_instancemodel16_png["instancemodel16.png"]\n    Root --> node_venv["venv"]\n    node_venv --> node_venv_lib["lib"]\n    node_venv_lib --> node_venv_lib_python3_12["python3.12"]\n    node_venv_lib_python3_12 --> node_venv_lib_python3_12_site-packages["site-packages"]\n    node_venv_lib_python3_12_site-packages --> node_venv_lib_python3_12_site-packages_PyQt6["PyQt6"]\n    node_venv_lib_python3_12_site-packages_PyQt6 --> node_venv_lib_python3_12_site-packages_PyQt6_Qt6["Qt6"]\n    node_venv_lib_python3_12_site-packages_PyQt6_Qt6 --> node_venv_lib_python3_12_site-packages_PyQt6_Qt6_qml["qml"]\n    node_venv_lib_python3_12_site-packages_PyQt6_Qt6_qml --> node_venv_lib_python3_12_site-packages_PyQt6_Qt6_qml_QtQuick3D["QtQuick3D"]\n    node_venv_lib_python3_12_site-packages_PyQt6_Qt6_qml_QtQuick3D --> node_venv_lib_python3_12_site-packages_PyQt6_Qt6_qml_QtQuick3D_Helpers["Helpers"]\n    node_venv_lib_python3_12_site-packages_PyQt6_Qt6_qml_QtQuick3D_Helpers --> node_venv_lib_python3_12_site-packages_PyQt6_Qt6_qml_QtQuick3D_Helpers_designer["designer"]\n    node_venv_lib_python3_12_site-packages_PyQt6_Qt6_qml_QtQuick3D_Helpers_designer --> node_venv_lib_python3_12_site-packages_PyQt6_Qt6_qml_QtQuick3D_Helpers_designer_images["images"]\n    node_venv_lib_python3_12_site-packages_PyQt6_Qt6_qml_QtQuick3D_Helpers_designer_images --> node_venv_lib_python3_12_site-packages_PyQt6_Qt6_qml_QtQuick3D_Helpers_designer_images_instancemodel@2x_png["instancemodel@2x.png"]\n    Root --> node_venv["venv"]\n    node_venv --> node_venv_lib["lib"]\n    node_venv_lib --> node_venv_lib_python3_12["python3.12"]\n    node_venv_lib_python3_12 --> node_venv_lib_python3_12_site-packages["site-packages"]\n    node_venv_lib_python3_12_site-packages --> node_venv_lib_python3_12_site-packages_PyQt6["PyQt6"]\n    node_venv_lib_python3_12_site-packages_PyQt6 --> node_venv_lib_python3_12_site-packages_PyQt6_Qt6["Qt6"]\n    node_venv_lib_python3_12_site-packages_PyQt6_Qt6 --> node_venv_lib_python3_12_site-packages_PyQt6_Qt6_qml["qml"]\n    node_venv_lib_python3_12_site-packages_PyQt6_Qt6_qml --> node_venv_lib_python3_12_site-packages_PyQt6_Qt6_qml_QtQuick3D["QtQuick3D"]\n    node_venv_lib_python3_12_site-packages_PyQt6_Qt6_qml_QtQuick3D --> node_venv_lib_python3_12_site-packages_PyQt6_Qt6_qml_QtQuick3D_Helpers["Helpers"]\n    node_venv_lib_python3_12_site-packages_PyQt6_Qt6_qml_QtQuick3D_Helpers --> node_venv_lib_python3_12_site-packages_PyQt6_Qt6_qml_QtQuick3D_Helpers_designer["designer"]\n    node_venv_lib_python3_12_site-packages_PyQt6_Qt6_qml_QtQuick3D_Helpers_designer --> node_venv_lib_python3_12_site-packages_PyQt6_Qt6_qml_QtQuick3D_Helpers_designer_images["images"]\n    node_venv_lib_python3_12_site-packages_PyQt6_Qt6_qml_QtQuick3D_Helpers_designer_images --> node_venv_lib_python3_12_site-packages_PyQt6_Qt6_qml_QtQuick3D_Helpers_designer_images_instancerepeater_png["instancerepeater.png"]\n    Root --> node_venv["venv"]\n    node_venv --> node_venv_lib["lib"]\n    node_venv_lib --> node_venv_lib_python3_12["python3.12"]\n    node_venv_lib_python3_12 --> node_venv_lib_python3_12_site-packages["site-packages"]\n    node_venv_lib_python3_12_site-packages --> node_venv_lib_python3_12_site-packages_PyQt6["PyQt6"]\n    node_venv_lib_python3_12_site-packages_PyQt6 --> node_venv_lib_python3_12_site-packages_PyQt6_Qt6["Qt6"]\n    node_venv_lib_python3_12_site-packages_PyQt6_Qt6 --> node_venv_lib_python3_12_site-packages_PyQt6_Qt6_qml["qml"]\n    node_venv_lib_python3_12_site-packages_PyQt6_Qt6_qml --> node_venv_lib_python3_12_site-packages_PyQt6_Qt6_qml_QtQuick3D["QtQuick3D"]\n    node_venv_lib_python3_12_site-packages_PyQt6_Qt6_qml_QtQuick3D --> node_venv_lib_python3_12_site-packages_PyQt6_Qt6_qml_QtQuick3D_Helpers["Helpers"]\n    node_venv_lib_python3_12_site-packages_PyQt6_Qt6_qml_QtQuick3D_Helpers --> node_venv_lib_python3_12_site-packages_PyQt6_Qt6_qml_QtQuick3D_Helpers_designer["designer"]\n    node_venv_lib_python3_12_site-packages_PyQt6_Qt6_qml_QtQuick3D_Helpers_designer --> node_venv_lib_python3_12_site-packages_PyQt6_Qt6_qml_QtQuick3D_Helpers_designer_images["images"]\n    node_venv_lib_python3_12_site-packages_PyQt6_Qt6_qml_QtQuick3D_Helpers_designer_images --> node_venv_lib_python3_12_site-packages_PyQt6_Qt6_qml_QtQuick3D_Helpers_designer_images_instancerepeater16_png["instancerepeater16.png"]\n    Root --> node_venv["venv"]\n    node_venv --> node_venv_lib["lib"]\n    node_venv_lib --> node_venv_lib_python3_12["python3.12"]\n    node_venv_lib_python3_12 --> node_venv_lib_python3_12_site-packages["site-packages"]\n    node_venv_lib_python3_12_site-packages --> node_venv_lib_python3_12_site-packages_PyQt6["PyQt6"]\n    node_venv_lib_python3_12_site-packages_PyQt6 --> node_venv_lib_python3_12_site-packages_PyQt6_Qt6["Qt6"]\n    node_venv_lib_python3_12_site-packages_PyQt6_Qt6 --> node_venv_lib_python3_12_site-packages_PyQt6_Qt6_qml["qml"]\n    node_venv_lib_python3_12_site-packages_PyQt6_Qt6_qml --> node_venv_lib_python3_12_site-packages_PyQt6_Qt6_qml_QtQuick3D["QtQuick3D"]\n    node_venv_lib_python3_12_site-packages_PyQt6_Qt6_qml_QtQuick3D --> node_venv_lib_python3_12_site-packages_PyQt6_Qt6_qml_QtQuick3D_Helpers["Helpers"]\n    node_venv_lib_python3_12_site-packages_PyQt6_Qt6_qml_QtQuick3D_Helpers --> node_venv_lib_python3_12_site-packages_PyQt6_Qt6_qml_QtQuick3D_Helpers_designer["designer"]\n    node_venv_lib_python3_12_site-packages_PyQt6_Qt6_qml_QtQuick3D_Helpers_designer --> node_venv_lib_python3_12_site-packages_PyQt6_Qt6_qml_QtQuick3D_Helpers_designer_images["images"]\n    node_venv_lib_python3_12_site-packages_PyQt6_Qt6_qml_QtQuick3D_Helpers_designer_images --> node_venv_lib_python3_12_site-packages_PyQt6_Qt6_qml_QtQuick3D_Helpers_designer_images_instancerepeater@2x_png["instancerepeater@2x.png"]\n    Root --> node_venv["venv"]\n    node_venv --> node_venv_lib["lib"]\n    node_venv_lib --> node_venv_lib_python3_12["python3.12"]\n    node_venv_lib_python3_12 --> node_venv_lib_python3_12_site-packages["site-packages"]\n    node_venv_lib_python3_12_site-packages --> node_venv_lib_python3_12_site-packages_PyQt6["PyQt6"]\n    node_venv_lib_python3_12_site-packages_PyQt6 --> node_venv_lib_python3_12_site-packages_PyQt6_Qt6["Qt6"]\n    node_venv_lib_python3_12_site-packages_PyQt6_Qt6 --> node_venv_lib_python3_12_site-packages_PyQt6_Qt6_qml["qml"]\n    node_venv_lib_python3_12_site-packages_PyQt6_Qt6_qml --> node_venv_lib_python3_12_site-packages_PyQt6_Qt6_qml_QtQuick3D["QtQuick3D"]\n    node_venv_lib_python3_12_site-packages_PyQt6_Qt6_qml_QtQuick3D --> node_venv_lib_python3_12_site-packages_PyQt6_Qt6_qml_QtQuick3D_Helpers["Helpers"]\n    node_venv_lib_python3_12_site-packages_PyQt6_Qt6_qml_QtQuick3D_Helpers --> node_venv_lib_python3_12_site-packages_PyQt6_Qt6_qml_QtQuick3D_Helpers_designer["designer"]\n    node_venv_lib_python3_12_site-packages_PyQt6_Qt6_qml_QtQuick3D_Helpers_designer --> node_venv_lib_python3_12_site-packages_PyQt6_Qt6_qml_QtQuick3D_Helpers_designer_images["images"]\n    node_venv_lib_python3_12_site-packages_PyQt6_Qt6_qml_QtQuick3D_Helpers_designer_images --> node_venv_lib_python3_12_site-packages_PyQt6_Qt6_qml_QtQuick3D_Helpers_designer_images_lodmanager_png["lodmanager.png"]\n    Root --> node_venv["venv"]\n    node_venv --> node_venv_lib["lib"]\n    node_venv_lib --> node_venv_lib_python3_12["python3.12"]\n    node_venv_lib_python3_12 --> node_venv_lib_python3_12_site-packages["site-packages"]\n    node_venv_lib_python3_12_site-packages --> node_venv_lib_python3_12_site-packages_PyQt6["PyQt6"]\n    node_venv_lib_python3_12_site-packages_PyQt6 --> node_venv_lib_python3_12_site-packages_PyQt6_Qt6["Qt6"]\n    node_venv_lib_python3_12_site-packages_PyQt6_Qt6 --> node_venv_lib_python3_12_site-packages_PyQt6_Qt6_qml["qml"]\n    node_venv_lib_python3_12_site-packages_PyQt6_Qt6_qml --> node_venv_lib_python3_12_site-packages_PyQt6_Qt6_qml_QtQuick3D["QtQuick3D"]\n    node_venv_lib_python3_12_site-packages_PyQt6_Qt6_qml_QtQuick3D --> node_venv_lib_python3_12_site-packages_PyQt6_Qt6_qml_QtQuick3D_Helpers["Helpers"]\n    node_venv_lib_python3_12_site-packages_PyQt6_Qt6_qml_QtQuick3D_Helpers --> node_venv_lib_python3_12_site-packages_PyQt6_Qt6_qml_QtQuick3D_Helpers_designer["designer"]\n    node_venv_lib_python3_12_site-packages_PyQt6_Qt6_qml_QtQuick3D_Helpers_designer --> node_venv_lib_python3_12_site-packages_PyQt6_Qt6_qml_QtQuick3D_Helpers_designer_images["images"]\n    node_venv_lib_python3_12_site-packages_PyQt6_Qt6_qml_QtQuick3D_Helpers_designer_images --> node_venv_lib_python3_12_site-packages_PyQt6_Qt6_qml_QtQuick3D_Helpers_designer_images_lodmanager16_png["lodmanager16.png"]\n    Root --> node_venv["venv"]\n    node_venv --> node_venv_lib["lib"]\n    node_venv_lib --> node_venv_lib_python3_12["python3.12"]\n    node_venv_lib_python3_12 --> node_venv_lib_python3_12_site-packages["site-packages"]\n    node_venv_lib_python3_12_site-packages --> node_venv_lib_python3_12_site-packages_PyQt6["PyQt6"]\n    node_venv_lib_python3_12_site-packages_PyQt6 --> node_venv_lib_python3_12_site-packages_PyQt6_Qt6["Qt6"]\n    node_venv_lib_python3_12_site-packages_PyQt6_Qt6 --> node_venv_lib_python3_12_site-packages_PyQt6_Qt6_qml["qml"]\n    node_venv_lib_python3_12_site-packages_PyQt6_Qt6_qml --> node_venv_lib_python3_12_site-packages_PyQt6_Qt6_qml_QtQuick3D["QtQuick3D"]\n    node_venv_lib_python3_12_site-packages_PyQt6_Qt6_qml_QtQuick3D --> node_venv_lib_python3_12_site-packages_PyQt6_Qt6_qml_QtQuick3D_Helpers["Helpers"]\n    node_venv_lib_python3_12_site-packages_PyQt6_Qt6_qml_QtQuick3D_Helpers --> node_venv_lib_python3_12_site-packages_PyQt6_Qt6_qml_QtQuick3D_Helpers_designer["designer"]\n    node_venv_lib_python3_12_site-packages_PyQt6_Qt6_qml_QtQuick3D_Helpers_designer --> node_venv_lib_python3_12_site-packages_PyQt6_Qt6_qml_QtQuick3D_Helpers_designer_images["images"]\n    node_venv_lib_python3_12_site-packages_PyQt6_Qt6_qml_QtQuick3D_Helpers_designer_images --> node_venv_lib_python3_12_site-packages_PyQt6_Qt6_qml_QtQuick3D_Helpers_designer_images_lodmanager@2x_png["lodmanager@2x.png"]\n    Root --> node_venv["venv"]\n    node_venv --> node_venv_lib["lib"]\n    node_venv_lib --> node_venv_lib_python3_12["python3.12"]\n    node_venv_lib_python3_12 --> node_venv_lib_python3_12_site-packages["site-packages"]\n    node_venv_lib_python3_12_site-packages --> node_venv_lib_python3_12_site-packages_PyQt6["PyQt6"]\n    node_venv_lib_python3_12_site-packages_PyQt6 --> node_venv_lib_python3_12_site-packages_PyQt6_Qt6["Qt6"]\n    node_venv_lib_python3_12_site-packages_PyQt6_Qt6 --> node_venv_lib_python3_12_site-packages_PyQt6_Qt6_qml["qml"]\n    node_venv_lib_python3_12_site-packages_PyQt6_Qt6_qml --> node_venv_lib_python3_12_site-packages_PyQt6_Qt6_qml_QtQuick3D["QtQuick3D"]\n    node_venv_lib_python3_12_site-packages_PyQt6_Qt6_qml_QtQuick3D --> node_venv_lib_python3_12_site-packages_PyQt6_Qt6_qml_QtQuick3D_Helpers["Helpers"]\n    node_venv_lib_python3_12_site-packages_PyQt6_Qt6_qml_QtQuick3D_Helpers --> node_venv_lib_python3_12_site-packages_PyQt6_Qt6_qml_QtQuick3D_Helpers_designer["designer"]\n    node_venv_lib_python3_12_site-packages_PyQt6_Qt6_qml_QtQuick3D_Helpers_designer --> node_venv_lib_python3_12_site-packages_PyQt6_Qt6_qml_QtQuick3D_Helpers_designer_images["images"]\n    node_venv_lib_python3_12_site-packages_PyQt6_Qt6_qml_QtQuick3D_Helpers_designer_images --> node_venv_lib_python3_12_site-packages_PyQt6_Qt6_qml_QtQuick3D_Helpers_designer_images_lookatnode_png["lookatnode.png"]\n    Root --> node_venv["venv"]\n    node_venv --> node_venv_lib["lib"]\n    node_venv_lib --> node_venv_lib_python3_12["python3.12"]\n    node_venv_lib_python3_12 --> node_venv_lib_python3_12_site-packages["site-packages"]\n    node_venv_lib_python3_12_site-packages --> node_venv_lib_python3_12_site-packages_PyQt6["PyQt6"]\n    node_venv_lib_python3_12_site-packages_PyQt6 --> node_venv_lib_python3_12_site-packages_PyQt6_Qt6["Qt6"]\n    node_venv_lib_python3_12_site-packages_PyQt6_Qt6 --> node_venv_lib_python3_12_site-packages_PyQt6_Qt6_qml["qml"]\n    node_venv_lib_python3_12_site-packages_PyQt6_Qt6_qml --> node_venv_lib_python3_12_site-packages_PyQt6_Qt6_qml_QtQuick3D["QtQuick3D"]\n    node_venv_lib_python3_12_site-packages_PyQt6_Qt6_qml_QtQuick3D --> node_venv_lib_python3_12_site-packages_PyQt6_Qt6_qml_QtQuick3D_Helpers["Helpers"]\n    node_venv_lib_python3_12_site-packages_PyQt6_Qt6_qml_QtQuick3D_Helpers --> node_venv_lib_python3_12_site-packages_PyQt6_Qt6_qml_QtQuick3D_Helpers_designer["designer"]\n    node_venv_lib_python3_12_site-packages_PyQt6_Qt6_qml_QtQuick3D_Helpers_designer --> node_venv_lib_python3_12_site-packages_PyQt6_Qt6_qml_QtQuick3D_Helpers_designer_images["images"]\n    node_venv_lib_python3_12_site-packages_PyQt6_Qt6_qml_QtQuick3D_Helpers_designer_images --> node_venv_lib_python3_12_site-packages_PyQt6_Qt6_qml_QtQuick3D_Helpers_designer_images_lookatnode16_png["lookatnode16.png"]\n    Root --> node_venv["venv"]\n    node_venv --> node_venv_lib["lib"]\n    node_venv_lib --> node_venv_lib_python3_12["python3.12"]\n    node_venv_lib_python3_12 --> node_venv_lib_python3_12_site-packages["site-packages"]\n    node_venv_lib_python3_12_site-packages --> node_venv_lib_python3_12_site-packages_PyQt6["PyQt6"]\n    node_venv_lib_python3_12_site-packages_PyQt6 --> node_venv_lib_python3_12_site-packages_PyQt6_Qt6["Qt6"]\n    node_venv_lib_python3_12_site-packages_PyQt6_Qt6 --> node_venv_lib_python3_12_site-packages_PyQt6_Qt6_qml["qml"]\n    node_venv_lib_python3_12_site-packages_PyQt6_Qt6_qml --> node_venv_lib_python3_12_site-packages_PyQt6_Qt6_qml_QtQuick3D["QtQuick3D"]\n    node_venv_lib_python3_12_site-packages_PyQt6_Qt6_qml_QtQuick3D --> node_venv_lib_python3_12_site-packages_PyQt6_Qt6_qml_QtQuick3D_Helpers["Helpers"]\n    node_venv_lib_python3_12_site-packages_PyQt6_Qt6_qml_QtQuick3D_Helpers --> node_venv_lib_python3_12_site-packages_PyQt6_Qt6_qml_QtQuick3D_Helpers_designer["designer"]\n    node_venv_lib_python3_12_site-packages_PyQt6_Qt6_qml_QtQuick3D_Helpers_designer --> node_venv_lib_python3_12_site-packages_PyQt6_Qt6_qml_QtQuick3D_Helpers_designer_images["images"]\n    node_venv_lib_python3_12_site-packages_PyQt6_Qt6_qml_QtQuick3D_Helpers_designer_images --> node_venv_lib_python3_12_site-packages_PyQt6_Qt6_qml_QtQuick3D_Helpers_designer_images_lookatnode@2x_png["lookatnode@2x.png"]\n    Root --> node_venv["venv"]\n    node_venv --> node_venv_lib["lib"]\n    node_venv_lib --> node_venv_lib_python3_12["python3.12"]\n    node_venv_lib_python3_12 --> node_venv_lib_python3_12_site-packages["site-packages"]\n    node_venv_lib_python3_12_site-packages --> node_venv_lib_python3_12_site-packages_PyQt6["PyQt6"]\n    node_venv_lib_python3_12_site-packages_PyQt6 --> node_venv_lib_python3_12_site-packages_PyQt6_Qt6["Qt6"]\n    node_venv_lib_python3_12_site-packages_PyQt6_Qt6 --> node_venv_lib_python3_12_site-packages_PyQt6_Qt6_qml["qml"]\n    node_venv_lib_python3_12_site-packages_PyQt6_Qt6_qml --> node_venv_lib_python3_12_site-packages_PyQt6_Qt6_qml_QtQuick3D["QtQuick3D"]\n    node_venv_lib_python3_12_site-packages_PyQt6_Qt6_qml_QtQuick3D --> node_venv_lib_python3_12_site-packages_PyQt6_Qt6_qml_QtQuick3D_Helpers["Helpers"]\n    node_venv_lib_python3_12_site-packages_PyQt6_Qt6_qml_QtQuick3D_Helpers --> node_venv_lib_python3_12_site-packages_PyQt6_Qt6_qml_QtQuick3D_Helpers_designer["designer"]\n    node_venv_lib_python3_12_site-packages_PyQt6_Qt6_qml_QtQuick3D_Helpers_designer --> node_venv_lib_python3_12_site-packages_PyQt6_Qt6_qml_QtQuick3D_Helpers_designer_images["images"]\n    node_venv_lib_python3_12_site-packages_PyQt6_Qt6_qml_QtQuick3D_Helpers_designer_images --> node_venv_lib_python3_12_site-packages_PyQt6_Qt6_qml_QtQuick3D_Helpers_designer_images_orbitcameracontroller_png["orbitcameracontroller.png"]\n    Root --> node_venv["venv"]\n    node_venv --> node_venv_lib["lib"]\n    node_venv_lib --> node_venv_lib_python3_12["python3.12"]\n    node_venv_lib_python3_12 --> node_venv_lib_python3_12_site-packages["site-packages"]\n    node_venv_lib_python3_12_site-packages --> node_venv_lib_python3_12_site-packages_PyQt6["PyQt6"]\n    node_venv_lib_python3_12_site-packages_PyQt6 --> node_venv_lib_python3_12_site-packages_PyQt6_Qt6["Qt6"]\n    node_venv_lib_python3_12_site-packages_PyQt6_Qt6 --> node_venv_lib_python3_12_site-packages_PyQt6_Qt6_qml["qml"]\n    node_venv_lib_python3_12_site-packages_PyQt6_Qt6_qml --> node_venv_lib_python3_12_site-packages_PyQt6_Qt6_qml_QtQuick3D["QtQuick3D"]\n    node_venv_lib_python3_12_site-packages_PyQt6_Qt6_qml_QtQuick3D --> node_venv_lib_python3_12_site-packages_PyQt6_Qt6_qml_QtQuick3D_Helpers["Helpers"]\n    node_venv_lib_python3_12_site-packages_PyQt6_Qt6_qml_QtQuick3D_Helpers --> node_venv_lib_python3_12_site-packages_PyQt6_Qt6_qml_QtQuick3D_Helpers_designer["designer"]\n    node_venv_lib_python3_12_site-packages_PyQt6_Qt6_qml_QtQuick3D_Helpers_designer --> node_venv_lib_python3_12_site-packages_PyQt6_Qt6_qml_QtQuick3D_Helpers_designer_images["images"]\n    node_venv_lib_python3_12_site-packages_PyQt6_Qt6_qml_QtQuick3D_Helpers_designer_images --> node_venv_lib_python3_12_site-packages_PyQt6_Qt6_qml_QtQuick3D_Helpers_designer_images_orbitcameracontroller16_png["orbitcameracontroller16.png"]\n    Root --> node_venv["venv"]\n    node_venv --> node_venv_lib["lib"]\n    node_venv_lib --> node_venv_lib_python3_12["python3.12"]\n    node_venv_lib_python3_12 --> node_venv_lib_python3_12_site-packages["site-packages"]\n    node_venv_lib_python3_12_site-packages --> node_venv_lib_python3_12_site-packages_PyQt6["PyQt6"]\n    node_venv_lib_python3_12_site-packages_PyQt6 --> node_venv_lib_python3_12_site-packages_PyQt6_Qt6["Qt6"]\n    node_venv_lib_python3_12_site-packages_PyQt6_Qt6 --> node_venv_lib_python3_12_site-packages_PyQt6_Qt6_qml["qml"]\n    node_venv_lib_python3_12_site-packages_PyQt6_Qt6_qml --> node_venv_lib_python3_12_site-packages_PyQt6_Qt6_qml_QtQuick3D["QtQuick3D"]\n    node_venv_lib_python3_12_site-packages_PyQt6_Qt6_qml_QtQuick3D --> node_venv_lib_python3_12_site-packages_PyQt6_Qt6_qml_QtQuick3D_Helpers["Helpers"]\n    node_venv_lib_python3_12_site-packages_PyQt6_Qt6_qml_QtQuick3D_Helpers --> node_venv_lib_python3_12_site-packages_PyQt6_Qt6_qml_QtQuick3D_Helpers_designer["designer"]\n    node_venv_lib_python3_12_site-packages_PyQt6_Qt6_qml_QtQuick3D_Helpers_designer --> node_venv_lib_python3_12_site-packages_PyQt6_Qt6_qml_QtQuick3D_Helpers_designer_images["images"]\n    node_venv_lib_python3_12_site-packages_PyQt6_Qt6_qml_QtQuick3D_Helpers_designer_images --> node_venv_lib_python3_12_site-packages_PyQt6_Qt6_qml_QtQuick3D_Helpers_designer_images_orbitcameracontroller@2x_png["orbitcameracontroller@2x.png"]\n    Root --> node_venv["venv"]\n    node_venv --> node_venv_lib["lib"]\n    node_venv_lib --> node_venv_lib_python3_12["python3.12"]\n    node_venv_lib_python3_12 --> node_venv_lib_python3_12_site-packages["site-packages"]\n    node_venv_lib_python3_12_site-packages --> node_venv_lib_python3_12_site-packages_PyQt6["PyQt6"]\n    node_venv_lib_python3_12_site-packages_PyQt6 --> node_venv_lib_python3_12_site-packages_PyQt6_Qt6["Qt6"]\n    node_venv_lib_python3_12_site-packages_PyQt6_Qt6 --> node_venv_lib_python3_12_site-packages_PyQt6_Qt6_qml["qml"]\n    node_venv_lib_python3_12_site-packages_PyQt6_Qt6_qml --> node_venv_lib_python3_12_site-packages_PyQt6_Qt6_qml_QtQuick3D["QtQuick3D"]\n    node_venv_lib_python3_12_site-packages_PyQt6_Qt6_qml_QtQuick3D --> node_venv_lib_python3_12_site-packages_PyQt6_Qt6_qml_QtQuick3D_Helpers["Helpers"]\n    node_venv_lib_python3_12_site-packages_PyQt6_Qt6_qml_QtQuick3D_Helpers --> node_venv_lib_python3_12_site-packages_PyQt6_Qt6_qml_QtQuick3D_Helpers_designer["designer"]\n    node_venv_lib_python3_12_site-packages_PyQt6_Qt6_qml_QtQuick3D_Helpers_designer --> node_venv_lib_python3_12_site-packages_PyQt6_Qt6_qml_QtQuick3D_Helpers_designer_images["images"]\n    node_venv_lib_python3_12_site-packages_PyQt6_Qt6_qml_QtQuick3D_Helpers_designer_images --> node_venv_lib_python3_12_site-packages_PyQt6_Qt6_qml_QtQuick3D_Helpers_designer_images_proceduralskytexturedata_png["proceduralskytexturedata.png"]\n    Root --> node_venv["venv"]\n    node_venv --> node_venv_lib["lib"]\n    node_venv_lib --> node_venv_lib_python3_12["python3.12"]\n    node_venv_lib_python3_12 --> node_venv_lib_python3_12_site-packages["site-packages"]\n    node_venv_lib_python3_12_site-packages --> node_venv_lib_python3_12_site-packages_PyQt6["PyQt6"]\n    node_venv_lib_python3_12_site-packages_PyQt6 --> node_venv_lib_python3_12_site-packages_PyQt6_Qt6["Qt6"]\n    node_venv_lib_python3_12_site-packages_PyQt6_Qt6 --> node_venv_lib_python3_12_site-packages_PyQt6_Qt6_qml["qml"]\n    node_venv_lib_python3_12_site-packages_PyQt6_Qt6_qml --> node_venv_lib_python3_12_site-packages_PyQt6_Qt6_qml_QtQuick3D["QtQuick3D"]\n    node_venv_lib_python3_12_site-packages_PyQt6_Qt6_qml_QtQuick3D --> node_venv_lib_python3_12_site-packages_PyQt6_Qt6_qml_QtQuick3D_Helpers["Helpers"]\n    node_venv_lib_python3_12_site-packages_PyQt6_Qt6_qml_QtQuick3D_Helpers --> node_venv_lib_python3_12_site-packages_PyQt6_Qt6_qml_QtQuick3D_Helpers_designer["designer"]\n    node_venv_lib_python3_12_site-packages_PyQt6_Qt6_qml_QtQuick3D_Helpers_designer --> node_venv_lib_python3_12_site-packages_PyQt6_Qt6_qml_QtQuick3D_Helpers_designer_images["images"]\n    node_venv_lib_python3_12_site-packages_PyQt6_Qt6_qml_QtQuick3D_Helpers_designer_images --> node_venv_lib_python3_12_site-packages_PyQt6_Qt6_qml_QtQuick3D_Helpers_designer_images_proceduralskytexturedata16_png["proceduralskytexturedata16.png"]\n    Root --> node_venv["venv"]\n    node_venv --> node_venv_lib["lib"]\n    node_venv_lib --> node_venv_lib_python3_12["python3.12"]\n    node_venv_lib_python3_12 --> node_venv_lib_python3_12_site-packages["site-packages"]\n    node_venv_lib_python3_12_site-packages --> node_venv_lib_python3_12_site-packages_PyQt6["PyQt6"]\n    node_venv_lib_python3_12_site-packages_PyQt6 --> node_venv_lib_python3_12_site-packages_PyQt6_Qt6["Qt6"]\n    node_venv_lib_python3_12_site-packages_PyQt6_Qt6 --> node_venv_lib_python3_12_site-packages_PyQt6_Qt6_qml["qml"]\n    node_venv_lib_python3_12_site-packages_PyQt6_Qt6_qml --> node_venv_lib_python3_12_site-packages_PyQt6_Qt6_qml_QtQuick3D["QtQuick3D"]\n    node_venv_lib_python3_12_site-packages_PyQt6_Qt6_qml_QtQuick3D --> node_venv_lib_python3_12_site-packages_PyQt6_Qt6_qml_QtQuick3D_Helpers["Helpers"]\n    node_venv_lib_python3_12_site-packages_PyQt6_Qt6_qml_QtQuick3D_Helpers --> node_venv_lib_python3_12_site-packages_PyQt6_Qt6_qml_QtQuick3D_Helpers_designer["designer"]\n    node_venv_lib_python3_12_site-packages_PyQt6_Qt6_qml_QtQuick3D_Helpers_designer --> node_venv_lib_python3_12_site-packages_PyQt6_Qt6_qml_QtQuick3D_Helpers_designer_images["images"]\n    node_venv_lib_python3_12_site-packages_PyQt6_Qt6_qml_QtQuick3D_Helpers_designer_images --> node_venv_lib_python3_12_site-packages_PyQt6_Qt6_qml_QtQuick3D_Helpers_designer_images_proceduralskytexturedata@2x_png["proceduralskytexturedata@2x.png"]\n    Root --> node_venv["venv"]\n    node_venv --> node_venv_lib["lib"]\n    node_venv_lib --> node_venv_lib_python3_12["python3.12"]\n    node_venv_lib_python3_12 --> node_venv_lib_python3_12_site-packages["site-packages"]\n    node_venv_lib_python3_12_site-packages --> node_venv_lib_python3_12_site-packages_PyQt6["PyQt6"]\n    node_venv_lib_python3_12_site-packages_PyQt6 --> node_venv_lib_python3_12_site-packages_PyQt6_Qt6["Qt6"]\n    node_venv_lib_python3_12_site-packages_PyQt6_Qt6 --> node_venv_lib_python3_12_site-packages_PyQt6_Qt6_qml["qml"]\n    node_venv_lib_python3_12_site-packages_PyQt6_Qt6_qml --> node_venv_lib_python3_12_site-packages_PyQt6_Qt6_qml_QtQuick3D["QtQuick3D"]\n    node_venv_lib_python3_12_site-packages_PyQt6_Qt6_qml_QtQuick3D --> node_venv_lib_python3_12_site-packages_PyQt6_Qt6_qml_QtQuick3D_Helpers["Helpers"]\n    node_venv_lib_python3_12_site-packages_PyQt6_Qt6_qml_QtQuick3D_Helpers --> node_venv_lib_python3_12_site-packages_PyQt6_Qt6_qml_QtQuick3D_Helpers_designer["designer"]\n    node_venv_lib_python3_12_site-packages_PyQt6_Qt6_qml_QtQuick3D_Helpers_designer --> node_venv_lib_python3_12_site-packages_PyQt6_Qt6_qml_QtQuick3D_Helpers_designer_images["images"]\n    node_venv_lib_python3_12_site-packages_PyQt6_Qt6_qml_QtQuick3D_Helpers_designer_images --> node_venv_lib_python3_12_site-packages_PyQt6_Qt6_qml_QtQuick3D_Helpers_designer_images_wasdcontroller_png["wasdcontroller.png"]\n    Root --> node_venv["venv"]\n    node_venv --> node_venv_lib["lib"]\n    node_venv_lib --> node_venv_lib_python3_12["python3.12"]\n    node_venv_lib_python3_12 --> node_venv_lib_python3_12_site-packages["site-packages"]\n    node_venv_lib_python3_12_site-packages --> node_venv_lib_python3_12_site-packages_PyQt6["PyQt6"]\n    node_venv_lib_python3_12_site-packages_PyQt6 --> node_venv_lib_python3_12_site-packages_PyQt6_Qt6["Qt6"]\n    node_venv_lib_python3_12_site-packages_PyQt6_Qt6 --> node_venv_lib_python3_12_site-packages_PyQt6_Qt6_qml["qml"]\n    node_venv_lib_python3_12_site-packages_PyQt6_Qt6_qml --> node_venv_lib_python3_12_site-packages_PyQt6_Qt6_qml_QtQuick3D["QtQuick3D"]\n    node_venv_lib_python3_12_site-packages_PyQt6_Qt6_qml_QtQuick3D --> node_venv_lib_python3_12_site-packages_PyQt6_Qt6_qml_QtQuick3D_Helpers["Helpers"]\n    node_venv_lib_python3_12_site-packages_PyQt6_Qt6_qml_QtQuick3D_Helpers --> node_venv_lib_python3_12_site-packages_PyQt6_Qt6_qml_QtQuick3D_Helpers_designer["designer"]\n    node_venv_lib_python3_12_site-packages_PyQt6_Qt6_qml_QtQuick3D_Helpers_designer --> node_venv_lib_python3_12_site-packages_PyQt6_Qt6_qml_QtQuick3D_Helpers_designer_images["images"]\n    node_venv_lib_python3_12_site-packages_PyQt6_Qt6_qml_QtQuick3D_Helpers_designer_images --> node_venv_lib_python3_12_site-packages_PyQt6_Qt6_qml_QtQuick3D_Helpers_designer_images_wasdcontroller16_png["wasdcontroller16.png"]\n    Root --> node_venv["venv"]\n    node_venv --> node_venv_lib["lib"]\n    node_venv_lib --> node_venv_lib_python3_12["python3.12"]\n    node_venv_lib_python3_12 --> node_venv_lib_python3_12_site-packages["site-packages"]\n    node_venv_lib_python3_12_site-packages --> node_venv_lib_python3_12_site-packages_PyQt6["PyQt6"]\n    node_venv_lib_python3_12_site-packages_PyQt6 --> node_venv_lib_python3_12_site-packages_PyQt6_Qt6["Qt6"]\n    node_venv_lib_python3_12_site-packages_PyQt6_Qt6 --> node_venv_lib_python3_12_site-packages_PyQt6_Qt6_qml["qml"]\n    node_venv_lib_python3_12_site-packages_PyQt6_Qt6_qml --> node_venv_lib_python3_12_site-packages_PyQt6_Qt6_qml_QtQuick3D["QtQuick3D"]\n    node_venv_lib_python3_12_site-packages_PyQt6_Qt6_qml_QtQuick3D --> node_venv_lib_python3_12_site-packages_PyQt6_Qt6_qml_QtQuick3D_Helpers["Helpers"]\n    node_venv_lib_python3_12_site-packages_PyQt6_Qt6_qml_QtQuick3D_Helpers --> node_venv_lib_python3_12_site-packages_PyQt6_Qt6_qml_QtQuick3D_Helpers_designer["designer"]\n    node_venv_lib_python3_12_site-packages_PyQt6_Qt6_qml_QtQuick3D_Helpers_designer --> node_venv_lib_python3_12_site-packages_PyQt6_Qt6_qml_QtQuick3D_Helpers_designer_images["images"]\n    node_venv_lib_python3_12_site-packages_PyQt6_Qt6_qml_QtQuick3D_Helpers_designer_images --> node_venv_lib_python3_12_site-packages_PyQt6_Qt6_qml_QtQuick3D_Helpers_designer_images_wasdcontroller@2x_png["wasdcontroller@2x.png"]\n    Root --> node_venv["venv"]\n    node_venv --> node_venv_lib["lib"]\n    node_venv_lib --> node_venv_lib_python3_12["python3.12"]\n    node_venv_lib_python3_12 --> node_venv_lib_python3_12_site-packages["site-packages"]\n    node_venv_lib_python3_12_site-packages --> node_venv_lib_python3_12_site-packages_PyQt6["PyQt6"]\n    node_venv_lib_python3_12_site-packages_PyQt6 --> node_venv_lib_python3_12_site-packages_PyQt6_Qt6["Qt6"]\n    node_venv_lib_python3_12_site-packages_PyQt6_Qt6 --> node_venv_lib_python3_12_site-packages_PyQt6_Qt6_qml["qml"]\n    node_venv_lib_python3_12_site-packages_PyQt6_Qt6_qml --> node_venv_lib_python3_12_site-packages_PyQt6_Qt6_qml_QtRemoteObjects["QtRemoteObjects"]\n    node_venv_lib_python3_12_site-packages_PyQt6_Qt6_qml_QtRemoteObjects --> node_venv_lib_python3_12_site-packages_PyQt6_Qt6_qml_QtRemoteObjects_libdeclarative_remoteobjectsplugin_dylib["libdeclarative_remoteobjectsplugin.dylib"]\n    Root --> node_venv["venv"]\n    node_venv --> node_venv_lib["lib"]\n    node_venv_lib --> node_venv_lib_python3_12["python3.12"]\n    node_venv_lib_python3_12 --> node_venv_lib_python3_12_site-packages["site-packages"]\n    node_venv_lib_python3_12_site-packages --> node_venv_lib_python3_12_site-packages_PyQt6["PyQt6"]\n    node_venv_lib_python3_12_site-packages_PyQt6 --> node_venv_lib_python3_12_site-packages_PyQt6_Qt6["Qt6"]\n    node_venv_lib_python3_12_site-packages_PyQt6_Qt6 --> node_venv_lib_python3_12_site-packages_PyQt6_Qt6_qml["qml"]\n    node_venv_lib_python3_12_site-packages_PyQt6_Qt6_qml --> node_venv_lib_python3_12_site-packages_PyQt6_Qt6_qml_QtRemoteObjects["QtRemoteObjects"]\n    node_venv_lib_python3_12_site-packages_PyQt6_Qt6_qml_QtRemoteObjects --> node_venv_lib_python3_12_site-packages_PyQt6_Qt6_qml_QtRemoteObjects_plugins_qmltypes["plugins.qmltypes"]\n    Root --> node_venv["venv"]\n    node_venv --> node_venv_lib["lib"]\n    node_venv_lib --> node_venv_lib_python3_12["python3.12"]\n    node_venv_lib_python3_12 --> node_venv_lib_python3_12_site-packages["site-packages"]\n    node_venv_lib_python3_12_site-packages --> node_venv_lib_python3_12_site-packages_PyQt6["PyQt6"]\n    node_venv_lib_python3_12_site-packages_PyQt6 --> node_venv_lib_python3_12_site-packages_PyQt6_Qt6["Qt6"]\n    node_venv_lib_python3_12_site-packages_PyQt6_Qt6 --> node_venv_lib_python3_12_site-packages_PyQt6_Qt6_qml["qml"]\n    node_venv_lib_python3_12_site-packages_PyQt6_Qt6_qml --> node_venv_lib_python3_12_site-packages_PyQt6_Qt6_qml_QtRemoteObjects["QtRemoteObjects"]\n    node_venv_lib_python3_12_site-packages_PyQt6_Qt6_qml_QtRemoteObjects --> node_venv_lib_python3_12_site-packages_PyQt6_Qt6_qml_QtRemoteObjects_qmldir["qmldir"]\n    Root --> node_venv["venv"]\n    node_venv --> node_venv_lib["lib"]\n    node_venv_lib --> node_venv_lib_python3_12["python3.12"]\n    node_venv_lib_python3_12 --> node_venv_lib_python3_12_site-packages["site-packages"]\n    node_venv_lib_python3_12_site-packages --> node_venv_lib_python3_12_site-packages_PyQt6["PyQt6"]\n    node_venv_lib_python3_12_site-packages_PyQt6 --> node_venv_lib_python3_12_site-packages_PyQt6_Qt6["Qt6"]\n    node_venv_lib_python3_12_site-packages_PyQt6_Qt6 --> node_venv_lib_python3_12_site-packages_PyQt6_Qt6_qml["qml"]\n    node_venv_lib_python3_12_site-packages_PyQt6_Qt6_qml --> node_venv_lib_python3_12_site-packages_PyQt6_Qt6_qml_QtSensors["QtSensors"]\n    node_venv_lib_python3_12_site-packages_PyQt6_Qt6_qml_QtSensors --> node_venv_lib_python3_12_site-packages_PyQt6_Qt6_qml_QtSensors_libsensorsquickplugin_dylib["libsensorsquickplugin.dylib"]\n    Root --> node_venv["venv"]\n    node_venv --> node_venv_lib["lib"]\n    node_venv_lib --> node_venv_lib_python3_12["python3.12"]\n    node_venv_lib_python3_12 --> node_venv_lib_python3_12_site-packages["site-packages"]\n    node_venv_lib_python3_12_site-packages --> node_venv_lib_python3_12_site-packages_PyQt6["PyQt6"]\n    node_venv_lib_python3_12_site-packages_PyQt6 --> node_venv_lib_python3_12_site-packages_PyQt6_Qt6["Qt6"]\n    node_venv_lib_python3_12_site-packages_PyQt6_Qt6 --> node_venv_lib_python3_12_site-packages_PyQt6_Qt6_qml["qml"]\n    node_venv_lib_python3_12_site-packages_PyQt6_Qt6_qml --> node_venv_lib_python3_12_site-packages_PyQt6_Qt6_qml_QtSensors["QtSensors"]\n    node_venv_lib_python3_12_site-packages_PyQt6_Qt6_qml_QtSensors --> node_venv_lib_python3_12_site-packages_PyQt6_Qt6_qml_QtSensors_plugins_qmltypes["plugins.qmltypes"]\n    Root --> node_venv["venv"]\n    node_venv --> node_venv_lib["lib"]\n    node_venv_lib --> node_venv_lib_python3_12["python3.12"]\n    node_venv_lib_python3_12 --> node_venv_lib_python3_12_site-packages["site-packages"]\n    node_venv_lib_python3_12_site-packages --> node_venv_lib_python3_12_site-packages_PyQt6["PyQt6"]\n    node_venv_lib_python3_12_site-packages_PyQt6 --> node_venv_lib_python3_12_site-packages_PyQt6_Qt6["Qt6"]\n    node_venv_lib_python3_12_site-packages_PyQt6_Qt6 --> node_venv_lib_python3_12_site-packages_PyQt6_Qt6_qml["qml"]\n    node_venv_lib_python3_12_site-packages_PyQt6_Qt6_qml --> node_venv_lib_python3_12_site-packages_PyQt6_Qt6_qml_QtSensors["QtSensors"]\n    node_venv_lib_python3_12_site-packages_PyQt6_Qt6_qml_QtSensors --> node_venv_lib_python3_12_site-packages_PyQt6_Qt6_qml_QtSensors_qmldir["qmldir"]\n    Root --> node_venv["venv"]\n    node_venv --> node_venv_lib["lib"]\n    node_venv_lib --> node_venv_lib_python3_12["python3.12"]\n    node_venv_lib_python3_12 --> node_venv_lib_python3_12_site-packages["site-packages"]\n    node_venv_lib_python3_12_site-packages --> node_venv_lib_python3_12_site-packages_PyQt6["PyQt6"]\n    node_venv_lib_python3_12_site-packages_PyQt6 --> node_venv_lib_python3_12_site-packages_PyQt6_Qt6["Qt6"]\n    node_venv_lib_python3_12_site-packages_PyQt6_Qt6 --> node_venv_lib_python3_12_site-packages_PyQt6_Qt6_qml["qml"]\n    node_venv_lib_python3_12_site-packages_PyQt6_Qt6_qml --> node_venv_lib_python3_12_site-packages_PyQt6_Qt6_qml_QtQuick["QtQuick"]\n    node_venv_lib_python3_12_site-packages_PyQt6_Qt6_qml_QtQuick --> node_venv_lib_python3_12_site-packages_PyQt6_Qt6_qml_QtQuick_libqtquick2plugin_dylib["libqtquick2plugin.dylib"]\n    Root --> node_venv["venv"]\n    node_venv --> node_venv_lib["lib"]\n    node_venv_lib --> node_venv_lib_python3_12["python3.12"]\n    node_venv_lib_python3_12 --> node_venv_lib_python3_12_site-packages["site-packages"]\n    node_venv_lib_python3_12_site-packages --> node_venv_lib_python3_12_site-packages_PyQt6["PyQt6"]\n    node_venv_lib_python3_12_site-packages_PyQt6 --> node_venv_lib_python3_12_site-packages_PyQt6_Qt6["Qt6"]\n    node_venv_lib_python3_12_site-packages_PyQt6_Qt6 --> node_venv_lib_python3_12_site-packages_PyQt6_Qt6_qml["qml"]\n    node_venv_lib_python3_12_site-packages_PyQt6_Qt6_qml --> node_venv_lib_python3_12_site-packages_PyQt6_Qt6_qml_QtQuick["QtQuick"]\n    node_venv_lib_python3_12_site-packages_PyQt6_Qt6_qml_QtQuick --> node_venv_lib_python3_12_site-packages_PyQt6_Qt6_qml_QtQuick_plugins_qmltypes["plugins.qmltypes"]\n    Root --> node_venv["venv"]\n    node_venv --> node_venv_lib["lib"]\n    node_venv_lib --> node_venv_lib_python3_12["python3.12"]\n    node_venv_lib_python3_12 --> node_venv_lib_python3_12_site-packages["site-packages"]\n    node_venv_lib_python3_12_site-packages --> node_venv_lib_python3_12_site-packages_PyQt6["PyQt6"]\n    node_venv_lib_python3_12_site-packages_PyQt6 --> node_venv_lib_python3_12_site-packages_PyQt6_Qt6["Qt6"]\n    node_venv_lib_python3_12_site-packages_PyQt6_Qt6 --> node_venv_lib_python3_12_site-packages_PyQt6_Qt6_qml["qml"]\n    node_venv_lib_python3_12_site-packages_PyQt6_Qt6_qml --> node_venv_lib_python3_12_site-packages_PyQt6_Qt6_qml_QtQuick["QtQuick"]\n    node_venv_lib_python3_12_site-packages_PyQt6_Qt6_qml_QtQuick --> node_venv_lib_python3_12_site-packages_PyQt6_Qt6_qml_QtQuick_qmldir["qmldir"]\n    Root --> node_venv["venv"]\n    node_venv --> node_venv_lib["lib"]\n    node_venv_lib --> node_venv_lib_python3_12["python3.12"]\n    node_venv_lib_python3_12 --> node_venv_lib_python3_12_site-packages["site-packages"]\n    node_venv_lib_python3_12_site-packages --> node_venv_lib_python3_12_site-packages_PyQt6["PyQt6"]\n    node_venv_lib_python3_12_site-packages_PyQt6 --> node_venv_lib_python3_12_site-packages_PyQt6_Qt6["Qt6"]\n    node_venv_lib_python3_12_site-packages_PyQt6_Qt6 --> node_venv_lib_python3_12_site-packages_PyQt6_Qt6_qml["qml"]\n    node_venv_lib_python3_12_site-packages_PyQt6_Qt6_qml --> node_venv_lib_python3_12_site-packages_PyQt6_Qt6_qml_QtQuick["QtQuick"]\n    node_venv_lib_python3_12_site-packages_PyQt6_Qt6_qml_QtQuick --> node_venv_lib_python3_12_site-packages_PyQt6_Qt6_qml_QtQuick_tooling["tooling"]\n    node_venv_lib_python3_12_site-packages_PyQt6_Qt6_qml_QtQuick_tooling --> node_venv_lib_python3_12_site-packages_PyQt6_Qt6_qml_QtQuick_tooling_Component_qml["Component.qml"]\n    Root --> node_venv["venv"]\n    node_venv --> node_venv_lib["lib"]\n    node_venv_lib --> node_venv_lib_python3_12["python3.12"]\n    node_venv_lib_python3_12 --> node_venv_lib_python3_12_site-packages["site-packages"]\n    node_venv_lib_python3_12_site-packages --> node_venv_lib_python3_12_site-packages_PyQt6["PyQt6"]\n    node_venv_lib_python3_12_site-packages_PyQt6 --> node_venv_lib_python3_12_site-packages_PyQt6_Qt6["Qt6"]\n    node_venv_lib_python3_12_site-packages_PyQt6_Qt6 --> node_venv_lib_python3_12_site-packages_PyQt6_Qt6_qml["qml"]\n    node_venv_lib_python3_12_site-packages_PyQt6_Qt6_qml --> node_venv_lib_python3_12_site-packages_PyQt6_Qt6_qml_QtQuick["QtQuick"]\n    node_venv_lib_python3_12_site-packages_PyQt6_Qt6_qml_QtQuick --> node_venv_lib_python3_12_site-packages_PyQt6_Qt6_qml_QtQuick_tooling["tooling"]\n    node_venv_lib_python3_12_site-packages_PyQt6_Qt6_qml_QtQuick_tooling --> node_venv_lib_python3_12_site-packages_PyQt6_Qt6_qml_QtQuick_tooling_Enum_qml["Enum.qml"]\n    Root --> node_venv["venv"]\n    node_venv --> node_venv_lib["lib"]\n    node_venv_lib --> node_venv_lib_python3_12["python3.12"]\n    node_venv_lib_python3_12 --> node_venv_lib_python3_12_site-packages["site-packages"]\n    node_venv_lib_python3_12_site-packages --> node_venv_lib_python3_12_site-packages_PyQt6["PyQt6"]\n    node_venv_lib_python3_12_site-packages_PyQt6 --> node_venv_lib_python3_12_site-packages_PyQt6_Qt6["Qt6"]\n    node_venv_lib_python3_12_site-packages_PyQt6_Qt6 --> node_venv_lib_python3_12_site-packages_PyQt6_Qt6_qml["qml"]\n    node_venv_lib_python3_12_site-packages_PyQt6_Qt6_qml --> node_venv_lib_python3_12_site-packages_PyQt6_Qt6_qml_QtQuick["QtQuick"]\n    node_venv_lib_python3_12_site-packages_PyQt6_Qt6_qml_QtQuick --> node_venv_lib_python3_12_site-packages_PyQt6_Qt6_qml_QtQuick_tooling["tooling"]\n    node_venv_lib_python3_12_site-packages_PyQt6_Qt6_qml_QtQuick_tooling --> node_venv_lib_python3_12_site-packages_PyQt6_Qt6_qml_QtQuick_tooling_Member_qml["Member.qml"]\n    Root --> node_venv["venv"]\n    node_venv --> node_venv_lib["lib"]\n    node_venv_lib --> node_venv_lib_python3_12["python3.12"]\n    node_venv_lib_python3_12 --> node_venv_lib_python3_12_site-packages["site-packages"]\n    node_venv_lib_python3_12_site-packages --> node_venv_lib_python3_12_site-packages_PyQt6["PyQt6"]\n    node_venv_lib_python3_12_site-packages_PyQt6 --> node_venv_lib_python3_12_site-packages_PyQt6_Qt6["Qt6"]\n    node_venv_lib_python3_12_site-packages_PyQt6_Qt6 --> node_venv_lib_python3_12_site-packages_PyQt6_Qt6_qml["qml"]\n    node_venv_lib_python3_12_site-packages_PyQt6_Qt6_qml --> node_venv_lib_python3_12_site-packages_PyQt6_Qt6_qml_QtQuick["QtQuick"]\n    node_venv_lib_python3_12_site-packages_PyQt6_Qt6_qml_QtQuick --> node_venv_lib_python3_12_site-packages_PyQt6_Qt6_qml_QtQuick_tooling["tooling"]\n    node_venv_lib_python3_12_site-packages_PyQt6_Qt6_qml_QtQuick_tooling --> node_venv_lib_python3_12_site-packages_PyQt6_Qt6_qml_QtQuick_tooling_Method_qml["Method.qml"]\n    Root --> node_venv["venv"]\n    node_venv --> node_venv_lib["lib"]\n    node_venv_lib --> node_venv_lib_python3_12["python3.12"]\n    node_venv_lib_python3_12 --> node_venv_lib_python3_12_site-packages["site-packages"]\n    node_venv_lib_python3_12_site-packages --> node_venv_lib_python3_12_site-packages_PyQt6["PyQt6"]\n    node_venv_lib_python3_12_site-packages_PyQt6 --> node_venv_lib_python3_12_site-packages_PyQt6_Qt6["Qt6"]\n    node_venv_lib_python3_12_site-packages_PyQt6_Qt6 --> node_venv_lib_python3_12_site-packages_PyQt6_Qt6_qml["qml"]\n    node_venv_lib_python3_12_site-packages_PyQt6_Qt6_qml --> node_venv_lib_python3_12_site-packages_PyQt6_Qt6_qml_QtQuick["QtQuick"]\n    node_venv_lib_python3_12_site-packages_PyQt6_Qt6_qml_QtQuick --> node_venv_lib_python3_12_site-packages_PyQt6_Qt6_qml_QtQuick_tooling["tooling"]\n    node_venv_lib_python3_12_site-packages_PyQt6_Qt6_qml_QtQuick_tooling --> node_venv_lib_python3_12_site-packages_PyQt6_Qt6_qml_QtQuick_tooling_Module_qml["Module.qml"]\n    Root --> node_venv["venv"]\n    node_venv --> node_venv_lib["lib"]\n    node_venv_lib --> node_venv_lib_python3_12["python3.12"]\n    node_venv_lib_python3_12 --> node_venv_lib_python3_12_site-packages["site-packages"]\n    node_venv_lib_python3_12_site-packages --> node_venv_lib_python3_12_site-packages_PyQt6["PyQt6"]\n    node_venv_lib_python3_12_site-packages_PyQt6 --> node_venv_lib_python3_12_site-packages_PyQt6_Qt6["Qt6"]\n    node_venv_lib_python3_12_site-packages_PyQt6_Qt6 --> node_venv_lib_python3_12_site-packages_PyQt6_Qt6_qml["qml"]\n    node_venv_lib_python3_12_site-packages_PyQt6_Qt6_qml --> node_venv_lib_python3_12_site-packages_PyQt6_Qt6_qml_QtQuick["QtQuick"]\n    node_venv_lib_python3_12_site-packages_PyQt6_Qt6_qml_QtQuick --> node_venv_lib_python3_12_site-packages_PyQt6_Qt6_qml_QtQuick_tooling["tooling"]\n    node_venv_lib_python3_12_site-packages_PyQt6_Qt6_qml_QtQuick_tooling --> node_venv_lib_python3_12_site-packages_PyQt6_Qt6_qml_QtQuick_tooling_Parameter_qml["Parameter.qml"]\n    Root --> node_venv["venv"]\n    node_venv --> node_venv_lib["lib"]\n    node_venv_lib --> node_venv_lib_python3_12["python3.12"]\n    node_venv_lib_python3_12 --> node_venv_lib_python3_12_site-packages["site-packages"]\n    node_venv_lib_python3_12_site-packages --> node_venv_lib_python3_12_site-packages_PyQt6["PyQt6"]\n    node_venv_lib_python3_12_site-packages_PyQt6 --> node_venv_lib_python3_12_site-packages_PyQt6_Qt6["Qt6"]\n    node_venv_lib_python3_12_site-packages_PyQt6_Qt6 --> node_venv_lib_python3_12_site-packages_PyQt6_Qt6_qml["qml"]\n    node_venv_lib_python3_12_site-packages_PyQt6_Qt6_qml --> node_venv_lib_python3_12_site-packages_PyQt6_Qt6_qml_QtQuick["QtQuick"]\n    node_venv_lib_python3_12_site-packages_PyQt6_Qt6_qml_QtQuick --> node_venv_lib_python3_12_site-packages_PyQt6_Qt6_qml_QtQuick_tooling["tooling"]\n    node_venv_lib_python3_12_site-packages_PyQt6_Qt6_qml_QtQuick_tooling --> node_venv_lib_python3_12_site-packages_PyQt6_Qt6_qml_QtQuick_tooling_Property_qml["Property.qml"]\n    Root --> node_venv["venv"]\n    node_venv --> node_venv_lib["lib"]\n    node_venv_lib --> node_venv_lib_python3_12["python3.12"]\n    node_venv_lib_python3_12 --> node_venv_lib_python3_12_site-packages["site-packages"]\n    node_venv_lib_python3_12_site-packages --> node_venv_lib_python3_12_site-packages_PyQt6["PyQt6"]\n    node_venv_lib_python3_12_site-packages_PyQt6 --> node_venv_lib_python3_12_site-packages_PyQt6_Qt6["Qt6"]\n    node_venv_lib_python3_12_site-packages_PyQt6_Qt6 --> node_venv_lib_python3_12_site-packages_PyQt6_Qt6_qml["qml"]\n    node_venv_lib_python3_12_site-packages_PyQt6_Qt6_qml --> node_venv_lib_python3_12_site-packages_PyQt6_Qt6_qml_QtQuick["QtQuick"]\n    node_venv_lib_python3_12_site-packages_PyQt6_Qt6_qml_QtQuick --> node_venv_lib_python3_12_site-packages_PyQt6_Qt6_qml_QtQuick_tooling["tooling"]\n    node_venv_lib_python3_12_site-packages_PyQt6_Qt6_qml_QtQuick_tooling --> node_venv_lib_python3_12_site-packages_PyQt6_Qt6_qml_QtQuick_tooling_Signal_qml["Signal.qml"]\n    Root --> node_venv["venv"]\n    node_venv --> node_venv_lib["lib"]\n    node_venv_lib --> node_venv_lib_python3_12["python3.12"]\n    node_venv_lib_python3_12 --> node_venv_lib_python3_12_site-packages["site-packages"]\n    node_venv_lib_python3_12_site-packages --> node_venv_lib_python3_12_site-packages_PyQt6["PyQt6"]\n    node_venv_lib_python3_12_site-packages_PyQt6 --> node_venv_lib_python3_12_site-packages_PyQt6_Qt6["Qt6"]\n    node_venv_lib_python3_12_site-packages_PyQt6_Qt6 --> node_venv_lib_python3_12_site-packages_PyQt6_Qt6_qml["qml"]\n    node_venv_lib_python3_12_site-packages_PyQt6_Qt6_qml --> node_venv_lib_python3_12_site-packages_PyQt6_Qt6_qml_QtQuick["QtQuick"]\n    node_venv_lib_python3_12_site-packages_PyQt6_Qt6_qml_QtQuick --> node_venv_lib_python3_12_site-packages_PyQt6_Qt6_qml_QtQuick_tooling["tooling"]\n    node_venv_lib_python3_12_site-packages_PyQt6_Qt6_qml_QtQuick_tooling --> node_venv_lib_python3_12_site-packages_PyQt6_Qt6_qml_QtQuick_tooling_libquicktoolingplugin_dylib["libquicktoolingplugin.dylib"]\n    Root --> node_venv["venv"]\n    node_venv --> node_venv_lib["lib"]\n    node_venv_lib --> node_venv_lib_python3_12["python3.12"]\n    node_venv_lib_python3_12 --> node_venv_lib_python3_12_site-packages["site-packages"]\n    node_venv_lib_python3_12_site-packages --> node_venv_lib_python3_12_site-packages_PyQt6["PyQt6"]\n    node_venv_lib_python3_12_site-packages_PyQt6 --> node_venv_lib_python3_12_site-packages_PyQt6_Qt6["Qt6"]\n    node_venv_lib_python3_12_site-packages_PyQt6_Qt6 --> node_venv_lib_python3_12_site-packages_PyQt6_Qt6_qml["qml"]\n    node_venv_lib_python3_12_site-packages_PyQt6_Qt6_qml --> node_venv_lib_python3_12_site-packages_PyQt6_Qt6_qml_QtQuick["QtQuick"]\n    node_venv_lib_python3_12_site-packages_PyQt6_Qt6_qml_QtQuick --> node_venv_lib_python3_12_site-packages_PyQt6_Qt6_qml_QtQuick_tooling["tooling"]\n    node_venv_lib_python3_12_site-packages_PyQt6_Qt6_qml_QtQuick_tooling --> node_venv_lib_python3_12_site-packages_PyQt6_Qt6_qml_QtQuick_tooling_qmldir["qmldir"]\n    Root --> node_venv["venv"]\n    node_venv --> node_venv_lib["lib"]\n    node_venv_lib --> node_venv_lib_python3_12["python3.12"]\n    node_venv_lib_python3_12 --> node_venv_lib_python3_12_site-packages["site-packages"]\n    node_venv_lib_python3_12_site-packages --> node_venv_lib_python3_12_site-packages_PyQt6["PyQt6"]\n    node_venv_lib_python3_12_site-packages_PyQt6 --> node_venv_lib_python3_12_site-packages_PyQt6_Qt6["Qt6"]\n    node_venv_lib_python3_12_site-packages_PyQt6_Qt6 --> node_venv_lib_python3_12_site-packages_PyQt6_Qt6_qml["qml"]\n    node_venv_lib_python3_12_site-packages_PyQt6_Qt6_qml --> node_venv_lib_python3_12_site-packages_PyQt6_Qt6_qml_QtQuick["QtQuick"]\n    node_venv_lib_python3_12_site-packages_PyQt6_Qt6_qml_QtQuick --> node_venv_lib_python3_12_site-packages_PyQt6_Qt6_qml_QtQuick_tooling["tooling"]\n    node_venv_lib_python3_12_site-packages_PyQt6_Qt6_qml_QtQuick_tooling --> node_venv_lib_python3_12_site-packages_PyQt6_Qt6_qml_QtQuick_tooling_quicktooling_qmltypes["quicktooling.qmltypes"]\n    Root --> node_venv["venv"]\n    node_venv --> node_venv_lib["lib"]\n    node_venv_lib --> node_venv_lib_python3_12["python3.12"]\n    node_venv_lib_python3_12 --> node_venv_lib_python3_12_site-packages["site-packages"]\n    node_venv_lib_python3_12_site-packages --> node_venv_lib_python3_12_site-packages_PyQt6["PyQt6"]\n    node_venv_lib_python3_12_site-packages_PyQt6 --> node_venv_lib_python3_12_site-packages_PyQt6_Qt6["Qt6"]\n    node_venv_lib_python3_12_site-packages_PyQt6_Qt6 --> node_venv_lib_python3_12_site-packages_PyQt6_Qt6_qml["qml"]\n    node_venv_lib_python3_12_site-packages_PyQt6_Qt6_qml --> node_venv_lib_python3_12_site-packages_PyQt6_Qt6_qml_QtQuick["QtQuick"]\n    node_venv_lib_python3_12_site-packages_PyQt6_Qt6_qml_QtQuick --> node_venv_lib_python3_12_site-packages_PyQt6_Qt6_qml_QtQuick_Scene2D["Scene2D"]\n    node_venv_lib_python3_12_site-packages_PyQt6_Qt6_qml_QtQuick_Scene2D --> node_venv_lib_python3_12_site-packages_PyQt6_Qt6_qml_QtQuick_Scene2D_libqtquickscene2dplugin_dylib["libqtquickscene2dplugin.dylib"]\n    Root --> node_venv["venv"]\n    node_venv --> node_venv_lib["lib"]\n    node_venv_lib --> node_venv_lib_python3_12["python3.12"]\n    node_venv_lib_python3_12 --> node_venv_lib_python3_12_site-packages["site-packages"]\n    node_venv_lib_python3_12_site-packages --> node_venv_lib_python3_12_site-packages_PyQt6["PyQt6"]\n    node_venv_lib_python3_12_site-packages_PyQt6 --> node_venv_lib_python3_12_site-packages_PyQt6_Qt6["Qt6"]\n    node_venv_lib_python3_12_site-packages_PyQt6_Qt6 --> node_venv_lib_python3_12_site-packages_PyQt6_Qt6_qml["qml"]\n    node_venv_lib_python3_12_site-packages_PyQt6_Qt6_qml --> node_venv_lib_python3_12_site-packages_PyQt6_Qt6_qml_QtQuick["QtQuick"]\n    node_venv_lib_python3_12_site-packages_PyQt6_Qt6_qml_QtQuick --> node_venv_lib_python3_12_site-packages_PyQt6_Qt6_qml_QtQuick_Scene2D["Scene2D"]\n    node_venv_lib_python3_12_site-packages_PyQt6_Qt6_qml_QtQuick_Scene2D --> node_venv_lib_python3_12_site-packages_PyQt6_Qt6_qml_QtQuick_Scene2D_plugins_qmltypes["plugins.qmltypes"]\n    Root --> node_venv["venv"]\n    node_venv --> node_venv_lib["lib"]\n    node_venv_lib --> node_venv_lib_python3_12["python3.12"]\n    node_venv_lib_python3_12 --> node_venv_lib_python3_12_site-packages["site-packages"]\n    node_venv_lib_python3_12_site-packages --> node_venv_lib_python3_12_site-packages_PyQt6["PyQt6"]\n    node_venv_lib_python3_12_site-packages_PyQt6 --> node_venv_lib_python3_12_site-packages_PyQt6_Qt6["Qt6"]\n    node_venv_lib_python3_12_site-packages_PyQt6_Qt6 --> node_venv_lib_python3_12_site-packages_PyQt6_Qt6_qml["qml"]\n    node_venv_lib_python3_12_site-packages_PyQt6_Qt6_qml --> node_venv_lib_python3_12_site-packages_PyQt6_Qt6_qml_QtQuick["QtQuick"]\n    node_venv_lib_python3_12_site-packages_PyQt6_Qt6_qml_QtQuick --> node_venv_lib_python3_12_site-packages_PyQt6_Qt6_qml_QtQuick_Scene2D["Scene2D"]\n    node_venv_lib_python3_12_site-packages_PyQt6_Qt6_qml_QtQuick_Scene2D --> node_venv_lib_python3_12_site-packages_PyQt6_Qt6_qml_QtQuick_Scene2D_qmldir["qmldir"]\n    Root --> node_venv["venv"]\n    node_venv --> node_venv_lib["lib"]\n    node_venv_lib --> node_venv_lib_python3_12["python3.12"]\n    node_venv_lib_python3_12 --> node_venv_lib_python3_12_site-packages["site-packages"]\n    node_venv_lib_python3_12_site-packages --> node_venv_lib_python3_12_site-packages_PyQt6["PyQt6"]\n    node_venv_lib_python3_12_site-packages_PyQt6 --> node_venv_lib_python3_12_site-packages_PyQt6_Qt6["Qt6"]\n    node_venv_lib_python3_12_site-packages_PyQt6_Qt6 --> node_venv_lib_python3_12_site-packages_PyQt6_Qt6_qml["qml"]\n    node_venv_lib_python3_12_site-packages_PyQt6_Qt6_qml --> node_venv_lib_python3_12_site-packages_PyQt6_Qt6_qml_QtQuick["QtQuick"]\n    node_venv_lib_python3_12_site-packages_PyQt6_Qt6_qml_QtQuick --> node_venv_lib_python3_12_site-packages_PyQt6_Qt6_qml_QtQuick_Pdf["Pdf"]\n    node_venv_lib_python3_12_site-packages_PyQt6_Qt6_qml_QtQuick_Pdf --> node_venv_lib_python3_12_site-packages_PyQt6_Qt6_qml_QtQuick_Pdf_PdfLinkDelegate_qml["PdfLinkDelegate.qml"]\n    Root --> node_venv["venv"]\n    node_venv --> node_venv_lib["lib"]\n    node_venv_lib --> node_venv_lib_python3_12["python3.12"]\n    node_venv_lib_python3_12 --> node_venv_lib_python3_12_site-packages["site-packages"]\n    node_venv_lib_python3_12_site-packages --> node_venv_lib_python3_12_site-packages_PyQt6["PyQt6"]\n    node_venv_lib_python3_12_site-packages_PyQt6 --> node_venv_lib_python3_12_site-packages_PyQt6_Qt6["Qt6"]\n    node_venv_lib_python3_12_site-packages_PyQt6_Qt6 --> node_venv_lib_python3_12_site-packages_PyQt6_Qt6_qml["qml"]\n    node_venv_lib_python3_12_site-packages_PyQt6_Qt6_qml --> node_venv_lib_python3_12_site-packages_PyQt6_Qt6_qml_QtQuick["QtQuick"]\n    node_venv_lib_python3_12_site-packages_PyQt6_Qt6_qml_QtQuick --> node_venv_lib_python3_12_site-packages_PyQt6_Qt6_qml_QtQuick_Pdf["Pdf"]\n    node_venv_lib_python3_12_site-packages_PyQt6_Qt6_qml_QtQuick_Pdf --> node_venv_lib_python3_12_site-packages_PyQt6_Qt6_qml_QtQuick_Pdf_PdfMultiPageView_qml["PdfMultiPageView.qml"]\n    Root --> node_venv["venv"]\n    node_venv --> node_venv_lib["lib"]\n    node_venv_lib --> node_venv_lib_python3_12["python3.12"]\n    node_venv_lib_python3_12 --> node_venv_lib_python3_12_site-packages["site-packages"]\n    node_venv_lib_python3_12_site-packages --> node_venv_lib_python3_12_site-packages_PyQt6["PyQt6"]\n    node_venv_lib_python3_12_site-packages_PyQt6 --> node_venv_lib_python3_12_site-packages_PyQt6_Qt6["Qt6"]\n    node_venv_lib_python3_12_site-packages_PyQt6_Qt6 --> node_venv_lib_python3_12_site-packages_PyQt6_Qt6_qml["qml"]\n    node_venv_lib_python3_12_site-packages_PyQt6_Qt6_qml --> node_venv_lib_python3_12_site-packages_PyQt6_Qt6_qml_QtQuick["QtQuick"]\n    node_venv_lib_python3_12_site-packages_PyQt6_Qt6_qml_QtQuick --> node_venv_lib_python3_12_site-packages_PyQt6_Qt6_qml_QtQuick_Pdf["Pdf"]\n    node_venv_lib_python3_12_site-packages_PyQt6_Qt6_qml_QtQuick_Pdf --> node_venv_lib_python3_12_site-packages_PyQt6_Qt6_qml_QtQuick_Pdf_PdfPageView_qml["PdfPageView.qml"]\n    Root --> node_venv["venv"]\n    node_venv --> node_venv_lib["lib"]\n    node_venv_lib --> node_venv_lib_python3_12["python3.12"]\n    node_venv_lib_python3_12 --> node_venv_lib_python3_12_site-packages["site-packages"]\n    node_venv_lib_python3_12_site-packages --> node_venv_lib_python3_12_site-packages_PyQt6["PyQt6"]\n    node_venv_lib_python3_12_site-packages_PyQt6 --> node_venv_lib_python3_12_site-packages_PyQt6_Qt6["Qt6"]\n    node_venv_lib_python3_12_site-packages_PyQt6_Qt6 --> node_venv_lib_python3_12_site-packages_PyQt6_Qt6_qml["qml"]\n    node_venv_lib_python3_12_site-packages_PyQt6_Qt6_qml --> node_venv_lib_python3_12_site-packages_PyQt6_Qt6_qml_QtQuick["QtQuick"]\n    node_venv_lib_python3_12_site-packages_PyQt6_Qt6_qml_QtQuick --> node_venv_lib_python3_12_site-packages_PyQt6_Qt6_qml_QtQuick_Pdf["Pdf"]\n    node_venv_lib_python3_12_site-packages_PyQt6_Qt6_qml_QtQuick_Pdf --> node_venv_lib_python3_12_site-packages_PyQt6_Qt6_qml_QtQuick_Pdf_PdfScrollablePageView_qml["PdfScrollablePageView.qml"]\n    Root --> node_venv["venv"]\n    node_venv --> node_venv_lib["lib"]\n    node_venv_lib --> node_venv_lib_python3_12["python3.12"]\n    node_venv_lib_python3_12 --> node_venv_lib_python3_12_site-packages["site-packages"]\n    node_venv_lib_python3_12_site-packages --> node_venv_lib_python3_12_site-packages_PyQt6["PyQt6"]\n    node_venv_lib_python3_12_site-packages_PyQt6 --> node_venv_lib_python3_12_site-packages_PyQt6_Qt6["Qt6"]\n    node_venv_lib_python3_12_site-packages_PyQt6_Qt6 --> node_venv_lib_python3_12_site-packages_PyQt6_Qt6_qml["qml"]\n    node_venv_lib_python3_12_site-packages_PyQt6_Qt6_qml --> node_venv_lib_python3_12_site-packages_PyQt6_Qt6_qml_QtQuick["QtQuick"]\n    node_venv_lib_python3_12_site-packages_PyQt6_Qt6_qml_QtQuick --> node_venv_lib_python3_12_site-packages_PyQt6_Qt6_qml_QtQuick_Pdf["Pdf"]\n    node_venv_lib_python3_12_site-packages_PyQt6_Qt6_qml_QtQuick_Pdf --> node_venv_lib_python3_12_site-packages_PyQt6_Qt6_qml_QtQuick_Pdf_PdfStyle_qml["PdfStyle.qml"]\n    Root --> node_venv["venv"]\n    node_venv --> node_venv_lib["lib"]\n    node_venv_lib --> node_venv_lib_python3_12["python3.12"]\n    node_venv_lib_python3_12 --> node_venv_lib_python3_12_site-packages["site-packages"]\n    node_venv_lib_python3_12_site-packages --> node_venv_lib_python3_12_site-packages_PyQt6["PyQt6"]\n    node_venv_lib_python3_12_site-packages_PyQt6 --> node_venv_lib_python3_12_site-packages_PyQt6_Qt6["Qt6"]\n    node_venv_lib_python3_12_site-packages_PyQt6_Qt6 --> node_venv_lib_python3_12_site-packages_PyQt6_Qt6_qml["qml"]\n    node_venv_lib_python3_12_site-packages_PyQt6_Qt6_qml --> node_venv_lib_python3_12_site-packages_PyQt6_Qt6_qml_QtQuick["QtQuick"]\n    node_venv_lib_python3_12_site-packages_PyQt6_Qt6_qml_QtQuick --> node_venv_lib_python3_12_site-packages_PyQt6_Qt6_qml_QtQuick_Pdf["Pdf"]\n    node_venv_lib_python3_12_site-packages_PyQt6_Qt6_qml_QtQuick_Pdf --> node_venv_lib_python3_12_site-packages_PyQt6_Qt6_qml_QtQuick_Pdf_libpdfquickplugin_dylib["libpdfquickplugin.dylib"]\n    Root --> node_venv["venv"]\n    node_venv --> node_venv_lib["lib"]\n    node_venv_lib --> node_venv_lib_python3_12["python3.12"]\n    node_venv_lib_python3_12 --> node_venv_lib_python3_12_site-packages["site-packages"]\n    node_venv_lib_python3_12_site-packages --> node_venv_lib_python3_12_site-packages_PyQt6["PyQt6"]\n    node_venv_lib_python3_12_site-packages_PyQt6 --> node_venv_lib_python3_12_site-packages_PyQt6_Qt6["Qt6"]\n    node_venv_lib_python3_12_site-packages_PyQt6_Qt6 --> node_venv_lib_python3_12_site-packages_PyQt6_Qt6_qml["qml"]\n    node_venv_lib_python3_12_site-packages_PyQt6_Qt6_qml --> node_venv_lib_python3_12_site-packages_PyQt6_Qt6_qml_QtQuick["QtQuick"]\n    node_venv_lib_python3_12_site-packages_PyQt6_Qt6_qml_QtQuick --> node_venv_lib_python3_12_site-packages_PyQt6_Qt6_qml_QtQuick_Pdf["Pdf"]\n    node_venv_lib_python3_12_site-packages_PyQt6_Qt6_qml_QtQuick_Pdf --> node_venv_lib_python3_12_site-packages_PyQt6_Qt6_qml_QtQuick_Pdf_plugins_qmltypes["plugins.qmltypes"]\n    Root --> node_venv["venv"]\n    node_venv --> node_venv_lib["lib"]\n    node_venv_lib --> node_venv_lib_python3_12["python3.12"]\n    node_venv_lib_python3_12 --> node_venv_lib_python3_12_site-packages["site-packages"]\n    node_venv_lib_python3_12_site-packages --> node_venv_lib_python3_12_site-packages_PyQt6["PyQt6"]\n    node_venv_lib_python3_12_site-packages_PyQt6 --> node_venv_lib_python3_12_site-packages_PyQt6_Qt6["Qt6"]\n    node_venv_lib_python3_12_site-packages_PyQt6_Qt6 --> node_venv_lib_python3_12_site-packages_PyQt6_Qt6_qml["qml"]\n    node_venv_lib_python3_12_site-packages_PyQt6_Qt6_qml --> node_venv_lib_python3_12_site-packages_PyQt6_Qt6_qml_QtQuick["QtQuick"]\n    node_venv_lib_python3_12_site-packages_PyQt6_Qt6_qml_QtQuick --> node_venv_lib_python3_12_site-packages_PyQt6_Qt6_qml_QtQuick_Pdf["Pdf"]\n    node_venv_lib_python3_12_site-packages_PyQt6_Qt6_qml_QtQuick_Pdf --> node_venv_lib_python3_12_site-packages_PyQt6_Qt6_qml_QtQuick_Pdf_qmldir["qmldir"]\n    Root --> node_venv["venv"]\n    node_venv --> node_venv_lib["lib"]\n    node_venv_lib --> node_venv_lib_python3_12["python3.12"]\n    node_venv_lib_python3_12 --> node_venv_lib_python3_12_site-packages["site-packages"]\n    node_venv_lib_python3_12_site-packages --> node_venv_lib_python3_12_site-packages_PyQt6["PyQt6"]\n    node_venv_lib_python3_12_site-packages_PyQt6 --> node_venv_lib_python3_12_site-packages_PyQt6_Qt6["Qt6"]\n    node_venv_lib_python3_12_site-packages_PyQt6_Qt6 --> node_venv_lib_python3_12_site-packages_PyQt6_Qt6_qml["qml"]\n    node_venv_lib_python3_12_site-packages_PyQt6_Qt6_qml --> node_venv_lib_python3_12_site-packages_PyQt6_Qt6_qml_QtQuick["QtQuick"]\n    node_venv_lib_python3_12_site-packages_PyQt6_Qt6_qml_QtQuick --> node_venv_lib_python3_12_site-packages_PyQt6_Qt6_qml_QtQuick_Pdf["Pdf"]\n    node_venv_lib_python3_12_site-packages_PyQt6_Qt6_qml_QtQuick_Pdf --> node_venv_lib_python3_12_site-packages_PyQt6_Qt6_qml_QtQuick_Pdf_+Universal["+Universal"]\n    node_venv_lib_python3_12_site-packages_PyQt6_Qt6_qml_QtQuick_Pdf_+Universal --> node_venv_lib_python3_12_site-packages_PyQt6_Qt6_qml_QtQuick_Pdf_+Universal_PdfStyle_qml["PdfStyle.qml"]\n    Root --> node_venv["venv"]\n    node_venv --> node_venv_lib["lib"]\n    node_venv_lib --> node_venv_lib_python3_12["python3.12"]\n    node_venv_lib_python3_12 --> node_venv_lib_python3_12_site-packages["site-packages"]\n    node_venv_lib_python3_12_site-packages --> node_venv_lib_python3_12_site-packages_PyQt6["PyQt6"]\n    node_venv_lib_python3_12_site-packages_PyQt6 --> node_venv_lib_python3_12_site-packages_PyQt6_Qt6["Qt6"]\n    node_venv_lib_python3_12_site-packages_PyQt6_Qt6 --> node_venv_lib_python3_12_site-packages_PyQt6_Qt6_qml["qml"]\n    node_venv_lib_python3_12_site-packages_PyQt6_Qt6_qml --> node_venv_lib_python3_12_site-packages_PyQt6_Qt6_qml_QtQuick["QtQuick"]\n    node_venv_lib_python3_12_site-packages_PyQt6_Qt6_qml_QtQuick --> node_venv_lib_python3_12_site-packages_PyQt6_Qt6_qml_QtQuick_Pdf["Pdf"]\n    node_venv_lib_python3_12_site-packages_PyQt6_Qt6_qml_QtQuick_Pdf --> node_venv_lib_python3_12_site-packages_PyQt6_Qt6_qml_QtQuick_Pdf_+Material["+Material"]\n    node_venv_lib_python3_12_site-packages_PyQt6_Qt6_qml_QtQuick_Pdf_+Material --> node_venv_lib_python3_12_site-packages_PyQt6_Qt6_qml_QtQuick_Pdf_+Material_PdfStyle_qml["PdfStyle.qml"]\n    Root --> node_venv["venv"]\n    node_venv --> node_venv_lib["lib"]\n    node_venv_lib --> node_venv_lib_python3_12["python3.12"]\n    node_venv_lib_python3_12 --> node_venv_lib_python3_12_site-packages["site-packages"]\n    node_venv_lib_python3_12_site-packages --> node_venv_lib_python3_12_site-packages_PyQt6["PyQt6"]\n    node_venv_lib_python3_12_site-packages_PyQt6 --> node_venv_lib_python3_12_site-packages_PyQt6_Qt6["Qt6"]\n    node_venv_lib_python3_12_site-packages_PyQt6_Qt6 --> node_venv_lib_python3_12_site-packages_PyQt6_Qt6_qml["qml"]\n    node_venv_lib_python3_12_site-packages_PyQt6_Qt6_qml --> node_venv_lib_python3_12_site-packages_PyQt6_Qt6_qml_QtQuick["QtQuick"]\n    node_venv_lib_python3_12_site-packages_PyQt6_Qt6_qml_QtQuick --> node_venv_lib_python3_12_site-packages_PyQt6_Qt6_qml_QtQuick_Shapes["Shapes"]\n    node_venv_lib_python3_12_site-packages_PyQt6_Qt6_qml_QtQuick_Shapes --> node_venv_lib_python3_12_site-packages_PyQt6_Qt6_qml_QtQuick_Shapes_libqmlshapesplugin_dylib["libqmlshapesplugin.dylib"]\n    Root --> node_venv["venv"]\n    node_venv --> node_venv_lib["lib"]\n    node_venv_lib --> node_venv_lib_python3_12["python3.12"]\n    node_venv_lib_python3_12 --> node_venv_lib_python3_12_site-packages["site-packages"]\n    node_venv_lib_python3_12_site-packages --> node_venv_lib_python3_12_site-packages_PyQt6["PyQt6"]\n    node_venv_lib_python3_12_site-packages_PyQt6 --> node_venv_lib_python3_12_site-packages_PyQt6_Qt6["Qt6"]\n    node_venv_lib_python3_12_site-packages_PyQt6_Qt6 --> node_venv_lib_python3_12_site-packages_PyQt6_Qt6_qml["qml"]\n    node_venv_lib_python3_12_site-packages_PyQt6_Qt6_qml --> node_venv_lib_python3_12_site-packages_PyQt6_Qt6_qml_QtQuick["QtQuick"]\n    node_venv_lib_python3_12_site-packages_PyQt6_Qt6_qml_QtQuick --> node_venv_lib_python3_12_site-packages_PyQt6_Qt6_qml_QtQuick_Shapes["Shapes"]\n    node_venv_lib_python3_12_site-packages_PyQt6_Qt6_qml_QtQuick_Shapes --> node_venv_lib_python3_12_site-packages_PyQt6_Qt6_qml_QtQuick_Shapes_plugins_qmltypes["plugins.qmltypes"]\n    Root --> node_venv["venv"]\n    node_venv --> node_venv_lib["lib"]\n    node_venv_lib --> node_venv_lib_python3_12["python3.12"]\n    node_venv_lib_python3_12 --> node_venv_lib_python3_12_site-packages["site-packages"]\n    node_venv_lib_python3_12_site-packages --> node_venv_lib_python3_12_site-packages_PyQt6["PyQt6"]\n    node_venv_lib_python3_12_site-packages_PyQt6 --> node_venv_lib_python3_12_site-packages_PyQt6_Qt6["Qt6"]\n    node_venv_lib_python3_12_site-packages_PyQt6_Qt6 --> node_venv_lib_python3_12_site-packages_PyQt6_Qt6_qml["qml"]\n    node_venv_lib_python3_12_site-packages_PyQt6_Qt6_qml --> node_venv_lib_python3_12_site-packages_PyQt6_Qt6_qml_QtQuick["QtQuick"]\n    node_venv_lib_python3_12_site-packages_PyQt6_Qt6_qml_QtQuick --> node_venv_lib_python3_12_site-packages_PyQt6_Qt6_qml_QtQuick_Shapes["Shapes"]\n    node_venv_lib_python3_12_site-packages_PyQt6_Qt6_qml_QtQuick_Shapes --> node_venv_lib_python3_12_site-packages_PyQt6_Qt6_qml_QtQuick_Shapes_qmldir["qmldir"]\n    Root --> node_venv["venv"]\n    node_venv --> node_venv_lib["lib"]\n    node_venv_lib --> node_venv_lib_python3_12["python3.12"]\n    node_venv_lib_python3_12 --> node_venv_lib_python3_12_site-packages["site-packages"]\n    node_venv_lib_python3_12_site-packages --> node_venv_lib_python3_12_site-packages_PyQt6["PyQt6"]\n    node_venv_lib_python3_12_site-packages_PyQt6 --> node_venv_lib_python3_12_site-packages_PyQt6_Qt6["Qt6"]\n    node_venv_lib_python3_12_site-packages_PyQt6_Qt6 --> node_venv_lib_python3_12_site-packages_PyQt6_Qt6_qml["qml"]\n    node_venv_lib_python3_12_site-packages_PyQt6_Qt6_qml --> node_venv_lib_python3_12_site-packages_PyQt6_Qt6_qml_QtQuick["QtQuick"]\n    node_venv_lib_python3_12_site-packages_PyQt6_Qt6_qml_QtQuick --> node_venv_lib_python3_12_site-packages_PyQt6_Qt6_qml_QtQuick_Shapes["Shapes"]\n    node_venv_lib_python3_12_site-packages_PyQt6_Qt6_qml_QtQuick_Shapes --> node_venv_lib_python3_12_site-packages_PyQt6_Qt6_qml_QtQuick_Shapes_DesignHelpers["DesignHelpers"]\n    node_venv_lib_python3_12_site-packages_PyQt6_Qt6_qml_QtQuick_Shapes_DesignHelpers --> node_venv_lib_python3_12_site-packages_PyQt6_Qt6_qml_QtQuick_Shapes_DesignHelpers_libqtquickshapesdesignhelpersplugin_dylib["libqtquickshapesdesignhelpersplugin.dylib"]\n    Root --> node_venv["venv"]\n    node_venv --> node_venv_lib["lib"]\n    node_venv_lib --> node_venv_lib_python3_12["python3.12"]\n    node_venv_lib_python3_12 --> node_venv_lib_python3_12_site-packages["site-packages"]\n    node_venv_lib_python3_12_site-packages --> node_venv_lib_python3_12_site-packages_PyQt6["PyQt6"]\n    node_venv_lib_python3_12_site-packages_PyQt6 --> node_venv_lib_python3_12_site-packages_PyQt6_Qt6["Qt6"]\n    node_venv_lib_python3_12_site-packages_PyQt6_Qt6 --> node_venv_lib_python3_12_site-packages_PyQt6_Qt6_qml["qml"]\n    node_venv_lib_python3_12_site-packages_PyQt6_Qt6_qml --> node_venv_lib_python3_12_site-packages_PyQt6_Qt6_qml_QtQuick["QtQuick"]\n    node_venv_lib_python3_12_site-packages_PyQt6_Qt6_qml_QtQuick --> node_venv_lib_python3_12_site-packages_PyQt6_Qt6_qml_QtQuick_Shapes["Shapes"]\n    node_venv_lib_python3_12_site-packages_PyQt6_Qt6_qml_QtQuick_Shapes --> node_venv_lib_python3_12_site-packages_PyQt6_Qt6_qml_QtQuick_Shapes_DesignHelpers["DesignHelpers"]\n    node_venv_lib_python3_12_site-packages_PyQt6_Qt6_qml_QtQuick_Shapes_DesignHelpers --> node_venv_lib_python3_12_site-packages_PyQt6_Qt6_qml_QtQuick_Shapes_DesignHelpers_plugins_qmltypes["plugins.qmltypes"]\n    Root --> node_venv["venv"]\n    node_venv --> node_venv_lib["lib"]\n    node_venv_lib --> node_venv_lib_python3_12["python3.12"]\n    node_venv_lib_python3_12 --> node_venv_lib_python3_12_site-packages["site-packages"]\n    node_venv_lib_python3_12_site-packages --> node_venv_lib_python3_12_site-packages_PyQt6["PyQt6"]\n    node_venv_lib_python3_12_site-packages_PyQt6 --> node_venv_lib_python3_12_site-packages_PyQt6_Qt6["Qt6"]\n    node_venv_lib_python3_12_site-packages_PyQt6_Qt6 --> node_venv_lib_python3_12_site-packages_PyQt6_Qt6_qml["qml"]\n    node_venv_lib_python3_12_site-packages_PyQt6_Qt6_qml --> node_venv_lib_python3_12_site-packages_PyQt6_Qt6_qml_QtQuick["QtQuick"]\n    node_venv_lib_python3_12_site-packages_PyQt6_Qt6_qml_QtQuick --> node_venv_lib_python3_12_site-packages_PyQt6_Qt6_qml_QtQuick_Shapes["Shapes"]\n    node_venv_lib_python3_12_site-packages_PyQt6_Qt6_qml_QtQuick_Shapes --> node_venv_lib_python3_12_site-packages_PyQt6_Qt6_qml_QtQuick_Shapes_DesignHelpers["DesignHelpers"]\n    node_venv_lib_python3_12_site-packages_PyQt6_Qt6_qml_QtQuick_Shapes_DesignHelpers --> node_venv_lib_python3_12_site-packages_PyQt6_Qt6_qml_QtQuick_Shapes_DesignHelpers_qmldir["qmldir"]\n    Root --> node_venv["venv"]\n    node_venv --> node_venv_lib["lib"]\n    node_venv_lib --> node_venv_lib_python3_12["python3.12"]\n    node_venv_lib_python3_12 --> node_venv_lib_python3_12_site-packages["site-packages"]\n    node_venv_lib_python3_12_site-packages --> node_venv_lib_python3_12_site-packages_PyQt6["PyQt6"]\n    node_venv_lib_python3_12_site-packages_PyQt6 --> node_venv_lib_python3_12_site-packages_PyQt6_Qt6["Qt6"]\n    node_venv_lib_python3_12_site-packages_PyQt6_Qt6 --> node_venv_lib_python3_12_site-packages_PyQt6_Qt6_qml["qml"]\n    node_venv_lib_python3_12_site-packages_PyQt6_Qt6_qml --> node_venv_lib_python3_12_site-packages_PyQt6_Qt6_qml_QtQuick["QtQuick"]\n    node_venv_lib_python3_12_site-packages_PyQt6_Qt6_qml_QtQuick --> node_venv_lib_python3_12_site-packages_PyQt6_Qt6_qml_QtQuick_Particles["Particles"]\n    node_venv_lib_python3_12_site-packages_PyQt6_Qt6_qml_QtQuick_Particles --> node_venv_lib_python3_12_site-packages_PyQt6_Qt6_qml_QtQuick_Particles_libparticlesplugin_dylib["libparticlesplugin.dylib"]\n    Root --> node_venv["venv"]\n    node_venv --> node_venv_lib["lib"]\n    node_venv_lib --> node_venv_lib_python3_12["python3.12"]\n    node_venv_lib_python3_12 --> node_venv_lib_python3_12_site-packages["site-packages"]\n    node_venv_lib_python3_12_site-packages --> node_venv_lib_python3_12_site-packages_PyQt6["PyQt6"]\n    node_venv_lib_python3_12_site-packages_PyQt6 --> node_venv_lib_python3_12_site-packages_PyQt6_Qt6["Qt6"]\n    node_venv_lib_python3_12_site-packages_PyQt6_Qt6 --> node_venv_lib_python3_12_site-packages_PyQt6_Qt6_qml["qml"]\n    node_venv_lib_python3_12_site-packages_PyQt6_Qt6_qml --> node_venv_lib_python3_12_site-packages_PyQt6_Qt6_qml_QtQuick["QtQuick"]\n    node_venv_lib_python3_12_site-packages_PyQt6_Qt6_qml_QtQuick --> node_venv_lib_python3_12_site-packages_PyQt6_Qt6_qml_QtQuick_Particles["Particles"]\n    node_venv_lib_python3_12_site-packages_PyQt6_Qt6_qml_QtQuick_Particles --> node_venv_lib_python3_12_site-packages_PyQt6_Qt6_qml_QtQuick_Particles_plugins_qmltypes["plugins.qmltypes"]\n    Root --> node_venv["venv"]\n    node_venv --> node_venv_lib["lib"]\n    node_venv_lib --> node_venv_lib_python3_12["python3.12"]\n    node_venv_lib_python3_12 --> node_venv_lib_python3_12_site-packages["site-packages"]\n    node_venv_lib_python3_12_site-packages --> node_venv_lib_python3_12_site-packages_PyQt6["PyQt6"]\n    node_venv_lib_python3_12_site-packages_PyQt6 --> node_venv_lib_python3_12_site-packages_PyQt6_Qt6["Qt6"]\n    node_venv_lib_python3_12_site-packages_PyQt6_Qt6 --> node_venv_lib_python3_12_site-packages_PyQt6_Qt6_qml["qml"]\n    node_venv_lib_python3_12_site-packages_PyQt6_Qt6_qml --> node_venv_lib_python3_12_site-packages_PyQt6_Qt6_qml_QtQuick["QtQuick"]\n    node_venv_lib_python3_12_site-packages_PyQt6_Qt6_qml_QtQuick --> node_venv_lib_python3_12_site-packages_PyQt6_Qt6_qml_QtQuick_Particles["Particles"]\n    node_venv_lib_python3_12_site-packages_PyQt6_Qt6_qml_QtQuick_Particles --> node_venv_lib_python3_12_site-packages_PyQt6_Qt6_qml_QtQuick_Particles_qmldir["qmldir"]\n    Root --> node_venv["venv"]\n    node_venv --> node_venv_lib["lib"]\n    node_venv_lib --> node_venv_lib_python3_12["python3.12"]\n    node_venv_lib_python3_12 --> node_venv_lib_python3_12_site-packages["site-packages"]\n    node_venv_lib_python3_12_site-packages --> node_venv_lib_python3_12_site-packages_PyQt6["PyQt6"]\n    node_venv_lib_python3_12_site-packages_PyQt6 --> node_venv_lib_python3_12_site-packages_PyQt6_Qt6["Qt6"]\n    node_venv_lib_python3_12_site-packages_PyQt6_Qt6 --> node_venv_lib_python3_12_site-packages_PyQt6_Qt6_qml["qml"]\n    node_venv_lib_python3_12_site-packages_PyQt6_Qt6_qml --> node_venv_lib_python3_12_site-packages_PyQt6_Qt6_qml_QtQuick["QtQuick"]\n    node_venv_lib_python3_12_site-packages_PyQt6_Qt6_qml_QtQuick --> node_venv_lib_python3_12_site-packages_PyQt6_Qt6_qml_QtQuick_VectorImage["VectorImage"]\n    node_venv_lib_python3_12_site-packages_PyQt6_Qt6_qml_QtQuick_VectorImage --> node_venv_lib_python3_12_site-packages_PyQt6_Qt6_qml_QtQuick_VectorImage_libqquickvectorimageplugin_dylib["libqquickvectorimageplugin.dylib"]\n    Root --> node_venv["venv"]\n    node_venv --> node_venv_lib["lib"]\n    node_venv_lib --> node_venv_lib_python3_12["python3.12"]\n    node_venv_lib_python3_12 --> node_venv_lib_python3_12_site-packages["site-packages"]\n    node_venv_lib_python3_12_site-packages --> node_venv_lib_python3_12_site-packages_PyQt6["PyQt6"]\n    node_venv_lib_python3_12_site-packages_PyQt6 --> node_venv_lib_python3_12_site-packages_PyQt6_Qt6["Qt6"]\n    node_venv_lib_python3_12_site-packages_PyQt6_Qt6 --> node_venv_lib_python3_12_site-packages_PyQt6_Qt6_qml["qml"]\n    node_venv_lib_python3_12_site-packages_PyQt6_Qt6_qml --> node_venv_lib_python3_12_site-packages_PyQt6_Qt6_qml_QtQuick["QtQuick"]\n    node_venv_lib_python3_12_site-packages_PyQt6_Qt6_qml_QtQuick --> node_venv_lib_python3_12_site-packages_PyQt6_Qt6_qml_QtQuick_VectorImage["VectorImage"]\n    node_venv_lib_python3_12_site-packages_PyQt6_Qt6_qml_QtQuick_VectorImage --> node_venv_lib_python3_12_site-packages_PyQt6_Qt6_qml_QtQuick_VectorImage_plugins_qmltypes["plugins.qmltypes"]\n    Root --> node_venv["venv"]\n    node_venv --> node_venv_lib["lib"]\n    node_venv_lib --> node_venv_lib_python3_12["python3.12"]\n    node_venv_lib_python3_12 --> node_venv_lib_python3_12_site-packages["site-packages"]\n    node_venv_lib_python3_12_site-packages --> node_venv_lib_python3_12_site-packages_PyQt6["PyQt6"]\n    node_venv_lib_python3_12_site-packages_PyQt6 --> node_venv_lib_python3_12_site-packages_PyQt6_Qt6["Qt6"]\n    node_venv_lib_python3_12_site-packages_PyQt6_Qt6 --> node_venv_lib_python3_12_site-packages_PyQt6_Qt6_qml["qml"]\n    node_venv_lib_python3_12_site-packages_PyQt6_Qt6_qml --> node_venv_lib_python3_12_site-packages_PyQt6_Qt6_qml_QtQuick["QtQuick"]\n    node_venv_lib_python3_12_site-packages_PyQt6_Qt6_qml_QtQuick --> node_venv_lib_python3_12_site-packages_PyQt6_Qt6_qml_QtQuick_VectorImage["VectorImage"]\n    node_venv_lib_python3_12_site-packages_PyQt6_Qt6_qml_QtQuick_VectorImage --> node_venv_lib_python3_12_site-packages_PyQt6_Qt6_qml_QtQuick_VectorImage_qmldir["qmldir"]\n    Root --> node_venv["venv"]\n    node_venv --> node_venv_lib["lib"]\n    node_venv_lib --> node_venv_lib_python3_12["python3.12"]\n    node_venv_lib_python3_12 --> node_venv_lib_python3_12_site-packages["site-packages"]\n    node_venv_lib_python3_12_site-packages --> node_venv_lib_python3_12_site-packages_PyQt6["PyQt6"]\n    node_venv_lib_python3_12_site-packages_PyQt6 --> node_venv_lib_python3_12_site-packages_PyQt6_Qt6["Qt6"]\n    node_venv_lib_python3_12_site-packages_PyQt6_Qt6 --> node_venv_lib_python3_12_site-packages_PyQt6_Qt6_qml["qml"]\n    node_venv_lib_python3_12_site-packages_PyQt6_Qt6_qml --> node_venv_lib_python3_12_site-packages_PyQt6_Qt6_qml_QtQuick["QtQuick"]\n    node_venv_lib_python3_12_site-packages_PyQt6_Qt6_qml_QtQuick --> node_venv_lib_python3_12_site-packages_PyQt6_Qt6_qml_QtQuick_VectorImage["VectorImage"]\n    node_venv_lib_python3_12_site-packages_PyQt6_Qt6_qml_QtQuick_VectorImage --> node_venv_lib_python3_12_site-packages_PyQt6_Qt6_qml_QtQuick_VectorImage_Helpers["Helpers"]\n    node_venv_lib_python3_12_site-packages_PyQt6_Qt6_qml_QtQuick_VectorImage_Helpers --> node_venv_lib_python3_12_site-packages_PyQt6_Qt6_qml_QtQuick_VectorImage_Helpers_libqquickvectorimagehelpersplugin_dylib["libqquickvectorimagehelpersplugin.dylib"]\n    Root --> node_venv["venv"]\n    node_venv --> node_venv_lib["lib"]\n    node_venv_lib --> node_venv_lib_python3_12["python3.12"]\n    node_venv_lib_python3_12 --> node_venv_lib_python3_12_site-packages["site-packages"]\n    node_venv_lib_python3_12_site-packages --> node_venv_lib_python3_12_site-packages_PyQt6["PyQt6"]\n    node_venv_lib_python3_12_site-packages_PyQt6 --> node_venv_lib_python3_12_site-packages_PyQt6_Qt6["Qt6"]\n    node_venv_lib_python3_12_site-packages_PyQt6_Qt6 --> node_venv_lib_python3_12_site-packages_PyQt6_Qt6_qml["qml"]\n    node_venv_lib_python3_12_site-packages_PyQt6_Qt6_qml --> node_venv_lib_python3_12_site-packages_PyQt6_Qt6_qml_QtQuick["QtQuick"]\n    node_venv_lib_python3_12_site-packages_PyQt6_Qt6_qml_QtQuick --> node_venv_lib_python3_12_site-packages_PyQt6_Qt6_qml_QtQuick_VectorImage["VectorImage"]\n    node_venv_lib_python3_12_site-packages_PyQt6_Qt6_qml_QtQuick_VectorImage --> node_venv_lib_python3_12_site-packages_PyQt6_Qt6_qml_QtQuick_VectorImage_Helpers["Helpers"]\n    node_venv_lib_python3_12_site-packages_PyQt6_Qt6_qml_QtQuick_VectorImage_Helpers --> node_venv_lib_python3_12_site-packages_PyQt6_Qt6_qml_QtQuick_VectorImage_Helpers_plugins_qmltypes["plugins.qmltypes"]\n    Root --> node_venv["venv"]\n    node_venv --> node_venv_lib["lib"]\n    node_venv_lib --> node_venv_lib_python3_12["python3.12"]\n    node_venv_lib_python3_12 --> node_venv_lib_python3_12_site-packages["site-packages"]\n    node_venv_lib_python3_12_site-packages --> node_venv_lib_python3_12_site-packages_PyQt6["PyQt6"]\n    node_venv_lib_python3_12_site-packages_PyQt6 --> node_venv_lib_python3_12_site-packages_PyQt6_Qt6["Qt6"]\n    node_venv_lib_python3_12_site-packages_PyQt6_Qt6 --> node_venv_lib_python3_12_site-packages_PyQt6_Qt6_qml["qml"]\n    node_venv_lib_python3_12_site-packages_PyQt6_Qt6_qml --> node_venv_lib_python3_12_site-packages_PyQt6_Qt6_qml_QtQuick["QtQuick"]\n    node_venv_lib_python3_12_site-packages_PyQt6_Qt6_qml_QtQuick --> node_venv_lib_python3_12_site-packages_PyQt6_Qt6_qml_QtQuick_VectorImage["VectorImage"]\n    node_venv_lib_python3_12_site-packages_PyQt6_Qt6_qml_QtQuick_VectorImage --> node_venv_lib_python3_12_site-packages_PyQt6_Qt6_qml_QtQuick_VectorImage_Helpers["Helpers"]\n    node_venv_lib_python3_12_site-packages_PyQt6_Qt6_qml_QtQuick_VectorImage_Helpers --> node_venv_lib_python3_12_site-packages_PyQt6_Qt6_qml_QtQuick_VectorImage_Helpers_qmldir["qmldir"]\n    Root --> node_venv["venv"]\n    node_venv --> node_venv_lib["lib"]\n    node_venv_lib --> node_venv_lib_python3_12["python3.12"]\n    node_venv_lib_python3_12 --> node_venv_lib_python3_12_site-packages["site-packages"]\n    node_venv_lib_python3_12_site-packages --> node_venv_lib_python3_12_site-packages_PyQt6["PyQt6"]\n    node_venv_lib_python3_12_site-packages_PyQt6 --> node_venv_lib_python3_12_site-packages_PyQt6_Qt6["Qt6"]\n    node_venv_lib_python3_12_site-packages_PyQt6_Qt6 --> node_venv_lib_python3_12_site-packages_PyQt6_Qt6_qml["qml"]\n    node_venv_lib_python3_12_site-packages_PyQt6_Qt6_qml --> node_venv_lib_python3_12_site-packages_PyQt6_Qt6_qml_QtQuick["QtQuick"]\n    node_venv_lib_python3_12_site-packages_PyQt6_Qt6_qml_QtQuick --> node_venv_lib_python3_12_site-packages_PyQt6_Qt6_qml_QtQuick_Controls["Controls"]\n    node_venv_lib_python3_12_site-packages_PyQt6_Qt6_qml_QtQuick_Controls --> node_venv_lib_python3_12_site-packages_PyQt6_Qt6_qml_QtQuick_Controls_libqtquickcontrols2plugin_dylib["libqtquickcontrols2plugin.dylib"]\n    Root --> node_venv["venv"]\n    node_venv --> node_venv_lib["lib"]\n    node_venv_lib --> node_venv_lib_python3_12["python3.12"]\n    node_venv_lib_python3_12 --> node_venv_lib_python3_12_site-packages["site-packages"]\n    node_venv_lib_python3_12_site-packages --> node_venv_lib_python3_12_site-packages_PyQt6["PyQt6"]\n    node_venv_lib_python3_12_site-packages_PyQt6 --> node_venv_lib_python3_12_site-packages_PyQt6_Qt6["Qt6"]\n    node_venv_lib_python3_12_site-packages_PyQt6_Qt6 --> node_venv_lib_python3_12_site-packages_PyQt6_Qt6_qml["qml"]\n    node_venv_lib_python3_12_site-packages_PyQt6_Qt6_qml --> node_venv_lib_python3_12_site-packages_PyQt6_Qt6_qml_QtQuick["QtQuick"]\n    node_venv_lib_python3_12_site-packages_PyQt6_Qt6_qml_QtQuick --> node_venv_lib_python3_12_site-packages_PyQt6_Qt6_qml_QtQuick_Controls["Controls"]\n    node_venv_lib_python3_12_site-packages_PyQt6_Qt6_qml_QtQuick_Controls --> node_venv_lib_python3_12_site-packages_PyQt6_Qt6_qml_QtQuick_Controls_plugins_qmltypes["plugins.qmltypes"]\n    Root --> node_venv["venv"]\n    node_venv --> node_venv_lib["lib"]\n    node_venv_lib --> node_venv_lib_python3_12["python3.12"]\n    node_venv_lib_python3_12 --> node_venv_lib_python3_12_site-packages["site-packages"]\n    node_venv_lib_python3_12_site-packages --> node_venv_lib_python3_12_site-packages_PyQt6["PyQt6"]\n    node_venv_lib_python3_12_site-packages_PyQt6 --> node_venv_lib_python3_12_site-packages_PyQt6_Qt6["Qt6"]\n    node_venv_lib_python3_12_site-packages_PyQt6_Qt6 --> node_venv_lib_python3_12_site-packages_PyQt6_Qt6_qml["qml"]\n    node_venv_lib_python3_12_site-packages_PyQt6_Qt6_qml --> node_venv_lib_python3_12_site-packages_PyQt6_Qt6_qml_QtQuick["QtQuick"]\n    node_venv_lib_python3_12_site-packages_PyQt6_Qt6_qml_QtQuick --> node_venv_lib_python3_12_site-packages_PyQt6_Qt6_qml_QtQuick_Controls["Controls"]\n    node_venv_lib_python3_12_site-packages_PyQt6_Qt6_qml_QtQuick_Controls --> node_venv_lib_python3_12_site-packages_PyQt6_Qt6_qml_QtQuick_Controls_qmldir["qmldir"]\n    Root --> node_venv["venv"]\n    node_venv --> node_venv_lib["lib"]\n    node_venv_lib --> node_venv_lib_python3_12["python3.12"]\n    node_venv_lib_python3_12 --> node_venv_lib_python3_12_site-packages["site-packages"]\n    node_venv_lib_python3_12_site-packages --> node_venv_lib_python3_12_site-packages_PyQt6["PyQt6"]\n    node_venv_lib_python3_12_site-packages_PyQt6 --> node_venv_lib_python3_12_site-packages_PyQt6_Qt6["Qt6"]\n    node_venv_lib_python3_12_site-packages_PyQt6_Qt6 --> node_venv_lib_python3_12_site-packages_PyQt6_Qt6_qml["qml"]\n    node_venv_lib_python3_12_site-packages_PyQt6_Qt6_qml --> node_venv_lib_python3_12_site-packages_PyQt6_Qt6_qml_QtQuick["QtQuick"]\n    node_venv_lib_python3_12_site-packages_PyQt6_Qt6_qml_QtQuick --> node_venv_lib_python3_12_site-packages_PyQt6_Qt6_qml_QtQuick_Controls["Controls"]\n    node_venv_lib_python3_12_site-packages_PyQt6_Qt6_qml_QtQuick_Controls --> node_venv_lib_python3_12_site-packages_PyQt6_Qt6_qml_QtQuick_Controls_Fusion["Fusion"]\n    node_venv_lib_python3_12_site-packages_PyQt6_Qt6_qml_QtQuick_Controls_Fusion --> node_venv_lib_python3_12_site-packages_PyQt6_Qt6_qml_QtQuick_Controls_Fusion_ApplicationWindow_qml["ApplicationWindow.qml"]\n    Root --> node_venv["venv"]\n    node_venv --> node_venv_lib["lib"]\n    node_venv_lib --> node_venv_lib_python3_12["python3.12"]\n    node_venv_lib_python3_12 --> node_venv_lib_python3_12_site-packages["site-packages"]\n    node_venv_lib_python3_12_site-packages --> node_venv_lib_python3_12_site-packages_PyQt6["PyQt6"]\n    node_venv_lib_python3_12_site-packages_PyQt6 --> node_venv_lib_python3_12_site-packages_PyQt6_Qt6["Qt6"]\n    node_venv_lib_python3_12_site-packages_PyQt6_Qt6 --> node_venv_lib_python3_12_site-packages_PyQt6_Qt6_qml["qml"]\n    node_venv_lib_python3_12_site-packages_PyQt6_Qt6_qml --> node_venv_lib_python3_12_site-packages_PyQt6_Qt6_qml_QtQuick["QtQuick"]\n    node_venv_lib_python3_12_site-packages_PyQt6_Qt6_qml_QtQuick --> node_venv_lib_python3_12_site-packages_PyQt6_Qt6_qml_QtQuick_Controls["Controls"]\n    node_venv_lib_python3_12_site-packages_PyQt6_Qt6_qml_QtQuick_Controls --> node_venv_lib_python3_12_site-packages_PyQt6_Qt6_qml_QtQuick_Controls_Fusion["Fusion"]\n    node_venv_lib_python3_12_site-packages_PyQt6_Qt6_qml_QtQuick_Controls_Fusion --> node_venv_lib_python3_12_site-packages_PyQt6_Qt6_qml_QtQuick_Controls_Fusion_BusyIndicator_qml["BusyIndicator.qml"]\n    Root --> node_venv["venv"]\n    node_venv --> node_venv_lib["lib"]\n    node_venv_lib --> node_venv_lib_python3_12["python3.12"]\n    node_venv_lib_python3_12 --> node_venv_lib_python3_12_site-packages["site-packages"]\n    node_venv_lib_python3_12_site-packages --> node_venv_lib_python3_12_site-packages_PyQt6["PyQt6"]\n    node_venv_lib_python3_12_site-packages_PyQt6 --> node_venv_lib_python3_12_site-packages_PyQt6_Qt6["Qt6"]\n    node_venv_lib_python3_12_site-packages_PyQt6_Qt6 --> node_venv_lib_python3_12_site-packages_PyQt6_Qt6_qml["qml"]\n    node_venv_lib_python3_12_site-packages_PyQt6_Qt6_qml --> node_venv_lib_python3_12_site-packages_PyQt6_Qt6_qml_QtQuick["QtQuick"]\n    node_venv_lib_python3_12_site-packages_PyQt6_Qt6_qml_QtQuick --> node_venv_lib_python3_12_site-packages_PyQt6_Qt6_qml_QtQuick_Controls["Controls"]\n    node_venv_lib_python3_12_site-packages_PyQt6_Qt6_qml_QtQuick_Controls --> node_venv_lib_python3_12_site-packages_PyQt6_Qt6_qml_QtQuick_Controls_Fusion["Fusion"]\n    node_venv_lib_python3_12_site-packages_PyQt6_Qt6_qml_QtQuick_Controls_Fusion --> node_venv_lib_python3_12_site-packages_PyQt6_Qt6_qml_QtQuick_Controls_Fusion_Button_qml["Button.qml"]\n    Root --> node_venv["venv"]\n    node_venv --> node_venv_lib["lib"]\n    node_venv_lib --> node_venv_lib_python3_12["python3.12"]\n    node_venv_lib_python3_12 --> node_venv_lib_python3_12_site-packages["site-packages"]\n    node_venv_lib_python3_12_site-packages --> node_venv_lib_python3_12_site-packages_PyQt6["PyQt6"]\n    node_venv_lib_python3_12_site-packages_PyQt6 --> node_venv_lib_python3_12_site-packages_PyQt6_Qt6["Qt6"]\n    node_venv_lib_python3_12_site-packages_PyQt6_Qt6 --> node_venv_lib_python3_12_site-packages_PyQt6_Qt6_qml["qml"]\n    node_venv_lib_python3_12_site-packages_PyQt6_Qt6_qml --> node_venv_lib_python3_12_site-packages_PyQt6_Qt6_qml_QtQuick["QtQuick"]\n    node_venv_lib_python3_12_site-packages_PyQt6_Qt6_qml_QtQuick --> node_venv_lib_python3_12_site-packages_PyQt6_Qt6_qml_QtQuick_Controls["Controls"]\n    node_venv_lib_python3_12_site-packages_PyQt6_Qt6_qml_QtQuick_Controls --> node_venv_lib_python3_12_site-packages_PyQt6_Qt6_qml_QtQuick_Controls_Fusion["Fusion"]\n    node_venv_lib_python3_12_site-packages_PyQt6_Qt6_qml_QtQuick_Controls_Fusion --> node_venv_lib_python3_12_site-packages_PyQt6_Qt6_qml_QtQuick_Controls_Fusion_CheckBox_qml["CheckBox.qml"]\n    Root --> node_venv["venv"]\n    node_venv --> node_venv_lib["lib"]\n    node_venv_lib --> node_venv_lib_python3_12["python3.12"]\n    node_venv_lib_python3_12 --> node_venv_lib_python3_12_site-packages["site-packages"]\n    node_venv_lib_python3_12_site-packages --> node_venv_lib_python3_12_site-packages_PyQt6["PyQt6"]\n    node_venv_lib_python3_12_site-packages_PyQt6 --> node_venv_lib_python3_12_site-packages_PyQt6_Qt6["Qt6"]\n    node_venv_lib_python3_12_site-packages_PyQt6_Qt6 --> node_venv_lib_python3_12_site-packages_PyQt6_Qt6_qml["qml"]\n    node_venv_lib_python3_12_site-packages_PyQt6_Qt6_qml --> node_venv_lib_python3_12_site-packages_PyQt6_Qt6_qml_QtQuick["QtQuick"]\n    node_venv_lib_python3_12_site-packages_PyQt6_Qt6_qml_QtQuick --> node_venv_lib_python3_12_site-packages_PyQt6_Qt6_qml_QtQuick_Controls["Controls"]\n    node_venv_lib_python3_12_site-packages_PyQt6_Qt6_qml_QtQuick_Controls --> node_venv_lib_python3_12_site-packages_PyQt6_Qt6_qml_QtQuick_Controls_Fusion["Fusion"]\n    node_venv_lib_python3_12_site-packages_PyQt6_Qt6_qml_QtQuick_Controls_Fusion --> node_venv_lib_python3_12_site-packages_PyQt6_Qt6_qml_QtQuick_Controls_Fusion_CheckDelegate_qml["CheckDelegate.qml"]\n    Root --> node_venv["venv"]\n    node_venv --> node_venv_lib["lib"]\n    node_venv_lib --> node_venv_lib_python3_12["python3.12"]\n    node_venv_lib_python3_12 --> node_venv_lib_python3_12_site-packages["site-packages"]\n    node_venv_lib_python3_12_site-packages --> node_venv_lib_python3_12_site-packages_PyQt6["PyQt6"]\n    node_venv_lib_python3_12_site-packages_PyQt6 --> node_venv_lib_python3_12_site-packages_PyQt6_Qt6["Qt6"]\n    node_venv_lib_python3_12_site-packages_PyQt6_Qt6 --> node_venv_lib_python3_12_site-packages_PyQt6_Qt6_qml["qml"]\n    node_venv_lib_python3_12_site-packages_PyQt6_Qt6_qml --> node_venv_lib_python3_12_site-packages_PyQt6_Qt6_qml_QtQuick["QtQuick"]\n    node_venv_lib_python3_12_site-packages_PyQt6_Qt6_qml_QtQuick --> node_venv_lib_python3_12_site-packages_PyQt6_Qt6_qml_QtQuick_Controls["Controls"]\n    node_venv_lib_python3_12_site-packages_PyQt6_Qt6_qml_QtQuick_Controls --> node_venv_lib_python3_12_site-packages_PyQt6_Qt6_qml_QtQuick_Controls_Fusion["Fusion"]\n    node_venv_lib_python3_12_site-packages_PyQt6_Qt6_qml_QtQuick_Controls_Fusion --> node_venv_lib_python3_12_site-packages_PyQt6_Qt6_qml_QtQuick_Controls_Fusion_ComboBox_qml["ComboBox.qml"]\n    Root --> node_venv["venv"]\n    node_venv --> node_venv_lib["lib"]\n    node_venv_lib --> node_venv_lib_python3_12["python3.12"]\n    node_venv_lib_python3_12 --> node_venv_lib_python3_12_site-packages["site-packages"]\n    node_venv_lib_python3_12_site-packages --> node_venv_lib_python3_12_site-packages_PyQt6["PyQt6"]\n    node_venv_lib_python3_12_site-packages_PyQt6 --> node_venv_lib_python3_12_site-packages_PyQt6_Qt6["Qt6"]\n    node_venv_lib_python3_12_site-packages_PyQt6_Qt6 --> node_venv_lib_python3_12_site-packages_PyQt6_Qt6_qml["qml"]\n    node_venv_lib_python3_12_site-packages_PyQt6_Qt6_qml --> node_venv_lib_python3_12_site-packages_PyQt6_Qt6_qml_QtQuick["QtQuick"]\n    node_venv_lib_python3_12_site-packages_PyQt6_Qt6_qml_QtQuick --> node_venv_lib_python3_12_site-packages_PyQt6_Qt6_qml_QtQuick_Controls["Controls"]\n    node_venv_lib_python3_12_site-packages_PyQt6_Qt6_qml_QtQuick_Controls --> node_venv_lib_python3_12_site-packages_PyQt6_Qt6_qml_QtQuick_Controls_Fusion["Fusion"]\n    node_venv_lib_python3_12_site-packages_PyQt6_Qt6_qml_QtQuick_Controls_Fusion --> node_venv_lib_python3_12_site-packages_PyQt6_Qt6_qml_QtQuick_Controls_Fusion_DelayButton_qml["DelayButton.qml"]\n    Root --> node_venv["venv"]\n    node_venv --> node_venv_lib["lib"]\n    node_venv_lib --> node_venv_lib_python3_12["python3.12"]\n    node_venv_lib_python3_12 --> node_venv_lib_python3_12_site-packages["site-packages"]\n    node_venv_lib_python3_12_site-packages --> node_venv_lib_python3_12_site-packages_PyQt6["PyQt6"]\n    node_venv_lib_python3_12_site-packages_PyQt6 --> node_venv_lib_python3_12_site-packages_PyQt6_Qt6["Qt6"]\n    node_venv_lib_python3_12_site-packages_PyQt6_Qt6 --> node_venv_lib_python3_12_site-packages_PyQt6_Qt6_qml["qml"]\n    node_venv_lib_python3_12_site-packages_PyQt6_Qt6_qml --> node_venv_lib_python3_12_site-packages_PyQt6_Qt6_qml_QtQuick["QtQuick"]\n    node_venv_lib_python3_12_site-packages_PyQt6_Qt6_qml_QtQuick --> node_venv_lib_python3_12_site-packages_PyQt6_Qt6_qml_QtQuick_Controls["Controls"]\n    node_venv_lib_python3_12_site-packages_PyQt6_Qt6_qml_QtQuick_Controls --> node_venv_lib_python3_12_site-packages_PyQt6_Qt6_qml_QtQuick_Controls_Fusion["Fusion"]\n    node_venv_lib_python3_12_site-packages_PyQt6_Qt6_qml_QtQuick_Controls_Fusion --> node_venv_lib_python3_12_site-packages_PyQt6_Qt6_qml_QtQuick_Controls_Fusion_Dial_qml["Dial.qml"]\n    Root --> node_venv["venv"]\n    node_venv --> node_venv_lib["lib"]\n    node_venv_lib --> node_venv_lib_python3_12["python3.12"]\n    node_venv_lib_python3_12 --> node_venv_lib_python3_12_site-packages["site-packages"]\n    node_venv_lib_python3_12_site-packages --> node_venv_lib_python3_12_site-packages_PyQt6["PyQt6"]\n    node_venv_lib_python3_12_site-packages_PyQt6 --> node_venv_lib_python3_12_site-packages_PyQt6_Qt6["Qt6"]\n    node_venv_lib_python3_12_site-packages_PyQt6_Qt6 --> node_venv_lib_python3_12_site-packages_PyQt6_Qt6_qml["qml"]\n    node_venv_lib_python3_12_site-packages_PyQt6_Qt6_qml --> node_venv_lib_python3_12_site-packages_PyQt6_Qt6_qml_QtQuick["QtQuick"]\n    node_venv_lib_python3_12_site-packages_PyQt6_Qt6_qml_QtQuick --> node_venv_lib_python3_12_site-packages_PyQt6_Qt6_qml_QtQuick_Controls["Controls"]\n    node_venv_lib_python3_12_site-packages_PyQt6_Qt6_qml_QtQuick_Controls --> node_venv_lib_python3_12_site-packages_PyQt6_Qt6_qml_QtQuick_Controls_Fusion["Fusion"]\n    node_venv_lib_python3_12_site-packages_PyQt6_Qt6_qml_QtQuick_Controls_Fusion --> node_venv_lib_python3_12_site-packages_PyQt6_Qt6_qml_QtQuick_Controls_Fusion_Dialog_qml["Dialog.qml"]\n    Root --> node_venv["venv"]\n    node_venv --> node_venv_lib["lib"]\n    node_venv_lib --> node_venv_lib_python3_12["python3.12"]\n    node_venv_lib_python3_12 --> node_venv_lib_python3_12_site-packages["site-packages"]\n    node_venv_lib_python3_12_site-packages --> node_venv_lib_python3_12_site-packages_PyQt6["PyQt6"]\n    node_venv_lib_python3_12_site-packages_PyQt6 --> node_venv_lib_python3_12_site-packages_PyQt6_Qt6["Qt6"]\n    node_venv_lib_python3_12_site-packages_PyQt6_Qt6 --> node_venv_lib_python3_12_site-packages_PyQt6_Qt6_qml["qml"]\n    node_venv_lib_python3_12_site-packages_PyQt6_Qt6_qml --> node_venv_lib_python3_12_site-packages_PyQt6_Qt6_qml_QtQuick["QtQuick"]\n    node_venv_lib_python3_12_site-packages_PyQt6_Qt6_qml_QtQuick --> node_venv_lib_python3_12_site-packages_PyQt6_Qt6_qml_QtQuick_Controls["Controls"]\n    node_venv_lib_python3_12_site-packages_PyQt6_Qt6_qml_QtQuick_Controls --> node_venv_lib_python3_12_site-packages_PyQt6_Qt6_qml_QtQuick_Controls_Fusion["Fusion"]\n    node_venv_lib_python3_12_site-packages_PyQt6_Qt6_qml_QtQuick_Controls_Fusion --> node_venv_lib_python3_12_site-packages_PyQt6_Qt6_qml_QtQuick_Controls_Fusion_DialogButtonBox_qml["DialogButtonBox.qml"]\n    Root --> node_venv["venv"]\n    node_venv --> node_venv_lib["lib"]\n    node_venv_lib --> node_venv_lib_python3_12["python3.12"]\n    node_venv_lib_python3_12 --> node_venv_lib_python3_12_site-packages["site-packages"]\n    node_venv_lib_python3_12_site-packages --> node_venv_lib_python3_12_site-packages_PyQt6["PyQt6"]\n    node_venv_lib_python3_12_site-packages_PyQt6 --> node_venv_lib_python3_12_site-packages_PyQt6_Qt6["Qt6"]\n    node_venv_lib_python3_12_site-packages_PyQt6_Qt6 --> node_venv_lib_python3_12_site-packages_PyQt6_Qt6_qml["qml"]\n    node_venv_lib_python3_12_site-packages_PyQt6_Qt6_qml --> node_venv_lib_python3_12_site-packages_PyQt6_Qt6_qml_QtQuick["QtQuick"]\n    node_venv_lib_python3_12_site-packages_PyQt6_Qt6_qml_QtQuick --> node_venv_lib_python3_12_site-packages_PyQt6_Qt6_qml_QtQuick_Controls["Controls"]\n    node_venv_lib_python3_12_site-packages_PyQt6_Qt6_qml_QtQuick_Controls --> node_venv_lib_python3_12_site-packages_PyQt6_Qt6_qml_QtQuick_Controls_Fusion["Fusion"]\n    node_venv_lib_python3_12_site-packages_PyQt6_Qt6_qml_QtQuick_Controls_Fusion --> node_venv_lib_python3_12_site-packages_PyQt6_Qt6_qml_QtQuick_Controls_Fusion_Drawer_qml["Drawer.qml"]\n    Root --> node_venv["venv"]\n    node_venv --> node_venv_lib["lib"]\n    node_venv_lib --> node_venv_lib_python3_12["python3.12"]\n    node_venv_lib_python3_12 --> node_venv_lib_python3_12_site-packages["site-packages"]\n    node_venv_lib_python3_12_site-packages --> node_venv_lib_python3_12_site-packages_PyQt6["PyQt6"]\n    node_venv_lib_python3_12_site-packages_PyQt6 --> node_venv_lib_python3_12_site-packages_PyQt6_Qt6["Qt6"]\n    node_venv_lib_python3_12_site-packages_PyQt6_Qt6 --> node_venv_lib_python3_12_site-packages_PyQt6_Qt6_qml["qml"]\n    node_venv_lib_python3_12_site-packages_PyQt6_Qt6_qml --> node_venv_lib_python3_12_site-packages_PyQt6_Qt6_qml_QtQuick["QtQuick"]\n    node_venv_lib_python3_12_site-packages_PyQt6_Qt6_qml_QtQuick --> node_venv_lib_python3_12_site-packages_PyQt6_Qt6_qml_QtQuick_Controls["Controls"]\n    node_venv_lib_python3_12_site-packages_PyQt6_Qt6_qml_QtQuick_Controls --> node_venv_lib_python3_12_site-packages_PyQt6_Qt6_qml_QtQuick_Controls_Fusion["Fusion"]\n    node_venv_lib_python3_12_site-packages_PyQt6_Qt6_qml_QtQuick_Controls_Fusion --> node_venv_lib_python3_12_site-packages_PyQt6_Qt6_qml_QtQuick_Controls_Fusion_Frame_qml["Frame.qml"]\n    Root --> node_venv["venv"]\n    node_venv --> node_venv_lib["lib"]\n    node_venv_lib --> node_venv_lib_python3_12["python3.12"]\n    node_venv_lib_python3_12 --> node_venv_lib_python3_12_site-packages["site-packages"]\n    node_venv_lib_python3_12_site-packages --> node_venv_lib_python3_12_site-packages_PyQt6["PyQt6"]\n    node_venv_lib_python3_12_site-packages_PyQt6 --> node_venv_lib_python3_12_site-packages_PyQt6_Qt6["Qt6"]\n    node_venv_lib_python3_12_site-packages_PyQt6_Qt6 --> node_venv_lib_python3_12_site-packages_PyQt6_Qt6_qml["qml"]\n    node_venv_lib_python3_12_site-packages_PyQt6_Qt6_qml --> node_venv_lib_python3_12_site-packages_PyQt6_Qt6_qml_QtQuick["QtQuick"]\n    node_venv_lib_python3_12_site-packages_PyQt6_Qt6_qml_QtQuick --> node_venv_lib_python3_12_site-packages_PyQt6_Qt6_qml_QtQuick_Controls["Controls"]\n    node_venv_lib_python3_12_site-packages_PyQt6_Qt6_qml_QtQuick_Controls --> node_venv_lib_python3_12_site-packages_PyQt6_Qt6_qml_QtQuick_Controls_Fusion["Fusion"]\n    node_venv_lib_python3_12_site-packages_PyQt6_Qt6_qml_QtQuick_Controls_Fusion --> node_venv_lib_python3_12_site-packages_PyQt6_Qt6_qml_QtQuick_Controls_Fusion_GroupBox_qml["GroupBox.qml"]\n    Root --> node_venv["venv"]\n    node_venv --> node_venv_lib["lib"]\n    node_venv_lib --> node_venv_lib_python3_12["python3.12"]\n    node_venv_lib_python3_12 --> node_venv_lib_python3_12_site-packages["site-packages"]\n    node_venv_lib_python3_12_site-packages --> node_venv_lib_python3_12_site-packages_PyQt6["PyQt6"]\n    node_venv_lib_python3_12_site-packages_PyQt6 --> node_venv_lib_python3_12_site-packages_PyQt6_Qt6["Qt6"]\n    node_venv_lib_python3_12_site-packages_PyQt6_Qt6 --> node_venv_lib_python3_12_site-packages_PyQt6_Qt6_qml["qml"]\n    node_venv_lib_python3_12_site-packages_PyQt6_Qt6_qml --> node_venv_lib_python3_12_site-packages_PyQt6_Qt6_qml_QtQuick["QtQuick"]\n    node_venv_lib_python3_12_site-packages_PyQt6_Qt6_qml_QtQuick --> node_venv_lib_python3_12_site-packages_PyQt6_Qt6_qml_QtQuick_Controls["Controls"]\n    node_venv_lib_python3_12_site-packages_PyQt6_Qt6_qml_QtQuick_Controls --> node_venv_lib_python3_12_site-packages_PyQt6_Qt6_qml_QtQuick_Controls_Fusion["Fusion"]\n    node_venv_lib_python3_12_site-packages_PyQt6_Qt6_qml_QtQuick_Controls_Fusion --> node_venv_lib_python3_12_site-packages_PyQt6_Qt6_qml_QtQuick_Controls_Fusion_HorizontalHeaderView_qml["HorizontalHeaderView.qml"]\n    Root --> node_venv["venv"]\n    node_venv --> node_venv_lib["lib"]\n    node_venv_lib --> node_venv_lib_python3_12["python3.12"]\n    node_venv_lib_python3_12 --> node_venv_lib_python3_12_site-packages["site-packages"]\n    node_venv_lib_python3_12_site-packages --> node_venv_lib_python3_12_site-packages_PyQt6["PyQt6"]\n    node_venv_lib_python3_12_site-packages_PyQt6 --> node_venv_lib_python3_12_site-packages_PyQt6_Qt6["Qt6"]\n    node_venv_lib_python3_12_site-packages_PyQt6_Qt6 --> node_venv_lib_python3_12_site-packages_PyQt6_Qt6_qml["qml"]\n    node_venv_lib_python3_12_site-packages_PyQt6_Qt6_qml --> node_venv_lib_python3_12_site-packages_PyQt6_Qt6_qml_QtQuick["QtQuick"]\n    node_venv_lib_python3_12_site-packages_PyQt6_Qt6_qml_QtQuick --> node_venv_lib_python3_12_site-packages_PyQt6_Qt6_qml_QtQuick_Controls["Controls"]\n    node_venv_lib_python3_12_site-packages_PyQt6_Qt6_qml_QtQuick_Controls --> node_venv_lib_python3_12_site-packages_PyQt6_Qt6_qml_QtQuick_Controls_Fusion["Fusion"]\n    node_venv_lib_python3_12_site-packages_PyQt6_Qt6_qml_QtQuick_Controls_Fusion --> node_venv_lib_python3_12_site-packages_PyQt6_Qt6_qml_QtQuick_Controls_Fusion_HorizontalHeaderViewDelegate_qml["HorizontalHeaderViewDelegate.qml"]\n    Root --> node_venv["venv"]\n    node_venv --> node_venv_lib["lib"]\n    node_venv_lib --> node_venv_lib_python3_12["python3.12"]\n    node_venv_lib_python3_12 --> node_venv_lib_python3_12_site-packages["site-packages"]\n    node_venv_lib_python3_12_site-packages --> node_venv_lib_python3_12_site-packages_PyQt6["PyQt6"]\n    node_venv_lib_python3_12_site-packages_PyQt6 --> node_venv_lib_python3_12_site-packages_PyQt6_Qt6["Qt6"]\n    node_venv_lib_python3_12_site-packages_PyQt6_Qt6 --> node_venv_lib_python3_12_site-packages_PyQt6_Qt6_qml["qml"]\n    node_venv_lib_python3_12_site-packages_PyQt6_Qt6_qml --> node_venv_lib_python3_12_site-packages_PyQt6_Qt6_qml_QtQuick["QtQuick"]\n    node_venv_lib_python3_12_site-packages_PyQt6_Qt6_qml_QtQuick --> node_venv_lib_python3_12_site-packages_PyQt6_Qt6_qml_QtQuick_Controls["Controls"]\n    node_venv_lib_python3_12_site-packages_PyQt6_Qt6_qml_QtQuick_Controls --> node_venv_lib_python3_12_site-packages_PyQt6_Qt6_qml_QtQuick_Controls_Fusion["Fusion"]\n    node_venv_lib_python3_12_site-packages_PyQt6_Qt6_qml_QtQuick_Controls_Fusion --> node_venv_lib_python3_12_site-packages_PyQt6_Qt6_qml_QtQuick_Controls_Fusion_ItemDelegate_qml["ItemDelegate.qml"]\n    Root --> node_venv["venv"]\n    node_venv --> node_venv_lib["lib"]\n    node_venv_lib --> node_venv_lib_python3_12["python3.12"]\n    node_venv_lib_python3_12 --> node_venv_lib_python3_12_site-packages["site-packages"]\n    node_venv_lib_python3_12_site-packages --> node_venv_lib_python3_12_site-packages_PyQt6["PyQt6"]\n    node_venv_lib_python3_12_site-packages_PyQt6 --> node_venv_lib_python3_12_site-packages_PyQt6_Qt6["Qt6"]\n    node_venv_lib_python3_12_site-packages_PyQt6_Qt6 --> node_venv_lib_python3_12_site-packages_PyQt6_Qt6_qml["qml"]\n    node_venv_lib_python3_12_site-packages_PyQt6_Qt6_qml --> node_venv_lib_python3_12_site-packages_PyQt6_Qt6_qml_QtQuick["QtQuick"]\n    node_venv_lib_python3_12_site-packages_PyQt6_Qt6_qml_QtQuick --> node_venv_lib_python3_12_site-packages_PyQt6_Qt6_qml_QtQuick_Controls["Controls"]\n    node_venv_lib_python3_12_site-packages_PyQt6_Qt6_qml_QtQuick_Controls --> node_venv_lib_python3_12_site-packages_PyQt6_Qt6_qml_QtQuick_Controls_Fusion["Fusion"]\n    node_venv_lib_python3_12_site-packages_PyQt6_Qt6_qml_QtQuick_Controls_Fusion --> node_venv_lib_python3_12_site-packages_PyQt6_Qt6_qml_QtQuick_Controls_Fusion_Label_qml["Label.qml"]\n    Root --> node_venv["venv"]\n    node_venv --> node_venv_lib["lib"]\n    node_venv_lib --> node_venv_lib_python3_12["python3.12"]\n    node_venv_lib_python3_12 --> node_venv_lib_python3_12_site-packages["site-packages"]\n    node_venv_lib_python3_12_site-packages --> node_venv_lib_python3_12_site-packages_PyQt6["PyQt6"]\n    node_venv_lib_python3_12_site-packages_PyQt6 --> node_venv_lib_python3_12_site-packages_PyQt6_Qt6["Qt6"]\n    node_venv_lib_python3_12_site-packages_PyQt6_Qt6 --> node_venv_lib_python3_12_site-packages_PyQt6_Qt6_qml["qml"]\n    node_venv_lib_python3_12_site-packages_PyQt6_Qt6_qml --> node_venv_lib_python3_12_site-packages_PyQt6_Qt6_qml_QtQuick["QtQuick"]\n    node_venv_lib_python3_12_site-packages_PyQt6_Qt6_qml_QtQuick --> node_venv_lib_python3_12_site-packages_PyQt6_Qt6_qml_QtQuick_Controls["Controls"]\n    node_venv_lib_python3_12_site-packages_PyQt6_Qt6_qml_QtQuick_Controls --> node_venv_lib_python3_12_site-packages_PyQt6_Qt6_qml_QtQuick_Controls_Fusion["Fusion"]\n    node_venv_lib_python3_12_site-packages_PyQt6_Qt6_qml_QtQuick_Controls_Fusion --> node_venv_lib_python3_12_site-packages_PyQt6_Qt6_qml_QtQuick_Controls_Fusion_Menu_qml["Menu.qml"]\n    Root --> node_venv["venv"]\n    node_venv --> node_venv_lib["lib"]\n    node_venv_lib --> node_venv_lib_python3_12["python3.12"]\n    node_venv_lib_python3_12 --> node_venv_lib_python3_12_site-packages["site-packages"]\n    node_venv_lib_python3_12_site-packages --> node_venv_lib_python3_12_site-packages_PyQt6["PyQt6"]\n    node_venv_lib_python3_12_site-packages_PyQt6 --> node_venv_lib_python3_12_site-packages_PyQt6_Qt6["Qt6"]\n    node_venv_lib_python3_12_site-packages_PyQt6_Qt6 --> node_venv_lib_python3_12_site-packages_PyQt6_Qt6_qml["qml"]\n    node_venv_lib_python3_12_site-packages_PyQt6_Qt6_qml --> node_venv_lib_python3_12_site-packages_PyQt6_Qt6_qml_QtQuick["QtQuick"]\n    node_venv_lib_python3_12_site-packages_PyQt6_Qt6_qml_QtQuick --> node_venv_lib_python3_12_site-packages_PyQt6_Qt6_qml_QtQuick_Controls["Controls"]\n    node_venv_lib_python3_12_site-packages_PyQt6_Qt6_qml_QtQuick_Controls --> node_venv_lib_python3_12_site-packages_PyQt6_Qt6_qml_QtQuick_Controls_Fusion["Fusion"]\n    node_venv_lib_python3_12_site-packages_PyQt6_Qt6_qml_QtQuick_Controls_Fusion --> node_venv_lib_python3_12_site-packages_PyQt6_Qt6_qml_QtQuick_Controls_Fusion_MenuBar_qml["MenuBar.qml"]\n    Root --> node_venv["venv"]\n    node_venv --> node_venv_lib["lib"]\n    node_venv_lib --> node_venv_lib_python3_12["python3.12"]\n    node_venv_lib_python3_12 --> node_venv_lib_python3_12_site-packages["site-packages"]\n    node_venv_lib_python3_12_site-packages --> node_venv_lib_python3_12_site-packages_PyQt6["PyQt6"]\n    node_venv_lib_python3_12_site-packages_PyQt6 --> node_venv_lib_python3_12_site-packages_PyQt6_Qt6["Qt6"]\n    node_venv_lib_python3_12_site-packages_PyQt6_Qt6 --> node_venv_lib_python3_12_site-packages_PyQt6_Qt6_qml["qml"]\n    node_venv_lib_python3_12_site-packages_PyQt6_Qt6_qml --> node_venv_lib_python3_12_site-packages_PyQt6_Qt6_qml_QtQuick["QtQuick"]\n    node_venv_lib_python3_12_site-packages_PyQt6_Qt6_qml_QtQuick --> node_venv_lib_python3_12_site-packages_PyQt6_Qt6_qml_QtQuick_Controls["Controls"]\n    node_venv_lib_python3_12_site-packages_PyQt6_Qt6_qml_QtQuick_Controls --> node_venv_lib_python3_12_site-packages_PyQt6_Qt6_qml_QtQuick_Controls_Fusion["Fusion"]\n    node_venv_lib_python3_12_site-packages_PyQt6_Qt6_qml_QtQuick_Controls_Fusion --> node_venv_lib_python3_12_site-packages_PyQt6_Qt6_qml_QtQuick_Controls_Fusion_MenuBarItem_qml["MenuBarItem.qml"]\n    Root --> node_venv["venv"]\n    node_venv --> node_venv_lib["lib"]\n    node_venv_lib --> node_venv_lib_python3_12["python3.12"]\n    node_venv_lib_python3_12 --> node_venv_lib_python3_12_site-packages["site-packages"]\n    node_venv_lib_python3_12_site-packages --> node_venv_lib_python3_12_site-packages_PyQt6["PyQt6"]\n    node_venv_lib_python3_12_site-packages_PyQt6 --> node_venv_lib_python3_12_site-packages_PyQt6_Qt6["Qt6"]\n    node_venv_lib_python3_12_site-packages_PyQt6_Qt6 --> node_venv_lib_python3_12_site-packages_PyQt6_Qt6_qml["qml"]\n    node_venv_lib_python3_12_site-packages_PyQt6_Qt6_qml --> node_venv_lib_python3_12_site-packages_PyQt6_Qt6_qml_QtQuick["QtQuick"]\n    node_venv_lib_python3_12_site-packages_PyQt6_Qt6_qml_QtQuick --> node_venv_lib_python3_12_site-packages_PyQt6_Qt6_qml_QtQuick_Controls["Controls"]\n    node_venv_lib_python3_12_site-packages_PyQt6_Qt6_qml_QtQuick_Controls --> node_venv_lib_python3_12_site-packages_PyQt6_Qt6_qml_QtQuick_Controls_Fusion["Fusion"]\n    node_venv_lib_python3_12_site-packages_PyQt6_Qt6_qml_QtQuick_Controls_Fusion --> node_venv_lib_python3_12_site-packages_PyQt6_Qt6_qml_QtQuick_Controls_Fusion_MenuItem_qml["MenuItem.qml"]\n    Root --> node_venv["venv"]\n    node_venv --> node_venv_lib["lib"]\n    node_venv_lib --> node_venv_lib_python3_12["python3.12"]\n    node_venv_lib_python3_12 --> node_venv_lib_python3_12_site-packages["site-packages"]\n    node_venv_lib_python3_12_site-packages --> node_venv_lib_python3_12_site-packages_PyQt6["PyQt6"]\n    node_venv_lib_python3_12_site-packages_PyQt6 --> node_venv_lib_python3_12_site-packages_PyQt6_Qt6["Qt6"]\n    node_venv_lib_python3_12_site-packages_PyQt6_Qt6 --> node_venv_lib_python3_12_site-packages_PyQt6_Qt6_qml["qml"]\n    node_venv_lib_python3_12_site-packages_PyQt6_Qt6_qml --> node_venv_lib_python3_12_site-packages_PyQt6_Qt6_qml_QtQuick["QtQuick"]\n    node_venv_lib_python3_12_site-packages_PyQt6_Qt6_qml_QtQuick --> node_venv_lib_python3_12_site-packages_PyQt6_Qt6_qml_QtQuick_Controls["Controls"]\n    node_venv_lib_python3_12_site-packages_PyQt6_Qt6_qml_QtQuick_Controls --> node_venv_lib_python3_12_site-packages_PyQt6_Qt6_qml_QtQuick_Controls_Fusion["Fusion"]\n    node_venv_lib_python3_12_site-packages_PyQt6_Qt6_qml_QtQuick_Controls_Fusion --> node_venv_lib_python3_12_site-packages_PyQt6_Qt6_qml_QtQuick_Controls_Fusion_MenuSeparator_qml["MenuSeparator.qml"]\n    Root --> node_venv["venv"]\n    node_venv --> node_venv_lib["lib"]\n    node_venv_lib --> node_venv_lib_python3_12["python3.12"]\n    node_venv_lib_python3_12 --> node_venv_lib_python3_12_site-packages["site-packages"]\n    node_venv_lib_python3_12_site-packages --> node_venv_lib_python3_12_site-packages_PyQt6["PyQt6"]\n    node_venv_lib_python3_12_site-packages_PyQt6 --> node_venv_lib_python3_12_site-packages_PyQt6_Qt6["Qt6"]\n    node_venv_lib_python3_12_site-packages_PyQt6_Qt6 --> node_venv_lib_python3_12_site-packages_PyQt6_Qt6_qml["qml"]\n    node_venv_lib_python3_12_site-packages_PyQt6_Qt6_qml --> node_venv_lib_python3_12_site-packages_PyQt6_Qt6_qml_QtQuick["QtQuick"]\n    node_venv_lib_python3_12_site-packages_PyQt6_Qt6_qml_QtQuick --> node_venv_lib_python3_12_site-packages_PyQt6_Qt6_qml_QtQuick_Controls["Controls"]\n    node_venv_lib_python3_12_site-packages_PyQt6_Qt6_qml_QtQuick_Controls --> node_venv_lib_python3_12_site-packages_PyQt6_Qt6_qml_QtQuick_Controls_Fusion["Fusion"]\n    node_venv_lib_python3_12_site-packages_PyQt6_Qt6_qml_QtQuick_Controls_Fusion --> node_venv_lib_python3_12_site-packages_PyQt6_Qt6_qml_QtQuick_Controls_Fusion_Page_qml["Page.qml"]\n    Root --> node_venv["venv"]\n    node_venv --> node_venv_lib["lib"]\n    node_venv_lib --> node_venv_lib_python3_12["python3.12"]\n    node_venv_lib_python3_12 --> node_venv_lib_python3_12_site-packages["site-packages"]\n    node_venv_lib_python3_12_site-packages --> node_venv_lib_python3_12_site-packages_PyQt6["PyQt6"]\n    node_venv_lib_python3_12_site-packages_PyQt6 --> node_venv_lib_python3_12_site-packages_PyQt6_Qt6["Qt6"]\n    node_venv_lib_python3_12_site-packages_PyQt6_Qt6 --> node_venv_lib_python3_12_site-packages_PyQt6_Qt6_qml["qml"]\n    node_venv_lib_python3_12_site-packages_PyQt6_Qt6_qml --> node_venv_lib_python3_12_site-packages_PyQt6_Qt6_qml_QtQuick["QtQuick"]\n    node_venv_lib_python3_12_site-packages_PyQt6_Qt6_qml_QtQuick --> node_venv_lib_python3_12_site-packages_PyQt6_Qt6_qml_QtQuick_Controls["Controls"]\n    node_venv_lib_python3_12_site-packages_PyQt6_Qt6_qml_QtQuick_Controls --> node_venv_lib_python3_12_site-packages_PyQt6_Qt6_qml_QtQuick_Controls_Fusion["Fusion"]\n    node_venv_lib_python3_12_site-packages_PyQt6_Qt6_qml_QtQuick_Controls_Fusion --> node_venv_lib_python3_12_site-packages_PyQt6_Qt6_qml_QtQuick_Controls_Fusion_PageIndicator_qml["PageIndicator.qml"]\n    Root --> node_venv["venv"]\n    node_venv --> node_venv_lib["lib"]\n    node_venv_lib --> node_venv_lib_python3_12["python3.12"]\n    node_venv_lib_python3_12 --> node_venv_lib_python3_12_site-packages["site-packages"]\n    node_venv_lib_python3_12_site-packages --> node_venv_lib_python3_12_site-packages_PyQt6["PyQt6"]\n    node_venv_lib_python3_12_site-packages_PyQt6 --> node_venv_lib_python3_12_site-packages_PyQt6_Qt6["Qt6"]\n    node_venv_lib_python3_12_site-packages_PyQt6_Qt6 --> node_venv_lib_python3_12_site-packages_PyQt6_Qt6_qml["qml"]\n    node_venv_lib_python3_12_site-packages_PyQt6_Qt6_qml --> node_venv_lib_python3_12_site-packages_PyQt6_Qt6_qml_QtQuick["QtQuick"]\n    node_venv_lib_python3_12_site-packages_PyQt6_Qt6_qml_QtQuick --> node_venv_lib_python3_12_site-packages_PyQt6_Qt6_qml_QtQuick_Controls["Controls"]\n    node_venv_lib_python3_12_site-packages_PyQt6_Qt6_qml_QtQuick_Controls --> node_venv_lib_python3_12_site-packages_PyQt6_Qt6_qml_QtQuick_Controls_Fusion["Fusion"]\n    node_venv_lib_python3_12_site-packages_PyQt6_Qt6_qml_QtQuick_Controls_Fusion --> node_venv_lib_python3_12_site-packages_PyQt6_Qt6_qml_QtQuick_Controls_Fusion_Pane_qml["Pane.qml"]\n    Root --> node_venv["venv"]\n    node_venv --> node_venv_lib["lib"]\n    node_venv_lib --> node_venv_lib_python3_12["python3.12"]\n    node_venv_lib_python3_12 --> node_venv_lib_python3_12_site-packages["site-packages"]\n    node_venv_lib_python3_12_site-packages --> node_venv_lib_python3_12_site-packages_PyQt6["PyQt6"]\n    node_venv_lib_python3_12_site-packages_PyQt6 --> node_venv_lib_python3_12_site-packages_PyQt6_Qt6["Qt6"]\n    node_venv_lib_python3_12_site-packages_PyQt6_Qt6 --> node_venv_lib_python3_12_site-packages_PyQt6_Qt6_qml["qml"]\n    node_venv_lib_python3_12_site-packages_PyQt6_Qt6_qml --> node_venv_lib_python3_12_site-packages_PyQt6_Qt6_qml_QtQuick["QtQuick"]\n    node_venv_lib_python3_12_site-packages_PyQt6_Qt6_qml_QtQuick --> node_venv_lib_python3_12_site-packages_PyQt6_Qt6_qml_QtQuick_Controls["Controls"]\n    node_venv_lib_python3_12_site-packages_PyQt6_Qt6_qml_QtQuick_Controls --> node_venv_lib_python3_12_site-packages_PyQt6_Qt6_qml_QtQuick_Controls_Fusion["Fusion"]\n    node_venv_lib_python3_12_site-packages_PyQt6_Qt6_qml_QtQuick_Controls_Fusion --> node_venv_lib_python3_12_site-packages_PyQt6_Qt6_qml_QtQuick_Controls_Fusion_Popup_qml["Popup.qml"]\n    Root --> node_venv["venv"]\n    node_venv --> node_venv_lib["lib"]\n    node_venv_lib --> node_venv_lib_python3_12["python3.12"]\n    node_venv_lib_python3_12 --> node_venv_lib_python3_12_site-packages["site-packages"]\n    node_venv_lib_python3_12_site-packages --> node_venv_lib_python3_12_site-packages_PyQt6["PyQt6"]\n    node_venv_lib_python3_12_site-packages_PyQt6 --> node_venv_lib_python3_12_site-packages_PyQt6_Qt6["Qt6"]\n    node_venv_lib_python3_12_site-packages_PyQt6_Qt6 --> node_venv_lib_python3_12_site-packages_PyQt6_Qt6_qml["qml"]\n    node_venv_lib_python3_12_site-packages_PyQt6_Qt6_qml --> node_venv_lib_python3_12_site-packages_PyQt6_Qt6_qml_QtQuick["QtQuick"]\n    node_venv_lib_python3_12_site-packages_PyQt6_Qt6_qml_QtQuick --> node_venv_lib_python3_12_site-packages_PyQt6_Qt6_qml_QtQuick_Controls["Controls"]\n    node_venv_lib_python3_12_site-packages_PyQt6_Qt6_qml_QtQuick_Controls --> node_venv_lib_python3_12_site-packages_PyQt6_Qt6_qml_QtQuick_Controls_Fusion["Fusion"]\n    node_venv_lib_python3_12_site-packages_PyQt6_Qt6_qml_QtQuick_Controls_Fusion --> node_venv_lib_python3_12_site-packages_PyQt6_Qt6_qml_QtQuick_Controls_Fusion_ProgressBar_qml["ProgressBar.qml"]\n    Root --> node_venv["venv"]\n    node_venv --> node_venv_lib["lib"]\n    node_venv_lib --> node_venv_lib_python3_12["python3.12"]\n    node_venv_lib_python3_12 --> node_venv_lib_python3_12_site-packages["site-packages"]\n    node_venv_lib_python3_12_site-packages --> node_venv_lib_python3_12_site-packages_PyQt6["PyQt6"]\n    node_venv_lib_python3_12_site-packages_PyQt6 --> node_venv_lib_python3_12_site-packages_PyQt6_Qt6["Qt6"]\n    node_venv_lib_python3_12_site-packages_PyQt6_Qt6 --> node_venv_lib_python3_12_site-packages_PyQt6_Qt6_qml["qml"]\n    node_venv_lib_python3_12_site-packages_PyQt6_Qt6_qml --> node_venv_lib_python3_12_site-packages_PyQt6_Qt6_qml_QtQuick["QtQuick"]\n    node_venv_lib_python3_12_site-packages_PyQt6_Qt6_qml_QtQuick --> node_venv_lib_python3_12_site-packages_PyQt6_Qt6_qml_QtQuick_Controls["Controls"]\n    node_venv_lib_python3_12_site-packages_PyQt6_Qt6_qml_QtQuick_Controls --> node_venv_lib_python3_12_site-packages_PyQt6_Qt6_qml_QtQuick_Controls_Fusion["Fusion"]\n    node_venv_lib_python3_12_site-packages_PyQt6_Qt6_qml_QtQuick_Controls_Fusion --> node_venv_lib_python3_12_site-packages_PyQt6_Qt6_qml_QtQuick_Controls_Fusion_RadioButton_qml["RadioButton.qml"]\n    Root --> node_venv["venv"]\n    node_venv --> node_venv_lib["lib"]\n    node_venv_lib --> node_venv_lib_python3_12["python3.12"]\n    node_venv_lib_python3_12 --> node_venv_lib_python3_12_site-packages["site-packages"]\n    node_venv_lib_python3_12_site-packages --> node_venv_lib_python3_12_site-packages_PyQt6["PyQt6"]\n    node_venv_lib_python3_12_site-packages_PyQt6 --> node_venv_lib_python3_12_site-packages_PyQt6_Qt6["Qt6"]\n    node_venv_lib_python3_12_site-packages_PyQt6_Qt6 --> node_venv_lib_python3_12_site-packages_PyQt6_Qt6_qml["qml"]\n    node_venv_lib_python3_12_site-packages_PyQt6_Qt6_qml --> node_venv_lib_python3_12_site-packages_PyQt6_Qt6_qml_QtQuick["QtQuick"]\n    node_venv_lib_python3_12_site-packages_PyQt6_Qt6_qml_QtQuick --> node_venv_lib_python3_12_site-packages_PyQt6_Qt6_qml_QtQuick_Controls["Controls"]\n    node_venv_lib_python3_12_site-packages_PyQt6_Qt6_qml_QtQuick_Controls --> node_venv_lib_python3_12_site-packages_PyQt6_Qt6_qml_QtQuick_Controls_Fusion["Fusion"]\n    node_venv_lib_python3_12_site-packages_PyQt6_Qt6_qml_QtQuick_Controls_Fusion --> node_venv_lib_python3_12_site-packages_PyQt6_Qt6_qml_QtQuick_Controls_Fusion_RadioDelegate_qml["RadioDelegate.qml"]\n    Root --> node_venv["venv"]\n    node_venv --> node_venv_lib["lib"]\n    node_venv_lib --> node_venv_lib_python3_12["python3.12"]\n    node_venv_lib_python3_12 --> node_venv_lib_python3_12_site-packages["site-packages"]\n    node_venv_lib_python3_12_site-packages --> node_venv_lib_python3_12_site-packages_PyQt6["PyQt6"]\n    node_venv_lib_python3_12_site-packages_PyQt6 --> node_venv_lib_python3_12_site-packages_PyQt6_Qt6["Qt6"]\n    node_venv_lib_python3_12_site-packages_PyQt6_Qt6 --> node_venv_lib_python3_12_site-packages_PyQt6_Qt6_qml["qml"]\n    node_venv_lib_python3_12_site-packages_PyQt6_Qt6_qml --> node_venv_lib_python3_12_site-packages_PyQt6_Qt6_qml_QtQuick["QtQuick"]\n    node_venv_lib_python3_12_site-packages_PyQt6_Qt6_qml_QtQuick --> node_venv_lib_python3_12_site-packages_PyQt6_Qt6_qml_QtQuick_Controls["Controls"]\n    node_venv_lib_python3_12_site-packages_PyQt6_Qt6_qml_QtQuick_Controls --> node_venv_lib_python3_12_site-packages_PyQt6_Qt6_qml_QtQuick_Controls_Fusion["Fusion"]\n    node_venv_lib_python3_12_site-packages_PyQt6_Qt6_qml_QtQuick_Controls_Fusion --> node_venv_lib_python3_12_site-packages_PyQt6_Qt6_qml_QtQuick_Controls_Fusion_RangeSlider_qml["RangeSlider.qml"]\n    Root --> node_venv["venv"]\n    node_venv --> node_venv_lib["lib"]\n    node_venv_lib --> node_venv_lib_python3_12["python3.12"]\n    node_venv_lib_python3_12 --> node_venv_lib_python3_12_site-packages["site-packages"]\n    node_venv_lib_python3_12_site-packages --> node_venv_lib_python3_12_site-packages_PyQt6["PyQt6"]\n    node_venv_lib_python3_12_site-packages_PyQt6 --> node_venv_lib_python3_12_site-packages_PyQt6_Qt6["Qt6"]\n    node_venv_lib_python3_12_site-packages_PyQt6_Qt6 --> node_venv_lib_python3_12_site-packages_PyQt6_Qt6_qml["qml"]\n    node_venv_lib_python3_12_site-packages_PyQt6_Qt6_qml --> node_venv_lib_python3_12_site-packages_PyQt6_Qt6_qml_QtQuick["QtQuick"]\n    node_venv_lib_python3_12_site-packages_PyQt6_Qt6_qml_QtQuick --> node_venv_lib_python3_12_site-packages_PyQt6_Qt6_qml_QtQuick_Controls["Controls"]\n    node_venv_lib_python3_12_site-packages_PyQt6_Qt6_qml_QtQuick_Controls --> node_venv_lib_python3_12_site-packages_PyQt6_Qt6_qml_QtQuick_Controls_Fusion["Fusion"]\n    node_venv_lib_python3_12_site-packages_PyQt6_Qt6_qml_QtQuick_Controls_Fusion --> node_venv_lib_python3_12_site-packages_PyQt6_Qt6_qml_QtQuick_Controls_Fusion_RoundButton_qml["RoundButton.qml"]\n    Root --> node_venv["venv"]\n    node_venv --> node_venv_lib["lib"]\n    node_venv_lib --> node_venv_lib_python3_12["python3.12"]\n    node_venv_lib_python3_12 --> node_venv_lib_python3_12_site-packages["site-packages"]\n    node_venv_lib_python3_12_site-packages --> node_venv_lib_python3_12_site-packages_PyQt6["PyQt6"]\n    node_venv_lib_python3_12_site-packages_PyQt6 --> node_venv_lib_python3_12_site-packages_PyQt6_Qt6["Qt6"]\n    node_venv_lib_python3_12_site-packages_PyQt6_Qt6 --> node_venv_lib_python3_12_site-packages_PyQt6_Qt6_qml["qml"]\n    node_venv_lib_python3_12_site-packages_PyQt6_Qt6_qml --> node_venv_lib_python3_12_site-packages_PyQt6_Qt6_qml_QtQuick["QtQuick"]\n    node_venv_lib_python3_12_site-packages_PyQt6_Qt6_qml_QtQuick --> node_venv_lib_python3_12_site-packages_PyQt6_Qt6_qml_QtQuick_Controls["Controls"]\n    node_venv_lib_python3_12_site-packages_PyQt6_Qt6_qml_QtQuick_Controls --> node_venv_lib_python3_12_site-packages_PyQt6_Qt6_qml_QtQuick_Controls_Fusion["Fusion"]\n    node_venv_lib_python3_12_site-packages_PyQt6_Qt6_qml_QtQuick_Controls_Fusion --> node_venv_lib_python3_12_site-packages_PyQt6_Qt6_qml_QtQuick_Controls_Fusion_ScrollBar_qml["ScrollBar.qml"]\n    Root --> node_venv["venv"]\n    node_venv --> node_venv_lib["lib"]\n    node_venv_lib --> node_venv_lib_python3_12["python3.12"]\n    node_venv_lib_python3_12 --> node_venv_lib_python3_12_site-packages["site-packages"]\n    node_venv_lib_python3_12_site-packages --> node_venv_lib_python3_12_site-packages_PyQt6["PyQt6"]\n    node_venv_lib_python3_12_site-packages_PyQt6 --> node_venv_lib_python3_12_site-packages_PyQt6_Qt6["Qt6"]\n    node_venv_lib_python3_12_site-packages_PyQt6_Qt6 --> node_venv_lib_python3_12_site-packages_PyQt6_Qt6_qml["qml"]\n    node_venv_lib_python3_12_site-packages_PyQt6_Qt6_qml --> node_venv_lib_python3_12_site-packages_PyQt6_Qt6_qml_QtQuick["QtQuick"]\n    node_venv_lib_python3_12_site-packages_PyQt6_Qt6_qml_QtQuick --> node_venv_lib_python3_12_site-packages_PyQt6_Qt6_qml_QtQuick_Controls["Controls"]\n    node_venv_lib_python3_12_site-packages_PyQt6_Qt6_qml_QtQuick_Controls --> node_venv_lib_python3_12_site-packages_PyQt6_Qt6_qml_QtQuick_Controls_Fusion["Fusion"]\n    node_venv_lib_python3_12_site-packages_PyQt6_Qt6_qml_QtQuick_Controls_Fusion --> node_venv_lib_python3_12_site-packages_PyQt6_Qt6_qml_QtQuick_Controls_Fusion_ScrollIndicator_qml["ScrollIndicator.qml"]\n    Root --> node_venv["venv"]\n    node_venv --> node_venv_lib["lib"]\n    node_venv_lib --> node_venv_lib_python3_12["python3.12"]\n    node_venv_lib_python3_12 --> node_venv_lib_python3_12_site-packages["site-packages"]\n    node_venv_lib_python3_12_site-packages --> node_venv_lib_python3_12_site-packages_PyQt6["PyQt6"]\n    node_venv_lib_python3_12_site-packages_PyQt6 --> node_venv_lib_python3_12_site-packages_PyQt6_Qt6["Qt6"]\n    node_venv_lib_python3_12_site-packages_PyQt6_Qt6 --> node_venv_lib_python3_12_site-packages_PyQt6_Qt6_qml["qml"]\n    node_venv_lib_python3_12_site-packages_PyQt6_Qt6_qml --> node_venv_lib_python3_12_site-packages_PyQt6_Qt6_qml_QtQuick["QtQuick"]\n    node_venv_lib_python3_12_site-packages_PyQt6_Qt6_qml_QtQuick --> node_venv_lib_python3_12_site-packages_PyQt6_Qt6_qml_QtQuick_Controls["Controls"]\n    node_venv_lib_python3_12_site-packages_PyQt6_Qt6_qml_QtQuick_Controls --> node_venv_lib_python3_12_site-packages_PyQt6_Qt6_qml_QtQuick_Controls_Fusion["Fusion"]\n    node_venv_lib_python3_12_site-packages_PyQt6_Qt6_qml_QtQuick_Controls_Fusion --> node_venv_lib_python3_12_site-packages_PyQt6_Qt6_qml_QtQuick_Controls_Fusion_ScrollView_qml["ScrollView.qml"]\n    Root --> node_venv["venv"]\n    node_venv --> node_venv_lib["lib"]\n    node_venv_lib --> node_venv_lib_python3_12["python3.12"]\n    node_venv_lib_python3_12 --> node_venv_lib_python3_12_site-packages["site-packages"]\n    node_venv_lib_python3_12_site-packages --> node_venv_lib_python3_12_site-packages_PyQt6["PyQt6"]\n    node_venv_lib_python3_12_site-packages_PyQt6 --> node_venv_lib_python3_12_site-packages_PyQt6_Qt6["Qt6"]\n    node_venv_lib_python3_12_site-packages_PyQt6_Qt6 --> node_venv_lib_python3_12_site-packages_PyQt6_Qt6_qml["qml"]\n    node_venv_lib_python3_12_site-packages_PyQt6_Qt6_qml --> node_venv_lib_python3_12_site-packages_PyQt6_Qt6_qml_QtQuick["QtQuick"]\n    node_venv_lib_python3_12_site-packages_PyQt6_Qt6_qml_QtQuick --> node_venv_lib_python3_12_site-packages_PyQt6_Qt6_qml_QtQuick_Controls["Controls"]\n    node_venv_lib_python3_12_site-packages_PyQt6_Qt6_qml_QtQuick_Controls --> node_venv_lib_python3_12_site-packages_PyQt6_Qt6_qml_QtQuick_Controls_Fusion["Fusion"]\n    node_venv_lib_python3_12_site-packages_PyQt6_Qt6_qml_QtQuick_Controls_Fusion --> node_venv_lib_python3_12_site-packages_PyQt6_Qt6_qml_QtQuick_Controls_Fusion_SearchField_qml["SearchField.qml"]\n    Root --> node_venv["venv"]\n    node_venv --> node_venv_lib["lib"]\n    node_venv_lib --> node_venv_lib_python3_12["python3.12"]\n    node_venv_lib_python3_12 --> node_venv_lib_python3_12_site-packages["site-packages"]\n    node_venv_lib_python3_12_site-packages --> node_venv_lib_python3_12_site-packages_PyQt6["PyQt6"]\n    node_venv_lib_python3_12_site-packages_PyQt6 --> node_venv_lib_python3_12_site-packages_PyQt6_Qt6["Qt6"]\n    node_venv_lib_python3_12_site-packages_PyQt6_Qt6 --> node_venv_lib_python3_12_site-packages_PyQt6_Qt6_qml["qml"]\n    node_venv_lib_python3_12_site-packages_PyQt6_Qt6_qml --> node_venv_lib_python3_12_site-packages_PyQt6_Qt6_qml_QtQuick["QtQuick"]\n    node_venv_lib_python3_12_site-packages_PyQt6_Qt6_qml_QtQuick --> node_venv_lib_python3_12_site-packages_PyQt6_Qt6_qml_QtQuick_Controls["Controls"]\n    node_venv_lib_python3_12_site-packages_PyQt6_Qt6_qml_QtQuick_Controls --> node_venv_lib_python3_12_site-packages_PyQt6_Qt6_qml_QtQuick_Controls_Fusion["Fusion"]\n    node_venv_lib_python3_12_site-packages_PyQt6_Qt6_qml_QtQuick_Controls_Fusion --> node_venv_lib_python3_12_site-packages_PyQt6_Qt6_qml_QtQuick_Controls_Fusion_SelectionRectangle_qml["SelectionRectangle.qml"]\n    Root --> node_venv["venv"]\n    node_venv --> node_venv_lib["lib"]\n    node_venv_lib --> node_venv_lib_python3_12["python3.12"]\n    node_venv_lib_python3_12 --> node_venv_lib_python3_12_site-packages["site-packages"]\n    node_venv_lib_python3_12_site-packages --> node_venv_lib_python3_12_site-packages_PyQt6["PyQt6"]\n    node_venv_lib_python3_12_site-packages_PyQt6 --> node_venv_lib_python3_12_site-packages_PyQt6_Qt6["Qt6"]\n    node_venv_lib_python3_12_site-packages_PyQt6_Qt6 --> node_venv_lib_python3_12_site-packages_PyQt6_Qt6_qml["qml"]\n    node_venv_lib_python3_12_site-packages_PyQt6_Qt6_qml --> node_venv_lib_python3_12_site-packages_PyQt6_Qt6_qml_QtQuick["QtQuick"]\n    node_venv_lib_python3_12_site-packages_PyQt6_Qt6_qml_QtQuick --> node_venv_lib_python3_12_site-packages_PyQt6_Qt6_qml_QtQuick_Controls["Controls"]\n    node_venv_lib_python3_12_site-packages_PyQt6_Qt6_qml_QtQuick_Controls --> node_venv_lib_python3_12_site-packages_PyQt6_Qt6_qml_QtQuick_Controls_Fusion["Fusion"]\n    node_venv_lib_python3_12_site-packages_PyQt6_Qt6_qml_QtQuick_Controls_Fusion --> node_venv_lib_python3_12_site-packages_PyQt6_Qt6_qml_QtQuick_Controls_Fusion_Slider_qml["Slider.qml"]\n    Root --> node_venv["venv"]\n    node_venv --> node_venv_lib["lib"]\n    node_venv_lib --> node_venv_lib_python3_12["python3.12"]\n    node_venv_lib_python3_12 --> node_venv_lib_python3_12_site-packages["site-packages"]\n    node_venv_lib_python3_12_site-packages --> node_venv_lib_python3_12_site-packages_PyQt6["PyQt6"]\n    node_venv_lib_python3_12_site-packages_PyQt6 --> node_venv_lib_python3_12_site-packages_PyQt6_Qt6["Qt6"]\n    node_venv_lib_python3_12_site-packages_PyQt6_Qt6 --> node_venv_lib_python3_12_site-packages_PyQt6_Qt6_qml["qml"]\n    node_venv_lib_python3_12_site-packages_PyQt6_Qt6_qml --> node_venv_lib_python3_12_site-packages_PyQt6_Qt6_qml_QtQuick["QtQuick"]\n    node_venv_lib_python3_12_site-packages_PyQt6_Qt6_qml_QtQuick --> node_venv_lib_python3_12_site-packages_PyQt6_Qt6_qml_QtQuick_Controls["Controls"]\n    node_venv_lib_python3_12_site-packages_PyQt6_Qt6_qml_QtQuick_Controls --> node_venv_lib_python3_12_site-packages_PyQt6_Qt6_qml_QtQuick_Controls_Fusion["Fusion"]\n    node_venv_lib_python3_12_site-packages_PyQt6_Qt6_qml_QtQuick_Controls_Fusion --> node_venv_lib_python3_12_site-packages_PyQt6_Qt6_qml_QtQuick_Controls_Fusion_SpinBox_qml["SpinBox.qml"]\n    Root --> node_venv["venv"]\n    node_venv --> node_venv_lib["lib"]\n    node_venv_lib --> node_venv_lib_python3_12["python3.12"]\n    node_venv_lib_python3_12 --> node_venv_lib_python3_12_site-packages["site-packages"]\n    node_venv_lib_python3_12_site-packages --> node_venv_lib_python3_12_site-packages_PyQt6["PyQt6"]\n    node_venv_lib_python3_12_site-packages_PyQt6 --> node_venv_lib_python3_12_site-packages_PyQt6_Qt6["Qt6"]\n    node_venv_lib_python3_12_site-packages_PyQt6_Qt6 --> node_venv_lib_python3_12_site-packages_PyQt6_Qt6_qml["qml"]\n    node_venv_lib_python3_12_site-packages_PyQt6_Qt6_qml --> node_venv_lib_python3_12_site-packages_PyQt6_Qt6_qml_QtQuick["QtQuick"]\n    node_venv_lib_python3_12_site-packages_PyQt6_Qt6_qml_QtQuick --> node_venv_lib_python3_12_site-packages_PyQt6_Qt6_qml_QtQuick_Controls["Controls"]\n    node_venv_lib_python3_12_site-packages_PyQt6_Qt6_qml_QtQuick_Controls --> node_venv_lib_python3_12_site-packages_PyQt6_Qt6_qml_QtQuick_Controls_Fusion["Fusion"]\n    node_venv_lib_python3_12_site-packages_PyQt6_Qt6_qml_QtQuick_Controls_Fusion --> node_venv_lib_python3_12_site-packages_PyQt6_Qt6_qml_QtQuick_Controls_Fusion_SplitView_qml["SplitView.qml"]\n    Root --> node_venv["venv"]\n    node_venv --> node_venv_lib["lib"]\n    node_venv_lib --> node_venv_lib_python3_12["python3.12"]\n    node_venv_lib_python3_12 --> node_venv_lib_python3_12_site-packages["site-packages"]\n    node_venv_lib_python3_12_site-packages --> node_venv_lib_python3_12_site-packages_PyQt6["PyQt6"]\n    node_venv_lib_python3_12_site-packages_PyQt6 --> node_venv_lib_python3_12_site-packages_PyQt6_Qt6["Qt6"]\n    node_venv_lib_python3_12_site-packages_PyQt6_Qt6 --> node_venv_lib_python3_12_site-packages_PyQt6_Qt6_qml["qml"]\n    node_venv_lib_python3_12_site-packages_PyQt6_Qt6_qml --> node_venv_lib_python3_12_site-packages_PyQt6_Qt6_qml_QtQuick["QtQuick"]\n    node_venv_lib_python3_12_site-packages_PyQt6_Qt6_qml_QtQuick --> node_venv_lib_python3_12_site-packages_PyQt6_Qt6_qml_QtQuick_Controls["Controls"]\n    node_venv_lib_python3_12_site-packages_PyQt6_Qt6_qml_QtQuick_Controls --> node_venv_lib_python3_12_site-packages_PyQt6_Qt6_qml_QtQuick_Controls_Fusion["Fusion"]\n    node_venv_lib_python3_12_site-packages_PyQt6_Qt6_qml_QtQuick_Controls_Fusion --> node_venv_lib_python3_12_site-packages_PyQt6_Qt6_qml_QtQuick_Controls_Fusion_SwipeDelegate_qml["SwipeDelegate.qml"]\n    Root --> node_venv["venv"]\n    node_venv --> node_venv_lib["lib"]\n    node_venv_lib --> node_venv_lib_python3_12["python3.12"]\n    node_venv_lib_python3_12 --> node_venv_lib_python3_12_site-packages["site-packages"]\n    node_venv_lib_python3_12_site-packages --> node_venv_lib_python3_12_site-packages_PyQt6["PyQt6"]\n    node_venv_lib_python3_12_site-packages_PyQt6 --> node_venv_lib_python3_12_site-packages_PyQt6_Qt6["Qt6"]\n    node_venv_lib_python3_12_site-packages_PyQt6_Qt6 --> node_venv_lib_python3_12_site-packages_PyQt6_Qt6_qml["qml"]\n    node_venv_lib_python3_12_site-packages_PyQt6_Qt6_qml --> node_venv_lib_python3_12_site-packages_PyQt6_Qt6_qml_QtQuick["QtQuick"]\n    node_venv_lib_python3_12_site-packages_PyQt6_Qt6_qml_QtQuick --> node_venv_lib_python3_12_site-packages_PyQt6_Qt6_qml_QtQuick_Controls["Controls"]\n    node_venv_lib_python3_12_site-packages_PyQt6_Qt6_qml_QtQuick_Controls --> node_venv_lib_python3_12_site-packages_PyQt6_Qt6_qml_QtQuick_Controls_Fusion["Fusion"]\n    node_venv_lib_python3_12_site-packages_PyQt6_Qt6_qml_QtQuick_Controls_Fusion --> node_venv_lib_python3_12_site-packages_PyQt6_Qt6_qml_QtQuick_Controls_Fusion_Switch_qml["Switch.qml"]\n    Root --> node_venv["venv"]\n    node_venv --> node_venv_lib["lib"]\n    node_venv_lib --> node_venv_lib_python3_12["python3.12"]\n    node_venv_lib_python3_12 --> node_venv_lib_python3_12_site-packages["site-packages"]\n    node_venv_lib_python3_12_site-packages --> node_venv_lib_python3_12_site-packages_PyQt6["PyQt6"]\n    node_venv_lib_python3_12_site-packages_PyQt6 --> node_venv_lib_python3_12_site-packages_PyQt6_Qt6["Qt6"]\n    node_venv_lib_python3_12_site-packages_PyQt6_Qt6 --> node_venv_lib_python3_12_site-packages_PyQt6_Qt6_qml["qml"]\n    node_venv_lib_python3_12_site-packages_PyQt6_Qt6_qml --> node_venv_lib_python3_12_site-packages_PyQt6_Qt6_qml_QtQuick["QtQuick"]\n    node_venv_lib_python3_12_site-packages_PyQt6_Qt6_qml_QtQuick --> node_venv_lib_python3_12_site-packages_PyQt6_Qt6_qml_QtQuick_Controls["Controls"]\n    node_venv_lib_python3_12_site-packages_PyQt6_Qt6_qml_QtQuick_Controls --> node_venv_lib_python3_12_site-packages_PyQt6_Qt6_qml_QtQuick_Controls_Fusion["Fusion"]\n    node_venv_lib_python3_12_site-packages_PyQt6_Qt6_qml_QtQuick_Controls_Fusion --> node_venv_lib_python3_12_site-packages_PyQt6_Qt6_qml_QtQuick_Controls_Fusion_SwitchDelegate_qml["SwitchDelegate.qml"]\n    Root --> node_venv["venv"]\n    node_venv --> node_venv_lib["lib"]\n    node_venv_lib --> node_venv_lib_python3_12["python3.12"]\n    node_venv_lib_python3_12 --> node_venv_lib_python3_12_site-packages["site-packages"]\n    node_venv_lib_python3_12_site-packages --> node_venv_lib_python3_12_site-packages_PyQt6["PyQt6"]\n    node_venv_lib_python3_12_site-packages_PyQt6 --> node_venv_lib_python3_12_site-packages_PyQt6_Qt6["Qt6"]\n    node_venv_lib_python3_12_site-packages_PyQt6_Qt6 --> node_venv_lib_python3_12_site-packages_PyQt6_Qt6_qml["qml"]\n    node_venv_lib_python3_12_site-packages_PyQt6_Qt6_qml --> node_venv_lib_python3_12_site-packages_PyQt6_Qt6_qml_QtQuick["QtQuick"]\n    node_venv_lib_python3_12_site-packages_PyQt6_Qt6_qml_QtQuick --> node_venv_lib_python3_12_site-packages_PyQt6_Qt6_qml_QtQuick_Controls["Controls"]\n    node_venv_lib_python3_12_site-packages_PyQt6_Qt6_qml_QtQuick_Controls --> node_venv_lib_python3_12_site-packages_PyQt6_Qt6_qml_QtQuick_Controls_Fusion["Fusion"]\n    node_venv_lib_python3_12_site-packages_PyQt6_Qt6_qml_QtQuick_Controls_Fusion --> node_venv_lib_python3_12_site-packages_PyQt6_Qt6_qml_QtQuick_Controls_Fusion_TabBar_qml["TabBar.qml"]\n    Root --> node_venv["venv"]\n    node_venv --> node_venv_lib["lib"]\n    node_venv_lib --> node_venv_lib_python3_12["python3.12"]\n    node_venv_lib_python3_12 --> node_venv_lib_python3_12_site-packages["site-packages"]\n    node_venv_lib_python3_12_site-packages --> node_venv_lib_python3_12_site-packages_PyQt6["PyQt6"]\n    node_venv_lib_python3_12_site-packages_PyQt6 --> node_venv_lib_python3_12_site-packages_PyQt6_Qt6["Qt6"]\n    node_venv_lib_python3_12_site-packages_PyQt6_Qt6 --> node_venv_lib_python3_12_site-packages_PyQt6_Qt6_qml["qml"]\n    node_venv_lib_python3_12_site-packages_PyQt6_Qt6_qml --> node_venv_lib_python3_12_site-packages_PyQt6_Qt6_qml_QtQuick["QtQuick"]\n    node_venv_lib_python3_12_site-packages_PyQt6_Qt6_qml_QtQuick --> node_venv_lib_python3_12_site-packages_PyQt6_Qt6_qml_QtQuick_Controls["Controls"]\n    node_venv_lib_python3_12_site-packages_PyQt6_Qt6_qml_QtQuick_Controls --> node_venv_lib_python3_12_site-packages_PyQt6_Qt6_qml_QtQuick_Controls_Fusion["Fusion"]\n    node_venv_lib_python3_12_site-packages_PyQt6_Qt6_qml_QtQuick_Controls_Fusion --> node_venv_lib_python3_12_site-packages_PyQt6_Qt6_qml_QtQuick_Controls_Fusion_TabButton_qml["TabButton.qml"]\n    Root --> node_venv["venv"]\n    node_venv --> node_venv_lib["lib"]\n    node_venv_lib --> node_venv_lib_python3_12["python3.12"]\n    node_venv_lib_python3_12 --> node_venv_lib_python3_12_site-packages["site-packages"]\n    node_venv_lib_python3_12_site-packages --> node_venv_lib_python3_12_site-packages_PyQt6["PyQt6"]\n    node_venv_lib_python3_12_site-packages_PyQt6 --> node_venv_lib_python3_12_site-packages_PyQt6_Qt6["Qt6"]\n    node_venv_lib_python3_12_site-packages_PyQt6_Qt6 --> node_venv_lib_python3_12_site-packages_PyQt6_Qt6_qml["qml"]\n    node_venv_lib_python3_12_site-packages_PyQt6_Qt6_qml --> node_venv_lib_python3_12_site-packages_PyQt6_Qt6_qml_QtQuick["QtQuick"]\n    node_venv_lib_python3_12_site-packages_PyQt6_Qt6_qml_QtQuick --> node_venv_lib_python3_12_site-packages_PyQt6_Qt6_qml_QtQuick_Controls["Controls"]\n    node_venv_lib_python3_12_site-packages_PyQt6_Qt6_qml_QtQuick_Controls --> node_venv_lib_python3_12_site-packages_PyQt6_Qt6_qml_QtQuick_Controls_Fusion["Fusion"]\n    node_venv_lib_python3_12_site-packages_PyQt6_Qt6_qml_QtQuick_Controls_Fusion --> node_venv_lib_python3_12_site-packages_PyQt6_Qt6_qml_QtQuick_Controls_Fusion_TextArea_qml["TextArea.qml"]\n    Root --> node_venv["venv"]\n    node_venv --> node_venv_lib["lib"]\n    node_venv_lib --> node_venv_lib_python3_12["python3.12"]\n    node_venv_lib_python3_12 --> node_venv_lib_python3_12_site-packages["site-packages"]\n    node_venv_lib_python3_12_site-packages --> node_venv_lib_python3_12_site-packages_PyQt6["PyQt6"]\n    node_venv_lib_python3_12_site-packages_PyQt6 --> node_venv_lib_python3_12_site-packages_PyQt6_Qt6["Qt6"]\n    node_venv_lib_python3_12_site-packages_PyQt6_Qt6 --> node_venv_lib_python3_12_site-packages_PyQt6_Qt6_qml["qml"]\n    node_venv_lib_python3_12_site-packages_PyQt6_Qt6_qml --> node_venv_lib_python3_12_site-packages_PyQt6_Qt6_qml_QtQuick["QtQuick"]\n    node_venv_lib_python3_12_site-packages_PyQt6_Qt6_qml_QtQuick --> node_venv_lib_python3_12_site-packages_PyQt6_Qt6_qml_QtQuick_Controls["Controls"]\n    node_venv_lib_python3_12_site-packages_PyQt6_Qt6_qml_QtQuick_Controls --> node_venv_lib_python3_12_site-packages_PyQt6_Qt6_qml_QtQuick_Controls_Fusion["Fusion"]\n    node_venv_lib_python3_12_site-packages_PyQt6_Qt6_qml_QtQuick_Controls_Fusion --> node_venv_lib_python3_12_site-packages_PyQt6_Qt6_qml_QtQuick_Controls_Fusion_TextField_qml["TextField.qml"]\n    Root --> node_venv["venv"]\n    node_venv --> node_venv_lib["lib"]\n    node_venv_lib --> node_venv_lib_python3_12["python3.12"]\n    node_venv_lib_python3_12 --> node_venv_lib_python3_12_site-packages["site-packages"]\n    node_venv_lib_python3_12_site-packages --> node_venv_lib_python3_12_site-packages_PyQt6["PyQt6"]\n    node_venv_lib_python3_12_site-packages_PyQt6 --> node_venv_lib_python3_12_site-packages_PyQt6_Qt6["Qt6"]\n    node_venv_lib_python3_12_site-packages_PyQt6_Qt6 --> node_venv_lib_python3_12_site-packages_PyQt6_Qt6_qml["qml"]\n    node_venv_lib_python3_12_site-packages_PyQt6_Qt6_qml --> node_venv_lib_python3_12_site-packages_PyQt6_Qt6_qml_QtQuick["QtQuick"]\n    node_venv_lib_python3_12_site-packages_PyQt6_Qt6_qml_QtQuick --> node_venv_lib_python3_12_site-packages_PyQt6_Qt6_qml_QtQuick_Controls["Controls"]\n    node_venv_lib_python3_12_site-packages_PyQt6_Qt6_qml_QtQuick_Controls --> node_venv_lib_python3_12_site-packages_PyQt6_Qt6_qml_QtQuick_Controls_Fusion["Fusion"]\n    node_venv_lib_python3_12_site-packages_PyQt6_Qt6_qml_QtQuick_Controls_Fusion --> node_venv_lib_python3_12_site-packages_PyQt6_Qt6_qml_QtQuick_Controls_Fusion_ToolBar_qml["ToolBar.qml"]\n    Root --> node_venv["venv"]\n    node_venv --> node_venv_lib["lib"]\n    node_venv_lib --> node_venv_lib_python3_12["python3.12"]\n    node_venv_lib_python3_12 --> node_venv_lib_python3_12_site-packages["site-packages"]\n    node_venv_lib_python3_12_site-packages --> node_venv_lib_python3_12_site-packages_PyQt6["PyQt6"]\n    node_venv_lib_python3_12_site-packages_PyQt6 --> node_venv_lib_python3_12_site-packages_PyQt6_Qt6["Qt6"]\n    node_venv_lib_python3_12_site-packages_PyQt6_Qt6 --> node_venv_lib_python3_12_site-packages_PyQt6_Qt6_qml["qml"]\n    node_venv_lib_python3_12_site-packages_PyQt6_Qt6_qml --> node_venv_lib_python3_12_site-packages_PyQt6_Qt6_qml_QtQuick["QtQuick"]\n    node_venv_lib_python3_12_site-packages_PyQt6_Qt6_qml_QtQuick --> node_venv_lib_python3_12_site-packages_PyQt6_Qt6_qml_QtQuick_Controls["Controls"]\n    node_venv_lib_python3_12_site-packages_PyQt6_Qt6_qml_QtQuick_Controls --> node_venv_lib_python3_12_site-packages_PyQt6_Qt6_qml_QtQuick_Controls_Fusion["Fusion"]\n    node_venv_lib_python3_12_site-packages_PyQt6_Qt6_qml_QtQuick_Controls_Fusion --> node_venv_lib_python3_12_site-packages_PyQt6_Qt6_qml_QtQuick_Controls_Fusion_ToolButton_qml["ToolButton.qml"]\n    Root --> node_venv["venv"]\n    node_venv --> node_venv_lib["lib"]\n    node_venv_lib --> node_venv_lib_python3_12["python3.12"]\n    node_venv_lib_python3_12 --> node_venv_lib_python3_12_site-packages["site-packages"]\n    node_venv_lib_python3_12_site-packages --> node_venv_lib_python3_12_site-packages_PyQt6["PyQt6"]\n    node_venv_lib_python3_12_site-packages_PyQt6 --> node_venv_lib_python3_12_site-packages_PyQt6_Qt6["Qt6"]\n    node_venv_lib_python3_12_site-packages_PyQt6_Qt6 --> node_venv_lib_python3_12_site-packages_PyQt6_Qt6_qml["qml"]\n    node_venv_lib_python3_12_site-packages_PyQt6_Qt6_qml --> node_venv_lib_python3_12_site-packages_PyQt6_Qt6_qml_QtQuick["QtQuick"]\n    node_venv_lib_python3_12_site-packages_PyQt6_Qt6_qml_QtQuick --> node_venv_lib_python3_12_site-packages_PyQt6_Qt6_qml_QtQuick_Controls["Controls"]\n    node_venv_lib_python3_12_site-packages_PyQt6_Qt6_qml_QtQuick_Controls --> node_venv_lib_python3_12_site-packages_PyQt6_Qt6_qml_QtQuick_Controls_Fusion["Fusion"]\n    node_venv_lib_python3_12_site-packages_PyQt6_Qt6_qml_QtQuick_Controls_Fusion --> node_venv_lib_python3_12_site-packages_PyQt6_Qt6_qml_QtQuick_Controls_Fusion_ToolSeparator_qml["ToolSeparator.qml"]\n    Root --> node_venv["venv"]\n    node_venv --> node_venv_lib["lib"]\n    node_venv_lib --> node_venv_lib_python3_12["python3.12"]\n    node_venv_lib_python3_12 --> node_venv_lib_python3_12_site-packages["site-packages"]\n    node_venv_lib_python3_12_site-packages --> node_venv_lib_python3_12_site-packages_PyQt6["PyQt6"]\n    node_venv_lib_python3_12_site-packages_PyQt6 --> node_venv_lib_python3_12_site-packages_PyQt6_Qt6["Qt6"]\n    node_venv_lib_python3_12_site-packages_PyQt6_Qt6 --> node_venv_lib_python3_12_site-packages_PyQt6_Qt6_qml["qml"]\n    node_venv_lib_python3_12_site-packages_PyQt6_Qt6_qml --> node_venv_lib_python3_12_site-packages_PyQt6_Qt6_qml_QtQuick["QtQuick"]\n    node_venv_lib_python3_12_site-packages_PyQt6_Qt6_qml_QtQuick --> node_venv_lib_python3_12_site-packages_PyQt6_Qt6_qml_QtQuick_Controls["Controls"]\n    node_venv_lib_python3_12_site-packages_PyQt6_Qt6_qml_QtQuick_Controls --> node_venv_lib_python3_12_site-packages_PyQt6_Qt6_qml_QtQuick_Controls_Fusion["Fusion"]\n    node_venv_lib_python3_12_site-packages_PyQt6_Qt6_qml_QtQuick_Controls_Fusion --> node_venv_lib_python3_12_site-packages_PyQt6_Qt6_qml_QtQuick_Controls_Fusion_ToolTip_qml["ToolTip.qml"]\n    Root --> node_venv["venv"]\n    node_venv --> node_venv_lib["lib"]\n    node_venv_lib --> node_venv_lib_python3_12["python3.12"]\n    node_venv_lib_python3_12 --> node_venv_lib_python3_12_site-packages["site-packages"]\n    node_venv_lib_python3_12_site-packages --> node_venv_lib_python3_12_site-packages_PyQt6["PyQt6"]\n    node_venv_lib_python3_12_site-packages_PyQt6 --> node_venv_lib_python3_12_site-packages_PyQt6_Qt6["Qt6"]\n    node_venv_lib_python3_12_site-packages_PyQt6_Qt6 --> node_venv_lib_python3_12_site-packages_PyQt6_Qt6_qml["qml"]\n    node_venv_lib_python3_12_site-packages_PyQt6_Qt6_qml --> node_venv_lib_python3_12_site-packages_PyQt6_Qt6_qml_QtQuick["QtQuick"]\n    node_venv_lib_python3_12_site-packages_PyQt6_Qt6_qml_QtQuick --> node_venv_lib_python3_12_site-packages_PyQt6_Qt6_qml_QtQuick_Controls["Controls"]\n    node_venv_lib_python3_12_site-packages_PyQt6_Qt6_qml_QtQuick_Controls --> node_venv_lib_python3_12_site-packages_PyQt6_Qt6_qml_QtQuick_Controls_Fusion["Fusion"]\n    node_venv_lib_python3_12_site-packages_PyQt6_Qt6_qml_QtQuick_Controls_Fusion --> node_venv_lib_python3_12_site-packages_PyQt6_Qt6_qml_QtQuick_Controls_Fusion_TreeViewDelegate_qml["TreeViewDelegate.qml"]\n    Root --> node_venv["venv"]\n    node_venv --> node_venv_lib["lib"]\n    node_venv_lib --> node_venv_lib_python3_12["python3.12"]\n    node_venv_lib_python3_12 --> node_venv_lib_python3_12_site-packages["site-packages"]\n    node_venv_lib_python3_12_site-packages --> node_venv_lib_python3_12_site-packages_PyQt6["PyQt6"]\n    node_venv_lib_python3_12_site-packages_PyQt6 --> node_venv_lib_python3_12_site-packages_PyQt6_Qt6["Qt6"]\n    node_venv_lib_python3_12_site-packages_PyQt6_Qt6 --> node_venv_lib_python3_12_site-packages_PyQt6_Qt6_qml["qml"]\n    node_venv_lib_python3_12_site-packages_PyQt6_Qt6_qml --> node_venv_lib_python3_12_site-packages_PyQt6_Qt6_qml_QtQuick["QtQuick"]\n    node_venv_lib_python3_12_site-packages_PyQt6_Qt6_qml_QtQuick --> node_venv_lib_python3_12_site-packages_PyQt6_Qt6_qml_QtQuick_Controls["Controls"]\n    node_venv_lib_python3_12_site-packages_PyQt6_Qt6_qml_QtQuick_Controls --> node_venv_lib_python3_12_site-packages_PyQt6_Qt6_qml_QtQuick_Controls_Fusion["Fusion"]\n    node_venv_lib_python3_12_site-packages_PyQt6_Qt6_qml_QtQuick_Controls_Fusion --> node_venv_lib_python3_12_site-packages_PyQt6_Qt6_qml_QtQuick_Controls_Fusion_Tumbler_qml["Tumbler.qml"]\n    Root --> node_venv["venv"]\n    node_venv --> node_venv_lib["lib"]\n    node_venv_lib --> node_venv_lib_python3_12["python3.12"]\n    node_venv_lib_python3_12 --> node_venv_lib_python3_12_site-packages["site-packages"]\n    node_venv_lib_python3_12_site-packages --> node_venv_lib_python3_12_site-packages_PyQt6["PyQt6"]\n    node_venv_lib_python3_12_site-packages_PyQt6 --> node_venv_lib_python3_12_site-packages_PyQt6_Qt6["Qt6"]\n    node_venv_lib_python3_12_site-packages_PyQt6_Qt6 --> node_venv_lib_python3_12_site-packages_PyQt6_Qt6_qml["qml"]\n    node_venv_lib_python3_12_site-packages_PyQt6_Qt6_qml --> node_venv_lib_python3_12_site-packages_PyQt6_Qt6_qml_QtQuick["QtQuick"]\n    node_venv_lib_python3_12_site-packages_PyQt6_Qt6_qml_QtQuick --> node_venv_lib_python3_12_site-packages_PyQt6_Qt6_qml_QtQuick_Controls["Controls"]\n    node_venv_lib_python3_12_site-packages_PyQt6_Qt6_qml_QtQuick_Controls --> node_venv_lib_python3_12_site-packages_PyQt6_Qt6_qml_QtQuick_Controls_Fusion["Fusion"]\n    node_venv_lib_python3_12_site-packages_PyQt6_Qt6_qml_QtQuick_Controls_Fusion --> node_venv_lib_python3_12_site-packages_PyQt6_Qt6_qml_QtQuick_Controls_Fusion_VerticalHeaderView_qml["VerticalHeaderView.qml"]\n    Root --> node_venv["venv"]\n    node_venv --> node_venv_lib["lib"]\n    node_venv_lib --> node_venv_lib_python3_12["python3.12"]\n    node_venv_lib_python3_12 --> node_venv_lib_python3_12_site-packages["site-packages"]\n    node_venv_lib_python3_12_site-packages --> node_venv_lib_python3_12_site-packages_PyQt6["PyQt6"]\n    node_venv_lib_python3_12_site-packages_PyQt6 --> node_venv_lib_python3_12_site-packages_PyQt6_Qt6["Qt6"]\n    node_venv_lib_python3_12_site-packages_PyQt6_Qt6 --> node_venv_lib_python3_12_site-packages_PyQt6_Qt6_qml["qml"]\n    node_venv_lib_python3_12_site-packages_PyQt6_Qt6_qml --> node_venv_lib_python3_12_site-packages_PyQt6_Qt6_qml_QtQuick["QtQuick"]\n    node_venv_lib_python3_12_site-packages_PyQt6_Qt6_qml_QtQuick --> node_venv_lib_python3_12_site-packages_PyQt6_Qt6_qml_QtQuick_Controls["Controls"]\n    node_venv_lib_python3_12_site-packages_PyQt6_Qt6_qml_QtQuick_Controls --> node_venv_lib_python3_12_site-packages_PyQt6_Qt6_qml_QtQuick_Controls_Fusion["Fusion"]\n    node_venv_lib_python3_12_site-packages_PyQt6_Qt6_qml_QtQuick_Controls_Fusion --> node_venv_lib_python3_12_site-packages_PyQt6_Qt6_qml_QtQuick_Controls_Fusion_VerticalHeaderViewDelegate_qml["VerticalHeaderViewDelegate.qml"]\n    Root --> node_venv["venv"]\n    node_venv --> node_venv_lib["lib"]\n    node_venv_lib --> node_venv_lib_python3_12["python3.12"]\n    node_venv_lib_python3_12 --> node_venv_lib_python3_12_site-packages["site-packages"]\n    node_venv_lib_python3_12_site-packages --> node_venv_lib_python3_12_site-packages_PyQt6["PyQt6"]\n    node_venv_lib_python3_12_site-packages_PyQt6 --> node_venv_lib_python3_12_site-packages_PyQt6_Qt6["Qt6"]\n    node_venv_lib_python3_12_site-packages_PyQt6_Qt6 --> node_venv_lib_python3_12_site-packages_PyQt6_Qt6_qml["qml"]\n    node_venv_lib_python3_12_site-packages_PyQt6_Qt6_qml --> node_venv_lib_python3_12_site-packages_PyQt6_Qt6_qml_QtQuick["QtQuick"]\n    node_venv_lib_python3_12_site-packages_PyQt6_Qt6_qml_QtQuick --> node_venv_lib_python3_12_site-packages_PyQt6_Qt6_qml_QtQuick_Controls["Controls"]\n    node_venv_lib_python3_12_site-packages_PyQt6_Qt6_qml_QtQuick_Controls --> node_venv_lib_python3_12_site-packages_PyQt6_Qt6_qml_QtQuick_Controls_Fusion["Fusion"]\n    node_venv_lib_python3_12_site-packages_PyQt6_Qt6_qml_QtQuick_Controls_Fusion --> node_venv_lib_python3_12_site-packages_PyQt6_Qt6_qml_QtQuick_Controls_Fusion_libqtquickcontrols2fusionstyleplugin_dylib["libqtquickcontrols2fusionstyleplugin.dylib"]\n    Root --> node_venv["venv"]\n    node_venv --> node_venv_lib["lib"]\n    node_venv_lib --> node_venv_lib_python3_12["python3.12"]\n    node_venv_lib_python3_12 --> node_venv_lib_python3_12_site-packages["site-packages"]\n    node_venv_lib_python3_12_site-packages --> node_venv_lib_python3_12_site-packages_PyQt6["PyQt6"]\n    node_venv_lib_python3_12_site-packages_PyQt6 --> node_venv_lib_python3_12_site-packages_PyQt6_Qt6["Qt6"]\n    node_venv_lib_python3_12_site-packages_PyQt6_Qt6 --> node_venv_lib_python3_12_site-packages_PyQt6_Qt6_qml["qml"]\n    node_venv_lib_python3_12_site-packages_PyQt6_Qt6_qml --> node_venv_lib_python3_12_site-packages_PyQt6_Qt6_qml_QtQuick["QtQuick"]\n    node_venv_lib_python3_12_site-packages_PyQt6_Qt6_qml_QtQuick --> node_venv_lib_python3_12_site-packages_PyQt6_Qt6_qml_QtQuick_Controls["Controls"]\n    node_venv_lib_python3_12_site-packages_PyQt6_Qt6_qml_QtQuick_Controls --> node_venv_lib_python3_12_site-packages_PyQt6_Qt6_qml_QtQuick_Controls_Fusion["Fusion"]\n    node_venv_lib_python3_12_site-packages_PyQt6_Qt6_qml_QtQuick_Controls_Fusion --> node_venv_lib_python3_12_site-packages_PyQt6_Qt6_qml_QtQuick_Controls_Fusion_plugins_qmltypes["plugins.qmltypes"]\n    Root --> node_venv["venv"]\n    node_venv --> node_venv_lib["lib"]\n    node_venv_lib --> node_venv_lib_python3_12["python3.12"]\n    node_venv_lib_python3_12 --> node_venv_lib_python3_12_site-packages["site-packages"]\n    node_venv_lib_python3_12_site-packages --> node_venv_lib_python3_12_site-packages_PyQt6["PyQt6"]\n    node_venv_lib_python3_12_site-packages_PyQt6 --> node_venv_lib_python3_12_site-packages_PyQt6_Qt6["Qt6"]\n    node_venv_lib_python3_12_site-packages_PyQt6_Qt6 --> node_venv_lib_python3_12_site-packages_PyQt6_Qt6_qml["qml"]\n    node_venv_lib_python3_12_site-packages_PyQt6_Qt6_qml --> node_venv_lib_python3_12_site-packages_PyQt6_Qt6_qml_QtQuick["QtQuick"]\n    node_venv_lib_python3_12_site-packages_PyQt6_Qt6_qml_QtQuick --> node_venv_lib_python3_12_site-packages_PyQt6_Qt6_qml_QtQuick_Controls["Controls"]\n    node_venv_lib_python3_12_site-packages_PyQt6_Qt6_qml_QtQuick_Controls --> node_venv_lib_python3_12_site-packages_PyQt6_Qt6_qml_QtQuick_Controls_Fusion["Fusion"]\n    node_venv_lib_python3_12_site-packages_PyQt6_Qt6_qml_QtQuick_Controls_Fusion --> node_venv_lib_python3_12_site-packages_PyQt6_Qt6_qml_QtQuick_Controls_Fusion_qmldir["qmldir"]\n    Root --> node_venv["venv"]\n    node_venv --> node_venv_lib["lib"]\n    node_venv_lib --> node_venv_lib_python3_12["python3.12"]\n    node_venv_lib_python3_12 --> node_venv_lib_python3_12_site-packages["site-packages"]\n    node_venv_lib_python3_12_site-packages --> node_venv_lib_python3_12_site-packages_PyQt6["PyQt6"]\n    node_venv_lib_python3_12_site-packages_PyQt6 --> node_venv_lib_python3_12_site-packages_PyQt6_Qt6["Qt6"]\n    node_venv_lib_python3_12_site-packages_PyQt6_Qt6 --> node_venv_lib_python3_12_site-packages_PyQt6_Qt6_qml["qml"]\n    node_venv_lib_python3_12_site-packages_PyQt6_Qt6_qml --> node_venv_lib_python3_12_site-packages_PyQt6_Qt6_qml_QtQuick["QtQuick"]\n    node_venv_lib_python3_12_site-packages_PyQt6_Qt6_qml_QtQuick --> node_venv_lib_python3_12_site-packages_PyQt6_Qt6_qml_QtQuick_Controls["Controls"]\n    node_venv_lib_python3_12_site-packages_PyQt6_Qt6_qml_QtQuick_Controls --> node_venv_lib_python3_12_site-packages_PyQt6_Qt6_qml_QtQuick_Controls_Fusion["Fusion"]\n    node_venv_lib_python3_12_site-packages_PyQt6_Qt6_qml_QtQuick_Controls_Fusion --> node_venv_lib_python3_12_site-packages_PyQt6_Qt6_qml_QtQuick_Controls_Fusion_impl["impl"]\n    node_venv_lib_python3_12_site-packages_PyQt6_Qt6_qml_QtQuick_Controls_Fusion_impl --> node_venv_lib_python3_12_site-packages_PyQt6_Qt6_qml_QtQuick_Controls_Fusion_impl_ButtonPanel_qml["ButtonPanel.qml"]\n    Root --> node_venv["venv"]\n    node_venv --> node_venv_lib["lib"]\n    node_venv_lib --> node_venv_lib_python3_12["python3.12"]\n    node_venv_lib_python3_12 --> node_venv_lib_python3_12_site-packages["site-packages"]\n    node_venv_lib_python3_12_site-packages --> node_venv_lib_python3_12_site-packages_PyQt6["PyQt6"]\n    node_venv_lib_python3_12_site-packages_PyQt6 --> node_venv_lib_python3_12_site-packages_PyQt6_Qt6["Qt6"]\n    node_venv_lib_python3_12_site-packages_PyQt6_Qt6 --> node_venv_lib_python3_12_site-packages_PyQt6_Qt6_qml["qml"]\n    node_venv_lib_python3_12_site-packages_PyQt6_Qt6_qml --> node_venv_lib_python3_12_site-packages_PyQt6_Qt6_qml_QtQuick["QtQuick"]\n    node_venv_lib_python3_12_site-packages_PyQt6_Qt6_qml_QtQuick --> node_venv_lib_python3_12_site-packages_PyQt6_Qt6_qml_QtQuick_Controls["Controls"]\n    node_venv_lib_python3_12_site-packages_PyQt6_Qt6_qml_QtQuick_Controls --> node_venv_lib_python3_12_site-packages_PyQt6_Qt6_qml_QtQuick_Controls_Fusion["Fusion"]\n    node_venv_lib_python3_12_site-packages_PyQt6_Qt6_qml_QtQuick_Controls_Fusion --> node_venv_lib_python3_12_site-packages_PyQt6_Qt6_qml_QtQuick_Controls_Fusion_impl["impl"]\n    node_venv_lib_python3_12_site-packages_PyQt6_Qt6_qml_QtQuick_Controls_Fusion_impl --> node_venv_lib_python3_12_site-packages_PyQt6_Qt6_qml_QtQuick_Controls_Fusion_impl_CheckIndicator_qml["CheckIndicator.qml"]\n    Root --> node_venv["venv"]\n    node_venv --> node_venv_lib["lib"]\n    node_venv_lib --> node_venv_lib_python3_12["python3.12"]\n    node_venv_lib_python3_12 --> node_venv_lib_python3_12_site-packages["site-packages"]\n    node_venv_lib_python3_12_site-packages --> node_venv_lib_python3_12_site-packages_PyQt6["PyQt6"]\n    node_venv_lib_python3_12_site-packages_PyQt6 --> node_venv_lib_python3_12_site-packages_PyQt6_Qt6["Qt6"]\n    node_venv_lib_python3_12_site-packages_PyQt6_Qt6 --> node_venv_lib_python3_12_site-packages_PyQt6_Qt6_qml["qml"]\n    node_venv_lib_python3_12_site-packages_PyQt6_Qt6_qml --> node_venv_lib_python3_12_site-packages_PyQt6_Qt6_qml_QtQuick["QtQuick"]\n    node_venv_lib_python3_12_site-packages_PyQt6_Qt6_qml_QtQuick --> node_venv_lib_python3_12_site-packages_PyQt6_Qt6_qml_QtQuick_Controls["Controls"]\n    node_venv_lib_python3_12_site-packages_PyQt6_Qt6_qml_QtQuick_Controls --> node_venv_lib_python3_12_site-packages_PyQt6_Qt6_qml_QtQuick_Controls_Fusion["Fusion"]\n    node_venv_lib_python3_12_site-packages_PyQt6_Qt6_qml_QtQuick_Controls_Fusion --> node_venv_lib_python3_12_site-packages_PyQt6_Qt6_qml_QtQuick_Controls_Fusion_impl["impl"]\n    node_venv_lib_python3_12_site-packages_PyQt6_Qt6_qml_QtQuick_Controls_Fusion_impl --> node_venv_lib_python3_12_site-packages_PyQt6_Qt6_qml_QtQuick_Controls_Fusion_impl_RadioIndicator_qml["RadioIndicator.qml"]\n    Root --> node_venv["venv"]\n    node_venv --> node_venv_lib["lib"]\n    node_venv_lib --> node_venv_lib_python3_12["python3.12"]\n    node_venv_lib_python3_12 --> node_venv_lib_python3_12_site-packages["site-packages"]\n    node_venv_lib_python3_12_site-packages --> node_venv_lib_python3_12_site-packages_PyQt6["PyQt6"]\n    node_venv_lib_python3_12_site-packages_PyQt6 --> node_venv_lib_python3_12_site-packages_PyQt6_Qt6["Qt6"]\n    node_venv_lib_python3_12_site-packages_PyQt6_Qt6 --> node_venv_lib_python3_12_site-packages_PyQt6_Qt6_qml["qml"]\n    node_venv_lib_python3_12_site-packages_PyQt6_Qt6_qml --> node_venv_lib_python3_12_site-packages_PyQt6_Qt6_qml_QtQuick["QtQuick"]\n    node_venv_lib_python3_12_site-packages_PyQt6_Qt6_qml_QtQuick --> node_venv_lib_python3_12_site-packages_PyQt6_Qt6_qml_QtQuick_Controls["Controls"]\n    node_venv_lib_python3_12_site-packages_PyQt6_Qt6_qml_QtQuick_Controls --> node_venv_lib_python3_12_site-packages_PyQt6_Qt6_qml_QtQuick_Controls_Fusion["Fusion"]\n    node_venv_lib_python3_12_site-packages_PyQt6_Qt6_qml_QtQuick_Controls_Fusion --> node_venv_lib_python3_12_site-packages_PyQt6_Qt6_qml_QtQuick_Controls_Fusion_impl["impl"]\n    node_venv_lib_python3_12_site-packages_PyQt6_Qt6_qml_QtQuick_Controls_Fusion_impl --> node_venv_lib_python3_12_site-packages_PyQt6_Qt6_qml_QtQuick_Controls_Fusion_impl_SliderGroove_qml["SliderGroove.qml"]\n    Root --> node_venv["venv"]\n    node_venv --> node_venv_lib["lib"]\n    node_venv_lib --> node_venv_lib_python3_12["python3.12"]\n    node_venv_lib_python3_12 --> node_venv_lib_python3_12_site-packages["site-packages"]\n    node_venv_lib_python3_12_site-packages --> node_venv_lib_python3_12_site-packages_PyQt6["PyQt6"]\n    node_venv_lib_python3_12_site-packages_PyQt6 --> node_venv_lib_python3_12_site-packages_PyQt6_Qt6["Qt6"]\n    node_venv_lib_python3_12_site-packages_PyQt6_Qt6 --> node_venv_lib_python3_12_site-packages_PyQt6_Qt6_qml["qml"]\n    node_venv_lib_python3_12_site-packages_PyQt6_Qt6_qml --> node_venv_lib_python3_12_site-packages_PyQt6_Qt6_qml_QtQuick["QtQuick"]\n    node_venv_lib_python3_12_site-packages_PyQt6_Qt6_qml_QtQuick --> node_venv_lib_python3_12_site-packages_PyQt6_Qt6_qml_QtQuick_Controls["Controls"]\n    node_venv_lib_python3_12_site-packages_PyQt6_Qt6_qml_QtQuick_Controls --> node_venv_lib_python3_12_site-packages_PyQt6_Qt6_qml_QtQuick_Controls_Fusion["Fusion"]\n    node_venv_lib_python3_12_site-packages_PyQt6_Qt6_qml_QtQuick_Controls_Fusion --> node_venv_lib_python3_12_site-packages_PyQt6_Qt6_qml_QtQuick_Controls_Fusion_impl["impl"]\n    node_venv_lib_python3_12_site-packages_PyQt6_Qt6_qml_QtQuick_Controls_Fusion_impl --> node_venv_lib_python3_12_site-packages_PyQt6_Qt6_qml_QtQuick_Controls_Fusion_impl_SliderHandle_qml["SliderHandle.qml"]\n    Root --> node_venv["venv"]\n    node_venv --> node_venv_lib["lib"]\n    node_venv_lib --> node_venv_lib_python3_12["python3.12"]\n    node_venv_lib_python3_12 --> node_venv_lib_python3_12_site-packages["site-packages"]\n    node_venv_lib_python3_12_site-packages --> node_venv_lib_python3_12_site-packages_PyQt6["PyQt6"]\n    node_venv_lib_python3_12_site-packages_PyQt6 --> node_venv_lib_python3_12_site-packages_PyQt6_Qt6["Qt6"]\n    node_venv_lib_python3_12_site-packages_PyQt6_Qt6 --> node_venv_lib_python3_12_site-packages_PyQt6_Qt6_qml["qml"]\n    node_venv_lib_python3_12_site-packages_PyQt6_Qt6_qml --> node_venv_lib_python3_12_site-packages_PyQt6_Qt6_qml_QtQuick["QtQuick"]\n    node_venv_lib_python3_12_site-packages_PyQt6_Qt6_qml_QtQuick --> node_venv_lib_python3_12_site-packages_PyQt6_Qt6_qml_QtQuick_Controls["Controls"]\n    node_venv_lib_python3_12_site-packages_PyQt6_Qt6_qml_QtQuick_Controls --> node_venv_lib_python3_12_site-packages_PyQt6_Qt6_qml_QtQuick_Controls_Fusion["Fusion"]\n    node_venv_lib_python3_12_site-packages_PyQt6_Qt6_qml_QtQuick_Controls_Fusion --> node_venv_lib_python3_12_site-packages_PyQt6_Qt6_qml_QtQuick_Controls_Fusion_impl["impl"]\n    node_venv_lib_python3_12_site-packages_PyQt6_Qt6_qml_QtQuick_Controls_Fusion_impl --> node_venv_lib_python3_12_site-packages_PyQt6_Qt6_qml_QtQuick_Controls_Fusion_impl_SwitchIndicator_qml["SwitchIndicator.qml"]\n    Root --> node_venv["venv"]\n    node_venv --> node_venv_lib["lib"]\n    node_venv_lib --> node_venv_lib_python3_12["python3.12"]\n    node_venv_lib_python3_12 --> node_venv_lib_python3_12_site-packages["site-packages"]\n    node_venv_lib_python3_12_site-packages --> node_venv_lib_python3_12_site-packages_PyQt6["PyQt6"]\n    node_venv_lib_python3_12_site-packages_PyQt6 --> node_venv_lib_python3_12_site-packages_PyQt6_Qt6["Qt6"]\n    node_venv_lib_python3_12_site-packages_PyQt6_Qt6 --> node_venv_lib_python3_12_site-packages_PyQt6_Qt6_qml["qml"]\n    node_venv_lib_python3_12_site-packages_PyQt6_Qt6_qml --> node_venv_lib_python3_12_site-packages_PyQt6_Qt6_qml_QtQuick["QtQuick"]\n    node_venv_lib_python3_12_site-packages_PyQt6_Qt6_qml_QtQuick --> node_venv_lib_python3_12_site-packages_PyQt6_Qt6_qml_QtQuick_Controls["Controls"]\n    node_venv_lib_python3_12_site-packages_PyQt6_Qt6_qml_QtQuick_Controls --> node_venv_lib_python3_12_site-packages_PyQt6_Qt6_qml_QtQuick_Controls_Fusion["Fusion"]\n    node_venv_lib_python3_12_site-packages_PyQt6_Qt6_qml_QtQuick_Controls_Fusion --> node_venv_lib_python3_12_site-packages_PyQt6_Qt6_qml_QtQuick_Controls_Fusion_impl["impl"]\n    node_venv_lib_python3_12_site-packages_PyQt6_Qt6_qml_QtQuick_Controls_Fusion_impl --> node_venv_lib_python3_12_site-packages_PyQt6_Qt6_qml_QtQuick_Controls_Fusion_impl_TextFieldBackground_qml["TextFieldBackground.qml"]\n    Root --> node_venv["venv"]\n    node_venv --> node_venv_lib["lib"]\n    node_venv_lib --> node_venv_lib_python3_12["python3.12"]\n    node_venv_lib_python3_12 --> node_venv_lib_python3_12_site-packages["site-packages"]\n    node_venv_lib_python3_12_site-packages --> node_venv_lib_python3_12_site-packages_PyQt6["PyQt6"]\n    node_venv_lib_python3_12_site-packages_PyQt6 --> node_venv_lib_python3_12_site-packages_PyQt6_Qt6["Qt6"]\n    node_venv_lib_python3_12_site-packages_PyQt6_Qt6 --> node_venv_lib_python3_12_site-packages_PyQt6_Qt6_qml["qml"]\n    node_venv_lib_python3_12_site-packages_PyQt6_Qt6_qml --> node_venv_lib_python3_12_site-packages_PyQt6_Qt6_qml_QtQuick["QtQuick"]\n    node_venv_lib_python3_12_site-packages_PyQt6_Qt6_qml_QtQuick --> node_venv_lib_python3_12_site-packages_PyQt6_Qt6_qml_QtQuick_Controls["Controls"]\n    node_venv_lib_python3_12_site-packages_PyQt6_Qt6_qml_QtQuick_Controls --> node_venv_lib_python3_12_site-packages_PyQt6_Qt6_qml_QtQuick_Controls_Fusion["Fusion"]\n    node_venv_lib_python3_12_site-packages_PyQt6_Qt6_qml_QtQuick_Controls_Fusion --> node_venv_lib_python3_12_site-packages_PyQt6_Qt6_qml_QtQuick_Controls_Fusion_impl["impl"]\n    node_venv_lib_python3_12_site-packages_PyQt6_Qt6_qml_QtQuick_Controls_Fusion_impl --> node_venv_lib_python3_12_site-packages_PyQt6_Qt6_qml_QtQuick_Controls_Fusion_impl_libqtquickcontrols2fusionstyleimplplugin_dylib["libqtquickcontrols2fusionstyleimplplugin.dylib"]\n    Root --> node_venv["venv"]\n    node_venv --> node_venv_lib["lib"]\n    node_venv_lib --> node_venv_lib_python3_12["python3.12"]\n    node_venv_lib_python3_12 --> node_venv_lib_python3_12_site-packages["site-packages"]\n    node_venv_lib_python3_12_site-packages --> node_venv_lib_python3_12_site-packages_PyQt6["PyQt6"]\n    node_venv_lib_python3_12_site-packages_PyQt6 --> node_venv_lib_python3_12_site-packages_PyQt6_Qt6["Qt6"]\n    node_venv_lib_python3_12_site-packages_PyQt6_Qt6 --> node_venv_lib_python3_12_site-packages_PyQt6_Qt6_qml["qml"]\n    node_venv_lib_python3_12_site-packages_PyQt6_Qt6_qml --> node_venv_lib_python3_12_site-packages_PyQt6_Qt6_qml_QtQuick["QtQuick"]\n    node_venv_lib_python3_12_site-packages_PyQt6_Qt6_qml_QtQuick --> node_venv_lib_python3_12_site-packages_PyQt6_Qt6_qml_QtQuick_Controls["Controls"]\n    node_venv_lib_python3_12_site-packages_PyQt6_Qt6_qml_QtQuick_Controls --> node_venv_lib_python3_12_site-packages_PyQt6_Qt6_qml_QtQuick_Controls_Fusion["Fusion"]\n    node_venv_lib_python3_12_site-packages_PyQt6_Qt6_qml_QtQuick_Controls_Fusion --> node_venv_lib_python3_12_site-packages_PyQt6_Qt6_qml_QtQuick_Controls_Fusion_impl["impl"]\n    node_venv_lib_python3_12_site-packages_PyQt6_Qt6_qml_QtQuick_Controls_Fusion_impl --> node_venv_lib_python3_12_site-packages_PyQt6_Qt6_qml_QtQuick_Controls_Fusion_impl_plugins_qmltypes["plugins.qmltypes"]\n    Root --> node_venv["venv"]\n    node_venv --> node_venv_lib["lib"]\n    node_venv_lib --> node_venv_lib_python3_12["python3.12"]\n    node_venv_lib_python3_12 --> node_venv_lib_python3_12_site-packages["site-packages"]\n    node_venv_lib_python3_12_site-packages --> node_venv_lib_python3_12_site-packages_PyQt6["PyQt6"]\n    node_venv_lib_python3_12_site-packages_PyQt6 --> node_venv_lib_python3_12_site-packages_PyQt6_Qt6["Qt6"]\n    node_venv_lib_python3_12_site-packages_PyQt6_Qt6 --> node_venv_lib_python3_12_site-packages_PyQt6_Qt6_qml["qml"]\n    node_venv_lib_python3_12_site-packages_PyQt6_Qt6_qml --> node_venv_lib_python3_12_site-packages_PyQt6_Qt6_qml_QtQuick["QtQuick"]\n    node_venv_lib_python3_12_site-packages_PyQt6_Qt6_qml_QtQuick --> node_venv_lib_python3_12_site-packages_PyQt6_Qt6_qml_QtQuick_Controls["Controls"]\n    node_venv_lib_python3_12_site-packages_PyQt6_Qt6_qml_QtQuick_Controls --> node_venv_lib_python3_12_site-packages_PyQt6_Qt6_qml_QtQuick_Controls_Fusion["Fusion"]\n    node_venv_lib_python3_12_site-packages_PyQt6_Qt6_qml_QtQuick_Controls_Fusion --> node_venv_lib_python3_12_site-packages_PyQt6_Qt6_qml_QtQuick_Controls_Fusion_impl["impl"]\n    node_venv_lib_python3_12_site-packages_PyQt6_Qt6_qml_QtQuick_Controls_Fusion_impl --> node_venv_lib_python3_12_site-packages_PyQt6_Qt6_qml_QtQuick_Controls_Fusion_impl_qmldir["qmldir"]\n    Root --> node_venv["venv"]\n    node_venv --> node_venv_lib["lib"]\n    node_venv_lib --> node_venv_lib_python3_12["python3.12"]\n    node_venv_lib_python3_12 --> node_venv_lib_python3_12_site-packages["site-packages"]\n    node_venv_lib_python3_12_site-packages --> node_venv_lib_python3_12_site-packages_PyQt6["PyQt6"]\n    node_venv_lib_python3_12_site-packages_PyQt6 --> node_venv_lib_python3_12_site-packages_PyQt6_Qt6["Qt6"]\n    node_venv_lib_python3_12_site-packages_PyQt6_Qt6 --> node_venv_lib_python3_12_site-packages_PyQt6_Qt6_qml["qml"]\n    node_venv_lib_python3_12_site-packages_PyQt6_Qt6_qml --> node_venv_lib_python3_12_site-packages_PyQt6_Qt6_qml_QtQuick["QtQuick"]\n    node_venv_lib_python3_12_site-packages_PyQt6_Qt6_qml_QtQuick --> node_venv_lib_python3_12_site-packages_PyQt6_Qt6_qml_QtQuick_Controls["Controls"]\n    node_venv_lib_python3_12_site-packages_PyQt6_Qt6_qml_QtQuick_Controls --> node_venv_lib_python3_12_site-packages_PyQt6_Qt6_qml_QtQuick_Controls_impl["impl"]\n    node_venv_lib_python3_12_site-packages_PyQt6_Qt6_qml_QtQuick_Controls_impl --> node_venv_lib_python3_12_site-packages_PyQt6_Qt6_qml_QtQuick_Controls_impl_libqtquickcontrols2implplugin_dylib["libqtquickcontrols2implplugin.dylib"]\n    Root --> node_venv["venv"]\n    node_venv --> node_venv_lib["lib"]\n    node_venv_lib --> node_venv_lib_python3_12["python3.12"]\n    node_venv_lib_python3_12 --> node_venv_lib_python3_12_site-packages["site-packages"]\n    node_venv_lib_python3_12_site-packages --> node_venv_lib_python3_12_site-packages_PyQt6["PyQt6"]\n    node_venv_lib_python3_12_site-packages_PyQt6 --> node_venv_lib_python3_12_site-packages_PyQt6_Qt6["Qt6"]\n    node_venv_lib_python3_12_site-packages_PyQt6_Qt6 --> node_venv_lib_python3_12_site-packages_PyQt6_Qt6_qml["qml"]\n    node_venv_lib_python3_12_site-packages_PyQt6_Qt6_qml --> node_venv_lib_python3_12_site-packages_PyQt6_Qt6_qml_QtQuick["QtQuick"]\n    node_venv_lib_python3_12_site-packages_PyQt6_Qt6_qml_QtQuick --> node_venv_lib_python3_12_site-packages_PyQt6_Qt6_qml_QtQuick_Controls["Controls"]\n    node_venv_lib_python3_12_site-packages_PyQt6_Qt6_qml_QtQuick_Controls --> node_venv_lib_python3_12_site-packages_PyQt6_Qt6_qml_QtQuick_Controls_impl["impl"]\n    node_venv_lib_python3_12_site-packages_PyQt6_Qt6_qml_QtQuick_Controls_impl --> node_venv_lib_python3_12_site-packages_PyQt6_Qt6_qml_QtQuick_Controls_impl_plugins_qmltypes["plugins.qmltypes"]\n    Root --> node_venv["venv"]\n    node_venv --> node_venv_lib["lib"]\n    node_venv_lib --> node_venv_lib_python3_12["python3.12"]\n    node_venv_lib_python3_12 --> node_venv_lib_python3_12_site-packages["site-packages"]\n    node_venv_lib_python3_12_site-packages --> node_venv_lib_python3_12_site-packages_PyQt6["PyQt6"]\n    node_venv_lib_python3_12_site-packages_PyQt6 --> node_venv_lib_python3_12_site-packages_PyQt6_Qt6["Qt6"]\n    node_venv_lib_python3_12_site-packages_PyQt6_Qt6 --> node_venv_lib_python3_12_site-packages_PyQt6_Qt6_qml["qml"]\n    node_venv_lib_python3_12_site-packages_PyQt6_Qt6_qml --> node_venv_lib_python3_12_site-packages_PyQt6_Qt6_qml_QtQuick["QtQuick"]\n    node_venv_lib_python3_12_site-packages_PyQt6_Qt6_qml_QtQuick --> node_venv_lib_python3_12_site-packages_PyQt6_Qt6_qml_QtQuick_Controls["Controls"]\n    node_venv_lib_python3_12_site-packages_PyQt6_Qt6_qml_QtQuick_Controls --> node_venv_lib_python3_12_site-packages_PyQt6_Qt6_qml_QtQuick_Controls_impl["impl"]\n    node_venv_lib_python3_12_site-packages_PyQt6_Qt6_qml_QtQuick_Controls_impl --> node_venv_lib_python3_12_site-packages_PyQt6_Qt6_qml_QtQuick_Controls_impl_qmldir["qmldir"]\n    Root --> node_venv["venv"]\n    node_venv --> node_venv_lib["lib"]\n    node_venv_lib --> node_venv_lib_python3_12["python3.12"]\n    node_venv_lib_python3_12 --> node_venv_lib_python3_12_site-packages["site-packages"]\n    node_venv_lib_python3_12_site-packages --> node_venv_lib_python3_12_site-packages_PyQt6["PyQt6"]\n    node_venv_lib_python3_12_site-packages_PyQt6 --> node_venv_lib_python3_12_site-packages_PyQt6_Qt6["Qt6"]\n    node_venv_lib_python3_12_site-packages_PyQt6_Qt6 --> node_venv_lib_python3_12_site-packages_PyQt6_Qt6_qml["qml"]\n    node_venv_lib_python3_12_site-packages_PyQt6_Qt6_qml --> node_venv_lib_python3_12_site-packages_PyQt6_Qt6_qml_QtQuick["QtQuick"]\n    node_venv_lib_python3_12_site-packages_PyQt6_Qt6_qml_QtQuick --> node_venv_lib_python3_12_site-packages_PyQt6_Qt6_qml_QtQuick_Controls["Controls"]\n    node_venv_lib_python3_12_site-packages_PyQt6_Qt6_qml_QtQuick_Controls --> node_venv_lib_python3_12_site-packages_PyQt6_Qt6_qml_QtQuick_Controls_FluentWinUI3["FluentWinUI3"]\n    node_venv_lib_python3_12_site-packages_PyQt6_Qt6_qml_QtQuick_Controls_FluentWinUI3 --> node_venv_lib_python3_12_site-packages_PyQt6_Qt6_qml_QtQuick_Controls_FluentWinUI3_ApplicationWindow_qml["ApplicationWindow.qml"]\n    Root --> node_venv["venv"]\n    node_venv --> node_venv_lib["lib"]\n    node_venv_lib --> node_venv_lib_python3_12["python3.12"]\n    node_venv_lib_python3_12 --> node_venv_lib_python3_12_site-packages["site-packages"]\n    node_venv_lib_python3_12_site-packages --> node_venv_lib_python3_12_site-packages_PyQt6["PyQt6"]\n    node_venv_lib_python3_12_site-packages_PyQt6 --> node_venv_lib_python3_12_site-packages_PyQt6_Qt6["Qt6"]\n    node_venv_lib_python3_12_site-packages_PyQt6_Qt6 --> node_venv_lib_python3_12_site-packages_PyQt6_Qt6_qml["qml"]\n    node_venv_lib_python3_12_site-packages_PyQt6_Qt6_qml --> node_venv_lib_python3_12_site-packages_PyQt6_Qt6_qml_QtQuick["QtQuick"]\n    node_venv_lib_python3_12_site-packages_PyQt6_Qt6_qml_QtQuick --> node_venv_lib_python3_12_site-packages_PyQt6_Qt6_qml_QtQuick_Controls["Controls"]\n    node_venv_lib_python3_12_site-packages_PyQt6_Qt6_qml_QtQuick_Controls --> node_venv_lib_python3_12_site-packages_PyQt6_Qt6_qml_QtQuick_Controls_FluentWinUI3["FluentWinUI3"]\n    node_venv_lib_python3_12_site-packages_PyQt6_Qt6_qml_QtQuick_Controls_FluentWinUI3 --> node_venv_lib_python3_12_site-packages_PyQt6_Qt6_qml_QtQuick_Controls_FluentWinUI3_BusyIndicator_qml["BusyIndicator.qml"]\n    Root --> node_venv["venv"]\n    node_venv --> node_venv_lib["lib"]\n    node_venv_lib --> node_venv_lib_python3_12["python3.12"]\n    node_venv_lib_python3_12 --> node_venv_lib_python3_12_site-packages["site-packages"]\n    node_venv_lib_python3_12_site-packages --> node_venv_lib_python3_12_site-packages_PyQt6["PyQt6"]\n    node_venv_lib_python3_12_site-packages_PyQt6 --> node_venv_lib_python3_12_site-packages_PyQt6_Qt6["Qt6"]\n    node_venv_lib_python3_12_site-packages_PyQt6_Qt6 --> node_venv_lib_python3_12_site-packages_PyQt6_Qt6_qml["qml"]\n    node_venv_lib_python3_12_site-packages_PyQt6_Qt6_qml --> node_venv_lib_python3_12_site-packages_PyQt6_Qt6_qml_QtQuick["QtQuick"]\n    node_venv_lib_python3_12_site-packages_PyQt6_Qt6_qml_QtQuick --> node_venv_lib_python3_12_site-packages_PyQt6_Qt6_qml_QtQuick_Controls["Controls"]\n    node_venv_lib_python3_12_site-packages_PyQt6_Qt6_qml_QtQuick_Controls --> node_venv_lib_python3_12_site-packages_PyQt6_Qt6_qml_QtQuick_Controls_FluentWinUI3["FluentWinUI3"]\n    node_venv_lib_python3_12_site-packages_PyQt6_Qt6_qml_QtQuick_Controls_FluentWinUI3 --> node_venv_lib_python3_12_site-packages_PyQt6_Qt6_qml_QtQuick_Controls_FluentWinUI3_Button_qml["Button.qml"]\n    Root --> node_venv["venv"]\n    node_venv --> node_venv_lib["lib"]\n    node_venv_lib --> node_venv_lib_python3_12["python3.12"]\n    node_venv_lib_python3_12 --> node_venv_lib_python3_12_site-packages["site-packages"]\n    node_venv_lib_python3_12_site-packages --> node_venv_lib_python3_12_site-packages_PyQt6["PyQt6"]\n    node_venv_lib_python3_12_site-packages_PyQt6 --> node_venv_lib_python3_12_site-packages_PyQt6_Qt6["Qt6"]\n    node_venv_lib_python3_12_site-packages_PyQt6_Qt6 --> node_venv_lib_python3_12_site-packages_PyQt6_Qt6_qml["qml"]\n    node_venv_lib_python3_12_site-packages_PyQt6_Qt6_qml --> node_venv_lib_python3_12_site-packages_PyQt6_Qt6_qml_QtQuick["QtQuick"]\n    node_venv_lib_python3_12_site-packages_PyQt6_Qt6_qml_QtQuick --> node_venv_lib_python3_12_site-packages_PyQt6_Qt6_qml_QtQuick_Controls["Controls"]\n    node_venv_lib_python3_12_site-packages_PyQt6_Qt6_qml_QtQuick_Controls --> node_venv_lib_python3_12_site-packages_PyQt6_Qt6_qml_QtQuick_Controls_FluentWinUI3["FluentWinUI3"]\n    node_venv_lib_python3_12_site-packages_PyQt6_Qt6_qml_QtQuick_Controls_FluentWinUI3 --> node_venv_lib_python3_12_site-packages_PyQt6_Qt6_qml_QtQuick_Controls_FluentWinUI3_CheckBox_qml["CheckBox.qml"]\n    Root --> node_venv["venv"]\n    node_venv --> node_venv_lib["lib"]\n    node_venv_lib --> node_venv_lib_python3_12["python3.12"]\n    node_venv_lib_python3_12 --> node_venv_lib_python3_12_site-packages["site-packages"]\n    node_venv_lib_python3_12_site-packages --> node_venv_lib_python3_12_site-packages_PyQt6["PyQt6"]\n    node_venv_lib_python3_12_site-packages_PyQt6 --> node_venv_lib_python3_12_site-packages_PyQt6_Qt6["Qt6"]\n    node_venv_lib_python3_12_site-packages_PyQt6_Qt6 --> node_venv_lib_python3_12_site-packages_PyQt6_Qt6_qml["qml"]\n    node_venv_lib_python3_12_site-packages_PyQt6_Qt6_qml --> node_venv_lib_python3_12_site-packages_PyQt6_Qt6_qml_QtQuick["QtQuick"]\n    node_venv_lib_python3_12_site-packages_PyQt6_Qt6_qml_QtQuick --> node_venv_lib_python3_12_site-packages_PyQt6_Qt6_qml_QtQuick_Controls["Controls"]\n    node_venv_lib_python3_12_site-packages_PyQt6_Qt6_qml_QtQuick_Controls --> node_venv_lib_python3_12_site-packages_PyQt6_Qt6_qml_QtQuick_Controls_FluentWinUI3["FluentWinUI3"]\n    node_venv_lib_python3_12_site-packages_PyQt6_Qt6_qml_QtQuick_Controls_FluentWinUI3 --> node_venv_lib_python3_12_site-packages_PyQt6_Qt6_qml_QtQuick_Controls_FluentWinUI3_CheckDelegate_qml["CheckDelegate.qml"]\n    Root --> node_venv["venv"]\n    node_venv --> node_venv_lib["lib"]\n    node_venv_lib --> node_venv_lib_python3_12["python3.12"]\n    node_venv_lib_python3_12 --> node_venv_lib_python3_12_site-packages["site-packages"]\n    node_venv_lib_python3_12_site-packages --> node_venv_lib_python3_12_site-packages_PyQt6["PyQt6"]\n    node_venv_lib_python3_12_site-packages_PyQt6 --> node_venv_lib_python3_12_site-packages_PyQt6_Qt6["Qt6"]\n    node_venv_lib_python3_12_site-packages_PyQt6_Qt6 --> node_venv_lib_python3_12_site-packages_PyQt6_Qt6_qml["qml"]\n    node_venv_lib_python3_12_site-packages_PyQt6_Qt6_qml --> node_venv_lib_python3_12_site-packages_PyQt6_Qt6_qml_QtQuick["QtQuick"]\n    node_venv_lib_python3_12_site-packages_PyQt6_Qt6_qml_QtQuick --> node_venv_lib_python3_12_site-packages_PyQt6_Qt6_qml_QtQuick_Controls["Controls"]\n    node_venv_lib_python3_12_site-packages_PyQt6_Qt6_qml_QtQuick_Controls --> node_venv_lib_python3_12_site-packages_PyQt6_Qt6_qml_QtQuick_Controls_FluentWinUI3["FluentWinUI3"]\n    node_venv_lib_python3_12_site-packages_PyQt6_Qt6_qml_QtQuick_Controls_FluentWinUI3 --> node_venv_lib_python3_12_site-packages_PyQt6_Qt6_qml_QtQuick_Controls_FluentWinUI3_ComboBox_qml["ComboBox.qml"]\n    Root --> node_venv["venv"]\n    node_venv --> node_venv_lib["lib"]\n    node_venv_lib --> node_venv_lib_python3_12["python3.12"]\n    node_venv_lib_python3_12 --> node_venv_lib_python3_12_site-packages["site-packages"]\n    node_venv_lib_python3_12_site-packages --> node_venv_lib_python3_12_site-packages_PyQt6["PyQt6"]\n    node_venv_lib_python3_12_site-packages_PyQt6 --> node_venv_lib_python3_12_site-packages_PyQt6_Qt6["Qt6"]\n    node_venv_lib_python3_12_site-packages_PyQt6_Qt6 --> node_venv_lib_python3_12_site-packages_PyQt6_Qt6_qml["qml"]\n    node_venv_lib_python3_12_site-packages_PyQt6_Qt6_qml --> node_venv_lib_python3_12_site-packages_PyQt6_Qt6_qml_QtQuick["QtQuick"]\n    node_venv_lib_python3_12_site-packages_PyQt6_Qt6_qml_QtQuick --> node_venv_lib_python3_12_site-packages_PyQt6_Qt6_qml_QtQuick_Controls["Controls"]\n    node_venv_lib_python3_12_site-packages_PyQt6_Qt6_qml_QtQuick_Controls --> node_venv_lib_python3_12_site-packages_PyQt6_Qt6_qml_QtQuick_Controls_FluentWinUI3["FluentWinUI3"]\n    node_venv_lib_python3_12_site-packages_PyQt6_Qt6_qml_QtQuick_Controls_FluentWinUI3 --> node_venv_lib_python3_12_site-packages_PyQt6_Qt6_qml_QtQuick_Controls_FluentWinUI3_Config_qml["Config.qml"]\n    Root --> node_venv["venv"]\n    node_venv --> node_venv_lib["lib"]\n    node_venv_lib --> node_venv_lib_python3_12["python3.12"]\n    node_venv_lib_python3_12 --> node_venv_lib_python3_12_site-packages["site-packages"]\n    node_venv_lib_python3_12_site-packages --> node_venv_lib_python3_12_site-packages_PyQt6["PyQt6"]\n    node_venv_lib_python3_12_site-packages_PyQt6 --> node_venv_lib_python3_12_site-packages_PyQt6_Qt6["Qt6"]\n    node_venv_lib_python3_12_site-packages_PyQt6_Qt6 --> node_venv_lib_python3_12_site-packages_PyQt6_Qt6_qml["qml"]\n    node_venv_lib_python3_12_site-packages_PyQt6_Qt6_qml --> node_venv_lib_python3_12_site-packages_PyQt6_Qt6_qml_QtQuick["QtQuick"]\n    node_venv_lib_python3_12_site-packages_PyQt6_Qt6_qml_QtQuick --> node_venv_lib_python3_12_site-packages_PyQt6_Qt6_qml_QtQuick_Controls["Controls"]\n    node_venv_lib_python3_12_site-packages_PyQt6_Qt6_qml_QtQuick_Controls --> node_venv_lib_python3_12_site-packages_PyQt6_Qt6_qml_QtQuick_Controls_FluentWinUI3["FluentWinUI3"]\n    node_venv_lib_python3_12_site-packages_PyQt6_Qt6_qml_QtQuick_Controls_FluentWinUI3 --> node_venv_lib_python3_12_site-packages_PyQt6_Qt6_qml_QtQuick_Controls_FluentWinUI3_DelayButton_qml["DelayButton.qml"]\n    Root --> node_venv["venv"]\n    node_venv --> node_venv_lib["lib"]\n    node_venv_lib --> node_venv_lib_python3_12["python3.12"]\n    node_venv_lib_python3_12 --> node_venv_lib_python3_12_site-packages["site-packages"]\n    node_venv_lib_python3_12_site-packages --> node_venv_lib_python3_12_site-packages_PyQt6["PyQt6"]\n    node_venv_lib_python3_12_site-packages_PyQt6 --> node_venv_lib_python3_12_site-packages_PyQt6_Qt6["Qt6"]\n    node_venv_lib_python3_12_site-packages_PyQt6_Qt6 --> node_venv_lib_python3_12_site-packages_PyQt6_Qt6_qml["qml"]\n    node_venv_lib_python3_12_site-packages_PyQt6_Qt6_qml --> node_venv_lib_python3_12_site-packages_PyQt6_Qt6_qml_QtQuick["QtQuick"]\n    node_venv_lib_python3_12_site-packages_PyQt6_Qt6_qml_QtQuick --> node_venv_lib_python3_12_site-packages_PyQt6_Qt6_qml_QtQuick_Controls["Controls"]\n    node_venv_lib_python3_12_site-packages_PyQt6_Qt6_qml_QtQuick_Controls --> node_venv_lib_python3_12_site-packages_PyQt6_Qt6_qml_QtQuick_Controls_FluentWinUI3["FluentWinUI3"]\n    node_venv_lib_python3_12_site-packages_PyQt6_Qt6_qml_QtQuick_Controls_FluentWinUI3 --> node_venv_lib_python3_12_site-packages_PyQt6_Qt6_qml_QtQuick_Controls_FluentWinUI3_Dialog_qml["Dialog.qml"]\n    Root --> node_venv["venv"]\n    node_venv --> node_venv_lib["lib"]\n    node_venv_lib --> node_venv_lib_python3_12["python3.12"]\n    node_venv_lib_python3_12 --> node_venv_lib_python3_12_site-packages["site-packages"]\n    node_venv_lib_python3_12_site-packages --> node_venv_lib_python3_12_site-packages_PyQt6["PyQt6"]\n    node_venv_lib_python3_12_site-packages_PyQt6 --> node_venv_lib_python3_12_site-packages_PyQt6_Qt6["Qt6"]\n    node_venv_lib_python3_12_site-packages_PyQt6_Qt6 --> node_venv_lib_python3_12_site-packages_PyQt6_Qt6_qml["qml"]\n    node_venv_lib_python3_12_site-packages_PyQt6_Qt6_qml --> node_venv_lib_python3_12_site-packages_PyQt6_Qt6_qml_QtQuick["QtQuick"]\n    node_venv_lib_python3_12_site-packages_PyQt6_Qt6_qml_QtQuick --> node_venv_lib_python3_12_site-packages_PyQt6_Qt6_qml_QtQuick_Controls["Controls"]\n    node_venv_lib_python3_12_site-packages_PyQt6_Qt6_qml_QtQuick_Controls --> node_venv_lib_python3_12_site-packages_PyQt6_Qt6_qml_QtQuick_Controls_FluentWinUI3["FluentWinUI3"]\n    node_venv_lib_python3_12_site-packages_PyQt6_Qt6_qml_QtQuick_Controls_FluentWinUI3 --> node_venv_lib_python3_12_site-packages_PyQt6_Qt6_qml_QtQuick_Controls_FluentWinUI3_DialogButtonBox_qml["DialogButtonBox.qml"]\n    Root --> node_venv["venv"]\n    node_venv --> node_venv_lib["lib"]\n    node_venv_lib --> node_venv_lib_python3_12["python3.12"]\n    node_venv_lib_python3_12 --> node_venv_lib_python3_12_site-packages["site-packages"]\n    node_venv_lib_python3_12_site-packages --> node_venv_lib_python3_12_site-packages_PyQt6["PyQt6"]\n    node_venv_lib_python3_12_site-packages_PyQt6 --> node_venv_lib_python3_12_site-packages_PyQt6_Qt6["Qt6"]\n    node_venv_lib_python3_12_site-packages_PyQt6_Qt6 --> node_venv_lib_python3_12_site-packages_PyQt6_Qt6_qml["qml"]\n    node_venv_lib_python3_12_site-packages_PyQt6_Qt6_qml --> node_venv_lib_python3_12_site-packages_PyQt6_Qt6_qml_QtQuick["QtQuick"]\n    node_venv_lib_python3_12_site-packages_PyQt6_Qt6_qml_QtQuick --> node_venv_lib_python3_12_site-packages_PyQt6_Qt6_qml_QtQuick_Controls["Controls"]\n    node_venv_lib_python3_12_site-packages_PyQt6_Qt6_qml_QtQuick_Controls --> node_venv_lib_python3_12_site-packages_PyQt6_Qt6_qml_QtQuick_Controls_FluentWinUI3["FluentWinUI3"]\n    node_venv_lib_python3_12_site-packages_PyQt6_Qt6_qml_QtQuick_Controls_FluentWinUI3 --> node_venv_lib_python3_12_site-packages_PyQt6_Qt6_qml_QtQuick_Controls_FluentWinUI3_FocusFrame_qml["FocusFrame.qml"]\n    Root --> node_venv["venv"]\n    node_venv --> node_venv_lib["lib"]\n    node_venv_lib --> node_venv_lib_python3_12["python3.12"]\n    node_venv_lib_python3_12 --> node_venv_lib_python3_12_site-packages["site-packages"]\n    node_venv_lib_python3_12_site-packages --> node_venv_lib_python3_12_site-packages_PyQt6["PyQt6"]\n    node_venv_lib_python3_12_site-packages_PyQt6 --> node_venv_lib_python3_12_site-packages_PyQt6_Qt6["Qt6"]\n    node_venv_lib_python3_12_site-packages_PyQt6_Qt6 --> node_venv_lib_python3_12_site-packages_PyQt6_Qt6_qml["qml"]\n    node_venv_lib_python3_12_site-packages_PyQt6_Qt6_qml --> node_venv_lib_python3_12_site-packages_PyQt6_Qt6_qml_QtQuick["QtQuick"]\n    node_venv_lib_python3_12_site-packages_PyQt6_Qt6_qml_QtQuick --> node_venv_lib_python3_12_site-packages_PyQt6_Qt6_qml_QtQuick_Controls["Controls"]\n    node_venv_lib_python3_12_site-packages_PyQt6_Qt6_qml_QtQuick_Controls --> node_venv_lib_python3_12_site-packages_PyQt6_Qt6_qml_QtQuick_Controls_FluentWinUI3["FluentWinUI3"]\n    node_venv_lib_python3_12_site-packages_PyQt6_Qt6_qml_QtQuick_Controls_FluentWinUI3 --> node_venv_lib_python3_12_site-packages_PyQt6_Qt6_qml_QtQuick_Controls_FluentWinUI3_Frame_qml["Frame.qml"]\n    Root --> node_venv["venv"]\n    node_venv --> node_venv_lib["lib"]\n    node_venv_lib --> node_venv_lib_python3_12["python3.12"]\n    node_venv_lib_python3_12 --> node_venv_lib_python3_12_site-packages["site-packages"]\n    node_venv_lib_python3_12_site-packages --> node_venv_lib_python3_12_site-packages_PyQt6["PyQt6"]\n    node_venv_lib_python3_12_site-packages_PyQt6 --> node_venv_lib_python3_12_site-packages_PyQt6_Qt6["Qt6"]\n    node_venv_lib_python3_12_site-packages_PyQt6_Qt6 --> node_venv_lib_python3_12_site-packages_PyQt6_Qt6_qml["qml"]\n    node_venv_lib_python3_12_site-packages_PyQt6_Qt6_qml --> node_venv_lib_python3_12_site-packages_PyQt6_Qt6_qml_QtQuick["QtQuick"]\n    node_venv_lib_python3_12_site-packages_PyQt6_Qt6_qml_QtQuick --> node_venv_lib_python3_12_site-packages_PyQt6_Qt6_qml_QtQuick_Controls["Controls"]\n    node_venv_lib_python3_12_site-packages_PyQt6_Qt6_qml_QtQuick_Controls --> node_venv_lib_python3_12_site-packages_PyQt6_Qt6_qml_QtQuick_Controls_FluentWinUI3["FluentWinUI3"]\n    node_venv_lib_python3_12_site-packages_PyQt6_Qt6_qml_QtQuick_Controls_FluentWinUI3 --> node_venv_lib_python3_12_site-packages_PyQt6_Qt6_qml_QtQuick_Controls_FluentWinUI3_GroupBox_qml["GroupBox.qml"]\n    Root --> node_venv["venv"]\n    node_venv --> node_venv_lib["lib"]\n    node_venv_lib --> node_venv_lib_python3_12["python3.12"]\n    node_venv_lib_python3_12 --> node_venv_lib_python3_12_site-packages["site-packages"]\n    node_venv_lib_python3_12_site-packages --> node_venv_lib_python3_12_site-packages_PyQt6["PyQt6"]\n    node_venv_lib_python3_12_site-packages_PyQt6 --> node_venv_lib_python3_12_site-packages_PyQt6_Qt6["Qt6"]\n    node_venv_lib_python3_12_site-packages_PyQt6_Qt6 --> node_venv_lib_python3_12_site-packages_PyQt6_Qt6_qml["qml"]\n    node_venv_lib_python3_12_site-packages_PyQt6_Qt6_qml --> node_venv_lib_python3_12_site-packages_PyQt6_Qt6_qml_QtQuick["QtQuick"]\n    node_venv_lib_python3_12_site-packages_PyQt6_Qt6_qml_QtQuick --> node_venv_lib_python3_12_site-packages_PyQt6_Qt6_qml_QtQuick_Controls["Controls"]\n    node_venv_lib_python3_12_site-packages_PyQt6_Qt6_qml_QtQuick_Controls --> node_venv_lib_python3_12_site-packages_PyQt6_Qt6_qml_QtQuick_Controls_FluentWinUI3["FluentWinUI3"]\n    node_venv_lib_python3_12_site-packages_PyQt6_Qt6_qml_QtQuick_Controls_FluentWinUI3 --> node_venv_lib_python3_12_site-packages_PyQt6_Qt6_qml_QtQuick_Controls_FluentWinUI3_ItemDelegate_qml["ItemDelegate.qml"]\n    Root --> node_venv["venv"]\n    node_venv --> node_venv_lib["lib"]\n    node_venv_lib --> node_venv_lib_python3_12["python3.12"]\n    node_venv_lib_python3_12 --> node_venv_lib_python3_12_site-packages["site-packages"]\n    node_venv_lib_python3_12_site-packages --> node_venv_lib_python3_12_site-packages_PyQt6["PyQt6"]\n    node_venv_lib_python3_12_site-packages_PyQt6 --> node_venv_lib_python3_12_site-packages_PyQt6_Qt6["Qt6"]\n    node_venv_lib_python3_12_site-packages_PyQt6_Qt6 --> node_venv_lib_python3_12_site-packages_PyQt6_Qt6_qml["qml"]\n    node_venv_lib_python3_12_site-packages_PyQt6_Qt6_qml --> node_venv_lib_python3_12_site-packages_PyQt6_Qt6_qml_QtQuick["QtQuick"]\n    node_venv_lib_python3_12_site-packages_PyQt6_Qt6_qml_QtQuick --> node_venv_lib_python3_12_site-packages_PyQt6_Qt6_qml_QtQuick_Controls["Controls"]\n    node_venv_lib_python3_12_site-packages_PyQt6_Qt6_qml_QtQuick_Controls --> node_venv_lib_python3_12_site-packages_PyQt6_Qt6_qml_QtQuick_Controls_FluentWinUI3["FluentWinUI3"]\n    node_venv_lib_python3_12_site-packages_PyQt6_Qt6_qml_QtQuick_Controls_FluentWinUI3 --> node_venv_lib_python3_12_site-packages_PyQt6_Qt6_qml_QtQuick_Controls_FluentWinUI3_Menu_qml["Menu.qml"]\n    Root --> node_venv["venv"]\n    node_venv --> node_venv_lib["lib"]\n    node_venv_lib --> node_venv_lib_python3_12["python3.12"]\n    node_venv_lib_python3_12 --> node_venv_lib_python3_12_site-packages["site-packages"]\n    node_venv_lib_python3_12_site-packages --> node_venv_lib_python3_12_site-packages_PyQt6["PyQt6"]\n    node_venv_lib_python3_12_site-packages_PyQt6 --> node_venv_lib_python3_12_site-packages_PyQt6_Qt6["Qt6"]\n    node_venv_lib_python3_12_site-packages_PyQt6_Qt6 --> node_venv_lib_python3_12_site-packages_PyQt6_Qt6_qml["qml"]\n    node_venv_lib_python3_12_site-packages_PyQt6_Qt6_qml --> node_venv_lib_python3_12_site-packages_PyQt6_Qt6_qml_QtQuick["QtQuick"]\n    node_venv_lib_python3_12_site-packages_PyQt6_Qt6_qml_QtQuick --> node_venv_lib_python3_12_site-packages_PyQt6_Qt6_qml_QtQuick_Controls["Controls"]\n    node_venv_lib_python3_12_site-packages_PyQt6_Qt6_qml_QtQuick_Controls --> node_venv_lib_python3_12_site-packages_PyQt6_Qt6_qml_QtQuick_Controls_FluentWinUI3["FluentWinUI3"]\n    node_venv_lib_python3_12_site-packages_PyQt6_Qt6_qml_QtQuick_Controls_FluentWinUI3 --> node_venv_lib_python3_12_site-packages_PyQt6_Qt6_qml_QtQuick_Controls_FluentWinUI3_MenuBar_qml["MenuBar.qml"]\n    Root --> node_venv["venv"]\n    node_venv --> node_venv_lib["lib"]\n    node_venv_lib --> node_venv_lib_python3_12["python3.12"]\n    node_venv_lib_python3_12 --> node_venv_lib_python3_12_site-packages["site-packages"]\n    node_venv_lib_python3_12_site-packages --> node_venv_lib_python3_12_site-packages_PyQt6["PyQt6"]\n    node_venv_lib_python3_12_site-packages_PyQt6 --> node_venv_lib_python3_12_site-packages_PyQt6_Qt6["Qt6"]\n    node_venv_lib_python3_12_site-packages_PyQt6_Qt6 --> node_venv_lib_python3_12_site-packages_PyQt6_Qt6_qml["qml"]\n    node_venv_lib_python3_12_site-packages_PyQt6_Qt6_qml --> node_venv_lib_python3_12_site-packages_PyQt6_Qt6_qml_QtQuick["QtQuick"]\n    node_venv_lib_python3_12_site-packages_PyQt6_Qt6_qml_QtQuick --> node_venv_lib_python3_12_site-packages_PyQt6_Qt6_qml_QtQuick_Controls["Controls"]\n    node_venv_lib_python3_12_site-packages_PyQt6_Qt6_qml_QtQuick_Controls --> node_venv_lib_python3_12_site-packages_PyQt6_Qt6_qml_QtQuick_Controls_FluentWinUI3["FluentWinUI3"]\n    node_venv_lib_python3_12_site-packages_PyQt6_Qt6_qml_QtQuick_Controls_FluentWinUI3 --> node_venv_lib_python3_12_site-packages_PyQt6_Qt6_qml_QtQuick_Controls_FluentWinUI3_MenuBarItem_qml["MenuBarItem.qml"]\n    Root --> node_venv["venv"]\n    node_venv --> node_venv_lib["lib"]\n    node_venv_lib --> node_venv_lib_python3_12["python3.12"]\n    node_venv_lib_python3_12 --> node_venv_lib_python3_12_site-packages["site-packages"]\n    node_venv_lib_python3_12_site-packages --> node_venv_lib_python3_12_site-packages_PyQt6["PyQt6"]\n    node_venv_lib_python3_12_site-packages_PyQt6 --> node_venv_lib_python3_12_site-packages_PyQt6_Qt6["Qt6"]\n    node_venv_lib_python3_12_site-packages_PyQt6_Qt6 --> node_venv_lib_python3_12_site-packages_PyQt6_Qt6_qml["qml"]\n    node_venv_lib_python3_12_site-packages_PyQt6_Qt6_qml --> node_venv_lib_python3_12_site-packages_PyQt6_Qt6_qml_QtQuick["QtQuick"]\n    node_venv_lib_python3_12_site-packages_PyQt6_Qt6_qml_QtQuick --> node_venv_lib_python3_12_site-packages_PyQt6_Qt6_qml_QtQuick_Controls["Controls"]\n    node_venv_lib_python3_12_site-packages_PyQt6_Qt6_qml_QtQuick_Controls --> node_venv_lib_python3_12_site-packages_PyQt6_Qt6_qml_QtQuick_Controls_FluentWinUI3["FluentWinUI3"]\n    node_venv_lib_python3_12_site-packages_PyQt6_Qt6_qml_QtQuick_Controls_FluentWinUI3 --> node_venv_lib_python3_12_site-packages_PyQt6_Qt6_qml_QtQuick_Controls_FluentWinUI3_MenuItem_qml["MenuItem.qml"]\n    Root --> node_venv["venv"]\n    node_venv --> node_venv_lib["lib"]\n    node_venv_lib --> node_venv_lib_python3_12["python3.12"]\n    node_venv_lib_python3_12 --> node_venv_lib_python3_12_site-packages["site-packages"]\n    node_venv_lib_python3_12_site-packages --> node_venv_lib_python3_12_site-packages_PyQt6["PyQt6"]\n    node_venv_lib_python3_12_site-packages_PyQt6 --> node_venv_lib_python3_12_site-packages_PyQt6_Qt6["Qt6"]\n    node_venv_lib_python3_12_site-packages_PyQt6_Qt6 --> node_venv_lib_python3_12_site-packages_PyQt6_Qt6_qml["qml"]\n    node_venv_lib_python3_12_site-packages_PyQt6_Qt6_qml --> node_venv_lib_python3_12_site-packages_PyQt6_Qt6_qml_QtQuick["QtQuick"]\n    node_venv_lib_python3_12_site-packages_PyQt6_Qt6_qml_QtQuick --> node_venv_lib_python3_12_site-packages_PyQt6_Qt6_qml_QtQuick_Controls["Controls"]\n    node_venv_lib_python3_12_site-packages_PyQt6_Qt6_qml_QtQuick_Controls --> node_venv_lib_python3_12_site-packages_PyQt6_Qt6_qml_QtQuick_Controls_FluentWinUI3["FluentWinUI3"]\n    node_venv_lib_python3_12_site-packages_PyQt6_Qt6_qml_QtQuick_Controls_FluentWinUI3 --> node_venv_lib_python3_12_site-packages_PyQt6_Qt6_qml_QtQuick_Controls_FluentWinUI3_MenuSeparator_qml["MenuSeparator.qml"]\n    Root --> node_venv["venv"]\n    node_venv --> node_venv_lib["lib"]\n    node_venv_lib --> node_venv_lib_python3_12["python3.12"]\n    node_venv_lib_python3_12 --> node_venv_lib_python3_12_site-packages["site-packages"]\n    node_venv_lib_python3_12_site-packages --> node_venv_lib_python3_12_site-packages_PyQt6["PyQt6"]\n    node_venv_lib_python3_12_site-packages_PyQt6 --> node_venv_lib_python3_12_site-packages_PyQt6_Qt6["Qt6"]\n    node_venv_lib_python3_12_site-packages_PyQt6_Qt6 --> node_venv_lib_python3_12_site-packages_PyQt6_Qt6_qml["qml"]\n    node_venv_lib_python3_12_site-packages_PyQt6_Qt6_qml --> node_venv_lib_python3_12_site-packages_PyQt6_Qt6_qml_QtQuick["QtQuick"]\n    node_venv_lib_python3_12_site-packages_PyQt6_Qt6_qml_QtQuick --> node_venv_lib_python3_12_site-packages_PyQt6_Qt6_qml_QtQuick_Controls["Controls"]\n    node_venv_lib_python3_12_site-packages_PyQt6_Qt6_qml_QtQuick_Controls --> node_venv_lib_python3_12_site-packages_PyQt6_Qt6_qml_QtQuick_Controls_FluentWinUI3["FluentWinUI3"]\n    node_venv_lib_python3_12_site-packages_PyQt6_Qt6_qml_QtQuick_Controls_FluentWinUI3 --> node_venv_lib_python3_12_site-packages_PyQt6_Qt6_qml_QtQuick_Controls_FluentWinUI3_PageIndicator_qml["PageIndicator.qml"]\n    Root --> node_venv["venv"]\n    node_venv --> node_venv_lib["lib"]\n    node_venv_lib --> node_venv_lib_python3_12["python3.12"]\n    node_venv_lib_python3_12 --> node_venv_lib_python3_12_site-packages["site-packages"]\n    node_venv_lib_python3_12_site-packages --> node_venv_lib_python3_12_site-packages_PyQt6["PyQt6"]\n    node_venv_lib_python3_12_site-packages_PyQt6 --> node_venv_lib_python3_12_site-packages_PyQt6_Qt6["Qt6"]\n    node_venv_lib_python3_12_site-packages_PyQt6_Qt6 --> node_venv_lib_python3_12_site-packages_PyQt6_Qt6_qml["qml"]\n    node_venv_lib_python3_12_site-packages_PyQt6_Qt6_qml --> node_venv_lib_python3_12_site-packages_PyQt6_Qt6_qml_QtQuick["QtQuick"]\n    node_venv_lib_python3_12_site-packages_PyQt6_Qt6_qml_QtQuick --> node_venv_lib_python3_12_site-packages_PyQt6_Qt6_qml_QtQuick_Controls["Controls"]\n    node_venv_lib_python3_12_site-packages_PyQt6_Qt6_qml_QtQuick_Controls --> node_venv_lib_python3_12_site-packages_PyQt6_Qt6_qml_QtQuick_Controls_FluentWinUI3["FluentWinUI3"]\n    node_venv_lib_python3_12_site-packages_PyQt6_Qt6_qml_QtQuick_Controls_FluentWinUI3 --> node_venv_lib_python3_12_site-packages_PyQt6_Qt6_qml_QtQuick_Controls_FluentWinUI3_Popup_qml["Popup.qml"]\n    Root --> node_venv["venv"]\n    node_venv --> node_venv_lib["lib"]\n    node_venv_lib --> node_venv_lib_python3_12["python3.12"]\n    node_venv_lib_python3_12 --> node_venv_lib_python3_12_site-packages["site-packages"]\n    node_venv_lib_python3_12_site-packages --> node_venv_lib_python3_12_site-packages_PyQt6["PyQt6"]\n    node_venv_lib_python3_12_site-packages_PyQt6 --> node_venv_lib_python3_12_site-packages_PyQt6_Qt6["Qt6"]\n    node_venv_lib_python3_12_site-packages_PyQt6_Qt6 --> node_venv_lib_python3_12_site-packages_PyQt6_Qt6_qml["qml"]\n    node_venv_lib_python3_12_site-packages_PyQt6_Qt6_qml --> node_venv_lib_python3_12_site-packages_PyQt6_Qt6_qml_QtQuick["QtQuick"]\n    node_venv_lib_python3_12_site-packages_PyQt6_Qt6_qml_QtQuick --> node_venv_lib_python3_12_site-packages_PyQt6_Qt6_qml_QtQuick_Controls["Controls"]\n    node_venv_lib_python3_12_site-packages_PyQt6_Qt6_qml_QtQuick_Controls --> node_venv_lib_python3_12_site-packages_PyQt6_Qt6_qml_QtQuick_Controls_FluentWinUI3["FluentWinUI3"]\n    node_venv_lib_python3_12_site-packages_PyQt6_Qt6_qml_QtQuick_Controls_FluentWinUI3 --> node_venv_lib_python3_12_site-packages_PyQt6_Qt6_qml_QtQuick_Controls_FluentWinUI3_ProgressBar_qml["ProgressBar.qml"]\n    Root --> node_venv["venv"]\n    node_venv --> node_venv_lib["lib"]\n    node_venv_lib --> node_venv_lib_python3_12["python3.12"]\n    node_venv_lib_python3_12 --> node_venv_lib_python3_12_site-packages["site-packages"]\n    node_venv_lib_python3_12_site-packages --> node_venv_lib_python3_12_site-packages_PyQt6["PyQt6"]\n    node_venv_lib_python3_12_site-packages_PyQt6 --> node_venv_lib_python3_12_site-packages_PyQt6_Qt6["Qt6"]\n    node_venv_lib_python3_12_site-packages_PyQt6_Qt6 --> node_venv_lib_python3_12_site-packages_PyQt6_Qt6_qml["qml"]\n    node_venv_lib_python3_12_site-packages_PyQt6_Qt6_qml --> node_venv_lib_python3_12_site-packages_PyQt6_Qt6_qml_QtQuick["QtQuick"]\n    node_venv_lib_python3_12_site-packages_PyQt6_Qt6_qml_QtQuick --> node_venv_lib_python3_12_site-packages_PyQt6_Qt6_qml_QtQuick_Controls["Controls"]\n    node_venv_lib_python3_12_site-packages_PyQt6_Qt6_qml_QtQuick_Controls --> node_venv_lib_python3_12_site-packages_PyQt6_Qt6_qml_QtQuick_Controls_FluentWinUI3["FluentWinUI3"]\n    node_venv_lib_python3_12_site-packages_PyQt6_Qt6_qml_QtQuick_Controls_FluentWinUI3 --> node_venv_lib_python3_12_site-packages_PyQt6_Qt6_qml_QtQuick_Controls_FluentWinUI3_RadioButton_qml["RadioButton.qml"]\n    Root --> node_venv["venv"]\n    node_venv --> node_venv_lib["lib"]\n    node_venv_lib --> node_venv_lib_python3_12["python3.12"]\n    node_venv_lib_python3_12 --> node_venv_lib_python3_12_site-packages["site-packages"]\n    node_venv_lib_python3_12_site-packages --> node_venv_lib_python3_12_site-packages_PyQt6["PyQt6"]\n    node_venv_lib_python3_12_site-packages_PyQt6 --> node_venv_lib_python3_12_site-packages_PyQt6_Qt6["Qt6"]\n    node_venv_lib_python3_12_site-packages_PyQt6_Qt6 --> node_venv_lib_python3_12_site-packages_PyQt6_Qt6_qml["qml"]\n    node_venv_lib_python3_12_site-packages_PyQt6_Qt6_qml --> node_venv_lib_python3_12_site-packages_PyQt6_Qt6_qml_QtQuick["QtQuick"]\n    node_venv_lib_python3_12_site-packages_PyQt6_Qt6_qml_QtQuick --> node_venv_lib_python3_12_site-packages_PyQt6_Qt6_qml_QtQuick_Controls["Controls"]\n    node_venv_lib_python3_12_site-packages_PyQt6_Qt6_qml_QtQuick_Controls --> node_venv_lib_python3_12_site-packages_PyQt6_Qt6_qml_QtQuick_Controls_FluentWinUI3["FluentWinUI3"]\n    node_venv_lib_python3_12_site-packages_PyQt6_Qt6_qml_QtQuick_Controls_FluentWinUI3 --> node_venv_lib_python3_12_site-packages_PyQt6_Qt6_qml_QtQuick_Controls_FluentWinUI3_RadioDelegate_qml["RadioDelegate.qml"]\n    Root --> node_venv["venv"]\n    node_venv --> node_venv_lib["lib"]\n    node_venv_lib --> node_venv_lib_python3_12["python3.12"]\n    node_venv_lib_python3_12 --> node_venv_lib_python3_12_site-packages["site-packages"]\n    node_venv_lib_python3_12_site-packages --> node_venv_lib_python3_12_site-packages_PyQt6["PyQt6"]\n    node_venv_lib_python3_12_site-packages_PyQt6 --> node_venv_lib_python3_12_site-packages_PyQt6_Qt6["Qt6"]\n    node_venv_lib_python3_12_site-packages_PyQt6_Qt6 --> node_venv_lib_python3_12_site-packages_PyQt6_Qt6_qml["qml"]\n    node_venv_lib_python3_12_site-packages_PyQt6_Qt6_qml --> node_venv_lib_python3_12_site-packages_PyQt6_Qt6_qml_QtQuick["QtQuick"]\n    node_venv_lib_python3_12_site-packages_PyQt6_Qt6_qml_QtQuick --> node_venv_lib_python3_12_site-packages_PyQt6_Qt6_qml_QtQuick_Controls["Controls"]\n    node_venv_lib_python3_12_site-packages_PyQt6_Qt6_qml_QtQuick_Controls --> node_venv_lib_python3_12_site-packages_PyQt6_Qt6_qml_QtQuick_Controls_FluentWinUI3["FluentWinUI3"]\n    node_venv_lib_python3_12_site-packages_PyQt6_Qt6_qml_QtQuick_Controls_FluentWinUI3 --> node_venv_lib_python3_12_site-packages_PyQt6_Qt6_qml_QtQuick_Controls_FluentWinUI3_RangeSlider_qml["RangeSlider.qml"]\n    Root --> node_venv["venv"]\n    node_venv --> node_venv_lib["lib"]\n    node_venv_lib --> node_venv_lib_python3_12["python3.12"]\n    node_venv_lib_python3_12 --> node_venv_lib_python3_12_site-packages["site-packages"]\n    node_venv_lib_python3_12_site-packages --> node_venv_lib_python3_12_site-packages_PyQt6["PyQt6"]\n    node_venv_lib_python3_12_site-packages_PyQt6 --> node_venv_lib_python3_12_site-packages_PyQt6_Qt6["Qt6"]\n    node_venv_lib_python3_12_site-packages_PyQt6_Qt6 --> node_venv_lib_python3_12_site-packages_PyQt6_Qt6_qml["qml"]\n    node_venv_lib_python3_12_site-packages_PyQt6_Qt6_qml --> node_venv_lib_python3_12_site-packages_PyQt6_Qt6_qml_QtQuick["QtQuick"]\n    node_venv_lib_python3_12_site-packages_PyQt6_Qt6_qml_QtQuick --> node_venv_lib_python3_12_site-packages_PyQt6_Qt6_qml_QtQuick_Controls["Controls"]\n    node_venv_lib_python3_12_site-packages_PyQt6_Qt6_qml_QtQuick_Controls --> node_venv_lib_python3_12_site-packages_PyQt6_Qt6_qml_QtQuick_Controls_FluentWinUI3["FluentWinUI3"]\n    node_venv_lib_python3_12_site-packages_PyQt6_Qt6_qml_QtQuick_Controls_FluentWinUI3 --> node_venv_lib_python3_12_site-packages_PyQt6_Qt6_qml_QtQuick_Controls_FluentWinUI3_RoundButton_qml["RoundButton.qml"]\n    Root --> node_venv["venv"]\n    node_venv --> node_venv_lib["lib"]\n    node_venv_lib --> node_venv_lib_python3_12["python3.12"]\n    node_venv_lib_python3_12 --> node_venv_lib_python3_12_site-packages["site-packages"]\n    node_venv_lib_python3_12_site-packages --> node_venv_lib_python3_12_site-packages_PyQt6["PyQt6"]\n    node_venv_lib_python3_12_site-packages_PyQt6 --> node_venv_lib_python3_12_site-packages_PyQt6_Qt6["Qt6"]\n    node_venv_lib_python3_12_site-packages_PyQt6_Qt6 --> node_venv_lib_python3_12_site-packages_PyQt6_Qt6_qml["qml"]\n    node_venv_lib_python3_12_site-packages_PyQt6_Qt6_qml --> node_venv_lib_python3_12_site-packages_PyQt6_Qt6_qml_QtQuick["QtQuick"]\n    node_venv_lib_python3_12_site-packages_PyQt6_Qt6_qml_QtQuick --> node_venv_lib_python3_12_site-packages_PyQt6_Qt6_qml_QtQuick_Controls["Controls"]\n    node_venv_lib_python3_12_site-packages_PyQt6_Qt6_qml_QtQuick_Controls --> node_venv_lib_python3_12_site-packages_PyQt6_Qt6_qml_QtQuick_Controls_FluentWinUI3["FluentWinUI3"]\n    node_venv_lib_python3_12_site-packages_PyQt6_Qt6_qml_QtQuick_Controls_FluentWinUI3 --> node_venv_lib_python3_12_site-packages_PyQt6_Qt6_qml_QtQuick_Controls_FluentWinUI3_SearchField_qml["SearchField.qml"]\n    Root --> node_venv["venv"]\n    node_venv --> node_venv_lib["lib"]\n    node_venv_lib --> node_venv_lib_python3_12["python3.12"]\n    node_venv_lib_python3_12 --> node_venv_lib_python3_12_site-packages["site-packages"]\n    node_venv_lib_python3_12_site-packages --> node_venv_lib_python3_12_site-packages_PyQt6["PyQt6"]\n    node_venv_lib_python3_12_site-packages_PyQt6 --> node_venv_lib_python3_12_site-packages_PyQt6_Qt6["Qt6"]\n    node_venv_lib_python3_12_site-packages_PyQt6_Qt6 --> node_venv_lib_python3_12_site-packages_PyQt6_Qt6_qml["qml"]\n    node_venv_lib_python3_12_site-packages_PyQt6_Qt6_qml --> node_venv_lib_python3_12_site-packages_PyQt6_Qt6_qml_QtQuick["QtQuick"]\n    node_venv_lib_python3_12_site-packages_PyQt6_Qt6_qml_QtQuick --> node_venv_lib_python3_12_site-packages_PyQt6_Qt6_qml_QtQuick_Controls["Controls"]\n    node_venv_lib_python3_12_site-packages_PyQt6_Qt6_qml_QtQuick_Controls --> node_venv_lib_python3_12_site-packages_PyQt6_Qt6_qml_QtQuick_Controls_FluentWinUI3["FluentWinUI3"]\n    node_venv_lib_python3_12_site-packages_PyQt6_Qt6_qml_QtQuick_Controls_FluentWinUI3 --> node_venv_lib_python3_12_site-packages_PyQt6_Qt6_qml_QtQuick_Controls_FluentWinUI3_Slider_qml["Slider.qml"]\n    Root --> node_venv["venv"]\n    node_venv --> node_venv_lib["lib"]\n    node_venv_lib --> node_venv_lib_python3_12["python3.12"]\n    node_venv_lib_python3_12 --> node_venv_lib_python3_12_site-packages["site-packages"]\n    node_venv_lib_python3_12_site-packages --> node_venv_lib_python3_12_site-packages_PyQt6["PyQt6"]\n    node_venv_lib_python3_12_site-packages_PyQt6 --> node_venv_lib_python3_12_site-packages_PyQt6_Qt6["Qt6"]\n    node_venv_lib_python3_12_site-packages_PyQt6_Qt6 --> node_venv_lib_python3_12_site-packages_PyQt6_Qt6_qml["qml"]\n    node_venv_lib_python3_12_site-packages_PyQt6_Qt6_qml --> node_venv_lib_python3_12_site-packages_PyQt6_Qt6_qml_QtQuick["QtQuick"]\n    node_venv_lib_python3_12_site-packages_PyQt6_Qt6_qml_QtQuick --> node_venv_lib_python3_12_site-packages_PyQt6_Qt6_qml_QtQuick_Controls["Controls"]\n    node_venv_lib_python3_12_site-packages_PyQt6_Qt6_qml_QtQuick_Controls --> node_venv_lib_python3_12_site-packages_PyQt6_Qt6_qml_QtQuick_Controls_FluentWinUI3["FluentWinUI3"]\n    node_venv_lib_python3_12_site-packages_PyQt6_Qt6_qml_QtQuick_Controls_FluentWinUI3 --> node_venv_lib_python3_12_site-packages_PyQt6_Qt6_qml_QtQuick_Controls_FluentWinUI3_SpinBox_qml["SpinBox.qml"]\n    Root --> node_venv["venv"]\n    node_venv --> node_venv_lib["lib"]\n    node_venv_lib --> node_venv_lib_python3_12["python3.12"]\n    node_venv_lib_python3_12 --> node_venv_lib_python3_12_site-packages["site-packages"]\n    node_venv_lib_python3_12_site-packages --> node_venv_lib_python3_12_site-packages_PyQt6["PyQt6"]\n    node_venv_lib_python3_12_site-packages_PyQt6 --> node_venv_lib_python3_12_site-packages_PyQt6_Qt6["Qt6"]\n    node_venv_lib_python3_12_site-packages_PyQt6_Qt6 --> node_venv_lib_python3_12_site-packages_PyQt6_Qt6_qml["qml"]\n    node_venv_lib_python3_12_site-packages_PyQt6_Qt6_qml --> node_venv_lib_python3_12_site-packages_PyQt6_Qt6_qml_QtQuick["QtQuick"]\n    node_venv_lib_python3_12_site-packages_PyQt6_Qt6_qml_QtQuick --> node_venv_lib_python3_12_site-packages_PyQt6_Qt6_qml_QtQuick_Controls["Controls"]\n    node_venv_lib_python3_12_site-packages_PyQt6_Qt6_qml_QtQuick_Controls --> node_venv_lib_python3_12_site-packages_PyQt6_Qt6_qml_QtQuick_Controls_FluentWinUI3["FluentWinUI3"]\n    node_venv_lib_python3_12_site-packages_PyQt6_Qt6_qml_QtQuick_Controls_FluentWinUI3 --> node_venv_lib_python3_12_site-packages_PyQt6_Qt6_qml_QtQuick_Controls_FluentWinUI3_StyleImage_qml["StyleImage.qml"]\n    Root --> node_venv["venv"]\n    node_venv --> node_venv_lib["lib"]\n    node_venv_lib --> node_venv_lib_python3_12["python3.12"]\n    node_venv_lib_python3_12 --> node_venv_lib_python3_12_site-packages["site-packages"]\n    node_venv_lib_python3_12_site-packages --> node_venv_lib_python3_12_site-packages_PyQt6["PyQt6"]\n    node_venv_lib_python3_12_site-packages_PyQt6 --> node_venv_lib_python3_12_site-packages_PyQt6_Qt6["Qt6"]\n    node_venv_lib_python3_12_site-packages_PyQt6_Qt6 --> node_venv_lib_python3_12_site-packages_PyQt6_Qt6_qml["qml"]\n    node_venv_lib_python3_12_site-packages_PyQt6_Qt6_qml --> node_venv_lib_python3_12_site-packages_PyQt6_Qt6_qml_QtQuick["QtQuick"]\n    node_venv_lib_python3_12_site-packages_PyQt6_Qt6_qml_QtQuick --> node_venv_lib_python3_12_site-packages_PyQt6_Qt6_qml_QtQuick_Controls["Controls"]\n    node_venv_lib_python3_12_site-packages_PyQt6_Qt6_qml_QtQuick_Controls --> node_venv_lib_python3_12_site-packages_PyQt6_Qt6_qml_QtQuick_Controls_FluentWinUI3["FluentWinUI3"]\n    node_venv_lib_python3_12_site-packages_PyQt6_Qt6_qml_QtQuick_Controls_FluentWinUI3 --> node_venv_lib_python3_12_site-packages_PyQt6_Qt6_qml_QtQuick_Controls_FluentWinUI3_SwipeDelegate_qml["SwipeDelegate.qml"]\n    Root --> node_venv["venv"]\n    node_venv --> node_venv_lib["lib"]\n    node_venv_lib --> node_venv_lib_python3_12["python3.12"]\n    node_venv_lib_python3_12 --> node_venv_lib_python3_12_site-packages["site-packages"]\n    node_venv_lib_python3_12_site-packages --> node_venv_lib_python3_12_site-packages_PyQt6["PyQt6"]\n    node_venv_lib_python3_12_site-packages_PyQt6 --> node_venv_lib_python3_12_site-packages_PyQt6_Qt6["Qt6"]\n    node_venv_lib_python3_12_site-packages_PyQt6_Qt6 --> node_venv_lib_python3_12_site-packages_PyQt6_Qt6_qml["qml"]\n    node_venv_lib_python3_12_site-packages_PyQt6_Qt6_qml --> node_venv_lib_python3_12_site-packages_PyQt6_Qt6_qml_QtQuick["QtQuick"]\n    node_venv_lib_python3_12_site-packages_PyQt6_Qt6_qml_QtQuick --> node_venv_lib_python3_12_site-packages_PyQt6_Qt6_qml_QtQuick_Controls["Controls"]\n    node_venv_lib_python3_12_site-packages_PyQt6_Qt6_qml_QtQuick_Controls --> node_venv_lib_python3_12_site-packages_PyQt6_Qt6_qml_QtQuick_Controls_FluentWinUI3["FluentWinUI3"]\n    node_venv_lib_python3_12_site-packages_PyQt6_Qt6_qml_QtQuick_Controls_FluentWinUI3 --> node_venv_lib_python3_12_site-packages_PyQt6_Qt6_qml_QtQuick_Controls_FluentWinUI3_Switch_qml["Switch.qml"]\n    Root --> node_venv["venv"]\n    node_venv --> node_venv_lib["lib"]\n    node_venv_lib --> node_venv_lib_python3_12["python3.12"]\n    node_venv_lib_python3_12 --> node_venv_lib_python3_12_site-packages["site-packages"]\n    node_venv_lib_python3_12_site-packages --> node_venv_lib_python3_12_site-packages_PyQt6["PyQt6"]\n    node_venv_lib_python3_12_site-packages_PyQt6 --> node_venv_lib_python3_12_site-packages_PyQt6_Qt6["Qt6"]\n    node_venv_lib_python3_12_site-packages_PyQt6_Qt6 --> node_venv_lib_python3_12_site-packages_PyQt6_Qt6_qml["qml"]\n    node_venv_lib_python3_12_site-packages_PyQt6_Qt6_qml --> node_venv_lib_python3_12_site-packages_PyQt6_Qt6_qml_QtQuick["QtQuick"]\n    node_venv_lib_python3_12_site-packages_PyQt6_Qt6_qml_QtQuick --> node_venv_lib_python3_12_site-packages_PyQt6_Qt6_qml_QtQuick_Controls["Controls"]\n    node_venv_lib_python3_12_site-packages_PyQt6_Qt6_qml_QtQuick_Controls --> node_venv_lib_python3_12_site-packages_PyQt6_Qt6_qml_QtQuick_Controls_FluentWinUI3["FluentWinUI3"]\n    node_venv_lib_python3_12_site-packages_PyQt6_Qt6_qml_QtQuick_Controls_FluentWinUI3 --> node_venv_lib_python3_12_site-packages_PyQt6_Qt6_qml_QtQuick_Controls_FluentWinUI3_SwitchDelegate_qml["SwitchDelegate.qml"]\n    Root --> node_venv["venv"]\n    node_venv --> node_venv_lib["lib"]\n    node_venv_lib --> node_venv_lib_python3_12["python3.12"]\n    node_venv_lib_python3_12 --> node_venv_lib_python3_12_site-packages["site-packages"]\n    node_venv_lib_python3_12_site-packages --> node_venv_lib_python3_12_site-packages_PyQt6["PyQt6"]\n    node_venv_lib_python3_12_site-packages_PyQt6 --> node_venv_lib_python3_12_site-packages_PyQt6_Qt6["Qt6"]\n    node_venv_lib_python3_12_site-packages_PyQt6_Qt6 --> node_venv_lib_python3_12_site-packages_PyQt6_Qt6_qml["qml"]\n    node_venv_lib_python3_12_site-packages_PyQt6_Qt6_qml --> node_venv_lib_python3_12_site-packages_PyQt6_Qt6_qml_QtQuick["QtQuick"]\n    node_venv_lib_python3_12_site-packages_PyQt6_Qt6_qml_QtQuick --> node_venv_lib_python3_12_site-packages_PyQt6_Qt6_qml_QtQuick_Controls["Controls"]\n    node_venv_lib_python3_12_site-packages_PyQt6_Qt6_qml_QtQuick_Controls --> node_venv_lib_python3_12_site-packages_PyQt6_Qt6_qml_QtQuick_Controls_FluentWinUI3["FluentWinUI3"]\n    node_venv_lib_python3_12_site-packages_PyQt6_Qt6_qml_QtQuick_Controls_FluentWinUI3 --> node_venv_lib_python3_12_site-packages_PyQt6_Qt6_qml_QtQuick_Controls_FluentWinUI3_TabBar_qml["TabBar.qml"]\n    Root --> node_venv["venv"]\n    node_venv --> node_venv_lib["lib"]\n    node_venv_lib --> node_venv_lib_python3_12["python3.12"]\n    node_venv_lib_python3_12 --> node_venv_lib_python3_12_site-packages["site-packages"]\n    node_venv_lib_python3_12_site-packages --> node_venv_lib_python3_12_site-packages_PyQt6["PyQt6"]\n    node_venv_lib_python3_12_site-packages_PyQt6 --> node_venv_lib_python3_12_site-packages_PyQt6_Qt6["Qt6"]\n    node_venv_lib_python3_12_site-packages_PyQt6_Qt6 --> node_venv_lib_python3_12_site-packages_PyQt6_Qt6_qml["qml"]\n    node_venv_lib_python3_12_site-packages_PyQt6_Qt6_qml --> node_venv_lib_python3_12_site-packages_PyQt6_Qt6_qml_QtQuick["QtQuick"]\n    node_venv_lib_python3_12_site-packages_PyQt6_Qt6_qml_QtQuick --> node_venv_lib_python3_12_site-packages_PyQt6_Qt6_qml_QtQuick_Controls["Controls"]\n    node_venv_lib_python3_12_site-packages_PyQt6_Qt6_qml_QtQuick_Controls --> node_venv_lib_python3_12_site-packages_PyQt6_Qt6_qml_QtQuick_Controls_FluentWinUI3["FluentWinUI3"]\n    node_venv_lib_python3_12_site-packages_PyQt6_Qt6_qml_QtQuick_Controls_FluentWinUI3 --> node_venv_lib_python3_12_site-packages_PyQt6_Qt6_qml_QtQuick_Controls_FluentWinUI3_TabButton_qml["TabButton.qml"]\n    Root --> node_venv["venv"]\n    node_venv --> node_venv_lib["lib"]\n    node_venv_lib --> node_venv_lib_python3_12["python3.12"]\n    node_venv_lib_python3_12 --> node_venv_lib_python3_12_site-packages["site-packages"]\n    node_venv_lib_python3_12_site-packages --> node_venv_lib_python3_12_site-packages_PyQt6["PyQt6"]\n    node_venv_lib_python3_12_site-packages_PyQt6 --> node_venv_lib_python3_12_site-packages_PyQt6_Qt6["Qt6"]\n    node_venv_lib_python3_12_site-packages_PyQt6_Qt6 --> node_venv_lib_python3_12_site-packages_PyQt6_Qt6_qml["qml"]\n    node_venv_lib_python3_12_site-packages_PyQt6_Qt6_qml --> node_venv_lib_python3_12_site-packages_PyQt6_Qt6_qml_QtQuick["QtQuick"]\n    node_venv_lib_python3_12_site-packages_PyQt6_Qt6_qml_QtQuick --> node_venv_lib_python3_12_site-packages_PyQt6_Qt6_qml_QtQuick_Controls["Controls"]\n    node_venv_lib_python3_12_site-packages_PyQt6_Qt6_qml_QtQuick_Controls --> node_venv_lib_python3_12_site-packages_PyQt6_Qt6_qml_QtQuick_Controls_FluentWinUI3["FluentWinUI3"]\n    node_venv_lib_python3_12_site-packages_PyQt6_Qt6_qml_QtQuick_Controls_FluentWinUI3 --> node_venv_lib_python3_12_site-packages_PyQt6_Qt6_qml_QtQuick_Controls_FluentWinUI3_TextArea_qml["TextArea.qml"]\n    Root --> node_venv["venv"]\n    node_venv --> node_venv_lib["lib"]\n    node_venv_lib --> node_venv_lib_python3_12["python3.12"]\n    node_venv_lib_python3_12 --> node_venv_lib_python3_12_site-packages["site-packages"]\n    node_venv_lib_python3_12_site-packages --> node_venv_lib_python3_12_site-packages_PyQt6["PyQt6"]\n    node_venv_lib_python3_12_site-packages_PyQt6 --> node_venv_lib_python3_12_site-packages_PyQt6_Qt6["Qt6"]\n    node_venv_lib_python3_12_site-packages_PyQt6_Qt6 --> node_venv_lib_python3_12_site-packages_PyQt6_Qt6_qml["qml"]\n    node_venv_lib_python3_12_site-packages_PyQt6_Qt6_qml --> node_venv_lib_python3_12_site-packages_PyQt6_Qt6_qml_QtQuick["QtQuick"]\n    node_venv_lib_python3_12_site-packages_PyQt6_Qt6_qml_QtQuick --> node_venv_lib_python3_12_site-packages_PyQt6_Qt6_qml_QtQuick_Controls["Controls"]\n    node_venv_lib_python3_12_site-packages_PyQt6_Qt6_qml_QtQuick_Controls --> node_venv_lib_python3_12_site-packages_PyQt6_Qt6_qml_QtQuick_Controls_FluentWinUI3["FluentWinUI3"]\n    node_venv_lib_python3_12_site-packages_PyQt6_Qt6_qml_QtQuick_Controls_FluentWinUI3 --> node_venv_lib_python3_12_site-packages_PyQt6_Qt6_qml_QtQuick_Controls_FluentWinUI3_TextField_qml["TextField.qml"]\n    Root --> node_venv["venv"]\n    node_venv --> node_venv_lib["lib"]\n    node_venv_lib --> node_venv_lib_python3_12["python3.12"]\n    node_venv_lib_python3_12 --> node_venv_lib_python3_12_site-packages["site-packages"]\n    node_venv_lib_python3_12_site-packages --> node_venv_lib_python3_12_site-packages_PyQt6["PyQt6"]\n    node_venv_lib_python3_12_site-packages_PyQt6 --> node_venv_lib_python3_12_site-packages_PyQt6_Qt6["Qt6"]\n    node_venv_lib_python3_12_site-packages_PyQt6_Qt6 --> node_venv_lib_python3_12_site-packages_PyQt6_Qt6_qml["qml"]\n    node_venv_lib_python3_12_site-packages_PyQt6_Qt6_qml --> node_venv_lib_python3_12_site-packages_PyQt6_Qt6_qml_QtQuick["QtQuick"]\n    node_venv_lib_python3_12_site-packages_PyQt6_Qt6_qml_QtQuick --> node_venv_lib_python3_12_site-packages_PyQt6_Qt6_qml_QtQuick_Controls["Controls"]\n    node_venv_lib_python3_12_site-packages_PyQt6_Qt6_qml_QtQuick_Controls --> node_venv_lib_python3_12_site-packages_PyQt6_Qt6_qml_QtQuick_Controls_FluentWinUI3["FluentWinUI3"]\n    node_venv_lib_python3_12_site-packages_PyQt6_Qt6_qml_QtQuick_Controls_FluentWinUI3 --> node_venv_lib_python3_12_site-packages_PyQt6_Qt6_qml_QtQuick_Controls_FluentWinUI3_ToolBar_qml["ToolBar.qml"]\n    Root --> node_venv["venv"]\n    node_venv --> node_venv_lib["lib"]\n    node_venv_lib --> node_venv_lib_python3_12["python3.12"]\n    node_venv_lib_python3_12 --> node_venv_lib_python3_12_site-packages["site-packages"]\n    node_venv_lib_python3_12_site-packages --> node_venv_lib_python3_12_site-packages_PyQt6["PyQt6"]\n    node_venv_lib_python3_12_site-packages_PyQt6 --> node_venv_lib_python3_12_site-packages_PyQt6_Qt6["Qt6"]\n    node_venv_lib_python3_12_site-packages_PyQt6_Qt6 --> node_venv_lib_python3_12_site-packages_PyQt6_Qt6_qml["qml"]\n    node_venv_lib_python3_12_site-packages_PyQt6_Qt6_qml --> node_venv_lib_python3_12_site-packages_PyQt6_Qt6_qml_QtQuick["QtQuick"]\n    node_venv_lib_python3_12_site-packages_PyQt6_Qt6_qml_QtQuick --> node_venv_lib_python3_12_site-packages_PyQt6_Qt6_qml_QtQuick_Controls["Controls"]\n    node_venv_lib_python3_12_site-packages_PyQt6_Qt6_qml_QtQuick_Controls --> node_venv_lib_python3_12_site-packages_PyQt6_Qt6_qml_QtQuick_Controls_FluentWinUI3["FluentWinUI3"]\n    node_venv_lib_python3_12_site-packages_PyQt6_Qt6_qml_QtQuick_Controls_FluentWinUI3 --> node_venv_lib_python3_12_site-packages_PyQt6_Qt6_qml_QtQuick_Controls_FluentWinUI3_ToolButton_qml["ToolButton.qml"]\n    Root --> node_venv["venv"]\n    node_venv --> node_venv_lib["lib"]\n    node_venv_lib --> node_venv_lib_python3_12["python3.12"]\n    node_venv_lib_python3_12 --> node_venv_lib_python3_12_site-packages["site-packages"]\n    node_venv_lib_python3_12_site-packages --> node_venv_lib_python3_12_site-packages_PyQt6["PyQt6"]\n    node_venv_lib_python3_12_site-packages_PyQt6 --> node_venv_lib_python3_12_site-packages_PyQt6_Qt6["Qt6"]\n    node_venv_lib_python3_12_site-packages_PyQt6_Qt6 --> node_venv_lib_python3_12_site-packages_PyQt6_Qt6_qml["qml"]\n    node_venv_lib_python3_12_site-packages_PyQt6_Qt6_qml --> node_venv_lib_python3_12_site-packages_PyQt6_Qt6_qml_QtQuick["QtQuick"]\n    node_venv_lib_python3_12_site-packages_PyQt6_Qt6_qml_QtQuick --> node_venv_lib_python3_12_site-packages_PyQt6_Qt6_qml_QtQuick_Controls["Controls"]\n    node_venv_lib_python3_12_site-packages_PyQt6_Qt6_qml_QtQuick_Controls --> node_venv_lib_python3_12_site-packages_PyQt6_Qt6_qml_QtQuick_Controls_FluentWinUI3["FluentWinUI3"]\n    node_venv_lib_python3_12_site-packages_PyQt6_Qt6_qml_QtQuick_Controls_FluentWinUI3 --> node_venv_lib_python3_12_site-packages_PyQt6_Qt6_qml_QtQuick_Controls_FluentWinUI3_ToolSeparator_qml["ToolSeparator.qml"]\n    Root --> node_venv["venv"]\n    node_venv --> node_venv_lib["lib"]\n    node_venv_lib --> node_venv_lib_python3_12["python3.12"]\n    node_venv_lib_python3_12 --> node_venv_lib_python3_12_site-packages["site-packages"]\n    node_venv_lib_python3_12_site-packages --> node_venv_lib_python3_12_site-packages_PyQt6["PyQt6"]\n    node_venv_lib_python3_12_site-packages_PyQt6 --> node_venv_lib_python3_12_site-packages_PyQt6_Qt6["Qt6"]\n    node_venv_lib_python3_12_site-packages_PyQt6_Qt6 --> node_venv_lib_python3_12_site-packages_PyQt6_Qt6_qml["qml"]\n    node_venv_lib_python3_12_site-packages_PyQt6_Qt6_qml --> node_venv_lib_python3_12_site-packages_PyQt6_Qt6_qml_QtQuick["QtQuick"]\n    node_venv_lib_python3_12_site-packages_PyQt6_Qt6_qml_QtQuick --> node_venv_lib_python3_12_site-packages_PyQt6_Qt6_qml_QtQuick_Controls["Controls"]\n    node_venv_lib_python3_12_site-packages_PyQt6_Qt6_qml_QtQuick_Controls --> node_venv_lib_python3_12_site-packages_PyQt6_Qt6_qml_QtQuick_Controls_FluentWinUI3["FluentWinUI3"]\n    node_venv_lib_python3_12_site-packages_PyQt6_Qt6_qml_QtQuick_Controls_FluentWinUI3 --> node_venv_lib_python3_12_site-packages_PyQt6_Qt6_qml_QtQuick_Controls_FluentWinUI3_ToolTip_qml["ToolTip.qml"]\n    Root --> node_venv["venv"]\n    node_venv --> node_venv_lib["lib"]\n    node_venv_lib --> node_venv_lib_python3_12["python3.12"]\n    node_venv_lib_python3_12 --> node_venv_lib_python3_12_site-packages["site-packages"]\n    node_venv_lib_python3_12_site-packages --> node_venv_lib_python3_12_site-packages_PyQt6["PyQt6"]\n    node_venv_lib_python3_12_site-packages_PyQt6 --> node_venv_lib_python3_12_site-packages_PyQt6_Qt6["Qt6"]\n    node_venv_lib_python3_12_site-packages_PyQt6_Qt6 --> node_venv_lib_python3_12_site-packages_PyQt6_Qt6_qml["qml"]\n    node_venv_lib_python3_12_site-packages_PyQt6_Qt6_qml --> node_venv_lib_python3_12_site-packages_PyQt6_Qt6_qml_QtQuick["QtQuick"]\n    node_venv_lib_python3_12_site-packages_PyQt6_Qt6_qml_QtQuick --> node_venv_lib_python3_12_site-packages_PyQt6_Qt6_qml_QtQuick_Controls["Controls"]\n    node_venv_lib_python3_12_site-packages_PyQt6_Qt6_qml_QtQuick_Controls --> node_venv_lib_python3_12_site-packages_PyQt6_Qt6_qml_QtQuick_Controls_FluentWinUI3["FluentWinUI3"]\n    node_venv_lib_python3_12_site-packages_PyQt6_Qt6_qml_QtQuick_Controls_FluentWinUI3 --> node_venv_lib_python3_12_site-packages_PyQt6_Qt6_qml_QtQuick_Controls_FluentWinUI3_libqtquickcontrols2fluentwinui3styleplugin_dylib["libqtquickcontrols2fluentwinui3styleplugin.dylib"]\n    Root --> node_venv["venv"]\n    node_venv --> node_venv_lib["lib"]\n    node_venv_lib --> node_venv_lib_python3_12["python3.12"]\n    node_venv_lib_python3_12 --> node_venv_lib_python3_12_site-packages["site-packages"]\n    node_venv_lib_python3_12_site-packages --> node_venv_lib_python3_12_site-packages_PyQt6["PyQt6"]\n    node_venv_lib_python3_12_site-packages_PyQt6 --> node_venv_lib_python3_12_site-packages_PyQt6_Qt6["Qt6"]\n    node_venv_lib_python3_12_site-packages_PyQt6_Qt6 --> node_venv_lib_python3_12_site-packages_PyQt6_Qt6_qml["qml"]\n    node_venv_lib_python3_12_site-packages_PyQt6_Qt6_qml --> node_venv_lib_python3_12_site-packages_PyQt6_Qt6_qml_QtQuick["QtQuick"]\n    node_venv_lib_python3_12_site-packages_PyQt6_Qt6_qml_QtQuick --> node_venv_lib_python3_12_site-packages_PyQt6_Qt6_qml_QtQuick_Controls["Controls"]\n    node_venv_lib_python3_12_site-packages_PyQt6_Qt6_qml_QtQuick_Controls --> node_venv_lib_python3_12_site-packages_PyQt6_Qt6_qml_QtQuick_Controls_FluentWinUI3["FluentWinUI3"]\n    node_venv_lib_python3_12_site-packages_PyQt6_Qt6_qml_QtQuick_Controls_FluentWinUI3 --> node_venv_lib_python3_12_site-packages_PyQt6_Qt6_qml_QtQuick_Controls_FluentWinUI3_plugins_qmltypes["plugins.qmltypes"]\n    Root --> node_venv["venv"]\n    node_venv --> node_venv_lib["lib"]\n    node_venv_lib --> node_venv_lib_python3_12["python3.12"]\n    node_venv_lib_python3_12 --> node_venv_lib_python3_12_site-packages["site-packages"]\n    node_venv_lib_python3_12_site-packages --> node_venv_lib_python3_12_site-packages_PyQt6["PyQt6"]\n    node_venv_lib_python3_12_site-packages_PyQt6 --> node_venv_lib_python3_12_site-packages_PyQt6_Qt6["Qt6"]\n    node_venv_lib_python3_12_site-packages_PyQt6_Qt6 --> node_venv_lib_python3_12_site-packages_PyQt6_Qt6_qml["qml"]\n    node_venv_lib_python3_12_site-packages_PyQt6_Qt6_qml --> node_venv_lib_python3_12_site-packages_PyQt6_Qt6_qml_QtQuick["QtQuick"]\n    node_venv_lib_python3_12_site-packages_PyQt6_Qt6_qml_QtQuick --> node_venv_lib_python3_12_site-packages_PyQt6_Qt6_qml_QtQuick_Controls["Controls"]\n    node_venv_lib_python3_12_site-packages_PyQt6_Qt6_qml_QtQuick_Controls --> node_venv_lib_python3_12_site-packages_PyQt6_Qt6_qml_QtQuick_Controls_FluentWinUI3["FluentWinUI3"]\n    node_venv_lib_python3_12_site-packages_PyQt6_Qt6_qml_QtQuick_Controls_FluentWinUI3 --> node_venv_lib_python3_12_site-packages_PyQt6_Qt6_qml_QtQuick_Controls_FluentWinUI3_qmldir["qmldir"]\n    Root --> node_venv["venv"]\n    node_venv --> node_venv_lib["lib"]\n    node_venv_lib --> node_venv_lib_python3_12["python3.12"]\n    node_venv_lib_python3_12 --> node_venv_lib_python3_12_site-packages["site-packages"]\n    node_venv_lib_python3_12_site-packages --> node_venv_lib_python3_12_site-packages_PyQt6["PyQt6"]\n    node_venv_lib_python3_12_site-packages_PyQt6 --> node_venv_lib_python3_12_site-packages_PyQt6_Qt6["Qt6"]\n    node_venv_lib_python3_12_site-packages_PyQt6_Qt6 --> node_venv_lib_python3_12_site-packages_PyQt6_Qt6_qml["qml"]\n    node_venv_lib_python3_12_site-packages_PyQt6_Qt6_qml --> node_venv_lib_python3_12_site-packages_PyQt6_Qt6_qml_QtQuick["QtQuick"]\n    node_venv_lib_python3_12_site-packages_PyQt6_Qt6_qml_QtQuick --> node_venv_lib_python3_12_site-packages_PyQt6_Qt6_qml_QtQuick_Controls["Controls"]\n    node_venv_lib_python3_12_site-packages_PyQt6_Qt6_qml_QtQuick_Controls --> node_venv_lib_python3_12_site-packages_PyQt6_Qt6_qml_QtQuick_Controls_FluentWinUI3["FluentWinUI3"]\n    node_venv_lib_python3_12_site-packages_PyQt6_Qt6_qml_QtQuick_Controls_FluentWinUI3 --> node_venv_lib_python3_12_site-packages_PyQt6_Qt6_qml_QtQuick_Controls_FluentWinUI3_impl["impl"]\n    node_venv_lib_python3_12_site-packages_PyQt6_Qt6_qml_QtQuick_Controls_FluentWinUI3_impl --> node_venv_lib_python3_12_site-packages_PyQt6_Qt6_qml_QtQuick_Controls_FluentWinUI3_impl_ButtonBackground_qml["ButtonBackground.qml"]\n    Root --> node_venv["venv"]\n    node_venv --> node_venv_lib["lib"]\n    node_venv_lib --> node_venv_lib_python3_12["python3.12"]\n    node_venv_lib_python3_12 --> node_venv_lib_python3_12_site-packages["site-packages"]\n    node_venv_lib_python3_12_site-packages --> node_venv_lib_python3_12_site-packages_PyQt6["PyQt6"]\n    node_venv_lib_python3_12_site-packages_PyQt6 --> node_venv_lib_python3_12_site-packages_PyQt6_Qt6["Qt6"]\n    node_venv_lib_python3_12_site-packages_PyQt6_Qt6 --> node_venv_lib_python3_12_site-packages_PyQt6_Qt6_qml["qml"]\n    node_venv_lib_python3_12_site-packages_PyQt6_Qt6_qml --> node_venv_lib_python3_12_site-packages_PyQt6_Qt6_qml_QtQuick["QtQuick"]\n    node_venv_lib_python3_12_site-packages_PyQt6_Qt6_qml_QtQuick --> node_venv_lib_python3_12_site-packages_PyQt6_Qt6_qml_QtQuick_Controls["Controls"]\n    node_venv_lib_python3_12_site-packages_PyQt6_Qt6_qml_QtQuick_Controls --> node_venv_lib_python3_12_site-packages_PyQt6_Qt6_qml_QtQuick_Controls_FluentWinUI3["FluentWinUI3"]\n    node_venv_lib_python3_12_site-packages_PyQt6_Qt6_qml_QtQuick_Controls_FluentWinUI3 --> node_venv_lib_python3_12_site-packages_PyQt6_Qt6_qml_QtQuick_Controls_FluentWinUI3_impl["impl"]\n    node_venv_lib_python3_12_site-packages_PyQt6_Qt6_qml_QtQuick_Controls_FluentWinUI3_impl --> node_venv_lib_python3_12_site-packages_PyQt6_Qt6_qml_QtQuick_Controls_FluentWinUI3_impl_CheckIndicator_qml["CheckIndicator.qml"]\n    Root --> node_venv["venv"]\n    node_venv --> node_venv_lib["lib"]\n    node_venv_lib --> node_venv_lib_python3_12["python3.12"]\n    node_venv_lib_python3_12 --> node_venv_lib_python3_12_site-packages["site-packages"]\n    node_venv_lib_python3_12_site-packages --> node_venv_lib_python3_12_site-packages_PyQt6["PyQt6"]\n    node_venv_lib_python3_12_site-packages_PyQt6 --> node_venv_lib_python3_12_site-packages_PyQt6_Qt6["Qt6"]\n    node_venv_lib_python3_12_site-packages_PyQt6_Qt6 --> node_venv_lib_python3_12_site-packages_PyQt6_Qt6_qml["qml"]\n    node_venv_lib_python3_12_site-packages_PyQt6_Qt6_qml --> node_venv_lib_python3_12_site-packages_PyQt6_Qt6_qml_QtQuick["QtQuick"]\n    node_venv_lib_python3_12_site-packages_PyQt6_Qt6_qml_QtQuick --> node_venv_lib_python3_12_site-packages_PyQt6_Qt6_qml_QtQuick_Controls["Controls"]\n    node_venv_lib_python3_12_site-packages_PyQt6_Qt6_qml_QtQuick_Controls --> node_venv_lib_python3_12_site-packages_PyQt6_Qt6_qml_QtQuick_Controls_FluentWinUI3["FluentWinUI3"]\n    node_venv_lib_python3_12_site-packages_PyQt6_Qt6_qml_QtQuick_Controls_FluentWinUI3 --> node_venv_lib_python3_12_site-packages_PyQt6_Qt6_qml_QtQuick_Controls_FluentWinUI3_impl["impl"]\n    node_venv_lib_python3_12_site-packages_PyQt6_Qt6_qml_QtQuick_Controls_FluentWinUI3_impl --> node_venv_lib_python3_12_site-packages_PyQt6_Qt6_qml_QtQuick_Controls_FluentWinUI3_impl_FocusFrame_qml["FocusFrame.qml"]\n    Root --> node_venv["venv"]\n    node_venv --> node_venv_lib["lib"]\n    node_venv_lib --> node_venv_lib_python3_12["python3.12"]\n    node_venv_lib_python3_12 --> node_venv_lib_python3_12_site-packages["site-packages"]\n    node_venv_lib_python3_12_site-packages --> node_venv_lib_python3_12_site-packages_PyQt6["PyQt6"]\n    node_venv_lib_python3_12_site-packages_PyQt6 --> node_venv_lib_python3_12_site-packages_PyQt6_Qt6["Qt6"]\n    node_venv_lib_python3_12_site-packages_PyQt6_Qt6 --> node_venv_lib_python3_12_site-packages_PyQt6_Qt6_qml["qml"]\n    node_venv_lib_python3_12_site-packages_PyQt6_Qt6_qml --> node_venv_lib_python3_12_site-packages_PyQt6_Qt6_qml_QtQuick["QtQuick"]\n    node_venv_lib_python3_12_site-packages_PyQt6_Qt6_qml_QtQuick --> node_venv_lib_python3_12_site-packages_PyQt6_Qt6_qml_QtQuick_Controls["Controls"]\n    node_venv_lib_python3_12_site-packages_PyQt6_Qt6_qml_QtQuick_Controls --> node_venv_lib_python3_12_site-packages_PyQt6_Qt6_qml_QtQuick_Controls_FluentWinUI3["FluentWinUI3"]\n    node_venv_lib_python3_12_site-packages_PyQt6_Qt6_qml_QtQuick_Controls_FluentWinUI3 --> node_venv_lib_python3_12_site-packages_PyQt6_Qt6_qml_QtQuick_Controls_FluentWinUI3_impl["impl"]\n    node_venv_lib_python3_12_site-packages_PyQt6_Qt6_qml_QtQuick_Controls_FluentWinUI3_impl --> node_venv_lib_python3_12_site-packages_PyQt6_Qt6_qml_QtQuick_Controls_FluentWinUI3_impl_RadioIndicator_qml["RadioIndicator.qml"]\n    Root --> node_venv["venv"]\n    node_venv --> node_venv_lib["lib"]\n    node_venv_lib --> node_venv_lib_python3_12["python3.12"]\n    node_venv_lib_python3_12 --> node_venv_lib_python3_12_site-packages["site-packages"]\n    node_venv_lib_python3_12_site-packages --> node_venv_lib_python3_12_site-packages_PyQt6["PyQt6"]\n    node_venv_lib_python3_12_site-packages_PyQt6 --> node_venv_lib_python3_12_site-packages_PyQt6_Qt6["Qt6"]\n    node_venv_lib_python3_12_site-packages_PyQt6_Qt6 --> node_venv_lib_python3_12_site-packages_PyQt6_Qt6_qml["qml"]\n    node_venv_lib_python3_12_site-packages_PyQt6_Qt6_qml --> node_venv_lib_python3_12_site-packages_PyQt6_Qt6_qml_QtQuick["QtQuick"]\n    node_venv_lib_python3_12_site-packages_PyQt6_Qt6_qml_QtQuick --> node_venv_lib_python3_12_site-packages_PyQt6_Qt6_qml_QtQuick_Controls["Controls"]\n    node_venv_lib_python3_12_site-packages_PyQt6_Qt6_qml_QtQuick_Controls --> node_venv_lib_python3_12_site-packages_PyQt6_Qt6_qml_QtQuick_Controls_FluentWinUI3["FluentWinUI3"]\n    node_venv_lib_python3_12_site-packages_PyQt6_Qt6_qml_QtQuick_Controls_FluentWinUI3 --> node_venv_lib_python3_12_site-packages_PyQt6_Qt6_qml_QtQuick_Controls_FluentWinUI3_impl["impl"]\n    node_venv_lib_python3_12_site-packages_PyQt6_Qt6_qml_QtQuick_Controls_FluentWinUI3_impl --> node_venv_lib_python3_12_site-packages_PyQt6_Qt6_qml_QtQuick_Controls_FluentWinUI3_impl_StyleImage_qml["StyleImage.qml"]\n    Root --> node_venv["venv"]\n    node_venv --> node_venv_lib["lib"]\n    node_venv_lib --> node_venv_lib_python3_12["python3.12"]\n    node_venv_lib_python3_12 --> node_venv_lib_python3_12_site-packages["site-packages"]\n    node_venv_lib_python3_12_site-packages --> node_venv_lib_python3_12_site-packages_PyQt6["PyQt6"]\n    node_venv_lib_python3_12_site-packages_PyQt6 --> node_venv_lib_python3_12_site-packages_PyQt6_Qt6["Qt6"]\n    node_venv_lib_python3_12_site-packages_PyQt6_Qt6 --> node_venv_lib_python3_12_site-packages_PyQt6_Qt6_qml["qml"]\n    node_venv_lib_python3_12_site-packages_PyQt6_Qt6_qml --> node_venv_lib_python3_12_site-packages_PyQt6_Qt6_qml_QtQuick["QtQuick"]\n    node_venv_lib_python3_12_site-packages_PyQt6_Qt6_qml_QtQuick --> node_venv_lib_python3_12_site-packages_PyQt6_Qt6_qml_QtQuick_Controls["Controls"]\n    node_venv_lib_python3_12_site-packages_PyQt6_Qt6_qml_QtQuick_Controls --> node_venv_lib_python3_12_site-packages_PyQt6_Qt6_qml_QtQuick_Controls_FluentWinUI3["FluentWinUI3"]\n    node_venv_lib_python3_12_site-packages_PyQt6_Qt6_qml_QtQuick_Controls_FluentWinUI3 --> node_venv_lib_python3_12_site-packages_PyQt6_Qt6_qml_QtQuick_Controls_FluentWinUI3_impl["impl"]\n    node_venv_lib_python3_12_site-packages_PyQt6_Qt6_qml_QtQuick_Controls_FluentWinUI3_impl --> node_venv_lib_python3_12_site-packages_PyQt6_Qt6_qml_QtQuick_Controls_FluentWinUI3_impl_SwitchIndicator_qml["SwitchIndicator.qml"]\n    Root --> node_venv["venv"]\n    node_venv --> node_venv_lib["lib"]\n    node_venv_lib --> node_venv_lib_python3_12["python3.12"]\n    node_venv_lib_python3_12 --> node_venv_lib_python3_12_site-packages["site-packages"]\n    node_venv_lib_python3_12_site-packages --> node_venv_lib_python3_12_site-packages_PyQt6["PyQt6"]\n    node_venv_lib_python3_12_site-packages_PyQt6 --> node_venv_lib_python3_12_site-packages_PyQt6_Qt6["Qt6"]\n    node_venv_lib_python3_12_site-packages_PyQt6_Qt6 --> node_venv_lib_python3_12_site-packages_PyQt6_Qt6_qml["qml"]\n    node_venv_lib_python3_12_site-packages_PyQt6_Qt6_qml --> node_venv_lib_python3_12_site-packages_PyQt6_Qt6_qml_QtQuick["QtQuick"]\n    node_venv_lib_python3_12_site-packages_PyQt6_Qt6_qml_QtQuick --> node_venv_lib_python3_12_site-packages_PyQt6_Qt6_qml_QtQuick_Controls["Controls"]\n    node_venv_lib_python3_12_site-packages_PyQt6_Qt6_qml_QtQuick_Controls --> node_venv_lib_python3_12_site-packages_PyQt6_Qt6_qml_QtQuick_Controls_FluentWinUI3["FluentWinUI3"]\n    node_venv_lib_python3_12_site-packages_PyQt6_Qt6_qml_QtQuick_Controls_FluentWinUI3 --> node_venv_lib_python3_12_site-packages_PyQt6_Qt6_qml_QtQuick_Controls_FluentWinUI3_impl["impl"]\n    node_venv_lib_python3_12_site-packages_PyQt6_Qt6_qml_QtQuick_Controls_FluentWinUI3_impl --> node_venv_lib_python3_12_site-packages_PyQt6_Qt6_qml_QtQuick_Controls_FluentWinUI3_impl_libqtquickcontrols2fluentwinui3styleimplplugin_dylib["libqtquickcontrols2fluentwinui3styleimplplugin.dylib"]\n    Root --> node_venv["venv"]\n    node_venv --> node_venv_lib["lib"]\n    node_venv_lib --> node_venv_lib_python3_12["python3.12"]\n    node_venv_lib_python3_12 --> node_venv_lib_python3_12_site-packages["site-packages"]\n    node_venv_lib_python3_12_site-packages --> node_venv_lib_python3_12_site-packages_PyQt6["PyQt6"]\n    node_venv_lib_python3_12_site-packages_PyQt6 --> node_venv_lib_python3_12_site-packages_PyQt6_Qt6["Qt6"]\n    node_venv_lib_python3_12_site-packages_PyQt6_Qt6 --> node_venv_lib_python3_12_site-packages_PyQt6_Qt6_qml["qml"]\n    node_venv_lib_python3_12_site-packages_PyQt6_Qt6_qml --> node_venv_lib_python3_12_site-packages_PyQt6_Qt6_qml_QtQuick["QtQuick"]\n    node_venv_lib_python3_12_site-packages_PyQt6_Qt6_qml_QtQuick --> node_venv_lib_python3_12_site-packages_PyQt6_Qt6_qml_QtQuick_Controls["Controls"]\n    node_venv_lib_python3_12_site-packages_PyQt6_Qt6_qml_QtQuick_Controls --> node_venv_lib_python3_12_site-packages_PyQt6_Qt6_qml_QtQuick_Controls_FluentWinUI3["FluentWinUI3"]\n    node_venv_lib_python3_12_site-packages_PyQt6_Qt6_qml_QtQuick_Controls_FluentWinUI3 --> node_venv_lib_python3_12_site-packages_PyQt6_Qt6_qml_QtQuick_Controls_FluentWinUI3_impl["impl"]\n    node_venv_lib_python3_12_site-packages_PyQt6_Qt6_qml_QtQuick_Controls_FluentWinUI3_impl --> node_venv_lib_python3_12_site-packages_PyQt6_Qt6_qml_QtQuick_Controls_FluentWinUI3_impl_plugins_qmltypes["plugins.qmltypes"]\n    Root --> node_venv["venv"]\n    node_venv --> node_venv_lib["lib"]\n    node_venv_lib --> node_venv_lib_python3_12["python3.12"]\n    node_venv_lib_python3_12 --> node_venv_lib_python3_12_site-packages["site-packages"]\n    node_venv_lib_python3_12_site-packages --> node_venv_lib_python3_12_site-packages_PyQt6["PyQt6"]\n    node_venv_lib_python3_12_site-packages_PyQt6 --> node_venv_lib_python3_12_site-packages_PyQt6_Qt6["Qt6"]\n    node_venv_lib_python3_12_site-packages_PyQt6_Qt6 --> node_venv_lib_python3_12_site-packages_PyQt6_Qt6_qml["qml"]\n    node_venv_lib_python3_12_site-packages_PyQt6_Qt6_qml --> node_venv_lib_python3_12_site-packages_PyQt6_Qt6_qml_QtQuick["QtQuick"]\n    node_venv_lib_python3_12_site-packages_PyQt6_Qt6_qml_QtQuick --> node_venv_lib_python3_12_site-packages_PyQt6_Qt6_qml_QtQuick_Controls["Controls"]\n    node_venv_lib_python3_12_site-packages_PyQt6_Qt6_qml_QtQuick_Controls --> node_venv_lib_python3_12_site-packages_PyQt6_Qt6_qml_QtQuick_Controls_FluentWinUI3["FluentWinUI3"]\n    node_venv_lib_python3_12_site-packages_PyQt6_Qt6_qml_QtQuick_Controls_FluentWinUI3 --> node_venv_lib_python3_12_site-packages_PyQt6_Qt6_qml_QtQuick_Controls_FluentWinUI3_impl["impl"]\n    node_venv_lib_python3_12_site-packages_PyQt6_Qt6_qml_QtQuick_Controls_FluentWinUI3_impl --> node_venv_lib_python3_12_site-packages_PyQt6_Qt6_qml_QtQuick_Controls_FluentWinUI3_impl_qmldir["qmldir"]\n    Root --> node_venv["venv"]\n    node_venv --> node_venv_lib["lib"]\n    node_venv_lib --> node_venv_lib_python3_12["python3.12"]\n    node_venv_lib_python3_12 --> node_venv_lib_python3_12_site-packages["site-packages"]\n    node_venv_lib_python3_12_site-packages --> node_venv_lib_python3_12_site-packages_PyQt6["PyQt6"]\n    node_venv_lib_python3_12_site-packages_PyQt6 --> node_venv_lib_python3_12_site-packages_PyQt6_Qt6["Qt6"]\n    node_venv_lib_python3_12_site-packages_PyQt6_Qt6 --> node_venv_lib_python3_12_site-packages_PyQt6_Qt6_qml["qml"]\n    node_venv_lib_python3_12_site-packages_PyQt6_Qt6_qml --> node_venv_lib_python3_12_site-packages_PyQt6_Qt6_qml_QtQuick["QtQuick"]\n    node_venv_lib_python3_12_site-packages_PyQt6_Qt6_qml_QtQuick --> node_venv_lib_python3_12_site-packages_PyQt6_Qt6_qml_QtQuick_Controls["Controls"]\n    node_venv_lib_python3_12_site-packages_PyQt6_Qt6_qml_QtQuick_Controls --> node_venv_lib_python3_12_site-packages_PyQt6_Qt6_qml_QtQuick_Controls_FluentWinUI3["FluentWinUI3"]\n    node_venv_lib_python3_12_site-packages_PyQt6_Qt6_qml_QtQuick_Controls_FluentWinUI3 --> node_venv_lib_python3_12_site-packages_PyQt6_Qt6_qml_QtQuick_Controls_FluentWinUI3_icons["icons"]\n    node_venv_lib_python3_12_site-packages_PyQt6_Qt6_qml_QtQuick_Controls_FluentWinUI3_icons --> node_venv_lib_python3_12_site-packages_PyQt6_Qt6_qml_QtQuick_Controls_FluentWinUI3_icons_checkmark_png["checkmark.png"]\n    Root --> node_venv["venv"]\n    node_venv --> node_venv_lib["lib"]\n    node_venv_lib --> node_venv_lib_python3_12["python3.12"]\n    node_venv_lib_python3_12 --> node_venv_lib_python3_12_site-packages["site-packages"]\n    node_venv_lib_python3_12_site-packages --> node_venv_lib_python3_12_site-packages_PyQt6["PyQt6"]\n    node_venv_lib_python3_12_site-packages_PyQt6 --> node_venv_lib_python3_12_site-packages_PyQt6_Qt6["Qt6"]\n    node_venv_lib_python3_12_site-packages_PyQt6_Qt6 --> node_venv_lib_python3_12_site-packages_PyQt6_Qt6_qml["qml"]\n    node_venv_lib_python3_12_site-packages_PyQt6_Qt6_qml --> node_venv_lib_python3_12_site-packages_PyQt6_Qt6_qml_QtQuick["QtQuick"]\n    node_venv_lib_python3_12_site-packages_PyQt6_Qt6_qml_QtQuick --> node_venv_lib_python3_12_site-packages_PyQt6_Qt6_qml_QtQuick_Controls["Controls"]\n    node_venv_lib_python3_12_site-packages_PyQt6_Qt6_qml_QtQuick_Controls --> node_venv_lib_python3_12_site-packages_PyQt6_Qt6_qml_QtQuick_Controls_FluentWinUI3["FluentWinUI3"]\n    node_venv_lib_python3_12_site-packages_PyQt6_Qt6_qml_QtQuick_Controls_FluentWinUI3 --> node_venv_lib_python3_12_site-packages_PyQt6_Qt6_qml_QtQuick_Controls_FluentWinUI3_icons["icons"]\n    node_venv_lib_python3_12_site-packages_PyQt6_Qt6_qml_QtQuick_Controls_FluentWinUI3_icons --> node_venv_lib_python3_12_site-packages_PyQt6_Qt6_qml_QtQuick_Controls_FluentWinUI3_icons_checkmark@2x_png["checkmark@2x.png"]\n    Root --> node_venv["venv"]\n    node_venv --> node_venv_lib["lib"]\n    node_venv_lib --> node_venv_lib_python3_12["python3.12"]\n    node_venv_lib_python3_12 --> node_venv_lib_python3_12_site-packages["site-packages"]\n    node_venv_lib_python3_12_site-packages --> node_venv_lib_python3_12_site-packages_PyQt6["PyQt6"]\n    node_venv_lib_python3_12_site-packages_PyQt6 --> node_venv_lib_python3_12_site-packages_PyQt6_Qt6["Qt6"]\n    node_venv_lib_python3_12_site-packages_PyQt6_Qt6 --> node_venv_lib_python3_12_site-packages_PyQt6_Qt6_qml["qml"]\n    node_venv_lib_python3_12_site-packages_PyQt6_Qt6_qml --> node_venv_lib_python3_12_site-packages_PyQt6_Qt6_qml_QtQuick["QtQuick"]\n    node_venv_lib_python3_12_site-packages_PyQt6_Qt6_qml_QtQuick --> node_venv_lib_python3_12_site-packages_PyQt6_Qt6_qml_QtQuick_Controls["Controls"]\n    node_venv_lib_python3_12_site-packages_PyQt6_Qt6_qml_QtQuick_Controls --> node_venv_lib_python3_12_site-packages_PyQt6_Qt6_qml_QtQuick_Controls_FluentWinUI3["FluentWinUI3"]\n    node_venv_lib_python3_12_site-packages_PyQt6_Qt6_qml_QtQuick_Controls_FluentWinUI3 --> node_venv_lib_python3_12_site-packages_PyQt6_Qt6_qml_QtQuick_Controls_FluentWinUI3_icons["icons"]\n    node_venv_lib_python3_12_site-packages_PyQt6_Qt6_qml_QtQuick_Controls_FluentWinUI3_icons --> node_venv_lib_python3_12_site-packages_PyQt6_Qt6_qml_QtQuick_Controls_FluentWinUI3_icons_checkmark@3x_png["checkmark@3x.png"]\n    Root --> node_venv["venv"]\n    node_venv --> node_venv_lib["lib"]\n    node_venv_lib --> node_venv_lib_python3_12["python3.12"]\n    node_venv_lib_python3_12 --> node_venv_lib_python3_12_site-packages["site-packages"]\n    node_venv_lib_python3_12_site-packages --> node_venv_lib_python3_12_site-packages_PyQt6["PyQt6"]\n    node_venv_lib_python3_12_site-packages_PyQt6 --> node_venv_lib_python3_12_site-packages_PyQt6_Qt6["Qt6"]\n    node_venv_lib_python3_12_site-packages_PyQt6_Qt6 --> node_venv_lib_python3_12_site-packages_PyQt6_Qt6_qml["qml"]\n    node_venv_lib_python3_12_site-packages_PyQt6_Qt6_qml --> node_venv_lib_python3_12_site-packages_PyQt6_Qt6_qml_QtQuick["QtQuick"]\n    node_venv_lib_python3_12_site-packages_PyQt6_Qt6_qml_QtQuick --> node_venv_lib_python3_12_site-packages_PyQt6_Qt6_qml_QtQuick_Controls["Controls"]\n    node_venv_lib_python3_12_site-packages_PyQt6_Qt6_qml_QtQuick_Controls --> node_venv_lib_python3_12_site-packages_PyQt6_Qt6_qml_QtQuick_Controls_FluentWinUI3["FluentWinUI3"]\n    node_venv_lib_python3_12_site-packages_PyQt6_Qt6_qml_QtQuick_Controls_FluentWinUI3 --> node_venv_lib_python3_12_site-packages_PyQt6_Qt6_qml_QtQuick_Controls_FluentWinUI3_icons["icons"]\n    node_venv_lib_python3_12_site-packages_PyQt6_Qt6_qml_QtQuick_Controls_FluentWinUI3_icons --> node_venv_lib_python3_12_site-packages_PyQt6_Qt6_qml_QtQuick_Controls_FluentWinUI3_icons_close_big_png["close_big.png"]\n    Root --> node_venv["venv"]\n    node_venv --> node_venv_lib["lib"]\n    node_venv_lib --> node_venv_lib_python3_12["python3.12"]\n    node_venv_lib_python3_12 --> node_venv_lib_python3_12_site-packages["site-packages"]\n    node_venv_lib_python3_12_site-packages --> node_venv_lib_python3_12_site-packages_PyQt6["PyQt6"]\n    node_venv_lib_python3_12_site-packages_PyQt6 --> node_venv_lib_python3_12_site-packages_PyQt6_Qt6["Qt6"]\n    node_venv_lib_python3_12_site-packages_PyQt6_Qt6 --> node_venv_lib_python3_12_site-packages_PyQt6_Qt6_qml["qml"]\n    node_venv_lib_python3_12_site-packages_PyQt6_Qt6_qml --> node_venv_lib_python3_12_site-packages_PyQt6_Qt6_qml_QtQuick["QtQuick"]\n    node_venv_lib_python3_12_site-packages_PyQt6_Qt6_qml_QtQuick --> node_venv_lib_python3_12_site-packages_PyQt6_Qt6_qml_QtQuick_Controls["Controls"]\n    node_venv_lib_python3_12_site-packages_PyQt6_Qt6_qml_QtQuick_Controls --> node_venv_lib_python3_12_site-packages_PyQt6_Qt6_qml_QtQuick_Controls_FluentWinUI3["FluentWinUI3"]\n    node_venv_lib_python3_12_site-packages_PyQt6_Qt6_qml_QtQuick_Controls_FluentWinUI3 --> node_venv_lib_python3_12_site-packages_PyQt6_Qt6_qml_QtQuick_Controls_FluentWinUI3_icons["icons"]\n    node_venv_lib_python3_12_site-packages_PyQt6_Qt6_qml_QtQuick_Controls_FluentWinUI3_icons --> node_venv_lib_python3_12_site-packages_PyQt6_Qt6_qml_QtQuick_Controls_FluentWinUI3_icons_close_big@2x_png["close_big@2x.png"]\n    Root --> node_venv["venv"]\n    node_venv --> node_venv_lib["lib"]\n    node_venv_lib --> node_venv_lib_python3_12["python3.12"]\n    node_venv_lib_python3_12 --> node_venv_lib_python3_12_site-packages["site-packages"]\n    node_venv_lib_python3_12_site-packages --> node_venv_lib_python3_12_site-packages_PyQt6["PyQt6"]\n    node_venv_lib_python3_12_site-packages_PyQt6 --> node_venv_lib_python3_12_site-packages_PyQt6_Qt6["Qt6"]\n    node_venv_lib_python3_12_site-packages_PyQt6_Qt6 --> node_venv_lib_python3_12_site-packages_PyQt6_Qt6_qml["qml"]\n    node_venv_lib_python3_12_site-packages_PyQt6_Qt6_qml --> node_venv_lib_python3_12_site-packages_PyQt6_Qt6_qml_QtQuick["QtQuick"]\n    node_venv_lib_python3_12_site-packages_PyQt6_Qt6_qml_QtQuick --> node_venv_lib_python3_12_site-packages_PyQt6_Qt6_qml_QtQuick_Controls["Controls"]\n    node_venv_lib_python3_12_site-packages_PyQt6_Qt6_qml_QtQuick_Controls --> node_venv_lib_python3_12_site-packages_PyQt6_Qt6_qml_QtQuick_Controls_FluentWinUI3["FluentWinUI3"]\n    node_venv_lib_python3_12_site-packages_PyQt6_Qt6_qml_QtQuick_Controls_FluentWinUI3 --> node_venv_lib_python3_12_site-packages_PyQt6_Qt6_qml_QtQuick_Controls_FluentWinUI3_icons["icons"]\n    node_venv_lib_python3_12_site-packages_PyQt6_Qt6_qml_QtQuick_Controls_FluentWinUI3_icons --> node_venv_lib_python3_12_site-packages_PyQt6_Qt6_qml_QtQuick_Controls_FluentWinUI3_icons_close_big@3x_png["close_big@3x.png"]\n    Root --> node_venv["venv"]\n    node_venv --> node_venv_lib["lib"]\n    node_venv_lib --> node_venv_lib_python3_12["python3.12"]\n    node_venv_lib_python3_12 --> node_venv_lib_python3_12_site-packages["site-packages"]\n    node_venv_lib_python3_12_site-packages --> node_venv_lib_python3_12_site-packages_PyQt6["PyQt6"]\n    node_venv_lib_python3_12_site-packages_PyQt6 --> node_venv_lib_python3_12_site-packages_PyQt6_Qt6["Qt6"]\n    node_venv_lib_python3_12_site-packages_PyQt6_Qt6 --> node_venv_lib_python3_12_site-packages_PyQt6_Qt6_qml["qml"]\n    node_venv_lib_python3_12_site-packages_PyQt6_Qt6_qml --> node_venv_lib_python3_12_site-packages_PyQt6_Qt6_qml_QtQuick["QtQuick"]\n    node_venv_lib_python3_12_site-packages_PyQt6_Qt6_qml_QtQuick --> node_venv_lib_python3_12_site-packages_PyQt6_Qt6_qml_QtQuick_Controls["Controls"]\n    node_venv_lib_python3_12_site-packages_PyQt6_Qt6_qml_QtQuick_Controls --> node_venv_lib_python3_12_site-packages_PyQt6_Qt6_qml_QtQuick_Controls_FluentWinUI3["FluentWinUI3"]\n    node_venv_lib_python3_12_site-packages_PyQt6_Qt6_qml_QtQuick_Controls_FluentWinUI3 --> node_venv_lib_python3_12_site-packages_PyQt6_Qt6_qml_QtQuick_Controls_FluentWinUI3_icons["icons"]\n    node_venv_lib_python3_12_site-packages_PyQt6_Qt6_qml_QtQuick_Controls_FluentWinUI3_icons --> node_venv_lib_python3_12_site-packages_PyQt6_Qt6_qml_QtQuick_Controls_FluentWinUI3_icons_menuarrow_png["menuarrow.png"]\n    Root --> node_venv["venv"]\n    node_venv --> node_venv_lib["lib"]\n    node_venv_lib --> node_venv_lib_python3_12["python3.12"]\n    node_venv_lib_python3_12 --> node_venv_lib_python3_12_site-packages["site-packages"]\n    node_venv_lib_python3_12_site-packages --> node_venv_lib_python3_12_site-packages_PyQt6["PyQt6"]\n    node_venv_lib_python3_12_site-packages_PyQt6 --> node_venv_lib_python3_12_site-packages_PyQt6_Qt6["Qt6"]\n    node_venv_lib_python3_12_site-packages_PyQt6_Qt6 --> node_venv_lib_python3_12_site-packages_PyQt6_Qt6_qml["qml"]\n    node_venv_lib_python3_12_site-packages_PyQt6_Qt6_qml --> node_venv_lib_python3_12_site-packages_PyQt6_Qt6_qml_QtQuick["QtQuick"]\n    node_venv_lib_python3_12_site-packages_PyQt6_Qt6_qml_QtQuick --> node_venv_lib_python3_12_site-packages_PyQt6_Qt6_qml_QtQuick_Controls["Controls"]\n    node_venv_lib_python3_12_site-packages_PyQt6_Qt6_qml_QtQuick_Controls --> node_venv_lib_python3_12_site-packages_PyQt6_Qt6_qml_QtQuick_Controls_FluentWinUI3["FluentWinUI3"]\n    node_venv_lib_python3_12_site-packages_PyQt6_Qt6_qml_QtQuick_Controls_FluentWinUI3 --> node_venv_lib_python3_12_site-packages_PyQt6_Qt6_qml_QtQuick_Controls_FluentWinUI3_icons["icons"]\n    node_venv_lib_python3_12_site-packages_PyQt6_Qt6_qml_QtQuick_Controls_FluentWinUI3_icons --> node_venv_lib_python3_12_site-packages_PyQt6_Qt6_qml_QtQuick_Controls_FluentWinUI3_icons_menuarrow@2x_png["menuarrow@2x.png"]\n    Root --> node_venv["venv"]\n    node_venv --> node_venv_lib["lib"]\n    node_venv_lib --> node_venv_lib_python3_12["python3.12"]\n    node_venv_lib_python3_12 --> node_venv_lib_python3_12_site-packages["site-packages"]\n    node_venv_lib_python3_12_site-packages --> node_venv_lib_python3_12_site-packages_PyQt6["PyQt6"]\n    node_venv_lib_python3_12_site-packages_PyQt6 --> node_venv_lib_python3_12_site-packages_PyQt6_Qt6["Qt6"]\n    node_venv_lib_python3_12_site-packages_PyQt6_Qt6 --> node_venv_lib_python3_12_site-packages_PyQt6_Qt6_qml["qml"]\n    node_venv_lib_python3_12_site-packages_PyQt6_Qt6_qml --> node_venv_lib_python3_12_site-packages_PyQt6_Qt6_qml_QtQuick["QtQuick"]\n    node_venv_lib_python3_12_site-packages_PyQt6_Qt6_qml_QtQuick --> node_venv_lib_python3_12_site-packages_PyQt6_Qt6_qml_QtQuick_Controls["Controls"]\n    node_venv_lib_python3_12_site-packages_PyQt6_Qt6_qml_QtQuick_Controls --> node_venv_lib_python3_12_site-packages_PyQt6_Qt6_qml_QtQuick_Controls_FluentWinUI3["FluentWinUI3"]\n    node_venv_lib_python3_12_site-packages_PyQt6_Qt6_qml_QtQuick_Controls_FluentWinUI3 --> node_venv_lib_python3_12_site-packages_PyQt6_Qt6_qml_QtQuick_Controls_FluentWinUI3_icons["icons"]\n    node_venv_lib_python3_12_site-packages_PyQt6_Qt6_qml_QtQuick_Controls_FluentWinUI3_icons --> node_venv_lib_python3_12_site-packages_PyQt6_Qt6_qml_QtQuick_Controls_FluentWinUI3_icons_menuarrow@3x_png["menuarrow@3x.png"]\n    Root --> node_venv["venv"]\n    node_venv --> node_venv_lib["lib"]\n    node_venv_lib --> node_venv_lib_python3_12["python3.12"]\n    node_venv_lib_python3_12 --> node_venv_lib_python3_12_site-packages["site-packages"]\n    node_venv_lib_python3_12_site-packages --> node_venv_lib_python3_12_site-packages_PyQt6["PyQt6"]\n    node_venv_lib_python3_12_site-packages_PyQt6 --> node_venv_lib_python3_12_site-packages_PyQt6_Qt6["Qt6"]\n    node_venv_lib_python3_12_site-packages_PyQt6_Qt6 --> node_venv_lib_python3_12_site-packages_PyQt6_Qt6_qml["qml"]\n    node_venv_lib_python3_12_site-packages_PyQt6_Qt6_qml --> node_venv_lib_python3_12_site-packages_PyQt6_Qt6_qml_QtQuick["QtQuick"]\n    node_venv_lib_python3_12_site-packages_PyQt6_Qt6_qml_QtQuick --> node_venv_lib_python3_12_site-packages_PyQt6_Qt6_qml_QtQuick_Controls["Controls"]\n    node_venv_lib_python3_12_site-packages_PyQt6_Qt6_qml_QtQuick_Controls --> node_venv_lib_python3_12_site-packages_PyQt6_Qt6_qml_QtQuick_Controls_FluentWinUI3["FluentWinUI3"]\n    node_venv_lib_python3_12_site-packages_PyQt6_Qt6_qml_QtQuick_Controls_FluentWinUI3 --> node_venv_lib_python3_12_site-packages_PyQt6_Qt6_qml_QtQuick_Controls_FluentWinUI3_icons["icons"]\n    node_venv_lib_python3_12_site-packages_PyQt6_Qt6_qml_QtQuick_Controls_FluentWinUI3_icons --> node_venv_lib_python3_12_site-packages_PyQt6_Qt6_qml_QtQuick_Controls_FluentWinUI3_icons_search-magnifier_png["search-magnifier.png"]\n    Root --> node_venv["venv"]\n    node_venv --> node_venv_lib["lib"]\n    node_venv_lib --> node_venv_lib_python3_12["python3.12"]\n    node_venv_lib_python3_12 --> node_venv_lib_python3_12_site-packages["site-packages"]\n    node_venv_lib_python3_12_site-packages --> node_venv_lib_python3_12_site-packages_PyQt6["PyQt6"]\n    node_venv_lib_python3_12_site-packages_PyQt6 --> node_venv_lib_python3_12_site-packages_PyQt6_Qt6["Qt6"]\n    node_venv_lib_python3_12_site-packages_PyQt6_Qt6 --> node_venv_lib_python3_12_site-packages_PyQt6_Qt6_qml["qml"]\n    node_venv_lib_python3_12_site-packages_PyQt6_Qt6_qml --> node_venv_lib_python3_12_site-packages_PyQt6_Qt6_qml_QtQuick["QtQuick"]\n    node_venv_lib_python3_12_site-packages_PyQt6_Qt6_qml_QtQuick --> node_venv_lib_python3_12_site-packages_PyQt6_Qt6_qml_QtQuick_Controls["Controls"]\n    node_venv_lib_python3_12_site-packages_PyQt6_Qt6_qml_QtQuick_Controls --> node_venv_lib_python3_12_site-packages_PyQt6_Qt6_qml_QtQuick_Controls_FluentWinUI3["FluentWinUI3"]\n    node_venv_lib_python3_12_site-packages_PyQt6_Qt6_qml_QtQuick_Controls_FluentWinUI3 --> node_venv_lib_python3_12_site-packages_PyQt6_Qt6_qml_QtQuick_Controls_FluentWinUI3_icons["icons"]\n    node_venv_lib_python3_12_site-packages_PyQt6_Qt6_qml_QtQuick_Controls_FluentWinUI3_icons --> node_venv_lib_python3_12_site-packages_PyQt6_Qt6_qml_QtQuick_Controls_FluentWinUI3_icons_search-magnifier@2x_png["search-magnifier@2x.png"]\n    Root --> node_venv["venv"]\n    node_venv --> node_venv_lib["lib"]\n    node_venv_lib --> node_venv_lib_python3_12["python3.12"]\n    node_venv_lib_python3_12 --> node_venv_lib_python3_12_site-packages["site-packages"]\n    node_venv_lib_python3_12_site-packages --> node_venv_lib_python3_12_site-packages_PyQt6["PyQt6"]\n    node_venv_lib_python3_12_site-packages_PyQt6 --> node_venv_lib_python3_12_site-packages_PyQt6_Qt6["Qt6"]\n    node_venv_lib_python3_12_site-packages_PyQt6_Qt6 --> node_venv_lib_python3_12_site-packages_PyQt6_Qt6_qml["qml"]\n    node_venv_lib_python3_12_site-packages_PyQt6_Qt6_qml --> node_venv_lib_python3_12_site-packages_PyQt6_Qt6_qml_QtQuick["QtQuick"]\n    node_venv_lib_python3_12_site-packages_PyQt6_Qt6_qml_QtQuick --> node_venv_lib_python3_12_site-packages_PyQt6_Qt6_qml_QtQuick_Controls["Controls"]\n    node_venv_lib_python3_12_site-packages_PyQt6_Qt6_qml_QtQuick_Controls --> node_venv_lib_python3_12_site-packages_PyQt6_Qt6_qml_QtQuick_Controls_FluentWinUI3["FluentWinUI3"]\n    node_venv_lib_python3_12_site-packages_PyQt6_Qt6_qml_QtQuick_Controls_FluentWinUI3 --> node_venv_lib_python3_12_site-packages_PyQt6_Qt6_qml_QtQuick_Controls_FluentWinUI3_icons["icons"]\n    node_venv_lib_python3_12_site-packages_PyQt6_Qt6_qml_QtQuick_Controls_FluentWinUI3_icons --> node_venv_lib_python3_12_site-packages_PyQt6_Qt6_qml_QtQuick_Controls_FluentWinUI3_icons_search-magnifier@3x_png["search-magnifier@3x.png"]\n    Root --> node_venv["venv"]\n    node_venv --> node_venv_lib["lib"]\n    node_venv_lib --> node_venv_lib_python3_12["python3.12"]\n    node_venv_lib_python3_12 --> node_venv_lib_python3_12_site-packages["site-packages"]\n    node_venv_lib_python3_12_site-packages --> node_venv_lib_python3_12_site-packages_PyQt6["PyQt6"]\n    node_venv_lib_python3_12_site-packages_PyQt6 --> node_venv_lib_python3_12_site-packages_PyQt6_Qt6["Qt6"]\n    node_venv_lib_python3_12_site-packages_PyQt6_Qt6 --> node_venv_lib_python3_12_site-packages_PyQt6_Qt6_qml["qml"]\n    node_venv_lib_python3_12_site-packages_PyQt6_Qt6_qml --> node_venv_lib_python3_12_site-packages_PyQt6_Qt6_qml_QtQuick["QtQuick"]\n    node_venv_lib_python3_12_site-packages_PyQt6_Qt6_qml_QtQuick --> node_venv_lib_python3_12_site-packages_PyQt6_Qt6_qml_QtQuick_Controls["Controls"]\n    node_venv_lib_python3_12_site-packages_PyQt6_Qt6_qml_QtQuick_Controls --> node_venv_lib_python3_12_site-packages_PyQt6_Qt6_qml_QtQuick_Controls_FluentWinUI3["FluentWinUI3"]\n    node_venv_lib_python3_12_site-packages_PyQt6_Qt6_qml_QtQuick_Controls_FluentWinUI3 --> node_venv_lib_python3_12_site-packages_PyQt6_Qt6_qml_QtQuick_Controls_FluentWinUI3_light["light"]\n    node_venv_lib_python3_12_site-packages_PyQt6_Qt6_qml_QtQuick_Controls_FluentWinUI3_light --> node_venv_lib_python3_12_site-packages_PyQt6_Qt6_qml_QtQuick_Controls_FluentWinUI3_light_images["images"]\n    node_venv_lib_python3_12_site-packages_PyQt6_Qt6_qml_QtQuick_Controls_FluentWinUI3_light_images --> node_venv_lib_python3_12_site-packages_PyQt6_Qt6_qml_QtQuick_Controls_FluentWinUI3_light_images_checkbox-indicator-checked-disabled_png["checkbox-indicator-checked-disabled.png"]\n    Root --> node_venv["venv"]\n    node_venv --> node_venv_lib["lib"]\n    node_venv_lib --> node_venv_lib_python3_12["python3.12"]\n    node_venv_lib_python3_12 --> node_venv_lib_python3_12_site-packages["site-packages"]\n    node_venv_lib_python3_12_site-packages --> node_venv_lib_python3_12_site-packages_PyQt6["PyQt6"]\n    node_venv_lib_python3_12_site-packages_PyQt6 --> node_venv_lib_python3_12_site-packages_PyQt6_Qt6["Qt6"]\n    node_venv_lib_python3_12_site-packages_PyQt6_Qt6 --> node_venv_lib_python3_12_site-packages_PyQt6_Qt6_qml["qml"]\n    node_venv_lib_python3_12_site-packages_PyQt6_Qt6_qml --> node_venv_lib_python3_12_site-packages_PyQt6_Qt6_qml_QtQuick["QtQuick"]\n    node_venv_lib_python3_12_site-packages_PyQt6_Qt6_qml_QtQuick --> node_venv_lib_python3_12_site-packages_PyQt6_Qt6_qml_QtQuick_Controls["Controls"]\n    node_venv_lib_python3_12_site-packages_PyQt6_Qt6_qml_QtQuick_Controls --> node_venv_lib_python3_12_site-packages_PyQt6_Qt6_qml_QtQuick_Controls_FluentWinUI3["FluentWinUI3"]\n    node_venv_lib_python3_12_site-packages_PyQt6_Qt6_qml_QtQuick_Controls_FluentWinUI3 --> node_venv_lib_python3_12_site-packages_PyQt6_Qt6_qml_QtQuick_Controls_FluentWinUI3_light["light"]\n    node_venv_lib_python3_12_site-packages_PyQt6_Qt6_qml_QtQuick_Controls_FluentWinUI3_light --> node_venv_lib_python3_12_site-packages_PyQt6_Qt6_qml_QtQuick_Controls_FluentWinUI3_light_images["images"]\n    node_venv_lib_python3_12_site-packages_PyQt6_Qt6_qml_QtQuick_Controls_FluentWinUI3_light_images --> node_venv_lib_python3_12_site-packages_PyQt6_Qt6_qml_QtQuick_Controls_FluentWinUI3_light_images_checkbox-indicator-checked-disabled@2x_png["checkbox-indicator-checked-disabled@2x.png"]\n    Root --> node_venv["venv"]\n    node_venv --> node_venv_lib["lib"]\n    node_venv_lib --> node_venv_lib_python3_12["python3.12"]\n    node_venv_lib_python3_12 --> node_venv_lib_python3_12_site-packages["site-packages"]\n    node_venv_lib_python3_12_site-packages --> node_venv_lib_python3_12_site-packages_PyQt6["PyQt6"]\n    node_venv_lib_python3_12_site-packages_PyQt6 --> node_venv_lib_python3_12_site-packages_PyQt6_Qt6["Qt6"]\n    node_venv_lib_python3_12_site-packages_PyQt6_Qt6 --> node_venv_lib_python3_12_site-packages_PyQt6_Qt6_qml["qml"]\n    node_venv_lib_python3_12_site-packages_PyQt6_Qt6_qml --> node_venv_lib_python3_12_site-packages_PyQt6_Qt6_qml_QtQuick["QtQuick"]\n    node_venv_lib_python3_12_site-packages_PyQt6_Qt6_qml_QtQuick --> node_venv_lib_python3_12_site-packages_PyQt6_Qt6_qml_QtQuick_Controls["Controls"]\n    node_venv_lib_python3_12_site-packages_PyQt6_Qt6_qml_QtQuick_Controls --> node_venv_lib_python3_12_site-packages_PyQt6_Qt6_qml_QtQuick_Controls_FluentWinUI3["FluentWinUI3"]\n    node_venv_lib_python3_12_site-packages_PyQt6_Qt6_qml_QtQuick_Controls_FluentWinUI3 --> node_venv_lib_python3_12_site-packages_PyQt6_Qt6_qml_QtQuick_Controls_FluentWinUI3_light["light"]\n    node_venv_lib_python3_12_site-packages_PyQt6_Qt6_qml_QtQuick_Controls_FluentWinUI3_light --> node_venv_lib_python3_12_site-packages_PyQt6_Qt6_qml_QtQuick_Controls_FluentWinUI3_light_images["images"]\n    node_venv_lib_python3_12_site-packages_PyQt6_Qt6_qml_QtQuick_Controls_FluentWinUI3_light_images --> node_venv_lib_python3_12_site-packages_PyQt6_Qt6_qml_QtQuick_Controls_FluentWinUI3_light_images_checkbox-indicator-checked-disabled@3x_png["checkbox-indicator-checked-disabled@3x.png"]\n    Root --> node_venv["venv"]\n    node_venv --> node_venv_lib["lib"]\n    node_venv_lib --> node_venv_lib_python3_12["python3.12"]\n    node_venv_lib_python3_12 --> node_venv_lib_python3_12_site-packages["site-packages"]\n    node_venv_lib_python3_12_site-packages --> node_venv_lib_python3_12_site-packages_PyQt6["PyQt6"]\n    node_venv_lib_python3_12_site-packages_PyQt6 --> node_venv_lib_python3_12_site-packages_PyQt6_Qt6["Qt6"]\n    node_venv_lib_python3_12_site-packages_PyQt6_Qt6 --> node_venv_lib_python3_12_site-packages_PyQt6_Qt6_qml["qml"]\n    node_venv_lib_python3_12_site-packages_PyQt6_Qt6_qml --> node_venv_lib_python3_12_site-packages_PyQt6_Qt6_qml_QtQuick["QtQuick"]\n    node_venv_lib_python3_12_site-packages_PyQt6_Qt6_qml_QtQuick --> node_venv_lib_python3_12_site-packages_PyQt6_Qt6_qml_QtQuick_Controls["Controls"]\n    node_venv_lib_python3_12_site-packages_PyQt6_Qt6_qml_QtQuick_Controls --> node_venv_lib_python3_12_site-packages_PyQt6_Qt6_qml_QtQuick_Controls_FluentWinUI3["FluentWinUI3"]\n    node_venv_lib_python3_12_site-packages_PyQt6_Qt6_qml_QtQuick_Controls_FluentWinUI3 --> node_venv_lib_python3_12_site-packages_PyQt6_Qt6_qml_QtQuick_Controls_FluentWinUI3_light["light"]\n    node_venv_lib_python3_12_site-packages_PyQt6_Qt6_qml_QtQuick_Controls_FluentWinUI3_light --> node_venv_lib_python3_12_site-packages_PyQt6_Qt6_qml_QtQuick_Controls_FluentWinUI3_light_images["images"]\n    node_venv_lib_python3_12_site-packages_PyQt6_Qt6_qml_QtQuick_Controls_FluentWinUI3_light_images --> node_venv_lib_python3_12_site-packages_PyQt6_Qt6_qml_QtQuick_Controls_FluentWinUI3_light_images_checkbox-indicator-checked-hovered_png["checkbox-indicator-checked-hovered.png"]\n    Root --> node_venv["venv"]\n    node_venv --> node_venv_lib["lib"]\n    node_venv_lib --> node_venv_lib_python3_12["python3.12"]\n    node_venv_lib_python3_12 --> node_venv_lib_python3_12_site-packages["site-packages"]\n    node_venv_lib_python3_12_site-packages --> node_venv_lib_python3_12_site-packages_PyQt6["PyQt6"]\n    node_venv_lib_python3_12_site-packages_PyQt6 --> node_venv_lib_python3_12_site-packages_PyQt6_Qt6["Qt6"]\n    node_venv_lib_python3_12_site-packages_PyQt6_Qt6 --> node_venv_lib_python3_12_site-packages_PyQt6_Qt6_qml["qml"]\n    node_venv_lib_python3_12_site-packages_PyQt6_Qt6_qml --> node_venv_lib_python3_12_site-packages_PyQt6_Qt6_qml_QtQuick["QtQuick"]\n    node_venv_lib_python3_12_site-packages_PyQt6_Qt6_qml_QtQuick --> node_venv_lib_python3_12_site-packages_PyQt6_Qt6_qml_QtQuick_Controls["Controls"]\n    node_venv_lib_python3_12_site-packages_PyQt6_Qt6_qml_QtQuick_Controls --> node_venv_lib_python3_12_site-packages_PyQt6_Qt6_qml_QtQuick_Controls_FluentWinUI3["FluentWinUI3"]\n    node_venv_lib_python3_12_site-packages_PyQt6_Qt6_qml_QtQuick_Controls_FluentWinUI3 --> node_venv_lib_python3_12_site-packages_PyQt6_Qt6_qml_QtQuick_Controls_FluentWinUI3_light["light"]\n    node_venv_lib_python3_12_site-packages_PyQt6_Qt6_qml_QtQuick_Controls_FluentWinUI3_light --> node_venv_lib_python3_12_site-packages_PyQt6_Qt6_qml_QtQuick_Controls_FluentWinUI3_light_images["images"]\n    node_venv_lib_python3_12_site-packages_PyQt6_Qt6_qml_QtQuick_Controls_FluentWinUI3_light_images --> node_venv_lib_python3_12_site-packages_PyQt6_Qt6_qml_QtQuick_Controls_FluentWinUI3_light_images_checkbox-indicator-checked-hovered@2x_png["checkbox-indicator-checked-hovered@2x.png"]\n    Root --> node_venv["venv"]\n    node_venv --> node_venv_lib["lib"]\n    node_venv_lib --> node_venv_lib_python3_12["python3.12"]\n    node_venv_lib_python3_12 --> node_venv_lib_python3_12_site-packages["site-packages"]\n    node_venv_lib_python3_12_site-packages --> node_venv_lib_python3_12_site-packages_PyQt6["PyQt6"]\n    node_venv_lib_python3_12_site-packages_PyQt6 --> node_venv_lib_python3_12_site-packages_PyQt6_Qt6["Qt6"]\n    node_venv_lib_python3_12_site-packages_PyQt6_Qt6 --> node_venv_lib_python3_12_site-packages_PyQt6_Qt6_qml["qml"]\n    node_venv_lib_python3_12_site-packages_PyQt6_Qt6_qml --> node_venv_lib_python3_12_site-packages_PyQt6_Qt6_qml_QtQuick["QtQuick"]\n    node_venv_lib_python3_12_site-packages_PyQt6_Qt6_qml_QtQuick --> node_venv_lib_python3_12_site-packages_PyQt6_Qt6_qml_QtQuick_Controls["Controls"]\n    node_venv_lib_python3_12_site-packages_PyQt6_Qt6_qml_QtQuick_Controls --> node_venv_lib_python3_12_site-packages_PyQt6_Qt6_qml_QtQuick_Controls_FluentWinUI3["FluentWinUI3"]\n    node_venv_lib_python3_12_site-packages_PyQt6_Qt6_qml_QtQuick_Controls_FluentWinUI3 --> node_venv_lib_python3_12_site-packages_PyQt6_Qt6_qml_QtQuick_Controls_FluentWinUI3_light["light"]\n    node_venv_lib_python3_12_site-packages_PyQt6_Qt6_qml_QtQuick_Controls_FluentWinUI3_light --> node_venv_lib_python3_12_site-packages_PyQt6_Qt6_qml_QtQuick_Controls_FluentWinUI3_light_images["images"]\n    node_venv_lib_python3_12_site-packages_PyQt6_Qt6_qml_QtQuick_Controls_FluentWinUI3_light_images --> node_venv_lib_python3_12_site-packages_PyQt6_Qt6_qml_QtQuick_Controls_FluentWinUI3_light_images_checkbox-indicator-checked-hovered@3x_png["checkbox-indicator-checked-hovered@3x.png"]\n    Root --> node_venv["venv"]\n    node_venv --> node_venv_lib["lib"]\n    node_venv_lib --> node_venv_lib_python3_12["python3.12"]\n    node_venv_lib_python3_12 --> node_venv_lib_python3_12_site-packages["site-packages"]\n    node_venv_lib_python3_12_site-packages --> node_venv_lib_python3_12_site-packages_PyQt6["PyQt6"]\n    node_venv_lib_python3_12_site-packages_PyQt6 --> node_venv_lib_python3_12_site-packages_PyQt6_Qt6["Qt6"]\n    node_venv_lib_python3_12_site-packages_PyQt6_Qt6 --> node_venv_lib_python3_12_site-packages_PyQt6_Qt6_qml["qml"]\n    node_venv_lib_python3_12_site-packages_PyQt6_Qt6_qml --> node_venv_lib_python3_12_site-packages_PyQt6_Qt6_qml_QtQuick["QtQuick"]\n    node_venv_lib_python3_12_site-packages_PyQt6_Qt6_qml_QtQuick --> node_venv_lib_python3_12_site-packages_PyQt6_Qt6_qml_QtQuick_Controls["Controls"]\n    node_venv_lib_python3_12_site-packages_PyQt6_Qt6_qml_QtQuick_Controls --> node_venv_lib_python3_12_site-packages_PyQt6_Qt6_qml_QtQuick_Controls_FluentWinUI3["FluentWinUI3"]\n    node_venv_lib_python3_12_site-packages_PyQt6_Qt6_qml_QtQuick_Controls_FluentWinUI3 --> node_venv_lib_python3_12_site-packages_PyQt6_Qt6_qml_QtQuick_Controls_FluentWinUI3_light["light"]\n    node_venv_lib_python3_12_site-packages_PyQt6_Qt6_qml_QtQuick_Controls_FluentWinUI3_light --> node_venv_lib_python3_12_site-packages_PyQt6_Qt6_qml_QtQuick_Controls_FluentWinUI3_light_images["images"]\n    node_venv_lib_python3_12_site-packages_PyQt6_Qt6_qml_QtQuick_Controls_FluentWinUI3_light_images --> node_venv_lib_python3_12_site-packages_PyQt6_Qt6_qml_QtQuick_Controls_FluentWinUI3_light_images_checkbox-indicator-checked-pressed_png["checkbox-indicator-checked-pressed.png"]\n    Root --> node_venv["venv"]\n    node_venv --> node_venv_lib["lib"]\n    node_venv_lib --> node_venv_lib_python3_12["python3.12"]\n    node_venv_lib_python3_12 --> node_venv_lib_python3_12_site-packages["site-packages"]\n    node_venv_lib_python3_12_site-packages --> node_venv_lib_python3_12_site-packages_PyQt6["PyQt6"]\n    node_venv_lib_python3_12_site-packages_PyQt6 --> node_venv_lib_python3_12_site-packages_PyQt6_Qt6["Qt6"]\n    node_venv_lib_python3_12_site-packages_PyQt6_Qt6 --> node_venv_lib_python3_12_site-packages_PyQt6_Qt6_qml["qml"]\n    node_venv_lib_python3_12_site-packages_PyQt6_Qt6_qml --> node_venv_lib_python3_12_site-packages_PyQt6_Qt6_qml_QtQuick["QtQuick"]\n    node_venv_lib_python3_12_site-packages_PyQt6_Qt6_qml_QtQuick --> node_venv_lib_python3_12_site-packages_PyQt6_Qt6_qml_QtQuick_Controls["Controls"]\n    node_venv_lib_python3_12_site-packages_PyQt6_Qt6_qml_QtQuick_Controls --> node_venv_lib_python3_12_site-packages_PyQt6_Qt6_qml_QtQuick_Controls_FluentWinUI3["FluentWinUI3"]\n    node_venv_lib_python3_12_site-packages_PyQt6_Qt6_qml_QtQuick_Controls_FluentWinUI3 --> node_venv_lib_python3_12_site-packages_PyQt6_Qt6_qml_QtQuick_Controls_FluentWinUI3_light["light"]\n    node_venv_lib_python3_12_site-packages_PyQt6_Qt6_qml_QtQuick_Controls_FluentWinUI3_light --> node_venv_lib_python3_12_site-packages_PyQt6_Qt6_qml_QtQuick_Controls_FluentWinUI3_light_images["images"]\n    node_venv_lib_python3_12_site-packages_PyQt6_Qt6_qml_QtQuick_Controls_FluentWinUI3_light_images --> node_venv_lib_python3_12_site-packages_PyQt6_Qt6_qml_QtQuick_Controls_FluentWinUI3_light_images_checkbox-indicator-checked-pressed@2x_png["checkbox-indicator-checked-pressed@2x.png"]\n    Root --> node_venv["venv"]\n    node_venv --> node_venv_lib["lib"]\n    node_venv_lib --> node_venv_lib_python3_12["python3.12"]\n    node_venv_lib_python3_12 --> node_venv_lib_python3_12_site-packages["site-packages"]\n    node_venv_lib_python3_12_site-packages --> node_venv_lib_python3_12_site-packages_PyQt6["PyQt6"]\n    node_venv_lib_python3_12_site-packages_PyQt6 --> node_venv_lib_python3_12_site-packages_PyQt6_Qt6["Qt6"]\n    node_venv_lib_python3_12_site-packages_PyQt6_Qt6 --> node_venv_lib_python3_12_site-packages_PyQt6_Qt6_qml["qml"]\n    node_venv_lib_python3_12_site-packages_PyQt6_Qt6_qml --> node_venv_lib_python3_12_site-packages_PyQt6_Qt6_qml_QtQuick["QtQuick"]\n    node_venv_lib_python3_12_site-packages_PyQt6_Qt6_qml_QtQuick --> node_venv_lib_python3_12_site-packages_PyQt6_Qt6_qml_QtQuick_Controls["Controls"]\n    node_venv_lib_python3_12_site-packages_PyQt6_Qt6_qml_QtQuick_Controls --> node_venv_lib_python3_12_site-packages_PyQt6_Qt6_qml_QtQuick_Controls_FluentWinUI3["FluentWinUI3"]\n    node_venv_lib_python3_12_site-packages_PyQt6_Qt6_qml_QtQuick_Controls_FluentWinUI3 --> node_venv_lib_python3_12_site-packages_PyQt6_Qt6_qml_QtQuick_Controls_FluentWinUI3_light["light"]\n    node_venv_lib_python3_12_site-packages_PyQt6_Qt6_qml_QtQuick_Controls_FluentWinUI3_light --> node_venv_lib_python3_12_site-packages_PyQt6_Qt6_qml_QtQuick_Controls_FluentWinUI3_light_images["images"]\n    node_venv_lib_python3_12_site-packages_PyQt6_Qt6_qml_QtQuick_Controls_FluentWinUI3_light_images --> node_venv_lib_python3_12_site-packages_PyQt6_Qt6_qml_QtQuick_Controls_FluentWinUI3_light_images_checkbox-indicator-checked-pressed@3x_png["checkbox-indicator-checked-pressed@3x.png"]\n    Root --> node_venv["venv"]\n    node_venv --> node_venv_lib["lib"]\n    node_venv_lib --> node_venv_lib_python3_12["python3.12"]\n    node_venv_lib_python3_12 --> node_venv_lib_python3_12_site-packages["site-packages"]\n    node_venv_lib_python3_12_site-packages --> node_venv_lib_python3_12_site-packages_PyQt6["PyQt6"]\n    node_venv_lib_python3_12_site-packages_PyQt6 --> node_venv_lib_python3_12_site-packages_PyQt6_Qt6["Qt6"]\n    node_venv_lib_python3_12_site-packages_PyQt6_Qt6 --> node_venv_lib_python3_12_site-packages_PyQt6_Qt6_qml["qml"]\n    node_venv_lib_python3_12_site-packages_PyQt6_Qt6_qml --> node_venv_lib_python3_12_site-packages_PyQt6_Qt6_qml_QtQuick["QtQuick"]\n    node_venv_lib_python3_12_site-packages_PyQt6_Qt6_qml_QtQuick --> node_venv_lib_python3_12_site-packages_PyQt6_Qt6_qml_QtQuick_Controls["Controls"]\n    node_venv_lib_python3_12_site-packages_PyQt6_Qt6_qml_QtQuick_Controls --> node_venv_lib_python3_12_site-packages_PyQt6_Qt6_qml_QtQuick_Controls_FluentWinUI3["FluentWinUI3"]\n    node_venv_lib_python3_12_site-packages_PyQt6_Qt6_qml_QtQuick_Controls_FluentWinUI3 --> node_venv_lib_python3_12_site-packages_PyQt6_Qt6_qml_QtQuick_Controls_FluentWinUI3_light["light"]\n    node_venv_lib_python3_12_site-packages_PyQt6_Qt6_qml_QtQuick_Controls_FluentWinUI3_light --> node_venv_lib_python3_12_site-packages_PyQt6_Qt6_qml_QtQuick_Controls_FluentWinUI3_light_images["images"]\n    node_venv_lib_python3_12_site-packages_PyQt6_Qt6_qml_QtQuick_Controls_FluentWinUI3_light_images --> node_venv_lib_python3_12_site-packages_PyQt6_Qt6_qml_QtQuick_Controls_FluentWinUI3_light_images_checkbox-indicator-checked_png["checkbox-indicator-checked.png"]\n    Root --> node_venv["venv"]\n    node_venv --> node_venv_lib["lib"]\n    node_venv_lib --> node_venv_lib_python3_12["python3.12"]\n    node_venv_lib_python3_12 --> node_venv_lib_python3_12_site-packages["site-packages"]\n    node_venv_lib_python3_12_site-packages --> node_venv_lib_python3_12_site-packages_PyQt6["PyQt6"]\n    node_venv_lib_python3_12_site-packages_PyQt6 --> node_venv_lib_python3_12_site-packages_PyQt6_Qt6["Qt6"]\n    node_venv_lib_python3_12_site-packages_PyQt6_Qt6 --> node_venv_lib_python3_12_site-packages_PyQt6_Qt6_qml["qml"]\n    node_venv_lib_python3_12_site-packages_PyQt6_Qt6_qml --> node_venv_lib_python3_12_site-packages_PyQt6_Qt6_qml_QtQuick["QtQuick"]\n    node_venv_lib_python3_12_site-packages_PyQt6_Qt6_qml_QtQuick --> node_venv_lib_python3_12_site-packages_PyQt6_Qt6_qml_QtQuick_Controls["Controls"]\n    node_venv_lib_python3_12_site-packages_PyQt6_Qt6_qml_QtQuick_Controls --> node_venv_lib_python3_12_site-packages_PyQt6_Qt6_qml_QtQuick_Controls_FluentWinUI3["FluentWinUI3"]\n    node_venv_lib_python3_12_site-packages_PyQt6_Qt6_qml_QtQuick_Controls_FluentWinUI3 --> node_venv_lib_python3_12_site-packages_PyQt6_Qt6_qml_QtQuick_Controls_FluentWinUI3_light["light"]\n    node_venv_lib_python3_12_site-packages_PyQt6_Qt6_qml_QtQuick_Controls_FluentWinUI3_light --> node_venv_lib_python3_12_site-packages_PyQt6_Qt6_qml_QtQuick_Controls_FluentWinUI3_light_images["images"]\n    node_venv_lib_python3_12_site-packages_PyQt6_Qt6_qml_QtQuick_Controls_FluentWinUI3_light_images --> node_venv_lib_python3_12_site-packages_PyQt6_Qt6_qml_QtQuick_Controls_FluentWinUI3_light_images_checkbox-indicator-checked@2x_png["checkbox-indicator-checked@2x.png"]\n    Root --> node_venv["venv"]\n    node_venv --> node_venv_lib["lib"]\n    node_venv_lib --> node_venv_lib_python3_12["python3.12"]\n    node_venv_lib_python3_12 --> node_venv_lib_python3_12_site-packages["site-packages"]\n    node_venv_lib_python3_12_site-packages --> node_venv_lib_python3_12_site-packages_PyQt6["PyQt6"]\n    node_venv_lib_python3_12_site-packages_PyQt6 --> node_venv_lib_python3_12_site-packages_PyQt6_Qt6["Qt6"]\n    node_venv_lib_python3_12_site-packages_PyQt6_Qt6 --> node_venv_lib_python3_12_site-packages_PyQt6_Qt6_qml["qml"]\n    node_venv_lib_python3_12_site-packages_PyQt6_Qt6_qml --> node_venv_lib_python3_12_site-packages_PyQt6_Qt6_qml_QtQuick["QtQuick"]\n    node_venv_lib_python3_12_site-packages_PyQt6_Qt6_qml_QtQuick --> node_venv_lib_python3_12_site-packages_PyQt6_Qt6_qml_QtQuick_Controls["Controls"]\n    node_venv_lib_python3_12_site-packages_PyQt6_Qt6_qml_QtQuick_Controls --> node_venv_lib_python3_12_site-packages_PyQt6_Qt6_qml_QtQuick_Controls_FluentWinUI3["FluentWinUI3"]\n    node_venv_lib_python3_12_site-packages_PyQt6_Qt6_qml_QtQuick_Controls_FluentWinUI3 --> node_venv_lib_python3_12_site-packages_PyQt6_Qt6_qml_QtQuick_Controls_FluentWinUI3_light["light"]\n    node_venv_lib_python3_12_site-packages_PyQt6_Qt6_qml_QtQuick_Controls_FluentWinUI3_light --> node_venv_lib_python3_12_site-packages_PyQt6_Qt6_qml_QtQuick_Controls_FluentWinUI3_light_images["images"]\n    node_venv_lib_python3_12_site-packages_PyQt6_Qt6_qml_QtQuick_Controls_FluentWinUI3_light_images --> node_venv_lib_python3_12_site-packages_PyQt6_Qt6_qml_QtQuick_Controls_FluentWinUI3_light_images_checkbox-indicator-checked@3x_png["checkbox-indicator-checked@3x.png"]\n    Root --> node_venv["venv"]\n    node_venv --> node_venv_lib["lib"]\n    node_venv_lib --> node_venv_lib_python3_12["python3.12"]\n    node_venv_lib_python3_12 --> node_venv_lib_python3_12_site-packages["site-packages"]\n    node_venv_lib_python3_12_site-packages --> node_venv_lib_python3_12_site-packages_PyQt6["PyQt6"]\n    node_venv_lib_python3_12_site-packages_PyQt6 --> node_venv_lib_python3_12_site-packages_PyQt6_Qt6["Qt6"]\n    node_venv_lib_python3_12_site-packages_PyQt6_Qt6 --> node_venv_lib_python3_12_site-packages_PyQt6_Qt6_qml["qml"]\n    node_venv_lib_python3_12_site-packages_PyQt6_Qt6_qml --> node_venv_lib_python3_12_site-packages_PyQt6_Qt6_qml_QtQuick["QtQuick"]\n    node_venv_lib_python3_12_site-packages_PyQt6_Qt6_qml_QtQuick --> node_venv_lib_python3_12_site-packages_PyQt6_Qt6_qml_QtQuick_Controls["Controls"]\n    node_venv_lib_python3_12_site-packages_PyQt6_Qt6_qml_QtQuick_Controls --> node_venv_lib_python3_12_site-packages_PyQt6_Qt6_qml_QtQuick_Controls_FluentWinUI3["FluentWinUI3"]\n    node_venv_lib_python3_12_site-packages_PyQt6_Qt6_qml_QtQuick_Controls_FluentWinUI3 --> node_venv_lib_python3_12_site-packages_PyQt6_Qt6_qml_QtQuick_Controls_FluentWinUI3_light["light"]\n    node_venv_lib_python3_12_site-packages_PyQt6_Qt6_qml_QtQuick_Controls_FluentWinUI3_light --> node_venv_lib_python3_12_site-packages_PyQt6_Qt6_qml_QtQuick_Controls_FluentWinUI3_light_images["images"]\n    node_venv_lib_python3_12_site-packages_PyQt6_Qt6_qml_QtQuick_Controls_FluentWinUI3_light_images --> node_venv_lib_python3_12_site-packages_PyQt6_Qt6_qml_QtQuick_Controls_FluentWinUI3_light_images_checkbox-indicator-disabled-partiallyChecked_png["checkbox-indicator-disabled-partiallyChecked.png"]\n    Root --> node_venv["venv"]\n    node_venv --> node_venv_lib["lib"]\n    node_venv_lib --> node_venv_lib_python3_12["python3.12"]\n    node_venv_lib_python3_12 --> node_venv_lib_python3_12_site-packages["site-packages"]\n    node_venv_lib_python3_12_site-packages --> node_venv_lib_python3_12_site-packages_PyQt6["PyQt6"]\n    node_venv_lib_python3_12_site-packages_PyQt6 --> node_venv_lib_python3_12_site-packages_PyQt6_Qt6["Qt6"]\n    node_venv_lib_python3_12_site-packages_PyQt6_Qt6 --> node_venv_lib_python3_12_site-packages_PyQt6_Qt6_qml["qml"]\n    node_venv_lib_python3_12_site-packages_PyQt6_Qt6_qml --> node_venv_lib_python3_12_site-packages_PyQt6_Qt6_qml_QtQuick["QtQuick"]\n    node_venv_lib_python3_12_site-packages_PyQt6_Qt6_qml_QtQuick --> node_venv_lib_python3_12_site-packages_PyQt6_Qt6_qml_QtQuick_Controls["Controls"]\n    node_venv_lib_python3_12_site-packages_PyQt6_Qt6_qml_QtQuick_Controls --> node_venv_lib_python3_12_site-packages_PyQt6_Qt6_qml_QtQuick_Controls_FluentWinUI3["FluentWinUI3"]\n    node_venv_lib_python3_12_site-packages_PyQt6_Qt6_qml_QtQuick_Controls_FluentWinUI3 --> node_venv_lib_python3_12_site-packages_PyQt6_Qt6_qml_QtQuick_Controls_FluentWinUI3_light["light"]\n    node_venv_lib_python3_12_site-packages_PyQt6_Qt6_qml_QtQuick_Controls_FluentWinUI3_light --> node_venv_lib_python3_12_site-packages_PyQt6_Qt6_qml_QtQuick_Controls_FluentWinUI3_light_images["images"]\n    node_venv_lib_python3_12_site-packages_PyQt6_Qt6_qml_QtQuick_Controls_FluentWinUI3_light_images --> node_venv_lib_python3_12_site-packages_PyQt6_Qt6_qml_QtQuick_Controls_FluentWinUI3_light_images_checkbox-indicator-disabled-partiallyChecked@2x_png["checkbox-indicator-disabled-partiallyChecked@2x.png"]\n    Root --> node_venv["venv"]\n    node_venv --> node_venv_lib["lib"]\n    node_venv_lib --> node_venv_lib_python3_12["python3.12"]\n    node_venv_lib_python3_12 --> node_venv_lib_python3_12_site-packages["site-packages"]\n    node_venv_lib_python3_12_site-packages --> node_venv_lib_python3_12_site-packages_PyQt6["PyQt6"]\n    node_venv_lib_python3_12_site-packages_PyQt6 --> node_venv_lib_python3_12_site-packages_PyQt6_Qt6["Qt6"]\n    node_venv_lib_python3_12_site-packages_PyQt6_Qt6 --> node_venv_lib_python3_12_site-packages_PyQt6_Qt6_qml["qml"]\n    node_venv_lib_python3_12_site-packages_PyQt6_Qt6_qml --> node_venv_lib_python3_12_site-packages_PyQt6_Qt6_qml_QtQuick["QtQuick"]\n    node_venv_lib_python3_12_site-packages_PyQt6_Qt6_qml_QtQuick --> node_venv_lib_python3_12_site-packages_PyQt6_Qt6_qml_QtQuick_Controls["Controls"]\n    node_venv_lib_python3_12_site-packages_PyQt6_Qt6_qml_QtQuick_Controls --> node_venv_lib_python3_12_site-packages_PyQt6_Qt6_qml_QtQuick_Controls_FluentWinUI3["FluentWinUI3"]\n    node_venv_lib_python3_12_site-packages_PyQt6_Qt6_qml_QtQuick_Controls_FluentWinUI3 --> node_venv_lib_python3_12_site-packages_PyQt6_Qt6_qml_QtQuick_Controls_FluentWinUI3_light["light"]\n    node_venv_lib_python3_12_site-packages_PyQt6_Qt6_qml_QtQuick_Controls_FluentWinUI3_light --> node_venv_lib_python3_12_site-packages_PyQt6_Qt6_qml_QtQuick_Controls_FluentWinUI3_light_images["images"]\n    node_venv_lib_python3_12_site-packages_PyQt6_Qt6_qml_QtQuick_Controls_FluentWinUI3_light_images --> node_venv_lib_python3_12_site-packages_PyQt6_Qt6_qml_QtQuick_Controls_FluentWinUI3_light_images_checkbox-indicator-disabled-partiallyChecked@3x_png["checkbox-indicator-disabled-partiallyChecked@3x.png"]\n    Root --> node_venv["venv"]\n    node_venv --> node_venv_lib["lib"]\n    node_venv_lib --> node_venv_lib_python3_12["python3.12"]\n    node_venv_lib_python3_12 --> node_venv_lib_python3_12_site-packages["site-packages"]\n    node_venv_lib_python3_12_site-packages --> node_venv_lib_python3_12_site-packages_PyQt6["PyQt6"]\n    node_venv_lib_python3_12_site-packages_PyQt6 --> node_venv_lib_python3_12_site-packages_PyQt6_Qt6["Qt6"]\n    node_venv_lib_python3_12_site-packages_PyQt6_Qt6 --> node_venv_lib_python3_12_site-packages_PyQt6_Qt6_qml["qml"]\n    node_venv_lib_python3_12_site-packages_PyQt6_Qt6_qml --> node_venv_lib_python3_12_site-packages_PyQt6_Qt6_qml_QtQuick["QtQuick"]\n    node_venv_lib_python3_12_site-packages_PyQt6_Qt6_qml_QtQuick --> node_venv_lib_python3_12_site-packages_PyQt6_Qt6_qml_QtQuick_Controls["Controls"]\n    node_venv_lib_python3_12_site-packages_PyQt6_Qt6_qml_QtQuick_Controls --> node_venv_lib_python3_12_site-packages_PyQt6_Qt6_qml_QtQuick_Controls_FluentWinUI3["FluentWinUI3"]\n    node_venv_lib_python3_12_site-packages_PyQt6_Qt6_qml_QtQuick_Controls_FluentWinUI3 --> node_venv_lib_python3_12_site-packages_PyQt6_Qt6_qml_QtQuick_Controls_FluentWinUI3_light["light"]\n    node_venv_lib_python3_12_site-packages_PyQt6_Qt6_qml_QtQuick_Controls_FluentWinUI3_light --> node_venv_lib_python3_12_site-packages_PyQt6_Qt6_qml_QtQuick_Controls_FluentWinUI3_light_images["images"]\n    node_venv_lib_python3_12_site-packages_PyQt6_Qt6_qml_QtQuick_Controls_FluentWinUI3_light_images --> node_venv_lib_python3_12_site-packages_PyQt6_Qt6_qml_QtQuick_Controls_FluentWinUI3_light_images_checkbox-indicator-disabled_png["checkbox-indicator-disabled.png"]\n    Root --> node_venv["venv"]\n    node_venv --> node_venv_lib["lib"]\n    node_venv_lib --> node_venv_lib_python3_12["python3.12"]\n    node_venv_lib_python3_12 --> node_venv_lib_python3_12_site-packages["site-packages"]\n    node_venv_lib_python3_12_site-packages --> node_venv_lib_python3_12_site-packages_PyQt6["PyQt6"]\n    node_venv_lib_python3_12_site-packages_PyQt6 --> node_venv_lib_python3_12_site-packages_PyQt6_Qt6["Qt6"]\n    node_venv_lib_python3_12_site-packages_PyQt6_Qt6 --> node_venv_lib_python3_12_site-packages_PyQt6_Qt6_qml["qml"]\n    node_venv_lib_python3_12_site-packages_PyQt6_Qt6_qml --> node_venv_lib_python3_12_site-packages_PyQt6_Qt6_qml_QtQuick["QtQuick"]\n    node_venv_lib_python3_12_site-packages_PyQt6_Qt6_qml_QtQuick --> node_venv_lib_python3_12_site-packages_PyQt6_Qt6_qml_QtQuick_Controls["Controls"]\n    node_venv_lib_python3_12_site-packages_PyQt6_Qt6_qml_QtQuick_Controls --> node_venv_lib_python3_12_site-packages_PyQt6_Qt6_qml_QtQuick_Controls_FluentWinUI3["FluentWinUI3"]\n    node_venv_lib_python3_12_site-packages_PyQt6_Qt6_qml_QtQuick_Controls_FluentWinUI3 --> node_venv_lib_python3_12_site-packages_PyQt6_Qt6_qml_QtQuick_Controls_FluentWinUI3_light["light"]\n    node_venv_lib_python3_12_site-packages_PyQt6_Qt6_qml_QtQuick_Controls_FluentWinUI3_light --> node_venv_lib_python3_12_site-packages_PyQt6_Qt6_qml_QtQuick_Controls_FluentWinUI3_light_images["images"]\n    node_venv_lib_python3_12_site-packages_PyQt6_Qt6_qml_QtQuick_Controls_FluentWinUI3_light_images --> node_venv_lib_python3_12_site-packages_PyQt6_Qt6_qml_QtQuick_Controls_FluentWinUI3_light_images_checkbox-indicator-disabled@2x_png["checkbox-indicator-disabled@2x.png"]\n    Root --> node_venv["venv"]\n    node_venv --> node_venv_lib["lib"]\n    node_venv_lib --> node_venv_lib_python3_12["python3.12"]\n    node_venv_lib_python3_12 --> node_venv_lib_python3_12_site-packages["site-packages"]\n    node_venv_lib_python3_12_site-packages --> node_venv_lib_python3_12_site-packages_PyQt6["PyQt6"]\n    node_venv_lib_python3_12_site-packages_PyQt6 --> node_venv_lib_python3_12_site-packages_PyQt6_Qt6["Qt6"]\n    node_venv_lib_python3_12_site-packages_PyQt6_Qt6 --> node_venv_lib_python3_12_site-packages_PyQt6_Qt6_qml["qml"]\n    node_venv_lib_python3_12_site-packages_PyQt6_Qt6_qml --> node_venv_lib_python3_12_site-packages_PyQt6_Qt6_qml_QtQuick["QtQuick"]\n    node_venv_lib_python3_12_site-packages_PyQt6_Qt6_qml_QtQuick --> node_venv_lib_python3_12_site-packages_PyQt6_Qt6_qml_QtQuick_Controls["Controls"]\n    node_venv_lib_python3_12_site-packages_PyQt6_Qt6_qml_QtQuick_Controls --> node_venv_lib_python3_12_site-packages_PyQt6_Qt6_qml_QtQuick_Controls_FluentWinUI3["FluentWinUI3"]\n    node_venv_lib_python3_12_site-packages_PyQt6_Qt6_qml_QtQuick_Controls_FluentWinUI3 --> node_venv_lib_python3_12_site-packages_PyQt6_Qt6_qml_QtQuick_Controls_FluentWinUI3_light["light"]\n    node_venv_lib_python3_12_site-packages_PyQt6_Qt6_qml_QtQuick_Controls_FluentWinUI3_light --> node_venv_lib_python3_12_site-packages_PyQt6_Qt6_qml_QtQuick_Controls_FluentWinUI3_light_images["images"]\n    node_venv_lib_python3_12_site-packages_PyQt6_Qt6_qml_QtQuick_Controls_FluentWinUI3_light_images --> node_venv_lib_python3_12_site-packages_PyQt6_Qt6_qml_QtQuick_Controls_FluentWinUI3_light_images_checkbox-indicator-disabled@3x_png["checkbox-indicator-disabled@3x.png"]\n    Root --> node_venv["venv"]\n    node_venv --> node_venv_lib["lib"]\n    node_venv_lib --> node_venv_lib_python3_12["python3.12"]\n    node_venv_lib_python3_12 --> node_venv_lib_python3_12_site-packages["site-packages"]\n    node_venv_lib_python3_12_site-packages --> node_venv_lib_python3_12_site-packages_PyQt6["PyQt6"]\n    node_venv_lib_python3_12_site-packages_PyQt6 --> node_venv_lib_python3_12_site-packages_PyQt6_Qt6["Qt6"]\n    node_venv_lib_python3_12_site-packages_PyQt6_Qt6 --> node_venv_lib_python3_12_site-packages_PyQt6_Qt6_qml["qml"]\n    node_venv_lib_python3_12_site-packages_PyQt6_Qt6_qml --> node_venv_lib_python3_12_site-packages_PyQt6_Qt6_qml_QtQuick["QtQuick"]\n    node_venv_lib_python3_12_site-packages_PyQt6_Qt6_qml_QtQuick --> node_venv_lib_python3_12_site-packages_PyQt6_Qt6_qml_QtQuick_Controls["Controls"]\n    node_venv_lib_python3_12_site-packages_PyQt6_Qt6_qml_QtQuick_Controls --> node_venv_lib_python3_12_site-packages_PyQt6_Qt6_qml_QtQuick_Controls_FluentWinUI3["FluentWinUI3"]\n    node_venv_lib_python3_12_site-packages_PyQt6_Qt6_qml_QtQuick_Controls_FluentWinUI3 --> node_venv_lib_python3_12_site-packages_PyQt6_Qt6_qml_QtQuick_Controls_FluentWinUI3_light["light"]\n    node_venv_lib_python3_12_site-packages_PyQt6_Qt6_qml_QtQuick_Controls_FluentWinUI3_light --> node_venv_lib_python3_12_site-packages_PyQt6_Qt6_qml_QtQuick_Controls_FluentWinUI3_light_images["images"]\n    node_venv_lib_python3_12_site-packages_PyQt6_Qt6_qml_QtQuick_Controls_FluentWinUI3_light_images --> node_venv_lib_python3_12_site-packages_PyQt6_Qt6_qml_QtQuick_Controls_FluentWinUI3_light_images_checkbox-indicator-hovered-partiallyChecked_png["checkbox-indicator-hovered-partiallyChecked.png"]\n    Root --> node_venv["venv"]\n    node_venv --> node_venv_lib["lib"]\n    node_venv_lib --> node_venv_lib_python3_12["python3.12"]\n    node_venv_lib_python3_12 --> node_venv_lib_python3_12_site-packages["site-packages"]\n    node_venv_lib_python3_12_site-packages --> node_venv_lib_python3_12_site-packages_PyQt6["PyQt6"]\n    node_venv_lib_python3_12_site-packages_PyQt6 --> node_venv_lib_python3_12_site-packages_PyQt6_Qt6["Qt6"]\n    node_venv_lib_python3_12_site-packages_PyQt6_Qt6 --> node_venv_lib_python3_12_site-packages_PyQt6_Qt6_qml["qml"]\n    node_venv_lib_python3_12_site-packages_PyQt6_Qt6_qml --> node_venv_lib_python3_12_site-packages_PyQt6_Qt6_qml_QtQuick["QtQuick"]\n    node_venv_lib_python3_12_site-packages_PyQt6_Qt6_qml_QtQuick --> node_venv_lib_python3_12_site-packages_PyQt6_Qt6_qml_QtQuick_Controls["Controls"]\n    node_venv_lib_python3_12_site-packages_PyQt6_Qt6_qml_QtQuick_Controls --> node_venv_lib_python3_12_site-packages_PyQt6_Qt6_qml_QtQuick_Controls_FluentWinUI3["FluentWinUI3"]\n    node_venv_lib_python3_12_site-packages_PyQt6_Qt6_qml_QtQuick_Controls_FluentWinUI3 --> node_venv_lib_python3_12_site-packages_PyQt6_Qt6_qml_QtQuick_Controls_FluentWinUI3_light["light"]\n    node_venv_lib_python3_12_site-packages_PyQt6_Qt6_qml_QtQuick_Controls_FluentWinUI3_light --> node_venv_lib_python3_12_site-packages_PyQt6_Qt6_qml_QtQuick_Controls_FluentWinUI3_light_images["images"]\n    node_venv_lib_python3_12_site-packages_PyQt6_Qt6_qml_QtQuick_Controls_FluentWinUI3_light_images --> node_venv_lib_python3_12_site-packages_PyQt6_Qt6_qml_QtQuick_Controls_FluentWinUI3_light_images_checkbox-indicator-hovered-partiallyChecked@2x_png["checkbox-indicator-hovered-partiallyChecked@2x.png"]\n    Root --> node_venv["venv"]\n    node_venv --> node_venv_lib["lib"]\n    node_venv_lib --> node_venv_lib_python3_12["python3.12"]\n    node_venv_lib_python3_12 --> node_venv_lib_python3_12_site-packages["site-packages"]\n    node_venv_lib_python3_12_site-packages --> node_venv_lib_python3_12_site-packages_PyQt6["PyQt6"]\n    node_venv_lib_python3_12_site-packages_PyQt6 --> node_venv_lib_python3_12_site-packages_PyQt6_Qt6["Qt6"]\n    node_venv_lib_python3_12_site-packages_PyQt6_Qt6 --> node_venv_lib_python3_12_site-packages_PyQt6_Qt6_qml["qml"]\n    node_venv_lib_python3_12_site-packages_PyQt6_Qt6_qml --> node_venv_lib_python3_12_site-packages_PyQt6_Qt6_qml_QtQuick["QtQuick"]\n    node_venv_lib_python3_12_site-packages_PyQt6_Qt6_qml_QtQuick --> node_venv_lib_python3_12_site-packages_PyQt6_Qt6_qml_QtQuick_Controls["Controls"]\n    node_venv_lib_python3_12_site-packages_PyQt6_Qt6_qml_QtQuick_Controls --> node_venv_lib_python3_12_site-packages_PyQt6_Qt6_qml_QtQuick_Controls_FluentWinUI3["FluentWinUI3"]\n    node_venv_lib_python3_12_site-packages_PyQt6_Qt6_qml_QtQuick_Controls_FluentWinUI3 --> node_venv_lib_python3_12_site-packages_PyQt6_Qt6_qml_QtQuick_Controls_FluentWinUI3_light["light"]\n    node_venv_lib_python3_12_site-packages_PyQt6_Qt6_qml_QtQuick_Controls_FluentWinUI3_light --> node_venv_lib_python3_12_site-packages_PyQt6_Qt6_qml_QtQuick_Controls_FluentWinUI3_light_images["images"]\n    node_venv_lib_python3_12_site-packages_PyQt6_Qt6_qml_QtQuick_Controls_FluentWinUI3_light_images --> node_venv_lib_python3_12_site-packages_PyQt6_Qt6_qml_QtQuick_Controls_FluentWinUI3_light_images_checkbox-indicator-hovered-partiallyChecked@3x_png["checkbox-indicator-hovered-partiallyChecked@3x.png"]\n    Root --> node_venv["venv"]\n    node_venv --> node_venv_lib["lib"]\n    node_venv_lib --> node_venv_lib_python3_12["python3.12"]\n    node_venv_lib_python3_12 --> node_venv_lib_python3_12_site-packages["site-packages"]\n    node_venv_lib_python3_12_site-packages --> node_venv_lib_python3_12_site-packages_PyQt6["PyQt6"]\n    node_venv_lib_python3_12_site-packages_PyQt6 --> node_venv_lib_python3_12_site-packages_PyQt6_Qt6["Qt6"]\n    node_venv_lib_python3_12_site-packages_PyQt6_Qt6 --> node_venv_lib_python3_12_site-packages_PyQt6_Qt6_qml["qml"]\n    node_venv_lib_python3_12_site-packages_PyQt6_Qt6_qml --> node_venv_lib_python3_12_site-packages_PyQt6_Qt6_qml_QtQuick["QtQuick"]\n    node_venv_lib_python3_12_site-packages_PyQt6_Qt6_qml_QtQuick --> node_venv_lib_python3_12_site-packages_PyQt6_Qt6_qml_QtQuick_Controls["Controls"]\n    node_venv_lib_python3_12_site-packages_PyQt6_Qt6_qml_QtQuick_Controls --> node_venv_lib_python3_12_site-packages_PyQt6_Qt6_qml_QtQuick_Controls_FluentWinUI3["FluentWinUI3"]\n    node_venv_lib_python3_12_site-packages_PyQt6_Qt6_qml_QtQuick_Controls_FluentWinUI3 --> node_venv_lib_python3_12_site-packages_PyQt6_Qt6_qml_QtQuick_Controls_FluentWinUI3_light["light"]\n    node_venv_lib_python3_12_site-packages_PyQt6_Qt6_qml_QtQuick_Controls_FluentWinUI3_light --> node_venv_lib_python3_12_site-packages_PyQt6_Qt6_qml_QtQuick_Controls_FluentWinUI3_light_images["images"]\n    node_venv_lib_python3_12_site-packages_PyQt6_Qt6_qml_QtQuick_Controls_FluentWinUI3_light_images --> node_venv_lib_python3_12_site-packages_PyQt6_Qt6_qml_QtQuick_Controls_FluentWinUI3_light_images_checkbox-indicator-hovered_png["checkbox-indicator-hovered.png"]\n    Root --> node_venv["venv"]\n    node_venv --> node_venv_lib["lib"]\n    node_venv_lib --> node_venv_lib_python3_12["python3.12"]\n    node_venv_lib_python3_12 --> node_venv_lib_python3_12_site-packages["site-packages"]\n    node_venv_lib_python3_12_site-packages --> node_venv_lib_python3_12_site-packages_PyQt6["PyQt6"]\n    node_venv_lib_python3_12_site-packages_PyQt6 --> node_venv_lib_python3_12_site-packages_PyQt6_Qt6["Qt6"]\n    node_venv_lib_python3_12_site-packages_PyQt6_Qt6 --> node_venv_lib_python3_12_site-packages_PyQt6_Qt6_qml["qml"]\n    node_venv_lib_python3_12_site-packages_PyQt6_Qt6_qml --> node_venv_lib_python3_12_site-packages_PyQt6_Qt6_qml_QtQuick["QtQuick"]\n    node_venv_lib_python3_12_site-packages_PyQt6_Qt6_qml_QtQuick --> node_venv_lib_python3_12_site-packages_PyQt6_Qt6_qml_QtQuick_Controls["Controls"]\n    node_venv_lib_python3_12_site-packages_PyQt6_Qt6_qml_QtQuick_Controls --> node_venv_lib_python3_12_site-packages_PyQt6_Qt6_qml_QtQuick_Controls_FluentWinUI3["FluentWinUI3"]\n    node_venv_lib_python3_12_site-packages_PyQt6_Qt6_qml_QtQuick_Controls_FluentWinUI3 --> node_venv_lib_python3_12_site-packages_PyQt6_Qt6_qml_QtQuick_Controls_FluentWinUI3_light["light"]\n    node_venv_lib_python3_12_site-packages_PyQt6_Qt6_qml_QtQuick_Controls_FluentWinUI3_light --> node_venv_lib_python3_12_site-packages_PyQt6_Qt6_qml_QtQuick_Controls_FluentWinUI3_light_images["images"]\n    node_venv_lib_python3_12_site-packages_PyQt6_Qt6_qml_QtQuick_Controls_FluentWinUI3_light_images --> node_venv_lib_python3_12_site-packages_PyQt6_Qt6_qml_QtQuick_Controls_FluentWinUI3_light_images_checkbox-indicator-hovered@2x_png["checkbox-indicator-hovered@2x.png"]\n    Root --> node_venv["venv"]\n    node_venv --> node_venv_lib["lib"]\n    node_venv_lib --> node_venv_lib_python3_12["python3.12"]\n    node_venv_lib_python3_12 --> node_venv_lib_python3_12_site-packages["site-packages"]\n    node_venv_lib_python3_12_site-packages --> node_venv_lib_python3_12_site-packages_PyQt6["PyQt6"]\n    node_venv_lib_python3_12_site-packages_PyQt6 --> node_venv_lib_python3_12_site-packages_PyQt6_Qt6["Qt6"]\n    node_venv_lib_python3_12_site-packages_PyQt6_Qt6 --> node_venv_lib_python3_12_site-packages_PyQt6_Qt6_qml["qml"]\n    node_venv_lib_python3_12_site-packages_PyQt6_Qt6_qml --> node_venv_lib_python3_12_site-packages_PyQt6_Qt6_qml_QtQuick["QtQuick"]\n    node_venv_lib_python3_12_site-packages_PyQt6_Qt6_qml_QtQuick --> node_venv_lib_python3_12_site-packages_PyQt6_Qt6_qml_QtQuick_Controls["Controls"]\n    node_venv_lib_python3_12_site-packages_PyQt6_Qt6_qml_QtQuick_Controls --> node_venv_lib_python3_12_site-packages_PyQt6_Qt6_qml_QtQuick_Controls_FluentWinUI3["FluentWinUI3"]\n    node_venv_lib_python3_12_site-packages_PyQt6_Qt6_qml_QtQuick_Controls_FluentWinUI3 --> node_venv_lib_python3_12_site-packages_PyQt6_Qt6_qml_QtQuick_Controls_FluentWinUI3_light["light"]\n    node_venv_lib_python3_12_site-packages_PyQt6_Qt6_qml_QtQuick_Controls_FluentWinUI3_light --> node_venv_lib_python3_12_site-packages_PyQt6_Qt6_qml_QtQuick_Controls_FluentWinUI3_light_images["images"]\n    node_venv_lib_python3_12_site-packages_PyQt6_Qt6_qml_QtQuick_Controls_FluentWinUI3_light_images --> node_venv_lib_python3_12_site-packages_PyQt6_Qt6_qml_QtQuick_Controls_FluentWinUI3_light_images_checkbox-indicator-hovered@3x_png["checkbox-indicator-hovered@3x.png"]\n    Root --> node_venv["venv"]\n    node_venv --> node_venv_lib["lib"]\n    node_venv_lib --> node_venv_lib_python3_12["python3.12"]\n    node_venv_lib_python3_12 --> node_venv_lib_python3_12_site-packages["site-packages"]\n    node_venv_lib_python3_12_site-packages --> node_venv_lib_python3_12_site-packages_PyQt6["PyQt6"]\n    node_venv_lib_python3_12_site-packages_PyQt6 --> node_venv_lib_python3_12_site-packages_PyQt6_Qt6["Qt6"]\n    node_venv_lib_python3_12_site-packages_PyQt6_Qt6 --> node_venv_lib_python3_12_site-packages_PyQt6_Qt6_qml["qml"]\n    node_venv_lib_python3_12_site-packages_PyQt6_Qt6_qml --> node_venv_lib_python3_12_site-packages_PyQt6_Qt6_qml_QtQuick["QtQuick"]\n    node_venv_lib_python3_12_site-packages_PyQt6_Qt6_qml_QtQuick --> node_venv_lib_python3_12_site-packages_PyQt6_Qt6_qml_QtQuick_Controls["Controls"]\n    node_venv_lib_python3_12_site-packages_PyQt6_Qt6_qml_QtQuick_Controls --> node_venv_lib_python3_12_site-packages_PyQt6_Qt6_qml_QtQuick_Controls_FluentWinUI3["FluentWinUI3"]\n    node_venv_lib_python3_12_site-packages_PyQt6_Qt6_qml_QtQuick_Controls_FluentWinUI3 --> node_venv_lib_python3_12_site-packages_PyQt6_Qt6_qml_QtQuick_Controls_FluentWinUI3_light["light"]\n    node_venv_lib_python3_12_site-packages_PyQt6_Qt6_qml_QtQuick_Controls_FluentWinUI3_light --> node_venv_lib_python3_12_site-packages_PyQt6_Qt6_qml_QtQuick_Controls_FluentWinUI3_light_images["images"]\n    node_venv_lib_python3_12_site-packages_PyQt6_Qt6_qml_QtQuick_Controls_FluentWinUI3_light_images --> node_venv_lib_python3_12_site-packages_PyQt6_Qt6_qml_QtQuick_Controls_FluentWinUI3_light_images_checkbox-indicator-partiallyChecked-pressed_png["checkbox-indicator-partiallyChecked-pressed.png"]\n    Root --> node_venv["venv"]\n    node_venv --> node_venv_lib["lib"]\n    node_venv_lib --> node_venv_lib_python3_12["python3.12"]\n    node_venv_lib_python3_12 --> node_venv_lib_python3_12_site-packages["site-packages"]\n    node_venv_lib_python3_12_site-packages --> node_venv_lib_python3_12_site-packages_PyQt6["PyQt6"]\n    node_venv_lib_python3_12_site-packages_PyQt6 --> node_venv_lib_python3_12_site-packages_PyQt6_Qt6["Qt6"]\n    node_venv_lib_python3_12_site-packages_PyQt6_Qt6 --> node_venv_lib_python3_12_site-packages_PyQt6_Qt6_qml["qml"]\n    node_venv_lib_python3_12_site-packages_PyQt6_Qt6_qml --> node_venv_lib_python3_12_site-packages_PyQt6_Qt6_qml_QtQuick["QtQuick"]\n    node_venv_lib_python3_12_site-packages_PyQt6_Qt6_qml_QtQuick --> node_venv_lib_python3_12_site-packages_PyQt6_Qt6_qml_QtQuick_Controls["Controls"]\n    node_venv_lib_python3_12_site-packages_PyQt6_Qt6_qml_QtQuick_Controls --> node_venv_lib_python3_12_site-packages_PyQt6_Qt6_qml_QtQuick_Controls_FluentWinUI3["FluentWinUI3"]\n    node_venv_lib_python3_12_site-packages_PyQt6_Qt6_qml_QtQuick_Controls_FluentWinUI3 --> node_venv_lib_python3_12_site-packages_PyQt6_Qt6_qml_QtQuick_Controls_FluentWinUI3_light["light"]\n    node_venv_lib_python3_12_site-packages_PyQt6_Qt6_qml_QtQuick_Controls_FluentWinUI3_light --> node_venv_lib_python3_12_site-packages_PyQt6_Qt6_qml_QtQuick_Controls_FluentWinUI3_light_images["images"]\n    node_venv_lib_python3_12_site-packages_PyQt6_Qt6_qml_QtQuick_Controls_FluentWinUI3_light_images --> node_venv_lib_python3_12_site-packages_PyQt6_Qt6_qml_QtQuick_Controls_FluentWinUI3_light_images_checkbox-indicator-partiallyChecked-pressed@2x_png["checkbox-indicator-partiallyChecked-pressed@2x.png"]\n    Root --> node_venv["venv"]\n    node_venv --> node_venv_lib["lib"]\n    node_venv_lib --> node_venv_lib_python3_12["python3.12"]\n    node_venv_lib_python3_12 --> node_venv_lib_python3_12_site-packages["site-packages"]\n    node_venv_lib_python3_12_site-packages --> node_venv_lib_python3_12_site-packages_PyQt6["PyQt6"]\n    node_venv_lib_python3_12_site-packages_PyQt6 --> node_venv_lib_python3_12_site-packages_PyQt6_Qt6["Qt6"]\n    node_venv_lib_python3_12_site-packages_PyQt6_Qt6 --> node_venv_lib_python3_12_site-packages_PyQt6_Qt6_qml["qml"]\n    node_venv_lib_python3_12_site-packages_PyQt6_Qt6_qml --> node_venv_lib_python3_12_site-packages_PyQt6_Qt6_qml_QtQuick["QtQuick"]\n    node_venv_lib_python3_12_site-packages_PyQt6_Qt6_qml_QtQuick --> node_venv_lib_python3_12_site-packages_PyQt6_Qt6_qml_QtQuick_Controls["Controls"]\n    node_venv_lib_python3_12_site-packages_PyQt6_Qt6_qml_QtQuick_Controls --> node_venv_lib_python3_12_site-packages_PyQt6_Qt6_qml_QtQuick_Controls_FluentWinUI3["FluentWinUI3"]\n    node_venv_lib_python3_12_site-packages_PyQt6_Qt6_qml_QtQuick_Controls_FluentWinUI3 --> node_venv_lib_python3_12_site-packages_PyQt6_Qt6_qml_QtQuick_Controls_FluentWinUI3_light["light"]\n    node_venv_lib_python3_12_site-packages_PyQt6_Qt6_qml_QtQuick_Controls_FluentWinUI3_light --> node_venv_lib_python3_12_site-packages_PyQt6_Qt6_qml_QtQuick_Controls_FluentWinUI3_light_images["images"]\n    node_venv_lib_python3_12_site-packages_PyQt6_Qt6_qml_QtQuick_Controls_FluentWinUI3_light_images --> node_venv_lib_python3_12_site-packages_PyQt6_Qt6_qml_QtQuick_Controls_FluentWinUI3_light_images_checkbox-indicator-partiallyChecked-pressed@3x_png["checkbox-indicator-partiallyChecked-pressed@3x.png"]\n    Root --> node_venv["venv"]\n    node_venv --> node_venv_lib["lib"]\n    node_venv_lib --> node_venv_lib_python3_12["python3.12"]\n    node_venv_lib_python3_12 --> node_venv_lib_python3_12_site-packages["site-packages"]\n    node_venv_lib_python3_12_site-packages --> node_venv_lib_python3_12_site-packages_PyQt6["PyQt6"]\n    node_venv_lib_python3_12_site-packages_PyQt6 --> node_venv_lib_python3_12_site-packages_PyQt6_Qt6["Qt6"]\n    node_venv_lib_python3_12_site-packages_PyQt6_Qt6 --> node_venv_lib_python3_12_site-packages_PyQt6_Qt6_qml["qml"]\n    node_venv_lib_python3_12_site-packages_PyQt6_Qt6_qml --> node_venv_lib_python3_12_site-packages_PyQt6_Qt6_qml_QtQuick["QtQuick"]\n    node_venv_lib_python3_12_site-packages_PyQt6_Qt6_qml_QtQuick --> node_venv_lib_python3_12_site-packages_PyQt6_Qt6_qml_QtQuick_Controls["Controls"]\n    node_venv_lib_python3_12_site-packages_PyQt6_Qt6_qml_QtQuick_Controls --> node_venv_lib_python3_12_site-packages_PyQt6_Qt6_qml_QtQuick_Controls_FluentWinUI3["FluentWinUI3"]\n    node_venv_lib_python3_12_site-packages_PyQt6_Qt6_qml_QtQuick_Controls_FluentWinUI3 --> node_venv_lib_python3_12_site-packages_PyQt6_Qt6_qml_QtQuick_Controls_FluentWinUI3_light["light"]\n    node_venv_lib_python3_12_site-packages_PyQt6_Qt6_qml_QtQuick_Controls_FluentWinUI3_light --> node_venv_lib_python3_12_site-packages_PyQt6_Qt6_qml_QtQuick_Controls_FluentWinUI3_light_images["images"]\n    node_venv_lib_python3_12_site-packages_PyQt6_Qt6_qml_QtQuick_Controls_FluentWinUI3_light_images --> node_venv_lib_python3_12_site-packages_PyQt6_Qt6_qml_QtQuick_Controls_FluentWinUI3_light_images_checkbox-indicator-partiallyChecked_png["checkbox-indicator-partiallyChecked.png"]\n    Root --> node_venv["venv"]\n    node_venv --> node_venv_lib["lib"]\n    node_venv_lib --> node_venv_lib_python3_12["python3.12"]\n    node_venv_lib_python3_12 --> node_venv_lib_python3_12_site-packages["site-packages"]\n    node_venv_lib_python3_12_site-packages --> node_venv_lib_python3_12_site-packages_PyQt6["PyQt6"]\n    node_venv_lib_python3_12_site-packages_PyQt6 --> node_venv_lib_python3_12_site-packages_PyQt6_Qt6["Qt6"]\n    node_venv_lib_python3_12_site-packages_PyQt6_Qt6 --> node_venv_lib_python3_12_site-packages_PyQt6_Qt6_qml["qml"]\n    node_venv_lib_python3_12_site-packages_PyQt6_Qt6_qml --> node_venv_lib_python3_12_site-packages_PyQt6_Qt6_qml_QtQuick["QtQuick"]\n    node_venv_lib_python3_12_site-packages_PyQt6_Qt6_qml_QtQuick --> node_venv_lib_python3_12_site-packages_PyQt6_Qt6_qml_QtQuick_Controls["Controls"]\n    node_venv_lib_python3_12_site-packages_PyQt6_Qt6_qml_QtQuick_Controls --> node_venv_lib_python3_12_site-packages_PyQt6_Qt6_qml_QtQuick_Controls_FluentWinUI3["FluentWinUI3"]\n    node_venv_lib_python3_12_site-packages_PyQt6_Qt6_qml_QtQuick_Controls_FluentWinUI3 --> node_venv_lib_python3_12_site-packages_PyQt6_Qt6_qml_QtQuick_Controls_FluentWinUI3_light["light"]\n    node_venv_lib_python3_12_site-packages_PyQt6_Qt6_qml_QtQuick_Controls_FluentWinUI3_light --> node_venv_lib_python3_12_site-packages_PyQt6_Qt6_qml_QtQuick_Controls_FluentWinUI3_light_images["images"]\n    node_venv_lib_python3_12_site-packages_PyQt6_Qt6_qml_QtQuick_Controls_FluentWinUI3_light_images --> node_venv_lib_python3_12_site-packages_PyQt6_Qt6_qml_QtQuick_Controls_FluentWinUI3_light_images_checkbox-indicator-partiallyChecked@2x_png["checkbox-indicator-partiallyChecked@2x.png"]\n    Root --> node_venv["venv"]\n    node_venv --> node_venv_lib["lib"]\n    node_venv_lib --> node_venv_lib_python3_12["python3.12"]\n    node_venv_lib_python3_12 --> node_venv_lib_python3_12_site-packages["site-packages"]\n    node_venv_lib_python3_12_site-packages --> node_venv_lib_python3_12_site-packages_PyQt6["PyQt6"]\n    node_venv_lib_python3_12_site-packages_PyQt6 --> node_venv_lib_python3_12_site-packages_PyQt6_Qt6["Qt6"]\n    node_venv_lib_python3_12_site-packages_PyQt6_Qt6 --> node_venv_lib_python3_12_site-packages_PyQt6_Qt6_qml["qml"]\n    node_venv_lib_python3_12_site-packages_PyQt6_Qt6_qml --> node_venv_lib_python3_12_site-packages_PyQt6_Qt6_qml_QtQuick["QtQuick"]\n    node_venv_lib_python3_12_site-packages_PyQt6_Qt6_qml_QtQuick --> node_venv_lib_python3_12_site-packages_PyQt6_Qt6_qml_QtQuick_Controls["Controls"]\n    node_venv_lib_python3_12_site-packages_PyQt6_Qt6_qml_QtQuick_Controls --> node_venv_lib_python3_12_site-packages_PyQt6_Qt6_qml_QtQuick_Controls_FluentWinUI3["FluentWinUI3"]\n    node_venv_lib_python3_12_site-packages_PyQt6_Qt6_qml_QtQuick_Controls_FluentWinUI3 --> node_venv_lib_python3_12_site-packages_PyQt6_Qt6_qml_QtQuick_Controls_FluentWinUI3_light["light"]\n    node_venv_lib_python3_12_site-packages_PyQt6_Qt6_qml_QtQuick_Controls_FluentWinUI3_light --> node_venv_lib_python3_12_site-packages_PyQt6_Qt6_qml_QtQuick_Controls_FluentWinUI3_light_images["images"]\n    node_venv_lib_python3_12_site-packages_PyQt6_Qt6_qml_QtQuick_Controls_FluentWinUI3_light_images --> node_venv_lib_python3_12_site-packages_PyQt6_Qt6_qml_QtQuick_Controls_FluentWinUI3_light_images_checkbox-indicator-partiallyChecked@3x_png["checkbox-indicator-partiallyChecked@3x.png"]\n    Root --> node_venv["venv"]\n    node_venv --> node_venv_lib["lib"]\n    node_venv_lib --> node_venv_lib_python3_12["python3.12"]\n    node_venv_lib_python3_12 --> node_venv_lib_python3_12_site-packages["site-packages"]\n    node_venv_lib_python3_12_site-packages --> node_venv_lib_python3_12_site-packages_PyQt6["PyQt6"]\n    node_venv_lib_python3_12_site-packages_PyQt6 --> node_venv_lib_python3_12_site-packages_PyQt6_Qt6["Qt6"]\n    node_venv_lib_python3_12_site-packages_PyQt6_Qt6 --> node_venv_lib_python3_12_site-packages_PyQt6_Qt6_qml["qml"]\n    node_venv_lib_python3_12_site-packages_PyQt6_Qt6_qml --> node_venv_lib_python3_12_site-packages_PyQt6_Qt6_qml_QtQuick["QtQuick"]\n    node_venv_lib_python3_12_site-packages_PyQt6_Qt6_qml_QtQuick --> node_venv_lib_python3_12_site-packages_PyQt6_Qt6_qml_QtQuick_Controls["Controls"]\n    node_venv_lib_python3_12_site-packages_PyQt6_Qt6_qml_QtQuick_Controls --> node_venv_lib_python3_12_site-packages_PyQt6_Qt6_qml_QtQuick_Controls_FluentWinUI3["FluentWinUI3"]\n    node_venv_lib_python3_12_site-packages_PyQt6_Qt6_qml_QtQuick_Controls_FluentWinUI3 --> node_venv_lib_python3_12_site-packages_PyQt6_Qt6_qml_QtQuick_Controls_FluentWinUI3_light["light"]\n    node_venv_lib_python3_12_site-packages_PyQt6_Qt6_qml_QtQuick_Controls_FluentWinUI3_light --> node_venv_lib_python3_12_site-packages_PyQt6_Qt6_qml_QtQuick_Controls_FluentWinUI3_light_images["images"]\n    node_venv_lib_python3_12_site-packages_PyQt6_Qt6_qml_QtQuick_Controls_FluentWinUI3_light_images --> node_venv_lib_python3_12_site-packages_PyQt6_Qt6_qml_QtQuick_Controls_FluentWinUI3_light_images_checkbox-indicator-pressed_png["checkbox-indicator-pressed.png"]\n    Root --> node_venv["venv"]\n    node_venv --> node_venv_lib["lib"]\n    node_venv_lib --> node_venv_lib_python3_12["python3.12"]\n    node_venv_lib_python3_12 --> node_venv_lib_python3_12_site-packages["site-packages"]\n    node_venv_lib_python3_12_site-packages --> node_venv_lib_python3_12_site-packages_PyQt6["PyQt6"]\n    node_venv_lib_python3_12_site-packages_PyQt6 --> node_venv_lib_python3_12_site-packages_PyQt6_Qt6["Qt6"]\n    node_venv_lib_python3_12_site-packages_PyQt6_Qt6 --> node_venv_lib_python3_12_site-packages_PyQt6_Qt6_qml["qml"]\n    node_venv_lib_python3_12_site-packages_PyQt6_Qt6_qml --> node_venv_lib_python3_12_site-packages_PyQt6_Qt6_qml_QtQuick["QtQuick"]\n    node_venv_lib_python3_12_site-packages_PyQt6_Qt6_qml_QtQuick --> node_venv_lib_python3_12_site-packages_PyQt6_Qt6_qml_QtQuick_Controls["Controls"]\n    node_venv_lib_python3_12_site-packages_PyQt6_Qt6_qml_QtQuick_Controls --> node_venv_lib_python3_12_site-packages_PyQt6_Qt6_qml_QtQuick_Controls_FluentWinUI3["FluentWinUI3"]\n    node_venv_lib_python3_12_site-packages_PyQt6_Qt6_qml_QtQuick_Controls_FluentWinUI3 --> node_venv_lib_python3_12_site-packages_PyQt6_Qt6_qml_QtQuick_Controls_FluentWinUI3_light["light"]\n    node_venv_lib_python3_12_site-packages_PyQt6_Qt6_qml_QtQuick_Controls_FluentWinUI3_light --> node_venv_lib_python3_12_site-packages_PyQt6_Qt6_qml_QtQuick_Controls_FluentWinUI3_light_images["images"]\n    node_venv_lib_python3_12_site-packages_PyQt6_Qt6_qml_QtQuick_Controls_FluentWinUI3_light_images --> node_venv_lib_python3_12_site-packages_PyQt6_Qt6_qml_QtQuick_Controls_FluentWinUI3_light_images_checkbox-indicator-pressed@2x_png["checkbox-indicator-pressed@2x.png"]\n    Root --> node_venv["venv"]\n    node_venv --> node_venv_lib["lib"]\n    node_venv_lib --> node_venv_lib_python3_12["python3.12"]\n    node_venv_lib_python3_12 --> node_venv_lib_python3_12_site-packages["site-packages"]\n    node_venv_lib_python3_12_site-packages --> node_venv_lib_python3_12_site-packages_PyQt6["PyQt6"]\n    node_venv_lib_python3_12_site-packages_PyQt6 --> node_venv_lib_python3_12_site-packages_PyQt6_Qt6["Qt6"]\n    node_venv_lib_python3_12_site-packages_PyQt6_Qt6 --> node_venv_lib_python3_12_site-packages_PyQt6_Qt6_qml["qml"]\n    node_venv_lib_python3_12_site-packages_PyQt6_Qt6_qml --> node_venv_lib_python3_12_site-packages_PyQt6_Qt6_qml_QtQuick["QtQuick"]\n    node_venv_lib_python3_12_site-packages_PyQt6_Qt6_qml_QtQuick --> node_venv_lib_python3_12_site-packages_PyQt6_Qt6_qml_QtQuick_Controls["Controls"]\n    node_venv_lib_python3_12_site-packages_PyQt6_Qt6_qml_QtQuick_Controls --> node_venv_lib_python3_12_site-packages_PyQt6_Qt6_qml_QtQuick_Controls_FluentWinUI3["FluentWinUI3"]\n    node_venv_lib_python3_12_site-packages_PyQt6_Qt6_qml_QtQuick_Controls_FluentWinUI3 --> node_venv_lib_python3_12_site-packages_PyQt6_Qt6_qml_QtQuick_Controls_FluentWinUI3_light["light"]\n    node_venv_lib_python3_12_site-packages_PyQt6_Qt6_qml_QtQuick_Controls_FluentWinUI3_light --> node_venv_lib_python3_12_site-packages_PyQt6_Qt6_qml_QtQuick_Controls_FluentWinUI3_light_images["images"]\n    node_venv_lib_python3_12_site-packages_PyQt6_Qt6_qml_QtQuick_Controls_FluentWinUI3_light_images --> node_venv_lib_python3_12_site-packages_PyQt6_Qt6_qml_QtQuick_Controls_FluentWinUI3_light_images_checkbox-indicator-pressed@3x_png["checkbox-indicator-pressed@3x.png"]\n    Root --> node_venv["venv"]\n    node_venv --> node_venv_lib["lib"]\n    node_venv_lib --> node_venv_lib_python3_12["python3.12"]\n    node_venv_lib_python3_12 --> node_venv_lib_python3_12_site-packages["site-packages"]\n    node_venv_lib_python3_12_site-packages --> node_venv_lib_python3_12_site-packages_PyQt6["PyQt6"]\n    node_venv_lib_python3_12_site-packages_PyQt6 --> node_venv_lib_python3_12_site-packages_PyQt6_Qt6["Qt6"]\n    node_venv_lib_python3_12_site-packages_PyQt6_Qt6 --> node_venv_lib_python3_12_site-packages_PyQt6_Qt6_qml["qml"]\n    node_venv_lib_python3_12_site-packages_PyQt6_Qt6_qml --> node_venv_lib_python3_12_site-packages_PyQt6_Qt6_qml_QtQuick["QtQuick"]\n    node_venv_lib_python3_12_site-packages_PyQt6_Qt6_qml_QtQuick --> node_venv_lib_python3_12_site-packages_PyQt6_Qt6_qml_QtQuick_Controls["Controls"]\n    node_venv_lib_python3_12_site-packages_PyQt6_Qt6_qml_QtQuick_Controls --> node_venv_lib_python3_12_site-packages_PyQt6_Qt6_qml_QtQuick_Controls_FluentWinUI3["FluentWinUI3"]\n    node_venv_lib_python3_12_site-packages_PyQt6_Qt6_qml_QtQuick_Controls_FluentWinUI3 --> node_venv_lib_python3_12_site-packages_PyQt6_Qt6_qml_QtQuick_Controls_FluentWinUI3_light["light"]\n    node_venv_lib_python3_12_site-packages_PyQt6_Qt6_qml_QtQuick_Controls_FluentWinUI3_light --> node_venv_lib_python3_12_site-packages_PyQt6_Qt6_qml_QtQuick_Controls_FluentWinUI3_light_images["images"]\n    node_venv_lib_python3_12_site-packages_PyQt6_Qt6_qml_QtQuick_Controls_FluentWinUI3_light_images --> node_venv_lib_python3_12_site-packages_PyQt6_Qt6_qml_QtQuick_Controls_FluentWinUI3_light_images_checkbox-indicator_png["checkbox-indicator.png"]\n    Root --> node_venv["venv"]\n    node_venv --> node_venv_lib["lib"]\n    node_venv_lib --> node_venv_lib_python3_12["python3.12"]\n    node_venv_lib_python3_12 --> node_venv_lib_python3_12_site-packages["site-packages"]\n    node_venv_lib_python3_12_site-packages --> node_venv_lib_python3_12_site-packages_PyQt6["PyQt6"]\n    node_venv_lib_python3_12_site-packages_PyQt6 --> node_venv_lib_python3_12_site-packages_PyQt6_Qt6["Qt6"]\n    node_venv_lib_python3_12_site-packages_PyQt6_Qt6 --> node_venv_lib_python3_12_site-packages_PyQt6_Qt6_qml["qml"]\n    node_venv_lib_python3_12_site-packages_PyQt6_Qt6_qml --> node_venv_lib_python3_12_site-packages_PyQt6_Qt6_qml_QtQuick["QtQuick"]\n    node_venv_lib_python3_12_site-packages_PyQt6_Qt6_qml_QtQuick --> node_venv_lib_python3_12_site-packages_PyQt6_Qt6_qml_QtQuick_Controls["Controls"]\n    node_venv_lib_python3_12_site-packages_PyQt6_Qt6_qml_QtQuick_Controls --> node_venv_lib_python3_12_site-packages_PyQt6_Qt6_qml_QtQuick_Controls_FluentWinUI3["FluentWinUI3"]\n    node_venv_lib_python3_12_site-packages_PyQt6_Qt6_qml_QtQuick_Controls_FluentWinUI3 --> node_venv_lib_python3_12_site-packages_PyQt6_Qt6_qml_QtQuick_Controls_FluentWinUI3_light["light"]\n    node_venv_lib_python3_12_site-packages_PyQt6_Qt6_qml_QtQuick_Controls_FluentWinUI3_light --> node_venv_lib_python3_12_site-packages_PyQt6_Qt6_qml_QtQuick_Controls_FluentWinUI3_light_images["images"]\n    node_venv_lib_python3_12_site-packages_PyQt6_Qt6_qml_QtQuick_Controls_FluentWinUI3_light_images --> node_venv_lib_python3_12_site-packages_PyQt6_Qt6_qml_QtQuick_Controls_FluentWinUI3_light_images_checkbox-indicator@2x_png["checkbox-indicator@2x.png"]\n    Root --> node_venv["venv"]\n    node_venv --> node_venv_lib["lib"]\n    node_venv_lib --> node_venv_lib_python3_12["python3.12"]\n    node_venv_lib_python3_12 --> node_venv_lib_python3_12_site-packages["site-packages"]\n    node_venv_lib_python3_12_site-packages --> node_venv_lib_python3_12_site-packages_PyQt6["PyQt6"]\n    node_venv_lib_python3_12_site-packages_PyQt6 --> node_venv_lib_python3_12_site-packages_PyQt6_Qt6["Qt6"]\n    node_venv_lib_python3_12_site-packages_PyQt6_Qt6 --> node_venv_lib_python3_12_site-packages_PyQt6_Qt6_qml["qml"]\n    node_venv_lib_python3_12_site-packages_PyQt6_Qt6_qml --> node_venv_lib_python3_12_site-packages_PyQt6_Qt6_qml_QtQuick["QtQuick"]\n    node_venv_lib_python3_12_site-packages_PyQt6_Qt6_qml_QtQuick --> node_venv_lib_python3_12_site-packages_PyQt6_Qt6_qml_QtQuick_Controls["Controls"]\n    node_venv_lib_python3_12_site-packages_PyQt6_Qt6_qml_QtQuick_Controls --> node_venv_lib_python3_12_site-packages_PyQt6_Qt6_qml_QtQuick_Controls_FluentWinUI3["FluentWinUI3"]\n    node_venv_lib_python3_12_site-packages_PyQt6_Qt6_qml_QtQuick_Controls_FluentWinUI3 --> node_venv_lib_python3_12_site-packages_PyQt6_Qt6_qml_QtQuick_Controls_FluentWinUI3_light["light"]\n    node_venv_lib_python3_12_site-packages_PyQt6_Qt6_qml_QtQuick_Controls_FluentWinUI3_light --> node_venv_lib_python3_12_site-packages_PyQt6_Qt6_qml_QtQuick_Controls_FluentWinUI3_light_images["images"]\n    node_venv_lib_python3_12_site-packages_PyQt6_Qt6_qml_QtQuick_Controls_FluentWinUI3_light_images --> node_venv_lib_python3_12_site-packages_PyQt6_Qt6_qml_QtQuick_Controls_FluentWinUI3_light_images_checkbox-indicator@3x_png["checkbox-indicator@3x.png"]\n    Root --> node_venv["venv"]\n    node_venv --> node_venv_lib["lib"]\n    node_venv_lib --> node_venv_lib_python3_12["python3.12"]\n    node_venv_lib_python3_12 --> node_venv_lib_python3_12_site-packages["site-packages"]\n    node_venv_lib_python3_12_site-packages --> node_venv_lib_python3_12_site-packages_PyQt6["PyQt6"]\n    node_venv_lib_python3_12_site-packages_PyQt6 --> node_venv_lib_python3_12_site-packages_PyQt6_Qt6["Qt6"]\n    node_venv_lib_python3_12_site-packages_PyQt6_Qt6 --> node_venv_lib_python3_12_site-packages_PyQt6_Qt6_qml["qml"]\n    node_venv_lib_python3_12_site-packages_PyQt6_Qt6_qml --> node_venv_lib_python3_12_site-packages_PyQt6_Qt6_qml_QtQuick["QtQuick"]\n    node_venv_lib_python3_12_site-packages_PyQt6_Qt6_qml_QtQuick --> node_venv_lib_python3_12_site-packages_PyQt6_Qt6_qml_QtQuick_Controls["Controls"]\n    node_venv_lib_python3_12_site-packages_PyQt6_Qt6_qml_QtQuick_Controls --> node_venv_lib_python3_12_site-packages_PyQt6_Qt6_qml_QtQuick_Controls_FluentWinUI3["FluentWinUI3"]\n    node_venv_lib_python3_12_site-packages_PyQt6_Qt6_qml_QtQuick_Controls_FluentWinUI3 --> node_venv_lib_python3_12_site-packages_PyQt6_Qt6_qml_QtQuick_Controls_FluentWinUI3_light["light"]\n    node_venv_lib_python3_12_site-packages_PyQt6_Qt6_qml_QtQuick_Controls_FluentWinUI3_light --> node_venv_lib_python3_12_site-packages_PyQt6_Qt6_qml_QtQuick_Controls_FluentWinUI3_light_images["images"]\n    node_venv_lib_python3_12_site-packages_PyQt6_Qt6_qml_QtQuick_Controls_FluentWinUI3_light_images --> node_venv_lib_python3_12_site-packages_PyQt6_Qt6_qml_QtQuick_Controls_FluentWinUI3_light_images_combobox-background-disabled_png["combobox-background-disabled.png"]\n    Root --> node_venv["venv"]\n    node_venv --> node_venv_lib["lib"]\n    node_venv_lib --> node_venv_lib_python3_12["python3.12"]\n    node_venv_lib_python3_12 --> node_venv_lib_python3_12_site-packages["site-packages"]\n    node_venv_lib_python3_12_site-packages --> node_venv_lib_python3_12_site-packages_PyQt6["PyQt6"]\n    node_venv_lib_python3_12_site-packages_PyQt6 --> node_venv_lib_python3_12_site-packages_PyQt6_Qt6["Qt6"]\n    node_venv_lib_python3_12_site-packages_PyQt6_Qt6 --> node_venv_lib_python3_12_site-packages_PyQt6_Qt6_qml["qml"]\n    node_venv_lib_python3_12_site-packages_PyQt6_Qt6_qml --> node_venv_lib_python3_12_site-packages_PyQt6_Qt6_qml_QtQuick["QtQuick"]\n    node_venv_lib_python3_12_site-packages_PyQt6_Qt6_qml_QtQuick --> node_venv_lib_python3_12_site-packages_PyQt6_Qt6_qml_QtQuick_Controls["Controls"]\n    node_venv_lib_python3_12_site-packages_PyQt6_Qt6_qml_QtQuick_Controls --> node_venv_lib_python3_12_site-packages_PyQt6_Qt6_qml_QtQuick_Controls_FluentWinUI3["FluentWinUI3"]\n    node_venv_lib_python3_12_site-packages_PyQt6_Qt6_qml_QtQuick_Controls_FluentWinUI3 --> node_venv_lib_python3_12_site-packages_PyQt6_Qt6_qml_QtQuick_Controls_FluentWinUI3_light["light"]\n    node_venv_lib_python3_12_site-packages_PyQt6_Qt6_qml_QtQuick_Controls_FluentWinUI3_light --> node_venv_lib_python3_12_site-packages_PyQt6_Qt6_qml_QtQuick_Controls_FluentWinUI3_light_images["images"]\n    node_venv_lib_python3_12_site-packages_PyQt6_Qt6_qml_QtQuick_Controls_FluentWinUI3_light_images --> node_venv_lib_python3_12_site-packages_PyQt6_Qt6_qml_QtQuick_Controls_FluentWinUI3_light_images_combobox-background-disabled@2x_png["combobox-background-disabled@2x.png"]\n    Root --> node_venv["venv"]\n    node_venv --> node_venv_lib["lib"]\n    node_venv_lib --> node_venv_lib_python3_12["python3.12"]\n    node_venv_lib_python3_12 --> node_venv_lib_python3_12_site-packages["site-packages"]\n    node_venv_lib_python3_12_site-packages --> node_venv_lib_python3_12_site-packages_PyQt6["PyQt6"]\n    node_venv_lib_python3_12_site-packages_PyQt6 --> node_venv_lib_python3_12_site-packages_PyQt6_Qt6["Qt6"]\n    node_venv_lib_python3_12_site-packages_PyQt6_Qt6 --> node_venv_lib_python3_12_site-packages_PyQt6_Qt6_qml["qml"]\n    node_venv_lib_python3_12_site-packages_PyQt6_Qt6_qml --> node_venv_lib_python3_12_site-packages_PyQt6_Qt6_qml_QtQuick["QtQuick"]\n    node_venv_lib_python3_12_site-packages_PyQt6_Qt6_qml_QtQuick --> node_venv_lib_python3_12_site-packages_PyQt6_Qt6_qml_QtQuick_Controls["Controls"]\n    node_venv_lib_python3_12_site-packages_PyQt6_Qt6_qml_QtQuick_Controls --> node_venv_lib_python3_12_site-packages_PyQt6_Qt6_qml_QtQuick_Controls_FluentWinUI3["FluentWinUI3"]\n    node_venv_lib_python3_12_site-packages_PyQt6_Qt6_qml_QtQuick_Controls_FluentWinUI3 --> node_venv_lib_python3_12_site-packages_PyQt6_Qt6_qml_QtQuick_Controls_FluentWinUI3_light["light"]\n    node_venv_lib_python3_12_site-packages_PyQt6_Qt6_qml_QtQuick_Controls_FluentWinUI3_light --> node_venv_lib_python3_12_site-packages_PyQt6_Qt6_qml_QtQuick_Controls_FluentWinUI3_light_images["images"]\n    node_venv_lib_python3_12_site-packages_PyQt6_Qt6_qml_QtQuick_Controls_FluentWinUI3_light_images --> node_venv_lib_python3_12_site-packages_PyQt6_Qt6_qml_QtQuick_Controls_FluentWinUI3_light_images_combobox-background-disabled@3x_png["combobox-background-disabled@3x.png"]\n    Root --> node_venv["venv"]\n    node_venv --> node_venv_lib["lib"]\n    node_venv_lib --> node_venv_lib_python3_12["python3.12"]\n    node_venv_lib_python3_12 --> node_venv_lib_python3_12_site-packages["site-packages"]\n    node_venv_lib_python3_12_site-packages --> node_venv_lib_python3_12_site-packages_PyQt6["PyQt6"]\n    node_venv_lib_python3_12_site-packages_PyQt6 --> node_venv_lib_python3_12_site-packages_PyQt6_Qt6["Qt6"]\n    node_venv_lib_python3_12_site-packages_PyQt6_Qt6 --> node_venv_lib_python3_12_site-packages_PyQt6_Qt6_qml["qml"]\n    node_venv_lib_python3_12_site-packages_PyQt6_Qt6_qml --> node_venv_lib_python3_12_site-packages_PyQt6_Qt6_qml_QtQuick["QtQuick"]\n    node_venv_lib_python3_12_site-packages_PyQt6_Qt6_qml_QtQuick --> node_venv_lib_python3_12_site-packages_PyQt6_Qt6_qml_QtQuick_Controls["Controls"]\n    node_venv_lib_python3_12_site-packages_PyQt6_Qt6_qml_QtQuick_Controls --> node_venv_lib_python3_12_site-packages_PyQt6_Qt6_qml_QtQuick_Controls_FluentWinUI3["FluentWinUI3"]\n    node_venv_lib_python3_12_site-packages_PyQt6_Qt6_qml_QtQuick_Controls_FluentWinUI3 --> node_venv_lib_python3_12_site-packages_PyQt6_Qt6_qml_QtQuick_Controls_FluentWinUI3_light["light"]\n    node_venv_lib_python3_12_site-packages_PyQt6_Qt6_qml_QtQuick_Controls_FluentWinUI3_light --> node_venv_lib_python3_12_site-packages_PyQt6_Qt6_qml_QtQuick_Controls_FluentWinUI3_light_images["images"]\n    node_venv_lib_python3_12_site-packages_PyQt6_Qt6_qml_QtQuick_Controls_FluentWinUI3_light_images --> node_venv_lib_python3_12_site-packages_PyQt6_Qt6_qml_QtQuick_Controls_FluentWinUI3_light_images_combobox-background-focused_png["combobox-background-focused.png"]\n    Root --> node_venv["venv"]\n    node_venv --> node_venv_lib["lib"]\n    node_venv_lib --> node_venv_lib_python3_12["python3.12"]\n    node_venv_lib_python3_12 --> node_venv_lib_python3_12_site-packages["site-packages"]\n    node_venv_lib_python3_12_site-packages --> node_venv_lib_python3_12_site-packages_PyQt6["PyQt6"]\n    node_venv_lib_python3_12_site-packages_PyQt6 --> node_venv_lib_python3_12_site-packages_PyQt6_Qt6["Qt6"]\n    node_venv_lib_python3_12_site-packages_PyQt6_Qt6 --> node_venv_lib_python3_12_site-packages_PyQt6_Qt6_qml["qml"]\n    node_venv_lib_python3_12_site-packages_PyQt6_Qt6_qml --> node_venv_lib_python3_12_site-packages_PyQt6_Qt6_qml_QtQuick["QtQuick"]\n    node_venv_lib_python3_12_site-packages_PyQt6_Qt6_qml_QtQuick --> node_venv_lib_python3_12_site-packages_PyQt6_Qt6_qml_QtQuick_Controls["Controls"]\n    node_venv_lib_python3_12_site-packages_PyQt6_Qt6_qml_QtQuick_Controls --> node_venv_lib_python3_12_site-packages_PyQt6_Qt6_qml_QtQuick_Controls_FluentWinUI3["FluentWinUI3"]\n    node_venv_lib_python3_12_site-packages_PyQt6_Qt6_qml_QtQuick_Controls_FluentWinUI3 --> node_venv_lib_python3_12_site-packages_PyQt6_Qt6_qml_QtQuick_Controls_FluentWinUI3_light["light"]\n    node_venv_lib_python3_12_site-packages_PyQt6_Qt6_qml_QtQuick_Controls_FluentWinUI3_light --> node_venv_lib_python3_12_site-packages_PyQt6_Qt6_qml_QtQuick_Controls_FluentWinUI3_light_images["images"]\n    node_venv_lib_python3_12_site-packages_PyQt6_Qt6_qml_QtQuick_Controls_FluentWinUI3_light_images --> node_venv_lib_python3_12_site-packages_PyQt6_Qt6_qml_QtQuick_Controls_FluentWinUI3_light_images_combobox-background-focused@2x_png["combobox-background-focused@2x.png"]\n    Root --> node_venv["venv"]\n    node_venv --> node_venv_lib["lib"]\n    node_venv_lib --> node_venv_lib_python3_12["python3.12"]\n    node_venv_lib_python3_12 --> node_venv_lib_python3_12_site-packages["site-packages"]\n    node_venv_lib_python3_12_site-packages --> node_venv_lib_python3_12_site-packages_PyQt6["PyQt6"]\n    node_venv_lib_python3_12_site-packages_PyQt6 --> node_venv_lib_python3_12_site-packages_PyQt6_Qt6["Qt6"]\n    node_venv_lib_python3_12_site-packages_PyQt6_Qt6 --> node_venv_lib_python3_12_site-packages_PyQt6_Qt6_qml["qml"]\n    node_venv_lib_python3_12_site-packages_PyQt6_Qt6_qml --> node_venv_lib_python3_12_site-packages_PyQt6_Qt6_qml_QtQuick["QtQuick"]\n    node_venv_lib_python3_12_site-packages_PyQt6_Qt6_qml_QtQuick --> node_venv_lib_python3_12_site-packages_PyQt6_Qt6_qml_QtQuick_Controls["Controls"]\n    node_venv_lib_python3_12_site-packages_PyQt6_Qt6_qml_QtQuick_Controls --> node_venv_lib_python3_12_site-packages_PyQt6_Qt6_qml_QtQuick_Controls_FluentWinUI3["FluentWinUI3"]\n    node_venv_lib_python3_12_site-packages_PyQt6_Qt6_qml_QtQuick_Controls_FluentWinUI3 --> node_venv_lib_python3_12_site-packages_PyQt6_Qt6_qml_QtQuick_Controls_FluentWinUI3_light["light"]\n    node_venv_lib_python3_12_site-packages_PyQt6_Qt6_qml_QtQuick_Controls_FluentWinUI3_light --> node_venv_lib_python3_12_site-packages_PyQt6_Qt6_qml_QtQuick_Controls_FluentWinUI3_light_images["images"]\n    node_venv_lib_python3_12_site-packages_PyQt6_Qt6_qml_QtQuick_Controls_FluentWinUI3_light_images --> node_venv_lib_python3_12_site-packages_PyQt6_Qt6_qml_QtQuick_Controls_FluentWinUI3_light_images_combobox-background-focused@3x_png["combobox-background-focused@3x.png"]\n    Root --> node_venv["venv"]\n    node_venv --> node_venv_lib["lib"]\n    node_venv_lib --> node_venv_lib_python3_12["python3.12"]\n    node_venv_lib_python3_12 --> node_venv_lib_python3_12_site-packages["site-packages"]\n    node_venv_lib_python3_12_site-packages --> node_venv_lib_python3_12_site-packages_PyQt6["PyQt6"]\n    node_venv_lib_python3_12_site-packages_PyQt6 --> node_venv_lib_python3_12_site-packages_PyQt6_Qt6["Qt6"]\n    node_venv_lib_python3_12_site-packages_PyQt6_Qt6 --> node_venv_lib_python3_12_site-packages_PyQt6_Qt6_qml["qml"]\n    node_venv_lib_python3_12_site-packages_PyQt6_Qt6_qml --> node_venv_lib_python3_12_site-packages_PyQt6_Qt6_qml_QtQuick["QtQuick"]\n    node_venv_lib_python3_12_site-packages_PyQt6_Qt6_qml_QtQuick --> node_venv_lib_python3_12_site-packages_PyQt6_Qt6_qml_QtQuick_Controls["Controls"]\n    node_venv_lib_python3_12_site-packages_PyQt6_Qt6_qml_QtQuick_Controls --> node_venv_lib_python3_12_site-packages_PyQt6_Qt6_qml_QtQuick_Controls_FluentWinUI3["FluentWinUI3"]\n    node_venv_lib_python3_12_site-packages_PyQt6_Qt6_qml_QtQuick_Controls_FluentWinUI3 --> node_venv_lib_python3_12_site-packages_PyQt6_Qt6_qml_QtQuick_Controls_FluentWinUI3_light["light"]\n    node_venv_lib_python3_12_site-packages_PyQt6_Qt6_qml_QtQuick_Controls_FluentWinUI3_light --> node_venv_lib_python3_12_site-packages_PyQt6_Qt6_qml_QtQuick_Controls_FluentWinUI3_light_images["images"]\n    node_venv_lib_python3_12_site-packages_PyQt6_Qt6_qml_QtQuick_Controls_FluentWinUI3_light_images --> node_venv_lib_python3_12_site-packages_PyQt6_Qt6_qml_QtQuick_Controls_FluentWinUI3_light_images_combobox-background-hovered-open_png["combobox-background-hovered-open.png"]\n    Root --> node_venv["venv"]\n    node_venv --> node_venv_lib["lib"]\n    node_venv_lib --> node_venv_lib_python3_12["python3.12"]\n    node_venv_lib_python3_12 --> node_venv_lib_python3_12_site-packages["site-packages"]\n    node_venv_lib_python3_12_site-packages --> node_venv_lib_python3_12_site-packages_PyQt6["PyQt6"]\n    node_venv_lib_python3_12_site-packages_PyQt6 --> node_venv_lib_python3_12_site-packages_PyQt6_Qt6["Qt6"]\n    node_venv_lib_python3_12_site-packages_PyQt6_Qt6 --> node_venv_lib_python3_12_site-packages_PyQt6_Qt6_qml["qml"]\n    node_venv_lib_python3_12_site-packages_PyQt6_Qt6_qml --> node_venv_lib_python3_12_site-packages_PyQt6_Qt6_qml_QtQuick["QtQuick"]\n    node_venv_lib_python3_12_site-packages_PyQt6_Qt6_qml_QtQuick --> node_venv_lib_python3_12_site-packages_PyQt6_Qt6_qml_QtQuick_Controls["Controls"]\n    node_venv_lib_python3_12_site-packages_PyQt6_Qt6_qml_QtQuick_Controls --> node_venv_lib_python3_12_site-packages_PyQt6_Qt6_qml_QtQuick_Controls_FluentWinUI3["FluentWinUI3"]\n    node_venv_lib_python3_12_site-packages_PyQt6_Qt6_qml_QtQuick_Controls_FluentWinUI3 --> node_venv_lib_python3_12_site-packages_PyQt6_Qt6_qml_QtQuick_Controls_FluentWinUI3_light["light"]\n    node_venv_lib_python3_12_site-packages_PyQt6_Qt6_qml_QtQuick_Controls_FluentWinUI3_light --> node_venv_lib_python3_12_site-packages_PyQt6_Qt6_qml_QtQuick_Controls_FluentWinUI3_light_images["images"]\n    node_venv_lib_python3_12_site-packages_PyQt6_Qt6_qml_QtQuick_Controls_FluentWinUI3_light_images --> node_venv_lib_python3_12_site-packages_PyQt6_Qt6_qml_QtQuick_Controls_FluentWinUI3_light_images_combobox-background-hovered-open@2x_png["combobox-background-hovered-open@2x.png"]\n    Root --> node_venv["venv"]\n    node_venv --> node_venv_lib["lib"]\n    node_venv_lib --> node_venv_lib_python3_12["python3.12"]\n    node_venv_lib_python3_12 --> node_venv_lib_python3_12_site-packages["site-packages"]\n    node_venv_lib_python3_12_site-packages --> node_venv_lib_python3_12_site-packages_PyQt6["PyQt6"]\n    node_venv_lib_python3_12_site-packages_PyQt6 --> node_venv_lib_python3_12_site-packages_PyQt6_Qt6["Qt6"]\n    node_venv_lib_python3_12_site-packages_PyQt6_Qt6 --> node_venv_lib_python3_12_site-packages_PyQt6_Qt6_qml["qml"]\n    node_venv_lib_python3_12_site-packages_PyQt6_Qt6_qml --> node_venv_lib_python3_12_site-packages_PyQt6_Qt6_qml_QtQuick["QtQuick"]\n    node_venv_lib_python3_12_site-packages_PyQt6_Qt6_qml_QtQuick --> node_venv_lib_python3_12_site-packages_PyQt6_Qt6_qml_QtQuick_Controls["Controls"]\n    node_venv_lib_python3_12_site-packages_PyQt6_Qt6_qml_QtQuick_Controls --> node_venv_lib_python3_12_site-packages_PyQt6_Qt6_qml_QtQuick_Controls_FluentWinUI3["FluentWinUI3"]\n    node_venv_lib_python3_12_site-packages_PyQt6_Qt6_qml_QtQuick_Controls_FluentWinUI3 --> node_venv_lib_python3_12_site-packages_PyQt6_Qt6_qml_QtQuick_Controls_FluentWinUI3_light["light"]\n    node_venv_lib_python3_12_site-packages_PyQt6_Qt6_qml_QtQuick_Controls_FluentWinUI3_light --> node_venv_lib_python3_12_site-packages_PyQt6_Qt6_qml_QtQuick_Controls_FluentWinUI3_light_images["images"]\n    node_venv_lib_python3_12_site-packages_PyQt6_Qt6_qml_QtQuick_Controls_FluentWinUI3_light_images --> node_venv_lib_python3_12_site-packages_PyQt6_Qt6_qml_QtQuick_Controls_FluentWinUI3_light_images_combobox-background-hovered-open@3x_png["combobox-background-hovered-open@3x.png"]\n    Root --> node_venv["venv"]\n    node_venv --> node_venv_lib["lib"]\n    node_venv_lib --> node_venv_lib_python3_12["python3.12"]\n    node_venv_lib_python3_12 --> node_venv_lib_python3_12_site-packages["site-packages"]\n    node_venv_lib_python3_12_site-packages --> node_venv_lib_python3_12_site-packages_PyQt6["PyQt6"]\n    node_venv_lib_python3_12_site-packages_PyQt6 --> node_venv_lib_python3_12_site-packages_PyQt6_Qt6["Qt6"]\n    node_venv_lib_python3_12_site-packages_PyQt6_Qt6 --> node_venv_lib_python3_12_site-packages_PyQt6_Qt6_qml["qml"]\n    node_venv_lib_python3_12_site-packages_PyQt6_Qt6_qml --> node_venv_lib_python3_12_site-packages_PyQt6_Qt6_qml_QtQuick["QtQuick"]\n    node_venv_lib_python3_12_site-packages_PyQt6_Qt6_qml_QtQuick --> node_venv_lib_python3_12_site-packages_PyQt6_Qt6_qml_QtQuick_Controls["Controls"]\n    node_venv_lib_python3_12_site-packages_PyQt6_Qt6_qml_QtQuick_Controls --> node_venv_lib_python3_12_site-packages_PyQt6_Qt6_qml_QtQuick_Controls_FluentWinUI3["FluentWinUI3"]\n    node_venv_lib_python3_12_site-packages_PyQt6_Qt6_qml_QtQuick_Controls_FluentWinUI3 --> node_venv_lib_python3_12_site-packages_PyQt6_Qt6_qml_QtQuick_Controls_FluentWinUI3_light["light"]\n    node_venv_lib_python3_12_site-packages_PyQt6_Qt6_qml_QtQuick_Controls_FluentWinUI3_light --> node_venv_lib_python3_12_site-packages_PyQt6_Qt6_qml_QtQuick_Controls_FluentWinUI3_light_images["images"]\n    node_venv_lib_python3_12_site-packages_PyQt6_Qt6_qml_QtQuick_Controls_FluentWinUI3_light_images --> node_venv_lib_python3_12_site-packages_PyQt6_Qt6_qml_QtQuick_Controls_FluentWinUI3_light_images_combobox-background-hovered_png["combobox-background-hovered.png"]\n    Root --> node_venv["venv"]\n    node_venv --> node_venv_lib["lib"]\n    node_venv_lib --> node_venv_lib_python3_12["python3.12"]\n    node_venv_lib_python3_12 --> node_venv_lib_python3_12_site-packages["site-packages"]\n    node_venv_lib_python3_12_site-packages --> node_venv_lib_python3_12_site-packages_PyQt6["PyQt6"]\n    node_venv_lib_python3_12_site-packages_PyQt6 --> node_venv_lib_python3_12_site-packages_PyQt6_Qt6["Qt6"]\n    node_venv_lib_python3_12_site-packages_PyQt6_Qt6 --> node_venv_lib_python3_12_site-packages_PyQt6_Qt6_qml["qml"]\n    node_venv_lib_python3_12_site-packages_PyQt6_Qt6_qml --> node_venv_lib_python3_12_site-packages_PyQt6_Qt6_qml_QtQuick["QtQuick"]\n    node_venv_lib_python3_12_site-packages_PyQt6_Qt6_qml_QtQuick --> node_venv_lib_python3_12_site-packages_PyQt6_Qt6_qml_QtQuick_Controls["Controls"]\n    node_venv_lib_python3_12_site-packages_PyQt6_Qt6_qml_QtQuick_Controls --> node_venv_lib_python3_12_site-packages_PyQt6_Qt6_qml_QtQuick_Controls_FluentWinUI3["FluentWinUI3"]\n    node_venv_lib_python3_12_site-packages_PyQt6_Qt6_qml_QtQuick_Controls_FluentWinUI3 --> node_venv_lib_python3_12_site-packages_PyQt6_Qt6_qml_QtQuick_Controls_FluentWinUI3_light["light"]\n    node_venv_lib_python3_12_site-packages_PyQt6_Qt6_qml_QtQuick_Controls_FluentWinUI3_light --> node_venv_lib_python3_12_site-packages_PyQt6_Qt6_qml_QtQuick_Controls_FluentWinUI3_light_images["images"]\n    node_venv_lib_python3_12_site-packages_PyQt6_Qt6_qml_QtQuick_Controls_FluentWinUI3_light_images --> node_venv_lib_python3_12_site-packages_PyQt6_Qt6_qml_QtQuick_Controls_FluentWinUI3_light_images_combobox-background-hovered@2x_png["combobox-background-hovered@2x.png"]\n    Root --> node_venv["venv"]\n    node_venv --> node_venv_lib["lib"]\n    node_venv_lib --> node_venv_lib_python3_12["python3.12"]\n    node_venv_lib_python3_12 --> node_venv_lib_python3_12_site-packages["site-packages"]\n    node_venv_lib_python3_12_site-packages --> node_venv_lib_python3_12_site-packages_PyQt6["PyQt6"]\n    node_venv_lib_python3_12_site-packages_PyQt6 --> node_venv_lib_python3_12_site-packages_PyQt6_Qt6["Qt6"]\n    node_venv_lib_python3_12_site-packages_PyQt6_Qt6 --> node_venv_lib_python3_12_site-packages_PyQt6_Qt6_qml["qml"]\n    node_venv_lib_python3_12_site-packages_PyQt6_Qt6_qml --> node_venv_lib_python3_12_site-packages_PyQt6_Qt6_qml_QtQuick["QtQuick"]\n    node_venv_lib_python3_12_site-packages_PyQt6_Qt6_qml_QtQuick --> node_venv_lib_python3_12_site-packages_PyQt6_Qt6_qml_QtQuick_Controls["Controls"]\n    node_venv_lib_python3_12_site-packages_PyQt6_Qt6_qml_QtQuick_Controls --> node_venv_lib_python3_12_site-packages_PyQt6_Qt6_qml_QtQuick_Controls_FluentWinUI3["FluentWinUI3"]\n    node_venv_lib_python3_12_site-packages_PyQt6_Qt6_qml_QtQuick_Controls_FluentWinUI3 --> node_venv_lib_python3_12_site-packages_PyQt6_Qt6_qml_QtQuick_Controls_FluentWinUI3_light["light"]\n    node_venv_lib_python3_12_site-packages_PyQt6_Qt6_qml_QtQuick_Controls_FluentWinUI3_light --> node_venv_lib_python3_12_site-packages_PyQt6_Qt6_qml_QtQuick_Controls_FluentWinUI3_light_images["images"]\n    node_venv_lib_python3_12_site-packages_PyQt6_Qt6_qml_QtQuick_Controls_FluentWinUI3_light_images --> node_venv_lib_python3_12_site-packages_PyQt6_Qt6_qml_QtQuick_Controls_FluentWinUI3_light_images_combobox-background-hovered@3x_png["combobox-background-hovered@3x.png"]\n    Root --> node_venv["venv"]\n    node_venv --> node_venv_lib["lib"]\n    node_venv_lib --> node_venv_lib_python3_12["python3.12"]\n    node_venv_lib_python3_12 --> node_venv_lib_python3_12_site-packages["site-packages"]\n    node_venv_lib_python3_12_site-packages --> node_venv_lib_python3_12_site-packages_PyQt6["PyQt6"]\n    node_venv_lib_python3_12_site-packages_PyQt6 --> node_venv_lib_python3_12_site-packages_PyQt6_Qt6["Qt6"]\n    node_venv_lib_python3_12_site-packages_PyQt6_Qt6 --> node_venv_lib_python3_12_site-packages_PyQt6_Qt6_qml["qml"]\n    node_venv_lib_python3_12_site-packages_PyQt6_Qt6_qml --> node_venv_lib_python3_12_site-packages_PyQt6_Qt6_qml_QtQuick["QtQuick"]\n    node_venv_lib_python3_12_site-packages_PyQt6_Qt6_qml_QtQuick --> node_venv_lib_python3_12_site-packages_PyQt6_Qt6_qml_QtQuick_Controls["Controls"]\n    node_venv_lib_python3_12_site-packages_PyQt6_Qt6_qml_QtQuick_Controls --> node_venv_lib_python3_12_site-packages_PyQt6_Qt6_qml_QtQuick_Controls_FluentWinUI3["FluentWinUI3"]\n    node_venv_lib_python3_12_site-packages_PyQt6_Qt6_qml_QtQuick_Controls_FluentWinUI3 --> node_venv_lib_python3_12_site-packages_PyQt6_Qt6_qml_QtQuick_Controls_FluentWinUI3_light["light"]\n    node_venv_lib_python3_12_site-packages_PyQt6_Qt6_qml_QtQuick_Controls_FluentWinUI3_light --> node_venv_lib_python3_12_site-packages_PyQt6_Qt6_qml_QtQuick_Controls_FluentWinUI3_light_images["images"]\n    node_venv_lib_python3_12_site-packages_PyQt6_Qt6_qml_QtQuick_Controls_FluentWinUI3_light_images --> node_venv_lib_python3_12_site-packages_PyQt6_Qt6_qml_QtQuick_Controls_FluentWinUI3_light_images_combobox-background-open-pressed_png["combobox-background-open-pressed.png"]\n    Root --> node_venv["venv"]\n    node_venv --> node_venv_lib["lib"]\n    node_venv_lib --> node_venv_lib_python3_12["python3.12"]\n    node_venv_lib_python3_12 --> node_venv_lib_python3_12_site-packages["site-packages"]\n    node_venv_lib_python3_12_site-packages --> node_venv_lib_python3_12_site-packages_PyQt6["PyQt6"]\n    node_venv_lib_python3_12_site-packages_PyQt6 --> node_venv_lib_python3_12_site-packages_PyQt6_Qt6["Qt6"]\n    node_venv_lib_python3_12_site-packages_PyQt6_Qt6 --> node_venv_lib_python3_12_site-packages_PyQt6_Qt6_qml["qml"]\n    node_venv_lib_python3_12_site-packages_PyQt6_Qt6_qml --> node_venv_lib_python3_12_site-packages_PyQt6_Qt6_qml_QtQuick["QtQuick"]\n    node_venv_lib_python3_12_site-packages_PyQt6_Qt6_qml_QtQuick --> node_venv_lib_python3_12_site-packages_PyQt6_Qt6_qml_QtQuick_Controls["Controls"]\n    node_venv_lib_python3_12_site-packages_PyQt6_Qt6_qml_QtQuick_Controls --> node_venv_lib_python3_12_site-packages_PyQt6_Qt6_qml_QtQuick_Controls_FluentWinUI3["FluentWinUI3"]\n    node_venv_lib_python3_12_site-packages_PyQt6_Qt6_qml_QtQuick_Controls_FluentWinUI3 --> node_venv_lib_python3_12_site-packages_PyQt6_Qt6_qml_QtQuick_Controls_FluentWinUI3_light["light"]\n    node_venv_lib_python3_12_site-packages_PyQt6_Qt6_qml_QtQuick_Controls_FluentWinUI3_light --> node_venv_lib_python3_12_site-packages_PyQt6_Qt6_qml_QtQuick_Controls_FluentWinUI3_light_images["images"]\n    node_venv_lib_python3_12_site-packages_PyQt6_Qt6_qml_QtQuick_Controls_FluentWinUI3_light_images --> node_venv_lib_python3_12_site-packages_PyQt6_Qt6_qml_QtQuick_Controls_FluentWinUI3_light_images_combobox-background-open-pressed@2x_png["combobox-background-open-pressed@2x.png"]\n    Root --> node_venv["venv"]\n    node_venv --> node_venv_lib["lib"]\n    node_venv_lib --> node_venv_lib_python3_12["python3.12"]\n    node_venv_lib_python3_12 --> node_venv_lib_python3_12_site-packages["site-packages"]\n    node_venv_lib_python3_12_site-packages --> node_venv_lib_python3_12_site-packages_PyQt6["PyQt6"]\n    node_venv_lib_python3_12_site-packages_PyQt6 --> node_venv_lib_python3_12_site-packages_PyQt6_Qt6["Qt6"]\n    node_venv_lib_python3_12_site-packages_PyQt6_Qt6 --> node_venv_lib_python3_12_site-packages_PyQt6_Qt6_qml["qml"]\n    node_venv_lib_python3_12_site-packages_PyQt6_Qt6_qml --> node_venv_lib_python3_12_site-packages_PyQt6_Qt6_qml_QtQuick["QtQuick"]\n    node_venv_lib_python3_12_site-packages_PyQt6_Qt6_qml_QtQuick --> node_venv_lib_python3_12_site-packages_PyQt6_Qt6_qml_QtQuick_Controls["Controls"]\n    node_venv_lib_python3_12_site-packages_PyQt6_Qt6_qml_QtQuick_Controls --> node_venv_lib_python3_12_site-packages_PyQt6_Qt6_qml_QtQuick_Controls_FluentWinUI3["FluentWinUI3"]\n    node_venv_lib_python3_12_site-packages_PyQt6_Qt6_qml_QtQuick_Controls_FluentWinUI3 --> node_venv_lib_python3_12_site-packages_PyQt6_Qt6_qml_QtQuick_Controls_FluentWinUI3_light["light"]\n    node_venv_lib_python3_12_site-packages_PyQt6_Qt6_qml_QtQuick_Controls_FluentWinUI3_light --> node_venv_lib_python3_12_site-packages_PyQt6_Qt6_qml_QtQuick_Controls_FluentWinUI3_light_images["images"]\n    node_venv_lib_python3_12_site-packages_PyQt6_Qt6_qml_QtQuick_Controls_FluentWinUI3_light_images --> node_venv_lib_python3_12_site-packages_PyQt6_Qt6_qml_QtQuick_Controls_FluentWinUI3_light_images_combobox-background-open-pressed@3x_png["combobox-background-open-pressed@3x.png"]\n    Root --> node_venv["venv"]\n    node_venv --> node_venv_lib["lib"]\n    node_venv_lib --> node_venv_lib_python3_12["python3.12"]\n    node_venv_lib_python3_12 --> node_venv_lib_python3_12_site-packages["site-packages"]\n    node_venv_lib_python3_12_site-packages --> node_venv_lib_python3_12_site-packages_PyQt6["PyQt6"]\n    node_venv_lib_python3_12_site-packages_PyQt6 --> node_venv_lib_python3_12_site-packages_PyQt6_Qt6["Qt6"]\n    node_venv_lib_python3_12_site-packages_PyQt6_Qt6 --> node_venv_lib_python3_12_site-packages_PyQt6_Qt6_qml["qml"]\n    node_venv_lib_python3_12_site-packages_PyQt6_Qt6_qml --> node_venv_lib_python3_12_site-packages_PyQt6_Qt6_qml_QtQuick["QtQuick"]\n    node_venv_lib_python3_12_site-packages_PyQt6_Qt6_qml_QtQuick --> node_venv_lib_python3_12_site-packages_PyQt6_Qt6_qml_QtQuick_Controls["Controls"]\n    node_venv_lib_python3_12_site-packages_PyQt6_Qt6_qml_QtQuick_Controls --> node_venv_lib_python3_12_site-packages_PyQt6_Qt6_qml_QtQuick_Controls_FluentWinUI3["FluentWinUI3"]\n    node_venv_lib_python3_12_site-packages_PyQt6_Qt6_qml_QtQuick_Controls_FluentWinUI3 --> node_venv_lib_python3_12_site-packages_PyQt6_Qt6_qml_QtQuick_Controls_FluentWinUI3_light["light"]\n    node_venv_lib_python3_12_site-packages_PyQt6_Qt6_qml_QtQuick_Controls_FluentWinUI3_light --> node_venv_lib_python3_12_site-packages_PyQt6_Qt6_qml_QtQuick_Controls_FluentWinUI3_light_images["images"]\n    node_venv_lib_python3_12_site-packages_PyQt6_Qt6_qml_QtQuick_Controls_FluentWinUI3_light_images --> node_venv_lib_python3_12_site-packages_PyQt6_Qt6_qml_QtQuick_Controls_FluentWinUI3_light_images_combobox-background-open_png["combobox-background-open.png"]\n    Root --> node_venv["venv"]\n    node_venv --> node_venv_lib["lib"]\n    node_venv_lib --> node_venv_lib_python3_12["python3.12"]\n    node_venv_lib_python3_12 --> node_venv_lib_python3_12_site-packages["site-packages"]\n    node_venv_lib_python3_12_site-packages --> node_venv_lib_python3_12_site-packages_PyQt6["PyQt6"]\n    node_venv_lib_python3_12_site-packages_PyQt6 --> node_venv_lib_python3_12_site-packages_PyQt6_Qt6["Qt6"]\n    node_venv_lib_python3_12_site-packages_PyQt6_Qt6 --> node_venv_lib_python3_12_site-packages_PyQt6_Qt6_qml["qml"]\n    node_venv_lib_python3_12_site-packages_PyQt6_Qt6_qml --> node_venv_lib_python3_12_site-packages_PyQt6_Qt6_qml_QtQuick["QtQuick"]\n    node_venv_lib_python3_12_site-packages_PyQt6_Qt6_qml_QtQuick --> node_venv_lib_python3_12_site-packages_PyQt6_Qt6_qml_QtQuick_Controls["Controls"]\n    node_venv_lib_python3_12_site-packages_PyQt6_Qt6_qml_QtQuick_Controls --> node_venv_lib_python3_12_site-packages_PyQt6_Qt6_qml_QtQuick_Controls_FluentWinUI3["FluentWinUI3"]\n    node_venv_lib_python3_12_site-packages_PyQt6_Qt6_qml_QtQuick_Controls_FluentWinUI3 --> node_venv_lib_python3_12_site-packages_PyQt6_Qt6_qml_QtQuick_Controls_FluentWinUI3_light["light"]\n    node_venv_lib_python3_12_site-packages_PyQt6_Qt6_qml_QtQuick_Controls_FluentWinUI3_light --> node_venv_lib_python3_12_site-packages_PyQt6_Qt6_qml_QtQuick_Controls_FluentWinUI3_light_images["images"]\n    node_venv_lib_python3_12_site-packages_PyQt6_Qt6_qml_QtQuick_Controls_FluentWinUI3_light_images --> node_venv_lib_python3_12_site-packages_PyQt6_Qt6_qml_QtQuick_Controls_FluentWinUI3_light_images_combobox-background-open@2x_png["combobox-background-open@2x.png"]\n    Root --> node_venv["venv"]\n    node_venv --> node_venv_lib["lib"]\n    node_venv_lib --> node_venv_lib_python3_12["python3.12"]\n    node_venv_lib_python3_12 --> node_venv_lib_python3_12_site-packages["site-packages"]\n    node_venv_lib_python3_12_site-packages --> node_venv_lib_python3_12_site-packages_PyQt6["PyQt6"]\n    node_venv_lib_python3_12_site-packages_PyQt6 --> node_venv_lib_python3_12_site-packages_PyQt6_Qt6["Qt6"]\n    node_venv_lib_python3_12_site-packages_PyQt6_Qt6 --> node_venv_lib_python3_12_site-packages_PyQt6_Qt6_qml["qml"]\n    node_venv_lib_python3_12_site-packages_PyQt6_Qt6_qml --> node_venv_lib_python3_12_site-packages_PyQt6_Qt6_qml_QtQuick["QtQuick"]\n    node_venv_lib_python3_12_site-packages_PyQt6_Qt6_qml_QtQuick --> node_venv_lib_python3_12_site-packages_PyQt6_Qt6_qml_QtQuick_Controls["Controls"]\n    node_venv_lib_python3_12_site-packages_PyQt6_Qt6_qml_QtQuick_Controls --> node_venv_lib_python3_12_site-packages_PyQt6_Qt6_qml_QtQuick_Controls_FluentWinUI3["FluentWinUI3"]\n    node_venv_lib_python3_12_site-packages_PyQt6_Qt6_qml_QtQuick_Controls_FluentWinUI3 --> node_venv_lib_python3_12_site-packages_PyQt6_Qt6_qml_QtQuick_Controls_FluentWinUI3_light["light"]\n    node_venv_lib_python3_12_site-packages_PyQt6_Qt6_qml_QtQuick_Controls_FluentWinUI3_light --> node_venv_lib_python3_12_site-packages_PyQt6_Qt6_qml_QtQuick_Controls_FluentWinUI3_light_images["images"]\n    node_venv_lib_python3_12_site-packages_PyQt6_Qt6_qml_QtQuick_Controls_FluentWinUI3_light_images --> node_venv_lib_python3_12_site-packages_PyQt6_Qt6_qml_QtQuick_Controls_FluentWinUI3_light_images_combobox-background-open@3x_png["combobox-background-open@3x.png"]\n    Root --> node_venv["venv"]\n    node_venv --> node_venv_lib["lib"]\n    node_venv_lib --> node_venv_lib_python3_12["python3.12"]\n    node_venv_lib_python3_12 --> node_venv_lib_python3_12_site-packages["site-packages"]\n    node_venv_lib_python3_12_site-packages --> node_venv_lib_python3_12_site-packages_PyQt6["PyQt6"]\n    node_venv_lib_python3_12_site-packages_PyQt6 --> node_venv_lib_python3_12_site-packages_PyQt6_Qt6["Qt6"]\n    node_venv_lib_python3_12_site-packages_PyQt6_Qt6 --> node_venv_lib_python3_12_site-packages_PyQt6_Qt6_qml["qml"]\n    node_venv_lib_python3_12_site-packages_PyQt6_Qt6_qml --> node_venv_lib_python3_12_site-packages_PyQt6_Qt6_qml_QtQuick["QtQuick"]\n    node_venv_lib_python3_12_site-packages_PyQt6_Qt6_qml_QtQuick --> node_venv_lib_python3_12_site-packages_PyQt6_Qt6_qml_QtQuick_Controls["Controls"]\n    node_venv_lib_python3_12_site-packages_PyQt6_Qt6_qml_QtQuick_Controls --> node_venv_lib_python3_12_site-packages_PyQt6_Qt6_qml_QtQuick_Controls_FluentWinUI3["FluentWinUI3"]\n    node_venv_lib_python3_12_site-packages_PyQt6_Qt6_qml_QtQuick_Controls_FluentWinUI3 --> node_venv_lib_python3_12_site-packages_PyQt6_Qt6_qml_QtQuick_Controls_FluentWinUI3_light["light"]\n    node_venv_lib_python3_12_site-packages_PyQt6_Qt6_qml_QtQuick_Controls_FluentWinUI3_light --> node_venv_lib_python3_12_site-packages_PyQt6_Qt6_qml_QtQuick_Controls_FluentWinUI3_light_images["images"]\n    node_venv_lib_python3_12_site-packages_PyQt6_Qt6_qml_QtQuick_Controls_FluentWinUI3_light_images --> node_venv_lib_python3_12_site-packages_PyQt6_Qt6_qml_QtQuick_Controls_FluentWinUI3_light_images_combobox-background-pressed_png["combobox-background-pressed.png"]\n    Root --> node_venv["venv"]\n    node_venv --> node_venv_lib["lib"]\n    node_venv_lib --> node_venv_lib_python3_12["python3.12"]\n    node_venv_lib_python3_12 --> node_venv_lib_python3_12_site-packages["site-packages"]\n    node_venv_lib_python3_12_site-packages --> node_venv_lib_python3_12_site-packages_PyQt6["PyQt6"]\n    node_venv_lib_python3_12_site-packages_PyQt6 --> node_venv_lib_python3_12_site-packages_PyQt6_Qt6["Qt6"]\n    node_venv_lib_python3_12_site-packages_PyQt6_Qt6 --> node_venv_lib_python3_12_site-packages_PyQt6_Qt6_qml["qml"]\n    node_venv_lib_python3_12_site-packages_PyQt6_Qt6_qml --> node_venv_lib_python3_12_site-packages_PyQt6_Qt6_qml_QtQuick["QtQuick"]\n    node_venv_lib_python3_12_site-packages_PyQt6_Qt6_qml_QtQuick --> node_venv_lib_python3_12_site-packages_PyQt6_Qt6_qml_QtQuick_Controls["Controls"]\n    node_venv_lib_python3_12_site-packages_PyQt6_Qt6_qml_QtQuick_Controls --> node_venv_lib_python3_12_site-packages_PyQt6_Qt6_qml_QtQuick_Controls_FluentWinUI3["FluentWinUI3"]\n    node_venv_lib_python3_12_site-packages_PyQt6_Qt6_qml_QtQuick_Controls_FluentWinUI3 --> node_venv_lib_python3_12_site-packages_PyQt6_Qt6_qml_QtQuick_Controls_FluentWinUI3_light["light"]\n    node_venv_lib_python3_12_site-packages_PyQt6_Qt6_qml_QtQuick_Controls_FluentWinUI3_light --> node_venv_lib_python3_12_site-packages_PyQt6_Qt6_qml_QtQuick_Controls_FluentWinUI3_light_images["images"]\n    node_venv_lib_python3_12_site-packages_PyQt6_Qt6_qml_QtQuick_Controls_FluentWinUI3_light_images --> node_venv_lib_python3_12_site-packages_PyQt6_Qt6_qml_QtQuick_Controls_FluentWinUI3_light_images_combobox-background-pressed@2x_png["combobox-background-pressed@2x.png"]\n    Root --> node_venv["venv"]\n    node_venv --> node_venv_lib["lib"]\n    node_venv_lib --> node_venv_lib_python3_12["python3.12"]\n    node_venv_lib_python3_12 --> node_venv_lib_python3_12_site-packages["site-packages"]\n    node_venv_lib_python3_12_site-packages --> node_venv_lib_python3_12_site-packages_PyQt6["PyQt6"]\n    node_venv_lib_python3_12_site-packages_PyQt6 --> node_venv_lib_python3_12_site-packages_PyQt6_Qt6["Qt6"]\n    node_venv_lib_python3_12_site-packages_PyQt6_Qt6 --> node_venv_lib_python3_12_site-packages_PyQt6_Qt6_qml["qml"]\n    node_venv_lib_python3_12_site-packages_PyQt6_Qt6_qml --> node_venv_lib_python3_12_site-packages_PyQt6_Qt6_qml_QtQuick["QtQuick"]\n    node_venv_lib_python3_12_site-packages_PyQt6_Qt6_qml_QtQuick --> node_venv_lib_python3_12_site-packages_PyQt6_Qt6_qml_QtQuick_Controls["Controls"]\n    node_venv_lib_python3_12_site-packages_PyQt6_Qt6_qml_QtQuick_Controls --> node_venv_lib_python3_12_site-packages_PyQt6_Qt6_qml_QtQuick_Controls_FluentWinUI3["FluentWinUI3"]\n    node_venv_lib_python3_12_site-packages_PyQt6_Qt6_qml_QtQuick_Controls_FluentWinUI3 --> node_venv_lib_python3_12_site-packages_PyQt6_Qt6_qml_QtQuick_Controls_FluentWinUI3_light["light"]\n    node_venv_lib_python3_12_site-packages_PyQt6_Qt6_qml_QtQuick_Controls_FluentWinUI3_light --> node_venv_lib_python3_12_site-packages_PyQt6_Qt6_qml_QtQuick_Controls_FluentWinUI3_light_images["images"]\n    node_venv_lib_python3_12_site-packages_PyQt6_Qt6_qml_QtQuick_Controls_FluentWinUI3_light_images --> node_venv_lib_python3_12_site-packages_PyQt6_Qt6_qml_QtQuick_Controls_FluentWinUI3_light_images_combobox-background-pressed@3x_png["combobox-background-pressed@3x.png"]\n    Root --> node_venv["venv"]\n    node_venv --> node_venv_lib["lib"]\n    node_venv_lib --> node_venv_lib_python3_12["python3.12"]\n    node_venv_lib_python3_12 --> node_venv_lib_python3_12_site-packages["site-packages"]\n    node_venv_lib_python3_12_site-packages --> node_venv_lib_python3_12_site-packages_PyQt6["PyQt6"]\n    node_venv_lib_python3_12_site-packages_PyQt6 --> node_venv_lib_python3_12_site-packages_PyQt6_Qt6["Qt6"]\n    node_venv_lib_python3_12_site-packages_PyQt6_Qt6 --> node_venv_lib_python3_12_site-packages_PyQt6_Qt6_qml["qml"]\n    node_venv_lib_python3_12_site-packages_PyQt6_Qt6_qml --> node_venv_lib_python3_12_site-packages_PyQt6_Qt6_qml_QtQuick["QtQuick"]\n    node_venv_lib_python3_12_site-packages_PyQt6_Qt6_qml_QtQuick --> node_venv_lib_python3_12_site-packages_PyQt6_Qt6_qml_QtQuick_Controls["Controls"]\n    node_venv_lib_python3_12_site-packages_PyQt6_Qt6_qml_QtQuick_Controls --> node_venv_lib_python3_12_site-packages_PyQt6_Qt6_qml_QtQuick_Controls_FluentWinUI3["FluentWinUI3"]\n    node_venv_lib_python3_12_site-packages_PyQt6_Qt6_qml_QtQuick_Controls_FluentWinUI3 --> node_venv_lib_python3_12_site-packages_PyQt6_Qt6_qml_QtQuick_Controls_FluentWinUI3_light["light"]\n    node_venv_lib_python3_12_site-packages_PyQt6_Qt6_qml_QtQuick_Controls_FluentWinUI3_light --> node_venv_lib_python3_12_site-packages_PyQt6_Qt6_qml_QtQuick_Controls_FluentWinUI3_light_images["images"]\n    node_venv_lib_python3_12_site-packages_PyQt6_Qt6_qml_QtQuick_Controls_FluentWinUI3_light_images --> node_venv_lib_python3_12_site-packages_PyQt6_Qt6_qml_QtQuick_Controls_FluentWinUI3_light_images_combobox-background_png["combobox-background.png"]\n    Root --> node_venv["venv"]\n    node_venv --> node_venv_lib["lib"]\n    node_venv_lib --> node_venv_lib_python3_12["python3.12"]\n    node_venv_lib_python3_12 --> node_venv_lib_python3_12_site-packages["site-packages"]\n    node_venv_lib_python3_12_site-packages --> node_venv_lib_python3_12_site-packages_PyQt6["PyQt6"]\n    node_venv_lib_python3_12_site-packages_PyQt6 --> node_venv_lib_python3_12_site-packages_PyQt6_Qt6["Qt6"]\n    node_venv_lib_python3_12_site-packages_PyQt6_Qt6 --> node_venv_lib_python3_12_site-packages_PyQt6_Qt6_qml["qml"]\n    node_venv_lib_python3_12_site-packages_PyQt6_Qt6_qml --> node_venv_lib_python3_12_site-packages_PyQt6_Qt6_qml_QtQuick["QtQuick"]\n    node_venv_lib_python3_12_site-packages_PyQt6_Qt6_qml_QtQuick --> node_venv_lib_python3_12_site-packages_PyQt6_Qt6_qml_QtQuick_Controls["Controls"]\n    node_venv_lib_python3_12_site-packages_PyQt6_Qt6_qml_QtQuick_Controls --> node_venv_lib_python3_12_site-packages_PyQt6_Qt6_qml_QtQuick_Controls_FluentWinUI3["FluentWinUI3"]\n    node_venv_lib_python3_12_site-packages_PyQt6_Qt6_qml_QtQuick_Controls_FluentWinUI3 --> node_venv_lib_python3_12_site-packages_PyQt6_Qt6_qml_QtQuick_Controls_FluentWinUI3_light["light"]\n    node_venv_lib_python3_12_site-packages_PyQt6_Qt6_qml_QtQuick_Controls_FluentWinUI3_light --> node_venv_lib_python3_12_site-packages_PyQt6_Qt6_qml_QtQuick_Controls_FluentWinUI3_light_images["images"]\n    node_venv_lib_python3_12_site-packages_PyQt6_Qt6_qml_QtQuick_Controls_FluentWinUI3_light_images --> node_venv_lib_python3_12_site-packages_PyQt6_Qt6_qml_QtQuick_Controls_FluentWinUI3_light_images_combobox-background@2x_png["combobox-background@2x.png"]\n    Root --> node_venv["venv"]\n    node_venv --> node_venv_lib["lib"]\n    node_venv_lib --> node_venv_lib_python3_12["python3.12"]\n    node_venv_lib_python3_12 --> node_venv_lib_python3_12_site-packages["site-packages"]\n    node_venv_lib_python3_12_site-packages --> node_venv_lib_python3_12_site-packages_PyQt6["PyQt6"]\n    node_venv_lib_python3_12_site-packages_PyQt6 --> node_venv_lib_python3_12_site-packages_PyQt6_Qt6["Qt6"]\n    node_venv_lib_python3_12_site-packages_PyQt6_Qt6 --> node_venv_lib_python3_12_site-packages_PyQt6_Qt6_qml["qml"]\n    node_venv_lib_python3_12_site-packages_PyQt6_Qt6_qml --> node_venv_lib_python3_12_site-packages_PyQt6_Qt6_qml_QtQuick["QtQuick"]\n    node_venv_lib_python3_12_site-packages_PyQt6_Qt6_qml_QtQuick --> node_venv_lib_python3_12_site-packages_PyQt6_Qt6_qml_QtQuick_Controls["Controls"]\n    node_venv_lib_python3_12_site-packages_PyQt6_Qt6_qml_QtQuick_Controls --> node_venv_lib_python3_12_site-packages_PyQt6_Qt6_qml_QtQuick_Controls_FluentWinUI3["FluentWinUI3"]\n    node_venv_lib_python3_12_site-packages_PyQt6_Qt6_qml_QtQuick_Controls_FluentWinUI3 --> node_venv_lib_python3_12_site-packages_PyQt6_Qt6_qml_QtQuick_Controls_FluentWinUI3_light["light"]\n    node_venv_lib_python3_12_site-packages_PyQt6_Qt6_qml_QtQuick_Controls_FluentWinUI3_light --> node_venv_lib_python3_12_site-packages_PyQt6_Qt6_qml_QtQuick_Controls_FluentWinUI3_light_images["images"]\n    node_venv_lib_python3_12_site-packages_PyQt6_Qt6_qml_QtQuick_Controls_FluentWinUI3_light_images --> node_venv_lib_python3_12_site-packages_PyQt6_Qt6_qml_QtQuick_Controls_FluentWinUI3_light_images_combobox-background@3x_png["combobox-background@3x.png"]\n    Root --> node_venv["venv"]\n    node_venv --> node_venv_lib["lib"]\n    node_venv_lib --> node_venv_lib_python3_12["python3.12"]\n    node_venv_lib_python3_12 --> node_venv_lib_python3_12_site-packages["site-packages"]\n    node_venv_lib_python3_12_site-packages --> node_venv_lib_python3_12_site-packages_PyQt6["PyQt6"]\n    node_venv_lib_python3_12_site-packages_PyQt6 --> node_venv_lib_python3_12_site-packages_PyQt6_Qt6["Qt6"]\n    node_venv_lib_python3_12_site-packages_PyQt6_Qt6 --> node_venv_lib_python3_12_site-packages_PyQt6_Qt6_qml["qml"]\n    node_venv_lib_python3_12_site-packages_PyQt6_Qt6_qml --> node_venv_lib_python3_12_site-packages_PyQt6_Qt6_qml_QtQuick["QtQuick"]\n    node_venv_lib_python3_12_site-packages_PyQt6_Qt6_qml_QtQuick --> node_venv_lib_python3_12_site-packages_PyQt6_Qt6_qml_QtQuick_Controls["Controls"]\n    node_venv_lib_python3_12_site-packages_PyQt6_Qt6_qml_QtQuick_Controls --> node_venv_lib_python3_12_site-packages_PyQt6_Qt6_qml_QtQuick_Controls_FluentWinUI3["FluentWinUI3"]\n    node_venv_lib_python3_12_site-packages_PyQt6_Qt6_qml_QtQuick_Controls_FluentWinUI3 --> node_venv_lib_python3_12_site-packages_PyQt6_Qt6_qml_QtQuick_Controls_FluentWinUI3_light["light"]\n    node_venv_lib_python3_12_site-packages_PyQt6_Qt6_qml_QtQuick_Controls_FluentWinUI3_light --> node_venv_lib_python3_12_site-packages_PyQt6_Qt6_qml_QtQuick_Controls_FluentWinUI3_light_images["images"]\n    node_venv_lib_python3_12_site-packages_PyQt6_Qt6_qml_QtQuick_Controls_FluentWinUI3_light_images --> node_venv_lib_python3_12_site-packages_PyQt6_Qt6_qml_QtQuick_Controls_FluentWinUI3_light_images_combobox-indicator-disabled_png["combobox-indicator-disabled.png"]\n    Root --> node_venv["venv"]\n    node_venv --> node_venv_lib["lib"]\n    node_venv_lib --> node_venv_lib_python3_12["python3.12"]\n    node_venv_lib_python3_12 --> node_venv_lib_python3_12_site-packages["site-packages"]\n    node_venv_lib_python3_12_site-packages --> node_venv_lib_python3_12_site-packages_PyQt6["PyQt6"]\n    node_venv_lib_python3_12_site-packages_PyQt6 --> node_venv_lib_python3_12_site-packages_PyQt6_Qt6["Qt6"]\n    node_venv_lib_python3_12_site-packages_PyQt6_Qt6 --> node_venv_lib_python3_12_site-packages_PyQt6_Qt6_qml["qml"]\n    node_venv_lib_python3_12_site-packages_PyQt6_Qt6_qml --> node_venv_lib_python3_12_site-packages_PyQt6_Qt6_qml_QtQuick["QtQuick"]\n    node_venv_lib_python3_12_site-packages_PyQt6_Qt6_qml_QtQuick --> node_venv_lib_python3_12_site-packages_PyQt6_Qt6_qml_QtQuick_Controls["Controls"]\n    node_venv_lib_python3_12_site-packages_PyQt6_Qt6_qml_QtQuick_Controls --> node_venv_lib_python3_12_site-packages_PyQt6_Qt6_qml_QtQuick_Controls_FluentWinUI3["FluentWinUI3"]\n    node_venv_lib_python3_12_site-packages_PyQt6_Qt6_qml_QtQuick_Controls_FluentWinUI3 --> node_venv_lib_python3_12_site-packages_PyQt6_Qt6_qml_QtQuick_Controls_FluentWinUI3_light["light"]\n    node_venv_lib_python3_12_site-packages_PyQt6_Qt6_qml_QtQuick_Controls_FluentWinUI3_light --> node_venv_lib_python3_12_site-packages_PyQt6_Qt6_qml_QtQuick_Controls_FluentWinUI3_light_images["images"]\n    node_venv_lib_python3_12_site-packages_PyQt6_Qt6_qml_QtQuick_Controls_FluentWinUI3_light_images --> node_venv_lib_python3_12_site-packages_PyQt6_Qt6_qml_QtQuick_Controls_FluentWinUI3_light_images_combobox-indicator-disabled@2x_png["combobox-indicator-disabled@2x.png"]\n    Root --> node_venv["venv"]\n    node_venv --> node_venv_lib["lib"]\n    node_venv_lib --> node_venv_lib_python3_12["python3.12"]\n    node_venv_lib_python3_12 --> node_venv_lib_python3_12_site-packages["site-packages"]\n    node_venv_lib_python3_12_site-packages --> node_venv_lib_python3_12_site-packages_PyQt6["PyQt6"]\n    node_venv_lib_python3_12_site-packages_PyQt6 --> node_venv_lib_python3_12_site-packages_PyQt6_Qt6["Qt6"]\n    node_venv_lib_python3_12_site-packages_PyQt6_Qt6 --> node_venv_lib_python3_12_site-packages_PyQt6_Qt6_qml["qml"]\n    node_venv_lib_python3_12_site-packages_PyQt6_Qt6_qml --> node_venv_lib_python3_12_site-packages_PyQt6_Qt6_qml_QtQuick["QtQuick"]\n    node_venv_lib_python3_12_site-packages_PyQt6_Qt6_qml_QtQuick --> node_venv_lib_python3_12_site-packages_PyQt6_Qt6_qml_QtQuick_Controls["Controls"]\n    node_venv_lib_python3_12_site-packages_PyQt6_Qt6_qml_QtQuick_Controls --> node_venv_lib_python3_12_site-packages_PyQt6_Qt6_qml_QtQuick_Controls_FluentWinUI3["FluentWinUI3"]\n    node_venv_lib_python3_12_site-packages_PyQt6_Qt6_qml_QtQuick_Controls_FluentWinUI3 --> node_venv_lib_python3_12_site-packages_PyQt6_Qt6_qml_QtQuick_Controls_FluentWinUI3_light["light"]\n    node_venv_lib_python3_12_site-packages_PyQt6_Qt6_qml_QtQuick_Controls_FluentWinUI3_light --> node_venv_lib_python3_12_site-packages_PyQt6_Qt6_qml_QtQuick_Controls_FluentWinUI3_light_images["images"]\n    node_venv_lib_python3_12_site-packages_PyQt6_Qt6_qml_QtQuick_Controls_FluentWinUI3_light_images --> node_venv_lib_python3_12_site-packages_PyQt6_Qt6_qml_QtQuick_Controls_FluentWinUI3_light_images_combobox-indicator-disabled@3x_png["combobox-indicator-disabled@3x.png"]\n    Root --> node_venv["venv"]\n    node_venv --> node_venv_lib["lib"]\n    node_venv_lib --> node_venv_lib_python3_12["python3.12"]\n    node_venv_lib_python3_12 --> node_venv_lib_python3_12_site-packages["site-packages"]\n    node_venv_lib_python3_12_site-packages --> node_venv_lib_python3_12_site-packages_PyQt6["PyQt6"]\n    node_venv_lib_python3_12_site-packages_PyQt6 --> node_venv_lib_python3_12_site-packages_PyQt6_Qt6["Qt6"]\n    node_venv_lib_python3_12_site-packages_PyQt6_Qt6 --> node_venv_lib_python3_12_site-packages_PyQt6_Qt6_qml["qml"]\n    node_venv_lib_python3_12_site-packages_PyQt6_Qt6_qml --> node_venv_lib_python3_12_site-packages_PyQt6_Qt6_qml_QtQuick["QtQuick"]\n    node_venv_lib_python3_12_site-packages_PyQt6_Qt6_qml_QtQuick --> node_venv_lib_python3_12_site-packages_PyQt6_Qt6_qml_QtQuick_Controls["Controls"]\n    node_venv_lib_python3_12_site-packages_PyQt6_Qt6_qml_QtQuick_Controls --> node_venv_lib_python3_12_site-packages_PyQt6_Qt6_qml_QtQuick_Controls_FluentWinUI3["FluentWinUI3"]\n    node_venv_lib_python3_12_site-packages_PyQt6_Qt6_qml_QtQuick_Controls_FluentWinUI3 --> node_venv_lib_python3_12_site-packages_PyQt6_Qt6_qml_QtQuick_Controls_FluentWinUI3_light["light"]\n    node_venv_lib_python3_12_site-packages_PyQt6_Qt6_qml_QtQuick_Controls_FluentWinUI3_light --> node_venv_lib_python3_12_site-packages_PyQt6_Qt6_qml_QtQuick_Controls_FluentWinUI3_light_images["images"]\n    node_venv_lib_python3_12_site-packages_PyQt6_Qt6_qml_QtQuick_Controls_FluentWinUI3_light_images --> node_venv_lib_python3_12_site-packages_PyQt6_Qt6_qml_QtQuick_Controls_FluentWinUI3_light_images_combobox-indicator-focused_png["combobox-indicator-focused.png"]\n    Root --> node_venv["venv"]\n    node_venv --> node_venv_lib["lib"]\n    node_venv_lib --> node_venv_lib_python3_12["python3.12"]\n    node_venv_lib_python3_12 --> node_venv_lib_python3_12_site-packages["site-packages"]\n    node_venv_lib_python3_12_site-packages --> node_venv_lib_python3_12_site-packages_PyQt6["PyQt6"]\n    node_venv_lib_python3_12_site-packages_PyQt6 --> node_venv_lib_python3_12_site-packages_PyQt6_Qt6["Qt6"]\n    node_venv_lib_python3_12_site-packages_PyQt6_Qt6 --> node_venv_lib_python3_12_site-packages_PyQt6_Qt6_qml["qml"]\n    node_venv_lib_python3_12_site-packages_PyQt6_Qt6_qml --> node_venv_lib_python3_12_site-packages_PyQt6_Qt6_qml_QtQuick["QtQuick"]\n    node_venv_lib_python3_12_site-packages_PyQt6_Qt6_qml_QtQuick --> node_venv_lib_python3_12_site-packages_PyQt6_Qt6_qml_QtQuick_Controls["Controls"]\n    node_venv_lib_python3_12_site-packages_PyQt6_Qt6_qml_QtQuick_Controls --> node_venv_lib_python3_12_site-packages_PyQt6_Qt6_qml_QtQuick_Controls_FluentWinUI3["FluentWinUI3"]\n    node_venv_lib_python3_12_site-packages_PyQt6_Qt6_qml_QtQuick_Controls_FluentWinUI3 --> node_venv_lib_python3_12_site-packages_PyQt6_Qt6_qml_QtQuick_Controls_FluentWinUI3_light["light"]\n    node_venv_lib_python3_12_site-packages_PyQt6_Qt6_qml_QtQuick_Controls_FluentWinUI3_light --> node_venv_lib_python3_12_site-packages_PyQt6_Qt6_qml_QtQuick_Controls_FluentWinUI3_light_images["images"]\n    node_venv_lib_python3_12_site-packages_PyQt6_Qt6_qml_QtQuick_Controls_FluentWinUI3_light_images --> node_venv_lib_python3_12_site-packages_PyQt6_Qt6_qml_QtQuick_Controls_FluentWinUI3_light_images_combobox-indicator-focused@2x_png["combobox-indicator-focused@2x.png"]\n    Root --> node_venv["venv"]\n    node_venv --> node_venv_lib["lib"]\n    node_venv_lib --> node_venv_lib_python3_12["python3.12"]\n    node_venv_lib_python3_12 --> node_venv_lib_python3_12_site-packages["site-packages"]\n    node_venv_lib_python3_12_site-packages --> node_venv_lib_python3_12_site-packages_PyQt6["PyQt6"]\n    node_venv_lib_python3_12_site-packages_PyQt6 --> node_venv_lib_python3_12_site-packages_PyQt6_Qt6["Qt6"]\n    node_venv_lib_python3_12_site-packages_PyQt6_Qt6 --> node_venv_lib_python3_12_site-packages_PyQt6_Qt6_qml["qml"]\n    node_venv_lib_python3_12_site-packages_PyQt6_Qt6_qml --> node_venv_lib_python3_12_site-packages_PyQt6_Qt6_qml_QtQuick["QtQuick"]\n    node_venv_lib_python3_12_site-packages_PyQt6_Qt6_qml_QtQuick --> node_venv_lib_python3_12_site-packages_PyQt6_Qt6_qml_QtQuick_Controls["Controls"]\n    node_venv_lib_python3_12_site-packages_PyQt6_Qt6_qml_QtQuick_Controls --> node_venv_lib_python3_12_site-packages_PyQt6_Qt6_qml_QtQuick_Controls_FluentWinUI3["FluentWinUI3"]\n    node_venv_lib_python3_12_site-packages_PyQt6_Qt6_qml_QtQuick_Controls_FluentWinUI3 --> node_venv_lib_python3_12_site-packages_PyQt6_Qt6_qml_QtQuick_Controls_FluentWinUI3_light["light"]\n    node_venv_lib_python3_12_site-packages_PyQt6_Qt6_qml_QtQuick_Controls_FluentWinUI3_light --> node_venv_lib_python3_12_site-packages_PyQt6_Qt6_qml_QtQuick_Controls_FluentWinUI3_light_images["images"]\n    node_venv_lib_python3_12_site-packages_PyQt6_Qt6_qml_QtQuick_Controls_FluentWinUI3_light_images --> node_venv_lib_python3_12_site-packages_PyQt6_Qt6_qml_QtQuick_Controls_FluentWinUI3_light_images_combobox-indicator-focused@3x_png["combobox-indicator-focused@3x.png"]\n    Root --> node_venv["venv"]\n    node_venv --> node_venv_lib["lib"]\n    node_venv_lib --> node_venv_lib_python3_12["python3.12"]\n    node_venv_lib_python3_12 --> node_venv_lib_python3_12_site-packages["site-packages"]\n    node_venv_lib_python3_12_site-packages --> node_venv_lib_python3_12_site-packages_PyQt6["PyQt6"]\n    node_venv_lib_python3_12_site-packages_PyQt6 --> node_venv_lib_python3_12_site-packages_PyQt6_Qt6["Qt6"]\n    node_venv_lib_python3_12_site-packages_PyQt6_Qt6 --> node_venv_lib_python3_12_site-packages_PyQt6_Qt6_qml["qml"]\n    node_venv_lib_python3_12_site-packages_PyQt6_Qt6_qml --> node_venv_lib_python3_12_site-packages_PyQt6_Qt6_qml_QtQuick["QtQuick"]\n    node_venv_lib_python3_12_site-packages_PyQt6_Qt6_qml_QtQuick --> node_venv_lib_python3_12_site-packages_PyQt6_Qt6_qml_QtQuick_Controls["Controls"]\n    node_venv_lib_python3_12_site-packages_PyQt6_Qt6_qml_QtQuick_Controls --> node_venv_lib_python3_12_site-packages_PyQt6_Qt6_qml_QtQuick_Controls_FluentWinUI3["FluentWinUI3"]\n    node_venv_lib_python3_12_site-packages_PyQt6_Qt6_qml_QtQuick_Controls_FluentWinUI3 --> node_venv_lib_python3_12_site-packages_PyQt6_Qt6_qml_QtQuick_Controls_FluentWinUI3_light["light"]\n    node_venv_lib_python3_12_site-packages_PyQt6_Qt6_qml_QtQuick_Controls_FluentWinUI3_light --> node_venv_lib_python3_12_site-packages_PyQt6_Qt6_qml_QtQuick_Controls_FluentWinUI3_light_images["images"]\n    node_venv_lib_python3_12_site-packages_PyQt6_Qt6_qml_QtQuick_Controls_FluentWinUI3_light_images --> node_venv_lib_python3_12_site-packages_PyQt6_Qt6_qml_QtQuick_Controls_FluentWinUI3_light_images_combobox-indicator-hovered-open_png["combobox-indicator-hovered-open.png"]\n    Root --> node_venv["venv"]\n    node_venv --> node_venv_lib["lib"]\n    node_venv_lib --> node_venv_lib_python3_12["python3.12"]\n    node_venv_lib_python3_12 --> node_venv_lib_python3_12_site-packages["site-packages"]\n    node_venv_lib_python3_12_site-packages --> node_venv_lib_python3_12_site-packages_PyQt6["PyQt6"]\n    node_venv_lib_python3_12_site-packages_PyQt6 --> node_venv_lib_python3_12_site-packages_PyQt6_Qt6["Qt6"]\n    node_venv_lib_python3_12_site-packages_PyQt6_Qt6 --> node_venv_lib_python3_12_site-packages_PyQt6_Qt6_qml["qml"]\n    node_venv_lib_python3_12_site-packages_PyQt6_Qt6_qml --> node_venv_lib_python3_12_site-packages_PyQt6_Qt6_qml_QtQuick["QtQuick"]\n    node_venv_lib_python3_12_site-packages_PyQt6_Qt6_qml_QtQuick --> node_venv_lib_python3_12_site-packages_PyQt6_Qt6_qml_QtQuick_Controls["Controls"]\n    node_venv_lib_python3_12_site-packages_PyQt6_Qt6_qml_QtQuick_Controls --> node_venv_lib_python3_12_site-packages_PyQt6_Qt6_qml_QtQuick_Controls_FluentWinUI3["FluentWinUI3"]\n    node_venv_lib_python3_12_site-packages_PyQt6_Qt6_qml_QtQuick_Controls_FluentWinUI3 --> node_venv_lib_python3_12_site-packages_PyQt6_Qt6_qml_QtQuick_Controls_FluentWinUI3_light["light"]\n    node_venv_lib_python3_12_site-packages_PyQt6_Qt6_qml_QtQuick_Controls_FluentWinUI3_light --> node_venv_lib_python3_12_site-packages_PyQt6_Qt6_qml_QtQuick_Controls_FluentWinUI3_light_images["images"]\n    node_venv_lib_python3_12_site-packages_PyQt6_Qt6_qml_QtQuick_Controls_FluentWinUI3_light_images --> node_venv_lib_python3_12_site-packages_PyQt6_Qt6_qml_QtQuick_Controls_FluentWinUI3_light_images_combobox-indicator-hovered-open@2x_png["combobox-indicator-hovered-open@2x.png"]\n    Root --> node_venv["venv"]\n    node_venv --> node_venv_lib["lib"]\n    node_venv_lib --> node_venv_lib_python3_12["python3.12"]\n    node_venv_lib_python3_12 --> node_venv_lib_python3_12_site-packages["site-packages"]\n    node_venv_lib_python3_12_site-packages --> node_venv_lib_python3_12_site-packages_PyQt6["PyQt6"]\n    node_venv_lib_python3_12_site-packages_PyQt6 --> node_venv_lib_python3_12_site-packages_PyQt6_Qt6["Qt6"]\n    node_venv_lib_python3_12_site-packages_PyQt6_Qt6 --> node_venv_lib_python3_12_site-packages_PyQt6_Qt6_qml["qml"]\n    node_venv_lib_python3_12_site-packages_PyQt6_Qt6_qml --> node_venv_lib_python3_12_site-packages_PyQt6_Qt6_qml_QtQuick["QtQuick"]\n    node_venv_lib_python3_12_site-packages_PyQt6_Qt6_qml_QtQuick --> node_venv_lib_python3_12_site-packages_PyQt6_Qt6_qml_QtQuick_Controls["Controls"]\n    node_venv_lib_python3_12_site-packages_PyQt6_Qt6_qml_QtQuick_Controls --> node_venv_lib_python3_12_site-packages_PyQt6_Qt6_qml_QtQuick_Controls_FluentWinUI3["FluentWinUI3"]\n    node_venv_lib_python3_12_site-packages_PyQt6_Qt6_qml_QtQuick_Controls_FluentWinUI3 --> node_venv_lib_python3_12_site-packages_PyQt6_Qt6_qml_QtQuick_Controls_FluentWinUI3_light["light"]\n    node_venv_lib_python3_12_site-packages_PyQt6_Qt6_qml_QtQuick_Controls_FluentWinUI3_light --> node_venv_lib_python3_12_site-packages_PyQt6_Qt6_qml_QtQuick_Controls_FluentWinUI3_light_images["images"]\n    node_venv_lib_python3_12_site-packages_PyQt6_Qt6_qml_QtQuick_Controls_FluentWinUI3_light_images --> node_venv_lib_python3_12_site-packages_PyQt6_Qt6_qml_QtQuick_Controls_FluentWinUI3_light_images_combobox-indicator-hovered-open@3x_png["combobox-indicator-hovered-open@3x.png"]\n    Root --> node_venv["venv"]\n    node_venv --> node_venv_lib["lib"]\n    node_venv_lib --> node_venv_lib_python3_12["python3.12"]\n    node_venv_lib_python3_12 --> node_venv_lib_python3_12_site-packages["site-packages"]\n    node_venv_lib_python3_12_site-packages --> node_venv_lib_python3_12_site-packages_PyQt6["PyQt6"]\n    node_venv_lib_python3_12_site-packages_PyQt6 --> node_venv_lib_python3_12_site-packages_PyQt6_Qt6["Qt6"]\n    node_venv_lib_python3_12_site-packages_PyQt6_Qt6 --> node_venv_lib_python3_12_site-packages_PyQt6_Qt6_qml["qml"]\n    node_venv_lib_python3_12_site-packages_PyQt6_Qt6_qml --> node_venv_lib_python3_12_site-packages_PyQt6_Qt6_qml_QtQuick["QtQuick"]\n    node_venv_lib_python3_12_site-packages_PyQt6_Qt6_qml_QtQuick --> node_venv_lib_python3_12_site-packages_PyQt6_Qt6_qml_QtQuick_Controls["Controls"]\n    node_venv_lib_python3_12_site-packages_PyQt6_Qt6_qml_QtQuick_Controls --> node_venv_lib_python3_12_site-packages_PyQt6_Qt6_qml_QtQuick_Controls_FluentWinUI3["FluentWinUI3"]\n    node_venv_lib_python3_12_site-packages_PyQt6_Qt6_qml_QtQuick_Controls_FluentWinUI3 --> node_venv_lib_python3_12_site-packages_PyQt6_Qt6_qml_QtQuick_Controls_FluentWinUI3_light["light"]\n    node_venv_lib_python3_12_site-packages_PyQt6_Qt6_qml_QtQuick_Controls_FluentWinUI3_light --> node_venv_lib_python3_12_site-packages_PyQt6_Qt6_qml_QtQuick_Controls_FluentWinUI3_light_images["images"]\n    node_venv_lib_python3_12_site-packages_PyQt6_Qt6_qml_QtQuick_Controls_FluentWinUI3_light_images --> node_venv_lib_python3_12_site-packages_PyQt6_Qt6_qml_QtQuick_Controls_FluentWinUI3_light_images_combobox-indicator-hovered_png["combobox-indicator-hovered.png"]\n    Root --> node_venv["venv"]\n    node_venv --> node_venv_lib["lib"]\n    node_venv_lib --> node_venv_lib_python3_12["python3.12"]\n    node_venv_lib_python3_12 --> node_venv_lib_python3_12_site-packages["site-packages"]\n    node_venv_lib_python3_12_site-packages --> node_venv_lib_python3_12_site-packages_PyQt6["PyQt6"]\n    node_venv_lib_python3_12_site-packages_PyQt6 --> node_venv_lib_python3_12_site-packages_PyQt6_Qt6["Qt6"]\n    node_venv_lib_python3_12_site-packages_PyQt6_Qt6 --> node_venv_lib_python3_12_site-packages_PyQt6_Qt6_qml["qml"]\n    node_venv_lib_python3_12_site-packages_PyQt6_Qt6_qml --> node_venv_lib_python3_12_site-packages_PyQt6_Qt6_qml_QtQuick["QtQuick"]\n    node_venv_lib_python3_12_site-packages_PyQt6_Qt6_qml_QtQuick --> node_venv_lib_python3_12_site-packages_PyQt6_Qt6_qml_QtQuick_Controls["Controls"]\n    node_venv_lib_python3_12_site-packages_PyQt6_Qt6_qml_QtQuick_Controls --> node_venv_lib_python3_12_site-packages_PyQt6_Qt6_qml_QtQuick_Controls_FluentWinUI3["FluentWinUI3"]\n    node_venv_lib_python3_12_site-packages_PyQt6_Qt6_qml_QtQuick_Controls_FluentWinUI3 --> node_venv_lib_python3_12_site-packages_PyQt6_Qt6_qml_QtQuick_Controls_FluentWinUI3_light["light"]\n    node_venv_lib_python3_12_site-packages_PyQt6_Qt6_qml_QtQuick_Controls_FluentWinUI3_light --> node_venv_lib_python3_12_site-packages_PyQt6_Qt6_qml_QtQuick_Controls_FluentWinUI3_light_images["images"]\n    node_venv_lib_python3_12_site-packages_PyQt6_Qt6_qml_QtQuick_Controls_FluentWinUI3_light_images --> node_venv_lib_python3_12_site-packages_PyQt6_Qt6_qml_QtQuick_Controls_FluentWinUI3_light_images_combobox-indicator-hovered@2x_png["combobox-indicator-hovered@2x.png"]\n    Root --> node_venv["venv"]\n    node_venv --> node_venv_lib["lib"]\n    node_venv_lib --> node_venv_lib_python3_12["python3.12"]\n    node_venv_lib_python3_12 --> node_venv_lib_python3_12_site-packages["site-packages"]\n    node_venv_lib_python3_12_site-packages --> node_venv_lib_python3_12_site-packages_PyQt6["PyQt6"]\n    node_venv_lib_python3_12_site-packages_PyQt6 --> node_venv_lib_python3_12_site-packages_PyQt6_Qt6["Qt6"]\n    node_venv_lib_python3_12_site-packages_PyQt6_Qt6 --> node_venv_lib_python3_12_site-packages_PyQt6_Qt6_qml["qml"]\n    node_venv_lib_python3_12_site-packages_PyQt6_Qt6_qml --> node_venv_lib_python3_12_site-packages_PyQt6_Qt6_qml_QtQuick["QtQuick"]\n    node_venv_lib_python3_12_site-packages_PyQt6_Qt6_qml_QtQuick --> node_venv_lib_python3_12_site-packages_PyQt6_Qt6_qml_QtQuick_Controls["Controls"]\n    node_venv_lib_python3_12_site-packages_PyQt6_Qt6_qml_QtQuick_Controls --> node_venv_lib_python3_12_site-packages_PyQt6_Qt6_qml_QtQuick_Controls_FluentWinUI3["FluentWinUI3"]\n    node_venv_lib_python3_12_site-packages_PyQt6_Qt6_qml_QtQuick_Controls_FluentWinUI3 --> node_venv_lib_python3_12_site-packages_PyQt6_Qt6_qml_QtQuick_Controls_FluentWinUI3_light["light"]\n    node_venv_lib_python3_12_site-packages_PyQt6_Qt6_qml_QtQuick_Controls_FluentWinUI3_light --> node_venv_lib_python3_12_site-packages_PyQt6_Qt6_qml_QtQuick_Controls_FluentWinUI3_light_images["images"]\n    node_venv_lib_python3_12_site-packages_PyQt6_Qt6_qml_QtQuick_Controls_FluentWinUI3_light_images --> node_venv_lib_python3_12_site-packages_PyQt6_Qt6_qml_QtQuick_Controls_FluentWinUI3_light_images_combobox-indicator-hovered@3x_png["combobox-indicator-hovered@3x.png"]\n    Root --> node_venv["venv"]\n    node_venv --> node_venv_lib["lib"]\n    node_venv_lib --> node_venv_lib_python3_12["python3.12"]\n    node_venv_lib_python3_12 --> node_venv_lib_python3_12_site-packages["site-packages"]\n    node_venv_lib_python3_12_site-packages --> node_venv_lib_python3_12_site-packages_PyQt6["PyQt6"]\n    node_venv_lib_python3_12_site-packages_PyQt6 --> node_venv_lib_python3_12_site-packages_PyQt6_Qt6["Qt6"]\n    node_venv_lib_python3_12_site-packages_PyQt6_Qt6 --> node_venv_lib_python3_12_site-packages_PyQt6_Qt6_qml["qml"]\n    node_venv_lib_python3_12_site-packages_PyQt6_Qt6_qml --> node_venv_lib_python3_12_site-packages_PyQt6_Qt6_qml_QtQuick["QtQuick"]\n    node_venv_lib_python3_12_site-packages_PyQt6_Qt6_qml_QtQuick --> node_venv_lib_python3_12_site-packages_PyQt6_Qt6_qml_QtQuick_Controls["Controls"]\n    node_venv_lib_python3_12_site-packages_PyQt6_Qt6_qml_QtQuick_Controls --> node_venv_lib_python3_12_site-packages_PyQt6_Qt6_qml_QtQuick_Controls_FluentWinUI3["FluentWinUI3"]\n    node_venv_lib_python3_12_site-packages_PyQt6_Qt6_qml_QtQuick_Controls_FluentWinUI3 --> node_venv_lib_python3_12_site-packages_PyQt6_Qt6_qml_QtQuick_Controls_FluentWinUI3_light["light"]\n    node_venv_lib_python3_12_site-packages_PyQt6_Qt6_qml_QtQuick_Controls_FluentWinUI3_light --> node_venv_lib_python3_12_site-packages_PyQt6_Qt6_qml_QtQuick_Controls_FluentWinUI3_light_images["images"]\n    node_venv_lib_python3_12_site-packages_PyQt6_Qt6_qml_QtQuick_Controls_FluentWinUI3_light_images --> node_venv_lib_python3_12_site-packages_PyQt6_Qt6_qml_QtQuick_Controls_FluentWinUI3_light_images_combobox-indicator-open-pressed_png["combobox-indicator-open-pressed.png"]\n    Root --> node_venv["venv"]\n    node_venv --> node_venv_lib["lib"]\n    node_venv_lib --> node_venv_lib_python3_12["python3.12"]\n    node_venv_lib_python3_12 --> node_venv_lib_python3_12_site-packages["site-packages"]\n    node_venv_lib_python3_12_site-packages --> node_venv_lib_python3_12_site-packages_PyQt6["PyQt6"]\n    node_venv_lib_python3_12_site-packages_PyQt6 --> node_venv_lib_python3_12_site-packages_PyQt6_Qt6["Qt6"]\n    node_venv_lib_python3_12_site-packages_PyQt6_Qt6 --> node_venv_lib_python3_12_site-packages_PyQt6_Qt6_qml["qml"]\n    node_venv_lib_python3_12_site-packages_PyQt6_Qt6_qml --> node_venv_lib_python3_12_site-packages_PyQt6_Qt6_qml_QtQuick["QtQuick"]\n    node_venv_lib_python3_12_site-packages_PyQt6_Qt6_qml_QtQuick --> node_venv_lib_python3_12_site-packages_PyQt6_Qt6_qml_QtQuick_Controls["Controls"]\n    node_venv_lib_python3_12_site-packages_PyQt6_Qt6_qml_QtQuick_Controls --> node_venv_lib_python3_12_site-packages_PyQt6_Qt6_qml_QtQuick_Controls_FluentWinUI3["FluentWinUI3"]\n    node_venv_lib_python3_12_site-packages_PyQt6_Qt6_qml_QtQuick_Controls_FluentWinUI3 --> node_venv_lib_python3_12_site-packages_PyQt6_Qt6_qml_QtQuick_Controls_FluentWinUI3_light["light"]\n    node_venv_lib_python3_12_site-packages_PyQt6_Qt6_qml_QtQuick_Controls_FluentWinUI3_light --> node_venv_lib_python3_12_site-packages_PyQt6_Qt6_qml_QtQuick_Controls_FluentWinUI3_light_images["images"]\n    node_venv_lib_python3_12_site-packages_PyQt6_Qt6_qml_QtQuick_Controls_FluentWinUI3_light_images --> node_venv_lib_python3_12_site-packages_PyQt6_Qt6_qml_QtQuick_Controls_FluentWinUI3_light_images_combobox-indicator-open-pressed@2x_png["combobox-indicator-open-pressed@2x.png"]\n    Root --> node_venv["venv"]\n    node_venv --> node_venv_lib["lib"]\n    node_venv_lib --> node_venv_lib_python3_12["python3.12"]\n    node_venv_lib_python3_12 --> node_venv_lib_python3_12_site-packages["site-packages"]\n    node_venv_lib_python3_12_site-packages --> node_venv_lib_python3_12_site-packages_PyQt6["PyQt6"]\n    node_venv_lib_python3_12_site-packages_PyQt6 --> node_venv_lib_python3_12_site-packages_PyQt6_Qt6["Qt6"]\n    node_venv_lib_python3_12_site-packages_PyQt6_Qt6 --> node_venv_lib_python3_12_site-packages_PyQt6_Qt6_qml["qml"]\n    node_venv_lib_python3_12_site-packages_PyQt6_Qt6_qml --> node_venv_lib_python3_12_site-packages_PyQt6_Qt6_qml_QtQuick["QtQuick"]\n    node_venv_lib_python3_12_site-packages_PyQt6_Qt6_qml_QtQuick --> node_venv_lib_python3_12_site-packages_PyQt6_Qt6_qml_QtQuick_Controls["Controls"]\n    node_venv_lib_python3_12_site-packages_PyQt6_Qt6_qml_QtQuick_Controls --> node_venv_lib_python3_12_site-packages_PyQt6_Qt6_qml_QtQuick_Controls_FluentWinUI3["FluentWinUI3"]\n    node_venv_lib_python3_12_site-packages_PyQt6_Qt6_qml_QtQuick_Controls_FluentWinUI3 --> node_venv_lib_python3_12_site-packages_PyQt6_Qt6_qml_QtQuick_Controls_FluentWinUI3_light["light"]\n    node_venv_lib_python3_12_site-packages_PyQt6_Qt6_qml_QtQuick_Controls_FluentWinUI3_light --> node_venv_lib_python3_12_site-packages_PyQt6_Qt6_qml_QtQuick_Controls_FluentWinUI3_light_images["images"]\n    node_venv_lib_python3_12_site-packages_PyQt6_Qt6_qml_QtQuick_Controls_FluentWinUI3_light_images --> node_venv_lib_python3_12_site-packages_PyQt6_Qt6_qml_QtQuick_Controls_FluentWinUI3_light_images_combobox-indicator-open-pressed@3x_png["combobox-indicator-open-pressed@3x.png"]\n    Root --> node_venv["venv"]\n    node_venv --> node_venv_lib["lib"]\n    node_venv_lib --> node_venv_lib_python3_12["python3.12"]\n    node_venv_lib_python3_12 --> node_venv_lib_python3_12_site-packages["site-packages"]\n    node_venv_lib_python3_12_site-packages --> node_venv_lib_python3_12_site-packages_PyQt6["PyQt6"]\n    node_venv_lib_python3_12_site-packages_PyQt6 --> node_venv_lib_python3_12_site-packages_PyQt6_Qt6["Qt6"]\n    node_venv_lib_python3_12_site-packages_PyQt6_Qt6 --> node_venv_lib_python3_12_site-packages_PyQt6_Qt6_qml["qml"]\n    node_venv_lib_python3_12_site-packages_PyQt6_Qt6_qml --> node_venv_lib_python3_12_site-packages_PyQt6_Qt6_qml_QtQuick["QtQuick"]\n    node_venv_lib_python3_12_site-packages_PyQt6_Qt6_qml_QtQuick --> node_venv_lib_python3_12_site-packages_PyQt6_Qt6_qml_QtQuick_Controls["Controls"]\n    node_venv_lib_python3_12_site-packages_PyQt6_Qt6_qml_QtQuick_Controls --> node_venv_lib_python3_12_site-packages_PyQt6_Qt6_qml_QtQuick_Controls_FluentWinUI3["FluentWinUI3"]\n    node_venv_lib_python3_12_site-packages_PyQt6_Qt6_qml_QtQuick_Controls_FluentWinUI3 --> node_venv_lib_python3_12_site-packages_PyQt6_Qt6_qml_QtQuick_Controls_FluentWinUI3_light["light"]\n    node_venv_lib_python3_12_site-packages_PyQt6_Qt6_qml_QtQuick_Controls_FluentWinUI3_light --> node_venv_lib_python3_12_site-packages_PyQt6_Qt6_qml_QtQuick_Controls_FluentWinUI3_light_images["images"]\n    node_venv_lib_python3_12_site-packages_PyQt6_Qt6_qml_QtQuick_Controls_FluentWinUI3_light_images --> node_venv_lib_python3_12_site-packages_PyQt6_Qt6_qml_QtQuick_Controls_FluentWinUI3_light_images_combobox-indicator-open_png["combobox-indicator-open.png"]\n    Root --> node_venv["venv"]\n    node_venv --> node_venv_lib["lib"]\n    node_venv_lib --> node_venv_lib_python3_12["python3.12"]\n    node_venv_lib_python3_12 --> node_venv_lib_python3_12_site-packages["site-packages"]\n    node_venv_lib_python3_12_site-packages --> node_venv_lib_python3_12_site-packages_PyQt6["PyQt6"]\n    node_venv_lib_python3_12_site-packages_PyQt6 --> node_venv_lib_python3_12_site-packages_PyQt6_Qt6["Qt6"]\n    node_venv_lib_python3_12_site-packages_PyQt6_Qt6 --> node_venv_lib_python3_12_site-packages_PyQt6_Qt6_qml["qml"]\n    node_venv_lib_python3_12_site-packages_PyQt6_Qt6_qml --> node_venv_lib_python3_12_site-packages_PyQt6_Qt6_qml_QtQuick["QtQuick"]\n    node_venv_lib_python3_12_site-packages_PyQt6_Qt6_qml_QtQuick --> node_venv_lib_python3_12_site-packages_PyQt6_Qt6_qml_QtQuick_Controls["Controls"]\n    node_venv_lib_python3_12_site-packages_PyQt6_Qt6_qml_QtQuick_Controls --> node_venv_lib_python3_12_site-packages_PyQt6_Qt6_qml_QtQuick_Controls_FluentWinUI3["FluentWinUI3"]\n    node_venv_lib_python3_12_site-packages_PyQt6_Qt6_qml_QtQuick_Controls_FluentWinUI3 --> node_venv_lib_python3_12_site-packages_PyQt6_Qt6_qml_QtQuick_Controls_FluentWinUI3_light["light"]\n    node_venv_lib_python3_12_site-packages_PyQt6_Qt6_qml_QtQuick_Controls_FluentWinUI3_light --> node_venv_lib_python3_12_site-packages_PyQt6_Qt6_qml_QtQuick_Controls_FluentWinUI3_light_images["images"]\n    node_venv_lib_python3_12_site-packages_PyQt6_Qt6_qml_QtQuick_Controls_FluentWinUI3_light_images --> node_venv_lib_python3_12_site-packages_PyQt6_Qt6_qml_QtQuick_Controls_FluentWinUI3_light_images_combobox-indicator-open@2x_png["combobox-indicator-open@2x.png"]\n    Root --> node_venv["venv"]\n    node_venv --> node_venv_lib["lib"]\n    node_venv_lib --> node_venv_lib_python3_12["python3.12"]\n    node_venv_lib_python3_12 --> node_venv_lib_python3_12_site-packages["site-packages"]\n    node_venv_lib_python3_12_site-packages --> node_venv_lib_python3_12_site-packages_PyQt6["PyQt6"]\n    node_venv_lib_python3_12_site-packages_PyQt6 --> node_venv_lib_python3_12_site-packages_PyQt6_Qt6["Qt6"]\n    node_venv_lib_python3_12_site-packages_PyQt6_Qt6 --> node_venv_lib_python3_12_site-packages_PyQt6_Qt6_qml["qml"]\n    node_venv_lib_python3_12_site-packages_PyQt6_Qt6_qml --> node_venv_lib_python3_12_site-packages_PyQt6_Qt6_qml_QtQuick["QtQuick"]\n    node_venv_lib_python3_12_site-packages_PyQt6_Qt6_qml_QtQuick --> node_venv_lib_python3_12_site-packages_PyQt6_Qt6_qml_QtQuick_Controls["Controls"]\n    node_venv_lib_python3_12_site-packages_PyQt6_Qt6_qml_QtQuick_Controls --> node_venv_lib_python3_12_site-packages_PyQt6_Qt6_qml_QtQuick_Controls_FluentWinUI3["FluentWinUI3"]\n    node_venv_lib_python3_12_site-packages_PyQt6_Qt6_qml_QtQuick_Controls_FluentWinUI3 --> node_venv_lib_python3_12_site-packages_PyQt6_Qt6_qml_QtQuick_Controls_FluentWinUI3_light["light"]\n    node_venv_lib_python3_12_site-packages_PyQt6_Qt6_qml_QtQuick_Controls_FluentWinUI3_light --> node_venv_lib_python3_12_site-packages_PyQt6_Qt6_qml_QtQuick_Controls_FluentWinUI3_light_images["images"]\n    node_venv_lib_python3_12_site-packages_PyQt6_Qt6_qml_QtQuick_Controls_FluentWinUI3_light_images --> node_venv_lib_python3_12_site-packages_PyQt6_Qt6_qml_QtQuick_Controls_FluentWinUI3_light_images_combobox-indicator-open@3x_png["combobox-indicator-open@3x.png"]\n    Root --> node_venv["venv"]\n    node_venv --> node_venv_lib["lib"]\n    node_venv_lib --> node_venv_lib_python3_12["python3.12"]\n    node_venv_lib_python3_12 --> node_venv_lib_python3_12_site-packages["site-packages"]\n    node_venv_lib_python3_12_site-packages --> node_venv_lib_python3_12_site-packages_PyQt6["PyQt6"]\n    node_venv_lib_python3_12_site-packages_PyQt6 --> node_venv_lib_python3_12_site-packages_PyQt6_Qt6["Qt6"]\n    node_venv_lib_python3_12_site-packages_PyQt6_Qt6 --> node_venv_lib_python3_12_site-packages_PyQt6_Qt6_qml["qml"]\n    node_venv_lib_python3_12_site-packages_PyQt6_Qt6_qml --> node_venv_lib_python3_12_site-packages_PyQt6_Qt6_qml_QtQuick["QtQuick"]\n    node_venv_lib_python3_12_site-packages_PyQt6_Qt6_qml_QtQuick --> node_venv_lib_python3_12_site-packages_PyQt6_Qt6_qml_QtQuick_Controls["Controls"]\n    node_venv_lib_python3_12_site-packages_PyQt6_Qt6_qml_QtQuick_Controls --> node_venv_lib_python3_12_site-packages_PyQt6_Qt6_qml_QtQuick_Controls_FluentWinUI3["FluentWinUI3"]\n    node_venv_lib_python3_12_site-packages_PyQt6_Qt6_qml_QtQuick_Controls_FluentWinUI3 --> node_venv_lib_python3_12_site-packages_PyQt6_Qt6_qml_QtQuick_Controls_FluentWinUI3_light["light"]\n    node_venv_lib_python3_12_site-packages_PyQt6_Qt6_qml_QtQuick_Controls_FluentWinUI3_light --> node_venv_lib_python3_12_site-packages_PyQt6_Qt6_qml_QtQuick_Controls_FluentWinUI3_light_images["images"]\n    node_venv_lib_python3_12_site-packages_PyQt6_Qt6_qml_QtQuick_Controls_FluentWinUI3_light_images --> node_venv_lib_python3_12_site-packages_PyQt6_Qt6_qml_QtQuick_Controls_FluentWinUI3_light_images_combobox-indicator-pressed_png["combobox-indicator-pressed.png"]\n    Root --> node_venv["venv"]\n    node_venv --> node_venv_lib["lib"]\n    node_venv_lib --> node_venv_lib_python3_12["python3.12"]\n    node_venv_lib_python3_12 --> node_venv_lib_python3_12_site-packages["site-packages"]\n    node_venv_lib_python3_12_site-packages --> node_venv_lib_python3_12_site-packages_PyQt6["PyQt6"]\n    node_venv_lib_python3_12_site-packages_PyQt6 --> node_venv_lib_python3_12_site-packages_PyQt6_Qt6["Qt6"]\n    node_venv_lib_python3_12_site-packages_PyQt6_Qt6 --> node_venv_lib_python3_12_site-packages_PyQt6_Qt6_qml["qml"]\n    node_venv_lib_python3_12_site-packages_PyQt6_Qt6_qml --> node_venv_lib_python3_12_site-packages_PyQt6_Qt6_qml_QtQuick["QtQuick"]\n    node_venv_lib_python3_12_site-packages_PyQt6_Qt6_qml_QtQuick --> node_venv_lib_python3_12_site-packages_PyQt6_Qt6_qml_QtQuick_Controls["Controls"]\n    node_venv_lib_python3_12_site-packages_PyQt6_Qt6_qml_QtQuick_Controls --> node_venv_lib_python3_12_site-packages_PyQt6_Qt6_qml_QtQuick_Controls_FluentWinUI3["FluentWinUI3"]\n    node_venv_lib_python3_12_site-packages_PyQt6_Qt6_qml_QtQuick_Controls_FluentWinUI3 --> node_venv_lib_python3_12_site-packages_PyQt6_Qt6_qml_QtQuick_Controls_FluentWinUI3_light["light"]\n    node_venv_lib_python3_12_site-packages_PyQt6_Qt6_qml_QtQuick_Controls_FluentWinUI3_light --> node_venv_lib_python3_12_site-packages_PyQt6_Qt6_qml_QtQuick_Controls_FluentWinUI3_light_images["images"]\n    node_venv_lib_python3_12_site-packages_PyQt6_Qt6_qml_QtQuick_Controls_FluentWinUI3_light_images --> node_venv_lib_python3_12_site-packages_PyQt6_Qt6_qml_QtQuick_Controls_FluentWinUI3_light_images_combobox-indicator-pressed@2x_png["combobox-indicator-pressed@2x.png"]\n    Root --> node_venv["venv"]\n    node_venv --> node_venv_lib["lib"]\n    node_venv_lib --> node_venv_lib_python3_12["python3.12"]\n    node_venv_lib_python3_12 --> node_venv_lib_python3_12_site-packages["site-packages"]\n    node_venv_lib_python3_12_site-packages --> node_venv_lib_python3_12_site-packages_PyQt6["PyQt6"]\n    node_venv_lib_python3_12_site-packages_PyQt6 --> node_venv_lib_python3_12_site-packages_PyQt6_Qt6["Qt6"]\n    node_venv_lib_python3_12_site-packages_PyQt6_Qt6 --> node_venv_lib_python3_12_site-packages_PyQt6_Qt6_qml["qml"]\n    node_venv_lib_python3_12_site-packages_PyQt6_Qt6_qml --> node_venv_lib_python3_12_site-packages_PyQt6_Qt6_qml_QtQuick["QtQuick"]\n    node_venv_lib_python3_12_site-packages_PyQt6_Qt6_qml_QtQuick --> node_venv_lib_python3_12_site-packages_PyQt6_Qt6_qml_QtQuick_Controls["Controls"]\n    node_venv_lib_python3_12_site-packages_PyQt6_Qt6_qml_QtQuick_Controls --> node_venv_lib_python3_12_site-packages_PyQt6_Qt6_qml_QtQuick_Controls_FluentWinUI3["FluentWinUI3"]\n    node_venv_lib_python3_12_site-packages_PyQt6_Qt6_qml_QtQuick_Controls_FluentWinUI3 --> node_venv_lib_python3_12_site-packages_PyQt6_Qt6_qml_QtQuick_Controls_FluentWinUI3_light["light"]\n    node_venv_lib_python3_12_site-packages_PyQt6_Qt6_qml_QtQuick_Controls_FluentWinUI3_light --> node_venv_lib_python3_12_site-packages_PyQt6_Qt6_qml_QtQuick_Controls_FluentWinUI3_light_images["images"]\n    node_venv_lib_python3_12_site-packages_PyQt6_Qt6_qml_QtQuick_Controls_FluentWinUI3_light_images --> node_venv_lib_python3_12_site-packages_PyQt6_Qt6_qml_QtQuick_Controls_FluentWinUI3_light_images_combobox-indicator-pressed@3x_png["combobox-indicator-pressed@3x.png"]\n    Root --> node_venv["venv"]\n    node_venv --> node_venv_lib["lib"]\n    node_venv_lib --> node_venv_lib_python3_12["python3.12"]\n    node_venv_lib_python3_12 --> node_venv_lib_python3_12_site-packages["site-packages"]\n    node_venv_lib_python3_12_site-packages --> node_venv_lib_python3_12_site-packages_PyQt6["PyQt6"]\n    node_venv_lib_python3_12_site-packages_PyQt6 --> node_venv_lib_python3_12_site-packages_PyQt6_Qt6["Qt6"]\n    node_venv_lib_python3_12_site-packages_PyQt6_Qt6 --> node_venv_lib_python3_12_site-packages_PyQt6_Qt6_qml["qml"]\n    node_venv_lib_python3_12_site-packages_PyQt6_Qt6_qml --> node_venv_lib_python3_12_site-packages_PyQt6_Qt6_qml_QtQuick["QtQuick"]\n    node_venv_lib_python3_12_site-packages_PyQt6_Qt6_qml_QtQuick --> node_venv_lib_python3_12_site-packages_PyQt6_Qt6_qml_QtQuick_Controls["Controls"]\n    node_venv_lib_python3_12_site-packages_PyQt6_Qt6_qml_QtQuick_Controls --> node_venv_lib_python3_12_site-packages_PyQt6_Qt6_qml_QtQuick_Controls_FluentWinUI3["FluentWinUI3"]\n    node_venv_lib_python3_12_site-packages_PyQt6_Qt6_qml_QtQuick_Controls_FluentWinUI3 --> node_venv_lib_python3_12_site-packages_PyQt6_Qt6_qml_QtQuick_Controls_FluentWinUI3_light["light"]\n    node_venv_lib_python3_12_site-packages_PyQt6_Qt6_qml_QtQuick_Controls_FluentWinUI3_light --> node_venv_lib_python3_12_site-packages_PyQt6_Qt6_qml_QtQuick_Controls_FluentWinUI3_light_images["images"]\n    node_venv_lib_python3_12_site-packages_PyQt6_Qt6_qml_QtQuick_Controls_FluentWinUI3_light_images --> node_venv_lib_python3_12_site-packages_PyQt6_Qt6_qml_QtQuick_Controls_FluentWinUI3_light_images_combobox-indicator_png["combobox-indicator.png"]\n    Root --> node_venv["venv"]\n    node_venv --> node_venv_lib["lib"]\n    node_venv_lib --> node_venv_lib_python3_12["python3.12"]\n    node_venv_lib_python3_12 --> node_venv_lib_python3_12_site-packages["site-packages"]\n    node_venv_lib_python3_12_site-packages --> node_venv_lib_python3_12_site-packages_PyQt6["PyQt6"]\n    node_venv_lib_python3_12_site-packages_PyQt6 --> node_venv_lib_python3_12_site-packages_PyQt6_Qt6["Qt6"]\n    node_venv_lib_python3_12_site-packages_PyQt6_Qt6 --> node_venv_lib_python3_12_site-packages_PyQt6_Qt6_qml["qml"]\n    node_venv_lib_python3_12_site-packages_PyQt6_Qt6_qml --> node_venv_lib_python3_12_site-packages_PyQt6_Qt6_qml_QtQuick["QtQuick"]\n    node_venv_lib_python3_12_site-packages_PyQt6_Qt6_qml_QtQuick --> node_venv_lib_python3_12_site-packages_PyQt6_Qt6_qml_QtQuick_Controls["Controls"]\n    node_venv_lib_python3_12_site-packages_PyQt6_Qt6_qml_QtQuick_Controls --> node_venv_lib_python3_12_site-packages_PyQt6_Qt6_qml_QtQuick_Controls_FluentWinUI3["FluentWinUI3"]\n    node_venv_lib_python3_12_site-packages_PyQt6_Qt6_qml_QtQuick_Controls_FluentWinUI3 --> node_venv_lib_python3_12_site-packages_PyQt6_Qt6_qml_QtQuick_Controls_FluentWinUI3_light["light"]\n    node_venv_lib_python3_12_site-packages_PyQt6_Qt6_qml_QtQuick_Controls_FluentWinUI3_light --> node_venv_lib_python3_12_site-packages_PyQt6_Qt6_qml_QtQuick_Controls_FluentWinUI3_light_images["images"]\n    node_venv_lib_python3_12_site-packages_PyQt6_Qt6_qml_QtQuick_Controls_FluentWinUI3_light_images --> node_venv_lib_python3_12_site-packages_PyQt6_Qt6_qml_QtQuick_Controls_FluentWinUI3_light_images_combobox-indicator@2x_png["combobox-indicator@2x.png"]\n    Root --> node_venv["venv"]\n    node_venv --> node_venv_lib["lib"]\n    node_venv_lib --> node_venv_lib_python3_12["python3.12"]\n    node_venv_lib_python3_12 --> node_venv_lib_python3_12_site-packages["site-packages"]\n    node_venv_lib_python3_12_site-packages --> node_venv_lib_python3_12_site-packages_PyQt6["PyQt6"]\n    node_venv_lib_python3_12_site-packages_PyQt6 --> node_venv_lib_python3_12_site-packages_PyQt6_Qt6["Qt6"]\n    node_venv_lib_python3_12_site-packages_PyQt6_Qt6 --> node_venv_lib_python3_12_site-packages_PyQt6_Qt6_qml["qml"]\n    node_venv_lib_python3_12_site-packages_PyQt6_Qt6_qml --> node_venv_lib_python3_12_site-packages_PyQt6_Qt6_qml_QtQuick["QtQuick"]\n    node_venv_lib_python3_12_site-packages_PyQt6_Qt6_qml_QtQuick --> node_venv_lib_python3_12_site-packages_PyQt6_Qt6_qml_QtQuick_Controls["Controls"]\n    node_venv_lib_python3_12_site-packages_PyQt6_Qt6_qml_QtQuick_Controls --> node_venv_lib_python3_12_site-packages_PyQt6_Qt6_qml_QtQuick_Controls_FluentWinUI3["FluentWinUI3"]\n    node_venv_lib_python3_12_site-packages_PyQt6_Qt6_qml_QtQuick_Controls_FluentWinUI3 --> node_venv_lib_python3_12_site-packages_PyQt6_Qt6_qml_QtQuick_Controls_FluentWinUI3_light["light"]\n    node_venv_lib_python3_12_site-packages_PyQt6_Qt6_qml_QtQuick_Controls_FluentWinUI3_light --> node_venv_lib_python3_12_site-packages_PyQt6_Qt6_qml_QtQuick_Controls_FluentWinUI3_light_images["images"]\n    node_venv_lib_python3_12_site-packages_PyQt6_Qt6_qml_QtQuick_Controls_FluentWinUI3_light_images --> node_venv_lib_python3_12_site-packages_PyQt6_Qt6_qml_QtQuick_Controls_FluentWinUI3_light_images_combobox-indicator@3x_png["combobox-indicator@3x.png"]\n    Root --> node_venv["venv"]\n    node_venv --> node_venv_lib["lib"]\n    node_venv_lib --> node_venv_lib_python3_12["python3.12"]\n    node_venv_lib_python3_12 --> node_venv_lib_python3_12_site-packages["site-packages"]\n    node_venv_lib_python3_12_site-packages --> node_venv_lib_python3_12_site-packages_PyQt6["PyQt6"]\n    node_venv_lib_python3_12_site-packages_PyQt6 --> node_venv_lib_python3_12_site-packages_PyQt6_Qt6["Qt6"]\n    node_venv_lib_python3_12_site-packages_PyQt6_Qt6 --> node_venv_lib_python3_12_site-packages_PyQt6_Qt6_qml["qml"]\n    node_venv_lib_python3_12_site-packages_PyQt6_Qt6_qml --> node_venv_lib_python3_12_site-packages_PyQt6_Qt6_qml_QtQuick["QtQuick"]\n    node_venv_lib_python3_12_site-packages_PyQt6_Qt6_qml_QtQuick --> node_venv_lib_python3_12_site-packages_PyQt6_Qt6_qml_QtQuick_Controls["Controls"]\n    node_venv_lib_python3_12_site-packages_PyQt6_Qt6_qml_QtQuick_Controls --> node_venv_lib_python3_12_site-packages_PyQt6_Qt6_qml_QtQuick_Controls_FluentWinUI3["FluentWinUI3"]\n    node_venv_lib_python3_12_site-packages_PyQt6_Qt6_qml_QtQuick_Controls_FluentWinUI3 --> node_venv_lib_python3_12_site-packages_PyQt6_Qt6_qml_QtQuick_Controls_FluentWinUI3_light["light"]\n    node_venv_lib_python3_12_site-packages_PyQt6_Qt6_qml_QtQuick_Controls_FluentWinUI3_light --> node_venv_lib_python3_12_site-packages_PyQt6_Qt6_qml_QtQuick_Controls_FluentWinUI3_light_images["images"]\n    node_venv_lib_python3_12_site-packages_PyQt6_Qt6_qml_QtQuick_Controls_FluentWinUI3_light_images --> node_venv_lib_python3_12_site-packages_PyQt6_Qt6_qml_QtQuick_Controls_FluentWinUI3_light_images_editablecombobox-background-hovered-open_png["editablecombobox-background-hovered-open.png"]\n    Root --> node_venv["venv"]\n    node_venv --> node_venv_lib["lib"]\n    node_venv_lib --> node_venv_lib_python3_12["python3.12"]\n    node_venv_lib_python3_12 --> node_venv_lib_python3_12_site-packages["site-packages"]\n    node_venv_lib_python3_12_site-packages --> node_venv_lib_python3_12_site-packages_PyQt6["PyQt6"]\n    node_venv_lib_python3_12_site-packages_PyQt6 --> node_venv_lib_python3_12_site-packages_PyQt6_Qt6["Qt6"]\n    node_venv_lib_python3_12_site-packages_PyQt6_Qt6 --> node_venv_lib_python3_12_site-packages_PyQt6_Qt6_qml["qml"]\n    node_venv_lib_python3_12_site-packages_PyQt6_Qt6_qml --> node_venv_lib_python3_12_site-packages_PyQt6_Qt6_qml_QtQuick["QtQuick"]\n    node_venv_lib_python3_12_site-packages_PyQt6_Qt6_qml_QtQuick --> node_venv_lib_python3_12_site-packages_PyQt6_Qt6_qml_QtQuick_Controls["Controls"]\n    node_venv_lib_python3_12_site-packages_PyQt6_Qt6_qml_QtQuick_Controls --> node_venv_lib_python3_12_site-packages_PyQt6_Qt6_qml_QtQuick_Controls_FluentWinUI3["FluentWinUI3"]\n    node_venv_lib_python3_12_site-packages_PyQt6_Qt6_qml_QtQuick_Controls_FluentWinUI3 --> node_venv_lib_python3_12_site-packages_PyQt6_Qt6_qml_QtQuick_Controls_FluentWinUI3_light["light"]\n    node_venv_lib_python3_12_site-packages_PyQt6_Qt6_qml_QtQuick_Controls_FluentWinUI3_light --> node_venv_lib_python3_12_site-packages_PyQt6_Qt6_qml_QtQuick_Controls_FluentWinUI3_light_images["images"]\n    node_venv_lib_python3_12_site-packages_PyQt6_Qt6_qml_QtQuick_Controls_FluentWinUI3_light_images --> node_venv_lib_python3_12_site-packages_PyQt6_Qt6_qml_QtQuick_Controls_FluentWinUI3_light_images_editablecombobox-background-hovered-open@2x_png["editablecombobox-background-hovered-open@2x.png"]\n    Root --> node_venv["venv"]\n    node_venv --> node_venv_lib["lib"]\n    node_venv_lib --> node_venv_lib_python3_12["python3.12"]\n    node_venv_lib_python3_12 --> node_venv_lib_python3_12_site-packages["site-packages"]\n    node_venv_lib_python3_12_site-packages --> node_venv_lib_python3_12_site-packages_PyQt6["PyQt6"]\n    node_venv_lib_python3_12_site-packages_PyQt6 --> node_venv_lib_python3_12_site-packages_PyQt6_Qt6["Qt6"]\n    node_venv_lib_python3_12_site-packages_PyQt6_Qt6 --> node_venv_lib_python3_12_site-packages_PyQt6_Qt6_qml["qml"]\n    node_venv_lib_python3_12_site-packages_PyQt6_Qt6_qml --> node_venv_lib_python3_12_site-packages_PyQt6_Qt6_qml_QtQuick["QtQuick"]\n    node_venv_lib_python3_12_site-packages_PyQt6_Qt6_qml_QtQuick --> node_venv_lib_python3_12_site-packages_PyQt6_Qt6_qml_QtQuick_Controls["Controls"]\n    node_venv_lib_python3_12_site-packages_PyQt6_Qt6_qml_QtQuick_Controls --> node_venv_lib_python3_12_site-packages_PyQt6_Qt6_qml_QtQuick_Controls_FluentWinUI3["FluentWinUI3"]\n    node_venv_lib_python3_12_site-packages_PyQt6_Qt6_qml_QtQuick_Controls_FluentWinUI3 --> node_venv_lib_python3_12_site-packages_PyQt6_Qt6_qml_QtQuick_Controls_FluentWinUI3_light["light"]\n    node_venv_lib_python3_12_site-packages_PyQt6_Qt6_qml_QtQuick_Controls_FluentWinUI3_light --> node_venv_lib_python3_12_site-packages_PyQt6_Qt6_qml_QtQuick_Controls_FluentWinUI3_light_images["images"]\n    node_venv_lib_python3_12_site-packages_PyQt6_Qt6_qml_QtQuick_Controls_FluentWinUI3_light_images --> node_venv_lib_python3_12_site-packages_PyQt6_Qt6_qml_QtQuick_Controls_FluentWinUI3_light_images_editablecombobox-background-hovered-open@3x_png["editablecombobox-background-hovered-open@3x.png"]\n    Root --> node_venv["venv"]\n    node_venv --> node_venv_lib["lib"]\n    node_venv_lib --> node_venv_lib_python3_12["python3.12"]\n    node_venv_lib_python3_12 --> node_venv_lib_python3_12_site-packages["site-packages"]\n    node_venv_lib_python3_12_site-packages --> node_venv_lib_python3_12_site-packages_PyQt6["PyQt6"]\n    node_venv_lib_python3_12_site-packages_PyQt6 --> node_venv_lib_python3_12_site-packages_PyQt6_Qt6["Qt6"]\n    node_venv_lib_python3_12_site-packages_PyQt6_Qt6 --> node_venv_lib_python3_12_site-packages_PyQt6_Qt6_qml["qml"]\n    node_venv_lib_python3_12_site-packages_PyQt6_Qt6_qml --> node_venv_lib_python3_12_site-packages_PyQt6_Qt6_qml_QtQuick["QtQuick"]\n    node_venv_lib_python3_12_site-packages_PyQt6_Qt6_qml_QtQuick --> node_venv_lib_python3_12_site-packages_PyQt6_Qt6_qml_QtQuick_Controls["Controls"]\n    node_venv_lib_python3_12_site-packages_PyQt6_Qt6_qml_QtQuick_Controls --> node_venv_lib_python3_12_site-packages_PyQt6_Qt6_qml_QtQuick_Controls_FluentWinUI3["FluentWinUI3"]\n    node_venv_lib_python3_12_site-packages_PyQt6_Qt6_qml_QtQuick_Controls_FluentWinUI3 --> node_venv_lib_python3_12_site-packages_PyQt6_Qt6_qml_QtQuick_Controls_FluentWinUI3_light["light"]\n    node_venv_lib_python3_12_site-packages_PyQt6_Qt6_qml_QtQuick_Controls_FluentWinUI3_light --> node_venv_lib_python3_12_site-packages_PyQt6_Qt6_qml_QtQuick_Controls_FluentWinUI3_light_images["images"]\n    node_venv_lib_python3_12_site-packages_PyQt6_Qt6_qml_QtQuick_Controls_FluentWinUI3_light_images --> node_venv_lib_python3_12_site-packages_PyQt6_Qt6_qml_QtQuick_Controls_FluentWinUI3_light_images_editablecombobox-background-open-pressed_png["editablecombobox-background-open-pressed.png"]\n    Root --> node_venv["venv"]\n    node_venv --> node_venv_lib["lib"]\n    node_venv_lib --> node_venv_lib_python3_12["python3.12"]\n    node_venv_lib_python3_12 --> node_venv_lib_python3_12_site-packages["site-packages"]\n    node_venv_lib_python3_12_site-packages --> node_venv_lib_python3_12_site-packages_PyQt6["PyQt6"]\n    node_venv_lib_python3_12_site-packages_PyQt6 --> node_venv_lib_python3_12_site-packages_PyQt6_Qt6["Qt6"]\n    node_venv_lib_python3_12_site-packages_PyQt6_Qt6 --> node_venv_lib_python3_12_site-packages_PyQt6_Qt6_qml["qml"]\n    node_venv_lib_python3_12_site-packages_PyQt6_Qt6_qml --> node_venv_lib_python3_12_site-packages_PyQt6_Qt6_qml_QtQuick["QtQuick"]\n    node_venv_lib_python3_12_site-packages_PyQt6_Qt6_qml_QtQuick --> node_venv_lib_python3_12_site-packages_PyQt6_Qt6_qml_QtQuick_Controls["Controls"]\n    node_venv_lib_python3_12_site-packages_PyQt6_Qt6_qml_QtQuick_Controls --> node_venv_lib_python3_12_site-packages_PyQt6_Qt6_qml_QtQuick_Controls_FluentWinUI3["FluentWinUI3"]\n    node_venv_lib_python3_12_site-packages_PyQt6_Qt6_qml_QtQuick_Controls_FluentWinUI3 --> node_venv_lib_python3_12_site-packages_PyQt6_Qt6_qml_QtQuick_Controls_FluentWinUI3_light["light"]\n    node_venv_lib_python3_12_site-packages_PyQt6_Qt6_qml_QtQuick_Controls_FluentWinUI3_light --> node_venv_lib_python3_12_site-packages_PyQt6_Qt6_qml_QtQuick_Controls_FluentWinUI3_light_images["images"]\n    node_venv_lib_python3_12_site-packages_PyQt6_Qt6_qml_QtQuick_Controls_FluentWinUI3_light_images --> node_venv_lib_python3_12_site-packages_PyQt6_Qt6_qml_QtQuick_Controls_FluentWinUI3_light_images_editablecombobox-background-open-pressed@2x_png["editablecombobox-background-open-pressed@2x.png"]\n    Root --> node_venv["venv"]\n    node_venv --> node_venv_lib["lib"]\n    node_venv_lib --> node_venv_lib_python3_12["python3.12"]\n    node_venv_lib_python3_12 --> node_venv_lib_python3_12_site-packages["site-packages"]\n    node_venv_lib_python3_12_site-packages --> node_venv_lib_python3_12_site-packages_PyQt6["PyQt6"]\n    node_venv_lib_python3_12_site-packages_PyQt6 --> node_venv_lib_python3_12_site-packages_PyQt6_Qt6["Qt6"]\n    node_venv_lib_python3_12_site-packages_PyQt6_Qt6 --> node_venv_lib_python3_12_site-packages_PyQt6_Qt6_qml["qml"]\n    node_venv_lib_python3_12_site-packages_PyQt6_Qt6_qml --> node_venv_lib_python3_12_site-packages_PyQt6_Qt6_qml_QtQuick["QtQuick"]\n    node_venv_lib_python3_12_site-packages_PyQt6_Qt6_qml_QtQuick --> node_venv_lib_python3_12_site-packages_PyQt6_Qt6_qml_QtQuick_Controls["Controls"]\n    node_venv_lib_python3_12_site-packages_PyQt6_Qt6_qml_QtQuick_Controls --> node_venv_lib_python3_12_site-packages_PyQt6_Qt6_qml_QtQuick_Controls_FluentWinUI3["FluentWinUI3"]\n    node_venv_lib_python3_12_site-packages_PyQt6_Qt6_qml_QtQuick_Controls_FluentWinUI3 --> node_venv_lib_python3_12_site-packages_PyQt6_Qt6_qml_QtQuick_Controls_FluentWinUI3_light["light"]\n    node_venv_lib_python3_12_site-packages_PyQt6_Qt6_qml_QtQuick_Controls_FluentWinUI3_light --> node_venv_lib_python3_12_site-packages_PyQt6_Qt6_qml_QtQuick_Controls_FluentWinUI3_light_images["images"]\n    node_venv_lib_python3_12_site-packages_PyQt6_Qt6_qml_QtQuick_Controls_FluentWinUI3_light_images --> node_venv_lib_python3_12_site-packages_PyQt6_Qt6_qml_QtQuick_Controls_FluentWinUI3_light_images_editablecombobox-background-open-pressed@3x_png["editablecombobox-background-open-pressed@3x.png"]\n    Root --> node_venv["venv"]\n    node_venv --> node_venv_lib["lib"]\n    node_venv_lib --> node_venv_lib_python3_12["python3.12"]\n    node_venv_lib_python3_12 --> node_venv_lib_python3_12_site-packages["site-packages"]\n    node_venv_lib_python3_12_site-packages --> node_venv_lib_python3_12_site-packages_PyQt6["PyQt6"]\n    node_venv_lib_python3_12_site-packages_PyQt6 --> node_venv_lib_python3_12_site-packages_PyQt6_Qt6["Qt6"]\n    node_venv_lib_python3_12_site-packages_PyQt6_Qt6 --> node_venv_lib_python3_12_site-packages_PyQt6_Qt6_qml["qml"]\n    node_venv_lib_python3_12_site-packages_PyQt6_Qt6_qml --> node_venv_lib_python3_12_site-packages_PyQt6_Qt6_qml_QtQuick["QtQuick"]\n    node_venv_lib_python3_12_site-packages_PyQt6_Qt6_qml_QtQuick --> node_venv_lib_python3_12_site-packages_PyQt6_Qt6_qml_QtQuick_Controls["Controls"]\n    node_venv_lib_python3_12_site-packages_PyQt6_Qt6_qml_QtQuick_Controls --> node_venv_lib_python3_12_site-packages_PyQt6_Qt6_qml_QtQuick_Controls_FluentWinUI3["FluentWinUI3"]\n    node_venv_lib_python3_12_site-packages_PyQt6_Qt6_qml_QtQuick_Controls_FluentWinUI3 --> node_venv_lib_python3_12_site-packages_PyQt6_Qt6_qml_QtQuick_Controls_FluentWinUI3_light["light"]\n    node_venv_lib_python3_12_site-packages_PyQt6_Qt6_qml_QtQuick_Controls_FluentWinUI3_light --> node_venv_lib_python3_12_site-packages_PyQt6_Qt6_qml_QtQuick_Controls_FluentWinUI3_light_images["images"]\n    node_venv_lib_python3_12_site-packages_PyQt6_Qt6_qml_QtQuick_Controls_FluentWinUI3_light_images --> node_venv_lib_python3_12_site-packages_PyQt6_Qt6_qml_QtQuick_Controls_FluentWinUI3_light_images_editablecombobox-background-open_png["editablecombobox-background-open.png"]\n    Root --> node_venv["venv"]\n    node_venv --> node_venv_lib["lib"]\n    node_venv_lib --> node_venv_lib_python3_12["python3.12"]\n    node_venv_lib_python3_12 --> node_venv_lib_python3_12_site-packages["site-packages"]\n    node_venv_lib_python3_12_site-packages --> node_venv_lib_python3_12_site-packages_PyQt6["PyQt6"]\n    node_venv_lib_python3_12_site-packages_PyQt6 --> node_venv_lib_python3_12_site-packages_PyQt6_Qt6["Qt6"]\n    node_venv_lib_python3_12_site-packages_PyQt6_Qt6 --> node_venv_lib_python3_12_site-packages_PyQt6_Qt6_qml["qml"]\n    node_venv_lib_python3_12_site-packages_PyQt6_Qt6_qml --> node_venv_lib_python3_12_site-packages_PyQt6_Qt6_qml_QtQuick["QtQuick"]\n    node_venv_lib_python3_12_site-packages_PyQt6_Qt6_qml_QtQuick --> node_venv_lib_python3_12_site-packages_PyQt6_Qt6_qml_QtQuick_Controls["Controls"]\n    node_venv_lib_python3_12_site-packages_PyQt6_Qt6_qml_QtQuick_Controls --> node_venv_lib_python3_12_site-packages_PyQt6_Qt6_qml_QtQuick_Controls_FluentWinUI3["FluentWinUI3"]\n    node_venv_lib_python3_12_site-packages_PyQt6_Qt6_qml_QtQuick_Controls_FluentWinUI3 --> node_venv_lib_python3_12_site-packages_PyQt6_Qt6_qml_QtQuick_Controls_FluentWinUI3_light["light"]\n    node_venv_lib_python3_12_site-packages_PyQt6_Qt6_qml_QtQuick_Controls_FluentWinUI3_light --> node_venv_lib_python3_12_site-packages_PyQt6_Qt6_qml_QtQuick_Controls_FluentWinUI3_light_images["images"]\n    node_venv_lib_python3_12_site-packages_PyQt6_Qt6_qml_QtQuick_Controls_FluentWinUI3_light_images --> node_venv_lib_python3_12_site-packages_PyQt6_Qt6_qml_QtQuick_Controls_FluentWinUI3_light_images_editablecombobox-background-open@2x_png["editablecombobox-background-open@2x.png"]\n    Root --> node_venv["venv"]\n    node_venv --> node_venv_lib["lib"]\n    node_venv_lib --> node_venv_lib_python3_12["python3.12"]\n    node_venv_lib_python3_12 --> node_venv_lib_python3_12_site-packages["site-packages"]\n    node_venv_lib_python3_12_site-packages --> node_venv_lib_python3_12_site-packages_PyQt6["PyQt6"]\n    node_venv_lib_python3_12_site-packages_PyQt6 --> node_venv_lib_python3_12_site-packages_PyQt6_Qt6["Qt6"]\n    node_venv_lib_python3_12_site-packages_PyQt6_Qt6 --> node_venv_lib_python3_12_site-packages_PyQt6_Qt6_qml["qml"]\n    node_venv_lib_python3_12_site-packages_PyQt6_Qt6_qml --> node_venv_lib_python3_12_site-packages_PyQt6_Qt6_qml_QtQuick["QtQuick"]\n    node_venv_lib_python3_12_site-packages_PyQt6_Qt6_qml_QtQuick --> node_venv_lib_python3_12_site-packages_PyQt6_Qt6_qml_QtQuick_Controls["Controls"]\n    node_venv_lib_python3_12_site-packages_PyQt6_Qt6_qml_QtQuick_Controls --> node_venv_lib_python3_12_site-packages_PyQt6_Qt6_qml_QtQuick_Controls_FluentWinUI3["FluentWinUI3"]\n    node_venv_lib_python3_12_site-packages_PyQt6_Qt6_qml_QtQuick_Controls_FluentWinUI3 --> node_venv_lib_python3_12_site-packages_PyQt6_Qt6_qml_QtQuick_Controls_FluentWinUI3_light["light"]\n    node_venv_lib_python3_12_site-packages_PyQt6_Qt6_qml_QtQuick_Controls_FluentWinUI3_light --> node_venv_lib_python3_12_site-packages_PyQt6_Qt6_qml_QtQuick_Controls_FluentWinUI3_light_images["images"]\n    node_venv_lib_python3_12_site-packages_PyQt6_Qt6_qml_QtQuick_Controls_FluentWinUI3_light_images --> node_venv_lib_python3_12_site-packages_PyQt6_Qt6_qml_QtQuick_Controls_FluentWinUI3_light_images_editablecombobox-background-open@3x_png["editablecombobox-background-open@3x.png"]\n    Root --> node_venv["venv"]\n    node_venv --> node_venv_lib["lib"]\n    node_venv_lib --> node_venv_lib_python3_12["python3.12"]\n    node_venv_lib_python3_12 --> node_venv_lib_python3_12_site-packages["site-packages"]\n    node_venv_lib_python3_12_site-packages --> node_venv_lib_python3_12_site-packages_PyQt6["PyQt6"]\n    node_venv_lib_python3_12_site-packages_PyQt6 --> node_venv_lib_python3_12_site-packages_PyQt6_Qt6["Qt6"]\n    node_venv_lib_python3_12_site-packages_PyQt6_Qt6 --> node_venv_lib_python3_12_site-packages_PyQt6_Qt6_qml["qml"]\n    node_venv_lib_python3_12_site-packages_PyQt6_Qt6_qml --> node_venv_lib_python3_12_site-packages_PyQt6_Qt6_qml_QtQuick["QtQuick"]\n    node_venv_lib_python3_12_site-packages_PyQt6_Qt6_qml_QtQuick --> node_venv_lib_python3_12_site-packages_PyQt6_Qt6_qml_QtQuick_Controls["Controls"]\n    node_venv_lib_python3_12_site-packages_PyQt6_Qt6_qml_QtQuick_Controls --> node_venv_lib_python3_12_site-packages_PyQt6_Qt6_qml_QtQuick_Controls_FluentWinUI3["FluentWinUI3"]\n    node_venv_lib_python3_12_site-packages_PyQt6_Qt6_qml_QtQuick_Controls_FluentWinUI3 --> node_venv_lib_python3_12_site-packages_PyQt6_Qt6_qml_QtQuick_Controls_FluentWinUI3_light["light"]\n    node_venv_lib_python3_12_site-packages_PyQt6_Qt6_qml_QtQuick_Controls_FluentWinUI3_light --> node_venv_lib_python3_12_site-packages_PyQt6_Qt6_qml_QtQuick_Controls_FluentWinUI3_light_images["images"]\n    node_venv_lib_python3_12_site-packages_PyQt6_Qt6_qml_QtQuick_Controls_FluentWinUI3_light_images --> node_venv_lib_python3_12_site-packages_PyQt6_Qt6_qml_QtQuick_Controls_FluentWinUI3_light_images_editablecombobox-indicator-hovered-open_png["editablecombobox-indicator-hovered-open.png"]\n    Root --> node_venv["venv"]\n    node_venv --> node_venv_lib["lib"]\n    node_venv_lib --> node_venv_lib_python3_12["python3.12"]\n    node_venv_lib_python3_12 --> node_venv_lib_python3_12_site-packages["site-packages"]\n    node_venv_lib_python3_12_site-packages --> node_venv_lib_python3_12_site-packages_PyQt6["PyQt6"]\n    node_venv_lib_python3_12_site-packages_PyQt6 --> node_venv_lib_python3_12_site-packages_PyQt6_Qt6["Qt6"]\n    node_venv_lib_python3_12_site-packages_PyQt6_Qt6 --> node_venv_lib_python3_12_site-packages_PyQt6_Qt6_qml["qml"]\n    node_venv_lib_python3_12_site-packages_PyQt6_Qt6_qml --> node_venv_lib_python3_12_site-packages_PyQt6_Qt6_qml_QtQuick["QtQuick"]\n    node_venv_lib_python3_12_site-packages_PyQt6_Qt6_qml_QtQuick --> node_venv_lib_python3_12_site-packages_PyQt6_Qt6_qml_QtQuick_Controls["Controls"]\n    node_venv_lib_python3_12_site-packages_PyQt6_Qt6_qml_QtQuick_Controls --> node_venv_lib_python3_12_site-packages_PyQt6_Qt6_qml_QtQuick_Controls_FluentWinUI3["FluentWinUI3"]\n    node_venv_lib_python3_12_site-packages_PyQt6_Qt6_qml_QtQuick_Controls_FluentWinUI3 --> node_venv_lib_python3_12_site-packages_PyQt6_Qt6_qml_QtQuick_Controls_FluentWinUI3_light["light"]\n    node_venv_lib_python3_12_site-packages_PyQt6_Qt6_qml_QtQuick_Controls_FluentWinUI3_light --> node_venv_lib_python3_12_site-packages_PyQt6_Qt6_qml_QtQuick_Controls_FluentWinUI3_light_images["images"]\n    node_venv_lib_python3_12_site-packages_PyQt6_Qt6_qml_QtQuick_Controls_FluentWinUI3_light_images --> node_venv_lib_python3_12_site-packages_PyQt6_Qt6_qml_QtQuick_Controls_FluentWinUI3_light_images_editablecombobox-indicator-hovered-open@2x_png["editablecombobox-indicator-hovered-open@2x.png"]\n    Root --> node_venv["venv"]\n    node_venv --> node_venv_lib["lib"]\n    node_venv_lib --> node_venv_lib_python3_12["python3.12"]\n    node_venv_lib_python3_12 --> node_venv_lib_python3_12_site-packages["site-packages"]\n    node_venv_lib_python3_12_site-packages --> node_venv_lib_python3_12_site-packages_PyQt6["PyQt6"]\n    node_venv_lib_python3_12_site-packages_PyQt6 --> node_venv_lib_python3_12_site-packages_PyQt6_Qt6["Qt6"]\n    node_venv_lib_python3_12_site-packages_PyQt6_Qt6 --> node_venv_lib_python3_12_site-packages_PyQt6_Qt6_qml["qml"]\n    node_venv_lib_python3_12_site-packages_PyQt6_Qt6_qml --> node_venv_lib_python3_12_site-packages_PyQt6_Qt6_qml_QtQuick["QtQuick"]\n    node_venv_lib_python3_12_site-packages_PyQt6_Qt6_qml_QtQuick --> node_venv_lib_python3_12_site-packages_PyQt6_Qt6_qml_QtQuick_Controls["Controls"]\n    node_venv_lib_python3_12_site-packages_PyQt6_Qt6_qml_QtQuick_Controls --> node_venv_lib_python3_12_site-packages_PyQt6_Qt6_qml_QtQuick_Controls_FluentWinUI3["FluentWinUI3"]\n    node_venv_lib_python3_12_site-packages_PyQt6_Qt6_qml_QtQuick_Controls_FluentWinUI3 --> node_venv_lib_python3_12_site-packages_PyQt6_Qt6_qml_QtQuick_Controls_FluentWinUI3_light["light"]\n    node_venv_lib_python3_12_site-packages_PyQt6_Qt6_qml_QtQuick_Controls_FluentWinUI3_light --> node_venv_lib_python3_12_site-packages_PyQt6_Qt6_qml_QtQuick_Controls_FluentWinUI3_light_images["images"]\n    node_venv_lib_python3_12_site-packages_PyQt6_Qt6_qml_QtQuick_Controls_FluentWinUI3_light_images --> node_venv_lib_python3_12_site-packages_PyQt6_Qt6_qml_QtQuick_Controls_FluentWinUI3_light_images_editablecombobox-indicator-hovered-open@3x_png["editablecombobox-indicator-hovered-open@3x.png"]\n    Root --> node_venv["venv"]\n    node_venv --> node_venv_lib["lib"]\n    node_venv_lib --> node_venv_lib_python3_12["python3.12"]\n    node_venv_lib_python3_12 --> node_venv_lib_python3_12_site-packages["site-packages"]\n    node_venv_lib_python3_12_site-packages --> node_venv_lib_python3_12_site-packages_PyQt6["PyQt6"]\n    node_venv_lib_python3_12_site-packages_PyQt6 --> node_venv_lib_python3_12_site-packages_PyQt6_Qt6["Qt6"]\n    node_venv_lib_python3_12_site-packages_PyQt6_Qt6 --> node_venv_lib_python3_12_site-packages_PyQt6_Qt6_qml["qml"]\n    node_venv_lib_python3_12_site-packages_PyQt6_Qt6_qml --> node_venv_lib_python3_12_site-packages_PyQt6_Qt6_qml_QtQuick["QtQuick"]\n    node_venv_lib_python3_12_site-packages_PyQt6_Qt6_qml_QtQuick --> node_venv_lib_python3_12_site-packages_PyQt6_Qt6_qml_QtQuick_Controls["Controls"]\n    node_venv_lib_python3_12_site-packages_PyQt6_Qt6_qml_QtQuick_Controls --> node_venv_lib_python3_12_site-packages_PyQt6_Qt6_qml_QtQuick_Controls_FluentWinUI3["FluentWinUI3"]\n    node_venv_lib_python3_12_site-packages_PyQt6_Qt6_qml_QtQuick_Controls_FluentWinUI3 --> node_venv_lib_python3_12_site-packages_PyQt6_Qt6_qml_QtQuick_Controls_FluentWinUI3_light["light"]\n    node_venv_lib_python3_12_site-packages_PyQt6_Qt6_qml_QtQuick_Controls_FluentWinUI3_light --> node_venv_lib_python3_12_site-packages_PyQt6_Qt6_qml_QtQuick_Controls_FluentWinUI3_light_images["images"]\n    node_venv_lib_python3_12_site-packages_PyQt6_Qt6_qml_QtQuick_Controls_FluentWinUI3_light_images --> node_venv_lib_python3_12_site-packages_PyQt6_Qt6_qml_QtQuick_Controls_FluentWinUI3_light_images_editablecombobox-indicator-open-pressed_png["editablecombobox-indicator-open-pressed.png"]\n    Root --> node_venv["venv"]\n    node_venv --> node_venv_lib["lib"]\n    node_venv_lib --> node_venv_lib_python3_12["python3.12"]\n    node_venv_lib_python3_12 --> node_venv_lib_python3_12_site-packages["site-packages"]\n    node_venv_lib_python3_12_site-packages --> node_venv_lib_python3_12_site-packages_PyQt6["PyQt6"]\n    node_venv_lib_python3_12_site-packages_PyQt6 --> node_venv_lib_python3_12_site-packages_PyQt6_Qt6["Qt6"]\n    node_venv_lib_python3_12_site-packages_PyQt6_Qt6 --> node_venv_lib_python3_12_site-packages_PyQt6_Qt6_qml["qml"]\n    node_venv_lib_python3_12_site-packages_PyQt6_Qt6_qml --> node_venv_lib_python3_12_site-packages_PyQt6_Qt6_qml_QtQuick["QtQuick"]\n    node_venv_lib_python3_12_site-packages_PyQt6_Qt6_qml_QtQuick --> node_venv_lib_python3_12_site-packages_PyQt6_Qt6_qml_QtQuick_Controls["Controls"]\n    node_venv_lib_python3_12_site-packages_PyQt6_Qt6_qml_QtQuick_Controls --> node_venv_lib_python3_12_site-packages_PyQt6_Qt6_qml_QtQuick_Controls_FluentWinUI3["FluentWinUI3"]\n    node_venv_lib_python3_12_site-packages_PyQt6_Qt6_qml_QtQuick_Controls_FluentWinUI3 --> node_venv_lib_python3_12_site-packages_PyQt6_Qt6_qml_QtQuick_Controls_FluentWinUI3_light["light"]\n    node_venv_lib_python3_12_site-packages_PyQt6_Qt6_qml_QtQuick_Controls_FluentWinUI3_light --> node_venv_lib_python3_12_site-packages_PyQt6_Qt6_qml_QtQuick_Controls_FluentWinUI3_light_images["images"]\n    node_venv_lib_python3_12_site-packages_PyQt6_Qt6_qml_QtQuick_Controls_FluentWinUI3_light_images --> node_venv_lib_python3_12_site-packages_PyQt6_Qt6_qml_QtQuick_Controls_FluentWinUI3_light_images_editablecombobox-indicator-open-pressed@2x_png["editablecombobox-indicator-open-pressed@2x.png"]\n    Root --> node_venv["venv"]\n    node_venv --> node_venv_lib["lib"]\n    node_venv_lib --> node_venv_lib_python3_12["python3.12"]\n    node_venv_lib_python3_12 --> node_venv_lib_python3_12_site-packages["site-packages"]\n    node_venv_lib_python3_12_site-packages --> node_venv_lib_python3_12_site-packages_PyQt6["PyQt6"]\n    node_venv_lib_python3_12_site-packages_PyQt6 --> node_venv_lib_python3_12_site-packages_PyQt6_Qt6["Qt6"]\n    node_venv_lib_python3_12_site-packages_PyQt6_Qt6 --> node_venv_lib_python3_12_site-packages_PyQt6_Qt6_qml["qml"]\n    node_venv_lib_python3_12_site-packages_PyQt6_Qt6_qml --> node_venv_lib_python3_12_site-packages_PyQt6_Qt6_qml_QtQuick["QtQuick"]\n    node_venv_lib_python3_12_site-packages_PyQt6_Qt6_qml_QtQuick --> node_venv_lib_python3_12_site-packages_PyQt6_Qt6_qml_QtQuick_Controls["Controls"]\n    node_venv_lib_python3_12_site-packages_PyQt6_Qt6_qml_QtQuick_Controls --> node_venv_lib_python3_12_site-packages_PyQt6_Qt6_qml_QtQuick_Controls_FluentWinUI3["FluentWinUI3"]\n    node_venv_lib_python3_12_site-packages_PyQt6_Qt6_qml_QtQuick_Controls_FluentWinUI3 --> node_venv_lib_python3_12_site-packages_PyQt6_Qt6_qml_QtQuick_Controls_FluentWinUI3_light["light"]\n    node_venv_lib_python3_12_site-packages_PyQt6_Qt6_qml_QtQuick_Controls_FluentWinUI3_light --> node_venv_lib_python3_12_site-packages_PyQt6_Qt6_qml_QtQuick_Controls_FluentWinUI3_light_images["images"]\n    node_venv_lib_python3_12_site-packages_PyQt6_Qt6_qml_QtQuick_Controls_FluentWinUI3_light_images --> node_venv_lib_python3_12_site-packages_PyQt6_Qt6_qml_QtQuick_Controls_FluentWinUI3_light_images_editablecombobox-indicator-open-pressed@3x_png["editablecombobox-indicator-open-pressed@3x.png"]\n    Root --> node_venv["venv"]\n    node_venv --> node_venv_lib["lib"]\n    node_venv_lib --> node_venv_lib_python3_12["python3.12"]\n    node_venv_lib_python3_12 --> node_venv_lib_python3_12_site-packages["site-packages"]\n    node_venv_lib_python3_12_site-packages --> node_venv_lib_python3_12_site-packages_PyQt6["PyQt6"]\n    node_venv_lib_python3_12_site-packages_PyQt6 --> node_venv_lib_python3_12_site-packages_PyQt6_Qt6["Qt6"]\n    node_venv_lib_python3_12_site-packages_PyQt6_Qt6 --> node_venv_lib_python3_12_site-packages_PyQt6_Qt6_qml["qml"]\n    node_venv_lib_python3_12_site-packages_PyQt6_Qt6_qml --> node_venv_lib_python3_12_site-packages_PyQt6_Qt6_qml_QtQuick["QtQuick"]\n    node_venv_lib_python3_12_site-packages_PyQt6_Qt6_qml_QtQuick --> node_venv_lib_python3_12_site-packages_PyQt6_Qt6_qml_QtQuick_Controls["Controls"]\n    node_venv_lib_python3_12_site-packages_PyQt6_Qt6_qml_QtQuick_Controls --> node_venv_lib_python3_12_site-packages_PyQt6_Qt6_qml_QtQuick_Controls_FluentWinUI3["FluentWinUI3"]\n    node_venv_lib_python3_12_site-packages_PyQt6_Qt6_qml_QtQuick_Controls_FluentWinUI3 --> node_venv_lib_python3_12_site-packages_PyQt6_Qt6_qml_QtQuick_Controls_FluentWinUI3_light["light"]\n    node_venv_lib_python3_12_site-packages_PyQt6_Qt6_qml_QtQuick_Controls_FluentWinUI3_light --> node_venv_lib_python3_12_site-packages_PyQt6_Qt6_qml_QtQuick_Controls_FluentWinUI3_light_images["images"]\n    node_venv_lib_python3_12_site-packages_PyQt6_Qt6_qml_QtQuick_Controls_FluentWinUI3_light_images --> node_venv_lib_python3_12_site-packages_PyQt6_Qt6_qml_QtQuick_Controls_FluentWinUI3_light_images_editablecombobox-indicator-open_png["editablecombobox-indicator-open.png"]\n    Root --> node_venv["venv"]\n    node_venv --> node_venv_lib["lib"]\n    node_venv_lib --> node_venv_lib_python3_12["python3.12"]\n    node_venv_lib_python3_12 --> node_venv_lib_python3_12_site-packages["site-packages"]\n    node_venv_lib_python3_12_site-packages --> node_venv_lib_python3_12_site-packages_PyQt6["PyQt6"]\n    node_venv_lib_python3_12_site-packages_PyQt6 --> node_venv_lib_python3_12_site-packages_PyQt6_Qt6["Qt6"]\n    node_venv_lib_python3_12_site-packages_PyQt6_Qt6 --> node_venv_lib_python3_12_site-packages_PyQt6_Qt6_qml["qml"]\n    node_venv_lib_python3_12_site-packages_PyQt6_Qt6_qml --> node_venv_lib_python3_12_site-packages_PyQt6_Qt6_qml_QtQuick["QtQuick"]\n    node_venv_lib_python3_12_site-packages_PyQt6_Qt6_qml_QtQuick --> node_venv_lib_python3_12_site-packages_PyQt6_Qt6_qml_QtQuick_Controls["Controls"]\n    node_venv_lib_python3_12_site-packages_PyQt6_Qt6_qml_QtQuick_Controls --> node_venv_lib_python3_12_site-packages_PyQt6_Qt6_qml_QtQuick_Controls_FluentWinUI3["FluentWinUI3"]\n    node_venv_lib_python3_12_site-packages_PyQt6_Qt6_qml_QtQuick_Controls_FluentWinUI3 --> node_venv_lib_python3_12_site-packages_PyQt6_Qt6_qml_QtQuick_Controls_FluentWinUI3_light["light"]\n    node_venv_lib_python3_12_site-packages_PyQt6_Qt6_qml_QtQuick_Controls_FluentWinUI3_light --> node_venv_lib_python3_12_site-packages_PyQt6_Qt6_qml_QtQuick_Controls_FluentWinUI3_light_images["images"]\n    node_venv_lib_python3_12_site-packages_PyQt6_Qt6_qml_QtQuick_Controls_FluentWinUI3_light_images --> node_venv_lib_python3_12_site-packages_PyQt6_Qt6_qml_QtQuick_Controls_FluentWinUI3_light_images_editablecombobox-indicator-open@2x_png["editablecombobox-indicator-open@2x.png"]\n    Root --> node_venv["venv"]\n    node_venv --> node_venv_lib["lib"]\n    node_venv_lib --> node_venv_lib_python3_12["python3.12"]\n    node_venv_lib_python3_12 --> node_venv_lib_python3_12_site-packages["site-packages"]\n    node_venv_lib_python3_12_site-packages --> node_venv_lib_python3_12_site-packages_PyQt6["PyQt6"]\n    node_venv_lib_python3_12_site-packages_PyQt6 --> node_venv_lib_python3_12_site-packages_PyQt6_Qt6["Qt6"]\n    node_venv_lib_python3_12_site-packages_PyQt6_Qt6 --> node_venv_lib_python3_12_site-packages_PyQt6_Qt6_qml["qml"]\n    node_venv_lib_python3_12_site-packages_PyQt6_Qt6_qml --> node_venv_lib_python3_12_site-packages_PyQt6_Qt6_qml_QtQuick["QtQuick"]\n    node_venv_lib_python3_12_site-packages_PyQt6_Qt6_qml_QtQuick --> node_venv_lib_python3_12_site-packages_PyQt6_Qt6_qml_QtQuick_Controls["Controls"]\n    node_venv_lib_python3_12_site-packages_PyQt6_Qt6_qml_QtQuick_Controls --> node_venv_lib_python3_12_site-packages_PyQt6_Qt6_qml_QtQuick_Controls_FluentWinUI3["FluentWinUI3"]\n    node_venv_lib_python3_12_site-packages_PyQt6_Qt6_qml_QtQuick_Controls_FluentWinUI3 --> node_venv_lib_python3_12_site-packages_PyQt6_Qt6_qml_QtQuick_Controls_FluentWinUI3_light["light"]\n    node_venv_lib_python3_12_site-packages_PyQt6_Qt6_qml_QtQuick_Controls_FluentWinUI3_light --> node_venv_lib_python3_12_site-packages_PyQt6_Qt6_qml_QtQuick_Controls_FluentWinUI3_light_images["images"]\n    node_venv_lib_python3_12_site-packages_PyQt6_Qt6_qml_QtQuick_Controls_FluentWinUI3_light_images --> node_venv_lib_python3_12_site-packages_PyQt6_Qt6_qml_QtQuick_Controls_FluentWinUI3_light_images_editablecombobox-indicator-open@3x_png["editablecombobox-indicator-open@3x.png"]\n    Root --> node_venv["venv"]\n    node_venv --> node_venv_lib["lib"]\n    node_venv_lib --> node_venv_lib_python3_12["python3.12"]\n    node_venv_lib_python3_12 --> node_venv_lib_python3_12_site-packages["site-packages"]\n    node_venv_lib_python3_12_site-packages --> node_venv_lib_python3_12_site-packages_PyQt6["PyQt6"]\n    node_venv_lib_python3_12_site-packages_PyQt6 --> node_venv_lib_python3_12_site-packages_PyQt6_Qt6["Qt6"]\n    node_venv_lib_python3_12_site-packages_PyQt6_Qt6 --> node_venv_lib_python3_12_site-packages_PyQt6_Qt6_qml["qml"]\n    node_venv_lib_python3_12_site-packages_PyQt6_Qt6_qml --> node_venv_lib_python3_12_site-packages_PyQt6_Qt6_qml_QtQuick["QtQuick"]\n    node_venv_lib_python3_12_site-packages_PyQt6_Qt6_qml_QtQuick --> node_venv_lib_python3_12_site-packages_PyQt6_Qt6_qml_QtQuick_Controls["Controls"]\n    node_venv_lib_python3_12_site-packages_PyQt6_Qt6_qml_QtQuick_Controls --> node_venv_lib_python3_12_site-packages_PyQt6_Qt6_qml_QtQuick_Controls_FluentWinUI3["FluentWinUI3"]\n    node_venv_lib_python3_12_site-packages_PyQt6_Qt6_qml_QtQuick_Controls_FluentWinUI3 --> node_venv_lib_python3_12_site-packages_PyQt6_Qt6_qml_QtQuick_Controls_FluentWinUI3_light["light"]\n    node_venv_lib_python3_12_site-packages_PyQt6_Qt6_qml_QtQuick_Controls_FluentWinUI3_light --> node_venv_lib_python3_12_site-packages_PyQt6_Qt6_qml_QtQuick_Controls_FluentWinUI3_light_images["images"]\n    node_venv_lib_python3_12_site-packages_PyQt6_Qt6_qml_QtQuick_Controls_FluentWinUI3_light_images --> node_venv_lib_python3_12_site-packages_PyQt6_Qt6_qml_QtQuick_Controls_FluentWinUI3_light_images_editablecombobox-popup-background-hovered-open_png["editablecombobox-popup-background-hovered-open.png"]\n    Root --> node_venv["venv"]\n    node_venv --> node_venv_lib["lib"]\n    node_venv_lib --> node_venv_lib_python3_12["python3.12"]\n    node_venv_lib_python3_12 --> node_venv_lib_python3_12_site-packages["site-packages"]\n    node_venv_lib_python3_12_site-packages --> node_venv_lib_python3_12_site-packages_PyQt6["PyQt6"]\n    node_venv_lib_python3_12_site-packages_PyQt6 --> node_venv_lib_python3_12_site-packages_PyQt6_Qt6["Qt6"]\n    node_venv_lib_python3_12_site-packages_PyQt6_Qt6 --> node_venv_lib_python3_12_site-packages_PyQt6_Qt6_qml["qml"]\n    node_venv_lib_python3_12_site-packages_PyQt6_Qt6_qml --> node_venv_lib_python3_12_site-packages_PyQt6_Qt6_qml_QtQuick["QtQuick"]\n    node_venv_lib_python3_12_site-packages_PyQt6_Qt6_qml_QtQuick --> node_venv_lib_python3_12_site-packages_PyQt6_Qt6_qml_QtQuick_Controls["Controls"]\n    node_venv_lib_python3_12_site-packages_PyQt6_Qt6_qml_QtQuick_Controls --> node_venv_lib_python3_12_site-packages_PyQt6_Qt6_qml_QtQuick_Controls_FluentWinUI3["FluentWinUI3"]\n    node_venv_lib_python3_12_site-packages_PyQt6_Qt6_qml_QtQuick_Controls_FluentWinUI3 --> node_venv_lib_python3_12_site-packages_PyQt6_Qt6_qml_QtQuick_Controls_FluentWinUI3_light["light"]\n    node_venv_lib_python3_12_site-packages_PyQt6_Qt6_qml_QtQuick_Controls_FluentWinUI3_light --> node_venv_lib_python3_12_site-packages_PyQt6_Qt6_qml_QtQuick_Controls_FluentWinUI3_light_images["images"]\n    node_venv_lib_python3_12_site-packages_PyQt6_Qt6_qml_QtQuick_Controls_FluentWinUI3_light_images --> node_venv_lib_python3_12_site-packages_PyQt6_Qt6_qml_QtQuick_Controls_FluentWinUI3_light_images_editablecombobox-popup-background-hovered-open@2x_png["editablecombobox-popup-background-hovered-open@2x.png"]\n    Root --> node_venv["venv"]\n    node_venv --> node_venv_lib["lib"]\n    node_venv_lib --> node_venv_lib_python3_12["python3.12"]\n    node_venv_lib_python3_12 --> node_venv_lib_python3_12_site-packages["site-packages"]\n    node_venv_lib_python3_12_site-packages --> node_venv_lib_python3_12_site-packages_PyQt6["PyQt6"]\n    node_venv_lib_python3_12_site-packages_PyQt6 --> node_venv_lib_python3_12_site-packages_PyQt6_Qt6["Qt6"]\n    node_venv_lib_python3_12_site-packages_PyQt6_Qt6 --> node_venv_lib_python3_12_site-packages_PyQt6_Qt6_qml["qml"]\n    node_venv_lib_python3_12_site-packages_PyQt6_Qt6_qml --> node_venv_lib_python3_12_site-packages_PyQt6_Qt6_qml_QtQuick["QtQuick"]\n    node_venv_lib_python3_12_site-packages_PyQt6_Qt6_qml_QtQuick --> node_venv_lib_python3_12_site-packages_PyQt6_Qt6_qml_QtQuick_Controls["Controls"]\n    node_venv_lib_python3_12_site-packages_PyQt6_Qt6_qml_QtQuick_Controls --> node_venv_lib_python3_12_site-packages_PyQt6_Qt6_qml_QtQuick_Controls_FluentWinUI3["FluentWinUI3"]\n    node_venv_lib_python3_12_site-packages_PyQt6_Qt6_qml_QtQuick_Controls_FluentWinUI3 --> node_venv_lib_python3_12_site-packages_PyQt6_Qt6_qml_QtQuick_Controls_FluentWinUI3_light["light"]\n    node_venv_lib_python3_12_site-packages_PyQt6_Qt6_qml_QtQuick_Controls_FluentWinUI3_light --> node_venv_lib_python3_12_site-packages_PyQt6_Qt6_qml_QtQuick_Controls_FluentWinUI3_light_images["images"]\n    node_venv_lib_python3_12_site-packages_PyQt6_Qt6_qml_QtQuick_Controls_FluentWinUI3_light_images --> node_venv_lib_python3_12_site-packages_PyQt6_Qt6_qml_QtQuick_Controls_FluentWinUI3_light_images_editablecombobox-popup-background-hovered-open@3x_png["editablecombobox-popup-background-hovered-open@3x.png"]\n    Root --> node_venv["venv"]\n    node_venv --> node_venv_lib["lib"]\n    node_venv_lib --> node_venv_lib_python3_12["python3.12"]\n    node_venv_lib_python3_12 --> node_venv_lib_python3_12_site-packages["site-packages"]\n    node_venv_lib_python3_12_site-packages --> node_venv_lib_python3_12_site-packages_PyQt6["PyQt6"]\n    node_venv_lib_python3_12_site-packages_PyQt6 --> node_venv_lib_python3_12_site-packages_PyQt6_Qt6["Qt6"]\n    node_venv_lib_python3_12_site-packages_PyQt6_Qt6 --> node_venv_lib_python3_12_site-packages_PyQt6_Qt6_qml["qml"]\n    node_venv_lib_python3_12_site-packages_PyQt6_Qt6_qml --> node_venv_lib_python3_12_site-packages_PyQt6_Qt6_qml_QtQuick["QtQuick"]\n    node_venv_lib_python3_12_site-packages_PyQt6_Qt6_qml_QtQuick --> node_venv_lib_python3_12_site-packages_PyQt6_Qt6_qml_QtQuick_Controls["Controls"]\n    node_venv_lib_python3_12_site-packages_PyQt6_Qt6_qml_QtQuick_Controls --> node_venv_lib_python3_12_site-packages_PyQt6_Qt6_qml_QtQuick_Controls_FluentWinUI3["FluentWinUI3"]\n    node_venv_lib_python3_12_site-packages_PyQt6_Qt6_qml_QtQuick_Controls_FluentWinUI3 --> node_venv_lib_python3_12_site-packages_PyQt6_Qt6_qml_QtQuick_Controls_FluentWinUI3_light["light"]\n    node_venv_lib_python3_12_site-packages_PyQt6_Qt6_qml_QtQuick_Controls_FluentWinUI3_light --> node_venv_lib_python3_12_site-packages_PyQt6_Qt6_qml_QtQuick_Controls_FluentWinUI3_light_images["images"]\n    node_venv_lib_python3_12_site-packages_PyQt6_Qt6_qml_QtQuick_Controls_FluentWinUI3_light_images --> node_venv_lib_python3_12_site-packages_PyQt6_Qt6_qml_QtQuick_Controls_FluentWinUI3_light_images_editablecombobox-popup-background-open-pressed_png["editablecombobox-popup-background-open-pressed.png"]\n    Root --> node_venv["venv"]\n    node_venv --> node_venv_lib["lib"]\n    node_venv_lib --> node_venv_lib_python3_12["python3.12"]\n    node_venv_lib_python3_12 --> node_venv_lib_python3_12_site-packages["site-packages"]\n    node_venv_lib_python3_12_site-packages --> node_venv_lib_python3_12_site-packages_PyQt6["PyQt6"]\n    node_venv_lib_python3_12_site-packages_PyQt6 --> node_venv_lib_python3_12_site-packages_PyQt6_Qt6["Qt6"]\n    node_venv_lib_python3_12_site-packages_PyQt6_Qt6 --> node_venv_lib_python3_12_site-packages_PyQt6_Qt6_qml["qml"]\n    node_venv_lib_python3_12_site-packages_PyQt6_Qt6_qml --> node_venv_lib_python3_12_site-packages_PyQt6_Qt6_qml_QtQuick["QtQuick"]\n    node_venv_lib_python3_12_site-packages_PyQt6_Qt6_qml_QtQuick --> node_venv_lib_python3_12_site-packages_PyQt6_Qt6_qml_QtQuick_Controls["Controls"]\n    node_venv_lib_python3_12_site-packages_PyQt6_Qt6_qml_QtQuick_Controls --> node_venv_lib_python3_12_site-packages_PyQt6_Qt6_qml_QtQuick_Controls_FluentWinUI3["FluentWinUI3"]\n    node_venv_lib_python3_12_site-packages_PyQt6_Qt6_qml_QtQuick_Controls_FluentWinUI3 --> node_venv_lib_python3_12_site-packages_PyQt6_Qt6_qml_QtQuick_Controls_FluentWinUI3_light["light"]\n    node_venv_lib_python3_12_site-packages_PyQt6_Qt6_qml_QtQuick_Controls_FluentWinUI3_light --> node_venv_lib_python3_12_site-packages_PyQt6_Qt6_qml_QtQuick_Controls_FluentWinUI3_light_images["images"]\n    node_venv_lib_python3_12_site-packages_PyQt6_Qt6_qml_QtQuick_Controls_FluentWinUI3_light_images --> node_venv_lib_python3_12_site-packages_PyQt6_Qt6_qml_QtQuick_Controls_FluentWinUI3_light_images_editablecombobox-popup-background-open-pressed@2x_png["editablecombobox-popup-background-open-pressed@2x.png"]\n    Root --> node_venv["venv"]\n    node_venv --> node_venv_lib["lib"]\n    node_venv_lib --> node_venv_lib_python3_12["python3.12"]\n    node_venv_lib_python3_12 --> node_venv_lib_python3_12_site-packages["site-packages"]\n    node_venv_lib_python3_12_site-packages --> node_venv_lib_python3_12_site-packages_PyQt6["PyQt6"]\n    node_venv_lib_python3_12_site-packages_PyQt6 --> node_venv_lib_python3_12_site-packages_PyQt6_Qt6["Qt6"]\n    node_venv_lib_python3_12_site-packages_PyQt6_Qt6 --> node_venv_lib_python3_12_site-packages_PyQt6_Qt6_qml["qml"]\n    node_venv_lib_python3_12_site-packages_PyQt6_Qt6_qml --> node_venv_lib_python3_12_site-packages_PyQt6_Qt6_qml_QtQuick["QtQuick"]\n    node_venv_lib_python3_12_site-packages_PyQt6_Qt6_qml_QtQuick --> node_venv_lib_python3_12_site-packages_PyQt6_Qt6_qml_QtQuick_Controls["Controls"]\n    node_venv_lib_python3_12_site-packages_PyQt6_Qt6_qml_QtQuick_Controls --> node_venv_lib_python3_12_site-packages_PyQt6_Qt6_qml_QtQuick_Controls_FluentWinUI3["FluentWinUI3"]\n    node_venv_lib_python3_12_site-packages_PyQt6_Qt6_qml_QtQuick_Controls_FluentWinUI3 --> node_venv_lib_python3_12_site-packages_PyQt6_Qt6_qml_QtQuick_Controls_FluentWinUI3_light["light"]\n    node_venv_lib_python3_12_site-packages_PyQt6_Qt6_qml_QtQuick_Controls_FluentWinUI3_light --> node_venv_lib_python3_12_site-packages_PyQt6_Qt6_qml_QtQuick_Controls_FluentWinUI3_light_images["images"]\n    node_venv_lib_python3_12_site-packages_PyQt6_Qt6_qml_QtQuick_Controls_FluentWinUI3_light_images --> node_venv_lib_python3_12_site-packages_PyQt6_Qt6_qml_QtQuick_Controls_FluentWinUI3_light_images_editablecombobox-popup-background-open-pressed@3x_png["editablecombobox-popup-background-open-pressed@3x.png"]\n    Root --> node_venv["venv"]\n    node_venv --> node_venv_lib["lib"]\n    node_venv_lib --> node_venv_lib_python3_12["python3.12"]\n    node_venv_lib_python3_12 --> node_venv_lib_python3_12_site-packages["site-packages"]\n    node_venv_lib_python3_12_site-packages --> node_venv_lib_python3_12_site-packages_PyQt6["PyQt6"]\n    node_venv_lib_python3_12_site-packages_PyQt6 --> node_venv_lib_python3_12_site-packages_PyQt6_Qt6["Qt6"]\n    node_venv_lib_python3_12_site-packages_PyQt6_Qt6 --> node_venv_lib_python3_12_site-packages_PyQt6_Qt6_qml["qml"]\n    node_venv_lib_python3_12_site-packages_PyQt6_Qt6_qml --> node_venv_lib_python3_12_site-packages_PyQt6_Qt6_qml_QtQuick["QtQuick"]\n    node_venv_lib_python3_12_site-packages_PyQt6_Qt6_qml_QtQuick --> node_venv_lib_python3_12_site-packages_PyQt6_Qt6_qml_QtQuick_Controls["Controls"]\n    node_venv_lib_python3_12_site-packages_PyQt6_Qt6_qml_QtQuick_Controls --> node_venv_lib_python3_12_site-packages_PyQt6_Qt6_qml_QtQuick_Controls_FluentWinUI3["FluentWinUI3"]\n    node_venv_lib_python3_12_site-packages_PyQt6_Qt6_qml_QtQuick_Controls_FluentWinUI3 --> node_venv_lib_python3_12_site-packages_PyQt6_Qt6_qml_QtQuick_Controls_FluentWinUI3_light["light"]\n    node_venv_lib_python3_12_site-packages_PyQt6_Qt6_qml_QtQuick_Controls_FluentWinUI3_light --> node_venv_lib_python3_12_site-packages_PyQt6_Qt6_qml_QtQuick_Controls_FluentWinUI3_light_images["images"]\n    node_venv_lib_python3_12_site-packages_PyQt6_Qt6_qml_QtQuick_Controls_FluentWinUI3_light_images --> node_venv_lib_python3_12_site-packages_PyQt6_Qt6_qml_QtQuick_Controls_FluentWinUI3_light_images_editablecombobox-popup-background-open_png["editablecombobox-popup-background-open.png"]\n    Root --> node_venv["venv"]\n    node_venv --> node_venv_lib["lib"]\n    node_venv_lib --> node_venv_lib_python3_12["python3.12"]\n    node_venv_lib_python3_12 --> node_venv_lib_python3_12_site-packages["site-packages"]\n    node_venv_lib_python3_12_site-packages --> node_venv_lib_python3_12_site-packages_PyQt6["PyQt6"]\n    node_venv_lib_python3_12_site-packages_PyQt6 --> node_venv_lib_python3_12_site-packages_PyQt6_Qt6["Qt6"]\n    node_venv_lib_python3_12_site-packages_PyQt6_Qt6 --> node_venv_lib_python3_12_site-packages_PyQt6_Qt6_qml["qml"]\n    node_venv_lib_python3_12_site-packages_PyQt6_Qt6_qml --> node_venv_lib_python3_12_site-packages_PyQt6_Qt6_qml_QtQuick["QtQuick"]\n    node_venv_lib_python3_12_site-packages_PyQt6_Qt6_qml_QtQuick --> node_venv_lib_python3_12_site-packages_PyQt6_Qt6_qml_QtQuick_Controls["Controls"]\n    node_venv_lib_python3_12_site-packages_PyQt6_Qt6_qml_QtQuick_Controls --> node_venv_lib_python3_12_site-packages_PyQt6_Qt6_qml_QtQuick_Controls_FluentWinUI3["FluentWinUI3"]\n    node_venv_lib_python3_12_site-packages_PyQt6_Qt6_qml_QtQuick_Controls_FluentWinUI3 --> node_venv_lib_python3_12_site-packages_PyQt6_Qt6_qml_QtQuick_Controls_FluentWinUI3_light["light"]\n    node_venv_lib_python3_12_site-packages_PyQt6_Qt6_qml_QtQuick_Controls_FluentWinUI3_light --> node_venv_lib_python3_12_site-packages_PyQt6_Qt6_qml_QtQuick_Controls_FluentWinUI3_light_images["images"]\n    node_venv_lib_python3_12_site-packages_PyQt6_Qt6_qml_QtQuick_Controls_FluentWinUI3_light_images --> node_venv_lib_python3_12_site-packages_PyQt6_Qt6_qml_QtQuick_Controls_FluentWinUI3_light_images_editablecombobox-popup-background-open@2x_png["editablecombobox-popup-background-open@2x.png"]\n    Root --> node_venv["venv"]\n    node_venv --> node_venv_lib["lib"]\n    node_venv_lib --> node_venv_lib_python3_12["python3.12"]\n    node_venv_lib_python3_12 --> node_venv_lib_python3_12_site-packages["site-packages"]\n    node_venv_lib_python3_12_site-packages --> node_venv_lib_python3_12_site-packages_PyQt6["PyQt6"]\n    node_venv_lib_python3_12_site-packages_PyQt6 --> node_venv_lib_python3_12_site-packages_PyQt6_Qt6["Qt6"]\n    node_venv_lib_python3_12_site-packages_PyQt6_Qt6 --> node_venv_lib_python3_12_site-packages_PyQt6_Qt6_qml["qml"]\n    node_venv_lib_python3_12_site-packages_PyQt6_Qt6_qml --> node_venv_lib_python3_12_site-packages_PyQt6_Qt6_qml_QtQuick["QtQuick"]\n    node_venv_lib_python3_12_site-packages_PyQt6_Qt6_qml_QtQuick --> node_venv_lib_python3_12_site-packages_PyQt6_Qt6_qml_QtQuick_Controls["Controls"]\n    node_venv_lib_python3_12_site-packages_PyQt6_Qt6_qml_QtQuick_Controls --> node_venv_lib_python3_12_site-packages_PyQt6_Qt6_qml_QtQuick_Controls_FluentWinUI3["FluentWinUI3"]\n    node_venv_lib_python3_12_site-packages_PyQt6_Qt6_qml_QtQuick_Controls_FluentWinUI3 --> node_venv_lib_python3_12_site-packages_PyQt6_Qt6_qml_QtQuick_Controls_FluentWinUI3_light["light"]\n    node_venv_lib_python3_12_site-packages_PyQt6_Qt6_qml_QtQuick_Controls_FluentWinUI3_light --> node_venv_lib_python3_12_site-packages_PyQt6_Qt6_qml_QtQuick_Controls_FluentWinUI3_light_images["images"]\n    node_venv_lib_python3_12_site-packages_PyQt6_Qt6_qml_QtQuick_Controls_FluentWinUI3_light_images --> node_venv_lib_python3_12_site-packages_PyQt6_Qt6_qml_QtQuick_Controls_FluentWinUI3_light_images_editablecombobox-popup-background-open@3x_png["editablecombobox-popup-background-open@3x.png"]\n    Root --> node_venv["venv"]\n    node_venv --> node_venv_lib["lib"]\n    node_venv_lib --> node_venv_lib_python3_12["python3.12"]\n    node_venv_lib_python3_12 --> node_venv_lib_python3_12_site-packages["site-packages"]\n    node_venv_lib_python3_12_site-packages --> node_venv_lib_python3_12_site-packages_PyQt6["PyQt6"]\n    node_venv_lib_python3_12_site-packages_PyQt6 --> node_venv_lib_python3_12_site-packages_PyQt6_Qt6["Qt6"]\n    node_venv_lib_python3_12_site-packages_PyQt6_Qt6 --> node_venv_lib_python3_12_site-packages_PyQt6_Qt6_qml["qml"]\n    node_venv_lib_python3_12_site-packages_PyQt6_Qt6_qml --> node_venv_lib_python3_12_site-packages_PyQt6_Qt6_qml_QtQuick["QtQuick"]\n    node_venv_lib_python3_12_site-packages_PyQt6_Qt6_qml_QtQuick --> node_venv_lib_python3_12_site-packages_PyQt6_Qt6_qml_QtQuick_Controls["Controls"]\n    node_venv_lib_python3_12_site-packages_PyQt6_Qt6_qml_QtQuick_Controls --> node_venv_lib_python3_12_site-packages_PyQt6_Qt6_qml_QtQuick_Controls_FluentWinUI3["FluentWinUI3"]\n    node_venv_lib_python3_12_site-packages_PyQt6_Qt6_qml_QtQuick_Controls_FluentWinUI3 --> node_venv_lib_python3_12_site-packages_PyQt6_Qt6_qml_QtQuick_Controls_FluentWinUI3_light["light"]\n    node_venv_lib_python3_12_site-packages_PyQt6_Qt6_qml_QtQuick_Controls_FluentWinUI3_light --> node_venv_lib_python3_12_site-packages_PyQt6_Qt6_qml_QtQuick_Controls_FluentWinUI3_light_images["images"]\n    node_venv_lib_python3_12_site-packages_PyQt6_Qt6_qml_QtQuick_Controls_FluentWinUI3_light_images --> node_venv_lib_python3_12_site-packages_PyQt6_Qt6_qml_QtQuick_Controls_FluentWinUI3_light_images_frame-background-disabled_png["frame-background-disabled.png"]\n    Root --> node_venv["venv"]\n    node_venv --> node_venv_lib["lib"]\n    node_venv_lib --> node_venv_lib_python3_12["python3.12"]\n    node_venv_lib_python3_12 --> node_venv_lib_python3_12_site-packages["site-packages"]\n    node_venv_lib_python3_12_site-packages --> node_venv_lib_python3_12_site-packages_PyQt6["PyQt6"]\n    node_venv_lib_python3_12_site-packages_PyQt6 --> node_venv_lib_python3_12_site-packages_PyQt6_Qt6["Qt6"]\n    node_venv_lib_python3_12_site-packages_PyQt6_Qt6 --> node_venv_lib_python3_12_site-packages_PyQt6_Qt6_qml["qml"]\n    node_venv_lib_python3_12_site-packages_PyQt6_Qt6_qml --> node_venv_lib_python3_12_site-packages_PyQt6_Qt6_qml_QtQuick["QtQuick"]\n    node_venv_lib_python3_12_site-packages_PyQt6_Qt6_qml_QtQuick --> node_venv_lib_python3_12_site-packages_PyQt6_Qt6_qml_QtQuick_Controls["Controls"]\n    node_venv_lib_python3_12_site-packages_PyQt6_Qt6_qml_QtQuick_Controls --> node_venv_lib_python3_12_site-packages_PyQt6_Qt6_qml_QtQuick_Controls_FluentWinUI3["FluentWinUI3"]\n    node_venv_lib_python3_12_site-packages_PyQt6_Qt6_qml_QtQuick_Controls_FluentWinUI3 --> node_venv_lib_python3_12_site-packages_PyQt6_Qt6_qml_QtQuick_Controls_FluentWinUI3_light["light"]\n    node_venv_lib_python3_12_site-packages_PyQt6_Qt6_qml_QtQuick_Controls_FluentWinUI3_light --> node_venv_lib_python3_12_site-packages_PyQt6_Qt6_qml_QtQuick_Controls_FluentWinUI3_light_images["images"]\n    node_venv_lib_python3_12_site-packages_PyQt6_Qt6_qml_QtQuick_Controls_FluentWinUI3_light_images --> node_venv_lib_python3_12_site-packages_PyQt6_Qt6_qml_QtQuick_Controls_FluentWinUI3_light_images_frame-background-disabled@2x_png["frame-background-disabled@2x.png"]\n    Root --> node_venv["venv"]\n    node_venv --> node_venv_lib["lib"]\n    node_venv_lib --> node_venv_lib_python3_12["python3.12"]\n    node_venv_lib_python3_12 --> node_venv_lib_python3_12_site-packages["site-packages"]\n    node_venv_lib_python3_12_site-packages --> node_venv_lib_python3_12_site-packages_PyQt6["PyQt6"]\n    node_venv_lib_python3_12_site-packages_PyQt6 --> node_venv_lib_python3_12_site-packages_PyQt6_Qt6["Qt6"]\n    node_venv_lib_python3_12_site-packages_PyQt6_Qt6 --> node_venv_lib_python3_12_site-packages_PyQt6_Qt6_qml["qml"]\n    node_venv_lib_python3_12_site-packages_PyQt6_Qt6_qml --> node_venv_lib_python3_12_site-packages_PyQt6_Qt6_qml_QtQuick["QtQuick"]\n    node_venv_lib_python3_12_site-packages_PyQt6_Qt6_qml_QtQuick --> node_venv_lib_python3_12_site-packages_PyQt6_Qt6_qml_QtQuick_Controls["Controls"]\n    node_venv_lib_python3_12_site-packages_PyQt6_Qt6_qml_QtQuick_Controls --> node_venv_lib_python3_12_site-packages_PyQt6_Qt6_qml_QtQuick_Controls_FluentWinUI3["FluentWinUI3"]\n    node_venv_lib_python3_12_site-packages_PyQt6_Qt6_qml_QtQuick_Controls_FluentWinUI3 --> node_venv_lib_python3_12_site-packages_PyQt6_Qt6_qml_QtQuick_Controls_FluentWinUI3_light["light"]\n    node_venv_lib_python3_12_site-packages_PyQt6_Qt6_qml_QtQuick_Controls_FluentWinUI3_light --> node_venv_lib_python3_12_site-packages_PyQt6_Qt6_qml_QtQuick_Controls_FluentWinUI3_light_images["images"]\n    node_venv_lib_python3_12_site-packages_PyQt6_Qt6_qml_QtQuick_Controls_FluentWinUI3_light_images --> node_venv_lib_python3_12_site-packages_PyQt6_Qt6_qml_QtQuick_Controls_FluentWinUI3_light_images_frame-background-disabled@3x_png["frame-background-disabled@3x.png"]\n    Root --> node_venv["venv"]\n    node_venv --> node_venv_lib["lib"]\n    node_venv_lib --> node_venv_lib_python3_12["python3.12"]\n    node_venv_lib_python3_12 --> node_venv_lib_python3_12_site-packages["site-packages"]\n    node_venv_lib_python3_12_site-packages --> node_venv_lib_python3_12_site-packages_PyQt6["PyQt6"]\n    node_venv_lib_python3_12_site-packages_PyQt6 --> node_venv_lib_python3_12_site-packages_PyQt6_Qt6["Qt6"]\n    node_venv_lib_python3_12_site-packages_PyQt6_Qt6 --> node_venv_lib_python3_12_site-packages_PyQt6_Qt6_qml["qml"]\n    node_venv_lib_python3_12_site-packages_PyQt6_Qt6_qml --> node_venv_lib_python3_12_site-packages_PyQt6_Qt6_qml_QtQuick["QtQuick"]\n    node_venv_lib_python3_12_site-packages_PyQt6_Qt6_qml_QtQuick --> node_venv_lib_python3_12_site-packages_PyQt6_Qt6_qml_QtQuick_Controls["Controls"]\n    node_venv_lib_python3_12_site-packages_PyQt6_Qt6_qml_QtQuick_Controls --> node_venv_lib_python3_12_site-packages_PyQt6_Qt6_qml_QtQuick_Controls_FluentWinUI3["FluentWinUI3"]\n    node_venv_lib_python3_12_site-packages_PyQt6_Qt6_qml_QtQuick_Controls_FluentWinUI3 --> node_venv_lib_python3_12_site-packages_PyQt6_Qt6_qml_QtQuick_Controls_FluentWinUI3_light["light"]\n    node_venv_lib_python3_12_site-packages_PyQt6_Qt6_qml_QtQuick_Controls_FluentWinUI3_light --> node_venv_lib_python3_12_site-packages_PyQt6_Qt6_qml_QtQuick_Controls_FluentWinUI3_light_images["images"]\n    node_venv_lib_python3_12_site-packages_PyQt6_Qt6_qml_QtQuick_Controls_FluentWinUI3_light_images --> node_venv_lib_python3_12_site-packages_PyQt6_Qt6_qml_QtQuick_Controls_FluentWinUI3_light_images_frame-background_png["frame-background.png"]\n    Root --> node_venv["venv"]\n    node_venv --> node_venv_lib["lib"]\n    node_venv_lib --> node_venv_lib_python3_12["python3.12"]\n    node_venv_lib_python3_12 --> node_venv_lib_python3_12_site-packages["site-packages"]\n    node_venv_lib_python3_12_site-packages --> node_venv_lib_python3_12_site-packages_PyQt6["PyQt6"]\n    node_venv_lib_python3_12_site-packages_PyQt6 --> node_venv_lib_python3_12_site-packages_PyQt6_Qt6["Qt6"]\n    node_venv_lib_python3_12_site-packages_PyQt6_Qt6 --> node_venv_lib_python3_12_site-packages_PyQt6_Qt6_qml["qml"]\n    node_venv_lib_python3_12_site-packages_PyQt6_Qt6_qml --> node_venv_lib_python3_12_site-packages_PyQt6_Qt6_qml_QtQuick["QtQuick"]\n    node_venv_lib_python3_12_site-packages_PyQt6_Qt6_qml_QtQuick --> node_venv_lib_python3_12_site-packages_PyQt6_Qt6_qml_QtQuick_Controls["Controls"]\n    node_venv_lib_python3_12_site-packages_PyQt6_Qt6_qml_QtQuick_Controls --> node_venv_lib_python3_12_site-packages_PyQt6_Qt6_qml_QtQuick_Controls_FluentWinUI3["FluentWinUI3"]\n    node_venv_lib_python3_12_site-packages_PyQt6_Qt6_qml_QtQuick_Controls_FluentWinUI3 --> node_venv_lib_python3_12_site-packages_PyQt6_Qt6_qml_QtQuick_Controls_FluentWinUI3_light["light"]\n    node_venv_lib_python3_12_site-packages_PyQt6_Qt6_qml_QtQuick_Controls_FluentWinUI3_light --> node_venv_lib_python3_12_site-packages_PyQt6_Qt6_qml_QtQuick_Controls_FluentWinUI3_light_images["images"]\n    node_venv_lib_python3_12_site-packages_PyQt6_Qt6_qml_QtQuick_Controls_FluentWinUI3_light_images --> node_venv_lib_python3_12_site-packages_PyQt6_Qt6_qml_QtQuick_Controls_FluentWinUI3_light_images_frame-background@2x_png["frame-background@2x.png"]\n    Root --> node_venv["venv"]\n    node_venv --> node_venv_lib["lib"]\n    node_venv_lib --> node_venv_lib_python3_12["python3.12"]\n    node_venv_lib_python3_12 --> node_venv_lib_python3_12_site-packages["site-packages"]\n    node_venv_lib_python3_12_site-packages --> node_venv_lib_python3_12_site-packages_PyQt6["PyQt6"]\n    node_venv_lib_python3_12_site-packages_PyQt6 --> node_venv_lib_python3_12_site-packages_PyQt6_Qt6["Qt6"]\n    node_venv_lib_python3_12_site-packages_PyQt6_Qt6 --> node_venv_lib_python3_12_site-packages_PyQt6_Qt6_qml["qml"]\n    node_venv_lib_python3_12_site-packages_PyQt6_Qt6_qml --> node_venv_lib_python3_12_site-packages_PyQt6_Qt6_qml_QtQuick["QtQuick"]\n    node_venv_lib_python3_12_site-packages_PyQt6_Qt6_qml_QtQuick --> node_venv_lib_python3_12_site-packages_PyQt6_Qt6_qml_QtQuick_Controls["Controls"]\n    node_venv_lib_python3_12_site-packages_PyQt6_Qt6_qml_QtQuick_Controls --> node_venv_lib_python3_12_site-packages_PyQt6_Qt6_qml_QtQuick_Controls_FluentWinUI3["FluentWinUI3"]\n    node_venv_lib_python3_12_site-packages_PyQt6_Qt6_qml_QtQuick_Controls_FluentWinUI3 --> node_venv_lib_python3_12_site-packages_PyQt6_Qt6_qml_QtQuick_Controls_FluentWinUI3_light["light"]\n    node_venv_lib_python3_12_site-packages_PyQt6_Qt6_qml_QtQuick_Controls_FluentWinUI3_light --> node_venv_lib_python3_12_site-packages_PyQt6_Qt6_qml_QtQuick_Controls_FluentWinUI3_light_images["images"]\n    node_venv_lib_python3_12_site-packages_PyQt6_Qt6_qml_QtQuick_Controls_FluentWinUI3_light_images --> node_venv_lib_python3_12_site-packages_PyQt6_Qt6_qml_QtQuick_Controls_FluentWinUI3_light_images_frame-background@3x_png["frame-background@3x.png"]\n    Root --> node_venv["venv"]\n    node_venv --> node_venv_lib["lib"]\n    node_venv_lib --> node_venv_lib_python3_12["python3.12"]\n    node_venv_lib_python3_12 --> node_venv_lib_python3_12_site-packages["site-packages"]\n    node_venv_lib_python3_12_site-packages --> node_venv_lib_python3_12_site-packages_PyQt6["PyQt6"]\n    node_venv_lib_python3_12_site-packages_PyQt6 --> node_venv_lib_python3_12_site-packages_PyQt6_Qt6["Qt6"]\n    node_venv_lib_python3_12_site-packages_PyQt6_Qt6 --> node_venv_lib_python3_12_site-packages_PyQt6_Qt6_qml["qml"]\n    node_venv_lib_python3_12_site-packages_PyQt6_Qt6_qml --> node_venv_lib_python3_12_site-packages_PyQt6_Qt6_qml_QtQuick["QtQuick"]\n    node_venv_lib_python3_12_site-packages_PyQt6_Qt6_qml_QtQuick --> node_venv_lib_python3_12_site-packages_PyQt6_Qt6_qml_QtQuick_Controls["Controls"]\n    node_venv_lib_python3_12_site-packages_PyQt6_Qt6_qml_QtQuick_Controls --> node_venv_lib_python3_12_site-packages_PyQt6_Qt6_qml_QtQuick_Controls_FluentWinUI3["FluentWinUI3"]\n    node_venv_lib_python3_12_site-packages_PyQt6_Qt6_qml_QtQuick_Controls_FluentWinUI3 --> node_venv_lib_python3_12_site-packages_PyQt6_Qt6_qml_QtQuick_Controls_FluentWinUI3_light["light"]\n    node_venv_lib_python3_12_site-packages_PyQt6_Qt6_qml_QtQuick_Controls_FluentWinUI3_light --> node_venv_lib_python3_12_site-packages_PyQt6_Qt6_qml_QtQuick_Controls_FluentWinUI3_light_images["images"]\n    node_venv_lib_python3_12_site-packages_PyQt6_Qt6_qml_QtQuick_Controls_FluentWinUI3_light_images --> node_venv_lib_python3_12_site-packages_PyQt6_Qt6_qml_QtQuick_Controls_FluentWinUI3_light_images_itemdelegate-background-highlighted-hovered_png["itemdelegate-background-highlighted-hovered.png"]\n    Root --> node_venv["venv"]\n    node_venv --> node_venv_lib["lib"]\n    node_venv_lib --> node_venv_lib_python3_12["python3.12"]\n    node_venv_lib_python3_12 --> node_venv_lib_python3_12_site-packages["site-packages"]\n    node_venv_lib_python3_12_site-packages --> node_venv_lib_python3_12_site-packages_PyQt6["PyQt6"]\n    node_venv_lib_python3_12_site-packages_PyQt6 --> node_venv_lib_python3_12_site-packages_PyQt6_Qt6["Qt6"]\n    node_venv_lib_python3_12_site-packages_PyQt6_Qt6 --> node_venv_lib_python3_12_site-packages_PyQt6_Qt6_qml["qml"]\n    node_venv_lib_python3_12_site-packages_PyQt6_Qt6_qml --> node_venv_lib_python3_12_site-packages_PyQt6_Qt6_qml_QtQuick["QtQuick"]\n    node_venv_lib_python3_12_site-packages_PyQt6_Qt6_qml_QtQuick --> node_venv_lib_python3_12_site-packages_PyQt6_Qt6_qml_QtQuick_Controls["Controls"]\n    node_venv_lib_python3_12_site-packages_PyQt6_Qt6_qml_QtQuick_Controls --> node_venv_lib_python3_12_site-packages_PyQt6_Qt6_qml_QtQuick_Controls_FluentWinUI3["FluentWinUI3"]\n    node_venv_lib_python3_12_site-packages_PyQt6_Qt6_qml_QtQuick_Controls_FluentWinUI3 --> node_venv_lib_python3_12_site-packages_PyQt6_Qt6_qml_QtQuick_Controls_FluentWinUI3_light["light"]\n    node_venv_lib_python3_12_site-packages_PyQt6_Qt6_qml_QtQuick_Controls_FluentWinUI3_light --> node_venv_lib_python3_12_site-packages_PyQt6_Qt6_qml_QtQuick_Controls_FluentWinUI3_light_images["images"]\n    node_venv_lib_python3_12_site-packages_PyQt6_Qt6_qml_QtQuick_Controls_FluentWinUI3_light_images --> node_venv_lib_python3_12_site-packages_PyQt6_Qt6_qml_QtQuick_Controls_FluentWinUI3_light_images_itemdelegate-background-highlighted-hovered@2x_png["itemdelegate-background-highlighted-hovered@2x.png"]\n    Root --> node_venv["venv"]\n    node_venv --> node_venv_lib["lib"]\n    node_venv_lib --> node_venv_lib_python3_12["python3.12"]\n    node_venv_lib_python3_12 --> node_venv_lib_python3_12_site-packages["site-packages"]\n    node_venv_lib_python3_12_site-packages --> node_venv_lib_python3_12_site-packages_PyQt6["PyQt6"]\n    node_venv_lib_python3_12_site-packages_PyQt6 --> node_venv_lib_python3_12_site-packages_PyQt6_Qt6["Qt6"]\n    node_venv_lib_python3_12_site-packages_PyQt6_Qt6 --> node_venv_lib_python3_12_site-packages_PyQt6_Qt6_qml["qml"]\n    node_venv_lib_python3_12_site-packages_PyQt6_Qt6_qml --> node_venv_lib_python3_12_site-packages_PyQt6_Qt6_qml_QtQuick["QtQuick"]\n    node_venv_lib_python3_12_site-packages_PyQt6_Qt6_qml_QtQuick --> node_venv_lib_python3_12_site-packages_PyQt6_Qt6_qml_QtQuick_Controls["Controls"]\n    node_venv_lib_python3_12_site-packages_PyQt6_Qt6_qml_QtQuick_Controls --> node_venv_lib_python3_12_site-packages_PyQt6_Qt6_qml_QtQuick_Controls_FluentWinUI3["FluentWinUI3"]\n    node_venv_lib_python3_12_site-packages_PyQt6_Qt6_qml_QtQuick_Controls_FluentWinUI3 --> node_venv_lib_python3_12_site-packages_PyQt6_Qt6_qml_QtQuick_Controls_FluentWinUI3_light["light"]\n    node_venv_lib_python3_12_site-packages_PyQt6_Qt6_qml_QtQuick_Controls_FluentWinUI3_light --> node_venv_lib_python3_12_site-packages_PyQt6_Qt6_qml_QtQuick_Controls_FluentWinUI3_light_images["images"]\n    node_venv_lib_python3_12_site-packages_PyQt6_Qt6_qml_QtQuick_Controls_FluentWinUI3_light_images --> node_venv_lib_python3_12_site-packages_PyQt6_Qt6_qml_QtQuick_Controls_FluentWinUI3_light_images_itemdelegate-background-highlighted-hovered@3x_png["itemdelegate-background-highlighted-hovered@3x.png"]\n    Root --> node_venv["venv"]\n    node_venv --> node_venv_lib["lib"]\n    node_venv_lib --> node_venv_lib_python3_12["python3.12"]\n    node_venv_lib_python3_12 --> node_venv_lib_python3_12_site-packages["site-packages"]\n    node_venv_lib_python3_12_site-packages --> node_venv_lib_python3_12_site-packages_PyQt6["PyQt6"]\n    node_venv_lib_python3_12_site-packages_PyQt6 --> node_venv_lib_python3_12_site-packages_PyQt6_Qt6["Qt6"]\n    node_venv_lib_python3_12_site-packages_PyQt6_Qt6 --> node_venv_lib_python3_12_site-packages_PyQt6_Qt6_qml["qml"]\n    node_venv_lib_python3_12_site-packages_PyQt6_Qt6_qml --> node_venv_lib_python3_12_site-packages_PyQt6_Qt6_qml_QtQuick["QtQuick"]\n    node_venv_lib_python3_12_site-packages_PyQt6_Qt6_qml_QtQuick --> node_venv_lib_python3_12_site-packages_PyQt6_Qt6_qml_QtQuick_Controls["Controls"]\n    node_venv_lib_python3_12_site-packages_PyQt6_Qt6_qml_QtQuick_Controls --> node_venv_lib_python3_12_site-packages_PyQt6_Qt6_qml_QtQuick_Controls_FluentWinUI3["FluentWinUI3"]\n    node_venv_lib_python3_12_site-packages_PyQt6_Qt6_qml_QtQuick_Controls_FluentWinUI3 --> node_venv_lib_python3_12_site-packages_PyQt6_Qt6_qml_QtQuick_Controls_FluentWinUI3_light["light"]\n    node_venv_lib_python3_12_site-packages_PyQt6_Qt6_qml_QtQuick_Controls_FluentWinUI3_light --> node_venv_lib_python3_12_site-packages_PyQt6_Qt6_qml_QtQuick_Controls_FluentWinUI3_light_images["images"]\n    node_venv_lib_python3_12_site-packages_PyQt6_Qt6_qml_QtQuick_Controls_FluentWinUI3_light_images --> node_venv_lib_python3_12_site-packages_PyQt6_Qt6_qml_QtQuick_Controls_FluentWinUI3_light_images_itemdelegate-background-highlighted-pressed_png["itemdelegate-background-highlighted-pressed.png"]\n    Root --> node_venv["venv"]\n    node_venv --> node_venv_lib["lib"]\n    node_venv_lib --> node_venv_lib_python3_12["python3.12"]\n    node_venv_lib_python3_12 --> node_venv_lib_python3_12_site-packages["site-packages"]\n    node_venv_lib_python3_12_site-packages --> node_venv_lib_python3_12_site-packages_PyQt6["PyQt6"]\n    node_venv_lib_python3_12_site-packages_PyQt6 --> node_venv_lib_python3_12_site-packages_PyQt6_Qt6["Qt6"]\n    node_venv_lib_python3_12_site-packages_PyQt6_Qt6 --> node_venv_lib_python3_12_site-packages_PyQt6_Qt6_qml["qml"]\n    node_venv_lib_python3_12_site-packages_PyQt6_Qt6_qml --> node_venv_lib_python3_12_site-packages_PyQt6_Qt6_qml_QtQuick["QtQuick"]\n    node_venv_lib_python3_12_site-packages_PyQt6_Qt6_qml_QtQuick --> node_venv_lib_python3_12_site-packages_PyQt6_Qt6_qml_QtQuick_Controls["Controls"]\n    node_venv_lib_python3_12_site-packages_PyQt6_Qt6_qml_QtQuick_Controls --> node_venv_lib_python3_12_site-packages_PyQt6_Qt6_qml_QtQuick_Controls_FluentWinUI3["FluentWinUI3"]\n    node_venv_lib_python3_12_site-packages_PyQt6_Qt6_qml_QtQuick_Controls_FluentWinUI3 --> node_venv_lib_python3_12_site-packages_PyQt6_Qt6_qml_QtQuick_Controls_FluentWinUI3_light["light"]\n    node_venv_lib_python3_12_site-packages_PyQt6_Qt6_qml_QtQuick_Controls_FluentWinUI3_light --> node_venv_lib_python3_12_site-packages_PyQt6_Qt6_qml_QtQuick_Controls_FluentWinUI3_light_images["images"]\n    node_venv_lib_python3_12_site-packages_PyQt6_Qt6_qml_QtQuick_Controls_FluentWinUI3_light_images --> node_venv_lib_python3_12_site-packages_PyQt6_Qt6_qml_QtQuick_Controls_FluentWinUI3_light_images_itemdelegate-background-highlighted-pressed@2x_png["itemdelegate-background-highlighted-pressed@2x.png"]\n    Root --> node_venv["venv"]\n    node_venv --> node_venv_lib["lib"]\n    node_venv_lib --> node_venv_lib_python3_12["python3.12"]\n    node_venv_lib_python3_12 --> node_venv_lib_python3_12_site-packages["site-packages"]\n    node_venv_lib_python3_12_site-packages --> node_venv_lib_python3_12_site-packages_PyQt6["PyQt6"]\n    node_venv_lib_python3_12_site-packages_PyQt6 --> node_venv_lib_python3_12_site-packages_PyQt6_Qt6["Qt6"]\n    node_venv_lib_python3_12_site-packages_PyQt6_Qt6 --> node_venv_lib_python3_12_site-packages_PyQt6_Qt6_qml["qml"]\n    node_venv_lib_python3_12_site-packages_PyQt6_Qt6_qml --> node_venv_lib_python3_12_site-packages_PyQt6_Qt6_qml_QtQuick["QtQuick"]\n    node_venv_lib_python3_12_site-packages_PyQt6_Qt6_qml_QtQuick --> node_venv_lib_python3_12_site-packages_PyQt6_Qt6_qml_QtQuick_Controls["Controls"]\n    node_venv_lib_python3_12_site-packages_PyQt6_Qt6_qml_QtQuick_Controls --> node_venv_lib_python3_12_site-packages_PyQt6_Qt6_qml_QtQuick_Controls_FluentWinUI3["FluentWinUI3"]\n    node_venv_lib_python3_12_site-packages_PyQt6_Qt6_qml_QtQuick_Controls_FluentWinUI3 --> node_venv_lib_python3_12_site-packages_PyQt6_Qt6_qml_QtQuick_Controls_FluentWinUI3_light["light"]\n    node_venv_lib_python3_12_site-packages_PyQt6_Qt6_qml_QtQuick_Controls_FluentWinUI3_light --> node_venv_lib_python3_12_site-packages_PyQt6_Qt6_qml_QtQuick_Controls_FluentWinUI3_light_images["images"]\n    node_venv_lib_python3_12_site-packages_PyQt6_Qt6_qml_QtQuick_Controls_FluentWinUI3_light_images --> node_venv_lib_python3_12_site-packages_PyQt6_Qt6_qml_QtQuick_Controls_FluentWinUI3_light_images_itemdelegate-background-highlighted-pressed@3x_png["itemdelegate-background-highlighted-pressed@3x.png"]\n    Root --> node_venv["venv"]\n    node_venv --> node_venv_lib["lib"]\n    node_venv_lib --> node_venv_lib_python3_12["python3.12"]\n    node_venv_lib_python3_12 --> node_venv_lib_python3_12_site-packages["site-packages"]\n    node_venv_lib_python3_12_site-packages --> node_venv_lib_python3_12_site-packages_PyQt6["PyQt6"]\n    node_venv_lib_python3_12_site-packages_PyQt6 --> node_venv_lib_python3_12_site-packages_PyQt6_Qt6["Qt6"]\n    node_venv_lib_python3_12_site-packages_PyQt6_Qt6 --> node_venv_lib_python3_12_site-packages_PyQt6_Qt6_qml["qml"]\n    node_venv_lib_python3_12_site-packages_PyQt6_Qt6_qml --> node_venv_lib_python3_12_site-packages_PyQt6_Qt6_qml_QtQuick["QtQuick"]\n    node_venv_lib_python3_12_site-packages_PyQt6_Qt6_qml_QtQuick --> node_venv_lib_python3_12_site-packages_PyQt6_Qt6_qml_QtQuick_Controls["Controls"]\n    node_venv_lib_python3_12_site-packages_PyQt6_Qt6_qml_QtQuick_Controls --> node_venv_lib_python3_12_site-packages_PyQt6_Qt6_qml_QtQuick_Controls_FluentWinUI3["FluentWinUI3"]\n    node_venv_lib_python3_12_site-packages_PyQt6_Qt6_qml_QtQuick_Controls_FluentWinUI3 --> node_venv_lib_python3_12_site-packages_PyQt6_Qt6_qml_QtQuick_Controls_FluentWinUI3_light["light"]\n    node_venv_lib_python3_12_site-packages_PyQt6_Qt6_qml_QtQuick_Controls_FluentWinUI3_light --> node_venv_lib_python3_12_site-packages_PyQt6_Qt6_qml_QtQuick_Controls_FluentWinUI3_light_images["images"]\n    node_venv_lib_python3_12_site-packages_PyQt6_Qt6_qml_QtQuick_Controls_FluentWinUI3_light_images --> node_venv_lib_python3_12_site-packages_PyQt6_Qt6_qml_QtQuick_Controls_FluentWinUI3_light_images_itemdelegate-background-highlighted_png["itemdelegate-background-highlighted.png"]\n    Root --> node_venv["venv"]\n    node_venv --> node_venv_lib["lib"]\n    node_venv_lib --> node_venv_lib_python3_12["python3.12"]\n    node_venv_lib_python3_12 --> node_venv_lib_python3_12_site-packages["site-packages"]\n    node_venv_lib_python3_12_site-packages --> node_venv_lib_python3_12_site-packages_PyQt6["PyQt6"]\n    node_venv_lib_python3_12_site-packages_PyQt6 --> node_venv_lib_python3_12_site-packages_PyQt6_Qt6["Qt6"]\n    node_venv_lib_python3_12_site-packages_PyQt6_Qt6 --> node_venv_lib_python3_12_site-packages_PyQt6_Qt6_qml["qml"]\n    node_venv_lib_python3_12_site-packages_PyQt6_Qt6_qml --> node_venv_lib_python3_12_site-packages_PyQt6_Qt6_qml_QtQuick["QtQuick"]\n    node_venv_lib_python3_12_site-packages_PyQt6_Qt6_qml_QtQuick --> node_venv_lib_python3_12_site-packages_PyQt6_Qt6_qml_QtQuick_Controls["Controls"]\n    node_venv_lib_python3_12_site-packages_PyQt6_Qt6_qml_QtQuick_Controls --> node_venv_lib_python3_12_site-packages_PyQt6_Qt6_qml_QtQuick_Controls_FluentWinUI3["FluentWinUI3"]\n    node_venv_lib_python3_12_site-packages_PyQt6_Qt6_qml_QtQuick_Controls_FluentWinUI3 --> node_venv_lib_python3_12_site-packages_PyQt6_Qt6_qml_QtQuick_Controls_FluentWinUI3_light["light"]\n    node_venv_lib_python3_12_site-packages_PyQt6_Qt6_qml_QtQuick_Controls_FluentWinUI3_light --> node_venv_lib_python3_12_site-packages_PyQt6_Qt6_qml_QtQuick_Controls_FluentWinUI3_light_images["images"]\n    node_venv_lib_python3_12_site-packages_PyQt6_Qt6_qml_QtQuick_Controls_FluentWinUI3_light_images --> node_venv_lib_python3_12_site-packages_PyQt6_Qt6_qml_QtQuick_Controls_FluentWinUI3_light_images_itemdelegate-background-highlighted@2x_png["itemdelegate-background-highlighted@2x.png"]\n    Root --> node_venv["venv"]\n    node_venv --> node_venv_lib["lib"]\n    node_venv_lib --> node_venv_lib_python3_12["python3.12"]\n    node_venv_lib_python3_12 --> node_venv_lib_python3_12_site-packages["site-packages"]\n    node_venv_lib_python3_12_site-packages --> node_venv_lib_python3_12_site-packages_PyQt6["PyQt6"]\n    node_venv_lib_python3_12_site-packages_PyQt6 --> node_venv_lib_python3_12_site-packages_PyQt6_Qt6["Qt6"]\n    node_venv_lib_python3_12_site-packages_PyQt6_Qt6 --> node_venv_lib_python3_12_site-packages_PyQt6_Qt6_qml["qml"]\n    node_venv_lib_python3_12_site-packages_PyQt6_Qt6_qml --> node_venv_lib_python3_12_site-packages_PyQt6_Qt6_qml_QtQuick["QtQuick"]\n    node_venv_lib_python3_12_site-packages_PyQt6_Qt6_qml_QtQuick --> node_venv_lib_python3_12_site-packages_PyQt6_Qt6_qml_QtQuick_Controls["Controls"]\n    node_venv_lib_python3_12_site-packages_PyQt6_Qt6_qml_QtQuick_Controls --> node_venv_lib_python3_12_site-packages_PyQt6_Qt6_qml_QtQuick_Controls_FluentWinUI3["FluentWinUI3"]\n    node_venv_lib_python3_12_site-packages_PyQt6_Qt6_qml_QtQuick_Controls_FluentWinUI3 --> node_venv_lib_python3_12_site-packages_PyQt6_Qt6_qml_QtQuick_Controls_FluentWinUI3_light["light"]\n    node_venv_lib_python3_12_site-packages_PyQt6_Qt6_qml_QtQuick_Controls_FluentWinUI3_light --> node_venv_lib_python3_12_site-packages_PyQt6_Qt6_qml_QtQuick_Controls_FluentWinUI3_light_images["images"]\n    node_venv_lib_python3_12_site-packages_PyQt6_Qt6_qml_QtQuick_Controls_FluentWinUI3_light_images --> node_venv_lib_python3_12_site-packages_PyQt6_Qt6_qml_QtQuick_Controls_FluentWinUI3_light_images_itemdelegate-background-highlighted@3x_png["itemdelegate-background-highlighted@3x.png"]\n    Root --> node_venv["venv"]\n    node_venv --> node_venv_lib["lib"]\n    node_venv_lib --> node_venv_lib_python3_12["python3.12"]\n    node_venv_lib_python3_12 --> node_venv_lib_python3_12_site-packages["site-packages"]\n    node_venv_lib_python3_12_site-packages --> node_venv_lib_python3_12_site-packages_PyQt6["PyQt6"]\n    node_venv_lib_python3_12_site-packages_PyQt6 --> node_venv_lib_python3_12_site-packages_PyQt6_Qt6["Qt6"]\n    node_venv_lib_python3_12_site-packages_PyQt6_Qt6 --> node_venv_lib_python3_12_site-packages_PyQt6_Qt6_qml["qml"]\n    node_venv_lib_python3_12_site-packages_PyQt6_Qt6_qml --> node_venv_lib_python3_12_site-packages_PyQt6_Qt6_qml_QtQuick["QtQuick"]\n    node_venv_lib_python3_12_site-packages_PyQt6_Qt6_qml_QtQuick --> node_venv_lib_python3_12_site-packages_PyQt6_Qt6_qml_QtQuick_Controls["Controls"]\n    node_venv_lib_python3_12_site-packages_PyQt6_Qt6_qml_QtQuick_Controls --> node_venv_lib_python3_12_site-packages_PyQt6_Qt6_qml_QtQuick_Controls_FluentWinUI3["FluentWinUI3"]\n    node_venv_lib_python3_12_site-packages_PyQt6_Qt6_qml_QtQuick_Controls_FluentWinUI3 --> node_venv_lib_python3_12_site-packages_PyQt6_Qt6_qml_QtQuick_Controls_FluentWinUI3_light["light"]\n    node_venv_lib_python3_12_site-packages_PyQt6_Qt6_qml_QtQuick_Controls_FluentWinUI3_light --> node_venv_lib_python3_12_site-packages_PyQt6_Qt6_qml_QtQuick_Controls_FluentWinUI3_light_images["images"]\n    node_venv_lib_python3_12_site-packages_PyQt6_Qt6_qml_QtQuick_Controls_FluentWinUI3_light_images --> node_venv_lib_python3_12_site-packages_PyQt6_Qt6_qml_QtQuick_Controls_FluentWinUI3_light_images_itemdelegate-background-hovered_png["itemdelegate-background-hovered.png"]\n    Root --> node_venv["venv"]\n    node_venv --> node_venv_lib["lib"]\n    node_venv_lib --> node_venv_lib_python3_12["python3.12"]\n    node_venv_lib_python3_12 --> node_venv_lib_python3_12_site-packages["site-packages"]\n    node_venv_lib_python3_12_site-packages --> node_venv_lib_python3_12_site-packages_PyQt6["PyQt6"]\n    node_venv_lib_python3_12_site-packages_PyQt6 --> node_venv_lib_python3_12_site-packages_PyQt6_Qt6["Qt6"]\n    node_venv_lib_python3_12_site-packages_PyQt6_Qt6 --> node_venv_lib_python3_12_site-packages_PyQt6_Qt6_qml["qml"]\n    node_venv_lib_python3_12_site-packages_PyQt6_Qt6_qml --> node_venv_lib_python3_12_site-packages_PyQt6_Qt6_qml_QtQuick["QtQuick"]\n    node_venv_lib_python3_12_site-packages_PyQt6_Qt6_qml_QtQuick --> node_venv_lib_python3_12_site-packages_PyQt6_Qt6_qml_QtQuick_Controls["Controls"]\n    node_venv_lib_python3_12_site-packages_PyQt6_Qt6_qml_QtQuick_Controls --> node_venv_lib_python3_12_site-packages_PyQt6_Qt6_qml_QtQuick_Controls_FluentWinUI3["FluentWinUI3"]\n    node_venv_lib_python3_12_site-packages_PyQt6_Qt6_qml_QtQuick_Controls_FluentWinUI3 --> node_venv_lib_python3_12_site-packages_PyQt6_Qt6_qml_QtQuick_Controls_FluentWinUI3_light["light"]\n    node_venv_lib_python3_12_site-packages_PyQt6_Qt6_qml_QtQuick_Controls_FluentWinUI3_light --> node_venv_lib_python3_12_site-packages_PyQt6_Qt6_qml_QtQuick_Controls_FluentWinUI3_light_images["images"]\n    node_venv_lib_python3_12_site-packages_PyQt6_Qt6_qml_QtQuick_Controls_FluentWinUI3_light_images --> node_venv_lib_python3_12_site-packages_PyQt6_Qt6_qml_QtQuick_Controls_FluentWinUI3_light_images_itemdelegate-background-hovered@2x_png["itemdelegate-background-hovered@2x.png"]\n    Root --> node_venv["venv"]\n    node_venv --> node_venv_lib["lib"]\n    node_venv_lib --> node_venv_lib_python3_12["python3.12"]\n    node_venv_lib_python3_12 --> node_venv_lib_python3_12_site-packages["site-packages"]\n    node_venv_lib_python3_12_site-packages --> node_venv_lib_python3_12_site-packages_PyQt6["PyQt6"]\n    node_venv_lib_python3_12_site-packages_PyQt6 --> node_venv_lib_python3_12_site-packages_PyQt6_Qt6["Qt6"]\n    node_venv_lib_python3_12_site-packages_PyQt6_Qt6 --> node_venv_lib_python3_12_site-packages_PyQt6_Qt6_qml["qml"]\n    node_venv_lib_python3_12_site-packages_PyQt6_Qt6_qml --> node_venv_lib_python3_12_site-packages_PyQt6_Qt6_qml_QtQuick["QtQuick"]\n    node_venv_lib_python3_12_site-packages_PyQt6_Qt6_qml_QtQuick --> node_venv_lib_python3_12_site-packages_PyQt6_Qt6_qml_QtQuick_Controls["Controls"]\n    node_venv_lib_python3_12_site-packages_PyQt6_Qt6_qml_QtQuick_Controls --> node_venv_lib_python3_12_site-packages_PyQt6_Qt6_qml_QtQuick_Controls_FluentWinUI3["FluentWinUI3"]\n    node_venv_lib_python3_12_site-packages_PyQt6_Qt6_qml_QtQuick_Controls_FluentWinUI3 --> node_venv_lib_python3_12_site-packages_PyQt6_Qt6_qml_QtQuick_Controls_FluentWinUI3_light["light"]\n    node_venv_lib_python3_12_site-packages_PyQt6_Qt6_qml_QtQuick_Controls_FluentWinUI3_light --> node_venv_lib_python3_12_site-packages_PyQt6_Qt6_qml_QtQuick_Controls_FluentWinUI3_light_images["images"]\n    node_venv_lib_python3_12_site-packages_PyQt6_Qt6_qml_QtQuick_Controls_FluentWinUI3_light_images --> node_venv_lib_python3_12_site-packages_PyQt6_Qt6_qml_QtQuick_Controls_FluentWinUI3_light_images_itemdelegate-background-hovered@3x_png["itemdelegate-background-hovered@3x.png"]\n    Root --> node_venv["venv"]\n    node_venv --> node_venv_lib["lib"]\n    node_venv_lib --> node_venv_lib_python3_12["python3.12"]\n    node_venv_lib_python3_12 --> node_venv_lib_python3_12_site-packages["site-packages"]\n    node_venv_lib_python3_12_site-packages --> node_venv_lib_python3_12_site-packages_PyQt6["PyQt6"]\n    node_venv_lib_python3_12_site-packages_PyQt6 --> node_venv_lib_python3_12_site-packages_PyQt6_Qt6["Qt6"]\n    node_venv_lib_python3_12_site-packages_PyQt6_Qt6 --> node_venv_lib_python3_12_site-packages_PyQt6_Qt6_qml["qml"]\n    node_venv_lib_python3_12_site-packages_PyQt6_Qt6_qml --> node_venv_lib_python3_12_site-packages_PyQt6_Qt6_qml_QtQuick["QtQuick"]\n    node_venv_lib_python3_12_site-packages_PyQt6_Qt6_qml_QtQuick --> node_venv_lib_python3_12_site-packages_PyQt6_Qt6_qml_QtQuick_Controls["Controls"]\n    node_venv_lib_python3_12_site-packages_PyQt6_Qt6_qml_QtQuick_Controls --> node_venv_lib_python3_12_site-packages_PyQt6_Qt6_qml_QtQuick_Controls_FluentWinUI3["FluentWinUI3"]\n    node_venv_lib_python3_12_site-packages_PyQt6_Qt6_qml_QtQuick_Controls_FluentWinUI3 --> node_venv_lib_python3_12_site-packages_PyQt6_Qt6_qml_QtQuick_Controls_FluentWinUI3_light["light"]\n    node_venv_lib_python3_12_site-packages_PyQt6_Qt6_qml_QtQuick_Controls_FluentWinUI3_light --> node_venv_lib_python3_12_site-packages_PyQt6_Qt6_qml_QtQuick_Controls_FluentWinUI3_light_images["images"]\n    node_venv_lib_python3_12_site-packages_PyQt6_Qt6_qml_QtQuick_Controls_FluentWinUI3_light_images --> node_venv_lib_python3_12_site-packages_PyQt6_Qt6_qml_QtQuick_Controls_FluentWinUI3_light_images_itemdelegate-background-pressed_png["itemdelegate-background-pressed.png"]\n    Root --> node_venv["venv"]\n    node_venv --> node_venv_lib["lib"]\n    node_venv_lib --> node_venv_lib_python3_12["python3.12"]\n    node_venv_lib_python3_12 --> node_venv_lib_python3_12_site-packages["site-packages"]\n    node_venv_lib_python3_12_site-packages --> node_venv_lib_python3_12_site-packages_PyQt6["PyQt6"]\n    node_venv_lib_python3_12_site-packages_PyQt6 --> node_venv_lib_python3_12_site-packages_PyQt6_Qt6["Qt6"]\n    node_venv_lib_python3_12_site-packages_PyQt6_Qt6 --> node_venv_lib_python3_12_site-packages_PyQt6_Qt6_qml["qml"]\n    node_venv_lib_python3_12_site-packages_PyQt6_Qt6_qml --> node_venv_lib_python3_12_site-packages_PyQt6_Qt6_qml_QtQuick["QtQuick"]\n    node_venv_lib_python3_12_site-packages_PyQt6_Qt6_qml_QtQuick --> node_venv_lib_python3_12_site-packages_PyQt6_Qt6_qml_QtQuick_Controls["Controls"]\n    node_venv_lib_python3_12_site-packages_PyQt6_Qt6_qml_QtQuick_Controls --> node_venv_lib_python3_12_site-packages_PyQt6_Qt6_qml_QtQuick_Controls_FluentWinUI3["FluentWinUI3"]\n    node_venv_lib_python3_12_site-packages_PyQt6_Qt6_qml_QtQuick_Controls_FluentWinUI3 --> node_venv_lib_python3_12_site-packages_PyQt6_Qt6_qml_QtQuick_Controls_FluentWinUI3_light["light"]\n    node_venv_lib_python3_12_site-packages_PyQt6_Qt6_qml_QtQuick_Controls_FluentWinUI3_light --> node_venv_lib_python3_12_site-packages_PyQt6_Qt6_qml_QtQuick_Controls_FluentWinUI3_light_images["images"]\n    node_venv_lib_python3_12_site-packages_PyQt6_Qt6_qml_QtQuick_Controls_FluentWinUI3_light_images --> node_venv_lib_python3_12_site-packages_PyQt6_Qt6_qml_QtQuick_Controls_FluentWinUI3_light_images_itemdelegate-background-pressed@2x_png["itemdelegate-background-pressed@2x.png"]\n    Root --> node_venv["venv"]\n    node_venv --> node_venv_lib["lib"]\n    node_venv_lib --> node_venv_lib_python3_12["python3.12"]\n    node_venv_lib_python3_12 --> node_venv_lib_python3_12_site-packages["site-packages"]\n    node_venv_lib_python3_12_site-packages --> node_venv_lib_python3_12_site-packages_PyQt6["PyQt6"]\n    node_venv_lib_python3_12_site-packages_PyQt6 --> node_venv_lib_python3_12_site-packages_PyQt6_Qt6["Qt6"]\n    node_venv_lib_python3_12_site-packages_PyQt6_Qt6 --> node_venv_lib_python3_12_site-packages_PyQt6_Qt6_qml["qml"]\n    node_venv_lib_python3_12_site-packages_PyQt6_Qt6_qml --> node_venv_lib_python3_12_site-packages_PyQt6_Qt6_qml_QtQuick["QtQuick"]\n    node_venv_lib_python3_12_site-packages_PyQt6_Qt6_qml_QtQuick --> node_venv_lib_python3_12_site-packages_PyQt6_Qt6_qml_QtQuick_Controls["Controls"]\n    node_venv_lib_python3_12_site-packages_PyQt6_Qt6_qml_QtQuick_Controls --> node_venv_lib_python3_12_site-packages_PyQt6_Qt6_qml_QtQuick_Controls_FluentWinUI3["FluentWinUI3"]\n    node_venv_lib_python3_12_site-packages_PyQt6_Qt6_qml_QtQuick_Controls_FluentWinUI3 --> node_venv_lib_python3_12_site-packages_PyQt6_Qt6_qml_QtQuick_Controls_FluentWinUI3_light["light"]\n    node_venv_lib_python3_12_site-packages_PyQt6_Qt6_qml_QtQuick_Controls_FluentWinUI3_light --> node_venv_lib_python3_12_site-packages_PyQt6_Qt6_qml_QtQuick_Controls_FluentWinUI3_light_images["images"]\n    node_venv_lib_python3_12_site-packages_PyQt6_Qt6_qml_QtQuick_Controls_FluentWinUI3_light_images --> node_venv_lib_python3_12_site-packages_PyQt6_Qt6_qml_QtQuick_Controls_FluentWinUI3_light_images_itemdelegate-background-pressed@3x_png["itemdelegate-background-pressed@3x.png"]\n    Root --> node_venv["venv"]\n    node_venv --> node_venv_lib["lib"]\n    node_venv_lib --> node_venv_lib_python3_12["python3.12"]\n    node_venv_lib_python3_12 --> node_venv_lib_python3_12_site-packages["site-packages"]\n    node_venv_lib_python3_12_site-packages --> node_venv_lib_python3_12_site-packages_PyQt6["PyQt6"]\n    node_venv_lib_python3_12_site-packages_PyQt6 --> node_venv_lib_python3_12_site-packages_PyQt6_Qt6["Qt6"]\n    node_venv_lib_python3_12_site-packages_PyQt6_Qt6 --> node_venv_lib_python3_12_site-packages_PyQt6_Qt6_qml["qml"]\n    node_venv_lib_python3_12_site-packages_PyQt6_Qt6_qml --> node_venv_lib_python3_12_site-packages_PyQt6_Qt6_qml_QtQuick["QtQuick"]\n    node_venv_lib_python3_12_site-packages_PyQt6_Qt6_qml_QtQuick --> node_venv_lib_python3_12_site-packages_PyQt6_Qt6_qml_QtQuick_Controls["Controls"]\n    node_venv_lib_python3_12_site-packages_PyQt6_Qt6_qml_QtQuick_Controls --> node_venv_lib_python3_12_site-packages_PyQt6_Qt6_qml_QtQuick_Controls_FluentWinUI3["FluentWinUI3"]\n    node_venv_lib_python3_12_site-packages_PyQt6_Qt6_qml_QtQuick_Controls_FluentWinUI3 --> node_venv_lib_python3_12_site-packages_PyQt6_Qt6_qml_QtQuick_Controls_FluentWinUI3_light["light"]\n    node_venv_lib_python3_12_site-packages_PyQt6_Qt6_qml_QtQuick_Controls_FluentWinUI3_light --> node_venv_lib_python3_12_site-packages_PyQt6_Qt6_qml_QtQuick_Controls_FluentWinUI3_light_images["images"]\n    node_venv_lib_python3_12_site-packages_PyQt6_Qt6_qml_QtQuick_Controls_FluentWinUI3_light_images --> node_venv_lib_python3_12_site-packages_PyQt6_Qt6_qml_QtQuick_Controls_FluentWinUI3_light_images_pageindicatordelegate-indicator-delegate-current-hovered_png["pageindicatordelegate-indicator-delegate-current-hovered.png"]\n    Root --> node_venv["venv"]\n    node_venv --> node_venv_lib["lib"]\n    node_venv_lib --> node_venv_lib_python3_12["python3.12"]\n    node_venv_lib_python3_12 --> node_venv_lib_python3_12_site-packages["site-packages"]\n    node_venv_lib_python3_12_site-packages --> node_venv_lib_python3_12_site-packages_PyQt6["PyQt6"]\n    node_venv_lib_python3_12_site-packages_PyQt6 --> node_venv_lib_python3_12_site-packages_PyQt6_Qt6["Qt6"]\n    node_venv_lib_python3_12_site-packages_PyQt6_Qt6 --> node_venv_lib_python3_12_site-packages_PyQt6_Qt6_qml["qml"]\n    node_venv_lib_python3_12_site-packages_PyQt6_Qt6_qml --> node_venv_lib_python3_12_site-packages_PyQt6_Qt6_qml_QtQuick["QtQuick"]\n    node_venv_lib_python3_12_site-packages_PyQt6_Qt6_qml_QtQuick --> node_venv_lib_python3_12_site-packages_PyQt6_Qt6_qml_QtQuick_Controls["Controls"]\n    node_venv_lib_python3_12_site-packages_PyQt6_Qt6_qml_QtQuick_Controls --> node_venv_lib_python3_12_site-packages_PyQt6_Qt6_qml_QtQuick_Controls_FluentWinUI3["FluentWinUI3"]\n    node_venv_lib_python3_12_site-packages_PyQt6_Qt6_qml_QtQuick_Controls_FluentWinUI3 --> node_venv_lib_python3_12_site-packages_PyQt6_Qt6_qml_QtQuick_Controls_FluentWinUI3_light["light"]\n    node_venv_lib_python3_12_site-packages_PyQt6_Qt6_qml_QtQuick_Controls_FluentWinUI3_light --> node_venv_lib_python3_12_site-packages_PyQt6_Qt6_qml_QtQuick_Controls_FluentWinUI3_light_images["images"]\n    node_venv_lib_python3_12_site-packages_PyQt6_Qt6_qml_QtQuick_Controls_FluentWinUI3_light_images --> node_venv_lib_python3_12_site-packages_PyQt6_Qt6_qml_QtQuick_Controls_FluentWinUI3_light_images_pageindicatordelegate-indicator-delegate-current-hovered@2x_png["pageindicatordelegate-indicator-delegate-current-hovered@2x.png"]\n    Root --> node_venv["venv"]\n    node_venv --> node_venv_lib["lib"]\n    node_venv_lib --> node_venv_lib_python3_12["python3.12"]\n    node_venv_lib_python3_12 --> node_venv_lib_python3_12_site-packages["site-packages"]\n    node_venv_lib_python3_12_site-packages --> node_venv_lib_python3_12_site-packages_PyQt6["PyQt6"]\n    node_venv_lib_python3_12_site-packages_PyQt6 --> node_venv_lib_python3_12_site-packages_PyQt6_Qt6["Qt6"]\n    node_venv_lib_python3_12_site-packages_PyQt6_Qt6 --> node_venv_lib_python3_12_site-packages_PyQt6_Qt6_qml["qml"]\n    node_venv_lib_python3_12_site-packages_PyQt6_Qt6_qml --> node_venv_lib_python3_12_site-packages_PyQt6_Qt6_qml_QtQuick["QtQuick"]\n    node_venv_lib_python3_12_site-packages_PyQt6_Qt6_qml_QtQuick --> node_venv_lib_python3_12_site-packages_PyQt6_Qt6_qml_QtQuick_Controls["Controls"]\n    node_venv_lib_python3_12_site-packages_PyQt6_Qt6_qml_QtQuick_Controls --> node_venv_lib_python3_12_site-packages_PyQt6_Qt6_qml_QtQuick_Controls_FluentWinUI3["FluentWinUI3"]\n    node_venv_lib_python3_12_site-packages_PyQt6_Qt6_qml_QtQuick_Controls_FluentWinUI3 --> node_venv_lib_python3_12_site-packages_PyQt6_Qt6_qml_QtQuick_Controls_FluentWinUI3_light["light"]\n    node_venv_lib_python3_12_site-packages_PyQt6_Qt6_qml_QtQuick_Controls_FluentWinUI3_light --> node_venv_lib_python3_12_site-packages_PyQt6_Qt6_qml_QtQuick_Controls_FluentWinUI3_light_images["images"]\n    node_venv_lib_python3_12_site-packages_PyQt6_Qt6_qml_QtQuick_Controls_FluentWinUI3_light_images --> node_venv_lib_python3_12_site-packages_PyQt6_Qt6_qml_QtQuick_Controls_FluentWinUI3_light_images_pageindicatordelegate-indicator-delegate-current-hovered@3x_png["pageindicatordelegate-indicator-delegate-current-hovered@3x.png"]\n    Root --> node_venv["venv"]\n    node_venv --> node_venv_lib["lib"]\n    node_venv_lib --> node_venv_lib_python3_12["python3.12"]\n    node_venv_lib_python3_12 --> node_venv_lib_python3_12_site-packages["site-packages"]\n    node_venv_lib_python3_12_site-packages --> node_venv_lib_python3_12_site-packages_PyQt6["PyQt6"]\n    node_venv_lib_python3_12_site-packages_PyQt6 --> node_venv_lib_python3_12_site-packages_PyQt6_Qt6["Qt6"]\n    node_venv_lib_python3_12_site-packages_PyQt6_Qt6 --> node_venv_lib_python3_12_site-packages_PyQt6_Qt6_qml["qml"]\n    node_venv_lib_python3_12_site-packages_PyQt6_Qt6_qml --> node_venv_lib_python3_12_site-packages_PyQt6_Qt6_qml_QtQuick["QtQuick"]\n    node_venv_lib_python3_12_site-packages_PyQt6_Qt6_qml_QtQuick --> node_venv_lib_python3_12_site-packages_PyQt6_Qt6_qml_QtQuick_Controls["Controls"]\n    node_venv_lib_python3_12_site-packages_PyQt6_Qt6_qml_QtQuick_Controls --> node_venv_lib_python3_12_site-packages_PyQt6_Qt6_qml_QtQuick_Controls_FluentWinUI3["FluentWinUI3"]\n    node_venv_lib_python3_12_site-packages_PyQt6_Qt6_qml_QtQuick_Controls_FluentWinUI3 --> node_venv_lib_python3_12_site-packages_PyQt6_Qt6_qml_QtQuick_Controls_FluentWinUI3_light["light"]\n    node_venv_lib_python3_12_site-packages_PyQt6_Qt6_qml_QtQuick_Controls_FluentWinUI3_light --> node_venv_lib_python3_12_site-packages_PyQt6_Qt6_qml_QtQuick_Controls_FluentWinUI3_light_images["images"]\n    node_venv_lib_python3_12_site-packages_PyQt6_Qt6_qml_QtQuick_Controls_FluentWinUI3_light_images --> node_venv_lib_python3_12_site-packages_PyQt6_Qt6_qml_QtQuick_Controls_FluentWinUI3_light_images_pageindicatordelegate-indicator-delegate-current-pressed_png["pageindicatordelegate-indicator-delegate-current-pressed.png"]\n    Root --> node_venv["venv"]\n    node_venv --> node_venv_lib["lib"]\n    node_venv_lib --> node_venv_lib_python3_12["python3.12"]\n    node_venv_lib_python3_12 --> node_venv_lib_python3_12_site-packages["site-packages"]\n    node_venv_lib_python3_12_site-packages --> node_venv_lib_python3_12_site-packages_PyQt6["PyQt6"]\n    node_venv_lib_python3_12_site-packages_PyQt6 --> node_venv_lib_python3_12_site-packages_PyQt6_Qt6["Qt6"]\n    node_venv_lib_python3_12_site-packages_PyQt6_Qt6 --> node_venv_lib_python3_12_site-packages_PyQt6_Qt6_qml["qml"]\n    node_venv_lib_python3_12_site-packages_PyQt6_Qt6_qml --> node_venv_lib_python3_12_site-packages_PyQt6_Qt6_qml_QtQuick["QtQuick"]\n    node_venv_lib_python3_12_site-packages_PyQt6_Qt6_qml_QtQuick --> node_venv_lib_python3_12_site-packages_PyQt6_Qt6_qml_QtQuick_Controls["Controls"]\n    node_venv_lib_python3_12_site-packages_PyQt6_Qt6_qml_QtQuick_Controls --> node_venv_lib_python3_12_site-packages_PyQt6_Qt6_qml_QtQuick_Controls_FluentWinUI3["FluentWinUI3"]\n    node_venv_lib_python3_12_site-packages_PyQt6_Qt6_qml_QtQuick_Controls_FluentWinUI3 --> node_venv_lib_python3_12_site-packages_PyQt6_Qt6_qml_QtQuick_Controls_FluentWinUI3_light["light"]\n    node_venv_lib_python3_12_site-packages_PyQt6_Qt6_qml_QtQuick_Controls_FluentWinUI3_light --> node_venv_lib_python3_12_site-packages_PyQt6_Qt6_qml_QtQuick_Controls_FluentWinUI3_light_images["images"]\n    node_venv_lib_python3_12_site-packages_PyQt6_Qt6_qml_QtQuick_Controls_FluentWinUI3_light_images --> node_venv_lib_python3_12_site-packages_PyQt6_Qt6_qml_QtQuick_Controls_FluentWinUI3_light_images_pageindicatordelegate-indicator-delegate-current-pressed@2x_png["pageindicatordelegate-indicator-delegate-current-pressed@2x.png"]\n    Root --> node_venv["venv"]\n    node_venv --> node_venv_lib["lib"]\n    node_venv_lib --> node_venv_lib_python3_12["python3.12"]\n    node_venv_lib_python3_12 --> node_venv_lib_python3_12_site-packages["site-packages"]\n    node_venv_lib_python3_12_site-packages --> node_venv_lib_python3_12_site-packages_PyQt6["PyQt6"]\n    node_venv_lib_python3_12_site-packages_PyQt6 --> node_venv_lib_python3_12_site-packages_PyQt6_Qt6["Qt6"]\n    node_venv_lib_python3_12_site-packages_PyQt6_Qt6 --> node_venv_lib_python3_12_site-packages_PyQt6_Qt6_qml["qml"]\n    node_venv_lib_python3_12_site-packages_PyQt6_Qt6_qml --> node_venv_lib_python3_12_site-packages_PyQt6_Qt6_qml_QtQuick["QtQuick"]\n    node_venv_lib_python3_12_site-packages_PyQt6_Qt6_qml_QtQuick --> node_venv_lib_python3_12_site-packages_PyQt6_Qt6_qml_QtQuick_Controls["Controls"]\n    node_venv_lib_python3_12_site-packages_PyQt6_Qt6_qml_QtQuick_Controls --> node_venv_lib_python3_12_site-packages_PyQt6_Qt6_qml_QtQuick_Controls_FluentWinUI3["FluentWinUI3"]\n    node_venv_lib_python3_12_site-packages_PyQt6_Qt6_qml_QtQuick_Controls_FluentWinUI3 --> node_venv_lib_python3_12_site-packages_PyQt6_Qt6_qml_QtQuick_Controls_FluentWinUI3_light["light"]\n    node_venv_lib_python3_12_site-packages_PyQt6_Qt6_qml_QtQuick_Controls_FluentWinUI3_light --> node_venv_lib_python3_12_site-packages_PyQt6_Qt6_qml_QtQuick_Controls_FluentWinUI3_light_images["images"]\n    node_venv_lib_python3_12_site-packages_PyQt6_Qt6_qml_QtQuick_Controls_FluentWinUI3_light_images --> node_venv_lib_python3_12_site-packages_PyQt6_Qt6_qml_QtQuick_Controls_FluentWinUI3_light_images_pageindicatordelegate-indicator-delegate-current-pressed@3x_png["pageindicatordelegate-indicator-delegate-current-pressed@3x.png"]\n    Root --> node_venv["venv"]\n    node_venv --> node_venv_lib["lib"]\n    node_venv_lib --> node_venv_lib_python3_12["python3.12"]\n    node_venv_lib_python3_12 --> node_venv_lib_python3_12_site-packages["site-packages"]\n    node_venv_lib_python3_12_site-packages --> node_venv_lib_python3_12_site-packages_PyQt6["PyQt6"]\n    node_venv_lib_python3_12_site-packages_PyQt6 --> node_venv_lib_python3_12_site-packages_PyQt6_Qt6["Qt6"]\n    node_venv_lib_python3_12_site-packages_PyQt6_Qt6 --> node_venv_lib_python3_12_site-packages_PyQt6_Qt6_qml["qml"]\n    node_venv_lib_python3_12_site-packages_PyQt6_Qt6_qml --> node_venv_lib_python3_12_site-packages_PyQt6_Qt6_qml_QtQuick["QtQuick"]\n    node_venv_lib_python3_12_site-packages_PyQt6_Qt6_qml_QtQuick --> node_venv_lib_python3_12_site-packages_PyQt6_Qt6_qml_QtQuick_Controls["Controls"]\n    node_venv_lib_python3_12_site-packages_PyQt6_Qt6_qml_QtQuick_Controls --> node_venv_lib_python3_12_site-packages_PyQt6_Qt6_qml_QtQuick_Controls_FluentWinUI3["FluentWinUI3"]\n    node_venv_lib_python3_12_site-packages_PyQt6_Qt6_qml_QtQuick_Controls_FluentWinUI3 --> node_venv_lib_python3_12_site-packages_PyQt6_Qt6_qml_QtQuick_Controls_FluentWinUI3_light["light"]\n    node_venv_lib_python3_12_site-packages_PyQt6_Qt6_qml_QtQuick_Controls_FluentWinUI3_light --> node_venv_lib_python3_12_site-packages_PyQt6_Qt6_qml_QtQuick_Controls_FluentWinUI3_light_images["images"]\n    node_venv_lib_python3_12_site-packages_PyQt6_Qt6_qml_QtQuick_Controls_FluentWinUI3_light_images --> node_venv_lib_python3_12_site-packages_PyQt6_Qt6_qml_QtQuick_Controls_FluentWinUI3_light_images_pageindicatordelegate-indicator-delegate-current_png["pageindicatordelegate-indicator-delegate-current.png"]\n    Root --> node_venv["venv"]\n    node_venv --> node_venv_lib["lib"]\n    node_venv_lib --> node_venv_lib_python3_12["python3.12"]\n    node_venv_lib_python3_12 --> node_venv_lib_python3_12_site-packages["site-packages"]\n    node_venv_lib_python3_12_site-packages --> node_venv_lib_python3_12_site-packages_PyQt6["PyQt6"]\n    node_venv_lib_python3_12_site-packages_PyQt6 --> node_venv_lib_python3_12_site-packages_PyQt6_Qt6["Qt6"]\n    node_venv_lib_python3_12_site-packages_PyQt6_Qt6 --> node_venv_lib_python3_12_site-packages_PyQt6_Qt6_qml["qml"]\n    node_venv_lib_python3_12_site-packages_PyQt6_Qt6_qml --> node_venv_lib_python3_12_site-packages_PyQt6_Qt6_qml_QtQuick["QtQuick"]\n    node_venv_lib_python3_12_site-packages_PyQt6_Qt6_qml_QtQuick --> node_venv_lib_python3_12_site-packages_PyQt6_Qt6_qml_QtQuick_Controls["Controls"]\n    node_venv_lib_python3_12_site-packages_PyQt6_Qt6_qml_QtQuick_Controls --> node_venv_lib_python3_12_site-packages_PyQt6_Qt6_qml_QtQuick_Controls_FluentWinUI3["FluentWinUI3"]\n    node_venv_lib_python3_12_site-packages_PyQt6_Qt6_qml_QtQuick_Controls_FluentWinUI3 --> node_venv_lib_python3_12_site-packages_PyQt6_Qt6_qml_QtQuick_Controls_FluentWinUI3_light["light"]\n    node_venv_lib_python3_12_site-packages_PyQt6_Qt6_qml_QtQuick_Controls_FluentWinUI3_light --> node_venv_lib_python3_12_site-packages_PyQt6_Qt6_qml_QtQuick_Controls_FluentWinUI3_light_images["images"]\n    node_venv_lib_python3_12_site-packages_PyQt6_Qt6_qml_QtQuick_Controls_FluentWinUI3_light_images --> node_venv_lib_python3_12_site-packages_PyQt6_Qt6_qml_QtQuick_Controls_FluentWinUI3_light_images_pageindicatordelegate-indicator-delegate-current@2x_png["pageindicatordelegate-indicator-delegate-current@2x.png"]\n    Root --> node_venv["venv"]\n    node_venv --> node_venv_lib["lib"]\n    node_venv_lib --> node_venv_lib_python3_12["python3.12"]\n    node_venv_lib_python3_12 --> node_venv_lib_python3_12_site-packages["site-packages"]\n    node_venv_lib_python3_12_site-packages --> node_venv_lib_python3_12_site-packages_PyQt6["PyQt6"]\n    node_venv_lib_python3_12_site-packages_PyQt6 --> node_venv_lib_python3_12_site-packages_PyQt6_Qt6["Qt6"]\n    node_venv_lib_python3_12_site-packages_PyQt6_Qt6 --> node_venv_lib_python3_12_site-packages_PyQt6_Qt6_qml["qml"]\n    node_venv_lib_python3_12_site-packages_PyQt6_Qt6_qml --> node_venv_lib_python3_12_site-packages_PyQt6_Qt6_qml_QtQuick["QtQuick"]\n    node_venv_lib_python3_12_site-packages_PyQt6_Qt6_qml_QtQuick --> node_venv_lib_python3_12_site-packages_PyQt6_Qt6_qml_QtQuick_Controls["Controls"]\n    node_venv_lib_python3_12_site-packages_PyQt6_Qt6_qml_QtQuick_Controls --> node_venv_lib_python3_12_site-packages_PyQt6_Qt6_qml_QtQuick_Controls_FluentWinUI3["FluentWinUI3"]\n    node_venv_lib_python3_12_site-packages_PyQt6_Qt6_qml_QtQuick_Controls_FluentWinUI3 --> node_venv_lib_python3_12_site-packages_PyQt6_Qt6_qml_QtQuick_Controls_FluentWinUI3_light["light"]\n    node_venv_lib_python3_12_site-packages_PyQt6_Qt6_qml_QtQuick_Controls_FluentWinUI3_light --> node_venv_lib_python3_12_site-packages_PyQt6_Qt6_qml_QtQuick_Controls_FluentWinUI3_light_images["images"]\n    node_venv_lib_python3_12_site-packages_PyQt6_Qt6_qml_QtQuick_Controls_FluentWinUI3_light_images --> node_venv_lib_python3_12_site-packages_PyQt6_Qt6_qml_QtQuick_Controls_FluentWinUI3_light_images_pageindicatordelegate-indicator-delegate-current@3x_png["pageindicatordelegate-indicator-delegate-current@3x.png"]\n    Root --> node_venv["venv"]\n    node_venv --> node_venv_lib["lib"]\n    node_venv_lib --> node_venv_lib_python3_12["python3.12"]\n    node_venv_lib_python3_12 --> node_venv_lib_python3_12_site-packages["site-packages"]\n    node_venv_lib_python3_12_site-packages --> node_venv_lib_python3_12_site-packages_PyQt6["PyQt6"]\n    node_venv_lib_python3_12_site-packages_PyQt6 --> node_venv_lib_python3_12_site-packages_PyQt6_Qt6["Qt6"]\n    node_venv_lib_python3_12_site-packages_PyQt6_Qt6 --> node_venv_lib_python3_12_site-packages_PyQt6_Qt6_qml["qml"]\n    node_venv_lib_python3_12_site-packages_PyQt6_Qt6_qml --> node_venv_lib_python3_12_site-packages_PyQt6_Qt6_qml_QtQuick["QtQuick"]\n    node_venv_lib_python3_12_site-packages_PyQt6_Qt6_qml_QtQuick --> node_venv_lib_python3_12_site-packages_PyQt6_Qt6_qml_QtQuick_Controls["Controls"]\n    node_venv_lib_python3_12_site-packages_PyQt6_Qt6_qml_QtQuick_Controls --> node_venv_lib_python3_12_site-packages_PyQt6_Qt6_qml_QtQuick_Controls_FluentWinUI3["FluentWinUI3"]\n    node_venv_lib_python3_12_site-packages_PyQt6_Qt6_qml_QtQuick_Controls_FluentWinUI3 --> node_venv_lib_python3_12_site-packages_PyQt6_Qt6_qml_QtQuick_Controls_FluentWinUI3_light["light"]\n    node_venv_lib_python3_12_site-packages_PyQt6_Qt6_qml_QtQuick_Controls_FluentWinUI3_light --> node_venv_lib_python3_12_site-packages_PyQt6_Qt6_qml_QtQuick_Controls_FluentWinUI3_light_images["images"]\n    node_venv_lib_python3_12_site-packages_PyQt6_Qt6_qml_QtQuick_Controls_FluentWinUI3_light_images --> node_venv_lib_python3_12_site-packages_PyQt6_Qt6_qml_QtQuick_Controls_FluentWinUI3_light_images_pageindicatordelegate-indicator-delegate-pressed_png["pageindicatordelegate-indicator-delegate-pressed.png"]\n    Root --> node_venv["venv"]\n    node_venv --> node_venv_lib["lib"]\n    node_venv_lib --> node_venv_lib_python3_12["python3.12"]\n    node_venv_lib_python3_12 --> node_venv_lib_python3_12_site-packages["site-packages"]\n    node_venv_lib_python3_12_site-packages --> node_venv_lib_python3_12_site-packages_PyQt6["PyQt6"]\n    node_venv_lib_python3_12_site-packages_PyQt6 --> node_venv_lib_python3_12_site-packages_PyQt6_Qt6["Qt6"]\n    node_venv_lib_python3_12_site-packages_PyQt6_Qt6 --> node_venv_lib_python3_12_site-packages_PyQt6_Qt6_qml["qml"]\n    node_venv_lib_python3_12_site-packages_PyQt6_Qt6_qml --> node_venv_lib_python3_12_site-packages_PyQt6_Qt6_qml_QtQuick["QtQuick"]\n    node_venv_lib_python3_12_site-packages_PyQt6_Qt6_qml_QtQuick --> node_venv_lib_python3_12_site-packages_PyQt6_Qt6_qml_QtQuick_Controls["Controls"]\n    node_venv_lib_python3_12_site-packages_PyQt6_Qt6_qml_QtQuick_Controls --> node_venv_lib_python3_12_site-packages_PyQt6_Qt6_qml_QtQuick_Controls_FluentWinUI3["FluentWinUI3"]\n    node_venv_lib_python3_12_site-packages_PyQt6_Qt6_qml_QtQuick_Controls_FluentWinUI3 --> node_venv_lib_python3_12_site-packages_PyQt6_Qt6_qml_QtQuick_Controls_FluentWinUI3_light["light"]\n    node_venv_lib_python3_12_site-packages_PyQt6_Qt6_qml_QtQuick_Controls_FluentWinUI3_light --> node_venv_lib_python3_12_site-packages_PyQt6_Qt6_qml_QtQuick_Controls_FluentWinUI3_light_images["images"]\n    node_venv_lib_python3_12_site-packages_PyQt6_Qt6_qml_QtQuick_Controls_FluentWinUI3_light_images --> node_venv_lib_python3_12_site-packages_PyQt6_Qt6_qml_QtQuick_Controls_FluentWinUI3_light_images_pageindicatordelegate-indicator-delegate-pressed@2x_png["pageindicatordelegate-indicator-delegate-pressed@2x.png"]\n    Root --> node_venv["venv"]\n    node_venv --> node_venv_lib["lib"]\n    node_venv_lib --> node_venv_lib_python3_12["python3.12"]\n    node_venv_lib_python3_12 --> node_venv_lib_python3_12_site-packages["site-packages"]\n    node_venv_lib_python3_12_site-packages --> node_venv_lib_python3_12_site-packages_PyQt6["PyQt6"]\n    node_venv_lib_python3_12_site-packages_PyQt6 --> node_venv_lib_python3_12_site-packages_PyQt6_Qt6["Qt6"]\n    node_venv_lib_python3_12_site-packages_PyQt6_Qt6 --> node_venv_lib_python3_12_site-packages_PyQt6_Qt6_qml["qml"]\n    node_venv_lib_python3_12_site-packages_PyQt6_Qt6_qml --> node_venv_lib_python3_12_site-packages_PyQt6_Qt6_qml_QtQuick["QtQuick"]\n    node_venv_lib_python3_12_site-packages_PyQt6_Qt6_qml_QtQuick --> node_venv_lib_python3_12_site-packages_PyQt6_Qt6_qml_QtQuick_Controls["Controls"]\n    node_venv_lib_python3_12_site-packages_PyQt6_Qt6_qml_QtQuick_Controls --> node_venv_lib_python3_12_site-packages_PyQt6_Qt6_qml_QtQuick_Controls_FluentWinUI3["FluentWinUI3"]\n    node_venv_lib_python3_12_site-packages_PyQt6_Qt6_qml_QtQuick_Controls_FluentWinUI3 --> node_venv_lib_python3_12_site-packages_PyQt6_Qt6_qml_QtQuick_Controls_FluentWinUI3_light["light"]\n    node_venv_lib_python3_12_site-packages_PyQt6_Qt6_qml_QtQuick_Controls_FluentWinUI3_light --> node_venv_lib_python3_12_site-packages_PyQt6_Qt6_qml_QtQuick_Controls_FluentWinUI3_light_images["images"]\n    node_venv_lib_python3_12_site-packages_PyQt6_Qt6_qml_QtQuick_Controls_FluentWinUI3_light_images --> node_venv_lib_python3_12_site-packages_PyQt6_Qt6_qml_QtQuick_Controls_FluentWinUI3_light_images_pageindicatordelegate-indicator-delegate-pressed@3x_png["pageindicatordelegate-indicator-delegate-pressed@3x.png"]\n    Root --> node_venv["venv"]\n    node_venv --> node_venv_lib["lib"]\n    node_venv_lib --> node_venv_lib_python3_12["python3.12"]\n    node_venv_lib_python3_12 --> node_venv_lib_python3_12_site-packages["site-packages"]\n    node_venv_lib_python3_12_site-packages --> node_venv_lib_python3_12_site-packages_PyQt6["PyQt6"]\n    node_venv_lib_python3_12_site-packages_PyQt6 --> node_venv_lib_python3_12_site-packages_PyQt6_Qt6["Qt6"]\n    node_venv_lib_python3_12_site-packages_PyQt6_Qt6 --> node_venv_lib_python3_12_site-packages_PyQt6_Qt6_qml["qml"]\n    node_venv_lib_python3_12_site-packages_PyQt6_Qt6_qml --> node_venv_lib_python3_12_site-packages_PyQt6_Qt6_qml_QtQuick["QtQuick"]\n    node_venv_lib_python3_12_site-packages_PyQt6_Qt6_qml_QtQuick --> node_venv_lib_python3_12_site-packages_PyQt6_Qt6_qml_QtQuick_Controls["Controls"]\n    node_venv_lib_python3_12_site-packages_PyQt6_Qt6_qml_QtQuick_Controls --> node_venv_lib_python3_12_site-packages_PyQt6_Qt6_qml_QtQuick_Controls_FluentWinUI3["FluentWinUI3"]\n    node_venv_lib_python3_12_site-packages_PyQt6_Qt6_qml_QtQuick_Controls_FluentWinUI3 --> node_venv_lib_python3_12_site-packages_PyQt6_Qt6_qml_QtQuick_Controls_FluentWinUI3_light["light"]\n    node_venv_lib_python3_12_site-packages_PyQt6_Qt6_qml_QtQuick_Controls_FluentWinUI3_light --> node_venv_lib_python3_12_site-packages_PyQt6_Qt6_qml_QtQuick_Controls_FluentWinUI3_light_images["images"]\n    node_venv_lib_python3_12_site-packages_PyQt6_Qt6_qml_QtQuick_Controls_FluentWinUI3_light_images --> node_venv_lib_python3_12_site-packages_PyQt6_Qt6_qml_QtQuick_Controls_FluentWinUI3_light_images_pageindicatordelegate-indicator-disabled_png["pageindicatordelegate-indicator-disabled.png"]\n    Root --> node_venv["venv"]\n    node_venv --> node_venv_lib["lib"]\n    node_venv_lib --> node_venv_lib_python3_12["python3.12"]\n    node_venv_lib_python3_12 --> node_venv_lib_python3_12_site-packages["site-packages"]\n    node_venv_lib_python3_12_site-packages --> node_venv_lib_python3_12_site-packages_PyQt6["PyQt6"]\n    node_venv_lib_python3_12_site-packages_PyQt6 --> node_venv_lib_python3_12_site-packages_PyQt6_Qt6["Qt6"]\n    node_venv_lib_python3_12_site-packages_PyQt6_Qt6 --> node_venv_lib_python3_12_site-packages_PyQt6_Qt6_qml["qml"]\n    node_venv_lib_python3_12_site-packages_PyQt6_Qt6_qml --> node_venv_lib_python3_12_site-packages_PyQt6_Qt6_qml_QtQuick["QtQuick"]\n    node_venv_lib_python3_12_site-packages_PyQt6_Qt6_qml_QtQuick --> node_venv_lib_python3_12_site-packages_PyQt6_Qt6_qml_QtQuick_Controls["Controls"]\n    node_venv_lib_python3_12_site-packages_PyQt6_Qt6_qml_QtQuick_Controls --> node_venv_lib_python3_12_site-packages_PyQt6_Qt6_qml_QtQuick_Controls_FluentWinUI3["FluentWinUI3"]\n    node_venv_lib_python3_12_site-packages_PyQt6_Qt6_qml_QtQuick_Controls_FluentWinUI3 --> node_venv_lib_python3_12_site-packages_PyQt6_Qt6_qml_QtQuick_Controls_FluentWinUI3_light["light"]\n    node_venv_lib_python3_12_site-packages_PyQt6_Qt6_qml_QtQuick_Controls_FluentWinUI3_light --> node_venv_lib_python3_12_site-packages_PyQt6_Qt6_qml_QtQuick_Controls_FluentWinUI3_light_images["images"]\n    node_venv_lib_python3_12_site-packages_PyQt6_Qt6_qml_QtQuick_Controls_FluentWinUI3_light_images --> node_venv_lib_python3_12_site-packages_PyQt6_Qt6_qml_QtQuick_Controls_FluentWinUI3_light_images_pageindicatordelegate-indicator-disabled@2x_png["pageindicatordelegate-indicator-disabled@2x.png"]\n    Root --> node_venv["venv"]\n    node_venv --> node_venv_lib["lib"]\n    node_venv_lib --> node_venv_lib_python3_12["python3.12"]\n    node_venv_lib_python3_12 --> node_venv_lib_python3_12_site-packages["site-packages"]\n    node_venv_lib_python3_12_site-packages --> node_venv_lib_python3_12_site-packages_PyQt6["PyQt6"]\n    node_venv_lib_python3_12_site-packages_PyQt6 --> node_venv_lib_python3_12_site-packages_PyQt6_Qt6["Qt6"]\n    node_venv_lib_python3_12_site-packages_PyQt6_Qt6 --> node_venv_lib_python3_12_site-packages_PyQt6_Qt6_qml["qml"]\n    node_venv_lib_python3_12_site-packages_PyQt6_Qt6_qml --> node_venv_lib_python3_12_site-packages_PyQt6_Qt6_qml_QtQuick["QtQuick"]\n    node_venv_lib_python3_12_site-packages_PyQt6_Qt6_qml_QtQuick --> node_venv_lib_python3_12_site-packages_PyQt6_Qt6_qml_QtQuick_Controls["Controls"]\n    node_venv_lib_python3_12_site-packages_PyQt6_Qt6_qml_QtQuick_Controls --> node_venv_lib_python3_12_site-packages_PyQt6_Qt6_qml_QtQuick_Controls_FluentWinUI3["FluentWinUI3"]\n    node_venv_lib_python3_12_site-packages_PyQt6_Qt6_qml_QtQuick_Controls_FluentWinUI3 --> node_venv_lib_python3_12_site-packages_PyQt6_Qt6_qml_QtQuick_Controls_FluentWinUI3_light["light"]\n    node_venv_lib_python3_12_site-packages_PyQt6_Qt6_qml_QtQuick_Controls_FluentWinUI3_light --> node_venv_lib_python3_12_site-packages_PyQt6_Qt6_qml_QtQuick_Controls_FluentWinUI3_light_images["images"]\n    node_venv_lib_python3_12_site-packages_PyQt6_Qt6_qml_QtQuick_Controls_FluentWinUI3_light_images --> node_venv_lib_python3_12_site-packages_PyQt6_Qt6_qml_QtQuick_Controls_FluentWinUI3_light_images_pageindicatordelegate-indicator-disabled@3x_png["pageindicatordelegate-indicator-disabled@3x.png"]\n    Root --> node_venv["venv"]\n    node_venv --> node_venv_lib["lib"]\n    node_venv_lib --> node_venv_lib_python3_12["python3.12"]\n    node_venv_lib_python3_12 --> node_venv_lib_python3_12_site-packages["site-packages"]\n    node_venv_lib_python3_12_site-packages --> node_venv_lib_python3_12_site-packages_PyQt6["PyQt6"]\n    node_venv_lib_python3_12_site-packages_PyQt6 --> node_venv_lib_python3_12_site-packages_PyQt6_Qt6["Qt6"]\n    node_venv_lib_python3_12_site-packages_PyQt6_Qt6 --> node_venv_lib_python3_12_site-packages_PyQt6_Qt6_qml["qml"]\n    node_venv_lib_python3_12_site-packages_PyQt6_Qt6_qml --> node_venv_lib_python3_12_site-packages_PyQt6_Qt6_qml_QtQuick["QtQuick"]\n    node_venv_lib_python3_12_site-packages_PyQt6_Qt6_qml_QtQuick --> node_venv_lib_python3_12_site-packages_PyQt6_Qt6_qml_QtQuick_Controls["Controls"]\n    node_venv_lib_python3_12_site-packages_PyQt6_Qt6_qml_QtQuick_Controls --> node_venv_lib_python3_12_site-packages_PyQt6_Qt6_qml_QtQuick_Controls_FluentWinUI3["FluentWinUI3"]\n    node_venv_lib_python3_12_site-packages_PyQt6_Qt6_qml_QtQuick_Controls_FluentWinUI3 --> node_venv_lib_python3_12_site-packages_PyQt6_Qt6_qml_QtQuick_Controls_FluentWinUI3_light["light"]\n    node_venv_lib_python3_12_site-packages_PyQt6_Qt6_qml_QtQuick_Controls_FluentWinUI3_light --> node_venv_lib_python3_12_site-packages_PyQt6_Qt6_qml_QtQuick_Controls_FluentWinUI3_light_images["images"]\n    node_venv_lib_python3_12_site-packages_PyQt6_Qt6_qml_QtQuick_Controls_FluentWinUI3_light_images --> node_venv_lib_python3_12_site-packages_PyQt6_Qt6_qml_QtQuick_Controls_FluentWinUI3_light_images_pageindicatordelegate-indicator-hovered_png["pageindicatordelegate-indicator-hovered.png"]\n    Root --> node_venv["venv"]\n    node_venv --> node_venv_lib["lib"]\n    node_venv_lib --> node_venv_lib_python3_12["python3.12"]\n    node_venv_lib_python3_12 --> node_venv_lib_python3_12_site-packages["site-packages"]\n    node_venv_lib_python3_12_site-packages --> node_venv_lib_python3_12_site-packages_PyQt6["PyQt6"]\n    node_venv_lib_python3_12_site-packages_PyQt6 --> node_venv_lib_python3_12_site-packages_PyQt6_Qt6["Qt6"]\n    node_venv_lib_python3_12_site-packages_PyQt6_Qt6 --> node_venv_lib_python3_12_site-packages_PyQt6_Qt6_qml["qml"]\n    node_venv_lib_python3_12_site-packages_PyQt6_Qt6_qml --> node_venv_lib_python3_12_site-packages_PyQt6_Qt6_qml_QtQuick["QtQuick"]\n    node_venv_lib_python3_12_site-packages_PyQt6_Qt6_qml_QtQuick --> node_venv_lib_python3_12_site-packages_PyQt6_Qt6_qml_QtQuick_Controls["Controls"]\n    node_venv_lib_python3_12_site-packages_PyQt6_Qt6_qml_QtQuick_Controls --> node_venv_lib_python3_12_site-packages_PyQt6_Qt6_qml_QtQuick_Controls_FluentWinUI3["FluentWinUI3"]\n    node_venv_lib_python3_12_site-packages_PyQt6_Qt6_qml_QtQuick_Controls_FluentWinUI3 --> node_venv_lib_python3_12_site-packages_PyQt6_Qt6_qml_QtQuick_Controls_FluentWinUI3_light["light"]\n    node_venv_lib_python3_12_site-packages_PyQt6_Qt6_qml_QtQuick_Controls_FluentWinUI3_light --> node_venv_lib_python3_12_site-packages_PyQt6_Qt6_qml_QtQuick_Controls_FluentWinUI3_light_images["images"]\n    node_venv_lib_python3_12_site-packages_PyQt6_Qt6_qml_QtQuick_Controls_FluentWinUI3_light_images --> node_venv_lib_python3_12_site-packages_PyQt6_Qt6_qml_QtQuick_Controls_FluentWinUI3_light_images_pageindicatordelegate-indicator-hovered@2x_png["pageindicatordelegate-indicator-hovered@2x.png"]\n    Root --> node_venv["venv"]\n    node_venv --> node_venv_lib["lib"]\n    node_venv_lib --> node_venv_lib_python3_12["python3.12"]\n    node_venv_lib_python3_12 --> node_venv_lib_python3_12_site-packages["site-packages"]\n    node_venv_lib_python3_12_site-packages --> node_venv_lib_python3_12_site-packages_PyQt6["PyQt6"]\n    node_venv_lib_python3_12_site-packages_PyQt6 --> node_venv_lib_python3_12_site-packages_PyQt6_Qt6["Qt6"]\n    node_venv_lib_python3_12_site-packages_PyQt6_Qt6 --> node_venv_lib_python3_12_site-packages_PyQt6_Qt6_qml["qml"]\n    node_venv_lib_python3_12_site-packages_PyQt6_Qt6_qml --> node_venv_lib_python3_12_site-packages_PyQt6_Qt6_qml_QtQuick["QtQuick"]\n    node_venv_lib_python3_12_site-packages_PyQt6_Qt6_qml_QtQuick --> node_venv_lib_python3_12_site-packages_PyQt6_Qt6_qml_QtQuick_Controls["Controls"]\n    node_venv_lib_python3_12_site-packages_PyQt6_Qt6_qml_QtQuick_Controls --> node_venv_lib_python3_12_site-packages_PyQt6_Qt6_qml_QtQuick_Controls_FluentWinUI3["FluentWinUI3"]\n    node_venv_lib_python3_12_site-packages_PyQt6_Qt6_qml_QtQuick_Controls_FluentWinUI3 --> node_venv_lib_python3_12_site-packages_PyQt6_Qt6_qml_QtQuick_Controls_FluentWinUI3_light["light"]\n    node_venv_lib_python3_12_site-packages_PyQt6_Qt6_qml_QtQuick_Controls_FluentWinUI3_light --> node_venv_lib_python3_12_site-packages_PyQt6_Qt6_qml_QtQuick_Controls_FluentWinUI3_light_images["images"]\n    node_venv_lib_python3_12_site-packages_PyQt6_Qt6_qml_QtQuick_Controls_FluentWinUI3_light_images --> node_venv_lib_python3_12_site-packages_PyQt6_Qt6_qml_QtQuick_Controls_FluentWinUI3_light_images_pageindicatordelegate-indicator-hovered@3x_png["pageindicatordelegate-indicator-hovered@3x.png"]\n    Root --> node_venv["venv"]\n    node_venv --> node_venv_lib["lib"]\n    node_venv_lib --> node_venv_lib_python3_12["python3.12"]\n    node_venv_lib_python3_12 --> node_venv_lib_python3_12_site-packages["site-packages"]\n    node_venv_lib_python3_12_site-packages --> node_venv_lib_python3_12_site-packages_PyQt6["PyQt6"]\n    node_venv_lib_python3_12_site-packages_PyQt6 --> node_venv_lib_python3_12_site-packages_PyQt6_Qt6["Qt6"]\n    node_venv_lib_python3_12_site-packages_PyQt6_Qt6 --> node_venv_lib_python3_12_site-packages_PyQt6_Qt6_qml["qml"]\n    node_venv_lib_python3_12_site-packages_PyQt6_Qt6_qml --> node_venv_lib_python3_12_site-packages_PyQt6_Qt6_qml_QtQuick["QtQuick"]\n    node_venv_lib_python3_12_site-packages_PyQt6_Qt6_qml_QtQuick --> node_venv_lib_python3_12_site-packages_PyQt6_Qt6_qml_QtQuick_Controls["Controls"]\n    node_venv_lib_python3_12_site-packages_PyQt6_Qt6_qml_QtQuick_Controls --> node_venv_lib_python3_12_site-packages_PyQt6_Qt6_qml_QtQuick_Controls_FluentWinUI3["FluentWinUI3"]\n    node_venv_lib_python3_12_site-packages_PyQt6_Qt6_qml_QtQuick_Controls_FluentWinUI3 --> node_venv_lib_python3_12_site-packages_PyQt6_Qt6_qml_QtQuick_Controls_FluentWinUI3_light["light"]\n    node_venv_lib_python3_12_site-packages_PyQt6_Qt6_qml_QtQuick_Controls_FluentWinUI3_light --> node_venv_lib_python3_12_site-packages_PyQt6_Qt6_qml_QtQuick_Controls_FluentWinUI3_light_images["images"]\n    node_venv_lib_python3_12_site-packages_PyQt6_Qt6_qml_QtQuick_Controls_FluentWinUI3_light_images --> node_venv_lib_python3_12_site-packages_PyQt6_Qt6_qml_QtQuick_Controls_FluentWinUI3_light_images_pageindicatordelegate-indicator_png["pageindicatordelegate-indicator.png"]\n    Root --> node_venv["venv"]\n    node_venv --> node_venv_lib["lib"]\n    node_venv_lib --> node_venv_lib_python3_12["python3.12"]\n    node_venv_lib_python3_12 --> node_venv_lib_python3_12_site-packages["site-packages"]\n    node_venv_lib_python3_12_site-packages --> node_venv_lib_python3_12_site-packages_PyQt6["PyQt6"]\n    node_venv_lib_python3_12_site-packages_PyQt6 --> node_venv_lib_python3_12_site-packages_PyQt6_Qt6["Qt6"]\n    node_venv_lib_python3_12_site-packages_PyQt6_Qt6 --> node_venv_lib_python3_12_site-packages_PyQt6_Qt6_qml["qml"]\n    node_venv_lib_python3_12_site-packages_PyQt6_Qt6_qml --> node_venv_lib_python3_12_site-packages_PyQt6_Qt6_qml_QtQuick["QtQuick"]\n    node_venv_lib_python3_12_site-packages_PyQt6_Qt6_qml_QtQuick --> node_venv_lib_python3_12_site-packages_PyQt6_Qt6_qml_QtQuick_Controls["Controls"]\n    node_venv_lib_python3_12_site-packages_PyQt6_Qt6_qml_QtQuick_Controls --> node_venv_lib_python3_12_site-packages_PyQt6_Qt6_qml_QtQuick_Controls_FluentWinUI3["FluentWinUI3"]\n    node_venv_lib_python3_12_site-packages_PyQt6_Qt6_qml_QtQuick_Controls_FluentWinUI3 --> node_venv_lib_python3_12_site-packages_PyQt6_Qt6_qml_QtQuick_Controls_FluentWinUI3_light["light"]\n    node_venv_lib_python3_12_site-packages_PyQt6_Qt6_qml_QtQuick_Controls_FluentWinUI3_light --> node_venv_lib_python3_12_site-packages_PyQt6_Qt6_qml_QtQuick_Controls_FluentWinUI3_light_images["images"]\n    node_venv_lib_python3_12_site-packages_PyQt6_Qt6_qml_QtQuick_Controls_FluentWinUI3_light_images --> node_venv_lib_python3_12_site-packages_PyQt6_Qt6_qml_QtQuick_Controls_FluentWinUI3_light_images_pageindicatordelegate-indicator@2x_png["pageindicatordelegate-indicator@2x.png"]\n    Root --> node_venv["venv"]\n    node_venv --> node_venv_lib["lib"]\n    node_venv_lib --> node_venv_lib_python3_12["python3.12"]\n    node_venv_lib_python3_12 --> node_venv_lib_python3_12_site-packages["site-packages"]\n    node_venv_lib_python3_12_site-packages --> node_venv_lib_python3_12_site-packages_PyQt6["PyQt6"]\n    node_venv_lib_python3_12_site-packages_PyQt6 --> node_venv_lib_python3_12_site-packages_PyQt6_Qt6["Qt6"]\n    node_venv_lib_python3_12_site-packages_PyQt6_Qt6 --> node_venv_lib_python3_12_site-packages_PyQt6_Qt6_qml["qml"]\n    node_venv_lib_python3_12_site-packages_PyQt6_Qt6_qml --> node_venv_lib_python3_12_site-packages_PyQt6_Qt6_qml_QtQuick["QtQuick"]\n    node_venv_lib_python3_12_site-packages_PyQt6_Qt6_qml_QtQuick --> node_venv_lib_python3_12_site-packages_PyQt6_Qt6_qml_QtQuick_Controls["Controls"]\n    node_venv_lib_python3_12_site-packages_PyQt6_Qt6_qml_QtQuick_Controls --> node_venv_lib_python3_12_site-packages_PyQt6_Qt6_qml_QtQuick_Controls_FluentWinUI3["FluentWinUI3"]\n    node_venv_lib_python3_12_site-packages_PyQt6_Qt6_qml_QtQuick_Controls_FluentWinUI3 --> node_venv_lib_python3_12_site-packages_PyQt6_Qt6_qml_QtQuick_Controls_FluentWinUI3_light["light"]\n    node_venv_lib_python3_12_site-packages_PyQt6_Qt6_qml_QtQuick_Controls_FluentWinUI3_light --> node_venv_lib_python3_12_site-packages_PyQt6_Qt6_qml_QtQuick_Controls_FluentWinUI3_light_images["images"]\n    node_venv_lib_python3_12_site-packages_PyQt6_Qt6_qml_QtQuick_Controls_FluentWinUI3_light_images --> node_venv_lib_python3_12_site-packages_PyQt6_Qt6_qml_QtQuick_Controls_FluentWinUI3_light_images_pageindicatordelegate-indicator@3x_png["pageindicatordelegate-indicator@3x.png"]\n    Root --> node_venv["venv"]\n    node_venv --> node_venv_lib["lib"]\n    node_venv_lib --> node_venv_lib_python3_12["python3.12"]\n    node_venv_lib_python3_12 --> node_venv_lib_python3_12_site-packages["site-packages"]\n    node_venv_lib_python3_12_site-packages --> node_venv_lib_python3_12_site-packages_PyQt6["PyQt6"]\n    node_venv_lib_python3_12_site-packages_PyQt6 --> node_venv_lib_python3_12_site-packages_PyQt6_Qt6["Qt6"]\n    node_venv_lib_python3_12_site-packages_PyQt6_Qt6 --> node_venv_lib_python3_12_site-packages_PyQt6_Qt6_qml["qml"]\n    node_venv_lib_python3_12_site-packages_PyQt6_Qt6_qml --> node_venv_lib_python3_12_site-packages_PyQt6_Qt6_qml_QtQuick["QtQuick"]\n    node_venv_lib_python3_12_site-packages_PyQt6_Qt6_qml_QtQuick --> node_venv_lib_python3_12_site-packages_PyQt6_Qt6_qml_QtQuick_Controls["Controls"]\n    node_venv_lib_python3_12_site-packages_PyQt6_Qt6_qml_QtQuick_Controls --> node_venv_lib_python3_12_site-packages_PyQt6_Qt6_qml_QtQuick_Controls_FluentWinUI3["FluentWinUI3"]\n    node_venv_lib_python3_12_site-packages_PyQt6_Qt6_qml_QtQuick_Controls_FluentWinUI3 --> node_venv_lib_python3_12_site-packages_PyQt6_Qt6_qml_QtQuick_Controls_FluentWinUI3_light["light"]\n    node_venv_lib_python3_12_site-packages_PyQt6_Qt6_qml_QtQuick_Controls_FluentWinUI3_light --> node_venv_lib_python3_12_site-packages_PyQt6_Qt6_qml_QtQuick_Controls_FluentWinUI3_light_images["images"]\n    node_venv_lib_python3_12_site-packages_PyQt6_Qt6_qml_QtQuick_Controls_FluentWinUI3_light_images --> node_venv_lib_python3_12_site-packages_PyQt6_Qt6_qml_QtQuick_Controls_FluentWinUI3_light_images_popup-background_png["popup-background.png"]\n    Root --> node_venv["venv"]\n    node_venv --> node_venv_lib["lib"]\n    node_venv_lib --> node_venv_lib_python3_12["python3.12"]\n    node_venv_lib_python3_12 --> node_venv_lib_python3_12_site-packages["site-packages"]\n    node_venv_lib_python3_12_site-packages --> node_venv_lib_python3_12_site-packages_PyQt6["PyQt6"]\n    node_venv_lib_python3_12_site-packages_PyQt6 --> node_venv_lib_python3_12_site-packages_PyQt6_Qt6["Qt6"]\n    node_venv_lib_python3_12_site-packages_PyQt6_Qt6 --> node_venv_lib_python3_12_site-packages_PyQt6_Qt6_qml["qml"]\n    node_venv_lib_python3_12_site-packages_PyQt6_Qt6_qml --> node_venv_lib_python3_12_site-packages_PyQt6_Qt6_qml_QtQuick["QtQuick"]\n    node_venv_lib_python3_12_site-packages_PyQt6_Qt6_qml_QtQuick --> node_venv_lib_python3_12_site-packages_PyQt6_Qt6_qml_QtQuick_Controls["Controls"]\n    node_venv_lib_python3_12_site-packages_PyQt6_Qt6_qml_QtQuick_Controls --> node_venv_lib_python3_12_site-packages_PyQt6_Qt6_qml_QtQuick_Controls_FluentWinUI3["FluentWinUI3"]\n    node_venv_lib_python3_12_site-packages_PyQt6_Qt6_qml_QtQuick_Controls_FluentWinUI3 --> node_venv_lib_python3_12_site-packages_PyQt6_Qt6_qml_QtQuick_Controls_FluentWinUI3_light["light"]\n    node_venv_lib_python3_12_site-packages_PyQt6_Qt6_qml_QtQuick_Controls_FluentWinUI3_light --> node_venv_lib_python3_12_site-packages_PyQt6_Qt6_qml_QtQuick_Controls_FluentWinUI3_light_images["images"]\n    node_venv_lib_python3_12_site-packages_PyQt6_Qt6_qml_QtQuick_Controls_FluentWinUI3_light_images --> node_venv_lib_python3_12_site-packages_PyQt6_Qt6_qml_QtQuick_Controls_FluentWinUI3_light_images_popup-background@2x_png["popup-background@2x.png"]\n    Root --> node_venv["venv"]\n    node_venv --> node_venv_lib["lib"]\n    node_venv_lib --> node_venv_lib_python3_12["python3.12"]\n    node_venv_lib_python3_12 --> node_venv_lib_python3_12_site-packages["site-packages"]\n    node_venv_lib_python3_12_site-packages --> node_venv_lib_python3_12_site-packages_PyQt6["PyQt6"]\n    node_venv_lib_python3_12_site-packages_PyQt6 --> node_venv_lib_python3_12_site-packages_PyQt6_Qt6["Qt6"]\n    node_venv_lib_python3_12_site-packages_PyQt6_Qt6 --> node_venv_lib_python3_12_site-packages_PyQt6_Qt6_qml["qml"]\n    node_venv_lib_python3_12_site-packages_PyQt6_Qt6_qml --> node_venv_lib_python3_12_site-packages_PyQt6_Qt6_qml_QtQuick["QtQuick"]\n    node_venv_lib_python3_12_site-packages_PyQt6_Qt6_qml_QtQuick --> node_venv_lib_python3_12_site-packages_PyQt6_Qt6_qml_QtQuick_Controls["Controls"]\n    node_venv_lib_python3_12_site-packages_PyQt6_Qt6_qml_QtQuick_Controls --> node_venv_lib_python3_12_site-packages_PyQt6_Qt6_qml_QtQuick_Controls_FluentWinUI3["FluentWinUI3"]\n    node_venv_lib_python3_12_site-packages_PyQt6_Qt6_qml_QtQuick_Controls_FluentWinUI3 --> node_venv_lib_python3_12_site-packages_PyQt6_Qt6_qml_QtQuick_Controls_FluentWinUI3_light["light"]\n    node_venv_lib_python3_12_site-packages_PyQt6_Qt6_qml_QtQuick_Controls_FluentWinUI3_light --> node_venv_lib_python3_12_site-packages_PyQt6_Qt6_qml_QtQuick_Controls_FluentWinUI3_light_images["images"]\n    node_venv_lib_python3_12_site-packages_PyQt6_Qt6_qml_QtQuick_Controls_FluentWinUI3_light_images --> node_venv_lib_python3_12_site-packages_PyQt6_Qt6_qml_QtQuick_Controls_FluentWinUI3_light_images_popup-background@3x_png["popup-background@3x.png"]\n    Root --> node_venv["venv"]\n    node_venv --> node_venv_lib["lib"]\n    node_venv_lib --> node_venv_lib_python3_12["python3.12"]\n    node_venv_lib_python3_12 --> node_venv_lib_python3_12_site-packages["site-packages"]\n    node_venv_lib_python3_12_site-packages --> node_venv_lib_python3_12_site-packages_PyQt6["PyQt6"]\n    node_venv_lib_python3_12_site-packages_PyQt6 --> node_venv_lib_python3_12_site-packages_PyQt6_Qt6["Qt6"]\n    node_venv_lib_python3_12_site-packages_PyQt6_Qt6 --> node_venv_lib_python3_12_site-packages_PyQt6_Qt6_qml["qml"]\n    node_venv_lib_python3_12_site-packages_PyQt6_Qt6_qml --> node_venv_lib_python3_12_site-packages_PyQt6_Qt6_qml_QtQuick["QtQuick"]\n    node_venv_lib_python3_12_site-packages_PyQt6_Qt6_qml_QtQuick --> node_venv_lib_python3_12_site-packages_PyQt6_Qt6_qml_QtQuick_Controls["Controls"]\n    node_venv_lib_python3_12_site-packages_PyQt6_Qt6_qml_QtQuick_Controls --> node_venv_lib_python3_12_site-packages_PyQt6_Qt6_qml_QtQuick_Controls_FluentWinUI3["FluentWinUI3"]\n    node_venv_lib_python3_12_site-packages_PyQt6_Qt6_qml_QtQuick_Controls_FluentWinUI3 --> node_venv_lib_python3_12_site-packages_PyQt6_Qt6_qml_QtQuick_Controls_FluentWinUI3_light["light"]\n    node_venv_lib_python3_12_site-packages_PyQt6_Qt6_qml_QtQuick_Controls_FluentWinUI3_light --> node_venv_lib_python3_12_site-packages_PyQt6_Qt6_qml_QtQuick_Controls_FluentWinUI3_light_images["images"]\n    node_venv_lib_python3_12_site-packages_PyQt6_Qt6_qml_QtQuick_Controls_FluentWinUI3_light_images --> node_venv_lib_python3_12_site-packages_PyQt6_Qt6_qml_QtQuick_Controls_FluentWinUI3_light_images_progressbar-groove-disabled_png["progressbar-groove-disabled.png"]\n    Root --> node_venv["venv"]\n    node_venv --> node_venv_lib["lib"]\n    node_venv_lib --> node_venv_lib_python3_12["python3.12"]\n    node_venv_lib_python3_12 --> node_venv_lib_python3_12_site-packages["site-packages"]\n    node_venv_lib_python3_12_site-packages --> node_venv_lib_python3_12_site-packages_PyQt6["PyQt6"]\n    node_venv_lib_python3_12_site-packages_PyQt6 --> node_venv_lib_python3_12_site-packages_PyQt6_Qt6["Qt6"]\n    node_venv_lib_python3_12_site-packages_PyQt6_Qt6 --> node_venv_lib_python3_12_site-packages_PyQt6_Qt6_qml["qml"]\n    node_venv_lib_python3_12_site-packages_PyQt6_Qt6_qml --> node_venv_lib_python3_12_site-packages_PyQt6_Qt6_qml_QtQuick["QtQuick"]\n    node_venv_lib_python3_12_site-packages_PyQt6_Qt6_qml_QtQuick --> node_venv_lib_python3_12_site-packages_PyQt6_Qt6_qml_QtQuick_Controls["Controls"]\n    node_venv_lib_python3_12_site-packages_PyQt6_Qt6_qml_QtQuick_Controls --> node_venv_lib_python3_12_site-packages_PyQt6_Qt6_qml_QtQuick_Controls_FluentWinUI3["FluentWinUI3"]\n    node_venv_lib_python3_12_site-packages_PyQt6_Qt6_qml_QtQuick_Controls_FluentWinUI3 --> node_venv_lib_python3_12_site-packages_PyQt6_Qt6_qml_QtQuick_Controls_FluentWinUI3_light["light"]\n    node_venv_lib_python3_12_site-packages_PyQt6_Qt6_qml_QtQuick_Controls_FluentWinUI3_light --> node_venv_lib_python3_12_site-packages_PyQt6_Qt6_qml_QtQuick_Controls_FluentWinUI3_light_images["images"]\n    node_venv_lib_python3_12_site-packages_PyQt6_Qt6_qml_QtQuick_Controls_FluentWinUI3_light_images --> node_venv_lib_python3_12_site-packages_PyQt6_Qt6_qml_QtQuick_Controls_FluentWinUI3_light_images_progressbar-groove-disabled@2x_png["progressbar-groove-disabled@2x.png"]\n    Root --> node_venv["venv"]\n    node_venv --> node_venv_lib["lib"]\n    node_venv_lib --> node_venv_lib_python3_12["python3.12"]\n    node_venv_lib_python3_12 --> node_venv_lib_python3_12_site-packages["site-packages"]\n    node_venv_lib_python3_12_site-packages --> node_venv_lib_python3_12_site-packages_PyQt6["PyQt6"]\n    node_venv_lib_python3_12_site-packages_PyQt6 --> node_venv_lib_python3_12_site-packages_PyQt6_Qt6["Qt6"]\n    node_venv_lib_python3_12_site-packages_PyQt6_Qt6 --> node_venv_lib_python3_12_site-packages_PyQt6_Qt6_qml["qml"]\n    node_venv_lib_python3_12_site-packages_PyQt6_Qt6_qml --> node_venv_lib_python3_12_site-packages_PyQt6_Qt6_qml_QtQuick["QtQuick"]\n    node_venv_lib_python3_12_site-packages_PyQt6_Qt6_qml_QtQuick --> node_venv_lib_python3_12_site-packages_PyQt6_Qt6_qml_QtQuick_Controls["Controls"]\n    node_venv_lib_python3_12_site-packages_PyQt6_Qt6_qml_QtQuick_Controls --> node_venv_lib_python3_12_site-packages_PyQt6_Qt6_qml_QtQuick_Controls_FluentWinUI3["FluentWinUI3"]\n    node_venv_lib_python3_12_site-packages_PyQt6_Qt6_qml_QtQuick_Controls_FluentWinUI3 --> node_venv_lib_python3_12_site-packages_PyQt6_Qt6_qml_QtQuick_Controls_FluentWinUI3_light["light"]\n    node_venv_lib_python3_12_site-packages_PyQt6_Qt6_qml_QtQuick_Controls_FluentWinUI3_light --> node_venv_lib_python3_12_site-packages_PyQt6_Qt6_qml_QtQuick_Controls_FluentWinUI3_light_images["images"]\n    node_venv_lib_python3_12_site-packages_PyQt6_Qt6_qml_QtQuick_Controls_FluentWinUI3_light_images --> node_venv_lib_python3_12_site-packages_PyQt6_Qt6_qml_QtQuick_Controls_FluentWinUI3_light_images_progressbar-groove-disabled@3x_png["progressbar-groove-disabled@3x.png"]\n    Root --> node_venv["venv"]\n    node_venv --> node_venv_lib["lib"]\n    node_venv_lib --> node_venv_lib_python3_12["python3.12"]\n    node_venv_lib_python3_12 --> node_venv_lib_python3_12_site-packages["site-packages"]\n    node_venv_lib_python3_12_site-packages --> node_venv_lib_python3_12_site-packages_PyQt6["PyQt6"]\n    node_venv_lib_python3_12_site-packages_PyQt6 --> node_venv_lib_python3_12_site-packages_PyQt6_Qt6["Qt6"]\n    node_venv_lib_python3_12_site-packages_PyQt6_Qt6 --> node_venv_lib_python3_12_site-packages_PyQt6_Qt6_qml["qml"]\n    node_venv_lib_python3_12_site-packages_PyQt6_Qt6_qml --> node_venv_lib_python3_12_site-packages_PyQt6_Qt6_qml_QtQuick["QtQuick"]\n    node_venv_lib_python3_12_site-packages_PyQt6_Qt6_qml_QtQuick --> node_venv_lib_python3_12_site-packages_PyQt6_Qt6_qml_QtQuick_Controls["Controls"]\n    node_venv_lib_python3_12_site-packages_PyQt6_Qt6_qml_QtQuick_Controls --> node_venv_lib_python3_12_site-packages_PyQt6_Qt6_qml_QtQuick_Controls_FluentWinUI3["FluentWinUI3"]\n    node_venv_lib_python3_12_site-packages_PyQt6_Qt6_qml_QtQuick_Controls_FluentWinUI3 --> node_venv_lib_python3_12_site-packages_PyQt6_Qt6_qml_QtQuick_Controls_FluentWinUI3_light["light"]\n    node_venv_lib_python3_12_site-packages_PyQt6_Qt6_qml_QtQuick_Controls_FluentWinUI3_light --> node_venv_lib_python3_12_site-packages_PyQt6_Qt6_qml_QtQuick_Controls_FluentWinUI3_light_images["images"]\n    node_venv_lib_python3_12_site-packages_PyQt6_Qt6_qml_QtQuick_Controls_FluentWinUI3_light_images --> node_venv_lib_python3_12_site-packages_PyQt6_Qt6_qml_QtQuick_Controls_FluentWinUI3_light_images_progressbar-groove_png["progressbar-groove.png"]\n    Root --> node_venv["venv"]\n    node_venv --> node_venv_lib["lib"]\n    node_venv_lib --> node_venv_lib_python3_12["python3.12"]\n    node_venv_lib_python3_12 --> node_venv_lib_python3_12_site-packages["site-packages"]\n    node_venv_lib_python3_12_site-packages --> node_venv_lib_python3_12_site-packages_PyQt6["PyQt6"]\n    node_venv_lib_python3_12_site-packages_PyQt6 --> node_venv_lib_python3_12_site-packages_PyQt6_Qt6["Qt6"]\n    node_venv_lib_python3_12_site-packages_PyQt6_Qt6 --> node_venv_lib_python3_12_site-packages_PyQt6_Qt6_qml["qml"]\n    node_venv_lib_python3_12_site-packages_PyQt6_Qt6_qml --> node_venv_lib_python3_12_site-packages_PyQt6_Qt6_qml_QtQuick["QtQuick"]\n    node_venv_lib_python3_12_site-packages_PyQt6_Qt6_qml_QtQuick --> node_venv_lib_python3_12_site-packages_PyQt6_Qt6_qml_QtQuick_Controls["Controls"]\n    node_venv_lib_python3_12_site-packages_PyQt6_Qt6_qml_QtQuick_Controls --> node_venv_lib_python3_12_site-packages_PyQt6_Qt6_qml_QtQuick_Controls_FluentWinUI3["FluentWinUI3"]\n    node_venv_lib_python3_12_site-packages_PyQt6_Qt6_qml_QtQuick_Controls_FluentWinUI3 --> node_venv_lib_python3_12_site-packages_PyQt6_Qt6_qml_QtQuick_Controls_FluentWinUI3_light["light"]\n    node_venv_lib_python3_12_site-packages_PyQt6_Qt6_qml_QtQuick_Controls_FluentWinUI3_light --> node_venv_lib_python3_12_site-packages_PyQt6_Qt6_qml_QtQuick_Controls_FluentWinUI3_light_images["images"]\n    node_venv_lib_python3_12_site-packages_PyQt6_Qt6_qml_QtQuick_Controls_FluentWinUI3_light_images --> node_venv_lib_python3_12_site-packages_PyQt6_Qt6_qml_QtQuick_Controls_FluentWinUI3_light_images_progressbar-groove@2x_png["progressbar-groove@2x.png"]\n    Root --> node_venv["venv"]\n    node_venv --> node_venv_lib["lib"]\n    node_venv_lib --> node_venv_lib_python3_12["python3.12"]\n    node_venv_lib_python3_12 --> node_venv_lib_python3_12_site-packages["site-packages"]\n    node_venv_lib_python3_12_site-packages --> node_venv_lib_python3_12_site-packages_PyQt6["PyQt6"]\n    node_venv_lib_python3_12_site-packages_PyQt6 --> node_venv_lib_python3_12_site-packages_PyQt6_Qt6["Qt6"]\n    node_venv_lib_python3_12_site-packages_PyQt6_Qt6 --> node_venv_lib_python3_12_site-packages_PyQt6_Qt6_qml["qml"]\n    node_venv_lib_python3_12_site-packages_PyQt6_Qt6_qml --> node_venv_lib_python3_12_site-packages_PyQt6_Qt6_qml_QtQuick["QtQuick"]\n    node_venv_lib_python3_12_site-packages_PyQt6_Qt6_qml_QtQuick --> node_venv_lib_python3_12_site-packages_PyQt6_Qt6_qml_QtQuick_Controls["Controls"]\n    node_venv_lib_python3_12_site-packages_PyQt6_Qt6_qml_QtQuick_Controls --> node_venv_lib_python3_12_site-packages_PyQt6_Qt6_qml_QtQuick_Controls_FluentWinUI3["FluentWinUI3"]\n    node_venv_lib_python3_12_site-packages_PyQt6_Qt6_qml_QtQuick_Controls_FluentWinUI3 --> node_venv_lib_python3_12_site-packages_PyQt6_Qt6_qml_QtQuick_Controls_FluentWinUI3_light["light"]\n    node_venv_lib_python3_12_site-packages_PyQt6_Qt6_qml_QtQuick_Controls_FluentWinUI3_light --> node_venv_lib_python3_12_site-packages_PyQt6_Qt6_qml_QtQuick_Controls_FluentWinUI3_light_images["images"]\n    node_venv_lib_python3_12_site-packages_PyQt6_Qt6_qml_QtQuick_Controls_FluentWinUI3_light_images --> node_venv_lib_python3_12_site-packages_PyQt6_Qt6_qml_QtQuick_Controls_FluentWinUI3_light_images_progressbar-groove@3x_png["progressbar-groove@3x.png"]\n    Root --> node_venv["venv"]\n    node_venv --> node_venv_lib["lib"]\n    node_venv_lib --> node_venv_lib_python3_12["python3.12"]\n    node_venv_lib_python3_12 --> node_venv_lib_python3_12_site-packages["site-packages"]\n    node_venv_lib_python3_12_site-packages --> node_venv_lib_python3_12_site-packages_PyQt6["PyQt6"]\n    node_venv_lib_python3_12_site-packages_PyQt6 --> node_venv_lib_python3_12_site-packages_PyQt6_Qt6["Qt6"]\n    node_venv_lib_python3_12_site-packages_PyQt6_Qt6 --> node_venv_lib_python3_12_site-packages_PyQt6_Qt6_qml["qml"]\n    node_venv_lib_python3_12_site-packages_PyQt6_Qt6_qml --> node_venv_lib_python3_12_site-packages_PyQt6_Qt6_qml_QtQuick["QtQuick"]\n    node_venv_lib_python3_12_site-packages_PyQt6_Qt6_qml_QtQuick --> node_venv_lib_python3_12_site-packages_PyQt6_Qt6_qml_QtQuick_Controls["Controls"]\n    node_venv_lib_python3_12_site-packages_PyQt6_Qt6_qml_QtQuick_Controls --> node_venv_lib_python3_12_site-packages_PyQt6_Qt6_qml_QtQuick_Controls_FluentWinUI3["FluentWinUI3"]\n    node_venv_lib_python3_12_site-packages_PyQt6_Qt6_qml_QtQuick_Controls_FluentWinUI3 --> node_venv_lib_python3_12_site-packages_PyQt6_Qt6_qml_QtQuick_Controls_FluentWinUI3_light["light"]\n    node_venv_lib_python3_12_site-packages_PyQt6_Qt6_qml_QtQuick_Controls_FluentWinUI3_light --> node_venv_lib_python3_12_site-packages_PyQt6_Qt6_qml_QtQuick_Controls_FluentWinUI3_light_images["images"]\n    node_venv_lib_python3_12_site-packages_PyQt6_Qt6_qml_QtQuick_Controls_FluentWinUI3_light_images --> node_venv_lib_python3_12_site-packages_PyQt6_Qt6_qml_QtQuick_Controls_FluentWinUI3_light_images_radiobutton-indicator-checked-disabled_png["radiobutton-indicator-checked-disabled.png"]\n    Root --> node_venv["venv"]\n    node_venv --> node_venv_lib["lib"]\n    node_venv_lib --> node_venv_lib_python3_12["python3.12"]\n    node_venv_lib_python3_12 --> node_venv_lib_python3_12_site-packages["site-packages"]\n    node_venv_lib_python3_12_site-packages --> node_venv_lib_python3_12_site-packages_PyQt6["PyQt6"]\n    node_venv_lib_python3_12_site-packages_PyQt6 --> node_venv_lib_python3_12_site-packages_PyQt6_Qt6["Qt6"]\n    node_venv_lib_python3_12_site-packages_PyQt6_Qt6 --> node_venv_lib_python3_12_site-packages_PyQt6_Qt6_qml["qml"]\n    node_venv_lib_python3_12_site-packages_PyQt6_Qt6_qml --> node_venv_lib_python3_12_site-packages_PyQt6_Qt6_qml_QtQuick["QtQuick"]\n    node_venv_lib_python3_12_site-packages_PyQt6_Qt6_qml_QtQuick --> node_venv_lib_python3_12_site-packages_PyQt6_Qt6_qml_QtQuick_Controls["Controls"]\n    node_venv_lib_python3_12_site-packages_PyQt6_Qt6_qml_QtQuick_Controls --> node_venv_lib_python3_12_site-packages_PyQt6_Qt6_qml_QtQuick_Controls_FluentWinUI3["FluentWinUI3"]\n    node_venv_lib_python3_12_site-packages_PyQt6_Qt6_qml_QtQuick_Controls_FluentWinUI3 --> node_venv_lib_python3_12_site-packages_PyQt6_Qt6_qml_QtQuick_Controls_FluentWinUI3_light["light"]\n    node_venv_lib_python3_12_site-packages_PyQt6_Qt6_qml_QtQuick_Controls_FluentWinUI3_light --> node_venv_lib_python3_12_site-packages_PyQt6_Qt6_qml_QtQuick_Controls_FluentWinUI3_light_images["images"]\n    node_venv_lib_python3_12_site-packages_PyQt6_Qt6_qml_QtQuick_Controls_FluentWinUI3_light_images --> node_venv_lib_python3_12_site-packages_PyQt6_Qt6_qml_QtQuick_Controls_FluentWinUI3_light_images_radiobutton-indicator-checked-disabled@2x_png["radiobutton-indicator-checked-disabled@2x.png"]\n    Root --> node_venv["venv"]\n    node_venv --> node_venv_lib["lib"]\n    node_venv_lib --> node_venv_lib_python3_12["python3.12"]\n    node_venv_lib_python3_12 --> node_venv_lib_python3_12_site-packages["site-packages"]\n    node_venv_lib_python3_12_site-packages --> node_venv_lib_python3_12_site-packages_PyQt6["PyQt6"]\n    node_venv_lib_python3_12_site-packages_PyQt6 --> node_venv_lib_python3_12_site-packages_PyQt6_Qt6["Qt6"]\n    node_venv_lib_python3_12_site-packages_PyQt6_Qt6 --> node_venv_lib_python3_12_site-packages_PyQt6_Qt6_qml["qml"]\n    node_venv_lib_python3_12_site-packages_PyQt6_Qt6_qml --> node_venv_lib_python3_12_site-packages_PyQt6_Qt6_qml_QtQuick["QtQuick"]\n    node_venv_lib_python3_12_site-packages_PyQt6_Qt6_qml_QtQuick --> node_venv_lib_python3_12_site-packages_PyQt6_Qt6_qml_QtQuick_Controls["Controls"]\n    node_venv_lib_python3_12_site-packages_PyQt6_Qt6_qml_QtQuick_Controls --> node_venv_lib_python3_12_site-packages_PyQt6_Qt6_qml_QtQuick_Controls_FluentWinUI3["FluentWinUI3"]\n    node_venv_lib_python3_12_site-packages_PyQt6_Qt6_qml_QtQuick_Controls_FluentWinUI3 --> node_venv_lib_python3_12_site-packages_PyQt6_Qt6_qml_QtQuick_Controls_FluentWinUI3_light["light"]\n    node_venv_lib_python3_12_site-packages_PyQt6_Qt6_qml_QtQuick_Controls_FluentWinUI3_light --> node_venv_lib_python3_12_site-packages_PyQt6_Qt6_qml_QtQuick_Controls_FluentWinUI3_light_images["images"]\n    node_venv_lib_python3_12_site-packages_PyQt6_Qt6_qml_QtQuick_Controls_FluentWinUI3_light_images --> node_venv_lib_python3_12_site-packages_PyQt6_Qt6_qml_QtQuick_Controls_FluentWinUI3_light_images_radiobutton-indicator-checked-disabled@3x_png["radiobutton-indicator-checked-disabled@3x.png"]\n    Root --> node_venv["venv"]\n    node_venv --> node_venv_lib["lib"]\n    node_venv_lib --> node_venv_lib_python3_12["python3.12"]\n    node_venv_lib_python3_12 --> node_venv_lib_python3_12_site-packages["site-packages"]\n    node_venv_lib_python3_12_site-packages --> node_venv_lib_python3_12_site-packages_PyQt6["PyQt6"]\n    node_venv_lib_python3_12_site-packages_PyQt6 --> node_venv_lib_python3_12_site-packages_PyQt6_Qt6["Qt6"]\n    node_venv_lib_python3_12_site-packages_PyQt6_Qt6 --> node_venv_lib_python3_12_site-packages_PyQt6_Qt6_qml["qml"]\n    node_venv_lib_python3_12_site-packages_PyQt6_Qt6_qml --> node_venv_lib_python3_12_site-packages_PyQt6_Qt6_qml_QtQuick["QtQuick"]\n    node_venv_lib_python3_12_site-packages_PyQt6_Qt6_qml_QtQuick --> node_venv_lib_python3_12_site-packages_PyQt6_Qt6_qml_QtQuick_Controls["Controls"]\n    node_venv_lib_python3_12_site-packages_PyQt6_Qt6_qml_QtQuick_Controls --> node_venv_lib_python3_12_site-packages_PyQt6_Qt6_qml_QtQuick_Controls_FluentWinUI3["FluentWinUI3"]\n    node_venv_lib_python3_12_site-packages_PyQt6_Qt6_qml_QtQuick_Controls_FluentWinUI3 --> node_venv_lib_python3_12_site-packages_PyQt6_Qt6_qml_QtQuick_Controls_FluentWinUI3_light["light"]\n    node_venv_lib_python3_12_site-packages_PyQt6_Qt6_qml_QtQuick_Controls_FluentWinUI3_light --> node_venv_lib_python3_12_site-packages_PyQt6_Qt6_qml_QtQuick_Controls_FluentWinUI3_light_images["images"]\n    node_venv_lib_python3_12_site-packages_PyQt6_Qt6_qml_QtQuick_Controls_FluentWinUI3_light_images --> node_venv_lib_python3_12_site-packages_PyQt6_Qt6_qml_QtQuick_Controls_FluentWinUI3_light_images_radiobutton-indicator-checked-hovered_png["radiobutton-indicator-checked-hovered.png"]\n    Root --> node_venv["venv"]\n    node_venv --> node_venv_lib["lib"]\n    node_venv_lib --> node_venv_lib_python3_12["python3.12"]\n    node_venv_lib_python3_12 --> node_venv_lib_python3_12_site-packages["site-packages"]\n    node_venv_lib_python3_12_site-packages --> node_venv_lib_python3_12_site-packages_PyQt6["PyQt6"]\n    node_venv_lib_python3_12_site-packages_PyQt6 --> node_venv_lib_python3_12_site-packages_PyQt6_Qt6["Qt6"]\n    node_venv_lib_python3_12_site-packages_PyQt6_Qt6 --> node_venv_lib_python3_12_site-packages_PyQt6_Qt6_qml["qml"]\n    node_venv_lib_python3_12_site-packages_PyQt6_Qt6_qml --> node_venv_lib_python3_12_site-packages_PyQt6_Qt6_qml_QtQuick["QtQuick"]\n    node_venv_lib_python3_12_site-packages_PyQt6_Qt6_qml_QtQuick --> node_venv_lib_python3_12_site-packages_PyQt6_Qt6_qml_QtQuick_Controls["Controls"]\n    node_venv_lib_python3_12_site-packages_PyQt6_Qt6_qml_QtQuick_Controls --> node_venv_lib_python3_12_site-packages_PyQt6_Qt6_qml_QtQuick_Controls_FluentWinUI3["FluentWinUI3"]\n    node_venv_lib_python3_12_site-packages_PyQt6_Qt6_qml_QtQuick_Controls_FluentWinUI3 --> node_venv_lib_python3_12_site-packages_PyQt6_Qt6_qml_QtQuick_Controls_FluentWinUI3_light["light"]\n    node_venv_lib_python3_12_site-packages_PyQt6_Qt6_qml_QtQuick_Controls_FluentWinUI3_light --> node_venv_lib_python3_12_site-packages_PyQt6_Qt6_qml_QtQuick_Controls_FluentWinUI3_light_images["images"]\n    node_venv_lib_python3_12_site-packages_PyQt6_Qt6_qml_QtQuick_Controls_FluentWinUI3_light_images --> node_venv_lib_python3_12_site-packages_PyQt6_Qt6_qml_QtQuick_Controls_FluentWinUI3_light_images_radiobutton-indicator-checked-hovered@2x_png["radiobutton-indicator-checked-hovered@2x.png"]\n    Root --> node_venv["venv"]\n    node_venv --> node_venv_lib["lib"]\n    node_venv_lib --> node_venv_lib_python3_12["python3.12"]\n    node_venv_lib_python3_12 --> node_venv_lib_python3_12_site-packages["site-packages"]\n    node_venv_lib_python3_12_site-packages --> node_venv_lib_python3_12_site-packages_PyQt6["PyQt6"]\n    node_venv_lib_python3_12_site-packages_PyQt6 --> node_venv_lib_python3_12_site-packages_PyQt6_Qt6["Qt6"]\n    node_venv_lib_python3_12_site-packages_PyQt6_Qt6 --> node_venv_lib_python3_12_site-packages_PyQt6_Qt6_qml["qml"]\n    node_venv_lib_python3_12_site-packages_PyQt6_Qt6_qml --> node_venv_lib_python3_12_site-packages_PyQt6_Qt6_qml_QtQuick["QtQuick"]\n    node_venv_lib_python3_12_site-packages_PyQt6_Qt6_qml_QtQuick --> node_venv_lib_python3_12_site-packages_PyQt6_Qt6_qml_QtQuick_Controls["Controls"]\n    node_venv_lib_python3_12_site-packages_PyQt6_Qt6_qml_QtQuick_Controls --> node_venv_lib_python3_12_site-packages_PyQt6_Qt6_qml_QtQuick_Controls_FluentWinUI3["FluentWinUI3"]\n    node_venv_lib_python3_12_site-packages_PyQt6_Qt6_qml_QtQuick_Controls_FluentWinUI3 --> node_venv_lib_python3_12_site-packages_PyQt6_Qt6_qml_QtQuick_Controls_FluentWinUI3_light["light"]\n    node_venv_lib_python3_12_site-packages_PyQt6_Qt6_qml_QtQuick_Controls_FluentWinUI3_light --> node_venv_lib_python3_12_site-packages_PyQt6_Qt6_qml_QtQuick_Controls_FluentWinUI3_light_images["images"]\n    node_venv_lib_python3_12_site-packages_PyQt6_Qt6_qml_QtQuick_Controls_FluentWinUI3_light_images --> node_venv_lib_python3_12_site-packages_PyQt6_Qt6_qml_QtQuick_Controls_FluentWinUI3_light_images_radiobutton-indicator-checked-hovered@3x_png["radiobutton-indicator-checked-hovered@3x.png"]\n    Root --> node_venv["venv"]\n    node_venv --> node_venv_lib["lib"]\n    node_venv_lib --> node_venv_lib_python3_12["python3.12"]\n    node_venv_lib_python3_12 --> node_venv_lib_python3_12_site-packages["site-packages"]\n    node_venv_lib_python3_12_site-packages --> node_venv_lib_python3_12_site-packages_PyQt6["PyQt6"]\n    node_venv_lib_python3_12_site-packages_PyQt6 --> node_venv_lib_python3_12_site-packages_PyQt6_Qt6["Qt6"]\n    node_venv_lib_python3_12_site-packages_PyQt6_Qt6 --> node_venv_lib_python3_12_site-packages_PyQt6_Qt6_qml["qml"]\n    node_venv_lib_python3_12_site-packages_PyQt6_Qt6_qml --> node_venv_lib_python3_12_site-packages_PyQt6_Qt6_qml_QtQuick["QtQuick"]\n    node_venv_lib_python3_12_site-packages_PyQt6_Qt6_qml_QtQuick --> node_venv_lib_python3_12_site-packages_PyQt6_Qt6_qml_QtQuick_Controls["Controls"]\n    node_venv_lib_python3_12_site-packages_PyQt6_Qt6_qml_QtQuick_Controls --> node_venv_lib_python3_12_site-packages_PyQt6_Qt6_qml_QtQuick_Controls_FluentWinUI3["FluentWinUI3"]\n    node_venv_lib_python3_12_site-packages_PyQt6_Qt6_qml_QtQuick_Controls_FluentWinUI3 --> node_venv_lib_python3_12_site-packages_PyQt6_Qt6_qml_QtQuick_Controls_FluentWinUI3_light["light"]\n    node_venv_lib_python3_12_site-packages_PyQt6_Qt6_qml_QtQuick_Controls_FluentWinUI3_light --> node_venv_lib_python3_12_site-packages_PyQt6_Qt6_qml_QtQuick_Controls_FluentWinUI3_light_images["images"]\n    node_venv_lib_python3_12_site-packages_PyQt6_Qt6_qml_QtQuick_Controls_FluentWinUI3_light_images --> node_venv_lib_python3_12_site-packages_PyQt6_Qt6_qml_QtQuick_Controls_FluentWinUI3_light_images_radiobutton-indicator-checked-pressed_png["radiobutton-indicator-checked-pressed.png"]\n    Root --> node_venv["venv"]\n    node_venv --> node_venv_lib["lib"]\n    node_venv_lib --> node_venv_lib_python3_12["python3.12"]\n    node_venv_lib_python3_12 --> node_venv_lib_python3_12_site-packages["site-packages"]\n    node_venv_lib_python3_12_site-packages --> node_venv_lib_python3_12_site-packages_PyQt6["PyQt6"]\n    node_venv_lib_python3_12_site-packages_PyQt6 --> node_venv_lib_python3_12_site-packages_PyQt6_Qt6["Qt6"]\n    node_venv_lib_python3_12_site-packages_PyQt6_Qt6 --> node_venv_lib_python3_12_site-packages_PyQt6_Qt6_qml["qml"]\n    node_venv_lib_python3_12_site-packages_PyQt6_Qt6_qml --> node_venv_lib_python3_12_site-packages_PyQt6_Qt6_qml_QtQuick["QtQuick"]\n    node_venv_lib_python3_12_site-packages_PyQt6_Qt6_qml_QtQuick --> node_venv_lib_python3_12_site-packages_PyQt6_Qt6_qml_QtQuick_Controls["Controls"]\n    node_venv_lib_python3_12_site-packages_PyQt6_Qt6_qml_QtQuick_Controls --> node_venv_lib_python3_12_site-packages_PyQt6_Qt6_qml_QtQuick_Controls_FluentWinUI3["FluentWinUI3"]\n    node_venv_lib_python3_12_site-packages_PyQt6_Qt6_qml_QtQuick_Controls_FluentWinUI3 --> node_venv_lib_python3_12_site-packages_PyQt6_Qt6_qml_QtQuick_Controls_FluentWinUI3_light["light"]\n    node_venv_lib_python3_12_site-packages_PyQt6_Qt6_qml_QtQuick_Controls_FluentWinUI3_light --> node_venv_lib_python3_12_site-packages_PyQt6_Qt6_qml_QtQuick_Controls_FluentWinUI3_light_images["images"]\n    node_venv_lib_python3_12_site-packages_PyQt6_Qt6_qml_QtQuick_Controls_FluentWinUI3_light_images --> node_venv_lib_python3_12_site-packages_PyQt6_Qt6_qml_QtQuick_Controls_FluentWinUI3_light_images_radiobutton-indicator-checked-pressed@2x_png["radiobutton-indicator-checked-pressed@2x.png"]\n    Root --> node_venv["venv"]\n    node_venv --> node_venv_lib["lib"]\n    node_venv_lib --> node_venv_lib_python3_12["python3.12"]\n    node_venv_lib_python3_12 --> node_venv_lib_python3_12_site-packages["site-packages"]\n    node_venv_lib_python3_12_site-packages --> node_venv_lib_python3_12_site-packages_PyQt6["PyQt6"]\n    node_venv_lib_python3_12_site-packages_PyQt6 --> node_venv_lib_python3_12_site-packages_PyQt6_Qt6["Qt6"]\n    node_venv_lib_python3_12_site-packages_PyQt6_Qt6 --> node_venv_lib_python3_12_site-packages_PyQt6_Qt6_qml["qml"]\n    node_venv_lib_python3_12_site-packages_PyQt6_Qt6_qml --> node_venv_lib_python3_12_site-packages_PyQt6_Qt6_qml_QtQuick["QtQuick"]\n    node_venv_lib_python3_12_site-packages_PyQt6_Qt6_qml_QtQuick --> node_venv_lib_python3_12_site-packages_PyQt6_Qt6_qml_QtQuick_Controls["Controls"]\n    node_venv_lib_python3_12_site-packages_PyQt6_Qt6_qml_QtQuick_Controls --> node_venv_lib_python3_12_site-packages_PyQt6_Qt6_qml_QtQuick_Controls_FluentWinUI3["FluentWinUI3"]\n    node_venv_lib_python3_12_site-packages_PyQt6_Qt6_qml_QtQuick_Controls_FluentWinUI3 --> node_venv_lib_python3_12_site-packages_PyQt6_Qt6_qml_QtQuick_Controls_FluentWinUI3_light["light"]\n    node_venv_lib_python3_12_site-packages_PyQt6_Qt6_qml_QtQuick_Controls_FluentWinUI3_light --> node_venv_lib_python3_12_site-packages_PyQt6_Qt6_qml_QtQuick_Controls_FluentWinUI3_light_images["images"]\n    node_venv_lib_python3_12_site-packages_PyQt6_Qt6_qml_QtQuick_Controls_FluentWinUI3_light_images --> node_venv_lib_python3_12_site-packages_PyQt6_Qt6_qml_QtQuick_Controls_FluentWinUI3_light_images_radiobutton-indicator-checked-pressed@3x_png["radiobutton-indicator-checked-pressed@3x.png"]\n    Root --> node_venv["venv"]\n    node_venv --> node_venv_lib["lib"]\n    node_venv_lib --> node_venv_lib_python3_12["python3.12"]\n    node_venv_lib_python3_12 --> node_venv_lib_python3_12_site-packages["site-packages"]\n    node_venv_lib_python3_12_site-packages --> node_venv_lib_python3_12_site-packages_PyQt6["PyQt6"]\n    node_venv_lib_python3_12_site-packages_PyQt6 --> node_venv_lib_python3_12_site-packages_PyQt6_Qt6["Qt6"]\n    node_venv_lib_python3_12_site-packages_PyQt6_Qt6 --> node_venv_lib_python3_12_site-packages_PyQt6_Qt6_qml["qml"]\n    node_venv_lib_python3_12_site-packages_PyQt6_Qt6_qml --> node_venv_lib_python3_12_site-packages_PyQt6_Qt6_qml_QtQuick["QtQuick"]\n    node_venv_lib_python3_12_site-packages_PyQt6_Qt6_qml_QtQuick --> node_venv_lib_python3_12_site-packages_PyQt6_Qt6_qml_QtQuick_Controls["Controls"]\n    node_venv_lib_python3_12_site-packages_PyQt6_Qt6_qml_QtQuick_Controls --> node_venv_lib_python3_12_site-packages_PyQt6_Qt6_qml_QtQuick_Controls_FluentWinUI3["FluentWinUI3"]\n    node_venv_lib_python3_12_site-packages_PyQt6_Qt6_qml_QtQuick_Controls_FluentWinUI3 --> node_venv_lib_python3_12_site-packages_PyQt6_Qt6_qml_QtQuick_Controls_FluentWinUI3_light["light"]\n    node_venv_lib_python3_12_site-packages_PyQt6_Qt6_qml_QtQuick_Controls_FluentWinUI3_light --> node_venv_lib_python3_12_site-packages_PyQt6_Qt6_qml_QtQuick_Controls_FluentWinUI3_light_images["images"]\n    node_venv_lib_python3_12_site-packages_PyQt6_Qt6_qml_QtQuick_Controls_FluentWinUI3_light_images --> node_venv_lib_python3_12_site-packages_PyQt6_Qt6_qml_QtQuick_Controls_FluentWinUI3_light_images_radiobutton-indicator-checked_png["radiobutton-indicator-checked.png"]\n    Root --> node_venv["venv"]\n    node_venv --> node_venv_lib["lib"]\n    node_venv_lib --> node_venv_lib_python3_12["python3.12"]\n    node_venv_lib_python3_12 --> node_venv_lib_python3_12_site-packages["site-packages"]\n    node_venv_lib_python3_12_site-packages --> node_venv_lib_python3_12_site-packages_PyQt6["PyQt6"]\n    node_venv_lib_python3_12_site-packages_PyQt6 --> node_venv_lib_python3_12_site-packages_PyQt6_Qt6["Qt6"]\n    node_venv_lib_python3_12_site-packages_PyQt6_Qt6 --> node_venv_lib_python3_12_site-packages_PyQt6_Qt6_qml["qml"]\n    node_venv_lib_python3_12_site-packages_PyQt6_Qt6_qml --> node_venv_lib_python3_12_site-packages_PyQt6_Qt6_qml_QtQuick["QtQuick"]\n    node_venv_lib_python3_12_site-packages_PyQt6_Qt6_qml_QtQuick --> node_venv_lib_python3_12_site-packages_PyQt6_Qt6_qml_QtQuick_Controls["Controls"]\n    node_venv_lib_python3_12_site-packages_PyQt6_Qt6_qml_QtQuick_Controls --> node_venv_lib_python3_12_site-packages_PyQt6_Qt6_qml_QtQuick_Controls_FluentWinUI3["FluentWinUI3"]\n    node_venv_lib_python3_12_site-packages_PyQt6_Qt6_qml_QtQuick_Controls_FluentWinUI3 --> node_venv_lib_python3_12_site-packages_PyQt6_Qt6_qml_QtQuick_Controls_FluentWinUI3_light["light"]\n    node_venv_lib_python3_12_site-packages_PyQt6_Qt6_qml_QtQuick_Controls_FluentWinUI3_light --> node_venv_lib_python3_12_site-packages_PyQt6_Qt6_qml_QtQuick_Controls_FluentWinUI3_light_images["images"]\n    node_venv_lib_python3_12_site-packages_PyQt6_Qt6_qml_QtQuick_Controls_FluentWinUI3_light_images --> node_venv_lib_python3_12_site-packages_PyQt6_Qt6_qml_QtQuick_Controls_FluentWinUI3_light_images_radiobutton-indicator-checked@2x_png["radiobutton-indicator-checked@2x.png"]\n    Root --> node_venv["venv"]\n    node_venv --> node_venv_lib["lib"]\n    node_venv_lib --> node_venv_lib_python3_12["python3.12"]\n    node_venv_lib_python3_12 --> node_venv_lib_python3_12_site-packages["site-packages"]\n    node_venv_lib_python3_12_site-packages --> node_venv_lib_python3_12_site-packages_PyQt6["PyQt6"]\n    node_venv_lib_python3_12_site-packages_PyQt6 --> node_venv_lib_python3_12_site-packages_PyQt6_Qt6["Qt6"]\n    node_venv_lib_python3_12_site-packages_PyQt6_Qt6 --> node_venv_lib_python3_12_site-packages_PyQt6_Qt6_qml["qml"]\n    node_venv_lib_python3_12_site-packages_PyQt6_Qt6_qml --> node_venv_lib_python3_12_site-packages_PyQt6_Qt6_qml_QtQuick["QtQuick"]\n    node_venv_lib_python3_12_site-packages_PyQt6_Qt6_qml_QtQuick --> node_venv_lib_python3_12_site-packages_PyQt6_Qt6_qml_QtQuick_Controls["Controls"]\n    node_venv_lib_python3_12_site-packages_PyQt6_Qt6_qml_QtQuick_Controls --> node_venv_lib_python3_12_site-packages_PyQt6_Qt6_qml_QtQuick_Controls_FluentWinUI3["FluentWinUI3"]\n    node_venv_lib_python3_12_site-packages_PyQt6_Qt6_qml_QtQuick_Controls_FluentWinUI3 --> node_venv_lib_python3_12_site-packages_PyQt6_Qt6_qml_QtQuick_Controls_FluentWinUI3_light["light"]\n    node_venv_lib_python3_12_site-packages_PyQt6_Qt6_qml_QtQuick_Controls_FluentWinUI3_light --> node_venv_lib_python3_12_site-packages_PyQt6_Qt6_qml_QtQuick_Controls_FluentWinUI3_light_images["images"]\n    node_venv_lib_python3_12_site-packages_PyQt6_Qt6_qml_QtQuick_Controls_FluentWinUI3_light_images --> node_venv_lib_python3_12_site-packages_PyQt6_Qt6_qml_QtQuick_Controls_FluentWinUI3_light_images_radiobutton-indicator-checked@3x_png["radiobutton-indicator-checked@3x.png"]\n    Root --> node_venv["venv"]\n    node_venv --> node_venv_lib["lib"]\n    node_venv_lib --> node_venv_lib_python3_12["python3.12"]\n    node_venv_lib_python3_12 --> node_venv_lib_python3_12_site-packages["site-packages"]\n    node_venv_lib_python3_12_site-packages --> node_venv_lib_python3_12_site-packages_PyQt6["PyQt6"]\n    node_venv_lib_python3_12_site-packages_PyQt6 --> node_venv_lib_python3_12_site-packages_PyQt6_Qt6["Qt6"]\n    node_venv_lib_python3_12_site-packages_PyQt6_Qt6 --> node_venv_lib_python3_12_site-packages_PyQt6_Qt6_qml["qml"]\n    node_venv_lib_python3_12_site-packages_PyQt6_Qt6_qml --> node_venv_lib_python3_12_site-packages_PyQt6_Qt6_qml_QtQuick["QtQuick"]\n    node_venv_lib_python3_12_site-packages_PyQt6_Qt6_qml_QtQuick --> node_venv_lib_python3_12_site-packages_PyQt6_Qt6_qml_QtQuick_Controls["Controls"]\n    node_venv_lib_python3_12_site-packages_PyQt6_Qt6_qml_QtQuick_Controls --> node_venv_lib_python3_12_site-packages_PyQt6_Qt6_qml_QtQuick_Controls_FluentWinUI3["FluentWinUI3"]\n    node_venv_lib_python3_12_site-packages_PyQt6_Qt6_qml_QtQuick_Controls_FluentWinUI3 --> node_venv_lib_python3_12_site-packages_PyQt6_Qt6_qml_QtQuick_Controls_FluentWinUI3_light["light"]\n    node_venv_lib_python3_12_site-packages_PyQt6_Qt6_qml_QtQuick_Controls_FluentWinUI3_light --> node_venv_lib_python3_12_site-packages_PyQt6_Qt6_qml_QtQuick_Controls_FluentWinUI3_light_images["images"]\n    node_venv_lib_python3_12_site-packages_PyQt6_Qt6_qml_QtQuick_Controls_FluentWinUI3_light_images --> node_venv_lib_python3_12_site-packages_PyQt6_Qt6_qml_QtQuick_Controls_FluentWinUI3_light_images_radiobutton-indicator-disabled_png["radiobutton-indicator-disabled.png"]\n    Root --> node_venv["venv"]\n    node_venv --> node_venv_lib["lib"]\n    node_venv_lib --> node_venv_lib_python3_12["python3.12"]\n    node_venv_lib_python3_12 --> node_venv_lib_python3_12_site-packages["site-packages"]\n    node_venv_lib_python3_12_site-packages --> node_venv_lib_python3_12_site-packages_PyQt6["PyQt6"]\n    node_venv_lib_python3_12_site-packages_PyQt6 --> node_venv_lib_python3_12_site-packages_PyQt6_Qt6["Qt6"]\n    node_venv_lib_python3_12_site-packages_PyQt6_Qt6 --> node_venv_lib_python3_12_site-packages_PyQt6_Qt6_qml["qml"]\n    node_venv_lib_python3_12_site-packages_PyQt6_Qt6_qml --> node_venv_lib_python3_12_site-packages_PyQt6_Qt6_qml_QtQuick["QtQuick"]\n    node_venv_lib_python3_12_site-packages_PyQt6_Qt6_qml_QtQuick --> node_venv_lib_python3_12_site-packages_PyQt6_Qt6_qml_QtQuick_Controls["Controls"]\n    node_venv_lib_python3_12_site-packages_PyQt6_Qt6_qml_QtQuick_Controls --> node_venv_lib_python3_12_site-packages_PyQt6_Qt6_qml_QtQuick_Controls_FluentWinUI3["FluentWinUI3"]\n    node_venv_lib_python3_12_site-packages_PyQt6_Qt6_qml_QtQuick_Controls_FluentWinUI3 --> node_venv_lib_python3_12_site-packages_PyQt6_Qt6_qml_QtQuick_Controls_FluentWinUI3_light["light"]\n    node_venv_lib_python3_12_site-packages_PyQt6_Qt6_qml_QtQuick_Controls_FluentWinUI3_light --> node_venv_lib_python3_12_site-packages_PyQt6_Qt6_qml_QtQuick_Controls_FluentWinUI3_light_images["images"]\n    node_venv_lib_python3_12_site-packages_PyQt6_Qt6_qml_QtQuick_Controls_FluentWinUI3_light_images --> node_venv_lib_python3_12_site-packages_PyQt6_Qt6_qml_QtQuick_Controls_FluentWinUI3_light_images_radiobutton-indicator-disabled@2x_png["radiobutton-indicator-disabled@2x.png"]\n    Root --> node_venv["venv"]\n    node_venv --> node_venv_lib["lib"]\n    node_venv_lib --> node_venv_lib_python3_12["python3.12"]\n    node_venv_lib_python3_12 --> node_venv_lib_python3_12_site-packages["site-packages"]\n    node_venv_lib_python3_12_site-packages --> node_venv_lib_python3_12_site-packages_PyQt6["PyQt6"]\n    node_venv_lib_python3_12_site-packages_PyQt6 --> node_venv_lib_python3_12_site-packages_PyQt6_Qt6["Qt6"]\n    node_venv_lib_python3_12_site-packages_PyQt6_Qt6 --> node_venv_lib_python3_12_site-packages_PyQt6_Qt6_qml["qml"]\n    node_venv_lib_python3_12_site-packages_PyQt6_Qt6_qml --> node_venv_lib_python3_12_site-packages_PyQt6_Qt6_qml_QtQuick["QtQuick"]\n    node_venv_lib_python3_12_site-packages_PyQt6_Qt6_qml_QtQuick --> node_venv_lib_python3_12_site-packages_PyQt6_Qt6_qml_QtQuick_Controls["Controls"]\n    node_venv_lib_python3_12_site-packages_PyQt6_Qt6_qml_QtQuick_Controls --> node_venv_lib_python3_12_site-packages_PyQt6_Qt6_qml_QtQuick_Controls_FluentWinUI3["FluentWinUI3"]\n    node_venv_lib_python3_12_site-packages_PyQt6_Qt6_qml_QtQuick_Controls_FluentWinUI3 --> node_venv_lib_python3_12_site-packages_PyQt6_Qt6_qml_QtQuick_Controls_FluentWinUI3_light["light"]\n    node_venv_lib_python3_12_site-packages_PyQt6_Qt6_qml_QtQuick_Controls_FluentWinUI3_light --> node_venv_lib_python3_12_site-packages_PyQt6_Qt6_qml_QtQuick_Controls_FluentWinUI3_light_images["images"]\n    node_venv_lib_python3_12_site-packages_PyQt6_Qt6_qml_QtQuick_Controls_FluentWinUI3_light_images --> node_venv_lib_python3_12_site-packages_PyQt6_Qt6_qml_QtQuick_Controls_FluentWinUI3_light_images_radiobutton-indicator-disabled@3x_png["radiobutton-indicator-disabled@3x.png"]\n    Root --> node_venv["venv"]\n    node_venv --> node_venv_lib["lib"]\n    node_venv_lib --> node_venv_lib_python3_12["python3.12"]\n    node_venv_lib_python3_12 --> node_venv_lib_python3_12_site-packages["site-packages"]\n    node_venv_lib_python3_12_site-packages --> node_venv_lib_python3_12_site-packages_PyQt6["PyQt6"]\n    node_venv_lib_python3_12_site-packages_PyQt6 --> node_venv_lib_python3_12_site-packages_PyQt6_Qt6["Qt6"]\n    node_venv_lib_python3_12_site-packages_PyQt6_Qt6 --> node_venv_lib_python3_12_site-packages_PyQt6_Qt6_qml["qml"]\n    node_venv_lib_python3_12_site-packages_PyQt6_Qt6_qml --> node_venv_lib_python3_12_site-packages_PyQt6_Qt6_qml_QtQuick["QtQuick"]\n    node_venv_lib_python3_12_site-packages_PyQt6_Qt6_qml_QtQuick --> node_venv_lib_python3_12_site-packages_PyQt6_Qt6_qml_QtQuick_Controls["Controls"]\n    node_venv_lib_python3_12_site-packages_PyQt6_Qt6_qml_QtQuick_Controls --> node_venv_lib_python3_12_site-packages_PyQt6_Qt6_qml_QtQuick_Controls_FluentWinUI3["FluentWinUI3"]\n    node_venv_lib_python3_12_site-packages_PyQt6_Qt6_qml_QtQuick_Controls_FluentWinUI3 --> node_venv_lib_python3_12_site-packages_PyQt6_Qt6_qml_QtQuick_Controls_FluentWinUI3_light["light"]\n    node_venv_lib_python3_12_site-packages_PyQt6_Qt6_qml_QtQuick_Controls_FluentWinUI3_light --> node_venv_lib_python3_12_site-packages_PyQt6_Qt6_qml_QtQuick_Controls_FluentWinUI3_light_images["images"]\n    node_venv_lib_python3_12_site-packages_PyQt6_Qt6_qml_QtQuick_Controls_FluentWinUI3_light_images --> node_venv_lib_python3_12_site-packages_PyQt6_Qt6_qml_QtQuick_Controls_FluentWinUI3_light_images_radiobutton-indicator-hovered_png["radiobutton-indicator-hovered.png"]\n    Root --> node_venv["venv"]\n    node_venv --> node_venv_lib["lib"]\n    node_venv_lib --> node_venv_lib_python3_12["python3.12"]\n    node_venv_lib_python3_12 --> node_venv_lib_python3_12_site-packages["site-packages"]\n    node_venv_lib_python3_12_site-packages --> node_venv_lib_python3_12_site-packages_PyQt6["PyQt6"]\n    node_venv_lib_python3_12_site-packages_PyQt6 --> node_venv_lib_python3_12_site-packages_PyQt6_Qt6["Qt6"]\n    node_venv_lib_python3_12_site-packages_PyQt6_Qt6 --> node_venv_lib_python3_12_site-packages_PyQt6_Qt6_qml["qml"]\n    node_venv_lib_python3_12_site-packages_PyQt6_Qt6_qml --> node_venv_lib_python3_12_site-packages_PyQt6_Qt6_qml_QtQuick["QtQuick"]\n    node_venv_lib_python3_12_site-packages_PyQt6_Qt6_qml_QtQuick --> node_venv_lib_python3_12_site-packages_PyQt6_Qt6_qml_QtQuick_Controls["Controls"]\n    node_venv_lib_python3_12_site-packages_PyQt6_Qt6_qml_QtQuick_Controls --> node_venv_lib_python3_12_site-packages_PyQt6_Qt6_qml_QtQuick_Controls_FluentWinUI3["FluentWinUI3"]\n    node_venv_lib_python3_12_site-packages_PyQt6_Qt6_qml_QtQuick_Controls_FluentWinUI3 --> node_venv_lib_python3_12_site-packages_PyQt6_Qt6_qml_QtQuick_Controls_FluentWinUI3_light["light"]\n    node_venv_lib_python3_12_site-packages_PyQt6_Qt6_qml_QtQuick_Controls_FluentWinUI3_light --> node_venv_lib_python3_12_site-packages_PyQt6_Qt6_qml_QtQuick_Controls_FluentWinUI3_light_images["images"]\n    node_venv_lib_python3_12_site-packages_PyQt6_Qt6_qml_QtQuick_Controls_FluentWinUI3_light_images --> node_venv_lib_python3_12_site-packages_PyQt6_Qt6_qml_QtQuick_Controls_FluentWinUI3_light_images_radiobutton-indicator-hovered@2x_png["radiobutton-indicator-hovered@2x.png"]\n    Root --> node_venv["venv"]\n    node_venv --> node_venv_lib["lib"]\n    node_venv_lib --> node_venv_lib_python3_12["python3.12"]\n    node_venv_lib_python3_12 --> node_venv_lib_python3_12_site-packages["site-packages"]\n    node_venv_lib_python3_12_site-packages --> node_venv_lib_python3_12_site-packages_PyQt6["PyQt6"]\n    node_venv_lib_python3_12_site-packages_PyQt6 --> node_venv_lib_python3_12_site-packages_PyQt6_Qt6["Qt6"]\n    node_venv_lib_python3_12_site-packages_PyQt6_Qt6 --> node_venv_lib_python3_12_site-packages_PyQt6_Qt6_qml["qml"]\n    node_venv_lib_python3_12_site-packages_PyQt6_Qt6_qml --> node_venv_lib_python3_12_site-packages_PyQt6_Qt6_qml_QtQuick["QtQuick"]\n    node_venv_lib_python3_12_site-packages_PyQt6_Qt6_qml_QtQuick --> node_venv_lib_python3_12_site-packages_PyQt6_Qt6_qml_QtQuick_Controls["Controls"]\n    node_venv_lib_python3_12_site-packages_PyQt6_Qt6_qml_QtQuick_Controls --> node_venv_lib_python3_12_site-packages_PyQt6_Qt6_qml_QtQuick_Controls_FluentWinUI3["FluentWinUI3"]\n    node_venv_lib_python3_12_site-packages_PyQt6_Qt6_qml_QtQuick_Controls_FluentWinUI3 --> node_venv_lib_python3_12_site-packages_PyQt6_Qt6_qml_QtQuick_Controls_FluentWinUI3_light["light"]\n    node_venv_lib_python3_12_site-packages_PyQt6_Qt6_qml_QtQuick_Controls_FluentWinUI3_light --> node_venv_lib_python3_12_site-packages_PyQt6_Qt6_qml_QtQuick_Controls_FluentWinUI3_light_images["images"]\n    node_venv_lib_python3_12_site-packages_PyQt6_Qt6_qml_QtQuick_Controls_FluentWinUI3_light_images --> node_venv_lib_python3_12_site-packages_PyQt6_Qt6_qml_QtQuick_Controls_FluentWinUI3_light_images_radiobutton-indicator-hovered@3x_png["radiobutton-indicator-hovered@3x.png"]\n    Root --> node_venv["venv"]\n    node_venv --> node_venv_lib["lib"]\n    node_venv_lib --> node_venv_lib_python3_12["python3.12"]\n    node_venv_lib_python3_12 --> node_venv_lib_python3_12_site-packages["site-packages"]\n    node_venv_lib_python3_12_site-packages --> node_venv_lib_python3_12_site-packages_PyQt6["PyQt6"]\n    node_venv_lib_python3_12_site-packages_PyQt6 --> node_venv_lib_python3_12_site-packages_PyQt6_Qt6["Qt6"]\n    node_venv_lib_python3_12_site-packages_PyQt6_Qt6 --> node_venv_lib_python3_12_site-packages_PyQt6_Qt6_qml["qml"]\n    node_venv_lib_python3_12_site-packages_PyQt6_Qt6_qml --> node_venv_lib_python3_12_site-packages_PyQt6_Qt6_qml_QtQuick["QtQuick"]\n    node_venv_lib_python3_12_site-packages_PyQt6_Qt6_qml_QtQuick --> node_venv_lib_python3_12_site-packages_PyQt6_Qt6_qml_QtQuick_Controls["Controls"]\n    node_venv_lib_python3_12_site-packages_PyQt6_Qt6_qml_QtQuick_Controls --> node_venv_lib_python3_12_site-packages_PyQt6_Qt6_qml_QtQuick_Controls_FluentWinUI3["FluentWinUI3"]\n    node_venv_lib_python3_12_site-packages_PyQt6_Qt6_qml_QtQuick_Controls_FluentWinUI3 --> node_venv_lib_python3_12_site-packages_PyQt6_Qt6_qml_QtQuick_Controls_FluentWinUI3_light["light"]\n    node_venv_lib_python3_12_site-packages_PyQt6_Qt6_qml_QtQuick_Controls_FluentWinUI3_light --> node_venv_lib_python3_12_site-packages_PyQt6_Qt6_qml_QtQuick_Controls_FluentWinUI3_light_images["images"]\n    node_venv_lib_python3_12_site-packages_PyQt6_Qt6_qml_QtQuick_Controls_FluentWinUI3_light_images --> node_venv_lib_python3_12_site-packages_PyQt6_Qt6_qml_QtQuick_Controls_FluentWinUI3_light_images_radiobutton-indicator-pressed_png["radiobutton-indicator-pressed.png"]\n    Root --> node_venv["venv"]\n    node_venv --> node_venv_lib["lib"]\n    node_venv_lib --> node_venv_lib_python3_12["python3.12"]\n    node_venv_lib_python3_12 --> node_venv_lib_python3_12_site-packages["site-packages"]\n    node_venv_lib_python3_12_site-packages --> node_venv_lib_python3_12_site-packages_PyQt6["PyQt6"]\n    node_venv_lib_python3_12_site-packages_PyQt6 --> node_venv_lib_python3_12_site-packages_PyQt6_Qt6["Qt6"]\n    node_venv_lib_python3_12_site-packages_PyQt6_Qt6 --> node_venv_lib_python3_12_site-packages_PyQt6_Qt6_qml["qml"]\n    node_venv_lib_python3_12_site-packages_PyQt6_Qt6_qml --> node_venv_lib_python3_12_site-packages_PyQt6_Qt6_qml_QtQuick["QtQuick"]\n    node_venv_lib_python3_12_site-packages_PyQt6_Qt6_qml_QtQuick --> node_venv_lib_python3_12_site-packages_PyQt6_Qt6_qml_QtQuick_Controls["Controls"]\n    node_venv_lib_python3_12_site-packages_PyQt6_Qt6_qml_QtQuick_Controls --> node_venv_lib_python3_12_site-packages_PyQt6_Qt6_qml_QtQuick_Controls_FluentWinUI3["FluentWinUI3"]\n    node_venv_lib_python3_12_site-packages_PyQt6_Qt6_qml_QtQuick_Controls_FluentWinUI3 --> node_venv_lib_python3_12_site-packages_PyQt6_Qt6_qml_QtQuick_Controls_FluentWinUI3_light["light"]\n    node_venv_lib_python3_12_site-packages_PyQt6_Qt6_qml_QtQuick_Controls_FluentWinUI3_light --> node_venv_lib_python3_12_site-packages_PyQt6_Qt6_qml_QtQuick_Controls_FluentWinUI3_light_images["images"]\n    node_venv_lib_python3_12_site-packages_PyQt6_Qt6_qml_QtQuick_Controls_FluentWinUI3_light_images --> node_venv_lib_python3_12_site-packages_PyQt6_Qt6_qml_QtQuick_Controls_FluentWinUI3_light_images_radiobutton-indicator-pressed@2x_png["radiobutton-indicator-pressed@2x.png"]\n    Root --> node_venv["venv"]\n    node_venv --> node_venv_lib["lib"]\n    node_venv_lib --> node_venv_lib_python3_12["python3.12"]\n    node_venv_lib_python3_12 --> node_venv_lib_python3_12_site-packages["site-packages"]\n    node_venv_lib_python3_12_site-packages --> node_venv_lib_python3_12_site-packages_PyQt6["PyQt6"]\n    node_venv_lib_python3_12_site-packages_PyQt6 --> node_venv_lib_python3_12_site-packages_PyQt6_Qt6["Qt6"]\n    node_venv_lib_python3_12_site-packages_PyQt6_Qt6 --> node_venv_lib_python3_12_site-packages_PyQt6_Qt6_qml["qml"]\n    node_venv_lib_python3_12_site-packages_PyQt6_Qt6_qml --> node_venv_lib_python3_12_site-packages_PyQt6_Qt6_qml_QtQuick["QtQuick"]\n    node_venv_lib_python3_12_site-packages_PyQt6_Qt6_qml_QtQuick --> node_venv_lib_python3_12_site-packages_PyQt6_Qt6_qml_QtQuick_Controls["Controls"]\n    node_venv_lib_python3_12_site-packages_PyQt6_Qt6_qml_QtQuick_Controls --> node_venv_lib_python3_12_site-packages_PyQt6_Qt6_qml_QtQuick_Controls_FluentWinUI3["FluentWinUI3"]\n    node_venv_lib_python3_12_site-packages_PyQt6_Qt6_qml_QtQuick_Controls_FluentWinUI3 --> node_venv_lib_python3_12_site-packages_PyQt6_Qt6_qml_QtQuick_Controls_FluentWinUI3_light["light"]\n    node_venv_lib_python3_12_site-packages_PyQt6_Qt6_qml_QtQuick_Controls_FluentWinUI3_light --> node_venv_lib_python3_12_site-packages_PyQt6_Qt6_qml_QtQuick_Controls_FluentWinUI3_light_images["images"]\n    node_venv_lib_python3_12_site-packages_PyQt6_Qt6_qml_QtQuick_Controls_FluentWinUI3_light_images --> node_venv_lib_python3_12_site-packages_PyQt6_Qt6_qml_QtQuick_Controls_FluentWinUI3_light_images_radiobutton-indicator-pressed@3x_png["radiobutton-indicator-pressed@3x.png"]\n    Root --> node_venv["venv"]\n    node_venv --> node_venv_lib["lib"]\n    node_venv_lib --> node_venv_lib_python3_12["python3.12"]\n    node_venv_lib_python3_12 --> node_venv_lib_python3_12_site-packages["site-packages"]\n    node_venv_lib_python3_12_site-packages --> node_venv_lib_python3_12_site-packages_PyQt6["PyQt6"]\n    node_venv_lib_python3_12_site-packages_PyQt6 --> node_venv_lib_python3_12_site-packages_PyQt6_Qt6["Qt6"]\n    node_venv_lib_python3_12_site-packages_PyQt6_Qt6 --> node_venv_lib_python3_12_site-packages_PyQt6_Qt6_qml["qml"]\n    node_venv_lib_python3_12_site-packages_PyQt6_Qt6_qml --> node_venv_lib_python3_12_site-packages_PyQt6_Qt6_qml_QtQuick["QtQuick"]\n    node_venv_lib_python3_12_site-packages_PyQt6_Qt6_qml_QtQuick --> node_venv_lib_python3_12_site-packages_PyQt6_Qt6_qml_QtQuick_Controls["Controls"]\n    node_venv_lib_python3_12_site-packages_PyQt6_Qt6_qml_QtQuick_Controls --> node_venv_lib_python3_12_site-packages_PyQt6_Qt6_qml_QtQuick_Controls_FluentWinUI3["FluentWinUI3"]\n    node_venv_lib_python3_12_site-packages_PyQt6_Qt6_qml_QtQuick_Controls_FluentWinUI3 --> node_venv_lib_python3_12_site-packages_PyQt6_Qt6_qml_QtQuick_Controls_FluentWinUI3_light["light"]\n    node_venv_lib_python3_12_site-packages_PyQt6_Qt6_qml_QtQuick_Controls_FluentWinUI3_light --> node_venv_lib_python3_12_site-packages_PyQt6_Qt6_qml_QtQuick_Controls_FluentWinUI3_light_images["images"]\n    node_venv_lib_python3_12_site-packages_PyQt6_Qt6_qml_QtQuick_Controls_FluentWinUI3_light_images --> node_venv_lib_python3_12_site-packages_PyQt6_Qt6_qml_QtQuick_Controls_FluentWinUI3_light_images_radiobutton-indicator_png["radiobutton-indicator.png"]\n    Root --> node_venv["venv"]\n    node_venv --> node_venv_lib["lib"]\n    node_venv_lib --> node_venv_lib_python3_12["python3.12"]\n    node_venv_lib_python3_12 --> node_venv_lib_python3_12_site-packages["site-packages"]\n    node_venv_lib_python3_12_site-packages --> node_venv_lib_python3_12_site-packages_PyQt6["PyQt6"]\n    node_venv_lib_python3_12_site-packages_PyQt6 --> node_venv_lib_python3_12_site-packages_PyQt6_Qt6["Qt6"]\n    node_venv_lib_python3_12_site-packages_PyQt6_Qt6 --> node_venv_lib_python3_12_site-packages_PyQt6_Qt6_qml["qml"]\n    node_venv_lib_python3_12_site-packages_PyQt6_Qt6_qml --> node_venv_lib_python3_12_site-packages_PyQt6_Qt6_qml_QtQuick["QtQuick"]\n    node_venv_lib_python3_12_site-packages_PyQt6_Qt6_qml_QtQuick --> node_venv_lib_python3_12_site-packages_PyQt6_Qt6_qml_QtQuick_Controls["Controls"]\n    node_venv_lib_python3_12_site-packages_PyQt6_Qt6_qml_QtQuick_Controls --> node_venv_lib_python3_12_site-packages_PyQt6_Qt6_qml_QtQuick_Controls_FluentWinUI3["FluentWinUI3"]\n    node_venv_lib_python3_12_site-packages_PyQt6_Qt6_qml_QtQuick_Controls_FluentWinUI3 --> node_venv_lib_python3_12_site-packages_PyQt6_Qt6_qml_QtQuick_Controls_FluentWinUI3_light["light"]\n    node_venv_lib_python3_12_site-packages_PyQt6_Qt6_qml_QtQuick_Controls_FluentWinUI3_light --> node_venv_lib_python3_12_site-packages_PyQt6_Qt6_qml_QtQuick_Controls_FluentWinUI3_light_images["images"]\n    node_venv_lib_python3_12_site-packages_PyQt6_Qt6_qml_QtQuick_Controls_FluentWinUI3_light_images --> node_venv_lib_python3_12_site-packages_PyQt6_Qt6_qml_QtQuick_Controls_FluentWinUI3_light_images_radiobutton-indicator@2x_png["radiobutton-indicator@2x.png"]\n    Root --> node_venv["venv"]\n    node_venv --> node_venv_lib["lib"]\n    node_venv_lib --> node_venv_lib_python3_12["python3.12"]\n    node_venv_lib_python3_12 --> node_venv_lib_python3_12_site-packages["site-packages"]\n    node_venv_lib_python3_12_site-packages --> node_venv_lib_python3_12_site-packages_PyQt6["PyQt6"]\n    node_venv_lib_python3_12_site-packages_PyQt6 --> node_venv_lib_python3_12_site-packages_PyQt6_Qt6["Qt6"]\n    node_venv_lib_python3_12_site-packages_PyQt6_Qt6 --> node_venv_lib_python3_12_site-packages_PyQt6_Qt6_qml["qml"]\n    node_venv_lib_python3_12_site-packages_PyQt6_Qt6_qml --> node_venv_lib_python3_12_site-packages_PyQt6_Qt6_qml_QtQuick["QtQuick"]\n    node_venv_lib_python3_12_site-packages_PyQt6_Qt6_qml_QtQuick --> node_venv_lib_python3_12_site-packages_PyQt6_Qt6_qml_QtQuick_Controls["Controls"]\n    node_venv_lib_python3_12_site-packages_PyQt6_Qt6_qml_QtQuick_Controls --> node_venv_lib_python3_12_site-packages_PyQt6_Qt6_qml_QtQuick_Controls_FluentWinUI3["FluentWinUI3"]\n    node_venv_lib_python3_12_site-packages_PyQt6_Qt6_qml_QtQuick_Controls_FluentWinUI3 --> node_venv_lib_python3_12_site-packages_PyQt6_Qt6_qml_QtQuick_Controls_FluentWinUI3_light["light"]\n    node_venv_lib_python3_12_site-packages_PyQt6_Qt6_qml_QtQuick_Controls_FluentWinUI3_light --> node_venv_lib_python3_12_site-packages_PyQt6_Qt6_qml_QtQuick_Controls_FluentWinUI3_light_images["images"]\n    node_venv_lib_python3_12_site-packages_PyQt6_Qt6_qml_QtQuick_Controls_FluentWinUI3_light_images --> node_venv_lib_python3_12_site-packages_PyQt6_Qt6_qml_QtQuick_Controls_FluentWinUI3_light_images_radiobutton-indicator@3x_png["radiobutton-indicator@3x.png"]\n    Root --> node_venv["venv"]\n    node_venv --> node_venv_lib["lib"]\n    node_venv_lib --> node_venv_lib_python3_12["python3.12"]\n    node_venv_lib_python3_12 --> node_venv_lib_python3_12_site-packages["site-packages"]\n    node_venv_lib_python3_12_site-packages --> node_venv_lib_python3_12_site-packages_PyQt6["PyQt6"]\n    node_venv_lib_python3_12_site-packages_PyQt6 --> node_venv_lib_python3_12_site-packages_PyQt6_Qt6["Qt6"]\n    node_venv_lib_python3_12_site-packages_PyQt6_Qt6 --> node_venv_lib_python3_12_site-packages_PyQt6_Qt6_qml["qml"]\n    node_venv_lib_python3_12_site-packages_PyQt6_Qt6_qml --> node_venv_lib_python3_12_site-packages_PyQt6_Qt6_qml_QtQuick["QtQuick"]\n    node_venv_lib_python3_12_site-packages_PyQt6_Qt6_qml_QtQuick --> node_venv_lib_python3_12_site-packages_PyQt6_Qt6_qml_QtQuick_Controls["Controls"]\n    node_venv_lib_python3_12_site-packages_PyQt6_Qt6_qml_QtQuick_Controls --> node_venv_lib_python3_12_site-packages_PyQt6_Qt6_qml_QtQuick_Controls_FluentWinUI3["FluentWinUI3"]\n    node_venv_lib_python3_12_site-packages_PyQt6_Qt6_qml_QtQuick_Controls_FluentWinUI3 --> node_venv_lib_python3_12_site-packages_PyQt6_Qt6_qml_QtQuick_Controls_FluentWinUI3_light["light"]\n    node_venv_lib_python3_12_site-packages_PyQt6_Qt6_qml_QtQuick_Controls_FluentWinUI3_light --> node_venv_lib_python3_12_site-packages_PyQt6_Qt6_qml_QtQuick_Controls_FluentWinUI3_light_images["images"]\n    node_venv_lib_python3_12_site-packages_PyQt6_Qt6_qml_QtQuick_Controls_FluentWinUI3_light_images --> node_venv_lib_python3_12_site-packages_PyQt6_Qt6_qml_QtQuick_Controls_FluentWinUI3_light_images_rangeslider-first-handle-disabled_png["rangeslider-first-handle-disabled.png"]\n    Root --> node_venv["venv"]\n    node_venv --> node_venv_lib["lib"]\n    node_venv_lib --> node_venv_lib_python3_12["python3.12"]\n    node_venv_lib_python3_12 --> node_venv_lib_python3_12_site-packages["site-packages"]\n    node_venv_lib_python3_12_site-packages --> node_venv_lib_python3_12_site-packages_PyQt6["PyQt6"]\n    node_venv_lib_python3_12_site-packages_PyQt6 --> node_venv_lib_python3_12_site-packages_PyQt6_Qt6["Qt6"]\n    node_venv_lib_python3_12_site-packages_PyQt6_Qt6 --> node_venv_lib_python3_12_site-packages_PyQt6_Qt6_qml["qml"]\n    node_venv_lib_python3_12_site-packages_PyQt6_Qt6_qml --> node_venv_lib_python3_12_site-packages_PyQt6_Qt6_qml_QtQuick["QtQuick"]\n    node_venv_lib_python3_12_site-packages_PyQt6_Qt6_qml_QtQuick --> node_venv_lib_python3_12_site-packages_PyQt6_Qt6_qml_QtQuick_Controls["Controls"]\n    node_venv_lib_python3_12_site-packages_PyQt6_Qt6_qml_QtQuick_Controls --> node_venv_lib_python3_12_site-packages_PyQt6_Qt6_qml_QtQuick_Controls_FluentWinUI3["FluentWinUI3"]\n    node_venv_lib_python3_12_site-packages_PyQt6_Qt6_qml_QtQuick_Controls_FluentWinUI3 --> node_venv_lib_python3_12_site-packages_PyQt6_Qt6_qml_QtQuick_Controls_FluentWinUI3_light["light"]\n    node_venv_lib_python3_12_site-packages_PyQt6_Qt6_qml_QtQuick_Controls_FluentWinUI3_light --> node_venv_lib_python3_12_site-packages_PyQt6_Qt6_qml_QtQuick_Controls_FluentWinUI3_light_images["images"]\n    node_venv_lib_python3_12_site-packages_PyQt6_Qt6_qml_QtQuick_Controls_FluentWinUI3_light_images --> node_venv_lib_python3_12_site-packages_PyQt6_Qt6_qml_QtQuick_Controls_FluentWinUI3_light_images_rangeslider-first-handle-disabled@2x_png["rangeslider-first-handle-disabled@2x.png"]\n    Root --> node_venv["venv"]\n    node_venv --> node_venv_lib["lib"]\n    node_venv_lib --> node_venv_lib_python3_12["python3.12"]\n    node_venv_lib_python3_12 --> node_venv_lib_python3_12_site-packages["site-packages"]\n    node_venv_lib_python3_12_site-packages --> node_venv_lib_python3_12_site-packages_PyQt6["PyQt6"]\n    node_venv_lib_python3_12_site-packages_PyQt6 --> node_venv_lib_python3_12_site-packages_PyQt6_Qt6["Qt6"]\n    node_venv_lib_python3_12_site-packages_PyQt6_Qt6 --> node_venv_lib_python3_12_site-packages_PyQt6_Qt6_qml["qml"]\n    node_venv_lib_python3_12_site-packages_PyQt6_Qt6_qml --> node_venv_lib_python3_12_site-packages_PyQt6_Qt6_qml_QtQuick["QtQuick"]\n    node_venv_lib_python3_12_site-packages_PyQt6_Qt6_qml_QtQuick --> node_venv_lib_python3_12_site-packages_PyQt6_Qt6_qml_QtQuick_Controls["Controls"]\n    node_venv_lib_python3_12_site-packages_PyQt6_Qt6_qml_QtQuick_Controls --> node_venv_lib_python3_12_site-packages_PyQt6_Qt6_qml_QtQuick_Controls_FluentWinUI3["FluentWinUI3"]\n    node_venv_lib_python3_12_site-packages_PyQt6_Qt6_qml_QtQuick_Controls_FluentWinUI3 --> node_venv_lib_python3_12_site-packages_PyQt6_Qt6_qml_QtQuick_Controls_FluentWinUI3_light["light"]\n    node_venv_lib_python3_12_site-packages_PyQt6_Qt6_qml_QtQuick_Controls_FluentWinUI3_light --> node_venv_lib_python3_12_site-packages_PyQt6_Qt6_qml_QtQuick_Controls_FluentWinUI3_light_images["images"]\n    node_venv_lib_python3_12_site-packages_PyQt6_Qt6_qml_QtQuick_Controls_FluentWinUI3_light_images --> node_venv_lib_python3_12_site-packages_PyQt6_Qt6_qml_QtQuick_Controls_FluentWinUI3_light_images_rangeslider-first-handle-disabled@3x_png["rangeslider-first-handle-disabled@3x.png"]\n    Root --> node_venv["venv"]\n    node_venv --> node_venv_lib["lib"]\n    node_venv_lib --> node_venv_lib_python3_12["python3.12"]\n    node_venv_lib_python3_12 --> node_venv_lib_python3_12_site-packages["site-packages"]\n    node_venv_lib_python3_12_site-packages --> node_venv_lib_python3_12_site-packages_PyQt6["PyQt6"]\n    node_venv_lib_python3_12_site-packages_PyQt6 --> node_venv_lib_python3_12_site-packages_PyQt6_Qt6["Qt6"]\n    node_venv_lib_python3_12_site-packages_PyQt6_Qt6 --> node_venv_lib_python3_12_site-packages_PyQt6_Qt6_qml["qml"]\n    node_venv_lib_python3_12_site-packages_PyQt6_Qt6_qml --> node_venv_lib_python3_12_site-packages_PyQt6_Qt6_qml_QtQuick["QtQuick"]\n    node_venv_lib_python3_12_site-packages_PyQt6_Qt6_qml_QtQuick --> node_venv_lib_python3_12_site-packages_PyQt6_Qt6_qml_QtQuick_Controls["Controls"]\n    node_venv_lib_python3_12_site-packages_PyQt6_Qt6_qml_QtQuick_Controls --> node_venv_lib_python3_12_site-packages_PyQt6_Qt6_qml_QtQuick_Controls_FluentWinUI3["FluentWinUI3"]\n    node_venv_lib_python3_12_site-packages_PyQt6_Qt6_qml_QtQuick_Controls_FluentWinUI3 --> node_venv_lib_python3_12_site-packages_PyQt6_Qt6_qml_QtQuick_Controls_FluentWinUI3_light["light"]\n    node_venv_lib_python3_12_site-packages_PyQt6_Qt6_qml_QtQuick_Controls_FluentWinUI3_light --> node_venv_lib_python3_12_site-packages_PyQt6_Qt6_qml_QtQuick_Controls_FluentWinUI3_light_images["images"]\n    node_venv_lib_python3_12_site-packages_PyQt6_Qt6_qml_QtQuick_Controls_FluentWinUI3_light_images --> node_venv_lib_python3_12_site-packages_PyQt6_Qt6_qml_QtQuick_Controls_FluentWinUI3_light_images_rangeslider-first-handle-handle-pressed_png["rangeslider-first-handle-handle-pressed.png"]\n    Root --> node_venv["venv"]\n    node_venv --> node_venv_lib["lib"]\n    node_venv_lib --> node_venv_lib_python3_12["python3.12"]\n    node_venv_lib_python3_12 --> node_venv_lib_python3_12_site-packages["site-packages"]\n    node_venv_lib_python3_12_site-packages --> node_venv_lib_python3_12_site-packages_PyQt6["PyQt6"]\n    node_venv_lib_python3_12_site-packages_PyQt6 --> node_venv_lib_python3_12_site-packages_PyQt6_Qt6["Qt6"]\n    node_venv_lib_python3_12_site-packages_PyQt6_Qt6 --> node_venv_lib_python3_12_site-packages_PyQt6_Qt6_qml["qml"]\n    node_venv_lib_python3_12_site-packages_PyQt6_Qt6_qml --> node_venv_lib_python3_12_site-packages_PyQt6_Qt6_qml_QtQuick["QtQuick"]\n    node_venv_lib_python3_12_site-packages_PyQt6_Qt6_qml_QtQuick --> node_venv_lib_python3_12_site-packages_PyQt6_Qt6_qml_QtQuick_Controls["Controls"]\n    node_venv_lib_python3_12_site-packages_PyQt6_Qt6_qml_QtQuick_Controls --> node_venv_lib_python3_12_site-packages_PyQt6_Qt6_qml_QtQuick_Controls_FluentWinUI3["FluentWinUI3"]\n    node_venv_lib_python3_12_site-packages_PyQt6_Qt6_qml_QtQuick_Controls_FluentWinUI3 --> node_venv_lib_python3_12_site-packages_PyQt6_Qt6_qml_QtQuick_Controls_FluentWinUI3_light["light"]\n    node_venv_lib_python3_12_site-packages_PyQt6_Qt6_qml_QtQuick_Controls_FluentWinUI3_light --> node_venv_lib_python3_12_site-packages_PyQt6_Qt6_qml_QtQuick_Controls_FluentWinUI3_light_images["images"]\n    node_venv_lib_python3_12_site-packages_PyQt6_Qt6_qml_QtQuick_Controls_FluentWinUI3_light_images --> node_venv_lib_python3_12_site-packages_PyQt6_Qt6_qml_QtQuick_Controls_FluentWinUI3_light_images_rangeslider-first-handle-handle-pressed@2x_png["rangeslider-first-handle-handle-pressed@2x.png"]\n    Root --> node_venv["venv"]\n    node_venv --> node_venv_lib["lib"]\n    node_venv_lib --> node_venv_lib_python3_12["python3.12"]\n    node_venv_lib_python3_12 --> node_venv_lib_python3_12_site-packages["site-packages"]\n    node_venv_lib_python3_12_site-packages --> node_venv_lib_python3_12_site-packages_PyQt6["PyQt6"]\n    node_venv_lib_python3_12_site-packages_PyQt6 --> node_venv_lib_python3_12_site-packages_PyQt6_Qt6["Qt6"]\n    node_venv_lib_python3_12_site-packages_PyQt6_Qt6 --> node_venv_lib_python3_12_site-packages_PyQt6_Qt6_qml["qml"]\n    node_venv_lib_python3_12_site-packages_PyQt6_Qt6_qml --> node_venv_lib_python3_12_site-packages_PyQt6_Qt6_qml_QtQuick["QtQuick"]\n    node_venv_lib_python3_12_site-packages_PyQt6_Qt6_qml_QtQuick --> node_venv_lib_python3_12_site-packages_PyQt6_Qt6_qml_QtQuick_Controls["Controls"]\n    node_venv_lib_python3_12_site-packages_PyQt6_Qt6_qml_QtQuick_Controls --> node_venv_lib_python3_12_site-packages_PyQt6_Qt6_qml_QtQuick_Controls_FluentWinUI3["FluentWinUI3"]\n    node_venv_lib_python3_12_site-packages_PyQt6_Qt6_qml_QtQuick_Controls_FluentWinUI3 --> node_venv_lib_python3_12_site-packages_PyQt6_Qt6_qml_QtQuick_Controls_FluentWinUI3_light["light"]\n    node_venv_lib_python3_12_site-packages_PyQt6_Qt6_qml_QtQuick_Controls_FluentWinUI3_light --> node_venv_lib_python3_12_site-packages_PyQt6_Qt6_qml_QtQuick_Controls_FluentWinUI3_light_images["images"]\n    node_venv_lib_python3_12_site-packages_PyQt6_Qt6_qml_QtQuick_Controls_FluentWinUI3_light_images --> node_venv_lib_python3_12_site-packages_PyQt6_Qt6_qml_QtQuick_Controls_FluentWinUI3_light_images_rangeslider-first-handle-handle-pressed@3x_png["rangeslider-first-handle-handle-pressed@3x.png"]\n    Root --> node_venv["venv"]\n    node_venv --> node_venv_lib["lib"]\n    node_venv_lib --> node_venv_lib_python3_12["python3.12"]\n    node_venv_lib_python3_12 --> node_venv_lib_python3_12_site-packages["site-packages"]\n    node_venv_lib_python3_12_site-packages --> node_venv_lib_python3_12_site-packages_PyQt6["PyQt6"]\n    node_venv_lib_python3_12_site-packages_PyQt6 --> node_venv_lib_python3_12_site-packages_PyQt6_Qt6["Qt6"]\n    node_venv_lib_python3_12_site-packages_PyQt6_Qt6 --> node_venv_lib_python3_12_site-packages_PyQt6_Qt6_qml["qml"]\n    node_venv_lib_python3_12_site-packages_PyQt6_Qt6_qml --> node_venv_lib_python3_12_site-packages_PyQt6_Qt6_qml_QtQuick["QtQuick"]\n    node_venv_lib_python3_12_site-packages_PyQt6_Qt6_qml_QtQuick --> node_venv_lib_python3_12_site-packages_PyQt6_Qt6_qml_QtQuick_Controls["Controls"]\n    node_venv_lib_python3_12_site-packages_PyQt6_Qt6_qml_QtQuick_Controls --> node_venv_lib_python3_12_site-packages_PyQt6_Qt6_qml_QtQuick_Controls_FluentWinUI3["FluentWinUI3"]\n    node_venv_lib_python3_12_site-packages_PyQt6_Qt6_qml_QtQuick_Controls_FluentWinUI3 --> node_venv_lib_python3_12_site-packages_PyQt6_Qt6_qml_QtQuick_Controls_FluentWinUI3_light["light"]\n    node_venv_lib_python3_12_site-packages_PyQt6_Qt6_qml_QtQuick_Controls_FluentWinUI3_light --> node_venv_lib_python3_12_site-packages_PyQt6_Qt6_qml_QtQuick_Controls_FluentWinUI3_light_images["images"]\n    node_venv_lib_python3_12_site-packages_PyQt6_Qt6_qml_QtQuick_Controls_FluentWinUI3_light_images --> node_venv_lib_python3_12_site-packages_PyQt6_Qt6_qml_QtQuick_Controls_FluentWinUI3_light_images_rangeslider-first-handle-hovered_png["rangeslider-first-handle-hovered.png"]\n    Root --> node_venv["venv"]\n    node_venv --> node_venv_lib["lib"]\n    node_venv_lib --> node_venv_lib_python3_12["python3.12"]\n    node_venv_lib_python3_12 --> node_venv_lib_python3_12_site-packages["site-packages"]\n    node_venv_lib_python3_12_site-packages --> node_venv_lib_python3_12_site-packages_PyQt6["PyQt6"]\n    node_venv_lib_python3_12_site-packages_PyQt6 --> node_venv_lib_python3_12_site-packages_PyQt6_Qt6["Qt6"]\n    node_venv_lib_python3_12_site-packages_PyQt6_Qt6 --> node_venv_lib_python3_12_site-packages_PyQt6_Qt6_qml["qml"]\n    node_venv_lib_python3_12_site-packages_PyQt6_Qt6_qml --> node_venv_lib_python3_12_site-packages_PyQt6_Qt6_qml_QtQuick["QtQuick"]\n    node_venv_lib_python3_12_site-packages_PyQt6_Qt6_qml_QtQuick --> node_venv_lib_python3_12_site-packages_PyQt6_Qt6_qml_QtQuick_Controls["Controls"]\n    node_venv_lib_python3_12_site-packages_PyQt6_Qt6_qml_QtQuick_Controls --> node_venv_lib_python3_12_site-packages_PyQt6_Qt6_qml_QtQuick_Controls_FluentWinUI3["FluentWinUI3"]\n    node_venv_lib_python3_12_site-packages_PyQt6_Qt6_qml_QtQuick_Controls_FluentWinUI3 --> node_venv_lib_python3_12_site-packages_PyQt6_Qt6_qml_QtQuick_Controls_FluentWinUI3_light["light"]\n    node_venv_lib_python3_12_site-packages_PyQt6_Qt6_qml_QtQuick_Controls_FluentWinUI3_light --> node_venv_lib_python3_12_site-packages_PyQt6_Qt6_qml_QtQuick_Controls_FluentWinUI3_light_images["images"]\n    node_venv_lib_python3_12_site-packages_PyQt6_Qt6_qml_QtQuick_Controls_FluentWinUI3_light_images --> node_venv_lib_python3_12_site-packages_PyQt6_Qt6_qml_QtQuick_Controls_FluentWinUI3_light_images_rangeslider-first-handle-hovered@2x_png["rangeslider-first-handle-hovered@2x.png"]\n    Root --> node_venv["venv"]\n    node_venv --> node_venv_lib["lib"]\n    node_venv_lib --> node_venv_lib_python3_12["python3.12"]\n    node_venv_lib_python3_12 --> node_venv_lib_python3_12_site-packages["site-packages"]\n    node_venv_lib_python3_12_site-packages --> node_venv_lib_python3_12_site-packages_PyQt6["PyQt6"]\n    node_venv_lib_python3_12_site-packages_PyQt6 --> node_venv_lib_python3_12_site-packages_PyQt6_Qt6["Qt6"]\n    node_venv_lib_python3_12_site-packages_PyQt6_Qt6 --> node_venv_lib_python3_12_site-packages_PyQt6_Qt6_qml["qml"]\n    node_venv_lib_python3_12_site-packages_PyQt6_Qt6_qml --> node_venv_lib_python3_12_site-packages_PyQt6_Qt6_qml_QtQuick["QtQuick"]\n    node_venv_lib_python3_12_site-packages_PyQt6_Qt6_qml_QtQuick --> node_venv_lib_python3_12_site-packages_PyQt6_Qt6_qml_QtQuick_Controls["Controls"]\n    node_venv_lib_python3_12_site-packages_PyQt6_Qt6_qml_QtQuick_Controls --> node_venv_lib_python3_12_site-packages_PyQt6_Qt6_qml_QtQuick_Controls_FluentWinUI3["FluentWinUI3"]\n    node_venv_lib_python3_12_site-packages_PyQt6_Qt6_qml_QtQuick_Controls_FluentWinUI3 --> node_venv_lib_python3_12_site-packages_PyQt6_Qt6_qml_QtQuick_Controls_FluentWinUI3_light["light"]\n    node_venv_lib_python3_12_site-packages_PyQt6_Qt6_qml_QtQuick_Controls_FluentWinUI3_light --> node_venv_lib_python3_12_site-packages_PyQt6_Qt6_qml_QtQuick_Controls_FluentWinUI3_light_images["images"]\n    node_venv_lib_python3_12_site-packages_PyQt6_Qt6_qml_QtQuick_Controls_FluentWinUI3_light_images --> node_venv_lib_python3_12_site-packages_PyQt6_Qt6_qml_QtQuick_Controls_FluentWinUI3_light_images_rangeslider-first-handle-hovered@3x_png["rangeslider-first-handle-hovered@3x.png"]\n    Root --> node_venv["venv"]\n    node_venv --> node_venv_lib["lib"]\n    node_venv_lib --> node_venv_lib_python3_12["python3.12"]\n    node_venv_lib_python3_12 --> node_venv_lib_python3_12_site-packages["site-packages"]\n    node_venv_lib_python3_12_site-packages --> node_venv_lib_python3_12_site-packages_PyQt6["PyQt6"]\n    node_venv_lib_python3_12_site-packages_PyQt6 --> node_venv_lib_python3_12_site-packages_PyQt6_Qt6["Qt6"]\n    node_venv_lib_python3_12_site-packages_PyQt6_Qt6 --> node_venv_lib_python3_12_site-packages_PyQt6_Qt6_qml["qml"]\n    node_venv_lib_python3_12_site-packages_PyQt6_Qt6_qml --> node_venv_lib_python3_12_site-packages_PyQt6_Qt6_qml_QtQuick["QtQuick"]\n    node_venv_lib_python3_12_site-packages_PyQt6_Qt6_qml_QtQuick --> node_venv_lib_python3_12_site-packages_PyQt6_Qt6_qml_QtQuick_Controls["Controls"]\n    node_venv_lib_python3_12_site-packages_PyQt6_Qt6_qml_QtQuick_Controls --> node_venv_lib_python3_12_site-packages_PyQt6_Qt6_qml_QtQuick_Controls_FluentWinUI3["FluentWinUI3"]\n    node_venv_lib_python3_12_site-packages_PyQt6_Qt6_qml_QtQuick_Controls_FluentWinUI3 --> node_venv_lib_python3_12_site-packages_PyQt6_Qt6_qml_QtQuick_Controls_FluentWinUI3_light["light"]\n    node_venv_lib_python3_12_site-packages_PyQt6_Qt6_qml_QtQuick_Controls_FluentWinUI3_light --> node_venv_lib_python3_12_site-packages_PyQt6_Qt6_qml_QtQuick_Controls_FluentWinUI3_light_images["images"]\n    node_venv_lib_python3_12_site-packages_PyQt6_Qt6_qml_QtQuick_Controls_FluentWinUI3_light_images --> node_venv_lib_python3_12_site-packages_PyQt6_Qt6_qml_QtQuick_Controls_FluentWinUI3_light_images_rangeslider-first-handle_png["rangeslider-first-handle.png"]\n    Root --> node_venv["venv"]\n    node_venv --> node_venv_lib["lib"]\n    node_venv_lib --> node_venv_lib_python3_12["python3.12"]\n    node_venv_lib_python3_12 --> node_venv_lib_python3_12_site-packages["site-packages"]\n    node_venv_lib_python3_12_site-packages --> node_venv_lib_python3_12_site-packages_PyQt6["PyQt6"]\n    node_venv_lib_python3_12_site-packages_PyQt6 --> node_venv_lib_python3_12_site-packages_PyQt6_Qt6["Qt6"]\n    node_venv_lib_python3_12_site-packages_PyQt6_Qt6 --> node_venv_lib_python3_12_site-packages_PyQt6_Qt6_qml["qml"]\n    node_venv_lib_python3_12_site-packages_PyQt6_Qt6_qml --> node_venv_lib_python3_12_site-packages_PyQt6_Qt6_qml_QtQuick["QtQuick"]\n    node_venv_lib_python3_12_site-packages_PyQt6_Qt6_qml_QtQuick --> node_venv_lib_python3_12_site-packages_PyQt6_Qt6_qml_QtQuick_Controls["Controls"]\n    node_venv_lib_python3_12_site-packages_PyQt6_Qt6_qml_QtQuick_Controls --> node_venv_lib_python3_12_site-packages_PyQt6_Qt6_qml_QtQuick_Controls_FluentWinUI3["FluentWinUI3"]\n    node_venv_lib_python3_12_site-packages_PyQt6_Qt6_qml_QtQuick_Controls_FluentWinUI3 --> node_venv_lib_python3_12_site-packages_PyQt6_Qt6_qml_QtQuick_Controls_FluentWinUI3_light["light"]\n    node_venv_lib_python3_12_site-packages_PyQt6_Qt6_qml_QtQuick_Controls_FluentWinUI3_light --> node_venv_lib_python3_12_site-packages_PyQt6_Qt6_qml_QtQuick_Controls_FluentWinUI3_light_images["images"]\n    node_venv_lib_python3_12_site-packages_PyQt6_Qt6_qml_QtQuick_Controls_FluentWinUI3_light_images --> node_venv_lib_python3_12_site-packages_PyQt6_Qt6_qml_QtQuick_Controls_FluentWinUI3_light_images_rangeslider-first-handle@2x_png["rangeslider-first-handle@2x.png"]\n    Root --> node_venv["venv"]\n    node_venv --> node_venv_lib["lib"]\n    node_venv_lib --> node_venv_lib_python3_12["python3.12"]\n    node_venv_lib_python3_12 --> node_venv_lib_python3_12_site-packages["site-packages"]\n    node_venv_lib_python3_12_site-packages --> node_venv_lib_python3_12_site-packages_PyQt6["PyQt6"]\n    node_venv_lib_python3_12_site-packages_PyQt6 --> node_venv_lib_python3_12_site-packages_PyQt6_Qt6["Qt6"]\n    node_venv_lib_python3_12_site-packages_PyQt6_Qt6 --> node_venv_lib_python3_12_site-packages_PyQt6_Qt6_qml["qml"]\n    node_venv_lib_python3_12_site-packages_PyQt6_Qt6_qml --> node_venv_lib_python3_12_site-packages_PyQt6_Qt6_qml_QtQuick["QtQuick"]\n    node_venv_lib_python3_12_site-packages_PyQt6_Qt6_qml_QtQuick --> node_venv_lib_python3_12_site-packages_PyQt6_Qt6_qml_QtQuick_Controls["Controls"]\n    node_venv_lib_python3_12_site-packages_PyQt6_Qt6_qml_QtQuick_Controls --> node_venv_lib_python3_12_site-packages_PyQt6_Qt6_qml_QtQuick_Controls_FluentWinUI3["FluentWinUI3"]\n    node_venv_lib_python3_12_site-packages_PyQt6_Qt6_qml_QtQuick_Controls_FluentWinUI3 --> node_venv_lib_python3_12_site-packages_PyQt6_Qt6_qml_QtQuick_Controls_FluentWinUI3_light["light"]\n    node_venv_lib_python3_12_site-packages_PyQt6_Qt6_qml_QtQuick_Controls_FluentWinUI3_light --> node_venv_lib_python3_12_site-packages_PyQt6_Qt6_qml_QtQuick_Controls_FluentWinUI3_light_images["images"]\n    node_venv_lib_python3_12_site-packages_PyQt6_Qt6_qml_QtQuick_Controls_FluentWinUI3_light_images --> node_venv_lib_python3_12_site-packages_PyQt6_Qt6_qml_QtQuick_Controls_FluentWinUI3_light_images_rangeslider-first-handle@3x_png["rangeslider-first-handle@3x.png"]\n    Root --> node_venv["venv"]\n    node_venv --> node_venv_lib["lib"]\n    node_venv_lib --> node_venv_lib_python3_12["python3.12"]\n    node_venv_lib_python3_12 --> node_venv_lib_python3_12_site-packages["site-packages"]\n    node_venv_lib_python3_12_site-packages --> node_venv_lib_python3_12_site-packages_PyQt6["PyQt6"]\n    node_venv_lib_python3_12_site-packages_PyQt6 --> node_venv_lib_python3_12_site-packages_PyQt6_Qt6["Qt6"]\n    node_venv_lib_python3_12_site-packages_PyQt6_Qt6 --> node_venv_lib_python3_12_site-packages_PyQt6_Qt6_qml["qml"]\n    node_venv_lib_python3_12_site-packages_PyQt6_Qt6_qml --> node_venv_lib_python3_12_site-packages_PyQt6_Qt6_qml_QtQuick["QtQuick"]\n    node_venv_lib_python3_12_site-packages_PyQt6_Qt6_qml_QtQuick --> node_venv_lib_python3_12_site-packages_PyQt6_Qt6_qml_QtQuick_Controls["Controls"]\n    node_venv_lib_python3_12_site-packages_PyQt6_Qt6_qml_QtQuick_Controls --> node_venv_lib_python3_12_site-packages_PyQt6_Qt6_qml_QtQuick_Controls_FluentWinUI3["FluentWinUI3"]\n    node_venv_lib_python3_12_site-packages_PyQt6_Qt6_qml_QtQuick_Controls_FluentWinUI3 --> node_venv_lib_python3_12_site-packages_PyQt6_Qt6_qml_QtQuick_Controls_FluentWinUI3_light["light"]\n    node_venv_lib_python3_12_site-packages_PyQt6_Qt6_qml_QtQuick_Controls_FluentWinUI3_light --> node_venv_lib_python3_12_site-packages_PyQt6_Qt6_qml_QtQuick_Controls_FluentWinUI3_light_images["images"]\n    node_venv_lib_python3_12_site-packages_PyQt6_Qt6_qml_QtQuick_Controls_FluentWinUI3_light_images --> node_venv_lib_python3_12_site-packages_PyQt6_Qt6_qml_QtQuick_Controls_FluentWinUI3_light_images_rangeslider-groove-disabled_png["rangeslider-groove-disabled.png"]\n    Root --> node_venv["venv"]\n    node_venv --> node_venv_lib["lib"]\n    node_venv_lib --> node_venv_lib_python3_12["python3.12"]\n    node_venv_lib_python3_12 --> node_venv_lib_python3_12_site-packages["site-packages"]\n    node_venv_lib_python3_12_site-packages --> node_venv_lib_python3_12_site-packages_PyQt6["PyQt6"]\n    node_venv_lib_python3_12_site-packages_PyQt6 --> node_venv_lib_python3_12_site-packages_PyQt6_Qt6["Qt6"]\n    node_venv_lib_python3_12_site-packages_PyQt6_Qt6 --> node_venv_lib_python3_12_site-packages_PyQt6_Qt6_qml["qml"]\n    node_venv_lib_python3_12_site-packages_PyQt6_Qt6_qml --> node_venv_lib_python3_12_site-packages_PyQt6_Qt6_qml_QtQuick["QtQuick"]\n    node_venv_lib_python3_12_site-packages_PyQt6_Qt6_qml_QtQuick --> node_venv_lib_python3_12_site-packages_PyQt6_Qt6_qml_QtQuick_Controls["Controls"]\n    node_venv_lib_python3_12_site-packages_PyQt6_Qt6_qml_QtQuick_Controls --> node_venv_lib_python3_12_site-packages_PyQt6_Qt6_qml_QtQuick_Controls_FluentWinUI3["FluentWinUI3"]\n    node_venv_lib_python3_12_site-packages_PyQt6_Qt6_qml_QtQuick_Controls_FluentWinUI3 --> node_venv_lib_python3_12_site-packages_PyQt6_Qt6_qml_QtQuick_Controls_FluentWinUI3_light["light"]\n    node_venv_lib_python3_12_site-packages_PyQt6_Qt6_qml_QtQuick_Controls_FluentWinUI3_light --> node_venv_lib_python3_12_site-packages_PyQt6_Qt6_qml_QtQuick_Controls_FluentWinUI3_light_images["images"]\n    node_venv_lib_python3_12_site-packages_PyQt6_Qt6_qml_QtQuick_Controls_FluentWinUI3_light_images --> node_venv_lib_python3_12_site-packages_PyQt6_Qt6_qml_QtQuick_Controls_FluentWinUI3_light_images_rangeslider-groove-disabled@2x_png["rangeslider-groove-disabled@2x.png"]\n    Root --> node_venv["venv"]\n    node_venv --> node_venv_lib["lib"]\n    node_venv_lib --> node_venv_lib_python3_12["python3.12"]\n    node_venv_lib_python3_12 --> node_venv_lib_python3_12_site-packages["site-packages"]\n    node_venv_lib_python3_12_site-packages --> node_venv_lib_python3_12_site-packages_PyQt6["PyQt6"]\n    node_venv_lib_python3_12_site-packages_PyQt6 --> node_venv_lib_python3_12_site-packages_PyQt6_Qt6["Qt6"]\n    node_venv_lib_python3_12_site-packages_PyQt6_Qt6 --> node_venv_lib_python3_12_site-packages_PyQt6_Qt6_qml["qml"]\n    node_venv_lib_python3_12_site-packages_PyQt6_Qt6_qml --> node_venv_lib_python3_12_site-packages_PyQt6_Qt6_qml_QtQuick["QtQuick"]\n    node_venv_lib_python3_12_site-packages_PyQt6_Qt6_qml_QtQuick --> node_venv_lib_python3_12_site-packages_PyQt6_Qt6_qml_QtQuick_Controls["Controls"]\n    node_venv_lib_python3_12_site-packages_PyQt6_Qt6_qml_QtQuick_Controls --> node_venv_lib_python3_12_site-packages_PyQt6_Qt6_qml_QtQuick_Controls_FluentWinUI3["FluentWinUI3"]\n    node_venv_lib_python3_12_site-packages_PyQt6_Qt6_qml_QtQuick_Controls_FluentWinUI3 --> node_venv_lib_python3_12_site-packages_PyQt6_Qt6_qml_QtQuick_Controls_FluentWinUI3_light["light"]\n    node_venv_lib_python3_12_site-packages_PyQt6_Qt6_qml_QtQuick_Controls_FluentWinUI3_light --> node_venv_lib_python3_12_site-packages_PyQt6_Qt6_qml_QtQuick_Controls_FluentWinUI3_light_images["images"]\n    node_venv_lib_python3_12_site-packages_PyQt6_Qt6_qml_QtQuick_Controls_FluentWinUI3_light_images --> node_venv_lib_python3_12_site-packages_PyQt6_Qt6_qml_QtQuick_Controls_FluentWinUI3_light_images_rangeslider-groove-disabled@3x_png["rangeslider-groove-disabled@3x.png"]\n    Root --> node_venv["venv"]\n    node_venv --> node_venv_lib["lib"]\n    node_venv_lib --> node_venv_lib_python3_12["python3.12"]\n    node_venv_lib_python3_12 --> node_venv_lib_python3_12_site-packages["site-packages"]\n    node_venv_lib_python3_12_site-packages --> node_venv_lib_python3_12_site-packages_PyQt6["PyQt6"]\n    node_venv_lib_python3_12_site-packages_PyQt6 --> node_venv_lib_python3_12_site-packages_PyQt6_Qt6["Qt6"]\n    node_venv_lib_python3_12_site-packages_PyQt6_Qt6 --> node_venv_lib_python3_12_site-packages_PyQt6_Qt6_qml["qml"]\n    node_venv_lib_python3_12_site-packages_PyQt6_Qt6_qml --> node_venv_lib_python3_12_site-packages_PyQt6_Qt6_qml_QtQuick["QtQuick"]\n    node_venv_lib_python3_12_site-packages_PyQt6_Qt6_qml_QtQuick --> node_venv_lib_python3_12_site-packages_PyQt6_Qt6_qml_QtQuick_Controls["Controls"]\n    node_venv_lib_python3_12_site-packages_PyQt6_Qt6_qml_QtQuick_Controls --> node_venv_lib_python3_12_site-packages_PyQt6_Qt6_qml_QtQuick_Controls_FluentWinUI3["FluentWinUI3"]\n    node_venv_lib_python3_12_site-packages_PyQt6_Qt6_qml_QtQuick_Controls_FluentWinUI3 --> node_venv_lib_python3_12_site-packages_PyQt6_Qt6_qml_QtQuick_Controls_FluentWinUI3_light["light"]\n    node_venv_lib_python3_12_site-packages_PyQt6_Qt6_qml_QtQuick_Controls_FluentWinUI3_light --> node_venv_lib_python3_12_site-packages_PyQt6_Qt6_qml_QtQuick_Controls_FluentWinUI3_light_images["images"]\n    node_venv_lib_python3_12_site-packages_PyQt6_Qt6_qml_QtQuick_Controls_FluentWinUI3_light_images --> node_venv_lib_python3_12_site-packages_PyQt6_Qt6_qml_QtQuick_Controls_FluentWinUI3_light_images_rangeslider-groove-handle-pressed_png["rangeslider-groove-handle-pressed.png"]\n    Root --> node_venv["venv"]\n    node_venv --> node_venv_lib["lib"]\n    node_venv_lib --> node_venv_lib_python3_12["python3.12"]\n    node_venv_lib_python3_12 --> node_venv_lib_python3_12_site-packages["site-packages"]\n    node_venv_lib_python3_12_site-packages --> node_venv_lib_python3_12_site-packages_PyQt6["PyQt6"]\n    node_venv_lib_python3_12_site-packages_PyQt6 --> node_venv_lib_python3_12_site-packages_PyQt6_Qt6["Qt6"]\n    node_venv_lib_python3_12_site-packages_PyQt6_Qt6 --> node_venv_lib_python3_12_site-packages_PyQt6_Qt6_qml["qml"]\n    node_venv_lib_python3_12_site-packages_PyQt6_Qt6_qml --> node_venv_lib_python3_12_site-packages_PyQt6_Qt6_qml_QtQuick["QtQuick"]\n    node_venv_lib_python3_12_site-packages_PyQt6_Qt6_qml_QtQuick --> node_venv_lib_python3_12_site-packages_PyQt6_Qt6_qml_QtQuick_Controls["Controls"]\n    node_venv_lib_python3_12_site-packages_PyQt6_Qt6_qml_QtQuick_Controls --> node_venv_lib_python3_12_site-packages_PyQt6_Qt6_qml_QtQuick_Controls_FluentWinUI3["FluentWinUI3"]\n    node_venv_lib_python3_12_site-packages_PyQt6_Qt6_qml_QtQuick_Controls_FluentWinUI3 --> node_venv_lib_python3_12_site-packages_PyQt6_Qt6_qml_QtQuick_Controls_FluentWinUI3_light["light"]\n    node_venv_lib_python3_12_site-packages_PyQt6_Qt6_qml_QtQuick_Controls_FluentWinUI3_light --> node_venv_lib_python3_12_site-packages_PyQt6_Qt6_qml_QtQuick_Controls_FluentWinUI3_light_images["images"]\n    node_venv_lib_python3_12_site-packages_PyQt6_Qt6_qml_QtQuick_Controls_FluentWinUI3_light_images --> node_venv_lib_python3_12_site-packages_PyQt6_Qt6_qml_QtQuick_Controls_FluentWinUI3_light_images_rangeslider-groove-handle-pressed@2x_png["rangeslider-groove-handle-pressed@2x.png"]\n    Root --> node_venv["venv"]\n    node_venv --> node_venv_lib["lib"]\n    node_venv_lib --> node_venv_lib_python3_12["python3.12"]\n    node_venv_lib_python3_12 --> node_venv_lib_python3_12_site-packages["site-packages"]\n    node_venv_lib_python3_12_site-packages --> node_venv_lib_python3_12_site-packages_PyQt6["PyQt6"]\n    node_venv_lib_python3_12_site-packages_PyQt6 --> node_venv_lib_python3_12_site-packages_PyQt6_Qt6["Qt6"]\n    node_venv_lib_python3_12_site-packages_PyQt6_Qt6 --> node_venv_lib_python3_12_site-packages_PyQt6_Qt6_qml["qml"]\n    node_venv_lib_python3_12_site-packages_PyQt6_Qt6_qml --> node_venv_lib_python3_12_site-packages_PyQt6_Qt6_qml_QtQuick["QtQuick"]\n    node_venv_lib_python3_12_site-packages_PyQt6_Qt6_qml_QtQuick --> node_venv_lib_python3_12_site-packages_PyQt6_Qt6_qml_QtQuick_Controls["Controls"]\n    node_venv_lib_python3_12_site-packages_PyQt6_Qt6_qml_QtQuick_Controls --> node_venv_lib_python3_12_site-packages_PyQt6_Qt6_qml_QtQuick_Controls_FluentWinUI3["FluentWinUI3"]\n    node_venv_lib_python3_12_site-packages_PyQt6_Qt6_qml_QtQuick_Controls_FluentWinUI3 --> node_venv_lib_python3_12_site-packages_PyQt6_Qt6_qml_QtQuick_Controls_FluentWinUI3_light["light"]\n    node_venv_lib_python3_12_site-packages_PyQt6_Qt6_qml_QtQuick_Controls_FluentWinUI3_light --> node_venv_lib_python3_12_site-packages_PyQt6_Qt6_qml_QtQuick_Controls_FluentWinUI3_light_images["images"]\n    node_venv_lib_python3_12_site-packages_PyQt6_Qt6_qml_QtQuick_Controls_FluentWinUI3_light_images --> node_venv_lib_python3_12_site-packages_PyQt6_Qt6_qml_QtQuick_Controls_FluentWinUI3_light_images_rangeslider-groove-handle-pressed@3x_png["rangeslider-groove-handle-pressed@3x.png"]\n    Root --> node_venv["venv"]\n    node_venv --> node_venv_lib["lib"]\n    node_venv_lib --> node_venv_lib_python3_12["python3.12"]\n    node_venv_lib_python3_12 --> node_venv_lib_python3_12_site-packages["site-packages"]\n    node_venv_lib_python3_12_site-packages --> node_venv_lib_python3_12_site-packages_PyQt6["PyQt6"]\n    node_venv_lib_python3_12_site-packages_PyQt6 --> node_venv_lib_python3_12_site-packages_PyQt6_Qt6["Qt6"]\n    node_venv_lib_python3_12_site-packages_PyQt6_Qt6 --> node_venv_lib_python3_12_site-packages_PyQt6_Qt6_qml["qml"]\n    node_venv_lib_python3_12_site-packages_PyQt6_Qt6_qml --> node_venv_lib_python3_12_site-packages_PyQt6_Qt6_qml_QtQuick["QtQuick"]\n    node_venv_lib_python3_12_site-packages_PyQt6_Qt6_qml_QtQuick --> node_venv_lib_python3_12_site-packages_PyQt6_Qt6_qml_QtQuick_Controls["Controls"]\n    node_venv_lib_python3_12_site-packages_PyQt6_Qt6_qml_QtQuick_Controls --> node_venv_lib_python3_12_site-packages_PyQt6_Qt6_qml_QtQuick_Controls_FluentWinUI3["FluentWinUI3"]\n    node_venv_lib_python3_12_site-packages_PyQt6_Qt6_qml_QtQuick_Controls_FluentWinUI3 --> node_venv_lib_python3_12_site-packages_PyQt6_Qt6_qml_QtQuick_Controls_FluentWinUI3_light["light"]\n    node_venv_lib_python3_12_site-packages_PyQt6_Qt6_qml_QtQuick_Controls_FluentWinUI3_light --> node_venv_lib_python3_12_site-packages_PyQt6_Qt6_qml_QtQuick_Controls_FluentWinUI3_light_images["images"]\n    node_venv_lib_python3_12_site-packages_PyQt6_Qt6_qml_QtQuick_Controls_FluentWinUI3_light_images --> node_venv_lib_python3_12_site-packages_PyQt6_Qt6_qml_QtQuick_Controls_FluentWinUI3_light_images_rangeslider-groove-hovered_png["rangeslider-groove-hovered.png"]\n    Root --> node_venv["venv"]\n    node_venv --> node_venv_lib["lib"]\n    node_venv_lib --> node_venv_lib_python3_12["python3.12"]\n    node_venv_lib_python3_12 --> node_venv_lib_python3_12_site-packages["site-packages"]\n    node_venv_lib_python3_12_site-packages --> node_venv_lib_python3_12_site-packages_PyQt6["PyQt6"]\n    node_venv_lib_python3_12_site-packages_PyQt6 --> node_venv_lib_python3_12_site-packages_PyQt6_Qt6["Qt6"]\n    node_venv_lib_python3_12_site-packages_PyQt6_Qt6 --> node_venv_lib_python3_12_site-packages_PyQt6_Qt6_qml["qml"]\n    node_venv_lib_python3_12_site-packages_PyQt6_Qt6_qml --> node_venv_lib_python3_12_site-packages_PyQt6_Qt6_qml_QtQuick["QtQuick"]\n    node_venv_lib_python3_12_site-packages_PyQt6_Qt6_qml_QtQuick --> node_venv_lib_python3_12_site-packages_PyQt6_Qt6_qml_QtQuick_Controls["Controls"]\n    node_venv_lib_python3_12_site-packages_PyQt6_Qt6_qml_QtQuick_Controls --> node_venv_lib_python3_12_site-packages_PyQt6_Qt6_qml_QtQuick_Controls_FluentWinUI3["FluentWinUI3"]\n    node_venv_lib_python3_12_site-packages_PyQt6_Qt6_qml_QtQuick_Controls_FluentWinUI3 --> node_venv_lib_python3_12_site-packages_PyQt6_Qt6_qml_QtQuick_Controls_FluentWinUI3_light["light"]\n    node_venv_lib_python3_12_site-packages_PyQt6_Qt6_qml_QtQuick_Controls_FluentWinUI3_light --> node_venv_lib_python3_12_site-packages_PyQt6_Qt6_qml_QtQuick_Controls_FluentWinUI3_light_images["images"]\n    node_venv_lib_python3_12_site-packages_PyQt6_Qt6_qml_QtQuick_Controls_FluentWinUI3_light_images --> node_venv_lib_python3_12_site-packages_PyQt6_Qt6_qml_QtQuick_Controls_FluentWinUI3_light_images_rangeslider-groove-hovered@2x_png["rangeslider-groove-hovered@2x.png"]\n    Root --> node_venv["venv"]\n    node_venv --> node_venv_lib["lib"]\n    node_venv_lib --> node_venv_lib_python3_12["python3.12"]\n    node_venv_lib_python3_12 --> node_venv_lib_python3_12_site-packages["site-packages"]\n    node_venv_lib_python3_12_site-packages --> node_venv_lib_python3_12_site-packages_PyQt6["PyQt6"]\n    node_venv_lib_python3_12_site-packages_PyQt6 --> node_venv_lib_python3_12_site-packages_PyQt6_Qt6["Qt6"]\n    node_venv_lib_python3_12_site-packages_PyQt6_Qt6 --> node_venv_lib_python3_12_site-packages_PyQt6_Qt6_qml["qml"]\n    node_venv_lib_python3_12_site-packages_PyQt6_Qt6_qml --> node_venv_lib_python3_12_site-packages_PyQt6_Qt6_qml_QtQuick["QtQuick"]\n    node_venv_lib_python3_12_site-packages_PyQt6_Qt6_qml_QtQuick --> node_venv_lib_python3_12_site-packages_PyQt6_Qt6_qml_QtQuick_Controls["Controls"]\n    node_venv_lib_python3_12_site-packages_PyQt6_Qt6_qml_QtQuick_Controls --> node_venv_lib_python3_12_site-packages_PyQt6_Qt6_qml_QtQuick_Controls_FluentWinUI3["FluentWinUI3"]\n    node_venv_lib_python3_12_site-packages_PyQt6_Qt6_qml_QtQuick_Controls_FluentWinUI3 --> node_venv_lib_python3_12_site-packages_PyQt6_Qt6_qml_QtQuick_Controls_FluentWinUI3_light["light"]\n    node_venv_lib_python3_12_site-packages_PyQt6_Qt6_qml_QtQuick_Controls_FluentWinUI3_light --> node_venv_lib_python3_12_site-packages_PyQt6_Qt6_qml_QtQuick_Controls_FluentWinUI3_light_images["images"]\n    node_venv_lib_python3_12_site-packages_PyQt6_Qt6_qml_QtQuick_Controls_FluentWinUI3_light_images --> node_venv_lib_python3_12_site-packages_PyQt6_Qt6_qml_QtQuick_Controls_FluentWinUI3_light_images_rangeslider-groove-hovered@3x_png["rangeslider-groove-hovered@3x.png"]\n    Root --> node_venv["venv"]\n    node_venv --> node_venv_lib["lib"]\n    node_venv_lib --> node_venv_lib_python3_12["python3.12"]\n    node_venv_lib_python3_12 --> node_venv_lib_python3_12_site-packages["site-packages"]\n    node_venv_lib_python3_12_site-packages --> node_venv_lib_python3_12_site-packages_PyQt6["PyQt6"]\n    node_venv_lib_python3_12_site-packages_PyQt6 --> node_venv_lib_python3_12_site-packages_PyQt6_Qt6["Qt6"]\n    node_venv_lib_python3_12_site-packages_PyQt6_Qt6 --> node_venv_lib_python3_12_site-packages_PyQt6_Qt6_qml["qml"]\n    node_venv_lib_python3_12_site-packages_PyQt6_Qt6_qml --> node_venv_lib_python3_12_site-packages_PyQt6_Qt6_qml_QtQuick["QtQuick"]\n    node_venv_lib_python3_12_site-packages_PyQt6_Qt6_qml_QtQuick --> node_venv_lib_python3_12_site-packages_PyQt6_Qt6_qml_QtQuick_Controls["Controls"]\n    node_venv_lib_python3_12_site-packages_PyQt6_Qt6_qml_QtQuick_Controls --> node_venv_lib_python3_12_site-packages_PyQt6_Qt6_qml_QtQuick_Controls_FluentWinUI3["FluentWinUI3"]\n    node_venv_lib_python3_12_site-packages_PyQt6_Qt6_qml_QtQuick_Controls_FluentWinUI3 --> node_venv_lib_python3_12_site-packages_PyQt6_Qt6_qml_QtQuick_Controls_FluentWinUI3_light["light"]\n    node_venv_lib_python3_12_site-packages_PyQt6_Qt6_qml_QtQuick_Controls_FluentWinUI3_light --> node_venv_lib_python3_12_site-packages_PyQt6_Qt6_qml_QtQuick_Controls_FluentWinUI3_light_images["images"]\n    node_venv_lib_python3_12_site-packages_PyQt6_Qt6_qml_QtQuick_Controls_FluentWinUI3_light_images --> node_venv_lib_python3_12_site-packages_PyQt6_Qt6_qml_QtQuick_Controls_FluentWinUI3_light_images_rangeslider-groove_png["rangeslider-groove.png"]\n    Root --> node_venv["venv"]\n    node_venv --> node_venv_lib["lib"]\n    node_venv_lib --> node_venv_lib_python3_12["python3.12"]\n    node_venv_lib_python3_12 --> node_venv_lib_python3_12_site-packages["site-packages"]\n    node_venv_lib_python3_12_site-packages --> node_venv_lib_python3_12_site-packages_PyQt6["PyQt6"]\n    node_venv_lib_python3_12_site-packages_PyQt6 --> node_venv_lib_python3_12_site-packages_PyQt6_Qt6["Qt6"]\n    node_venv_lib_python3_12_site-packages_PyQt6_Qt6 --> node_venv_lib_python3_12_site-packages_PyQt6_Qt6_qml["qml"]\n    node_venv_lib_python3_12_site-packages_PyQt6_Qt6_qml --> node_venv_lib_python3_12_site-packages_PyQt6_Qt6_qml_QtQuick["QtQuick"]\n    node_venv_lib_python3_12_site-packages_PyQt6_Qt6_qml_QtQuick --> node_venv_lib_python3_12_site-packages_PyQt6_Qt6_qml_QtQuick_Controls["Controls"]\n    node_venv_lib_python3_12_site-packages_PyQt6_Qt6_qml_QtQuick_Controls --> node_venv_lib_python3_12_site-packages_PyQt6_Qt6_qml_QtQuick_Controls_FluentWinUI3["FluentWinUI3"]\n    node_venv_lib_python3_12_site-packages_PyQt6_Qt6_qml_QtQuick_Controls_FluentWinUI3 --> node_venv_lib_python3_12_site-packages_PyQt6_Qt6_qml_QtQuick_Controls_FluentWinUI3_light["light"]\n    node_venv_lib_python3_12_site-packages_PyQt6_Qt6_qml_QtQuick_Controls_FluentWinUI3_light --> node_venv_lib_python3_12_site-packages_PyQt6_Qt6_qml_QtQuick_Controls_FluentWinUI3_light_images["images"]\n    node_venv_lib_python3_12_site-packages_PyQt6_Qt6_qml_QtQuick_Controls_FluentWinUI3_light_images --> node_venv_lib_python3_12_site-packages_PyQt6_Qt6_qml_QtQuick_Controls_FluentWinUI3_light_images_rangeslider-groove@2x_png["rangeslider-groove@2x.png"]\n    Root --> node_venv["venv"]\n    node_venv --> node_venv_lib["lib"]\n    node_venv_lib --> node_venv_lib_python3_12["python3.12"]\n    node_venv_lib_python3_12 --> node_venv_lib_python3_12_site-packages["site-packages"]\n    node_venv_lib_python3_12_site-packages --> node_venv_lib_python3_12_site-packages_PyQt6["PyQt6"]\n    node_venv_lib_python3_12_site-packages_PyQt6 --> node_venv_lib_python3_12_site-packages_PyQt6_Qt6["Qt6"]\n    node_venv_lib_python3_12_site-packages_PyQt6_Qt6 --> node_venv_lib_python3_12_site-packages_PyQt6_Qt6_qml["qml"]\n    node_venv_lib_python3_12_site-packages_PyQt6_Qt6_qml --> node_venv_lib_python3_12_site-packages_PyQt6_Qt6_qml_QtQuick["QtQuick"]\n    node_venv_lib_python3_12_site-packages_PyQt6_Qt6_qml_QtQuick --> node_venv_lib_python3_12_site-packages_PyQt6_Qt6_qml_QtQuick_Controls["Controls"]\n    node_venv_lib_python3_12_site-packages_PyQt6_Qt6_qml_QtQuick_Controls --> node_venv_lib_python3_12_site-packages_PyQt6_Qt6_qml_QtQuick_Controls_FluentWinUI3["FluentWinUI3"]\n    node_venv_lib_python3_12_site-packages_PyQt6_Qt6_qml_QtQuick_Controls_FluentWinUI3 --> node_venv_lib_python3_12_site-packages_PyQt6_Qt6_qml_QtQuick_Controls_FluentWinUI3_light["light"]\n    node_venv_lib_python3_12_site-packages_PyQt6_Qt6_qml_QtQuick_Controls_FluentWinUI3_light --> node_venv_lib_python3_12_site-packages_PyQt6_Qt6_qml_QtQuick_Controls_FluentWinUI3_light_images["images"]\n    node_venv_lib_python3_12_site-packages_PyQt6_Qt6_qml_QtQuick_Controls_FluentWinUI3_light_images --> node_venv_lib_python3_12_site-packages_PyQt6_Qt6_qml_QtQuick_Controls_FluentWinUI3_light_images_rangeslider-groove@3x_png["rangeslider-groove@3x.png"]\n    Root --> node_venv["venv"]\n    node_venv --> node_venv_lib["lib"]\n    node_venv_lib --> node_venv_lib_python3_12["python3.12"]\n    node_venv_lib_python3_12 --> node_venv_lib_python3_12_site-packages["site-packages"]\n    node_venv_lib_python3_12_site-packages --> node_venv_lib_python3_12_site-packages_PyQt6["PyQt6"]\n    node_venv_lib_python3_12_site-packages_PyQt6 --> node_venv_lib_python3_12_site-packages_PyQt6_Qt6["Qt6"]\n    node_venv_lib_python3_12_site-packages_PyQt6_Qt6 --> node_venv_lib_python3_12_site-packages_PyQt6_Qt6_qml["qml"]\n    node_venv_lib_python3_12_site-packages_PyQt6_Qt6_qml --> node_venv_lib_python3_12_site-packages_PyQt6_Qt6_qml_QtQuick["QtQuick"]\n    node_venv_lib_python3_12_site-packages_PyQt6_Qt6_qml_QtQuick --> node_venv_lib_python3_12_site-packages_PyQt6_Qt6_qml_QtQuick_Controls["Controls"]\n    node_venv_lib_python3_12_site-packages_PyQt6_Qt6_qml_QtQuick_Controls --> node_venv_lib_python3_12_site-packages_PyQt6_Qt6_qml_QtQuick_Controls_FluentWinUI3["FluentWinUI3"]\n    node_venv_lib_python3_12_site-packages_PyQt6_Qt6_qml_QtQuick_Controls_FluentWinUI3 --> node_venv_lib_python3_12_site-packages_PyQt6_Qt6_qml_QtQuick_Controls_FluentWinUI3_light["light"]\n    node_venv_lib_python3_12_site-packages_PyQt6_Qt6_qml_QtQuick_Controls_FluentWinUI3_light --> node_venv_lib_python3_12_site-packages_PyQt6_Qt6_qml_QtQuick_Controls_FluentWinUI3_light_images["images"]\n    node_venv_lib_python3_12_site-packages_PyQt6_Qt6_qml_QtQuick_Controls_FluentWinUI3_light_images --> node_venv_lib_python3_12_site-packages_PyQt6_Qt6_qml_QtQuick_Controls_FluentWinUI3_light_images_rangeslider-second-handle-disabled_png["rangeslider-second-handle-disabled.png"]\n    Root --> node_venv["venv"]\n    node_venv --> node_venv_lib["lib"]\n    node_venv_lib --> node_venv_lib_python3_12["python3.12"]\n    node_venv_lib_python3_12 --> node_venv_lib_python3_12_site-packages["site-packages"]\n    node_venv_lib_python3_12_site-packages --> node_venv_lib_python3_12_site-packages_PyQt6["PyQt6"]\n    node_venv_lib_python3_12_site-packages_PyQt6 --> node_venv_lib_python3_12_site-packages_PyQt6_Qt6["Qt6"]\n    node_venv_lib_python3_12_site-packages_PyQt6_Qt6 --> node_venv_lib_python3_12_site-packages_PyQt6_Qt6_qml["qml"]\n    node_venv_lib_python3_12_site-packages_PyQt6_Qt6_qml --> node_venv_lib_python3_12_site-packages_PyQt6_Qt6_qml_QtQuick["QtQuick"]\n    node_venv_lib_python3_12_site-packages_PyQt6_Qt6_qml_QtQuick --> node_venv_lib_python3_12_site-packages_PyQt6_Qt6_qml_QtQuick_Controls["Controls"]\n    node_venv_lib_python3_12_site-packages_PyQt6_Qt6_qml_QtQuick_Controls --> node_venv_lib_python3_12_site-packages_PyQt6_Qt6_qml_QtQuick_Controls_FluentWinUI3["FluentWinUI3"]\n    node_venv_lib_python3_12_site-packages_PyQt6_Qt6_qml_QtQuick_Controls_FluentWinUI3 --> node_venv_lib_python3_12_site-packages_PyQt6_Qt6_qml_QtQuick_Controls_FluentWinUI3_light["light"]\n    node_venv_lib_python3_12_site-packages_PyQt6_Qt6_qml_QtQuick_Controls_FluentWinUI3_light --> node_venv_lib_python3_12_site-packages_PyQt6_Qt6_qml_QtQuick_Controls_FluentWinUI3_light_images["images"]\n    node_venv_lib_python3_12_site-packages_PyQt6_Qt6_qml_QtQuick_Controls_FluentWinUI3_light_images --> node_venv_lib_python3_12_site-packages_PyQt6_Qt6_qml_QtQuick_Controls_FluentWinUI3_light_images_rangeslider-second-handle-disabled@2x_png["rangeslider-second-handle-disabled@2x.png"]\n    Root --> node_venv["venv"]\n    node_venv --> node_venv_lib["lib"]\n    node_venv_lib --> node_venv_lib_python3_12["python3.12"]\n    node_venv_lib_python3_12 --> node_venv_lib_python3_12_site-packages["site-packages"]\n    node_venv_lib_python3_12_site-packages --> node_venv_lib_python3_12_site-packages_PyQt6["PyQt6"]\n    node_venv_lib_python3_12_site-packages_PyQt6 --> node_venv_lib_python3_12_site-packages_PyQt6_Qt6["Qt6"]\n    node_venv_lib_python3_12_site-packages_PyQt6_Qt6 --> node_venv_lib_python3_12_site-packages_PyQt6_Qt6_qml["qml"]\n    node_venv_lib_python3_12_site-packages_PyQt6_Qt6_qml --> node_venv_lib_python3_12_site-packages_PyQt6_Qt6_qml_QtQuick["QtQuick"]\n    node_venv_lib_python3_12_site-packages_PyQt6_Qt6_qml_QtQuick --> node_venv_lib_python3_12_site-packages_PyQt6_Qt6_qml_QtQuick_Controls["Controls"]\n    node_venv_lib_python3_12_site-packages_PyQt6_Qt6_qml_QtQuick_Controls --> node_venv_lib_python3_12_site-packages_PyQt6_Qt6_qml_QtQuick_Controls_FluentWinUI3["FluentWinUI3"]\n    node_venv_lib_python3_12_site-packages_PyQt6_Qt6_qml_QtQuick_Controls_FluentWinUI3 --> node_venv_lib_python3_12_site-packages_PyQt6_Qt6_qml_QtQuick_Controls_FluentWinUI3_light["light"]\n    node_venv_lib_python3_12_site-packages_PyQt6_Qt6_qml_QtQuick_Controls_FluentWinUI3_light --> node_venv_lib_python3_12_site-packages_PyQt6_Qt6_qml_QtQuick_Controls_FluentWinUI3_light_images["images"]\n    node_venv_lib_python3_12_site-packages_PyQt6_Qt6_qml_QtQuick_Controls_FluentWinUI3_light_images --> node_venv_lib_python3_12_site-packages_PyQt6_Qt6_qml_QtQuick_Controls_FluentWinUI3_light_images_rangeslider-second-handle-disabled@3x_png["rangeslider-second-handle-disabled@3x.png"]\n    Root --> node_venv["venv"]\n    node_venv --> node_venv_lib["lib"]\n    node_venv_lib --> node_venv_lib_python3_12["python3.12"]\n    node_venv_lib_python3_12 --> node_venv_lib_python3_12_site-packages["site-packages"]\n    node_venv_lib_python3_12_site-packages --> node_venv_lib_python3_12_site-packages_PyQt6["PyQt6"]\n    node_venv_lib_python3_12_site-packages_PyQt6 --> node_venv_lib_python3_12_site-packages_PyQt6_Qt6["Qt6"]\n    node_venv_lib_python3_12_site-packages_PyQt6_Qt6 --> node_venv_lib_python3_12_site-packages_PyQt6_Qt6_qml["qml"]\n    node_venv_lib_python3_12_site-packages_PyQt6_Qt6_qml --> node_venv_lib_python3_12_site-packages_PyQt6_Qt6_qml_QtQuick["QtQuick"]\n    node_venv_lib_python3_12_site-packages_PyQt6_Qt6_qml_QtQuick --> node_venv_lib_python3_12_site-packages_PyQt6_Qt6_qml_QtQuick_Controls["Controls"]\n    node_venv_lib_python3_12_site-packages_PyQt6_Qt6_qml_QtQuick_Controls --> node_venv_lib_python3_12_site-packages_PyQt6_Qt6_qml_QtQuick_Controls_FluentWinUI3["FluentWinUI3"]\n    node_venv_lib_python3_12_site-packages_PyQt6_Qt6_qml_QtQuick_Controls_FluentWinUI3 --> node_venv_lib_python3_12_site-packages_PyQt6_Qt6_qml_QtQuick_Controls_FluentWinUI3_light["light"]\n    node_venv_lib_python3_12_site-packages_PyQt6_Qt6_qml_QtQuick_Controls_FluentWinUI3_light --> node_venv_lib_python3_12_site-packages_PyQt6_Qt6_qml_QtQuick_Controls_FluentWinUI3_light_images["images"]\n    node_venv_lib_python3_12_site-packages_PyQt6_Qt6_qml_QtQuick_Controls_FluentWinUI3_light_images --> node_venv_lib_python3_12_site-packages_PyQt6_Qt6_qml_QtQuick_Controls_FluentWinUI3_light_images_rangeslider-second-handle-handle-pressed_png["rangeslider-second-handle-handle-pressed.png"]\n    Root --> node_venv["venv"]\n    node_venv --> node_venv_lib["lib"]\n    node_venv_lib --> node_venv_lib_python3_12["python3.12"]\n    node_venv_lib_python3_12 --> node_venv_lib_python3_12_site-packages["site-packages"]\n    node_venv_lib_python3_12_site-packages --> node_venv_lib_python3_12_site-packages_PyQt6["PyQt6"]\n    node_venv_lib_python3_12_site-packages_PyQt6 --> node_venv_lib_python3_12_site-packages_PyQt6_Qt6["Qt6"]\n    node_venv_lib_python3_12_site-packages_PyQt6_Qt6 --> node_venv_lib_python3_12_site-packages_PyQt6_Qt6_qml["qml"]\n    node_venv_lib_python3_12_site-packages_PyQt6_Qt6_qml --> node_venv_lib_python3_12_site-packages_PyQt6_Qt6_qml_QtQuick["QtQuick"]\n    node_venv_lib_python3_12_site-packages_PyQt6_Qt6_qml_QtQuick --> node_venv_lib_python3_12_site-packages_PyQt6_Qt6_qml_QtQuick_Controls["Controls"]\n    node_venv_lib_python3_12_site-packages_PyQt6_Qt6_qml_QtQuick_Controls --> node_venv_lib_python3_12_site-packages_PyQt6_Qt6_qml_QtQuick_Controls_FluentWinUI3["FluentWinUI3"]\n    node_venv_lib_python3_12_site-packages_PyQt6_Qt6_qml_QtQuick_Controls_FluentWinUI3 --> node_venv_lib_python3_12_site-packages_PyQt6_Qt6_qml_QtQuick_Controls_FluentWinUI3_light["light"]\n    node_venv_lib_python3_12_site-packages_PyQt6_Qt6_qml_QtQuick_Controls_FluentWinUI3_light --> node_venv_lib_python3_12_site-packages_PyQt6_Qt6_qml_QtQuick_Controls_FluentWinUI3_light_images["images"]\n    node_venv_lib_python3_12_site-packages_PyQt6_Qt6_qml_QtQuick_Controls_FluentWinUI3_light_images --> node_venv_lib_python3_12_site-packages_PyQt6_Qt6_qml_QtQuick_Controls_FluentWinUI3_light_images_rangeslider-second-handle-handle-pressed@2x_png["rangeslider-second-handle-handle-pressed@2x.png"]\n    Root --> node_venv["venv"]\n    node_venv --> node_venv_lib["lib"]\n    node_venv_lib --> node_venv_lib_python3_12["python3.12"]\n    node_venv_lib_python3_12 --> node_venv_lib_python3_12_site-packages["site-packages"]\n    node_venv_lib_python3_12_site-packages --> node_venv_lib_python3_12_site-packages_PyQt6["PyQt6"]\n    node_venv_lib_python3_12_site-packages_PyQt6 --> node_venv_lib_python3_12_site-packages_PyQt6_Qt6["Qt6"]\n    node_venv_lib_python3_12_site-packages_PyQt6_Qt6 --> node_venv_lib_python3_12_site-packages_PyQt6_Qt6_qml["qml"]\n    node_venv_lib_python3_12_site-packages_PyQt6_Qt6_qml --> node_venv_lib_python3_12_site-packages_PyQt6_Qt6_qml_QtQuick["QtQuick"]\n    node_venv_lib_python3_12_site-packages_PyQt6_Qt6_qml_QtQuick --> node_venv_lib_python3_12_site-packages_PyQt6_Qt6_qml_QtQuick_Controls["Controls"]\n    node_venv_lib_python3_12_site-packages_PyQt6_Qt6_qml_QtQuick_Controls --> node_venv_lib_python3_12_site-packages_PyQt6_Qt6_qml_QtQuick_Controls_FluentWinUI3["FluentWinUI3"]\n    node_venv_lib_python3_12_site-packages_PyQt6_Qt6_qml_QtQuick_Controls_FluentWinUI3 --> node_venv_lib_python3_12_site-packages_PyQt6_Qt6_qml_QtQuick_Controls_FluentWinUI3_light["light"]\n    node_venv_lib_python3_12_site-packages_PyQt6_Qt6_qml_QtQuick_Controls_FluentWinUI3_light --> node_venv_lib_python3_12_site-packages_PyQt6_Qt6_qml_QtQuick_Controls_FluentWinUI3_light_images["images"]\n    node_venv_lib_python3_12_site-packages_PyQt6_Qt6_qml_QtQuick_Controls_FluentWinUI3_light_images --> node_venv_lib_python3_12_site-packages_PyQt6_Qt6_qml_QtQuick_Controls_FluentWinUI3_light_images_rangeslider-second-handle-handle-pressed@3x_png["rangeslider-second-handle-handle-pressed@3x.png"]\n    Root --> node_venv["venv"]\n    node_venv --> node_venv_lib["lib"]\n    node_venv_lib --> node_venv_lib_python3_12["python3.12"]\n    node_venv_lib_python3_12 --> node_venv_lib_python3_12_site-packages["site-packages"]\n    node_venv_lib_python3_12_site-packages --> node_venv_lib_python3_12_site-packages_PyQt6["PyQt6"]\n    node_venv_lib_python3_12_site-packages_PyQt6 --> node_venv_lib_python3_12_site-packages_PyQt6_Qt6["Qt6"]\n    node_venv_lib_python3_12_site-packages_PyQt6_Qt6 --> node_venv_lib_python3_12_site-packages_PyQt6_Qt6_qml["qml"]\n    node_venv_lib_python3_12_site-packages_PyQt6_Qt6_qml --> node_venv_lib_python3_12_site-packages_PyQt6_Qt6_qml_QtQuick["QtQuick"]\n    node_venv_lib_python3_12_site-packages_PyQt6_Qt6_qml_QtQuick --> node_venv_lib_python3_12_site-packages_PyQt6_Qt6_qml_QtQuick_Controls["Controls"]\n    node_venv_lib_python3_12_site-packages_PyQt6_Qt6_qml_QtQuick_Controls --> node_venv_lib_python3_12_site-packages_PyQt6_Qt6_qml_QtQuick_Controls_FluentWinUI3["FluentWinUI3"]\n    node_venv_lib_python3_12_site-packages_PyQt6_Qt6_qml_QtQuick_Controls_FluentWinUI3 --> node_venv_lib_python3_12_site-packages_PyQt6_Qt6_qml_QtQuick_Controls_FluentWinUI3_light["light"]\n    node_venv_lib_python3_12_site-packages_PyQt6_Qt6_qml_QtQuick_Controls_FluentWinUI3_light --> node_venv_lib_python3_12_site-packages_PyQt6_Qt6_qml_QtQuick_Controls_FluentWinUI3_light_images["images"]\n    node_venv_lib_python3_12_site-packages_PyQt6_Qt6_qml_QtQuick_Controls_FluentWinUI3_light_images --> node_venv_lib_python3_12_site-packages_PyQt6_Qt6_qml_QtQuick_Controls_FluentWinUI3_light_images_rangeslider-second-handle-hovered_png["rangeslider-second-handle-hovered.png"]\n    Root --> node_venv["venv"]\n    node_venv --> node_venv_lib["lib"]\n    node_venv_lib --> node_venv_lib_python3_12["python3.12"]\n    node_venv_lib_python3_12 --> node_venv_lib_python3_12_site-packages["site-packages"]\n    node_venv_lib_python3_12_site-packages --> node_venv_lib_python3_12_site-packages_PyQt6["PyQt6"]\n    node_venv_lib_python3_12_site-packages_PyQt6 --> node_venv_lib_python3_12_site-packages_PyQt6_Qt6["Qt6"]\n    node_venv_lib_python3_12_site-packages_PyQt6_Qt6 --> node_venv_lib_python3_12_site-packages_PyQt6_Qt6_qml["qml"]\n    node_venv_lib_python3_12_site-packages_PyQt6_Qt6_qml --> node_venv_lib_python3_12_site-packages_PyQt6_Qt6_qml_QtQuick["QtQuick"]\n    node_venv_lib_python3_12_site-packages_PyQt6_Qt6_qml_QtQuick --> node_venv_lib_python3_12_site-packages_PyQt6_Qt6_qml_QtQuick_Controls["Controls"]\n    node_venv_lib_python3_12_site-packages_PyQt6_Qt6_qml_QtQuick_Controls --> node_venv_lib_python3_12_site-packages_PyQt6_Qt6_qml_QtQuick_Controls_FluentWinUI3["FluentWinUI3"]\n    node_venv_lib_python3_12_site-packages_PyQt6_Qt6_qml_QtQuick_Controls_FluentWinUI3 --> node_venv_lib_python3_12_site-packages_PyQt6_Qt6_qml_QtQuick_Controls_FluentWinUI3_light["light"]\n    node_venv_lib_python3_12_site-packages_PyQt6_Qt6_qml_QtQuick_Controls_FluentWinUI3_light --> node_venv_lib_python3_12_site-packages_PyQt6_Qt6_qml_QtQuick_Controls_FluentWinUI3_light_images["images"]\n    node_venv_lib_python3_12_site-packages_PyQt6_Qt6_qml_QtQuick_Controls_FluentWinUI3_light_images --> node_venv_lib_python3_12_site-packages_PyQt6_Qt6_qml_QtQuick_Controls_FluentWinUI3_light_images_rangeslider-second-handle-hovered@2x_png["rangeslider-second-handle-hovered@2x.png"]\n    Root --> node_venv["venv"]\n    node_venv --> node_venv_lib["lib"]\n    node_venv_lib --> node_venv_lib_python3_12["python3.12"]\n    node_venv_lib_python3_12 --> node_venv_lib_python3_12_site-packages["site-packages"]\n    node_venv_lib_python3_12_site-packages --> node_venv_lib_python3_12_site-packages_PyQt6["PyQt6"]\n    node_venv_lib_python3_12_site-packages_PyQt6 --> node_venv_lib_python3_12_site-packages_PyQt6_Qt6["Qt6"]\n    node_venv_lib_python3_12_site-packages_PyQt6_Qt6 --> node_venv_lib_python3_12_site-packages_PyQt6_Qt6_qml["qml"]\n    node_venv_lib_python3_12_site-packages_PyQt6_Qt6_qml --> node_venv_lib_python3_12_site-packages_PyQt6_Qt6_qml_QtQuick["QtQuick"]\n    node_venv_lib_python3_12_site-packages_PyQt6_Qt6_qml_QtQuick --> node_venv_lib_python3_12_site-packages_PyQt6_Qt6_qml_QtQuick_Controls["Controls"]\n    node_venv_lib_python3_12_site-packages_PyQt6_Qt6_qml_QtQuick_Controls --> node_venv_lib_python3_12_site-packages_PyQt6_Qt6_qml_QtQuick_Controls_FluentWinUI3["FluentWinUI3"]\n    node_venv_lib_python3_12_site-packages_PyQt6_Qt6_qml_QtQuick_Controls_FluentWinUI3 --> node_venv_lib_python3_12_site-packages_PyQt6_Qt6_qml_QtQuick_Controls_FluentWinUI3_light["light"]\n    node_venv_lib_python3_12_site-packages_PyQt6_Qt6_qml_QtQuick_Controls_FluentWinUI3_light --> node_venv_lib_python3_12_site-packages_PyQt6_Qt6_qml_QtQuick_Controls_FluentWinUI3_light_images["images"]\n    node_venv_lib_python3_12_site-packages_PyQt6_Qt6_qml_QtQuick_Controls_FluentWinUI3_light_images --> node_venv_lib_python3_12_site-packages_PyQt6_Qt6_qml_QtQuick_Controls_FluentWinUI3_light_images_rangeslider-second-handle-hovered@3x_png["rangeslider-second-handle-hovered@3x.png"]\n    Root --> node_venv["venv"]\n    node_venv --> node_venv_lib["lib"]\n    node_venv_lib --> node_venv_lib_python3_12["python3.12"]\n    node_venv_lib_python3_12 --> node_venv_lib_python3_12_site-packages["site-packages"]\n    node_venv_lib_python3_12_site-packages --> node_venv_lib_python3_12_site-packages_PyQt6["PyQt6"]\n    node_venv_lib_python3_12_site-packages_PyQt6 --> node_venv_lib_python3_12_site-packages_PyQt6_Qt6["Qt6"]\n    node_venv_lib_python3_12_site-packages_PyQt6_Qt6 --> node_venv_lib_python3_12_site-packages_PyQt6_Qt6_qml["qml"]\n    node_venv_lib_python3_12_site-packages_PyQt6_Qt6_qml --> node_venv_lib_python3_12_site-packages_PyQt6_Qt6_qml_QtQuick["QtQuick"]\n    node_venv_lib_python3_12_site-packages_PyQt6_Qt6_qml_QtQuick --> node_venv_lib_python3_12_site-packages_PyQt6_Qt6_qml_QtQuick_Controls["Controls"]\n    node_venv_lib_python3_12_site-packages_PyQt6_Qt6_qml_QtQuick_Controls --> node_venv_lib_python3_12_site-packages_PyQt6_Qt6_qml_QtQuick_Controls_FluentWinUI3["FluentWinUI3"]\n    node_venv_lib_python3_12_site-packages_PyQt6_Qt6_qml_QtQuick_Controls_FluentWinUI3 --> node_venv_lib_python3_12_site-packages_PyQt6_Qt6_qml_QtQuick_Controls_FluentWinUI3_light["light"]\n    node_venv_lib_python3_12_site-packages_PyQt6_Qt6_qml_QtQuick_Controls_FluentWinUI3_light --> node_venv_lib_python3_12_site-packages_PyQt6_Qt6_qml_QtQuick_Controls_FluentWinUI3_light_images["images"]\n    node_venv_lib_python3_12_site-packages_PyQt6_Qt6_qml_QtQuick_Controls_FluentWinUI3_light_images --> node_venv_lib_python3_12_site-packages_PyQt6_Qt6_qml_QtQuick_Controls_FluentWinUI3_light_images_rangeslider-second-handle_png["rangeslider-second-handle.png"]\n    Root --> node_venv["venv"]\n    node_venv --> node_venv_lib["lib"]\n    node_venv_lib --> node_venv_lib_python3_12["python3.12"]\n    node_venv_lib_python3_12 --> node_venv_lib_python3_12_site-packages["site-packages"]\n    node_venv_lib_python3_12_site-packages --> node_venv_lib_python3_12_site-packages_PyQt6["PyQt6"]\n    node_venv_lib_python3_12_site-packages_PyQt6 --> node_venv_lib_python3_12_site-packages_PyQt6_Qt6["Qt6"]\n    node_venv_lib_python3_12_site-packages_PyQt6_Qt6 --> node_venv_lib_python3_12_site-packages_PyQt6_Qt6_qml["qml"]\n    node_venv_lib_python3_12_site-packages_PyQt6_Qt6_qml --> node_venv_lib_python3_12_site-packages_PyQt6_Qt6_qml_QtQuick["QtQuick"]\n    node_venv_lib_python3_12_site-packages_PyQt6_Qt6_qml_QtQuick --> node_venv_lib_python3_12_site-packages_PyQt6_Qt6_qml_QtQuick_Controls["Controls"]\n    node_venv_lib_python3_12_site-packages_PyQt6_Qt6_qml_QtQuick_Controls --> node_venv_lib_python3_12_site-packages_PyQt6_Qt6_qml_QtQuick_Controls_FluentWinUI3["FluentWinUI3"]\n    node_venv_lib_python3_12_site-packages_PyQt6_Qt6_qml_QtQuick_Controls_FluentWinUI3 --> node_venv_lib_python3_12_site-packages_PyQt6_Qt6_qml_QtQuick_Controls_FluentWinUI3_light["light"]\n    node_venv_lib_python3_12_site-packages_PyQt6_Qt6_qml_QtQuick_Controls_FluentWinUI3_light --> node_venv_lib_python3_12_site-packages_PyQt6_Qt6_qml_QtQuick_Controls_FluentWinUI3_light_images["images"]\n    node_venv_lib_python3_12_site-packages_PyQt6_Qt6_qml_QtQuick_Controls_FluentWinUI3_light_images --> node_venv_lib_python3_12_site-packages_PyQt6_Qt6_qml_QtQuick_Controls_FluentWinUI3_light_images_rangeslider-second-handle@2x_png["rangeslider-second-handle@2x.png"]\n    Root --> node_venv["venv"]\n    node_venv --> node_venv_lib["lib"]\n    node_venv_lib --> node_venv_lib_python3_12["python3.12"]\n    node_venv_lib_python3_12 --> node_venv_lib_python3_12_site-packages["site-packages"]\n    node_venv_lib_python3_12_site-packages --> node_venv_lib_python3_12_site-packages_PyQt6["PyQt6"]\n    node_venv_lib_python3_12_site-packages_PyQt6 --> node_venv_lib_python3_12_site-packages_PyQt6_Qt6["Qt6"]\n    node_venv_lib_python3_12_site-packages_PyQt6_Qt6 --> node_venv_lib_python3_12_site-packages_PyQt6_Qt6_qml["qml"]\n    node_venv_lib_python3_12_site-packages_PyQt6_Qt6_qml --> node_venv_lib_python3_12_site-packages_PyQt6_Qt6_qml_QtQuick["QtQuick"]\n    node_venv_lib_python3_12_site-packages_PyQt6_Qt6_qml_QtQuick --> node_venv_lib_python3_12_site-packages_PyQt6_Qt6_qml_QtQuick_Controls["Controls"]\n    node_venv_lib_python3_12_site-packages_PyQt6_Qt6_qml_QtQuick_Controls --> node_venv_lib_python3_12_site-packages_PyQt6_Qt6_qml_QtQuick_Controls_FluentWinUI3["FluentWinUI3"]\n    node_venv_lib_python3_12_site-packages_PyQt6_Qt6_qml_QtQuick_Controls_FluentWinUI3 --> node_venv_lib_python3_12_site-packages_PyQt6_Qt6_qml_QtQuick_Controls_FluentWinUI3_light["light"]\n    node_venv_lib_python3_12_site-packages_PyQt6_Qt6_qml_QtQuick_Controls_FluentWinUI3_light --> node_venv_lib_python3_12_site-packages_PyQt6_Qt6_qml_QtQuick_Controls_FluentWinUI3_light_images["images"]\n    node_venv_lib_python3_12_site-packages_PyQt6_Qt6_qml_QtQuick_Controls_FluentWinUI3_light_images --> node_venv_lib_python3_12_site-packages_PyQt6_Qt6_qml_QtQuick_Controls_FluentWinUI3_light_images_rangeslider-second-handle@3x_png["rangeslider-second-handle@3x.png"]\n    Root --> node_venv["venv"]\n    node_venv --> node_venv_lib["lib"]\n    node_venv_lib --> node_venv_lib_python3_12["python3.12"]\n    node_venv_lib_python3_12 --> node_venv_lib_python3_12_site-packages["site-packages"]\n    node_venv_lib_python3_12_site-packages --> node_venv_lib_python3_12_site-packages_PyQt6["PyQt6"]\n    node_venv_lib_python3_12_site-packages_PyQt6 --> node_venv_lib_python3_12_site-packages_PyQt6_Qt6["Qt6"]\n    node_venv_lib_python3_12_site-packages_PyQt6_Qt6 --> node_venv_lib_python3_12_site-packages_PyQt6_Qt6_qml["qml"]\n    node_venv_lib_python3_12_site-packages_PyQt6_Qt6_qml --> node_venv_lib_python3_12_site-packages_PyQt6_Qt6_qml_QtQuick["QtQuick"]\n    node_venv_lib_python3_12_site-packages_PyQt6_Qt6_qml_QtQuick --> node_venv_lib_python3_12_site-packages_PyQt6_Qt6_qml_QtQuick_Controls["Controls"]\n    node_venv_lib_python3_12_site-packages_PyQt6_Qt6_qml_QtQuick_Controls --> node_venv_lib_python3_12_site-packages_PyQt6_Qt6_qml_QtQuick_Controls_FluentWinUI3["FluentWinUI3"]\n    node_venv_lib_python3_12_site-packages_PyQt6_Qt6_qml_QtQuick_Controls_FluentWinUI3 --> node_venv_lib_python3_12_site-packages_PyQt6_Qt6_qml_QtQuick_Controls_FluentWinUI3_light["light"]\n    node_venv_lib_python3_12_site-packages_PyQt6_Qt6_qml_QtQuick_Controls_FluentWinUI3_light --> node_venv_lib_python3_12_site-packages_PyQt6_Qt6_qml_QtQuick_Controls_FluentWinUI3_light_images["images"]\n    node_venv_lib_python3_12_site-packages_PyQt6_Qt6_qml_QtQuick_Controls_FluentWinUI3_light_images --> node_venv_lib_python3_12_site-packages_PyQt6_Qt6_qml_QtQuick_Controls_FluentWinUI3_light_images_slider-groove-disabled_png["slider-groove-disabled.png"]\n    Root --> node_venv["venv"]\n    node_venv --> node_venv_lib["lib"]\n    node_venv_lib --> node_venv_lib_python3_12["python3.12"]\n    node_venv_lib_python3_12 --> node_venv_lib_python3_12_site-packages["site-packages"]\n    node_venv_lib_python3_12_site-packages --> node_venv_lib_python3_12_site-packages_PyQt6["PyQt6"]\n    node_venv_lib_python3_12_site-packages_PyQt6 --> node_venv_lib_python3_12_site-packages_PyQt6_Qt6["Qt6"]\n    node_venv_lib_python3_12_site-packages_PyQt6_Qt6 --> node_venv_lib_python3_12_site-packages_PyQt6_Qt6_qml["qml"]\n    node_venv_lib_python3_12_site-packages_PyQt6_Qt6_qml --> node_venv_lib_python3_12_site-packages_PyQt6_Qt6_qml_QtQuick["QtQuick"]\n    node_venv_lib_python3_12_site-packages_PyQt6_Qt6_qml_QtQuick --> node_venv_lib_python3_12_site-packages_PyQt6_Qt6_qml_QtQuick_Controls["Controls"]\n    node_venv_lib_python3_12_site-packages_PyQt6_Qt6_qml_QtQuick_Controls --> node_venv_lib_python3_12_site-packages_PyQt6_Qt6_qml_QtQuick_Controls_FluentWinUI3["FluentWinUI3"]\n    node_venv_lib_python3_12_site-packages_PyQt6_Qt6_qml_QtQuick_Controls_FluentWinUI3 --> node_venv_lib_python3_12_site-packages_PyQt6_Qt6_qml_QtQuick_Controls_FluentWinUI3_light["light"]\n    node_venv_lib_python3_12_site-packages_PyQt6_Qt6_qml_QtQuick_Controls_FluentWinUI3_light --> node_venv_lib_python3_12_site-packages_PyQt6_Qt6_qml_QtQuick_Controls_FluentWinUI3_light_images["images"]\n    node_venv_lib_python3_12_site-packages_PyQt6_Qt6_qml_QtQuick_Controls_FluentWinUI3_light_images --> node_venv_lib_python3_12_site-packages_PyQt6_Qt6_qml_QtQuick_Controls_FluentWinUI3_light_images_slider-groove-disabled@2x_png["slider-groove-disabled@2x.png"]\n    Root --> node_venv["venv"]\n    node_venv --> node_venv_lib["lib"]\n    node_venv_lib --> node_venv_lib_python3_12["python3.12"]\n    node_venv_lib_python3_12 --> node_venv_lib_python3_12_site-packages["site-packages"]\n    node_venv_lib_python3_12_site-packages --> node_venv_lib_python3_12_site-packages_PyQt6["PyQt6"]\n    node_venv_lib_python3_12_site-packages_PyQt6 --> node_venv_lib_python3_12_site-packages_PyQt6_Qt6["Qt6"]\n    node_venv_lib_python3_12_site-packages_PyQt6_Qt6 --> node_venv_lib_python3_12_site-packages_PyQt6_Qt6_qml["qml"]\n    node_venv_lib_python3_12_site-packages_PyQt6_Qt6_qml --> node_venv_lib_python3_12_site-packages_PyQt6_Qt6_qml_QtQuick["QtQuick"]\n    node_venv_lib_python3_12_site-packages_PyQt6_Qt6_qml_QtQuick --> node_venv_lib_python3_12_site-packages_PyQt6_Qt6_qml_QtQuick_Controls["Controls"]\n    node_venv_lib_python3_12_site-packages_PyQt6_Qt6_qml_QtQuick_Controls --> node_venv_lib_python3_12_site-packages_PyQt6_Qt6_qml_QtQuick_Controls_FluentWinUI3["FluentWinUI3"]\n    node_venv_lib_python3_12_site-packages_PyQt6_Qt6_qml_QtQuick_Controls_FluentWinUI3 --> node_venv_lib_python3_12_site-packages_PyQt6_Qt6_qml_QtQuick_Controls_FluentWinUI3_light["light"]\n    node_venv_lib_python3_12_site-packages_PyQt6_Qt6_qml_QtQuick_Controls_FluentWinUI3_light --> node_venv_lib_python3_12_site-packages_PyQt6_Qt6_qml_QtQuick_Controls_FluentWinUI3_light_images["images"]\n    node_venv_lib_python3_12_site-packages_PyQt6_Qt6_qml_QtQuick_Controls_FluentWinUI3_light_images --> node_venv_lib_python3_12_site-packages_PyQt6_Qt6_qml_QtQuick_Controls_FluentWinUI3_light_images_slider-groove-disabled@3x_png["slider-groove-disabled@3x.png"]\n    Root --> node_venv["venv"]\n    node_venv --> node_venv_lib["lib"]\n    node_venv_lib --> node_venv_lib_python3_12["python3.12"]\n    node_venv_lib_python3_12 --> node_venv_lib_python3_12_site-packages["site-packages"]\n    node_venv_lib_python3_12_site-packages --> node_venv_lib_python3_12_site-packages_PyQt6["PyQt6"]\n    node_venv_lib_python3_12_site-packages_PyQt6 --> node_venv_lib_python3_12_site-packages_PyQt6_Qt6["Qt6"]\n    node_venv_lib_python3_12_site-packages_PyQt6_Qt6 --> node_venv_lib_python3_12_site-packages_PyQt6_Qt6_qml["qml"]\n    node_venv_lib_python3_12_site-packages_PyQt6_Qt6_qml --> node_venv_lib_python3_12_site-packages_PyQt6_Qt6_qml_QtQuick["QtQuick"]\n    node_venv_lib_python3_12_site-packages_PyQt6_Qt6_qml_QtQuick --> node_venv_lib_python3_12_site-packages_PyQt6_Qt6_qml_QtQuick_Controls["Controls"]\n    node_venv_lib_python3_12_site-packages_PyQt6_Qt6_qml_QtQuick_Controls --> node_venv_lib_python3_12_site-packages_PyQt6_Qt6_qml_QtQuick_Controls_FluentWinUI3["FluentWinUI3"]\n    node_venv_lib_python3_12_site-packages_PyQt6_Qt6_qml_QtQuick_Controls_FluentWinUI3 --> node_venv_lib_python3_12_site-packages_PyQt6_Qt6_qml_QtQuick_Controls_FluentWinUI3_light["light"]\n    node_venv_lib_python3_12_site-packages_PyQt6_Qt6_qml_QtQuick_Controls_FluentWinUI3_light --> node_venv_lib_python3_12_site-packages_PyQt6_Qt6_qml_QtQuick_Controls_FluentWinUI3_light_images["images"]\n    node_venv_lib_python3_12_site-packages_PyQt6_Qt6_qml_QtQuick_Controls_FluentWinUI3_light_images --> node_venv_lib_python3_12_site-packages_PyQt6_Qt6_qml_QtQuick_Controls_FluentWinUI3_light_images_slider-groove-hovered_png["slider-groove-hovered.png"]\n    Root --> node_venv["venv"]\n    node_venv --> node_venv_lib["lib"]\n    node_venv_lib --> node_venv_lib_python3_12["python3.12"]\n    node_venv_lib_python3_12 --> node_venv_lib_python3_12_site-packages["site-packages"]\n    node_venv_lib_python3_12_site-packages --> node_venv_lib_python3_12_site-packages_PyQt6["PyQt6"]\n    node_venv_lib_python3_12_site-packages_PyQt6 --> node_venv_lib_python3_12_site-packages_PyQt6_Qt6["Qt6"]\n    node_venv_lib_python3_12_site-packages_PyQt6_Qt6 --> node_venv_lib_python3_12_site-packages_PyQt6_Qt6_qml["qml"]\n    node_venv_lib_python3_12_site-packages_PyQt6_Qt6_qml --> node_venv_lib_python3_12_site-packages_PyQt6_Qt6_qml_QtQuick["QtQuick"]\n    node_venv_lib_python3_12_site-packages_PyQt6_Qt6_qml_QtQuick --> node_venv_lib_python3_12_site-packages_PyQt6_Qt6_qml_QtQuick_Controls["Controls"]\n    node_venv_lib_python3_12_site-packages_PyQt6_Qt6_qml_QtQuick_Controls --> node_venv_lib_python3_12_site-packages_PyQt6_Qt6_qml_QtQuick_Controls_FluentWinUI3["FluentWinUI3"]\n    node_venv_lib_python3_12_site-packages_PyQt6_Qt6_qml_QtQuick_Controls_FluentWinUI3 --> node_venv_lib_python3_12_site-packages_PyQt6_Qt6_qml_QtQuick_Controls_FluentWinUI3_light["light"]\n    node_venv_lib_python3_12_site-packages_PyQt6_Qt6_qml_QtQuick_Controls_FluentWinUI3_light --> node_venv_lib_python3_12_site-packages_PyQt6_Qt6_qml_QtQuick_Controls_FluentWinUI3_light_images["images"]\n    node_venv_lib_python3_12_site-packages_PyQt6_Qt6_qml_QtQuick_Controls_FluentWinUI3_light_images --> node_venv_lib_python3_12_site-packages_PyQt6_Qt6_qml_QtQuick_Controls_FluentWinUI3_light_images_slider-groove-hovered@2x_png["slider-groove-hovered@2x.png"]\n    Root --> node_venv["venv"]\n    node_venv --> node_venv_lib["lib"]\n    node_venv_lib --> node_venv_lib_python3_12["python3.12"]\n    node_venv_lib_python3_12 --> node_venv_lib_python3_12_site-packages["site-packages"]\n    node_venv_lib_python3_12_site-packages --> node_venv_lib_python3_12_site-packages_PyQt6["PyQt6"]\n    node_venv_lib_python3_12_site-packages_PyQt6 --> node_venv_lib_python3_12_site-packages_PyQt6_Qt6["Qt6"]\n    node_venv_lib_python3_12_site-packages_PyQt6_Qt6 --> node_venv_lib_python3_12_site-packages_PyQt6_Qt6_qml["qml"]\n    node_venv_lib_python3_12_site-packages_PyQt6_Qt6_qml --> node_venv_lib_python3_12_site-packages_PyQt6_Qt6_qml_QtQuick["QtQuick"]\n    node_venv_lib_python3_12_site-packages_PyQt6_Qt6_qml_QtQuick --> node_venv_lib_python3_12_site-packages_PyQt6_Qt6_qml_QtQuick_Controls["Controls"]\n    node_venv_lib_python3_12_site-packages_PyQt6_Qt6_qml_QtQuick_Controls --> node_venv_lib_python3_12_site-packages_PyQt6_Qt6_qml_QtQuick_Controls_FluentWinUI3["FluentWinUI3"]\n    node_venv_lib_python3_12_site-packages_PyQt6_Qt6_qml_QtQuick_Controls_FluentWinUI3 --> node_venv_lib_python3_12_site-packages_PyQt6_Qt6_qml_QtQuick_Controls_FluentWinUI3_light["light"]\n    node_venv_lib_python3_12_site-packages_PyQt6_Qt6_qml_QtQuick_Controls_FluentWinUI3_light --> node_venv_lib_python3_12_site-packages_PyQt6_Qt6_qml_QtQuick_Controls_FluentWinUI3_light_images["images"]\n    node_venv_lib_python3_12_site-packages_PyQt6_Qt6_qml_QtQuick_Controls_FluentWinUI3_light_images --> node_venv_lib_python3_12_site-packages_PyQt6_Qt6_qml_QtQuick_Controls_FluentWinUI3_light_images_slider-groove-hovered@3x_png["slider-groove-hovered@3x.png"]\n    Root --> node_venv["venv"]\n    node_venv --> node_venv_lib["lib"]\n    node_venv_lib --> node_venv_lib_python3_12["python3.12"]\n    node_venv_lib_python3_12 --> node_venv_lib_python3_12_site-packages["site-packages"]\n    node_venv_lib_python3_12_site-packages --> node_venv_lib_python3_12_site-packages_PyQt6["PyQt6"]\n    node_venv_lib_python3_12_site-packages_PyQt6 --> node_venv_lib_python3_12_site-packages_PyQt6_Qt6["Qt6"]\n    node_venv_lib_python3_12_site-packages_PyQt6_Qt6 --> node_venv_lib_python3_12_site-packages_PyQt6_Qt6_qml["qml"]\n    node_venv_lib_python3_12_site-packages_PyQt6_Qt6_qml --> node_venv_lib_python3_12_site-packages_PyQt6_Qt6_qml_QtQuick["QtQuick"]\n    node_venv_lib_python3_12_site-packages_PyQt6_Qt6_qml_QtQuick --> node_venv_lib_python3_12_site-packages_PyQt6_Qt6_qml_QtQuick_Controls["Controls"]\n    node_venv_lib_python3_12_site-packages_PyQt6_Qt6_qml_QtQuick_Controls --> node_venv_lib_python3_12_site-packages_PyQt6_Qt6_qml_QtQuick_Controls_FluentWinUI3["FluentWinUI3"]\n    node_venv_lib_python3_12_site-packages_PyQt6_Qt6_qml_QtQuick_Controls_FluentWinUI3 --> node_venv_lib_python3_12_site-packages_PyQt6_Qt6_qml_QtQuick_Controls_FluentWinUI3_light["light"]\n    node_venv_lib_python3_12_site-packages_PyQt6_Qt6_qml_QtQuick_Controls_FluentWinUI3_light --> node_venv_lib_python3_12_site-packages_PyQt6_Qt6_qml_QtQuick_Controls_FluentWinUI3_light_images["images"]\n    node_venv_lib_python3_12_site-packages_PyQt6_Qt6_qml_QtQuick_Controls_FluentWinUI3_light_images --> node_venv_lib_python3_12_site-packages_PyQt6_Qt6_qml_QtQuick_Controls_FluentWinUI3_light_images_slider-groove-pressed_png["slider-groove-pressed.png"]\n    Root --> node_venv["venv"]\n    node_venv --> node_venv_lib["lib"]\n    node_venv_lib --> node_venv_lib_python3_12["python3.12"]\n    node_venv_lib_python3_12 --> node_venv_lib_python3_12_site-packages["site-packages"]\n    node_venv_lib_python3_12_site-packages --> node_venv_lib_python3_12_site-packages_PyQt6["PyQt6"]\n    node_venv_lib_python3_12_site-packages_PyQt6 --> node_venv_lib_python3_12_site-packages_PyQt6_Qt6["Qt6"]\n    node_venv_lib_python3_12_site-packages_PyQt6_Qt6 --> node_venv_lib_python3_12_site-packages_PyQt6_Qt6_qml["qml"]\n    node_venv_lib_python3_12_site-packages_PyQt6_Qt6_qml --> node_venv_lib_python3_12_site-packages_PyQt6_Qt6_qml_QtQuick["QtQuick"]\n    node_venv_lib_python3_12_site-packages_PyQt6_Qt6_qml_QtQuick --> node_venv_lib_python3_12_site-packages_PyQt6_Qt6_qml_QtQuick_Controls["Controls"]\n    node_venv_lib_python3_12_site-packages_PyQt6_Qt6_qml_QtQuick_Controls --> node_venv_lib_python3_12_site-packages_PyQt6_Qt6_qml_QtQuick_Controls_FluentWinUI3["FluentWinUI3"]\n    node_venv_lib_python3_12_site-packages_PyQt6_Qt6_qml_QtQuick_Controls_FluentWinUI3 --> node_venv_lib_python3_12_site-packages_PyQt6_Qt6_qml_QtQuick_Controls_FluentWinUI3_light["light"]\n    node_venv_lib_python3_12_site-packages_PyQt6_Qt6_qml_QtQuick_Controls_FluentWinUI3_light --> node_venv_lib_python3_12_site-packages_PyQt6_Qt6_qml_QtQuick_Controls_FluentWinUI3_light_images["images"]\n    node_venv_lib_python3_12_site-packages_PyQt6_Qt6_qml_QtQuick_Controls_FluentWinUI3_light_images --> node_venv_lib_python3_12_site-packages_PyQt6_Qt6_qml_QtQuick_Controls_FluentWinUI3_light_images_slider-groove-pressed@2x_png["slider-groove-pressed@2x.png"]\n    Root --> node_venv["venv"]\n    node_venv --> node_venv_lib["lib"]\n    node_venv_lib --> node_venv_lib_python3_12["python3.12"]\n    node_venv_lib_python3_12 --> node_venv_lib_python3_12_site-packages["site-packages"]\n    node_venv_lib_python3_12_site-packages --> node_venv_lib_python3_12_site-packages_PyQt6["PyQt6"]\n    node_venv_lib_python3_12_site-packages_PyQt6 --> node_venv_lib_python3_12_site-packages_PyQt6_Qt6["Qt6"]\n    node_venv_lib_python3_12_site-packages_PyQt6_Qt6 --> node_venv_lib_python3_12_site-packages_PyQt6_Qt6_qml["qml"]\n    node_venv_lib_python3_12_site-packages_PyQt6_Qt6_qml --> node_venv_lib_python3_12_site-packages_PyQt6_Qt6_qml_QtQuick["QtQuick"]\n    node_venv_lib_python3_12_site-packages_PyQt6_Qt6_qml_QtQuick --> node_venv_lib_python3_12_site-packages_PyQt6_Qt6_qml_QtQuick_Controls["Controls"]\n    node_venv_lib_python3_12_site-packages_PyQt6_Qt6_qml_QtQuick_Controls --> node_venv_lib_python3_12_site-packages_PyQt6_Qt6_qml_QtQuick_Controls_FluentWinUI3["FluentWinUI3"]\n    node_venv_lib_python3_12_site-packages_PyQt6_Qt6_qml_QtQuick_Controls_FluentWinUI3 --> node_venv_lib_python3_12_site-packages_PyQt6_Qt6_qml_QtQuick_Controls_FluentWinUI3_light["light"]\n    node_venv_lib_python3_12_site-packages_PyQt6_Qt6_qml_QtQuick_Controls_FluentWinUI3_light --> node_venv_lib_python3_12_site-packages_PyQt6_Qt6_qml_QtQuick_Controls_FluentWinUI3_light_images["images"]\n    node_venv_lib_python3_12_site-packages_PyQt6_Qt6_qml_QtQuick_Controls_FluentWinUI3_light_images --> node_venv_lib_python3_12_site-packages_PyQt6_Qt6_qml_QtQuick_Controls_FluentWinUI3_light_images_slider-groove-pressed@3x_png["slider-groove-pressed@3x.png"]\n    Root --> node_venv["venv"]\n    node_venv --> node_venv_lib["lib"]\n    node_venv_lib --> node_venv_lib_python3_12["python3.12"]\n    node_venv_lib_python3_12 --> node_venv_lib_python3_12_site-packages["site-packages"]\n    node_venv_lib_python3_12_site-packages --> node_venv_lib_python3_12_site-packages_PyQt6["PyQt6"]\n    node_venv_lib_python3_12_site-packages_PyQt6 --> node_venv_lib_python3_12_site-packages_PyQt6_Qt6["Qt6"]\n    node_venv_lib_python3_12_site-packages_PyQt6_Qt6 --> node_venv_lib_python3_12_site-packages_PyQt6_Qt6_qml["qml"]\n    node_venv_lib_python3_12_site-packages_PyQt6_Qt6_qml --> node_venv_lib_python3_12_site-packages_PyQt6_Qt6_qml_QtQuick["QtQuick"]\n    node_venv_lib_python3_12_site-packages_PyQt6_Qt6_qml_QtQuick --> node_venv_lib_python3_12_site-packages_PyQt6_Qt6_qml_QtQuick_Controls["Controls"]\n    node_venv_lib_python3_12_site-packages_PyQt6_Qt6_qml_QtQuick_Controls --> node_venv_lib_python3_12_site-packages_PyQt6_Qt6_qml_QtQuick_Controls_FluentWinUI3["FluentWinUI3"]\n    node_venv_lib_python3_12_site-packages_PyQt6_Qt6_qml_QtQuick_Controls_FluentWinUI3 --> node_venv_lib_python3_12_site-packages_PyQt6_Qt6_qml_QtQuick_Controls_FluentWinUI3_light["light"]\n    node_venv_lib_python3_12_site-packages_PyQt6_Qt6_qml_QtQuick_Controls_FluentWinUI3_light --> node_venv_lib_python3_12_site-packages_PyQt6_Qt6_qml_QtQuick_Controls_FluentWinUI3_light_images["images"]\n    node_venv_lib_python3_12_site-packages_PyQt6_Qt6_qml_QtQuick_Controls_FluentWinUI3_light_images --> node_venv_lib_python3_12_site-packages_PyQt6_Qt6_qml_QtQuick_Controls_FluentWinUI3_light_images_slider-groove_png["slider-groove.png"]\n    Root --> node_venv["venv"]\n    node_venv --> node_venv_lib["lib"]\n    node_venv_lib --> node_venv_lib_python3_12["python3.12"]\n    node_venv_lib_python3_12 --> node_venv_lib_python3_12_site-packages["site-packages"]\n    node_venv_lib_python3_12_site-packages --> node_venv_lib_python3_12_site-packages_PyQt6["PyQt6"]\n    node_venv_lib_python3_12_site-packages_PyQt6 --> node_venv_lib_python3_12_site-packages_PyQt6_Qt6["Qt6"]\n    node_venv_lib_python3_12_site-packages_PyQt6_Qt6 --> node_venv_lib_python3_12_site-packages_PyQt6_Qt6_qml["qml"]\n    node_venv_lib_python3_12_site-packages_PyQt6_Qt6_qml --> node_venv_lib_python3_12_site-packages_PyQt6_Qt6_qml_QtQuick["QtQuick"]\n    node_venv_lib_python3_12_site-packages_PyQt6_Qt6_qml_QtQuick --> node_venv_lib_python3_12_site-packages_PyQt6_Qt6_qml_QtQuick_Controls["Controls"]\n    node_venv_lib_python3_12_site-packages_PyQt6_Qt6_qml_QtQuick_Controls --> node_venv_lib_python3_12_site-packages_PyQt6_Qt6_qml_QtQuick_Controls_FluentWinUI3["FluentWinUI3"]\n    node_venv_lib_python3_12_site-packages_PyQt6_Qt6_qml_QtQuick_Controls_FluentWinUI3 --> node_venv_lib_python3_12_site-packages_PyQt6_Qt6_qml_QtQuick_Controls_FluentWinUI3_light["light"]\n    node_venv_lib_python3_12_site-packages_PyQt6_Qt6_qml_QtQuick_Controls_FluentWinUI3_light --> node_venv_lib_python3_12_site-packages_PyQt6_Qt6_qml_QtQuick_Controls_FluentWinUI3_light_images["images"]\n    node_venv_lib_python3_12_site-packages_PyQt6_Qt6_qml_QtQuick_Controls_FluentWinUI3_light_images --> node_venv_lib_python3_12_site-packages_PyQt6_Qt6_qml_QtQuick_Controls_FluentWinUI3_light_images_slider-groove@2x_png["slider-groove@2x.png"]\n    Root --> node_venv["venv"]\n    node_venv --> node_venv_lib["lib"]\n    node_venv_lib --> node_venv_lib_python3_12["python3.12"]\n    node_venv_lib_python3_12 --> node_venv_lib_python3_12_site-packages["site-packages"]\n    node_venv_lib_python3_12_site-packages --> node_venv_lib_python3_12_site-packages_PyQt6["PyQt6"]\n    node_venv_lib_python3_12_site-packages_PyQt6 --> node_venv_lib_python3_12_site-packages_PyQt6_Qt6["Qt6"]\n    node_venv_lib_python3_12_site-packages_PyQt6_Qt6 --> node_venv_lib_python3_12_site-packages_PyQt6_Qt6_qml["qml"]\n    node_venv_lib_python3_12_site-packages_PyQt6_Qt6_qml --> node_venv_lib_python3_12_site-packages_PyQt6_Qt6_qml_QtQuick["QtQuick"]\n    node_venv_lib_python3_12_site-packages_PyQt6_Qt6_qml_QtQuick --> node_venv_lib_python3_12_site-packages_PyQt6_Qt6_qml_QtQuick_Controls["Controls"]\n    node_venv_lib_python3_12_site-packages_PyQt6_Qt6_qml_QtQuick_Controls --> node_venv_lib_python3_12_site-packages_PyQt6_Qt6_qml_QtQuick_Controls_FluentWinUI3["FluentWinUI3"]\n    node_venv_lib_python3_12_site-packages_PyQt6_Qt6_qml_QtQuick_Controls_FluentWinUI3 --> node_venv_lib_python3_12_site-packages_PyQt6_Qt6_qml_QtQuick_Controls_FluentWinUI3_light["light"]\n    node_venv_lib_python3_12_site-packages_PyQt6_Qt6_qml_QtQuick_Controls_FluentWinUI3_light --> node_venv_lib_python3_12_site-packages_PyQt6_Qt6_qml_QtQuick_Controls_FluentWinUI3_light_images["images"]\n    node_venv_lib_python3_12_site-packages_PyQt6_Qt6_qml_QtQuick_Controls_FluentWinUI3_light_images --> node_venv_lib_python3_12_site-packages_PyQt6_Qt6_qml_QtQuick_Controls_FluentWinUI3_light_images_slider-groove@3x_png["slider-groove@3x.png"]\n    Root --> node_venv["venv"]\n    node_venv --> node_venv_lib["lib"]\n    node_venv_lib --> node_venv_lib_python3_12["python3.12"]\n    node_venv_lib_python3_12 --> node_venv_lib_python3_12_site-packages["site-packages"]\n    node_venv_lib_python3_12_site-packages --> node_venv_lib_python3_12_site-packages_PyQt6["PyQt6"]\n    node_venv_lib_python3_12_site-packages_PyQt6 --> node_venv_lib_python3_12_site-packages_PyQt6_Qt6["Qt6"]\n    node_venv_lib_python3_12_site-packages_PyQt6_Qt6 --> node_venv_lib_python3_12_site-packages_PyQt6_Qt6_qml["qml"]\n    node_venv_lib_python3_12_site-packages_PyQt6_Qt6_qml --> node_venv_lib_python3_12_site-packages_PyQt6_Qt6_qml_QtQuick["QtQuick"]\n    node_venv_lib_python3_12_site-packages_PyQt6_Qt6_qml_QtQuick --> node_venv_lib_python3_12_site-packages_PyQt6_Qt6_qml_QtQuick_Controls["Controls"]\n    node_venv_lib_python3_12_site-packages_PyQt6_Qt6_qml_QtQuick_Controls --> node_venv_lib_python3_12_site-packages_PyQt6_Qt6_qml_QtQuick_Controls_FluentWinUI3["FluentWinUI3"]\n    node_venv_lib_python3_12_site-packages_PyQt6_Qt6_qml_QtQuick_Controls_FluentWinUI3 --> node_venv_lib_python3_12_site-packages_PyQt6_Qt6_qml_QtQuick_Controls_FluentWinUI3_light["light"]\n    node_venv_lib_python3_12_site-packages_PyQt6_Qt6_qml_QtQuick_Controls_FluentWinUI3_light --> node_venv_lib_python3_12_site-packages_PyQt6_Qt6_qml_QtQuick_Controls_FluentWinUI3_light_images["images"]\n    node_venv_lib_python3_12_site-packages_PyQt6_Qt6_qml_QtQuick_Controls_FluentWinUI3_light_images --> node_venv_lib_python3_12_site-packages_PyQt6_Qt6_qml_QtQuick_Controls_FluentWinUI3_light_images_slider-handle-disabled_png["slider-handle-disabled.png"]\n    Root --> node_venv["venv"]\n    node_venv --> node_venv_lib["lib"]\n    node_venv_lib --> node_venv_lib_python3_12["python3.12"]\n    node_venv_lib_python3_12 --> node_venv_lib_python3_12_site-packages["site-packages"]\n    node_venv_lib_python3_12_site-packages --> node_venv_lib_python3_12_site-packages_PyQt6["PyQt6"]\n    node_venv_lib_python3_12_site-packages_PyQt6 --> node_venv_lib_python3_12_site-packages_PyQt6_Qt6["Qt6"]\n    node_venv_lib_python3_12_site-packages_PyQt6_Qt6 --> node_venv_lib_python3_12_site-packages_PyQt6_Qt6_qml["qml"]\n    node_venv_lib_python3_12_site-packages_PyQt6_Qt6_qml --> node_venv_lib_python3_12_site-packages_PyQt6_Qt6_qml_QtQuick["QtQuick"]\n    node_venv_lib_python3_12_site-packages_PyQt6_Qt6_qml_QtQuick --> node_venv_lib_python3_12_site-packages_PyQt6_Qt6_qml_QtQuick_Controls["Controls"]\n    node_venv_lib_python3_12_site-packages_PyQt6_Qt6_qml_QtQuick_Controls --> node_venv_lib_python3_12_site-packages_PyQt6_Qt6_qml_QtQuick_Controls_FluentWinUI3["FluentWinUI3"]\n    node_venv_lib_python3_12_site-packages_PyQt6_Qt6_qml_QtQuick_Controls_FluentWinUI3 --> node_venv_lib_python3_12_site-packages_PyQt6_Qt6_qml_QtQuick_Controls_FluentWinUI3_light["light"]\n    node_venv_lib_python3_12_site-packages_PyQt6_Qt6_qml_QtQuick_Controls_FluentWinUI3_light --> node_venv_lib_python3_12_site-packages_PyQt6_Qt6_qml_QtQuick_Controls_FluentWinUI3_light_images["images"]\n    node_venv_lib_python3_12_site-packages_PyQt6_Qt6_qml_QtQuick_Controls_FluentWinUI3_light_images --> node_venv_lib_python3_12_site-packages_PyQt6_Qt6_qml_QtQuick_Controls_FluentWinUI3_light_images_slider-handle-disabled@2x_png["slider-handle-disabled@2x.png"]\n    Root --> node_venv["venv"]\n    node_venv --> node_venv_lib["lib"]\n    node_venv_lib --> node_venv_lib_python3_12["python3.12"]\n    node_venv_lib_python3_12 --> node_venv_lib_python3_12_site-packages["site-packages"]\n    node_venv_lib_python3_12_site-packages --> node_venv_lib_python3_12_site-packages_PyQt6["PyQt6"]\n    node_venv_lib_python3_12_site-packages_PyQt6 --> node_venv_lib_python3_12_site-packages_PyQt6_Qt6["Qt6"]\n    node_venv_lib_python3_12_site-packages_PyQt6_Qt6 --> node_venv_lib_python3_12_site-packages_PyQt6_Qt6_qml["qml"]\n    node_venv_lib_python3_12_site-packages_PyQt6_Qt6_qml --> node_venv_lib_python3_12_site-packages_PyQt6_Qt6_qml_QtQuick["QtQuick"]\n    node_venv_lib_python3_12_site-packages_PyQt6_Qt6_qml_QtQuick --> node_venv_lib_python3_12_site-packages_PyQt6_Qt6_qml_QtQuick_Controls["Controls"]\n    node_venv_lib_python3_12_site-packages_PyQt6_Qt6_qml_QtQuick_Controls --> node_venv_lib_python3_12_site-packages_PyQt6_Qt6_qml_QtQuick_Controls_FluentWinUI3["FluentWinUI3"]\n    node_venv_lib_python3_12_site-packages_PyQt6_Qt6_qml_QtQuick_Controls_FluentWinUI3 --> node_venv_lib_python3_12_site-packages_PyQt6_Qt6_qml_QtQuick_Controls_FluentWinUI3_light["light"]\n    node_venv_lib_python3_12_site-packages_PyQt6_Qt6_qml_QtQuick_Controls_FluentWinUI3_light --> node_venv_lib_python3_12_site-packages_PyQt6_Qt6_qml_QtQuick_Controls_FluentWinUI3_light_images["images"]\n    node_venv_lib_python3_12_site-packages_PyQt6_Qt6_qml_QtQuick_Controls_FluentWinUI3_light_images --> node_venv_lib_python3_12_site-packages_PyQt6_Qt6_qml_QtQuick_Controls_FluentWinUI3_light_images_slider-handle-disabled@3x_png["slider-handle-disabled@3x.png"]\n    Root --> node_venv["venv"]\n    node_venv --> node_venv_lib["lib"]\n    node_venv_lib --> node_venv_lib_python3_12["python3.12"]\n    node_venv_lib_python3_12 --> node_venv_lib_python3_12_site-packages["site-packages"]\n    node_venv_lib_python3_12_site-packages --> node_venv_lib_python3_12_site-packages_PyQt6["PyQt6"]\n    node_venv_lib_python3_12_site-packages_PyQt6 --> node_venv_lib_python3_12_site-packages_PyQt6_Qt6["Qt6"]\n    node_venv_lib_python3_12_site-packages_PyQt6_Qt6 --> node_venv_lib_python3_12_site-packages_PyQt6_Qt6_qml["qml"]\n    node_venv_lib_python3_12_site-packages_PyQt6_Qt6_qml --> node_venv_lib_python3_12_site-packages_PyQt6_Qt6_qml_QtQuick["QtQuick"]\n    node_venv_lib_python3_12_site-packages_PyQt6_Qt6_qml_QtQuick --> node_venv_lib_python3_12_site-packages_PyQt6_Qt6_qml_QtQuick_Controls["Controls"]\n    node_venv_lib_python3_12_site-packages_PyQt6_Qt6_qml_QtQuick_Controls --> node_venv_lib_python3_12_site-packages_PyQt6_Qt6_qml_QtQuick_Controls_FluentWinUI3["FluentWinUI3"]\n    node_venv_lib_python3_12_site-packages_PyQt6_Qt6_qml_QtQuick_Controls_FluentWinUI3 --> node_venv_lib_python3_12_site-packages_PyQt6_Qt6_qml_QtQuick_Controls_FluentWinUI3_light["light"]\n    node_venv_lib_python3_12_site-packages_PyQt6_Qt6_qml_QtQuick_Controls_FluentWinUI3_light --> node_venv_lib_python3_12_site-packages_PyQt6_Qt6_qml_QtQuick_Controls_FluentWinUI3_light_images["images"]\n    node_venv_lib_python3_12_site-packages_PyQt6_Qt6_qml_QtQuick_Controls_FluentWinUI3_light_images --> node_venv_lib_python3_12_site-packages_PyQt6_Qt6_qml_QtQuick_Controls_FluentWinUI3_light_images_slider-handle-hovered_png["slider-handle-hovered.png"]\n    Root --> node_venv["venv"]\n    node_venv --> node_venv_lib["lib"]\n    node_venv_lib --> node_venv_lib_python3_12["python3.12"]\n    node_venv_lib_python3_12 --> node_venv_lib_python3_12_site-packages["site-packages"]\n    node_venv_lib_python3_12_site-packages --> node_venv_lib_python3_12_site-packages_PyQt6["PyQt6"]\n    node_venv_lib_python3_12_site-packages_PyQt6 --> node_venv_lib_python3_12_site-packages_PyQt6_Qt6["Qt6"]\n    node_venv_lib_python3_12_site-packages_PyQt6_Qt6 --> node_venv_lib_python3_12_site-packages_PyQt6_Qt6_qml["qml"]\n    node_venv_lib_python3_12_site-packages_PyQt6_Qt6_qml --> node_venv_lib_python3_12_site-packages_PyQt6_Qt6_qml_QtQuick["QtQuick"]\n    node_venv_lib_python3_12_site-packages_PyQt6_Qt6_qml_QtQuick --> node_venv_lib_python3_12_site-packages_PyQt6_Qt6_qml_QtQuick_Controls["Controls"]\n    node_venv_lib_python3_12_site-packages_PyQt6_Qt6_qml_QtQuick_Controls --> node_venv_lib_python3_12_site-packages_PyQt6_Qt6_qml_QtQuick_Controls_FluentWinUI3["FluentWinUI3"]\n    node_venv_lib_python3_12_site-packages_PyQt6_Qt6_qml_QtQuick_Controls_FluentWinUI3 --> node_venv_lib_python3_12_site-packages_PyQt6_Qt6_qml_QtQuick_Controls_FluentWinUI3_light["light"]\n    node_venv_lib_python3_12_site-packages_PyQt6_Qt6_qml_QtQuick_Controls_FluentWinUI3_light --> node_venv_lib_python3_12_site-packages_PyQt6_Qt6_qml_QtQuick_Controls_FluentWinUI3_light_images["images"]\n    node_venv_lib_python3_12_site-packages_PyQt6_Qt6_qml_QtQuick_Controls_FluentWinUI3_light_images --> node_venv_lib_python3_12_site-packages_PyQt6_Qt6_qml_QtQuick_Controls_FluentWinUI3_light_images_slider-handle-hovered@2x_png["slider-handle-hovered@2x.png"]\n    Root --> node_venv["venv"]\n    node_venv --> node_venv_lib["lib"]\n    node_venv_lib --> node_venv_lib_python3_12["python3.12"]\n    node_venv_lib_python3_12 --> node_venv_lib_python3_12_site-packages["site-packages"]\n    node_venv_lib_python3_12_site-packages --> node_venv_lib_python3_12_site-packages_PyQt6["PyQt6"]\n    node_venv_lib_python3_12_site-packages_PyQt6 --> node_venv_lib_python3_12_site-packages_PyQt6_Qt6["Qt6"]\n    node_venv_lib_python3_12_site-packages_PyQt6_Qt6 --> node_venv_lib_python3_12_site-packages_PyQt6_Qt6_qml["qml"]\n    node_venv_lib_python3_12_site-packages_PyQt6_Qt6_qml --> node_venv_lib_python3_12_site-packages_PyQt6_Qt6_qml_QtQuick["QtQuick"]\n    node_venv_lib_python3_12_site-packages_PyQt6_Qt6_qml_QtQuick --> node_venv_lib_python3_12_site-packages_PyQt6_Qt6_qml_QtQuick_Controls["Controls"]\n    node_venv_lib_python3_12_site-packages_PyQt6_Qt6_qml_QtQuick_Controls --> node_venv_lib_python3_12_site-packages_PyQt6_Qt6_qml_QtQuick_Controls_FluentWinUI3["FluentWinUI3"]\n    node_venv_lib_python3_12_site-packages_PyQt6_Qt6_qml_QtQuick_Controls_FluentWinUI3 --> node_venv_lib_python3_12_site-packages_PyQt6_Qt6_qml_QtQuick_Controls_FluentWinUI3_light["light"]\n    node_venv_lib_python3_12_site-packages_PyQt6_Qt6_qml_QtQuick_Controls_FluentWinUI3_light --> node_venv_lib_python3_12_site-packages_PyQt6_Qt6_qml_QtQuick_Controls_FluentWinUI3_light_images["images"]\n    node_venv_lib_python3_12_site-packages_PyQt6_Qt6_qml_QtQuick_Controls_FluentWinUI3_light_images --> node_venv_lib_python3_12_site-packages_PyQt6_Qt6_qml_QtQuick_Controls_FluentWinUI3_light_images_slider-handle-hovered@3x_png["slider-handle-hovered@3x.png"]\n    Root --> node_venv["venv"]\n    node_venv --> node_venv_lib["lib"]\n    node_venv_lib --> node_venv_lib_python3_12["python3.12"]\n    node_venv_lib_python3_12 --> node_venv_lib_python3_12_site-packages["site-packages"]\n    node_venv_lib_python3_12_site-packages --> node_venv_lib_python3_12_site-packages_PyQt6["PyQt6"]\n    node_venv_lib_python3_12_site-packages_PyQt6 --> node_venv_lib_python3_12_site-packages_PyQt6_Qt6["Qt6"]\n    node_venv_lib_python3_12_site-packages_PyQt6_Qt6 --> node_venv_lib_python3_12_site-packages_PyQt6_Qt6_qml["qml"]\n    node_venv_lib_python3_12_site-packages_PyQt6_Qt6_qml --> node_venv_lib_python3_12_site-packages_PyQt6_Qt6_qml_QtQuick["QtQuick"]\n    node_venv_lib_python3_12_site-packages_PyQt6_Qt6_qml_QtQuick --> node_venv_lib_python3_12_site-packages_PyQt6_Qt6_qml_QtQuick_Controls["Controls"]\n    node_venv_lib_python3_12_site-packages_PyQt6_Qt6_qml_QtQuick_Controls --> node_venv_lib_python3_12_site-packages_PyQt6_Qt6_qml_QtQuick_Controls_FluentWinUI3["FluentWinUI3"]\n    node_venv_lib_python3_12_site-packages_PyQt6_Qt6_qml_QtQuick_Controls_FluentWinUI3 --> node_venv_lib_python3_12_site-packages_PyQt6_Qt6_qml_QtQuick_Controls_FluentWinUI3_light["light"]\n    node_venv_lib_python3_12_site-packages_PyQt6_Qt6_qml_QtQuick_Controls_FluentWinUI3_light --> node_venv_lib_python3_12_site-packages_PyQt6_Qt6_qml_QtQuick_Controls_FluentWinUI3_light_images["images"]\n    node_venv_lib_python3_12_site-packages_PyQt6_Qt6_qml_QtQuick_Controls_FluentWinUI3_light_images --> node_venv_lib_python3_12_site-packages_PyQt6_Qt6_qml_QtQuick_Controls_FluentWinUI3_light_images_slider-handle-pressed_png["slider-handle-pressed.png"]\n    Root --> node_venv["venv"]\n    node_venv --> node_venv_lib["lib"]\n    node_venv_lib --> node_venv_lib_python3_12["python3.12"]\n    node_venv_lib_python3_12 --> node_venv_lib_python3_12_site-packages["site-packages"]\n    node_venv_lib_python3_12_site-packages --> node_venv_lib_python3_12_site-packages_PyQt6["PyQt6"]\n    node_venv_lib_python3_12_site-packages_PyQt6 --> node_venv_lib_python3_12_site-packages_PyQt6_Qt6["Qt6"]\n    node_venv_lib_python3_12_site-packages_PyQt6_Qt6 --> node_venv_lib_python3_12_site-packages_PyQt6_Qt6_qml["qml"]\n    node_venv_lib_python3_12_site-packages_PyQt6_Qt6_qml --> node_venv_lib_python3_12_site-packages_PyQt6_Qt6_qml_QtQuick["QtQuick"]\n    node_venv_lib_python3_12_site-packages_PyQt6_Qt6_qml_QtQuick --> node_venv_lib_python3_12_site-packages_PyQt6_Qt6_qml_QtQuick_Controls["Controls"]\n    node_venv_lib_python3_12_site-packages_PyQt6_Qt6_qml_QtQuick_Controls --> node_venv_lib_python3_12_site-packages_PyQt6_Qt6_qml_QtQuick_Controls_FluentWinUI3["FluentWinUI3"]\n    node_venv_lib_python3_12_site-packages_PyQt6_Qt6_qml_QtQuick_Controls_FluentWinUI3 --> node_venv_lib_python3_12_site-packages_PyQt6_Qt6_qml_QtQuick_Controls_FluentWinUI3_light["light"]\n    node_venv_lib_python3_12_site-packages_PyQt6_Qt6_qml_QtQuick_Controls_FluentWinUI3_light --> node_venv_lib_python3_12_site-packages_PyQt6_Qt6_qml_QtQuick_Controls_FluentWinUI3_light_images["images"]\n    node_venv_lib_python3_12_site-packages_PyQt6_Qt6_qml_QtQuick_Controls_FluentWinUI3_light_images --> node_venv_lib_python3_12_site-packages_PyQt6_Qt6_qml_QtQuick_Controls_FluentWinUI3_light_images_slider-handle-pressed@2x_png["slider-handle-pressed@2x.png"]\n    Root --> node_venv["venv"]\n    node_venv --> node_venv_lib["lib"]\n    node_venv_lib --> node_venv_lib_python3_12["python3.12"]\n    node_venv_lib_python3_12 --> node_venv_lib_python3_12_site-packages["site-packages"]\n    node_venv_lib_python3_12_site-packages --> node_venv_lib_python3_12_site-packages_PyQt6["PyQt6"]\n    node_venv_lib_python3_12_site-packages_PyQt6 --> node_venv_lib_python3_12_site-packages_PyQt6_Qt6["Qt6"]\n    node_venv_lib_python3_12_site-packages_PyQt6_Qt6 --> node_venv_lib_python3_12_site-packages_PyQt6_Qt6_qml["qml"]\n    node_venv_lib_python3_12_site-packages_PyQt6_Qt6_qml --> node_venv_lib_python3_12_site-packages_PyQt6_Qt6_qml_QtQuick["QtQuick"]\n    node_venv_lib_python3_12_site-packages_PyQt6_Qt6_qml_QtQuick --> node_venv_lib_python3_12_site-packages_PyQt6_Qt6_qml_QtQuick_Controls["Controls"]\n    node_venv_lib_python3_12_site-packages_PyQt6_Qt6_qml_QtQuick_Controls --> node_venv_lib_python3_12_site-packages_PyQt6_Qt6_qml_QtQuick_Controls_FluentWinUI3["FluentWinUI3"]\n    node_venv_lib_python3_12_site-packages_PyQt6_Qt6_qml_QtQuick_Controls_FluentWinUI3 --> node_venv_lib_python3_12_site-packages_PyQt6_Qt6_qml_QtQuick_Controls_FluentWinUI3_light["light"]\n    node_venv_lib_python3_12_site-packages_PyQt6_Qt6_qml_QtQuick_Controls_FluentWinUI3_light --> node_venv_lib_python3_12_site-packages_PyQt6_Qt6_qml_QtQuick_Controls_FluentWinUI3_light_images["images"]\n    node_venv_lib_python3_12_site-packages_PyQt6_Qt6_qml_QtQuick_Controls_FluentWinUI3_light_images --> node_venv_lib_python3_12_site-packages_PyQt6_Qt6_qml_QtQuick_Controls_FluentWinUI3_light_images_slider-handle-pressed@3x_png["slider-handle-pressed@3x.png"]\n    Root --> node_venv["venv"]\n    node_venv --> node_venv_lib["lib"]\n    node_venv_lib --> node_venv_lib_python3_12["python3.12"]\n    node_venv_lib_python3_12 --> node_venv_lib_python3_12_site-packages["site-packages"]\n    node_venv_lib_python3_12_site-packages --> node_venv_lib_python3_12_site-packages_PyQt6["PyQt6"]\n    node_venv_lib_python3_12_site-packages_PyQt6 --> node_venv_lib_python3_12_site-packages_PyQt6_Qt6["Qt6"]\n    node_venv_lib_python3_12_site-packages_PyQt6_Qt6 --> node_venv_lib_python3_12_site-packages_PyQt6_Qt6_qml["qml"]\n    node_venv_lib_python3_12_site-packages_PyQt6_Qt6_qml --> node_venv_lib_python3_12_site-packages_PyQt6_Qt6_qml_QtQuick["QtQuick"]\n    node_venv_lib_python3_12_site-packages_PyQt6_Qt6_qml_QtQuick --> node_venv_lib_python3_12_site-packages_PyQt6_Qt6_qml_QtQuick_Controls["Controls"]\n    node_venv_lib_python3_12_site-packages_PyQt6_Qt6_qml_QtQuick_Controls --> node_venv_lib_python3_12_site-packages_PyQt6_Qt6_qml_QtQuick_Controls_FluentWinUI3["FluentWinUI3"]\n    node_venv_lib_python3_12_site-packages_PyQt6_Qt6_qml_QtQuick_Controls_FluentWinUI3 --> node_venv_lib_python3_12_site-packages_PyQt6_Qt6_qml_QtQuick_Controls_FluentWinUI3_light["light"]\n    node_venv_lib_python3_12_site-packages_PyQt6_Qt6_qml_QtQuick_Controls_FluentWinUI3_light --> node_venv_lib_python3_12_site-packages_PyQt6_Qt6_qml_QtQuick_Controls_FluentWinUI3_light_images["images"]\n    node_venv_lib_python3_12_site-packages_PyQt6_Qt6_qml_QtQuick_Controls_FluentWinUI3_light_images --> node_venv_lib_python3_12_site-packages_PyQt6_Qt6_qml_QtQuick_Controls_FluentWinUI3_light_images_slider-handle_png["slider-handle.png"]\n    Root --> node_venv["venv"]\n    node_venv --> node_venv_lib["lib"]\n    node_venv_lib --> node_venv_lib_python3_12["python3.12"]\n    node_venv_lib_python3_12 --> node_venv_lib_python3_12_site-packages["site-packages"]\n    node_venv_lib_python3_12_site-packages --> node_venv_lib_python3_12_site-packages_PyQt6["PyQt6"]\n    node_venv_lib_python3_12_site-packages_PyQt6 --> node_venv_lib_python3_12_site-packages_PyQt6_Qt6["Qt6"]\n    node_venv_lib_python3_12_site-packages_PyQt6_Qt6 --> node_venv_lib_python3_12_site-packages_PyQt6_Qt6_qml["qml"]\n    node_venv_lib_python3_12_site-packages_PyQt6_Qt6_qml --> node_venv_lib_python3_12_site-packages_PyQt6_Qt6_qml_QtQuick["QtQuick"]\n    node_venv_lib_python3_12_site-packages_PyQt6_Qt6_qml_QtQuick --> node_venv_lib_python3_12_site-packages_PyQt6_Qt6_qml_QtQuick_Controls["Controls"]\n    node_venv_lib_python3_12_site-packages_PyQt6_Qt6_qml_QtQuick_Controls --> node_venv_lib_python3_12_site-packages_PyQt6_Qt6_qml_QtQuick_Controls_FluentWinUI3["FluentWinUI3"]\n    node_venv_lib_python3_12_site-packages_PyQt6_Qt6_qml_QtQuick_Controls_FluentWinUI3 --> node_venv_lib_python3_12_site-packages_PyQt6_Qt6_qml_QtQuick_Controls_FluentWinUI3_light["light"]\n    node_venv_lib_python3_12_site-packages_PyQt6_Qt6_qml_QtQuick_Controls_FluentWinUI3_light --> node_venv_lib_python3_12_site-packages_PyQt6_Qt6_qml_QtQuick_Controls_FluentWinUI3_light_images["images"]\n    node_venv_lib_python3_12_site-packages_PyQt6_Qt6_qml_QtQuick_Controls_FluentWinUI3_light_images --> node_venv_lib_python3_12_site-packages_PyQt6_Qt6_qml_QtQuick_Controls_FluentWinUI3_light_images_slider-handle@2x_png["slider-handle@2x.png"]\n    Root --> node_venv["venv"]\n    node_venv --> node_venv_lib["lib"]\n    node_venv_lib --> node_venv_lib_python3_12["python3.12"]\n    node_venv_lib_python3_12 --> node_venv_lib_python3_12_site-packages["site-packages"]\n    node_venv_lib_python3_12_site-packages --> node_venv_lib_python3_12_site-packages_PyQt6["PyQt6"]\n    node_venv_lib_python3_12_site-packages_PyQt6 --> node_venv_lib_python3_12_site-packages_PyQt6_Qt6["Qt6"]\n    node_venv_lib_python3_12_site-packages_PyQt6_Qt6 --> node_venv_lib_python3_12_site-packages_PyQt6_Qt6_qml["qml"]\n    node_venv_lib_python3_12_site-packages_PyQt6_Qt6_qml --> node_venv_lib_python3_12_site-packages_PyQt6_Qt6_qml_QtQuick["QtQuick"]\n    node_venv_lib_python3_12_site-packages_PyQt6_Qt6_qml_QtQuick --> node_venv_lib_python3_12_site-packages_PyQt6_Qt6_qml_QtQuick_Controls["Controls"]\n    node_venv_lib_python3_12_site-packages_PyQt6_Qt6_qml_QtQuick_Controls --> node_venv_lib_python3_12_site-packages_PyQt6_Qt6_qml_QtQuick_Controls_FluentWinUI3["FluentWinUI3"]\n    node_venv_lib_python3_12_site-packages_PyQt6_Qt6_qml_QtQuick_Controls_FluentWinUI3 --> node_venv_lib_python3_12_site-packages_PyQt6_Qt6_qml_QtQuick_Controls_FluentWinUI3_light["light"]\n    node_venv_lib_python3_12_site-packages_PyQt6_Qt6_qml_QtQuick_Controls_FluentWinUI3_light --> node_venv_lib_python3_12_site-packages_PyQt6_Qt6_qml_QtQuick_Controls_FluentWinUI3_light_images["images"]\n    node_venv_lib_python3_12_site-packages_PyQt6_Qt6_qml_QtQuick_Controls_FluentWinUI3_light_images --> node_venv_lib_python3_12_site-packages_PyQt6_Qt6_qml_QtQuick_Controls_FluentWinUI3_light_images_slider-handle@3x_png["slider-handle@3x.png"]\n    Root --> node_venv["venv"]\n    node_venv --> node_venv_lib["lib"]\n    node_venv_lib --> node_venv_lib_python3_12["python3.12"]\n    node_venv_lib_python3_12 --> node_venv_lib_python3_12_site-packages["site-packages"]\n    node_venv_lib_python3_12_site-packages --> node_venv_lib_python3_12_site-packages_PyQt6["PyQt6"]\n    node_venv_lib_python3_12_site-packages_PyQt6 --> node_venv_lib_python3_12_site-packages_PyQt6_Qt6["Qt6"]\n    node_venv_lib_python3_12_site-packages_PyQt6_Qt6 --> node_venv_lib_python3_12_site-packages_PyQt6_Qt6_qml["qml"]\n    node_venv_lib_python3_12_site-packages_PyQt6_Qt6_qml --> node_venv_lib_python3_12_site-packages_PyQt6_Qt6_qml_QtQuick["QtQuick"]\n    node_venv_lib_python3_12_site-packages_PyQt6_Qt6_qml_QtQuick --> node_venv_lib_python3_12_site-packages_PyQt6_Qt6_qml_QtQuick_Controls["Controls"]\n    node_venv_lib_python3_12_site-packages_PyQt6_Qt6_qml_QtQuick_Controls --> node_venv_lib_python3_12_site-packages_PyQt6_Qt6_qml_QtQuick_Controls_FluentWinUI3["FluentWinUI3"]\n    node_venv_lib_python3_12_site-packages_PyQt6_Qt6_qml_QtQuick_Controls_FluentWinUI3 --> node_venv_lib_python3_12_site-packages_PyQt6_Qt6_qml_QtQuick_Controls_FluentWinUI3_light["light"]\n    node_venv_lib_python3_12_site-packages_PyQt6_Qt6_qml_QtQuick_Controls_FluentWinUI3_light --> node_venv_lib_python3_12_site-packages_PyQt6_Qt6_qml_QtQuick_Controls_FluentWinUI3_light_images["images"]\n    node_venv_lib_python3_12_site-packages_PyQt6_Qt6_qml_QtQuick_Controls_FluentWinUI3_light_images --> node_venv_lib_python3_12_site-packages_PyQt6_Qt6_qml_QtQuick_Controls_FluentWinUI3_light_images_spinbox-background-atlimit_png["spinbox-background-atlimit.png"]\n    Root --> node_venv["venv"]\n    node_venv --> node_venv_lib["lib"]\n    node_venv_lib --> node_venv_lib_python3_12["python3.12"]\n    node_venv_lib_python3_12 --> node_venv_lib_python3_12_site-packages["site-packages"]\n    node_venv_lib_python3_12_site-packages --> node_venv_lib_python3_12_site-packages_PyQt6["PyQt6"]\n    node_venv_lib_python3_12_site-packages_PyQt6 --> node_venv_lib_python3_12_site-packages_PyQt6_Qt6["Qt6"]\n    node_venv_lib_python3_12_site-packages_PyQt6_Qt6 --> node_venv_lib_python3_12_site-packages_PyQt6_Qt6_qml["qml"]\n    node_venv_lib_python3_12_site-packages_PyQt6_Qt6_qml --> node_venv_lib_python3_12_site-packages_PyQt6_Qt6_qml_QtQuick["QtQuick"]\n    node_venv_lib_python3_12_site-packages_PyQt6_Qt6_qml_QtQuick --> node_venv_lib_python3_12_site-packages_PyQt6_Qt6_qml_QtQuick_Controls["Controls"]\n    node_venv_lib_python3_12_site-packages_PyQt6_Qt6_qml_QtQuick_Controls --> node_venv_lib_python3_12_site-packages_PyQt6_Qt6_qml_QtQuick_Controls_FluentWinUI3["FluentWinUI3"]\n    node_venv_lib_python3_12_site-packages_PyQt6_Qt6_qml_QtQuick_Controls_FluentWinUI3 --> node_venv_lib_python3_12_site-packages_PyQt6_Qt6_qml_QtQuick_Controls_FluentWinUI3_light["light"]\n    node_venv_lib_python3_12_site-packages_PyQt6_Qt6_qml_QtQuick_Controls_FluentWinUI3_light --> node_venv_lib_python3_12_site-packages_PyQt6_Qt6_qml_QtQuick_Controls_FluentWinUI3_light_images["images"]\n    node_venv_lib_python3_12_site-packages_PyQt6_Qt6_qml_QtQuick_Controls_FluentWinUI3_light_images --> node_venv_lib_python3_12_site-packages_PyQt6_Qt6_qml_QtQuick_Controls_FluentWinUI3_light_images_spinbox-background-atlimit@2x_png["spinbox-background-atlimit@2x.png"]\n    Root --> node_venv["venv"]\n    node_venv --> node_venv_lib["lib"]\n    node_venv_lib --> node_venv_lib_python3_12["python3.12"]\n    node_venv_lib_python3_12 --> node_venv_lib_python3_12_site-packages["site-packages"]\n    node_venv_lib_python3_12_site-packages --> node_venv_lib_python3_12_site-packages_PyQt6["PyQt6"]\n    node_venv_lib_python3_12_site-packages_PyQt6 --> node_venv_lib_python3_12_site-packages_PyQt6_Qt6["Qt6"]\n    node_venv_lib_python3_12_site-packages_PyQt6_Qt6 --> node_venv_lib_python3_12_site-packages_PyQt6_Qt6_qml["qml"]\n    node_venv_lib_python3_12_site-packages_PyQt6_Qt6_qml --> node_venv_lib_python3_12_site-packages_PyQt6_Qt6_qml_QtQuick["QtQuick"]\n    node_venv_lib_python3_12_site-packages_PyQt6_Qt6_qml_QtQuick --> node_venv_lib_python3_12_site-packages_PyQt6_Qt6_qml_QtQuick_Controls["Controls"]\n    node_venv_lib_python3_12_site-packages_PyQt6_Qt6_qml_QtQuick_Controls --> node_venv_lib_python3_12_site-packages_PyQt6_Qt6_qml_QtQuick_Controls_FluentWinUI3["FluentWinUI3"]\n    node_venv_lib_python3_12_site-packages_PyQt6_Qt6_qml_QtQuick_Controls_FluentWinUI3 --> node_venv_lib_python3_12_site-packages_PyQt6_Qt6_qml_QtQuick_Controls_FluentWinUI3_light["light"]\n    node_venv_lib_python3_12_site-packages_PyQt6_Qt6_qml_QtQuick_Controls_FluentWinUI3_light --> node_venv_lib_python3_12_site-packages_PyQt6_Qt6_qml_QtQuick_Controls_FluentWinUI3_light_images["images"]\n    node_venv_lib_python3_12_site-packages_PyQt6_Qt6_qml_QtQuick_Controls_FluentWinUI3_light_images --> node_venv_lib_python3_12_site-packages_PyQt6_Qt6_qml_QtQuick_Controls_FluentWinUI3_light_images_spinbox-background-atlimit@3x_png["spinbox-background-atlimit@3x.png"]\n    Root --> node_venv["venv"]\n    node_venv --> node_venv_lib["lib"]\n    node_venv_lib --> node_venv_lib_python3_12["python3.12"]\n    node_venv_lib_python3_12 --> node_venv_lib_python3_12_site-packages["site-packages"]\n    node_venv_lib_python3_12_site-packages --> node_venv_lib_python3_12_site-packages_PyQt6["PyQt6"]\n    node_venv_lib_python3_12_site-packages_PyQt6 --> node_venv_lib_python3_12_site-packages_PyQt6_Qt6["Qt6"]\n    node_venv_lib_python3_12_site-packages_PyQt6_Qt6 --> node_venv_lib_python3_12_site-packages_PyQt6_Qt6_qml["qml"]\n    node_venv_lib_python3_12_site-packages_PyQt6_Qt6_qml --> node_venv_lib_python3_12_site-packages_PyQt6_Qt6_qml_QtQuick["QtQuick"]\n    node_venv_lib_python3_12_site-packages_PyQt6_Qt6_qml_QtQuick --> node_venv_lib_python3_12_site-packages_PyQt6_Qt6_qml_QtQuick_Controls["Controls"]\n    node_venv_lib_python3_12_site-packages_PyQt6_Qt6_qml_QtQuick_Controls --> node_venv_lib_python3_12_site-packages_PyQt6_Qt6_qml_QtQuick_Controls_FluentWinUI3["FluentWinUI3"]\n    node_venv_lib_python3_12_site-packages_PyQt6_Qt6_qml_QtQuick_Controls_FluentWinUI3 --> node_venv_lib_python3_12_site-packages_PyQt6_Qt6_qml_QtQuick_Controls_FluentWinUI3_light["light"]\n    node_venv_lib_python3_12_site-packages_PyQt6_Qt6_qml_QtQuick_Controls_FluentWinUI3_light --> node_venv_lib_python3_12_site-packages_PyQt6_Qt6_qml_QtQuick_Controls_FluentWinUI3_light_images["images"]\n    node_venv_lib_python3_12_site-packages_PyQt6_Qt6_qml_QtQuick_Controls_FluentWinUI3_light_images --> node_venv_lib_python3_12_site-packages_PyQt6_Qt6_qml_QtQuick_Controls_FluentWinUI3_light_images_spinbox-background-disabled_png["spinbox-background-disabled.png"]\n    Root --> node_venv["venv"]\n    node_venv --> node_venv_lib["lib"]\n    node_venv_lib --> node_venv_lib_python3_12["python3.12"]\n    node_venv_lib_python3_12 --> node_venv_lib_python3_12_site-packages["site-packages"]\n    node_venv_lib_python3_12_site-packages --> node_venv_lib_python3_12_site-packages_PyQt6["PyQt6"]\n    node_venv_lib_python3_12_site-packages_PyQt6 --> node_venv_lib_python3_12_site-packages_PyQt6_Qt6["Qt6"]\n    node_venv_lib_python3_12_site-packages_PyQt6_Qt6 --> node_venv_lib_python3_12_site-packages_PyQt6_Qt6_qml["qml"]\n    node_venv_lib_python3_12_site-packages_PyQt6_Qt6_qml --> node_venv_lib_python3_12_site-packages_PyQt6_Qt6_qml_QtQuick["QtQuick"]\n    node_venv_lib_python3_12_site-packages_PyQt6_Qt6_qml_QtQuick --> node_venv_lib_python3_12_site-packages_PyQt6_Qt6_qml_QtQuick_Controls["Controls"]\n    node_venv_lib_python3_12_site-packages_PyQt6_Qt6_qml_QtQuick_Controls --> node_venv_lib_python3_12_site-packages_PyQt6_Qt6_qml_QtQuick_Controls_FluentWinUI3["FluentWinUI3"]\n    node_venv_lib_python3_12_site-packages_PyQt6_Qt6_qml_QtQuick_Controls_FluentWinUI3 --> node_venv_lib_python3_12_site-packages_PyQt6_Qt6_qml_QtQuick_Controls_FluentWinUI3_light["light"]\n    node_venv_lib_python3_12_site-packages_PyQt6_Qt6_qml_QtQuick_Controls_FluentWinUI3_light --> node_venv_lib_python3_12_site-packages_PyQt6_Qt6_qml_QtQuick_Controls_FluentWinUI3_light_images["images"]\n    node_venv_lib_python3_12_site-packages_PyQt6_Qt6_qml_QtQuick_Controls_FluentWinUI3_light_images --> node_venv_lib_python3_12_site-packages_PyQt6_Qt6_qml_QtQuick_Controls_FluentWinUI3_light_images_spinbox-background-disabled@2x_png["spinbox-background-disabled@2x.png"]\n    Root --> node_venv["venv"]\n    node_venv --> node_venv_lib["lib"]\n    node_venv_lib --> node_venv_lib_python3_12["python3.12"]\n    node_venv_lib_python3_12 --> node_venv_lib_python3_12_site-packages["site-packages"]\n    node_venv_lib_python3_12_site-packages --> node_venv_lib_python3_12_site-packages_PyQt6["PyQt6"]\n    node_venv_lib_python3_12_site-packages_PyQt6 --> node_venv_lib_python3_12_site-packages_PyQt6_Qt6["Qt6"]\n    node_venv_lib_python3_12_site-packages_PyQt6_Qt6 --> node_venv_lib_python3_12_site-packages_PyQt6_Qt6_qml["qml"]\n    node_venv_lib_python3_12_site-packages_PyQt6_Qt6_qml --> node_venv_lib_python3_12_site-packages_PyQt6_Qt6_qml_QtQuick["QtQuick"]\n    node_venv_lib_python3_12_site-packages_PyQt6_Qt6_qml_QtQuick --> node_venv_lib_python3_12_site-packages_PyQt6_Qt6_qml_QtQuick_Controls["Controls"]\n    node_venv_lib_python3_12_site-packages_PyQt6_Qt6_qml_QtQuick_Controls --> node_venv_lib_python3_12_site-packages_PyQt6_Qt6_qml_QtQuick_Controls_FluentWinUI3["FluentWinUI3"]\n    node_venv_lib_python3_12_site-packages_PyQt6_Qt6_qml_QtQuick_Controls_FluentWinUI3 --> node_venv_lib_python3_12_site-packages_PyQt6_Qt6_qml_QtQuick_Controls_FluentWinUI3_light["light"]\n    node_venv_lib_python3_12_site-packages_PyQt6_Qt6_qml_QtQuick_Controls_FluentWinUI3_light --> node_venv_lib_python3_12_site-packages_PyQt6_Qt6_qml_QtQuick_Controls_FluentWinUI3_light_images["images"]\n    node_venv_lib_python3_12_site-packages_PyQt6_Qt6_qml_QtQuick_Controls_FluentWinUI3_light_images --> node_venv_lib_python3_12_site-packages_PyQt6_Qt6_qml_QtQuick_Controls_FluentWinUI3_light_images_spinbox-background-disabled@3x_png["spinbox-background-disabled@3x.png"]\n    Root --> node_venv["venv"]\n    node_venv --> node_venv_lib["lib"]\n    node_venv_lib --> node_venv_lib_python3_12["python3.12"]\n    node_venv_lib_python3_12 --> node_venv_lib_python3_12_site-packages["site-packages"]\n    node_venv_lib_python3_12_site-packages --> node_venv_lib_python3_12_site-packages_PyQt6["PyQt6"]\n    node_venv_lib_python3_12_site-packages_PyQt6 --> node_venv_lib_python3_12_site-packages_PyQt6_Qt6["Qt6"]\n    node_venv_lib_python3_12_site-packages_PyQt6_Qt6 --> node_venv_lib_python3_12_site-packages_PyQt6_Qt6_qml["qml"]\n    node_venv_lib_python3_12_site-packages_PyQt6_Qt6_qml --> node_venv_lib_python3_12_site-packages_PyQt6_Qt6_qml_QtQuick["QtQuick"]\n    node_venv_lib_python3_12_site-packages_PyQt6_Qt6_qml_QtQuick --> node_venv_lib_python3_12_site-packages_PyQt6_Qt6_qml_QtQuick_Controls["Controls"]\n    node_venv_lib_python3_12_site-packages_PyQt6_Qt6_qml_QtQuick_Controls --> node_venv_lib_python3_12_site-packages_PyQt6_Qt6_qml_QtQuick_Controls_FluentWinUI3["FluentWinUI3"]\n    node_venv_lib_python3_12_site-packages_PyQt6_Qt6_qml_QtQuick_Controls_FluentWinUI3 --> node_venv_lib_python3_12_site-packages_PyQt6_Qt6_qml_QtQuick_Controls_FluentWinUI3_light["light"]\n    node_venv_lib_python3_12_site-packages_PyQt6_Qt6_qml_QtQuick_Controls_FluentWinUI3_light --> node_venv_lib_python3_12_site-packages_PyQt6_Qt6_qml_QtQuick_Controls_FluentWinUI3_light_images["images"]\n    node_venv_lib_python3_12_site-packages_PyQt6_Qt6_qml_QtQuick_Controls_FluentWinUI3_light_images --> node_venv_lib_python3_12_site-packages_PyQt6_Qt6_qml_QtQuick_Controls_FluentWinUI3_light_images_spinbox-background-down-hovered_png["spinbox-background-down-hovered.png"]\n    Root --> node_venv["venv"]\n    node_venv --> node_venv_lib["lib"]\n    node_venv_lib --> node_venv_lib_python3_12["python3.12"]\n    node_venv_lib_python3_12 --> node_venv_lib_python3_12_site-packages["site-packages"]\n    node_venv_lib_python3_12_site-packages --> node_venv_lib_python3_12_site-packages_PyQt6["PyQt6"]\n    node_venv_lib_python3_12_site-packages_PyQt6 --> node_venv_lib_python3_12_site-packages_PyQt6_Qt6["Qt6"]\n    node_venv_lib_python3_12_site-packages_PyQt6_Qt6 --> node_venv_lib_python3_12_site-packages_PyQt6_Qt6_qml["qml"]\n    node_venv_lib_python3_12_site-packages_PyQt6_Qt6_qml --> node_venv_lib_python3_12_site-packages_PyQt6_Qt6_qml_QtQuick["QtQuick"]\n    node_venv_lib_python3_12_site-packages_PyQt6_Qt6_qml_QtQuick --> node_venv_lib_python3_12_site-packages_PyQt6_Qt6_qml_QtQuick_Controls["Controls"]\n    node_venv_lib_python3_12_site-packages_PyQt6_Qt6_qml_QtQuick_Controls --> node_venv_lib_python3_12_site-packages_PyQt6_Qt6_qml_QtQuick_Controls_FluentWinUI3["FluentWinUI3"]\n    node_venv_lib_python3_12_site-packages_PyQt6_Qt6_qml_QtQuick_Controls_FluentWinUI3 --> node_venv_lib_python3_12_site-packages_PyQt6_Qt6_qml_QtQuick_Controls_FluentWinUI3_light["light"]\n    node_venv_lib_python3_12_site-packages_PyQt6_Qt6_qml_QtQuick_Controls_FluentWinUI3_light --> node_venv_lib_python3_12_site-packages_PyQt6_Qt6_qml_QtQuick_Controls_FluentWinUI3_light_images["images"]\n    node_venv_lib_python3_12_site-packages_PyQt6_Qt6_qml_QtQuick_Controls_FluentWinUI3_light_images --> node_venv_lib_python3_12_site-packages_PyQt6_Qt6_qml_QtQuick_Controls_FluentWinUI3_light_images_spinbox-background-down-hovered@2x_png["spinbox-background-down-hovered@2x.png"]\n    Root --> node_venv["venv"]\n    node_venv --> node_venv_lib["lib"]\n    node_venv_lib --> node_venv_lib_python3_12["python3.12"]\n    node_venv_lib_python3_12 --> node_venv_lib_python3_12_site-packages["site-packages"]\n    node_venv_lib_python3_12_site-packages --> node_venv_lib_python3_12_site-packages_PyQt6["PyQt6"]\n    node_venv_lib_python3_12_site-packages_PyQt6 --> node_venv_lib_python3_12_site-packages_PyQt6_Qt6["Qt6"]\n    node_venv_lib_python3_12_site-packages_PyQt6_Qt6 --> node_venv_lib_python3_12_site-packages_PyQt6_Qt6_qml["qml"]\n    node_venv_lib_python3_12_site-packages_PyQt6_Qt6_qml --> node_venv_lib_python3_12_site-packages_PyQt6_Qt6_qml_QtQuick["QtQuick"]\n    node_venv_lib_python3_12_site-packages_PyQt6_Qt6_qml_QtQuick --> node_venv_lib_python3_12_site-packages_PyQt6_Qt6_qml_QtQuick_Controls["Controls"]\n    node_venv_lib_python3_12_site-packages_PyQt6_Qt6_qml_QtQuick_Controls --> node_venv_lib_python3_12_site-packages_PyQt6_Qt6_qml_QtQuick_Controls_FluentWinUI3["FluentWinUI3"]\n    node_venv_lib_python3_12_site-packages_PyQt6_Qt6_qml_QtQuick_Controls_FluentWinUI3 --> node_venv_lib_python3_12_site-packages_PyQt6_Qt6_qml_QtQuick_Controls_FluentWinUI3_light["light"]\n    node_venv_lib_python3_12_site-packages_PyQt6_Qt6_qml_QtQuick_Controls_FluentWinUI3_light --> node_venv_lib_python3_12_site-packages_PyQt6_Qt6_qml_QtQuick_Controls_FluentWinUI3_light_images["images"]\n    node_venv_lib_python3_12_site-packages_PyQt6_Qt6_qml_QtQuick_Controls_FluentWinUI3_light_images --> node_venv_lib_python3_12_site-packages_PyQt6_Qt6_qml_QtQuick_Controls_FluentWinUI3_light_images_spinbox-background-down-hovered@3x_png["spinbox-background-down-hovered@3x.png"]\n    Root --> node_venv["venv"]\n    node_venv --> node_venv_lib["lib"]\n    node_venv_lib --> node_venv_lib_python3_12["python3.12"]\n    node_venv_lib_python3_12 --> node_venv_lib_python3_12_site-packages["site-packages"]\n    node_venv_lib_python3_12_site-packages --> node_venv_lib_python3_12_site-packages_PyQt6["PyQt6"]\n    node_venv_lib_python3_12_site-packages_PyQt6 --> node_venv_lib_python3_12_site-packages_PyQt6_Qt6["Qt6"]\n    node_venv_lib_python3_12_site-packages_PyQt6_Qt6 --> node_venv_lib_python3_12_site-packages_PyQt6_Qt6_qml["qml"]\n    node_venv_lib_python3_12_site-packages_PyQt6_Qt6_qml --> node_venv_lib_python3_12_site-packages_PyQt6_Qt6_qml_QtQuick["QtQuick"]\n    node_venv_lib_python3_12_site-packages_PyQt6_Qt6_qml_QtQuick --> node_venv_lib_python3_12_site-packages_PyQt6_Qt6_qml_QtQuick_Controls["Controls"]\n    node_venv_lib_python3_12_site-packages_PyQt6_Qt6_qml_QtQuick_Controls --> node_venv_lib_python3_12_site-packages_PyQt6_Qt6_qml_QtQuick_Controls_FluentWinUI3["FluentWinUI3"]\n    node_venv_lib_python3_12_site-packages_PyQt6_Qt6_qml_QtQuick_Controls_FluentWinUI3 --> node_venv_lib_python3_12_site-packages_PyQt6_Qt6_qml_QtQuick_Controls_FluentWinUI3_light["light"]\n    node_venv_lib_python3_12_site-packages_PyQt6_Qt6_qml_QtQuick_Controls_FluentWinUI3_light --> node_venv_lib_python3_12_site-packages_PyQt6_Qt6_qml_QtQuick_Controls_FluentWinUI3_light_images["images"]\n    node_venv_lib_python3_12_site-packages_PyQt6_Qt6_qml_QtQuick_Controls_FluentWinUI3_light_images --> node_venv_lib_python3_12_site-packages_PyQt6_Qt6_qml_QtQuick_Controls_FluentWinUI3_light_images_spinbox-background-down-pressed_png["spinbox-background-down-pressed.png"]\n    Root --> node_venv["venv"]\n    node_venv --> node_venv_lib["lib"]\n    node_venv_lib --> node_venv_lib_python3_12["python3.12"]\n    node_venv_lib_python3_12 --> node_venv_lib_python3_12_site-packages["site-packages"]\n    node_venv_lib_python3_12_site-packages --> node_venv_lib_python3_12_site-packages_PyQt6["PyQt6"]\n    node_venv_lib_python3_12_site-packages_PyQt6 --> node_venv_lib_python3_12_site-packages_PyQt6_Qt6["Qt6"]\n    node_venv_lib_python3_12_site-packages_PyQt6_Qt6 --> node_venv_lib_python3_12_site-packages_PyQt6_Qt6_qml["qml"]\n    node_venv_lib_python3_12_site-packages_PyQt6_Qt6_qml --> node_venv_lib_python3_12_site-packages_PyQt6_Qt6_qml_QtQuick["QtQuick"]\n    node_venv_lib_python3_12_site-packages_PyQt6_Qt6_qml_QtQuick --> node_venv_lib_python3_12_site-packages_PyQt6_Qt6_qml_QtQuick_Controls["Controls"]\n    node_venv_lib_python3_12_site-packages_PyQt6_Qt6_qml_QtQuick_Controls --> node_venv_lib_python3_12_site-packages_PyQt6_Qt6_qml_QtQuick_Controls_FluentWinUI3["FluentWinUI3"]\n    node_venv_lib_python3_12_site-packages_PyQt6_Qt6_qml_QtQuick_Controls_FluentWinUI3 --> node_venv_lib_python3_12_site-packages_PyQt6_Qt6_qml_QtQuick_Controls_FluentWinUI3_light["light"]\n    node_venv_lib_python3_12_site-packages_PyQt6_Qt6_qml_QtQuick_Controls_FluentWinUI3_light --> node_venv_lib_python3_12_site-packages_PyQt6_Qt6_qml_QtQuick_Controls_FluentWinUI3_light_images["images"]\n    node_venv_lib_python3_12_site-packages_PyQt6_Qt6_qml_QtQuick_Controls_FluentWinUI3_light_images --> node_venv_lib_python3_12_site-packages_PyQt6_Qt6_qml_QtQuick_Controls_FluentWinUI3_light_images_spinbox-background-down-pressed@2x_png["spinbox-background-down-pressed@2x.png"]\n    Root --> node_venv["venv"]\n    node_venv --> node_venv_lib["lib"]\n    node_venv_lib --> node_venv_lib_python3_12["python3.12"]\n    node_venv_lib_python3_12 --> node_venv_lib_python3_12_site-packages["site-packages"]\n    node_venv_lib_python3_12_site-packages --> node_venv_lib_python3_12_site-packages_PyQt6["PyQt6"]\n    node_venv_lib_python3_12_site-packages_PyQt6 --> node_venv_lib_python3_12_site-packages_PyQt6_Qt6["Qt6"]\n    node_venv_lib_python3_12_site-packages_PyQt6_Qt6 --> node_venv_lib_python3_12_site-packages_PyQt6_Qt6_qml["qml"]\n    node_venv_lib_python3_12_site-packages_PyQt6_Qt6_qml --> node_venv_lib_python3_12_site-packages_PyQt6_Qt6_qml_QtQuick["QtQuick"]\n    node_venv_lib_python3_12_site-packages_PyQt6_Qt6_qml_QtQuick --> node_venv_lib_python3_12_site-packages_PyQt6_Qt6_qml_QtQuick_Controls["Controls"]\n    node_venv_lib_python3_12_site-packages_PyQt6_Qt6_qml_QtQuick_Controls --> node_venv_lib_python3_12_site-packages_PyQt6_Qt6_qml_QtQuick_Controls_FluentWinUI3["FluentWinUI3"]\n    node_venv_lib_python3_12_site-packages_PyQt6_Qt6_qml_QtQuick_Controls_FluentWinUI3 --> node_venv_lib_python3_12_site-packages_PyQt6_Qt6_qml_QtQuick_Controls_FluentWinUI3_light["light"]\n    node_venv_lib_python3_12_site-packages_PyQt6_Qt6_qml_QtQuick_Controls_FluentWinUI3_light --> node_venv_lib_python3_12_site-packages_PyQt6_Qt6_qml_QtQuick_Controls_FluentWinUI3_light_images["images"]\n    node_venv_lib_python3_12_site-packages_PyQt6_Qt6_qml_QtQuick_Controls_FluentWinUI3_light_images --> node_venv_lib_python3_12_site-packages_PyQt6_Qt6_qml_QtQuick_Controls_FluentWinUI3_light_images_spinbox-background-down-pressed@3x_png["spinbox-background-down-pressed@3x.png"]\n    Root --> node_venv["venv"]\n    node_venv --> node_venv_lib["lib"]\n    node_venv_lib --> node_venv_lib_python3_12["python3.12"]\n    node_venv_lib_python3_12 --> node_venv_lib_python3_12_site-packages["site-packages"]\n    node_venv_lib_python3_12_site-packages --> node_venv_lib_python3_12_site-packages_PyQt6["PyQt6"]\n    node_venv_lib_python3_12_site-packages_PyQt6 --> node_venv_lib_python3_12_site-packages_PyQt6_Qt6["Qt6"]\n    node_venv_lib_python3_12_site-packages_PyQt6_Qt6 --> node_venv_lib_python3_12_site-packages_PyQt6_Qt6_qml["qml"]\n    node_venv_lib_python3_12_site-packages_PyQt6_Qt6_qml --> node_venv_lib_python3_12_site-packages_PyQt6_Qt6_qml_QtQuick["QtQuick"]\n    node_venv_lib_python3_12_site-packages_PyQt6_Qt6_qml_QtQuick --> node_venv_lib_python3_12_site-packages_PyQt6_Qt6_qml_QtQuick_Controls["Controls"]\n    node_venv_lib_python3_12_site-packages_PyQt6_Qt6_qml_QtQuick_Controls --> node_venv_lib_python3_12_site-packages_PyQt6_Qt6_qml_QtQuick_Controls_FluentWinUI3["FluentWinUI3"]\n    node_venv_lib_python3_12_site-packages_PyQt6_Qt6_qml_QtQuick_Controls_FluentWinUI3 --> node_venv_lib_python3_12_site-packages_PyQt6_Qt6_qml_QtQuick_Controls_FluentWinUI3_light["light"]\n    node_venv_lib_python3_12_site-packages_PyQt6_Qt6_qml_QtQuick_Controls_FluentWinUI3_light --> node_venv_lib_python3_12_site-packages_PyQt6_Qt6_qml_QtQuick_Controls_FluentWinUI3_light_images["images"]\n    node_venv_lib_python3_12_site-packages_PyQt6_Qt6_qml_QtQuick_Controls_FluentWinUI3_light_images --> node_venv_lib_python3_12_site-packages_PyQt6_Qt6_qml_QtQuick_Controls_FluentWinUI3_light_images_spinbox-background-hovered_png["spinbox-background-hovered.png"]\n    Root --> node_venv["venv"]\n    node_venv --> node_venv_lib["lib"]\n    node_venv_lib --> node_venv_lib_python3_12["python3.12"]\n    node_venv_lib_python3_12 --> node_venv_lib_python3_12_site-packages["site-packages"]\n    node_venv_lib_python3_12_site-packages --> node_venv_lib_python3_12_site-packages_PyQt6["PyQt6"]\n    node_venv_lib_python3_12_site-packages_PyQt6 --> node_venv_lib_python3_12_site-packages_PyQt6_Qt6["Qt6"]\n    node_venv_lib_python3_12_site-packages_PyQt6_Qt6 --> node_venv_lib_python3_12_site-packages_PyQt6_Qt6_qml["qml"]\n    node_venv_lib_python3_12_site-packages_PyQt6_Qt6_qml --> node_venv_lib_python3_12_site-packages_PyQt6_Qt6_qml_QtQuick["QtQuick"]\n    node_venv_lib_python3_12_site-packages_PyQt6_Qt6_qml_QtQuick --> node_venv_lib_python3_12_site-packages_PyQt6_Qt6_qml_QtQuick_Controls["Controls"]\n    node_venv_lib_python3_12_site-packages_PyQt6_Qt6_qml_QtQuick_Controls --> node_venv_lib_python3_12_site-packages_PyQt6_Qt6_qml_QtQuick_Controls_FluentWinUI3["FluentWinUI3"]\n    node_venv_lib_python3_12_site-packages_PyQt6_Qt6_qml_QtQuick_Controls_FluentWinUI3 --> node_venv_lib_python3_12_site-packages_PyQt6_Qt6_qml_QtQuick_Controls_FluentWinUI3_light["light"]\n    node_venv_lib_python3_12_site-packages_PyQt6_Qt6_qml_QtQuick_Controls_FluentWinUI3_light --> node_venv_lib_python3_12_site-packages_PyQt6_Qt6_qml_QtQuick_Controls_FluentWinUI3_light_images["images"]\n    node_venv_lib_python3_12_site-packages_PyQt6_Qt6_qml_QtQuick_Controls_FluentWinUI3_light_images --> node_venv_lib_python3_12_site-packages_PyQt6_Qt6_qml_QtQuick_Controls_FluentWinUI3_light_images_spinbox-background-hovered@2x_png["spinbox-background-hovered@2x.png"]\n    Root --> node_venv["venv"]\n    node_venv --> node_venv_lib["lib"]\n    node_venv_lib --> node_venv_lib_python3_12["python3.12"]\n    node_venv_lib_python3_12 --> node_venv_lib_python3_12_site-packages["site-packages"]\n    node_venv_lib_python3_12_site-packages --> node_venv_lib_python3_12_site-packages_PyQt6["PyQt6"]\n    node_venv_lib_python3_12_site-packages_PyQt6 --> node_venv_lib_python3_12_site-packages_PyQt6_Qt6["Qt6"]\n    node_venv_lib_python3_12_site-packages_PyQt6_Qt6 --> node_venv_lib_python3_12_site-packages_PyQt6_Qt6_qml["qml"]\n    node_venv_lib_python3_12_site-packages_PyQt6_Qt6_qml --> node_venv_lib_python3_12_site-packages_PyQt6_Qt6_qml_QtQuick["QtQuick"]\n    node_venv_lib_python3_12_site-packages_PyQt6_Qt6_qml_QtQuick --> node_venv_lib_python3_12_site-packages_PyQt6_Qt6_qml_QtQuick_Controls["Controls"]\n    node_venv_lib_python3_12_site-packages_PyQt6_Qt6_qml_QtQuick_Controls --> node_venv_lib_python3_12_site-packages_PyQt6_Qt6_qml_QtQuick_Controls_FluentWinUI3["FluentWinUI3"]\n    node_venv_lib_python3_12_site-packages_PyQt6_Qt6_qml_QtQuick_Controls_FluentWinUI3 --> node_venv_lib_python3_12_site-packages_PyQt6_Qt6_qml_QtQuick_Controls_FluentWinUI3_light["light"]\n    node_venv_lib_python3_12_site-packages_PyQt6_Qt6_qml_QtQuick_Controls_FluentWinUI3_light --> node_venv_lib_python3_12_site-packages_PyQt6_Qt6_qml_QtQuick_Controls_FluentWinUI3_light_images["images"]\n    node_venv_lib_python3_12_site-packages_PyQt6_Qt6_qml_QtQuick_Controls_FluentWinUI3_light_images --> node_venv_lib_python3_12_site-packages_PyQt6_Qt6_qml_QtQuick_Controls_FluentWinUI3_light_images_spinbox-background-hovered@3x_png["spinbox-background-hovered@3x.png"]\n    Root --> node_venv["venv"]\n    node_venv --> node_venv_lib["lib"]\n    node_venv_lib --> node_venv_lib_python3_12["python3.12"]\n    node_venv_lib_python3_12 --> node_venv_lib_python3_12_site-packages["site-packages"]\n    node_venv_lib_python3_12_site-packages --> node_venv_lib_python3_12_site-packages_PyQt6["PyQt6"]\n    node_venv_lib_python3_12_site-packages_PyQt6 --> node_venv_lib_python3_12_site-packages_PyQt6_Qt6["Qt6"]\n    node_venv_lib_python3_12_site-packages_PyQt6_Qt6 --> node_venv_lib_python3_12_site-packages_PyQt6_Qt6_qml["qml"]\n    node_venv_lib_python3_12_site-packages_PyQt6_Qt6_qml --> node_venv_lib_python3_12_site-packages_PyQt6_Qt6_qml_QtQuick["QtQuick"]\n    node_venv_lib_python3_12_site-packages_PyQt6_Qt6_qml_QtQuick --> node_venv_lib_python3_12_site-packages_PyQt6_Qt6_qml_QtQuick_Controls["Controls"]\n    node_venv_lib_python3_12_site-packages_PyQt6_Qt6_qml_QtQuick_Controls --> node_venv_lib_python3_12_site-packages_PyQt6_Qt6_qml_QtQuick_Controls_FluentWinUI3["FluentWinUI3"]\n    node_venv_lib_python3_12_site-packages_PyQt6_Qt6_qml_QtQuick_Controls_FluentWinUI3 --> node_venv_lib_python3_12_site-packages_PyQt6_Qt6_qml_QtQuick_Controls_FluentWinUI3_light["light"]\n    node_venv_lib_python3_12_site-packages_PyQt6_Qt6_qml_QtQuick_Controls_FluentWinUI3_light --> node_venv_lib_python3_12_site-packages_PyQt6_Qt6_qml_QtQuick_Controls_FluentWinUI3_light_images["images"]\n    node_venv_lib_python3_12_site-packages_PyQt6_Qt6_qml_QtQuick_Controls_FluentWinUI3_light_images --> node_venv_lib_python3_12_site-packages_PyQt6_Qt6_qml_QtQuick_Controls_FluentWinUI3_light_images_spinbox-background-up-hovered_png["spinbox-background-up-hovered.png"]\n    Root --> node_venv["venv"]\n    node_venv --> node_venv_lib["lib"]\n    node_venv_lib --> node_venv_lib_python3_12["python3.12"]\n    node_venv_lib_python3_12 --> node_venv_lib_python3_12_site-packages["site-packages"]\n    node_venv_lib_python3_12_site-packages --> node_venv_lib_python3_12_site-packages_PyQt6["PyQt6"]\n    node_venv_lib_python3_12_site-packages_PyQt6 --> node_venv_lib_python3_12_site-packages_PyQt6_Qt6["Qt6"]\n    node_venv_lib_python3_12_site-packages_PyQt6_Qt6 --> node_venv_lib_python3_12_site-packages_PyQt6_Qt6_qml["qml"]\n    node_venv_lib_python3_12_site-packages_PyQt6_Qt6_qml --> node_venv_lib_python3_12_site-packages_PyQt6_Qt6_qml_QtQuick["QtQuick"]\n    node_venv_lib_python3_12_site-packages_PyQt6_Qt6_qml_QtQuick --> node_venv_lib_python3_12_site-packages_PyQt6_Qt6_qml_QtQuick_Controls["Controls"]\n    node_venv_lib_python3_12_site-packages_PyQt6_Qt6_qml_QtQuick_Controls --> node_venv_lib_python3_12_site-packages_PyQt6_Qt6_qml_QtQuick_Controls_FluentWinUI3["FluentWinUI3"]\n    node_venv_lib_python3_12_site-packages_PyQt6_Qt6_qml_QtQuick_Controls_FluentWinUI3 --> node_venv_lib_python3_12_site-packages_PyQt6_Qt6_qml_QtQuick_Controls_FluentWinUI3_light["light"]\n    node_venv_lib_python3_12_site-packages_PyQt6_Qt6_qml_QtQuick_Controls_FluentWinUI3_light --> node_venv_lib_python3_12_site-packages_PyQt6_Qt6_qml_QtQuick_Controls_FluentWinUI3_light_images["images"]\n    node_venv_lib_python3_12_site-packages_PyQt6_Qt6_qml_QtQuick_Controls_FluentWinUI3_light_images --> node_venv_lib_python3_12_site-packages_PyQt6_Qt6_qml_QtQuick_Controls_FluentWinUI3_light_images_spinbox-background-up-hovered@2x_png["spinbox-background-up-hovered@2x.png"]\n    Root --> node_venv["venv"]\n    node_venv --> node_venv_lib["lib"]\n    node_venv_lib --> node_venv_lib_python3_12["python3.12"]\n    node_venv_lib_python3_12 --> node_venv_lib_python3_12_site-packages["site-packages"]\n    node_venv_lib_python3_12_site-packages --> node_venv_lib_python3_12_site-packages_PyQt6["PyQt6"]\n    node_venv_lib_python3_12_site-packages_PyQt6 --> node_venv_lib_python3_12_site-packages_PyQt6_Qt6["Qt6"]\n    node_venv_lib_python3_12_site-packages_PyQt6_Qt6 --> node_venv_lib_python3_12_site-packages_PyQt6_Qt6_qml["qml"]\n    node_venv_lib_python3_12_site-packages_PyQt6_Qt6_qml --> node_venv_lib_python3_12_site-packages_PyQt6_Qt6_qml_QtQuick["QtQuick"]\n    node_venv_lib_python3_12_site-packages_PyQt6_Qt6_qml_QtQuick --> node_venv_lib_python3_12_site-packages_PyQt6_Qt6_qml_QtQuick_Controls["Controls"]\n    node_venv_lib_python3_12_site-packages_PyQt6_Qt6_qml_QtQuick_Controls --> node_venv_lib_python3_12_site-packages_PyQt6_Qt6_qml_QtQuick_Controls_FluentWinUI3["FluentWinUI3"]\n    node_venv_lib_python3_12_site-packages_PyQt6_Qt6_qml_QtQuick_Controls_FluentWinUI3 --> node_venv_lib_python3_12_site-packages_PyQt6_Qt6_qml_QtQuick_Controls_FluentWinUI3_light["light"]\n    node_venv_lib_python3_12_site-packages_PyQt6_Qt6_qml_QtQuick_Controls_FluentWinUI3_light --> node_venv_lib_python3_12_site-packages_PyQt6_Qt6_qml_QtQuick_Controls_FluentWinUI3_light_images["images"]\n    node_venv_lib_python3_12_site-packages_PyQt6_Qt6_qml_QtQuick_Controls_FluentWinUI3_light_images --> node_venv_lib_python3_12_site-packages_PyQt6_Qt6_qml_QtQuick_Controls_FluentWinUI3_light_images_spinbox-background-up-hovered@3x_png["spinbox-background-up-hovered@3x.png"]\n    Root --> node_venv["venv"]\n    node_venv --> node_venv_lib["lib"]\n    node_venv_lib --> node_venv_lib_python3_12["python3.12"]\n    node_venv_lib_python3_12 --> node_venv_lib_python3_12_site-packages["site-packages"]\n    node_venv_lib_python3_12_site-packages --> node_venv_lib_python3_12_site-packages_PyQt6["PyQt6"]\n    node_venv_lib_python3_12_site-packages_PyQt6 --> node_venv_lib_python3_12_site-packages_PyQt6_Qt6["Qt6"]\n    node_venv_lib_python3_12_site-packages_PyQt6_Qt6 --> node_venv_lib_python3_12_site-packages_PyQt6_Qt6_qml["qml"]\n    node_venv_lib_python3_12_site-packages_PyQt6_Qt6_qml --> node_venv_lib_python3_12_site-packages_PyQt6_Qt6_qml_QtQuick["QtQuick"]\n    node_venv_lib_python3_12_site-packages_PyQt6_Qt6_qml_QtQuick --> node_venv_lib_python3_12_site-packages_PyQt6_Qt6_qml_QtQuick_Controls["Controls"]\n    node_venv_lib_python3_12_site-packages_PyQt6_Qt6_qml_QtQuick_Controls --> node_venv_lib_python3_12_site-packages_PyQt6_Qt6_qml_QtQuick_Controls_FluentWinUI3["FluentWinUI3"]\n    node_venv_lib_python3_12_site-packages_PyQt6_Qt6_qml_QtQuick_Controls_FluentWinUI3 --> node_venv_lib_python3_12_site-packages_PyQt6_Qt6_qml_QtQuick_Controls_FluentWinUI3_light["light"]\n    node_venv_lib_python3_12_site-packages_PyQt6_Qt6_qml_QtQuick_Controls_FluentWinUI3_light --> node_venv_lib_python3_12_site-packages_PyQt6_Qt6_qml_QtQuick_Controls_FluentWinUI3_light_images["images"]\n    node_venv_lib_python3_12_site-packages_PyQt6_Qt6_qml_QtQuick_Controls_FluentWinUI3_light_images --> node_venv_lib_python3_12_site-packages_PyQt6_Qt6_qml_QtQuick_Controls_FluentWinUI3_light_images_spinbox-background-up-pressed_png["spinbox-background-up-pressed.png"]\n    Root --> node_venv["venv"]\n    node_venv --> node_venv_lib["lib"]\n    node_venv_lib --> node_venv_lib_python3_12["python3.12"]\n    node_venv_lib_python3_12 --> node_venv_lib_python3_12_site-packages["site-packages"]\n    node_venv_lib_python3_12_site-packages --> node_venv_lib_python3_12_site-packages_PyQt6["PyQt6"]\n    node_venv_lib_python3_12_site-packages_PyQt6 --> node_venv_lib_python3_12_site-packages_PyQt6_Qt6["Qt6"]\n    node_venv_lib_python3_12_site-packages_PyQt6_Qt6 --> node_venv_lib_python3_12_site-packages_PyQt6_Qt6_qml["qml"]\n    node_venv_lib_python3_12_site-packages_PyQt6_Qt6_qml --> node_venv_lib_python3_12_site-packages_PyQt6_Qt6_qml_QtQuick["QtQuick"]\n    node_venv_lib_python3_12_site-packages_PyQt6_Qt6_qml_QtQuick --> node_venv_lib_python3_12_site-packages_PyQt6_Qt6_qml_QtQuick_Controls["Controls"]\n    node_venv_lib_python3_12_site-packages_PyQt6_Qt6_qml_QtQuick_Controls --> node_venv_lib_python3_12_site-packages_PyQt6_Qt6_qml_QtQuick_Controls_FluentWinUI3["FluentWinUI3"]\n    node_venv_lib_python3_12_site-packages_PyQt6_Qt6_qml_QtQuick_Controls_FluentWinUI3 --> node_venv_lib_python3_12_site-packages_PyQt6_Qt6_qml_QtQuick_Controls_FluentWinUI3_light["light"]\n    node_venv_lib_python3_12_site-packages_PyQt6_Qt6_qml_QtQuick_Controls_FluentWinUI3_light --> node_venv_lib_python3_12_site-packages_PyQt6_Qt6_qml_QtQuick_Controls_FluentWinUI3_light_images["images"]\n    node_venv_lib_python3_12_site-packages_PyQt6_Qt6_qml_QtQuick_Controls_FluentWinUI3_light_images --> node_venv_lib_python3_12_site-packages_PyQt6_Qt6_qml_QtQuick_Controls_FluentWinUI3_light_images_spinbox-background-up-pressed@2x_png["spinbox-background-up-pressed@2x.png"]\n    Root --> node_venv["venv"]\n    node_venv --> node_venv_lib["lib"]\n    node_venv_lib --> node_venv_lib_python3_12["python3.12"]\n    node_venv_lib_python3_12 --> node_venv_lib_python3_12_site-packages["site-packages"]\n    node_venv_lib_python3_12_site-packages --> node_venv_lib_python3_12_site-packages_PyQt6["PyQt6"]\n    node_venv_lib_python3_12_site-packages_PyQt6 --> node_venv_lib_python3_12_site-packages_PyQt6_Qt6["Qt6"]\n    node_venv_lib_python3_12_site-packages_PyQt6_Qt6 --> node_venv_lib_python3_12_site-packages_PyQt6_Qt6_qml["qml"]\n    node_venv_lib_python3_12_site-packages_PyQt6_Qt6_qml --> node_venv_lib_python3_12_site-packages_PyQt6_Qt6_qml_QtQuick["QtQuick"]\n    node_venv_lib_python3_12_site-packages_PyQt6_Qt6_qml_QtQuick --> node_venv_lib_python3_12_site-packages_PyQt6_Qt6_qml_QtQuick_Controls["Controls"]\n    node_venv_lib_python3_12_site-packages_PyQt6_Qt6_qml_QtQuick_Controls --> node_venv_lib_python3_12_site-packages_PyQt6_Qt6_qml_QtQuick_Controls_FluentWinUI3["FluentWinUI3"]\n    node_venv_lib_python3_12_site-packages_PyQt6_Qt6_qml_QtQuick_Controls_FluentWinUI3 --> node_venv_lib_python3_12_site-packages_PyQt6_Qt6_qml_QtQuick_Controls_FluentWinUI3_light["light"]\n    node_venv_lib_python3_12_site-packages_PyQt6_Qt6_qml_QtQuick_Controls_FluentWinUI3_light --> node_venv_lib_python3_12_site-packages_PyQt6_Qt6_qml_QtQuick_Controls_FluentWinUI3_light_images["images"]\n    node_venv_lib_python3_12_site-packages_PyQt6_Qt6_qml_QtQuick_Controls_FluentWinUI3_light_images --> node_venv_lib_python3_12_site-packages_PyQt6_Qt6_qml_QtQuick_Controls_FluentWinUI3_light_images_spinbox-background-up-pressed@3x_png["spinbox-background-up-pressed@3x.png"]\n    Root --> node_venv["venv"]\n    node_venv --> node_venv_lib["lib"]\n    node_venv_lib --> node_venv_lib_python3_12["python3.12"]\n    node_venv_lib_python3_12 --> node_venv_lib_python3_12_site-packages["site-packages"]\n    node_venv_lib_python3_12_site-packages --> node_venv_lib_python3_12_site-packages_PyQt6["PyQt6"]\n    node_venv_lib_python3_12_site-packages_PyQt6 --> node_venv_lib_python3_12_site-packages_PyQt6_Qt6["Qt6"]\n    node_venv_lib_python3_12_site-packages_PyQt6_Qt6 --> node_venv_lib_python3_12_site-packages_PyQt6_Qt6_qml["qml"]\n    node_venv_lib_python3_12_site-packages_PyQt6_Qt6_qml --> node_venv_lib_python3_12_site-packages_PyQt6_Qt6_qml_QtQuick["QtQuick"]\n    node_venv_lib_python3_12_site-packages_PyQt6_Qt6_qml_QtQuick --> node_venv_lib_python3_12_site-packages_PyQt6_Qt6_qml_QtQuick_Controls["Controls"]\n    node_venv_lib_python3_12_site-packages_PyQt6_Qt6_qml_QtQuick_Controls --> node_venv_lib_python3_12_site-packages_PyQt6_Qt6_qml_QtQuick_Controls_FluentWinUI3["FluentWinUI3"]\n    node_venv_lib_python3_12_site-packages_PyQt6_Qt6_qml_QtQuick_Controls_FluentWinUI3 --> node_venv_lib_python3_12_site-packages_PyQt6_Qt6_qml_QtQuick_Controls_FluentWinUI3_light["light"]\n    node_venv_lib_python3_12_site-packages_PyQt6_Qt6_qml_QtQuick_Controls_FluentWinUI3_light --> node_venv_lib_python3_12_site-packages_PyQt6_Qt6_qml_QtQuick_Controls_FluentWinUI3_light_images["images"]\n    node_venv_lib_python3_12_site-packages_PyQt6_Qt6_qml_QtQuick_Controls_FluentWinUI3_light_images --> node_venv_lib_python3_12_site-packages_PyQt6_Qt6_qml_QtQuick_Controls_FluentWinUI3_light_images_spinbox-background_png["spinbox-background.png"]\n    Root --> node_venv["venv"]\n    node_venv --> node_venv_lib["lib"]\n    node_venv_lib --> node_venv_lib_python3_12["python3.12"]\n    node_venv_lib_python3_12 --> node_venv_lib_python3_12_site-packages["site-packages"]\n    node_venv_lib_python3_12_site-packages --> node_venv_lib_python3_12_site-packages_PyQt6["PyQt6"]\n    node_venv_lib_python3_12_site-packages_PyQt6 --> node_venv_lib_python3_12_site-packages_PyQt6_Qt6["Qt6"]\n    node_venv_lib_python3_12_site-packages_PyQt6_Qt6 --> node_venv_lib_python3_12_site-packages_PyQt6_Qt6_qml["qml"]\n    node_venv_lib_python3_12_site-packages_PyQt6_Qt6_qml --> node_venv_lib_python3_12_site-packages_PyQt6_Qt6_qml_QtQuick["QtQuick"]\n    node_venv_lib_python3_12_site-packages_PyQt6_Qt6_qml_QtQuick --> node_venv_lib_python3_12_site-packages_PyQt6_Qt6_qml_QtQuick_Controls["Controls"]\n    node_venv_lib_python3_12_site-packages_PyQt6_Qt6_qml_QtQuick_Controls --> node_venv_lib_python3_12_site-packages_PyQt6_Qt6_qml_QtQuick_Controls_FluentWinUI3["FluentWinUI3"]\n    node_venv_lib_python3_12_site-packages_PyQt6_Qt6_qml_QtQuick_Controls_FluentWinUI3 --> node_venv_lib_python3_12_site-packages_PyQt6_Qt6_qml_QtQuick_Controls_FluentWinUI3_light["light"]\n    node_venv_lib_python3_12_site-packages_PyQt6_Qt6_qml_QtQuick_Controls_FluentWinUI3_light --> node_venv_lib_python3_12_site-packages_PyQt6_Qt6_qml_QtQuick_Controls_FluentWinUI3_light_images["images"]\n    node_venv_lib_python3_12_site-packages_PyQt6_Qt6_qml_QtQuick_Controls_FluentWinUI3_light_images --> node_venv_lib_python3_12_site-packages_PyQt6_Qt6_qml_QtQuick_Controls_FluentWinUI3_light_images_spinbox-background@2x_png["spinbox-background@2x.png"]\n    Root --> node_venv["venv"]\n    node_venv --> node_venv_lib["lib"]\n    node_venv_lib --> node_venv_lib_python3_12["python3.12"]\n    node_venv_lib_python3_12 --> node_venv_lib_python3_12_site-packages["site-packages"]\n    node_venv_lib_python3_12_site-packages --> node_venv_lib_python3_12_site-packages_PyQt6["PyQt6"]\n    node_venv_lib_python3_12_site-packages_PyQt6 --> node_venv_lib_python3_12_site-packages_PyQt6_Qt6["Qt6"]\n    node_venv_lib_python3_12_site-packages_PyQt6_Qt6 --> node_venv_lib_python3_12_site-packages_PyQt6_Qt6_qml["qml"]\n    node_venv_lib_python3_12_site-packages_PyQt6_Qt6_qml --> node_venv_lib_python3_12_site-packages_PyQt6_Qt6_qml_QtQuick["QtQuick"]\n    node_venv_lib_python3_12_site-packages_PyQt6_Qt6_qml_QtQuick --> node_venv_lib_python3_12_site-packages_PyQt6_Qt6_qml_QtQuick_Controls["Controls"]\n    node_venv_lib_python3_12_site-packages_PyQt6_Qt6_qml_QtQuick_Controls --> node_venv_lib_python3_12_site-packages_PyQt6_Qt6_qml_QtQuick_Controls_FluentWinUI3["FluentWinUI3"]\n    node_venv_lib_python3_12_site-packages_PyQt6_Qt6_qml_QtQuick_Controls_FluentWinUI3 --> node_venv_lib_python3_12_site-packages_PyQt6_Qt6_qml_QtQuick_Controls_FluentWinUI3_light["light"]\n    node_venv_lib_python3_12_site-packages_PyQt6_Qt6_qml_QtQuick_Controls_FluentWinUI3_light --> node_venv_lib_python3_12_site-packages_PyQt6_Qt6_qml_QtQuick_Controls_FluentWinUI3_light_images["images"]\n    node_venv_lib_python3_12_site-packages_PyQt6_Qt6_qml_QtQuick_Controls_FluentWinUI3_light_images --> node_venv_lib_python3_12_site-packages_PyQt6_Qt6_qml_QtQuick_Controls_FluentWinUI3_light_images_spinbox-background@3x_png["spinbox-background@3x.png"]\n    Root --> node_venv["venv"]\n    node_venv --> node_venv_lib["lib"]\n    node_venv_lib --> node_venv_lib_python3_12["python3.12"]\n    node_venv_lib_python3_12 --> node_venv_lib_python3_12_site-packages["site-packages"]\n    node_venv_lib_python3_12_site-packages --> node_venv_lib_python3_12_site-packages_PyQt6["PyQt6"]\n    node_venv_lib_python3_12_site-packages_PyQt6 --> node_venv_lib_python3_12_site-packages_PyQt6_Qt6["Qt6"]\n    node_venv_lib_python3_12_site-packages_PyQt6_Qt6 --> node_venv_lib_python3_12_site-packages_PyQt6_Qt6_qml["qml"]\n    node_venv_lib_python3_12_site-packages_PyQt6_Qt6_qml --> node_venv_lib_python3_12_site-packages_PyQt6_Qt6_qml_QtQuick["QtQuick"]\n    node_venv_lib_python3_12_site-packages_PyQt6_Qt6_qml_QtQuick --> node_venv_lib_python3_12_site-packages_PyQt6_Qt6_qml_QtQuick_Controls["Controls"]\n    node_venv_lib_python3_12_site-packages_PyQt6_Qt6_qml_QtQuick_Controls --> node_venv_lib_python3_12_site-packages_PyQt6_Qt6_qml_QtQuick_Controls_FluentWinUI3["FluentWinUI3"]\n    node_venv_lib_python3_12_site-packages_PyQt6_Qt6_qml_QtQuick_Controls_FluentWinUI3 --> node_venv_lib_python3_12_site-packages_PyQt6_Qt6_qml_QtQuick_Controls_FluentWinUI3_light["light"]\n    node_venv_lib_python3_12_site-packages_PyQt6_Qt6_qml_QtQuick_Controls_FluentWinUI3_light --> node_venv_lib_python3_12_site-packages_PyQt6_Qt6_qml_QtQuick_Controls_FluentWinUI3_light_images["images"]\n    node_venv_lib_python3_12_site-packages_PyQt6_Qt6_qml_QtQuick_Controls_FluentWinUI3_light_images --> node_venv_lib_python3_12_site-packages_PyQt6_Qt6_qml_QtQuick_Controls_FluentWinUI3_light_images_spinbox-indicator-down-background-atlimit_png["spinbox-indicator-down-background-atlimit.png"]\n    Root --> node_venv["venv"]\n    node_venv --> node_venv_lib["lib"]\n    node_venv_lib --> node_venv_lib_python3_12["python3.12"]\n    node_venv_lib_python3_12 --> node_venv_lib_python3_12_site-packages["site-packages"]\n    node_venv_lib_python3_12_site-packages --> node_venv_lib_python3_12_site-packages_PyQt6["PyQt6"]\n    node_venv_lib_python3_12_site-packages_PyQt6 --> node_venv_lib_python3_12_site-packages_PyQt6_Qt6["Qt6"]\n    node_venv_lib_python3_12_site-packages_PyQt6_Qt6 --> node_venv_lib_python3_12_site-packages_PyQt6_Qt6_qml["qml"]\n    node_venv_lib_python3_12_site-packages_PyQt6_Qt6_qml --> node_venv_lib_python3_12_site-packages_PyQt6_Qt6_qml_QtQuick["QtQuick"]\n    node_venv_lib_python3_12_site-packages_PyQt6_Qt6_qml_QtQuick --> node_venv_lib_python3_12_site-packages_PyQt6_Qt6_qml_QtQuick_Controls["Controls"]\n    node_venv_lib_python3_12_site-packages_PyQt6_Qt6_qml_QtQuick_Controls --> node_venv_lib_python3_12_site-packages_PyQt6_Qt6_qml_QtQuick_Controls_FluentWinUI3["FluentWinUI3"]\n    node_venv_lib_python3_12_site-packages_PyQt6_Qt6_qml_QtQuick_Controls_FluentWinUI3 --> node_venv_lib_python3_12_site-packages_PyQt6_Qt6_qml_QtQuick_Controls_FluentWinUI3_light["light"]\n    node_venv_lib_python3_12_site-packages_PyQt6_Qt6_qml_QtQuick_Controls_FluentWinUI3_light --> node_venv_lib_python3_12_site-packages_PyQt6_Qt6_qml_QtQuick_Controls_FluentWinUI3_light_images["images"]\n    node_venv_lib_python3_12_site-packages_PyQt6_Qt6_qml_QtQuick_Controls_FluentWinUI3_light_images --> node_venv_lib_python3_12_site-packages_PyQt6_Qt6_qml_QtQuick_Controls_FluentWinUI3_light_images_spinbox-indicator-down-background-atlimit@2x_png["spinbox-indicator-down-background-atlimit@2x.png"]\n    Root --> node_venv["venv"]\n    node_venv --> node_venv_lib["lib"]\n    node_venv_lib --> node_venv_lib_python3_12["python3.12"]\n    node_venv_lib_python3_12 --> node_venv_lib_python3_12_site-packages["site-packages"]\n    node_venv_lib_python3_12_site-packages --> node_venv_lib_python3_12_site-packages_PyQt6["PyQt6"]\n    node_venv_lib_python3_12_site-packages_PyQt6 --> node_venv_lib_python3_12_site-packages_PyQt6_Qt6["Qt6"]\n    node_venv_lib_python3_12_site-packages_PyQt6_Qt6 --> node_venv_lib_python3_12_site-packages_PyQt6_Qt6_qml["qml"]\n    node_venv_lib_python3_12_site-packages_PyQt6_Qt6_qml --> node_venv_lib_python3_12_site-packages_PyQt6_Qt6_qml_QtQuick["QtQuick"]\n    node_venv_lib_python3_12_site-packages_PyQt6_Qt6_qml_QtQuick --> node_venv_lib_python3_12_site-packages_PyQt6_Qt6_qml_QtQuick_Controls["Controls"]\n    node_venv_lib_python3_12_site-packages_PyQt6_Qt6_qml_QtQuick_Controls --> node_venv_lib_python3_12_site-packages_PyQt6_Qt6_qml_QtQuick_Controls_FluentWinUI3["FluentWinUI3"]\n    node_venv_lib_python3_12_site-packages_PyQt6_Qt6_qml_QtQuick_Controls_FluentWinUI3 --> node_venv_lib_python3_12_site-packages_PyQt6_Qt6_qml_QtQuick_Controls_FluentWinUI3_light["light"]\n    node_venv_lib_python3_12_site-packages_PyQt6_Qt6_qml_QtQuick_Controls_FluentWinUI3_light --> node_venv_lib_python3_12_site-packages_PyQt6_Qt6_qml_QtQuick_Controls_FluentWinUI3_light_images["images"]\n    node_venv_lib_python3_12_site-packages_PyQt6_Qt6_qml_QtQuick_Controls_FluentWinUI3_light_images --> node_venv_lib_python3_12_site-packages_PyQt6_Qt6_qml_QtQuick_Controls_FluentWinUI3_light_images_spinbox-indicator-down-background-atlimit@3x_png["spinbox-indicator-down-background-atlimit@3x.png"]\n    Root --> node_venv["venv"]\n    node_venv --> node_venv_lib["lib"]\n    node_venv_lib --> node_venv_lib_python3_12["python3.12"]\n    node_venv_lib_python3_12 --> node_venv_lib_python3_12_site-packages["site-packages"]\n    node_venv_lib_python3_12_site-packages --> node_venv_lib_python3_12_site-packages_PyQt6["PyQt6"]\n    node_venv_lib_python3_12_site-packages_PyQt6 --> node_venv_lib_python3_12_site-packages_PyQt6_Qt6["Qt6"]\n    node_venv_lib_python3_12_site-packages_PyQt6_Qt6 --> node_venv_lib_python3_12_site-packages_PyQt6_Qt6_qml["qml"]\n    node_venv_lib_python3_12_site-packages_PyQt6_Qt6_qml --> node_venv_lib_python3_12_site-packages_PyQt6_Qt6_qml_QtQuick["QtQuick"]\n    node_venv_lib_python3_12_site-packages_PyQt6_Qt6_qml_QtQuick --> node_venv_lib_python3_12_site-packages_PyQt6_Qt6_qml_QtQuick_Controls["Controls"]\n    node_venv_lib_python3_12_site-packages_PyQt6_Qt6_qml_QtQuick_Controls --> node_venv_lib_python3_12_site-packages_PyQt6_Qt6_qml_QtQuick_Controls_FluentWinUI3["FluentWinUI3"]\n    node_venv_lib_python3_12_site-packages_PyQt6_Qt6_qml_QtQuick_Controls_FluentWinUI3 --> node_venv_lib_python3_12_site-packages_PyQt6_Qt6_qml_QtQuick_Controls_FluentWinUI3_light["light"]\n    node_venv_lib_python3_12_site-packages_PyQt6_Qt6_qml_QtQuick_Controls_FluentWinUI3_light --> node_venv_lib_python3_12_site-packages_PyQt6_Qt6_qml_QtQuick_Controls_FluentWinUI3_light_images["images"]\n    node_venv_lib_python3_12_site-packages_PyQt6_Qt6_qml_QtQuick_Controls_FluentWinUI3_light_images --> node_venv_lib_python3_12_site-packages_PyQt6_Qt6_qml_QtQuick_Controls_FluentWinUI3_light_images_spinbox-indicator-down-background-disabled_png["spinbox-indicator-down-background-disabled.png"]\n    Root --> node_venv["venv"]\n    node_venv --> node_venv_lib["lib"]\n    node_venv_lib --> node_venv_lib_python3_12["python3.12"]\n    node_venv_lib_python3_12 --> node_venv_lib_python3_12_site-packages["site-packages"]\n    node_venv_lib_python3_12_site-packages --> node_venv_lib_python3_12_site-packages_PyQt6["PyQt6"]\n    node_venv_lib_python3_12_site-packages_PyQt6 --> node_venv_lib_python3_12_site-packages_PyQt6_Qt6["Qt6"]\n    node_venv_lib_python3_12_site-packages_PyQt6_Qt6 --> node_venv_lib_python3_12_site-packages_PyQt6_Qt6_qml["qml"]\n    node_venv_lib_python3_12_site-packages_PyQt6_Qt6_qml --> node_venv_lib_python3_12_site-packages_PyQt6_Qt6_qml_QtQuick["QtQuick"]\n    node_venv_lib_python3_12_site-packages_PyQt6_Qt6_qml_QtQuick --> node_venv_lib_python3_12_site-packages_PyQt6_Qt6_qml_QtQuick_Controls["Controls"]\n    node_venv_lib_python3_12_site-packages_PyQt6_Qt6_qml_QtQuick_Controls --> node_venv_lib_python3_12_site-packages_PyQt6_Qt6_qml_QtQuick_Controls_FluentWinUI3["FluentWinUI3"]\n    node_venv_lib_python3_12_site-packages_PyQt6_Qt6_qml_QtQuick_Controls_FluentWinUI3 --> node_venv_lib_python3_12_site-packages_PyQt6_Qt6_qml_QtQuick_Controls_FluentWinUI3_light["light"]\n    node_venv_lib_python3_12_site-packages_PyQt6_Qt6_qml_QtQuick_Controls_FluentWinUI3_light --> node_venv_lib_python3_12_site-packages_PyQt6_Qt6_qml_QtQuick_Controls_FluentWinUI3_light_images["images"]\n    node_venv_lib_python3_12_site-packages_PyQt6_Qt6_qml_QtQuick_Controls_FluentWinUI3_light_images --> node_venv_lib_python3_12_site-packages_PyQt6_Qt6_qml_QtQuick_Controls_FluentWinUI3_light_images_spinbox-indicator-down-background-disabled@2x_png["spinbox-indicator-down-background-disabled@2x.png"]\n    Root --> node_venv["venv"]\n    node_venv --> node_venv_lib["lib"]\n    node_venv_lib --> node_venv_lib_python3_12["python3.12"]\n    node_venv_lib_python3_12 --> node_venv_lib_python3_12_site-packages["site-packages"]\n    node_venv_lib_python3_12_site-packages --> node_venv_lib_python3_12_site-packages_PyQt6["PyQt6"]\n    node_venv_lib_python3_12_site-packages_PyQt6 --> node_venv_lib_python3_12_site-packages_PyQt6_Qt6["Qt6"]\n    node_venv_lib_python3_12_site-packages_PyQt6_Qt6 --> node_venv_lib_python3_12_site-packages_PyQt6_Qt6_qml["qml"]\n    node_venv_lib_python3_12_site-packages_PyQt6_Qt6_qml --> node_venv_lib_python3_12_site-packages_PyQt6_Qt6_qml_QtQuick["QtQuick"]\n    node_venv_lib_python3_12_site-packages_PyQt6_Qt6_qml_QtQuick --> node_venv_lib_python3_12_site-packages_PyQt6_Qt6_qml_QtQuick_Controls["Controls"]\n    node_venv_lib_python3_12_site-packages_PyQt6_Qt6_qml_QtQuick_Controls --> node_venv_lib_python3_12_site-packages_PyQt6_Qt6_qml_QtQuick_Controls_FluentWinUI3["FluentWinUI3"]\n    node_venv_lib_python3_12_site-packages_PyQt6_Qt6_qml_QtQuick_Controls_FluentWinUI3 --> node_venv_lib_python3_12_site-packages_PyQt6_Qt6_qml_QtQuick_Controls_FluentWinUI3_light["light"]\n    node_venv_lib_python3_12_site-packages_PyQt6_Qt6_qml_QtQuick_Controls_FluentWinUI3_light --> node_venv_lib_python3_12_site-packages_PyQt6_Qt6_qml_QtQuick_Controls_FluentWinUI3_light_images["images"]\n    node_venv_lib_python3_12_site-packages_PyQt6_Qt6_qml_QtQuick_Controls_FluentWinUI3_light_images --> node_venv_lib_python3_12_site-packages_PyQt6_Qt6_qml_QtQuick_Controls_FluentWinUI3_light_images_spinbox-indicator-down-background-disabled@3x_png["spinbox-indicator-down-background-disabled@3x.png"]\n    Root --> node_venv["venv"]\n    node_venv --> node_venv_lib["lib"]\n    node_venv_lib --> node_venv_lib_python3_12["python3.12"]\n    node_venv_lib_python3_12 --> node_venv_lib_python3_12_site-packages["site-packages"]\n    node_venv_lib_python3_12_site-packages --> node_venv_lib_python3_12_site-packages_PyQt6["PyQt6"]\n    node_venv_lib_python3_12_site-packages_PyQt6 --> node_venv_lib_python3_12_site-packages_PyQt6_Qt6["Qt6"]\n    node_venv_lib_python3_12_site-packages_PyQt6_Qt6 --> node_venv_lib_python3_12_site-packages_PyQt6_Qt6_qml["qml"]\n    node_venv_lib_python3_12_site-packages_PyQt6_Qt6_qml --> node_venv_lib_python3_12_site-packages_PyQt6_Qt6_qml_QtQuick["QtQuick"]\n    node_venv_lib_python3_12_site-packages_PyQt6_Qt6_qml_QtQuick --> node_venv_lib_python3_12_site-packages_PyQt6_Qt6_qml_QtQuick_Controls["Controls"]\n    node_venv_lib_python3_12_site-packages_PyQt6_Qt6_qml_QtQuick_Controls --> node_venv_lib_python3_12_site-packages_PyQt6_Qt6_qml_QtQuick_Controls_FluentWinUI3["FluentWinUI3"]\n    node_venv_lib_python3_12_site-packages_PyQt6_Qt6_qml_QtQuick_Controls_FluentWinUI3 --> node_venv_lib_python3_12_site-packages_PyQt6_Qt6_qml_QtQuick_Controls_FluentWinUI3_light["light"]\n    node_venv_lib_python3_12_site-packages_PyQt6_Qt6_qml_QtQuick_Controls_FluentWinUI3_light --> node_venv_lib_python3_12_site-packages_PyQt6_Qt6_qml_QtQuick_Controls_FluentWinUI3_light_images["images"]\n    node_venv_lib_python3_12_site-packages_PyQt6_Qt6_qml_QtQuick_Controls_FluentWinUI3_light_images --> node_venv_lib_python3_12_site-packages_PyQt6_Qt6_qml_QtQuick_Controls_FluentWinUI3_light_images_spinbox-indicator-down-background-down-hovered_png["spinbox-indicator-down-background-down-hovered.png"]\n    Root --> node_venv["venv"]\n    node_venv --> node_venv_lib["lib"]\n    node_venv_lib --> node_venv_lib_python3_12["python3.12"]\n    node_venv_lib_python3_12 --> node_venv_lib_python3_12_site-packages["site-packages"]\n    node_venv_lib_python3_12_site-packages --> node_venv_lib_python3_12_site-packages_PyQt6["PyQt6"]\n    node_venv_lib_python3_12_site-packages_PyQt6 --> node_venv_lib_python3_12_site-packages_PyQt6_Qt6["Qt6"]\n    node_venv_lib_python3_12_site-packages_PyQt6_Qt6 --> node_venv_lib_python3_12_site-packages_PyQt6_Qt6_qml["qml"]\n    node_venv_lib_python3_12_site-packages_PyQt6_Qt6_qml --> node_venv_lib_python3_12_site-packages_PyQt6_Qt6_qml_QtQuick["QtQuick"]\n    node_venv_lib_python3_12_site-packages_PyQt6_Qt6_qml_QtQuick --> node_venv_lib_python3_12_site-packages_PyQt6_Qt6_qml_QtQuick_Controls["Controls"]\n    node_venv_lib_python3_12_site-packages_PyQt6_Qt6_qml_QtQuick_Controls --> node_venv_lib_python3_12_site-packages_PyQt6_Qt6_qml_QtQuick_Controls_FluentWinUI3["FluentWinUI3"]\n    node_venv_lib_python3_12_site-packages_PyQt6_Qt6_qml_QtQuick_Controls_FluentWinUI3 --> node_venv_lib_python3_12_site-packages_PyQt6_Qt6_qml_QtQuick_Controls_FluentWinUI3_light["light"]\n    node_venv_lib_python3_12_site-packages_PyQt6_Qt6_qml_QtQuick_Controls_FluentWinUI3_light --> node_venv_lib_python3_12_site-packages_PyQt6_Qt6_qml_QtQuick_Controls_FluentWinUI3_light_images["images"]\n    node_venv_lib_python3_12_site-packages_PyQt6_Qt6_qml_QtQuick_Controls_FluentWinUI3_light_images --> node_venv_lib_python3_12_site-packages_PyQt6_Qt6_qml_QtQuick_Controls_FluentWinUI3_light_images_spinbox-indicator-down-background-down-hovered@2x_png["spinbox-indicator-down-background-down-hovered@2x.png"]\n    Root --> node_venv["venv"]\n    node_venv --> node_venv_lib["lib"]\n    node_venv_lib --> node_venv_lib_python3_12["python3.12"]\n    node_venv_lib_python3_12 --> node_venv_lib_python3_12_site-packages["site-packages"]\n    node_venv_lib_python3_12_site-packages --> node_venv_lib_python3_12_site-packages_PyQt6["PyQt6"]\n    node_venv_lib_python3_12_site-packages_PyQt6 --> node_venv_lib_python3_12_site-packages_PyQt6_Qt6["Qt6"]\n    node_venv_lib_python3_12_site-packages_PyQt6_Qt6 --> node_venv_lib_python3_12_site-packages_PyQt6_Qt6_qml["qml"]\n    node_venv_lib_python3_12_site-packages_PyQt6_Qt6_qml --> node_venv_lib_python3_12_site-packages_PyQt6_Qt6_qml_QtQuick["QtQuick"]\n    node_venv_lib_python3_12_site-packages_PyQt6_Qt6_qml_QtQuick --> node_venv_lib_python3_12_site-packages_PyQt6_Qt6_qml_QtQuick_Controls["Controls"]\n    node_venv_lib_python3_12_site-packages_PyQt6_Qt6_qml_QtQuick_Controls --> node_venv_lib_python3_12_site-packages_PyQt6_Qt6_qml_QtQuick_Controls_FluentWinUI3["FluentWinUI3"]\n    node_venv_lib_python3_12_site-packages_PyQt6_Qt6_qml_QtQuick_Controls_FluentWinUI3 --> node_venv_lib_python3_12_site-packages_PyQt6_Qt6_qml_QtQuick_Controls_FluentWinUI3_light["light"]\n    node_venv_lib_python3_12_site-packages_PyQt6_Qt6_qml_QtQuick_Controls_FluentWinUI3_light --> node_venv_lib_python3_12_site-packages_PyQt6_Qt6_qml_QtQuick_Controls_FluentWinUI3_light_images["images"]\n    node_venv_lib_python3_12_site-packages_PyQt6_Qt6_qml_QtQuick_Controls_FluentWinUI3_light_images --> node_venv_lib_python3_12_site-packages_PyQt6_Qt6_qml_QtQuick_Controls_FluentWinUI3_light_images_spinbox-indicator-down-background-down-hovered@3x_png["spinbox-indicator-down-background-down-hovered@3x.png"]\n    Root --> node_venv["venv"]\n    node_venv --> node_venv_lib["lib"]\n    node_venv_lib --> node_venv_lib_python3_12["python3.12"]\n    node_venv_lib_python3_12 --> node_venv_lib_python3_12_site-packages["site-packages"]\n    node_venv_lib_python3_12_site-packages --> node_venv_lib_python3_12_site-packages_PyQt6["PyQt6"]\n    node_venv_lib_python3_12_site-packages_PyQt6 --> node_venv_lib_python3_12_site-packages_PyQt6_Qt6["Qt6"]\n    node_venv_lib_python3_12_site-packages_PyQt6_Qt6 --> node_venv_lib_python3_12_site-packages_PyQt6_Qt6_qml["qml"]\n    node_venv_lib_python3_12_site-packages_PyQt6_Qt6_qml --> node_venv_lib_python3_12_site-packages_PyQt6_Qt6_qml_QtQuick["QtQuick"]\n    node_venv_lib_python3_12_site-packages_PyQt6_Qt6_qml_QtQuick --> node_venv_lib_python3_12_site-packages_PyQt6_Qt6_qml_QtQuick_Controls["Controls"]\n    node_venv_lib_python3_12_site-packages_PyQt6_Qt6_qml_QtQuick_Controls --> node_venv_lib_python3_12_site-packages_PyQt6_Qt6_qml_QtQuick_Controls_FluentWinUI3["FluentWinUI3"]\n    node_venv_lib_python3_12_site-packages_PyQt6_Qt6_qml_QtQuick_Controls_FluentWinUI3 --> node_venv_lib_python3_12_site-packages_PyQt6_Qt6_qml_QtQuick_Controls_FluentWinUI3_light["light"]\n    node_venv_lib_python3_12_site-packages_PyQt6_Qt6_qml_QtQuick_Controls_FluentWinUI3_light --> node_venv_lib_python3_12_site-packages_PyQt6_Qt6_qml_QtQuick_Controls_FluentWinUI3_light_images["images"]\n    node_venv_lib_python3_12_site-packages_PyQt6_Qt6_qml_QtQuick_Controls_FluentWinUI3_light_images --> node_venv_lib_python3_12_site-packages_PyQt6_Qt6_qml_QtQuick_Controls_FluentWinUI3_light_images_spinbox-indicator-down-background-down-pressed_png["spinbox-indicator-down-background-down-pressed.png"]\n    Root --> node_venv["venv"]\n    node_venv --> node_venv_lib["lib"]\n    node_venv_lib --> node_venv_lib_python3_12["python3.12"]\n    node_venv_lib_python3_12 --> node_venv_lib_python3_12_site-packages["site-packages"]\n    node_venv_lib_python3_12_site-packages --> node_venv_lib_python3_12_site-packages_PyQt6["PyQt6"]\n    node_venv_lib_python3_12_site-packages_PyQt6 --> node_venv_lib_python3_12_site-packages_PyQt6_Qt6["Qt6"]\n    node_venv_lib_python3_12_site-packages_PyQt6_Qt6 --> node_venv_lib_python3_12_site-packages_PyQt6_Qt6_qml["qml"]\n    node_venv_lib_python3_12_site-packages_PyQt6_Qt6_qml --> node_venv_lib_python3_12_site-packages_PyQt6_Qt6_qml_QtQuick["QtQuick"]\n    node_venv_lib_python3_12_site-packages_PyQt6_Qt6_qml_QtQuick --> node_venv_lib_python3_12_site-packages_PyQt6_Qt6_qml_QtQuick_Controls["Controls"]\n    node_venv_lib_python3_12_site-packages_PyQt6_Qt6_qml_QtQuick_Controls --> node_venv_lib_python3_12_site-packages_PyQt6_Qt6_qml_QtQuick_Controls_FluentWinUI3["FluentWinUI3"]\n    node_venv_lib_python3_12_site-packages_PyQt6_Qt6_qml_QtQuick_Controls_FluentWinUI3 --> node_venv_lib_python3_12_site-packages_PyQt6_Qt6_qml_QtQuick_Controls_FluentWinUI3_light["light"]\n    node_venv_lib_python3_12_site-packages_PyQt6_Qt6_qml_QtQuick_Controls_FluentWinUI3_light --> node_venv_lib_python3_12_site-packages_PyQt6_Qt6_qml_QtQuick_Controls_FluentWinUI3_light_images["images"]\n    node_venv_lib_python3_12_site-packages_PyQt6_Qt6_qml_QtQuick_Controls_FluentWinUI3_light_images --> node_venv_lib_python3_12_site-packages_PyQt6_Qt6_qml_QtQuick_Controls_FluentWinUI3_light_images_spinbox-indicator-down-background-down-pressed@2x_png["spinbox-indicator-down-background-down-pressed@2x.png"]\n    Root --> node_venv["venv"]\n    node_venv --> node_venv_lib["lib"]\n    node_venv_lib --> node_venv_lib_python3_12["python3.12"]\n    node_venv_lib_python3_12 --> node_venv_lib_python3_12_site-packages["site-packages"]\n    node_venv_lib_python3_12_site-packages --> node_venv_lib_python3_12_site-packages_PyQt6["PyQt6"]\n    node_venv_lib_python3_12_site-packages_PyQt6 --> node_venv_lib_python3_12_site-packages_PyQt6_Qt6["Qt6"]\n    node_venv_lib_python3_12_site-packages_PyQt6_Qt6 --> node_venv_lib_python3_12_site-packages_PyQt6_Qt6_qml["qml"]\n    node_venv_lib_python3_12_site-packages_PyQt6_Qt6_qml --> node_venv_lib_python3_12_site-packages_PyQt6_Qt6_qml_QtQuick["QtQuick"]\n    node_venv_lib_python3_12_site-packages_PyQt6_Qt6_qml_QtQuick --> node_venv_lib_python3_12_site-packages_PyQt6_Qt6_qml_QtQuick_Controls["Controls"]\n    node_venv_lib_python3_12_site-packages_PyQt6_Qt6_qml_QtQuick_Controls --> node_venv_lib_python3_12_site-packages_PyQt6_Qt6_qml_QtQuick_Controls_FluentWinUI3["FluentWinUI3"]\n    node_venv_lib_python3_12_site-packages_PyQt6_Qt6_qml_QtQuick_Controls_FluentWinUI3 --> node_venv_lib_python3_12_site-packages_PyQt6_Qt6_qml_QtQuick_Controls_FluentWinUI3_light["light"]\n    node_venv_lib_python3_12_site-packages_PyQt6_Qt6_qml_QtQuick_Controls_FluentWinUI3_light --> node_venv_lib_python3_12_site-packages_PyQt6_Qt6_qml_QtQuick_Controls_FluentWinUI3_light_images["images"]\n    node_venv_lib_python3_12_site-packages_PyQt6_Qt6_qml_QtQuick_Controls_FluentWinUI3_light_images --> node_venv_lib_python3_12_site-packages_PyQt6_Qt6_qml_QtQuick_Controls_FluentWinUI3_light_images_spinbox-indicator-down-background-down-pressed@3x_png["spinbox-indicator-down-background-down-pressed@3x.png"]\n    Root --> node_venv["venv"]\n    node_venv --> node_venv_lib["lib"]\n    node_venv_lib --> node_venv_lib_python3_12["python3.12"]\n    node_venv_lib_python3_12 --> node_venv_lib_python3_12_site-packages["site-packages"]\n    node_venv_lib_python3_12_site-packages --> node_venv_lib_python3_12_site-packages_PyQt6["PyQt6"]\n    node_venv_lib_python3_12_site-packages_PyQt6 --> node_venv_lib_python3_12_site-packages_PyQt6_Qt6["Qt6"]\n    node_venv_lib_python3_12_site-packages_PyQt6_Qt6 --> node_venv_lib_python3_12_site-packages_PyQt6_Qt6_qml["qml"]\n    node_venv_lib_python3_12_site-packages_PyQt6_Qt6_qml --> node_venv_lib_python3_12_site-packages_PyQt6_Qt6_qml_QtQuick["QtQuick"]\n    node_venv_lib_python3_12_site-packages_PyQt6_Qt6_qml_QtQuick --> node_venv_lib_python3_12_site-packages_PyQt6_Qt6_qml_QtQuick_Controls["Controls"]\n    node_venv_lib_python3_12_site-packages_PyQt6_Qt6_qml_QtQuick_Controls --> node_venv_lib_python3_12_site-packages_PyQt6_Qt6_qml_QtQuick_Controls_FluentWinUI3["FluentWinUI3"]\n    node_venv_lib_python3_12_site-packages_PyQt6_Qt6_qml_QtQuick_Controls_FluentWinUI3 --> node_venv_lib_python3_12_site-packages_PyQt6_Qt6_qml_QtQuick_Controls_FluentWinUI3_light["light"]\n    node_venv_lib_python3_12_site-packages_PyQt6_Qt6_qml_QtQuick_Controls_FluentWinUI3_light --> node_venv_lib_python3_12_site-packages_PyQt6_Qt6_qml_QtQuick_Controls_FluentWinUI3_light_images["images"]\n    node_venv_lib_python3_12_site-packages_PyQt6_Qt6_qml_QtQuick_Controls_FluentWinUI3_light_images --> node_venv_lib_python3_12_site-packages_PyQt6_Qt6_qml_QtQuick_Controls_FluentWinUI3_light_images_spinbox-indicator-down-background-hovered_png["spinbox-indicator-down-background-hovered.png"]\n    Root --> node_venv["venv"]\n    node_venv --> node_venv_lib["lib"]\n    node_venv_lib --> node_venv_lib_python3_12["python3.12"]\n    node_venv_lib_python3_12 --> node_venv_lib_python3_12_site-packages["site-packages"]\n    node_venv_lib_python3_12_site-packages --> node_venv_lib_python3_12_site-packages_PyQt6["PyQt6"]\n    node_venv_lib_python3_12_site-packages_PyQt6 --> node_venv_lib_python3_12_site-packages_PyQt6_Qt6["Qt6"]\n    node_venv_lib_python3_12_site-packages_PyQt6_Qt6 --> node_venv_lib_python3_12_site-packages_PyQt6_Qt6_qml["qml"]\n    node_venv_lib_python3_12_site-packages_PyQt6_Qt6_qml --> node_venv_lib_python3_12_site-packages_PyQt6_Qt6_qml_QtQuick["QtQuick"]\n    node_venv_lib_python3_12_site-packages_PyQt6_Qt6_qml_QtQuick --> node_venv_lib_python3_12_site-packages_PyQt6_Qt6_qml_QtQuick_Controls["Controls"]\n    node_venv_lib_python3_12_site-packages_PyQt6_Qt6_qml_QtQuick_Controls --> node_venv_lib_python3_12_site-packages_PyQt6_Qt6_qml_QtQuick_Controls_FluentWinUI3["FluentWinUI3"]\n    node_venv_lib_python3_12_site-packages_PyQt6_Qt6_qml_QtQuick_Controls_FluentWinUI3 --> node_venv_lib_python3_12_site-packages_PyQt6_Qt6_qml_QtQuick_Controls_FluentWinUI3_light["light"]\n    node_venv_lib_python3_12_site-packages_PyQt6_Qt6_qml_QtQuick_Controls_FluentWinUI3_light --> node_venv_lib_python3_12_site-packages_PyQt6_Qt6_qml_QtQuick_Controls_FluentWinUI3_light_images["images"]\n    node_venv_lib_python3_12_site-packages_PyQt6_Qt6_qml_QtQuick_Controls_FluentWinUI3_light_images --> node_venv_lib_python3_12_site-packages_PyQt6_Qt6_qml_QtQuick_Controls_FluentWinUI3_light_images_spinbox-indicator-down-background-hovered@2x_png["spinbox-indicator-down-background-hovered@2x.png"]\n    Root --> node_venv["venv"]\n    node_venv --> node_venv_lib["lib"]\n    node_venv_lib --> node_venv_lib_python3_12["python3.12"]\n    node_venv_lib_python3_12 --> node_venv_lib_python3_12_site-packages["site-packages"]\n    node_venv_lib_python3_12_site-packages --> node_venv_lib_python3_12_site-packages_PyQt6["PyQt6"]\n    node_venv_lib_python3_12_site-packages_PyQt6 --> node_venv_lib_python3_12_site-packages_PyQt6_Qt6["Qt6"]\n    node_venv_lib_python3_12_site-packages_PyQt6_Qt6 --> node_venv_lib_python3_12_site-packages_PyQt6_Qt6_qml["qml"]\n    node_venv_lib_python3_12_site-packages_PyQt6_Qt6_qml --> node_venv_lib_python3_12_site-packages_PyQt6_Qt6_qml_QtQuick["QtQuick"]\n    node_venv_lib_python3_12_site-packages_PyQt6_Qt6_qml_QtQuick --> node_venv_lib_python3_12_site-packages_PyQt6_Qt6_qml_QtQuick_Controls["Controls"]\n    node_venv_lib_python3_12_site-packages_PyQt6_Qt6_qml_QtQuick_Controls --> node_venv_lib_python3_12_site-packages_PyQt6_Qt6_qml_QtQuick_Controls_FluentWinUI3["FluentWinUI3"]\n    node_venv_lib_python3_12_site-packages_PyQt6_Qt6_qml_QtQuick_Controls_FluentWinUI3 --> node_venv_lib_python3_12_site-packages_PyQt6_Qt6_qml_QtQuick_Controls_FluentWinUI3_light["light"]\n    node_venv_lib_python3_12_site-packages_PyQt6_Qt6_qml_QtQuick_Controls_FluentWinUI3_light --> node_venv_lib_python3_12_site-packages_PyQt6_Qt6_qml_QtQuick_Controls_FluentWinUI3_light_images["images"]\n    node_venv_lib_python3_12_site-packages_PyQt6_Qt6_qml_QtQuick_Controls_FluentWinUI3_light_images --> node_venv_lib_python3_12_site-packages_PyQt6_Qt6_qml_QtQuick_Controls_FluentWinUI3_light_images_spinbox-indicator-down-background-hovered@3x_png["spinbox-indicator-down-background-hovered@3x.png"]\n    Root --> node_venv["venv"]\n    node_venv --> node_venv_lib["lib"]\n    node_venv_lib --> node_venv_lib_python3_12["python3.12"]\n    node_venv_lib_python3_12 --> node_venv_lib_python3_12_site-packages["site-packages"]\n    node_venv_lib_python3_12_site-packages --> node_venv_lib_python3_12_site-packages_PyQt6["PyQt6"]\n    node_venv_lib_python3_12_site-packages_PyQt6 --> node_venv_lib_python3_12_site-packages_PyQt6_Qt6["Qt6"]\n    node_venv_lib_python3_12_site-packages_PyQt6_Qt6 --> node_venv_lib_python3_12_site-packages_PyQt6_Qt6_qml["qml"]\n    node_venv_lib_python3_12_site-packages_PyQt6_Qt6_qml --> node_venv_lib_python3_12_site-packages_PyQt6_Qt6_qml_QtQuick["QtQuick"]\n    node_venv_lib_python3_12_site-packages_PyQt6_Qt6_qml_QtQuick --> node_venv_lib_python3_12_site-packages_PyQt6_Qt6_qml_QtQuick_Controls["Controls"]\n    node_venv_lib_python3_12_site-packages_PyQt6_Qt6_qml_QtQuick_Controls --> node_venv_lib_python3_12_site-packages_PyQt6_Qt6_qml_QtQuick_Controls_FluentWinUI3["FluentWinUI3"]\n    node_venv_lib_python3_12_site-packages_PyQt6_Qt6_qml_QtQuick_Controls_FluentWinUI3 --> node_venv_lib_python3_12_site-packages_PyQt6_Qt6_qml_QtQuick_Controls_FluentWinUI3_light["light"]\n    node_venv_lib_python3_12_site-packages_PyQt6_Qt6_qml_QtQuick_Controls_FluentWinUI3_light --> node_venv_lib_python3_12_site-packages_PyQt6_Qt6_qml_QtQuick_Controls_FluentWinUI3_light_images["images"]\n    node_venv_lib_python3_12_site-packages_PyQt6_Qt6_qml_QtQuick_Controls_FluentWinUI3_light_images --> node_venv_lib_python3_12_site-packages_PyQt6_Qt6_qml_QtQuick_Controls_FluentWinUI3_light_images_spinbox-indicator-down-background-up-hovered_png["spinbox-indicator-down-background-up-hovered.png"]\n    Root --> node_venv["venv"]\n    node_venv --> node_venv_lib["lib"]\n    node_venv_lib --> node_venv_lib_python3_12["python3.12"]\n    node_venv_lib_python3_12 --> node_venv_lib_python3_12_site-packages["site-packages"]\n    node_venv_lib_python3_12_site-packages --> node_venv_lib_python3_12_site-packages_PyQt6["PyQt6"]\n    node_venv_lib_python3_12_site-packages_PyQt6 --> node_venv_lib_python3_12_site-packages_PyQt6_Qt6["Qt6"]\n    node_venv_lib_python3_12_site-packages_PyQt6_Qt6 --> node_venv_lib_python3_12_site-packages_PyQt6_Qt6_qml["qml"]\n    node_venv_lib_python3_12_site-packages_PyQt6_Qt6_qml --> node_venv_lib_python3_12_site-packages_PyQt6_Qt6_qml_QtQuick["QtQuick"]\n    node_venv_lib_python3_12_site-packages_PyQt6_Qt6_qml_QtQuick --> node_venv_lib_python3_12_site-packages_PyQt6_Qt6_qml_QtQuick_Controls["Controls"]\n    node_venv_lib_python3_12_site-packages_PyQt6_Qt6_qml_QtQuick_Controls --> node_venv_lib_python3_12_site-packages_PyQt6_Qt6_qml_QtQuick_Controls_FluentWinUI3["FluentWinUI3"]\n    node_venv_lib_python3_12_site-packages_PyQt6_Qt6_qml_QtQuick_Controls_FluentWinUI3 --> node_venv_lib_python3_12_site-packages_PyQt6_Qt6_qml_QtQuick_Controls_FluentWinUI3_light["light"]\n    node_venv_lib_python3_12_site-packages_PyQt6_Qt6_qml_QtQuick_Controls_FluentWinUI3_light --> node_venv_lib_python3_12_site-packages_PyQt6_Qt6_qml_QtQuick_Controls_FluentWinUI3_light_images["images"]\n    node_venv_lib_python3_12_site-packages_PyQt6_Qt6_qml_QtQuick_Controls_FluentWinUI3_light_images --> node_venv_lib_python3_12_site-packages_PyQt6_Qt6_qml_QtQuick_Controls_FluentWinUI3_light_images_spinbox-indicator-down-background-up-hovered@2x_png["spinbox-indicator-down-background-up-hovered@2x.png"]\n    Root --> node_venv["venv"]\n    node_venv --> node_venv_lib["lib"]\n    node_venv_lib --> node_venv_lib_python3_12["python3.12"]\n    node_venv_lib_python3_12 --> node_venv_lib_python3_12_site-packages["site-packages"]\n    node_venv_lib_python3_12_site-packages --> node_venv_lib_python3_12_site-packages_PyQt6["PyQt6"]\n    node_venv_lib_python3_12_site-packages_PyQt6 --> node_venv_lib_python3_12_site-packages_PyQt6_Qt6["Qt6"]\n    node_venv_lib_python3_12_site-packages_PyQt6_Qt6 --> node_venv_lib_python3_12_site-packages_PyQt6_Qt6_qml["qml"]\n    node_venv_lib_python3_12_site-packages_PyQt6_Qt6_qml --> node_venv_lib_python3_12_site-packages_PyQt6_Qt6_qml_QtQuick["QtQuick"]\n    node_venv_lib_python3_12_site-packages_PyQt6_Qt6_qml_QtQuick --> node_venv_lib_python3_12_site-packages_PyQt6_Qt6_qml_QtQuick_Controls["Controls"]\n    node_venv_lib_python3_12_site-packages_PyQt6_Qt6_qml_QtQuick_Controls --> node_venv_lib_python3_12_site-packages_PyQt6_Qt6_qml_QtQuick_Controls_FluentWinUI3["FluentWinUI3"]\n    node_venv_lib_python3_12_site-packages_PyQt6_Qt6_qml_QtQuick_Controls_FluentWinUI3 --> node_venv_lib_python3_12_site-packages_PyQt6_Qt6_qml_QtQuick_Controls_FluentWinUI3_light["light"]\n    node_venv_lib_python3_12_site-packages_PyQt6_Qt6_qml_QtQuick_Controls_FluentWinUI3_light --> node_venv_lib_python3_12_site-packages_PyQt6_Qt6_qml_QtQuick_Controls_FluentWinUI3_light_images["images"]\n    node_venv_lib_python3_12_site-packages_PyQt6_Qt6_qml_QtQuick_Controls_FluentWinUI3_light_images --> node_venv_lib_python3_12_site-packages_PyQt6_Qt6_qml_QtQuick_Controls_FluentWinUI3_light_images_spinbox-indicator-down-background-up-hovered@3x_png["spinbox-indicator-down-background-up-hovered@3x.png"]\n    Root --> node_venv["venv"]\n    node_venv --> node_venv_lib["lib"]\n    node_venv_lib --> node_venv_lib_python3_12["python3.12"]\n    node_venv_lib_python3_12 --> node_venv_lib_python3_12_site-packages["site-packages"]\n    node_venv_lib_python3_12_site-packages --> node_venv_lib_python3_12_site-packages_PyQt6["PyQt6"]\n    node_venv_lib_python3_12_site-packages_PyQt6 --> node_venv_lib_python3_12_site-packages_PyQt6_Qt6["Qt6"]\n    node_venv_lib_python3_12_site-packages_PyQt6_Qt6 --> node_venv_lib_python3_12_site-packages_PyQt6_Qt6_qml["qml"]\n    node_venv_lib_python3_12_site-packages_PyQt6_Qt6_qml --> node_venv_lib_python3_12_site-packages_PyQt6_Qt6_qml_QtQuick["QtQuick"]\n    node_venv_lib_python3_12_site-packages_PyQt6_Qt6_qml_QtQuick --> node_venv_lib_python3_12_site-packages_PyQt6_Qt6_qml_QtQuick_Controls["Controls"]\n    node_venv_lib_python3_12_site-packages_PyQt6_Qt6_qml_QtQuick_Controls --> node_venv_lib_python3_12_site-packages_PyQt6_Qt6_qml_QtQuick_Controls_FluentWinUI3["FluentWinUI3"]\n    node_venv_lib_python3_12_site-packages_PyQt6_Qt6_qml_QtQuick_Controls_FluentWinUI3 --> node_venv_lib_python3_12_site-packages_PyQt6_Qt6_qml_QtQuick_Controls_FluentWinUI3_light["light"]\n    node_venv_lib_python3_12_site-packages_PyQt6_Qt6_qml_QtQuick_Controls_FluentWinUI3_light --> node_venv_lib_python3_12_site-packages_PyQt6_Qt6_qml_QtQuick_Controls_FluentWinUI3_light_images["images"]\n    node_venv_lib_python3_12_site-packages_PyQt6_Qt6_qml_QtQuick_Controls_FluentWinUI3_light_images --> node_venv_lib_python3_12_site-packages_PyQt6_Qt6_qml_QtQuick_Controls_FluentWinUI3_light_images_spinbox-indicator-down-background-up-pressed_png["spinbox-indicator-down-background-up-pressed.png"]\n    Root --> node_venv["venv"]\n    node_venv --> node_venv_lib["lib"]\n    node_venv_lib --> node_venv_lib_python3_12["python3.12"]\n    node_venv_lib_python3_12 --> node_venv_lib_python3_12_site-packages["site-packages"]\n    node_venv_lib_python3_12_site-packages --> node_venv_lib_python3_12_site-packages_PyQt6["PyQt6"]\n    node_venv_lib_python3_12_site-packages_PyQt6 --> node_venv_lib_python3_12_site-packages_PyQt6_Qt6["Qt6"]\n    node_venv_lib_python3_12_site-packages_PyQt6_Qt6 --> node_venv_lib_python3_12_site-packages_PyQt6_Qt6_qml["qml"]\n    node_venv_lib_python3_12_site-packages_PyQt6_Qt6_qml --> node_venv_lib_python3_12_site-packages_PyQt6_Qt6_qml_QtQuick["QtQuick"]\n    node_venv_lib_python3_12_site-packages_PyQt6_Qt6_qml_QtQuick --> node_venv_lib_python3_12_site-packages_PyQt6_Qt6_qml_QtQuick_Controls["Controls"]\n    node_venv_lib_python3_12_site-packages_PyQt6_Qt6_qml_QtQuick_Controls --> node_venv_lib_python3_12_site-packages_PyQt6_Qt6_qml_QtQuick_Controls_FluentWinUI3["FluentWinUI3"]\n    node_venv_lib_python3_12_site-packages_PyQt6_Qt6_qml_QtQuick_Controls_FluentWinUI3 --> node_venv_lib_python3_12_site-packages_PyQt6_Qt6_qml_QtQuick_Controls_FluentWinUI3_light["light"]\n    node_venv_lib_python3_12_site-packages_PyQt6_Qt6_qml_QtQuick_Controls_FluentWinUI3_light --> node_venv_lib_python3_12_site-packages_PyQt6_Qt6_qml_QtQuick_Controls_FluentWinUI3_light_images["images"]\n    node_venv_lib_python3_12_site-packages_PyQt6_Qt6_qml_QtQuick_Controls_FluentWinUI3_light_images --> node_venv_lib_python3_12_site-packages_PyQt6_Qt6_qml_QtQuick_Controls_FluentWinUI3_light_images_spinbox-indicator-down-background-up-pressed@2x_png["spinbox-indicator-down-background-up-pressed@2x.png"]\n    Root --> node_venv["venv"]\n    node_venv --> node_venv_lib["lib"]\n    node_venv_lib --> node_venv_lib_python3_12["python3.12"]\n    node_venv_lib_python3_12 --> node_venv_lib_python3_12_site-packages["site-packages"]\n    node_venv_lib_python3_12_site-packages --> node_venv_lib_python3_12_site-packages_PyQt6["PyQt6"]\n    node_venv_lib_python3_12_site-packages_PyQt6 --> node_venv_lib_python3_12_site-packages_PyQt6_Qt6["Qt6"]\n    node_venv_lib_python3_12_site-packages_PyQt6_Qt6 --> node_venv_lib_python3_12_site-packages_PyQt6_Qt6_qml["qml"]\n    node_venv_lib_python3_12_site-packages_PyQt6_Qt6_qml --> node_venv_lib_python3_12_site-packages_PyQt6_Qt6_qml_QtQuick["QtQuick"]\n    node_venv_lib_python3_12_site-packages_PyQt6_Qt6_qml_QtQuick --> node_venv_lib_python3_12_site-packages_PyQt6_Qt6_qml_QtQuick_Controls["Controls"]\n    node_venv_lib_python3_12_site-packages_PyQt6_Qt6_qml_QtQuick_Controls --> node_venv_lib_python3_12_site-packages_PyQt6_Qt6_qml_QtQuick_Controls_FluentWinUI3["FluentWinUI3"]\n    node_venv_lib_python3_12_site-packages_PyQt6_Qt6_qml_QtQuick_Controls_FluentWinUI3 --> node_venv_lib_python3_12_site-packages_PyQt6_Qt6_qml_QtQuick_Controls_FluentWinUI3_light["light"]\n    node_venv_lib_python3_12_site-packages_PyQt6_Qt6_qml_QtQuick_Controls_FluentWinUI3_light --> node_venv_lib_python3_12_site-packages_PyQt6_Qt6_qml_QtQuick_Controls_FluentWinUI3_light_images["images"]\n    node_venv_lib_python3_12_site-packages_PyQt6_Qt6_qml_QtQuick_Controls_FluentWinUI3_light_images --> node_venv_lib_python3_12_site-packages_PyQt6_Qt6_qml_QtQuick_Controls_FluentWinUI3_light_images_spinbox-indicator-down-background-up-pressed@3x_png["spinbox-indicator-down-background-up-pressed@3x.png"]\n    Root --> node_venv["venv"]\n    node_venv --> node_venv_lib["lib"]\n    node_venv_lib --> node_venv_lib_python3_12["python3.12"]\n    node_venv_lib_python3_12 --> node_venv_lib_python3_12_site-packages["site-packages"]\n    node_venv_lib_python3_12_site-packages --> node_venv_lib_python3_12_site-packages_PyQt6["PyQt6"]\n    node_venv_lib_python3_12_site-packages_PyQt6 --> node_venv_lib_python3_12_site-packages_PyQt6_Qt6["Qt6"]\n    node_venv_lib_python3_12_site-packages_PyQt6_Qt6 --> node_venv_lib_python3_12_site-packages_PyQt6_Qt6_qml["qml"]\n    node_venv_lib_python3_12_site-packages_PyQt6_Qt6_qml --> node_venv_lib_python3_12_site-packages_PyQt6_Qt6_qml_QtQuick["QtQuick"]\n    node_venv_lib_python3_12_site-packages_PyQt6_Qt6_qml_QtQuick --> node_venv_lib_python3_12_site-packages_PyQt6_Qt6_qml_QtQuick_Controls["Controls"]\n    node_venv_lib_python3_12_site-packages_PyQt6_Qt6_qml_QtQuick_Controls --> node_venv_lib_python3_12_site-packages_PyQt6_Qt6_qml_QtQuick_Controls_FluentWinUI3["FluentWinUI3"]\n    node_venv_lib_python3_12_site-packages_PyQt6_Qt6_qml_QtQuick_Controls_FluentWinUI3 --> node_venv_lib_python3_12_site-packages_PyQt6_Qt6_qml_QtQuick_Controls_FluentWinUI3_light["light"]\n    node_venv_lib_python3_12_site-packages_PyQt6_Qt6_qml_QtQuick_Controls_FluentWinUI3_light --> node_venv_lib_python3_12_site-packages_PyQt6_Qt6_qml_QtQuick_Controls_FluentWinUI3_light_images["images"]\n    node_venv_lib_python3_12_site-packages_PyQt6_Qt6_qml_QtQuick_Controls_FluentWinUI3_light_images --> node_venv_lib_python3_12_site-packages_PyQt6_Qt6_qml_QtQuick_Controls_FluentWinUI3_light_images_spinbox-indicator-down-background_png["spinbox-indicator-down-background.png"]\n    Root --> node_venv["venv"]\n    node_venv --> node_venv_lib["lib"]\n    node_venv_lib --> node_venv_lib_python3_12["python3.12"]\n    node_venv_lib_python3_12 --> node_venv_lib_python3_12_site-packages["site-packages"]\n    node_venv_lib_python3_12_site-packages --> node_venv_lib_python3_12_site-packages_PyQt6["PyQt6"]\n    node_venv_lib_python3_12_site-packages_PyQt6 --> node_venv_lib_python3_12_site-packages_PyQt6_Qt6["Qt6"]\n    node_venv_lib_python3_12_site-packages_PyQt6_Qt6 --> node_venv_lib_python3_12_site-packages_PyQt6_Qt6_qml["qml"]\n    node_venv_lib_python3_12_site-packages_PyQt6_Qt6_qml --> node_venv_lib_python3_12_site-packages_PyQt6_Qt6_qml_QtQuick["QtQuick"]\n    node_venv_lib_python3_12_site-packages_PyQt6_Qt6_qml_QtQuick --> node_venv_lib_python3_12_site-packages_PyQt6_Qt6_qml_QtQuick_Controls["Controls"]\n    node_venv_lib_python3_12_site-packages_PyQt6_Qt6_qml_QtQuick_Controls --> node_venv_lib_python3_12_site-packages_PyQt6_Qt6_qml_QtQuick_Controls_FluentWinUI3["FluentWinUI3"]\n    node_venv_lib_python3_12_site-packages_PyQt6_Qt6_qml_QtQuick_Controls_FluentWinUI3 --> node_venv_lib_python3_12_site-packages_PyQt6_Qt6_qml_QtQuick_Controls_FluentWinUI3_light["light"]\n    node_venv_lib_python3_12_site-packages_PyQt6_Qt6_qml_QtQuick_Controls_FluentWinUI3_light --> node_venv_lib_python3_12_site-packages_PyQt6_Qt6_qml_QtQuick_Controls_FluentWinUI3_light_images["images"]\n    node_venv_lib_python3_12_site-packages_PyQt6_Qt6_qml_QtQuick_Controls_FluentWinUI3_light_images --> node_venv_lib_python3_12_site-packages_PyQt6_Qt6_qml_QtQuick_Controls_FluentWinUI3_light_images_spinbox-indicator-down-background@2x_png["spinbox-indicator-down-background@2x.png"]\n    Root --> node_venv["venv"]\n    node_venv --> node_venv_lib["lib"]\n    node_venv_lib --> node_venv_lib_python3_12["python3.12"]\n    node_venv_lib_python3_12 --> node_venv_lib_python3_12_site-packages["site-packages"]\n    node_venv_lib_python3_12_site-packages --> node_venv_lib_python3_12_site-packages_PyQt6["PyQt6"]\n    node_venv_lib_python3_12_site-packages_PyQt6 --> node_venv_lib_python3_12_site-packages_PyQt6_Qt6["Qt6"]\n    node_venv_lib_python3_12_site-packages_PyQt6_Qt6 --> node_venv_lib_python3_12_site-packages_PyQt6_Qt6_qml["qml"]\n    node_venv_lib_python3_12_site-packages_PyQt6_Qt6_qml --> node_venv_lib_python3_12_site-packages_PyQt6_Qt6_qml_QtQuick["QtQuick"]\n    node_venv_lib_python3_12_site-packages_PyQt6_Qt6_qml_QtQuick --> node_venv_lib_python3_12_site-packages_PyQt6_Qt6_qml_QtQuick_Controls["Controls"]\n    node_venv_lib_python3_12_site-packages_PyQt6_Qt6_qml_QtQuick_Controls --> node_venv_lib_python3_12_site-packages_PyQt6_Qt6_qml_QtQuick_Controls_FluentWinUI3["FluentWinUI3"]\n    node_venv_lib_python3_12_site-packages_PyQt6_Qt6_qml_QtQuick_Controls_FluentWinUI3 --> node_venv_lib_python3_12_site-packages_PyQt6_Qt6_qml_QtQuick_Controls_FluentWinUI3_light["light"]\n    node_venv_lib_python3_12_site-packages_PyQt6_Qt6_qml_QtQuick_Controls_FluentWinUI3_light --> node_venv_lib_python3_12_site-packages_PyQt6_Qt6_qml_QtQuick_Controls_FluentWinUI3_light_images["images"]\n    node_venv_lib_python3_12_site-packages_PyQt6_Qt6_qml_QtQuick_Controls_FluentWinUI3_light_images --> node_venv_lib_python3_12_site-packages_PyQt6_Qt6_qml_QtQuick_Controls_FluentWinUI3_light_images_spinbox-indicator-down-background@3x_png["spinbox-indicator-down-background@3x.png"]\n    Root --> node_venv["venv"]\n    node_venv --> node_venv_lib["lib"]\n    node_venv_lib --> node_venv_lib_python3_12["python3.12"]\n    node_venv_lib_python3_12 --> node_venv_lib_python3_12_site-packages["site-packages"]\n    node_venv_lib_python3_12_site-packages --> node_venv_lib_python3_12_site-packages_PyQt6["PyQt6"]\n    node_venv_lib_python3_12_site-packages_PyQt6 --> node_venv_lib_python3_12_site-packages_PyQt6_Qt6["Qt6"]\n    node_venv_lib_python3_12_site-packages_PyQt6_Qt6 --> node_venv_lib_python3_12_site-packages_PyQt6_Qt6_qml["qml"]\n    node_venv_lib_python3_12_site-packages_PyQt6_Qt6_qml --> node_venv_lib_python3_12_site-packages_PyQt6_Qt6_qml_QtQuick["QtQuick"]\n    node_venv_lib_python3_12_site-packages_PyQt6_Qt6_qml_QtQuick --> node_venv_lib_python3_12_site-packages_PyQt6_Qt6_qml_QtQuick_Controls["Controls"]\n    node_venv_lib_python3_12_site-packages_PyQt6_Qt6_qml_QtQuick_Controls --> node_venv_lib_python3_12_site-packages_PyQt6_Qt6_qml_QtQuick_Controls_FluentWinUI3["FluentWinUI3"]\n    node_venv_lib_python3_12_site-packages_PyQt6_Qt6_qml_QtQuick_Controls_FluentWinUI3 --> node_venv_lib_python3_12_site-packages_PyQt6_Qt6_qml_QtQuick_Controls_FluentWinUI3_light["light"]\n    node_venv_lib_python3_12_site-packages_PyQt6_Qt6_qml_QtQuick_Controls_FluentWinUI3_light --> node_venv_lib_python3_12_site-packages_PyQt6_Qt6_qml_QtQuick_Controls_FluentWinUI3_light_images["images"]\n    node_venv_lib_python3_12_site-packages_PyQt6_Qt6_qml_QtQuick_Controls_FluentWinUI3_light_images --> node_venv_lib_python3_12_site-packages_PyQt6_Qt6_qml_QtQuick_Controls_FluentWinUI3_light_images_spinbox-indicator-down-icon-atlimit_png["spinbox-indicator-down-icon-atlimit.png"]\n    Root --> node_venv["venv"]\n    node_venv --> node_venv_lib["lib"]\n    node_venv_lib --> node_venv_lib_python3_12["python3.12"]\n    node_venv_lib_python3_12 --> node_venv_lib_python3_12_site-packages["site-packages"]\n    node_venv_lib_python3_12_site-packages --> node_venv_lib_python3_12_site-packages_PyQt6["PyQt6"]\n    node_venv_lib_python3_12_site-packages_PyQt6 --> node_venv_lib_python3_12_site-packages_PyQt6_Qt6["Qt6"]\n    node_venv_lib_python3_12_site-packages_PyQt6_Qt6 --> node_venv_lib_python3_12_site-packages_PyQt6_Qt6_qml["qml"]\n    node_venv_lib_python3_12_site-packages_PyQt6_Qt6_qml --> node_venv_lib_python3_12_site-packages_PyQt6_Qt6_qml_QtQuick["QtQuick"]\n    node_venv_lib_python3_12_site-packages_PyQt6_Qt6_qml_QtQuick --> node_venv_lib_python3_12_site-packages_PyQt6_Qt6_qml_QtQuick_Controls["Controls"]\n    node_venv_lib_python3_12_site-packages_PyQt6_Qt6_qml_QtQuick_Controls --> node_venv_lib_python3_12_site-packages_PyQt6_Qt6_qml_QtQuick_Controls_FluentWinUI3["FluentWinUI3"]\n    node_venv_lib_python3_12_site-packages_PyQt6_Qt6_qml_QtQuick_Controls_FluentWinUI3 --> node_venv_lib_python3_12_site-packages_PyQt6_Qt6_qml_QtQuick_Controls_FluentWinUI3_light["light"]\n    node_venv_lib_python3_12_site-packages_PyQt6_Qt6_qml_QtQuick_Controls_FluentWinUI3_light --> node_venv_lib_python3_12_site-packages_PyQt6_Qt6_qml_QtQuick_Controls_FluentWinUI3_light_images["images"]\n    node_venv_lib_python3_12_site-packages_PyQt6_Qt6_qml_QtQuick_Controls_FluentWinUI3_light_images --> node_venv_lib_python3_12_site-packages_PyQt6_Qt6_qml_QtQuick_Controls_FluentWinUI3_light_images_spinbox-indicator-down-icon-atlimit@2x_png["spinbox-indicator-down-icon-atlimit@2x.png"]\n    Root --> node_venv["venv"]\n    node_venv --> node_venv_lib["lib"]\n    node_venv_lib --> node_venv_lib_python3_12["python3.12"]\n    node_venv_lib_python3_12 --> node_venv_lib_python3_12_site-packages["site-packages"]\n    node_venv_lib_python3_12_site-packages --> node_venv_lib_python3_12_site-packages_PyQt6["PyQt6"]\n    node_venv_lib_python3_12_site-packages_PyQt6 --> node_venv_lib_python3_12_site-packages_PyQt6_Qt6["Qt6"]\n    node_venv_lib_python3_12_site-packages_PyQt6_Qt6 --> node_venv_lib_python3_12_site-packages_PyQt6_Qt6_qml["qml"]\n    node_venv_lib_python3_12_site-packages_PyQt6_Qt6_qml --> node_venv_lib_python3_12_site-packages_PyQt6_Qt6_qml_QtQuick["QtQuick"]\n    node_venv_lib_python3_12_site-packages_PyQt6_Qt6_qml_QtQuick --> node_venv_lib_python3_12_site-packages_PyQt6_Qt6_qml_QtQuick_Controls["Controls"]\n    node_venv_lib_python3_12_site-packages_PyQt6_Qt6_qml_QtQuick_Controls --> node_venv_lib_python3_12_site-packages_PyQt6_Qt6_qml_QtQuick_Controls_FluentWinUI3["FluentWinUI3"]\n    node_venv_lib_python3_12_site-packages_PyQt6_Qt6_qml_QtQuick_Controls_FluentWinUI3 --> node_venv_lib_python3_12_site-packages_PyQt6_Qt6_qml_QtQuick_Controls_FluentWinUI3_light["light"]\n    node_venv_lib_python3_12_site-packages_PyQt6_Qt6_qml_QtQuick_Controls_FluentWinUI3_light --> node_venv_lib_python3_12_site-packages_PyQt6_Qt6_qml_QtQuick_Controls_FluentWinUI3_light_images["images"]\n    node_venv_lib_python3_12_site-packages_PyQt6_Qt6_qml_QtQuick_Controls_FluentWinUI3_light_images --> node_venv_lib_python3_12_site-packages_PyQt6_Qt6_qml_QtQuick_Controls_FluentWinUI3_light_images_spinbox-indicator-down-icon-atlimit@3x_png["spinbox-indicator-down-icon-atlimit@3x.png"]\n    Root --> node_venv["venv"]\n    node_venv --> node_venv_lib["lib"]\n    node_venv_lib --> node_venv_lib_python3_12["python3.12"]\n    node_venv_lib_python3_12 --> node_venv_lib_python3_12_site-packages["site-packages"]\n    node_venv_lib_python3_12_site-packages --> node_venv_lib_python3_12_site-packages_PyQt6["PyQt6"]\n    node_venv_lib_python3_12_site-packages_PyQt6 --> node_venv_lib_python3_12_site-packages_PyQt6_Qt6["Qt6"]\n    node_venv_lib_python3_12_site-packages_PyQt6_Qt6 --> node_venv_lib_python3_12_site-packages_PyQt6_Qt6_qml["qml"]\n    node_venv_lib_python3_12_site-packages_PyQt6_Qt6_qml --> node_venv_lib_python3_12_site-packages_PyQt6_Qt6_qml_QtQuick["QtQuick"]\n    node_venv_lib_python3_12_site-packages_PyQt6_Qt6_qml_QtQuick --> node_venv_lib_python3_12_site-packages_PyQt6_Qt6_qml_QtQuick_Controls["Controls"]\n    node_venv_lib_python3_12_site-packages_PyQt6_Qt6_qml_QtQuick_Controls --> node_venv_lib_python3_12_site-packages_PyQt6_Qt6_qml_QtQuick_Controls_FluentWinUI3["FluentWinUI3"]\n    node_venv_lib_python3_12_site-packages_PyQt6_Qt6_qml_QtQuick_Controls_FluentWinUI3 --> node_venv_lib_python3_12_site-packages_PyQt6_Qt6_qml_QtQuick_Controls_FluentWinUI3_light["light"]\n    node_venv_lib_python3_12_site-packages_PyQt6_Qt6_qml_QtQuick_Controls_FluentWinUI3_light --> node_venv_lib_python3_12_site-packages_PyQt6_Qt6_qml_QtQuick_Controls_FluentWinUI3_light_images["images"]\n    node_venv_lib_python3_12_site-packages_PyQt6_Qt6_qml_QtQuick_Controls_FluentWinUI3_light_images --> node_venv_lib_python3_12_site-packages_PyQt6_Qt6_qml_QtQuick_Controls_FluentWinUI3_light_images_spinbox-indicator-down-icon-disabled_png["spinbox-indicator-down-icon-disabled.png"]\n    Root --> node_venv["venv"]\n    node_venv --> node_venv_lib["lib"]\n    node_venv_lib --> node_venv_lib_python3_12["python3.12"]\n    node_venv_lib_python3_12 --> node_venv_lib_python3_12_site-packages["site-packages"]\n    node_venv_lib_python3_12_site-packages --> node_venv_lib_python3_12_site-packages_PyQt6["PyQt6"]\n    node_venv_lib_python3_12_site-packages_PyQt6 --> node_venv_lib_python3_12_site-packages_PyQt6_Qt6["Qt6"]\n    node_venv_lib_python3_12_site-packages_PyQt6_Qt6 --> node_venv_lib_python3_12_site-packages_PyQt6_Qt6_qml["qml"]\n    node_venv_lib_python3_12_site-packages_PyQt6_Qt6_qml --> node_venv_lib_python3_12_site-packages_PyQt6_Qt6_qml_QtQuick["QtQuick"]\n    node_venv_lib_python3_12_site-packages_PyQt6_Qt6_qml_QtQuick --> node_venv_lib_python3_12_site-packages_PyQt6_Qt6_qml_QtQuick_Controls["Controls"]\n    node_venv_lib_python3_12_site-packages_PyQt6_Qt6_qml_QtQuick_Controls --> node_venv_lib_python3_12_site-packages_PyQt6_Qt6_qml_QtQuick_Controls_FluentWinUI3["FluentWinUI3"]\n    node_venv_lib_python3_12_site-packages_PyQt6_Qt6_qml_QtQuick_Controls_FluentWinUI3 --> node_venv_lib_python3_12_site-packages_PyQt6_Qt6_qml_QtQuick_Controls_FluentWinUI3_light["light"]\n    node_venv_lib_python3_12_site-packages_PyQt6_Qt6_qml_QtQuick_Controls_FluentWinUI3_light --> node_venv_lib_python3_12_site-packages_PyQt6_Qt6_qml_QtQuick_Controls_FluentWinUI3_light_images["images"]\n    node_venv_lib_python3_12_site-packages_PyQt6_Qt6_qml_QtQuick_Controls_FluentWinUI3_light_images --> node_venv_lib_python3_12_site-packages_PyQt6_Qt6_qml_QtQuick_Controls_FluentWinUI3_light_images_spinbox-indicator-down-icon-disabled@2x_png["spinbox-indicator-down-icon-disabled@2x.png"]\n    Root --> node_venv["venv"]\n    node_venv --> node_venv_lib["lib"]\n    node_venv_lib --> node_venv_lib_python3_12["python3.12"]\n    node_venv_lib_python3_12 --> node_venv_lib_python3_12_site-packages["site-packages"]\n    node_venv_lib_python3_12_site-packages --> node_venv_lib_python3_12_site-packages_PyQt6["PyQt6"]\n    node_venv_lib_python3_12_site-packages_PyQt6 --> node_venv_lib_python3_12_site-packages_PyQt6_Qt6["Qt6"]\n    node_venv_lib_python3_12_site-packages_PyQt6_Qt6 --> node_venv_lib_python3_12_site-packages_PyQt6_Qt6_qml["qml"]\n    node_venv_lib_python3_12_site-packages_PyQt6_Qt6_qml --> node_venv_lib_python3_12_site-packages_PyQt6_Qt6_qml_QtQuick["QtQuick"]\n    node_venv_lib_python3_12_site-packages_PyQt6_Qt6_qml_QtQuick --> node_venv_lib_python3_12_site-packages_PyQt6_Qt6_qml_QtQuick_Controls["Controls"]\n    node_venv_lib_python3_12_site-packages_PyQt6_Qt6_qml_QtQuick_Controls --> node_venv_lib_python3_12_site-packages_PyQt6_Qt6_qml_QtQuick_Controls_FluentWinUI3["FluentWinUI3"]\n    node_venv_lib_python3_12_site-packages_PyQt6_Qt6_qml_QtQuick_Controls_FluentWinUI3 --> node_venv_lib_python3_12_site-packages_PyQt6_Qt6_qml_QtQuick_Controls_FluentWinUI3_light["light"]\n    node_venv_lib_python3_12_site-packages_PyQt6_Qt6_qml_QtQuick_Controls_FluentWinUI3_light --> node_venv_lib_python3_12_site-packages_PyQt6_Qt6_qml_QtQuick_Controls_FluentWinUI3_light_images["images"]\n    node_venv_lib_python3_12_site-packages_PyQt6_Qt6_qml_QtQuick_Controls_FluentWinUI3_light_images --> node_venv_lib_python3_12_site-packages_PyQt6_Qt6_qml_QtQuick_Controls_FluentWinUI3_light_images_spinbox-indicator-down-icon-disabled@3x_png["spinbox-indicator-down-icon-disabled@3x.png"]\n    Root --> node_venv["venv"]\n    node_venv --> node_venv_lib["lib"]\n    node_venv_lib --> node_venv_lib_python3_12["python3.12"]\n    node_venv_lib_python3_12 --> node_venv_lib_python3_12_site-packages["site-packages"]\n    node_venv_lib_python3_12_site-packages --> node_venv_lib_python3_12_site-packages_PyQt6["PyQt6"]\n    node_venv_lib_python3_12_site-packages_PyQt6 --> node_venv_lib_python3_12_site-packages_PyQt6_Qt6["Qt6"]\n    node_venv_lib_python3_12_site-packages_PyQt6_Qt6 --> node_venv_lib_python3_12_site-packages_PyQt6_Qt6_qml["qml"]\n    node_venv_lib_python3_12_site-packages_PyQt6_Qt6_qml --> node_venv_lib_python3_12_site-packages_PyQt6_Qt6_qml_QtQuick["QtQuick"]\n    node_venv_lib_python3_12_site-packages_PyQt6_Qt6_qml_QtQuick --> node_venv_lib_python3_12_site-packages_PyQt6_Qt6_qml_QtQuick_Controls["Controls"]\n    node_venv_lib_python3_12_site-packages_PyQt6_Qt6_qml_QtQuick_Controls --> node_venv_lib_python3_12_site-packages_PyQt6_Qt6_qml_QtQuick_Controls_FluentWinUI3["FluentWinUI3"]\n    node_venv_lib_python3_12_site-packages_PyQt6_Qt6_qml_QtQuick_Controls_FluentWinUI3 --> node_venv_lib_python3_12_site-packages_PyQt6_Qt6_qml_QtQuick_Controls_FluentWinUI3_light["light"]\n    node_venv_lib_python3_12_site-packages_PyQt6_Qt6_qml_QtQuick_Controls_FluentWinUI3_light --> node_venv_lib_python3_12_site-packages_PyQt6_Qt6_qml_QtQuick_Controls_FluentWinUI3_light_images["images"]\n    node_venv_lib_python3_12_site-packages_PyQt6_Qt6_qml_QtQuick_Controls_FluentWinUI3_light_images --> node_venv_lib_python3_12_site-packages_PyQt6_Qt6_qml_QtQuick_Controls_FluentWinUI3_light_images_spinbox-indicator-down-icon-down-hovered_png["spinbox-indicator-down-icon-down-hovered.png"]\n    Root --> node_venv["venv"]\n    node_venv --> node_venv_lib["lib"]\n    node_venv_lib --> node_venv_lib_python3_12["python3.12"]\n    node_venv_lib_python3_12 --> node_venv_lib_python3_12_site-packages["site-packages"]\n    node_venv_lib_python3_12_site-packages --> node_venv_lib_python3_12_site-packages_PyQt6["PyQt6"]\n    node_venv_lib_python3_12_site-packages_PyQt6 --> node_venv_lib_python3_12_site-packages_PyQt6_Qt6["Qt6"]\n    node_venv_lib_python3_12_site-packages_PyQt6_Qt6 --> node_venv_lib_python3_12_site-packages_PyQt6_Qt6_qml["qml"]\n    node_venv_lib_python3_12_site-packages_PyQt6_Qt6_qml --> node_venv_lib_python3_12_site-packages_PyQt6_Qt6_qml_QtQuick["QtQuick"]\n    node_venv_lib_python3_12_site-packages_PyQt6_Qt6_qml_QtQuick --> node_venv_lib_python3_12_site-packages_PyQt6_Qt6_qml_QtQuick_Controls["Controls"]\n    node_venv_lib_python3_12_site-packages_PyQt6_Qt6_qml_QtQuick_Controls --> node_venv_lib_python3_12_site-packages_PyQt6_Qt6_qml_QtQuick_Controls_FluentWinUI3["FluentWinUI3"]\n    node_venv_lib_python3_12_site-packages_PyQt6_Qt6_qml_QtQuick_Controls_FluentWinUI3 --> node_venv_lib_python3_12_site-packages_PyQt6_Qt6_qml_QtQuick_Controls_FluentWinUI3_light["light"]\n    node_venv_lib_python3_12_site-packages_PyQt6_Qt6_qml_QtQuick_Controls_FluentWinUI3_light --> node_venv_lib_python3_12_site-packages_PyQt6_Qt6_qml_QtQuick_Controls_FluentWinUI3_light_images["images"]\n    node_venv_lib_python3_12_site-packages_PyQt6_Qt6_qml_QtQuick_Controls_FluentWinUI3_light_images --> node_venv_lib_python3_12_site-packages_PyQt6_Qt6_qml_QtQuick_Controls_FluentWinUI3_light_images_spinbox-indicator-down-icon-down-hovered@2x_png["spinbox-indicator-down-icon-down-hovered@2x.png"]\n    Root --> node_venv["venv"]\n    node_venv --> node_venv_lib["lib"]\n    node_venv_lib --> node_venv_lib_python3_12["python3.12"]\n    node_venv_lib_python3_12 --> node_venv_lib_python3_12_site-packages["site-packages"]\n    node_venv_lib_python3_12_site-packages --> node_venv_lib_python3_12_site-packages_PyQt6["PyQt6"]\n    node_venv_lib_python3_12_site-packages_PyQt6 --> node_venv_lib_python3_12_site-packages_PyQt6_Qt6["Qt6"]\n    node_venv_lib_python3_12_site-packages_PyQt6_Qt6 --> node_venv_lib_python3_12_site-packages_PyQt6_Qt6_qml["qml"]\n    node_venv_lib_python3_12_site-packages_PyQt6_Qt6_qml --> node_venv_lib_python3_12_site-packages_PyQt6_Qt6_qml_QtQuick["QtQuick"]\n    node_venv_lib_python3_12_site-packages_PyQt6_Qt6_qml_QtQuick --> node_venv_lib_python3_12_site-packages_PyQt6_Qt6_qml_QtQuick_Controls["Controls"]\n    node_venv_lib_python3_12_site-packages_PyQt6_Qt6_qml_QtQuick_Controls --> node_venv_lib_python3_12_site-packages_PyQt6_Qt6_qml_QtQuick_Controls_FluentWinUI3["FluentWinUI3"]\n    node_venv_lib_python3_12_site-packages_PyQt6_Qt6_qml_QtQuick_Controls_FluentWinUI3 --> node_venv_lib_python3_12_site-packages_PyQt6_Qt6_qml_QtQuick_Controls_FluentWinUI3_light["light"]\n    node_venv_lib_python3_12_site-packages_PyQt6_Qt6_qml_QtQuick_Controls_FluentWinUI3_light --> node_venv_lib_python3_12_site-packages_PyQt6_Qt6_qml_QtQuick_Controls_FluentWinUI3_light_images["images"]\n    node_venv_lib_python3_12_site-packages_PyQt6_Qt6_qml_QtQuick_Controls_FluentWinUI3_light_images --> node_venv_lib_python3_12_site-packages_PyQt6_Qt6_qml_QtQuick_Controls_FluentWinUI3_light_images_spinbox-indicator-down-icon-down-hovered@3x_png["spinbox-indicator-down-icon-down-hovered@3x.png"]\n    Root --> node_venv["venv"]\n    node_venv --> node_venv_lib["lib"]\n    node_venv_lib --> node_venv_lib_python3_12["python3.12"]\n    node_venv_lib_python3_12 --> node_venv_lib_python3_12_site-packages["site-packages"]\n    node_venv_lib_python3_12_site-packages --> node_venv_lib_python3_12_site-packages_PyQt6["PyQt6"]\n    node_venv_lib_python3_12_site-packages_PyQt6 --> node_venv_lib_python3_12_site-packages_PyQt6_Qt6["Qt6"]\n    node_venv_lib_python3_12_site-packages_PyQt6_Qt6 --> node_venv_lib_python3_12_site-packages_PyQt6_Qt6_qml["qml"]\n    node_venv_lib_python3_12_site-packages_PyQt6_Qt6_qml --> node_venv_lib_python3_12_site-packages_PyQt6_Qt6_qml_QtQuick["QtQuick"]\n    node_venv_lib_python3_12_site-packages_PyQt6_Qt6_qml_QtQuick --> node_venv_lib_python3_12_site-packages_PyQt6_Qt6_qml_QtQuick_Controls["Controls"]\n    node_venv_lib_python3_12_site-packages_PyQt6_Qt6_qml_QtQuick_Controls --> node_venv_lib_python3_12_site-packages_PyQt6_Qt6_qml_QtQuick_Controls_FluentWinUI3["FluentWinUI3"]\n    node_venv_lib_python3_12_site-packages_PyQt6_Qt6_qml_QtQuick_Controls_FluentWinUI3 --> node_venv_lib_python3_12_site-packages_PyQt6_Qt6_qml_QtQuick_Controls_FluentWinUI3_light["light"]\n    node_venv_lib_python3_12_site-packages_PyQt6_Qt6_qml_QtQuick_Controls_FluentWinUI3_light --> node_venv_lib_python3_12_site-packages_PyQt6_Qt6_qml_QtQuick_Controls_FluentWinUI3_light_images["images"]\n    node_venv_lib_python3_12_site-packages_PyQt6_Qt6_qml_QtQuick_Controls_FluentWinUI3_light_images --> node_venv_lib_python3_12_site-packages_PyQt6_Qt6_qml_QtQuick_Controls_FluentWinUI3_light_images_spinbox-indicator-down-icon-down-pressed_png["spinbox-indicator-down-icon-down-pressed.png"]\n    Root --> node_venv["venv"]\n    node_venv --> node_venv_lib["lib"]\n    node_venv_lib --> node_venv_lib_python3_12["python3.12"]\n    node_venv_lib_python3_12 --> node_venv_lib_python3_12_site-packages["site-packages"]\n    node_venv_lib_python3_12_site-packages --> node_venv_lib_python3_12_site-packages_PyQt6["PyQt6"]\n    node_venv_lib_python3_12_site-packages_PyQt6 --> node_venv_lib_python3_12_site-packages_PyQt6_Qt6["Qt6"]\n    node_venv_lib_python3_12_site-packages_PyQt6_Qt6 --> node_venv_lib_python3_12_site-packages_PyQt6_Qt6_qml["qml"]\n    node_venv_lib_python3_12_site-packages_PyQt6_Qt6_qml --> node_venv_lib_python3_12_site-packages_PyQt6_Qt6_qml_QtQuick["QtQuick"]\n    node_venv_lib_python3_12_site-packages_PyQt6_Qt6_qml_QtQuick --> node_venv_lib_python3_12_site-packages_PyQt6_Qt6_qml_QtQuick_Controls["Controls"]\n    node_venv_lib_python3_12_site-packages_PyQt6_Qt6_qml_QtQuick_Controls --> node_venv_lib_python3_12_site-packages_PyQt6_Qt6_qml_QtQuick_Controls_FluentWinUI3["FluentWinUI3"]\n    node_venv_lib_python3_12_site-packages_PyQt6_Qt6_qml_QtQuick_Controls_FluentWinUI3 --> node_venv_lib_python3_12_site-packages_PyQt6_Qt6_qml_QtQuick_Controls_FluentWinUI3_light["light"]\n    node_venv_lib_python3_12_site-packages_PyQt6_Qt6_qml_QtQuick_Controls_FluentWinUI3_light --> node_venv_lib_python3_12_site-packages_PyQt6_Qt6_qml_QtQuick_Controls_FluentWinUI3_light_images["images"]\n    node_venv_lib_python3_12_site-packages_PyQt6_Qt6_qml_QtQuick_Controls_FluentWinUI3_light_images --> node_venv_lib_python3_12_site-packages_PyQt6_Qt6_qml_QtQuick_Controls_FluentWinUI3_light_images_spinbox-indicator-down-icon-down-pressed@2x_png["spinbox-indicator-down-icon-down-pressed@2x.png"]\n    Root --> node_venv["venv"]\n    node_venv --> node_venv_lib["lib"]\n    node_venv_lib --> node_venv_lib_python3_12["python3.12"]\n    node_venv_lib_python3_12 --> node_venv_lib_python3_12_site-packages["site-packages"]\n    node_venv_lib_python3_12_site-packages --> node_venv_lib_python3_12_site-packages_PyQt6["PyQt6"]\n    node_venv_lib_python3_12_site-packages_PyQt6 --> node_venv_lib_python3_12_site-packages_PyQt6_Qt6["Qt6"]\n    node_venv_lib_python3_12_site-packages_PyQt6_Qt6 --> node_venv_lib_python3_12_site-packages_PyQt6_Qt6_qml["qml"]\n    node_venv_lib_python3_12_site-packages_PyQt6_Qt6_qml --> node_venv_lib_python3_12_site-packages_PyQt6_Qt6_qml_QtQuick["QtQuick"]\n    node_venv_lib_python3_12_site-packages_PyQt6_Qt6_qml_QtQuick --> node_venv_lib_python3_12_site-packages_PyQt6_Qt6_qml_QtQuick_Controls["Controls"]\n    node_venv_lib_python3_12_site-packages_PyQt6_Qt6_qml_QtQuick_Controls --> node_venv_lib_python3_12_site-packages_PyQt6_Qt6_qml_QtQuick_Controls_FluentWinUI3["FluentWinUI3"]\n    node_venv_lib_python3_12_site-packages_PyQt6_Qt6_qml_QtQuick_Controls_FluentWinUI3 --> node_venv_lib_python3_12_site-packages_PyQt6_Qt6_qml_QtQuick_Controls_FluentWinUI3_light["light"]\n    node_venv_lib_python3_12_site-packages_PyQt6_Qt6_qml_QtQuick_Controls_FluentWinUI3_light --> node_venv_lib_python3_12_site-packages_PyQt6_Qt6_qml_QtQuick_Controls_FluentWinUI3_light_images["images"]\n    node_venv_lib_python3_12_site-packages_PyQt6_Qt6_qml_QtQuick_Controls_FluentWinUI3_light_images --> node_venv_lib_python3_12_site-packages_PyQt6_Qt6_qml_QtQuick_Controls_FluentWinUI3_light_images_spinbox-indicator-down-icon-down-pressed@3x_png["spinbox-indicator-down-icon-down-pressed@3x.png"]\n    Root --> node_venv["venv"]\n    node_venv --> node_venv_lib["lib"]\n    node_venv_lib --> node_venv_lib_python3_12["python3.12"]\n    node_venv_lib_python3_12 --> node_venv_lib_python3_12_site-packages["site-packages"]\n    node_venv_lib_python3_12_site-packages --> node_venv_lib_python3_12_site-packages_PyQt6["PyQt6"]\n    node_venv_lib_python3_12_site-packages_PyQt6 --> node_venv_lib_python3_12_site-packages_PyQt6_Qt6["Qt6"]\n    node_venv_lib_python3_12_site-packages_PyQt6_Qt6 --> node_venv_lib_python3_12_site-packages_PyQt6_Qt6_qml["qml"]\n    node_venv_lib_python3_12_site-packages_PyQt6_Qt6_qml --> node_venv_lib_python3_12_site-packages_PyQt6_Qt6_qml_QtQuick["QtQuick"]\n    node_venv_lib_python3_12_site-packages_PyQt6_Qt6_qml_QtQuick --> node_venv_lib_python3_12_site-packages_PyQt6_Qt6_qml_QtQuick_Controls["Controls"]\n    node_venv_lib_python3_12_site-packages_PyQt6_Qt6_qml_QtQuick_Controls --> node_venv_lib_python3_12_site-packages_PyQt6_Qt6_qml_QtQuick_Controls_FluentWinUI3["FluentWinUI3"]\n    node_venv_lib_python3_12_site-packages_PyQt6_Qt6_qml_QtQuick_Controls_FluentWinUI3 --> node_venv_lib_python3_12_site-packages_PyQt6_Qt6_qml_QtQuick_Controls_FluentWinUI3_light["light"]\n    node_venv_lib_python3_12_site-packages_PyQt6_Qt6_qml_QtQuick_Controls_FluentWinUI3_light --> node_venv_lib_python3_12_site-packages_PyQt6_Qt6_qml_QtQuick_Controls_FluentWinUI3_light_images["images"]\n    node_venv_lib_python3_12_site-packages_PyQt6_Qt6_qml_QtQuick_Controls_FluentWinUI3_light_images --> node_venv_lib_python3_12_site-packages_PyQt6_Qt6_qml_QtQuick_Controls_FluentWinUI3_light_images_spinbox-indicator-down-icon-hovered_png["spinbox-indicator-down-icon-hovered.png"]\n    Root --> node_venv["venv"]\n    node_venv --> node_venv_lib["lib"]\n    node_venv_lib --> node_venv_lib_python3_12["python3.12"]\n    node_venv_lib_python3_12 --> node_venv_lib_python3_12_site-packages["site-packages"]\n    node_venv_lib_python3_12_site-packages --> node_venv_lib_python3_12_site-packages_PyQt6["PyQt6"]\n    node_venv_lib_python3_12_site-packages_PyQt6 --> node_venv_lib_python3_12_site-packages_PyQt6_Qt6["Qt6"]\n    node_venv_lib_python3_12_site-packages_PyQt6_Qt6 --> node_venv_lib_python3_12_site-packages_PyQt6_Qt6_qml["qml"]\n    node_venv_lib_python3_12_site-packages_PyQt6_Qt6_qml --> node_venv_lib_python3_12_site-packages_PyQt6_Qt6_qml_QtQuick["QtQuick"]\n    node_venv_lib_python3_12_site-packages_PyQt6_Qt6_qml_QtQuick --> node_venv_lib_python3_12_site-packages_PyQt6_Qt6_qml_QtQuick_Controls["Controls"]\n    node_venv_lib_python3_12_site-packages_PyQt6_Qt6_qml_QtQuick_Controls --> node_venv_lib_python3_12_site-packages_PyQt6_Qt6_qml_QtQuick_Controls_FluentWinUI3["FluentWinUI3"]\n    node_venv_lib_python3_12_site-packages_PyQt6_Qt6_qml_QtQuick_Controls_FluentWinUI3 --> node_venv_lib_python3_12_site-packages_PyQt6_Qt6_qml_QtQuick_Controls_FluentWinUI3_light["light"]\n    node_venv_lib_python3_12_site-packages_PyQt6_Qt6_qml_QtQuick_Controls_FluentWinUI3_light --> node_venv_lib_python3_12_site-packages_PyQt6_Qt6_qml_QtQuick_Controls_FluentWinUI3_light_images["images"]\n    node_venv_lib_python3_12_site-packages_PyQt6_Qt6_qml_QtQuick_Controls_FluentWinUI3_light_images --> node_venv_lib_python3_12_site-packages_PyQt6_Qt6_qml_QtQuick_Controls_FluentWinUI3_light_images_spinbox-indicator-down-icon-hovered@2x_png["spinbox-indicator-down-icon-hovered@2x.png"]\n    Root --> node_venv["venv"]\n    node_venv --> node_venv_lib["lib"]\n    node_venv_lib --> node_venv_lib_python3_12["python3.12"]\n    node_venv_lib_python3_12 --> node_venv_lib_python3_12_site-packages["site-packages"]\n    node_venv_lib_python3_12_site-packages --> node_venv_lib_python3_12_site-packages_PyQt6["PyQt6"]\n    node_venv_lib_python3_12_site-packages_PyQt6 --> node_venv_lib_python3_12_site-packages_PyQt6_Qt6["Qt6"]\n    node_venv_lib_python3_12_site-packages_PyQt6_Qt6 --> node_venv_lib_python3_12_site-packages_PyQt6_Qt6_qml["qml"]\n    node_venv_lib_python3_12_site-packages_PyQt6_Qt6_qml --> node_venv_lib_python3_12_site-packages_PyQt6_Qt6_qml_QtQuick["QtQuick"]\n    node_venv_lib_python3_12_site-packages_PyQt6_Qt6_qml_QtQuick --> node_venv_lib_python3_12_site-packages_PyQt6_Qt6_qml_QtQuick_Controls["Controls"]\n    node_venv_lib_python3_12_site-packages_PyQt6_Qt6_qml_QtQuick_Controls --> node_venv_lib_python3_12_site-packages_PyQt6_Qt6_qml_QtQuick_Controls_FluentWinUI3["FluentWinUI3"]\n    node_venv_lib_python3_12_site-packages_PyQt6_Qt6_qml_QtQuick_Controls_FluentWinUI3 --> node_venv_lib_python3_12_site-packages_PyQt6_Qt6_qml_QtQuick_Controls_FluentWinUI3_light["light"]\n    node_venv_lib_python3_12_site-packages_PyQt6_Qt6_qml_QtQuick_Controls_FluentWinUI3_light --> node_venv_lib_python3_12_site-packages_PyQt6_Qt6_qml_QtQuick_Controls_FluentWinUI3_light_images["images"]\n    node_venv_lib_python3_12_site-packages_PyQt6_Qt6_qml_QtQuick_Controls_FluentWinUI3_light_images --> node_venv_lib_python3_12_site-packages_PyQt6_Qt6_qml_QtQuick_Controls_FluentWinUI3_light_images_spinbox-indicator-down-icon-hovered@3x_png["spinbox-indicator-down-icon-hovered@3x.png"]\n    Root --> node_venv["venv"]\n    node_venv --> node_venv_lib["lib"]\n    node_venv_lib --> node_venv_lib_python3_12["python3.12"]\n    node_venv_lib_python3_12 --> node_venv_lib_python3_12_site-packages["site-packages"]\n    node_venv_lib_python3_12_site-packages --> node_venv_lib_python3_12_site-packages_PyQt6["PyQt6"]\n    node_venv_lib_python3_12_site-packages_PyQt6 --> node_venv_lib_python3_12_site-packages_PyQt6_Qt6["Qt6"]\n    node_venv_lib_python3_12_site-packages_PyQt6_Qt6 --> node_venv_lib_python3_12_site-packages_PyQt6_Qt6_qml["qml"]\n    node_venv_lib_python3_12_site-packages_PyQt6_Qt6_qml --> node_venv_lib_python3_12_site-packages_PyQt6_Qt6_qml_QtQuick["QtQuick"]\n    node_venv_lib_python3_12_site-packages_PyQt6_Qt6_qml_QtQuick --> node_venv_lib_python3_12_site-packages_PyQt6_Qt6_qml_QtQuick_Controls["Controls"]\n    node_venv_lib_python3_12_site-packages_PyQt6_Qt6_qml_QtQuick_Controls --> node_venv_lib_python3_12_site-packages_PyQt6_Qt6_qml_QtQuick_Controls_FluentWinUI3["FluentWinUI3"]\n    node_venv_lib_python3_12_site-packages_PyQt6_Qt6_qml_QtQuick_Controls_FluentWinUI3 --> node_venv_lib_python3_12_site-packages_PyQt6_Qt6_qml_QtQuick_Controls_FluentWinUI3_light["light"]\n    node_venv_lib_python3_12_site-packages_PyQt6_Qt6_qml_QtQuick_Controls_FluentWinUI3_light --> node_venv_lib_python3_12_site-packages_PyQt6_Qt6_qml_QtQuick_Controls_FluentWinUI3_light_images["images"]\n    node_venv_lib_python3_12_site-packages_PyQt6_Qt6_qml_QtQuick_Controls_FluentWinUI3_light_images --> node_venv_lib_python3_12_site-packages_PyQt6_Qt6_qml_QtQuick_Controls_FluentWinUI3_light_images_spinbox-indicator-down-icon-up-hovered_png["spinbox-indicator-down-icon-up-hovered.png"]\n    Root --> node_venv["venv"]\n    node_venv --> node_venv_lib["lib"]\n    node_venv_lib --> node_venv_lib_python3_12["python3.12"]\n    node_venv_lib_python3_12 --> node_venv_lib_python3_12_site-packages["site-packages"]\n    node_venv_lib_python3_12_site-packages --> node_venv_lib_python3_12_site-packages_PyQt6["PyQt6"]\n    node_venv_lib_python3_12_site-packages_PyQt6 --> node_venv_lib_python3_12_site-packages_PyQt6_Qt6["Qt6"]\n    node_venv_lib_python3_12_site-packages_PyQt6_Qt6 --> node_venv_lib_python3_12_site-packages_PyQt6_Qt6_qml["qml"]\n    node_venv_lib_python3_12_site-packages_PyQt6_Qt6_qml --> node_venv_lib_python3_12_site-packages_PyQt6_Qt6_qml_QtQuick["QtQuick"]\n    node_venv_lib_python3_12_site-packages_PyQt6_Qt6_qml_QtQuick --> node_venv_lib_python3_12_site-packages_PyQt6_Qt6_qml_QtQuick_Controls["Controls"]\n    node_venv_lib_python3_12_site-packages_PyQt6_Qt6_qml_QtQuick_Controls --> node_venv_lib_python3_12_site-packages_PyQt6_Qt6_qml_QtQuick_Controls_FluentWinUI3["FluentWinUI3"]\n    node_venv_lib_python3_12_site-packages_PyQt6_Qt6_qml_QtQuick_Controls_FluentWinUI3 --> node_venv_lib_python3_12_site-packages_PyQt6_Qt6_qml_QtQuick_Controls_FluentWinUI3_light["light"]\n    node_venv_lib_python3_12_site-packages_PyQt6_Qt6_qml_QtQuick_Controls_FluentWinUI3_light --> node_venv_lib_python3_12_site-packages_PyQt6_Qt6_qml_QtQuick_Controls_FluentWinUI3_light_images["images"]\n    node_venv_lib_python3_12_site-packages_PyQt6_Qt6_qml_QtQuick_Controls_FluentWinUI3_light_images --> node_venv_lib_python3_12_site-packages_PyQt6_Qt6_qml_QtQuick_Controls_FluentWinUI3_light_images_spinbox-indicator-down-icon-up-hovered@2x_png["spinbox-indicator-down-icon-up-hovered@2x.png"]\n    Root --> node_venv["venv"]\n    node_venv --> node_venv_lib["lib"]\n    node_venv_lib --> node_venv_lib_python3_12["python3.12"]\n    node_venv_lib_python3_12 --> node_venv_lib_python3_12_site-packages["site-packages"]\n    node_venv_lib_python3_12_site-packages --> node_venv_lib_python3_12_site-packages_PyQt6["PyQt6"]\n    node_venv_lib_python3_12_site-packages_PyQt6 --> node_venv_lib_python3_12_site-packages_PyQt6_Qt6["Qt6"]\n    node_venv_lib_python3_12_site-packages_PyQt6_Qt6 --> node_venv_lib_python3_12_site-packages_PyQt6_Qt6_qml["qml"]\n    node_venv_lib_python3_12_site-packages_PyQt6_Qt6_qml --> node_venv_lib_python3_12_site-packages_PyQt6_Qt6_qml_QtQuick["QtQuick"]\n    node_venv_lib_python3_12_site-packages_PyQt6_Qt6_qml_QtQuick --> node_venv_lib_python3_12_site-packages_PyQt6_Qt6_qml_QtQuick_Controls["Controls"]\n    node_venv_lib_python3_12_site-packages_PyQt6_Qt6_qml_QtQuick_Controls --> node_venv_lib_python3_12_site-packages_PyQt6_Qt6_qml_QtQuick_Controls_FluentWinUI3["FluentWinUI3"]\n    node_venv_lib_python3_12_site-packages_PyQt6_Qt6_qml_QtQuick_Controls_FluentWinUI3 --> node_venv_lib_python3_12_site-packages_PyQt6_Qt6_qml_QtQuick_Controls_FluentWinUI3_light["light"]\n    node_venv_lib_python3_12_site-packages_PyQt6_Qt6_qml_QtQuick_Controls_FluentWinUI3_light --> node_venv_lib_python3_12_site-packages_PyQt6_Qt6_qml_QtQuick_Controls_FluentWinUI3_light_images["images"]\n    node_venv_lib_python3_12_site-packages_PyQt6_Qt6_qml_QtQuick_Controls_FluentWinUI3_light_images --> node_venv_lib_python3_12_site-packages_PyQt6_Qt6_qml_QtQuick_Controls_FluentWinUI3_light_images_spinbox-indicator-down-icon-up-hovered@3x_png["spinbox-indicator-down-icon-up-hovered@3x.png"]\n    Root --> node_venv["venv"]\n    node_venv --> node_venv_lib["lib"]\n    node_venv_lib --> node_venv_lib_python3_12["python3.12"]\n    node_venv_lib_python3_12 --> node_venv_lib_python3_12_site-packages["site-packages"]\n    node_venv_lib_python3_12_site-packages --> node_venv_lib_python3_12_site-packages_PyQt6["PyQt6"]\n    node_venv_lib_python3_12_site-packages_PyQt6 --> node_venv_lib_python3_12_site-packages_PyQt6_Qt6["Qt6"]\n    node_venv_lib_python3_12_site-packages_PyQt6_Qt6 --> node_venv_lib_python3_12_site-packages_PyQt6_Qt6_qml["qml"]\n    node_venv_lib_python3_12_site-packages_PyQt6_Qt6_qml --> node_venv_lib_python3_12_site-packages_PyQt6_Qt6_qml_QtQuick["QtQuick"]\n    node_venv_lib_python3_12_site-packages_PyQt6_Qt6_qml_QtQuick --> node_venv_lib_python3_12_site-packages_PyQt6_Qt6_qml_QtQuick_Controls["Controls"]\n    node_venv_lib_python3_12_site-packages_PyQt6_Qt6_qml_QtQuick_Controls --> node_venv_lib_python3_12_site-packages_PyQt6_Qt6_qml_QtQuick_Controls_FluentWinUI3["FluentWinUI3"]\n    node_venv_lib_python3_12_site-packages_PyQt6_Qt6_qml_QtQuick_Controls_FluentWinUI3 --> node_venv_lib_python3_12_site-packages_PyQt6_Qt6_qml_QtQuick_Controls_FluentWinUI3_light["light"]\n    node_venv_lib_python3_12_site-packages_PyQt6_Qt6_qml_QtQuick_Controls_FluentWinUI3_light --> node_venv_lib_python3_12_site-packages_PyQt6_Qt6_qml_QtQuick_Controls_FluentWinUI3_light_images["images"]\n    node_venv_lib_python3_12_site-packages_PyQt6_Qt6_qml_QtQuick_Controls_FluentWinUI3_light_images --> node_venv_lib_python3_12_site-packages_PyQt6_Qt6_qml_QtQuick_Controls_FluentWinUI3_light_images_spinbox-indicator-down-icon-up-pressed_png["spinbox-indicator-down-icon-up-pressed.png"]\n    Root --> node_venv["venv"]\n    node_venv --> node_venv_lib["lib"]\n    node_venv_lib --> node_venv_lib_python3_12["python3.12"]\n    node_venv_lib_python3_12 --> node_venv_lib_python3_12_site-packages["site-packages"]\n    node_venv_lib_python3_12_site-packages --> node_venv_lib_python3_12_site-packages_PyQt6["PyQt6"]\n    node_venv_lib_python3_12_site-packages_PyQt6 --> node_venv_lib_python3_12_site-packages_PyQt6_Qt6["Qt6"]\n    node_venv_lib_python3_12_site-packages_PyQt6_Qt6 --> node_venv_lib_python3_12_site-packages_PyQt6_Qt6_qml["qml"]\n    node_venv_lib_python3_12_site-packages_PyQt6_Qt6_qml --> node_venv_lib_python3_12_site-packages_PyQt6_Qt6_qml_QtQuick["QtQuick"]\n    node_venv_lib_python3_12_site-packages_PyQt6_Qt6_qml_QtQuick --> node_venv_lib_python3_12_site-packages_PyQt6_Qt6_qml_QtQuick_Controls["Controls"]\n    node_venv_lib_python3_12_site-packages_PyQt6_Qt6_qml_QtQuick_Controls --> node_venv_lib_python3_12_site-packages_PyQt6_Qt6_qml_QtQuick_Controls_FluentWinUI3["FluentWinUI3"]\n    node_venv_lib_python3_12_site-packages_PyQt6_Qt6_qml_QtQuick_Controls_FluentWinUI3 --> node_venv_lib_python3_12_site-packages_PyQt6_Qt6_qml_QtQuick_Controls_FluentWinUI3_light["light"]\n    node_venv_lib_python3_12_site-packages_PyQt6_Qt6_qml_QtQuick_Controls_FluentWinUI3_light --> node_venv_lib_python3_12_site-packages_PyQt6_Qt6_qml_QtQuick_Controls_FluentWinUI3_light_images["images"]\n    node_venv_lib_python3_12_site-packages_PyQt6_Qt6_qml_QtQuick_Controls_FluentWinUI3_light_images --> node_venv_lib_python3_12_site-packages_PyQt6_Qt6_qml_QtQuick_Controls_FluentWinUI3_light_images_spinbox-indicator-down-icon-up-pressed@2x_png["spinbox-indicator-down-icon-up-pressed@2x.png"]\n    Root --> node_venv["venv"]\n    node_venv --> node_venv_lib["lib"]\n    node_venv_lib --> node_venv_lib_python3_12["python3.12"]\n    node_venv_lib_python3_12 --> node_venv_lib_python3_12_site-packages["site-packages"]\n    node_venv_lib_python3_12_site-packages --> node_venv_lib_python3_12_site-packages_PyQt6["PyQt6"]\n    node_venv_lib_python3_12_site-packages_PyQt6 --> node_venv_lib_python3_12_site-packages_PyQt6_Qt6["Qt6"]\n    node_venv_lib_python3_12_site-packages_PyQt6_Qt6 --> node_venv_lib_python3_12_site-packages_PyQt6_Qt6_qml["qml"]\n    node_venv_lib_python3_12_site-packages_PyQt6_Qt6_qml --> node_venv_lib_python3_12_site-packages_PyQt6_Qt6_qml_QtQuick["QtQuick"]\n    node_venv_lib_python3_12_site-packages_PyQt6_Qt6_qml_QtQuick --> node_venv_lib_python3_12_site-packages_PyQt6_Qt6_qml_QtQuick_Controls["Controls"]\n    node_venv_lib_python3_12_site-packages_PyQt6_Qt6_qml_QtQuick_Controls --> node_venv_lib_python3_12_site-packages_PyQt6_Qt6_qml_QtQuick_Controls_FluentWinUI3["FluentWinUI3"]\n    node_venv_lib_python3_12_site-packages_PyQt6_Qt6_qml_QtQuick_Controls_FluentWinUI3 --> node_venv_lib_python3_12_site-packages_PyQt6_Qt6_qml_QtQuick_Controls_FluentWinUI3_light["light"]\n    node_venv_lib_python3_12_site-packages_PyQt6_Qt6_qml_QtQuick_Controls_FluentWinUI3_light --> node_venv_lib_python3_12_site-packages_PyQt6_Qt6_qml_QtQuick_Controls_FluentWinUI3_light_images["images"]\n    node_venv_lib_python3_12_site-packages_PyQt6_Qt6_qml_QtQuick_Controls_FluentWinUI3_light_images --> node_venv_lib_python3_12_site-packages_PyQt6_Qt6_qml_QtQuick_Controls_FluentWinUI3_light_images_spinbox-indicator-down-icon-up-pressed@3x_png["spinbox-indicator-down-icon-up-pressed@3x.png"]\n    Root --> node_venv["venv"]\n    node_venv --> node_venv_lib["lib"]\n    node_venv_lib --> node_venv_lib_python3_12["python3.12"]\n    node_venv_lib_python3_12 --> node_venv_lib_python3_12_site-packages["site-packages"]\n    node_venv_lib_python3_12_site-packages --> node_venv_lib_python3_12_site-packages_PyQt6["PyQt6"]\n    node_venv_lib_python3_12_site-packages_PyQt6 --> node_venv_lib_python3_12_site-packages_PyQt6_Qt6["Qt6"]\n    node_venv_lib_python3_12_site-packages_PyQt6_Qt6 --> node_venv_lib_python3_12_site-packages_PyQt6_Qt6_qml["qml"]\n    node_venv_lib_python3_12_site-packages_PyQt6_Qt6_qml --> node_venv_lib_python3_12_site-packages_PyQt6_Qt6_qml_QtQuick["QtQuick"]\n    node_venv_lib_python3_12_site-packages_PyQt6_Qt6_qml_QtQuick --> node_venv_lib_python3_12_site-packages_PyQt6_Qt6_qml_QtQuick_Controls["Controls"]\n    node_venv_lib_python3_12_site-packages_PyQt6_Qt6_qml_QtQuick_Controls --> node_venv_lib_python3_12_site-packages_PyQt6_Qt6_qml_QtQuick_Controls_FluentWinUI3["FluentWinUI3"]\n    node_venv_lib_python3_12_site-packages_PyQt6_Qt6_qml_QtQuick_Controls_FluentWinUI3 --> node_venv_lib_python3_12_site-packages_PyQt6_Qt6_qml_QtQuick_Controls_FluentWinUI3_light["light"]\n    node_venv_lib_python3_12_site-packages_PyQt6_Qt6_qml_QtQuick_Controls_FluentWinUI3_light --> node_venv_lib_python3_12_site-packages_PyQt6_Qt6_qml_QtQuick_Controls_FluentWinUI3_light_images["images"]\n    node_venv_lib_python3_12_site-packages_PyQt6_Qt6_qml_QtQuick_Controls_FluentWinUI3_light_images --> node_venv_lib_python3_12_site-packages_PyQt6_Qt6_qml_QtQuick_Controls_FluentWinUI3_light_images_spinbox-indicator-down-icon_png["spinbox-indicator-down-icon.png"]\n    Root --> node_venv["venv"]\n    node_venv --> node_venv_lib["lib"]\n    node_venv_lib --> node_venv_lib_python3_12["python3.12"]\n    node_venv_lib_python3_12 --> node_venv_lib_python3_12_site-packages["site-packages"]\n    node_venv_lib_python3_12_site-packages --> node_venv_lib_python3_12_site-packages_PyQt6["PyQt6"]\n    node_venv_lib_python3_12_site-packages_PyQt6 --> node_venv_lib_python3_12_site-packages_PyQt6_Qt6["Qt6"]\n    node_venv_lib_python3_12_site-packages_PyQt6_Qt6 --> node_venv_lib_python3_12_site-packages_PyQt6_Qt6_qml["qml"]\n    node_venv_lib_python3_12_site-packages_PyQt6_Qt6_qml --> node_venv_lib_python3_12_site-packages_PyQt6_Qt6_qml_QtQuick["QtQuick"]\n    node_venv_lib_python3_12_site-packages_PyQt6_Qt6_qml_QtQuick --> node_venv_lib_python3_12_site-packages_PyQt6_Qt6_qml_QtQuick_Controls["Controls"]\n    node_venv_lib_python3_12_site-packages_PyQt6_Qt6_qml_QtQuick_Controls --> node_venv_lib_python3_12_site-packages_PyQt6_Qt6_qml_QtQuick_Controls_FluentWinUI3["FluentWinUI3"]\n    node_venv_lib_python3_12_site-packages_PyQt6_Qt6_qml_QtQuick_Controls_FluentWinUI3 --> node_venv_lib_python3_12_site-packages_PyQt6_Qt6_qml_QtQuick_Controls_FluentWinUI3_light["light"]\n    node_venv_lib_python3_12_site-packages_PyQt6_Qt6_qml_QtQuick_Controls_FluentWinUI3_light --> node_venv_lib_python3_12_site-packages_PyQt6_Qt6_qml_QtQuick_Controls_FluentWinUI3_light_images["images"]\n    node_venv_lib_python3_12_site-packages_PyQt6_Qt6_qml_QtQuick_Controls_FluentWinUI3_light_images --> node_venv_lib_python3_12_site-packages_PyQt6_Qt6_qml_QtQuick_Controls_FluentWinUI3_light_images_spinbox-indicator-down-icon@2x_png["spinbox-indicator-down-icon@2x.png"]\n    Root --> node_venv["venv"]\n    node_venv --> node_venv_lib["lib"]\n    node_venv_lib --> node_venv_lib_python3_12["python3.12"]\n    node_venv_lib_python3_12 --> node_venv_lib_python3_12_site-packages["site-packages"]\n    node_venv_lib_python3_12_site-packages --> node_venv_lib_python3_12_site-packages_PyQt6["PyQt6"]\n    node_venv_lib_python3_12_site-packages_PyQt6 --> node_venv_lib_python3_12_site-packages_PyQt6_Qt6["Qt6"]\n    node_venv_lib_python3_12_site-packages_PyQt6_Qt6 --> node_venv_lib_python3_12_site-packages_PyQt6_Qt6_qml["qml"]\n    node_venv_lib_python3_12_site-packages_PyQt6_Qt6_qml --> node_venv_lib_python3_12_site-packages_PyQt6_Qt6_qml_QtQuick["QtQuick"]\n    node_venv_lib_python3_12_site-packages_PyQt6_Qt6_qml_QtQuick --> node_venv_lib_python3_12_site-packages_PyQt6_Qt6_qml_QtQuick_Controls["Controls"]\n    node_venv_lib_python3_12_site-packages_PyQt6_Qt6_qml_QtQuick_Controls --> node_venv_lib_python3_12_site-packages_PyQt6_Qt6_qml_QtQuick_Controls_FluentWinUI3["FluentWinUI3"]\n    node_venv_lib_python3_12_site-packages_PyQt6_Qt6_qml_QtQuick_Controls_FluentWinUI3 --> node_venv_lib_python3_12_site-packages_PyQt6_Qt6_qml_QtQuick_Controls_FluentWinUI3_light["light"]\n    node_venv_lib_python3_12_site-packages_PyQt6_Qt6_qml_QtQuick_Controls_FluentWinUI3_light --> node_venv_lib_python3_12_site-packages_PyQt6_Qt6_qml_QtQuick_Controls_FluentWinUI3_light_images["images"]\n    node_venv_lib_python3_12_site-packages_PyQt6_Qt6_qml_QtQuick_Controls_FluentWinUI3_light_images --> node_venv_lib_python3_12_site-packages_PyQt6_Qt6_qml_QtQuick_Controls_FluentWinUI3_light_images_spinbox-indicator-down-icon@3x_png["spinbox-indicator-down-icon@3x.png"]\n    Root --> node_venv["venv"]\n    node_venv --> node_venv_lib["lib"]\n    node_venv_lib --> node_venv_lib_python3_12["python3.12"]\n    node_venv_lib_python3_12 --> node_venv_lib_python3_12_site-packages["site-packages"]\n    node_venv_lib_python3_12_site-packages --> node_venv_lib_python3_12_site-packages_PyQt6["PyQt6"]\n    node_venv_lib_python3_12_site-packages_PyQt6 --> node_venv_lib_python3_12_site-packages_PyQt6_Qt6["Qt6"]\n    node_venv_lib_python3_12_site-packages_PyQt6_Qt6 --> node_venv_lib_python3_12_site-packages_PyQt6_Qt6_qml["qml"]\n    node_venv_lib_python3_12_site-packages_PyQt6_Qt6_qml --> node_venv_lib_python3_12_site-packages_PyQt6_Qt6_qml_QtQuick["QtQuick"]\n    node_venv_lib_python3_12_site-packages_PyQt6_Qt6_qml_QtQuick --> node_venv_lib_python3_12_site-packages_PyQt6_Qt6_qml_QtQuick_Controls["Controls"]\n    node_venv_lib_python3_12_site-packages_PyQt6_Qt6_qml_QtQuick_Controls --> node_venv_lib_python3_12_site-packages_PyQt6_Qt6_qml_QtQuick_Controls_FluentWinUI3["FluentWinUI3"]\n    node_venv_lib_python3_12_site-packages_PyQt6_Qt6_qml_QtQuick_Controls_FluentWinUI3 --> node_venv_lib_python3_12_site-packages_PyQt6_Qt6_qml_QtQuick_Controls_FluentWinUI3_light["light"]\n    node_venv_lib_python3_12_site-packages_PyQt6_Qt6_qml_QtQuick_Controls_FluentWinUI3_light --> node_venv_lib_python3_12_site-packages_PyQt6_Qt6_qml_QtQuick_Controls_FluentWinUI3_light_images["images"]\n    node_venv_lib_python3_12_site-packages_PyQt6_Qt6_qml_QtQuick_Controls_FluentWinUI3_light_images --> node_venv_lib_python3_12_site-packages_PyQt6_Qt6_qml_QtQuick_Controls_FluentWinUI3_light_images_spinbox-indicator-up-background-atlimit_png["spinbox-indicator-up-background-atlimit.png"]\n    Root --> node_venv["venv"]\n    node_venv --> node_venv_lib["lib"]\n    node_venv_lib --> node_venv_lib_python3_12["python3.12"]\n    node_venv_lib_python3_12 --> node_venv_lib_python3_12_site-packages["site-packages"]\n    node_venv_lib_python3_12_site-packages --> node_venv_lib_python3_12_site-packages_PyQt6["PyQt6"]\n    node_venv_lib_python3_12_site-packages_PyQt6 --> node_venv_lib_python3_12_site-packages_PyQt6_Qt6["Qt6"]\n    node_venv_lib_python3_12_site-packages_PyQt6_Qt6 --> node_venv_lib_python3_12_site-packages_PyQt6_Qt6_qml["qml"]\n    node_venv_lib_python3_12_site-packages_PyQt6_Qt6_qml --> node_venv_lib_python3_12_site-packages_PyQt6_Qt6_qml_QtQuick["QtQuick"]\n    node_venv_lib_python3_12_site-packages_PyQt6_Qt6_qml_QtQuick --> node_venv_lib_python3_12_site-packages_PyQt6_Qt6_qml_QtQuick_Controls["Controls"]\n    node_venv_lib_python3_12_site-packages_PyQt6_Qt6_qml_QtQuick_Controls --> node_venv_lib_python3_12_site-packages_PyQt6_Qt6_qml_QtQuick_Controls_FluentWinUI3["FluentWinUI3"]\n    node_venv_lib_python3_12_site-packages_PyQt6_Qt6_qml_QtQuick_Controls_FluentWinUI3 --> node_venv_lib_python3_12_site-packages_PyQt6_Qt6_qml_QtQuick_Controls_FluentWinUI3_light["light"]\n    node_venv_lib_python3_12_site-packages_PyQt6_Qt6_qml_QtQuick_Controls_FluentWinUI3_light --> node_venv_lib_python3_12_site-packages_PyQt6_Qt6_qml_QtQuick_Controls_FluentWinUI3_light_images["images"]\n    node_venv_lib_python3_12_site-packages_PyQt6_Qt6_qml_QtQuick_Controls_FluentWinUI3_light_images --> node_venv_lib_python3_12_site-packages_PyQt6_Qt6_qml_QtQuick_Controls_FluentWinUI3_light_images_spinbox-indicator-up-background-atlimit@2x_png["spinbox-indicator-up-background-atlimit@2x.png"]\n    Root --> node_venv["venv"]\n    node_venv --> node_venv_lib["lib"]\n    node_venv_lib --> node_venv_lib_python3_12["python3.12"]\n    node_venv_lib_python3_12 --> node_venv_lib_python3_12_site-packages["site-packages"]\n    node_venv_lib_python3_12_site-packages --> node_venv_lib_python3_12_site-packages_PyQt6["PyQt6"]\n    node_venv_lib_python3_12_site-packages_PyQt6 --> node_venv_lib_python3_12_site-packages_PyQt6_Qt6["Qt6"]\n    node_venv_lib_python3_12_site-packages_PyQt6_Qt6 --> node_venv_lib_python3_12_site-packages_PyQt6_Qt6_qml["qml"]\n    node_venv_lib_python3_12_site-packages_PyQt6_Qt6_qml --> node_venv_lib_python3_12_site-packages_PyQt6_Qt6_qml_QtQuick["QtQuick"]\n    node_venv_lib_python3_12_site-packages_PyQt6_Qt6_qml_QtQuick --> node_venv_lib_python3_12_site-packages_PyQt6_Qt6_qml_QtQuick_Controls["Controls"]\n    node_venv_lib_python3_12_site-packages_PyQt6_Qt6_qml_QtQuick_Controls --> node_venv_lib_python3_12_site-packages_PyQt6_Qt6_qml_QtQuick_Controls_FluentWinUI3["FluentWinUI3"]\n    node_venv_lib_python3_12_site-packages_PyQt6_Qt6_qml_QtQuick_Controls_FluentWinUI3 --> node_venv_lib_python3_12_site-packages_PyQt6_Qt6_qml_QtQuick_Controls_FluentWinUI3_light["light"]\n    node_venv_lib_python3_12_site-packages_PyQt6_Qt6_qml_QtQuick_Controls_FluentWinUI3_light --> node_venv_lib_python3_12_site-packages_PyQt6_Qt6_qml_QtQuick_Controls_FluentWinUI3_light_images["images"]\n    node_venv_lib_python3_12_site-packages_PyQt6_Qt6_qml_QtQuick_Controls_FluentWinUI3_light_images --> node_venv_lib_python3_12_site-packages_PyQt6_Qt6_qml_QtQuick_Controls_FluentWinUI3_light_images_spinbox-indicator-up-background-atlimit@3x_png["spinbox-indicator-up-background-atlimit@3x.png"]\n    Root --> node_venv["venv"]\n    node_venv --> node_venv_lib["lib"]\n    node_venv_lib --> node_venv_lib_python3_12["python3.12"]\n    node_venv_lib_python3_12 --> node_venv_lib_python3_12_site-packages["site-packages"]\n    node_venv_lib_python3_12_site-packages --> node_venv_lib_python3_12_site-packages_PyQt6["PyQt6"]\n    node_venv_lib_python3_12_site-packages_PyQt6 --> node_venv_lib_python3_12_site-packages_PyQt6_Qt6["Qt6"]\n    node_venv_lib_python3_12_site-packages_PyQt6_Qt6 --> node_venv_lib_python3_12_site-packages_PyQt6_Qt6_qml["qml"]\n    node_venv_lib_python3_12_site-packages_PyQt6_Qt6_qml --> node_venv_lib_python3_12_site-packages_PyQt6_Qt6_qml_QtQuick["QtQuick"]\n    node_venv_lib_python3_12_site-packages_PyQt6_Qt6_qml_QtQuick --> node_venv_lib_python3_12_site-packages_PyQt6_Qt6_qml_QtQuick_Controls["Controls"]\n    node_venv_lib_python3_12_site-packages_PyQt6_Qt6_qml_QtQuick_Controls --> node_venv_lib_python3_12_site-packages_PyQt6_Qt6_qml_QtQuick_Controls_FluentWinUI3["FluentWinUI3"]\n    node_venv_lib_python3_12_site-packages_PyQt6_Qt6_qml_QtQuick_Controls_FluentWinUI3 --> node_venv_lib_python3_12_site-packages_PyQt6_Qt6_qml_QtQuick_Controls_FluentWinUI3_light["light"]\n    node_venv_lib_python3_12_site-packages_PyQt6_Qt6_qml_QtQuick_Controls_FluentWinUI3_light --> node_venv_lib_python3_12_site-packages_PyQt6_Qt6_qml_QtQuick_Controls_FluentWinUI3_light_images["images"]\n    node_venv_lib_python3_12_site-packages_PyQt6_Qt6_qml_QtQuick_Controls_FluentWinUI3_light_images --> node_venv_lib_python3_12_site-packages_PyQt6_Qt6_qml_QtQuick_Controls_FluentWinUI3_light_images_spinbox-indicator-up-background-disabled_png["spinbox-indicator-up-background-disabled.png"]\n    Root --> node_venv["venv"]\n    node_venv --> node_venv_lib["lib"]\n    node_venv_lib --> node_venv_lib_python3_12["python3.12"]\n    node_venv_lib_python3_12 --> node_venv_lib_python3_12_site-packages["site-packages"]\n    node_venv_lib_python3_12_site-packages --> node_venv_lib_python3_12_site-packages_PyQt6["PyQt6"]\n    node_venv_lib_python3_12_site-packages_PyQt6 --> node_venv_lib_python3_12_site-packages_PyQt6_Qt6["Qt6"]\n    node_venv_lib_python3_12_site-packages_PyQt6_Qt6 --> node_venv_lib_python3_12_site-packages_PyQt6_Qt6_qml["qml"]\n    node_venv_lib_python3_12_site-packages_PyQt6_Qt6_qml --> node_venv_lib_python3_12_site-packages_PyQt6_Qt6_qml_QtQuick["QtQuick"]\n    node_venv_lib_python3_12_site-packages_PyQt6_Qt6_qml_QtQuick --> node_venv_lib_python3_12_site-packages_PyQt6_Qt6_qml_QtQuick_Controls["Controls"]\n    node_venv_lib_python3_12_site-packages_PyQt6_Qt6_qml_QtQuick_Controls --> node_venv_lib_python3_12_site-packages_PyQt6_Qt6_qml_QtQuick_Controls_FluentWinUI3["FluentWinUI3"]\n    node_venv_lib_python3_12_site-packages_PyQt6_Qt6_qml_QtQuick_Controls_FluentWinUI3 --> node_venv_lib_python3_12_site-packages_PyQt6_Qt6_qml_QtQuick_Controls_FluentWinUI3_light["light"]\n    node_venv_lib_python3_12_site-packages_PyQt6_Qt6_qml_QtQuick_Controls_FluentWinUI3_light --> node_venv_lib_python3_12_site-packages_PyQt6_Qt6_qml_QtQuick_Controls_FluentWinUI3_light_images["images"]\n    node_venv_lib_python3_12_site-packages_PyQt6_Qt6_qml_QtQuick_Controls_FluentWinUI3_light_images --> node_venv_lib_python3_12_site-packages_PyQt6_Qt6_qml_QtQuick_Controls_FluentWinUI3_light_images_spinbox-indicator-up-background-disabled@2x_png["spinbox-indicator-up-background-disabled@2x.png"]\n    Root --> node_venv["venv"]\n    node_venv --> node_venv_lib["lib"]\n    node_venv_lib --> node_venv_lib_python3_12["python3.12"]\n    node_venv_lib_python3_12 --> node_venv_lib_python3_12_site-packages["site-packages"]\n    node_venv_lib_python3_12_site-packages --> node_venv_lib_python3_12_site-packages_PyQt6["PyQt6"]\n    node_venv_lib_python3_12_site-packages_PyQt6 --> node_venv_lib_python3_12_site-packages_PyQt6_Qt6["Qt6"]\n    node_venv_lib_python3_12_site-packages_PyQt6_Qt6 --> node_venv_lib_python3_12_site-packages_PyQt6_Qt6_qml["qml"]\n    node_venv_lib_python3_12_site-packages_PyQt6_Qt6_qml --> node_venv_lib_python3_12_site-packages_PyQt6_Qt6_qml_QtQuick["QtQuick"]\n    node_venv_lib_python3_12_site-packages_PyQt6_Qt6_qml_QtQuick --> node_venv_lib_python3_12_site-packages_PyQt6_Qt6_qml_QtQuick_Controls["Controls"]\n    node_venv_lib_python3_12_site-packages_PyQt6_Qt6_qml_QtQuick_Controls --> node_venv_lib_python3_12_site-packages_PyQt6_Qt6_qml_QtQuick_Controls_FluentWinUI3["FluentWinUI3"]\n    node_venv_lib_python3_12_site-packages_PyQt6_Qt6_qml_QtQuick_Controls_FluentWinUI3 --> node_venv_lib_python3_12_site-packages_PyQt6_Qt6_qml_QtQuick_Controls_FluentWinUI3_light["light"]\n    node_venv_lib_python3_12_site-packages_PyQt6_Qt6_qml_QtQuick_Controls_FluentWinUI3_light --> node_venv_lib_python3_12_site-packages_PyQt6_Qt6_qml_QtQuick_Controls_FluentWinUI3_light_images["images"]\n    node_venv_lib_python3_12_site-packages_PyQt6_Qt6_qml_QtQuick_Controls_FluentWinUI3_light_images --> node_venv_lib_python3_12_site-packages_PyQt6_Qt6_qml_QtQuick_Controls_FluentWinUI3_light_images_spinbox-indicator-up-background-disabled@3x_png["spinbox-indicator-up-background-disabled@3x.png"]\n    Root --> node_venv["venv"]\n    node_venv --> node_venv_lib["lib"]\n    node_venv_lib --> node_venv_lib_python3_12["python3.12"]\n    node_venv_lib_python3_12 --> node_venv_lib_python3_12_site-packages["site-packages"]\n    node_venv_lib_python3_12_site-packages --> node_venv_lib_python3_12_site-packages_PyQt6["PyQt6"]\n    node_venv_lib_python3_12_site-packages_PyQt6 --> node_venv_lib_python3_12_site-packages_PyQt6_Qt6["Qt6"]\n    node_venv_lib_python3_12_site-packages_PyQt6_Qt6 --> node_venv_lib_python3_12_site-packages_PyQt6_Qt6_qml["qml"]\n    node_venv_lib_python3_12_site-packages_PyQt6_Qt6_qml --> node_venv_lib_python3_12_site-packages_PyQt6_Qt6_qml_QtQuick["QtQuick"]\n    node_venv_lib_python3_12_site-packages_PyQt6_Qt6_qml_QtQuick --> node_venv_lib_python3_12_site-packages_PyQt6_Qt6_qml_QtQuick_Controls["Controls"]\n    node_venv_lib_python3_12_site-packages_PyQt6_Qt6_qml_QtQuick_Controls --> node_venv_lib_python3_12_site-packages_PyQt6_Qt6_qml_QtQuick_Controls_FluentWinUI3["FluentWinUI3"]\n    node_venv_lib_python3_12_site-packages_PyQt6_Qt6_qml_QtQuick_Controls_FluentWinUI3 --> node_venv_lib_python3_12_site-packages_PyQt6_Qt6_qml_QtQuick_Controls_FluentWinUI3_light["light"]\n    node_venv_lib_python3_12_site-packages_PyQt6_Qt6_qml_QtQuick_Controls_FluentWinUI3_light --> node_venv_lib_python3_12_site-packages_PyQt6_Qt6_qml_QtQuick_Controls_FluentWinUI3_light_images["images"]\n    node_venv_lib_python3_12_site-packages_PyQt6_Qt6_qml_QtQuick_Controls_FluentWinUI3_light_images --> node_venv_lib_python3_12_site-packages_PyQt6_Qt6_qml_QtQuick_Controls_FluentWinUI3_light_images_spinbox-indicator-up-background-down-hovered_png["spinbox-indicator-up-background-down-hovered.png"]\n    Root --> node_venv["venv"]\n    node_venv --> node_venv_lib["lib"]\n    node_venv_lib --> node_venv_lib_python3_12["python3.12"]\n    node_venv_lib_python3_12 --> node_venv_lib_python3_12_site-packages["site-packages"]\n    node_venv_lib_python3_12_site-packages --> node_venv_lib_python3_12_site-packages_PyQt6["PyQt6"]\n    node_venv_lib_python3_12_site-packages_PyQt6 --> node_venv_lib_python3_12_site-packages_PyQt6_Qt6["Qt6"]\n    node_venv_lib_python3_12_site-packages_PyQt6_Qt6 --> node_venv_lib_python3_12_site-packages_PyQt6_Qt6_qml["qml"]\n    node_venv_lib_python3_12_site-packages_PyQt6_Qt6_qml --> node_venv_lib_python3_12_site-packages_PyQt6_Qt6_qml_QtQuick["QtQuick"]\n    node_venv_lib_python3_12_site-packages_PyQt6_Qt6_qml_QtQuick --> node_venv_lib_python3_12_site-packages_PyQt6_Qt6_qml_QtQuick_Controls["Controls"]\n    node_venv_lib_python3_12_site-packages_PyQt6_Qt6_qml_QtQuick_Controls --> node_venv_lib_python3_12_site-packages_PyQt6_Qt6_qml_QtQuick_Controls_FluentWinUI3["FluentWinUI3"]\n    node_venv_lib_python3_12_site-packages_PyQt6_Qt6_qml_QtQuick_Controls_FluentWinUI3 --> node_venv_lib_python3_12_site-packages_PyQt6_Qt6_qml_QtQuick_Controls_FluentWinUI3_light["light"]\n    node_venv_lib_python3_12_site-packages_PyQt6_Qt6_qml_QtQuick_Controls_FluentWinUI3_light --> node_venv_lib_python3_12_site-packages_PyQt6_Qt6_qml_QtQuick_Controls_FluentWinUI3_light_images["images"]\n    node_venv_lib_python3_12_site-packages_PyQt6_Qt6_qml_QtQuick_Controls_FluentWinUI3_light_images --> node_venv_lib_python3_12_site-packages_PyQt6_Qt6_qml_QtQuick_Controls_FluentWinUI3_light_images_spinbox-indicator-up-background-down-hovered@2x_png["spinbox-indicator-up-background-down-hovered@2x.png"]\n    Root --> node_venv["venv"]\n    node_venv --> node_venv_lib["lib"]\n    node_venv_lib --> node_venv_lib_python3_12["python3.12"]\n    node_venv_lib_python3_12 --> node_venv_lib_python3_12_site-packages["site-packages"]\n    node_venv_lib_python3_12_site-packages --> node_venv_lib_python3_12_site-packages_PyQt6["PyQt6"]\n    node_venv_lib_python3_12_site-packages_PyQt6 --> node_venv_lib_python3_12_site-packages_PyQt6_Qt6["Qt6"]\n    node_venv_lib_python3_12_site-packages_PyQt6_Qt6 --> node_venv_lib_python3_12_site-packages_PyQt6_Qt6_qml["qml"]\n    node_venv_lib_python3_12_site-packages_PyQt6_Qt6_qml --> node_venv_lib_python3_12_site-packages_PyQt6_Qt6_qml_QtQuick["QtQuick"]\n    node_venv_lib_python3_12_site-packages_PyQt6_Qt6_qml_QtQuick --> node_venv_lib_python3_12_site-packages_PyQt6_Qt6_qml_QtQuick_Controls["Controls"]\n    node_venv_lib_python3_12_site-packages_PyQt6_Qt6_qml_QtQuick_Controls --> node_venv_lib_python3_12_site-packages_PyQt6_Qt6_qml_QtQuick_Controls_FluentWinUI3["FluentWinUI3"]\n    node_venv_lib_python3_12_site-packages_PyQt6_Qt6_qml_QtQuick_Controls_FluentWinUI3 --> node_venv_lib_python3_12_site-packages_PyQt6_Qt6_qml_QtQuick_Controls_FluentWinUI3_light["light"]\n    node_venv_lib_python3_12_site-packages_PyQt6_Qt6_qml_QtQuick_Controls_FluentWinUI3_light --> node_venv_lib_python3_12_site-packages_PyQt6_Qt6_qml_QtQuick_Controls_FluentWinUI3_light_images["images"]\n    node_venv_lib_python3_12_site-packages_PyQt6_Qt6_qml_QtQuick_Controls_FluentWinUI3_light_images --> node_venv_lib_python3_12_site-packages_PyQt6_Qt6_qml_QtQuick_Controls_FluentWinUI3_light_images_spinbox-indicator-up-background-down-hovered@3x_png["spinbox-indicator-up-background-down-hovered@3x.png"]\n    Root --> node_venv["venv"]\n    node_venv --> node_venv_lib["lib"]\n    node_venv_lib --> node_venv_lib_python3_12["python3.12"]\n    node_venv_lib_python3_12 --> node_venv_lib_python3_12_site-packages["site-packages"]\n    node_venv_lib_python3_12_site-packages --> node_venv_lib_python3_12_site-packages_PyQt6["PyQt6"]\n    node_venv_lib_python3_12_site-packages_PyQt6 --> node_venv_lib_python3_12_site-packages_PyQt6_Qt6["Qt6"]\n    node_venv_lib_python3_12_site-packages_PyQt6_Qt6 --> node_venv_lib_python3_12_site-packages_PyQt6_Qt6_qml["qml"]\n    node_venv_lib_python3_12_site-packages_PyQt6_Qt6_qml --> node_venv_lib_python3_12_site-packages_PyQt6_Qt6_qml_QtQuick["QtQuick"]\n    node_venv_lib_python3_12_site-packages_PyQt6_Qt6_qml_QtQuick --> node_venv_lib_python3_12_site-packages_PyQt6_Qt6_qml_QtQuick_Controls["Controls"]\n    node_venv_lib_python3_12_site-packages_PyQt6_Qt6_qml_QtQuick_Controls --> node_venv_lib_python3_12_site-packages_PyQt6_Qt6_qml_QtQuick_Controls_FluentWinUI3["FluentWinUI3"]\n    node_venv_lib_python3_12_site-packages_PyQt6_Qt6_qml_QtQuick_Controls_FluentWinUI3 --> node_venv_lib_python3_12_site-packages_PyQt6_Qt6_qml_QtQuick_Controls_FluentWinUI3_light["light"]\n    node_venv_lib_python3_12_site-packages_PyQt6_Qt6_qml_QtQuick_Controls_FluentWinUI3_light --> node_venv_lib_python3_12_site-packages_PyQt6_Qt6_qml_QtQuick_Controls_FluentWinUI3_light_images["images"]\n    node_venv_lib_python3_12_site-packages_PyQt6_Qt6_qml_QtQuick_Controls_FluentWinUI3_light_images --> node_venv_lib_python3_12_site-packages_PyQt6_Qt6_qml_QtQuick_Controls_FluentWinUI3_light_images_spinbox-indicator-up-background-down-pressed_png["spinbox-indicator-up-background-down-pressed.png"]\n    Root --> node_venv["venv"]\n    node_venv --> node_venv_lib["lib"]\n    node_venv_lib --> node_venv_lib_python3_12["python3.12"]\n    node_venv_lib_python3_12 --> node_venv_lib_python3_12_site-packages["site-packages"]\n    node_venv_lib_python3_12_site-packages --> node_venv_lib_python3_12_site-packages_PyQt6["PyQt6"]\n    node_venv_lib_python3_12_site-packages_PyQt6 --> node_venv_lib_python3_12_site-packages_PyQt6_Qt6["Qt6"]\n    node_venv_lib_python3_12_site-packages_PyQt6_Qt6 --> node_venv_lib_python3_12_site-packages_PyQt6_Qt6_qml["qml"]\n    node_venv_lib_python3_12_site-packages_PyQt6_Qt6_qml --> node_venv_lib_python3_12_site-packages_PyQt6_Qt6_qml_QtQuick["QtQuick"]\n    node_venv_lib_python3_12_site-packages_PyQt6_Qt6_qml_QtQuick --> node_venv_lib_python3_12_site-packages_PyQt6_Qt6_qml_QtQuick_Controls["Controls"]\n    node_venv_lib_python3_12_site-packages_PyQt6_Qt6_qml_QtQuick_Controls --> node_venv_lib_python3_12_site-packages_PyQt6_Qt6_qml_QtQuick_Controls_FluentWinUI3["FluentWinUI3"]\n    node_venv_lib_python3_12_site-packages_PyQt6_Qt6_qml_QtQuick_Controls_FluentWinUI3 --> node_venv_lib_python3_12_site-packages_PyQt6_Qt6_qml_QtQuick_Controls_FluentWinUI3_light["light"]\n    node_venv_lib_python3_12_site-packages_PyQt6_Qt6_qml_QtQuick_Controls_FluentWinUI3_light --> node_venv_lib_python3_12_site-packages_PyQt6_Qt6_qml_QtQuick_Controls_FluentWinUI3_light_images["images"]\n    node_venv_lib_python3_12_site-packages_PyQt6_Qt6_qml_QtQuick_Controls_FluentWinUI3_light_images --> node_venv_lib_python3_12_site-packages_PyQt6_Qt6_qml_QtQuick_Controls_FluentWinUI3_light_images_spinbox-indicator-up-background-down-pressed@2x_png["spinbox-indicator-up-background-down-pressed@2x.png"]\n    Root --> node_venv["venv"]\n    node_venv --> node_venv_lib["lib"]\n    node_venv_lib --> node_venv_lib_python3_12["python3.12"]\n    node_venv_lib_python3_12 --> node_venv_lib_python3_12_site-packages["site-packages"]\n    node_venv_lib_python3_12_site-packages --> node_venv_lib_python3_12_site-packages_PyQt6["PyQt6"]\n    node_venv_lib_python3_12_site-packages_PyQt6 --> node_venv_lib_python3_12_site-packages_PyQt6_Qt6["Qt6"]\n    node_venv_lib_python3_12_site-packages_PyQt6_Qt6 --> node_venv_lib_python3_12_site-packages_PyQt6_Qt6_qml["qml"]\n    node_venv_lib_python3_12_site-packages_PyQt6_Qt6_qml --> node_venv_lib_python3_12_site-packages_PyQt6_Qt6_qml_QtQuick["QtQuick"]\n    node_venv_lib_python3_12_site-packages_PyQt6_Qt6_qml_QtQuick --> node_venv_lib_python3_12_site-packages_PyQt6_Qt6_qml_QtQuick_Controls["Controls"]\n    node_venv_lib_python3_12_site-packages_PyQt6_Qt6_qml_QtQuick_Controls --> node_venv_lib_python3_12_site-packages_PyQt6_Qt6_qml_QtQuick_Controls_FluentWinUI3["FluentWinUI3"]\n    node_venv_lib_python3_12_site-packages_PyQt6_Qt6_qml_QtQuick_Controls_FluentWinUI3 --> node_venv_lib_python3_12_site-packages_PyQt6_Qt6_qml_QtQuick_Controls_FluentWinUI3_light["light"]\n    node_venv_lib_python3_12_site-packages_PyQt6_Qt6_qml_QtQuick_Controls_FluentWinUI3_light --> node_venv_lib_python3_12_site-packages_PyQt6_Qt6_qml_QtQuick_Controls_FluentWinUI3_light_images["images"]\n    node_venv_lib_python3_12_site-packages_PyQt6_Qt6_qml_QtQuick_Controls_FluentWinUI3_light_images --> node_venv_lib_python3_12_site-packages_PyQt6_Qt6_qml_QtQuick_Controls_FluentWinUI3_light_images_spinbox-indicator-up-background-down-pressed@3x_png["spinbox-indicator-up-background-down-pressed@3x.png"]\n    Root --> node_venv["venv"]\n    node_venv --> node_venv_lib["lib"]\n    node_venv_lib --> node_venv_lib_python3_12["python3.12"]\n    node_venv_lib_python3_12 --> node_venv_lib_python3_12_site-packages["site-packages"]\n    node_venv_lib_python3_12_site-packages --> node_venv_lib_python3_12_site-packages_PyQt6["PyQt6"]\n    node_venv_lib_python3_12_site-packages_PyQt6 --> node_venv_lib_python3_12_site-packages_PyQt6_Qt6["Qt6"]\n    node_venv_lib_python3_12_site-packages_PyQt6_Qt6 --> node_venv_lib_python3_12_site-packages_PyQt6_Qt6_qml["qml"]\n    node_venv_lib_python3_12_site-packages_PyQt6_Qt6_qml --> node_venv_lib_python3_12_site-packages_PyQt6_Qt6_qml_QtQuick["QtQuick"]\n    node_venv_lib_python3_12_site-packages_PyQt6_Qt6_qml_QtQuick --> node_venv_lib_python3_12_site-packages_PyQt6_Qt6_qml_QtQuick_Controls["Controls"]\n    node_venv_lib_python3_12_site-packages_PyQt6_Qt6_qml_QtQuick_Controls --> node_venv_lib_python3_12_site-packages_PyQt6_Qt6_qml_QtQuick_Controls_FluentWinUI3["FluentWinUI3"]\n    node_venv_lib_python3_12_site-packages_PyQt6_Qt6_qml_QtQuick_Controls_FluentWinUI3 --> node_venv_lib_python3_12_site-packages_PyQt6_Qt6_qml_QtQuick_Controls_FluentWinUI3_light["light"]\n    node_venv_lib_python3_12_site-packages_PyQt6_Qt6_qml_QtQuick_Controls_FluentWinUI3_light --> node_venv_lib_python3_12_site-packages_PyQt6_Qt6_qml_QtQuick_Controls_FluentWinUI3_light_images["images"]\n    node_venv_lib_python3_12_site-packages_PyQt6_Qt6_qml_QtQuick_Controls_FluentWinUI3_light_images --> node_venv_lib_python3_12_site-packages_PyQt6_Qt6_qml_QtQuick_Controls_FluentWinUI3_light_images_spinbox-indicator-up-background-hovered_png["spinbox-indicator-up-background-hovered.png"]\n    Root --> node_venv["venv"]\n    node_venv --> node_venv_lib["lib"]\n    node_venv_lib --> node_venv_lib_python3_12["python3.12"]\n    node_venv_lib_python3_12 --> node_venv_lib_python3_12_site-packages["site-packages"]\n    node_venv_lib_python3_12_site-packages --> node_venv_lib_python3_12_site-packages_PyQt6["PyQt6"]\n    node_venv_lib_python3_12_site-packages_PyQt6 --> node_venv_lib_python3_12_site-packages_PyQt6_Qt6["Qt6"]\n    node_venv_lib_python3_12_site-packages_PyQt6_Qt6 --> node_venv_lib_python3_12_site-packages_PyQt6_Qt6_qml["qml"]\n    node_venv_lib_python3_12_site-packages_PyQt6_Qt6_qml --> node_venv_lib_python3_12_site-packages_PyQt6_Qt6_qml_QtQuick["QtQuick"]\n    node_venv_lib_python3_12_site-packages_PyQt6_Qt6_qml_QtQuick --> node_venv_lib_python3_12_site-packages_PyQt6_Qt6_qml_QtQuick_Controls["Controls"]\n    node_venv_lib_python3_12_site-packages_PyQt6_Qt6_qml_QtQuick_Controls --> node_venv_lib_python3_12_site-packages_PyQt6_Qt6_qml_QtQuick_Controls_FluentWinUI3["FluentWinUI3"]\n    node_venv_lib_python3_12_site-packages_PyQt6_Qt6_qml_QtQuick_Controls_FluentWinUI3 --> node_venv_lib_python3_12_site-packages_PyQt6_Qt6_qml_QtQuick_Controls_FluentWinUI3_light["light"]\n    node_venv_lib_python3_12_site-packages_PyQt6_Qt6_qml_QtQuick_Controls_FluentWinUI3_light --> node_venv_lib_python3_12_site-packages_PyQt6_Qt6_qml_QtQuick_Controls_FluentWinUI3_light_images["images"]\n    node_venv_lib_python3_12_site-packages_PyQt6_Qt6_qml_QtQuick_Controls_FluentWinUI3_light_images --> node_venv_lib_python3_12_site-packages_PyQt6_Qt6_qml_QtQuick_Controls_FluentWinUI3_light_images_spinbox-indicator-up-background-hovered@2x_png["spinbox-indicator-up-background-hovered@2x.png"]\n    Root --> node_venv["venv"]\n    node_venv --> node_venv_lib["lib"]\n    node_venv_lib --> node_venv_lib_python3_12["python3.12"]\n    node_venv_lib_python3_12 --> node_venv_lib_python3_12_site-packages["site-packages"]\n    node_venv_lib_python3_12_site-packages --> node_venv_lib_python3_12_site-packages_PyQt6["PyQt6"]\n    node_venv_lib_python3_12_site-packages_PyQt6 --> node_venv_lib_python3_12_site-packages_PyQt6_Qt6["Qt6"]\n    node_venv_lib_python3_12_site-packages_PyQt6_Qt6 --> node_venv_lib_python3_12_site-packages_PyQt6_Qt6_qml["qml"]\n    node_venv_lib_python3_12_site-packages_PyQt6_Qt6_qml --> node_venv_lib_python3_12_site-packages_PyQt6_Qt6_qml_QtQuick["QtQuick"]\n    node_venv_lib_python3_12_site-packages_PyQt6_Qt6_qml_QtQuick --> node_venv_lib_python3_12_site-packages_PyQt6_Qt6_qml_QtQuick_Controls["Controls"]\n    node_venv_lib_python3_12_site-packages_PyQt6_Qt6_qml_QtQuick_Controls --> node_venv_lib_python3_12_site-packages_PyQt6_Qt6_qml_QtQuick_Controls_FluentWinUI3["FluentWinUI3"]\n    node_venv_lib_python3_12_site-packages_PyQt6_Qt6_qml_QtQuick_Controls_FluentWinUI3 --> node_venv_lib_python3_12_site-packages_PyQt6_Qt6_qml_QtQuick_Controls_FluentWinUI3_light["light"]\n    node_venv_lib_python3_12_site-packages_PyQt6_Qt6_qml_QtQuick_Controls_FluentWinUI3_light --> node_venv_lib_python3_12_site-packages_PyQt6_Qt6_qml_QtQuick_Controls_FluentWinUI3_light_images["images"]\n    node_venv_lib_python3_12_site-packages_PyQt6_Qt6_qml_QtQuick_Controls_FluentWinUI3_light_images --> node_venv_lib_python3_12_site-packages_PyQt6_Qt6_qml_QtQuick_Controls_FluentWinUI3_light_images_spinbox-indicator-up-background-hovered@3x_png["spinbox-indicator-up-background-hovered@3x.png"]\n    Root --> node_venv["venv"]\n    node_venv --> node_venv_lib["lib"]\n    node_venv_lib --> node_venv_lib_python3_12["python3.12"]\n    node_venv_lib_python3_12 --> node_venv_lib_python3_12_site-packages["site-packages"]\n    node_venv_lib_python3_12_site-packages --> node_venv_lib_python3_12_site-packages_PyQt6["PyQt6"]\n    node_venv_lib_python3_12_site-packages_PyQt6 --> node_venv_lib_python3_12_site-packages_PyQt6_Qt6["Qt6"]\n    node_venv_lib_python3_12_site-packages_PyQt6_Qt6 --> node_venv_lib_python3_12_site-packages_PyQt6_Qt6_qml["qml"]\n    node_venv_lib_python3_12_site-packages_PyQt6_Qt6_qml --> node_venv_lib_python3_12_site-packages_PyQt6_Qt6_qml_QtQuick["QtQuick"]\n    node_venv_lib_python3_12_site-packages_PyQt6_Qt6_qml_QtQuick --> node_venv_lib_python3_12_site-packages_PyQt6_Qt6_qml_QtQuick_Controls["Controls"]\n    node_venv_lib_python3_12_site-packages_PyQt6_Qt6_qml_QtQuick_Controls --> node_venv_lib_python3_12_site-packages_PyQt6_Qt6_qml_QtQuick_Controls_FluentWinUI3["FluentWinUI3"]\n    node_venv_lib_python3_12_site-packages_PyQt6_Qt6_qml_QtQuick_Controls_FluentWinUI3 --> node_venv_lib_python3_12_site-packages_PyQt6_Qt6_qml_QtQuick_Controls_FluentWinUI3_light["light"]\n    node_venv_lib_python3_12_site-packages_PyQt6_Qt6_qml_QtQuick_Controls_FluentWinUI3_light --> node_venv_lib_python3_12_site-packages_PyQt6_Qt6_qml_QtQuick_Controls_FluentWinUI3_light_images["images"]\n    node_venv_lib_python3_12_site-packages_PyQt6_Qt6_qml_QtQuick_Controls_FluentWinUI3_light_images --> node_venv_lib_python3_12_site-packages_PyQt6_Qt6_qml_QtQuick_Controls_FluentWinUI3_light_images_spinbox-indicator-up-background-up-hovered_png["spinbox-indicator-up-background-up-hovered.png"]\n    Root --> node_venv["venv"]\n    node_venv --> node_venv_lib["lib"]\n    node_venv_lib --> node_venv_lib_python3_12["python3.12"]\n    node_venv_lib_python3_12 --> node_venv_lib_python3_12_site-packages["site-packages"]\n    node_venv_lib_python3_12_site-packages --> node_venv_lib_python3_12_site-packages_PyQt6["PyQt6"]\n    node_venv_lib_python3_12_site-packages_PyQt6 --> node_venv_lib_python3_12_site-packages_PyQt6_Qt6["Qt6"]\n    node_venv_lib_python3_12_site-packages_PyQt6_Qt6 --> node_venv_lib_python3_12_site-packages_PyQt6_Qt6_qml["qml"]\n    node_venv_lib_python3_12_site-packages_PyQt6_Qt6_qml --> node_venv_lib_python3_12_site-packages_PyQt6_Qt6_qml_QtQuick["QtQuick"]\n    node_venv_lib_python3_12_site-packages_PyQt6_Qt6_qml_QtQuick --> node_venv_lib_python3_12_site-packages_PyQt6_Qt6_qml_QtQuick_Controls["Controls"]\n    node_venv_lib_python3_12_site-packages_PyQt6_Qt6_qml_QtQuick_Controls --> node_venv_lib_python3_12_site-packages_PyQt6_Qt6_qml_QtQuick_Controls_FluentWinUI3["FluentWinUI3"]\n    node_venv_lib_python3_12_site-packages_PyQt6_Qt6_qml_QtQuick_Controls_FluentWinUI3 --> node_venv_lib_python3_12_site-packages_PyQt6_Qt6_qml_QtQuick_Controls_FluentWinUI3_light["light"]\n    node_venv_lib_python3_12_site-packages_PyQt6_Qt6_qml_QtQuick_Controls_FluentWinUI3_light --> node_venv_lib_python3_12_site-packages_PyQt6_Qt6_qml_QtQuick_Controls_FluentWinUI3_light_images["images"]\n    node_venv_lib_python3_12_site-packages_PyQt6_Qt6_qml_QtQuick_Controls_FluentWinUI3_light_images --> node_venv_lib_python3_12_site-packages_PyQt6_Qt6_qml_QtQuick_Controls_FluentWinUI3_light_images_spinbox-indicator-up-background-up-hovered@2x_png["spinbox-indicator-up-background-up-hovered@2x.png"]\n    Root --> node_venv["venv"]\n    node_venv --> node_venv_lib["lib"]\n    node_venv_lib --> node_venv_lib_python3_12["python3.12"]\n    node_venv_lib_python3_12 --> node_venv_lib_python3_12_site-packages["site-packages"]\n    node_venv_lib_python3_12_site-packages --> node_venv_lib_python3_12_site-packages_PyQt6["PyQt6"]\n    node_venv_lib_python3_12_site-packages_PyQt6 --> node_venv_lib_python3_12_site-packages_PyQt6_Qt6["Qt6"]\n    node_venv_lib_python3_12_site-packages_PyQt6_Qt6 --> node_venv_lib_python3_12_site-packages_PyQt6_Qt6_qml["qml"]\n    node_venv_lib_python3_12_site-packages_PyQt6_Qt6_qml --> node_venv_lib_python3_12_site-packages_PyQt6_Qt6_qml_QtQuick["QtQuick"]\n    node_venv_lib_python3_12_site-packages_PyQt6_Qt6_qml_QtQuick --> node_venv_lib_python3_12_site-packages_PyQt6_Qt6_qml_QtQuick_Controls["Controls"]\n    node_venv_lib_python3_12_site-packages_PyQt6_Qt6_qml_QtQuick_Controls --> node_venv_lib_python3_12_site-packages_PyQt6_Qt6_qml_QtQuick_Controls_FluentWinUI3["FluentWinUI3"]\n    node_venv_lib_python3_12_site-packages_PyQt6_Qt6_qml_QtQuick_Controls_FluentWinUI3 --> node_venv_lib_python3_12_site-packages_PyQt6_Qt6_qml_QtQuick_Controls_FluentWinUI3_light["light"]\n    node_venv_lib_python3_12_site-packages_PyQt6_Qt6_qml_QtQuick_Controls_FluentWinUI3_light --> node_venv_lib_python3_12_site-packages_PyQt6_Qt6_qml_QtQuick_Controls_FluentWinUI3_light_images["images"]\n    node_venv_lib_python3_12_site-packages_PyQt6_Qt6_qml_QtQuick_Controls_FluentWinUI3_light_images --> node_venv_lib_python3_12_site-packages_PyQt6_Qt6_qml_QtQuick_Controls_FluentWinUI3_light_images_spinbox-indicator-up-background-up-hovered@3x_png["spinbox-indicator-up-background-up-hovered@3x.png"]\n    Root --> node_venv["venv"]\n    node_venv --> node_venv_lib["lib"]\n    node_venv_lib --> node_venv_lib_python3_12["python3.12"]\n    node_venv_lib_python3_12 --> node_venv_lib_python3_12_site-packages["site-packages"]\n    node_venv_lib_python3_12_site-packages --> node_venv_lib_python3_12_site-packages_PyQt6["PyQt6"]\n    node_venv_lib_python3_12_site-packages_PyQt6 --> node_venv_lib_python3_12_site-packages_PyQt6_Qt6["Qt6"]\n    node_venv_lib_python3_12_site-packages_PyQt6_Qt6 --> node_venv_lib_python3_12_site-packages_PyQt6_Qt6_qml["qml"]\n    node_venv_lib_python3_12_site-packages_PyQt6_Qt6_qml --> node_venv_lib_python3_12_site-packages_PyQt6_Qt6_qml_QtQuick["QtQuick"]\n    node_venv_lib_python3_12_site-packages_PyQt6_Qt6_qml_QtQuick --> node_venv_lib_python3_12_site-packages_PyQt6_Qt6_qml_QtQuick_Controls["Controls"]\n    node_venv_lib_python3_12_site-packages_PyQt6_Qt6_qml_QtQuick_Controls --> node_venv_lib_python3_12_site-packages_PyQt6_Qt6_qml_QtQuick_Controls_FluentWinUI3["FluentWinUI3"]\n    node_venv_lib_python3_12_site-packages_PyQt6_Qt6_qml_QtQuick_Controls_FluentWinUI3 --> node_venv_lib_python3_12_site-packages_PyQt6_Qt6_qml_QtQuick_Controls_FluentWinUI3_light["light"]\n    node_venv_lib_python3_12_site-packages_PyQt6_Qt6_qml_QtQuick_Controls_FluentWinUI3_light --> node_venv_lib_python3_12_site-packages_PyQt6_Qt6_qml_QtQuick_Controls_FluentWinUI3_light_images["images"]\n    node_venv_lib_python3_12_site-packages_PyQt6_Qt6_qml_QtQuick_Controls_FluentWinUI3_light_images --> node_venv_lib_python3_12_site-packages_PyQt6_Qt6_qml_QtQuick_Controls_FluentWinUI3_light_images_spinbox-indicator-up-background-up-pressed_png["spinbox-indicator-up-background-up-pressed.png"]\n    Root --> node_venv["venv"]\n    node_venv --> node_venv_lib["lib"]\n    node_venv_lib --> node_venv_lib_python3_12["python3.12"]\n    node_venv_lib_python3_12 --> node_venv_lib_python3_12_site-packages["site-packages"]\n    node_venv_lib_python3_12_site-packages --> node_venv_lib_python3_12_site-packages_PyQt6["PyQt6"]\n    node_venv_lib_python3_12_site-packages_PyQt6 --> node_venv_lib_python3_12_site-packages_PyQt6_Qt6["Qt6"]\n    node_venv_lib_python3_12_site-packages_PyQt6_Qt6 --> node_venv_lib_python3_12_site-packages_PyQt6_Qt6_qml["qml"]\n    node_venv_lib_python3_12_site-packages_PyQt6_Qt6_qml --> node_venv_lib_python3_12_site-packages_PyQt6_Qt6_qml_QtQuick["QtQuick"]\n    node_venv_lib_python3_12_site-packages_PyQt6_Qt6_qml_QtQuick --> node_venv_lib_python3_12_site-packages_PyQt6_Qt6_qml_QtQuick_Controls["Controls"]\n    node_venv_lib_python3_12_site-packages_PyQt6_Qt6_qml_QtQuick_Controls --> node_venv_lib_python3_12_site-packages_PyQt6_Qt6_qml_QtQuick_Controls_FluentWinUI3["FluentWinUI3"]\n    node_venv_lib_python3_12_site-packages_PyQt6_Qt6_qml_QtQuick_Controls_FluentWinUI3 --> node_venv_lib_python3_12_site-packages_PyQt6_Qt6_qml_QtQuick_Controls_FluentWinUI3_light["light"]\n    node_venv_lib_python3_12_site-packages_PyQt6_Qt6_qml_QtQuick_Controls_FluentWinUI3_light --> node_venv_lib_python3_12_site-packages_PyQt6_Qt6_qml_QtQuick_Controls_FluentWinUI3_light_images["images"]\n    node_venv_lib_python3_12_site-packages_PyQt6_Qt6_qml_QtQuick_Controls_FluentWinUI3_light_images --> node_venv_lib_python3_12_site-packages_PyQt6_Qt6_qml_QtQuick_Controls_FluentWinUI3_light_images_spinbox-indicator-up-background-up-pressed@2x_png["spinbox-indicator-up-background-up-pressed@2x.png"]\n    Root --> node_venv["venv"]\n    node_venv --> node_venv_lib["lib"]\n    node_venv_lib --> node_venv_lib_python3_12["python3.12"]\n    node_venv_lib_python3_12 --> node_venv_lib_python3_12_site-packages["site-packages"]\n    node_venv_lib_python3_12_site-packages --> node_venv_lib_python3_12_site-packages_PyQt6["PyQt6"]\n    node_venv_lib_python3_12_site-packages_PyQt6 --> node_venv_lib_python3_12_site-packages_PyQt6_Qt6["Qt6"]\n    node_venv_lib_python3_12_site-packages_PyQt6_Qt6 --> node_venv_lib_python3_12_site-packages_PyQt6_Qt6_qml["qml"]\n    node_venv_lib_python3_12_site-packages_PyQt6_Qt6_qml --> node_venv_lib_python3_12_site-packages_PyQt6_Qt6_qml_QtQuick["QtQuick"]\n    node_venv_lib_python3_12_site-packages_PyQt6_Qt6_qml_QtQuick --> node_venv_lib_python3_12_site-packages_PyQt6_Qt6_qml_QtQuick_Controls["Controls"]\n    node_venv_lib_python3_12_site-packages_PyQt6_Qt6_qml_QtQuick_Controls --> node_venv_lib_python3_12_site-packages_PyQt6_Qt6_qml_QtQuick_Controls_FluentWinUI3["FluentWinUI3"]\n    node_venv_lib_python3_12_site-packages_PyQt6_Qt6_qml_QtQuick_Controls_FluentWinUI3 --> node_venv_lib_python3_12_site-packages_PyQt6_Qt6_qml_QtQuick_Controls_FluentWinUI3_light["light"]\n    node_venv_lib_python3_12_site-packages_PyQt6_Qt6_qml_QtQuick_Controls_FluentWinUI3_light --> node_venv_lib_python3_12_site-packages_PyQt6_Qt6_qml_QtQuick_Controls_FluentWinUI3_light_images["images"]\n    node_venv_lib_python3_12_site-packages_PyQt6_Qt6_qml_QtQuick_Controls_FluentWinUI3_light_images --> node_venv_lib_python3_12_site-packages_PyQt6_Qt6_qml_QtQuick_Controls_FluentWinUI3_light_images_spinbox-indicator-up-background-up-pressed@3x_png["spinbox-indicator-up-background-up-pressed@3x.png"]\n    Root --> node_venv["venv"]\n    node_venv --> node_venv_lib["lib"]\n    node_venv_lib --> node_venv_lib_python3_12["python3.12"]\n    node_venv_lib_python3_12 --> node_venv_lib_python3_12_site-packages["site-packages"]\n    node_venv_lib_python3_12_site-packages --> node_venv_lib_python3_12_site-packages_PyQt6["PyQt6"]\n    node_venv_lib_python3_12_site-packages_PyQt6 --> node_venv_lib_python3_12_site-packages_PyQt6_Qt6["Qt6"]\n    node_venv_lib_python3_12_site-packages_PyQt6_Qt6 --> node_venv_lib_python3_12_site-packages_PyQt6_Qt6_qml["qml"]\n    node_venv_lib_python3_12_site-packages_PyQt6_Qt6_qml --> node_venv_lib_python3_12_site-packages_PyQt6_Qt6_qml_QtQuick["QtQuick"]\n    node_venv_lib_python3_12_site-packages_PyQt6_Qt6_qml_QtQuick --> node_venv_lib_python3_12_site-packages_PyQt6_Qt6_qml_QtQuick_Controls["Controls"]\n    node_venv_lib_python3_12_site-packages_PyQt6_Qt6_qml_QtQuick_Controls --> node_venv_lib_python3_12_site-packages_PyQt6_Qt6_qml_QtQuick_Controls_FluentWinUI3["FluentWinUI3"]\n    node_venv_lib_python3_12_site-packages_PyQt6_Qt6_qml_QtQuick_Controls_FluentWinUI3 --> node_venv_lib_python3_12_site-packages_PyQt6_Qt6_qml_QtQuick_Controls_FluentWinUI3_light["light"]\n    node_venv_lib_python3_12_site-packages_PyQt6_Qt6_qml_QtQuick_Controls_FluentWinUI3_light --> node_venv_lib_python3_12_site-packages_PyQt6_Qt6_qml_QtQuick_Controls_FluentWinUI3_light_images["images"]\n    node_venv_lib_python3_12_site-packages_PyQt6_Qt6_qml_QtQuick_Controls_FluentWinUI3_light_images --> node_venv_lib_python3_12_site-packages_PyQt6_Qt6_qml_QtQuick_Controls_FluentWinUI3_light_images_spinbox-indicator-up-background_png["spinbox-indicator-up-background.png"]\n    Root --> node_venv["venv"]\n    node_venv --> node_venv_lib["lib"]\n    node_venv_lib --> node_venv_lib_python3_12["python3.12"]\n    node_venv_lib_python3_12 --> node_venv_lib_python3_12_site-packages["site-packages"]\n    node_venv_lib_python3_12_site-packages --> node_venv_lib_python3_12_site-packages_PyQt6["PyQt6"]\n    node_venv_lib_python3_12_site-packages_PyQt6 --> node_venv_lib_python3_12_site-packages_PyQt6_Qt6["Qt6"]\n    node_venv_lib_python3_12_site-packages_PyQt6_Qt6 --> node_venv_lib_python3_12_site-packages_PyQt6_Qt6_qml["qml"]\n    node_venv_lib_python3_12_site-packages_PyQt6_Qt6_qml --> node_venv_lib_python3_12_site-packages_PyQt6_Qt6_qml_QtQuick["QtQuick"]\n    node_venv_lib_python3_12_site-packages_PyQt6_Qt6_qml_QtQuick --> node_venv_lib_python3_12_site-packages_PyQt6_Qt6_qml_QtQuick_Controls["Controls"]\n    node_venv_lib_python3_12_site-packages_PyQt6_Qt6_qml_QtQuick_Controls --> node_venv_lib_python3_12_site-packages_PyQt6_Qt6_qml_QtQuick_Controls_FluentWinUI3["FluentWinUI3"]\n    node_venv_lib_python3_12_site-packages_PyQt6_Qt6_qml_QtQuick_Controls_FluentWinUI3 --> node_venv_lib_python3_12_site-packages_PyQt6_Qt6_qml_QtQuick_Controls_FluentWinUI3_light["light"]\n    node_venv_lib_python3_12_site-packages_PyQt6_Qt6_qml_QtQuick_Controls_FluentWinUI3_light --> node_venv_lib_python3_12_site-packages_PyQt6_Qt6_qml_QtQuick_Controls_FluentWinUI3_light_images["images"]\n    node_venv_lib_python3_12_site-packages_PyQt6_Qt6_qml_QtQuick_Controls_FluentWinUI3_light_images --> node_venv_lib_python3_12_site-packages_PyQt6_Qt6_qml_QtQuick_Controls_FluentWinUI3_light_images_spinbox-indicator-up-background@2x_png["spinbox-indicator-up-background@2x.png"]\n    Root --> node_venv["venv"]\n    node_venv --> node_venv_lib["lib"]\n    node_venv_lib --> node_venv_lib_python3_12["python3.12"]\n    node_venv_lib_python3_12 --> node_venv_lib_python3_12_site-packages["site-packages"]\n    node_venv_lib_python3_12_site-packages --> node_venv_lib_python3_12_site-packages_PyQt6["PyQt6"]\n    node_venv_lib_python3_12_site-packages_PyQt6 --> node_venv_lib_python3_12_site-packages_PyQt6_Qt6["Qt6"]\n    node_venv_lib_python3_12_site-packages_PyQt6_Qt6 --> node_venv_lib_python3_12_site-packages_PyQt6_Qt6_qml["qml"]\n    node_venv_lib_python3_12_site-packages_PyQt6_Qt6_qml --> node_venv_lib_python3_12_site-packages_PyQt6_Qt6_qml_QtQuick["QtQuick"]\n    node_venv_lib_python3_12_site-packages_PyQt6_Qt6_qml_QtQuick --> node_venv_lib_python3_12_site-packages_PyQt6_Qt6_qml_QtQuick_Controls["Controls"]\n    node_venv_lib_python3_12_site-packages_PyQt6_Qt6_qml_QtQuick_Controls --> node_venv_lib_python3_12_site-packages_PyQt6_Qt6_qml_QtQuick_Controls_FluentWinUI3["FluentWinUI3"]\n    node_venv_lib_python3_12_site-packages_PyQt6_Qt6_qml_QtQuick_Controls_FluentWinUI3 --> node_venv_lib_python3_12_site-packages_PyQt6_Qt6_qml_QtQuick_Controls_FluentWinUI3_light["light"]\n    node_venv_lib_python3_12_site-packages_PyQt6_Qt6_qml_QtQuick_Controls_FluentWinUI3_light --> node_venv_lib_python3_12_site-packages_PyQt6_Qt6_qml_QtQuick_Controls_FluentWinUI3_light_images["images"]\n    node_venv_lib_python3_12_site-packages_PyQt6_Qt6_qml_QtQuick_Controls_FluentWinUI3_light_images --> node_venv_lib_python3_12_site-packages_PyQt6_Qt6_qml_QtQuick_Controls_FluentWinUI3_light_images_spinbox-indicator-up-background@3x_png["spinbox-indicator-up-background@3x.png"]\n    Root --> node_venv["venv"]\n    node_venv --> node_venv_lib["lib"]\n    node_venv_lib --> node_venv_lib_python3_12["python3.12"]\n    node_venv_lib_python3_12 --> node_venv_lib_python3_12_site-packages["site-packages"]\n    node_venv_lib_python3_12_site-packages --> node_venv_lib_python3_12_site-packages_PyQt6["PyQt6"]\n    node_venv_lib_python3_12_site-packages_PyQt6 --> node_venv_lib_python3_12_site-packages_PyQt6_Qt6["Qt6"]\n    node_venv_lib_python3_12_site-packages_PyQt6_Qt6 --> node_venv_lib_python3_12_site-packages_PyQt6_Qt6_qml["qml"]\n    node_venv_lib_python3_12_site-packages_PyQt6_Qt6_qml --> node_venv_lib_python3_12_site-packages_PyQt6_Qt6_qml_QtQuick["QtQuick"]\n    node_venv_lib_python3_12_site-packages_PyQt6_Qt6_qml_QtQuick --> node_venv_lib_python3_12_site-packages_PyQt6_Qt6_qml_QtQuick_Controls["Controls"]\n    node_venv_lib_python3_12_site-packages_PyQt6_Qt6_qml_QtQuick_Controls --> node_venv_lib_python3_12_site-packages_PyQt6_Qt6_qml_QtQuick_Controls_FluentWinUI3["FluentWinUI3"]\n    node_venv_lib_python3_12_site-packages_PyQt6_Qt6_qml_QtQuick_Controls_FluentWinUI3 --> node_venv_lib_python3_12_site-packages_PyQt6_Qt6_qml_QtQuick_Controls_FluentWinUI3_light["light"]\n    node_venv_lib_python3_12_site-packages_PyQt6_Qt6_qml_QtQuick_Controls_FluentWinUI3_light --> node_venv_lib_python3_12_site-packages_PyQt6_Qt6_qml_QtQuick_Controls_FluentWinUI3_light_images["images"]\n    node_venv_lib_python3_12_site-packages_PyQt6_Qt6_qml_QtQuick_Controls_FluentWinUI3_light_images --> node_venv_lib_python3_12_site-packages_PyQt6_Qt6_qml_QtQuick_Controls_FluentWinUI3_light_images_spinbox-indicator-up-icon-atlimit_png["spinbox-indicator-up-icon-atlimit.png"]\n    Root --> node_venv["venv"]\n    node_venv --> node_venv_lib["lib"]\n    node_venv_lib --> node_venv_lib_python3_12["python3.12"]\n    node_venv_lib_python3_12 --> node_venv_lib_python3_12_site-packages["site-packages"]\n    node_venv_lib_python3_12_site-packages --> node_venv_lib_python3_12_site-packages_PyQt6["PyQt6"]\n    node_venv_lib_python3_12_site-packages_PyQt6 --> node_venv_lib_python3_12_site-packages_PyQt6_Qt6["Qt6"]\n    node_venv_lib_python3_12_site-packages_PyQt6_Qt6 --> node_venv_lib_python3_12_site-packages_PyQt6_Qt6_qml["qml"]\n    node_venv_lib_python3_12_site-packages_PyQt6_Qt6_qml --> node_venv_lib_python3_12_site-packages_PyQt6_Qt6_qml_QtQuick["QtQuick"]\n    node_venv_lib_python3_12_site-packages_PyQt6_Qt6_qml_QtQuick --> node_venv_lib_python3_12_site-packages_PyQt6_Qt6_qml_QtQuick_Controls["Controls"]\n    node_venv_lib_python3_12_site-packages_PyQt6_Qt6_qml_QtQuick_Controls --> node_venv_lib_python3_12_site-packages_PyQt6_Qt6_qml_QtQuick_Controls_FluentWinUI3["FluentWinUI3"]\n    node_venv_lib_python3_12_site-packages_PyQt6_Qt6_qml_QtQuick_Controls_FluentWinUI3 --> node_venv_lib_python3_12_site-packages_PyQt6_Qt6_qml_QtQuick_Controls_FluentWinUI3_light["light"]\n    node_venv_lib_python3_12_site-packages_PyQt6_Qt6_qml_QtQuick_Controls_FluentWinUI3_light --> node_venv_lib_python3_12_site-packages_PyQt6_Qt6_qml_QtQuick_Controls_FluentWinUI3_light_images["images"]\n    node_venv_lib_python3_12_site-packages_PyQt6_Qt6_qml_QtQuick_Controls_FluentWinUI3_light_images --> node_venv_lib_python3_12_site-packages_PyQt6_Qt6_qml_QtQuick_Controls_FluentWinUI3_light_images_spinbox-indicator-up-icon-atlimit@2x_png["spinbox-indicator-up-icon-atlimit@2x.png"]\n    Root --> node_venv["venv"]\n    node_venv --> node_venv_lib["lib"]\n    node_venv_lib --> node_venv_lib_python3_12["python3.12"]\n    node_venv_lib_python3_12 --> node_venv_lib_python3_12_site-packages["site-packages"]\n    node_venv_lib_python3_12_site-packages --> node_venv_lib_python3_12_site-packages_PyQt6["PyQt6"]\n    node_venv_lib_python3_12_site-packages_PyQt6 --> node_venv_lib_python3_12_site-packages_PyQt6_Qt6["Qt6"]\n    node_venv_lib_python3_12_site-packages_PyQt6_Qt6 --> node_venv_lib_python3_12_site-packages_PyQt6_Qt6_qml["qml"]\n    node_venv_lib_python3_12_site-packages_PyQt6_Qt6_qml --> node_venv_lib_python3_12_site-packages_PyQt6_Qt6_qml_QtQuick["QtQuick"]\n    node_venv_lib_python3_12_site-packages_PyQt6_Qt6_qml_QtQuick --> node_venv_lib_python3_12_site-packages_PyQt6_Qt6_qml_QtQuick_Controls["Controls"]\n    node_venv_lib_python3_12_site-packages_PyQt6_Qt6_qml_QtQuick_Controls --> node_venv_lib_python3_12_site-packages_PyQt6_Qt6_qml_QtQuick_Controls_FluentWinUI3["FluentWinUI3"]\n    node_venv_lib_python3_12_site-packages_PyQt6_Qt6_qml_QtQuick_Controls_FluentWinUI3 --> node_venv_lib_python3_12_site-packages_PyQt6_Qt6_qml_QtQuick_Controls_FluentWinUI3_light["light"]\n    node_venv_lib_python3_12_site-packages_PyQt6_Qt6_qml_QtQuick_Controls_FluentWinUI3_light --> node_venv_lib_python3_12_site-packages_PyQt6_Qt6_qml_QtQuick_Controls_FluentWinUI3_light_images["images"]\n    node_venv_lib_python3_12_site-packages_PyQt6_Qt6_qml_QtQuick_Controls_FluentWinUI3_light_images --> node_venv_lib_python3_12_site-packages_PyQt6_Qt6_qml_QtQuick_Controls_FluentWinUI3_light_images_spinbox-indicator-up-icon-atlimit@3x_png["spinbox-indicator-up-icon-atlimit@3x.png"]\n    Root --> node_venv["venv"]\n    node_venv --> node_venv_lib["lib"]\n    node_venv_lib --> node_venv_lib_python3_12["python3.12"]\n    node_venv_lib_python3_12 --> node_venv_lib_python3_12_site-packages["site-packages"]\n    node_venv_lib_python3_12_site-packages --> node_venv_lib_python3_12_site-packages_PyQt6["PyQt6"]\n    node_venv_lib_python3_12_site-packages_PyQt6 --> node_venv_lib_python3_12_site-packages_PyQt6_Qt6["Qt6"]\n    node_venv_lib_python3_12_site-packages_PyQt6_Qt6 --> node_venv_lib_python3_12_site-packages_PyQt6_Qt6_qml["qml"]\n    node_venv_lib_python3_12_site-packages_PyQt6_Qt6_qml --> node_venv_lib_python3_12_site-packages_PyQt6_Qt6_qml_QtQuick["QtQuick"]\n    node_venv_lib_python3_12_site-packages_PyQt6_Qt6_qml_QtQuick --> node_venv_lib_python3_12_site-packages_PyQt6_Qt6_qml_QtQuick_Controls["Controls"]\n    node_venv_lib_python3_12_site-packages_PyQt6_Qt6_qml_QtQuick_Controls --> node_venv_lib_python3_12_site-packages_PyQt6_Qt6_qml_QtQuick_Controls_FluentWinUI3["FluentWinUI3"]\n    node_venv_lib_python3_12_site-packages_PyQt6_Qt6_qml_QtQuick_Controls_FluentWinUI3 --> node_venv_lib_python3_12_site-packages_PyQt6_Qt6_qml_QtQuick_Controls_FluentWinUI3_light["light"]\n    node_venv_lib_python3_12_site-packages_PyQt6_Qt6_qml_QtQuick_Controls_FluentWinUI3_light --> node_venv_lib_python3_12_site-packages_PyQt6_Qt6_qml_QtQuick_Controls_FluentWinUI3_light_images["images"]\n    node_venv_lib_python3_12_site-packages_PyQt6_Qt6_qml_QtQuick_Controls_FluentWinUI3_light_images --> node_venv_lib_python3_12_site-packages_PyQt6_Qt6_qml_QtQuick_Controls_FluentWinUI3_light_images_spinbox-indicator-up-icon-disabled_png["spinbox-indicator-up-icon-disabled.png"]\n    Root --> node_venv["venv"]\n    node_venv --> node_venv_lib["lib"]\n    node_venv_lib --> node_venv_lib_python3_12["python3.12"]\n    node_venv_lib_python3_12 --> node_venv_lib_python3_12_site-packages["site-packages"]\n    node_venv_lib_python3_12_site-packages --> node_venv_lib_python3_12_site-packages_PyQt6["PyQt6"]\n    node_venv_lib_python3_12_site-packages_PyQt6 --> node_venv_lib_python3_12_site-packages_PyQt6_Qt6["Qt6"]\n    node_venv_lib_python3_12_site-packages_PyQt6_Qt6 --> node_venv_lib_python3_12_site-packages_PyQt6_Qt6_qml["qml"]\n    node_venv_lib_python3_12_site-packages_PyQt6_Qt6_qml --> node_venv_lib_python3_12_site-packages_PyQt6_Qt6_qml_QtQuick["QtQuick"]\n    node_venv_lib_python3_12_site-packages_PyQt6_Qt6_qml_QtQuick --> node_venv_lib_python3_12_site-packages_PyQt6_Qt6_qml_QtQuick_Controls["Controls"]\n    node_venv_lib_python3_12_site-packages_PyQt6_Qt6_qml_QtQuick_Controls --> node_venv_lib_python3_12_site-packages_PyQt6_Qt6_qml_QtQuick_Controls_FluentWinUI3["FluentWinUI3"]\n    node_venv_lib_python3_12_site-packages_PyQt6_Qt6_qml_QtQuick_Controls_FluentWinUI3 --> node_venv_lib_python3_12_site-packages_PyQt6_Qt6_qml_QtQuick_Controls_FluentWinUI3_light["light"]\n    node_venv_lib_python3_12_site-packages_PyQt6_Qt6_qml_QtQuick_Controls_FluentWinUI3_light --> node_venv_lib_python3_12_site-packages_PyQt6_Qt6_qml_QtQuick_Controls_FluentWinUI3_light_images["images"]\n    node_venv_lib_python3_12_site-packages_PyQt6_Qt6_qml_QtQuick_Controls_FluentWinUI3_light_images --> node_venv_lib_python3_12_site-packages_PyQt6_Qt6_qml_QtQuick_Controls_FluentWinUI3_light_images_spinbox-indicator-up-icon-disabled@2x_png["spinbox-indicator-up-icon-disabled@2x.png"]\n    Root --> node_venv["venv"]\n    node_venv --> node_venv_lib["lib"]\n    node_venv_lib --> node_venv_lib_python3_12["python3.12"]\n    node_venv_lib_python3_12 --> node_venv_lib_python3_12_site-packages["site-packages"]\n    node_venv_lib_python3_12_site-packages --> node_venv_lib_python3_12_site-packages_PyQt6["PyQt6"]\n    node_venv_lib_python3_12_site-packages_PyQt6 --> node_venv_lib_python3_12_site-packages_PyQt6_Qt6["Qt6"]\n    node_venv_lib_python3_12_site-packages_PyQt6_Qt6 --> node_venv_lib_python3_12_site-packages_PyQt6_Qt6_qml["qml"]\n    node_venv_lib_python3_12_site-packages_PyQt6_Qt6_qml --> node_venv_lib_python3_12_site-packages_PyQt6_Qt6_qml_QtQuick["QtQuick"]\n    node_venv_lib_python3_12_site-packages_PyQt6_Qt6_qml_QtQuick --> node_venv_lib_python3_12_site-packages_PyQt6_Qt6_qml_QtQuick_Controls["Controls"]\n    node_venv_lib_python3_12_site-packages_PyQt6_Qt6_qml_QtQuick_Controls --> node_venv_lib_python3_12_site-packages_PyQt6_Qt6_qml_QtQuick_Controls_FluentWinUI3["FluentWinUI3"]\n    node_venv_lib_python3_12_site-packages_PyQt6_Qt6_qml_QtQuick_Controls_FluentWinUI3 --> node_venv_lib_python3_12_site-packages_PyQt6_Qt6_qml_QtQuick_Controls_FluentWinUI3_light["light"]\n    node_venv_lib_python3_12_site-packages_PyQt6_Qt6_qml_QtQuick_Controls_FluentWinUI3_light --> node_venv_lib_python3_12_site-packages_PyQt6_Qt6_qml_QtQuick_Controls_FluentWinUI3_light_images["images"]\n    node_venv_lib_python3_12_site-packages_PyQt6_Qt6_qml_QtQuick_Controls_FluentWinUI3_light_images --> node_venv_lib_python3_12_site-packages_PyQt6_Qt6_qml_QtQuick_Controls_FluentWinUI3_light_images_spinbox-indicator-up-icon-disabled@3x_png["spinbox-indicator-up-icon-disabled@3x.png"]\n    Root --> node_venv["venv"]\n    node_venv --> node_venv_lib["lib"]\n    node_venv_lib --> node_venv_lib_python3_12["python3.12"]\n    node_venv_lib_python3_12 --> node_venv_lib_python3_12_site-packages["site-packages"]\n    node_venv_lib_python3_12_site-packages --> node_venv_lib_python3_12_site-packages_PyQt6["PyQt6"]\n    node_venv_lib_python3_12_site-packages_PyQt6 --> node_venv_lib_python3_12_site-packages_PyQt6_Qt6["Qt6"]\n    node_venv_lib_python3_12_site-packages_PyQt6_Qt6 --> node_venv_lib_python3_12_site-packages_PyQt6_Qt6_qml["qml"]\n    node_venv_lib_python3_12_site-packages_PyQt6_Qt6_qml --> node_venv_lib_python3_12_site-packages_PyQt6_Qt6_qml_QtQuick["QtQuick"]\n    node_venv_lib_python3_12_site-packages_PyQt6_Qt6_qml_QtQuick --> node_venv_lib_python3_12_site-packages_PyQt6_Qt6_qml_QtQuick_Controls["Controls"]\n    node_venv_lib_python3_12_site-packages_PyQt6_Qt6_qml_QtQuick_Controls --> node_venv_lib_python3_12_site-packages_PyQt6_Qt6_qml_QtQuick_Controls_FluentWinUI3["FluentWinUI3"]\n    node_venv_lib_python3_12_site-packages_PyQt6_Qt6_qml_QtQuick_Controls_FluentWinUI3 --> node_venv_lib_python3_12_site-packages_PyQt6_Qt6_qml_QtQuick_Controls_FluentWinUI3_light["light"]\n    node_venv_lib_python3_12_site-packages_PyQt6_Qt6_qml_QtQuick_Controls_FluentWinUI3_light --> node_venv_lib_python3_12_site-packages_PyQt6_Qt6_qml_QtQuick_Controls_FluentWinUI3_light_images["images"]\n    node_venv_lib_python3_12_site-packages_PyQt6_Qt6_qml_QtQuick_Controls_FluentWinUI3_light_images --> node_venv_lib_python3_12_site-packages_PyQt6_Qt6_qml_QtQuick_Controls_FluentWinUI3_light_images_spinbox-indicator-up-icon-down-hovered_png["spinbox-indicator-up-icon-down-hovered.png"]\n    Root --> node_venv["venv"]\n    node_venv --> node_venv_lib["lib"]\n    node_venv_lib --> node_venv_lib_python3_12["python3.12"]\n    node_venv_lib_python3_12 --> node_venv_lib_python3_12_site-packages["site-packages"]\n    node_venv_lib_python3_12_site-packages --> node_venv_lib_python3_12_site-packages_PyQt6["PyQt6"]\n    node_venv_lib_python3_12_site-packages_PyQt6 --> node_venv_lib_python3_12_site-packages_PyQt6_Qt6["Qt6"]\n    node_venv_lib_python3_12_site-packages_PyQt6_Qt6 --> node_venv_lib_python3_12_site-packages_PyQt6_Qt6_qml["qml"]\n    node_venv_lib_python3_12_site-packages_PyQt6_Qt6_qml --> node_venv_lib_python3_12_site-packages_PyQt6_Qt6_qml_QtQuick["QtQuick"]\n    node_venv_lib_python3_12_site-packages_PyQt6_Qt6_qml_QtQuick --> node_venv_lib_python3_12_site-packages_PyQt6_Qt6_qml_QtQuick_Controls["Controls"]\n    node_venv_lib_python3_12_site-packages_PyQt6_Qt6_qml_QtQuick_Controls --> node_venv_lib_python3_12_site-packages_PyQt6_Qt6_qml_QtQuick_Controls_FluentWinUI3["FluentWinUI3"]\n    node_venv_lib_python3_12_site-packages_PyQt6_Qt6_qml_QtQuick_Controls_FluentWinUI3 --> node_venv_lib_python3_12_site-packages_PyQt6_Qt6_qml_QtQuick_Controls_FluentWinUI3_light["light"]\n    node_venv_lib_python3_12_site-packages_PyQt6_Qt6_qml_QtQuick_Controls_FluentWinUI3_light --> node_venv_lib_python3_12_site-packages_PyQt6_Qt6_qml_QtQuick_Controls_FluentWinUI3_light_images["images"]\n    node_venv_lib_python3_12_site-packages_PyQt6_Qt6_qml_QtQuick_Controls_FluentWinUI3_light_images --> node_venv_lib_python3_12_site-packages_PyQt6_Qt6_qml_QtQuick_Controls_FluentWinUI3_light_images_spinbox-indicator-up-icon-down-hovered@2x_png["spinbox-indicator-up-icon-down-hovered@2x.png"]\n    Root --> node_venv["venv"]\n    node_venv --> node_venv_lib["lib"]\n    node_venv_lib --> node_venv_lib_python3_12["python3.12"]\n    node_venv_lib_python3_12 --> node_venv_lib_python3_12_site-packages["site-packages"]\n    node_venv_lib_python3_12_site-packages --> node_venv_lib_python3_12_site-packages_PyQt6["PyQt6"]\n    node_venv_lib_python3_12_site-packages_PyQt6 --> node_venv_lib_python3_12_site-packages_PyQt6_Qt6["Qt6"]\n    node_venv_lib_python3_12_site-packages_PyQt6_Qt6 --> node_venv_lib_python3_12_site-packages_PyQt6_Qt6_qml["qml"]\n    node_venv_lib_python3_12_site-packages_PyQt6_Qt6_qml --> node_venv_lib_python3_12_site-packages_PyQt6_Qt6_qml_QtQuick["QtQuick"]\n    node_venv_lib_python3_12_site-packages_PyQt6_Qt6_qml_QtQuick --> node_venv_lib_python3_12_site-packages_PyQt6_Qt6_qml_QtQuick_Controls["Controls"]\n    node_venv_lib_python3_12_site-packages_PyQt6_Qt6_qml_QtQuick_Controls --> node_venv_lib_python3_12_site-packages_PyQt6_Qt6_qml_QtQuick_Controls_FluentWinUI3["FluentWinUI3"]\n    node_venv_lib_python3_12_site-packages_PyQt6_Qt6_qml_QtQuick_Controls_FluentWinUI3 --> node_venv_lib_python3_12_site-packages_PyQt6_Qt6_qml_QtQuick_Controls_FluentWinUI3_light["light"]\n    node_venv_lib_python3_12_site-packages_PyQt6_Qt6_qml_QtQuick_Controls_FluentWinUI3_light --> node_venv_lib_python3_12_site-packages_PyQt6_Qt6_qml_QtQuick_Controls_FluentWinUI3_light_images["images"]\n    node_venv_lib_python3_12_site-packages_PyQt6_Qt6_qml_QtQuick_Controls_FluentWinUI3_light_images --> node_venv_lib_python3_12_site-packages_PyQt6_Qt6_qml_QtQuick_Controls_FluentWinUI3_light_images_spinbox-indicator-up-icon-down-hovered@3x_png["spinbox-indicator-up-icon-down-hovered@3x.png"]\n    Root --> node_venv["venv"]\n    node_venv --> node_venv_lib["lib"]\n    node_venv_lib --> node_venv_lib_python3_12["python3.12"]\n    node_venv_lib_python3_12 --> node_venv_lib_python3_12_site-packages["site-packages"]\n    node_venv_lib_python3_12_site-packages --> node_venv_lib_python3_12_site-packages_PyQt6["PyQt6"]\n    node_venv_lib_python3_12_site-packages_PyQt6 --> node_venv_lib_python3_12_site-packages_PyQt6_Qt6["Qt6"]\n    node_venv_lib_python3_12_site-packages_PyQt6_Qt6 --> node_venv_lib_python3_12_site-packages_PyQt6_Qt6_qml["qml"]\n    node_venv_lib_python3_12_site-packages_PyQt6_Qt6_qml --> node_venv_lib_python3_12_site-packages_PyQt6_Qt6_qml_QtQuick["QtQuick"]\n    node_venv_lib_python3_12_site-packages_PyQt6_Qt6_qml_QtQuick --> node_venv_lib_python3_12_site-packages_PyQt6_Qt6_qml_QtQuick_Controls["Controls"]\n    node_venv_lib_python3_12_site-packages_PyQt6_Qt6_qml_QtQuick_Controls --> node_venv_lib_python3_12_site-packages_PyQt6_Qt6_qml_QtQuick_Controls_FluentWinUI3["FluentWinUI3"]\n    node_venv_lib_python3_12_site-packages_PyQt6_Qt6_qml_QtQuick_Controls_FluentWinUI3 --> node_venv_lib_python3_12_site-packages_PyQt6_Qt6_qml_QtQuick_Controls_FluentWinUI3_light["light"]\n    node_venv_lib_python3_12_site-packages_PyQt6_Qt6_qml_QtQuick_Controls_FluentWinUI3_light --> node_venv_lib_python3_12_site-packages_PyQt6_Qt6_qml_QtQuick_Controls_FluentWinUI3_light_images["images"]\n    node_venv_lib_python3_12_site-packages_PyQt6_Qt6_qml_QtQuick_Controls_FluentWinUI3_light_images --> node_venv_lib_python3_12_site-packages_PyQt6_Qt6_qml_QtQuick_Controls_FluentWinUI3_light_images_spinbox-indicator-up-icon-down-pressed_png["spinbox-indicator-up-icon-down-pressed.png"]\n    Root --> node_venv["venv"]\n    node_venv --> node_venv_lib["lib"]\n    node_venv_lib --> node_venv_lib_python3_12["python3.12"]\n    node_venv_lib_python3_12 --> node_venv_lib_python3_12_site-packages["site-packages"]\n    node_venv_lib_python3_12_site-packages --> node_venv_lib_python3_12_site-packages_PyQt6["PyQt6"]\n    node_venv_lib_python3_12_site-packages_PyQt6 --> node_venv_lib_python3_12_site-packages_PyQt6_Qt6["Qt6"]\n    node_venv_lib_python3_12_site-packages_PyQt6_Qt6 --> node_venv_lib_python3_12_site-packages_PyQt6_Qt6_qml["qml"]\n    node_venv_lib_python3_12_site-packages_PyQt6_Qt6_qml --> node_venv_lib_python3_12_site-packages_PyQt6_Qt6_qml_QtQuick["QtQuick"]\n    node_venv_lib_python3_12_site-packages_PyQt6_Qt6_qml_QtQuick --> node_venv_lib_python3_12_site-packages_PyQt6_Qt6_qml_QtQuick_Controls["Controls"]\n    node_venv_lib_python3_12_site-packages_PyQt6_Qt6_qml_QtQuick_Controls --> node_venv_lib_python3_12_site-packages_PyQt6_Qt6_qml_QtQuick_Controls_FluentWinUI3["FluentWinUI3"]\n    node_venv_lib_python3_12_site-packages_PyQt6_Qt6_qml_QtQuick_Controls_FluentWinUI3 --> node_venv_lib_python3_12_site-packages_PyQt6_Qt6_qml_QtQuick_Controls_FluentWinUI3_light["light"]\n    node_venv_lib_python3_12_site-packages_PyQt6_Qt6_qml_QtQuick_Controls_FluentWinUI3_light --> node_venv_lib_python3_12_site-packages_PyQt6_Qt6_qml_QtQuick_Controls_FluentWinUI3_light_images["images"]\n    node_venv_lib_python3_12_site-packages_PyQt6_Qt6_qml_QtQuick_Controls_FluentWinUI3_light_images --> node_venv_lib_python3_12_site-packages_PyQt6_Qt6_qml_QtQuick_Controls_FluentWinUI3_light_images_spinbox-indicator-up-icon-down-pressed@2x_png["spinbox-indicator-up-icon-down-pressed@2x.png"]\n    Root --> node_venv["venv"]\n    node_venv --> node_venv_lib["lib"]\n    node_venv_lib --> node_venv_lib_python3_12["python3.12"]\n    node_venv_lib_python3_12 --> node_venv_lib_python3_12_site-packages["site-packages"]\n    node_venv_lib_python3_12_site-packages --> node_venv_lib_python3_12_site-packages_PyQt6["PyQt6"]\n    node_venv_lib_python3_12_site-packages_PyQt6 --> node_venv_lib_python3_12_site-packages_PyQt6_Qt6["Qt6"]\n    node_venv_lib_python3_12_site-packages_PyQt6_Qt6 --> node_venv_lib_python3_12_site-packages_PyQt6_Qt6_qml["qml"]\n    node_venv_lib_python3_12_site-packages_PyQt6_Qt6_qml --> node_venv_lib_python3_12_site-packages_PyQt6_Qt6_qml_QtQuick["QtQuick"]\n    node_venv_lib_python3_12_site-packages_PyQt6_Qt6_qml_QtQuick --> node_venv_lib_python3_12_site-packages_PyQt6_Qt6_qml_QtQuick_Controls["Controls"]\n    node_venv_lib_python3_12_site-packages_PyQt6_Qt6_qml_QtQuick_Controls --> node_venv_lib_python3_12_site-packages_PyQt6_Qt6_qml_QtQuick_Controls_FluentWinUI3["FluentWinUI3"]\n    node_venv_lib_python3_12_site-packages_PyQt6_Qt6_qml_QtQuick_Controls_FluentWinUI3 --> node_venv_lib_python3_12_site-packages_PyQt6_Qt6_qml_QtQuick_Controls_FluentWinUI3_light["light"]\n    node_venv_lib_python3_12_site-packages_PyQt6_Qt6_qml_QtQuick_Controls_FluentWinUI3_light --> node_venv_lib_python3_12_site-packages_PyQt6_Qt6_qml_QtQuick_Controls_FluentWinUI3_light_images["images"]\n    node_venv_lib_python3_12_site-packages_PyQt6_Qt6_qml_QtQuick_Controls_FluentWinUI3_light_images --> node_venv_lib_python3_12_site-packages_PyQt6_Qt6_qml_QtQuick_Controls_FluentWinUI3_light_images_spinbox-indicator-up-icon-down-pressed@3x_png["spinbox-indicator-up-icon-down-pressed@3x.png"]\n    Root --> node_venv["venv"]\n    node_venv --> node_venv_lib["lib"]\n    node_venv_lib --> node_venv_lib_python3_12["python3.12"]\n    node_venv_lib_python3_12 --> node_venv_lib_python3_12_site-packages["site-packages"]\n    node_venv_lib_python3_12_site-packages --> node_venv_lib_python3_12_site-packages_PyQt6["PyQt6"]\n    node_venv_lib_python3_12_site-packages_PyQt6 --> node_venv_lib_python3_12_site-packages_PyQt6_Qt6["Qt6"]\n    node_venv_lib_python3_12_site-packages_PyQt6_Qt6 --> node_venv_lib_python3_12_site-packages_PyQt6_Qt6_qml["qml"]\n    node_venv_lib_python3_12_site-packages_PyQt6_Qt6_qml --> node_venv_lib_python3_12_site-packages_PyQt6_Qt6_qml_QtQuick["QtQuick"]\n    node_venv_lib_python3_12_site-packages_PyQt6_Qt6_qml_QtQuick --> node_venv_lib_python3_12_site-packages_PyQt6_Qt6_qml_QtQuick_Controls["Controls"]\n    node_venv_lib_python3_12_site-packages_PyQt6_Qt6_qml_QtQuick_Controls --> node_venv_lib_python3_12_site-packages_PyQt6_Qt6_qml_QtQuick_Controls_FluentWinUI3["FluentWinUI3"]\n    node_venv_lib_python3_12_site-packages_PyQt6_Qt6_qml_QtQuick_Controls_FluentWinUI3 --> node_venv_lib_python3_12_site-packages_PyQt6_Qt6_qml_QtQuick_Controls_FluentWinUI3_light["light"]\n    node_venv_lib_python3_12_site-packages_PyQt6_Qt6_qml_QtQuick_Controls_FluentWinUI3_light --> node_venv_lib_python3_12_site-packages_PyQt6_Qt6_qml_QtQuick_Controls_FluentWinUI3_light_images["images"]\n    node_venv_lib_python3_12_site-packages_PyQt6_Qt6_qml_QtQuick_Controls_FluentWinUI3_light_images --> node_venv_lib_python3_12_site-packages_PyQt6_Qt6_qml_QtQuick_Controls_FluentWinUI3_light_images_spinbox-indicator-up-icon-hovered_png["spinbox-indicator-up-icon-hovered.png"]\n    Root --> node_venv["venv"]\n    node_venv --> node_venv_lib["lib"]\n    node_venv_lib --> node_venv_lib_python3_12["python3.12"]\n    node_venv_lib_python3_12 --> node_venv_lib_python3_12_site-packages["site-packages"]\n    node_venv_lib_python3_12_site-packages --> node_venv_lib_python3_12_site-packages_PyQt6["PyQt6"]\n    node_venv_lib_python3_12_site-packages_PyQt6 --> node_venv_lib_python3_12_site-packages_PyQt6_Qt6["Qt6"]\n    node_venv_lib_python3_12_site-packages_PyQt6_Qt6 --> node_venv_lib_python3_12_site-packages_PyQt6_Qt6_qml["qml"]\n    node_venv_lib_python3_12_site-packages_PyQt6_Qt6_qml --> node_venv_lib_python3_12_site-packages_PyQt6_Qt6_qml_QtQuick["QtQuick"]\n    node_venv_lib_python3_12_site-packages_PyQt6_Qt6_qml_QtQuick --> node_venv_lib_python3_12_site-packages_PyQt6_Qt6_qml_QtQuick_Controls["Controls"]\n    node_venv_lib_python3_12_site-packages_PyQt6_Qt6_qml_QtQuick_Controls --> node_venv_lib_python3_12_site-packages_PyQt6_Qt6_qml_QtQuick_Controls_FluentWinUI3["FluentWinUI3"]\n    node_venv_lib_python3_12_site-packages_PyQt6_Qt6_qml_QtQuick_Controls_FluentWinUI3 --> node_venv_lib_python3_12_site-packages_PyQt6_Qt6_qml_QtQuick_Controls_FluentWinUI3_light["light"]\n    node_venv_lib_python3_12_site-packages_PyQt6_Qt6_qml_QtQuick_Controls_FluentWinUI3_light --> node_venv_lib_python3_12_site-packages_PyQt6_Qt6_qml_QtQuick_Controls_FluentWinUI3_light_images["images"]\n    node_venv_lib_python3_12_site-packages_PyQt6_Qt6_qml_QtQuick_Controls_FluentWinUI3_light_images --> node_venv_lib_python3_12_site-packages_PyQt6_Qt6_qml_QtQuick_Controls_FluentWinUI3_light_images_spinbox-indicator-up-icon-hovered@2x_png["spinbox-indicator-up-icon-hovered@2x.png"]\n    Root --> node_venv["venv"]\n    node_venv --> node_venv_lib["lib"]\n    node_venv_lib --> node_venv_lib_python3_12["python3.12"]\n    node_venv_lib_python3_12 --> node_venv_lib_python3_12_site-packages["site-packages"]\n    node_venv_lib_python3_12_site-packages --> node_venv_lib_python3_12_site-packages_PyQt6["PyQt6"]\n    node_venv_lib_python3_12_site-packages_PyQt6 --> node_venv_lib_python3_12_site-packages_PyQt6_Qt6["Qt6"]\n    node_venv_lib_python3_12_site-packages_PyQt6_Qt6 --> node_venv_lib_python3_12_site-packages_PyQt6_Qt6_qml["qml"]\n    node_venv_lib_python3_12_site-packages_PyQt6_Qt6_qml --> node_venv_lib_python3_12_site-packages_PyQt6_Qt6_qml_QtQuick["QtQuick"]\n    node_venv_lib_python3_12_site-packages_PyQt6_Qt6_qml_QtQuick --> node_venv_lib_python3_12_site-packages_PyQt6_Qt6_qml_QtQuick_Controls["Controls"]\n    node_venv_lib_python3_12_site-packages_PyQt6_Qt6_qml_QtQuick_Controls --> node_venv_lib_python3_12_site-packages_PyQt6_Qt6_qml_QtQuick_Controls_FluentWinUI3["FluentWinUI3"]\n    node_venv_lib_python3_12_site-packages_PyQt6_Qt6_qml_QtQuick_Controls_FluentWinUI3 --> node_venv_lib_python3_12_site-packages_PyQt6_Qt6_qml_QtQuick_Controls_FluentWinUI3_light["light"]\n    node_venv_lib_python3_12_site-packages_PyQt6_Qt6_qml_QtQuick_Controls_FluentWinUI3_light --> node_venv_lib_python3_12_site-packages_PyQt6_Qt6_qml_QtQuick_Controls_FluentWinUI3_light_images["images"]\n    node_venv_lib_python3_12_site-packages_PyQt6_Qt6_qml_QtQuick_Controls_FluentWinUI3_light_images --> node_venv_lib_python3_12_site-packages_PyQt6_Qt6_qml_QtQuick_Controls_FluentWinUI3_light_images_spinbox-indicator-up-icon-hovered@3x_png["spinbox-indicator-up-icon-hovered@3x.png"]\n    Root --> node_venv["venv"]\n    node_venv --> node_venv_lib["lib"]\n    node_venv_lib --> node_venv_lib_python3_12["python3.12"]\n    node_venv_lib_python3_12 --> node_venv_lib_python3_12_site-packages["site-packages"]\n    node_venv_lib_python3_12_site-packages --> node_venv_lib_python3_12_site-packages_PyQt6["PyQt6"]\n    node_venv_lib_python3_12_site-packages_PyQt6 --> node_venv_lib_python3_12_site-packages_PyQt6_Qt6["Qt6"]\n    node_venv_lib_python3_12_site-packages_PyQt6_Qt6 --> node_venv_lib_python3_12_site-packages_PyQt6_Qt6_qml["qml"]\n    node_venv_lib_python3_12_site-packages_PyQt6_Qt6_qml --> node_venv_lib_python3_12_site-packages_PyQt6_Qt6_qml_QtQuick["QtQuick"]\n    node_venv_lib_python3_12_site-packages_PyQt6_Qt6_qml_QtQuick --> node_venv_lib_python3_12_site-packages_PyQt6_Qt6_qml_QtQuick_Controls["Controls"]\n    node_venv_lib_python3_12_site-packages_PyQt6_Qt6_qml_QtQuick_Controls --> node_venv_lib_python3_12_site-packages_PyQt6_Qt6_qml_QtQuick_Controls_FluentWinUI3["FluentWinUI3"]\n    node_venv_lib_python3_12_site-packages_PyQt6_Qt6_qml_QtQuick_Controls_FluentWinUI3 --> node_venv_lib_python3_12_site-packages_PyQt6_Qt6_qml_QtQuick_Controls_FluentWinUI3_light["light"]\n    node_venv_lib_python3_12_site-packages_PyQt6_Qt6_qml_QtQuick_Controls_FluentWinUI3_light --> node_venv_lib_python3_12_site-packages_PyQt6_Qt6_qml_QtQuick_Controls_FluentWinUI3_light_images["images"]\n    node_venv_lib_python3_12_site-packages_PyQt6_Qt6_qml_QtQuick_Controls_FluentWinUI3_light_images --> node_venv_lib_python3_12_site-packages_PyQt6_Qt6_qml_QtQuick_Controls_FluentWinUI3_light_images_spinbox-indicator-up-icon-up-hovered_png["spinbox-indicator-up-icon-up-hovered.png"]\n    Root --> node_venv["venv"]\n    node_venv --> node_venv_lib["lib"]\n    node_venv_lib --> node_venv_lib_python3_12["python3.12"]\n    node_venv_lib_python3_12 --> node_venv_lib_python3_12_site-packages["site-packages"]\n    node_venv_lib_python3_12_site-packages --> node_venv_lib_python3_12_site-packages_PyQt6["PyQt6"]\n    node_venv_lib_python3_12_site-packages_PyQt6 --> node_venv_lib_python3_12_site-packages_PyQt6_Qt6["Qt6"]\n    node_venv_lib_python3_12_site-packages_PyQt6_Qt6 --> node_venv_lib_python3_12_site-packages_PyQt6_Qt6_qml["qml"]\n    node_venv_lib_python3_12_site-packages_PyQt6_Qt6_qml --> node_venv_lib_python3_12_site-packages_PyQt6_Qt6_qml_QtQuick["QtQuick"]\n    node_venv_lib_python3_12_site-packages_PyQt6_Qt6_qml_QtQuick --> node_venv_lib_python3_12_site-packages_PyQt6_Qt6_qml_QtQuick_Controls["Controls"]\n    node_venv_lib_python3_12_site-packages_PyQt6_Qt6_qml_QtQuick_Controls --> node_venv_lib_python3_12_site-packages_PyQt6_Qt6_qml_QtQuick_Controls_FluentWinUI3["FluentWinUI3"]\n    node_venv_lib_python3_12_site-packages_PyQt6_Qt6_qml_QtQuick_Controls_FluentWinUI3 --> node_venv_lib_python3_12_site-packages_PyQt6_Qt6_qml_QtQuick_Controls_FluentWinUI3_light["light"]\n    node_venv_lib_python3_12_site-packages_PyQt6_Qt6_qml_QtQuick_Controls_FluentWinUI3_light --> node_venv_lib_python3_12_site-packages_PyQt6_Qt6_qml_QtQuick_Controls_FluentWinUI3_light_images["images"]\n    node_venv_lib_python3_12_site-packages_PyQt6_Qt6_qml_QtQuick_Controls_FluentWinUI3_light_images --> node_venv_lib_python3_12_site-packages_PyQt6_Qt6_qml_QtQuick_Controls_FluentWinUI3_light_images_spinbox-indicator-up-icon-up-hovered@2x_png["spinbox-indicator-up-icon-up-hovered@2x.png"]\n    Root --> node_venv["venv"]\n    node_venv --> node_venv_lib["lib"]\n    node_venv_lib --> node_venv_lib_python3_12["python3.12"]\n    node_venv_lib_python3_12 --> node_venv_lib_python3_12_site-packages["site-packages"]\n    node_venv_lib_python3_12_site-packages --> node_venv_lib_python3_12_site-packages_PyQt6["PyQt6"]\n    node_venv_lib_python3_12_site-packages_PyQt6 --> node_venv_lib_python3_12_site-packages_PyQt6_Qt6["Qt6"]\n    node_venv_lib_python3_12_site-packages_PyQt6_Qt6 --> node_venv_lib_python3_12_site-packages_PyQt6_Qt6_qml["qml"]\n    node_venv_lib_python3_12_site-packages_PyQt6_Qt6_qml --> node_venv_lib_python3_12_site-packages_PyQt6_Qt6_qml_QtQuick["QtQuick"]\n    node_venv_lib_python3_12_site-packages_PyQt6_Qt6_qml_QtQuick --> node_venv_lib_python3_12_site-packages_PyQt6_Qt6_qml_QtQuick_Controls["Controls"]\n    node_venv_lib_python3_12_site-packages_PyQt6_Qt6_qml_QtQuick_Controls --> node_venv_lib_python3_12_site-packages_PyQt6_Qt6_qml_QtQuick_Controls_FluentWinUI3["FluentWinUI3"]\n    node_venv_lib_python3_12_site-packages_PyQt6_Qt6_qml_QtQuick_Controls_FluentWinUI3 --> node_venv_lib_python3_12_site-packages_PyQt6_Qt6_qml_QtQuick_Controls_FluentWinUI3_light["light"]\n    node_venv_lib_python3_12_site-packages_PyQt6_Qt6_qml_QtQuick_Controls_FluentWinUI3_light --> node_venv_lib_python3_12_site-packages_PyQt6_Qt6_qml_QtQuick_Controls_FluentWinUI3_light_images["images"]\n    node_venv_lib_python3_12_site-packages_PyQt6_Qt6_qml_QtQuick_Controls_FluentWinUI3_light_images --> node_venv_lib_python3_12_site-packages_PyQt6_Qt6_qml_QtQuick_Controls_FluentWinUI3_light_images_spinbox-indicator-up-icon-up-hovered@3x_png["spinbox-indicator-up-icon-up-hovered@3x.png"]\n    Root --> node_venv["venv"]\n    node_venv --> node_venv_lib["lib"]\n    node_venv_lib --> node_venv_lib_python3_12["python3.12"]\n    node_venv_lib_python3_12 --> node_venv_lib_python3_12_site-packages["site-packages"]\n    node_venv_lib_python3_12_site-packages --> node_venv_lib_python3_12_site-packages_PyQt6["PyQt6"]\n    node_venv_lib_python3_12_site-packages_PyQt6 --> node_venv_lib_python3_12_site-packages_PyQt6_Qt6["Qt6"]\n    node_venv_lib_python3_12_site-packages_PyQt6_Qt6 --> node_venv_lib_python3_12_site-packages_PyQt6_Qt6_qml["qml"]\n    node_venv_lib_python3_12_site-packages_PyQt6_Qt6_qml --> node_venv_lib_python3_12_site-packages_PyQt6_Qt6_qml_QtQuick["QtQuick"]\n    node_venv_lib_python3_12_site-packages_PyQt6_Qt6_qml_QtQuick --> node_venv_lib_python3_12_site-packages_PyQt6_Qt6_qml_QtQuick_Controls["Controls"]\n    node_venv_lib_python3_12_site-packages_PyQt6_Qt6_qml_QtQuick_Controls --> node_venv_lib_python3_12_site-packages_PyQt6_Qt6_qml_QtQuick_Controls_FluentWinUI3["FluentWinUI3"]\n    node_venv_lib_python3_12_site-packages_PyQt6_Qt6_qml_QtQuick_Controls_FluentWinUI3 --> node_venv_lib_python3_12_site-packages_PyQt6_Qt6_qml_QtQuick_Controls_FluentWinUI3_light["light"]\n    node_venv_lib_python3_12_site-packages_PyQt6_Qt6_qml_QtQuick_Controls_FluentWinUI3_light --> node_venv_lib_python3_12_site-packages_PyQt6_Qt6_qml_QtQuick_Controls_FluentWinUI3_light_images["images"]\n    node_venv_lib_python3_12_site-packages_PyQt6_Qt6_qml_QtQuick_Controls_FluentWinUI3_light_images --> node_venv_lib_python3_12_site-packages_PyQt6_Qt6_qml_QtQuick_Controls_FluentWinUI3_light_images_spinbox-indicator-up-icon-up-pressed_png["spinbox-indicator-up-icon-up-pressed.png"]\n    Root --> node_venv["venv"]\n    node_venv --> node_venv_lib["lib"]\n    node_venv_lib --> node_venv_lib_python3_12["python3.12"]\n    node_venv_lib_python3_12 --> node_venv_lib_python3_12_site-packages["site-packages"]\n    node_venv_lib_python3_12_site-packages --> node_venv_lib_python3_12_site-packages_PyQt6["PyQt6"]\n    node_venv_lib_python3_12_site-packages_PyQt6 --> node_venv_lib_python3_12_site-packages_PyQt6_Qt6["Qt6"]\n    node_venv_lib_python3_12_site-packages_PyQt6_Qt6 --> node_venv_lib_python3_12_site-packages_PyQt6_Qt6_qml["qml"]\n    node_venv_lib_python3_12_site-packages_PyQt6_Qt6_qml --> node_venv_lib_python3_12_site-packages_PyQt6_Qt6_qml_QtQuick["QtQuick"]\n    node_venv_lib_python3_12_site-packages_PyQt6_Qt6_qml_QtQuick --> node_venv_lib_python3_12_site-packages_PyQt6_Qt6_qml_QtQuick_Controls["Controls"]\n    node_venv_lib_python3_12_site-packages_PyQt6_Qt6_qml_QtQuick_Controls --> node_venv_lib_python3_12_site-packages_PyQt6_Qt6_qml_QtQuick_Controls_FluentWinUI3["FluentWinUI3"]\n    node_venv_lib_python3_12_site-packages_PyQt6_Qt6_qml_QtQuick_Controls_FluentWinUI3 --> node_venv_lib_python3_12_site-packages_PyQt6_Qt6_qml_QtQuick_Controls_FluentWinUI3_light["light"]\n    node_venv_lib_python3_12_site-packages_PyQt6_Qt6_qml_QtQuick_Controls_FluentWinUI3_light --> node_venv_lib_python3_12_site-packages_PyQt6_Qt6_qml_QtQuick_Controls_FluentWinUI3_light_images["images"]\n    node_venv_lib_python3_12_site-packages_PyQt6_Qt6_qml_QtQuick_Controls_FluentWinUI3_light_images --> node_venv_lib_python3_12_site-packages_PyQt6_Qt6_qml_QtQuick_Controls_FluentWinUI3_light_images_spinbox-indicator-up-icon-up-pressed@2x_png["spinbox-indicator-up-icon-up-pressed@2x.png"]\n    Root --> node_venv["venv"]\n    node_venv --> node_venv_lib["lib"]\n    node_venv_lib --> node_venv_lib_python3_12["python3.12"]\n    node_venv_lib_python3_12 --> node_venv_lib_python3_12_site-packages["site-packages"]\n    node_venv_lib_python3_12_site-packages --> node_venv_lib_python3_12_site-packages_PyQt6["PyQt6"]\n    node_venv_lib_python3_12_site-packages_PyQt6 --> node_venv_lib_python3_12_site-packages_PyQt6_Qt6["Qt6"]\n    node_venv_lib_python3_12_site-packages_PyQt6_Qt6 --> node_venv_lib_python3_12_site-packages_PyQt6_Qt6_qml["qml"]\n    node_venv_lib_python3_12_site-packages_PyQt6_Qt6_qml --> node_venv_lib_python3_12_site-packages_PyQt6_Qt6_qml_QtQuick["QtQuick"]\n    node_venv_lib_python3_12_site-packages_PyQt6_Qt6_qml_QtQuick --> node_venv_lib_python3_12_site-packages_PyQt6_Qt6_qml_QtQuick_Controls["Controls"]\n    node_venv_lib_python3_12_site-packages_PyQt6_Qt6_qml_QtQuick_Controls --> node_venv_lib_python3_12_site-packages_PyQt6_Qt6_qml_QtQuick_Controls_FluentWinUI3["FluentWinUI3"]\n    node_venv_lib_python3_12_site-packages_PyQt6_Qt6_qml_QtQuick_Controls_FluentWinUI3 --> node_venv_lib_python3_12_site-packages_PyQt6_Qt6_qml_QtQuick_Controls_FluentWinUI3_light["light"]\n    node_venv_lib_python3_12_site-packages_PyQt6_Qt6_qml_QtQuick_Controls_FluentWinUI3_light --> node_venv_lib_python3_12_site-packages_PyQt6_Qt6_qml_QtQuick_Controls_FluentWinUI3_light_images["images"]\n    node_venv_lib_python3_12_site-packages_PyQt6_Qt6_qml_QtQuick_Controls_FluentWinUI3_light_images --> node_venv_lib_python3_12_site-packages_PyQt6_Qt6_qml_QtQuick_Controls_FluentWinUI3_light_images_spinbox-indicator-up-icon-up-pressed@3x_png["spinbox-indicator-up-icon-up-pressed@3x.png"]\n    Root --> node_venv["venv"]\n    node_venv --> node_venv_lib["lib"]\n    node_venv_lib --> node_venv_lib_python3_12["python3.12"]\n    node_venv_lib_python3_12 --> node_venv_lib_python3_12_site-packages["site-packages"]\n    node_venv_lib_python3_12_site-packages --> node_venv_lib_python3_12_site-packages_PyQt6["PyQt6"]\n    node_venv_lib_python3_12_site-packages_PyQt6 --> node_venv_lib_python3_12_site-packages_PyQt6_Qt6["Qt6"]\n    node_venv_lib_python3_12_site-packages_PyQt6_Qt6 --> node_venv_lib_python3_12_site-packages_PyQt6_Qt6_qml["qml"]\n    node_venv_lib_python3_12_site-packages_PyQt6_Qt6_qml --> node_venv_lib_python3_12_site-packages_PyQt6_Qt6_qml_QtQuick["QtQuick"]\n    node_venv_lib_python3_12_site-packages_PyQt6_Qt6_qml_QtQuick --> node_venv_lib_python3_12_site-packages_PyQt6_Qt6_qml_QtQuick_Controls["Controls"]\n    node_venv_lib_python3_12_site-packages_PyQt6_Qt6_qml_QtQuick_Controls --> node_venv_lib_python3_12_site-packages_PyQt6_Qt6_qml_QtQuick_Controls_FluentWinUI3["FluentWinUI3"]\n    node_venv_lib_python3_12_site-packages_PyQt6_Qt6_qml_QtQuick_Controls_FluentWinUI3 --> node_venv_lib_python3_12_site-packages_PyQt6_Qt6_qml_QtQuick_Controls_FluentWinUI3_light["light"]\n    node_venv_lib_python3_12_site-packages_PyQt6_Qt6_qml_QtQuick_Controls_FluentWinUI3_light --> node_venv_lib_python3_12_site-packages_PyQt6_Qt6_qml_QtQuick_Controls_FluentWinUI3_light_images["images"]\n    node_venv_lib_python3_12_site-packages_PyQt6_Qt6_qml_QtQuick_Controls_FluentWinUI3_light_images --> node_venv_lib_python3_12_site-packages_PyQt6_Qt6_qml_QtQuick_Controls_FluentWinUI3_light_images_spinbox-indicator-up-icon_png["spinbox-indicator-up-icon.png"]\n    Root --> node_venv["venv"]\n    node_venv --> node_venv_lib["lib"]\n    node_venv_lib --> node_venv_lib_python3_12["python3.12"]\n    node_venv_lib_python3_12 --> node_venv_lib_python3_12_site-packages["site-packages"]\n    node_venv_lib_python3_12_site-packages --> node_venv_lib_python3_12_site-packages_PyQt6["PyQt6"]\n    node_venv_lib_python3_12_site-packages_PyQt6 --> node_venv_lib_python3_12_site-packages_PyQt6_Qt6["Qt6"]\n    node_venv_lib_python3_12_site-packages_PyQt6_Qt6 --> node_venv_lib_python3_12_site-packages_PyQt6_Qt6_qml["qml"]\n    node_venv_lib_python3_12_site-packages_PyQt6_Qt6_qml --> node_venv_lib_python3_12_site-packages_PyQt6_Qt6_qml_QtQuick["QtQuick"]\n    node_venv_lib_python3_12_site-packages_PyQt6_Qt6_qml_QtQuick --> node_venv_lib_python3_12_site-packages_PyQt6_Qt6_qml_QtQuick_Controls["Controls"]\n    node_venv_lib_python3_12_site-packages_PyQt6_Qt6_qml_QtQuick_Controls --> node_venv_lib_python3_12_site-packages_PyQt6_Qt6_qml_QtQuick_Controls_FluentWinUI3["FluentWinUI3"]\n    node_venv_lib_python3_12_site-packages_PyQt6_Qt6_qml_QtQuick_Controls_FluentWinUI3 --> node_venv_lib_python3_12_site-packages_PyQt6_Qt6_qml_QtQuick_Controls_FluentWinUI3_light["light"]\n    node_venv_lib_python3_12_site-packages_PyQt6_Qt6_qml_QtQuick_Controls_FluentWinUI3_light --> node_venv_lib_python3_12_site-packages_PyQt6_Qt6_qml_QtQuick_Controls_FluentWinUI3_light_images["images"]\n    node_venv_lib_python3_12_site-packages_PyQt6_Qt6_qml_QtQuick_Controls_FluentWinUI3_light_images --> node_venv_lib_python3_12_site-packages_PyQt6_Qt6_qml_QtQuick_Controls_FluentWinUI3_light_images_spinbox-indicator-up-icon@2x_png["spinbox-indicator-up-icon@2x.png"]\n    Root --> node_venv["venv"]\n    node_venv --> node_venv_lib["lib"]\n    node_venv_lib --> node_venv_lib_python3_12["python3.12"]\n    node_venv_lib_python3_12 --> node_venv_lib_python3_12_site-packages["site-packages"]\n    node_venv_lib_python3_12_site-packages --> node_venv_lib_python3_12_site-packages_PyQt6["PyQt6"]\n    node_venv_lib_python3_12_site-packages_PyQt6 --> node_venv_lib_python3_12_site-packages_PyQt6_Qt6["Qt6"]\n    node_venv_lib_python3_12_site-packages_PyQt6_Qt6 --> node_venv_lib_python3_12_site-packages_PyQt6_Qt6_qml["qml"]\n    node_venv_lib_python3_12_site-packages_PyQt6_Qt6_qml --> node_venv_lib_python3_12_site-packages_PyQt6_Qt6_qml_QtQuick["QtQuick"]\n    node_venv_lib_python3_12_site-packages_PyQt6_Qt6_qml_QtQuick --> node_venv_lib_python3_12_site-packages_PyQt6_Qt6_qml_QtQuick_Controls["Controls"]\n    node_venv_lib_python3_12_site-packages_PyQt6_Qt6_qml_QtQuick_Controls --> node_venv_lib_python3_12_site-packages_PyQt6_Qt6_qml_QtQuick_Controls_FluentWinUI3["FluentWinUI3"]\n    node_venv_lib_python3_12_site-packages_PyQt6_Qt6_qml_QtQuick_Controls_FluentWinUI3 --> node_venv_lib_python3_12_site-packages_PyQt6_Qt6_qml_QtQuick_Controls_FluentWinUI3_light["light"]\n    node_venv_lib_python3_12_site-packages_PyQt6_Qt6_qml_QtQuick_Controls_FluentWinUI3_light --> node_venv_lib_python3_12_site-packages_PyQt6_Qt6_qml_QtQuick_Controls_FluentWinUI3_light_images["images"]\n    node_venv_lib_python3_12_site-packages_PyQt6_Qt6_qml_QtQuick_Controls_FluentWinUI3_light_images --> node_venv_lib_python3_12_site-packages_PyQt6_Qt6_qml_QtQuick_Controls_FluentWinUI3_light_images_spinbox-indicator-up-icon@3x_png["spinbox-indicator-up-icon@3x.png"]\n    Root --> node_venv["venv"]\n    node_venv --> node_venv_lib["lib"]\n    node_venv_lib --> node_venv_lib_python3_12["python3.12"]\n    node_venv_lib_python3_12 --> node_venv_lib_python3_12_site-packages["site-packages"]\n    node_venv_lib_python3_12_site-packages --> node_venv_lib_python3_12_site-packages_PyQt6["PyQt6"]\n    node_venv_lib_python3_12_site-packages_PyQt6 --> node_venv_lib_python3_12_site-packages_PyQt6_Qt6["Qt6"]\n    node_venv_lib_python3_12_site-packages_PyQt6_Qt6 --> node_venv_lib_python3_12_site-packages_PyQt6_Qt6_qml["qml"]\n    node_venv_lib_python3_12_site-packages_PyQt6_Qt6_qml --> node_venv_lib_python3_12_site-packages_PyQt6_Qt6_qml_QtQuick["QtQuick"]\n    node_venv_lib_python3_12_site-packages_PyQt6_Qt6_qml_QtQuick --> node_venv_lib_python3_12_site-packages_PyQt6_Qt6_qml_QtQuick_Controls["Controls"]\n    node_venv_lib_python3_12_site-packages_PyQt6_Qt6_qml_QtQuick_Controls --> node_venv_lib_python3_12_site-packages_PyQt6_Qt6_qml_QtQuick_Controls_FluentWinUI3["FluentWinUI3"]\n    node_venv_lib_python3_12_site-packages_PyQt6_Qt6_qml_QtQuick_Controls_FluentWinUI3 --> node_venv_lib_python3_12_site-packages_PyQt6_Qt6_qml_QtQuick_Controls_FluentWinUI3_light["light"]\n    node_venv_lib_python3_12_site-packages_PyQt6_Qt6_qml_QtQuick_Controls_FluentWinUI3_light --> node_venv_lib_python3_12_site-packages_PyQt6_Qt6_qml_QtQuick_Controls_FluentWinUI3_light_images["images"]\n    node_venv_lib_python3_12_site-packages_PyQt6_Qt6_qml_QtQuick_Controls_FluentWinUI3_light_images --> node_venv_lib_python3_12_site-packages_PyQt6_Qt6_qml_QtQuick_Controls_FluentWinUI3_light_images_textarea-background-disabled_png["textarea-background-disabled.png"]\n    Root --> node_venv["venv"]\n    node_venv --> node_venv_lib["lib"]\n    node_venv_lib --> node_venv_lib_python3_12["python3.12"]\n    node_venv_lib_python3_12 --> node_venv_lib_python3_12_site-packages["site-packages"]\n    node_venv_lib_python3_12_site-packages --> node_venv_lib_python3_12_site-packages_PyQt6["PyQt6"]\n    node_venv_lib_python3_12_site-packages_PyQt6 --> node_venv_lib_python3_12_site-packages_PyQt6_Qt6["Qt6"]\n    node_venv_lib_python3_12_site-packages_PyQt6_Qt6 --> node_venv_lib_python3_12_site-packages_PyQt6_Qt6_qml["qml"]\n    node_venv_lib_python3_12_site-packages_PyQt6_Qt6_qml --> node_venv_lib_python3_12_site-packages_PyQt6_Qt6_qml_QtQuick["QtQuick"]\n    node_venv_lib_python3_12_site-packages_PyQt6_Qt6_qml_QtQuick --> node_venv_lib_python3_12_site-packages_PyQt6_Qt6_qml_QtQuick_Controls["Controls"]\n    node_venv_lib_python3_12_site-packages_PyQt6_Qt6_qml_QtQuick_Controls --> node_venv_lib_python3_12_site-packages_PyQt6_Qt6_qml_QtQuick_Controls_FluentWinUI3["FluentWinUI3"]\n    node_venv_lib_python3_12_site-packages_PyQt6_Qt6_qml_QtQuick_Controls_FluentWinUI3 --> node_venv_lib_python3_12_site-packages_PyQt6_Qt6_qml_QtQuick_Controls_FluentWinUI3_light["light"]\n    node_venv_lib_python3_12_site-packages_PyQt6_Qt6_qml_QtQuick_Controls_FluentWinUI3_light --> node_venv_lib_python3_12_site-packages_PyQt6_Qt6_qml_QtQuick_Controls_FluentWinUI3_light_images["images"]\n    node_venv_lib_python3_12_site-packages_PyQt6_Qt6_qml_QtQuick_Controls_FluentWinUI3_light_images --> node_venv_lib_python3_12_site-packages_PyQt6_Qt6_qml_QtQuick_Controls_FluentWinUI3_light_images_textarea-background-disabled@2x_png["textarea-background-disabled@2x.png"]\n    Root --> node_venv["venv"]\n    node_venv --> node_venv_lib["lib"]\n    node_venv_lib --> node_venv_lib_python3_12["python3.12"]\n    node_venv_lib_python3_12 --> node_venv_lib_python3_12_site-packages["site-packages"]\n    node_venv_lib_python3_12_site-packages --> node_venv_lib_python3_12_site-packages_PyQt6["PyQt6"]\n    node_venv_lib_python3_12_site-packages_PyQt6 --> node_venv_lib_python3_12_site-packages_PyQt6_Qt6["Qt6"]\n    node_venv_lib_python3_12_site-packages_PyQt6_Qt6 --> node_venv_lib_python3_12_site-packages_PyQt6_Qt6_qml["qml"]\n    node_venv_lib_python3_12_site-packages_PyQt6_Qt6_qml --> node_venv_lib_python3_12_site-packages_PyQt6_Qt6_qml_QtQuick["QtQuick"]\n    node_venv_lib_python3_12_site-packages_PyQt6_Qt6_qml_QtQuick --> node_venv_lib_python3_12_site-packages_PyQt6_Qt6_qml_QtQuick_Controls["Controls"]\n    node_venv_lib_python3_12_site-packages_PyQt6_Qt6_qml_QtQuick_Controls --> node_venv_lib_python3_12_site-packages_PyQt6_Qt6_qml_QtQuick_Controls_FluentWinUI3["FluentWinUI3"]\n    node_venv_lib_python3_12_site-packages_PyQt6_Qt6_qml_QtQuick_Controls_FluentWinUI3 --> node_venv_lib_python3_12_site-packages_PyQt6_Qt6_qml_QtQuick_Controls_FluentWinUI3_light["light"]\n    node_venv_lib_python3_12_site-packages_PyQt6_Qt6_qml_QtQuick_Controls_FluentWinUI3_light --> node_venv_lib_python3_12_site-packages_PyQt6_Qt6_qml_QtQuick_Controls_FluentWinUI3_light_images["images"]\n    node_venv_lib_python3_12_site-packages_PyQt6_Qt6_qml_QtQuick_Controls_FluentWinUI3_light_images --> node_venv_lib_python3_12_site-packages_PyQt6_Qt6_qml_QtQuick_Controls_FluentWinUI3_light_images_textarea-background-disabled@3x_png["textarea-background-disabled@3x.png"]\n    Root --> node_venv["venv"]\n    node_venv --> node_venv_lib["lib"]\n    node_venv_lib --> node_venv_lib_python3_12["python3.12"]\n    node_venv_lib_python3_12 --> node_venv_lib_python3_12_site-packages["site-packages"]\n    node_venv_lib_python3_12_site-packages --> node_venv_lib_python3_12_site-packages_PyQt6["PyQt6"]\n    node_venv_lib_python3_12_site-packages_PyQt6 --> node_venv_lib_python3_12_site-packages_PyQt6_Qt6["Qt6"]\n    node_venv_lib_python3_12_site-packages_PyQt6_Qt6 --> node_venv_lib_python3_12_site-packages_PyQt6_Qt6_qml["qml"]\n    node_venv_lib_python3_12_site-packages_PyQt6_Qt6_qml --> node_venv_lib_python3_12_site-packages_PyQt6_Qt6_qml_QtQuick["QtQuick"]\n    node_venv_lib_python3_12_site-packages_PyQt6_Qt6_qml_QtQuick --> node_venv_lib_python3_12_site-packages_PyQt6_Qt6_qml_QtQuick_Controls["Controls"]\n    node_venv_lib_python3_12_site-packages_PyQt6_Qt6_qml_QtQuick_Controls --> node_venv_lib_python3_12_site-packages_PyQt6_Qt6_qml_QtQuick_Controls_FluentWinUI3["FluentWinUI3"]\n    node_venv_lib_python3_12_site-packages_PyQt6_Qt6_qml_QtQuick_Controls_FluentWinUI3 --> node_venv_lib_python3_12_site-packages_PyQt6_Qt6_qml_QtQuick_Controls_FluentWinUI3_light["light"]\n    node_venv_lib_python3_12_site-packages_PyQt6_Qt6_qml_QtQuick_Controls_FluentWinUI3_light --> node_venv_lib_python3_12_site-packages_PyQt6_Qt6_qml_QtQuick_Controls_FluentWinUI3_light_images["images"]\n    node_venv_lib_python3_12_site-packages_PyQt6_Qt6_qml_QtQuick_Controls_FluentWinUI3_light_images --> node_venv_lib_python3_12_site-packages_PyQt6_Qt6_qml_QtQuick_Controls_FluentWinUI3_light_images_textarea-background-focused_png["textarea-background-focused.png"]\n    Root --> node_venv["venv"]\n    node_venv --> node_venv_lib["lib"]\n    node_venv_lib --> node_venv_lib_python3_12["python3.12"]\n    node_venv_lib_python3_12 --> node_venv_lib_python3_12_site-packages["site-packages"]\n    node_venv_lib_python3_12_site-packages --> node_venv_lib_python3_12_site-packages_PyQt6["PyQt6"]\n    node_venv_lib_python3_12_site-packages_PyQt6 --> node_venv_lib_python3_12_site-packages_PyQt6_Qt6["Qt6"]\n    node_venv_lib_python3_12_site-packages_PyQt6_Qt6 --> node_venv_lib_python3_12_site-packages_PyQt6_Qt6_qml["qml"]\n    node_venv_lib_python3_12_site-packages_PyQt6_Qt6_qml --> node_venv_lib_python3_12_site-packages_PyQt6_Qt6_qml_QtQuick["QtQuick"]\n    node_venv_lib_python3_12_site-packages_PyQt6_Qt6_qml_QtQuick --> node_venv_lib_python3_12_site-packages_PyQt6_Qt6_qml_QtQuick_Controls["Controls"]\n    node_venv_lib_python3_12_site-packages_PyQt6_Qt6_qml_QtQuick_Controls --> node_venv_lib_python3_12_site-packages_PyQt6_Qt6_qml_QtQuick_Controls_FluentWinUI3["FluentWinUI3"]\n    node_venv_lib_python3_12_site-packages_PyQt6_Qt6_qml_QtQuick_Controls_FluentWinUI3 --> node_venv_lib_python3_12_site-packages_PyQt6_Qt6_qml_QtQuick_Controls_FluentWinUI3_light["light"]\n    node_venv_lib_python3_12_site-packages_PyQt6_Qt6_qml_QtQuick_Controls_FluentWinUI3_light --> node_venv_lib_python3_12_site-packages_PyQt6_Qt6_qml_QtQuick_Controls_FluentWinUI3_light_images["images"]\n    node_venv_lib_python3_12_site-packages_PyQt6_Qt6_qml_QtQuick_Controls_FluentWinUI3_light_images --> node_venv_lib_python3_12_site-packages_PyQt6_Qt6_qml_QtQuick_Controls_FluentWinUI3_light_images_textarea-background-focused@2x_png["textarea-background-focused@2x.png"]\n    Root --> node_venv["venv"]\n    node_venv --> node_venv_lib["lib"]\n    node_venv_lib --> node_venv_lib_python3_12["python3.12"]\n    node_venv_lib_python3_12 --> node_venv_lib_python3_12_site-packages["site-packages"]\n    node_venv_lib_python3_12_site-packages --> node_venv_lib_python3_12_site-packages_PyQt6["PyQt6"]\n    node_venv_lib_python3_12_site-packages_PyQt6 --> node_venv_lib_python3_12_site-packages_PyQt6_Qt6["Qt6"]\n    node_venv_lib_python3_12_site-packages_PyQt6_Qt6 --> node_venv_lib_python3_12_site-packages_PyQt6_Qt6_qml["qml"]\n    node_venv_lib_python3_12_site-packages_PyQt6_Qt6_qml --> node_venv_lib_python3_12_site-packages_PyQt6_Qt6_qml_QtQuick["QtQuick"]\n    node_venv_lib_python3_12_site-packages_PyQt6_Qt6_qml_QtQuick --> node_venv_lib_python3_12_site-packages_PyQt6_Qt6_qml_QtQuick_Controls["Controls"]\n    node_venv_lib_python3_12_site-packages_PyQt6_Qt6_qml_QtQuick_Controls --> node_venv_lib_python3_12_site-packages_PyQt6_Qt6_qml_QtQuick_Controls_FluentWinUI3["FluentWinUI3"]\n    node_venv_lib_python3_12_site-packages_PyQt6_Qt6_qml_QtQuick_Controls_FluentWinUI3 --> node_venv_lib_python3_12_site-packages_PyQt6_Qt6_qml_QtQuick_Controls_FluentWinUI3_light["light"]\n    node_venv_lib_python3_12_site-packages_PyQt6_Qt6_qml_QtQuick_Controls_FluentWinUI3_light --> node_venv_lib_python3_12_site-packages_PyQt6_Qt6_qml_QtQuick_Controls_FluentWinUI3_light_images["images"]\n    node_venv_lib_python3_12_site-packages_PyQt6_Qt6_qml_QtQuick_Controls_FluentWinUI3_light_images --> node_venv_lib_python3_12_site-packages_PyQt6_Qt6_qml_QtQuick_Controls_FluentWinUI3_light_images_textarea-background-focused@3x_png["textarea-background-focused@3x.png"]\n    Root --> node_venv["venv"]\n    node_venv --> node_venv_lib["lib"]\n    node_venv_lib --> node_venv_lib_python3_12["python3.12"]\n    node_venv_lib_python3_12 --> node_venv_lib_python3_12_site-packages["site-packages"]\n    node_venv_lib_python3_12_site-packages --> node_venv_lib_python3_12_site-packages_PyQt6["PyQt6"]\n    node_venv_lib_python3_12_site-packages_PyQt6 --> node_venv_lib_python3_12_site-packages_PyQt6_Qt6["Qt6"]\n    node_venv_lib_python3_12_site-packages_PyQt6_Qt6 --> node_venv_lib_python3_12_site-packages_PyQt6_Qt6_qml["qml"]\n    node_venv_lib_python3_12_site-packages_PyQt6_Qt6_qml --> node_venv_lib_python3_12_site-packages_PyQt6_Qt6_qml_QtQuick["QtQuick"]\n    node_venv_lib_python3_12_site-packages_PyQt6_Qt6_qml_QtQuick --> node_venv_lib_python3_12_site-packages_PyQt6_Qt6_qml_QtQuick_Controls["Controls"]\n    node_venv_lib_python3_12_site-packages_PyQt6_Qt6_qml_QtQuick_Controls --> node_venv_lib_python3_12_site-packages_PyQt6_Qt6_qml_QtQuick_Controls_FluentWinUI3["FluentWinUI3"]\n    node_venv_lib_python3_12_site-packages_PyQt6_Qt6_qml_QtQuick_Controls_FluentWinUI3 --> node_venv_lib_python3_12_site-packages_PyQt6_Qt6_qml_QtQuick_Controls_FluentWinUI3_light["light"]\n    node_venv_lib_python3_12_site-packages_PyQt6_Qt6_qml_QtQuick_Controls_FluentWinUI3_light --> node_venv_lib_python3_12_site-packages_PyQt6_Qt6_qml_QtQuick_Controls_FluentWinUI3_light_images["images"]\n    node_venv_lib_python3_12_site-packages_PyQt6_Qt6_qml_QtQuick_Controls_FluentWinUI3_light_images --> node_venv_lib_python3_12_site-packages_PyQt6_Qt6_qml_QtQuick_Controls_FluentWinUI3_light_images_textarea-background-hovered_png["textarea-background-hovered.png"]\n    Root --> node_venv["venv"]\n    node_venv --> node_venv_lib["lib"]\n    node_venv_lib --> node_venv_lib_python3_12["python3.12"]\n    node_venv_lib_python3_12 --> node_venv_lib_python3_12_site-packages["site-packages"]\n    node_venv_lib_python3_12_site-packages --> node_venv_lib_python3_12_site-packages_PyQt6["PyQt6"]\n    node_venv_lib_python3_12_site-packages_PyQt6 --> node_venv_lib_python3_12_site-packages_PyQt6_Qt6["Qt6"]\n    node_venv_lib_python3_12_site-packages_PyQt6_Qt6 --> node_venv_lib_python3_12_site-packages_PyQt6_Qt6_qml["qml"]\n    node_venv_lib_python3_12_site-packages_PyQt6_Qt6_qml --> node_venv_lib_python3_12_site-packages_PyQt6_Qt6_qml_QtQuick["QtQuick"]\n    node_venv_lib_python3_12_site-packages_PyQt6_Qt6_qml_QtQuick --> node_venv_lib_python3_12_site-packages_PyQt6_Qt6_qml_QtQuick_Controls["Controls"]\n    node_venv_lib_python3_12_site-packages_PyQt6_Qt6_qml_QtQuick_Controls --> node_venv_lib_python3_12_site-packages_PyQt6_Qt6_qml_QtQuick_Controls_FluentWinUI3["FluentWinUI3"]\n    node_venv_lib_python3_12_site-packages_PyQt6_Qt6_qml_QtQuick_Controls_FluentWinUI3 --> node_venv_lib_python3_12_site-packages_PyQt6_Qt6_qml_QtQuick_Controls_FluentWinUI3_light["light"]\n    node_venv_lib_python3_12_site-packages_PyQt6_Qt6_qml_QtQuick_Controls_FluentWinUI3_light --> node_venv_lib_python3_12_site-packages_PyQt6_Qt6_qml_QtQuick_Controls_FluentWinUI3_light_images["images"]\n    node_venv_lib_python3_12_site-packages_PyQt6_Qt6_qml_QtQuick_Controls_FluentWinUI3_light_images --> node_venv_lib_python3_12_site-packages_PyQt6_Qt6_qml_QtQuick_Controls_FluentWinUI3_light_images_textarea-background-hovered@2x_png["textarea-background-hovered@2x.png"]\n    Root --> node_venv["venv"]\n    node_venv --> node_venv_lib["lib"]\n    node_venv_lib --> node_venv_lib_python3_12["python3.12"]\n    node_venv_lib_python3_12 --> node_venv_lib_python3_12_site-packages["site-packages"]\n    node_venv_lib_python3_12_site-packages --> node_venv_lib_python3_12_site-packages_PyQt6["PyQt6"]\n    node_venv_lib_python3_12_site-packages_PyQt6 --> node_venv_lib_python3_12_site-packages_PyQt6_Qt6["Qt6"]\n    node_venv_lib_python3_12_site-packages_PyQt6_Qt6 --> node_venv_lib_python3_12_site-packages_PyQt6_Qt6_qml["qml"]\n    node_venv_lib_python3_12_site-packages_PyQt6_Qt6_qml --> node_venv_lib_python3_12_site-packages_PyQt6_Qt6_qml_QtQuick["QtQuick"]\n    node_venv_lib_python3_12_site-packages_PyQt6_Qt6_qml_QtQuick --> node_venv_lib_python3_12_site-packages_PyQt6_Qt6_qml_QtQuick_Controls["Controls"]\n    node_venv_lib_python3_12_site-packages_PyQt6_Qt6_qml_QtQuick_Controls --> node_venv_lib_python3_12_site-packages_PyQt6_Qt6_qml_QtQuick_Controls_FluentWinUI3["FluentWinUI3"]\n    node_venv_lib_python3_12_site-packages_PyQt6_Qt6_qml_QtQuick_Controls_FluentWinUI3 --> node_venv_lib_python3_12_site-packages_PyQt6_Qt6_qml_QtQuick_Controls_FluentWinUI3_light["light"]\n    node_venv_lib_python3_12_site-packages_PyQt6_Qt6_qml_QtQuick_Controls_FluentWinUI3_light --> node_venv_lib_python3_12_site-packages_PyQt6_Qt6_qml_QtQuick_Controls_FluentWinUI3_light_images["images"]\n    node_venv_lib_python3_12_site-packages_PyQt6_Qt6_qml_QtQuick_Controls_FluentWinUI3_light_images --> node_venv_lib_python3_12_site-packages_PyQt6_Qt6_qml_QtQuick_Controls_FluentWinUI3_light_images_textarea-background-hovered@3x_png["textarea-background-hovered@3x.png"]\n    Root --> node_venv["venv"]\n    node_venv --> node_venv_lib["lib"]\n    node_venv_lib --> node_venv_lib_python3_12["python3.12"]\n    node_venv_lib_python3_12 --> node_venv_lib_python3_12_site-packages["site-packages"]\n    node_venv_lib_python3_12_site-packages --> node_venv_lib_python3_12_site-packages_PyQt6["PyQt6"]\n    node_venv_lib_python3_12_site-packages_PyQt6 --> node_venv_lib_python3_12_site-packages_PyQt6_Qt6["Qt6"]\n    node_venv_lib_python3_12_site-packages_PyQt6_Qt6 --> node_venv_lib_python3_12_site-packages_PyQt6_Qt6_qml["qml"]\n    node_venv_lib_python3_12_site-packages_PyQt6_Qt6_qml --> node_venv_lib_python3_12_site-packages_PyQt6_Qt6_qml_QtQuick["QtQuick"]\n    node_venv_lib_python3_12_site-packages_PyQt6_Qt6_qml_QtQuick --> node_venv_lib_python3_12_site-packages_PyQt6_Qt6_qml_QtQuick_Controls["Controls"]\n    node_venv_lib_python3_12_site-packages_PyQt6_Qt6_qml_QtQuick_Controls --> node_venv_lib_python3_12_site-packages_PyQt6_Qt6_qml_QtQuick_Controls_FluentWinUI3["FluentWinUI3"]\n    node_venv_lib_python3_12_site-packages_PyQt6_Qt6_qml_QtQuick_Controls_FluentWinUI3 --> node_venv_lib_python3_12_site-packages_PyQt6_Qt6_qml_QtQuick_Controls_FluentWinUI3_light["light"]\n    node_venv_lib_python3_12_site-packages_PyQt6_Qt6_qml_QtQuick_Controls_FluentWinUI3_light --> node_venv_lib_python3_12_site-packages_PyQt6_Qt6_qml_QtQuick_Controls_FluentWinUI3_light_images["images"]\n    node_venv_lib_python3_12_site-packages_PyQt6_Qt6_qml_QtQuick_Controls_FluentWinUI3_light_images --> node_venv_lib_python3_12_site-packages_PyQt6_Qt6_qml_QtQuick_Controls_FluentWinUI3_light_images_textarea-background_png["textarea-background.png"]\n    Root --> node_venv["venv"]\n    node_venv --> node_venv_lib["lib"]\n    node_venv_lib --> node_venv_lib_python3_12["python3.12"]\n    node_venv_lib_python3_12 --> node_venv_lib_python3_12_site-packages["site-packages"]\n    node_venv_lib_python3_12_site-packages --> node_venv_lib_python3_12_site-packages_PyQt6["PyQt6"]\n    node_venv_lib_python3_12_site-packages_PyQt6 --> node_venv_lib_python3_12_site-packages_PyQt6_Qt6["Qt6"]\n    node_venv_lib_python3_12_site-packages_PyQt6_Qt6 --> node_venv_lib_python3_12_site-packages_PyQt6_Qt6_qml["qml"]\n    node_venv_lib_python3_12_site-packages_PyQt6_Qt6_qml --> node_venv_lib_python3_12_site-packages_PyQt6_Qt6_qml_QtQuick["QtQuick"]\n    node_venv_lib_python3_12_site-packages_PyQt6_Qt6_qml_QtQuick --> node_venv_lib_python3_12_site-packages_PyQt6_Qt6_qml_QtQuick_Controls["Controls"]\n    node_venv_lib_python3_12_site-packages_PyQt6_Qt6_qml_QtQuick_Controls --> node_venv_lib_python3_12_site-packages_PyQt6_Qt6_qml_QtQuick_Controls_FluentWinUI3["FluentWinUI3"]\n    node_venv_lib_python3_12_site-packages_PyQt6_Qt6_qml_QtQuick_Controls_FluentWinUI3 --> node_venv_lib_python3_12_site-packages_PyQt6_Qt6_qml_QtQuick_Controls_FluentWinUI3_light["light"]\n    node_venv_lib_python3_12_site-packages_PyQt6_Qt6_qml_QtQuick_Controls_FluentWinUI3_light --> node_venv_lib_python3_12_site-packages_PyQt6_Qt6_qml_QtQuick_Controls_FluentWinUI3_light_images["images"]\n    node_venv_lib_python3_12_site-packages_PyQt6_Qt6_qml_QtQuick_Controls_FluentWinUI3_light_images --> node_venv_lib_python3_12_site-packages_PyQt6_Qt6_qml_QtQuick_Controls_FluentWinUI3_light_images_textarea-background@2x_png["textarea-background@2x.png"]\n    Root --> node_venv["venv"]\n    node_venv --> node_venv_lib["lib"]\n    node_venv_lib --> node_venv_lib_python3_12["python3.12"]\n    node_venv_lib_python3_12 --> node_venv_lib_python3_12_site-packages["site-packages"]\n    node_venv_lib_python3_12_site-packages --> node_venv_lib_python3_12_site-packages_PyQt6["PyQt6"]\n    node_venv_lib_python3_12_site-packages_PyQt6 --> node_venv_lib_python3_12_site-packages_PyQt6_Qt6["Qt6"]\n    node_venv_lib_python3_12_site-packages_PyQt6_Qt6 --> node_venv_lib_python3_12_site-packages_PyQt6_Qt6_qml["qml"]\n    node_venv_lib_python3_12_site-packages_PyQt6_Qt6_qml --> node_venv_lib_python3_12_site-packages_PyQt6_Qt6_qml_QtQuick["QtQuick"]\n    node_venv_lib_python3_12_site-packages_PyQt6_Qt6_qml_QtQuick --> node_venv_lib_python3_12_site-packages_PyQt6_Qt6_qml_QtQuick_Controls["Controls"]\n    node_venv_lib_python3_12_site-packages_PyQt6_Qt6_qml_QtQuick_Controls --> node_venv_lib_python3_12_site-packages_PyQt6_Qt6_qml_QtQuick_Controls_FluentWinUI3["FluentWinUI3"]\n    node_venv_lib_python3_12_site-packages_PyQt6_Qt6_qml_QtQuick_Controls_FluentWinUI3 --> node_venv_lib_python3_12_site-packages_PyQt6_Qt6_qml_QtQuick_Controls_FluentWinUI3_light["light"]\n    node_venv_lib_python3_12_site-packages_PyQt6_Qt6_qml_QtQuick_Controls_FluentWinUI3_light --> node_venv_lib_python3_12_site-packages_PyQt6_Qt6_qml_QtQuick_Controls_FluentWinUI3_light_images["images"]\n    node_venv_lib_python3_12_site-packages_PyQt6_Qt6_qml_QtQuick_Controls_FluentWinUI3_light_images --> node_venv_lib_python3_12_site-packages_PyQt6_Qt6_qml_QtQuick_Controls_FluentWinUI3_light_images_textarea-background@3x_png["textarea-background@3x.png"]\n    Root --> node_venv["venv"]\n    node_venv --> node_venv_lib["lib"]\n    node_venv_lib --> node_venv_lib_python3_12["python3.12"]\n    node_venv_lib_python3_12 --> node_venv_lib_python3_12_site-packages["site-packages"]\n    node_venv_lib_python3_12_site-packages --> node_venv_lib_python3_12_site-packages_PyQt6["PyQt6"]\n    node_venv_lib_python3_12_site-packages_PyQt6 --> node_venv_lib_python3_12_site-packages_PyQt6_Qt6["Qt6"]\n    node_venv_lib_python3_12_site-packages_PyQt6_Qt6 --> node_venv_lib_python3_12_site-packages_PyQt6_Qt6_qml["qml"]\n    node_venv_lib_python3_12_site-packages_PyQt6_Qt6_qml --> node_venv_lib_python3_12_site-packages_PyQt6_Qt6_qml_QtQuick["QtQuick"]\n    node_venv_lib_python3_12_site-packages_PyQt6_Qt6_qml_QtQuick --> node_venv_lib_python3_12_site-packages_PyQt6_Qt6_qml_QtQuick_Controls["Controls"]\n    node_venv_lib_python3_12_site-packages_PyQt6_Qt6_qml_QtQuick_Controls --> node_venv_lib_python3_12_site-packages_PyQt6_Qt6_qml_QtQuick_Controls_FluentWinUI3["FluentWinUI3"]\n    node_venv_lib_python3_12_site-packages_PyQt6_Qt6_qml_QtQuick_Controls_FluentWinUI3 --> node_venv_lib_python3_12_site-packages_PyQt6_Qt6_qml_QtQuick_Controls_FluentWinUI3_light["light"]\n    node_venv_lib_python3_12_site-packages_PyQt6_Qt6_qml_QtQuick_Controls_FluentWinUI3_light --> node_venv_lib_python3_12_site-packages_PyQt6_Qt6_qml_QtQuick_Controls_FluentWinUI3_light_images["images"]\n    node_venv_lib_python3_12_site-packages_PyQt6_Qt6_qml_QtQuick_Controls_FluentWinUI3_light_images --> node_venv_lib_python3_12_site-packages_PyQt6_Qt6_qml_QtQuick_Controls_FluentWinUI3_light_images_textfield-background-disabled_png["textfield-background-disabled.png"]\n    Root --> node_venv["venv"]\n    node_venv --> node_venv_lib["lib"]\n    node_venv_lib --> node_venv_lib_python3_12["python3.12"]\n    node_venv_lib_python3_12 --> node_venv_lib_python3_12_site-packages["site-packages"]\n    node_venv_lib_python3_12_site-packages --> node_venv_lib_python3_12_site-packages_PyQt6["PyQt6"]\n    node_venv_lib_python3_12_site-packages_PyQt6 --> node_venv_lib_python3_12_site-packages_PyQt6_Qt6["Qt6"]\n    node_venv_lib_python3_12_site-packages_PyQt6_Qt6 --> node_venv_lib_python3_12_site-packages_PyQt6_Qt6_qml["qml"]\n    node_venv_lib_python3_12_site-packages_PyQt6_Qt6_qml --> node_venv_lib_python3_12_site-packages_PyQt6_Qt6_qml_QtQuick["QtQuick"]\n    node_venv_lib_python3_12_site-packages_PyQt6_Qt6_qml_QtQuick --> node_venv_lib_python3_12_site-packages_PyQt6_Qt6_qml_QtQuick_Controls["Controls"]\n    node_venv_lib_python3_12_site-packages_PyQt6_Qt6_qml_QtQuick_Controls --> node_venv_lib_python3_12_site-packages_PyQt6_Qt6_qml_QtQuick_Controls_FluentWinUI3["FluentWinUI3"]\n    node_venv_lib_python3_12_site-packages_PyQt6_Qt6_qml_QtQuick_Controls_FluentWinUI3 --> node_venv_lib_python3_12_site-packages_PyQt6_Qt6_qml_QtQuick_Controls_FluentWinUI3_light["light"]\n    node_venv_lib_python3_12_site-packages_PyQt6_Qt6_qml_QtQuick_Controls_FluentWinUI3_light --> node_venv_lib_python3_12_site-packages_PyQt6_Qt6_qml_QtQuick_Controls_FluentWinUI3_light_images["images"]\n    node_venv_lib_python3_12_site-packages_PyQt6_Qt6_qml_QtQuick_Controls_FluentWinUI3_light_images --> node_venv_lib_python3_12_site-packages_PyQt6_Qt6_qml_QtQuick_Controls_FluentWinUI3_light_images_textfield-background-disabled@2x_png["textfield-background-disabled@2x.png"]\n    Root --> node_venv["venv"]\n    node_venv --> node_venv_lib["lib"]\n    node_venv_lib --> node_venv_lib_python3_12["python3.12"]\n    node_venv_lib_python3_12 --> node_venv_lib_python3_12_site-packages["site-packages"]\n    node_venv_lib_python3_12_site-packages --> node_venv_lib_python3_12_site-packages_PyQt6["PyQt6"]\n    node_venv_lib_python3_12_site-packages_PyQt6 --> node_venv_lib_python3_12_site-packages_PyQt6_Qt6["Qt6"]\n    node_venv_lib_python3_12_site-packages_PyQt6_Qt6 --> node_venv_lib_python3_12_site-packages_PyQt6_Qt6_qml["qml"]\n    node_venv_lib_python3_12_site-packages_PyQt6_Qt6_qml --> node_venv_lib_python3_12_site-packages_PyQt6_Qt6_qml_QtQuick["QtQuick"]\n    node_venv_lib_python3_12_site-packages_PyQt6_Qt6_qml_QtQuick --> node_venv_lib_python3_12_site-packages_PyQt6_Qt6_qml_QtQuick_Controls["Controls"]\n    node_venv_lib_python3_12_site-packages_PyQt6_Qt6_qml_QtQuick_Controls --> node_venv_lib_python3_12_site-packages_PyQt6_Qt6_qml_QtQuick_Controls_FluentWinUI3["FluentWinUI3"]\n    node_venv_lib_python3_12_site-packages_PyQt6_Qt6_qml_QtQuick_Controls_FluentWinUI3 --> node_venv_lib_python3_12_site-packages_PyQt6_Qt6_qml_QtQuick_Controls_FluentWinUI3_light["light"]\n    node_venv_lib_python3_12_site-packages_PyQt6_Qt6_qml_QtQuick_Controls_FluentWinUI3_light --> node_venv_lib_python3_12_site-packages_PyQt6_Qt6_qml_QtQuick_Controls_FluentWinUI3_light_images["images"]\n    node_venv_lib_python3_12_site-packages_PyQt6_Qt6_qml_QtQuick_Controls_FluentWinUI3_light_images --> node_venv_lib_python3_12_site-packages_PyQt6_Qt6_qml_QtQuick_Controls_FluentWinUI3_light_images_textfield-background-disabled@3x_png["textfield-background-disabled@3x.png"]\n    Root --> node_venv["venv"]\n    node_venv --> node_venv_lib["lib"]\n    node_venv_lib --> node_venv_lib_python3_12["python3.12"]\n    node_venv_lib_python3_12 --> node_venv_lib_python3_12_site-packages["site-packages"]\n    node_venv_lib_python3_12_site-packages --> node_venv_lib_python3_12_site-packages_PyQt6["PyQt6"]\n    node_venv_lib_python3_12_site-packages_PyQt6 --> node_venv_lib_python3_12_site-packages_PyQt6_Qt6["Qt6"]\n    node_venv_lib_python3_12_site-packages_PyQt6_Qt6 --> node_venv_lib_python3_12_site-packages_PyQt6_Qt6_qml["qml"]\n    node_venv_lib_python3_12_site-packages_PyQt6_Qt6_qml --> node_venv_lib_python3_12_site-packages_PyQt6_Qt6_qml_QtQuick["QtQuick"]\n    node_venv_lib_python3_12_site-packages_PyQt6_Qt6_qml_QtQuick --> node_venv_lib_python3_12_site-packages_PyQt6_Qt6_qml_QtQuick_Controls["Controls"]\n    node_venv_lib_python3_12_site-packages_PyQt6_Qt6_qml_QtQuick_Controls --> node_venv_lib_python3_12_site-packages_PyQt6_Qt6_qml_QtQuick_Controls_FluentWinUI3["FluentWinUI3"]\n    node_venv_lib_python3_12_site-packages_PyQt6_Qt6_qml_QtQuick_Controls_FluentWinUI3 --> node_venv_lib_python3_12_site-packages_PyQt6_Qt6_qml_QtQuick_Controls_FluentWinUI3_light["light"]\n    node_venv_lib_python3_12_site-packages_PyQt6_Qt6_qml_QtQuick_Controls_FluentWinUI3_light --> node_venv_lib_python3_12_site-packages_PyQt6_Qt6_qml_QtQuick_Controls_FluentWinUI3_light_images["images"]\n    node_venv_lib_python3_12_site-packages_PyQt6_Qt6_qml_QtQuick_Controls_FluentWinUI3_light_images --> node_venv_lib_python3_12_site-packages_PyQt6_Qt6_qml_QtQuick_Controls_FluentWinUI3_light_images_textfield-background-focused_png["textfield-background-focused.png"]\n    Root --> node_venv["venv"]\n    node_venv --> node_venv_lib["lib"]\n    node_venv_lib --> node_venv_lib_python3_12["python3.12"]\n    node_venv_lib_python3_12 --> node_venv_lib_python3_12_site-packages["site-packages"]\n    node_venv_lib_python3_12_site-packages --> node_venv_lib_python3_12_site-packages_PyQt6["PyQt6"]\n    node_venv_lib_python3_12_site-packages_PyQt6 --> node_venv_lib_python3_12_site-packages_PyQt6_Qt6["Qt6"]\n    node_venv_lib_python3_12_site-packages_PyQt6_Qt6 --> node_venv_lib_python3_12_site-packages_PyQt6_Qt6_qml["qml"]\n    node_venv_lib_python3_12_site-packages_PyQt6_Qt6_qml --> node_venv_lib_python3_12_site-packages_PyQt6_Qt6_qml_QtQuick["QtQuick"]\n    node_venv_lib_python3_12_site-packages_PyQt6_Qt6_qml_QtQuick --> node_venv_lib_python3_12_site-packages_PyQt6_Qt6_qml_QtQuick_Controls["Controls"]\n    node_venv_lib_python3_12_site-packages_PyQt6_Qt6_qml_QtQuick_Controls --> node_venv_lib_python3_12_site-packages_PyQt6_Qt6_qml_QtQuick_Controls_FluentWinUI3["FluentWinUI3"]\n    node_venv_lib_python3_12_site-packages_PyQt6_Qt6_qml_QtQuick_Controls_FluentWinUI3 --> node_venv_lib_python3_12_site-packages_PyQt6_Qt6_qml_QtQuick_Controls_FluentWinUI3_light["light"]\n    node_venv_lib_python3_12_site-packages_PyQt6_Qt6_qml_QtQuick_Controls_FluentWinUI3_light --> node_venv_lib_python3_12_site-packages_PyQt6_Qt6_qml_QtQuick_Controls_FluentWinUI3_light_images["images"]\n    node_venv_lib_python3_12_site-packages_PyQt6_Qt6_qml_QtQuick_Controls_FluentWinUI3_light_images --> node_venv_lib_python3_12_site-packages_PyQt6_Qt6_qml_QtQuick_Controls_FluentWinUI3_light_images_textfield-background-focused@2x_png["textfield-background-focused@2x.png"]\n    Root --> node_venv["venv"]\n    node_venv --> node_venv_lib["lib"]\n    node_venv_lib --> node_venv_lib_python3_12["python3.12"]\n    node_venv_lib_python3_12 --> node_venv_lib_python3_12_site-packages["site-packages"]\n    node_venv_lib_python3_12_site-packages --> node_venv_lib_python3_12_site-packages_PyQt6["PyQt6"]\n    node_venv_lib_python3_12_site-packages_PyQt6 --> node_venv_lib_python3_12_site-packages_PyQt6_Qt6["Qt6"]\n    node_venv_lib_python3_12_site-packages_PyQt6_Qt6 --> node_venv_lib_python3_12_site-packages_PyQt6_Qt6_qml["qml"]\n    node_venv_lib_python3_12_site-packages_PyQt6_Qt6_qml --> node_venv_lib_python3_12_site-packages_PyQt6_Qt6_qml_QtQuick["QtQuick"]\n    node_venv_lib_python3_12_site-packages_PyQt6_Qt6_qml_QtQuick --> node_venv_lib_python3_12_site-packages_PyQt6_Qt6_qml_QtQuick_Controls["Controls"]\n    node_venv_lib_python3_12_site-packages_PyQt6_Qt6_qml_QtQuick_Controls --> node_venv_lib_python3_12_site-packages_PyQt6_Qt6_qml_QtQuick_Controls_FluentWinUI3["FluentWinUI3"]\n    node_venv_lib_python3_12_site-packages_PyQt6_Qt6_qml_QtQuick_Controls_FluentWinUI3 --> node_venv_lib_python3_12_site-packages_PyQt6_Qt6_qml_QtQuick_Controls_FluentWinUI3_light["light"]\n    node_venv_lib_python3_12_site-packages_PyQt6_Qt6_qml_QtQuick_Controls_FluentWinUI3_light --> node_venv_lib_python3_12_site-packages_PyQt6_Qt6_qml_QtQuick_Controls_FluentWinUI3_light_images["images"]\n    node_venv_lib_python3_12_site-packages_PyQt6_Qt6_qml_QtQuick_Controls_FluentWinUI3_light_images --> node_venv_lib_python3_12_site-packages_PyQt6_Qt6_qml_QtQuick_Controls_FluentWinUI3_light_images_textfield-background-focused@3x_png["textfield-background-focused@3x.png"]\n    Root --> node_venv["venv"]\n    node_venv --> node_venv_lib["lib"]\n    node_venv_lib --> node_venv_lib_python3_12["python3.12"]\n    node_venv_lib_python3_12 --> node_venv_lib_python3_12_site-packages["site-packages"]\n    node_venv_lib_python3_12_site-packages --> node_venv_lib_python3_12_site-packages_PyQt6["PyQt6"]\n    node_venv_lib_python3_12_site-packages_PyQt6 --> node_venv_lib_python3_12_site-packages_PyQt6_Qt6["Qt6"]\n    node_venv_lib_python3_12_site-packages_PyQt6_Qt6 --> node_venv_lib_python3_12_site-packages_PyQt6_Qt6_qml["qml"]\n    node_venv_lib_python3_12_site-packages_PyQt6_Qt6_qml --> node_venv_lib_python3_12_site-packages_PyQt6_Qt6_qml_QtQuick["QtQuick"]\n    node_venv_lib_python3_12_site-packages_PyQt6_Qt6_qml_QtQuick --> node_venv_lib_python3_12_site-packages_PyQt6_Qt6_qml_QtQuick_Controls["Controls"]\n    node_venv_lib_python3_12_site-packages_PyQt6_Qt6_qml_QtQuick_Controls --> node_venv_lib_python3_12_site-packages_PyQt6_Qt6_qml_QtQuick_Controls_FluentWinUI3["FluentWinUI3"]\n    node_venv_lib_python3_12_site-packages_PyQt6_Qt6_qml_QtQuick_Controls_FluentWinUI3 --> node_venv_lib_python3_12_site-packages_PyQt6_Qt6_qml_QtQuick_Controls_FluentWinUI3_light["light"]\n    node_venv_lib_python3_12_site-packages_PyQt6_Qt6_qml_QtQuick_Controls_FluentWinUI3_light --> node_venv_lib_python3_12_site-packages_PyQt6_Qt6_qml_QtQuick_Controls_FluentWinUI3_light_images["images"]\n    node_venv_lib_python3_12_site-packages_PyQt6_Qt6_qml_QtQuick_Controls_FluentWinUI3_light_images --> node_venv_lib_python3_12_site-packages_PyQt6_Qt6_qml_QtQuick_Controls_FluentWinUI3_light_images_textfield-background-hovered_png["textfield-background-hovered.png"]\n    Root --> node_venv["venv"]\n    node_venv --> node_venv_lib["lib"]\n    node_venv_lib --> node_venv_lib_python3_12["python3.12"]\n    node_venv_lib_python3_12 --> node_venv_lib_python3_12_site-packages["site-packages"]\n    node_venv_lib_python3_12_site-packages --> node_venv_lib_python3_12_site-packages_PyQt6["PyQt6"]\n    node_venv_lib_python3_12_site-packages_PyQt6 --> node_venv_lib_python3_12_site-packages_PyQt6_Qt6["Qt6"]\n    node_venv_lib_python3_12_site-packages_PyQt6_Qt6 --> node_venv_lib_python3_12_site-packages_PyQt6_Qt6_qml["qml"]\n    node_venv_lib_python3_12_site-packages_PyQt6_Qt6_qml --> node_venv_lib_python3_12_site-packages_PyQt6_Qt6_qml_QtQuick["QtQuick"]\n    node_venv_lib_python3_12_site-packages_PyQt6_Qt6_qml_QtQuick --> node_venv_lib_python3_12_site-packages_PyQt6_Qt6_qml_QtQuick_Controls["Controls"]\n    node_venv_lib_python3_12_site-packages_PyQt6_Qt6_qml_QtQuick_Controls --> node_venv_lib_python3_12_site-packages_PyQt6_Qt6_qml_QtQuick_Controls_FluentWinUI3["FluentWinUI3"]\n    node_venv_lib_python3_12_site-packages_PyQt6_Qt6_qml_QtQuick_Controls_FluentWinUI3 --> node_venv_lib_python3_12_site-packages_PyQt6_Qt6_qml_QtQuick_Controls_FluentWinUI3_light["light"]\n    node_venv_lib_python3_12_site-packages_PyQt6_Qt6_qml_QtQuick_Controls_FluentWinUI3_light --> node_venv_lib_python3_12_site-packages_PyQt6_Qt6_qml_QtQuick_Controls_FluentWinUI3_light_images["images"]\n    node_venv_lib_python3_12_site-packages_PyQt6_Qt6_qml_QtQuick_Controls_FluentWinUI3_light_images --> node_venv_lib_python3_12_site-packages_PyQt6_Qt6_qml_QtQuick_Controls_FluentWinUI3_light_images_textfield-background-hovered@2x_png["textfield-background-hovered@2x.png"]\n    Root --> node_venv["venv"]\n    node_venv --> node_venv_lib["lib"]\n    node_venv_lib --> node_venv_lib_python3_12["python3.12"]\n    node_venv_lib_python3_12 --> node_venv_lib_python3_12_site-packages["site-packages"]\n    node_venv_lib_python3_12_site-packages --> node_venv_lib_python3_12_site-packages_PyQt6["PyQt6"]\n    node_venv_lib_python3_12_site-packages_PyQt6 --> node_venv_lib_python3_12_site-packages_PyQt6_Qt6["Qt6"]\n    node_venv_lib_python3_12_site-packages_PyQt6_Qt6 --> node_venv_lib_python3_12_site-packages_PyQt6_Qt6_qml["qml"]\n    node_venv_lib_python3_12_site-packages_PyQt6_Qt6_qml --> node_venv_lib_python3_12_site-packages_PyQt6_Qt6_qml_QtQuick["QtQuick"]\n    node_venv_lib_python3_12_site-packages_PyQt6_Qt6_qml_QtQuick --> node_venv_lib_python3_12_site-packages_PyQt6_Qt6_qml_QtQuick_Controls["Controls"]\n    node_venv_lib_python3_12_site-packages_PyQt6_Qt6_qml_QtQuick_Controls --> node_venv_lib_python3_12_site-packages_PyQt6_Qt6_qml_QtQuick_Controls_FluentWinUI3["FluentWinUI3"]\n    node_venv_lib_python3_12_site-packages_PyQt6_Qt6_qml_QtQuick_Controls_FluentWinUI3 --> node_venv_lib_python3_12_site-packages_PyQt6_Qt6_qml_QtQuick_Controls_FluentWinUI3_light["light"]\n    node_venv_lib_python3_12_site-packages_PyQt6_Qt6_qml_QtQuick_Controls_FluentWinUI3_light --> node_venv_lib_python3_12_site-packages_PyQt6_Qt6_qml_QtQuick_Controls_FluentWinUI3_light_images["images"]\n    node_venv_lib_python3_12_site-packages_PyQt6_Qt6_qml_QtQuick_Controls_FluentWinUI3_light_images --> node_venv_lib_python3_12_site-packages_PyQt6_Qt6_qml_QtQuick_Controls_FluentWinUI3_light_images_textfield-background-hovered@3x_png["textfield-background-hovered@3x.png"]\n    Root --> node_venv["venv"]\n    node_venv --> node_venv_lib["lib"]\n    node_venv_lib --> node_venv_lib_python3_12["python3.12"]\n    node_venv_lib_python3_12 --> node_venv_lib_python3_12_site-packages["site-packages"]\n    node_venv_lib_python3_12_site-packages --> node_venv_lib_python3_12_site-packages_PyQt6["PyQt6"]\n    node_venv_lib_python3_12_site-packages_PyQt6 --> node_venv_lib_python3_12_site-packages_PyQt6_Qt6["Qt6"]\n    node_venv_lib_python3_12_site-packages_PyQt6_Qt6 --> node_venv_lib_python3_12_site-packages_PyQt6_Qt6_qml["qml"]\n    node_venv_lib_python3_12_site-packages_PyQt6_Qt6_qml --> node_venv_lib_python3_12_site-packages_PyQt6_Qt6_qml_QtQuick["QtQuick"]\n    node_venv_lib_python3_12_site-packages_PyQt6_Qt6_qml_QtQuick --> node_venv_lib_python3_12_site-packages_PyQt6_Qt6_qml_QtQuick_Controls["Controls"]\n    node_venv_lib_python3_12_site-packages_PyQt6_Qt6_qml_QtQuick_Controls --> node_venv_lib_python3_12_site-packages_PyQt6_Qt6_qml_QtQuick_Controls_FluentWinUI3["FluentWinUI3"]\n    node_venv_lib_python3_12_site-packages_PyQt6_Qt6_qml_QtQuick_Controls_FluentWinUI3 --> node_venv_lib_python3_12_site-packages_PyQt6_Qt6_qml_QtQuick_Controls_FluentWinUI3_light["light"]\n    node_venv_lib_python3_12_site-packages_PyQt6_Qt6_qml_QtQuick_Controls_FluentWinUI3_light --> node_venv_lib_python3_12_site-packages_PyQt6_Qt6_qml_QtQuick_Controls_FluentWinUI3_light_images["images"]\n    node_venv_lib_python3_12_site-packages_PyQt6_Qt6_qml_QtQuick_Controls_FluentWinUI3_light_images --> node_venv_lib_python3_12_site-packages_PyQt6_Qt6_qml_QtQuick_Controls_FluentWinUI3_light_images_textfield-background_png["textfield-background.png"]\n    Root --> node_venv["venv"]\n    node_venv --> node_venv_lib["lib"]\n    node_venv_lib --> node_venv_lib_python3_12["python3.12"]\n    node_venv_lib_python3_12 --> node_venv_lib_python3_12_site-packages["site-packages"]\n    node_venv_lib_python3_12_site-packages --> node_venv_lib_python3_12_site-packages_PyQt6["PyQt6"]\n    node_venv_lib_python3_12_site-packages_PyQt6 --> node_venv_lib_python3_12_site-packages_PyQt6_Qt6["Qt6"]\n    node_venv_lib_python3_12_site-packages_PyQt6_Qt6 --> node_venv_lib_python3_12_site-packages_PyQt6_Qt6_qml["qml"]\n    node_venv_lib_python3_12_site-packages_PyQt6_Qt6_qml --> node_venv_lib_python3_12_site-packages_PyQt6_Qt6_qml_QtQuick["QtQuick"]\n    node_venv_lib_python3_12_site-packages_PyQt6_Qt6_qml_QtQuick --> node_venv_lib_python3_12_site-packages_PyQt6_Qt6_qml_QtQuick_Controls["Controls"]\n    node_venv_lib_python3_12_site-packages_PyQt6_Qt6_qml_QtQuick_Controls --> node_venv_lib_python3_12_site-packages_PyQt6_Qt6_qml_QtQuick_Controls_FluentWinUI3["FluentWinUI3"]\n    node_venv_lib_python3_12_site-packages_PyQt6_Qt6_qml_QtQuick_Controls_FluentWinUI3 --> node_venv_lib_python3_12_site-packages_PyQt6_Qt6_qml_QtQuick_Controls_FluentWinUI3_light["light"]\n    node_venv_lib_python3_12_site-packages_PyQt6_Qt6_qml_QtQuick_Controls_FluentWinUI3_light --> node_venv_lib_python3_12_site-packages_PyQt6_Qt6_qml_QtQuick_Controls_FluentWinUI3_light_images["images"]\n    node_venv_lib_python3_12_site-packages_PyQt6_Qt6_qml_QtQuick_Controls_FluentWinUI3_light_images --> node_venv_lib_python3_12_site-packages_PyQt6_Qt6_qml_QtQuick_Controls_FluentWinUI3_light_images_textfield-background@2x_png["textfield-background@2x.png"]\n    Root --> node_venv["venv"]\n    node_venv --> node_venv_lib["lib"]\n    node_venv_lib --> node_venv_lib_python3_12["python3.12"]\n    node_venv_lib_python3_12 --> node_venv_lib_python3_12_site-packages["site-packages"]\n    node_venv_lib_python3_12_site-packages --> node_venv_lib_python3_12_site-packages_PyQt6["PyQt6"]\n    node_venv_lib_python3_12_site-packages_PyQt6 --> node_venv_lib_python3_12_site-packages_PyQt6_Qt6["Qt6"]\n    node_venv_lib_python3_12_site-packages_PyQt6_Qt6 --> node_venv_lib_python3_12_site-packages_PyQt6_Qt6_qml["qml"]\n    node_venv_lib_python3_12_site-packages_PyQt6_Qt6_qml --> node_venv_lib_python3_12_site-packages_PyQt6_Qt6_qml_QtQuick["QtQuick"]\n    node_venv_lib_python3_12_site-packages_PyQt6_Qt6_qml_QtQuick --> node_venv_lib_python3_12_site-packages_PyQt6_Qt6_qml_QtQuick_Controls["Controls"]\n    node_venv_lib_python3_12_site-packages_PyQt6_Qt6_qml_QtQuick_Controls --> node_venv_lib_python3_12_site-packages_PyQt6_Qt6_qml_QtQuick_Controls_FluentWinUI3["FluentWinUI3"]\n    node_venv_lib_python3_12_site-packages_PyQt6_Qt6_qml_QtQuick_Controls_FluentWinUI3 --> node_venv_lib_python3_12_site-packages_PyQt6_Qt6_qml_QtQuick_Controls_FluentWinUI3_light["light"]\n    node_venv_lib_python3_12_site-packages_PyQt6_Qt6_qml_QtQuick_Controls_FluentWinUI3_light --> node_venv_lib_python3_12_site-packages_PyQt6_Qt6_qml_QtQuick_Controls_FluentWinUI3_light_images["images"]\n    node_venv_lib_python3_12_site-packages_PyQt6_Qt6_qml_QtQuick_Controls_FluentWinUI3_light_images --> node_venv_lib_python3_12_site-packages_PyQt6_Qt6_qml_QtQuick_Controls_FluentWinUI3_light_images_textfield-background@3x_png["textfield-background@3x.png"]\n    Root --> node_venv["venv"]\n    node_venv --> node_venv_lib["lib"]\n    node_venv_lib --> node_venv_lib_python3_12["python3.12"]\n    node_venv_lib_python3_12 --> node_venv_lib_python3_12_site-packages["site-packages"]\n    node_venv_lib_python3_12_site-packages --> node_venv_lib_python3_12_site-packages_PyQt6["PyQt6"]\n    node_venv_lib_python3_12_site-packages_PyQt6 --> node_venv_lib_python3_12_site-packages_PyQt6_Qt6["Qt6"]\n    node_venv_lib_python3_12_site-packages_PyQt6_Qt6 --> node_venv_lib_python3_12_site-packages_PyQt6_Qt6_qml["qml"]\n    node_venv_lib_python3_12_site-packages_PyQt6_Qt6_qml --> node_venv_lib_python3_12_site-packages_PyQt6_Qt6_qml_QtQuick["QtQuick"]\n    node_venv_lib_python3_12_site-packages_PyQt6_Qt6_qml_QtQuick --> node_venv_lib_python3_12_site-packages_PyQt6_Qt6_qml_QtQuick_Controls["Controls"]\n    node_venv_lib_python3_12_site-packages_PyQt6_Qt6_qml_QtQuick_Controls --> node_venv_lib_python3_12_site-packages_PyQt6_Qt6_qml_QtQuick_Controls_FluentWinUI3["FluentWinUI3"]\n    node_venv_lib_python3_12_site-packages_PyQt6_Qt6_qml_QtQuick_Controls_FluentWinUI3 --> node_venv_lib_python3_12_site-packages_PyQt6_Qt6_qml_QtQuick_Controls_FluentWinUI3_dark["dark"]\n    node_venv_lib_python3_12_site-packages_PyQt6_Qt6_qml_QtQuick_Controls_FluentWinUI3_dark --> node_venv_lib_python3_12_site-packages_PyQt6_Qt6_qml_QtQuick_Controls_FluentWinUI3_dark_images["images"]\n    node_venv_lib_python3_12_site-packages_PyQt6_Qt6_qml_QtQuick_Controls_FluentWinUI3_dark_images --> node_venv_lib_python3_12_site-packages_PyQt6_Qt6_qml_QtQuick_Controls_FluentWinUI3_dark_images_checkbox-indicator-checked-disabled_png["checkbox-indicator-checked-disabled.png"]\n    Root --> node_venv["venv"]\n    node_venv --> node_venv_lib["lib"]\n    node_venv_lib --> node_venv_lib_python3_12["python3.12"]\n    node_venv_lib_python3_12 --> node_venv_lib_python3_12_site-packages["site-packages"]\n    node_venv_lib_python3_12_site-packages --> node_venv_lib_python3_12_site-packages_PyQt6["PyQt6"]\n    node_venv_lib_python3_12_site-packages_PyQt6 --> node_venv_lib_python3_12_site-packages_PyQt6_Qt6["Qt6"]\n    node_venv_lib_python3_12_site-packages_PyQt6_Qt6 --> node_venv_lib_python3_12_site-packages_PyQt6_Qt6_qml["qml"]\n    node_venv_lib_python3_12_site-packages_PyQt6_Qt6_qml --> node_venv_lib_python3_12_site-packages_PyQt6_Qt6_qml_QtQuick["QtQuick"]\n    node_venv_lib_python3_12_site-packages_PyQt6_Qt6_qml_QtQuick --> node_venv_lib_python3_12_site-packages_PyQt6_Qt6_qml_QtQuick_Controls["Controls"]\n    node_venv_lib_python3_12_site-packages_PyQt6_Qt6_qml_QtQuick_Controls --> node_venv_lib_python3_12_site-packages_PyQt6_Qt6_qml_QtQuick_Controls_FluentWinUI3["FluentWinUI3"]\n    node_venv_lib_python3_12_site-packages_PyQt6_Qt6_qml_QtQuick_Controls_FluentWinUI3 --> node_venv_lib_python3_12_site-packages_PyQt6_Qt6_qml_QtQuick_Controls_FluentWinUI3_dark["dark"]\n    node_venv_lib_python3_12_site-packages_PyQt6_Qt6_qml_QtQuick_Controls_FluentWinUI3_dark --> node_venv_lib_python3_12_site-packages_PyQt6_Qt6_qml_QtQuick_Controls_FluentWinUI3_dark_images["images"]\n    node_venv_lib_python3_12_site-packages_PyQt6_Qt6_qml_QtQuick_Controls_FluentWinUI3_dark_images --> node_venv_lib_python3_12_site-packages_PyQt6_Qt6_qml_QtQuick_Controls_FluentWinUI3_dark_images_checkbox-indicator-checked-disabled@2x_png["checkbox-indicator-checked-disabled@2x.png"]\n    Root --> node_venv["venv"]\n    node_venv --> node_venv_lib["lib"]\n    node_venv_lib --> node_venv_lib_python3_12["python3.12"]\n    node_venv_lib_python3_12 --> node_venv_lib_python3_12_site-packages["site-packages"]\n    node_venv_lib_python3_12_site-packages --> node_venv_lib_python3_12_site-packages_PyQt6["PyQt6"]\n    node_venv_lib_python3_12_site-packages_PyQt6 --> node_venv_lib_python3_12_site-packages_PyQt6_Qt6["Qt6"]\n    node_venv_lib_python3_12_site-packages_PyQt6_Qt6 --> node_venv_lib_python3_12_site-packages_PyQt6_Qt6_qml["qml"]\n    node_venv_lib_python3_12_site-packages_PyQt6_Qt6_qml --> node_venv_lib_python3_12_site-packages_PyQt6_Qt6_qml_QtQuick["QtQuick"]\n    node_venv_lib_python3_12_site-packages_PyQt6_Qt6_qml_QtQuick --> node_venv_lib_python3_12_site-packages_PyQt6_Qt6_qml_QtQuick_Controls["Controls"]\n    node_venv_lib_python3_12_site-packages_PyQt6_Qt6_qml_QtQuick_Controls --> node_venv_lib_python3_12_site-packages_PyQt6_Qt6_qml_QtQuick_Controls_FluentWinUI3["FluentWinUI3"]\n    node_venv_lib_python3_12_site-packages_PyQt6_Qt6_qml_QtQuick_Controls_FluentWinUI3 --> node_venv_lib_python3_12_site-packages_PyQt6_Qt6_qml_QtQuick_Controls_FluentWinUI3_dark["dark"]\n    node_venv_lib_python3_12_site-packages_PyQt6_Qt6_qml_QtQuick_Controls_FluentWinUI3_dark --> node_venv_lib_python3_12_site-packages_PyQt6_Qt6_qml_QtQuick_Controls_FluentWinUI3_dark_images["images"]\n    node_venv_lib_python3_12_site-packages_PyQt6_Qt6_qml_QtQuick_Controls_FluentWinUI3_dark_images --> node_venv_lib_python3_12_site-packages_PyQt6_Qt6_qml_QtQuick_Controls_FluentWinUI3_dark_images_checkbox-indicator-checked-disabled@3x_png["checkbox-indicator-checked-disabled@3x.png"]\n    Root --> node_venv["venv"]\n    node_venv --> node_venv_lib["lib"]\n    node_venv_lib --> node_venv_lib_python3_12["python3.12"]\n    node_venv_lib_python3_12 --> node_venv_lib_python3_12_site-packages["site-packages"]\n    node_venv_lib_python3_12_site-packages --> node_venv_lib_python3_12_site-packages_PyQt6["PyQt6"]\n    node_venv_lib_python3_12_site-packages_PyQt6 --> node_venv_lib_python3_12_site-packages_PyQt6_Qt6["Qt6"]\n    node_venv_lib_python3_12_site-packages_PyQt6_Qt6 --> node_venv_lib_python3_12_site-packages_PyQt6_Qt6_qml["qml"]\n    node_venv_lib_python3_12_site-packages_PyQt6_Qt6_qml --> node_venv_lib_python3_12_site-packages_PyQt6_Qt6_qml_QtQuick["QtQuick"]\n    node_venv_lib_python3_12_site-packages_PyQt6_Qt6_qml_QtQuick --> node_venv_lib_python3_12_site-packages_PyQt6_Qt6_qml_QtQuick_Controls["Controls"]\n    node_venv_lib_python3_12_site-packages_PyQt6_Qt6_qml_QtQuick_Controls --> node_venv_lib_python3_12_site-packages_PyQt6_Qt6_qml_QtQuick_Controls_FluentWinUI3["FluentWinUI3"]\n    node_venv_lib_python3_12_site-packages_PyQt6_Qt6_qml_QtQuick_Controls_FluentWinUI3 --> node_venv_lib_python3_12_site-packages_PyQt6_Qt6_qml_QtQuick_Controls_FluentWinUI3_dark["dark"]\n    node_venv_lib_python3_12_site-packages_PyQt6_Qt6_qml_QtQuick_Controls_FluentWinUI3_dark --> node_venv_lib_python3_12_site-packages_PyQt6_Qt6_qml_QtQuick_Controls_FluentWinUI3_dark_images["images"]\n    node_venv_lib_python3_12_site-packages_PyQt6_Qt6_qml_QtQuick_Controls_FluentWinUI3_dark_images --> node_venv_lib_python3_12_site-packages_PyQt6_Qt6_qml_QtQuick_Controls_FluentWinUI3_dark_images_checkbox-indicator-checked-hovered_png["checkbox-indicator-checked-hovered.png"]\n    Root --> node_venv["venv"]\n    node_venv --> node_venv_lib["lib"]\n    node_venv_lib --> node_venv_lib_python3_12["python3.12"]\n    node_venv_lib_python3_12 --> node_venv_lib_python3_12_site-packages["site-packages"]\n    node_venv_lib_python3_12_site-packages --> node_venv_lib_python3_12_site-packages_PyQt6["PyQt6"]\n    node_venv_lib_python3_12_site-packages_PyQt6 --> node_venv_lib_python3_12_site-packages_PyQt6_Qt6["Qt6"]\n    node_venv_lib_python3_12_site-packages_PyQt6_Qt6 --> node_venv_lib_python3_12_site-packages_PyQt6_Qt6_qml["qml"]\n    node_venv_lib_python3_12_site-packages_PyQt6_Qt6_qml --> node_venv_lib_python3_12_site-packages_PyQt6_Qt6_qml_QtQuick["QtQuick"]\n    node_venv_lib_python3_12_site-packages_PyQt6_Qt6_qml_QtQuick --> node_venv_lib_python3_12_site-packages_PyQt6_Qt6_qml_QtQuick_Controls["Controls"]\n    node_venv_lib_python3_12_site-packages_PyQt6_Qt6_qml_QtQuick_Controls --> node_venv_lib_python3_12_site-packages_PyQt6_Qt6_qml_QtQuick_Controls_FluentWinUI3["FluentWinUI3"]\n    node_venv_lib_python3_12_site-packages_PyQt6_Qt6_qml_QtQuick_Controls_FluentWinUI3 --> node_venv_lib_python3_12_site-packages_PyQt6_Qt6_qml_QtQuick_Controls_FluentWinUI3_dark["dark"]\n    node_venv_lib_python3_12_site-packages_PyQt6_Qt6_qml_QtQuick_Controls_FluentWinUI3_dark --> node_venv_lib_python3_12_site-packages_PyQt6_Qt6_qml_QtQuick_Controls_FluentWinUI3_dark_images["images"]\n    node_venv_lib_python3_12_site-packages_PyQt6_Qt6_qml_QtQuick_Controls_FluentWinUI3_dark_images --> node_venv_lib_python3_12_site-packages_PyQt6_Qt6_qml_QtQuick_Controls_FluentWinUI3_dark_images_checkbox-indicator-checked-hovered@2x_png["checkbox-indicator-checked-hovered@2x.png"]\n    Root --> node_venv["venv"]\n    node_venv --> node_venv_lib["lib"]\n    node_venv_lib --> node_venv_lib_python3_12["python3.12"]\n    node_venv_lib_python3_12 --> node_venv_lib_python3_12_site-packages["site-packages"]\n    node_venv_lib_python3_12_site-packages --> node_venv_lib_python3_12_site-packages_PyQt6["PyQt6"]\n    node_venv_lib_python3_12_site-packages_PyQt6 --> node_venv_lib_python3_12_site-packages_PyQt6_Qt6["Qt6"]\n    node_venv_lib_python3_12_site-packages_PyQt6_Qt6 --> node_venv_lib_python3_12_site-packages_PyQt6_Qt6_qml["qml"]\n    node_venv_lib_python3_12_site-packages_PyQt6_Qt6_qml --> node_venv_lib_python3_12_site-packages_PyQt6_Qt6_qml_QtQuick["QtQuick"]\n    node_venv_lib_python3_12_site-packages_PyQt6_Qt6_qml_QtQuick --> node_venv_lib_python3_12_site-packages_PyQt6_Qt6_qml_QtQuick_Controls["Controls"]\n    node_venv_lib_python3_12_site-packages_PyQt6_Qt6_qml_QtQuick_Controls --> node_venv_lib_python3_12_site-packages_PyQt6_Qt6_qml_QtQuick_Controls_FluentWinUI3["FluentWinUI3"]\n    node_venv_lib_python3_12_site-packages_PyQt6_Qt6_qml_QtQuick_Controls_FluentWinUI3 --> node_venv_lib_python3_12_site-packages_PyQt6_Qt6_qml_QtQuick_Controls_FluentWinUI3_dark["dark"]\n    node_venv_lib_python3_12_site-packages_PyQt6_Qt6_qml_QtQuick_Controls_FluentWinUI3_dark --> node_venv_lib_python3_12_site-packages_PyQt6_Qt6_qml_QtQuick_Controls_FluentWinUI3_dark_images["images"]\n    node_venv_lib_python3_12_site-packages_PyQt6_Qt6_qml_QtQuick_Controls_FluentWinUI3_dark_images --> node_venv_lib_python3_12_site-packages_PyQt6_Qt6_qml_QtQuick_Controls_FluentWinUI3_dark_images_checkbox-indicator-checked-hovered@3x_png["checkbox-indicator-checked-hovered@3x.png"]\n    Root --> node_venv["venv"]\n    node_venv --> node_venv_lib["lib"]\n    node_venv_lib --> node_venv_lib_python3_12["python3.12"]\n    node_venv_lib_python3_12 --> node_venv_lib_python3_12_site-packages["site-packages"]\n    node_venv_lib_python3_12_site-packages --> node_venv_lib_python3_12_site-packages_PyQt6["PyQt6"]\n    node_venv_lib_python3_12_site-packages_PyQt6 --> node_venv_lib_python3_12_site-packages_PyQt6_Qt6["Qt6"]\n    node_venv_lib_python3_12_site-packages_PyQt6_Qt6 --> node_venv_lib_python3_12_site-packages_PyQt6_Qt6_qml["qml"]\n    node_venv_lib_python3_12_site-packages_PyQt6_Qt6_qml --> node_venv_lib_python3_12_site-packages_PyQt6_Qt6_qml_QtQuick["QtQuick"]\n    node_venv_lib_python3_12_site-packages_PyQt6_Qt6_qml_QtQuick --> node_venv_lib_python3_12_site-packages_PyQt6_Qt6_qml_QtQuick_Controls["Controls"]\n    node_venv_lib_python3_12_site-packages_PyQt6_Qt6_qml_QtQuick_Controls --> node_venv_lib_python3_12_site-packages_PyQt6_Qt6_qml_QtQuick_Controls_FluentWinUI3["FluentWinUI3"]\n    node_venv_lib_python3_12_site-packages_PyQt6_Qt6_qml_QtQuick_Controls_FluentWinUI3 --> node_venv_lib_python3_12_site-packages_PyQt6_Qt6_qml_QtQuick_Controls_FluentWinUI3_dark["dark"]\n    node_venv_lib_python3_12_site-packages_PyQt6_Qt6_qml_QtQuick_Controls_FluentWinUI3_dark --> node_venv_lib_python3_12_site-packages_PyQt6_Qt6_qml_QtQuick_Controls_FluentWinUI3_dark_images["images"]\n    node_venv_lib_python3_12_site-packages_PyQt6_Qt6_qml_QtQuick_Controls_FluentWinUI3_dark_images --> node_venv_lib_python3_12_site-packages_PyQt6_Qt6_qml_QtQuick_Controls_FluentWinUI3_dark_images_checkbox-indicator-checked-pressed_png["checkbox-indicator-checked-pressed.png"]\n    Root --> node_venv["venv"]\n    node_venv --> node_venv_lib["lib"]\n    node_venv_lib --> node_venv_lib_python3_12["python3.12"]\n    node_venv_lib_python3_12 --> node_venv_lib_python3_12_site-packages["site-packages"]\n    node_venv_lib_python3_12_site-packages --> node_venv_lib_python3_12_site-packages_PyQt6["PyQt6"]\n    node_venv_lib_python3_12_site-packages_PyQt6 --> node_venv_lib_python3_12_site-packages_PyQt6_Qt6["Qt6"]\n    node_venv_lib_python3_12_site-packages_PyQt6_Qt6 --> node_venv_lib_python3_12_site-packages_PyQt6_Qt6_qml["qml"]\n    node_venv_lib_python3_12_site-packages_PyQt6_Qt6_qml --> node_venv_lib_python3_12_site-packages_PyQt6_Qt6_qml_QtQuick["QtQuick"]\n    node_venv_lib_python3_12_site-packages_PyQt6_Qt6_qml_QtQuick --> node_venv_lib_python3_12_site-packages_PyQt6_Qt6_qml_QtQuick_Controls["Controls"]\n    node_venv_lib_python3_12_site-packages_PyQt6_Qt6_qml_QtQuick_Controls --> node_venv_lib_python3_12_site-packages_PyQt6_Qt6_qml_QtQuick_Controls_FluentWinUI3["FluentWinUI3"]\n    node_venv_lib_python3_12_site-packages_PyQt6_Qt6_qml_QtQuick_Controls_FluentWinUI3 --> node_venv_lib_python3_12_site-packages_PyQt6_Qt6_qml_QtQuick_Controls_FluentWinUI3_dark["dark"]\n    node_venv_lib_python3_12_site-packages_PyQt6_Qt6_qml_QtQuick_Controls_FluentWinUI3_dark --> node_venv_lib_python3_12_site-packages_PyQt6_Qt6_qml_QtQuick_Controls_FluentWinUI3_dark_images["images"]\n    node_venv_lib_python3_12_site-packages_PyQt6_Qt6_qml_QtQuick_Controls_FluentWinUI3_dark_images --> node_venv_lib_python3_12_site-packages_PyQt6_Qt6_qml_QtQuick_Controls_FluentWinUI3_dark_images_checkbox-indicator-checked-pressed@2x_png["checkbox-indicator-checked-pressed@2x.png"]\n    Root --> node_venv["venv"]\n    node_venv --> node_venv_lib["lib"]\n    node_venv_lib --> node_venv_lib_python3_12["python3.12"]\n    node_venv_lib_python3_12 --> node_venv_lib_python3_12_site-packages["site-packages"]\n    node_venv_lib_python3_12_site-packages --> node_venv_lib_python3_12_site-packages_PyQt6["PyQt6"]\n    node_venv_lib_python3_12_site-packages_PyQt6 --> node_venv_lib_python3_12_site-packages_PyQt6_Qt6["Qt6"]\n    node_venv_lib_python3_12_site-packages_PyQt6_Qt6 --> node_venv_lib_python3_12_site-packages_PyQt6_Qt6_qml["qml"]\n    node_venv_lib_python3_12_site-packages_PyQt6_Qt6_qml --> node_venv_lib_python3_12_site-packages_PyQt6_Qt6_qml_QtQuick["QtQuick"]\n    node_venv_lib_python3_12_site-packages_PyQt6_Qt6_qml_QtQuick --> node_venv_lib_python3_12_site-packages_PyQt6_Qt6_qml_QtQuick_Controls["Controls"]\n    node_venv_lib_python3_12_site-packages_PyQt6_Qt6_qml_QtQuick_Controls --> node_venv_lib_python3_12_site-packages_PyQt6_Qt6_qml_QtQuick_Controls_FluentWinUI3["FluentWinUI3"]\n    node_venv_lib_python3_12_site-packages_PyQt6_Qt6_qml_QtQuick_Controls_FluentWinUI3 --> node_venv_lib_python3_12_site-packages_PyQt6_Qt6_qml_QtQuick_Controls_FluentWinUI3_dark["dark"]\n    node_venv_lib_python3_12_site-packages_PyQt6_Qt6_qml_QtQuick_Controls_FluentWinUI3_dark --> node_venv_lib_python3_12_site-packages_PyQt6_Qt6_qml_QtQuick_Controls_FluentWinUI3_dark_images["images"]\n    node_venv_lib_python3_12_site-packages_PyQt6_Qt6_qml_QtQuick_Controls_FluentWinUI3_dark_images --> node_venv_lib_python3_12_site-packages_PyQt6_Qt6_qml_QtQuick_Controls_FluentWinUI3_dark_images_checkbox-indicator-checked-pressed@3x_png["checkbox-indicator-checked-pressed@3x.png"]\n    Root --> node_venv["venv"]\n    node_venv --> node_venv_lib["lib"]\n    node_venv_lib --> node_venv_lib_python3_12["python3.12"]\n    node_venv_lib_python3_12 --> node_venv_lib_python3_12_site-packages["site-packages"]\n    node_venv_lib_python3_12_site-packages --> node_venv_lib_python3_12_site-packages_PyQt6["PyQt6"]\n    node_venv_lib_python3_12_site-packages_PyQt6 --> node_venv_lib_python3_12_site-packages_PyQt6_Qt6["Qt6"]\n    node_venv_lib_python3_12_site-packages_PyQt6_Qt6 --> node_venv_lib_python3_12_site-packages_PyQt6_Qt6_qml["qml"]\n    node_venv_lib_python3_12_site-packages_PyQt6_Qt6_qml --> node_venv_lib_python3_12_site-packages_PyQt6_Qt6_qml_QtQuick["QtQuick"]\n    node_venv_lib_python3_12_site-packages_PyQt6_Qt6_qml_QtQuick --> node_venv_lib_python3_12_site-packages_PyQt6_Qt6_qml_QtQuick_Controls["Controls"]\n    node_venv_lib_python3_12_site-packages_PyQt6_Qt6_qml_QtQuick_Controls --> node_venv_lib_python3_12_site-packages_PyQt6_Qt6_qml_QtQuick_Controls_FluentWinUI3["FluentWinUI3"]\n    node_venv_lib_python3_12_site-packages_PyQt6_Qt6_qml_QtQuick_Controls_FluentWinUI3 --> node_venv_lib_python3_12_site-packages_PyQt6_Qt6_qml_QtQuick_Controls_FluentWinUI3_dark["dark"]\n    node_venv_lib_python3_12_site-packages_PyQt6_Qt6_qml_QtQuick_Controls_FluentWinUI3_dark --> node_venv_lib_python3_12_site-packages_PyQt6_Qt6_qml_QtQuick_Controls_FluentWinUI3_dark_images["images"]\n    node_venv_lib_python3_12_site-packages_PyQt6_Qt6_qml_QtQuick_Controls_FluentWinUI3_dark_images --> node_venv_lib_python3_12_site-packages_PyQt6_Qt6_qml_QtQuick_Controls_FluentWinUI3_dark_images_checkbox-indicator-checked_png["checkbox-indicator-checked.png"]\n    Root --> node_venv["venv"]\n    node_venv --> node_venv_lib["lib"]\n    node_venv_lib --> node_venv_lib_python3_12["python3.12"]\n    node_venv_lib_python3_12 --> node_venv_lib_python3_12_site-packages["site-packages"]\n    node_venv_lib_python3_12_site-packages --> node_venv_lib_python3_12_site-packages_PyQt6["PyQt6"]\n    node_venv_lib_python3_12_site-packages_PyQt6 --> node_venv_lib_python3_12_site-packages_PyQt6_Qt6["Qt6"]\n    node_venv_lib_python3_12_site-packages_PyQt6_Qt6 --> node_venv_lib_python3_12_site-packages_PyQt6_Qt6_qml["qml"]\n    node_venv_lib_python3_12_site-packages_PyQt6_Qt6_qml --> node_venv_lib_python3_12_site-packages_PyQt6_Qt6_qml_QtQuick["QtQuick"]\n    node_venv_lib_python3_12_site-packages_PyQt6_Qt6_qml_QtQuick --> node_venv_lib_python3_12_site-packages_PyQt6_Qt6_qml_QtQuick_Controls["Controls"]\n    node_venv_lib_python3_12_site-packages_PyQt6_Qt6_qml_QtQuick_Controls --> node_venv_lib_python3_12_site-packages_PyQt6_Qt6_qml_QtQuick_Controls_FluentWinUI3["FluentWinUI3"]\n    node_venv_lib_python3_12_site-packages_PyQt6_Qt6_qml_QtQuick_Controls_FluentWinUI3 --> node_venv_lib_python3_12_site-packages_PyQt6_Qt6_qml_QtQuick_Controls_FluentWinUI3_dark["dark"]\n    node_venv_lib_python3_12_site-packages_PyQt6_Qt6_qml_QtQuick_Controls_FluentWinUI3_dark --> node_venv_lib_python3_12_site-packages_PyQt6_Qt6_qml_QtQuick_Controls_FluentWinUI3_dark_images["images"]\n    node_venv_lib_python3_12_site-packages_PyQt6_Qt6_qml_QtQuick_Controls_FluentWinUI3_dark_images --> node_venv_lib_python3_12_site-packages_PyQt6_Qt6_qml_QtQuick_Controls_FluentWinUI3_dark_images_checkbox-indicator-checked@2x_png["checkbox-indicator-checked@2x.png"]\n    Root --> node_venv["venv"]\n    node_venv --> node_venv_lib["lib"]\n    node_venv_lib --> node_venv_lib_python3_12["python3.12"]\n    node_venv_lib_python3_12 --> node_venv_lib_python3_12_site-packages["site-packages"]\n    node_venv_lib_python3_12_site-packages --> node_venv_lib_python3_12_site-packages_PyQt6["PyQt6"]\n    node_venv_lib_python3_12_site-packages_PyQt6 --> node_venv_lib_python3_12_site-packages_PyQt6_Qt6["Qt6"]\n    node_venv_lib_python3_12_site-packages_PyQt6_Qt6 --> node_venv_lib_python3_12_site-packages_PyQt6_Qt6_qml["qml"]\n    node_venv_lib_python3_12_site-packages_PyQt6_Qt6_qml --> node_venv_lib_python3_12_site-packages_PyQt6_Qt6_qml_QtQuick["QtQuick"]\n    node_venv_lib_python3_12_site-packages_PyQt6_Qt6_qml_QtQuick --> node_venv_lib_python3_12_site-packages_PyQt6_Qt6_qml_QtQuick_Controls["Controls"]\n    node_venv_lib_python3_12_site-packages_PyQt6_Qt6_qml_QtQuick_Controls --> node_venv_lib_python3_12_site-packages_PyQt6_Qt6_qml_QtQuick_Controls_FluentWinUI3["FluentWinUI3"]\n    node_venv_lib_python3_12_site-packages_PyQt6_Qt6_qml_QtQuick_Controls_FluentWinUI3 --> node_venv_lib_python3_12_site-packages_PyQt6_Qt6_qml_QtQuick_Controls_FluentWinUI3_dark["dark"]\n    node_venv_lib_python3_12_site-packages_PyQt6_Qt6_qml_QtQuick_Controls_FluentWinUI3_dark --> node_venv_lib_python3_12_site-packages_PyQt6_Qt6_qml_QtQuick_Controls_FluentWinUI3_dark_images["images"]\n    node_venv_lib_python3_12_site-packages_PyQt6_Qt6_qml_QtQuick_Controls_FluentWinUI3_dark_images --> node_venv_lib_python3_12_site-packages_PyQt6_Qt6_qml_QtQuick_Controls_FluentWinUI3_dark_images_checkbox-indicator-checked@3x_png["checkbox-indicator-checked@3x.png"]\n    Root --> node_venv["venv"]\n    node_venv --> node_venv_lib["lib"]\n    node_venv_lib --> node_venv_lib_python3_12["python3.12"]\n    node_venv_lib_python3_12 --> node_venv_lib_python3_12_site-packages["site-packages"]\n    node_venv_lib_python3_12_site-packages --> node_venv_lib_python3_12_site-packages_PyQt6["PyQt6"]\n    node_venv_lib_python3_12_site-packages_PyQt6 --> node_venv_lib_python3_12_site-packages_PyQt6_Qt6["Qt6"]\n    node_venv_lib_python3_12_site-packages_PyQt6_Qt6 --> node_venv_lib_python3_12_site-packages_PyQt6_Qt6_qml["qml"]\n    node_venv_lib_python3_12_site-packages_PyQt6_Qt6_qml --> node_venv_lib_python3_12_site-packages_PyQt6_Qt6_qml_QtQuick["QtQuick"]\n    node_venv_lib_python3_12_site-packages_PyQt6_Qt6_qml_QtQuick --> node_venv_lib_python3_12_site-packages_PyQt6_Qt6_qml_QtQuick_Controls["Controls"]\n    node_venv_lib_python3_12_site-packages_PyQt6_Qt6_qml_QtQuick_Controls --> node_venv_lib_python3_12_site-packages_PyQt6_Qt6_qml_QtQuick_Controls_FluentWinUI3["FluentWinUI3"]\n    node_venv_lib_python3_12_site-packages_PyQt6_Qt6_qml_QtQuick_Controls_FluentWinUI3 --> node_venv_lib_python3_12_site-packages_PyQt6_Qt6_qml_QtQuick_Controls_FluentWinUI3_dark["dark"]\n    node_venv_lib_python3_12_site-packages_PyQt6_Qt6_qml_QtQuick_Controls_FluentWinUI3_dark --> node_venv_lib_python3_12_site-packages_PyQt6_Qt6_qml_QtQuick_Controls_FluentWinUI3_dark_images["images"]\n    node_venv_lib_python3_12_site-packages_PyQt6_Qt6_qml_QtQuick_Controls_FluentWinUI3_dark_images --> node_venv_lib_python3_12_site-packages_PyQt6_Qt6_qml_QtQuick_Controls_FluentWinUI3_dark_images_checkbox-indicator-disabled-partiallyChecked_png["checkbox-indicator-disabled-partiallyChecked.png"]\n    Root --> node_venv["venv"]\n    node_venv --> node_venv_lib["lib"]\n    node_venv_lib --> node_venv_lib_python3_12["python3.12"]\n    node_venv_lib_python3_12 --> node_venv_lib_python3_12_site-packages["site-packages"]\n    node_venv_lib_python3_12_site-packages --> node_venv_lib_python3_12_site-packages_PyQt6["PyQt6"]\n    node_venv_lib_python3_12_site-packages_PyQt6 --> node_venv_lib_python3_12_site-packages_PyQt6_Qt6["Qt6"]\n    node_venv_lib_python3_12_site-packages_PyQt6_Qt6 --> node_venv_lib_python3_12_site-packages_PyQt6_Qt6_qml["qml"]\n    node_venv_lib_python3_12_site-packages_PyQt6_Qt6_qml --> node_venv_lib_python3_12_site-packages_PyQt6_Qt6_qml_QtQuick["QtQuick"]\n    node_venv_lib_python3_12_site-packages_PyQt6_Qt6_qml_QtQuick --> node_venv_lib_python3_12_site-packages_PyQt6_Qt6_qml_QtQuick_Controls["Controls"]\n    node_venv_lib_python3_12_site-packages_PyQt6_Qt6_qml_QtQuick_Controls --> node_venv_lib_python3_12_site-packages_PyQt6_Qt6_qml_QtQuick_Controls_FluentWinUI3["FluentWinUI3"]\n    node_venv_lib_python3_12_site-packages_PyQt6_Qt6_qml_QtQuick_Controls_FluentWinUI3 --> node_venv_lib_python3_12_site-packages_PyQt6_Qt6_qml_QtQuick_Controls_FluentWinUI3_dark["dark"]\n    node_venv_lib_python3_12_site-packages_PyQt6_Qt6_qml_QtQuick_Controls_FluentWinUI3_dark --> node_venv_lib_python3_12_site-packages_PyQt6_Qt6_qml_QtQuick_Controls_FluentWinUI3_dark_images["images"]\n    node_venv_lib_python3_12_site-packages_PyQt6_Qt6_qml_QtQuick_Controls_FluentWinUI3_dark_images --> node_venv_lib_python3_12_site-packages_PyQt6_Qt6_qml_QtQuick_Controls_FluentWinUI3_dark_images_checkbox-indicator-disabled-partiallyChecked@2x_png["checkbox-indicator-disabled-partiallyChecked@2x.png"]\n    Root --> node_venv["venv"]\n    node_venv --> node_venv_lib["lib"]\n    node_venv_lib --> node_venv_lib_python3_12["python3.12"]\n    node_venv_lib_python3_12 --> node_venv_lib_python3_12_site-packages["site-packages"]\n    node_venv_lib_python3_12_site-packages --> node_venv_lib_python3_12_site-packages_PyQt6["PyQt6"]\n    node_venv_lib_python3_12_site-packages_PyQt6 --> node_venv_lib_python3_12_site-packages_PyQt6_Qt6["Qt6"]\n    node_venv_lib_python3_12_site-packages_PyQt6_Qt6 --> node_venv_lib_python3_12_site-packages_PyQt6_Qt6_qml["qml"]\n    node_venv_lib_python3_12_site-packages_PyQt6_Qt6_qml --> node_venv_lib_python3_12_site-packages_PyQt6_Qt6_qml_QtQuick["QtQuick"]\n    node_venv_lib_python3_12_site-packages_PyQt6_Qt6_qml_QtQuick --> node_venv_lib_python3_12_site-packages_PyQt6_Qt6_qml_QtQuick_Controls["Controls"]\n    node_venv_lib_python3_12_site-packages_PyQt6_Qt6_qml_QtQuick_Controls --> node_venv_lib_python3_12_site-packages_PyQt6_Qt6_qml_QtQuick_Controls_FluentWinUI3["FluentWinUI3"]\n    node_venv_lib_python3_12_site-packages_PyQt6_Qt6_qml_QtQuick_Controls_FluentWinUI3 --> node_venv_lib_python3_12_site-packages_PyQt6_Qt6_qml_QtQuick_Controls_FluentWinUI3_dark["dark"]\n    node_venv_lib_python3_12_site-packages_PyQt6_Qt6_qml_QtQuick_Controls_FluentWinUI3_dark --> node_venv_lib_python3_12_site-packages_PyQt6_Qt6_qml_QtQuick_Controls_FluentWinUI3_dark_images["images"]\n    node_venv_lib_python3_12_site-packages_PyQt6_Qt6_qml_QtQuick_Controls_FluentWinUI3_dark_images --> node_venv_lib_python3_12_site-packages_PyQt6_Qt6_qml_QtQuick_Controls_FluentWinUI3_dark_images_checkbox-indicator-disabled-partiallyChecked@3x_png["checkbox-indicator-disabled-partiallyChecked@3x.png"]\n    Root --> node_venv["venv"]\n    node_venv --> node_venv_lib["lib"]\n    node_venv_lib --> node_venv_lib_python3_12["python3.12"]\n    node_venv_lib_python3_12 --> node_venv_lib_python3_12_site-packages["site-packages"]\n    node_venv_lib_python3_12_site-packages --> node_venv_lib_python3_12_site-packages_PyQt6["PyQt6"]\n    node_venv_lib_python3_12_site-packages_PyQt6 --> node_venv_lib_python3_12_site-packages_PyQt6_Qt6["Qt6"]\n    node_venv_lib_python3_12_site-packages_PyQt6_Qt6 --> node_venv_lib_python3_12_site-packages_PyQt6_Qt6_qml["qml"]\n    node_venv_lib_python3_12_site-packages_PyQt6_Qt6_qml --> node_venv_lib_python3_12_site-packages_PyQt6_Qt6_qml_QtQuick["QtQuick"]\n    node_venv_lib_python3_12_site-packages_PyQt6_Qt6_qml_QtQuick --> node_venv_lib_python3_12_site-packages_PyQt6_Qt6_qml_QtQuick_Controls["Controls"]\n    node_venv_lib_python3_12_site-packages_PyQt6_Qt6_qml_QtQuick_Controls --> node_venv_lib_python3_12_site-packages_PyQt6_Qt6_qml_QtQuick_Controls_FluentWinUI3["FluentWinUI3"]\n    node_venv_lib_python3_12_site-packages_PyQt6_Qt6_qml_QtQuick_Controls_FluentWinUI3 --> node_venv_lib_python3_12_site-packages_PyQt6_Qt6_qml_QtQuick_Controls_FluentWinUI3_dark["dark"]\n    node_venv_lib_python3_12_site-packages_PyQt6_Qt6_qml_QtQuick_Controls_FluentWinUI3_dark --> node_venv_lib_python3_12_site-packages_PyQt6_Qt6_qml_QtQuick_Controls_FluentWinUI3_dark_images["images"]\n    node_venv_lib_python3_12_site-packages_PyQt6_Qt6_qml_QtQuick_Controls_FluentWinUI3_dark_images --> node_venv_lib_python3_12_site-packages_PyQt6_Qt6_qml_QtQuick_Controls_FluentWinUI3_dark_images_checkbox-indicator-disabled_png["checkbox-indicator-disabled.png"]\n    Root --> node_venv["venv"]\n    node_venv --> node_venv_lib["lib"]\n    node_venv_lib --> node_venv_lib_python3_12["python3.12"]\n    node_venv_lib_python3_12 --> node_venv_lib_python3_12_site-packages["site-packages"]\n    node_venv_lib_python3_12_site-packages --> node_venv_lib_python3_12_site-packages_PyQt6["PyQt6"]\n    node_venv_lib_python3_12_site-packages_PyQt6 --> node_venv_lib_python3_12_site-packages_PyQt6_Qt6["Qt6"]\n    node_venv_lib_python3_12_site-packages_PyQt6_Qt6 --> node_venv_lib_python3_12_site-packages_PyQt6_Qt6_qml["qml"]\n    node_venv_lib_python3_12_site-packages_PyQt6_Qt6_qml --> node_venv_lib_python3_12_site-packages_PyQt6_Qt6_qml_QtQuick["QtQuick"]\n    node_venv_lib_python3_12_site-packages_PyQt6_Qt6_qml_QtQuick --> node_venv_lib_python3_12_site-packages_PyQt6_Qt6_qml_QtQuick_Controls["Controls"]\n    node_venv_lib_python3_12_site-packages_PyQt6_Qt6_qml_QtQuick_Controls --> node_venv_lib_python3_12_site-packages_PyQt6_Qt6_qml_QtQuick_Controls_FluentWinUI3["FluentWinUI3"]\n    node_venv_lib_python3_12_site-packages_PyQt6_Qt6_qml_QtQuick_Controls_FluentWinUI3 --> node_venv_lib_python3_12_site-packages_PyQt6_Qt6_qml_QtQuick_Controls_FluentWinUI3_dark["dark"]\n    node_venv_lib_python3_12_site-packages_PyQt6_Qt6_qml_QtQuick_Controls_FluentWinUI3_dark --> node_venv_lib_python3_12_site-packages_PyQt6_Qt6_qml_QtQuick_Controls_FluentWinUI3_dark_images["images"]\n    node_venv_lib_python3_12_site-packages_PyQt6_Qt6_qml_QtQuick_Controls_FluentWinUI3_dark_images --> node_venv_lib_python3_12_site-packages_PyQt6_Qt6_qml_QtQuick_Controls_FluentWinUI3_dark_images_checkbox-indicator-disabled@2x_png["checkbox-indicator-disabled@2x.png"]\n    Root --> node_venv["venv"]\n    node_venv --> node_venv_lib["lib"]\n    node_venv_lib --> node_venv_lib_python3_12["python3.12"]\n    node_venv_lib_python3_12 --> node_venv_lib_python3_12_site-packages["site-packages"]\n    node_venv_lib_python3_12_site-packages --> node_venv_lib_python3_12_site-packages_PyQt6["PyQt6"]\n    node_venv_lib_python3_12_site-packages_PyQt6 --> node_venv_lib_python3_12_site-packages_PyQt6_Qt6["Qt6"]\n    node_venv_lib_python3_12_site-packages_PyQt6_Qt6 --> node_venv_lib_python3_12_site-packages_PyQt6_Qt6_qml["qml"]\n    node_venv_lib_python3_12_site-packages_PyQt6_Qt6_qml --> node_venv_lib_python3_12_site-packages_PyQt6_Qt6_qml_QtQuick["QtQuick"]\n    node_venv_lib_python3_12_site-packages_PyQt6_Qt6_qml_QtQuick --> node_venv_lib_python3_12_site-packages_PyQt6_Qt6_qml_QtQuick_Controls["Controls"]\n    node_venv_lib_python3_12_site-packages_PyQt6_Qt6_qml_QtQuick_Controls --> node_venv_lib_python3_12_site-packages_PyQt6_Qt6_qml_QtQuick_Controls_FluentWinUI3["FluentWinUI3"]\n    node_venv_lib_python3_12_site-packages_PyQt6_Qt6_qml_QtQuick_Controls_FluentWinUI3 --> node_venv_lib_python3_12_site-packages_PyQt6_Qt6_qml_QtQuick_Controls_FluentWinUI3_dark["dark"]\n    node_venv_lib_python3_12_site-packages_PyQt6_Qt6_qml_QtQuick_Controls_FluentWinUI3_dark --> node_venv_lib_python3_12_site-packages_PyQt6_Qt6_qml_QtQuick_Controls_FluentWinUI3_dark_images["images"]\n    node_venv_lib_python3_12_site-packages_PyQt6_Qt6_qml_QtQuick_Controls_FluentWinUI3_dark_images --> node_venv_lib_python3_12_site-packages_PyQt6_Qt6_qml_QtQuick_Controls_FluentWinUI3_dark_images_checkbox-indicator-disabled@3x_png["checkbox-indicator-disabled@3x.png"]\n    Root --> node_venv["venv"]\n    node_venv --> node_venv_lib["lib"]\n    node_venv_lib --> node_venv_lib_python3_12["python3.12"]\n    node_venv_lib_python3_12 --> node_venv_lib_python3_12_site-packages["site-packages"]\n    node_venv_lib_python3_12_site-packages --> node_venv_lib_python3_12_site-packages_PyQt6["PyQt6"]\n    node_venv_lib_python3_12_site-packages_PyQt6 --> node_venv_lib_python3_12_site-packages_PyQt6_Qt6["Qt6"]\n    node_venv_lib_python3_12_site-packages_PyQt6_Qt6 --> node_venv_lib_python3_12_site-packages_PyQt6_Qt6_qml["qml"]\n    node_venv_lib_python3_12_site-packages_PyQt6_Qt6_qml --> node_venv_lib_python3_12_site-packages_PyQt6_Qt6_qml_QtQuick["QtQuick"]\n    node_venv_lib_python3_12_site-packages_PyQt6_Qt6_qml_QtQuick --> node_venv_lib_python3_12_site-packages_PyQt6_Qt6_qml_QtQuick_Controls["Controls"]\n    node_venv_lib_python3_12_site-packages_PyQt6_Qt6_qml_QtQuick_Controls --> node_venv_lib_python3_12_site-packages_PyQt6_Qt6_qml_QtQuick_Controls_FluentWinUI3["FluentWinUI3"]\n    node_venv_lib_python3_12_site-packages_PyQt6_Qt6_qml_QtQuick_Controls_FluentWinUI3 --> node_venv_lib_python3_12_site-packages_PyQt6_Qt6_qml_QtQuick_Controls_FluentWinUI3_dark["dark"]\n    node_venv_lib_python3_12_site-packages_PyQt6_Qt6_qml_QtQuick_Controls_FluentWinUI3_dark --> node_venv_lib_python3_12_site-packages_PyQt6_Qt6_qml_QtQuick_Controls_FluentWinUI3_dark_images["images"]\n    node_venv_lib_python3_12_site-packages_PyQt6_Qt6_qml_QtQuick_Controls_FluentWinUI3_dark_images --> node_venv_lib_python3_12_site-packages_PyQt6_Qt6_qml_QtQuick_Controls_FluentWinUI3_dark_images_checkbox-indicator-hovered-partiallyChecked_png["checkbox-indicator-hovered-partiallyChecked.png"]\n    Root --> node_venv["venv"]\n    node_venv --> node_venv_lib["lib"]\n    node_venv_lib --> node_venv_lib_python3_12["python3.12"]\n    node_venv_lib_python3_12 --> node_venv_lib_python3_12_site-packages["site-packages"]\n    node_venv_lib_python3_12_site-packages --> node_venv_lib_python3_12_site-packages_PyQt6["PyQt6"]\n    node_venv_lib_python3_12_site-packages_PyQt6 --> node_venv_lib_python3_12_site-packages_PyQt6_Qt6["Qt6"]\n    node_venv_lib_python3_12_site-packages_PyQt6_Qt6 --> node_venv_lib_python3_12_site-packages_PyQt6_Qt6_qml["qml"]\n    node_venv_lib_python3_12_site-packages_PyQt6_Qt6_qml --> node_venv_lib_python3_12_site-packages_PyQt6_Qt6_qml_QtQuick["QtQuick"]\n    node_venv_lib_python3_12_site-packages_PyQt6_Qt6_qml_QtQuick --> node_venv_lib_python3_12_site-packages_PyQt6_Qt6_qml_QtQuick_Controls["Controls"]\n    node_venv_lib_python3_12_site-packages_PyQt6_Qt6_qml_QtQuick_Controls --> node_venv_lib_python3_12_site-packages_PyQt6_Qt6_qml_QtQuick_Controls_FluentWinUI3["FluentWinUI3"]\n    node_venv_lib_python3_12_site-packages_PyQt6_Qt6_qml_QtQuick_Controls_FluentWinUI3 --> node_venv_lib_python3_12_site-packages_PyQt6_Qt6_qml_QtQuick_Controls_FluentWinUI3_dark["dark"]\n    node_venv_lib_python3_12_site-packages_PyQt6_Qt6_qml_QtQuick_Controls_FluentWinUI3_dark --> node_venv_lib_python3_12_site-packages_PyQt6_Qt6_qml_QtQuick_Controls_FluentWinUI3_dark_images["images"]\n    node_venv_lib_python3_12_site-packages_PyQt6_Qt6_qml_QtQuick_Controls_FluentWinUI3_dark_images --> node_venv_lib_python3_12_site-packages_PyQt6_Qt6_qml_QtQuick_Controls_FluentWinUI3_dark_images_checkbox-indicator-hovered-partiallyChecked@2x_png["checkbox-indicator-hovered-partiallyChecked@2x.png"]\n    Root --> node_venv["venv"]\n    node_venv --> node_venv_lib["lib"]\n    node_venv_lib --> node_venv_lib_python3_12["python3.12"]\n    node_venv_lib_python3_12 --> node_venv_lib_python3_12_site-packages["site-packages"]\n    node_venv_lib_python3_12_site-packages --> node_venv_lib_python3_12_site-packages_PyQt6["PyQt6"]\n    node_venv_lib_python3_12_site-packages_PyQt6 --> node_venv_lib_python3_12_site-packages_PyQt6_Qt6["Qt6"]\n    node_venv_lib_python3_12_site-packages_PyQt6_Qt6 --> node_venv_lib_python3_12_site-packages_PyQt6_Qt6_qml["qml"]\n    node_venv_lib_python3_12_site-packages_PyQt6_Qt6_qml --> node_venv_lib_python3_12_site-packages_PyQt6_Qt6_qml_QtQuick["QtQuick"]\n    node_venv_lib_python3_12_site-packages_PyQt6_Qt6_qml_QtQuick --> node_venv_lib_python3_12_site-packages_PyQt6_Qt6_qml_QtQuick_Controls["Controls"]\n    node_venv_lib_python3_12_site-packages_PyQt6_Qt6_qml_QtQuick_Controls --> node_venv_lib_python3_12_site-packages_PyQt6_Qt6_qml_QtQuick_Controls_FluentWinUI3["FluentWinUI3"]\n    node_venv_lib_python3_12_site-packages_PyQt6_Qt6_qml_QtQuick_Controls_FluentWinUI3 --> node_venv_lib_python3_12_site-packages_PyQt6_Qt6_qml_QtQuick_Controls_FluentWinUI3_dark["dark"]\n    node_venv_lib_python3_12_site-packages_PyQt6_Qt6_qml_QtQuick_Controls_FluentWinUI3_dark --> node_venv_lib_python3_12_site-packages_PyQt6_Qt6_qml_QtQuick_Controls_FluentWinUI3_dark_images["images"]\n    node_venv_lib_python3_12_site-packages_PyQt6_Qt6_qml_QtQuick_Controls_FluentWinUI3_dark_images --> node_venv_lib_python3_12_site-packages_PyQt6_Qt6_qml_QtQuick_Controls_FluentWinUI3_dark_images_checkbox-indicator-hovered-partiallyChecked@3x_png["checkbox-indicator-hovered-partiallyChecked@3x.png"]\n    Root --> node_venv["venv"]\n    node_venv --> node_venv_lib["lib"]\n    node_venv_lib --> node_venv_lib_python3_12["python3.12"]\n    node_venv_lib_python3_12 --> node_venv_lib_python3_12_site-packages["site-packages"]\n    node_venv_lib_python3_12_site-packages --> node_venv_lib_python3_12_site-packages_PyQt6["PyQt6"]\n    node_venv_lib_python3_12_site-packages_PyQt6 --> node_venv_lib_python3_12_site-packages_PyQt6_Qt6["Qt6"]\n    node_venv_lib_python3_12_site-packages_PyQt6_Qt6 --> node_venv_lib_python3_12_site-packages_PyQt6_Qt6_qml["qml"]\n    node_venv_lib_python3_12_site-packages_PyQt6_Qt6_qml --> node_venv_lib_python3_12_site-packages_PyQt6_Qt6_qml_QtQuick["QtQuick"]\n    node_venv_lib_python3_12_site-packages_PyQt6_Qt6_qml_QtQuick --> node_venv_lib_python3_12_site-packages_PyQt6_Qt6_qml_QtQuick_Controls["Controls"]\n    node_venv_lib_python3_12_site-packages_PyQt6_Qt6_qml_QtQuick_Controls --> node_venv_lib_python3_12_site-packages_PyQt6_Qt6_qml_QtQuick_Controls_FluentWinUI3["FluentWinUI3"]\n    node_venv_lib_python3_12_site-packages_PyQt6_Qt6_qml_QtQuick_Controls_FluentWinUI3 --> node_venv_lib_python3_12_site-packages_PyQt6_Qt6_qml_QtQuick_Controls_FluentWinUI3_dark["dark"]\n    node_venv_lib_python3_12_site-packages_PyQt6_Qt6_qml_QtQuick_Controls_FluentWinUI3_dark --> node_venv_lib_python3_12_site-packages_PyQt6_Qt6_qml_QtQuick_Controls_FluentWinUI3_dark_images["images"]\n    node_venv_lib_python3_12_site-packages_PyQt6_Qt6_qml_QtQuick_Controls_FluentWinUI3_dark_images --> node_venv_lib_python3_12_site-packages_PyQt6_Qt6_qml_QtQuick_Controls_FluentWinUI3_dark_images_checkbox-indicator-hovered_png["checkbox-indicator-hovered.png"]\n    Root --> node_venv["venv"]\n    node_venv --> node_venv_lib["lib"]\n    node_venv_lib --> node_venv_lib_python3_12["python3.12"]\n    node_venv_lib_python3_12 --> node_venv_lib_python3_12_site-packages["site-packages"]\n    node_venv_lib_python3_12_site-packages --> node_venv_lib_python3_12_site-packages_PyQt6["PyQt6"]\n    node_venv_lib_python3_12_site-packages_PyQt6 --> node_venv_lib_python3_12_site-packages_PyQt6_Qt6["Qt6"]\n    node_venv_lib_python3_12_site-packages_PyQt6_Qt6 --> node_venv_lib_python3_12_site-packages_PyQt6_Qt6_qml["qml"]\n    node_venv_lib_python3_12_site-packages_PyQt6_Qt6_qml --> node_venv_lib_python3_12_site-packages_PyQt6_Qt6_qml_QtQuick["QtQuick"]\n    node_venv_lib_python3_12_site-packages_PyQt6_Qt6_qml_QtQuick --> node_venv_lib_python3_12_site-packages_PyQt6_Qt6_qml_QtQuick_Controls["Controls"]\n    node_venv_lib_python3_12_site-packages_PyQt6_Qt6_qml_QtQuick_Controls --> node_venv_lib_python3_12_site-packages_PyQt6_Qt6_qml_QtQuick_Controls_FluentWinUI3["FluentWinUI3"]\n    node_venv_lib_python3_12_site-packages_PyQt6_Qt6_qml_QtQuick_Controls_FluentWinUI3 --> node_venv_lib_python3_12_site-packages_PyQt6_Qt6_qml_QtQuick_Controls_FluentWinUI3_dark["dark"]\n    node_venv_lib_python3_12_site-packages_PyQt6_Qt6_qml_QtQuick_Controls_FluentWinUI3_dark --> node_venv_lib_python3_12_site-packages_PyQt6_Qt6_qml_QtQuick_Controls_FluentWinUI3_dark_images["images"]\n    node_venv_lib_python3_12_site-packages_PyQt6_Qt6_qml_QtQuick_Controls_FluentWinUI3_dark_images --> node_venv_lib_python3_12_site-packages_PyQt6_Qt6_qml_QtQuick_Controls_FluentWinUI3_dark_images_checkbox-indicator-hovered@2x_png["checkbox-indicator-hovered@2x.png"]\n    Root --> node_venv["venv"]\n    node_venv --> node_venv_lib["lib"]\n    node_venv_lib --> node_venv_lib_python3_12["python3.12"]\n    node_venv_lib_python3_12 --> node_venv_lib_python3_12_site-packages["site-packages"]\n    node_venv_lib_python3_12_site-packages --> node_venv_lib_python3_12_site-packages_PyQt6["PyQt6"]\n    node_venv_lib_python3_12_site-packages_PyQt6 --> node_venv_lib_python3_12_site-packages_PyQt6_Qt6["Qt6"]\n    node_venv_lib_python3_12_site-packages_PyQt6_Qt6 --> node_venv_lib_python3_12_site-packages_PyQt6_Qt6_qml["qml"]\n    node_venv_lib_python3_12_site-packages_PyQt6_Qt6_qml --> node_venv_lib_python3_12_site-packages_PyQt6_Qt6_qml_QtQuick["QtQuick"]\n    node_venv_lib_python3_12_site-packages_PyQt6_Qt6_qml_QtQuick --> node_venv_lib_python3_12_site-packages_PyQt6_Qt6_qml_QtQuick_Controls["Controls"]\n    node_venv_lib_python3_12_site-packages_PyQt6_Qt6_qml_QtQuick_Controls --> node_venv_lib_python3_12_site-packages_PyQt6_Qt6_qml_QtQuick_Controls_FluentWinUI3["FluentWinUI3"]\n    node_venv_lib_python3_12_site-packages_PyQt6_Qt6_qml_QtQuick_Controls_FluentWinUI3 --> node_venv_lib_python3_12_site-packages_PyQt6_Qt6_qml_QtQuick_Controls_FluentWinUI3_dark["dark"]\n    node_venv_lib_python3_12_site-packages_PyQt6_Qt6_qml_QtQuick_Controls_FluentWinUI3_dark --> node_venv_lib_python3_12_site-packages_PyQt6_Qt6_qml_QtQuick_Controls_FluentWinUI3_dark_images["images"]\n    node_venv_lib_python3_12_site-packages_PyQt6_Qt6_qml_QtQuick_Controls_FluentWinUI3_dark_images --> node_venv_lib_python3_12_site-packages_PyQt6_Qt6_qml_QtQuick_Controls_FluentWinUI3_dark_images_checkbox-indicator-hovered@3x_png["checkbox-indicator-hovered@3x.png"]\n    Root --> node_venv["venv"]\n    node_venv --> node_venv_lib["lib"]\n    node_venv_lib --> node_venv_lib_python3_12["python3.12"]\n    node_venv_lib_python3_12 --> node_venv_lib_python3_12_site-packages["site-packages"]\n    node_venv_lib_python3_12_site-packages --> node_venv_lib_python3_12_site-packages_PyQt6["PyQt6"]\n    node_venv_lib_python3_12_site-packages_PyQt6 --> node_venv_lib_python3_12_site-packages_PyQt6_Qt6["Qt6"]\n    node_venv_lib_python3_12_site-packages_PyQt6_Qt6 --> node_venv_lib_python3_12_site-packages_PyQt6_Qt6_qml["qml"]\n    node_venv_lib_python3_12_site-packages_PyQt6_Qt6_qml --> node_venv_lib_python3_12_site-packages_PyQt6_Qt6_qml_QtQuick["QtQuick"]\n    node_venv_lib_python3_12_site-packages_PyQt6_Qt6_qml_QtQuick --> node_venv_lib_python3_12_site-packages_PyQt6_Qt6_qml_QtQuick_Controls["Controls"]\n    node_venv_lib_python3_12_site-packages_PyQt6_Qt6_qml_QtQuick_Controls --> node_venv_lib_python3_12_site-packages_PyQt6_Qt6_qml_QtQuick_Controls_FluentWinUI3["FluentWinUI3"]\n    node_venv_lib_python3_12_site-packages_PyQt6_Qt6_qml_QtQuick_Controls_FluentWinUI3 --> node_venv_lib_python3_12_site-packages_PyQt6_Qt6_qml_QtQuick_Controls_FluentWinUI3_dark["dark"]\n    node_venv_lib_python3_12_site-packages_PyQt6_Qt6_qml_QtQuick_Controls_FluentWinUI3_dark --> node_venv_lib_python3_12_site-packages_PyQt6_Qt6_qml_QtQuick_Controls_FluentWinUI3_dark_images["images"]\n    node_venv_lib_python3_12_site-packages_PyQt6_Qt6_qml_QtQuick_Controls_FluentWinUI3_dark_images --> node_venv_lib_python3_12_site-packages_PyQt6_Qt6_qml_QtQuick_Controls_FluentWinUI3_dark_images_checkbox-indicator-partiallyChecked-pressed_png["checkbox-indicator-partiallyChecked-pressed.png"]\n    Root --> node_venv["venv"]\n    node_venv --> node_venv_lib["lib"]\n    node_venv_lib --> node_venv_lib_python3_12["python3.12"]\n    node_venv_lib_python3_12 --> node_venv_lib_python3_12_site-packages["site-packages"]\n    node_venv_lib_python3_12_site-packages --> node_venv_lib_python3_12_site-packages_PyQt6["PyQt6"]\n    node_venv_lib_python3_12_site-packages_PyQt6 --> node_venv_lib_python3_12_site-packages_PyQt6_Qt6["Qt6"]\n    node_venv_lib_python3_12_site-packages_PyQt6_Qt6 --> node_venv_lib_python3_12_site-packages_PyQt6_Qt6_qml["qml"]\n    node_venv_lib_python3_12_site-packages_PyQt6_Qt6_qml --> node_venv_lib_python3_12_site-packages_PyQt6_Qt6_qml_QtQuick["QtQuick"]\n    node_venv_lib_python3_12_site-packages_PyQt6_Qt6_qml_QtQuick --> node_venv_lib_python3_12_site-packages_PyQt6_Qt6_qml_QtQuick_Controls["Controls"]\n    node_venv_lib_python3_12_site-packages_PyQt6_Qt6_qml_QtQuick_Controls --> node_venv_lib_python3_12_site-packages_PyQt6_Qt6_qml_QtQuick_Controls_FluentWinUI3["FluentWinUI3"]\n    node_venv_lib_python3_12_site-packages_PyQt6_Qt6_qml_QtQuick_Controls_FluentWinUI3 --> node_venv_lib_python3_12_site-packages_PyQt6_Qt6_qml_QtQuick_Controls_FluentWinUI3_dark["dark"]\n    node_venv_lib_python3_12_site-packages_PyQt6_Qt6_qml_QtQuick_Controls_FluentWinUI3_dark --> node_venv_lib_python3_12_site-packages_PyQt6_Qt6_qml_QtQuick_Controls_FluentWinUI3_dark_images["images"]\n    node_venv_lib_python3_12_site-packages_PyQt6_Qt6_qml_QtQuick_Controls_FluentWinUI3_dark_images --> node_venv_lib_python3_12_site-packages_PyQt6_Qt6_qml_QtQuick_Controls_FluentWinUI3_dark_images_checkbox-indicator-partiallyChecked-pressed@2x_png["checkbox-indicator-partiallyChecked-pressed@2x.png"]\n    Root --> node_venv["venv"]\n    node_venv --> node_venv_lib["lib"]\n    node_venv_lib --> node_venv_lib_python3_12["python3.12"]\n    node_venv_lib_python3_12 --> node_venv_lib_python3_12_site-packages["site-packages"]\n    node_venv_lib_python3_12_site-packages --> node_venv_lib_python3_12_site-packages_PyQt6["PyQt6"]\n    node_venv_lib_python3_12_site-packages_PyQt6 --> node_venv_lib_python3_12_site-packages_PyQt6_Qt6["Qt6"]\n    node_venv_lib_python3_12_site-packages_PyQt6_Qt6 --> node_venv_lib_python3_12_site-packages_PyQt6_Qt6_qml["qml"]\n    node_venv_lib_python3_12_site-packages_PyQt6_Qt6_qml --> node_venv_lib_python3_12_site-packages_PyQt6_Qt6_qml_QtQuick["QtQuick"]\n    node_venv_lib_python3_12_site-packages_PyQt6_Qt6_qml_QtQuick --> node_venv_lib_python3_12_site-packages_PyQt6_Qt6_qml_QtQuick_Controls["Controls"]\n    node_venv_lib_python3_12_site-packages_PyQt6_Qt6_qml_QtQuick_Controls --> node_venv_lib_python3_12_site-packages_PyQt6_Qt6_qml_QtQuick_Controls_FluentWinUI3["FluentWinUI3"]\n    node_venv_lib_python3_12_site-packages_PyQt6_Qt6_qml_QtQuick_Controls_FluentWinUI3 --> node_venv_lib_python3_12_site-packages_PyQt6_Qt6_qml_QtQuick_Controls_FluentWinUI3_dark["dark"]\n    node_venv_lib_python3_12_site-packages_PyQt6_Qt6_qml_QtQuick_Controls_FluentWinUI3_dark --> node_venv_lib_python3_12_site-packages_PyQt6_Qt6_qml_QtQuick_Controls_FluentWinUI3_dark_images["images"]\n    node_venv_lib_python3_12_site-packages_PyQt6_Qt6_qml_QtQuick_Controls_FluentWinUI3_dark_images --> node_venv_lib_python3_12_site-packages_PyQt6_Qt6_qml_QtQuick_Controls_FluentWinUI3_dark_images_checkbox-indicator-partiallyChecked-pressed@3x_png["checkbox-indicator-partiallyChecked-pressed@3x.png"]\n    Root --> node_venv["venv"]\n    node_venv --> node_venv_lib["lib"]\n    node_venv_lib --> node_venv_lib_python3_12["python3.12"]\n    node_venv_lib_python3_12 --> node_venv_lib_python3_12_site-packages["site-packages"]\n    node_venv_lib_python3_12_site-packages --> node_venv_lib_python3_12_site-packages_PyQt6["PyQt6"]\n    node_venv_lib_python3_12_site-packages_PyQt6 --> node_venv_lib_python3_12_site-packages_PyQt6_Qt6["Qt6"]\n    node_venv_lib_python3_12_site-packages_PyQt6_Qt6 --> node_venv_lib_python3_12_site-packages_PyQt6_Qt6_qml["qml"]\n    node_venv_lib_python3_12_site-packages_PyQt6_Qt6_qml --> node_venv_lib_python3_12_site-packages_PyQt6_Qt6_qml_QtQuick["QtQuick"]\n    node_venv_lib_python3_12_site-packages_PyQt6_Qt6_qml_QtQuick --> node_venv_lib_python3_12_site-packages_PyQt6_Qt6_qml_QtQuick_Controls["Controls"]\n    node_venv_lib_python3_12_site-packages_PyQt6_Qt6_qml_QtQuick_Controls --> node_venv_lib_python3_12_site-packages_PyQt6_Qt6_qml_QtQuick_Controls_FluentWinUI3["FluentWinUI3"]\n    node_venv_lib_python3_12_site-packages_PyQt6_Qt6_qml_QtQuick_Controls_FluentWinUI3 --> node_venv_lib_python3_12_site-packages_PyQt6_Qt6_qml_QtQuick_Controls_FluentWinUI3_dark["dark"]\n    node_venv_lib_python3_12_site-packages_PyQt6_Qt6_qml_QtQuick_Controls_FluentWinUI3_dark --> node_venv_lib_python3_12_site-packages_PyQt6_Qt6_qml_QtQuick_Controls_FluentWinUI3_dark_images["images"]\n    node_venv_lib_python3_12_site-packages_PyQt6_Qt6_qml_QtQuick_Controls_FluentWinUI3_dark_images --> node_venv_lib_python3_12_site-packages_PyQt6_Qt6_qml_QtQuick_Controls_FluentWinUI3_dark_images_checkbox-indicator-partiallyChecked_png["checkbox-indicator-partiallyChecked.png"]\n    Root --> node_venv["venv"]\n    node_venv --> node_venv_lib["lib"]\n    node_venv_lib --> node_venv_lib_python3_12["python3.12"]\n    node_venv_lib_python3_12 --> node_venv_lib_python3_12_site-packages["site-packages"]\n    node_venv_lib_python3_12_site-packages --> node_venv_lib_python3_12_site-packages_PyQt6["PyQt6"]\n    node_venv_lib_python3_12_site-packages_PyQt6 --> node_venv_lib_python3_12_site-packages_PyQt6_Qt6["Qt6"]\n    node_venv_lib_python3_12_site-packages_PyQt6_Qt6 --> node_venv_lib_python3_12_site-packages_PyQt6_Qt6_qml["qml"]\n    node_venv_lib_python3_12_site-packages_PyQt6_Qt6_qml --> node_venv_lib_python3_12_site-packages_PyQt6_Qt6_qml_QtQuick["QtQuick"]\n    node_venv_lib_python3_12_site-packages_PyQt6_Qt6_qml_QtQuick --> node_venv_lib_python3_12_site-packages_PyQt6_Qt6_qml_QtQuick_Controls["Controls"]\n    node_venv_lib_python3_12_site-packages_PyQt6_Qt6_qml_QtQuick_Controls --> node_venv_lib_python3_12_site-packages_PyQt6_Qt6_qml_QtQuick_Controls_FluentWinUI3["FluentWinUI3"]\n    node_venv_lib_python3_12_site-packages_PyQt6_Qt6_qml_QtQuick_Controls_FluentWinUI3 --> node_venv_lib_python3_12_site-packages_PyQt6_Qt6_qml_QtQuick_Controls_FluentWinUI3_dark["dark"]\n    node_venv_lib_python3_12_site-packages_PyQt6_Qt6_qml_QtQuick_Controls_FluentWinUI3_dark --> node_venv_lib_python3_12_site-packages_PyQt6_Qt6_qml_QtQuick_Controls_FluentWinUI3_dark_images["images"]\n    node_venv_lib_python3_12_site-packages_PyQt6_Qt6_qml_QtQuick_Controls_FluentWinUI3_dark_images --> node_venv_lib_python3_12_site-packages_PyQt6_Qt6_qml_QtQuick_Controls_FluentWinUI3_dark_images_checkbox-indicator-partiallyChecked@2x_png["checkbox-indicator-partiallyChecked@2x.png"]\n    Root --> node_venv["venv"]\n    node_venv --> node_venv_lib["lib"]\n    node_venv_lib --> node_venv_lib_python3_12["python3.12"]\n    node_venv_lib_python3_12 --> node_venv_lib_python3_12_site-packages["site-packages"]\n    node_venv_lib_python3_12_site-packages --> node_venv_lib_python3_12_site-packages_PyQt6["PyQt6"]\n    node_venv_lib_python3_12_site-packages_PyQt6 --> node_venv_lib_python3_12_site-packages_PyQt6_Qt6["Qt6"]\n    node_venv_lib_python3_12_site-packages_PyQt6_Qt6 --> node_venv_lib_python3_12_site-packages_PyQt6_Qt6_qml["qml"]\n    node_venv_lib_python3_12_site-packages_PyQt6_Qt6_qml --> node_venv_lib_python3_12_site-packages_PyQt6_Qt6_qml_QtQuick["QtQuick"]\n    node_venv_lib_python3_12_site-packages_PyQt6_Qt6_qml_QtQuick --> node_venv_lib_python3_12_site-packages_PyQt6_Qt6_qml_QtQuick_Controls["Controls"]\n    node_venv_lib_python3_12_site-packages_PyQt6_Qt6_qml_QtQuick_Controls --> node_venv_lib_python3_12_site-packages_PyQt6_Qt6_qml_QtQuick_Controls_FluentWinUI3["FluentWinUI3"]\n    node_venv_lib_python3_12_site-packages_PyQt6_Qt6_qml_QtQuick_Controls_FluentWinUI3 --> node_venv_lib_python3_12_site-packages_PyQt6_Qt6_qml_QtQuick_Controls_FluentWinUI3_dark["dark"]\n    node_venv_lib_python3_12_site-packages_PyQt6_Qt6_qml_QtQuick_Controls_FluentWinUI3_dark --> node_venv_lib_python3_12_site-packages_PyQt6_Qt6_qml_QtQuick_Controls_FluentWinUI3_dark_images["images"]\n    node_venv_lib_python3_12_site-packages_PyQt6_Qt6_qml_QtQuick_Controls_FluentWinUI3_dark_images --> node_venv_lib_python3_12_site-packages_PyQt6_Qt6_qml_QtQuick_Controls_FluentWinUI3_dark_images_checkbox-indicator-partiallyChecked@3x_png["checkbox-indicator-partiallyChecked@3x.png"]\n    Root --> node_venv["venv"]\n    node_venv --> node_venv_lib["lib"]\n    node_venv_lib --> node_venv_lib_python3_12["python3.12"]\n    node_venv_lib_python3_12 --> node_venv_lib_python3_12_site-packages["site-packages"]\n    node_venv_lib_python3_12_site-packages --> node_venv_lib_python3_12_site-packages_PyQt6["PyQt6"]\n    node_venv_lib_python3_12_site-packages_PyQt6 --> node_venv_lib_python3_12_site-packages_PyQt6_Qt6["Qt6"]\n    node_venv_lib_python3_12_site-packages_PyQt6_Qt6 --> node_venv_lib_python3_12_site-packages_PyQt6_Qt6_qml["qml"]\n    node_venv_lib_python3_12_site-packages_PyQt6_Qt6_qml --> node_venv_lib_python3_12_site-packages_PyQt6_Qt6_qml_QtQuick["QtQuick"]\n    node_venv_lib_python3_12_site-packages_PyQt6_Qt6_qml_QtQuick --> node_venv_lib_python3_12_site-packages_PyQt6_Qt6_qml_QtQuick_Controls["Controls"]\n    node_venv_lib_python3_12_site-packages_PyQt6_Qt6_qml_QtQuick_Controls --> node_venv_lib_python3_12_site-packages_PyQt6_Qt6_qml_QtQuick_Controls_FluentWinUI3["FluentWinUI3"]\n    node_venv_lib_python3_12_site-packages_PyQt6_Qt6_qml_QtQuick_Controls_FluentWinUI3 --> node_venv_lib_python3_12_site-packages_PyQt6_Qt6_qml_QtQuick_Controls_FluentWinUI3_dark["dark"]\n    node_venv_lib_python3_12_site-packages_PyQt6_Qt6_qml_QtQuick_Controls_FluentWinUI3_dark --> node_venv_lib_python3_12_site-packages_PyQt6_Qt6_qml_QtQuick_Controls_FluentWinUI3_dark_images["images"]\n    node_venv_lib_python3_12_site-packages_PyQt6_Qt6_qml_QtQuick_Controls_FluentWinUI3_dark_images --> node_venv_lib_python3_12_site-packages_PyQt6_Qt6_qml_QtQuick_Controls_FluentWinUI3_dark_images_checkbox-indicator-pressed_png["checkbox-indicator-pressed.png"]\n    Root --> node_venv["venv"]\n    node_venv --> node_venv_lib["lib"]\n    node_venv_lib --> node_venv_lib_python3_12["python3.12"]\n    node_venv_lib_python3_12 --> node_venv_lib_python3_12_site-packages["site-packages"]\n    node_venv_lib_python3_12_site-packages --> node_venv_lib_python3_12_site-packages_PyQt6["PyQt6"]\n    node_venv_lib_python3_12_site-packages_PyQt6 --> node_venv_lib_python3_12_site-packages_PyQt6_Qt6["Qt6"]\n    node_venv_lib_python3_12_site-packages_PyQt6_Qt6 --> node_venv_lib_python3_12_site-packages_PyQt6_Qt6_qml["qml"]\n    node_venv_lib_python3_12_site-packages_PyQt6_Qt6_qml --> node_venv_lib_python3_12_site-packages_PyQt6_Qt6_qml_QtQuick["QtQuick"]\n    node_venv_lib_python3_12_site-packages_PyQt6_Qt6_qml_QtQuick --> node_venv_lib_python3_12_site-packages_PyQt6_Qt6_qml_QtQuick_Controls["Controls"]\n    node_venv_lib_python3_12_site-packages_PyQt6_Qt6_qml_QtQuick_Controls --> node_venv_lib_python3_12_site-packages_PyQt6_Qt6_qml_QtQuick_Controls_FluentWinUI3["FluentWinUI3"]\n    node_venv_lib_python3_12_site-packages_PyQt6_Qt6_qml_QtQuick_Controls_FluentWinUI3 --> node_venv_lib_python3_12_site-packages_PyQt6_Qt6_qml_QtQuick_Controls_FluentWinUI3_dark["dark"]\n    node_venv_lib_python3_12_site-packages_PyQt6_Qt6_qml_QtQuick_Controls_FluentWinUI3_dark --> node_venv_lib_python3_12_site-packages_PyQt6_Qt6_qml_QtQuick_Controls_FluentWinUI3_dark_images["images"]\n    node_venv_lib_python3_12_site-packages_PyQt6_Qt6_qml_QtQuick_Controls_FluentWinUI3_dark_images --> node_venv_lib_python3_12_site-packages_PyQt6_Qt6_qml_QtQuick_Controls_FluentWinUI3_dark_images_checkbox-indicator-pressed@2x_png["checkbox-indicator-pressed@2x.png"]\n    Root --> node_venv["venv"]\n    node_venv --> node_venv_lib["lib"]\n    node_venv_lib --> node_venv_lib_python3_12["python3.12"]\n    node_venv_lib_python3_12 --> node_venv_lib_python3_12_site-packages["site-packages"]\n    node_venv_lib_python3_12_site-packages --> node_venv_lib_python3_12_site-packages_PyQt6["PyQt6"]\n    node_venv_lib_python3_12_site-packages_PyQt6 --> node_venv_lib_python3_12_site-packages_PyQt6_Qt6["Qt6"]\n    node_venv_lib_python3_12_site-packages_PyQt6_Qt6 --> node_venv_lib_python3_12_site-packages_PyQt6_Qt6_qml["qml"]\n    node_venv_lib_python3_12_site-packages_PyQt6_Qt6_qml --> node_venv_lib_python3_12_site-packages_PyQt6_Qt6_qml_QtQuick["QtQuick"]\n    node_venv_lib_python3_12_site-packages_PyQt6_Qt6_qml_QtQuick --> node_venv_lib_python3_12_site-packages_PyQt6_Qt6_qml_QtQuick_Controls["Controls"]\n    node_venv_lib_python3_12_site-packages_PyQt6_Qt6_qml_QtQuick_Controls --> node_venv_lib_python3_12_site-packages_PyQt6_Qt6_qml_QtQuick_Controls_FluentWinUI3["FluentWinUI3"]\n    node_venv_lib_python3_12_site-packages_PyQt6_Qt6_qml_QtQuick_Controls_FluentWinUI3 --> node_venv_lib_python3_12_site-packages_PyQt6_Qt6_qml_QtQuick_Controls_FluentWinUI3_dark["dark"]\n    node_venv_lib_python3_12_site-packages_PyQt6_Qt6_qml_QtQuick_Controls_FluentWinUI3_dark --> node_venv_lib_python3_12_site-packages_PyQt6_Qt6_qml_QtQuick_Controls_FluentWinUI3_dark_images["images"]\n    node_venv_lib_python3_12_site-packages_PyQt6_Qt6_qml_QtQuick_Controls_FluentWinUI3_dark_images --> node_venv_lib_python3_12_site-packages_PyQt6_Qt6_qml_QtQuick_Controls_FluentWinUI3_dark_images_checkbox-indicator-pressed@3x_png["checkbox-indicator-pressed@3x.png"]\n    Root --> node_venv["venv"]\n    node_venv --> node_venv_lib["lib"]\n    node_venv_lib --> node_venv_lib_python3_12["python3.12"]\n    node_venv_lib_python3_12 --> node_venv_lib_python3_12_site-packages["site-packages"]\n    node_venv_lib_python3_12_site-packages --> node_venv_lib_python3_12_site-packages_PyQt6["PyQt6"]\n    node_venv_lib_python3_12_site-packages_PyQt6 --> node_venv_lib_python3_12_site-packages_PyQt6_Qt6["Qt6"]\n    node_venv_lib_python3_12_site-packages_PyQt6_Qt6 --> node_venv_lib_python3_12_site-packages_PyQt6_Qt6_qml["qml"]\n    node_venv_lib_python3_12_site-packages_PyQt6_Qt6_qml --> node_venv_lib_python3_12_site-packages_PyQt6_Qt6_qml_QtQuick["QtQuick"]\n    node_venv_lib_python3_12_site-packages_PyQt6_Qt6_qml_QtQuick --> node_venv_lib_python3_12_site-packages_PyQt6_Qt6_qml_QtQuick_Controls["Controls"]\n    node_venv_lib_python3_12_site-packages_PyQt6_Qt6_qml_QtQuick_Controls --> node_venv_lib_python3_12_site-packages_PyQt6_Qt6_qml_QtQuick_Controls_FluentWinUI3["FluentWinUI3"]\n    node_venv_lib_python3_12_site-packages_PyQt6_Qt6_qml_QtQuick_Controls_FluentWinUI3 --> node_venv_lib_python3_12_site-packages_PyQt6_Qt6_qml_QtQuick_Controls_FluentWinUI3_dark["dark"]\n    node_venv_lib_python3_12_site-packages_PyQt6_Qt6_qml_QtQuick_Controls_FluentWinUI3_dark --> node_venv_lib_python3_12_site-packages_PyQt6_Qt6_qml_QtQuick_Controls_FluentWinUI3_dark_images["images"]\n    node_venv_lib_python3_12_site-packages_PyQt6_Qt6_qml_QtQuick_Controls_FluentWinUI3_dark_images --> node_venv_lib_python3_12_site-packages_PyQt6_Qt6_qml_QtQuick_Controls_FluentWinUI3_dark_images_checkbox-indicator_png["checkbox-indicator.png"]\n    Root --> node_venv["venv"]\n    node_venv --> node_venv_lib["lib"]\n    node_venv_lib --> node_venv_lib_python3_12["python3.12"]\n    node_venv_lib_python3_12 --> node_venv_lib_python3_12_site-packages["site-packages"]\n    node_venv_lib_python3_12_site-packages --> node_venv_lib_python3_12_site-packages_PyQt6["PyQt6"]\n    node_venv_lib_python3_12_site-packages_PyQt6 --> node_venv_lib_python3_12_site-packages_PyQt6_Qt6["Qt6"]\n    node_venv_lib_python3_12_site-packages_PyQt6_Qt6 --> node_venv_lib_python3_12_site-packages_PyQt6_Qt6_qml["qml"]\n    node_venv_lib_python3_12_site-packages_PyQt6_Qt6_qml --> node_venv_lib_python3_12_site-packages_PyQt6_Qt6_qml_QtQuick["QtQuick"]\n    node_venv_lib_python3_12_site-packages_PyQt6_Qt6_qml_QtQuick --> node_venv_lib_python3_12_site-packages_PyQt6_Qt6_qml_QtQuick_Controls["Controls"]\n    node_venv_lib_python3_12_site-packages_PyQt6_Qt6_qml_QtQuick_Controls --> node_venv_lib_python3_12_site-packages_PyQt6_Qt6_qml_QtQuick_Controls_FluentWinUI3["FluentWinUI3"]\n    node_venv_lib_python3_12_site-packages_PyQt6_Qt6_qml_QtQuick_Controls_FluentWinUI3 --> node_venv_lib_python3_12_site-packages_PyQt6_Qt6_qml_QtQuick_Controls_FluentWinUI3_dark["dark"]\n    node_venv_lib_python3_12_site-packages_PyQt6_Qt6_qml_QtQuick_Controls_FluentWinUI3_dark --> node_venv_lib_python3_12_site-packages_PyQt6_Qt6_qml_QtQuick_Controls_FluentWinUI3_dark_images["images"]\n    node_venv_lib_python3_12_site-packages_PyQt6_Qt6_qml_QtQuick_Controls_FluentWinUI3_dark_images --> node_venv_lib_python3_12_site-packages_PyQt6_Qt6_qml_QtQuick_Controls_FluentWinUI3_dark_images_checkbox-indicator@2x_png["checkbox-indicator@2x.png"]\n    Root --> node_venv["venv"]\n    node_venv --> node_venv_lib["lib"]\n    node_venv_lib --> node_venv_lib_python3_12["python3.12"]\n    node_venv_lib_python3_12 --> node_venv_lib_python3_12_site-packages["site-packages"]\n    node_venv_lib_python3_12_site-packages --> node_venv_lib_python3_12_site-packages_PyQt6["PyQt6"]\n    node_venv_lib_python3_12_site-packages_PyQt6 --> node_venv_lib_python3_12_site-packages_PyQt6_Qt6["Qt6"]\n    node_venv_lib_python3_12_site-packages_PyQt6_Qt6 --> node_venv_lib_python3_12_site-packages_PyQt6_Qt6_qml["qml"]\n    node_venv_lib_python3_12_site-packages_PyQt6_Qt6_qml --> node_venv_lib_python3_12_site-packages_PyQt6_Qt6_qml_QtQuick["QtQuick"]\n    node_venv_lib_python3_12_site-packages_PyQt6_Qt6_qml_QtQuick --> node_venv_lib_python3_12_site-packages_PyQt6_Qt6_qml_QtQuick_Controls["Controls"]\n    node_venv_lib_python3_12_site-packages_PyQt6_Qt6_qml_QtQuick_Controls --> node_venv_lib_python3_12_site-packages_PyQt6_Qt6_qml_QtQuick_Controls_FluentWinUI3["FluentWinUI3"]\n    node_venv_lib_python3_12_site-packages_PyQt6_Qt6_qml_QtQuick_Controls_FluentWinUI3 --> node_venv_lib_python3_12_site-packages_PyQt6_Qt6_qml_QtQuick_Controls_FluentWinUI3_dark["dark"]\n    node_venv_lib_python3_12_site-packages_PyQt6_Qt6_qml_QtQuick_Controls_FluentWinUI3_dark --> node_venv_lib_python3_12_site-packages_PyQt6_Qt6_qml_QtQuick_Controls_FluentWinUI3_dark_images["images"]\n    node_venv_lib_python3_12_site-packages_PyQt6_Qt6_qml_QtQuick_Controls_FluentWinUI3_dark_images --> node_venv_lib_python3_12_site-packages_PyQt6_Qt6_qml_QtQuick_Controls_FluentWinUI3_dark_images_checkbox-indicator@3x_png["checkbox-indicator@3x.png"]\n    Root --> node_venv["venv"]\n    node_venv --> node_venv_lib["lib"]\n    node_venv_lib --> node_venv_lib_python3_12["python3.12"]\n    node_venv_lib_python3_12 --> node_venv_lib_python3_12_site-packages["site-packages"]\n    node_venv_lib_python3_12_site-packages --> node_venv_lib_python3_12_site-packages_PyQt6["PyQt6"]\n    node_venv_lib_python3_12_site-packages_PyQt6 --> node_venv_lib_python3_12_site-packages_PyQt6_Qt6["Qt6"]\n    node_venv_lib_python3_12_site-packages_PyQt6_Qt6 --> node_venv_lib_python3_12_site-packages_PyQt6_Qt6_qml["qml"]\n    node_venv_lib_python3_12_site-packages_PyQt6_Qt6_qml --> node_venv_lib_python3_12_site-packages_PyQt6_Qt6_qml_QtQuick["QtQuick"]\n    node_venv_lib_python3_12_site-packages_PyQt6_Qt6_qml_QtQuick --> node_venv_lib_python3_12_site-packages_PyQt6_Qt6_qml_QtQuick_Controls["Controls"]\n    node_venv_lib_python3_12_site-packages_PyQt6_Qt6_qml_QtQuick_Controls --> node_venv_lib_python3_12_site-packages_PyQt6_Qt6_qml_QtQuick_Controls_FluentWinUI3["FluentWinUI3"]\n    node_venv_lib_python3_12_site-packages_PyQt6_Qt6_qml_QtQuick_Controls_FluentWinUI3 --> node_venv_lib_python3_12_site-packages_PyQt6_Qt6_qml_QtQuick_Controls_FluentWinUI3_dark["dark"]\n    node_venv_lib_python3_12_site-packages_PyQt6_Qt6_qml_QtQuick_Controls_FluentWinUI3_dark --> node_venv_lib_python3_12_site-packages_PyQt6_Qt6_qml_QtQuick_Controls_FluentWinUI3_dark_images["images"]\n    node_venv_lib_python3_12_site-packages_PyQt6_Qt6_qml_QtQuick_Controls_FluentWinUI3_dark_images --> node_venv_lib_python3_12_site-packages_PyQt6_Qt6_qml_QtQuick_Controls_FluentWinUI3_dark_images_combobox-background-disabled_png["combobox-background-disabled.png"]\n    Root --> node_venv["venv"]\n    node_venv --> node_venv_lib["lib"]\n    node_venv_lib --> node_venv_lib_python3_12["python3.12"]\n    node_venv_lib_python3_12 --> node_venv_lib_python3_12_site-packages["site-packages"]\n    node_venv_lib_python3_12_site-packages --> node_venv_lib_python3_12_site-packages_PyQt6["PyQt6"]\n    node_venv_lib_python3_12_site-packages_PyQt6 --> node_venv_lib_python3_12_site-packages_PyQt6_Qt6["Qt6"]\n    node_venv_lib_python3_12_site-packages_PyQt6_Qt6 --> node_venv_lib_python3_12_site-packages_PyQt6_Qt6_qml["qml"]\n    node_venv_lib_python3_12_site-packages_PyQt6_Qt6_qml --> node_venv_lib_python3_12_site-packages_PyQt6_Qt6_qml_QtQuick["QtQuick"]\n    node_venv_lib_python3_12_site-packages_PyQt6_Qt6_qml_QtQuick --> node_venv_lib_python3_12_site-packages_PyQt6_Qt6_qml_QtQuick_Controls["Controls"]\n    node_venv_lib_python3_12_site-packages_PyQt6_Qt6_qml_QtQuick_Controls --> node_venv_lib_python3_12_site-packages_PyQt6_Qt6_qml_QtQuick_Controls_FluentWinUI3["FluentWinUI3"]\n    node_venv_lib_python3_12_site-packages_PyQt6_Qt6_qml_QtQuick_Controls_FluentWinUI3 --> node_venv_lib_python3_12_site-packages_PyQt6_Qt6_qml_QtQuick_Controls_FluentWinUI3_dark["dark"]\n    node_venv_lib_python3_12_site-packages_PyQt6_Qt6_qml_QtQuick_Controls_FluentWinUI3_dark --> node_venv_lib_python3_12_site-packages_PyQt6_Qt6_qml_QtQuick_Controls_FluentWinUI3_dark_images["images"]\n    node_venv_lib_python3_12_site-packages_PyQt6_Qt6_qml_QtQuick_Controls_FluentWinUI3_dark_images --> node_venv_lib_python3_12_site-packages_PyQt6_Qt6_qml_QtQuick_Controls_FluentWinUI3_dark_images_combobox-background-disabled@2x_png["combobox-background-disabled@2x.png"]\n    Root --> node_venv["venv"]\n    node_venv --> node_venv_lib["lib"]\n    node_venv_lib --> node_venv_lib_python3_12["python3.12"]\n    node_venv_lib_python3_12 --> node_venv_lib_python3_12_site-packages["site-packages"]\n    node_venv_lib_python3_12_site-packages --> node_venv_lib_python3_12_site-packages_PyQt6["PyQt6"]\n    node_venv_lib_python3_12_site-packages_PyQt6 --> node_venv_lib_python3_12_site-packages_PyQt6_Qt6["Qt6"]\n    node_venv_lib_python3_12_site-packages_PyQt6_Qt6 --> node_venv_lib_python3_12_site-packages_PyQt6_Qt6_qml["qml"]\n    node_venv_lib_python3_12_site-packages_PyQt6_Qt6_qml --> node_venv_lib_python3_12_site-packages_PyQt6_Qt6_qml_QtQuick["QtQuick"]\n    node_venv_lib_python3_12_site-packages_PyQt6_Qt6_qml_QtQuick --> node_venv_lib_python3_12_site-packages_PyQt6_Qt6_qml_QtQuick_Controls["Controls"]\n    node_venv_lib_python3_12_site-packages_PyQt6_Qt6_qml_QtQuick_Controls --> node_venv_lib_python3_12_site-packages_PyQt6_Qt6_qml_QtQuick_Controls_FluentWinUI3["FluentWinUI3"]\n    node_venv_lib_python3_12_site-packages_PyQt6_Qt6_qml_QtQuick_Controls_FluentWinUI3 --> node_venv_lib_python3_12_site-packages_PyQt6_Qt6_qml_QtQuick_Controls_FluentWinUI3_dark["dark"]\n    node_venv_lib_python3_12_site-packages_PyQt6_Qt6_qml_QtQuick_Controls_FluentWinUI3_dark --> node_venv_lib_python3_12_site-packages_PyQt6_Qt6_qml_QtQuick_Controls_FluentWinUI3_dark_images["images"]\n    node_venv_lib_python3_12_site-packages_PyQt6_Qt6_qml_QtQuick_Controls_FluentWinUI3_dark_images --> node_venv_lib_python3_12_site-packages_PyQt6_Qt6_qml_QtQuick_Controls_FluentWinUI3_dark_images_combobox-background-disabled@3x_png["combobox-background-disabled@3x.png"]\n    Root --> node_venv["venv"]\n    node_venv --> node_venv_lib["lib"]\n    node_venv_lib --> node_venv_lib_python3_12["python3.12"]\n    node_venv_lib_python3_12 --> node_venv_lib_python3_12_site-packages["site-packages"]\n    node_venv_lib_python3_12_site-packages --> node_venv_lib_python3_12_site-packages_PyQt6["PyQt6"]\n    node_venv_lib_python3_12_site-packages_PyQt6 --> node_venv_lib_python3_12_site-packages_PyQt6_Qt6["Qt6"]\n    node_venv_lib_python3_12_site-packages_PyQt6_Qt6 --> node_venv_lib_python3_12_site-packages_PyQt6_Qt6_qml["qml"]\n    node_venv_lib_python3_12_site-packages_PyQt6_Qt6_qml --> node_venv_lib_python3_12_site-packages_PyQt6_Qt6_qml_QtQuick["QtQuick"]\n    node_venv_lib_python3_12_site-packages_PyQt6_Qt6_qml_QtQuick --> node_venv_lib_python3_12_site-packages_PyQt6_Qt6_qml_QtQuick_Controls["Controls"]\n    node_venv_lib_python3_12_site-packages_PyQt6_Qt6_qml_QtQuick_Controls --> node_venv_lib_python3_12_site-packages_PyQt6_Qt6_qml_QtQuick_Controls_FluentWinUI3["FluentWinUI3"]\n    node_venv_lib_python3_12_site-packages_PyQt6_Qt6_qml_QtQuick_Controls_FluentWinUI3 --> node_venv_lib_python3_12_site-packages_PyQt6_Qt6_qml_QtQuick_Controls_FluentWinUI3_dark["dark"]\n    node_venv_lib_python3_12_site-packages_PyQt6_Qt6_qml_QtQuick_Controls_FluentWinUI3_dark --> node_venv_lib_python3_12_site-packages_PyQt6_Qt6_qml_QtQuick_Controls_FluentWinUI3_dark_images["images"]\n    node_venv_lib_python3_12_site-packages_PyQt6_Qt6_qml_QtQuick_Controls_FluentWinUI3_dark_images --> node_venv_lib_python3_12_site-packages_PyQt6_Qt6_qml_QtQuick_Controls_FluentWinUI3_dark_images_combobox-background-focused_png["combobox-background-focused.png"]\n    Root --> node_venv["venv"]\n    node_venv --> node_venv_lib["lib"]\n    node_venv_lib --> node_venv_lib_python3_12["python3.12"]\n    node_venv_lib_python3_12 --> node_venv_lib_python3_12_site-packages["site-packages"]\n    node_venv_lib_python3_12_site-packages --> node_venv_lib_python3_12_site-packages_PyQt6["PyQt6"]\n    node_venv_lib_python3_12_site-packages_PyQt6 --> node_venv_lib_python3_12_site-packages_PyQt6_Qt6["Qt6"]\n    node_venv_lib_python3_12_site-packages_PyQt6_Qt6 --> node_venv_lib_python3_12_site-packages_PyQt6_Qt6_qml["qml"]\n    node_venv_lib_python3_12_site-packages_PyQt6_Qt6_qml --> node_venv_lib_python3_12_site-packages_PyQt6_Qt6_qml_QtQuick["QtQuick"]\n    node_venv_lib_python3_12_site-packages_PyQt6_Qt6_qml_QtQuick --> node_venv_lib_python3_12_site-packages_PyQt6_Qt6_qml_QtQuick_Controls["Controls"]\n    node_venv_lib_python3_12_site-packages_PyQt6_Qt6_qml_QtQuick_Controls --> node_venv_lib_python3_12_site-packages_PyQt6_Qt6_qml_QtQuick_Controls_FluentWinUI3["FluentWinUI3"]\n    node_venv_lib_python3_12_site-packages_PyQt6_Qt6_qml_QtQuick_Controls_FluentWinUI3 --> node_venv_lib_python3_12_site-packages_PyQt6_Qt6_qml_QtQuick_Controls_FluentWinUI3_dark["dark"]\n    node_venv_lib_python3_12_site-packages_PyQt6_Qt6_qml_QtQuick_Controls_FluentWinUI3_dark --> node_venv_lib_python3_12_site-packages_PyQt6_Qt6_qml_QtQuick_Controls_FluentWinUI3_dark_images["images"]\n    node_venv_lib_python3_12_site-packages_PyQt6_Qt6_qml_QtQuick_Controls_FluentWinUI3_dark_images --> node_venv_lib_python3_12_site-packages_PyQt6_Qt6_qml_QtQuick_Controls_FluentWinUI3_dark_images_combobox-background-focused@2x_png["combobox-background-focused@2x.png"]\n    Root --> node_venv["venv"]\n    node_venv --> node_venv_lib["lib"]\n    node_venv_lib --> node_venv_lib_python3_12["python3.12"]\n    node_venv_lib_python3_12 --> node_venv_lib_python3_12_site-packages["site-packages"]\n    node_venv_lib_python3_12_site-packages --> node_venv_lib_python3_12_site-packages_PyQt6["PyQt6"]\n    node_venv_lib_python3_12_site-packages_PyQt6 --> node_venv_lib_python3_12_site-packages_PyQt6_Qt6["Qt6"]\n    node_venv_lib_python3_12_site-packages_PyQt6_Qt6 --> node_venv_lib_python3_12_site-packages_PyQt6_Qt6_qml["qml"]\n    node_venv_lib_python3_12_site-packages_PyQt6_Qt6_qml --> node_venv_lib_python3_12_site-packages_PyQt6_Qt6_qml_QtQuick["QtQuick"]\n    node_venv_lib_python3_12_site-packages_PyQt6_Qt6_qml_QtQuick --> node_venv_lib_python3_12_site-packages_PyQt6_Qt6_qml_QtQuick_Controls["Controls"]\n    node_venv_lib_python3_12_site-packages_PyQt6_Qt6_qml_QtQuick_Controls --> node_venv_lib_python3_12_site-packages_PyQt6_Qt6_qml_QtQuick_Controls_FluentWinUI3["FluentWinUI3"]\n    node_venv_lib_python3_12_site-packages_PyQt6_Qt6_qml_QtQuick_Controls_FluentWinUI3 --> node_venv_lib_python3_12_site-packages_PyQt6_Qt6_qml_QtQuick_Controls_FluentWinUI3_dark["dark"]\n    node_venv_lib_python3_12_site-packages_PyQt6_Qt6_qml_QtQuick_Controls_FluentWinUI3_dark --> node_venv_lib_python3_12_site-packages_PyQt6_Qt6_qml_QtQuick_Controls_FluentWinUI3_dark_images["images"]\n    node_venv_lib_python3_12_site-packages_PyQt6_Qt6_qml_QtQuick_Controls_FluentWinUI3_dark_images --> node_venv_lib_python3_12_site-packages_PyQt6_Qt6_qml_QtQuick_Controls_FluentWinUI3_dark_images_combobox-background-focused@3x_png["combobox-background-focused@3x.png"]\n    Root --> node_venv["venv"]\n    node_venv --> node_venv_lib["lib"]\n    node_venv_lib --> node_venv_lib_python3_12["python3.12"]\n    node_venv_lib_python3_12 --> node_venv_lib_python3_12_site-packages["site-packages"]\n    node_venv_lib_python3_12_site-packages --> node_venv_lib_python3_12_site-packages_PyQt6["PyQt6"]\n    node_venv_lib_python3_12_site-packages_PyQt6 --> node_venv_lib_python3_12_site-packages_PyQt6_Qt6["Qt6"]\n    node_venv_lib_python3_12_site-packages_PyQt6_Qt6 --> node_venv_lib_python3_12_site-packages_PyQt6_Qt6_qml["qml"]\n    node_venv_lib_python3_12_site-packages_PyQt6_Qt6_qml --> node_venv_lib_python3_12_site-packages_PyQt6_Qt6_qml_QtQuick["QtQuick"]\n    node_venv_lib_python3_12_site-packages_PyQt6_Qt6_qml_QtQuick --> node_venv_lib_python3_12_site-packages_PyQt6_Qt6_qml_QtQuick_Controls["Controls"]\n    node_venv_lib_python3_12_site-packages_PyQt6_Qt6_qml_QtQuick_Controls --> node_venv_lib_python3_12_site-packages_PyQt6_Qt6_qml_QtQuick_Controls_FluentWinUI3["FluentWinUI3"]\n    node_venv_lib_python3_12_site-packages_PyQt6_Qt6_qml_QtQuick_Controls_FluentWinUI3 --> node_venv_lib_python3_12_site-packages_PyQt6_Qt6_qml_QtQuick_Controls_FluentWinUI3_dark["dark"]\n    node_venv_lib_python3_12_site-packages_PyQt6_Qt6_qml_QtQuick_Controls_FluentWinUI3_dark --> node_venv_lib_python3_12_site-packages_PyQt6_Qt6_qml_QtQuick_Controls_FluentWinUI3_dark_images["images"]\n    node_venv_lib_python3_12_site-packages_PyQt6_Qt6_qml_QtQuick_Controls_FluentWinUI3_dark_images --> node_venv_lib_python3_12_site-packages_PyQt6_Qt6_qml_QtQuick_Controls_FluentWinUI3_dark_images_combobox-background-hovered-open_png["combobox-background-hovered-open.png"]\n    Root --> node_venv["venv"]\n    node_venv --> node_venv_lib["lib"]\n    node_venv_lib --> node_venv_lib_python3_12["python3.12"]\n    node_venv_lib_python3_12 --> node_venv_lib_python3_12_site-packages["site-packages"]\n    node_venv_lib_python3_12_site-packages --> node_venv_lib_python3_12_site-packages_PyQt6["PyQt6"]\n    node_venv_lib_python3_12_site-packages_PyQt6 --> node_venv_lib_python3_12_site-packages_PyQt6_Qt6["Qt6"]\n    node_venv_lib_python3_12_site-packages_PyQt6_Qt6 --> node_venv_lib_python3_12_site-packages_PyQt6_Qt6_qml["qml"]\n    node_venv_lib_python3_12_site-packages_PyQt6_Qt6_qml --> node_venv_lib_python3_12_site-packages_PyQt6_Qt6_qml_QtQuick["QtQuick"]\n    node_venv_lib_python3_12_site-packages_PyQt6_Qt6_qml_QtQuick --> node_venv_lib_python3_12_site-packages_PyQt6_Qt6_qml_QtQuick_Controls["Controls"]\n    node_venv_lib_python3_12_site-packages_PyQt6_Qt6_qml_QtQuick_Controls --> node_venv_lib_python3_12_site-packages_PyQt6_Qt6_qml_QtQuick_Controls_FluentWinUI3["FluentWinUI3"]\n    node_venv_lib_python3_12_site-packages_PyQt6_Qt6_qml_QtQuick_Controls_FluentWinUI3 --> node_venv_lib_python3_12_site-packages_PyQt6_Qt6_qml_QtQuick_Controls_FluentWinUI3_dark["dark"]\n    node_venv_lib_python3_12_site-packages_PyQt6_Qt6_qml_QtQuick_Controls_FluentWinUI3_dark --> node_venv_lib_python3_12_site-packages_PyQt6_Qt6_qml_QtQuick_Controls_FluentWinUI3_dark_images["images"]\n    node_venv_lib_python3_12_site-packages_PyQt6_Qt6_qml_QtQuick_Controls_FluentWinUI3_dark_images --> node_venv_lib_python3_12_site-packages_PyQt6_Qt6_qml_QtQuick_Controls_FluentWinUI3_dark_images_combobox-background-hovered-open@2x_png["combobox-background-hovered-open@2x.png"]\n    Root --> node_venv["venv"]\n    node_venv --> node_venv_lib["lib"]\n    node_venv_lib --> node_venv_lib_python3_12["python3.12"]\n    node_venv_lib_python3_12 --> node_venv_lib_python3_12_site-packages["site-packages"]\n    node_venv_lib_python3_12_site-packages --> node_venv_lib_python3_12_site-packages_PyQt6["PyQt6"]\n    node_venv_lib_python3_12_site-packages_PyQt6 --> node_venv_lib_python3_12_site-packages_PyQt6_Qt6["Qt6"]\n    node_venv_lib_python3_12_site-packages_PyQt6_Qt6 --> node_venv_lib_python3_12_site-packages_PyQt6_Qt6_qml["qml"]\n    node_venv_lib_python3_12_site-packages_PyQt6_Qt6_qml --> node_venv_lib_python3_12_site-packages_PyQt6_Qt6_qml_QtQuick["QtQuick"]\n    node_venv_lib_python3_12_site-packages_PyQt6_Qt6_qml_QtQuick --> node_venv_lib_python3_12_site-packages_PyQt6_Qt6_qml_QtQuick_Controls["Controls"]\n    node_venv_lib_python3_12_site-packages_PyQt6_Qt6_qml_QtQuick_Controls --> node_venv_lib_python3_12_site-packages_PyQt6_Qt6_qml_QtQuick_Controls_FluentWinUI3["FluentWinUI3"]\n    node_venv_lib_python3_12_site-packages_PyQt6_Qt6_qml_QtQuick_Controls_FluentWinUI3 --> node_venv_lib_python3_12_site-packages_PyQt6_Qt6_qml_QtQuick_Controls_FluentWinUI3_dark["dark"]\n    node_venv_lib_python3_12_site-packages_PyQt6_Qt6_qml_QtQuick_Controls_FluentWinUI3_dark --> node_venv_lib_python3_12_site-packages_PyQt6_Qt6_qml_QtQuick_Controls_FluentWinUI3_dark_images["images"]\n    node_venv_lib_python3_12_site-packages_PyQt6_Qt6_qml_QtQuick_Controls_FluentWinUI3_dark_images --> node_venv_lib_python3_12_site-packages_PyQt6_Qt6_qml_QtQuick_Controls_FluentWinUI3_dark_images_combobox-background-hovered-open@3x_png["combobox-background-hovered-open@3x.png"]\n    Root --> node_venv["venv"]\n    node_venv --> node_venv_lib["lib"]\n    node_venv_lib --> node_venv_lib_python3_12["python3.12"]\n    node_venv_lib_python3_12 --> node_venv_lib_python3_12_site-packages["site-packages"]\n    node_venv_lib_python3_12_site-packages --> node_venv_lib_python3_12_site-packages_PyQt6["PyQt6"]\n    node_venv_lib_python3_12_site-packages_PyQt6 --> node_venv_lib_python3_12_site-packages_PyQt6_Qt6["Qt6"]\n    node_venv_lib_python3_12_site-packages_PyQt6_Qt6 --> node_venv_lib_python3_12_site-packages_PyQt6_Qt6_qml["qml"]\n    node_venv_lib_python3_12_site-packages_PyQt6_Qt6_qml --> node_venv_lib_python3_12_site-packages_PyQt6_Qt6_qml_QtQuick["QtQuick"]\n    node_venv_lib_python3_12_site-packages_PyQt6_Qt6_qml_QtQuick --> node_venv_lib_python3_12_site-packages_PyQt6_Qt6_qml_QtQuick_Controls["Controls"]\n    node_venv_lib_python3_12_site-packages_PyQt6_Qt6_qml_QtQuick_Controls --> node_venv_lib_python3_12_site-packages_PyQt6_Qt6_qml_QtQuick_Controls_FluentWinUI3["FluentWinUI3"]\n    node_venv_lib_python3_12_site-packages_PyQt6_Qt6_qml_QtQuick_Controls_FluentWinUI3 --> node_venv_lib_python3_12_site-packages_PyQt6_Qt6_qml_QtQuick_Controls_FluentWinUI3_dark["dark"]\n    node_venv_lib_python3_12_site-packages_PyQt6_Qt6_qml_QtQuick_Controls_FluentWinUI3_dark --> node_venv_lib_python3_12_site-packages_PyQt6_Qt6_qml_QtQuick_Controls_FluentWinUI3_dark_images["images"]\n    node_venv_lib_python3_12_site-packages_PyQt6_Qt6_qml_QtQuick_Controls_FluentWinUI3_dark_images --> node_venv_lib_python3_12_site-packages_PyQt6_Qt6_qml_QtQuick_Controls_FluentWinUI3_dark_images_combobox-background-hovered_png["combobox-background-hovered.png"]\n    Root --> node_venv["venv"]\n    node_venv --> node_venv_lib["lib"]\n    node_venv_lib --> node_venv_lib_python3_12["python3.12"]\n    node_venv_lib_python3_12 --> node_venv_lib_python3_12_site-packages["site-packages"]\n    node_venv_lib_python3_12_site-packages --> node_venv_lib_python3_12_site-packages_PyQt6["PyQt6"]\n    node_venv_lib_python3_12_site-packages_PyQt6 --> node_venv_lib_python3_12_site-packages_PyQt6_Qt6["Qt6"]\n    node_venv_lib_python3_12_site-packages_PyQt6_Qt6 --> node_venv_lib_python3_12_site-packages_PyQt6_Qt6_qml["qml"]\n    node_venv_lib_python3_12_site-packages_PyQt6_Qt6_qml --> node_venv_lib_python3_12_site-packages_PyQt6_Qt6_qml_QtQuick["QtQuick"]\n    node_venv_lib_python3_12_site-packages_PyQt6_Qt6_qml_QtQuick --> node_venv_lib_python3_12_site-packages_PyQt6_Qt6_qml_QtQuick_Controls["Controls"]\n    node_venv_lib_python3_12_site-packages_PyQt6_Qt6_qml_QtQuick_Controls --> node_venv_lib_python3_12_site-packages_PyQt6_Qt6_qml_QtQuick_Controls_FluentWinUI3["FluentWinUI3"]\n    node_venv_lib_python3_12_site-packages_PyQt6_Qt6_qml_QtQuick_Controls_FluentWinUI3 --> node_venv_lib_python3_12_site-packages_PyQt6_Qt6_qml_QtQuick_Controls_FluentWinUI3_dark["dark"]\n    node_venv_lib_python3_12_site-packages_PyQt6_Qt6_qml_QtQuick_Controls_FluentWinUI3_dark --> node_venv_lib_python3_12_site-packages_PyQt6_Qt6_qml_QtQuick_Controls_FluentWinUI3_dark_images["images"]\n    node_venv_lib_python3_12_site-packages_PyQt6_Qt6_qml_QtQuick_Controls_FluentWinUI3_dark_images --> node_venv_lib_python3_12_site-packages_PyQt6_Qt6_qml_QtQuick_Controls_FluentWinUI3_dark_images_combobox-background-hovered@2x_png["combobox-background-hovered@2x.png"]\n    Root --> node_venv["venv"]\n    node_venv --> node_venv_lib["lib"]\n    node_venv_lib --> node_venv_lib_python3_12["python3.12"]\n    node_venv_lib_python3_12 --> node_venv_lib_python3_12_site-packages["site-packages"]\n    node_venv_lib_python3_12_site-packages --> node_venv_lib_python3_12_site-packages_PyQt6["PyQt6"]\n    node_venv_lib_python3_12_site-packages_PyQt6 --> node_venv_lib_python3_12_site-packages_PyQt6_Qt6["Qt6"]\n    node_venv_lib_python3_12_site-packages_PyQt6_Qt6 --> node_venv_lib_python3_12_site-packages_PyQt6_Qt6_qml["qml"]\n    node_venv_lib_python3_12_site-packages_PyQt6_Qt6_qml --> node_venv_lib_python3_12_site-packages_PyQt6_Qt6_qml_QtQuick["QtQuick"]\n    node_venv_lib_python3_12_site-packages_PyQt6_Qt6_qml_QtQuick --> node_venv_lib_python3_12_site-packages_PyQt6_Qt6_qml_QtQuick_Controls["Controls"]\n    node_venv_lib_python3_12_site-packages_PyQt6_Qt6_qml_QtQuick_Controls --> node_venv_lib_python3_12_site-packages_PyQt6_Qt6_qml_QtQuick_Controls_FluentWinUI3["FluentWinUI3"]\n    node_venv_lib_python3_12_site-packages_PyQt6_Qt6_qml_QtQuick_Controls_FluentWinUI3 --> node_venv_lib_python3_12_site-packages_PyQt6_Qt6_qml_QtQuick_Controls_FluentWinUI3_dark["dark"]\n    node_venv_lib_python3_12_site-packages_PyQt6_Qt6_qml_QtQuick_Controls_FluentWinUI3_dark --> node_venv_lib_python3_12_site-packages_PyQt6_Qt6_qml_QtQuick_Controls_FluentWinUI3_dark_images["images"]\n    node_venv_lib_python3_12_site-packages_PyQt6_Qt6_qml_QtQuick_Controls_FluentWinUI3_dark_images --> node_venv_lib_python3_12_site-packages_PyQt6_Qt6_qml_QtQuick_Controls_FluentWinUI3_dark_images_combobox-background-hovered@3x_png["combobox-background-hovered@3x.png"]\n    Root --> node_venv["venv"]\n    node_venv --> node_venv_lib["lib"]\n    node_venv_lib --> node_venv_lib_python3_12["python3.12"]\n    node_venv_lib_python3_12 --> node_venv_lib_python3_12_site-packages["site-packages"]\n    node_venv_lib_python3_12_site-packages --> node_venv_lib_python3_12_site-packages_PyQt6["PyQt6"]\n    node_venv_lib_python3_12_site-packages_PyQt6 --> node_venv_lib_python3_12_site-packages_PyQt6_Qt6["Qt6"]\n    node_venv_lib_python3_12_site-packages_PyQt6_Qt6 --> node_venv_lib_python3_12_site-packages_PyQt6_Qt6_qml["qml"]\n    node_venv_lib_python3_12_site-packages_PyQt6_Qt6_qml --> node_venv_lib_python3_12_site-packages_PyQt6_Qt6_qml_QtQuick["QtQuick"]\n    node_venv_lib_python3_12_site-packages_PyQt6_Qt6_qml_QtQuick --> node_venv_lib_python3_12_site-packages_PyQt6_Qt6_qml_QtQuick_Controls["Controls"]\n    node_venv_lib_python3_12_site-packages_PyQt6_Qt6_qml_QtQuick_Controls --> node_venv_lib_python3_12_site-packages_PyQt6_Qt6_qml_QtQuick_Controls_FluentWinUI3["FluentWinUI3"]\n    node_venv_lib_python3_12_site-packages_PyQt6_Qt6_qml_QtQuick_Controls_FluentWinUI3 --> node_venv_lib_python3_12_site-packages_PyQt6_Qt6_qml_QtQuick_Controls_FluentWinUI3_dark["dark"]\n    node_venv_lib_python3_12_site-packages_PyQt6_Qt6_qml_QtQuick_Controls_FluentWinUI3_dark --> node_venv_lib_python3_12_site-packages_PyQt6_Qt6_qml_QtQuick_Controls_FluentWinUI3_dark_images["images"]\n    node_venv_lib_python3_12_site-packages_PyQt6_Qt6_qml_QtQuick_Controls_FluentWinUI3_dark_images --> node_venv_lib_python3_12_site-packages_PyQt6_Qt6_qml_QtQuick_Controls_FluentWinUI3_dark_images_combobox-background-open-pressed_png["combobox-background-open-pressed.png"]\n    Root --> node_venv["venv"]\n    node_venv --> node_venv_lib["lib"]\n    node_venv_lib --> node_venv_lib_python3_12["python3.12"]\n    node_venv_lib_python3_12 --> node_venv_lib_python3_12_site-packages["site-packages"]\n    node_venv_lib_python3_12_site-packages --> node_venv_lib_python3_12_site-packages_PyQt6["PyQt6"]\n    node_venv_lib_python3_12_site-packages_PyQt6 --> node_venv_lib_python3_12_site-packages_PyQt6_Qt6["Qt6"]\n    node_venv_lib_python3_12_site-packages_PyQt6_Qt6 --> node_venv_lib_python3_12_site-packages_PyQt6_Qt6_qml["qml"]\n    node_venv_lib_python3_12_site-packages_PyQt6_Qt6_qml --> node_venv_lib_python3_12_site-packages_PyQt6_Qt6_qml_QtQuick["QtQuick"]\n    node_venv_lib_python3_12_site-packages_PyQt6_Qt6_qml_QtQuick --> node_venv_lib_python3_12_site-packages_PyQt6_Qt6_qml_QtQuick_Controls["Controls"]\n    node_venv_lib_python3_12_site-packages_PyQt6_Qt6_qml_QtQuick_Controls --> node_venv_lib_python3_12_site-packages_PyQt6_Qt6_qml_QtQuick_Controls_FluentWinUI3["FluentWinUI3"]\n    node_venv_lib_python3_12_site-packages_PyQt6_Qt6_qml_QtQuick_Controls_FluentWinUI3 --> node_venv_lib_python3_12_site-packages_PyQt6_Qt6_qml_QtQuick_Controls_FluentWinUI3_dark["dark"]\n    node_venv_lib_python3_12_site-packages_PyQt6_Qt6_qml_QtQuick_Controls_FluentWinUI3_dark --> node_venv_lib_python3_12_site-packages_PyQt6_Qt6_qml_QtQuick_Controls_FluentWinUI3_dark_images["images"]\n    node_venv_lib_python3_12_site-packages_PyQt6_Qt6_qml_QtQuick_Controls_FluentWinUI3_dark_images --> node_venv_lib_python3_12_site-packages_PyQt6_Qt6_qml_QtQuick_Controls_FluentWinUI3_dark_images_combobox-background-open-pressed@2x_png["combobox-background-open-pressed@2x.png"]\n    Root --> node_venv["venv"]\n    node_venv --> node_venv_lib["lib"]\n    node_venv_lib --> node_venv_lib_python3_12["python3.12"]\n    node_venv_lib_python3_12 --> node_venv_lib_python3_12_site-packages["site-packages"]\n    node_venv_lib_python3_12_site-packages --> node_venv_lib_python3_12_site-packages_PyQt6["PyQt6"]\n    node_venv_lib_python3_12_site-packages_PyQt6 --> node_venv_lib_python3_12_site-packages_PyQt6_Qt6["Qt6"]\n    node_venv_lib_python3_12_site-packages_PyQt6_Qt6 --> node_venv_lib_python3_12_site-packages_PyQt6_Qt6_qml["qml"]\n    node_venv_lib_python3_12_site-packages_PyQt6_Qt6_qml --> node_venv_lib_python3_12_site-packages_PyQt6_Qt6_qml_QtQuick["QtQuick"]\n    node_venv_lib_python3_12_site-packages_PyQt6_Qt6_qml_QtQuick --> node_venv_lib_python3_12_site-packages_PyQt6_Qt6_qml_QtQuick_Controls["Controls"]\n    node_venv_lib_python3_12_site-packages_PyQt6_Qt6_qml_QtQuick_Controls --> node_venv_lib_python3_12_site-packages_PyQt6_Qt6_qml_QtQuick_Controls_FluentWinUI3["FluentWinUI3"]\n    node_venv_lib_python3_12_site-packages_PyQt6_Qt6_qml_QtQuick_Controls_FluentWinUI3 --> node_venv_lib_python3_12_site-packages_PyQt6_Qt6_qml_QtQuick_Controls_FluentWinUI3_dark["dark"]\n    node_venv_lib_python3_12_site-packages_PyQt6_Qt6_qml_QtQuick_Controls_FluentWinUI3_dark --> node_venv_lib_python3_12_site-packages_PyQt6_Qt6_qml_QtQuick_Controls_FluentWinUI3_dark_images["images"]\n    node_venv_lib_python3_12_site-packages_PyQt6_Qt6_qml_QtQuick_Controls_FluentWinUI3_dark_images --> node_venv_lib_python3_12_site-packages_PyQt6_Qt6_qml_QtQuick_Controls_FluentWinUI3_dark_images_combobox-background-open-pressed@3x_png["combobox-background-open-pressed@3x.png"]\n    Root --> node_venv["venv"]\n    node_venv --> node_venv_lib["lib"]\n    node_venv_lib --> node_venv_lib_python3_12["python3.12"]\n    node_venv_lib_python3_12 --> node_venv_lib_python3_12_site-packages["site-packages"]\n    node_venv_lib_python3_12_site-packages --> node_venv_lib_python3_12_site-packages_PyQt6["PyQt6"]\n    node_venv_lib_python3_12_site-packages_PyQt6 --> node_venv_lib_python3_12_site-packages_PyQt6_Qt6["Qt6"]\n    node_venv_lib_python3_12_site-packages_PyQt6_Qt6 --> node_venv_lib_python3_12_site-packages_PyQt6_Qt6_qml["qml"]\n    node_venv_lib_python3_12_site-packages_PyQt6_Qt6_qml --> node_venv_lib_python3_12_site-packages_PyQt6_Qt6_qml_QtQuick["QtQuick"]\n    node_venv_lib_python3_12_site-packages_PyQt6_Qt6_qml_QtQuick --> node_venv_lib_python3_12_site-packages_PyQt6_Qt6_qml_QtQuick_Controls["Controls"]\n    node_venv_lib_python3_12_site-packages_PyQt6_Qt6_qml_QtQuick_Controls --> node_venv_lib_python3_12_site-packages_PyQt6_Qt6_qml_QtQuick_Controls_FluentWinUI3["FluentWinUI3"]\n    node_venv_lib_python3_12_site-packages_PyQt6_Qt6_qml_QtQuick_Controls_FluentWinUI3 --> node_venv_lib_python3_12_site-packages_PyQt6_Qt6_qml_QtQuick_Controls_FluentWinUI3_dark["dark"]\n    node_venv_lib_python3_12_site-packages_PyQt6_Qt6_qml_QtQuick_Controls_FluentWinUI3_dark --> node_venv_lib_python3_12_site-packages_PyQt6_Qt6_qml_QtQuick_Controls_FluentWinUI3_dark_images["images"]\n    node_venv_lib_python3_12_site-packages_PyQt6_Qt6_qml_QtQuick_Controls_FluentWinUI3_dark_images --> node_venv_lib_python3_12_site-packages_PyQt6_Qt6_qml_QtQuick_Controls_FluentWinUI3_dark_images_combobox-background-open_png["combobox-background-open.png"]\n    Root --> node_venv["venv"]\n    node_venv --> node_venv_lib["lib"]\n    node_venv_lib --> node_venv_lib_python3_12["python3.12"]\n    node_venv_lib_python3_12 --> node_venv_lib_python3_12_site-packages["site-packages"]\n    node_venv_lib_python3_12_site-packages --> node_venv_lib_python3_12_site-packages_PyQt6["PyQt6"]\n    node_venv_lib_python3_12_site-packages_PyQt6 --> node_venv_lib_python3_12_site-packages_PyQt6_Qt6["Qt6"]\n    node_venv_lib_python3_12_site-packages_PyQt6_Qt6 --> node_venv_lib_python3_12_site-packages_PyQt6_Qt6_qml["qml"]\n    node_venv_lib_python3_12_site-packages_PyQt6_Qt6_qml --> node_venv_lib_python3_12_site-packages_PyQt6_Qt6_qml_QtQuick["QtQuick"]\n    node_venv_lib_python3_12_site-packages_PyQt6_Qt6_qml_QtQuick --> node_venv_lib_python3_12_site-packages_PyQt6_Qt6_qml_QtQuick_Controls["Controls"]\n    node_venv_lib_python3_12_site-packages_PyQt6_Qt6_qml_QtQuick_Controls --> node_venv_lib_python3_12_site-packages_PyQt6_Qt6_qml_QtQuick_Controls_FluentWinUI3["FluentWinUI3"]\n    node_venv_lib_python3_12_site-packages_PyQt6_Qt6_qml_QtQuick_Controls_FluentWinUI3 --> node_venv_lib_python3_12_site-packages_PyQt6_Qt6_qml_QtQuick_Controls_FluentWinUI3_dark["dark"]\n    node_venv_lib_python3_12_site-packages_PyQt6_Qt6_qml_QtQuick_Controls_FluentWinUI3_dark --> node_venv_lib_python3_12_site-packages_PyQt6_Qt6_qml_QtQuick_Controls_FluentWinUI3_dark_images["images"]\n    node_venv_lib_python3_12_site-packages_PyQt6_Qt6_qml_QtQuick_Controls_FluentWinUI3_dark_images --> node_venv_lib_python3_12_site-packages_PyQt6_Qt6_qml_QtQuick_Controls_FluentWinUI3_dark_images_combobox-background-open@2x_png["combobox-background-open@2x.png"]\n    Root --> node_venv["venv"]\n    node_venv --> node_venv_lib["lib"]\n    node_venv_lib --> node_venv_lib_python3_12["python3.12"]\n    node_venv_lib_python3_12 --> node_venv_lib_python3_12_site-packages["site-packages"]\n    node_venv_lib_python3_12_site-packages --> node_venv_lib_python3_12_site-packages_PyQt6["PyQt6"]\n    node_venv_lib_python3_12_site-packages_PyQt6 --> node_venv_lib_python3_12_site-packages_PyQt6_Qt6["Qt6"]\n    node_venv_lib_python3_12_site-packages_PyQt6_Qt6 --> node_venv_lib_python3_12_site-packages_PyQt6_Qt6_qml["qml"]\n    node_venv_lib_python3_12_site-packages_PyQt6_Qt6_qml --> node_venv_lib_python3_12_site-packages_PyQt6_Qt6_qml_QtQuick["QtQuick"]\n    node_venv_lib_python3_12_site-packages_PyQt6_Qt6_qml_QtQuick --> node_venv_lib_python3_12_site-packages_PyQt6_Qt6_qml_QtQuick_Controls["Controls"]\n    node_venv_lib_python3_12_site-packages_PyQt6_Qt6_qml_QtQuick_Controls --> node_venv_lib_python3_12_site-packages_PyQt6_Qt6_qml_QtQuick_Controls_FluentWinUI3["FluentWinUI3"]\n    node_venv_lib_python3_12_site-packages_PyQt6_Qt6_qml_QtQuick_Controls_FluentWinUI3 --> node_venv_lib_python3_12_site-packages_PyQt6_Qt6_qml_QtQuick_Controls_FluentWinUI3_dark["dark"]\n    node_venv_lib_python3_12_site-packages_PyQt6_Qt6_qml_QtQuick_Controls_FluentWinUI3_dark --> node_venv_lib_python3_12_site-packages_PyQt6_Qt6_qml_QtQuick_Controls_FluentWinUI3_dark_images["images"]\n    node_venv_lib_python3_12_site-packages_PyQt6_Qt6_qml_QtQuick_Controls_FluentWinUI3_dark_images --> node_venv_lib_python3_12_site-packages_PyQt6_Qt6_qml_QtQuick_Controls_FluentWinUI3_dark_images_combobox-background-open@3x_png["combobox-background-open@3x.png"]\n    Root --> node_venv["venv"]\n    node_venv --> node_venv_lib["lib"]\n    node_venv_lib --> node_venv_lib_python3_12["python3.12"]\n    node_venv_lib_python3_12 --> node_venv_lib_python3_12_site-packages["site-packages"]\n    node_venv_lib_python3_12_site-packages --> node_venv_lib_python3_12_site-packages_PyQt6["PyQt6"]\n    node_venv_lib_python3_12_site-packages_PyQt6 --> node_venv_lib_python3_12_site-packages_PyQt6_Qt6["Qt6"]\n    node_venv_lib_python3_12_site-packages_PyQt6_Qt6 --> node_venv_lib_python3_12_site-packages_PyQt6_Qt6_qml["qml"]\n    node_venv_lib_python3_12_site-packages_PyQt6_Qt6_qml --> node_venv_lib_python3_12_site-packages_PyQt6_Qt6_qml_QtQuick["QtQuick"]\n    node_venv_lib_python3_12_site-packages_PyQt6_Qt6_qml_QtQuick --> node_venv_lib_python3_12_site-packages_PyQt6_Qt6_qml_QtQuick_Controls["Controls"]\n    node_venv_lib_python3_12_site-packages_PyQt6_Qt6_qml_QtQuick_Controls --> node_venv_lib_python3_12_site-packages_PyQt6_Qt6_qml_QtQuick_Controls_FluentWinUI3["FluentWinUI3"]\n    node_venv_lib_python3_12_site-packages_PyQt6_Qt6_qml_QtQuick_Controls_FluentWinUI3 --> node_venv_lib_python3_12_site-packages_PyQt6_Qt6_qml_QtQuick_Controls_FluentWinUI3_dark["dark"]\n    node_venv_lib_python3_12_site-packages_PyQt6_Qt6_qml_QtQuick_Controls_FluentWinUI3_dark --> node_venv_lib_python3_12_site-packages_PyQt6_Qt6_qml_QtQuick_Controls_FluentWinUI3_dark_images["images"]\n    node_venv_lib_python3_12_site-packages_PyQt6_Qt6_qml_QtQuick_Controls_FluentWinUI3_dark_images --> node_venv_lib_python3_12_site-packages_PyQt6_Qt6_qml_QtQuick_Controls_FluentWinUI3_dark_images_combobox-background-pressed_png["combobox-background-pressed.png"]\n    Root --> node_venv["venv"]\n    node_venv --> node_venv_lib["lib"]\n    node_venv_lib --> node_venv_lib_python3_12["python3.12"]\n    node_venv_lib_python3_12 --> node_venv_lib_python3_12_site-packages["site-packages"]\n    node_venv_lib_python3_12_site-packages --> node_venv_lib_python3_12_site-packages_PyQt6["PyQt6"]\n    node_venv_lib_python3_12_site-packages_PyQt6 --> node_venv_lib_python3_12_site-packages_PyQt6_Qt6["Qt6"]\n    node_venv_lib_python3_12_site-packages_PyQt6_Qt6 --> node_venv_lib_python3_12_site-packages_PyQt6_Qt6_qml["qml"]\n    node_venv_lib_python3_12_site-packages_PyQt6_Qt6_qml --> node_venv_lib_python3_12_site-packages_PyQt6_Qt6_qml_QtQuick["QtQuick"]\n    node_venv_lib_python3_12_site-packages_PyQt6_Qt6_qml_QtQuick --> node_venv_lib_python3_12_site-packages_PyQt6_Qt6_qml_QtQuick_Controls["Controls"]\n    node_venv_lib_python3_12_site-packages_PyQt6_Qt6_qml_QtQuick_Controls --> node_venv_lib_python3_12_site-packages_PyQt6_Qt6_qml_QtQuick_Controls_FluentWinUI3["FluentWinUI3"]\n    node_venv_lib_python3_12_site-packages_PyQt6_Qt6_qml_QtQuick_Controls_FluentWinUI3 --> node_venv_lib_python3_12_site-packages_PyQt6_Qt6_qml_QtQuick_Controls_FluentWinUI3_dark["dark"]\n    node_venv_lib_python3_12_site-packages_PyQt6_Qt6_qml_QtQuick_Controls_FluentWinUI3_dark --> node_venv_lib_python3_12_site-packages_PyQt6_Qt6_qml_QtQuick_Controls_FluentWinUI3_dark_images["images"]\n    node_venv_lib_python3_12_site-packages_PyQt6_Qt6_qml_QtQuick_Controls_FluentWinUI3_dark_images --> node_venv_lib_python3_12_site-packages_PyQt6_Qt6_qml_QtQuick_Controls_FluentWinUI3_dark_images_combobox-background-pressed@2x_png["combobox-background-pressed@2x.png"]\n    Root --> node_venv["venv"]\n    node_venv --> node_venv_lib["lib"]\n    node_venv_lib --> node_venv_lib_python3_12["python3.12"]\n    node_venv_lib_python3_12 --> node_venv_lib_python3_12_site-packages["site-packages"]\n    node_venv_lib_python3_12_site-packages --> node_venv_lib_python3_12_site-packages_PyQt6["PyQt6"]\n    node_venv_lib_python3_12_site-packages_PyQt6 --> node_venv_lib_python3_12_site-packages_PyQt6_Qt6["Qt6"]\n    node_venv_lib_python3_12_site-packages_PyQt6_Qt6 --> node_venv_lib_python3_12_site-packages_PyQt6_Qt6_qml["qml"]\n    node_venv_lib_python3_12_site-packages_PyQt6_Qt6_qml --> node_venv_lib_python3_12_site-packages_PyQt6_Qt6_qml_QtQuick["QtQuick"]\n    node_venv_lib_python3_12_site-packages_PyQt6_Qt6_qml_QtQuick --> node_venv_lib_python3_12_site-packages_PyQt6_Qt6_qml_QtQuick_Controls["Controls"]\n    node_venv_lib_python3_12_site-packages_PyQt6_Qt6_qml_QtQuick_Controls --> node_venv_lib_python3_12_site-packages_PyQt6_Qt6_qml_QtQuick_Controls_FluentWinUI3["FluentWinUI3"]\n    node_venv_lib_python3_12_site-packages_PyQt6_Qt6_qml_QtQuick_Controls_FluentWinUI3 --> node_venv_lib_python3_12_site-packages_PyQt6_Qt6_qml_QtQuick_Controls_FluentWinUI3_dark["dark"]\n    node_venv_lib_python3_12_site-packages_PyQt6_Qt6_qml_QtQuick_Controls_FluentWinUI3_dark --> node_venv_lib_python3_12_site-packages_PyQt6_Qt6_qml_QtQuick_Controls_FluentWinUI3_dark_images["images"]\n    node_venv_lib_python3_12_site-packages_PyQt6_Qt6_qml_QtQuick_Controls_FluentWinUI3_dark_images --> node_venv_lib_python3_12_site-packages_PyQt6_Qt6_qml_QtQuick_Controls_FluentWinUI3_dark_images_combobox-background-pressed@3x_png["combobox-background-pressed@3x.png"]\n    Root --> node_venv["venv"]\n    node_venv --> node_venv_lib["lib"]\n    node_venv_lib --> node_venv_lib_python3_12["python3.12"]\n    node_venv_lib_python3_12 --> node_venv_lib_python3_12_site-packages["site-packages"]\n    node_venv_lib_python3_12_site-packages --> node_venv_lib_python3_12_site-packages_PyQt6["PyQt6"]\n    node_venv_lib_python3_12_site-packages_PyQt6 --> node_venv_lib_python3_12_site-packages_PyQt6_Qt6["Qt6"]\n    node_venv_lib_python3_12_site-packages_PyQt6_Qt6 --> node_venv_lib_python3_12_site-packages_PyQt6_Qt6_qml["qml"]\n    node_venv_lib_python3_12_site-packages_PyQt6_Qt6_qml --> node_venv_lib_python3_12_site-packages_PyQt6_Qt6_qml_QtQuick["QtQuick"]\n    node_venv_lib_python3_12_site-packages_PyQt6_Qt6_qml_QtQuick --> node_venv_lib_python3_12_site-packages_PyQt6_Qt6_qml_QtQuick_Controls["Controls"]\n    node_venv_lib_python3_12_site-packages_PyQt6_Qt6_qml_QtQuick_Controls --> node_venv_lib_python3_12_site-packages_PyQt6_Qt6_qml_QtQuick_Controls_FluentWinUI3["FluentWinUI3"]\n    node_venv_lib_python3_12_site-packages_PyQt6_Qt6_qml_QtQuick_Controls_FluentWinUI3 --> node_venv_lib_python3_12_site-packages_PyQt6_Qt6_qml_QtQuick_Controls_FluentWinUI3_dark["dark"]\n    node_venv_lib_python3_12_site-packages_PyQt6_Qt6_qml_QtQuick_Controls_FluentWinUI3_dark --> node_venv_lib_python3_12_site-packages_PyQt6_Qt6_qml_QtQuick_Controls_FluentWinUI3_dark_images["images"]\n    node_venv_lib_python3_12_site-packages_PyQt6_Qt6_qml_QtQuick_Controls_FluentWinUI3_dark_images --> node_venv_lib_python3_12_site-packages_PyQt6_Qt6_qml_QtQuick_Controls_FluentWinUI3_dark_images_combobox-background_png["combobox-background.png"]\n    Root --> node_venv["venv"]\n    node_venv --> node_venv_lib["lib"]\n    node_venv_lib --> node_venv_lib_python3_12["python3.12"]\n    node_venv_lib_python3_12 --> node_venv_lib_python3_12_site-packages["site-packages"]\n    node_venv_lib_python3_12_site-packages --> node_venv_lib_python3_12_site-packages_PyQt6["PyQt6"]\n    node_venv_lib_python3_12_site-packages_PyQt6 --> node_venv_lib_python3_12_site-packages_PyQt6_Qt6["Qt6"]\n    node_venv_lib_python3_12_site-packages_PyQt6_Qt6 --> node_venv_lib_python3_12_site-packages_PyQt6_Qt6_qml["qml"]\n    node_venv_lib_python3_12_site-packages_PyQt6_Qt6_qml --> node_venv_lib_python3_12_site-packages_PyQt6_Qt6_qml_QtQuick["QtQuick"]\n    node_venv_lib_python3_12_site-packages_PyQt6_Qt6_qml_QtQuick --> node_venv_lib_python3_12_site-packages_PyQt6_Qt6_qml_QtQuick_Controls["Controls"]\n    node_venv_lib_python3_12_site-packages_PyQt6_Qt6_qml_QtQuick_Controls --> node_venv_lib_python3_12_site-packages_PyQt6_Qt6_qml_QtQuick_Controls_FluentWinUI3["FluentWinUI3"]\n    node_venv_lib_python3_12_site-packages_PyQt6_Qt6_qml_QtQuick_Controls_FluentWinUI3 --> node_venv_lib_python3_12_site-packages_PyQt6_Qt6_qml_QtQuick_Controls_FluentWinUI3_dark["dark"]\n    node_venv_lib_python3_12_site-packages_PyQt6_Qt6_qml_QtQuick_Controls_FluentWinUI3_dark --> node_venv_lib_python3_12_site-packages_PyQt6_Qt6_qml_QtQuick_Controls_FluentWinUI3_dark_images["images"]\n    node_venv_lib_python3_12_site-packages_PyQt6_Qt6_qml_QtQuick_Controls_FluentWinUI3_dark_images --> node_venv_lib_python3_12_site-packages_PyQt6_Qt6_qml_QtQuick_Controls_FluentWinUI3_dark_images_combobox-background@2x_png["combobox-background@2x.png"]\n    Root --> node_venv["venv"]\n    node_venv --> node_venv_lib["lib"]\n    node_venv_lib --> node_venv_lib_python3_12["python3.12"]\n    node_venv_lib_python3_12 --> node_venv_lib_python3_12_site-packages["site-packages"]\n    node_venv_lib_python3_12_site-packages --> node_venv_lib_python3_12_site-packages_PyQt6["PyQt6"]\n    node_venv_lib_python3_12_site-packages_PyQt6 --> node_venv_lib_python3_12_site-packages_PyQt6_Qt6["Qt6"]\n    node_venv_lib_python3_12_site-packages_PyQt6_Qt6 --> node_venv_lib_python3_12_site-packages_PyQt6_Qt6_qml["qml"]\n    node_venv_lib_python3_12_site-packages_PyQt6_Qt6_qml --> node_venv_lib_python3_12_site-packages_PyQt6_Qt6_qml_QtQuick["QtQuick"]\n    node_venv_lib_python3_12_site-packages_PyQt6_Qt6_qml_QtQuick --> node_venv_lib_python3_12_site-packages_PyQt6_Qt6_qml_QtQuick_Controls["Controls"]\n    node_venv_lib_python3_12_site-packages_PyQt6_Qt6_qml_QtQuick_Controls --> node_venv_lib_python3_12_site-packages_PyQt6_Qt6_qml_QtQuick_Controls_FluentWinUI3["FluentWinUI3"]\n    node_venv_lib_python3_12_site-packages_PyQt6_Qt6_qml_QtQuick_Controls_FluentWinUI3 --> node_venv_lib_python3_12_site-packages_PyQt6_Qt6_qml_QtQuick_Controls_FluentWinUI3_dark["dark"]\n    node_venv_lib_python3_12_site-packages_PyQt6_Qt6_qml_QtQuick_Controls_FluentWinUI3_dark --> node_venv_lib_python3_12_site-packages_PyQt6_Qt6_qml_QtQuick_Controls_FluentWinUI3_dark_images["images"]\n    node_venv_lib_python3_12_site-packages_PyQt6_Qt6_qml_QtQuick_Controls_FluentWinUI3_dark_images --> node_venv_lib_python3_12_site-packages_PyQt6_Qt6_qml_QtQuick_Controls_FluentWinUI3_dark_images_combobox-background@3x_png["combobox-background@3x.png"]\n    Root --> node_venv["venv"]\n    node_venv --> node_venv_lib["lib"]\n    node_venv_lib --> node_venv_lib_python3_12["python3.12"]\n    node_venv_lib_python3_12 --> node_venv_lib_python3_12_site-packages["site-packages"]\n    node_venv_lib_python3_12_site-packages --> node_venv_lib_python3_12_site-packages_PyQt6["PyQt6"]\n    node_venv_lib_python3_12_site-packages_PyQt6 --> node_venv_lib_python3_12_site-packages_PyQt6_Qt6["Qt6"]\n    node_venv_lib_python3_12_site-packages_PyQt6_Qt6 --> node_venv_lib_python3_12_site-packages_PyQt6_Qt6_qml["qml"]\n    node_venv_lib_python3_12_site-packages_PyQt6_Qt6_qml --> node_venv_lib_python3_12_site-packages_PyQt6_Qt6_qml_QtQuick["QtQuick"]\n    node_venv_lib_python3_12_site-packages_PyQt6_Qt6_qml_QtQuick --> node_venv_lib_python3_12_site-packages_PyQt6_Qt6_qml_QtQuick_Controls["Controls"]\n    node_venv_lib_python3_12_site-packages_PyQt6_Qt6_qml_QtQuick_Controls --> node_venv_lib_python3_12_site-packages_PyQt6_Qt6_qml_QtQuick_Controls_FluentWinUI3["FluentWinUI3"]\n    node_venv_lib_python3_12_site-packages_PyQt6_Qt6_qml_QtQuick_Controls_FluentWinUI3 --> node_venv_lib_python3_12_site-packages_PyQt6_Qt6_qml_QtQuick_Controls_FluentWinUI3_dark["dark"]\n    node_venv_lib_python3_12_site-packages_PyQt6_Qt6_qml_QtQuick_Controls_FluentWinUI3_dark --> node_venv_lib_python3_12_site-packages_PyQt6_Qt6_qml_QtQuick_Controls_FluentWinUI3_dark_images["images"]\n    node_venv_lib_python3_12_site-packages_PyQt6_Qt6_qml_QtQuick_Controls_FluentWinUI3_dark_images --> node_venv_lib_python3_12_site-packages_PyQt6_Qt6_qml_QtQuick_Controls_FluentWinUI3_dark_images_combobox-indicator-disabled_png["combobox-indicator-disabled.png"]\n    Root --> node_venv["venv"]\n    node_venv --> node_venv_lib["lib"]\n    node_venv_lib --> node_venv_lib_python3_12["python3.12"]\n    node_venv_lib_python3_12 --> node_venv_lib_python3_12_site-packages["site-packages"]\n    node_venv_lib_python3_12_site-packages --> node_venv_lib_python3_12_site-packages_PyQt6["PyQt6"]\n    node_venv_lib_python3_12_site-packages_PyQt6 --> node_venv_lib_python3_12_site-packages_PyQt6_Qt6["Qt6"]\n    node_venv_lib_python3_12_site-packages_PyQt6_Qt6 --> node_venv_lib_python3_12_site-packages_PyQt6_Qt6_qml["qml"]\n    node_venv_lib_python3_12_site-packages_PyQt6_Qt6_qml --> node_venv_lib_python3_12_site-packages_PyQt6_Qt6_qml_QtQuick["QtQuick"]\n    node_venv_lib_python3_12_site-packages_PyQt6_Qt6_qml_QtQuick --> node_venv_lib_python3_12_site-packages_PyQt6_Qt6_qml_QtQuick_Controls["Controls"]\n    node_venv_lib_python3_12_site-packages_PyQt6_Qt6_qml_QtQuick_Controls --> node_venv_lib_python3_12_site-packages_PyQt6_Qt6_qml_QtQuick_Controls_FluentWinUI3["FluentWinUI3"]\n    node_venv_lib_python3_12_site-packages_PyQt6_Qt6_qml_QtQuick_Controls_FluentWinUI3 --> node_venv_lib_python3_12_site-packages_PyQt6_Qt6_qml_QtQuick_Controls_FluentWinUI3_dark["dark"]\n    node_venv_lib_python3_12_site-packages_PyQt6_Qt6_qml_QtQuick_Controls_FluentWinUI3_dark --> node_venv_lib_python3_12_site-packages_PyQt6_Qt6_qml_QtQuick_Controls_FluentWinUI3_dark_images["images"]\n    node_venv_lib_python3_12_site-packages_PyQt6_Qt6_qml_QtQuick_Controls_FluentWinUI3_dark_images --> node_venv_lib_python3_12_site-packages_PyQt6_Qt6_qml_QtQuick_Controls_FluentWinUI3_dark_images_combobox-indicator-disabled@2x_png["combobox-indicator-disabled@2x.png"]\n    Root --> node_venv["venv"]\n    node_venv --> node_venv_lib["lib"]\n    node_venv_lib --> node_venv_lib_python3_12["python3.12"]\n    node_venv_lib_python3_12 --> node_venv_lib_python3_12_site-packages["site-packages"]\n    node_venv_lib_python3_12_site-packages --> node_venv_lib_python3_12_site-packages_PyQt6["PyQt6"]\n    node_venv_lib_python3_12_site-packages_PyQt6 --> node_venv_lib_python3_12_site-packages_PyQt6_Qt6["Qt6"]\n    node_venv_lib_python3_12_site-packages_PyQt6_Qt6 --> node_venv_lib_python3_12_site-packages_PyQt6_Qt6_qml["qml"]\n    node_venv_lib_python3_12_site-packages_PyQt6_Qt6_qml --> node_venv_lib_python3_12_site-packages_PyQt6_Qt6_qml_QtQuick["QtQuick"]\n    node_venv_lib_python3_12_site-packages_PyQt6_Qt6_qml_QtQuick --> node_venv_lib_python3_12_site-packages_PyQt6_Qt6_qml_QtQuick_Controls["Controls"]\n    node_venv_lib_python3_12_site-packages_PyQt6_Qt6_qml_QtQuick_Controls --> node_venv_lib_python3_12_site-packages_PyQt6_Qt6_qml_QtQuick_Controls_FluentWinUI3["FluentWinUI3"]\n    node_venv_lib_python3_12_site-packages_PyQt6_Qt6_qml_QtQuick_Controls_FluentWinUI3 --> node_venv_lib_python3_12_site-packages_PyQt6_Qt6_qml_QtQuick_Controls_FluentWinUI3_dark["dark"]\n    node_venv_lib_python3_12_site-packages_PyQt6_Qt6_qml_QtQuick_Controls_FluentWinUI3_dark --> node_venv_lib_python3_12_site-packages_PyQt6_Qt6_qml_QtQuick_Controls_FluentWinUI3_dark_images["images"]\n    node_venv_lib_python3_12_site-packages_PyQt6_Qt6_qml_QtQuick_Controls_FluentWinUI3_dark_images --> node_venv_lib_python3_12_site-packages_PyQt6_Qt6_qml_QtQuick_Controls_FluentWinUI3_dark_images_combobox-indicator-disabled@3x_png["combobox-indicator-disabled@3x.png"]\n    Root --> node_venv["venv"]\n    node_venv --> node_venv_lib["lib"]\n    node_venv_lib --> node_venv_lib_python3_12["python3.12"]\n    node_venv_lib_python3_12 --> node_venv_lib_python3_12_site-packages["site-packages"]\n    node_venv_lib_python3_12_site-packages --> node_venv_lib_python3_12_site-packages_PyQt6["PyQt6"]\n    node_venv_lib_python3_12_site-packages_PyQt6 --> node_venv_lib_python3_12_site-packages_PyQt6_Qt6["Qt6"]\n    node_venv_lib_python3_12_site-packages_PyQt6_Qt6 --> node_venv_lib_python3_12_site-packages_PyQt6_Qt6_qml["qml"]\n    node_venv_lib_python3_12_site-packages_PyQt6_Qt6_qml --> node_venv_lib_python3_12_site-packages_PyQt6_Qt6_qml_QtQuick["QtQuick"]\n    node_venv_lib_python3_12_site-packages_PyQt6_Qt6_qml_QtQuick --> node_venv_lib_python3_12_site-packages_PyQt6_Qt6_qml_QtQuick_Controls["Controls"]\n    node_venv_lib_python3_12_site-packages_PyQt6_Qt6_qml_QtQuick_Controls --> node_venv_lib_python3_12_site-packages_PyQt6_Qt6_qml_QtQuick_Controls_FluentWinUI3["FluentWinUI3"]\n    node_venv_lib_python3_12_site-packages_PyQt6_Qt6_qml_QtQuick_Controls_FluentWinUI3 --> node_venv_lib_python3_12_site-packages_PyQt6_Qt6_qml_QtQuick_Controls_FluentWinUI3_dark["dark"]\n    node_venv_lib_python3_12_site-packages_PyQt6_Qt6_qml_QtQuick_Controls_FluentWinUI3_dark --> node_venv_lib_python3_12_site-packages_PyQt6_Qt6_qml_QtQuick_Controls_FluentWinUI3_dark_images["images"]\n    node_venv_lib_python3_12_site-packages_PyQt6_Qt6_qml_QtQuick_Controls_FluentWinUI3_dark_images --> node_venv_lib_python3_12_site-packages_PyQt6_Qt6_qml_QtQuick_Controls_FluentWinUI3_dark_images_combobox-indicator-focused_png["combobox-indicator-focused.png"]\n    Root --> node_venv["venv"]\n    node_venv --> node_venv_lib["lib"]\n    node_venv_lib --> node_venv_lib_python3_12["python3.12"]\n    node_venv_lib_python3_12 --> node_venv_lib_python3_12_site-packages["site-packages"]\n    node_venv_lib_python3_12_site-packages --> node_venv_lib_python3_12_site-packages_PyQt6["PyQt6"]\n    node_venv_lib_python3_12_site-packages_PyQt6 --> node_venv_lib_python3_12_site-packages_PyQt6_Qt6["Qt6"]\n    node_venv_lib_python3_12_site-packages_PyQt6_Qt6 --> node_venv_lib_python3_12_site-packages_PyQt6_Qt6_qml["qml"]\n    node_venv_lib_python3_12_site-packages_PyQt6_Qt6_qml --> node_venv_lib_python3_12_site-packages_PyQt6_Qt6_qml_QtQuick["QtQuick"]\n    node_venv_lib_python3_12_site-packages_PyQt6_Qt6_qml_QtQuick --> node_venv_lib_python3_12_site-packages_PyQt6_Qt6_qml_QtQuick_Controls["Controls"]\n    node_venv_lib_python3_12_site-packages_PyQt6_Qt6_qml_QtQuick_Controls --> node_venv_lib_python3_12_site-packages_PyQt6_Qt6_qml_QtQuick_Controls_FluentWinUI3["FluentWinUI3"]\n    node_venv_lib_python3_12_site-packages_PyQt6_Qt6_qml_QtQuick_Controls_FluentWinUI3 --> node_venv_lib_python3_12_site-packages_PyQt6_Qt6_qml_QtQuick_Controls_FluentWinUI3_dark["dark"]\n    node_venv_lib_python3_12_site-packages_PyQt6_Qt6_qml_QtQuick_Controls_FluentWinUI3_dark --> node_venv_lib_python3_12_site-packages_PyQt6_Qt6_qml_QtQuick_Controls_FluentWinUI3_dark_images["images"]\n    node_venv_lib_python3_12_site-packages_PyQt6_Qt6_qml_QtQuick_Controls_FluentWinUI3_dark_images --> node_venv_lib_python3_12_site-packages_PyQt6_Qt6_qml_QtQuick_Controls_FluentWinUI3_dark_images_combobox-indicator-focused@2x_png["combobox-indicator-focused@2x.png"]\n    Root --> node_venv["venv"]\n    node_venv --> node_venv_lib["lib"]\n    node_venv_lib --> node_venv_lib_python3_12["python3.12"]\n    node_venv_lib_python3_12 --> node_venv_lib_python3_12_site-packages["site-packages"]\n    node_venv_lib_python3_12_site-packages --> node_venv_lib_python3_12_site-packages_PyQt6["PyQt6"]\n    node_venv_lib_python3_12_site-packages_PyQt6 --> node_venv_lib_python3_12_site-packages_PyQt6_Qt6["Qt6"]\n    node_venv_lib_python3_12_site-packages_PyQt6_Qt6 --> node_venv_lib_python3_12_site-packages_PyQt6_Qt6_qml["qml"]\n    node_venv_lib_python3_12_site-packages_PyQt6_Qt6_qml --> node_venv_lib_python3_12_site-packages_PyQt6_Qt6_qml_QtQuick["QtQuick"]\n    node_venv_lib_python3_12_site-packages_PyQt6_Qt6_qml_QtQuick --> node_venv_lib_python3_12_site-packages_PyQt6_Qt6_qml_QtQuick_Controls["Controls"]\n    node_venv_lib_python3_12_site-packages_PyQt6_Qt6_qml_QtQuick_Controls --> node_venv_lib_python3_12_site-packages_PyQt6_Qt6_qml_QtQuick_Controls_FluentWinUI3["FluentWinUI3"]\n    node_venv_lib_python3_12_site-packages_PyQt6_Qt6_qml_QtQuick_Controls_FluentWinUI3 --> node_venv_lib_python3_12_site-packages_PyQt6_Qt6_qml_QtQuick_Controls_FluentWinUI3_dark["dark"]\n    node_venv_lib_python3_12_site-packages_PyQt6_Qt6_qml_QtQuick_Controls_FluentWinUI3_dark --> node_venv_lib_python3_12_site-packages_PyQt6_Qt6_qml_QtQuick_Controls_FluentWinUI3_dark_images["images"]\n    node_venv_lib_python3_12_site-packages_PyQt6_Qt6_qml_QtQuick_Controls_FluentWinUI3_dark_images --> node_venv_lib_python3_12_site-packages_PyQt6_Qt6_qml_QtQuick_Controls_FluentWinUI3_dark_images_combobox-indicator-focused@3x_png["combobox-indicator-focused@3x.png"]\n    Root --> node_venv["venv"]\n    node_venv --> node_venv_lib["lib"]\n    node_venv_lib --> node_venv_lib_python3_12["python3.12"]\n    node_venv_lib_python3_12 --> node_venv_lib_python3_12_site-packages["site-packages"]\n    node_venv_lib_python3_12_site-packages --> node_venv_lib_python3_12_site-packages_PyQt6["PyQt6"]\n    node_venv_lib_python3_12_site-packages_PyQt6 --> node_venv_lib_python3_12_site-packages_PyQt6_Qt6["Qt6"]\n    node_venv_lib_python3_12_site-packages_PyQt6_Qt6 --> node_venv_lib_python3_12_site-packages_PyQt6_Qt6_qml["qml"]\n    node_venv_lib_python3_12_site-packages_PyQt6_Qt6_qml --> node_venv_lib_python3_12_site-packages_PyQt6_Qt6_qml_QtQuick["QtQuick"]\n    node_venv_lib_python3_12_site-packages_PyQt6_Qt6_qml_QtQuick --> node_venv_lib_python3_12_site-packages_PyQt6_Qt6_qml_QtQuick_Controls["Controls"]\n    node_venv_lib_python3_12_site-packages_PyQt6_Qt6_qml_QtQuick_Controls --> node_venv_lib_python3_12_site-packages_PyQt6_Qt6_qml_QtQuick_Controls_FluentWinUI3["FluentWinUI3"]\n    node_venv_lib_python3_12_site-packages_PyQt6_Qt6_qml_QtQuick_Controls_FluentWinUI3 --> node_venv_lib_python3_12_site-packages_PyQt6_Qt6_qml_QtQuick_Controls_FluentWinUI3_dark["dark"]\n    node_venv_lib_python3_12_site-packages_PyQt6_Qt6_qml_QtQuick_Controls_FluentWinUI3_dark --> node_venv_lib_python3_12_site-packages_PyQt6_Qt6_qml_QtQuick_Controls_FluentWinUI3_dark_images["images"]\n    node_venv_lib_python3_12_site-packages_PyQt6_Qt6_qml_QtQuick_Controls_FluentWinUI3_dark_images --> node_venv_lib_python3_12_site-packages_PyQt6_Qt6_qml_QtQuick_Controls_FluentWinUI3_dark_images_combobox-indicator-hovered-open_png["combobox-indicator-hovered-open.png"]\n    Root --> node_venv["venv"]\n    node_venv --> node_venv_lib["lib"]\n    node_venv_lib --> node_venv_lib_python3_12["python3.12"]\n    node_venv_lib_python3_12 --> node_venv_lib_python3_12_site-packages["site-packages"]\n    node_venv_lib_python3_12_site-packages --> node_venv_lib_python3_12_site-packages_PyQt6["PyQt6"]\n    node_venv_lib_python3_12_site-packages_PyQt6 --> node_venv_lib_python3_12_site-packages_PyQt6_Qt6["Qt6"]\n    node_venv_lib_python3_12_site-packages_PyQt6_Qt6 --> node_venv_lib_python3_12_site-packages_PyQt6_Qt6_qml["qml"]\n    node_venv_lib_python3_12_site-packages_PyQt6_Qt6_qml --> node_venv_lib_python3_12_site-packages_PyQt6_Qt6_qml_QtQuick["QtQuick"]\n    node_venv_lib_python3_12_site-packages_PyQt6_Qt6_qml_QtQuick --> node_venv_lib_python3_12_site-packages_PyQt6_Qt6_qml_QtQuick_Controls["Controls"]\n    node_venv_lib_python3_12_site-packages_PyQt6_Qt6_qml_QtQuick_Controls --> node_venv_lib_python3_12_site-packages_PyQt6_Qt6_qml_QtQuick_Controls_FluentWinUI3["FluentWinUI3"]\n    node_venv_lib_python3_12_site-packages_PyQt6_Qt6_qml_QtQuick_Controls_FluentWinUI3 --> node_venv_lib_python3_12_site-packages_PyQt6_Qt6_qml_QtQuick_Controls_FluentWinUI3_dark["dark"]\n    node_venv_lib_python3_12_site-packages_PyQt6_Qt6_qml_QtQuick_Controls_FluentWinUI3_dark --> node_venv_lib_python3_12_site-packages_PyQt6_Qt6_qml_QtQuick_Controls_FluentWinUI3_dark_images["images"]\n    node_venv_lib_python3_12_site-packages_PyQt6_Qt6_qml_QtQuick_Controls_FluentWinUI3_dark_images --> node_venv_lib_python3_12_site-packages_PyQt6_Qt6_qml_QtQuick_Controls_FluentWinUI3_dark_images_combobox-indicator-hovered-open@2x_png["combobox-indicator-hovered-open@2x.png"]\n    Root --> node_venv["venv"]\n    node_venv --> node_venv_lib["lib"]\n    node_venv_lib --> node_venv_lib_python3_12["python3.12"]\n    node_venv_lib_python3_12 --> node_venv_lib_python3_12_site-packages["site-packages"]\n    node_venv_lib_python3_12_site-packages --> node_venv_lib_python3_12_site-packages_PyQt6["PyQt6"]\n    node_venv_lib_python3_12_site-packages_PyQt6 --> node_venv_lib_python3_12_site-packages_PyQt6_Qt6["Qt6"]\n    node_venv_lib_python3_12_site-packages_PyQt6_Qt6 --> node_venv_lib_python3_12_site-packages_PyQt6_Qt6_qml["qml"]\n    node_venv_lib_python3_12_site-packages_PyQt6_Qt6_qml --> node_venv_lib_python3_12_site-packages_PyQt6_Qt6_qml_QtQuick["QtQuick"]\n    node_venv_lib_python3_12_site-packages_PyQt6_Qt6_qml_QtQuick --> node_venv_lib_python3_12_site-packages_PyQt6_Qt6_qml_QtQuick_Controls["Controls"]\n    node_venv_lib_python3_12_site-packages_PyQt6_Qt6_qml_QtQuick_Controls --> node_venv_lib_python3_12_site-packages_PyQt6_Qt6_qml_QtQuick_Controls_FluentWinUI3["FluentWinUI3"]\n    node_venv_lib_python3_12_site-packages_PyQt6_Qt6_qml_QtQuick_Controls_FluentWinUI3 --> node_venv_lib_python3_12_site-packages_PyQt6_Qt6_qml_QtQuick_Controls_FluentWinUI3_dark["dark"]\n    node_venv_lib_python3_12_site-packages_PyQt6_Qt6_qml_QtQuick_Controls_FluentWinUI3_dark --> node_venv_lib_python3_12_site-packages_PyQt6_Qt6_qml_QtQuick_Controls_FluentWinUI3_dark_images["images"]\n    node_venv_lib_python3_12_site-packages_PyQt6_Qt6_qml_QtQuick_Controls_FluentWinUI3_dark_images --> node_venv_lib_python3_12_site-packages_PyQt6_Qt6_qml_QtQuick_Controls_FluentWinUI3_dark_images_combobox-indicator-hovered-open@3x_png["combobox-indicator-hovered-open@3x.png"]\n    Root --> node_venv["venv"]\n    node_venv --> node_venv_lib["lib"]\n    node_venv_lib --> node_venv_lib_python3_12["python3.12"]\n    node_venv_lib_python3_12 --> node_venv_lib_python3_12_site-packages["site-packages"]\n    node_venv_lib_python3_12_site-packages --> node_venv_lib_python3_12_site-packages_PyQt6["PyQt6"]\n    node_venv_lib_python3_12_site-packages_PyQt6 --> node_venv_lib_python3_12_site-packages_PyQt6_Qt6["Qt6"]\n    node_venv_lib_python3_12_site-packages_PyQt6_Qt6 --> node_venv_lib_python3_12_site-packages_PyQt6_Qt6_qml["qml"]\n    node_venv_lib_python3_12_site-packages_PyQt6_Qt6_qml --> node_venv_lib_python3_12_site-packages_PyQt6_Qt6_qml_QtQuick["QtQuick"]\n    node_venv_lib_python3_12_site-packages_PyQt6_Qt6_qml_QtQuick --> node_venv_lib_python3_12_site-packages_PyQt6_Qt6_qml_QtQuick_Controls["Controls"]\n    node_venv_lib_python3_12_site-packages_PyQt6_Qt6_qml_QtQuick_Controls --> node_venv_lib_python3_12_site-packages_PyQt6_Qt6_qml_QtQuick_Controls_FluentWinUI3["FluentWinUI3"]\n    node_venv_lib_python3_12_site-packages_PyQt6_Qt6_qml_QtQuick_Controls_FluentWinUI3 --> node_venv_lib_python3_12_site-packages_PyQt6_Qt6_qml_QtQuick_Controls_FluentWinUI3_dark["dark"]\n    node_venv_lib_python3_12_site-packages_PyQt6_Qt6_qml_QtQuick_Controls_FluentWinUI3_dark --> node_venv_lib_python3_12_site-packages_PyQt6_Qt6_qml_QtQuick_Controls_FluentWinUI3_dark_images["images"]\n    node_venv_lib_python3_12_site-packages_PyQt6_Qt6_qml_QtQuick_Controls_FluentWinUI3_dark_images --> node_venv_lib_python3_12_site-packages_PyQt6_Qt6_qml_QtQuick_Controls_FluentWinUI3_dark_images_combobox-indicator-hovered_png["combobox-indicator-hovered.png"]\n    Root --> node_venv["venv"]\n    node_venv --> node_venv_lib["lib"]\n    node_venv_lib --> node_venv_lib_python3_12["python3.12"]\n    node_venv_lib_python3_12 --> node_venv_lib_python3_12_site-packages["site-packages"]\n    node_venv_lib_python3_12_site-packages --> node_venv_lib_python3_12_site-packages_PyQt6["PyQt6"]\n    node_venv_lib_python3_12_site-packages_PyQt6 --> node_venv_lib_python3_12_site-packages_PyQt6_Qt6["Qt6"]\n    node_venv_lib_python3_12_site-packages_PyQt6_Qt6 --> node_venv_lib_python3_12_site-packages_PyQt6_Qt6_qml["qml"]\n    node_venv_lib_python3_12_site-packages_PyQt6_Qt6_qml --> node_venv_lib_python3_12_site-packages_PyQt6_Qt6_qml_QtQuick["QtQuick"]\n    node_venv_lib_python3_12_site-packages_PyQt6_Qt6_qml_QtQuick --> node_venv_lib_python3_12_site-packages_PyQt6_Qt6_qml_QtQuick_Controls["Controls"]\n    node_venv_lib_python3_12_site-packages_PyQt6_Qt6_qml_QtQuick_Controls --> node_venv_lib_python3_12_site-packages_PyQt6_Qt6_qml_QtQuick_Controls_FluentWinUI3["FluentWinUI3"]\n    node_venv_lib_python3_12_site-packages_PyQt6_Qt6_qml_QtQuick_Controls_FluentWinUI3 --> node_venv_lib_python3_12_site-packages_PyQt6_Qt6_qml_QtQuick_Controls_FluentWinUI3_dark["dark"]\n    node_venv_lib_python3_12_site-packages_PyQt6_Qt6_qml_QtQuick_Controls_FluentWinUI3_dark --> node_venv_lib_python3_12_site-packages_PyQt6_Qt6_qml_QtQuick_Controls_FluentWinUI3_dark_images["images"]\n    node_venv_lib_python3_12_site-packages_PyQt6_Qt6_qml_QtQuick_Controls_FluentWinUI3_dark_images --> node_venv_lib_python3_12_site-packages_PyQt6_Qt6_qml_QtQuick_Controls_FluentWinUI3_dark_images_combobox-indicator-hovered@2x_png["combobox-indicator-hovered@2x.png"]\n    Root --> node_venv["venv"]\n    node_venv --> node_venv_lib["lib"]\n    node_venv_lib --> node_venv_lib_python3_12["python3.12"]\n    node_venv_lib_python3_12 --> node_venv_lib_python3_12_site-packages["site-packages"]\n    node_venv_lib_python3_12_site-packages --> node_venv_lib_python3_12_site-packages_PyQt6["PyQt6"]\n    node_venv_lib_python3_12_site-packages_PyQt6 --> node_venv_lib_python3_12_site-packages_PyQt6_Qt6["Qt6"]\n    node_venv_lib_python3_12_site-packages_PyQt6_Qt6 --> node_venv_lib_python3_12_site-packages_PyQt6_Qt6_qml["qml"]\n    node_venv_lib_python3_12_site-packages_PyQt6_Qt6_qml --> node_venv_lib_python3_12_site-packages_PyQt6_Qt6_qml_QtQuick["QtQuick"]\n    node_venv_lib_python3_12_site-packages_PyQt6_Qt6_qml_QtQuick --> node_venv_lib_python3_12_site-packages_PyQt6_Qt6_qml_QtQuick_Controls["Controls"]\n    node_venv_lib_python3_12_site-packages_PyQt6_Qt6_qml_QtQuick_Controls --> node_venv_lib_python3_12_site-packages_PyQt6_Qt6_qml_QtQuick_Controls_FluentWinUI3["FluentWinUI3"]\n    node_venv_lib_python3_12_site-packages_PyQt6_Qt6_qml_QtQuick_Controls_FluentWinUI3 --> node_venv_lib_python3_12_site-packages_PyQt6_Qt6_qml_QtQuick_Controls_FluentWinUI3_dark["dark"]\n    node_venv_lib_python3_12_site-packages_PyQt6_Qt6_qml_QtQuick_Controls_FluentWinUI3_dark --> node_venv_lib_python3_12_site-packages_PyQt6_Qt6_qml_QtQuick_Controls_FluentWinUI3_dark_images["images"]\n    node_venv_lib_python3_12_site-packages_PyQt6_Qt6_qml_QtQuick_Controls_FluentWinUI3_dark_images --> node_venv_lib_python3_12_site-packages_PyQt6_Qt6_qml_QtQuick_Controls_FluentWinUI3_dark_images_combobox-indicator-hovered@3x_png["combobox-indicator-hovered@3x.png"]\n    Root --> node_venv["venv"]\n    node_venv --> node_venv_lib["lib"]\n    node_venv_lib --> node_venv_lib_python3_12["python3.12"]\n    node_venv_lib_python3_12 --> node_venv_lib_python3_12_site-packages["site-packages"]\n    node_venv_lib_python3_12_site-packages --> node_venv_lib_python3_12_site-packages_PyQt6["PyQt6"]\n    node_venv_lib_python3_12_site-packages_PyQt6 --> node_venv_lib_python3_12_site-packages_PyQt6_Qt6["Qt6"]\n    node_venv_lib_python3_12_site-packages_PyQt6_Qt6 --> node_venv_lib_python3_12_site-packages_PyQt6_Qt6_qml["qml"]\n    node_venv_lib_python3_12_site-packages_PyQt6_Qt6_qml --> node_venv_lib_python3_12_site-packages_PyQt6_Qt6_qml_QtQuick["QtQuick"]\n    node_venv_lib_python3_12_site-packages_PyQt6_Qt6_qml_QtQuick --> node_venv_lib_python3_12_site-packages_PyQt6_Qt6_qml_QtQuick_Controls["Controls"]\n    node_venv_lib_python3_12_site-packages_PyQt6_Qt6_qml_QtQuick_Controls --> node_venv_lib_python3_12_site-packages_PyQt6_Qt6_qml_QtQuick_Controls_FluentWinUI3["FluentWinUI3"]\n    node_venv_lib_python3_12_site-packages_PyQt6_Qt6_qml_QtQuick_Controls_FluentWinUI3 --> node_venv_lib_python3_12_site-packages_PyQt6_Qt6_qml_QtQuick_Controls_FluentWinUI3_dark["dark"]\n    node_venv_lib_python3_12_site-packages_PyQt6_Qt6_qml_QtQuick_Controls_FluentWinUI3_dark --> node_venv_lib_python3_12_site-packages_PyQt6_Qt6_qml_QtQuick_Controls_FluentWinUI3_dark_images["images"]\n    node_venv_lib_python3_12_site-packages_PyQt6_Qt6_qml_QtQuick_Controls_FluentWinUI3_dark_images --> node_venv_lib_python3_12_site-packages_PyQt6_Qt6_qml_QtQuick_Controls_FluentWinUI3_dark_images_combobox-indicator-open-pressed_png["combobox-indicator-open-pressed.png"]\n    Root --> node_venv["venv"]\n    node_venv --> node_venv_lib["lib"]\n    node_venv_lib --> node_venv_lib_python3_12["python3.12"]\n    node_venv_lib_python3_12 --> node_venv_lib_python3_12_site-packages["site-packages"]\n    node_venv_lib_python3_12_site-packages --> node_venv_lib_python3_12_site-packages_PyQt6["PyQt6"]\n    node_venv_lib_python3_12_site-packages_PyQt6 --> node_venv_lib_python3_12_site-packages_PyQt6_Qt6["Qt6"]\n    node_venv_lib_python3_12_site-packages_PyQt6_Qt6 --> node_venv_lib_python3_12_site-packages_PyQt6_Qt6_qml["qml"]\n    node_venv_lib_python3_12_site-packages_PyQt6_Qt6_qml --> node_venv_lib_python3_12_site-packages_PyQt6_Qt6_qml_QtQuick["QtQuick"]\n    node_venv_lib_python3_12_site-packages_PyQt6_Qt6_qml_QtQuick --> node_venv_lib_python3_12_site-packages_PyQt6_Qt6_qml_QtQuick_Controls["Controls"]\n    node_venv_lib_python3_12_site-packages_PyQt6_Qt6_qml_QtQuick_Controls --> node_venv_lib_python3_12_site-packages_PyQt6_Qt6_qml_QtQuick_Controls_FluentWinUI3["FluentWinUI3"]\n    node_venv_lib_python3_12_site-packages_PyQt6_Qt6_qml_QtQuick_Controls_FluentWinUI3 --> node_venv_lib_python3_12_site-packages_PyQt6_Qt6_qml_QtQuick_Controls_FluentWinUI3_dark["dark"]\n    node_venv_lib_python3_12_site-packages_PyQt6_Qt6_qml_QtQuick_Controls_FluentWinUI3_dark --> node_venv_lib_python3_12_site-packages_PyQt6_Qt6_qml_QtQuick_Controls_FluentWinUI3_dark_images["images"]\n    node_venv_lib_python3_12_site-packages_PyQt6_Qt6_qml_QtQuick_Controls_FluentWinUI3_dark_images --> node_venv_lib_python3_12_site-packages_PyQt6_Qt6_qml_QtQuick_Controls_FluentWinUI3_dark_images_combobox-indicator-open-pressed@2x_png["combobox-indicator-open-pressed@2x.png"]\n    Root --> node_venv["venv"]\n    node_venv --> node_venv_lib["lib"]\n    node_venv_lib --> node_venv_lib_python3_12["python3.12"]\n    node_venv_lib_python3_12 --> node_venv_lib_python3_12_site-packages["site-packages"]\n    node_venv_lib_python3_12_site-packages --> node_venv_lib_python3_12_site-packages_PyQt6["PyQt6"]\n    node_venv_lib_python3_12_site-packages_PyQt6 --> node_venv_lib_python3_12_site-packages_PyQt6_Qt6["Qt6"]\n    node_venv_lib_python3_12_site-packages_PyQt6_Qt6 --> node_venv_lib_python3_12_site-packages_PyQt6_Qt6_qml["qml"]\n    node_venv_lib_python3_12_site-packages_PyQt6_Qt6_qml --> node_venv_lib_python3_12_site-packages_PyQt6_Qt6_qml_QtQuick["QtQuick"]\n    node_venv_lib_python3_12_site-packages_PyQt6_Qt6_qml_QtQuick --> node_venv_lib_python3_12_site-packages_PyQt6_Qt6_qml_QtQuick_Controls["Controls"]\n    node_venv_lib_python3_12_site-packages_PyQt6_Qt6_qml_QtQuick_Controls --> node_venv_lib_python3_12_site-packages_PyQt6_Qt6_qml_QtQuick_Controls_FluentWinUI3["FluentWinUI3"]\n    node_venv_lib_python3_12_site-packages_PyQt6_Qt6_qml_QtQuick_Controls_FluentWinUI3 --> node_venv_lib_python3_12_site-packages_PyQt6_Qt6_qml_QtQuick_Controls_FluentWinUI3_dark["dark"]\n    node_venv_lib_python3_12_site-packages_PyQt6_Qt6_qml_QtQuick_Controls_FluentWinUI3_dark --> node_venv_lib_python3_12_site-packages_PyQt6_Qt6_qml_QtQuick_Controls_FluentWinUI3_dark_images["images"]\n    node_venv_lib_python3_12_site-packages_PyQt6_Qt6_qml_QtQuick_Controls_FluentWinUI3_dark_images --> node_venv_lib_python3_12_site-packages_PyQt6_Qt6_qml_QtQuick_Controls_FluentWinUI3_dark_images_combobox-indicator-open-pressed@3x_png["combobox-indicator-open-pressed@3x.png"]\n    Root --> node_venv["venv"]\n    node_venv --> node_venv_lib["lib"]\n    node_venv_lib --> node_venv_lib_python3_12["python3.12"]\n    node_venv_lib_python3_12 --> node_venv_lib_python3_12_site-packages["site-packages"]\n    node_venv_lib_python3_12_site-packages --> node_venv_lib_python3_12_site-packages_PyQt6["PyQt6"]\n    node_venv_lib_python3_12_site-packages_PyQt6 --> node_venv_lib_python3_12_site-packages_PyQt6_Qt6["Qt6"]\n    node_venv_lib_python3_12_site-packages_PyQt6_Qt6 --> node_venv_lib_python3_12_site-packages_PyQt6_Qt6_qml["qml"]\n    node_venv_lib_python3_12_site-packages_PyQt6_Qt6_qml --> node_venv_lib_python3_12_site-packages_PyQt6_Qt6_qml_QtQuick["QtQuick"]\n    node_venv_lib_python3_12_site-packages_PyQt6_Qt6_qml_QtQuick --> node_venv_lib_python3_12_site-packages_PyQt6_Qt6_qml_QtQuick_Controls["Controls"]\n    node_venv_lib_python3_12_site-packages_PyQt6_Qt6_qml_QtQuick_Controls --> node_venv_lib_python3_12_site-packages_PyQt6_Qt6_qml_QtQuick_Controls_FluentWinUI3["FluentWinUI3"]\n    node_venv_lib_python3_12_site-packages_PyQt6_Qt6_qml_QtQuick_Controls_FluentWinUI3 --> node_venv_lib_python3_12_site-packages_PyQt6_Qt6_qml_QtQuick_Controls_FluentWinUI3_dark["dark"]\n    node_venv_lib_python3_12_site-packages_PyQt6_Qt6_qml_QtQuick_Controls_FluentWinUI3_dark --> node_venv_lib_python3_12_site-packages_PyQt6_Qt6_qml_QtQuick_Controls_FluentWinUI3_dark_images["images"]\n    node_venv_lib_python3_12_site-packages_PyQt6_Qt6_qml_QtQuick_Controls_FluentWinUI3_dark_images --> node_venv_lib_python3_12_site-packages_PyQt6_Qt6_qml_QtQuick_Controls_FluentWinUI3_dark_images_combobox-indicator-open_png["combobox-indicator-open.png"]\n    Root --> node_venv["venv"]\n    node_venv --> node_venv_lib["lib"]\n    node_venv_lib --> node_venv_lib_python3_12["python3.12"]\n    node_venv_lib_python3_12 --> node_venv_lib_python3_12_site-packages["site-packages"]\n    node_venv_lib_python3_12_site-packages --> node_venv_lib_python3_12_site-packages_PyQt6["PyQt6"]\n    node_venv_lib_python3_12_site-packages_PyQt6 --> node_venv_lib_python3_12_site-packages_PyQt6_Qt6["Qt6"]\n    node_venv_lib_python3_12_site-packages_PyQt6_Qt6 --> node_venv_lib_python3_12_site-packages_PyQt6_Qt6_qml["qml"]\n    node_venv_lib_python3_12_site-packages_PyQt6_Qt6_qml --> node_venv_lib_python3_12_site-packages_PyQt6_Qt6_qml_QtQuick["QtQuick"]\n    node_venv_lib_python3_12_site-packages_PyQt6_Qt6_qml_QtQuick --> node_venv_lib_python3_12_site-packages_PyQt6_Qt6_qml_QtQuick_Controls["Controls"]\n    node_venv_lib_python3_12_site-packages_PyQt6_Qt6_qml_QtQuick_Controls --> node_venv_lib_python3_12_site-packages_PyQt6_Qt6_qml_QtQuick_Controls_FluentWinUI3["FluentWinUI3"]\n    node_venv_lib_python3_12_site-packages_PyQt6_Qt6_qml_QtQuick_Controls_FluentWinUI3 --> node_venv_lib_python3_12_site-packages_PyQt6_Qt6_qml_QtQuick_Controls_FluentWinUI3_dark["dark"]\n    node_venv_lib_python3_12_site-packages_PyQt6_Qt6_qml_QtQuick_Controls_FluentWinUI3_dark --> node_venv_lib_python3_12_site-packages_PyQt6_Qt6_qml_QtQuick_Controls_FluentWinUI3_dark_images["images"]\n    node_venv_lib_python3_12_site-packages_PyQt6_Qt6_qml_QtQuick_Controls_FluentWinUI3_dark_images --> node_venv_lib_python3_12_site-packages_PyQt6_Qt6_qml_QtQuick_Controls_FluentWinUI3_dark_images_combobox-indicator-open@2x_png["combobox-indicator-open@2x.png"]\n    Root --> node_venv["venv"]\n    node_venv --> node_venv_lib["lib"]\n    node_venv_lib --> node_venv_lib_python3_12["python3.12"]\n    node_venv_lib_python3_12 --> node_venv_lib_python3_12_site-packages["site-packages"]\n    node_venv_lib_python3_12_site-packages --> node_venv_lib_python3_12_site-packages_PyQt6["PyQt6"]\n    node_venv_lib_python3_12_site-packages_PyQt6 --> node_venv_lib_python3_12_site-packages_PyQt6_Qt6["Qt6"]\n    node_venv_lib_python3_12_site-packages_PyQt6_Qt6 --> node_venv_lib_python3_12_site-packages_PyQt6_Qt6_qml["qml"]\n    node_venv_lib_python3_12_site-packages_PyQt6_Qt6_qml --> node_venv_lib_python3_12_site-packages_PyQt6_Qt6_qml_QtQuick["QtQuick"]\n    node_venv_lib_python3_12_site-packages_PyQt6_Qt6_qml_QtQuick --> node_venv_lib_python3_12_site-packages_PyQt6_Qt6_qml_QtQuick_Controls["Controls"]\n    node_venv_lib_python3_12_site-packages_PyQt6_Qt6_qml_QtQuick_Controls --> node_venv_lib_python3_12_site-packages_PyQt6_Qt6_qml_QtQuick_Controls_FluentWinUI3["FluentWinUI3"]\n    node_venv_lib_python3_12_site-packages_PyQt6_Qt6_qml_QtQuick_Controls_FluentWinUI3 --> node_venv_lib_python3_12_site-packages_PyQt6_Qt6_qml_QtQuick_Controls_FluentWinUI3_dark["dark"]\n    node_venv_lib_python3_12_site-packages_PyQt6_Qt6_qml_QtQuick_Controls_FluentWinUI3_dark --> node_venv_lib_python3_12_site-packages_PyQt6_Qt6_qml_QtQuick_Controls_FluentWinUI3_dark_images["images"]\n    node_venv_lib_python3_12_site-packages_PyQt6_Qt6_qml_QtQuick_Controls_FluentWinUI3_dark_images --> node_venv_lib_python3_12_site-packages_PyQt6_Qt6_qml_QtQuick_Controls_FluentWinUI3_dark_images_combobox-indicator-open@3x_png["combobox-indicator-open@3x.png"]\n    Root --> node_venv["venv"]\n    node_venv --> node_venv_lib["lib"]\n    node_venv_lib --> node_venv_lib_python3_12["python3.12"]\n    node_venv_lib_python3_12 --> node_venv_lib_python3_12_site-packages["site-packages"]\n    node_venv_lib_python3_12_site-packages --> node_venv_lib_python3_12_site-packages_PyQt6["PyQt6"]\n    node_venv_lib_python3_12_site-packages_PyQt6 --> node_venv_lib_python3_12_site-packages_PyQt6_Qt6["Qt6"]\n    node_venv_lib_python3_12_site-packages_PyQt6_Qt6 --> node_venv_lib_python3_12_site-packages_PyQt6_Qt6_qml["qml"]\n    node_venv_lib_python3_12_site-packages_PyQt6_Qt6_qml --> node_venv_lib_python3_12_site-packages_PyQt6_Qt6_qml_QtQuick["QtQuick"]\n    node_venv_lib_python3_12_site-packages_PyQt6_Qt6_qml_QtQuick --> node_venv_lib_python3_12_site-packages_PyQt6_Qt6_qml_QtQuick_Controls["Controls"]\n    node_venv_lib_python3_12_site-packages_PyQt6_Qt6_qml_QtQuick_Controls --> node_venv_lib_python3_12_site-packages_PyQt6_Qt6_qml_QtQuick_Controls_FluentWinUI3["FluentWinUI3"]\n    node_venv_lib_python3_12_site-packages_PyQt6_Qt6_qml_QtQuick_Controls_FluentWinUI3 --> node_venv_lib_python3_12_site-packages_PyQt6_Qt6_qml_QtQuick_Controls_FluentWinUI3_dark["dark"]\n    node_venv_lib_python3_12_site-packages_PyQt6_Qt6_qml_QtQuick_Controls_FluentWinUI3_dark --> node_venv_lib_python3_12_site-packages_PyQt6_Qt6_qml_QtQuick_Controls_FluentWinUI3_dark_images["images"]\n    node_venv_lib_python3_12_site-packages_PyQt6_Qt6_qml_QtQuick_Controls_FluentWinUI3_dark_images --> node_venv_lib_python3_12_site-packages_PyQt6_Qt6_qml_QtQuick_Controls_FluentWinUI3_dark_images_combobox-indicator-pressed_png["combobox-indicator-pressed.png"]\n    Root --> node_venv["venv"]\n    node_venv --> node_venv_lib["lib"]\n    node_venv_lib --> node_venv_lib_python3_12["python3.12"]\n    node_venv_lib_python3_12 --> node_venv_lib_python3_12_site-packages["site-packages"]\n    node_venv_lib_python3_12_site-packages --> node_venv_lib_python3_12_site-packages_PyQt6["PyQt6"]\n    node_venv_lib_python3_12_site-packages_PyQt6 --> node_venv_lib_python3_12_site-packages_PyQt6_Qt6["Qt6"]\n    node_venv_lib_python3_12_site-packages_PyQt6_Qt6 --> node_venv_lib_python3_12_site-packages_PyQt6_Qt6_qml["qml"]\n    node_venv_lib_python3_12_site-packages_PyQt6_Qt6_qml --> node_venv_lib_python3_12_site-packages_PyQt6_Qt6_qml_QtQuick["QtQuick"]\n    node_venv_lib_python3_12_site-packages_PyQt6_Qt6_qml_QtQuick --> node_venv_lib_python3_12_site-packages_PyQt6_Qt6_qml_QtQuick_Controls["Controls"]\n    node_venv_lib_python3_12_site-packages_PyQt6_Qt6_qml_QtQuick_Controls --> node_venv_lib_python3_12_site-packages_PyQt6_Qt6_qml_QtQuick_Controls_FluentWinUI3["FluentWinUI3"]\n    node_venv_lib_python3_12_site-packages_PyQt6_Qt6_qml_QtQuick_Controls_FluentWinUI3 --> node_venv_lib_python3_12_site-packages_PyQt6_Qt6_qml_QtQuick_Controls_FluentWinUI3_dark["dark"]\n    node_venv_lib_python3_12_site-packages_PyQt6_Qt6_qml_QtQuick_Controls_FluentWinUI3_dark --> node_venv_lib_python3_12_site-packages_PyQt6_Qt6_qml_QtQuick_Controls_FluentWinUI3_dark_images["images"]\n    node_venv_lib_python3_12_site-packages_PyQt6_Qt6_qml_QtQuick_Controls_FluentWinUI3_dark_images --> node_venv_lib_python3_12_site-packages_PyQt6_Qt6_qml_QtQuick_Controls_FluentWinUI3_dark_images_combobox-indicator-pressed@2x_png["combobox-indicator-pressed@2x.png"]\n    Root --> node_venv["venv"]\n    node_venv --> node_venv_lib["lib"]\n    node_venv_lib --> node_venv_lib_python3_12["python3.12"]\n    node_venv_lib_python3_12 --> node_venv_lib_python3_12_site-packages["site-packages"]\n    node_venv_lib_python3_12_site-packages --> node_venv_lib_python3_12_site-packages_PyQt6["PyQt6"]\n    node_venv_lib_python3_12_site-packages_PyQt6 --> node_venv_lib_python3_12_site-packages_PyQt6_Qt6["Qt6"]\n    node_venv_lib_python3_12_site-packages_PyQt6_Qt6 --> node_venv_lib_python3_12_site-packages_PyQt6_Qt6_qml["qml"]\n    node_venv_lib_python3_12_site-packages_PyQt6_Qt6_qml --> node_venv_lib_python3_12_site-packages_PyQt6_Qt6_qml_QtQuick["QtQuick"]\n    node_venv_lib_python3_12_site-packages_PyQt6_Qt6_qml_QtQuick --> node_venv_lib_python3_12_site-packages_PyQt6_Qt6_qml_QtQuick_Controls["Controls"]\n    node_venv_lib_python3_12_site-packages_PyQt6_Qt6_qml_QtQuick_Controls --> node_venv_lib_python3_12_site-packages_PyQt6_Qt6_qml_QtQuick_Controls_FluentWinUI3["FluentWinUI3"]\n    node_venv_lib_python3_12_site-packages_PyQt6_Qt6_qml_QtQuick_Controls_FluentWinUI3 --> node_venv_lib_python3_12_site-packages_PyQt6_Qt6_qml_QtQuick_Controls_FluentWinUI3_dark["dark"]\n    node_venv_lib_python3_12_site-packages_PyQt6_Qt6_qml_QtQuick_Controls_FluentWinUI3_dark --> node_venv_lib_python3_12_site-packages_PyQt6_Qt6_qml_QtQuick_Controls_FluentWinUI3_dark_images["images"]\n    node_venv_lib_python3_12_site-packages_PyQt6_Qt6_qml_QtQuick_Controls_FluentWinUI3_dark_images --> node_venv_lib_python3_12_site-packages_PyQt6_Qt6_qml_QtQuick_Controls_FluentWinUI3_dark_images_combobox-indicator-pressed@3x_png["combobox-indicator-pressed@3x.png"]\n    Root --> node_venv["venv"]\n    node_venv --> node_venv_lib["lib"]\n    node_venv_lib --> node_venv_lib_python3_12["python3.12"]\n    node_venv_lib_python3_12 --> node_venv_lib_python3_12_site-packages["site-packages"]\n    node_venv_lib_python3_12_site-packages --> node_venv_lib_python3_12_site-packages_PyQt6["PyQt6"]\n    node_venv_lib_python3_12_site-packages_PyQt6 --> node_venv_lib_python3_12_site-packages_PyQt6_Qt6["Qt6"]\n    node_venv_lib_python3_12_site-packages_PyQt6_Qt6 --> node_venv_lib_python3_12_site-packages_PyQt6_Qt6_qml["qml"]\n    node_venv_lib_python3_12_site-packages_PyQt6_Qt6_qml --> node_venv_lib_python3_12_site-packages_PyQt6_Qt6_qml_QtQuick["QtQuick"]\n    node_venv_lib_python3_12_site-packages_PyQt6_Qt6_qml_QtQuick --> node_venv_lib_python3_12_site-packages_PyQt6_Qt6_qml_QtQuick_Controls["Controls"]\n    node_venv_lib_python3_12_site-packages_PyQt6_Qt6_qml_QtQuick_Controls --> node_venv_lib_python3_12_site-packages_PyQt6_Qt6_qml_QtQuick_Controls_FluentWinUI3["FluentWinUI3"]\n    node_venv_lib_python3_12_site-packages_PyQt6_Qt6_qml_QtQuick_Controls_FluentWinUI3 --> node_venv_lib_python3_12_site-packages_PyQt6_Qt6_qml_QtQuick_Controls_FluentWinUI3_dark["dark"]\n    node_venv_lib_python3_12_site-packages_PyQt6_Qt6_qml_QtQuick_Controls_FluentWinUI3_dark --> node_venv_lib_python3_12_site-packages_PyQt6_Qt6_qml_QtQuick_Controls_FluentWinUI3_dark_images["images"]\n    node_venv_lib_python3_12_site-packages_PyQt6_Qt6_qml_QtQuick_Controls_FluentWinUI3_dark_images --> node_venv_lib_python3_12_site-packages_PyQt6_Qt6_qml_QtQuick_Controls_FluentWinUI3_dark_images_combobox-indicator_png["combobox-indicator.png"]\n    Root --> node_venv["venv"]\n    node_venv --> node_venv_lib["lib"]\n    node_venv_lib --> node_venv_lib_python3_12["python3.12"]\n    node_venv_lib_python3_12 --> node_venv_lib_python3_12_site-packages["site-packages"]\n    node_venv_lib_python3_12_site-packages --> node_venv_lib_python3_12_site-packages_PyQt6["PyQt6"]\n    node_venv_lib_python3_12_site-packages_PyQt6 --> node_venv_lib_python3_12_site-packages_PyQt6_Qt6["Qt6"]\n    node_venv_lib_python3_12_site-packages_PyQt6_Qt6 --> node_venv_lib_python3_12_site-packages_PyQt6_Qt6_qml["qml"]\n    node_venv_lib_python3_12_site-packages_PyQt6_Qt6_qml --> node_venv_lib_python3_12_site-packages_PyQt6_Qt6_qml_QtQuick["QtQuick"]\n    node_venv_lib_python3_12_site-packages_PyQt6_Qt6_qml_QtQuick --> node_venv_lib_python3_12_site-packages_PyQt6_Qt6_qml_QtQuick_Controls["Controls"]\n    node_venv_lib_python3_12_site-packages_PyQt6_Qt6_qml_QtQuick_Controls --> node_venv_lib_python3_12_site-packages_PyQt6_Qt6_qml_QtQuick_Controls_FluentWinUI3["FluentWinUI3"]\n    node_venv_lib_python3_12_site-packages_PyQt6_Qt6_qml_QtQuick_Controls_FluentWinUI3 --> node_venv_lib_python3_12_site-packages_PyQt6_Qt6_qml_QtQuick_Controls_FluentWinUI3_dark["dark"]\n    node_venv_lib_python3_12_site-packages_PyQt6_Qt6_qml_QtQuick_Controls_FluentWinUI3_dark --> node_venv_lib_python3_12_site-packages_PyQt6_Qt6_qml_QtQuick_Controls_FluentWinUI3_dark_images["images"]\n    node_venv_lib_python3_12_site-packages_PyQt6_Qt6_qml_QtQuick_Controls_FluentWinUI3_dark_images --> node_venv_lib_python3_12_site-packages_PyQt6_Qt6_qml_QtQuick_Controls_FluentWinUI3_dark_images_combobox-indicator@2x_png["combobox-indicator@2x.png"]\n    Root --> node_venv["venv"]\n    node_venv --> node_venv_lib["lib"]\n    node_venv_lib --> node_venv_lib_python3_12["python3.12"]\n    node_venv_lib_python3_12 --> node_venv_lib_python3_12_site-packages["site-packages"]\n    node_venv_lib_python3_12_site-packages --> node_venv_lib_python3_12_site-packages_PyQt6["PyQt6"]\n    node_venv_lib_python3_12_site-packages_PyQt6 --> node_venv_lib_python3_12_site-packages_PyQt6_Qt6["Qt6"]\n    node_venv_lib_python3_12_site-packages_PyQt6_Qt6 --> node_venv_lib_python3_12_site-packages_PyQt6_Qt6_qml["qml"]\n    node_venv_lib_python3_12_site-packages_PyQt6_Qt6_qml --> node_venv_lib_python3_12_site-packages_PyQt6_Qt6_qml_QtQuick["QtQuick"]\n    node_venv_lib_python3_12_site-packages_PyQt6_Qt6_qml_QtQuick --> node_venv_lib_python3_12_site-packages_PyQt6_Qt6_qml_QtQuick_Controls["Controls"]\n    node_venv_lib_python3_12_site-packages_PyQt6_Qt6_qml_QtQuick_Controls --> node_venv_lib_python3_12_site-packages_PyQt6_Qt6_qml_QtQuick_Controls_FluentWinUI3["FluentWinUI3"]\n    node_venv_lib_python3_12_site-packages_PyQt6_Qt6_qml_QtQuick_Controls_FluentWinUI3 --> node_venv_lib_python3_12_site-packages_PyQt6_Qt6_qml_QtQuick_Controls_FluentWinUI3_dark["dark"]\n    node_venv_lib_python3_12_site-packages_PyQt6_Qt6_qml_QtQuick_Controls_FluentWinUI3_dark --> node_venv_lib_python3_12_site-packages_PyQt6_Qt6_qml_QtQuick_Controls_FluentWinUI3_dark_images["images"]\n    node_venv_lib_python3_12_site-packages_PyQt6_Qt6_qml_QtQuick_Controls_FluentWinUI3_dark_images --> node_venv_lib_python3_12_site-packages_PyQt6_Qt6_qml_QtQuick_Controls_FluentWinUI3_dark_images_combobox-indicator@3x_png["combobox-indicator@3x.png"]\n    Root --> node_venv["venv"]\n    node_venv --> node_venv_lib["lib"]\n    node_venv_lib --> node_venv_lib_python3_12["python3.12"]\n    node_venv_lib_python3_12 --> node_venv_lib_python3_12_site-packages["site-packages"]\n    node_venv_lib_python3_12_site-packages --> node_venv_lib_python3_12_site-packages_PyQt6["PyQt6"]\n    node_venv_lib_python3_12_site-packages_PyQt6 --> node_venv_lib_python3_12_site-packages_PyQt6_Qt6["Qt6"]\n    node_venv_lib_python3_12_site-packages_PyQt6_Qt6 --> node_venv_lib_python3_12_site-packages_PyQt6_Qt6_qml["qml"]\n    node_venv_lib_python3_12_site-packages_PyQt6_Qt6_qml --> node_venv_lib_python3_12_site-packages_PyQt6_Qt6_qml_QtQuick["QtQuick"]\n    node_venv_lib_python3_12_site-packages_PyQt6_Qt6_qml_QtQuick --> node_venv_lib_python3_12_site-packages_PyQt6_Qt6_qml_QtQuick_Controls["Controls"]\n    node_venv_lib_python3_12_site-packages_PyQt6_Qt6_qml_QtQuick_Controls --> node_venv_lib_python3_12_site-packages_PyQt6_Qt6_qml_QtQuick_Controls_FluentWinUI3["FluentWinUI3"]\n    node_venv_lib_python3_12_site-packages_PyQt6_Qt6_qml_QtQuick_Controls_FluentWinUI3 --> node_venv_lib_python3_12_site-packages_PyQt6_Qt6_qml_QtQuick_Controls_FluentWinUI3_dark["dark"]\n    node_venv_lib_python3_12_site-packages_PyQt6_Qt6_qml_QtQuick_Controls_FluentWinUI3_dark --> node_venv_lib_python3_12_site-packages_PyQt6_Qt6_qml_QtQuick_Controls_FluentWinUI3_dark_images["images"]\n    node_venv_lib_python3_12_site-packages_PyQt6_Qt6_qml_QtQuick_Controls_FluentWinUI3_dark_images --> node_venv_lib_python3_12_site-packages_PyQt6_Qt6_qml_QtQuick_Controls_FluentWinUI3_dark_images_editablecombobox-background-hovered-open_png["editablecombobox-background-hovered-open.png"]\n    Root --> node_venv["venv"]\n    node_venv --> node_venv_lib["lib"]\n    node_venv_lib --> node_venv_lib_python3_12["python3.12"]\n    node_venv_lib_python3_12 --> node_venv_lib_python3_12_site-packages["site-packages"]\n    node_venv_lib_python3_12_site-packages --> node_venv_lib_python3_12_site-packages_PyQt6["PyQt6"]\n    node_venv_lib_python3_12_site-packages_PyQt6 --> node_venv_lib_python3_12_site-packages_PyQt6_Qt6["Qt6"]\n    node_venv_lib_python3_12_site-packages_PyQt6_Qt6 --> node_venv_lib_python3_12_site-packages_PyQt6_Qt6_qml["qml"]\n    node_venv_lib_python3_12_site-packages_PyQt6_Qt6_qml --> node_venv_lib_python3_12_site-packages_PyQt6_Qt6_qml_QtQuick["QtQuick"]\n    node_venv_lib_python3_12_site-packages_PyQt6_Qt6_qml_QtQuick --> node_venv_lib_python3_12_site-packages_PyQt6_Qt6_qml_QtQuick_Controls["Controls"]\n    node_venv_lib_python3_12_site-packages_PyQt6_Qt6_qml_QtQuick_Controls --> node_venv_lib_python3_12_site-packages_PyQt6_Qt6_qml_QtQuick_Controls_FluentWinUI3["FluentWinUI3"]\n    node_venv_lib_python3_12_site-packages_PyQt6_Qt6_qml_QtQuick_Controls_FluentWinUI3 --> node_venv_lib_python3_12_site-packages_PyQt6_Qt6_qml_QtQuick_Controls_FluentWinUI3_dark["dark"]\n    node_venv_lib_python3_12_site-packages_PyQt6_Qt6_qml_QtQuick_Controls_FluentWinUI3_dark --> node_venv_lib_python3_12_site-packages_PyQt6_Qt6_qml_QtQuick_Controls_FluentWinUI3_dark_images["images"]\n    node_venv_lib_python3_12_site-packages_PyQt6_Qt6_qml_QtQuick_Controls_FluentWinUI3_dark_images --> node_venv_lib_python3_12_site-packages_PyQt6_Qt6_qml_QtQuick_Controls_FluentWinUI3_dark_images_editablecombobox-background-hovered-open@2x_png["editablecombobox-background-hovered-open@2x.png"]\n    Root --> node_venv["venv"]\n    node_venv --> node_venv_lib["lib"]\n    node_venv_lib --> node_venv_lib_python3_12["python3.12"]\n    node_venv_lib_python3_12 --> node_venv_lib_python3_12_site-packages["site-packages"]\n    node_venv_lib_python3_12_site-packages --> node_venv_lib_python3_12_site-packages_PyQt6["PyQt6"]\n    node_venv_lib_python3_12_site-packages_PyQt6 --> node_venv_lib_python3_12_site-packages_PyQt6_Qt6["Qt6"]\n    node_venv_lib_python3_12_site-packages_PyQt6_Qt6 --> node_venv_lib_python3_12_site-packages_PyQt6_Qt6_qml["qml"]\n    node_venv_lib_python3_12_site-packages_PyQt6_Qt6_qml --> node_venv_lib_python3_12_site-packages_PyQt6_Qt6_qml_QtQuick["QtQuick"]\n    node_venv_lib_python3_12_site-packages_PyQt6_Qt6_qml_QtQuick --> node_venv_lib_python3_12_site-packages_PyQt6_Qt6_qml_QtQuick_Controls["Controls"]\n    node_venv_lib_python3_12_site-packages_PyQt6_Qt6_qml_QtQuick_Controls --> node_venv_lib_python3_12_site-packages_PyQt6_Qt6_qml_QtQuick_Controls_FluentWinUI3["FluentWinUI3"]\n    node_venv_lib_python3_12_site-packages_PyQt6_Qt6_qml_QtQuick_Controls_FluentWinUI3 --> node_venv_lib_python3_12_site-packages_PyQt6_Qt6_qml_QtQuick_Controls_FluentWinUI3_dark["dark"]\n    node_venv_lib_python3_12_site-packages_PyQt6_Qt6_qml_QtQuick_Controls_FluentWinUI3_dark --> node_venv_lib_python3_12_site-packages_PyQt6_Qt6_qml_QtQuick_Controls_FluentWinUI3_dark_images["images"]\n    node_venv_lib_python3_12_site-packages_PyQt6_Qt6_qml_QtQuick_Controls_FluentWinUI3_dark_images --> node_venv_lib_python3_12_site-packages_PyQt6_Qt6_qml_QtQuick_Controls_FluentWinUI3_dark_images_editablecombobox-background-hovered-open@3x_png["editablecombobox-background-hovered-open@3x.png"]\n    Root --> node_venv["venv"]\n    node_venv --> node_venv_lib["lib"]\n    node_venv_lib --> node_venv_lib_python3_12["python3.12"]\n    node_venv_lib_python3_12 --> node_venv_lib_python3_12_site-packages["site-packages"]\n    node_venv_lib_python3_12_site-packages --> node_venv_lib_python3_12_site-packages_PyQt6["PyQt6"]\n    node_venv_lib_python3_12_site-packages_PyQt6 --> node_venv_lib_python3_12_site-packages_PyQt6_Qt6["Qt6"]\n    node_venv_lib_python3_12_site-packages_PyQt6_Qt6 --> node_venv_lib_python3_12_site-packages_PyQt6_Qt6_qml["qml"]\n    node_venv_lib_python3_12_site-packages_PyQt6_Qt6_qml --> node_venv_lib_python3_12_site-packages_PyQt6_Qt6_qml_QtQuick["QtQuick"]\n    node_venv_lib_python3_12_site-packages_PyQt6_Qt6_qml_QtQuick --> node_venv_lib_python3_12_site-packages_PyQt6_Qt6_qml_QtQuick_Controls["Controls"]\n    node_venv_lib_python3_12_site-packages_PyQt6_Qt6_qml_QtQuick_Controls --> node_venv_lib_python3_12_site-packages_PyQt6_Qt6_qml_QtQuick_Controls_FluentWinUI3["FluentWinUI3"]\n    node_venv_lib_python3_12_site-packages_PyQt6_Qt6_qml_QtQuick_Controls_FluentWinUI3 --> node_venv_lib_python3_12_site-packages_PyQt6_Qt6_qml_QtQuick_Controls_FluentWinUI3_dark["dark"]\n    node_venv_lib_python3_12_site-packages_PyQt6_Qt6_qml_QtQuick_Controls_FluentWinUI3_dark --> node_venv_lib_python3_12_site-packages_PyQt6_Qt6_qml_QtQuick_Controls_FluentWinUI3_dark_images["images"]\n    node_venv_lib_python3_12_site-packages_PyQt6_Qt6_qml_QtQuick_Controls_FluentWinUI3_dark_images --> node_venv_lib_python3_12_site-packages_PyQt6_Qt6_qml_QtQuick_Controls_FluentWinUI3_dark_images_editablecombobox-background-open-pressed_png["editablecombobox-background-open-pressed.png"]\n    Root --> node_venv["venv"]\n    node_venv --> node_venv_lib["lib"]\n    node_venv_lib --> node_venv_lib_python3_12["python3.12"]\n    node_venv_lib_python3_12 --> node_venv_lib_python3_12_site-packages["site-packages"]\n    node_venv_lib_python3_12_site-packages --> node_venv_lib_python3_12_site-packages_PyQt6["PyQt6"]\n    node_venv_lib_python3_12_site-packages_PyQt6 --> node_venv_lib_python3_12_site-packages_PyQt6_Qt6["Qt6"]\n    node_venv_lib_python3_12_site-packages_PyQt6_Qt6 --> node_venv_lib_python3_12_site-packages_PyQt6_Qt6_qml["qml"]\n    node_venv_lib_python3_12_site-packages_PyQt6_Qt6_qml --> node_venv_lib_python3_12_site-packages_PyQt6_Qt6_qml_QtQuick["QtQuick"]\n    node_venv_lib_python3_12_site-packages_PyQt6_Qt6_qml_QtQuick --> node_venv_lib_python3_12_site-packages_PyQt6_Qt6_qml_QtQuick_Controls["Controls"]\n    node_venv_lib_python3_12_site-packages_PyQt6_Qt6_qml_QtQuick_Controls --> node_venv_lib_python3_12_site-packages_PyQt6_Qt6_qml_QtQuick_Controls_FluentWinUI3["FluentWinUI3"]\n    node_venv_lib_python3_12_site-packages_PyQt6_Qt6_qml_QtQuick_Controls_FluentWinUI3 --> node_venv_lib_python3_12_site-packages_PyQt6_Qt6_qml_QtQuick_Controls_FluentWinUI3_dark["dark"]\n    node_venv_lib_python3_12_site-packages_PyQt6_Qt6_qml_QtQuick_Controls_FluentWinUI3_dark --> node_venv_lib_python3_12_site-packages_PyQt6_Qt6_qml_QtQuick_Controls_FluentWinUI3_dark_images["images"]\n    node_venv_lib_python3_12_site-packages_PyQt6_Qt6_qml_QtQuick_Controls_FluentWinUI3_dark_images --> node_venv_lib_python3_12_site-packages_PyQt6_Qt6_qml_QtQuick_Controls_FluentWinUI3_dark_images_editablecombobox-background-open-pressed@2x_png["editablecombobox-background-open-pressed@2x.png"]\n    Root --> node_venv["venv"]\n    node_venv --> node_venv_lib["lib"]\n    node_venv_lib --> node_venv_lib_python3_12["python3.12"]\n    node_venv_lib_python3_12 --> node_venv_lib_python3_12_site-packages["site-packages"]\n    node_venv_lib_python3_12_site-packages --> node_venv_lib_python3_12_site-packages_PyQt6["PyQt6"]\n    node_venv_lib_python3_12_site-packages_PyQt6 --> node_venv_lib_python3_12_site-packages_PyQt6_Qt6["Qt6"]\n    node_venv_lib_python3_12_site-packages_PyQt6_Qt6 --> node_venv_lib_python3_12_site-packages_PyQt6_Qt6_qml["qml"]\n    node_venv_lib_python3_12_site-packages_PyQt6_Qt6_qml --> node_venv_lib_python3_12_site-packages_PyQt6_Qt6_qml_QtQuick["QtQuick"]\n    node_venv_lib_python3_12_site-packages_PyQt6_Qt6_qml_QtQuick --> node_venv_lib_python3_12_site-packages_PyQt6_Qt6_qml_QtQuick_Controls["Controls"]\n    node_venv_lib_python3_12_site-packages_PyQt6_Qt6_qml_QtQuick_Controls --> node_venv_lib_python3_12_site-packages_PyQt6_Qt6_qml_QtQuick_Controls_FluentWinUI3["FluentWinUI3"]\n    node_venv_lib_python3_12_site-packages_PyQt6_Qt6_qml_QtQuick_Controls_FluentWinUI3 --> node_venv_lib_python3_12_site-packages_PyQt6_Qt6_qml_QtQuick_Controls_FluentWinUI3_dark["dark"]\n    node_venv_lib_python3_12_site-packages_PyQt6_Qt6_qml_QtQuick_Controls_FluentWinUI3_dark --> node_venv_lib_python3_12_site-packages_PyQt6_Qt6_qml_QtQuick_Controls_FluentWinUI3_dark_images["images"]\n    node_venv_lib_python3_12_site-packages_PyQt6_Qt6_qml_QtQuick_Controls_FluentWinUI3_dark_images --> node_venv_lib_python3_12_site-packages_PyQt6_Qt6_qml_QtQuick_Controls_FluentWinUI3_dark_images_editablecombobox-background-open-pressed@3x_png["editablecombobox-background-open-pressed@3x.png"]\n    Root --> node_venv["venv"]\n    node_venv --> node_venv_lib["lib"]\n    node_venv_lib --> node_venv_lib_python3_12["python3.12"]\n    node_venv_lib_python3_12 --> node_venv_lib_python3_12_site-packages["site-packages"]\n    node_venv_lib_python3_12_site-packages --> node_venv_lib_python3_12_site-packages_PyQt6["PyQt6"]\n    node_venv_lib_python3_12_site-packages_PyQt6 --> node_venv_lib_python3_12_site-packages_PyQt6_Qt6["Qt6"]\n    node_venv_lib_python3_12_site-packages_PyQt6_Qt6 --> node_venv_lib_python3_12_site-packages_PyQt6_Qt6_qml["qml"]\n    node_venv_lib_python3_12_site-packages_PyQt6_Qt6_qml --> node_venv_lib_python3_12_site-packages_PyQt6_Qt6_qml_QtQuick["QtQuick"]\n    node_venv_lib_python3_12_site-packages_PyQt6_Qt6_qml_QtQuick --> node_venv_lib_python3_12_site-packages_PyQt6_Qt6_qml_QtQuick_Controls["Controls"]\n    node_venv_lib_python3_12_site-packages_PyQt6_Qt6_qml_QtQuick_Controls --> node_venv_lib_python3_12_site-packages_PyQt6_Qt6_qml_QtQuick_Controls_FluentWinUI3["FluentWinUI3"]\n    node_venv_lib_python3_12_site-packages_PyQt6_Qt6_qml_QtQuick_Controls_FluentWinUI3 --> node_venv_lib_python3_12_site-packages_PyQt6_Qt6_qml_QtQuick_Controls_FluentWinUI3_dark["dark"]\n    node_venv_lib_python3_12_site-packages_PyQt6_Qt6_qml_QtQuick_Controls_FluentWinUI3_dark --> node_venv_lib_python3_12_site-packages_PyQt6_Qt6_qml_QtQuick_Controls_FluentWinUI3_dark_images["images"]\n    node_venv_lib_python3_12_site-packages_PyQt6_Qt6_qml_QtQuick_Controls_FluentWinUI3_dark_images --> node_venv_lib_python3_12_site-packages_PyQt6_Qt6_qml_QtQuick_Controls_FluentWinUI3_dark_images_editablecombobox-background-open_png["editablecombobox-background-open.png"]\n    Root --> node_venv["venv"]\n    node_venv --> node_venv_lib["lib"]\n    node_venv_lib --> node_venv_lib_python3_12["python3.12"]\n    node_venv_lib_python3_12 --> node_venv_lib_python3_12_site-packages["site-packages"]\n    node_venv_lib_python3_12_site-packages --> node_venv_lib_python3_12_site-packages_PyQt6["PyQt6"]\n    node_venv_lib_python3_12_site-packages_PyQt6 --> node_venv_lib_python3_12_site-packages_PyQt6_Qt6["Qt6"]\n    node_venv_lib_python3_12_site-packages_PyQt6_Qt6 --> node_venv_lib_python3_12_site-packages_PyQt6_Qt6_qml["qml"]\n    node_venv_lib_python3_12_site-packages_PyQt6_Qt6_qml --> node_venv_lib_python3_12_site-packages_PyQt6_Qt6_qml_QtQuick["QtQuick"]\n    node_venv_lib_python3_12_site-packages_PyQt6_Qt6_qml_QtQuick --> node_venv_lib_python3_12_site-packages_PyQt6_Qt6_qml_QtQuick_Controls["Controls"]\n    node_venv_lib_python3_12_site-packages_PyQt6_Qt6_qml_QtQuick_Controls --> node_venv_lib_python3_12_site-packages_PyQt6_Qt6_qml_QtQuick_Controls_FluentWinUI3["FluentWinUI3"]\n    node_venv_lib_python3_12_site-packages_PyQt6_Qt6_qml_QtQuick_Controls_FluentWinUI3 --> node_venv_lib_python3_12_site-packages_PyQt6_Qt6_qml_QtQuick_Controls_FluentWinUI3_dark["dark"]\n    node_venv_lib_python3_12_site-packages_PyQt6_Qt6_qml_QtQuick_Controls_FluentWinUI3_dark --> node_venv_lib_python3_12_site-packages_PyQt6_Qt6_qml_QtQuick_Controls_FluentWinUI3_dark_images["images"]\n    node_venv_lib_python3_12_site-packages_PyQt6_Qt6_qml_QtQuick_Controls_FluentWinUI3_dark_images --> node_venv_lib_python3_12_site-packages_PyQt6_Qt6_qml_QtQuick_Controls_FluentWinUI3_dark_images_editablecombobox-background-open@2x_png["editablecombobox-background-open@2x.png"]\n    Root --> node_venv["venv"]\n    node_venv --> node_venv_lib["lib"]\n    node_venv_lib --> node_venv_lib_python3_12["python3.12"]\n    node_venv_lib_python3_12 --> node_venv_lib_python3_12_site-packages["site-packages"]\n    node_venv_lib_python3_12_site-packages --> node_venv_lib_python3_12_site-packages_PyQt6["PyQt6"]\n    node_venv_lib_python3_12_site-packages_PyQt6 --> node_venv_lib_python3_12_site-packages_PyQt6_Qt6["Qt6"]\n    node_venv_lib_python3_12_site-packages_PyQt6_Qt6 --> node_venv_lib_python3_12_site-packages_PyQt6_Qt6_qml["qml"]\n    node_venv_lib_python3_12_site-packages_PyQt6_Qt6_qml --> node_venv_lib_python3_12_site-packages_PyQt6_Qt6_qml_QtQuick["QtQuick"]\n    node_venv_lib_python3_12_site-packages_PyQt6_Qt6_qml_QtQuick --> node_venv_lib_python3_12_site-packages_PyQt6_Qt6_qml_QtQuick_Controls["Controls"]\n    node_venv_lib_python3_12_site-packages_PyQt6_Qt6_qml_QtQuick_Controls --> node_venv_lib_python3_12_site-packages_PyQt6_Qt6_qml_QtQuick_Controls_FluentWinUI3["FluentWinUI3"]\n    node_venv_lib_python3_12_site-packages_PyQt6_Qt6_qml_QtQuick_Controls_FluentWinUI3 --> node_venv_lib_python3_12_site-packages_PyQt6_Qt6_qml_QtQuick_Controls_FluentWinUI3_dark["dark"]\n    node_venv_lib_python3_12_site-packages_PyQt6_Qt6_qml_QtQuick_Controls_FluentWinUI3_dark --> node_venv_lib_python3_12_site-packages_PyQt6_Qt6_qml_QtQuick_Controls_FluentWinUI3_dark_images["images"]\n    node_venv_lib_python3_12_site-packages_PyQt6_Qt6_qml_QtQuick_Controls_FluentWinUI3_dark_images --> node_venv_lib_python3_12_site-packages_PyQt6_Qt6_qml_QtQuick_Controls_FluentWinUI3_dark_images_editablecombobox-background-open@3x_png["editablecombobox-background-open@3x.png"]\n    Root --> node_venv["venv"]\n    node_venv --> node_venv_lib["lib"]\n    node_venv_lib --> node_venv_lib_python3_12["python3.12"]\n    node_venv_lib_python3_12 --> node_venv_lib_python3_12_site-packages["site-packages"]\n    node_venv_lib_python3_12_site-packages --> node_venv_lib_python3_12_site-packages_PyQt6["PyQt6"]\n    node_venv_lib_python3_12_site-packages_PyQt6 --> node_venv_lib_python3_12_site-packages_PyQt6_Qt6["Qt6"]\n    node_venv_lib_python3_12_site-packages_PyQt6_Qt6 --> node_venv_lib_python3_12_site-packages_PyQt6_Qt6_qml["qml"]\n    node_venv_lib_python3_12_site-packages_PyQt6_Qt6_qml --> node_venv_lib_python3_12_site-packages_PyQt6_Qt6_qml_QtQuick["QtQuick"]\n    node_venv_lib_python3_12_site-packages_PyQt6_Qt6_qml_QtQuick --> node_venv_lib_python3_12_site-packages_PyQt6_Qt6_qml_QtQuick_Controls["Controls"]\n    node_venv_lib_python3_12_site-packages_PyQt6_Qt6_qml_QtQuick_Controls --> node_venv_lib_python3_12_site-packages_PyQt6_Qt6_qml_QtQuick_Controls_FluentWinUI3["FluentWinUI3"]\n    node_venv_lib_python3_12_site-packages_PyQt6_Qt6_qml_QtQuick_Controls_FluentWinUI3 --> node_venv_lib_python3_12_site-packages_PyQt6_Qt6_qml_QtQuick_Controls_FluentWinUI3_dark["dark"]\n    node_venv_lib_python3_12_site-packages_PyQt6_Qt6_qml_QtQuick_Controls_FluentWinUI3_dark --> node_venv_lib_python3_12_site-packages_PyQt6_Qt6_qml_QtQuick_Controls_FluentWinUI3_dark_images["images"]\n    node_venv_lib_python3_12_site-packages_PyQt6_Qt6_qml_QtQuick_Controls_FluentWinUI3_dark_images --> node_venv_lib_python3_12_site-packages_PyQt6_Qt6_qml_QtQuick_Controls_FluentWinUI3_dark_images_editablecombobox-indicator-hovered-open_png["editablecombobox-indicator-hovered-open.png"]\n    Root --> node_venv["venv"]\n    node_venv --> node_venv_lib["lib"]\n    node_venv_lib --> node_venv_lib_python3_12["python3.12"]\n    node_venv_lib_python3_12 --> node_venv_lib_python3_12_site-packages["site-packages"]\n    node_venv_lib_python3_12_site-packages --> node_venv_lib_python3_12_site-packages_PyQt6["PyQt6"]\n    node_venv_lib_python3_12_site-packages_PyQt6 --> node_venv_lib_python3_12_site-packages_PyQt6_Qt6["Qt6"]\n    node_venv_lib_python3_12_site-packages_PyQt6_Qt6 --> node_venv_lib_python3_12_site-packages_PyQt6_Qt6_qml["qml"]\n    node_venv_lib_python3_12_site-packages_PyQt6_Qt6_qml --> node_venv_lib_python3_12_site-packages_PyQt6_Qt6_qml_QtQuick["QtQuick"]\n    node_venv_lib_python3_12_site-packages_PyQt6_Qt6_qml_QtQuick --> node_venv_lib_python3_12_site-packages_PyQt6_Qt6_qml_QtQuick_Controls["Controls"]\n    node_venv_lib_python3_12_site-packages_PyQt6_Qt6_qml_QtQuick_Controls --> node_venv_lib_python3_12_site-packages_PyQt6_Qt6_qml_QtQuick_Controls_FluentWinUI3["FluentWinUI3"]\n    node_venv_lib_python3_12_site-packages_PyQt6_Qt6_qml_QtQuick_Controls_FluentWinUI3 --> node_venv_lib_python3_12_site-packages_PyQt6_Qt6_qml_QtQuick_Controls_FluentWinUI3_dark["dark"]\n    node_venv_lib_python3_12_site-packages_PyQt6_Qt6_qml_QtQuick_Controls_FluentWinUI3_dark --> node_venv_lib_python3_12_site-packages_PyQt6_Qt6_qml_QtQuick_Controls_FluentWinUI3_dark_images["images"]\n    node_venv_lib_python3_12_site-packages_PyQt6_Qt6_qml_QtQuick_Controls_FluentWinUI3_dark_images --> node_venv_lib_python3_12_site-packages_PyQt6_Qt6_qml_QtQuick_Controls_FluentWinUI3_dark_images_editablecombobox-indicator-hovered-open@2x_png["editablecombobox-indicator-hovered-open@2x.png"]\n    Root --> node_venv["venv"]\n    node_venv --> node_venv_lib["lib"]\n    node_venv_lib --> node_venv_lib_python3_12["python3.12"]\n    node_venv_lib_python3_12 --> node_venv_lib_python3_12_site-packages["site-packages"]\n    node_venv_lib_python3_12_site-packages --> node_venv_lib_python3_12_site-packages_PyQt6["PyQt6"]\n    node_venv_lib_python3_12_site-packages_PyQt6 --> node_venv_lib_python3_12_site-packages_PyQt6_Qt6["Qt6"]\n    node_venv_lib_python3_12_site-packages_PyQt6_Qt6 --> node_venv_lib_python3_12_site-packages_PyQt6_Qt6_qml["qml"]\n    node_venv_lib_python3_12_site-packages_PyQt6_Qt6_qml --> node_venv_lib_python3_12_site-packages_PyQt6_Qt6_qml_QtQuick["QtQuick"]\n    node_venv_lib_python3_12_site-packages_PyQt6_Qt6_qml_QtQuick --> node_venv_lib_python3_12_site-packages_PyQt6_Qt6_qml_QtQuick_Controls["Controls"]\n    node_venv_lib_python3_12_site-packages_PyQt6_Qt6_qml_QtQuick_Controls --> node_venv_lib_python3_12_site-packages_PyQt6_Qt6_qml_QtQuick_Controls_FluentWinUI3["FluentWinUI3"]\n    node_venv_lib_python3_12_site-packages_PyQt6_Qt6_qml_QtQuick_Controls_FluentWinUI3 --> node_venv_lib_python3_12_site-packages_PyQt6_Qt6_qml_QtQuick_Controls_FluentWinUI3_dark["dark"]\n    node_venv_lib_python3_12_site-packages_PyQt6_Qt6_qml_QtQuick_Controls_FluentWinUI3_dark --> node_venv_lib_python3_12_site-packages_PyQt6_Qt6_qml_QtQuick_Controls_FluentWinUI3_dark_images["images"]\n    node_venv_lib_python3_12_site-packages_PyQt6_Qt6_qml_QtQuick_Controls_FluentWinUI3_dark_images --> node_venv_lib_python3_12_site-packages_PyQt6_Qt6_qml_QtQuick_Controls_FluentWinUI3_dark_images_editablecombobox-indicator-hovered-open@3x_png["editablecombobox-indicator-hovered-open@3x.png"]\n    Root --> node_venv["venv"]\n    node_venv --> node_venv_lib["lib"]\n    node_venv_lib --> node_venv_lib_python3_12["python3.12"]\n    node_venv_lib_python3_12 --> node_venv_lib_python3_12_site-packages["site-packages"]\n    node_venv_lib_python3_12_site-packages --> node_venv_lib_python3_12_site-packages_PyQt6["PyQt6"]\n    node_venv_lib_python3_12_site-packages_PyQt6 --> node_venv_lib_python3_12_site-packages_PyQt6_Qt6["Qt6"]\n    node_venv_lib_python3_12_site-packages_PyQt6_Qt6 --> node_venv_lib_python3_12_site-packages_PyQt6_Qt6_qml["qml"]\n    node_venv_lib_python3_12_site-packages_PyQt6_Qt6_qml --> node_venv_lib_python3_12_site-packages_PyQt6_Qt6_qml_QtQuick["QtQuick"]\n    node_venv_lib_python3_12_site-packages_PyQt6_Qt6_qml_QtQuick --> node_venv_lib_python3_12_site-packages_PyQt6_Qt6_qml_QtQuick_Controls["Controls"]\n    node_venv_lib_python3_12_site-packages_PyQt6_Qt6_qml_QtQuick_Controls --> node_venv_lib_python3_12_site-packages_PyQt6_Qt6_qml_QtQuick_Controls_FluentWinUI3["FluentWinUI3"]\n    node_venv_lib_python3_12_site-packages_PyQt6_Qt6_qml_QtQuick_Controls_FluentWinUI3 --> node_venv_lib_python3_12_site-packages_PyQt6_Qt6_qml_QtQuick_Controls_FluentWinUI3_dark["dark"]\n    node_venv_lib_python3_12_site-packages_PyQt6_Qt6_qml_QtQuick_Controls_FluentWinUI3_dark --> node_venv_lib_python3_12_site-packages_PyQt6_Qt6_qml_QtQuick_Controls_FluentWinUI3_dark_images["images"]\n    node_venv_lib_python3_12_site-packages_PyQt6_Qt6_qml_QtQuick_Controls_FluentWinUI3_dark_images --> node_venv_lib_python3_12_site-packages_PyQt6_Qt6_qml_QtQuick_Controls_FluentWinUI3_dark_images_editablecombobox-indicator-open-pressed_png["editablecombobox-indicator-open-pressed.png"]\n    Root --> node_venv["venv"]\n    node_venv --> node_venv_lib["lib"]\n    node_venv_lib --> node_venv_lib_python3_12["python3.12"]\n    node_venv_lib_python3_12 --> node_venv_lib_python3_12_site-packages["site-packages"]\n    node_venv_lib_python3_12_site-packages --> node_venv_lib_python3_12_site-packages_PyQt6["PyQt6"]\n    node_venv_lib_python3_12_site-packages_PyQt6 --> node_venv_lib_python3_12_site-packages_PyQt6_Qt6["Qt6"]\n    node_venv_lib_python3_12_site-packages_PyQt6_Qt6 --> node_venv_lib_python3_12_site-packages_PyQt6_Qt6_qml["qml"]\n    node_venv_lib_python3_12_site-packages_PyQt6_Qt6_qml --> node_venv_lib_python3_12_site-packages_PyQt6_Qt6_qml_QtQuick["QtQuick"]\n    node_venv_lib_python3_12_site-packages_PyQt6_Qt6_qml_QtQuick --> node_venv_lib_python3_12_site-packages_PyQt6_Qt6_qml_QtQuick_Controls["Controls"]\n    node_venv_lib_python3_12_site-packages_PyQt6_Qt6_qml_QtQuick_Controls --> node_venv_lib_python3_12_site-packages_PyQt6_Qt6_qml_QtQuick_Controls_FluentWinUI3["FluentWinUI3"]\n    node_venv_lib_python3_12_site-packages_PyQt6_Qt6_qml_QtQuick_Controls_FluentWinUI3 --> node_venv_lib_python3_12_site-packages_PyQt6_Qt6_qml_QtQuick_Controls_FluentWinUI3_dark["dark"]\n    node_venv_lib_python3_12_site-packages_PyQt6_Qt6_qml_QtQuick_Controls_FluentWinUI3_dark --> node_venv_lib_python3_12_site-packages_PyQt6_Qt6_qml_QtQuick_Controls_FluentWinUI3_dark_images["images"]\n    node_venv_lib_python3_12_site-packages_PyQt6_Qt6_qml_QtQuick_Controls_FluentWinUI3_dark_images --> node_venv_lib_python3_12_site-packages_PyQt6_Qt6_qml_QtQuick_Controls_FluentWinUI3_dark_images_editablecombobox-indicator-open-pressed@2x_png["editablecombobox-indicator-open-pressed@2x.png"]\n    Root --> node_venv["venv"]\n    node_venv --> node_venv_lib["lib"]\n    node_venv_lib --> node_venv_lib_python3_12["python3.12"]\n    node_venv_lib_python3_12 --> node_venv_lib_python3_12_site-packages["site-packages"]\n    node_venv_lib_python3_12_site-packages --> node_venv_lib_python3_12_site-packages_PyQt6["PyQt6"]\n    node_venv_lib_python3_12_site-packages_PyQt6 --> node_venv_lib_python3_12_site-packages_PyQt6_Qt6["Qt6"]\n    node_venv_lib_python3_12_site-packages_PyQt6_Qt6 --> node_venv_lib_python3_12_site-packages_PyQt6_Qt6_qml["qml"]\n    node_venv_lib_python3_12_site-packages_PyQt6_Qt6_qml --> node_venv_lib_python3_12_site-packages_PyQt6_Qt6_qml_QtQuick["QtQuick"]\n    node_venv_lib_python3_12_site-packages_PyQt6_Qt6_qml_QtQuick --> node_venv_lib_python3_12_site-packages_PyQt6_Qt6_qml_QtQuick_Controls["Controls"]\n    node_venv_lib_python3_12_site-packages_PyQt6_Qt6_qml_QtQuick_Controls --> node_venv_lib_python3_12_site-packages_PyQt6_Qt6_qml_QtQuick_Controls_FluentWinUI3["FluentWinUI3"]\n    node_venv_lib_python3_12_site-packages_PyQt6_Qt6_qml_QtQuick_Controls_FluentWinUI3 --> node_venv_lib_python3_12_site-packages_PyQt6_Qt6_qml_QtQuick_Controls_FluentWinUI3_dark["dark"]\n    node_venv_lib_python3_12_site-packages_PyQt6_Qt6_qml_QtQuick_Controls_FluentWinUI3_dark --> node_venv_lib_python3_12_site-packages_PyQt6_Qt6_qml_QtQuick_Controls_FluentWinUI3_dark_images["images"]\n    node_venv_lib_python3_12_site-packages_PyQt6_Qt6_qml_QtQuick_Controls_FluentWinUI3_dark_images --> node_venv_lib_python3_12_site-packages_PyQt6_Qt6_qml_QtQuick_Controls_FluentWinUI3_dark_images_editablecombobox-indicator-open-pressed@3x_png["editablecombobox-indicator-open-pressed@3x.png"]\n    Root --> node_venv["venv"]\n    node_venv --> node_venv_lib["lib"]\n    node_venv_lib --> node_venv_lib_python3_12["python3.12"]\n    node_venv_lib_python3_12 --> node_venv_lib_python3_12_site-packages["site-packages"]\n    node_venv_lib_python3_12_site-packages --> node_venv_lib_python3_12_site-packages_PyQt6["PyQt6"]\n    node_venv_lib_python3_12_site-packages_PyQt6 --> node_venv_lib_python3_12_site-packages_PyQt6_Qt6["Qt6"]\n    node_venv_lib_python3_12_site-packages_PyQt6_Qt6 --> node_venv_lib_python3_12_site-packages_PyQt6_Qt6_qml["qml"]\n    node_venv_lib_python3_12_site-packages_PyQt6_Qt6_qml --> node_venv_lib_python3_12_site-packages_PyQt6_Qt6_qml_QtQuick["QtQuick"]\n    node_venv_lib_python3_12_site-packages_PyQt6_Qt6_qml_QtQuick --> node_venv_lib_python3_12_site-packages_PyQt6_Qt6_qml_QtQuick_Controls["Controls"]\n    node_venv_lib_python3_12_site-packages_PyQt6_Qt6_qml_QtQuick_Controls --> node_venv_lib_python3_12_site-packages_PyQt6_Qt6_qml_QtQuick_Controls_FluentWinUI3["FluentWinUI3"]\n    node_venv_lib_python3_12_site-packages_PyQt6_Qt6_qml_QtQuick_Controls_FluentWinUI3 --> node_venv_lib_python3_12_site-packages_PyQt6_Qt6_qml_QtQuick_Controls_FluentWinUI3_dark["dark"]\n    node_venv_lib_python3_12_site-packages_PyQt6_Qt6_qml_QtQuick_Controls_FluentWinUI3_dark --> node_venv_lib_python3_12_site-packages_PyQt6_Qt6_qml_QtQuick_Controls_FluentWinUI3_dark_images["images"]\n    node_venv_lib_python3_12_site-packages_PyQt6_Qt6_qml_QtQuick_Controls_FluentWinUI3_dark_images --> node_venv_lib_python3_12_site-packages_PyQt6_Qt6_qml_QtQuick_Controls_FluentWinUI3_dark_images_editablecombobox-indicator-open_png["editablecombobox-indicator-open.png"]\n    Root --> node_venv["venv"]\n    node_venv --> node_venv_lib["lib"]\n    node_venv_lib --> node_venv_lib_python3_12["python3.12"]\n    node_venv_lib_python3_12 --> node_venv_lib_python3_12_site-packages["site-packages"]\n    node_venv_lib_python3_12_site-packages --> node_venv_lib_python3_12_site-packages_PyQt6["PyQt6"]\n    node_venv_lib_python3_12_site-packages_PyQt6 --> node_venv_lib_python3_12_site-packages_PyQt6_Qt6["Qt6"]\n    node_venv_lib_python3_12_site-packages_PyQt6_Qt6 --> node_venv_lib_python3_12_site-packages_PyQt6_Qt6_qml["qml"]\n    node_venv_lib_python3_12_site-packages_PyQt6_Qt6_qml --> node_venv_lib_python3_12_site-packages_PyQt6_Qt6_qml_QtQuick["QtQuick"]\n    node_venv_lib_python3_12_site-packages_PyQt6_Qt6_qml_QtQuick --> node_venv_lib_python3_12_site-packages_PyQt6_Qt6_qml_QtQuick_Controls["Controls"]\n    node_venv_lib_python3_12_site-packages_PyQt6_Qt6_qml_QtQuick_Controls --> node_venv_lib_python3_12_site-packages_PyQt6_Qt6_qml_QtQuick_Controls_FluentWinUI3["FluentWinUI3"]\n    node_venv_lib_python3_12_site-packages_PyQt6_Qt6_qml_QtQuick_Controls_FluentWinUI3 --> node_venv_lib_python3_12_site-packages_PyQt6_Qt6_qml_QtQuick_Controls_FluentWinUI3_dark["dark"]\n    node_venv_lib_python3_12_site-packages_PyQt6_Qt6_qml_QtQuick_Controls_FluentWinUI3_dark --> node_venv_lib_python3_12_site-packages_PyQt6_Qt6_qml_QtQuick_Controls_FluentWinUI3_dark_images["images"]\n    node_venv_lib_python3_12_site-packages_PyQt6_Qt6_qml_QtQuick_Controls_FluentWinUI3_dark_images --> node_venv_lib_python3_12_site-packages_PyQt6_Qt6_qml_QtQuick_Controls_FluentWinUI3_dark_images_editablecombobox-indicator-open@2x_png["editablecombobox-indicator-open@2x.png"]\n    Root --> node_venv["venv"]\n    node_venv --> node_venv_lib["lib"]\n    node_venv_lib --> node_venv_lib_python3_12["python3.12"]\n    node_venv_lib_python3_12 --> node_venv_lib_python3_12_site-packages["site-packages"]\n    node_venv_lib_python3_12_site-packages --> node_venv_lib_python3_12_site-packages_PyQt6["PyQt6"]\n    node_venv_lib_python3_12_site-packages_PyQt6 --> node_venv_lib_python3_12_site-packages_PyQt6_Qt6["Qt6"]\n    node_venv_lib_python3_12_site-packages_PyQt6_Qt6 --> node_venv_lib_python3_12_site-packages_PyQt6_Qt6_qml["qml"]\n    node_venv_lib_python3_12_site-packages_PyQt6_Qt6_qml --> node_venv_lib_python3_12_site-packages_PyQt6_Qt6_qml_QtQuick["QtQuick"]\n    node_venv_lib_python3_12_site-packages_PyQt6_Qt6_qml_QtQuick --> node_venv_lib_python3_12_site-packages_PyQt6_Qt6_qml_QtQuick_Controls["Controls"]\n    node_venv_lib_python3_12_site-packages_PyQt6_Qt6_qml_QtQuick_Controls --> node_venv_lib_python3_12_site-packages_PyQt6_Qt6_qml_QtQuick_Controls_FluentWinUI3["FluentWinUI3"]\n    node_venv_lib_python3_12_site-packages_PyQt6_Qt6_qml_QtQuick_Controls_FluentWinUI3 --> node_venv_lib_python3_12_site-packages_PyQt6_Qt6_qml_QtQuick_Controls_FluentWinUI3_dark["dark"]\n    node_venv_lib_python3_12_site-packages_PyQt6_Qt6_qml_QtQuick_Controls_FluentWinUI3_dark --> node_venv_lib_python3_12_site-packages_PyQt6_Qt6_qml_QtQuick_Controls_FluentWinUI3_dark_images["images"]\n    node_venv_lib_python3_12_site-packages_PyQt6_Qt6_qml_QtQuick_Controls_FluentWinUI3_dark_images --> node_venv_lib_python3_12_site-packages_PyQt6_Qt6_qml_QtQuick_Controls_FluentWinUI3_dark_images_editablecombobox-indicator-open@3x_png["editablecombobox-indicator-open@3x.png"]\n    Root --> node_venv["venv"]\n    node_venv --> node_venv_lib["lib"]\n    node_venv_lib --> node_venv_lib_python3_12["python3.12"]\n    node_venv_lib_python3_12 --> node_venv_lib_python3_12_site-packages["site-packages"]\n    node_venv_lib_python3_12_site-packages --> node_venv_lib_python3_12_site-packages_PyQt6["PyQt6"]\n    node_venv_lib_python3_12_site-packages_PyQt6 --> node_venv_lib_python3_12_site-packages_PyQt6_Qt6["Qt6"]\n    node_venv_lib_python3_12_site-packages_PyQt6_Qt6 --> node_venv_lib_python3_12_site-packages_PyQt6_Qt6_qml["qml"]\n    node_venv_lib_python3_12_site-packages_PyQt6_Qt6_qml --> node_venv_lib_python3_12_site-packages_PyQt6_Qt6_qml_QtQuick["QtQuick"]\n    node_venv_lib_python3_12_site-packages_PyQt6_Qt6_qml_QtQuick --> node_venv_lib_python3_12_site-packages_PyQt6_Qt6_qml_QtQuick_Controls["Controls"]\n    node_venv_lib_python3_12_site-packages_PyQt6_Qt6_qml_QtQuick_Controls --> node_venv_lib_python3_12_site-packages_PyQt6_Qt6_qml_QtQuick_Controls_FluentWinUI3["FluentWinUI3"]\n    node_venv_lib_python3_12_site-packages_PyQt6_Qt6_qml_QtQuick_Controls_FluentWinUI3 --> node_venv_lib_python3_12_site-packages_PyQt6_Qt6_qml_QtQuick_Controls_FluentWinUI3_dark["dark"]\n    node_venv_lib_python3_12_site-packages_PyQt6_Qt6_qml_QtQuick_Controls_FluentWinUI3_dark --> node_venv_lib_python3_12_site-packages_PyQt6_Qt6_qml_QtQuick_Controls_FluentWinUI3_dark_images["images"]\n    node_venv_lib_python3_12_site-packages_PyQt6_Qt6_qml_QtQuick_Controls_FluentWinUI3_dark_images --> node_venv_lib_python3_12_site-packages_PyQt6_Qt6_qml_QtQuick_Controls_FluentWinUI3_dark_images_editablecombobox-popup-background-hovered-open_png["editablecombobox-popup-background-hovered-open.png"]\n    Root --> node_venv["venv"]\n    node_venv --> node_venv_lib["lib"]\n    node_venv_lib --> node_venv_lib_python3_12["python3.12"]\n    node_venv_lib_python3_12 --> node_venv_lib_python3_12_site-packages["site-packages"]\n    node_venv_lib_python3_12_site-packages --> node_venv_lib_python3_12_site-packages_PyQt6["PyQt6"]\n    node_venv_lib_python3_12_site-packages_PyQt6 --> node_venv_lib_python3_12_site-packages_PyQt6_Qt6["Qt6"]\n    node_venv_lib_python3_12_site-packages_PyQt6_Qt6 --> node_venv_lib_python3_12_site-packages_PyQt6_Qt6_qml["qml"]\n    node_venv_lib_python3_12_site-packages_PyQt6_Qt6_qml --> node_venv_lib_python3_12_site-packages_PyQt6_Qt6_qml_QtQuick["QtQuick"]\n    node_venv_lib_python3_12_site-packages_PyQt6_Qt6_qml_QtQuick --> node_venv_lib_python3_12_site-packages_PyQt6_Qt6_qml_QtQuick_Controls["Controls"]\n    node_venv_lib_python3_12_site-packages_PyQt6_Qt6_qml_QtQuick_Controls --> node_venv_lib_python3_12_site-packages_PyQt6_Qt6_qml_QtQuick_Controls_FluentWinUI3["FluentWinUI3"]\n    node_venv_lib_python3_12_site-packages_PyQt6_Qt6_qml_QtQuick_Controls_FluentWinUI3 --> node_venv_lib_python3_12_site-packages_PyQt6_Qt6_qml_QtQuick_Controls_FluentWinUI3_dark["dark"]\n    node_venv_lib_python3_12_site-packages_PyQt6_Qt6_qml_QtQuick_Controls_FluentWinUI3_dark --> node_venv_lib_python3_12_site-packages_PyQt6_Qt6_qml_QtQuick_Controls_FluentWinUI3_dark_images["images"]\n    node_venv_lib_python3_12_site-packages_PyQt6_Qt6_qml_QtQuick_Controls_FluentWinUI3_dark_images --> node_venv_lib_python3_12_site-packages_PyQt6_Qt6_qml_QtQuick_Controls_FluentWinUI3_dark_images_editablecombobox-popup-background-hovered-open@2x_png["editablecombobox-popup-background-hovered-open@2x.png"]\n    Root --> node_venv["venv"]\n    node_venv --> node_venv_lib["lib"]\n    node_venv_lib --> node_venv_lib_python3_12["python3.12"]\n    node_venv_lib_python3_12 --> node_venv_lib_python3_12_site-packages["site-packages"]\n    node_venv_lib_python3_12_site-packages --> node_venv_lib_python3_12_site-packages_PyQt6["PyQt6"]\n    node_venv_lib_python3_12_site-packages_PyQt6 --> node_venv_lib_python3_12_site-packages_PyQt6_Qt6["Qt6"]\n    node_venv_lib_python3_12_site-packages_PyQt6_Qt6 --> node_venv_lib_python3_12_site-packages_PyQt6_Qt6_qml["qml"]\n    node_venv_lib_python3_12_site-packages_PyQt6_Qt6_qml --> node_venv_lib_python3_12_site-packages_PyQt6_Qt6_qml_QtQuick["QtQuick"]\n    node_venv_lib_python3_12_site-packages_PyQt6_Qt6_qml_QtQuick --> node_venv_lib_python3_12_site-packages_PyQt6_Qt6_qml_QtQuick_Controls["Controls"]\n    node_venv_lib_python3_12_site-packages_PyQt6_Qt6_qml_QtQuick_Controls --> node_venv_lib_python3_12_site-packages_PyQt6_Qt6_qml_QtQuick_Controls_FluentWinUI3["FluentWinUI3"]\n    node_venv_lib_python3_12_site-packages_PyQt6_Qt6_qml_QtQuick_Controls_FluentWinUI3 --> node_venv_lib_python3_12_site-packages_PyQt6_Qt6_qml_QtQuick_Controls_FluentWinUI3_dark["dark"]\n    node_venv_lib_python3_12_site-packages_PyQt6_Qt6_qml_QtQuick_Controls_FluentWinUI3_dark --> node_venv_lib_python3_12_site-packages_PyQt6_Qt6_qml_QtQuick_Controls_FluentWinUI3_dark_images["images"]\n    node_venv_lib_python3_12_site-packages_PyQt6_Qt6_qml_QtQuick_Controls_FluentWinUI3_dark_images --> node_venv_lib_python3_12_site-packages_PyQt6_Qt6_qml_QtQuick_Controls_FluentWinUI3_dark_images_editablecombobox-popup-background-hovered-open@3x_png["editablecombobox-popup-background-hovered-open@3x.png"]\n    Root --> node_venv["venv"]\n    node_venv --> node_venv_lib["lib"]\n    node_venv_lib --> node_venv_lib_python3_12["python3.12"]\n    node_venv_lib_python3_12 --> node_venv_lib_python3_12_site-packages["site-packages"]\n    node_venv_lib_python3_12_site-packages --> node_venv_lib_python3_12_site-packages_PyQt6["PyQt6"]\n    node_venv_lib_python3_12_site-packages_PyQt6 --> node_venv_lib_python3_12_site-packages_PyQt6_Qt6["Qt6"]\n    node_venv_lib_python3_12_site-packages_PyQt6_Qt6 --> node_venv_lib_python3_12_site-packages_PyQt6_Qt6_qml["qml"]\n    node_venv_lib_python3_12_site-packages_PyQt6_Qt6_qml --> node_venv_lib_python3_12_site-packages_PyQt6_Qt6_qml_QtQuick["QtQuick"]\n    node_venv_lib_python3_12_site-packages_PyQt6_Qt6_qml_QtQuick --> node_venv_lib_python3_12_site-packages_PyQt6_Qt6_qml_QtQuick_Controls["Controls"]\n    node_venv_lib_python3_12_site-packages_PyQt6_Qt6_qml_QtQuick_Controls --> node_venv_lib_python3_12_site-packages_PyQt6_Qt6_qml_QtQuick_Controls_FluentWinUI3["FluentWinUI3"]\n    node_venv_lib_python3_12_site-packages_PyQt6_Qt6_qml_QtQuick_Controls_FluentWinUI3 --> node_venv_lib_python3_12_site-packages_PyQt6_Qt6_qml_QtQuick_Controls_FluentWinUI3_dark["dark"]\n    node_venv_lib_python3_12_site-packages_PyQt6_Qt6_qml_QtQuick_Controls_FluentWinUI3_dark --> node_venv_lib_python3_12_site-packages_PyQt6_Qt6_qml_QtQuick_Controls_FluentWinUI3_dark_images["images"]\n    node_venv_lib_python3_12_site-packages_PyQt6_Qt6_qml_QtQuick_Controls_FluentWinUI3_dark_images --> node_venv_lib_python3_12_site-packages_PyQt6_Qt6_qml_QtQuick_Controls_FluentWinUI3_dark_images_editablecombobox-popup-background-open-pressed_png["editablecombobox-popup-background-open-pressed.png"]\n    Root --> node_venv["venv"]\n    node_venv --> node_venv_lib["lib"]\n    node_venv_lib --> node_venv_lib_python3_12["python3.12"]\n    node_venv_lib_python3_12 --> node_venv_lib_python3_12_site-packages["site-packages"]\n    node_venv_lib_python3_12_site-packages --> node_venv_lib_python3_12_site-packages_PyQt6["PyQt6"]\n    node_venv_lib_python3_12_site-packages_PyQt6 --> node_venv_lib_python3_12_site-packages_PyQt6_Qt6["Qt6"]\n    node_venv_lib_python3_12_site-packages_PyQt6_Qt6 --> node_venv_lib_python3_12_site-packages_PyQt6_Qt6_qml["qml"]\n    node_venv_lib_python3_12_site-packages_PyQt6_Qt6_qml --> node_venv_lib_python3_12_site-packages_PyQt6_Qt6_qml_QtQuick["QtQuick"]\n    node_venv_lib_python3_12_site-packages_PyQt6_Qt6_qml_QtQuick --> node_venv_lib_python3_12_site-packages_PyQt6_Qt6_qml_QtQuick_Controls["Controls"]\n    node_venv_lib_python3_12_site-packages_PyQt6_Qt6_qml_QtQuick_Controls --> node_venv_lib_python3_12_site-packages_PyQt6_Qt6_qml_QtQuick_Controls_FluentWinUI3["FluentWinUI3"]\n    node_venv_lib_python3_12_site-packages_PyQt6_Qt6_qml_QtQuick_Controls_FluentWinUI3 --> node_venv_lib_python3_12_site-packages_PyQt6_Qt6_qml_QtQuick_Controls_FluentWinUI3_dark["dark"]\n    node_venv_lib_python3_12_site-packages_PyQt6_Qt6_qml_QtQuick_Controls_FluentWinUI3_dark --> node_venv_lib_python3_12_site-packages_PyQt6_Qt6_qml_QtQuick_Controls_FluentWinUI3_dark_images["images"]\n    node_venv_lib_python3_12_site-packages_PyQt6_Qt6_qml_QtQuick_Controls_FluentWinUI3_dark_images --> node_venv_lib_python3_12_site-packages_PyQt6_Qt6_qml_QtQuick_Controls_FluentWinUI3_dark_images_editablecombobox-popup-background-open-pressed@2x_png["editablecombobox-popup-background-open-pressed@2x.png"]\n    Root --> node_venv["venv"]\n    node_venv --> node_venv_lib["lib"]\n    node_venv_lib --> node_venv_lib_python3_12["python3.12"]\n    node_venv_lib_python3_12 --> node_venv_lib_python3_12_site-packages["site-packages"]\n    node_venv_lib_python3_12_site-packages --> node_venv_lib_python3_12_site-packages_PyQt6["PyQt6"]\n    node_venv_lib_python3_12_site-packages_PyQt6 --> node_venv_lib_python3_12_site-packages_PyQt6_Qt6["Qt6"]\n    node_venv_lib_python3_12_site-packages_PyQt6_Qt6 --> node_venv_lib_python3_12_site-packages_PyQt6_Qt6_qml["qml"]\n    node_venv_lib_python3_12_site-packages_PyQt6_Qt6_qml --> node_venv_lib_python3_12_site-packages_PyQt6_Qt6_qml_QtQuick["QtQuick"]\n    node_venv_lib_python3_12_site-packages_PyQt6_Qt6_qml_QtQuick --> node_venv_lib_python3_12_site-packages_PyQt6_Qt6_qml_QtQuick_Controls["Controls"]\n    node_venv_lib_python3_12_site-packages_PyQt6_Qt6_qml_QtQuick_Controls --> node_venv_lib_python3_12_site-packages_PyQt6_Qt6_qml_QtQuick_Controls_FluentWinUI3["FluentWinUI3"]\n    node_venv_lib_python3_12_site-packages_PyQt6_Qt6_qml_QtQuick_Controls_FluentWinUI3 --> node_venv_lib_python3_12_site-packages_PyQt6_Qt6_qml_QtQuick_Controls_FluentWinUI3_dark["dark"]\n    node_venv_lib_python3_12_site-packages_PyQt6_Qt6_qml_QtQuick_Controls_FluentWinUI3_dark --> node_venv_lib_python3_12_site-packages_PyQt6_Qt6_qml_QtQuick_Controls_FluentWinUI3_dark_images["images"]\n    node_venv_lib_python3_12_site-packages_PyQt6_Qt6_qml_QtQuick_Controls_FluentWinUI3_dark_images --> node_venv_lib_python3_12_site-packages_PyQt6_Qt6_qml_QtQuick_Controls_FluentWinUI3_dark_images_editablecombobox-popup-background-open-pressed@3x_png["editablecombobox-popup-background-open-pressed@3x.png"]\n    Root --> node_venv["venv"]\n    node_venv --> node_venv_lib["lib"]\n    node_venv_lib --> node_venv_lib_python3_12["python3.12"]\n    node_venv_lib_python3_12 --> node_venv_lib_python3_12_site-packages["site-packages"]\n    node_venv_lib_python3_12_site-packages --> node_venv_lib_python3_12_site-packages_PyQt6["PyQt6"]\n    node_venv_lib_python3_12_site-packages_PyQt6 --> node_venv_lib_python3_12_site-packages_PyQt6_Qt6["Qt6"]\n    node_venv_lib_python3_12_site-packages_PyQt6_Qt6 --> node_venv_lib_python3_12_site-packages_PyQt6_Qt6_qml["qml"]\n    node_venv_lib_python3_12_site-packages_PyQt6_Qt6_qml --> node_venv_lib_python3_12_site-packages_PyQt6_Qt6_qml_QtQuick["QtQuick"]\n    node_venv_lib_python3_12_site-packages_PyQt6_Qt6_qml_QtQuick --> node_venv_lib_python3_12_site-packages_PyQt6_Qt6_qml_QtQuick_Controls["Controls"]\n    node_venv_lib_python3_12_site-packages_PyQt6_Qt6_qml_QtQuick_Controls --> node_venv_lib_python3_12_site-packages_PyQt6_Qt6_qml_QtQuick_Controls_FluentWinUI3["FluentWinUI3"]\n    node_venv_lib_python3_12_site-packages_PyQt6_Qt6_qml_QtQuick_Controls_FluentWinUI3 --> node_venv_lib_python3_12_site-packages_PyQt6_Qt6_qml_QtQuick_Controls_FluentWinUI3_dark["dark"]\n    node_venv_lib_python3_12_site-packages_PyQt6_Qt6_qml_QtQuick_Controls_FluentWinUI3_dark --> node_venv_lib_python3_12_site-packages_PyQt6_Qt6_qml_QtQuick_Controls_FluentWinUI3_dark_images["images"]\n    node_venv_lib_python3_12_site-packages_PyQt6_Qt6_qml_QtQuick_Controls_FluentWinUI3_dark_images --> node_venv_lib_python3_12_site-packages_PyQt6_Qt6_qml_QtQuick_Controls_FluentWinUI3_dark_images_editablecombobox-popup-background-open_png["editablecombobox-popup-background-open.png"]\n    Root --> node_venv["venv"]\n    node_venv --> node_venv_lib["lib"]\n    node_venv_lib --> node_venv_lib_python3_12["python3.12"]\n    node_venv_lib_python3_12 --> node_venv_lib_python3_12_site-packages["site-packages"]\n    node_venv_lib_python3_12_site-packages --> node_venv_lib_python3_12_site-packages_PyQt6["PyQt6"]\n    node_venv_lib_python3_12_site-packages_PyQt6 --> node_venv_lib_python3_12_site-packages_PyQt6_Qt6["Qt6"]\n    node_venv_lib_python3_12_site-packages_PyQt6_Qt6 --> node_venv_lib_python3_12_site-packages_PyQt6_Qt6_qml["qml"]\n    node_venv_lib_python3_12_site-packages_PyQt6_Qt6_qml --> node_venv_lib_python3_12_site-packages_PyQt6_Qt6_qml_QtQuick["QtQuick"]\n    node_venv_lib_python3_12_site-packages_PyQt6_Qt6_qml_QtQuick --> node_venv_lib_python3_12_site-packages_PyQt6_Qt6_qml_QtQuick_Controls["Controls"]\n    node_venv_lib_python3_12_site-packages_PyQt6_Qt6_qml_QtQuick_Controls --> node_venv_lib_python3_12_site-packages_PyQt6_Qt6_qml_QtQuick_Controls_FluentWinUI3["FluentWinUI3"]\n    node_venv_lib_python3_12_site-packages_PyQt6_Qt6_qml_QtQuick_Controls_FluentWinUI3 --> node_venv_lib_python3_12_site-packages_PyQt6_Qt6_qml_QtQuick_Controls_FluentWinUI3_dark["dark"]\n    node_venv_lib_python3_12_site-packages_PyQt6_Qt6_qml_QtQuick_Controls_FluentWinUI3_dark --> node_venv_lib_python3_12_site-packages_PyQt6_Qt6_qml_QtQuick_Controls_FluentWinUI3_dark_images["images"]\n    node_venv_lib_python3_12_site-packages_PyQt6_Qt6_qml_QtQuick_Controls_FluentWinUI3_dark_images --> node_venv_lib_python3_12_site-packages_PyQt6_Qt6_qml_QtQuick_Controls_FluentWinUI3_dark_images_editablecombobox-popup-background-open@2x_png["editablecombobox-popup-background-open@2x.png"]\n    Root --> node_venv["venv"]\n    node_venv --> node_venv_lib["lib"]\n    node_venv_lib --> node_venv_lib_python3_12["python3.12"]\n    node_venv_lib_python3_12 --> node_venv_lib_python3_12_site-packages["site-packages"]\n    node_venv_lib_python3_12_site-packages --> node_venv_lib_python3_12_site-packages_PyQt6["PyQt6"]\n    node_venv_lib_python3_12_site-packages_PyQt6 --> node_venv_lib_python3_12_site-packages_PyQt6_Qt6["Qt6"]\n    node_venv_lib_python3_12_site-packages_PyQt6_Qt6 --> node_venv_lib_python3_12_site-packages_PyQt6_Qt6_qml["qml"]\n    node_venv_lib_python3_12_site-packages_PyQt6_Qt6_qml --> node_venv_lib_python3_12_site-packages_PyQt6_Qt6_qml_QtQuick["QtQuick"]\n    node_venv_lib_python3_12_site-packages_PyQt6_Qt6_qml_QtQuick --> node_venv_lib_python3_12_site-packages_PyQt6_Qt6_qml_QtQuick_Controls["Controls"]\n    node_venv_lib_python3_12_site-packages_PyQt6_Qt6_qml_QtQuick_Controls --> node_venv_lib_python3_12_site-packages_PyQt6_Qt6_qml_QtQuick_Controls_FluentWinUI3["FluentWinUI3"]\n    node_venv_lib_python3_12_site-packages_PyQt6_Qt6_qml_QtQuick_Controls_FluentWinUI3 --> node_venv_lib_python3_12_site-packages_PyQt6_Qt6_qml_QtQuick_Controls_FluentWinUI3_dark["dark"]\n    node_venv_lib_python3_12_site-packages_PyQt6_Qt6_qml_QtQuick_Controls_FluentWinUI3_dark --> node_venv_lib_python3_12_site-packages_PyQt6_Qt6_qml_QtQuick_Controls_FluentWinUI3_dark_images["images"]\n    node_venv_lib_python3_12_site-packages_PyQt6_Qt6_qml_QtQuick_Controls_FluentWinUI3_dark_images --> node_venv_lib_python3_12_site-packages_PyQt6_Qt6_qml_QtQuick_Controls_FluentWinUI3_dark_images_editablecombobox-popup-background-open@3x_png["editablecombobox-popup-background-open@3x.png"]\n    Root --> node_venv["venv"]\n    node_venv --> node_venv_lib["lib"]\n    node_venv_lib --> node_venv_lib_python3_12["python3.12"]\n    node_venv_lib_python3_12 --> node_venv_lib_python3_12_site-packages["site-packages"]\n    node_venv_lib_python3_12_site-packages --> node_venv_lib_python3_12_site-packages_PyQt6["PyQt6"]\n    node_venv_lib_python3_12_site-packages_PyQt6 --> node_venv_lib_python3_12_site-packages_PyQt6_Qt6["Qt6"]\n    node_venv_lib_python3_12_site-packages_PyQt6_Qt6 --> node_venv_lib_python3_12_site-packages_PyQt6_Qt6_qml["qml"]\n    node_venv_lib_python3_12_site-packages_PyQt6_Qt6_qml --> node_venv_lib_python3_12_site-packages_PyQt6_Qt6_qml_QtQuick["QtQuick"]\n    node_venv_lib_python3_12_site-packages_PyQt6_Qt6_qml_QtQuick --> node_venv_lib_python3_12_site-packages_PyQt6_Qt6_qml_QtQuick_Controls["Controls"]\n    node_venv_lib_python3_12_site-packages_PyQt6_Qt6_qml_QtQuick_Controls --> node_venv_lib_python3_12_site-packages_PyQt6_Qt6_qml_QtQuick_Controls_FluentWinUI3["FluentWinUI3"]\n    node_venv_lib_python3_12_site-packages_PyQt6_Qt6_qml_QtQuick_Controls_FluentWinUI3 --> node_venv_lib_python3_12_site-packages_PyQt6_Qt6_qml_QtQuick_Controls_FluentWinUI3_dark["dark"]\n    node_venv_lib_python3_12_site-packages_PyQt6_Qt6_qml_QtQuick_Controls_FluentWinUI3_dark --> node_venv_lib_python3_12_site-packages_PyQt6_Qt6_qml_QtQuick_Controls_FluentWinUI3_dark_images["images"]\n    node_venv_lib_python3_12_site-packages_PyQt6_Qt6_qml_QtQuick_Controls_FluentWinUI3_dark_images --> node_venv_lib_python3_12_site-packages_PyQt6_Qt6_qml_QtQuick_Controls_FluentWinUI3_dark_images_frame-background-disabled_png["frame-background-disabled.png"]\n    Root --> node_venv["venv"]\n    node_venv --> node_venv_lib["lib"]\n    node_venv_lib --> node_venv_lib_python3_12["python3.12"]\n    node_venv_lib_python3_12 --> node_venv_lib_python3_12_site-packages["site-packages"]\n    node_venv_lib_python3_12_site-packages --> node_venv_lib_python3_12_site-packages_PyQt6["PyQt6"]\n    node_venv_lib_python3_12_site-packages_PyQt6 --> node_venv_lib_python3_12_site-packages_PyQt6_Qt6["Qt6"]\n    node_venv_lib_python3_12_site-packages_PyQt6_Qt6 --> node_venv_lib_python3_12_site-packages_PyQt6_Qt6_qml["qml"]\n    node_venv_lib_python3_12_site-packages_PyQt6_Qt6_qml --> node_venv_lib_python3_12_site-packages_PyQt6_Qt6_qml_QtQuick["QtQuick"]\n    node_venv_lib_python3_12_site-packages_PyQt6_Qt6_qml_QtQuick --> node_venv_lib_python3_12_site-packages_PyQt6_Qt6_qml_QtQuick_Controls["Controls"]\n    node_venv_lib_python3_12_site-packages_PyQt6_Qt6_qml_QtQuick_Controls --> node_venv_lib_python3_12_site-packages_PyQt6_Qt6_qml_QtQuick_Controls_FluentWinUI3["FluentWinUI3"]\n    node_venv_lib_python3_12_site-packages_PyQt6_Qt6_qml_QtQuick_Controls_FluentWinUI3 --> node_venv_lib_python3_12_site-packages_PyQt6_Qt6_qml_QtQuick_Controls_FluentWinUI3_dark["dark"]\n    node_venv_lib_python3_12_site-packages_PyQt6_Qt6_qml_QtQuick_Controls_FluentWinUI3_dark --> node_venv_lib_python3_12_site-packages_PyQt6_Qt6_qml_QtQuick_Controls_FluentWinUI3_dark_images["images"]\n    node_venv_lib_python3_12_site-packages_PyQt6_Qt6_qml_QtQuick_Controls_FluentWinUI3_dark_images --> node_venv_lib_python3_12_site-packages_PyQt6_Qt6_qml_QtQuick_Controls_FluentWinUI3_dark_images_frame-background-disabled@2x_png["frame-background-disabled@2x.png"]\n    Root --> node_venv["venv"]\n    node_venv --> node_venv_lib["lib"]\n    node_venv_lib --> node_venv_lib_python3_12["python3.12"]\n    node_venv_lib_python3_12 --> node_venv_lib_python3_12_site-packages["site-packages"]\n    node_venv_lib_python3_12_site-packages --> node_venv_lib_python3_12_site-packages_PyQt6["PyQt6"]\n    node_venv_lib_python3_12_site-packages_PyQt6 --> node_venv_lib_python3_12_site-packages_PyQt6_Qt6["Qt6"]\n    node_venv_lib_python3_12_site-packages_PyQt6_Qt6 --> node_venv_lib_python3_12_site-packages_PyQt6_Qt6_qml["qml"]\n    node_venv_lib_python3_12_site-packages_PyQt6_Qt6_qml --> node_venv_lib_python3_12_site-packages_PyQt6_Qt6_qml_QtQuick["QtQuick"]\n    node_venv_lib_python3_12_site-packages_PyQt6_Qt6_qml_QtQuick --> node_venv_lib_python3_12_site-packages_PyQt6_Qt6_qml_QtQuick_Controls["Controls"]\n    node_venv_lib_python3_12_site-packages_PyQt6_Qt6_qml_QtQuick_Controls --> node_venv_lib_python3_12_site-packages_PyQt6_Qt6_qml_QtQuick_Controls_FluentWinUI3["FluentWinUI3"]\n    node_venv_lib_python3_12_site-packages_PyQt6_Qt6_qml_QtQuick_Controls_FluentWinUI3 --> node_venv_lib_python3_12_site-packages_PyQt6_Qt6_qml_QtQuick_Controls_FluentWinUI3_dark["dark"]\n    node_venv_lib_python3_12_site-packages_PyQt6_Qt6_qml_QtQuick_Controls_FluentWinUI3_dark --> node_venv_lib_python3_12_site-packages_PyQt6_Qt6_qml_QtQuick_Controls_FluentWinUI3_dark_images["images"]\n    node_venv_lib_python3_12_site-packages_PyQt6_Qt6_qml_QtQuick_Controls_FluentWinUI3_dark_images --> node_venv_lib_python3_12_site-packages_PyQt6_Qt6_qml_QtQuick_Controls_FluentWinUI3_dark_images_frame-background-disabled@3x_png["frame-background-disabled@3x.png"]\n    Root --> node_venv["venv"]\n    node_venv --> node_venv_lib["lib"]\n    node_venv_lib --> node_venv_lib_python3_12["python3.12"]\n    node_venv_lib_python3_12 --> node_venv_lib_python3_12_site-packages["site-packages"]\n    node_venv_lib_python3_12_site-packages --> node_venv_lib_python3_12_site-packages_PyQt6["PyQt6"]\n    node_venv_lib_python3_12_site-packages_PyQt6 --> node_venv_lib_python3_12_site-packages_PyQt6_Qt6["Qt6"]\n    node_venv_lib_python3_12_site-packages_PyQt6_Qt6 --> node_venv_lib_python3_12_site-packages_PyQt6_Qt6_qml["qml"]\n    node_venv_lib_python3_12_site-packages_PyQt6_Qt6_qml --> node_venv_lib_python3_12_site-packages_PyQt6_Qt6_qml_QtQuick["QtQuick"]\n    node_venv_lib_python3_12_site-packages_PyQt6_Qt6_qml_QtQuick --> node_venv_lib_python3_12_site-packages_PyQt6_Qt6_qml_QtQuick_Controls["Controls"]\n    node_venv_lib_python3_12_site-packages_PyQt6_Qt6_qml_QtQuick_Controls --> node_venv_lib_python3_12_site-packages_PyQt6_Qt6_qml_QtQuick_Controls_FluentWinUI3["FluentWinUI3"]\n    node_venv_lib_python3_12_site-packages_PyQt6_Qt6_qml_QtQuick_Controls_FluentWinUI3 --> node_venv_lib_python3_12_site-packages_PyQt6_Qt6_qml_QtQuick_Controls_FluentWinUI3_dark["dark"]\n    node_venv_lib_python3_12_site-packages_PyQt6_Qt6_qml_QtQuick_Controls_FluentWinUI3_dark --> node_venv_lib_python3_12_site-packages_PyQt6_Qt6_qml_QtQuick_Controls_FluentWinUI3_dark_images["images"]\n    node_venv_lib_python3_12_site-packages_PyQt6_Qt6_qml_QtQuick_Controls_FluentWinUI3_dark_images --> node_venv_lib_python3_12_site-packages_PyQt6_Qt6_qml_QtQuick_Controls_FluentWinUI3_dark_images_frame-background_png["frame-background.png"]\n    Root --> node_venv["venv"]\n    node_venv --> node_venv_lib["lib"]\n    node_venv_lib --> node_venv_lib_python3_12["python3.12"]\n    node_venv_lib_python3_12 --> node_venv_lib_python3_12_site-packages["site-packages"]\n    node_venv_lib_python3_12_site-packages --> node_venv_lib_python3_12_site-packages_PyQt6["PyQt6"]\n    node_venv_lib_python3_12_site-packages_PyQt6 --> node_venv_lib_python3_12_site-packages_PyQt6_Qt6["Qt6"]\n    node_venv_lib_python3_12_site-packages_PyQt6_Qt6 --> node_venv_lib_python3_12_site-packages_PyQt6_Qt6_qml["qml"]\n    node_venv_lib_python3_12_site-packages_PyQt6_Qt6_qml --> node_venv_lib_python3_12_site-packages_PyQt6_Qt6_qml_QtQuick["QtQuick"]\n    node_venv_lib_python3_12_site-packages_PyQt6_Qt6_qml_QtQuick --> node_venv_lib_python3_12_site-packages_PyQt6_Qt6_qml_QtQuick_Controls["Controls"]\n    node_venv_lib_python3_12_site-packages_PyQt6_Qt6_qml_QtQuick_Controls --> node_venv_lib_python3_12_site-packages_PyQt6_Qt6_qml_QtQuick_Controls_FluentWinUI3["FluentWinUI3"]\n    node_venv_lib_python3_12_site-packages_PyQt6_Qt6_qml_QtQuick_Controls_FluentWinUI3 --> node_venv_lib_python3_12_site-packages_PyQt6_Qt6_qml_QtQuick_Controls_FluentWinUI3_dark["dark"]\n    node_venv_lib_python3_12_site-packages_PyQt6_Qt6_qml_QtQuick_Controls_FluentWinUI3_dark --> node_venv_lib_python3_12_site-packages_PyQt6_Qt6_qml_QtQuick_Controls_FluentWinUI3_dark_images["images"]\n    node_venv_lib_python3_12_site-packages_PyQt6_Qt6_qml_QtQuick_Controls_FluentWinUI3_dark_images --> node_venv_lib_python3_12_site-packages_PyQt6_Qt6_qml_QtQuick_Controls_FluentWinUI3_dark_images_frame-background@2x_png["frame-background@2x.png"]\n    Root --> node_venv["venv"]\n    node_venv --> node_venv_lib["lib"]\n    node_venv_lib --> node_venv_lib_python3_12["python3.12"]\n    node_venv_lib_python3_12 --> node_venv_lib_python3_12_site-packages["site-packages"]\n    node_venv_lib_python3_12_site-packages --> node_venv_lib_python3_12_site-packages_PyQt6["PyQt6"]\n    node_venv_lib_python3_12_site-packages_PyQt6 --> node_venv_lib_python3_12_site-packages_PyQt6_Qt6["Qt6"]\n    node_venv_lib_python3_12_site-packages_PyQt6_Qt6 --> node_venv_lib_python3_12_site-packages_PyQt6_Qt6_qml["qml"]\n    node_venv_lib_python3_12_site-packages_PyQt6_Qt6_qml --> node_venv_lib_python3_12_site-packages_PyQt6_Qt6_qml_QtQuick["QtQuick"]\n    node_venv_lib_python3_12_site-packages_PyQt6_Qt6_qml_QtQuick --> node_venv_lib_python3_12_site-packages_PyQt6_Qt6_qml_QtQuick_Controls["Controls"]\n    node_venv_lib_python3_12_site-packages_PyQt6_Qt6_qml_QtQuick_Controls --> node_venv_lib_python3_12_site-packages_PyQt6_Qt6_qml_QtQuick_Controls_FluentWinUI3["FluentWinUI3"]\n    node_venv_lib_python3_12_site-packages_PyQt6_Qt6_qml_QtQuick_Controls_FluentWinUI3 --> node_venv_lib_python3_12_site-packages_PyQt6_Qt6_qml_QtQuick_Controls_FluentWinUI3_dark["dark"]\n    node_venv_lib_python3_12_site-packages_PyQt6_Qt6_qml_QtQuick_Controls_FluentWinUI3_dark --> node_venv_lib_python3_12_site-packages_PyQt6_Qt6_qml_QtQuick_Controls_FluentWinUI3_dark_images["images"]\n    node_venv_lib_python3_12_site-packages_PyQt6_Qt6_qml_QtQuick_Controls_FluentWinUI3_dark_images --> node_venv_lib_python3_12_site-packages_PyQt6_Qt6_qml_QtQuick_Controls_FluentWinUI3_dark_images_frame-background@3x_png["frame-background@3x.png"]\n    Root --> node_venv["venv"]\n    node_venv --> node_venv_lib["lib"]\n    node_venv_lib --> node_venv_lib_python3_12["python3.12"]\n    node_venv_lib_python3_12 --> node_venv_lib_python3_12_site-packages["site-packages"]\n    node_venv_lib_python3_12_site-packages --> node_venv_lib_python3_12_site-packages_PyQt6["PyQt6"]\n    node_venv_lib_python3_12_site-packages_PyQt6 --> node_venv_lib_python3_12_site-packages_PyQt6_Qt6["Qt6"]\n    node_venv_lib_python3_12_site-packages_PyQt6_Qt6 --> node_venv_lib_python3_12_site-packages_PyQt6_Qt6_qml["qml"]\n    node_venv_lib_python3_12_site-packages_PyQt6_Qt6_qml --> node_venv_lib_python3_12_site-packages_PyQt6_Qt6_qml_QtQuick["QtQuick"]\n    node_venv_lib_python3_12_site-packages_PyQt6_Qt6_qml_QtQuick --> node_venv_lib_python3_12_site-packages_PyQt6_Qt6_qml_QtQuick_Controls["Controls"]\n    node_venv_lib_python3_12_site-packages_PyQt6_Qt6_qml_QtQuick_Controls --> node_venv_lib_python3_12_site-packages_PyQt6_Qt6_qml_QtQuick_Controls_FluentWinUI3["FluentWinUI3"]\n    node_venv_lib_python3_12_site-packages_PyQt6_Qt6_qml_QtQuick_Controls_FluentWinUI3 --> node_venv_lib_python3_12_site-packages_PyQt6_Qt6_qml_QtQuick_Controls_FluentWinUI3_dark["dark"]\n    node_venv_lib_python3_12_site-packages_PyQt6_Qt6_qml_QtQuick_Controls_FluentWinUI3_dark --> node_venv_lib_python3_12_site-packages_PyQt6_Qt6_qml_QtQuick_Controls_FluentWinUI3_dark_images["images"]\n    node_venv_lib_python3_12_site-packages_PyQt6_Qt6_qml_QtQuick_Controls_FluentWinUI3_dark_images --> node_venv_lib_python3_12_site-packages_PyQt6_Qt6_qml_QtQuick_Controls_FluentWinUI3_dark_images_itemdelegate-background-highlighted-hovered_png["itemdelegate-background-highlighted-hovered.png"]\n    Root --> node_venv["venv"]\n    node_venv --> node_venv_lib["lib"]\n    node_venv_lib --> node_venv_lib_python3_12["python3.12"]\n    node_venv_lib_python3_12 --> node_venv_lib_python3_12_site-packages["site-packages"]\n    node_venv_lib_python3_12_site-packages --> node_venv_lib_python3_12_site-packages_PyQt6["PyQt6"]\n    node_venv_lib_python3_12_site-packages_PyQt6 --> node_venv_lib_python3_12_site-packages_PyQt6_Qt6["Qt6"]\n    node_venv_lib_python3_12_site-packages_PyQt6_Qt6 --> node_venv_lib_python3_12_site-packages_PyQt6_Qt6_qml["qml"]\n    node_venv_lib_python3_12_site-packages_PyQt6_Qt6_qml --> node_venv_lib_python3_12_site-packages_PyQt6_Qt6_qml_QtQuick["QtQuick"]\n    node_venv_lib_python3_12_site-packages_PyQt6_Qt6_qml_QtQuick --> node_venv_lib_python3_12_site-packages_PyQt6_Qt6_qml_QtQuick_Controls["Controls"]\n    node_venv_lib_python3_12_site-packages_PyQt6_Qt6_qml_QtQuick_Controls --> node_venv_lib_python3_12_site-packages_PyQt6_Qt6_qml_QtQuick_Controls_FluentWinUI3["FluentWinUI3"]\n    node_venv_lib_python3_12_site-packages_PyQt6_Qt6_qml_QtQuick_Controls_FluentWinUI3 --> node_venv_lib_python3_12_site-packages_PyQt6_Qt6_qml_QtQuick_Controls_FluentWinUI3_dark["dark"]\n    node_venv_lib_python3_12_site-packages_PyQt6_Qt6_qml_QtQuick_Controls_FluentWinUI3_dark --> node_venv_lib_python3_12_site-packages_PyQt6_Qt6_qml_QtQuick_Controls_FluentWinUI3_dark_images["images"]\n    node_venv_lib_python3_12_site-packages_PyQt6_Qt6_qml_QtQuick_Controls_FluentWinUI3_dark_images --> node_venv_lib_python3_12_site-packages_PyQt6_Qt6_qml_QtQuick_Controls_FluentWinUI3_dark_images_itemdelegate-background-highlighted-hovered@2x_png["itemdelegate-background-highlighted-hovered@2x.png"]\n    Root --> node_venv["venv"]\n    node_venv --> node_venv_lib["lib"]\n    node_venv_lib --> node_venv_lib_python3_12["python3.12"]\n    node_venv_lib_python3_12 --> node_venv_lib_python3_12_site-packages["site-packages"]\n    node_venv_lib_python3_12_site-packages --> node_venv_lib_python3_12_site-packages_PyQt6["PyQt6"]\n    node_venv_lib_python3_12_site-packages_PyQt6 --> node_venv_lib_python3_12_site-packages_PyQt6_Qt6["Qt6"]\n    node_venv_lib_python3_12_site-packages_PyQt6_Qt6 --> node_venv_lib_python3_12_site-packages_PyQt6_Qt6_qml["qml"]\n    node_venv_lib_python3_12_site-packages_PyQt6_Qt6_qml --> node_venv_lib_python3_12_site-packages_PyQt6_Qt6_qml_QtQuick["QtQuick"]\n    node_venv_lib_python3_12_site-packages_PyQt6_Qt6_qml_QtQuick --> node_venv_lib_python3_12_site-packages_PyQt6_Qt6_qml_QtQuick_Controls["Controls"]\n    node_venv_lib_python3_12_site-packages_PyQt6_Qt6_qml_QtQuick_Controls --> node_venv_lib_python3_12_site-packages_PyQt6_Qt6_qml_QtQuick_Controls_FluentWinUI3["FluentWinUI3"]\n    node_venv_lib_python3_12_site-packages_PyQt6_Qt6_qml_QtQuick_Controls_FluentWinUI3 --> node_venv_lib_python3_12_site-packages_PyQt6_Qt6_qml_QtQuick_Controls_FluentWinUI3_dark["dark"]\n    node_venv_lib_python3_12_site-packages_PyQt6_Qt6_qml_QtQuick_Controls_FluentWinUI3_dark --> node_venv_lib_python3_12_site-packages_PyQt6_Qt6_qml_QtQuick_Controls_FluentWinUI3_dark_images["images"]\n    node_venv_lib_python3_12_site-packages_PyQt6_Qt6_qml_QtQuick_Controls_FluentWinUI3_dark_images --> node_venv_lib_python3_12_site-packages_PyQt6_Qt6_qml_QtQuick_Controls_FluentWinUI3_dark_images_itemdelegate-background-highlighted-hovered@3x_png["itemdelegate-background-highlighted-hovered@3x.png"]\n    Root --> node_venv["venv"]\n    node_venv --> node_venv_lib["lib"]\n    node_venv_lib --> node_venv_lib_python3_12["python3.12"]\n    node_venv_lib_python3_12 --> node_venv_lib_python3_12_site-packages["site-packages"]\n    node_venv_lib_python3_12_site-packages --> node_venv_lib_python3_12_site-packages_PyQt6["PyQt6"]\n    node_venv_lib_python3_12_site-packages_PyQt6 --> node_venv_lib_python3_12_site-packages_PyQt6_Qt6["Qt6"]\n    node_venv_lib_python3_12_site-packages_PyQt6_Qt6 --> node_venv_lib_python3_12_site-packages_PyQt6_Qt6_qml["qml"]\n    node_venv_lib_python3_12_site-packages_PyQt6_Qt6_qml --> node_venv_lib_python3_12_site-packages_PyQt6_Qt6_qml_QtQuick["QtQuick"]\n    node_venv_lib_python3_12_site-packages_PyQt6_Qt6_qml_QtQuick --> node_venv_lib_python3_12_site-packages_PyQt6_Qt6_qml_QtQuick_Controls["Controls"]\n    node_venv_lib_python3_12_site-packages_PyQt6_Qt6_qml_QtQuick_Controls --> node_venv_lib_python3_12_site-packages_PyQt6_Qt6_qml_QtQuick_Controls_FluentWinUI3["FluentWinUI3"]\n    node_venv_lib_python3_12_site-packages_PyQt6_Qt6_qml_QtQuick_Controls_FluentWinUI3 --> node_venv_lib_python3_12_site-packages_PyQt6_Qt6_qml_QtQuick_Controls_FluentWinUI3_dark["dark"]\n    node_venv_lib_python3_12_site-packages_PyQt6_Qt6_qml_QtQuick_Controls_FluentWinUI3_dark --> node_venv_lib_python3_12_site-packages_PyQt6_Qt6_qml_QtQuick_Controls_FluentWinUI3_dark_images["images"]\n    node_venv_lib_python3_12_site-packages_PyQt6_Qt6_qml_QtQuick_Controls_FluentWinUI3_dark_images --> node_venv_lib_python3_12_site-packages_PyQt6_Qt6_qml_QtQuick_Controls_FluentWinUI3_dark_images_itemdelegate-background-highlighted-pressed_png["itemdelegate-background-highlighted-pressed.png"]\n    Root --> node_venv["venv"]\n    node_venv --> node_venv_lib["lib"]\n    node_venv_lib --> node_venv_lib_python3_12["python3.12"]\n    node_venv_lib_python3_12 --> node_venv_lib_python3_12_site-packages["site-packages"]\n    node_venv_lib_python3_12_site-packages --> node_venv_lib_python3_12_site-packages_PyQt6["PyQt6"]\n    node_venv_lib_python3_12_site-packages_PyQt6 --> node_venv_lib_python3_12_site-packages_PyQt6_Qt6["Qt6"]\n    node_venv_lib_python3_12_site-packages_PyQt6_Qt6 --> node_venv_lib_python3_12_site-packages_PyQt6_Qt6_qml["qml"]\n    node_venv_lib_python3_12_site-packages_PyQt6_Qt6_qml --> node_venv_lib_python3_12_site-packages_PyQt6_Qt6_qml_QtQuick["QtQuick"]\n    node_venv_lib_python3_12_site-packages_PyQt6_Qt6_qml_QtQuick --> node_venv_lib_python3_12_site-packages_PyQt6_Qt6_qml_QtQuick_Controls["Controls"]\n    node_venv_lib_python3_12_site-packages_PyQt6_Qt6_qml_QtQuick_Controls --> node_venv_lib_python3_12_site-packages_PyQt6_Qt6_qml_QtQuick_Controls_FluentWinUI3["FluentWinUI3"]\n    node_venv_lib_python3_12_site-packages_PyQt6_Qt6_qml_QtQuick_Controls_FluentWinUI3 --> node_venv_lib_python3_12_site-packages_PyQt6_Qt6_qml_QtQuick_Controls_FluentWinUI3_dark["dark"]\n    node_venv_lib_python3_12_site-packages_PyQt6_Qt6_qml_QtQuick_Controls_FluentWinUI3_dark --> node_venv_lib_python3_12_site-packages_PyQt6_Qt6_qml_QtQuick_Controls_FluentWinUI3_dark_images["images"]\n    node_venv_lib_python3_12_site-packages_PyQt6_Qt6_qml_QtQuick_Controls_FluentWinUI3_dark_images --> node_venv_lib_python3_12_site-packages_PyQt6_Qt6_qml_QtQuick_Controls_FluentWinUI3_dark_images_itemdelegate-background-highlighted-pressed@2x_png["itemdelegate-background-highlighted-pressed@2x.png"]\n    Root --> node_venv["venv"]\n    node_venv --> node_venv_lib["lib"]\n    node_venv_lib --> node_venv_lib_python3_12["python3.12"]\n    node_venv_lib_python3_12 --> node_venv_lib_python3_12_site-packages["site-packages"]\n    node_venv_lib_python3_12_site-packages --> node_venv_lib_python3_12_site-packages_PyQt6["PyQt6"]\n    node_venv_lib_python3_12_site-packages_PyQt6 --> node_venv_lib_python3_12_site-packages_PyQt6_Qt6["Qt6"]\n    node_venv_lib_python3_12_site-packages_PyQt6_Qt6 --> node_venv_lib_python3_12_site-packages_PyQt6_Qt6_qml["qml"]\n    node_venv_lib_python3_12_site-packages_PyQt6_Qt6_qml --> node_venv_lib_python3_12_site-packages_PyQt6_Qt6_qml_QtQuick["QtQuick"]\n    node_venv_lib_python3_12_site-packages_PyQt6_Qt6_qml_QtQuick --> node_venv_lib_python3_12_site-packages_PyQt6_Qt6_qml_QtQuick_Controls["Controls"]\n    node_venv_lib_python3_12_site-packages_PyQt6_Qt6_qml_QtQuick_Controls --> node_venv_lib_python3_12_site-packages_PyQt6_Qt6_qml_QtQuick_Controls_FluentWinUI3["FluentWinUI3"]\n    node_venv_lib_python3_12_site-packages_PyQt6_Qt6_qml_QtQuick_Controls_FluentWinUI3 --> node_venv_lib_python3_12_site-packages_PyQt6_Qt6_qml_QtQuick_Controls_FluentWinUI3_dark["dark"]\n    node_venv_lib_python3_12_site-packages_PyQt6_Qt6_qml_QtQuick_Controls_FluentWinUI3_dark --> node_venv_lib_python3_12_site-packages_PyQt6_Qt6_qml_QtQuick_Controls_FluentWinUI3_dark_images["images"]\n    node_venv_lib_python3_12_site-packages_PyQt6_Qt6_qml_QtQuick_Controls_FluentWinUI3_dark_images --> node_venv_lib_python3_12_site-packages_PyQt6_Qt6_qml_QtQuick_Controls_FluentWinUI3_dark_images_itemdelegate-background-highlighted-pressed@3x_png["itemdelegate-background-highlighted-pressed@3x.png"]\n    Root --> node_venv["venv"]\n    node_venv --> node_venv_lib["lib"]\n    node_venv_lib --> node_venv_lib_python3_12["python3.12"]\n    node_venv_lib_python3_12 --> node_venv_lib_python3_12_site-packages["site-packages"]\n    node_venv_lib_python3_12_site-packages --> node_venv_lib_python3_12_site-packages_PyQt6["PyQt6"]\n    node_venv_lib_python3_12_site-packages_PyQt6 --> node_venv_lib_python3_12_site-packages_PyQt6_Qt6["Qt6"]\n    node_venv_lib_python3_12_site-packages_PyQt6_Qt6 --> node_venv_lib_python3_12_site-packages_PyQt6_Qt6_qml["qml"]\n    node_venv_lib_python3_12_site-packages_PyQt6_Qt6_qml --> node_venv_lib_python3_12_site-packages_PyQt6_Qt6_qml_QtQuick["QtQuick"]\n    node_venv_lib_python3_12_site-packages_PyQt6_Qt6_qml_QtQuick --> node_venv_lib_python3_12_site-packages_PyQt6_Qt6_qml_QtQuick_Controls["Controls"]\n    node_venv_lib_python3_12_site-packages_PyQt6_Qt6_qml_QtQuick_Controls --> node_venv_lib_python3_12_site-packages_PyQt6_Qt6_qml_QtQuick_Controls_FluentWinUI3["FluentWinUI3"]\n    node_venv_lib_python3_12_site-packages_PyQt6_Qt6_qml_QtQuick_Controls_FluentWinUI3 --> node_venv_lib_python3_12_site-packages_PyQt6_Qt6_qml_QtQuick_Controls_FluentWinUI3_dark["dark"]\n    node_venv_lib_python3_12_site-packages_PyQt6_Qt6_qml_QtQuick_Controls_FluentWinUI3_dark --> node_venv_lib_python3_12_site-packages_PyQt6_Qt6_qml_QtQuick_Controls_FluentWinUI3_dark_images["images"]\n    node_venv_lib_python3_12_site-packages_PyQt6_Qt6_qml_QtQuick_Controls_FluentWinUI3_dark_images --> node_venv_lib_python3_12_site-packages_PyQt6_Qt6_qml_QtQuick_Controls_FluentWinUI3_dark_images_itemdelegate-background-highlighted_png["itemdelegate-background-highlighted.png"]\n    Root --> node_venv["venv"]\n    node_venv --> node_venv_lib["lib"]\n    node_venv_lib --> node_venv_lib_python3_12["python3.12"]\n    node_venv_lib_python3_12 --> node_venv_lib_python3_12_site-packages["site-packages"]\n    node_venv_lib_python3_12_site-packages --> node_venv_lib_python3_12_site-packages_PyQt6["PyQt6"]\n    node_venv_lib_python3_12_site-packages_PyQt6 --> node_venv_lib_python3_12_site-packages_PyQt6_Qt6["Qt6"]\n    node_venv_lib_python3_12_site-packages_PyQt6_Qt6 --> node_venv_lib_python3_12_site-packages_PyQt6_Qt6_qml["qml"]\n    node_venv_lib_python3_12_site-packages_PyQt6_Qt6_qml --> node_venv_lib_python3_12_site-packages_PyQt6_Qt6_qml_QtQuick["QtQuick"]\n    node_venv_lib_python3_12_site-packages_PyQt6_Qt6_qml_QtQuick --> node_venv_lib_python3_12_site-packages_PyQt6_Qt6_qml_QtQuick_Controls["Controls"]\n    node_venv_lib_python3_12_site-packages_PyQt6_Qt6_qml_QtQuick_Controls --> node_venv_lib_python3_12_site-packages_PyQt6_Qt6_qml_QtQuick_Controls_FluentWinUI3["FluentWinUI3"]\n    node_venv_lib_python3_12_site-packages_PyQt6_Qt6_qml_QtQuick_Controls_FluentWinUI3 --> node_venv_lib_python3_12_site-packages_PyQt6_Qt6_qml_QtQuick_Controls_FluentWinUI3_dark["dark"]\n    node_venv_lib_python3_12_site-packages_PyQt6_Qt6_qml_QtQuick_Controls_FluentWinUI3_dark --> node_venv_lib_python3_12_site-packages_PyQt6_Qt6_qml_QtQuick_Controls_FluentWinUI3_dark_images["images"]\n    node_venv_lib_python3_12_site-packages_PyQt6_Qt6_qml_QtQuick_Controls_FluentWinUI3_dark_images --> node_venv_lib_python3_12_site-packages_PyQt6_Qt6_qml_QtQuick_Controls_FluentWinUI3_dark_images_itemdelegate-background-highlighted@2x_png["itemdelegate-background-highlighted@2x.png"]\n    Root --> node_venv["venv"]\n    node_venv --> node_venv_lib["lib"]\n    node_venv_lib --> node_venv_lib_python3_12["python3.12"]\n    node_venv_lib_python3_12 --> node_venv_lib_python3_12_site-packages["site-packages"]\n    node_venv_lib_python3_12_site-packages --> node_venv_lib_python3_12_site-packages_PyQt6["PyQt6"]\n    node_venv_lib_python3_12_site-packages_PyQt6 --> node_venv_lib_python3_12_site-packages_PyQt6_Qt6["Qt6"]\n    node_venv_lib_python3_12_site-packages_PyQt6_Qt6 --> node_venv_lib_python3_12_site-packages_PyQt6_Qt6_qml["qml"]\n    node_venv_lib_python3_12_site-packages_PyQt6_Qt6_qml --> node_venv_lib_python3_12_site-packages_PyQt6_Qt6_qml_QtQuick["QtQuick"]\n    node_venv_lib_python3_12_site-packages_PyQt6_Qt6_qml_QtQuick --> node_venv_lib_python3_12_site-packages_PyQt6_Qt6_qml_QtQuick_Controls["Controls"]\n    node_venv_lib_python3_12_site-packages_PyQt6_Qt6_qml_QtQuick_Controls --> node_venv_lib_python3_12_site-packages_PyQt6_Qt6_qml_QtQuick_Controls_FluentWinUI3["FluentWinUI3"]\n    node_venv_lib_python3_12_site-packages_PyQt6_Qt6_qml_QtQuick_Controls_FluentWinUI3 --> node_venv_lib_python3_12_site-packages_PyQt6_Qt6_qml_QtQuick_Controls_FluentWinUI3_dark["dark"]\n    node_venv_lib_python3_12_site-packages_PyQt6_Qt6_qml_QtQuick_Controls_FluentWinUI3_dark --> node_venv_lib_python3_12_site-packages_PyQt6_Qt6_qml_QtQuick_Controls_FluentWinUI3_dark_images["images"]\n    node_venv_lib_python3_12_site-packages_PyQt6_Qt6_qml_QtQuick_Controls_FluentWinUI3_dark_images --> node_venv_lib_python3_12_site-packages_PyQt6_Qt6_qml_QtQuick_Controls_FluentWinUI3_dark_images_itemdelegate-background-highlighted@3x_png["itemdelegate-background-highlighted@3x.png"]\n    Root --> node_venv["venv"]\n    node_venv --> node_venv_lib["lib"]\n    node_venv_lib --> node_venv_lib_python3_12["python3.12"]\n    node_venv_lib_python3_12 --> node_venv_lib_python3_12_site-packages["site-packages"]\n    node_venv_lib_python3_12_site-packages --> node_venv_lib_python3_12_site-packages_PyQt6["PyQt6"]\n    node_venv_lib_python3_12_site-packages_PyQt6 --> node_venv_lib_python3_12_site-packages_PyQt6_Qt6["Qt6"]\n    node_venv_lib_python3_12_site-packages_PyQt6_Qt6 --> node_venv_lib_python3_12_site-packages_PyQt6_Qt6_qml["qml"]\n    node_venv_lib_python3_12_site-packages_PyQt6_Qt6_qml --> node_venv_lib_python3_12_site-packages_PyQt6_Qt6_qml_QtQuick["QtQuick"]\n    node_venv_lib_python3_12_site-packages_PyQt6_Qt6_qml_QtQuick --> node_venv_lib_python3_12_site-packages_PyQt6_Qt6_qml_QtQuick_Controls["Controls"]\n    node_venv_lib_python3_12_site-packages_PyQt6_Qt6_qml_QtQuick_Controls --> node_venv_lib_python3_12_site-packages_PyQt6_Qt6_qml_QtQuick_Controls_FluentWinUI3["FluentWinUI3"]\n    node_venv_lib_python3_12_site-packages_PyQt6_Qt6_qml_QtQuick_Controls_FluentWinUI3 --> node_venv_lib_python3_12_site-packages_PyQt6_Qt6_qml_QtQuick_Controls_FluentWinUI3_dark["dark"]\n    node_venv_lib_python3_12_site-packages_PyQt6_Qt6_qml_QtQuick_Controls_FluentWinUI3_dark --> node_venv_lib_python3_12_site-packages_PyQt6_Qt6_qml_QtQuick_Controls_FluentWinUI3_dark_images["images"]\n    node_venv_lib_python3_12_site-packages_PyQt6_Qt6_qml_QtQuick_Controls_FluentWinUI3_dark_images --> node_venv_lib_python3_12_site-packages_PyQt6_Qt6_qml_QtQuick_Controls_FluentWinUI3_dark_images_itemdelegate-background-hovered_png["itemdelegate-background-hovered.png"]\n    Root --> node_venv["venv"]\n    node_venv --> node_venv_lib["lib"]\n    node_venv_lib --> node_venv_lib_python3_12["python3.12"]\n    node_venv_lib_python3_12 --> node_venv_lib_python3_12_site-packages["site-packages"]\n    node_venv_lib_python3_12_site-packages --> node_venv_lib_python3_12_site-packages_PyQt6["PyQt6"]\n    node_venv_lib_python3_12_site-packages_PyQt6 --> node_venv_lib_python3_12_site-packages_PyQt6_Qt6["Qt6"]\n    node_venv_lib_python3_12_site-packages_PyQt6_Qt6 --> node_venv_lib_python3_12_site-packages_PyQt6_Qt6_qml["qml"]\n    node_venv_lib_python3_12_site-packages_PyQt6_Qt6_qml --> node_venv_lib_python3_12_site-packages_PyQt6_Qt6_qml_QtQuick["QtQuick"]\n    node_venv_lib_python3_12_site-packages_PyQt6_Qt6_qml_QtQuick --> node_venv_lib_python3_12_site-packages_PyQt6_Qt6_qml_QtQuick_Controls["Controls"]\n    node_venv_lib_python3_12_site-packages_PyQt6_Qt6_qml_QtQuick_Controls --> node_venv_lib_python3_12_site-packages_PyQt6_Qt6_qml_QtQuick_Controls_FluentWinUI3["FluentWinUI3"]\n    node_venv_lib_python3_12_site-packages_PyQt6_Qt6_qml_QtQuick_Controls_FluentWinUI3 --> node_venv_lib_python3_12_site-packages_PyQt6_Qt6_qml_QtQuick_Controls_FluentWinUI3_dark["dark"]\n    node_venv_lib_python3_12_site-packages_PyQt6_Qt6_qml_QtQuick_Controls_FluentWinUI3_dark --> node_venv_lib_python3_12_site-packages_PyQt6_Qt6_qml_QtQuick_Controls_FluentWinUI3_dark_images["images"]\n    node_venv_lib_python3_12_site-packages_PyQt6_Qt6_qml_QtQuick_Controls_FluentWinUI3_dark_images --> node_venv_lib_python3_12_site-packages_PyQt6_Qt6_qml_QtQuick_Controls_FluentWinUI3_dark_images_itemdelegate-background-hovered@2x_png["itemdelegate-background-hovered@2x.png"]\n    Root --> node_venv["venv"]\n    node_venv --> node_venv_lib["lib"]\n    node_venv_lib --> node_venv_lib_python3_12["python3.12"]\n    node_venv_lib_python3_12 --> node_venv_lib_python3_12_site-packages["site-packages"]\n    node_venv_lib_python3_12_site-packages --> node_venv_lib_python3_12_site-packages_PyQt6["PyQt6"]\n    node_venv_lib_python3_12_site-packages_PyQt6 --> node_venv_lib_python3_12_site-packages_PyQt6_Qt6["Qt6"]\n    node_venv_lib_python3_12_site-packages_PyQt6_Qt6 --> node_venv_lib_python3_12_site-packages_PyQt6_Qt6_qml["qml"]\n    node_venv_lib_python3_12_site-packages_PyQt6_Qt6_qml --> node_venv_lib_python3_12_site-packages_PyQt6_Qt6_qml_QtQuick["QtQuick"]\n    node_venv_lib_python3_12_site-packages_PyQt6_Qt6_qml_QtQuick --> node_venv_lib_python3_12_site-packages_PyQt6_Qt6_qml_QtQuick_Controls["Controls"]\n    node_venv_lib_python3_12_site-packages_PyQt6_Qt6_qml_QtQuick_Controls --> node_venv_lib_python3_12_site-packages_PyQt6_Qt6_qml_QtQuick_Controls_FluentWinUI3["FluentWinUI3"]\n    node_venv_lib_python3_12_site-packages_PyQt6_Qt6_qml_QtQuick_Controls_FluentWinUI3 --> node_venv_lib_python3_12_site-packages_PyQt6_Qt6_qml_QtQuick_Controls_FluentWinUI3_dark["dark"]\n    node_venv_lib_python3_12_site-packages_PyQt6_Qt6_qml_QtQuick_Controls_FluentWinUI3_dark --> node_venv_lib_python3_12_site-packages_PyQt6_Qt6_qml_QtQuick_Controls_FluentWinUI3_dark_images["images"]\n    node_venv_lib_python3_12_site-packages_PyQt6_Qt6_qml_QtQuick_Controls_FluentWinUI3_dark_images --> node_venv_lib_python3_12_site-packages_PyQt6_Qt6_qml_QtQuick_Controls_FluentWinUI3_dark_images_itemdelegate-background-hovered@3x_png["itemdelegate-background-hovered@3x.png"]\n    Root --> node_venv["venv"]\n    node_venv --> node_venv_lib["lib"]\n    node_venv_lib --> node_venv_lib_python3_12["python3.12"]\n    node_venv_lib_python3_12 --> node_venv_lib_python3_12_site-packages["site-packages"]\n    node_venv_lib_python3_12_site-packages --> node_venv_lib_python3_12_site-packages_PyQt6["PyQt6"]\n    node_venv_lib_python3_12_site-packages_PyQt6 --> node_venv_lib_python3_12_site-packages_PyQt6_Qt6["Qt6"]\n    node_venv_lib_python3_12_site-packages_PyQt6_Qt6 --> node_venv_lib_python3_12_site-packages_PyQt6_Qt6_qml["qml"]\n    node_venv_lib_python3_12_site-packages_PyQt6_Qt6_qml --> node_venv_lib_python3_12_site-packages_PyQt6_Qt6_qml_QtQuick["QtQuick"]\n    node_venv_lib_python3_12_site-packages_PyQt6_Qt6_qml_QtQuick --> node_venv_lib_python3_12_site-packages_PyQt6_Qt6_qml_QtQuick_Controls["Controls"]\n    node_venv_lib_python3_12_site-packages_PyQt6_Qt6_qml_QtQuick_Controls --> node_venv_lib_python3_12_site-packages_PyQt6_Qt6_qml_QtQuick_Controls_FluentWinUI3["FluentWinUI3"]\n    node_venv_lib_python3_12_site-packages_PyQt6_Qt6_qml_QtQuick_Controls_FluentWinUI3 --> node_venv_lib_python3_12_site-packages_PyQt6_Qt6_qml_QtQuick_Controls_FluentWinUI3_dark["dark"]\n    node_venv_lib_python3_12_site-packages_PyQt6_Qt6_qml_QtQuick_Controls_FluentWinUI3_dark --> node_venv_lib_python3_12_site-packages_PyQt6_Qt6_qml_QtQuick_Controls_FluentWinUI3_dark_images["images"]\n    node_venv_lib_python3_12_site-packages_PyQt6_Qt6_qml_QtQuick_Controls_FluentWinUI3_dark_images --> node_venv_lib_python3_12_site-packages_PyQt6_Qt6_qml_QtQuick_Controls_FluentWinUI3_dark_images_itemdelegate-background-pressed_png["itemdelegate-background-pressed.png"]\n    Root --> node_venv["venv"]\n    node_venv --> node_venv_lib["lib"]\n    node_venv_lib --> node_venv_lib_python3_12["python3.12"]\n    node_venv_lib_python3_12 --> node_venv_lib_python3_12_site-packages["site-packages"]\n    node_venv_lib_python3_12_site-packages --> node_venv_lib_python3_12_site-packages_PyQt6["PyQt6"]\n    node_venv_lib_python3_12_site-packages_PyQt6 --> node_venv_lib_python3_12_site-packages_PyQt6_Qt6["Qt6"]\n    node_venv_lib_python3_12_site-packages_PyQt6_Qt6 --> node_venv_lib_python3_12_site-packages_PyQt6_Qt6_qml["qml"]\n    node_venv_lib_python3_12_site-packages_PyQt6_Qt6_qml --> node_venv_lib_python3_12_site-packages_PyQt6_Qt6_qml_QtQuick["QtQuick"]\n    node_venv_lib_python3_12_site-packages_PyQt6_Qt6_qml_QtQuick --> node_venv_lib_python3_12_site-packages_PyQt6_Qt6_qml_QtQuick_Controls["Controls"]\n    node_venv_lib_python3_12_site-packages_PyQt6_Qt6_qml_QtQuick_Controls --> node_venv_lib_python3_12_site-packages_PyQt6_Qt6_qml_QtQuick_Controls_FluentWinUI3["FluentWinUI3"]\n    node_venv_lib_python3_12_site-packages_PyQt6_Qt6_qml_QtQuick_Controls_FluentWinUI3 --> node_venv_lib_python3_12_site-packages_PyQt6_Qt6_qml_QtQuick_Controls_FluentWinUI3_dark["dark"]\n    node_venv_lib_python3_12_site-packages_PyQt6_Qt6_qml_QtQuick_Controls_FluentWinUI3_dark --> node_venv_lib_python3_12_site-packages_PyQt6_Qt6_qml_QtQuick_Controls_FluentWinUI3_dark_images["images"]\n    node_venv_lib_python3_12_site-packages_PyQt6_Qt6_qml_QtQuick_Controls_FluentWinUI3_dark_images --> node_venv_lib_python3_12_site-packages_PyQt6_Qt6_qml_QtQuick_Controls_FluentWinUI3_dark_images_itemdelegate-background-pressed@2x_png["itemdelegate-background-pressed@2x.png"]\n    Root --> node_venv["venv"]\n    node_venv --> node_venv_lib["lib"]\n    node_venv_lib --> node_venv_lib_python3_12["python3.12"]\n    node_venv_lib_python3_12 --> node_venv_lib_python3_12_site-packages["site-packages"]\n    node_venv_lib_python3_12_site-packages --> node_venv_lib_python3_12_site-packages_PyQt6["PyQt6"]\n    node_venv_lib_python3_12_site-packages_PyQt6 --> node_venv_lib_python3_12_site-packages_PyQt6_Qt6["Qt6"]\n    node_venv_lib_python3_12_site-packages_PyQt6_Qt6 --> node_venv_lib_python3_12_site-packages_PyQt6_Qt6_qml["qml"]\n    node_venv_lib_python3_12_site-packages_PyQt6_Qt6_qml --> node_venv_lib_python3_12_site-packages_PyQt6_Qt6_qml_QtQuick["QtQuick"]\n    node_venv_lib_python3_12_site-packages_PyQt6_Qt6_qml_QtQuick --> node_venv_lib_python3_12_site-packages_PyQt6_Qt6_qml_QtQuick_Controls["Controls"]\n    node_venv_lib_python3_12_site-packages_PyQt6_Qt6_qml_QtQuick_Controls --> node_venv_lib_python3_12_site-packages_PyQt6_Qt6_qml_QtQuick_Controls_FluentWinUI3["FluentWinUI3"]\n    node_venv_lib_python3_12_site-packages_PyQt6_Qt6_qml_QtQuick_Controls_FluentWinUI3 --> node_venv_lib_python3_12_site-packages_PyQt6_Qt6_qml_QtQuick_Controls_FluentWinUI3_dark["dark"]\n    node_venv_lib_python3_12_site-packages_PyQt6_Qt6_qml_QtQuick_Controls_FluentWinUI3_dark --> node_venv_lib_python3_12_site-packages_PyQt6_Qt6_qml_QtQuick_Controls_FluentWinUI3_dark_images["images"]\n    node_venv_lib_python3_12_site-packages_PyQt6_Qt6_qml_QtQuick_Controls_FluentWinUI3_dark_images --> node_venv_lib_python3_12_site-packages_PyQt6_Qt6_qml_QtQuick_Controls_FluentWinUI3_dark_images_itemdelegate-background-pressed@3x_png["itemdelegate-background-pressed@3x.png"]\n    Root --> node_venv["venv"]\n    node_venv --> node_venv_lib["lib"]\n    node_venv_lib --> node_venv_lib_python3_12["python3.12"]\n    node_venv_lib_python3_12 --> node_venv_lib_python3_12_site-packages["site-packages"]\n    node_venv_lib_python3_12_site-packages --> node_venv_lib_python3_12_site-packages_PyQt6["PyQt6"]\n    node_venv_lib_python3_12_site-packages_PyQt6 --> node_venv_lib_python3_12_site-packages_PyQt6_Qt6["Qt6"]\n    node_venv_lib_python3_12_site-packages_PyQt6_Qt6 --> node_venv_lib_python3_12_site-packages_PyQt6_Qt6_qml["qml"]\n    node_venv_lib_python3_12_site-packages_PyQt6_Qt6_qml --> node_venv_lib_python3_12_site-packages_PyQt6_Qt6_qml_QtQuick["QtQuick"]\n    node_venv_lib_python3_12_site-packages_PyQt6_Qt6_qml_QtQuick --> node_venv_lib_python3_12_site-packages_PyQt6_Qt6_qml_QtQuick_Controls["Controls"]\n    node_venv_lib_python3_12_site-packages_PyQt6_Qt6_qml_QtQuick_Controls --> node_venv_lib_python3_12_site-packages_PyQt6_Qt6_qml_QtQuick_Controls_FluentWinUI3["FluentWinUI3"]\n    node_venv_lib_python3_12_site-packages_PyQt6_Qt6_qml_QtQuick_Controls_FluentWinUI3 --> node_venv_lib_python3_12_site-packages_PyQt6_Qt6_qml_QtQuick_Controls_FluentWinUI3_dark["dark"]\n    node_venv_lib_python3_12_site-packages_PyQt6_Qt6_qml_QtQuick_Controls_FluentWinUI3_dark --> node_venv_lib_python3_12_site-packages_PyQt6_Qt6_qml_QtQuick_Controls_FluentWinUI3_dark_images["images"]\n    node_venv_lib_python3_12_site-packages_PyQt6_Qt6_qml_QtQuick_Controls_FluentWinUI3_dark_images --> node_venv_lib_python3_12_site-packages_PyQt6_Qt6_qml_QtQuick_Controls_FluentWinUI3_dark_images_pageindicatordelegate-indicator-delegate-current-hovered_png["pageindicatordelegate-indicator-delegate-current-hovered.png"]\n    Root --> node_venv["venv"]\n    node_venv --> node_venv_lib["lib"]\n    node_venv_lib --> node_venv_lib_python3_12["python3.12"]\n    node_venv_lib_python3_12 --> node_venv_lib_python3_12_site-packages["site-packages"]\n    node_venv_lib_python3_12_site-packages --> node_venv_lib_python3_12_site-packages_PyQt6["PyQt6"]\n    node_venv_lib_python3_12_site-packages_PyQt6 --> node_venv_lib_python3_12_site-packages_PyQt6_Qt6["Qt6"]\n    node_venv_lib_python3_12_site-packages_PyQt6_Qt6 --> node_venv_lib_python3_12_site-packages_PyQt6_Qt6_qml["qml"]\n    node_venv_lib_python3_12_site-packages_PyQt6_Qt6_qml --> node_venv_lib_python3_12_site-packages_PyQt6_Qt6_qml_QtQuick["QtQuick"]\n    node_venv_lib_python3_12_site-packages_PyQt6_Qt6_qml_QtQuick --> node_venv_lib_python3_12_site-packages_PyQt6_Qt6_qml_QtQuick_Controls["Controls"]\n    node_venv_lib_python3_12_site-packages_PyQt6_Qt6_qml_QtQuick_Controls --> node_venv_lib_python3_12_site-packages_PyQt6_Qt6_qml_QtQuick_Controls_FluentWinUI3["FluentWinUI3"]\n    node_venv_lib_python3_12_site-packages_PyQt6_Qt6_qml_QtQuick_Controls_FluentWinUI3 --> node_venv_lib_python3_12_site-packages_PyQt6_Qt6_qml_QtQuick_Controls_FluentWinUI3_dark["dark"]\n    node_venv_lib_python3_12_site-packages_PyQt6_Qt6_qml_QtQuick_Controls_FluentWinUI3_dark --> node_venv_lib_python3_12_site-packages_PyQt6_Qt6_qml_QtQuick_Controls_FluentWinUI3_dark_images["images"]\n    node_venv_lib_python3_12_site-packages_PyQt6_Qt6_qml_QtQuick_Controls_FluentWinUI3_dark_images --> node_venv_lib_python3_12_site-packages_PyQt6_Qt6_qml_QtQuick_Controls_FluentWinUI3_dark_images_pageindicatordelegate-indicator-delegate-current-hovered@2x_png["pageindicatordelegate-indicator-delegate-current-hovered@2x.png"]\n    Root --> node_venv["venv"]\n    node_venv --> node_venv_lib["lib"]\n    node_venv_lib --> node_venv_lib_python3_12["python3.12"]\n    node_venv_lib_python3_12 --> node_venv_lib_python3_12_site-packages["site-packages"]\n    node_venv_lib_python3_12_site-packages --> node_venv_lib_python3_12_site-packages_PyQt6["PyQt6"]\n    node_venv_lib_python3_12_site-packages_PyQt6 --> node_venv_lib_python3_12_site-packages_PyQt6_Qt6["Qt6"]\n    node_venv_lib_python3_12_site-packages_PyQt6_Qt6 --> node_venv_lib_python3_12_site-packages_PyQt6_Qt6_qml["qml"]\n    node_venv_lib_python3_12_site-packages_PyQt6_Qt6_qml --> node_venv_lib_python3_12_site-packages_PyQt6_Qt6_qml_QtQuick["QtQuick"]\n    node_venv_lib_python3_12_site-packages_PyQt6_Qt6_qml_QtQuick --> node_venv_lib_python3_12_site-packages_PyQt6_Qt6_qml_QtQuick_Controls["Controls"]\n    node_venv_lib_python3_12_site-packages_PyQt6_Qt6_qml_QtQuick_Controls --> node_venv_lib_python3_12_site-packages_PyQt6_Qt6_qml_QtQuick_Controls_FluentWinUI3["FluentWinUI3"]\n    node_venv_lib_python3_12_site-packages_PyQt6_Qt6_qml_QtQuick_Controls_FluentWinUI3 --> node_venv_lib_python3_12_site-packages_PyQt6_Qt6_qml_QtQuick_Controls_FluentWinUI3_dark["dark"]\n    node_venv_lib_python3_12_site-packages_PyQt6_Qt6_qml_QtQuick_Controls_FluentWinUI3_dark --> node_venv_lib_python3_12_site-packages_PyQt6_Qt6_qml_QtQuick_Controls_FluentWinUI3_dark_images["images"]\n    node_venv_lib_python3_12_site-packages_PyQt6_Qt6_qml_QtQuick_Controls_FluentWinUI3_dark_images --> node_venv_lib_python3_12_site-packages_PyQt6_Qt6_qml_QtQuick_Controls_FluentWinUI3_dark_images_pageindicatordelegate-indicator-delegate-current-hovered@3x_png["pageindicatordelegate-indicator-delegate-current-hovered@3x.png"]\n    Root --> node_venv["venv"]\n    node_venv --> node_venv_lib["lib"]\n    node_venv_lib --> node_venv_lib_python3_12["python3.12"]\n    node_venv_lib_python3_12 --> node_venv_lib_python3_12_site-packages["site-packages"]\n    node_venv_lib_python3_12_site-packages --> node_venv_lib_python3_12_site-packages_PyQt6["PyQt6"]\n    node_venv_lib_python3_12_site-packages_PyQt6 --> node_venv_lib_python3_12_site-packages_PyQt6_Qt6["Qt6"]\n    node_venv_lib_python3_12_site-packages_PyQt6_Qt6 --> node_venv_lib_python3_12_site-packages_PyQt6_Qt6_qml["qml"]\n    node_venv_lib_python3_12_site-packages_PyQt6_Qt6_qml --> node_venv_lib_python3_12_site-packages_PyQt6_Qt6_qml_QtQuick["QtQuick"]\n    node_venv_lib_python3_12_site-packages_PyQt6_Qt6_qml_QtQuick --> node_venv_lib_python3_12_site-packages_PyQt6_Qt6_qml_QtQuick_Controls["Controls"]\n    node_venv_lib_python3_12_site-packages_PyQt6_Qt6_qml_QtQuick_Controls --> node_venv_lib_python3_12_site-packages_PyQt6_Qt6_qml_QtQuick_Controls_FluentWinUI3["FluentWinUI3"]\n    node_venv_lib_python3_12_site-packages_PyQt6_Qt6_qml_QtQuick_Controls_FluentWinUI3 --> node_venv_lib_python3_12_site-packages_PyQt6_Qt6_qml_QtQuick_Controls_FluentWinUI3_dark["dark"]\n    node_venv_lib_python3_12_site-packages_PyQt6_Qt6_qml_QtQuick_Controls_FluentWinUI3_dark --> node_venv_lib_python3_12_site-packages_PyQt6_Qt6_qml_QtQuick_Controls_FluentWinUI3_dark_images["images"]\n    node_venv_lib_python3_12_site-packages_PyQt6_Qt6_qml_QtQuick_Controls_FluentWinUI3_dark_images --> node_venv_lib_python3_12_site-packages_PyQt6_Qt6_qml_QtQuick_Controls_FluentWinUI3_dark_images_pageindicatordelegate-indicator-delegate-current-pressed_png["pageindicatordelegate-indicator-delegate-current-pressed.png"]\n    Root --> node_venv["venv"]\n    node_venv --> node_venv_lib["lib"]\n    node_venv_lib --> node_venv_lib_python3_12["python3.12"]\n    node_venv_lib_python3_12 --> node_venv_lib_python3_12_site-packages["site-packages"]\n    node_venv_lib_python3_12_site-packages --> node_venv_lib_python3_12_site-packages_PyQt6["PyQt6"]\n    node_venv_lib_python3_12_site-packages_PyQt6 --> node_venv_lib_python3_12_site-packages_PyQt6_Qt6["Qt6"]\n    node_venv_lib_python3_12_site-packages_PyQt6_Qt6 --> node_venv_lib_python3_12_site-packages_PyQt6_Qt6_qml["qml"]\n    node_venv_lib_python3_12_site-packages_PyQt6_Qt6_qml --> node_venv_lib_python3_12_site-packages_PyQt6_Qt6_qml_QtQuick["QtQuick"]\n    node_venv_lib_python3_12_site-packages_PyQt6_Qt6_qml_QtQuick --> node_venv_lib_python3_12_site-packages_PyQt6_Qt6_qml_QtQuick_Controls["Controls"]\n    node_venv_lib_python3_12_site-packages_PyQt6_Qt6_qml_QtQuick_Controls --> node_venv_lib_python3_12_site-packages_PyQt6_Qt6_qml_QtQuick_Controls_FluentWinUI3["FluentWinUI3"]\n    node_venv_lib_python3_12_site-packages_PyQt6_Qt6_qml_QtQuick_Controls_FluentWinUI3 --> node_venv_lib_python3_12_site-packages_PyQt6_Qt6_qml_QtQuick_Controls_FluentWinUI3_dark["dark"]\n    node_venv_lib_python3_12_site-packages_PyQt6_Qt6_qml_QtQuick_Controls_FluentWinUI3_dark --> node_venv_lib_python3_12_site-packages_PyQt6_Qt6_qml_QtQuick_Controls_FluentWinUI3_dark_images["images"]\n    node_venv_lib_python3_12_site-packages_PyQt6_Qt6_qml_QtQuick_Controls_FluentWinUI3_dark_images --> node_venv_lib_python3_12_site-packages_PyQt6_Qt6_qml_QtQuick_Controls_FluentWinUI3_dark_images_pageindicatordelegate-indicator-delegate-current-pressed@2x_png["pageindicatordelegate-indicator-delegate-current-pressed@2x.png"]\n    Root --> node_venv["venv"]\n    node_venv --> node_venv_lib["lib"]\n    node_venv_lib --> node_venv_lib_python3_12["python3.12"]\n    node_venv_lib_python3_12 --> node_venv_lib_python3_12_site-packages["site-packages"]\n    node_venv_lib_python3_12_site-packages --> node_venv_lib_python3_12_site-packages_PyQt6["PyQt6"]\n    node_venv_lib_python3_12_site-packages_PyQt6 --> node_venv_lib_python3_12_site-packages_PyQt6_Qt6["Qt6"]\n    node_venv_lib_python3_12_site-packages_PyQt6_Qt6 --> node_venv_lib_python3_12_site-packages_PyQt6_Qt6_qml["qml"]\n    node_venv_lib_python3_12_site-packages_PyQt6_Qt6_qml --> node_venv_lib_python3_12_site-packages_PyQt6_Qt6_qml_QtQuick["QtQuick"]\n    node_venv_lib_python3_12_site-packages_PyQt6_Qt6_qml_QtQuick --> node_venv_lib_python3_12_site-packages_PyQt6_Qt6_qml_QtQuick_Controls["Controls"]\n    node_venv_lib_python3_12_site-packages_PyQt6_Qt6_qml_QtQuick_Controls --> node_venv_lib_python3_12_site-packages_PyQt6_Qt6_qml_QtQuick_Controls_FluentWinUI3["FluentWinUI3"]\n    node_venv_lib_python3_12_site-packages_PyQt6_Qt6_qml_QtQuick_Controls_FluentWinUI3 --> node_venv_lib_python3_12_site-packages_PyQt6_Qt6_qml_QtQuick_Controls_FluentWinUI3_dark["dark"]\n    node_venv_lib_python3_12_site-packages_PyQt6_Qt6_qml_QtQuick_Controls_FluentWinUI3_dark --> node_venv_lib_python3_12_site-packages_PyQt6_Qt6_qml_QtQuick_Controls_FluentWinUI3_dark_images["images"]\n    node_venv_lib_python3_12_site-packages_PyQt6_Qt6_qml_QtQuick_Controls_FluentWinUI3_dark_images --> node_venv_lib_python3_12_site-packages_PyQt6_Qt6_qml_QtQuick_Controls_FluentWinUI3_dark_images_pageindicatordelegate-indicator-delegate-current-pressed@3x_png["pageindicatordelegate-indicator-delegate-current-pressed@3x.png"]\n    Root --> node_venv["venv"]\n    node_venv --> node_venv_lib["lib"]\n    node_venv_lib --> node_venv_lib_python3_12["python3.12"]\n    node_venv_lib_python3_12 --> node_venv_lib_python3_12_site-packages["site-packages"]\n    node_venv_lib_python3_12_site-packages --> node_venv_lib_python3_12_site-packages_PyQt6["PyQt6"]\n    node_venv_lib_python3_12_site-packages_PyQt6 --> node_venv_lib_python3_12_site-packages_PyQt6_Qt6["Qt6"]\n    node_venv_lib_python3_12_site-packages_PyQt6_Qt6 --> node_venv_lib_python3_12_site-packages_PyQt6_Qt6_qml["qml"]\n    node_venv_lib_python3_12_site-packages_PyQt6_Qt6_qml --> node_venv_lib_python3_12_site-packages_PyQt6_Qt6_qml_QtQuick["QtQuick"]\n    node_venv_lib_python3_12_site-packages_PyQt6_Qt6_qml_QtQuick --> node_venv_lib_python3_12_site-packages_PyQt6_Qt6_qml_QtQuick_Controls["Controls"]\n    node_venv_lib_python3_12_site-packages_PyQt6_Qt6_qml_QtQuick_Controls --> node_venv_lib_python3_12_site-packages_PyQt6_Qt6_qml_QtQuick_Controls_FluentWinUI3["FluentWinUI3"]\n    node_venv_lib_python3_12_site-packages_PyQt6_Qt6_qml_QtQuick_Controls_FluentWinUI3 --> node_venv_lib_python3_12_site-packages_PyQt6_Qt6_qml_QtQuick_Controls_FluentWinUI3_dark["dark"]\n    node_venv_lib_python3_12_site-packages_PyQt6_Qt6_qml_QtQuick_Controls_FluentWinUI3_dark --> node_venv_lib_python3_12_site-packages_PyQt6_Qt6_qml_QtQuick_Controls_FluentWinUI3_dark_images["images"]\n    node_venv_lib_python3_12_site-packages_PyQt6_Qt6_qml_QtQuick_Controls_FluentWinUI3_dark_images --> node_venv_lib_python3_12_site-packages_PyQt6_Qt6_qml_QtQuick_Controls_FluentWinUI3_dark_images_pageindicatordelegate-indicator-delegate-current_png["pageindicatordelegate-indicator-delegate-current.png"]\n    Root --> node_venv["venv"]\n    node_venv --> node_venv_lib["lib"]\n    node_venv_lib --> node_venv_lib_python3_12["python3.12"]\n    node_venv_lib_python3_12 --> node_venv_lib_python3_12_site-packages["site-packages"]\n    node_venv_lib_python3_12_site-packages --> node_venv_lib_python3_12_site-packages_PyQt6["PyQt6"]\n    node_venv_lib_python3_12_site-packages_PyQt6 --> node_venv_lib_python3_12_site-packages_PyQt6_Qt6["Qt6"]\n    node_venv_lib_python3_12_site-packages_PyQt6_Qt6 --> node_venv_lib_python3_12_site-packages_PyQt6_Qt6_qml["qml"]\n    node_venv_lib_python3_12_site-packages_PyQt6_Qt6_qml --> node_venv_lib_python3_12_site-packages_PyQt6_Qt6_qml_QtQuick["QtQuick"]\n    node_venv_lib_python3_12_site-packages_PyQt6_Qt6_qml_QtQuick --> node_venv_lib_python3_12_site-packages_PyQt6_Qt6_qml_QtQuick_Controls["Controls"]\n    node_venv_lib_python3_12_site-packages_PyQt6_Qt6_qml_QtQuick_Controls --> node_venv_lib_python3_12_site-packages_PyQt6_Qt6_qml_QtQuick_Controls_FluentWinUI3["FluentWinUI3"]\n    node_venv_lib_python3_12_site-packages_PyQt6_Qt6_qml_QtQuick_Controls_FluentWinUI3 --> node_venv_lib_python3_12_site-packages_PyQt6_Qt6_qml_QtQuick_Controls_FluentWinUI3_dark["dark"]\n    node_venv_lib_python3_12_site-packages_PyQt6_Qt6_qml_QtQuick_Controls_FluentWinUI3_dark --> node_venv_lib_python3_12_site-packages_PyQt6_Qt6_qml_QtQuick_Controls_FluentWinUI3_dark_images["images"]\n    node_venv_lib_python3_12_site-packages_PyQt6_Qt6_qml_QtQuick_Controls_FluentWinUI3_dark_images --> node_venv_lib_python3_12_site-packages_PyQt6_Qt6_qml_QtQuick_Controls_FluentWinUI3_dark_images_pageindicatordelegate-indicator-delegate-current@2x_png["pageindicatordelegate-indicator-delegate-current@2x.png"]\n    Root --> node_venv["venv"]\n    node_venv --> node_venv_lib["lib"]\n    node_venv_lib --> node_venv_lib_python3_12["python3.12"]\n    node_venv_lib_python3_12 --> node_venv_lib_python3_12_site-packages["site-packages"]\n    node_venv_lib_python3_12_site-packages --> node_venv_lib_python3_12_site-packages_PyQt6["PyQt6"]\n    node_venv_lib_python3_12_site-packages_PyQt6 --> node_venv_lib_python3_12_site-packages_PyQt6_Qt6["Qt6"]\n    node_venv_lib_python3_12_site-packages_PyQt6_Qt6 --> node_venv_lib_python3_12_site-packages_PyQt6_Qt6_qml["qml"]\n    node_venv_lib_python3_12_site-packages_PyQt6_Qt6_qml --> node_venv_lib_python3_12_site-packages_PyQt6_Qt6_qml_QtQuick["QtQuick"]\n    node_venv_lib_python3_12_site-packages_PyQt6_Qt6_qml_QtQuick --> node_venv_lib_python3_12_site-packages_PyQt6_Qt6_qml_QtQuick_Controls["Controls"]\n    node_venv_lib_python3_12_site-packages_PyQt6_Qt6_qml_QtQuick_Controls --> node_venv_lib_python3_12_site-packages_PyQt6_Qt6_qml_QtQuick_Controls_FluentWinUI3["FluentWinUI3"]\n    node_venv_lib_python3_12_site-packages_PyQt6_Qt6_qml_QtQuick_Controls_FluentWinUI3 --> node_venv_lib_python3_12_site-packages_PyQt6_Qt6_qml_QtQuick_Controls_FluentWinUI3_dark["dark"]\n    node_venv_lib_python3_12_site-packages_PyQt6_Qt6_qml_QtQuick_Controls_FluentWinUI3_dark --> node_venv_lib_python3_12_site-packages_PyQt6_Qt6_qml_QtQuick_Controls_FluentWinUI3_dark_images["images"]\n    node_venv_lib_python3_12_site-packages_PyQt6_Qt6_qml_QtQuick_Controls_FluentWinUI3_dark_images --> node_venv_lib_python3_12_site-packages_PyQt6_Qt6_qml_QtQuick_Controls_FluentWinUI3_dark_images_pageindicatordelegate-indicator-delegate-current@3x_png["pageindicatordelegate-indicator-delegate-current@3x.png"]\n    Root --> node_venv["venv"]\n    node_venv --> node_venv_lib["lib"]\n    node_venv_lib --> node_venv_lib_python3_12["python3.12"]\n    node_venv_lib_python3_12 --> node_venv_lib_python3_12_site-packages["site-packages"]\n    node_venv_lib_python3_12_site-packages --> node_venv_lib_python3_12_site-packages_PyQt6["PyQt6"]\n    node_venv_lib_python3_12_site-packages_PyQt6 --> node_venv_lib_python3_12_site-packages_PyQt6_Qt6["Qt6"]\n    node_venv_lib_python3_12_site-packages_PyQt6_Qt6 --> node_venv_lib_python3_12_site-packages_PyQt6_Qt6_qml["qml"]\n    node_venv_lib_python3_12_site-packages_PyQt6_Qt6_qml --> node_venv_lib_python3_12_site-packages_PyQt6_Qt6_qml_QtQuick["QtQuick"]\n    node_venv_lib_python3_12_site-packages_PyQt6_Qt6_qml_QtQuick --> node_venv_lib_python3_12_site-packages_PyQt6_Qt6_qml_QtQuick_Controls["Controls"]\n    node_venv_lib_python3_12_site-packages_PyQt6_Qt6_qml_QtQuick_Controls --> node_venv_lib_python3_12_site-packages_PyQt6_Qt6_qml_QtQuick_Controls_FluentWinUI3["FluentWinUI3"]\n    node_venv_lib_python3_12_site-packages_PyQt6_Qt6_qml_QtQuick_Controls_FluentWinUI3 --> node_venv_lib_python3_12_site-packages_PyQt6_Qt6_qml_QtQuick_Controls_FluentWinUI3_dark["dark"]\n    node_venv_lib_python3_12_site-packages_PyQt6_Qt6_qml_QtQuick_Controls_FluentWinUI3_dark --> node_venv_lib_python3_12_site-packages_PyQt6_Qt6_qml_QtQuick_Controls_FluentWinUI3_dark_images["images"]\n    node_venv_lib_python3_12_site-packages_PyQt6_Qt6_qml_QtQuick_Controls_FluentWinUI3_dark_images --> node_venv_lib_python3_12_site-packages_PyQt6_Qt6_qml_QtQuick_Controls_FluentWinUI3_dark_images_pageindicatordelegate-indicator-delegate-pressed_png["pageindicatordelegate-indicator-delegate-pressed.png"]\n    Root --> node_venv["venv"]\n    node_venv --> node_venv_lib["lib"]\n    node_venv_lib --> node_venv_lib_python3_12["python3.12"]\n    node_venv_lib_python3_12 --> node_venv_lib_python3_12_site-packages["site-packages"]\n    node_venv_lib_python3_12_site-packages --> node_venv_lib_python3_12_site-packages_PyQt6["PyQt6"]\n    node_venv_lib_python3_12_site-packages_PyQt6 --> node_venv_lib_python3_12_site-packages_PyQt6_Qt6["Qt6"]\n    node_venv_lib_python3_12_site-packages_PyQt6_Qt6 --> node_venv_lib_python3_12_site-packages_PyQt6_Qt6_qml["qml"]\n    node_venv_lib_python3_12_site-packages_PyQt6_Qt6_qml --> node_venv_lib_python3_12_site-packages_PyQt6_Qt6_qml_QtQuick["QtQuick"]\n    node_venv_lib_python3_12_site-packages_PyQt6_Qt6_qml_QtQuick --> node_venv_lib_python3_12_site-packages_PyQt6_Qt6_qml_QtQuick_Controls["Controls"]\n    node_venv_lib_python3_12_site-packages_PyQt6_Qt6_qml_QtQuick_Controls --> node_venv_lib_python3_12_site-packages_PyQt6_Qt6_qml_QtQuick_Controls_FluentWinUI3["FluentWinUI3"]\n    node_venv_lib_python3_12_site-packages_PyQt6_Qt6_qml_QtQuick_Controls_FluentWinUI3 --> node_venv_lib_python3_12_site-packages_PyQt6_Qt6_qml_QtQuick_Controls_FluentWinUI3_dark["dark"]\n    node_venv_lib_python3_12_site-packages_PyQt6_Qt6_qml_QtQuick_Controls_FluentWinUI3_dark --> node_venv_lib_python3_12_site-packages_PyQt6_Qt6_qml_QtQuick_Controls_FluentWinUI3_dark_images["images"]\n    node_venv_lib_python3_12_site-packages_PyQt6_Qt6_qml_QtQuick_Controls_FluentWinUI3_dark_images --> node_venv_lib_python3_12_site-packages_PyQt6_Qt6_qml_QtQuick_Controls_FluentWinUI3_dark_images_pageindicatordelegate-indicator-delegate-pressed@2x_png["pageindicatordelegate-indicator-delegate-pressed@2x.png"]\n    Root --> node_venv["venv"]\n    node_venv --> node_venv_lib["lib"]\n    node_venv_lib --> node_venv_lib_python3_12["python3.12"]\n    node_venv_lib_python3_12 --> node_venv_lib_python3_12_site-packages["site-packages"]\n    node_venv_lib_python3_12_site-packages --> node_venv_lib_python3_12_site-packages_PyQt6["PyQt6"]\n    node_venv_lib_python3_12_site-packages_PyQt6 --> node_venv_lib_python3_12_site-packages_PyQt6_Qt6["Qt6"]\n    node_venv_lib_python3_12_site-packages_PyQt6_Qt6 --> node_venv_lib_python3_12_site-packages_PyQt6_Qt6_qml["qml"]\n    node_venv_lib_python3_12_site-packages_PyQt6_Qt6_qml --> node_venv_lib_python3_12_site-packages_PyQt6_Qt6_qml_QtQuick["QtQuick"]\n    node_venv_lib_python3_12_site-packages_PyQt6_Qt6_qml_QtQuick --> node_venv_lib_python3_12_site-packages_PyQt6_Qt6_qml_QtQuick_Controls["Controls"]\n    node_venv_lib_python3_12_site-packages_PyQt6_Qt6_qml_QtQuick_Controls --> node_venv_lib_python3_12_site-packages_PyQt6_Qt6_qml_QtQuick_Controls_FluentWinUI3["FluentWinUI3"]\n    node_venv_lib_python3_12_site-packages_PyQt6_Qt6_qml_QtQuick_Controls_FluentWinUI3 --> node_venv_lib_python3_12_site-packages_PyQt6_Qt6_qml_QtQuick_Controls_FluentWinUI3_dark["dark"]\n    node_venv_lib_python3_12_site-packages_PyQt6_Qt6_qml_QtQuick_Controls_FluentWinUI3_dark --> node_venv_lib_python3_12_site-packages_PyQt6_Qt6_qml_QtQuick_Controls_FluentWinUI3_dark_images["images"]\n    node_venv_lib_python3_12_site-packages_PyQt6_Qt6_qml_QtQuick_Controls_FluentWinUI3_dark_images --> node_venv_lib_python3_12_site-packages_PyQt6_Qt6_qml_QtQuick_Controls_FluentWinUI3_dark_images_pageindicatordelegate-indicator-delegate-pressed@3x_png["pageindicatordelegate-indicator-delegate-pressed@3x.png"]\n    Root --> node_venv["venv"]\n    node_venv --> node_venv_lib["lib"]\n    node_venv_lib --> node_venv_lib_python3_12["python3.12"]\n    node_venv_lib_python3_12 --> node_venv_lib_python3_12_site-packages["site-packages"]\n    node_venv_lib_python3_12_site-packages --> node_venv_lib_python3_12_site-packages_PyQt6["PyQt6"]\n    node_venv_lib_python3_12_site-packages_PyQt6 --> node_venv_lib_python3_12_site-packages_PyQt6_Qt6["Qt6"]\n    node_venv_lib_python3_12_site-packages_PyQt6_Qt6 --> node_venv_lib_python3_12_site-packages_PyQt6_Qt6_qml["qml"]\n    node_venv_lib_python3_12_site-packages_PyQt6_Qt6_qml --> node_venv_lib_python3_12_site-packages_PyQt6_Qt6_qml_QtQuick["QtQuick"]\n    node_venv_lib_python3_12_site-packages_PyQt6_Qt6_qml_QtQuick --> node_venv_lib_python3_12_site-packages_PyQt6_Qt6_qml_QtQuick_Controls["Controls"]\n    node_venv_lib_python3_12_site-packages_PyQt6_Qt6_qml_QtQuick_Controls --> node_venv_lib_python3_12_site-packages_PyQt6_Qt6_qml_QtQuick_Controls_FluentWinUI3["FluentWinUI3"]\n    node_venv_lib_python3_12_site-packages_PyQt6_Qt6_qml_QtQuick_Controls_FluentWinUI3 --> node_venv_lib_python3_12_site-packages_PyQt6_Qt6_qml_QtQuick_Controls_FluentWinUI3_dark["dark"]\n    node_venv_lib_python3_12_site-packages_PyQt6_Qt6_qml_QtQuick_Controls_FluentWinUI3_dark --> node_venv_lib_python3_12_site-packages_PyQt6_Qt6_qml_QtQuick_Controls_FluentWinUI3_dark_images["images"]\n    node_venv_lib_python3_12_site-packages_PyQt6_Qt6_qml_QtQuick_Controls_FluentWinUI3_dark_images --> node_venv_lib_python3_12_site-packages_PyQt6_Qt6_qml_QtQuick_Controls_FluentWinUI3_dark_images_pageindicatordelegate-indicator-disabled_png["pageindicatordelegate-indicator-disabled.png"]\n    Root --> node_venv["venv"]\n    node_venv --> node_venv_lib["lib"]\n    node_venv_lib --> node_venv_lib_python3_12["python3.12"]\n    node_venv_lib_python3_12 --> node_venv_lib_python3_12_site-packages["site-packages"]\n    node_venv_lib_python3_12_site-packages --> node_venv_lib_python3_12_site-packages_PyQt6["PyQt6"]\n    node_venv_lib_python3_12_site-packages_PyQt6 --> node_venv_lib_python3_12_site-packages_PyQt6_Qt6["Qt6"]\n    node_venv_lib_python3_12_site-packages_PyQt6_Qt6 --> node_venv_lib_python3_12_site-packages_PyQt6_Qt6_qml["qml"]\n    node_venv_lib_python3_12_site-packages_PyQt6_Qt6_qml --> node_venv_lib_python3_12_site-packages_PyQt6_Qt6_qml_QtQuick["QtQuick"]\n    node_venv_lib_python3_12_site-packages_PyQt6_Qt6_qml_QtQuick --> node_venv_lib_python3_12_site-packages_PyQt6_Qt6_qml_QtQuick_Controls["Controls"]\n    node_venv_lib_python3_12_site-packages_PyQt6_Qt6_qml_QtQuick_Controls --> node_venv_lib_python3_12_site-packages_PyQt6_Qt6_qml_QtQuick_Controls_FluentWinUI3["FluentWinUI3"]\n    node_venv_lib_python3_12_site-packages_PyQt6_Qt6_qml_QtQuick_Controls_FluentWinUI3 --> node_venv_lib_python3_12_site-packages_PyQt6_Qt6_qml_QtQuick_Controls_FluentWinUI3_dark["dark"]\n    node_venv_lib_python3_12_site-packages_PyQt6_Qt6_qml_QtQuick_Controls_FluentWinUI3_dark --> node_venv_lib_python3_12_site-packages_PyQt6_Qt6_qml_QtQuick_Controls_FluentWinUI3_dark_images["images"]\n    node_venv_lib_python3_12_site-packages_PyQt6_Qt6_qml_QtQuick_Controls_FluentWinUI3_dark_images --> node_venv_lib_python3_12_site-packages_PyQt6_Qt6_qml_QtQuick_Controls_FluentWinUI3_dark_images_pageindicatordelegate-indicator-disabled@2x_png["pageindicatordelegate-indicator-disabled@2x.png"]\n    Root --> node_venv["venv"]\n    node_venv --> node_venv_lib["lib"]\n    node_venv_lib --> node_venv_lib_python3_12["python3.12"]\n    node_venv_lib_python3_12 --> node_venv_lib_python3_12_site-packages["site-packages"]\n    node_venv_lib_python3_12_site-packages --> node_venv_lib_python3_12_site-packages_PyQt6["PyQt6"]\n    node_venv_lib_python3_12_site-packages_PyQt6 --> node_venv_lib_python3_12_site-packages_PyQt6_Qt6["Qt6"]\n    node_venv_lib_python3_12_site-packages_PyQt6_Qt6 --> node_venv_lib_python3_12_site-packages_PyQt6_Qt6_qml["qml"]\n    node_venv_lib_python3_12_site-packages_PyQt6_Qt6_qml --> node_venv_lib_python3_12_site-packages_PyQt6_Qt6_qml_QtQuick["QtQuick"]\n    node_venv_lib_python3_12_site-packages_PyQt6_Qt6_qml_QtQuick --> node_venv_lib_python3_12_site-packages_PyQt6_Qt6_qml_QtQuick_Controls["Controls"]\n    node_venv_lib_python3_12_site-packages_PyQt6_Qt6_qml_QtQuick_Controls --> node_venv_lib_python3_12_site-packages_PyQt6_Qt6_qml_QtQuick_Controls_FluentWinUI3["FluentWinUI3"]\n    node_venv_lib_python3_12_site-packages_PyQt6_Qt6_qml_QtQuick_Controls_FluentWinUI3 --> node_venv_lib_python3_12_site-packages_PyQt6_Qt6_qml_QtQuick_Controls_FluentWinUI3_dark["dark"]\n    node_venv_lib_python3_12_site-packages_PyQt6_Qt6_qml_QtQuick_Controls_FluentWinUI3_dark --> node_venv_lib_python3_12_site-packages_PyQt6_Qt6_qml_QtQuick_Controls_FluentWinUI3_dark_images["images"]\n    node_venv_lib_python3_12_site-packages_PyQt6_Qt6_qml_QtQuick_Controls_FluentWinUI3_dark_images --> node_venv_lib_python3_12_site-packages_PyQt6_Qt6_qml_QtQuick_Controls_FluentWinUI3_dark_images_pageindicatordelegate-indicator-disabled@3x_png["pageindicatordelegate-indicator-disabled@3x.png"]\n    Root --> node_venv["venv"]\n    node_venv --> node_venv_lib["lib"]\n    node_venv_lib --> node_venv_lib_python3_12["python3.12"]\n    node_venv_lib_python3_12 --> node_venv_lib_python3_12_site-packages["site-packages"]\n    node_venv_lib_python3_12_site-packages --> node_venv_lib_python3_12_site-packages_PyQt6["PyQt6"]\n    node_venv_lib_python3_12_site-packages_PyQt6 --> node_venv_lib_python3_12_site-packages_PyQt6_Qt6["Qt6"]\n    node_venv_lib_python3_12_site-packages_PyQt6_Qt6 --> node_venv_lib_python3_12_site-packages_PyQt6_Qt6_qml["qml"]\n    node_venv_lib_python3_12_site-packages_PyQt6_Qt6_qml --> node_venv_lib_python3_12_site-packages_PyQt6_Qt6_qml_QtQuick["QtQuick"]\n    node_venv_lib_python3_12_site-packages_PyQt6_Qt6_qml_QtQuick --> node_venv_lib_python3_12_site-packages_PyQt6_Qt6_qml_QtQuick_Controls["Controls"]\n    node_venv_lib_python3_12_site-packages_PyQt6_Qt6_qml_QtQuick_Controls --> node_venv_lib_python3_12_site-packages_PyQt6_Qt6_qml_QtQuick_Controls_FluentWinUI3["FluentWinUI3"]\n    node_venv_lib_python3_12_site-packages_PyQt6_Qt6_qml_QtQuick_Controls_FluentWinUI3 --> node_venv_lib_python3_12_site-packages_PyQt6_Qt6_qml_QtQuick_Controls_FluentWinUI3_dark["dark"]\n    node_venv_lib_python3_12_site-packages_PyQt6_Qt6_qml_QtQuick_Controls_FluentWinUI3_dark --> node_venv_lib_python3_12_site-packages_PyQt6_Qt6_qml_QtQuick_Controls_FluentWinUI3_dark_images["images"]\n    node_venv_lib_python3_12_site-packages_PyQt6_Qt6_qml_QtQuick_Controls_FluentWinUI3_dark_images --> node_venv_lib_python3_12_site-packages_PyQt6_Qt6_qml_QtQuick_Controls_FluentWinUI3_dark_images_pageindicatordelegate-indicator-hovered_png["pageindicatordelegate-indicator-hovered.png"]\n    Root --> node_venv["venv"]\n    node_venv --> node_venv_lib["lib"]\n    node_venv_lib --> node_venv_lib_python3_12["python3.12"]\n    node_venv_lib_python3_12 --> node_venv_lib_python3_12_site-packages["site-packages"]\n    node_venv_lib_python3_12_site-packages --> node_venv_lib_python3_12_site-packages_PyQt6["PyQt6"]\n    node_venv_lib_python3_12_site-packages_PyQt6 --> node_venv_lib_python3_12_site-packages_PyQt6_Qt6["Qt6"]\n    node_venv_lib_python3_12_site-packages_PyQt6_Qt6 --> node_venv_lib_python3_12_site-packages_PyQt6_Qt6_qml["qml"]\n    node_venv_lib_python3_12_site-packages_PyQt6_Qt6_qml --> node_venv_lib_python3_12_site-packages_PyQt6_Qt6_qml_QtQuick["QtQuick"]\n    node_venv_lib_python3_12_site-packages_PyQt6_Qt6_qml_QtQuick --> node_venv_lib_python3_12_site-packages_PyQt6_Qt6_qml_QtQuick_Controls["Controls"]\n    node_venv_lib_python3_12_site-packages_PyQt6_Qt6_qml_QtQuick_Controls --> node_venv_lib_python3_12_site-packages_PyQt6_Qt6_qml_QtQuick_Controls_FluentWinUI3["FluentWinUI3"]\n    node_venv_lib_python3_12_site-packages_PyQt6_Qt6_qml_QtQuick_Controls_FluentWinUI3 --> node_venv_lib_python3_12_site-packages_PyQt6_Qt6_qml_QtQuick_Controls_FluentWinUI3_dark["dark"]\n    node_venv_lib_python3_12_site-packages_PyQt6_Qt6_qml_QtQuick_Controls_FluentWinUI3_dark --> node_venv_lib_python3_12_site-packages_PyQt6_Qt6_qml_QtQuick_Controls_FluentWinUI3_dark_images["images"]\n    node_venv_lib_python3_12_site-packages_PyQt6_Qt6_qml_QtQuick_Controls_FluentWinUI3_dark_images --> node_venv_lib_python3_12_site-packages_PyQt6_Qt6_qml_QtQuick_Controls_FluentWinUI3_dark_images_pageindicatordelegate-indicator-hovered@2x_png["pageindicatordelegate-indicator-hovered@2x.png"]\n    Root --> node_venv["venv"]\n    node_venv --> node_venv_lib["lib"]\n    node_venv_lib --> node_venv_lib_python3_12["python3.12"]\n    node_venv_lib_python3_12 --> node_venv_lib_python3_12_site-packages["site-packages"]\n    node_venv_lib_python3_12_site-packages --> node_venv_lib_python3_12_site-packages_PyQt6["PyQt6"]\n    node_venv_lib_python3_12_site-packages_PyQt6 --> node_venv_lib_python3_12_site-packages_PyQt6_Qt6["Qt6"]\n    node_venv_lib_python3_12_site-packages_PyQt6_Qt6 --> node_venv_lib_python3_12_site-packages_PyQt6_Qt6_qml["qml"]\n    node_venv_lib_python3_12_site-packages_PyQt6_Qt6_qml --> node_venv_lib_python3_12_site-packages_PyQt6_Qt6_qml_QtQuick["QtQuick"]\n    node_venv_lib_python3_12_site-packages_PyQt6_Qt6_qml_QtQuick --> node_venv_lib_python3_12_site-packages_PyQt6_Qt6_qml_QtQuick_Controls["Controls"]\n    node_venv_lib_python3_12_site-packages_PyQt6_Qt6_qml_QtQuick_Controls --> node_venv_lib_python3_12_site-packages_PyQt6_Qt6_qml_QtQuick_Controls_FluentWinUI3["FluentWinUI3"]\n    node_venv_lib_python3_12_site-packages_PyQt6_Qt6_qml_QtQuick_Controls_FluentWinUI3 --> node_venv_lib_python3_12_site-packages_PyQt6_Qt6_qml_QtQuick_Controls_FluentWinUI3_dark["dark"]\n    node_venv_lib_python3_12_site-packages_PyQt6_Qt6_qml_QtQuick_Controls_FluentWinUI3_dark --> node_venv_lib_python3_12_site-packages_PyQt6_Qt6_qml_QtQuick_Controls_FluentWinUI3_dark_images["images"]\n    node_venv_lib_python3_12_site-packages_PyQt6_Qt6_qml_QtQuick_Controls_FluentWinUI3_dark_images --> node_venv_lib_python3_12_site-packages_PyQt6_Qt6_qml_QtQuick_Controls_FluentWinUI3_dark_images_pageindicatordelegate-indicator-hovered@3x_png["pageindicatordelegate-indicator-hovered@3x.png"]\n    Root --> node_venv["venv"]\n    node_venv --> node_venv_lib["lib"]\n    node_venv_lib --> node_venv_lib_python3_12["python3.12"]\n    node_venv_lib_python3_12 --> node_venv_lib_python3_12_site-packages["site-packages"]\n    node_venv_lib_python3_12_site-packages --> node_venv_lib_python3_12_site-packages_PyQt6["PyQt6"]\n    node_venv_lib_python3_12_site-packages_PyQt6 --> node_venv_lib_python3_12_site-packages_PyQt6_Qt6["Qt6"]\n    node_venv_lib_python3_12_site-packages_PyQt6_Qt6 --> node_venv_lib_python3_12_site-packages_PyQt6_Qt6_qml["qml"]\n    node_venv_lib_python3_12_site-packages_PyQt6_Qt6_qml --> node_venv_lib_python3_12_site-packages_PyQt6_Qt6_qml_QtQuick["QtQuick"]\n    node_venv_lib_python3_12_site-packages_PyQt6_Qt6_qml_QtQuick --> node_venv_lib_python3_12_site-packages_PyQt6_Qt6_qml_QtQuick_Controls["Controls"]\n    node_venv_lib_python3_12_site-packages_PyQt6_Qt6_qml_QtQuick_Controls --> node_venv_lib_python3_12_site-packages_PyQt6_Qt6_qml_QtQuick_Controls_FluentWinUI3["FluentWinUI3"]\n    node_venv_lib_python3_12_site-packages_PyQt6_Qt6_qml_QtQuick_Controls_FluentWinUI3 --> node_venv_lib_python3_12_site-packages_PyQt6_Qt6_qml_QtQuick_Controls_FluentWinUI3_dark["dark"]\n    node_venv_lib_python3_12_site-packages_PyQt6_Qt6_qml_QtQuick_Controls_FluentWinUI3_dark --> node_venv_lib_python3_12_site-packages_PyQt6_Qt6_qml_QtQuick_Controls_FluentWinUI3_dark_images["images"]\n    node_venv_lib_python3_12_site-packages_PyQt6_Qt6_qml_QtQuick_Controls_FluentWinUI3_dark_images --> node_venv_lib_python3_12_site-packages_PyQt6_Qt6_qml_QtQuick_Controls_FluentWinUI3_dark_images_pageindicatordelegate-indicator_png["pageindicatordelegate-indicator.png"]\n    Root --> node_venv["venv"]\n    node_venv --> node_venv_lib["lib"]\n    node_venv_lib --> node_venv_lib_python3_12["python3.12"]\n    node_venv_lib_python3_12 --> node_venv_lib_python3_12_site-packages["site-packages"]\n    node_venv_lib_python3_12_site-packages --> node_venv_lib_python3_12_site-packages_PyQt6["PyQt6"]\n    node_venv_lib_python3_12_site-packages_PyQt6 --> node_venv_lib_python3_12_site-packages_PyQt6_Qt6["Qt6"]\n    node_venv_lib_python3_12_site-packages_PyQt6_Qt6 --> node_venv_lib_python3_12_site-packages_PyQt6_Qt6_qml["qml"]\n    node_venv_lib_python3_12_site-packages_PyQt6_Qt6_qml --> node_venv_lib_python3_12_site-packages_PyQt6_Qt6_qml_QtQuick["QtQuick"]\n    node_venv_lib_python3_12_site-packages_PyQt6_Qt6_qml_QtQuick --> node_venv_lib_python3_12_site-packages_PyQt6_Qt6_qml_QtQuick_Controls["Controls"]\n    node_venv_lib_python3_12_site-packages_PyQt6_Qt6_qml_QtQuick_Controls --> node_venv_lib_python3_12_site-packages_PyQt6_Qt6_qml_QtQuick_Controls_FluentWinUI3["FluentWinUI3"]\n    node_venv_lib_python3_12_site-packages_PyQt6_Qt6_qml_QtQuick_Controls_FluentWinUI3 --> node_venv_lib_python3_12_site-packages_PyQt6_Qt6_qml_QtQuick_Controls_FluentWinUI3_dark["dark"]\n    node_venv_lib_python3_12_site-packages_PyQt6_Qt6_qml_QtQuick_Controls_FluentWinUI3_dark --> node_venv_lib_python3_12_site-packages_PyQt6_Qt6_qml_QtQuick_Controls_FluentWinUI3_dark_images["images"]\n    node_venv_lib_python3_12_site-packages_PyQt6_Qt6_qml_QtQuick_Controls_FluentWinUI3_dark_images --> node_venv_lib_python3_12_site-packages_PyQt6_Qt6_qml_QtQuick_Controls_FluentWinUI3_dark_images_pageindicatordelegate-indicator@2x_png["pageindicatordelegate-indicator@2x.png"]\n    Root --> node_venv["venv"]\n    node_venv --> node_venv_lib["lib"]\n    node_venv_lib --> node_venv_lib_python3_12["python3.12"]\n    node_venv_lib_python3_12 --> node_venv_lib_python3_12_site-packages["site-packages"]\n    node_venv_lib_python3_12_site-packages --> node_venv_lib_python3_12_site-packages_PyQt6["PyQt6"]\n    node_venv_lib_python3_12_site-packages_PyQt6 --> node_venv_lib_python3_12_site-packages_PyQt6_Qt6["Qt6"]\n    node_venv_lib_python3_12_site-packages_PyQt6_Qt6 --> node_venv_lib_python3_12_site-packages_PyQt6_Qt6_qml["qml"]\n    node_venv_lib_python3_12_site-packages_PyQt6_Qt6_qml --> node_venv_lib_python3_12_site-packages_PyQt6_Qt6_qml_QtQuick["QtQuick"]\n    node_venv_lib_python3_12_site-packages_PyQt6_Qt6_qml_QtQuick --> node_venv_lib_python3_12_site-packages_PyQt6_Qt6_qml_QtQuick_Controls["Controls"]\n    node_venv_lib_python3_12_site-packages_PyQt6_Qt6_qml_QtQuick_Controls --> node_venv_lib_python3_12_site-packages_PyQt6_Qt6_qml_QtQuick_Controls_FluentWinUI3["FluentWinUI3"]\n    node_venv_lib_python3_12_site-packages_PyQt6_Qt6_qml_QtQuick_Controls_FluentWinUI3 --> node_venv_lib_python3_12_site-packages_PyQt6_Qt6_qml_QtQuick_Controls_FluentWinUI3_dark["dark"]\n    node_venv_lib_python3_12_site-packages_PyQt6_Qt6_qml_QtQuick_Controls_FluentWinUI3_dark --> node_venv_lib_python3_12_site-packages_PyQt6_Qt6_qml_QtQuick_Controls_FluentWinUI3_dark_images["images"]\n    node_venv_lib_python3_12_site-packages_PyQt6_Qt6_qml_QtQuick_Controls_FluentWinUI3_dark_images --> node_venv_lib_python3_12_site-packages_PyQt6_Qt6_qml_QtQuick_Controls_FluentWinUI3_dark_images_pageindicatordelegate-indicator@3x_png["pageindicatordelegate-indicator@3x.png"]\n    Root --> node_venv["venv"]\n    node_venv --> node_venv_lib["lib"]\n    node_venv_lib --> node_venv_lib_python3_12["python3.12"]\n    node_venv_lib_python3_12 --> node_venv_lib_python3_12_site-packages["site-packages"]\n    node_venv_lib_python3_12_site-packages --> node_venv_lib_python3_12_site-packages_PyQt6["PyQt6"]\n    node_venv_lib_python3_12_site-packages_PyQt6 --> node_venv_lib_python3_12_site-packages_PyQt6_Qt6["Qt6"]\n    node_venv_lib_python3_12_site-packages_PyQt6_Qt6 --> node_venv_lib_python3_12_site-packages_PyQt6_Qt6_qml["qml"]\n    node_venv_lib_python3_12_site-packages_PyQt6_Qt6_qml --> node_venv_lib_python3_12_site-packages_PyQt6_Qt6_qml_QtQuick["QtQuick"]\n    node_venv_lib_python3_12_site-packages_PyQt6_Qt6_qml_QtQuick --> node_venv_lib_python3_12_site-packages_PyQt6_Qt6_qml_QtQuick_Controls["Controls"]\n    node_venv_lib_python3_12_site-packages_PyQt6_Qt6_qml_QtQuick_Controls --> node_venv_lib_python3_12_site-packages_PyQt6_Qt6_qml_QtQuick_Controls_FluentWinUI3["FluentWinUI3"]\n    node_venv_lib_python3_12_site-packages_PyQt6_Qt6_qml_QtQuick_Controls_FluentWinUI3 --> node_venv_lib_python3_12_site-packages_PyQt6_Qt6_qml_QtQuick_Controls_FluentWinUI3_dark["dark"]\n    node_venv_lib_python3_12_site-packages_PyQt6_Qt6_qml_QtQuick_Controls_FluentWinUI3_dark --> node_venv_lib_python3_12_site-packages_PyQt6_Qt6_qml_QtQuick_Controls_FluentWinUI3_dark_images["images"]\n    node_venv_lib_python3_12_site-packages_PyQt6_Qt6_qml_QtQuick_Controls_FluentWinUI3_dark_images --> node_venv_lib_python3_12_site-packages_PyQt6_Qt6_qml_QtQuick_Controls_FluentWinUI3_dark_images_popup-background_png["popup-background.png"]\n    Root --> node_venv["venv"]\n    node_venv --> node_venv_lib["lib"]\n    node_venv_lib --> node_venv_lib_python3_12["python3.12"]\n    node_venv_lib_python3_12 --> node_venv_lib_python3_12_site-packages["site-packages"]\n    node_venv_lib_python3_12_site-packages --> node_venv_lib_python3_12_site-packages_PyQt6["PyQt6"]\n    node_venv_lib_python3_12_site-packages_PyQt6 --> node_venv_lib_python3_12_site-packages_PyQt6_Qt6["Qt6"]\n    node_venv_lib_python3_12_site-packages_PyQt6_Qt6 --> node_venv_lib_python3_12_site-packages_PyQt6_Qt6_qml["qml"]\n    node_venv_lib_python3_12_site-packages_PyQt6_Qt6_qml --> node_venv_lib_python3_12_site-packages_PyQt6_Qt6_qml_QtQuick["QtQuick"]\n    node_venv_lib_python3_12_site-packages_PyQt6_Qt6_qml_QtQuick --> node_venv_lib_python3_12_site-packages_PyQt6_Qt6_qml_QtQuick_Controls["Controls"]\n    node_venv_lib_python3_12_site-packages_PyQt6_Qt6_qml_QtQuick_Controls --> node_venv_lib_python3_12_site-packages_PyQt6_Qt6_qml_QtQuick_Controls_FluentWinUI3["FluentWinUI3"]\n    node_venv_lib_python3_12_site-packages_PyQt6_Qt6_qml_QtQuick_Controls_FluentWinUI3 --> node_venv_lib_python3_12_site-packages_PyQt6_Qt6_qml_QtQuick_Controls_FluentWinUI3_dark["dark"]\n    node_venv_lib_python3_12_site-packages_PyQt6_Qt6_qml_QtQuick_Controls_FluentWinUI3_dark --> node_venv_lib_python3_12_site-packages_PyQt6_Qt6_qml_QtQuick_Controls_FluentWinUI3_dark_images["images"]\n    node_venv_lib_python3_12_site-packages_PyQt6_Qt6_qml_QtQuick_Controls_FluentWinUI3_dark_images --> node_venv_lib_python3_12_site-packages_PyQt6_Qt6_qml_QtQuick_Controls_FluentWinUI3_dark_images_popup-background@2x_png["popup-background@2x.png"]\n    Root --> node_venv["venv"]\n    node_venv --> node_venv_lib["lib"]\n    node_venv_lib --> node_venv_lib_python3_12["python3.12"]\n    node_venv_lib_python3_12 --> node_venv_lib_python3_12_site-packages["site-packages"]\n    node_venv_lib_python3_12_site-packages --> node_venv_lib_python3_12_site-packages_PyQt6["PyQt6"]\n    node_venv_lib_python3_12_site-packages_PyQt6 --> node_venv_lib_python3_12_site-packages_PyQt6_Qt6["Qt6"]\n    node_venv_lib_python3_12_site-packages_PyQt6_Qt6 --> node_venv_lib_python3_12_site-packages_PyQt6_Qt6_qml["qml"]\n    node_venv_lib_python3_12_site-packages_PyQt6_Qt6_qml --> node_venv_lib_python3_12_site-packages_PyQt6_Qt6_qml_QtQuick["QtQuick"]\n    node_venv_lib_python3_12_site-packages_PyQt6_Qt6_qml_QtQuick --> node_venv_lib_python3_12_site-packages_PyQt6_Qt6_qml_QtQuick_Controls["Controls"]\n    node_venv_lib_python3_12_site-packages_PyQt6_Qt6_qml_QtQuick_Controls --> node_venv_lib_python3_12_site-packages_PyQt6_Qt6_qml_QtQuick_Controls_FluentWinUI3["FluentWinUI3"]\n    node_venv_lib_python3_12_site-packages_PyQt6_Qt6_qml_QtQuick_Controls_FluentWinUI3 --> node_venv_lib_python3_12_site-packages_PyQt6_Qt6_qml_QtQuick_Controls_FluentWinUI3_dark["dark"]\n    node_venv_lib_python3_12_site-packages_PyQt6_Qt6_qml_QtQuick_Controls_FluentWinUI3_dark --> node_venv_lib_python3_12_site-packages_PyQt6_Qt6_qml_QtQuick_Controls_FluentWinUI3_dark_images["images"]\n    node_venv_lib_python3_12_site-packages_PyQt6_Qt6_qml_QtQuick_Controls_FluentWinUI3_dark_images --> node_venv_lib_python3_12_site-packages_PyQt6_Qt6_qml_QtQuick_Controls_FluentWinUI3_dark_images_popup-background@3x_png["popup-background@3x.png"]\n    Root --> node_venv["venv"]\n    node_venv --> node_venv_lib["lib"]\n    node_venv_lib --> node_venv_lib_python3_12["python3.12"]\n    node_venv_lib_python3_12 --> node_venv_lib_python3_12_site-packages["site-packages"]\n    node_venv_lib_python3_12_site-packages --> node_venv_lib_python3_12_site-packages_PyQt6["PyQt6"]\n    node_venv_lib_python3_12_site-packages_PyQt6 --> node_venv_lib_python3_12_site-packages_PyQt6_Qt6["Qt6"]\n    node_venv_lib_python3_12_site-packages_PyQt6_Qt6 --> node_venv_lib_python3_12_site-packages_PyQt6_Qt6_qml["qml"]\n    node_venv_lib_python3_12_site-packages_PyQt6_Qt6_qml --> node_venv_lib_python3_12_site-packages_PyQt6_Qt6_qml_QtQuick["QtQuick"]\n    node_venv_lib_python3_12_site-packages_PyQt6_Qt6_qml_QtQuick --> node_venv_lib_python3_12_site-packages_PyQt6_Qt6_qml_QtQuick_Controls["Controls"]\n    node_venv_lib_python3_12_site-packages_PyQt6_Qt6_qml_QtQuick_Controls --> node_venv_lib_python3_12_site-packages_PyQt6_Qt6_qml_QtQuick_Controls_FluentWinUI3["FluentWinUI3"]\n    node_venv_lib_python3_12_site-packages_PyQt6_Qt6_qml_QtQuick_Controls_FluentWinUI3 --> node_venv_lib_python3_12_site-packages_PyQt6_Qt6_qml_QtQuick_Controls_FluentWinUI3_dark["dark"]\n    node_venv_lib_python3_12_site-packages_PyQt6_Qt6_qml_QtQuick_Controls_FluentWinUI3_dark --> node_venv_lib_python3_12_site-packages_PyQt6_Qt6_qml_QtQuick_Controls_FluentWinUI3_dark_images["images"]\n    node_venv_lib_python3_12_site-packages_PyQt6_Qt6_qml_QtQuick_Controls_FluentWinUI3_dark_images --> node_venv_lib_python3_12_site-packages_PyQt6_Qt6_qml_QtQuick_Controls_FluentWinUI3_dark_images_progressbar-groove-disabled_png["progressbar-groove-disabled.png"]\n    Root --> node_venv["venv"]\n    node_venv --> node_venv_lib["lib"]\n    node_venv_lib --> node_venv_lib_python3_12["python3.12"]\n    node_venv_lib_python3_12 --> node_venv_lib_python3_12_site-packages["site-packages"]\n    node_venv_lib_python3_12_site-packages --> node_venv_lib_python3_12_site-packages_PyQt6["PyQt6"]\n    node_venv_lib_python3_12_site-packages_PyQt6 --> node_venv_lib_python3_12_site-packages_PyQt6_Qt6["Qt6"]\n    node_venv_lib_python3_12_site-packages_PyQt6_Qt6 --> node_venv_lib_python3_12_site-packages_PyQt6_Qt6_qml["qml"]\n    node_venv_lib_python3_12_site-packages_PyQt6_Qt6_qml --> node_venv_lib_python3_12_site-packages_PyQt6_Qt6_qml_QtQuick["QtQuick"]\n    node_venv_lib_python3_12_site-packages_PyQt6_Qt6_qml_QtQuick --> node_venv_lib_python3_12_site-packages_PyQt6_Qt6_qml_QtQuick_Controls["Controls"]\n    node_venv_lib_python3_12_site-packages_PyQt6_Qt6_qml_QtQuick_Controls --> node_venv_lib_python3_12_site-packages_PyQt6_Qt6_qml_QtQuick_Controls_FluentWinUI3["FluentWinUI3"]\n    node_venv_lib_python3_12_site-packages_PyQt6_Qt6_qml_QtQuick_Controls_FluentWinUI3 --> node_venv_lib_python3_12_site-packages_PyQt6_Qt6_qml_QtQuick_Controls_FluentWinUI3_dark["dark"]\n    node_venv_lib_python3_12_site-packages_PyQt6_Qt6_qml_QtQuick_Controls_FluentWinUI3_dark --> node_venv_lib_python3_12_site-packages_PyQt6_Qt6_qml_QtQuick_Controls_FluentWinUI3_dark_images["images"]\n    node_venv_lib_python3_12_site-packages_PyQt6_Qt6_qml_QtQuick_Controls_FluentWinUI3_dark_images --> node_venv_lib_python3_12_site-packages_PyQt6_Qt6_qml_QtQuick_Controls_FluentWinUI3_dark_images_progressbar-groove-disabled@2x_png["progressbar-groove-disabled@2x.png"]\n    Root --> node_venv["venv"]\n    node_venv --> node_venv_lib["lib"]\n    node_venv_lib --> node_venv_lib_python3_12["python3.12"]\n    node_venv_lib_python3_12 --> node_venv_lib_python3_12_site-packages["site-packages"]\n    node_venv_lib_python3_12_site-packages --> node_venv_lib_python3_12_site-packages_PyQt6["PyQt6"]\n    node_venv_lib_python3_12_site-packages_PyQt6 --> node_venv_lib_python3_12_site-packages_PyQt6_Qt6["Qt6"]\n    node_venv_lib_python3_12_site-packages_PyQt6_Qt6 --> node_venv_lib_python3_12_site-packages_PyQt6_Qt6_qml["qml"]\n    node_venv_lib_python3_12_site-packages_PyQt6_Qt6_qml --> node_venv_lib_python3_12_site-packages_PyQt6_Qt6_qml_QtQuick["QtQuick"]\n    node_venv_lib_python3_12_site-packages_PyQt6_Qt6_qml_QtQuick --> node_venv_lib_python3_12_site-packages_PyQt6_Qt6_qml_QtQuick_Controls["Controls"]\n    node_venv_lib_python3_12_site-packages_PyQt6_Qt6_qml_QtQuick_Controls --> node_venv_lib_python3_12_site-packages_PyQt6_Qt6_qml_QtQuick_Controls_FluentWinUI3["FluentWinUI3"]\n    node_venv_lib_python3_12_site-packages_PyQt6_Qt6_qml_QtQuick_Controls_FluentWinUI3 --> node_venv_lib_python3_12_site-packages_PyQt6_Qt6_qml_QtQuick_Controls_FluentWinUI3_dark["dark"]\n    node_venv_lib_python3_12_site-packages_PyQt6_Qt6_qml_QtQuick_Controls_FluentWinUI3_dark --> node_venv_lib_python3_12_site-packages_PyQt6_Qt6_qml_QtQuick_Controls_FluentWinUI3_dark_images["images"]\n    node_venv_lib_python3_12_site-packages_PyQt6_Qt6_qml_QtQuick_Controls_FluentWinUI3_dark_images --> node_venv_lib_python3_12_site-packages_PyQt6_Qt6_qml_QtQuick_Controls_FluentWinUI3_dark_images_progressbar-groove-disabled@3x_png["progressbar-groove-disabled@3x.png"]\n    Root --> node_venv["venv"]\n    node_venv --> node_venv_lib["lib"]\n    node_venv_lib --> node_venv_lib_python3_12["python3.12"]\n    node_venv_lib_python3_12 --> node_venv_lib_python3_12_site-packages["site-packages"]\n    node_venv_lib_python3_12_site-packages --> node_venv_lib_python3_12_site-packages_PyQt6["PyQt6"]\n    node_venv_lib_python3_12_site-packages_PyQt6 --> node_venv_lib_python3_12_site-packages_PyQt6_Qt6["Qt6"]\n    node_venv_lib_python3_12_site-packages_PyQt6_Qt6 --> node_venv_lib_python3_12_site-packages_PyQt6_Qt6_qml["qml"]\n    node_venv_lib_python3_12_site-packages_PyQt6_Qt6_qml --> node_venv_lib_python3_12_site-packages_PyQt6_Qt6_qml_QtQuick["QtQuick"]\n    node_venv_lib_python3_12_site-packages_PyQt6_Qt6_qml_QtQuick --> node_venv_lib_python3_12_site-packages_PyQt6_Qt6_qml_QtQuick_Controls["Controls"]\n    node_venv_lib_python3_12_site-packages_PyQt6_Qt6_qml_QtQuick_Controls --> node_venv_lib_python3_12_site-packages_PyQt6_Qt6_qml_QtQuick_Controls_FluentWinUI3["FluentWinUI3"]\n    node_venv_lib_python3_12_site-packages_PyQt6_Qt6_qml_QtQuick_Controls_FluentWinUI3 --> node_venv_lib_python3_12_site-packages_PyQt6_Qt6_qml_QtQuick_Controls_FluentWinUI3_dark["dark"]\n    node_venv_lib_python3_12_site-packages_PyQt6_Qt6_qml_QtQuick_Controls_FluentWinUI3_dark --> node_venv_lib_python3_12_site-packages_PyQt6_Qt6_qml_QtQuick_Controls_FluentWinUI3_dark_images["images"]\n    node_venv_lib_python3_12_site-packages_PyQt6_Qt6_qml_QtQuick_Controls_FluentWinUI3_dark_images --> node_venv_lib_python3_12_site-packages_PyQt6_Qt6_qml_QtQuick_Controls_FluentWinUI3_dark_images_progressbar-groove_png["progressbar-groove.png"]\n    Root --> node_venv["venv"]\n    node_venv --> node_venv_lib["lib"]\n    node_venv_lib --> node_venv_lib_python3_12["python3.12"]\n    node_venv_lib_python3_12 --> node_venv_lib_python3_12_site-packages["site-packages"]\n    node_venv_lib_python3_12_site-packages --> node_venv_lib_python3_12_site-packages_PyQt6["PyQt6"]\n    node_venv_lib_python3_12_site-packages_PyQt6 --> node_venv_lib_python3_12_site-packages_PyQt6_Qt6["Qt6"]\n    node_venv_lib_python3_12_site-packages_PyQt6_Qt6 --> node_venv_lib_python3_12_site-packages_PyQt6_Qt6_qml["qml"]\n    node_venv_lib_python3_12_site-packages_PyQt6_Qt6_qml --> node_venv_lib_python3_12_site-packages_PyQt6_Qt6_qml_QtQuick["QtQuick"]\n    node_venv_lib_python3_12_site-packages_PyQt6_Qt6_qml_QtQuick --> node_venv_lib_python3_12_site-packages_PyQt6_Qt6_qml_QtQuick_Controls["Controls"]\n    node_venv_lib_python3_12_site-packages_PyQt6_Qt6_qml_QtQuick_Controls --> node_venv_lib_python3_12_site-packages_PyQt6_Qt6_qml_QtQuick_Controls_FluentWinUI3["FluentWinUI3"]\n    node_venv_lib_python3_12_site-packages_PyQt6_Qt6_qml_QtQuick_Controls_FluentWinUI3 --> node_venv_lib_python3_12_site-packages_PyQt6_Qt6_qml_QtQuick_Controls_FluentWinUI3_dark["dark"]\n    node_venv_lib_python3_12_site-packages_PyQt6_Qt6_qml_QtQuick_Controls_FluentWinUI3_dark --> node_venv_lib_python3_12_site-packages_PyQt6_Qt6_qml_QtQuick_Controls_FluentWinUI3_dark_images["images"]\n    node_venv_lib_python3_12_site-packages_PyQt6_Qt6_qml_QtQuick_Controls_FluentWinUI3_dark_images --> node_venv_lib_python3_12_site-packages_PyQt6_Qt6_qml_QtQuick_Controls_FluentWinUI3_dark_images_progressbar-groove@2x_png["progressbar-groove@2x.png"]\n    Root --> node_venv["venv"]\n    node_venv --> node_venv_lib["lib"]\n    node_venv_lib --> node_venv_lib_python3_12["python3.12"]\n    node_venv_lib_python3_12 --> node_venv_lib_python3_12_site-packages["site-packages"]\n    node_venv_lib_python3_12_site-packages --> node_venv_lib_python3_12_site-packages_PyQt6["PyQt6"]\n    node_venv_lib_python3_12_site-packages_PyQt6 --> node_venv_lib_python3_12_site-packages_PyQt6_Qt6["Qt6"]\n    node_venv_lib_python3_12_site-packages_PyQt6_Qt6 --> node_venv_lib_python3_12_site-packages_PyQt6_Qt6_qml["qml"]\n    node_venv_lib_python3_12_site-packages_PyQt6_Qt6_qml --> node_venv_lib_python3_12_site-packages_PyQt6_Qt6_qml_QtQuick["QtQuick"]\n    node_venv_lib_python3_12_site-packages_PyQt6_Qt6_qml_QtQuick --> node_venv_lib_python3_12_site-packages_PyQt6_Qt6_qml_QtQuick_Controls["Controls"]\n    node_venv_lib_python3_12_site-packages_PyQt6_Qt6_qml_QtQuick_Controls --> node_venv_lib_python3_12_site-packages_PyQt6_Qt6_qml_QtQuick_Controls_FluentWinUI3["FluentWinUI3"]\n    node_venv_lib_python3_12_site-packages_PyQt6_Qt6_qml_QtQuick_Controls_FluentWinUI3 --> node_venv_lib_python3_12_site-packages_PyQt6_Qt6_qml_QtQuick_Controls_FluentWinUI3_dark["dark"]\n    node_venv_lib_python3_12_site-packages_PyQt6_Qt6_qml_QtQuick_Controls_FluentWinUI3_dark --> node_venv_lib_python3_12_site-packages_PyQt6_Qt6_qml_QtQuick_Controls_FluentWinUI3_dark_images["images"]\n    node_venv_lib_python3_12_site-packages_PyQt6_Qt6_qml_QtQuick_Controls_FluentWinUI3_dark_images --> node_venv_lib_python3_12_site-packages_PyQt6_Qt6_qml_QtQuick_Controls_FluentWinUI3_dark_images_progressbar-groove@3x_png["progressbar-groove@3x.png"]\n    Root --> node_venv["venv"]\n    node_venv --> node_venv_lib["lib"]\n    node_venv_lib --> node_venv_lib_python3_12["python3.12"]\n    node_venv_lib_python3_12 --> node_venv_lib_python3_12_site-packages["site-packages"]\n    node_venv_lib_python3_12_site-packages --> node_venv_lib_python3_12_site-packages_PyQt6["PyQt6"]\n    node_venv_lib_python3_12_site-packages_PyQt6 --> node_venv_lib_python3_12_site-packages_PyQt6_Qt6["Qt6"]\n    node_venv_lib_python3_12_site-packages_PyQt6_Qt6 --> node_venv_lib_python3_12_site-packages_PyQt6_Qt6_qml["qml"]\n    node_venv_lib_python3_12_site-packages_PyQt6_Qt6_qml --> node_venv_lib_python3_12_site-packages_PyQt6_Qt6_qml_QtQuick["QtQuick"]\n    node_venv_lib_python3_12_site-packages_PyQt6_Qt6_qml_QtQuick --> node_venv_lib_python3_12_site-packages_PyQt6_Qt6_qml_QtQuick_Controls["Controls"]\n    node_venv_lib_python3_12_site-packages_PyQt6_Qt6_qml_QtQuick_Controls --> node_venv_lib_python3_12_site-packages_PyQt6_Qt6_qml_QtQuick_Controls_FluentWinUI3["FluentWinUI3"]\n    node_venv_lib_python3_12_site-packages_PyQt6_Qt6_qml_QtQuick_Controls_FluentWinUI3 --> node_venv_lib_python3_12_site-packages_PyQt6_Qt6_qml_QtQuick_Controls_FluentWinUI3_dark["dark"]\n    node_venv_lib_python3_12_site-packages_PyQt6_Qt6_qml_QtQuick_Controls_FluentWinUI3_dark --> node_venv_lib_python3_12_site-packages_PyQt6_Qt6_qml_QtQuick_Controls_FluentWinUI3_dark_images["images"]\n    node_venv_lib_python3_12_site-packages_PyQt6_Qt6_qml_QtQuick_Controls_FluentWinUI3_dark_images --> node_venv_lib_python3_12_site-packages_PyQt6_Qt6_qml_QtQuick_Controls_FluentWinUI3_dark_images_radiobutton-indicator-checked-disabled_png["radiobutton-indicator-checked-disabled.png"]\n    Root --> node_venv["venv"]\n    node_venv --> node_venv_lib["lib"]\n    node_venv_lib --> node_venv_lib_python3_12["python3.12"]\n    node_venv_lib_python3_12 --> node_venv_lib_python3_12_site-packages["site-packages"]\n    node_venv_lib_python3_12_site-packages --> node_venv_lib_python3_12_site-packages_PyQt6["PyQt6"]\n    node_venv_lib_python3_12_site-packages_PyQt6 --> node_venv_lib_python3_12_site-packages_PyQt6_Qt6["Qt6"]\n    node_venv_lib_python3_12_site-packages_PyQt6_Qt6 --> node_venv_lib_python3_12_site-packages_PyQt6_Qt6_qml["qml"]\n    node_venv_lib_python3_12_site-packages_PyQt6_Qt6_qml --> node_venv_lib_python3_12_site-packages_PyQt6_Qt6_qml_QtQuick["QtQuick"]\n    node_venv_lib_python3_12_site-packages_PyQt6_Qt6_qml_QtQuick --> node_venv_lib_python3_12_site-packages_PyQt6_Qt6_qml_QtQuick_Controls["Controls"]\n    node_venv_lib_python3_12_site-packages_PyQt6_Qt6_qml_QtQuick_Controls --> node_venv_lib_python3_12_site-packages_PyQt6_Qt6_qml_QtQuick_Controls_FluentWinUI3["FluentWinUI3"]\n    node_venv_lib_python3_12_site-packages_PyQt6_Qt6_qml_QtQuick_Controls_FluentWinUI3 --> node_venv_lib_python3_12_site-packages_PyQt6_Qt6_qml_QtQuick_Controls_FluentWinUI3_dark["dark"]\n    node_venv_lib_python3_12_site-packages_PyQt6_Qt6_qml_QtQuick_Controls_FluentWinUI3_dark --> node_venv_lib_python3_12_site-packages_PyQt6_Qt6_qml_QtQuick_Controls_FluentWinUI3_dark_images["images"]\n    node_venv_lib_python3_12_site-packages_PyQt6_Qt6_qml_QtQuick_Controls_FluentWinUI3_dark_images --> node_venv_lib_python3_12_site-packages_PyQt6_Qt6_qml_QtQuick_Controls_FluentWinUI3_dark_images_radiobutton-indicator-checked-disabled@2x_png["radiobutton-indicator-checked-disabled@2x.png"]\n    Root --> node_venv["venv"]\n    node_venv --> node_venv_lib["lib"]\n    node_venv_lib --> node_venv_lib_python3_12["python3.12"]\n    node_venv_lib_python3_12 --> node_venv_lib_python3_12_site-packages["site-packages"]\n    node_venv_lib_python3_12_site-packages --> node_venv_lib_python3_12_site-packages_PyQt6["PyQt6"]\n    node_venv_lib_python3_12_site-packages_PyQt6 --> node_venv_lib_python3_12_site-packages_PyQt6_Qt6["Qt6"]\n    node_venv_lib_python3_12_site-packages_PyQt6_Qt6 --> node_venv_lib_python3_12_site-packages_PyQt6_Qt6_qml["qml"]\n    node_venv_lib_python3_12_site-packages_PyQt6_Qt6_qml --> node_venv_lib_python3_12_site-packages_PyQt6_Qt6_qml_QtQuick["QtQuick"]\n    node_venv_lib_python3_12_site-packages_PyQt6_Qt6_qml_QtQuick --> node_venv_lib_python3_12_site-packages_PyQt6_Qt6_qml_QtQuick_Controls["Controls"]\n    node_venv_lib_python3_12_site-packages_PyQt6_Qt6_qml_QtQuick_Controls --> node_venv_lib_python3_12_site-packages_PyQt6_Qt6_qml_QtQuick_Controls_FluentWinUI3["FluentWinUI3"]\n    node_venv_lib_python3_12_site-packages_PyQt6_Qt6_qml_QtQuick_Controls_FluentWinUI3 --> node_venv_lib_python3_12_site-packages_PyQt6_Qt6_qml_QtQuick_Controls_FluentWinUI3_dark["dark"]\n    node_venv_lib_python3_12_site-packages_PyQt6_Qt6_qml_QtQuick_Controls_FluentWinUI3_dark --> node_venv_lib_python3_12_site-packages_PyQt6_Qt6_qml_QtQuick_Controls_FluentWinUI3_dark_images["images"]\n    node_venv_lib_python3_12_site-packages_PyQt6_Qt6_qml_QtQuick_Controls_FluentWinUI3_dark_images --> node_venv_lib_python3_12_site-packages_PyQt6_Qt6_qml_QtQuick_Controls_FluentWinUI3_dark_images_radiobutton-indicator-checked-disabled@3x_png["radiobutton-indicator-checked-disabled@3x.png"]\n    Root --> node_venv["venv"]\n    node_venv --> node_venv_lib["lib"]\n    node_venv_lib --> node_venv_lib_python3_12["python3.12"]\n    node_venv_lib_python3_12 --> node_venv_lib_python3_12_site-packages["site-packages"]\n    node_venv_lib_python3_12_site-packages --> node_venv_lib_python3_12_site-packages_PyQt6["PyQt6"]\n    node_venv_lib_python3_12_site-packages_PyQt6 --> node_venv_lib_python3_12_site-packages_PyQt6_Qt6["Qt6"]\n    node_venv_lib_python3_12_site-packages_PyQt6_Qt6 --> node_venv_lib_python3_12_site-packages_PyQt6_Qt6_qml["qml"]\n    node_venv_lib_python3_12_site-packages_PyQt6_Qt6_qml --> node_venv_lib_python3_12_site-packages_PyQt6_Qt6_qml_QtQuick["QtQuick"]\n    node_venv_lib_python3_12_site-packages_PyQt6_Qt6_qml_QtQuick --> node_venv_lib_python3_12_site-packages_PyQt6_Qt6_qml_QtQuick_Controls["Controls"]\n    node_venv_lib_python3_12_site-packages_PyQt6_Qt6_qml_QtQuick_Controls --> node_venv_lib_python3_12_site-packages_PyQt6_Qt6_qml_QtQuick_Controls_FluentWinUI3["FluentWinUI3"]\n    node_venv_lib_python3_12_site-packages_PyQt6_Qt6_qml_QtQuick_Controls_FluentWinUI3 --> node_venv_lib_python3_12_site-packages_PyQt6_Qt6_qml_QtQuick_Controls_FluentWinUI3_dark["dark"]\n    node_venv_lib_python3_12_site-packages_PyQt6_Qt6_qml_QtQuick_Controls_FluentWinUI3_dark --> node_venv_lib_python3_12_site-packages_PyQt6_Qt6_qml_QtQuick_Controls_FluentWinUI3_dark_images["images"]\n    node_venv_lib_python3_12_site-packages_PyQt6_Qt6_qml_QtQuick_Controls_FluentWinUI3_dark_images --> node_venv_lib_python3_12_site-packages_PyQt6_Qt6_qml_QtQuick_Controls_FluentWinUI3_dark_images_radiobutton-indicator-checked-hovered_png["radiobutton-indicator-checked-hovered.png"]\n    Root --> node_venv["venv"]\n    node_venv --> node_venv_lib["lib"]\n    node_venv_lib --> node_venv_lib_python3_12["python3.12"]\n    node_venv_lib_python3_12 --> node_venv_lib_python3_12_site-packages["site-packages"]\n    node_venv_lib_python3_12_site-packages --> node_venv_lib_python3_12_site-packages_PyQt6["PyQt6"]\n    node_venv_lib_python3_12_site-packages_PyQt6 --> node_venv_lib_python3_12_site-packages_PyQt6_Qt6["Qt6"]\n    node_venv_lib_python3_12_site-packages_PyQt6_Qt6 --> node_venv_lib_python3_12_site-packages_PyQt6_Qt6_qml["qml"]\n    node_venv_lib_python3_12_site-packages_PyQt6_Qt6_qml --> node_venv_lib_python3_12_site-packages_PyQt6_Qt6_qml_QtQuick["QtQuick"]\n    node_venv_lib_python3_12_site-packages_PyQt6_Qt6_qml_QtQuick --> node_venv_lib_python3_12_site-packages_PyQt6_Qt6_qml_QtQuick_Controls["Controls"]\n    node_venv_lib_python3_12_site-packages_PyQt6_Qt6_qml_QtQuick_Controls --> node_venv_lib_python3_12_site-packages_PyQt6_Qt6_qml_QtQuick_Controls_FluentWinUI3["FluentWinUI3"]\n    node_venv_lib_python3_12_site-packages_PyQt6_Qt6_qml_QtQuick_Controls_FluentWinUI3 --> node_venv_lib_python3_12_site-packages_PyQt6_Qt6_qml_QtQuick_Controls_FluentWinUI3_dark["dark"]\n    node_venv_lib_python3_12_site-packages_PyQt6_Qt6_qml_QtQuick_Controls_FluentWinUI3_dark --> node_venv_lib_python3_12_site-packages_PyQt6_Qt6_qml_QtQuick_Controls_FluentWinUI3_dark_images["images"]\n    node_venv_lib_python3_12_site-packages_PyQt6_Qt6_qml_QtQuick_Controls_FluentWinUI3_dark_images --> node_venv_lib_python3_12_site-packages_PyQt6_Qt6_qml_QtQuick_Controls_FluentWinUI3_dark_images_radiobutton-indicator-checked-hovered@2x_png["radiobutton-indicator-checked-hovered@2x.png"]\n    Root --> node_venv["venv"]\n    node_venv --> node_venv_lib["lib"]\n    node_venv_lib --> node_venv_lib_python3_12["python3.12"]\n    node_venv_lib_python3_12 --> node_venv_lib_python3_12_site-packages["site-packages"]\n    node_venv_lib_python3_12_site-packages --> node_venv_lib_python3_12_site-packages_PyQt6["PyQt6"]\n    node_venv_lib_python3_12_site-packages_PyQt6 --> node_venv_lib_python3_12_site-packages_PyQt6_Qt6["Qt6"]\n    node_venv_lib_python3_12_site-packages_PyQt6_Qt6 --> node_venv_lib_python3_12_site-packages_PyQt6_Qt6_qml["qml"]\n    node_venv_lib_python3_12_site-packages_PyQt6_Qt6_qml --> node_venv_lib_python3_12_site-packages_PyQt6_Qt6_qml_QtQuick["QtQuick"]\n    node_venv_lib_python3_12_site-packages_PyQt6_Qt6_qml_QtQuick --> node_venv_lib_python3_12_site-packages_PyQt6_Qt6_qml_QtQuick_Controls["Controls"]\n    node_venv_lib_python3_12_site-packages_PyQt6_Qt6_qml_QtQuick_Controls --> node_venv_lib_python3_12_site-packages_PyQt6_Qt6_qml_QtQuick_Controls_FluentWinUI3["FluentWinUI3"]\n    node_venv_lib_python3_12_site-packages_PyQt6_Qt6_qml_QtQuick_Controls_FluentWinUI3 --> node_venv_lib_python3_12_site-packages_PyQt6_Qt6_qml_QtQuick_Controls_FluentWinUI3_dark["dark"]\n    node_venv_lib_python3_12_site-packages_PyQt6_Qt6_qml_QtQuick_Controls_FluentWinUI3_dark --> node_venv_lib_python3_12_site-packages_PyQt6_Qt6_qml_QtQuick_Controls_FluentWinUI3_dark_images["images"]\n    node_venv_lib_python3_12_site-packages_PyQt6_Qt6_qml_QtQuick_Controls_FluentWinUI3_dark_images --> node_venv_lib_python3_12_site-packages_PyQt6_Qt6_qml_QtQuick_Controls_FluentWinUI3_dark_images_radiobutton-indicator-checked-hovered@3x_png["radiobutton-indicator-checked-hovered@3x.png"]\n    Root --> node_venv["venv"]\n    node_venv --> node_venv_lib["lib"]\n    node_venv_lib --> node_venv_lib_python3_12["python3.12"]\n    node_venv_lib_python3_12 --> node_venv_lib_python3_12_site-packages["site-packages"]\n    node_venv_lib_python3_12_site-packages --> node_venv_lib_python3_12_site-packages_PyQt6["PyQt6"]\n    node_venv_lib_python3_12_site-packages_PyQt6 --> node_venv_lib_python3_12_site-packages_PyQt6_Qt6["Qt6"]\n    node_venv_lib_python3_12_site-packages_PyQt6_Qt6 --> node_venv_lib_python3_12_site-packages_PyQt6_Qt6_qml["qml"]\n    node_venv_lib_python3_12_site-packages_PyQt6_Qt6_qml --> node_venv_lib_python3_12_site-packages_PyQt6_Qt6_qml_QtQuick["QtQuick"]\n    node_venv_lib_python3_12_site-packages_PyQt6_Qt6_qml_QtQuick --> node_venv_lib_python3_12_site-packages_PyQt6_Qt6_qml_QtQuick_Controls["Controls"]\n    node_venv_lib_python3_12_site-packages_PyQt6_Qt6_qml_QtQuick_Controls --> node_venv_lib_python3_12_site-packages_PyQt6_Qt6_qml_QtQuick_Controls_FluentWinUI3["FluentWinUI3"]\n    node_venv_lib_python3_12_site-packages_PyQt6_Qt6_qml_QtQuick_Controls_FluentWinUI3 --> node_venv_lib_python3_12_site-packages_PyQt6_Qt6_qml_QtQuick_Controls_FluentWinUI3_dark["dark"]\n    node_venv_lib_python3_12_site-packages_PyQt6_Qt6_qml_QtQuick_Controls_FluentWinUI3_dark --> node_venv_lib_python3_12_site-packages_PyQt6_Qt6_qml_QtQuick_Controls_FluentWinUI3_dark_images["images"]\n    node_venv_lib_python3_12_site-packages_PyQt6_Qt6_qml_QtQuick_Controls_FluentWinUI3_dark_images --> node_venv_lib_python3_12_site-packages_PyQt6_Qt6_qml_QtQuick_Controls_FluentWinUI3_dark_images_radiobutton-indicator-checked-pressed_png["radiobutton-indicator-checked-pressed.png"]\n    Root --> node_venv["venv"]\n    node_venv --> node_venv_lib["lib"]\n    node_venv_lib --> node_venv_lib_python3_12["python3.12"]\n    node_venv_lib_python3_12 --> node_venv_lib_python3_12_site-packages["site-packages"]\n    node_venv_lib_python3_12_site-packages --> node_venv_lib_python3_12_site-packages_PyQt6["PyQt6"]\n    node_venv_lib_python3_12_site-packages_PyQt6 --> node_venv_lib_python3_12_site-packages_PyQt6_Qt6["Qt6"]\n    node_venv_lib_python3_12_site-packages_PyQt6_Qt6 --> node_venv_lib_python3_12_site-packages_PyQt6_Qt6_qml["qml"]\n    node_venv_lib_python3_12_site-packages_PyQt6_Qt6_qml --> node_venv_lib_python3_12_site-packages_PyQt6_Qt6_qml_QtQuick["QtQuick"]\n    node_venv_lib_python3_12_site-packages_PyQt6_Qt6_qml_QtQuick --> node_venv_lib_python3_12_site-packages_PyQt6_Qt6_qml_QtQuick_Controls["Controls"]\n    node_venv_lib_python3_12_site-packages_PyQt6_Qt6_qml_QtQuick_Controls --> node_venv_lib_python3_12_site-packages_PyQt6_Qt6_qml_QtQuick_Controls_FluentWinUI3["FluentWinUI3"]\n    node_venv_lib_python3_12_site-packages_PyQt6_Qt6_qml_QtQuick_Controls_FluentWinUI3 --> node_venv_lib_python3_12_site-packages_PyQt6_Qt6_qml_QtQuick_Controls_FluentWinUI3_dark["dark"]\n    node_venv_lib_python3_12_site-packages_PyQt6_Qt6_qml_QtQuick_Controls_FluentWinUI3_dark --> node_venv_lib_python3_12_site-packages_PyQt6_Qt6_qml_QtQuick_Controls_FluentWinUI3_dark_images["images"]\n    node_venv_lib_python3_12_site-packages_PyQt6_Qt6_qml_QtQuick_Controls_FluentWinUI3_dark_images --> node_venv_lib_python3_12_site-packages_PyQt6_Qt6_qml_QtQuick_Controls_FluentWinUI3_dark_images_radiobutton-indicator-checked-pressed@2x_png["radiobutton-indicator-checked-pressed@2x.png"]\n    Root --> node_venv["venv"]\n    node_venv --> node_venv_lib["lib"]\n    node_venv_lib --> node_venv_lib_python3_12["python3.12"]\n    node_venv_lib_python3_12 --> node_venv_lib_python3_12_site-packages["site-packages"]\n    node_venv_lib_python3_12_site-packages --> node_venv_lib_python3_12_site-packages_PyQt6["PyQt6"]\n    node_venv_lib_python3_12_site-packages_PyQt6 --> node_venv_lib_python3_12_site-packages_PyQt6_Qt6["Qt6"]\n    node_venv_lib_python3_12_site-packages_PyQt6_Qt6 --> node_venv_lib_python3_12_site-packages_PyQt6_Qt6_qml["qml"]\n    node_venv_lib_python3_12_site-packages_PyQt6_Qt6_qml --> node_venv_lib_python3_12_site-packages_PyQt6_Qt6_qml_QtQuick["QtQuick"]\n    node_venv_lib_python3_12_site-packages_PyQt6_Qt6_qml_QtQuick --> node_venv_lib_python3_12_site-packages_PyQt6_Qt6_qml_QtQuick_Controls["Controls"]\n    node_venv_lib_python3_12_site-packages_PyQt6_Qt6_qml_QtQuick_Controls --> node_venv_lib_python3_12_site-packages_PyQt6_Qt6_qml_QtQuick_Controls_FluentWinUI3["FluentWinUI3"]\n    node_venv_lib_python3_12_site-packages_PyQt6_Qt6_qml_QtQuick_Controls_FluentWinUI3 --> node_venv_lib_python3_12_site-packages_PyQt6_Qt6_qml_QtQuick_Controls_FluentWinUI3_dark["dark"]\n    node_venv_lib_python3_12_site-packages_PyQt6_Qt6_qml_QtQuick_Controls_FluentWinUI3_dark --> node_venv_lib_python3_12_site-packages_PyQt6_Qt6_qml_QtQuick_Controls_FluentWinUI3_dark_images["images"]\n    node_venv_lib_python3_12_site-packages_PyQt6_Qt6_qml_QtQuick_Controls_FluentWinUI3_dark_images --> node_venv_lib_python3_12_site-packages_PyQt6_Qt6_qml_QtQuick_Controls_FluentWinUI3_dark_images_radiobutton-indicator-checked-pressed@3x_png["radiobutton-indicator-checked-pressed@3x.png"]\n    Root --> node_venv["venv"]\n    node_venv --> node_venv_lib["lib"]\n    node_venv_lib --> node_venv_lib_python3_12["python3.12"]\n    node_venv_lib_python3_12 --> node_venv_lib_python3_12_site-packages["site-packages"]\n    node_venv_lib_python3_12_site-packages --> node_venv_lib_python3_12_site-packages_PyQt6["PyQt6"]\n    node_venv_lib_python3_12_site-packages_PyQt6 --> node_venv_lib_python3_12_site-packages_PyQt6_Qt6["Qt6"]\n    node_venv_lib_python3_12_site-packages_PyQt6_Qt6 --> node_venv_lib_python3_12_site-packages_PyQt6_Qt6_qml["qml"]\n    node_venv_lib_python3_12_site-packages_PyQt6_Qt6_qml --> node_venv_lib_python3_12_site-packages_PyQt6_Qt6_qml_QtQuick["QtQuick"]\n    node_venv_lib_python3_12_site-packages_PyQt6_Qt6_qml_QtQuick --> node_venv_lib_python3_12_site-packages_PyQt6_Qt6_qml_QtQuick_Controls["Controls"]\n    node_venv_lib_python3_12_site-packages_PyQt6_Qt6_qml_QtQuick_Controls --> node_venv_lib_python3_12_site-packages_PyQt6_Qt6_qml_QtQuick_Controls_FluentWinUI3["FluentWinUI3"]\n    node_venv_lib_python3_12_site-packages_PyQt6_Qt6_qml_QtQuick_Controls_FluentWinUI3 --> node_venv_lib_python3_12_site-packages_PyQt6_Qt6_qml_QtQuick_Controls_FluentWinUI3_dark["dark"]\n    node_venv_lib_python3_12_site-packages_PyQt6_Qt6_qml_QtQuick_Controls_FluentWinUI3_dark --> node_venv_lib_python3_12_site-packages_PyQt6_Qt6_qml_QtQuick_Controls_FluentWinUI3_dark_images["images"]\n    node_venv_lib_python3_12_site-packages_PyQt6_Qt6_qml_QtQuick_Controls_FluentWinUI3_dark_images --> node_venv_lib_python3_12_site-packages_PyQt6_Qt6_qml_QtQuick_Controls_FluentWinUI3_dark_images_radiobutton-indicator-checked_png["radiobutton-indicator-checked.png"]\n    Root --> node_venv["venv"]\n    node_venv --> node_venv_lib["lib"]\n    node_venv_lib --> node_venv_lib_python3_12["python3.12"]\n    node_venv_lib_python3_12 --> node_venv_lib_python3_12_site-packages["site-packages"]\n    node_venv_lib_python3_12_site-packages --> node_venv_lib_python3_12_site-packages_PyQt6["PyQt6"]\n    node_venv_lib_python3_12_site-packages_PyQt6 --> node_venv_lib_python3_12_site-packages_PyQt6_Qt6["Qt6"]\n    node_venv_lib_python3_12_site-packages_PyQt6_Qt6 --> node_venv_lib_python3_12_site-packages_PyQt6_Qt6_qml["qml"]\n    node_venv_lib_python3_12_site-packages_PyQt6_Qt6_qml --> node_venv_lib_python3_12_site-packages_PyQt6_Qt6_qml_QtQuick["QtQuick"]\n    node_venv_lib_python3_12_site-packages_PyQt6_Qt6_qml_QtQuick --> node_venv_lib_python3_12_site-packages_PyQt6_Qt6_qml_QtQuick_Controls["Controls"]\n    node_venv_lib_python3_12_site-packages_PyQt6_Qt6_qml_QtQuick_Controls --> node_venv_lib_python3_12_site-packages_PyQt6_Qt6_qml_QtQuick_Controls_FluentWinUI3["FluentWinUI3"]\n    node_venv_lib_python3_12_site-packages_PyQt6_Qt6_qml_QtQuick_Controls_FluentWinUI3 --> node_venv_lib_python3_12_site-packages_PyQt6_Qt6_qml_QtQuick_Controls_FluentWinUI3_dark["dark"]\n    node_venv_lib_python3_12_site-packages_PyQt6_Qt6_qml_QtQuick_Controls_FluentWinUI3_dark --> node_venv_lib_python3_12_site-packages_PyQt6_Qt6_qml_QtQuick_Controls_FluentWinUI3_dark_images["images"]\n    node_venv_lib_python3_12_site-packages_PyQt6_Qt6_qml_QtQuick_Controls_FluentWinUI3_dark_images --> node_venv_lib_python3_12_site-packages_PyQt6_Qt6_qml_QtQuick_Controls_FluentWinUI3_dark_images_radiobutton-indicator-checked@2x_png["radiobutton-indicator-checked@2x.png"]\n    Root --> node_venv["venv"]\n    node_venv --> node_venv_lib["lib"]\n    node_venv_lib --> node_venv_lib_python3_12["python3.12"]\n    node_venv_lib_python3_12 --> node_venv_lib_python3_12_site-packages["site-packages"]\n    node_venv_lib_python3_12_site-packages --> node_venv_lib_python3_12_site-packages_PyQt6["PyQt6"]\n    node_venv_lib_python3_12_site-packages_PyQt6 --> node_venv_lib_python3_12_site-packages_PyQt6_Qt6["Qt6"]\n    node_venv_lib_python3_12_site-packages_PyQt6_Qt6 --> node_venv_lib_python3_12_site-packages_PyQt6_Qt6_qml["qml"]\n    node_venv_lib_python3_12_site-packages_PyQt6_Qt6_qml --> node_venv_lib_python3_12_site-packages_PyQt6_Qt6_qml_QtQuick["QtQuick"]\n    node_venv_lib_python3_12_site-packages_PyQt6_Qt6_qml_QtQuick --> node_venv_lib_python3_12_site-packages_PyQt6_Qt6_qml_QtQuick_Controls["Controls"]\n    node_venv_lib_python3_12_site-packages_PyQt6_Qt6_qml_QtQuick_Controls --> node_venv_lib_python3_12_site-packages_PyQt6_Qt6_qml_QtQuick_Controls_FluentWinUI3["FluentWinUI3"]\n    node_venv_lib_python3_12_site-packages_PyQt6_Qt6_qml_QtQuick_Controls_FluentWinUI3 --> node_venv_lib_python3_12_site-packages_PyQt6_Qt6_qml_QtQuick_Controls_FluentWinUI3_dark["dark"]\n    node_venv_lib_python3_12_site-packages_PyQt6_Qt6_qml_QtQuick_Controls_FluentWinUI3_dark --> node_venv_lib_python3_12_site-packages_PyQt6_Qt6_qml_QtQuick_Controls_FluentWinUI3_dark_images["images"]\n    node_venv_lib_python3_12_site-packages_PyQt6_Qt6_qml_QtQuick_Controls_FluentWinUI3_dark_images --> node_venv_lib_python3_12_site-packages_PyQt6_Qt6_qml_QtQuick_Controls_FluentWinUI3_dark_images_radiobutton-indicator-checked@3x_png["radiobutton-indicator-checked@3x.png"]\n    Root --> node_venv["venv"]\n    node_venv --> node_venv_lib["lib"]\n    node_venv_lib --> node_venv_lib_python3_12["python3.12"]\n    node_venv_lib_python3_12 --> node_venv_lib_python3_12_site-packages["site-packages"]\n    node_venv_lib_python3_12_site-packages --> node_venv_lib_python3_12_site-packages_PyQt6["PyQt6"]\n    node_venv_lib_python3_12_site-packages_PyQt6 --> node_venv_lib_python3_12_site-packages_PyQt6_Qt6["Qt6"]\n    node_venv_lib_python3_12_site-packages_PyQt6_Qt6 --> node_venv_lib_python3_12_site-packages_PyQt6_Qt6_qml["qml"]\n    node_venv_lib_python3_12_site-packages_PyQt6_Qt6_qml --> node_venv_lib_python3_12_site-packages_PyQt6_Qt6_qml_QtQuick["QtQuick"]\n    node_venv_lib_python3_12_site-packages_PyQt6_Qt6_qml_QtQuick --> node_venv_lib_python3_12_site-packages_PyQt6_Qt6_qml_QtQuick_Controls["Controls"]\n    node_venv_lib_python3_12_site-packages_PyQt6_Qt6_qml_QtQuick_Controls --> node_venv_lib_python3_12_site-packages_PyQt6_Qt6_qml_QtQuick_Controls_FluentWinUI3["FluentWinUI3"]\n    node_venv_lib_python3_12_site-packages_PyQt6_Qt6_qml_QtQuick_Controls_FluentWinUI3 --> node_venv_lib_python3_12_site-packages_PyQt6_Qt6_qml_QtQuick_Controls_FluentWinUI3_dark["dark"]\n    node_venv_lib_python3_12_site-packages_PyQt6_Qt6_qml_QtQuick_Controls_FluentWinUI3_dark --> node_venv_lib_python3_12_site-packages_PyQt6_Qt6_qml_QtQuick_Controls_FluentWinUI3_dark_images["images"]\n    node_venv_lib_python3_12_site-packages_PyQt6_Qt6_qml_QtQuick_Controls_FluentWinUI3_dark_images --> node_venv_lib_python3_12_site-packages_PyQt6_Qt6_qml_QtQuick_Controls_FluentWinUI3_dark_images_radiobutton-indicator-disabled_png["radiobutton-indicator-disabled.png"]\n    Root --> node_venv["venv"]\n    node_venv --> node_venv_lib["lib"]\n    node_venv_lib --> node_venv_lib_python3_12["python3.12"]\n    node_venv_lib_python3_12 --> node_venv_lib_python3_12_site-packages["site-packages"]\n    node_venv_lib_python3_12_site-packages --> node_venv_lib_python3_12_site-packages_PyQt6["PyQt6"]\n    node_venv_lib_python3_12_site-packages_PyQt6 --> node_venv_lib_python3_12_site-packages_PyQt6_Qt6["Qt6"]\n    node_venv_lib_python3_12_site-packages_PyQt6_Qt6 --> node_venv_lib_python3_12_site-packages_PyQt6_Qt6_qml["qml"]\n    node_venv_lib_python3_12_site-packages_PyQt6_Qt6_qml --> node_venv_lib_python3_12_site-packages_PyQt6_Qt6_qml_QtQuick["QtQuick"]\n    node_venv_lib_python3_12_site-packages_PyQt6_Qt6_qml_QtQuick --> node_venv_lib_python3_12_site-packages_PyQt6_Qt6_qml_QtQuick_Controls["Controls"]\n    node_venv_lib_python3_12_site-packages_PyQt6_Qt6_qml_QtQuick_Controls --> node_venv_lib_python3_12_site-packages_PyQt6_Qt6_qml_QtQuick_Controls_FluentWinUI3["FluentWinUI3"]\n    node_venv_lib_python3_12_site-packages_PyQt6_Qt6_qml_QtQuick_Controls_FluentWinUI3 --> node_venv_lib_python3_12_site-packages_PyQt6_Qt6_qml_QtQuick_Controls_FluentWinUI3_dark["dark"]\n    node_venv_lib_python3_12_site-packages_PyQt6_Qt6_qml_QtQuick_Controls_FluentWinUI3_dark --> node_venv_lib_python3_12_site-packages_PyQt6_Qt6_qml_QtQuick_Controls_FluentWinUI3_dark_images["images"]\n    node_venv_lib_python3_12_site-packages_PyQt6_Qt6_qml_QtQuick_Controls_FluentWinUI3_dark_images --> node_venv_lib_python3_12_site-packages_PyQt6_Qt6_qml_QtQuick_Controls_FluentWinUI3_dark_images_radiobutton-indicator-disabled@2x_png["radiobutton-indicator-disabled@2x.png"]\n    Root --> node_venv["venv"]\n    node_venv --> node_venv_lib["lib"]\n    node_venv_lib --> node_venv_lib_python3_12["python3.12"]\n    node_venv_lib_python3_12 --> node_venv_lib_python3_12_site-packages["site-packages"]\n    node_venv_lib_python3_12_site-packages --> node_venv_lib_python3_12_site-packages_PyQt6["PyQt6"]\n    node_venv_lib_python3_12_site-packages_PyQt6 --> node_venv_lib_python3_12_site-packages_PyQt6_Qt6["Qt6"]\n    node_venv_lib_python3_12_site-packages_PyQt6_Qt6 --> node_venv_lib_python3_12_site-packages_PyQt6_Qt6_qml["qml"]\n    node_venv_lib_python3_12_site-packages_PyQt6_Qt6_qml --> node_venv_lib_python3_12_site-packages_PyQt6_Qt6_qml_QtQuick["QtQuick"]\n    node_venv_lib_python3_12_site-packages_PyQt6_Qt6_qml_QtQuick --> node_venv_lib_python3_12_site-packages_PyQt6_Qt6_qml_QtQuick_Controls["Controls"]\n    node_venv_lib_python3_12_site-packages_PyQt6_Qt6_qml_QtQuick_Controls --> node_venv_lib_python3_12_site-packages_PyQt6_Qt6_qml_QtQuick_Controls_FluentWinUI3["FluentWinUI3"]\n    node_venv_lib_python3_12_site-packages_PyQt6_Qt6_qml_QtQuick_Controls_FluentWinUI3 --> node_venv_lib_python3_12_site-packages_PyQt6_Qt6_qml_QtQuick_Controls_FluentWinUI3_dark["dark"]\n    node_venv_lib_python3_12_site-packages_PyQt6_Qt6_qml_QtQuick_Controls_FluentWinUI3_dark --> node_venv_lib_python3_12_site-packages_PyQt6_Qt6_qml_QtQuick_Controls_FluentWinUI3_dark_images["images"]\n    node_venv_lib_python3_12_site-packages_PyQt6_Qt6_qml_QtQuick_Controls_FluentWinUI3_dark_images --> node_venv_lib_python3_12_site-packages_PyQt6_Qt6_qml_QtQuick_Controls_FluentWinUI3_dark_images_radiobutton-indicator-disabled@3x_png["radiobutton-indicator-disabled@3x.png"]\n    Root --> node_venv["venv"]\n    node_venv --> node_venv_lib["lib"]\n    node_venv_lib --> node_venv_lib_python3_12["python3.12"]\n    node_venv_lib_python3_12 --> node_venv_lib_python3_12_site-packages["site-packages"]\n    node_venv_lib_python3_12_site-packages --> node_venv_lib_python3_12_site-packages_PyQt6["PyQt6"]\n    node_venv_lib_python3_12_site-packages_PyQt6 --> node_venv_lib_python3_12_site-packages_PyQt6_Qt6["Qt6"]\n    node_venv_lib_python3_12_site-packages_PyQt6_Qt6 --> node_venv_lib_python3_12_site-packages_PyQt6_Qt6_qml["qml"]\n    node_venv_lib_python3_12_site-packages_PyQt6_Qt6_qml --> node_venv_lib_python3_12_site-packages_PyQt6_Qt6_qml_QtQuick["QtQuick"]\n    node_venv_lib_python3_12_site-packages_PyQt6_Qt6_qml_QtQuick --> node_venv_lib_python3_12_site-packages_PyQt6_Qt6_qml_QtQuick_Controls["Controls"]\n    node_venv_lib_python3_12_site-packages_PyQt6_Qt6_qml_QtQuick_Controls --> node_venv_lib_python3_12_site-packages_PyQt6_Qt6_qml_QtQuick_Controls_FluentWinUI3["FluentWinUI3"]\n    node_venv_lib_python3_12_site-packages_PyQt6_Qt6_qml_QtQuick_Controls_FluentWinUI3 --> node_venv_lib_python3_12_site-packages_PyQt6_Qt6_qml_QtQuick_Controls_FluentWinUI3_dark["dark"]\n    node_venv_lib_python3_12_site-packages_PyQt6_Qt6_qml_QtQuick_Controls_FluentWinUI3_dark --> node_venv_lib_python3_12_site-packages_PyQt6_Qt6_qml_QtQuick_Controls_FluentWinUI3_dark_images["images"]\n    node_venv_lib_python3_12_site-packages_PyQt6_Qt6_qml_QtQuick_Controls_FluentWinUI3_dark_images --> node_venv_lib_python3_12_site-packages_PyQt6_Qt6_qml_QtQuick_Controls_FluentWinUI3_dark_images_radiobutton-indicator-hovered_png["radiobutton-indicator-hovered.png"]\n    Root --> node_venv["venv"]\n    node_venv --> node_venv_lib["lib"]\n    node_venv_lib --> node_venv_lib_python3_12["python3.12"]\n    node_venv_lib_python3_12 --> node_venv_lib_python3_12_site-packages["site-packages"]\n    node_venv_lib_python3_12_site-packages --> node_venv_lib_python3_12_site-packages_PyQt6["PyQt6"]\n    node_venv_lib_python3_12_site-packages_PyQt6 --> node_venv_lib_python3_12_site-packages_PyQt6_Qt6["Qt6"]\n    node_venv_lib_python3_12_site-packages_PyQt6_Qt6 --> node_venv_lib_python3_12_site-packages_PyQt6_Qt6_qml["qml"]\n    node_venv_lib_python3_12_site-packages_PyQt6_Qt6_qml --> node_venv_lib_python3_12_site-packages_PyQt6_Qt6_qml_QtQuick["QtQuick"]\n    node_venv_lib_python3_12_site-packages_PyQt6_Qt6_qml_QtQuick --> node_venv_lib_python3_12_site-packages_PyQt6_Qt6_qml_QtQuick_Controls["Controls"]\n    node_venv_lib_python3_12_site-packages_PyQt6_Qt6_qml_QtQuick_Controls --> node_venv_lib_python3_12_site-packages_PyQt6_Qt6_qml_QtQuick_Controls_FluentWinUI3["FluentWinUI3"]\n    node_venv_lib_python3_12_site-packages_PyQt6_Qt6_qml_QtQuick_Controls_FluentWinUI3 --> node_venv_lib_python3_12_site-packages_PyQt6_Qt6_qml_QtQuick_Controls_FluentWinUI3_dark["dark"]\n    node_venv_lib_python3_12_site-packages_PyQt6_Qt6_qml_QtQuick_Controls_FluentWinUI3_dark --> node_venv_lib_python3_12_site-packages_PyQt6_Qt6_qml_QtQuick_Controls_FluentWinUI3_dark_images["images"]\n    node_venv_lib_python3_12_site-packages_PyQt6_Qt6_qml_QtQuick_Controls_FluentWinUI3_dark_images --> node_venv_lib_python3_12_site-packages_PyQt6_Qt6_qml_QtQuick_Controls_FluentWinUI3_dark_images_radiobutton-indicator-hovered@2x_png["radiobutton-indicator-hovered@2x.png"]\n    Root --> node_venv["venv"]\n    node_venv --> node_venv_lib["lib"]\n    node_venv_lib --> node_venv_lib_python3_12["python3.12"]\n    node_venv_lib_python3_12 --> node_venv_lib_python3_12_site-packages["site-packages"]\n    node_venv_lib_python3_12_site-packages --> node_venv_lib_python3_12_site-packages_PyQt6["PyQt6"]\n    node_venv_lib_python3_12_site-packages_PyQt6 --> node_venv_lib_python3_12_site-packages_PyQt6_Qt6["Qt6"]\n    node_venv_lib_python3_12_site-packages_PyQt6_Qt6 --> node_venv_lib_python3_12_site-packages_PyQt6_Qt6_qml["qml"]\n    node_venv_lib_python3_12_site-packages_PyQt6_Qt6_qml --> node_venv_lib_python3_12_site-packages_PyQt6_Qt6_qml_QtQuick["QtQuick"]\n    node_venv_lib_python3_12_site-packages_PyQt6_Qt6_qml_QtQuick --> node_venv_lib_python3_12_site-packages_PyQt6_Qt6_qml_QtQuick_Controls["Controls"]\n    node_venv_lib_python3_12_site-packages_PyQt6_Qt6_qml_QtQuick_Controls --> node_venv_lib_python3_12_site-packages_PyQt6_Qt6_qml_QtQuick_Controls_FluentWinUI3["FluentWinUI3"]\n    node_venv_lib_python3_12_site-packages_PyQt6_Qt6_qml_QtQuick_Controls_FluentWinUI3 --> node_venv_lib_python3_12_site-packages_PyQt6_Qt6_qml_QtQuick_Controls_FluentWinUI3_dark["dark"]\n    node_venv_lib_python3_12_site-packages_PyQt6_Qt6_qml_QtQuick_Controls_FluentWinUI3_dark --> node_venv_lib_python3_12_site-packages_PyQt6_Qt6_qml_QtQuick_Controls_FluentWinUI3_dark_images["images"]\n    node_venv_lib_python3_12_site-packages_PyQt6_Qt6_qml_QtQuick_Controls_FluentWinUI3_dark_images --> node_venv_lib_python3_12_site-packages_PyQt6_Qt6_qml_QtQuick_Controls_FluentWinUI3_dark_images_radiobutton-indicator-hovered@3x_png["radiobutton-indicator-hovered@3x.png"]\n    Root --> node_venv["venv"]\n    node_venv --> node_venv_lib["lib"]\n    node_venv_lib --> node_venv_lib_python3_12["python3.12"]\n    node_venv_lib_python3_12 --> node_venv_lib_python3_12_site-packages["site-packages"]\n    node_venv_lib_python3_12_site-packages --> node_venv_lib_python3_12_site-packages_PyQt6["PyQt6"]\n    node_venv_lib_python3_12_site-packages_PyQt6 --> node_venv_lib_python3_12_site-packages_PyQt6_Qt6["Qt6"]\n    node_venv_lib_python3_12_site-packages_PyQt6_Qt6 --> node_venv_lib_python3_12_site-packages_PyQt6_Qt6_qml["qml"]\n    node_venv_lib_python3_12_site-packages_PyQt6_Qt6_qml --> node_venv_lib_python3_12_site-packages_PyQt6_Qt6_qml_QtQuick["QtQuick"]\n    node_venv_lib_python3_12_site-packages_PyQt6_Qt6_qml_QtQuick --> node_venv_lib_python3_12_site-packages_PyQt6_Qt6_qml_QtQuick_Controls["Controls"]\n    node_venv_lib_python3_12_site-packages_PyQt6_Qt6_qml_QtQuick_Controls --> node_venv_lib_python3_12_site-packages_PyQt6_Qt6_qml_QtQuick_Controls_FluentWinUI3["FluentWinUI3"]\n    node_venv_lib_python3_12_site-packages_PyQt6_Qt6_qml_QtQuick_Controls_FluentWinUI3 --> node_venv_lib_python3_12_site-packages_PyQt6_Qt6_qml_QtQuick_Controls_FluentWinUI3_dark["dark"]\n    node_venv_lib_python3_12_site-packages_PyQt6_Qt6_qml_QtQuick_Controls_FluentWinUI3_dark --> node_venv_lib_python3_12_site-packages_PyQt6_Qt6_qml_QtQuick_Controls_FluentWinUI3_dark_images["images"]\n    node_venv_lib_python3_12_site-packages_PyQt6_Qt6_qml_QtQuick_Controls_FluentWinUI3_dark_images --> node_venv_lib_python3_12_site-packages_PyQt6_Qt6_qml_QtQuick_Controls_FluentWinUI3_dark_images_radiobutton-indicator-pressed_png["radiobutton-indicator-pressed.png"]\n    Root --> node_venv["venv"]\n    node_venv --> node_venv_lib["lib"]\n    node_venv_lib --> node_venv_lib_python3_12["python3.12"]\n    node_venv_lib_python3_12 --> node_venv_lib_python3_12_site-packages["site-packages"]\n    node_venv_lib_python3_12_site-packages --> node_venv_lib_python3_12_site-packages_PyQt6["PyQt6"]\n    node_venv_lib_python3_12_site-packages_PyQt6 --> node_venv_lib_python3_12_site-packages_PyQt6_Qt6["Qt6"]\n    node_venv_lib_python3_12_site-packages_PyQt6_Qt6 --> node_venv_lib_python3_12_site-packages_PyQt6_Qt6_qml["qml"]\n    node_venv_lib_python3_12_site-packages_PyQt6_Qt6_qml --> node_venv_lib_python3_12_site-packages_PyQt6_Qt6_qml_QtQuick["QtQuick"]\n    node_venv_lib_python3_12_site-packages_PyQt6_Qt6_qml_QtQuick --> node_venv_lib_python3_12_site-packages_PyQt6_Qt6_qml_QtQuick_Controls["Controls"]\n    node_venv_lib_python3_12_site-packages_PyQt6_Qt6_qml_QtQuick_Controls --> node_venv_lib_python3_12_site-packages_PyQt6_Qt6_qml_QtQuick_Controls_FluentWinUI3["FluentWinUI3"]\n    node_venv_lib_python3_12_site-packages_PyQt6_Qt6_qml_QtQuick_Controls_FluentWinUI3 --> node_venv_lib_python3_12_site-packages_PyQt6_Qt6_qml_QtQuick_Controls_FluentWinUI3_dark["dark"]\n    node_venv_lib_python3_12_site-packages_PyQt6_Qt6_qml_QtQuick_Controls_FluentWinUI3_dark --> node_venv_lib_python3_12_site-packages_PyQt6_Qt6_qml_QtQuick_Controls_FluentWinUI3_dark_images["images"]\n    node_venv_lib_python3_12_site-packages_PyQt6_Qt6_qml_QtQuick_Controls_FluentWinUI3_dark_images --> node_venv_lib_python3_12_site-packages_PyQt6_Qt6_qml_QtQuick_Controls_FluentWinUI3_dark_images_radiobutton-indicator-pressed@2x_png["radiobutton-indicator-pressed@2x.png"]\n    Root --> node_venv["venv"]\n    node_venv --> node_venv_lib["lib"]\n    node_venv_lib --> node_venv_lib_python3_12["python3.12"]\n    node_venv_lib_python3_12 --> node_venv_lib_python3_12_site-packages["site-packages"]\n    node_venv_lib_python3_12_site-packages --> node_venv_lib_python3_12_site-packages_PyQt6["PyQt6"]\n    node_venv_lib_python3_12_site-packages_PyQt6 --> node_venv_lib_python3_12_site-packages_PyQt6_Qt6["Qt6"]\n    node_venv_lib_python3_12_site-packages_PyQt6_Qt6 --> node_venv_lib_python3_12_site-packages_PyQt6_Qt6_qml["qml"]\n    node_venv_lib_python3_12_site-packages_PyQt6_Qt6_qml --> node_venv_lib_python3_12_site-packages_PyQt6_Qt6_qml_QtQuick["QtQuick"]\n    node_venv_lib_python3_12_site-packages_PyQt6_Qt6_qml_QtQuick --> node_venv_lib_python3_12_site-packages_PyQt6_Qt6_qml_QtQuick_Controls["Controls"]\n    node_venv_lib_python3_12_site-packages_PyQt6_Qt6_qml_QtQuick_Controls --> node_venv_lib_python3_12_site-packages_PyQt6_Qt6_qml_QtQuick_Controls_FluentWinUI3["FluentWinUI3"]\n    node_venv_lib_python3_12_site-packages_PyQt6_Qt6_qml_QtQuick_Controls_FluentWinUI3 --> node_venv_lib_python3_12_site-packages_PyQt6_Qt6_qml_QtQuick_Controls_FluentWinUI3_dark["dark"]\n    node_venv_lib_python3_12_site-packages_PyQt6_Qt6_qml_QtQuick_Controls_FluentWinUI3_dark --> node_venv_lib_python3_12_site-packages_PyQt6_Qt6_qml_QtQuick_Controls_FluentWinUI3_dark_images["images"]\n    node_venv_lib_python3_12_site-packages_PyQt6_Qt6_qml_QtQuick_Controls_FluentWinUI3_dark_images --> node_venv_lib_python3_12_site-packages_PyQt6_Qt6_qml_QtQuick_Controls_FluentWinUI3_dark_images_radiobutton-indicator-pressed@3x_png["radiobutton-indicator-pressed@3x.png"]\n    Root --> node_venv["venv"]\n    node_venv --> node_venv_lib["lib"]\n    node_venv_lib --> node_venv_lib_python3_12["python3.12"]\n    node_venv_lib_python3_12 --> node_venv_lib_python3_12_site-packages["site-packages"]\n    node_venv_lib_python3_12_site-packages --> node_venv_lib_python3_12_site-packages_PyQt6["PyQt6"]\n    node_venv_lib_python3_12_site-packages_PyQt6 --> node_venv_lib_python3_12_site-packages_PyQt6_Qt6["Qt6"]\n    node_venv_lib_python3_12_site-packages_PyQt6_Qt6 --> node_venv_lib_python3_12_site-packages_PyQt6_Qt6_qml["qml"]\n    node_venv_lib_python3_12_site-packages_PyQt6_Qt6_qml --> node_venv_lib_python3_12_site-packages_PyQt6_Qt6_qml_QtQuick["QtQuick"]\n    node_venv_lib_python3_12_site-packages_PyQt6_Qt6_qml_QtQuick --> node_venv_lib_python3_12_site-packages_PyQt6_Qt6_qml_QtQuick_Controls["Controls"]\n    node_venv_lib_python3_12_site-packages_PyQt6_Qt6_qml_QtQuick_Controls --> node_venv_lib_python3_12_site-packages_PyQt6_Qt6_qml_QtQuick_Controls_FluentWinUI3["FluentWinUI3"]\n    node_venv_lib_python3_12_site-packages_PyQt6_Qt6_qml_QtQuick_Controls_FluentWinUI3 --> node_venv_lib_python3_12_site-packages_PyQt6_Qt6_qml_QtQuick_Controls_FluentWinUI3_dark["dark"]\n    node_venv_lib_python3_12_site-packages_PyQt6_Qt6_qml_QtQuick_Controls_FluentWinUI3_dark --> node_venv_lib_python3_12_site-packages_PyQt6_Qt6_qml_QtQuick_Controls_FluentWinUI3_dark_images["images"]\n    node_venv_lib_python3_12_site-packages_PyQt6_Qt6_qml_QtQuick_Controls_FluentWinUI3_dark_images --> node_venv_lib_python3_12_site-packages_PyQt6_Qt6_qml_QtQuick_Controls_FluentWinUI3_dark_images_radiobutton-indicator_png["radiobutton-indicator.png"]\n    Root --> node_venv["venv"]\n    node_venv --> node_venv_lib["lib"]\n    node_venv_lib --> node_venv_lib_python3_12["python3.12"]\n    node_venv_lib_python3_12 --> node_venv_lib_python3_12_site-packages["site-packages"]\n    node_venv_lib_python3_12_site-packages --> node_venv_lib_python3_12_site-packages_PyQt6["PyQt6"]\n    node_venv_lib_python3_12_site-packages_PyQt6 --> node_venv_lib_python3_12_site-packages_PyQt6_Qt6["Qt6"]\n    node_venv_lib_python3_12_site-packages_PyQt6_Qt6 --> node_venv_lib_python3_12_site-packages_PyQt6_Qt6_qml["qml"]\n    node_venv_lib_python3_12_site-packages_PyQt6_Qt6_qml --> node_venv_lib_python3_12_site-packages_PyQt6_Qt6_qml_QtQuick["QtQuick"]\n    node_venv_lib_python3_12_site-packages_PyQt6_Qt6_qml_QtQuick --> node_venv_lib_python3_12_site-packages_PyQt6_Qt6_qml_QtQuick_Controls["Controls"]\n    node_venv_lib_python3_12_site-packages_PyQt6_Qt6_qml_QtQuick_Controls --> node_venv_lib_python3_12_site-packages_PyQt6_Qt6_qml_QtQuick_Controls_FluentWinUI3["FluentWinUI3"]\n    node_venv_lib_python3_12_site-packages_PyQt6_Qt6_qml_QtQuick_Controls_FluentWinUI3 --> node_venv_lib_python3_12_site-packages_PyQt6_Qt6_qml_QtQuick_Controls_FluentWinUI3_dark["dark"]\n    node_venv_lib_python3_12_site-packages_PyQt6_Qt6_qml_QtQuick_Controls_FluentWinUI3_dark --> node_venv_lib_python3_12_site-packages_PyQt6_Qt6_qml_QtQuick_Controls_FluentWinUI3_dark_images["images"]\n    node_venv_lib_python3_12_site-packages_PyQt6_Qt6_qml_QtQuick_Controls_FluentWinUI3_dark_images --> node_venv_lib_python3_12_site-packages_PyQt6_Qt6_qml_QtQuick_Controls_FluentWinUI3_dark_images_radiobutton-indicator@2x_png["radiobutton-indicator@2x.png"]\n    Root --> node_venv["venv"]\n    node_venv --> node_venv_lib["lib"]\n    node_venv_lib --> node_venv_lib_python3_12["python3.12"]\n    node_venv_lib_python3_12 --> node_venv_lib_python3_12_site-packages["site-packages"]\n    node_venv_lib_python3_12_site-packages --> node_venv_lib_python3_12_site-packages_PyQt6["PyQt6"]\n    node_venv_lib_python3_12_site-packages_PyQt6 --> node_venv_lib_python3_12_site-packages_PyQt6_Qt6["Qt6"]\n    node_venv_lib_python3_12_site-packages_PyQt6_Qt6 --> node_venv_lib_python3_12_site-packages_PyQt6_Qt6_qml["qml"]\n    node_venv_lib_python3_12_site-packages_PyQt6_Qt6_qml --> node_venv_lib_python3_12_site-packages_PyQt6_Qt6_qml_QtQuick["QtQuick"]\n    node_venv_lib_python3_12_site-packages_PyQt6_Qt6_qml_QtQuick --> node_venv_lib_python3_12_site-packages_PyQt6_Qt6_qml_QtQuick_Controls["Controls"]\n    node_venv_lib_python3_12_site-packages_PyQt6_Qt6_qml_QtQuick_Controls --> node_venv_lib_python3_12_site-packages_PyQt6_Qt6_qml_QtQuick_Controls_FluentWinUI3["FluentWinUI3"]\n    node_venv_lib_python3_12_site-packages_PyQt6_Qt6_qml_QtQuick_Controls_FluentWinUI3 --> node_venv_lib_python3_12_site-packages_PyQt6_Qt6_qml_QtQuick_Controls_FluentWinUI3_dark["dark"]\n    node_venv_lib_python3_12_site-packages_PyQt6_Qt6_qml_QtQuick_Controls_FluentWinUI3_dark --> node_venv_lib_python3_12_site-packages_PyQt6_Qt6_qml_QtQuick_Controls_FluentWinUI3_dark_images["images"]\n    node_venv_lib_python3_12_site-packages_PyQt6_Qt6_qml_QtQuick_Controls_FluentWinUI3_dark_images --> node_venv_lib_python3_12_site-packages_PyQt6_Qt6_qml_QtQuick_Controls_FluentWinUI3_dark_images_radiobutton-indicator@3x_png["radiobutton-indicator@3x.png"]\n    Root --> node_venv["venv"]\n    node_venv --> node_venv_lib["lib"]\n    node_venv_lib --> node_venv_lib_python3_12["python3.12"]\n    node_venv_lib_python3_12 --> node_venv_lib_python3_12_site-packages["site-packages"]\n    node_venv_lib_python3_12_site-packages --> node_venv_lib_python3_12_site-packages_PyQt6["PyQt6"]\n    node_venv_lib_python3_12_site-packages_PyQt6 --> node_venv_lib_python3_12_site-packages_PyQt6_Qt6["Qt6"]\n    node_venv_lib_python3_12_site-packages_PyQt6_Qt6 --> node_venv_lib_python3_12_site-packages_PyQt6_Qt6_qml["qml"]\n    node_venv_lib_python3_12_site-packages_PyQt6_Qt6_qml --> node_venv_lib_python3_12_site-packages_PyQt6_Qt6_qml_QtQuick["QtQuick"]\n    node_venv_lib_python3_12_site-packages_PyQt6_Qt6_qml_QtQuick --> node_venv_lib_python3_12_site-packages_PyQt6_Qt6_qml_QtQuick_Controls["Controls"]\n    node_venv_lib_python3_12_site-packages_PyQt6_Qt6_qml_QtQuick_Controls --> node_venv_lib_python3_12_site-packages_PyQt6_Qt6_qml_QtQuick_Controls_FluentWinUI3["FluentWinUI3"]\n    node_venv_lib_python3_12_site-packages_PyQt6_Qt6_qml_QtQuick_Controls_FluentWinUI3 --> node_venv_lib_python3_12_site-packages_PyQt6_Qt6_qml_QtQuick_Controls_FluentWinUI3_dark["dark"]\n    node_venv_lib_python3_12_site-packages_PyQt6_Qt6_qml_QtQuick_Controls_FluentWinUI3_dark --> node_venv_lib_python3_12_site-packages_PyQt6_Qt6_qml_QtQuick_Controls_FluentWinUI3_dark_images["images"]\n    node_venv_lib_python3_12_site-packages_PyQt6_Qt6_qml_QtQuick_Controls_FluentWinUI3_dark_images --> node_venv_lib_python3_12_site-packages_PyQt6_Qt6_qml_QtQuick_Controls_FluentWinUI3_dark_images_rangeslider-first-handle-disabled_png["rangeslider-first-handle-disabled.png"]\n    Root --> node_venv["venv"]\n    node_venv --> node_venv_lib["lib"]\n    node_venv_lib --> node_venv_lib_python3_12["python3.12"]\n    node_venv_lib_python3_12 --> node_venv_lib_python3_12_site-packages["site-packages"]\n    node_venv_lib_python3_12_site-packages --> node_venv_lib_python3_12_site-packages_PyQt6["PyQt6"]\n    node_venv_lib_python3_12_site-packages_PyQt6 --> node_venv_lib_python3_12_site-packages_PyQt6_Qt6["Qt6"]\n    node_venv_lib_python3_12_site-packages_PyQt6_Qt6 --> node_venv_lib_python3_12_site-packages_PyQt6_Qt6_qml["qml"]\n    node_venv_lib_python3_12_site-packages_PyQt6_Qt6_qml --> node_venv_lib_python3_12_site-packages_PyQt6_Qt6_qml_QtQuick["QtQuick"]\n    node_venv_lib_python3_12_site-packages_PyQt6_Qt6_qml_QtQuick --> node_venv_lib_python3_12_site-packages_PyQt6_Qt6_qml_QtQuick_Controls["Controls"]\n    node_venv_lib_python3_12_site-packages_PyQt6_Qt6_qml_QtQuick_Controls --> node_venv_lib_python3_12_site-packages_PyQt6_Qt6_qml_QtQuick_Controls_FluentWinUI3["FluentWinUI3"]\n    node_venv_lib_python3_12_site-packages_PyQt6_Qt6_qml_QtQuick_Controls_FluentWinUI3 --> node_venv_lib_python3_12_site-packages_PyQt6_Qt6_qml_QtQuick_Controls_FluentWinUI3_dark["dark"]\n    node_venv_lib_python3_12_site-packages_PyQt6_Qt6_qml_QtQuick_Controls_FluentWinUI3_dark --> node_venv_lib_python3_12_site-packages_PyQt6_Qt6_qml_QtQuick_Controls_FluentWinUI3_dark_images["images"]\n    node_venv_lib_python3_12_site-packages_PyQt6_Qt6_qml_QtQuick_Controls_FluentWinUI3_dark_images --> node_venv_lib_python3_12_site-packages_PyQt6_Qt6_qml_QtQuick_Controls_FluentWinUI3_dark_images_rangeslider-first-handle-disabled@2x_png["rangeslider-first-handle-disabled@2x.png"]\n    Root --> node_venv["venv"]\n    node_venv --> node_venv_lib["lib"]\n    node_venv_lib --> node_venv_lib_python3_12["python3.12"]\n    node_venv_lib_python3_12 --> node_venv_lib_python3_12_site-packages["site-packages"]\n    node_venv_lib_python3_12_site-packages --> node_venv_lib_python3_12_site-packages_PyQt6["PyQt6"]\n    node_venv_lib_python3_12_site-packages_PyQt6 --> node_venv_lib_python3_12_site-packages_PyQt6_Qt6["Qt6"]\n    node_venv_lib_python3_12_site-packages_PyQt6_Qt6 --> node_venv_lib_python3_12_site-packages_PyQt6_Qt6_qml["qml"]\n    node_venv_lib_python3_12_site-packages_PyQt6_Qt6_qml --> node_venv_lib_python3_12_site-packages_PyQt6_Qt6_qml_QtQuick["QtQuick"]\n    node_venv_lib_python3_12_site-packages_PyQt6_Qt6_qml_QtQuick --> node_venv_lib_python3_12_site-packages_PyQt6_Qt6_qml_QtQuick_Controls["Controls"]\n    node_venv_lib_python3_12_site-packages_PyQt6_Qt6_qml_QtQuick_Controls --> node_venv_lib_python3_12_site-packages_PyQt6_Qt6_qml_QtQuick_Controls_FluentWinUI3["FluentWinUI3"]\n    node_venv_lib_python3_12_site-packages_PyQt6_Qt6_qml_QtQuick_Controls_FluentWinUI3 --> node_venv_lib_python3_12_site-packages_PyQt6_Qt6_qml_QtQuick_Controls_FluentWinUI3_dark["dark"]\n    node_venv_lib_python3_12_site-packages_PyQt6_Qt6_qml_QtQuick_Controls_FluentWinUI3_dark --> node_venv_lib_python3_12_site-packages_PyQt6_Qt6_qml_QtQuick_Controls_FluentWinUI3_dark_images["images"]\n    node_venv_lib_python3_12_site-packages_PyQt6_Qt6_qml_QtQuick_Controls_FluentWinUI3_dark_images --> node_venv_lib_python3_12_site-packages_PyQt6_Qt6_qml_QtQuick_Controls_FluentWinUI3_dark_images_rangeslider-first-handle-disabled@3x_png["rangeslider-first-handle-disabled@3x.png"]\n    Root --> node_venv["venv"]\n    node_venv --> node_venv_lib["lib"]\n    node_venv_lib --> node_venv_lib_python3_12["python3.12"]\n    node_venv_lib_python3_12 --> node_venv_lib_python3_12_site-packages["site-packages"]\n    node_venv_lib_python3_12_site-packages --> node_venv_lib_python3_12_site-packages_PyQt6["PyQt6"]\n    node_venv_lib_python3_12_site-packages_PyQt6 --> node_venv_lib_python3_12_site-packages_PyQt6_Qt6["Qt6"]\n    node_venv_lib_python3_12_site-packages_PyQt6_Qt6 --> node_venv_lib_python3_12_site-packages_PyQt6_Qt6_qml["qml"]\n    node_venv_lib_python3_12_site-packages_PyQt6_Qt6_qml --> node_venv_lib_python3_12_site-packages_PyQt6_Qt6_qml_QtQuick["QtQuick"]\n    node_venv_lib_python3_12_site-packages_PyQt6_Qt6_qml_QtQuick --> node_venv_lib_python3_12_site-packages_PyQt6_Qt6_qml_QtQuick_Controls["Controls"]\n    node_venv_lib_python3_12_site-packages_PyQt6_Qt6_qml_QtQuick_Controls --> node_venv_lib_python3_12_site-packages_PyQt6_Qt6_qml_QtQuick_Controls_FluentWinUI3["FluentWinUI3"]\n    node_venv_lib_python3_12_site-packages_PyQt6_Qt6_qml_QtQuick_Controls_FluentWinUI3 --> node_venv_lib_python3_12_site-packages_PyQt6_Qt6_qml_QtQuick_Controls_FluentWinUI3_dark["dark"]\n    node_venv_lib_python3_12_site-packages_PyQt6_Qt6_qml_QtQuick_Controls_FluentWinUI3_dark --> node_venv_lib_python3_12_site-packages_PyQt6_Qt6_qml_QtQuick_Controls_FluentWinUI3_dark_images["images"]\n    node_venv_lib_python3_12_site-packages_PyQt6_Qt6_qml_QtQuick_Controls_FluentWinUI3_dark_images --> node_venv_lib_python3_12_site-packages_PyQt6_Qt6_qml_QtQuick_Controls_FluentWinUI3_dark_images_rangeslider-first-handle-handle-pressed_png["rangeslider-first-handle-handle-pressed.png"]\n    Root --> node_venv["venv"]\n    node_venv --> node_venv_lib["lib"]\n    node_venv_lib --> node_venv_lib_python3_12["python3.12"]\n    node_venv_lib_python3_12 --> node_venv_lib_python3_12_site-packages["site-packages"]\n    node_venv_lib_python3_12_site-packages --> node_venv_lib_python3_12_site-packages_PyQt6["PyQt6"]\n    node_venv_lib_python3_12_site-packages_PyQt6 --> node_venv_lib_python3_12_site-packages_PyQt6_Qt6["Qt6"]\n    node_venv_lib_python3_12_site-packages_PyQt6_Qt6 --> node_venv_lib_python3_12_site-packages_PyQt6_Qt6_qml["qml"]\n    node_venv_lib_python3_12_site-packages_PyQt6_Qt6_qml --> node_venv_lib_python3_12_site-packages_PyQt6_Qt6_qml_QtQuick["QtQuick"]\n    node_venv_lib_python3_12_site-packages_PyQt6_Qt6_qml_QtQuick --> node_venv_lib_python3_12_site-packages_PyQt6_Qt6_qml_QtQuick_Controls["Controls"]\n    node_venv_lib_python3_12_site-packages_PyQt6_Qt6_qml_QtQuick_Controls --> node_venv_lib_python3_12_site-packages_PyQt6_Qt6_qml_QtQuick_Controls_FluentWinUI3["FluentWinUI3"]\n    node_venv_lib_python3_12_site-packages_PyQt6_Qt6_qml_QtQuick_Controls_FluentWinUI3 --> node_venv_lib_python3_12_site-packages_PyQt6_Qt6_qml_QtQuick_Controls_FluentWinUI3_dark["dark"]\n    node_venv_lib_python3_12_site-packages_PyQt6_Qt6_qml_QtQuick_Controls_FluentWinUI3_dark --> node_venv_lib_python3_12_site-packages_PyQt6_Qt6_qml_QtQuick_Controls_FluentWinUI3_dark_images["images"]\n    node_venv_lib_python3_12_site-packages_PyQt6_Qt6_qml_QtQuick_Controls_FluentWinUI3_dark_images --> node_venv_lib_python3_12_site-packages_PyQt6_Qt6_qml_QtQuick_Controls_FluentWinUI3_dark_images_rangeslider-first-handle-handle-pressed@2x_png["rangeslider-first-handle-handle-pressed@2x.png"]\n    Root --> node_venv["venv"]\n    node_venv --> node_venv_lib["lib"]\n    node_venv_lib --> node_venv_lib_python3_12["python3.12"]\n    node_venv_lib_python3_12 --> node_venv_lib_python3_12_site-packages["site-packages"]\n    node_venv_lib_python3_12_site-packages --> node_venv_lib_python3_12_site-packages_PyQt6["PyQt6"]\n    node_venv_lib_python3_12_site-packages_PyQt6 --> node_venv_lib_python3_12_site-packages_PyQt6_Qt6["Qt6"]\n    node_venv_lib_python3_12_site-packages_PyQt6_Qt6 --> node_venv_lib_python3_12_site-packages_PyQt6_Qt6_qml["qml"]\n    node_venv_lib_python3_12_site-packages_PyQt6_Qt6_qml --> node_venv_lib_python3_12_site-packages_PyQt6_Qt6_qml_QtQuick["QtQuick"]\n    node_venv_lib_python3_12_site-packages_PyQt6_Qt6_qml_QtQuick --> node_venv_lib_python3_12_site-packages_PyQt6_Qt6_qml_QtQuick_Controls["Controls"]\n    node_venv_lib_python3_12_site-packages_PyQt6_Qt6_qml_QtQuick_Controls --> node_venv_lib_python3_12_site-packages_PyQt6_Qt6_qml_QtQuick_Controls_FluentWinUI3["FluentWinUI3"]\n    node_venv_lib_python3_12_site-packages_PyQt6_Qt6_qml_QtQuick_Controls_FluentWinUI3 --> node_venv_lib_python3_12_site-packages_PyQt6_Qt6_qml_QtQuick_Controls_FluentWinUI3_dark["dark"]\n    node_venv_lib_python3_12_site-packages_PyQt6_Qt6_qml_QtQuick_Controls_FluentWinUI3_dark --> node_venv_lib_python3_12_site-packages_PyQt6_Qt6_qml_QtQuick_Controls_FluentWinUI3_dark_images["images"]\n    node_venv_lib_python3_12_site-packages_PyQt6_Qt6_qml_QtQuick_Controls_FluentWinUI3_dark_images --> node_venv_lib_python3_12_site-packages_PyQt6_Qt6_qml_QtQuick_Controls_FluentWinUI3_dark_images_rangeslider-first-handle-handle-pressed@3x_png["rangeslider-first-handle-handle-pressed@3x.png"]\n    Root --> node_venv["venv"]\n    node_venv --> node_venv_lib["lib"]\n    node_venv_lib --> node_venv_lib_python3_12["python3.12"]\n    node_venv_lib_python3_12 --> node_venv_lib_python3_12_site-packages["site-packages"]\n    node_venv_lib_python3_12_site-packages --> node_venv_lib_python3_12_site-packages_PyQt6["PyQt6"]\n    node_venv_lib_python3_12_site-packages_PyQt6 --> node_venv_lib_python3_12_site-packages_PyQt6_Qt6["Qt6"]\n    node_venv_lib_python3_12_site-packages_PyQt6_Qt6 --> node_venv_lib_python3_12_site-packages_PyQt6_Qt6_qml["qml"]\n    node_venv_lib_python3_12_site-packages_PyQt6_Qt6_qml --> node_venv_lib_python3_12_site-packages_PyQt6_Qt6_qml_QtQuick["QtQuick"]\n    node_venv_lib_python3_12_site-packages_PyQt6_Qt6_qml_QtQuick --> node_venv_lib_python3_12_site-packages_PyQt6_Qt6_qml_QtQuick_Controls["Controls"]\n    node_venv_lib_python3_12_site-packages_PyQt6_Qt6_qml_QtQuick_Controls --> node_venv_lib_python3_12_site-packages_PyQt6_Qt6_qml_QtQuick_Controls_FluentWinUI3["FluentWinUI3"]\n    node_venv_lib_python3_12_site-packages_PyQt6_Qt6_qml_QtQuick_Controls_FluentWinUI3 --> node_venv_lib_python3_12_site-packages_PyQt6_Qt6_qml_QtQuick_Controls_FluentWinUI3_dark["dark"]\n    node_venv_lib_python3_12_site-packages_PyQt6_Qt6_qml_QtQuick_Controls_FluentWinUI3_dark --> node_venv_lib_python3_12_site-packages_PyQt6_Qt6_qml_QtQuick_Controls_FluentWinUI3_dark_images["images"]\n    node_venv_lib_python3_12_site-packages_PyQt6_Qt6_qml_QtQuick_Controls_FluentWinUI3_dark_images --> node_venv_lib_python3_12_site-packages_PyQt6_Qt6_qml_QtQuick_Controls_FluentWinUI3_dark_images_rangeslider-first-handle-hovered_png["rangeslider-first-handle-hovered.png"]\n    Root --> node_venv["venv"]\n    node_venv --> node_venv_lib["lib"]\n    node_venv_lib --> node_venv_lib_python3_12["python3.12"]\n    node_venv_lib_python3_12 --> node_venv_lib_python3_12_site-packages["site-packages"]\n    node_venv_lib_python3_12_site-packages --> node_venv_lib_python3_12_site-packages_PyQt6["PyQt6"]\n    node_venv_lib_python3_12_site-packages_PyQt6 --> node_venv_lib_python3_12_site-packages_PyQt6_Qt6["Qt6"]\n    node_venv_lib_python3_12_site-packages_PyQt6_Qt6 --> node_venv_lib_python3_12_site-packages_PyQt6_Qt6_qml["qml"]\n    node_venv_lib_python3_12_site-packages_PyQt6_Qt6_qml --> node_venv_lib_python3_12_site-packages_PyQt6_Qt6_qml_QtQuick["QtQuick"]\n    node_venv_lib_python3_12_site-packages_PyQt6_Qt6_qml_QtQuick --> node_venv_lib_python3_12_site-packages_PyQt6_Qt6_qml_QtQuick_Controls["Controls"]\n    node_venv_lib_python3_12_site-packages_PyQt6_Qt6_qml_QtQuick_Controls --> node_venv_lib_python3_12_site-packages_PyQt6_Qt6_qml_QtQuick_Controls_FluentWinUI3["FluentWinUI3"]\n    node_venv_lib_python3_12_site-packages_PyQt6_Qt6_qml_QtQuick_Controls_FluentWinUI3 --> node_venv_lib_python3_12_site-packages_PyQt6_Qt6_qml_QtQuick_Controls_FluentWinUI3_dark["dark"]\n    node_venv_lib_python3_12_site-packages_PyQt6_Qt6_qml_QtQuick_Controls_FluentWinUI3_dark --> node_venv_lib_python3_12_site-packages_PyQt6_Qt6_qml_QtQuick_Controls_FluentWinUI3_dark_images["images"]\n    node_venv_lib_python3_12_site-packages_PyQt6_Qt6_qml_QtQuick_Controls_FluentWinUI3_dark_images --> node_venv_lib_python3_12_site-packages_PyQt6_Qt6_qml_QtQuick_Controls_FluentWinUI3_dark_images_rangeslider-first-handle-hovered@2x_png["rangeslider-first-handle-hovered@2x.png"]\n    Root --> node_venv["venv"]\n    node_venv --> node_venv_lib["lib"]\n    node_venv_lib --> node_venv_lib_python3_12["python3.12"]\n    node_venv_lib_python3_12 --> node_venv_lib_python3_12_site-packages["site-packages"]\n    node_venv_lib_python3_12_site-packages --> node_venv_lib_python3_12_site-packages_PyQt6["PyQt6"]\n    node_venv_lib_python3_12_site-packages_PyQt6 --> node_venv_lib_python3_12_site-packages_PyQt6_Qt6["Qt6"]\n    node_venv_lib_python3_12_site-packages_PyQt6_Qt6 --> node_venv_lib_python3_12_site-packages_PyQt6_Qt6_qml["qml"]\n    node_venv_lib_python3_12_site-packages_PyQt6_Qt6_qml --> node_venv_lib_python3_12_site-packages_PyQt6_Qt6_qml_QtQuick["QtQuick"]\n    node_venv_lib_python3_12_site-packages_PyQt6_Qt6_qml_QtQuick --> node_venv_lib_python3_12_site-packages_PyQt6_Qt6_qml_QtQuick_Controls["Controls"]\n    node_venv_lib_python3_12_site-packages_PyQt6_Qt6_qml_QtQuick_Controls --> node_venv_lib_python3_12_site-packages_PyQt6_Qt6_qml_QtQuick_Controls_FluentWinUI3["FluentWinUI3"]\n    node_venv_lib_python3_12_site-packages_PyQt6_Qt6_qml_QtQuick_Controls_FluentWinUI3 --> node_venv_lib_python3_12_site-packages_PyQt6_Qt6_qml_QtQuick_Controls_FluentWinUI3_dark["dark"]\n    node_venv_lib_python3_12_site-packages_PyQt6_Qt6_qml_QtQuick_Controls_FluentWinUI3_dark --> node_venv_lib_python3_12_site-packages_PyQt6_Qt6_qml_QtQuick_Controls_FluentWinUI3_dark_images["images"]\n    node_venv_lib_python3_12_site-packages_PyQt6_Qt6_qml_QtQuick_Controls_FluentWinUI3_dark_images --> node_venv_lib_python3_12_site-packages_PyQt6_Qt6_qml_QtQuick_Controls_FluentWinUI3_dark_images_rangeslider-first-handle-hovered@3x_png["rangeslider-first-handle-hovered@3x.png"]\n    Root --> node_venv["venv"]\n    node_venv --> node_venv_lib["lib"]\n    node_venv_lib --> node_venv_lib_python3_12["python3.12"]\n    node_venv_lib_python3_12 --> node_venv_lib_python3_12_site-packages["site-packages"]\n    node_venv_lib_python3_12_site-packages --> node_venv_lib_python3_12_site-packages_PyQt6["PyQt6"]\n    node_venv_lib_python3_12_site-packages_PyQt6 --> node_venv_lib_python3_12_site-packages_PyQt6_Qt6["Qt6"]\n    node_venv_lib_python3_12_site-packages_PyQt6_Qt6 --> node_venv_lib_python3_12_site-packages_PyQt6_Qt6_qml["qml"]\n    node_venv_lib_python3_12_site-packages_PyQt6_Qt6_qml --> node_venv_lib_python3_12_site-packages_PyQt6_Qt6_qml_QtQuick["QtQuick"]\n    node_venv_lib_python3_12_site-packages_PyQt6_Qt6_qml_QtQuick --> node_venv_lib_python3_12_site-packages_PyQt6_Qt6_qml_QtQuick_Controls["Controls"]\n    node_venv_lib_python3_12_site-packages_PyQt6_Qt6_qml_QtQuick_Controls --> node_venv_lib_python3_12_site-packages_PyQt6_Qt6_qml_QtQuick_Controls_FluentWinUI3["FluentWinUI3"]\n    node_venv_lib_python3_12_site-packages_PyQt6_Qt6_qml_QtQuick_Controls_FluentWinUI3 --> node_venv_lib_python3_12_site-packages_PyQt6_Qt6_qml_QtQuick_Controls_FluentWinUI3_dark["dark"]\n    node_venv_lib_python3_12_site-packages_PyQt6_Qt6_qml_QtQuick_Controls_FluentWinUI3_dark --> node_venv_lib_python3_12_site-packages_PyQt6_Qt6_qml_QtQuick_Controls_FluentWinUI3_dark_images["images"]\n    node_venv_lib_python3_12_site-packages_PyQt6_Qt6_qml_QtQuick_Controls_FluentWinUI3_dark_images --> node_venv_lib_python3_12_site-packages_PyQt6_Qt6_qml_QtQuick_Controls_FluentWinUI3_dark_images_rangeslider-first-handle_png["rangeslider-first-handle.png"]\n    Root --> node_venv["venv"]\n    node_venv --> node_venv_lib["lib"]\n    node_venv_lib --> node_venv_lib_python3_12["python3.12"]\n    node_venv_lib_python3_12 --> node_venv_lib_python3_12_site-packages["site-packages"]\n    node_venv_lib_python3_12_site-packages --> node_venv_lib_python3_12_site-packages_PyQt6["PyQt6"]\n    node_venv_lib_python3_12_site-packages_PyQt6 --> node_venv_lib_python3_12_site-packages_PyQt6_Qt6["Qt6"]\n    node_venv_lib_python3_12_site-packages_PyQt6_Qt6 --> node_venv_lib_python3_12_site-packages_PyQt6_Qt6_qml["qml"]\n    node_venv_lib_python3_12_site-packages_PyQt6_Qt6_qml --> node_venv_lib_python3_12_site-packages_PyQt6_Qt6_qml_QtQuick["QtQuick"]\n    node_venv_lib_python3_12_site-packages_PyQt6_Qt6_qml_QtQuick --> node_venv_lib_python3_12_site-packages_PyQt6_Qt6_qml_QtQuick_Controls["Controls"]\n    node_venv_lib_python3_12_site-packages_PyQt6_Qt6_qml_QtQuick_Controls --> node_venv_lib_python3_12_site-packages_PyQt6_Qt6_qml_QtQuick_Controls_FluentWinUI3["FluentWinUI3"]\n    node_venv_lib_python3_12_site-packages_PyQt6_Qt6_qml_QtQuick_Controls_FluentWinUI3 --> node_venv_lib_python3_12_site-packages_PyQt6_Qt6_qml_QtQuick_Controls_FluentWinUI3_dark["dark"]\n    node_venv_lib_python3_12_site-packages_PyQt6_Qt6_qml_QtQuick_Controls_FluentWinUI3_dark --> node_venv_lib_python3_12_site-packages_PyQt6_Qt6_qml_QtQuick_Controls_FluentWinUI3_dark_images["images"]\n    node_venv_lib_python3_12_site-packages_PyQt6_Qt6_qml_QtQuick_Controls_FluentWinUI3_dark_images --> node_venv_lib_python3_12_site-packages_PyQt6_Qt6_qml_QtQuick_Controls_FluentWinUI3_dark_images_rangeslider-first-handle@2x_png["rangeslider-first-handle@2x.png"]\n    Root --> node_venv["venv"]\n    node_venv --> node_venv_lib["lib"]\n    node_venv_lib --> node_venv_lib_python3_12["python3.12"]\n    node_venv_lib_python3_12 --> node_venv_lib_python3_12_site-packages["site-packages"]\n    node_venv_lib_python3_12_site-packages --> node_venv_lib_python3_12_site-packages_PyQt6["PyQt6"]\n    node_venv_lib_python3_12_site-packages_PyQt6 --> node_venv_lib_python3_12_site-packages_PyQt6_Qt6["Qt6"]\n    node_venv_lib_python3_12_site-packages_PyQt6_Qt6 --> node_venv_lib_python3_12_site-packages_PyQt6_Qt6_qml["qml"]\n    node_venv_lib_python3_12_site-packages_PyQt6_Qt6_qml --> node_venv_lib_python3_12_site-packages_PyQt6_Qt6_qml_QtQuick["QtQuick"]\n    node_venv_lib_python3_12_site-packages_PyQt6_Qt6_qml_QtQuick --> node_venv_lib_python3_12_site-packages_PyQt6_Qt6_qml_QtQuick_Controls["Controls"]\n    node_venv_lib_python3_12_site-packages_PyQt6_Qt6_qml_QtQuick_Controls --> node_venv_lib_python3_12_site-packages_PyQt6_Qt6_qml_QtQuick_Controls_FluentWinUI3["FluentWinUI3"]\n    node_venv_lib_python3_12_site-packages_PyQt6_Qt6_qml_QtQuick_Controls_FluentWinUI3 --> node_venv_lib_python3_12_site-packages_PyQt6_Qt6_qml_QtQuick_Controls_FluentWinUI3_dark["dark"]\n    node_venv_lib_python3_12_site-packages_PyQt6_Qt6_qml_QtQuick_Controls_FluentWinUI3_dark --> node_venv_lib_python3_12_site-packages_PyQt6_Qt6_qml_QtQuick_Controls_FluentWinUI3_dark_images["images"]\n    node_venv_lib_python3_12_site-packages_PyQt6_Qt6_qml_QtQuick_Controls_FluentWinUI3_dark_images --> node_venv_lib_python3_12_site-packages_PyQt6_Qt6_qml_QtQuick_Controls_FluentWinUI3_dark_images_rangeslider-first-handle@3x_png["rangeslider-first-handle@3x.png"]\n    Root --> node_venv["venv"]\n    node_venv --> node_venv_lib["lib"]\n    node_venv_lib --> node_venv_lib_python3_12["python3.12"]\n    node_venv_lib_python3_12 --> node_venv_lib_python3_12_site-packages["site-packages"]\n    node_venv_lib_python3_12_site-packages --> node_venv_lib_python3_12_site-packages_PyQt6["PyQt6"]\n    node_venv_lib_python3_12_site-packages_PyQt6 --> node_venv_lib_python3_12_site-packages_PyQt6_Qt6["Qt6"]\n    node_venv_lib_python3_12_site-packages_PyQt6_Qt6 --> node_venv_lib_python3_12_site-packages_PyQt6_Qt6_qml["qml"]\n    node_venv_lib_python3_12_site-packages_PyQt6_Qt6_qml --> node_venv_lib_python3_12_site-packages_PyQt6_Qt6_qml_QtQuick["QtQuick"]\n    node_venv_lib_python3_12_site-packages_PyQt6_Qt6_qml_QtQuick --> node_venv_lib_python3_12_site-packages_PyQt6_Qt6_qml_QtQuick_Controls["Controls"]\n    node_venv_lib_python3_12_site-packages_PyQt6_Qt6_qml_QtQuick_Controls --> node_venv_lib_python3_12_site-packages_PyQt6_Qt6_qml_QtQuick_Controls_FluentWinUI3["FluentWinUI3"]\n    node_venv_lib_python3_12_site-packages_PyQt6_Qt6_qml_QtQuick_Controls_FluentWinUI3 --> node_venv_lib_python3_12_site-packages_PyQt6_Qt6_qml_QtQuick_Controls_FluentWinUI3_dark["dark"]\n    node_venv_lib_python3_12_site-packages_PyQt6_Qt6_qml_QtQuick_Controls_FluentWinUI3_dark --> node_venv_lib_python3_12_site-packages_PyQt6_Qt6_qml_QtQuick_Controls_FluentWinUI3_dark_images["images"]\n    node_venv_lib_python3_12_site-packages_PyQt6_Qt6_qml_QtQuick_Controls_FluentWinUI3_dark_images --> node_venv_lib_python3_12_site-packages_PyQt6_Qt6_qml_QtQuick_Controls_FluentWinUI3_dark_images_rangeslider-groove-disabled_png["rangeslider-groove-disabled.png"]\n    Root --> node_venv["venv"]\n    node_venv --> node_venv_lib["lib"]\n    node_venv_lib --> node_venv_lib_python3_12["python3.12"]\n    node_venv_lib_python3_12 --> node_venv_lib_python3_12_site-packages["site-packages"]\n    node_venv_lib_python3_12_site-packages --> node_venv_lib_python3_12_site-packages_PyQt6["PyQt6"]\n    node_venv_lib_python3_12_site-packages_PyQt6 --> node_venv_lib_python3_12_site-packages_PyQt6_Qt6["Qt6"]\n    node_venv_lib_python3_12_site-packages_PyQt6_Qt6 --> node_venv_lib_python3_12_site-packages_PyQt6_Qt6_qml["qml"]\n    node_venv_lib_python3_12_site-packages_PyQt6_Qt6_qml --> node_venv_lib_python3_12_site-packages_PyQt6_Qt6_qml_QtQuick["QtQuick"]\n    node_venv_lib_python3_12_site-packages_PyQt6_Qt6_qml_QtQuick --> node_venv_lib_python3_12_site-packages_PyQt6_Qt6_qml_QtQuick_Controls["Controls"]\n    node_venv_lib_python3_12_site-packages_PyQt6_Qt6_qml_QtQuick_Controls --> node_venv_lib_python3_12_site-packages_PyQt6_Qt6_qml_QtQuick_Controls_FluentWinUI3["FluentWinUI3"]\n    node_venv_lib_python3_12_site-packages_PyQt6_Qt6_qml_QtQuick_Controls_FluentWinUI3 --> node_venv_lib_python3_12_site-packages_PyQt6_Qt6_qml_QtQuick_Controls_FluentWinUI3_dark["dark"]\n    node_venv_lib_python3_12_site-packages_PyQt6_Qt6_qml_QtQuick_Controls_FluentWinUI3_dark --> node_venv_lib_python3_12_site-packages_PyQt6_Qt6_qml_QtQuick_Controls_FluentWinUI3_dark_images["images"]\n    node_venv_lib_python3_12_site-packages_PyQt6_Qt6_qml_QtQuick_Controls_FluentWinUI3_dark_images --> node_venv_lib_python3_12_site-packages_PyQt6_Qt6_qml_QtQuick_Controls_FluentWinUI3_dark_images_rangeslider-groove-disabled@2x_png["rangeslider-groove-disabled@2x.png"]\n    Root --> node_venv["venv"]\n    node_venv --> node_venv_lib["lib"]\n    node_venv_lib --> node_venv_lib_python3_12["python3.12"]\n    node_venv_lib_python3_12 --> node_venv_lib_python3_12_site-packages["site-packages"]\n    node_venv_lib_python3_12_site-packages --> node_venv_lib_python3_12_site-packages_PyQt6["PyQt6"]\n    node_venv_lib_python3_12_site-packages_PyQt6 --> node_venv_lib_python3_12_site-packages_PyQt6_Qt6["Qt6"]\n    node_venv_lib_python3_12_site-packages_PyQt6_Qt6 --> node_venv_lib_python3_12_site-packages_PyQt6_Qt6_qml["qml"]\n    node_venv_lib_python3_12_site-packages_PyQt6_Qt6_qml --> node_venv_lib_python3_12_site-packages_PyQt6_Qt6_qml_QtQuick["QtQuick"]\n    node_venv_lib_python3_12_site-packages_PyQt6_Qt6_qml_QtQuick --> node_venv_lib_python3_12_site-packages_PyQt6_Qt6_qml_QtQuick_Controls["Controls"]\n    node_venv_lib_python3_12_site-packages_PyQt6_Qt6_qml_QtQuick_Controls --> node_venv_lib_python3_12_site-packages_PyQt6_Qt6_qml_QtQuick_Controls_FluentWinUI3["FluentWinUI3"]\n    node_venv_lib_python3_12_site-packages_PyQt6_Qt6_qml_QtQuick_Controls_FluentWinUI3 --> node_venv_lib_python3_12_site-packages_PyQt6_Qt6_qml_QtQuick_Controls_FluentWinUI3_dark["dark"]\n    node_venv_lib_python3_12_site-packages_PyQt6_Qt6_qml_QtQuick_Controls_FluentWinUI3_dark --> node_venv_lib_python3_12_site-packages_PyQt6_Qt6_qml_QtQuick_Controls_FluentWinUI3_dark_images["images"]\n    node_venv_lib_python3_12_site-packages_PyQt6_Qt6_qml_QtQuick_Controls_FluentWinUI3_dark_images --> node_venv_lib_python3_12_site-packages_PyQt6_Qt6_qml_QtQuick_Controls_FluentWinUI3_dark_images_rangeslider-groove-disabled@3x_png["rangeslider-groove-disabled@3x.png"]\n    Root --> node_venv["venv"]\n    node_venv --> node_venv_lib["lib"]\n    node_venv_lib --> node_venv_lib_python3_12["python3.12"]\n    node_venv_lib_python3_12 --> node_venv_lib_python3_12_site-packages["site-packages"]\n    node_venv_lib_python3_12_site-packages --> node_venv_lib_python3_12_site-packages_PyQt6["PyQt6"]\n    node_venv_lib_python3_12_site-packages_PyQt6 --> node_venv_lib_python3_12_site-packages_PyQt6_Qt6["Qt6"]\n    node_venv_lib_python3_12_site-packages_PyQt6_Qt6 --> node_venv_lib_python3_12_site-packages_PyQt6_Qt6_qml["qml"]\n    node_venv_lib_python3_12_site-packages_PyQt6_Qt6_qml --> node_venv_lib_python3_12_site-packages_PyQt6_Qt6_qml_QtQuick["QtQuick"]\n    node_venv_lib_python3_12_site-packages_PyQt6_Qt6_qml_QtQuick --> node_venv_lib_python3_12_site-packages_PyQt6_Qt6_qml_QtQuick_Controls["Controls"]\n    node_venv_lib_python3_12_site-packages_PyQt6_Qt6_qml_QtQuick_Controls --> node_venv_lib_python3_12_site-packages_PyQt6_Qt6_qml_QtQuick_Controls_FluentWinUI3["FluentWinUI3"]\n    node_venv_lib_python3_12_site-packages_PyQt6_Qt6_qml_QtQuick_Controls_FluentWinUI3 --> node_venv_lib_python3_12_site-packages_PyQt6_Qt6_qml_QtQuick_Controls_FluentWinUI3_dark["dark"]\n    node_venv_lib_python3_12_site-packages_PyQt6_Qt6_qml_QtQuick_Controls_FluentWinUI3_dark --> node_venv_lib_python3_12_site-packages_PyQt6_Qt6_qml_QtQuick_Controls_FluentWinUI3_dark_images["images"]\n    node_venv_lib_python3_12_site-packages_PyQt6_Qt6_qml_QtQuick_Controls_FluentWinUI3_dark_images --> node_venv_lib_python3_12_site-packages_PyQt6_Qt6_qml_QtQuick_Controls_FluentWinUI3_dark_images_rangeslider-groove-handle-pressed_png["rangeslider-groove-handle-pressed.png"]\n    Root --> node_venv["venv"]\n    node_venv --> node_venv_lib["lib"]\n    node_venv_lib --> node_venv_lib_python3_12["python3.12"]\n    node_venv_lib_python3_12 --> node_venv_lib_python3_12_site-packages["site-packages"]\n    node_venv_lib_python3_12_site-packages --> node_venv_lib_python3_12_site-packages_PyQt6["PyQt6"]\n    node_venv_lib_python3_12_site-packages_PyQt6 --> node_venv_lib_python3_12_site-packages_PyQt6_Qt6["Qt6"]\n    node_venv_lib_python3_12_site-packages_PyQt6_Qt6 --> node_venv_lib_python3_12_site-packages_PyQt6_Qt6_qml["qml"]\n    node_venv_lib_python3_12_site-packages_PyQt6_Qt6_qml --> node_venv_lib_python3_12_site-packages_PyQt6_Qt6_qml_QtQuick["QtQuick"]\n    node_venv_lib_python3_12_site-packages_PyQt6_Qt6_qml_QtQuick --> node_venv_lib_python3_12_site-packages_PyQt6_Qt6_qml_QtQuick_Controls["Controls"]\n    node_venv_lib_python3_12_site-packages_PyQt6_Qt6_qml_QtQuick_Controls --> node_venv_lib_python3_12_site-packages_PyQt6_Qt6_qml_QtQuick_Controls_FluentWinUI3["FluentWinUI3"]\n    node_venv_lib_python3_12_site-packages_PyQt6_Qt6_qml_QtQuick_Controls_FluentWinUI3 --> node_venv_lib_python3_12_site-packages_PyQt6_Qt6_qml_QtQuick_Controls_FluentWinUI3_dark["dark"]\n    node_venv_lib_python3_12_site-packages_PyQt6_Qt6_qml_QtQuick_Controls_FluentWinUI3_dark --> node_venv_lib_python3_12_site-packages_PyQt6_Qt6_qml_QtQuick_Controls_FluentWinUI3_dark_images["images"]\n    node_venv_lib_python3_12_site-packages_PyQt6_Qt6_qml_QtQuick_Controls_FluentWinUI3_dark_images --> node_venv_lib_python3_12_site-packages_PyQt6_Qt6_qml_QtQuick_Controls_FluentWinUI3_dark_images_rangeslider-groove-handle-pressed@2x_png["rangeslider-groove-handle-pressed@2x.png"]\n    Root --> node_venv["venv"]\n    node_venv --> node_venv_lib["lib"]\n    node_venv_lib --> node_venv_lib_python3_12["python3.12"]\n    node_venv_lib_python3_12 --> node_venv_lib_python3_12_site-packages["site-packages"]\n    node_venv_lib_python3_12_site-packages --> node_venv_lib_python3_12_site-packages_PyQt6["PyQt6"]\n    node_venv_lib_python3_12_site-packages_PyQt6 --> node_venv_lib_python3_12_site-packages_PyQt6_Qt6["Qt6"]\n    node_venv_lib_python3_12_site-packages_PyQt6_Qt6 --> node_venv_lib_python3_12_site-packages_PyQt6_Qt6_qml["qml"]\n    node_venv_lib_python3_12_site-packages_PyQt6_Qt6_qml --> node_venv_lib_python3_12_site-packages_PyQt6_Qt6_qml_QtQuick["QtQuick"]\n    node_venv_lib_python3_12_site-packages_PyQt6_Qt6_qml_QtQuick --> node_venv_lib_python3_12_site-packages_PyQt6_Qt6_qml_QtQuick_Controls["Controls"]\n    node_venv_lib_python3_12_site-packages_PyQt6_Qt6_qml_QtQuick_Controls --> node_venv_lib_python3_12_site-packages_PyQt6_Qt6_qml_QtQuick_Controls_FluentWinUI3["FluentWinUI3"]\n    node_venv_lib_python3_12_site-packages_PyQt6_Qt6_qml_QtQuick_Controls_FluentWinUI3 --> node_venv_lib_python3_12_site-packages_PyQt6_Qt6_qml_QtQuick_Controls_FluentWinUI3_dark["dark"]\n    node_venv_lib_python3_12_site-packages_PyQt6_Qt6_qml_QtQuick_Controls_FluentWinUI3_dark --> node_venv_lib_python3_12_site-packages_PyQt6_Qt6_qml_QtQuick_Controls_FluentWinUI3_dark_images["images"]\n    node_venv_lib_python3_12_site-packages_PyQt6_Qt6_qml_QtQuick_Controls_FluentWinUI3_dark_images --> node_venv_lib_python3_12_site-packages_PyQt6_Qt6_qml_QtQuick_Controls_FluentWinUI3_dark_images_rangeslider-groove-handle-pressed@3x_png["rangeslider-groove-handle-pressed@3x.png"]\n    Root --> node_venv["venv"]\n    node_venv --> node_venv_lib["lib"]\n    node_venv_lib --> node_venv_lib_python3_12["python3.12"]\n    node_venv_lib_python3_12 --> node_venv_lib_python3_12_site-packages["site-packages"]\n    node_venv_lib_python3_12_site-packages --> node_venv_lib_python3_12_site-packages_PyQt6["PyQt6"]\n    node_venv_lib_python3_12_site-packages_PyQt6 --> node_venv_lib_python3_12_site-packages_PyQt6_Qt6["Qt6"]\n    node_venv_lib_python3_12_site-packages_PyQt6_Qt6 --> node_venv_lib_python3_12_site-packages_PyQt6_Qt6_qml["qml"]\n    node_venv_lib_python3_12_site-packages_PyQt6_Qt6_qml --> node_venv_lib_python3_12_site-packages_PyQt6_Qt6_qml_QtQuick["QtQuick"]\n    node_venv_lib_python3_12_site-packages_PyQt6_Qt6_qml_QtQuick --> node_venv_lib_python3_12_site-packages_PyQt6_Qt6_qml_QtQuick_Controls["Controls"]\n    node_venv_lib_python3_12_site-packages_PyQt6_Qt6_qml_QtQuick_Controls --> node_venv_lib_python3_12_site-packages_PyQt6_Qt6_qml_QtQuick_Controls_FluentWinUI3["FluentWinUI3"]\n    node_venv_lib_python3_12_site-packages_PyQt6_Qt6_qml_QtQuick_Controls_FluentWinUI3 --> node_venv_lib_python3_12_site-packages_PyQt6_Qt6_qml_QtQuick_Controls_FluentWinUI3_dark["dark"]\n    node_venv_lib_python3_12_site-packages_PyQt6_Qt6_qml_QtQuick_Controls_FluentWinUI3_dark --> node_venv_lib_python3_12_site-packages_PyQt6_Qt6_qml_QtQuick_Controls_FluentWinUI3_dark_images["images"]\n    node_venv_lib_python3_12_site-packages_PyQt6_Qt6_qml_QtQuick_Controls_FluentWinUI3_dark_images --> node_venv_lib_python3_12_site-packages_PyQt6_Qt6_qml_QtQuick_Controls_FluentWinUI3_dark_images_rangeslider-groove-hovered_png["rangeslider-groove-hovered.png"]\n    Root --> node_venv["venv"]\n    node_venv --> node_venv_lib["lib"]\n    node_venv_lib --> node_venv_lib_python3_12["python3.12"]\n    node_venv_lib_python3_12 --> node_venv_lib_python3_12_site-packages["site-packages"]\n    node_venv_lib_python3_12_site-packages --> node_venv_lib_python3_12_site-packages_PyQt6["PyQt6"]\n    node_venv_lib_python3_12_site-packages_PyQt6 --> node_venv_lib_python3_12_site-packages_PyQt6_Qt6["Qt6"]\n    node_venv_lib_python3_12_site-packages_PyQt6_Qt6 --> node_venv_lib_python3_12_site-packages_PyQt6_Qt6_qml["qml"]\n    node_venv_lib_python3_12_site-packages_PyQt6_Qt6_qml --> node_venv_lib_python3_12_site-packages_PyQt6_Qt6_qml_QtQuick["QtQuick"]\n    node_venv_lib_python3_12_site-packages_PyQt6_Qt6_qml_QtQuick --> node_venv_lib_python3_12_site-packages_PyQt6_Qt6_qml_QtQuick_Controls["Controls"]\n    node_venv_lib_python3_12_site-packages_PyQt6_Qt6_qml_QtQuick_Controls --> node_venv_lib_python3_12_site-packages_PyQt6_Qt6_qml_QtQuick_Controls_FluentWinUI3["FluentWinUI3"]\n    node_venv_lib_python3_12_site-packages_PyQt6_Qt6_qml_QtQuick_Controls_FluentWinUI3 --> node_venv_lib_python3_12_site-packages_PyQt6_Qt6_qml_QtQuick_Controls_FluentWinUI3_dark["dark"]\n    node_venv_lib_python3_12_site-packages_PyQt6_Qt6_qml_QtQuick_Controls_FluentWinUI3_dark --> node_venv_lib_python3_12_site-packages_PyQt6_Qt6_qml_QtQuick_Controls_FluentWinUI3_dark_images["images"]\n    node_venv_lib_python3_12_site-packages_PyQt6_Qt6_qml_QtQuick_Controls_FluentWinUI3_dark_images --> node_venv_lib_python3_12_site-packages_PyQt6_Qt6_qml_QtQuick_Controls_FluentWinUI3_dark_images_rangeslider-groove-hovered@2x_png["rangeslider-groove-hovered@2x.png"]\n    Root --> node_venv["venv"]\n    node_venv --> node_venv_lib["lib"]\n    node_venv_lib --> node_venv_lib_python3_12["python3.12"]\n    node_venv_lib_python3_12 --> node_venv_lib_python3_12_site-packages["site-packages"]\n    node_venv_lib_python3_12_site-packages --> node_venv_lib_python3_12_site-packages_PyQt6["PyQt6"]\n    node_venv_lib_python3_12_site-packages_PyQt6 --> node_venv_lib_python3_12_site-packages_PyQt6_Qt6["Qt6"]\n    node_venv_lib_python3_12_site-packages_PyQt6_Qt6 --> node_venv_lib_python3_12_site-packages_PyQt6_Qt6_qml["qml"]\n    node_venv_lib_python3_12_site-packages_PyQt6_Qt6_qml --> node_venv_lib_python3_12_site-packages_PyQt6_Qt6_qml_QtQuick["QtQuick"]\n    node_venv_lib_python3_12_site-packages_PyQt6_Qt6_qml_QtQuick --> node_venv_lib_python3_12_site-packages_PyQt6_Qt6_qml_QtQuick_Controls["Controls"]\n    node_venv_lib_python3_12_site-packages_PyQt6_Qt6_qml_QtQuick_Controls --> node_venv_lib_python3_12_site-packages_PyQt6_Qt6_qml_QtQuick_Controls_FluentWinUI3["FluentWinUI3"]\n    node_venv_lib_python3_12_site-packages_PyQt6_Qt6_qml_QtQuick_Controls_FluentWinUI3 --> node_venv_lib_python3_12_site-packages_PyQt6_Qt6_qml_QtQuick_Controls_FluentWinUI3_dark["dark"]\n    node_venv_lib_python3_12_site-packages_PyQt6_Qt6_qml_QtQuick_Controls_FluentWinUI3_dark --> node_venv_lib_python3_12_site-packages_PyQt6_Qt6_qml_QtQuick_Controls_FluentWinUI3_dark_images["images"]\n    node_venv_lib_python3_12_site-packages_PyQt6_Qt6_qml_QtQuick_Controls_FluentWinUI3_dark_images --> node_venv_lib_python3_12_site-packages_PyQt6_Qt6_qml_QtQuick_Controls_FluentWinUI3_dark_images_rangeslider-groove-hovered@3x_png["rangeslider-groove-hovered@3x.png"]\n    Root --> node_venv["venv"]\n    node_venv --> node_venv_lib["lib"]\n    node_venv_lib --> node_venv_lib_python3_12["python3.12"]\n    node_venv_lib_python3_12 --> node_venv_lib_python3_12_site-packages["site-packages"]\n    node_venv_lib_python3_12_site-packages --> node_venv_lib_python3_12_site-packages_PyQt6["PyQt6"]\n    node_venv_lib_python3_12_site-packages_PyQt6 --> node_venv_lib_python3_12_site-packages_PyQt6_Qt6["Qt6"]\n    node_venv_lib_python3_12_site-packages_PyQt6_Qt6 --> node_venv_lib_python3_12_site-packages_PyQt6_Qt6_qml["qml"]\n    node_venv_lib_python3_12_site-packages_PyQt6_Qt6_qml --> node_venv_lib_python3_12_site-packages_PyQt6_Qt6_qml_QtQuick["QtQuick"]\n    node_venv_lib_python3_12_site-packages_PyQt6_Qt6_qml_QtQuick --> node_venv_lib_python3_12_site-packages_PyQt6_Qt6_qml_QtQuick_Controls["Controls"]\n    node_venv_lib_python3_12_site-packages_PyQt6_Qt6_qml_QtQuick_Controls --> node_venv_lib_python3_12_site-packages_PyQt6_Qt6_qml_QtQuick_Controls_FluentWinUI3["FluentWinUI3"]\n    node_venv_lib_python3_12_site-packages_PyQt6_Qt6_qml_QtQuick_Controls_FluentWinUI3 --> node_venv_lib_python3_12_site-packages_PyQt6_Qt6_qml_QtQuick_Controls_FluentWinUI3_dark["dark"]\n    node_venv_lib_python3_12_site-packages_PyQt6_Qt6_qml_QtQuick_Controls_FluentWinUI3_dark --> node_venv_lib_python3_12_site-packages_PyQt6_Qt6_qml_QtQuick_Controls_FluentWinUI3_dark_images["images"]\n    node_venv_lib_python3_12_site-packages_PyQt6_Qt6_qml_QtQuick_Controls_FluentWinUI3_dark_images --> node_venv_lib_python3_12_site-packages_PyQt6_Qt6_qml_QtQuick_Controls_FluentWinUI3_dark_images_rangeslider-groove_png["rangeslider-groove.png"]\n    Root --> node_venv["venv"]\n    node_venv --> node_venv_lib["lib"]\n    node_venv_lib --> node_venv_lib_python3_12["python3.12"]\n    node_venv_lib_python3_12 --> node_venv_lib_python3_12_site-packages["site-packages"]\n    node_venv_lib_python3_12_site-packages --> node_venv_lib_python3_12_site-packages_PyQt6["PyQt6"]\n    node_venv_lib_python3_12_site-packages_PyQt6 --> node_venv_lib_python3_12_site-packages_PyQt6_Qt6["Qt6"]\n    node_venv_lib_python3_12_site-packages_PyQt6_Qt6 --> node_venv_lib_python3_12_site-packages_PyQt6_Qt6_qml["qml"]\n    node_venv_lib_python3_12_site-packages_PyQt6_Qt6_qml --> node_venv_lib_python3_12_site-packages_PyQt6_Qt6_qml_QtQuick["QtQuick"]\n    node_venv_lib_python3_12_site-packages_PyQt6_Qt6_qml_QtQuick --> node_venv_lib_python3_12_site-packages_PyQt6_Qt6_qml_QtQuick_Controls["Controls"]\n    node_venv_lib_python3_12_site-packages_PyQt6_Qt6_qml_QtQuick_Controls --> node_venv_lib_python3_12_site-packages_PyQt6_Qt6_qml_QtQuick_Controls_FluentWinUI3["FluentWinUI3"]\n    node_venv_lib_python3_12_site-packages_PyQt6_Qt6_qml_QtQuick_Controls_FluentWinUI3 --> node_venv_lib_python3_12_site-packages_PyQt6_Qt6_qml_QtQuick_Controls_FluentWinUI3_dark["dark"]\n    node_venv_lib_python3_12_site-packages_PyQt6_Qt6_qml_QtQuick_Controls_FluentWinUI3_dark --> node_venv_lib_python3_12_site-packages_PyQt6_Qt6_qml_QtQuick_Controls_FluentWinUI3_dark_images["images"]\n    node_venv_lib_python3_12_site-packages_PyQt6_Qt6_qml_QtQuick_Controls_FluentWinUI3_dark_images --> node_venv_lib_python3_12_site-packages_PyQt6_Qt6_qml_QtQuick_Controls_FluentWinUI3_dark_images_rangeslider-groove@2x_png["rangeslider-groove@2x.png"]\n    Root --> node_venv["venv"]\n    node_venv --> node_venv_lib["lib"]\n    node_venv_lib --> node_venv_lib_python3_12["python3.12"]\n    node_venv_lib_python3_12 --> node_venv_lib_python3_12_site-packages["site-packages"]\n    node_venv_lib_python3_12_site-packages --> node_venv_lib_python3_12_site-packages_PyQt6["PyQt6"]\n    node_venv_lib_python3_12_site-packages_PyQt6 --> node_venv_lib_python3_12_site-packages_PyQt6_Qt6["Qt6"]\n    node_venv_lib_python3_12_site-packages_PyQt6_Qt6 --> node_venv_lib_python3_12_site-packages_PyQt6_Qt6_qml["qml"]\n    node_venv_lib_python3_12_site-packages_PyQt6_Qt6_qml --> node_venv_lib_python3_12_site-packages_PyQt6_Qt6_qml_QtQuick["QtQuick"]\n    node_venv_lib_python3_12_site-packages_PyQt6_Qt6_qml_QtQuick --> node_venv_lib_python3_12_site-packages_PyQt6_Qt6_qml_QtQuick_Controls["Controls"]\n    node_venv_lib_python3_12_site-packages_PyQt6_Qt6_qml_QtQuick_Controls --> node_venv_lib_python3_12_site-packages_PyQt6_Qt6_qml_QtQuick_Controls_FluentWinUI3["FluentWinUI3"]\n    node_venv_lib_python3_12_site-packages_PyQt6_Qt6_qml_QtQuick_Controls_FluentWinUI3 --> node_venv_lib_python3_12_site-packages_PyQt6_Qt6_qml_QtQuick_Controls_FluentWinUI3_dark["dark"]\n    node_venv_lib_python3_12_site-packages_PyQt6_Qt6_qml_QtQuick_Controls_FluentWinUI3_dark --> node_venv_lib_python3_12_site-packages_PyQt6_Qt6_qml_QtQuick_Controls_FluentWinUI3_dark_images["images"]\n    node_venv_lib_python3_12_site-packages_PyQt6_Qt6_qml_QtQuick_Controls_FluentWinUI3_dark_images --> node_venv_lib_python3_12_site-packages_PyQt6_Qt6_qml_QtQuick_Controls_FluentWinUI3_dark_images_rangeslider-groove@3x_png["rangeslider-groove@3x.png"]\n    Root --> node_venv["venv"]\n    node_venv --> node_venv_lib["lib"]\n    node_venv_lib --> node_venv_lib_python3_12["python3.12"]\n    node_venv_lib_python3_12 --> node_venv_lib_python3_12_site-packages["site-packages"]\n    node_venv_lib_python3_12_site-packages --> node_venv_lib_python3_12_site-packages_PyQt6["PyQt6"]\n    node_venv_lib_python3_12_site-packages_PyQt6 --> node_venv_lib_python3_12_site-packages_PyQt6_Qt6["Qt6"]\n    node_venv_lib_python3_12_site-packages_PyQt6_Qt6 --> node_venv_lib_python3_12_site-packages_PyQt6_Qt6_qml["qml"]\n    node_venv_lib_python3_12_site-packages_PyQt6_Qt6_qml --> node_venv_lib_python3_12_site-packages_PyQt6_Qt6_qml_QtQuick["QtQuick"]\n    node_venv_lib_python3_12_site-packages_PyQt6_Qt6_qml_QtQuick --> node_venv_lib_python3_12_site-packages_PyQt6_Qt6_qml_QtQuick_Controls["Controls"]\n    node_venv_lib_python3_12_site-packages_PyQt6_Qt6_qml_QtQuick_Controls --> node_venv_lib_python3_12_site-packages_PyQt6_Qt6_qml_QtQuick_Controls_FluentWinUI3["FluentWinUI3"]\n    node_venv_lib_python3_12_site-packages_PyQt6_Qt6_qml_QtQuick_Controls_FluentWinUI3 --> node_venv_lib_python3_12_site-packages_PyQt6_Qt6_qml_QtQuick_Controls_FluentWinUI3_dark["dark"]\n    node_venv_lib_python3_12_site-packages_PyQt6_Qt6_qml_QtQuick_Controls_FluentWinUI3_dark --> node_venv_lib_python3_12_site-packages_PyQt6_Qt6_qml_QtQuick_Controls_FluentWinUI3_dark_images["images"]\n    node_venv_lib_python3_12_site-packages_PyQt6_Qt6_qml_QtQuick_Controls_FluentWinUI3_dark_images --> node_venv_lib_python3_12_site-packages_PyQt6_Qt6_qml_QtQuick_Controls_FluentWinUI3_dark_images_rangeslider-second-handle-disabled_png["rangeslider-second-handle-disabled.png"]\n    Root --> node_venv["venv"]\n    node_venv --> node_venv_lib["lib"]\n    node_venv_lib --> node_venv_lib_python3_12["python3.12"]\n    node_venv_lib_python3_12 --> node_venv_lib_python3_12_site-packages["site-packages"]\n    node_venv_lib_python3_12_site-packages --> node_venv_lib_python3_12_site-packages_PyQt6["PyQt6"]\n    node_venv_lib_python3_12_site-packages_PyQt6 --> node_venv_lib_python3_12_site-packages_PyQt6_Qt6["Qt6"]\n    node_venv_lib_python3_12_site-packages_PyQt6_Qt6 --> node_venv_lib_python3_12_site-packages_PyQt6_Qt6_qml["qml"]\n    node_venv_lib_python3_12_site-packages_PyQt6_Qt6_qml --> node_venv_lib_python3_12_site-packages_PyQt6_Qt6_qml_QtQuick["QtQuick"]\n    node_venv_lib_python3_12_site-packages_PyQt6_Qt6_qml_QtQuick --> node_venv_lib_python3_12_site-packages_PyQt6_Qt6_qml_QtQuick_Controls["Controls"]\n    node_venv_lib_python3_12_site-packages_PyQt6_Qt6_qml_QtQuick_Controls --> node_venv_lib_python3_12_site-packages_PyQt6_Qt6_qml_QtQuick_Controls_FluentWinUI3["FluentWinUI3"]\n    node_venv_lib_python3_12_site-packages_PyQt6_Qt6_qml_QtQuick_Controls_FluentWinUI3 --> node_venv_lib_python3_12_site-packages_PyQt6_Qt6_qml_QtQuick_Controls_FluentWinUI3_dark["dark"]\n    node_venv_lib_python3_12_site-packages_PyQt6_Qt6_qml_QtQuick_Controls_FluentWinUI3_dark --> node_venv_lib_python3_12_site-packages_PyQt6_Qt6_qml_QtQuick_Controls_FluentWinUI3_dark_images["images"]\n    node_venv_lib_python3_12_site-packages_PyQt6_Qt6_qml_QtQuick_Controls_FluentWinUI3_dark_images --> node_venv_lib_python3_12_site-packages_PyQt6_Qt6_qml_QtQuick_Controls_FluentWinUI3_dark_images_rangeslider-second-handle-disabled@2x_png["rangeslider-second-handle-disabled@2x.png"]\n    Root --> node_venv["venv"]\n    node_venv --> node_venv_lib["lib"]\n    node_venv_lib --> node_venv_lib_python3_12["python3.12"]\n    node_venv_lib_python3_12 --> node_venv_lib_python3_12_site-packages["site-packages"]\n    node_venv_lib_python3_12_site-packages --> node_venv_lib_python3_12_site-packages_PyQt6["PyQt6"]\n    node_venv_lib_python3_12_site-packages_PyQt6 --> node_venv_lib_python3_12_site-packages_PyQt6_Qt6["Qt6"]\n    node_venv_lib_python3_12_site-packages_PyQt6_Qt6 --> node_venv_lib_python3_12_site-packages_PyQt6_Qt6_qml["qml"]\n    node_venv_lib_python3_12_site-packages_PyQt6_Qt6_qml --> node_venv_lib_python3_12_site-packages_PyQt6_Qt6_qml_QtQuick["QtQuick"]\n    node_venv_lib_python3_12_site-packages_PyQt6_Qt6_qml_QtQuick --> node_venv_lib_python3_12_site-packages_PyQt6_Qt6_qml_QtQuick_Controls["Controls"]\n    node_venv_lib_python3_12_site-packages_PyQt6_Qt6_qml_QtQuick_Controls --> node_venv_lib_python3_12_site-packages_PyQt6_Qt6_qml_QtQuick_Controls_FluentWinUI3["FluentWinUI3"]\n    node_venv_lib_python3_12_site-packages_PyQt6_Qt6_qml_QtQuick_Controls_FluentWinUI3 --> node_venv_lib_python3_12_site-packages_PyQt6_Qt6_qml_QtQuick_Controls_FluentWinUI3_dark["dark"]\n    node_venv_lib_python3_12_site-packages_PyQt6_Qt6_qml_QtQuick_Controls_FluentWinUI3_dark --> node_venv_lib_python3_12_site-packages_PyQt6_Qt6_qml_QtQuick_Controls_FluentWinUI3_dark_images["images"]\n    node_venv_lib_python3_12_site-packages_PyQt6_Qt6_qml_QtQuick_Controls_FluentWinUI3_dark_images --> node_venv_lib_python3_12_site-packages_PyQt6_Qt6_qml_QtQuick_Controls_FluentWinUI3_dark_images_rangeslider-second-handle-disabled@3x_png["rangeslider-second-handle-disabled@3x.png"]\n    Root --> node_venv["venv"]\n    node_venv --> node_venv_lib["lib"]\n    node_venv_lib --> node_venv_lib_python3_12["python3.12"]\n    node_venv_lib_python3_12 --> node_venv_lib_python3_12_site-packages["site-packages"]\n    node_venv_lib_python3_12_site-packages --> node_venv_lib_python3_12_site-packages_PyQt6["PyQt6"]\n    node_venv_lib_python3_12_site-packages_PyQt6 --> node_venv_lib_python3_12_site-packages_PyQt6_Qt6["Qt6"]\n    node_venv_lib_python3_12_site-packages_PyQt6_Qt6 --> node_venv_lib_python3_12_site-packages_PyQt6_Qt6_qml["qml"]\n    node_venv_lib_python3_12_site-packages_PyQt6_Qt6_qml --> node_venv_lib_python3_12_site-packages_PyQt6_Qt6_qml_QtQuick["QtQuick"]\n    node_venv_lib_python3_12_site-packages_PyQt6_Qt6_qml_QtQuick --> node_venv_lib_python3_12_site-packages_PyQt6_Qt6_qml_QtQuick_Controls["Controls"]\n    node_venv_lib_python3_12_site-packages_PyQt6_Qt6_qml_QtQuick_Controls --> node_venv_lib_python3_12_site-packages_PyQt6_Qt6_qml_QtQuick_Controls_FluentWinUI3["FluentWinUI3"]\n    node_venv_lib_python3_12_site-packages_PyQt6_Qt6_qml_QtQuick_Controls_FluentWinUI3 --> node_venv_lib_python3_12_site-packages_PyQt6_Qt6_qml_QtQuick_Controls_FluentWinUI3_dark["dark"]\n    node_venv_lib_python3_12_site-packages_PyQt6_Qt6_qml_QtQuick_Controls_FluentWinUI3_dark --> node_venv_lib_python3_12_site-packages_PyQt6_Qt6_qml_QtQuick_Controls_FluentWinUI3_dark_images["images"]\n    node_venv_lib_python3_12_site-packages_PyQt6_Qt6_qml_QtQuick_Controls_FluentWinUI3_dark_images --> node_venv_lib_python3_12_site-packages_PyQt6_Qt6_qml_QtQuick_Controls_FluentWinUI3_dark_images_rangeslider-second-handle-handle-pressed_png["rangeslider-second-handle-handle-pressed.png"]\n    Root --> node_venv["venv"]\n    node_venv --> node_venv_lib["lib"]\n    node_venv_lib --> node_venv_lib_python3_12["python3.12"]\n    node_venv_lib_python3_12 --> node_venv_lib_python3_12_site-packages["site-packages"]\n    node_venv_lib_python3_12_site-packages --> node_venv_lib_python3_12_site-packages_PyQt6["PyQt6"]\n    node_venv_lib_python3_12_site-packages_PyQt6 --> node_venv_lib_python3_12_site-packages_PyQt6_Qt6["Qt6"]\n    node_venv_lib_python3_12_site-packages_PyQt6_Qt6 --> node_venv_lib_python3_12_site-packages_PyQt6_Qt6_qml["qml"]\n    node_venv_lib_python3_12_site-packages_PyQt6_Qt6_qml --> node_venv_lib_python3_12_site-packages_PyQt6_Qt6_qml_QtQuick["QtQuick"]\n    node_venv_lib_python3_12_site-packages_PyQt6_Qt6_qml_QtQuick --> node_venv_lib_python3_12_site-packages_PyQt6_Qt6_qml_QtQuick_Controls["Controls"]\n    node_venv_lib_python3_12_site-packages_PyQt6_Qt6_qml_QtQuick_Controls --> node_venv_lib_python3_12_site-packages_PyQt6_Qt6_qml_QtQuick_Controls_FluentWinUI3["FluentWinUI3"]\n    node_venv_lib_python3_12_site-packages_PyQt6_Qt6_qml_QtQuick_Controls_FluentWinUI3 --> node_venv_lib_python3_12_site-packages_PyQt6_Qt6_qml_QtQuick_Controls_FluentWinUI3_dark["dark"]\n    node_venv_lib_python3_12_site-packages_PyQt6_Qt6_qml_QtQuick_Controls_FluentWinUI3_dark --> node_venv_lib_python3_12_site-packages_PyQt6_Qt6_qml_QtQuick_Controls_FluentWinUI3_dark_images["images"]\n    node_venv_lib_python3_12_site-packages_PyQt6_Qt6_qml_QtQuick_Controls_FluentWinUI3_dark_images --> node_venv_lib_python3_12_site-packages_PyQt6_Qt6_qml_QtQuick_Controls_FluentWinUI3_dark_images_rangeslider-second-handle-handle-pressed@2x_png["rangeslider-second-handle-handle-pressed@2x.png"]\n    Root --> node_venv["venv"]\n    node_venv --> node_venv_lib["lib"]\n    node_venv_lib --> node_venv_lib_python3_12["python3.12"]\n    node_venv_lib_python3_12 --> node_venv_lib_python3_12_site-packages["site-packages"]\n    node_venv_lib_python3_12_site-packages --> node_venv_lib_python3_12_site-packages_PyQt6["PyQt6"]\n    node_venv_lib_python3_12_site-packages_PyQt6 --> node_venv_lib_python3_12_site-packages_PyQt6_Qt6["Qt6"]\n    node_venv_lib_python3_12_site-packages_PyQt6_Qt6 --> node_venv_lib_python3_12_site-packages_PyQt6_Qt6_qml["qml"]\n    node_venv_lib_python3_12_site-packages_PyQt6_Qt6_qml --> node_venv_lib_python3_12_site-packages_PyQt6_Qt6_qml_QtQuick["QtQuick"]\n    node_venv_lib_python3_12_site-packages_PyQt6_Qt6_qml_QtQuick --> node_venv_lib_python3_12_site-packages_PyQt6_Qt6_qml_QtQuick_Controls["Controls"]\n    node_venv_lib_python3_12_site-packages_PyQt6_Qt6_qml_QtQuick_Controls --> node_venv_lib_python3_12_site-packages_PyQt6_Qt6_qml_QtQuick_Controls_FluentWinUI3["FluentWinUI3"]\n    node_venv_lib_python3_12_site-packages_PyQt6_Qt6_qml_QtQuick_Controls_FluentWinUI3 --> node_venv_lib_python3_12_site-packages_PyQt6_Qt6_qml_QtQuick_Controls_FluentWinUI3_dark["dark"]\n    node_venv_lib_python3_12_site-packages_PyQt6_Qt6_qml_QtQuick_Controls_FluentWinUI3_dark --> node_venv_lib_python3_12_site-packages_PyQt6_Qt6_qml_QtQuick_Controls_FluentWinUI3_dark_images["images"]\n    node_venv_lib_python3_12_site-packages_PyQt6_Qt6_qml_QtQuick_Controls_FluentWinUI3_dark_images --> node_venv_lib_python3_12_site-packages_PyQt6_Qt6_qml_QtQuick_Controls_FluentWinUI3_dark_images_rangeslider-second-handle-handle-pressed@3x_png["rangeslider-second-handle-handle-pressed@3x.png"]\n    Root --> node_venv["venv"]\n    node_venv --> node_venv_lib["lib"]\n    node_venv_lib --> node_venv_lib_python3_12["python3.12"]\n    node_venv_lib_python3_12 --> node_venv_lib_python3_12_site-packages["site-packages"]\n    node_venv_lib_python3_12_site-packages --> node_venv_lib_python3_12_site-packages_PyQt6["PyQt6"]\n    node_venv_lib_python3_12_site-packages_PyQt6 --> node_venv_lib_python3_12_site-packages_PyQt6_Qt6["Qt6"]\n    node_venv_lib_python3_12_site-packages_PyQt6_Qt6 --> node_venv_lib_python3_12_site-packages_PyQt6_Qt6_qml["qml"]\n    node_venv_lib_python3_12_site-packages_PyQt6_Qt6_qml --> node_venv_lib_python3_12_site-packages_PyQt6_Qt6_qml_QtQuick["QtQuick"]\n    node_venv_lib_python3_12_site-packages_PyQt6_Qt6_qml_QtQuick --> node_venv_lib_python3_12_site-packages_PyQt6_Qt6_qml_QtQuick_Controls["Controls"]\n    node_venv_lib_python3_12_site-packages_PyQt6_Qt6_qml_QtQuick_Controls --> node_venv_lib_python3_12_site-packages_PyQt6_Qt6_qml_QtQuick_Controls_FluentWinUI3["FluentWinUI3"]\n    node_venv_lib_python3_12_site-packages_PyQt6_Qt6_qml_QtQuick_Controls_FluentWinUI3 --> node_venv_lib_python3_12_site-packages_PyQt6_Qt6_qml_QtQuick_Controls_FluentWinUI3_dark["dark"]\n    node_venv_lib_python3_12_site-packages_PyQt6_Qt6_qml_QtQuick_Controls_FluentWinUI3_dark --> node_venv_lib_python3_12_site-packages_PyQt6_Qt6_qml_QtQuick_Controls_FluentWinUI3_dark_images["images"]\n    node_venv_lib_python3_12_site-packages_PyQt6_Qt6_qml_QtQuick_Controls_FluentWinUI3_dark_images --> node_venv_lib_python3_12_site-packages_PyQt6_Qt6_qml_QtQuick_Controls_FluentWinUI3_dark_images_rangeslider-second-handle-hovered_png["rangeslider-second-handle-hovered.png"]\n    Root --> node_venv["venv"]\n    node_venv --> node_venv_lib["lib"]\n    node_venv_lib --> node_venv_lib_python3_12["python3.12"]\n    node_venv_lib_python3_12 --> node_venv_lib_python3_12_site-packages["site-packages"]\n    node_venv_lib_python3_12_site-packages --> node_venv_lib_python3_12_site-packages_PyQt6["PyQt6"]\n    node_venv_lib_python3_12_site-packages_PyQt6 --> node_venv_lib_python3_12_site-packages_PyQt6_Qt6["Qt6"]\n    node_venv_lib_python3_12_site-packages_PyQt6_Qt6 --> node_venv_lib_python3_12_site-packages_PyQt6_Qt6_qml["qml"]\n    node_venv_lib_python3_12_site-packages_PyQt6_Qt6_qml --> node_venv_lib_python3_12_site-packages_PyQt6_Qt6_qml_QtQuick["QtQuick"]\n    node_venv_lib_python3_12_site-packages_PyQt6_Qt6_qml_QtQuick --> node_venv_lib_python3_12_site-packages_PyQt6_Qt6_qml_QtQuick_Controls["Controls"]\n    node_venv_lib_python3_12_site-packages_PyQt6_Qt6_qml_QtQuick_Controls --> node_venv_lib_python3_12_site-packages_PyQt6_Qt6_qml_QtQuick_Controls_FluentWinUI3["FluentWinUI3"]\n    node_venv_lib_python3_12_site-packages_PyQt6_Qt6_qml_QtQuick_Controls_FluentWinUI3 --> node_venv_lib_python3_12_site-packages_PyQt6_Qt6_qml_QtQuick_Controls_FluentWinUI3_dark["dark"]\n    node_venv_lib_python3_12_site-packages_PyQt6_Qt6_qml_QtQuick_Controls_FluentWinUI3_dark --> node_venv_lib_python3_12_site-packages_PyQt6_Qt6_qml_QtQuick_Controls_FluentWinUI3_dark_images["images"]\n    node_venv_lib_python3_12_site-packages_PyQt6_Qt6_qml_QtQuick_Controls_FluentWinUI3_dark_images --> node_venv_lib_python3_12_site-packages_PyQt6_Qt6_qml_QtQuick_Controls_FluentWinUI3_dark_images_rangeslider-second-handle-hovered@2x_png["rangeslider-second-handle-hovered@2x.png"]\n    Root --> node_venv["venv"]\n    node_venv --> node_venv_lib["lib"]\n    node_venv_lib --> node_venv_lib_python3_12["python3.12"]\n    node_venv_lib_python3_12 --> node_venv_lib_python3_12_site-packages["site-packages"]\n    node_venv_lib_python3_12_site-packages --> node_venv_lib_python3_12_site-packages_PyQt6["PyQt6"]\n    node_venv_lib_python3_12_site-packages_PyQt6 --> node_venv_lib_python3_12_site-packages_PyQt6_Qt6["Qt6"]\n    node_venv_lib_python3_12_site-packages_PyQt6_Qt6 --> node_venv_lib_python3_12_site-packages_PyQt6_Qt6_qml["qml"]\n    node_venv_lib_python3_12_site-packages_PyQt6_Qt6_qml --> node_venv_lib_python3_12_site-packages_PyQt6_Qt6_qml_QtQuick["QtQuick"]\n    node_venv_lib_python3_12_site-packages_PyQt6_Qt6_qml_QtQuick --> node_venv_lib_python3_12_site-packages_PyQt6_Qt6_qml_QtQuick_Controls["Controls"]\n    node_venv_lib_python3_12_site-packages_PyQt6_Qt6_qml_QtQuick_Controls --> node_venv_lib_python3_12_site-packages_PyQt6_Qt6_qml_QtQuick_Controls_FluentWinUI3["FluentWinUI3"]\n    node_venv_lib_python3_12_site-packages_PyQt6_Qt6_qml_QtQuick_Controls_FluentWinUI3 --> node_venv_lib_python3_12_site-packages_PyQt6_Qt6_qml_QtQuick_Controls_FluentWinUI3_dark["dark"]\n    node_venv_lib_python3_12_site-packages_PyQt6_Qt6_qml_QtQuick_Controls_FluentWinUI3_dark --> node_venv_lib_python3_12_site-packages_PyQt6_Qt6_qml_QtQuick_Controls_FluentWinUI3_dark_images["images"]\n    node_venv_lib_python3_12_site-packages_PyQt6_Qt6_qml_QtQuick_Controls_FluentWinUI3_dark_images --> node_venv_lib_python3_12_site-packages_PyQt6_Qt6_qml_QtQuick_Controls_FluentWinUI3_dark_images_rangeslider-second-handle-hovered@3x_png["rangeslider-second-handle-hovered@3x.png"]\n    Root --> node_venv["venv"]\n    node_venv --> node_venv_lib["lib"]\n    node_venv_lib --> node_venv_lib_python3_12["python3.12"]\n    node_venv_lib_python3_12 --> node_venv_lib_python3_12_site-packages["site-packages"]\n    node_venv_lib_python3_12_site-packages --> node_venv_lib_python3_12_site-packages_PyQt6["PyQt6"]\n    node_venv_lib_python3_12_site-packages_PyQt6 --> node_venv_lib_python3_12_site-packages_PyQt6_Qt6["Qt6"]\n    node_venv_lib_python3_12_site-packages_PyQt6_Qt6 --> node_venv_lib_python3_12_site-packages_PyQt6_Qt6_qml["qml"]\n    node_venv_lib_python3_12_site-packages_PyQt6_Qt6_qml --> node_venv_lib_python3_12_site-packages_PyQt6_Qt6_qml_QtQuick["QtQuick"]\n    node_venv_lib_python3_12_site-packages_PyQt6_Qt6_qml_QtQuick --> node_venv_lib_python3_12_site-packages_PyQt6_Qt6_qml_QtQuick_Controls["Controls"]\n    node_venv_lib_python3_12_site-packages_PyQt6_Qt6_qml_QtQuick_Controls --> node_venv_lib_python3_12_site-packages_PyQt6_Qt6_qml_QtQuick_Controls_FluentWinUI3["FluentWinUI3"]\n    node_venv_lib_python3_12_site-packages_PyQt6_Qt6_qml_QtQuick_Controls_FluentWinUI3 --> node_venv_lib_python3_12_site-packages_PyQt6_Qt6_qml_QtQuick_Controls_FluentWinUI3_dark["dark"]\n    node_venv_lib_python3_12_site-packages_PyQt6_Qt6_qml_QtQuick_Controls_FluentWinUI3_dark --> node_venv_lib_python3_12_site-packages_PyQt6_Qt6_qml_QtQuick_Controls_FluentWinUI3_dark_images["images"]\n    node_venv_lib_python3_12_site-packages_PyQt6_Qt6_qml_QtQuick_Controls_FluentWinUI3_dark_images --> node_venv_lib_python3_12_site-packages_PyQt6_Qt6_qml_QtQuick_Controls_FluentWinUI3_dark_images_rangeslider-second-handle_png["rangeslider-second-handle.png"]\n    Root --> node_venv["venv"]\n    node_venv --> node_venv_lib["lib"]\n    node_venv_lib --> node_venv_lib_python3_12["python3.12"]\n    node_venv_lib_python3_12 --> node_venv_lib_python3_12_site-packages["site-packages"]\n    node_venv_lib_python3_12_site-packages --> node_venv_lib_python3_12_site-packages_PyQt6["PyQt6"]\n    node_venv_lib_python3_12_site-packages_PyQt6 --> node_venv_lib_python3_12_site-packages_PyQt6_Qt6["Qt6"]\n    node_venv_lib_python3_12_site-packages_PyQt6_Qt6 --> node_venv_lib_python3_12_site-packages_PyQt6_Qt6_qml["qml"]\n    node_venv_lib_python3_12_site-packages_PyQt6_Qt6_qml --> node_venv_lib_python3_12_site-packages_PyQt6_Qt6_qml_QtQuick["QtQuick"]\n    node_venv_lib_python3_12_site-packages_PyQt6_Qt6_qml_QtQuick --> node_venv_lib_python3_12_site-packages_PyQt6_Qt6_qml_QtQuick_Controls["Controls"]\n    node_venv_lib_python3_12_site-packages_PyQt6_Qt6_qml_QtQuick_Controls --> node_venv_lib_python3_12_site-packages_PyQt6_Qt6_qml_QtQuick_Controls_FluentWinUI3["FluentWinUI3"]\n    node_venv_lib_python3_12_site-packages_PyQt6_Qt6_qml_QtQuick_Controls_FluentWinUI3 --> node_venv_lib_python3_12_site-packages_PyQt6_Qt6_qml_QtQuick_Controls_FluentWinUI3_dark["dark"]\n    node_venv_lib_python3_12_site-packages_PyQt6_Qt6_qml_QtQuick_Controls_FluentWinUI3_dark --> node_venv_lib_python3_12_site-packages_PyQt6_Qt6_qml_QtQuick_Controls_FluentWinUI3_dark_images["images"]\n    node_venv_lib_python3_12_site-packages_PyQt6_Qt6_qml_QtQuick_Controls_FluentWinUI3_dark_images --> node_venv_lib_python3_12_site-packages_PyQt6_Qt6_qml_QtQuick_Controls_FluentWinUI3_dark_images_rangeslider-second-handle@2x_png["rangeslider-second-handle@2x.png"]\n    Root --> node_venv["venv"]\n    node_venv --> node_venv_lib["lib"]\n    node_venv_lib --> node_venv_lib_python3_12["python3.12"]\n    node_venv_lib_python3_12 --> node_venv_lib_python3_12_site-packages["site-packages"]\n    node_venv_lib_python3_12_site-packages --> node_venv_lib_python3_12_site-packages_PyQt6["PyQt6"]\n    node_venv_lib_python3_12_site-packages_PyQt6 --> node_venv_lib_python3_12_site-packages_PyQt6_Qt6["Qt6"]\n    node_venv_lib_python3_12_site-packages_PyQt6_Qt6 --> node_venv_lib_python3_12_site-packages_PyQt6_Qt6_qml["qml"]\n    node_venv_lib_python3_12_site-packages_PyQt6_Qt6_qml --> node_venv_lib_python3_12_site-packages_PyQt6_Qt6_qml_QtQuick["QtQuick"]\n    node_venv_lib_python3_12_site-packages_PyQt6_Qt6_qml_QtQuick --> node_venv_lib_python3_12_site-packages_PyQt6_Qt6_qml_QtQuick_Controls["Controls"]\n    node_venv_lib_python3_12_site-packages_PyQt6_Qt6_qml_QtQuick_Controls --> node_venv_lib_python3_12_site-packages_PyQt6_Qt6_qml_QtQuick_Controls_FluentWinUI3["FluentWinUI3"]\n    node_venv_lib_python3_12_site-packages_PyQt6_Qt6_qml_QtQuick_Controls_FluentWinUI3 --> node_venv_lib_python3_12_site-packages_PyQt6_Qt6_qml_QtQuick_Controls_FluentWinUI3_dark["dark"]\n    node_venv_lib_python3_12_site-packages_PyQt6_Qt6_qml_QtQuick_Controls_FluentWinUI3_dark --> node_venv_lib_python3_12_site-packages_PyQt6_Qt6_qml_QtQuick_Controls_FluentWinUI3_dark_images["images"]\n    node_venv_lib_python3_12_site-packages_PyQt6_Qt6_qml_QtQuick_Controls_FluentWinUI3_dark_images --> node_venv_lib_python3_12_site-packages_PyQt6_Qt6_qml_QtQuick_Controls_FluentWinUI3_dark_images_rangeslider-second-handle@3x_png["rangeslider-second-handle@3x.png"]\n    Root --> node_venv["venv"]\n    node_venv --> node_venv_lib["lib"]\n    node_venv_lib --> node_venv_lib_python3_12["python3.12"]\n    node_venv_lib_python3_12 --> node_venv_lib_python3_12_site-packages["site-packages"]\n    node_venv_lib_python3_12_site-packages --> node_venv_lib_python3_12_site-packages_PyQt6["PyQt6"]\n    node_venv_lib_python3_12_site-packages_PyQt6 --> node_venv_lib_python3_12_site-packages_PyQt6_Qt6["Qt6"]\n    node_venv_lib_python3_12_site-packages_PyQt6_Qt6 --> node_venv_lib_python3_12_site-packages_PyQt6_Qt6_qml["qml"]\n    node_venv_lib_python3_12_site-packages_PyQt6_Qt6_qml --> node_venv_lib_python3_12_site-packages_PyQt6_Qt6_qml_QtQuick["QtQuick"]\n    node_venv_lib_python3_12_site-packages_PyQt6_Qt6_qml_QtQuick --> node_venv_lib_python3_12_site-packages_PyQt6_Qt6_qml_QtQuick_Controls["Controls"]\n    node_venv_lib_python3_12_site-packages_PyQt6_Qt6_qml_QtQuick_Controls --> node_venv_lib_python3_12_site-packages_PyQt6_Qt6_qml_QtQuick_Controls_FluentWinUI3["FluentWinUI3"]\n    node_venv_lib_python3_12_site-packages_PyQt6_Qt6_qml_QtQuick_Controls_FluentWinUI3 --> node_venv_lib_python3_12_site-packages_PyQt6_Qt6_qml_QtQuick_Controls_FluentWinUI3_dark["dark"]\n    node_venv_lib_python3_12_site-packages_PyQt6_Qt6_qml_QtQuick_Controls_FluentWinUI3_dark --> node_venv_lib_python3_12_site-packages_PyQt6_Qt6_qml_QtQuick_Controls_FluentWinUI3_dark_images["images"]\n    node_venv_lib_python3_12_site-packages_PyQt6_Qt6_qml_QtQuick_Controls_FluentWinUI3_dark_images --> node_venv_lib_python3_12_site-packages_PyQt6_Qt6_qml_QtQuick_Controls_FluentWinUI3_dark_images_slider-groove-disabled_png["slider-groove-disabled.png"]\n    Root --> node_venv["venv"]\n    node_venv --> node_venv_lib["lib"]\n    node_venv_lib --> node_venv_lib_python3_12["python3.12"]\n    node_venv_lib_python3_12 --> node_venv_lib_python3_12_site-packages["site-packages"]\n    node_venv_lib_python3_12_site-packages --> node_venv_lib_python3_12_site-packages_PyQt6["PyQt6"]\n    node_venv_lib_python3_12_site-packages_PyQt6 --> node_venv_lib_python3_12_site-packages_PyQt6_Qt6["Qt6"]\n    node_venv_lib_python3_12_site-packages_PyQt6_Qt6 --> node_venv_lib_python3_12_site-packages_PyQt6_Qt6_qml["qml"]\n    node_venv_lib_python3_12_site-packages_PyQt6_Qt6_qml --> node_venv_lib_python3_12_site-packages_PyQt6_Qt6_qml_QtQuick["QtQuick"]\n    node_venv_lib_python3_12_site-packages_PyQt6_Qt6_qml_QtQuick --> node_venv_lib_python3_12_site-packages_PyQt6_Qt6_qml_QtQuick_Controls["Controls"]\n    node_venv_lib_python3_12_site-packages_PyQt6_Qt6_qml_QtQuick_Controls --> node_venv_lib_python3_12_site-packages_PyQt6_Qt6_qml_QtQuick_Controls_FluentWinUI3["FluentWinUI3"]\n    node_venv_lib_python3_12_site-packages_PyQt6_Qt6_qml_QtQuick_Controls_FluentWinUI3 --> node_venv_lib_python3_12_site-packages_PyQt6_Qt6_qml_QtQuick_Controls_FluentWinUI3_dark["dark"]\n    node_venv_lib_python3_12_site-packages_PyQt6_Qt6_qml_QtQuick_Controls_FluentWinUI3_dark --> node_venv_lib_python3_12_site-packages_PyQt6_Qt6_qml_QtQuick_Controls_FluentWinUI3_dark_images["images"]\n    node_venv_lib_python3_12_site-packages_PyQt6_Qt6_qml_QtQuick_Controls_FluentWinUI3_dark_images --> node_venv_lib_python3_12_site-packages_PyQt6_Qt6_qml_QtQuick_Controls_FluentWinUI3_dark_images_slider-groove-disabled@2x_png["slider-groove-disabled@2x.png"]\n    Root --> node_venv["venv"]\n    node_venv --> node_venv_lib["lib"]\n    node_venv_lib --> node_venv_lib_python3_12["python3.12"]\n    node_venv_lib_python3_12 --> node_venv_lib_python3_12_site-packages["site-packages"]\n    node_venv_lib_python3_12_site-packages --> node_venv_lib_python3_12_site-packages_PyQt6["PyQt6"]\n    node_venv_lib_python3_12_site-packages_PyQt6 --> node_venv_lib_python3_12_site-packages_PyQt6_Qt6["Qt6"]\n    node_venv_lib_python3_12_site-packages_PyQt6_Qt6 --> node_venv_lib_python3_12_site-packages_PyQt6_Qt6_qml["qml"]\n    node_venv_lib_python3_12_site-packages_PyQt6_Qt6_qml --> node_venv_lib_python3_12_site-packages_PyQt6_Qt6_qml_QtQuick["QtQuick"]\n    node_venv_lib_python3_12_site-packages_PyQt6_Qt6_qml_QtQuick --> node_venv_lib_python3_12_site-packages_PyQt6_Qt6_qml_QtQuick_Controls["Controls"]\n    node_venv_lib_python3_12_site-packages_PyQt6_Qt6_qml_QtQuick_Controls --> node_venv_lib_python3_12_site-packages_PyQt6_Qt6_qml_QtQuick_Controls_FluentWinUI3["FluentWinUI3"]\n    node_venv_lib_python3_12_site-packages_PyQt6_Qt6_qml_QtQuick_Controls_FluentWinUI3 --> node_venv_lib_python3_12_site-packages_PyQt6_Qt6_qml_QtQuick_Controls_FluentWinUI3_dark["dark"]\n    node_venv_lib_python3_12_site-packages_PyQt6_Qt6_qml_QtQuick_Controls_FluentWinUI3_dark --> node_venv_lib_python3_12_site-packages_PyQt6_Qt6_qml_QtQuick_Controls_FluentWinUI3_dark_images["images"]\n    node_venv_lib_python3_12_site-packages_PyQt6_Qt6_qml_QtQuick_Controls_FluentWinUI3_dark_images --> node_venv_lib_python3_12_site-packages_PyQt6_Qt6_qml_QtQuick_Controls_FluentWinUI3_dark_images_slider-groove-disabled@3x_png["slider-groove-disabled@3x.png"]\n    Root --> node_venv["venv"]\n    node_venv --> node_venv_lib["lib"]\n    node_venv_lib --> node_venv_lib_python3_12["python3.12"]\n    node_venv_lib_python3_12 --> node_venv_lib_python3_12_site-packages["site-packages"]\n    node_venv_lib_python3_12_site-packages --> node_venv_lib_python3_12_site-packages_PyQt6["PyQt6"]\n    node_venv_lib_python3_12_site-packages_PyQt6 --> node_venv_lib_python3_12_site-packages_PyQt6_Qt6["Qt6"]\n    node_venv_lib_python3_12_site-packages_PyQt6_Qt6 --> node_venv_lib_python3_12_site-packages_PyQt6_Qt6_qml["qml"]\n    node_venv_lib_python3_12_site-packages_PyQt6_Qt6_qml --> node_venv_lib_python3_12_site-packages_PyQt6_Qt6_qml_QtQuick["QtQuick"]\n    node_venv_lib_python3_12_site-packages_PyQt6_Qt6_qml_QtQuick --> node_venv_lib_python3_12_site-packages_PyQt6_Qt6_qml_QtQuick_Controls["Controls"]\n    node_venv_lib_python3_12_site-packages_PyQt6_Qt6_qml_QtQuick_Controls --> node_venv_lib_python3_12_site-packages_PyQt6_Qt6_qml_QtQuick_Controls_FluentWinUI3["FluentWinUI3"]\n    node_venv_lib_python3_12_site-packages_PyQt6_Qt6_qml_QtQuick_Controls_FluentWinUI3 --> node_venv_lib_python3_12_site-packages_PyQt6_Qt6_qml_QtQuick_Controls_FluentWinUI3_dark["dark"]\n    node_venv_lib_python3_12_site-packages_PyQt6_Qt6_qml_QtQuick_Controls_FluentWinUI3_dark --> node_venv_lib_python3_12_site-packages_PyQt6_Qt6_qml_QtQuick_Controls_FluentWinUI3_dark_images["images"]\n    node_venv_lib_python3_12_site-packages_PyQt6_Qt6_qml_QtQuick_Controls_FluentWinUI3_dark_images --> node_venv_lib_python3_12_site-packages_PyQt6_Qt6_qml_QtQuick_Controls_FluentWinUI3_dark_images_slider-groove-hovered_png["slider-groove-hovered.png"]\n    Root --> node_venv["venv"]\n    node_venv --> node_venv_lib["lib"]\n    node_venv_lib --> node_venv_lib_python3_12["python3.12"]\n    node_venv_lib_python3_12 --> node_venv_lib_python3_12_site-packages["site-packages"]\n    node_venv_lib_python3_12_site-packages --> node_venv_lib_python3_12_site-packages_PyQt6["PyQt6"]\n    node_venv_lib_python3_12_site-packages_PyQt6 --> node_venv_lib_python3_12_site-packages_PyQt6_Qt6["Qt6"]\n    node_venv_lib_python3_12_site-packages_PyQt6_Qt6 --> node_venv_lib_python3_12_site-packages_PyQt6_Qt6_qml["qml"]\n    node_venv_lib_python3_12_site-packages_PyQt6_Qt6_qml --> node_venv_lib_python3_12_site-packages_PyQt6_Qt6_qml_QtQuick["QtQuick"]\n    node_venv_lib_python3_12_site-packages_PyQt6_Qt6_qml_QtQuick --> node_venv_lib_python3_12_site-packages_PyQt6_Qt6_qml_QtQuick_Controls["Controls"]\n    node_venv_lib_python3_12_site-packages_PyQt6_Qt6_qml_QtQuick_Controls --> node_venv_lib_python3_12_site-packages_PyQt6_Qt6_qml_QtQuick_Controls_FluentWinUI3["FluentWinUI3"]\n    node_venv_lib_python3_12_site-packages_PyQt6_Qt6_qml_QtQuick_Controls_FluentWinUI3 --> node_venv_lib_python3_12_site-packages_PyQt6_Qt6_qml_QtQuick_Controls_FluentWinUI3_dark["dark"]\n    node_venv_lib_python3_12_site-packages_PyQt6_Qt6_qml_QtQuick_Controls_FluentWinUI3_dark --> node_venv_lib_python3_12_site-packages_PyQt6_Qt6_qml_QtQuick_Controls_FluentWinUI3_dark_images["images"]\n    node_venv_lib_python3_12_site-packages_PyQt6_Qt6_qml_QtQuick_Controls_FluentWinUI3_dark_images --> node_venv_lib_python3_12_site-packages_PyQt6_Qt6_qml_QtQuick_Controls_FluentWinUI3_dark_images_slider-groove-hovered@2x_png["slider-groove-hovered@2x.png"]\n    Root --> node_venv["venv"]\n    node_venv --> node_venv_lib["lib"]\n    node_venv_lib --> node_venv_lib_python3_12["python3.12"]\n    node_venv_lib_python3_12 --> node_venv_lib_python3_12_site-packages["site-packages"]\n    node_venv_lib_python3_12_site-packages --> node_venv_lib_python3_12_site-packages_PyQt6["PyQt6"]\n    node_venv_lib_python3_12_site-packages_PyQt6 --> node_venv_lib_python3_12_site-packages_PyQt6_Qt6["Qt6"]\n    node_venv_lib_python3_12_site-packages_PyQt6_Qt6 --> node_venv_lib_python3_12_site-packages_PyQt6_Qt6_qml["qml"]\n    node_venv_lib_python3_12_site-packages_PyQt6_Qt6_qml --> node_venv_lib_python3_12_site-packages_PyQt6_Qt6_qml_QtQuick["QtQuick"]\n    node_venv_lib_python3_12_site-packages_PyQt6_Qt6_qml_QtQuick --> node_venv_lib_python3_12_site-packages_PyQt6_Qt6_qml_QtQuick_Controls["Controls"]\n    node_venv_lib_python3_12_site-packages_PyQt6_Qt6_qml_QtQuick_Controls --> node_venv_lib_python3_12_site-packages_PyQt6_Qt6_qml_QtQuick_Controls_FluentWinUI3["FluentWinUI3"]\n    node_venv_lib_python3_12_site-packages_PyQt6_Qt6_qml_QtQuick_Controls_FluentWinUI3 --> node_venv_lib_python3_12_site-packages_PyQt6_Qt6_qml_QtQuick_Controls_FluentWinUI3_dark["dark"]\n    node_venv_lib_python3_12_site-packages_PyQt6_Qt6_qml_QtQuick_Controls_FluentWinUI3_dark --> node_venv_lib_python3_12_site-packages_PyQt6_Qt6_qml_QtQuick_Controls_FluentWinUI3_dark_images["images"]\n    node_venv_lib_python3_12_site-packages_PyQt6_Qt6_qml_QtQuick_Controls_FluentWinUI3_dark_images --> node_venv_lib_python3_12_site-packages_PyQt6_Qt6_qml_QtQuick_Controls_FluentWinUI3_dark_images_slider-groove-hovered@3x_png["slider-groove-hovered@3x.png"]\n    Root --> node_venv["venv"]\n    node_venv --> node_venv_lib["lib"]\n    node_venv_lib --> node_venv_lib_python3_12["python3.12"]\n    node_venv_lib_python3_12 --> node_venv_lib_python3_12_site-packages["site-packages"]\n    node_venv_lib_python3_12_site-packages --> node_venv_lib_python3_12_site-packages_PyQt6["PyQt6"]\n    node_venv_lib_python3_12_site-packages_PyQt6 --> node_venv_lib_python3_12_site-packages_PyQt6_Qt6["Qt6"]\n    node_venv_lib_python3_12_site-packages_PyQt6_Qt6 --> node_venv_lib_python3_12_site-packages_PyQt6_Qt6_qml["qml"]\n    node_venv_lib_python3_12_site-packages_PyQt6_Qt6_qml --> node_venv_lib_python3_12_site-packages_PyQt6_Qt6_qml_QtQuick["QtQuick"]\n    node_venv_lib_python3_12_site-packages_PyQt6_Qt6_qml_QtQuick --> node_venv_lib_python3_12_site-packages_PyQt6_Qt6_qml_QtQuick_Controls["Controls"]\n    node_venv_lib_python3_12_site-packages_PyQt6_Qt6_qml_QtQuick_Controls --> node_venv_lib_python3_12_site-packages_PyQt6_Qt6_qml_QtQuick_Controls_FluentWinUI3["FluentWinUI3"]\n    node_venv_lib_python3_12_site-packages_PyQt6_Qt6_qml_QtQuick_Controls_FluentWinUI3 --> node_venv_lib_python3_12_site-packages_PyQt6_Qt6_qml_QtQuick_Controls_FluentWinUI3_dark["dark"]\n    node_venv_lib_python3_12_site-packages_PyQt6_Qt6_qml_QtQuick_Controls_FluentWinUI3_dark --> node_venv_lib_python3_12_site-packages_PyQt6_Qt6_qml_QtQuick_Controls_FluentWinUI3_dark_images["images"]\n    node_venv_lib_python3_12_site-packages_PyQt6_Qt6_qml_QtQuick_Controls_FluentWinUI3_dark_images --> node_venv_lib_python3_12_site-packages_PyQt6_Qt6_qml_QtQuick_Controls_FluentWinUI3_dark_images_slider-groove-pressed_png["slider-groove-pressed.png"]\n    Root --> node_venv["venv"]\n    node_venv --> node_venv_lib["lib"]\n    node_venv_lib --> node_venv_lib_python3_12["python3.12"]\n    node_venv_lib_python3_12 --> node_venv_lib_python3_12_site-packages["site-packages"]\n    node_venv_lib_python3_12_site-packages --> node_venv_lib_python3_12_site-packages_PyQt6["PyQt6"]\n    node_venv_lib_python3_12_site-packages_PyQt6 --> node_venv_lib_python3_12_site-packages_PyQt6_Qt6["Qt6"]\n    node_venv_lib_python3_12_site-packages_PyQt6_Qt6 --> node_venv_lib_python3_12_site-packages_PyQt6_Qt6_qml["qml"]\n    node_venv_lib_python3_12_site-packages_PyQt6_Qt6_qml --> node_venv_lib_python3_12_site-packages_PyQt6_Qt6_qml_QtQuick["QtQuick"]\n    node_venv_lib_python3_12_site-packages_PyQt6_Qt6_qml_QtQuick --> node_venv_lib_python3_12_site-packages_PyQt6_Qt6_qml_QtQuick_Controls["Controls"]\n    node_venv_lib_python3_12_site-packages_PyQt6_Qt6_qml_QtQuick_Controls --> node_venv_lib_python3_12_site-packages_PyQt6_Qt6_qml_QtQuick_Controls_FluentWinUI3["FluentWinUI3"]\n    node_venv_lib_python3_12_site-packages_PyQt6_Qt6_qml_QtQuick_Controls_FluentWinUI3 --> node_venv_lib_python3_12_site-packages_PyQt6_Qt6_qml_QtQuick_Controls_FluentWinUI3_dark["dark"]\n    node_venv_lib_python3_12_site-packages_PyQt6_Qt6_qml_QtQuick_Controls_FluentWinUI3_dark --> node_venv_lib_python3_12_site-packages_PyQt6_Qt6_qml_QtQuick_Controls_FluentWinUI3_dark_images["images"]\n    node_venv_lib_python3_12_site-packages_PyQt6_Qt6_qml_QtQuick_Controls_FluentWinUI3_dark_images --> node_venv_lib_python3_12_site-packages_PyQt6_Qt6_qml_QtQuick_Controls_FluentWinUI3_dark_images_slider-groove-pressed@2x_png["slider-groove-pressed@2x.png"]\n    Root --> node_venv["venv"]\n    node_venv --> node_venv_lib["lib"]\n    node_venv_lib --> node_venv_lib_python3_12["python3.12"]\n    node_venv_lib_python3_12 --> node_venv_lib_python3_12_site-packages["site-packages"]\n    node_venv_lib_python3_12_site-packages --> node_venv_lib_python3_12_site-packages_PyQt6["PyQt6"]\n    node_venv_lib_python3_12_site-packages_PyQt6 --> node_venv_lib_python3_12_site-packages_PyQt6_Qt6["Qt6"]\n    node_venv_lib_python3_12_site-packages_PyQt6_Qt6 --> node_venv_lib_python3_12_site-packages_PyQt6_Qt6_qml["qml"]\n    node_venv_lib_python3_12_site-packages_PyQt6_Qt6_qml --> node_venv_lib_python3_12_site-packages_PyQt6_Qt6_qml_QtQuick["QtQuick"]\n    node_venv_lib_python3_12_site-packages_PyQt6_Qt6_qml_QtQuick --> node_venv_lib_python3_12_site-packages_PyQt6_Qt6_qml_QtQuick_Controls["Controls"]\n    node_venv_lib_python3_12_site-packages_PyQt6_Qt6_qml_QtQuick_Controls --> node_venv_lib_python3_12_site-packages_PyQt6_Qt6_qml_QtQuick_Controls_FluentWinUI3["FluentWinUI3"]\n    node_venv_lib_python3_12_site-packages_PyQt6_Qt6_qml_QtQuick_Controls_FluentWinUI3 --> node_venv_lib_python3_12_site-packages_PyQt6_Qt6_qml_QtQuick_Controls_FluentWinUI3_dark["dark"]\n    node_venv_lib_python3_12_site-packages_PyQt6_Qt6_qml_QtQuick_Controls_FluentWinUI3_dark --> node_venv_lib_python3_12_site-packages_PyQt6_Qt6_qml_QtQuick_Controls_FluentWinUI3_dark_images["images"]\n    node_venv_lib_python3_12_site-packages_PyQt6_Qt6_qml_QtQuick_Controls_FluentWinUI3_dark_images --> node_venv_lib_python3_12_site-packages_PyQt6_Qt6_qml_QtQuick_Controls_FluentWinUI3_dark_images_slider-groove-pressed@3x_png["slider-groove-pressed@3x.png"]\n    Root --> node_venv["venv"]\n    node_venv --> node_venv_lib["lib"]\n    node_venv_lib --> node_venv_lib_python3_12["python3.12"]\n    node_venv_lib_python3_12 --> node_venv_lib_python3_12_site-packages["site-packages"]\n    node_venv_lib_python3_12_site-packages --> node_venv_lib_python3_12_site-packages_PyQt6["PyQt6"]\n    node_venv_lib_python3_12_site-packages_PyQt6 --> node_venv_lib_python3_12_site-packages_PyQt6_Qt6["Qt6"]\n    node_venv_lib_python3_12_site-packages_PyQt6_Qt6 --> node_venv_lib_python3_12_site-packages_PyQt6_Qt6_qml["qml"]\n    node_venv_lib_python3_12_site-packages_PyQt6_Qt6_qml --> node_venv_lib_python3_12_site-packages_PyQt6_Qt6_qml_QtQuick["QtQuick"]\n    node_venv_lib_python3_12_site-packages_PyQt6_Qt6_qml_QtQuick --> node_venv_lib_python3_12_site-packages_PyQt6_Qt6_qml_QtQuick_Controls["Controls"]\n    node_venv_lib_python3_12_site-packages_PyQt6_Qt6_qml_QtQuick_Controls --> node_venv_lib_python3_12_site-packages_PyQt6_Qt6_qml_QtQuick_Controls_FluentWinUI3["FluentWinUI3"]\n    node_venv_lib_python3_12_site-packages_PyQt6_Qt6_qml_QtQuick_Controls_FluentWinUI3 --> node_venv_lib_python3_12_site-packages_PyQt6_Qt6_qml_QtQuick_Controls_FluentWinUI3_dark["dark"]\n    node_venv_lib_python3_12_site-packages_PyQt6_Qt6_qml_QtQuick_Controls_FluentWinUI3_dark --> node_venv_lib_python3_12_site-packages_PyQt6_Qt6_qml_QtQuick_Controls_FluentWinUI3_dark_images["images"]\n    node_venv_lib_python3_12_site-packages_PyQt6_Qt6_qml_QtQuick_Controls_FluentWinUI3_dark_images --> node_venv_lib_python3_12_site-packages_PyQt6_Qt6_qml_QtQuick_Controls_FluentWinUI3_dark_images_slider-groove_png["slider-groove.png"]\n    Root --> node_venv["venv"]\n    node_venv --> node_venv_lib["lib"]\n    node_venv_lib --> node_venv_lib_python3_12["python3.12"]\n    node_venv_lib_python3_12 --> node_venv_lib_python3_12_site-packages["site-packages"]\n    node_venv_lib_python3_12_site-packages --> node_venv_lib_python3_12_site-packages_PyQt6["PyQt6"]\n    node_venv_lib_python3_12_site-packages_PyQt6 --> node_venv_lib_python3_12_site-packages_PyQt6_Qt6["Qt6"]\n    node_venv_lib_python3_12_site-packages_PyQt6_Qt6 --> node_venv_lib_python3_12_site-packages_PyQt6_Qt6_qml["qml"]\n    node_venv_lib_python3_12_site-packages_PyQt6_Qt6_qml --> node_venv_lib_python3_12_site-packages_PyQt6_Qt6_qml_QtQuick["QtQuick"]\n    node_venv_lib_python3_12_site-packages_PyQt6_Qt6_qml_QtQuick --> node_venv_lib_python3_12_site-packages_PyQt6_Qt6_qml_QtQuick_Controls["Controls"]\n    node_venv_lib_python3_12_site-packages_PyQt6_Qt6_qml_QtQuick_Controls --> node_venv_lib_python3_12_site-packages_PyQt6_Qt6_qml_QtQuick_Controls_FluentWinUI3["FluentWinUI3"]\n    node_venv_lib_python3_12_site-packages_PyQt6_Qt6_qml_QtQuick_Controls_FluentWinUI3 --> node_venv_lib_python3_12_site-packages_PyQt6_Qt6_qml_QtQuick_Controls_FluentWinUI3_dark["dark"]\n    node_venv_lib_python3_12_site-packages_PyQt6_Qt6_qml_QtQuick_Controls_FluentWinUI3_dark --> node_venv_lib_python3_12_site-packages_PyQt6_Qt6_qml_QtQuick_Controls_FluentWinUI3_dark_images["images"]\n    node_venv_lib_python3_12_site-packages_PyQt6_Qt6_qml_QtQuick_Controls_FluentWinUI3_dark_images --> node_venv_lib_python3_12_site-packages_PyQt6_Qt6_qml_QtQuick_Controls_FluentWinUI3_dark_images_slider-groove@2x_png["slider-groove@2x.png"]\n    Root --> node_venv["venv"]\n    node_venv --> node_venv_lib["lib"]\n    node_venv_lib --> node_venv_lib_python3_12["python3.12"]\n    node_venv_lib_python3_12 --> node_venv_lib_python3_12_site-packages["site-packages"]\n    node_venv_lib_python3_12_site-packages --> node_venv_lib_python3_12_site-packages_PyQt6["PyQt6"]\n    node_venv_lib_python3_12_site-packages_PyQt6 --> node_venv_lib_python3_12_site-packages_PyQt6_Qt6["Qt6"]\n    node_venv_lib_python3_12_site-packages_PyQt6_Qt6 --> node_venv_lib_python3_12_site-packages_PyQt6_Qt6_qml["qml"]\n    node_venv_lib_python3_12_site-packages_PyQt6_Qt6_qml --> node_venv_lib_python3_12_site-packages_PyQt6_Qt6_qml_QtQuick["QtQuick"]\n    node_venv_lib_python3_12_site-packages_PyQt6_Qt6_qml_QtQuick --> node_venv_lib_python3_12_site-packages_PyQt6_Qt6_qml_QtQuick_Controls["Controls"]\n    node_venv_lib_python3_12_site-packages_PyQt6_Qt6_qml_QtQuick_Controls --> node_venv_lib_python3_12_site-packages_PyQt6_Qt6_qml_QtQuick_Controls_FluentWinUI3["FluentWinUI3"]\n    node_venv_lib_python3_12_site-packages_PyQt6_Qt6_qml_QtQuick_Controls_FluentWinUI3 --> node_venv_lib_python3_12_site-packages_PyQt6_Qt6_qml_QtQuick_Controls_FluentWinUI3_dark["dark"]\n    node_venv_lib_python3_12_site-packages_PyQt6_Qt6_qml_QtQuick_Controls_FluentWinUI3_dark --> node_venv_lib_python3_12_site-packages_PyQt6_Qt6_qml_QtQuick_Controls_FluentWinUI3_dark_images["images"]\n    node_venv_lib_python3_12_site-packages_PyQt6_Qt6_qml_QtQuick_Controls_FluentWinUI3_dark_images --> node_venv_lib_python3_12_site-packages_PyQt6_Qt6_qml_QtQuick_Controls_FluentWinUI3_dark_images_slider-groove@3x_png["slider-groove@3x.png"]\n    Root --> node_venv["venv"]\n    node_venv --> node_venv_lib["lib"]\n    node_venv_lib --> node_venv_lib_python3_12["python3.12"]\n    node_venv_lib_python3_12 --> node_venv_lib_python3_12_site-packages["site-packages"]\n    node_venv_lib_python3_12_site-packages --> node_venv_lib_python3_12_site-packages_PyQt6["PyQt6"]\n    node_venv_lib_python3_12_site-packages_PyQt6 --> node_venv_lib_python3_12_site-packages_PyQt6_Qt6["Qt6"]\n    node_venv_lib_python3_12_site-packages_PyQt6_Qt6 --> node_venv_lib_python3_12_site-packages_PyQt6_Qt6_qml["qml"]\n    node_venv_lib_python3_12_site-packages_PyQt6_Qt6_qml --> node_venv_lib_python3_12_site-packages_PyQt6_Qt6_qml_QtQuick["QtQuick"]\n    node_venv_lib_python3_12_site-packages_PyQt6_Qt6_qml_QtQuick --> node_venv_lib_python3_12_site-packages_PyQt6_Qt6_qml_QtQuick_Controls["Controls"]\n    node_venv_lib_python3_12_site-packages_PyQt6_Qt6_qml_QtQuick_Controls --> node_venv_lib_python3_12_site-packages_PyQt6_Qt6_qml_QtQuick_Controls_FluentWinUI3["FluentWinUI3"]\n    node_venv_lib_python3_12_site-packages_PyQt6_Qt6_qml_QtQuick_Controls_FluentWinUI3 --> node_venv_lib_python3_12_site-packages_PyQt6_Qt6_qml_QtQuick_Controls_FluentWinUI3_dark["dark"]\n    node_venv_lib_python3_12_site-packages_PyQt6_Qt6_qml_QtQuick_Controls_FluentWinUI3_dark --> node_venv_lib_python3_12_site-packages_PyQt6_Qt6_qml_QtQuick_Controls_FluentWinUI3_dark_images["images"]\n    node_venv_lib_python3_12_site-packages_PyQt6_Qt6_qml_QtQuick_Controls_FluentWinUI3_dark_images --> node_venv_lib_python3_12_site-packages_PyQt6_Qt6_qml_QtQuick_Controls_FluentWinUI3_dark_images_slider-handle-disabled_png["slider-handle-disabled.png"]\n    Root --> node_venv["venv"]\n    node_venv --> node_venv_lib["lib"]\n    node_venv_lib --> node_venv_lib_python3_12["python3.12"]\n    node_venv_lib_python3_12 --> node_venv_lib_python3_12_site-packages["site-packages"]\n    node_venv_lib_python3_12_site-packages --> node_venv_lib_python3_12_site-packages_PyQt6["PyQt6"]\n    node_venv_lib_python3_12_site-packages_PyQt6 --> node_venv_lib_python3_12_site-packages_PyQt6_Qt6["Qt6"]\n    node_venv_lib_python3_12_site-packages_PyQt6_Qt6 --> node_venv_lib_python3_12_site-packages_PyQt6_Qt6_qml["qml"]\n    node_venv_lib_python3_12_site-packages_PyQt6_Qt6_qml --> node_venv_lib_python3_12_site-packages_PyQt6_Qt6_qml_QtQuick["QtQuick"]\n    node_venv_lib_python3_12_site-packages_PyQt6_Qt6_qml_QtQuick --> node_venv_lib_python3_12_site-packages_PyQt6_Qt6_qml_QtQuick_Controls["Controls"]\n    node_venv_lib_python3_12_site-packages_PyQt6_Qt6_qml_QtQuick_Controls --> node_venv_lib_python3_12_site-packages_PyQt6_Qt6_qml_QtQuick_Controls_FluentWinUI3["FluentWinUI3"]\n    node_venv_lib_python3_12_site-packages_PyQt6_Qt6_qml_QtQuick_Controls_FluentWinUI3 --> node_venv_lib_python3_12_site-packages_PyQt6_Qt6_qml_QtQuick_Controls_FluentWinUI3_dark["dark"]\n    node_venv_lib_python3_12_site-packages_PyQt6_Qt6_qml_QtQuick_Controls_FluentWinUI3_dark --> node_venv_lib_python3_12_site-packages_PyQt6_Qt6_qml_QtQuick_Controls_FluentWinUI3_dark_images["images"]\n    node_venv_lib_python3_12_site-packages_PyQt6_Qt6_qml_QtQuick_Controls_FluentWinUI3_dark_images --> node_venv_lib_python3_12_site-packages_PyQt6_Qt6_qml_QtQuick_Controls_FluentWinUI3_dark_images_slider-handle-disabled@2x_png["slider-handle-disabled@2x.png"]\n    Root --> node_venv["venv"]\n    node_venv --> node_venv_lib["lib"]\n    node_venv_lib --> node_venv_lib_python3_12["python3.12"]\n    node_venv_lib_python3_12 --> node_venv_lib_python3_12_site-packages["site-packages"]\n    node_venv_lib_python3_12_site-packages --> node_venv_lib_python3_12_site-packages_PyQt6["PyQt6"]\n    node_venv_lib_python3_12_site-packages_PyQt6 --> node_venv_lib_python3_12_site-packages_PyQt6_Qt6["Qt6"]\n    node_venv_lib_python3_12_site-packages_PyQt6_Qt6 --> node_venv_lib_python3_12_site-packages_PyQt6_Qt6_qml["qml"]\n    node_venv_lib_python3_12_site-packages_PyQt6_Qt6_qml --> node_venv_lib_python3_12_site-packages_PyQt6_Qt6_qml_QtQuick["QtQuick"]\n    node_venv_lib_python3_12_site-packages_PyQt6_Qt6_qml_QtQuick --> node_venv_lib_python3_12_site-packages_PyQt6_Qt6_qml_QtQuick_Controls["Controls"]\n    node_venv_lib_python3_12_site-packages_PyQt6_Qt6_qml_QtQuick_Controls --> node_venv_lib_python3_12_site-packages_PyQt6_Qt6_qml_QtQuick_Controls_FluentWinUI3["FluentWinUI3"]\n    node_venv_lib_python3_12_site-packages_PyQt6_Qt6_qml_QtQuick_Controls_FluentWinUI3 --> node_venv_lib_python3_12_site-packages_PyQt6_Qt6_qml_QtQuick_Controls_FluentWinUI3_dark["dark"]\n    node_venv_lib_python3_12_site-packages_PyQt6_Qt6_qml_QtQuick_Controls_FluentWinUI3_dark --> node_venv_lib_python3_12_site-packages_PyQt6_Qt6_qml_QtQuick_Controls_FluentWinUI3_dark_images["images"]\n    node_venv_lib_python3_12_site-packages_PyQt6_Qt6_qml_QtQuick_Controls_FluentWinUI3_dark_images --> node_venv_lib_python3_12_site-packages_PyQt6_Qt6_qml_QtQuick_Controls_FluentWinUI3_dark_images_slider-handle-disabled@3x_png["slider-handle-disabled@3x.png"]\n    Root --> node_venv["venv"]\n    node_venv --> node_venv_lib["lib"]\n    node_venv_lib --> node_venv_lib_python3_12["python3.12"]\n    node_venv_lib_python3_12 --> node_venv_lib_python3_12_site-packages["site-packages"]\n    node_venv_lib_python3_12_site-packages --> node_venv_lib_python3_12_site-packages_PyQt6["PyQt6"]\n    node_venv_lib_python3_12_site-packages_PyQt6 --> node_venv_lib_python3_12_site-packages_PyQt6_Qt6["Qt6"]\n    node_venv_lib_python3_12_site-packages_PyQt6_Qt6 --> node_venv_lib_python3_12_site-packages_PyQt6_Qt6_qml["qml"]\n    node_venv_lib_python3_12_site-packages_PyQt6_Qt6_qml --> node_venv_lib_python3_12_site-packages_PyQt6_Qt6_qml_QtQuick["QtQuick"]\n    node_venv_lib_python3_12_site-packages_PyQt6_Qt6_qml_QtQuick --> node_venv_lib_python3_12_site-packages_PyQt6_Qt6_qml_QtQuick_Controls["Controls"]\n    node_venv_lib_python3_12_site-packages_PyQt6_Qt6_qml_QtQuick_Controls --> node_venv_lib_python3_12_site-packages_PyQt6_Qt6_qml_QtQuick_Controls_FluentWinUI3["FluentWinUI3"]\n    node_venv_lib_python3_12_site-packages_PyQt6_Qt6_qml_QtQuick_Controls_FluentWinUI3 --> node_venv_lib_python3_12_site-packages_PyQt6_Qt6_qml_QtQuick_Controls_FluentWinUI3_dark["dark"]\n    node_venv_lib_python3_12_site-packages_PyQt6_Qt6_qml_QtQuick_Controls_FluentWinUI3_dark --> node_venv_lib_python3_12_site-packages_PyQt6_Qt6_qml_QtQuick_Controls_FluentWinUI3_dark_images["images"]\n    node_venv_lib_python3_12_site-packages_PyQt6_Qt6_qml_QtQuick_Controls_FluentWinUI3_dark_images --> node_venv_lib_python3_12_site-packages_PyQt6_Qt6_qml_QtQuick_Controls_FluentWinUI3_dark_images_slider-handle-hovered_png["slider-handle-hovered.png"]\n    Root --> node_venv["venv"]\n    node_venv --> node_venv_lib["lib"]\n    node_venv_lib --> node_venv_lib_python3_12["python3.12"]\n    node_venv_lib_python3_12 --> node_venv_lib_python3_12_site-packages["site-packages"]\n    node_venv_lib_python3_12_site-packages --> node_venv_lib_python3_12_site-packages_PyQt6["PyQt6"]\n    node_venv_lib_python3_12_site-packages_PyQt6 --> node_venv_lib_python3_12_site-packages_PyQt6_Qt6["Qt6"]\n    node_venv_lib_python3_12_site-packages_PyQt6_Qt6 --> node_venv_lib_python3_12_site-packages_PyQt6_Qt6_qml["qml"]\n    node_venv_lib_python3_12_site-packages_PyQt6_Qt6_qml --> node_venv_lib_python3_12_site-packages_PyQt6_Qt6_qml_QtQuick["QtQuick"]\n    node_venv_lib_python3_12_site-packages_PyQt6_Qt6_qml_QtQuick --> node_venv_lib_python3_12_site-packages_PyQt6_Qt6_qml_QtQuick_Controls["Controls"]\n    node_venv_lib_python3_12_site-packages_PyQt6_Qt6_qml_QtQuick_Controls --> node_venv_lib_python3_12_site-packages_PyQt6_Qt6_qml_QtQuick_Controls_FluentWinUI3["FluentWinUI3"]\n    node_venv_lib_python3_12_site-packages_PyQt6_Qt6_qml_QtQuick_Controls_FluentWinUI3 --> node_venv_lib_python3_12_site-packages_PyQt6_Qt6_qml_QtQuick_Controls_FluentWinUI3_dark["dark"]\n    node_venv_lib_python3_12_site-packages_PyQt6_Qt6_qml_QtQuick_Controls_FluentWinUI3_dark --> node_venv_lib_python3_12_site-packages_PyQt6_Qt6_qml_QtQuick_Controls_FluentWinUI3_dark_images["images"]\n    node_venv_lib_python3_12_site-packages_PyQt6_Qt6_qml_QtQuick_Controls_FluentWinUI3_dark_images --> node_venv_lib_python3_12_site-packages_PyQt6_Qt6_qml_QtQuick_Controls_FluentWinUI3_dark_images_slider-handle-hovered@2x_png["slider-handle-hovered@2x.png"]\n    Root --> node_venv["venv"]\n    node_venv --> node_venv_lib["lib"]\n    node_venv_lib --> node_venv_lib_python3_12["python3.12"]\n    node_venv_lib_python3_12 --> node_venv_lib_python3_12_site-packages["site-packages"]\n    node_venv_lib_python3_12_site-packages --> node_venv_lib_python3_12_site-packages_PyQt6["PyQt6"]\n    node_venv_lib_python3_12_site-packages_PyQt6 --> node_venv_lib_python3_12_site-packages_PyQt6_Qt6["Qt6"]\n    node_venv_lib_python3_12_site-packages_PyQt6_Qt6 --> node_venv_lib_python3_12_site-packages_PyQt6_Qt6_qml["qml"]\n    node_venv_lib_python3_12_site-packages_PyQt6_Qt6_qml --> node_venv_lib_python3_12_site-packages_PyQt6_Qt6_qml_QtQuick["QtQuick"]\n    node_venv_lib_python3_12_site-packages_PyQt6_Qt6_qml_QtQuick --> node_venv_lib_python3_12_site-packages_PyQt6_Qt6_qml_QtQuick_Controls["Controls"]\n    node_venv_lib_python3_12_site-packages_PyQt6_Qt6_qml_QtQuick_Controls --> node_venv_lib_python3_12_site-packages_PyQt6_Qt6_qml_QtQuick_Controls_FluentWinUI3["FluentWinUI3"]\n    node_venv_lib_python3_12_site-packages_PyQt6_Qt6_qml_QtQuick_Controls_FluentWinUI3 --> node_venv_lib_python3_12_site-packages_PyQt6_Qt6_qml_QtQuick_Controls_FluentWinUI3_dark["dark"]\n    node_venv_lib_python3_12_site-packages_PyQt6_Qt6_qml_QtQuick_Controls_FluentWinUI3_dark --> node_venv_lib_python3_12_site-packages_PyQt6_Qt6_qml_QtQuick_Controls_FluentWinUI3_dark_images["images"]\n    node_venv_lib_python3_12_site-packages_PyQt6_Qt6_qml_QtQuick_Controls_FluentWinUI3_dark_images --> node_venv_lib_python3_12_site-packages_PyQt6_Qt6_qml_QtQuick_Controls_FluentWinUI3_dark_images_slider-handle-hovered@3x_png["slider-handle-hovered@3x.png"]\n    Root --> node_venv["venv"]\n    node_venv --> node_venv_lib["lib"]\n    node_venv_lib --> node_venv_lib_python3_12["python3.12"]\n    node_venv_lib_python3_12 --> node_venv_lib_python3_12_site-packages["site-packages"]\n    node_venv_lib_python3_12_site-packages --> node_venv_lib_python3_12_site-packages_PyQt6["PyQt6"]\n    node_venv_lib_python3_12_site-packages_PyQt6 --> node_venv_lib_python3_12_site-packages_PyQt6_Qt6["Qt6"]\n    node_venv_lib_python3_12_site-packages_PyQt6_Qt6 --> node_venv_lib_python3_12_site-packages_PyQt6_Qt6_qml["qml"]\n    node_venv_lib_python3_12_site-packages_PyQt6_Qt6_qml --> node_venv_lib_python3_12_site-packages_PyQt6_Qt6_qml_QtQuick["QtQuick"]\n    node_venv_lib_python3_12_site-packages_PyQt6_Qt6_qml_QtQuick --> node_venv_lib_python3_12_site-packages_PyQt6_Qt6_qml_QtQuick_Controls["Controls"]\n    node_venv_lib_python3_12_site-packages_PyQt6_Qt6_qml_QtQuick_Controls --> node_venv_lib_python3_12_site-packages_PyQt6_Qt6_qml_QtQuick_Controls_FluentWinUI3["FluentWinUI3"]\n    node_venv_lib_python3_12_site-packages_PyQt6_Qt6_qml_QtQuick_Controls_FluentWinUI3 --> node_venv_lib_python3_12_site-packages_PyQt6_Qt6_qml_QtQuick_Controls_FluentWinUI3_dark["dark"]\n    node_venv_lib_python3_12_site-packages_PyQt6_Qt6_qml_QtQuick_Controls_FluentWinUI3_dark --> node_venv_lib_python3_12_site-packages_PyQt6_Qt6_qml_QtQuick_Controls_FluentWinUI3_dark_images["images"]\n    node_venv_lib_python3_12_site-packages_PyQt6_Qt6_qml_QtQuick_Controls_FluentWinUI3_dark_images --> node_venv_lib_python3_12_site-packages_PyQt6_Qt6_qml_QtQuick_Controls_FluentWinUI3_dark_images_slider-handle-pressed_png["slider-handle-pressed.png"]\n    Root --> node_venv["venv"]\n    node_venv --> node_venv_lib["lib"]\n    node_venv_lib --> node_venv_lib_python3_12["python3.12"]\n    node_venv_lib_python3_12 --> node_venv_lib_python3_12_site-packages["site-packages"]\n    node_venv_lib_python3_12_site-packages --> node_venv_lib_python3_12_site-packages_PyQt6["PyQt6"]\n    node_venv_lib_python3_12_site-packages_PyQt6 --> node_venv_lib_python3_12_site-packages_PyQt6_Qt6["Qt6"]\n    node_venv_lib_python3_12_site-packages_PyQt6_Qt6 --> node_venv_lib_python3_12_site-packages_PyQt6_Qt6_qml["qml"]\n    node_venv_lib_python3_12_site-packages_PyQt6_Qt6_qml --> node_venv_lib_python3_12_site-packages_PyQt6_Qt6_qml_QtQuick["QtQuick"]\n    node_venv_lib_python3_12_site-packages_PyQt6_Qt6_qml_QtQuick --> node_venv_lib_python3_12_site-packages_PyQt6_Qt6_qml_QtQuick_Controls["Controls"]\n    node_venv_lib_python3_12_site-packages_PyQt6_Qt6_qml_QtQuick_Controls --> node_venv_lib_python3_12_site-packages_PyQt6_Qt6_qml_QtQuick_Controls_FluentWinUI3["FluentWinUI3"]\n    node_venv_lib_python3_12_site-packages_PyQt6_Qt6_qml_QtQuick_Controls_FluentWinUI3 --> node_venv_lib_python3_12_site-packages_PyQt6_Qt6_qml_QtQuick_Controls_FluentWinUI3_dark["dark"]\n    node_venv_lib_python3_12_site-packages_PyQt6_Qt6_qml_QtQuick_Controls_FluentWinUI3_dark --> node_venv_lib_python3_12_site-packages_PyQt6_Qt6_qml_QtQuick_Controls_FluentWinUI3_dark_images["images"]\n    node_venv_lib_python3_12_site-packages_PyQt6_Qt6_qml_QtQuick_Controls_FluentWinUI3_dark_images --> node_venv_lib_python3_12_site-packages_PyQt6_Qt6_qml_QtQuick_Controls_FluentWinUI3_dark_images_slider-handle-pressed@2x_png["slider-handle-pressed@2x.png"]\n    Root --> node_venv["venv"]\n    node_venv --> node_venv_lib["lib"]\n    node_venv_lib --> node_venv_lib_python3_12["python3.12"]\n    node_venv_lib_python3_12 --> node_venv_lib_python3_12_site-packages["site-packages"]\n    node_venv_lib_python3_12_site-packages --> node_venv_lib_python3_12_site-packages_PyQt6["PyQt6"]\n    node_venv_lib_python3_12_site-packages_PyQt6 --> node_venv_lib_python3_12_site-packages_PyQt6_Qt6["Qt6"]\n    node_venv_lib_python3_12_site-packages_PyQt6_Qt6 --> node_venv_lib_python3_12_site-packages_PyQt6_Qt6_qml["qml"]\n    node_venv_lib_python3_12_site-packages_PyQt6_Qt6_qml --> node_venv_lib_python3_12_site-packages_PyQt6_Qt6_qml_QtQuick["QtQuick"]\n    node_venv_lib_python3_12_site-packages_PyQt6_Qt6_qml_QtQuick --> node_venv_lib_python3_12_site-packages_PyQt6_Qt6_qml_QtQuick_Controls["Controls"]\n    node_venv_lib_python3_12_site-packages_PyQt6_Qt6_qml_QtQuick_Controls --> node_venv_lib_python3_12_site-packages_PyQt6_Qt6_qml_QtQuick_Controls_FluentWinUI3["FluentWinUI3"]\n    node_venv_lib_python3_12_site-packages_PyQt6_Qt6_qml_QtQuick_Controls_FluentWinUI3 --> node_venv_lib_python3_12_site-packages_PyQt6_Qt6_qml_QtQuick_Controls_FluentWinUI3_dark["dark"]\n    node_venv_lib_python3_12_site-packages_PyQt6_Qt6_qml_QtQuick_Controls_FluentWinUI3_dark --> node_venv_lib_python3_12_site-packages_PyQt6_Qt6_qml_QtQuick_Controls_FluentWinUI3_dark_images["images"]\n    node_venv_lib_python3_12_site-packages_PyQt6_Qt6_qml_QtQuick_Controls_FluentWinUI3_dark_images --> node_venv_lib_python3_12_site-packages_PyQt6_Qt6_qml_QtQuick_Controls_FluentWinUI3_dark_images_slider-handle-pressed@3x_png["slider-handle-pressed@3x.png"]\n    Root --> node_venv["venv"]\n    node_venv --> node_venv_lib["lib"]\n    node_venv_lib --> node_venv_lib_python3_12["python3.12"]\n    node_venv_lib_python3_12 --> node_venv_lib_python3_12_site-packages["site-packages"]\n    node_venv_lib_python3_12_site-packages --> node_venv_lib_python3_12_site-packages_PyQt6["PyQt6"]\n    node_venv_lib_python3_12_site-packages_PyQt6 --> node_venv_lib_python3_12_site-packages_PyQt6_Qt6["Qt6"]\n    node_venv_lib_python3_12_site-packages_PyQt6_Qt6 --> node_venv_lib_python3_12_site-packages_PyQt6_Qt6_qml["qml"]\n    node_venv_lib_python3_12_site-packages_PyQt6_Qt6_qml --> node_venv_lib_python3_12_site-packages_PyQt6_Qt6_qml_QtQuick["QtQuick"]\n    node_venv_lib_python3_12_site-packages_PyQt6_Qt6_qml_QtQuick --> node_venv_lib_python3_12_site-packages_PyQt6_Qt6_qml_QtQuick_Controls["Controls"]\n    node_venv_lib_python3_12_site-packages_PyQt6_Qt6_qml_QtQuick_Controls --> node_venv_lib_python3_12_site-packages_PyQt6_Qt6_qml_QtQuick_Controls_FluentWinUI3["FluentWinUI3"]\n    node_venv_lib_python3_12_site-packages_PyQt6_Qt6_qml_QtQuick_Controls_FluentWinUI3 --> node_venv_lib_python3_12_site-packages_PyQt6_Qt6_qml_QtQuick_Controls_FluentWinUI3_dark["dark"]\n    node_venv_lib_python3_12_site-packages_PyQt6_Qt6_qml_QtQuick_Controls_FluentWinUI3_dark --> node_venv_lib_python3_12_site-packages_PyQt6_Qt6_qml_QtQuick_Controls_FluentWinUI3_dark_images["images"]\n    node_venv_lib_python3_12_site-packages_PyQt6_Qt6_qml_QtQuick_Controls_FluentWinUI3_dark_images --> node_venv_lib_python3_12_site-packages_PyQt6_Qt6_qml_QtQuick_Controls_FluentWinUI3_dark_images_slider-handle_png["slider-handle.png"]\n    Root --> node_venv["venv"]\n    node_venv --> node_venv_lib["lib"]\n    node_venv_lib --> node_venv_lib_python3_12["python3.12"]\n    node_venv_lib_python3_12 --> node_venv_lib_python3_12_site-packages["site-packages"]\n    node_venv_lib_python3_12_site-packages --> node_venv_lib_python3_12_site-packages_PyQt6["PyQt6"]\n    node_venv_lib_python3_12_site-packages_PyQt6 --> node_venv_lib_python3_12_site-packages_PyQt6_Qt6["Qt6"]\n    node_venv_lib_python3_12_site-packages_PyQt6_Qt6 --> node_venv_lib_python3_12_site-packages_PyQt6_Qt6_qml["qml"]\n    node_venv_lib_python3_12_site-packages_PyQt6_Qt6_qml --> node_venv_lib_python3_12_site-packages_PyQt6_Qt6_qml_QtQuick["QtQuick"]\n    node_venv_lib_python3_12_site-packages_PyQt6_Qt6_qml_QtQuick --> node_venv_lib_python3_12_site-packages_PyQt6_Qt6_qml_QtQuick_Controls["Controls"]\n    node_venv_lib_python3_12_site-packages_PyQt6_Qt6_qml_QtQuick_Controls --> node_venv_lib_python3_12_site-packages_PyQt6_Qt6_qml_QtQuick_Controls_FluentWinUI3["FluentWinUI3"]\n    node_venv_lib_python3_12_site-packages_PyQt6_Qt6_qml_QtQuick_Controls_FluentWinUI3 --> node_venv_lib_python3_12_site-packages_PyQt6_Qt6_qml_QtQuick_Controls_FluentWinUI3_dark["dark"]\n    node_venv_lib_python3_12_site-packages_PyQt6_Qt6_qml_QtQuick_Controls_FluentWinUI3_dark --> node_venv_lib_python3_12_site-packages_PyQt6_Qt6_qml_QtQuick_Controls_FluentWinUI3_dark_images["images"]\n    node_venv_lib_python3_12_site-packages_PyQt6_Qt6_qml_QtQuick_Controls_FluentWinUI3_dark_images --> node_venv_lib_python3_12_site-packages_PyQt6_Qt6_qml_QtQuick_Controls_FluentWinUI3_dark_images_slider-handle@2x_png["slider-handle@2x.png"]\n    Root --> node_venv["venv"]\n    node_venv --> node_venv_lib["lib"]\n    node_venv_lib --> node_venv_lib_python3_12["python3.12"]\n    node_venv_lib_python3_12 --> node_venv_lib_python3_12_site-packages["site-packages"]\n    node_venv_lib_python3_12_site-packages --> node_venv_lib_python3_12_site-packages_PyQt6["PyQt6"]\n    node_venv_lib_python3_12_site-packages_PyQt6 --> node_venv_lib_python3_12_site-packages_PyQt6_Qt6["Qt6"]\n    node_venv_lib_python3_12_site-packages_PyQt6_Qt6 --> node_venv_lib_python3_12_site-packages_PyQt6_Qt6_qml["qml"]\n    node_venv_lib_python3_12_site-packages_PyQt6_Qt6_qml --> node_venv_lib_python3_12_site-packages_PyQt6_Qt6_qml_QtQuick["QtQuick"]\n    node_venv_lib_python3_12_site-packages_PyQt6_Qt6_qml_QtQuick --> node_venv_lib_python3_12_site-packages_PyQt6_Qt6_qml_QtQuick_Controls["Controls"]\n    node_venv_lib_python3_12_site-packages_PyQt6_Qt6_qml_QtQuick_Controls --> node_venv_lib_python3_12_site-packages_PyQt6_Qt6_qml_QtQuick_Controls_FluentWinUI3["FluentWinUI3"]\n    node_venv_lib_python3_12_site-packages_PyQt6_Qt6_qml_QtQuick_Controls_FluentWinUI3 --> node_venv_lib_python3_12_site-packages_PyQt6_Qt6_qml_QtQuick_Controls_FluentWinUI3_dark["dark"]\n    node_venv_lib_python3_12_site-packages_PyQt6_Qt6_qml_QtQuick_Controls_FluentWinUI3_dark --> node_venv_lib_python3_12_site-packages_PyQt6_Qt6_qml_QtQuick_Controls_FluentWinUI3_dark_images["images"]\n    node_venv_lib_python3_12_site-packages_PyQt6_Qt6_qml_QtQuick_Controls_FluentWinUI3_dark_images --> node_venv_lib_python3_12_site-packages_PyQt6_Qt6_qml_QtQuick_Controls_FluentWinUI3_dark_images_slider-handle@3x_png["slider-handle@3x.png"]\n    Root --> node_venv["venv"]\n    node_venv --> node_venv_lib["lib"]\n    node_venv_lib --> node_venv_lib_python3_12["python3.12"]\n    node_venv_lib_python3_12 --> node_venv_lib_python3_12_site-packages["site-packages"]\n    node_venv_lib_python3_12_site-packages --> node_venv_lib_python3_12_site-packages_PyQt6["PyQt6"]\n    node_venv_lib_python3_12_site-packages_PyQt6 --> node_venv_lib_python3_12_site-packages_PyQt6_Qt6["Qt6"]\n    node_venv_lib_python3_12_site-packages_PyQt6_Qt6 --> node_venv_lib_python3_12_site-packages_PyQt6_Qt6_qml["qml"]\n    node_venv_lib_python3_12_site-packages_PyQt6_Qt6_qml --> node_venv_lib_python3_12_site-packages_PyQt6_Qt6_qml_QtQuick["QtQuick"]\n    node_venv_lib_python3_12_site-packages_PyQt6_Qt6_qml_QtQuick --> node_venv_lib_python3_12_site-packages_PyQt6_Qt6_qml_QtQuick_Controls["Controls"]\n    node_venv_lib_python3_12_site-packages_PyQt6_Qt6_qml_QtQuick_Controls --> node_venv_lib_python3_12_site-packages_PyQt6_Qt6_qml_QtQuick_Controls_FluentWinUI3["FluentWinUI3"]\n    node_venv_lib_python3_12_site-packages_PyQt6_Qt6_qml_QtQuick_Controls_FluentWinUI3 --> node_venv_lib_python3_12_site-packages_PyQt6_Qt6_qml_QtQuick_Controls_FluentWinUI3_dark["dark"]\n    node_venv_lib_python3_12_site-packages_PyQt6_Qt6_qml_QtQuick_Controls_FluentWinUI3_dark --> node_venv_lib_python3_12_site-packages_PyQt6_Qt6_qml_QtQuick_Controls_FluentWinUI3_dark_images["images"]\n    node_venv_lib_python3_12_site-packages_PyQt6_Qt6_qml_QtQuick_Controls_FluentWinUI3_dark_images --> node_venv_lib_python3_12_site-packages_PyQt6_Qt6_qml_QtQuick_Controls_FluentWinUI3_dark_images_spinbox-background-atlimit_png["spinbox-background-atlimit.png"]\n    Root --> node_venv["venv"]\n    node_venv --> node_venv_lib["lib"]\n    node_venv_lib --> node_venv_lib_python3_12["python3.12"]\n    node_venv_lib_python3_12 --> node_venv_lib_python3_12_site-packages["site-packages"]\n    node_venv_lib_python3_12_site-packages --> node_venv_lib_python3_12_site-packages_PyQt6["PyQt6"]\n    node_venv_lib_python3_12_site-packages_PyQt6 --> node_venv_lib_python3_12_site-packages_PyQt6_Qt6["Qt6"]\n    node_venv_lib_python3_12_site-packages_PyQt6_Qt6 --> node_venv_lib_python3_12_site-packages_PyQt6_Qt6_qml["qml"]\n    node_venv_lib_python3_12_site-packages_PyQt6_Qt6_qml --> node_venv_lib_python3_12_site-packages_PyQt6_Qt6_qml_QtQuick["QtQuick"]\n    node_venv_lib_python3_12_site-packages_PyQt6_Qt6_qml_QtQuick --> node_venv_lib_python3_12_site-packages_PyQt6_Qt6_qml_QtQuick_Controls["Controls"]\n    node_venv_lib_python3_12_site-packages_PyQt6_Qt6_qml_QtQuick_Controls --> node_venv_lib_python3_12_site-packages_PyQt6_Qt6_qml_QtQuick_Controls_FluentWinUI3["FluentWinUI3"]\n    node_venv_lib_python3_12_site-packages_PyQt6_Qt6_qml_QtQuick_Controls_FluentWinUI3 --> node_venv_lib_python3_12_site-packages_PyQt6_Qt6_qml_QtQuick_Controls_FluentWinUI3_dark["dark"]\n    node_venv_lib_python3_12_site-packages_PyQt6_Qt6_qml_QtQuick_Controls_FluentWinUI3_dark --> node_venv_lib_python3_12_site-packages_PyQt6_Qt6_qml_QtQuick_Controls_FluentWinUI3_dark_images["images"]\n    node_venv_lib_python3_12_site-packages_PyQt6_Qt6_qml_QtQuick_Controls_FluentWinUI3_dark_images --> node_venv_lib_python3_12_site-packages_PyQt6_Qt6_qml_QtQuick_Controls_FluentWinUI3_dark_images_spinbox-background-atlimit@2x_png["spinbox-background-atlimit@2x.png"]\n    Root --> node_venv["venv"]\n    node_venv --> node_venv_lib["lib"]\n    node_venv_lib --> node_venv_lib_python3_12["python3.12"]\n    node_venv_lib_python3_12 --> node_venv_lib_python3_12_site-packages["site-packages"]\n    node_venv_lib_python3_12_site-packages --> node_venv_lib_python3_12_site-packages_PyQt6["PyQt6"]\n    node_venv_lib_python3_12_site-packages_PyQt6 --> node_venv_lib_python3_12_site-packages_PyQt6_Qt6["Qt6"]\n    node_venv_lib_python3_12_site-packages_PyQt6_Qt6 --> node_venv_lib_python3_12_site-packages_PyQt6_Qt6_qml["qml"]\n    node_venv_lib_python3_12_site-packages_PyQt6_Qt6_qml --> node_venv_lib_python3_12_site-packages_PyQt6_Qt6_qml_QtQuick["QtQuick"]\n    node_venv_lib_python3_12_site-packages_PyQt6_Qt6_qml_QtQuick --> node_venv_lib_python3_12_site-packages_PyQt6_Qt6_qml_QtQuick_Controls["Controls"]\n    node_venv_lib_python3_12_site-packages_PyQt6_Qt6_qml_QtQuick_Controls --> node_venv_lib_python3_12_site-packages_PyQt6_Qt6_qml_QtQuick_Controls_FluentWinUI3["FluentWinUI3"]\n    node_venv_lib_python3_12_site-packages_PyQt6_Qt6_qml_QtQuick_Controls_FluentWinUI3 --> node_venv_lib_python3_12_site-packages_PyQt6_Qt6_qml_QtQuick_Controls_FluentWinUI3_dark["dark"]\n    node_venv_lib_python3_12_site-packages_PyQt6_Qt6_qml_QtQuick_Controls_FluentWinUI3_dark --> node_venv_lib_python3_12_site-packages_PyQt6_Qt6_qml_QtQuick_Controls_FluentWinUI3_dark_images["images"]\n    node_venv_lib_python3_12_site-packages_PyQt6_Qt6_qml_QtQuick_Controls_FluentWinUI3_dark_images --> node_venv_lib_python3_12_site-packages_PyQt6_Qt6_qml_QtQuick_Controls_FluentWinUI3_dark_images_spinbox-background-atlimit@3x_png["spinbox-background-atlimit@3x.png"]\n    Root --> node_venv["venv"]\n    node_venv --> node_venv_lib["lib"]\n    node_venv_lib --> node_venv_lib_python3_12["python3.12"]\n    node_venv_lib_python3_12 --> node_venv_lib_python3_12_site-packages["site-packages"]\n    node_venv_lib_python3_12_site-packages --> node_venv_lib_python3_12_site-packages_PyQt6["PyQt6"]\n    node_venv_lib_python3_12_site-packages_PyQt6 --> node_venv_lib_python3_12_site-packages_PyQt6_Qt6["Qt6"]\n    node_venv_lib_python3_12_site-packages_PyQt6_Qt6 --> node_venv_lib_python3_12_site-packages_PyQt6_Qt6_qml["qml"]\n    node_venv_lib_python3_12_site-packages_PyQt6_Qt6_qml --> node_venv_lib_python3_12_site-packages_PyQt6_Qt6_qml_QtQuick["QtQuick"]\n    node_venv_lib_python3_12_site-packages_PyQt6_Qt6_qml_QtQuick --> node_venv_lib_python3_12_site-packages_PyQt6_Qt6_qml_QtQuick_Controls["Controls"]\n    node_venv_lib_python3_12_site-packages_PyQt6_Qt6_qml_QtQuick_Controls --> node_venv_lib_python3_12_site-packages_PyQt6_Qt6_qml_QtQuick_Controls_FluentWinUI3["FluentWinUI3"]\n    node_venv_lib_python3_12_site-packages_PyQt6_Qt6_qml_QtQuick_Controls_FluentWinUI3 --> node_venv_lib_python3_12_site-packages_PyQt6_Qt6_qml_QtQuick_Controls_FluentWinUI3_dark["dark"]\n    node_venv_lib_python3_12_site-packages_PyQt6_Qt6_qml_QtQuick_Controls_FluentWinUI3_dark --> node_venv_lib_python3_12_site-packages_PyQt6_Qt6_qml_QtQuick_Controls_FluentWinUI3_dark_images["images"]\n    node_venv_lib_python3_12_site-packages_PyQt6_Qt6_qml_QtQuick_Controls_FluentWinUI3_dark_images --> node_venv_lib_python3_12_site-packages_PyQt6_Qt6_qml_QtQuick_Controls_FluentWinUI3_dark_images_spinbox-background-disabled_png["spinbox-background-disabled.png"]\n    Root --> node_venv["venv"]\n    node_venv --> node_venv_lib["lib"]\n    node_venv_lib --> node_venv_lib_python3_12["python3.12"]\n    node_venv_lib_python3_12 --> node_venv_lib_python3_12_site-packages["site-packages"]\n    node_venv_lib_python3_12_site-packages --> node_venv_lib_python3_12_site-packages_PyQt6["PyQt6"]\n    node_venv_lib_python3_12_site-packages_PyQt6 --> node_venv_lib_python3_12_site-packages_PyQt6_Qt6["Qt6"]\n    node_venv_lib_python3_12_site-packages_PyQt6_Qt6 --> node_venv_lib_python3_12_site-packages_PyQt6_Qt6_qml["qml"]\n    node_venv_lib_python3_12_site-packages_PyQt6_Qt6_qml --> node_venv_lib_python3_12_site-packages_PyQt6_Qt6_qml_QtQuick["QtQuick"]\n    node_venv_lib_python3_12_site-packages_PyQt6_Qt6_qml_QtQuick --> node_venv_lib_python3_12_site-packages_PyQt6_Qt6_qml_QtQuick_Controls["Controls"]\n    node_venv_lib_python3_12_site-packages_PyQt6_Qt6_qml_QtQuick_Controls --> node_venv_lib_python3_12_site-packages_PyQt6_Qt6_qml_QtQuick_Controls_FluentWinUI3["FluentWinUI3"]\n    node_venv_lib_python3_12_site-packages_PyQt6_Qt6_qml_QtQuick_Controls_FluentWinUI3 --> node_venv_lib_python3_12_site-packages_PyQt6_Qt6_qml_QtQuick_Controls_FluentWinUI3_dark["dark"]\n    node_venv_lib_python3_12_site-packages_PyQt6_Qt6_qml_QtQuick_Controls_FluentWinUI3_dark --> node_venv_lib_python3_12_site-packages_PyQt6_Qt6_qml_QtQuick_Controls_FluentWinUI3_dark_images["images"]\n    node_venv_lib_python3_12_site-packages_PyQt6_Qt6_qml_QtQuick_Controls_FluentWinUI3_dark_images --> node_venv_lib_python3_12_site-packages_PyQt6_Qt6_qml_QtQuick_Controls_FluentWinUI3_dark_images_spinbox-background-disabled@2x_png["spinbox-background-disabled@2x.png"]\n    Root --> node_venv["venv"]\n    node_venv --> node_venv_lib["lib"]\n    node_venv_lib --> node_venv_lib_python3_12["python3.12"]\n    node_venv_lib_python3_12 --> node_venv_lib_python3_12_site-packages["site-packages"]\n    node_venv_lib_python3_12_site-packages --> node_venv_lib_python3_12_site-packages_PyQt6["PyQt6"]\n    node_venv_lib_python3_12_site-packages_PyQt6 --> node_venv_lib_python3_12_site-packages_PyQt6_Qt6["Qt6"]\n    node_venv_lib_python3_12_site-packages_PyQt6_Qt6 --> node_venv_lib_python3_12_site-packages_PyQt6_Qt6_qml["qml"]\n    node_venv_lib_python3_12_site-packages_PyQt6_Qt6_qml --> node_venv_lib_python3_12_site-packages_PyQt6_Qt6_qml_QtQuick["QtQuick"]\n    node_venv_lib_python3_12_site-packages_PyQt6_Qt6_qml_QtQuick --> node_venv_lib_python3_12_site-packages_PyQt6_Qt6_qml_QtQuick_Controls["Controls"]\n    node_venv_lib_python3_12_site-packages_PyQt6_Qt6_qml_QtQuick_Controls --> node_venv_lib_python3_12_site-packages_PyQt6_Qt6_qml_QtQuick_Controls_FluentWinUI3["FluentWinUI3"]\n    node_venv_lib_python3_12_site-packages_PyQt6_Qt6_qml_QtQuick_Controls_FluentWinUI3 --> node_venv_lib_python3_12_site-packages_PyQt6_Qt6_qml_QtQuick_Controls_FluentWinUI3_dark["dark"]\n    node_venv_lib_python3_12_site-packages_PyQt6_Qt6_qml_QtQuick_Controls_FluentWinUI3_dark --> node_venv_lib_python3_12_site-packages_PyQt6_Qt6_qml_QtQuick_Controls_FluentWinUI3_dark_images["images"]\n    node_venv_lib_python3_12_site-packages_PyQt6_Qt6_qml_QtQuick_Controls_FluentWinUI3_dark_images --> node_venv_lib_python3_12_site-packages_PyQt6_Qt6_qml_QtQuick_Controls_FluentWinUI3_dark_images_spinbox-background-disabled@3x_png["spinbox-background-disabled@3x.png"]\n    Root --> node_venv["venv"]\n    node_venv --> node_venv_lib["lib"]\n    node_venv_lib --> node_venv_lib_python3_12["python3.12"]\n    node_venv_lib_python3_12 --> node_venv_lib_python3_12_site-packages["site-packages"]\n    node_venv_lib_python3_12_site-packages --> node_venv_lib_python3_12_site-packages_PyQt6["PyQt6"]\n    node_venv_lib_python3_12_site-packages_PyQt6 --> node_venv_lib_python3_12_site-packages_PyQt6_Qt6["Qt6"]\n    node_venv_lib_python3_12_site-packages_PyQt6_Qt6 --> node_venv_lib_python3_12_site-packages_PyQt6_Qt6_qml["qml"]\n    node_venv_lib_python3_12_site-packages_PyQt6_Qt6_qml --> node_venv_lib_python3_12_site-packages_PyQt6_Qt6_qml_QtQuick["QtQuick"]\n    node_venv_lib_python3_12_site-packages_PyQt6_Qt6_qml_QtQuick --> node_venv_lib_python3_12_site-packages_PyQt6_Qt6_qml_QtQuick_Controls["Controls"]\n    node_venv_lib_python3_12_site-packages_PyQt6_Qt6_qml_QtQuick_Controls --> node_venv_lib_python3_12_site-packages_PyQt6_Qt6_qml_QtQuick_Controls_FluentWinUI3["FluentWinUI3"]\n    node_venv_lib_python3_12_site-packages_PyQt6_Qt6_qml_QtQuick_Controls_FluentWinUI3 --> node_venv_lib_python3_12_site-packages_PyQt6_Qt6_qml_QtQuick_Controls_FluentWinUI3_dark["dark"]\n    node_venv_lib_python3_12_site-packages_PyQt6_Qt6_qml_QtQuick_Controls_FluentWinUI3_dark --> node_venv_lib_python3_12_site-packages_PyQt6_Qt6_qml_QtQuick_Controls_FluentWinUI3_dark_images["images"]\n    node_venv_lib_python3_12_site-packages_PyQt6_Qt6_qml_QtQuick_Controls_FluentWinUI3_dark_images --> node_venv_lib_python3_12_site-packages_PyQt6_Qt6_qml_QtQuick_Controls_FluentWinUI3_dark_images_spinbox-background-down-hovered_png["spinbox-background-down-hovered.png"]\n    Root --> node_venv["venv"]\n    node_venv --> node_venv_lib["lib"]\n    node_venv_lib --> node_venv_lib_python3_12["python3.12"]\n    node_venv_lib_python3_12 --> node_venv_lib_python3_12_site-packages["site-packages"]\n    node_venv_lib_python3_12_site-packages --> node_venv_lib_python3_12_site-packages_PyQt6["PyQt6"]\n    node_venv_lib_python3_12_site-packages_PyQt6 --> node_venv_lib_python3_12_site-packages_PyQt6_Qt6["Qt6"]\n    node_venv_lib_python3_12_site-packages_PyQt6_Qt6 --> node_venv_lib_python3_12_site-packages_PyQt6_Qt6_qml["qml"]\n    node_venv_lib_python3_12_site-packages_PyQt6_Qt6_qml --> node_venv_lib_python3_12_site-packages_PyQt6_Qt6_qml_QtQuick["QtQuick"]\n    node_venv_lib_python3_12_site-packages_PyQt6_Qt6_qml_QtQuick --> node_venv_lib_python3_12_site-packages_PyQt6_Qt6_qml_QtQuick_Controls["Controls"]\n    node_venv_lib_python3_12_site-packages_PyQt6_Qt6_qml_QtQuick_Controls --> node_venv_lib_python3_12_site-packages_PyQt6_Qt6_qml_QtQuick_Controls_FluentWinUI3["FluentWinUI3"]\n    node_venv_lib_python3_12_site-packages_PyQt6_Qt6_qml_QtQuick_Controls_FluentWinUI3 --> node_venv_lib_python3_12_site-packages_PyQt6_Qt6_qml_QtQuick_Controls_FluentWinUI3_dark["dark"]\n    node_venv_lib_python3_12_site-packages_PyQt6_Qt6_qml_QtQuick_Controls_FluentWinUI3_dark --> node_venv_lib_python3_12_site-packages_PyQt6_Qt6_qml_QtQuick_Controls_FluentWinUI3_dark_images["images"]\n    node_venv_lib_python3_12_site-packages_PyQt6_Qt6_qml_QtQuick_Controls_FluentWinUI3_dark_images --> node_venv_lib_python3_12_site-packages_PyQt6_Qt6_qml_QtQuick_Controls_FluentWinUI3_dark_images_spinbox-background-down-hovered@2x_png["spinbox-background-down-hovered@2x.png"]\n    Root --> node_venv["venv"]\n    node_venv --> node_venv_lib["lib"]\n    node_venv_lib --> node_venv_lib_python3_12["python3.12"]\n    node_venv_lib_python3_12 --> node_venv_lib_python3_12_site-packages["site-packages"]\n    node_venv_lib_python3_12_site-packages --> node_venv_lib_python3_12_site-packages_PyQt6["PyQt6"]\n    node_venv_lib_python3_12_site-packages_PyQt6 --> node_venv_lib_python3_12_site-packages_PyQt6_Qt6["Qt6"]\n    node_venv_lib_python3_12_site-packages_PyQt6_Qt6 --> node_venv_lib_python3_12_site-packages_PyQt6_Qt6_qml["qml"]\n    node_venv_lib_python3_12_site-packages_PyQt6_Qt6_qml --> node_venv_lib_python3_12_site-packages_PyQt6_Qt6_qml_QtQuick["QtQuick"]\n    node_venv_lib_python3_12_site-packages_PyQt6_Qt6_qml_QtQuick --> node_venv_lib_python3_12_site-packages_PyQt6_Qt6_qml_QtQuick_Controls["Controls"]\n    node_venv_lib_python3_12_site-packages_PyQt6_Qt6_qml_QtQuick_Controls --> node_venv_lib_python3_12_site-packages_PyQt6_Qt6_qml_QtQuick_Controls_FluentWinUI3["FluentWinUI3"]\n    node_venv_lib_python3_12_site-packages_PyQt6_Qt6_qml_QtQuick_Controls_FluentWinUI3 --> node_venv_lib_python3_12_site-packages_PyQt6_Qt6_qml_QtQuick_Controls_FluentWinUI3_dark["dark"]\n    node_venv_lib_python3_12_site-packages_PyQt6_Qt6_qml_QtQuick_Controls_FluentWinUI3_dark --> node_venv_lib_python3_12_site-packages_PyQt6_Qt6_qml_QtQuick_Controls_FluentWinUI3_dark_images["images"]\n    node_venv_lib_python3_12_site-packages_PyQt6_Qt6_qml_QtQuick_Controls_FluentWinUI3_dark_images --> node_venv_lib_python3_12_site-packages_PyQt6_Qt6_qml_QtQuick_Controls_FluentWinUI3_dark_images_spinbox-background-down-hovered@3x_png["spinbox-background-down-hovered@3x.png"]\n    Root --> node_venv["venv"]\n    node_venv --> node_venv_lib["lib"]\n    node_venv_lib --> node_venv_lib_python3_12["python3.12"]\n    node_venv_lib_python3_12 --> node_venv_lib_python3_12_site-packages["site-packages"]\n    node_venv_lib_python3_12_site-packages --> node_venv_lib_python3_12_site-packages_PyQt6["PyQt6"]\n    node_venv_lib_python3_12_site-packages_PyQt6 --> node_venv_lib_python3_12_site-packages_PyQt6_Qt6["Qt6"]\n    node_venv_lib_python3_12_site-packages_PyQt6_Qt6 --> node_venv_lib_python3_12_site-packages_PyQt6_Qt6_qml["qml"]\n    node_venv_lib_python3_12_site-packages_PyQt6_Qt6_qml --> node_venv_lib_python3_12_site-packages_PyQt6_Qt6_qml_QtQuick["QtQuick"]\n    node_venv_lib_python3_12_site-packages_PyQt6_Qt6_qml_QtQuick --> node_venv_lib_python3_12_site-packages_PyQt6_Qt6_qml_QtQuick_Controls["Controls"]\n    node_venv_lib_python3_12_site-packages_PyQt6_Qt6_qml_QtQuick_Controls --> node_venv_lib_python3_12_site-packages_PyQt6_Qt6_qml_QtQuick_Controls_FluentWinUI3["FluentWinUI3"]\n    node_venv_lib_python3_12_site-packages_PyQt6_Qt6_qml_QtQuick_Controls_FluentWinUI3 --> node_venv_lib_python3_12_site-packages_PyQt6_Qt6_qml_QtQuick_Controls_FluentWinUI3_dark["dark"]\n    node_venv_lib_python3_12_site-packages_PyQt6_Qt6_qml_QtQuick_Controls_FluentWinUI3_dark --> node_venv_lib_python3_12_site-packages_PyQt6_Qt6_qml_QtQuick_Controls_FluentWinUI3_dark_images["images"]\n    node_venv_lib_python3_12_site-packages_PyQt6_Qt6_qml_QtQuick_Controls_FluentWinUI3_dark_images --> node_venv_lib_python3_12_site-packages_PyQt6_Qt6_qml_QtQuick_Controls_FluentWinUI3_dark_images_spinbox-background-down-pressed_png["spinbox-background-down-pressed.png"]\n    Root --> node_venv["venv"]\n    node_venv --> node_venv_lib["lib"]\n    node_venv_lib --> node_venv_lib_python3_12["python3.12"]\n    node_venv_lib_python3_12 --> node_venv_lib_python3_12_site-packages["site-packages"]\n    node_venv_lib_python3_12_site-packages --> node_venv_lib_python3_12_site-packages_PyQt6["PyQt6"]\n    node_venv_lib_python3_12_site-packages_PyQt6 --> node_venv_lib_python3_12_site-packages_PyQt6_Qt6["Qt6"]\n    node_venv_lib_python3_12_site-packages_PyQt6_Qt6 --> node_venv_lib_python3_12_site-packages_PyQt6_Qt6_qml["qml"]\n    node_venv_lib_python3_12_site-packages_PyQt6_Qt6_qml --> node_venv_lib_python3_12_site-packages_PyQt6_Qt6_qml_QtQuick["QtQuick"]\n    node_venv_lib_python3_12_site-packages_PyQt6_Qt6_qml_QtQuick --> node_venv_lib_python3_12_site-packages_PyQt6_Qt6_qml_QtQuick_Controls["Controls"]\n    node_venv_lib_python3_12_site-packages_PyQt6_Qt6_qml_QtQuick_Controls --> node_venv_lib_python3_12_site-packages_PyQt6_Qt6_qml_QtQuick_Controls_FluentWinUI3["FluentWinUI3"]\n    node_venv_lib_python3_12_site-packages_PyQt6_Qt6_qml_QtQuick_Controls_FluentWinUI3 --> node_venv_lib_python3_12_site-packages_PyQt6_Qt6_qml_QtQuick_Controls_FluentWinUI3_dark["dark"]\n    node_venv_lib_python3_12_site-packages_PyQt6_Qt6_qml_QtQuick_Controls_FluentWinUI3_dark --> node_venv_lib_python3_12_site-packages_PyQt6_Qt6_qml_QtQuick_Controls_FluentWinUI3_dark_images["images"]\n    node_venv_lib_python3_12_site-packages_PyQt6_Qt6_qml_QtQuick_Controls_FluentWinUI3_dark_images --> node_venv_lib_python3_12_site-packages_PyQt6_Qt6_qml_QtQuick_Controls_FluentWinUI3_dark_images_spinbox-background-down-pressed@2x_png["spinbox-background-down-pressed@2x.png"]\n    Root --> node_venv["venv"]\n    node_venv --> node_venv_lib["lib"]\n    node_venv_lib --> node_venv_lib_python3_12["python3.12"]\n    node_venv_lib_python3_12 --> node_venv_lib_python3_12_site-packages["site-packages"]\n    node_venv_lib_python3_12_site-packages --> node_venv_lib_python3_12_site-packages_PyQt6["PyQt6"]\n    node_venv_lib_python3_12_site-packages_PyQt6 --> node_venv_lib_python3_12_site-packages_PyQt6_Qt6["Qt6"]\n    node_venv_lib_python3_12_site-packages_PyQt6_Qt6 --> node_venv_lib_python3_12_site-packages_PyQt6_Qt6_qml["qml"]\n    node_venv_lib_python3_12_site-packages_PyQt6_Qt6_qml --> node_venv_lib_python3_12_site-packages_PyQt6_Qt6_qml_QtQuick["QtQuick"]\n    node_venv_lib_python3_12_site-packages_PyQt6_Qt6_qml_QtQuick --> node_venv_lib_python3_12_site-packages_PyQt6_Qt6_qml_QtQuick_Controls["Controls"]\n    node_venv_lib_python3_12_site-packages_PyQt6_Qt6_qml_QtQuick_Controls --> node_venv_lib_python3_12_site-packages_PyQt6_Qt6_qml_QtQuick_Controls_FluentWinUI3["FluentWinUI3"]\n    node_venv_lib_python3_12_site-packages_PyQt6_Qt6_qml_QtQuick_Controls_FluentWinUI3 --> node_venv_lib_python3_12_site-packages_PyQt6_Qt6_qml_QtQuick_Controls_FluentWinUI3_dark["dark"]\n    node_venv_lib_python3_12_site-packages_PyQt6_Qt6_qml_QtQuick_Controls_FluentWinUI3_dark --> node_venv_lib_python3_12_site-packages_PyQt6_Qt6_qml_QtQuick_Controls_FluentWinUI3_dark_images["images"]\n    node_venv_lib_python3_12_site-packages_PyQt6_Qt6_qml_QtQuick_Controls_FluentWinUI3_dark_images --> node_venv_lib_python3_12_site-packages_PyQt6_Qt6_qml_QtQuick_Controls_FluentWinUI3_dark_images_spinbox-background-down-pressed@3x_png["spinbox-background-down-pressed@3x.png"]\n    Root --> node_venv["venv"]\n    node_venv --> node_venv_lib["lib"]\n    node_venv_lib --> node_venv_lib_python3_12["python3.12"]\n    node_venv_lib_python3_12 --> node_venv_lib_python3_12_site-packages["site-packages"]\n    node_venv_lib_python3_12_site-packages --> node_venv_lib_python3_12_site-packages_PyQt6["PyQt6"]\n    node_venv_lib_python3_12_site-packages_PyQt6 --> node_venv_lib_python3_12_site-packages_PyQt6_Qt6["Qt6"]\n    node_venv_lib_python3_12_site-packages_PyQt6_Qt6 --> node_venv_lib_python3_12_site-packages_PyQt6_Qt6_qml["qml"]\n    node_venv_lib_python3_12_site-packages_PyQt6_Qt6_qml --> node_venv_lib_python3_12_site-packages_PyQt6_Qt6_qml_QtQuick["QtQuick"]\n    node_venv_lib_python3_12_site-packages_PyQt6_Qt6_qml_QtQuick --> node_venv_lib_python3_12_site-packages_PyQt6_Qt6_qml_QtQuick_Controls["Controls"]\n    node_venv_lib_python3_12_site-packages_PyQt6_Qt6_qml_QtQuick_Controls --> node_venv_lib_python3_12_site-packages_PyQt6_Qt6_qml_QtQuick_Controls_FluentWinUI3["FluentWinUI3"]\n    node_venv_lib_python3_12_site-packages_PyQt6_Qt6_qml_QtQuick_Controls_FluentWinUI3 --> node_venv_lib_python3_12_site-packages_PyQt6_Qt6_qml_QtQuick_Controls_FluentWinUI3_dark["dark"]\n    node_venv_lib_python3_12_site-packages_PyQt6_Qt6_qml_QtQuick_Controls_FluentWinUI3_dark --> node_venv_lib_python3_12_site-packages_PyQt6_Qt6_qml_QtQuick_Controls_FluentWinUI3_dark_images["images"]\n    node_venv_lib_python3_12_site-packages_PyQt6_Qt6_qml_QtQuick_Controls_FluentWinUI3_dark_images --> node_venv_lib_python3_12_site-packages_PyQt6_Qt6_qml_QtQuick_Controls_FluentWinUI3_dark_images_spinbox-background-hovered_png["spinbox-background-hovered.png"]\n    Root --> node_venv["venv"]\n    node_venv --> node_venv_lib["lib"]\n    node_venv_lib --> node_venv_lib_python3_12["python3.12"]\n    node_venv_lib_python3_12 --> node_venv_lib_python3_12_site-packages["site-packages"]\n    node_venv_lib_python3_12_site-packages --> node_venv_lib_python3_12_site-packages_PyQt6["PyQt6"]\n    node_venv_lib_python3_12_site-packages_PyQt6 --> node_venv_lib_python3_12_site-packages_PyQt6_Qt6["Qt6"]\n    node_venv_lib_python3_12_site-packages_PyQt6_Qt6 --> node_venv_lib_python3_12_site-packages_PyQt6_Qt6_qml["qml"]\n    node_venv_lib_python3_12_site-packages_PyQt6_Qt6_qml --> node_venv_lib_python3_12_site-packages_PyQt6_Qt6_qml_QtQuick["QtQuick"]\n    node_venv_lib_python3_12_site-packages_PyQt6_Qt6_qml_QtQuick --> node_venv_lib_python3_12_site-packages_PyQt6_Qt6_qml_QtQuick_Controls["Controls"]\n    node_venv_lib_python3_12_site-packages_PyQt6_Qt6_qml_QtQuick_Controls --> node_venv_lib_python3_12_site-packages_PyQt6_Qt6_qml_QtQuick_Controls_FluentWinUI3["FluentWinUI3"]\n    node_venv_lib_python3_12_site-packages_PyQt6_Qt6_qml_QtQuick_Controls_FluentWinUI3 --> node_venv_lib_python3_12_site-packages_PyQt6_Qt6_qml_QtQuick_Controls_FluentWinUI3_dark["dark"]\n    node_venv_lib_python3_12_site-packages_PyQt6_Qt6_qml_QtQuick_Controls_FluentWinUI3_dark --> node_venv_lib_python3_12_site-packages_PyQt6_Qt6_qml_QtQuick_Controls_FluentWinUI3_dark_images["images"]\n    node_venv_lib_python3_12_site-packages_PyQt6_Qt6_qml_QtQuick_Controls_FluentWinUI3_dark_images --> node_venv_lib_python3_12_site-packages_PyQt6_Qt6_qml_QtQuick_Controls_FluentWinUI3_dark_images_spinbox-background-hovered@2x_png["spinbox-background-hovered@2x.png"]\n    Root --> node_venv["venv"]\n    node_venv --> node_venv_lib["lib"]\n    node_venv_lib --> node_venv_lib_python3_12["python3.12"]\n    node_venv_lib_python3_12 --> node_venv_lib_python3_12_site-packages["site-packages"]\n    node_venv_lib_python3_12_site-packages --> node_venv_lib_python3_12_site-packages_PyQt6["PyQt6"]\n    node_venv_lib_python3_12_site-packages_PyQt6 --> node_venv_lib_python3_12_site-packages_PyQt6_Qt6["Qt6"]\n    node_venv_lib_python3_12_site-packages_PyQt6_Qt6 --> node_venv_lib_python3_12_site-packages_PyQt6_Qt6_qml["qml"]\n    node_venv_lib_python3_12_site-packages_PyQt6_Qt6_qml --> node_venv_lib_python3_12_site-packages_PyQt6_Qt6_qml_QtQuick["QtQuick"]\n    node_venv_lib_python3_12_site-packages_PyQt6_Qt6_qml_QtQuick --> node_venv_lib_python3_12_site-packages_PyQt6_Qt6_qml_QtQuick_Controls["Controls"]\n    node_venv_lib_python3_12_site-packages_PyQt6_Qt6_qml_QtQuick_Controls --> node_venv_lib_python3_12_site-packages_PyQt6_Qt6_qml_QtQuick_Controls_FluentWinUI3["FluentWinUI3"]\n    node_venv_lib_python3_12_site-packages_PyQt6_Qt6_qml_QtQuick_Controls_FluentWinUI3 --> node_venv_lib_python3_12_site-packages_PyQt6_Qt6_qml_QtQuick_Controls_FluentWinUI3_dark["dark"]\n    node_venv_lib_python3_12_site-packages_PyQt6_Qt6_qml_QtQuick_Controls_FluentWinUI3_dark --> node_venv_lib_python3_12_site-packages_PyQt6_Qt6_qml_QtQuick_Controls_FluentWinUI3_dark_images["images"]\n    node_venv_lib_python3_12_site-packages_PyQt6_Qt6_qml_QtQuick_Controls_FluentWinUI3_dark_images --> node_venv_lib_python3_12_site-packages_PyQt6_Qt6_qml_QtQuick_Controls_FluentWinUI3_dark_images_spinbox-background-hovered@3x_png["spinbox-background-hovered@3x.png"]\n    Root --> node_venv["venv"]\n    node_venv --> node_venv_lib["lib"]\n    node_venv_lib --> node_venv_lib_python3_12["python3.12"]\n    node_venv_lib_python3_12 --> node_venv_lib_python3_12_site-packages["site-packages"]\n    node_venv_lib_python3_12_site-packages --> node_venv_lib_python3_12_site-packages_PyQt6["PyQt6"]\n    node_venv_lib_python3_12_site-packages_PyQt6 --> node_venv_lib_python3_12_site-packages_PyQt6_Qt6["Qt6"]\n    node_venv_lib_python3_12_site-packages_PyQt6_Qt6 --> node_venv_lib_python3_12_site-packages_PyQt6_Qt6_qml["qml"]\n    node_venv_lib_python3_12_site-packages_PyQt6_Qt6_qml --> node_venv_lib_python3_12_site-packages_PyQt6_Qt6_qml_QtQuick["QtQuick"]\n    node_venv_lib_python3_12_site-packages_PyQt6_Qt6_qml_QtQuick --> node_venv_lib_python3_12_site-packages_PyQt6_Qt6_qml_QtQuick_Controls["Controls"]\n    node_venv_lib_python3_12_site-packages_PyQt6_Qt6_qml_QtQuick_Controls --> node_venv_lib_python3_12_site-packages_PyQt6_Qt6_qml_QtQuick_Controls_FluentWinUI3["FluentWinUI3"]\n    node_venv_lib_python3_12_site-packages_PyQt6_Qt6_qml_QtQuick_Controls_FluentWinUI3 --> node_venv_lib_python3_12_site-packages_PyQt6_Qt6_qml_QtQuick_Controls_FluentWinUI3_dark["dark"]\n    node_venv_lib_python3_12_site-packages_PyQt6_Qt6_qml_QtQuick_Controls_FluentWinUI3_dark --> node_venv_lib_python3_12_site-packages_PyQt6_Qt6_qml_QtQuick_Controls_FluentWinUI3_dark_images["images"]\n    node_venv_lib_python3_12_site-packages_PyQt6_Qt6_qml_QtQuick_Controls_FluentWinUI3_dark_images --> node_venv_lib_python3_12_site-packages_PyQt6_Qt6_qml_QtQuick_Controls_FluentWinUI3_dark_images_spinbox-background-up-hovered_png["spinbox-background-up-hovered.png"]\n    Root --> node_venv["venv"]\n    node_venv --> node_venv_lib["lib"]\n    node_venv_lib --> node_venv_lib_python3_12["python3.12"]\n    node_venv_lib_python3_12 --> node_venv_lib_python3_12_site-packages["site-packages"]\n    node_venv_lib_python3_12_site-packages --> node_venv_lib_python3_12_site-packages_PyQt6["PyQt6"]\n    node_venv_lib_python3_12_site-packages_PyQt6 --> node_venv_lib_python3_12_site-packages_PyQt6_Qt6["Qt6"]\n    node_venv_lib_python3_12_site-packages_PyQt6_Qt6 --> node_venv_lib_python3_12_site-packages_PyQt6_Qt6_qml["qml"]\n    node_venv_lib_python3_12_site-packages_PyQt6_Qt6_qml --> node_venv_lib_python3_12_site-packages_PyQt6_Qt6_qml_QtQuick["QtQuick"]\n    node_venv_lib_python3_12_site-packages_PyQt6_Qt6_qml_QtQuick --> node_venv_lib_python3_12_site-packages_PyQt6_Qt6_qml_QtQuick_Controls["Controls"]\n    node_venv_lib_python3_12_site-packages_PyQt6_Qt6_qml_QtQuick_Controls --> node_venv_lib_python3_12_site-packages_PyQt6_Qt6_qml_QtQuick_Controls_FluentWinUI3["FluentWinUI3"]\n    node_venv_lib_python3_12_site-packages_PyQt6_Qt6_qml_QtQuick_Controls_FluentWinUI3 --> node_venv_lib_python3_12_site-packages_PyQt6_Qt6_qml_QtQuick_Controls_FluentWinUI3_dark["dark"]\n    node_venv_lib_python3_12_site-packages_PyQt6_Qt6_qml_QtQuick_Controls_FluentWinUI3_dark --> node_venv_lib_python3_12_site-packages_PyQt6_Qt6_qml_QtQuick_Controls_FluentWinUI3_dark_images["images"]\n    node_venv_lib_python3_12_site-packages_PyQt6_Qt6_qml_QtQuick_Controls_FluentWinUI3_dark_images --> node_venv_lib_python3_12_site-packages_PyQt6_Qt6_qml_QtQuick_Controls_FluentWinUI3_dark_images_spinbox-background-up-hovered@2x_png["spinbox-background-up-hovered@2x.png"]\n    Root --> node_venv["venv"]\n    node_venv --> node_venv_lib["lib"]\n    node_venv_lib --> node_venv_lib_python3_12["python3.12"]\n    node_venv_lib_python3_12 --> node_venv_lib_python3_12_site-packages["site-packages"]\n    node_venv_lib_python3_12_site-packages --> node_venv_lib_python3_12_site-packages_PyQt6["PyQt6"]\n    node_venv_lib_python3_12_site-packages_PyQt6 --> node_venv_lib_python3_12_site-packages_PyQt6_Qt6["Qt6"]\n    node_venv_lib_python3_12_site-packages_PyQt6_Qt6 --> node_venv_lib_python3_12_site-packages_PyQt6_Qt6_qml["qml"]\n    node_venv_lib_python3_12_site-packages_PyQt6_Qt6_qml --> node_venv_lib_python3_12_site-packages_PyQt6_Qt6_qml_QtQuick["QtQuick"]\n    node_venv_lib_python3_12_site-packages_PyQt6_Qt6_qml_QtQuick --> node_venv_lib_python3_12_site-packages_PyQt6_Qt6_qml_QtQuick_Controls["Controls"]\n    node_venv_lib_python3_12_site-packages_PyQt6_Qt6_qml_QtQuick_Controls --> node_venv_lib_python3_12_site-packages_PyQt6_Qt6_qml_QtQuick_Controls_FluentWinUI3["FluentWinUI3"]\n    node_venv_lib_python3_12_site-packages_PyQt6_Qt6_qml_QtQuick_Controls_FluentWinUI3 --> node_venv_lib_python3_12_site-packages_PyQt6_Qt6_qml_QtQuick_Controls_FluentWinUI3_dark["dark"]\n    node_venv_lib_python3_12_site-packages_PyQt6_Qt6_qml_QtQuick_Controls_FluentWinUI3_dark --> node_venv_lib_python3_12_site-packages_PyQt6_Qt6_qml_QtQuick_Controls_FluentWinUI3_dark_images["images"]\n    node_venv_lib_python3_12_site-packages_PyQt6_Qt6_qml_QtQuick_Controls_FluentWinUI3_dark_images --> node_venv_lib_python3_12_site-packages_PyQt6_Qt6_qml_QtQuick_Controls_FluentWinUI3_dark_images_spinbox-background-up-hovered@3x_png["spinbox-background-up-hovered@3x.png"]\n    Root --> node_venv["venv"]\n    node_venv --> node_venv_lib["lib"]\n    node_venv_lib --> node_venv_lib_python3_12["python3.12"]\n    node_venv_lib_python3_12 --> node_venv_lib_python3_12_site-packages["site-packages"]\n    node_venv_lib_python3_12_site-packages --> node_venv_lib_python3_12_site-packages_PyQt6["PyQt6"]\n    node_venv_lib_python3_12_site-packages_PyQt6 --> node_venv_lib_python3_12_site-packages_PyQt6_Qt6["Qt6"]\n    node_venv_lib_python3_12_site-packages_PyQt6_Qt6 --> node_venv_lib_python3_12_site-packages_PyQt6_Qt6_qml["qml"]\n    node_venv_lib_python3_12_site-packages_PyQt6_Qt6_qml --> node_venv_lib_python3_12_site-packages_PyQt6_Qt6_qml_QtQuick["QtQuick"]\n    node_venv_lib_python3_12_site-packages_PyQt6_Qt6_qml_QtQuick --> node_venv_lib_python3_12_site-packages_PyQt6_Qt6_qml_QtQuick_Controls["Controls"]\n    node_venv_lib_python3_12_site-packages_PyQt6_Qt6_qml_QtQuick_Controls --> node_venv_lib_python3_12_site-packages_PyQt6_Qt6_qml_QtQuick_Controls_FluentWinUI3["FluentWinUI3"]\n    node_venv_lib_python3_12_site-packages_PyQt6_Qt6_qml_QtQuick_Controls_FluentWinUI3 --> node_venv_lib_python3_12_site-packages_PyQt6_Qt6_qml_QtQuick_Controls_FluentWinUI3_dark["dark"]\n    node_venv_lib_python3_12_site-packages_PyQt6_Qt6_qml_QtQuick_Controls_FluentWinUI3_dark --> node_venv_lib_python3_12_site-packages_PyQt6_Qt6_qml_QtQuick_Controls_FluentWinUI3_dark_images["images"]\n    node_venv_lib_python3_12_site-packages_PyQt6_Qt6_qml_QtQuick_Controls_FluentWinUI3_dark_images --> node_venv_lib_python3_12_site-packages_PyQt6_Qt6_qml_QtQuick_Controls_FluentWinUI3_dark_images_spinbox-background-up-pressed_png["spinbox-background-up-pressed.png"]\n    Root --> node_venv["venv"]\n    node_venv --> node_venv_lib["lib"]\n    node_venv_lib --> node_venv_lib_python3_12["python3.12"]\n    node_venv_lib_python3_12 --> node_venv_lib_python3_12_site-packages["site-packages"]\n    node_venv_lib_python3_12_site-packages --> node_venv_lib_python3_12_site-packages_PyQt6["PyQt6"]\n    node_venv_lib_python3_12_site-packages_PyQt6 --> node_venv_lib_python3_12_site-packages_PyQt6_Qt6["Qt6"]\n    node_venv_lib_python3_12_site-packages_PyQt6_Qt6 --> node_venv_lib_python3_12_site-packages_PyQt6_Qt6_qml["qml"]\n    node_venv_lib_python3_12_site-packages_PyQt6_Qt6_qml --> node_venv_lib_python3_12_site-packages_PyQt6_Qt6_qml_QtQuick["QtQuick"]\n    node_venv_lib_python3_12_site-packages_PyQt6_Qt6_qml_QtQuick --> node_venv_lib_python3_12_site-packages_PyQt6_Qt6_qml_QtQuick_Controls["Controls"]\n    node_venv_lib_python3_12_site-packages_PyQt6_Qt6_qml_QtQuick_Controls --> node_venv_lib_python3_12_site-packages_PyQt6_Qt6_qml_QtQuick_Controls_FluentWinUI3["FluentWinUI3"]\n    node_venv_lib_python3_12_site-packages_PyQt6_Qt6_qml_QtQuick_Controls_FluentWinUI3 --> node_venv_lib_python3_12_site-packages_PyQt6_Qt6_qml_QtQuick_Controls_FluentWinUI3_dark["dark"]\n    node_venv_lib_python3_12_site-packages_PyQt6_Qt6_qml_QtQuick_Controls_FluentWinUI3_dark --> node_venv_lib_python3_12_site-packages_PyQt6_Qt6_qml_QtQuick_Controls_FluentWinUI3_dark_images["images"]\n    node_venv_lib_python3_12_site-packages_PyQt6_Qt6_qml_QtQuick_Controls_FluentWinUI3_dark_images --> node_venv_lib_python3_12_site-packages_PyQt6_Qt6_qml_QtQuick_Controls_FluentWinUI3_dark_images_spinbox-background-up-pressed@2x_png["spinbox-background-up-pressed@2x.png"]\n    Root --> node_venv["venv"]\n    node_venv --> node_venv_lib["lib"]\n    node_venv_lib --> node_venv_lib_python3_12["python3.12"]\n    node_venv_lib_python3_12 --> node_venv_lib_python3_12_site-packages["site-packages"]\n    node_venv_lib_python3_12_site-packages --> node_venv_lib_python3_12_site-packages_PyQt6["PyQt6"]\n    node_venv_lib_python3_12_site-packages_PyQt6 --> node_venv_lib_python3_12_site-packages_PyQt6_Qt6["Qt6"]\n    node_venv_lib_python3_12_site-packages_PyQt6_Qt6 --> node_venv_lib_python3_12_site-packages_PyQt6_Qt6_qml["qml"]\n    node_venv_lib_python3_12_site-packages_PyQt6_Qt6_qml --> node_venv_lib_python3_12_site-packages_PyQt6_Qt6_qml_QtQuick["QtQuick"]\n    node_venv_lib_python3_12_site-packages_PyQt6_Qt6_qml_QtQuick --> node_venv_lib_python3_12_site-packages_PyQt6_Qt6_qml_QtQuick_Controls["Controls"]\n    node_venv_lib_python3_12_site-packages_PyQt6_Qt6_qml_QtQuick_Controls --> node_venv_lib_python3_12_site-packages_PyQt6_Qt6_qml_QtQuick_Controls_FluentWinUI3["FluentWinUI3"]\n    node_venv_lib_python3_12_site-packages_PyQt6_Qt6_qml_QtQuick_Controls_FluentWinUI3 --> node_venv_lib_python3_12_site-packages_PyQt6_Qt6_qml_QtQuick_Controls_FluentWinUI3_dark["dark"]\n    node_venv_lib_python3_12_site-packages_PyQt6_Qt6_qml_QtQuick_Controls_FluentWinUI3_dark --> node_venv_lib_python3_12_site-packages_PyQt6_Qt6_qml_QtQuick_Controls_FluentWinUI3_dark_images["images"]\n    node_venv_lib_python3_12_site-packages_PyQt6_Qt6_qml_QtQuick_Controls_FluentWinUI3_dark_images --> node_venv_lib_python3_12_site-packages_PyQt6_Qt6_qml_QtQuick_Controls_FluentWinUI3_dark_images_spinbox-background-up-pressed@3x_png["spinbox-background-up-pressed@3x.png"]\n    Root --> node_venv["venv"]\n    node_venv --> node_venv_lib["lib"]\n    node_venv_lib --> node_venv_lib_python3_12["python3.12"]\n    node_venv_lib_python3_12 --> node_venv_lib_python3_12_site-packages["site-packages"]\n    node_venv_lib_python3_12_site-packages --> node_venv_lib_python3_12_site-packages_PyQt6["PyQt6"]\n    node_venv_lib_python3_12_site-packages_PyQt6 --> node_venv_lib_python3_12_site-packages_PyQt6_Qt6["Qt6"]\n    node_venv_lib_python3_12_site-packages_PyQt6_Qt6 --> node_venv_lib_python3_12_site-packages_PyQt6_Qt6_qml["qml"]\n    node_venv_lib_python3_12_site-packages_PyQt6_Qt6_qml --> node_venv_lib_python3_12_site-packages_PyQt6_Qt6_qml_QtQuick["QtQuick"]\n    node_venv_lib_python3_12_site-packages_PyQt6_Qt6_qml_QtQuick --> node_venv_lib_python3_12_site-packages_PyQt6_Qt6_qml_QtQuick_Controls["Controls"]\n    node_venv_lib_python3_12_site-packages_PyQt6_Qt6_qml_QtQuick_Controls --> node_venv_lib_python3_12_site-packages_PyQt6_Qt6_qml_QtQuick_Controls_FluentWinUI3["FluentWinUI3"]\n    node_venv_lib_python3_12_site-packages_PyQt6_Qt6_qml_QtQuick_Controls_FluentWinUI3 --> node_venv_lib_python3_12_site-packages_PyQt6_Qt6_qml_QtQuick_Controls_FluentWinUI3_dark["dark"]\n    node_venv_lib_python3_12_site-packages_PyQt6_Qt6_qml_QtQuick_Controls_FluentWinUI3_dark --> node_venv_lib_python3_12_site-packages_PyQt6_Qt6_qml_QtQuick_Controls_FluentWinUI3_dark_images["images"]\n    node_venv_lib_python3_12_site-packages_PyQt6_Qt6_qml_QtQuick_Controls_FluentWinUI3_dark_images --> node_venv_lib_python3_12_site-packages_PyQt6_Qt6_qml_QtQuick_Controls_FluentWinUI3_dark_images_spinbox-background_png["spinbox-background.png"]\n    Root --> node_venv["venv"]\n    node_venv --> node_venv_lib["lib"]\n    node_venv_lib --> node_venv_lib_python3_12["python3.12"]\n    node_venv_lib_python3_12 --> node_venv_lib_python3_12_site-packages["site-packages"]\n    node_venv_lib_python3_12_site-packages --> node_venv_lib_python3_12_site-packages_PyQt6["PyQt6"]\n    node_venv_lib_python3_12_site-packages_PyQt6 --> node_venv_lib_python3_12_site-packages_PyQt6_Qt6["Qt6"]\n    node_venv_lib_python3_12_site-packages_PyQt6_Qt6 --> node_venv_lib_python3_12_site-packages_PyQt6_Qt6_qml["qml"]\n    node_venv_lib_python3_12_site-packages_PyQt6_Qt6_qml --> node_venv_lib_python3_12_site-packages_PyQt6_Qt6_qml_QtQuick["QtQuick"]\n    node_venv_lib_python3_12_site-packages_PyQt6_Qt6_qml_QtQuick --> node_venv_lib_python3_12_site-packages_PyQt6_Qt6_qml_QtQuick_Controls["Controls"]\n    node_venv_lib_python3_12_site-packages_PyQt6_Qt6_qml_QtQuick_Controls --> node_venv_lib_python3_12_site-packages_PyQt6_Qt6_qml_QtQuick_Controls_FluentWinUI3["FluentWinUI3"]\n    node_venv_lib_python3_12_site-packages_PyQt6_Qt6_qml_QtQuick_Controls_FluentWinUI3 --> node_venv_lib_python3_12_site-packages_PyQt6_Qt6_qml_QtQuick_Controls_FluentWinUI3_dark["dark"]\n    node_venv_lib_python3_12_site-packages_PyQt6_Qt6_qml_QtQuick_Controls_FluentWinUI3_dark --> node_venv_lib_python3_12_site-packages_PyQt6_Qt6_qml_QtQuick_Controls_FluentWinUI3_dark_images["images"]\n    node_venv_lib_python3_12_site-packages_PyQt6_Qt6_qml_QtQuick_Controls_FluentWinUI3_dark_images --> node_venv_lib_python3_12_site-packages_PyQt6_Qt6_qml_QtQuick_Controls_FluentWinUI3_dark_images_spinbox-background@2x_png["spinbox-background@2x.png"]\n    Root --> node_venv["venv"]\n    node_venv --> node_venv_lib["lib"]\n    node_venv_lib --> node_venv_lib_python3_12["python3.12"]\n    node_venv_lib_python3_12 --> node_venv_lib_python3_12_site-packages["site-packages"]\n    node_venv_lib_python3_12_site-packages --> node_venv_lib_python3_12_site-packages_PyQt6["PyQt6"]\n    node_venv_lib_python3_12_site-packages_PyQt6 --> node_venv_lib_python3_12_site-packages_PyQt6_Qt6["Qt6"]\n    node_venv_lib_python3_12_site-packages_PyQt6_Qt6 --> node_venv_lib_python3_12_site-packages_PyQt6_Qt6_qml["qml"]\n    node_venv_lib_python3_12_site-packages_PyQt6_Qt6_qml --> node_venv_lib_python3_12_site-packages_PyQt6_Qt6_qml_QtQuick["QtQuick"]\n    node_venv_lib_python3_12_site-packages_PyQt6_Qt6_qml_QtQuick --> node_venv_lib_python3_12_site-packages_PyQt6_Qt6_qml_QtQuick_Controls["Controls"]\n    node_venv_lib_python3_12_site-packages_PyQt6_Qt6_qml_QtQuick_Controls --> node_venv_lib_python3_12_site-packages_PyQt6_Qt6_qml_QtQuick_Controls_FluentWinUI3["FluentWinUI3"]\n    node_venv_lib_python3_12_site-packages_PyQt6_Qt6_qml_QtQuick_Controls_FluentWinUI3 --> node_venv_lib_python3_12_site-packages_PyQt6_Qt6_qml_QtQuick_Controls_FluentWinUI3_dark["dark"]\n    node_venv_lib_python3_12_site-packages_PyQt6_Qt6_qml_QtQuick_Controls_FluentWinUI3_dark --> node_venv_lib_python3_12_site-packages_PyQt6_Qt6_qml_QtQuick_Controls_FluentWinUI3_dark_images["images"]\n    node_venv_lib_python3_12_site-packages_PyQt6_Qt6_qml_QtQuick_Controls_FluentWinUI3_dark_images --> node_venv_lib_python3_12_site-packages_PyQt6_Qt6_qml_QtQuick_Controls_FluentWinUI3_dark_images_spinbox-background@3x_png["spinbox-background@3x.png"]\n    Root --> node_venv["venv"]\n    node_venv --> node_venv_lib["lib"]\n    node_venv_lib --> node_venv_lib_python3_12["python3.12"]\n    node_venv_lib_python3_12 --> node_venv_lib_python3_12_site-packages["site-packages"]\n    node_venv_lib_python3_12_site-packages --> node_venv_lib_python3_12_site-packages_PyQt6["PyQt6"]\n    node_venv_lib_python3_12_site-packages_PyQt6 --> node_venv_lib_python3_12_site-packages_PyQt6_Qt6["Qt6"]\n    node_venv_lib_python3_12_site-packages_PyQt6_Qt6 --> node_venv_lib_python3_12_site-packages_PyQt6_Qt6_qml["qml"]\n    node_venv_lib_python3_12_site-packages_PyQt6_Qt6_qml --> node_venv_lib_python3_12_site-packages_PyQt6_Qt6_qml_QtQuick["QtQuick"]\n    node_venv_lib_python3_12_site-packages_PyQt6_Qt6_qml_QtQuick --> node_venv_lib_python3_12_site-packages_PyQt6_Qt6_qml_QtQuick_Controls["Controls"]\n    node_venv_lib_python3_12_site-packages_PyQt6_Qt6_qml_QtQuick_Controls --> node_venv_lib_python3_12_site-packages_PyQt6_Qt6_qml_QtQuick_Controls_FluentWinUI3["FluentWinUI3"]\n    node_venv_lib_python3_12_site-packages_PyQt6_Qt6_qml_QtQuick_Controls_FluentWinUI3 --> node_venv_lib_python3_12_site-packages_PyQt6_Qt6_qml_QtQuick_Controls_FluentWinUI3_dark["dark"]\n    node_venv_lib_python3_12_site-packages_PyQt6_Qt6_qml_QtQuick_Controls_FluentWinUI3_dark --> node_venv_lib_python3_12_site-packages_PyQt6_Qt6_qml_QtQuick_Controls_FluentWinUI3_dark_images["images"]\n    node_venv_lib_python3_12_site-packages_PyQt6_Qt6_qml_QtQuick_Controls_FluentWinUI3_dark_images --> node_venv_lib_python3_12_site-packages_PyQt6_Qt6_qml_QtQuick_Controls_FluentWinUI3_dark_images_spinbox-indicator-down-background-atlimit_png["spinbox-indicator-down-background-atlimit.png"]\n    Root --> node_venv["venv"]\n    node_venv --> node_venv_lib["lib"]\n    node_venv_lib --> node_venv_lib_python3_12["python3.12"]\n    node_venv_lib_python3_12 --> node_venv_lib_python3_12_site-packages["site-packages"]\n    node_venv_lib_python3_12_site-packages --> node_venv_lib_python3_12_site-packages_PyQt6["PyQt6"]\n    node_venv_lib_python3_12_site-packages_PyQt6 --> node_venv_lib_python3_12_site-packages_PyQt6_Qt6["Qt6"]\n    node_venv_lib_python3_12_site-packages_PyQt6_Qt6 --> node_venv_lib_python3_12_site-packages_PyQt6_Qt6_qml["qml"]\n    node_venv_lib_python3_12_site-packages_PyQt6_Qt6_qml --> node_venv_lib_python3_12_site-packages_PyQt6_Qt6_qml_QtQuick["QtQuick"]\n    node_venv_lib_python3_12_site-packages_PyQt6_Qt6_qml_QtQuick --> node_venv_lib_python3_12_site-packages_PyQt6_Qt6_qml_QtQuick_Controls["Controls"]\n    node_venv_lib_python3_12_site-packages_PyQt6_Qt6_qml_QtQuick_Controls --> node_venv_lib_python3_12_site-packages_PyQt6_Qt6_qml_QtQuick_Controls_FluentWinUI3["FluentWinUI3"]\n    node_venv_lib_python3_12_site-packages_PyQt6_Qt6_qml_QtQuick_Controls_FluentWinUI3 --> node_venv_lib_python3_12_site-packages_PyQt6_Qt6_qml_QtQuick_Controls_FluentWinUI3_dark["dark"]\n    node_venv_lib_python3_12_site-packages_PyQt6_Qt6_qml_QtQuick_Controls_FluentWinUI3_dark --> node_venv_lib_python3_12_site-packages_PyQt6_Qt6_qml_QtQuick_Controls_FluentWinUI3_dark_images["images"]\n    node_venv_lib_python3_12_site-packages_PyQt6_Qt6_qml_QtQuick_Controls_FluentWinUI3_dark_images --> node_venv_lib_python3_12_site-packages_PyQt6_Qt6_qml_QtQuick_Controls_FluentWinUI3_dark_images_spinbox-indicator-down-background-atlimit@2x_png["spinbox-indicator-down-background-atlimit@2x.png"]\n    Root --> node_venv["venv"]\n    node_venv --> node_venv_lib["lib"]\n    node_venv_lib --> node_venv_lib_python3_12["python3.12"]\n    node_venv_lib_python3_12 --> node_venv_lib_python3_12_site-packages["site-packages"]\n    node_venv_lib_python3_12_site-packages --> node_venv_lib_python3_12_site-packages_PyQt6["PyQt6"]\n    node_venv_lib_python3_12_site-packages_PyQt6 --> node_venv_lib_python3_12_site-packages_PyQt6_Qt6["Qt6"]\n    node_venv_lib_python3_12_site-packages_PyQt6_Qt6 --> node_venv_lib_python3_12_site-packages_PyQt6_Qt6_qml["qml"]\n    node_venv_lib_python3_12_site-packages_PyQt6_Qt6_qml --> node_venv_lib_python3_12_site-packages_PyQt6_Qt6_qml_QtQuick["QtQuick"]\n    node_venv_lib_python3_12_site-packages_PyQt6_Qt6_qml_QtQuick --> node_venv_lib_python3_12_site-packages_PyQt6_Qt6_qml_QtQuick_Controls["Controls"]\n    node_venv_lib_python3_12_site-packages_PyQt6_Qt6_qml_QtQuick_Controls --> node_venv_lib_python3_12_site-packages_PyQt6_Qt6_qml_QtQuick_Controls_FluentWinUI3["FluentWinUI3"]\n    node_venv_lib_python3_12_site-packages_PyQt6_Qt6_qml_QtQuick_Controls_FluentWinUI3 --> node_venv_lib_python3_12_site-packages_PyQt6_Qt6_qml_QtQuick_Controls_FluentWinUI3_dark["dark"]\n    node_venv_lib_python3_12_site-packages_PyQt6_Qt6_qml_QtQuick_Controls_FluentWinUI3_dark --> node_venv_lib_python3_12_site-packages_PyQt6_Qt6_qml_QtQuick_Controls_FluentWinUI3_dark_images["images"]\n    node_venv_lib_python3_12_site-packages_PyQt6_Qt6_qml_QtQuick_Controls_FluentWinUI3_dark_images --> node_venv_lib_python3_12_site-packages_PyQt6_Qt6_qml_QtQuick_Controls_FluentWinUI3_dark_images_spinbox-indicator-down-background-atlimit@3x_png["spinbox-indicator-down-background-atlimit@3x.png"]\n    Root --> node_venv["venv"]\n    node_venv --> node_venv_lib["lib"]\n    node_venv_lib --> node_venv_lib_python3_12["python3.12"]\n    node_venv_lib_python3_12 --> node_venv_lib_python3_12_site-packages["site-packages"]\n    node_venv_lib_python3_12_site-packages --> node_venv_lib_python3_12_site-packages_PyQt6["PyQt6"]\n    node_venv_lib_python3_12_site-packages_PyQt6 --> node_venv_lib_python3_12_site-packages_PyQt6_Qt6["Qt6"]\n    node_venv_lib_python3_12_site-packages_PyQt6_Qt6 --> node_venv_lib_python3_12_site-packages_PyQt6_Qt6_qml["qml"]\n    node_venv_lib_python3_12_site-packages_PyQt6_Qt6_qml --> node_venv_lib_python3_12_site-packages_PyQt6_Qt6_qml_QtQuick["QtQuick"]\n    node_venv_lib_python3_12_site-packages_PyQt6_Qt6_qml_QtQuick --> node_venv_lib_python3_12_site-packages_PyQt6_Qt6_qml_QtQuick_Controls["Controls"]\n    node_venv_lib_python3_12_site-packages_PyQt6_Qt6_qml_QtQuick_Controls --> node_venv_lib_python3_12_site-packages_PyQt6_Qt6_qml_QtQuick_Controls_FluentWinUI3["FluentWinUI3"]\n    node_venv_lib_python3_12_site-packages_PyQt6_Qt6_qml_QtQuick_Controls_FluentWinUI3 --> node_venv_lib_python3_12_site-packages_PyQt6_Qt6_qml_QtQuick_Controls_FluentWinUI3_dark["dark"]\n    node_venv_lib_python3_12_site-packages_PyQt6_Qt6_qml_QtQuick_Controls_FluentWinUI3_dark --> node_venv_lib_python3_12_site-packages_PyQt6_Qt6_qml_QtQuick_Controls_FluentWinUI3_dark_images["images"]\n    node_venv_lib_python3_12_site-packages_PyQt6_Qt6_qml_QtQuick_Controls_FluentWinUI3_dark_images --> node_venv_lib_python3_12_site-packages_PyQt6_Qt6_qml_QtQuick_Controls_FluentWinUI3_dark_images_spinbox-indicator-down-background-disabled_png["spinbox-indicator-down-background-disabled.png"]\n    Root --> node_venv["venv"]\n    node_venv --> node_venv_lib["lib"]\n    node_venv_lib --> node_venv_lib_python3_12["python3.12"]\n    node_venv_lib_python3_12 --> node_venv_lib_python3_12_site-packages["site-packages"]\n    node_venv_lib_python3_12_site-packages --> node_venv_lib_python3_12_site-packages_PyQt6["PyQt6"]\n    node_venv_lib_python3_12_site-packages_PyQt6 --> node_venv_lib_python3_12_site-packages_PyQt6_Qt6["Qt6"]\n    node_venv_lib_python3_12_site-packages_PyQt6_Qt6 --> node_venv_lib_python3_12_site-packages_PyQt6_Qt6_qml["qml"]\n    node_venv_lib_python3_12_site-packages_PyQt6_Qt6_qml --> node_venv_lib_python3_12_site-packages_PyQt6_Qt6_qml_QtQuick["QtQuick"]\n    node_venv_lib_python3_12_site-packages_PyQt6_Qt6_qml_QtQuick --> node_venv_lib_python3_12_site-packages_PyQt6_Qt6_qml_QtQuick_Controls["Controls"]\n    node_venv_lib_python3_12_site-packages_PyQt6_Qt6_qml_QtQuick_Controls --> node_venv_lib_python3_12_site-packages_PyQt6_Qt6_qml_QtQuick_Controls_FluentWinUI3["FluentWinUI3"]\n    node_venv_lib_python3_12_site-packages_PyQt6_Qt6_qml_QtQuick_Controls_FluentWinUI3 --> node_venv_lib_python3_12_site-packages_PyQt6_Qt6_qml_QtQuick_Controls_FluentWinUI3_dark["dark"]\n    node_venv_lib_python3_12_site-packages_PyQt6_Qt6_qml_QtQuick_Controls_FluentWinUI3_dark --> node_venv_lib_python3_12_site-packages_PyQt6_Qt6_qml_QtQuick_Controls_FluentWinUI3_dark_images["images"]\n    node_venv_lib_python3_12_site-packages_PyQt6_Qt6_qml_QtQuick_Controls_FluentWinUI3_dark_images --> node_venv_lib_python3_12_site-packages_PyQt6_Qt6_qml_QtQuick_Controls_FluentWinUI3_dark_images_spinbox-indicator-down-background-disabled@2x_png["spinbox-indicator-down-background-disabled@2x.png"]\n    Root --> node_venv["venv"]\n    node_venv --> node_venv_lib["lib"]\n    node_venv_lib --> node_venv_lib_python3_12["python3.12"]\n    node_venv_lib_python3_12 --> node_venv_lib_python3_12_site-packages["site-packages"]\n    node_venv_lib_python3_12_site-packages --> node_venv_lib_python3_12_site-packages_PyQt6["PyQt6"]\n    node_venv_lib_python3_12_site-packages_PyQt6 --> node_venv_lib_python3_12_site-packages_PyQt6_Qt6["Qt6"]\n    node_venv_lib_python3_12_site-packages_PyQt6_Qt6 --> node_venv_lib_python3_12_site-packages_PyQt6_Qt6_qml["qml"]\n    node_venv_lib_python3_12_site-packages_PyQt6_Qt6_qml --> node_venv_lib_python3_12_site-packages_PyQt6_Qt6_qml_QtQuick["QtQuick"]\n    node_venv_lib_python3_12_site-packages_PyQt6_Qt6_qml_QtQuick --> node_venv_lib_python3_12_site-packages_PyQt6_Qt6_qml_QtQuick_Controls["Controls"]\n    node_venv_lib_python3_12_site-packages_PyQt6_Qt6_qml_QtQuick_Controls --> node_venv_lib_python3_12_site-packages_PyQt6_Qt6_qml_QtQuick_Controls_FluentWinUI3["FluentWinUI3"]\n    node_venv_lib_python3_12_site-packages_PyQt6_Qt6_qml_QtQuick_Controls_FluentWinUI3 --> node_venv_lib_python3_12_site-packages_PyQt6_Qt6_qml_QtQuick_Controls_FluentWinUI3_dark["dark"]\n    node_venv_lib_python3_12_site-packages_PyQt6_Qt6_qml_QtQuick_Controls_FluentWinUI3_dark --> node_venv_lib_python3_12_site-packages_PyQt6_Qt6_qml_QtQuick_Controls_FluentWinUI3_dark_images["images"]\n    node_venv_lib_python3_12_site-packages_PyQt6_Qt6_qml_QtQuick_Controls_FluentWinUI3_dark_images --> node_venv_lib_python3_12_site-packages_PyQt6_Qt6_qml_QtQuick_Controls_FluentWinUI3_dark_images_spinbox-indicator-down-background-disabled@3x_png["spinbox-indicator-down-background-disabled@3x.png"]\n    Root --> node_venv["venv"]\n    node_venv --> node_venv_lib["lib"]\n    node_venv_lib --> node_venv_lib_python3_12["python3.12"]\n    node_venv_lib_python3_12 --> node_venv_lib_python3_12_site-packages["site-packages"]\n    node_venv_lib_python3_12_site-packages --> node_venv_lib_python3_12_site-packages_PyQt6["PyQt6"]\n    node_venv_lib_python3_12_site-packages_PyQt6 --> node_venv_lib_python3_12_site-packages_PyQt6_Qt6["Qt6"]\n    node_venv_lib_python3_12_site-packages_PyQt6_Qt6 --> node_venv_lib_python3_12_site-packages_PyQt6_Qt6_qml["qml"]\n    node_venv_lib_python3_12_site-packages_PyQt6_Qt6_qml --> node_venv_lib_python3_12_site-packages_PyQt6_Qt6_qml_QtQuick["QtQuick"]\n    node_venv_lib_python3_12_site-packages_PyQt6_Qt6_qml_QtQuick --> node_venv_lib_python3_12_site-packages_PyQt6_Qt6_qml_QtQuick_Controls["Controls"]\n    node_venv_lib_python3_12_site-packages_PyQt6_Qt6_qml_QtQuick_Controls --> node_venv_lib_python3_12_site-packages_PyQt6_Qt6_qml_QtQuick_Controls_FluentWinUI3["FluentWinUI3"]\n    node_venv_lib_python3_12_site-packages_PyQt6_Qt6_qml_QtQuick_Controls_FluentWinUI3 --> node_venv_lib_python3_12_site-packages_PyQt6_Qt6_qml_QtQuick_Controls_FluentWinUI3_dark["dark"]\n    node_venv_lib_python3_12_site-packages_PyQt6_Qt6_qml_QtQuick_Controls_FluentWinUI3_dark --> node_venv_lib_python3_12_site-packages_PyQt6_Qt6_qml_QtQuick_Controls_FluentWinUI3_dark_images["images"]\n    node_venv_lib_python3_12_site-packages_PyQt6_Qt6_qml_QtQuick_Controls_FluentWinUI3_dark_images --> node_venv_lib_python3_12_site-packages_PyQt6_Qt6_qml_QtQuick_Controls_FluentWinUI3_dark_images_spinbox-indicator-down-background-down-hovered_png["spinbox-indicator-down-background-down-hovered.png"]\n    Root --> node_venv["venv"]\n    node_venv --> node_venv_lib["lib"]\n    node_venv_lib --> node_venv_lib_python3_12["python3.12"]\n    node_venv_lib_python3_12 --> node_venv_lib_python3_12_site-packages["site-packages"]\n    node_venv_lib_python3_12_site-packages --> node_venv_lib_python3_12_site-packages_PyQt6["PyQt6"]\n    node_venv_lib_python3_12_site-packages_PyQt6 --> node_venv_lib_python3_12_site-packages_PyQt6_Qt6["Qt6"]\n    node_venv_lib_python3_12_site-packages_PyQt6_Qt6 --> node_venv_lib_python3_12_site-packages_PyQt6_Qt6_qml["qml"]\n    node_venv_lib_python3_12_site-packages_PyQt6_Qt6_qml --> node_venv_lib_python3_12_site-packages_PyQt6_Qt6_qml_QtQuick["QtQuick"]\n    node_venv_lib_python3_12_site-packages_PyQt6_Qt6_qml_QtQuick --> node_venv_lib_python3_12_site-packages_PyQt6_Qt6_qml_QtQuick_Controls["Controls"]\n    node_venv_lib_python3_12_site-packages_PyQt6_Qt6_qml_QtQuick_Controls --> node_venv_lib_python3_12_site-packages_PyQt6_Qt6_qml_QtQuick_Controls_FluentWinUI3["FluentWinUI3"]\n    node_venv_lib_python3_12_site-packages_PyQt6_Qt6_qml_QtQuick_Controls_FluentWinUI3 --> node_venv_lib_python3_12_site-packages_PyQt6_Qt6_qml_QtQuick_Controls_FluentWinUI3_dark["dark"]\n    node_venv_lib_python3_12_site-packages_PyQt6_Qt6_qml_QtQuick_Controls_FluentWinUI3_dark --> node_venv_lib_python3_12_site-packages_PyQt6_Qt6_qml_QtQuick_Controls_FluentWinUI3_dark_images["images"]\n    node_venv_lib_python3_12_site-packages_PyQt6_Qt6_qml_QtQuick_Controls_FluentWinUI3_dark_images --> node_venv_lib_python3_12_site-packages_PyQt6_Qt6_qml_QtQuick_Controls_FluentWinUI3_dark_images_spinbox-indicator-down-background-down-hovered@2x_png["spinbox-indicator-down-background-down-hovered@2x.png"]\n    Root --> node_venv["venv"]\n    node_venv --> node_venv_lib["lib"]\n    node_venv_lib --> node_venv_lib_python3_12["python3.12"]\n    node_venv_lib_python3_12 --> node_venv_lib_python3_12_site-packages["site-packages"]\n    node_venv_lib_python3_12_site-packages --> node_venv_lib_python3_12_site-packages_PyQt6["PyQt6"]\n    node_venv_lib_python3_12_site-packages_PyQt6 --> node_venv_lib_python3_12_site-packages_PyQt6_Qt6["Qt6"]\n    node_venv_lib_python3_12_site-packages_PyQt6_Qt6 --> node_venv_lib_python3_12_site-packages_PyQt6_Qt6_qml["qml"]\n    node_venv_lib_python3_12_site-packages_PyQt6_Qt6_qml --> node_venv_lib_python3_12_site-packages_PyQt6_Qt6_qml_QtQuick["QtQuick"]\n    node_venv_lib_python3_12_site-packages_PyQt6_Qt6_qml_QtQuick --> node_venv_lib_python3_12_site-packages_PyQt6_Qt6_qml_QtQuick_Controls["Controls"]\n    node_venv_lib_python3_12_site-packages_PyQt6_Qt6_qml_QtQuick_Controls --> node_venv_lib_python3_12_site-packages_PyQt6_Qt6_qml_QtQuick_Controls_FluentWinUI3["FluentWinUI3"]\n    node_venv_lib_python3_12_site-packages_PyQt6_Qt6_qml_QtQuick_Controls_FluentWinUI3 --> node_venv_lib_python3_12_site-packages_PyQt6_Qt6_qml_QtQuick_Controls_FluentWinUI3_dark["dark"]\n    node_venv_lib_python3_12_site-packages_PyQt6_Qt6_qml_QtQuick_Controls_FluentWinUI3_dark --> node_venv_lib_python3_12_site-packages_PyQt6_Qt6_qml_QtQuick_Controls_FluentWinUI3_dark_images["images"]\n    node_venv_lib_python3_12_site-packages_PyQt6_Qt6_qml_QtQuick_Controls_FluentWinUI3_dark_images --> node_venv_lib_python3_12_site-packages_PyQt6_Qt6_qml_QtQuick_Controls_FluentWinUI3_dark_images_spinbox-indicator-down-background-down-hovered@3x_png["spinbox-indicator-down-background-down-hovered@3x.png"]\n    Root --> node_venv["venv"]\n    node_venv --> node_venv_lib["lib"]\n    node_venv_lib --> node_venv_lib_python3_12["python3.12"]\n    node_venv_lib_python3_12 --> node_venv_lib_python3_12_site-packages["site-packages"]\n    node_venv_lib_python3_12_site-packages --> node_venv_lib_python3_12_site-packages_PyQt6["PyQt6"]\n    node_venv_lib_python3_12_site-packages_PyQt6 --> node_venv_lib_python3_12_site-packages_PyQt6_Qt6["Qt6"]\n    node_venv_lib_python3_12_site-packages_PyQt6_Qt6 --> node_venv_lib_python3_12_site-packages_PyQt6_Qt6_qml["qml"]\n    node_venv_lib_python3_12_site-packages_PyQt6_Qt6_qml --> node_venv_lib_python3_12_site-packages_PyQt6_Qt6_qml_QtQuick["QtQuick"]\n    node_venv_lib_python3_12_site-packages_PyQt6_Qt6_qml_QtQuick --> node_venv_lib_python3_12_site-packages_PyQt6_Qt6_qml_QtQuick_Controls["Controls"]\n    node_venv_lib_python3_12_site-packages_PyQt6_Qt6_qml_QtQuick_Controls --> node_venv_lib_python3_12_site-packages_PyQt6_Qt6_qml_QtQuick_Controls_FluentWinUI3["FluentWinUI3"]\n    node_venv_lib_python3_12_site-packages_PyQt6_Qt6_qml_QtQuick_Controls_FluentWinUI3 --> node_venv_lib_python3_12_site-packages_PyQt6_Qt6_qml_QtQuick_Controls_FluentWinUI3_dark["dark"]\n    node_venv_lib_python3_12_site-packages_PyQt6_Qt6_qml_QtQuick_Controls_FluentWinUI3_dark --> node_venv_lib_python3_12_site-packages_PyQt6_Qt6_qml_QtQuick_Controls_FluentWinUI3_dark_images["images"]\n    node_venv_lib_python3_12_site-packages_PyQt6_Qt6_qml_QtQuick_Controls_FluentWinUI3_dark_images --> node_venv_lib_python3_12_site-packages_PyQt6_Qt6_qml_QtQuick_Controls_FluentWinUI3_dark_images_spinbox-indicator-down-background-down-pressed_png["spinbox-indicator-down-background-down-pressed.png"]\n    Root --> node_venv["venv"]\n    node_venv --> node_venv_lib["lib"]\n    node_venv_lib --> node_venv_lib_python3_12["python3.12"]\n    node_venv_lib_python3_12 --> node_venv_lib_python3_12_site-packages["site-packages"]\n    node_venv_lib_python3_12_site-packages --> node_venv_lib_python3_12_site-packages_PyQt6["PyQt6"]\n    node_venv_lib_python3_12_site-packages_PyQt6 --> node_venv_lib_python3_12_site-packages_PyQt6_Qt6["Qt6"]\n    node_venv_lib_python3_12_site-packages_PyQt6_Qt6 --> node_venv_lib_python3_12_site-packages_PyQt6_Qt6_qml["qml"]\n    node_venv_lib_python3_12_site-packages_PyQt6_Qt6_qml --> node_venv_lib_python3_12_site-packages_PyQt6_Qt6_qml_QtQuick["QtQuick"]\n    node_venv_lib_python3_12_site-packages_PyQt6_Qt6_qml_QtQuick --> node_venv_lib_python3_12_site-packages_PyQt6_Qt6_qml_QtQuick_Controls["Controls"]\n    node_venv_lib_python3_12_site-packages_PyQt6_Qt6_qml_QtQuick_Controls --> node_venv_lib_python3_12_site-packages_PyQt6_Qt6_qml_QtQuick_Controls_FluentWinUI3["FluentWinUI3"]\n    node_venv_lib_python3_12_site-packages_PyQt6_Qt6_qml_QtQuick_Controls_FluentWinUI3 --> node_venv_lib_python3_12_site-packages_PyQt6_Qt6_qml_QtQuick_Controls_FluentWinUI3_dark["dark"]\n    node_venv_lib_python3_12_site-packages_PyQt6_Qt6_qml_QtQuick_Controls_FluentWinUI3_dark --> node_venv_lib_python3_12_site-packages_PyQt6_Qt6_qml_QtQuick_Controls_FluentWinUI3_dark_images["images"]\n    node_venv_lib_python3_12_site-packages_PyQt6_Qt6_qml_QtQuick_Controls_FluentWinUI3_dark_images --> node_venv_lib_python3_12_site-packages_PyQt6_Qt6_qml_QtQuick_Controls_FluentWinUI3_dark_images_spinbox-indicator-down-background-down-pressed@2x_png["spinbox-indicator-down-background-down-pressed@2x.png"]\n    Root --> node_venv["venv"]\n    node_venv --> node_venv_lib["lib"]\n    node_venv_lib --> node_venv_lib_python3_12["python3.12"]\n    node_venv_lib_python3_12 --> node_venv_lib_python3_12_site-packages["site-packages"]\n    node_venv_lib_python3_12_site-packages --> node_venv_lib_python3_12_site-packages_PyQt6["PyQt6"]\n    node_venv_lib_python3_12_site-packages_PyQt6 --> node_venv_lib_python3_12_site-packages_PyQt6_Qt6["Qt6"]\n    node_venv_lib_python3_12_site-packages_PyQt6_Qt6 --> node_venv_lib_python3_12_site-packages_PyQt6_Qt6_qml["qml"]\n    node_venv_lib_python3_12_site-packages_PyQt6_Qt6_qml --> node_venv_lib_python3_12_site-packages_PyQt6_Qt6_qml_QtQuick["QtQuick"]\n    node_venv_lib_python3_12_site-packages_PyQt6_Qt6_qml_QtQuick --> node_venv_lib_python3_12_site-packages_PyQt6_Qt6_qml_QtQuick_Controls["Controls"]\n    node_venv_lib_python3_12_site-packages_PyQt6_Qt6_qml_QtQuick_Controls --> node_venv_lib_python3_12_site-packages_PyQt6_Qt6_qml_QtQuick_Controls_FluentWinUI3["FluentWinUI3"]\n    node_venv_lib_python3_12_site-packages_PyQt6_Qt6_qml_QtQuick_Controls_FluentWinUI3 --> node_venv_lib_python3_12_site-packages_PyQt6_Qt6_qml_QtQuick_Controls_FluentWinUI3_dark["dark"]\n    node_venv_lib_python3_12_site-packages_PyQt6_Qt6_qml_QtQuick_Controls_FluentWinUI3_dark --> node_venv_lib_python3_12_site-packages_PyQt6_Qt6_qml_QtQuick_Controls_FluentWinUI3_dark_images["images"]\n    node_venv_lib_python3_12_site-packages_PyQt6_Qt6_qml_QtQuick_Controls_FluentWinUI3_dark_images --> node_venv_lib_python3_12_site-packages_PyQt6_Qt6_qml_QtQuick_Controls_FluentWinUI3_dark_images_spinbox-indicator-down-background-down-pressed@3x_png["spinbox-indicator-down-background-down-pressed@3x.png"]\n    Root --> node_venv["venv"]\n    node_venv --> node_venv_lib["lib"]\n    node_venv_lib --> node_venv_lib_python3_12["python3.12"]\n    node_venv_lib_python3_12 --> node_venv_lib_python3_12_site-packages["site-packages"]\n    node_venv_lib_python3_12_site-packages --> node_venv_lib_python3_12_site-packages_PyQt6["PyQt6"]\n    node_venv_lib_python3_12_site-packages_PyQt6 --> node_venv_lib_python3_12_site-packages_PyQt6_Qt6["Qt6"]\n    node_venv_lib_python3_12_site-packages_PyQt6_Qt6 --> node_venv_lib_python3_12_site-packages_PyQt6_Qt6_qml["qml"]\n    node_venv_lib_python3_12_site-packages_PyQt6_Qt6_qml --> node_venv_lib_python3_12_site-packages_PyQt6_Qt6_qml_QtQuick["QtQuick"]\n    node_venv_lib_python3_12_site-packages_PyQt6_Qt6_qml_QtQuick --> node_venv_lib_python3_12_site-packages_PyQt6_Qt6_qml_QtQuick_Controls["Controls"]\n    node_venv_lib_python3_12_site-packages_PyQt6_Qt6_qml_QtQuick_Controls --> node_venv_lib_python3_12_site-packages_PyQt6_Qt6_qml_QtQuick_Controls_FluentWinUI3["FluentWinUI3"]\n    node_venv_lib_python3_12_site-packages_PyQt6_Qt6_qml_QtQuick_Controls_FluentWinUI3 --> node_venv_lib_python3_12_site-packages_PyQt6_Qt6_qml_QtQuick_Controls_FluentWinUI3_dark["dark"]\n    node_venv_lib_python3_12_site-packages_PyQt6_Qt6_qml_QtQuick_Controls_FluentWinUI3_dark --> node_venv_lib_python3_12_site-packages_PyQt6_Qt6_qml_QtQuick_Controls_FluentWinUI3_dark_images["images"]\n    node_venv_lib_python3_12_site-packages_PyQt6_Qt6_qml_QtQuick_Controls_FluentWinUI3_dark_images --> node_venv_lib_python3_12_site-packages_PyQt6_Qt6_qml_QtQuick_Controls_FluentWinUI3_dark_images_spinbox-indicator-down-background-hovered_png["spinbox-indicator-down-background-hovered.png"]\n    Root --> node_venv["venv"]\n    node_venv --> node_venv_lib["lib"]\n    node_venv_lib --> node_venv_lib_python3_12["python3.12"]\n    node_venv_lib_python3_12 --> node_venv_lib_python3_12_site-packages["site-packages"]\n    node_venv_lib_python3_12_site-packages --> node_venv_lib_python3_12_site-packages_PyQt6["PyQt6"]\n    node_venv_lib_python3_12_site-packages_PyQt6 --> node_venv_lib_python3_12_site-packages_PyQt6_Qt6["Qt6"]\n    node_venv_lib_python3_12_site-packages_PyQt6_Qt6 --> node_venv_lib_python3_12_site-packages_PyQt6_Qt6_qml["qml"]\n    node_venv_lib_python3_12_site-packages_PyQt6_Qt6_qml --> node_venv_lib_python3_12_site-packages_PyQt6_Qt6_qml_QtQuick["QtQuick"]\n    node_venv_lib_python3_12_site-packages_PyQt6_Qt6_qml_QtQuick --> node_venv_lib_python3_12_site-packages_PyQt6_Qt6_qml_QtQuick_Controls["Controls"]\n    node_venv_lib_python3_12_site-packages_PyQt6_Qt6_qml_QtQuick_Controls --> node_venv_lib_python3_12_site-packages_PyQt6_Qt6_qml_QtQuick_Controls_FluentWinUI3["FluentWinUI3"]\n    node_venv_lib_python3_12_site-packages_PyQt6_Qt6_qml_QtQuick_Controls_FluentWinUI3 --> node_venv_lib_python3_12_site-packages_PyQt6_Qt6_qml_QtQuick_Controls_FluentWinUI3_dark["dark"]\n    node_venv_lib_python3_12_site-packages_PyQt6_Qt6_qml_QtQuick_Controls_FluentWinUI3_dark --> node_venv_lib_python3_12_site-packages_PyQt6_Qt6_qml_QtQuick_Controls_FluentWinUI3_dark_images["images"]\n    node_venv_lib_python3_12_site-packages_PyQt6_Qt6_qml_QtQuick_Controls_FluentWinUI3_dark_images --> node_venv_lib_python3_12_site-packages_PyQt6_Qt6_qml_QtQuick_Controls_FluentWinUI3_dark_images_spinbox-indicator-down-background-hovered@2x_png["spinbox-indicator-down-background-hovered@2x.png"]\n    Root --> node_venv["venv"]\n    node_venv --> node_venv_lib["lib"]\n    node_venv_lib --> node_venv_lib_python3_12["python3.12"]\n    node_venv_lib_python3_12 --> node_venv_lib_python3_12_site-packages["site-packages"]\n    node_venv_lib_python3_12_site-packages --> node_venv_lib_python3_12_site-packages_PyQt6["PyQt6"]\n    node_venv_lib_python3_12_site-packages_PyQt6 --> node_venv_lib_python3_12_site-packages_PyQt6_Qt6["Qt6"]\n    node_venv_lib_python3_12_site-packages_PyQt6_Qt6 --> node_venv_lib_python3_12_site-packages_PyQt6_Qt6_qml["qml"]\n    node_venv_lib_python3_12_site-packages_PyQt6_Qt6_qml --> node_venv_lib_python3_12_site-packages_PyQt6_Qt6_qml_QtQuick["QtQuick"]\n    node_venv_lib_python3_12_site-packages_PyQt6_Qt6_qml_QtQuick --> node_venv_lib_python3_12_site-packages_PyQt6_Qt6_qml_QtQuick_Controls["Controls"]\n    node_venv_lib_python3_12_site-packages_PyQt6_Qt6_qml_QtQuick_Controls --> node_venv_lib_python3_12_site-packages_PyQt6_Qt6_qml_QtQuick_Controls_FluentWinUI3["FluentWinUI3"]\n    node_venv_lib_python3_12_site-packages_PyQt6_Qt6_qml_QtQuick_Controls_FluentWinUI3 --> node_venv_lib_python3_12_site-packages_PyQt6_Qt6_qml_QtQuick_Controls_FluentWinUI3_dark["dark"]\n    node_venv_lib_python3_12_site-packages_PyQt6_Qt6_qml_QtQuick_Controls_FluentWinUI3_dark --> node_venv_lib_python3_12_site-packages_PyQt6_Qt6_qml_QtQuick_Controls_FluentWinUI3_dark_images["images"]\n    node_venv_lib_python3_12_site-packages_PyQt6_Qt6_qml_QtQuick_Controls_FluentWinUI3_dark_images --> node_venv_lib_python3_12_site-packages_PyQt6_Qt6_qml_QtQuick_Controls_FluentWinUI3_dark_images_spinbox-indicator-down-background-hovered@3x_png["spinbox-indicator-down-background-hovered@3x.png"]\n    Root --> node_venv["venv"]\n    node_venv --> node_venv_lib["lib"]\n    node_venv_lib --> node_venv_lib_python3_12["python3.12"]\n    node_venv_lib_python3_12 --> node_venv_lib_python3_12_site-packages["site-packages"]\n    node_venv_lib_python3_12_site-packages --> node_venv_lib_python3_12_site-packages_PyQt6["PyQt6"]\n    node_venv_lib_python3_12_site-packages_PyQt6 --> node_venv_lib_python3_12_site-packages_PyQt6_Qt6["Qt6"]\n    node_venv_lib_python3_12_site-packages_PyQt6_Qt6 --> node_venv_lib_python3_12_site-packages_PyQt6_Qt6_qml["qml"]\n    node_venv_lib_python3_12_site-packages_PyQt6_Qt6_qml --> node_venv_lib_python3_12_site-packages_PyQt6_Qt6_qml_QtQuick["QtQuick"]\n    node_venv_lib_python3_12_site-packages_PyQt6_Qt6_qml_QtQuick --> node_venv_lib_python3_12_site-packages_PyQt6_Qt6_qml_QtQuick_Controls["Controls"]\n    node_venv_lib_python3_12_site-packages_PyQt6_Qt6_qml_QtQuick_Controls --> node_venv_lib_python3_12_site-packages_PyQt6_Qt6_qml_QtQuick_Controls_FluentWinUI3["FluentWinUI3"]\n    node_venv_lib_python3_12_site-packages_PyQt6_Qt6_qml_QtQuick_Controls_FluentWinUI3 --> node_venv_lib_python3_12_site-packages_PyQt6_Qt6_qml_QtQuick_Controls_FluentWinUI3_dark["dark"]\n    node_venv_lib_python3_12_site-packages_PyQt6_Qt6_qml_QtQuick_Controls_FluentWinUI3_dark --> node_venv_lib_python3_12_site-packages_PyQt6_Qt6_qml_QtQuick_Controls_FluentWinUI3_dark_images["images"]\n    node_venv_lib_python3_12_site-packages_PyQt6_Qt6_qml_QtQuick_Controls_FluentWinUI3_dark_images --> node_venv_lib_python3_12_site-packages_PyQt6_Qt6_qml_QtQuick_Controls_FluentWinUI3_dark_images_spinbox-indicator-down-background-up-hovered_png["spinbox-indicator-down-background-up-hovered.png"]\n    Root --> node_venv["venv"]\n    node_venv --> node_venv_lib["lib"]\n    node_venv_lib --> node_venv_lib_python3_12["python3.12"]\n    node_venv_lib_python3_12 --> node_venv_lib_python3_12_site-packages["site-packages"]\n    node_venv_lib_python3_12_site-packages --> node_venv_lib_python3_12_site-packages_PyQt6["PyQt6"]\n    node_venv_lib_python3_12_site-packages_PyQt6 --> node_venv_lib_python3_12_site-packages_PyQt6_Qt6["Qt6"]\n    node_venv_lib_python3_12_site-packages_PyQt6_Qt6 --> node_venv_lib_python3_12_site-packages_PyQt6_Qt6_qml["qml"]\n    node_venv_lib_python3_12_site-packages_PyQt6_Qt6_qml --> node_venv_lib_python3_12_site-packages_PyQt6_Qt6_qml_QtQuick["QtQuick"]\n    node_venv_lib_python3_12_site-packages_PyQt6_Qt6_qml_QtQuick --> node_venv_lib_python3_12_site-packages_PyQt6_Qt6_qml_QtQuick_Controls["Controls"]\n    node_venv_lib_python3_12_site-packages_PyQt6_Qt6_qml_QtQuick_Controls --> node_venv_lib_python3_12_site-packages_PyQt6_Qt6_qml_QtQuick_Controls_FluentWinUI3["FluentWinUI3"]\n    node_venv_lib_python3_12_site-packages_PyQt6_Qt6_qml_QtQuick_Controls_FluentWinUI3 --> node_venv_lib_python3_12_site-packages_PyQt6_Qt6_qml_QtQuick_Controls_FluentWinUI3_dark["dark"]\n    node_venv_lib_python3_12_site-packages_PyQt6_Qt6_qml_QtQuick_Controls_FluentWinUI3_dark --> node_venv_lib_python3_12_site-packages_PyQt6_Qt6_qml_QtQuick_Controls_FluentWinUI3_dark_images["images"]\n    node_venv_lib_python3_12_site-packages_PyQt6_Qt6_qml_QtQuick_Controls_FluentWinUI3_dark_images --> node_venv_lib_python3_12_site-packages_PyQt6_Qt6_qml_QtQuick_Controls_FluentWinUI3_dark_images_spinbox-indicator-down-background-up-hovered@2x_png["spinbox-indicator-down-background-up-hovered@2x.png"]\n    Root --> node_venv["venv"]\n    node_venv --> node_venv_lib["lib"]\n    node_venv_lib --> node_venv_lib_python3_12["python3.12"]\n    node_venv_lib_python3_12 --> node_venv_lib_python3_12_site-packages["site-packages"]\n    node_venv_lib_python3_12_site-packages --> node_venv_lib_python3_12_site-packages_PyQt6["PyQt6"]\n    node_venv_lib_python3_12_site-packages_PyQt6 --> node_venv_lib_python3_12_site-packages_PyQt6_Qt6["Qt6"]\n    node_venv_lib_python3_12_site-packages_PyQt6_Qt6 --> node_venv_lib_python3_12_site-packages_PyQt6_Qt6_qml["qml"]\n    node_venv_lib_python3_12_site-packages_PyQt6_Qt6_qml --> node_venv_lib_python3_12_site-packages_PyQt6_Qt6_qml_QtQuick["QtQuick"]\n    node_venv_lib_python3_12_site-packages_PyQt6_Qt6_qml_QtQuick --> node_venv_lib_python3_12_site-packages_PyQt6_Qt6_qml_QtQuick_Controls["Controls"]\n    node_venv_lib_python3_12_site-packages_PyQt6_Qt6_qml_QtQuick_Controls --> node_venv_lib_python3_12_site-packages_PyQt6_Qt6_qml_QtQuick_Controls_FluentWinUI3["FluentWinUI3"]\n    node_venv_lib_python3_12_site-packages_PyQt6_Qt6_qml_QtQuick_Controls_FluentWinUI3 --> node_venv_lib_python3_12_site-packages_PyQt6_Qt6_qml_QtQuick_Controls_FluentWinUI3_dark["dark"]\n    node_venv_lib_python3_12_site-packages_PyQt6_Qt6_qml_QtQuick_Controls_FluentWinUI3_dark --> node_venv_lib_python3_12_site-packages_PyQt6_Qt6_qml_QtQuick_Controls_FluentWinUI3_dark_images["images"]\n    node_venv_lib_python3_12_site-packages_PyQt6_Qt6_qml_QtQuick_Controls_FluentWinUI3_dark_images --> node_venv_lib_python3_12_site-packages_PyQt6_Qt6_qml_QtQuick_Controls_FluentWinUI3_dark_images_spinbox-indicator-down-background-up-hovered@3x_png["spinbox-indicator-down-background-up-hovered@3x.png"]\n    Root --> node_venv["venv"]\n    node_venv --> node_venv_lib["lib"]\n    node_venv_lib --> node_venv_lib_python3_12["python3.12"]\n    node_venv_lib_python3_12 --> node_venv_lib_python3_12_site-packages["site-packages"]\n    node_venv_lib_python3_12_site-packages --> node_venv_lib_python3_12_site-packages_PyQt6["PyQt6"]\n    node_venv_lib_python3_12_site-packages_PyQt6 --> node_venv_lib_python3_12_site-packages_PyQt6_Qt6["Qt6"]\n    node_venv_lib_python3_12_site-packages_PyQt6_Qt6 --> node_venv_lib_python3_12_site-packages_PyQt6_Qt6_qml["qml"]\n    node_venv_lib_python3_12_site-packages_PyQt6_Qt6_qml --> node_venv_lib_python3_12_site-packages_PyQt6_Qt6_qml_QtQuick["QtQuick"]\n    node_venv_lib_python3_12_site-packages_PyQt6_Qt6_qml_QtQuick --> node_venv_lib_python3_12_site-packages_PyQt6_Qt6_qml_QtQuick_Controls["Controls"]\n    node_venv_lib_python3_12_site-packages_PyQt6_Qt6_qml_QtQuick_Controls --> node_venv_lib_python3_12_site-packages_PyQt6_Qt6_qml_QtQuick_Controls_FluentWinUI3["FluentWinUI3"]\n    node_venv_lib_python3_12_site-packages_PyQt6_Qt6_qml_QtQuick_Controls_FluentWinUI3 --> node_venv_lib_python3_12_site-packages_PyQt6_Qt6_qml_QtQuick_Controls_FluentWinUI3_dark["dark"]\n    node_venv_lib_python3_12_site-packages_PyQt6_Qt6_qml_QtQuick_Controls_FluentWinUI3_dark --> node_venv_lib_python3_12_site-packages_PyQt6_Qt6_qml_QtQuick_Controls_FluentWinUI3_dark_images["images"]\n    node_venv_lib_python3_12_site-packages_PyQt6_Qt6_qml_QtQuick_Controls_FluentWinUI3_dark_images --> node_venv_lib_python3_12_site-packages_PyQt6_Qt6_qml_QtQuick_Controls_FluentWinUI3_dark_images_spinbox-indicator-down-background-up-pressed_png["spinbox-indicator-down-background-up-pressed.png"]\n    Root --> node_venv["venv"]\n    node_venv --> node_venv_lib["lib"]\n    node_venv_lib --> node_venv_lib_python3_12["python3.12"]\n    node_venv_lib_python3_12 --> node_venv_lib_python3_12_site-packages["site-packages"]\n    node_venv_lib_python3_12_site-packages --> node_venv_lib_python3_12_site-packages_PyQt6["PyQt6"]\n    node_venv_lib_python3_12_site-packages_PyQt6 --> node_venv_lib_python3_12_site-packages_PyQt6_Qt6["Qt6"]\n    node_venv_lib_python3_12_site-packages_PyQt6_Qt6 --> node_venv_lib_python3_12_site-packages_PyQt6_Qt6_qml["qml"]\n    node_venv_lib_python3_12_site-packages_PyQt6_Qt6_qml --> node_venv_lib_python3_12_site-packages_PyQt6_Qt6_qml_QtQuick["QtQuick"]\n    node_venv_lib_python3_12_site-packages_PyQt6_Qt6_qml_QtQuick --> node_venv_lib_python3_12_site-packages_PyQt6_Qt6_qml_QtQuick_Controls["Controls"]\n    node_venv_lib_python3_12_site-packages_PyQt6_Qt6_qml_QtQuick_Controls --> node_venv_lib_python3_12_site-packages_PyQt6_Qt6_qml_QtQuick_Controls_FluentWinUI3["FluentWinUI3"]\n    node_venv_lib_python3_12_site-packages_PyQt6_Qt6_qml_QtQuick_Controls_FluentWinUI3 --> node_venv_lib_python3_12_site-packages_PyQt6_Qt6_qml_QtQuick_Controls_FluentWinUI3_dark["dark"]\n    node_venv_lib_python3_12_site-packages_PyQt6_Qt6_qml_QtQuick_Controls_FluentWinUI3_dark --> node_venv_lib_python3_12_site-packages_PyQt6_Qt6_qml_QtQuick_Controls_FluentWinUI3_dark_images["images"]\n    node_venv_lib_python3_12_site-packages_PyQt6_Qt6_qml_QtQuick_Controls_FluentWinUI3_dark_images --> node_venv_lib_python3_12_site-packages_PyQt6_Qt6_qml_QtQuick_Controls_FluentWinUI3_dark_images_spinbox-indicator-down-background-up-pressed@2x_png["spinbox-indicator-down-background-up-pressed@2x.png"]\n    Root --> node_venv["venv"]\n    node_venv --> node_venv_lib["lib"]\n    node_venv_lib --> node_venv_lib_python3_12["python3.12"]\n    node_venv_lib_python3_12 --> node_venv_lib_python3_12_site-packages["site-packages"]\n    node_venv_lib_python3_12_site-packages --> node_venv_lib_python3_12_site-packages_PyQt6["PyQt6"]\n    node_venv_lib_python3_12_site-packages_PyQt6 --> node_venv_lib_python3_12_site-packages_PyQt6_Qt6["Qt6"]\n    node_venv_lib_python3_12_site-packages_PyQt6_Qt6 --> node_venv_lib_python3_12_site-packages_PyQt6_Qt6_qml["qml"]\n    node_venv_lib_python3_12_site-packages_PyQt6_Qt6_qml --> node_venv_lib_python3_12_site-packages_PyQt6_Qt6_qml_QtQuick["QtQuick"]\n    node_venv_lib_python3_12_site-packages_PyQt6_Qt6_qml_QtQuick --> node_venv_lib_python3_12_site-packages_PyQt6_Qt6_qml_QtQuick_Controls["Controls"]\n    node_venv_lib_python3_12_site-packages_PyQt6_Qt6_qml_QtQuick_Controls --> node_venv_lib_python3_12_site-packages_PyQt6_Qt6_qml_QtQuick_Controls_FluentWinUI3["FluentWinUI3"]\n    node_venv_lib_python3_12_site-packages_PyQt6_Qt6_qml_QtQuick_Controls_FluentWinUI3 --> node_venv_lib_python3_12_site-packages_PyQt6_Qt6_qml_QtQuick_Controls_FluentWinUI3_dark["dark"]\n    node_venv_lib_python3_12_site-packages_PyQt6_Qt6_qml_QtQuick_Controls_FluentWinUI3_dark --> node_venv_lib_python3_12_site-packages_PyQt6_Qt6_qml_QtQuick_Controls_FluentWinUI3_dark_images["images"]\n    node_venv_lib_python3_12_site-packages_PyQt6_Qt6_qml_QtQuick_Controls_FluentWinUI3_dark_images --> node_venv_lib_python3_12_site-packages_PyQt6_Qt6_qml_QtQuick_Controls_FluentWinUI3_dark_images_spinbox-indicator-down-background-up-pressed@3x_png["spinbox-indicator-down-background-up-pressed@3x.png"]\n    Root --> node_venv["venv"]\n    node_venv --> node_venv_lib["lib"]\n    node_venv_lib --> node_venv_lib_python3_12["python3.12"]\n    node_venv_lib_python3_12 --> node_venv_lib_python3_12_site-packages["site-packages"]\n    node_venv_lib_python3_12_site-packages --> node_venv_lib_python3_12_site-packages_PyQt6["PyQt6"]\n    node_venv_lib_python3_12_site-packages_PyQt6 --> node_venv_lib_python3_12_site-packages_PyQt6_Qt6["Qt6"]\n    node_venv_lib_python3_12_site-packages_PyQt6_Qt6 --> node_venv_lib_python3_12_site-packages_PyQt6_Qt6_qml["qml"]\n    node_venv_lib_python3_12_site-packages_PyQt6_Qt6_qml --> node_venv_lib_python3_12_site-packages_PyQt6_Qt6_qml_QtQuick["QtQuick"]\n    node_venv_lib_python3_12_site-packages_PyQt6_Qt6_qml_QtQuick --> node_venv_lib_python3_12_site-packages_PyQt6_Qt6_qml_QtQuick_Controls["Controls"]\n    node_venv_lib_python3_12_site-packages_PyQt6_Qt6_qml_QtQuick_Controls --> node_venv_lib_python3_12_site-packages_PyQt6_Qt6_qml_QtQuick_Controls_FluentWinUI3["FluentWinUI3"]\n    node_venv_lib_python3_12_site-packages_PyQt6_Qt6_qml_QtQuick_Controls_FluentWinUI3 --> node_venv_lib_python3_12_site-packages_PyQt6_Qt6_qml_QtQuick_Controls_FluentWinUI3_dark["dark"]\n    node_venv_lib_python3_12_site-packages_PyQt6_Qt6_qml_QtQuick_Controls_FluentWinUI3_dark --> node_venv_lib_python3_12_site-packages_PyQt6_Qt6_qml_QtQuick_Controls_FluentWinUI3_dark_images["images"]\n    node_venv_lib_python3_12_site-packages_PyQt6_Qt6_qml_QtQuick_Controls_FluentWinUI3_dark_images --> node_venv_lib_python3_12_site-packages_PyQt6_Qt6_qml_QtQuick_Controls_FluentWinUI3_dark_images_spinbox-indicator-down-background_png["spinbox-indicator-down-background.png"]\n    Root --> node_venv["venv"]\n    node_venv --> node_venv_lib["lib"]\n    node_venv_lib --> node_venv_lib_python3_12["python3.12"]\n    node_venv_lib_python3_12 --> node_venv_lib_python3_12_site-packages["site-packages"]\n    node_venv_lib_python3_12_site-packages --> node_venv_lib_python3_12_site-packages_PyQt6["PyQt6"]\n    node_venv_lib_python3_12_site-packages_PyQt6 --> node_venv_lib_python3_12_site-packages_PyQt6_Qt6["Qt6"]\n    node_venv_lib_python3_12_site-packages_PyQt6_Qt6 --> node_venv_lib_python3_12_site-packages_PyQt6_Qt6_qml["qml"]\n    node_venv_lib_python3_12_site-packages_PyQt6_Qt6_qml --> node_venv_lib_python3_12_site-packages_PyQt6_Qt6_qml_QtQuick["QtQuick"]\n    node_venv_lib_python3_12_site-packages_PyQt6_Qt6_qml_QtQuick --> node_venv_lib_python3_12_site-packages_PyQt6_Qt6_qml_QtQuick_Controls["Controls"]\n    node_venv_lib_python3_12_site-packages_PyQt6_Qt6_qml_QtQuick_Controls --> node_venv_lib_python3_12_site-packages_PyQt6_Qt6_qml_QtQuick_Controls_FluentWinUI3["FluentWinUI3"]\n    node_venv_lib_python3_12_site-packages_PyQt6_Qt6_qml_QtQuick_Controls_FluentWinUI3 --> node_venv_lib_python3_12_site-packages_PyQt6_Qt6_qml_QtQuick_Controls_FluentWinUI3_dark["dark"]\n    node_venv_lib_python3_12_site-packages_PyQt6_Qt6_qml_QtQuick_Controls_FluentWinUI3_dark --> node_venv_lib_python3_12_site-packages_PyQt6_Qt6_qml_QtQuick_Controls_FluentWinUI3_dark_images["images"]\n    node_venv_lib_python3_12_site-packages_PyQt6_Qt6_qml_QtQuick_Controls_FluentWinUI3_dark_images --> node_venv_lib_python3_12_site-packages_PyQt6_Qt6_qml_QtQuick_Controls_FluentWinUI3_dark_images_spinbox-indicator-down-background@2x_png["spinbox-indicator-down-background@2x.png"]\n    Root --> node_venv["venv"]\n    node_venv --> node_venv_lib["lib"]\n    node_venv_lib --> node_venv_lib_python3_12["python3.12"]\n    node_venv_lib_python3_12 --> node_venv_lib_python3_12_site-packages["site-packages"]\n    node_venv_lib_python3_12_site-packages --> node_venv_lib_python3_12_site-packages_PyQt6["PyQt6"]\n    node_venv_lib_python3_12_site-packages_PyQt6 --> node_venv_lib_python3_12_site-packages_PyQt6_Qt6["Qt6"]\n    node_venv_lib_python3_12_site-packages_PyQt6_Qt6 --> node_venv_lib_python3_12_site-packages_PyQt6_Qt6_qml["qml"]\n    node_venv_lib_python3_12_site-packages_PyQt6_Qt6_qml --> node_venv_lib_python3_12_site-packages_PyQt6_Qt6_qml_QtQuick["QtQuick"]\n    node_venv_lib_python3_12_site-packages_PyQt6_Qt6_qml_QtQuick --> node_venv_lib_python3_12_site-packages_PyQt6_Qt6_qml_QtQuick_Controls["Controls"]\n    node_venv_lib_python3_12_site-packages_PyQt6_Qt6_qml_QtQuick_Controls --> node_venv_lib_python3_12_site-packages_PyQt6_Qt6_qml_QtQuick_Controls_FluentWinUI3["FluentWinUI3"]\n    node_venv_lib_python3_12_site-packages_PyQt6_Qt6_qml_QtQuick_Controls_FluentWinUI3 --> node_venv_lib_python3_12_site-packages_PyQt6_Qt6_qml_QtQuick_Controls_FluentWinUI3_dark["dark"]\n    node_venv_lib_python3_12_site-packages_PyQt6_Qt6_qml_QtQuick_Controls_FluentWinUI3_dark --> node_venv_lib_python3_12_site-packages_PyQt6_Qt6_qml_QtQuick_Controls_FluentWinUI3_dark_images["images"]\n    node_venv_lib_python3_12_site-packages_PyQt6_Qt6_qml_QtQuick_Controls_FluentWinUI3_dark_images --> node_venv_lib_python3_12_site-packages_PyQt6_Qt6_qml_QtQuick_Controls_FluentWinUI3_dark_images_spinbox-indicator-down-background@3x_png["spinbox-indicator-down-background@3x.png"]\n    Root --> node_venv["venv"]\n    node_venv --> node_venv_lib["lib"]\n    node_venv_lib --> node_venv_lib_python3_12["python3.12"]\n    node_venv_lib_python3_12 --> node_venv_lib_python3_12_site-packages["site-packages"]\n    node_venv_lib_python3_12_site-packages --> node_venv_lib_python3_12_site-packages_PyQt6["PyQt6"]\n    node_venv_lib_python3_12_site-packages_PyQt6 --> node_venv_lib_python3_12_site-packages_PyQt6_Qt6["Qt6"]\n    node_venv_lib_python3_12_site-packages_PyQt6_Qt6 --> node_venv_lib_python3_12_site-packages_PyQt6_Qt6_qml["qml"]\n    node_venv_lib_python3_12_site-packages_PyQt6_Qt6_qml --> node_venv_lib_python3_12_site-packages_PyQt6_Qt6_qml_QtQuick["QtQuick"]\n    node_venv_lib_python3_12_site-packages_PyQt6_Qt6_qml_QtQuick --> node_venv_lib_python3_12_site-packages_PyQt6_Qt6_qml_QtQuick_Controls["Controls"]\n    node_venv_lib_python3_12_site-packages_PyQt6_Qt6_qml_QtQuick_Controls --> node_venv_lib_python3_12_site-packages_PyQt6_Qt6_qml_QtQuick_Controls_FluentWinUI3["FluentWinUI3"]\n    node_venv_lib_python3_12_site-packages_PyQt6_Qt6_qml_QtQuick_Controls_FluentWinUI3 --> node_venv_lib_python3_12_site-packages_PyQt6_Qt6_qml_QtQuick_Controls_FluentWinUI3_dark["dark"]\n    node_venv_lib_python3_12_site-packages_PyQt6_Qt6_qml_QtQuick_Controls_FluentWinUI3_dark --> node_venv_lib_python3_12_site-packages_PyQt6_Qt6_qml_QtQuick_Controls_FluentWinUI3_dark_images["images"]\n    node_venv_lib_python3_12_site-packages_PyQt6_Qt6_qml_QtQuick_Controls_FluentWinUI3_dark_images --> node_venv_lib_python3_12_site-packages_PyQt6_Qt6_qml_QtQuick_Controls_FluentWinUI3_dark_images_spinbox-indicator-down-icon-atlimit_png["spinbox-indicator-down-icon-atlimit.png"]\n    Root --> node_venv["venv"]\n    node_venv --> node_venv_lib["lib"]\n    node_venv_lib --> node_venv_lib_python3_12["python3.12"]\n    node_venv_lib_python3_12 --> node_venv_lib_python3_12_site-packages["site-packages"]\n    node_venv_lib_python3_12_site-packages --> node_venv_lib_python3_12_site-packages_PyQt6["PyQt6"]\n    node_venv_lib_python3_12_site-packages_PyQt6 --> node_venv_lib_python3_12_site-packages_PyQt6_Qt6["Qt6"]\n    node_venv_lib_python3_12_site-packages_PyQt6_Qt6 --> node_venv_lib_python3_12_site-packages_PyQt6_Qt6_qml["qml"]\n    node_venv_lib_python3_12_site-packages_PyQt6_Qt6_qml --> node_venv_lib_python3_12_site-packages_PyQt6_Qt6_qml_QtQuick["QtQuick"]\n    node_venv_lib_python3_12_site-packages_PyQt6_Qt6_qml_QtQuick --> node_venv_lib_python3_12_site-packages_PyQt6_Qt6_qml_QtQuick_Controls["Controls"]\n    node_venv_lib_python3_12_site-packages_PyQt6_Qt6_qml_QtQuick_Controls --> node_venv_lib_python3_12_site-packages_PyQt6_Qt6_qml_QtQuick_Controls_FluentWinUI3["FluentWinUI3"]\n    node_venv_lib_python3_12_site-packages_PyQt6_Qt6_qml_QtQuick_Controls_FluentWinUI3 --> node_venv_lib_python3_12_site-packages_PyQt6_Qt6_qml_QtQuick_Controls_FluentWinUI3_dark["dark"]\n    node_venv_lib_python3_12_site-packages_PyQt6_Qt6_qml_QtQuick_Controls_FluentWinUI3_dark --> node_venv_lib_python3_12_site-packages_PyQt6_Qt6_qml_QtQuick_Controls_FluentWinUI3_dark_images["images"]\n    node_venv_lib_python3_12_site-packages_PyQt6_Qt6_qml_QtQuick_Controls_FluentWinUI3_dark_images --> node_venv_lib_python3_12_site-packages_PyQt6_Qt6_qml_QtQuick_Controls_FluentWinUI3_dark_images_spinbox-indicator-down-icon-atlimit@2x_png["spinbox-indicator-down-icon-atlimit@2x.png"]\n    Root --> node_venv["venv"]\n    node_venv --> node_venv_lib["lib"]\n    node_venv_lib --> node_venv_lib_python3_12["python3.12"]\n    node_venv_lib_python3_12 --> node_venv_lib_python3_12_site-packages["site-packages"]\n    node_venv_lib_python3_12_site-packages --> node_venv_lib_python3_12_site-packages_PyQt6["PyQt6"]\n    node_venv_lib_python3_12_site-packages_PyQt6 --> node_venv_lib_python3_12_site-packages_PyQt6_Qt6["Qt6"]\n    node_venv_lib_python3_12_site-packages_PyQt6_Qt6 --> node_venv_lib_python3_12_site-packages_PyQt6_Qt6_qml["qml"]\n    node_venv_lib_python3_12_site-packages_PyQt6_Qt6_qml --> node_venv_lib_python3_12_site-packages_PyQt6_Qt6_qml_QtQuick["QtQuick"]\n    node_venv_lib_python3_12_site-packages_PyQt6_Qt6_qml_QtQuick --> node_venv_lib_python3_12_site-packages_PyQt6_Qt6_qml_QtQuick_Controls["Controls"]\n    node_venv_lib_python3_12_site-packages_PyQt6_Qt6_qml_QtQuick_Controls --> node_venv_lib_python3_12_site-packages_PyQt6_Qt6_qml_QtQuick_Controls_FluentWinUI3["FluentWinUI3"]\n    node_venv_lib_python3_12_site-packages_PyQt6_Qt6_qml_QtQuick_Controls_FluentWinUI3 --> node_venv_lib_python3_12_site-packages_PyQt6_Qt6_qml_QtQuick_Controls_FluentWinUI3_dark["dark"]\n    node_venv_lib_python3_12_site-packages_PyQt6_Qt6_qml_QtQuick_Controls_FluentWinUI3_dark --> node_venv_lib_python3_12_site-packages_PyQt6_Qt6_qml_QtQuick_Controls_FluentWinUI3_dark_images["images"]\n    node_venv_lib_python3_12_site-packages_PyQt6_Qt6_qml_QtQuick_Controls_FluentWinUI3_dark_images --> node_venv_lib_python3_12_site-packages_PyQt6_Qt6_qml_QtQuick_Controls_FluentWinUI3_dark_images_spinbox-indicator-down-icon-atlimit@3x_png["spinbox-indicator-down-icon-atlimit@3x.png"]\n    Root --> node_venv["venv"]\n    node_venv --> node_venv_lib["lib"]\n    node_venv_lib --> node_venv_lib_python3_12["python3.12"]\n    node_venv_lib_python3_12 --> node_venv_lib_python3_12_site-packages["site-packages"]\n    node_venv_lib_python3_12_site-packages --> node_venv_lib_python3_12_site-packages_PyQt6["PyQt6"]\n    node_venv_lib_python3_12_site-packages_PyQt6 --> node_venv_lib_python3_12_site-packages_PyQt6_Qt6["Qt6"]\n    node_venv_lib_python3_12_site-packages_PyQt6_Qt6 --> node_venv_lib_python3_12_site-packages_PyQt6_Qt6_qml["qml"]\n    node_venv_lib_python3_12_site-packages_PyQt6_Qt6_qml --> node_venv_lib_python3_12_site-packages_PyQt6_Qt6_qml_QtQuick["QtQuick"]\n    node_venv_lib_python3_12_site-packages_PyQt6_Qt6_qml_QtQuick --> node_venv_lib_python3_12_site-packages_PyQt6_Qt6_qml_QtQuick_Controls["Controls"]\n    node_venv_lib_python3_12_site-packages_PyQt6_Qt6_qml_QtQuick_Controls --> node_venv_lib_python3_12_site-packages_PyQt6_Qt6_qml_QtQuick_Controls_FluentWinUI3["FluentWinUI3"]\n    node_venv_lib_python3_12_site-packages_PyQt6_Qt6_qml_QtQuick_Controls_FluentWinUI3 --> node_venv_lib_python3_12_site-packages_PyQt6_Qt6_qml_QtQuick_Controls_FluentWinUI3_dark["dark"]\n    node_venv_lib_python3_12_site-packages_PyQt6_Qt6_qml_QtQuick_Controls_FluentWinUI3_dark --> node_venv_lib_python3_12_site-packages_PyQt6_Qt6_qml_QtQuick_Controls_FluentWinUI3_dark_images["images"]\n    node_venv_lib_python3_12_site-packages_PyQt6_Qt6_qml_QtQuick_Controls_FluentWinUI3_dark_images --> node_venv_lib_python3_12_site-packages_PyQt6_Qt6_qml_QtQuick_Controls_FluentWinUI3_dark_images_spinbox-indicator-down-icon-disabled_png["spinbox-indicator-down-icon-disabled.png"]\n    Root --> node_venv["venv"]\n    node_venv --> node_venv_lib["lib"]\n    node_venv_lib --> node_venv_lib_python3_12["python3.12"]\n    node_venv_lib_python3_12 --> node_venv_lib_python3_12_site-packages["site-packages"]\n    node_venv_lib_python3_12_site-packages --> node_venv_lib_python3_12_site-packages_PyQt6["PyQt6"]\n    node_venv_lib_python3_12_site-packages_PyQt6 --> node_venv_lib_python3_12_site-packages_PyQt6_Qt6["Qt6"]\n    node_venv_lib_python3_12_site-packages_PyQt6_Qt6 --> node_venv_lib_python3_12_site-packages_PyQt6_Qt6_qml["qml"]\n    node_venv_lib_python3_12_site-packages_PyQt6_Qt6_qml --> node_venv_lib_python3_12_site-packages_PyQt6_Qt6_qml_QtQuick["QtQuick"]\n    node_venv_lib_python3_12_site-packages_PyQt6_Qt6_qml_QtQuick --> node_venv_lib_python3_12_site-packages_PyQt6_Qt6_qml_QtQuick_Controls["Controls"]\n    node_venv_lib_python3_12_site-packages_PyQt6_Qt6_qml_QtQuick_Controls --> node_venv_lib_python3_12_site-packages_PyQt6_Qt6_qml_QtQuick_Controls_FluentWinUI3["FluentWinUI3"]\n    node_venv_lib_python3_12_site-packages_PyQt6_Qt6_qml_QtQuick_Controls_FluentWinUI3 --> node_venv_lib_python3_12_site-packages_PyQt6_Qt6_qml_QtQuick_Controls_FluentWinUI3_dark["dark"]\n    node_venv_lib_python3_12_site-packages_PyQt6_Qt6_qml_QtQuick_Controls_FluentWinUI3_dark --> node_venv_lib_python3_12_site-packages_PyQt6_Qt6_qml_QtQuick_Controls_FluentWinUI3_dark_images["images"]\n    node_venv_lib_python3_12_site-packages_PyQt6_Qt6_qml_QtQuick_Controls_FluentWinUI3_dark_images --> node_venv_lib_python3_12_site-packages_PyQt6_Qt6_qml_QtQuick_Controls_FluentWinUI3_dark_images_spinbox-indicator-down-icon-disabled@2x_png["spinbox-indicator-down-icon-disabled@2x.png"]\n    Root --> node_venv["venv"]\n    node_venv --> node_venv_lib["lib"]\n    node_venv_lib --> node_venv_lib_python3_12["python3.12"]\n    node_venv_lib_python3_12 --> node_venv_lib_python3_12_site-packages["site-packages"]\n    node_venv_lib_python3_12_site-packages --> node_venv_lib_python3_12_site-packages_PyQt6["PyQt6"]\n    node_venv_lib_python3_12_site-packages_PyQt6 --> node_venv_lib_python3_12_site-packages_PyQt6_Qt6["Qt6"]\n    node_venv_lib_python3_12_site-packages_PyQt6_Qt6 --> node_venv_lib_python3_12_site-packages_PyQt6_Qt6_qml["qml"]\n    node_venv_lib_python3_12_site-packages_PyQt6_Qt6_qml --> node_venv_lib_python3_12_site-packages_PyQt6_Qt6_qml_QtQuick["QtQuick"]\n    node_venv_lib_python3_12_site-packages_PyQt6_Qt6_qml_QtQuick --> node_venv_lib_python3_12_site-packages_PyQt6_Qt6_qml_QtQuick_Controls["Controls"]\n    node_venv_lib_python3_12_site-packages_PyQt6_Qt6_qml_QtQuick_Controls --> node_venv_lib_python3_12_site-packages_PyQt6_Qt6_qml_QtQuick_Controls_FluentWinUI3["FluentWinUI3"]\n    node_venv_lib_python3_12_site-packages_PyQt6_Qt6_qml_QtQuick_Controls_FluentWinUI3 --> node_venv_lib_python3_12_site-packages_PyQt6_Qt6_qml_QtQuick_Controls_FluentWinUI3_dark["dark"]\n    node_venv_lib_python3_12_site-packages_PyQt6_Qt6_qml_QtQuick_Controls_FluentWinUI3_dark --> node_venv_lib_python3_12_site-packages_PyQt6_Qt6_qml_QtQuick_Controls_FluentWinUI3_dark_images["images"]\n    node_venv_lib_python3_12_site-packages_PyQt6_Qt6_qml_QtQuick_Controls_FluentWinUI3_dark_images --> node_venv_lib_python3_12_site-packages_PyQt6_Qt6_qml_QtQuick_Controls_FluentWinUI3_dark_images_spinbox-indicator-down-icon-disabled@3x_png["spinbox-indicator-down-icon-disabled@3x.png"]\n    Root --> node_venv["venv"]\n    node_venv --> node_venv_lib["lib"]\n    node_venv_lib --> node_venv_lib_python3_12["python3.12"]\n    node_venv_lib_python3_12 --> node_venv_lib_python3_12_site-packages["site-packages"]\n    node_venv_lib_python3_12_site-packages --> node_venv_lib_python3_12_site-packages_PyQt6["PyQt6"]\n    node_venv_lib_python3_12_site-packages_PyQt6 --> node_venv_lib_python3_12_site-packages_PyQt6_Qt6["Qt6"]\n    node_venv_lib_python3_12_site-packages_PyQt6_Qt6 --> node_venv_lib_python3_12_site-packages_PyQt6_Qt6_qml["qml"]\n    node_venv_lib_python3_12_site-packages_PyQt6_Qt6_qml --> node_venv_lib_python3_12_site-packages_PyQt6_Qt6_qml_QtQuick["QtQuick"]\n    node_venv_lib_python3_12_site-packages_PyQt6_Qt6_qml_QtQuick --> node_venv_lib_python3_12_site-packages_PyQt6_Qt6_qml_QtQuick_Controls["Controls"]\n    node_venv_lib_python3_12_site-packages_PyQt6_Qt6_qml_QtQuick_Controls --> node_venv_lib_python3_12_site-packages_PyQt6_Qt6_qml_QtQuick_Controls_FluentWinUI3["FluentWinUI3"]\n    node_venv_lib_python3_12_site-packages_PyQt6_Qt6_qml_QtQuick_Controls_FluentWinUI3 --> node_venv_lib_python3_12_site-packages_PyQt6_Qt6_qml_QtQuick_Controls_FluentWinUI3_dark["dark"]\n    node_venv_lib_python3_12_site-packages_PyQt6_Qt6_qml_QtQuick_Controls_FluentWinUI3_dark --> node_venv_lib_python3_12_site-packages_PyQt6_Qt6_qml_QtQuick_Controls_FluentWinUI3_dark_images["images"]\n    node_venv_lib_python3_12_site-packages_PyQt6_Qt6_qml_QtQuick_Controls_FluentWinUI3_dark_images --> node_venv_lib_python3_12_site-packages_PyQt6_Qt6_qml_QtQuick_Controls_FluentWinUI3_dark_images_spinbox-indicator-down-icon-down-hovered_png["spinbox-indicator-down-icon-down-hovered.png"]\n    Root --> node_venv["venv"]\n    node_venv --> node_venv_lib["lib"]\n    node_venv_lib --> node_venv_lib_python3_12["python3.12"]\n    node_venv_lib_python3_12 --> node_venv_lib_python3_12_site-packages["site-packages"]\n    node_venv_lib_python3_12_site-packages --> node_venv_lib_python3_12_site-packages_PyQt6["PyQt6"]\n    node_venv_lib_python3_12_site-packages_PyQt6 --> node_venv_lib_python3_12_site-packages_PyQt6_Qt6["Qt6"]\n    node_venv_lib_python3_12_site-packages_PyQt6_Qt6 --> node_venv_lib_python3_12_site-packages_PyQt6_Qt6_qml["qml"]\n    node_venv_lib_python3_12_site-packages_PyQt6_Qt6_qml --> node_venv_lib_python3_12_site-packages_PyQt6_Qt6_qml_QtQuick["QtQuick"]\n    node_venv_lib_python3_12_site-packages_PyQt6_Qt6_qml_QtQuick --> node_venv_lib_python3_12_site-packages_PyQt6_Qt6_qml_QtQuick_Controls["Controls"]\n    node_venv_lib_python3_12_site-packages_PyQt6_Qt6_qml_QtQuick_Controls --> node_venv_lib_python3_12_site-packages_PyQt6_Qt6_qml_QtQuick_Controls_FluentWinUI3["FluentWinUI3"]\n    node_venv_lib_python3_12_site-packages_PyQt6_Qt6_qml_QtQuick_Controls_FluentWinUI3 --> node_venv_lib_python3_12_site-packages_PyQt6_Qt6_qml_QtQuick_Controls_FluentWinUI3_dark["dark"]\n    node_venv_lib_python3_12_site-packages_PyQt6_Qt6_qml_QtQuick_Controls_FluentWinUI3_dark --> node_venv_lib_python3_12_site-packages_PyQt6_Qt6_qml_QtQuick_Controls_FluentWinUI3_dark_images["images"]\n    node_venv_lib_python3_12_site-packages_PyQt6_Qt6_qml_QtQuick_Controls_FluentWinUI3_dark_images --> node_venv_lib_python3_12_site-packages_PyQt6_Qt6_qml_QtQuick_Controls_FluentWinUI3_dark_images_spinbox-indicator-down-icon-down-hovered@2x_png["spinbox-indicator-down-icon-down-hovered@2x.png"]\n    Root --> node_venv["venv"]\n    node_venv --> node_venv_lib["lib"]\n    node_venv_lib --> node_venv_lib_python3_12["python3.12"]\n    node_venv_lib_python3_12 --> node_venv_lib_python3_12_site-packages["site-packages"]\n    node_venv_lib_python3_12_site-packages --> node_venv_lib_python3_12_site-packages_PyQt6["PyQt6"]\n    node_venv_lib_python3_12_site-packages_PyQt6 --> node_venv_lib_python3_12_site-packages_PyQt6_Qt6["Qt6"]\n    node_venv_lib_python3_12_site-packages_PyQt6_Qt6 --> node_venv_lib_python3_12_site-packages_PyQt6_Qt6_qml["qml"]\n    node_venv_lib_python3_12_site-packages_PyQt6_Qt6_qml --> node_venv_lib_python3_12_site-packages_PyQt6_Qt6_qml_QtQuick["QtQuick"]\n    node_venv_lib_python3_12_site-packages_PyQt6_Qt6_qml_QtQuick --> node_venv_lib_python3_12_site-packages_PyQt6_Qt6_qml_QtQuick_Controls["Controls"]\n    node_venv_lib_python3_12_site-packages_PyQt6_Qt6_qml_QtQuick_Controls --> node_venv_lib_python3_12_site-packages_PyQt6_Qt6_qml_QtQuick_Controls_FluentWinUI3["FluentWinUI3"]\n    node_venv_lib_python3_12_site-packages_PyQt6_Qt6_qml_QtQuick_Controls_FluentWinUI3 --> node_venv_lib_python3_12_site-packages_PyQt6_Qt6_qml_QtQuick_Controls_FluentWinUI3_dark["dark"]\n    node_venv_lib_python3_12_site-packages_PyQt6_Qt6_qml_QtQuick_Controls_FluentWinUI3_dark --> node_venv_lib_python3_12_site-packages_PyQt6_Qt6_qml_QtQuick_Controls_FluentWinUI3_dark_images["images"]\n    node_venv_lib_python3_12_site-packages_PyQt6_Qt6_qml_QtQuick_Controls_FluentWinUI3_dark_images --> node_venv_lib_python3_12_site-packages_PyQt6_Qt6_qml_QtQuick_Controls_FluentWinUI3_dark_images_spinbox-indicator-down-icon-down-hovered@3x_png["spinbox-indicator-down-icon-down-hovered@3x.png"]\n    Root --> node_venv["venv"]\n    node_venv --> node_venv_lib["lib"]\n    node_venv_lib --> node_venv_lib_python3_12["python3.12"]\n    node_venv_lib_python3_12 --> node_venv_lib_python3_12_site-packages["site-packages"]\n    node_venv_lib_python3_12_site-packages --> node_venv_lib_python3_12_site-packages_PyQt6["PyQt6"]\n    node_venv_lib_python3_12_site-packages_PyQt6 --> node_venv_lib_python3_12_site-packages_PyQt6_Qt6["Qt6"]\n    node_venv_lib_python3_12_site-packages_PyQt6_Qt6 --> node_venv_lib_python3_12_site-packages_PyQt6_Qt6_qml["qml"]\n    node_venv_lib_python3_12_site-packages_PyQt6_Qt6_qml --> node_venv_lib_python3_12_site-packages_PyQt6_Qt6_qml_QtQuick["QtQuick"]\n    node_venv_lib_python3_12_site-packages_PyQt6_Qt6_qml_QtQuick --> node_venv_lib_python3_12_site-packages_PyQt6_Qt6_qml_QtQuick_Controls["Controls"]\n    node_venv_lib_python3_12_site-packages_PyQt6_Qt6_qml_QtQuick_Controls --> node_venv_lib_python3_12_site-packages_PyQt6_Qt6_qml_QtQuick_Controls_FluentWinUI3["FluentWinUI3"]\n    node_venv_lib_python3_12_site-packages_PyQt6_Qt6_qml_QtQuick_Controls_FluentWinUI3 --> node_venv_lib_python3_12_site-packages_PyQt6_Qt6_qml_QtQuick_Controls_FluentWinUI3_dark["dark"]\n    node_venv_lib_python3_12_site-packages_PyQt6_Qt6_qml_QtQuick_Controls_FluentWinUI3_dark --> node_venv_lib_python3_12_site-packages_PyQt6_Qt6_qml_QtQuick_Controls_FluentWinUI3_dark_images["images"]\n    node_venv_lib_python3_12_site-packages_PyQt6_Qt6_qml_QtQuick_Controls_FluentWinUI3_dark_images --> node_venv_lib_python3_12_site-packages_PyQt6_Qt6_qml_QtQuick_Controls_FluentWinUI3_dark_images_spinbox-indicator-down-icon-down-pressed_png["spinbox-indicator-down-icon-down-pressed.png"]\n    Root --> node_venv["venv"]\n    node_venv --> node_venv_lib["lib"]\n    node_venv_lib --> node_venv_lib_python3_12["python3.12"]\n    node_venv_lib_python3_12 --> node_venv_lib_python3_12_site-packages["site-packages"]\n    node_venv_lib_python3_12_site-packages --> node_venv_lib_python3_12_site-packages_PyQt6["PyQt6"]\n    node_venv_lib_python3_12_site-packages_PyQt6 --> node_venv_lib_python3_12_site-packages_PyQt6_Qt6["Qt6"]\n    node_venv_lib_python3_12_site-packages_PyQt6_Qt6 --> node_venv_lib_python3_12_site-packages_PyQt6_Qt6_qml["qml"]\n    node_venv_lib_python3_12_site-packages_PyQt6_Qt6_qml --> node_venv_lib_python3_12_site-packages_PyQt6_Qt6_qml_QtQuick["QtQuick"]\n    node_venv_lib_python3_12_site-packages_PyQt6_Qt6_qml_QtQuick --> node_venv_lib_python3_12_site-packages_PyQt6_Qt6_qml_QtQuick_Controls["Controls"]\n    node_venv_lib_python3_12_site-packages_PyQt6_Qt6_qml_QtQuick_Controls --> node_venv_lib_python3_12_site-packages_PyQt6_Qt6_qml_QtQuick_Controls_FluentWinUI3["FluentWinUI3"]\n    node_venv_lib_python3_12_site-packages_PyQt6_Qt6_qml_QtQuick_Controls_FluentWinUI3 --> node_venv_lib_python3_12_site-packages_PyQt6_Qt6_qml_QtQuick_Controls_FluentWinUI3_dark["dark"]\n    node_venv_lib_python3_12_site-packages_PyQt6_Qt6_qml_QtQuick_Controls_FluentWinUI3_dark --> node_venv_lib_python3_12_site-packages_PyQt6_Qt6_qml_QtQuick_Controls_FluentWinUI3_dark_images["images"]\n    node_venv_lib_python3_12_site-packages_PyQt6_Qt6_qml_QtQuick_Controls_FluentWinUI3_dark_images --> node_venv_lib_python3_12_site-packages_PyQt6_Qt6_qml_QtQuick_Controls_FluentWinUI3_dark_images_spinbox-indicator-down-icon-down-pressed@2x_png["spinbox-indicator-down-icon-down-pressed@2x.png"]\n    Root --> node_venv["venv"]\n    node_venv --> node_venv_lib["lib"]\n    node_venv_lib --> node_venv_lib_python3_12["python3.12"]\n    node_venv_lib_python3_12 --> node_venv_lib_python3_12_site-packages["site-packages"]\n    node_venv_lib_python3_12_site-packages --> node_venv_lib_python3_12_site-packages_PyQt6["PyQt6"]\n    node_venv_lib_python3_12_site-packages_PyQt6 --> node_venv_lib_python3_12_site-packages_PyQt6_Qt6["Qt6"]\n    node_venv_lib_python3_12_site-packages_PyQt6_Qt6 --> node_venv_lib_python3_12_site-packages_PyQt6_Qt6_qml["qml"]\n    node_venv_lib_python3_12_site-packages_PyQt6_Qt6_qml --> node_venv_lib_python3_12_site-packages_PyQt6_Qt6_qml_QtQuick["QtQuick"]\n    node_venv_lib_python3_12_site-packages_PyQt6_Qt6_qml_QtQuick --> node_venv_lib_python3_12_site-packages_PyQt6_Qt6_qml_QtQuick_Controls["Controls"]\n    node_venv_lib_python3_12_site-packages_PyQt6_Qt6_qml_QtQuick_Controls --> node_venv_lib_python3_12_site-packages_PyQt6_Qt6_qml_QtQuick_Controls_FluentWinUI3["FluentWinUI3"]\n    node_venv_lib_python3_12_site-packages_PyQt6_Qt6_qml_QtQuick_Controls_FluentWinUI3 --> node_venv_lib_python3_12_site-packages_PyQt6_Qt6_qml_QtQuick_Controls_FluentWinUI3_dark["dark"]\n    node_venv_lib_python3_12_site-packages_PyQt6_Qt6_qml_QtQuick_Controls_FluentWinUI3_dark --> node_venv_lib_python3_12_site-packages_PyQt6_Qt6_qml_QtQuick_Controls_FluentWinUI3_dark_images["images"]\n    node_venv_lib_python3_12_site-packages_PyQt6_Qt6_qml_QtQuick_Controls_FluentWinUI3_dark_images --> node_venv_lib_python3_12_site-packages_PyQt6_Qt6_qml_QtQuick_Controls_FluentWinUI3_dark_images_spinbox-indicator-down-icon-down-pressed@3x_png["spinbox-indicator-down-icon-down-pressed@3x.png"]\n    Root --> node_venv["venv"]\n    node_venv --> node_venv_lib["lib"]\n    node_venv_lib --> node_venv_lib_python3_12["python3.12"]\n    node_venv_lib_python3_12 --> node_venv_lib_python3_12_site-packages["site-packages"]\n    node_venv_lib_python3_12_site-packages --> node_venv_lib_python3_12_site-packages_PyQt6["PyQt6"]\n    node_venv_lib_python3_12_site-packages_PyQt6 --> node_venv_lib_python3_12_site-packages_PyQt6_Qt6["Qt6"]\n    node_venv_lib_python3_12_site-packages_PyQt6_Qt6 --> node_venv_lib_python3_12_site-packages_PyQt6_Qt6_qml["qml"]\n    node_venv_lib_python3_12_site-packages_PyQt6_Qt6_qml --> node_venv_lib_python3_12_site-packages_PyQt6_Qt6_qml_QtQuick["QtQuick"]\n    node_venv_lib_python3_12_site-packages_PyQt6_Qt6_qml_QtQuick --> node_venv_lib_python3_12_site-packages_PyQt6_Qt6_qml_QtQuick_Controls["Controls"]\n    node_venv_lib_python3_12_site-packages_PyQt6_Qt6_qml_QtQuick_Controls --> node_venv_lib_python3_12_site-packages_PyQt6_Qt6_qml_QtQuick_Controls_FluentWinUI3["FluentWinUI3"]\n    node_venv_lib_python3_12_site-packages_PyQt6_Qt6_qml_QtQuick_Controls_FluentWinUI3 --> node_venv_lib_python3_12_site-packages_PyQt6_Qt6_qml_QtQuick_Controls_FluentWinUI3_dark["dark"]\n    node_venv_lib_python3_12_site-packages_PyQt6_Qt6_qml_QtQuick_Controls_FluentWinUI3_dark --> node_venv_lib_python3_12_site-packages_PyQt6_Qt6_qml_QtQuick_Controls_FluentWinUI3_dark_images["images"]\n    node_venv_lib_python3_12_site-packages_PyQt6_Qt6_qml_QtQuick_Controls_FluentWinUI3_dark_images --> node_venv_lib_python3_12_site-packages_PyQt6_Qt6_qml_QtQuick_Controls_FluentWinUI3_dark_images_spinbox-indicator-down-icon-hovered_png["spinbox-indicator-down-icon-hovered.png"]\n    Root --> node_venv["venv"]\n    node_venv --> node_venv_lib["lib"]\n    node_venv_lib --> node_venv_lib_python3_12["python3.12"]\n    node_venv_lib_python3_12 --> node_venv_lib_python3_12_site-packages["site-packages"]\n    node_venv_lib_python3_12_site-packages --> node_venv_lib_python3_12_site-packages_PyQt6["PyQt6"]\n    node_venv_lib_python3_12_site-packages_PyQt6 --> node_venv_lib_python3_12_site-packages_PyQt6_Qt6["Qt6"]\n    node_venv_lib_python3_12_site-packages_PyQt6_Qt6 --> node_venv_lib_python3_12_site-packages_PyQt6_Qt6_qml["qml"]\n    node_venv_lib_python3_12_site-packages_PyQt6_Qt6_qml --> node_venv_lib_python3_12_site-packages_PyQt6_Qt6_qml_QtQuick["QtQuick"]\n    node_venv_lib_python3_12_site-packages_PyQt6_Qt6_qml_QtQuick --> node_venv_lib_python3_12_site-packages_PyQt6_Qt6_qml_QtQuick_Controls["Controls"]\n    node_venv_lib_python3_12_site-packages_PyQt6_Qt6_qml_QtQuick_Controls --> node_venv_lib_python3_12_site-packages_PyQt6_Qt6_qml_QtQuick_Controls_FluentWinUI3["FluentWinUI3"]\n    node_venv_lib_python3_12_site-packages_PyQt6_Qt6_qml_QtQuick_Controls_FluentWinUI3 --> node_venv_lib_python3_12_site-packages_PyQt6_Qt6_qml_QtQuick_Controls_FluentWinUI3_dark["dark"]\n    node_venv_lib_python3_12_site-packages_PyQt6_Qt6_qml_QtQuick_Controls_FluentWinUI3_dark --> node_venv_lib_python3_12_site-packages_PyQt6_Qt6_qml_QtQuick_Controls_FluentWinUI3_dark_images["images"]\n    node_venv_lib_python3_12_site-packages_PyQt6_Qt6_qml_QtQuick_Controls_FluentWinUI3_dark_images --> node_venv_lib_python3_12_site-packages_PyQt6_Qt6_qml_QtQuick_Controls_FluentWinUI3_dark_images_spinbox-indicator-down-icon-hovered@2x_png["spinbox-indicator-down-icon-hovered@2x.png"]\n    Root --> node_venv["venv"]\n    node_venv --> node_venv_lib["lib"]\n    node_venv_lib --> node_venv_lib_python3_12["python3.12"]\n    node_venv_lib_python3_12 --> node_venv_lib_python3_12_site-packages["site-packages"]\n    node_venv_lib_python3_12_site-packages --> node_venv_lib_python3_12_site-packages_PyQt6["PyQt6"]\n    node_venv_lib_python3_12_site-packages_PyQt6 --> node_venv_lib_python3_12_site-packages_PyQt6_Qt6["Qt6"]\n    node_venv_lib_python3_12_site-packages_PyQt6_Qt6 --> node_venv_lib_python3_12_site-packages_PyQt6_Qt6_qml["qml"]\n    node_venv_lib_python3_12_site-packages_PyQt6_Qt6_qml --> node_venv_lib_python3_12_site-packages_PyQt6_Qt6_qml_QtQuick["QtQuick"]\n    node_venv_lib_python3_12_site-packages_PyQt6_Qt6_qml_QtQuick --> node_venv_lib_python3_12_site-packages_PyQt6_Qt6_qml_QtQuick_Controls["Controls"]\n    node_venv_lib_python3_12_site-packages_PyQt6_Qt6_qml_QtQuick_Controls --> node_venv_lib_python3_12_site-packages_PyQt6_Qt6_qml_QtQuick_Controls_FluentWinUI3["FluentWinUI3"]\n    node_venv_lib_python3_12_site-packages_PyQt6_Qt6_qml_QtQuick_Controls_FluentWinUI3 --> node_venv_lib_python3_12_site-packages_PyQt6_Qt6_qml_QtQuick_Controls_FluentWinUI3_dark["dark"]\n    node_venv_lib_python3_12_site-packages_PyQt6_Qt6_qml_QtQuick_Controls_FluentWinUI3_dark --> node_venv_lib_python3_12_site-packages_PyQt6_Qt6_qml_QtQuick_Controls_FluentWinUI3_dark_images["images"]\n    node_venv_lib_python3_12_site-packages_PyQt6_Qt6_qml_QtQuick_Controls_FluentWinUI3_dark_images --> node_venv_lib_python3_12_site-packages_PyQt6_Qt6_qml_QtQuick_Controls_FluentWinUI3_dark_images_spinbox-indicator-down-icon-hovered@3x_png["spinbox-indicator-down-icon-hovered@3x.png"]\n    Root --> node_venv["venv"]\n    node_venv --> node_venv_lib["lib"]\n    node_venv_lib --> node_venv_lib_python3_12["python3.12"]\n    node_venv_lib_python3_12 --> node_venv_lib_python3_12_site-packages["site-packages"]\n    node_venv_lib_python3_12_site-packages --> node_venv_lib_python3_12_site-packages_PyQt6["PyQt6"]\n    node_venv_lib_python3_12_site-packages_PyQt6 --> node_venv_lib_python3_12_site-packages_PyQt6_Qt6["Qt6"]\n    node_venv_lib_python3_12_site-packages_PyQt6_Qt6 --> node_venv_lib_python3_12_site-packages_PyQt6_Qt6_qml["qml"]\n    node_venv_lib_python3_12_site-packages_PyQt6_Qt6_qml --> node_venv_lib_python3_12_site-packages_PyQt6_Qt6_qml_QtQuick["QtQuick"]\n    node_venv_lib_python3_12_site-packages_PyQt6_Qt6_qml_QtQuick --> node_venv_lib_python3_12_site-packages_PyQt6_Qt6_qml_QtQuick_Controls["Controls"]\n    node_venv_lib_python3_12_site-packages_PyQt6_Qt6_qml_QtQuick_Controls --> node_venv_lib_python3_12_site-packages_PyQt6_Qt6_qml_QtQuick_Controls_FluentWinUI3["FluentWinUI3"]\n    node_venv_lib_python3_12_site-packages_PyQt6_Qt6_qml_QtQuick_Controls_FluentWinUI3 --> node_venv_lib_python3_12_site-packages_PyQt6_Qt6_qml_QtQuick_Controls_FluentWinUI3_dark["dark"]\n    node_venv_lib_python3_12_site-packages_PyQt6_Qt6_qml_QtQuick_Controls_FluentWinUI3_dark --> node_venv_lib_python3_12_site-packages_PyQt6_Qt6_qml_QtQuick_Controls_FluentWinUI3_dark_images["images"]\n    node_venv_lib_python3_12_site-packages_PyQt6_Qt6_qml_QtQuick_Controls_FluentWinUI3_dark_images --> node_venv_lib_python3_12_site-packages_PyQt6_Qt6_qml_QtQuick_Controls_FluentWinUI3_dark_images_spinbox-indicator-down-icon-up-hovered_png["spinbox-indicator-down-icon-up-hovered.png"]\n    Root --> node_venv["venv"]\n    node_venv --> node_venv_lib["lib"]\n    node_venv_lib --> node_venv_lib_python3_12["python3.12"]\n    node_venv_lib_python3_12 --> node_venv_lib_python3_12_site-packages["site-packages"]\n    node_venv_lib_python3_12_site-packages --> node_venv_lib_python3_12_site-packages_PyQt6["PyQt6"]\n    node_venv_lib_python3_12_site-packages_PyQt6 --> node_venv_lib_python3_12_site-packages_PyQt6_Qt6["Qt6"]\n    node_venv_lib_python3_12_site-packages_PyQt6_Qt6 --> node_venv_lib_python3_12_site-packages_PyQt6_Qt6_qml["qml"]\n    node_venv_lib_python3_12_site-packages_PyQt6_Qt6_qml --> node_venv_lib_python3_12_site-packages_PyQt6_Qt6_qml_QtQuick["QtQuick"]\n    node_venv_lib_python3_12_site-packages_PyQt6_Qt6_qml_QtQuick --> node_venv_lib_python3_12_site-packages_PyQt6_Qt6_qml_QtQuick_Controls["Controls"]\n    node_venv_lib_python3_12_site-packages_PyQt6_Qt6_qml_QtQuick_Controls --> node_venv_lib_python3_12_site-packages_PyQt6_Qt6_qml_QtQuick_Controls_FluentWinUI3["FluentWinUI3"]\n    node_venv_lib_python3_12_site-packages_PyQt6_Qt6_qml_QtQuick_Controls_FluentWinUI3 --> node_venv_lib_python3_12_site-packages_PyQt6_Qt6_qml_QtQuick_Controls_FluentWinUI3_dark["dark"]\n    node_venv_lib_python3_12_site-packages_PyQt6_Qt6_qml_QtQuick_Controls_FluentWinUI3_dark --> node_venv_lib_python3_12_site-packages_PyQt6_Qt6_qml_QtQuick_Controls_FluentWinUI3_dark_images["images"]\n    node_venv_lib_python3_12_site-packages_PyQt6_Qt6_qml_QtQuick_Controls_FluentWinUI3_dark_images --> node_venv_lib_python3_12_site-packages_PyQt6_Qt6_qml_QtQuick_Controls_FluentWinUI3_dark_images_spinbox-indicator-down-icon-up-hovered@2x_png["spinbox-indicator-down-icon-up-hovered@2x.png"]\n    Root --> node_venv["venv"]\n    node_venv --> node_venv_lib["lib"]\n    node_venv_lib --> node_venv_lib_python3_12["python3.12"]\n    node_venv_lib_python3_12 --> node_venv_lib_python3_12_site-packages["site-packages"]\n    node_venv_lib_python3_12_site-packages --> node_venv_lib_python3_12_site-packages_PyQt6["PyQt6"]\n    node_venv_lib_python3_12_site-packages_PyQt6 --> node_venv_lib_python3_12_site-packages_PyQt6_Qt6["Qt6"]\n    node_venv_lib_python3_12_site-packages_PyQt6_Qt6 --> node_venv_lib_python3_12_site-packages_PyQt6_Qt6_qml["qml"]\n    node_venv_lib_python3_12_site-packages_PyQt6_Qt6_qml --> node_venv_lib_python3_12_site-packages_PyQt6_Qt6_qml_QtQuick["QtQuick"]\n    node_venv_lib_python3_12_site-packages_PyQt6_Qt6_qml_QtQuick --> node_venv_lib_python3_12_site-packages_PyQt6_Qt6_qml_QtQuick_Controls["Controls"]\n    node_venv_lib_python3_12_site-packages_PyQt6_Qt6_qml_QtQuick_Controls --> node_venv_lib_python3_12_site-packages_PyQt6_Qt6_qml_QtQuick_Controls_FluentWinUI3["FluentWinUI3"]\n    node_venv_lib_python3_12_site-packages_PyQt6_Qt6_qml_QtQuick_Controls_FluentWinUI3 --> node_venv_lib_python3_12_site-packages_PyQt6_Qt6_qml_QtQuick_Controls_FluentWinUI3_dark["dark"]\n    node_venv_lib_python3_12_site-packages_PyQt6_Qt6_qml_QtQuick_Controls_FluentWinUI3_dark --> node_venv_lib_python3_12_site-packages_PyQt6_Qt6_qml_QtQuick_Controls_FluentWinUI3_dark_images["images"]\n    node_venv_lib_python3_12_site-packages_PyQt6_Qt6_qml_QtQuick_Controls_FluentWinUI3_dark_images --> node_venv_lib_python3_12_site-packages_PyQt6_Qt6_qml_QtQuick_Controls_FluentWinUI3_dark_images_spinbox-indicator-down-icon-up-hovered@3x_png["spinbox-indicator-down-icon-up-hovered@3x.png"]\n    Root --> node_venv["venv"]\n    node_venv --> node_venv_lib["lib"]\n    node_venv_lib --> node_venv_lib_python3_12["python3.12"]\n    node_venv_lib_python3_12 --> node_venv_lib_python3_12_site-packages["site-packages"]\n    node_venv_lib_python3_12_site-packages --> node_venv_lib_python3_12_site-packages_PyQt6["PyQt6"]\n    node_venv_lib_python3_12_site-packages_PyQt6 --> node_venv_lib_python3_12_site-packages_PyQt6_Qt6["Qt6"]\n    node_venv_lib_python3_12_site-packages_PyQt6_Qt6 --> node_venv_lib_python3_12_site-packages_PyQt6_Qt6_qml["qml"]\n    node_venv_lib_python3_12_site-packages_PyQt6_Qt6_qml --> node_venv_lib_python3_12_site-packages_PyQt6_Qt6_qml_QtQuick["QtQuick"]\n    node_venv_lib_python3_12_site-packages_PyQt6_Qt6_qml_QtQuick --> node_venv_lib_python3_12_site-packages_PyQt6_Qt6_qml_QtQuick_Controls["Controls"]\n    node_venv_lib_python3_12_site-packages_PyQt6_Qt6_qml_QtQuick_Controls --> node_venv_lib_python3_12_site-packages_PyQt6_Qt6_qml_QtQuick_Controls_FluentWinUI3["FluentWinUI3"]\n    node_venv_lib_python3_12_site-packages_PyQt6_Qt6_qml_QtQuick_Controls_FluentWinUI3 --> node_venv_lib_python3_12_site-packages_PyQt6_Qt6_qml_QtQuick_Controls_FluentWinUI3_dark["dark"]\n    node_venv_lib_python3_12_site-packages_PyQt6_Qt6_qml_QtQuick_Controls_FluentWinUI3_dark --> node_venv_lib_python3_12_site-packages_PyQt6_Qt6_qml_QtQuick_Controls_FluentWinUI3_dark_images["images"]\n    node_venv_lib_python3_12_site-packages_PyQt6_Qt6_qml_QtQuick_Controls_FluentWinUI3_dark_images --> node_venv_lib_python3_12_site-packages_PyQt6_Qt6_qml_QtQuick_Controls_FluentWinUI3_dark_images_spinbox-indicator-down-icon-up-pressed_png["spinbox-indicator-down-icon-up-pressed.png"]\n    Root --> node_venv["venv"]\n    node_venv --> node_venv_lib["lib"]\n    node_venv_lib --> node_venv_lib_python3_12["python3.12"]\n    node_venv_lib_python3_12 --> node_venv_lib_python3_12_site-packages["site-packages"]\n    node_venv_lib_python3_12_site-packages --> node_venv_lib_python3_12_site-packages_PyQt6["PyQt6"]\n    node_venv_lib_python3_12_site-packages_PyQt6 --> node_venv_lib_python3_12_site-packages_PyQt6_Qt6["Qt6"]\n    node_venv_lib_python3_12_site-packages_PyQt6_Qt6 --> node_venv_lib_python3_12_site-packages_PyQt6_Qt6_qml["qml"]\n    node_venv_lib_python3_12_site-packages_PyQt6_Qt6_qml --> node_venv_lib_python3_12_site-packages_PyQt6_Qt6_qml_QtQuick["QtQuick"]\n    node_venv_lib_python3_12_site-packages_PyQt6_Qt6_qml_QtQuick --> node_venv_lib_python3_12_site-packages_PyQt6_Qt6_qml_QtQuick_Controls["Controls"]\n    node_venv_lib_python3_12_site-packages_PyQt6_Qt6_qml_QtQuick_Controls --> node_venv_lib_python3_12_site-packages_PyQt6_Qt6_qml_QtQuick_Controls_FluentWinUI3["FluentWinUI3"]\n    node_venv_lib_python3_12_site-packages_PyQt6_Qt6_qml_QtQuick_Controls_FluentWinUI3 --> node_venv_lib_python3_12_site-packages_PyQt6_Qt6_qml_QtQuick_Controls_FluentWinUI3_dark["dark"]\n    node_venv_lib_python3_12_site-packages_PyQt6_Qt6_qml_QtQuick_Controls_FluentWinUI3_dark --> node_venv_lib_python3_12_site-packages_PyQt6_Qt6_qml_QtQuick_Controls_FluentWinUI3_dark_images["images"]\n    node_venv_lib_python3_12_site-packages_PyQt6_Qt6_qml_QtQuick_Controls_FluentWinUI3_dark_images --> node_venv_lib_python3_12_site-packages_PyQt6_Qt6_qml_QtQuick_Controls_FluentWinUI3_dark_images_spinbox-indicator-down-icon-up-pressed@2x_png["spinbox-indicator-down-icon-up-pressed@2x.png"]\n    Root --> node_venv["venv"]\n    node_venv --> node_venv_lib["lib"]\n    node_venv_lib --> node_venv_lib_python3_12["python3.12"]\n    node_venv_lib_python3_12 --> node_venv_lib_python3_12_site-packages["site-packages"]\n    node_venv_lib_python3_12_site-packages --> node_venv_lib_python3_12_site-packages_PyQt6["PyQt6"]\n    node_venv_lib_python3_12_site-packages_PyQt6 --> node_venv_lib_python3_12_site-packages_PyQt6_Qt6["Qt6"]\n    node_venv_lib_python3_12_site-packages_PyQt6_Qt6 --> node_venv_lib_python3_12_site-packages_PyQt6_Qt6_qml["qml"]\n    node_venv_lib_python3_12_site-packages_PyQt6_Qt6_qml --> node_venv_lib_python3_12_site-packages_PyQt6_Qt6_qml_QtQuick["QtQuick"]\n    node_venv_lib_python3_12_site-packages_PyQt6_Qt6_qml_QtQuick --> node_venv_lib_python3_12_site-packages_PyQt6_Qt6_qml_QtQuick_Controls["Controls"]\n    node_venv_lib_python3_12_site-packages_PyQt6_Qt6_qml_QtQuick_Controls --> node_venv_lib_python3_12_site-packages_PyQt6_Qt6_qml_QtQuick_Controls_FluentWinUI3["FluentWinUI3"]\n    node_venv_lib_python3_12_site-packages_PyQt6_Qt6_qml_QtQuick_Controls_FluentWinUI3 --> node_venv_lib_python3_12_site-packages_PyQt6_Qt6_qml_QtQuick_Controls_FluentWinUI3_dark["dark"]\n    node_venv_lib_python3_12_site-packages_PyQt6_Qt6_qml_QtQuick_Controls_FluentWinUI3_dark --> node_venv_lib_python3_12_site-packages_PyQt6_Qt6_qml_QtQuick_Controls_FluentWinUI3_dark_images["images"]\n    node_venv_lib_python3_12_site-packages_PyQt6_Qt6_qml_QtQuick_Controls_FluentWinUI3_dark_images --> node_venv_lib_python3_12_site-packages_PyQt6_Qt6_qml_QtQuick_Controls_FluentWinUI3_dark_images_spinbox-indicator-down-icon-up-pressed@3x_png["spinbox-indicator-down-icon-up-pressed@3x.png"]\n    Root --> node_venv["venv"]\n    node_venv --> node_venv_lib["lib"]\n    node_venv_lib --> node_venv_lib_python3_12["python3.12"]\n    node_venv_lib_python3_12 --> node_venv_lib_python3_12_site-packages["site-packages"]\n    node_venv_lib_python3_12_site-packages --> node_venv_lib_python3_12_site-packages_PyQt6["PyQt6"]\n    node_venv_lib_python3_12_site-packages_PyQt6 --> node_venv_lib_python3_12_site-packages_PyQt6_Qt6["Qt6"]\n    node_venv_lib_python3_12_site-packages_PyQt6_Qt6 --> node_venv_lib_python3_12_site-packages_PyQt6_Qt6_qml["qml"]\n    node_venv_lib_python3_12_site-packages_PyQt6_Qt6_qml --> node_venv_lib_python3_12_site-packages_PyQt6_Qt6_qml_QtQuick["QtQuick"]\n    node_venv_lib_python3_12_site-packages_PyQt6_Qt6_qml_QtQuick --> node_venv_lib_python3_12_site-packages_PyQt6_Qt6_qml_QtQuick_Controls["Controls"]\n    node_venv_lib_python3_12_site-packages_PyQt6_Qt6_qml_QtQuick_Controls --> node_venv_lib_python3_12_site-packages_PyQt6_Qt6_qml_QtQuick_Controls_FluentWinUI3["FluentWinUI3"]\n    node_venv_lib_python3_12_site-packages_PyQt6_Qt6_qml_QtQuick_Controls_FluentWinUI3 --> node_venv_lib_python3_12_site-packages_PyQt6_Qt6_qml_QtQuick_Controls_FluentWinUI3_dark["dark"]\n    node_venv_lib_python3_12_site-packages_PyQt6_Qt6_qml_QtQuick_Controls_FluentWinUI3_dark --> node_venv_lib_python3_12_site-packages_PyQt6_Qt6_qml_QtQuick_Controls_FluentWinUI3_dark_images["images"]\n    node_venv_lib_python3_12_site-packages_PyQt6_Qt6_qml_QtQuick_Controls_FluentWinUI3_dark_images --> node_venv_lib_python3_12_site-packages_PyQt6_Qt6_qml_QtQuick_Controls_FluentWinUI3_dark_images_spinbox-indicator-down-icon_png["spinbox-indicator-down-icon.png"]\n    Root --> node_venv["venv"]\n    node_venv --> node_venv_lib["lib"]\n    node_venv_lib --> node_venv_lib_python3_12["python3.12"]\n    node_venv_lib_python3_12 --> node_venv_lib_python3_12_site-packages["site-packages"]\n    node_venv_lib_python3_12_site-packages --> node_venv_lib_python3_12_site-packages_PyQt6["PyQt6"]\n    node_venv_lib_python3_12_site-packages_PyQt6 --> node_venv_lib_python3_12_site-packages_PyQt6_Qt6["Qt6"]\n    node_venv_lib_python3_12_site-packages_PyQt6_Qt6 --> node_venv_lib_python3_12_site-packages_PyQt6_Qt6_qml["qml"]\n    node_venv_lib_python3_12_site-packages_PyQt6_Qt6_qml --> node_venv_lib_python3_12_site-packages_PyQt6_Qt6_qml_QtQuick["QtQuick"]\n    node_venv_lib_python3_12_site-packages_PyQt6_Qt6_qml_QtQuick --> node_venv_lib_python3_12_site-packages_PyQt6_Qt6_qml_QtQuick_Controls["Controls"]\n    node_venv_lib_python3_12_site-packages_PyQt6_Qt6_qml_QtQuick_Controls --> node_venv_lib_python3_12_site-packages_PyQt6_Qt6_qml_QtQuick_Controls_FluentWinUI3["FluentWinUI3"]\n    node_venv_lib_python3_12_site-packages_PyQt6_Qt6_qml_QtQuick_Controls_FluentWinUI3 --> node_venv_lib_python3_12_site-packages_PyQt6_Qt6_qml_QtQuick_Controls_FluentWinUI3_dark["dark"]\n    node_venv_lib_python3_12_site-packages_PyQt6_Qt6_qml_QtQuick_Controls_FluentWinUI3_dark --> node_venv_lib_python3_12_site-packages_PyQt6_Qt6_qml_QtQuick_Controls_FluentWinUI3_dark_images["images"]\n    node_venv_lib_python3_12_site-packages_PyQt6_Qt6_qml_QtQuick_Controls_FluentWinUI3_dark_images --> node_venv_lib_python3_12_site-packages_PyQt6_Qt6_qml_QtQuick_Controls_FluentWinUI3_dark_images_spinbox-indicator-down-icon@2x_png["spinbox-indicator-down-icon@2x.png"]\n    Root --> node_venv["venv"]\n    node_venv --> node_venv_lib["lib"]\n    node_venv_lib --> node_venv_lib_python3_12["python3.12"]\n    node_venv_lib_python3_12 --> node_venv_lib_python3_12_site-packages["site-packages"]\n    node_venv_lib_python3_12_site-packages --> node_venv_lib_python3_12_site-packages_PyQt6["PyQt6"]\n    node_venv_lib_python3_12_site-packages_PyQt6 --> node_venv_lib_python3_12_site-packages_PyQt6_Qt6["Qt6"]\n    node_venv_lib_python3_12_site-packages_PyQt6_Qt6 --> node_venv_lib_python3_12_site-packages_PyQt6_Qt6_qml["qml"]\n    node_venv_lib_python3_12_site-packages_PyQt6_Qt6_qml --> node_venv_lib_python3_12_site-packages_PyQt6_Qt6_qml_QtQuick["QtQuick"]\n    node_venv_lib_python3_12_site-packages_PyQt6_Qt6_qml_QtQuick --> node_venv_lib_python3_12_site-packages_PyQt6_Qt6_qml_QtQuick_Controls["Controls"]\n    node_venv_lib_python3_12_site-packages_PyQt6_Qt6_qml_QtQuick_Controls --> node_venv_lib_python3_12_site-packages_PyQt6_Qt6_qml_QtQuick_Controls_FluentWinUI3["FluentWinUI3"]\n    node_venv_lib_python3_12_site-packages_PyQt6_Qt6_qml_QtQuick_Controls_FluentWinUI3 --> node_venv_lib_python3_12_site-packages_PyQt6_Qt6_qml_QtQuick_Controls_FluentWinUI3_dark["dark"]\n    node_venv_lib_python3_12_site-packages_PyQt6_Qt6_qml_QtQuick_Controls_FluentWinUI3_dark --> node_venv_lib_python3_12_site-packages_PyQt6_Qt6_qml_QtQuick_Controls_FluentWinUI3_dark_images["images"]\n    node_venv_lib_python3_12_site-packages_PyQt6_Qt6_qml_QtQuick_Controls_FluentWinUI3_dark_images --> node_venv_lib_python3_12_site-packages_PyQt6_Qt6_qml_QtQuick_Controls_FluentWinUI3_dark_images_spinbox-indicator-down-icon@3x_png["spinbox-indicator-down-icon@3x.png"]\n    Root --> node_venv["venv"]\n    node_venv --> node_venv_lib["lib"]\n    node_venv_lib --> node_venv_lib_python3_12["python3.12"]\n    node_venv_lib_python3_12 --> node_venv_lib_python3_12_site-packages["site-packages"]\n    node_venv_lib_python3_12_site-packages --> node_venv_lib_python3_12_site-packages_PyQt6["PyQt6"]\n    node_venv_lib_python3_12_site-packages_PyQt6 --> node_venv_lib_python3_12_site-packages_PyQt6_Qt6["Qt6"]\n    node_venv_lib_python3_12_site-packages_PyQt6_Qt6 --> node_venv_lib_python3_12_site-packages_PyQt6_Qt6_qml["qml"]\n    node_venv_lib_python3_12_site-packages_PyQt6_Qt6_qml --> node_venv_lib_python3_12_site-packages_PyQt6_Qt6_qml_QtQuick["QtQuick"]\n    node_venv_lib_python3_12_site-packages_PyQt6_Qt6_qml_QtQuick --> node_venv_lib_python3_12_site-packages_PyQt6_Qt6_qml_QtQuick_Controls["Controls"]\n    node_venv_lib_python3_12_site-packages_PyQt6_Qt6_qml_QtQuick_Controls --> node_venv_lib_python3_12_site-packages_PyQt6_Qt6_qml_QtQuick_Controls_FluentWinUI3["FluentWinUI3"]\n    node_venv_lib_python3_12_site-packages_PyQt6_Qt6_qml_QtQuick_Controls_FluentWinUI3 --> node_venv_lib_python3_12_site-packages_PyQt6_Qt6_qml_QtQuick_Controls_FluentWinUI3_dark["dark"]\n    node_venv_lib_python3_12_site-packages_PyQt6_Qt6_qml_QtQuick_Controls_FluentWinUI3_dark --> node_venv_lib_python3_12_site-packages_PyQt6_Qt6_qml_QtQuick_Controls_FluentWinUI3_dark_images["images"]\n    node_venv_lib_python3_12_site-packages_PyQt6_Qt6_qml_QtQuick_Controls_FluentWinUI3_dark_images --> node_venv_lib_python3_12_site-packages_PyQt6_Qt6_qml_QtQuick_Controls_FluentWinUI3_dark_images_spinbox-indicator-up-background-atlimit_png["spinbox-indicator-up-background-atlimit.png"]\n    Root --> node_venv["venv"]\n    node_venv --> node_venv_lib["lib"]\n    node_venv_lib --> node_venv_lib_python3_12["python3.12"]\n    node_venv_lib_python3_12 --> node_venv_lib_python3_12_site-packages["site-packages"]\n    node_venv_lib_python3_12_site-packages --> node_venv_lib_python3_12_site-packages_PyQt6["PyQt6"]\n    node_venv_lib_python3_12_site-packages_PyQt6 --> node_venv_lib_python3_12_site-packages_PyQt6_Qt6["Qt6"]\n    node_venv_lib_python3_12_site-packages_PyQt6_Qt6 --> node_venv_lib_python3_12_site-packages_PyQt6_Qt6_qml["qml"]\n    node_venv_lib_python3_12_site-packages_PyQt6_Qt6_qml --> node_venv_lib_python3_12_site-packages_PyQt6_Qt6_qml_QtQuick["QtQuick"]\n    node_venv_lib_python3_12_site-packages_PyQt6_Qt6_qml_QtQuick --> node_venv_lib_python3_12_site-packages_PyQt6_Qt6_qml_QtQuick_Controls["Controls"]\n    node_venv_lib_python3_12_site-packages_PyQt6_Qt6_qml_QtQuick_Controls --> node_venv_lib_python3_12_site-packages_PyQt6_Qt6_qml_QtQuick_Controls_FluentWinUI3["FluentWinUI3"]\n    node_venv_lib_python3_12_site-packages_PyQt6_Qt6_qml_QtQuick_Controls_FluentWinUI3 --> node_venv_lib_python3_12_site-packages_PyQt6_Qt6_qml_QtQuick_Controls_FluentWinUI3_dark["dark"]\n    node_venv_lib_python3_12_site-packages_PyQt6_Qt6_qml_QtQuick_Controls_FluentWinUI3_dark --> node_venv_lib_python3_12_site-packages_PyQt6_Qt6_qml_QtQuick_Controls_FluentWinUI3_dark_images["images"]\n    node_venv_lib_python3_12_site-packages_PyQt6_Qt6_qml_QtQuick_Controls_FluentWinUI3_dark_images --> node_venv_lib_python3_12_site-packages_PyQt6_Qt6_qml_QtQuick_Controls_FluentWinUI3_dark_images_spinbox-indicator-up-background-atlimit@2x_png["spinbox-indicator-up-background-atlimit@2x.png"]\n    Root --> node_venv["venv"]\n    node_venv --> node_venv_lib["lib"]\n    node_venv_lib --> node_venv_lib_python3_12["python3.12"]\n    node_venv_lib_python3_12 --> node_venv_lib_python3_12_site-packages["site-packages"]\n    node_venv_lib_python3_12_site-packages --> node_venv_lib_python3_12_site-packages_PyQt6["PyQt6"]\n    node_venv_lib_python3_12_site-packages_PyQt6 --> node_venv_lib_python3_12_site-packages_PyQt6_Qt6["Qt6"]\n    node_venv_lib_python3_12_site-packages_PyQt6_Qt6 --> node_venv_lib_python3_12_site-packages_PyQt6_Qt6_qml["qml"]\n    node_venv_lib_python3_12_site-packages_PyQt6_Qt6_qml --> node_venv_lib_python3_12_site-packages_PyQt6_Qt6_qml_QtQuick["QtQuick"]\n    node_venv_lib_python3_12_site-packages_PyQt6_Qt6_qml_QtQuick --> node_venv_lib_python3_12_site-packages_PyQt6_Qt6_qml_QtQuick_Controls["Controls"]\n    node_venv_lib_python3_12_site-packages_PyQt6_Qt6_qml_QtQuick_Controls --> node_venv_lib_python3_12_site-packages_PyQt6_Qt6_qml_QtQuick_Controls_FluentWinUI3["FluentWinUI3"]\n    node_venv_lib_python3_12_site-packages_PyQt6_Qt6_qml_QtQuick_Controls_FluentWinUI3 --> node_venv_lib_python3_12_site-packages_PyQt6_Qt6_qml_QtQuick_Controls_FluentWinUI3_dark["dark"]\n    node_venv_lib_python3_12_site-packages_PyQt6_Qt6_qml_QtQuick_Controls_FluentWinUI3_dark --> node_venv_lib_python3_12_site-packages_PyQt6_Qt6_qml_QtQuick_Controls_FluentWinUI3_dark_images["images"]\n    node_venv_lib_python3_12_site-packages_PyQt6_Qt6_qml_QtQuick_Controls_FluentWinUI3_dark_images --> node_venv_lib_python3_12_site-packages_PyQt6_Qt6_qml_QtQuick_Controls_FluentWinUI3_dark_images_spinbox-indicator-up-background-atlimit@3x_png["spinbox-indicator-up-background-atlimit@3x.png"]\n    Root --> node_venv["venv"]\n    node_venv --> node_venv_lib["lib"]\n    node_venv_lib --> node_venv_lib_python3_12["python3.12"]\n    node_venv_lib_python3_12 --> node_venv_lib_python3_12_site-packages["site-packages"]\n    node_venv_lib_python3_12_site-packages --> node_venv_lib_python3_12_site-packages_PyQt6["PyQt6"]\n    node_venv_lib_python3_12_site-packages_PyQt6 --> node_venv_lib_python3_12_site-packages_PyQt6_Qt6["Qt6"]\n    node_venv_lib_python3_12_site-packages_PyQt6_Qt6 --> node_venv_lib_python3_12_site-packages_PyQt6_Qt6_qml["qml"]\n    node_venv_lib_python3_12_site-packages_PyQt6_Qt6_qml --> node_venv_lib_python3_12_site-packages_PyQt6_Qt6_qml_QtQuick["QtQuick"]\n    node_venv_lib_python3_12_site-packages_PyQt6_Qt6_qml_QtQuick --> node_venv_lib_python3_12_site-packages_PyQt6_Qt6_qml_QtQuick_Controls["Controls"]\n    node_venv_lib_python3_12_site-packages_PyQt6_Qt6_qml_QtQuick_Controls --> node_venv_lib_python3_12_site-packages_PyQt6_Qt6_qml_QtQuick_Controls_FluentWinUI3["FluentWinUI3"]\n    node_venv_lib_python3_12_site-packages_PyQt6_Qt6_qml_QtQuick_Controls_FluentWinUI3 --> node_venv_lib_python3_12_site-packages_PyQt6_Qt6_qml_QtQuick_Controls_FluentWinUI3_dark["dark"]\n    node_venv_lib_python3_12_site-packages_PyQt6_Qt6_qml_QtQuick_Controls_FluentWinUI3_dark --> node_venv_lib_python3_12_site-packages_PyQt6_Qt6_qml_QtQuick_Controls_FluentWinUI3_dark_images["images"]\n    node_venv_lib_python3_12_site-packages_PyQt6_Qt6_qml_QtQuick_Controls_FluentWinUI3_dark_images --> node_venv_lib_python3_12_site-packages_PyQt6_Qt6_qml_QtQuick_Controls_FluentWinUI3_dark_images_spinbox-indicator-up-background-disabled_png["spinbox-indicator-up-background-disabled.png"]\n    Root --> node_venv["venv"]\n    node_venv --> node_venv_lib["lib"]\n    node_venv_lib --> node_venv_lib_python3_12["python3.12"]\n    node_venv_lib_python3_12 --> node_venv_lib_python3_12_site-packages["site-packages"]\n    node_venv_lib_python3_12_site-packages --> node_venv_lib_python3_12_site-packages_PyQt6["PyQt6"]\n    node_venv_lib_python3_12_site-packages_PyQt6 --> node_venv_lib_python3_12_site-packages_PyQt6_Qt6["Qt6"]\n    node_venv_lib_python3_12_site-packages_PyQt6_Qt6 --> node_venv_lib_python3_12_site-packages_PyQt6_Qt6_qml["qml"]\n    node_venv_lib_python3_12_site-packages_PyQt6_Qt6_qml --> node_venv_lib_python3_12_site-packages_PyQt6_Qt6_qml_QtQuick["QtQuick"]\n    node_venv_lib_python3_12_site-packages_PyQt6_Qt6_qml_QtQuick --> node_venv_lib_python3_12_site-packages_PyQt6_Qt6_qml_QtQuick_Controls["Controls"]\n    node_venv_lib_python3_12_site-packages_PyQt6_Qt6_qml_QtQuick_Controls --> node_venv_lib_python3_12_site-packages_PyQt6_Qt6_qml_QtQuick_Controls_FluentWinUI3["FluentWinUI3"]\n    node_venv_lib_python3_12_site-packages_PyQt6_Qt6_qml_QtQuick_Controls_FluentWinUI3 --> node_venv_lib_python3_12_site-packages_PyQt6_Qt6_qml_QtQuick_Controls_FluentWinUI3_dark["dark"]\n    node_venv_lib_python3_12_site-packages_PyQt6_Qt6_qml_QtQuick_Controls_FluentWinUI3_dark --> node_venv_lib_python3_12_site-packages_PyQt6_Qt6_qml_QtQuick_Controls_FluentWinUI3_dark_images["images"]\n    node_venv_lib_python3_12_site-packages_PyQt6_Qt6_qml_QtQuick_Controls_FluentWinUI3_dark_images --> node_venv_lib_python3_12_site-packages_PyQt6_Qt6_qml_QtQuick_Controls_FluentWinUI3_dark_images_spinbox-indicator-up-background-disabled@2x_png["spinbox-indicator-up-background-disabled@2x.png"]\n    Root --> node_venv["venv"]\n    node_venv --> node_venv_lib["lib"]\n    node_venv_lib --> node_venv_lib_python3_12["python3.12"]\n    node_venv_lib_python3_12 --> node_venv_lib_python3_12_site-packages["site-packages"]\n    node_venv_lib_python3_12_site-packages --> node_venv_lib_python3_12_site-packages_PyQt6["PyQt6"]\n    node_venv_lib_python3_12_site-packages_PyQt6 --> node_venv_lib_python3_12_site-packages_PyQt6_Qt6["Qt6"]\n    node_venv_lib_python3_12_site-packages_PyQt6_Qt6 --> node_venv_lib_python3_12_site-packages_PyQt6_Qt6_qml["qml"]\n    node_venv_lib_python3_12_site-packages_PyQt6_Qt6_qml --> node_venv_lib_python3_12_site-packages_PyQt6_Qt6_qml_QtQuick["QtQuick"]\n    node_venv_lib_python3_12_site-packages_PyQt6_Qt6_qml_QtQuick --> node_venv_lib_python3_12_site-packages_PyQt6_Qt6_qml_QtQuick_Controls["Controls"]\n    node_venv_lib_python3_12_site-packages_PyQt6_Qt6_qml_QtQuick_Controls --> node_venv_lib_python3_12_site-packages_PyQt6_Qt6_qml_QtQuick_Controls_FluentWinUI3["FluentWinUI3"]\n    node_venv_lib_python3_12_site-packages_PyQt6_Qt6_qml_QtQuick_Controls_FluentWinUI3 --> node_venv_lib_python3_12_site-packages_PyQt6_Qt6_qml_QtQuick_Controls_FluentWinUI3_dark["dark"]\n    node_venv_lib_python3_12_site-packages_PyQt6_Qt6_qml_QtQuick_Controls_FluentWinUI3_dark --> node_venv_lib_python3_12_site-packages_PyQt6_Qt6_qml_QtQuick_Controls_FluentWinUI3_dark_images["images"]\n    node_venv_lib_python3_12_site-packages_PyQt6_Qt6_qml_QtQuick_Controls_FluentWinUI3_dark_images --> node_venv_lib_python3_12_site-packages_PyQt6_Qt6_qml_QtQuick_Controls_FluentWinUI3_dark_images_spinbox-indicator-up-background-disabled@3x_png["spinbox-indicator-up-background-disabled@3x.png"]\n    Root --> node_venv["venv"]\n    node_venv --> node_venv_lib["lib"]\n    node_venv_lib --> node_venv_lib_python3_12["python3.12"]\n    node_venv_lib_python3_12 --> node_venv_lib_python3_12_site-packages["site-packages"]\n    node_venv_lib_python3_12_site-packages --> node_venv_lib_python3_12_site-packages_PyQt6["PyQt6"]\n    node_venv_lib_python3_12_site-packages_PyQt6 --> node_venv_lib_python3_12_site-packages_PyQt6_Qt6["Qt6"]\n    node_venv_lib_python3_12_site-packages_PyQt6_Qt6 --> node_venv_lib_python3_12_site-packages_PyQt6_Qt6_qml["qml"]\n    node_venv_lib_python3_12_site-packages_PyQt6_Qt6_qml --> node_venv_lib_python3_12_site-packages_PyQt6_Qt6_qml_QtQuick["QtQuick"]\n    node_venv_lib_python3_12_site-packages_PyQt6_Qt6_qml_QtQuick --> node_venv_lib_python3_12_site-packages_PyQt6_Qt6_qml_QtQuick_Controls["Controls"]\n    node_venv_lib_python3_12_site-packages_PyQt6_Qt6_qml_QtQuick_Controls --> node_venv_lib_python3_12_site-packages_PyQt6_Qt6_qml_QtQuick_Controls_FluentWinUI3["FluentWinUI3"]\n    node_venv_lib_python3_12_site-packages_PyQt6_Qt6_qml_QtQuick_Controls_FluentWinUI3 --> node_venv_lib_python3_12_site-packages_PyQt6_Qt6_qml_QtQuick_Controls_FluentWinUI3_dark["dark"]\n    node_venv_lib_python3_12_site-packages_PyQt6_Qt6_qml_QtQuick_Controls_FluentWinUI3_dark --> node_venv_lib_python3_12_site-packages_PyQt6_Qt6_qml_QtQuick_Controls_FluentWinUI3_dark_images["images"]\n    node_venv_lib_python3_12_site-packages_PyQt6_Qt6_qml_QtQuick_Controls_FluentWinUI3_dark_images --> node_venv_lib_python3_12_site-packages_PyQt6_Qt6_qml_QtQuick_Controls_FluentWinUI3_dark_images_spinbox-indicator-up-background-down-hovered_png["spinbox-indicator-up-background-down-hovered.png"]\n    Root --> node_venv["venv"]\n    node_venv --> node_venv_lib["lib"]\n    node_venv_lib --> node_venv_lib_python3_12["python3.12"]\n    node_venv_lib_python3_12 --> node_venv_lib_python3_12_site-packages["site-packages"]\n    node_venv_lib_python3_12_site-packages --> node_venv_lib_python3_12_site-packages_PyQt6["PyQt6"]\n    node_venv_lib_python3_12_site-packages_PyQt6 --> node_venv_lib_python3_12_site-packages_PyQt6_Qt6["Qt6"]\n    node_venv_lib_python3_12_site-packages_PyQt6_Qt6 --> node_venv_lib_python3_12_site-packages_PyQt6_Qt6_qml["qml"]\n    node_venv_lib_python3_12_site-packages_PyQt6_Qt6_qml --> node_venv_lib_python3_12_site-packages_PyQt6_Qt6_qml_QtQuick["QtQuick"]\n    node_venv_lib_python3_12_site-packages_PyQt6_Qt6_qml_QtQuick --> node_venv_lib_python3_12_site-packages_PyQt6_Qt6_qml_QtQuick_Controls["Controls"]\n    node_venv_lib_python3_12_site-packages_PyQt6_Qt6_qml_QtQuick_Controls --> node_venv_lib_python3_12_site-packages_PyQt6_Qt6_qml_QtQuick_Controls_FluentWinUI3["FluentWinUI3"]\n    node_venv_lib_python3_12_site-packages_PyQt6_Qt6_qml_QtQuick_Controls_FluentWinUI3 --> node_venv_lib_python3_12_site-packages_PyQt6_Qt6_qml_QtQuick_Controls_FluentWinUI3_dark["dark"]\n    node_venv_lib_python3_12_site-packages_PyQt6_Qt6_qml_QtQuick_Controls_FluentWinUI3_dark --> node_venv_lib_python3_12_site-packages_PyQt6_Qt6_qml_QtQuick_Controls_FluentWinUI3_dark_images["images"]\n    node_venv_lib_python3_12_site-packages_PyQt6_Qt6_qml_QtQuick_Controls_FluentWinUI3_dark_images --> node_venv_lib_python3_12_site-packages_PyQt6_Qt6_qml_QtQuick_Controls_FluentWinUI3_dark_images_spinbox-indicator-up-background-down-hovered@2x_png["spinbox-indicator-up-background-down-hovered@2x.png"]\n    Root --> node_venv["venv"]\n    node_venv --> node_venv_lib["lib"]\n    node_venv_lib --> node_venv_lib_python3_12["python3.12"]\n    node_venv_lib_python3_12 --> node_venv_lib_python3_12_site-packages["site-packages"]\n    node_venv_lib_python3_12_site-packages --> node_venv_lib_python3_12_site-packages_PyQt6["PyQt6"]\n    node_venv_lib_python3_12_site-packages_PyQt6 --> node_venv_lib_python3_12_site-packages_PyQt6_Qt6["Qt6"]\n    node_venv_lib_python3_12_site-packages_PyQt6_Qt6 --> node_venv_lib_python3_12_site-packages_PyQt6_Qt6_qml["qml"]\n    node_venv_lib_python3_12_site-packages_PyQt6_Qt6_qml --> node_venv_lib_python3_12_site-packages_PyQt6_Qt6_qml_QtQuick["QtQuick"]\n    node_venv_lib_python3_12_site-packages_PyQt6_Qt6_qml_QtQuick --> node_venv_lib_python3_12_site-packages_PyQt6_Qt6_qml_QtQuick_Controls["Controls"]\n    node_venv_lib_python3_12_site-packages_PyQt6_Qt6_qml_QtQuick_Controls --> node_venv_lib_python3_12_site-packages_PyQt6_Qt6_qml_QtQuick_Controls_FluentWinUI3["FluentWinUI3"]\n    node_venv_lib_python3_12_site-packages_PyQt6_Qt6_qml_QtQuick_Controls_FluentWinUI3 --> node_venv_lib_python3_12_site-packages_PyQt6_Qt6_qml_QtQuick_Controls_FluentWinUI3_dark["dark"]\n    node_venv_lib_python3_12_site-packages_PyQt6_Qt6_qml_QtQuick_Controls_FluentWinUI3_dark --> node_venv_lib_python3_12_site-packages_PyQt6_Qt6_qml_QtQuick_Controls_FluentWinUI3_dark_images["images"]\n    node_venv_lib_python3_12_site-packages_PyQt6_Qt6_qml_QtQuick_Controls_FluentWinUI3_dark_images --> node_venv_lib_python3_12_site-packages_PyQt6_Qt6_qml_QtQuick_Controls_FluentWinUI3_dark_images_spinbox-indicator-up-background-down-hovered@3x_png["spinbox-indicator-up-background-down-hovered@3x.png"]\n    Root --> node_venv["venv"]\n    node_venv --> node_venv_lib["lib"]\n    node_venv_lib --> node_venv_lib_python3_12["python3.12"]\n    node_venv_lib_python3_12 --> node_venv_lib_python3_12_site-packages["site-packages"]\n    node_venv_lib_python3_12_site-packages --> node_venv_lib_python3_12_site-packages_PyQt6["PyQt6"]\n    node_venv_lib_python3_12_site-packages_PyQt6 --> node_venv_lib_python3_12_site-packages_PyQt6_Qt6["Qt6"]\n    node_venv_lib_python3_12_site-packages_PyQt6_Qt6 --> node_venv_lib_python3_12_site-packages_PyQt6_Qt6_qml["qml"]\n    node_venv_lib_python3_12_site-packages_PyQt6_Qt6_qml --> node_venv_lib_python3_12_site-packages_PyQt6_Qt6_qml_QtQuick["QtQuick"]\n    node_venv_lib_python3_12_site-packages_PyQt6_Qt6_qml_QtQuick --> node_venv_lib_python3_12_site-packages_PyQt6_Qt6_qml_QtQuick_Controls["Controls"]\n    node_venv_lib_python3_12_site-packages_PyQt6_Qt6_qml_QtQuick_Controls --> node_venv_lib_python3_12_site-packages_PyQt6_Qt6_qml_QtQuick_Controls_FluentWinUI3["FluentWinUI3"]\n    node_venv_lib_python3_12_site-packages_PyQt6_Qt6_qml_QtQuick_Controls_FluentWinUI3 --> node_venv_lib_python3_12_site-packages_PyQt6_Qt6_qml_QtQuick_Controls_FluentWinUI3_dark["dark"]\n    node_venv_lib_python3_12_site-packages_PyQt6_Qt6_qml_QtQuick_Controls_FluentWinUI3_dark --> node_venv_lib_python3_12_site-packages_PyQt6_Qt6_qml_QtQuick_Controls_FluentWinUI3_dark_images["images"]\n    node_venv_lib_python3_12_site-packages_PyQt6_Qt6_qml_QtQuick_Controls_FluentWinUI3_dark_images --> node_venv_lib_python3_12_site-packages_PyQt6_Qt6_qml_QtQuick_Controls_FluentWinUI3_dark_images_spinbox-indicator-up-background-down-pressed_png["spinbox-indicator-up-background-down-pressed.png"]\n    Root --> node_venv["venv"]\n    node_venv --> node_venv_lib["lib"]\n    node_venv_lib --> node_venv_lib_python3_12["python3.12"]\n    node_venv_lib_python3_12 --> node_venv_lib_python3_12_site-packages["site-packages"]\n    node_venv_lib_python3_12_site-packages --> node_venv_lib_python3_12_site-packages_PyQt6["PyQt6"]\n    node_venv_lib_python3_12_site-packages_PyQt6 --> node_venv_lib_python3_12_site-packages_PyQt6_Qt6["Qt6"]\n    node_venv_lib_python3_12_site-packages_PyQt6_Qt6 --> node_venv_lib_python3_12_site-packages_PyQt6_Qt6_qml["qml"]\n    node_venv_lib_python3_12_site-packages_PyQt6_Qt6_qml --> node_venv_lib_python3_12_site-packages_PyQt6_Qt6_qml_QtQuick["QtQuick"]\n    node_venv_lib_python3_12_site-packages_PyQt6_Qt6_qml_QtQuick --> node_venv_lib_python3_12_site-packages_PyQt6_Qt6_qml_QtQuick_Controls["Controls"]\n    node_venv_lib_python3_12_site-packages_PyQt6_Qt6_qml_QtQuick_Controls --> node_venv_lib_python3_12_site-packages_PyQt6_Qt6_qml_QtQuick_Controls_FluentWinUI3["FluentWinUI3"]\n    node_venv_lib_python3_12_site-packages_PyQt6_Qt6_qml_QtQuick_Controls_FluentWinUI3 --> node_venv_lib_python3_12_site-packages_PyQt6_Qt6_qml_QtQuick_Controls_FluentWinUI3_dark["dark"]\n    node_venv_lib_python3_12_site-packages_PyQt6_Qt6_qml_QtQuick_Controls_FluentWinUI3_dark --> node_venv_lib_python3_12_site-packages_PyQt6_Qt6_qml_QtQuick_Controls_FluentWinUI3_dark_images["images"]\n    node_venv_lib_python3_12_site-packages_PyQt6_Qt6_qml_QtQuick_Controls_FluentWinUI3_dark_images --> node_venv_lib_python3_12_site-packages_PyQt6_Qt6_qml_QtQuick_Controls_FluentWinUI3_dark_images_spinbox-indicator-up-background-down-pressed@2x_png["spinbox-indicator-up-background-down-pressed@2x.png"]\n    Root --> node_venv["venv"]\n    node_venv --> node_venv_lib["lib"]\n    node_venv_lib --> node_venv_lib_python3_12["python3.12"]\n    node_venv_lib_python3_12 --> node_venv_lib_python3_12_site-packages["site-packages"]\n    node_venv_lib_python3_12_site-packages --> node_venv_lib_python3_12_site-packages_PyQt6["PyQt6"]\n    node_venv_lib_python3_12_site-packages_PyQt6 --> node_venv_lib_python3_12_site-packages_PyQt6_Qt6["Qt6"]\n    node_venv_lib_python3_12_site-packages_PyQt6_Qt6 --> node_venv_lib_python3_12_site-packages_PyQt6_Qt6_qml["qml"]\n    node_venv_lib_python3_12_site-packages_PyQt6_Qt6_qml --> node_venv_lib_python3_12_site-packages_PyQt6_Qt6_qml_QtQuick["QtQuick"]\n    node_venv_lib_python3_12_site-packages_PyQt6_Qt6_qml_QtQuick --> node_venv_lib_python3_12_site-packages_PyQt6_Qt6_qml_QtQuick_Controls["Controls"]\n    node_venv_lib_python3_12_site-packages_PyQt6_Qt6_qml_QtQuick_Controls --> node_venv_lib_python3_12_site-packages_PyQt6_Qt6_qml_QtQuick_Controls_FluentWinUI3["FluentWinUI3"]\n    node_venv_lib_python3_12_site-packages_PyQt6_Qt6_qml_QtQuick_Controls_FluentWinUI3 --> node_venv_lib_python3_12_site-packages_PyQt6_Qt6_qml_QtQuick_Controls_FluentWinUI3_dark["dark"]\n    node_venv_lib_python3_12_site-packages_PyQt6_Qt6_qml_QtQuick_Controls_FluentWinUI3_dark --> node_venv_lib_python3_12_site-packages_PyQt6_Qt6_qml_QtQuick_Controls_FluentWinUI3_dark_images["images"]\n    node_venv_lib_python3_12_site-packages_PyQt6_Qt6_qml_QtQuick_Controls_FluentWinUI3_dark_images --> node_venv_lib_python3_12_site-packages_PyQt6_Qt6_qml_QtQuick_Controls_FluentWinUI3_dark_images_spinbox-indicator-up-background-down-pressed@3x_png["spinbox-indicator-up-background-down-pressed@3x.png"]\n    Root --> node_venv["venv"]\n    node_venv --> node_venv_lib["lib"]\n    node_venv_lib --> node_venv_lib_python3_12["python3.12"]\n    node_venv_lib_python3_12 --> node_venv_lib_python3_12_site-packages["site-packages"]\n    node_venv_lib_python3_12_site-packages --> node_venv_lib_python3_12_site-packages_PyQt6["PyQt6"]\n    node_venv_lib_python3_12_site-packages_PyQt6 --> node_venv_lib_python3_12_site-packages_PyQt6_Qt6["Qt6"]\n    node_venv_lib_python3_12_site-packages_PyQt6_Qt6 --> node_venv_lib_python3_12_site-packages_PyQt6_Qt6_qml["qml"]\n    node_venv_lib_python3_12_site-packages_PyQt6_Qt6_qml --> node_venv_lib_python3_12_site-packages_PyQt6_Qt6_qml_QtQuick["QtQuick"]\n    node_venv_lib_python3_12_site-packages_PyQt6_Qt6_qml_QtQuick --> node_venv_lib_python3_12_site-packages_PyQt6_Qt6_qml_QtQuick_Controls["Controls"]\n    node_venv_lib_python3_12_site-packages_PyQt6_Qt6_qml_QtQuick_Controls --> node_venv_lib_python3_12_site-packages_PyQt6_Qt6_qml_QtQuick_Controls_FluentWinUI3["FluentWinUI3"]\n    node_venv_lib_python3_12_site-packages_PyQt6_Qt6_qml_QtQuick_Controls_FluentWinUI3 --> node_venv_lib_python3_12_site-packages_PyQt6_Qt6_qml_QtQuick_Controls_FluentWinUI3_dark["dark"]\n    node_venv_lib_python3_12_site-packages_PyQt6_Qt6_qml_QtQuick_Controls_FluentWinUI3_dark --> node_venv_lib_python3_12_site-packages_PyQt6_Qt6_qml_QtQuick_Controls_FluentWinUI3_dark_images["images"]\n    node_venv_lib_python3_12_site-packages_PyQt6_Qt6_qml_QtQuick_Controls_FluentWinUI3_dark_images --> node_venv_lib_python3_12_site-packages_PyQt6_Qt6_qml_QtQuick_Controls_FluentWinUI3_dark_images_spinbox-indicator-up-background-hovered_png["spinbox-indicator-up-background-hovered.png"]\n    Root --> node_venv["venv"]\n    node_venv --> node_venv_lib["lib"]\n    node_venv_lib --> node_venv_lib_python3_12["python3.12"]\n    node_venv_lib_python3_12 --> node_venv_lib_python3_12_site-packages["site-packages"]\n    node_venv_lib_python3_12_site-packages --> node_venv_lib_python3_12_site-packages_PyQt6["PyQt6"]\n    node_venv_lib_python3_12_site-packages_PyQt6 --> node_venv_lib_python3_12_site-packages_PyQt6_Qt6["Qt6"]\n    node_venv_lib_python3_12_site-packages_PyQt6_Qt6 --> node_venv_lib_python3_12_site-packages_PyQt6_Qt6_qml["qml"]\n    node_venv_lib_python3_12_site-packages_PyQt6_Qt6_qml --> node_venv_lib_python3_12_site-packages_PyQt6_Qt6_qml_QtQuick["QtQuick"]\n    node_venv_lib_python3_12_site-packages_PyQt6_Qt6_qml_QtQuick --> node_venv_lib_python3_12_site-packages_PyQt6_Qt6_qml_QtQuick_Controls["Controls"]\n    node_venv_lib_python3_12_site-packages_PyQt6_Qt6_qml_QtQuick_Controls --> node_venv_lib_python3_12_site-packages_PyQt6_Qt6_qml_QtQuick_Controls_FluentWinUI3["FluentWinUI3"]\n    node_venv_lib_python3_12_site-packages_PyQt6_Qt6_qml_QtQuick_Controls_FluentWinUI3 --> node_venv_lib_python3_12_site-packages_PyQt6_Qt6_qml_QtQuick_Controls_FluentWinUI3_dark["dark"]\n    node_venv_lib_python3_12_site-packages_PyQt6_Qt6_qml_QtQuick_Controls_FluentWinUI3_dark --> node_venv_lib_python3_12_site-packages_PyQt6_Qt6_qml_QtQuick_Controls_FluentWinUI3_dark_images["images"]\n    node_venv_lib_python3_12_site-packages_PyQt6_Qt6_qml_QtQuick_Controls_FluentWinUI3_dark_images --> node_venv_lib_python3_12_site-packages_PyQt6_Qt6_qml_QtQuick_Controls_FluentWinUI3_dark_images_spinbox-indicator-up-background-hovered@2x_png["spinbox-indicator-up-background-hovered@2x.png"]\n    Root --> node_venv["venv"]\n    node_venv --> node_venv_lib["lib"]\n    node_venv_lib --> node_venv_lib_python3_12["python3.12"]\n    node_venv_lib_python3_12 --> node_venv_lib_python3_12_site-packages["site-packages"]\n    node_venv_lib_python3_12_site-packages --> node_venv_lib_python3_12_site-packages_PyQt6["PyQt6"]\n    node_venv_lib_python3_12_site-packages_PyQt6 --> node_venv_lib_python3_12_site-packages_PyQt6_Qt6["Qt6"]\n    node_venv_lib_python3_12_site-packages_PyQt6_Qt6 --> node_venv_lib_python3_12_site-packages_PyQt6_Qt6_qml["qml"]\n    node_venv_lib_python3_12_site-packages_PyQt6_Qt6_qml --> node_venv_lib_python3_12_site-packages_PyQt6_Qt6_qml_QtQuick["QtQuick"]\n    node_venv_lib_python3_12_site-packages_PyQt6_Qt6_qml_QtQuick --> node_venv_lib_python3_12_site-packages_PyQt6_Qt6_qml_QtQuick_Controls["Controls"]\n    node_venv_lib_python3_12_site-packages_PyQt6_Qt6_qml_QtQuick_Controls --> node_venv_lib_python3_12_site-packages_PyQt6_Qt6_qml_QtQuick_Controls_FluentWinUI3["FluentWinUI3"]\n    node_venv_lib_python3_12_site-packages_PyQt6_Qt6_qml_QtQuick_Controls_FluentWinUI3 --> node_venv_lib_python3_12_site-packages_PyQt6_Qt6_qml_QtQuick_Controls_FluentWinUI3_dark["dark"]\n    node_venv_lib_python3_12_site-packages_PyQt6_Qt6_qml_QtQuick_Controls_FluentWinUI3_dark --> node_venv_lib_python3_12_site-packages_PyQt6_Qt6_qml_QtQuick_Controls_FluentWinUI3_dark_images["images"]\n    node_venv_lib_python3_12_site-packages_PyQt6_Qt6_qml_QtQuick_Controls_FluentWinUI3_dark_images --> node_venv_lib_python3_12_site-packages_PyQt6_Qt6_qml_QtQuick_Controls_FluentWinUI3_dark_images_spinbox-indicator-up-background-hovered@3x_png["spinbox-indicator-up-background-hovered@3x.png"]\n    Root --> node_venv["venv"]\n    node_venv --> node_venv_lib["lib"]\n    node_venv_lib --> node_venv_lib_python3_12["python3.12"]\n    node_venv_lib_python3_12 --> node_venv_lib_python3_12_site-packages["site-packages"]\n    node_venv_lib_python3_12_site-packages --> node_venv_lib_python3_12_site-packages_PyQt6["PyQt6"]\n    node_venv_lib_python3_12_site-packages_PyQt6 --> node_venv_lib_python3_12_site-packages_PyQt6_Qt6["Qt6"]\n    node_venv_lib_python3_12_site-packages_PyQt6_Qt6 --> node_venv_lib_python3_12_site-packages_PyQt6_Qt6_qml["qml"]\n    node_venv_lib_python3_12_site-packages_PyQt6_Qt6_qml --> node_venv_lib_python3_12_site-packages_PyQt6_Qt6_qml_QtQuick["QtQuick"]\n    node_venv_lib_python3_12_site-packages_PyQt6_Qt6_qml_QtQuick --> node_venv_lib_python3_12_site-packages_PyQt6_Qt6_qml_QtQuick_Controls["Controls"]\n    node_venv_lib_python3_12_site-packages_PyQt6_Qt6_qml_QtQuick_Controls --> node_venv_lib_python3_12_site-packages_PyQt6_Qt6_qml_QtQuick_Controls_FluentWinUI3["FluentWinUI3"]\n    node_venv_lib_python3_12_site-packages_PyQt6_Qt6_qml_QtQuick_Controls_FluentWinUI3 --> node_venv_lib_python3_12_site-packages_PyQt6_Qt6_qml_QtQuick_Controls_FluentWinUI3_dark["dark"]\n    node_venv_lib_python3_12_site-packages_PyQt6_Qt6_qml_QtQuick_Controls_FluentWinUI3_dark --> node_venv_lib_python3_12_site-packages_PyQt6_Qt6_qml_QtQuick_Controls_FluentWinUI3_dark_images["images"]\n    node_venv_lib_python3_12_site-packages_PyQt6_Qt6_qml_QtQuick_Controls_FluentWinUI3_dark_images --> node_venv_lib_python3_12_site-packages_PyQt6_Qt6_qml_QtQuick_Controls_FluentWinUI3_dark_images_spinbox-indicator-up-background-up-hovered_png["spinbox-indicator-up-background-up-hovered.png"]\n    Root --> node_venv["venv"]\n    node_venv --> node_venv_lib["lib"]\n    node_venv_lib --> node_venv_lib_python3_12["python3.12"]\n    node_venv_lib_python3_12 --> node_venv_lib_python3_12_site-packages["site-packages"]\n    node_venv_lib_python3_12_site-packages --> node_venv_lib_python3_12_site-packages_PyQt6["PyQt6"]\n    node_venv_lib_python3_12_site-packages_PyQt6 --> node_venv_lib_python3_12_site-packages_PyQt6_Qt6["Qt6"]\n    node_venv_lib_python3_12_site-packages_PyQt6_Qt6 --> node_venv_lib_python3_12_site-packages_PyQt6_Qt6_qml["qml"]\n    node_venv_lib_python3_12_site-packages_PyQt6_Qt6_qml --> node_venv_lib_python3_12_site-packages_PyQt6_Qt6_qml_QtQuick["QtQuick"]\n    node_venv_lib_python3_12_site-packages_PyQt6_Qt6_qml_QtQuick --> node_venv_lib_python3_12_site-packages_PyQt6_Qt6_qml_QtQuick_Controls["Controls"]\n    node_venv_lib_python3_12_site-packages_PyQt6_Qt6_qml_QtQuick_Controls --> node_venv_lib_python3_12_site-packages_PyQt6_Qt6_qml_QtQuick_Controls_FluentWinUI3["FluentWinUI3"]\n    node_venv_lib_python3_12_site-packages_PyQt6_Qt6_qml_QtQuick_Controls_FluentWinUI3 --> node_venv_lib_python3_12_site-packages_PyQt6_Qt6_qml_QtQuick_Controls_FluentWinUI3_dark["dark"]\n    node_venv_lib_python3_12_site-packages_PyQt6_Qt6_qml_QtQuick_Controls_FluentWinUI3_dark --> node_venv_lib_python3_12_site-packages_PyQt6_Qt6_qml_QtQuick_Controls_FluentWinUI3_dark_images["images"]\n    node_venv_lib_python3_12_site-packages_PyQt6_Qt6_qml_QtQuick_Controls_FluentWinUI3_dark_images --> node_venv_lib_python3_12_site-packages_PyQt6_Qt6_qml_QtQuick_Controls_FluentWinUI3_dark_images_spinbox-indicator-up-background-up-hovered@2x_png["spinbox-indicator-up-background-up-hovered@2x.png"]\n    Root --> node_venv["venv"]\n    node_venv --> node_venv_lib["lib"]\n    node_venv_lib --> node_venv_lib_python3_12["python3.12"]\n    node_venv_lib_python3_12 --> node_venv_lib_python3_12_site-packages["site-packages"]\n    node_venv_lib_python3_12_site-packages --> node_venv_lib_python3_12_site-packages_PyQt6["PyQt6"]\n    node_venv_lib_python3_12_site-packages_PyQt6 --> node_venv_lib_python3_12_site-packages_PyQt6_Qt6["Qt6"]\n    node_venv_lib_python3_12_site-packages_PyQt6_Qt6 --> node_venv_lib_python3_12_site-packages_PyQt6_Qt6_qml["qml"]\n    node_venv_lib_python3_12_site-packages_PyQt6_Qt6_qml --> node_venv_lib_python3_12_site-packages_PyQt6_Qt6_qml_QtQuick["QtQuick"]\n    node_venv_lib_python3_12_site-packages_PyQt6_Qt6_qml_QtQuick --> node_venv_lib_python3_12_site-packages_PyQt6_Qt6_qml_QtQuick_Controls["Controls"]\n    node_venv_lib_python3_12_site-packages_PyQt6_Qt6_qml_QtQuick_Controls --> node_venv_lib_python3_12_site-packages_PyQt6_Qt6_qml_QtQuick_Controls_FluentWinUI3["FluentWinUI3"]\n    node_venv_lib_python3_12_site-packages_PyQt6_Qt6_qml_QtQuick_Controls_FluentWinUI3 --> node_venv_lib_python3_12_site-packages_PyQt6_Qt6_qml_QtQuick_Controls_FluentWinUI3_dark["dark"]\n    node_venv_lib_python3_12_site-packages_PyQt6_Qt6_qml_QtQuick_Controls_FluentWinUI3_dark --> node_venv_lib_python3_12_site-packages_PyQt6_Qt6_qml_QtQuick_Controls_FluentWinUI3_dark_images["images"]\n    node_venv_lib_python3_12_site-packages_PyQt6_Qt6_qml_QtQuick_Controls_FluentWinUI3_dark_images --> node_venv_lib_python3_12_site-packages_PyQt6_Qt6_qml_QtQuick_Controls_FluentWinUI3_dark_images_spinbox-indicator-up-background-up-hovered@3x_png["spinbox-indicator-up-background-up-hovered@3x.png"]\n    Root --> node_venv["venv"]\n    node_venv --> node_venv_lib["lib"]\n    node_venv_lib --> node_venv_lib_python3_12["python3.12"]\n    node_venv_lib_python3_12 --> node_venv_lib_python3_12_site-packages["site-packages"]\n    node_venv_lib_python3_12_site-packages --> node_venv_lib_python3_12_site-packages_PyQt6["PyQt6"]\n    node_venv_lib_python3_12_site-packages_PyQt6 --> node_venv_lib_python3_12_site-packages_PyQt6_Qt6["Qt6"]\n    node_venv_lib_python3_12_site-packages_PyQt6_Qt6 --> node_venv_lib_python3_12_site-packages_PyQt6_Qt6_qml["qml"]\n    node_venv_lib_python3_12_site-packages_PyQt6_Qt6_qml --> node_venv_lib_python3_12_site-packages_PyQt6_Qt6_qml_QtQuick["QtQuick"]\n    node_venv_lib_python3_12_site-packages_PyQt6_Qt6_qml_QtQuick --> node_venv_lib_python3_12_site-packages_PyQt6_Qt6_qml_QtQuick_Controls["Controls"]\n    node_venv_lib_python3_12_site-packages_PyQt6_Qt6_qml_QtQuick_Controls --> node_venv_lib_python3_12_site-packages_PyQt6_Qt6_qml_QtQuick_Controls_FluentWinUI3["FluentWinUI3"]\n    node_venv_lib_python3_12_site-packages_PyQt6_Qt6_qml_QtQuick_Controls_FluentWinUI3 --> node_venv_lib_python3_12_site-packages_PyQt6_Qt6_qml_QtQuick_Controls_FluentWinUI3_dark["dark"]\n    node_venv_lib_python3_12_site-packages_PyQt6_Qt6_qml_QtQuick_Controls_FluentWinUI3_dark --> node_venv_lib_python3_12_site-packages_PyQt6_Qt6_qml_QtQuick_Controls_FluentWinUI3_dark_images["images"]\n    node_venv_lib_python3_12_site-packages_PyQt6_Qt6_qml_QtQuick_Controls_FluentWinUI3_dark_images --> node_venv_lib_python3_12_site-packages_PyQt6_Qt6_qml_QtQuick_Controls_FluentWinUI3_dark_images_spinbox-indicator-up-background-up-pressed_png["spinbox-indicator-up-background-up-pressed.png"]\n    Root --> node_venv["venv"]\n    node_venv --> node_venv_lib["lib"]\n    node_venv_lib --> node_venv_lib_python3_12["python3.12"]\n    node_venv_lib_python3_12 --> node_venv_lib_python3_12_site-packages["site-packages"]\n    node_venv_lib_python3_12_site-packages --> node_venv_lib_python3_12_site-packages_PyQt6["PyQt6"]\n    node_venv_lib_python3_12_site-packages_PyQt6 --> node_venv_lib_python3_12_site-packages_PyQt6_Qt6["Qt6"]\n    node_venv_lib_python3_12_site-packages_PyQt6_Qt6 --> node_venv_lib_python3_12_site-packages_PyQt6_Qt6_qml["qml"]\n    node_venv_lib_python3_12_site-packages_PyQt6_Qt6_qml --> node_venv_lib_python3_12_site-packages_PyQt6_Qt6_qml_QtQuick["QtQuick"]\n    node_venv_lib_python3_12_site-packages_PyQt6_Qt6_qml_QtQuick --> node_venv_lib_python3_12_site-packages_PyQt6_Qt6_qml_QtQuick_Controls["Controls"]\n    node_venv_lib_python3_12_site-packages_PyQt6_Qt6_qml_QtQuick_Controls --> node_venv_lib_python3_12_site-packages_PyQt6_Qt6_qml_QtQuick_Controls_FluentWinUI3["FluentWinUI3"]\n    node_venv_lib_python3_12_site-packages_PyQt6_Qt6_qml_QtQuick_Controls_FluentWinUI3 --> node_venv_lib_python3_12_site-packages_PyQt6_Qt6_qml_QtQuick_Controls_FluentWinUI3_dark["dark"]\n    node_venv_lib_python3_12_site-packages_PyQt6_Qt6_qml_QtQuick_Controls_FluentWinUI3_dark --> node_venv_lib_python3_12_site-packages_PyQt6_Qt6_qml_QtQuick_Controls_FluentWinUI3_dark_images["images"]\n    node_venv_lib_python3_12_site-packages_PyQt6_Qt6_qml_QtQuick_Controls_FluentWinUI3_dark_images --> node_venv_lib_python3_12_site-packages_PyQt6_Qt6_qml_QtQuick_Controls_FluentWinUI3_dark_images_spinbox-indicator-up-background-up-pressed@2x_png["spinbox-indicator-up-background-up-pressed@2x.png"]\n    Root --> node_venv["venv"]\n    node_venv --> node_venv_lib["lib"]\n    node_venv_lib --> node_venv_lib_python3_12["python3.12"]\n    node_venv_lib_python3_12 --> node_venv_lib_python3_12_site-packages["site-packages"]\n    node_venv_lib_python3_12_site-packages --> node_venv_lib_python3_12_site-packages_PyQt6["PyQt6"]\n    node_venv_lib_python3_12_site-packages_PyQt6 --> node_venv_lib_python3_12_site-packages_PyQt6_Qt6["Qt6"]\n    node_venv_lib_python3_12_site-packages_PyQt6_Qt6 --> node_venv_lib_python3_12_site-packages_PyQt6_Qt6_qml["qml"]\n    node_venv_lib_python3_12_site-packages_PyQt6_Qt6_qml --> node_venv_lib_python3_12_site-packages_PyQt6_Qt6_qml_QtQuick["QtQuick"]\n    node_venv_lib_python3_12_site-packages_PyQt6_Qt6_qml_QtQuick --> node_venv_lib_python3_12_site-packages_PyQt6_Qt6_qml_QtQuick_Controls["Controls"]\n    node_venv_lib_python3_12_site-packages_PyQt6_Qt6_qml_QtQuick_Controls --> node_venv_lib_python3_12_site-packages_PyQt6_Qt6_qml_QtQuick_Controls_FluentWinUI3["FluentWinUI3"]\n    node_venv_lib_python3_12_site-packages_PyQt6_Qt6_qml_QtQuick_Controls_FluentWinUI3 --> node_venv_lib_python3_12_site-packages_PyQt6_Qt6_qml_QtQuick_Controls_FluentWinUI3_dark["dark"]\n    node_venv_lib_python3_12_site-packages_PyQt6_Qt6_qml_QtQuick_Controls_FluentWinUI3_dark --> node_venv_lib_python3_12_site-packages_PyQt6_Qt6_qml_QtQuick_Controls_FluentWinUI3_dark_images["images"]\n    node_venv_lib_python3_12_site-packages_PyQt6_Qt6_qml_QtQuick_Controls_FluentWinUI3_dark_images --> node_venv_lib_python3_12_site-packages_PyQt6_Qt6_qml_QtQuick_Controls_FluentWinUI3_dark_images_spinbox-indicator-up-background-up-pressed@3x_png["spinbox-indicator-up-background-up-pressed@3x.png"]\n    Root --> node_venv["venv"]\n    node_venv --> node_venv_lib["lib"]\n    node_venv_lib --> node_venv_lib_python3_12["python3.12"]\n    node_venv_lib_python3_12 --> node_venv_lib_python3_12_site-packages["site-packages"]\n    node_venv_lib_python3_12_site-packages --> node_venv_lib_python3_12_site-packages_PyQt6["PyQt6"]\n    node_venv_lib_python3_12_site-packages_PyQt6 --> node_venv_lib_python3_12_site-packages_PyQt6_Qt6["Qt6"]\n    node_venv_lib_python3_12_site-packages_PyQt6_Qt6 --> node_venv_lib_python3_12_site-packages_PyQt6_Qt6_qml["qml"]\n    node_venv_lib_python3_12_site-packages_PyQt6_Qt6_qml --> node_venv_lib_python3_12_site-packages_PyQt6_Qt6_qml_QtQuick["QtQuick"]\n    node_venv_lib_python3_12_site-packages_PyQt6_Qt6_qml_QtQuick --> node_venv_lib_python3_12_site-packages_PyQt6_Qt6_qml_QtQuick_Controls["Controls"]\n    node_venv_lib_python3_12_site-packages_PyQt6_Qt6_qml_QtQuick_Controls --> node_venv_lib_python3_12_site-packages_PyQt6_Qt6_qml_QtQuick_Controls_FluentWinUI3["FluentWinUI3"]\n    node_venv_lib_python3_12_site-packages_PyQt6_Qt6_qml_QtQuick_Controls_FluentWinUI3 --> node_venv_lib_python3_12_site-packages_PyQt6_Qt6_qml_QtQuick_Controls_FluentWinUI3_dark["dark"]\n    node_venv_lib_python3_12_site-packages_PyQt6_Qt6_qml_QtQuick_Controls_FluentWinUI3_dark --> node_venv_lib_python3_12_site-packages_PyQt6_Qt6_qml_QtQuick_Controls_FluentWinUI3_dark_images["images"]\n    node_venv_lib_python3_12_site-packages_PyQt6_Qt6_qml_QtQuick_Controls_FluentWinUI3_dark_images --> node_venv_lib_python3_12_site-packages_PyQt6_Qt6_qml_QtQuick_Controls_FluentWinUI3_dark_images_spinbox-indicator-up-background_png["spinbox-indicator-up-background.png"]\n    Root --> node_venv["venv"]\n    node_venv --> node_venv_lib["lib"]\n    node_venv_lib --> node_venv_lib_python3_12["python3.12"]\n    node_venv_lib_python3_12 --> node_venv_lib_python3_12_site-packages["site-packages"]\n    node_venv_lib_python3_12_site-packages --> node_venv_lib_python3_12_site-packages_PyQt6["PyQt6"]\n    node_venv_lib_python3_12_site-packages_PyQt6 --> node_venv_lib_python3_12_site-packages_PyQt6_Qt6["Qt6"]\n    node_venv_lib_python3_12_site-packages_PyQt6_Qt6 --> node_venv_lib_python3_12_site-packages_PyQt6_Qt6_qml["qml"]\n    node_venv_lib_python3_12_site-packages_PyQt6_Qt6_qml --> node_venv_lib_python3_12_site-packages_PyQt6_Qt6_qml_QtQuick["QtQuick"]\n    node_venv_lib_python3_12_site-packages_PyQt6_Qt6_qml_QtQuick --> node_venv_lib_python3_12_site-packages_PyQt6_Qt6_qml_QtQuick_Controls["Controls"]\n    node_venv_lib_python3_12_site-packages_PyQt6_Qt6_qml_QtQuick_Controls --> node_venv_lib_python3_12_site-packages_PyQt6_Qt6_qml_QtQuick_Controls_FluentWinUI3["FluentWinUI3"]\n    node_venv_lib_python3_12_site-packages_PyQt6_Qt6_qml_QtQuick_Controls_FluentWinUI3 --> node_venv_lib_python3_12_site-packages_PyQt6_Qt6_qml_QtQuick_Controls_FluentWinUI3_dark["dark"]\n    node_venv_lib_python3_12_site-packages_PyQt6_Qt6_qml_QtQuick_Controls_FluentWinUI3_dark --> node_venv_lib_python3_12_site-packages_PyQt6_Qt6_qml_QtQuick_Controls_FluentWinUI3_dark_images["images"]\n    node_venv_lib_python3_12_site-packages_PyQt6_Qt6_qml_QtQuick_Controls_FluentWinUI3_dark_images --> node_venv_lib_python3_12_site-packages_PyQt6_Qt6_qml_QtQuick_Controls_FluentWinUI3_dark_images_spinbox-indicator-up-background@2x_png["spinbox-indicator-up-background@2x.png"]\n    Root --> node_venv["venv"]\n    node_venv --> node_venv_lib["lib"]\n    node_venv_lib --> node_venv_lib_python3_12["python3.12"]\n    node_venv_lib_python3_12 --> node_venv_lib_python3_12_site-packages["site-packages"]\n    node_venv_lib_python3_12_site-packages --> node_venv_lib_python3_12_site-packages_PyQt6["PyQt6"]\n    node_venv_lib_python3_12_site-packages_PyQt6 --> node_venv_lib_python3_12_site-packages_PyQt6_Qt6["Qt6"]\n    node_venv_lib_python3_12_site-packages_PyQt6_Qt6 --> node_venv_lib_python3_12_site-packages_PyQt6_Qt6_qml["qml"]\n    node_venv_lib_python3_12_site-packages_PyQt6_Qt6_qml --> node_venv_lib_python3_12_site-packages_PyQt6_Qt6_qml_QtQuick["QtQuick"]\n    node_venv_lib_python3_12_site-packages_PyQt6_Qt6_qml_QtQuick --> node_venv_lib_python3_12_site-packages_PyQt6_Qt6_qml_QtQuick_Controls["Controls"]\n    node_venv_lib_python3_12_site-packages_PyQt6_Qt6_qml_QtQuick_Controls --> node_venv_lib_python3_12_site-packages_PyQt6_Qt6_qml_QtQuick_Controls_FluentWinUI3["FluentWinUI3"]\n    node_venv_lib_python3_12_site-packages_PyQt6_Qt6_qml_QtQuick_Controls_FluentWinUI3 --> node_venv_lib_python3_12_site-packages_PyQt6_Qt6_qml_QtQuick_Controls_FluentWinUI3_dark["dark"]\n    node_venv_lib_python3_12_site-packages_PyQt6_Qt6_qml_QtQuick_Controls_FluentWinUI3_dark --> node_venv_lib_python3_12_site-packages_PyQt6_Qt6_qml_QtQuick_Controls_FluentWinUI3_dark_images["images"]\n    node_venv_lib_python3_12_site-packages_PyQt6_Qt6_qml_QtQuick_Controls_FluentWinUI3_dark_images --> node_venv_lib_python3_12_site-packages_PyQt6_Qt6_qml_QtQuick_Controls_FluentWinUI3_dark_images_spinbox-indicator-up-background@3x_png["spinbox-indicator-up-background@3x.png"]\n    Root --> node_venv["venv"]\n    node_venv --> node_venv_lib["lib"]\n    node_venv_lib --> node_venv_lib_python3_12["python3.12"]\n    node_venv_lib_python3_12 --> node_venv_lib_python3_12_site-packages["site-packages"]\n    node_venv_lib_python3_12_site-packages --> node_venv_lib_python3_12_site-packages_PyQt6["PyQt6"]\n    node_venv_lib_python3_12_site-packages_PyQt6 --> node_venv_lib_python3_12_site-packages_PyQt6_Qt6["Qt6"]\n    node_venv_lib_python3_12_site-packages_PyQt6_Qt6 --> node_venv_lib_python3_12_site-packages_PyQt6_Qt6_qml["qml"]\n    node_venv_lib_python3_12_site-packages_PyQt6_Qt6_qml --> node_venv_lib_python3_12_site-packages_PyQt6_Qt6_qml_QtQuick["QtQuick"]\n    node_venv_lib_python3_12_site-packages_PyQt6_Qt6_qml_QtQuick --> node_venv_lib_python3_12_site-packages_PyQt6_Qt6_qml_QtQuick_Controls["Controls"]\n    node_venv_lib_python3_12_site-packages_PyQt6_Qt6_qml_QtQuick_Controls --> node_venv_lib_python3_12_site-packages_PyQt6_Qt6_qml_QtQuick_Controls_FluentWinUI3["FluentWinUI3"]\n    node_venv_lib_python3_12_site-packages_PyQt6_Qt6_qml_QtQuick_Controls_FluentWinUI3 --> node_venv_lib_python3_12_site-packages_PyQt6_Qt6_qml_QtQuick_Controls_FluentWinUI3_dark["dark"]\n    node_venv_lib_python3_12_site-packages_PyQt6_Qt6_qml_QtQuick_Controls_FluentWinUI3_dark --> node_venv_lib_python3_12_site-packages_PyQt6_Qt6_qml_QtQuick_Controls_FluentWinUI3_dark_images["images"]\n    node_venv_lib_python3_12_site-packages_PyQt6_Qt6_qml_QtQuick_Controls_FluentWinUI3_dark_images --> node_venv_lib_python3_12_site-packages_PyQt6_Qt6_qml_QtQuick_Controls_FluentWinUI3_dark_images_spinbox-indicator-up-icon-atlimit_png["spinbox-indicator-up-icon-atlimit.png"]\n    Root --> node_venv["venv"]\n    node_venv --> node_venv_lib["lib"]\n    node_venv_lib --> node_venv_lib_python3_12["python3.12"]\n    node_venv_lib_python3_12 --> node_venv_lib_python3_12_site-packages["site-packages"]\n    node_venv_lib_python3_12_site-packages --> node_venv_lib_python3_12_site-packages_PyQt6["PyQt6"]\n    node_venv_lib_python3_12_site-packages_PyQt6 --> node_venv_lib_python3_12_site-packages_PyQt6_Qt6["Qt6"]\n    node_venv_lib_python3_12_site-packages_PyQt6_Qt6 --> node_venv_lib_python3_12_site-packages_PyQt6_Qt6_qml["qml"]\n    node_venv_lib_python3_12_site-packages_PyQt6_Qt6_qml --> node_venv_lib_python3_12_site-packages_PyQt6_Qt6_qml_QtQuick["QtQuick"]\n    node_venv_lib_python3_12_site-packages_PyQt6_Qt6_qml_QtQuick --> node_venv_lib_python3_12_site-packages_PyQt6_Qt6_qml_QtQuick_Controls["Controls"]\n    node_venv_lib_python3_12_site-packages_PyQt6_Qt6_qml_QtQuick_Controls --> node_venv_lib_python3_12_site-packages_PyQt6_Qt6_qml_QtQuick_Controls_FluentWinUI3["FluentWinUI3"]\n    node_venv_lib_python3_12_site-packages_PyQt6_Qt6_qml_QtQuick_Controls_FluentWinUI3 --> node_venv_lib_python3_12_site-packages_PyQt6_Qt6_qml_QtQuick_Controls_FluentWinUI3_dark["dark"]\n    node_venv_lib_python3_12_site-packages_PyQt6_Qt6_qml_QtQuick_Controls_FluentWinUI3_dark --> node_venv_lib_python3_12_site-packages_PyQt6_Qt6_qml_QtQuick_Controls_FluentWinUI3_dark_images["images"]\n    node_venv_lib_python3_12_site-packages_PyQt6_Qt6_qml_QtQuick_Controls_FluentWinUI3_dark_images --> node_venv_lib_python3_12_site-packages_PyQt6_Qt6_qml_QtQuick_Controls_FluentWinUI3_dark_images_spinbox-indicator-up-icon-atlimit@2x_png["spinbox-indicator-up-icon-atlimit@2x.png"]\n    Root --> node_venv["venv"]\n    node_venv --> node_venv_lib["lib"]\n    node_venv_lib --> node_venv_lib_python3_12["python3.12"]\n    node_venv_lib_python3_12 --> node_venv_lib_python3_12_site-packages["site-packages"]\n    node_venv_lib_python3_12_site-packages --> node_venv_lib_python3_12_site-packages_PyQt6["PyQt6"]\n    node_venv_lib_python3_12_site-packages_PyQt6 --> node_venv_lib_python3_12_site-packages_PyQt6_Qt6["Qt6"]\n    node_venv_lib_python3_12_site-packages_PyQt6_Qt6 --> node_venv_lib_python3_12_site-packages_PyQt6_Qt6_qml["qml"]\n    node_venv_lib_python3_12_site-packages_PyQt6_Qt6_qml --> node_venv_lib_python3_12_site-packages_PyQt6_Qt6_qml_QtQuick["QtQuick"]\n    node_venv_lib_python3_12_site-packages_PyQt6_Qt6_qml_QtQuick --> node_venv_lib_python3_12_site-packages_PyQt6_Qt6_qml_QtQuick_Controls["Controls"]\n    node_venv_lib_python3_12_site-packages_PyQt6_Qt6_qml_QtQuick_Controls --> node_venv_lib_python3_12_site-packages_PyQt6_Qt6_qml_QtQuick_Controls_FluentWinUI3["FluentWinUI3"]\n    node_venv_lib_python3_12_site-packages_PyQt6_Qt6_qml_QtQuick_Controls_FluentWinUI3 --> node_venv_lib_python3_12_site-packages_PyQt6_Qt6_qml_QtQuick_Controls_FluentWinUI3_dark["dark"]\n    node_venv_lib_python3_12_site-packages_PyQt6_Qt6_qml_QtQuick_Controls_FluentWinUI3_dark --> node_venv_lib_python3_12_site-packages_PyQt6_Qt6_qml_QtQuick_Controls_FluentWinUI3_dark_images["images"]\n    node_venv_lib_python3_12_site-packages_PyQt6_Qt6_qml_QtQuick_Controls_FluentWinUI3_dark_images --> node_venv_lib_python3_12_site-packages_PyQt6_Qt6_qml_QtQuick_Controls_FluentWinUI3_dark_images_spinbox-indicator-up-icon-atlimit@3x_png["spinbox-indicator-up-icon-atlimit@3x.png"]\n    Root --> node_venv["venv"]\n    node_venv --> node_venv_lib["lib"]\n    node_venv_lib --> node_venv_lib_python3_12["python3.12"]\n    node_venv_lib_python3_12 --> node_venv_lib_python3_12_site-packages["site-packages"]\n    node_venv_lib_python3_12_site-packages --> node_venv_lib_python3_12_site-packages_PyQt6["PyQt6"]\n    node_venv_lib_python3_12_site-packages_PyQt6 --> node_venv_lib_python3_12_site-packages_PyQt6_Qt6["Qt6"]\n    node_venv_lib_python3_12_site-packages_PyQt6_Qt6 --> node_venv_lib_python3_12_site-packages_PyQt6_Qt6_qml["qml"]\n    node_venv_lib_python3_12_site-packages_PyQt6_Qt6_qml --> node_venv_lib_python3_12_site-packages_PyQt6_Qt6_qml_QtQuick["QtQuick"]\n    node_venv_lib_python3_12_site-packages_PyQt6_Qt6_qml_QtQuick --> node_venv_lib_python3_12_site-packages_PyQt6_Qt6_qml_QtQuick_Controls["Controls"]\n    node_venv_lib_python3_12_site-packages_PyQt6_Qt6_qml_QtQuick_Controls --> node_venv_lib_python3_12_site-packages_PyQt6_Qt6_qml_QtQuick_Controls_FluentWinUI3["FluentWinUI3"]\n    node_venv_lib_python3_12_site-packages_PyQt6_Qt6_qml_QtQuick_Controls_FluentWinUI3 --> node_venv_lib_python3_12_site-packages_PyQt6_Qt6_qml_QtQuick_Controls_FluentWinUI3_dark["dark"]\n    node_venv_lib_python3_12_site-packages_PyQt6_Qt6_qml_QtQuick_Controls_FluentWinUI3_dark --> node_venv_lib_python3_12_site-packages_PyQt6_Qt6_qml_QtQuick_Controls_FluentWinUI3_dark_images["images"]\n    node_venv_lib_python3_12_site-packages_PyQt6_Qt6_qml_QtQuick_Controls_FluentWinUI3_dark_images --> node_venv_lib_python3_12_site-packages_PyQt6_Qt6_qml_QtQuick_Controls_FluentWinUI3_dark_images_spinbox-indicator-up-icon-disabled_png["spinbox-indicator-up-icon-disabled.png"]\n    Root --> node_venv["venv"]\n    node_venv --> node_venv_lib["lib"]\n    node_venv_lib --> node_venv_lib_python3_12["python3.12"]\n    node_venv_lib_python3_12 --> node_venv_lib_python3_12_site-packages["site-packages"]\n    node_venv_lib_python3_12_site-packages --> node_venv_lib_python3_12_site-packages_PyQt6["PyQt6"]\n    node_venv_lib_python3_12_site-packages_PyQt6 --> node_venv_lib_python3_12_site-packages_PyQt6_Qt6["Qt6"]\n    node_venv_lib_python3_12_site-packages_PyQt6_Qt6 --> node_venv_lib_python3_12_site-packages_PyQt6_Qt6_qml["qml"]\n    node_venv_lib_python3_12_site-packages_PyQt6_Qt6_qml --> node_venv_lib_python3_12_site-packages_PyQt6_Qt6_qml_QtQuick["QtQuick"]\n    node_venv_lib_python3_12_site-packages_PyQt6_Qt6_qml_QtQuick --> node_venv_lib_python3_12_site-packages_PyQt6_Qt6_qml_QtQuick_Controls["Controls"]\n    node_venv_lib_python3_12_site-packages_PyQt6_Qt6_qml_QtQuick_Controls --> node_venv_lib_python3_12_site-packages_PyQt6_Qt6_qml_QtQuick_Controls_FluentWinUI3["FluentWinUI3"]\n    node_venv_lib_python3_12_site-packages_PyQt6_Qt6_qml_QtQuick_Controls_FluentWinUI3 --> node_venv_lib_python3_12_site-packages_PyQt6_Qt6_qml_QtQuick_Controls_FluentWinUI3_dark["dark"]\n    node_venv_lib_python3_12_site-packages_PyQt6_Qt6_qml_QtQuick_Controls_FluentWinUI3_dark --> node_venv_lib_python3_12_site-packages_PyQt6_Qt6_qml_QtQuick_Controls_FluentWinUI3_dark_images["images"]\n    node_venv_lib_python3_12_site-packages_PyQt6_Qt6_qml_QtQuick_Controls_FluentWinUI3_dark_images --> node_venv_lib_python3_12_site-packages_PyQt6_Qt6_qml_QtQuick_Controls_FluentWinUI3_dark_images_spinbox-indicator-up-icon-disabled@2x_png["spinbox-indicator-up-icon-disabled@2x.png"]\n    Root --> node_venv["venv"]\n    node_venv --> node_venv_lib["lib"]\n    node_venv_lib --> node_venv_lib_python3_12["python3.12"]\n    node_venv_lib_python3_12 --> node_venv_lib_python3_12_site-packages["site-packages"]\n    node_venv_lib_python3_12_site-packages --> node_venv_lib_python3_12_site-packages_PyQt6["PyQt6"]\n    node_venv_lib_python3_12_site-packages_PyQt6 --> node_venv_lib_python3_12_site-packages_PyQt6_Qt6["Qt6"]\n    node_venv_lib_python3_12_site-packages_PyQt6_Qt6 --> node_venv_lib_python3_12_site-packages_PyQt6_Qt6_qml["qml"]\n    node_venv_lib_python3_12_site-packages_PyQt6_Qt6_qml --> node_venv_lib_python3_12_site-packages_PyQt6_Qt6_qml_QtQuick["QtQuick"]\n    node_venv_lib_python3_12_site-packages_PyQt6_Qt6_qml_QtQuick --> node_venv_lib_python3_12_site-packages_PyQt6_Qt6_qml_QtQuick_Controls["Controls"]\n    node_venv_lib_python3_12_site-packages_PyQt6_Qt6_qml_QtQuick_Controls --> node_venv_lib_python3_12_site-packages_PyQt6_Qt6_qml_QtQuick_Controls_FluentWinUI3["FluentWinUI3"]\n    node_venv_lib_python3_12_site-packages_PyQt6_Qt6_qml_QtQuick_Controls_FluentWinUI3 --> node_venv_lib_python3_12_site-packages_PyQt6_Qt6_qml_QtQuick_Controls_FluentWinUI3_dark["dark"]\n    node_venv_lib_python3_12_site-packages_PyQt6_Qt6_qml_QtQuick_Controls_FluentWinUI3_dark --> node_venv_lib_python3_12_site-packages_PyQt6_Qt6_qml_QtQuick_Controls_FluentWinUI3_dark_images["images"]\n    node_venv_lib_python3_12_site-packages_PyQt6_Qt6_qml_QtQuick_Controls_FluentWinUI3_dark_images --> node_venv_lib_python3_12_site-packages_PyQt6_Qt6_qml_QtQuick_Controls_FluentWinUI3_dark_images_spinbox-indicator-up-icon-disabled@3x_png["spinbox-indicator-up-icon-disabled@3x.png"]\n    Root --> node_venv["venv"]\n    node_venv --> node_venv_lib["lib"]\n    node_venv_lib --> node_venv_lib_python3_12["python3.12"]\n    node_venv_lib_python3_12 --> node_venv_lib_python3_12_site-packages["site-packages"]\n    node_venv_lib_python3_12_site-packages --> node_venv_lib_python3_12_site-packages_PyQt6["PyQt6"]\n    node_venv_lib_python3_12_site-packages_PyQt6 --> node_venv_lib_python3_12_site-packages_PyQt6_Qt6["Qt6"]\n    node_venv_lib_python3_12_site-packages_PyQt6_Qt6 --> node_venv_lib_python3_12_site-packages_PyQt6_Qt6_qml["qml"]\n    node_venv_lib_python3_12_site-packages_PyQt6_Qt6_qml --> node_venv_lib_python3_12_site-packages_PyQt6_Qt6_qml_QtQuick["QtQuick"]\n    node_venv_lib_python3_12_site-packages_PyQt6_Qt6_qml_QtQuick --> node_venv_lib_python3_12_site-packages_PyQt6_Qt6_qml_QtQuick_Controls["Controls"]\n    node_venv_lib_python3_12_site-packages_PyQt6_Qt6_qml_QtQuick_Controls --> node_venv_lib_python3_12_site-packages_PyQt6_Qt6_qml_QtQuick_Controls_FluentWinUI3["FluentWinUI3"]\n    node_venv_lib_python3_12_site-packages_PyQt6_Qt6_qml_QtQuick_Controls_FluentWinUI3 --> node_venv_lib_python3_12_site-packages_PyQt6_Qt6_qml_QtQuick_Controls_FluentWinUI3_dark["dark"]\n    node_venv_lib_python3_12_site-packages_PyQt6_Qt6_qml_QtQuick_Controls_FluentWinUI3_dark --> node_venv_lib_python3_12_site-packages_PyQt6_Qt6_qml_QtQuick_Controls_FluentWinUI3_dark_images["images"]\n    node_venv_lib_python3_12_site-packages_PyQt6_Qt6_qml_QtQuick_Controls_FluentWinUI3_dark_images --> node_venv_lib_python3_12_site-packages_PyQt6_Qt6_qml_QtQuick_Controls_FluentWinUI3_dark_images_spinbox-indicator-up-icon-down-hovered_png["spinbox-indicator-up-icon-down-hovered.png"]\n    Root --> node_venv["venv"]\n    node_venv --> node_venv_lib["lib"]\n    node_venv_lib --> node_venv_lib_python3_12["python3.12"]\n    node_venv_lib_python3_12 --> node_venv_lib_python3_12_site-packages["site-packages"]\n    node_venv_lib_python3_12_site-packages --> node_venv_lib_python3_12_site-packages_PyQt6["PyQt6"]\n    node_venv_lib_python3_12_site-packages_PyQt6 --> node_venv_lib_python3_12_site-packages_PyQt6_Qt6["Qt6"]\n    node_venv_lib_python3_12_site-packages_PyQt6_Qt6 --> node_venv_lib_python3_12_site-packages_PyQt6_Qt6_qml["qml"]\n    node_venv_lib_python3_12_site-packages_PyQt6_Qt6_qml --> node_venv_lib_python3_12_site-packages_PyQt6_Qt6_qml_QtQuick["QtQuick"]\n    node_venv_lib_python3_12_site-packages_PyQt6_Qt6_qml_QtQuick --> node_venv_lib_python3_12_site-packages_PyQt6_Qt6_qml_QtQuick_Controls["Controls"]\n    node_venv_lib_python3_12_site-packages_PyQt6_Qt6_qml_QtQuick_Controls --> node_venv_lib_python3_12_site-packages_PyQt6_Qt6_qml_QtQuick_Controls_FluentWinUI3["FluentWinUI3"]\n    node_venv_lib_python3_12_site-packages_PyQt6_Qt6_qml_QtQuick_Controls_FluentWinUI3 --> node_venv_lib_python3_12_site-packages_PyQt6_Qt6_qml_QtQuick_Controls_FluentWinUI3_dark["dark"]\n    node_venv_lib_python3_12_site-packages_PyQt6_Qt6_qml_QtQuick_Controls_FluentWinUI3_dark --> node_venv_lib_python3_12_site-packages_PyQt6_Qt6_qml_QtQuick_Controls_FluentWinUI3_dark_images["images"]\n    node_venv_lib_python3_12_site-packages_PyQt6_Qt6_qml_QtQuick_Controls_FluentWinUI3_dark_images --> node_venv_lib_python3_12_site-packages_PyQt6_Qt6_qml_QtQuick_Controls_FluentWinUI3_dark_images_spinbox-indicator-up-icon-down-hovered@2x_png["spinbox-indicator-up-icon-down-hovered@2x.png"]\n    Root --> node_venv["venv"]\n    node_venv --> node_venv_lib["lib"]\n    node_venv_lib --> node_venv_lib_python3_12["python3.12"]\n    node_venv_lib_python3_12 --> node_venv_lib_python3_12_site-packages["site-packages"]\n    node_venv_lib_python3_12_site-packages --> node_venv_lib_python3_12_site-packages_PyQt6["PyQt6"]\n    node_venv_lib_python3_12_site-packages_PyQt6 --> node_venv_lib_python3_12_site-packages_PyQt6_Qt6["Qt6"]\n    node_venv_lib_python3_12_site-packages_PyQt6_Qt6 --> node_venv_lib_python3_12_site-packages_PyQt6_Qt6_qml["qml"]\n    node_venv_lib_python3_12_site-packages_PyQt6_Qt6_qml --> node_venv_lib_python3_12_site-packages_PyQt6_Qt6_qml_QtQuick["QtQuick"]\n    node_venv_lib_python3_12_site-packages_PyQt6_Qt6_qml_QtQuick --> node_venv_lib_python3_12_site-packages_PyQt6_Qt6_qml_QtQuick_Controls["Controls"]\n    node_venv_lib_python3_12_site-packages_PyQt6_Qt6_qml_QtQuick_Controls --> node_venv_lib_python3_12_site-packages_PyQt6_Qt6_qml_QtQuick_Controls_FluentWinUI3["FluentWinUI3"]\n    node_venv_lib_python3_12_site-packages_PyQt6_Qt6_qml_QtQuick_Controls_FluentWinUI3 --> node_venv_lib_python3_12_site-packages_PyQt6_Qt6_qml_QtQuick_Controls_FluentWinUI3_dark["dark"]\n    node_venv_lib_python3_12_site-packages_PyQt6_Qt6_qml_QtQuick_Controls_FluentWinUI3_dark --> node_venv_lib_python3_12_site-packages_PyQt6_Qt6_qml_QtQuick_Controls_FluentWinUI3_dark_images["images"]\n    node_venv_lib_python3_12_site-packages_PyQt6_Qt6_qml_QtQuick_Controls_FluentWinUI3_dark_images --> node_venv_lib_python3_12_site-packages_PyQt6_Qt6_qml_QtQuick_Controls_FluentWinUI3_dark_images_spinbox-indicator-up-icon-down-hovered@3x_png["spinbox-indicator-up-icon-down-hovered@3x.png"]\n    Root --> node_venv["venv"]\n    node_venv --> node_venv_lib["lib"]\n    node_venv_lib --> node_venv_lib_python3_12["python3.12"]\n    node_venv_lib_python3_12 --> node_venv_lib_python3_12_site-packages["site-packages"]\n    node_venv_lib_python3_12_site-packages --> node_venv_lib_python3_12_site-packages_PyQt6["PyQt6"]\n    node_venv_lib_python3_12_site-packages_PyQt6 --> node_venv_lib_python3_12_site-packages_PyQt6_Qt6["Qt6"]\n    node_venv_lib_python3_12_site-packages_PyQt6_Qt6 --> node_venv_lib_python3_12_site-packages_PyQt6_Qt6_qml["qml"]\n    node_venv_lib_python3_12_site-packages_PyQt6_Qt6_qml --> node_venv_lib_python3_12_site-packages_PyQt6_Qt6_qml_QtQuick["QtQuick"]\n    node_venv_lib_python3_12_site-packages_PyQt6_Qt6_qml_QtQuick --> node_venv_lib_python3_12_site-packages_PyQt6_Qt6_qml_QtQuick_Controls["Controls"]\n    node_venv_lib_python3_12_site-packages_PyQt6_Qt6_qml_QtQuick_Controls --> node_venv_lib_python3_12_site-packages_PyQt6_Qt6_qml_QtQuick_Controls_FluentWinUI3["FluentWinUI3"]\n    node_venv_lib_python3_12_site-packages_PyQt6_Qt6_qml_QtQuick_Controls_FluentWinUI3 --> node_venv_lib_python3_12_site-packages_PyQt6_Qt6_qml_QtQuick_Controls_FluentWinUI3_dark["dark"]\n    node_venv_lib_python3_12_site-packages_PyQt6_Qt6_qml_QtQuick_Controls_FluentWinUI3_dark --> node_venv_lib_python3_12_site-packages_PyQt6_Qt6_qml_QtQuick_Controls_FluentWinUI3_dark_images["images"]\n    node_venv_lib_python3_12_site-packages_PyQt6_Qt6_qml_QtQuick_Controls_FluentWinUI3_dark_images --> node_venv_lib_python3_12_site-packages_PyQt6_Qt6_qml_QtQuick_Controls_FluentWinUI3_dark_images_spinbox-indicator-up-icon-down-pressed_png["spinbox-indicator-up-icon-down-pressed.png"]\n    Root --> node_venv["venv"]\n    node_venv --> node_venv_lib["lib"]\n    node_venv_lib --> node_venv_lib_python3_12["python3.12"]\n    node_venv_lib_python3_12 --> node_venv_lib_python3_12_site-packages["site-packages"]\n    node_venv_lib_python3_12_site-packages --> node_venv_lib_python3_12_site-packages_PyQt6["PyQt6"]\n    node_venv_lib_python3_12_site-packages_PyQt6 --> node_venv_lib_python3_12_site-packages_PyQt6_Qt6["Qt6"]\n    node_venv_lib_python3_12_site-packages_PyQt6_Qt6 --> node_venv_lib_python3_12_site-packages_PyQt6_Qt6_qml["qml"]\n    node_venv_lib_python3_12_site-packages_PyQt6_Qt6_qml --> node_venv_lib_python3_12_site-packages_PyQt6_Qt6_qml_QtQuick["QtQuick"]\n    node_venv_lib_python3_12_site-packages_PyQt6_Qt6_qml_QtQuick --> node_venv_lib_python3_12_site-packages_PyQt6_Qt6_qml_QtQuick_Controls["Controls"]\n    node_venv_lib_python3_12_site-packages_PyQt6_Qt6_qml_QtQuick_Controls --> node_venv_lib_python3_12_site-packages_PyQt6_Qt6_qml_QtQuick_Controls_FluentWinUI3["FluentWinUI3"]\n    node_venv_lib_python3_12_site-packages_PyQt6_Qt6_qml_QtQuick_Controls_FluentWinUI3 --> node_venv_lib_python3_12_site-packages_PyQt6_Qt6_qml_QtQuick_Controls_FluentWinUI3_dark["dark"]\n    node_venv_lib_python3_12_site-packages_PyQt6_Qt6_qml_QtQuick_Controls_FluentWinUI3_dark --> node_venv_lib_python3_12_site-packages_PyQt6_Qt6_qml_QtQuick_Controls_FluentWinUI3_dark_images["images"]\n    node_venv_lib_python3_12_site-packages_PyQt6_Qt6_qml_QtQuick_Controls_FluentWinUI3_dark_images --> node_venv_lib_python3_12_site-packages_PyQt6_Qt6_qml_QtQuick_Controls_FluentWinUI3_dark_images_spinbox-indicator-up-icon-down-pressed@2x_png["spinbox-indicator-up-icon-down-pressed@2x.png"]\n    Root --> node_venv["venv"]\n    node_venv --> node_venv_lib["lib"]\n    node_venv_lib --> node_venv_lib_python3_12["python3.12"]\n    node_venv_lib_python3_12 --> node_venv_lib_python3_12_site-packages["site-packages"]\n    node_venv_lib_python3_12_site-packages --> node_venv_lib_python3_12_site-packages_PyQt6["PyQt6"]\n    node_venv_lib_python3_12_site-packages_PyQt6 --> node_venv_lib_python3_12_site-packages_PyQt6_Qt6["Qt6"]\n    node_venv_lib_python3_12_site-packages_PyQt6_Qt6 --> node_venv_lib_python3_12_site-packages_PyQt6_Qt6_qml["qml"]\n    node_venv_lib_python3_12_site-packages_PyQt6_Qt6_qml --> node_venv_lib_python3_12_site-packages_PyQt6_Qt6_qml_QtQuick["QtQuick"]\n    node_venv_lib_python3_12_site-packages_PyQt6_Qt6_qml_QtQuick --> node_venv_lib_python3_12_site-packages_PyQt6_Qt6_qml_QtQuick_Controls["Controls"]\n    node_venv_lib_python3_12_site-packages_PyQt6_Qt6_qml_QtQuick_Controls --> node_venv_lib_python3_12_site-packages_PyQt6_Qt6_qml_QtQuick_Controls_FluentWinUI3["FluentWinUI3"]\n    node_venv_lib_python3_12_site-packages_PyQt6_Qt6_qml_QtQuick_Controls_FluentWinUI3 --> node_venv_lib_python3_12_site-packages_PyQt6_Qt6_qml_QtQuick_Controls_FluentWinUI3_dark["dark"]\n    node_venv_lib_python3_12_site-packages_PyQt6_Qt6_qml_QtQuick_Controls_FluentWinUI3_dark --> node_venv_lib_python3_12_site-packages_PyQt6_Qt6_qml_QtQuick_Controls_FluentWinUI3_dark_images["images"]\n    node_venv_lib_python3_12_site-packages_PyQt6_Qt6_qml_QtQuick_Controls_FluentWinUI3_dark_images --> node_venv_lib_python3_12_site-packages_PyQt6_Qt6_qml_QtQuick_Controls_FluentWinUI3_dark_images_spinbox-indicator-up-icon-down-pressed@3x_png["spinbox-indicator-up-icon-down-pressed@3x.png"]\n    Root --> node_venv["venv"]\n    node_venv --> node_venv_lib["lib"]\n    node_venv_lib --> node_venv_lib_python3_12["python3.12"]\n    node_venv_lib_python3_12 --> node_venv_lib_python3_12_site-packages["site-packages"]\n    node_venv_lib_python3_12_site-packages --> node_venv_lib_python3_12_site-packages_PyQt6["PyQt6"]\n    node_venv_lib_python3_12_site-packages_PyQt6 --> node_venv_lib_python3_12_site-packages_PyQt6_Qt6["Qt6"]\n    node_venv_lib_python3_12_site-packages_PyQt6_Qt6 --> node_venv_lib_python3_12_site-packages_PyQt6_Qt6_qml["qml"]\n    node_venv_lib_python3_12_site-packages_PyQt6_Qt6_qml --> node_venv_lib_python3_12_site-packages_PyQt6_Qt6_qml_QtQuick["QtQuick"]\n    node_venv_lib_python3_12_site-packages_PyQt6_Qt6_qml_QtQuick --> node_venv_lib_python3_12_site-packages_PyQt6_Qt6_qml_QtQuick_Controls["Controls"]\n    node_venv_lib_python3_12_site-packages_PyQt6_Qt6_qml_QtQuick_Controls --> node_venv_lib_python3_12_site-packages_PyQt6_Qt6_qml_QtQuick_Controls_FluentWinUI3["FluentWinUI3"]\n    node_venv_lib_python3_12_site-packages_PyQt6_Qt6_qml_QtQuick_Controls_FluentWinUI3 --> node_venv_lib_python3_12_site-packages_PyQt6_Qt6_qml_QtQuick_Controls_FluentWinUI3_dark["dark"]\n    node_venv_lib_python3_12_site-packages_PyQt6_Qt6_qml_QtQuick_Controls_FluentWinUI3_dark --> node_venv_lib_python3_12_site-packages_PyQt6_Qt6_qml_QtQuick_Controls_FluentWinUI3_dark_images["images"]\n    node_venv_lib_python3_12_site-packages_PyQt6_Qt6_qml_QtQuick_Controls_FluentWinUI3_dark_images --> node_venv_lib_python3_12_site-packages_PyQt6_Qt6_qml_QtQuick_Controls_FluentWinUI3_dark_images_spinbox-indicator-up-icon-hovered_png["spinbox-indicator-up-icon-hovered.png"]\n    Root --> node_venv["venv"]\n    node_venv --> node_venv_lib["lib"]\n    node_venv_lib --> node_venv_lib_python3_12["python3.12"]\n    node_venv_lib_python3_12 --> node_venv_lib_python3_12_site-packages["site-packages"]\n    node_venv_lib_python3_12_site-packages --> node_venv_lib_python3_12_site-packages_PyQt6["PyQt6"]\n    node_venv_lib_python3_12_site-packages_PyQt6 --> node_venv_lib_python3_12_site-packages_PyQt6_Qt6["Qt6"]\n    node_venv_lib_python3_12_site-packages_PyQt6_Qt6 --> node_venv_lib_python3_12_site-packages_PyQt6_Qt6_qml["qml"]\n    node_venv_lib_python3_12_site-packages_PyQt6_Qt6_qml --> node_venv_lib_python3_12_site-packages_PyQt6_Qt6_qml_QtQuick["QtQuick"]\n    node_venv_lib_python3_12_site-packages_PyQt6_Qt6_qml_QtQuick --> node_venv_lib_python3_12_site-packages_PyQt6_Qt6_qml_QtQuick_Controls["Controls"]\n    node_venv_lib_python3_12_site-packages_PyQt6_Qt6_qml_QtQuick_Controls --> node_venv_lib_python3_12_site-packages_PyQt6_Qt6_qml_QtQuick_Controls_FluentWinUI3["FluentWinUI3"]\n    node_venv_lib_python3_12_site-packages_PyQt6_Qt6_qml_QtQuick_Controls_FluentWinUI3 --> node_venv_lib_python3_12_site-packages_PyQt6_Qt6_qml_QtQuick_Controls_FluentWinUI3_dark["dark"]\n    node_venv_lib_python3_12_site-packages_PyQt6_Qt6_qml_QtQuick_Controls_FluentWinUI3_dark --> node_venv_lib_python3_12_site-packages_PyQt6_Qt6_qml_QtQuick_Controls_FluentWinUI3_dark_images["images"]\n    node_venv_lib_python3_12_site-packages_PyQt6_Qt6_qml_QtQuick_Controls_FluentWinUI3_dark_images --> node_venv_lib_python3_12_site-packages_PyQt6_Qt6_qml_QtQuick_Controls_FluentWinUI3_dark_images_spinbox-indicator-up-icon-hovered@2x_png["spinbox-indicator-up-icon-hovered@2x.png"]\n    Root --> node_venv["venv"]\n    node_venv --> node_venv_lib["lib"]\n    node_venv_lib --> node_venv_lib_python3_12["python3.12"]\n    node_venv_lib_python3_12 --> node_venv_lib_python3_12_site-packages["site-packages"]\n    node_venv_lib_python3_12_site-packages --> node_venv_lib_python3_12_site-packages_PyQt6["PyQt6"]\n    node_venv_lib_python3_12_site-packages_PyQt6 --> node_venv_lib_python3_12_site-packages_PyQt6_Qt6["Qt6"]\n    node_venv_lib_python3_12_site-packages_PyQt6_Qt6 --> node_venv_lib_python3_12_site-packages_PyQt6_Qt6_qml["qml"]\n    node_venv_lib_python3_12_site-packages_PyQt6_Qt6_qml --> node_venv_lib_python3_12_site-packages_PyQt6_Qt6_qml_QtQuick["QtQuick"]\n    node_venv_lib_python3_12_site-packages_PyQt6_Qt6_qml_QtQuick --> node_venv_lib_python3_12_site-packages_PyQt6_Qt6_qml_QtQuick_Controls["Controls"]\n    node_venv_lib_python3_12_site-packages_PyQt6_Qt6_qml_QtQuick_Controls --> node_venv_lib_python3_12_site-packages_PyQt6_Qt6_qml_QtQuick_Controls_FluentWinUI3["FluentWinUI3"]\n    node_venv_lib_python3_12_site-packages_PyQt6_Qt6_qml_QtQuick_Controls_FluentWinUI3 --> node_venv_lib_python3_12_site-packages_PyQt6_Qt6_qml_QtQuick_Controls_FluentWinUI3_dark["dark"]\n    node_venv_lib_python3_12_site-packages_PyQt6_Qt6_qml_QtQuick_Controls_FluentWinUI3_dark --> node_venv_lib_python3_12_site-packages_PyQt6_Qt6_qml_QtQuick_Controls_FluentWinUI3_dark_images["images"]\n    node_venv_lib_python3_12_site-packages_PyQt6_Qt6_qml_QtQuick_Controls_FluentWinUI3_dark_images --> node_venv_lib_python3_12_site-packages_PyQt6_Qt6_qml_QtQuick_Controls_FluentWinUI3_dark_images_spinbox-indicator-up-icon-hovered@3x_png["spinbox-indicator-up-icon-hovered@3x.png"]\n    Root --> node_venv["venv"]\n    node_venv --> node_venv_lib["lib"]\n    node_venv_lib --> node_venv_lib_python3_12["python3.12"]\n    node_venv_lib_python3_12 --> node_venv_lib_python3_12_site-packages["site-packages"]\n    node_venv_lib_python3_12_site-packages --> node_venv_lib_python3_12_site-packages_PyQt6["PyQt6"]\n    node_venv_lib_python3_12_site-packages_PyQt6 --> node_venv_lib_python3_12_site-packages_PyQt6_Qt6["Qt6"]\n    node_venv_lib_python3_12_site-packages_PyQt6_Qt6 --> node_venv_lib_python3_12_site-packages_PyQt6_Qt6_qml["qml"]\n    node_venv_lib_python3_12_site-packages_PyQt6_Qt6_qml --> node_venv_lib_python3_12_site-packages_PyQt6_Qt6_qml_QtQuick["QtQuick"]\n    node_venv_lib_python3_12_site-packages_PyQt6_Qt6_qml_QtQuick --> node_venv_lib_python3_12_site-packages_PyQt6_Qt6_qml_QtQuick_Controls["Controls"]\n    node_venv_lib_python3_12_site-packages_PyQt6_Qt6_qml_QtQuick_Controls --> node_venv_lib_python3_12_site-packages_PyQt6_Qt6_qml_QtQuick_Controls_FluentWinUI3["FluentWinUI3"]\n    node_venv_lib_python3_12_site-packages_PyQt6_Qt6_qml_QtQuick_Controls_FluentWinUI3 --> node_venv_lib_python3_12_site-packages_PyQt6_Qt6_qml_QtQuick_Controls_FluentWinUI3_dark["dark"]\n    node_venv_lib_python3_12_site-packages_PyQt6_Qt6_qml_QtQuick_Controls_FluentWinUI3_dark --> node_venv_lib_python3_12_site-packages_PyQt6_Qt6_qml_QtQuick_Controls_FluentWinUI3_dark_images["images"]\n    node_venv_lib_python3_12_site-packages_PyQt6_Qt6_qml_QtQuick_Controls_FluentWinUI3_dark_images --> node_venv_lib_python3_12_site-packages_PyQt6_Qt6_qml_QtQuick_Controls_FluentWinUI3_dark_images_spinbox-indicator-up-icon-up-hovered_png["spinbox-indicator-up-icon-up-hovered.png"]\n    Root --> node_venv["venv"]\n    node_venv --> node_venv_lib["lib"]\n    node_venv_lib --> node_venv_lib_python3_12["python3.12"]\n    node_venv_lib_python3_12 --> node_venv_lib_python3_12_site-packages["site-packages"]\n    node_venv_lib_python3_12_site-packages --> node_venv_lib_python3_12_site-packages_PyQt6["PyQt6"]\n    node_venv_lib_python3_12_site-packages_PyQt6 --> node_venv_lib_python3_12_site-packages_PyQt6_Qt6["Qt6"]\n    node_venv_lib_python3_12_site-packages_PyQt6_Qt6 --> node_venv_lib_python3_12_site-packages_PyQt6_Qt6_qml["qml"]\n    node_venv_lib_python3_12_site-packages_PyQt6_Qt6_qml --> node_venv_lib_python3_12_site-packages_PyQt6_Qt6_qml_QtQuick["QtQuick"]\n    node_venv_lib_python3_12_site-packages_PyQt6_Qt6_qml_QtQuick --> node_venv_lib_python3_12_site-packages_PyQt6_Qt6_qml_QtQuick_Controls["Controls"]\n    node_venv_lib_python3_12_site-packages_PyQt6_Qt6_qml_QtQuick_Controls --> node_venv_lib_python3_12_site-packages_PyQt6_Qt6_qml_QtQuick_Controls_FluentWinUI3["FluentWinUI3"]\n    node_venv_lib_python3_12_site-packages_PyQt6_Qt6_qml_QtQuick_Controls_FluentWinUI3 --> node_venv_lib_python3_12_site-packages_PyQt6_Qt6_qml_QtQuick_Controls_FluentWinUI3_dark["dark"]\n    node_venv_lib_python3_12_site-packages_PyQt6_Qt6_qml_QtQuick_Controls_FluentWinUI3_dark --> node_venv_lib_python3_12_site-packages_PyQt6_Qt6_qml_QtQuick_Controls_FluentWinUI3_dark_images["images"]\n    node_venv_lib_python3_12_site-packages_PyQt6_Qt6_qml_QtQuick_Controls_FluentWinUI3_dark_images --> node_venv_lib_python3_12_site-packages_PyQt6_Qt6_qml_QtQuick_Controls_FluentWinUI3_dark_images_spinbox-indicator-up-icon-up-hovered@2x_png["spinbox-indicator-up-icon-up-hovered@2x.png"]\n    Root --> node_venv["venv"]\n    node_venv --> node_venv_lib["lib"]\n    node_venv_lib --> node_venv_lib_python3_12["python3.12"]\n    node_venv_lib_python3_12 --> node_venv_lib_python3_12_site-packages["site-packages"]\n    node_venv_lib_python3_12_site-packages --> node_venv_lib_python3_12_site-packages_PyQt6["PyQt6"]\n    node_venv_lib_python3_12_site-packages_PyQt6 --> node_venv_lib_python3_12_site-packages_PyQt6_Qt6["Qt6"]\n    node_venv_lib_python3_12_site-packages_PyQt6_Qt6 --> node_venv_lib_python3_12_site-packages_PyQt6_Qt6_qml["qml"]\n    node_venv_lib_python3_12_site-packages_PyQt6_Qt6_qml --> node_venv_lib_python3_12_site-packages_PyQt6_Qt6_qml_QtQuick["QtQuick"]\n    node_venv_lib_python3_12_site-packages_PyQt6_Qt6_qml_QtQuick --> node_venv_lib_python3_12_site-packages_PyQt6_Qt6_qml_QtQuick_Controls["Controls"]\n    node_venv_lib_python3_12_site-packages_PyQt6_Qt6_qml_QtQuick_Controls --> node_venv_lib_python3_12_site-packages_PyQt6_Qt6_qml_QtQuick_Controls_FluentWinUI3["FluentWinUI3"]\n    node_venv_lib_python3_12_site-packages_PyQt6_Qt6_qml_QtQuick_Controls_FluentWinUI3 --> node_venv_lib_python3_12_site-packages_PyQt6_Qt6_qml_QtQuick_Controls_FluentWinUI3_dark["dark"]\n    node_venv_lib_python3_12_site-packages_PyQt6_Qt6_qml_QtQuick_Controls_FluentWinUI3_dark --> node_venv_lib_python3_12_site-packages_PyQt6_Qt6_qml_QtQuick_Controls_FluentWinUI3_dark_images["images"]\n    node_venv_lib_python3_12_site-packages_PyQt6_Qt6_qml_QtQuick_Controls_FluentWinUI3_dark_images --> node_venv_lib_python3_12_site-packages_PyQt6_Qt6_qml_QtQuick_Controls_FluentWinUI3_dark_images_spinbox-indicator-up-icon-up-hovered@3x_png["spinbox-indicator-up-icon-up-hovered@3x.png"]\n    Root --> node_venv["venv"]\n    node_venv --> node_venv_lib["lib"]\n    node_venv_lib --> node_venv_lib_python3_12["python3.12"]\n    node_venv_lib_python3_12 --> node_venv_lib_python3_12_site-packages["site-packages"]\n    node_venv_lib_python3_12_site-packages --> node_venv_lib_python3_12_site-packages_PyQt6["PyQt6"]\n    node_venv_lib_python3_12_site-packages_PyQt6 --> node_venv_lib_python3_12_site-packages_PyQt6_Qt6["Qt6"]\n    node_venv_lib_python3_12_site-packages_PyQt6_Qt6 --> node_venv_lib_python3_12_site-packages_PyQt6_Qt6_qml["qml"]\n    node_venv_lib_python3_12_site-packages_PyQt6_Qt6_qml --> node_venv_lib_python3_12_site-packages_PyQt6_Qt6_qml_QtQuick["QtQuick"]\n    node_venv_lib_python3_12_site-packages_PyQt6_Qt6_qml_QtQuick --> node_venv_lib_python3_12_site-packages_PyQt6_Qt6_qml_QtQuick_Controls["Controls"]\n    node_venv_lib_python3_12_site-packages_PyQt6_Qt6_qml_QtQuick_Controls --> node_venv_lib_python3_12_site-packages_PyQt6_Qt6_qml_QtQuick_Controls_FluentWinUI3["FluentWinUI3"]\n    node_venv_lib_python3_12_site-packages_PyQt6_Qt6_qml_QtQuick_Controls_FluentWinUI3 --> node_venv_lib_python3_12_site-packages_PyQt6_Qt6_qml_QtQuick_Controls_FluentWinUI3_dark["dark"]\n    node_venv_lib_python3_12_site-packages_PyQt6_Qt6_qml_QtQuick_Controls_FluentWinUI3_dark --> node_venv_lib_python3_12_site-packages_PyQt6_Qt6_qml_QtQuick_Controls_FluentWinUI3_dark_images["images"]\n    node_venv_lib_python3_12_site-packages_PyQt6_Qt6_qml_QtQuick_Controls_FluentWinUI3_dark_images --> node_venv_lib_python3_12_site-packages_PyQt6_Qt6_qml_QtQuick_Controls_FluentWinUI3_dark_images_spinbox-indicator-up-icon-up-pressed_png["spinbox-indicator-up-icon-up-pressed.png"]\n    Root --> node_venv["venv"]\n    node_venv --> node_venv_lib["lib"]\n    node_venv_lib --> node_venv_lib_python3_12["python3.12"]\n    node_venv_lib_python3_12 --> node_venv_lib_python3_12_site-packages["site-packages"]\n    node_venv_lib_python3_12_site-packages --> node_venv_lib_python3_12_site-packages_PyQt6["PyQt6"]\n    node_venv_lib_python3_12_site-packages_PyQt6 --> node_venv_lib_python3_12_site-packages_PyQt6_Qt6["Qt6"]\n    node_venv_lib_python3_12_site-packages_PyQt6_Qt6 --> node_venv_lib_python3_12_site-packages_PyQt6_Qt6_qml["qml"]\n    node_venv_lib_python3_12_site-packages_PyQt6_Qt6_qml --> node_venv_lib_python3_12_site-packages_PyQt6_Qt6_qml_QtQuick["QtQuick"]\n    node_venv_lib_python3_12_site-packages_PyQt6_Qt6_qml_QtQuick --> node_venv_lib_python3_12_site-packages_PyQt6_Qt6_qml_QtQuick_Controls["Controls"]\n    node_venv_lib_python3_12_site-packages_PyQt6_Qt6_qml_QtQuick_Controls --> node_venv_lib_python3_12_site-packages_PyQt6_Qt6_qml_QtQuick_Controls_FluentWinUI3["FluentWinUI3"]\n    node_venv_lib_python3_12_site-packages_PyQt6_Qt6_qml_QtQuick_Controls_FluentWinUI3 --> node_venv_lib_python3_12_site-packages_PyQt6_Qt6_qml_QtQuick_Controls_FluentWinUI3_dark["dark"]\n    node_venv_lib_python3_12_site-packages_PyQt6_Qt6_qml_QtQuick_Controls_FluentWinUI3_dark --> node_venv_lib_python3_12_site-packages_PyQt6_Qt6_qml_QtQuick_Controls_FluentWinUI3_dark_images["images"]\n    node_venv_lib_python3_12_site-packages_PyQt6_Qt6_qml_QtQuick_Controls_FluentWinUI3_dark_images --> node_venv_lib_python3_12_site-packages_PyQt6_Qt6_qml_QtQuick_Controls_FluentWinUI3_dark_images_spinbox-indicator-up-icon-up-pressed@2x_png["spinbox-indicator-up-icon-up-pressed@2x.png"]\n    Root --> node_venv["venv"]\n    node_venv --> node_venv_lib["lib"]\n    node_venv_lib --> node_venv_lib_python3_12["python3.12"]\n    node_venv_lib_python3_12 --> node_venv_lib_python3_12_site-packages["site-packages"]\n    node_venv_lib_python3_12_site-packages --> node_venv_lib_python3_12_site-packages_PyQt6["PyQt6"]\n    node_venv_lib_python3_12_site-packages_PyQt6 --> node_venv_lib_python3_12_site-packages_PyQt6_Qt6["Qt6"]\n    node_venv_lib_python3_12_site-packages_PyQt6_Qt6 --> node_venv_lib_python3_12_site-packages_PyQt6_Qt6_qml["qml"]\n    node_venv_lib_python3_12_site-packages_PyQt6_Qt6_qml --> node_venv_lib_python3_12_site-packages_PyQt6_Qt6_qml_QtQuick["QtQuick"]\n    node_venv_lib_python3_12_site-packages_PyQt6_Qt6_qml_QtQuick --> node_venv_lib_python3_12_site-packages_PyQt6_Qt6_qml_QtQuick_Controls["Controls"]\n    node_venv_lib_python3_12_site-packages_PyQt6_Qt6_qml_QtQuick_Controls --> node_venv_lib_python3_12_site-packages_PyQt6_Qt6_qml_QtQuick_Controls_FluentWinUI3["FluentWinUI3"]\n    node_venv_lib_python3_12_site-packages_PyQt6_Qt6_qml_QtQuick_Controls_FluentWinUI3 --> node_venv_lib_python3_12_site-packages_PyQt6_Qt6_qml_QtQuick_Controls_FluentWinUI3_dark["dark"]\n    node_venv_lib_python3_12_site-packages_PyQt6_Qt6_qml_QtQuick_Controls_FluentWinUI3_dark --> node_venv_lib_python3_12_site-packages_PyQt6_Qt6_qml_QtQuick_Controls_FluentWinUI3_dark_images["images"]\n    node_venv_lib_python3_12_site-packages_PyQt6_Qt6_qml_QtQuick_Controls_FluentWinUI3_dark_images --> node_venv_lib_python3_12_site-packages_PyQt6_Qt6_qml_QtQuick_Controls_FluentWinUI3_dark_images_spinbox-indicator-up-icon-up-pressed@3x_png["spinbox-indicator-up-icon-up-pressed@3x.png"]\n    Root --> node_venv["venv"]\n    node_venv --> node_venv_lib["lib"]\n    node_venv_lib --> node_venv_lib_python3_12["python3.12"]\n    node_venv_lib_python3_12 --> node_venv_lib_python3_12_site-packages["site-packages"]\n    node_venv_lib_python3_12_site-packages --> node_venv_lib_python3_12_site-packages_PyQt6["PyQt6"]\n    node_venv_lib_python3_12_site-packages_PyQt6 --> node_venv_lib_python3_12_site-packages_PyQt6_Qt6["Qt6"]\n    node_venv_lib_python3_12_site-packages_PyQt6_Qt6 --> node_venv_lib_python3_12_site-packages_PyQt6_Qt6_qml["qml"]\n    node_venv_lib_python3_12_site-packages_PyQt6_Qt6_qml --> node_venv_lib_python3_12_site-packages_PyQt6_Qt6_qml_QtQuick["QtQuick"]\n    node_venv_lib_python3_12_site-packages_PyQt6_Qt6_qml_QtQuick --> node_venv_lib_python3_12_site-packages_PyQt6_Qt6_qml_QtQuick_Controls["Controls"]\n    node_venv_lib_python3_12_site-packages_PyQt6_Qt6_qml_QtQuick_Controls --> node_venv_lib_python3_12_site-packages_PyQt6_Qt6_qml_QtQuick_Controls_FluentWinUI3["FluentWinUI3"]\n    node_venv_lib_python3_12_site-packages_PyQt6_Qt6_qml_QtQuick_Controls_FluentWinUI3 --> node_venv_lib_python3_12_site-packages_PyQt6_Qt6_qml_QtQuick_Controls_FluentWinUI3_dark["dark"]\n    node_venv_lib_python3_12_site-packages_PyQt6_Qt6_qml_QtQuick_Controls_FluentWinUI3_dark --> node_venv_lib_python3_12_site-packages_PyQt6_Qt6_qml_QtQuick_Controls_FluentWinUI3_dark_images["images"]\n    node_venv_lib_python3_12_site-packages_PyQt6_Qt6_qml_QtQuick_Controls_FluentWinUI3_dark_images --> node_venv_lib_python3_12_site-packages_PyQt6_Qt6_qml_QtQuick_Controls_FluentWinUI3_dark_images_spinbox-indicator-up-icon_png["spinbox-indicator-up-icon.png"]\n    Root --> node_venv["venv"]\n    node_venv --> node_venv_lib["lib"]\n    node_venv_lib --> node_venv_lib_python3_12["python3.12"]\n    node_venv_lib_python3_12 --> node_venv_lib_python3_12_site-packages["site-packages"]\n    node_venv_lib_python3_12_site-packages --> node_venv_lib_python3_12_site-packages_PyQt6["PyQt6"]\n    node_venv_lib_python3_12_site-packages_PyQt6 --> node_venv_lib_python3_12_site-packages_PyQt6_Qt6["Qt6"]\n    node_venv_lib_python3_12_site-packages_PyQt6_Qt6 --> node_venv_lib_python3_12_site-packages_PyQt6_Qt6_qml["qml"]\n    node_venv_lib_python3_12_site-packages_PyQt6_Qt6_qml --> node_venv_lib_python3_12_site-packages_PyQt6_Qt6_qml_QtQuick["QtQuick"]\n    node_venv_lib_python3_12_site-packages_PyQt6_Qt6_qml_QtQuick --> node_venv_lib_python3_12_site-packages_PyQt6_Qt6_qml_QtQuick_Controls["Controls"]\n    node_venv_lib_python3_12_site-packages_PyQt6_Qt6_qml_QtQuick_Controls --> node_venv_lib_python3_12_site-packages_PyQt6_Qt6_qml_QtQuick_Controls_FluentWinUI3["FluentWinUI3"]\n    node_venv_lib_python3_12_site-packages_PyQt6_Qt6_qml_QtQuick_Controls_FluentWinUI3 --> node_venv_lib_python3_12_site-packages_PyQt6_Qt6_qml_QtQuick_Controls_FluentWinUI3_dark["dark"]\n    node_venv_lib_python3_12_site-packages_PyQt6_Qt6_qml_QtQuick_Controls_FluentWinUI3_dark --> node_venv_lib_python3_12_site-packages_PyQt6_Qt6_qml_QtQuick_Controls_FluentWinUI3_dark_images["images"]\n    node_venv_lib_python3_12_site-packages_PyQt6_Qt6_qml_QtQuick_Controls_FluentWinUI3_dark_images --> node_venv_lib_python3_12_site-packages_PyQt6_Qt6_qml_QtQuick_Controls_FluentWinUI3_dark_images_spinbox-indicator-up-icon@2x_png["spinbox-indicator-up-icon@2x.png"]\n    Root --> node_venv["venv"]\n    node_venv --> node_venv_lib["lib"]\n    node_venv_lib --> node_venv_lib_python3_12["python3.12"]\n    node_venv_lib_python3_12 --> node_venv_lib_python3_12_site-packages["site-packages"]\n    node_venv_lib_python3_12_site-packages --> node_venv_lib_python3_12_site-packages_PyQt6["PyQt6"]\n    node_venv_lib_python3_12_site-packages_PyQt6 --> node_venv_lib_python3_12_site-packages_PyQt6_Qt6["Qt6"]\n    node_venv_lib_python3_12_site-packages_PyQt6_Qt6 --> node_venv_lib_python3_12_site-packages_PyQt6_Qt6_qml["qml"]\n    node_venv_lib_python3_12_site-packages_PyQt6_Qt6_qml --> node_venv_lib_python3_12_site-packages_PyQt6_Qt6_qml_QtQuick["QtQuick"]\n    node_venv_lib_python3_12_site-packages_PyQt6_Qt6_qml_QtQuick --> node_venv_lib_python3_12_site-packages_PyQt6_Qt6_qml_QtQuick_Controls["Controls"]\n    node_venv_lib_python3_12_site-packages_PyQt6_Qt6_qml_QtQuick_Controls --> node_venv_lib_python3_12_site-packages_PyQt6_Qt6_qml_QtQuick_Controls_FluentWinUI3["FluentWinUI3"]\n    node_venv_lib_python3_12_site-packages_PyQt6_Qt6_qml_QtQuick_Controls_FluentWinUI3 --> node_venv_lib_python3_12_site-packages_PyQt6_Qt6_qml_QtQuick_Controls_FluentWinUI3_dark["dark"]\n    node_venv_lib_python3_12_site-packages_PyQt6_Qt6_qml_QtQuick_Controls_FluentWinUI3_dark --> node_venv_lib_python3_12_site-packages_PyQt6_Qt6_qml_QtQuick_Controls_FluentWinUI3_dark_images["images"]\n    node_venv_lib_python3_12_site-packages_PyQt6_Qt6_qml_QtQuick_Controls_FluentWinUI3_dark_images --> node_venv_lib_python3_12_site-packages_PyQt6_Qt6_qml_QtQuick_Controls_FluentWinUI3_dark_images_spinbox-indicator-up-icon@3x_png["spinbox-indicator-up-icon@3x.png"]\n    Root --> node_venv["venv"]\n    node_venv --> node_venv_lib["lib"]\n    node_venv_lib --> node_venv_lib_python3_12["python3.12"]\n    node_venv_lib_python3_12 --> node_venv_lib_python3_12_site-packages["site-packages"]\n    node_venv_lib_python3_12_site-packages --> node_venv_lib_python3_12_site-packages_PyQt6["PyQt6"]\n    node_venv_lib_python3_12_site-packages_PyQt6 --> node_venv_lib_python3_12_site-packages_PyQt6_Qt6["Qt6"]\n    node_venv_lib_python3_12_site-packages_PyQt6_Qt6 --> node_venv_lib_python3_12_site-packages_PyQt6_Qt6_qml["qml"]\n    node_venv_lib_python3_12_site-packages_PyQt6_Qt6_qml --> node_venv_lib_python3_12_site-packages_PyQt6_Qt6_qml_QtQuick["QtQuick"]\n    node_venv_lib_python3_12_site-packages_PyQt6_Qt6_qml_QtQuick --> node_venv_lib_python3_12_site-packages_PyQt6_Qt6_qml_QtQuick_Controls["Controls"]\n    node_venv_lib_python3_12_site-packages_PyQt6_Qt6_qml_QtQuick_Controls --> node_venv_lib_python3_12_site-packages_PyQt6_Qt6_qml_QtQuick_Controls_FluentWinUI3["FluentWinUI3"]\n    node_venv_lib_python3_12_site-packages_PyQt6_Qt6_qml_QtQuick_Controls_FluentWinUI3 --> node_venv_lib_python3_12_site-packages_PyQt6_Qt6_qml_QtQuick_Controls_FluentWinUI3_dark["dark"]\n    node_venv_lib_python3_12_site-packages_PyQt6_Qt6_qml_QtQuick_Controls_FluentWinUI3_dark --> node_venv_lib_python3_12_site-packages_PyQt6_Qt6_qml_QtQuick_Controls_FluentWinUI3_dark_images["images"]\n    node_venv_lib_python3_12_site-packages_PyQt6_Qt6_qml_QtQuick_Controls_FluentWinUI3_dark_images --> node_venv_lib_python3_12_site-packages_PyQt6_Qt6_qml_QtQuick_Controls_FluentWinUI3_dark_images_textarea-background-disabled_png["textarea-background-disabled.png"]\n    Root --> node_venv["venv"]\n    node_venv --> node_venv_lib["lib"]\n    node_venv_lib --> node_venv_lib_python3_12["python3.12"]\n    node_venv_lib_python3_12 --> node_venv_lib_python3_12_site-packages["site-packages"]\n    node_venv_lib_python3_12_site-packages --> node_venv_lib_python3_12_site-packages_PyQt6["PyQt6"]\n    node_venv_lib_python3_12_site-packages_PyQt6 --> node_venv_lib_python3_12_site-packages_PyQt6_Qt6["Qt6"]\n    node_venv_lib_python3_12_site-packages_PyQt6_Qt6 --> node_venv_lib_python3_12_site-packages_PyQt6_Qt6_qml["qml"]\n    node_venv_lib_python3_12_site-packages_PyQt6_Qt6_qml --> node_venv_lib_python3_12_site-packages_PyQt6_Qt6_qml_QtQuick["QtQuick"]\n    node_venv_lib_python3_12_site-packages_PyQt6_Qt6_qml_QtQuick --> node_venv_lib_python3_12_site-packages_PyQt6_Qt6_qml_QtQuick_Controls["Controls"]\n    node_venv_lib_python3_12_site-packages_PyQt6_Qt6_qml_QtQuick_Controls --> node_venv_lib_python3_12_site-packages_PyQt6_Qt6_qml_QtQuick_Controls_FluentWinUI3["FluentWinUI3"]\n    node_venv_lib_python3_12_site-packages_PyQt6_Qt6_qml_QtQuick_Controls_FluentWinUI3 --> node_venv_lib_python3_12_site-packages_PyQt6_Qt6_qml_QtQuick_Controls_FluentWinUI3_dark["dark"]\n    node_venv_lib_python3_12_site-packages_PyQt6_Qt6_qml_QtQuick_Controls_FluentWinUI3_dark --> node_venv_lib_python3_12_site-packages_PyQt6_Qt6_qml_QtQuick_Controls_FluentWinUI3_dark_images["images"]\n    node_venv_lib_python3_12_site-packages_PyQt6_Qt6_qml_QtQuick_Controls_FluentWinUI3_dark_images --> node_venv_lib_python3_12_site-packages_PyQt6_Qt6_qml_QtQuick_Controls_FluentWinUI3_dark_images_textarea-background-disabled@2x_png["textarea-background-disabled@2x.png"]\n    Root --> node_venv["venv"]\n    node_venv --> node_venv_lib["lib"]\n    node_venv_lib --> node_venv_lib_python3_12["python3.12"]\n    node_venv_lib_python3_12 --> node_venv_lib_python3_12_site-packages["site-packages"]\n    node_venv_lib_python3_12_site-packages --> node_venv_lib_python3_12_site-packages_PyQt6["PyQt6"]\n    node_venv_lib_python3_12_site-packages_PyQt6 --> node_venv_lib_python3_12_site-packages_PyQt6_Qt6["Qt6"]\n    node_venv_lib_python3_12_site-packages_PyQt6_Qt6 --> node_venv_lib_python3_12_site-packages_PyQt6_Qt6_qml["qml"]\n    node_venv_lib_python3_12_site-packages_PyQt6_Qt6_qml --> node_venv_lib_python3_12_site-packages_PyQt6_Qt6_qml_QtQuick["QtQuick"]\n    node_venv_lib_python3_12_site-packages_PyQt6_Qt6_qml_QtQuick --> node_venv_lib_python3_12_site-packages_PyQt6_Qt6_qml_QtQuick_Controls["Controls"]\n    node_venv_lib_python3_12_site-packages_PyQt6_Qt6_qml_QtQuick_Controls --> node_venv_lib_python3_12_site-packages_PyQt6_Qt6_qml_QtQuick_Controls_FluentWinUI3["FluentWinUI3"]\n    node_venv_lib_python3_12_site-packages_PyQt6_Qt6_qml_QtQuick_Controls_FluentWinUI3 --> node_venv_lib_python3_12_site-packages_PyQt6_Qt6_qml_QtQuick_Controls_FluentWinUI3_dark["dark"]\n    node_venv_lib_python3_12_site-packages_PyQt6_Qt6_qml_QtQuick_Controls_FluentWinUI3_dark --> node_venv_lib_python3_12_site-packages_PyQt6_Qt6_qml_QtQuick_Controls_FluentWinUI3_dark_images["images"]\n    node_venv_lib_python3_12_site-packages_PyQt6_Qt6_qml_QtQuick_Controls_FluentWinUI3_dark_images --> node_venv_lib_python3_12_site-packages_PyQt6_Qt6_qml_QtQuick_Controls_FluentWinUI3_dark_images_textarea-background-disabled@3x_png["textarea-background-disabled@3x.png"]\n    Root --> node_venv["venv"]\n    node_venv --> node_venv_lib["lib"]\n    node_venv_lib --> node_venv_lib_python3_12["python3.12"]\n    node_venv_lib_python3_12 --> node_venv_lib_python3_12_site-packages["site-packages"]\n    node_venv_lib_python3_12_site-packages --> node_venv_lib_python3_12_site-packages_PyQt6["PyQt6"]\n    node_venv_lib_python3_12_site-packages_PyQt6 --> node_venv_lib_python3_12_site-packages_PyQt6_Qt6["Qt6"]\n    node_venv_lib_python3_12_site-packages_PyQt6_Qt6 --> node_venv_lib_python3_12_site-packages_PyQt6_Qt6_qml["qml"]\n    node_venv_lib_python3_12_site-packages_PyQt6_Qt6_qml --> node_venv_lib_python3_12_site-packages_PyQt6_Qt6_qml_QtQuick["QtQuick"]\n    node_venv_lib_python3_12_site-packages_PyQt6_Qt6_qml_QtQuick --> node_venv_lib_python3_12_site-packages_PyQt6_Qt6_qml_QtQuick_Controls["Controls"]\n    node_venv_lib_python3_12_site-packages_PyQt6_Qt6_qml_QtQuick_Controls --> node_venv_lib_python3_12_site-packages_PyQt6_Qt6_qml_QtQuick_Controls_FluentWinUI3["FluentWinUI3"]\n    node_venv_lib_python3_12_site-packages_PyQt6_Qt6_qml_QtQuick_Controls_FluentWinUI3 --> node_venv_lib_python3_12_site-packages_PyQt6_Qt6_qml_QtQuick_Controls_FluentWinUI3_dark["dark"]\n    node_venv_lib_python3_12_site-packages_PyQt6_Qt6_qml_QtQuick_Controls_FluentWinUI3_dark --> node_venv_lib_python3_12_site-packages_PyQt6_Qt6_qml_QtQuick_Controls_FluentWinUI3_dark_images["images"]\n    node_venv_lib_python3_12_site-packages_PyQt6_Qt6_qml_QtQuick_Controls_FluentWinUI3_dark_images --> node_venv_lib_python3_12_site-packages_PyQt6_Qt6_qml_QtQuick_Controls_FluentWinUI3_dark_images_textarea-background-focused_png["textarea-background-focused.png"]\n    Root --> node_venv["venv"]\n    node_venv --> node_venv_lib["lib"]\n    node_venv_lib --> node_venv_lib_python3_12["python3.12"]\n    node_venv_lib_python3_12 --> node_venv_lib_python3_12_site-packages["site-packages"]\n    node_venv_lib_python3_12_site-packages --> node_venv_lib_python3_12_site-packages_PyQt6["PyQt6"]\n    node_venv_lib_python3_12_site-packages_PyQt6 --> node_venv_lib_python3_12_site-packages_PyQt6_Qt6["Qt6"]\n    node_venv_lib_python3_12_site-packages_PyQt6_Qt6 --> node_venv_lib_python3_12_site-packages_PyQt6_Qt6_qml["qml"]\n    node_venv_lib_python3_12_site-packages_PyQt6_Qt6_qml --> node_venv_lib_python3_12_site-packages_PyQt6_Qt6_qml_QtQuick["QtQuick"]\n    node_venv_lib_python3_12_site-packages_PyQt6_Qt6_qml_QtQuick --> node_venv_lib_python3_12_site-packages_PyQt6_Qt6_qml_QtQuick_Controls["Controls"]\n    node_venv_lib_python3_12_site-packages_PyQt6_Qt6_qml_QtQuick_Controls --> node_venv_lib_python3_12_site-packages_PyQt6_Qt6_qml_QtQuick_Controls_FluentWinUI3["FluentWinUI3"]\n    node_venv_lib_python3_12_site-packages_PyQt6_Qt6_qml_QtQuick_Controls_FluentWinUI3 --> node_venv_lib_python3_12_site-packages_PyQt6_Qt6_qml_QtQuick_Controls_FluentWinUI3_dark["dark"]\n    node_venv_lib_python3_12_site-packages_PyQt6_Qt6_qml_QtQuick_Controls_FluentWinUI3_dark --> node_venv_lib_python3_12_site-packages_PyQt6_Qt6_qml_QtQuick_Controls_FluentWinUI3_dark_images["images"]\n    node_venv_lib_python3_12_site-packages_PyQt6_Qt6_qml_QtQuick_Controls_FluentWinUI3_dark_images --> node_venv_lib_python3_12_site-packages_PyQt6_Qt6_qml_QtQuick_Controls_FluentWinUI3_dark_images_textarea-background-focused@2x_png["textarea-background-focused@2x.png"]\n    Root --> node_venv["venv"]\n    node_venv --> node_venv_lib["lib"]\n    node_venv_lib --> node_venv_lib_python3_12["python3.12"]\n    node_venv_lib_python3_12 --> node_venv_lib_python3_12_site-packages["site-packages"]\n    node_venv_lib_python3_12_site-packages --> node_venv_lib_python3_12_site-packages_PyQt6["PyQt6"]\n    node_venv_lib_python3_12_site-packages_PyQt6 --> node_venv_lib_python3_12_site-packages_PyQt6_Qt6["Qt6"]\n    node_venv_lib_python3_12_site-packages_PyQt6_Qt6 --> node_venv_lib_python3_12_site-packages_PyQt6_Qt6_qml["qml"]\n    node_venv_lib_python3_12_site-packages_PyQt6_Qt6_qml --> node_venv_lib_python3_12_site-packages_PyQt6_Qt6_qml_QtQuick["QtQuick"]\n    node_venv_lib_python3_12_site-packages_PyQt6_Qt6_qml_QtQuick --> node_venv_lib_python3_12_site-packages_PyQt6_Qt6_qml_QtQuick_Controls["Controls"]\n    node_venv_lib_python3_12_site-packages_PyQt6_Qt6_qml_QtQuick_Controls --> node_venv_lib_python3_12_site-packages_PyQt6_Qt6_qml_QtQuick_Controls_FluentWinUI3["FluentWinUI3"]\n    node_venv_lib_python3_12_site-packages_PyQt6_Qt6_qml_QtQuick_Controls_FluentWinUI3 --> node_venv_lib_python3_12_site-packages_PyQt6_Qt6_qml_QtQuick_Controls_FluentWinUI3_dark["dark"]\n    node_venv_lib_python3_12_site-packages_PyQt6_Qt6_qml_QtQuick_Controls_FluentWinUI3_dark --> node_venv_lib_python3_12_site-packages_PyQt6_Qt6_qml_QtQuick_Controls_FluentWinUI3_dark_images["images"]\n    node_venv_lib_python3_12_site-packages_PyQt6_Qt6_qml_QtQuick_Controls_FluentWinUI3_dark_images --> node_venv_lib_python3_12_site-packages_PyQt6_Qt6_qml_QtQuick_Controls_FluentWinUI3_dark_images_textarea-background-focused@3x_png["textarea-background-focused@3x.png"]\n    Root --> node_venv["venv"]\n    node_venv --> node_venv_lib["lib"]\n    node_venv_lib --> node_venv_lib_python3_12["python3.12"]\n    node_venv_lib_python3_12 --> node_venv_lib_python3_12_site-packages["site-packages"]\n    node_venv_lib_python3_12_site-packages --> node_venv_lib_python3_12_site-packages_PyQt6["PyQt6"]\n    node_venv_lib_python3_12_site-packages_PyQt6 --> node_venv_lib_python3_12_site-packages_PyQt6_Qt6["Qt6"]\n    node_venv_lib_python3_12_site-packages_PyQt6_Qt6 --> node_venv_lib_python3_12_site-packages_PyQt6_Qt6_qml["qml"]\n    node_venv_lib_python3_12_site-packages_PyQt6_Qt6_qml --> node_venv_lib_python3_12_site-packages_PyQt6_Qt6_qml_QtQuick["QtQuick"]\n    node_venv_lib_python3_12_site-packages_PyQt6_Qt6_qml_QtQuick --> node_venv_lib_python3_12_site-packages_PyQt6_Qt6_qml_QtQuick_Controls["Controls"]\n    node_venv_lib_python3_12_site-packages_PyQt6_Qt6_qml_QtQuick_Controls --> node_venv_lib_python3_12_site-packages_PyQt6_Qt6_qml_QtQuick_Controls_FluentWinUI3["FluentWinUI3"]\n    node_venv_lib_python3_12_site-packages_PyQt6_Qt6_qml_QtQuick_Controls_FluentWinUI3 --> node_venv_lib_python3_12_site-packages_PyQt6_Qt6_qml_QtQuick_Controls_FluentWinUI3_dark["dark"]\n    node_venv_lib_python3_12_site-packages_PyQt6_Qt6_qml_QtQuick_Controls_FluentWinUI3_dark --> node_venv_lib_python3_12_site-packages_PyQt6_Qt6_qml_QtQuick_Controls_FluentWinUI3_dark_images["images"]\n    node_venv_lib_python3_12_site-packages_PyQt6_Qt6_qml_QtQuick_Controls_FluentWinUI3_dark_images --> node_venv_lib_python3_12_site-packages_PyQt6_Qt6_qml_QtQuick_Controls_FluentWinUI3_dark_images_textarea-background-hovered_png["textarea-background-hovered.png"]\n    Root --> node_venv["venv"]\n    node_venv --> node_venv_lib["lib"]\n    node_venv_lib --> node_venv_lib_python3_12["python3.12"]\n    node_venv_lib_python3_12 --> node_venv_lib_python3_12_site-packages["site-packages"]\n    node_venv_lib_python3_12_site-packages --> node_venv_lib_python3_12_site-packages_PyQt6["PyQt6"]\n    node_venv_lib_python3_12_site-packages_PyQt6 --> node_venv_lib_python3_12_site-packages_PyQt6_Qt6["Qt6"]\n    node_venv_lib_python3_12_site-packages_PyQt6_Qt6 --> node_venv_lib_python3_12_site-packages_PyQt6_Qt6_qml["qml"]\n    node_venv_lib_python3_12_site-packages_PyQt6_Qt6_qml --> node_venv_lib_python3_12_site-packages_PyQt6_Qt6_qml_QtQuick["QtQuick"]\n    node_venv_lib_python3_12_site-packages_PyQt6_Qt6_qml_QtQuick --> node_venv_lib_python3_12_site-packages_PyQt6_Qt6_qml_QtQuick_Controls["Controls"]\n    node_venv_lib_python3_12_site-packages_PyQt6_Qt6_qml_QtQuick_Controls --> node_venv_lib_python3_12_site-packages_PyQt6_Qt6_qml_QtQuick_Controls_FluentWinUI3["FluentWinUI3"]\n    node_venv_lib_python3_12_site-packages_PyQt6_Qt6_qml_QtQuick_Controls_FluentWinUI3 --> node_venv_lib_python3_12_site-packages_PyQt6_Qt6_qml_QtQuick_Controls_FluentWinUI3_dark["dark"]\n    node_venv_lib_python3_12_site-packages_PyQt6_Qt6_qml_QtQuick_Controls_FluentWinUI3_dark --> node_venv_lib_python3_12_site-packages_PyQt6_Qt6_qml_QtQuick_Controls_FluentWinUI3_dark_images["images"]\n    node_venv_lib_python3_12_site-packages_PyQt6_Qt6_qml_QtQuick_Controls_FluentWinUI3_dark_images --> node_venv_lib_python3_12_site-packages_PyQt6_Qt6_qml_QtQuick_Controls_FluentWinUI3_dark_images_textarea-background-hovered@2x_png["textarea-background-hovered@2x.png"]\n    Root --> node_venv["venv"]\n    node_venv --> node_venv_lib["lib"]\n    node_venv_lib --> node_venv_lib_python3_12["python3.12"]\n    node_venv_lib_python3_12 --> node_venv_lib_python3_12_site-packages["site-packages"]\n    node_venv_lib_python3_12_site-packages --> node_venv_lib_python3_12_site-packages_PyQt6["PyQt6"]\n    node_venv_lib_python3_12_site-packages_PyQt6 --> node_venv_lib_python3_12_site-packages_PyQt6_Qt6["Qt6"]\n    node_venv_lib_python3_12_site-packages_PyQt6_Qt6 --> node_venv_lib_python3_12_site-packages_PyQt6_Qt6_qml["qml"]\n    node_venv_lib_python3_12_site-packages_PyQt6_Qt6_qml --> node_venv_lib_python3_12_site-packages_PyQt6_Qt6_qml_QtQuick["QtQuick"]\n    node_venv_lib_python3_12_site-packages_PyQt6_Qt6_qml_QtQuick --> node_venv_lib_python3_12_site-packages_PyQt6_Qt6_qml_QtQuick_Controls["Controls"]\n    node_venv_lib_python3_12_site-packages_PyQt6_Qt6_qml_QtQuick_Controls --> node_venv_lib_python3_12_site-packages_PyQt6_Qt6_qml_QtQuick_Controls_FluentWinUI3["FluentWinUI3"]\n    node_venv_lib_python3_12_site-packages_PyQt6_Qt6_qml_QtQuick_Controls_FluentWinUI3 --> node_venv_lib_python3_12_site-packages_PyQt6_Qt6_qml_QtQuick_Controls_FluentWinUI3_dark["dark"]\n    node_venv_lib_python3_12_site-packages_PyQt6_Qt6_qml_QtQuick_Controls_FluentWinUI3_dark --> node_venv_lib_python3_12_site-packages_PyQt6_Qt6_qml_QtQuick_Controls_FluentWinUI3_dark_images["images"]\n    node_venv_lib_python3_12_site-packages_PyQt6_Qt6_qml_QtQuick_Controls_FluentWinUI3_dark_images --> node_venv_lib_python3_12_site-packages_PyQt6_Qt6_qml_QtQuick_Controls_FluentWinUI3_dark_images_textarea-background-hovered@3x_png["textarea-background-hovered@3x.png"]\n    Root --> node_venv["venv"]\n    node_venv --> node_venv_lib["lib"]\n    node_venv_lib --> node_venv_lib_python3_12["python3.12"]\n    node_venv_lib_python3_12 --> node_venv_lib_python3_12_site-packages["site-packages"]\n    node_venv_lib_python3_12_site-packages --> node_venv_lib_python3_12_site-packages_PyQt6["PyQt6"]\n    node_venv_lib_python3_12_site-packages_PyQt6 --> node_venv_lib_python3_12_site-packages_PyQt6_Qt6["Qt6"]\n    node_venv_lib_python3_12_site-packages_PyQt6_Qt6 --> node_venv_lib_python3_12_site-packages_PyQt6_Qt6_qml["qml"]\n    node_venv_lib_python3_12_site-packages_PyQt6_Qt6_qml --> node_venv_lib_python3_12_site-packages_PyQt6_Qt6_qml_QtQuick["QtQuick"]\n    node_venv_lib_python3_12_site-packages_PyQt6_Qt6_qml_QtQuick --> node_venv_lib_python3_12_site-packages_PyQt6_Qt6_qml_QtQuick_Controls["Controls"]\n    node_venv_lib_python3_12_site-packages_PyQt6_Qt6_qml_QtQuick_Controls --> node_venv_lib_python3_12_site-packages_PyQt6_Qt6_qml_QtQuick_Controls_FluentWinUI3["FluentWinUI3"]\n    node_venv_lib_python3_12_site-packages_PyQt6_Qt6_qml_QtQuick_Controls_FluentWinUI3 --> node_venv_lib_python3_12_site-packages_PyQt6_Qt6_qml_QtQuick_Controls_FluentWinUI3_dark["dark"]\n    node_venv_lib_python3_12_site-packages_PyQt6_Qt6_qml_QtQuick_Controls_FluentWinUI3_dark --> node_venv_lib_python3_12_site-packages_PyQt6_Qt6_qml_QtQuick_Controls_FluentWinUI3_dark_images["images"]\n    node_venv_lib_python3_12_site-packages_PyQt6_Qt6_qml_QtQuick_Controls_FluentWinUI3_dark_images --> node_venv_lib_python3_12_site-packages_PyQt6_Qt6_qml_QtQuick_Controls_FluentWinUI3_dark_images_textarea-background_png["textarea-background.png"]\n    Root --> node_venv["venv"]\n    node_venv --> node_venv_lib["lib"]\n    node_venv_lib --> node_venv_lib_python3_12["python3.12"]\n    node_venv_lib_python3_12 --> node_venv_lib_python3_12_site-packages["site-packages"]\n    node_venv_lib_python3_12_site-packages --> node_venv_lib_python3_12_site-packages_PyQt6["PyQt6"]\n    node_venv_lib_python3_12_site-packages_PyQt6 --> node_venv_lib_python3_12_site-packages_PyQt6_Qt6["Qt6"]\n    node_venv_lib_python3_12_site-packages_PyQt6_Qt6 --> node_venv_lib_python3_12_site-packages_PyQt6_Qt6_qml["qml"]\n    node_venv_lib_python3_12_site-packages_PyQt6_Qt6_qml --> node_venv_lib_python3_12_site-packages_PyQt6_Qt6_qml_QtQuick["QtQuick"]\n    node_venv_lib_python3_12_site-packages_PyQt6_Qt6_qml_QtQuick --> node_venv_lib_python3_12_site-packages_PyQt6_Qt6_qml_QtQuick_Controls["Controls"]\n    node_venv_lib_python3_12_site-packages_PyQt6_Qt6_qml_QtQuick_Controls --> node_venv_lib_python3_12_site-packages_PyQt6_Qt6_qml_QtQuick_Controls_FluentWinUI3["FluentWinUI3"]\n    node_venv_lib_python3_12_site-packages_PyQt6_Qt6_qml_QtQuick_Controls_FluentWinUI3 --> node_venv_lib_python3_12_site-packages_PyQt6_Qt6_qml_QtQuick_Controls_FluentWinUI3_dark["dark"]\n    node_venv_lib_python3_12_site-packages_PyQt6_Qt6_qml_QtQuick_Controls_FluentWinUI3_dark --> node_venv_lib_python3_12_site-packages_PyQt6_Qt6_qml_QtQuick_Controls_FluentWinUI3_dark_images["images"]\n    node_venv_lib_python3_12_site-packages_PyQt6_Qt6_qml_QtQuick_Controls_FluentWinUI3_dark_images --> node_venv_lib_python3_12_site-packages_PyQt6_Qt6_qml_QtQuick_Controls_FluentWinUI3_dark_images_textarea-background@2x_png["textarea-background@2x.png"]\n    Root --> node_venv["venv"]\n    node_venv --> node_venv_lib["lib"]\n    node_venv_lib --> node_venv_lib_python3_12["python3.12"]\n    node_venv_lib_python3_12 --> node_venv_lib_python3_12_site-packages["site-packages"]\n    node_venv_lib_python3_12_site-packages --> node_venv_lib_python3_12_site-packages_PyQt6["PyQt6"]\n    node_venv_lib_python3_12_site-packages_PyQt6 --> node_venv_lib_python3_12_site-packages_PyQt6_Qt6["Qt6"]\n    node_venv_lib_python3_12_site-packages_PyQt6_Qt6 --> node_venv_lib_python3_12_site-packages_PyQt6_Qt6_qml["qml"]\n    node_venv_lib_python3_12_site-packages_PyQt6_Qt6_qml --> node_venv_lib_python3_12_site-packages_PyQt6_Qt6_qml_QtQuick["QtQuick"]\n    node_venv_lib_python3_12_site-packages_PyQt6_Qt6_qml_QtQuick --> node_venv_lib_python3_12_site-packages_PyQt6_Qt6_qml_QtQuick_Controls["Controls"]\n    node_venv_lib_python3_12_site-packages_PyQt6_Qt6_qml_QtQuick_Controls --> node_venv_lib_python3_12_site-packages_PyQt6_Qt6_qml_QtQuick_Controls_FluentWinUI3["FluentWinUI3"]\n    node_venv_lib_python3_12_site-packages_PyQt6_Qt6_qml_QtQuick_Controls_FluentWinUI3 --> node_venv_lib_python3_12_site-packages_PyQt6_Qt6_qml_QtQuick_Controls_FluentWinUI3_dark["dark"]\n    node_venv_lib_python3_12_site-packages_PyQt6_Qt6_qml_QtQuick_Controls_FluentWinUI3_dark --> node_venv_lib_python3_12_site-packages_PyQt6_Qt6_qml_QtQuick_Controls_FluentWinUI3_dark_images["images"]\n    node_venv_lib_python3_12_site-packages_PyQt6_Qt6_qml_QtQuick_Controls_FluentWinUI3_dark_images --> node_venv_lib_python3_12_site-packages_PyQt6_Qt6_qml_QtQuick_Controls_FluentWinUI3_dark_images_textarea-background@3x_png["textarea-background@3x.png"]\n    Root --> node_venv["venv"]\n    node_venv --> node_venv_lib["lib"]\n    node_venv_lib --> node_venv_lib_python3_12["python3.12"]\n    node_venv_lib_python3_12 --> node_venv_lib_python3_12_site-packages["site-packages"]\n    node_venv_lib_python3_12_site-packages --> node_venv_lib_python3_12_site-packages_PyQt6["PyQt6"]\n    node_venv_lib_python3_12_site-packages_PyQt6 --> node_venv_lib_python3_12_site-packages_PyQt6_Qt6["Qt6"]\n    node_venv_lib_python3_12_site-packages_PyQt6_Qt6 --> node_venv_lib_python3_12_site-packages_PyQt6_Qt6_qml["qml"]\n    node_venv_lib_python3_12_site-packages_PyQt6_Qt6_qml --> node_venv_lib_python3_12_site-packages_PyQt6_Qt6_qml_QtQuick["QtQuick"]\n    node_venv_lib_python3_12_site-packages_PyQt6_Qt6_qml_QtQuick --> node_venv_lib_python3_12_site-packages_PyQt6_Qt6_qml_QtQuick_Controls["Controls"]\n    node_venv_lib_python3_12_site-packages_PyQt6_Qt6_qml_QtQuick_Controls --> node_venv_lib_python3_12_site-packages_PyQt6_Qt6_qml_QtQuick_Controls_FluentWinUI3["FluentWinUI3"]\n    node_venv_lib_python3_12_site-packages_PyQt6_Qt6_qml_QtQuick_Controls_FluentWinUI3 --> node_venv_lib_python3_12_site-packages_PyQt6_Qt6_qml_QtQuick_Controls_FluentWinUI3_dark["dark"]\n    node_venv_lib_python3_12_site-packages_PyQt6_Qt6_qml_QtQuick_Controls_FluentWinUI3_dark --> node_venv_lib_python3_12_site-packages_PyQt6_Qt6_qml_QtQuick_Controls_FluentWinUI3_dark_images["images"]\n    node_venv_lib_python3_12_site-packages_PyQt6_Qt6_qml_QtQuick_Controls_FluentWinUI3_dark_images --> node_venv_lib_python3_12_site-packages_PyQt6_Qt6_qml_QtQuick_Controls_FluentWinUI3_dark_images_textfield-background-disabled_png["textfield-background-disabled.png"]\n    Root --> node_venv["venv"]\n    node_venv --> node_venv_lib["lib"]\n    node_venv_lib --> node_venv_lib_python3_12["python3.12"]\n    node_venv_lib_python3_12 --> node_venv_lib_python3_12_site-packages["site-packages"]\n    node_venv_lib_python3_12_site-packages --> node_venv_lib_python3_12_site-packages_PyQt6["PyQt6"]\n    node_venv_lib_python3_12_site-packages_PyQt6 --> node_venv_lib_python3_12_site-packages_PyQt6_Qt6["Qt6"]\n    node_venv_lib_python3_12_site-packages_PyQt6_Qt6 --> node_venv_lib_python3_12_site-packages_PyQt6_Qt6_qml["qml"]\n    node_venv_lib_python3_12_site-packages_PyQt6_Qt6_qml --> node_venv_lib_python3_12_site-packages_PyQt6_Qt6_qml_QtQuick["QtQuick"]\n    node_venv_lib_python3_12_site-packages_PyQt6_Qt6_qml_QtQuick --> node_venv_lib_python3_12_site-packages_PyQt6_Qt6_qml_QtQuick_Controls["Controls"]\n    node_venv_lib_python3_12_site-packages_PyQt6_Qt6_qml_QtQuick_Controls --> node_venv_lib_python3_12_site-packages_PyQt6_Qt6_qml_QtQuick_Controls_FluentWinUI3["FluentWinUI3"]\n    node_venv_lib_python3_12_site-packages_PyQt6_Qt6_qml_QtQuick_Controls_FluentWinUI3 --> node_venv_lib_python3_12_site-packages_PyQt6_Qt6_qml_QtQuick_Controls_FluentWinUI3_dark["dark"]\n    node_venv_lib_python3_12_site-packages_PyQt6_Qt6_qml_QtQuick_Controls_FluentWinUI3_dark --> node_venv_lib_python3_12_site-packages_PyQt6_Qt6_qml_QtQuick_Controls_FluentWinUI3_dark_images["images"]\n    node_venv_lib_python3_12_site-packages_PyQt6_Qt6_qml_QtQuick_Controls_FluentWinUI3_dark_images --> node_venv_lib_python3_12_site-packages_PyQt6_Qt6_qml_QtQuick_Controls_FluentWinUI3_dark_images_textfield-background-disabled@2x_png["textfield-background-disabled@2x.png"]\n    Root --> node_venv["venv"]\n    node_venv --> node_venv_lib["lib"]\n    node_venv_lib --> node_venv_lib_python3_12["python3.12"]\n    node_venv_lib_python3_12 --> node_venv_lib_python3_12_site-packages["site-packages"]\n    node_venv_lib_python3_12_site-packages --> node_venv_lib_python3_12_site-packages_PyQt6["PyQt6"]\n    node_venv_lib_python3_12_site-packages_PyQt6 --> node_venv_lib_python3_12_site-packages_PyQt6_Qt6["Qt6"]\n    node_venv_lib_python3_12_site-packages_PyQt6_Qt6 --> node_venv_lib_python3_12_site-packages_PyQt6_Qt6_qml["qml"]\n    node_venv_lib_python3_12_site-packages_PyQt6_Qt6_qml --> node_venv_lib_python3_12_site-packages_PyQt6_Qt6_qml_QtQuick["QtQuick"]\n    node_venv_lib_python3_12_site-packages_PyQt6_Qt6_qml_QtQuick --> node_venv_lib_python3_12_site-packages_PyQt6_Qt6_qml_QtQuick_Controls["Controls"]\n    node_venv_lib_python3_12_site-packages_PyQt6_Qt6_qml_QtQuick_Controls --> node_venv_lib_python3_12_site-packages_PyQt6_Qt6_qml_QtQuick_Controls_FluentWinUI3["FluentWinUI3"]\n    node_venv_lib_python3_12_site-packages_PyQt6_Qt6_qml_QtQuick_Controls_FluentWinUI3 --> node_venv_lib_python3_12_site-packages_PyQt6_Qt6_qml_QtQuick_Controls_FluentWinUI3_dark["dark"]\n    node_venv_lib_python3_12_site-packages_PyQt6_Qt6_qml_QtQuick_Controls_FluentWinUI3_dark --> node_venv_lib_python3_12_site-packages_PyQt6_Qt6_qml_QtQuick_Controls_FluentWinUI3_dark_images["images"]\n    node_venv_lib_python3_12_site-packages_PyQt6_Qt6_qml_QtQuick_Controls_FluentWinUI3_dark_images --> node_venv_lib_python3_12_site-packages_PyQt6_Qt6_qml_QtQuick_Controls_FluentWinUI3_dark_images_textfield-background-disabled@3x_png["textfield-background-disabled@3x.png"]\n    Root --> node_venv["venv"]\n    node_venv --> node_venv_lib["lib"]\n    node_venv_lib --> node_venv_lib_python3_12["python3.12"]\n    node_venv_lib_python3_12 --> node_venv_lib_python3_12_site-packages["site-packages"]\n    node_venv_lib_python3_12_site-packages --> node_venv_lib_python3_12_site-packages_PyQt6["PyQt6"]\n    node_venv_lib_python3_12_site-packages_PyQt6 --> node_venv_lib_python3_12_site-packages_PyQt6_Qt6["Qt6"]\n    node_venv_lib_python3_12_site-packages_PyQt6_Qt6 --> node_venv_lib_python3_12_site-packages_PyQt6_Qt6_qml["qml"]\n    node_venv_lib_python3_12_site-packages_PyQt6_Qt6_qml --> node_venv_lib_python3_12_site-packages_PyQt6_Qt6_qml_QtQuick["QtQuick"]\n    node_venv_lib_python3_12_site-packages_PyQt6_Qt6_qml_QtQuick --> node_venv_lib_python3_12_site-packages_PyQt6_Qt6_qml_QtQuick_Controls["Controls"]\n    node_venv_lib_python3_12_site-packages_PyQt6_Qt6_qml_QtQuick_Controls --> node_venv_lib_python3_12_site-packages_PyQt6_Qt6_qml_QtQuick_Controls_FluentWinUI3["FluentWinUI3"]\n    node_venv_lib_python3_12_site-packages_PyQt6_Qt6_qml_QtQuick_Controls_FluentWinUI3 --> node_venv_lib_python3_12_site-packages_PyQt6_Qt6_qml_QtQuick_Controls_FluentWinUI3_dark["dark"]\n    node_venv_lib_python3_12_site-packages_PyQt6_Qt6_qml_QtQuick_Controls_FluentWinUI3_dark --> node_venv_lib_python3_12_site-packages_PyQt6_Qt6_qml_QtQuick_Controls_FluentWinUI3_dark_images["images"]\n    node_venv_lib_python3_12_site-packages_PyQt6_Qt6_qml_QtQuick_Controls_FluentWinUI3_dark_images --> node_venv_lib_python3_12_site-packages_PyQt6_Qt6_qml_QtQuick_Controls_FluentWinUI3_dark_images_textfield-background-focused_png["textfield-background-focused.png"]\n    Root --> node_venv["venv"]\n    node_venv --> node_venv_lib["lib"]\n    node_venv_lib --> node_venv_lib_python3_12["python3.12"]\n    node_venv_lib_python3_12 --> node_venv_lib_python3_12_site-packages["site-packages"]\n    node_venv_lib_python3_12_site-packages --> node_venv_lib_python3_12_site-packages_PyQt6["PyQt6"]\n    node_venv_lib_python3_12_site-packages_PyQt6 --> node_venv_lib_python3_12_site-packages_PyQt6_Qt6["Qt6"]\n    node_venv_lib_python3_12_site-packages_PyQt6_Qt6 --> node_venv_lib_python3_12_site-packages_PyQt6_Qt6_qml["qml"]\n    node_venv_lib_python3_12_site-packages_PyQt6_Qt6_qml --> node_venv_lib_python3_12_site-packages_PyQt6_Qt6_qml_QtQuick["QtQuick"]\n    node_venv_lib_python3_12_site-packages_PyQt6_Qt6_qml_QtQuick --> node_venv_lib_python3_12_site-packages_PyQt6_Qt6_qml_QtQuick_Controls["Controls"]\n    node_venv_lib_python3_12_site-packages_PyQt6_Qt6_qml_QtQuick_Controls --> node_venv_lib_python3_12_site-packages_PyQt6_Qt6_qml_QtQuick_Controls_FluentWinUI3["FluentWinUI3"]\n    node_venv_lib_python3_12_site-packages_PyQt6_Qt6_qml_QtQuick_Controls_FluentWinUI3 --> node_venv_lib_python3_12_site-packages_PyQt6_Qt6_qml_QtQuick_Controls_FluentWinUI3_dark["dark"]\n    node_venv_lib_python3_12_site-packages_PyQt6_Qt6_qml_QtQuick_Controls_FluentWinUI3_dark --> node_venv_lib_python3_12_site-packages_PyQt6_Qt6_qml_QtQuick_Controls_FluentWinUI3_dark_images["images"]\n    node_venv_lib_python3_12_site-packages_PyQt6_Qt6_qml_QtQuick_Controls_FluentWinUI3_dark_images --> node_venv_lib_python3_12_site-packages_PyQt6_Qt6_qml_QtQuick_Controls_FluentWinUI3_dark_images_textfield-background-focused@2x_png["textfield-background-focused@2x.png"]\n    Root --> node_venv["venv"]\n    node_venv --> node_venv_lib["lib"]\n    node_venv_lib --> node_venv_lib_python3_12["python3.12"]\n    node_venv_lib_python3_12 --> node_venv_lib_python3_12_site-packages["site-packages"]\n    node_venv_lib_python3_12_site-packages --> node_venv_lib_python3_12_site-packages_PyQt6["PyQt6"]\n    node_venv_lib_python3_12_site-packages_PyQt6 --> node_venv_lib_python3_12_site-packages_PyQt6_Qt6["Qt6"]\n    node_venv_lib_python3_12_site-packages_PyQt6_Qt6 --> node_venv_lib_python3_12_site-packages_PyQt6_Qt6_qml["qml"]\n    node_venv_lib_python3_12_site-packages_PyQt6_Qt6_qml --> node_venv_lib_python3_12_site-packages_PyQt6_Qt6_qml_QtQuick["QtQuick"]\n    node_venv_lib_python3_12_site-packages_PyQt6_Qt6_qml_QtQuick --> node_venv_lib_python3_12_site-packages_PyQt6_Qt6_qml_QtQuick_Controls["Controls"]\n    node_venv_lib_python3_12_site-packages_PyQt6_Qt6_qml_QtQuick_Controls --> node_venv_lib_python3_12_site-packages_PyQt6_Qt6_qml_QtQuick_Controls_FluentWinUI3["FluentWinUI3"]\n    node_venv_lib_python3_12_site-packages_PyQt6_Qt6_qml_QtQuick_Controls_FluentWinUI3 --> node_venv_lib_python3_12_site-packages_PyQt6_Qt6_qml_QtQuick_Controls_FluentWinUI3_dark["dark"]\n    node_venv_lib_python3_12_site-packages_PyQt6_Qt6_qml_QtQuick_Controls_FluentWinUI3_dark --> node_venv_lib_python3_12_site-packages_PyQt6_Qt6_qml_QtQuick_Controls_FluentWinUI3_dark_images["images"]\n    node_venv_lib_python3_12_site-packages_PyQt6_Qt6_qml_QtQuick_Controls_FluentWinUI3_dark_images --> node_venv_lib_python3_12_site-packages_PyQt6_Qt6_qml_QtQuick_Controls_FluentWinUI3_dark_images_textfield-background-focused@3x_png["textfield-background-focused@3x.png"]\n    Root --> node_venv["venv"]\n    node_venv --> node_venv_lib["lib"]\n    node_venv_lib --> node_venv_lib_python3_12["python3.12"]\n    node_venv_lib_python3_12 --> node_venv_lib_python3_12_site-packages["site-packages"]\n    node_venv_lib_python3_12_site-packages --> node_venv_lib_python3_12_site-packages_PyQt6["PyQt6"]\n    node_venv_lib_python3_12_site-packages_PyQt6 --> node_venv_lib_python3_12_site-packages_PyQt6_Qt6["Qt6"]\n    node_venv_lib_python3_12_site-packages_PyQt6_Qt6 --> node_venv_lib_python3_12_site-packages_PyQt6_Qt6_qml["qml"]\n    node_venv_lib_python3_12_site-packages_PyQt6_Qt6_qml --> node_venv_lib_python3_12_site-packages_PyQt6_Qt6_qml_QtQuick["QtQuick"]\n    node_venv_lib_python3_12_site-packages_PyQt6_Qt6_qml_QtQuick --> node_venv_lib_python3_12_site-packages_PyQt6_Qt6_qml_QtQuick_Controls["Controls"]\n    node_venv_lib_python3_12_site-packages_PyQt6_Qt6_qml_QtQuick_Controls --> node_venv_lib_python3_12_site-packages_PyQt6_Qt6_qml_QtQuick_Controls_FluentWinUI3["FluentWinUI3"]\n    node_venv_lib_python3_12_site-packages_PyQt6_Qt6_qml_QtQuick_Controls_FluentWinUI3 --> node_venv_lib_python3_12_site-packages_PyQt6_Qt6_qml_QtQuick_Controls_FluentWinUI3_dark["dark"]\n    node_venv_lib_python3_12_site-packages_PyQt6_Qt6_qml_QtQuick_Controls_FluentWinUI3_dark --> node_venv_lib_python3_12_site-packages_PyQt6_Qt6_qml_QtQuick_Controls_FluentWinUI3_dark_images["images"]\n    node_venv_lib_python3_12_site-packages_PyQt6_Qt6_qml_QtQuick_Controls_FluentWinUI3_dark_images --> node_venv_lib_python3_12_site-packages_PyQt6_Qt6_qml_QtQuick_Controls_FluentWinUI3_dark_images_textfield-background-hovered_png["textfield-background-hovered.png"]\n    Root --> node_venv["venv"]\n    node_venv --> node_venv_lib["lib"]\n    node_venv_lib --> node_venv_lib_python3_12["python3.12"]\n    node_venv_lib_python3_12 --> node_venv_lib_python3_12_site-packages["site-packages"]\n    node_venv_lib_python3_12_site-packages --> node_venv_lib_python3_12_site-packages_PyQt6["PyQt6"]\n    node_venv_lib_python3_12_site-packages_PyQt6 --> node_venv_lib_python3_12_site-packages_PyQt6_Qt6["Qt6"]\n    node_venv_lib_python3_12_site-packages_PyQt6_Qt6 --> node_venv_lib_python3_12_site-packages_PyQt6_Qt6_qml["qml"]\n    node_venv_lib_python3_12_site-packages_PyQt6_Qt6_qml --> node_venv_lib_python3_12_site-packages_PyQt6_Qt6_qml_QtQuick["QtQuick"]\n    node_venv_lib_python3_12_site-packages_PyQt6_Qt6_qml_QtQuick --> node_venv_lib_python3_12_site-packages_PyQt6_Qt6_qml_QtQuick_Controls["Controls"]\n    node_venv_lib_python3_12_site-packages_PyQt6_Qt6_qml_QtQuick_Controls --> node_venv_lib_python3_12_site-packages_PyQt6_Qt6_qml_QtQuick_Controls_FluentWinUI3["FluentWinUI3"]\n    node_venv_lib_python3_12_site-packages_PyQt6_Qt6_qml_QtQuick_Controls_FluentWinUI3 --> node_venv_lib_python3_12_site-packages_PyQt6_Qt6_qml_QtQuick_Controls_FluentWinUI3_dark["dark"]\n    node_venv_lib_python3_12_site-packages_PyQt6_Qt6_qml_QtQuick_Controls_FluentWinUI3_dark --> node_venv_lib_python3_12_site-packages_PyQt6_Qt6_qml_QtQuick_Controls_FluentWinUI3_dark_images["images"]\n    node_venv_lib_python3_12_site-packages_PyQt6_Qt6_qml_QtQuick_Controls_FluentWinUI3_dark_images --> node_venv_lib_python3_12_site-packages_PyQt6_Qt6_qml_QtQuick_Controls_FluentWinUI3_dark_images_textfield-background-hovered@2x_png["textfield-background-hovered@2x.png"]\n    Root --> node_venv["venv"]\n    node_venv --> node_venv_lib["lib"]\n    node_venv_lib --> node_venv_lib_python3_12["python3.12"]\n    node_venv_lib_python3_12 --> node_venv_lib_python3_12_site-packages["site-packages"]\n    node_venv_lib_python3_12_site-packages --> node_venv_lib_python3_12_site-packages_PyQt6["PyQt6"]\n    node_venv_lib_python3_12_site-packages_PyQt6 --> node_venv_lib_python3_12_site-packages_PyQt6_Qt6["Qt6"]\n    node_venv_lib_python3_12_site-packages_PyQt6_Qt6 --> node_venv_lib_python3_12_site-packages_PyQt6_Qt6_qml["qml"]\n    node_venv_lib_python3_12_site-packages_PyQt6_Qt6_qml --> node_venv_lib_python3_12_site-packages_PyQt6_Qt6_qml_QtQuick["QtQuick"]\n    node_venv_lib_python3_12_site-packages_PyQt6_Qt6_qml_QtQuick --> node_venv_lib_python3_12_site-packages_PyQt6_Qt6_qml_QtQuick_Controls["Controls"]\n    node_venv_lib_python3_12_site-packages_PyQt6_Qt6_qml_QtQuick_Controls --> node_venv_lib_python3_12_site-packages_PyQt6_Qt6_qml_QtQuick_Controls_FluentWinUI3["FluentWinUI3"]\n    node_venv_lib_python3_12_site-packages_PyQt6_Qt6_qml_QtQuick_Controls_FluentWinUI3 --> node_venv_lib_python3_12_site-packages_PyQt6_Qt6_qml_QtQuick_Controls_FluentWinUI3_dark["dark"]\n    node_venv_lib_python3_12_site-packages_PyQt6_Qt6_qml_QtQuick_Controls_FluentWinUI3_dark --> node_venv_lib_python3_12_site-packages_PyQt6_Qt6_qml_QtQuick_Controls_FluentWinUI3_dark_images["images"]\n    node_venv_lib_python3_12_site-packages_PyQt6_Qt6_qml_QtQuick_Controls_FluentWinUI3_dark_images --> node_venv_lib_python3_12_site-packages_PyQt6_Qt6_qml_QtQuick_Controls_FluentWinUI3_dark_images_textfield-background-hovered@3x_png["textfield-background-hovered@3x.png"]\n    Root --> node_venv["venv"]\n    node_venv --> node_venv_lib["lib"]\n    node_venv_lib --> node_venv_lib_python3_12["python3.12"]\n    node_venv_lib_python3_12 --> node_venv_lib_python3_12_site-packages["site-packages"]\n    node_venv_lib_python3_12_site-packages --> node_venv_lib_python3_12_site-packages_PyQt6["PyQt6"]\n    node_venv_lib_python3_12_site-packages_PyQt6 --> node_venv_lib_python3_12_site-packages_PyQt6_Qt6["Qt6"]\n    node_venv_lib_python3_12_site-packages_PyQt6_Qt6 --> node_venv_lib_python3_12_site-packages_PyQt6_Qt6_qml["qml"]\n    node_venv_lib_python3_12_site-packages_PyQt6_Qt6_qml --> node_venv_lib_python3_12_site-packages_PyQt6_Qt6_qml_QtQuick["QtQuick"]\n    node_venv_lib_python3_12_site-packages_PyQt6_Qt6_qml_QtQuick --> node_venv_lib_python3_12_site-packages_PyQt6_Qt6_qml_QtQuick_Controls["Controls"]\n    node_venv_lib_python3_12_site-packages_PyQt6_Qt6_qml_QtQuick_Controls --> node_venv_lib_python3_12_site-packages_PyQt6_Qt6_qml_QtQuick_Controls_FluentWinUI3["FluentWinUI3"]\n    node_venv_lib_python3_12_site-packages_PyQt6_Qt6_qml_QtQuick_Controls_FluentWinUI3 --> node_venv_lib_python3_12_site-packages_PyQt6_Qt6_qml_QtQuick_Controls_FluentWinUI3_dark["dark"]\n    node_venv_lib_python3_12_site-packages_PyQt6_Qt6_qml_QtQuick_Controls_FluentWinUI3_dark --> node_venv_lib_python3_12_site-packages_PyQt6_Qt6_qml_QtQuick_Controls_FluentWinUI3_dark_images["images"]\n    node_venv_lib_python3_12_site-packages_PyQt6_Qt6_qml_QtQuick_Controls_FluentWinUI3_dark_images --> node_venv_lib_python3_12_site-packages_PyQt6_Qt6_qml_QtQuick_Controls_FluentWinUI3_dark_images_textfield-background_png["textfield-background.png"]\n    Root --> node_venv["venv"]\n    node_venv --> node_venv_lib["lib"]\n    node_venv_lib --> node_venv_lib_python3_12["python3.12"]\n    node_venv_lib_python3_12 --> node_venv_lib_python3_12_site-packages["site-packages"]\n    node_venv_lib_python3_12_site-packages --> node_venv_lib_python3_12_site-packages_PyQt6["PyQt6"]\n    node_venv_lib_python3_12_site-packages_PyQt6 --> node_venv_lib_python3_12_site-packages_PyQt6_Qt6["Qt6"]\n    node_venv_lib_python3_12_site-packages_PyQt6_Qt6 --> node_venv_lib_python3_12_site-packages_PyQt6_Qt6_qml["qml"]\n    node_venv_lib_python3_12_site-packages_PyQt6_Qt6_qml --> node_venv_lib_python3_12_site-packages_PyQt6_Qt6_qml_QtQuick["QtQuick"]\n    node_venv_lib_python3_12_site-packages_PyQt6_Qt6_qml_QtQuick --> node_venv_lib_python3_12_site-packages_PyQt6_Qt6_qml_QtQuick_Controls["Controls"]\n    node_venv_lib_python3_12_site-packages_PyQt6_Qt6_qml_QtQuick_Controls --> node_venv_lib_python3_12_site-packages_PyQt6_Qt6_qml_QtQuick_Controls_FluentWinUI3["FluentWinUI3"]\n    node_venv_lib_python3_12_site-packages_PyQt6_Qt6_qml_QtQuick_Controls_FluentWinUI3 --> node_venv_lib_python3_12_site-packages_PyQt6_Qt6_qml_QtQuick_Controls_FluentWinUI3_dark["dark"]\n    node_venv_lib_python3_12_site-packages_PyQt6_Qt6_qml_QtQuick_Controls_FluentWinUI3_dark --> node_venv_lib_python3_12_site-packages_PyQt6_Qt6_qml_QtQuick_Controls_FluentWinUI3_dark_images["images"]\n    node_venv_lib_python3_12_site-packages_PyQt6_Qt6_qml_QtQuick_Controls_FluentWinUI3_dark_images --> node_venv_lib_python3_12_site-packages_PyQt6_Qt6_qml_QtQuick_Controls_FluentWinUI3_dark_images_textfield-background@2x_png["textfield-background@2x.png"]\n    Root --> node_venv["venv"]\n    node_venv --> node_venv_lib["lib"]\n    node_venv_lib --> node_venv_lib_python3_12["python3.12"]\n    node_venv_lib_python3_12 --> node_venv_lib_python3_12_site-packages["site-packages"]\n    node_venv_lib_python3_12_site-packages --> node_venv_lib_python3_12_site-packages_PyQt6["PyQt6"]\n    node_venv_lib_python3_12_site-packages_PyQt6 --> node_venv_lib_python3_12_site-packages_PyQt6_Qt6["Qt6"]\n    node_venv_lib_python3_12_site-packages_PyQt6_Qt6 --> node_venv_lib_python3_12_site-packages_PyQt6_Qt6_qml["qml"]\n    node_venv_lib_python3_12_site-packages_PyQt6_Qt6_qml --> node_venv_lib_python3_12_site-packages_PyQt6_Qt6_qml_QtQuick["QtQuick"]\n    node_venv_lib_python3_12_site-packages_PyQt6_Qt6_qml_QtQuick --> node_venv_lib_python3_12_site-packages_PyQt6_Qt6_qml_QtQuick_Controls["Controls"]\n    node_venv_lib_python3_12_site-packages_PyQt6_Qt6_qml_QtQuick_Controls --> node_venv_lib_python3_12_site-packages_PyQt6_Qt6_qml_QtQuick_Controls_FluentWinUI3["FluentWinUI3"]\n    node_venv_lib_python3_12_site-packages_PyQt6_Qt6_qml_QtQuick_Controls_FluentWinUI3 --> node_venv_lib_python3_12_site-packages_PyQt6_Qt6_qml_QtQuick_Controls_FluentWinUI3_dark["dark"]\n    node_venv_lib_python3_12_site-packages_PyQt6_Qt6_qml_QtQuick_Controls_FluentWinUI3_dark --> node_venv_lib_python3_12_site-packages_PyQt6_Qt6_qml_QtQuick_Controls_FluentWinUI3_dark_images["images"]\n    node_venv_lib_python3_12_site-packages_PyQt6_Qt6_qml_QtQuick_Controls_FluentWinUI3_dark_images --> node_venv_lib_python3_12_site-packages_PyQt6_Qt6_qml_QtQuick_Controls_FluentWinUI3_dark_images_textfield-background@3x_png["textfield-background@3x.png"]\n    Root --> node_venv["venv"]\n    node_venv --> node_venv_lib["lib"]\n    node_venv_lib --> node_venv_lib_python3_12["python3.12"]\n    node_venv_lib_python3_12 --> node_venv_lib_python3_12_site-packages["site-packages"]\n    node_venv_lib_python3_12_site-packages --> node_venv_lib_python3_12_site-packages_PyQt6["PyQt6"]\n    node_venv_lib_python3_12_site-packages_PyQt6 --> node_venv_lib_python3_12_site-packages_PyQt6_Qt6["Qt6"]\n    node_venv_lib_python3_12_site-packages_PyQt6_Qt6 --> node_venv_lib_python3_12_site-packages_PyQt6_Qt6_qml["qml"]\n    node_venv_lib_python3_12_site-packages_PyQt6_Qt6_qml --> node_venv_lib_python3_12_site-packages_PyQt6_Qt6_qml_QtQuick["QtQuick"]\n    node_venv_lib_python3_12_site-packages_PyQt6_Qt6_qml_QtQuick --> node_venv_lib_python3_12_site-packages_PyQt6_Qt6_qml_QtQuick_Controls["Controls"]\n    node_venv_lib_python3_12_site-packages_PyQt6_Qt6_qml_QtQuick_Controls --> node_venv_lib_python3_12_site-packages_PyQt6_Qt6_qml_QtQuick_Controls_macOS["macOS"]\n    node_venv_lib_python3_12_site-packages_PyQt6_Qt6_qml_QtQuick_Controls_macOS --> node_venv_lib_python3_12_site-packages_PyQt6_Qt6_qml_QtQuick_Controls_macOS_BusyIndicator_qml["BusyIndicator.qml"]\n    Root --> node_venv["venv"]\n    node_venv --> node_venv_lib["lib"]\n    node_venv_lib --> node_venv_lib_python3_12["python3.12"]\n    node_venv_lib_python3_12 --> node_venv_lib_python3_12_site-packages["site-packages"]\n    node_venv_lib_python3_12_site-packages --> node_venv_lib_python3_12_site-packages_PyQt6["PyQt6"]\n    node_venv_lib_python3_12_site-packages_PyQt6 --> node_venv_lib_python3_12_site-packages_PyQt6_Qt6["Qt6"]\n    node_venv_lib_python3_12_site-packages_PyQt6_Qt6 --> node_venv_lib_python3_12_site-packages_PyQt6_Qt6_qml["qml"]\n    node_venv_lib_python3_12_site-packages_PyQt6_Qt6_qml --> node_venv_lib_python3_12_site-packages_PyQt6_Qt6_qml_QtQuick["QtQuick"]\n    node_venv_lib_python3_12_site-packages_PyQt6_Qt6_qml_QtQuick --> node_venv_lib_python3_12_site-packages_PyQt6_Qt6_qml_QtQuick_Controls["Controls"]\n    node_venv_lib_python3_12_site-packages_PyQt6_Qt6_qml_QtQuick_Controls --> node_venv_lib_python3_12_site-packages_PyQt6_Qt6_qml_QtQuick_Controls_macOS["macOS"]\n    node_venv_lib_python3_12_site-packages_PyQt6_Qt6_qml_QtQuick_Controls_macOS --> node_venv_lib_python3_12_site-packages_PyQt6_Qt6_qml_QtQuick_Controls_macOS_Button_qml["Button.qml"]\n    Root --> node_venv["venv"]\n    node_venv --> node_venv_lib["lib"]\n    node_venv_lib --> node_venv_lib_python3_12["python3.12"]\n    node_venv_lib_python3_12 --> node_venv_lib_python3_12_site-packages["site-packages"]\n    node_venv_lib_python3_12_site-packages --> node_venv_lib_python3_12_site-packages_PyQt6["PyQt6"]\n    node_venv_lib_python3_12_site-packages_PyQt6 --> node_venv_lib_python3_12_site-packages_PyQt6_Qt6["Qt6"]\n    node_venv_lib_python3_12_site-packages_PyQt6_Qt6 --> node_venv_lib_python3_12_site-packages_PyQt6_Qt6_qml["qml"]\n    node_venv_lib_python3_12_site-packages_PyQt6_Qt6_qml --> node_venv_lib_python3_12_site-packages_PyQt6_Qt6_qml_QtQuick["QtQuick"]\n    node_venv_lib_python3_12_site-packages_PyQt6_Qt6_qml_QtQuick --> node_venv_lib_python3_12_site-packages_PyQt6_Qt6_qml_QtQuick_Controls["Controls"]\n    node_venv_lib_python3_12_site-packages_PyQt6_Qt6_qml_QtQuick_Controls --> node_venv_lib_python3_12_site-packages_PyQt6_Qt6_qml_QtQuick_Controls_macOS["macOS"]\n    node_venv_lib_python3_12_site-packages_PyQt6_Qt6_qml_QtQuick_Controls_macOS --> node_venv_lib_python3_12_site-packages_PyQt6_Qt6_qml_QtQuick_Controls_macOS_CheckBox_qml["CheckBox.qml"]\n    Root --> node_venv["venv"]\n    node_venv --> node_venv_lib["lib"]\n    node_venv_lib --> node_venv_lib_python3_12["python3.12"]\n    node_venv_lib_python3_12 --> node_venv_lib_python3_12_site-packages["site-packages"]\n    node_venv_lib_python3_12_site-packages --> node_venv_lib_python3_12_site-packages_PyQt6["PyQt6"]\n    node_venv_lib_python3_12_site-packages_PyQt6 --> node_venv_lib_python3_12_site-packages_PyQt6_Qt6["Qt6"]\n    node_venv_lib_python3_12_site-packages_PyQt6_Qt6 --> node_venv_lib_python3_12_site-packages_PyQt6_Qt6_qml["qml"]\n    node_venv_lib_python3_12_site-packages_PyQt6_Qt6_qml --> node_venv_lib_python3_12_site-packages_PyQt6_Qt6_qml_QtQuick["QtQuick"]\n    node_venv_lib_python3_12_site-packages_PyQt6_Qt6_qml_QtQuick --> node_venv_lib_python3_12_site-packages_PyQt6_Qt6_qml_QtQuick_Controls["Controls"]\n    node_venv_lib_python3_12_site-packages_PyQt6_Qt6_qml_QtQuick_Controls --> node_venv_lib_python3_12_site-packages_PyQt6_Qt6_qml_QtQuick_Controls_macOS["macOS"]\n    node_venv_lib_python3_12_site-packages_PyQt6_Qt6_qml_QtQuick_Controls_macOS --> node_venv_lib_python3_12_site-packages_PyQt6_Qt6_qml_QtQuick_Controls_macOS_CheckDelegate_qml["CheckDelegate.qml"]\n    Root --> node_venv["venv"]\n    node_venv --> node_venv_lib["lib"]\n    node_venv_lib --> node_venv_lib_python3_12["python3.12"]\n    node_venv_lib_python3_12 --> node_venv_lib_python3_12_site-packages["site-packages"]\n    node_venv_lib_python3_12_site-packages --> node_venv_lib_python3_12_site-packages_PyQt6["PyQt6"]\n    node_venv_lib_python3_12_site-packages_PyQt6 --> node_venv_lib_python3_12_site-packages_PyQt6_Qt6["Qt6"]\n    node_venv_lib_python3_12_site-packages_PyQt6_Qt6 --> node_venv_lib_python3_12_site-packages_PyQt6_Qt6_qml["qml"]\n    node_venv_lib_python3_12_site-packages_PyQt6_Qt6_qml --> node_venv_lib_python3_12_site-packages_PyQt6_Qt6_qml_QtQuick["QtQuick"]\n    node_venv_lib_python3_12_site-packages_PyQt6_Qt6_qml_QtQuick --> node_venv_lib_python3_12_site-packages_PyQt6_Qt6_qml_QtQuick_Controls["Controls"]\n    node_venv_lib_python3_12_site-packages_PyQt6_Qt6_qml_QtQuick_Controls --> node_venv_lib_python3_12_site-packages_PyQt6_Qt6_qml_QtQuick_Controls_macOS["macOS"]\n    node_venv_lib_python3_12_site-packages_PyQt6_Qt6_qml_QtQuick_Controls_macOS --> node_venv_lib_python3_12_site-packages_PyQt6_Qt6_qml_QtQuick_Controls_macOS_ComboBox_qml["ComboBox.qml"]\n    Root --> node_venv["venv"]\n    node_venv --> node_venv_lib["lib"]\n    node_venv_lib --> node_venv_lib_python3_12["python3.12"]\n    node_venv_lib_python3_12 --> node_venv_lib_python3_12_site-packages["site-packages"]\n    node_venv_lib_python3_12_site-packages --> node_venv_lib_python3_12_site-packages_PyQt6["PyQt6"]\n    node_venv_lib_python3_12_site-packages_PyQt6 --> node_venv_lib_python3_12_site-packages_PyQt6_Qt6["Qt6"]\n    node_venv_lib_python3_12_site-packages_PyQt6_Qt6 --> node_venv_lib_python3_12_site-packages_PyQt6_Qt6_qml["qml"]\n    node_venv_lib_python3_12_site-packages_PyQt6_Qt6_qml --> node_venv_lib_python3_12_site-packages_PyQt6_Qt6_qml_QtQuick["QtQuick"]\n    node_venv_lib_python3_12_site-packages_PyQt6_Qt6_qml_QtQuick --> node_venv_lib_python3_12_site-packages_PyQt6_Qt6_qml_QtQuick_Controls["Controls"]\n    node_venv_lib_python3_12_site-packages_PyQt6_Qt6_qml_QtQuick_Controls --> node_venv_lib_python3_12_site-packages_PyQt6_Qt6_qml_QtQuick_Controls_macOS["macOS"]\n    node_venv_lib_python3_12_site-packages_PyQt6_Qt6_qml_QtQuick_Controls_macOS --> node_venv_lib_python3_12_site-packages_PyQt6_Qt6_qml_QtQuick_Controls_macOS_DelayButton_qml["DelayButton.qml"]\n    Root --> node_venv["venv"]\n    node_venv --> node_venv_lib["lib"]\n    node_venv_lib --> node_venv_lib_python3_12["python3.12"]\n    node_venv_lib_python3_12 --> node_venv_lib_python3_12_site-packages["site-packages"]\n    node_venv_lib_python3_12_site-packages --> node_venv_lib_python3_12_site-packages_PyQt6["PyQt6"]\n    node_venv_lib_python3_12_site-packages_PyQt6 --> node_venv_lib_python3_12_site-packages_PyQt6_Qt6["Qt6"]\n    node_venv_lib_python3_12_site-packages_PyQt6_Qt6 --> node_venv_lib_python3_12_site-packages_PyQt6_Qt6_qml["qml"]\n    node_venv_lib_python3_12_site-packages_PyQt6_Qt6_qml --> node_venv_lib_python3_12_site-packages_PyQt6_Qt6_qml_QtQuick["QtQuick"]\n    node_venv_lib_python3_12_site-packages_PyQt6_Qt6_qml_QtQuick --> node_venv_lib_python3_12_site-packages_PyQt6_Qt6_qml_QtQuick_Controls["Controls"]\n    node_venv_lib_python3_12_site-packages_PyQt6_Qt6_qml_QtQuick_Controls --> node_venv_lib_python3_12_site-packages_PyQt6_Qt6_qml_QtQuick_Controls_macOS["macOS"]\n    node_venv_lib_python3_12_site-packages_PyQt6_Qt6_qml_QtQuick_Controls_macOS --> node_venv_lib_python3_12_site-packages_PyQt6_Qt6_qml_QtQuick_Controls_macOS_Dial_qml["Dial.qml"]\n    Root --> node_venv["venv"]\n    node_venv --> node_venv_lib["lib"]\n    node_venv_lib --> node_venv_lib_python3_12["python3.12"]\n    node_venv_lib_python3_12 --> node_venv_lib_python3_12_site-packages["site-packages"]\n    node_venv_lib_python3_12_site-packages --> node_venv_lib_python3_12_site-packages_PyQt6["PyQt6"]\n    node_venv_lib_python3_12_site-packages_PyQt6 --> node_venv_lib_python3_12_site-packages_PyQt6_Qt6["Qt6"]\n    node_venv_lib_python3_12_site-packages_PyQt6_Qt6 --> node_venv_lib_python3_12_site-packages_PyQt6_Qt6_qml["qml"]\n    node_venv_lib_python3_12_site-packages_PyQt6_Qt6_qml --> node_venv_lib_python3_12_site-packages_PyQt6_Qt6_qml_QtQuick["QtQuick"]\n    node_venv_lib_python3_12_site-packages_PyQt6_Qt6_qml_QtQuick --> node_venv_lib_python3_12_site-packages_PyQt6_Qt6_qml_QtQuick_Controls["Controls"]\n    node_venv_lib_python3_12_site-packages_PyQt6_Qt6_qml_QtQuick_Controls --> node_venv_lib_python3_12_site-packages_PyQt6_Qt6_qml_QtQuick_Controls_macOS["macOS"]\n    node_venv_lib_python3_12_site-packages_PyQt6_Qt6_qml_QtQuick_Controls_macOS --> node_venv_lib_python3_12_site-packages_PyQt6_Qt6_qml_QtQuick_Controls_macOS_Dialog_qml["Dialog.qml"]\n    Root --> node_venv["venv"]\n    node_venv --> node_venv_lib["lib"]\n    node_venv_lib --> node_venv_lib_python3_12["python3.12"]\n    node_venv_lib_python3_12 --> node_venv_lib_python3_12_site-packages["site-packages"]\n    node_venv_lib_python3_12_site-packages --> node_venv_lib_python3_12_site-packages_PyQt6["PyQt6"]\n    node_venv_lib_python3_12_site-packages_PyQt6 --> node_venv_lib_python3_12_site-packages_PyQt6_Qt6["Qt6"]\n    node_venv_lib_python3_12_site-packages_PyQt6_Qt6 --> node_venv_lib_python3_12_site-packages_PyQt6_Qt6_qml["qml"]\n    node_venv_lib_python3_12_site-packages_PyQt6_Qt6_qml --> node_venv_lib_python3_12_site-packages_PyQt6_Qt6_qml_QtQuick["QtQuick"]\n    node_venv_lib_python3_12_site-packages_PyQt6_Qt6_qml_QtQuick --> node_venv_lib_python3_12_site-packages_PyQt6_Qt6_qml_QtQuick_Controls["Controls"]\n    node_venv_lib_python3_12_site-packages_PyQt6_Qt6_qml_QtQuick_Controls --> node_venv_lib_python3_12_site-packages_PyQt6_Qt6_qml_QtQuick_Controls_macOS["macOS"]\n    node_venv_lib_python3_12_site-packages_PyQt6_Qt6_qml_QtQuick_Controls_macOS --> node_venv_lib_python3_12_site-packages_PyQt6_Qt6_qml_QtQuick_Controls_macOS_DialogButtonBox_qml["DialogButtonBox.qml"]\n    Root --> node_venv["venv"]\n    node_venv --> node_venv_lib["lib"]\n    node_venv_lib --> node_venv_lib_python3_12["python3.12"]\n    node_venv_lib_python3_12 --> node_venv_lib_python3_12_site-packages["site-packages"]\n    node_venv_lib_python3_12_site-packages --> node_venv_lib_python3_12_site-packages_PyQt6["PyQt6"]\n    node_venv_lib_python3_12_site-packages_PyQt6 --> node_venv_lib_python3_12_site-packages_PyQt6_Qt6["Qt6"]\n    node_venv_lib_python3_12_site-packages_PyQt6_Qt6 --> node_venv_lib_python3_12_site-packages_PyQt6_Qt6_qml["qml"]\n    node_venv_lib_python3_12_site-packages_PyQt6_Qt6_qml --> node_venv_lib_python3_12_site-packages_PyQt6_Qt6_qml_QtQuick["QtQuick"]\n    node_venv_lib_python3_12_site-packages_PyQt6_Qt6_qml_QtQuick --> node_venv_lib_python3_12_site-packages_PyQt6_Qt6_qml_QtQuick_Controls["Controls"]\n    node_venv_lib_python3_12_site-packages_PyQt6_Qt6_qml_QtQuick_Controls --> node_venv_lib_python3_12_site-packages_PyQt6_Qt6_qml_QtQuick_Controls_macOS["macOS"]\n    node_venv_lib_python3_12_site-packages_PyQt6_Qt6_qml_QtQuick_Controls_macOS --> node_venv_lib_python3_12_site-packages_PyQt6_Qt6_qml_QtQuick_Controls_macOS_Frame_qml["Frame.qml"]\n    Root --> node_venv["venv"]\n    node_venv --> node_venv_lib["lib"]\n    node_venv_lib --> node_venv_lib_python3_12["python3.12"]\n    node_venv_lib_python3_12 --> node_venv_lib_python3_12_site-packages["site-packages"]\n    node_venv_lib_python3_12_site-packages --> node_venv_lib_python3_12_site-packages_PyQt6["PyQt6"]\n    node_venv_lib_python3_12_site-packages_PyQt6 --> node_venv_lib_python3_12_site-packages_PyQt6_Qt6["Qt6"]\n    node_venv_lib_python3_12_site-packages_PyQt6_Qt6 --> node_venv_lib_python3_12_site-packages_PyQt6_Qt6_qml["qml"]\n    node_venv_lib_python3_12_site-packages_PyQt6_Qt6_qml --> node_venv_lib_python3_12_site-packages_PyQt6_Qt6_qml_QtQuick["QtQuick"]\n    node_venv_lib_python3_12_site-packages_PyQt6_Qt6_qml_QtQuick --> node_venv_lib_python3_12_site-packages_PyQt6_Qt6_qml_QtQuick_Controls["Controls"]\n    node_venv_lib_python3_12_site-packages_PyQt6_Qt6_qml_QtQuick_Controls --> node_venv_lib_python3_12_site-packages_PyQt6_Qt6_qml_QtQuick_Controls_macOS["macOS"]\n    node_venv_lib_python3_12_site-packages_PyQt6_Qt6_qml_QtQuick_Controls_macOS --> node_venv_lib_python3_12_site-packages_PyQt6_Qt6_qml_QtQuick_Controls_macOS_GroupBox_qml["GroupBox.qml"]\n    Root --> node_venv["venv"]\n    node_venv --> node_venv_lib["lib"]\n    node_venv_lib --> node_venv_lib_python3_12["python3.12"]\n    node_venv_lib_python3_12 --> node_venv_lib_python3_12_site-packages["site-packages"]\n    node_venv_lib_python3_12_site-packages --> node_venv_lib_python3_12_site-packages_PyQt6["PyQt6"]\n    node_venv_lib_python3_12_site-packages_PyQt6 --> node_venv_lib_python3_12_site-packages_PyQt6_Qt6["Qt6"]\n    node_venv_lib_python3_12_site-packages_PyQt6_Qt6 --> node_venv_lib_python3_12_site-packages_PyQt6_Qt6_qml["qml"]\n    node_venv_lib_python3_12_site-packages_PyQt6_Qt6_qml --> node_venv_lib_python3_12_site-packages_PyQt6_Qt6_qml_QtQuick["QtQuick"]\n    node_venv_lib_python3_12_site-packages_PyQt6_Qt6_qml_QtQuick --> node_venv_lib_python3_12_site-packages_PyQt6_Qt6_qml_QtQuick_Controls["Controls"]\n    node_venv_lib_python3_12_site-packages_PyQt6_Qt6_qml_QtQuick_Controls --> node_venv_lib_python3_12_site-packages_PyQt6_Qt6_qml_QtQuick_Controls_macOS["macOS"]\n    node_venv_lib_python3_12_site-packages_PyQt6_Qt6_qml_QtQuick_Controls_macOS --> node_venv_lib_python3_12_site-packages_PyQt6_Qt6_qml_QtQuick_Controls_macOS_ItemDelegate_qml["ItemDelegate.qml"]\n    Root --> node_venv["venv"]\n    node_venv --> node_venv_lib["lib"]\n    node_venv_lib --> node_venv_lib_python3_12["python3.12"]\n    node_venv_lib_python3_12 --> node_venv_lib_python3_12_site-packages["site-packages"]\n    node_venv_lib_python3_12_site-packages --> node_venv_lib_python3_12_site-packages_PyQt6["PyQt6"]\n    node_venv_lib_python3_12_site-packages_PyQt6 --> node_venv_lib_python3_12_site-packages_PyQt6_Qt6["Qt6"]\n    node_venv_lib_python3_12_site-packages_PyQt6_Qt6 --> node_venv_lib_python3_12_site-packages_PyQt6_Qt6_qml["qml"]\n    node_venv_lib_python3_12_site-packages_PyQt6_Qt6_qml --> node_venv_lib_python3_12_site-packages_PyQt6_Qt6_qml_QtQuick["QtQuick"]\n    node_venv_lib_python3_12_site-packages_PyQt6_Qt6_qml_QtQuick --> node_venv_lib_python3_12_site-packages_PyQt6_Qt6_qml_QtQuick_Controls["Controls"]\n    node_venv_lib_python3_12_site-packages_PyQt6_Qt6_qml_QtQuick_Controls --> node_venv_lib_python3_12_site-packages_PyQt6_Qt6_qml_QtQuick_Controls_macOS["macOS"]\n    node_venv_lib_python3_12_site-packages_PyQt6_Qt6_qml_QtQuick_Controls_macOS --> node_venv_lib_python3_12_site-packages_PyQt6_Qt6_qml_QtQuick_Controls_macOS_Menu_qml["Menu.qml"]\n    Root --> node_venv["venv"]\n    node_venv --> node_venv_lib["lib"]\n    node_venv_lib --> node_venv_lib_python3_12["python3.12"]\n    node_venv_lib_python3_12 --> node_venv_lib_python3_12_site-packages["site-packages"]\n    node_venv_lib_python3_12_site-packages --> node_venv_lib_python3_12_site-packages_PyQt6["PyQt6"]\n    node_venv_lib_python3_12_site-packages_PyQt6 --> node_venv_lib_python3_12_site-packages_PyQt6_Qt6["Qt6"]\n    node_venv_lib_python3_12_site-packages_PyQt6_Qt6 --> node_venv_lib_python3_12_site-packages_PyQt6_Qt6_qml["qml"]\n    node_venv_lib_python3_12_site-packages_PyQt6_Qt6_qml --> node_venv_lib_python3_12_site-packages_PyQt6_Qt6_qml_QtQuick["QtQuick"]\n    node_venv_lib_python3_12_site-packages_PyQt6_Qt6_qml_QtQuick --> node_venv_lib_python3_12_site-packages_PyQt6_Qt6_qml_QtQuick_Controls["Controls"]\n    node_venv_lib_python3_12_site-packages_PyQt6_Qt6_qml_QtQuick_Controls --> node_venv_lib_python3_12_site-packages_PyQt6_Qt6_qml_QtQuick_Controls_macOS["macOS"]\n    node_venv_lib_python3_12_site-packages_PyQt6_Qt6_qml_QtQuick_Controls_macOS --> node_venv_lib_python3_12_site-packages_PyQt6_Qt6_qml_QtQuick_Controls_macOS_MenuBar_qml["MenuBar.qml"]\n    Root --> node_venv["venv"]\n    node_venv --> node_venv_lib["lib"]\n    node_venv_lib --> node_venv_lib_python3_12["python3.12"]\n    node_venv_lib_python3_12 --> node_venv_lib_python3_12_site-packages["site-packages"]\n    node_venv_lib_python3_12_site-packages --> node_venv_lib_python3_12_site-packages_PyQt6["PyQt6"]\n    node_venv_lib_python3_12_site-packages_PyQt6 --> node_venv_lib_python3_12_site-packages_PyQt6_Qt6["Qt6"]\n    node_venv_lib_python3_12_site-packages_PyQt6_Qt6 --> node_venv_lib_python3_12_site-packages_PyQt6_Qt6_qml["qml"]\n    node_venv_lib_python3_12_site-packages_PyQt6_Qt6_qml --> node_venv_lib_python3_12_site-packages_PyQt6_Qt6_qml_QtQuick["QtQuick"]\n    node_venv_lib_python3_12_site-packages_PyQt6_Qt6_qml_QtQuick --> node_venv_lib_python3_12_site-packages_PyQt6_Qt6_qml_QtQuick_Controls["Controls"]\n    node_venv_lib_python3_12_site-packages_PyQt6_Qt6_qml_QtQuick_Controls --> node_venv_lib_python3_12_site-packages_PyQt6_Qt6_qml_QtQuick_Controls_macOS["macOS"]\n    node_venv_lib_python3_12_site-packages_PyQt6_Qt6_qml_QtQuick_Controls_macOS --> node_venv_lib_python3_12_site-packages_PyQt6_Qt6_qml_QtQuick_Controls_macOS_MenuBarItem_qml["MenuBarItem.qml"]\n    Root --> node_venv["venv"]\n    node_venv --> node_venv_lib["lib"]\n    node_venv_lib --> node_venv_lib_python3_12["python3.12"]\n    node_venv_lib_python3_12 --> node_venv_lib_python3_12_site-packages["site-packages"]\n    node_venv_lib_python3_12_site-packages --> node_venv_lib_python3_12_site-packages_PyQt6["PyQt6"]\n    node_venv_lib_python3_12_site-packages_PyQt6 --> node_venv_lib_python3_12_site-packages_PyQt6_Qt6["Qt6"]\n    node_venv_lib_python3_12_site-packages_PyQt6_Qt6 --> node_venv_lib_python3_12_site-packages_PyQt6_Qt6_qml["qml"]\n    node_venv_lib_python3_12_site-packages_PyQt6_Qt6_qml --> node_venv_lib_python3_12_site-packages_PyQt6_Qt6_qml_QtQuick["QtQuick"]\n    node_venv_lib_python3_12_site-packages_PyQt6_Qt6_qml_QtQuick --> node_venv_lib_python3_12_site-packages_PyQt6_Qt6_qml_QtQuick_Controls["Controls"]\n    node_venv_lib_python3_12_site-packages_PyQt6_Qt6_qml_QtQuick_Controls --> node_venv_lib_python3_12_site-packages_PyQt6_Qt6_qml_QtQuick_Controls_macOS["macOS"]\n    node_venv_lib_python3_12_site-packages_PyQt6_Qt6_qml_QtQuick_Controls_macOS --> node_venv_lib_python3_12_site-packages_PyQt6_Qt6_qml_QtQuick_Controls_macOS_MenuItem_qml["MenuItem.qml"]\n    Root --> node_venv["venv"]\n    node_venv --> node_venv_lib["lib"]\n    node_venv_lib --> node_venv_lib_python3_12["python3.12"]\n    node_venv_lib_python3_12 --> node_venv_lib_python3_12_site-packages["site-packages"]\n    node_venv_lib_python3_12_site-packages --> node_venv_lib_python3_12_site-packages_PyQt6["PyQt6"]\n    node_venv_lib_python3_12_site-packages_PyQt6 --> node_venv_lib_python3_12_site-packages_PyQt6_Qt6["Qt6"]\n    node_venv_lib_python3_12_site-packages_PyQt6_Qt6 --> node_venv_lib_python3_12_site-packages_PyQt6_Qt6_qml["qml"]\n    node_venv_lib_python3_12_site-packages_PyQt6_Qt6_qml --> node_venv_lib_python3_12_site-packages_PyQt6_Qt6_qml_QtQuick["QtQuick"]\n    node_venv_lib_python3_12_site-packages_PyQt6_Qt6_qml_QtQuick --> node_venv_lib_python3_12_site-packages_PyQt6_Qt6_qml_QtQuick_Controls["Controls"]\n    node_venv_lib_python3_12_site-packages_PyQt6_Qt6_qml_QtQuick_Controls --> node_venv_lib_python3_12_site-packages_PyQt6_Qt6_qml_QtQuick_Controls_macOS["macOS"]\n    node_venv_lib_python3_12_site-packages_PyQt6_Qt6_qml_QtQuick_Controls_macOS --> node_venv_lib_python3_12_site-packages_PyQt6_Qt6_qml_QtQuick_Controls_macOS_MenuSeparator_qml["MenuSeparator.qml"]\n    Root --> node_venv["venv"]\n    node_venv --> node_venv_lib["lib"]\n    node_venv_lib --> node_venv_lib_python3_12["python3.12"]\n    node_venv_lib_python3_12 --> node_venv_lib_python3_12_site-packages["site-packages"]\n    node_venv_lib_python3_12_site-packages --> node_venv_lib_python3_12_site-packages_PyQt6["PyQt6"]\n    node_venv_lib_python3_12_site-packages_PyQt6 --> node_venv_lib_python3_12_site-packages_PyQt6_Qt6["Qt6"]\n    node_venv_lib_python3_12_site-packages_PyQt6_Qt6 --> node_venv_lib_python3_12_site-packages_PyQt6_Qt6_qml["qml"]\n    node_venv_lib_python3_12_site-packages_PyQt6_Qt6_qml --> node_venv_lib_python3_12_site-packages_PyQt6_Qt6_qml_QtQuick["QtQuick"]\n    node_venv_lib_python3_12_site-packages_PyQt6_Qt6_qml_QtQuick --> node_venv_lib_python3_12_site-packages_PyQt6_Qt6_qml_QtQuick_Controls["Controls"]\n    node_venv_lib_python3_12_site-packages_PyQt6_Qt6_qml_QtQuick_Controls --> node_venv_lib_python3_12_site-packages_PyQt6_Qt6_qml_QtQuick_Controls_macOS["macOS"]\n    node_venv_lib_python3_12_site-packages_PyQt6_Qt6_qml_QtQuick_Controls_macOS --> node_venv_lib_python3_12_site-packages_PyQt6_Qt6_qml_QtQuick_Controls_macOS_ProgressBar_qml["ProgressBar.qml"]\n    Root --> node_venv["venv"]\n    node_venv --> node_venv_lib["lib"]\n    node_venv_lib --> node_venv_lib_python3_12["python3.12"]\n    node_venv_lib_python3_12 --> node_venv_lib_python3_12_site-packages["site-packages"]\n    node_venv_lib_python3_12_site-packages --> node_venv_lib_python3_12_site-packages_PyQt6["PyQt6"]\n    node_venv_lib_python3_12_site-packages_PyQt6 --> node_venv_lib_python3_12_site-packages_PyQt6_Qt6["Qt6"]\n    node_venv_lib_python3_12_site-packages_PyQt6_Qt6 --> node_venv_lib_python3_12_site-packages_PyQt6_Qt6_qml["qml"]\n    node_venv_lib_python3_12_site-packages_PyQt6_Qt6_qml --> node_venv_lib_python3_12_site-packages_PyQt6_Qt6_qml_QtQuick["QtQuick"]\n    node_venv_lib_python3_12_site-packages_PyQt6_Qt6_qml_QtQuick --> node_venv_lib_python3_12_site-packages_PyQt6_Qt6_qml_QtQuick_Controls["Controls"]\n    node_venv_lib_python3_12_site-packages_PyQt6_Qt6_qml_QtQuick_Controls --> node_venv_lib_python3_12_site-packages_PyQt6_Qt6_qml_QtQuick_Controls_macOS["macOS"]\n    node_venv_lib_python3_12_site-packages_PyQt6_Qt6_qml_QtQuick_Controls_macOS --> node_venv_lib_python3_12_site-packages_PyQt6_Qt6_qml_QtQuick_Controls_macOS_RadioButton_qml["RadioButton.qml"]\n    Root --> node_venv["venv"]\n    node_venv --> node_venv_lib["lib"]\n    node_venv_lib --> node_venv_lib_python3_12["python3.12"]\n    node_venv_lib_python3_12 --> node_venv_lib_python3_12_site-packages["site-packages"]\n    node_venv_lib_python3_12_site-packages --> node_venv_lib_python3_12_site-packages_PyQt6["PyQt6"]\n    node_venv_lib_python3_12_site-packages_PyQt6 --> node_venv_lib_python3_12_site-packages_PyQt6_Qt6["Qt6"]\n    node_venv_lib_python3_12_site-packages_PyQt6_Qt6 --> node_venv_lib_python3_12_site-packages_PyQt6_Qt6_qml["qml"]\n    node_venv_lib_python3_12_site-packages_PyQt6_Qt6_qml --> node_venv_lib_python3_12_site-packages_PyQt6_Qt6_qml_QtQuick["QtQuick"]\n    node_venv_lib_python3_12_site-packages_PyQt6_Qt6_qml_QtQuick --> node_venv_lib_python3_12_site-packages_PyQt6_Qt6_qml_QtQuick_Controls["Controls"]\n    node_venv_lib_python3_12_site-packages_PyQt6_Qt6_qml_QtQuick_Controls --> node_venv_lib_python3_12_site-packages_PyQt6_Qt6_qml_QtQuick_Controls_macOS["macOS"]\n    node_venv_lib_python3_12_site-packages_PyQt6_Qt6_qml_QtQuick_Controls_macOS --> node_venv_lib_python3_12_site-packages_PyQt6_Qt6_qml_QtQuick_Controls_macOS_RadioDelegate_qml["RadioDelegate.qml"]\n    Root --> node_venv["venv"]\n    node_venv --> node_venv_lib["lib"]\n    node_venv_lib --> node_venv_lib_python3_12["python3.12"]\n    node_venv_lib_python3_12 --> node_venv_lib_python3_12_site-packages["site-packages"]\n    node_venv_lib_python3_12_site-packages --> node_venv_lib_python3_12_site-packages_PyQt6["PyQt6"]\n    node_venv_lib_python3_12_site-packages_PyQt6 --> node_venv_lib_python3_12_site-packages_PyQt6_Qt6["Qt6"]\n    node_venv_lib_python3_12_site-packages_PyQt6_Qt6 --> node_venv_lib_python3_12_site-packages_PyQt6_Qt6_qml["qml"]\n    node_venv_lib_python3_12_site-packages_PyQt6_Qt6_qml --> node_venv_lib_python3_12_site-packages_PyQt6_Qt6_qml_QtQuick["QtQuick"]\n    node_venv_lib_python3_12_site-packages_PyQt6_Qt6_qml_QtQuick --> node_venv_lib_python3_12_site-packages_PyQt6_Qt6_qml_QtQuick_Controls["Controls"]\n    node_venv_lib_python3_12_site-packages_PyQt6_Qt6_qml_QtQuick_Controls --> node_venv_lib_python3_12_site-packages_PyQt6_Qt6_qml_QtQuick_Controls_macOS["macOS"]\n    node_venv_lib_python3_12_site-packages_PyQt6_Qt6_qml_QtQuick_Controls_macOS --> node_venv_lib_python3_12_site-packages_PyQt6_Qt6_qml_QtQuick_Controls_macOS_RangeSlider_qml["RangeSlider.qml"]\n    Root --> node_venv["venv"]\n    node_venv --> node_venv_lib["lib"]\n    node_venv_lib --> node_venv_lib_python3_12["python3.12"]\n    node_venv_lib_python3_12 --> node_venv_lib_python3_12_site-packages["site-packages"]\n    node_venv_lib_python3_12_site-packages --> node_venv_lib_python3_12_site-packages_PyQt6["PyQt6"]\n    node_venv_lib_python3_12_site-packages_PyQt6 --> node_venv_lib_python3_12_site-packages_PyQt6_Qt6["Qt6"]\n    node_venv_lib_python3_12_site-packages_PyQt6_Qt6 --> node_venv_lib_python3_12_site-packages_PyQt6_Qt6_qml["qml"]\n    node_venv_lib_python3_12_site-packages_PyQt6_Qt6_qml --> node_venv_lib_python3_12_site-packages_PyQt6_Qt6_qml_QtQuick["QtQuick"]\n    node_venv_lib_python3_12_site-packages_PyQt6_Qt6_qml_QtQuick --> node_venv_lib_python3_12_site-packages_PyQt6_Qt6_qml_QtQuick_Controls["Controls"]\n    node_venv_lib_python3_12_site-packages_PyQt6_Qt6_qml_QtQuick_Controls --> node_venv_lib_python3_12_site-packages_PyQt6_Qt6_qml_QtQuick_Controls_macOS["macOS"]\n    node_venv_lib_python3_12_site-packages_PyQt6_Qt6_qml_QtQuick_Controls_macOS --> node_venv_lib_python3_12_site-packages_PyQt6_Qt6_qml_QtQuick_Controls_macOS_ScrollBar_qml["ScrollBar.qml"]\n    Root --> node_venv["venv"]\n    node_venv --> node_venv_lib["lib"]\n    node_venv_lib --> node_venv_lib_python3_12["python3.12"]\n    node_venv_lib_python3_12 --> node_venv_lib_python3_12_site-packages["site-packages"]\n    node_venv_lib_python3_12_site-packages --> node_venv_lib_python3_12_site-packages_PyQt6["PyQt6"]\n    node_venv_lib_python3_12_site-packages_PyQt6 --> node_venv_lib_python3_12_site-packages_PyQt6_Qt6["Qt6"]\n    node_venv_lib_python3_12_site-packages_PyQt6_Qt6 --> node_venv_lib_python3_12_site-packages_PyQt6_Qt6_qml["qml"]\n    node_venv_lib_python3_12_site-packages_PyQt6_Qt6_qml --> node_venv_lib_python3_12_site-packages_PyQt6_Qt6_qml_QtQuick["QtQuick"]\n    node_venv_lib_python3_12_site-packages_PyQt6_Qt6_qml_QtQuick --> node_venv_lib_python3_12_site-packages_PyQt6_Qt6_qml_QtQuick_Controls["Controls"]\n    node_venv_lib_python3_12_site-packages_PyQt6_Qt6_qml_QtQuick_Controls --> node_venv_lib_python3_12_site-packages_PyQt6_Qt6_qml_QtQuick_Controls_macOS["macOS"]\n    node_venv_lib_python3_12_site-packages_PyQt6_Qt6_qml_QtQuick_Controls_macOS --> node_venv_lib_python3_12_site-packages_PyQt6_Qt6_qml_QtQuick_Controls_macOS_ScrollIndicator_qml["ScrollIndicator.qml"]\n    Root --> node_venv["venv"]\n    node_venv --> node_venv_lib["lib"]\n    node_venv_lib --> node_venv_lib_python3_12["python3.12"]\n    node_venv_lib_python3_12 --> node_venv_lib_python3_12_site-packages["site-packages"]\n    node_venv_lib_python3_12_site-packages --> node_venv_lib_python3_12_site-packages_PyQt6["PyQt6"]\n    node_venv_lib_python3_12_site-packages_PyQt6 --> node_venv_lib_python3_12_site-packages_PyQt6_Qt6["Qt6"]\n    node_venv_lib_python3_12_site-packages_PyQt6_Qt6 --> node_venv_lib_python3_12_site-packages_PyQt6_Qt6_qml["qml"]\n    node_venv_lib_python3_12_site-packages_PyQt6_Qt6_qml --> node_venv_lib_python3_12_site-packages_PyQt6_Qt6_qml_QtQuick["QtQuick"]\n    node_venv_lib_python3_12_site-packages_PyQt6_Qt6_qml_QtQuick --> node_venv_lib_python3_12_site-packages_PyQt6_Qt6_qml_QtQuick_Controls["Controls"]\n    node_venv_lib_python3_12_site-packages_PyQt6_Qt6_qml_QtQuick_Controls --> node_venv_lib_python3_12_site-packages_PyQt6_Qt6_qml_QtQuick_Controls_macOS["macOS"]\n    node_venv_lib_python3_12_site-packages_PyQt6_Qt6_qml_QtQuick_Controls_macOS --> node_venv_lib_python3_12_site-packages_PyQt6_Qt6_qml_QtQuick_Controls_macOS_ScrollView_qml["ScrollView.qml"]\n    Root --> node_venv["venv"]\n    node_venv --> node_venv_lib["lib"]\n    node_venv_lib --> node_venv_lib_python3_12["python3.12"]\n    node_venv_lib_python3_12 --> node_venv_lib_python3_12_site-packages["site-packages"]\n    node_venv_lib_python3_12_site-packages --> node_venv_lib_python3_12_site-packages_PyQt6["PyQt6"]\n    node_venv_lib_python3_12_site-packages_PyQt6 --> node_venv_lib_python3_12_site-packages_PyQt6_Qt6["Qt6"]\n    node_venv_lib_python3_12_site-packages_PyQt6_Qt6 --> node_venv_lib_python3_12_site-packages_PyQt6_Qt6_qml["qml"]\n    node_venv_lib_python3_12_site-packages_PyQt6_Qt6_qml --> node_venv_lib_python3_12_site-packages_PyQt6_Qt6_qml_QtQuick["QtQuick"]\n    node_venv_lib_python3_12_site-packages_PyQt6_Qt6_qml_QtQuick --> node_venv_lib_python3_12_site-packages_PyQt6_Qt6_qml_QtQuick_Controls["Controls"]\n    node_venv_lib_python3_12_site-packages_PyQt6_Qt6_qml_QtQuick_Controls --> node_venv_lib_python3_12_site-packages_PyQt6_Qt6_qml_QtQuick_Controls_macOS["macOS"]\n    node_venv_lib_python3_12_site-packages_PyQt6_Qt6_qml_QtQuick_Controls_macOS --> node_venv_lib_python3_12_site-packages_PyQt6_Qt6_qml_QtQuick_Controls_macOS_SearchField_qml["SearchField.qml"]\n    Root --> node_venv["venv"]\n    node_venv --> node_venv_lib["lib"]\n    node_venv_lib --> node_venv_lib_python3_12["python3.12"]\n    node_venv_lib_python3_12 --> node_venv_lib_python3_12_site-packages["site-packages"]\n    node_venv_lib_python3_12_site-packages --> node_venv_lib_python3_12_site-packages_PyQt6["PyQt6"]\n    node_venv_lib_python3_12_site-packages_PyQt6 --> node_venv_lib_python3_12_site-packages_PyQt6_Qt6["Qt6"]\n    node_venv_lib_python3_12_site-packages_PyQt6_Qt6 --> node_venv_lib_python3_12_site-packages_PyQt6_Qt6_qml["qml"]\n    node_venv_lib_python3_12_site-packages_PyQt6_Qt6_qml --> node_venv_lib_python3_12_site-packages_PyQt6_Qt6_qml_QtQuick["QtQuick"]\n    node_venv_lib_python3_12_site-packages_PyQt6_Qt6_qml_QtQuick --> node_venv_lib_python3_12_site-packages_PyQt6_Qt6_qml_QtQuick_Controls["Controls"]\n    node_venv_lib_python3_12_site-packages_PyQt6_Qt6_qml_QtQuick_Controls --> node_venv_lib_python3_12_site-packages_PyQt6_Qt6_qml_QtQuick_Controls_macOS["macOS"]\n    node_venv_lib_python3_12_site-packages_PyQt6_Qt6_qml_QtQuick_Controls_macOS --> node_venv_lib_python3_12_site-packages_PyQt6_Qt6_qml_QtQuick_Controls_macOS_SelectionRectangle_qml["SelectionRectangle.qml"]\n    Root --> node_venv["venv"]\n    node_venv --> node_venv_lib["lib"]\n    node_venv_lib --> node_venv_lib_python3_12["python3.12"]\n    node_venv_lib_python3_12 --> node_venv_lib_python3_12_site-packages["site-packages"]\n    node_venv_lib_python3_12_site-packages --> node_venv_lib_python3_12_site-packages_PyQt6["PyQt6"]\n    node_venv_lib_python3_12_site-packages_PyQt6 --> node_venv_lib_python3_12_site-packages_PyQt6_Qt6["Qt6"]\n    node_venv_lib_python3_12_site-packages_PyQt6_Qt6 --> node_venv_lib_python3_12_site-packages_PyQt6_Qt6_qml["qml"]\n    node_venv_lib_python3_12_site-packages_PyQt6_Qt6_qml --> node_venv_lib_python3_12_site-packages_PyQt6_Qt6_qml_QtQuick["QtQuick"]\n    node_venv_lib_python3_12_site-packages_PyQt6_Qt6_qml_QtQuick --> node_venv_lib_python3_12_site-packages_PyQt6_Qt6_qml_QtQuick_Controls["Controls"]\n    node_venv_lib_python3_12_site-packages_PyQt6_Qt6_qml_QtQuick_Controls --> node_venv_lib_python3_12_site-packages_PyQt6_Qt6_qml_QtQuick_Controls_macOS["macOS"]\n    node_venv_lib_python3_12_site-packages_PyQt6_Qt6_qml_QtQuick_Controls_macOS --> node_venv_lib_python3_12_site-packages_PyQt6_Qt6_qml_QtQuick_Controls_macOS_Slider_qml["Slider.qml"]\n    Root --> node_venv["venv"]\n    node_venv --> node_venv_lib["lib"]\n    node_venv_lib --> node_venv_lib_python3_12["python3.12"]\n    node_venv_lib_python3_12 --> node_venv_lib_python3_12_site-packages["site-packages"]\n    node_venv_lib_python3_12_site-packages --> node_venv_lib_python3_12_site-packages_PyQt6["PyQt6"]\n    node_venv_lib_python3_12_site-packages_PyQt6 --> node_venv_lib_python3_12_site-packages_PyQt6_Qt6["Qt6"]\n    node_venv_lib_python3_12_site-packages_PyQt6_Qt6 --> node_venv_lib_python3_12_site-packages_PyQt6_Qt6_qml["qml"]\n    node_venv_lib_python3_12_site-packages_PyQt6_Qt6_qml --> node_venv_lib_python3_12_site-packages_PyQt6_Qt6_qml_QtQuick["QtQuick"]\n    node_venv_lib_python3_12_site-packages_PyQt6_Qt6_qml_QtQuick --> node_venv_lib_python3_12_site-packages_PyQt6_Qt6_qml_QtQuick_Controls["Controls"]\n    node_venv_lib_python3_12_site-packages_PyQt6_Qt6_qml_QtQuick_Controls --> node_venv_lib_python3_12_site-packages_PyQt6_Qt6_qml_QtQuick_Controls_macOS["macOS"]\n    node_venv_lib_python3_12_site-packages_PyQt6_Qt6_qml_QtQuick_Controls_macOS --> node_venv_lib_python3_12_site-packages_PyQt6_Qt6_qml_QtQuick_Controls_macOS_SpinBox_qml["SpinBox.qml"]\n    Root --> node_venv["venv"]\n    node_venv --> node_venv_lib["lib"]\n    node_venv_lib --> node_venv_lib_python3_12["python3.12"]\n    node_venv_lib_python3_12 --> node_venv_lib_python3_12_site-packages["site-packages"]\n    node_venv_lib_python3_12_site-packages --> node_venv_lib_python3_12_site-packages_PyQt6["PyQt6"]\n    node_venv_lib_python3_12_site-packages_PyQt6 --> node_venv_lib_python3_12_site-packages_PyQt6_Qt6["Qt6"]\n    node_venv_lib_python3_12_site-packages_PyQt6_Qt6 --> node_venv_lib_python3_12_site-packages_PyQt6_Qt6_qml["qml"]\n    node_venv_lib_python3_12_site-packages_PyQt6_Qt6_qml --> node_venv_lib_python3_12_site-packages_PyQt6_Qt6_qml_QtQuick["QtQuick"]\n    node_venv_lib_python3_12_site-packages_PyQt6_Qt6_qml_QtQuick --> node_venv_lib_python3_12_site-packages_PyQt6_Qt6_qml_QtQuick_Controls["Controls"]\n    node_venv_lib_python3_12_site-packages_PyQt6_Qt6_qml_QtQuick_Controls --> node_venv_lib_python3_12_site-packages_PyQt6_Qt6_qml_QtQuick_Controls_macOS["macOS"]\n    node_venv_lib_python3_12_site-packages_PyQt6_Qt6_qml_QtQuick_Controls_macOS --> node_venv_lib_python3_12_site-packages_PyQt6_Qt6_qml_QtQuick_Controls_macOS_Switch_qml["Switch.qml"]\n    Root --> node_venv["venv"]\n    node_venv --> node_venv_lib["lib"]\n    node_venv_lib --> node_venv_lib_python3_12["python3.12"]\n    node_venv_lib_python3_12 --> node_venv_lib_python3_12_site-packages["site-packages"]\n    node_venv_lib_python3_12_site-packages --> node_venv_lib_python3_12_site-packages_PyQt6["PyQt6"]\n    node_venv_lib_python3_12_site-packages_PyQt6 --> node_venv_lib_python3_12_site-packages_PyQt6_Qt6["Qt6"]\n    node_venv_lib_python3_12_site-packages_PyQt6_Qt6 --> node_venv_lib_python3_12_site-packages_PyQt6_Qt6_qml["qml"]\n    node_venv_lib_python3_12_site-packages_PyQt6_Qt6_qml --> node_venv_lib_python3_12_site-packages_PyQt6_Qt6_qml_QtQuick["QtQuick"]\n    node_venv_lib_python3_12_site-packages_PyQt6_Qt6_qml_QtQuick --> node_venv_lib_python3_12_site-packages_PyQt6_Qt6_qml_QtQuick_Controls["Controls"]\n    node_venv_lib_python3_12_site-packages_PyQt6_Qt6_qml_QtQuick_Controls --> node_venv_lib_python3_12_site-packages_PyQt6_Qt6_qml_QtQuick_Controls_macOS["macOS"]\n    node_venv_lib_python3_12_site-packages_PyQt6_Qt6_qml_QtQuick_Controls_macOS --> node_venv_lib_python3_12_site-packages_PyQt6_Qt6_qml_QtQuick_Controls_macOS_SwitchDelegate_qml["SwitchDelegate.qml"]\n    Root --> node_venv["venv"]\n    node_venv --> node_venv_lib["lib"]\n    node_venv_lib --> node_venv_lib_python3_12["python3.12"]\n    node_venv_lib_python3_12 --> node_venv_lib_python3_12_site-packages["site-packages"]\n    node_venv_lib_python3_12_site-packages --> node_venv_lib_python3_12_site-packages_PyQt6["PyQt6"]\n    node_venv_lib_python3_12_site-packages_PyQt6 --> node_venv_lib_python3_12_site-packages_PyQt6_Qt6["Qt6"]\n    node_venv_lib_python3_12_site-packages_PyQt6_Qt6 --> node_venv_lib_python3_12_site-packages_PyQt6_Qt6_qml["qml"]\n    node_venv_lib_python3_12_site-packages_PyQt6_Qt6_qml --> node_venv_lib_python3_12_site-packages_PyQt6_Qt6_qml_QtQuick["QtQuick"]\n    node_venv_lib_python3_12_site-packages_PyQt6_Qt6_qml_QtQuick --> node_venv_lib_python3_12_site-packages_PyQt6_Qt6_qml_QtQuick_Controls["Controls"]\n    node_venv_lib_python3_12_site-packages_PyQt6_Qt6_qml_QtQuick_Controls --> node_venv_lib_python3_12_site-packages_PyQt6_Qt6_qml_QtQuick_Controls_macOS["macOS"]\n    node_venv_lib_python3_12_site-packages_PyQt6_Qt6_qml_QtQuick_Controls_macOS --> node_venv_lib_python3_12_site-packages_PyQt6_Qt6_qml_QtQuick_Controls_macOS_TextArea_qml["TextArea.qml"]\n    Root --> node_venv["venv"]\n    node_venv --> node_venv_lib["lib"]\n    node_venv_lib --> node_venv_lib_python3_12["python3.12"]\n    node_venv_lib_python3_12 --> node_venv_lib_python3_12_site-packages["site-packages"]\n    node_venv_lib_python3_12_site-packages --> node_venv_lib_python3_12_site-packages_PyQt6["PyQt6"]\n    node_venv_lib_python3_12_site-packages_PyQt6 --> node_venv_lib_python3_12_site-packages_PyQt6_Qt6["Qt6"]\n    node_venv_lib_python3_12_site-packages_PyQt6_Qt6 --> node_venv_lib_python3_12_site-packages_PyQt6_Qt6_qml["qml"]\n    node_venv_lib_python3_12_site-packages_PyQt6_Qt6_qml --> node_venv_lib_python3_12_site-packages_PyQt6_Qt6_qml_QtQuick["QtQuick"]\n    node_venv_lib_python3_12_site-packages_PyQt6_Qt6_qml_QtQuick --> node_venv_lib_python3_12_site-packages_PyQt6_Qt6_qml_QtQuick_Controls["Controls"]\n    node_venv_lib_python3_12_site-packages_PyQt6_Qt6_qml_QtQuick_Controls --> node_venv_lib_python3_12_site-packages_PyQt6_Qt6_qml_QtQuick_Controls_macOS["macOS"]\n    node_venv_lib_python3_12_site-packages_PyQt6_Qt6_qml_QtQuick_Controls_macOS --> node_venv_lib_python3_12_site-packages_PyQt6_Qt6_qml_QtQuick_Controls_macOS_TextField_qml["TextField.qml"]\n    Root --> node_venv["venv"]\n    node_venv --> node_venv_lib["lib"]\n    node_venv_lib --> node_venv_lib_python3_12["python3.12"]\n    node_venv_lib_python3_12 --> node_venv_lib_python3_12_site-packages["site-packages"]\n    node_venv_lib_python3_12_site-packages --> node_venv_lib_python3_12_site-packages_PyQt6["PyQt6"]\n    node_venv_lib_python3_12_site-packages_PyQt6 --> node_venv_lib_python3_12_site-packages_PyQt6_Qt6["Qt6"]\n    node_venv_lib_python3_12_site-packages_PyQt6_Qt6 --> node_venv_lib_python3_12_site-packages_PyQt6_Qt6_qml["qml"]\n    node_venv_lib_python3_12_site-packages_PyQt6_Qt6_qml --> node_venv_lib_python3_12_site-packages_PyQt6_Qt6_qml_QtQuick["QtQuick"]\n    node_venv_lib_python3_12_site-packages_PyQt6_Qt6_qml_QtQuick --> node_venv_lib_python3_12_site-packages_PyQt6_Qt6_qml_QtQuick_Controls["Controls"]\n    node_venv_lib_python3_12_site-packages_PyQt6_Qt6_qml_QtQuick_Controls --> node_venv_lib_python3_12_site-packages_PyQt6_Qt6_qml_QtQuick_Controls_macOS["macOS"]\n    node_venv_lib_python3_12_site-packages_PyQt6_Qt6_qml_QtQuick_Controls_macOS --> node_venv_lib_python3_12_site-packages_PyQt6_Qt6_qml_QtQuick_Controls_macOS_TreeViewDelegate_qml["TreeViewDelegate.qml"]\n    Root --> node_venv["venv"]\n    node_venv --> node_venv_lib["lib"]\n    node_venv_lib --> node_venv_lib_python3_12["python3.12"]\n    node_venv_lib_python3_12 --> node_venv_lib_python3_12_site-packages["site-packages"]\n    node_venv_lib_python3_12_site-packages --> node_venv_lib_python3_12_site-packages_PyQt6["PyQt6"]\n    node_venv_lib_python3_12_site-packages_PyQt6 --> node_venv_lib_python3_12_site-packages_PyQt6_Qt6["Qt6"]\n    node_venv_lib_python3_12_site-packages_PyQt6_Qt6 --> node_venv_lib_python3_12_site-packages_PyQt6_Qt6_qml["qml"]\n    node_venv_lib_python3_12_site-packages_PyQt6_Qt6_qml --> node_venv_lib_python3_12_site-packages_PyQt6_Qt6_qml_QtQuick["QtQuick"]\n    node_venv_lib_python3_12_site-packages_PyQt6_Qt6_qml_QtQuick --> node_venv_lib_python3_12_site-packages_PyQt6_Qt6_qml_QtQuick_Controls["Controls"]\n    node_venv_lib_python3_12_site-packages_PyQt6_Qt6_qml_QtQuick_Controls --> node_venv_lib_python3_12_site-packages_PyQt6_Qt6_qml_QtQuick_Controls_macOS["macOS"]\n    node_venv_lib_python3_12_site-packages_PyQt6_Qt6_qml_QtQuick_Controls_macOS --> node_venv_lib_python3_12_site-packages_PyQt6_Qt6_qml_QtQuick_Controls_macOS_libqtquickcontrols2macosstyleplugin_dylib["libqtquickcontrols2macosstyleplugin.dylib"]\n    Root --> node_venv["venv"]\n    node_venv --> node_venv_lib["lib"]\n    node_venv_lib --> node_venv_lib_python3_12["python3.12"]\n    node_venv_lib_python3_12 --> node_venv_lib_python3_12_site-packages["site-packages"]\n    node_venv_lib_python3_12_site-packages --> node_venv_lib_python3_12_site-packages_PyQt6["PyQt6"]\n    node_venv_lib_python3_12_site-packages_PyQt6 --> node_venv_lib_python3_12_site-packages_PyQt6_Qt6["Qt6"]\n    node_venv_lib_python3_12_site-packages_PyQt6_Qt6 --> node_venv_lib_python3_12_site-packages_PyQt6_Qt6_qml["qml"]\n    node_venv_lib_python3_12_site-packages_PyQt6_Qt6_qml --> node_venv_lib_python3_12_site-packages_PyQt6_Qt6_qml_QtQuick["QtQuick"]\n    node_venv_lib_python3_12_site-packages_PyQt6_Qt6_qml_QtQuick --> node_venv_lib_python3_12_site-packages_PyQt6_Qt6_qml_QtQuick_Controls["Controls"]\n    node_venv_lib_python3_12_site-packages_PyQt6_Qt6_qml_QtQuick_Controls --> node_venv_lib_python3_12_site-packages_PyQt6_Qt6_qml_QtQuick_Controls_macOS["macOS"]\n    node_venv_lib_python3_12_site-packages_PyQt6_Qt6_qml_QtQuick_Controls_macOS --> node_venv_lib_python3_12_site-packages_PyQt6_Qt6_qml_QtQuick_Controls_macOS_plugins_qmltypes["plugins.qmltypes"]\n    Root --> node_venv["venv"]\n    node_venv --> node_venv_lib["lib"]\n    node_venv_lib --> node_venv_lib_python3_12["python3.12"]\n    node_venv_lib_python3_12 --> node_venv_lib_python3_12_site-packages["site-packages"]\n    node_venv_lib_python3_12_site-packages --> node_venv_lib_python3_12_site-packages_PyQt6["PyQt6"]\n    node_venv_lib_python3_12_site-packages_PyQt6 --> node_venv_lib_python3_12_site-packages_PyQt6_Qt6["Qt6"]\n    node_venv_lib_python3_12_site-packages_PyQt6_Qt6 --> node_venv_lib_python3_12_site-packages_PyQt6_Qt6_qml["qml"]\n    node_venv_lib_python3_12_site-packages_PyQt6_Qt6_qml --> node_venv_lib_python3_12_site-packages_PyQt6_Qt6_qml_QtQuick["QtQuick"]\n    node_venv_lib_python3_12_site-packages_PyQt6_Qt6_qml_QtQuick --> node_venv_lib_python3_12_site-packages_PyQt6_Qt6_qml_QtQuick_Controls["Controls"]\n    node_venv_lib_python3_12_site-packages_PyQt6_Qt6_qml_QtQuick_Controls --> node_venv_lib_python3_12_site-packages_PyQt6_Qt6_qml_QtQuick_Controls_macOS["macOS"]\n    node_venv_lib_python3_12_site-packages_PyQt6_Qt6_qml_QtQuick_Controls_macOS --> node_venv_lib_python3_12_site-packages_PyQt6_Qt6_qml_QtQuick_Controls_macOS_qmldir["qmldir"]\n    Root --> node_venv["venv"]\n    node_venv --> node_venv_lib["lib"]\n    node_venv_lib --> node_venv_lib_python3_12["python3.12"]\n    node_venv_lib_python3_12 --> node_venv_lib_python3_12_site-packages["site-packages"]\n    node_venv_lib_python3_12_site-packages --> node_venv_lib_python3_12_site-packages_PyQt6["PyQt6"]\n    node_venv_lib_python3_12_site-packages_PyQt6 --> node_venv_lib_python3_12_site-packages_PyQt6_Qt6["Qt6"]\n    node_venv_lib_python3_12_site-packages_PyQt6_Qt6 --> node_venv_lib_python3_12_site-packages_PyQt6_Qt6_qml["qml"]\n    node_venv_lib_python3_12_site-packages_PyQt6_Qt6_qml --> node_venv_lib_python3_12_site-packages_PyQt6_Qt6_qml_QtQuick["QtQuick"]\n    node_venv_lib_python3_12_site-packages_PyQt6_Qt6_qml_QtQuick --> node_venv_lib_python3_12_site-packages_PyQt6_Qt6_qml_QtQuick_Controls["Controls"]\n    node_venv_lib_python3_12_site-packages_PyQt6_Qt6_qml_QtQuick_Controls --> node_venv_lib_python3_12_site-packages_PyQt6_Qt6_qml_QtQuick_Controls_macOS["macOS"]\n    node_venv_lib_python3_12_site-packages_PyQt6_Qt6_qml_QtQuick_Controls_macOS --> node_venv_lib_python3_12_site-packages_PyQt6_Qt6_qml_QtQuick_Controls_macOS_impl["impl"]\n    node_venv_lib_python3_12_site-packages_PyQt6_Qt6_qml_QtQuick_Controls_macOS_impl --> node_venv_lib_python3_12_site-packages_PyQt6_Qt6_qml_QtQuick_Controls_macOS_impl_CheckIndicator_qml["CheckIndicator.qml"]\n    Root --> node_venv["venv"]\n    node_venv --> node_venv_lib["lib"]\n    node_venv_lib --> node_venv_lib_python3_12["python3.12"]\n    node_venv_lib_python3_12 --> node_venv_lib_python3_12_site-packages["site-packages"]\n    node_venv_lib_python3_12_site-packages --> node_venv_lib_python3_12_site-packages_PyQt6["PyQt6"]\n    node_venv_lib_python3_12_site-packages_PyQt6 --> node_venv_lib_python3_12_site-packages_PyQt6_Qt6["Qt6"]\n    node_venv_lib_python3_12_site-packages_PyQt6_Qt6 --> node_venv_lib_python3_12_site-packages_PyQt6_Qt6_qml["qml"]\n    node_venv_lib_python3_12_site-packages_PyQt6_Qt6_qml --> node_venv_lib_python3_12_site-packages_PyQt6_Qt6_qml_QtQuick["QtQuick"]\n    node_venv_lib_python3_12_site-packages_PyQt6_Qt6_qml_QtQuick --> node_venv_lib_python3_12_site-packages_PyQt6_Qt6_qml_QtQuick_Controls["Controls"]\n    node_venv_lib_python3_12_site-packages_PyQt6_Qt6_qml_QtQuick_Controls --> node_venv_lib_python3_12_site-packages_PyQt6_Qt6_qml_QtQuick_Controls_macOS["macOS"]\n    node_venv_lib_python3_12_site-packages_PyQt6_Qt6_qml_QtQuick_Controls_macOS --> node_venv_lib_python3_12_site-packages_PyQt6_Qt6_qml_QtQuick_Controls_macOS_impl["impl"]\n    node_venv_lib_python3_12_site-packages_PyQt6_Qt6_qml_QtQuick_Controls_macOS_impl --> node_venv_lib_python3_12_site-packages_PyQt6_Qt6_qml_QtQuick_Controls_macOS_impl_QuickControls2MacOSStyleImpl_qmltypes["QuickControls2MacOSStyleImpl.qmltypes"]\n    Root --> node_venv["venv"]\n    node_venv --> node_venv_lib["lib"]\n    node_venv_lib --> node_venv_lib_python3_12["python3.12"]\n    node_venv_lib_python3_12 --> node_venv_lib_python3_12_site-packages["site-packages"]\n    node_venv_lib_python3_12_site-packages --> node_venv_lib_python3_12_site-packages_PyQt6["PyQt6"]\n    node_venv_lib_python3_12_site-packages_PyQt6 --> node_venv_lib_python3_12_site-packages_PyQt6_Qt6["Qt6"]\n    node_venv_lib_python3_12_site-packages_PyQt6_Qt6 --> node_venv_lib_python3_12_site-packages_PyQt6_Qt6_qml["qml"]\n    node_venv_lib_python3_12_site-packages_PyQt6_Qt6_qml --> node_venv_lib_python3_12_site-packages_PyQt6_Qt6_qml_QtQuick["QtQuick"]\n    node_venv_lib_python3_12_site-packages_PyQt6_Qt6_qml_QtQuick --> node_venv_lib_python3_12_site-packages_PyQt6_Qt6_qml_QtQuick_Controls["Controls"]\n    node_venv_lib_python3_12_site-packages_PyQt6_Qt6_qml_QtQuick_Controls --> node_venv_lib_python3_12_site-packages_PyQt6_Qt6_qml_QtQuick_Controls_macOS["macOS"]\n    node_venv_lib_python3_12_site-packages_PyQt6_Qt6_qml_QtQuick_Controls_macOS --> node_venv_lib_python3_12_site-packages_PyQt6_Qt6_qml_QtQuick_Controls_macOS_impl["impl"]\n    node_venv_lib_python3_12_site-packages_PyQt6_Qt6_qml_QtQuick_Controls_macOS_impl --> node_venv_lib_python3_12_site-packages_PyQt6_Qt6_qml_QtQuick_Controls_macOS_impl_SliderHandle_qml["SliderHandle.qml"]\n    Root --> node_venv["venv"]\n    node_venv --> node_venv_lib["lib"]\n    node_venv_lib --> node_venv_lib_python3_12["python3.12"]\n    node_venv_lib_python3_12 --> node_venv_lib_python3_12_site-packages["site-packages"]\n    node_venv_lib_python3_12_site-packages --> node_venv_lib_python3_12_site-packages_PyQt6["PyQt6"]\n    node_venv_lib_python3_12_site-packages_PyQt6 --> node_venv_lib_python3_12_site-packages_PyQt6_Qt6["Qt6"]\n    node_venv_lib_python3_12_site-packages_PyQt6_Qt6 --> node_venv_lib_python3_12_site-packages_PyQt6_Qt6_qml["qml"]\n    node_venv_lib_python3_12_site-packages_PyQt6_Qt6_qml --> node_venv_lib_python3_12_site-packages_PyQt6_Qt6_qml_QtQuick["QtQuick"]\n    node_venv_lib_python3_12_site-packages_PyQt6_Qt6_qml_QtQuick --> node_venv_lib_python3_12_site-packages_PyQt6_Qt6_qml_QtQuick_Controls["Controls"]\n    node_venv_lib_python3_12_site-packages_PyQt6_Qt6_qml_QtQuick_Controls --> node_venv_lib_python3_12_site-packages_PyQt6_Qt6_qml_QtQuick_Controls_macOS["macOS"]\n    node_venv_lib_python3_12_site-packages_PyQt6_Qt6_qml_QtQuick_Controls_macOS --> node_venv_lib_python3_12_site-packages_PyQt6_Qt6_qml_QtQuick_Controls_macOS_impl["impl"]\n    node_venv_lib_python3_12_site-packages_PyQt6_Qt6_qml_QtQuick_Controls_macOS_impl --> node_venv_lib_python3_12_site-packages_PyQt6_Qt6_qml_QtQuick_Controls_macOS_impl_SwitchHandle_qml["SwitchHandle.qml"]\n    Root --> node_venv["venv"]\n    node_venv --> node_venv_lib["lib"]\n    node_venv_lib --> node_venv_lib_python3_12["python3.12"]\n    node_venv_lib_python3_12 --> node_venv_lib_python3_12_site-packages["site-packages"]\n    node_venv_lib_python3_12_site-packages --> node_venv_lib_python3_12_site-packages_PyQt6["PyQt6"]\n    node_venv_lib_python3_12_site-packages_PyQt6 --> node_venv_lib_python3_12_site-packages_PyQt6_Qt6["Qt6"]\n    node_venv_lib_python3_12_site-packages_PyQt6_Qt6 --> node_venv_lib_python3_12_site-packages_PyQt6_Qt6_qml["qml"]\n    node_venv_lib_python3_12_site-packages_PyQt6_Qt6_qml --> node_venv_lib_python3_12_site-packages_PyQt6_Qt6_qml_QtQuick["QtQuick"]\n    node_venv_lib_python3_12_site-packages_PyQt6_Qt6_qml_QtQuick --> node_venv_lib_python3_12_site-packages_PyQt6_Qt6_qml_QtQuick_Controls["Controls"]\n    node_venv_lib_python3_12_site-packages_PyQt6_Qt6_qml_QtQuick_Controls --> node_venv_lib_python3_12_site-packages_PyQt6_Qt6_qml_QtQuick_Controls_macOS["macOS"]\n    node_venv_lib_python3_12_site-packages_PyQt6_Qt6_qml_QtQuick_Controls_macOS --> node_venv_lib_python3_12_site-packages_PyQt6_Qt6_qml_QtQuick_Controls_macOS_impl["impl"]\n    node_venv_lib_python3_12_site-packages_PyQt6_Qt6_qml_QtQuick_Controls_macOS_impl --> node_venv_lib_python3_12_site-packages_PyQt6_Qt6_qml_QtQuick_Controls_macOS_impl_SwitchIndicator_qml["SwitchIndicator.qml"]\n    Root --> node_venv["venv"]\n    node_venv --> node_venv_lib["lib"]\n    node_venv_lib --> node_venv_lib_python3_12["python3.12"]\n    node_venv_lib_python3_12 --> node_venv_lib_python3_12_site-packages["site-packages"]\n    node_venv_lib_python3_12_site-packages --> node_venv_lib_python3_12_site-packages_PyQt6["PyQt6"]\n    node_venv_lib_python3_12_site-packages_PyQt6 --> node_venv_lib_python3_12_site-packages_PyQt6_Qt6["Qt6"]\n    node_venv_lib_python3_12_site-packages_PyQt6_Qt6 --> node_venv_lib_python3_12_site-packages_PyQt6_Qt6_qml["qml"]\n    node_venv_lib_python3_12_site-packages_PyQt6_Qt6_qml --> node_venv_lib_python3_12_site-packages_PyQt6_Qt6_qml_QtQuick["QtQuick"]\n    node_venv_lib_python3_12_site-packages_PyQt6_Qt6_qml_QtQuick --> node_venv_lib_python3_12_site-packages_PyQt6_Qt6_qml_QtQuick_Controls["Controls"]\n    node_venv_lib_python3_12_site-packages_PyQt6_Qt6_qml_QtQuick_Controls --> node_venv_lib_python3_12_site-packages_PyQt6_Qt6_qml_QtQuick_Controls_macOS["macOS"]\n    node_venv_lib_python3_12_site-packages_PyQt6_Qt6_qml_QtQuick_Controls_macOS --> node_venv_lib_python3_12_site-packages_PyQt6_Qt6_qml_QtQuick_Controls_macOS_impl["impl"]\n    node_venv_lib_python3_12_site-packages_PyQt6_Qt6_qml_QtQuick_Controls_macOS_impl --> node_venv_lib_python3_12_site-packages_PyQt6_Qt6_qml_QtQuick_Controls_macOS_impl_libqtquickcontrols2macosstyleimplplugin_dylib["libqtquickcontrols2macosstyleimplplugin.dylib"]\n    Root --> node_venv["venv"]\n    node_venv --> node_venv_lib["lib"]\n    node_venv_lib --> node_venv_lib_python3_12["python3.12"]\n    node_venv_lib_python3_12 --> node_venv_lib_python3_12_site-packages["site-packages"]\n    node_venv_lib_python3_12_site-packages --> node_venv_lib_python3_12_site-packages_PyQt6["PyQt6"]\n    node_venv_lib_python3_12_site-packages_PyQt6 --> node_venv_lib_python3_12_site-packages_PyQt6_Qt6["Qt6"]\n    node_venv_lib_python3_12_site-packages_PyQt6_Qt6 --> node_venv_lib_python3_12_site-packages_PyQt6_Qt6_qml["qml"]\n    node_venv_lib_python3_12_site-packages_PyQt6_Qt6_qml --> node_venv_lib_python3_12_site-packages_PyQt6_Qt6_qml_QtQuick["QtQuick"]\n    node_venv_lib_python3_12_site-packages_PyQt6_Qt6_qml_QtQuick --> node_venv_lib_python3_12_site-packages_PyQt6_Qt6_qml_QtQuick_Controls["Controls"]\n    node_venv_lib_python3_12_site-packages_PyQt6_Qt6_qml_QtQuick_Controls --> node_venv_lib_python3_12_site-packages_PyQt6_Qt6_qml_QtQuick_Controls_macOS["macOS"]\n    node_venv_lib_python3_12_site-packages_PyQt6_Qt6_qml_QtQuick_Controls_macOS --> node_venv_lib_python3_12_site-packages_PyQt6_Qt6_qml_QtQuick_Controls_macOS_impl["impl"]\n    node_venv_lib_python3_12_site-packages_PyQt6_Qt6_qml_QtQuick_Controls_macOS_impl --> node_venv_lib_python3_12_site-packages_PyQt6_Qt6_qml_QtQuick_Controls_macOS_impl_qmldir["qmldir"]\n    Root --> node_venv["venv"]\n    node_venv --> node_venv_lib["lib"]\n    node_venv_lib --> node_venv_lib_python3_12["python3.12"]\n    node_venv_lib_python3_12 --> node_venv_lib_python3_12_site-packages["site-packages"]\n    node_venv_lib_python3_12_site-packages --> node_venv_lib_python3_12_site-packages_PyQt6["PyQt6"]\n    node_venv_lib_python3_12_site-packages_PyQt6 --> node_venv_lib_python3_12_site-packages_PyQt6_Qt6["Qt6"]\n    node_venv_lib_python3_12_site-packages_PyQt6_Qt6 --> node_venv_lib_python3_12_site-packages_PyQt6_Qt6_qml["qml"]\n    node_venv_lib_python3_12_site-packages_PyQt6_Qt6_qml --> node_venv_lib_python3_12_site-packages_PyQt6_Qt6_qml_QtQuick["QtQuick"]\n    node_venv_lib_python3_12_site-packages_PyQt6_Qt6_qml_QtQuick --> node_venv_lib_python3_12_site-packages_PyQt6_Qt6_qml_QtQuick_Controls["Controls"]\n    node_venv_lib_python3_12_site-packages_PyQt6_Qt6_qml_QtQuick_Controls --> node_venv_lib_python3_12_site-packages_PyQt6_Qt6_qml_QtQuick_Controls_macOS["macOS"]\n    node_venv_lib_python3_12_site-packages_PyQt6_Qt6_qml_QtQuick_Controls_macOS --> node_venv_lib_python3_12_site-packages_PyQt6_Qt6_qml_QtQuick_Controls_macOS_images["images"]\n    node_venv_lib_python3_12_site-packages_PyQt6_Qt6_qml_QtQuick_Controls_macOS_images --> node_venv_lib_python3_12_site-packages_PyQt6_Qt6_qml_QtQuick_Controls_macOS_images_busyindicator-dark_webp["busyindicator-dark.webp"]\n    Root --> node_venv["venv"]\n    node_venv --> node_venv_lib["lib"]\n    node_venv_lib --> node_venv_lib_python3_12["python3.12"]\n    node_venv_lib_python3_12 --> node_venv_lib_python3_12_site-packages["site-packages"]\n    node_venv_lib_python3_12_site-packages --> node_venv_lib_python3_12_site-packages_PyQt6["PyQt6"]\n    node_venv_lib_python3_12_site-packages_PyQt6 --> node_venv_lib_python3_12_site-packages_PyQt6_Qt6["Qt6"]\n    node_venv_lib_python3_12_site-packages_PyQt6_Qt6 --> node_venv_lib_python3_12_site-packages_PyQt6_Qt6_qml["qml"]\n    node_venv_lib_python3_12_site-packages_PyQt6_Qt6_qml --> node_venv_lib_python3_12_site-packages_PyQt6_Qt6_qml_QtQuick["QtQuick"]\n    node_venv_lib_python3_12_site-packages_PyQt6_Qt6_qml_QtQuick --> node_venv_lib_python3_12_site-packages_PyQt6_Qt6_qml_QtQuick_Controls["Controls"]\n    node_venv_lib_python3_12_site-packages_PyQt6_Qt6_qml_QtQuick_Controls --> node_venv_lib_python3_12_site-packages_PyQt6_Qt6_qml_QtQuick_Controls_macOS["macOS"]\n    node_venv_lib_python3_12_site-packages_PyQt6_Qt6_qml_QtQuick_Controls_macOS --> node_venv_lib_python3_12_site-packages_PyQt6_Qt6_qml_QtQuick_Controls_macOS_images["images"]\n    node_venv_lib_python3_12_site-packages_PyQt6_Qt6_qml_QtQuick_Controls_macOS_images --> node_venv_lib_python3_12_site-packages_PyQt6_Qt6_qml_QtQuick_Controls_macOS_images_busyindicator-dark@2x_webp["busyindicator-dark@2x.webp"]\n    Root --> node_venv["venv"]\n    node_venv --> node_venv_lib["lib"]\n    node_venv_lib --> node_venv_lib_python3_12["python3.12"]\n    node_venv_lib_python3_12 --> node_venv_lib_python3_12_site-packages["site-packages"]\n    node_venv_lib_python3_12_site-packages --> node_venv_lib_python3_12_site-packages_PyQt6["PyQt6"]\n    node_venv_lib_python3_12_site-packages_PyQt6 --> node_venv_lib_python3_12_site-packages_PyQt6_Qt6["Qt6"]\n    node_venv_lib_python3_12_site-packages_PyQt6_Qt6 --> node_venv_lib_python3_12_site-packages_PyQt6_Qt6_qml["qml"]\n    node_venv_lib_python3_12_site-packages_PyQt6_Qt6_qml --> node_venv_lib_python3_12_site-packages_PyQt6_Qt6_qml_QtQuick["QtQuick"]\n    node_venv_lib_python3_12_site-packages_PyQt6_Qt6_qml_QtQuick --> node_venv_lib_python3_12_site-packages_PyQt6_Qt6_qml_QtQuick_Controls["Controls"]\n    node_venv_lib_python3_12_site-packages_PyQt6_Qt6_qml_QtQuick_Controls --> node_venv_lib_python3_12_site-packages_PyQt6_Qt6_qml_QtQuick_Controls_macOS["macOS"]\n    node_venv_lib_python3_12_site-packages_PyQt6_Qt6_qml_QtQuick_Controls_macOS --> node_venv_lib_python3_12_site-packages_PyQt6_Qt6_qml_QtQuick_Controls_macOS_images["images"]\n    node_venv_lib_python3_12_site-packages_PyQt6_Qt6_qml_QtQuick_Controls_macOS_images --> node_venv_lib_python3_12_site-packages_PyQt6_Qt6_qml_QtQuick_Controls_macOS_images_busyindicator-dark@3x_webp["busyindicator-dark@3x.webp"]\n    Root --> node_venv["venv"]\n    node_venv --> node_venv_lib["lib"]\n    node_venv_lib --> node_venv_lib_python3_12["python3.12"]\n    node_venv_lib_python3_12 --> node_venv_lib_python3_12_site-packages["site-packages"]\n    node_venv_lib_python3_12_site-packages --> node_venv_lib_python3_12_site-packages_PyQt6["PyQt6"]\n    node_venv_lib_python3_12_site-packages_PyQt6 --> node_venv_lib_python3_12_site-packages_PyQt6_Qt6["Qt6"]\n    node_venv_lib_python3_12_site-packages_PyQt6_Qt6 --> node_venv_lib_python3_12_site-packages_PyQt6_Qt6_qml["qml"]\n    node_venv_lib_python3_12_site-packages_PyQt6_Qt6_qml --> node_venv_lib_python3_12_site-packages_PyQt6_Qt6_qml_QtQuick["QtQuick"]\n    node_venv_lib_python3_12_site-packages_PyQt6_Qt6_qml_QtQuick --> node_venv_lib_python3_12_site-packages_PyQt6_Qt6_qml_QtQuick_Controls["Controls"]\n    node_venv_lib_python3_12_site-packages_PyQt6_Qt6_qml_QtQuick_Controls --> node_venv_lib_python3_12_site-packages_PyQt6_Qt6_qml_QtQuick_Controls_macOS["macOS"]\n    node_venv_lib_python3_12_site-packages_PyQt6_Qt6_qml_QtQuick_Controls_macOS --> node_venv_lib_python3_12_site-packages_PyQt6_Qt6_qml_QtQuick_Controls_macOS_images["images"]\n    node_venv_lib_python3_12_site-packages_PyQt6_Qt6_qml_QtQuick_Controls_macOS_images --> node_venv_lib_python3_12_site-packages_PyQt6_Qt6_qml_QtQuick_Controls_macOS_images_busyindicator-light_webp["busyindicator-light.webp"]\n    Root --> node_venv["venv"]\n    node_venv --> node_venv_lib["lib"]\n    node_venv_lib --> node_venv_lib_python3_12["python3.12"]\n    node_venv_lib_python3_12 --> node_venv_lib_python3_12_site-packages["site-packages"]\n    node_venv_lib_python3_12_site-packages --> node_venv_lib_python3_12_site-packages_PyQt6["PyQt6"]\n    node_venv_lib_python3_12_site-packages_PyQt6 --> node_venv_lib_python3_12_site-packages_PyQt6_Qt6["Qt6"]\n    node_venv_lib_python3_12_site-packages_PyQt6_Qt6 --> node_venv_lib_python3_12_site-packages_PyQt6_Qt6_qml["qml"]\n    node_venv_lib_python3_12_site-packages_PyQt6_Qt6_qml --> node_venv_lib_python3_12_site-packages_PyQt6_Qt6_qml_QtQuick["QtQuick"]\n    node_venv_lib_python3_12_site-packages_PyQt6_Qt6_qml_QtQuick --> node_venv_lib_python3_12_site-packages_PyQt6_Qt6_qml_QtQuick_Controls["Controls"]\n    node_venv_lib_python3_12_site-packages_PyQt6_Qt6_qml_QtQuick_Controls --> node_venv_lib_python3_12_site-packages_PyQt6_Qt6_qml_QtQuick_Controls_macOS["macOS"]\n    node_venv_lib_python3_12_site-packages_PyQt6_Qt6_qml_QtQuick_Controls_macOS --> node_venv_lib_python3_12_site-packages_PyQt6_Qt6_qml_QtQuick_Controls_macOS_images["images"]\n    node_venv_lib_python3_12_site-packages_PyQt6_Qt6_qml_QtQuick_Controls_macOS_images --> node_venv_lib_python3_12_site-packages_PyQt6_Qt6_qml_QtQuick_Controls_macOS_images_busyindicator-light@2x_webp["busyindicator-light@2x.webp"]\n    Root --> node_venv["venv"]\n    node_venv --> node_venv_lib["lib"]\n    node_venv_lib --> node_venv_lib_python3_12["python3.12"]\n    node_venv_lib_python3_12 --> node_venv_lib_python3_12_site-packages["site-packages"]\n    node_venv_lib_python3_12_site-packages --> node_venv_lib_python3_12_site-packages_PyQt6["PyQt6"]\n    node_venv_lib_python3_12_site-packages_PyQt6 --> node_venv_lib_python3_12_site-packages_PyQt6_Qt6["Qt6"]\n    node_venv_lib_python3_12_site-packages_PyQt6_Qt6 --> node_venv_lib_python3_12_site-packages_PyQt6_Qt6_qml["qml"]\n    node_venv_lib_python3_12_site-packages_PyQt6_Qt6_qml --> node_venv_lib_python3_12_site-packages_PyQt6_Qt6_qml_QtQuick["QtQuick"]\n    node_venv_lib_python3_12_site-packages_PyQt6_Qt6_qml_QtQuick --> node_venv_lib_python3_12_site-packages_PyQt6_Qt6_qml_QtQuick_Controls["Controls"]\n    node_venv_lib_python3_12_site-packages_PyQt6_Qt6_qml_QtQuick_Controls --> node_venv_lib_python3_12_site-packages_PyQt6_Qt6_qml_QtQuick_Controls_macOS["macOS"]\n    node_venv_lib_python3_12_site-packages_PyQt6_Qt6_qml_QtQuick_Controls_macOS --> node_venv_lib_python3_12_site-packages_PyQt6_Qt6_qml_QtQuick_Controls_macOS_images["images"]\n    node_venv_lib_python3_12_site-packages_PyQt6_Qt6_qml_QtQuick_Controls_macOS_images --> node_venv_lib_python3_12_site-packages_PyQt6_Qt6_qml_QtQuick_Controls_macOS_images_busyindicator-light@3x_webp["busyindicator-light@3x.webp"]\n    Root --> node_venv["venv"]\n    node_venv --> node_venv_lib["lib"]\n    node_venv_lib --> node_venv_lib_python3_12["python3.12"]\n    node_venv_lib_python3_12 --> node_venv_lib_python3_12_site-packages["site-packages"]\n    node_venv_lib_python3_12_site-packages --> node_venv_lib_python3_12_site-packages_PyQt6["PyQt6"]\n    node_venv_lib_python3_12_site-packages_PyQt6 --> node_venv_lib_python3_12_site-packages_PyQt6_Qt6["Qt6"]\n    node_venv_lib_python3_12_site-packages_PyQt6_Qt6 --> node_venv_lib_python3_12_site-packages_PyQt6_Qt6_qml["qml"]\n    node_venv_lib_python3_12_site-packages_PyQt6_Qt6_qml --> node_venv_lib_python3_12_site-packages_PyQt6_Qt6_qml_QtQuick["QtQuick"]\n    node_venv_lib_python3_12_site-packages_PyQt6_Qt6_qml_QtQuick --> node_venv_lib_python3_12_site-packages_PyQt6_Qt6_qml_QtQuick_Controls["Controls"]\n    node_venv_lib_python3_12_site-packages_PyQt6_Qt6_qml_QtQuick_Controls --> node_venv_lib_python3_12_site-packages_PyQt6_Qt6_qml_QtQuick_Controls_macOS["macOS"]\n    node_venv_lib_python3_12_site-packages_PyQt6_Qt6_qml_QtQuick_Controls_macOS --> node_venv_lib_python3_12_site-packages_PyQt6_Qt6_qml_QtQuick_Controls_macOS_images["images"]\n    node_venv_lib_python3_12_site-packages_PyQt6_Qt6_qml_QtQuick_Controls_macOS_images --> node_venv_lib_python3_12_site-packages_PyQt6_Qt6_qml_QtQuick_Controls_macOS_images_checkmark_png["checkmark.png"]\n    Root --> node_venv["venv"]\n    node_venv --> node_venv_lib["lib"]\n    node_venv_lib --> node_venv_lib_python3_12["python3.12"]\n    node_venv_lib_python3_12 --> node_venv_lib_python3_12_site-packages["site-packages"]\n    node_venv_lib_python3_12_site-packages --> node_venv_lib_python3_12_site-packages_PyQt6["PyQt6"]\n    node_venv_lib_python3_12_site-packages_PyQt6 --> node_venv_lib_python3_12_site-packages_PyQt6_Qt6["Qt6"]\n    node_venv_lib_python3_12_site-packages_PyQt6_Qt6 --> node_venv_lib_python3_12_site-packages_PyQt6_Qt6_qml["qml"]\n    node_venv_lib_python3_12_site-packages_PyQt6_Qt6_qml --> node_venv_lib_python3_12_site-packages_PyQt6_Qt6_qml_QtQuick["QtQuick"]\n    node_venv_lib_python3_12_site-packages_PyQt6_Qt6_qml_QtQuick --> node_venv_lib_python3_12_site-packages_PyQt6_Qt6_qml_QtQuick_Controls["Controls"]\n    node_venv_lib_python3_12_site-packages_PyQt6_Qt6_qml_QtQuick_Controls --> node_venv_lib_python3_12_site-packages_PyQt6_Qt6_qml_QtQuick_Controls_macOS["macOS"]\n    node_venv_lib_python3_12_site-packages_PyQt6_Qt6_qml_QtQuick_Controls_macOS --> node_venv_lib_python3_12_site-packages_PyQt6_Qt6_qml_QtQuick_Controls_macOS_images["images"]\n    node_venv_lib_python3_12_site-packages_PyQt6_Qt6_qml_QtQuick_Controls_macOS_images --> node_venv_lib_python3_12_site-packages_PyQt6_Qt6_qml_QtQuick_Controls_macOS_images_checkmark@2x_png["checkmark@2x.png"]\n    Root --> node_venv["venv"]\n    node_venv --> node_venv_lib["lib"]\n    node_venv_lib --> node_venv_lib_python3_12["python3.12"]\n    node_venv_lib_python3_12 --> node_venv_lib_python3_12_site-packages["site-packages"]\n    node_venv_lib_python3_12_site-packages --> node_venv_lib_python3_12_site-packages_PyQt6["PyQt6"]\n    node_venv_lib_python3_12_site-packages_PyQt6 --> node_venv_lib_python3_12_site-packages_PyQt6_Qt6["Qt6"]\n    node_venv_lib_python3_12_site-packages_PyQt6_Qt6 --> node_venv_lib_python3_12_site-packages_PyQt6_Qt6_qml["qml"]\n    node_venv_lib_python3_12_site-packages_PyQt6_Qt6_qml --> node_venv_lib_python3_12_site-packages_PyQt6_Qt6_qml_QtQuick["QtQuick"]\n    node_venv_lib_python3_12_site-packages_PyQt6_Qt6_qml_QtQuick --> node_venv_lib_python3_12_site-packages_PyQt6_Qt6_qml_QtQuick_Controls["Controls"]\n    node_venv_lib_python3_12_site-packages_PyQt6_Qt6_qml_QtQuick_Controls --> node_venv_lib_python3_12_site-packages_PyQt6_Qt6_qml_QtQuick_Controls_macOS["macOS"]\n    node_venv_lib_python3_12_site-packages_PyQt6_Qt6_qml_QtQuick_Controls_macOS --> node_venv_lib_python3_12_site-packages_PyQt6_Qt6_qml_QtQuick_Controls_macOS_images["images"]\n    node_venv_lib_python3_12_site-packages_PyQt6_Qt6_qml_QtQuick_Controls_macOS_images --> node_venv_lib_python3_12_site-packages_PyQt6_Qt6_qml_QtQuick_Controls_macOS_images_checkmark@3x_png["checkmark@3x.png"]\n    Root --> node_venv["venv"]\n    node_venv --> node_venv_lib["lib"]\n    node_venv_lib --> node_venv_lib_python3_12["python3.12"]\n    node_venv_lib_python3_12 --> node_venv_lib_python3_12_site-packages["site-packages"]\n    node_venv_lib_python3_12_site-packages --> node_venv_lib_python3_12_site-packages_PyQt6["PyQt6"]\n    node_venv_lib_python3_12_site-packages_PyQt6 --> node_venv_lib_python3_12_site-packages_PyQt6_Qt6["Qt6"]\n    node_venv_lib_python3_12_site-packages_PyQt6_Qt6 --> node_venv_lib_python3_12_site-packages_PyQt6_Qt6_qml["qml"]\n    node_venv_lib_python3_12_site-packages_PyQt6_Qt6_qml --> node_venv_lib_python3_12_site-packages_PyQt6_Qt6_qml_QtQuick["QtQuick"]\n    node_venv_lib_python3_12_site-packages_PyQt6_Qt6_qml_QtQuick --> node_venv_lib_python3_12_site-packages_PyQt6_Qt6_qml_QtQuick_Controls["Controls"]\n    node_venv_lib_python3_12_site-packages_PyQt6_Qt6_qml_QtQuick_Controls --> node_venv_lib_python3_12_site-packages_PyQt6_Qt6_qml_QtQuick_Controls_macOS["macOS"]\n    node_venv_lib_python3_12_site-packages_PyQt6_Qt6_qml_QtQuick_Controls_macOS --> node_venv_lib_python3_12_site-packages_PyQt6_Qt6_qml_QtQuick_Controls_macOS_images["images"]\n    node_venv_lib_python3_12_site-packages_PyQt6_Qt6_qml_QtQuick_Controls_macOS_images --> node_venv_lib_python3_12_site-packages_PyQt6_Qt6_qml_QtQuick_Controls_macOS_images_menuarrow_png["menuarrow.png"]\n    Root --> node_venv["venv"]\n    node_venv --> node_venv_lib["lib"]\n    node_venv_lib --> node_venv_lib_python3_12["python3.12"]\n    node_venv_lib_python3_12 --> node_venv_lib_python3_12_site-packages["site-packages"]\n    node_venv_lib_python3_12_site-packages --> node_venv_lib_python3_12_site-packages_PyQt6["PyQt6"]\n    node_venv_lib_python3_12_site-packages_PyQt6 --> node_venv_lib_python3_12_site-packages_PyQt6_Qt6["Qt6"]\n    node_venv_lib_python3_12_site-packages_PyQt6_Qt6 --> node_venv_lib_python3_12_site-packages_PyQt6_Qt6_qml["qml"]\n    node_venv_lib_python3_12_site-packages_PyQt6_Qt6_qml --> node_venv_lib_python3_12_site-packages_PyQt6_Qt6_qml_QtQuick["QtQuick"]\n    node_venv_lib_python3_12_site-packages_PyQt6_Qt6_qml_QtQuick --> node_venv_lib_python3_12_site-packages_PyQt6_Qt6_qml_QtQuick_Controls["Controls"]\n    node_venv_lib_python3_12_site-packages_PyQt6_Qt6_qml_QtQuick_Controls --> node_venv_lib_python3_12_site-packages_PyQt6_Qt6_qml_QtQuick_Controls_macOS["macOS"]\n    node_venv_lib_python3_12_site-packages_PyQt6_Qt6_qml_QtQuick_Controls_macOS --> node_venv_lib_python3_12_site-packages_PyQt6_Qt6_qml_QtQuick_Controls_macOS_images["images"]\n    node_venv_lib_python3_12_site-packages_PyQt6_Qt6_qml_QtQuick_Controls_macOS_images --> node_venv_lib_python3_12_site-packages_PyQt6_Qt6_qml_QtQuick_Controls_macOS_images_menuarrow@2x_png["menuarrow@2x.png"]\n    Root --> node_venv["venv"]\n    node_venv --> node_venv_lib["lib"]\n    node_venv_lib --> node_venv_lib_python3_12["python3.12"]\n    node_venv_lib_python3_12 --> node_venv_lib_python3_12_site-packages["site-packages"]\n    node_venv_lib_python3_12_site-packages --> node_venv_lib_python3_12_site-packages_PyQt6["PyQt6"]\n    node_venv_lib_python3_12_site-packages_PyQt6 --> node_venv_lib_python3_12_site-packages_PyQt6_Qt6["Qt6"]\n    node_venv_lib_python3_12_site-packages_PyQt6_Qt6 --> node_venv_lib_python3_12_site-packages_PyQt6_Qt6_qml["qml"]\n    node_venv_lib_python3_12_site-packages_PyQt6_Qt6_qml --> node_venv_lib_python3_12_site-packages_PyQt6_Qt6_qml_QtQuick["QtQuick"]\n    node_venv_lib_python3_12_site-packages_PyQt6_Qt6_qml_QtQuick --> node_venv_lib_python3_12_site-packages_PyQt6_Qt6_qml_QtQuick_Controls["Controls"]\n    node_venv_lib_python3_12_site-packages_PyQt6_Qt6_qml_QtQuick_Controls --> node_venv_lib_python3_12_site-packages_PyQt6_Qt6_qml_QtQuick_Controls_macOS["macOS"]\n    node_venv_lib_python3_12_site-packages_PyQt6_Qt6_qml_QtQuick_Controls_macOS --> node_venv_lib_python3_12_site-packages_PyQt6_Qt6_qml_QtQuick_Controls_macOS_images["images"]\n    node_venv_lib_python3_12_site-packages_PyQt6_Qt6_qml_QtQuick_Controls_macOS_images --> node_venv_lib_python3_12_site-packages_PyQt6_Qt6_qml_QtQuick_Controls_macOS_images_menuarrow@3x_png["menuarrow@3x.png"]\n    Root --> node_venv["venv"]\n    node_venv --> node_venv_lib["lib"]\n    node_venv_lib --> node_venv_lib_python3_12["python3.12"]\n    node_venv_lib_python3_12 --> node_venv_lib_python3_12_site-packages["site-packages"]\n    node_venv_lib_python3_12_site-packages --> node_venv_lib_python3_12_site-packages_PyQt6["PyQt6"]\n    node_venv_lib_python3_12_site-packages_PyQt6 --> node_venv_lib_python3_12_site-packages_PyQt6_Qt6["Qt6"]\n    node_venv_lib_python3_12_site-packages_PyQt6_Qt6 --> node_venv_lib_python3_12_site-packages_PyQt6_Qt6_qml["qml"]\n    node_venv_lib_python3_12_site-packages_PyQt6_Qt6_qml --> node_venv_lib_python3_12_site-packages_PyQt6_Qt6_qml_QtQuick["QtQuick"]\n    node_venv_lib_python3_12_site-packages_PyQt6_Qt6_qml_QtQuick --> node_venv_lib_python3_12_site-packages_PyQt6_Qt6_qml_QtQuick_Controls["Controls"]\n    node_venv_lib_python3_12_site-packages_PyQt6_Qt6_qml_QtQuick_Controls --> node_venv_lib_python3_12_site-packages_PyQt6_Qt6_qml_QtQuick_Controls_Universal["Universal"]\n    node_venv_lib_python3_12_site-packages_PyQt6_Qt6_qml_QtQuick_Controls_Universal --> node_venv_lib_python3_12_site-packages_PyQt6_Qt6_qml_QtQuick_Controls_Universal_ApplicationWindow_qml["ApplicationWindow.qml"]\n    Root --> node_venv["venv"]\n    node_venv --> node_venv_lib["lib"]\n    node_venv_lib --> node_venv_lib_python3_12["python3.12"]\n    node_venv_lib_python3_12 --> node_venv_lib_python3_12_site-packages["site-packages"]\n    node_venv_lib_python3_12_site-packages --> node_venv_lib_python3_12_site-packages_PyQt6["PyQt6"]\n    node_venv_lib_python3_12_site-packages_PyQt6 --> node_venv_lib_python3_12_site-packages_PyQt6_Qt6["Qt6"]\n    node_venv_lib_python3_12_site-packages_PyQt6_Qt6 --> node_venv_lib_python3_12_site-packages_PyQt6_Qt6_qml["qml"]\n    node_venv_lib_python3_12_site-packages_PyQt6_Qt6_qml --> node_venv_lib_python3_12_site-packages_PyQt6_Qt6_qml_QtQuick["QtQuick"]\n    node_venv_lib_python3_12_site-packages_PyQt6_Qt6_qml_QtQuick --> node_venv_lib_python3_12_site-packages_PyQt6_Qt6_qml_QtQuick_Controls["Controls"]\n    node_venv_lib_python3_12_site-packages_PyQt6_Qt6_qml_QtQuick_Controls --> node_venv_lib_python3_12_site-packages_PyQt6_Qt6_qml_QtQuick_Controls_Universal["Universal"]\n    node_venv_lib_python3_12_site-packages_PyQt6_Qt6_qml_QtQuick_Controls_Universal --> node_venv_lib_python3_12_site-packages_PyQt6_Qt6_qml_QtQuick_Controls_Universal_BusyIndicator_qml["BusyIndicator.qml"]\n    Root --> node_venv["venv"]\n    node_venv --> node_venv_lib["lib"]\n    node_venv_lib --> node_venv_lib_python3_12["python3.12"]\n    node_venv_lib_python3_12 --> node_venv_lib_python3_12_site-packages["site-packages"]\n    node_venv_lib_python3_12_site-packages --> node_venv_lib_python3_12_site-packages_PyQt6["PyQt6"]\n    node_venv_lib_python3_12_site-packages_PyQt6 --> node_venv_lib_python3_12_site-packages_PyQt6_Qt6["Qt6"]\n    node_venv_lib_python3_12_site-packages_PyQt6_Qt6 --> node_venv_lib_python3_12_site-packages_PyQt6_Qt6_qml["qml"]\n    node_venv_lib_python3_12_site-packages_PyQt6_Qt6_qml --> node_venv_lib_python3_12_site-packages_PyQt6_Qt6_qml_QtQuick["QtQuick"]\n    node_venv_lib_python3_12_site-packages_PyQt6_Qt6_qml_QtQuick --> node_venv_lib_python3_12_site-packages_PyQt6_Qt6_qml_QtQuick_Controls["Controls"]\n    node_venv_lib_python3_12_site-packages_PyQt6_Qt6_qml_QtQuick_Controls --> node_venv_lib_python3_12_site-packages_PyQt6_Qt6_qml_QtQuick_Controls_Universal["Universal"]\n    node_venv_lib_python3_12_site-packages_PyQt6_Qt6_qml_QtQuick_Controls_Universal --> node_venv_lib_python3_12_site-packages_PyQt6_Qt6_qml_QtQuick_Controls_Universal_Button_qml["Button.qml"]\n    Root --> node_venv["venv"]\n    node_venv --> node_venv_lib["lib"]\n    node_venv_lib --> node_venv_lib_python3_12["python3.12"]\n    node_venv_lib_python3_12 --> node_venv_lib_python3_12_site-packages["site-packages"]\n    node_venv_lib_python3_12_site-packages --> node_venv_lib_python3_12_site-packages_PyQt6["PyQt6"]\n    node_venv_lib_python3_12_site-packages_PyQt6 --> node_venv_lib_python3_12_site-packages_PyQt6_Qt6["Qt6"]\n    node_venv_lib_python3_12_site-packages_PyQt6_Qt6 --> node_venv_lib_python3_12_site-packages_PyQt6_Qt6_qml["qml"]\n    node_venv_lib_python3_12_site-packages_PyQt6_Qt6_qml --> node_venv_lib_python3_12_site-packages_PyQt6_Qt6_qml_QtQuick["QtQuick"]\n    node_venv_lib_python3_12_site-packages_PyQt6_Qt6_qml_QtQuick --> node_venv_lib_python3_12_site-packages_PyQt6_Qt6_qml_QtQuick_Controls["Controls"]\n    node_venv_lib_python3_12_site-packages_PyQt6_Qt6_qml_QtQuick_Controls --> node_venv_lib_python3_12_site-packages_PyQt6_Qt6_qml_QtQuick_Controls_Universal["Universal"]\n    node_venv_lib_python3_12_site-packages_PyQt6_Qt6_qml_QtQuick_Controls_Universal --> node_venv_lib_python3_12_site-packages_PyQt6_Qt6_qml_QtQuick_Controls_Universal_CheckBox_qml["CheckBox.qml"]\n    Root --> node_venv["venv"]\n    node_venv --> node_venv_lib["lib"]\n    node_venv_lib --> node_venv_lib_python3_12["python3.12"]\n    node_venv_lib_python3_12 --> node_venv_lib_python3_12_site-packages["site-packages"]\n    node_venv_lib_python3_12_site-packages --> node_venv_lib_python3_12_site-packages_PyQt6["PyQt6"]\n    node_venv_lib_python3_12_site-packages_PyQt6 --> node_venv_lib_python3_12_site-packages_PyQt6_Qt6["Qt6"]\n    node_venv_lib_python3_12_site-packages_PyQt6_Qt6 --> node_venv_lib_python3_12_site-packages_PyQt6_Qt6_qml["qml"]\n    node_venv_lib_python3_12_site-packages_PyQt6_Qt6_qml --> node_venv_lib_python3_12_site-packages_PyQt6_Qt6_qml_QtQuick["QtQuick"]\n    node_venv_lib_python3_12_site-packages_PyQt6_Qt6_qml_QtQuick --> node_venv_lib_python3_12_site-packages_PyQt6_Qt6_qml_QtQuick_Controls["Controls"]\n    node_venv_lib_python3_12_site-packages_PyQt6_Qt6_qml_QtQuick_Controls --> node_venv_lib_python3_12_site-packages_PyQt6_Qt6_qml_QtQuick_Controls_Universal["Universal"]\n    node_venv_lib_python3_12_site-packages_PyQt6_Qt6_qml_QtQuick_Controls_Universal --> node_venv_lib_python3_12_site-packages_PyQt6_Qt6_qml_QtQuick_Controls_Universal_CheckDelegate_qml["CheckDelegate.qml"]\n    Root --> node_venv["venv"]\n    node_venv --> node_venv_lib["lib"]\n    node_venv_lib --> node_venv_lib_python3_12["python3.12"]\n    node_venv_lib_python3_12 --> node_venv_lib_python3_12_site-packages["site-packages"]\n    node_venv_lib_python3_12_site-packages --> node_venv_lib_python3_12_site-packages_PyQt6["PyQt6"]\n    node_venv_lib_python3_12_site-packages_PyQt6 --> node_venv_lib_python3_12_site-packages_PyQt6_Qt6["Qt6"]\n    node_venv_lib_python3_12_site-packages_PyQt6_Qt6 --> node_venv_lib_python3_12_site-packages_PyQt6_Qt6_qml["qml"]\n    node_venv_lib_python3_12_site-packages_PyQt6_Qt6_qml --> node_venv_lib_python3_12_site-packages_PyQt6_Qt6_qml_QtQuick["QtQuick"]\n    node_venv_lib_python3_12_site-packages_PyQt6_Qt6_qml_QtQuick --> node_venv_lib_python3_12_site-packages_PyQt6_Qt6_qml_QtQuick_Controls["Controls"]\n    node_venv_lib_python3_12_site-packages_PyQt6_Qt6_qml_QtQuick_Controls --> node_venv_lib_python3_12_site-packages_PyQt6_Qt6_qml_QtQuick_Controls_Universal["Universal"]\n    node_venv_lib_python3_12_site-packages_PyQt6_Qt6_qml_QtQuick_Controls_Universal --> node_venv_lib_python3_12_site-packages_PyQt6_Qt6_qml_QtQuick_Controls_Universal_ComboBox_qml["ComboBox.qml"]\n    Root --> node_venv["venv"]\n    node_venv --> node_venv_lib["lib"]\n    node_venv_lib --> node_venv_lib_python3_12["python3.12"]\n    node_venv_lib_python3_12 --> node_venv_lib_python3_12_site-packages["site-packages"]\n    node_venv_lib_python3_12_site-packages --> node_venv_lib_python3_12_site-packages_PyQt6["PyQt6"]\n    node_venv_lib_python3_12_site-packages_PyQt6 --> node_venv_lib_python3_12_site-packages_PyQt6_Qt6["Qt6"]\n    node_venv_lib_python3_12_site-packages_PyQt6_Qt6 --> node_venv_lib_python3_12_site-packages_PyQt6_Qt6_qml["qml"]\n    node_venv_lib_python3_12_site-packages_PyQt6_Qt6_qml --> node_venv_lib_python3_12_site-packages_PyQt6_Qt6_qml_QtQuick["QtQuick"]\n    node_venv_lib_python3_12_site-packages_PyQt6_Qt6_qml_QtQuick --> node_venv_lib_python3_12_site-packages_PyQt6_Qt6_qml_QtQuick_Controls["Controls"]\n    node_venv_lib_python3_12_site-packages_PyQt6_Qt6_qml_QtQuick_Controls --> node_venv_lib_python3_12_site-packages_PyQt6_Qt6_qml_QtQuick_Controls_Universal["Universal"]\n    node_venv_lib_python3_12_site-packages_PyQt6_Qt6_qml_QtQuick_Controls_Universal --> node_venv_lib_python3_12_site-packages_PyQt6_Qt6_qml_QtQuick_Controls_Universal_DelayButton_qml["DelayButton.qml"]\n    Root --> node_venv["venv"]\n    node_venv --> node_venv_lib["lib"]\n    node_venv_lib --> node_venv_lib_python3_12["python3.12"]\n    node_venv_lib_python3_12 --> node_venv_lib_python3_12_site-packages["site-packages"]\n    node_venv_lib_python3_12_site-packages --> node_venv_lib_python3_12_site-packages_PyQt6["PyQt6"]\n    node_venv_lib_python3_12_site-packages_PyQt6 --> node_venv_lib_python3_12_site-packages_PyQt6_Qt6["Qt6"]\n    node_venv_lib_python3_12_site-packages_PyQt6_Qt6 --> node_venv_lib_python3_12_site-packages_PyQt6_Qt6_qml["qml"]\n    node_venv_lib_python3_12_site-packages_PyQt6_Qt6_qml --> node_venv_lib_python3_12_site-packages_PyQt6_Qt6_qml_QtQuick["QtQuick"]\n    node_venv_lib_python3_12_site-packages_PyQt6_Qt6_qml_QtQuick --> node_venv_lib_python3_12_site-packages_PyQt6_Qt6_qml_QtQuick_Controls["Controls"]\n    node_venv_lib_python3_12_site-packages_PyQt6_Qt6_qml_QtQuick_Controls --> node_venv_lib_python3_12_site-packages_PyQt6_Qt6_qml_QtQuick_Controls_Universal["Universal"]\n    node_venv_lib_python3_12_site-packages_PyQt6_Qt6_qml_QtQuick_Controls_Universal --> node_venv_lib_python3_12_site-packages_PyQt6_Qt6_qml_QtQuick_Controls_Universal_Dial_qml["Dial.qml"]\n    Root --> node_venv["venv"]\n    node_venv --> node_venv_lib["lib"]\n    node_venv_lib --> node_venv_lib_python3_12["python3.12"]\n    node_venv_lib_python3_12 --> node_venv_lib_python3_12_site-packages["site-packages"]\n    node_venv_lib_python3_12_site-packages --> node_venv_lib_python3_12_site-packages_PyQt6["PyQt6"]\n    node_venv_lib_python3_12_site-packages_PyQt6 --> node_venv_lib_python3_12_site-packages_PyQt6_Qt6["Qt6"]\n    node_venv_lib_python3_12_site-packages_PyQt6_Qt6 --> node_venv_lib_python3_12_site-packages_PyQt6_Qt6_qml["qml"]\n    node_venv_lib_python3_12_site-packages_PyQt6_Qt6_qml --> node_venv_lib_python3_12_site-packages_PyQt6_Qt6_qml_QtQuick["QtQuick"]\n    node_venv_lib_python3_12_site-packages_PyQt6_Qt6_qml_QtQuick --> node_venv_lib_python3_12_site-packages_PyQt6_Qt6_qml_QtQuick_Controls["Controls"]\n    node_venv_lib_python3_12_site-packages_PyQt6_Qt6_qml_QtQuick_Controls --> node_venv_lib_python3_12_site-packages_PyQt6_Qt6_qml_QtQuick_Controls_Universal["Universal"]\n    node_venv_lib_python3_12_site-packages_PyQt6_Qt6_qml_QtQuick_Controls_Universal --> node_venv_lib_python3_12_site-packages_PyQt6_Qt6_qml_QtQuick_Controls_Universal_Dialog_qml["Dialog.qml"]\n    Root --> node_venv["venv"]\n    node_venv --> node_venv_lib["lib"]\n    node_venv_lib --> node_venv_lib_python3_12["python3.12"]\n    node_venv_lib_python3_12 --> node_venv_lib_python3_12_site-packages["site-packages"]\n    node_venv_lib_python3_12_site-packages --> node_venv_lib_python3_12_site-packages_PyQt6["PyQt6"]\n    node_venv_lib_python3_12_site-packages_PyQt6 --> node_venv_lib_python3_12_site-packages_PyQt6_Qt6["Qt6"]\n    node_venv_lib_python3_12_site-packages_PyQt6_Qt6 --> node_venv_lib_python3_12_site-packages_PyQt6_Qt6_qml["qml"]\n    node_venv_lib_python3_12_site-packages_PyQt6_Qt6_qml --> node_venv_lib_python3_12_site-packages_PyQt6_Qt6_qml_QtQuick["QtQuick"]\n    node_venv_lib_python3_12_site-packages_PyQt6_Qt6_qml_QtQuick --> node_venv_lib_python3_12_site-packages_PyQt6_Qt6_qml_QtQuick_Controls["Controls"]\n    node_venv_lib_python3_12_site-packages_PyQt6_Qt6_qml_QtQuick_Controls --> node_venv_lib_python3_12_site-packages_PyQt6_Qt6_qml_QtQuick_Controls_Universal["Universal"]\n    node_venv_lib_python3_12_site-packages_PyQt6_Qt6_qml_QtQuick_Controls_Universal --> node_venv_lib_python3_12_site-packages_PyQt6_Qt6_qml_QtQuick_Controls_Universal_DialogButtonBox_qml["DialogButtonBox.qml"]\n    Root --> node_venv["venv"]\n    node_venv --> node_venv_lib["lib"]\n    node_venv_lib --> node_venv_lib_python3_12["python3.12"]\n    node_venv_lib_python3_12 --> node_venv_lib_python3_12_site-packages["site-packages"]\n    node_venv_lib_python3_12_site-packages --> node_venv_lib_python3_12_site-packages_PyQt6["PyQt6"]\n    node_venv_lib_python3_12_site-packages_PyQt6 --> node_venv_lib_python3_12_site-packages_PyQt6_Qt6["Qt6"]\n    node_venv_lib_python3_12_site-packages_PyQt6_Qt6 --> node_venv_lib_python3_12_site-packages_PyQt6_Qt6_qml["qml"]\n    node_venv_lib_python3_12_site-packages_PyQt6_Qt6_qml --> node_venv_lib_python3_12_site-packages_PyQt6_Qt6_qml_QtQuick["QtQuick"]\n    node_venv_lib_python3_12_site-packages_PyQt6_Qt6_qml_QtQuick --> node_venv_lib_python3_12_site-packages_PyQt6_Qt6_qml_QtQuick_Controls["Controls"]\n    node_venv_lib_python3_12_site-packages_PyQt6_Qt6_qml_QtQuick_Controls --> node_venv_lib_python3_12_site-packages_PyQt6_Qt6_qml_QtQuick_Controls_Universal["Universal"]\n    node_venv_lib_python3_12_site-packages_PyQt6_Qt6_qml_QtQuick_Controls_Universal --> node_venv_lib_python3_12_site-packages_PyQt6_Qt6_qml_QtQuick_Controls_Universal_Drawer_qml["Drawer.qml"]\n    Root --> node_venv["venv"]\n    node_venv --> node_venv_lib["lib"]\n    node_venv_lib --> node_venv_lib_python3_12["python3.12"]\n    node_venv_lib_python3_12 --> node_venv_lib_python3_12_site-packages["site-packages"]\n    node_venv_lib_python3_12_site-packages --> node_venv_lib_python3_12_site-packages_PyQt6["PyQt6"]\n    node_venv_lib_python3_12_site-packages_PyQt6 --> node_venv_lib_python3_12_site-packages_PyQt6_Qt6["Qt6"]\n    node_venv_lib_python3_12_site-packages_PyQt6_Qt6 --> node_venv_lib_python3_12_site-packages_PyQt6_Qt6_qml["qml"]\n    node_venv_lib_python3_12_site-packages_PyQt6_Qt6_qml --> node_venv_lib_python3_12_site-packages_PyQt6_Qt6_qml_QtQuick["QtQuick"]\n    node_venv_lib_python3_12_site-packages_PyQt6_Qt6_qml_QtQuick --> node_venv_lib_python3_12_site-packages_PyQt6_Qt6_qml_QtQuick_Controls["Controls"]\n    node_venv_lib_python3_12_site-packages_PyQt6_Qt6_qml_QtQuick_Controls --> node_venv_lib_python3_12_site-packages_PyQt6_Qt6_qml_QtQuick_Controls_Universal["Universal"]\n    node_venv_lib_python3_12_site-packages_PyQt6_Qt6_qml_QtQuick_Controls_Universal --> node_venv_lib_python3_12_site-packages_PyQt6_Qt6_qml_QtQuick_Controls_Universal_Frame_qml["Frame.qml"]\n    Root --> node_venv["venv"]\n    node_venv --> node_venv_lib["lib"]\n    node_venv_lib --> node_venv_lib_python3_12["python3.12"]\n    node_venv_lib_python3_12 --> node_venv_lib_python3_12_site-packages["site-packages"]\n    node_venv_lib_python3_12_site-packages --> node_venv_lib_python3_12_site-packages_PyQt6["PyQt6"]\n    node_venv_lib_python3_12_site-packages_PyQt6 --> node_venv_lib_python3_12_site-packages_PyQt6_Qt6["Qt6"]\n    node_venv_lib_python3_12_site-packages_PyQt6_Qt6 --> node_venv_lib_python3_12_site-packages_PyQt6_Qt6_qml["qml"]\n    node_venv_lib_python3_12_site-packages_PyQt6_Qt6_qml --> node_venv_lib_python3_12_site-packages_PyQt6_Qt6_qml_QtQuick["QtQuick"]\n    node_venv_lib_python3_12_site-packages_PyQt6_Qt6_qml_QtQuick --> node_venv_lib_python3_12_site-packages_PyQt6_Qt6_qml_QtQuick_Controls["Controls"]\n    node_venv_lib_python3_12_site-packages_PyQt6_Qt6_qml_QtQuick_Controls --> node_venv_lib_python3_12_site-packages_PyQt6_Qt6_qml_QtQuick_Controls_Universal["Universal"]\n    node_venv_lib_python3_12_site-packages_PyQt6_Qt6_qml_QtQuick_Controls_Universal --> node_venv_lib_python3_12_site-packages_PyQt6_Qt6_qml_QtQuick_Controls_Universal_GroupBox_qml["GroupBox.qml"]\n    Root --> node_venv["venv"]\n    node_venv --> node_venv_lib["lib"]\n    node_venv_lib --> node_venv_lib_python3_12["python3.12"]\n    node_venv_lib_python3_12 --> node_venv_lib_python3_12_site-packages["site-packages"]\n    node_venv_lib_python3_12_site-packages --> node_venv_lib_python3_12_site-packages_PyQt6["PyQt6"]\n    node_venv_lib_python3_12_site-packages_PyQt6 --> node_venv_lib_python3_12_site-packages_PyQt6_Qt6["Qt6"]\n    node_venv_lib_python3_12_site-packages_PyQt6_Qt6 --> node_venv_lib_python3_12_site-packages_PyQt6_Qt6_qml["qml"]\n    node_venv_lib_python3_12_site-packages_PyQt6_Qt6_qml --> node_venv_lib_python3_12_site-packages_PyQt6_Qt6_qml_QtQuick["QtQuick"]\n    node_venv_lib_python3_12_site-packages_PyQt6_Qt6_qml_QtQuick --> node_venv_lib_python3_12_site-packages_PyQt6_Qt6_qml_QtQuick_Controls["Controls"]\n    node_venv_lib_python3_12_site-packages_PyQt6_Qt6_qml_QtQuick_Controls --> node_venv_lib_python3_12_site-packages_PyQt6_Qt6_qml_QtQuick_Controls_Universal["Universal"]\n    node_venv_lib_python3_12_site-packages_PyQt6_Qt6_qml_QtQuick_Controls_Universal --> node_venv_lib_python3_12_site-packages_PyQt6_Qt6_qml_QtQuick_Controls_Universal_HorizontalHeaderView_qml["HorizontalHeaderView.qml"]\n    Root --> node_venv["venv"]\n    node_venv --> node_venv_lib["lib"]\n    node_venv_lib --> node_venv_lib_python3_12["python3.12"]\n    node_venv_lib_python3_12 --> node_venv_lib_python3_12_site-packages["site-packages"]\n    node_venv_lib_python3_12_site-packages --> node_venv_lib_python3_12_site-packages_PyQt6["PyQt6"]\n    node_venv_lib_python3_12_site-packages_PyQt6 --> node_venv_lib_python3_12_site-packages_PyQt6_Qt6["Qt6"]\n    node_venv_lib_python3_12_site-packages_PyQt6_Qt6 --> node_venv_lib_python3_12_site-packages_PyQt6_Qt6_qml["qml"]\n    node_venv_lib_python3_12_site-packages_PyQt6_Qt6_qml --> node_venv_lib_python3_12_site-packages_PyQt6_Qt6_qml_QtQuick["QtQuick"]\n    node_venv_lib_python3_12_site-packages_PyQt6_Qt6_qml_QtQuick --> node_venv_lib_python3_12_site-packages_PyQt6_Qt6_qml_QtQuick_Controls["Controls"]\n    node_venv_lib_python3_12_site-packages_PyQt6_Qt6_qml_QtQuick_Controls --> node_venv_lib_python3_12_site-packages_PyQt6_Qt6_qml_QtQuick_Controls_Universal["Universal"]\n    node_venv_lib_python3_12_site-packages_PyQt6_Qt6_qml_QtQuick_Controls_Universal --> node_venv_lib_python3_12_site-packages_PyQt6_Qt6_qml_QtQuick_Controls_Universal_HorizontalHeaderViewDelegate_qml["HorizontalHeaderViewDelegate.qml"]\n    Root --> node_venv["venv"]\n    node_venv --> node_venv_lib["lib"]\n    node_venv_lib --> node_venv_lib_python3_12["python3.12"]\n    node_venv_lib_python3_12 --> node_venv_lib_python3_12_site-packages["site-packages"]\n    node_venv_lib_python3_12_site-packages --> node_venv_lib_python3_12_site-packages_PyQt6["PyQt6"]\n    node_venv_lib_python3_12_site-packages_PyQt6 --> node_venv_lib_python3_12_site-packages_PyQt6_Qt6["Qt6"]\n    node_venv_lib_python3_12_site-packages_PyQt6_Qt6 --> node_venv_lib_python3_12_site-packages_PyQt6_Qt6_qml["qml"]\n    node_venv_lib_python3_12_site-packages_PyQt6_Qt6_qml --> node_venv_lib_python3_12_site-packages_PyQt6_Qt6_qml_QtQuick["QtQuick"]\n    node_venv_lib_python3_12_site-packages_PyQt6_Qt6_qml_QtQuick --> node_venv_lib_python3_12_site-packages_PyQt6_Qt6_qml_QtQuick_Controls["Controls"]\n    node_venv_lib_python3_12_site-packages_PyQt6_Qt6_qml_QtQuick_Controls --> node_venv_lib_python3_12_site-packages_PyQt6_Qt6_qml_QtQuick_Controls_Universal["Universal"]\n    node_venv_lib_python3_12_site-packages_PyQt6_Qt6_qml_QtQuick_Controls_Universal --> node_venv_lib_python3_12_site-packages_PyQt6_Qt6_qml_QtQuick_Controls_Universal_ItemDelegate_qml["ItemDelegate.qml"]\n    Root --> node_venv["venv"]\n    node_venv --> node_venv_lib["lib"]\n    node_venv_lib --> node_venv_lib_python3_12["python3.12"]\n    node_venv_lib_python3_12 --> node_venv_lib_python3_12_site-packages["site-packages"]\n    node_venv_lib_python3_12_site-packages --> node_venv_lib_python3_12_site-packages_PyQt6["PyQt6"]\n    node_venv_lib_python3_12_site-packages_PyQt6 --> node_venv_lib_python3_12_site-packages_PyQt6_Qt6["Qt6"]\n    node_venv_lib_python3_12_site-packages_PyQt6_Qt6 --> node_venv_lib_python3_12_site-packages_PyQt6_Qt6_qml["qml"]\n    node_venv_lib_python3_12_site-packages_PyQt6_Qt6_qml --> node_venv_lib_python3_12_site-packages_PyQt6_Qt6_qml_QtQuick["QtQuick"]\n    node_venv_lib_python3_12_site-packages_PyQt6_Qt6_qml_QtQuick --> node_venv_lib_python3_12_site-packages_PyQt6_Qt6_qml_QtQuick_Controls["Controls"]\n    node_venv_lib_python3_12_site-packages_PyQt6_Qt6_qml_QtQuick_Controls --> node_venv_lib_python3_12_site-packages_PyQt6_Qt6_qml_QtQuick_Controls_Universal["Universal"]\n    node_venv_lib_python3_12_site-packages_PyQt6_Qt6_qml_QtQuick_Controls_Universal --> node_venv_lib_python3_12_site-packages_PyQt6_Qt6_qml_QtQuick_Controls_Universal_Label_qml["Label.qml"]\n    Root --> node_venv["venv"]\n    node_venv --> node_venv_lib["lib"]\n    node_venv_lib --> node_venv_lib_python3_12["python3.12"]\n    node_venv_lib_python3_12 --> node_venv_lib_python3_12_site-packages["site-packages"]\n    node_venv_lib_python3_12_site-packages --> node_venv_lib_python3_12_site-packages_PyQt6["PyQt6"]\n    node_venv_lib_python3_12_site-packages_PyQt6 --> node_venv_lib_python3_12_site-packages_PyQt6_Qt6["Qt6"]\n    node_venv_lib_python3_12_site-packages_PyQt6_Qt6 --> node_venv_lib_python3_12_site-packages_PyQt6_Qt6_qml["qml"]\n    node_venv_lib_python3_12_site-packages_PyQt6_Qt6_qml --> node_venv_lib_python3_12_site-packages_PyQt6_Qt6_qml_QtQuick["QtQuick"]\n    node_venv_lib_python3_12_site-packages_PyQt6_Qt6_qml_QtQuick --> node_venv_lib_python3_12_site-packages_PyQt6_Qt6_qml_QtQuick_Controls["Controls"]\n    node_venv_lib_python3_12_site-packages_PyQt6_Qt6_qml_QtQuick_Controls --> node_venv_lib_python3_12_site-packages_PyQt6_Qt6_qml_QtQuick_Controls_Universal["Universal"]\n    node_venv_lib_python3_12_site-packages_PyQt6_Qt6_qml_QtQuick_Controls_Universal --> node_venv_lib_python3_12_site-packages_PyQt6_Qt6_qml_QtQuick_Controls_Universal_Menu_qml["Menu.qml"]\n    Root --> node_venv["venv"]\n    node_venv --> node_venv_lib["lib"]\n    node_venv_lib --> node_venv_lib_python3_12["python3.12"]\n    node_venv_lib_python3_12 --> node_venv_lib_python3_12_site-packages["site-packages"]\n    node_venv_lib_python3_12_site-packages --> node_venv_lib_python3_12_site-packages_PyQt6["PyQt6"]\n    node_venv_lib_python3_12_site-packages_PyQt6 --> node_venv_lib_python3_12_site-packages_PyQt6_Qt6["Qt6"]\n    node_venv_lib_python3_12_site-packages_PyQt6_Qt6 --> node_venv_lib_python3_12_site-packages_PyQt6_Qt6_qml["qml"]\n    node_venv_lib_python3_12_site-packages_PyQt6_Qt6_qml --> node_venv_lib_python3_12_site-packages_PyQt6_Qt6_qml_QtQuick["QtQuick"]\n    node_venv_lib_python3_12_site-packages_PyQt6_Qt6_qml_QtQuick --> node_venv_lib_python3_12_site-packages_PyQt6_Qt6_qml_QtQuick_Controls["Controls"]\n    node_venv_lib_python3_12_site-packages_PyQt6_Qt6_qml_QtQuick_Controls --> node_venv_lib_python3_12_site-packages_PyQt6_Qt6_qml_QtQuick_Controls_Universal["Universal"]\n    node_venv_lib_python3_12_site-packages_PyQt6_Qt6_qml_QtQuick_Controls_Universal --> node_venv_lib_python3_12_site-packages_PyQt6_Qt6_qml_QtQuick_Controls_Universal_MenuBar_qml["MenuBar.qml"]\n    Root --> node_venv["venv"]\n    node_venv --> node_venv_lib["lib"]\n    node_venv_lib --> node_venv_lib_python3_12["python3.12"]\n    node_venv_lib_python3_12 --> node_venv_lib_python3_12_site-packages["site-packages"]\n    node_venv_lib_python3_12_site-packages --> node_venv_lib_python3_12_site-packages_PyQt6["PyQt6"]\n    node_venv_lib_python3_12_site-packages_PyQt6 --> node_venv_lib_python3_12_site-packages_PyQt6_Qt6["Qt6"]\n    node_venv_lib_python3_12_site-packages_PyQt6_Qt6 --> node_venv_lib_python3_12_site-packages_PyQt6_Qt6_qml["qml"]\n    node_venv_lib_python3_12_site-packages_PyQt6_Qt6_qml --> node_venv_lib_python3_12_site-packages_PyQt6_Qt6_qml_QtQuick["QtQuick"]\n    node_venv_lib_python3_12_site-packages_PyQt6_Qt6_qml_QtQuick --> node_venv_lib_python3_12_site-packages_PyQt6_Qt6_qml_QtQuick_Controls["Controls"]\n    node_venv_lib_python3_12_site-packages_PyQt6_Qt6_qml_QtQuick_Controls --> node_venv_lib_python3_12_site-packages_PyQt6_Qt6_qml_QtQuick_Controls_Universal["Universal"]\n    node_venv_lib_python3_12_site-packages_PyQt6_Qt6_qml_QtQuick_Controls_Universal --> node_venv_lib_python3_12_site-packages_PyQt6_Qt6_qml_QtQuick_Controls_Universal_MenuBarItem_qml["MenuBarItem.qml"]\n    Root --> node_venv["venv"]\n    node_venv --> node_venv_lib["lib"]\n    node_venv_lib --> node_venv_lib_python3_12["python3.12"]\n    node_venv_lib_python3_12 --> node_venv_lib_python3_12_site-packages["site-packages"]\n    node_venv_lib_python3_12_site-packages --> node_venv_lib_python3_12_site-packages_PyQt6["PyQt6"]\n    node_venv_lib_python3_12_site-packages_PyQt6 --> node_venv_lib_python3_12_site-packages_PyQt6_Qt6["Qt6"]\n    node_venv_lib_python3_12_site-packages_PyQt6_Qt6 --> node_venv_lib_python3_12_site-packages_PyQt6_Qt6_qml["qml"]\n    node_venv_lib_python3_12_site-packages_PyQt6_Qt6_qml --> node_venv_lib_python3_12_site-packages_PyQt6_Qt6_qml_QtQuick["QtQuick"]\n    node_venv_lib_python3_12_site-packages_PyQt6_Qt6_qml_QtQuick --> node_venv_lib_python3_12_site-packages_PyQt6_Qt6_qml_QtQuick_Controls["Controls"]\n    node_venv_lib_python3_12_site-packages_PyQt6_Qt6_qml_QtQuick_Controls --> node_venv_lib_python3_12_site-packages_PyQt6_Qt6_qml_QtQuick_Controls_Universal["Universal"]\n    node_venv_lib_python3_12_site-packages_PyQt6_Qt6_qml_QtQuick_Controls_Universal --> node_venv_lib_python3_12_site-packages_PyQt6_Qt6_qml_QtQuick_Controls_Universal_MenuItem_qml["MenuItem.qml"]\n    Root --> node_venv["venv"]\n    node_venv --> node_venv_lib["lib"]\n    node_venv_lib --> node_venv_lib_python3_12["python3.12"]\n    node_venv_lib_python3_12 --> node_venv_lib_python3_12_site-packages["site-packages"]\n    node_venv_lib_python3_12_site-packages --> node_venv_lib_python3_12_site-packages_PyQt6["PyQt6"]\n    node_venv_lib_python3_12_site-packages_PyQt6 --> node_venv_lib_python3_12_site-packages_PyQt6_Qt6["Qt6"]\n    node_venv_lib_python3_12_site-packages_PyQt6_Qt6 --> node_venv_lib_python3_12_site-packages_PyQt6_Qt6_qml["qml"]\n    node_venv_lib_python3_12_site-packages_PyQt6_Qt6_qml --> node_venv_lib_python3_12_site-packages_PyQt6_Qt6_qml_QtQuick["QtQuick"]\n    node_venv_lib_python3_12_site-packages_PyQt6_Qt6_qml_QtQuick --> node_venv_lib_python3_12_site-packages_PyQt6_Qt6_qml_QtQuick_Controls["Controls"]\n    node_venv_lib_python3_12_site-packages_PyQt6_Qt6_qml_QtQuick_Controls --> node_venv_lib_python3_12_site-packages_PyQt6_Qt6_qml_QtQuick_Controls_Universal["Universal"]\n    node_venv_lib_python3_12_site-packages_PyQt6_Qt6_qml_QtQuick_Controls_Universal --> node_venv_lib_python3_12_site-packages_PyQt6_Qt6_qml_QtQuick_Controls_Universal_MenuSeparator_qml["MenuSeparator.qml"]\n    Root --> node_venv["venv"]\n    node_venv --> node_venv_lib["lib"]\n    node_venv_lib --> node_venv_lib_python3_12["python3.12"]\n    node_venv_lib_python3_12 --> node_venv_lib_python3_12_site-packages["site-packages"]\n    node_venv_lib_python3_12_site-packages --> node_venv_lib_python3_12_site-packages_PyQt6["PyQt6"]\n    node_venv_lib_python3_12_site-packages_PyQt6 --> node_venv_lib_python3_12_site-packages_PyQt6_Qt6["Qt6"]\n    node_venv_lib_python3_12_site-packages_PyQt6_Qt6 --> node_venv_lib_python3_12_site-packages_PyQt6_Qt6_qml["qml"]\n    node_venv_lib_python3_12_site-packages_PyQt6_Qt6_qml --> node_venv_lib_python3_12_site-packages_PyQt6_Qt6_qml_QtQuick["QtQuick"]\n    node_venv_lib_python3_12_site-packages_PyQt6_Qt6_qml_QtQuick --> node_venv_lib_python3_12_site-packages_PyQt6_Qt6_qml_QtQuick_Controls["Controls"]\n    node_venv_lib_python3_12_site-packages_PyQt6_Qt6_qml_QtQuick_Controls --> node_venv_lib_python3_12_site-packages_PyQt6_Qt6_qml_QtQuick_Controls_Universal["Universal"]\n    node_venv_lib_python3_12_site-packages_PyQt6_Qt6_qml_QtQuick_Controls_Universal --> node_venv_lib_python3_12_site-packages_PyQt6_Qt6_qml_QtQuick_Controls_Universal_Page_qml["Page.qml"]\n    Root --> node_venv["venv"]\n    node_venv --> node_venv_lib["lib"]\n    node_venv_lib --> node_venv_lib_python3_12["python3.12"]\n    node_venv_lib_python3_12 --> node_venv_lib_python3_12_site-packages["site-packages"]\n    node_venv_lib_python3_12_site-packages --> node_venv_lib_python3_12_site-packages_PyQt6["PyQt6"]\n    node_venv_lib_python3_12_site-packages_PyQt6 --> node_venv_lib_python3_12_site-packages_PyQt6_Qt6["Qt6"]\n    node_venv_lib_python3_12_site-packages_PyQt6_Qt6 --> node_venv_lib_python3_12_site-packages_PyQt6_Qt6_qml["qml"]\n    node_venv_lib_python3_12_site-packages_PyQt6_Qt6_qml --> node_venv_lib_python3_12_site-packages_PyQt6_Qt6_qml_QtQuick["QtQuick"]\n    node_venv_lib_python3_12_site-packages_PyQt6_Qt6_qml_QtQuick --> node_venv_lib_python3_12_site-packages_PyQt6_Qt6_qml_QtQuick_Controls["Controls"]\n    node_venv_lib_python3_12_site-packages_PyQt6_Qt6_qml_QtQuick_Controls --> node_venv_lib_python3_12_site-packages_PyQt6_Qt6_qml_QtQuick_Controls_Universal["Universal"]\n    node_venv_lib_python3_12_site-packages_PyQt6_Qt6_qml_QtQuick_Controls_Universal --> node_venv_lib_python3_12_site-packages_PyQt6_Qt6_qml_QtQuick_Controls_Universal_PageIndicator_qml["PageIndicator.qml"]\n    Root --> node_venv["venv"]\n    node_venv --> node_venv_lib["lib"]\n    node_venv_lib --> node_venv_lib_python3_12["python3.12"]\n    node_venv_lib_python3_12 --> node_venv_lib_python3_12_site-packages["site-packages"]\n    node_venv_lib_python3_12_site-packages --> node_venv_lib_python3_12_site-packages_PyQt6["PyQt6"]\n    node_venv_lib_python3_12_site-packages_PyQt6 --> node_venv_lib_python3_12_site-packages_PyQt6_Qt6["Qt6"]\n    node_venv_lib_python3_12_site-packages_PyQt6_Qt6 --> node_venv_lib_python3_12_site-packages_PyQt6_Qt6_qml["qml"]\n    node_venv_lib_python3_12_site-packages_PyQt6_Qt6_qml --> node_venv_lib_python3_12_site-packages_PyQt6_Qt6_qml_QtQuick["QtQuick"]\n    node_venv_lib_python3_12_site-packages_PyQt6_Qt6_qml_QtQuick --> node_venv_lib_python3_12_site-packages_PyQt6_Qt6_qml_QtQuick_Controls["Controls"]\n    node_venv_lib_python3_12_site-packages_PyQt6_Qt6_qml_QtQuick_Controls --> node_venv_lib_python3_12_site-packages_PyQt6_Qt6_qml_QtQuick_Controls_Universal["Universal"]\n    node_venv_lib_python3_12_site-packages_PyQt6_Qt6_qml_QtQuick_Controls_Universal --> node_venv_lib_python3_12_site-packages_PyQt6_Qt6_qml_QtQuick_Controls_Universal_Pane_qml["Pane.qml"]\n    Root --> node_venv["venv"]\n    node_venv --> node_venv_lib["lib"]\n    node_venv_lib --> node_venv_lib_python3_12["python3.12"]\n    node_venv_lib_python3_12 --> node_venv_lib_python3_12_site-packages["site-packages"]\n    node_venv_lib_python3_12_site-packages --> node_venv_lib_python3_12_site-packages_PyQt6["PyQt6"]\n    node_venv_lib_python3_12_site-packages_PyQt6 --> node_venv_lib_python3_12_site-packages_PyQt6_Qt6["Qt6"]\n    node_venv_lib_python3_12_site-packages_PyQt6_Qt6 --> node_venv_lib_python3_12_site-packages_PyQt6_Qt6_qml["qml"]\n    node_venv_lib_python3_12_site-packages_PyQt6_Qt6_qml --> node_venv_lib_python3_12_site-packages_PyQt6_Qt6_qml_QtQuick["QtQuick"]\n    node_venv_lib_python3_12_site-packages_PyQt6_Qt6_qml_QtQuick --> node_venv_lib_python3_12_site-packages_PyQt6_Qt6_qml_QtQuick_Controls["Controls"]\n    node_venv_lib_python3_12_site-packages_PyQt6_Qt6_qml_QtQuick_Controls --> node_venv_lib_python3_12_site-packages_PyQt6_Qt6_qml_QtQuick_Controls_Universal["Universal"]\n    node_venv_lib_python3_12_site-packages_PyQt6_Qt6_qml_QtQuick_Controls_Universal --> node_venv_lib_python3_12_site-packages_PyQt6_Qt6_qml_QtQuick_Controls_Universal_Popup_qml["Popup.qml"]\n    Root --> node_venv["venv"]\n    node_venv --> node_venv_lib["lib"]\n    node_venv_lib --> node_venv_lib_python3_12["python3.12"]\n    node_venv_lib_python3_12 --> node_venv_lib_python3_12_site-packages["site-packages"]\n    node_venv_lib_python3_12_site-packages --> node_venv_lib_python3_12_site-packages_PyQt6["PyQt6"]\n    node_venv_lib_python3_12_site-packages_PyQt6 --> node_venv_lib_python3_12_site-packages_PyQt6_Qt6["Qt6"]\n    node_venv_lib_python3_12_site-packages_PyQt6_Qt6 --> node_venv_lib_python3_12_site-packages_PyQt6_Qt6_qml["qml"]\n    node_venv_lib_python3_12_site-packages_PyQt6_Qt6_qml --> node_venv_lib_python3_12_site-packages_PyQt6_Qt6_qml_QtQuick["QtQuick"]\n    node_venv_lib_python3_12_site-packages_PyQt6_Qt6_qml_QtQuick --> node_venv_lib_python3_12_site-packages_PyQt6_Qt6_qml_QtQuick_Controls["Controls"]\n    node_venv_lib_python3_12_site-packages_PyQt6_Qt6_qml_QtQuick_Controls --> node_venv_lib_python3_12_site-packages_PyQt6_Qt6_qml_QtQuick_Controls_Universal["Universal"]\n    node_venv_lib_python3_12_site-packages_PyQt6_Qt6_qml_QtQuick_Controls_Universal --> node_venv_lib_python3_12_site-packages_PyQt6_Qt6_qml_QtQuick_Controls_Universal_ProgressBar_qml["ProgressBar.qml"]\n    Root --> node_venv["venv"]\n    node_venv --> node_venv_lib["lib"]\n    node_venv_lib --> node_venv_lib_python3_12["python3.12"]\n    node_venv_lib_python3_12 --> node_venv_lib_python3_12_site-packages["site-packages"]\n    node_venv_lib_python3_12_site-packages --> node_venv_lib_python3_12_site-packages_PyQt6["PyQt6"]\n    node_venv_lib_python3_12_site-packages_PyQt6 --> node_venv_lib_python3_12_site-packages_PyQt6_Qt6["Qt6"]\n    node_venv_lib_python3_12_site-packages_PyQt6_Qt6 --> node_venv_lib_python3_12_site-packages_PyQt6_Qt6_qml["qml"]\n    node_venv_lib_python3_12_site-packages_PyQt6_Qt6_qml --> node_venv_lib_python3_12_site-packages_PyQt6_Qt6_qml_QtQuick["QtQuick"]\n    node_venv_lib_python3_12_site-packages_PyQt6_Qt6_qml_QtQuick --> node_venv_lib_python3_12_site-packages_PyQt6_Qt6_qml_QtQuick_Controls["Controls"]\n    node_venv_lib_python3_12_site-packages_PyQt6_Qt6_qml_QtQuick_Controls --> node_venv_lib_python3_12_site-packages_PyQt6_Qt6_qml_QtQuick_Controls_Universal["Universal"]\n    node_venv_lib_python3_12_site-packages_PyQt6_Qt6_qml_QtQuick_Controls_Universal --> node_venv_lib_python3_12_site-packages_PyQt6_Qt6_qml_QtQuick_Controls_Universal_RadioButton_qml["RadioButton.qml"]\n    Root --> node_venv["venv"]\n    node_venv --> node_venv_lib["lib"]\n    node_venv_lib --> node_venv_lib_python3_12["python3.12"]\n    node_venv_lib_python3_12 --> node_venv_lib_python3_12_site-packages["site-packages"]\n    node_venv_lib_python3_12_site-packages --> node_venv_lib_python3_12_site-packages_PyQt6["PyQt6"]\n    node_venv_lib_python3_12_site-packages_PyQt6 --> node_venv_lib_python3_12_site-packages_PyQt6_Qt6["Qt6"]\n    node_venv_lib_python3_12_site-packages_PyQt6_Qt6 --> node_venv_lib_python3_12_site-packages_PyQt6_Qt6_qml["qml"]\n    node_venv_lib_python3_12_site-packages_PyQt6_Qt6_qml --> node_venv_lib_python3_12_site-packages_PyQt6_Qt6_qml_QtQuick["QtQuick"]\n    node_venv_lib_python3_12_site-packages_PyQt6_Qt6_qml_QtQuick --> node_venv_lib_python3_12_site-packages_PyQt6_Qt6_qml_QtQuick_Controls["Controls"]\n    node_venv_lib_python3_12_site-packages_PyQt6_Qt6_qml_QtQuick_Controls --> node_venv_lib_python3_12_site-packages_PyQt6_Qt6_qml_QtQuick_Controls_Universal["Universal"]\n    node_venv_lib_python3_12_site-packages_PyQt6_Qt6_qml_QtQuick_Controls_Universal --> node_venv_lib_python3_12_site-packages_PyQt6_Qt6_qml_QtQuick_Controls_Universal_RadioDelegate_qml["RadioDelegate.qml"]\n    Root --> node_venv["venv"]\n    node_venv --> node_venv_lib["lib"]\n    node_venv_lib --> node_venv_lib_python3_12["python3.12"]\n    node_venv_lib_python3_12 --> node_venv_lib_python3_12_site-packages["site-packages"]\n    node_venv_lib_python3_12_site-packages --> node_venv_lib_python3_12_site-packages_PyQt6["PyQt6"]\n    node_venv_lib_python3_12_site-packages_PyQt6 --> node_venv_lib_python3_12_site-packages_PyQt6_Qt6["Qt6"]\n    node_venv_lib_python3_12_site-packages_PyQt6_Qt6 --> node_venv_lib_python3_12_site-packages_PyQt6_Qt6_qml["qml"]\n    node_venv_lib_python3_12_site-packages_PyQt6_Qt6_qml --> node_venv_lib_python3_12_site-packages_PyQt6_Qt6_qml_QtQuick["QtQuick"]\n    node_venv_lib_python3_12_site-packages_PyQt6_Qt6_qml_QtQuick --> node_venv_lib_python3_12_site-packages_PyQt6_Qt6_qml_QtQuick_Controls["Controls"]\n    node_venv_lib_python3_12_site-packages_PyQt6_Qt6_qml_QtQuick_Controls --> node_venv_lib_python3_12_site-packages_PyQt6_Qt6_qml_QtQuick_Controls_Universal["Universal"]\n    node_venv_lib_python3_12_site-packages_PyQt6_Qt6_qml_QtQuick_Controls_Universal --> node_venv_lib_python3_12_site-packages_PyQt6_Qt6_qml_QtQuick_Controls_Universal_RangeSlider_qml["RangeSlider.qml"]\n    Root --> node_venv["venv"]\n    node_venv --> node_venv_lib["lib"]\n    node_venv_lib --> node_venv_lib_python3_12["python3.12"]\n    node_venv_lib_python3_12 --> node_venv_lib_python3_12_site-packages["site-packages"]\n    node_venv_lib_python3_12_site-packages --> node_venv_lib_python3_12_site-packages_PyQt6["PyQt6"]\n    node_venv_lib_python3_12_site-packages_PyQt6 --> node_venv_lib_python3_12_site-packages_PyQt6_Qt6["Qt6"]\n    node_venv_lib_python3_12_site-packages_PyQt6_Qt6 --> node_venv_lib_python3_12_site-packages_PyQt6_Qt6_qml["qml"]\n    node_venv_lib_python3_12_site-packages_PyQt6_Qt6_qml --> node_venv_lib_python3_12_site-packages_PyQt6_Qt6_qml_QtQuick["QtQuick"]\n    node_venv_lib_python3_12_site-packages_PyQt6_Qt6_qml_QtQuick --> node_venv_lib_python3_12_site-packages_PyQt6_Qt6_qml_QtQuick_Controls["Controls"]\n    node_venv_lib_python3_12_site-packages_PyQt6_Qt6_qml_QtQuick_Controls --> node_venv_lib_python3_12_site-packages_PyQt6_Qt6_qml_QtQuick_Controls_Universal["Universal"]\n    node_venv_lib_python3_12_site-packages_PyQt6_Qt6_qml_QtQuick_Controls_Universal --> node_venv_lib_python3_12_site-packages_PyQt6_Qt6_qml_QtQuick_Controls_Universal_RoundButton_qml["RoundButton.qml"]\n    Root --> node_venv["venv"]\n    node_venv --> node_venv_lib["lib"]\n    node_venv_lib --> node_venv_lib_python3_12["python3.12"]\n    node_venv_lib_python3_12 --> node_venv_lib_python3_12_site-packages["site-packages"]\n    node_venv_lib_python3_12_site-packages --> node_venv_lib_python3_12_site-packages_PyQt6["PyQt6"]\n    node_venv_lib_python3_12_site-packages_PyQt6 --> node_venv_lib_python3_12_site-packages_PyQt6_Qt6["Qt6"]\n    node_venv_lib_python3_12_site-packages_PyQt6_Qt6 --> node_venv_lib_python3_12_site-packages_PyQt6_Qt6_qml["qml"]\n    node_venv_lib_python3_12_site-packages_PyQt6_Qt6_qml --> node_venv_lib_python3_12_site-packages_PyQt6_Qt6_qml_QtQuick["QtQuick"]\n    node_venv_lib_python3_12_site-packages_PyQt6_Qt6_qml_QtQuick --> node_venv_lib_python3_12_site-packages_PyQt6_Qt6_qml_QtQuick_Controls["Controls"]\n    node_venv_lib_python3_12_site-packages_PyQt6_Qt6_qml_QtQuick_Controls --> node_venv_lib_python3_12_site-packages_PyQt6_Qt6_qml_QtQuick_Controls_Universal["Universal"]\n    node_venv_lib_python3_12_site-packages_PyQt6_Qt6_qml_QtQuick_Controls_Universal --> node_venv_lib_python3_12_site-packages_PyQt6_Qt6_qml_QtQuick_Controls_Universal_ScrollBar_qml["ScrollBar.qml"]\n    Root --> node_venv["venv"]\n    node_venv --> node_venv_lib["lib"]\n    node_venv_lib --> node_venv_lib_python3_12["python3.12"]\n    node_venv_lib_python3_12 --> node_venv_lib_python3_12_site-packages["site-packages"]\n    node_venv_lib_python3_12_site-packages --> node_venv_lib_python3_12_site-packages_PyQt6["PyQt6"]\n    node_venv_lib_python3_12_site-packages_PyQt6 --> node_venv_lib_python3_12_site-packages_PyQt6_Qt6["Qt6"]\n    node_venv_lib_python3_12_site-packages_PyQt6_Qt6 --> node_venv_lib_python3_12_site-packages_PyQt6_Qt6_qml["qml"]\n    node_venv_lib_python3_12_site-packages_PyQt6_Qt6_qml --> node_venv_lib_python3_12_site-packages_PyQt6_Qt6_qml_QtQuick["QtQuick"]\n    node_venv_lib_python3_12_site-packages_PyQt6_Qt6_qml_QtQuick --> node_venv_lib_python3_12_site-packages_PyQt6_Qt6_qml_QtQuick_Controls["Controls"]\n    node_venv_lib_python3_12_site-packages_PyQt6_Qt6_qml_QtQuick_Controls --> node_venv_lib_python3_12_site-packages_PyQt6_Qt6_qml_QtQuick_Controls_Universal["Universal"]\n    node_venv_lib_python3_12_site-packages_PyQt6_Qt6_qml_QtQuick_Controls_Universal --> node_venv_lib_python3_12_site-packages_PyQt6_Qt6_qml_QtQuick_Controls_Universal_ScrollIndicator_qml["ScrollIndicator.qml"]\n    Root --> node_venv["venv"]\n    node_venv --> node_venv_lib["lib"]\n    node_venv_lib --> node_venv_lib_python3_12["python3.12"]\n    node_venv_lib_python3_12 --> node_venv_lib_python3_12_site-packages["site-packages"]\n    node_venv_lib_python3_12_site-packages --> node_venv_lib_python3_12_site-packages_PyQt6["PyQt6"]\n    node_venv_lib_python3_12_site-packages_PyQt6 --> node_venv_lib_python3_12_site-packages_PyQt6_Qt6["Qt6"]\n    node_venv_lib_python3_12_site-packages_PyQt6_Qt6 --> node_venv_lib_python3_12_site-packages_PyQt6_Qt6_qml["qml"]\n    node_venv_lib_python3_12_site-packages_PyQt6_Qt6_qml --> node_venv_lib_python3_12_site-packages_PyQt6_Qt6_qml_QtQuick["QtQuick"]\n    node_venv_lib_python3_12_site-packages_PyQt6_Qt6_qml_QtQuick --> node_venv_lib_python3_12_site-packages_PyQt6_Qt6_qml_QtQuick_Controls["Controls"]\n    node_venv_lib_python3_12_site-packages_PyQt6_Qt6_qml_QtQuick_Controls --> node_venv_lib_python3_12_site-packages_PyQt6_Qt6_qml_QtQuick_Controls_Universal["Universal"]\n    node_venv_lib_python3_12_site-packages_PyQt6_Qt6_qml_QtQuick_Controls_Universal --> node_venv_lib_python3_12_site-packages_PyQt6_Qt6_qml_QtQuick_Controls_Universal_ScrollView_qml["ScrollView.qml"]\n    Root --> node_venv["venv"]\n    node_venv --> node_venv_lib["lib"]\n    node_venv_lib --> node_venv_lib_python3_12["python3.12"]\n    node_venv_lib_python3_12 --> node_venv_lib_python3_12_site-packages["site-packages"]\n    node_venv_lib_python3_12_site-packages --> node_venv_lib_python3_12_site-packages_PyQt6["PyQt6"]\n    node_venv_lib_python3_12_site-packages_PyQt6 --> node_venv_lib_python3_12_site-packages_PyQt6_Qt6["Qt6"]\n    node_venv_lib_python3_12_site-packages_PyQt6_Qt6 --> node_venv_lib_python3_12_site-packages_PyQt6_Qt6_qml["qml"]\n    node_venv_lib_python3_12_site-packages_PyQt6_Qt6_qml --> node_venv_lib_python3_12_site-packages_PyQt6_Qt6_qml_QtQuick["QtQuick"]\n    node_venv_lib_python3_12_site-packages_PyQt6_Qt6_qml_QtQuick --> node_venv_lib_python3_12_site-packages_PyQt6_Qt6_qml_QtQuick_Controls["Controls"]\n    node_venv_lib_python3_12_site-packages_PyQt6_Qt6_qml_QtQuick_Controls --> node_venv_lib_python3_12_site-packages_PyQt6_Qt6_qml_QtQuick_Controls_Universal["Universal"]\n    node_venv_lib_python3_12_site-packages_PyQt6_Qt6_qml_QtQuick_Controls_Universal --> node_venv_lib_python3_12_site-packages_PyQt6_Qt6_qml_QtQuick_Controls_Universal_SearchField_qml["SearchField.qml"]\n    Root --> node_venv["venv"]\n    node_venv --> node_venv_lib["lib"]\n    node_venv_lib --> node_venv_lib_python3_12["python3.12"]\n    node_venv_lib_python3_12 --> node_venv_lib_python3_12_site-packages["site-packages"]\n    node_venv_lib_python3_12_site-packages --> node_venv_lib_python3_12_site-packages_PyQt6["PyQt6"]\n    node_venv_lib_python3_12_site-packages_PyQt6 --> node_venv_lib_python3_12_site-packages_PyQt6_Qt6["Qt6"]\n    node_venv_lib_python3_12_site-packages_PyQt6_Qt6 --> node_venv_lib_python3_12_site-packages_PyQt6_Qt6_qml["qml"]\n    node_venv_lib_python3_12_site-packages_PyQt6_Qt6_qml --> node_venv_lib_python3_12_site-packages_PyQt6_Qt6_qml_QtQuick["QtQuick"]\n    node_venv_lib_python3_12_site-packages_PyQt6_Qt6_qml_QtQuick --> node_venv_lib_python3_12_site-packages_PyQt6_Qt6_qml_QtQuick_Controls["Controls"]\n    node_venv_lib_python3_12_site-packages_PyQt6_Qt6_qml_QtQuick_Controls --> node_venv_lib_python3_12_site-packages_PyQt6_Qt6_qml_QtQuick_Controls_Universal["Universal"]\n    node_venv_lib_python3_12_site-packages_PyQt6_Qt6_qml_QtQuick_Controls_Universal --> node_venv_lib_python3_12_site-packages_PyQt6_Qt6_qml_QtQuick_Controls_Universal_SelectionRectangle_qml["SelectionRectangle.qml"]\n    Root --> node_venv["venv"]\n    node_venv --> node_venv_lib["lib"]\n    node_venv_lib --> node_venv_lib_python3_12["python3.12"]\n    node_venv_lib_python3_12 --> node_venv_lib_python3_12_site-packages["site-packages"]\n    node_venv_lib_python3_12_site-packages --> node_venv_lib_python3_12_site-packages_PyQt6["PyQt6"]\n    node_venv_lib_python3_12_site-packages_PyQt6 --> node_venv_lib_python3_12_site-packages_PyQt6_Qt6["Qt6"]\n    node_venv_lib_python3_12_site-packages_PyQt6_Qt6 --> node_venv_lib_python3_12_site-packages_PyQt6_Qt6_qml["qml"]\n    node_venv_lib_python3_12_site-packages_PyQt6_Qt6_qml --> node_venv_lib_python3_12_site-packages_PyQt6_Qt6_qml_QtQuick["QtQuick"]\n    node_venv_lib_python3_12_site-packages_PyQt6_Qt6_qml_QtQuick --> node_venv_lib_python3_12_site-packages_PyQt6_Qt6_qml_QtQuick_Controls["Controls"]\n    node_venv_lib_python3_12_site-packages_PyQt6_Qt6_qml_QtQuick_Controls --> node_venv_lib_python3_12_site-packages_PyQt6_Qt6_qml_QtQuick_Controls_Universal["Universal"]\n    node_venv_lib_python3_12_site-packages_PyQt6_Qt6_qml_QtQuick_Controls_Universal --> node_venv_lib_python3_12_site-packages_PyQt6_Qt6_qml_QtQuick_Controls_Universal_Slider_qml["Slider.qml"]\n    Root --> node_venv["venv"]\n    node_venv --> node_venv_lib["lib"]\n    node_venv_lib --> node_venv_lib_python3_12["python3.12"]\n    node_venv_lib_python3_12 --> node_venv_lib_python3_12_site-packages["site-packages"]\n    node_venv_lib_python3_12_site-packages --> node_venv_lib_python3_12_site-packages_PyQt6["PyQt6"]\n    node_venv_lib_python3_12_site-packages_PyQt6 --> node_venv_lib_python3_12_site-packages_PyQt6_Qt6["Qt6"]\n    node_venv_lib_python3_12_site-packages_PyQt6_Qt6 --> node_venv_lib_python3_12_site-packages_PyQt6_Qt6_qml["qml"]\n    node_venv_lib_python3_12_site-packages_PyQt6_Qt6_qml --> node_venv_lib_python3_12_site-packages_PyQt6_Qt6_qml_QtQuick["QtQuick"]\n    node_venv_lib_python3_12_site-packages_PyQt6_Qt6_qml_QtQuick --> node_venv_lib_python3_12_site-packages_PyQt6_Qt6_qml_QtQuick_Controls["Controls"]\n    node_venv_lib_python3_12_site-packages_PyQt6_Qt6_qml_QtQuick_Controls --> node_venv_lib_python3_12_site-packages_PyQt6_Qt6_qml_QtQuick_Controls_Universal["Universal"]\n    node_venv_lib_python3_12_site-packages_PyQt6_Qt6_qml_QtQuick_Controls_Universal --> node_venv_lib_python3_12_site-packages_PyQt6_Qt6_qml_QtQuick_Controls_Universal_SpinBox_qml["SpinBox.qml"]\n    Root --> node_venv["venv"]\n    node_venv --> node_venv_lib["lib"]\n    node_venv_lib --> node_venv_lib_python3_12["python3.12"]\n    node_venv_lib_python3_12 --> node_venv_lib_python3_12_site-packages["site-packages"]\n    node_venv_lib_python3_12_site-packages --> node_venv_lib_python3_12_site-packages_PyQt6["PyQt6"]\n    node_venv_lib_python3_12_site-packages_PyQt6 --> node_venv_lib_python3_12_site-packages_PyQt6_Qt6["Qt6"]\n    node_venv_lib_python3_12_site-packages_PyQt6_Qt6 --> node_venv_lib_python3_12_site-packages_PyQt6_Qt6_qml["qml"]\n    node_venv_lib_python3_12_site-packages_PyQt6_Qt6_qml --> node_venv_lib_python3_12_site-packages_PyQt6_Qt6_qml_QtQuick["QtQuick"]\n    node_venv_lib_python3_12_site-packages_PyQt6_Qt6_qml_QtQuick --> node_venv_lib_python3_12_site-packages_PyQt6_Qt6_qml_QtQuick_Controls["Controls"]\n    node_venv_lib_python3_12_site-packages_PyQt6_Qt6_qml_QtQuick_Controls --> node_venv_lib_python3_12_site-packages_PyQt6_Qt6_qml_QtQuick_Controls_Universal["Universal"]\n    node_venv_lib_python3_12_site-packages_PyQt6_Qt6_qml_QtQuick_Controls_Universal --> node_venv_lib_python3_12_site-packages_PyQt6_Qt6_qml_QtQuick_Controls_Universal_SplitView_qml["SplitView.qml"]\n    Root --> node_venv["venv"]\n    node_venv --> node_venv_lib["lib"]\n    node_venv_lib --> node_venv_lib_python3_12["python3.12"]\n    node_venv_lib_python3_12 --> node_venv_lib_python3_12_site-packages["site-packages"]\n    node_venv_lib_python3_12_site-packages --> node_venv_lib_python3_12_site-packages_PyQt6["PyQt6"]\n    node_venv_lib_python3_12_site-packages_PyQt6 --> node_venv_lib_python3_12_site-packages_PyQt6_Qt6["Qt6"]\n    node_venv_lib_python3_12_site-packages_PyQt6_Qt6 --> node_venv_lib_python3_12_site-packages_PyQt6_Qt6_qml["qml"]\n    node_venv_lib_python3_12_site-packages_PyQt6_Qt6_qml --> node_venv_lib_python3_12_site-packages_PyQt6_Qt6_qml_QtQuick["QtQuick"]\n    node_venv_lib_python3_12_site-packages_PyQt6_Qt6_qml_QtQuick --> node_venv_lib_python3_12_site-packages_PyQt6_Qt6_qml_QtQuick_Controls["Controls"]\n    node_venv_lib_python3_12_site-packages_PyQt6_Qt6_qml_QtQuick_Controls --> node_venv_lib_python3_12_site-packages_PyQt6_Qt6_qml_QtQuick_Controls_Universal["Universal"]\n    node_venv_lib_python3_12_site-packages_PyQt6_Qt6_qml_QtQuick_Controls_Universal --> node_venv_lib_python3_12_site-packages_PyQt6_Qt6_qml_QtQuick_Controls_Universal_StackView_qml["StackView.qml"]\n    Root --> node_venv["venv"]\n    node_venv --> node_venv_lib["lib"]\n    node_venv_lib --> node_venv_lib_python3_12["python3.12"]\n    node_venv_lib_python3_12 --> node_venv_lib_python3_12_site-packages["site-packages"]\n    node_venv_lib_python3_12_site-packages --> node_venv_lib_python3_12_site-packages_PyQt6["PyQt6"]\n    node_venv_lib_python3_12_site-packages_PyQt6 --> node_venv_lib_python3_12_site-packages_PyQt6_Qt6["Qt6"]\n    node_venv_lib_python3_12_site-packages_PyQt6_Qt6 --> node_venv_lib_python3_12_site-packages_PyQt6_Qt6_qml["qml"]\n    node_venv_lib_python3_12_site-packages_PyQt6_Qt6_qml --> node_venv_lib_python3_12_site-packages_PyQt6_Qt6_qml_QtQuick["QtQuick"]\n    node_venv_lib_python3_12_site-packages_PyQt6_Qt6_qml_QtQuick --> node_venv_lib_python3_12_site-packages_PyQt6_Qt6_qml_QtQuick_Controls["Controls"]\n    node_venv_lib_python3_12_site-packages_PyQt6_Qt6_qml_QtQuick_Controls --> node_venv_lib_python3_12_site-packages_PyQt6_Qt6_qml_QtQuick_Controls_Universal["Universal"]\n    node_venv_lib_python3_12_site-packages_PyQt6_Qt6_qml_QtQuick_Controls_Universal --> node_venv_lib_python3_12_site-packages_PyQt6_Qt6_qml_QtQuick_Controls_Universal_SwipeDelegate_qml["SwipeDelegate.qml"]\n    Root --> node_venv["venv"]\n    node_venv --> node_venv_lib["lib"]\n    node_venv_lib --> node_venv_lib_python3_12["python3.12"]\n    node_venv_lib_python3_12 --> node_venv_lib_python3_12_site-packages["site-packages"]\n    node_venv_lib_python3_12_site-packages --> node_venv_lib_python3_12_site-packages_PyQt6["PyQt6"]\n    node_venv_lib_python3_12_site-packages_PyQt6 --> node_venv_lib_python3_12_site-packages_PyQt6_Qt6["Qt6"]\n    node_venv_lib_python3_12_site-packages_PyQt6_Qt6 --> node_venv_lib_python3_12_site-packages_PyQt6_Qt6_qml["qml"]\n    node_venv_lib_python3_12_site-packages_PyQt6_Qt6_qml --> node_venv_lib_python3_12_site-packages_PyQt6_Qt6_qml_QtQuick["QtQuick"]\n    node_venv_lib_python3_12_site-packages_PyQt6_Qt6_qml_QtQuick --> node_venv_lib_python3_12_site-packages_PyQt6_Qt6_qml_QtQuick_Controls["Controls"]\n    node_venv_lib_python3_12_site-packages_PyQt6_Qt6_qml_QtQuick_Controls --> node_venv_lib_python3_12_site-packages_PyQt6_Qt6_qml_QtQuick_Controls_Universal["Universal"]\n    node_venv_lib_python3_12_site-packages_PyQt6_Qt6_qml_QtQuick_Controls_Universal --> node_venv_lib_python3_12_site-packages_PyQt6_Qt6_qml_QtQuick_Controls_Universal_Switch_qml["Switch.qml"]\n    Root --> node_venv["venv"]\n    node_venv --> node_venv_lib["lib"]\n    node_venv_lib --> node_venv_lib_python3_12["python3.12"]\n    node_venv_lib_python3_12 --> node_venv_lib_python3_12_site-packages["site-packages"]\n    node_venv_lib_python3_12_site-packages --> node_venv_lib_python3_12_site-packages_PyQt6["PyQt6"]\n    node_venv_lib_python3_12_site-packages_PyQt6 --> node_venv_lib_python3_12_site-packages_PyQt6_Qt6["Qt6"]\n    node_venv_lib_python3_12_site-packages_PyQt6_Qt6 --> node_venv_lib_python3_12_site-packages_PyQt6_Qt6_qml["qml"]\n    node_venv_lib_python3_12_site-packages_PyQt6_Qt6_qml --> node_venv_lib_python3_12_site-packages_PyQt6_Qt6_qml_QtQuick["QtQuick"]\n    node_venv_lib_python3_12_site-packages_PyQt6_Qt6_qml_QtQuick --> node_venv_lib_python3_12_site-packages_PyQt6_Qt6_qml_QtQuick_Controls["Controls"]\n    node_venv_lib_python3_12_site-packages_PyQt6_Qt6_qml_QtQuick_Controls --> node_venv_lib_python3_12_site-packages_PyQt6_Qt6_qml_QtQuick_Controls_Universal["Universal"]\n    node_venv_lib_python3_12_site-packages_PyQt6_Qt6_qml_QtQuick_Controls_Universal --> node_venv_lib_python3_12_site-packages_PyQt6_Qt6_qml_QtQuick_Controls_Universal_SwitchDelegate_qml["SwitchDelegate.qml"]\n    Root --> node_venv["venv"]\n    node_venv --> node_venv_lib["lib"]\n    node_venv_lib --> node_venv_lib_python3_12["python3.12"]\n    node_venv_lib_python3_12 --> node_venv_lib_python3_12_site-packages["site-packages"]\n    node_venv_lib_python3_12_site-packages --> node_venv_lib_python3_12_site-packages_PyQt6["PyQt6"]\n    node_venv_lib_python3_12_site-packages_PyQt6 --> node_venv_lib_python3_12_site-packages_PyQt6_Qt6["Qt6"]\n    node_venv_lib_python3_12_site-packages_PyQt6_Qt6 --> node_venv_lib_python3_12_site-packages_PyQt6_Qt6_qml["qml"]\n    node_venv_lib_python3_12_site-packages_PyQt6_Qt6_qml --> node_venv_lib_python3_12_site-packages_PyQt6_Qt6_qml_QtQuick["QtQuick"]\n    node_venv_lib_python3_12_site-packages_PyQt6_Qt6_qml_QtQuick --> node_venv_lib_python3_12_site-packages_PyQt6_Qt6_qml_QtQuick_Controls["Controls"]\n    node_venv_lib_python3_12_site-packages_PyQt6_Qt6_qml_QtQuick_Controls --> node_venv_lib_python3_12_site-packages_PyQt6_Qt6_qml_QtQuick_Controls_Universal["Universal"]\n    node_venv_lib_python3_12_site-packages_PyQt6_Qt6_qml_QtQuick_Controls_Universal --> node_venv_lib_python3_12_site-packages_PyQt6_Qt6_qml_QtQuick_Controls_Universal_TabBar_qml["TabBar.qml"]\n    Root --> node_venv["venv"]\n    node_venv --> node_venv_lib["lib"]\n    node_venv_lib --> node_venv_lib_python3_12["python3.12"]\n    node_venv_lib_python3_12 --> node_venv_lib_python3_12_site-packages["site-packages"]\n    node_venv_lib_python3_12_site-packages --> node_venv_lib_python3_12_site-packages_PyQt6["PyQt6"]\n    node_venv_lib_python3_12_site-packages_PyQt6 --> node_venv_lib_python3_12_site-packages_PyQt6_Qt6["Qt6"]\n    node_venv_lib_python3_12_site-packages_PyQt6_Qt6 --> node_venv_lib_python3_12_site-packages_PyQt6_Qt6_qml["qml"]\n    node_venv_lib_python3_12_site-packages_PyQt6_Qt6_qml --> node_venv_lib_python3_12_site-packages_PyQt6_Qt6_qml_QtQuick["QtQuick"]\n    node_venv_lib_python3_12_site-packages_PyQt6_Qt6_qml_QtQuick --> node_venv_lib_python3_12_site-packages_PyQt6_Qt6_qml_QtQuick_Controls["Controls"]\n    node_venv_lib_python3_12_site-packages_PyQt6_Qt6_qml_QtQuick_Controls --> node_venv_lib_python3_12_site-packages_PyQt6_Qt6_qml_QtQuick_Controls_Universal["Universal"]\n    node_venv_lib_python3_12_site-packages_PyQt6_Qt6_qml_QtQuick_Controls_Universal --> node_venv_lib_python3_12_site-packages_PyQt6_Qt6_qml_QtQuick_Controls_Universal_TabButton_qml["TabButton.qml"]\n    Root --> node_venv["venv"]\n    node_venv --> node_venv_lib["lib"]\n    node_venv_lib --> node_venv_lib_python3_12["python3.12"]\n    node_venv_lib_python3_12 --> node_venv_lib_python3_12_site-packages["site-packages"]\n    node_venv_lib_python3_12_site-packages --> node_venv_lib_python3_12_site-packages_PyQt6["PyQt6"]\n    node_venv_lib_python3_12_site-packages_PyQt6 --> node_venv_lib_python3_12_site-packages_PyQt6_Qt6["Qt6"]\n    node_venv_lib_python3_12_site-packages_PyQt6_Qt6 --> node_venv_lib_python3_12_site-packages_PyQt6_Qt6_qml["qml"]\n    node_venv_lib_python3_12_site-packages_PyQt6_Qt6_qml --> node_venv_lib_python3_12_site-packages_PyQt6_Qt6_qml_QtQuick["QtQuick"]\n    node_venv_lib_python3_12_site-packages_PyQt6_Qt6_qml_QtQuick --> node_venv_lib_python3_12_site-packages_PyQt6_Qt6_qml_QtQuick_Controls["Controls"]\n    node_venv_lib_python3_12_site-packages_PyQt6_Qt6_qml_QtQuick_Controls --> node_venv_lib_python3_12_site-packages_PyQt6_Qt6_qml_QtQuick_Controls_Universal["Universal"]\n    node_venv_lib_python3_12_site-packages_PyQt6_Qt6_qml_QtQuick_Controls_Universal --> node_venv_lib_python3_12_site-packages_PyQt6_Qt6_qml_QtQuick_Controls_Universal_TextArea_qml["TextArea.qml"]\n    Root --> node_venv["venv"]\n    node_venv --> node_venv_lib["lib"]\n    node_venv_lib --> node_venv_lib_python3_12["python3.12"]\n    node_venv_lib_python3_12 --> node_venv_lib_python3_12_site-packages["site-packages"]\n    node_venv_lib_python3_12_site-packages --> node_venv_lib_python3_12_site-packages_PyQt6["PyQt6"]\n    node_venv_lib_python3_12_site-packages_PyQt6 --> node_venv_lib_python3_12_site-packages_PyQt6_Qt6["Qt6"]\n    node_venv_lib_python3_12_site-packages_PyQt6_Qt6 --> node_venv_lib_python3_12_site-packages_PyQt6_Qt6_qml["qml"]\n    node_venv_lib_python3_12_site-packages_PyQt6_Qt6_qml --> node_venv_lib_python3_12_site-packages_PyQt6_Qt6_qml_QtQuick["QtQuick"]\n    node_venv_lib_python3_12_site-packages_PyQt6_Qt6_qml_QtQuick --> node_venv_lib_python3_12_site-packages_PyQt6_Qt6_qml_QtQuick_Controls["Controls"]\n    node_venv_lib_python3_12_site-packages_PyQt6_Qt6_qml_QtQuick_Controls --> node_venv_lib_python3_12_site-packages_PyQt6_Qt6_qml_QtQuick_Controls_Universal["Universal"]\n    node_venv_lib_python3_12_site-packages_PyQt6_Qt6_qml_QtQuick_Controls_Universal --> node_venv_lib_python3_12_site-packages_PyQt6_Qt6_qml_QtQuick_Controls_Universal_TextField_qml["TextField.qml"]\n    Root --> node_venv["venv"]\n    node_venv --> node_venv_lib["lib"]\n    node_venv_lib --> node_venv_lib_python3_12["python3.12"]\n    node_venv_lib_python3_12 --> node_venv_lib_python3_12_site-packages["site-packages"]\n    node_venv_lib_python3_12_site-packages --> node_venv_lib_python3_12_site-packages_PyQt6["PyQt6"]\n    node_venv_lib_python3_12_site-packages_PyQt6 --> node_venv_lib_python3_12_site-packages_PyQt6_Qt6["Qt6"]\n    node_venv_lib_python3_12_site-packages_PyQt6_Qt6 --> node_venv_lib_python3_12_site-packages_PyQt6_Qt6_qml["qml"]\n    node_venv_lib_python3_12_site-packages_PyQt6_Qt6_qml --> node_venv_lib_python3_12_site-packages_PyQt6_Qt6_qml_QtQuick["QtQuick"]\n    node_venv_lib_python3_12_site-packages_PyQt6_Qt6_qml_QtQuick --> node_venv_lib_python3_12_site-packages_PyQt6_Qt6_qml_QtQuick_Controls["Controls"]\n    node_venv_lib_python3_12_site-packages_PyQt6_Qt6_qml_QtQuick_Controls --> node_venv_lib_python3_12_site-packages_PyQt6_Qt6_qml_QtQuick_Controls_Universal["Universal"]\n    node_venv_lib_python3_12_site-packages_PyQt6_Qt6_qml_QtQuick_Controls_Universal --> node_venv_lib_python3_12_site-packages_PyQt6_Qt6_qml_QtQuick_Controls_Universal_ToolBar_qml["ToolBar.qml"]\n    Root --> node_venv["venv"]\n    node_venv --> node_venv_lib["lib"]\n    node_venv_lib --> node_venv_lib_python3_12["python3.12"]\n    node_venv_lib_python3_12 --> node_venv_lib_python3_12_site-packages["site-packages"]\n    node_venv_lib_python3_12_site-packages --> node_venv_lib_python3_12_site-packages_PyQt6["PyQt6"]\n    node_venv_lib_python3_12_site-packages_PyQt6 --> node_venv_lib_python3_12_site-packages_PyQt6_Qt6["Qt6"]\n    node_venv_lib_python3_12_site-packages_PyQt6_Qt6 --> node_venv_lib_python3_12_site-packages_PyQt6_Qt6_qml["qml"]\n    node_venv_lib_python3_12_site-packages_PyQt6_Qt6_qml --> node_venv_lib_python3_12_site-packages_PyQt6_Qt6_qml_QtQuick["QtQuick"]\n    node_venv_lib_python3_12_site-packages_PyQt6_Qt6_qml_QtQuick --> node_venv_lib_python3_12_site-packages_PyQt6_Qt6_qml_QtQuick_Controls["Controls"]\n    node_venv_lib_python3_12_site-packages_PyQt6_Qt6_qml_QtQuick_Controls --> node_venv_lib_python3_12_site-packages_PyQt6_Qt6_qml_QtQuick_Controls_Universal["Universal"]\n    node_venv_lib_python3_12_site-packages_PyQt6_Qt6_qml_QtQuick_Controls_Universal --> node_venv_lib_python3_12_site-packages_PyQt6_Qt6_qml_QtQuick_Controls_Universal_ToolButton_qml["ToolButton.qml"]\n    Root --> node_venv["venv"]\n    node_venv --> node_venv_lib["lib"]\n    node_venv_lib --> node_venv_lib_python3_12["python3.12"]\n    node_venv_lib_python3_12 --> node_venv_lib_python3_12_site-packages["site-packages"]\n    node_venv_lib_python3_12_site-packages --> node_venv_lib_python3_12_site-packages_PyQt6["PyQt6"]\n    node_venv_lib_python3_12_site-packages_PyQt6 --> node_venv_lib_python3_12_site-packages_PyQt6_Qt6["Qt6"]\n    node_venv_lib_python3_12_site-packages_PyQt6_Qt6 --> node_venv_lib_python3_12_site-packages_PyQt6_Qt6_qml["qml"]\n    node_venv_lib_python3_12_site-packages_PyQt6_Qt6_qml --> node_venv_lib_python3_12_site-packages_PyQt6_Qt6_qml_QtQuick["QtQuick"]\n    node_venv_lib_python3_12_site-packages_PyQt6_Qt6_qml_QtQuick --> node_venv_lib_python3_12_site-packages_PyQt6_Qt6_qml_QtQuick_Controls["Controls"]\n    node_venv_lib_python3_12_site-packages_PyQt6_Qt6_qml_QtQuick_Controls --> node_venv_lib_python3_12_site-packages_PyQt6_Qt6_qml_QtQuick_Controls_Universal["Universal"]\n    node_venv_lib_python3_12_site-packages_PyQt6_Qt6_qml_QtQuick_Controls_Universal --> node_venv_lib_python3_12_site-packages_PyQt6_Qt6_qml_QtQuick_Controls_Universal_ToolSeparator_qml["ToolSeparator.qml"]\n    Root --> node_venv["venv"]\n    node_venv --> node_venv_lib["lib"]\n    node_venv_lib --> node_venv_lib_python3_12["python3.12"]\n    node_venv_lib_python3_12 --> node_venv_lib_python3_12_site-packages["site-packages"]\n    node_venv_lib_python3_12_site-packages --> node_venv_lib_python3_12_site-packages_PyQt6["PyQt6"]\n    node_venv_lib_python3_12_site-packages_PyQt6 --> node_venv_lib_python3_12_site-packages_PyQt6_Qt6["Qt6"]\n    node_venv_lib_python3_12_site-packages_PyQt6_Qt6 --> node_venv_lib_python3_12_site-packages_PyQt6_Qt6_qml["qml"]\n    node_venv_lib_python3_12_site-packages_PyQt6_Qt6_qml --> node_venv_lib_python3_12_site-packages_PyQt6_Qt6_qml_QtQuick["QtQuick"]\n    node_venv_lib_python3_12_site-packages_PyQt6_Qt6_qml_QtQuick --> node_venv_lib_python3_12_site-packages_PyQt6_Qt6_qml_QtQuick_Controls["Controls"]\n    node_venv_lib_python3_12_site-packages_PyQt6_Qt6_qml_QtQuick_Controls --> node_venv_lib_python3_12_site-packages_PyQt6_Qt6_qml_QtQuick_Controls_Universal["Universal"]\n    node_venv_lib_python3_12_site-packages_PyQt6_Qt6_qml_QtQuick_Controls_Universal --> node_venv_lib_python3_12_site-packages_PyQt6_Qt6_qml_QtQuick_Controls_Universal_ToolTip_qml["ToolTip.qml"]\n    Root --> node_venv["venv"]\n    node_venv --> node_venv_lib["lib"]\n    node_venv_lib --> node_venv_lib_python3_12["python3.12"]\n    node_venv_lib_python3_12 --> node_venv_lib_python3_12_site-packages["site-packages"]\n    node_venv_lib_python3_12_site-packages --> node_venv_lib_python3_12_site-packages_PyQt6["PyQt6"]\n    node_venv_lib_python3_12_site-packages_PyQt6 --> node_venv_lib_python3_12_site-packages_PyQt6_Qt6["Qt6"]\n    node_venv_lib_python3_12_site-packages_PyQt6_Qt6 --> node_venv_lib_python3_12_site-packages_PyQt6_Qt6_qml["qml"]\n    node_venv_lib_python3_12_site-packages_PyQt6_Qt6_qml --> node_venv_lib_python3_12_site-packages_PyQt6_Qt6_qml_QtQuick["QtQuick"]\n    node_venv_lib_python3_12_site-packages_PyQt6_Qt6_qml_QtQuick --> node_venv_lib_python3_12_site-packages_PyQt6_Qt6_qml_QtQuick_Controls["Controls"]\n    node_venv_lib_python3_12_site-packages_PyQt6_Qt6_qml_QtQuick_Controls --> node_venv_lib_python3_12_site-packages_PyQt6_Qt6_qml_QtQuick_Controls_Universal["Universal"]\n    node_venv_lib_python3_12_site-packages_PyQt6_Qt6_qml_QtQuick_Controls_Universal --> node_venv_lib_python3_12_site-packages_PyQt6_Qt6_qml_QtQuick_Controls_Universal_Tumbler_qml["Tumbler.qml"]\n    Root --> node_venv["venv"]\n    node_venv --> node_venv_lib["lib"]\n    node_venv_lib --> node_venv_lib_python3_12["python3.12"]\n    node_venv_lib_python3_12 --> node_venv_lib_python3_12_site-packages["site-packages"]\n    node_venv_lib_python3_12_site-packages --> node_venv_lib_python3_12_site-packages_PyQt6["PyQt6"]\n    node_venv_lib_python3_12_site-packages_PyQt6 --> node_venv_lib_python3_12_site-packages_PyQt6_Qt6["Qt6"]\n    node_venv_lib_python3_12_site-packages_PyQt6_Qt6 --> node_venv_lib_python3_12_site-packages_PyQt6_Qt6_qml["qml"]\n    node_venv_lib_python3_12_site-packages_PyQt6_Qt6_qml --> node_venv_lib_python3_12_site-packages_PyQt6_Qt6_qml_QtQuick["QtQuick"]\n    node_venv_lib_python3_12_site-packages_PyQt6_Qt6_qml_QtQuick --> node_venv_lib_python3_12_site-packages_PyQt6_Qt6_qml_QtQuick_Controls["Controls"]\n    node_venv_lib_python3_12_site-packages_PyQt6_Qt6_qml_QtQuick_Controls --> node_venv_lib_python3_12_site-packages_PyQt6_Qt6_qml_QtQuick_Controls_Universal["Universal"]\n    node_venv_lib_python3_12_site-packages_PyQt6_Qt6_qml_QtQuick_Controls_Universal --> node_venv_lib_python3_12_site-packages_PyQt6_Qt6_qml_QtQuick_Controls_Universal_VerticalHeaderView_qml["VerticalHeaderView.qml"]\n    Root --> node_venv["venv"]\n    node_venv --> node_venv_lib["lib"]\n    node_venv_lib --> node_venv_lib_python3_12["python3.12"]\n    node_venv_lib_python3_12 --> node_venv_lib_python3_12_site-packages["site-packages"]\n    node_venv_lib_python3_12_site-packages --> node_venv_lib_python3_12_site-packages_PyQt6["PyQt6"]\n    node_venv_lib_python3_12_site-packages_PyQt6 --> node_venv_lib_python3_12_site-packages_PyQt6_Qt6["Qt6"]\n    node_venv_lib_python3_12_site-packages_PyQt6_Qt6 --> node_venv_lib_python3_12_site-packages_PyQt6_Qt6_qml["qml"]\n    node_venv_lib_python3_12_site-packages_PyQt6_Qt6_qml --> node_venv_lib_python3_12_site-packages_PyQt6_Qt6_qml_QtQuick["QtQuick"]\n    node_venv_lib_python3_12_site-packages_PyQt6_Qt6_qml_QtQuick --> node_venv_lib_python3_12_site-packages_PyQt6_Qt6_qml_QtQuick_Controls["Controls"]\n    node_venv_lib_python3_12_site-packages_PyQt6_Qt6_qml_QtQuick_Controls --> node_venv_lib_python3_12_site-packages_PyQt6_Qt6_qml_QtQuick_Controls_Universal["Universal"]\n    node_venv_lib_python3_12_site-packages_PyQt6_Qt6_qml_QtQuick_Controls_Universal --> node_venv_lib_python3_12_site-packages_PyQt6_Qt6_qml_QtQuick_Controls_Universal_VerticalHeaderViewDelegate_qml["VerticalHeaderViewDelegate.qml"]\n    Root --> node_venv["venv"]\n    node_venv --> node_venv_lib["lib"]\n    node_venv_lib --> node_venv_lib_python3_12["python3.12"]\n    node_venv_lib_python3_12 --> node_venv_lib_python3_12_site-packages["site-packages"]\n    node_venv_lib_python3_12_site-packages --> node_venv_lib_python3_12_site-packages_PyQt6["PyQt6"]\n    node_venv_lib_python3_12_site-packages_PyQt6 --> node_venv_lib_python3_12_site-packages_PyQt6_Qt6["Qt6"]\n    node_venv_lib_python3_12_site-packages_PyQt6_Qt6 --> node_venv_lib_python3_12_site-packages_PyQt6_Qt6_qml["qml"]\n    node_venv_lib_python3_12_site-packages_PyQt6_Qt6_qml --> node_venv_lib_python3_12_site-packages_PyQt6_Qt6_qml_QtQuick["QtQuick"]\n    node_venv_lib_python3_12_site-packages_PyQt6_Qt6_qml_QtQuick --> node_venv_lib_python3_12_site-packages_PyQt6_Qt6_qml_QtQuick_Controls["Controls"]\n    node_venv_lib_python3_12_site-packages_PyQt6_Qt6_qml_QtQuick_Controls --> node_venv_lib_python3_12_site-packages_PyQt6_Qt6_qml_QtQuick_Controls_Universal["Universal"]\n    node_venv_lib_python3_12_site-packages_PyQt6_Qt6_qml_QtQuick_Controls_Universal --> node_venv_lib_python3_12_site-packages_PyQt6_Qt6_qml_QtQuick_Controls_Universal_libqtquickcontrols2universalstyleplugin_dylib["libqtquickcontrols2universalstyleplugin.dylib"]\n    Root --> node_venv["venv"]\n    node_venv --> node_venv_lib["lib"]\n    node_venv_lib --> node_venv_lib_python3_12["python3.12"]\n    node_venv_lib_python3_12 --> node_venv_lib_python3_12_site-packages["site-packages"]\n    node_venv_lib_python3_12_site-packages --> node_venv_lib_python3_12_site-packages_PyQt6["PyQt6"]\n    node_venv_lib_python3_12_site-packages_PyQt6 --> node_venv_lib_python3_12_site-packages_PyQt6_Qt6["Qt6"]\n    node_venv_lib_python3_12_site-packages_PyQt6_Qt6 --> node_venv_lib_python3_12_site-packages_PyQt6_Qt6_qml["qml"]\n    node_venv_lib_python3_12_site-packages_PyQt6_Qt6_qml --> node_venv_lib_python3_12_site-packages_PyQt6_Qt6_qml_QtQuick["QtQuick"]\n    node_venv_lib_python3_12_site-packages_PyQt6_Qt6_qml_QtQuick --> node_venv_lib_python3_12_site-packages_PyQt6_Qt6_qml_QtQuick_Controls["Controls"]\n    node_venv_lib_python3_12_site-packages_PyQt6_Qt6_qml_QtQuick_Controls --> node_venv_lib_python3_12_site-packages_PyQt6_Qt6_qml_QtQuick_Controls_Universal["Universal"]\n    node_venv_lib_python3_12_site-packages_PyQt6_Qt6_qml_QtQuick_Controls_Universal --> node_venv_lib_python3_12_site-packages_PyQt6_Qt6_qml_QtQuick_Controls_Universal_plugins_qmltypes["plugins.qmltypes"]\n    Root --> node_venv["venv"]\n    node_venv --> node_venv_lib["lib"]\n    node_venv_lib --> node_venv_lib_python3_12["python3.12"]\n    node_venv_lib_python3_12 --> node_venv_lib_python3_12_site-packages["site-packages"]\n    node_venv_lib_python3_12_site-packages --> node_venv_lib_python3_12_site-packages_PyQt6["PyQt6"]\n    node_venv_lib_python3_12_site-packages_PyQt6 --> node_venv_lib_python3_12_site-packages_PyQt6_Qt6["Qt6"]\n    node_venv_lib_python3_12_site-packages_PyQt6_Qt6 --> node_venv_lib_python3_12_site-packages_PyQt6_Qt6_qml["qml"]\n    node_venv_lib_python3_12_site-packages_PyQt6_Qt6_qml --> node_venv_lib_python3_12_site-packages_PyQt6_Qt6_qml_QtQuick["QtQuick"]\n    node_venv_lib_python3_12_site-packages_PyQt6_Qt6_qml_QtQuick --> node_venv_lib_python3_12_site-packages_PyQt6_Qt6_qml_QtQuick_Controls["Controls"]\n    node_venv_lib_python3_12_site-packages_PyQt6_Qt6_qml_QtQuick_Controls --> node_venv_lib_python3_12_site-packages_PyQt6_Qt6_qml_QtQuick_Controls_Universal["Universal"]\n    node_venv_lib_python3_12_site-packages_PyQt6_Qt6_qml_QtQuick_Controls_Universal --> node_venv_lib_python3_12_site-packages_PyQt6_Qt6_qml_QtQuick_Controls_Universal_qmldir["qmldir"]\n    Root --> node_venv["venv"]\n    node_venv --> node_venv_lib["lib"]\n    node_venv_lib --> node_venv_lib_python3_12["python3.12"]\n    node_venv_lib_python3_12 --> node_venv_lib_python3_12_site-packages["site-packages"]\n    node_venv_lib_python3_12_site-packages --> node_venv_lib_python3_12_site-packages_PyQt6["PyQt6"]\n    node_venv_lib_python3_12_site-packages_PyQt6 --> node_venv_lib_python3_12_site-packages_PyQt6_Qt6["Qt6"]\n    node_venv_lib_python3_12_site-packages_PyQt6_Qt6 --> node_venv_lib_python3_12_site-packages_PyQt6_Qt6_qml["qml"]\n    node_venv_lib_python3_12_site-packages_PyQt6_Qt6_qml --> node_venv_lib_python3_12_site-packages_PyQt6_Qt6_qml_QtQuick["QtQuick"]\n    node_venv_lib_python3_12_site-packages_PyQt6_Qt6_qml_QtQuick --> node_venv_lib_python3_12_site-packages_PyQt6_Qt6_qml_QtQuick_Controls["Controls"]\n    node_venv_lib_python3_12_site-packages_PyQt6_Qt6_qml_QtQuick_Controls --> node_venv_lib_python3_12_site-packages_PyQt6_Qt6_qml_QtQuick_Controls_Universal["Universal"]\n    node_venv_lib_python3_12_site-packages_PyQt6_Qt6_qml_QtQuick_Controls_Universal --> node_venv_lib_python3_12_site-packages_PyQt6_Qt6_qml_QtQuick_Controls_Universal_impl["impl"]\n    node_venv_lib_python3_12_site-packages_PyQt6_Qt6_qml_QtQuick_Controls_Universal_impl --> node_venv_lib_python3_12_site-packages_PyQt6_Qt6_qml_QtQuick_Controls_Universal_impl_CheckIndicator_qml["CheckIndicator.qml"]\n    Root --> node_venv["venv"]\n    node_venv --> node_venv_lib["lib"]\n    node_venv_lib --> node_venv_lib_python3_12["python3.12"]\n    node_venv_lib_python3_12 --> node_venv_lib_python3_12_site-packages["site-packages"]\n    node_venv_lib_python3_12_site-packages --> node_venv_lib_python3_12_site-packages_PyQt6["PyQt6"]\n    node_venv_lib_python3_12_site-packages_PyQt6 --> node_venv_lib_python3_12_site-packages_PyQt6_Qt6["Qt6"]\n    node_venv_lib_python3_12_site-packages_PyQt6_Qt6 --> node_venv_lib_python3_12_site-packages_PyQt6_Qt6_qml["qml"]\n    node_venv_lib_python3_12_site-packages_PyQt6_Qt6_qml --> node_venv_lib_python3_12_site-packages_PyQt6_Qt6_qml_QtQuick["QtQuick"]\n    node_venv_lib_python3_12_site-packages_PyQt6_Qt6_qml_QtQuick --> node_venv_lib_python3_12_site-packages_PyQt6_Qt6_qml_QtQuick_Controls["Controls"]\n    node_venv_lib_python3_12_site-packages_PyQt6_Qt6_qml_QtQuick_Controls --> node_venv_lib_python3_12_site-packages_PyQt6_Qt6_qml_QtQuick_Controls_Universal["Universal"]\n    node_venv_lib_python3_12_site-packages_PyQt6_Qt6_qml_QtQuick_Controls_Universal --> node_venv_lib_python3_12_site-packages_PyQt6_Qt6_qml_QtQuick_Controls_Universal_impl["impl"]\n    node_venv_lib_python3_12_site-packages_PyQt6_Qt6_qml_QtQuick_Controls_Universal_impl --> node_venv_lib_python3_12_site-packages_PyQt6_Qt6_qml_QtQuick_Controls_Universal_impl_RadioIndicator_qml["RadioIndicator.qml"]\n    Root --> node_venv["venv"]\n    node_venv --> node_venv_lib["lib"]\n    node_venv_lib --> node_venv_lib_python3_12["python3.12"]\n    node_venv_lib_python3_12 --> node_venv_lib_python3_12_site-packages["site-packages"]\n    node_venv_lib_python3_12_site-packages --> node_venv_lib_python3_12_site-packages_PyQt6["PyQt6"]\n    node_venv_lib_python3_12_site-packages_PyQt6 --> node_venv_lib_python3_12_site-packages_PyQt6_Qt6["Qt6"]\n    node_venv_lib_python3_12_site-packages_PyQt6_Qt6 --> node_venv_lib_python3_12_site-packages_PyQt6_Qt6_qml["qml"]\n    node_venv_lib_python3_12_site-packages_PyQt6_Qt6_qml --> node_venv_lib_python3_12_site-packages_PyQt6_Qt6_qml_QtQuick["QtQuick"]\n    node_venv_lib_python3_12_site-packages_PyQt6_Qt6_qml_QtQuick --> node_venv_lib_python3_12_site-packages_PyQt6_Qt6_qml_QtQuick_Controls["Controls"]\n    node_venv_lib_python3_12_site-packages_PyQt6_Qt6_qml_QtQuick_Controls --> node_venv_lib_python3_12_site-packages_PyQt6_Qt6_qml_QtQuick_Controls_Universal["Universal"]\n    node_venv_lib_python3_12_site-packages_PyQt6_Qt6_qml_QtQuick_Controls_Universal --> node_venv_lib_python3_12_site-packages_PyQt6_Qt6_qml_QtQuick_Controls_Universal_impl["impl"]\n    node_venv_lib_python3_12_site-packages_PyQt6_Qt6_qml_QtQuick_Controls_Universal_impl --> node_venv_lib_python3_12_site-packages_PyQt6_Qt6_qml_QtQuick_Controls_Universal_impl_SwitchIndicator_qml["SwitchIndicator.qml"]\n    Root --> node_venv["venv"]\n    node_venv --> node_venv_lib["lib"]\n    node_venv_lib --> node_venv_lib_python3_12["python3.12"]\n    node_venv_lib_python3_12 --> node_venv_lib_python3_12_site-packages["site-packages"]\n    node_venv_lib_python3_12_site-packages --> node_venv_lib_python3_12_site-packages_PyQt6["PyQt6"]\n    node_venv_lib_python3_12_site-packages_PyQt6 --> node_venv_lib_python3_12_site-packages_PyQt6_Qt6["Qt6"]\n    node_venv_lib_python3_12_site-packages_PyQt6_Qt6 --> node_venv_lib_python3_12_site-packages_PyQt6_Qt6_qml["qml"]\n    node_venv_lib_python3_12_site-packages_PyQt6_Qt6_qml --> node_venv_lib_python3_12_site-packages_PyQt6_Qt6_qml_QtQuick["QtQuick"]\n    node_venv_lib_python3_12_site-packages_PyQt6_Qt6_qml_QtQuick --> node_venv_lib_python3_12_site-packages_PyQt6_Qt6_qml_QtQuick_Controls["Controls"]\n    node_venv_lib_python3_12_site-packages_PyQt6_Qt6_qml_QtQuick_Controls --> node_venv_lib_python3_12_site-packages_PyQt6_Qt6_qml_QtQuick_Controls_Universal["Universal"]\n    node_venv_lib_python3_12_site-packages_PyQt6_Qt6_qml_QtQuick_Controls_Universal --> node_venv_lib_python3_12_site-packages_PyQt6_Qt6_qml_QtQuick_Controls_Universal_impl["impl"]\n    node_venv_lib_python3_12_site-packages_PyQt6_Qt6_qml_QtQuick_Controls_Universal_impl --> node_venv_lib_python3_12_site-packages_PyQt6_Qt6_qml_QtQuick_Controls_Universal_impl_libqtquickcontrols2universalstyleimplplugin_dylib["libqtquickcontrols2universalstyleimplplugin.dylib"]\n    Root --> node_venv["venv"]\n    node_venv --> node_venv_lib["lib"]\n    node_venv_lib --> node_venv_lib_python3_12["python3.12"]\n    node_venv_lib_python3_12 --> node_venv_lib_python3_12_site-packages["site-packages"]\n    node_venv_lib_python3_12_site-packages --> node_venv_lib_python3_12_site-packages_PyQt6["PyQt6"]\n    node_venv_lib_python3_12_site-packages_PyQt6 --> node_venv_lib_python3_12_site-packages_PyQt6_Qt6["Qt6"]\n    node_venv_lib_python3_12_site-packages_PyQt6_Qt6 --> node_venv_lib_python3_12_site-packages_PyQt6_Qt6_qml["qml"]\n    node_venv_lib_python3_12_site-packages_PyQt6_Qt6_qml --> node_venv_lib_python3_12_site-packages_PyQt6_Qt6_qml_QtQuick["QtQuick"]\n    node_venv_lib_python3_12_site-packages_PyQt6_Qt6_qml_QtQuick --> node_venv_lib_python3_12_site-packages_PyQt6_Qt6_qml_QtQuick_Controls["Controls"]\n    node_venv_lib_python3_12_site-packages_PyQt6_Qt6_qml_QtQuick_Controls --> node_venv_lib_python3_12_site-packages_PyQt6_Qt6_qml_QtQuick_Controls_Universal["Universal"]\n    node_venv_lib_python3_12_site-packages_PyQt6_Qt6_qml_QtQuick_Controls_Universal --> node_venv_lib_python3_12_site-packages_PyQt6_Qt6_qml_QtQuick_Controls_Universal_impl["impl"]\n    node_venv_lib_python3_12_site-packages_PyQt6_Qt6_qml_QtQuick_Controls_Universal_impl --> node_venv_lib_python3_12_site-packages_PyQt6_Qt6_qml_QtQuick_Controls_Universal_impl_plugins_qmltypes["plugins.qmltypes"]\n    Root --> node_venv["venv"]\n    node_venv --> node_venv_lib["lib"]\n    node_venv_lib --> node_venv_lib_python3_12["python3.12"]\n    node_venv_lib_python3_12 --> node_venv_lib_python3_12_site-packages["site-packages"]\n    node_venv_lib_python3_12_site-packages --> node_venv_lib_python3_12_site-packages_PyQt6["PyQt6"]\n    node_venv_lib_python3_12_site-packages_PyQt6 --> node_venv_lib_python3_12_site-packages_PyQt6_Qt6["Qt6"]\n    node_venv_lib_python3_12_site-packages_PyQt6_Qt6 --> node_venv_lib_python3_12_site-packages_PyQt6_Qt6_qml["qml"]\n    node_venv_lib_python3_12_site-packages_PyQt6_Qt6_qml --> node_venv_lib_python3_12_site-packages_PyQt6_Qt6_qml_QtQuick["QtQuick"]\n    node_venv_lib_python3_12_site-packages_PyQt6_Qt6_qml_QtQuick --> node_venv_lib_python3_12_site-packages_PyQt6_Qt6_qml_QtQuick_Controls["Controls"]\n    node_venv_lib_python3_12_site-packages_PyQt6_Qt6_qml_QtQuick_Controls --> node_venv_lib_python3_12_site-packages_PyQt6_Qt6_qml_QtQuick_Controls_Universal["Universal"]\n    node_venv_lib_python3_12_site-packages_PyQt6_Qt6_qml_QtQuick_Controls_Universal --> node_venv_lib_python3_12_site-packages_PyQt6_Qt6_qml_QtQuick_Controls_Universal_impl["impl"]\n    node_venv_lib_python3_12_site-packages_PyQt6_Qt6_qml_QtQuick_Controls_Universal_impl --> node_venv_lib_python3_12_site-packages_PyQt6_Qt6_qml_QtQuick_Controls_Universal_impl_qmldir["qmldir"]\n    Root --> node_venv["venv"]\n    node_venv --> node_venv_lib["lib"]\n    node_venv_lib --> node_venv_lib_python3_12["python3.12"]\n    node_venv_lib_python3_12 --> node_venv_lib_python3_12_site-packages["site-packages"]\n    node_venv_lib_python3_12_site-packages --> node_venv_lib_python3_12_site-packages_PyQt6["PyQt6"]\n    node_venv_lib_python3_12_site-packages_PyQt6 --> node_venv_lib_python3_12_site-packages_PyQt6_Qt6["Qt6"]\n    node_venv_lib_python3_12_site-packages_PyQt6_Qt6 --> node_venv_lib_python3_12_site-packages_PyQt6_Qt6_qml["qml"]\n    node_venv_lib_python3_12_site-packages_PyQt6_Qt6_qml --> node_venv_lib_python3_12_site-packages_PyQt6_Qt6_qml_QtQuick["QtQuick"]\n    node_venv_lib_python3_12_site-packages_PyQt6_Qt6_qml_QtQuick --> node_venv_lib_python3_12_site-packages_PyQt6_Qt6_qml_QtQuick_Controls["Controls"]\n    node_venv_lib_python3_12_site-packages_PyQt6_Qt6_qml_QtQuick_Controls --> node_venv_lib_python3_12_site-packages_PyQt6_Qt6_qml_QtQuick_Controls_Basic["Basic"]\n    node_venv_lib_python3_12_site-packages_PyQt6_Qt6_qml_QtQuick_Controls_Basic --> node_venv_lib_python3_12_site-packages_PyQt6_Qt6_qml_QtQuick_Controls_Basic_AbstractButton_qml["AbstractButton.qml"]\n    Root --> node_venv["venv"]\n    node_venv --> node_venv_lib["lib"]\n    node_venv_lib --> node_venv_lib_python3_12["python3.12"]\n    node_venv_lib_python3_12 --> node_venv_lib_python3_12_site-packages["site-packages"]\n    node_venv_lib_python3_12_site-packages --> node_venv_lib_python3_12_site-packages_PyQt6["PyQt6"]\n    node_venv_lib_python3_12_site-packages_PyQt6 --> node_venv_lib_python3_12_site-packages_PyQt6_Qt6["Qt6"]\n    node_venv_lib_python3_12_site-packages_PyQt6_Qt6 --> node_venv_lib_python3_12_site-packages_PyQt6_Qt6_qml["qml"]\n    node_venv_lib_python3_12_site-packages_PyQt6_Qt6_qml --> node_venv_lib_python3_12_site-packages_PyQt6_Qt6_qml_QtQuick["QtQuick"]\n    node_venv_lib_python3_12_site-packages_PyQt6_Qt6_qml_QtQuick --> node_venv_lib_python3_12_site-packages_PyQt6_Qt6_qml_QtQuick_Controls["Controls"]\n    node_venv_lib_python3_12_site-packages_PyQt6_Qt6_qml_QtQuick_Controls --> node_venv_lib_python3_12_site-packages_PyQt6_Qt6_qml_QtQuick_Controls_Basic["Basic"]\n    node_venv_lib_python3_12_site-packages_PyQt6_Qt6_qml_QtQuick_Controls_Basic --> node_venv_lib_python3_12_site-packages_PyQt6_Qt6_qml_QtQuick_Controls_Basic_Action_qml["Action.qml"]\n    Root --> node_venv["venv"]\n    node_venv --> node_venv_lib["lib"]\n    node_venv_lib --> node_venv_lib_python3_12["python3.12"]\n    node_venv_lib_python3_12 --> node_venv_lib_python3_12_site-packages["site-packages"]\n    node_venv_lib_python3_12_site-packages --> node_venv_lib_python3_12_site-packages_PyQt6["PyQt6"]\n    node_venv_lib_python3_12_site-packages_PyQt6 --> node_venv_lib_python3_12_site-packages_PyQt6_Qt6["Qt6"]\n    node_venv_lib_python3_12_site-packages_PyQt6_Qt6 --> node_venv_lib_python3_12_site-packages_PyQt6_Qt6_qml["qml"]\n    node_venv_lib_python3_12_site-packages_PyQt6_Qt6_qml --> node_venv_lib_python3_12_site-packages_PyQt6_Qt6_qml_QtQuick["QtQuick"]\n    node_venv_lib_python3_12_site-packages_PyQt6_Qt6_qml_QtQuick --> node_venv_lib_python3_12_site-packages_PyQt6_Qt6_qml_QtQuick_Controls["Controls"]\n    node_venv_lib_python3_12_site-packages_PyQt6_Qt6_qml_QtQuick_Controls --> node_venv_lib_python3_12_site-packages_PyQt6_Qt6_qml_QtQuick_Controls_Basic["Basic"]\n    node_venv_lib_python3_12_site-packages_PyQt6_Qt6_qml_QtQuick_Controls_Basic --> node_venv_lib_python3_12_site-packages_PyQt6_Qt6_qml_QtQuick_Controls_Basic_ActionGroup_qml["ActionGroup.qml"]\n    Root --> node_venv["venv"]\n    node_venv --> node_venv_lib["lib"]\n    node_venv_lib --> node_venv_lib_python3_12["python3.12"]\n    node_venv_lib_python3_12 --> node_venv_lib_python3_12_site-packages["site-packages"]\n    node_venv_lib_python3_12_site-packages --> node_venv_lib_python3_12_site-packages_PyQt6["PyQt6"]\n    node_venv_lib_python3_12_site-packages_PyQt6 --> node_venv_lib_python3_12_site-packages_PyQt6_Qt6["Qt6"]\n    node_venv_lib_python3_12_site-packages_PyQt6_Qt6 --> node_venv_lib_python3_12_site-packages_PyQt6_Qt6_qml["qml"]\n    node_venv_lib_python3_12_site-packages_PyQt6_Qt6_qml --> node_venv_lib_python3_12_site-packages_PyQt6_Qt6_qml_QtQuick["QtQuick"]\n    node_venv_lib_python3_12_site-packages_PyQt6_Qt6_qml_QtQuick --> node_venv_lib_python3_12_site-packages_PyQt6_Qt6_qml_QtQuick_Controls["Controls"]\n    node_venv_lib_python3_12_site-packages_PyQt6_Qt6_qml_QtQuick_Controls --> node_venv_lib_python3_12_site-packages_PyQt6_Qt6_qml_QtQuick_Controls_Basic["Basic"]\n    node_venv_lib_python3_12_site-packages_PyQt6_Qt6_qml_QtQuick_Controls_Basic --> node_venv_lib_python3_12_site-packages_PyQt6_Qt6_qml_QtQuick_Controls_Basic_ApplicationWindow_qml["ApplicationWindow.qml"]\n    Root --> node_venv["venv"]\n    node_venv --> node_venv_lib["lib"]\n    node_venv_lib --> node_venv_lib_python3_12["python3.12"]\n    node_venv_lib_python3_12 --> node_venv_lib_python3_12_site-packages["site-packages"]\n    node_venv_lib_python3_12_site-packages --> node_venv_lib_python3_12_site-packages_PyQt6["PyQt6"]\n    node_venv_lib_python3_12_site-packages_PyQt6 --> node_venv_lib_python3_12_site-packages_PyQt6_Qt6["Qt6"]\n    node_venv_lib_python3_12_site-packages_PyQt6_Qt6 --> node_venv_lib_python3_12_site-packages_PyQt6_Qt6_qml["qml"]\n    node_venv_lib_python3_12_site-packages_PyQt6_Qt6_qml --> node_venv_lib_python3_12_site-packages_PyQt6_Qt6_qml_QtQuick["QtQuick"]\n    node_venv_lib_python3_12_site-packages_PyQt6_Qt6_qml_QtQuick --> node_venv_lib_python3_12_site-packages_PyQt6_Qt6_qml_QtQuick_Controls["Controls"]\n    node_venv_lib_python3_12_site-packages_PyQt6_Qt6_qml_QtQuick_Controls --> node_venv_lib_python3_12_site-packages_PyQt6_Qt6_qml_QtQuick_Controls_Basic["Basic"]\n    node_venv_lib_python3_12_site-packages_PyQt6_Qt6_qml_QtQuick_Controls_Basic --> node_venv_lib_python3_12_site-packages_PyQt6_Qt6_qml_QtQuick_Controls_Basic_BusyIndicator_qml["BusyIndicator.qml"]\n    Root --> node_venv["venv"]\n    node_venv --> node_venv_lib["lib"]\n    node_venv_lib --> node_venv_lib_python3_12["python3.12"]\n    node_venv_lib_python3_12 --> node_venv_lib_python3_12_site-packages["site-packages"]\n    node_venv_lib_python3_12_site-packages --> node_venv_lib_python3_12_site-packages_PyQt6["PyQt6"]\n    node_venv_lib_python3_12_site-packages_PyQt6 --> node_venv_lib_python3_12_site-packages_PyQt6_Qt6["Qt6"]\n    node_venv_lib_python3_12_site-packages_PyQt6_Qt6 --> node_venv_lib_python3_12_site-packages_PyQt6_Qt6_qml["qml"]\n    node_venv_lib_python3_12_site-packages_PyQt6_Qt6_qml --> node_venv_lib_python3_12_site-packages_PyQt6_Qt6_qml_QtQuick["QtQuick"]\n    node_venv_lib_python3_12_site-packages_PyQt6_Qt6_qml_QtQuick --> node_venv_lib_python3_12_site-packages_PyQt6_Qt6_qml_QtQuick_Controls["Controls"]\n    node_venv_lib_python3_12_site-packages_PyQt6_Qt6_qml_QtQuick_Controls --> node_venv_lib_python3_12_site-packages_PyQt6_Qt6_qml_QtQuick_Controls_Basic["Basic"]\n    node_venv_lib_python3_12_site-packages_PyQt6_Qt6_qml_QtQuick_Controls_Basic --> node_venv_lib_python3_12_site-packages_PyQt6_Qt6_qml_QtQuick_Controls_Basic_Button_qml["Button.qml"]\n    Root --> node_venv["venv"]\n    node_venv --> node_venv_lib["lib"]\n    node_venv_lib --> node_venv_lib_python3_12["python3.12"]\n    node_venv_lib_python3_12 --> node_venv_lib_python3_12_site-packages["site-packages"]\n    node_venv_lib_python3_12_site-packages --> node_venv_lib_python3_12_site-packages_PyQt6["PyQt6"]\n    node_venv_lib_python3_12_site-packages_PyQt6 --> node_venv_lib_python3_12_site-packages_PyQt6_Qt6["Qt6"]\n    node_venv_lib_python3_12_site-packages_PyQt6_Qt6 --> node_venv_lib_python3_12_site-packages_PyQt6_Qt6_qml["qml"]\n    node_venv_lib_python3_12_site-packages_PyQt6_Qt6_qml --> node_venv_lib_python3_12_site-packages_PyQt6_Qt6_qml_QtQuick["QtQuick"]\n    node_venv_lib_python3_12_site-packages_PyQt6_Qt6_qml_QtQuick --> node_venv_lib_python3_12_site-packages_PyQt6_Qt6_qml_QtQuick_Controls["Controls"]\n    node_venv_lib_python3_12_site-packages_PyQt6_Qt6_qml_QtQuick_Controls --> node_venv_lib_python3_12_site-packages_PyQt6_Qt6_qml_QtQuick_Controls_Basic["Basic"]\n    node_venv_lib_python3_12_site-packages_PyQt6_Qt6_qml_QtQuick_Controls_Basic --> node_venv_lib_python3_12_site-packages_PyQt6_Qt6_qml_QtQuick_Controls_Basic_ButtonGroup_qml["ButtonGroup.qml"]\n    Root --> node_venv["venv"]\n    node_venv --> node_venv_lib["lib"]\n    node_venv_lib --> node_venv_lib_python3_12["python3.12"]\n    node_venv_lib_python3_12 --> node_venv_lib_python3_12_site-packages["site-packages"]\n    node_venv_lib_python3_12_site-packages --> node_venv_lib_python3_12_site-packages_PyQt6["PyQt6"]\n    node_venv_lib_python3_12_site-packages_PyQt6 --> node_venv_lib_python3_12_site-packages_PyQt6_Qt6["Qt6"]\n    node_venv_lib_python3_12_site-packages_PyQt6_Qt6 --> node_venv_lib_python3_12_site-packages_PyQt6_Qt6_qml["qml"]\n    node_venv_lib_python3_12_site-packages_PyQt6_Qt6_qml --> node_venv_lib_python3_12_site-packages_PyQt6_Qt6_qml_QtQuick["QtQuick"]\n    node_venv_lib_python3_12_site-packages_PyQt6_Qt6_qml_QtQuick --> node_venv_lib_python3_12_site-packages_PyQt6_Qt6_qml_QtQuick_Controls["Controls"]\n    node_venv_lib_python3_12_site-packages_PyQt6_Qt6_qml_QtQuick_Controls --> node_venv_lib_python3_12_site-packages_PyQt6_Qt6_qml_QtQuick_Controls_Basic["Basic"]\n    node_venv_lib_python3_12_site-packages_PyQt6_Qt6_qml_QtQuick_Controls_Basic --> node_venv_lib_python3_12_site-packages_PyQt6_Qt6_qml_QtQuick_Controls_Basic_Calendar_qml["Calendar.qml"]\n    Root --> node_venv["venv"]\n    node_venv --> node_venv_lib["lib"]\n    node_venv_lib --> node_venv_lib_python3_12["python3.12"]\n    node_venv_lib_python3_12 --> node_venv_lib_python3_12_site-packages["site-packages"]\n    node_venv_lib_python3_12_site-packages --> node_venv_lib_python3_12_site-packages_PyQt6["PyQt6"]\n    node_venv_lib_python3_12_site-packages_PyQt6 --> node_venv_lib_python3_12_site-packages_PyQt6_Qt6["Qt6"]\n    node_venv_lib_python3_12_site-packages_PyQt6_Qt6 --> node_venv_lib_python3_12_site-packages_PyQt6_Qt6_qml["qml"]\n    node_venv_lib_python3_12_site-packages_PyQt6_Qt6_qml --> node_venv_lib_python3_12_site-packages_PyQt6_Qt6_qml_QtQuick["QtQuick"]\n    node_venv_lib_python3_12_site-packages_PyQt6_Qt6_qml_QtQuick --> node_venv_lib_python3_12_site-packages_PyQt6_Qt6_qml_QtQuick_Controls["Controls"]\n    node_venv_lib_python3_12_site-packages_PyQt6_Qt6_qml_QtQuick_Controls --> node_venv_lib_python3_12_site-packages_PyQt6_Qt6_qml_QtQuick_Controls_Basic["Basic"]\n    node_venv_lib_python3_12_site-packages_PyQt6_Qt6_qml_QtQuick_Controls_Basic --> node_venv_lib_python3_12_site-packages_PyQt6_Qt6_qml_QtQuick_Controls_Basic_CalendarModel_qml["CalendarModel.qml"]\n    Root --> node_venv["venv"]\n    node_venv --> node_venv_lib["lib"]\n    node_venv_lib --> node_venv_lib_python3_12["python3.12"]\n    node_venv_lib_python3_12 --> node_venv_lib_python3_12_site-packages["site-packages"]\n    node_venv_lib_python3_12_site-packages --> node_venv_lib_python3_12_site-packages_PyQt6["PyQt6"]\n    node_venv_lib_python3_12_site-packages_PyQt6 --> node_venv_lib_python3_12_site-packages_PyQt6_Qt6["Qt6"]\n    node_venv_lib_python3_12_site-packages_PyQt6_Qt6 --> node_venv_lib_python3_12_site-packages_PyQt6_Qt6_qml["qml"]\n    node_venv_lib_python3_12_site-packages_PyQt6_Qt6_qml --> node_venv_lib_python3_12_site-packages_PyQt6_Qt6_qml_QtQuick["QtQuick"]\n    node_venv_lib_python3_12_site-packages_PyQt6_Qt6_qml_QtQuick --> node_venv_lib_python3_12_site-packages_PyQt6_Qt6_qml_QtQuick_Controls["Controls"]\n    node_venv_lib_python3_12_site-packages_PyQt6_Qt6_qml_QtQuick_Controls --> node_venv_lib_python3_12_site-packages_PyQt6_Qt6_qml_QtQuick_Controls_Basic["Basic"]\n    node_venv_lib_python3_12_site-packages_PyQt6_Qt6_qml_QtQuick_Controls_Basic --> node_venv_lib_python3_12_site-packages_PyQt6_Qt6_qml_QtQuick_Controls_Basic_CheckBox_qml["CheckBox.qml"]\n    Root --> node_venv["venv"]\n    node_venv --> node_venv_lib["lib"]\n    node_venv_lib --> node_venv_lib_python3_12["python3.12"]\n    node_venv_lib_python3_12 --> node_venv_lib_python3_12_site-packages["site-packages"]\n    node_venv_lib_python3_12_site-packages --> node_venv_lib_python3_12_site-packages_PyQt6["PyQt6"]\n    node_venv_lib_python3_12_site-packages_PyQt6 --> node_venv_lib_python3_12_site-packages_PyQt6_Qt6["Qt6"]\n    node_venv_lib_python3_12_site-packages_PyQt6_Qt6 --> node_venv_lib_python3_12_site-packages_PyQt6_Qt6_qml["qml"]\n    node_venv_lib_python3_12_site-packages_PyQt6_Qt6_qml --> node_venv_lib_python3_12_site-packages_PyQt6_Qt6_qml_QtQuick["QtQuick"]\n    node_venv_lib_python3_12_site-packages_PyQt6_Qt6_qml_QtQuick --> node_venv_lib_python3_12_site-packages_PyQt6_Qt6_qml_QtQuick_Controls["Controls"]\n    node_venv_lib_python3_12_site-packages_PyQt6_Qt6_qml_QtQuick_Controls --> node_venv_lib_python3_12_site-packages_PyQt6_Qt6_qml_QtQuick_Controls_Basic["Basic"]\n    node_venv_lib_python3_12_site-packages_PyQt6_Qt6_qml_QtQuick_Controls_Basic --> node_venv_lib_python3_12_site-packages_PyQt6_Qt6_qml_QtQuick_Controls_Basic_CheckDelegate_qml["CheckDelegate.qml"]\n    Root --> node_venv["venv"]\n    node_venv --> node_venv_lib["lib"]\n    node_venv_lib --> node_venv_lib_python3_12["python3.12"]\n    node_venv_lib_python3_12 --> node_venv_lib_python3_12_site-packages["site-packages"]\n    node_venv_lib_python3_12_site-packages --> node_venv_lib_python3_12_site-packages_PyQt6["PyQt6"]\n    node_venv_lib_python3_12_site-packages_PyQt6 --> node_venv_lib_python3_12_site-packages_PyQt6_Qt6["Qt6"]\n    node_venv_lib_python3_12_site-packages_PyQt6_Qt6 --> node_venv_lib_python3_12_site-packages_PyQt6_Qt6_qml["qml"]\n    node_venv_lib_python3_12_site-packages_PyQt6_Qt6_qml --> node_venv_lib_python3_12_site-packages_PyQt6_Qt6_qml_QtQuick["QtQuick"]\n    node_venv_lib_python3_12_site-packages_PyQt6_Qt6_qml_QtQuick --> node_venv_lib_python3_12_site-packages_PyQt6_Qt6_qml_QtQuick_Controls["Controls"]\n    node_venv_lib_python3_12_site-packages_PyQt6_Qt6_qml_QtQuick_Controls --> node_venv_lib_python3_12_site-packages_PyQt6_Qt6_qml_QtQuick_Controls_Basic["Basic"]\n    node_venv_lib_python3_12_site-packages_PyQt6_Qt6_qml_QtQuick_Controls_Basic --> node_venv_lib_python3_12_site-packages_PyQt6_Qt6_qml_QtQuick_Controls_Basic_ComboBox_qml["ComboBox.qml"]\n    Root --> node_venv["venv"]\n    node_venv --> node_venv_lib["lib"]\n    node_venv_lib --> node_venv_lib_python3_12["python3.12"]\n    node_venv_lib_python3_12 --> node_venv_lib_python3_12_site-packages["site-packages"]\n    node_venv_lib_python3_12_site-packages --> node_venv_lib_python3_12_site-packages_PyQt6["PyQt6"]\n    node_venv_lib_python3_12_site-packages_PyQt6 --> node_venv_lib_python3_12_site-packages_PyQt6_Qt6["Qt6"]\n    node_venv_lib_python3_12_site-packages_PyQt6_Qt6 --> node_venv_lib_python3_12_site-packages_PyQt6_Qt6_qml["qml"]\n    node_venv_lib_python3_12_site-packages_PyQt6_Qt6_qml --> node_venv_lib_python3_12_site-packages_PyQt6_Qt6_qml_QtQuick["QtQuick"]\n    node_venv_lib_python3_12_site-packages_PyQt6_Qt6_qml_QtQuick --> node_venv_lib_python3_12_site-packages_PyQt6_Qt6_qml_QtQuick_Controls["Controls"]\n    node_venv_lib_python3_12_site-packages_PyQt6_Qt6_qml_QtQuick_Controls --> node_venv_lib_python3_12_site-packages_PyQt6_Qt6_qml_QtQuick_Controls_Basic["Basic"]\n    node_venv_lib_python3_12_site-packages_PyQt6_Qt6_qml_QtQuick_Controls_Basic --> node_venv_lib_python3_12_site-packages_PyQt6_Qt6_qml_QtQuick_Controls_Basic_Container_qml["Container.qml"]\n    Root --> node_venv["venv"]\n    node_venv --> node_venv_lib["lib"]\n    node_venv_lib --> node_venv_lib_python3_12["python3.12"]\n    node_venv_lib_python3_12 --> node_venv_lib_python3_12_site-packages["site-packages"]\n    node_venv_lib_python3_12_site-packages --> node_venv_lib_python3_12_site-packages_PyQt6["PyQt6"]\n    node_venv_lib_python3_12_site-packages_PyQt6 --> node_venv_lib_python3_12_site-packages_PyQt6_Qt6["Qt6"]\n    node_venv_lib_python3_12_site-packages_PyQt6_Qt6 --> node_venv_lib_python3_12_site-packages_PyQt6_Qt6_qml["qml"]\n    node_venv_lib_python3_12_site-packages_PyQt6_Qt6_qml --> node_venv_lib_python3_12_site-packages_PyQt6_Qt6_qml_QtQuick["QtQuick"]\n    node_venv_lib_python3_12_site-packages_PyQt6_Qt6_qml_QtQuick --> node_venv_lib_python3_12_site-packages_PyQt6_Qt6_qml_QtQuick_Controls["Controls"]\n    node_venv_lib_python3_12_site-packages_PyQt6_Qt6_qml_QtQuick_Controls --> node_venv_lib_python3_12_site-packages_PyQt6_Qt6_qml_QtQuick_Controls_Basic["Basic"]\n    node_venv_lib_python3_12_site-packages_PyQt6_Qt6_qml_QtQuick_Controls_Basic --> node_venv_lib_python3_12_site-packages_PyQt6_Qt6_qml_QtQuick_Controls_Basic_Control_qml["Control.qml"]\n    Root --> node_venv["venv"]\n    node_venv --> node_venv_lib["lib"]\n    node_venv_lib --> node_venv_lib_python3_12["python3.12"]\n    node_venv_lib_python3_12 --> node_venv_lib_python3_12_site-packages["site-packages"]\n    node_venv_lib_python3_12_site-packages --> node_venv_lib_python3_12_site-packages_PyQt6["PyQt6"]\n    node_venv_lib_python3_12_site-packages_PyQt6 --> node_venv_lib_python3_12_site-packages_PyQt6_Qt6["Qt6"]\n    node_venv_lib_python3_12_site-packages_PyQt6_Qt6 --> node_venv_lib_python3_12_site-packages_PyQt6_Qt6_qml["qml"]\n    node_venv_lib_python3_12_site-packages_PyQt6_Qt6_qml --> node_venv_lib_python3_12_site-packages_PyQt6_Qt6_qml_QtQuick["QtQuick"]\n    node_venv_lib_python3_12_site-packages_PyQt6_Qt6_qml_QtQuick --> node_venv_lib_python3_12_site-packages_PyQt6_Qt6_qml_QtQuick_Controls["Controls"]\n    node_venv_lib_python3_12_site-packages_PyQt6_Qt6_qml_QtQuick_Controls --> node_venv_lib_python3_12_site-packages_PyQt6_Qt6_qml_QtQuick_Controls_Basic["Basic"]\n    node_venv_lib_python3_12_site-packages_PyQt6_Qt6_qml_QtQuick_Controls_Basic --> node_venv_lib_python3_12_site-packages_PyQt6_Qt6_qml_QtQuick_Controls_Basic_DayOfWeekRow_qml["DayOfWeekRow.qml"]\n    Root --> node_venv["venv"]\n    node_venv --> node_venv_lib["lib"]\n    node_venv_lib --> node_venv_lib_python3_12["python3.12"]\n    node_venv_lib_python3_12 --> node_venv_lib_python3_12_site-packages["site-packages"]\n    node_venv_lib_python3_12_site-packages --> node_venv_lib_python3_12_site-packages_PyQt6["PyQt6"]\n    node_venv_lib_python3_12_site-packages_PyQt6 --> node_venv_lib_python3_12_site-packages_PyQt6_Qt6["Qt6"]\n    node_venv_lib_python3_12_site-packages_PyQt6_Qt6 --> node_venv_lib_python3_12_site-packages_PyQt6_Qt6_qml["qml"]\n    node_venv_lib_python3_12_site-packages_PyQt6_Qt6_qml --> node_venv_lib_python3_12_site-packages_PyQt6_Qt6_qml_QtQuick["QtQuick"]\n    node_venv_lib_python3_12_site-packages_PyQt6_Qt6_qml_QtQuick --> node_venv_lib_python3_12_site-packages_PyQt6_Qt6_qml_QtQuick_Controls["Controls"]\n    node_venv_lib_python3_12_site-packages_PyQt6_Qt6_qml_QtQuick_Controls --> node_venv_lib_python3_12_site-packages_PyQt6_Qt6_qml_QtQuick_Controls_Basic["Basic"]\n    node_venv_lib_python3_12_site-packages_PyQt6_Qt6_qml_QtQuick_Controls_Basic --> node_venv_lib_python3_12_site-packages_PyQt6_Qt6_qml_QtQuick_Controls_Basic_DelayButton_qml["DelayButton.qml"]\n    Root --> node_venv["venv"]\n    node_venv --> node_venv_lib["lib"]\n    node_venv_lib --> node_venv_lib_python3_12["python3.12"]\n    node_venv_lib_python3_12 --> node_venv_lib_python3_12_site-packages["site-packages"]\n    node_venv_lib_python3_12_site-packages --> node_venv_lib_python3_12_site-packages_PyQt6["PyQt6"]\n    node_venv_lib_python3_12_site-packages_PyQt6 --> node_venv_lib_python3_12_site-packages_PyQt6_Qt6["Qt6"]\n    node_venv_lib_python3_12_site-packages_PyQt6_Qt6 --> node_venv_lib_python3_12_site-packages_PyQt6_Qt6_qml["qml"]\n    node_venv_lib_python3_12_site-packages_PyQt6_Qt6_qml --> node_venv_lib_python3_12_site-packages_PyQt6_Qt6_qml_QtQuick["QtQuick"]\n    node_venv_lib_python3_12_site-packages_PyQt6_Qt6_qml_QtQuick --> node_venv_lib_python3_12_site-packages_PyQt6_Qt6_qml_QtQuick_Controls["Controls"]\n    node_venv_lib_python3_12_site-packages_PyQt6_Qt6_qml_QtQuick_Controls --> node_venv_lib_python3_12_site-packages_PyQt6_Qt6_qml_QtQuick_Controls_Basic["Basic"]\n    node_venv_lib_python3_12_site-packages_PyQt6_Qt6_qml_QtQuick_Controls_Basic --> node_venv_lib_python3_12_site-packages_PyQt6_Qt6_qml_QtQuick_Controls_Basic_Dial_qml["Dial.qml"]\n    Root --> node_venv["venv"]\n    node_venv --> node_venv_lib["lib"]\n    node_venv_lib --> node_venv_lib_python3_12["python3.12"]\n    node_venv_lib_python3_12 --> node_venv_lib_python3_12_site-packages["site-packages"]\n    node_venv_lib_python3_12_site-packages --> node_venv_lib_python3_12_site-packages_PyQt6["PyQt6"]\n    node_venv_lib_python3_12_site-packages_PyQt6 --> node_venv_lib_python3_12_site-packages_PyQt6_Qt6["Qt6"]\n    node_venv_lib_python3_12_site-packages_PyQt6_Qt6 --> node_venv_lib_python3_12_site-packages_PyQt6_Qt6_qml["qml"]\n    node_venv_lib_python3_12_site-packages_PyQt6_Qt6_qml --> node_venv_lib_python3_12_site-packages_PyQt6_Qt6_qml_QtQuick["QtQuick"]\n    node_venv_lib_python3_12_site-packages_PyQt6_Qt6_qml_QtQuick --> node_venv_lib_python3_12_site-packages_PyQt6_Qt6_qml_QtQuick_Controls["Controls"]\n    node_venv_lib_python3_12_site-packages_PyQt6_Qt6_qml_QtQuick_Controls --> node_venv_lib_python3_12_site-packages_PyQt6_Qt6_qml_QtQuick_Controls_Basic["Basic"]\n    node_venv_lib_python3_12_site-packages_PyQt6_Qt6_qml_QtQuick_Controls_Basic --> node_venv_lib_python3_12_site-packages_PyQt6_Qt6_qml_QtQuick_Controls_Basic_Dialog_qml["Dialog.qml"]\n    Root --> node_venv["venv"]\n    node_venv --> node_venv_lib["lib"]\n    node_venv_lib --> node_venv_lib_python3_12["python3.12"]\n    node_venv_lib_python3_12 --> node_venv_lib_python3_12_site-packages["site-packages"]\n    node_venv_lib_python3_12_site-packages --> node_venv_lib_python3_12_site-packages_PyQt6["PyQt6"]\n    node_venv_lib_python3_12_site-packages_PyQt6 --> node_venv_lib_python3_12_site-packages_PyQt6_Qt6["Qt6"]\n    node_venv_lib_python3_12_site-packages_PyQt6_Qt6 --> node_venv_lib_python3_12_site-packages_PyQt6_Qt6_qml["qml"]\n    node_venv_lib_python3_12_site-packages_PyQt6_Qt6_qml --> node_venv_lib_python3_12_site-packages_PyQt6_Qt6_qml_QtQuick["QtQuick"]\n    node_venv_lib_python3_12_site-packages_PyQt6_Qt6_qml_QtQuick --> node_venv_lib_python3_12_site-packages_PyQt6_Qt6_qml_QtQuick_Controls["Controls"]\n    node_venv_lib_python3_12_site-packages_PyQt6_Qt6_qml_QtQuick_Controls --> node_venv_lib_python3_12_site-packages_PyQt6_Qt6_qml_QtQuick_Controls_Basic["Basic"]\n    node_venv_lib_python3_12_site-packages_PyQt6_Qt6_qml_QtQuick_Controls_Basic --> node_venv_lib_python3_12_site-packages_PyQt6_Qt6_qml_QtQuick_Controls_Basic_DialogButtonBox_qml["DialogButtonBox.qml"]\n    Root --> node_venv["venv"]\n    node_venv --> node_venv_lib["lib"]\n    node_venv_lib --> node_venv_lib_python3_12["python3.12"]\n    node_venv_lib_python3_12 --> node_venv_lib_python3_12_site-packages["site-packages"]\n    node_venv_lib_python3_12_site-packages --> node_venv_lib_python3_12_site-packages_PyQt6["PyQt6"]\n    node_venv_lib_python3_12_site-packages_PyQt6 --> node_venv_lib_python3_12_site-packages_PyQt6_Qt6["Qt6"]\n    node_venv_lib_python3_12_site-packages_PyQt6_Qt6 --> node_venv_lib_python3_12_site-packages_PyQt6_Qt6_qml["qml"]\n    node_venv_lib_python3_12_site-packages_PyQt6_Qt6_qml --> node_venv_lib_python3_12_site-packages_PyQt6_Qt6_qml_QtQuick["QtQuick"]\n    node_venv_lib_python3_12_site-packages_PyQt6_Qt6_qml_QtQuick --> node_venv_lib_python3_12_site-packages_PyQt6_Qt6_qml_QtQuick_Controls["Controls"]\n    node_venv_lib_python3_12_site-packages_PyQt6_Qt6_qml_QtQuick_Controls --> node_venv_lib_python3_12_site-packages_PyQt6_Qt6_qml_QtQuick_Controls_Basic["Basic"]\n    node_venv_lib_python3_12_site-packages_PyQt6_Qt6_qml_QtQuick_Controls_Basic --> node_venv_lib_python3_12_site-packages_PyQt6_Qt6_qml_QtQuick_Controls_Basic_Drawer_qml["Drawer.qml"]\n    Root --> node_venv["venv"]\n    node_venv --> node_venv_lib["lib"]\n    node_venv_lib --> node_venv_lib_python3_12["python3.12"]\n    node_venv_lib_python3_12 --> node_venv_lib_python3_12_site-packages["site-packages"]\n    node_venv_lib_python3_12_site-packages --> node_venv_lib_python3_12_site-packages_PyQt6["PyQt6"]\n    node_venv_lib_python3_12_site-packages_PyQt6 --> node_venv_lib_python3_12_site-packages_PyQt6_Qt6["Qt6"]\n    node_venv_lib_python3_12_site-packages_PyQt6_Qt6 --> node_venv_lib_python3_12_site-packages_PyQt6_Qt6_qml["qml"]\n    node_venv_lib_python3_12_site-packages_PyQt6_Qt6_qml --> node_venv_lib_python3_12_site-packages_PyQt6_Qt6_qml_QtQuick["QtQuick"]\n    node_venv_lib_python3_12_site-packages_PyQt6_Qt6_qml_QtQuick --> node_venv_lib_python3_12_site-packages_PyQt6_Qt6_qml_QtQuick_Controls["Controls"]\n    node_venv_lib_python3_12_site-packages_PyQt6_Qt6_qml_QtQuick_Controls --> node_venv_lib_python3_12_site-packages_PyQt6_Qt6_qml_QtQuick_Controls_Basic["Basic"]\n    node_venv_lib_python3_12_site-packages_PyQt6_Qt6_qml_QtQuick_Controls_Basic --> node_venv_lib_python3_12_site-packages_PyQt6_Qt6_qml_QtQuick_Controls_Basic_Frame_qml["Frame.qml"]\n    Root --> node_venv["venv"]\n    node_venv --> node_venv_lib["lib"]\n    node_venv_lib --> node_venv_lib_python3_12["python3.12"]\n    node_venv_lib_python3_12 --> node_venv_lib_python3_12_site-packages["site-packages"]\n    node_venv_lib_python3_12_site-packages --> node_venv_lib_python3_12_site-packages_PyQt6["PyQt6"]\n    node_venv_lib_python3_12_site-packages_PyQt6 --> node_venv_lib_python3_12_site-packages_PyQt6_Qt6["Qt6"]\n    node_venv_lib_python3_12_site-packages_PyQt6_Qt6 --> node_venv_lib_python3_12_site-packages_PyQt6_Qt6_qml["qml"]\n    node_venv_lib_python3_12_site-packages_PyQt6_Qt6_qml --> node_venv_lib_python3_12_site-packages_PyQt6_Qt6_qml_QtQuick["QtQuick"]\n    node_venv_lib_python3_12_site-packages_PyQt6_Qt6_qml_QtQuick --> node_venv_lib_python3_12_site-packages_PyQt6_Qt6_qml_QtQuick_Controls["Controls"]\n    node_venv_lib_python3_12_site-packages_PyQt6_Qt6_qml_QtQuick_Controls --> node_venv_lib_python3_12_site-packages_PyQt6_Qt6_qml_QtQuick_Controls_Basic["Basic"]\n    node_venv_lib_python3_12_site-packages_PyQt6_Qt6_qml_QtQuick_Controls_Basic --> node_venv_lib_python3_12_site-packages_PyQt6_Qt6_qml_QtQuick_Controls_Basic_GroupBox_qml["GroupBox.qml"]\n    Root --> node_venv["venv"]\n    node_venv --> node_venv_lib["lib"]\n    node_venv_lib --> node_venv_lib_python3_12["python3.12"]\n    node_venv_lib_python3_12 --> node_venv_lib_python3_12_site-packages["site-packages"]\n    node_venv_lib_python3_12_site-packages --> node_venv_lib_python3_12_site-packages_PyQt6["PyQt6"]\n    node_venv_lib_python3_12_site-packages_PyQt6 --> node_venv_lib_python3_12_site-packages_PyQt6_Qt6["Qt6"]\n    node_venv_lib_python3_12_site-packages_PyQt6_Qt6 --> node_venv_lib_python3_12_site-packages_PyQt6_Qt6_qml["qml"]\n    node_venv_lib_python3_12_site-packages_PyQt6_Qt6_qml --> node_venv_lib_python3_12_site-packages_PyQt6_Qt6_qml_QtQuick["QtQuick"]\n    node_venv_lib_python3_12_site-packages_PyQt6_Qt6_qml_QtQuick --> node_venv_lib_python3_12_site-packages_PyQt6_Qt6_qml_QtQuick_Controls["Controls"]\n    node_venv_lib_python3_12_site-packages_PyQt6_Qt6_qml_QtQuick_Controls --> node_venv_lib_python3_12_site-packages_PyQt6_Qt6_qml_QtQuick_Controls_Basic["Basic"]\n    node_venv_lib_python3_12_site-packages_PyQt6_Qt6_qml_QtQuick_Controls_Basic --> node_venv_lib_python3_12_site-packages_PyQt6_Qt6_qml_QtQuick_Controls_Basic_HorizontalHeaderView_qml["HorizontalHeaderView.qml"]\n    Root --> node_venv["venv"]\n    node_venv --> node_venv_lib["lib"]\n    node_venv_lib --> node_venv_lib_python3_12["python3.12"]\n    node_venv_lib_python3_12 --> node_venv_lib_python3_12_site-packages["site-packages"]\n    node_venv_lib_python3_12_site-packages --> node_venv_lib_python3_12_site-packages_PyQt6["PyQt6"]\n    node_venv_lib_python3_12_site-packages_PyQt6 --> node_venv_lib_python3_12_site-packages_PyQt6_Qt6["Qt6"]\n    node_venv_lib_python3_12_site-packages_PyQt6_Qt6 --> node_venv_lib_python3_12_site-packages_PyQt6_Qt6_qml["qml"]\n    node_venv_lib_python3_12_site-packages_PyQt6_Qt6_qml --> node_venv_lib_python3_12_site-packages_PyQt6_Qt6_qml_QtQuick["QtQuick"]\n    node_venv_lib_python3_12_site-packages_PyQt6_Qt6_qml_QtQuick --> node_venv_lib_python3_12_site-packages_PyQt6_Qt6_qml_QtQuick_Controls["Controls"]\n    node_venv_lib_python3_12_site-packages_PyQt6_Qt6_qml_QtQuick_Controls --> node_venv_lib_python3_12_site-packages_PyQt6_Qt6_qml_QtQuick_Controls_Basic["Basic"]\n    node_venv_lib_python3_12_site-packages_PyQt6_Qt6_qml_QtQuick_Controls_Basic --> node_venv_lib_python3_12_site-packages_PyQt6_Qt6_qml_QtQuick_Controls_Basic_HorizontalHeaderViewDelegate_qml["HorizontalHeaderViewDelegate.qml"]\n    Root --> node_venv["venv"]\n    node_venv --> node_venv_lib["lib"]\n    node_venv_lib --> node_venv_lib_python3_12["python3.12"]\n    node_venv_lib_python3_12 --> node_venv_lib_python3_12_site-packages["site-packages"]\n    node_venv_lib_python3_12_site-packages --> node_venv_lib_python3_12_site-packages_PyQt6["PyQt6"]\n    node_venv_lib_python3_12_site-packages_PyQt6 --> node_venv_lib_python3_12_site-packages_PyQt6_Qt6["Qt6"]\n    node_venv_lib_python3_12_site-packages_PyQt6_Qt6 --> node_venv_lib_python3_12_site-packages_PyQt6_Qt6_qml["qml"]\n    node_venv_lib_python3_12_site-packages_PyQt6_Qt6_qml --> node_venv_lib_python3_12_site-packages_PyQt6_Qt6_qml_QtQuick["QtQuick"]\n    node_venv_lib_python3_12_site-packages_PyQt6_Qt6_qml_QtQuick --> node_venv_lib_python3_12_site-packages_PyQt6_Qt6_qml_QtQuick_Controls["Controls"]\n    node_venv_lib_python3_12_site-packages_PyQt6_Qt6_qml_QtQuick_Controls --> node_venv_lib_python3_12_site-packages_PyQt6_Qt6_qml_QtQuick_Controls_Basic["Basic"]\n    node_venv_lib_python3_12_site-packages_PyQt6_Qt6_qml_QtQuick_Controls_Basic --> node_venv_lib_python3_12_site-packages_PyQt6_Qt6_qml_QtQuick_Controls_Basic_ItemDelegate_qml["ItemDelegate.qml"]\n    Root --> node_venv["venv"]\n    node_venv --> node_venv_lib["lib"]\n    node_venv_lib --> node_venv_lib_python3_12["python3.12"]\n    node_venv_lib_python3_12 --> node_venv_lib_python3_12_site-packages["site-packages"]\n    node_venv_lib_python3_12_site-packages --> node_venv_lib_python3_12_site-packages_PyQt6["PyQt6"]\n    node_venv_lib_python3_12_site-packages_PyQt6 --> node_venv_lib_python3_12_site-packages_PyQt6_Qt6["Qt6"]\n    node_venv_lib_python3_12_site-packages_PyQt6_Qt6 --> node_venv_lib_python3_12_site-packages_PyQt6_Qt6_qml["qml"]\n    node_venv_lib_python3_12_site-packages_PyQt6_Qt6_qml --> node_venv_lib_python3_12_site-packages_PyQt6_Qt6_qml_QtQuick["QtQuick"]\n    node_venv_lib_python3_12_site-packages_PyQt6_Qt6_qml_QtQuick --> node_venv_lib_python3_12_site-packages_PyQt6_Qt6_qml_QtQuick_Controls["Controls"]\n    node_venv_lib_python3_12_site-packages_PyQt6_Qt6_qml_QtQuick_Controls --> node_venv_lib_python3_12_site-packages_PyQt6_Qt6_qml_QtQuick_Controls_Basic["Basic"]\n    node_venv_lib_python3_12_site-packages_PyQt6_Qt6_qml_QtQuick_Controls_Basic --> node_venv_lib_python3_12_site-packages_PyQt6_Qt6_qml_QtQuick_Controls_Basic_Label_qml["Label.qml"]\n    Root --> node_venv["venv"]\n    node_venv --> node_venv_lib["lib"]\n    node_venv_lib --> node_venv_lib_python3_12["python3.12"]\n    node_venv_lib_python3_12 --> node_venv_lib_python3_12_site-packages["site-packages"]\n    node_venv_lib_python3_12_site-packages --> node_venv_lib_python3_12_site-packages_PyQt6["PyQt6"]\n    node_venv_lib_python3_12_site-packages_PyQt6 --> node_venv_lib_python3_12_site-packages_PyQt6_Qt6["Qt6"]\n    node_venv_lib_python3_12_site-packages_PyQt6_Qt6 --> node_venv_lib_python3_12_site-packages_PyQt6_Qt6_qml["qml"]\n    node_venv_lib_python3_12_site-packages_PyQt6_Qt6_qml --> node_venv_lib_python3_12_site-packages_PyQt6_Qt6_qml_QtQuick["QtQuick"]\n    node_venv_lib_python3_12_site-packages_PyQt6_Qt6_qml_QtQuick --> node_venv_lib_python3_12_site-packages_PyQt6_Qt6_qml_QtQuick_Controls["Controls"]\n    node_venv_lib_python3_12_site-packages_PyQt6_Qt6_qml_QtQuick_Controls --> node_venv_lib_python3_12_site-packages_PyQt6_Qt6_qml_QtQuick_Controls_Basic["Basic"]\n    node_venv_lib_python3_12_site-packages_PyQt6_Qt6_qml_QtQuick_Controls_Basic --> node_venv_lib_python3_12_site-packages_PyQt6_Qt6_qml_QtQuick_Controls_Basic_Menu_qml["Menu.qml"]\n    Root --> node_venv["venv"]\n    node_venv --> node_venv_lib["lib"]\n    node_venv_lib --> node_venv_lib_python3_12["python3.12"]\n    node_venv_lib_python3_12 --> node_venv_lib_python3_12_site-packages["site-packages"]\n    node_venv_lib_python3_12_site-packages --> node_venv_lib_python3_12_site-packages_PyQt6["PyQt6"]\n    node_venv_lib_python3_12_site-packages_PyQt6 --> node_venv_lib_python3_12_site-packages_PyQt6_Qt6["Qt6"]\n    node_venv_lib_python3_12_site-packages_PyQt6_Qt6 --> node_venv_lib_python3_12_site-packages_PyQt6_Qt6_qml["qml"]\n    node_venv_lib_python3_12_site-packages_PyQt6_Qt6_qml --> node_venv_lib_python3_12_site-packages_PyQt6_Qt6_qml_QtQuick["QtQuick"]\n    node_venv_lib_python3_12_site-packages_PyQt6_Qt6_qml_QtQuick --> node_venv_lib_python3_12_site-packages_PyQt6_Qt6_qml_QtQuick_Controls["Controls"]\n    node_venv_lib_python3_12_site-packages_PyQt6_Qt6_qml_QtQuick_Controls --> node_venv_lib_python3_12_site-packages_PyQt6_Qt6_qml_QtQuick_Controls_Basic["Basic"]\n    node_venv_lib_python3_12_site-packages_PyQt6_Qt6_qml_QtQuick_Controls_Basic --> node_venv_lib_python3_12_site-packages_PyQt6_Qt6_qml_QtQuick_Controls_Basic_MenuBar_qml["MenuBar.qml"]\n    Root --> node_venv["venv"]\n    node_venv --> node_venv_lib["lib"]\n    node_venv_lib --> node_venv_lib_python3_12["python3.12"]\n    node_venv_lib_python3_12 --> node_venv_lib_python3_12_site-packages["site-packages"]\n    node_venv_lib_python3_12_site-packages --> node_venv_lib_python3_12_site-packages_PyQt6["PyQt6"]\n    node_venv_lib_python3_12_site-packages_PyQt6 --> node_venv_lib_python3_12_site-packages_PyQt6_Qt6["Qt6"]\n    node_venv_lib_python3_12_site-packages_PyQt6_Qt6 --> node_venv_lib_python3_12_site-packages_PyQt6_Qt6_qml["qml"]\n    node_venv_lib_python3_12_site-packages_PyQt6_Qt6_qml --> node_venv_lib_python3_12_site-packages_PyQt6_Qt6_qml_QtQuick["QtQuick"]\n    node_venv_lib_python3_12_site-packages_PyQt6_Qt6_qml_QtQuick --> node_venv_lib_python3_12_site-packages_PyQt6_Qt6_qml_QtQuick_Controls["Controls"]\n    node_venv_lib_python3_12_site-packages_PyQt6_Qt6_qml_QtQuick_Controls --> node_venv_lib_python3_12_site-packages_PyQt6_Qt6_qml_QtQuick_Controls_Basic["Basic"]\n    node_venv_lib_python3_12_site-packages_PyQt6_Qt6_qml_QtQuick_Controls_Basic --> node_venv_lib_python3_12_site-packages_PyQt6_Qt6_qml_QtQuick_Controls_Basic_MenuBarItem_qml["MenuBarItem.qml"]\n    Root --> node_venv["venv"]\n    node_venv --> node_venv_lib["lib"]\n    node_venv_lib --> node_venv_lib_python3_12["python3.12"]\n    node_venv_lib_python3_12 --> node_venv_lib_python3_12_site-packages["site-packages"]\n    node_venv_lib_python3_12_site-packages --> node_venv_lib_python3_12_site-packages_PyQt6["PyQt6"]\n    node_venv_lib_python3_12_site-packages_PyQt6 --> node_venv_lib_python3_12_site-packages_PyQt6_Qt6["Qt6"]\n    node_venv_lib_python3_12_site-packages_PyQt6_Qt6 --> node_venv_lib_python3_12_site-packages_PyQt6_Qt6_qml["qml"]\n    node_venv_lib_python3_12_site-packages_PyQt6_Qt6_qml --> node_venv_lib_python3_12_site-packages_PyQt6_Qt6_qml_QtQuick["QtQuick"]\n    node_venv_lib_python3_12_site-packages_PyQt6_Qt6_qml_QtQuick --> node_venv_lib_python3_12_site-packages_PyQt6_Qt6_qml_QtQuick_Controls["Controls"]\n    node_venv_lib_python3_12_site-packages_PyQt6_Qt6_qml_QtQuick_Controls --> node_venv_lib_python3_12_site-packages_PyQt6_Qt6_qml_QtQuick_Controls_Basic["Basic"]\n    node_venv_lib_python3_12_site-packages_PyQt6_Qt6_qml_QtQuick_Controls_Basic --> node_venv_lib_python3_12_site-packages_PyQt6_Qt6_qml_QtQuick_Controls_Basic_MenuItem_qml["MenuItem.qml"]\n    Root --> node_venv["venv"]\n    node_venv --> node_venv_lib["lib"]\n    node_venv_lib --> node_venv_lib_python3_12["python3.12"]\n    node_venv_lib_python3_12 --> node_venv_lib_python3_12_site-packages["site-packages"]\n    node_venv_lib_python3_12_site-packages --> node_venv_lib_python3_12_site-packages_PyQt6["PyQt6"]\n    node_venv_lib_python3_12_site-packages_PyQt6 --> node_venv_lib_python3_12_site-packages_PyQt6_Qt6["Qt6"]\n    node_venv_lib_python3_12_site-packages_PyQt6_Qt6 --> node_venv_lib_python3_12_site-packages_PyQt6_Qt6_qml["qml"]\n    node_venv_lib_python3_12_site-packages_PyQt6_Qt6_qml --> node_venv_lib_python3_12_site-packages_PyQt6_Qt6_qml_QtQuick["QtQuick"]\n    node_venv_lib_python3_12_site-packages_PyQt6_Qt6_qml_QtQuick --> node_venv_lib_python3_12_site-packages_PyQt6_Qt6_qml_QtQuick_Controls["Controls"]\n    node_venv_lib_python3_12_site-packages_PyQt6_Qt6_qml_QtQuick_Controls --> node_venv_lib_python3_12_site-packages_PyQt6_Qt6_qml_QtQuick_Controls_Basic["Basic"]\n    node_venv_lib_python3_12_site-packages_PyQt6_Qt6_qml_QtQuick_Controls_Basic --> node_venv_lib_python3_12_site-packages_PyQt6_Qt6_qml_QtQuick_Controls_Basic_MenuSeparator_qml["MenuSeparator.qml"]\n    Root --> node_venv["venv"]\n    node_venv --> node_venv_lib["lib"]\n    node_venv_lib --> node_venv_lib_python3_12["python3.12"]\n    node_venv_lib_python3_12 --> node_venv_lib_python3_12_site-packages["site-packages"]\n    node_venv_lib_python3_12_site-packages --> node_venv_lib_python3_12_site-packages_PyQt6["PyQt6"]\n    node_venv_lib_python3_12_site-packages_PyQt6 --> node_venv_lib_python3_12_site-packages_PyQt6_Qt6["Qt6"]\n    node_venv_lib_python3_12_site-packages_PyQt6_Qt6 --> node_venv_lib_python3_12_site-packages_PyQt6_Qt6_qml["qml"]\n    node_venv_lib_python3_12_site-packages_PyQt6_Qt6_qml --> node_venv_lib_python3_12_site-packages_PyQt6_Qt6_qml_QtQuick["QtQuick"]\n    node_venv_lib_python3_12_site-packages_PyQt6_Qt6_qml_QtQuick --> node_venv_lib_python3_12_site-packages_PyQt6_Qt6_qml_QtQuick_Controls["Controls"]\n    node_venv_lib_python3_12_site-packages_PyQt6_Qt6_qml_QtQuick_Controls --> node_venv_lib_python3_12_site-packages_PyQt6_Qt6_qml_QtQuick_Controls_Basic["Basic"]\n    node_venv_lib_python3_12_site-packages_PyQt6_Qt6_qml_QtQuick_Controls_Basic --> node_venv_lib_python3_12_site-packages_PyQt6_Qt6_qml_QtQuick_Controls_Basic_MonthGrid_qml["MonthGrid.qml"]\n    Root --> node_venv["venv"]\n    node_venv --> node_venv_lib["lib"]\n    node_venv_lib --> node_venv_lib_python3_12["python3.12"]\n    node_venv_lib_python3_12 --> node_venv_lib_python3_12_site-packages["site-packages"]\n    node_venv_lib_python3_12_site-packages --> node_venv_lib_python3_12_site-packages_PyQt6["PyQt6"]\n    node_venv_lib_python3_12_site-packages_PyQt6 --> node_venv_lib_python3_12_site-packages_PyQt6_Qt6["Qt6"]\n    node_venv_lib_python3_12_site-packages_PyQt6_Qt6 --> node_venv_lib_python3_12_site-packages_PyQt6_Qt6_qml["qml"]\n    node_venv_lib_python3_12_site-packages_PyQt6_Qt6_qml --> node_venv_lib_python3_12_site-packages_PyQt6_Qt6_qml_QtQuick["QtQuick"]\n    node_venv_lib_python3_12_site-packages_PyQt6_Qt6_qml_QtQuick --> node_venv_lib_python3_12_site-packages_PyQt6_Qt6_qml_QtQuick_Controls["Controls"]\n    node_venv_lib_python3_12_site-packages_PyQt6_Qt6_qml_QtQuick_Controls --> node_venv_lib_python3_12_site-packages_PyQt6_Qt6_qml_QtQuick_Controls_Basic["Basic"]\n    node_venv_lib_python3_12_site-packages_PyQt6_Qt6_qml_QtQuick_Controls_Basic --> node_venv_lib_python3_12_site-packages_PyQt6_Qt6_qml_QtQuick_Controls_Basic_Page_qml["Page.qml"]\n    Root --> node_venv["venv"]\n    node_venv --> node_venv_lib["lib"]\n    node_venv_lib --> node_venv_lib_python3_12["python3.12"]\n    node_venv_lib_python3_12 --> node_venv_lib_python3_12_site-packages["site-packages"]\n    node_venv_lib_python3_12_site-packages --> node_venv_lib_python3_12_site-packages_PyQt6["PyQt6"]\n    node_venv_lib_python3_12_site-packages_PyQt6 --> node_venv_lib_python3_12_site-packages_PyQt6_Qt6["Qt6"]\n    node_venv_lib_python3_12_site-packages_PyQt6_Qt6 --> node_venv_lib_python3_12_site-packages_PyQt6_Qt6_qml["qml"]\n    node_venv_lib_python3_12_site-packages_PyQt6_Qt6_qml --> node_venv_lib_python3_12_site-packages_PyQt6_Qt6_qml_QtQuick["QtQuick"]\n    node_venv_lib_python3_12_site-packages_PyQt6_Qt6_qml_QtQuick --> node_venv_lib_python3_12_site-packages_PyQt6_Qt6_qml_QtQuick_Controls["Controls"]\n    node_venv_lib_python3_12_site-packages_PyQt6_Qt6_qml_QtQuick_Controls --> node_venv_lib_python3_12_site-packages_PyQt6_Qt6_qml_QtQuick_Controls_Basic["Basic"]\n    node_venv_lib_python3_12_site-packages_PyQt6_Qt6_qml_QtQuick_Controls_Basic --> node_venv_lib_python3_12_site-packages_PyQt6_Qt6_qml_QtQuick_Controls_Basic_PageIndicator_qml["PageIndicator.qml"]\n    Root --> node_venv["venv"]\n    node_venv --> node_venv_lib["lib"]\n    node_venv_lib --> node_venv_lib_python3_12["python3.12"]\n    node_venv_lib_python3_12 --> node_venv_lib_python3_12_site-packages["site-packages"]\n    node_venv_lib_python3_12_site-packages --> node_venv_lib_python3_12_site-packages_PyQt6["PyQt6"]\n    node_venv_lib_python3_12_site-packages_PyQt6 --> node_venv_lib_python3_12_site-packages_PyQt6_Qt6["Qt6"]\n    node_venv_lib_python3_12_site-packages_PyQt6_Qt6 --> node_venv_lib_python3_12_site-packages_PyQt6_Qt6_qml["qml"]\n    node_venv_lib_python3_12_site-packages_PyQt6_Qt6_qml --> node_venv_lib_python3_12_site-packages_PyQt6_Qt6_qml_QtQuick["QtQuick"]\n    node_venv_lib_python3_12_site-packages_PyQt6_Qt6_qml_QtQuick --> node_venv_lib_python3_12_site-packages_PyQt6_Qt6_qml_QtQuick_Controls["Controls"]\n    node_venv_lib_python3_12_site-packages_PyQt6_Qt6_qml_QtQuick_Controls --> node_venv_lib_python3_12_site-packages_PyQt6_Qt6_qml_QtQuick_Controls_Basic["Basic"]\n    node_venv_lib_python3_12_site-packages_PyQt6_Qt6_qml_QtQuick_Controls_Basic --> node_venv_lib_python3_12_site-packages_PyQt6_Qt6_qml_QtQuick_Controls_Basic_Pane_qml["Pane.qml"]\n    Root --> node_venv["venv"]\n    node_venv --> node_venv_lib["lib"]\n    node_venv_lib --> node_venv_lib_python3_12["python3.12"]\n    node_venv_lib_python3_12 --> node_venv_lib_python3_12_site-packages["site-packages"]\n    node_venv_lib_python3_12_site-packages --> node_venv_lib_python3_12_site-packages_PyQt6["PyQt6"]\n    node_venv_lib_python3_12_site-packages_PyQt6 --> node_venv_lib_python3_12_site-packages_PyQt6_Qt6["Qt6"]\n    node_venv_lib_python3_12_site-packages_PyQt6_Qt6 --> node_venv_lib_python3_12_site-packages_PyQt6_Qt6_qml["qml"]\n    node_venv_lib_python3_12_site-packages_PyQt6_Qt6_qml --> node_venv_lib_python3_12_site-packages_PyQt6_Qt6_qml_QtQuick["QtQuick"]\n    node_venv_lib_python3_12_site-packages_PyQt6_Qt6_qml_QtQuick --> node_venv_lib_python3_12_site-packages_PyQt6_Qt6_qml_QtQuick_Controls["Controls"]\n    node_venv_lib_python3_12_site-packages_PyQt6_Qt6_qml_QtQuick_Controls --> node_venv_lib_python3_12_site-packages_PyQt6_Qt6_qml_QtQuick_Controls_Basic["Basic"]\n    node_venv_lib_python3_12_site-packages_PyQt6_Qt6_qml_QtQuick_Controls_Basic --> node_venv_lib_python3_12_site-packages_PyQt6_Qt6_qml_QtQuick_Controls_Basic_Popup_qml["Popup.qml"]\n    Root --> node_venv["venv"]\n    node_venv --> node_venv_lib["lib"]\n    node_venv_lib --> node_venv_lib_python3_12["python3.12"]\n    node_venv_lib_python3_12 --> node_venv_lib_python3_12_site-packages["site-packages"]\n    node_venv_lib_python3_12_site-packages --> node_venv_lib_python3_12_site-packages_PyQt6["PyQt6"]\n    node_venv_lib_python3_12_site-packages_PyQt6 --> node_venv_lib_python3_12_site-packages_PyQt6_Qt6["Qt6"]\n    node_venv_lib_python3_12_site-packages_PyQt6_Qt6 --> node_venv_lib_python3_12_site-packages_PyQt6_Qt6_qml["qml"]\n    node_venv_lib_python3_12_site-packages_PyQt6_Qt6_qml --> node_venv_lib_python3_12_site-packages_PyQt6_Qt6_qml_QtQuick["QtQuick"]\n    node_venv_lib_python3_12_site-packages_PyQt6_Qt6_qml_QtQuick --> node_venv_lib_python3_12_site-packages_PyQt6_Qt6_qml_QtQuick_Controls["Controls"]\n    node_venv_lib_python3_12_site-packages_PyQt6_Qt6_qml_QtQuick_Controls --> node_venv_lib_python3_12_site-packages_PyQt6_Qt6_qml_QtQuick_Controls_Basic["Basic"]\n    node_venv_lib_python3_12_site-packages_PyQt6_Qt6_qml_QtQuick_Controls_Basic --> node_venv_lib_python3_12_site-packages_PyQt6_Qt6_qml_QtQuick_Controls_Basic_ProgressBar_qml["ProgressBar.qml"]\n    Root --> node_venv["venv"]\n    node_venv --> node_venv_lib["lib"]\n    node_venv_lib --> node_venv_lib_python3_12["python3.12"]\n    node_venv_lib_python3_12 --> node_venv_lib_python3_12_site-packages["site-packages"]\n    node_venv_lib_python3_12_site-packages --> node_venv_lib_python3_12_site-packages_PyQt6["PyQt6"]\n    node_venv_lib_python3_12_site-packages_PyQt6 --> node_venv_lib_python3_12_site-packages_PyQt6_Qt6["Qt6"]\n    node_venv_lib_python3_12_site-packages_PyQt6_Qt6 --> node_venv_lib_python3_12_site-packages_PyQt6_Qt6_qml["qml"]\n    node_venv_lib_python3_12_site-packages_PyQt6_Qt6_qml --> node_venv_lib_python3_12_site-packages_PyQt6_Qt6_qml_QtQuick["QtQuick"]\n    node_venv_lib_python3_12_site-packages_PyQt6_Qt6_qml_QtQuick --> node_venv_lib_python3_12_site-packages_PyQt6_Qt6_qml_QtQuick_Controls["Controls"]\n    node_venv_lib_python3_12_site-packages_PyQt6_Qt6_qml_QtQuick_Controls --> node_venv_lib_python3_12_site-packages_PyQt6_Qt6_qml_QtQuick_Controls_Basic["Basic"]\n    node_venv_lib_python3_12_site-packages_PyQt6_Qt6_qml_QtQuick_Controls_Basic --> node_venv_lib_python3_12_site-packages_PyQt6_Qt6_qml_QtQuick_Controls_Basic_RadioButton_qml["RadioButton.qml"]\n    Root --> node_venv["venv"]\n    node_venv --> node_venv_lib["lib"]\n    node_venv_lib --> node_venv_lib_python3_12["python3.12"]\n    node_venv_lib_python3_12 --> node_venv_lib_python3_12_site-packages["site-packages"]\n    node_venv_lib_python3_12_site-packages --> node_venv_lib_python3_12_site-packages_PyQt6["PyQt6"]\n    node_venv_lib_python3_12_site-packages_PyQt6 --> node_venv_lib_python3_12_site-packages_PyQt6_Qt6["Qt6"]\n    node_venv_lib_python3_12_site-packages_PyQt6_Qt6 --> node_venv_lib_python3_12_site-packages_PyQt6_Qt6_qml["qml"]\n    node_venv_lib_python3_12_site-packages_PyQt6_Qt6_qml --> node_venv_lib_python3_12_site-packages_PyQt6_Qt6_qml_QtQuick["QtQuick"]\n    node_venv_lib_python3_12_site-packages_PyQt6_Qt6_qml_QtQuick --> node_venv_lib_python3_12_site-packages_PyQt6_Qt6_qml_QtQuick_Controls["Controls"]\n    node_venv_lib_python3_12_site-packages_PyQt6_Qt6_qml_QtQuick_Controls --> node_venv_lib_python3_12_site-packages_PyQt6_Qt6_qml_QtQuick_Controls_Basic["Basic"]\n    node_venv_lib_python3_12_site-packages_PyQt6_Qt6_qml_QtQuick_Controls_Basic --> node_venv_lib_python3_12_site-packages_PyQt6_Qt6_qml_QtQuick_Controls_Basic_RadioDelegate_qml["RadioDelegate.qml"]\n    Root --> node_venv["venv"]\n    node_venv --> node_venv_lib["lib"]\n    node_venv_lib --> node_venv_lib_python3_12["python3.12"]\n    node_venv_lib_python3_12 --> node_venv_lib_python3_12_site-packages["site-packages"]\n    node_venv_lib_python3_12_site-packages --> node_venv_lib_python3_12_site-packages_PyQt6["PyQt6"]\n    node_venv_lib_python3_12_site-packages_PyQt6 --> node_venv_lib_python3_12_site-packages_PyQt6_Qt6["Qt6"]\n    node_venv_lib_python3_12_site-packages_PyQt6_Qt6 --> node_venv_lib_python3_12_site-packages_PyQt6_Qt6_qml["qml"]\n    node_venv_lib_python3_12_site-packages_PyQt6_Qt6_qml --> node_venv_lib_python3_12_site-packages_PyQt6_Qt6_qml_QtQuick["QtQuick"]\n    node_venv_lib_python3_12_site-packages_PyQt6_Qt6_qml_QtQuick --> node_venv_lib_python3_12_site-packages_PyQt6_Qt6_qml_QtQuick_Controls["Controls"]\n    node_venv_lib_python3_12_site-packages_PyQt6_Qt6_qml_QtQuick_Controls --> node_venv_lib_python3_12_site-packages_PyQt6_Qt6_qml_QtQuick_Controls_Basic["Basic"]\n    node_venv_lib_python3_12_site-packages_PyQt6_Qt6_qml_QtQuick_Controls_Basic --> node_venv_lib_python3_12_site-packages_PyQt6_Qt6_qml_QtQuick_Controls_Basic_RangeSlider_qml["RangeSlider.qml"]\n    Root --> node_venv["venv"]\n    node_venv --> node_venv_lib["lib"]\n    node_venv_lib --> node_venv_lib_python3_12["python3.12"]\n    node_venv_lib_python3_12 --> node_venv_lib_python3_12_site-packages["site-packages"]\n    node_venv_lib_python3_12_site-packages --> node_venv_lib_python3_12_site-packages_PyQt6["PyQt6"]\n    node_venv_lib_python3_12_site-packages_PyQt6 --> node_venv_lib_python3_12_site-packages_PyQt6_Qt6["Qt6"]\n    node_venv_lib_python3_12_site-packages_PyQt6_Qt6 --> node_venv_lib_python3_12_site-packages_PyQt6_Qt6_qml["qml"]\n    node_venv_lib_python3_12_site-packages_PyQt6_Qt6_qml --> node_venv_lib_python3_12_site-packages_PyQt6_Qt6_qml_QtQuick["QtQuick"]\n    node_venv_lib_python3_12_site-packages_PyQt6_Qt6_qml_QtQuick --> node_venv_lib_python3_12_site-packages_PyQt6_Qt6_qml_QtQuick_Controls["Controls"]\n    node_venv_lib_python3_12_site-packages_PyQt6_Qt6_qml_QtQuick_Controls --> node_venv_lib_python3_12_site-packages_PyQt6_Qt6_qml_QtQuick_Controls_Basic["Basic"]\n    node_venv_lib_python3_12_site-packages_PyQt6_Qt6_qml_QtQuick_Controls_Basic --> node_venv_lib_python3_12_site-packages_PyQt6_Qt6_qml_QtQuick_Controls_Basic_RoundButton_qml["RoundButton.qml"]\n    Root --> node_venv["venv"]\n    node_venv --> node_venv_lib["lib"]\n    node_venv_lib --> node_venv_lib_python3_12["python3.12"]\n    node_venv_lib_python3_12 --> node_venv_lib_python3_12_site-packages["site-packages"]\n    node_venv_lib_python3_12_site-packages --> node_venv_lib_python3_12_site-packages_PyQt6["PyQt6"]\n    node_venv_lib_python3_12_site-packages_PyQt6 --> node_venv_lib_python3_12_site-packages_PyQt6_Qt6["Qt6"]\n    node_venv_lib_python3_12_site-packages_PyQt6_Qt6 --> node_venv_lib_python3_12_site-packages_PyQt6_Qt6_qml["qml"]\n    node_venv_lib_python3_12_site-packages_PyQt6_Qt6_qml --> node_venv_lib_python3_12_site-packages_PyQt6_Qt6_qml_QtQuick["QtQuick"]\n    node_venv_lib_python3_12_site-packages_PyQt6_Qt6_qml_QtQuick --> node_venv_lib_python3_12_site-packages_PyQt6_Qt6_qml_QtQuick_Controls["Controls"]\n    node_venv_lib_python3_12_site-packages_PyQt6_Qt6_qml_QtQuick_Controls --> node_venv_lib_python3_12_site-packages_PyQt6_Qt6_qml_QtQuick_Controls_Basic["Basic"]\n    node_venv_lib_python3_12_site-packages_PyQt6_Qt6_qml_QtQuick_Controls_Basic --> node_venv_lib_python3_12_site-packages_PyQt6_Qt6_qml_QtQuick_Controls_Basic_ScrollBar_qml["ScrollBar.qml"]\n    Root --> node_venv["venv"]\n    node_venv --> node_venv_lib["lib"]\n    node_venv_lib --> node_venv_lib_python3_12["python3.12"]\n    node_venv_lib_python3_12 --> node_venv_lib_python3_12_site-packages["site-packages"]\n    node_venv_lib_python3_12_site-packages --> node_venv_lib_python3_12_site-packages_PyQt6["PyQt6"]\n    node_venv_lib_python3_12_site-packages_PyQt6 --> node_venv_lib_python3_12_site-packages_PyQt6_Qt6["Qt6"]\n    node_venv_lib_python3_12_site-packages_PyQt6_Qt6 --> node_venv_lib_python3_12_site-packages_PyQt6_Qt6_qml["qml"]\n    node_venv_lib_python3_12_site-packages_PyQt6_Qt6_qml --> node_venv_lib_python3_12_site-packages_PyQt6_Qt6_qml_QtQuick["QtQuick"]\n    node_venv_lib_python3_12_site-packages_PyQt6_Qt6_qml_QtQuick --> node_venv_lib_python3_12_site-packages_PyQt6_Qt6_qml_QtQuick_Controls["Controls"]\n    node_venv_lib_python3_12_site-packages_PyQt6_Qt6_qml_QtQuick_Controls --> node_venv_lib_python3_12_site-packages_PyQt6_Qt6_qml_QtQuick_Controls_Basic["Basic"]\n    node_venv_lib_python3_12_site-packages_PyQt6_Qt6_qml_QtQuick_Controls_Basic --> node_venv_lib_python3_12_site-packages_PyQt6_Qt6_qml_QtQuick_Controls_Basic_ScrollIndicator_qml["ScrollIndicator.qml"]\n    Root --> node_venv["venv"]\n    node_venv --> node_venv_lib["lib"]\n    node_venv_lib --> node_venv_lib_python3_12["python3.12"]\n    node_venv_lib_python3_12 --> node_venv_lib_python3_12_site-packages["site-packages"]\n    node_venv_lib_python3_12_site-packages --> node_venv_lib_python3_12_site-packages_PyQt6["PyQt6"]\n    node_venv_lib_python3_12_site-packages_PyQt6 --> node_venv_lib_python3_12_site-packages_PyQt6_Qt6["Qt6"]\n    node_venv_lib_python3_12_site-packages_PyQt6_Qt6 --> node_venv_lib_python3_12_site-packages_PyQt6_Qt6_qml["qml"]\n    node_venv_lib_python3_12_site-packages_PyQt6_Qt6_qml --> node_venv_lib_python3_12_site-packages_PyQt6_Qt6_qml_QtQuick["QtQuick"]\n    node_venv_lib_python3_12_site-packages_PyQt6_Qt6_qml_QtQuick --> node_venv_lib_python3_12_site-packages_PyQt6_Qt6_qml_QtQuick_Controls["Controls"]\n    node_venv_lib_python3_12_site-packages_PyQt6_Qt6_qml_QtQuick_Controls --> node_venv_lib_python3_12_site-packages_PyQt6_Qt6_qml_QtQuick_Controls_Basic["Basic"]\n    node_venv_lib_python3_12_site-packages_PyQt6_Qt6_qml_QtQuick_Controls_Basic --> node_venv_lib_python3_12_site-packages_PyQt6_Qt6_qml_QtQuick_Controls_Basic_ScrollView_qml["ScrollView.qml"]\n    Root --> node_venv["venv"]\n    node_venv --> node_venv_lib["lib"]\n    node_venv_lib --> node_venv_lib_python3_12["python3.12"]\n    node_venv_lib_python3_12 --> node_venv_lib_python3_12_site-packages["site-packages"]\n    node_venv_lib_python3_12_site-packages --> node_venv_lib_python3_12_site-packages_PyQt6["PyQt6"]\n    node_venv_lib_python3_12_site-packages_PyQt6 --> node_venv_lib_python3_12_site-packages_PyQt6_Qt6["Qt6"]\n    node_venv_lib_python3_12_site-packages_PyQt6_Qt6 --> node_venv_lib_python3_12_site-packages_PyQt6_Qt6_qml["qml"]\n    node_venv_lib_python3_12_site-packages_PyQt6_Qt6_qml --> node_venv_lib_python3_12_site-packages_PyQt6_Qt6_qml_QtQuick["QtQuick"]\n    node_venv_lib_python3_12_site-packages_PyQt6_Qt6_qml_QtQuick --> node_venv_lib_python3_12_site-packages_PyQt6_Qt6_qml_QtQuick_Controls["Controls"]\n    node_venv_lib_python3_12_site-packages_PyQt6_Qt6_qml_QtQuick_Controls --> node_venv_lib_python3_12_site-packages_PyQt6_Qt6_qml_QtQuick_Controls_Basic["Basic"]\n    node_venv_lib_python3_12_site-packages_PyQt6_Qt6_qml_QtQuick_Controls_Basic --> node_venv_lib_python3_12_site-packages_PyQt6_Qt6_qml_QtQuick_Controls_Basic_SearchField_qml["SearchField.qml"]\n    Root --> node_venv["venv"]\n    node_venv --> node_venv_lib["lib"]\n    node_venv_lib --> node_venv_lib_python3_12["python3.12"]\n    node_venv_lib_python3_12 --> node_venv_lib_python3_12_site-packages["site-packages"]\n    node_venv_lib_python3_12_site-packages --> node_venv_lib_python3_12_site-packages_PyQt6["PyQt6"]\n    node_venv_lib_python3_12_site-packages_PyQt6 --> node_venv_lib_python3_12_site-packages_PyQt6_Qt6["Qt6"]\n    node_venv_lib_python3_12_site-packages_PyQt6_Qt6 --> node_venv_lib_python3_12_site-packages_PyQt6_Qt6_qml["qml"]\n    node_venv_lib_python3_12_site-packages_PyQt6_Qt6_qml --> node_venv_lib_python3_12_site-packages_PyQt6_Qt6_qml_QtQuick["QtQuick"]\n    node_venv_lib_python3_12_site-packages_PyQt6_Qt6_qml_QtQuick --> node_venv_lib_python3_12_site-packages_PyQt6_Qt6_qml_QtQuick_Controls["Controls"]\n    node_venv_lib_python3_12_site-packages_PyQt6_Qt6_qml_QtQuick_Controls --> node_venv_lib_python3_12_site-packages_PyQt6_Qt6_qml_QtQuick_Controls_Basic["Basic"]\n    node_venv_lib_python3_12_site-packages_PyQt6_Qt6_qml_QtQuick_Controls_Basic --> node_venv_lib_python3_12_site-packages_PyQt6_Qt6_qml_QtQuick_Controls_Basic_SelectionRectangle_qml["SelectionRectangle.qml"]\n    Root --> node_venv["venv"]\n    node_venv --> node_venv_lib["lib"]\n    node_venv_lib --> node_venv_lib_python3_12["python3.12"]\n    node_venv_lib_python3_12 --> node_venv_lib_python3_12_site-packages["site-packages"]\n    node_venv_lib_python3_12_site-packages --> node_venv_lib_python3_12_site-packages_PyQt6["PyQt6"]\n    node_venv_lib_python3_12_site-packages_PyQt6 --> node_venv_lib_python3_12_site-packages_PyQt6_Qt6["Qt6"]\n    node_venv_lib_python3_12_site-packages_PyQt6_Qt6 --> node_venv_lib_python3_12_site-packages_PyQt6_Qt6_qml["qml"]\n    node_venv_lib_python3_12_site-packages_PyQt6_Qt6_qml --> node_venv_lib_python3_12_site-packages_PyQt6_Qt6_qml_QtQuick["QtQuick"]\n    node_venv_lib_python3_12_site-packages_PyQt6_Qt6_qml_QtQuick --> node_venv_lib_python3_12_site-packages_PyQt6_Qt6_qml_QtQuick_Controls["Controls"]\n    node_venv_lib_python3_12_site-packages_PyQt6_Qt6_qml_QtQuick_Controls --> node_venv_lib_python3_12_site-packages_PyQt6_Qt6_qml_QtQuick_Controls_Basic["Basic"]\n    node_venv_lib_python3_12_site-packages_PyQt6_Qt6_qml_QtQuick_Controls_Basic --> node_venv_lib_python3_12_site-packages_PyQt6_Qt6_qml_QtQuick_Controls_Basic_Slider_qml["Slider.qml"]\n    Root --> node_venv["venv"]\n    node_venv --> node_venv_lib["lib"]\n    node_venv_lib --> node_venv_lib_python3_12["python3.12"]\n    node_venv_lib_python3_12 --> node_venv_lib_python3_12_site-packages["site-packages"]\n    node_venv_lib_python3_12_site-packages --> node_venv_lib_python3_12_site-packages_PyQt6["PyQt6"]\n    node_venv_lib_python3_12_site-packages_PyQt6 --> node_venv_lib_python3_12_site-packages_PyQt6_Qt6["Qt6"]\n    node_venv_lib_python3_12_site-packages_PyQt6_Qt6 --> node_venv_lib_python3_12_site-packages_PyQt6_Qt6_qml["qml"]\n    node_venv_lib_python3_12_site-packages_PyQt6_Qt6_qml --> node_venv_lib_python3_12_site-packages_PyQt6_Qt6_qml_QtQuick["QtQuick"]\n    node_venv_lib_python3_12_site-packages_PyQt6_Qt6_qml_QtQuick --> node_venv_lib_python3_12_site-packages_PyQt6_Qt6_qml_QtQuick_Controls["Controls"]\n    node_venv_lib_python3_12_site-packages_PyQt6_Qt6_qml_QtQuick_Controls --> node_venv_lib_python3_12_site-packages_PyQt6_Qt6_qml_QtQuick_Controls_Basic["Basic"]\n    node_venv_lib_python3_12_site-packages_PyQt6_Qt6_qml_QtQuick_Controls_Basic --> node_venv_lib_python3_12_site-packages_PyQt6_Qt6_qml_QtQuick_Controls_Basic_SpinBox_qml["SpinBox.qml"]\n    Root --> node_venv["venv"]\n    node_venv --> node_venv_lib["lib"]\n    node_venv_lib --> node_venv_lib_python3_12["python3.12"]\n    node_venv_lib_python3_12 --> node_venv_lib_python3_12_site-packages["site-packages"]\n    node_venv_lib_python3_12_site-packages --> node_venv_lib_python3_12_site-packages_PyQt6["PyQt6"]\n    node_venv_lib_python3_12_site-packages_PyQt6 --> node_venv_lib_python3_12_site-packages_PyQt6_Qt6["Qt6"]\n    node_venv_lib_python3_12_site-packages_PyQt6_Qt6 --> node_venv_lib_python3_12_site-packages_PyQt6_Qt6_qml["qml"]\n    node_venv_lib_python3_12_site-packages_PyQt6_Qt6_qml --> node_venv_lib_python3_12_site-packages_PyQt6_Qt6_qml_QtQuick["QtQuick"]\n    node_venv_lib_python3_12_site-packages_PyQt6_Qt6_qml_QtQuick --> node_venv_lib_python3_12_site-packages_PyQt6_Qt6_qml_QtQuick_Controls["Controls"]\n    node_venv_lib_python3_12_site-packages_PyQt6_Qt6_qml_QtQuick_Controls --> node_venv_lib_python3_12_site-packages_PyQt6_Qt6_qml_QtQuick_Controls_Basic["Basic"]\n    node_venv_lib_python3_12_site-packages_PyQt6_Qt6_qml_QtQuick_Controls_Basic --> node_venv_lib_python3_12_site-packages_PyQt6_Qt6_qml_QtQuick_Controls_Basic_SplitView_qml["SplitView.qml"]\n    Root --> node_venv["venv"]\n    node_venv --> node_venv_lib["lib"]\n    node_venv_lib --> node_venv_lib_python3_12["python3.12"]\n    node_venv_lib_python3_12 --> node_venv_lib_python3_12_site-packages["site-packages"]\n    node_venv_lib_python3_12_site-packages --> node_venv_lib_python3_12_site-packages_PyQt6["PyQt6"]\n    node_venv_lib_python3_12_site-packages_PyQt6 --> node_venv_lib_python3_12_site-packages_PyQt6_Qt6["Qt6"]\n    node_venv_lib_python3_12_site-packages_PyQt6_Qt6 --> node_venv_lib_python3_12_site-packages_PyQt6_Qt6_qml["qml"]\n    node_venv_lib_python3_12_site-packages_PyQt6_Qt6_qml --> node_venv_lib_python3_12_site-packages_PyQt6_Qt6_qml_QtQuick["QtQuick"]\n    node_venv_lib_python3_12_site-packages_PyQt6_Qt6_qml_QtQuick --> node_venv_lib_python3_12_site-packages_PyQt6_Qt6_qml_QtQuick_Controls["Controls"]\n    node_venv_lib_python3_12_site-packages_PyQt6_Qt6_qml_QtQuick_Controls --> node_venv_lib_python3_12_site-packages_PyQt6_Qt6_qml_QtQuick_Controls_Basic["Basic"]\n    node_venv_lib_python3_12_site-packages_PyQt6_Qt6_qml_QtQuick_Controls_Basic --> node_venv_lib_python3_12_site-packages_PyQt6_Qt6_qml_QtQuick_Controls_Basic_StackView_qml["StackView.qml"]\n    Root --> node_venv["venv"]\n    node_venv --> node_venv_lib["lib"]\n    node_venv_lib --> node_venv_lib_python3_12["python3.12"]\n    node_venv_lib_python3_12 --> node_venv_lib_python3_12_site-packages["site-packages"]\n    node_venv_lib_python3_12_site-packages --> node_venv_lib_python3_12_site-packages_PyQt6["PyQt6"]\n    node_venv_lib_python3_12_site-packages_PyQt6 --> node_venv_lib_python3_12_site-packages_PyQt6_Qt6["Qt6"]\n    node_venv_lib_python3_12_site-packages_PyQt6_Qt6 --> node_venv_lib_python3_12_site-packages_PyQt6_Qt6_qml["qml"]\n    node_venv_lib_python3_12_site-packages_PyQt6_Qt6_qml --> node_venv_lib_python3_12_site-packages_PyQt6_Qt6_qml_QtQuick["QtQuick"]\n    node_venv_lib_python3_12_site-packages_PyQt6_Qt6_qml_QtQuick --> node_venv_lib_python3_12_site-packages_PyQt6_Qt6_qml_QtQuick_Controls["Controls"]\n    node_venv_lib_python3_12_site-packages_PyQt6_Qt6_qml_QtQuick_Controls --> node_venv_lib_python3_12_site-packages_PyQt6_Qt6_qml_QtQuick_Controls_Basic["Basic"]\n    node_venv_lib_python3_12_site-packages_PyQt6_Qt6_qml_QtQuick_Controls_Basic --> node_venv_lib_python3_12_site-packages_PyQt6_Qt6_qml_QtQuick_Controls_Basic_SwipeDelegate_qml["SwipeDelegate.qml"]\n    Root --> node_venv["venv"]\n    node_venv --> node_venv_lib["lib"]\n    node_venv_lib --> node_venv_lib_python3_12["python3.12"]\n    node_venv_lib_python3_12 --> node_venv_lib_python3_12_site-packages["site-packages"]\n    node_venv_lib_python3_12_site-packages --> node_venv_lib_python3_12_site-packages_PyQt6["PyQt6"]\n    node_venv_lib_python3_12_site-packages_PyQt6 --> node_venv_lib_python3_12_site-packages_PyQt6_Qt6["Qt6"]\n    node_venv_lib_python3_12_site-packages_PyQt6_Qt6 --> node_venv_lib_python3_12_site-packages_PyQt6_Qt6_qml["qml"]\n    node_venv_lib_python3_12_site-packages_PyQt6_Qt6_qml --> node_venv_lib_python3_12_site-packages_PyQt6_Qt6_qml_QtQuick["QtQuick"]\n    node_venv_lib_python3_12_site-packages_PyQt6_Qt6_qml_QtQuick --> node_venv_lib_python3_12_site-packages_PyQt6_Qt6_qml_QtQuick_Controls["Controls"]\n    node_venv_lib_python3_12_site-packages_PyQt6_Qt6_qml_QtQuick_Controls --> node_venv_lib_python3_12_site-packages_PyQt6_Qt6_qml_QtQuick_Controls_Basic["Basic"]\n    node_venv_lib_python3_12_site-packages_PyQt6_Qt6_qml_QtQuick_Controls_Basic --> node_venv_lib_python3_12_site-packages_PyQt6_Qt6_qml_QtQuick_Controls_Basic_SwipeView_qml["SwipeView.qml"]\n    Root --> node_venv["venv"]\n    node_venv --> node_venv_lib["lib"]\n    node_venv_lib --> node_venv_lib_python3_12["python3.12"]\n    node_venv_lib_python3_12 --> node_venv_lib_python3_12_site-packages["site-packages"]\n    node_venv_lib_python3_12_site-packages --> node_venv_lib_python3_12_site-packages_PyQt6["PyQt6"]\n    node_venv_lib_python3_12_site-packages_PyQt6 --> node_venv_lib_python3_12_site-packages_PyQt6_Qt6["Qt6"]\n    node_venv_lib_python3_12_site-packages_PyQt6_Qt6 --> node_venv_lib_python3_12_site-packages_PyQt6_Qt6_qml["qml"]\n    node_venv_lib_python3_12_site-packages_PyQt6_Qt6_qml --> node_venv_lib_python3_12_site-packages_PyQt6_Qt6_qml_QtQuick["QtQuick"]\n    node_venv_lib_python3_12_site-packages_PyQt6_Qt6_qml_QtQuick --> node_venv_lib_python3_12_site-packages_PyQt6_Qt6_qml_QtQuick_Controls["Controls"]\n    node_venv_lib_python3_12_site-packages_PyQt6_Qt6_qml_QtQuick_Controls --> node_venv_lib_python3_12_site-packages_PyQt6_Qt6_qml_QtQuick_Controls_Basic["Basic"]\n    node_venv_lib_python3_12_site-packages_PyQt6_Qt6_qml_QtQuick_Controls_Basic --> node_venv_lib_python3_12_site-packages_PyQt6_Qt6_qml_QtQuick_Controls_Basic_Switch_qml["Switch.qml"]\n    Root --> node_venv["venv"]\n    node_venv --> node_venv_lib["lib"]\n    node_venv_lib --> node_venv_lib_python3_12["python3.12"]\n    node_venv_lib_python3_12 --> node_venv_lib_python3_12_site-packages["site-packages"]\n    node_venv_lib_python3_12_site-packages --> node_venv_lib_python3_12_site-packages_PyQt6["PyQt6"]\n    node_venv_lib_python3_12_site-packages_PyQt6 --> node_venv_lib_python3_12_site-packages_PyQt6_Qt6["Qt6"]\n    node_venv_lib_python3_12_site-packages_PyQt6_Qt6 --> node_venv_lib_python3_12_site-packages_PyQt6_Qt6_qml["qml"]\n    node_venv_lib_python3_12_site-packages_PyQt6_Qt6_qml --> node_venv_lib_python3_12_site-packages_PyQt6_Qt6_qml_QtQuick["QtQuick"]\n    node_venv_lib_python3_12_site-packages_PyQt6_Qt6_qml_QtQuick --> node_venv_lib_python3_12_site-packages_PyQt6_Qt6_qml_QtQuick_Controls["Controls"]\n    node_venv_lib_python3_12_site-packages_PyQt6_Qt6_qml_QtQuick_Controls --> node_venv_lib_python3_12_site-packages_PyQt6_Qt6_qml_QtQuick_Controls_Basic["Basic"]\n    node_venv_lib_python3_12_site-packages_PyQt6_Qt6_qml_QtQuick_Controls_Basic --> node_venv_lib_python3_12_site-packages_PyQt6_Qt6_qml_QtQuick_Controls_Basic_SwitchDelegate_qml["SwitchDelegate.qml"]\n    Root --> node_venv["venv"]\n    node_venv --> node_venv_lib["lib"]\n    node_venv_lib --> node_venv_lib_python3_12["python3.12"]\n    node_venv_lib_python3_12 --> node_venv_lib_python3_12_site-packages["site-packages"]\n    node_venv_lib_python3_12_site-packages --> node_venv_lib_python3_12_site-packages_PyQt6["PyQt6"]\n    node_venv_lib_python3_12_site-packages_PyQt6 --> node_venv_lib_python3_12_site-packages_PyQt6_Qt6["Qt6"]\n    node_venv_lib_python3_12_site-packages_PyQt6_Qt6 --> node_venv_lib_python3_12_site-packages_PyQt6_Qt6_qml["qml"]\n    node_venv_lib_python3_12_site-packages_PyQt6_Qt6_qml --> node_venv_lib_python3_12_site-packages_PyQt6_Qt6_qml_QtQuick["QtQuick"]\n    node_venv_lib_python3_12_site-packages_PyQt6_Qt6_qml_QtQuick --> node_venv_lib_python3_12_site-packages_PyQt6_Qt6_qml_QtQuick_Controls["Controls"]\n    node_venv_lib_python3_12_site-packages_PyQt6_Qt6_qml_QtQuick_Controls --> node_venv_lib_python3_12_site-packages_PyQt6_Qt6_qml_QtQuick_Controls_Basic["Basic"]\n    node_venv_lib_python3_12_site-packages_PyQt6_Qt6_qml_QtQuick_Controls_Basic --> node_venv_lib_python3_12_site-packages_PyQt6_Qt6_qml_QtQuick_Controls_Basic_TabBar_qml["TabBar.qml"]\n    Root --> node_venv["venv"]\n    node_venv --> node_venv_lib["lib"]\n    node_venv_lib --> node_venv_lib_python3_12["python3.12"]\n    node_venv_lib_python3_12 --> node_venv_lib_python3_12_site-packages["site-packages"]\n    node_venv_lib_python3_12_site-packages --> node_venv_lib_python3_12_site-packages_PyQt6["PyQt6"]\n    node_venv_lib_python3_12_site-packages_PyQt6 --> node_venv_lib_python3_12_site-packages_PyQt6_Qt6["Qt6"]\n    node_venv_lib_python3_12_site-packages_PyQt6_Qt6 --> node_venv_lib_python3_12_site-packages_PyQt6_Qt6_qml["qml"]\n    node_venv_lib_python3_12_site-packages_PyQt6_Qt6_qml --> node_venv_lib_python3_12_site-packages_PyQt6_Qt6_qml_QtQuick["QtQuick"]\n    node_venv_lib_python3_12_site-packages_PyQt6_Qt6_qml_QtQuick --> node_venv_lib_python3_12_site-packages_PyQt6_Qt6_qml_QtQuick_Controls["Controls"]\n    node_venv_lib_python3_12_site-packages_PyQt6_Qt6_qml_QtQuick_Controls --> node_venv_lib_python3_12_site-packages_PyQt6_Qt6_qml_QtQuick_Controls_Basic["Basic"]\n    node_venv_lib_python3_12_site-packages_PyQt6_Qt6_qml_QtQuick_Controls_Basic --> node_venv_lib_python3_12_site-packages_PyQt6_Qt6_qml_QtQuick_Controls_Basic_TabButton_qml["TabButton.qml"]\n    Root --> node_venv["venv"]\n    node_venv --> node_venv_lib["lib"]\n    node_venv_lib --> node_venv_lib_python3_12["python3.12"]\n    node_venv_lib_python3_12 --> node_venv_lib_python3_12_site-packages["site-packages"]\n    node_venv_lib_python3_12_site-packages --> node_venv_lib_python3_12_site-packages_PyQt6["PyQt6"]\n    node_venv_lib_python3_12_site-packages_PyQt6 --> node_venv_lib_python3_12_site-packages_PyQt6_Qt6["Qt6"]\n    node_venv_lib_python3_12_site-packages_PyQt6_Qt6 --> node_venv_lib_python3_12_site-packages_PyQt6_Qt6_qml["qml"]\n    node_venv_lib_python3_12_site-packages_PyQt6_Qt6_qml --> node_venv_lib_python3_12_site-packages_PyQt6_Qt6_qml_QtQuick["QtQuick"]\n    node_venv_lib_python3_12_site-packages_PyQt6_Qt6_qml_QtQuick --> node_venv_lib_python3_12_site-packages_PyQt6_Qt6_qml_QtQuick_Controls["Controls"]\n    node_venv_lib_python3_12_site-packages_PyQt6_Qt6_qml_QtQuick_Controls --> node_venv_lib_python3_12_site-packages_PyQt6_Qt6_qml_QtQuick_Controls_Basic["Basic"]\n    node_venv_lib_python3_12_site-packages_PyQt6_Qt6_qml_QtQuick_Controls_Basic --> node_venv_lib_python3_12_site-packages_PyQt6_Qt6_qml_QtQuick_Controls_Basic_TableViewDelegate_qml["TableViewDelegate.qml"]\n    Root --> node_venv["venv"]\n    node_venv --> node_venv_lib["lib"]\n    node_venv_lib --> node_venv_lib_python3_12["python3.12"]\n    node_venv_lib_python3_12 --> node_venv_lib_python3_12_site-packages["site-packages"]\n    node_venv_lib_python3_12_site-packages --> node_venv_lib_python3_12_site-packages_PyQt6["PyQt6"]\n    node_venv_lib_python3_12_site-packages_PyQt6 --> node_venv_lib_python3_12_site-packages_PyQt6_Qt6["Qt6"]\n    node_venv_lib_python3_12_site-packages_PyQt6_Qt6 --> node_venv_lib_python3_12_site-packages_PyQt6_Qt6_qml["qml"]\n    node_venv_lib_python3_12_site-packages_PyQt6_Qt6_qml --> node_venv_lib_python3_12_site-packages_PyQt6_Qt6_qml_QtQuick["QtQuick"]\n    node_venv_lib_python3_12_site-packages_PyQt6_Qt6_qml_QtQuick --> node_venv_lib_python3_12_site-packages_PyQt6_Qt6_qml_QtQuick_Controls["Controls"]\n    node_venv_lib_python3_12_site-packages_PyQt6_Qt6_qml_QtQuick_Controls --> node_venv_lib_python3_12_site-packages_PyQt6_Qt6_qml_QtQuick_Controls_Basic["Basic"]\n    node_venv_lib_python3_12_site-packages_PyQt6_Qt6_qml_QtQuick_Controls_Basic --> node_venv_lib_python3_12_site-packages_PyQt6_Qt6_qml_QtQuick_Controls_Basic_TextArea_qml["TextArea.qml"]\n    Root --> node_venv["venv"]\n    node_venv --> node_venv_lib["lib"]\n    node_venv_lib --> node_venv_lib_python3_12["python3.12"]\n    node_venv_lib_python3_12 --> node_venv_lib_python3_12_site-packages["site-packages"]\n    node_venv_lib_python3_12_site-packages --> node_venv_lib_python3_12_site-packages_PyQt6["PyQt6"]\n    node_venv_lib_python3_12_site-packages_PyQt6 --> node_venv_lib_python3_12_site-packages_PyQt6_Qt6["Qt6"]\n    node_venv_lib_python3_12_site-packages_PyQt6_Qt6 --> node_venv_lib_python3_12_site-packages_PyQt6_Qt6_qml["qml"]\n    node_venv_lib_python3_12_site-packages_PyQt6_Qt6_qml --> node_venv_lib_python3_12_site-packages_PyQt6_Qt6_qml_QtQuick["QtQuick"]\n    node_venv_lib_python3_12_site-packages_PyQt6_Qt6_qml_QtQuick --> node_venv_lib_python3_12_site-packages_PyQt6_Qt6_qml_QtQuick_Controls["Controls"]\n    node_venv_lib_python3_12_site-packages_PyQt6_Qt6_qml_QtQuick_Controls --> node_venv_lib_python3_12_site-packages_PyQt6_Qt6_qml_QtQuick_Controls_Basic["Basic"]\n    node_venv_lib_python3_12_site-packages_PyQt6_Qt6_qml_QtQuick_Controls_Basic --> node_venv_lib_python3_12_site-packages_PyQt6_Qt6_qml_QtQuick_Controls_Basic_TextField_qml["TextField.qml"]\n    Root --> node_venv["venv"]\n    node_venv --> node_venv_lib["lib"]\n    node_venv_lib --> node_venv_lib_python3_12["python3.12"]\n    node_venv_lib_python3_12 --> node_venv_lib_python3_12_site-packages["site-packages"]\n    node_venv_lib_python3_12_site-packages --> node_venv_lib_python3_12_site-packages_PyQt6["PyQt6"]\n    node_venv_lib_python3_12_site-packages_PyQt6 --> node_venv_lib_python3_12_site-packages_PyQt6_Qt6["Qt6"]\n    node_venv_lib_python3_12_site-packages_PyQt6_Qt6 --> node_venv_lib_python3_12_site-packages_PyQt6_Qt6_qml["qml"]\n    node_venv_lib_python3_12_site-packages_PyQt6_Qt6_qml --> node_venv_lib_python3_12_site-packages_PyQt6_Qt6_qml_QtQuick["QtQuick"]\n    node_venv_lib_python3_12_site-packages_PyQt6_Qt6_qml_QtQuick --> node_venv_lib_python3_12_site-packages_PyQt6_Qt6_qml_QtQuick_Controls["Controls"]\n    node_venv_lib_python3_12_site-packages_PyQt6_Qt6_qml_QtQuick_Controls --> node_venv_lib_python3_12_site-packages_PyQt6_Qt6_qml_QtQuick_Controls_Basic["Basic"]\n    node_venv_lib_python3_12_site-packages_PyQt6_Qt6_qml_QtQuick_Controls_Basic --> node_venv_lib_python3_12_site-packages_PyQt6_Qt6_qml_QtQuick_Controls_Basic_ToolBar_qml["ToolBar.qml"]\n    Root --> node_venv["venv"]\n    node_venv --> node_venv_lib["lib"]\n    node_venv_lib --> node_venv_lib_python3_12["python3.12"]\n    node_venv_lib_python3_12 --> node_venv_lib_python3_12_site-packages["site-packages"]\n    node_venv_lib_python3_12_site-packages --> node_venv_lib_python3_12_site-packages_PyQt6["PyQt6"]\n    node_venv_lib_python3_12_site-packages_PyQt6 --> node_venv_lib_python3_12_site-packages_PyQt6_Qt6["Qt6"]\n    node_venv_lib_python3_12_site-packages_PyQt6_Qt6 --> node_venv_lib_python3_12_site-packages_PyQt6_Qt6_qml["qml"]\n    node_venv_lib_python3_12_site-packages_PyQt6_Qt6_qml --> node_venv_lib_python3_12_site-packages_PyQt6_Qt6_qml_QtQuick["QtQuick"]\n    node_venv_lib_python3_12_site-packages_PyQt6_Qt6_qml_QtQuick --> node_venv_lib_python3_12_site-packages_PyQt6_Qt6_qml_QtQuick_Controls["Controls"]\n    node_venv_lib_python3_12_site-packages_PyQt6_Qt6_qml_QtQuick_Controls --> node_venv_lib_python3_12_site-packages_PyQt6_Qt6_qml_QtQuick_Controls_Basic["Basic"]\n    node_venv_lib_python3_12_site-packages_PyQt6_Qt6_qml_QtQuick_Controls_Basic --> node_venv_lib_python3_12_site-packages_PyQt6_Qt6_qml_QtQuick_Controls_Basic_ToolButton_qml["ToolButton.qml"]\n    Root --> node_venv["venv"]\n    node_venv --> node_venv_lib["lib"]\n    node_venv_lib --> node_venv_lib_python3_12["python3.12"]\n    node_venv_lib_python3_12 --> node_venv_lib_python3_12_site-packages["site-packages"]\n    node_venv_lib_python3_12_site-packages --> node_venv_lib_python3_12_site-packages_PyQt6["PyQt6"]\n    node_venv_lib_python3_12_site-packages_PyQt6 --> node_venv_lib_python3_12_site-packages_PyQt6_Qt6["Qt6"]\n    node_venv_lib_python3_12_site-packages_PyQt6_Qt6 --> node_venv_lib_python3_12_site-packages_PyQt6_Qt6_qml["qml"]\n    node_venv_lib_python3_12_site-packages_PyQt6_Qt6_qml --> node_venv_lib_python3_12_site-packages_PyQt6_Qt6_qml_QtQuick["QtQuick"]\n    node_venv_lib_python3_12_site-packages_PyQt6_Qt6_qml_QtQuick --> node_venv_lib_python3_12_site-packages_PyQt6_Qt6_qml_QtQuick_Controls["Controls"]\n    node_venv_lib_python3_12_site-packages_PyQt6_Qt6_qml_QtQuick_Controls --> node_venv_lib_python3_12_site-packages_PyQt6_Qt6_qml_QtQuick_Controls_Basic["Basic"]\n    node_venv_lib_python3_12_site-packages_PyQt6_Qt6_qml_QtQuick_Controls_Basic --> node_venv_lib_python3_12_site-packages_PyQt6_Qt6_qml_QtQuick_Controls_Basic_ToolSeparator_qml["ToolSeparator.qml"]\n    Root --> node_venv["venv"]\n    node_venv --> node_venv_lib["lib"]\n    node_venv_lib --> node_venv_lib_python3_12["python3.12"]\n    node_venv_lib_python3_12 --> node_venv_lib_python3_12_site-packages["site-packages"]\n    node_venv_lib_python3_12_site-packages --> node_venv_lib_python3_12_site-packages_PyQt6["PyQt6"]\n    node_venv_lib_python3_12_site-packages_PyQt6 --> node_venv_lib_python3_12_site-packages_PyQt6_Qt6["Qt6"]\n    node_venv_lib_python3_12_site-packages_PyQt6_Qt6 --> node_venv_lib_python3_12_site-packages_PyQt6_Qt6_qml["qml"]\n    node_venv_lib_python3_12_site-packages_PyQt6_Qt6_qml --> node_venv_lib_python3_12_site-packages_PyQt6_Qt6_qml_QtQuick["QtQuick"]\n    node_venv_lib_python3_12_site-packages_PyQt6_Qt6_qml_QtQuick --> node_venv_lib_python3_12_site-packages_PyQt6_Qt6_qml_QtQuick_Controls["Controls"]\n    node_venv_lib_python3_12_site-packages_PyQt6_Qt6_qml_QtQuick_Controls --> node_venv_lib_python3_12_site-packages_PyQt6_Qt6_qml_QtQuick_Controls_Basic["Basic"]\n    node_venv_lib_python3_12_site-packages_PyQt6_Qt6_qml_QtQuick_Controls_Basic --> node_venv_lib_python3_12_site-packages_PyQt6_Qt6_qml_QtQuick_Controls_Basic_ToolTip_qml["ToolTip.qml"]\n    Root --> node_venv["venv"]\n    node_venv --> node_venv_lib["lib"]\n    node_venv_lib --> node_venv_lib_python3_12["python3.12"]\n    node_venv_lib_python3_12 --> node_venv_lib_python3_12_site-packages["site-packages"]\n    node_venv_lib_python3_12_site-packages --> node_venv_lib_python3_12_site-packages_PyQt6["PyQt6"]\n    node_venv_lib_python3_12_site-packages_PyQt6 --> node_venv_lib_python3_12_site-packages_PyQt6_Qt6["Qt6"]\n    node_venv_lib_python3_12_site-packages_PyQt6_Qt6 --> node_venv_lib_python3_12_site-packages_PyQt6_Qt6_qml["qml"]\n    node_venv_lib_python3_12_site-packages_PyQt6_Qt6_qml --> node_venv_lib_python3_12_site-packages_PyQt6_Qt6_qml_QtQuick["QtQuick"]\n    node_venv_lib_python3_12_site-packages_PyQt6_Qt6_qml_QtQuick --> node_venv_lib_python3_12_site-packages_PyQt6_Qt6_qml_QtQuick_Controls["Controls"]\n    node_venv_lib_python3_12_site-packages_PyQt6_Qt6_qml_QtQuick_Controls --> node_venv_lib_python3_12_site-packages_PyQt6_Qt6_qml_QtQuick_Controls_Basic["Basic"]\n    node_venv_lib_python3_12_site-packages_PyQt6_Qt6_qml_QtQuick_Controls_Basic --> node_venv_lib_python3_12_site-packages_PyQt6_Qt6_qml_QtQuick_Controls_Basic_TreeViewDelegate_qml["TreeViewDelegate.qml"]\n    Root --> node_venv["venv"]\n    node_venv --> node_venv_lib["lib"]\n    node_venv_lib --> node_venv_lib_python3_12["python3.12"]\n    node_venv_lib_python3_12 --> node_venv_lib_python3_12_site-packages["site-packages"]\n    node_venv_lib_python3_12_site-packages --> node_venv_lib_python3_12_site-packages_PyQt6["PyQt6"]\n    node_venv_lib_python3_12_site-packages_PyQt6 --> node_venv_lib_python3_12_site-packages_PyQt6_Qt6["Qt6"]\n    node_venv_lib_python3_12_site-packages_PyQt6_Qt6 --> node_venv_lib_python3_12_site-packages_PyQt6_Qt6_qml["qml"]\n    node_venv_lib_python3_12_site-packages_PyQt6_Qt6_qml --> node_venv_lib_python3_12_site-packages_PyQt6_Qt6_qml_QtQuick["QtQuick"]\n    node_venv_lib_python3_12_site-packages_PyQt6_Qt6_qml_QtQuick --> node_venv_lib_python3_12_site-packages_PyQt6_Qt6_qml_QtQuick_Controls["Controls"]\n    node_venv_lib_python3_12_site-packages_PyQt6_Qt6_qml_QtQuick_Controls --> node_venv_lib_python3_12_site-packages_PyQt6_Qt6_qml_QtQuick_Controls_Basic["Basic"]\n    node_venv_lib_python3_12_site-packages_PyQt6_Qt6_qml_QtQuick_Controls_Basic --> node_venv_lib_python3_12_site-packages_PyQt6_Qt6_qml_QtQuick_Controls_Basic_Tumbler_qml["Tumbler.qml"]\n    Root --> node_venv["venv"]\n    node_venv --> node_venv_lib["lib"]\n    node_venv_lib --> node_venv_lib_python3_12["python3.12"]\n    node_venv_lib_python3_12 --> node_venv_lib_python3_12_site-packages["site-packages"]\n    node_venv_lib_python3_12_site-packages --> node_venv_lib_python3_12_site-packages_PyQt6["PyQt6"]\n    node_venv_lib_python3_12_site-packages_PyQt6 --> node_venv_lib_python3_12_site-packages_PyQt6_Qt6["Qt6"]\n    node_venv_lib_python3_12_site-packages_PyQt6_Qt6 --> node_venv_lib_python3_12_site-packages_PyQt6_Qt6_qml["qml"]\n    node_venv_lib_python3_12_site-packages_PyQt6_Qt6_qml --> node_venv_lib_python3_12_site-packages_PyQt6_Qt6_qml_QtQuick["QtQuick"]\n    node_venv_lib_python3_12_site-packages_PyQt6_Qt6_qml_QtQuick --> node_venv_lib_python3_12_site-packages_PyQt6_Qt6_qml_QtQuick_Controls["Controls"]\n    node_venv_lib_python3_12_site-packages_PyQt6_Qt6_qml_QtQuick_Controls --> node_venv_lib_python3_12_site-packages_PyQt6_Qt6_qml_QtQuick_Controls_Basic["Basic"]\n    node_venv_lib_python3_12_site-packages_PyQt6_Qt6_qml_QtQuick_Controls_Basic --> node_venv_lib_python3_12_site-packages_PyQt6_Qt6_qml_QtQuick_Controls_Basic_VerticalHeaderView_qml["VerticalHeaderView.qml"]\n    Root --> node_venv["venv"]\n    node_venv --> node_venv_lib["lib"]\n    node_venv_lib --> node_venv_lib_python3_12["python3.12"]\n    node_venv_lib_python3_12 --> node_venv_lib_python3_12_site-packages["site-packages"]\n    node_venv_lib_python3_12_site-packages --> node_venv_lib_python3_12_site-packages_PyQt6["PyQt6"]\n    node_venv_lib_python3_12_site-packages_PyQt6 --> node_venv_lib_python3_12_site-packages_PyQt6_Qt6["Qt6"]\n    node_venv_lib_python3_12_site-packages_PyQt6_Qt6 --> node_venv_lib_python3_12_site-packages_PyQt6_Qt6_qml["qml"]\n    node_venv_lib_python3_12_site-packages_PyQt6_Qt6_qml --> node_venv_lib_python3_12_site-packages_PyQt6_Qt6_qml_QtQuick["QtQuick"]\n    node_venv_lib_python3_12_site-packages_PyQt6_Qt6_qml_QtQuick --> node_venv_lib_python3_12_site-packages_PyQt6_Qt6_qml_QtQuick_Controls["Controls"]\n    node_venv_lib_python3_12_site-packages_PyQt6_Qt6_qml_QtQuick_Controls --> node_venv_lib_python3_12_site-packages_PyQt6_Qt6_qml_QtQuick_Controls_Basic["Basic"]\n    node_venv_lib_python3_12_site-packages_PyQt6_Qt6_qml_QtQuick_Controls_Basic --> node_venv_lib_python3_12_site-packages_PyQt6_Qt6_qml_QtQuick_Controls_Basic_VerticalHeaderViewDelegate_qml["VerticalHeaderViewDelegate.qml"]\n    Root --> node_venv["venv"]\n    node_venv --> node_venv_lib["lib"]\n    node_venv_lib --> node_venv_lib_python3_12["python3.12"]\n    node_venv_lib_python3_12 --> node_venv_lib_python3_12_site-packages["site-packages"]\n    node_venv_lib_python3_12_site-packages --> node_venv_lib_python3_12_site-packages_PyQt6["PyQt6"]\n    node_venv_lib_python3_12_site-packages_PyQt6 --> node_venv_lib_python3_12_site-packages_PyQt6_Qt6["Qt6"]\n    node_venv_lib_python3_12_site-packages_PyQt6_Qt6 --> node_venv_lib_python3_12_site-packages_PyQt6_Qt6_qml["qml"]\n    node_venv_lib_python3_12_site-packages_PyQt6_Qt6_qml --> node_venv_lib_python3_12_site-packages_PyQt6_Qt6_qml_QtQuick["QtQuick"]\n    node_venv_lib_python3_12_site-packages_PyQt6_Qt6_qml_QtQuick --> node_venv_lib_python3_12_site-packages_PyQt6_Qt6_qml_QtQuick_Controls["Controls"]\n    node_venv_lib_python3_12_site-packages_PyQt6_Qt6_qml_QtQuick_Controls --> node_venv_lib_python3_12_site-packages_PyQt6_Qt6_qml_QtQuick_Controls_Basic["Basic"]\n    node_venv_lib_python3_12_site-packages_PyQt6_Qt6_qml_QtQuick_Controls_Basic --> node_venv_lib_python3_12_site-packages_PyQt6_Qt6_qml_QtQuick_Controls_Basic_WeekNumberColumn_qml["WeekNumberColumn.qml"]\n    Root --> node_venv["venv"]\n    node_venv --> node_venv_lib["lib"]\n    node_venv_lib --> node_venv_lib_python3_12["python3.12"]\n    node_venv_lib_python3_12 --> node_venv_lib_python3_12_site-packages["site-packages"]\n    node_venv_lib_python3_12_site-packages --> node_venv_lib_python3_12_site-packages_PyQt6["PyQt6"]\n    node_venv_lib_python3_12_site-packages_PyQt6 --> node_venv_lib_python3_12_site-packages_PyQt6_Qt6["Qt6"]\n    node_venv_lib_python3_12_site-packages_PyQt6_Qt6 --> node_venv_lib_python3_12_site-packages_PyQt6_Qt6_qml["qml"]\n    node_venv_lib_python3_12_site-packages_PyQt6_Qt6_qml --> node_venv_lib_python3_12_site-packages_PyQt6_Qt6_qml_QtQuick["QtQuick"]\n    node_venv_lib_python3_12_site-packages_PyQt6_Qt6_qml_QtQuick --> node_venv_lib_python3_12_site-packages_PyQt6_Qt6_qml_QtQuick_Controls["Controls"]\n    node_venv_lib_python3_12_site-packages_PyQt6_Qt6_qml_QtQuick_Controls --> node_venv_lib_python3_12_site-packages_PyQt6_Qt6_qml_QtQuick_Controls_Basic["Basic"]\n    node_venv_lib_python3_12_site-packages_PyQt6_Qt6_qml_QtQuick_Controls_Basic --> node_venv_lib_python3_12_site-packages_PyQt6_Qt6_qml_QtQuick_Controls_Basic_libqtquickcontrols2basicstyleplugin_dylib["libqtquickcontrols2basicstyleplugin.dylib"]\n    Root --> node_venv["venv"]\n    node_venv --> node_venv_lib["lib"]\n    node_venv_lib --> node_venv_lib_python3_12["python3.12"]\n    node_venv_lib_python3_12 --> node_venv_lib_python3_12_site-packages["site-packages"]\n    node_venv_lib_python3_12_site-packages --> node_venv_lib_python3_12_site-packages_PyQt6["PyQt6"]\n    node_venv_lib_python3_12_site-packages_PyQt6 --> node_venv_lib_python3_12_site-packages_PyQt6_Qt6["Qt6"]\n    node_venv_lib_python3_12_site-packages_PyQt6_Qt6 --> node_venv_lib_python3_12_site-packages_PyQt6_Qt6_qml["qml"]\n    node_venv_lib_python3_12_site-packages_PyQt6_Qt6_qml --> node_venv_lib_python3_12_site-packages_PyQt6_Qt6_qml_QtQuick["QtQuick"]\n    node_venv_lib_python3_12_site-packages_PyQt6_Qt6_qml_QtQuick --> node_venv_lib_python3_12_site-packages_PyQt6_Qt6_qml_QtQuick_Controls["Controls"]\n    node_venv_lib_python3_12_site-packages_PyQt6_Qt6_qml_QtQuick_Controls --> node_venv_lib_python3_12_site-packages_PyQt6_Qt6_qml_QtQuick_Controls_Basic["Basic"]\n    node_venv_lib_python3_12_site-packages_PyQt6_Qt6_qml_QtQuick_Controls_Basic --> node_venv_lib_python3_12_site-packages_PyQt6_Qt6_qml_QtQuick_Controls_Basic_plugins_qmltypes["plugins.qmltypes"]\n    Root --> node_venv["venv"]\n    node_venv --> node_venv_lib["lib"]\n    node_venv_lib --> node_venv_lib_python3_12["python3.12"]\n    node_venv_lib_python3_12 --> node_venv_lib_python3_12_site-packages["site-packages"]\n    node_venv_lib_python3_12_site-packages --> node_venv_lib_python3_12_site-packages_PyQt6["PyQt6"]\n    node_venv_lib_python3_12_site-packages_PyQt6 --> node_venv_lib_python3_12_site-packages_PyQt6_Qt6["Qt6"]\n    node_venv_lib_python3_12_site-packages_PyQt6_Qt6 --> node_venv_lib_python3_12_site-packages_PyQt6_Qt6_qml["qml"]\n    node_venv_lib_python3_12_site-packages_PyQt6_Qt6_qml --> node_venv_lib_python3_12_site-packages_PyQt6_Qt6_qml_QtQuick["QtQuick"]\n    node_venv_lib_python3_12_site-packages_PyQt6_Qt6_qml_QtQuick --> node_venv_lib_python3_12_site-packages_PyQt6_Qt6_qml_QtQuick_Controls["Controls"]\n    node_venv_lib_python3_12_site-packages_PyQt6_Qt6_qml_QtQuick_Controls --> node_venv_lib_python3_12_site-packages_PyQt6_Qt6_qml_QtQuick_Controls_Basic["Basic"]\n    node_venv_lib_python3_12_site-packages_PyQt6_Qt6_qml_QtQuick_Controls_Basic --> node_venv_lib_python3_12_site-packages_PyQt6_Qt6_qml_QtQuick_Controls_Basic_qmldir["qmldir"]\n    Root --> node_venv["venv"]\n    node_venv --> node_venv_lib["lib"]\n    node_venv_lib --> node_venv_lib_python3_12["python3.12"]\n    node_venv_lib_python3_12 --> node_venv_lib_python3_12_site-packages["site-packages"]\n    node_venv_lib_python3_12_site-packages --> node_venv_lib_python3_12_site-packages_PyQt6["PyQt6"]\n    node_venv_lib_python3_12_site-packages_PyQt6 --> node_venv_lib_python3_12_site-packages_PyQt6_Qt6["Qt6"]\n    node_venv_lib_python3_12_site-packages_PyQt6_Qt6 --> node_venv_lib_python3_12_site-packages_PyQt6_Qt6_qml["qml"]\n    node_venv_lib_python3_12_site-packages_PyQt6_Qt6_qml --> node_venv_lib_python3_12_site-packages_PyQt6_Qt6_qml_QtQuick["QtQuick"]\n    node_venv_lib_python3_12_site-packages_PyQt6_Qt6_qml_QtQuick --> node_venv_lib_python3_12_site-packages_PyQt6_Qt6_qml_QtQuick_Controls["Controls"]\n    node_venv_lib_python3_12_site-packages_PyQt6_Qt6_qml_QtQuick_Controls --> node_venv_lib_python3_12_site-packages_PyQt6_Qt6_qml_QtQuick_Controls_Basic["Basic"]\n    node_venv_lib_python3_12_site-packages_PyQt6_Qt6_qml_QtQuick_Controls_Basic --> node_venv_lib_python3_12_site-packages_PyQt6_Qt6_qml_QtQuick_Controls_Basic_impl["impl"]\n    node_venv_lib_python3_12_site-packages_PyQt6_Qt6_qml_QtQuick_Controls_Basic_impl --> node_venv_lib_python3_12_site-packages_PyQt6_Qt6_qml_QtQuick_Controls_Basic_impl_libqtquickcontrols2basicstyleimplplugin_dylib["libqtquickcontrols2basicstyleimplplugin.dylib"]\n    Root --> node_venv["venv"]\n    node_venv --> node_venv_lib["lib"]\n    node_venv_lib --> node_venv_lib_python3_12["python3.12"]\n    node_venv_lib_python3_12 --> node_venv_lib_python3_12_site-packages["site-packages"]\n    node_venv_lib_python3_12_site-packages --> node_venv_lib_python3_12_site-packages_PyQt6["PyQt6"]\n    node_venv_lib_python3_12_site-packages_PyQt6 --> node_venv_lib_python3_12_site-packages_PyQt6_Qt6["Qt6"]\n    node_venv_lib_python3_12_site-packages_PyQt6_Qt6 --> node_venv_lib_python3_12_site-packages_PyQt6_Qt6_qml["qml"]\n    node_venv_lib_python3_12_site-packages_PyQt6_Qt6_qml --> node_venv_lib_python3_12_site-packages_PyQt6_Qt6_qml_QtQuick["QtQuick"]\n    node_venv_lib_python3_12_site-packages_PyQt6_Qt6_qml_QtQuick --> node_venv_lib_python3_12_site-packages_PyQt6_Qt6_qml_QtQuick_Controls["Controls"]\n    node_venv_lib_python3_12_site-packages_PyQt6_Qt6_qml_QtQuick_Controls --> node_venv_lib_python3_12_site-packages_PyQt6_Qt6_qml_QtQuick_Controls_Basic["Basic"]\n    node_venv_lib_python3_12_site-packages_PyQt6_Qt6_qml_QtQuick_Controls_Basic --> node_venv_lib_python3_12_site-packages_PyQt6_Qt6_qml_QtQuick_Controls_Basic_impl["impl"]\n    node_venv_lib_python3_12_site-packages_PyQt6_Qt6_qml_QtQuick_Controls_Basic_impl --> node_venv_lib_python3_12_site-packages_PyQt6_Qt6_qml_QtQuick_Controls_Basic_impl_plugins_qmltypes["plugins.qmltypes"]\n    Root --> node_venv["venv"]\n    node_venv --> node_venv_lib["lib"]\n    node_venv_lib --> node_venv_lib_python3_12["python3.12"]\n    node_venv_lib_python3_12 --> node_venv_lib_python3_12_site-packages["site-packages"]\n    node_venv_lib_python3_12_site-packages --> node_venv_lib_python3_12_site-packages_PyQt6["PyQt6"]\n    node_venv_lib_python3_12_site-packages_PyQt6 --> node_venv_lib_python3_12_site-packages_PyQt6_Qt6["Qt6"]\n    node_venv_lib_python3_12_site-packages_PyQt6_Qt6 --> node_venv_lib_python3_12_site-packages_PyQt6_Qt6_qml["qml"]\n    node_venv_lib_python3_12_site-packages_PyQt6_Qt6_qml --> node_venv_lib_python3_12_site-packages_PyQt6_Qt6_qml_QtQuick["QtQuick"]\n    node_venv_lib_python3_12_site-packages_PyQt6_Qt6_qml_QtQuick --> node_venv_lib_python3_12_site-packages_PyQt6_Qt6_qml_QtQuick_Controls["Controls"]\n    node_venv_lib_python3_12_site-packages_PyQt6_Qt6_qml_QtQuick_Controls --> node_venv_lib_python3_12_site-packages_PyQt6_Qt6_qml_QtQuick_Controls_Basic["Basic"]\n    node_venv_lib_python3_12_site-packages_PyQt6_Qt6_qml_QtQuick_Controls_Basic --> node_venv_lib_python3_12_site-packages_PyQt6_Qt6_qml_QtQuick_Controls_Basic_impl["impl"]\n    node_venv_lib_python3_12_site-packages_PyQt6_Qt6_qml_QtQuick_Controls_Basic_impl --> node_venv_lib_python3_12_site-packages_PyQt6_Qt6_qml_QtQuick_Controls_Basic_impl_qmldir["qmldir"]\n    Root --> node_venv["venv"]\n    node_venv --> node_venv_lib["lib"]\n    node_venv_lib --> node_venv_lib_python3_12["python3.12"]\n    node_venv_lib_python3_12 --> node_venv_lib_python3_12_site-packages["site-packages"]\n    node_venv_lib_python3_12_site-packages --> node_venv_lib_python3_12_site-packages_PyQt6["PyQt6"]\n    node_venv_lib_python3_12_site-packages_PyQt6 --> node_venv_lib_python3_12_site-packages_PyQt6_Qt6["Qt6"]\n    node_venv_lib_python3_12_site-packages_PyQt6_Qt6 --> node_venv_lib_python3_12_site-packages_PyQt6_Qt6_qml["qml"]\n    node_venv_lib_python3_12_site-packages_PyQt6_Qt6_qml --> node_venv_lib_python3_12_site-packages_PyQt6_Qt6_qml_QtQuick["QtQuick"]\n    node_venv_lib_python3_12_site-packages_PyQt6_Qt6_qml_QtQuick --> node_venv_lib_python3_12_site-packages_PyQt6_Qt6_qml_QtQuick_Controls["Controls"]\n    node_venv_lib_python3_12_site-packages_PyQt6_Qt6_qml_QtQuick_Controls --> node_venv_lib_python3_12_site-packages_PyQt6_Qt6_qml_QtQuick_Controls_iOS["iOS"]\n    node_venv_lib_python3_12_site-packages_PyQt6_Qt6_qml_QtQuick_Controls_iOS --> node_venv_lib_python3_12_site-packages_PyQt6_Qt6_qml_QtQuick_Controls_iOS_ApplicationWindow_qml["ApplicationWindow.qml"]\n    Root --> node_venv["venv"]\n    node_venv --> node_venv_lib["lib"]\n    node_venv_lib --> node_venv_lib_python3_12["python3.12"]\n    node_venv_lib_python3_12 --> node_venv_lib_python3_12_site-packages["site-packages"]\n    node_venv_lib_python3_12_site-packages --> node_venv_lib_python3_12_site-packages_PyQt6["PyQt6"]\n    node_venv_lib_python3_12_site-packages_PyQt6 --> node_venv_lib_python3_12_site-packages_PyQt6_Qt6["Qt6"]\n    node_venv_lib_python3_12_site-packages_PyQt6_Qt6 --> node_venv_lib_python3_12_site-packages_PyQt6_Qt6_qml["qml"]\n    node_venv_lib_python3_12_site-packages_PyQt6_Qt6_qml --> node_venv_lib_python3_12_site-packages_PyQt6_Qt6_qml_QtQuick["QtQuick"]\n    node_venv_lib_python3_12_site-packages_PyQt6_Qt6_qml_QtQuick --> node_venv_lib_python3_12_site-packages_PyQt6_Qt6_qml_QtQuick_Controls["Controls"]\n    node_venv_lib_python3_12_site-packages_PyQt6_Qt6_qml_QtQuick_Controls --> node_venv_lib_python3_12_site-packages_PyQt6_Qt6_qml_QtQuick_Controls_iOS["iOS"]\n    node_venv_lib_python3_12_site-packages_PyQt6_Qt6_qml_QtQuick_Controls_iOS --> node_venv_lib_python3_12_site-packages_PyQt6_Qt6_qml_QtQuick_Controls_iOS_BusyIndicator_qml["BusyIndicator.qml"]\n    Root --> node_venv["venv"]\n    node_venv --> node_venv_lib["lib"]\n    node_venv_lib --> node_venv_lib_python3_12["python3.12"]\n    node_venv_lib_python3_12 --> node_venv_lib_python3_12_site-packages["site-packages"]\n    node_venv_lib_python3_12_site-packages --> node_venv_lib_python3_12_site-packages_PyQt6["PyQt6"]\n    node_venv_lib_python3_12_site-packages_PyQt6 --> node_venv_lib_python3_12_site-packages_PyQt6_Qt6["Qt6"]\n    node_venv_lib_python3_12_site-packages_PyQt6_Qt6 --> node_venv_lib_python3_12_site-packages_PyQt6_Qt6_qml["qml"]\n    node_venv_lib_python3_12_site-packages_PyQt6_Qt6_qml --> node_venv_lib_python3_12_site-packages_PyQt6_Qt6_qml_QtQuick["QtQuick"]\n    node_venv_lib_python3_12_site-packages_PyQt6_Qt6_qml_QtQuick --> node_venv_lib_python3_12_site-packages_PyQt6_Qt6_qml_QtQuick_Controls["Controls"]\n    node_venv_lib_python3_12_site-packages_PyQt6_Qt6_qml_QtQuick_Controls --> node_venv_lib_python3_12_site-packages_PyQt6_Qt6_qml_QtQuick_Controls_iOS["iOS"]\n    node_venv_lib_python3_12_site-packages_PyQt6_Qt6_qml_QtQuick_Controls_iOS --> node_venv_lib_python3_12_site-packages_PyQt6_Qt6_qml_QtQuick_Controls_iOS_Button_qml["Button.qml"]\n    Root --> node_venv["venv"]\n    node_venv --> node_venv_lib["lib"]\n    node_venv_lib --> node_venv_lib_python3_12["python3.12"]\n    node_venv_lib_python3_12 --> node_venv_lib_python3_12_site-packages["site-packages"]\n    node_venv_lib_python3_12_site-packages --> node_venv_lib_python3_12_site-packages_PyQt6["PyQt6"]\n    node_venv_lib_python3_12_site-packages_PyQt6 --> node_venv_lib_python3_12_site-packages_PyQt6_Qt6["Qt6"]\n    node_venv_lib_python3_12_site-packages_PyQt6_Qt6 --> node_venv_lib_python3_12_site-packages_PyQt6_Qt6_qml["qml"]\n    node_venv_lib_python3_12_site-packages_PyQt6_Qt6_qml --> node_venv_lib_python3_12_site-packages_PyQt6_Qt6_qml_QtQuick["QtQuick"]\n    node_venv_lib_python3_12_site-packages_PyQt6_Qt6_qml_QtQuick --> node_venv_lib_python3_12_site-packages_PyQt6_Qt6_qml_QtQuick_Controls["Controls"]\n    node_venv_lib_python3_12_site-packages_PyQt6_Qt6_qml_QtQuick_Controls --> node_venv_lib_python3_12_site-packages_PyQt6_Qt6_qml_QtQuick_Controls_iOS["iOS"]\n    node_venv_lib_python3_12_site-packages_PyQt6_Qt6_qml_QtQuick_Controls_iOS --> node_venv_lib_python3_12_site-packages_PyQt6_Qt6_qml_QtQuick_Controls_iOS_CheckBox_qml["CheckBox.qml"]\n    Root --> node_venv["venv"]\n    node_venv --> node_venv_lib["lib"]\n    node_venv_lib --> node_venv_lib_python3_12["python3.12"]\n    node_venv_lib_python3_12 --> node_venv_lib_python3_12_site-packages["site-packages"]\n    node_venv_lib_python3_12_site-packages --> node_venv_lib_python3_12_site-packages_PyQt6["PyQt6"]\n    node_venv_lib_python3_12_site-packages_PyQt6 --> node_venv_lib_python3_12_site-packages_PyQt6_Qt6["Qt6"]\n    node_venv_lib_python3_12_site-packages_PyQt6_Qt6 --> node_venv_lib_python3_12_site-packages_PyQt6_Qt6_qml["qml"]\n    node_venv_lib_python3_12_site-packages_PyQt6_Qt6_qml --> node_venv_lib_python3_12_site-packages_PyQt6_Qt6_qml_QtQuick["QtQuick"]\n    node_venv_lib_python3_12_site-packages_PyQt6_Qt6_qml_QtQuick --> node_venv_lib_python3_12_site-packages_PyQt6_Qt6_qml_QtQuick_Controls["Controls"]\n    node_venv_lib_python3_12_site-packages_PyQt6_Qt6_qml_QtQuick_Controls --> node_venv_lib_python3_12_site-packages_PyQt6_Qt6_qml_QtQuick_Controls_iOS["iOS"]\n    node_venv_lib_python3_12_site-packages_PyQt6_Qt6_qml_QtQuick_Controls_iOS --> node_venv_lib_python3_12_site-packages_PyQt6_Qt6_qml_QtQuick_Controls_iOS_CheckDelegate_qml["CheckDelegate.qml"]\n    Root --> node_venv["venv"]\n    node_venv --> node_venv_lib["lib"]\n    node_venv_lib --> node_venv_lib_python3_12["python3.12"]\n    node_venv_lib_python3_12 --> node_venv_lib_python3_12_site-packages["site-packages"]\n    node_venv_lib_python3_12_site-packages --> node_venv_lib_python3_12_site-packages_PyQt6["PyQt6"]\n    node_venv_lib_python3_12_site-packages_PyQt6 --> node_venv_lib_python3_12_site-packages_PyQt6_Qt6["Qt6"]\n    node_venv_lib_python3_12_site-packages_PyQt6_Qt6 --> node_venv_lib_python3_12_site-packages_PyQt6_Qt6_qml["qml"]\n    node_venv_lib_python3_12_site-packages_PyQt6_Qt6_qml --> node_venv_lib_python3_12_site-packages_PyQt6_Qt6_qml_QtQuick["QtQuick"]\n    node_venv_lib_python3_12_site-packages_PyQt6_Qt6_qml_QtQuick --> node_venv_lib_python3_12_site-packages_PyQt6_Qt6_qml_QtQuick_Controls["Controls"]\n    node_venv_lib_python3_12_site-packages_PyQt6_Qt6_qml_QtQuick_Controls --> node_venv_lib_python3_12_site-packages_PyQt6_Qt6_qml_QtQuick_Controls_iOS["iOS"]\n    node_venv_lib_python3_12_site-packages_PyQt6_Qt6_qml_QtQuick_Controls_iOS --> node_venv_lib_python3_12_site-packages_PyQt6_Qt6_qml_QtQuick_Controls_iOS_ComboBox_qml["ComboBox.qml"]\n    Root --> node_venv["venv"]\n    node_venv --> node_venv_lib["lib"]\n    node_venv_lib --> node_venv_lib_python3_12["python3.12"]\n    node_venv_lib_python3_12 --> node_venv_lib_python3_12_site-packages["site-packages"]\n    node_venv_lib_python3_12_site-packages --> node_venv_lib_python3_12_site-packages_PyQt6["PyQt6"]\n    node_venv_lib_python3_12_site-packages_PyQt6 --> node_venv_lib_python3_12_site-packages_PyQt6_Qt6["Qt6"]\n    node_venv_lib_python3_12_site-packages_PyQt6_Qt6 --> node_venv_lib_python3_12_site-packages_PyQt6_Qt6_qml["qml"]\n    node_venv_lib_python3_12_site-packages_PyQt6_Qt6_qml --> node_venv_lib_python3_12_site-packages_PyQt6_Qt6_qml_QtQuick["QtQuick"]\n    node_venv_lib_python3_12_site-packages_PyQt6_Qt6_qml_QtQuick --> node_venv_lib_python3_12_site-packages_PyQt6_Qt6_qml_QtQuick_Controls["Controls"]\n    node_venv_lib_python3_12_site-packages_PyQt6_Qt6_qml_QtQuick_Controls --> node_venv_lib_python3_12_site-packages_PyQt6_Qt6_qml_QtQuick_Controls_iOS["iOS"]\n    node_venv_lib_python3_12_site-packages_PyQt6_Qt6_qml_QtQuick_Controls_iOS --> node_venv_lib_python3_12_site-packages_PyQt6_Qt6_qml_QtQuick_Controls_iOS_DelayButton_qml["DelayButton.qml"]\n    Root --> node_venv["venv"]\n    node_venv --> node_venv_lib["lib"]\n    node_venv_lib --> node_venv_lib_python3_12["python3.12"]\n    node_venv_lib_python3_12 --> node_venv_lib_python3_12_site-packages["site-packages"]\n    node_venv_lib_python3_12_site-packages --> node_venv_lib_python3_12_site-packages_PyQt6["PyQt6"]\n    node_venv_lib_python3_12_site-packages_PyQt6 --> node_venv_lib_python3_12_site-packages_PyQt6_Qt6["Qt6"]\n    node_venv_lib_python3_12_site-packages_PyQt6_Qt6 --> node_venv_lib_python3_12_site-packages_PyQt6_Qt6_qml["qml"]\n    node_venv_lib_python3_12_site-packages_PyQt6_Qt6_qml --> node_venv_lib_python3_12_site-packages_PyQt6_Qt6_qml_QtQuick["QtQuick"]\n    node_venv_lib_python3_12_site-packages_PyQt6_Qt6_qml_QtQuick --> node_venv_lib_python3_12_site-packages_PyQt6_Qt6_qml_QtQuick_Controls["Controls"]\n    node_venv_lib_python3_12_site-packages_PyQt6_Qt6_qml_QtQuick_Controls --> node_venv_lib_python3_12_site-packages_PyQt6_Qt6_qml_QtQuick_Controls_iOS["iOS"]\n    node_venv_lib_python3_12_site-packages_PyQt6_Qt6_qml_QtQuick_Controls_iOS --> node_venv_lib_python3_12_site-packages_PyQt6_Qt6_qml_QtQuick_Controls_iOS_Dial_qml["Dial.qml"]\n    Root --> node_venv["venv"]\n    node_venv --> node_venv_lib["lib"]\n    node_venv_lib --> node_venv_lib_python3_12["python3.12"]\n    node_venv_lib_python3_12 --> node_venv_lib_python3_12_site-packages["site-packages"]\n    node_venv_lib_python3_12_site-packages --> node_venv_lib_python3_12_site-packages_PyQt6["PyQt6"]\n    node_venv_lib_python3_12_site-packages_PyQt6 --> node_venv_lib_python3_12_site-packages_PyQt6_Qt6["Qt6"]\n    node_venv_lib_python3_12_site-packages_PyQt6_Qt6 --> node_venv_lib_python3_12_site-packages_PyQt6_Qt6_qml["qml"]\n    node_venv_lib_python3_12_site-packages_PyQt6_Qt6_qml --> node_venv_lib_python3_12_site-packages_PyQt6_Qt6_qml_QtQuick["QtQuick"]\n    node_venv_lib_python3_12_site-packages_PyQt6_Qt6_qml_QtQuick --> node_venv_lib_python3_12_site-packages_PyQt6_Qt6_qml_QtQuick_Controls["Controls"]\n    node_venv_lib_python3_12_site-packages_PyQt6_Qt6_qml_QtQuick_Controls --> node_venv_lib_python3_12_site-packages_PyQt6_Qt6_qml_QtQuick_Controls_iOS["iOS"]\n    node_venv_lib_python3_12_site-packages_PyQt6_Qt6_qml_QtQuick_Controls_iOS --> node_venv_lib_python3_12_site-packages_PyQt6_Qt6_qml_QtQuick_Controls_iOS_Dialog_qml["Dialog.qml"]\n    Root --> node_venv["venv"]\n    node_venv --> node_venv_lib["lib"]\n    node_venv_lib --> node_venv_lib_python3_12["python3.12"]\n    node_venv_lib_python3_12 --> node_venv_lib_python3_12_site-packages["site-packages"]\n    node_venv_lib_python3_12_site-packages --> node_venv_lib_python3_12_site-packages_PyQt6["PyQt6"]\n    node_venv_lib_python3_12_site-packages_PyQt6 --> node_venv_lib_python3_12_site-packages_PyQt6_Qt6["Qt6"]\n    node_venv_lib_python3_12_site-packages_PyQt6_Qt6 --> node_venv_lib_python3_12_site-packages_PyQt6_Qt6_qml["qml"]\n    node_venv_lib_python3_12_site-packages_PyQt6_Qt6_qml --> node_venv_lib_python3_12_site-packages_PyQt6_Qt6_qml_QtQuick["QtQuick"]\n    node_venv_lib_python3_12_site-packages_PyQt6_Qt6_qml_QtQuick --> node_venv_lib_python3_12_site-packages_PyQt6_Qt6_qml_QtQuick_Controls["Controls"]\n    node_venv_lib_python3_12_site-packages_PyQt6_Qt6_qml_QtQuick_Controls --> node_venv_lib_python3_12_site-packages_PyQt6_Qt6_qml_QtQuick_Controls_iOS["iOS"]\n    node_venv_lib_python3_12_site-packages_PyQt6_Qt6_qml_QtQuick_Controls_iOS --> node_venv_lib_python3_12_site-packages_PyQt6_Qt6_qml_QtQuick_Controls_iOS_DialogButtonBox_qml["DialogButtonBox.qml"]\n    Root --> node_venv["venv"]\n    node_venv --> node_venv_lib["lib"]\n    node_venv_lib --> node_venv_lib_python3_12["python3.12"]\n    node_venv_lib_python3_12 --> node_venv_lib_python3_12_site-packages["site-packages"]\n    node_venv_lib_python3_12_site-packages --> node_venv_lib_python3_12_site-packages_PyQt6["PyQt6"]\n    node_venv_lib_python3_12_site-packages_PyQt6 --> node_venv_lib_python3_12_site-packages_PyQt6_Qt6["Qt6"]\n    node_venv_lib_python3_12_site-packages_PyQt6_Qt6 --> node_venv_lib_python3_12_site-packages_PyQt6_Qt6_qml["qml"]\n    node_venv_lib_python3_12_site-packages_PyQt6_Qt6_qml --> node_venv_lib_python3_12_site-packages_PyQt6_Qt6_qml_QtQuick["QtQuick"]\n    node_venv_lib_python3_12_site-packages_PyQt6_Qt6_qml_QtQuick --> node_venv_lib_python3_12_site-packages_PyQt6_Qt6_qml_QtQuick_Controls["Controls"]\n    node_venv_lib_python3_12_site-packages_PyQt6_Qt6_qml_QtQuick_Controls --> node_venv_lib_python3_12_site-packages_PyQt6_Qt6_qml_QtQuick_Controls_iOS["iOS"]\n    node_venv_lib_python3_12_site-packages_PyQt6_Qt6_qml_QtQuick_Controls_iOS --> node_venv_lib_python3_12_site-packages_PyQt6_Qt6_qml_QtQuick_Controls_iOS_Drawer_qml["Drawer.qml"]\n    Root --> node_venv["venv"]\n    node_venv --> node_venv_lib["lib"]\n    node_venv_lib --> node_venv_lib_python3_12["python3.12"]\n    node_venv_lib_python3_12 --> node_venv_lib_python3_12_site-packages["site-packages"]\n    node_venv_lib_python3_12_site-packages --> node_venv_lib_python3_12_site-packages_PyQt6["PyQt6"]\n    node_venv_lib_python3_12_site-packages_PyQt6 --> node_venv_lib_python3_12_site-packages_PyQt6_Qt6["Qt6"]\n    node_venv_lib_python3_12_site-packages_PyQt6_Qt6 --> node_venv_lib_python3_12_site-packages_PyQt6_Qt6_qml["qml"]\n    node_venv_lib_python3_12_site-packages_PyQt6_Qt6_qml --> node_venv_lib_python3_12_site-packages_PyQt6_Qt6_qml_QtQuick["QtQuick"]\n    node_venv_lib_python3_12_site-packages_PyQt6_Qt6_qml_QtQuick --> node_venv_lib_python3_12_site-packages_PyQt6_Qt6_qml_QtQuick_Controls["Controls"]\n    node_venv_lib_python3_12_site-packages_PyQt6_Qt6_qml_QtQuick_Controls --> node_venv_lib_python3_12_site-packages_PyQt6_Qt6_qml_QtQuick_Controls_iOS["iOS"]\n    node_venv_lib_python3_12_site-packages_PyQt6_Qt6_qml_QtQuick_Controls_iOS --> node_venv_lib_python3_12_site-packages_PyQt6_Qt6_qml_QtQuick_Controls_iOS_Frame_qml["Frame.qml"]\n    Root --> node_venv["venv"]\n    node_venv --> node_venv_lib["lib"]\n    node_venv_lib --> node_venv_lib_python3_12["python3.12"]\n    node_venv_lib_python3_12 --> node_venv_lib_python3_12_site-packages["site-packages"]\n    node_venv_lib_python3_12_site-packages --> node_venv_lib_python3_12_site-packages_PyQt6["PyQt6"]\n    node_venv_lib_python3_12_site-packages_PyQt6 --> node_venv_lib_python3_12_site-packages_PyQt6_Qt6["Qt6"]\n    node_venv_lib_python3_12_site-packages_PyQt6_Qt6 --> node_venv_lib_python3_12_site-packages_PyQt6_Qt6_qml["qml"]\n    node_venv_lib_python3_12_site-packages_PyQt6_Qt6_qml --> node_venv_lib_python3_12_site-packages_PyQt6_Qt6_qml_QtQuick["QtQuick"]\n    node_venv_lib_python3_12_site-packages_PyQt6_Qt6_qml_QtQuick --> node_venv_lib_python3_12_site-packages_PyQt6_Qt6_qml_QtQuick_Controls["Controls"]\n    node_venv_lib_python3_12_site-packages_PyQt6_Qt6_qml_QtQuick_Controls --> node_venv_lib_python3_12_site-packages_PyQt6_Qt6_qml_QtQuick_Controls_iOS["iOS"]\n    node_venv_lib_python3_12_site-packages_PyQt6_Qt6_qml_QtQuick_Controls_iOS --> node_venv_lib_python3_12_site-packages_PyQt6_Qt6_qml_QtQuick_Controls_iOS_GroupBox_qml["GroupBox.qml"]\n    Root --> node_venv["venv"]\n    node_venv --> node_venv_lib["lib"]\n    node_venv_lib --> node_venv_lib_python3_12["python3.12"]\n    node_venv_lib_python3_12 --> node_venv_lib_python3_12_site-packages["site-packages"]\n    node_venv_lib_python3_12_site-packages --> node_venv_lib_python3_12_site-packages_PyQt6["PyQt6"]\n    node_venv_lib_python3_12_site-packages_PyQt6 --> node_venv_lib_python3_12_site-packages_PyQt6_Qt6["Qt6"]\n    node_venv_lib_python3_12_site-packages_PyQt6_Qt6 --> node_venv_lib_python3_12_site-packages_PyQt6_Qt6_qml["qml"]\n    node_venv_lib_python3_12_site-packages_PyQt6_Qt6_qml --> node_venv_lib_python3_12_site-packages_PyQt6_Qt6_qml_QtQuick["QtQuick"]\n    node_venv_lib_python3_12_site-packages_PyQt6_Qt6_qml_QtQuick --> node_venv_lib_python3_12_site-packages_PyQt6_Qt6_qml_QtQuick_Controls["Controls"]\n    node_venv_lib_python3_12_site-packages_PyQt6_Qt6_qml_QtQuick_Controls --> node_venv_lib_python3_12_site-packages_PyQt6_Qt6_qml_QtQuick_Controls_iOS["iOS"]\n    node_venv_lib_python3_12_site-packages_PyQt6_Qt6_qml_QtQuick_Controls_iOS --> node_venv_lib_python3_12_site-packages_PyQt6_Qt6_qml_QtQuick_Controls_iOS_HorizontalHeaderView_qml["HorizontalHeaderView.qml"]\n    Root --> node_venv["venv"]\n    node_venv --> node_venv_lib["lib"]\n    node_venv_lib --> node_venv_lib_python3_12["python3.12"]\n    node_venv_lib_python3_12 --> node_venv_lib_python3_12_site-packages["site-packages"]\n    node_venv_lib_python3_12_site-packages --> node_venv_lib_python3_12_site-packages_PyQt6["PyQt6"]\n    node_venv_lib_python3_12_site-packages_PyQt6 --> node_venv_lib_python3_12_site-packages_PyQt6_Qt6["Qt6"]\n    node_venv_lib_python3_12_site-packages_PyQt6_Qt6 --> node_venv_lib_python3_12_site-packages_PyQt6_Qt6_qml["qml"]\n    node_venv_lib_python3_12_site-packages_PyQt6_Qt6_qml --> node_venv_lib_python3_12_site-packages_PyQt6_Qt6_qml_QtQuick["QtQuick"]\n    node_venv_lib_python3_12_site-packages_PyQt6_Qt6_qml_QtQuick --> node_venv_lib_python3_12_site-packages_PyQt6_Qt6_qml_QtQuick_Controls["Controls"]\n    node_venv_lib_python3_12_site-packages_PyQt6_Qt6_qml_QtQuick_Controls --> node_venv_lib_python3_12_site-packages_PyQt6_Qt6_qml_QtQuick_Controls_iOS["iOS"]\n    node_venv_lib_python3_12_site-packages_PyQt6_Qt6_qml_QtQuick_Controls_iOS --> node_venv_lib_python3_12_site-packages_PyQt6_Qt6_qml_QtQuick_Controls_iOS_HorizontalHeaderViewDelegate_qml["HorizontalHeaderViewDelegate.qml"]\n    Root --> node_venv["venv"]\n    node_venv --> node_venv_lib["lib"]\n    node_venv_lib --> node_venv_lib_python3_12["python3.12"]\n    node_venv_lib_python3_12 --> node_venv_lib_python3_12_site-packages["site-packages"]\n    node_venv_lib_python3_12_site-packages --> node_venv_lib_python3_12_site-packages_PyQt6["PyQt6"]\n    node_venv_lib_python3_12_site-packages_PyQt6 --> node_venv_lib_python3_12_site-packages_PyQt6_Qt6["Qt6"]\n    node_venv_lib_python3_12_site-packages_PyQt6_Qt6 --> node_venv_lib_python3_12_site-packages_PyQt6_Qt6_qml["qml"]\n    node_venv_lib_python3_12_site-packages_PyQt6_Qt6_qml --> node_venv_lib_python3_12_site-packages_PyQt6_Qt6_qml_QtQuick["QtQuick"]\n    node_venv_lib_python3_12_site-packages_PyQt6_Qt6_qml_QtQuick --> node_venv_lib_python3_12_site-packages_PyQt6_Qt6_qml_QtQuick_Controls["Controls"]\n    node_venv_lib_python3_12_site-packages_PyQt6_Qt6_qml_QtQuick_Controls --> node_venv_lib_python3_12_site-packages_PyQt6_Qt6_qml_QtQuick_Controls_iOS["iOS"]\n    node_venv_lib_python3_12_site-packages_PyQt6_Qt6_qml_QtQuick_Controls_iOS --> node_venv_lib_python3_12_site-packages_PyQt6_Qt6_qml_QtQuick_Controls_iOS_ItemDelegate_qml["ItemDelegate.qml"]\n    Root --> node_venv["venv"]\n    node_venv --> node_venv_lib["lib"]\n    node_venv_lib --> node_venv_lib_python3_12["python3.12"]\n    node_venv_lib_python3_12 --> node_venv_lib_python3_12_site-packages["site-packages"]\n    node_venv_lib_python3_12_site-packages --> node_venv_lib_python3_12_site-packages_PyQt6["PyQt6"]\n    node_venv_lib_python3_12_site-packages_PyQt6 --> node_venv_lib_python3_12_site-packages_PyQt6_Qt6["Qt6"]\n    node_venv_lib_python3_12_site-packages_PyQt6_Qt6 --> node_venv_lib_python3_12_site-packages_PyQt6_Qt6_qml["qml"]\n    node_venv_lib_python3_12_site-packages_PyQt6_Qt6_qml --> node_venv_lib_python3_12_site-packages_PyQt6_Qt6_qml_QtQuick["QtQuick"]\n    node_venv_lib_python3_12_site-packages_PyQt6_Qt6_qml_QtQuick --> node_venv_lib_python3_12_site-packages_PyQt6_Qt6_qml_QtQuick_Controls["Controls"]\n    node_venv_lib_python3_12_site-packages_PyQt6_Qt6_qml_QtQuick_Controls --> node_venv_lib_python3_12_site-packages_PyQt6_Qt6_qml_QtQuick_Controls_iOS["iOS"]\n    node_venv_lib_python3_12_site-packages_PyQt6_Qt6_qml_QtQuick_Controls_iOS --> node_venv_lib_python3_12_site-packages_PyQt6_Qt6_qml_QtQuick_Controls_iOS_Menu_qml["Menu.qml"]\n    Root --> node_venv["venv"]\n    node_venv --> node_venv_lib["lib"]\n    node_venv_lib --> node_venv_lib_python3_12["python3.12"]\n    node_venv_lib_python3_12 --> node_venv_lib_python3_12_site-packages["site-packages"]\n    node_venv_lib_python3_12_site-packages --> node_venv_lib_python3_12_site-packages_PyQt6["PyQt6"]\n    node_venv_lib_python3_12_site-packages_PyQt6 --> node_venv_lib_python3_12_site-packages_PyQt6_Qt6["Qt6"]\n    node_venv_lib_python3_12_site-packages_PyQt6_Qt6 --> node_venv_lib_python3_12_site-packages_PyQt6_Qt6_qml["qml"]\n    node_venv_lib_python3_12_site-packages_PyQt6_Qt6_qml --> node_venv_lib_python3_12_site-packages_PyQt6_Qt6_qml_QtQuick["QtQuick"]\n    node_venv_lib_python3_12_site-packages_PyQt6_Qt6_qml_QtQuick --> node_venv_lib_python3_12_site-packages_PyQt6_Qt6_qml_QtQuick_Controls["Controls"]\n    node_venv_lib_python3_12_site-packages_PyQt6_Qt6_qml_QtQuick_Controls --> node_venv_lib_python3_12_site-packages_PyQt6_Qt6_qml_QtQuick_Controls_iOS["iOS"]\n    node_venv_lib_python3_12_site-packages_PyQt6_Qt6_qml_QtQuick_Controls_iOS --> node_venv_lib_python3_12_site-packages_PyQt6_Qt6_qml_QtQuick_Controls_iOS_MenuBar_qml["MenuBar.qml"]\n    Root --> node_venv["venv"]\n    node_venv --> node_venv_lib["lib"]\n    node_venv_lib --> node_venv_lib_python3_12["python3.12"]\n    node_venv_lib_python3_12 --> node_venv_lib_python3_12_site-packages["site-packages"]\n    node_venv_lib_python3_12_site-packages --> node_venv_lib_python3_12_site-packages_PyQt6["PyQt6"]\n    node_venv_lib_python3_12_site-packages_PyQt6 --> node_venv_lib_python3_12_site-packages_PyQt6_Qt6["Qt6"]\n    node_venv_lib_python3_12_site-packages_PyQt6_Qt6 --> node_venv_lib_python3_12_site-packages_PyQt6_Qt6_qml["qml"]\n    node_venv_lib_python3_12_site-packages_PyQt6_Qt6_qml --> node_venv_lib_python3_12_site-packages_PyQt6_Qt6_qml_QtQuick["QtQuick"]\n    node_venv_lib_python3_12_site-packages_PyQt6_Qt6_qml_QtQuick --> node_venv_lib_python3_12_site-packages_PyQt6_Qt6_qml_QtQuick_Controls["Controls"]\n    node_venv_lib_python3_12_site-packages_PyQt6_Qt6_qml_QtQuick_Controls --> node_venv_lib_python3_12_site-packages_PyQt6_Qt6_qml_QtQuick_Controls_iOS["iOS"]\n    node_venv_lib_python3_12_site-packages_PyQt6_Qt6_qml_QtQuick_Controls_iOS --> node_venv_lib_python3_12_site-packages_PyQt6_Qt6_qml_QtQuick_Controls_iOS_MenuBarItem_qml["MenuBarItem.qml"]\n    Root --> node_venv["venv"]\n    node_venv --> node_venv_lib["lib"]\n    node_venv_lib --> node_venv_lib_python3_12["python3.12"]\n    node_venv_lib_python3_12 --> node_venv_lib_python3_12_site-packages["site-packages"]\n    node_venv_lib_python3_12_site-packages --> node_venv_lib_python3_12_site-packages_PyQt6["PyQt6"]\n    node_venv_lib_python3_12_site-packages_PyQt6 --> node_venv_lib_python3_12_site-packages_PyQt6_Qt6["Qt6"]\n    node_venv_lib_python3_12_site-packages_PyQt6_Qt6 --> node_venv_lib_python3_12_site-packages_PyQt6_Qt6_qml["qml"]\n    node_venv_lib_python3_12_site-packages_PyQt6_Qt6_qml --> node_venv_lib_python3_12_site-packages_PyQt6_Qt6_qml_QtQuick["QtQuick"]\n    node_venv_lib_python3_12_site-packages_PyQt6_Qt6_qml_QtQuick --> node_venv_lib_python3_12_site-packages_PyQt6_Qt6_qml_QtQuick_Controls["Controls"]\n    node_venv_lib_python3_12_site-packages_PyQt6_Qt6_qml_QtQuick_Controls --> node_venv_lib_python3_12_site-packages_PyQt6_Qt6_qml_QtQuick_Controls_iOS["iOS"]\n    node_venv_lib_python3_12_site-packages_PyQt6_Qt6_qml_QtQuick_Controls_iOS --> node_venv_lib_python3_12_site-packages_PyQt6_Qt6_qml_QtQuick_Controls_iOS_MenuItem_qml["MenuItem.qml"]\n    Root --> node_venv["venv"]\n    node_venv --> node_venv_lib["lib"]\n    node_venv_lib --> node_venv_lib_python3_12["python3.12"]\n    node_venv_lib_python3_12 --> node_venv_lib_python3_12_site-packages["site-packages"]\n    node_venv_lib_python3_12_site-packages --> node_venv_lib_python3_12_site-packages_PyQt6["PyQt6"]\n    node_venv_lib_python3_12_site-packages_PyQt6 --> node_venv_lib_python3_12_site-packages_PyQt6_Qt6["Qt6"]\n    node_venv_lib_python3_12_site-packages_PyQt6_Qt6 --> node_venv_lib_python3_12_site-packages_PyQt6_Qt6_qml["qml"]\n    node_venv_lib_python3_12_site-packages_PyQt6_Qt6_qml --> node_venv_lib_python3_12_site-packages_PyQt6_Qt6_qml_QtQuick["QtQuick"]\n    node_venv_lib_python3_12_site-packages_PyQt6_Qt6_qml_QtQuick --> node_venv_lib_python3_12_site-packages_PyQt6_Qt6_qml_QtQuick_Controls["Controls"]\n    node_venv_lib_python3_12_site-packages_PyQt6_Qt6_qml_QtQuick_Controls --> node_venv_lib_python3_12_site-packages_PyQt6_Qt6_qml_QtQuick_Controls_iOS["iOS"]\n    node_venv_lib_python3_12_site-packages_PyQt6_Qt6_qml_QtQuick_Controls_iOS --> node_venv_lib_python3_12_site-packages_PyQt6_Qt6_qml_QtQuick_Controls_iOS_MenuSeparator_qml["MenuSeparator.qml"]\n    Root --> node_venv["venv"]\n    node_venv --> node_venv_lib["lib"]\n    node_venv_lib --> node_venv_lib_python3_12["python3.12"]\n    node_venv_lib_python3_12 --> node_venv_lib_python3_12_site-packages["site-packages"]\n    node_venv_lib_python3_12_site-packages --> node_venv_lib_python3_12_site-packages_PyQt6["PyQt6"]\n    node_venv_lib_python3_12_site-packages_PyQt6 --> node_venv_lib_python3_12_site-packages_PyQt6_Qt6["Qt6"]\n    node_venv_lib_python3_12_site-packages_PyQt6_Qt6 --> node_venv_lib_python3_12_site-packages_PyQt6_Qt6_qml["qml"]\n    node_venv_lib_python3_12_site-packages_PyQt6_Qt6_qml --> node_venv_lib_python3_12_site-packages_PyQt6_Qt6_qml_QtQuick["QtQuick"]\n    node_venv_lib_python3_12_site-packages_PyQt6_Qt6_qml_QtQuick --> node_venv_lib_python3_12_site-packages_PyQt6_Qt6_qml_QtQuick_Controls["Controls"]\n    node_venv_lib_python3_12_site-packages_PyQt6_Qt6_qml_QtQuick_Controls --> node_venv_lib_python3_12_site-packages_PyQt6_Qt6_qml_QtQuick_Controls_iOS["iOS"]\n    node_venv_lib_python3_12_site-packages_PyQt6_Qt6_qml_QtQuick_Controls_iOS --> node_venv_lib_python3_12_site-packages_PyQt6_Qt6_qml_QtQuick_Controls_iOS_PageIndicator_qml["PageIndicator.qml"]\n    Root --> node_venv["venv"]\n    node_venv --> node_venv_lib["lib"]\n    node_venv_lib --> node_venv_lib_python3_12["python3.12"]\n    node_venv_lib_python3_12 --> node_venv_lib_python3_12_site-packages["site-packages"]\n    node_venv_lib_python3_12_site-packages --> node_venv_lib_python3_12_site-packages_PyQt6["PyQt6"]\n    node_venv_lib_python3_12_site-packages_PyQt6 --> node_venv_lib_python3_12_site-packages_PyQt6_Qt6["Qt6"]\n    node_venv_lib_python3_12_site-packages_PyQt6_Qt6 --> node_venv_lib_python3_12_site-packages_PyQt6_Qt6_qml["qml"]\n    node_venv_lib_python3_12_site-packages_PyQt6_Qt6_qml --> node_venv_lib_python3_12_site-packages_PyQt6_Qt6_qml_QtQuick["QtQuick"]\n    node_venv_lib_python3_12_site-packages_PyQt6_Qt6_qml_QtQuick --> node_venv_lib_python3_12_site-packages_PyQt6_Qt6_qml_QtQuick_Controls["Controls"]\n    node_venv_lib_python3_12_site-packages_PyQt6_Qt6_qml_QtQuick_Controls --> node_venv_lib_python3_12_site-packages_PyQt6_Qt6_qml_QtQuick_Controls_iOS["iOS"]\n    node_venv_lib_python3_12_site-packages_PyQt6_Qt6_qml_QtQuick_Controls_iOS --> node_venv_lib_python3_12_site-packages_PyQt6_Qt6_qml_QtQuick_Controls_iOS_Popup_qml["Popup.qml"]\n    Root --> node_venv["venv"]\n    node_venv --> node_venv_lib["lib"]\n    node_venv_lib --> node_venv_lib_python3_12["python3.12"]\n    node_venv_lib_python3_12 --> node_venv_lib_python3_12_site-packages["site-packages"]\n    node_venv_lib_python3_12_site-packages --> node_venv_lib_python3_12_site-packages_PyQt6["PyQt6"]\n    node_venv_lib_python3_12_site-packages_PyQt6 --> node_venv_lib_python3_12_site-packages_PyQt6_Qt6["Qt6"]\n    node_venv_lib_python3_12_site-packages_PyQt6_Qt6 --> node_venv_lib_python3_12_site-packages_PyQt6_Qt6_qml["qml"]\n    node_venv_lib_python3_12_site-packages_PyQt6_Qt6_qml --> node_venv_lib_python3_12_site-packages_PyQt6_Qt6_qml_QtQuick["QtQuick"]\n    node_venv_lib_python3_12_site-packages_PyQt6_Qt6_qml_QtQuick --> node_venv_lib_python3_12_site-packages_PyQt6_Qt6_qml_QtQuick_Controls["Controls"]\n    node_venv_lib_python3_12_site-packages_PyQt6_Qt6_qml_QtQuick_Controls --> node_venv_lib_python3_12_site-packages_PyQt6_Qt6_qml_QtQuick_Controls_iOS["iOS"]\n    node_venv_lib_python3_12_site-packages_PyQt6_Qt6_qml_QtQuick_Controls_iOS --> node_venv_lib_python3_12_site-packages_PyQt6_Qt6_qml_QtQuick_Controls_iOS_ProgressBar_qml["ProgressBar.qml"]\n    Root --> node_venv["venv"]\n    node_venv --> node_venv_lib["lib"]\n    node_venv_lib --> node_venv_lib_python3_12["python3.12"]\n    node_venv_lib_python3_12 --> node_venv_lib_python3_12_site-packages["site-packages"]\n    node_venv_lib_python3_12_site-packages --> node_venv_lib_python3_12_site-packages_PyQt6["PyQt6"]\n    node_venv_lib_python3_12_site-packages_PyQt6 --> node_venv_lib_python3_12_site-packages_PyQt6_Qt6["Qt6"]\n    node_venv_lib_python3_12_site-packages_PyQt6_Qt6 --> node_venv_lib_python3_12_site-packages_PyQt6_Qt6_qml["qml"]\n    node_venv_lib_python3_12_site-packages_PyQt6_Qt6_qml --> node_venv_lib_python3_12_site-packages_PyQt6_Qt6_qml_QtQuick["QtQuick"]\n    node_venv_lib_python3_12_site-packages_PyQt6_Qt6_qml_QtQuick --> node_venv_lib_python3_12_site-packages_PyQt6_Qt6_qml_QtQuick_Controls["Controls"]\n    node_venv_lib_python3_12_site-packages_PyQt6_Qt6_qml_QtQuick_Controls --> node_venv_lib_python3_12_site-packages_PyQt6_Qt6_qml_QtQuick_Controls_iOS["iOS"]\n    node_venv_lib_python3_12_site-packages_PyQt6_Qt6_qml_QtQuick_Controls_iOS --> node_venv_lib_python3_12_site-packages_PyQt6_Qt6_qml_QtQuick_Controls_iOS_RadioButton_qml["RadioButton.qml"]\n    Root --> node_venv["venv"]\n    node_venv --> node_venv_lib["lib"]\n    node_venv_lib --> node_venv_lib_python3_12["python3.12"]\n    node_venv_lib_python3_12 --> node_venv_lib_python3_12_site-packages["site-packages"]\n    node_venv_lib_python3_12_site-packages --> node_venv_lib_python3_12_site-packages_PyQt6["PyQt6"]\n    node_venv_lib_python3_12_site-packages_PyQt6 --> node_venv_lib_python3_12_site-packages_PyQt6_Qt6["Qt6"]\n    node_venv_lib_python3_12_site-packages_PyQt6_Qt6 --> node_venv_lib_python3_12_site-packages_PyQt6_Qt6_qml["qml"]\n    node_venv_lib_python3_12_site-packages_PyQt6_Qt6_qml --> node_venv_lib_python3_12_site-packages_PyQt6_Qt6_qml_QtQuick["QtQuick"]\n    node_venv_lib_python3_12_site-packages_PyQt6_Qt6_qml_QtQuick --> node_venv_lib_python3_12_site-packages_PyQt6_Qt6_qml_QtQuick_Controls["Controls"]\n    node_venv_lib_python3_12_site-packages_PyQt6_Qt6_qml_QtQuick_Controls --> node_venv_lib_python3_12_site-packages_PyQt6_Qt6_qml_QtQuick_Controls_iOS["iOS"]\n    node_venv_lib_python3_12_site-packages_PyQt6_Qt6_qml_QtQuick_Controls_iOS --> node_venv_lib_python3_12_site-packages_PyQt6_Qt6_qml_QtQuick_Controls_iOS_RadioDelegate_qml["RadioDelegate.qml"]\n    Root --> node_venv["venv"]\n    node_venv --> node_venv_lib["lib"]\n    node_venv_lib --> node_venv_lib_python3_12["python3.12"]\n    node_venv_lib_python3_12 --> node_venv_lib_python3_12_site-packages["site-packages"]\n    node_venv_lib_python3_12_site-packages --> node_venv_lib_python3_12_site-packages_PyQt6["PyQt6"]\n    node_venv_lib_python3_12_site-packages_PyQt6 --> node_venv_lib_python3_12_site-packages_PyQt6_Qt6["Qt6"]\n    node_venv_lib_python3_12_site-packages_PyQt6_Qt6 --> node_venv_lib_python3_12_site-packages_PyQt6_Qt6_qml["qml"]\n    node_venv_lib_python3_12_site-packages_PyQt6_Qt6_qml --> node_venv_lib_python3_12_site-packages_PyQt6_Qt6_qml_QtQuick["QtQuick"]\n    node_venv_lib_python3_12_site-packages_PyQt6_Qt6_qml_QtQuick --> node_venv_lib_python3_12_site-packages_PyQt6_Qt6_qml_QtQuick_Controls["Controls"]\n    node_venv_lib_python3_12_site-packages_PyQt6_Qt6_qml_QtQuick_Controls --> node_venv_lib_python3_12_site-packages_PyQt6_Qt6_qml_QtQuick_Controls_iOS["iOS"]\n    node_venv_lib_python3_12_site-packages_PyQt6_Qt6_qml_QtQuick_Controls_iOS --> node_venv_lib_python3_12_site-packages_PyQt6_Qt6_qml_QtQuick_Controls_iOS_RangeSlider_qml["RangeSlider.qml"]\n    Root --> node_venv["venv"]\n    node_venv --> node_venv_lib["lib"]\n    node_venv_lib --> node_venv_lib_python3_12["python3.12"]\n    node_venv_lib_python3_12 --> node_venv_lib_python3_12_site-packages["site-packages"]\n    node_venv_lib_python3_12_site-packages --> node_venv_lib_python3_12_site-packages_PyQt6["PyQt6"]\n    node_venv_lib_python3_12_site-packages_PyQt6 --> node_venv_lib_python3_12_site-packages_PyQt6_Qt6["Qt6"]\n    node_venv_lib_python3_12_site-packages_PyQt6_Qt6 --> node_venv_lib_python3_12_site-packages_PyQt6_Qt6_qml["qml"]\n    node_venv_lib_python3_12_site-packages_PyQt6_Qt6_qml --> node_venv_lib_python3_12_site-packages_PyQt6_Qt6_qml_QtQuick["QtQuick"]\n    node_venv_lib_python3_12_site-packages_PyQt6_Qt6_qml_QtQuick --> node_venv_lib_python3_12_site-packages_PyQt6_Qt6_qml_QtQuick_Controls["Controls"]\n    node_venv_lib_python3_12_site-packages_PyQt6_Qt6_qml_QtQuick_Controls --> node_venv_lib_python3_12_site-packages_PyQt6_Qt6_qml_QtQuick_Controls_iOS["iOS"]\n    node_venv_lib_python3_12_site-packages_PyQt6_Qt6_qml_QtQuick_Controls_iOS --> node_venv_lib_python3_12_site-packages_PyQt6_Qt6_qml_QtQuick_Controls_iOS_ScrollBar_qml["ScrollBar.qml"]\n    Root --> node_venv["venv"]\n    node_venv --> node_venv_lib["lib"]\n    node_venv_lib --> node_venv_lib_python3_12["python3.12"]\n    node_venv_lib_python3_12 --> node_venv_lib_python3_12_site-packages["site-packages"]\n    node_venv_lib_python3_12_site-packages --> node_venv_lib_python3_12_site-packages_PyQt6["PyQt6"]\n    node_venv_lib_python3_12_site-packages_PyQt6 --> node_venv_lib_python3_12_site-packages_PyQt6_Qt6["Qt6"]\n    node_venv_lib_python3_12_site-packages_PyQt6_Qt6 --> node_venv_lib_python3_12_site-packages_PyQt6_Qt6_qml["qml"]\n    node_venv_lib_python3_12_site-packages_PyQt6_Qt6_qml --> node_venv_lib_python3_12_site-packages_PyQt6_Qt6_qml_QtQuick["QtQuick"]\n    node_venv_lib_python3_12_site-packages_PyQt6_Qt6_qml_QtQuick --> node_venv_lib_python3_12_site-packages_PyQt6_Qt6_qml_QtQuick_Controls["Controls"]\n    node_venv_lib_python3_12_site-packages_PyQt6_Qt6_qml_QtQuick_Controls --> node_venv_lib_python3_12_site-packages_PyQt6_Qt6_qml_QtQuick_Controls_iOS["iOS"]\n    node_venv_lib_python3_12_site-packages_PyQt6_Qt6_qml_QtQuick_Controls_iOS --> node_venv_lib_python3_12_site-packages_PyQt6_Qt6_qml_QtQuick_Controls_iOS_ScrollIndicator_qml["ScrollIndicator.qml"]\n    Root --> node_venv["venv"]\n    node_venv --> node_venv_lib["lib"]\n    node_venv_lib --> node_venv_lib_python3_12["python3.12"]\n    node_venv_lib_python3_12 --> node_venv_lib_python3_12_site-packages["site-packages"]\n    node_venv_lib_python3_12_site-packages --> node_venv_lib_python3_12_site-packages_PyQt6["PyQt6"]\n    node_venv_lib_python3_12_site-packages_PyQt6 --> node_venv_lib_python3_12_site-packages_PyQt6_Qt6["Qt6"]\n    node_venv_lib_python3_12_site-packages_PyQt6_Qt6 --> node_venv_lib_python3_12_site-packages_PyQt6_Qt6_qml["qml"]\n    node_venv_lib_python3_12_site-packages_PyQt6_Qt6_qml --> node_venv_lib_python3_12_site-packages_PyQt6_Qt6_qml_QtQuick["QtQuick"]\n    node_venv_lib_python3_12_site-packages_PyQt6_Qt6_qml_QtQuick --> node_venv_lib_python3_12_site-packages_PyQt6_Qt6_qml_QtQuick_Controls["Controls"]\n    node_venv_lib_python3_12_site-packages_PyQt6_Qt6_qml_QtQuick_Controls --> node_venv_lib_python3_12_site-packages_PyQt6_Qt6_qml_QtQuick_Controls_iOS["iOS"]\n    node_venv_lib_python3_12_site-packages_PyQt6_Qt6_qml_QtQuick_Controls_iOS --> node_venv_lib_python3_12_site-packages_PyQt6_Qt6_qml_QtQuick_Controls_iOS_SearchField_qml["SearchField.qml"]\n    Root --> node_venv["venv"]\n    node_venv --> node_venv_lib["lib"]\n    node_venv_lib --> node_venv_lib_python3_12["python3.12"]\n    node_venv_lib_python3_12 --> node_venv_lib_python3_12_site-packages["site-packages"]\n    node_venv_lib_python3_12_site-packages --> node_venv_lib_python3_12_site-packages_PyQt6["PyQt6"]\n    node_venv_lib_python3_12_site-packages_PyQt6 --> node_venv_lib_python3_12_site-packages_PyQt6_Qt6["Qt6"]\n    node_venv_lib_python3_12_site-packages_PyQt6_Qt6 --> node_venv_lib_python3_12_site-packages_PyQt6_Qt6_qml["qml"]\n    node_venv_lib_python3_12_site-packages_PyQt6_Qt6_qml --> node_venv_lib_python3_12_site-packages_PyQt6_Qt6_qml_QtQuick["QtQuick"]\n    node_venv_lib_python3_12_site-packages_PyQt6_Qt6_qml_QtQuick --> node_venv_lib_python3_12_site-packages_PyQt6_Qt6_qml_QtQuick_Controls["Controls"]\n    node_venv_lib_python3_12_site-packages_PyQt6_Qt6_qml_QtQuick_Controls --> node_venv_lib_python3_12_site-packages_PyQt6_Qt6_qml_QtQuick_Controls_iOS["iOS"]\n    node_venv_lib_python3_12_site-packages_PyQt6_Qt6_qml_QtQuick_Controls_iOS --> node_venv_lib_python3_12_site-packages_PyQt6_Qt6_qml_QtQuick_Controls_iOS_SelectionRectangle_qml["SelectionRectangle.qml"]\n    Root --> node_venv["venv"]\n    node_venv --> node_venv_lib["lib"]\n    node_venv_lib --> node_venv_lib_python3_12["python3.12"]\n    node_venv_lib_python3_12 --> node_venv_lib_python3_12_site-packages["site-packages"]\n    node_venv_lib_python3_12_site-packages --> node_venv_lib_python3_12_site-packages_PyQt6["PyQt6"]\n    node_venv_lib_python3_12_site-packages_PyQt6 --> node_venv_lib_python3_12_site-packages_PyQt6_Qt6["Qt6"]\n    node_venv_lib_python3_12_site-packages_PyQt6_Qt6 --> node_venv_lib_python3_12_site-packages_PyQt6_Qt6_qml["qml"]\n    node_venv_lib_python3_12_site-packages_PyQt6_Qt6_qml --> node_venv_lib_python3_12_site-packages_PyQt6_Qt6_qml_QtQuick["QtQuick"]\n    node_venv_lib_python3_12_site-packages_PyQt6_Qt6_qml_QtQuick --> node_venv_lib_python3_12_site-packages_PyQt6_Qt6_qml_QtQuick_Controls["Controls"]\n    node_venv_lib_python3_12_site-packages_PyQt6_Qt6_qml_QtQuick_Controls --> node_venv_lib_python3_12_site-packages_PyQt6_Qt6_qml_QtQuick_Controls_iOS["iOS"]\n    node_venv_lib_python3_12_site-packages_PyQt6_Qt6_qml_QtQuick_Controls_iOS --> node_venv_lib_python3_12_site-packages_PyQt6_Qt6_qml_QtQuick_Controls_iOS_Slider_qml["Slider.qml"]\n    Root --> node_venv["venv"]\n    node_venv --> node_venv_lib["lib"]\n    node_venv_lib --> node_venv_lib_python3_12["python3.12"]\n    node_venv_lib_python3_12 --> node_venv_lib_python3_12_site-packages["site-packages"]\n    node_venv_lib_python3_12_site-packages --> node_venv_lib_python3_12_site-packages_PyQt6["PyQt6"]\n    node_venv_lib_python3_12_site-packages_PyQt6 --> node_venv_lib_python3_12_site-packages_PyQt6_Qt6["Qt6"]\n    node_venv_lib_python3_12_site-packages_PyQt6_Qt6 --> node_venv_lib_python3_12_site-packages_PyQt6_Qt6_qml["qml"]\n    node_venv_lib_python3_12_site-packages_PyQt6_Qt6_qml --> node_venv_lib_python3_12_site-packages_PyQt6_Qt6_qml_QtQuick["QtQuick"]\n    node_venv_lib_python3_12_site-packages_PyQt6_Qt6_qml_QtQuick --> node_venv_lib_python3_12_site-packages_PyQt6_Qt6_qml_QtQuick_Controls["Controls"]\n    node_venv_lib_python3_12_site-packages_PyQt6_Qt6_qml_QtQuick_Controls --> node_venv_lib_python3_12_site-packages_PyQt6_Qt6_qml_QtQuick_Controls_iOS["iOS"]\n    node_venv_lib_python3_12_site-packages_PyQt6_Qt6_qml_QtQuick_Controls_iOS --> node_venv_lib_python3_12_site-packages_PyQt6_Qt6_qml_QtQuick_Controls_iOS_SpinBox_qml["SpinBox.qml"]\n    Root --> node_venv["venv"]\n    node_venv --> node_venv_lib["lib"]\n    node_venv_lib --> node_venv_lib_python3_12["python3.12"]\n    node_venv_lib_python3_12 --> node_venv_lib_python3_12_site-packages["site-packages"]\n    node_venv_lib_python3_12_site-packages --> node_venv_lib_python3_12_site-packages_PyQt6["PyQt6"]\n    node_venv_lib_python3_12_site-packages_PyQt6 --> node_venv_lib_python3_12_site-packages_PyQt6_Qt6["Qt6"]\n    node_venv_lib_python3_12_site-packages_PyQt6_Qt6 --> node_venv_lib_python3_12_site-packages_PyQt6_Qt6_qml["qml"]\n    node_venv_lib_python3_12_site-packages_PyQt6_Qt6_qml --> node_venv_lib_python3_12_site-packages_PyQt6_Qt6_qml_QtQuick["QtQuick"]\n    node_venv_lib_python3_12_site-packages_PyQt6_Qt6_qml_QtQuick --> node_venv_lib_python3_12_site-packages_PyQt6_Qt6_qml_QtQuick_Controls["Controls"]\n    node_venv_lib_python3_12_site-packages_PyQt6_Qt6_qml_QtQuick_Controls --> node_venv_lib_python3_12_site-packages_PyQt6_Qt6_qml_QtQuick_Controls_iOS["iOS"]\n    node_venv_lib_python3_12_site-packages_PyQt6_Qt6_qml_QtQuick_Controls_iOS --> node_venv_lib_python3_12_site-packages_PyQt6_Qt6_qml_QtQuick_Controls_iOS_SplitView_qml["SplitView.qml"]\n    Root --> node_venv["venv"]\n    node_venv --> node_venv_lib["lib"]\n    node_venv_lib --> node_venv_lib_python3_12["python3.12"]\n    node_venv_lib_python3_12 --> node_venv_lib_python3_12_site-packages["site-packages"]\n    node_venv_lib_python3_12_site-packages --> node_venv_lib_python3_12_site-packages_PyQt6["PyQt6"]\n    node_venv_lib_python3_12_site-packages_PyQt6 --> node_venv_lib_python3_12_site-packages_PyQt6_Qt6["Qt6"]\n    node_venv_lib_python3_12_site-packages_PyQt6_Qt6 --> node_venv_lib_python3_12_site-packages_PyQt6_Qt6_qml["qml"]\n    node_venv_lib_python3_12_site-packages_PyQt6_Qt6_qml --> node_venv_lib_python3_12_site-packages_PyQt6_Qt6_qml_QtQuick["QtQuick"]\n    node_venv_lib_python3_12_site-packages_PyQt6_Qt6_qml_QtQuick --> node_venv_lib_python3_12_site-packages_PyQt6_Qt6_qml_QtQuick_Controls["Controls"]\n    node_venv_lib_python3_12_site-packages_PyQt6_Qt6_qml_QtQuick_Controls --> node_venv_lib_python3_12_site-packages_PyQt6_Qt6_qml_QtQuick_Controls_iOS["iOS"]\n    node_venv_lib_python3_12_site-packages_PyQt6_Qt6_qml_QtQuick_Controls_iOS --> node_venv_lib_python3_12_site-packages_PyQt6_Qt6_qml_QtQuick_Controls_iOS_StackView_qml["StackView.qml"]\n    Root --> node_venv["venv"]\n    node_venv --> node_venv_lib["lib"]\n    node_venv_lib --> node_venv_lib_python3_12["python3.12"]\n    node_venv_lib_python3_12 --> node_venv_lib_python3_12_site-packages["site-packages"]\n    node_venv_lib_python3_12_site-packages --> node_venv_lib_python3_12_site-packages_PyQt6["PyQt6"]\n    node_venv_lib_python3_12_site-packages_PyQt6 --> node_venv_lib_python3_12_site-packages_PyQt6_Qt6["Qt6"]\n    node_venv_lib_python3_12_site-packages_PyQt6_Qt6 --> node_venv_lib_python3_12_site-packages_PyQt6_Qt6_qml["qml"]\n    node_venv_lib_python3_12_site-packages_PyQt6_Qt6_qml --> node_venv_lib_python3_12_site-packages_PyQt6_Qt6_qml_QtQuick["QtQuick"]\n    node_venv_lib_python3_12_site-packages_PyQt6_Qt6_qml_QtQuick --> node_venv_lib_python3_12_site-packages_PyQt6_Qt6_qml_QtQuick_Controls["Controls"]\n    node_venv_lib_python3_12_site-packages_PyQt6_Qt6_qml_QtQuick_Controls --> node_venv_lib_python3_12_site-packages_PyQt6_Qt6_qml_QtQuick_Controls_iOS["iOS"]\n    node_venv_lib_python3_12_site-packages_PyQt6_Qt6_qml_QtQuick_Controls_iOS --> node_venv_lib_python3_12_site-packages_PyQt6_Qt6_qml_QtQuick_Controls_iOS_SwipeDelegate_qml["SwipeDelegate.qml"]\n    Root --> node_venv["venv"]\n    node_venv --> node_venv_lib["lib"]\n    node_venv_lib --> node_venv_lib_python3_12["python3.12"]\n    node_venv_lib_python3_12 --> node_venv_lib_python3_12_site-packages["site-packages"]\n    node_venv_lib_python3_12_site-packages --> node_venv_lib_python3_12_site-packages_PyQt6["PyQt6"]\n    node_venv_lib_python3_12_site-packages_PyQt6 --> node_venv_lib_python3_12_site-packages_PyQt6_Qt6["Qt6"]\n    node_venv_lib_python3_12_site-packages_PyQt6_Qt6 --> node_venv_lib_python3_12_site-packages_PyQt6_Qt6_qml["qml"]\n    node_venv_lib_python3_12_site-packages_PyQt6_Qt6_qml --> node_venv_lib_python3_12_site-packages_PyQt6_Qt6_qml_QtQuick["QtQuick"]\n    node_venv_lib_python3_12_site-packages_PyQt6_Qt6_qml_QtQuick --> node_venv_lib_python3_12_site-packages_PyQt6_Qt6_qml_QtQuick_Controls["Controls"]\n    node_venv_lib_python3_12_site-packages_PyQt6_Qt6_qml_QtQuick_Controls --> node_venv_lib_python3_12_site-packages_PyQt6_Qt6_qml_QtQuick_Controls_iOS["iOS"]\n    node_venv_lib_python3_12_site-packages_PyQt6_Qt6_qml_QtQuick_Controls_iOS --> node_venv_lib_python3_12_site-packages_PyQt6_Qt6_qml_QtQuick_Controls_iOS_Switch_qml["Switch.qml"]\n    Root --> node_venv["venv"]\n    node_venv --> node_venv_lib["lib"]\n    node_venv_lib --> node_venv_lib_python3_12["python3.12"]\n    node_venv_lib_python3_12 --> node_venv_lib_python3_12_site-packages["site-packages"]\n    node_venv_lib_python3_12_site-packages --> node_venv_lib_python3_12_site-packages_PyQt6["PyQt6"]\n    node_venv_lib_python3_12_site-packages_PyQt6 --> node_venv_lib_python3_12_site-packages_PyQt6_Qt6["Qt6"]\n    node_venv_lib_python3_12_site-packages_PyQt6_Qt6 --> node_venv_lib_python3_12_site-packages_PyQt6_Qt6_qml["qml"]\n    node_venv_lib_python3_12_site-packages_PyQt6_Qt6_qml --> node_venv_lib_python3_12_site-packages_PyQt6_Qt6_qml_QtQuick["QtQuick"]\n    node_venv_lib_python3_12_site-packages_PyQt6_Qt6_qml_QtQuick --> node_venv_lib_python3_12_site-packages_PyQt6_Qt6_qml_QtQuick_Controls["Controls"]\n    node_venv_lib_python3_12_site-packages_PyQt6_Qt6_qml_QtQuick_Controls --> node_venv_lib_python3_12_site-packages_PyQt6_Qt6_qml_QtQuick_Controls_iOS["iOS"]\n    node_venv_lib_python3_12_site-packages_PyQt6_Qt6_qml_QtQuick_Controls_iOS --> node_venv_lib_python3_12_site-packages_PyQt6_Qt6_qml_QtQuick_Controls_iOS_SwitchDelegate_qml["SwitchDelegate.qml"]\n    Root --> node_venv["venv"]\n    node_venv --> node_venv_lib["lib"]\n    node_venv_lib --> node_venv_lib_python3_12["python3.12"]\n    node_venv_lib_python3_12 --> node_venv_lib_python3_12_site-packages["site-packages"]\n    node_venv_lib_python3_12_site-packages --> node_venv_lib_python3_12_site-packages_PyQt6["PyQt6"]\n    node_venv_lib_python3_12_site-packages_PyQt6 --> node_venv_lib_python3_12_site-packages_PyQt6_Qt6["Qt6"]\n    node_venv_lib_python3_12_site-packages_PyQt6_Qt6 --> node_venv_lib_python3_12_site-packages_PyQt6_Qt6_qml["qml"]\n    node_venv_lib_python3_12_site-packages_PyQt6_Qt6_qml --> node_venv_lib_python3_12_site-packages_PyQt6_Qt6_qml_QtQuick["QtQuick"]\n    node_venv_lib_python3_12_site-packages_PyQt6_Qt6_qml_QtQuick --> node_venv_lib_python3_12_site-packages_PyQt6_Qt6_qml_QtQuick_Controls["Controls"]\n    node_venv_lib_python3_12_site-packages_PyQt6_Qt6_qml_QtQuick_Controls --> node_venv_lib_python3_12_site-packages_PyQt6_Qt6_qml_QtQuick_Controls_iOS["iOS"]\n    node_venv_lib_python3_12_site-packages_PyQt6_Qt6_qml_QtQuick_Controls_iOS --> node_venv_lib_python3_12_site-packages_PyQt6_Qt6_qml_QtQuick_Controls_iOS_TabBar_qml["TabBar.qml"]\n    Root --> node_venv["venv"]\n    node_venv --> node_venv_lib["lib"]\n    node_venv_lib --> node_venv_lib_python3_12["python3.12"]\n    node_venv_lib_python3_12 --> node_venv_lib_python3_12_site-packages["site-packages"]\n    node_venv_lib_python3_12_site-packages --> node_venv_lib_python3_12_site-packages_PyQt6["PyQt6"]\n    node_venv_lib_python3_12_site-packages_PyQt6 --> node_venv_lib_python3_12_site-packages_PyQt6_Qt6["Qt6"]\n    node_venv_lib_python3_12_site-packages_PyQt6_Qt6 --> node_venv_lib_python3_12_site-packages_PyQt6_Qt6_qml["qml"]\n    node_venv_lib_python3_12_site-packages_PyQt6_Qt6_qml --> node_venv_lib_python3_12_site-packages_PyQt6_Qt6_qml_QtQuick["QtQuick"]\n    node_venv_lib_python3_12_site-packages_PyQt6_Qt6_qml_QtQuick --> node_venv_lib_python3_12_site-packages_PyQt6_Qt6_qml_QtQuick_Controls["Controls"]\n    node_venv_lib_python3_12_site-packages_PyQt6_Qt6_qml_QtQuick_Controls --> node_venv_lib_python3_12_site-packages_PyQt6_Qt6_qml_QtQuick_Controls_iOS["iOS"]\n    node_venv_lib_python3_12_site-packages_PyQt6_Qt6_qml_QtQuick_Controls_iOS --> node_venv_lib_python3_12_site-packages_PyQt6_Qt6_qml_QtQuick_Controls_iOS_TabButton_qml["TabButton.qml"]\n    Root --> node_venv["venv"]\n    node_venv --> node_venv_lib["lib"]\n    node_venv_lib --> node_venv_lib_python3_12["python3.12"]\n    node_venv_lib_python3_12 --> node_venv_lib_python3_12_site-packages["site-packages"]\n    node_venv_lib_python3_12_site-packages --> node_venv_lib_python3_12_site-packages_PyQt6["PyQt6"]\n    node_venv_lib_python3_12_site-packages_PyQt6 --> node_venv_lib_python3_12_site-packages_PyQt6_Qt6["Qt6"]\n    node_venv_lib_python3_12_site-packages_PyQt6_Qt6 --> node_venv_lib_python3_12_site-packages_PyQt6_Qt6_qml["qml"]\n    node_venv_lib_python3_12_site-packages_PyQt6_Qt6_qml --> node_venv_lib_python3_12_site-packages_PyQt6_Qt6_qml_QtQuick["QtQuick"]\n    node_venv_lib_python3_12_site-packages_PyQt6_Qt6_qml_QtQuick --> node_venv_lib_python3_12_site-packages_PyQt6_Qt6_qml_QtQuick_Controls["Controls"]\n    node_venv_lib_python3_12_site-packages_PyQt6_Qt6_qml_QtQuick_Controls --> node_venv_lib_python3_12_site-packages_PyQt6_Qt6_qml_QtQuick_Controls_iOS["iOS"]\n    node_venv_lib_python3_12_site-packages_PyQt6_Qt6_qml_QtQuick_Controls_iOS --> node_venv_lib_python3_12_site-packages_PyQt6_Qt6_qml_QtQuick_Controls_iOS_TextArea_qml["TextArea.qml"]\n    Root --> node_venv["venv"]\n    node_venv --> node_venv_lib["lib"]\n    node_venv_lib --> node_venv_lib_python3_12["python3.12"]\n    node_venv_lib_python3_12 --> node_venv_lib_python3_12_site-packages["site-packages"]\n    node_venv_lib_python3_12_site-packages --> node_venv_lib_python3_12_site-packages_PyQt6["PyQt6"]\n    node_venv_lib_python3_12_site-packages_PyQt6 --> node_venv_lib_python3_12_site-packages_PyQt6_Qt6["Qt6"]\n    node_venv_lib_python3_12_site-packages_PyQt6_Qt6 --> node_venv_lib_python3_12_site-packages_PyQt6_Qt6_qml["qml"]\n    node_venv_lib_python3_12_site-packages_PyQt6_Qt6_qml --> node_venv_lib_python3_12_site-packages_PyQt6_Qt6_qml_QtQuick["QtQuick"]\n    node_venv_lib_python3_12_site-packages_PyQt6_Qt6_qml_QtQuick --> node_venv_lib_python3_12_site-packages_PyQt6_Qt6_qml_QtQuick_Controls["Controls"]\n    node_venv_lib_python3_12_site-packages_PyQt6_Qt6_qml_QtQuick_Controls --> node_venv_lib_python3_12_site-packages_PyQt6_Qt6_qml_QtQuick_Controls_iOS["iOS"]\n    node_venv_lib_python3_12_site-packages_PyQt6_Qt6_qml_QtQuick_Controls_iOS --> node_venv_lib_python3_12_site-packages_PyQt6_Qt6_qml_QtQuick_Controls_iOS_TextField_qml["TextField.qml"]\n    Root --> node_venv["venv"]\n    node_venv --> node_venv_lib["lib"]\n    node_venv_lib --> node_venv_lib_python3_12["python3.12"]\n    node_venv_lib_python3_12 --> node_venv_lib_python3_12_site-packages["site-packages"]\n    node_venv_lib_python3_12_site-packages --> node_venv_lib_python3_12_site-packages_PyQt6["PyQt6"]\n    node_venv_lib_python3_12_site-packages_PyQt6 --> node_venv_lib_python3_12_site-packages_PyQt6_Qt6["Qt6"]\n    node_venv_lib_python3_12_site-packages_PyQt6_Qt6 --> node_venv_lib_python3_12_site-packages_PyQt6_Qt6_qml["qml"]\n    node_venv_lib_python3_12_site-packages_PyQt6_Qt6_qml --> node_venv_lib_python3_12_site-packages_PyQt6_Qt6_qml_QtQuick["QtQuick"]\n    node_venv_lib_python3_12_site-packages_PyQt6_Qt6_qml_QtQuick --> node_venv_lib_python3_12_site-packages_PyQt6_Qt6_qml_QtQuick_Controls["Controls"]\n    node_venv_lib_python3_12_site-packages_PyQt6_Qt6_qml_QtQuick_Controls --> node_venv_lib_python3_12_site-packages_PyQt6_Qt6_qml_QtQuick_Controls_iOS["iOS"]\n    node_venv_lib_python3_12_site-packages_PyQt6_Qt6_qml_QtQuick_Controls_iOS --> node_venv_lib_python3_12_site-packages_PyQt6_Qt6_qml_QtQuick_Controls_iOS_ToolBar_qml["ToolBar.qml"]\n    Root --> node_venv["venv"]\n    node_venv --> node_venv_lib["lib"]\n    node_venv_lib --> node_venv_lib_python3_12["python3.12"]\n    node_venv_lib_python3_12 --> node_venv_lib_python3_12_site-packages["site-packages"]\n    node_venv_lib_python3_12_site-packages --> node_venv_lib_python3_12_site-packages_PyQt6["PyQt6"]\n    node_venv_lib_python3_12_site-packages_PyQt6 --> node_venv_lib_python3_12_site-packages_PyQt6_Qt6["Qt6"]\n    node_venv_lib_python3_12_site-packages_PyQt6_Qt6 --> node_venv_lib_python3_12_site-packages_PyQt6_Qt6_qml["qml"]\n    node_venv_lib_python3_12_site-packages_PyQt6_Qt6_qml --> node_venv_lib_python3_12_site-packages_PyQt6_Qt6_qml_QtQuick["QtQuick"]\n    node_venv_lib_python3_12_site-packages_PyQt6_Qt6_qml_QtQuick --> node_venv_lib_python3_12_site-packages_PyQt6_Qt6_qml_QtQuick_Controls["Controls"]\n    node_venv_lib_python3_12_site-packages_PyQt6_Qt6_qml_QtQuick_Controls --> node_venv_lib_python3_12_site-packages_PyQt6_Qt6_qml_QtQuick_Controls_iOS["iOS"]\n    node_venv_lib_python3_12_site-packages_PyQt6_Qt6_qml_QtQuick_Controls_iOS --> node_venv_lib_python3_12_site-packages_PyQt6_Qt6_qml_QtQuick_Controls_iOS_ToolButton_qml["ToolButton.qml"]\n    Root --> node_venv["venv"]\n    node_venv --> node_venv_lib["lib"]\n    node_venv_lib --> node_venv_lib_python3_12["python3.12"]\n    node_venv_lib_python3_12 --> node_venv_lib_python3_12_site-packages["site-packages"]\n    node_venv_lib_python3_12_site-packages --> node_venv_lib_python3_12_site-packages_PyQt6["PyQt6"]\n    node_venv_lib_python3_12_site-packages_PyQt6 --> node_venv_lib_python3_12_site-packages_PyQt6_Qt6["Qt6"]\n    node_venv_lib_python3_12_site-packages_PyQt6_Qt6 --> node_venv_lib_python3_12_site-packages_PyQt6_Qt6_qml["qml"]\n    node_venv_lib_python3_12_site-packages_PyQt6_Qt6_qml --> node_venv_lib_python3_12_site-packages_PyQt6_Qt6_qml_QtQuick["QtQuick"]\n    node_venv_lib_python3_12_site-packages_PyQt6_Qt6_qml_QtQuick --> node_venv_lib_python3_12_site-packages_PyQt6_Qt6_qml_QtQuick_Controls["Controls"]\n    node_venv_lib_python3_12_site-packages_PyQt6_Qt6_qml_QtQuick_Controls --> node_venv_lib_python3_12_site-packages_PyQt6_Qt6_qml_QtQuick_Controls_iOS["iOS"]\n    node_venv_lib_python3_12_site-packages_PyQt6_Qt6_qml_QtQuick_Controls_iOS --> node_venv_lib_python3_12_site-packages_PyQt6_Qt6_qml_QtQuick_Controls_iOS_ToolSeparator_qml["ToolSeparator.qml"]\n    Root --> node_venv["venv"]\n    node_venv --> node_venv_lib["lib"]\n    node_venv_lib --> node_venv_lib_python3_12["python3.12"]\n    node_venv_lib_python3_12 --> node_venv_lib_python3_12_site-packages["site-packages"]\n    node_venv_lib_python3_12_site-packages --> node_venv_lib_python3_12_site-packages_PyQt6["PyQt6"]\n    node_venv_lib_python3_12_site-packages_PyQt6 --> node_venv_lib_python3_12_site-packages_PyQt6_Qt6["Qt6"]\n    node_venv_lib_python3_12_site-packages_PyQt6_Qt6 --> node_venv_lib_python3_12_site-packages_PyQt6_Qt6_qml["qml"]\n    node_venv_lib_python3_12_site-packages_PyQt6_Qt6_qml --> node_venv_lib_python3_12_site-packages_PyQt6_Qt6_qml_QtQuick["QtQuick"]\n    node_venv_lib_python3_12_site-packages_PyQt6_Qt6_qml_QtQuick --> node_venv_lib_python3_12_site-packages_PyQt6_Qt6_qml_QtQuick_Controls["Controls"]\n    node_venv_lib_python3_12_site-packages_PyQt6_Qt6_qml_QtQuick_Controls --> node_venv_lib_python3_12_site-packages_PyQt6_Qt6_qml_QtQuick_Controls_iOS["iOS"]\n    node_venv_lib_python3_12_site-packages_PyQt6_Qt6_qml_QtQuick_Controls_iOS --> node_venv_lib_python3_12_site-packages_PyQt6_Qt6_qml_QtQuick_Controls_iOS_ToolTip_qml["ToolTip.qml"]\n    Root --> node_venv["venv"]\n    node_venv --> node_venv_lib["lib"]\n    node_venv_lib --> node_venv_lib_python3_12["python3.12"]\n    node_venv_lib_python3_12 --> node_venv_lib_python3_12_site-packages["site-packages"]\n    node_venv_lib_python3_12_site-packages --> node_venv_lib_python3_12_site-packages_PyQt6["PyQt6"]\n    node_venv_lib_python3_12_site-packages_PyQt6 --> node_venv_lib_python3_12_site-packages_PyQt6_Qt6["Qt6"]\n    node_venv_lib_python3_12_site-packages_PyQt6_Qt6 --> node_venv_lib_python3_12_site-packages_PyQt6_Qt6_qml["qml"]\n    node_venv_lib_python3_12_site-packages_PyQt6_Qt6_qml --> node_venv_lib_python3_12_site-packages_PyQt6_Qt6_qml_QtQuick["QtQuick"]\n    node_venv_lib_python3_12_site-packages_PyQt6_Qt6_qml_QtQuick --> node_venv_lib_python3_12_site-packages_PyQt6_Qt6_qml_QtQuick_Controls["Controls"]\n    node_venv_lib_python3_12_site-packages_PyQt6_Qt6_qml_QtQuick_Controls --> node_venv_lib_python3_12_site-packages_PyQt6_Qt6_qml_QtQuick_Controls_iOS["iOS"]\n    node_venv_lib_python3_12_site-packages_PyQt6_Qt6_qml_QtQuick_Controls_iOS --> node_venv_lib_python3_12_site-packages_PyQt6_Qt6_qml_QtQuick_Controls_iOS_TreeViewDelegate_qml["TreeViewDelegate.qml"]\n    Root --> node_venv["venv"]\n    node_venv --> node_venv_lib["lib"]\n    node_venv_lib --> node_venv_lib_python3_12["python3.12"]\n    node_venv_lib_python3_12 --> node_venv_lib_python3_12_site-packages["site-packages"]\n    node_venv_lib_python3_12_site-packages --> node_venv_lib_python3_12_site-packages_PyQt6["PyQt6"]\n    node_venv_lib_python3_12_site-packages_PyQt6 --> node_venv_lib_python3_12_site-packages_PyQt6_Qt6["Qt6"]\n    node_venv_lib_python3_12_site-packages_PyQt6_Qt6 --> node_venv_lib_python3_12_site-packages_PyQt6_Qt6_qml["qml"]\n    node_venv_lib_python3_12_site-packages_PyQt6_Qt6_qml --> node_venv_lib_python3_12_site-packages_PyQt6_Qt6_qml_QtQuick["QtQuick"]\n    node_venv_lib_python3_12_site-packages_PyQt6_Qt6_qml_QtQuick --> node_venv_lib_python3_12_site-packages_PyQt6_Qt6_qml_QtQuick_Controls["Controls"]\n    node_venv_lib_python3_12_site-packages_PyQt6_Qt6_qml_QtQuick_Controls --> node_venv_lib_python3_12_site-packages_PyQt6_Qt6_qml_QtQuick_Controls_iOS["iOS"]\n    node_venv_lib_python3_12_site-packages_PyQt6_Qt6_qml_QtQuick_Controls_iOS --> node_venv_lib_python3_12_site-packages_PyQt6_Qt6_qml_QtQuick_Controls_iOS_VerticalHeaderView_qml["VerticalHeaderView.qml"]\n    Root --> node_venv["venv"]\n    node_venv --> node_venv_lib["lib"]\n    node_venv_lib --> node_venv_lib_python3_12["python3.12"]\n    node_venv_lib_python3_12 --> node_venv_lib_python3_12_site-packages["site-packages"]\n    node_venv_lib_python3_12_site-packages --> node_venv_lib_python3_12_site-packages_PyQt6["PyQt6"]\n    node_venv_lib_python3_12_site-packages_PyQt6 --> node_venv_lib_python3_12_site-packages_PyQt6_Qt6["Qt6"]\n    node_venv_lib_python3_12_site-packages_PyQt6_Qt6 --> node_venv_lib_python3_12_site-packages_PyQt6_Qt6_qml["qml"]\n    node_venv_lib_python3_12_site-packages_PyQt6_Qt6_qml --> node_venv_lib_python3_12_site-packages_PyQt6_Qt6_qml_QtQuick["QtQuick"]\n    node_venv_lib_python3_12_site-packages_PyQt6_Qt6_qml_QtQuick --> node_venv_lib_python3_12_site-packages_PyQt6_Qt6_qml_QtQuick_Controls["Controls"]\n    node_venv_lib_python3_12_site-packages_PyQt6_Qt6_qml_QtQuick_Controls --> node_venv_lib_python3_12_site-packages_PyQt6_Qt6_qml_QtQuick_Controls_iOS["iOS"]\n    node_venv_lib_python3_12_site-packages_PyQt6_Qt6_qml_QtQuick_Controls_iOS --> node_venv_lib_python3_12_site-packages_PyQt6_Qt6_qml_QtQuick_Controls_iOS_VerticalHeaderViewDelegate_qml["VerticalHeaderViewDelegate.qml"]\n    Root --> node_venv["venv"]\n    node_venv --> node_venv_lib["lib"]\n    node_venv_lib --> node_venv_lib_python3_12["python3.12"]\n    node_venv_lib_python3_12 --> node_venv_lib_python3_12_site-packages["site-packages"]\n    node_venv_lib_python3_12_site-packages --> node_venv_lib_python3_12_site-packages_PyQt6["PyQt6"]\n    node_venv_lib_python3_12_site-packages_PyQt6 --> node_venv_lib_python3_12_site-packages_PyQt6_Qt6["Qt6"]\n    node_venv_lib_python3_12_site-packages_PyQt6_Qt6 --> node_venv_lib_python3_12_site-packages_PyQt6_Qt6_qml["qml"]\n    node_venv_lib_python3_12_site-packages_PyQt6_Qt6_qml --> node_venv_lib_python3_12_site-packages_PyQt6_Qt6_qml_QtQuick["QtQuick"]\n    node_venv_lib_python3_12_site-packages_PyQt6_Qt6_qml_QtQuick --> node_venv_lib_python3_12_site-packages_PyQt6_Qt6_qml_QtQuick_Controls["Controls"]\n    node_venv_lib_python3_12_site-packages_PyQt6_Qt6_qml_QtQuick_Controls --> node_venv_lib_python3_12_site-packages_PyQt6_Qt6_qml_QtQuick_Controls_iOS["iOS"]\n    node_venv_lib_python3_12_site-packages_PyQt6_Qt6_qml_QtQuick_Controls_iOS --> node_venv_lib_python3_12_site-packages_PyQt6_Qt6_qml_QtQuick_Controls_iOS_libqtquickcontrols2iosstyleplugin_dylib["libqtquickcontrols2iosstyleplugin.dylib"]\n    Root --> node_venv["venv"]\n    node_venv --> node_venv_lib["lib"]\n    node_venv_lib --> node_venv_lib_python3_12["python3.12"]\n    node_venv_lib_python3_12 --> node_venv_lib_python3_12_site-packages["site-packages"]\n    node_venv_lib_python3_12_site-packages --> node_venv_lib_python3_12_site-packages_PyQt6["PyQt6"]\n    node_venv_lib_python3_12_site-packages_PyQt6 --> node_venv_lib_python3_12_site-packages_PyQt6_Qt6["Qt6"]\n    node_venv_lib_python3_12_site-packages_PyQt6_Qt6 --> node_venv_lib_python3_12_site-packages_PyQt6_Qt6_qml["qml"]\n    node_venv_lib_python3_12_site-packages_PyQt6_Qt6_qml --> node_venv_lib_python3_12_site-packages_PyQt6_Qt6_qml_QtQuick["QtQuick"]\n    node_venv_lib_python3_12_site-packages_PyQt6_Qt6_qml_QtQuick --> node_venv_lib_python3_12_site-packages_PyQt6_Qt6_qml_QtQuick_Controls["Controls"]\n    node_venv_lib_python3_12_site-packages_PyQt6_Qt6_qml_QtQuick_Controls --> node_venv_lib_python3_12_site-packages_PyQt6_Qt6_qml_QtQuick_Controls_iOS["iOS"]\n    node_venv_lib_python3_12_site-packages_PyQt6_Qt6_qml_QtQuick_Controls_iOS --> node_venv_lib_python3_12_site-packages_PyQt6_Qt6_qml_QtQuick_Controls_iOS_plugins_qmltypes["plugins.qmltypes"]\n    Root --> node_venv["venv"]\n    node_venv --> node_venv_lib["lib"]\n    node_venv_lib --> node_venv_lib_python3_12["python3.12"]\n    node_venv_lib_python3_12 --> node_venv_lib_python3_12_site-packages["site-packages"]\n    node_venv_lib_python3_12_site-packages --> node_venv_lib_python3_12_site-packages_PyQt6["PyQt6"]\n    node_venv_lib_python3_12_site-packages_PyQt6 --> node_venv_lib_python3_12_site-packages_PyQt6_Qt6["Qt6"]\n    node_venv_lib_python3_12_site-packages_PyQt6_Qt6 --> node_venv_lib_python3_12_site-packages_PyQt6_Qt6_qml["qml"]\n    node_venv_lib_python3_12_site-packages_PyQt6_Qt6_qml --> node_venv_lib_python3_12_site-packages_PyQt6_Qt6_qml_QtQuick["QtQuick"]\n    node_venv_lib_python3_12_site-packages_PyQt6_Qt6_qml_QtQuick --> node_venv_lib_python3_12_site-packages_PyQt6_Qt6_qml_QtQuick_Controls["Controls"]\n    node_venv_lib_python3_12_site-packages_PyQt6_Qt6_qml_QtQuick_Controls --> node_venv_lib_python3_12_site-packages_PyQt6_Qt6_qml_QtQuick_Controls_iOS["iOS"]\n    node_venv_lib_python3_12_site-packages_PyQt6_Qt6_qml_QtQuick_Controls_iOS --> node_venv_lib_python3_12_site-packages_PyQt6_Qt6_qml_QtQuick_Controls_iOS_qmldir["qmldir"]\n    Root --> node_venv["venv"]\n    node_venv --> node_venv_lib["lib"]\n    node_venv_lib --> node_venv_lib_python3_12["python3.12"]\n    node_venv_lib_python3_12 --> node_venv_lib_python3_12_site-packages["site-packages"]\n    node_venv_lib_python3_12_site-packages --> node_venv_lib_python3_12_site-packages_PyQt6["PyQt6"]\n    node_venv_lib_python3_12_site-packages_PyQt6 --> node_venv_lib_python3_12_site-packages_PyQt6_Qt6["Qt6"]\n    node_venv_lib_python3_12_site-packages_PyQt6_Qt6 --> node_venv_lib_python3_12_site-packages_PyQt6_Qt6_qml["qml"]\n    node_venv_lib_python3_12_site-packages_PyQt6_Qt6_qml --> node_venv_lib_python3_12_site-packages_PyQt6_Qt6_qml_QtQuick["QtQuick"]\n    node_venv_lib_python3_12_site-packages_PyQt6_Qt6_qml_QtQuick --> node_venv_lib_python3_12_site-packages_PyQt6_Qt6_qml_QtQuick_Controls["Controls"]\n    node_venv_lib_python3_12_site-packages_PyQt6_Qt6_qml_QtQuick_Controls --> node_venv_lib_python3_12_site-packages_PyQt6_Qt6_qml_QtQuick_Controls_iOS["iOS"]\n    node_venv_lib_python3_12_site-packages_PyQt6_Qt6_qml_QtQuick_Controls_iOS --> node_venv_lib_python3_12_site-packages_PyQt6_Qt6_qml_QtQuick_Controls_iOS_impl["impl"]\n    node_venv_lib_python3_12_site-packages_PyQt6_Qt6_qml_QtQuick_Controls_iOS_impl --> node_venv_lib_python3_12_site-packages_PyQt6_Qt6_qml_QtQuick_Controls_iOS_impl_CursorDelegate_qml["CursorDelegate.qml"]\n    Root --> node_venv["venv"]\n    node_venv --> node_venv_lib["lib"]\n    node_venv_lib --> node_venv_lib_python3_12["python3.12"]\n    node_venv_lib_python3_12 --> node_venv_lib_python3_12_site-packages["site-packages"]\n    node_venv_lib_python3_12_site-packages --> node_venv_lib_python3_12_site-packages_PyQt6["PyQt6"]\n    node_venv_lib_python3_12_site-packages_PyQt6 --> node_venv_lib_python3_12_site-packages_PyQt6_Qt6["Qt6"]\n    node_venv_lib_python3_12_site-packages_PyQt6_Qt6 --> node_venv_lib_python3_12_site-packages_PyQt6_Qt6_qml["qml"]\n    node_venv_lib_python3_12_site-packages_PyQt6_Qt6_qml --> node_venv_lib_python3_12_site-packages_PyQt6_Qt6_qml_QtQuick["QtQuick"]\n    node_venv_lib_python3_12_site-packages_PyQt6_Qt6_qml_QtQuick --> node_venv_lib_python3_12_site-packages_PyQt6_Qt6_qml_QtQuick_Controls["Controls"]\n    node_venv_lib_python3_12_site-packages_PyQt6_Qt6_qml_QtQuick_Controls --> node_venv_lib_python3_12_site-packages_PyQt6_Qt6_qml_QtQuick_Controls_iOS["iOS"]\n    node_venv_lib_python3_12_site-packages_PyQt6_Qt6_qml_QtQuick_Controls_iOS --> node_venv_lib_python3_12_site-packages_PyQt6_Qt6_qml_QtQuick_Controls_iOS_impl["impl"]\n    node_venv_lib_python3_12_site-packages_PyQt6_Qt6_qml_QtQuick_Controls_iOS_impl --> node_venv_lib_python3_12_site-packages_PyQt6_Qt6_qml_QtQuick_Controls_iOS_impl_DialogButtonBoxDelegate_qml["DialogButtonBoxDelegate.qml"]\n    Root --> node_venv["venv"]\n    node_venv --> node_venv_lib["lib"]\n    node_venv_lib --> node_venv_lib_python3_12["python3.12"]\n    node_venv_lib_python3_12 --> node_venv_lib_python3_12_site-packages["site-packages"]\n    node_venv_lib_python3_12_site-packages --> node_venv_lib_python3_12_site-packages_PyQt6["PyQt6"]\n    node_venv_lib_python3_12_site-packages_PyQt6 --> node_venv_lib_python3_12_site-packages_PyQt6_Qt6["Qt6"]\n    node_venv_lib_python3_12_site-packages_PyQt6_Qt6 --> node_venv_lib_python3_12_site-packages_PyQt6_Qt6_qml["qml"]\n    node_venv_lib_python3_12_site-packages_PyQt6_Qt6_qml --> node_venv_lib_python3_12_site-packages_PyQt6_Qt6_qml_QtQuick["QtQuick"]\n    node_venv_lib_python3_12_site-packages_PyQt6_Qt6_qml_QtQuick --> node_venv_lib_python3_12_site-packages_PyQt6_Qt6_qml_QtQuick_Controls["Controls"]\n    node_venv_lib_python3_12_site-packages_PyQt6_Qt6_qml_QtQuick_Controls --> node_venv_lib_python3_12_site-packages_PyQt6_Qt6_qml_QtQuick_Controls_iOS["iOS"]\n    node_venv_lib_python3_12_site-packages_PyQt6_Qt6_qml_QtQuick_Controls_iOS --> node_venv_lib_python3_12_site-packages_PyQt6_Qt6_qml_QtQuick_Controls_iOS_impl["impl"]\n    node_venv_lib_python3_12_site-packages_PyQt6_Qt6_qml_QtQuick_Controls_iOS_impl --> node_venv_lib_python3_12_site-packages_PyQt6_Qt6_qml_QtQuick_Controls_iOS_impl_libqtquickcontrols2iosstyleimplplugin_dylib["libqtquickcontrols2iosstyleimplplugin.dylib"]\n    Root --> node_venv["venv"]\n    node_venv --> node_venv_lib["lib"]\n    node_venv_lib --> node_venv_lib_python3_12["python3.12"]\n    node_venv_lib_python3_12 --> node_venv_lib_python3_12_site-packages["site-packages"]\n    node_venv_lib_python3_12_site-packages --> node_venv_lib_python3_12_site-packages_PyQt6["PyQt6"]\n    node_venv_lib_python3_12_site-packages_PyQt6 --> node_venv_lib_python3_12_site-packages_PyQt6_Qt6["Qt6"]\n    node_venv_lib_python3_12_site-packages_PyQt6_Qt6 --> node_venv_lib_python3_12_site-packages_PyQt6_Qt6_qml["qml"]\n    node_venv_lib_python3_12_site-packages_PyQt6_Qt6_qml --> node_venv_lib_python3_12_site-packages_PyQt6_Qt6_qml_QtQuick["QtQuick"]\n    node_venv_lib_python3_12_site-packages_PyQt6_Qt6_qml_QtQuick --> node_venv_lib_python3_12_site-packages_PyQt6_Qt6_qml_QtQuick_Controls["Controls"]\n    node_venv_lib_python3_12_site-packages_PyQt6_Qt6_qml_QtQuick_Controls --> node_venv_lib_python3_12_site-packages_PyQt6_Qt6_qml_QtQuick_Controls_iOS["iOS"]\n    node_venv_lib_python3_12_site-packages_PyQt6_Qt6_qml_QtQuick_Controls_iOS --> node_venv_lib_python3_12_site-packages_PyQt6_Qt6_qml_QtQuick_Controls_iOS_impl["impl"]\n    node_venv_lib_python3_12_site-packages_PyQt6_Qt6_qml_QtQuick_Controls_iOS_impl --> node_venv_lib_python3_12_site-packages_PyQt6_Qt6_qml_QtQuick_Controls_iOS_impl_plugins_qmltypes["plugins.qmltypes"]\n    Root --> node_venv["venv"]\n    node_venv --> node_venv_lib["lib"]\n    node_venv_lib --> node_venv_lib_python3_12["python3.12"]\n    node_venv_lib_python3_12 --> node_venv_lib_python3_12_site-packages["site-packages"]\n    node_venv_lib_python3_12_site-packages --> node_venv_lib_python3_12_site-packages_PyQt6["PyQt6"]\n    node_venv_lib_python3_12_site-packages_PyQt6 --> node_venv_lib_python3_12_site-packages_PyQt6_Qt6["Qt6"]\n    node_venv_lib_python3_12_site-packages_PyQt6_Qt6 --> node_venv_lib_python3_12_site-packages_PyQt6_Qt6_qml["qml"]\n    node_venv_lib_python3_12_site-packages_PyQt6_Qt6_qml --> node_venv_lib_python3_12_site-packages_PyQt6_Qt6_qml_QtQuick["QtQuick"]\n    node_venv_lib_python3_12_site-packages_PyQt6_Qt6_qml_QtQuick --> node_venv_lib_python3_12_site-packages_PyQt6_Qt6_qml_QtQuick_Controls["Controls"]\n    node_venv_lib_python3_12_site-packages_PyQt6_Qt6_qml_QtQuick_Controls --> node_venv_lib_python3_12_site-packages_PyQt6_Qt6_qml_QtQuick_Controls_iOS["iOS"]\n    node_venv_lib_python3_12_site-packages_PyQt6_Qt6_qml_QtQuick_Controls_iOS --> node_venv_lib_python3_12_site-packages_PyQt6_Qt6_qml_QtQuick_Controls_iOS_impl["impl"]\n    node_venv_lib_python3_12_site-packages_PyQt6_Qt6_qml_QtQuick_Controls_iOS_impl --> node_venv_lib_python3_12_site-packages_PyQt6_Qt6_qml_QtQuick_Controls_iOS_impl_qmldir["qmldir"]\n    Root --> node_venv["venv"]\n    node_venv --> node_venv_lib["lib"]\n    node_venv_lib --> node_venv_lib_python3_12["python3.12"]\n    node_venv_lib_python3_12 --> node_venv_lib_python3_12_site-packages["site-packages"]\n    node_venv_lib_python3_12_site-packages --> node_venv_lib_python3_12_site-packages_PyQt6["PyQt6"]\n    node_venv_lib_python3_12_site-packages_PyQt6 --> node_venv_lib_python3_12_site-packages_PyQt6_Qt6["Qt6"]\n    node_venv_lib_python3_12_site-packages_PyQt6_Qt6 --> node_venv_lib_python3_12_site-packages_PyQt6_Qt6_qml["qml"]\n    node_venv_lib_python3_12_site-packages_PyQt6_Qt6_qml --> node_venv_lib_python3_12_site-packages_PyQt6_Qt6_qml_QtQuick["QtQuick"]\n    node_venv_lib_python3_12_site-packages_PyQt6_Qt6_qml_QtQuick --> node_venv_lib_python3_12_site-packages_PyQt6_Qt6_qml_QtQuick_Controls["Controls"]\n    node_venv_lib_python3_12_site-packages_PyQt6_Qt6_qml_QtQuick_Controls --> node_venv_lib_python3_12_site-packages_PyQt6_Qt6_qml_QtQuick_Controls_designer["designer"]\n    node_venv_lib_python3_12_site-packages_PyQt6_Qt6_qml_QtQuick_Controls_designer --> node_venv_lib_python3_12_site-packages_PyQt6_Qt6_qml_QtQuick_Controls_designer_AbstractButtonSection_qml["AbstractButtonSection.qml"]\n    Root --> node_venv["venv"]\n    node_venv --> node_venv_lib["lib"]\n    node_venv_lib --> node_venv_lib_python3_12["python3.12"]\n    node_venv_lib_python3_12 --> node_venv_lib_python3_12_site-packages["site-packages"]\n    node_venv_lib_python3_12_site-packages --> node_venv_lib_python3_12_site-packages_PyQt6["PyQt6"]\n    node_venv_lib_python3_12_site-packages_PyQt6 --> node_venv_lib_python3_12_site-packages_PyQt6_Qt6["Qt6"]\n    node_venv_lib_python3_12_site-packages_PyQt6_Qt6 --> node_venv_lib_python3_12_site-packages_PyQt6_Qt6_qml["qml"]\n    node_venv_lib_python3_12_site-packages_PyQt6_Qt6_qml --> node_venv_lib_python3_12_site-packages_PyQt6_Qt6_qml_QtQuick["QtQuick"]\n    node_venv_lib_python3_12_site-packages_PyQt6_Qt6_qml_QtQuick --> node_venv_lib_python3_12_site-packages_PyQt6_Qt6_qml_QtQuick_Controls["Controls"]\n    node_venv_lib_python3_12_site-packages_PyQt6_Qt6_qml_QtQuick_Controls --> node_venv_lib_python3_12_site-packages_PyQt6_Qt6_qml_QtQuick_Controls_designer["designer"]\n    node_venv_lib_python3_12_site-packages_PyQt6_Qt6_qml_QtQuick_Controls_designer --> node_venv_lib_python3_12_site-packages_PyQt6_Qt6_qml_QtQuick_Controls_designer_BusyIndicatorSpecifics_qml["BusyIndicatorSpecifics.qml"]\n    Root --> node_venv["venv"]\n    node_venv --> node_venv_lib["lib"]\n    node_venv_lib --> node_venv_lib_python3_12["python3.12"]\n    node_venv_lib_python3_12 --> node_venv_lib_python3_12_site-packages["site-packages"]\n    node_venv_lib_python3_12_site-packages --> node_venv_lib_python3_12_site-packages_PyQt6["PyQt6"]\n    node_venv_lib_python3_12_site-packages_PyQt6 --> node_venv_lib_python3_12_site-packages_PyQt6_Qt6["Qt6"]\n    node_venv_lib_python3_12_site-packages_PyQt6_Qt6 --> node_venv_lib_python3_12_site-packages_PyQt6_Qt6_qml["qml"]\n    node_venv_lib_python3_12_site-packages_PyQt6_Qt6_qml --> node_venv_lib_python3_12_site-packages_PyQt6_Qt6_qml_QtQuick["QtQuick"]\n    node_venv_lib_python3_12_site-packages_PyQt6_Qt6_qml_QtQuick --> node_venv_lib_python3_12_site-packages_PyQt6_Qt6_qml_QtQuick_Controls["Controls"]\n    node_venv_lib_python3_12_site-packages_PyQt6_Qt6_qml_QtQuick_Controls --> node_venv_lib_python3_12_site-packages_PyQt6_Qt6_qml_QtQuick_Controls_designer["designer"]\n    node_venv_lib_python3_12_site-packages_PyQt6_Qt6_qml_QtQuick_Controls_designer --> node_venv_lib_python3_12_site-packages_PyQt6_Qt6_qml_QtQuick_Controls_designer_ButtonSection_qml["ButtonSection.qml"]\n    Root --> node_venv["venv"]\n    node_venv --> node_venv_lib["lib"]\n    node_venv_lib --> node_venv_lib_python3_12["python3.12"]\n    node_venv_lib_python3_12 --> node_venv_lib_python3_12_site-packages["site-packages"]\n    node_venv_lib_python3_12_site-packages --> node_venv_lib_python3_12_site-packages_PyQt6["PyQt6"]\n    node_venv_lib_python3_12_site-packages_PyQt6 --> node_venv_lib_python3_12_site-packages_PyQt6_Qt6["Qt6"]\n    node_venv_lib_python3_12_site-packages_PyQt6_Qt6 --> node_venv_lib_python3_12_site-packages_PyQt6_Qt6_qml["qml"]\n    node_venv_lib_python3_12_site-packages_PyQt6_Qt6_qml --> node_venv_lib_python3_12_site-packages_PyQt6_Qt6_qml_QtQuick["QtQuick"]\n    node_venv_lib_python3_12_site-packages_PyQt6_Qt6_qml_QtQuick --> node_venv_lib_python3_12_site-packages_PyQt6_Qt6_qml_QtQuick_Controls["Controls"]\n    node_venv_lib_python3_12_site-packages_PyQt6_Qt6_qml_QtQuick_Controls --> node_venv_lib_python3_12_site-packages_PyQt6_Qt6_qml_QtQuick_Controls_designer["designer"]\n    node_venv_lib_python3_12_site-packages_PyQt6_Qt6_qml_QtQuick_Controls_designer --> node_venv_lib_python3_12_site-packages_PyQt6_Qt6_qml_QtQuick_Controls_designer_ButtonSpecifics_qml["ButtonSpecifics.qml"]\n    Root --> node_venv["venv"]\n    node_venv --> node_venv_lib["lib"]\n    node_venv_lib --> node_venv_lib_python3_12["python3.12"]\n    node_venv_lib_python3_12 --> node_venv_lib_python3_12_site-packages["site-packages"]\n    node_venv_lib_python3_12_site-packages --> node_venv_lib_python3_12_site-packages_PyQt6["PyQt6"]\n    node_venv_lib_python3_12_site-packages_PyQt6 --> node_venv_lib_python3_12_site-packages_PyQt6_Qt6["Qt6"]\n    node_venv_lib_python3_12_site-packages_PyQt6_Qt6 --> node_venv_lib_python3_12_site-packages_PyQt6_Qt6_qml["qml"]\n    node_venv_lib_python3_12_site-packages_PyQt6_Qt6_qml --> node_venv_lib_python3_12_site-packages_PyQt6_Qt6_qml_QtQuick["QtQuick"]\n    node_venv_lib_python3_12_site-packages_PyQt6_Qt6_qml_QtQuick --> node_venv_lib_python3_12_site-packages_PyQt6_Qt6_qml_QtQuick_Controls["Controls"]\n    node_venv_lib_python3_12_site-packages_PyQt6_Qt6_qml_QtQuick_Controls --> node_venv_lib_python3_12_site-packages_PyQt6_Qt6_qml_QtQuick_Controls_designer["designer"]\n    node_venv_lib_python3_12_site-packages_PyQt6_Qt6_qml_QtQuick_Controls_designer --> node_venv_lib_python3_12_site-packages_PyQt6_Qt6_qml_QtQuick_Controls_designer_CheckBoxSpecifics_qml["CheckBoxSpecifics.qml"]\n    Root --> node_venv["venv"]\n    node_venv --> node_venv_lib["lib"]\n    node_venv_lib --> node_venv_lib_python3_12["python3.12"]\n    node_venv_lib_python3_12 --> node_venv_lib_python3_12_site-packages["site-packages"]\n    node_venv_lib_python3_12_site-packages --> node_venv_lib_python3_12_site-packages_PyQt6["PyQt6"]\n    node_venv_lib_python3_12_site-packages_PyQt6 --> node_venv_lib_python3_12_site-packages_PyQt6_Qt6["Qt6"]\n    node_venv_lib_python3_12_site-packages_PyQt6_Qt6 --> node_venv_lib_python3_12_site-packages_PyQt6_Qt6_qml["qml"]\n    node_venv_lib_python3_12_site-packages_PyQt6_Qt6_qml --> node_venv_lib_python3_12_site-packages_PyQt6_Qt6_qml_QtQuick["QtQuick"]\n    node_venv_lib_python3_12_site-packages_PyQt6_Qt6_qml_QtQuick --> node_venv_lib_python3_12_site-packages_PyQt6_Qt6_qml_QtQuick_Controls["Controls"]\n    node_venv_lib_python3_12_site-packages_PyQt6_Qt6_qml_QtQuick_Controls --> node_venv_lib_python3_12_site-packages_PyQt6_Qt6_qml_QtQuick_Controls_designer["designer"]\n    node_venv_lib_python3_12_site-packages_PyQt6_Qt6_qml_QtQuick_Controls_designer --> node_venv_lib_python3_12_site-packages_PyQt6_Qt6_qml_QtQuick_Controls_designer_CheckDelegateSpecifics_qml["CheckDelegateSpecifics.qml"]\n    Root --> node_venv["venv"]\n    node_venv --> node_venv_lib["lib"]\n    node_venv_lib --> node_venv_lib_python3_12["python3.12"]\n    node_venv_lib_python3_12 --> node_venv_lib_python3_12_site-packages["site-packages"]\n    node_venv_lib_python3_12_site-packages --> node_venv_lib_python3_12_site-packages_PyQt6["PyQt6"]\n    node_venv_lib_python3_12_site-packages_PyQt6 --> node_venv_lib_python3_12_site-packages_PyQt6_Qt6["Qt6"]\n    node_venv_lib_python3_12_site-packages_PyQt6_Qt6 --> node_venv_lib_python3_12_site-packages_PyQt6_Qt6_qml["qml"]\n    node_venv_lib_python3_12_site-packages_PyQt6_Qt6_qml --> node_venv_lib_python3_12_site-packages_PyQt6_Qt6_qml_QtQuick["QtQuick"]\n    node_venv_lib_python3_12_site-packages_PyQt6_Qt6_qml_QtQuick --> node_venv_lib_python3_12_site-packages_PyQt6_Qt6_qml_QtQuick_Controls["Controls"]\n    node_venv_lib_python3_12_site-packages_PyQt6_Qt6_qml_QtQuick_Controls --> node_venv_lib_python3_12_site-packages_PyQt6_Qt6_qml_QtQuick_Controls_designer["designer"]\n    node_venv_lib_python3_12_site-packages_PyQt6_Qt6_qml_QtQuick_Controls_designer --> node_venv_lib_python3_12_site-packages_PyQt6_Qt6_qml_QtQuick_Controls_designer_CheckSection_qml["CheckSection.qml"]\n    Root --> node_venv["venv"]\n    node_venv --> node_venv_lib["lib"]\n    node_venv_lib --> node_venv_lib_python3_12["python3.12"]\n    node_venv_lib_python3_12 --> node_venv_lib_python3_12_site-packages["site-packages"]\n    node_venv_lib_python3_12_site-packages --> node_venv_lib_python3_12_site-packages_PyQt6["PyQt6"]\n    node_venv_lib_python3_12_site-packages_PyQt6 --> node_venv_lib_python3_12_site-packages_PyQt6_Qt6["Qt6"]\n    node_venv_lib_python3_12_site-packages_PyQt6_Qt6 --> node_venv_lib_python3_12_site-packages_PyQt6_Qt6_qml["qml"]\n    node_venv_lib_python3_12_site-packages_PyQt6_Qt6_qml --> node_venv_lib_python3_12_site-packages_PyQt6_Qt6_qml_QtQuick["QtQuick"]\n    node_venv_lib_python3_12_site-packages_PyQt6_Qt6_qml_QtQuick --> node_venv_lib_python3_12_site-packages_PyQt6_Qt6_qml_QtQuick_Controls["Controls"]\n    node_venv_lib_python3_12_site-packages_PyQt6_Qt6_qml_QtQuick_Controls --> node_venv_lib_python3_12_site-packages_PyQt6_Qt6_qml_QtQuick_Controls_designer["designer"]\n    node_venv_lib_python3_12_site-packages_PyQt6_Qt6_qml_QtQuick_Controls_designer --> node_venv_lib_python3_12_site-packages_PyQt6_Qt6_qml_QtQuick_Controls_designer_ComboBoxSpecifics_qml["ComboBoxSpecifics.qml"]\n    Root --> node_venv["venv"]\n    node_venv --> node_venv_lib["lib"]\n    node_venv_lib --> node_venv_lib_python3_12["python3.12"]\n    node_venv_lib_python3_12 --> node_venv_lib_python3_12_site-packages["site-packages"]\n    node_venv_lib_python3_12_site-packages --> node_venv_lib_python3_12_site-packages_PyQt6["PyQt6"]\n    node_venv_lib_python3_12_site-packages_PyQt6 --> node_venv_lib_python3_12_site-packages_PyQt6_Qt6["Qt6"]\n    node_venv_lib_python3_12_site-packages_PyQt6_Qt6 --> node_venv_lib_python3_12_site-packages_PyQt6_Qt6_qml["qml"]\n    node_venv_lib_python3_12_site-packages_PyQt6_Qt6_qml --> node_venv_lib_python3_12_site-packages_PyQt6_Qt6_qml_QtQuick["QtQuick"]\n    node_venv_lib_python3_12_site-packages_PyQt6_Qt6_qml_QtQuick --> node_venv_lib_python3_12_site-packages_PyQt6_Qt6_qml_QtQuick_Controls["Controls"]\n    node_venv_lib_python3_12_site-packages_PyQt6_Qt6_qml_QtQuick_Controls --> node_venv_lib_python3_12_site-packages_PyQt6_Qt6_qml_QtQuick_Controls_designer["designer"]\n    node_venv_lib_python3_12_site-packages_PyQt6_Qt6_qml_QtQuick_Controls_designer --> node_venv_lib_python3_12_site-packages_PyQt6_Qt6_qml_QtQuick_Controls_designer_ContainerSection_qml["ContainerSection.qml"]\n    Root --> node_venv["venv"]\n    node_venv --> node_venv_lib["lib"]\n    node_venv_lib --> node_venv_lib_python3_12["python3.12"]\n    node_venv_lib_python3_12 --> node_venv_lib_python3_12_site-packages["site-packages"]\n    node_venv_lib_python3_12_site-packages --> node_venv_lib_python3_12_site-packages_PyQt6["PyQt6"]\n    node_venv_lib_python3_12_site-packages_PyQt6 --> node_venv_lib_python3_12_site-packages_PyQt6_Qt6["Qt6"]\n    node_venv_lib_python3_12_site-packages_PyQt6_Qt6 --> node_venv_lib_python3_12_site-packages_PyQt6_Qt6_qml["qml"]\n    node_venv_lib_python3_12_site-packages_PyQt6_Qt6_qml --> node_venv_lib_python3_12_site-packages_PyQt6_Qt6_qml_QtQuick["QtQuick"]\n    node_venv_lib_python3_12_site-packages_PyQt6_Qt6_qml_QtQuick --> node_venv_lib_python3_12_site-packages_PyQt6_Qt6_qml_QtQuick_Controls["Controls"]\n    node_venv_lib_python3_12_site-packages_PyQt6_Qt6_qml_QtQuick_Controls --> node_venv_lib_python3_12_site-packages_PyQt6_Qt6_qml_QtQuick_Controls_designer["designer"]\n    node_venv_lib_python3_12_site-packages_PyQt6_Qt6_qml_QtQuick_Controls_designer --> node_venv_lib_python3_12_site-packages_PyQt6_Qt6_qml_QtQuick_Controls_designer_ControlSection_qml["ControlSection.qml"]\n    Root --> node_venv["venv"]\n    node_venv --> node_venv_lib["lib"]\n    node_venv_lib --> node_venv_lib_python3_12["python3.12"]\n    node_venv_lib_python3_12 --> node_venv_lib_python3_12_site-packages["site-packages"]\n    node_venv_lib_python3_12_site-packages --> node_venv_lib_python3_12_site-packages_PyQt6["PyQt6"]\n    node_venv_lib_python3_12_site-packages_PyQt6 --> node_venv_lib_python3_12_site-packages_PyQt6_Qt6["Qt6"]\n    node_venv_lib_python3_12_site-packages_PyQt6_Qt6 --> node_venv_lib_python3_12_site-packages_PyQt6_Qt6_qml["qml"]\n    node_venv_lib_python3_12_site-packages_PyQt6_Qt6_qml --> node_venv_lib_python3_12_site-packages_PyQt6_Qt6_qml_QtQuick["QtQuick"]\n    node_venv_lib_python3_12_site-packages_PyQt6_Qt6_qml_QtQuick --> node_venv_lib_python3_12_site-packages_PyQt6_Qt6_qml_QtQuick_Controls["Controls"]\n    node_venv_lib_python3_12_site-packages_PyQt6_Qt6_qml_QtQuick_Controls --> node_venv_lib_python3_12_site-packages_PyQt6_Qt6_qml_QtQuick_Controls_designer["designer"]\n    node_venv_lib_python3_12_site-packages_PyQt6_Qt6_qml_QtQuick_Controls_designer --> node_venv_lib_python3_12_site-packages_PyQt6_Qt6_qml_QtQuick_Controls_designer_ControlSpecifics_qml["ControlSpecifics.qml"]\n    Root --> node_venv["venv"]\n    node_venv --> node_venv_lib["lib"]\n    node_venv_lib --> node_venv_lib_python3_12["python3.12"]\n    node_venv_lib_python3_12 --> node_venv_lib_python3_12_site-packages["site-packages"]\n    node_venv_lib_python3_12_site-packages --> node_venv_lib_python3_12_site-packages_PyQt6["PyQt6"]\n    node_venv_lib_python3_12_site-packages_PyQt6 --> node_venv_lib_python3_12_site-packages_PyQt6_Qt6["Qt6"]\n    node_venv_lib_python3_12_site-packages_PyQt6_Qt6 --> node_venv_lib_python3_12_site-packages_PyQt6_Qt6_qml["qml"]\n    node_venv_lib_python3_12_site-packages_PyQt6_Qt6_qml --> node_venv_lib_python3_12_site-packages_PyQt6_Qt6_qml_QtQuick["QtQuick"]\n    node_venv_lib_python3_12_site-packages_PyQt6_Qt6_qml_QtQuick --> node_venv_lib_python3_12_site-packages_PyQt6_Qt6_qml_QtQuick_Controls["Controls"]\n    node_venv_lib_python3_12_site-packages_PyQt6_Qt6_qml_QtQuick_Controls --> node_venv_lib_python3_12_site-packages_PyQt6_Qt6_qml_QtQuick_Controls_designer["designer"]\n    node_venv_lib_python3_12_site-packages_PyQt6_Qt6_qml_QtQuick_Controls_designer --> node_venv_lib_python3_12_site-packages_PyQt6_Qt6_qml_QtQuick_Controls_designer_DelayButtonSpecifics_qml["DelayButtonSpecifics.qml"]\n    Root --> node_venv["venv"]\n    node_venv --> node_venv_lib["lib"]\n    node_venv_lib --> node_venv_lib_python3_12["python3.12"]\n    node_venv_lib_python3_12 --> node_venv_lib_python3_12_site-packages["site-packages"]\n    node_venv_lib_python3_12_site-packages --> node_venv_lib_python3_12_site-packages_PyQt6["PyQt6"]\n    node_venv_lib_python3_12_site-packages_PyQt6 --> node_venv_lib_python3_12_site-packages_PyQt6_Qt6["Qt6"]\n    node_venv_lib_python3_12_site-packages_PyQt6_Qt6 --> node_venv_lib_python3_12_site-packages_PyQt6_Qt6_qml["qml"]\n    node_venv_lib_python3_12_site-packages_PyQt6_Qt6_qml --> node_venv_lib_python3_12_site-packages_PyQt6_Qt6_qml_QtQuick["QtQuick"]\n    node_venv_lib_python3_12_site-packages_PyQt6_Qt6_qml_QtQuick --> node_venv_lib_python3_12_site-packages_PyQt6_Qt6_qml_QtQuick_Controls["Controls"]\n    node_venv_lib_python3_12_site-packages_PyQt6_Qt6_qml_QtQuick_Controls --> node_venv_lib_python3_12_site-packages_PyQt6_Qt6_qml_QtQuick_Controls_designer["designer"]\n    node_venv_lib_python3_12_site-packages_PyQt6_Qt6_qml_QtQuick_Controls_designer --> node_venv_lib_python3_12_site-packages_PyQt6_Qt6_qml_QtQuick_Controls_designer_DialSpecifics_qml["DialSpecifics.qml"]\n    Root --> node_venv["venv"]\n    node_venv --> node_venv_lib["lib"]\n    node_venv_lib --> node_venv_lib_python3_12["python3.12"]\n    node_venv_lib_python3_12 --> node_venv_lib_python3_12_site-packages["site-packages"]\n    node_venv_lib_python3_12_site-packages --> node_venv_lib_python3_12_site-packages_PyQt6["PyQt6"]\n    node_venv_lib_python3_12_site-packages_PyQt6 --> node_venv_lib_python3_12_site-packages_PyQt6_Qt6["Qt6"]\n    node_venv_lib_python3_12_site-packages_PyQt6_Qt6 --> node_venv_lib_python3_12_site-packages_PyQt6_Qt6_qml["qml"]\n    node_venv_lib_python3_12_site-packages_PyQt6_Qt6_qml --> node_venv_lib_python3_12_site-packages_PyQt6_Qt6_qml_QtQuick["QtQuick"]\n    node_venv_lib_python3_12_site-packages_PyQt6_Qt6_qml_QtQuick --> node_venv_lib_python3_12_site-packages_PyQt6_Qt6_qml_QtQuick_Controls["Controls"]\n    node_venv_lib_python3_12_site-packages_PyQt6_Qt6_qml_QtQuick_Controls --> node_venv_lib_python3_12_site-packages_PyQt6_Qt6_qml_QtQuick_Controls_designer["designer"]\n    node_venv_lib_python3_12_site-packages_PyQt6_Qt6_qml_QtQuick_Controls_designer --> node_venv_lib_python3_12_site-packages_PyQt6_Qt6_qml_QtQuick_Controls_designer_FrameSpecifics_qml["FrameSpecifics.qml"]\n    Root --> node_venv["venv"]\n    node_venv --> node_venv_lib["lib"]\n    node_venv_lib --> node_venv_lib_python3_12["python3.12"]\n    node_venv_lib_python3_12 --> node_venv_lib_python3_12_site-packages["site-packages"]\n    node_venv_lib_python3_12_site-packages --> node_venv_lib_python3_12_site-packages_PyQt6["PyQt6"]\n    node_venv_lib_python3_12_site-packages_PyQt6 --> node_venv_lib_python3_12_site-packages_PyQt6_Qt6["Qt6"]\n    node_venv_lib_python3_12_site-packages_PyQt6_Qt6 --> node_venv_lib_python3_12_site-packages_PyQt6_Qt6_qml["qml"]\n    node_venv_lib_python3_12_site-packages_PyQt6_Qt6_qml --> node_venv_lib_python3_12_site-packages_PyQt6_Qt6_qml_QtQuick["QtQuick"]\n    node_venv_lib_python3_12_site-packages_PyQt6_Qt6_qml_QtQuick --> node_venv_lib_python3_12_site-packages_PyQt6_Qt6_qml_QtQuick_Controls["Controls"]\n    node_venv_lib_python3_12_site-packages_PyQt6_Qt6_qml_QtQuick_Controls --> node_venv_lib_python3_12_site-packages_PyQt6_Qt6_qml_QtQuick_Controls_designer["designer"]\n    node_venv_lib_python3_12_site-packages_PyQt6_Qt6_qml_QtQuick_Controls_designer --> node_venv_lib_python3_12_site-packages_PyQt6_Qt6_qml_QtQuick_Controls_designer_GroupBoxSpecifics_qml["GroupBoxSpecifics.qml"]\n    Root --> node_venv["venv"]\n    node_venv --> node_venv_lib["lib"]\n    node_venv_lib --> node_venv_lib_python3_12["python3.12"]\n    node_venv_lib_python3_12 --> node_venv_lib_python3_12_site-packages["site-packages"]\n    node_venv_lib_python3_12_site-packages --> node_venv_lib_python3_12_site-packages_PyQt6["PyQt6"]\n    node_venv_lib_python3_12_site-packages_PyQt6 --> node_venv_lib_python3_12_site-packages_PyQt6_Qt6["Qt6"]\n    node_venv_lib_python3_12_site-packages_PyQt6_Qt6 --> node_venv_lib_python3_12_site-packages_PyQt6_Qt6_qml["qml"]\n    node_venv_lib_python3_12_site-packages_PyQt6_Qt6_qml --> node_venv_lib_python3_12_site-packages_PyQt6_Qt6_qml_QtQuick["QtQuick"]\n    node_venv_lib_python3_12_site-packages_PyQt6_Qt6_qml_QtQuick --> node_venv_lib_python3_12_site-packages_PyQt6_Qt6_qml_QtQuick_Controls["Controls"]\n    node_venv_lib_python3_12_site-packages_PyQt6_Qt6_qml_QtQuick_Controls --> node_venv_lib_python3_12_site-packages_PyQt6_Qt6_qml_QtQuick_Controls_designer["designer"]\n    node_venv_lib_python3_12_site-packages_PyQt6_Qt6_qml_QtQuick_Controls_designer --> node_venv_lib_python3_12_site-packages_PyQt6_Qt6_qml_QtQuick_Controls_designer_InsetSection_qml["InsetSection.qml"]\n    Root --> node_venv["venv"]\n    node_venv --> node_venv_lib["lib"]\n    node_venv_lib --> node_venv_lib_python3_12["python3.12"]\n    node_venv_lib_python3_12 --> node_venv_lib_python3_12_site-packages["site-packages"]\n    node_venv_lib_python3_12_site-packages --> node_venv_lib_python3_12_site-packages_PyQt6["PyQt6"]\n    node_venv_lib_python3_12_site-packages_PyQt6 --> node_venv_lib_python3_12_site-packages_PyQt6_Qt6["Qt6"]\n    node_venv_lib_python3_12_site-packages_PyQt6_Qt6 --> node_venv_lib_python3_12_site-packages_PyQt6_Qt6_qml["qml"]\n    node_venv_lib_python3_12_site-packages_PyQt6_Qt6_qml --> node_venv_lib_python3_12_site-packages_PyQt6_Qt6_qml_QtQuick["QtQuick"]\n    node_venv_lib_python3_12_site-packages_PyQt6_Qt6_qml_QtQuick --> node_venv_lib_python3_12_site-packages_PyQt6_Qt6_qml_QtQuick_Controls["Controls"]\n    node_venv_lib_python3_12_site-packages_PyQt6_Qt6_qml_QtQuick_Controls --> node_venv_lib_python3_12_site-packages_PyQt6_Qt6_qml_QtQuick_Controls_designer["designer"]\n    node_venv_lib_python3_12_site-packages_PyQt6_Qt6_qml_QtQuick_Controls_designer --> node_venv_lib_python3_12_site-packages_PyQt6_Qt6_qml_QtQuick_Controls_designer_ItemDelegateSection_qml["ItemDelegateSection.qml"]\n    Root --> node_venv["venv"]\n    node_venv --> node_venv_lib["lib"]\n    node_venv_lib --> node_venv_lib_python3_12["python3.12"]\n    node_venv_lib_python3_12 --> node_venv_lib_python3_12_site-packages["site-packages"]\n    node_venv_lib_python3_12_site-packages --> node_venv_lib_python3_12_site-packages_PyQt6["PyQt6"]\n    node_venv_lib_python3_12_site-packages_PyQt6 --> node_venv_lib_python3_12_site-packages_PyQt6_Qt6["Qt6"]\n    node_venv_lib_python3_12_site-packages_PyQt6_Qt6 --> node_venv_lib_python3_12_site-packages_PyQt6_Qt6_qml["qml"]\n    node_venv_lib_python3_12_site-packages_PyQt6_Qt6_qml --> node_venv_lib_python3_12_site-packages_PyQt6_Qt6_qml_QtQuick["QtQuick"]\n    node_venv_lib_python3_12_site-packages_PyQt6_Qt6_qml_QtQuick --> node_venv_lib_python3_12_site-packages_PyQt6_Qt6_qml_QtQuick_Controls["Controls"]\n    node_venv_lib_python3_12_site-packages_PyQt6_Qt6_qml_QtQuick_Controls --> node_venv_lib_python3_12_site-packages_PyQt6_Qt6_qml_QtQuick_Controls_designer["designer"]\n    node_venv_lib_python3_12_site-packages_PyQt6_Qt6_qml_QtQuick_Controls_designer --> node_venv_lib_python3_12_site-packages_PyQt6_Qt6_qml_QtQuick_Controls_designer_ItemDelegateSpecifics_qml["ItemDelegateSpecifics.qml"]\n    Root --> node_venv["venv"]\n    node_venv --> node_venv_lib["lib"]\n    node_venv_lib --> node_venv_lib_python3_12["python3.12"]\n    node_venv_lib_python3_12 --> node_venv_lib_python3_12_site-packages["site-packages"]\n    node_venv_lib_python3_12_site-packages --> node_venv_lib_python3_12_site-packages_PyQt6["PyQt6"]\n    node_venv_lib_python3_12_site-packages_PyQt6 --> node_venv_lib_python3_12_site-packages_PyQt6_Qt6["Qt6"]\n    node_venv_lib_python3_12_site-packages_PyQt6_Qt6 --> node_venv_lib_python3_12_site-packages_PyQt6_Qt6_qml["qml"]\n    node_venv_lib_python3_12_site-packages_PyQt6_Qt6_qml --> node_venv_lib_python3_12_site-packages_PyQt6_Qt6_qml_QtQuick["QtQuick"]\n    node_venv_lib_python3_12_site-packages_PyQt6_Qt6_qml_QtQuick --> node_venv_lib_python3_12_site-packages_PyQt6_Qt6_qml_QtQuick_Controls["Controls"]\n    node_venv_lib_python3_12_site-packages_PyQt6_Qt6_qml_QtQuick_Controls --> node_venv_lib_python3_12_site-packages_PyQt6_Qt6_qml_QtQuick_Controls_designer["designer"]\n    node_venv_lib_python3_12_site-packages_PyQt6_Qt6_qml_QtQuick_Controls_designer --> node_venv_lib_python3_12_site-packages_PyQt6_Qt6_qml_QtQuick_Controls_designer_LabelSpecifics_qml["LabelSpecifics.qml"]\n    Root --> node_venv["venv"]\n    node_venv --> node_venv_lib["lib"]\n    node_venv_lib --> node_venv_lib_python3_12["python3.12"]\n    node_venv_lib_python3_12 --> node_venv_lib_python3_12_site-packages["site-packages"]\n    node_venv_lib_python3_12_site-packages --> node_venv_lib_python3_12_site-packages_PyQt6["PyQt6"]\n    node_venv_lib_python3_12_site-packages_PyQt6 --> node_venv_lib_python3_12_site-packages_PyQt6_Qt6["Qt6"]\n    node_venv_lib_python3_12_site-packages_PyQt6_Qt6 --> node_venv_lib_python3_12_site-packages_PyQt6_Qt6_qml["qml"]\n    node_venv_lib_python3_12_site-packages_PyQt6_Qt6_qml --> node_venv_lib_python3_12_site-packages_PyQt6_Qt6_qml_QtQuick["QtQuick"]\n    node_venv_lib_python3_12_site-packages_PyQt6_Qt6_qml_QtQuick --> node_venv_lib_python3_12_site-packages_PyQt6_Qt6_qml_QtQuick_Controls["Controls"]\n    node_venv_lib_python3_12_site-packages_PyQt6_Qt6_qml_QtQuick_Controls --> node_venv_lib_python3_12_site-packages_PyQt6_Qt6_qml_QtQuick_Controls_designer["designer"]\n    node_venv_lib_python3_12_site-packages_PyQt6_Qt6_qml_QtQuick_Controls_designer --> node_venv_lib_python3_12_site-packages_PyQt6_Qt6_qml_QtQuick_Controls_designer_PaddingSection_qml["PaddingSection.qml"]\n    Root --> node_venv["venv"]\n    node_venv --> node_venv_lib["lib"]\n    node_venv_lib --> node_venv_lib_python3_12["python3.12"]\n    node_venv_lib_python3_12 --> node_venv_lib_python3_12_site-packages["site-packages"]\n    node_venv_lib_python3_12_site-packages --> node_venv_lib_python3_12_site-packages_PyQt6["PyQt6"]\n    node_venv_lib_python3_12_site-packages_PyQt6 --> node_venv_lib_python3_12_site-packages_PyQt6_Qt6["Qt6"]\n    node_venv_lib_python3_12_site-packages_PyQt6_Qt6 --> node_venv_lib_python3_12_site-packages_PyQt6_Qt6_qml["qml"]\n    node_venv_lib_python3_12_site-packages_PyQt6_Qt6_qml --> node_venv_lib_python3_12_site-packages_PyQt6_Qt6_qml_QtQuick["QtQuick"]\n    node_venv_lib_python3_12_site-packages_PyQt6_Qt6_qml_QtQuick --> node_venv_lib_python3_12_site-packages_PyQt6_Qt6_qml_QtQuick_Controls["Controls"]\n    node_venv_lib_python3_12_site-packages_PyQt6_Qt6_qml_QtQuick_Controls --> node_venv_lib_python3_12_site-packages_PyQt6_Qt6_qml_QtQuick_Controls_designer["designer"]\n    node_venv_lib_python3_12_site-packages_PyQt6_Qt6_qml_QtQuick_Controls_designer --> node_venv_lib_python3_12_site-packages_PyQt6_Qt6_qml_QtQuick_Controls_designer_PageIndicatorSpecifics_qml["PageIndicatorSpecifics.qml"]\n    Root --> node_venv["venv"]\n    node_venv --> node_venv_lib["lib"]\n    node_venv_lib --> node_venv_lib_python3_12["python3.12"]\n    node_venv_lib_python3_12 --> node_venv_lib_python3_12_site-packages["site-packages"]\n    node_venv_lib_python3_12_site-packages --> node_venv_lib_python3_12_site-packages_PyQt6["PyQt6"]\n    node_venv_lib_python3_12_site-packages_PyQt6 --> node_venv_lib_python3_12_site-packages_PyQt6_Qt6["Qt6"]\n    node_venv_lib_python3_12_site-packages_PyQt6_Qt6 --> node_venv_lib_python3_12_site-packages_PyQt6_Qt6_qml["qml"]\n    node_venv_lib_python3_12_site-packages_PyQt6_Qt6_qml --> node_venv_lib_python3_12_site-packages_PyQt6_Qt6_qml_QtQuick["QtQuick"]\n    node_venv_lib_python3_12_site-packages_PyQt6_Qt6_qml_QtQuick --> node_venv_lib_python3_12_site-packages_PyQt6_Qt6_qml_QtQuick_Controls["Controls"]\n    node_venv_lib_python3_12_site-packages_PyQt6_Qt6_qml_QtQuick_Controls --> node_venv_lib_python3_12_site-packages_PyQt6_Qt6_qml_QtQuick_Controls_designer["designer"]\n    node_venv_lib_python3_12_site-packages_PyQt6_Qt6_qml_QtQuick_Controls_designer --> node_venv_lib_python3_12_site-packages_PyQt6_Qt6_qml_QtQuick_Controls_designer_PageSpecifics_qml["PageSpecifics.qml"]\n    Root --> node_venv["venv"]\n    node_venv --> node_venv_lib["lib"]\n    node_venv_lib --> node_venv_lib_python3_12["python3.12"]\n    node_venv_lib_python3_12 --> node_venv_lib_python3_12_site-packages["site-packages"]\n    node_venv_lib_python3_12_site-packages --> node_venv_lib_python3_12_site-packages_PyQt6["PyQt6"]\n    node_venv_lib_python3_12_site-packages_PyQt6 --> node_venv_lib_python3_12_site-packages_PyQt6_Qt6["Qt6"]\n    node_venv_lib_python3_12_site-packages_PyQt6_Qt6 --> node_venv_lib_python3_12_site-packages_PyQt6_Qt6_qml["qml"]\n    node_venv_lib_python3_12_site-packages_PyQt6_Qt6_qml --> node_venv_lib_python3_12_site-packages_PyQt6_Qt6_qml_QtQuick["QtQuick"]\n    node_venv_lib_python3_12_site-packages_PyQt6_Qt6_qml_QtQuick --> node_venv_lib_python3_12_site-packages_PyQt6_Qt6_qml_QtQuick_Controls["Controls"]\n    node_venv_lib_python3_12_site-packages_PyQt6_Qt6_qml_QtQuick_Controls --> node_venv_lib_python3_12_site-packages_PyQt6_Qt6_qml_QtQuick_Controls_designer["designer"]\n    node_venv_lib_python3_12_site-packages_PyQt6_Qt6_qml_QtQuick_Controls_designer --> node_venv_lib_python3_12_site-packages_PyQt6_Qt6_qml_QtQuick_Controls_designer_PaneSection_qml["PaneSection.qml"]\n    Root --> node_venv["venv"]\n    node_venv --> node_venv_lib["lib"]\n    node_venv_lib --> node_venv_lib_python3_12["python3.12"]\n    node_venv_lib_python3_12 --> node_venv_lib_python3_12_site-packages["site-packages"]\n    node_venv_lib_python3_12_site-packages --> node_venv_lib_python3_12_site-packages_PyQt6["PyQt6"]\n    node_venv_lib_python3_12_site-packages_PyQt6 --> node_venv_lib_python3_12_site-packages_PyQt6_Qt6["Qt6"]\n    node_venv_lib_python3_12_site-packages_PyQt6_Qt6 --> node_venv_lib_python3_12_site-packages_PyQt6_Qt6_qml["qml"]\n    node_venv_lib_python3_12_site-packages_PyQt6_Qt6_qml --> node_venv_lib_python3_12_site-packages_PyQt6_Qt6_qml_QtQuick["QtQuick"]\n    node_venv_lib_python3_12_site-packages_PyQt6_Qt6_qml_QtQuick --> node_venv_lib_python3_12_site-packages_PyQt6_Qt6_qml_QtQuick_Controls["Controls"]\n    node_venv_lib_python3_12_site-packages_PyQt6_Qt6_qml_QtQuick_Controls --> node_venv_lib_python3_12_site-packages_PyQt6_Qt6_qml_QtQuick_Controls_designer["designer"]\n    node_venv_lib_python3_12_site-packages_PyQt6_Qt6_qml_QtQuick_Controls_designer --> node_venv_lib_python3_12_site-packages_PyQt6_Qt6_qml_QtQuick_Controls_designer_PaneSpecifics_qml["PaneSpecifics.qml"]\n    Root --> node_venv["venv"]\n    node_venv --> node_venv_lib["lib"]\n    node_venv_lib --> node_venv_lib_python3_12["python3.12"]\n    node_venv_lib_python3_12 --> node_venv_lib_python3_12_site-packages["site-packages"]\n    node_venv_lib_python3_12_site-packages --> node_venv_lib_python3_12_site-packages_PyQt6["PyQt6"]\n    node_venv_lib_python3_12_site-packages_PyQt6 --> node_venv_lib_python3_12_site-packages_PyQt6_Qt6["Qt6"]\n    node_venv_lib_python3_12_site-packages_PyQt6_Qt6 --> node_venv_lib_python3_12_site-packages_PyQt6_Qt6_qml["qml"]\n    node_venv_lib_python3_12_site-packages_PyQt6_Qt6_qml --> node_venv_lib_python3_12_site-packages_PyQt6_Qt6_qml_QtQuick["QtQuick"]\n    node_venv_lib_python3_12_site-packages_PyQt6_Qt6_qml_QtQuick --> node_venv_lib_python3_12_site-packages_PyQt6_Qt6_qml_QtQuick_Controls["Controls"]\n    node_venv_lib_python3_12_site-packages_PyQt6_Qt6_qml_QtQuick_Controls --> node_venv_lib_python3_12_site-packages_PyQt6_Qt6_qml_QtQuick_Controls_designer["designer"]\n    node_venv_lib_python3_12_site-packages_PyQt6_Qt6_qml_QtQuick_Controls_designer --> node_venv_lib_python3_12_site-packages_PyQt6_Qt6_qml_QtQuick_Controls_designer_ProgressBarSpecifics_qml["ProgressBarSpecifics.qml"]\n    Root --> node_venv["venv"]\n    node_venv --> node_venv_lib["lib"]\n    node_venv_lib --> node_venv_lib_python3_12["python3.12"]\n    node_venv_lib_python3_12 --> node_venv_lib_python3_12_site-packages["site-packages"]\n    node_venv_lib_python3_12_site-packages --> node_venv_lib_python3_12_site-packages_PyQt6["PyQt6"]\n    node_venv_lib_python3_12_site-packages_PyQt6 --> node_venv_lib_python3_12_site-packages_PyQt6_Qt6["Qt6"]\n    node_venv_lib_python3_12_site-packages_PyQt6_Qt6 --> node_venv_lib_python3_12_site-packages_PyQt6_Qt6_qml["qml"]\n    node_venv_lib_python3_12_site-packages_PyQt6_Qt6_qml --> node_venv_lib_python3_12_site-packages_PyQt6_Qt6_qml_QtQuick["QtQuick"]\n    node_venv_lib_python3_12_site-packages_PyQt6_Qt6_qml_QtQuick --> node_venv_lib_python3_12_site-packages_PyQt6_Qt6_qml_QtQuick_Controls["Controls"]\n    node_venv_lib_python3_12_site-packages_PyQt6_Qt6_qml_QtQuick_Controls --> node_venv_lib_python3_12_site-packages_PyQt6_Qt6_qml_QtQuick_Controls_designer["designer"]\n    node_venv_lib_python3_12_site-packages_PyQt6_Qt6_qml_QtQuick_Controls_designer --> node_venv_lib_python3_12_site-packages_PyQt6_Qt6_qml_QtQuick_Controls_designer_RadioButtonSpecifics_qml["RadioButtonSpecifics.qml"]\n    Root --> node_venv["venv"]\n    node_venv --> node_venv_lib["lib"]\n    node_venv_lib --> node_venv_lib_python3_12["python3.12"]\n    node_venv_lib_python3_12 --> node_venv_lib_python3_12_site-packages["site-packages"]\n    node_venv_lib_python3_12_site-packages --> node_venv_lib_python3_12_site-packages_PyQt6["PyQt6"]\n    node_venv_lib_python3_12_site-packages_PyQt6 --> node_venv_lib_python3_12_site-packages_PyQt6_Qt6["Qt6"]\n    node_venv_lib_python3_12_site-packages_PyQt6_Qt6 --> node_venv_lib_python3_12_site-packages_PyQt6_Qt6_qml["qml"]\n    node_venv_lib_python3_12_site-packages_PyQt6_Qt6_qml --> node_venv_lib_python3_12_site-packages_PyQt6_Qt6_qml_QtQuick["QtQuick"]\n    node_venv_lib_python3_12_site-packages_PyQt6_Qt6_qml_QtQuick --> node_venv_lib_python3_12_site-packages_PyQt6_Qt6_qml_QtQuick_Controls["Controls"]\n    node_venv_lib_python3_12_site-packages_PyQt6_Qt6_qml_QtQuick_Controls --> node_venv_lib_python3_12_site-packages_PyQt6_Qt6_qml_QtQuick_Controls_designer["designer"]\n    node_venv_lib_python3_12_site-packages_PyQt6_Qt6_qml_QtQuick_Controls_designer --> node_venv_lib_python3_12_site-packages_PyQt6_Qt6_qml_QtQuick_Controls_designer_RadioDelegateSpecifics_qml["RadioDelegateSpecifics.qml"]\n    Root --> node_venv["venv"]\n    node_venv --> node_venv_lib["lib"]\n    node_venv_lib --> node_venv_lib_python3_12["python3.12"]\n    node_venv_lib_python3_12 --> node_venv_lib_python3_12_site-packages["site-packages"]\n    node_venv_lib_python3_12_site-packages --> node_venv_lib_python3_12_site-packages_PyQt6["PyQt6"]\n    node_venv_lib_python3_12_site-packages_PyQt6 --> node_venv_lib_python3_12_site-packages_PyQt6_Qt6["Qt6"]\n    node_venv_lib_python3_12_site-packages_PyQt6_Qt6 --> node_venv_lib_python3_12_site-packages_PyQt6_Qt6_qml["qml"]\n    node_venv_lib_python3_12_site-packages_PyQt6_Qt6_qml --> node_venv_lib_python3_12_site-packages_PyQt6_Qt6_qml_QtQuick["QtQuick"]\n    node_venv_lib_python3_12_site-packages_PyQt6_Qt6_qml_QtQuick --> node_venv_lib_python3_12_site-packages_PyQt6_Qt6_qml_QtQuick_Controls["Controls"]\n    node_venv_lib_python3_12_site-packages_PyQt6_Qt6_qml_QtQuick_Controls --> node_venv_lib_python3_12_site-packages_PyQt6_Qt6_qml_QtQuick_Controls_designer["designer"]\n    node_venv_lib_python3_12_site-packages_PyQt6_Qt6_qml_QtQuick_Controls_designer --> node_venv_lib_python3_12_site-packages_PyQt6_Qt6_qml_QtQuick_Controls_designer_RangeSliderSpecifics_qml["RangeSliderSpecifics.qml"]\n    Root --> node_venv["venv"]\n    node_venv --> node_venv_lib["lib"]\n    node_venv_lib --> node_venv_lib_python3_12["python3.12"]\n    node_venv_lib_python3_12 --> node_venv_lib_python3_12_site-packages["site-packages"]\n    node_venv_lib_python3_12_site-packages --> node_venv_lib_python3_12_site-packages_PyQt6["PyQt6"]\n    node_venv_lib_python3_12_site-packages_PyQt6 --> node_venv_lib_python3_12_site-packages_PyQt6_Qt6["Qt6"]\n    node_venv_lib_python3_12_site-packages_PyQt6_Qt6 --> node_venv_lib_python3_12_site-packages_PyQt6_Qt6_qml["qml"]\n    node_venv_lib_python3_12_site-packages_PyQt6_Qt6_qml --> node_venv_lib_python3_12_site-packages_PyQt6_Qt6_qml_QtQuick["QtQuick"]\n    node_venv_lib_python3_12_site-packages_PyQt6_Qt6_qml_QtQuick --> node_venv_lib_python3_12_site-packages_PyQt6_Qt6_qml_QtQuick_Controls["Controls"]\n    node_venv_lib_python3_12_site-packages_PyQt6_Qt6_qml_QtQuick_Controls --> node_venv_lib_python3_12_site-packages_PyQt6_Qt6_qml_QtQuick_Controls_designer["designer"]\n    node_venv_lib_python3_12_site-packages_PyQt6_Qt6_qml_QtQuick_Controls_designer --> node_venv_lib_python3_12_site-packages_PyQt6_Qt6_qml_QtQuick_Controls_designer_RoundButtonSpecifics_qml["RoundButtonSpecifics.qml"]\n    Root --> node_venv["venv"]\n    node_venv --> node_venv_lib["lib"]\n    node_venv_lib --> node_venv_lib_python3_12["python3.12"]\n    node_venv_lib_python3_12 --> node_venv_lib_python3_12_site-packages["site-packages"]\n    node_venv_lib_python3_12_site-packages --> node_venv_lib_python3_12_site-packages_PyQt6["PyQt6"]\n    node_venv_lib_python3_12_site-packages_PyQt6 --> node_venv_lib_python3_12_site-packages_PyQt6_Qt6["Qt6"]\n    node_venv_lib_python3_12_site-packages_PyQt6_Qt6 --> node_venv_lib_python3_12_site-packages_PyQt6_Qt6_qml["qml"]\n    node_venv_lib_python3_12_site-packages_PyQt6_Qt6_qml --> node_venv_lib_python3_12_site-packages_PyQt6_Qt6_qml_QtQuick["QtQuick"]\n    node_venv_lib_python3_12_site-packages_PyQt6_Qt6_qml_QtQuick --> node_venv_lib_python3_12_site-packages_PyQt6_Qt6_qml_QtQuick_Controls["Controls"]\n    node_venv_lib_python3_12_site-packages_PyQt6_Qt6_qml_QtQuick_Controls --> node_venv_lib_python3_12_site-packages_PyQt6_Qt6_qml_QtQuick_Controls_designer["designer"]\n    node_venv_lib_python3_12_site-packages_PyQt6_Qt6_qml_QtQuick_Controls_designer --> node_venv_lib_python3_12_site-packages_PyQt6_Qt6_qml_QtQuick_Controls_designer_ScrollViewSpecifics_qml["ScrollViewSpecifics.qml"]\n    Root --> node_venv["venv"]\n    node_venv --> node_venv_lib["lib"]\n    node_venv_lib --> node_venv_lib_python3_12["python3.12"]\n    node_venv_lib_python3_12 --> node_venv_lib_python3_12_site-packages["site-packages"]\n    node_venv_lib_python3_12_site-packages --> node_venv_lib_python3_12_site-packages_PyQt6["PyQt6"]\n    node_venv_lib_python3_12_site-packages_PyQt6 --> node_venv_lib_python3_12_site-packages_PyQt6_Qt6["Qt6"]\n    node_venv_lib_python3_12_site-packages_PyQt6_Qt6 --> node_venv_lib_python3_12_site-packages_PyQt6_Qt6_qml["qml"]\n    node_venv_lib_python3_12_site-packages_PyQt6_Qt6_qml --> node_venv_lib_python3_12_site-packages_PyQt6_Qt6_qml_QtQuick["QtQuick"]\n    node_venv_lib_python3_12_site-packages_PyQt6_Qt6_qml_QtQuick --> node_venv_lib_python3_12_site-packages_PyQt6_Qt6_qml_QtQuick_Controls["Controls"]\n    node_venv_lib_python3_12_site-packages_PyQt6_Qt6_qml_QtQuick_Controls --> node_venv_lib_python3_12_site-packages_PyQt6_Qt6_qml_QtQuick_Controls_designer["designer"]\n    node_venv_lib_python3_12_site-packages_PyQt6_Qt6_qml_QtQuick_Controls_designer --> node_venv_lib_python3_12_site-packages_PyQt6_Qt6_qml_QtQuick_Controls_designer_SliderSpecifics_qml["SliderSpecifics.qml"]\n    Root --> node_venv["venv"]\n    node_venv --> node_venv_lib["lib"]\n    node_venv_lib --> node_venv_lib_python3_12["python3.12"]\n    node_venv_lib_python3_12 --> node_venv_lib_python3_12_site-packages["site-packages"]\n    node_venv_lib_python3_12_site-packages --> node_venv_lib_python3_12_site-packages_PyQt6["PyQt6"]\n    node_venv_lib_python3_12_site-packages_PyQt6 --> node_venv_lib_python3_12_site-packages_PyQt6_Qt6["Qt6"]\n    node_venv_lib_python3_12_site-packages_PyQt6_Qt6 --> node_venv_lib_python3_12_site-packages_PyQt6_Qt6_qml["qml"]\n    node_venv_lib_python3_12_site-packages_PyQt6_Qt6_qml --> node_venv_lib_python3_12_site-packages_PyQt6_Qt6_qml_QtQuick["QtQuick"]\n    node_venv_lib_python3_12_site-packages_PyQt6_Qt6_qml_QtQuick --> node_venv_lib_python3_12_site-packages_PyQt6_Qt6_qml_QtQuick_Controls["Controls"]\n    node_venv_lib_python3_12_site-packages_PyQt6_Qt6_qml_QtQuick_Controls --> node_venv_lib_python3_12_site-packages_PyQt6_Qt6_qml_QtQuick_Controls_designer["designer"]\n    node_venv_lib_python3_12_site-packages_PyQt6_Qt6_qml_QtQuick_Controls_designer --> node_venv_lib_python3_12_site-packages_PyQt6_Qt6_qml_QtQuick_Controls_designer_SpinBoxSpecifics_qml["SpinBoxSpecifics.qml"]\n    Root --> node_venv["venv"]\n    node_venv --> node_venv_lib["lib"]\n    node_venv_lib --> node_venv_lib_python3_12["python3.12"]\n    node_venv_lib_python3_12 --> node_venv_lib_python3_12_site-packages["site-packages"]\n    node_venv_lib_python3_12_site-packages --> node_venv_lib_python3_12_site-packages_PyQt6["PyQt6"]\n    node_venv_lib_python3_12_site-packages_PyQt6 --> node_venv_lib_python3_12_site-packages_PyQt6_Qt6["Qt6"]\n    node_venv_lib_python3_12_site-packages_PyQt6_Qt6 --> node_venv_lib_python3_12_site-packages_PyQt6_Qt6_qml["qml"]\n    node_venv_lib_python3_12_site-packages_PyQt6_Qt6_qml --> node_venv_lib_python3_12_site-packages_PyQt6_Qt6_qml_QtQuick["QtQuick"]\n    node_venv_lib_python3_12_site-packages_PyQt6_Qt6_qml_QtQuick --> node_venv_lib_python3_12_site-packages_PyQt6_Qt6_qml_QtQuick_Controls["Controls"]\n    node_venv_lib_python3_12_site-packages_PyQt6_Qt6_qml_QtQuick_Controls --> node_venv_lib_python3_12_site-packages_PyQt6_Qt6_qml_QtQuick_Controls_designer["designer"]\n    node_venv_lib_python3_12_site-packages_PyQt6_Qt6_qml_QtQuick_Controls_designer --> node_venv_lib_python3_12_site-packages_PyQt6_Qt6_qml_QtQuick_Controls_designer_StackViewSpecifics_qml["StackViewSpecifics.qml"]\n    Root --> node_venv["venv"]\n    node_venv --> node_venv_lib["lib"]\n    node_venv_lib --> node_venv_lib_python3_12["python3.12"]\n    node_venv_lib_python3_12 --> node_venv_lib_python3_12_site-packages["site-packages"]\n    node_venv_lib_python3_12_site-packages --> node_venv_lib_python3_12_site-packages_PyQt6["PyQt6"]\n    node_venv_lib_python3_12_site-packages_PyQt6 --> node_venv_lib_python3_12_site-packages_PyQt6_Qt6["Qt6"]\n    node_venv_lib_python3_12_site-packages_PyQt6_Qt6 --> node_venv_lib_python3_12_site-packages_PyQt6_Qt6_qml["qml"]\n    node_venv_lib_python3_12_site-packages_PyQt6_Qt6_qml --> node_venv_lib_python3_12_site-packages_PyQt6_Qt6_qml_QtQuick["QtQuick"]\n    node_venv_lib_python3_12_site-packages_PyQt6_Qt6_qml_QtQuick --> node_venv_lib_python3_12_site-packages_PyQt6_Qt6_qml_QtQuick_Controls["Controls"]\n    node_venv_lib_python3_12_site-packages_PyQt6_Qt6_qml_QtQuick_Controls --> node_venv_lib_python3_12_site-packages_PyQt6_Qt6_qml_QtQuick_Controls_designer["designer"]\n    node_venv_lib_python3_12_site-packages_PyQt6_Qt6_qml_QtQuick_Controls_designer --> node_venv_lib_python3_12_site-packages_PyQt6_Qt6_qml_QtQuick_Controls_designer_SwipeDelegateSpecifics_qml["SwipeDelegateSpecifics.qml"]\n    Root --> node_venv["venv"]\n    node_venv --> node_venv_lib["lib"]\n    node_venv_lib --> node_venv_lib_python3_12["python3.12"]\n    node_venv_lib_python3_12 --> node_venv_lib_python3_12_site-packages["site-packages"]\n    node_venv_lib_python3_12_site-packages --> node_venv_lib_python3_12_site-packages_PyQt6["PyQt6"]\n    node_venv_lib_python3_12_site-packages_PyQt6 --> node_venv_lib_python3_12_site-packages_PyQt6_Qt6["Qt6"]\n    node_venv_lib_python3_12_site-packages_PyQt6_Qt6 --> node_venv_lib_python3_12_site-packages_PyQt6_Qt6_qml["qml"]\n    node_venv_lib_python3_12_site-packages_PyQt6_Qt6_qml --> node_venv_lib_python3_12_site-packages_PyQt6_Qt6_qml_QtQuick["QtQuick"]\n    node_venv_lib_python3_12_site-packages_PyQt6_Qt6_qml_QtQuick --> node_venv_lib_python3_12_site-packages_PyQt6_Qt6_qml_QtQuick_Controls["Controls"]\n    node_venv_lib_python3_12_site-packages_PyQt6_Qt6_qml_QtQuick_Controls --> node_venv_lib_python3_12_site-packages_PyQt6_Qt6_qml_QtQuick_Controls_designer["designer"]\n    node_venv_lib_python3_12_site-packages_PyQt6_Qt6_qml_QtQuick_Controls_designer --> node_venv_lib_python3_12_site-packages_PyQt6_Qt6_qml_QtQuick_Controls_designer_SwipeViewSpecifics_qml["SwipeViewSpecifics.qml"]\n    Root --> node_venv["venv"]\n    node_venv --> node_venv_lib["lib"]\n    node_venv_lib --> node_venv_lib_python3_12["python3.12"]\n    node_venv_lib_python3_12 --> node_venv_lib_python3_12_site-packages["site-packages"]\n    node_venv_lib_python3_12_site-packages --> node_venv_lib_python3_12_site-packages_PyQt6["PyQt6"]\n    node_venv_lib_python3_12_site-packages_PyQt6 --> node_venv_lib_python3_12_site-packages_PyQt6_Qt6["Qt6"]\n    node_venv_lib_python3_12_site-packages_PyQt6_Qt6 --> node_venv_lib_python3_12_site-packages_PyQt6_Qt6_qml["qml"]\n    node_venv_lib_python3_12_site-packages_PyQt6_Qt6_qml --> node_venv_lib_python3_12_site-packages_PyQt6_Qt6_qml_QtQuick["QtQuick"]\n    node_venv_lib_python3_12_site-packages_PyQt6_Qt6_qml_QtQuick --> node_venv_lib_python3_12_site-packages_PyQt6_Qt6_qml_QtQuick_Controls["Controls"]\n    node_venv_lib_python3_12_site-packages_PyQt6_Qt6_qml_QtQuick_Controls --> node_venv_lib_python3_12_site-packages_PyQt6_Qt6_qml_QtQuick_Controls_designer["designer"]\n    node_venv_lib_python3_12_site-packages_PyQt6_Qt6_qml_QtQuick_Controls_designer --> node_venv_lib_python3_12_site-packages_PyQt6_Qt6_qml_QtQuick_Controls_designer_SwitchDelegateSpecifics_qml["SwitchDelegateSpecifics.qml"]\n    Root --> node_venv["venv"]\n    node_venv --> node_venv_lib["lib"]\n    node_venv_lib --> node_venv_lib_python3_12["python3.12"]\n    node_venv_lib_python3_12 --> node_venv_lib_python3_12_site-packages["site-packages"]\n    node_venv_lib_python3_12_site-packages --> node_venv_lib_python3_12_site-packages_PyQt6["PyQt6"]\n    node_venv_lib_python3_12_site-packages_PyQt6 --> node_venv_lib_python3_12_site-packages_PyQt6_Qt6["Qt6"]\n    node_venv_lib_python3_12_site-packages_PyQt6_Qt6 --> node_venv_lib_python3_12_site-packages_PyQt6_Qt6_qml["qml"]\n    node_venv_lib_python3_12_site-packages_PyQt6_Qt6_qml --> node_venv_lib_python3_12_site-packages_PyQt6_Qt6_qml_QtQuick["QtQuick"]\n    node_venv_lib_python3_12_site-packages_PyQt6_Qt6_qml_QtQuick --> node_venv_lib_python3_12_site-packages_PyQt6_Qt6_qml_QtQuick_Controls["Controls"]\n    node_venv_lib_python3_12_site-packages_PyQt6_Qt6_qml_QtQuick_Controls --> node_venv_lib_python3_12_site-packages_PyQt6_Qt6_qml_QtQuick_Controls_designer["designer"]\n    node_venv_lib_python3_12_site-packages_PyQt6_Qt6_qml_QtQuick_Controls_designer --> node_venv_lib_python3_12_site-packages_PyQt6_Qt6_qml_QtQuick_Controls_designer_SwitchSpecifics_qml["SwitchSpecifics.qml"]\n    Root --> node_venv["venv"]\n    node_venv --> node_venv_lib["lib"]\n    node_venv_lib --> node_venv_lib_python3_12["python3.12"]\n    node_venv_lib_python3_12 --> node_venv_lib_python3_12_site-packages["site-packages"]\n    node_venv_lib_python3_12_site-packages --> node_venv_lib_python3_12_site-packages_PyQt6["PyQt6"]\n    node_venv_lib_python3_12_site-packages_PyQt6 --> node_venv_lib_python3_12_site-packages_PyQt6_Qt6["Qt6"]\n    node_venv_lib_python3_12_site-packages_PyQt6_Qt6 --> node_venv_lib_python3_12_site-packages_PyQt6_Qt6_qml["qml"]\n    node_venv_lib_python3_12_site-packages_PyQt6_Qt6_qml --> node_venv_lib_python3_12_site-packages_PyQt6_Qt6_qml_QtQuick["QtQuick"]\n    node_venv_lib_python3_12_site-packages_PyQt6_Qt6_qml_QtQuick --> node_venv_lib_python3_12_site-packages_PyQt6_Qt6_qml_QtQuick_Controls["Controls"]\n    node_venv_lib_python3_12_site-packages_PyQt6_Qt6_qml_QtQuick_Controls --> node_venv_lib_python3_12_site-packages_PyQt6_Qt6_qml_QtQuick_Controls_designer["designer"]\n    node_venv_lib_python3_12_site-packages_PyQt6_Qt6_qml_QtQuick_Controls_designer --> node_venv_lib_python3_12_site-packages_PyQt6_Qt6_qml_QtQuick_Controls_designer_TabBarSpecifics_qml["TabBarSpecifics.qml"]\n    Root --> node_venv["venv"]\n    node_venv --> node_venv_lib["lib"]\n    node_venv_lib --> node_venv_lib_python3_12["python3.12"]\n    node_venv_lib_python3_12 --> node_venv_lib_python3_12_site-packages["site-packages"]\n    node_venv_lib_python3_12_site-packages --> node_venv_lib_python3_12_site-packages_PyQt6["PyQt6"]\n    node_venv_lib_python3_12_site-packages_PyQt6 --> node_venv_lib_python3_12_site-packages_PyQt6_Qt6["Qt6"]\n    node_venv_lib_python3_12_site-packages_PyQt6_Qt6 --> node_venv_lib_python3_12_site-packages_PyQt6_Qt6_qml["qml"]\n    node_venv_lib_python3_12_site-packages_PyQt6_Qt6_qml --> node_venv_lib_python3_12_site-packages_PyQt6_Qt6_qml_QtQuick["QtQuick"]\n    node_venv_lib_python3_12_site-packages_PyQt6_Qt6_qml_QtQuick --> node_venv_lib_python3_12_site-packages_PyQt6_Qt6_qml_QtQuick_Controls["Controls"]\n    node_venv_lib_python3_12_site-packages_PyQt6_Qt6_qml_QtQuick_Controls --> node_venv_lib_python3_12_site-packages_PyQt6_Qt6_qml_QtQuick_Controls_designer["designer"]\n    node_venv_lib_python3_12_site-packages_PyQt6_Qt6_qml_QtQuick_Controls_designer --> node_venv_lib_python3_12_site-packages_PyQt6_Qt6_qml_QtQuick_Controls_designer_TabButtonSpecifics_qml["TabButtonSpecifics.qml"]\n    Root --> node_venv["venv"]\n    node_venv --> node_venv_lib["lib"]\n    node_venv_lib --> node_venv_lib_python3_12["python3.12"]\n    node_venv_lib_python3_12 --> node_venv_lib_python3_12_site-packages["site-packages"]\n    node_venv_lib_python3_12_site-packages --> node_venv_lib_python3_12_site-packages_PyQt6["PyQt6"]\n    node_venv_lib_python3_12_site-packages_PyQt6 --> node_venv_lib_python3_12_site-packages_PyQt6_Qt6["Qt6"]\n    node_venv_lib_python3_12_site-packages_PyQt6_Qt6 --> node_venv_lib_python3_12_site-packages_PyQt6_Qt6_qml["qml"]\n    node_venv_lib_python3_12_site-packages_PyQt6_Qt6_qml --> node_venv_lib_python3_12_site-packages_PyQt6_Qt6_qml_QtQuick["QtQuick"]\n    node_venv_lib_python3_12_site-packages_PyQt6_Qt6_qml_QtQuick --> node_venv_lib_python3_12_site-packages_PyQt6_Qt6_qml_QtQuick_Controls["Controls"]\n    node_venv_lib_python3_12_site-packages_PyQt6_Qt6_qml_QtQuick_Controls --> node_venv_lib_python3_12_site-packages_PyQt6_Qt6_qml_QtQuick_Controls_designer["designer"]\n    node_venv_lib_python3_12_site-packages_PyQt6_Qt6_qml_QtQuick_Controls_designer --> node_venv_lib_python3_12_site-packages_PyQt6_Qt6_qml_QtQuick_Controls_designer_TextAreaSpecifics_qml["TextAreaSpecifics.qml"]\n    Root --> node_venv["venv"]\n    node_venv --> node_venv_lib["lib"]\n    node_venv_lib --> node_venv_lib_python3_12["python3.12"]\n    node_venv_lib_python3_12 --> node_venv_lib_python3_12_site-packages["site-packages"]\n    node_venv_lib_python3_12_site-packages --> node_venv_lib_python3_12_site-packages_PyQt6["PyQt6"]\n    node_venv_lib_python3_12_site-packages_PyQt6 --> node_venv_lib_python3_12_site-packages_PyQt6_Qt6["Qt6"]\n    node_venv_lib_python3_12_site-packages_PyQt6_Qt6 --> node_venv_lib_python3_12_site-packages_PyQt6_Qt6_qml["qml"]\n    node_venv_lib_python3_12_site-packages_PyQt6_Qt6_qml --> node_venv_lib_python3_12_site-packages_PyQt6_Qt6_qml_QtQuick["QtQuick"]\n    node_venv_lib_python3_12_site-packages_PyQt6_Qt6_qml_QtQuick --> node_venv_lib_python3_12_site-packages_PyQt6_Qt6_qml_QtQuick_Controls["Controls"]\n    node_venv_lib_python3_12_site-packages_PyQt6_Qt6_qml_QtQuick_Controls --> node_venv_lib_python3_12_site-packages_PyQt6_Qt6_qml_QtQuick_Controls_designer["designer"]\n    node_venv_lib_python3_12_site-packages_PyQt6_Qt6_qml_QtQuick_Controls_designer --> node_venv_lib_python3_12_site-packages_PyQt6_Qt6_qml_QtQuick_Controls_designer_TextFieldSpecifics_qml["TextFieldSpecifics.qml"]\n    Root --> node_venv["venv"]\n    node_venv --> node_venv_lib["lib"]\n    node_venv_lib --> node_venv_lib_python3_12["python3.12"]\n    node_venv_lib_python3_12 --> node_venv_lib_python3_12_site-packages["site-packages"]\n    node_venv_lib_python3_12_site-packages --> node_venv_lib_python3_12_site-packages_PyQt6["PyQt6"]\n    node_venv_lib_python3_12_site-packages_PyQt6 --> node_venv_lib_python3_12_site-packages_PyQt6_Qt6["Qt6"]\n    node_venv_lib_python3_12_site-packages_PyQt6_Qt6 --> node_venv_lib_python3_12_site-packages_PyQt6_Qt6_qml["qml"]\n    node_venv_lib_python3_12_site-packages_PyQt6_Qt6_qml --> node_venv_lib_python3_12_site-packages_PyQt6_Qt6_qml_QtQuick["QtQuick"]\n    node_venv_lib_python3_12_site-packages_PyQt6_Qt6_qml_QtQuick --> node_venv_lib_python3_12_site-packages_PyQt6_Qt6_qml_QtQuick_Controls["Controls"]\n    node_venv_lib_python3_12_site-packages_PyQt6_Qt6_qml_QtQuick_Controls --> node_venv_lib_python3_12_site-packages_PyQt6_Qt6_qml_QtQuick_Controls_designer["designer"]\n    node_venv_lib_python3_12_site-packages_PyQt6_Qt6_qml_QtQuick_Controls_designer --> node_venv_lib_python3_12_site-packages_PyQt6_Qt6_qml_QtQuick_Controls_designer_ToolBarSpecifics_qml["ToolBarSpecifics.qml"]\n    Root --> node_venv["venv"]\n    node_venv --> node_venv_lib["lib"]\n    node_venv_lib --> node_venv_lib_python3_12["python3.12"]\n    node_venv_lib_python3_12 --> node_venv_lib_python3_12_site-packages["site-packages"]\n    node_venv_lib_python3_12_site-packages --> node_venv_lib_python3_12_site-packages_PyQt6["PyQt6"]\n    node_venv_lib_python3_12_site-packages_PyQt6 --> node_venv_lib_python3_12_site-packages_PyQt6_Qt6["Qt6"]\n    node_venv_lib_python3_12_site-packages_PyQt6_Qt6 --> node_venv_lib_python3_12_site-packages_PyQt6_Qt6_qml["qml"]\n    node_venv_lib_python3_12_site-packages_PyQt6_Qt6_qml --> node_venv_lib_python3_12_site-packages_PyQt6_Qt6_qml_QtQuick["QtQuick"]\n    node_venv_lib_python3_12_site-packages_PyQt6_Qt6_qml_QtQuick --> node_venv_lib_python3_12_site-packages_PyQt6_Qt6_qml_QtQuick_Controls["Controls"]\n    node_venv_lib_python3_12_site-packages_PyQt6_Qt6_qml_QtQuick_Controls --> node_venv_lib_python3_12_site-packages_PyQt6_Qt6_qml_QtQuick_Controls_designer["designer"]\n    node_venv_lib_python3_12_site-packages_PyQt6_Qt6_qml_QtQuick_Controls_designer --> node_venv_lib_python3_12_site-packages_PyQt6_Qt6_qml_QtQuick_Controls_designer_ToolButtonSpecifics_qml["ToolButtonSpecifics.qml"]\n    Root --> node_venv["venv"]\n    node_venv --> node_venv_lib["lib"]\n    node_venv_lib --> node_venv_lib_python3_12["python3.12"]\n    node_venv_lib_python3_12 --> node_venv_lib_python3_12_site-packages["site-packages"]\n    node_venv_lib_python3_12_site-packages --> node_venv_lib_python3_12_site-packages_PyQt6["PyQt6"]\n    node_venv_lib_python3_12_site-packages_PyQt6 --> node_venv_lib_python3_12_site-packages_PyQt6_Qt6["Qt6"]\n    node_venv_lib_python3_12_site-packages_PyQt6_Qt6 --> node_venv_lib_python3_12_site-packages_PyQt6_Qt6_qml["qml"]\n    node_venv_lib_python3_12_site-packages_PyQt6_Qt6_qml --> node_venv_lib_python3_12_site-packages_PyQt6_Qt6_qml_QtQuick["QtQuick"]\n    node_venv_lib_python3_12_site-packages_PyQt6_Qt6_qml_QtQuick --> node_venv_lib_python3_12_site-packages_PyQt6_Qt6_qml_QtQuick_Controls["Controls"]\n    node_venv_lib_python3_12_site-packages_PyQt6_Qt6_qml_QtQuick_Controls --> node_venv_lib_python3_12_site-packages_PyQt6_Qt6_qml_QtQuick_Controls_designer["designer"]\n    node_venv_lib_python3_12_site-packages_PyQt6_Qt6_qml_QtQuick_Controls_designer --> node_venv_lib_python3_12_site-packages_PyQt6_Qt6_qml_QtQuick_Controls_designer_ToolSeparatorSpecifics_qml["ToolSeparatorSpecifics.qml"]\n    Root --> node_venv["venv"]\n    node_venv --> node_venv_lib["lib"]\n    node_venv_lib --> node_venv_lib_python3_12["python3.12"]\n    node_venv_lib_python3_12 --> node_venv_lib_python3_12_site-packages["site-packages"]\n    node_venv_lib_python3_12_site-packages --> node_venv_lib_python3_12_site-packages_PyQt6["PyQt6"]\n    node_venv_lib_python3_12_site-packages_PyQt6 --> node_venv_lib_python3_12_site-packages_PyQt6_Qt6["Qt6"]\n    node_venv_lib_python3_12_site-packages_PyQt6_Qt6 --> node_venv_lib_python3_12_site-packages_PyQt6_Qt6_qml["qml"]\n    node_venv_lib_python3_12_site-packages_PyQt6_Qt6_qml --> node_venv_lib_python3_12_site-packages_PyQt6_Qt6_qml_QtQuick["QtQuick"]\n    node_venv_lib_python3_12_site-packages_PyQt6_Qt6_qml_QtQuick --> node_venv_lib_python3_12_site-packages_PyQt6_Qt6_qml_QtQuick_Controls["Controls"]\n    node_venv_lib_python3_12_site-packages_PyQt6_Qt6_qml_QtQuick_Controls --> node_venv_lib_python3_12_site-packages_PyQt6_Qt6_qml_QtQuick_Controls_designer["designer"]\n    node_venv_lib_python3_12_site-packages_PyQt6_Qt6_qml_QtQuick_Controls_designer --> node_venv_lib_python3_12_site-packages_PyQt6_Qt6_qml_QtQuick_Controls_designer_TumblerSpecifics_qml["TumblerSpecifics.qml"]\n    Root --> node_venv["venv"]\n    node_venv --> node_venv_lib["lib"]\n    node_venv_lib --> node_venv_lib_python3_12["python3.12"]\n    node_venv_lib_python3_12 --> node_venv_lib_python3_12_site-packages["site-packages"]\n    node_venv_lib_python3_12_site-packages --> node_venv_lib_python3_12_site-packages_PyQt6["PyQt6"]\n    node_venv_lib_python3_12_site-packages_PyQt6 --> node_venv_lib_python3_12_site-packages_PyQt6_Qt6["Qt6"]\n    node_venv_lib_python3_12_site-packages_PyQt6_Qt6 --> node_venv_lib_python3_12_site-packages_PyQt6_Qt6_qml["qml"]\n    node_venv_lib_python3_12_site-packages_PyQt6_Qt6_qml --> node_venv_lib_python3_12_site-packages_PyQt6_Qt6_qml_QtQuick["QtQuick"]\n    node_venv_lib_python3_12_site-packages_PyQt6_Qt6_qml_QtQuick --> node_venv_lib_python3_12_site-packages_PyQt6_Qt6_qml_QtQuick_Controls["Controls"]\n    node_venv_lib_python3_12_site-packages_PyQt6_Qt6_qml_QtQuick_Controls --> node_venv_lib_python3_12_site-packages_PyQt6_Qt6_qml_QtQuick_Controls_designer["designer"]\n    node_venv_lib_python3_12_site-packages_PyQt6_Qt6_qml_QtQuick_Controls_designer --> node_venv_lib_python3_12_site-packages_PyQt6_Qt6_qml_QtQuick_Controls_designer_qtquickcontrols2_metainfo["qtquickcontrols2.metainfo"]\n    Root --> node_venv["venv"]\n    node_venv --> node_venv_lib["lib"]\n    node_venv_lib --> node_venv_lib_python3_12["python3.12"]\n    node_venv_lib_python3_12 --> node_venv_lib_python3_12_site-packages["site-packages"]\n    node_venv_lib_python3_12_site-packages --> node_venv_lib_python3_12_site-packages_PyQt6["PyQt6"]\n    node_venv_lib_python3_12_site-packages_PyQt6 --> node_venv_lib_python3_12_site-packages_PyQt6_Qt6["Qt6"]\n    node_venv_lib_python3_12_site-packages_PyQt6_Qt6 --> node_venv_lib_python3_12_site-packages_PyQt6_Qt6_qml["qml"]\n    node_venv_lib_python3_12_site-packages_PyQt6_Qt6_qml --> node_venv_lib_python3_12_site-packages_PyQt6_Qt6_qml_QtQuick["QtQuick"]\n    node_venv_lib_python3_12_site-packages_PyQt6_Qt6_qml_QtQuick --> node_venv_lib_python3_12_site-packages_PyQt6_Qt6_qml_QtQuick_Controls["Controls"]\n    node_venv_lib_python3_12_site-packages_PyQt6_Qt6_qml_QtQuick_Controls --> node_venv_lib_python3_12_site-packages_PyQt6_Qt6_qml_QtQuick_Controls_designer["designer"]\n    node_venv_lib_python3_12_site-packages_PyQt6_Qt6_qml_QtQuick_Controls_designer --> node_venv_lib_python3_12_site-packages_PyQt6_Qt6_qml_QtQuick_Controls_designer_images["images"]\n    node_venv_lib_python3_12_site-packages_PyQt6_Qt6_qml_QtQuick_Controls_designer_images --> node_venv_lib_python3_12_site-packages_PyQt6_Qt6_qml_QtQuick_Controls_designer_images_busyindicator-icon_png["busyindicator-icon.png"]\n    Root --> node_venv["venv"]\n    node_venv --> node_venv_lib["lib"]\n    node_venv_lib --> node_venv_lib_python3_12["python3.12"]\n    node_venv_lib_python3_12 --> node_venv_lib_python3_12_site-packages["site-packages"]\n    node_venv_lib_python3_12_site-packages --> node_venv_lib_python3_12_site-packages_PyQt6["PyQt6"]\n    node_venv_lib_python3_12_site-packages_PyQt6 --> node_venv_lib_python3_12_site-packages_PyQt6_Qt6["Qt6"]\n    node_venv_lib_python3_12_site-packages_PyQt6_Qt6 --> node_venv_lib_python3_12_site-packages_PyQt6_Qt6_qml["qml"]\n    node_venv_lib_python3_12_site-packages_PyQt6_Qt6_qml --> node_venv_lib_python3_12_site-packages_PyQt6_Qt6_qml_QtQuick["QtQuick"]\n    node_venv_lib_python3_12_site-packages_PyQt6_Qt6_qml_QtQuick --> node_venv_lib_python3_12_site-packages_PyQt6_Qt6_qml_QtQuick_Controls["Controls"]\n    node_venv_lib_python3_12_site-packages_PyQt6_Qt6_qml_QtQuick_Controls --> node_venv_lib_python3_12_site-packages_PyQt6_Qt6_qml_QtQuick_Controls_designer["designer"]\n    node_venv_lib_python3_12_site-packages_PyQt6_Qt6_qml_QtQuick_Controls_designer --> node_venv_lib_python3_12_site-packages_PyQt6_Qt6_qml_QtQuick_Controls_designer_images["images"]\n    node_venv_lib_python3_12_site-packages_PyQt6_Qt6_qml_QtQuick_Controls_designer_images --> node_venv_lib_python3_12_site-packages_PyQt6_Qt6_qml_QtQuick_Controls_designer_images_busyindicator-icon16_png["busyindicator-icon16.png"]\n    Root --> node_venv["venv"]\n    node_venv --> node_venv_lib["lib"]\n    node_venv_lib --> node_venv_lib_python3_12["python3.12"]\n    node_venv_lib_python3_12 --> node_venv_lib_python3_12_site-packages["site-packages"]\n    node_venv_lib_python3_12_site-packages --> node_venv_lib_python3_12_site-packages_PyQt6["PyQt6"]\n    node_venv_lib_python3_12_site-packages_PyQt6 --> node_venv_lib_python3_12_site-packages_PyQt6_Qt6["Qt6"]\n    node_venv_lib_python3_12_site-packages_PyQt6_Qt6 --> node_venv_lib_python3_12_site-packages_PyQt6_Qt6_qml["qml"]\n    node_venv_lib_python3_12_site-packages_PyQt6_Qt6_qml --> node_venv_lib_python3_12_site-packages_PyQt6_Qt6_qml_QtQuick["QtQuick"]\n    node_venv_lib_python3_12_site-packages_PyQt6_Qt6_qml_QtQuick --> node_venv_lib_python3_12_site-packages_PyQt6_Qt6_qml_QtQuick_Controls["Controls"]\n    node_venv_lib_python3_12_site-packages_PyQt6_Qt6_qml_QtQuick_Controls --> node_venv_lib_python3_12_site-packages_PyQt6_Qt6_qml_QtQuick_Controls_designer["designer"]\n    node_venv_lib_python3_12_site-packages_PyQt6_Qt6_qml_QtQuick_Controls_designer --> node_venv_lib_python3_12_site-packages_PyQt6_Qt6_qml_QtQuick_Controls_designer_images["images"]\n    node_venv_lib_python3_12_site-packages_PyQt6_Qt6_qml_QtQuick_Controls_designer_images --> node_venv_lib_python3_12_site-packages_PyQt6_Qt6_qml_QtQuick_Controls_designer_images_busyindicator-icon@2x_png["busyindicator-icon@2x.png"]\n    Root --> node_venv["venv"]\n    node_venv --> node_venv_lib["lib"]\n    node_venv_lib --> node_venv_lib_python3_12["python3.12"]\n    node_venv_lib_python3_12 --> node_venv_lib_python3_12_site-packages["site-packages"]\n    node_venv_lib_python3_12_site-packages --> node_venv_lib_python3_12_site-packages_PyQt6["PyQt6"]\n    node_venv_lib_python3_12_site-packages_PyQt6 --> node_venv_lib_python3_12_site-packages_PyQt6_Qt6["Qt6"]\n    node_venv_lib_python3_12_site-packages_PyQt6_Qt6 --> node_venv_lib_python3_12_site-packages_PyQt6_Qt6_qml["qml"]\n    node_venv_lib_python3_12_site-packages_PyQt6_Qt6_qml --> node_venv_lib_python3_12_site-packages_PyQt6_Qt6_qml_QtQuick["QtQuick"]\n    node_venv_lib_python3_12_site-packages_PyQt6_Qt6_qml_QtQuick --> node_venv_lib_python3_12_site-packages_PyQt6_Qt6_qml_QtQuick_Controls["Controls"]\n    node_venv_lib_python3_12_site-packages_PyQt6_Qt6_qml_QtQuick_Controls --> node_venv_lib_python3_12_site-packages_PyQt6_Qt6_qml_QtQuick_Controls_designer["designer"]\n    node_venv_lib_python3_12_site-packages_PyQt6_Qt6_qml_QtQuick_Controls_designer --> node_venv_lib_python3_12_site-packages_PyQt6_Qt6_qml_QtQuick_Controls_designer_images["images"]\n    node_venv_lib_python3_12_site-packages_PyQt6_Qt6_qml_QtQuick_Controls_designer_images --> node_venv_lib_python3_12_site-packages_PyQt6_Qt6_qml_QtQuick_Controls_designer_images_button-icon_png["button-icon.png"]\n    Root --> node_venv["venv"]\n    node_venv --> node_venv_lib["lib"]\n    node_venv_lib --> node_venv_lib_python3_12["python3.12"]\n    node_venv_lib_python3_12 --> node_venv_lib_python3_12_site-packages["site-packages"]\n    node_venv_lib_python3_12_site-packages --> node_venv_lib_python3_12_site-packages_PyQt6["PyQt6"]\n    node_venv_lib_python3_12_site-packages_PyQt6 --> node_venv_lib_python3_12_site-packages_PyQt6_Qt6["Qt6"]\n    node_venv_lib_python3_12_site-packages_PyQt6_Qt6 --> node_venv_lib_python3_12_site-packages_PyQt6_Qt6_qml["qml"]\n    node_venv_lib_python3_12_site-packages_PyQt6_Qt6_qml --> node_venv_lib_python3_12_site-packages_PyQt6_Qt6_qml_QtQuick["QtQuick"]\n    node_venv_lib_python3_12_site-packages_PyQt6_Qt6_qml_QtQuick --> node_venv_lib_python3_12_site-packages_PyQt6_Qt6_qml_QtQuick_Controls["Controls"]\n    node_venv_lib_python3_12_site-packages_PyQt6_Qt6_qml_QtQuick_Controls --> node_venv_lib_python3_12_site-packages_PyQt6_Qt6_qml_QtQuick_Controls_designer["designer"]\n    node_venv_lib_python3_12_site-packages_PyQt6_Qt6_qml_QtQuick_Controls_designer --> node_venv_lib_python3_12_site-packages_PyQt6_Qt6_qml_QtQuick_Controls_designer_images["images"]\n    node_venv_lib_python3_12_site-packages_PyQt6_Qt6_qml_QtQuick_Controls_designer_images --> node_venv_lib_python3_12_site-packages_PyQt6_Qt6_qml_QtQuick_Controls_designer_images_button-icon16_png["button-icon16.png"]\n    Root --> node_venv["venv"]\n    node_venv --> node_venv_lib["lib"]\n    node_venv_lib --> node_venv_lib_python3_12["python3.12"]\n    node_venv_lib_python3_12 --> node_venv_lib_python3_12_site-packages["site-packages"]\n    node_venv_lib_python3_12_site-packages --> node_venv_lib_python3_12_site-packages_PyQt6["PyQt6"]\n    node_venv_lib_python3_12_site-packages_PyQt6 --> node_venv_lib_python3_12_site-packages_PyQt6_Qt6["Qt6"]\n    node_venv_lib_python3_12_site-packages_PyQt6_Qt6 --> node_venv_lib_python3_12_site-packages_PyQt6_Qt6_qml["qml"]\n    node_venv_lib_python3_12_site-packages_PyQt6_Qt6_qml --> node_venv_lib_python3_12_site-packages_PyQt6_Qt6_qml_QtQuick["QtQuick"]\n    node_venv_lib_python3_12_site-packages_PyQt6_Qt6_qml_QtQuick --> node_venv_lib_python3_12_site-packages_PyQt6_Qt6_qml_QtQuick_Controls["Controls"]\n    node_venv_lib_python3_12_site-packages_PyQt6_Qt6_qml_QtQuick_Controls --> node_venv_lib_python3_12_site-packages_PyQt6_Qt6_qml_QtQuick_Controls_designer["designer"]\n    node_venv_lib_python3_12_site-packages_PyQt6_Qt6_qml_QtQuick_Controls_designer --> node_venv_lib_python3_12_site-packages_PyQt6_Qt6_qml_QtQuick_Controls_designer_images["images"]\n    node_venv_lib_python3_12_site-packages_PyQt6_Qt6_qml_QtQuick_Controls_designer_images --> node_venv_lib_python3_12_site-packages_PyQt6_Qt6_qml_QtQuick_Controls_designer_images_button-icon@2x_png["button-icon@2x.png"]\n    Root --> node_venv["venv"]\n    node_venv --> node_venv_lib["lib"]\n    node_venv_lib --> node_venv_lib_python3_12["python3.12"]\n    node_venv_lib_python3_12 --> node_venv_lib_python3_12_site-packages["site-packages"]\n    node_venv_lib_python3_12_site-packages --> node_venv_lib_python3_12_site-packages_PyQt6["PyQt6"]\n    node_venv_lib_python3_12_site-packages_PyQt6 --> node_venv_lib_python3_12_site-packages_PyQt6_Qt6["Qt6"]\n    node_venv_lib_python3_12_site-packages_PyQt6_Qt6 --> node_venv_lib_python3_12_site-packages_PyQt6_Qt6_qml["qml"]\n    node_venv_lib_python3_12_site-packages_PyQt6_Qt6_qml --> node_venv_lib_python3_12_site-packages_PyQt6_Qt6_qml_QtQuick["QtQuick"]\n    node_venv_lib_python3_12_site-packages_PyQt6_Qt6_qml_QtQuick --> node_venv_lib_python3_12_site-packages_PyQt6_Qt6_qml_QtQuick_Controls["Controls"]\n    node_venv_lib_python3_12_site-packages_PyQt6_Qt6_qml_QtQuick_Controls --> node_venv_lib_python3_12_site-packages_PyQt6_Qt6_qml_QtQuick_Controls_designer["designer"]\n    node_venv_lib_python3_12_site-packages_PyQt6_Qt6_qml_QtQuick_Controls_designer --> node_venv_lib_python3_12_site-packages_PyQt6_Qt6_qml_QtQuick_Controls_designer_images["images"]\n    node_venv_lib_python3_12_site-packages_PyQt6_Qt6_qml_QtQuick_Controls_designer_images --> node_venv_lib_python3_12_site-packages_PyQt6_Qt6_qml_QtQuick_Controls_designer_images_checkbox-icon_png["checkbox-icon.png"]\n    Root --> node_venv["venv"]\n    node_venv --> node_venv_lib["lib"]\n    node_venv_lib --> node_venv_lib_python3_12["python3.12"]\n    node_venv_lib_python3_12 --> node_venv_lib_python3_12_site-packages["site-packages"]\n    node_venv_lib_python3_12_site-packages --> node_venv_lib_python3_12_site-packages_PyQt6["PyQt6"]\n    node_venv_lib_python3_12_site-packages_PyQt6 --> node_venv_lib_python3_12_site-packages_PyQt6_Qt6["Qt6"]\n    node_venv_lib_python3_12_site-packages_PyQt6_Qt6 --> node_venv_lib_python3_12_site-packages_PyQt6_Qt6_qml["qml"]\n    node_venv_lib_python3_12_site-packages_PyQt6_Qt6_qml --> node_venv_lib_python3_12_site-packages_PyQt6_Qt6_qml_QtQuick["QtQuick"]\n    node_venv_lib_python3_12_site-packages_PyQt6_Qt6_qml_QtQuick --> node_venv_lib_python3_12_site-packages_PyQt6_Qt6_qml_QtQuick_Controls["Controls"]\n    node_venv_lib_python3_12_site-packages_PyQt6_Qt6_qml_QtQuick_Controls --> node_venv_lib_python3_12_site-packages_PyQt6_Qt6_qml_QtQuick_Controls_designer["designer"]\n    node_venv_lib_python3_12_site-packages_PyQt6_Qt6_qml_QtQuick_Controls_designer --> node_venv_lib_python3_12_site-packages_PyQt6_Qt6_qml_QtQuick_Controls_designer_images["images"]\n    node_venv_lib_python3_12_site-packages_PyQt6_Qt6_qml_QtQuick_Controls_designer_images --> node_venv_lib_python3_12_site-packages_PyQt6_Qt6_qml_QtQuick_Controls_designer_images_checkbox-icon16_png["checkbox-icon16.png"]\n    Root --> node_venv["venv"]\n    node_venv --> node_venv_lib["lib"]\n    node_venv_lib --> node_venv_lib_python3_12["python3.12"]\n    node_venv_lib_python3_12 --> node_venv_lib_python3_12_site-packages["site-packages"]\n    node_venv_lib_python3_12_site-packages --> node_venv_lib_python3_12_site-packages_PyQt6["PyQt6"]\n    node_venv_lib_python3_12_site-packages_PyQt6 --> node_venv_lib_python3_12_site-packages_PyQt6_Qt6["Qt6"]\n    node_venv_lib_python3_12_site-packages_PyQt6_Qt6 --> node_venv_lib_python3_12_site-packages_PyQt6_Qt6_qml["qml"]\n    node_venv_lib_python3_12_site-packages_PyQt6_Qt6_qml --> node_venv_lib_python3_12_site-packages_PyQt6_Qt6_qml_QtQuick["QtQuick"]\n    node_venv_lib_python3_12_site-packages_PyQt6_Qt6_qml_QtQuick --> node_venv_lib_python3_12_site-packages_PyQt6_Qt6_qml_QtQuick_Controls["Controls"]\n    node_venv_lib_python3_12_site-packages_PyQt6_Qt6_qml_QtQuick_Controls --> node_venv_lib_python3_12_site-packages_PyQt6_Qt6_qml_QtQuick_Controls_designer["designer"]\n    node_venv_lib_python3_12_site-packages_PyQt6_Qt6_qml_QtQuick_Controls_designer --> node_venv_lib_python3_12_site-packages_PyQt6_Qt6_qml_QtQuick_Controls_designer_images["images"]\n    node_venv_lib_python3_12_site-packages_PyQt6_Qt6_qml_QtQuick_Controls_designer_images --> node_venv_lib_python3_12_site-packages_PyQt6_Qt6_qml_QtQuick_Controls_designer_images_checkbox-icon@2x_png["checkbox-icon@2x.png"]\n    Root --> node_venv["venv"]\n    node_venv --> node_venv_lib["lib"]\n    node_venv_lib --> node_venv_lib_python3_12["python3.12"]\n    node_venv_lib_python3_12 --> node_venv_lib_python3_12_site-packages["site-packages"]\n    node_venv_lib_python3_12_site-packages --> node_venv_lib_python3_12_site-packages_PyQt6["PyQt6"]\n    node_venv_lib_python3_12_site-packages_PyQt6 --> node_venv_lib_python3_12_site-packages_PyQt6_Qt6["Qt6"]\n    node_venv_lib_python3_12_site-packages_PyQt6_Qt6 --> node_venv_lib_python3_12_site-packages_PyQt6_Qt6_qml["qml"]\n    node_venv_lib_python3_12_site-packages_PyQt6_Qt6_qml --> node_venv_lib_python3_12_site-packages_PyQt6_Qt6_qml_QtQuick["QtQuick"]\n    node_venv_lib_python3_12_site-packages_PyQt6_Qt6_qml_QtQuick --> node_venv_lib_python3_12_site-packages_PyQt6_Qt6_qml_QtQuick_Controls["Controls"]\n    node_venv_lib_python3_12_site-packages_PyQt6_Qt6_qml_QtQuick_Controls --> node_venv_lib_python3_12_site-packages_PyQt6_Qt6_qml_QtQuick_Controls_designer["designer"]\n    node_venv_lib_python3_12_site-packages_PyQt6_Qt6_qml_QtQuick_Controls_designer --> node_venv_lib_python3_12_site-packages_PyQt6_Qt6_qml_QtQuick_Controls_designer_images["images"]\n    node_venv_lib_python3_12_site-packages_PyQt6_Qt6_qml_QtQuick_Controls_designer_images --> node_venv_lib_python3_12_site-packages_PyQt6_Qt6_qml_QtQuick_Controls_designer_images_combobox-icon_png["combobox-icon.png"]\n    Root --> node_venv["venv"]\n    node_venv --> node_venv_lib["lib"]\n    node_venv_lib --> node_venv_lib_python3_12["python3.12"]\n    node_venv_lib_python3_12 --> node_venv_lib_python3_12_site-packages["site-packages"]\n    node_venv_lib_python3_12_site-packages --> node_venv_lib_python3_12_site-packages_PyQt6["PyQt6"]\n    node_venv_lib_python3_12_site-packages_PyQt6 --> node_venv_lib_python3_12_site-packages_PyQt6_Qt6["Qt6"]\n    node_venv_lib_python3_12_site-packages_PyQt6_Qt6 --> node_venv_lib_python3_12_site-packages_PyQt6_Qt6_qml["qml"]\n    node_venv_lib_python3_12_site-packages_PyQt6_Qt6_qml --> node_venv_lib_python3_12_site-packages_PyQt6_Qt6_qml_QtQuick["QtQuick"]\n    node_venv_lib_python3_12_site-packages_PyQt6_Qt6_qml_QtQuick --> node_venv_lib_python3_12_site-packages_PyQt6_Qt6_qml_QtQuick_Controls["Controls"]\n    node_venv_lib_python3_12_site-packages_PyQt6_Qt6_qml_QtQuick_Controls --> node_venv_lib_python3_12_site-packages_PyQt6_Qt6_qml_QtQuick_Controls_designer["designer"]\n    node_venv_lib_python3_12_site-packages_PyQt6_Qt6_qml_QtQuick_Controls_designer --> node_venv_lib_python3_12_site-packages_PyQt6_Qt6_qml_QtQuick_Controls_designer_images["images"]\n    node_venv_lib_python3_12_site-packages_PyQt6_Qt6_qml_QtQuick_Controls_designer_images --> node_venv_lib_python3_12_site-packages_PyQt6_Qt6_qml_QtQuick_Controls_designer_images_combobox-icon16_png["combobox-icon16.png"]\n    Root --> node_venv["venv"]\n    node_venv --> node_venv_lib["lib"]\n    node_venv_lib --> node_venv_lib_python3_12["python3.12"]\n    node_venv_lib_python3_12 --> node_venv_lib_python3_12_site-packages["site-packages"]\n    node_venv_lib_python3_12_site-packages --> node_venv_lib_python3_12_site-packages_PyQt6["PyQt6"]\n    node_venv_lib_python3_12_site-packages_PyQt6 --> node_venv_lib_python3_12_site-packages_PyQt6_Qt6["Qt6"]\n    node_venv_lib_python3_12_site-packages_PyQt6_Qt6 --> node_venv_lib_python3_12_site-packages_PyQt6_Qt6_qml["qml"]\n    node_venv_lib_python3_12_site-packages_PyQt6_Qt6_qml --> node_venv_lib_python3_12_site-packages_PyQt6_Qt6_qml_QtQuick["QtQuick"]\n    node_venv_lib_python3_12_site-packages_PyQt6_Qt6_qml_QtQuick --> node_venv_lib_python3_12_site-packages_PyQt6_Qt6_qml_QtQuick_Controls["Controls"]\n    node_venv_lib_python3_12_site-packages_PyQt6_Qt6_qml_QtQuick_Controls --> node_venv_lib_python3_12_site-packages_PyQt6_Qt6_qml_QtQuick_Controls_designer["designer"]\n    node_venv_lib_python3_12_site-packages_PyQt6_Qt6_qml_QtQuick_Controls_designer --> node_venv_lib_python3_12_site-packages_PyQt6_Qt6_qml_QtQuick_Controls_designer_images["images"]\n    node_venv_lib_python3_12_site-packages_PyQt6_Qt6_qml_QtQuick_Controls_designer_images --> node_venv_lib_python3_12_site-packages_PyQt6_Qt6_qml_QtQuick_Controls_designer_images_combobox-icon@2x_png["combobox-icon@2x.png"]\n    Root --> node_venv["venv"]\n    node_venv --> node_venv_lib["lib"]\n    node_venv_lib --> node_venv_lib_python3_12["python3.12"]\n    node_venv_lib_python3_12 --> node_venv_lib_python3_12_site-packages["site-packages"]\n    node_venv_lib_python3_12_site-packages --> node_venv_lib_python3_12_site-packages_PyQt6["PyQt6"]\n    node_venv_lib_python3_12_site-packages_PyQt6 --> node_venv_lib_python3_12_site-packages_PyQt6_Qt6["Qt6"]\n    node_venv_lib_python3_12_site-packages_PyQt6_Qt6 --> node_venv_lib_python3_12_site-packages_PyQt6_Qt6_qml["qml"]\n    node_venv_lib_python3_12_site-packages_PyQt6_Qt6_qml --> node_venv_lib_python3_12_site-packages_PyQt6_Qt6_qml_QtQuick["QtQuick"]\n    node_venv_lib_python3_12_site-packages_PyQt6_Qt6_qml_QtQuick --> node_venv_lib_python3_12_site-packages_PyQt6_Qt6_qml_QtQuick_Controls["Controls"]\n    node_venv_lib_python3_12_site-packages_PyQt6_Qt6_qml_QtQuick_Controls --> node_venv_lib_python3_12_site-packages_PyQt6_Qt6_qml_QtQuick_Controls_designer["designer"]\n    node_venv_lib_python3_12_site-packages_PyQt6_Qt6_qml_QtQuick_Controls_designer --> node_venv_lib_python3_12_site-packages_PyQt6_Qt6_qml_QtQuick_Controls_designer_images["images"]\n    node_venv_lib_python3_12_site-packages_PyQt6_Qt6_qml_QtQuick_Controls_designer_images --> node_venv_lib_python3_12_site-packages_PyQt6_Qt6_qml_QtQuick_Controls_designer_images_control-icon_png["control-icon.png"]\n    Root --> node_venv["venv"]\n    node_venv --> node_venv_lib["lib"]\n    node_venv_lib --> node_venv_lib_python3_12["python3.12"]\n    node_venv_lib_python3_12 --> node_venv_lib_python3_12_site-packages["site-packages"]\n    node_venv_lib_python3_12_site-packages --> node_venv_lib_python3_12_site-packages_PyQt6["PyQt6"]\n    node_venv_lib_python3_12_site-packages_PyQt6 --> node_venv_lib_python3_12_site-packages_PyQt6_Qt6["Qt6"]\n    node_venv_lib_python3_12_site-packages_PyQt6_Qt6 --> node_venv_lib_python3_12_site-packages_PyQt6_Qt6_qml["qml"]\n    node_venv_lib_python3_12_site-packages_PyQt6_Qt6_qml --> node_venv_lib_python3_12_site-packages_PyQt6_Qt6_qml_QtQuick["QtQuick"]\n    node_venv_lib_python3_12_site-packages_PyQt6_Qt6_qml_QtQuick --> node_venv_lib_python3_12_site-packages_PyQt6_Qt6_qml_QtQuick_Controls["Controls"]\n    node_venv_lib_python3_12_site-packages_PyQt6_Qt6_qml_QtQuick_Controls --> node_venv_lib_python3_12_site-packages_PyQt6_Qt6_qml_QtQuick_Controls_designer["designer"]\n    node_venv_lib_python3_12_site-packages_PyQt6_Qt6_qml_QtQuick_Controls_designer --> node_venv_lib_python3_12_site-packages_PyQt6_Qt6_qml_QtQuick_Controls_designer_images["images"]\n    node_venv_lib_python3_12_site-packages_PyQt6_Qt6_qml_QtQuick_Controls_designer_images --> node_venv_lib_python3_12_site-packages_PyQt6_Qt6_qml_QtQuick_Controls_designer_images_control-icon16_png["control-icon16.png"]\n    Root --> node_venv["venv"]\n    node_venv --> node_venv_lib["lib"]\n    node_venv_lib --> node_venv_lib_python3_12["python3.12"]\n    node_venv_lib_python3_12 --> node_venv_lib_python3_12_site-packages["site-packages"]\n    node_venv_lib_python3_12_site-packages --> node_venv_lib_python3_12_site-packages_PyQt6["PyQt6"]\n    node_venv_lib_python3_12_site-packages_PyQt6 --> node_venv_lib_python3_12_site-packages_PyQt6_Qt6["Qt6"]\n    node_venv_lib_python3_12_site-packages_PyQt6_Qt6 --> node_venv_lib_python3_12_site-packages_PyQt6_Qt6_qml["qml"]\n    node_venv_lib_python3_12_site-packages_PyQt6_Qt6_qml --> node_venv_lib_python3_12_site-packages_PyQt6_Qt6_qml_QtQuick["QtQuick"]\n    node_venv_lib_python3_12_site-packages_PyQt6_Qt6_qml_QtQuick --> node_venv_lib_python3_12_site-packages_PyQt6_Qt6_qml_QtQuick_Controls["Controls"]\n    node_venv_lib_python3_12_site-packages_PyQt6_Qt6_qml_QtQuick_Controls --> node_venv_lib_python3_12_site-packages_PyQt6_Qt6_qml_QtQuick_Controls_designer["designer"]\n    node_venv_lib_python3_12_site-packages_PyQt6_Qt6_qml_QtQuick_Controls_designer --> node_venv_lib_python3_12_site-packages_PyQt6_Qt6_qml_QtQuick_Controls_designer_images["images"]\n    node_venv_lib_python3_12_site-packages_PyQt6_Qt6_qml_QtQuick_Controls_designer_images --> node_venv_lib_python3_12_site-packages_PyQt6_Qt6_qml_QtQuick_Controls_designer_images_control-icon@2x_png["control-icon@2x.png"]\n    Root --> node_venv["venv"]\n    node_venv --> node_venv_lib["lib"]\n    node_venv_lib --> node_venv_lib_python3_12["python3.12"]\n    node_venv_lib_python3_12 --> node_venv_lib_python3_12_site-packages["site-packages"]\n    node_venv_lib_python3_12_site-packages --> node_venv_lib_python3_12_site-packages_PyQt6["PyQt6"]\n    node_venv_lib_python3_12_site-packages_PyQt6 --> node_venv_lib_python3_12_site-packages_PyQt6_Qt6["Qt6"]\n    node_venv_lib_python3_12_site-packages_PyQt6_Qt6 --> node_venv_lib_python3_12_site-packages_PyQt6_Qt6_qml["qml"]\n    node_venv_lib_python3_12_site-packages_PyQt6_Qt6_qml --> node_venv_lib_python3_12_site-packages_PyQt6_Qt6_qml_QtQuick["QtQuick"]\n    node_venv_lib_python3_12_site-packages_PyQt6_Qt6_qml_QtQuick --> node_venv_lib_python3_12_site-packages_PyQt6_Qt6_qml_QtQuick_Controls["Controls"]\n    node_venv_lib_python3_12_site-packages_PyQt6_Qt6_qml_QtQuick_Controls --> node_venv_lib_python3_12_site-packages_PyQt6_Qt6_qml_QtQuick_Controls_designer["designer"]\n    node_venv_lib_python3_12_site-packages_PyQt6_Qt6_qml_QtQuick_Controls_designer --> node_venv_lib_python3_12_site-packages_PyQt6_Qt6_qml_QtQuick_Controls_designer_images["images"]\n    node_venv_lib_python3_12_site-packages_PyQt6_Qt6_qml_QtQuick_Controls_designer_images --> node_venv_lib_python3_12_site-packages_PyQt6_Qt6_qml_QtQuick_Controls_designer_images_delaybutton-icon_png["delaybutton-icon.png"]\n    Root --> node_venv["venv"]\n    node_venv --> node_venv_lib["lib"]\n    node_venv_lib --> node_venv_lib_python3_12["python3.12"]\n    node_venv_lib_python3_12 --> node_venv_lib_python3_12_site-packages["site-packages"]\n    node_venv_lib_python3_12_site-packages --> node_venv_lib_python3_12_site-packages_PyQt6["PyQt6"]\n    node_venv_lib_python3_12_site-packages_PyQt6 --> node_venv_lib_python3_12_site-packages_PyQt6_Qt6["Qt6"]\n    node_venv_lib_python3_12_site-packages_PyQt6_Qt6 --> node_venv_lib_python3_12_site-packages_PyQt6_Qt6_qml["qml"]\n    node_venv_lib_python3_12_site-packages_PyQt6_Qt6_qml --> node_venv_lib_python3_12_site-packages_PyQt6_Qt6_qml_QtQuick["QtQuick"]\n    node_venv_lib_python3_12_site-packages_PyQt6_Qt6_qml_QtQuick --> node_venv_lib_python3_12_site-packages_PyQt6_Qt6_qml_QtQuick_Controls["Controls"]\n    node_venv_lib_python3_12_site-packages_PyQt6_Qt6_qml_QtQuick_Controls --> node_venv_lib_python3_12_site-packages_PyQt6_Qt6_qml_QtQuick_Controls_designer["designer"]\n    node_venv_lib_python3_12_site-packages_PyQt6_Qt6_qml_QtQuick_Controls_designer --> node_venv_lib_python3_12_site-packages_PyQt6_Qt6_qml_QtQuick_Controls_designer_images["images"]\n    node_venv_lib_python3_12_site-packages_PyQt6_Qt6_qml_QtQuick_Controls_designer_images --> node_venv_lib_python3_12_site-packages_PyQt6_Qt6_qml_QtQuick_Controls_designer_images_delaybutton-icon16_png["delaybutton-icon16.png"]\n    Root --> node_venv["venv"]\n    node_venv --> node_venv_lib["lib"]\n    node_venv_lib --> node_venv_lib_python3_12["python3.12"]\n    node_venv_lib_python3_12 --> node_venv_lib_python3_12_site-packages["site-packages"]\n    node_venv_lib_python3_12_site-packages --> node_venv_lib_python3_12_site-packages_PyQt6["PyQt6"]\n    node_venv_lib_python3_12_site-packages_PyQt6 --> node_venv_lib_python3_12_site-packages_PyQt6_Qt6["Qt6"]\n    node_venv_lib_python3_12_site-packages_PyQt6_Qt6 --> node_venv_lib_python3_12_site-packages_PyQt6_Qt6_qml["qml"]\n    node_venv_lib_python3_12_site-packages_PyQt6_Qt6_qml --> node_venv_lib_python3_12_site-packages_PyQt6_Qt6_qml_QtQuick["QtQuick"]\n    node_venv_lib_python3_12_site-packages_PyQt6_Qt6_qml_QtQuick --> node_venv_lib_python3_12_site-packages_PyQt6_Qt6_qml_QtQuick_Controls["Controls"]\n    node_venv_lib_python3_12_site-packages_PyQt6_Qt6_qml_QtQuick_Controls --> node_venv_lib_python3_12_site-packages_PyQt6_Qt6_qml_QtQuick_Controls_designer["designer"]\n    node_venv_lib_python3_12_site-packages_PyQt6_Qt6_qml_QtQuick_Controls_designer --> node_venv_lib_python3_12_site-packages_PyQt6_Qt6_qml_QtQuick_Controls_designer_images["images"]\n    node_venv_lib_python3_12_site-packages_PyQt6_Qt6_qml_QtQuick_Controls_designer_images --> node_venv_lib_python3_12_site-packages_PyQt6_Qt6_qml_QtQuick_Controls_designer_images_delaybutton-icon@2x_png["delaybutton-icon@2x.png"]\n    Root --> node_venv["venv"]\n    node_venv --> node_venv_lib["lib"]\n    node_venv_lib --> node_venv_lib_python3_12["python3.12"]\n    node_venv_lib_python3_12 --> node_venv_lib_python3_12_site-packages["site-packages"]\n    node_venv_lib_python3_12_site-packages --> node_venv_lib_python3_12_site-packages_PyQt6["PyQt6"]\n    node_venv_lib_python3_12_site-packages_PyQt6 --> node_venv_lib_python3_12_site-packages_PyQt6_Qt6["Qt6"]\n    node_venv_lib_python3_12_site-packages_PyQt6_Qt6 --> node_venv_lib_python3_12_site-packages_PyQt6_Qt6_qml["qml"]\n    node_venv_lib_python3_12_site-packages_PyQt6_Qt6_qml --> node_venv_lib_python3_12_site-packages_PyQt6_Qt6_qml_QtQuick["QtQuick"]\n    node_venv_lib_python3_12_site-packages_PyQt6_Qt6_qml_QtQuick --> node_venv_lib_python3_12_site-packages_PyQt6_Qt6_qml_QtQuick_Controls["Controls"]\n    node_venv_lib_python3_12_site-packages_PyQt6_Qt6_qml_QtQuick_Controls --> node_venv_lib_python3_12_site-packages_PyQt6_Qt6_qml_QtQuick_Controls_designer["designer"]\n    node_venv_lib_python3_12_site-packages_PyQt6_Qt6_qml_QtQuick_Controls_designer --> node_venv_lib_python3_12_site-packages_PyQt6_Qt6_qml_QtQuick_Controls_designer_images["images"]\n    node_venv_lib_python3_12_site-packages_PyQt6_Qt6_qml_QtQuick_Controls_designer_images --> node_venv_lib_python3_12_site-packages_PyQt6_Qt6_qml_QtQuick_Controls_designer_images_dial-icon_png["dial-icon.png"]\n    Root --> node_venv["venv"]\n    node_venv --> node_venv_lib["lib"]\n    node_venv_lib --> node_venv_lib_python3_12["python3.12"]\n    node_venv_lib_python3_12 --> node_venv_lib_python3_12_site-packages["site-packages"]\n    node_venv_lib_python3_12_site-packages --> node_venv_lib_python3_12_site-packages_PyQt6["PyQt6"]\n    node_venv_lib_python3_12_site-packages_PyQt6 --> node_venv_lib_python3_12_site-packages_PyQt6_Qt6["Qt6"]\n    node_venv_lib_python3_12_site-packages_PyQt6_Qt6 --> node_venv_lib_python3_12_site-packages_PyQt6_Qt6_qml["qml"]\n    node_venv_lib_python3_12_site-packages_PyQt6_Qt6_qml --> node_venv_lib_python3_12_site-packages_PyQt6_Qt6_qml_QtQuick["QtQuick"]\n    node_venv_lib_python3_12_site-packages_PyQt6_Qt6_qml_QtQuick --> node_venv_lib_python3_12_site-packages_PyQt6_Qt6_qml_QtQuick_Controls["Controls"]\n    node_venv_lib_python3_12_site-packages_PyQt6_Qt6_qml_QtQuick_Controls --> node_venv_lib_python3_12_site-packages_PyQt6_Qt6_qml_QtQuick_Controls_designer["designer"]\n    node_venv_lib_python3_12_site-packages_PyQt6_Qt6_qml_QtQuick_Controls_designer --> node_venv_lib_python3_12_site-packages_PyQt6_Qt6_qml_QtQuick_Controls_designer_images["images"]\n    node_venv_lib_python3_12_site-packages_PyQt6_Qt6_qml_QtQuick_Controls_designer_images --> node_venv_lib_python3_12_site-packages_PyQt6_Qt6_qml_QtQuick_Controls_designer_images_dial-icon16_png["dial-icon16.png"]\n    Root --> node_venv["venv"]\n    node_venv --> node_venv_lib["lib"]\n    node_venv_lib --> node_venv_lib_python3_12["python3.12"]\n    node_venv_lib_python3_12 --> node_venv_lib_python3_12_site-packages["site-packages"]\n    node_venv_lib_python3_12_site-packages --> node_venv_lib_python3_12_site-packages_PyQt6["PyQt6"]\n    node_venv_lib_python3_12_site-packages_PyQt6 --> node_venv_lib_python3_12_site-packages_PyQt6_Qt6["Qt6"]\n    node_venv_lib_python3_12_site-packages_PyQt6_Qt6 --> node_venv_lib_python3_12_site-packages_PyQt6_Qt6_qml["qml"]\n    node_venv_lib_python3_12_site-packages_PyQt6_Qt6_qml --> node_venv_lib_python3_12_site-packages_PyQt6_Qt6_qml_QtQuick["QtQuick"]\n    node_venv_lib_python3_12_site-packages_PyQt6_Qt6_qml_QtQuick --> node_venv_lib_python3_12_site-packages_PyQt6_Qt6_qml_QtQuick_Controls["Controls"]\n    node_venv_lib_python3_12_site-packages_PyQt6_Qt6_qml_QtQuick_Controls --> node_venv_lib_python3_12_site-packages_PyQt6_Qt6_qml_QtQuick_Controls_designer["designer"]\n    node_venv_lib_python3_12_site-packages_PyQt6_Qt6_qml_QtQuick_Controls_designer --> node_venv_lib_python3_12_site-packages_PyQt6_Qt6_qml_QtQuick_Controls_designer_images["images"]\n    node_venv_lib_python3_12_site-packages_PyQt6_Qt6_qml_QtQuick_Controls_designer_images --> node_venv_lib_python3_12_site-packages_PyQt6_Qt6_qml_QtQuick_Controls_designer_images_dial-icon@2x_png["dial-icon@2x.png"]\n    Root --> node_venv["venv"]\n    node_venv --> node_venv_lib["lib"]\n    node_venv_lib --> node_venv_lib_python3_12["python3.12"]\n    node_venv_lib_python3_12 --> node_venv_lib_python3_12_site-packages["site-packages"]\n    node_venv_lib_python3_12_site-packages --> node_venv_lib_python3_12_site-packages_PyQt6["PyQt6"]\n    node_venv_lib_python3_12_site-packages_PyQt6 --> node_venv_lib_python3_12_site-packages_PyQt6_Qt6["Qt6"]\n    node_venv_lib_python3_12_site-packages_PyQt6_Qt6 --> node_venv_lib_python3_12_site-packages_PyQt6_Qt6_qml["qml"]\n    node_venv_lib_python3_12_site-packages_PyQt6_Qt6_qml --> node_venv_lib_python3_12_site-packages_PyQt6_Qt6_qml_QtQuick["QtQuick"]\n    node_venv_lib_python3_12_site-packages_PyQt6_Qt6_qml_QtQuick --> node_venv_lib_python3_12_site-packages_PyQt6_Qt6_qml_QtQuick_Controls["Controls"]\n    node_venv_lib_python3_12_site-packages_PyQt6_Qt6_qml_QtQuick_Controls --> node_venv_lib_python3_12_site-packages_PyQt6_Qt6_qml_QtQuick_Controls_designer["designer"]\n    node_venv_lib_python3_12_site-packages_PyQt6_Qt6_qml_QtQuick_Controls_designer --> node_venv_lib_python3_12_site-packages_PyQt6_Qt6_qml_QtQuick_Controls_designer_images["images"]\n    node_venv_lib_python3_12_site-packages_PyQt6_Qt6_qml_QtQuick_Controls_designer_images --> node_venv_lib_python3_12_site-packages_PyQt6_Qt6_qml_QtQuick_Controls_designer_images_frame-icon_png["frame-icon.png"]\n    Root --> node_venv["venv"]\n    node_venv --> node_venv_lib["lib"]\n    node_venv_lib --> node_venv_lib_python3_12["python3.12"]\n    node_venv_lib_python3_12 --> node_venv_lib_python3_12_site-packages["site-packages"]\n    node_venv_lib_python3_12_site-packages --> node_venv_lib_python3_12_site-packages_PyQt6["PyQt6"]\n    node_venv_lib_python3_12_site-packages_PyQt6 --> node_venv_lib_python3_12_site-packages_PyQt6_Qt6["Qt6"]\n    node_venv_lib_python3_12_site-packages_PyQt6_Qt6 --> node_venv_lib_python3_12_site-packages_PyQt6_Qt6_qml["qml"]\n    node_venv_lib_python3_12_site-packages_PyQt6_Qt6_qml --> node_venv_lib_python3_12_site-packages_PyQt6_Qt6_qml_QtQuick["QtQuick"]\n    node_venv_lib_python3_12_site-packages_PyQt6_Qt6_qml_QtQuick --> node_venv_lib_python3_12_site-packages_PyQt6_Qt6_qml_QtQuick_Controls["Controls"]\n    node_venv_lib_python3_12_site-packages_PyQt6_Qt6_qml_QtQuick_Controls --> node_venv_lib_python3_12_site-packages_PyQt6_Qt6_qml_QtQuick_Controls_designer["designer"]\n    node_venv_lib_python3_12_site-packages_PyQt6_Qt6_qml_QtQuick_Controls_designer --> node_venv_lib_python3_12_site-packages_PyQt6_Qt6_qml_QtQuick_Controls_designer_images["images"]\n    node_venv_lib_python3_12_site-packages_PyQt6_Qt6_qml_QtQuick_Controls_designer_images --> node_venv_lib_python3_12_site-packages_PyQt6_Qt6_qml_QtQuick_Controls_designer_images_frame-icon16_png["frame-icon16.png"]\n    Root --> node_venv["venv"]\n    node_venv --> node_venv_lib["lib"]\n    node_venv_lib --> node_venv_lib_python3_12["python3.12"]\n    node_venv_lib_python3_12 --> node_venv_lib_python3_12_site-packages["site-packages"]\n    node_venv_lib_python3_12_site-packages --> node_venv_lib_python3_12_site-packages_PyQt6["PyQt6"]\n    node_venv_lib_python3_12_site-packages_PyQt6 --> node_venv_lib_python3_12_site-packages_PyQt6_Qt6["Qt6"]\n    node_venv_lib_python3_12_site-packages_PyQt6_Qt6 --> node_venv_lib_python3_12_site-packages_PyQt6_Qt6_qml["qml"]\n    node_venv_lib_python3_12_site-packages_PyQt6_Qt6_qml --> node_venv_lib_python3_12_site-packages_PyQt6_Qt6_qml_QtQuick["QtQuick"]\n    node_venv_lib_python3_12_site-packages_PyQt6_Qt6_qml_QtQuick --> node_venv_lib_python3_12_site-packages_PyQt6_Qt6_qml_QtQuick_Controls["Controls"]\n    node_venv_lib_python3_12_site-packages_PyQt6_Qt6_qml_QtQuick_Controls --> node_venv_lib_python3_12_site-packages_PyQt6_Qt6_qml_QtQuick_Controls_designer["designer"]\n    node_venv_lib_python3_12_site-packages_PyQt6_Qt6_qml_QtQuick_Controls_designer --> node_venv_lib_python3_12_site-packages_PyQt6_Qt6_qml_QtQuick_Controls_designer_images["images"]\n    node_venv_lib_python3_12_site-packages_PyQt6_Qt6_qml_QtQuick_Controls_designer_images --> node_venv_lib_python3_12_site-packages_PyQt6_Qt6_qml_QtQuick_Controls_designer_images_frame-icon@2x_png["frame-icon@2x.png"]\n    Root --> node_venv["venv"]\n    node_venv --> node_venv_lib["lib"]\n    node_venv_lib --> node_venv_lib_python3_12["python3.12"]\n    node_venv_lib_python3_12 --> node_venv_lib_python3_12_site-packages["site-packages"]\n    node_venv_lib_python3_12_site-packages --> node_venv_lib_python3_12_site-packages_PyQt6["PyQt6"]\n    node_venv_lib_python3_12_site-packages_PyQt6 --> node_venv_lib_python3_12_site-packages_PyQt6_Qt6["Qt6"]\n    node_venv_lib_python3_12_site-packages_PyQt6_Qt6 --> node_venv_lib_python3_12_site-packages_PyQt6_Qt6_qml["qml"]\n    node_venv_lib_python3_12_site-packages_PyQt6_Qt6_qml --> node_venv_lib_python3_12_site-packages_PyQt6_Qt6_qml_QtQuick["QtQuick"]\n    node_venv_lib_python3_12_site-packages_PyQt6_Qt6_qml_QtQuick --> node_venv_lib_python3_12_site-packages_PyQt6_Qt6_qml_QtQuick_Controls["Controls"]\n    node_venv_lib_python3_12_site-packages_PyQt6_Qt6_qml_QtQuick_Controls --> node_venv_lib_python3_12_site-packages_PyQt6_Qt6_qml_QtQuick_Controls_designer["designer"]\n    node_venv_lib_python3_12_site-packages_PyQt6_Qt6_qml_QtQuick_Controls_designer --> node_venv_lib_python3_12_site-packages_PyQt6_Qt6_qml_QtQuick_Controls_designer_images["images"]\n    node_venv_lib_python3_12_site-packages_PyQt6_Qt6_qml_QtQuick_Controls_designer_images --> node_venv_lib_python3_12_site-packages_PyQt6_Qt6_qml_QtQuick_Controls_designer_images_groupbox-icon_png["groupbox-icon.png"]\n    Root --> node_venv["venv"]\n    node_venv --> node_venv_lib["lib"]\n    node_venv_lib --> node_venv_lib_python3_12["python3.12"]\n    node_venv_lib_python3_12 --> node_venv_lib_python3_12_site-packages["site-packages"]\n    node_venv_lib_python3_12_site-packages --> node_venv_lib_python3_12_site-packages_PyQt6["PyQt6"]\n    node_venv_lib_python3_12_site-packages_PyQt6 --> node_venv_lib_python3_12_site-packages_PyQt6_Qt6["Qt6"]\n    node_venv_lib_python3_12_site-packages_PyQt6_Qt6 --> node_venv_lib_python3_12_site-packages_PyQt6_Qt6_qml["qml"]\n    node_venv_lib_python3_12_site-packages_PyQt6_Qt6_qml --> node_venv_lib_python3_12_site-packages_PyQt6_Qt6_qml_QtQuick["QtQuick"]\n    node_venv_lib_python3_12_site-packages_PyQt6_Qt6_qml_QtQuick --> node_venv_lib_python3_12_site-packages_PyQt6_Qt6_qml_QtQuick_Controls["Controls"]\n    node_venv_lib_python3_12_site-packages_PyQt6_Qt6_qml_QtQuick_Controls --> node_venv_lib_python3_12_site-packages_PyQt6_Qt6_qml_QtQuick_Controls_designer["designer"]\n    node_venv_lib_python3_12_site-packages_PyQt6_Qt6_qml_QtQuick_Controls_designer --> node_venv_lib_python3_12_site-packages_PyQt6_Qt6_qml_QtQuick_Controls_designer_images["images"]\n    node_venv_lib_python3_12_site-packages_PyQt6_Qt6_qml_QtQuick_Controls_designer_images --> node_venv_lib_python3_12_site-packages_PyQt6_Qt6_qml_QtQuick_Controls_designer_images_groupbox-icon16_png["groupbox-icon16.png"]\n    Root --> node_venv["venv"]\n    node_venv --> node_venv_lib["lib"]\n    node_venv_lib --> node_venv_lib_python3_12["python3.12"]\n    node_venv_lib_python3_12 --> node_venv_lib_python3_12_site-packages["site-packages"]\n    node_venv_lib_python3_12_site-packages --> node_venv_lib_python3_12_site-packages_PyQt6["PyQt6"]\n    node_venv_lib_python3_12_site-packages_PyQt6 --> node_venv_lib_python3_12_site-packages_PyQt6_Qt6["Qt6"]\n    node_venv_lib_python3_12_site-packages_PyQt6_Qt6 --> node_venv_lib_python3_12_site-packages_PyQt6_Qt6_qml["qml"]\n    node_venv_lib_python3_12_site-packages_PyQt6_Qt6_qml --> node_venv_lib_python3_12_site-packages_PyQt6_Qt6_qml_QtQuick["QtQuick"]\n    node_venv_lib_python3_12_site-packages_PyQt6_Qt6_qml_QtQuick --> node_venv_lib_python3_12_site-packages_PyQt6_Qt6_qml_QtQuick_Controls["Controls"]\n    node_venv_lib_python3_12_site-packages_PyQt6_Qt6_qml_QtQuick_Controls --> node_venv_lib_python3_12_site-packages_PyQt6_Qt6_qml_QtQuick_Controls_designer["designer"]\n    node_venv_lib_python3_12_site-packages_PyQt6_Qt6_qml_QtQuick_Controls_designer --> node_venv_lib_python3_12_site-packages_PyQt6_Qt6_qml_QtQuick_Controls_designer_images["images"]\n    node_venv_lib_python3_12_site-packages_PyQt6_Qt6_qml_QtQuick_Controls_designer_images --> node_venv_lib_python3_12_site-packages_PyQt6_Qt6_qml_QtQuick_Controls_designer_images_groupbox-icon@2x_png["groupbox-icon@2x.png"]\n    Root --> node_venv["venv"]\n    node_venv --> node_venv_lib["lib"]\n    node_venv_lib --> node_venv_lib_python3_12["python3.12"]\n    node_venv_lib_python3_12 --> node_venv_lib_python3_12_site-packages["site-packages"]\n    node_venv_lib_python3_12_site-packages --> node_venv_lib_python3_12_site-packages_PyQt6["PyQt6"]\n    node_venv_lib_python3_12_site-packages_PyQt6 --> node_venv_lib_python3_12_site-packages_PyQt6_Qt6["Qt6"]\n    node_venv_lib_python3_12_site-packages_PyQt6_Qt6 --> node_venv_lib_python3_12_site-packages_PyQt6_Qt6_qml["qml"]\n    node_venv_lib_python3_12_site-packages_PyQt6_Qt6_qml --> node_venv_lib_python3_12_site-packages_PyQt6_Qt6_qml_QtQuick["QtQuick"]\n    node_venv_lib_python3_12_site-packages_PyQt6_Qt6_qml_QtQuick --> node_venv_lib_python3_12_site-packages_PyQt6_Qt6_qml_QtQuick_Controls["Controls"]\n    node_venv_lib_python3_12_site-packages_PyQt6_Qt6_qml_QtQuick_Controls --> node_venv_lib_python3_12_site-packages_PyQt6_Qt6_qml_QtQuick_Controls_designer["designer"]\n    node_venv_lib_python3_12_site-packages_PyQt6_Qt6_qml_QtQuick_Controls_designer --> node_venv_lib_python3_12_site-packages_PyQt6_Qt6_qml_QtQuick_Controls_designer_images["images"]\n    node_venv_lib_python3_12_site-packages_PyQt6_Qt6_qml_QtQuick_Controls_designer_images --> node_venv_lib_python3_12_site-packages_PyQt6_Qt6_qml_QtQuick_Controls_designer_images_itemdelegate-icon_png["itemdelegate-icon.png"]\n    Root --> node_venv["venv"]\n    node_venv --> node_venv_lib["lib"]\n    node_venv_lib --> node_venv_lib_python3_12["python3.12"]\n    node_venv_lib_python3_12 --> node_venv_lib_python3_12_site-packages["site-packages"]\n    node_venv_lib_python3_12_site-packages --> node_venv_lib_python3_12_site-packages_PyQt6["PyQt6"]\n    node_venv_lib_python3_12_site-packages_PyQt6 --> node_venv_lib_python3_12_site-packages_PyQt6_Qt6["Qt6"]\n    node_venv_lib_python3_12_site-packages_PyQt6_Qt6 --> node_venv_lib_python3_12_site-packages_PyQt6_Qt6_qml["qml"]\n    node_venv_lib_python3_12_site-packages_PyQt6_Qt6_qml --> node_venv_lib_python3_12_site-packages_PyQt6_Qt6_qml_QtQuick["QtQuick"]\n    node_venv_lib_python3_12_site-packages_PyQt6_Qt6_qml_QtQuick --> node_venv_lib_python3_12_site-packages_PyQt6_Qt6_qml_QtQuick_Controls["Controls"]\n    node_venv_lib_python3_12_site-packages_PyQt6_Qt6_qml_QtQuick_Controls --> node_venv_lib_python3_12_site-packages_PyQt6_Qt6_qml_QtQuick_Controls_designer["designer"]\n    node_venv_lib_python3_12_site-packages_PyQt6_Qt6_qml_QtQuick_Controls_designer --> node_venv_lib_python3_12_site-packages_PyQt6_Qt6_qml_QtQuick_Controls_designer_images["images"]\n    node_venv_lib_python3_12_site-packages_PyQt6_Qt6_qml_QtQuick_Controls_designer_images --> node_venv_lib_python3_12_site-packages_PyQt6_Qt6_qml_QtQuick_Controls_designer_images_itemdelegate-icon16_png["itemdelegate-icon16.png"]\n    Root --> node_venv["venv"]\n    node_venv --> node_venv_lib["lib"]\n    node_venv_lib --> node_venv_lib_python3_12["python3.12"]\n    node_venv_lib_python3_12 --> node_venv_lib_python3_12_site-packages["site-packages"]\n    node_venv_lib_python3_12_site-packages --> node_venv_lib_python3_12_site-packages_PyQt6["PyQt6"]\n    node_venv_lib_python3_12_site-packages_PyQt6 --> node_venv_lib_python3_12_site-packages_PyQt6_Qt6["Qt6"]\n    node_venv_lib_python3_12_site-packages_PyQt6_Qt6 --> node_venv_lib_python3_12_site-packages_PyQt6_Qt6_qml["qml"]\n    node_venv_lib_python3_12_site-packages_PyQt6_Qt6_qml --> node_venv_lib_python3_12_site-packages_PyQt6_Qt6_qml_QtQuick["QtQuick"]\n    node_venv_lib_python3_12_site-packages_PyQt6_Qt6_qml_QtQuick --> node_venv_lib_python3_12_site-packages_PyQt6_Qt6_qml_QtQuick_Controls["Controls"]\n    node_venv_lib_python3_12_site-packages_PyQt6_Qt6_qml_QtQuick_Controls --> node_venv_lib_python3_12_site-packages_PyQt6_Qt6_qml_QtQuick_Controls_designer["designer"]\n    node_venv_lib_python3_12_site-packages_PyQt6_Qt6_qml_QtQuick_Controls_designer --> node_venv_lib_python3_12_site-packages_PyQt6_Qt6_qml_QtQuick_Controls_designer_images["images"]\n    node_venv_lib_python3_12_site-packages_PyQt6_Qt6_qml_QtQuick_Controls_designer_images --> node_venv_lib_python3_12_site-packages_PyQt6_Qt6_qml_QtQuick_Controls_designer_images_itemdelegate-icon@2x_png["itemdelegate-icon@2x.png"]\n    Root --> node_venv["venv"]\n    node_venv --> node_venv_lib["lib"]\n    node_venv_lib --> node_venv_lib_python3_12["python3.12"]\n    node_venv_lib_python3_12 --> node_venv_lib_python3_12_site-packages["site-packages"]\n    node_venv_lib_python3_12_site-packages --> node_venv_lib_python3_12_site-packages_PyQt6["PyQt6"]\n    node_venv_lib_python3_12_site-packages_PyQt6 --> node_venv_lib_python3_12_site-packages_PyQt6_Qt6["Qt6"]\n    node_venv_lib_python3_12_site-packages_PyQt6_Qt6 --> node_venv_lib_python3_12_site-packages_PyQt6_Qt6_qml["qml"]\n    node_venv_lib_python3_12_site-packages_PyQt6_Qt6_qml --> node_venv_lib_python3_12_site-packages_PyQt6_Qt6_qml_QtQuick["QtQuick"]\n    node_venv_lib_python3_12_site-packages_PyQt6_Qt6_qml_QtQuick --> node_venv_lib_python3_12_site-packages_PyQt6_Qt6_qml_QtQuick_Controls["Controls"]\n    node_venv_lib_python3_12_site-packages_PyQt6_Qt6_qml_QtQuick_Controls --> node_venv_lib_python3_12_site-packages_PyQt6_Qt6_qml_QtQuick_Controls_designer["designer"]\n    node_venv_lib_python3_12_site-packages_PyQt6_Qt6_qml_QtQuick_Controls_designer --> node_venv_lib_python3_12_site-packages_PyQt6_Qt6_qml_QtQuick_Controls_designer_images["images"]\n    node_venv_lib_python3_12_site-packages_PyQt6_Qt6_qml_QtQuick_Controls_designer_images --> node_venv_lib_python3_12_site-packages_PyQt6_Qt6_qml_QtQuick_Controls_designer_images_label-icon_png["label-icon.png"]\n    Root --> node_venv["venv"]\n    node_venv --> node_venv_lib["lib"]\n    node_venv_lib --> node_venv_lib_python3_12["python3.12"]\n    node_venv_lib_python3_12 --> node_venv_lib_python3_12_site-packages["site-packages"]\n    node_venv_lib_python3_12_site-packages --> node_venv_lib_python3_12_site-packages_PyQt6["PyQt6"]\n    node_venv_lib_python3_12_site-packages_PyQt6 --> node_venv_lib_python3_12_site-packages_PyQt6_Qt6["Qt6"]\n    node_venv_lib_python3_12_site-packages_PyQt6_Qt6 --> node_venv_lib_python3_12_site-packages_PyQt6_Qt6_qml["qml"]\n    node_venv_lib_python3_12_site-packages_PyQt6_Qt6_qml --> node_venv_lib_python3_12_site-packages_PyQt6_Qt6_qml_QtQuick["QtQuick"]\n    node_venv_lib_python3_12_site-packages_PyQt6_Qt6_qml_QtQuick --> node_venv_lib_python3_12_site-packages_PyQt6_Qt6_qml_QtQuick_Controls["Controls"]\n    node_venv_lib_python3_12_site-packages_PyQt6_Qt6_qml_QtQuick_Controls --> node_venv_lib_python3_12_site-packages_PyQt6_Qt6_qml_QtQuick_Controls_designer["designer"]\n    node_venv_lib_python3_12_site-packages_PyQt6_Qt6_qml_QtQuick_Controls_designer --> node_venv_lib_python3_12_site-packages_PyQt6_Qt6_qml_QtQuick_Controls_designer_images["images"]\n    node_venv_lib_python3_12_site-packages_PyQt6_Qt6_qml_QtQuick_Controls_designer_images --> node_venv_lib_python3_12_site-packages_PyQt6_Qt6_qml_QtQuick_Controls_designer_images_label-icon16_png["label-icon16.png"]\n    Root --> node_venv["venv"]\n    node_venv --> node_venv_lib["lib"]\n    node_venv_lib --> node_venv_lib_python3_12["python3.12"]\n    node_venv_lib_python3_12 --> node_venv_lib_python3_12_site-packages["site-packages"]\n    node_venv_lib_python3_12_site-packages --> node_venv_lib_python3_12_site-packages_PyQt6["PyQt6"]\n    node_venv_lib_python3_12_site-packages_PyQt6 --> node_venv_lib_python3_12_site-packages_PyQt6_Qt6["Qt6"]\n    node_venv_lib_python3_12_site-packages_PyQt6_Qt6 --> node_venv_lib_python3_12_site-packages_PyQt6_Qt6_qml["qml"]\n    node_venv_lib_python3_12_site-packages_PyQt6_Qt6_qml --> node_venv_lib_python3_12_site-packages_PyQt6_Qt6_qml_QtQuick["QtQuick"]\n    node_venv_lib_python3_12_site-packages_PyQt6_Qt6_qml_QtQuick --> node_venv_lib_python3_12_site-packages_PyQt6_Qt6_qml_QtQuick_Controls["Controls"]\n    node_venv_lib_python3_12_site-packages_PyQt6_Qt6_qml_QtQuick_Controls --> node_venv_lib_python3_12_site-packages_PyQt6_Qt6_qml_QtQuick_Controls_designer["designer"]\n    node_venv_lib_python3_12_site-packages_PyQt6_Qt6_qml_QtQuick_Controls_designer --> node_venv_lib_python3_12_site-packages_PyQt6_Qt6_qml_QtQuick_Controls_designer_images["images"]\n    node_venv_lib_python3_12_site-packages_PyQt6_Qt6_qml_QtQuick_Controls_designer_images --> node_venv_lib_python3_12_site-packages_PyQt6_Qt6_qml_QtQuick_Controls_designer_images_label-icon@2x_png["label-icon@2x.png"]\n    Root --> node_venv["venv"]\n    node_venv --> node_venv_lib["lib"]\n    node_venv_lib --> node_venv_lib_python3_12["python3.12"]\n    node_venv_lib_python3_12 --> node_venv_lib_python3_12_site-packages["site-packages"]\n    node_venv_lib_python3_12_site-packages --> node_venv_lib_python3_12_site-packages_PyQt6["PyQt6"]\n    node_venv_lib_python3_12_site-packages_PyQt6 --> node_venv_lib_python3_12_site-packages_PyQt6_Qt6["Qt6"]\n    node_venv_lib_python3_12_site-packages_PyQt6_Qt6 --> node_venv_lib_python3_12_site-packages_PyQt6_Qt6_qml["qml"]\n    node_venv_lib_python3_12_site-packages_PyQt6_Qt6_qml --> node_venv_lib_python3_12_site-packages_PyQt6_Qt6_qml_QtQuick["QtQuick"]\n    node_venv_lib_python3_12_site-packages_PyQt6_Qt6_qml_QtQuick --> node_venv_lib_python3_12_site-packages_PyQt6_Qt6_qml_QtQuick_Controls["Controls"]\n    node_venv_lib_python3_12_site-packages_PyQt6_Qt6_qml_QtQuick_Controls --> node_venv_lib_python3_12_site-packages_PyQt6_Qt6_qml_QtQuick_Controls_designer["designer"]\n    node_venv_lib_python3_12_site-packages_PyQt6_Qt6_qml_QtQuick_Controls_designer --> node_venv_lib_python3_12_site-packages_PyQt6_Qt6_qml_QtQuick_Controls_designer_images["images"]\n    node_venv_lib_python3_12_site-packages_PyQt6_Qt6_qml_QtQuick_Controls_designer_images --> node_venv_lib_python3_12_site-packages_PyQt6_Qt6_qml_QtQuick_Controls_designer_images_page-icon_png["page-icon.png"]\n    Root --> node_venv["venv"]\n    node_venv --> node_venv_lib["lib"]\n    node_venv_lib --> node_venv_lib_python3_12["python3.12"]\n    node_venv_lib_python3_12 --> node_venv_lib_python3_12_site-packages["site-packages"]\n    node_venv_lib_python3_12_site-packages --> node_venv_lib_python3_12_site-packages_PyQt6["PyQt6"]\n    node_venv_lib_python3_12_site-packages_PyQt6 --> node_venv_lib_python3_12_site-packages_PyQt6_Qt6["Qt6"]\n    node_venv_lib_python3_12_site-packages_PyQt6_Qt6 --> node_venv_lib_python3_12_site-packages_PyQt6_Qt6_qml["qml"]\n    node_venv_lib_python3_12_site-packages_PyQt6_Qt6_qml --> node_venv_lib_python3_12_site-packages_PyQt6_Qt6_qml_QtQuick["QtQuick"]\n    node_venv_lib_python3_12_site-packages_PyQt6_Qt6_qml_QtQuick --> node_venv_lib_python3_12_site-packages_PyQt6_Qt6_qml_QtQuick_Controls["Controls"]\n    node_venv_lib_python3_12_site-packages_PyQt6_Qt6_qml_QtQuick_Controls --> node_venv_lib_python3_12_site-packages_PyQt6_Qt6_qml_QtQuick_Controls_designer["designer"]\n    node_venv_lib_python3_12_site-packages_PyQt6_Qt6_qml_QtQuick_Controls_designer --> node_venv_lib_python3_12_site-packages_PyQt6_Qt6_qml_QtQuick_Controls_designer_images["images"]\n    node_venv_lib_python3_12_site-packages_PyQt6_Qt6_qml_QtQuick_Controls_designer_images --> node_venv_lib_python3_12_site-packages_PyQt6_Qt6_qml_QtQuick_Controls_designer_images_page-icon16_png["page-icon16.png"]\n    Root --> node_venv["venv"]\n    node_venv --> node_venv_lib["lib"]\n    node_venv_lib --> node_venv_lib_python3_12["python3.12"]\n    node_venv_lib_python3_12 --> node_venv_lib_python3_12_site-packages["site-packages"]\n    node_venv_lib_python3_12_site-packages --> node_venv_lib_python3_12_site-packages_PyQt6["PyQt6"]\n    node_venv_lib_python3_12_site-packages_PyQt6 --> node_venv_lib_python3_12_site-packages_PyQt6_Qt6["Qt6"]\n    node_venv_lib_python3_12_site-packages_PyQt6_Qt6 --> node_venv_lib_python3_12_site-packages_PyQt6_Qt6_qml["qml"]\n    node_venv_lib_python3_12_site-packages_PyQt6_Qt6_qml --> node_venv_lib_python3_12_site-packages_PyQt6_Qt6_qml_QtQuick["QtQuick"]\n    node_venv_lib_python3_12_site-packages_PyQt6_Qt6_qml_QtQuick --> node_venv_lib_python3_12_site-packages_PyQt6_Qt6_qml_QtQuick_Controls["Controls"]\n    node_venv_lib_python3_12_site-packages_PyQt6_Qt6_qml_QtQuick_Controls --> node_venv_lib_python3_12_site-packages_PyQt6_Qt6_qml_QtQuick_Controls_designer["designer"]\n    node_venv_lib_python3_12_site-packages_PyQt6_Qt6_qml_QtQuick_Controls_designer --> node_venv_lib_python3_12_site-packages_PyQt6_Qt6_qml_QtQuick_Controls_designer_images["images"]\n    node_venv_lib_python3_12_site-packages_PyQt6_Qt6_qml_QtQuick_Controls_designer_images --> node_venv_lib_python3_12_site-packages_PyQt6_Qt6_qml_QtQuick_Controls_designer_images_page-icon@2x_png["page-icon@2x.png"]\n    Root --> node_venv["venv"]\n    node_venv --> node_venv_lib["lib"]\n    node_venv_lib --> node_venv_lib_python3_12["python3.12"]\n    node_venv_lib_python3_12 --> node_venv_lib_python3_12_site-packages["site-packages"]\n    node_venv_lib_python3_12_site-packages --> node_venv_lib_python3_12_site-packages_PyQt6["PyQt6"]\n    node_venv_lib_python3_12_site-packages_PyQt6 --> node_venv_lib_python3_12_site-packages_PyQt6_Qt6["Qt6"]\n    node_venv_lib_python3_12_site-packages_PyQt6_Qt6 --> node_venv_lib_python3_12_site-packages_PyQt6_Qt6_qml["qml"]\n    node_venv_lib_python3_12_site-packages_PyQt6_Qt6_qml --> node_venv_lib_python3_12_site-packages_PyQt6_Qt6_qml_QtQuick["QtQuick"]\n    node_venv_lib_python3_12_site-packages_PyQt6_Qt6_qml_QtQuick --> node_venv_lib_python3_12_site-packages_PyQt6_Qt6_qml_QtQuick_Controls["Controls"]\n    node_venv_lib_python3_12_site-packages_PyQt6_Qt6_qml_QtQuick_Controls --> node_venv_lib_python3_12_site-packages_PyQt6_Qt6_qml_QtQuick_Controls_designer["designer"]\n    node_venv_lib_python3_12_site-packages_PyQt6_Qt6_qml_QtQuick_Controls_designer --> node_venv_lib_python3_12_site-packages_PyQt6_Qt6_qml_QtQuick_Controls_designer_images["images"]\n    node_venv_lib_python3_12_site-packages_PyQt6_Qt6_qml_QtQuick_Controls_designer_images --> node_venv_lib_python3_12_site-packages_PyQt6_Qt6_qml_QtQuick_Controls_designer_images_pageindicator-icon_png["pageindicator-icon.png"]\n    Root --> node_venv["venv"]\n    node_venv --> node_venv_lib["lib"]\n    node_venv_lib --> node_venv_lib_python3_12["python3.12"]\n    node_venv_lib_python3_12 --> node_venv_lib_python3_12_site-packages["site-packages"]\n    node_venv_lib_python3_12_site-packages --> node_venv_lib_python3_12_site-packages_PyQt6["PyQt6"]\n    node_venv_lib_python3_12_site-packages_PyQt6 --> node_venv_lib_python3_12_site-packages_PyQt6_Qt6["Qt6"]\n    node_venv_lib_python3_12_site-packages_PyQt6_Qt6 --> node_venv_lib_python3_12_site-packages_PyQt6_Qt6_qml["qml"]\n    node_venv_lib_python3_12_site-packages_PyQt6_Qt6_qml --> node_venv_lib_python3_12_site-packages_PyQt6_Qt6_qml_QtQuick["QtQuick"]\n    node_venv_lib_python3_12_site-packages_PyQt6_Qt6_qml_QtQuick --> node_venv_lib_python3_12_site-packages_PyQt6_Qt6_qml_QtQuick_Controls["Controls"]\n    node_venv_lib_python3_12_site-packages_PyQt6_Qt6_qml_QtQuick_Controls --> node_venv_lib_python3_12_site-packages_PyQt6_Qt6_qml_QtQuick_Controls_designer["designer"]\n    node_venv_lib_python3_12_site-packages_PyQt6_Qt6_qml_QtQuick_Controls_designer --> node_venv_lib_python3_12_site-packages_PyQt6_Qt6_qml_QtQuick_Controls_designer_images["images"]\n    node_venv_lib_python3_12_site-packages_PyQt6_Qt6_qml_QtQuick_Controls_designer_images --> node_venv_lib_python3_12_site-packages_PyQt6_Qt6_qml_QtQuick_Controls_designer_images_pageindicator-icon16_png["pageindicator-icon16.png"]\n    Root --> node_venv["venv"]\n    node_venv --> node_venv_lib["lib"]\n    node_venv_lib --> node_venv_lib_python3_12["python3.12"]\n    node_venv_lib_python3_12 --> node_venv_lib_python3_12_site-packages["site-packages"]\n    node_venv_lib_python3_12_site-packages --> node_venv_lib_python3_12_site-packages_PyQt6["PyQt6"]\n    node_venv_lib_python3_12_site-packages_PyQt6 --> node_venv_lib_python3_12_site-packages_PyQt6_Qt6["Qt6"]\n    node_venv_lib_python3_12_site-packages_PyQt6_Qt6 --> node_venv_lib_python3_12_site-packages_PyQt6_Qt6_qml["qml"]\n    node_venv_lib_python3_12_site-packages_PyQt6_Qt6_qml --> node_venv_lib_python3_12_site-packages_PyQt6_Qt6_qml_QtQuick["QtQuick"]\n    node_venv_lib_python3_12_site-packages_PyQt6_Qt6_qml_QtQuick --> node_venv_lib_python3_12_site-packages_PyQt6_Qt6_qml_QtQuick_Controls["Controls"]\n    node_venv_lib_python3_12_site-packages_PyQt6_Qt6_qml_QtQuick_Controls --> node_venv_lib_python3_12_site-packages_PyQt6_Qt6_qml_QtQuick_Controls_designer["designer"]\n    node_venv_lib_python3_12_site-packages_PyQt6_Qt6_qml_QtQuick_Controls_designer --> node_venv_lib_python3_12_site-packages_PyQt6_Qt6_qml_QtQuick_Controls_designer_images["images"]\n    node_venv_lib_python3_12_site-packages_PyQt6_Qt6_qml_QtQuick_Controls_designer_images --> node_venv_lib_python3_12_site-packages_PyQt6_Qt6_qml_QtQuick_Controls_designer_images_pageindicator-icon@2x_png["pageindicator-icon@2x.png"]\n    Root --> node_venv["venv"]\n    node_venv --> node_venv_lib["lib"]\n    node_venv_lib --> node_venv_lib_python3_12["python3.12"]\n    node_venv_lib_python3_12 --> node_venv_lib_python3_12_site-packages["site-packages"]\n    node_venv_lib_python3_12_site-packages --> node_venv_lib_python3_12_site-packages_PyQt6["PyQt6"]\n    node_venv_lib_python3_12_site-packages_PyQt6 --> node_venv_lib_python3_12_site-packages_PyQt6_Qt6["Qt6"]\n    node_venv_lib_python3_12_site-packages_PyQt6_Qt6 --> node_venv_lib_python3_12_site-packages_PyQt6_Qt6_qml["qml"]\n    node_venv_lib_python3_12_site-packages_PyQt6_Qt6_qml --> node_venv_lib_python3_12_site-packages_PyQt6_Qt6_qml_QtQuick["QtQuick"]\n    node_venv_lib_python3_12_site-packages_PyQt6_Qt6_qml_QtQuick --> node_venv_lib_python3_12_site-packages_PyQt6_Qt6_qml_QtQuick_Controls["Controls"]\n    node_venv_lib_python3_12_site-packages_PyQt6_Qt6_qml_QtQuick_Controls --> node_venv_lib_python3_12_site-packages_PyQt6_Qt6_qml_QtQuick_Controls_designer["designer"]\n    node_venv_lib_python3_12_site-packages_PyQt6_Qt6_qml_QtQuick_Controls_designer --> node_venv_lib_python3_12_site-packages_PyQt6_Qt6_qml_QtQuick_Controls_designer_images["images"]\n    node_venv_lib_python3_12_site-packages_PyQt6_Qt6_qml_QtQuick_Controls_designer_images --> node_venv_lib_python3_12_site-packages_PyQt6_Qt6_qml_QtQuick_Controls_designer_images_pane-icon_png["pane-icon.png"]\n    Root --> node_venv["venv"]\n    node_venv --> node_venv_lib["lib"]\n    node_venv_lib --> node_venv_lib_python3_12["python3.12"]\n    node_venv_lib_python3_12 --> node_venv_lib_python3_12_site-packages["site-packages"]\n    node_venv_lib_python3_12_site-packages --> node_venv_lib_python3_12_site-packages_PyQt6["PyQt6"]\n    node_venv_lib_python3_12_site-packages_PyQt6 --> node_venv_lib_python3_12_site-packages_PyQt6_Qt6["Qt6"]\n    node_venv_lib_python3_12_site-packages_PyQt6_Qt6 --> node_venv_lib_python3_12_site-packages_PyQt6_Qt6_qml["qml"]\n    node_venv_lib_python3_12_site-packages_PyQt6_Qt6_qml --> node_venv_lib_python3_12_site-packages_PyQt6_Qt6_qml_QtQuick["QtQuick"]\n    node_venv_lib_python3_12_site-packages_PyQt6_Qt6_qml_QtQuick --> node_venv_lib_python3_12_site-packages_PyQt6_Qt6_qml_QtQuick_Controls["Controls"]\n    node_venv_lib_python3_12_site-packages_PyQt6_Qt6_qml_QtQuick_Controls --> node_venv_lib_python3_12_site-packages_PyQt6_Qt6_qml_QtQuick_Controls_designer["designer"]\n    node_venv_lib_python3_12_site-packages_PyQt6_Qt6_qml_QtQuick_Controls_designer --> node_venv_lib_python3_12_site-packages_PyQt6_Qt6_qml_QtQuick_Controls_designer_images["images"]\n    node_venv_lib_python3_12_site-packages_PyQt6_Qt6_qml_QtQuick_Controls_designer_images --> node_venv_lib_python3_12_site-packages_PyQt6_Qt6_qml_QtQuick_Controls_designer_images_pane-icon16_png["pane-icon16.png"]\n    Root --> node_venv["venv"]\n    node_venv --> node_venv_lib["lib"]\n    node_venv_lib --> node_venv_lib_python3_12["python3.12"]\n    node_venv_lib_python3_12 --> node_venv_lib_python3_12_site-packages["site-packages"]\n    node_venv_lib_python3_12_site-packages --> node_venv_lib_python3_12_site-packages_PyQt6["PyQt6"]\n    node_venv_lib_python3_12_site-packages_PyQt6 --> node_venv_lib_python3_12_site-packages_PyQt6_Qt6["Qt6"]\n    node_venv_lib_python3_12_site-packages_PyQt6_Qt6 --> node_venv_lib_python3_12_site-packages_PyQt6_Qt6_qml["qml"]\n    node_venv_lib_python3_12_site-packages_PyQt6_Qt6_qml --> node_venv_lib_python3_12_site-packages_PyQt6_Qt6_qml_QtQuick["QtQuick"]\n    node_venv_lib_python3_12_site-packages_PyQt6_Qt6_qml_QtQuick --> node_venv_lib_python3_12_site-packages_PyQt6_Qt6_qml_QtQuick_Controls["Controls"]\n    node_venv_lib_python3_12_site-packages_PyQt6_Qt6_qml_QtQuick_Controls --> node_venv_lib_python3_12_site-packages_PyQt6_Qt6_qml_QtQuick_Controls_designer["designer"]\n    node_venv_lib_python3_12_site-packages_PyQt6_Qt6_qml_QtQuick_Controls_designer --> node_venv_lib_python3_12_site-packages_PyQt6_Qt6_qml_QtQuick_Controls_designer_images["images"]\n    node_venv_lib_python3_12_site-packages_PyQt6_Qt6_qml_QtQuick_Controls_designer_images --> node_venv_lib_python3_12_site-packages_PyQt6_Qt6_qml_QtQuick_Controls_designer_images_pane-icon@2x_png["pane-icon@2x.png"]\n    Root --> node_venv["venv"]\n    node_venv --> node_venv_lib["lib"]\n    node_venv_lib --> node_venv_lib_python3_12["python3.12"]\n    node_venv_lib_python3_12 --> node_venv_lib_python3_12_site-packages["site-packages"]\n    node_venv_lib_python3_12_site-packages --> node_venv_lib_python3_12_site-packages_PyQt6["PyQt6"]\n    node_venv_lib_python3_12_site-packages_PyQt6 --> node_venv_lib_python3_12_site-packages_PyQt6_Qt6["Qt6"]\n    node_venv_lib_python3_12_site-packages_PyQt6_Qt6 --> node_venv_lib_python3_12_site-packages_PyQt6_Qt6_qml["qml"]\n    node_venv_lib_python3_12_site-packages_PyQt6_Qt6_qml --> node_venv_lib_python3_12_site-packages_PyQt6_Qt6_qml_QtQuick["QtQuick"]\n    node_venv_lib_python3_12_site-packages_PyQt6_Qt6_qml_QtQuick --> node_venv_lib_python3_12_site-packages_PyQt6_Qt6_qml_QtQuick_Controls["Controls"]\n    node_venv_lib_python3_12_site-packages_PyQt6_Qt6_qml_QtQuick_Controls --> node_venv_lib_python3_12_site-packages_PyQt6_Qt6_qml_QtQuick_Controls_designer["designer"]\n    node_venv_lib_python3_12_site-packages_PyQt6_Qt6_qml_QtQuick_Controls_designer --> node_venv_lib_python3_12_site-packages_PyQt6_Qt6_qml_QtQuick_Controls_designer_images["images"]\n    node_venv_lib_python3_12_site-packages_PyQt6_Qt6_qml_QtQuick_Controls_designer_images --> node_venv_lib_python3_12_site-packages_PyQt6_Qt6_qml_QtQuick_Controls_designer_images_progressbar-icon_png["progressbar-icon.png"]\n    Root --> node_venv["venv"]\n    node_venv --> node_venv_lib["lib"]\n    node_venv_lib --> node_venv_lib_python3_12["python3.12"]\n    node_venv_lib_python3_12 --> node_venv_lib_python3_12_site-packages["site-packages"]\n    node_venv_lib_python3_12_site-packages --> node_venv_lib_python3_12_site-packages_PyQt6["PyQt6"]\n    node_venv_lib_python3_12_site-packages_PyQt6 --> node_venv_lib_python3_12_site-packages_PyQt6_Qt6["Qt6"]\n    node_venv_lib_python3_12_site-packages_PyQt6_Qt6 --> node_venv_lib_python3_12_site-packages_PyQt6_Qt6_qml["qml"]\n    node_venv_lib_python3_12_site-packages_PyQt6_Qt6_qml --> node_venv_lib_python3_12_site-packages_PyQt6_Qt6_qml_QtQuick["QtQuick"]\n    node_venv_lib_python3_12_site-packages_PyQt6_Qt6_qml_QtQuick --> node_venv_lib_python3_12_site-packages_PyQt6_Qt6_qml_QtQuick_Controls["Controls"]\n    node_venv_lib_python3_12_site-packages_PyQt6_Qt6_qml_QtQuick_Controls --> node_venv_lib_python3_12_site-packages_PyQt6_Qt6_qml_QtQuick_Controls_designer["designer"]\n    node_venv_lib_python3_12_site-packages_PyQt6_Qt6_qml_QtQuick_Controls_designer --> node_venv_lib_python3_12_site-packages_PyQt6_Qt6_qml_QtQuick_Controls_designer_images["images"]\n    node_venv_lib_python3_12_site-packages_PyQt6_Qt6_qml_QtQuick_Controls_designer_images --> node_venv_lib_python3_12_site-packages_PyQt6_Qt6_qml_QtQuick_Controls_designer_images_progressbar-icon16_png["progressbar-icon16.png"]\n    Root --> node_venv["venv"]\n    node_venv --> node_venv_lib["lib"]\n    node_venv_lib --> node_venv_lib_python3_12["python3.12"]\n    node_venv_lib_python3_12 --> node_venv_lib_python3_12_site-packages["site-packages"]\n    node_venv_lib_python3_12_site-packages --> node_venv_lib_python3_12_site-packages_PyQt6["PyQt6"]\n    node_venv_lib_python3_12_site-packages_PyQt6 --> node_venv_lib_python3_12_site-packages_PyQt6_Qt6["Qt6"]\n    node_venv_lib_python3_12_site-packages_PyQt6_Qt6 --> node_venv_lib_python3_12_site-packages_PyQt6_Qt6_qml["qml"]\n    node_venv_lib_python3_12_site-packages_PyQt6_Qt6_qml --> node_venv_lib_python3_12_site-packages_PyQt6_Qt6_qml_QtQuick["QtQuick"]\n    node_venv_lib_python3_12_site-packages_PyQt6_Qt6_qml_QtQuick --> node_venv_lib_python3_12_site-packages_PyQt6_Qt6_qml_QtQuick_Controls["Controls"]\n    node_venv_lib_python3_12_site-packages_PyQt6_Qt6_qml_QtQuick_Controls --> node_venv_lib_python3_12_site-packages_PyQt6_Qt6_qml_QtQuick_Controls_designer["designer"]\n    node_venv_lib_python3_12_site-packages_PyQt6_Qt6_qml_QtQuick_Controls_designer --> node_venv_lib_python3_12_site-packages_PyQt6_Qt6_qml_QtQuick_Controls_designer_images["images"]\n    node_venv_lib_python3_12_site-packages_PyQt6_Qt6_qml_QtQuick_Controls_designer_images --> node_venv_lib_python3_12_site-packages_PyQt6_Qt6_qml_QtQuick_Controls_designer_images_progressbar-icon@2x_png["progressbar-icon@2x.png"]\n    Root --> node_venv["venv"]\n    node_venv --> node_venv_lib["lib"]\n    node_venv_lib --> node_venv_lib_python3_12["python3.12"]\n    node_venv_lib_python3_12 --> node_venv_lib_python3_12_site-packages["site-packages"]\n    node_venv_lib_python3_12_site-packages --> node_venv_lib_python3_12_site-packages_PyQt6["PyQt6"]\n    node_venv_lib_python3_12_site-packages_PyQt6 --> node_venv_lib_python3_12_site-packages_PyQt6_Qt6["Qt6"]\n    node_venv_lib_python3_12_site-packages_PyQt6_Qt6 --> node_venv_lib_python3_12_site-packages_PyQt6_Qt6_qml["qml"]\n    node_venv_lib_python3_12_site-packages_PyQt6_Qt6_qml --> node_venv_lib_python3_12_site-packages_PyQt6_Qt6_qml_QtQuick["QtQuick"]\n    node_venv_lib_python3_12_site-packages_PyQt6_Qt6_qml_QtQuick --> node_venv_lib_python3_12_site-packages_PyQt6_Qt6_qml_QtQuick_Controls["Controls"]\n    node_venv_lib_python3_12_site-packages_PyQt6_Qt6_qml_QtQuick_Controls --> node_venv_lib_python3_12_site-packages_PyQt6_Qt6_qml_QtQuick_Controls_designer["designer"]\n    node_venv_lib_python3_12_site-packages_PyQt6_Qt6_qml_QtQuick_Controls_designer --> node_venv_lib_python3_12_site-packages_PyQt6_Qt6_qml_QtQuick_Controls_designer_images["images"]\n    node_venv_lib_python3_12_site-packages_PyQt6_Qt6_qml_QtQuick_Controls_designer_images --> node_venv_lib_python3_12_site-packages_PyQt6_Qt6_qml_QtQuick_Controls_designer_images_radiobutton-icon_png["radiobutton-icon.png"]\n    Root --> node_venv["venv"]\n    node_venv --> node_venv_lib["lib"]\n    node_venv_lib --> node_venv_lib_python3_12["python3.12"]\n    node_venv_lib_python3_12 --> node_venv_lib_python3_12_site-packages["site-packages"]\n    node_venv_lib_python3_12_site-packages --> node_venv_lib_python3_12_site-packages_PyQt6["PyQt6"]\n    node_venv_lib_python3_12_site-packages_PyQt6 --> node_venv_lib_python3_12_site-packages_PyQt6_Qt6["Qt6"]\n    node_venv_lib_python3_12_site-packages_PyQt6_Qt6 --> node_venv_lib_python3_12_site-packages_PyQt6_Qt6_qml["qml"]\n    node_venv_lib_python3_12_site-packages_PyQt6_Qt6_qml --> node_venv_lib_python3_12_site-packages_PyQt6_Qt6_qml_QtQuick["QtQuick"]\n    node_venv_lib_python3_12_site-packages_PyQt6_Qt6_qml_QtQuick --> node_venv_lib_python3_12_site-packages_PyQt6_Qt6_qml_QtQuick_Controls["Controls"]\n    node_venv_lib_python3_12_site-packages_PyQt6_Qt6_qml_QtQuick_Controls --> node_venv_lib_python3_12_site-packages_PyQt6_Qt6_qml_QtQuick_Controls_designer["designer"]\n    node_venv_lib_python3_12_site-packages_PyQt6_Qt6_qml_QtQuick_Controls_designer --> node_venv_lib_python3_12_site-packages_PyQt6_Qt6_qml_QtQuick_Controls_designer_images["images"]\n    node_venv_lib_python3_12_site-packages_PyQt6_Qt6_qml_QtQuick_Controls_designer_images --> node_venv_lib_python3_12_site-packages_PyQt6_Qt6_qml_QtQuick_Controls_designer_images_radiobutton-icon16_png["radiobutton-icon16.png"]\n    Root --> node_venv["venv"]\n    node_venv --> node_venv_lib["lib"]\n    node_venv_lib --> node_venv_lib_python3_12["python3.12"]\n    node_venv_lib_python3_12 --> node_venv_lib_python3_12_site-packages["site-packages"]\n    node_venv_lib_python3_12_site-packages --> node_venv_lib_python3_12_site-packages_PyQt6["PyQt6"]\n    node_venv_lib_python3_12_site-packages_PyQt6 --> node_venv_lib_python3_12_site-packages_PyQt6_Qt6["Qt6"]\n    node_venv_lib_python3_12_site-packages_PyQt6_Qt6 --> node_venv_lib_python3_12_site-packages_PyQt6_Qt6_qml["qml"]\n    node_venv_lib_python3_12_site-packages_PyQt6_Qt6_qml --> node_venv_lib_python3_12_site-packages_PyQt6_Qt6_qml_QtQuick["QtQuick"]\n    node_venv_lib_python3_12_site-packages_PyQt6_Qt6_qml_QtQuick --> node_venv_lib_python3_12_site-packages_PyQt6_Qt6_qml_QtQuick_Controls["Controls"]\n    node_venv_lib_python3_12_site-packages_PyQt6_Qt6_qml_QtQuick_Controls --> node_venv_lib_python3_12_site-packages_PyQt6_Qt6_qml_QtQuick_Controls_designer["designer"]\n    node_venv_lib_python3_12_site-packages_PyQt6_Qt6_qml_QtQuick_Controls_designer --> node_venv_lib_python3_12_site-packages_PyQt6_Qt6_qml_QtQuick_Controls_designer_images["images"]\n    node_venv_lib_python3_12_site-packages_PyQt6_Qt6_qml_QtQuick_Controls_designer_images --> node_venv_lib_python3_12_site-packages_PyQt6_Qt6_qml_QtQuick_Controls_designer_images_radiobutton-icon@2x_png["radiobutton-icon@2x.png"]\n    Root --> node_venv["venv"]\n    node_venv --> node_venv_lib["lib"]\n    node_venv_lib --> node_venv_lib_python3_12["python3.12"]\n    node_venv_lib_python3_12 --> node_venv_lib_python3_12_site-packages["site-packages"]\n    node_venv_lib_python3_12_site-packages --> node_venv_lib_python3_12_site-packages_PyQt6["PyQt6"]\n    node_venv_lib_python3_12_site-packages_PyQt6 --> node_venv_lib_python3_12_site-packages_PyQt6_Qt6["Qt6"]\n    node_venv_lib_python3_12_site-packages_PyQt6_Qt6 --> node_venv_lib_python3_12_site-packages_PyQt6_Qt6_qml["qml"]\n    node_venv_lib_python3_12_site-packages_PyQt6_Qt6_qml --> node_venv_lib_python3_12_site-packages_PyQt6_Qt6_qml_QtQuick["QtQuick"]\n    node_venv_lib_python3_12_site-packages_PyQt6_Qt6_qml_QtQuick --> node_venv_lib_python3_12_site-packages_PyQt6_Qt6_qml_QtQuick_Controls["Controls"]\n    node_venv_lib_python3_12_site-packages_PyQt6_Qt6_qml_QtQuick_Controls --> node_venv_lib_python3_12_site-packages_PyQt6_Qt6_qml_QtQuick_Controls_designer["designer"]\n    node_venv_lib_python3_12_site-packages_PyQt6_Qt6_qml_QtQuick_Controls_designer --> node_venv_lib_python3_12_site-packages_PyQt6_Qt6_qml_QtQuick_Controls_designer_images["images"]\n    node_venv_lib_python3_12_site-packages_PyQt6_Qt6_qml_QtQuick_Controls_designer_images --> node_venv_lib_python3_12_site-packages_PyQt6_Qt6_qml_QtQuick_Controls_designer_images_rangeslider-icon_png["rangeslider-icon.png"]\n    Root --> node_venv["venv"]\n    node_venv --> node_venv_lib["lib"]\n    node_venv_lib --> node_venv_lib_python3_12["python3.12"]\n    node_venv_lib_python3_12 --> node_venv_lib_python3_12_site-packages["site-packages"]\n    node_venv_lib_python3_12_site-packages --> node_venv_lib_python3_12_site-packages_PyQt6["PyQt6"]\n    node_venv_lib_python3_12_site-packages_PyQt6 --> node_venv_lib_python3_12_site-packages_PyQt6_Qt6["Qt6"]\n    node_venv_lib_python3_12_site-packages_PyQt6_Qt6 --> node_venv_lib_python3_12_site-packages_PyQt6_Qt6_qml["qml"]\n    node_venv_lib_python3_12_site-packages_PyQt6_Qt6_qml --> node_venv_lib_python3_12_site-packages_PyQt6_Qt6_qml_QtQuick["QtQuick"]\n    node_venv_lib_python3_12_site-packages_PyQt6_Qt6_qml_QtQuick --> node_venv_lib_python3_12_site-packages_PyQt6_Qt6_qml_QtQuick_Controls["Controls"]\n    node_venv_lib_python3_12_site-packages_PyQt6_Qt6_qml_QtQuick_Controls --> node_venv_lib_python3_12_site-packages_PyQt6_Qt6_qml_QtQuick_Controls_designer["designer"]\n    node_venv_lib_python3_12_site-packages_PyQt6_Qt6_qml_QtQuick_Controls_designer --> node_venv_lib_python3_12_site-packages_PyQt6_Qt6_qml_QtQuick_Controls_designer_images["images"]\n    node_venv_lib_python3_12_site-packages_PyQt6_Qt6_qml_QtQuick_Controls_designer_images --> node_venv_lib_python3_12_site-packages_PyQt6_Qt6_qml_QtQuick_Controls_designer_images_rangeslider-icon16_png["rangeslider-icon16.png"]\n    Root --> node_venv["venv"]\n    node_venv --> node_venv_lib["lib"]\n    node_venv_lib --> node_venv_lib_python3_12["python3.12"]\n    node_venv_lib_python3_12 --> node_venv_lib_python3_12_site-packages["site-packages"]\n    node_venv_lib_python3_12_site-packages --> node_venv_lib_python3_12_site-packages_PyQt6["PyQt6"]\n    node_venv_lib_python3_12_site-packages_PyQt6 --> node_venv_lib_python3_12_site-packages_PyQt6_Qt6["Qt6"]\n    node_venv_lib_python3_12_site-packages_PyQt6_Qt6 --> node_venv_lib_python3_12_site-packages_PyQt6_Qt6_qml["qml"]\n    node_venv_lib_python3_12_site-packages_PyQt6_Qt6_qml --> node_venv_lib_python3_12_site-packages_PyQt6_Qt6_qml_QtQuick["QtQuick"]\n    node_venv_lib_python3_12_site-packages_PyQt6_Qt6_qml_QtQuick --> node_venv_lib_python3_12_site-packages_PyQt6_Qt6_qml_QtQuick_Controls["Controls"]\n    node_venv_lib_python3_12_site-packages_PyQt6_Qt6_qml_QtQuick_Controls --> node_venv_lib_python3_12_site-packages_PyQt6_Qt6_qml_QtQuick_Controls_designer["designer"]\n    node_venv_lib_python3_12_site-packages_PyQt6_Qt6_qml_QtQuick_Controls_designer --> node_venv_lib_python3_12_site-packages_PyQt6_Qt6_qml_QtQuick_Controls_designer_images["images"]\n    node_venv_lib_python3_12_site-packages_PyQt6_Qt6_qml_QtQuick_Controls_designer_images --> node_venv_lib_python3_12_site-packages_PyQt6_Qt6_qml_QtQuick_Controls_designer_images_rangeslider-icon@2x_png["rangeslider-icon@2x.png"]\n    Root --> node_venv["venv"]\n    node_venv --> node_venv_lib["lib"]\n    node_venv_lib --> node_venv_lib_python3_12["python3.12"]\n    node_venv_lib_python3_12 --> node_venv_lib_python3_12_site-packages["site-packages"]\n    node_venv_lib_python3_12_site-packages --> node_venv_lib_python3_12_site-packages_PyQt6["PyQt6"]\n    node_venv_lib_python3_12_site-packages_PyQt6 --> node_venv_lib_python3_12_site-packages_PyQt6_Qt6["Qt6"]\n    node_venv_lib_python3_12_site-packages_PyQt6_Qt6 --> node_venv_lib_python3_12_site-packages_PyQt6_Qt6_qml["qml"]\n    node_venv_lib_python3_12_site-packages_PyQt6_Qt6_qml --> node_venv_lib_python3_12_site-packages_PyQt6_Qt6_qml_QtQuick["QtQuick"]\n    node_venv_lib_python3_12_site-packages_PyQt6_Qt6_qml_QtQuick --> node_venv_lib_python3_12_site-packages_PyQt6_Qt6_qml_QtQuick_Controls["Controls"]\n    node_venv_lib_python3_12_site-packages_PyQt6_Qt6_qml_QtQuick_Controls --> node_venv_lib_python3_12_site-packages_PyQt6_Qt6_qml_QtQuick_Controls_designer["designer"]\n    node_venv_lib_python3_12_site-packages_PyQt6_Qt6_qml_QtQuick_Controls_designer --> node_venv_lib_python3_12_site-packages_PyQt6_Qt6_qml_QtQuick_Controls_designer_images["images"]\n    node_venv_lib_python3_12_site-packages_PyQt6_Qt6_qml_QtQuick_Controls_designer_images --> node_venv_lib_python3_12_site-packages_PyQt6_Qt6_qml_QtQuick_Controls_designer_images_roundbutton-icon_png["roundbutton-icon.png"]\n    Root --> node_venv["venv"]\n    node_venv --> node_venv_lib["lib"]\n    node_venv_lib --> node_venv_lib_python3_12["python3.12"]\n    node_venv_lib_python3_12 --> node_venv_lib_python3_12_site-packages["site-packages"]\n    node_venv_lib_python3_12_site-packages --> node_venv_lib_python3_12_site-packages_PyQt6["PyQt6"]\n    node_venv_lib_python3_12_site-packages_PyQt6 --> node_venv_lib_python3_12_site-packages_PyQt6_Qt6["Qt6"]\n    node_venv_lib_python3_12_site-packages_PyQt6_Qt6 --> node_venv_lib_python3_12_site-packages_PyQt6_Qt6_qml["qml"]\n    node_venv_lib_python3_12_site-packages_PyQt6_Qt6_qml --> node_venv_lib_python3_12_site-packages_PyQt6_Qt6_qml_QtQuick["QtQuick"]\n    node_venv_lib_python3_12_site-packages_PyQt6_Qt6_qml_QtQuick --> node_venv_lib_python3_12_site-packages_PyQt6_Qt6_qml_QtQuick_Controls["Controls"]\n    node_venv_lib_python3_12_site-packages_PyQt6_Qt6_qml_QtQuick_Controls --> node_venv_lib_python3_12_site-packages_PyQt6_Qt6_qml_QtQuick_Controls_designer["designer"]\n    node_venv_lib_python3_12_site-packages_PyQt6_Qt6_qml_QtQuick_Controls_designer --> node_venv_lib_python3_12_site-packages_PyQt6_Qt6_qml_QtQuick_Controls_designer_images["images"]\n    node_venv_lib_python3_12_site-packages_PyQt6_Qt6_qml_QtQuick_Controls_designer_images --> node_venv_lib_python3_12_site-packages_PyQt6_Qt6_qml_QtQuick_Controls_designer_images_roundbutton-icon16_png["roundbutton-icon16.png"]\n    Root --> node_venv["venv"]\n    node_venv --> node_venv_lib["lib"]\n    node_venv_lib --> node_venv_lib_python3_12["python3.12"]\n    node_venv_lib_python3_12 --> node_venv_lib_python3_12_site-packages["site-packages"]\n    node_venv_lib_python3_12_site-packages --> node_venv_lib_python3_12_site-packages_PyQt6["PyQt6"]\n    node_venv_lib_python3_12_site-packages_PyQt6 --> node_venv_lib_python3_12_site-packages_PyQt6_Qt6["Qt6"]\n    node_venv_lib_python3_12_site-packages_PyQt6_Qt6 --> node_venv_lib_python3_12_site-packages_PyQt6_Qt6_qml["qml"]\n    node_venv_lib_python3_12_site-packages_PyQt6_Qt6_qml --> node_venv_lib_python3_12_site-packages_PyQt6_Qt6_qml_QtQuick["QtQuick"]\n    node_venv_lib_python3_12_site-packages_PyQt6_Qt6_qml_QtQuick --> node_venv_lib_python3_12_site-packages_PyQt6_Qt6_qml_QtQuick_Controls["Controls"]\n    node_venv_lib_python3_12_site-packages_PyQt6_Qt6_qml_QtQuick_Controls --> node_venv_lib_python3_12_site-packages_PyQt6_Qt6_qml_QtQuick_Controls_designer["designer"]\n    node_venv_lib_python3_12_site-packages_PyQt6_Qt6_qml_QtQuick_Controls_designer --> node_venv_lib_python3_12_site-packages_PyQt6_Qt6_qml_QtQuick_Controls_designer_images["images"]\n    node_venv_lib_python3_12_site-packages_PyQt6_Qt6_qml_QtQuick_Controls_designer_images --> node_venv_lib_python3_12_site-packages_PyQt6_Qt6_qml_QtQuick_Controls_designer_images_roundbutton-icon@2x_png["roundbutton-icon@2x.png"]\n    Root --> node_venv["venv"]\n    node_venv --> node_venv_lib["lib"]\n    node_venv_lib --> node_venv_lib_python3_12["python3.12"]\n    node_venv_lib_python3_12 --> node_venv_lib_python3_12_site-packages["site-packages"]\n    node_venv_lib_python3_12_site-packages --> node_venv_lib_python3_12_site-packages_PyQt6["PyQt6"]\n    node_venv_lib_python3_12_site-packages_PyQt6 --> node_venv_lib_python3_12_site-packages_PyQt6_Qt6["Qt6"]\n    node_venv_lib_python3_12_site-packages_PyQt6_Qt6 --> node_venv_lib_python3_12_site-packages_PyQt6_Qt6_qml["qml"]\n    node_venv_lib_python3_12_site-packages_PyQt6_Qt6_qml --> node_venv_lib_python3_12_site-packages_PyQt6_Qt6_qml_QtQuick["QtQuick"]\n    node_venv_lib_python3_12_site-packages_PyQt6_Qt6_qml_QtQuick --> node_venv_lib_python3_12_site-packages_PyQt6_Qt6_qml_QtQuick_Controls["Controls"]\n    node_venv_lib_python3_12_site-packages_PyQt6_Qt6_qml_QtQuick_Controls --> node_venv_lib_python3_12_site-packages_PyQt6_Qt6_qml_QtQuick_Controls_designer["designer"]\n    node_venv_lib_python3_12_site-packages_PyQt6_Qt6_qml_QtQuick_Controls_designer --> node_venv_lib_python3_12_site-packages_PyQt6_Qt6_qml_QtQuick_Controls_designer_images["images"]\n    node_venv_lib_python3_12_site-packages_PyQt6_Qt6_qml_QtQuick_Controls_designer_images --> node_venv_lib_python3_12_site-packages_PyQt6_Qt6_qml_QtQuick_Controls_designer_images_scrollview-icon_png["scrollview-icon.png"]\n    Root --> node_venv["venv"]\n    node_venv --> node_venv_lib["lib"]\n    node_venv_lib --> node_venv_lib_python3_12["python3.12"]\n    node_venv_lib_python3_12 --> node_venv_lib_python3_12_site-packages["site-packages"]\n    node_venv_lib_python3_12_site-packages --> node_venv_lib_python3_12_site-packages_PyQt6["PyQt6"]\n    node_venv_lib_python3_12_site-packages_PyQt6 --> node_venv_lib_python3_12_site-packages_PyQt6_Qt6["Qt6"]\n    node_venv_lib_python3_12_site-packages_PyQt6_Qt6 --> node_venv_lib_python3_12_site-packages_PyQt6_Qt6_qml["qml"]\n    node_venv_lib_python3_12_site-packages_PyQt6_Qt6_qml --> node_venv_lib_python3_12_site-packages_PyQt6_Qt6_qml_QtQuick["QtQuick"]\n    node_venv_lib_python3_12_site-packages_PyQt6_Qt6_qml_QtQuick --> node_venv_lib_python3_12_site-packages_PyQt6_Qt6_qml_QtQuick_Controls["Controls"]\n    node_venv_lib_python3_12_site-packages_PyQt6_Qt6_qml_QtQuick_Controls --> node_venv_lib_python3_12_site-packages_PyQt6_Qt6_qml_QtQuick_Controls_designer["designer"]\n    node_venv_lib_python3_12_site-packages_PyQt6_Qt6_qml_QtQuick_Controls_designer --> node_venv_lib_python3_12_site-packages_PyQt6_Qt6_qml_QtQuick_Controls_designer_images["images"]\n    node_venv_lib_python3_12_site-packages_PyQt6_Qt6_qml_QtQuick_Controls_designer_images --> node_venv_lib_python3_12_site-packages_PyQt6_Qt6_qml_QtQuick_Controls_designer_images_scrollview-icon16_png["scrollview-icon16.png"]\n    Root --> node_venv["venv"]\n    node_venv --> node_venv_lib["lib"]\n    node_venv_lib --> node_venv_lib_python3_12["python3.12"]\n    node_venv_lib_python3_12 --> node_venv_lib_python3_12_site-packages["site-packages"]\n    node_venv_lib_python3_12_site-packages --> node_venv_lib_python3_12_site-packages_PyQt6["PyQt6"]\n    node_venv_lib_python3_12_site-packages_PyQt6 --> node_venv_lib_python3_12_site-packages_PyQt6_Qt6["Qt6"]\n    node_venv_lib_python3_12_site-packages_PyQt6_Qt6 --> node_venv_lib_python3_12_site-packages_PyQt6_Qt6_qml["qml"]\n    node_venv_lib_python3_12_site-packages_PyQt6_Qt6_qml --> node_venv_lib_python3_12_site-packages_PyQt6_Qt6_qml_QtQuick["QtQuick"]\n    node_venv_lib_python3_12_site-packages_PyQt6_Qt6_qml_QtQuick --> node_venv_lib_python3_12_site-packages_PyQt6_Qt6_qml_QtQuick_Controls["Controls"]\n    node_venv_lib_python3_12_site-packages_PyQt6_Qt6_qml_QtQuick_Controls --> node_venv_lib_python3_12_site-packages_PyQt6_Qt6_qml_QtQuick_Controls_designer["designer"]\n    node_venv_lib_python3_12_site-packages_PyQt6_Qt6_qml_QtQuick_Controls_designer --> node_venv_lib_python3_12_site-packages_PyQt6_Qt6_qml_QtQuick_Controls_designer_images["images"]\n    node_venv_lib_python3_12_site-packages_PyQt6_Qt6_qml_QtQuick_Controls_designer_images --> node_venv_lib_python3_12_site-packages_PyQt6_Qt6_qml_QtQuick_Controls_designer_images_scrollview-icon@2x_png["scrollview-icon@2x.png"]\n    Root --> node_venv["venv"]\n    node_venv --> node_venv_lib["lib"]\n    node_venv_lib --> node_venv_lib_python3_12["python3.12"]\n    node_venv_lib_python3_12 --> node_venv_lib_python3_12_site-packages["site-packages"]\n    node_venv_lib_python3_12_site-packages --> node_venv_lib_python3_12_site-packages_PyQt6["PyQt6"]\n    node_venv_lib_python3_12_site-packages_PyQt6 --> node_venv_lib_python3_12_site-packages_PyQt6_Qt6["Qt6"]\n    node_venv_lib_python3_12_site-packages_PyQt6_Qt6 --> node_venv_lib_python3_12_site-packages_PyQt6_Qt6_qml["qml"]\n    node_venv_lib_python3_12_site-packages_PyQt6_Qt6_qml --> node_venv_lib_python3_12_site-packages_PyQt6_Qt6_qml_QtQuick["QtQuick"]\n    node_venv_lib_python3_12_site-packages_PyQt6_Qt6_qml_QtQuick --> node_venv_lib_python3_12_site-packages_PyQt6_Qt6_qml_QtQuick_Controls["Controls"]\n    node_venv_lib_python3_12_site-packages_PyQt6_Qt6_qml_QtQuick_Controls --> node_venv_lib_python3_12_site-packages_PyQt6_Qt6_qml_QtQuick_Controls_designer["designer"]\n    node_venv_lib_python3_12_site-packages_PyQt6_Qt6_qml_QtQuick_Controls_designer --> node_venv_lib_python3_12_site-packages_PyQt6_Qt6_qml_QtQuick_Controls_designer_images["images"]\n    node_venv_lib_python3_12_site-packages_PyQt6_Qt6_qml_QtQuick_Controls_designer_images --> node_venv_lib_python3_12_site-packages_PyQt6_Qt6_qml_QtQuick_Controls_designer_images_slider-icon_png["slider-icon.png"]\n    Root --> node_venv["venv"]\n    node_venv --> node_venv_lib["lib"]\n    node_venv_lib --> node_venv_lib_python3_12["python3.12"]\n    node_venv_lib_python3_12 --> node_venv_lib_python3_12_site-packages["site-packages"]\n    node_venv_lib_python3_12_site-packages --> node_venv_lib_python3_12_site-packages_PyQt6["PyQt6"]\n    node_venv_lib_python3_12_site-packages_PyQt6 --> node_venv_lib_python3_12_site-packages_PyQt6_Qt6["Qt6"]\n    node_venv_lib_python3_12_site-packages_PyQt6_Qt6 --> node_venv_lib_python3_12_site-packages_PyQt6_Qt6_qml["qml"]\n    node_venv_lib_python3_12_site-packages_PyQt6_Qt6_qml --> node_venv_lib_python3_12_site-packages_PyQt6_Qt6_qml_QtQuick["QtQuick"]\n    node_venv_lib_python3_12_site-packages_PyQt6_Qt6_qml_QtQuick --> node_venv_lib_python3_12_site-packages_PyQt6_Qt6_qml_QtQuick_Controls["Controls"]\n    node_venv_lib_python3_12_site-packages_PyQt6_Qt6_qml_QtQuick_Controls --> node_venv_lib_python3_12_site-packages_PyQt6_Qt6_qml_QtQuick_Controls_designer["designer"]\n    node_venv_lib_python3_12_site-packages_PyQt6_Qt6_qml_QtQuick_Controls_designer --> node_venv_lib_python3_12_site-packages_PyQt6_Qt6_qml_QtQuick_Controls_designer_images["images"]\n    node_venv_lib_python3_12_site-packages_PyQt6_Qt6_qml_QtQuick_Controls_designer_images --> node_venv_lib_python3_12_site-packages_PyQt6_Qt6_qml_QtQuick_Controls_designer_images_slider-icon16_png["slider-icon16.png"]\n    Root --> node_venv["venv"]\n    node_venv --> node_venv_lib["lib"]\n    node_venv_lib --> node_venv_lib_python3_12["python3.12"]\n    node_venv_lib_python3_12 --> node_venv_lib_python3_12_site-packages["site-packages"]\n    node_venv_lib_python3_12_site-packages --> node_venv_lib_python3_12_site-packages_PyQt6["PyQt6"]\n    node_venv_lib_python3_12_site-packages_PyQt6 --> node_venv_lib_python3_12_site-packages_PyQt6_Qt6["Qt6"]\n    node_venv_lib_python3_12_site-packages_PyQt6_Qt6 --> node_venv_lib_python3_12_site-packages_PyQt6_Qt6_qml["qml"]\n    node_venv_lib_python3_12_site-packages_PyQt6_Qt6_qml --> node_venv_lib_python3_12_site-packages_PyQt6_Qt6_qml_QtQuick["QtQuick"]\n    node_venv_lib_python3_12_site-packages_PyQt6_Qt6_qml_QtQuick --> node_venv_lib_python3_12_site-packages_PyQt6_Qt6_qml_QtQuick_Controls["Controls"]\n    node_venv_lib_python3_12_site-packages_PyQt6_Qt6_qml_QtQuick_Controls --> node_venv_lib_python3_12_site-packages_PyQt6_Qt6_qml_QtQuick_Controls_designer["designer"]\n    node_venv_lib_python3_12_site-packages_PyQt6_Qt6_qml_QtQuick_Controls_designer --> node_venv_lib_python3_12_site-packages_PyQt6_Qt6_qml_QtQuick_Controls_designer_images["images"]\n    node_venv_lib_python3_12_site-packages_PyQt6_Qt6_qml_QtQuick_Controls_designer_images --> node_venv_lib_python3_12_site-packages_PyQt6_Qt6_qml_QtQuick_Controls_designer_images_slider-icon@2x_png["slider-icon@2x.png"]\n    Root --> node_venv["venv"]\n    node_venv --> node_venv_lib["lib"]\n    node_venv_lib --> node_venv_lib_python3_12["python3.12"]\n    node_venv_lib_python3_12 --> node_venv_lib_python3_12_site-packages["site-packages"]\n    node_venv_lib_python3_12_site-packages --> node_venv_lib_python3_12_site-packages_PyQt6["PyQt6"]\n    node_venv_lib_python3_12_site-packages_PyQt6 --> node_venv_lib_python3_12_site-packages_PyQt6_Qt6["Qt6"]\n    node_venv_lib_python3_12_site-packages_PyQt6_Qt6 --> node_venv_lib_python3_12_site-packages_PyQt6_Qt6_qml["qml"]\n    node_venv_lib_python3_12_site-packages_PyQt6_Qt6_qml --> node_venv_lib_python3_12_site-packages_PyQt6_Qt6_qml_QtQuick["QtQuick"]\n    node_venv_lib_python3_12_site-packages_PyQt6_Qt6_qml_QtQuick --> node_venv_lib_python3_12_site-packages_PyQt6_Qt6_qml_QtQuick_Controls["Controls"]\n    node_venv_lib_python3_12_site-packages_PyQt6_Qt6_qml_QtQuick_Controls --> node_venv_lib_python3_12_site-packages_PyQt6_Qt6_qml_QtQuick_Controls_designer["designer"]\n    node_venv_lib_python3_12_site-packages_PyQt6_Qt6_qml_QtQuick_Controls_designer --> node_venv_lib_python3_12_site-packages_PyQt6_Qt6_qml_QtQuick_Controls_designer_images["images"]\n    node_venv_lib_python3_12_site-packages_PyQt6_Qt6_qml_QtQuick_Controls_designer_images --> node_venv_lib_python3_12_site-packages_PyQt6_Qt6_qml_QtQuick_Controls_designer_images_spinbox-icon_png["spinbox-icon.png"]\n    Root --> node_venv["venv"]\n    node_venv --> node_venv_lib["lib"]\n    node_venv_lib --> node_venv_lib_python3_12["python3.12"]\n    node_venv_lib_python3_12 --> node_venv_lib_python3_12_site-packages["site-packages"]\n    node_venv_lib_python3_12_site-packages --> node_venv_lib_python3_12_site-packages_PyQt6["PyQt6"]\n    node_venv_lib_python3_12_site-packages_PyQt6 --> node_venv_lib_python3_12_site-packages_PyQt6_Qt6["Qt6"]\n    node_venv_lib_python3_12_site-packages_PyQt6_Qt6 --> node_venv_lib_python3_12_site-packages_PyQt6_Qt6_qml["qml"]\n    node_venv_lib_python3_12_site-packages_PyQt6_Qt6_qml --> node_venv_lib_python3_12_site-packages_PyQt6_Qt6_qml_QtQuick["QtQuick"]\n    node_venv_lib_python3_12_site-packages_PyQt6_Qt6_qml_QtQuick --> node_venv_lib_python3_12_site-packages_PyQt6_Qt6_qml_QtQuick_Controls["Controls"]\n    node_venv_lib_python3_12_site-packages_PyQt6_Qt6_qml_QtQuick_Controls --> node_venv_lib_python3_12_site-packages_PyQt6_Qt6_qml_QtQuick_Controls_designer["designer"]\n    node_venv_lib_python3_12_site-packages_PyQt6_Qt6_qml_QtQuick_Controls_designer --> node_venv_lib_python3_12_site-packages_PyQt6_Qt6_qml_QtQuick_Controls_designer_images["images"]\n    node_venv_lib_python3_12_site-packages_PyQt6_Qt6_qml_QtQuick_Controls_designer_images --> node_venv_lib_python3_12_site-packages_PyQt6_Qt6_qml_QtQuick_Controls_designer_images_spinbox-icon16_png["spinbox-icon16.png"]\n    Root --> node_venv["venv"]\n    node_venv --> node_venv_lib["lib"]\n    node_venv_lib --> node_venv_lib_python3_12["python3.12"]\n    node_venv_lib_python3_12 --> node_venv_lib_python3_12_site-packages["site-packages"]\n    node_venv_lib_python3_12_site-packages --> node_venv_lib_python3_12_site-packages_PyQt6["PyQt6"]\n    node_venv_lib_python3_12_site-packages_PyQt6 --> node_venv_lib_python3_12_site-packages_PyQt6_Qt6["Qt6"]\n    node_venv_lib_python3_12_site-packages_PyQt6_Qt6 --> node_venv_lib_python3_12_site-packages_PyQt6_Qt6_qml["qml"]\n    node_venv_lib_python3_12_site-packages_PyQt6_Qt6_qml --> node_venv_lib_python3_12_site-packages_PyQt6_Qt6_qml_QtQuick["QtQuick"]\n    node_venv_lib_python3_12_site-packages_PyQt6_Qt6_qml_QtQuick --> node_venv_lib_python3_12_site-packages_PyQt6_Qt6_qml_QtQuick_Controls["Controls"]\n    node_venv_lib_python3_12_site-packages_PyQt6_Qt6_qml_QtQuick_Controls --> node_venv_lib_python3_12_site-packages_PyQt6_Qt6_qml_QtQuick_Controls_designer["designer"]\n    node_venv_lib_python3_12_site-packages_PyQt6_Qt6_qml_QtQuick_Controls_designer --> node_venv_lib_python3_12_site-packages_PyQt6_Qt6_qml_QtQuick_Controls_designer_images["images"]\n    node_venv_lib_python3_12_site-packages_PyQt6_Qt6_qml_QtQuick_Controls_designer_images --> node_venv_lib_python3_12_site-packages_PyQt6_Qt6_qml_QtQuick_Controls_designer_images_spinbox-icon@2x_png["spinbox-icon@2x.png"]\n    Root --> node_venv["venv"]\n    node_venv --> node_venv_lib["lib"]\n    node_venv_lib --> node_venv_lib_python3_12["python3.12"]\n    node_venv_lib_python3_12 --> node_venv_lib_python3_12_site-packages["site-packages"]\n    node_venv_lib_python3_12_site-packages --> node_venv_lib_python3_12_site-packages_PyQt6["PyQt6"]\n    node_venv_lib_python3_12_site-packages_PyQt6 --> node_venv_lib_python3_12_site-packages_PyQt6_Qt6["Qt6"]\n    node_venv_lib_python3_12_site-packages_PyQt6_Qt6 --> node_venv_lib_python3_12_site-packages_PyQt6_Qt6_qml["qml"]\n    node_venv_lib_python3_12_site-packages_PyQt6_Qt6_qml --> node_venv_lib_python3_12_site-packages_PyQt6_Qt6_qml_QtQuick["QtQuick"]\n    node_venv_lib_python3_12_site-packages_PyQt6_Qt6_qml_QtQuick --> node_venv_lib_python3_12_site-packages_PyQt6_Qt6_qml_QtQuick_Controls["Controls"]\n    node_venv_lib_python3_12_site-packages_PyQt6_Qt6_qml_QtQuick_Controls --> node_venv_lib_python3_12_site-packages_PyQt6_Qt6_qml_QtQuick_Controls_designer["designer"]\n    node_venv_lib_python3_12_site-packages_PyQt6_Qt6_qml_QtQuick_Controls_designer --> node_venv_lib_python3_12_site-packages_PyQt6_Qt6_qml_QtQuick_Controls_designer_images["images"]\n    node_venv_lib_python3_12_site-packages_PyQt6_Qt6_qml_QtQuick_Controls_designer_images --> node_venv_lib_python3_12_site-packages_PyQt6_Qt6_qml_QtQuick_Controls_designer_images_stackview-icon_png["stackview-icon.png"]\n    Root --> node_venv["venv"]\n    node_venv --> node_venv_lib["lib"]\n    node_venv_lib --> node_venv_lib_python3_12["python3.12"]\n    node_venv_lib_python3_12 --> node_venv_lib_python3_12_site-packages["site-packages"]\n    node_venv_lib_python3_12_site-packages --> node_venv_lib_python3_12_site-packages_PyQt6["PyQt6"]\n    node_venv_lib_python3_12_site-packages_PyQt6 --> node_venv_lib_python3_12_site-packages_PyQt6_Qt6["Qt6"]\n    node_venv_lib_python3_12_site-packages_PyQt6_Qt6 --> node_venv_lib_python3_12_site-packages_PyQt6_Qt6_qml["qml"]\n    node_venv_lib_python3_12_site-packages_PyQt6_Qt6_qml --> node_venv_lib_python3_12_site-packages_PyQt6_Qt6_qml_QtQuick["QtQuick"]\n    node_venv_lib_python3_12_site-packages_PyQt6_Qt6_qml_QtQuick --> node_venv_lib_python3_12_site-packages_PyQt6_Qt6_qml_QtQuick_Controls["Controls"]\n    node_venv_lib_python3_12_site-packages_PyQt6_Qt6_qml_QtQuick_Controls --> node_venv_lib_python3_12_site-packages_PyQt6_Qt6_qml_QtQuick_Controls_designer["designer"]\n    node_venv_lib_python3_12_site-packages_PyQt6_Qt6_qml_QtQuick_Controls_designer --> node_venv_lib_python3_12_site-packages_PyQt6_Qt6_qml_QtQuick_Controls_designer_images["images"]\n    node_venv_lib_python3_12_site-packages_PyQt6_Qt6_qml_QtQuick_Controls_designer_images --> node_venv_lib_python3_12_site-packages_PyQt6_Qt6_qml_QtQuick_Controls_designer_images_stackview-icon16_png["stackview-icon16.png"]\n    Root --> node_venv["venv"]\n    node_venv --> node_venv_lib["lib"]\n    node_venv_lib --> node_venv_lib_python3_12["python3.12"]\n    node_venv_lib_python3_12 --> node_venv_lib_python3_12_site-packages["site-packages"]\n    node_venv_lib_python3_12_site-packages --> node_venv_lib_python3_12_site-packages_PyQt6["PyQt6"]\n    node_venv_lib_python3_12_site-packages_PyQt6 --> node_venv_lib_python3_12_site-packages_PyQt6_Qt6["Qt6"]\n    node_venv_lib_python3_12_site-packages_PyQt6_Qt6 --> node_venv_lib_python3_12_site-packages_PyQt6_Qt6_qml["qml"]\n    node_venv_lib_python3_12_site-packages_PyQt6_Qt6_qml --> node_venv_lib_python3_12_site-packages_PyQt6_Qt6_qml_QtQuick["QtQuick"]\n    node_venv_lib_python3_12_site-packages_PyQt6_Qt6_qml_QtQuick --> node_venv_lib_python3_12_site-packages_PyQt6_Qt6_qml_QtQuick_Controls["Controls"]\n    node_venv_lib_python3_12_site-packages_PyQt6_Qt6_qml_QtQuick_Controls --> node_venv_lib_python3_12_site-packages_PyQt6_Qt6_qml_QtQuick_Controls_designer["designer"]\n    node_venv_lib_python3_12_site-packages_PyQt6_Qt6_qml_QtQuick_Controls_designer --> node_venv_lib_python3_12_site-packages_PyQt6_Qt6_qml_QtQuick_Controls_designer_images["images"]\n    node_venv_lib_python3_12_site-packages_PyQt6_Qt6_qml_QtQuick_Controls_designer_images --> node_venv_lib_python3_12_site-packages_PyQt6_Qt6_qml_QtQuick_Controls_designer_images_stackview-icon@2x_png["stackview-icon@2x.png"]\n    Root --> node_venv["venv"]\n    node_venv --> node_venv_lib["lib"]\n    node_venv_lib --> node_venv_lib_python3_12["python3.12"]\n    node_venv_lib_python3_12 --> node_venv_lib_python3_12_site-packages["site-packages"]\n    node_venv_lib_python3_12_site-packages --> node_venv_lib_python3_12_site-packages_PyQt6["PyQt6"]\n    node_venv_lib_python3_12_site-packages_PyQt6 --> node_venv_lib_python3_12_site-packages_PyQt6_Qt6["Qt6"]\n    node_venv_lib_python3_12_site-packages_PyQt6_Qt6 --> node_venv_lib_python3_12_site-packages_PyQt6_Qt6_qml["qml"]\n    node_venv_lib_python3_12_site-packages_PyQt6_Qt6_qml --> node_venv_lib_python3_12_site-packages_PyQt6_Qt6_qml_QtQuick["QtQuick"]\n    node_venv_lib_python3_12_site-packages_PyQt6_Qt6_qml_QtQuick --> node_venv_lib_python3_12_site-packages_PyQt6_Qt6_qml_QtQuick_Controls["Controls"]\n    node_venv_lib_python3_12_site-packages_PyQt6_Qt6_qml_QtQuick_Controls --> node_venv_lib_python3_12_site-packages_PyQt6_Qt6_qml_QtQuick_Controls_designer["designer"]\n    node_venv_lib_python3_12_site-packages_PyQt6_Qt6_qml_QtQuick_Controls_designer --> node_venv_lib_python3_12_site-packages_PyQt6_Qt6_qml_QtQuick_Controls_designer_images["images"]\n    node_venv_lib_python3_12_site-packages_PyQt6_Qt6_qml_QtQuick_Controls_designer_images --> node_venv_lib_python3_12_site-packages_PyQt6_Qt6_qml_QtQuick_Controls_designer_images_swipeview-icon_png["swipeview-icon.png"]\n    Root --> node_venv["venv"]\n    node_venv --> node_venv_lib["lib"]\n    node_venv_lib --> node_venv_lib_python3_12["python3.12"]\n    node_venv_lib_python3_12 --> node_venv_lib_python3_12_site-packages["site-packages"]\n    node_venv_lib_python3_12_site-packages --> node_venv_lib_python3_12_site-packages_PyQt6["PyQt6"]\n    node_venv_lib_python3_12_site-packages_PyQt6 --> node_venv_lib_python3_12_site-packages_PyQt6_Qt6["Qt6"]\n    node_venv_lib_python3_12_site-packages_PyQt6_Qt6 --> node_venv_lib_python3_12_site-packages_PyQt6_Qt6_qml["qml"]\n    node_venv_lib_python3_12_site-packages_PyQt6_Qt6_qml --> node_venv_lib_python3_12_site-packages_PyQt6_Qt6_qml_QtQuick["QtQuick"]\n    node_venv_lib_python3_12_site-packages_PyQt6_Qt6_qml_QtQuick --> node_venv_lib_python3_12_site-packages_PyQt6_Qt6_qml_QtQuick_Controls["Controls"]\n    node_venv_lib_python3_12_site-packages_PyQt6_Qt6_qml_QtQuick_Controls --> node_venv_lib_python3_12_site-packages_PyQt6_Qt6_qml_QtQuick_Controls_designer["designer"]\n    node_venv_lib_python3_12_site-packages_PyQt6_Qt6_qml_QtQuick_Controls_designer --> node_venv_lib_python3_12_site-packages_PyQt6_Qt6_qml_QtQuick_Controls_designer_images["images"]\n    node_venv_lib_python3_12_site-packages_PyQt6_Qt6_qml_QtQuick_Controls_designer_images --> node_venv_lib_python3_12_site-packages_PyQt6_Qt6_qml_QtQuick_Controls_designer_images_swipeview-icon16_png["swipeview-icon16.png"]\n    Root --> node_venv["venv"]\n    node_venv --> node_venv_lib["lib"]\n    node_venv_lib --> node_venv_lib_python3_12["python3.12"]\n    node_venv_lib_python3_12 --> node_venv_lib_python3_12_site-packages["site-packages"]\n    node_venv_lib_python3_12_site-packages --> node_venv_lib_python3_12_site-packages_PyQt6["PyQt6"]\n    node_venv_lib_python3_12_site-packages_PyQt6 --> node_venv_lib_python3_12_site-packages_PyQt6_Qt6["Qt6"]\n    node_venv_lib_python3_12_site-packages_PyQt6_Qt6 --> node_venv_lib_python3_12_site-packages_PyQt6_Qt6_qml["qml"]\n    node_venv_lib_python3_12_site-packages_PyQt6_Qt6_qml --> node_venv_lib_python3_12_site-packages_PyQt6_Qt6_qml_QtQuick["QtQuick"]\n    node_venv_lib_python3_12_site-packages_PyQt6_Qt6_qml_QtQuick --> node_venv_lib_python3_12_site-packages_PyQt6_Qt6_qml_QtQuick_Controls["Controls"]\n    node_venv_lib_python3_12_site-packages_PyQt6_Qt6_qml_QtQuick_Controls --> node_venv_lib_python3_12_site-packages_PyQt6_Qt6_qml_QtQuick_Controls_designer["designer"]\n    node_venv_lib_python3_12_site-packages_PyQt6_Qt6_qml_QtQuick_Controls_designer --> node_venv_lib_python3_12_site-packages_PyQt6_Qt6_qml_QtQuick_Controls_designer_images["images"]\n    node_venv_lib_python3_12_site-packages_PyQt6_Qt6_qml_QtQuick_Controls_designer_images --> node_venv_lib_python3_12_site-packages_PyQt6_Qt6_qml_QtQuick_Controls_designer_images_swipeview-icon@2x_png["swipeview-icon@2x.png"]\n    Root --> node_venv["venv"]\n    node_venv --> node_venv_lib["lib"]\n    node_venv_lib --> node_venv_lib_python3_12["python3.12"]\n    node_venv_lib_python3_12 --> node_venv_lib_python3_12_site-packages["site-packages"]\n    node_venv_lib_python3_12_site-packages --> node_venv_lib_python3_12_site-packages_PyQt6["PyQt6"]\n    node_venv_lib_python3_12_site-packages_PyQt6 --> node_venv_lib_python3_12_site-packages_PyQt6_Qt6["Qt6"]\n    node_venv_lib_python3_12_site-packages_PyQt6_Qt6 --> node_venv_lib_python3_12_site-packages_PyQt6_Qt6_qml["qml"]\n    node_venv_lib_python3_12_site-packages_PyQt6_Qt6_qml --> node_venv_lib_python3_12_site-packages_PyQt6_Qt6_qml_QtQuick["QtQuick"]\n    node_venv_lib_python3_12_site-packages_PyQt6_Qt6_qml_QtQuick --> node_venv_lib_python3_12_site-packages_PyQt6_Qt6_qml_QtQuick_Controls["Controls"]\n    node_venv_lib_python3_12_site-packages_PyQt6_Qt6_qml_QtQuick_Controls --> node_venv_lib_python3_12_site-packages_PyQt6_Qt6_qml_QtQuick_Controls_designer["designer"]\n    node_venv_lib_python3_12_site-packages_PyQt6_Qt6_qml_QtQuick_Controls_designer --> node_venv_lib_python3_12_site-packages_PyQt6_Qt6_qml_QtQuick_Controls_designer_images["images"]\n    node_venv_lib_python3_12_site-packages_PyQt6_Qt6_qml_QtQuick_Controls_designer_images --> node_venv_lib_python3_12_site-packages_PyQt6_Qt6_qml_QtQuick_Controls_designer_images_switch-icon_png["switch-icon.png"]\n    Root --> node_venv["venv"]\n    node_venv --> node_venv_lib["lib"]\n    node_venv_lib --> node_venv_lib_python3_12["python3.12"]\n    node_venv_lib_python3_12 --> node_venv_lib_python3_12_site-packages["site-packages"]\n    node_venv_lib_python3_12_site-packages --> node_venv_lib_python3_12_site-packages_PyQt6["PyQt6"]\n    node_venv_lib_python3_12_site-packages_PyQt6 --> node_venv_lib_python3_12_site-packages_PyQt6_Qt6["Qt6"]\n    node_venv_lib_python3_12_site-packages_PyQt6_Qt6 --> node_venv_lib_python3_12_site-packages_PyQt6_Qt6_qml["qml"]\n    node_venv_lib_python3_12_site-packages_PyQt6_Qt6_qml --> node_venv_lib_python3_12_site-packages_PyQt6_Qt6_qml_QtQuick["QtQuick"]\n    node_venv_lib_python3_12_site-packages_PyQt6_Qt6_qml_QtQuick --> node_venv_lib_python3_12_site-packages_PyQt6_Qt6_qml_QtQuick_Controls["Controls"]\n    node_venv_lib_python3_12_site-packages_PyQt6_Qt6_qml_QtQuick_Controls --> node_venv_lib_python3_12_site-packages_PyQt6_Qt6_qml_QtQuick_Controls_designer["designer"]\n    node_venv_lib_python3_12_site-packages_PyQt6_Qt6_qml_QtQuick_Controls_designer --> node_venv_lib_python3_12_site-packages_PyQt6_Qt6_qml_QtQuick_Controls_designer_images["images"]\n    node_venv_lib_python3_12_site-packages_PyQt6_Qt6_qml_QtQuick_Controls_designer_images --> node_venv_lib_python3_12_site-packages_PyQt6_Qt6_qml_QtQuick_Controls_designer_images_switch-icon16_png["switch-icon16.png"]\n    Root --> node_venv["venv"]\n    node_venv --> node_venv_lib["lib"]\n    node_venv_lib --> node_venv_lib_python3_12["python3.12"]\n    node_venv_lib_python3_12 --> node_venv_lib_python3_12_site-packages["site-packages"]\n    node_venv_lib_python3_12_site-packages --> node_venv_lib_python3_12_site-packages_PyQt6["PyQt6"]\n    node_venv_lib_python3_12_site-packages_PyQt6 --> node_venv_lib_python3_12_site-packages_PyQt6_Qt6["Qt6"]\n    node_venv_lib_python3_12_site-packages_PyQt6_Qt6 --> node_venv_lib_python3_12_site-packages_PyQt6_Qt6_qml["qml"]\n    node_venv_lib_python3_12_site-packages_PyQt6_Qt6_qml --> node_venv_lib_python3_12_site-packages_PyQt6_Qt6_qml_QtQuick["QtQuick"]\n    node_venv_lib_python3_12_site-packages_PyQt6_Qt6_qml_QtQuick --> node_venv_lib_python3_12_site-packages_PyQt6_Qt6_qml_QtQuick_Controls["Controls"]\n    node_venv_lib_python3_12_site-packages_PyQt6_Qt6_qml_QtQuick_Controls --> node_venv_lib_python3_12_site-packages_PyQt6_Qt6_qml_QtQuick_Controls_designer["designer"]\n    node_venv_lib_python3_12_site-packages_PyQt6_Qt6_qml_QtQuick_Controls_designer --> node_venv_lib_python3_12_site-packages_PyQt6_Qt6_qml_QtQuick_Controls_designer_images["images"]\n    node_venv_lib_python3_12_site-packages_PyQt6_Qt6_qml_QtQuick_Controls_designer_images --> node_venv_lib_python3_12_site-packages_PyQt6_Qt6_qml_QtQuick_Controls_designer_images_switch-icon@2x_png["switch-icon@2x.png"]\n    Root --> node_venv["venv"]\n    node_venv --> node_venv_lib["lib"]\n    node_venv_lib --> node_venv_lib_python3_12["python3.12"]\n    node_venv_lib_python3_12 --> node_venv_lib_python3_12_site-packages["site-packages"]\n    node_venv_lib_python3_12_site-packages --> node_venv_lib_python3_12_site-packages_PyQt6["PyQt6"]\n    node_venv_lib_python3_12_site-packages_PyQt6 --> node_venv_lib_python3_12_site-packages_PyQt6_Qt6["Qt6"]\n    node_venv_lib_python3_12_site-packages_PyQt6_Qt6 --> node_venv_lib_python3_12_site-packages_PyQt6_Qt6_qml["qml"]\n    node_venv_lib_python3_12_site-packages_PyQt6_Qt6_qml --> node_venv_lib_python3_12_site-packages_PyQt6_Qt6_qml_QtQuick["QtQuick"]\n    node_venv_lib_python3_12_site-packages_PyQt6_Qt6_qml_QtQuick --> node_venv_lib_python3_12_site-packages_PyQt6_Qt6_qml_QtQuick_Controls["Controls"]\n    node_venv_lib_python3_12_site-packages_PyQt6_Qt6_qml_QtQuick_Controls --> node_venv_lib_python3_12_site-packages_PyQt6_Qt6_qml_QtQuick_Controls_designer["designer"]\n    node_venv_lib_python3_12_site-packages_PyQt6_Qt6_qml_QtQuick_Controls_designer --> node_venv_lib_python3_12_site-packages_PyQt6_Qt6_qml_QtQuick_Controls_designer_images["images"]\n    node_venv_lib_python3_12_site-packages_PyQt6_Qt6_qml_QtQuick_Controls_designer_images --> node_venv_lib_python3_12_site-packages_PyQt6_Qt6_qml_QtQuick_Controls_designer_images_textarea-icon_png["textarea-icon.png"]\n    Root --> node_venv["venv"]\n    node_venv --> node_venv_lib["lib"]\n    node_venv_lib --> node_venv_lib_python3_12["python3.12"]\n    node_venv_lib_python3_12 --> node_venv_lib_python3_12_site-packages["site-packages"]\n    node_venv_lib_python3_12_site-packages --> node_venv_lib_python3_12_site-packages_PyQt6["PyQt6"]\n    node_venv_lib_python3_12_site-packages_PyQt6 --> node_venv_lib_python3_12_site-packages_PyQt6_Qt6["Qt6"]\n    node_venv_lib_python3_12_site-packages_PyQt6_Qt6 --> node_venv_lib_python3_12_site-packages_PyQt6_Qt6_qml["qml"]\n    node_venv_lib_python3_12_site-packages_PyQt6_Qt6_qml --> node_venv_lib_python3_12_site-packages_PyQt6_Qt6_qml_QtQuick["QtQuick"]\n    node_venv_lib_python3_12_site-packages_PyQt6_Qt6_qml_QtQuick --> node_venv_lib_python3_12_site-packages_PyQt6_Qt6_qml_QtQuick_Controls["Controls"]\n    node_venv_lib_python3_12_site-packages_PyQt6_Qt6_qml_QtQuick_Controls --> node_venv_lib_python3_12_site-packages_PyQt6_Qt6_qml_QtQuick_Controls_designer["designer"]\n    node_venv_lib_python3_12_site-packages_PyQt6_Qt6_qml_QtQuick_Controls_designer --> node_venv_lib_python3_12_site-packages_PyQt6_Qt6_qml_QtQuick_Controls_designer_images["images"]\n    node_venv_lib_python3_12_site-packages_PyQt6_Qt6_qml_QtQuick_Controls_designer_images --> node_venv_lib_python3_12_site-packages_PyQt6_Qt6_qml_QtQuick_Controls_designer_images_textarea-icon16_png["textarea-icon16.png"]\n    Root --> node_venv["venv"]\n    node_venv --> node_venv_lib["lib"]\n    node_venv_lib --> node_venv_lib_python3_12["python3.12"]\n    node_venv_lib_python3_12 --> node_venv_lib_python3_12_site-packages["site-packages"]\n    node_venv_lib_python3_12_site-packages --> node_venv_lib_python3_12_site-packages_PyQt6["PyQt6"]\n    node_venv_lib_python3_12_site-packages_PyQt6 --> node_venv_lib_python3_12_site-packages_PyQt6_Qt6["Qt6"]\n    node_venv_lib_python3_12_site-packages_PyQt6_Qt6 --> node_venv_lib_python3_12_site-packages_PyQt6_Qt6_qml["qml"]\n    node_venv_lib_python3_12_site-packages_PyQt6_Qt6_qml --> node_venv_lib_python3_12_site-packages_PyQt6_Qt6_qml_QtQuick["QtQuick"]\n    node_venv_lib_python3_12_site-packages_PyQt6_Qt6_qml_QtQuick --> node_venv_lib_python3_12_site-packages_PyQt6_Qt6_qml_QtQuick_Controls["Controls"]\n    node_venv_lib_python3_12_site-packages_PyQt6_Qt6_qml_QtQuick_Controls --> node_venv_lib_python3_12_site-packages_PyQt6_Qt6_qml_QtQuick_Controls_designer["designer"]\n    node_venv_lib_python3_12_site-packages_PyQt6_Qt6_qml_QtQuick_Controls_designer --> node_venv_lib_python3_12_site-packages_PyQt6_Qt6_qml_QtQuick_Controls_designer_images["images"]\n    node_venv_lib_python3_12_site-packages_PyQt6_Qt6_qml_QtQuick_Controls_designer_images --> node_venv_lib_python3_12_site-packages_PyQt6_Qt6_qml_QtQuick_Controls_designer_images_textarea-icon@2x_png["textarea-icon@2x.png"]\n    Root --> node_venv["venv"]\n    node_venv --> node_venv_lib["lib"]\n    node_venv_lib --> node_venv_lib_python3_12["python3.12"]\n    node_venv_lib_python3_12 --> node_venv_lib_python3_12_site-packages["site-packages"]\n    node_venv_lib_python3_12_site-packages --> node_venv_lib_python3_12_site-packages_PyQt6["PyQt6"]\n    node_venv_lib_python3_12_site-packages_PyQt6 --> node_venv_lib_python3_12_site-packages_PyQt6_Qt6["Qt6"]\n    node_venv_lib_python3_12_site-packages_PyQt6_Qt6 --> node_venv_lib_python3_12_site-packages_PyQt6_Qt6_qml["qml"]\n    node_venv_lib_python3_12_site-packages_PyQt6_Qt6_qml --> node_venv_lib_python3_12_site-packages_PyQt6_Qt6_qml_QtQuick["QtQuick"]\n    node_venv_lib_python3_12_site-packages_PyQt6_Qt6_qml_QtQuick --> node_venv_lib_python3_12_site-packages_PyQt6_Qt6_qml_QtQuick_Controls["Controls"]\n    node_venv_lib_python3_12_site-packages_PyQt6_Qt6_qml_QtQuick_Controls --> node_venv_lib_python3_12_site-packages_PyQt6_Qt6_qml_QtQuick_Controls_designer["designer"]\n    node_venv_lib_python3_12_site-packages_PyQt6_Qt6_qml_QtQuick_Controls_designer --> node_venv_lib_python3_12_site-packages_PyQt6_Qt6_qml_QtQuick_Controls_designer_images["images"]\n    node_venv_lib_python3_12_site-packages_PyQt6_Qt6_qml_QtQuick_Controls_designer_images --> node_venv_lib_python3_12_site-packages_PyQt6_Qt6_qml_QtQuick_Controls_designer_images_textfield-icon_png["textfield-icon.png"]\n    Root --> node_venv["venv"]\n    node_venv --> node_venv_lib["lib"]\n    node_venv_lib --> node_venv_lib_python3_12["python3.12"]\n    node_venv_lib_python3_12 --> node_venv_lib_python3_12_site-packages["site-packages"]\n    node_venv_lib_python3_12_site-packages --> node_venv_lib_python3_12_site-packages_PyQt6["PyQt6"]\n    node_venv_lib_python3_12_site-packages_PyQt6 --> node_venv_lib_python3_12_site-packages_PyQt6_Qt6["Qt6"]\n    node_venv_lib_python3_12_site-packages_PyQt6_Qt6 --> node_venv_lib_python3_12_site-packages_PyQt6_Qt6_qml["qml"]\n    node_venv_lib_python3_12_site-packages_PyQt6_Qt6_qml --> node_venv_lib_python3_12_site-packages_PyQt6_Qt6_qml_QtQuick["QtQuick"]\n    node_venv_lib_python3_12_site-packages_PyQt6_Qt6_qml_QtQuick --> node_venv_lib_python3_12_site-packages_PyQt6_Qt6_qml_QtQuick_Controls["Controls"]\n    node_venv_lib_python3_12_site-packages_PyQt6_Qt6_qml_QtQuick_Controls --> node_venv_lib_python3_12_site-packages_PyQt6_Qt6_qml_QtQuick_Controls_designer["designer"]\n    node_venv_lib_python3_12_site-packages_PyQt6_Qt6_qml_QtQuick_Controls_designer --> node_venv_lib_python3_12_site-packages_PyQt6_Qt6_qml_QtQuick_Controls_designer_images["images"]\n    node_venv_lib_python3_12_site-packages_PyQt6_Qt6_qml_QtQuick_Controls_designer_images --> node_venv_lib_python3_12_site-packages_PyQt6_Qt6_qml_QtQuick_Controls_designer_images_textfield-icon16_png["textfield-icon16.png"]\n    Root --> node_venv["venv"]\n    node_venv --> node_venv_lib["lib"]\n    node_venv_lib --> node_venv_lib_python3_12["python3.12"]\n    node_venv_lib_python3_12 --> node_venv_lib_python3_12_site-packages["site-packages"]\n    node_venv_lib_python3_12_site-packages --> node_venv_lib_python3_12_site-packages_PyQt6["PyQt6"]\n    node_venv_lib_python3_12_site-packages_PyQt6 --> node_venv_lib_python3_12_site-packages_PyQt6_Qt6["Qt6"]\n    node_venv_lib_python3_12_site-packages_PyQt6_Qt6 --> node_venv_lib_python3_12_site-packages_PyQt6_Qt6_qml["qml"]\n    node_venv_lib_python3_12_site-packages_PyQt6_Qt6_qml --> node_venv_lib_python3_12_site-packages_PyQt6_Qt6_qml_QtQuick["QtQuick"]\n    node_venv_lib_python3_12_site-packages_PyQt6_Qt6_qml_QtQuick --> node_venv_lib_python3_12_site-packages_PyQt6_Qt6_qml_QtQuick_Controls["Controls"]\n    node_venv_lib_python3_12_site-packages_PyQt6_Qt6_qml_QtQuick_Controls --> node_venv_lib_python3_12_site-packages_PyQt6_Qt6_qml_QtQuick_Controls_designer["designer"]\n    node_venv_lib_python3_12_site-packages_PyQt6_Qt6_qml_QtQuick_Controls_designer --> node_venv_lib_python3_12_site-packages_PyQt6_Qt6_qml_QtQuick_Controls_designer_images["images"]\n    node_venv_lib_python3_12_site-packages_PyQt6_Qt6_qml_QtQuick_Controls_designer_images --> node_venv_lib_python3_12_site-packages_PyQt6_Qt6_qml_QtQuick_Controls_designer_images_textfield-icon@2x_png["textfield-icon@2x.png"]\n    Root --> node_venv["venv"]\n    node_venv --> node_venv_lib["lib"]\n    node_venv_lib --> node_venv_lib_python3_12["python3.12"]\n    node_venv_lib_python3_12 --> node_venv_lib_python3_12_site-packages["site-packages"]\n    node_venv_lib_python3_12_site-packages --> node_venv_lib_python3_12_site-packages_PyQt6["PyQt6"]\n    node_venv_lib_python3_12_site-packages_PyQt6 --> node_venv_lib_python3_12_site-packages_PyQt6_Qt6["Qt6"]\n    node_venv_lib_python3_12_site-packages_PyQt6_Qt6 --> node_venv_lib_python3_12_site-packages_PyQt6_Qt6_qml["qml"]\n    node_venv_lib_python3_12_site-packages_PyQt6_Qt6_qml --> node_venv_lib_python3_12_site-packages_PyQt6_Qt6_qml_QtQuick["QtQuick"]\n    node_venv_lib_python3_12_site-packages_PyQt6_Qt6_qml_QtQuick --> node_venv_lib_python3_12_site-packages_PyQt6_Qt6_qml_QtQuick_Controls["Controls"]\n    node_venv_lib_python3_12_site-packages_PyQt6_Qt6_qml_QtQuick_Controls --> node_venv_lib_python3_12_site-packages_PyQt6_Qt6_qml_QtQuick_Controls_designer["designer"]\n    node_venv_lib_python3_12_site-packages_PyQt6_Qt6_qml_QtQuick_Controls_designer --> node_venv_lib_python3_12_site-packages_PyQt6_Qt6_qml_QtQuick_Controls_designer_images["images"]\n    node_venv_lib_python3_12_site-packages_PyQt6_Qt6_qml_QtQuick_Controls_designer_images --> node_venv_lib_python3_12_site-packages_PyQt6_Qt6_qml_QtQuick_Controls_designer_images_toolbar-icon_png["toolbar-icon.png"]\n    Root --> node_venv["venv"]\n    node_venv --> node_venv_lib["lib"]\n    node_venv_lib --> node_venv_lib_python3_12["python3.12"]\n    node_venv_lib_python3_12 --> node_venv_lib_python3_12_site-packages["site-packages"]\n    node_venv_lib_python3_12_site-packages --> node_venv_lib_python3_12_site-packages_PyQt6["PyQt6"]\n    node_venv_lib_python3_12_site-packages_PyQt6 --> node_venv_lib_python3_12_site-packages_PyQt6_Qt6["Qt6"]\n    node_venv_lib_python3_12_site-packages_PyQt6_Qt6 --> node_venv_lib_python3_12_site-packages_PyQt6_Qt6_qml["qml"]\n    node_venv_lib_python3_12_site-packages_PyQt6_Qt6_qml --> node_venv_lib_python3_12_site-packages_PyQt6_Qt6_qml_QtQuick["QtQuick"]\n    node_venv_lib_python3_12_site-packages_PyQt6_Qt6_qml_QtQuick --> node_venv_lib_python3_12_site-packages_PyQt6_Qt6_qml_QtQuick_Controls["Controls"]\n    node_venv_lib_python3_12_site-packages_PyQt6_Qt6_qml_QtQuick_Controls --> node_venv_lib_python3_12_site-packages_PyQt6_Qt6_qml_QtQuick_Controls_designer["designer"]\n    node_venv_lib_python3_12_site-packages_PyQt6_Qt6_qml_QtQuick_Controls_designer --> node_venv_lib_python3_12_site-packages_PyQt6_Qt6_qml_QtQuick_Controls_designer_images["images"]\n    node_venv_lib_python3_12_site-packages_PyQt6_Qt6_qml_QtQuick_Controls_designer_images --> node_venv_lib_python3_12_site-packages_PyQt6_Qt6_qml_QtQuick_Controls_designer_images_toolbar-icon16_png["toolbar-icon16.png"]\n    Root --> node_venv["venv"]\n    node_venv --> node_venv_lib["lib"]\n    node_venv_lib --> node_venv_lib_python3_12["python3.12"]\n    node_venv_lib_python3_12 --> node_venv_lib_python3_12_site-packages["site-packages"]\n    node_venv_lib_python3_12_site-packages --> node_venv_lib_python3_12_site-packages_PyQt6["PyQt6"]\n    node_venv_lib_python3_12_site-packages_PyQt6 --> node_venv_lib_python3_12_site-packages_PyQt6_Qt6["Qt6"]\n    node_venv_lib_python3_12_site-packages_PyQt6_Qt6 --> node_venv_lib_python3_12_site-packages_PyQt6_Qt6_qml["qml"]\n    node_venv_lib_python3_12_site-packages_PyQt6_Qt6_qml --> node_venv_lib_python3_12_site-packages_PyQt6_Qt6_qml_QtQuick["QtQuick"]\n    node_venv_lib_python3_12_site-packages_PyQt6_Qt6_qml_QtQuick --> node_venv_lib_python3_12_site-packages_PyQt6_Qt6_qml_QtQuick_Controls["Controls"]\n    node_venv_lib_python3_12_site-packages_PyQt6_Qt6_qml_QtQuick_Controls --> node_venv_lib_python3_12_site-packages_PyQt6_Qt6_qml_QtQuick_Controls_designer["designer"]\n    node_venv_lib_python3_12_site-packages_PyQt6_Qt6_qml_QtQuick_Controls_designer --> node_venv_lib_python3_12_site-packages_PyQt6_Qt6_qml_QtQuick_Controls_designer_images["images"]\n    node_venv_lib_python3_12_site-packages_PyQt6_Qt6_qml_QtQuick_Controls_designer_images --> node_venv_lib_python3_12_site-packages_PyQt6_Qt6_qml_QtQuick_Controls_designer_images_toolbar-icon@2x_png["toolbar-icon@2x.png"]\n    Root --> node_venv["venv"]\n    node_venv --> node_venv_lib["lib"]\n    node_venv_lib --> node_venv_lib_python3_12["python3.12"]\n    node_venv_lib_python3_12 --> node_venv_lib_python3_12_site-packages["site-packages"]\n    node_venv_lib_python3_12_site-packages --> node_venv_lib_python3_12_site-packages_PyQt6["PyQt6"]\n    node_venv_lib_python3_12_site-packages_PyQt6 --> node_venv_lib_python3_12_site-packages_PyQt6_Qt6["Qt6"]\n    node_venv_lib_python3_12_site-packages_PyQt6_Qt6 --> node_venv_lib_python3_12_site-packages_PyQt6_Qt6_qml["qml"]\n    node_venv_lib_python3_12_site-packages_PyQt6_Qt6_qml --> node_venv_lib_python3_12_site-packages_PyQt6_Qt6_qml_QtQuick["QtQuick"]\n    node_venv_lib_python3_12_site-packages_PyQt6_Qt6_qml_QtQuick --> node_venv_lib_python3_12_site-packages_PyQt6_Qt6_qml_QtQuick_Controls["Controls"]\n    node_venv_lib_python3_12_site-packages_PyQt6_Qt6_qml_QtQuick_Controls --> node_venv_lib_python3_12_site-packages_PyQt6_Qt6_qml_QtQuick_Controls_designer["designer"]\n    node_venv_lib_python3_12_site-packages_PyQt6_Qt6_qml_QtQuick_Controls_designer --> node_venv_lib_python3_12_site-packages_PyQt6_Qt6_qml_QtQuick_Controls_designer_images["images"]\n    node_venv_lib_python3_12_site-packages_PyQt6_Qt6_qml_QtQuick_Controls_designer_images --> node_venv_lib_python3_12_site-packages_PyQt6_Qt6_qml_QtQuick_Controls_designer_images_toolbutton-icon_png["toolbutton-icon.png"]\n    Root --> node_venv["venv"]\n    node_venv --> node_venv_lib["lib"]\n    node_venv_lib --> node_venv_lib_python3_12["python3.12"]\n    node_venv_lib_python3_12 --> node_venv_lib_python3_12_site-packages["site-packages"]\n    node_venv_lib_python3_12_site-packages --> node_venv_lib_python3_12_site-packages_PyQt6["PyQt6"]\n    node_venv_lib_python3_12_site-packages_PyQt6 --> node_venv_lib_python3_12_site-packages_PyQt6_Qt6["Qt6"]\n    node_venv_lib_python3_12_site-packages_PyQt6_Qt6 --> node_venv_lib_python3_12_site-packages_PyQt6_Qt6_qml["qml"]\n    node_venv_lib_python3_12_site-packages_PyQt6_Qt6_qml --> node_venv_lib_python3_12_site-packages_PyQt6_Qt6_qml_QtQuick["QtQuick"]\n    node_venv_lib_python3_12_site-packages_PyQt6_Qt6_qml_QtQuick --> node_venv_lib_python3_12_site-packages_PyQt6_Qt6_qml_QtQuick_Controls["Controls"]\n    node_venv_lib_python3_12_site-packages_PyQt6_Qt6_qml_QtQuick_Controls --> node_venv_lib_python3_12_site-packages_PyQt6_Qt6_qml_QtQuick_Controls_designer["designer"]\n    node_venv_lib_python3_12_site-packages_PyQt6_Qt6_qml_QtQuick_Controls_designer --> node_venv_lib_python3_12_site-packages_PyQt6_Qt6_qml_QtQuick_Controls_designer_images["images"]\n    node_venv_lib_python3_12_site-packages_PyQt6_Qt6_qml_QtQuick_Controls_designer_images --> node_venv_lib_python3_12_site-packages_PyQt6_Qt6_qml_QtQuick_Controls_designer_images_toolbutton-icon16_png["toolbutton-icon16.png"]\n    Root --> node_venv["venv"]\n    node_venv --> node_venv_lib["lib"]\n    node_venv_lib --> node_venv_lib_python3_12["python3.12"]\n    node_venv_lib_python3_12 --> node_venv_lib_python3_12_site-packages["site-packages"]\n    node_venv_lib_python3_12_site-packages --> node_venv_lib_python3_12_site-packages_PyQt6["PyQt6"]\n    node_venv_lib_python3_12_site-packages_PyQt6 --> node_venv_lib_python3_12_site-packages_PyQt6_Qt6["Qt6"]\n    node_venv_lib_python3_12_site-packages_PyQt6_Qt6 --> node_venv_lib_python3_12_site-packages_PyQt6_Qt6_qml["qml"]\n    node_venv_lib_python3_12_site-packages_PyQt6_Qt6_qml --> node_venv_lib_python3_12_site-packages_PyQt6_Qt6_qml_QtQuick["QtQuick"]\n    node_venv_lib_python3_12_site-packages_PyQt6_Qt6_qml_QtQuick --> node_venv_lib_python3_12_site-packages_PyQt6_Qt6_qml_QtQuick_Controls["Controls"]\n    node_venv_lib_python3_12_site-packages_PyQt6_Qt6_qml_QtQuick_Controls --> node_venv_lib_python3_12_site-packages_PyQt6_Qt6_qml_QtQuick_Controls_designer["designer"]\n    node_venv_lib_python3_12_site-packages_PyQt6_Qt6_qml_QtQuick_Controls_designer --> node_venv_lib_python3_12_site-packages_PyQt6_Qt6_qml_QtQuick_Controls_designer_images["images"]\n    node_venv_lib_python3_12_site-packages_PyQt6_Qt6_qml_QtQuick_Controls_designer_images --> node_venv_lib_python3_12_site-packages_PyQt6_Qt6_qml_QtQuick_Controls_designer_images_toolbutton-icon@2x_png["toolbutton-icon@2x.png"]\n    Root --> node_venv["venv"]\n    node_venv --> node_venv_lib["lib"]\n    node_venv_lib --> node_venv_lib_python3_12["python3.12"]\n    node_venv_lib_python3_12 --> node_venv_lib_python3_12_site-packages["site-packages"]\n    node_venv_lib_python3_12_site-packages --> node_venv_lib_python3_12_site-packages_PyQt6["PyQt6"]\n    node_venv_lib_python3_12_site-packages_PyQt6 --> node_venv_lib_python3_12_site-packages_PyQt6_Qt6["Qt6"]\n    node_venv_lib_python3_12_site-packages_PyQt6_Qt6 --> node_venv_lib_python3_12_site-packages_PyQt6_Qt6_qml["qml"]\n    node_venv_lib_python3_12_site-packages_PyQt6_Qt6_qml --> node_venv_lib_python3_12_site-packages_PyQt6_Qt6_qml_QtQuick["QtQuick"]\n    node_venv_lib_python3_12_site-packages_PyQt6_Qt6_qml_QtQuick --> node_venv_lib_python3_12_site-packages_PyQt6_Qt6_qml_QtQuick_Controls["Controls"]\n    node_venv_lib_python3_12_site-packages_PyQt6_Qt6_qml_QtQuick_Controls --> node_venv_lib_python3_12_site-packages_PyQt6_Qt6_qml_QtQuick_Controls_designer["designer"]\n    node_venv_lib_python3_12_site-packages_PyQt6_Qt6_qml_QtQuick_Controls_designer --> node_venv_lib_python3_12_site-packages_PyQt6_Qt6_qml_QtQuick_Controls_designer_images["images"]\n    node_venv_lib_python3_12_site-packages_PyQt6_Qt6_qml_QtQuick_Controls_designer_images --> node_venv_lib_python3_12_site-packages_PyQt6_Qt6_qml_QtQuick_Controls_designer_images_toolseparator-icon_png["toolseparator-icon.png"]\n    Root --> node_venv["venv"]\n    node_venv --> node_venv_lib["lib"]\n    node_venv_lib --> node_venv_lib_python3_12["python3.12"]\n    node_venv_lib_python3_12 --> node_venv_lib_python3_12_site-packages["site-packages"]\n    node_venv_lib_python3_12_site-packages --> node_venv_lib_python3_12_site-packages_PyQt6["PyQt6"]\n    node_venv_lib_python3_12_site-packages_PyQt6 --> node_venv_lib_python3_12_site-packages_PyQt6_Qt6["Qt6"]\n    node_venv_lib_python3_12_site-packages_PyQt6_Qt6 --> node_venv_lib_python3_12_site-packages_PyQt6_Qt6_qml["qml"]\n    node_venv_lib_python3_12_site-packages_PyQt6_Qt6_qml --> node_venv_lib_python3_12_site-packages_PyQt6_Qt6_qml_QtQuick["QtQuick"]\n    node_venv_lib_python3_12_site-packages_PyQt6_Qt6_qml_QtQuick --> node_venv_lib_python3_12_site-packages_PyQt6_Qt6_qml_QtQuick_Controls["Controls"]\n    node_venv_lib_python3_12_site-packages_PyQt6_Qt6_qml_QtQuick_Controls --> node_venv_lib_python3_12_site-packages_PyQt6_Qt6_qml_QtQuick_Controls_designer["designer"]\n    node_venv_lib_python3_12_site-packages_PyQt6_Qt6_qml_QtQuick_Controls_designer --> node_venv_lib_python3_12_site-packages_PyQt6_Qt6_qml_QtQuick_Controls_designer_images["images"]\n    node_venv_lib_python3_12_site-packages_PyQt6_Qt6_qml_QtQuick_Controls_designer_images --> node_venv_lib_python3_12_site-packages_PyQt6_Qt6_qml_QtQuick_Controls_designer_images_toolseparator-icon16_png["toolseparator-icon16.png"]\n    Root --> node_venv["venv"]\n    node_venv --> node_venv_lib["lib"]\n    node_venv_lib --> node_venv_lib_python3_12["python3.12"]\n    node_venv_lib_python3_12 --> node_venv_lib_python3_12_site-packages["site-packages"]\n    node_venv_lib_python3_12_site-packages --> node_venv_lib_python3_12_site-packages_PyQt6["PyQt6"]\n    node_venv_lib_python3_12_site-packages_PyQt6 --> node_venv_lib_python3_12_site-packages_PyQt6_Qt6["Qt6"]\n    node_venv_lib_python3_12_site-packages_PyQt6_Qt6 --> node_venv_lib_python3_12_site-packages_PyQt6_Qt6_qml["qml"]\n    node_venv_lib_python3_12_site-packages_PyQt6_Qt6_qml --> node_venv_lib_python3_12_site-packages_PyQt6_Qt6_qml_QtQuick["QtQuick"]\n    node_venv_lib_python3_12_site-packages_PyQt6_Qt6_qml_QtQuick --> node_venv_lib_python3_12_site-packages_PyQt6_Qt6_qml_QtQuick_Controls["Controls"]\n    node_venv_lib_python3_12_site-packages_PyQt6_Qt6_qml_QtQuick_Controls --> node_venv_lib_python3_12_site-packages_PyQt6_Qt6_qml_QtQuick_Controls_designer["designer"]\n    node_venv_lib_python3_12_site-packages_PyQt6_Qt6_qml_QtQuick_Controls_designer --> node_venv_lib_python3_12_site-packages_PyQt6_Qt6_qml_QtQuick_Controls_designer_images["images"]\n    node_venv_lib_python3_12_site-packages_PyQt6_Qt6_qml_QtQuick_Controls_designer_images --> node_venv_lib_python3_12_site-packages_PyQt6_Qt6_qml_QtQuick_Controls_designer_images_toolseparator-icon@2x_png["toolseparator-icon@2x.png"]\n    Root --> node_venv["venv"]\n    node_venv --> node_venv_lib["lib"]\n    node_venv_lib --> node_venv_lib_python3_12["python3.12"]\n    node_venv_lib_python3_12 --> node_venv_lib_python3_12_site-packages["site-packages"]\n    node_venv_lib_python3_12_site-packages --> node_venv_lib_python3_12_site-packages_PyQt6["PyQt6"]\n    node_venv_lib_python3_12_site-packages_PyQt6 --> node_venv_lib_python3_12_site-packages_PyQt6_Qt6["Qt6"]\n    node_venv_lib_python3_12_site-packages_PyQt6_Qt6 --> node_venv_lib_python3_12_site-packages_PyQt6_Qt6_qml["qml"]\n    node_venv_lib_python3_12_site-packages_PyQt6_Qt6_qml --> node_venv_lib_python3_12_site-packages_PyQt6_Qt6_qml_QtQuick["QtQuick"]\n    node_venv_lib_python3_12_site-packages_PyQt6_Qt6_qml_QtQuick --> node_venv_lib_python3_12_site-packages_PyQt6_Qt6_qml_QtQuick_Controls["Controls"]\n    node_venv_lib_python3_12_site-packages_PyQt6_Qt6_qml_QtQuick_Controls --> node_venv_lib_python3_12_site-packages_PyQt6_Qt6_qml_QtQuick_Controls_designer["designer"]\n    node_venv_lib_python3_12_site-packages_PyQt6_Qt6_qml_QtQuick_Controls_designer --> node_venv_lib_python3_12_site-packages_PyQt6_Qt6_qml_QtQuick_Controls_designer_images["images"]\n    node_venv_lib_python3_12_site-packages_PyQt6_Qt6_qml_QtQuick_Controls_designer_images --> node_venv_lib_python3_12_site-packages_PyQt6_Qt6_qml_QtQuick_Controls_designer_images_tumbler-icon_png["tumbler-icon.png"]\n    Root --> node_venv["venv"]\n    node_venv --> node_venv_lib["lib"]\n    node_venv_lib --> node_venv_lib_python3_12["python3.12"]\n    node_venv_lib_python3_12 --> node_venv_lib_python3_12_site-packages["site-packages"]\n    node_venv_lib_python3_12_site-packages --> node_venv_lib_python3_12_site-packages_PyQt6["PyQt6"]\n    node_venv_lib_python3_12_site-packages_PyQt6 --> node_venv_lib_python3_12_site-packages_PyQt6_Qt6["Qt6"]\n    node_venv_lib_python3_12_site-packages_PyQt6_Qt6 --> node_venv_lib_python3_12_site-packages_PyQt6_Qt6_qml["qml"]\n    node_venv_lib_python3_12_site-packages_PyQt6_Qt6_qml --> node_venv_lib_python3_12_site-packages_PyQt6_Qt6_qml_QtQuick["QtQuick"]\n    node_venv_lib_python3_12_site-packages_PyQt6_Qt6_qml_QtQuick --> node_venv_lib_python3_12_site-packages_PyQt6_Qt6_qml_QtQuick_Controls["Controls"]\n    node_venv_lib_python3_12_site-packages_PyQt6_Qt6_qml_QtQuick_Controls --> node_venv_lib_python3_12_site-packages_PyQt6_Qt6_qml_QtQuick_Controls_designer["designer"]\n    node_venv_lib_python3_12_site-packages_PyQt6_Qt6_qml_QtQuick_Controls_designer --> node_venv_lib_python3_12_site-packages_PyQt6_Qt6_qml_QtQuick_Controls_designer_images["images"]\n    node_venv_lib_python3_12_site-packages_PyQt6_Qt6_qml_QtQuick_Controls_designer_images --> node_venv_lib_python3_12_site-packages_PyQt6_Qt6_qml_QtQuick_Controls_designer_images_tumbler-icon16_png["tumbler-icon16.png"]\n    Root --> node_venv["venv"]\n    node_venv --> node_venv_lib["lib"]\n    node_venv_lib --> node_venv_lib_python3_12["python3.12"]\n    node_venv_lib_python3_12 --> node_venv_lib_python3_12_site-packages["site-packages"]\n    node_venv_lib_python3_12_site-packages --> node_venv_lib_python3_12_site-packages_PyQt6["PyQt6"]\n    node_venv_lib_python3_12_site-packages_PyQt6 --> node_venv_lib_python3_12_site-packages_PyQt6_Qt6["Qt6"]\n    node_venv_lib_python3_12_site-packages_PyQt6_Qt6 --> node_venv_lib_python3_12_site-packages_PyQt6_Qt6_qml["qml"]\n    node_venv_lib_python3_12_site-packages_PyQt6_Qt6_qml --> node_venv_lib_python3_12_site-packages_PyQt6_Qt6_qml_QtQuick["QtQuick"]\n    node_venv_lib_python3_12_site-packages_PyQt6_Qt6_qml_QtQuick --> node_venv_lib_python3_12_site-packages_PyQt6_Qt6_qml_QtQuick_Controls["Controls"]\n    node_venv_lib_python3_12_site-packages_PyQt6_Qt6_qml_QtQuick_Controls --> node_venv_lib_python3_12_site-packages_PyQt6_Qt6_qml_QtQuick_Controls_designer["designer"]\n    node_venv_lib_python3_12_site-packages_PyQt6_Qt6_qml_QtQuick_Controls_designer --> node_venv_lib_python3_12_site-packages_PyQt6_Qt6_qml_QtQuick_Controls_designer_images["images"]\n    node_venv_lib_python3_12_site-packages_PyQt6_Qt6_qml_QtQuick_Controls_designer_images --> node_venv_lib_python3_12_site-packages_PyQt6_Qt6_qml_QtQuick_Controls_designer_images_tumbler-icon@2x_png["tumbler-icon@2x.png"]\n    Root --> node_venv["venv"]\n    node_venv --> node_venv_lib["lib"]\n    node_venv_lib --> node_venv_lib_python3_12["python3.12"]\n    node_venv_lib_python3_12 --> node_venv_lib_python3_12_site-packages["site-packages"]\n    node_venv_lib_python3_12_site-packages --> node_venv_lib_python3_12_site-packages_PyQt6["PyQt6"]\n    node_venv_lib_python3_12_site-packages_PyQt6 --> node_venv_lib_python3_12_site-packages_PyQt6_Qt6["Qt6"]\n    node_venv_lib_python3_12_site-packages_PyQt6_Qt6 --> node_venv_lib_python3_12_site-packages_PyQt6_Qt6_qml["qml"]\n    node_venv_lib_python3_12_site-packages_PyQt6_Qt6_qml --> node_venv_lib_python3_12_site-packages_PyQt6_Qt6_qml_QtQuick["QtQuick"]\n    node_venv_lib_python3_12_site-packages_PyQt6_Qt6_qml_QtQuick --> node_venv_lib_python3_12_site-packages_PyQt6_Qt6_qml_QtQuick_Controls["Controls"]\n    node_venv_lib_python3_12_site-packages_PyQt6_Qt6_qml_QtQuick_Controls --> node_venv_lib_python3_12_site-packages_PyQt6_Qt6_qml_QtQuick_Controls_Material["Material"]\n    node_venv_lib_python3_12_site-packages_PyQt6_Qt6_qml_QtQuick_Controls_Material --> node_venv_lib_python3_12_site-packages_PyQt6_Qt6_qml_QtQuick_Controls_Material_ApplicationWindow_qml["ApplicationWindow.qml"]\n    Root --> node_venv["venv"]\n    node_venv --> node_venv_lib["lib"]\n    node_venv_lib --> node_venv_lib_python3_12["python3.12"]\n    node_venv_lib_python3_12 --> node_venv_lib_python3_12_site-packages["site-packages"]\n    node_venv_lib_python3_12_site-packages --> node_venv_lib_python3_12_site-packages_PyQt6["PyQt6"]\n    node_venv_lib_python3_12_site-packages_PyQt6 --> node_venv_lib_python3_12_site-packages_PyQt6_Qt6["Qt6"]\n    node_venv_lib_python3_12_site-packages_PyQt6_Qt6 --> node_venv_lib_python3_12_site-packages_PyQt6_Qt6_qml["qml"]\n    node_venv_lib_python3_12_site-packages_PyQt6_Qt6_qml --> node_venv_lib_python3_12_site-packages_PyQt6_Qt6_qml_QtQuick["QtQuick"]\n    node_venv_lib_python3_12_site-packages_PyQt6_Qt6_qml_QtQuick --> node_venv_lib_python3_12_site-packages_PyQt6_Qt6_qml_QtQuick_Controls["Controls"]\n    node_venv_lib_python3_12_site-packages_PyQt6_Qt6_qml_QtQuick_Controls --> node_venv_lib_python3_12_site-packages_PyQt6_Qt6_qml_QtQuick_Controls_Material["Material"]\n    node_venv_lib_python3_12_site-packages_PyQt6_Qt6_qml_QtQuick_Controls_Material --> node_venv_lib_python3_12_site-packages_PyQt6_Qt6_qml_QtQuick_Controls_Material_BusyIndicator_qml["BusyIndicator.qml"]\n    Root --> node_venv["venv"]\n    node_venv --> node_venv_lib["lib"]\n    node_venv_lib --> node_venv_lib_python3_12["python3.12"]\n    node_venv_lib_python3_12 --> node_venv_lib_python3_12_site-packages["site-packages"]\n    node_venv_lib_python3_12_site-packages --> node_venv_lib_python3_12_site-packages_PyQt6["PyQt6"]\n    node_venv_lib_python3_12_site-packages_PyQt6 --> node_venv_lib_python3_12_site-packages_PyQt6_Qt6["Qt6"]\n    node_venv_lib_python3_12_site-packages_PyQt6_Qt6 --> node_venv_lib_python3_12_site-packages_PyQt6_Qt6_qml["qml"]\n    node_venv_lib_python3_12_site-packages_PyQt6_Qt6_qml --> node_venv_lib_python3_12_site-packages_PyQt6_Qt6_qml_QtQuick["QtQuick"]\n    node_venv_lib_python3_12_site-packages_PyQt6_Qt6_qml_QtQuick --> node_venv_lib_python3_12_site-packages_PyQt6_Qt6_qml_QtQuick_Controls["Controls"]\n    node_venv_lib_python3_12_site-packages_PyQt6_Qt6_qml_QtQuick_Controls --> node_venv_lib_python3_12_site-packages_PyQt6_Qt6_qml_QtQuick_Controls_Material["Material"]\n    node_venv_lib_python3_12_site-packages_PyQt6_Qt6_qml_QtQuick_Controls_Material --> node_venv_lib_python3_12_site-packages_PyQt6_Qt6_qml_QtQuick_Controls_Material_Button_qml["Button.qml"]\n    Root --> node_venv["venv"]\n    node_venv --> node_venv_lib["lib"]\n    node_venv_lib --> node_venv_lib_python3_12["python3.12"]\n    node_venv_lib_python3_12 --> node_venv_lib_python3_12_site-packages["site-packages"]\n    node_venv_lib_python3_12_site-packages --> node_venv_lib_python3_12_site-packages_PyQt6["PyQt6"]\n    node_venv_lib_python3_12_site-packages_PyQt6 --> node_venv_lib_python3_12_site-packages_PyQt6_Qt6["Qt6"]\n    node_venv_lib_python3_12_site-packages_PyQt6_Qt6 --> node_venv_lib_python3_12_site-packages_PyQt6_Qt6_qml["qml"]\n    node_venv_lib_python3_12_site-packages_PyQt6_Qt6_qml --> node_venv_lib_python3_12_site-packages_PyQt6_Qt6_qml_QtQuick["QtQuick"]\n    node_venv_lib_python3_12_site-packages_PyQt6_Qt6_qml_QtQuick --> node_venv_lib_python3_12_site-packages_PyQt6_Qt6_qml_QtQuick_Controls["Controls"]\n    node_venv_lib_python3_12_site-packages_PyQt6_Qt6_qml_QtQuick_Controls --> node_venv_lib_python3_12_site-packages_PyQt6_Qt6_qml_QtQuick_Controls_Material["Material"]\n    node_venv_lib_python3_12_site-packages_PyQt6_Qt6_qml_QtQuick_Controls_Material --> node_venv_lib_python3_12_site-packages_PyQt6_Qt6_qml_QtQuick_Controls_Material_CheckBox_qml["CheckBox.qml"]\n    Root --> node_venv["venv"]\n    node_venv --> node_venv_lib["lib"]\n    node_venv_lib --> node_venv_lib_python3_12["python3.12"]\n    node_venv_lib_python3_12 --> node_venv_lib_python3_12_site-packages["site-packages"]\n    node_venv_lib_python3_12_site-packages --> node_venv_lib_python3_12_site-packages_PyQt6["PyQt6"]\n    node_venv_lib_python3_12_site-packages_PyQt6 --> node_venv_lib_python3_12_site-packages_PyQt6_Qt6["Qt6"]\n    node_venv_lib_python3_12_site-packages_PyQt6_Qt6 --> node_venv_lib_python3_12_site-packages_PyQt6_Qt6_qml["qml"]\n    node_venv_lib_python3_12_site-packages_PyQt6_Qt6_qml --> node_venv_lib_python3_12_site-packages_PyQt6_Qt6_qml_QtQuick["QtQuick"]\n    node_venv_lib_python3_12_site-packages_PyQt6_Qt6_qml_QtQuick --> node_venv_lib_python3_12_site-packages_PyQt6_Qt6_qml_QtQuick_Controls["Controls"]\n    node_venv_lib_python3_12_site-packages_PyQt6_Qt6_qml_QtQuick_Controls --> node_venv_lib_python3_12_site-packages_PyQt6_Qt6_qml_QtQuick_Controls_Material["Material"]\n    node_venv_lib_python3_12_site-packages_PyQt6_Qt6_qml_QtQuick_Controls_Material --> node_venv_lib_python3_12_site-packages_PyQt6_Qt6_qml_QtQuick_Controls_Material_CheckDelegate_qml["CheckDelegate.qml"]\n    Root --> node_venv["venv"]\n    node_venv --> node_venv_lib["lib"]\n    node_venv_lib --> node_venv_lib_python3_12["python3.12"]\n    node_venv_lib_python3_12 --> node_venv_lib_python3_12_site-packages["site-packages"]\n    node_venv_lib_python3_12_site-packages --> node_venv_lib_python3_12_site-packages_PyQt6["PyQt6"]\n    node_venv_lib_python3_12_site-packages_PyQt6 --> node_venv_lib_python3_12_site-packages_PyQt6_Qt6["Qt6"]\n    node_venv_lib_python3_12_site-packages_PyQt6_Qt6 --> node_venv_lib_python3_12_site-packages_PyQt6_Qt6_qml["qml"]\n    node_venv_lib_python3_12_site-packages_PyQt6_Qt6_qml --> node_venv_lib_python3_12_site-packages_PyQt6_Qt6_qml_QtQuick["QtQuick"]\n    node_venv_lib_python3_12_site-packages_PyQt6_Qt6_qml_QtQuick --> node_venv_lib_python3_12_site-packages_PyQt6_Qt6_qml_QtQuick_Controls["Controls"]\n    node_venv_lib_python3_12_site-packages_PyQt6_Qt6_qml_QtQuick_Controls --> node_venv_lib_python3_12_site-packages_PyQt6_Qt6_qml_QtQuick_Controls_Material["Material"]\n    node_venv_lib_python3_12_site-packages_PyQt6_Qt6_qml_QtQuick_Controls_Material --> node_venv_lib_python3_12_site-packages_PyQt6_Qt6_qml_QtQuick_Controls_Material_ComboBox_qml["ComboBox.qml"]\n    Root --> node_venv["venv"]\n    node_venv --> node_venv_lib["lib"]\n    node_venv_lib --> node_venv_lib_python3_12["python3.12"]\n    node_venv_lib_python3_12 --> node_venv_lib_python3_12_site-packages["site-packages"]\n    node_venv_lib_python3_12_site-packages --> node_venv_lib_python3_12_site-packages_PyQt6["PyQt6"]\n    node_venv_lib_python3_12_site-packages_PyQt6 --> node_venv_lib_python3_12_site-packages_PyQt6_Qt6["Qt6"]\n    node_venv_lib_python3_12_site-packages_PyQt6_Qt6 --> node_venv_lib_python3_12_site-packages_PyQt6_Qt6_qml["qml"]\n    node_venv_lib_python3_12_site-packages_PyQt6_Qt6_qml --> node_venv_lib_python3_12_site-packages_PyQt6_Qt6_qml_QtQuick["QtQuick"]\n    node_venv_lib_python3_12_site-packages_PyQt6_Qt6_qml_QtQuick --> node_venv_lib_python3_12_site-packages_PyQt6_Qt6_qml_QtQuick_Controls["Controls"]\n    node_venv_lib_python3_12_site-packages_PyQt6_Qt6_qml_QtQuick_Controls --> node_venv_lib_python3_12_site-packages_PyQt6_Qt6_qml_QtQuick_Controls_Material["Material"]\n    node_venv_lib_python3_12_site-packages_PyQt6_Qt6_qml_QtQuick_Controls_Material --> node_venv_lib_python3_12_site-packages_PyQt6_Qt6_qml_QtQuick_Controls_Material_DelayButton_qml["DelayButton.qml"]\n    Root --> node_venv["venv"]\n    node_venv --> node_venv_lib["lib"]\n    node_venv_lib --> node_venv_lib_python3_12["python3.12"]\n    node_venv_lib_python3_12 --> node_venv_lib_python3_12_site-packages["site-packages"]\n    node_venv_lib_python3_12_site-packages --> node_venv_lib_python3_12_site-packages_PyQt6["PyQt6"]\n    node_venv_lib_python3_12_site-packages_PyQt6 --> node_venv_lib_python3_12_site-packages_PyQt6_Qt6["Qt6"]\n    node_venv_lib_python3_12_site-packages_PyQt6_Qt6 --> node_venv_lib_python3_12_site-packages_PyQt6_Qt6_qml["qml"]\n    node_venv_lib_python3_12_site-packages_PyQt6_Qt6_qml --> node_venv_lib_python3_12_site-packages_PyQt6_Qt6_qml_QtQuick["QtQuick"]\n    node_venv_lib_python3_12_site-packages_PyQt6_Qt6_qml_QtQuick --> node_venv_lib_python3_12_site-packages_PyQt6_Qt6_qml_QtQuick_Controls["Controls"]\n    node_venv_lib_python3_12_site-packages_PyQt6_Qt6_qml_QtQuick_Controls --> node_venv_lib_python3_12_site-packages_PyQt6_Qt6_qml_QtQuick_Controls_Material["Material"]\n    node_venv_lib_python3_12_site-packages_PyQt6_Qt6_qml_QtQuick_Controls_Material --> node_venv_lib_python3_12_site-packages_PyQt6_Qt6_qml_QtQuick_Controls_Material_Dial_qml["Dial.qml"]\n    Root --> node_venv["venv"]\n    node_venv --> node_venv_lib["lib"]\n    node_venv_lib --> node_venv_lib_python3_12["python3.12"]\n    node_venv_lib_python3_12 --> node_venv_lib_python3_12_site-packages["site-packages"]\n    node_venv_lib_python3_12_site-packages --> node_venv_lib_python3_12_site-packages_PyQt6["PyQt6"]\n    node_venv_lib_python3_12_site-packages_PyQt6 --> node_venv_lib_python3_12_site-packages_PyQt6_Qt6["Qt6"]\n    node_venv_lib_python3_12_site-packages_PyQt6_Qt6 --> node_venv_lib_python3_12_site-packages_PyQt6_Qt6_qml["qml"]\n    node_venv_lib_python3_12_site-packages_PyQt6_Qt6_qml --> node_venv_lib_python3_12_site-packages_PyQt6_Qt6_qml_QtQuick["QtQuick"]\n    node_venv_lib_python3_12_site-packages_PyQt6_Qt6_qml_QtQuick --> node_venv_lib_python3_12_site-packages_PyQt6_Qt6_qml_QtQuick_Controls["Controls"]\n    node_venv_lib_python3_12_site-packages_PyQt6_Qt6_qml_QtQuick_Controls --> node_venv_lib_python3_12_site-packages_PyQt6_Qt6_qml_QtQuick_Controls_Material["Material"]\n    node_venv_lib_python3_12_site-packages_PyQt6_Qt6_qml_QtQuick_Controls_Material --> node_venv_lib_python3_12_site-packages_PyQt6_Qt6_qml_QtQuick_Controls_Material_Dialog_qml["Dialog.qml"]\n    Root --> node_venv["venv"]\n    node_venv --> node_venv_lib["lib"]\n    node_venv_lib --> node_venv_lib_python3_12["python3.12"]\n    node_venv_lib_python3_12 --> node_venv_lib_python3_12_site-packages["site-packages"]\n    node_venv_lib_python3_12_site-packages --> node_venv_lib_python3_12_site-packages_PyQt6["PyQt6"]\n    node_venv_lib_python3_12_site-packages_PyQt6 --> node_venv_lib_python3_12_site-packages_PyQt6_Qt6["Qt6"]\n    node_venv_lib_python3_12_site-packages_PyQt6_Qt6 --> node_venv_lib_python3_12_site-packages_PyQt6_Qt6_qml["qml"]\n    node_venv_lib_python3_12_site-packages_PyQt6_Qt6_qml --> node_venv_lib_python3_12_site-packages_PyQt6_Qt6_qml_QtQuick["QtQuick"]\n    node_venv_lib_python3_12_site-packages_PyQt6_Qt6_qml_QtQuick --> node_venv_lib_python3_12_site-packages_PyQt6_Qt6_qml_QtQuick_Controls["Controls"]\n    node_venv_lib_python3_12_site-packages_PyQt6_Qt6_qml_QtQuick_Controls --> node_venv_lib_python3_12_site-packages_PyQt6_Qt6_qml_QtQuick_Controls_Material["Material"]\n    node_venv_lib_python3_12_site-packages_PyQt6_Qt6_qml_QtQuick_Controls_Material --> node_venv_lib_python3_12_site-packages_PyQt6_Qt6_qml_QtQuick_Controls_Material_DialogButtonBox_qml["DialogButtonBox.qml"]\n    Root --> node_venv["venv"]\n    node_venv --> node_venv_lib["lib"]\n    node_venv_lib --> node_venv_lib_python3_12["python3.12"]\n    node_venv_lib_python3_12 --> node_venv_lib_python3_12_site-packages["site-packages"]\n    node_venv_lib_python3_12_site-packages --> node_venv_lib_python3_12_site-packages_PyQt6["PyQt6"]\n    node_venv_lib_python3_12_site-packages_PyQt6 --> node_venv_lib_python3_12_site-packages_PyQt6_Qt6["Qt6"]\n    node_venv_lib_python3_12_site-packages_PyQt6_Qt6 --> node_venv_lib_python3_12_site-packages_PyQt6_Qt6_qml["qml"]\n    node_venv_lib_python3_12_site-packages_PyQt6_Qt6_qml --> node_venv_lib_python3_12_site-packages_PyQt6_Qt6_qml_QtQuick["QtQuick"]\n    node_venv_lib_python3_12_site-packages_PyQt6_Qt6_qml_QtQuick --> node_venv_lib_python3_12_site-packages_PyQt6_Qt6_qml_QtQuick_Controls["Controls"]\n    node_venv_lib_python3_12_site-packages_PyQt6_Qt6_qml_QtQuick_Controls --> node_venv_lib_python3_12_site-packages_PyQt6_Qt6_qml_QtQuick_Controls_Material["Material"]\n    node_venv_lib_python3_12_site-packages_PyQt6_Qt6_qml_QtQuick_Controls_Material --> node_venv_lib_python3_12_site-packages_PyQt6_Qt6_qml_QtQuick_Controls_Material_Drawer_qml["Drawer.qml"]\n    Root --> node_venv["venv"]\n    node_venv --> node_venv_lib["lib"]\n    node_venv_lib --> node_venv_lib_python3_12["python3.12"]\n    node_venv_lib_python3_12 --> node_venv_lib_python3_12_site-packages["site-packages"]\n    node_venv_lib_python3_12_site-packages --> node_venv_lib_python3_12_site-packages_PyQt6["PyQt6"]\n    node_venv_lib_python3_12_site-packages_PyQt6 --> node_venv_lib_python3_12_site-packages_PyQt6_Qt6["Qt6"]\n    node_venv_lib_python3_12_site-packages_PyQt6_Qt6 --> node_venv_lib_python3_12_site-packages_PyQt6_Qt6_qml["qml"]\n    node_venv_lib_python3_12_site-packages_PyQt6_Qt6_qml --> node_venv_lib_python3_12_site-packages_PyQt6_Qt6_qml_QtQuick["QtQuick"]\n    node_venv_lib_python3_12_site-packages_PyQt6_Qt6_qml_QtQuick --> node_venv_lib_python3_12_site-packages_PyQt6_Qt6_qml_QtQuick_Controls["Controls"]\n    node_venv_lib_python3_12_site-packages_PyQt6_Qt6_qml_QtQuick_Controls --> node_venv_lib_python3_12_site-packages_PyQt6_Qt6_qml_QtQuick_Controls_Material["Material"]\n    node_venv_lib_python3_12_site-packages_PyQt6_Qt6_qml_QtQuick_Controls_Material --> node_venv_lib_python3_12_site-packages_PyQt6_Qt6_qml_QtQuick_Controls_Material_Frame_qml["Frame.qml"]\n    Root --> node_venv["venv"]\n    node_venv --> node_venv_lib["lib"]\n    node_venv_lib --> node_venv_lib_python3_12["python3.12"]\n    node_venv_lib_python3_12 --> node_venv_lib_python3_12_site-packages["site-packages"]\n    node_venv_lib_python3_12_site-packages --> node_venv_lib_python3_12_site-packages_PyQt6["PyQt6"]\n    node_venv_lib_python3_12_site-packages_PyQt6 --> node_venv_lib_python3_12_site-packages_PyQt6_Qt6["Qt6"]\n    node_venv_lib_python3_12_site-packages_PyQt6_Qt6 --> node_venv_lib_python3_12_site-packages_PyQt6_Qt6_qml["qml"]\n    node_venv_lib_python3_12_site-packages_PyQt6_Qt6_qml --> node_venv_lib_python3_12_site-packages_PyQt6_Qt6_qml_QtQuick["QtQuick"]\n    node_venv_lib_python3_12_site-packages_PyQt6_Qt6_qml_QtQuick --> node_venv_lib_python3_12_site-packages_PyQt6_Qt6_qml_QtQuick_Controls["Controls"]\n    node_venv_lib_python3_12_site-packages_PyQt6_Qt6_qml_QtQuick_Controls --> node_venv_lib_python3_12_site-packages_PyQt6_Qt6_qml_QtQuick_Controls_Material["Material"]\n    node_venv_lib_python3_12_site-packages_PyQt6_Qt6_qml_QtQuick_Controls_Material --> node_venv_lib_python3_12_site-packages_PyQt6_Qt6_qml_QtQuick_Controls_Material_GroupBox_qml["GroupBox.qml"]\n    Root --> node_venv["venv"]\n    node_venv --> node_venv_lib["lib"]\n    node_venv_lib --> node_venv_lib_python3_12["python3.12"]\n    node_venv_lib_python3_12 --> node_venv_lib_python3_12_site-packages["site-packages"]\n    node_venv_lib_python3_12_site-packages --> node_venv_lib_python3_12_site-packages_PyQt6["PyQt6"]\n    node_venv_lib_python3_12_site-packages_PyQt6 --> node_venv_lib_python3_12_site-packages_PyQt6_Qt6["Qt6"]\n    node_venv_lib_python3_12_site-packages_PyQt6_Qt6 --> node_venv_lib_python3_12_site-packages_PyQt6_Qt6_qml["qml"]\n    node_venv_lib_python3_12_site-packages_PyQt6_Qt6_qml --> node_venv_lib_python3_12_site-packages_PyQt6_Qt6_qml_QtQuick["QtQuick"]\n    node_venv_lib_python3_12_site-packages_PyQt6_Qt6_qml_QtQuick --> node_venv_lib_python3_12_site-packages_PyQt6_Qt6_qml_QtQuick_Controls["Controls"]\n    node_venv_lib_python3_12_site-packages_PyQt6_Qt6_qml_QtQuick_Controls --> node_venv_lib_python3_12_site-packages_PyQt6_Qt6_qml_QtQuick_Controls_Material["Material"]\n    node_venv_lib_python3_12_site-packages_PyQt6_Qt6_qml_QtQuick_Controls_Material --> node_venv_lib_python3_12_site-packages_PyQt6_Qt6_qml_QtQuick_Controls_Material_HorizontalHeaderView_qml["HorizontalHeaderView.qml"]\n    Root --> node_venv["venv"]\n    node_venv --> node_venv_lib["lib"]\n    node_venv_lib --> node_venv_lib_python3_12["python3.12"]\n    node_venv_lib_python3_12 --> node_venv_lib_python3_12_site-packages["site-packages"]\n    node_venv_lib_python3_12_site-packages --> node_venv_lib_python3_12_site-packages_PyQt6["PyQt6"]\n    node_venv_lib_python3_12_site-packages_PyQt6 --> node_venv_lib_python3_12_site-packages_PyQt6_Qt6["Qt6"]\n    node_venv_lib_python3_12_site-packages_PyQt6_Qt6 --> node_venv_lib_python3_12_site-packages_PyQt6_Qt6_qml["qml"]\n    node_venv_lib_python3_12_site-packages_PyQt6_Qt6_qml --> node_venv_lib_python3_12_site-packages_PyQt6_Qt6_qml_QtQuick["QtQuick"]\n    node_venv_lib_python3_12_site-packages_PyQt6_Qt6_qml_QtQuick --> node_venv_lib_python3_12_site-packages_PyQt6_Qt6_qml_QtQuick_Controls["Controls"]\n    node_venv_lib_python3_12_site-packages_PyQt6_Qt6_qml_QtQuick_Controls --> node_venv_lib_python3_12_site-packages_PyQt6_Qt6_qml_QtQuick_Controls_Material["Material"]\n    node_venv_lib_python3_12_site-packages_PyQt6_Qt6_qml_QtQuick_Controls_Material --> node_venv_lib_python3_12_site-packages_PyQt6_Qt6_qml_QtQuick_Controls_Material_HorizontalHeaderViewDelegate_qml["HorizontalHeaderViewDelegate.qml"]\n    Root --> node_venv["venv"]\n    node_venv --> node_venv_lib["lib"]\n    node_venv_lib --> node_venv_lib_python3_12["python3.12"]\n    node_venv_lib_python3_12 --> node_venv_lib_python3_12_site-packages["site-packages"]\n    node_venv_lib_python3_12_site-packages --> node_venv_lib_python3_12_site-packages_PyQt6["PyQt6"]\n    node_venv_lib_python3_12_site-packages_PyQt6 --> node_venv_lib_python3_12_site-packages_PyQt6_Qt6["Qt6"]\n    node_venv_lib_python3_12_site-packages_PyQt6_Qt6 --> node_venv_lib_python3_12_site-packages_PyQt6_Qt6_qml["qml"]\n    node_venv_lib_python3_12_site-packages_PyQt6_Qt6_qml --> node_venv_lib_python3_12_site-packages_PyQt6_Qt6_qml_QtQuick["QtQuick"]\n    node_venv_lib_python3_12_site-packages_PyQt6_Qt6_qml_QtQuick --> node_venv_lib_python3_12_site-packages_PyQt6_Qt6_qml_QtQuick_Controls["Controls"]\n    node_venv_lib_python3_12_site-packages_PyQt6_Qt6_qml_QtQuick_Controls --> node_venv_lib_python3_12_site-packages_PyQt6_Qt6_qml_QtQuick_Controls_Material["Material"]\n    node_venv_lib_python3_12_site-packages_PyQt6_Qt6_qml_QtQuick_Controls_Material --> node_venv_lib_python3_12_site-packages_PyQt6_Qt6_qml_QtQuick_Controls_Material_ItemDelegate_qml["ItemDelegate.qml"]\n    Root --> node_venv["venv"]\n    node_venv --> node_venv_lib["lib"]\n    node_venv_lib --> node_venv_lib_python3_12["python3.12"]\n    node_venv_lib_python3_12 --> node_venv_lib_python3_12_site-packages["site-packages"]\n    node_venv_lib_python3_12_site-packages --> node_venv_lib_python3_12_site-packages_PyQt6["PyQt6"]\n    node_venv_lib_python3_12_site-packages_PyQt6 --> node_venv_lib_python3_12_site-packages_PyQt6_Qt6["Qt6"]\n    node_venv_lib_python3_12_site-packages_PyQt6_Qt6 --> node_venv_lib_python3_12_site-packages_PyQt6_Qt6_qml["qml"]\n    node_venv_lib_python3_12_site-packages_PyQt6_Qt6_qml --> node_venv_lib_python3_12_site-packages_PyQt6_Qt6_qml_QtQuick["QtQuick"]\n    node_venv_lib_python3_12_site-packages_PyQt6_Qt6_qml_QtQuick --> node_venv_lib_python3_12_site-packages_PyQt6_Qt6_qml_QtQuick_Controls["Controls"]\n    node_venv_lib_python3_12_site-packages_PyQt6_Qt6_qml_QtQuick_Controls --> node_venv_lib_python3_12_site-packages_PyQt6_Qt6_qml_QtQuick_Controls_Material["Material"]\n    node_venv_lib_python3_12_site-packages_PyQt6_Qt6_qml_QtQuick_Controls_Material --> node_venv_lib_python3_12_site-packages_PyQt6_Qt6_qml_QtQuick_Controls_Material_Label_qml["Label.qml"]\n    Root --> node_venv["venv"]\n    node_venv --> node_venv_lib["lib"]\n    node_venv_lib --> node_venv_lib_python3_12["python3.12"]\n    node_venv_lib_python3_12 --> node_venv_lib_python3_12_site-packages["site-packages"]\n    node_venv_lib_python3_12_site-packages --> node_venv_lib_python3_12_site-packages_PyQt6["PyQt6"]\n    node_venv_lib_python3_12_site-packages_PyQt6 --> node_venv_lib_python3_12_site-packages_PyQt6_Qt6["Qt6"]\n    node_venv_lib_python3_12_site-packages_PyQt6_Qt6 --> node_venv_lib_python3_12_site-packages_PyQt6_Qt6_qml["qml"]\n    node_venv_lib_python3_12_site-packages_PyQt6_Qt6_qml --> node_venv_lib_python3_12_site-packages_PyQt6_Qt6_qml_QtQuick["QtQuick"]\n    node_venv_lib_python3_12_site-packages_PyQt6_Qt6_qml_QtQuick --> node_venv_lib_python3_12_site-packages_PyQt6_Qt6_qml_QtQuick_Controls["Controls"]\n    node_venv_lib_python3_12_site-packages_PyQt6_Qt6_qml_QtQuick_Controls --> node_venv_lib_python3_12_site-packages_PyQt6_Qt6_qml_QtQuick_Controls_Material["Material"]\n    node_venv_lib_python3_12_site-packages_PyQt6_Qt6_qml_QtQuick_Controls_Material --> node_venv_lib_python3_12_site-packages_PyQt6_Qt6_qml_QtQuick_Controls_Material_Menu_qml["Menu.qml"]\n    Root --> node_venv["venv"]\n    node_venv --> node_venv_lib["lib"]\n    node_venv_lib --> node_venv_lib_python3_12["python3.12"]\n    node_venv_lib_python3_12 --> node_venv_lib_python3_12_site-packages["site-packages"]\n    node_venv_lib_python3_12_site-packages --> node_venv_lib_python3_12_site-packages_PyQt6["PyQt6"]\n    node_venv_lib_python3_12_site-packages_PyQt6 --> node_venv_lib_python3_12_site-packages_PyQt6_Qt6["Qt6"]\n    node_venv_lib_python3_12_site-packages_PyQt6_Qt6 --> node_venv_lib_python3_12_site-packages_PyQt6_Qt6_qml["qml"]\n    node_venv_lib_python3_12_site-packages_PyQt6_Qt6_qml --> node_venv_lib_python3_12_site-packages_PyQt6_Qt6_qml_QtQuick["QtQuick"]\n    node_venv_lib_python3_12_site-packages_PyQt6_Qt6_qml_QtQuick --> node_venv_lib_python3_12_site-packages_PyQt6_Qt6_qml_QtQuick_Controls["Controls"]\n    node_venv_lib_python3_12_site-packages_PyQt6_Qt6_qml_QtQuick_Controls --> node_venv_lib_python3_12_site-packages_PyQt6_Qt6_qml_QtQuick_Controls_Material["Material"]\n    node_venv_lib_python3_12_site-packages_PyQt6_Qt6_qml_QtQuick_Controls_Material --> node_venv_lib_python3_12_site-packages_PyQt6_Qt6_qml_QtQuick_Controls_Material_MenuBar_qml["MenuBar.qml"]\n    Root --> node_venv["venv"]\n    node_venv --> node_venv_lib["lib"]\n    node_venv_lib --> node_venv_lib_python3_12["python3.12"]\n    node_venv_lib_python3_12 --> node_venv_lib_python3_12_site-packages["site-packages"]\n    node_venv_lib_python3_12_site-packages --> node_venv_lib_python3_12_site-packages_PyQt6["PyQt6"]\n    node_venv_lib_python3_12_site-packages_PyQt6 --> node_venv_lib_python3_12_site-packages_PyQt6_Qt6["Qt6"]\n    node_venv_lib_python3_12_site-packages_PyQt6_Qt6 --> node_venv_lib_python3_12_site-packages_PyQt6_Qt6_qml["qml"]\n    node_venv_lib_python3_12_site-packages_PyQt6_Qt6_qml --> node_venv_lib_python3_12_site-packages_PyQt6_Qt6_qml_QtQuick["QtQuick"]\n    node_venv_lib_python3_12_site-packages_PyQt6_Qt6_qml_QtQuick --> node_venv_lib_python3_12_site-packages_PyQt6_Qt6_qml_QtQuick_Controls["Controls"]\n    node_venv_lib_python3_12_site-packages_PyQt6_Qt6_qml_QtQuick_Controls --> node_venv_lib_python3_12_site-packages_PyQt6_Qt6_qml_QtQuick_Controls_Material["Material"]\n    node_venv_lib_python3_12_site-packages_PyQt6_Qt6_qml_QtQuick_Controls_Material --> node_venv_lib_python3_12_site-packages_PyQt6_Qt6_qml_QtQuick_Controls_Material_MenuBarItem_qml["MenuBarItem.qml"]\n    Root --> node_venv["venv"]\n    node_venv --> node_venv_lib["lib"]\n    node_venv_lib --> node_venv_lib_python3_12["python3.12"]\n    node_venv_lib_python3_12 --> node_venv_lib_python3_12_site-packages["site-packages"]\n    node_venv_lib_python3_12_site-packages --> node_venv_lib_python3_12_site-packages_PyQt6["PyQt6"]\n    node_venv_lib_python3_12_site-packages_PyQt6 --> node_venv_lib_python3_12_site-packages_PyQt6_Qt6["Qt6"]\n    node_venv_lib_python3_12_site-packages_PyQt6_Qt6 --> node_venv_lib_python3_12_site-packages_PyQt6_Qt6_qml["qml"]\n    node_venv_lib_python3_12_site-packages_PyQt6_Qt6_qml --> node_venv_lib_python3_12_site-packages_PyQt6_Qt6_qml_QtQuick["QtQuick"]\n    node_venv_lib_python3_12_site-packages_PyQt6_Qt6_qml_QtQuick --> node_venv_lib_python3_12_site-packages_PyQt6_Qt6_qml_QtQuick_Controls["Controls"]\n    node_venv_lib_python3_12_site-packages_PyQt6_Qt6_qml_QtQuick_Controls --> node_venv_lib_python3_12_site-packages_PyQt6_Qt6_qml_QtQuick_Controls_Material["Material"]\n    node_venv_lib_python3_12_site-packages_PyQt6_Qt6_qml_QtQuick_Controls_Material --> node_venv_lib_python3_12_site-packages_PyQt6_Qt6_qml_QtQuick_Controls_Material_MenuItem_qml["MenuItem.qml"]\n    Root --> node_venv["venv"]\n    node_venv --> node_venv_lib["lib"]\n    node_venv_lib --> node_venv_lib_python3_12["python3.12"]\n    node_venv_lib_python3_12 --> node_venv_lib_python3_12_site-packages["site-packages"]\n    node_venv_lib_python3_12_site-packages --> node_venv_lib_python3_12_site-packages_PyQt6["PyQt6"]\n    node_venv_lib_python3_12_site-packages_PyQt6 --> node_venv_lib_python3_12_site-packages_PyQt6_Qt6["Qt6"]\n    node_venv_lib_python3_12_site-packages_PyQt6_Qt6 --> node_venv_lib_python3_12_site-packages_PyQt6_Qt6_qml["qml"]\n    node_venv_lib_python3_12_site-packages_PyQt6_Qt6_qml --> node_venv_lib_python3_12_site-packages_PyQt6_Qt6_qml_QtQuick["QtQuick"]\n    node_venv_lib_python3_12_site-packages_PyQt6_Qt6_qml_QtQuick --> node_venv_lib_python3_12_site-packages_PyQt6_Qt6_qml_QtQuick_Controls["Controls"]\n    node_venv_lib_python3_12_site-packages_PyQt6_Qt6_qml_QtQuick_Controls --> node_venv_lib_python3_12_site-packages_PyQt6_Qt6_qml_QtQuick_Controls_Material["Material"]\n    node_venv_lib_python3_12_site-packages_PyQt6_Qt6_qml_QtQuick_Controls_Material --> node_venv_lib_python3_12_site-packages_PyQt6_Qt6_qml_QtQuick_Controls_Material_MenuSeparator_qml["MenuSeparator.qml"]\n    Root --> node_venv["venv"]\n    node_venv --> node_venv_lib["lib"]\n    node_venv_lib --> node_venv_lib_python3_12["python3.12"]\n    node_venv_lib_python3_12 --> node_venv_lib_python3_12_site-packages["site-packages"]\n    node_venv_lib_python3_12_site-packages --> node_venv_lib_python3_12_site-packages_PyQt6["PyQt6"]\n    node_venv_lib_python3_12_site-packages_PyQt6 --> node_venv_lib_python3_12_site-packages_PyQt6_Qt6["Qt6"]\n    node_venv_lib_python3_12_site-packages_PyQt6_Qt6 --> node_venv_lib_python3_12_site-packages_PyQt6_Qt6_qml["qml"]\n    node_venv_lib_python3_12_site-packages_PyQt6_Qt6_qml --> node_venv_lib_python3_12_site-packages_PyQt6_Qt6_qml_QtQuick["QtQuick"]\n    node_venv_lib_python3_12_site-packages_PyQt6_Qt6_qml_QtQuick --> node_venv_lib_python3_12_site-packages_PyQt6_Qt6_qml_QtQuick_Controls["Controls"]\n    node_venv_lib_python3_12_site-packages_PyQt6_Qt6_qml_QtQuick_Controls --> node_venv_lib_python3_12_site-packages_PyQt6_Qt6_qml_QtQuick_Controls_Material["Material"]\n    node_venv_lib_python3_12_site-packages_PyQt6_Qt6_qml_QtQuick_Controls_Material --> node_venv_lib_python3_12_site-packages_PyQt6_Qt6_qml_QtQuick_Controls_Material_Page_qml["Page.qml"]\n    Root --> node_venv["venv"]\n    node_venv --> node_venv_lib["lib"]\n    node_venv_lib --> node_venv_lib_python3_12["python3.12"]\n    node_venv_lib_python3_12 --> node_venv_lib_python3_12_site-packages["site-packages"]\n    node_venv_lib_python3_12_site-packages --> node_venv_lib_python3_12_site-packages_PyQt6["PyQt6"]\n    node_venv_lib_python3_12_site-packages_PyQt6 --> node_venv_lib_python3_12_site-packages_PyQt6_Qt6["Qt6"]\n    node_venv_lib_python3_12_site-packages_PyQt6_Qt6 --> node_venv_lib_python3_12_site-packages_PyQt6_Qt6_qml["qml"]\n    node_venv_lib_python3_12_site-packages_PyQt6_Qt6_qml --> node_venv_lib_python3_12_site-packages_PyQt6_Qt6_qml_QtQuick["QtQuick"]\n    node_venv_lib_python3_12_site-packages_PyQt6_Qt6_qml_QtQuick --> node_venv_lib_python3_12_site-packages_PyQt6_Qt6_qml_QtQuick_Controls["Controls"]\n    node_venv_lib_python3_12_site-packages_PyQt6_Qt6_qml_QtQuick_Controls --> node_venv_lib_python3_12_site-packages_PyQt6_Qt6_qml_QtQuick_Controls_Material["Material"]\n    node_venv_lib_python3_12_site-packages_PyQt6_Qt6_qml_QtQuick_Controls_Material --> node_venv_lib_python3_12_site-packages_PyQt6_Qt6_qml_QtQuick_Controls_Material_PageIndicator_qml["PageIndicator.qml"]\n    Root --> node_venv["venv"]\n    node_venv --> node_venv_lib["lib"]\n    node_venv_lib --> node_venv_lib_python3_12["python3.12"]\n    node_venv_lib_python3_12 --> node_venv_lib_python3_12_site-packages["site-packages"]\n    node_venv_lib_python3_12_site-packages --> node_venv_lib_python3_12_site-packages_PyQt6["PyQt6"]\n    node_venv_lib_python3_12_site-packages_PyQt6 --> node_venv_lib_python3_12_site-packages_PyQt6_Qt6["Qt6"]\n    node_venv_lib_python3_12_site-packages_PyQt6_Qt6 --> node_venv_lib_python3_12_site-packages_PyQt6_Qt6_qml["qml"]\n    node_venv_lib_python3_12_site-packages_PyQt6_Qt6_qml --> node_venv_lib_python3_12_site-packages_PyQt6_Qt6_qml_QtQuick["QtQuick"]\n    node_venv_lib_python3_12_site-packages_PyQt6_Qt6_qml_QtQuick --> node_venv_lib_python3_12_site-packages_PyQt6_Qt6_qml_QtQuick_Controls["Controls"]\n    node_venv_lib_python3_12_site-packages_PyQt6_Qt6_qml_QtQuick_Controls --> node_venv_lib_python3_12_site-packages_PyQt6_Qt6_qml_QtQuick_Controls_Material["Material"]\n    node_venv_lib_python3_12_site-packages_PyQt6_Qt6_qml_QtQuick_Controls_Material --> node_venv_lib_python3_12_site-packages_PyQt6_Qt6_qml_QtQuick_Controls_Material_Pane_qml["Pane.qml"]\n    Root --> node_venv["venv"]\n    node_venv --> node_venv_lib["lib"]\n    node_venv_lib --> node_venv_lib_python3_12["python3.12"]\n    node_venv_lib_python3_12 --> node_venv_lib_python3_12_site-packages["site-packages"]\n    node_venv_lib_python3_12_site-packages --> node_venv_lib_python3_12_site-packages_PyQt6["PyQt6"]\n    node_venv_lib_python3_12_site-packages_PyQt6 --> node_venv_lib_python3_12_site-packages_PyQt6_Qt6["Qt6"]\n    node_venv_lib_python3_12_site-packages_PyQt6_Qt6 --> node_venv_lib_python3_12_site-packages_PyQt6_Qt6_qml["qml"]\n    node_venv_lib_python3_12_site-packages_PyQt6_Qt6_qml --> node_venv_lib_python3_12_site-packages_PyQt6_Qt6_qml_QtQuick["QtQuick"]\n    node_venv_lib_python3_12_site-packages_PyQt6_Qt6_qml_QtQuick --> node_venv_lib_python3_12_site-packages_PyQt6_Qt6_qml_QtQuick_Controls["Controls"]\n    node_venv_lib_python3_12_site-packages_PyQt6_Qt6_qml_QtQuick_Controls --> node_venv_lib_python3_12_site-packages_PyQt6_Qt6_qml_QtQuick_Controls_Material["Material"]\n    node_venv_lib_python3_12_site-packages_PyQt6_Qt6_qml_QtQuick_Controls_Material --> node_venv_lib_python3_12_site-packages_PyQt6_Qt6_qml_QtQuick_Controls_Material_Popup_qml["Popup.qml"]\n    Root --> node_venv["venv"]\n    node_venv --> node_venv_lib["lib"]\n    node_venv_lib --> node_venv_lib_python3_12["python3.12"]\n    node_venv_lib_python3_12 --> node_venv_lib_python3_12_site-packages["site-packages"]\n    node_venv_lib_python3_12_site-packages --> node_venv_lib_python3_12_site-packages_PyQt6["PyQt6"]\n    node_venv_lib_python3_12_site-packages_PyQt6 --> node_venv_lib_python3_12_site-packages_PyQt6_Qt6["Qt6"]\n    node_venv_lib_python3_12_site-packages_PyQt6_Qt6 --> node_venv_lib_python3_12_site-packages_PyQt6_Qt6_qml["qml"]\n    node_venv_lib_python3_12_site-packages_PyQt6_Qt6_qml --> node_venv_lib_python3_12_site-packages_PyQt6_Qt6_qml_QtQuick["QtQuick"]\n    node_venv_lib_python3_12_site-packages_PyQt6_Qt6_qml_QtQuick --> node_venv_lib_python3_12_site-packages_PyQt6_Qt6_qml_QtQuick_Controls["Controls"]\n    node_venv_lib_python3_12_site-packages_PyQt6_Qt6_qml_QtQuick_Controls --> node_venv_lib_python3_12_site-packages_PyQt6_Qt6_qml_QtQuick_Controls_Material["Material"]\n    node_venv_lib_python3_12_site-packages_PyQt6_Qt6_qml_QtQuick_Controls_Material --> node_venv_lib_python3_12_site-packages_PyQt6_Qt6_qml_QtQuick_Controls_Material_ProgressBar_qml["ProgressBar.qml"]\n    Root --> node_venv["venv"]\n    node_venv --> node_venv_lib["lib"]\n    node_venv_lib --> node_venv_lib_python3_12["python3.12"]\n    node_venv_lib_python3_12 --> node_venv_lib_python3_12_site-packages["site-packages"]\n    node_venv_lib_python3_12_site-packages --> node_venv_lib_python3_12_site-packages_PyQt6["PyQt6"]\n    node_venv_lib_python3_12_site-packages_PyQt6 --> node_venv_lib_python3_12_site-packages_PyQt6_Qt6["Qt6"]\n    node_venv_lib_python3_12_site-packages_PyQt6_Qt6 --> node_venv_lib_python3_12_site-packages_PyQt6_Qt6_qml["qml"]\n    node_venv_lib_python3_12_site-packages_PyQt6_Qt6_qml --> node_venv_lib_python3_12_site-packages_PyQt6_Qt6_qml_QtQuick["QtQuick"]\n    node_venv_lib_python3_12_site-packages_PyQt6_Qt6_qml_QtQuick --> node_venv_lib_python3_12_site-packages_PyQt6_Qt6_qml_QtQuick_Controls["Controls"]\n    node_venv_lib_python3_12_site-packages_PyQt6_Qt6_qml_QtQuick_Controls --> node_venv_lib_python3_12_site-packages_PyQt6_Qt6_qml_QtQuick_Controls_Material["Material"]\n    node_venv_lib_python3_12_site-packages_PyQt6_Qt6_qml_QtQuick_Controls_Material --> node_venv_lib_python3_12_site-packages_PyQt6_Qt6_qml_QtQuick_Controls_Material_RadioButton_qml["RadioButton.qml"]\n    Root --> node_venv["venv"]\n    node_venv --> node_venv_lib["lib"]\n    node_venv_lib --> node_venv_lib_python3_12["python3.12"]\n    node_venv_lib_python3_12 --> node_venv_lib_python3_12_site-packages["site-packages"]\n    node_venv_lib_python3_12_site-packages --> node_venv_lib_python3_12_site-packages_PyQt6["PyQt6"]\n    node_venv_lib_python3_12_site-packages_PyQt6 --> node_venv_lib_python3_12_site-packages_PyQt6_Qt6["Qt6"]\n    node_venv_lib_python3_12_site-packages_PyQt6_Qt6 --> node_venv_lib_python3_12_site-packages_PyQt6_Qt6_qml["qml"]\n    node_venv_lib_python3_12_site-packages_PyQt6_Qt6_qml --> node_venv_lib_python3_12_site-packages_PyQt6_Qt6_qml_QtQuick["QtQuick"]\n    node_venv_lib_python3_12_site-packages_PyQt6_Qt6_qml_QtQuick --> node_venv_lib_python3_12_site-packages_PyQt6_Qt6_qml_QtQuick_Controls["Controls"]\n    node_venv_lib_python3_12_site-packages_PyQt6_Qt6_qml_QtQuick_Controls --> node_venv_lib_python3_12_site-packages_PyQt6_Qt6_qml_QtQuick_Controls_Material["Material"]\n    node_venv_lib_python3_12_site-packages_PyQt6_Qt6_qml_QtQuick_Controls_Material --> node_venv_lib_python3_12_site-packages_PyQt6_Qt6_qml_QtQuick_Controls_Material_RadioDelegate_qml["RadioDelegate.qml"]\n    Root --> node_venv["venv"]\n    node_venv --> node_venv_lib["lib"]\n    node_venv_lib --> node_venv_lib_python3_12["python3.12"]\n    node_venv_lib_python3_12 --> node_venv_lib_python3_12_site-packages["site-packages"]\n    node_venv_lib_python3_12_site-packages --> node_venv_lib_python3_12_site-packages_PyQt6["PyQt6"]\n    node_venv_lib_python3_12_site-packages_PyQt6 --> node_venv_lib_python3_12_site-packages_PyQt6_Qt6["Qt6"]\n    node_venv_lib_python3_12_site-packages_PyQt6_Qt6 --> node_venv_lib_python3_12_site-packages_PyQt6_Qt6_qml["qml"]\n    node_venv_lib_python3_12_site-packages_PyQt6_Qt6_qml --> node_venv_lib_python3_12_site-packages_PyQt6_Qt6_qml_QtQuick["QtQuick"]\n    node_venv_lib_python3_12_site-packages_PyQt6_Qt6_qml_QtQuick --> node_venv_lib_python3_12_site-packages_PyQt6_Qt6_qml_QtQuick_Controls["Controls"]\n    node_venv_lib_python3_12_site-packages_PyQt6_Qt6_qml_QtQuick_Controls --> node_venv_lib_python3_12_site-packages_PyQt6_Qt6_qml_QtQuick_Controls_Material["Material"]\n    node_venv_lib_python3_12_site-packages_PyQt6_Qt6_qml_QtQuick_Controls_Material --> node_venv_lib_python3_12_site-packages_PyQt6_Qt6_qml_QtQuick_Controls_Material_RangeSlider_qml["RangeSlider.qml"]\n    Root --> node_venv["venv"]\n    node_venv --> node_venv_lib["lib"]\n    node_venv_lib --> node_venv_lib_python3_12["python3.12"]\n    node_venv_lib_python3_12 --> node_venv_lib_python3_12_site-packages["site-packages"]\n    node_venv_lib_python3_12_site-packages --> node_venv_lib_python3_12_site-packages_PyQt6["PyQt6"]\n    node_venv_lib_python3_12_site-packages_PyQt6 --> node_venv_lib_python3_12_site-packages_PyQt6_Qt6["Qt6"]\n    node_venv_lib_python3_12_site-packages_PyQt6_Qt6 --> node_venv_lib_python3_12_site-packages_PyQt6_Qt6_qml["qml"]\n    node_venv_lib_python3_12_site-packages_PyQt6_Qt6_qml --> node_venv_lib_python3_12_site-packages_PyQt6_Qt6_qml_QtQuick["QtQuick"]\n    node_venv_lib_python3_12_site-packages_PyQt6_Qt6_qml_QtQuick --> node_venv_lib_python3_12_site-packages_PyQt6_Qt6_qml_QtQuick_Controls["Controls"]\n    node_venv_lib_python3_12_site-packages_PyQt6_Qt6_qml_QtQuick_Controls --> node_venv_lib_python3_12_site-packages_PyQt6_Qt6_qml_QtQuick_Controls_Material["Material"]\n    node_venv_lib_python3_12_site-packages_PyQt6_Qt6_qml_QtQuick_Controls_Material --> node_venv_lib_python3_12_site-packages_PyQt6_Qt6_qml_QtQuick_Controls_Material_RoundButton_qml["RoundButton.qml"]\n    Root --> node_venv["venv"]\n    node_venv --> node_venv_lib["lib"]\n    node_venv_lib --> node_venv_lib_python3_12["python3.12"]\n    node_venv_lib_python3_12 --> node_venv_lib_python3_12_site-packages["site-packages"]\n    node_venv_lib_python3_12_site-packages --> node_venv_lib_python3_12_site-packages_PyQt6["PyQt6"]\n    node_venv_lib_python3_12_site-packages_PyQt6 --> node_venv_lib_python3_12_site-packages_PyQt6_Qt6["Qt6"]\n    node_venv_lib_python3_12_site-packages_PyQt6_Qt6 --> node_venv_lib_python3_12_site-packages_PyQt6_Qt6_qml["qml"]\n    node_venv_lib_python3_12_site-packages_PyQt6_Qt6_qml --> node_venv_lib_python3_12_site-packages_PyQt6_Qt6_qml_QtQuick["QtQuick"]\n    node_venv_lib_python3_12_site-packages_PyQt6_Qt6_qml_QtQuick --> node_venv_lib_python3_12_site-packages_PyQt6_Qt6_qml_QtQuick_Controls["Controls"]\n    node_venv_lib_python3_12_site-packages_PyQt6_Qt6_qml_QtQuick_Controls --> node_venv_lib_python3_12_site-packages_PyQt6_Qt6_qml_QtQuick_Controls_Material["Material"]\n    node_venv_lib_python3_12_site-packages_PyQt6_Qt6_qml_QtQuick_Controls_Material --> node_venv_lib_python3_12_site-packages_PyQt6_Qt6_qml_QtQuick_Controls_Material_ScrollBar_qml["ScrollBar.qml"]\n    Root --> node_venv["venv"]\n    node_venv --> node_venv_lib["lib"]\n    node_venv_lib --> node_venv_lib_python3_12["python3.12"]\n    node_venv_lib_python3_12 --> node_venv_lib_python3_12_site-packages["site-packages"]\n    node_venv_lib_python3_12_site-packages --> node_venv_lib_python3_12_site-packages_PyQt6["PyQt6"]\n    node_venv_lib_python3_12_site-packages_PyQt6 --> node_venv_lib_python3_12_site-packages_PyQt6_Qt6["Qt6"]\n    node_venv_lib_python3_12_site-packages_PyQt6_Qt6 --> node_venv_lib_python3_12_site-packages_PyQt6_Qt6_qml["qml"]\n    node_venv_lib_python3_12_site-packages_PyQt6_Qt6_qml --> node_venv_lib_python3_12_site-packages_PyQt6_Qt6_qml_QtQuick["QtQuick"]\n    node_venv_lib_python3_12_site-packages_PyQt6_Qt6_qml_QtQuick --> node_venv_lib_python3_12_site-packages_PyQt6_Qt6_qml_QtQuick_Controls["Controls"]\n    node_venv_lib_python3_12_site-packages_PyQt6_Qt6_qml_QtQuick_Controls --> node_venv_lib_python3_12_site-packages_PyQt6_Qt6_qml_QtQuick_Controls_Material["Material"]\n    node_venv_lib_python3_12_site-packages_PyQt6_Qt6_qml_QtQuick_Controls_Material --> node_venv_lib_python3_12_site-packages_PyQt6_Qt6_qml_QtQuick_Controls_Material_ScrollIndicator_qml["ScrollIndicator.qml"]\n    Root --> node_venv["venv"]\n    node_venv --> node_venv_lib["lib"]\n    node_venv_lib --> node_venv_lib_python3_12["python3.12"]\n    node_venv_lib_python3_12 --> node_venv_lib_python3_12_site-packages["site-packages"]\n    node_venv_lib_python3_12_site-packages --> node_venv_lib_python3_12_site-packages_PyQt6["PyQt6"]\n    node_venv_lib_python3_12_site-packages_PyQt6 --> node_venv_lib_python3_12_site-packages_PyQt6_Qt6["Qt6"]\n    node_venv_lib_python3_12_site-packages_PyQt6_Qt6 --> node_venv_lib_python3_12_site-packages_PyQt6_Qt6_qml["qml"]\n    node_venv_lib_python3_12_site-packages_PyQt6_Qt6_qml --> node_venv_lib_python3_12_site-packages_PyQt6_Qt6_qml_QtQuick["QtQuick"]\n    node_venv_lib_python3_12_site-packages_PyQt6_Qt6_qml_QtQuick --> node_venv_lib_python3_12_site-packages_PyQt6_Qt6_qml_QtQuick_Controls["Controls"]\n    node_venv_lib_python3_12_site-packages_PyQt6_Qt6_qml_QtQuick_Controls --> node_venv_lib_python3_12_site-packages_PyQt6_Qt6_qml_QtQuick_Controls_Material["Material"]\n    node_venv_lib_python3_12_site-packages_PyQt6_Qt6_qml_QtQuick_Controls_Material --> node_venv_lib_python3_12_site-packages_PyQt6_Qt6_qml_QtQuick_Controls_Material_ScrollView_qml["ScrollView.qml"]\n    Root --> node_venv["venv"]\n    node_venv --> node_venv_lib["lib"]\n    node_venv_lib --> node_venv_lib_python3_12["python3.12"]\n    node_venv_lib_python3_12 --> node_venv_lib_python3_12_site-packages["site-packages"]\n    node_venv_lib_python3_12_site-packages --> node_venv_lib_python3_12_site-packages_PyQt6["PyQt6"]\n    node_venv_lib_python3_12_site-packages_PyQt6 --> node_venv_lib_python3_12_site-packages_PyQt6_Qt6["Qt6"]\n    node_venv_lib_python3_12_site-packages_PyQt6_Qt6 --> node_venv_lib_python3_12_site-packages_PyQt6_Qt6_qml["qml"]\n    node_venv_lib_python3_12_site-packages_PyQt6_Qt6_qml --> node_venv_lib_python3_12_site-packages_PyQt6_Qt6_qml_QtQuick["QtQuick"]\n    node_venv_lib_python3_12_site-packages_PyQt6_Qt6_qml_QtQuick --> node_venv_lib_python3_12_site-packages_PyQt6_Qt6_qml_QtQuick_Controls["Controls"]\n    node_venv_lib_python3_12_site-packages_PyQt6_Qt6_qml_QtQuick_Controls --> node_venv_lib_python3_12_site-packages_PyQt6_Qt6_qml_QtQuick_Controls_Material["Material"]\n    node_venv_lib_python3_12_site-packages_PyQt6_Qt6_qml_QtQuick_Controls_Material --> node_venv_lib_python3_12_site-packages_PyQt6_Qt6_qml_QtQuick_Controls_Material_SearchField_qml["SearchField.qml"]\n    Root --> node_venv["venv"]\n    node_venv --> node_venv_lib["lib"]\n    node_venv_lib --> node_venv_lib_python3_12["python3.12"]\n    node_venv_lib_python3_12 --> node_venv_lib_python3_12_site-packages["site-packages"]\n    node_venv_lib_python3_12_site-packages --> node_venv_lib_python3_12_site-packages_PyQt6["PyQt6"]\n    node_venv_lib_python3_12_site-packages_PyQt6 --> node_venv_lib_python3_12_site-packages_PyQt6_Qt6["Qt6"]\n    node_venv_lib_python3_12_site-packages_PyQt6_Qt6 --> node_venv_lib_python3_12_site-packages_PyQt6_Qt6_qml["qml"]\n    node_venv_lib_python3_12_site-packages_PyQt6_Qt6_qml --> node_venv_lib_python3_12_site-packages_PyQt6_Qt6_qml_QtQuick["QtQuick"]\n    node_venv_lib_python3_12_site-packages_PyQt6_Qt6_qml_QtQuick --> node_venv_lib_python3_12_site-packages_PyQt6_Qt6_qml_QtQuick_Controls["Controls"]\n    node_venv_lib_python3_12_site-packages_PyQt6_Qt6_qml_QtQuick_Controls --> node_venv_lib_python3_12_site-packages_PyQt6_Qt6_qml_QtQuick_Controls_Material["Material"]\n    node_venv_lib_python3_12_site-packages_PyQt6_Qt6_qml_QtQuick_Controls_Material --> node_venv_lib_python3_12_site-packages_PyQt6_Qt6_qml_QtQuick_Controls_Material_SelectionRectangle_qml["SelectionRectangle.qml"]\n    Root --> node_venv["venv"]\n    node_venv --> node_venv_lib["lib"]\n    node_venv_lib --> node_venv_lib_python3_12["python3.12"]\n    node_venv_lib_python3_12 --> node_venv_lib_python3_12_site-packages["site-packages"]\n    node_venv_lib_python3_12_site-packages --> node_venv_lib_python3_12_site-packages_PyQt6["PyQt6"]\n    node_venv_lib_python3_12_site-packages_PyQt6 --> node_venv_lib_python3_12_site-packages_PyQt6_Qt6["Qt6"]\n    node_venv_lib_python3_12_site-packages_PyQt6_Qt6 --> node_venv_lib_python3_12_site-packages_PyQt6_Qt6_qml["qml"]\n    node_venv_lib_python3_12_site-packages_PyQt6_Qt6_qml --> node_venv_lib_python3_12_site-packages_PyQt6_Qt6_qml_QtQuick["QtQuick"]\n    node_venv_lib_python3_12_site-packages_PyQt6_Qt6_qml_QtQuick --> node_venv_lib_python3_12_site-packages_PyQt6_Qt6_qml_QtQuick_Controls["Controls"]\n    node_venv_lib_python3_12_site-packages_PyQt6_Qt6_qml_QtQuick_Controls --> node_venv_lib_python3_12_site-packages_PyQt6_Qt6_qml_QtQuick_Controls_Material["Material"]\n    node_venv_lib_python3_12_site-packages_PyQt6_Qt6_qml_QtQuick_Controls_Material --> node_venv_lib_python3_12_site-packages_PyQt6_Qt6_qml_QtQuick_Controls_Material_Slider_qml["Slider.qml"]\n    Root --> node_venv["venv"]\n    node_venv --> node_venv_lib["lib"]\n    node_venv_lib --> node_venv_lib_python3_12["python3.12"]\n    node_venv_lib_python3_12 --> node_venv_lib_python3_12_site-packages["site-packages"]\n    node_venv_lib_python3_12_site-packages --> node_venv_lib_python3_12_site-packages_PyQt6["PyQt6"]\n    node_venv_lib_python3_12_site-packages_PyQt6 --> node_venv_lib_python3_12_site-packages_PyQt6_Qt6["Qt6"]\n    node_venv_lib_python3_12_site-packages_PyQt6_Qt6 --> node_venv_lib_python3_12_site-packages_PyQt6_Qt6_qml["qml"]\n    node_venv_lib_python3_12_site-packages_PyQt6_Qt6_qml --> node_venv_lib_python3_12_site-packages_PyQt6_Qt6_qml_QtQuick["QtQuick"]\n    node_venv_lib_python3_12_site-packages_PyQt6_Qt6_qml_QtQuick --> node_venv_lib_python3_12_site-packages_PyQt6_Qt6_qml_QtQuick_Controls["Controls"]\n    node_venv_lib_python3_12_site-packages_PyQt6_Qt6_qml_QtQuick_Controls --> node_venv_lib_python3_12_site-packages_PyQt6_Qt6_qml_QtQuick_Controls_Material["Material"]\n    node_venv_lib_python3_12_site-packages_PyQt6_Qt6_qml_QtQuick_Controls_Material --> node_venv_lib_python3_12_site-packages_PyQt6_Qt6_qml_QtQuick_Controls_Material_SpinBox_qml["SpinBox.qml"]\n    Root --> node_venv["venv"]\n    node_venv --> node_venv_lib["lib"]\n    node_venv_lib --> node_venv_lib_python3_12["python3.12"]\n    node_venv_lib_python3_12 --> node_venv_lib_python3_12_site-packages["site-packages"]\n    node_venv_lib_python3_12_site-packages --> node_venv_lib_python3_12_site-packages_PyQt6["PyQt6"]\n    node_venv_lib_python3_12_site-packages_PyQt6 --> node_venv_lib_python3_12_site-packages_PyQt6_Qt6["Qt6"]\n    node_venv_lib_python3_12_site-packages_PyQt6_Qt6 --> node_venv_lib_python3_12_site-packages_PyQt6_Qt6_qml["qml"]\n    node_venv_lib_python3_12_site-packages_PyQt6_Qt6_qml --> node_venv_lib_python3_12_site-packages_PyQt6_Qt6_qml_QtQuick["QtQuick"]\n    node_venv_lib_python3_12_site-packages_PyQt6_Qt6_qml_QtQuick --> node_venv_lib_python3_12_site-packages_PyQt6_Qt6_qml_QtQuick_Controls["Controls"]\n    node_venv_lib_python3_12_site-packages_PyQt6_Qt6_qml_QtQuick_Controls --> node_venv_lib_python3_12_site-packages_PyQt6_Qt6_qml_QtQuick_Controls_Material["Material"]\n    node_venv_lib_python3_12_site-packages_PyQt6_Qt6_qml_QtQuick_Controls_Material --> node_venv_lib_python3_12_site-packages_PyQt6_Qt6_qml_QtQuick_Controls_Material_SplitView_qml["SplitView.qml"]\n    Root --> node_venv["venv"]\n    node_venv --> node_venv_lib["lib"]\n    node_venv_lib --> node_venv_lib_python3_12["python3.12"]\n    node_venv_lib_python3_12 --> node_venv_lib_python3_12_site-packages["site-packages"]\n    node_venv_lib_python3_12_site-packages --> node_venv_lib_python3_12_site-packages_PyQt6["PyQt6"]\n    node_venv_lib_python3_12_site-packages_PyQt6 --> node_venv_lib_python3_12_site-packages_PyQt6_Qt6["Qt6"]\n    node_venv_lib_python3_12_site-packages_PyQt6_Qt6 --> node_venv_lib_python3_12_site-packages_PyQt6_Qt6_qml["qml"]\n    node_venv_lib_python3_12_site-packages_PyQt6_Qt6_qml --> node_venv_lib_python3_12_site-packages_PyQt6_Qt6_qml_QtQuick["QtQuick"]\n    node_venv_lib_python3_12_site-packages_PyQt6_Qt6_qml_QtQuick --> node_venv_lib_python3_12_site-packages_PyQt6_Qt6_qml_QtQuick_Controls["Controls"]\n    node_venv_lib_python3_12_site-packages_PyQt6_Qt6_qml_QtQuick_Controls --> node_venv_lib_python3_12_site-packages_PyQt6_Qt6_qml_QtQuick_Controls_Material["Material"]\n    node_venv_lib_python3_12_site-packages_PyQt6_Qt6_qml_QtQuick_Controls_Material --> node_venv_lib_python3_12_site-packages_PyQt6_Qt6_qml_QtQuick_Controls_Material_StackView_qml["StackView.qml"]\n    Root --> node_venv["venv"]\n    node_venv --> node_venv_lib["lib"]\n    node_venv_lib --> node_venv_lib_python3_12["python3.12"]\n    node_venv_lib_python3_12 --> node_venv_lib_python3_12_site-packages["site-packages"]\n    node_venv_lib_python3_12_site-packages --> node_venv_lib_python3_12_site-packages_PyQt6["PyQt6"]\n    node_venv_lib_python3_12_site-packages_PyQt6 --> node_venv_lib_python3_12_site-packages_PyQt6_Qt6["Qt6"]\n    node_venv_lib_python3_12_site-packages_PyQt6_Qt6 --> node_venv_lib_python3_12_site-packages_PyQt6_Qt6_qml["qml"]\n    node_venv_lib_python3_12_site-packages_PyQt6_Qt6_qml --> node_venv_lib_python3_12_site-packages_PyQt6_Qt6_qml_QtQuick["QtQuick"]\n    node_venv_lib_python3_12_site-packages_PyQt6_Qt6_qml_QtQuick --> node_venv_lib_python3_12_site-packages_PyQt6_Qt6_qml_QtQuick_Controls["Controls"]\n    node_venv_lib_python3_12_site-packages_PyQt6_Qt6_qml_QtQuick_Controls --> node_venv_lib_python3_12_site-packages_PyQt6_Qt6_qml_QtQuick_Controls_Material["Material"]\n    node_venv_lib_python3_12_site-packages_PyQt6_Qt6_qml_QtQuick_Controls_Material --> node_venv_lib_python3_12_site-packages_PyQt6_Qt6_qml_QtQuick_Controls_Material_SwipeDelegate_qml["SwipeDelegate.qml"]\n    Root --> node_venv["venv"]\n    node_venv --> node_venv_lib["lib"]\n    node_venv_lib --> node_venv_lib_python3_12["python3.12"]\n    node_venv_lib_python3_12 --> node_venv_lib_python3_12_site-packages["site-packages"]\n    node_venv_lib_python3_12_site-packages --> node_venv_lib_python3_12_site-packages_PyQt6["PyQt6"]\n    node_venv_lib_python3_12_site-packages_PyQt6 --> node_venv_lib_python3_12_site-packages_PyQt6_Qt6["Qt6"]\n    node_venv_lib_python3_12_site-packages_PyQt6_Qt6 --> node_venv_lib_python3_12_site-packages_PyQt6_Qt6_qml["qml"]\n    node_venv_lib_python3_12_site-packages_PyQt6_Qt6_qml --> node_venv_lib_python3_12_site-packages_PyQt6_Qt6_qml_QtQuick["QtQuick"]\n    node_venv_lib_python3_12_site-packages_PyQt6_Qt6_qml_QtQuick --> node_venv_lib_python3_12_site-packages_PyQt6_Qt6_qml_QtQuick_Controls["Controls"]\n    node_venv_lib_python3_12_site-packages_PyQt6_Qt6_qml_QtQuick_Controls --> node_venv_lib_python3_12_site-packages_PyQt6_Qt6_qml_QtQuick_Controls_Material["Material"]\n    node_venv_lib_python3_12_site-packages_PyQt6_Qt6_qml_QtQuick_Controls_Material --> node_venv_lib_python3_12_site-packages_PyQt6_Qt6_qml_QtQuick_Controls_Material_SwipeView_qml["SwipeView.qml"]\n    Root --> node_venv["venv"]\n    node_venv --> node_venv_lib["lib"]\n    node_venv_lib --> node_venv_lib_python3_12["python3.12"]\n    node_venv_lib_python3_12 --> node_venv_lib_python3_12_site-packages["site-packages"]\n    node_venv_lib_python3_12_site-packages --> node_venv_lib_python3_12_site-packages_PyQt6["PyQt6"]\n    node_venv_lib_python3_12_site-packages_PyQt6 --> node_venv_lib_python3_12_site-packages_PyQt6_Qt6["Qt6"]\n    node_venv_lib_python3_12_site-packages_PyQt6_Qt6 --> node_venv_lib_python3_12_site-packages_PyQt6_Qt6_qml["qml"]\n    node_venv_lib_python3_12_site-packages_PyQt6_Qt6_qml --> node_venv_lib_python3_12_site-packages_PyQt6_Qt6_qml_QtQuick["QtQuick"]\n    node_venv_lib_python3_12_site-packages_PyQt6_Qt6_qml_QtQuick --> node_venv_lib_python3_12_site-packages_PyQt6_Qt6_qml_QtQuick_Controls["Controls"]\n    node_venv_lib_python3_12_site-packages_PyQt6_Qt6_qml_QtQuick_Controls --> node_venv_lib_python3_12_site-packages_PyQt6_Qt6_qml_QtQuick_Controls_Material["Material"]\n    node_venv_lib_python3_12_site-packages_PyQt6_Qt6_qml_QtQuick_Controls_Material --> node_venv_lib_python3_12_site-packages_PyQt6_Qt6_qml_QtQuick_Controls_Material_Switch_qml["Switch.qml"]\n    Root --> node_venv["venv"]\n    node_venv --> node_venv_lib["lib"]\n    node_venv_lib --> node_venv_lib_python3_12["python3.12"]\n    node_venv_lib_python3_12 --> node_venv_lib_python3_12_site-packages["site-packages"]\n    node_venv_lib_python3_12_site-packages --> node_venv_lib_python3_12_site-packages_PyQt6["PyQt6"]\n    node_venv_lib_python3_12_site-packages_PyQt6 --> node_venv_lib_python3_12_site-packages_PyQt6_Qt6["Qt6"]\n    node_venv_lib_python3_12_site-packages_PyQt6_Qt6 --> node_venv_lib_python3_12_site-packages_PyQt6_Qt6_qml["qml"]\n    node_venv_lib_python3_12_site-packages_PyQt6_Qt6_qml --> node_venv_lib_python3_12_site-packages_PyQt6_Qt6_qml_QtQuick["QtQuick"]\n    node_venv_lib_python3_12_site-packages_PyQt6_Qt6_qml_QtQuick --> node_venv_lib_python3_12_site-packages_PyQt6_Qt6_qml_QtQuick_Controls["Controls"]\n    node_venv_lib_python3_12_site-packages_PyQt6_Qt6_qml_QtQuick_Controls --> node_venv_lib_python3_12_site-packages_PyQt6_Qt6_qml_QtQuick_Controls_Material["Material"]\n    node_venv_lib_python3_12_site-packages_PyQt6_Qt6_qml_QtQuick_Controls_Material --> node_venv_lib_python3_12_site-packages_PyQt6_Qt6_qml_QtQuick_Controls_Material_SwitchDelegate_qml["SwitchDelegate.qml"]\n    Root --> node_venv["venv"]\n    node_venv --> node_venv_lib["lib"]\n    node_venv_lib --> node_venv_lib_python3_12["python3.12"]\n    node_venv_lib_python3_12 --> node_venv_lib_python3_12_site-packages["site-packages"]\n    node_venv_lib_python3_12_site-packages --> node_venv_lib_python3_12_site-packages_PyQt6["PyQt6"]\n    node_venv_lib_python3_12_site-packages_PyQt6 --> node_venv_lib_python3_12_site-packages_PyQt6_Qt6["Qt6"]\n    node_venv_lib_python3_12_site-packages_PyQt6_Qt6 --> node_venv_lib_python3_12_site-packages_PyQt6_Qt6_qml["qml"]\n    node_venv_lib_python3_12_site-packages_PyQt6_Qt6_qml --> node_venv_lib_python3_12_site-packages_PyQt6_Qt6_qml_QtQuick["QtQuick"]\n    node_venv_lib_python3_12_site-packages_PyQt6_Qt6_qml_QtQuick --> node_venv_lib_python3_12_site-packages_PyQt6_Qt6_qml_QtQuick_Controls["Controls"]\n    node_venv_lib_python3_12_site-packages_PyQt6_Qt6_qml_QtQuick_Controls --> node_venv_lib_python3_12_site-packages_PyQt6_Qt6_qml_QtQuick_Controls_Material["Material"]\n    node_venv_lib_python3_12_site-packages_PyQt6_Qt6_qml_QtQuick_Controls_Material --> node_venv_lib_python3_12_site-packages_PyQt6_Qt6_qml_QtQuick_Controls_Material_TabBar_qml["TabBar.qml"]\n    Root --> node_venv["venv"]\n    node_venv --> node_venv_lib["lib"]\n    node_venv_lib --> node_venv_lib_python3_12["python3.12"]\n    node_venv_lib_python3_12 --> node_venv_lib_python3_12_site-packages["site-packages"]\n    node_venv_lib_python3_12_site-packages --> node_venv_lib_python3_12_site-packages_PyQt6["PyQt6"]\n    node_venv_lib_python3_12_site-packages_PyQt6 --> node_venv_lib_python3_12_site-packages_PyQt6_Qt6["Qt6"]\n    node_venv_lib_python3_12_site-packages_PyQt6_Qt6 --> node_venv_lib_python3_12_site-packages_PyQt6_Qt6_qml["qml"]\n    node_venv_lib_python3_12_site-packages_PyQt6_Qt6_qml --> node_venv_lib_python3_12_site-packages_PyQt6_Qt6_qml_QtQuick["QtQuick"]\n    node_venv_lib_python3_12_site-packages_PyQt6_Qt6_qml_QtQuick --> node_venv_lib_python3_12_site-packages_PyQt6_Qt6_qml_QtQuick_Controls["Controls"]\n    node_venv_lib_python3_12_site-packages_PyQt6_Qt6_qml_QtQuick_Controls --> node_venv_lib_python3_12_site-packages_PyQt6_Qt6_qml_QtQuick_Controls_Material["Material"]\n    node_venv_lib_python3_12_site-packages_PyQt6_Qt6_qml_QtQuick_Controls_Material --> node_venv_lib_python3_12_site-packages_PyQt6_Qt6_qml_QtQuick_Controls_Material_TabButton_qml["TabButton.qml"]\n    Root --> node_venv["venv"]\n    node_venv --> node_venv_lib["lib"]\n    node_venv_lib --> node_venv_lib_python3_12["python3.12"]\n    node_venv_lib_python3_12 --> node_venv_lib_python3_12_site-packages["site-packages"]\n    node_venv_lib_python3_12_site-packages --> node_venv_lib_python3_12_site-packages_PyQt6["PyQt6"]\n    node_venv_lib_python3_12_site-packages_PyQt6 --> node_venv_lib_python3_12_site-packages_PyQt6_Qt6["Qt6"]\n    node_venv_lib_python3_12_site-packages_PyQt6_Qt6 --> node_venv_lib_python3_12_site-packages_PyQt6_Qt6_qml["qml"]\n    node_venv_lib_python3_12_site-packages_PyQt6_Qt6_qml --> node_venv_lib_python3_12_site-packages_PyQt6_Qt6_qml_QtQuick["QtQuick"]\n    node_venv_lib_python3_12_site-packages_PyQt6_Qt6_qml_QtQuick --> node_venv_lib_python3_12_site-packages_PyQt6_Qt6_qml_QtQuick_Controls["Controls"]\n    node_venv_lib_python3_12_site-packages_PyQt6_Qt6_qml_QtQuick_Controls --> node_venv_lib_python3_12_site-packages_PyQt6_Qt6_qml_QtQuick_Controls_Material["Material"]\n    node_venv_lib_python3_12_site-packages_PyQt6_Qt6_qml_QtQuick_Controls_Material --> node_venv_lib_python3_12_site-packages_PyQt6_Qt6_qml_QtQuick_Controls_Material_TextArea_qml["TextArea.qml"]\n    Root --> node_venv["venv"]\n    node_venv --> node_venv_lib["lib"]\n    node_venv_lib --> node_venv_lib_python3_12["python3.12"]\n    node_venv_lib_python3_12 --> node_venv_lib_python3_12_site-packages["site-packages"]\n    node_venv_lib_python3_12_site-packages --> node_venv_lib_python3_12_site-packages_PyQt6["PyQt6"]\n    node_venv_lib_python3_12_site-packages_PyQt6 --> node_venv_lib_python3_12_site-packages_PyQt6_Qt6["Qt6"]\n    node_venv_lib_python3_12_site-packages_PyQt6_Qt6 --> node_venv_lib_python3_12_site-packages_PyQt6_Qt6_qml["qml"]\n    node_venv_lib_python3_12_site-packages_PyQt6_Qt6_qml --> node_venv_lib_python3_12_site-packages_PyQt6_Qt6_qml_QtQuick["QtQuick"]\n    node_venv_lib_python3_12_site-packages_PyQt6_Qt6_qml_QtQuick --> node_venv_lib_python3_12_site-packages_PyQt6_Qt6_qml_QtQuick_Controls["Controls"]\n    node_venv_lib_python3_12_site-packages_PyQt6_Qt6_qml_QtQuick_Controls --> node_venv_lib_python3_12_site-packages_PyQt6_Qt6_qml_QtQuick_Controls_Material["Material"]\n    node_venv_lib_python3_12_site-packages_PyQt6_Qt6_qml_QtQuick_Controls_Material --> node_venv_lib_python3_12_site-packages_PyQt6_Qt6_qml_QtQuick_Controls_Material_TextField_qml["TextField.qml"]\n    Root --> node_venv["venv"]\n    node_venv --> node_venv_lib["lib"]\n    node_venv_lib --> node_venv_lib_python3_12["python3.12"]\n    node_venv_lib_python3_12 --> node_venv_lib_python3_12_site-packages["site-packages"]\n    node_venv_lib_python3_12_site-packages --> node_venv_lib_python3_12_site-packages_PyQt6["PyQt6"]\n    node_venv_lib_python3_12_site-packages_PyQt6 --> node_venv_lib_python3_12_site-packages_PyQt6_Qt6["Qt6"]\n    node_venv_lib_python3_12_site-packages_PyQt6_Qt6 --> node_venv_lib_python3_12_site-packages_PyQt6_Qt6_qml["qml"]\n    node_venv_lib_python3_12_site-packages_PyQt6_Qt6_qml --> node_venv_lib_python3_12_site-packages_PyQt6_Qt6_qml_QtQuick["QtQuick"]\n    node_venv_lib_python3_12_site-packages_PyQt6_Qt6_qml_QtQuick --> node_venv_lib_python3_12_site-packages_PyQt6_Qt6_qml_QtQuick_Controls["Controls"]\n    node_venv_lib_python3_12_site-packages_PyQt6_Qt6_qml_QtQuick_Controls --> node_venv_lib_python3_12_site-packages_PyQt6_Qt6_qml_QtQuick_Controls_Material["Material"]\n    node_venv_lib_python3_12_site-packages_PyQt6_Qt6_qml_QtQuick_Controls_Material --> node_venv_lib_python3_12_site-packages_PyQt6_Qt6_qml_QtQuick_Controls_Material_ToolBar_qml["ToolBar.qml"]\n    Root --> node_venv["venv"]\n    node_venv --> node_venv_lib["lib"]\n    node_venv_lib --> node_venv_lib_python3_12["python3.12"]\n    node_venv_lib_python3_12 --> node_venv_lib_python3_12_site-packages["site-packages"]\n    node_venv_lib_python3_12_site-packages --> node_venv_lib_python3_12_site-packages_PyQt6["PyQt6"]\n    node_venv_lib_python3_12_site-packages_PyQt6 --> node_venv_lib_python3_12_site-packages_PyQt6_Qt6["Qt6"]\n    node_venv_lib_python3_12_site-packages_PyQt6_Qt6 --> node_venv_lib_python3_12_site-packages_PyQt6_Qt6_qml["qml"]\n    node_venv_lib_python3_12_site-packages_PyQt6_Qt6_qml --> node_venv_lib_python3_12_site-packages_PyQt6_Qt6_qml_QtQuick["QtQuick"]\n    node_venv_lib_python3_12_site-packages_PyQt6_Qt6_qml_QtQuick --> node_venv_lib_python3_12_site-packages_PyQt6_Qt6_qml_QtQuick_Controls["Controls"]\n    node_venv_lib_python3_12_site-packages_PyQt6_Qt6_qml_QtQuick_Controls --> node_venv_lib_python3_12_site-packages_PyQt6_Qt6_qml_QtQuick_Controls_Material["Material"]\n    node_venv_lib_python3_12_site-packages_PyQt6_Qt6_qml_QtQuick_Controls_Material --> node_venv_lib_python3_12_site-packages_PyQt6_Qt6_qml_QtQuick_Controls_Material_ToolButton_qml["ToolButton.qml"]\n    Root --> node_venv["venv"]\n    node_venv --> node_venv_lib["lib"]\n    node_venv_lib --> node_venv_lib_python3_12["python3.12"]\n    node_venv_lib_python3_12 --> node_venv_lib_python3_12_site-packages["site-packages"]\n    node_venv_lib_python3_12_site-packages --> node_venv_lib_python3_12_site-packages_PyQt6["PyQt6"]\n    node_venv_lib_python3_12_site-packages_PyQt6 --> node_venv_lib_python3_12_site-packages_PyQt6_Qt6["Qt6"]\n    node_venv_lib_python3_12_site-packages_PyQt6_Qt6 --> node_venv_lib_python3_12_site-packages_PyQt6_Qt6_qml["qml"]\n    node_venv_lib_python3_12_site-packages_PyQt6_Qt6_qml --> node_venv_lib_python3_12_site-packages_PyQt6_Qt6_qml_QtQuick["QtQuick"]\n    node_venv_lib_python3_12_site-packages_PyQt6_Qt6_qml_QtQuick --> node_venv_lib_python3_12_site-packages_PyQt6_Qt6_qml_QtQuick_Controls["Controls"]\n    node_venv_lib_python3_12_site-packages_PyQt6_Qt6_qml_QtQuick_Controls --> node_venv_lib_python3_12_site-packages_PyQt6_Qt6_qml_QtQuick_Controls_Material["Material"]\n    node_venv_lib_python3_12_site-packages_PyQt6_Qt6_qml_QtQuick_Controls_Material --> node_venv_lib_python3_12_site-packages_PyQt6_Qt6_qml_QtQuick_Controls_Material_ToolSeparator_qml["ToolSeparator.qml"]\n    Root --> node_venv["venv"]\n    node_venv --> node_venv_lib["lib"]\n    node_venv_lib --> node_venv_lib_python3_12["python3.12"]\n    node_venv_lib_python3_12 --> node_venv_lib_python3_12_site-packages["site-packages"]\n    node_venv_lib_python3_12_site-packages --> node_venv_lib_python3_12_site-packages_PyQt6["PyQt6"]\n    node_venv_lib_python3_12_site-packages_PyQt6 --> node_venv_lib_python3_12_site-packages_PyQt6_Qt6["Qt6"]\n    node_venv_lib_python3_12_site-packages_PyQt6_Qt6 --> node_venv_lib_python3_12_site-packages_PyQt6_Qt6_qml["qml"]\n    node_venv_lib_python3_12_site-packages_PyQt6_Qt6_qml --> node_venv_lib_python3_12_site-packages_PyQt6_Qt6_qml_QtQuick["QtQuick"]\n    node_venv_lib_python3_12_site-packages_PyQt6_Qt6_qml_QtQuick --> node_venv_lib_python3_12_site-packages_PyQt6_Qt6_qml_QtQuick_Controls["Controls"]\n    node_venv_lib_python3_12_site-packages_PyQt6_Qt6_qml_QtQuick_Controls --> node_venv_lib_python3_12_site-packages_PyQt6_Qt6_qml_QtQuick_Controls_Material["Material"]\n    node_venv_lib_python3_12_site-packages_PyQt6_Qt6_qml_QtQuick_Controls_Material --> node_venv_lib_python3_12_site-packages_PyQt6_Qt6_qml_QtQuick_Controls_Material_ToolTip_qml["ToolTip.qml"]\n    Root --> node_venv["venv"]\n    node_venv --> node_venv_lib["lib"]\n    node_venv_lib --> node_venv_lib_python3_12["python3.12"]\n    node_venv_lib_python3_12 --> node_venv_lib_python3_12_site-packages["site-packages"]\n    node_venv_lib_python3_12_site-packages --> node_venv_lib_python3_12_site-packages_PyQt6["PyQt6"]\n    node_venv_lib_python3_12_site-packages_PyQt6 --> node_venv_lib_python3_12_site-packages_PyQt6_Qt6["Qt6"]\n    node_venv_lib_python3_12_site-packages_PyQt6_Qt6 --> node_venv_lib_python3_12_site-packages_PyQt6_Qt6_qml["qml"]\n    node_venv_lib_python3_12_site-packages_PyQt6_Qt6_qml --> node_venv_lib_python3_12_site-packages_PyQt6_Qt6_qml_QtQuick["QtQuick"]\n    node_venv_lib_python3_12_site-packages_PyQt6_Qt6_qml_QtQuick --> node_venv_lib_python3_12_site-packages_PyQt6_Qt6_qml_QtQuick_Controls["Controls"]\n    node_venv_lib_python3_12_site-packages_PyQt6_Qt6_qml_QtQuick_Controls --> node_venv_lib_python3_12_site-packages_PyQt6_Qt6_qml_QtQuick_Controls_Material["Material"]\n    node_venv_lib_python3_12_site-packages_PyQt6_Qt6_qml_QtQuick_Controls_Material --> node_venv_lib_python3_12_site-packages_PyQt6_Qt6_qml_QtQuick_Controls_Material_TreeViewDelegate_qml["TreeViewDelegate.qml"]\n    Root --> node_venv["venv"]\n    node_venv --> node_venv_lib["lib"]\n    node_venv_lib --> node_venv_lib_python3_12["python3.12"]\n    node_venv_lib_python3_12 --> node_venv_lib_python3_12_site-packages["site-packages"]\n    node_venv_lib_python3_12_site-packages --> node_venv_lib_python3_12_site-packages_PyQt6["PyQt6"]\n    node_venv_lib_python3_12_site-packages_PyQt6 --> node_venv_lib_python3_12_site-packages_PyQt6_Qt6["Qt6"]\n    node_venv_lib_python3_12_site-packages_PyQt6_Qt6 --> node_venv_lib_python3_12_site-packages_PyQt6_Qt6_qml["qml"]\n    node_venv_lib_python3_12_site-packages_PyQt6_Qt6_qml --> node_venv_lib_python3_12_site-packages_PyQt6_Qt6_qml_QtQuick["QtQuick"]\n    node_venv_lib_python3_12_site-packages_PyQt6_Qt6_qml_QtQuick --> node_venv_lib_python3_12_site-packages_PyQt6_Qt6_qml_QtQuick_Controls["Controls"]\n    node_venv_lib_python3_12_site-packages_PyQt6_Qt6_qml_QtQuick_Controls --> node_venv_lib_python3_12_site-packages_PyQt6_Qt6_qml_QtQuick_Controls_Material["Material"]\n    node_venv_lib_python3_12_site-packages_PyQt6_Qt6_qml_QtQuick_Controls_Material --> node_venv_lib_python3_12_site-packages_PyQt6_Qt6_qml_QtQuick_Controls_Material_Tumbler_qml["Tumbler.qml"]\n    Root --> node_venv["venv"]\n    node_venv --> node_venv_lib["lib"]\n    node_venv_lib --> node_venv_lib_python3_12["python3.12"]\n    node_venv_lib_python3_12 --> node_venv_lib_python3_12_site-packages["site-packages"]\n    node_venv_lib_python3_12_site-packages --> node_venv_lib_python3_12_site-packages_PyQt6["PyQt6"]\n    node_venv_lib_python3_12_site-packages_PyQt6 --> node_venv_lib_python3_12_site-packages_PyQt6_Qt6["Qt6"]\n    node_venv_lib_python3_12_site-packages_PyQt6_Qt6 --> node_venv_lib_python3_12_site-packages_PyQt6_Qt6_qml["qml"]\n    node_venv_lib_python3_12_site-packages_PyQt6_Qt6_qml --> node_venv_lib_python3_12_site-packages_PyQt6_Qt6_qml_QtQuick["QtQuick"]\n    node_venv_lib_python3_12_site-packages_PyQt6_Qt6_qml_QtQuick --> node_venv_lib_python3_12_site-packages_PyQt6_Qt6_qml_QtQuick_Controls["Controls"]\n    node_venv_lib_python3_12_site-packages_PyQt6_Qt6_qml_QtQuick_Controls --> node_venv_lib_python3_12_site-packages_PyQt6_Qt6_qml_QtQuick_Controls_Material["Material"]\n    node_venv_lib_python3_12_site-packages_PyQt6_Qt6_qml_QtQuick_Controls_Material --> node_venv_lib_python3_12_site-packages_PyQt6_Qt6_qml_QtQuick_Controls_Material_VerticalHeaderView_qml["VerticalHeaderView.qml"]\n    Root --> node_venv["venv"]\n    node_venv --> node_venv_lib["lib"]\n    node_venv_lib --> node_venv_lib_python3_12["python3.12"]\n    node_venv_lib_python3_12 --> node_venv_lib_python3_12_site-packages["site-packages"]\n    node_venv_lib_python3_12_site-packages --> node_venv_lib_python3_12_site-packages_PyQt6["PyQt6"]\n    node_venv_lib_python3_12_site-packages_PyQt6 --> node_venv_lib_python3_12_site-packages_PyQt6_Qt6["Qt6"]\n    node_venv_lib_python3_12_site-packages_PyQt6_Qt6 --> node_venv_lib_python3_12_site-packages_PyQt6_Qt6_qml["qml"]\n    node_venv_lib_python3_12_site-packages_PyQt6_Qt6_qml --> node_venv_lib_python3_12_site-packages_PyQt6_Qt6_qml_QtQuick["QtQuick"]\n    node_venv_lib_python3_12_site-packages_PyQt6_Qt6_qml_QtQuick --> node_venv_lib_python3_12_site-packages_PyQt6_Qt6_qml_QtQuick_Controls["Controls"]\n    node_venv_lib_python3_12_site-packages_PyQt6_Qt6_qml_QtQuick_Controls --> node_venv_lib_python3_12_site-packages_PyQt6_Qt6_qml_QtQuick_Controls_Material["Material"]\n    node_venv_lib_python3_12_site-packages_PyQt6_Qt6_qml_QtQuick_Controls_Material --> node_venv_lib_python3_12_site-packages_PyQt6_Qt6_qml_QtQuick_Controls_Material_VerticalHeaderViewDelegate_qml["VerticalHeaderViewDelegate.qml"]\n    Root --> node_venv["venv"]\n    node_venv --> node_venv_lib["lib"]\n    node_venv_lib --> node_venv_lib_python3_12["python3.12"]\n    node_venv_lib_python3_12 --> node_venv_lib_python3_12_site-packages["site-packages"]\n    node_venv_lib_python3_12_site-packages --> node_venv_lib_python3_12_site-packages_PyQt6["PyQt6"]\n    node_venv_lib_python3_12_site-packages_PyQt6 --> node_venv_lib_python3_12_site-packages_PyQt6_Qt6["Qt6"]\n    node_venv_lib_python3_12_site-packages_PyQt6_Qt6 --> node_venv_lib_python3_12_site-packages_PyQt6_Qt6_qml["qml"]\n    node_venv_lib_python3_12_site-packages_PyQt6_Qt6_qml --> node_venv_lib_python3_12_site-packages_PyQt6_Qt6_qml_QtQuick["QtQuick"]\n    node_venv_lib_python3_12_site-packages_PyQt6_Qt6_qml_QtQuick --> node_venv_lib_python3_12_site-packages_PyQt6_Qt6_qml_QtQuick_Controls["Controls"]\n    node_venv_lib_python3_12_site-packages_PyQt6_Qt6_qml_QtQuick_Controls --> node_venv_lib_python3_12_site-packages_PyQt6_Qt6_qml_QtQuick_Controls_Material["Material"]\n    node_venv_lib_python3_12_site-packages_PyQt6_Qt6_qml_QtQuick_Controls_Material --> node_venv_lib_python3_12_site-packages_PyQt6_Qt6_qml_QtQuick_Controls_Material_libqtquickcontrols2materialstyleplugin_dylib["libqtquickcontrols2materialstyleplugin.dylib"]\n    Root --> node_venv["venv"]\n    node_venv --> node_venv_lib["lib"]\n    node_venv_lib --> node_venv_lib_python3_12["python3.12"]\n    node_venv_lib_python3_12 --> node_venv_lib_python3_12_site-packages["site-packages"]\n    node_venv_lib_python3_12_site-packages --> node_venv_lib_python3_12_site-packages_PyQt6["PyQt6"]\n    node_venv_lib_python3_12_site-packages_PyQt6 --> node_venv_lib_python3_12_site-packages_PyQt6_Qt6["Qt6"]\n    node_venv_lib_python3_12_site-packages_PyQt6_Qt6 --> node_venv_lib_python3_12_site-packages_PyQt6_Qt6_qml["qml"]\n    node_venv_lib_python3_12_site-packages_PyQt6_Qt6_qml --> node_venv_lib_python3_12_site-packages_PyQt6_Qt6_qml_QtQuick["QtQuick"]\n    node_venv_lib_python3_12_site-packages_PyQt6_Qt6_qml_QtQuick --> node_venv_lib_python3_12_site-packages_PyQt6_Qt6_qml_QtQuick_Controls["Controls"]\n    node_venv_lib_python3_12_site-packages_PyQt6_Qt6_qml_QtQuick_Controls --> node_venv_lib_python3_12_site-packages_PyQt6_Qt6_qml_QtQuick_Controls_Material["Material"]\n    node_venv_lib_python3_12_site-packages_PyQt6_Qt6_qml_QtQuick_Controls_Material --> node_venv_lib_python3_12_site-packages_PyQt6_Qt6_qml_QtQuick_Controls_Material_plugins_qmltypes["plugins.qmltypes"]\n    Root --> node_venv["venv"]\n    node_venv --> node_venv_lib["lib"]\n    node_venv_lib --> node_venv_lib_python3_12["python3.12"]\n    node_venv_lib_python3_12 --> node_venv_lib_python3_12_site-packages["site-packages"]\n    node_venv_lib_python3_12_site-packages --> node_venv_lib_python3_12_site-packages_PyQt6["PyQt6"]\n    node_venv_lib_python3_12_site-packages_PyQt6 --> node_venv_lib_python3_12_site-packages_PyQt6_Qt6["Qt6"]\n    node_venv_lib_python3_12_site-packages_PyQt6_Qt6 --> node_venv_lib_python3_12_site-packages_PyQt6_Qt6_qml["qml"]\n    node_venv_lib_python3_12_site-packages_PyQt6_Qt6_qml --> node_venv_lib_python3_12_site-packages_PyQt6_Qt6_qml_QtQuick["QtQuick"]\n    node_venv_lib_python3_12_site-packages_PyQt6_Qt6_qml_QtQuick --> node_venv_lib_python3_12_site-packages_PyQt6_Qt6_qml_QtQuick_Controls["Controls"]\n    node_venv_lib_python3_12_site-packages_PyQt6_Qt6_qml_QtQuick_Controls --> node_venv_lib_python3_12_site-packages_PyQt6_Qt6_qml_QtQuick_Controls_Material["Material"]\n    node_venv_lib_python3_12_site-packages_PyQt6_Qt6_qml_QtQuick_Controls_Material --> node_venv_lib_python3_12_site-packages_PyQt6_Qt6_qml_QtQuick_Controls_Material_qmldir["qmldir"]\n    Root --> node_venv["venv"]\n    node_venv --> node_venv_lib["lib"]\n    node_venv_lib --> node_venv_lib_python3_12["python3.12"]\n    node_venv_lib_python3_12 --> node_venv_lib_python3_12_site-packages["site-packages"]\n    node_venv_lib_python3_12_site-packages --> node_venv_lib_python3_12_site-packages_PyQt6["PyQt6"]\n    node_venv_lib_python3_12_site-packages_PyQt6 --> node_venv_lib_python3_12_site-packages_PyQt6_Qt6["Qt6"]\n    node_venv_lib_python3_12_site-packages_PyQt6_Qt6 --> node_venv_lib_python3_12_site-packages_PyQt6_Qt6_qml["qml"]\n    node_venv_lib_python3_12_site-packages_PyQt6_Qt6_qml --> node_venv_lib_python3_12_site-packages_PyQt6_Qt6_qml_QtQuick["QtQuick"]\n    node_venv_lib_python3_12_site-packages_PyQt6_Qt6_qml_QtQuick --> node_venv_lib_python3_12_site-packages_PyQt6_Qt6_qml_QtQuick_Controls["Controls"]\n    node_venv_lib_python3_12_site-packages_PyQt6_Qt6_qml_QtQuick_Controls --> node_venv_lib_python3_12_site-packages_PyQt6_Qt6_qml_QtQuick_Controls_Material["Material"]\n    node_venv_lib_python3_12_site-packages_PyQt6_Qt6_qml_QtQuick_Controls_Material --> node_venv_lib_python3_12_site-packages_PyQt6_Qt6_qml_QtQuick_Controls_Material_impl["impl"]\n    node_venv_lib_python3_12_site-packages_PyQt6_Qt6_qml_QtQuick_Controls_Material_impl --> node_venv_lib_python3_12_site-packages_PyQt6_Qt6_qml_QtQuick_Controls_Material_impl_BoxShadow_qml["BoxShadow.qml"]\n    Root --> node_venv["venv"]\n    node_venv --> node_venv_lib["lib"]\n    node_venv_lib --> node_venv_lib_python3_12["python3.12"]\n    node_venv_lib_python3_12 --> node_venv_lib_python3_12_site-packages["site-packages"]\n    node_venv_lib_python3_12_site-packages --> node_venv_lib_python3_12_site-packages_PyQt6["PyQt6"]\n    node_venv_lib_python3_12_site-packages_PyQt6 --> node_venv_lib_python3_12_site-packages_PyQt6_Qt6["Qt6"]\n    node_venv_lib_python3_12_site-packages_PyQt6_Qt6 --> node_venv_lib_python3_12_site-packages_PyQt6_Qt6_qml["qml"]\n    node_venv_lib_python3_12_site-packages_PyQt6_Qt6_qml --> node_venv_lib_python3_12_site-packages_PyQt6_Qt6_qml_QtQuick["QtQuick"]\n    node_venv_lib_python3_12_site-packages_PyQt6_Qt6_qml_QtQuick --> node_venv_lib_python3_12_site-packages_PyQt6_Qt6_qml_QtQuick_Controls["Controls"]\n    node_venv_lib_python3_12_site-packages_PyQt6_Qt6_qml_QtQuick_Controls --> node_venv_lib_python3_12_site-packages_PyQt6_Qt6_qml_QtQuick_Controls_Material["Material"]\n    node_venv_lib_python3_12_site-packages_PyQt6_Qt6_qml_QtQuick_Controls_Material --> node_venv_lib_python3_12_site-packages_PyQt6_Qt6_qml_QtQuick_Controls_Material_impl["impl"]\n    node_venv_lib_python3_12_site-packages_PyQt6_Qt6_qml_QtQuick_Controls_Material_impl --> node_venv_lib_python3_12_site-packages_PyQt6_Qt6_qml_QtQuick_Controls_Material_impl_CheckIndicator_qml["CheckIndicator.qml"]\n    Root --> node_venv["venv"]\n    node_venv --> node_venv_lib["lib"]\n    node_venv_lib --> node_venv_lib_python3_12["python3.12"]\n    node_venv_lib_python3_12 --> node_venv_lib_python3_12_site-packages["site-packages"]\n    node_venv_lib_python3_12_site-packages --> node_venv_lib_python3_12_site-packages_PyQt6["PyQt6"]\n    node_venv_lib_python3_12_site-packages_PyQt6 --> node_venv_lib_python3_12_site-packages_PyQt6_Qt6["Qt6"]\n    node_venv_lib_python3_12_site-packages_PyQt6_Qt6 --> node_venv_lib_python3_12_site-packages_PyQt6_Qt6_qml["qml"]\n    node_venv_lib_python3_12_site-packages_PyQt6_Qt6_qml --> node_venv_lib_python3_12_site-packages_PyQt6_Qt6_qml_QtQuick["QtQuick"]\n    node_venv_lib_python3_12_site-packages_PyQt6_Qt6_qml_QtQuick --> node_venv_lib_python3_12_site-packages_PyQt6_Qt6_qml_QtQuick_Controls["Controls"]\n    node_venv_lib_python3_12_site-packages_PyQt6_Qt6_qml_QtQuick_Controls --> node_venv_lib_python3_12_site-packages_PyQt6_Qt6_qml_QtQuick_Controls_Material["Material"]\n    node_venv_lib_python3_12_site-packages_PyQt6_Qt6_qml_QtQuick_Controls_Material --> node_venv_lib_python3_12_site-packages_PyQt6_Qt6_qml_QtQuick_Controls_Material_impl["impl"]\n    node_venv_lib_python3_12_site-packages_PyQt6_Qt6_qml_QtQuick_Controls_Material_impl --> node_venv_lib_python3_12_site-packages_PyQt6_Qt6_qml_QtQuick_Controls_Material_impl_CursorDelegate_qml["CursorDelegate.qml"]\n    Root --> node_venv["venv"]\n    node_venv --> node_venv_lib["lib"]\n    node_venv_lib --> node_venv_lib_python3_12["python3.12"]\n    node_venv_lib_python3_12 --> node_venv_lib_python3_12_site-packages["site-packages"]\n    node_venv_lib_python3_12_site-packages --> node_venv_lib_python3_12_site-packages_PyQt6["PyQt6"]\n    node_venv_lib_python3_12_site-packages_PyQt6 --> node_venv_lib_python3_12_site-packages_PyQt6_Qt6["Qt6"]\n    node_venv_lib_python3_12_site-packages_PyQt6_Qt6 --> node_venv_lib_python3_12_site-packages_PyQt6_Qt6_qml["qml"]\n    node_venv_lib_python3_12_site-packages_PyQt6_Qt6_qml --> node_venv_lib_python3_12_site-packages_PyQt6_Qt6_qml_QtQuick["QtQuick"]\n    node_venv_lib_python3_12_site-packages_PyQt6_Qt6_qml_QtQuick --> node_venv_lib_python3_12_site-packages_PyQt6_Qt6_qml_QtQuick_Controls["Controls"]\n    node_venv_lib_python3_12_site-packages_PyQt6_Qt6_qml_QtQuick_Controls --> node_venv_lib_python3_12_site-packages_PyQt6_Qt6_qml_QtQuick_Controls_Material["Material"]\n    node_venv_lib_python3_12_site-packages_PyQt6_Qt6_qml_QtQuick_Controls_Material --> node_venv_lib_python3_12_site-packages_PyQt6_Qt6_qml_QtQuick_Controls_Material_impl["impl"]\n    node_venv_lib_python3_12_site-packages_PyQt6_Qt6_qml_QtQuick_Controls_Material_impl --> node_venv_lib_python3_12_site-packages_PyQt6_Qt6_qml_QtQuick_Controls_Material_impl_ElevationEffect_qml["ElevationEffect.qml"]\n    Root --> node_venv["venv"]\n    node_venv --> node_venv_lib["lib"]\n    node_venv_lib --> node_venv_lib_python3_12["python3.12"]\n    node_venv_lib_python3_12 --> node_venv_lib_python3_12_site-packages["site-packages"]\n    node_venv_lib_python3_12_site-packages --> node_venv_lib_python3_12_site-packages_PyQt6["PyQt6"]\n    node_venv_lib_python3_12_site-packages_PyQt6 --> node_venv_lib_python3_12_site-packages_PyQt6_Qt6["Qt6"]\n    node_venv_lib_python3_12_site-packages_PyQt6_Qt6 --> node_venv_lib_python3_12_site-packages_PyQt6_Qt6_qml["qml"]\n    node_venv_lib_python3_12_site-packages_PyQt6_Qt6_qml --> node_venv_lib_python3_12_site-packages_PyQt6_Qt6_qml_QtQuick["QtQuick"]\n    node_venv_lib_python3_12_site-packages_PyQt6_Qt6_qml_QtQuick --> node_venv_lib_python3_12_site-packages_PyQt6_Qt6_qml_QtQuick_Controls["Controls"]\n    node_venv_lib_python3_12_site-packages_PyQt6_Qt6_qml_QtQuick_Controls --> node_venv_lib_python3_12_site-packages_PyQt6_Qt6_qml_QtQuick_Controls_Material["Material"]\n    node_venv_lib_python3_12_site-packages_PyQt6_Qt6_qml_QtQuick_Controls_Material --> node_venv_lib_python3_12_site-packages_PyQt6_Qt6_qml_QtQuick_Controls_Material_impl["impl"]\n    node_venv_lib_python3_12_site-packages_PyQt6_Qt6_qml_QtQuick_Controls_Material_impl --> node_venv_lib_python3_12_site-packages_PyQt6_Qt6_qml_QtQuick_Controls_Material_impl_RadioIndicator_qml["RadioIndicator.qml"]\n    Root --> node_venv["venv"]\n    node_venv --> node_venv_lib["lib"]\n    node_venv_lib --> node_venv_lib_python3_12["python3.12"]\n    node_venv_lib_python3_12 --> node_venv_lib_python3_12_site-packages["site-packages"]\n    node_venv_lib_python3_12_site-packages --> node_venv_lib_python3_12_site-packages_PyQt6["PyQt6"]\n    node_venv_lib_python3_12_site-packages_PyQt6 --> node_venv_lib_python3_12_site-packages_PyQt6_Qt6["Qt6"]\n    node_venv_lib_python3_12_site-packages_PyQt6_Qt6 --> node_venv_lib_python3_12_site-packages_PyQt6_Qt6_qml["qml"]\n    node_venv_lib_python3_12_site-packages_PyQt6_Qt6_qml --> node_venv_lib_python3_12_site-packages_PyQt6_Qt6_qml_QtQuick["QtQuick"]\n    node_venv_lib_python3_12_site-packages_PyQt6_Qt6_qml_QtQuick --> node_venv_lib_python3_12_site-packages_PyQt6_Qt6_qml_QtQuick_Controls["Controls"]\n    node_venv_lib_python3_12_site-packages_PyQt6_Qt6_qml_QtQuick_Controls --> node_venv_lib_python3_12_site-packages_PyQt6_Qt6_qml_QtQuick_Controls_Material["Material"]\n    node_venv_lib_python3_12_site-packages_PyQt6_Qt6_qml_QtQuick_Controls_Material --> node_venv_lib_python3_12_site-packages_PyQt6_Qt6_qml_QtQuick_Controls_Material_impl["impl"]\n    node_venv_lib_python3_12_site-packages_PyQt6_Qt6_qml_QtQuick_Controls_Material_impl --> node_venv_lib_python3_12_site-packages_PyQt6_Qt6_qml_QtQuick_Controls_Material_impl_RectangularGlow_qml["RectangularGlow.qml"]\n    Root --> node_venv["venv"]\n    node_venv --> node_venv_lib["lib"]\n    node_venv_lib --> node_venv_lib_python3_12["python3.12"]\n    node_venv_lib_python3_12 --> node_venv_lib_python3_12_site-packages["site-packages"]\n    node_venv_lib_python3_12_site-packages --> node_venv_lib_python3_12_site-packages_PyQt6["PyQt6"]\n    node_venv_lib_python3_12_site-packages_PyQt6 --> node_venv_lib_python3_12_site-packages_PyQt6_Qt6["Qt6"]\n    node_venv_lib_python3_12_site-packages_PyQt6_Qt6 --> node_venv_lib_python3_12_site-packages_PyQt6_Qt6_qml["qml"]\n    node_venv_lib_python3_12_site-packages_PyQt6_Qt6_qml --> node_venv_lib_python3_12_site-packages_PyQt6_Qt6_qml_QtQuick["QtQuick"]\n    node_venv_lib_python3_12_site-packages_PyQt6_Qt6_qml_QtQuick --> node_venv_lib_python3_12_site-packages_PyQt6_Qt6_qml_QtQuick_Controls["Controls"]\n    node_venv_lib_python3_12_site-packages_PyQt6_Qt6_qml_QtQuick_Controls --> node_venv_lib_python3_12_site-packages_PyQt6_Qt6_qml_QtQuick_Controls_Material["Material"]\n    node_venv_lib_python3_12_site-packages_PyQt6_Qt6_qml_QtQuick_Controls_Material --> node_venv_lib_python3_12_site-packages_PyQt6_Qt6_qml_QtQuick_Controls_Material_impl["impl"]\n    node_venv_lib_python3_12_site-packages_PyQt6_Qt6_qml_QtQuick_Controls_Material_impl --> node_venv_lib_python3_12_site-packages_PyQt6_Qt6_qml_QtQuick_Controls_Material_impl_RoundedElevationEffect_qml["RoundedElevationEffect.qml"]\n    Root --> node_venv["venv"]\n    node_venv --> node_venv_lib["lib"]\n    node_venv_lib --> node_venv_lib_python3_12["python3.12"]\n    node_venv_lib_python3_12 --> node_venv_lib_python3_12_site-packages["site-packages"]\n    node_venv_lib_python3_12_site-packages --> node_venv_lib_python3_12_site-packages_PyQt6["PyQt6"]\n    node_venv_lib_python3_12_site-packages_PyQt6 --> node_venv_lib_python3_12_site-packages_PyQt6_Qt6["Qt6"]\n    node_venv_lib_python3_12_site-packages_PyQt6_Qt6 --> node_venv_lib_python3_12_site-packages_PyQt6_Qt6_qml["qml"]\n    node_venv_lib_python3_12_site-packages_PyQt6_Qt6_qml --> node_venv_lib_python3_12_site-packages_PyQt6_Qt6_qml_QtQuick["QtQuick"]\n    node_venv_lib_python3_12_site-packages_PyQt6_Qt6_qml_QtQuick --> node_venv_lib_python3_12_site-packages_PyQt6_Qt6_qml_QtQuick_Controls["Controls"]\n    node_venv_lib_python3_12_site-packages_PyQt6_Qt6_qml_QtQuick_Controls --> node_venv_lib_python3_12_site-packages_PyQt6_Qt6_qml_QtQuick_Controls_Material["Material"]\n    node_venv_lib_python3_12_site-packages_PyQt6_Qt6_qml_QtQuick_Controls_Material --> node_venv_lib_python3_12_site-packages_PyQt6_Qt6_qml_QtQuick_Controls_Material_impl["impl"]\n    node_venv_lib_python3_12_site-packages_PyQt6_Qt6_qml_QtQuick_Controls_Material_impl --> node_venv_lib_python3_12_site-packages_PyQt6_Qt6_qml_QtQuick_Controls_Material_impl_SliderHandle_qml["SliderHandle.qml"]\n    Root --> node_venv["venv"]\n    node_venv --> node_venv_lib["lib"]\n    node_venv_lib --> node_venv_lib_python3_12["python3.12"]\n    node_venv_lib_python3_12 --> node_venv_lib_python3_12_site-packages["site-packages"]\n    node_venv_lib_python3_12_site-packages --> node_venv_lib_python3_12_site-packages_PyQt6["PyQt6"]\n    node_venv_lib_python3_12_site-packages_PyQt6 --> node_venv_lib_python3_12_site-packages_PyQt6_Qt6["Qt6"]\n    node_venv_lib_python3_12_site-packages_PyQt6_Qt6 --> node_venv_lib_python3_12_site-packages_PyQt6_Qt6_qml["qml"]\n    node_venv_lib_python3_12_site-packages_PyQt6_Qt6_qml --> node_venv_lib_python3_12_site-packages_PyQt6_Qt6_qml_QtQuick["QtQuick"]\n    node_venv_lib_python3_12_site-packages_PyQt6_Qt6_qml_QtQuick --> node_venv_lib_python3_12_site-packages_PyQt6_Qt6_qml_QtQuick_Controls["Controls"]\n    node_venv_lib_python3_12_site-packages_PyQt6_Qt6_qml_QtQuick_Controls --> node_venv_lib_python3_12_site-packages_PyQt6_Qt6_qml_QtQuick_Controls_Material["Material"]\n    node_venv_lib_python3_12_site-packages_PyQt6_Qt6_qml_QtQuick_Controls_Material --> node_venv_lib_python3_12_site-packages_PyQt6_Qt6_qml_QtQuick_Controls_Material_impl["impl"]\n    node_venv_lib_python3_12_site-packages_PyQt6_Qt6_qml_QtQuick_Controls_Material_impl --> node_venv_lib_python3_12_site-packages_PyQt6_Qt6_qml_QtQuick_Controls_Material_impl_SwitchIndicator_qml["SwitchIndicator.qml"]\n    Root --> node_venv["venv"]\n    node_venv --> node_venv_lib["lib"]\n    node_venv_lib --> node_venv_lib_python3_12["python3.12"]\n    node_venv_lib_python3_12 --> node_venv_lib_python3_12_site-packages["site-packages"]\n    node_venv_lib_python3_12_site-packages --> node_venv_lib_python3_12_site-packages_PyQt6["PyQt6"]\n    node_venv_lib_python3_12_site-packages_PyQt6 --> node_venv_lib_python3_12_site-packages_PyQt6_Qt6["Qt6"]\n    node_venv_lib_python3_12_site-packages_PyQt6_Qt6 --> node_venv_lib_python3_12_site-packages_PyQt6_Qt6_qml["qml"]\n    node_venv_lib_python3_12_site-packages_PyQt6_Qt6_qml --> node_venv_lib_python3_12_site-packages_PyQt6_Qt6_qml_QtQuick["QtQuick"]\n    node_venv_lib_python3_12_site-packages_PyQt6_Qt6_qml_QtQuick --> node_venv_lib_python3_12_site-packages_PyQt6_Qt6_qml_QtQuick_Controls["Controls"]\n    node_venv_lib_python3_12_site-packages_PyQt6_Qt6_qml_QtQuick_Controls --> node_venv_lib_python3_12_site-packages_PyQt6_Qt6_qml_QtQuick_Controls_Material["Material"]\n    node_venv_lib_python3_12_site-packages_PyQt6_Qt6_qml_QtQuick_Controls_Material --> node_venv_lib_python3_12_site-packages_PyQt6_Qt6_qml_QtQuick_Controls_Material_impl["impl"]\n    node_venv_lib_python3_12_site-packages_PyQt6_Qt6_qml_QtQuick_Controls_Material_impl --> node_venv_lib_python3_12_site-packages_PyQt6_Qt6_qml_QtQuick_Controls_Material_impl_libqtquickcontrols2materialstyleimplplugin_dylib["libqtquickcontrols2materialstyleimplplugin.dylib"]\n    Root --> node_venv["venv"]\n    node_venv --> node_venv_lib["lib"]\n    node_venv_lib --> node_venv_lib_python3_12["python3.12"]\n    node_venv_lib_python3_12 --> node_venv_lib_python3_12_site-packages["site-packages"]\n    node_venv_lib_python3_12_site-packages --> node_venv_lib_python3_12_site-packages_PyQt6["PyQt6"]\n    node_venv_lib_python3_12_site-packages_PyQt6 --> node_venv_lib_python3_12_site-packages_PyQt6_Qt6["Qt6"]\n    node_venv_lib_python3_12_site-packages_PyQt6_Qt6 --> node_venv_lib_python3_12_site-packages_PyQt6_Qt6_qml["qml"]\n    node_venv_lib_python3_12_site-packages_PyQt6_Qt6_qml --> node_venv_lib_python3_12_site-packages_PyQt6_Qt6_qml_QtQuick["QtQuick"]\n    node_venv_lib_python3_12_site-packages_PyQt6_Qt6_qml_QtQuick --> node_venv_lib_python3_12_site-packages_PyQt6_Qt6_qml_QtQuick_Controls["Controls"]\n    node_venv_lib_python3_12_site-packages_PyQt6_Qt6_qml_QtQuick_Controls --> node_venv_lib_python3_12_site-packages_PyQt6_Qt6_qml_QtQuick_Controls_Material["Material"]\n    node_venv_lib_python3_12_site-packages_PyQt6_Qt6_qml_QtQuick_Controls_Material --> node_venv_lib_python3_12_site-packages_PyQt6_Qt6_qml_QtQuick_Controls_Material_impl["impl"]\n    node_venv_lib_python3_12_site-packages_PyQt6_Qt6_qml_QtQuick_Controls_Material_impl --> node_venv_lib_python3_12_site-packages_PyQt6_Qt6_qml_QtQuick_Controls_Material_impl_plugins_qmltypes["plugins.qmltypes"]\n    Root --> node_venv["venv"]\n    node_venv --> node_venv_lib["lib"]\n    node_venv_lib --> node_venv_lib_python3_12["python3.12"]\n    node_venv_lib_python3_12 --> node_venv_lib_python3_12_site-packages["site-packages"]\n    node_venv_lib_python3_12_site-packages --> node_venv_lib_python3_12_site-packages_PyQt6["PyQt6"]\n    node_venv_lib_python3_12_site-packages_PyQt6 --> node_venv_lib_python3_12_site-packages_PyQt6_Qt6["Qt6"]\n    node_venv_lib_python3_12_site-packages_PyQt6_Qt6 --> node_venv_lib_python3_12_site-packages_PyQt6_Qt6_qml["qml"]\n    node_venv_lib_python3_12_site-packages_PyQt6_Qt6_qml --> node_venv_lib_python3_12_site-packages_PyQt6_Qt6_qml_QtQuick["QtQuick"]\n    node_venv_lib_python3_12_site-packages_PyQt6_Qt6_qml_QtQuick --> node_venv_lib_python3_12_site-packages_PyQt6_Qt6_qml_QtQuick_Controls["Controls"]\n    node_venv_lib_python3_12_site-packages_PyQt6_Qt6_qml_QtQuick_Controls --> node_venv_lib_python3_12_site-packages_PyQt6_Qt6_qml_QtQuick_Controls_Material["Material"]\n    node_venv_lib_python3_12_site-packages_PyQt6_Qt6_qml_QtQuick_Controls_Material --> node_venv_lib_python3_12_site-packages_PyQt6_Qt6_qml_QtQuick_Controls_Material_impl["impl"]\n    node_venv_lib_python3_12_site-packages_PyQt6_Qt6_qml_QtQuick_Controls_Material_impl --> node_venv_lib_python3_12_site-packages_PyQt6_Qt6_qml_QtQuick_Controls_Material_impl_qmldir["qmldir"]\n    Root --> node_venv["venv"]\n    node_venv --> node_venv_lib["lib"]\n    node_venv_lib --> node_venv_lib_python3_12["python3.12"]\n    node_venv_lib_python3_12 --> node_venv_lib_python3_12_site-packages["site-packages"]\n    node_venv_lib_python3_12_site-packages --> node_venv_lib_python3_12_site-packages_PyQt6["PyQt6"]\n    node_venv_lib_python3_12_site-packages_PyQt6 --> node_venv_lib_python3_12_site-packages_PyQt6_Qt6["Qt6"]\n    node_venv_lib_python3_12_site-packages_PyQt6_Qt6 --> node_venv_lib_python3_12_site-packages_PyQt6_Qt6_qml["qml"]\n    node_venv_lib_python3_12_site-packages_PyQt6_Qt6_qml --> node_venv_lib_python3_12_site-packages_PyQt6_Qt6_qml_QtQuick["QtQuick"]\n    node_venv_lib_python3_12_site-packages_PyQt6_Qt6_qml_QtQuick --> node_venv_lib_python3_12_site-packages_PyQt6_Qt6_qml_QtQuick_Controls["Controls"]\n    node_venv_lib_python3_12_site-packages_PyQt6_Qt6_qml_QtQuick_Controls --> node_venv_lib_python3_12_site-packages_PyQt6_Qt6_qml_QtQuick_Controls_Imagine["Imagine"]\n    node_venv_lib_python3_12_site-packages_PyQt6_Qt6_qml_QtQuick_Controls_Imagine --> node_venv_lib_python3_12_site-packages_PyQt6_Qt6_qml_QtQuick_Controls_Imagine_ApplicationWindow_qml["ApplicationWindow.qml"]\n    Root --> node_venv["venv"]\n    node_venv --> node_venv_lib["lib"]\n    node_venv_lib --> node_venv_lib_python3_12["python3.12"]\n    node_venv_lib_python3_12 --> node_venv_lib_python3_12_site-packages["site-packages"]\n    node_venv_lib_python3_12_site-packages --> node_venv_lib_python3_12_site-packages_PyQt6["PyQt6"]\n    node_venv_lib_python3_12_site-packages_PyQt6 --> node_venv_lib_python3_12_site-packages_PyQt6_Qt6["Qt6"]\n    node_venv_lib_python3_12_site-packages_PyQt6_Qt6 --> node_venv_lib_python3_12_site-packages_PyQt6_Qt6_qml["qml"]\n    node_venv_lib_python3_12_site-packages_PyQt6_Qt6_qml --> node_venv_lib_python3_12_site-packages_PyQt6_Qt6_qml_QtQuick["QtQuick"]\n    node_venv_lib_python3_12_site-packages_PyQt6_Qt6_qml_QtQuick --> node_venv_lib_python3_12_site-packages_PyQt6_Qt6_qml_QtQuick_Controls["Controls"]\n    node_venv_lib_python3_12_site-packages_PyQt6_Qt6_qml_QtQuick_Controls --> node_venv_lib_python3_12_site-packages_PyQt6_Qt6_qml_QtQuick_Controls_Imagine["Imagine"]\n    node_venv_lib_python3_12_site-packages_PyQt6_Qt6_qml_QtQuick_Controls_Imagine --> node_venv_lib_python3_12_site-packages_PyQt6_Qt6_qml_QtQuick_Controls_Imagine_BusyIndicator_qml["BusyIndicator.qml"]\n    Root --> node_venv["venv"]\n    node_venv --> node_venv_lib["lib"]\n    node_venv_lib --> node_venv_lib_python3_12["python3.12"]\n    node_venv_lib_python3_12 --> node_venv_lib_python3_12_site-packages["site-packages"]\n    node_venv_lib_python3_12_site-packages --> node_venv_lib_python3_12_site-packages_PyQt6["PyQt6"]\n    node_venv_lib_python3_12_site-packages_PyQt6 --> node_venv_lib_python3_12_site-packages_PyQt6_Qt6["Qt6"]\n    node_venv_lib_python3_12_site-packages_PyQt6_Qt6 --> node_venv_lib_python3_12_site-packages_PyQt6_Qt6_qml["qml"]\n    node_venv_lib_python3_12_site-packages_PyQt6_Qt6_qml --> node_venv_lib_python3_12_site-packages_PyQt6_Qt6_qml_QtQuick["QtQuick"]\n    node_venv_lib_python3_12_site-packages_PyQt6_Qt6_qml_QtQuick --> node_venv_lib_python3_12_site-packages_PyQt6_Qt6_qml_QtQuick_Controls["Controls"]\n    node_venv_lib_python3_12_site-packages_PyQt6_Qt6_qml_QtQuick_Controls --> node_venv_lib_python3_12_site-packages_PyQt6_Qt6_qml_QtQuick_Controls_Imagine["Imagine"]\n    node_venv_lib_python3_12_site-packages_PyQt6_Qt6_qml_QtQuick_Controls_Imagine --> node_venv_lib_python3_12_site-packages_PyQt6_Qt6_qml_QtQuick_Controls_Imagine_Button_qml["Button.qml"]\n    Root --> node_venv["venv"]\n    node_venv --> node_venv_lib["lib"]\n    node_venv_lib --> node_venv_lib_python3_12["python3.12"]\n    node_venv_lib_python3_12 --> node_venv_lib_python3_12_site-packages["site-packages"]\n    node_venv_lib_python3_12_site-packages --> node_venv_lib_python3_12_site-packages_PyQt6["PyQt6"]\n    node_venv_lib_python3_12_site-packages_PyQt6 --> node_venv_lib_python3_12_site-packages_PyQt6_Qt6["Qt6"]\n    node_venv_lib_python3_12_site-packages_PyQt6_Qt6 --> node_venv_lib_python3_12_site-packages_PyQt6_Qt6_qml["qml"]\n    node_venv_lib_python3_12_site-packages_PyQt6_Qt6_qml --> node_venv_lib_python3_12_site-packages_PyQt6_Qt6_qml_QtQuick["QtQuick"]\n    node_venv_lib_python3_12_site-packages_PyQt6_Qt6_qml_QtQuick --> node_venv_lib_python3_12_site-packages_PyQt6_Qt6_qml_QtQuick_Controls["Controls"]\n    node_venv_lib_python3_12_site-packages_PyQt6_Qt6_qml_QtQuick_Controls --> node_venv_lib_python3_12_site-packages_PyQt6_Qt6_qml_QtQuick_Controls_Imagine["Imagine"]\n    node_venv_lib_python3_12_site-packages_PyQt6_Qt6_qml_QtQuick_Controls_Imagine --> node_venv_lib_python3_12_site-packages_PyQt6_Qt6_qml_QtQuick_Controls_Imagine_CheckBox_qml["CheckBox.qml"]\n    Root --> node_venv["venv"]\n    node_venv --> node_venv_lib["lib"]\n    node_venv_lib --> node_venv_lib_python3_12["python3.12"]\n    node_venv_lib_python3_12 --> node_venv_lib_python3_12_site-packages["site-packages"]\n    node_venv_lib_python3_12_site-packages --> node_venv_lib_python3_12_site-packages_PyQt6["PyQt6"]\n    node_venv_lib_python3_12_site-packages_PyQt6 --> node_venv_lib_python3_12_site-packages_PyQt6_Qt6["Qt6"]\n    node_venv_lib_python3_12_site-packages_PyQt6_Qt6 --> node_venv_lib_python3_12_site-packages_PyQt6_Qt6_qml["qml"]\n    node_venv_lib_python3_12_site-packages_PyQt6_Qt6_qml --> node_venv_lib_python3_12_site-packages_PyQt6_Qt6_qml_QtQuick["QtQuick"]\n    node_venv_lib_python3_12_site-packages_PyQt6_Qt6_qml_QtQuick --> node_venv_lib_python3_12_site-packages_PyQt6_Qt6_qml_QtQuick_Controls["Controls"]\n    node_venv_lib_python3_12_site-packages_PyQt6_Qt6_qml_QtQuick_Controls --> node_venv_lib_python3_12_site-packages_PyQt6_Qt6_qml_QtQuick_Controls_Imagine["Imagine"]\n    node_venv_lib_python3_12_site-packages_PyQt6_Qt6_qml_QtQuick_Controls_Imagine --> node_venv_lib_python3_12_site-packages_PyQt6_Qt6_qml_QtQuick_Controls_Imagine_CheckDelegate_qml["CheckDelegate.qml"]\n    Root --> node_venv["venv"]\n    node_venv --> node_venv_lib["lib"]\n    node_venv_lib --> node_venv_lib_python3_12["python3.12"]\n    node_venv_lib_python3_12 --> node_venv_lib_python3_12_site-packages["site-packages"]\n    node_venv_lib_python3_12_site-packages --> node_venv_lib_python3_12_site-packages_PyQt6["PyQt6"]\n    node_venv_lib_python3_12_site-packages_PyQt6 --> node_venv_lib_python3_12_site-packages_PyQt6_Qt6["Qt6"]\n    node_venv_lib_python3_12_site-packages_PyQt6_Qt6 --> node_venv_lib_python3_12_site-packages_PyQt6_Qt6_qml["qml"]\n    node_venv_lib_python3_12_site-packages_PyQt6_Qt6_qml --> node_venv_lib_python3_12_site-packages_PyQt6_Qt6_qml_QtQuick["QtQuick"]\n    node_venv_lib_python3_12_site-packages_PyQt6_Qt6_qml_QtQuick --> node_venv_lib_python3_12_site-packages_PyQt6_Qt6_qml_QtQuick_Controls["Controls"]\n    node_venv_lib_python3_12_site-packages_PyQt6_Qt6_qml_QtQuick_Controls --> node_venv_lib_python3_12_site-packages_PyQt6_Qt6_qml_QtQuick_Controls_Imagine["Imagine"]\n    node_venv_lib_python3_12_site-packages_PyQt6_Qt6_qml_QtQuick_Controls_Imagine --> node_venv_lib_python3_12_site-packages_PyQt6_Qt6_qml_QtQuick_Controls_Imagine_ComboBox_qml["ComboBox.qml"]\n    Root --> node_venv["venv"]\n    node_venv --> node_venv_lib["lib"]\n    node_venv_lib --> node_venv_lib_python3_12["python3.12"]\n    node_venv_lib_python3_12 --> node_venv_lib_python3_12_site-packages["site-packages"]\n    node_venv_lib_python3_12_site-packages --> node_venv_lib_python3_12_site-packages_PyQt6["PyQt6"]\n    node_venv_lib_python3_12_site-packages_PyQt6 --> node_venv_lib_python3_12_site-packages_PyQt6_Qt6["Qt6"]\n    node_venv_lib_python3_12_site-packages_PyQt6_Qt6 --> node_venv_lib_python3_12_site-packages_PyQt6_Qt6_qml["qml"]\n    node_venv_lib_python3_12_site-packages_PyQt6_Qt6_qml --> node_venv_lib_python3_12_site-packages_PyQt6_Qt6_qml_QtQuick["QtQuick"]\n    node_venv_lib_python3_12_site-packages_PyQt6_Qt6_qml_QtQuick --> node_venv_lib_python3_12_site-packages_PyQt6_Qt6_qml_QtQuick_Controls["Controls"]\n    node_venv_lib_python3_12_site-packages_PyQt6_Qt6_qml_QtQuick_Controls --> node_venv_lib_python3_12_site-packages_PyQt6_Qt6_qml_QtQuick_Controls_Imagine["Imagine"]\n    node_venv_lib_python3_12_site-packages_PyQt6_Qt6_qml_QtQuick_Controls_Imagine --> node_venv_lib_python3_12_site-packages_PyQt6_Qt6_qml_QtQuick_Controls_Imagine_DelayButton_qml["DelayButton.qml"]\n    Root --> node_venv["venv"]\n    node_venv --> node_venv_lib["lib"]\n    node_venv_lib --> node_venv_lib_python3_12["python3.12"]\n    node_venv_lib_python3_12 --> node_venv_lib_python3_12_site-packages["site-packages"]\n    node_venv_lib_python3_12_site-packages --> node_venv_lib_python3_12_site-packages_PyQt6["PyQt6"]\n    node_venv_lib_python3_12_site-packages_PyQt6 --> node_venv_lib_python3_12_site-packages_PyQt6_Qt6["Qt6"]\n    node_venv_lib_python3_12_site-packages_PyQt6_Qt6 --> node_venv_lib_python3_12_site-packages_PyQt6_Qt6_qml["qml"]\n    node_venv_lib_python3_12_site-packages_PyQt6_Qt6_qml --> node_venv_lib_python3_12_site-packages_PyQt6_Qt6_qml_QtQuick["QtQuick"]\n    node_venv_lib_python3_12_site-packages_PyQt6_Qt6_qml_QtQuick --> node_venv_lib_python3_12_site-packages_PyQt6_Qt6_qml_QtQuick_Controls["Controls"]\n    node_venv_lib_python3_12_site-packages_PyQt6_Qt6_qml_QtQuick_Controls --> node_venv_lib_python3_12_site-packages_PyQt6_Qt6_qml_QtQuick_Controls_Imagine["Imagine"]\n    node_venv_lib_python3_12_site-packages_PyQt6_Qt6_qml_QtQuick_Controls_Imagine --> node_venv_lib_python3_12_site-packages_PyQt6_Qt6_qml_QtQuick_Controls_Imagine_Dial_qml["Dial.qml"]\n    Root --> node_venv["venv"]\n    node_venv --> node_venv_lib["lib"]\n    node_venv_lib --> node_venv_lib_python3_12["python3.12"]\n    node_venv_lib_python3_12 --> node_venv_lib_python3_12_site-packages["site-packages"]\n    node_venv_lib_python3_12_site-packages --> node_venv_lib_python3_12_site-packages_PyQt6["PyQt6"]\n    node_venv_lib_python3_12_site-packages_PyQt6 --> node_venv_lib_python3_12_site-packages_PyQt6_Qt6["Qt6"]\n    node_venv_lib_python3_12_site-packages_PyQt6_Qt6 --> node_venv_lib_python3_12_site-packages_PyQt6_Qt6_qml["qml"]\n    node_venv_lib_python3_12_site-packages_PyQt6_Qt6_qml --> node_venv_lib_python3_12_site-packages_PyQt6_Qt6_qml_QtQuick["QtQuick"]\n    node_venv_lib_python3_12_site-packages_PyQt6_Qt6_qml_QtQuick --> node_venv_lib_python3_12_site-packages_PyQt6_Qt6_qml_QtQuick_Controls["Controls"]\n    node_venv_lib_python3_12_site-packages_PyQt6_Qt6_qml_QtQuick_Controls --> node_venv_lib_python3_12_site-packages_PyQt6_Qt6_qml_QtQuick_Controls_Imagine["Imagine"]\n    node_venv_lib_python3_12_site-packages_PyQt6_Qt6_qml_QtQuick_Controls_Imagine --> node_venv_lib_python3_12_site-packages_PyQt6_Qt6_qml_QtQuick_Controls_Imagine_Dialog_qml["Dialog.qml"]\n    Root --> node_venv["venv"]\n    node_venv --> node_venv_lib["lib"]\n    node_venv_lib --> node_venv_lib_python3_12["python3.12"]\n    node_venv_lib_python3_12 --> node_venv_lib_python3_12_site-packages["site-packages"]\n    node_venv_lib_python3_12_site-packages --> node_venv_lib_python3_12_site-packages_PyQt6["PyQt6"]\n    node_venv_lib_python3_12_site-packages_PyQt6 --> node_venv_lib_python3_12_site-packages_PyQt6_Qt6["Qt6"]\n    node_venv_lib_python3_12_site-packages_PyQt6_Qt6 --> node_venv_lib_python3_12_site-packages_PyQt6_Qt6_qml["qml"]\n    node_venv_lib_python3_12_site-packages_PyQt6_Qt6_qml --> node_venv_lib_python3_12_site-packages_PyQt6_Qt6_qml_QtQuick["QtQuick"]\n    node_venv_lib_python3_12_site-packages_PyQt6_Qt6_qml_QtQuick --> node_venv_lib_python3_12_site-packages_PyQt6_Qt6_qml_QtQuick_Controls["Controls"]\n    node_venv_lib_python3_12_site-packages_PyQt6_Qt6_qml_QtQuick_Controls --> node_venv_lib_python3_12_site-packages_PyQt6_Qt6_qml_QtQuick_Controls_Imagine["Imagine"]\n    node_venv_lib_python3_12_site-packages_PyQt6_Qt6_qml_QtQuick_Controls_Imagine --> node_venv_lib_python3_12_site-packages_PyQt6_Qt6_qml_QtQuick_Controls_Imagine_DialogButtonBox_qml["DialogButtonBox.qml"]\n    Root --> node_venv["venv"]\n    node_venv --> node_venv_lib["lib"]\n    node_venv_lib --> node_venv_lib_python3_12["python3.12"]\n    node_venv_lib_python3_12 --> node_venv_lib_python3_12_site-packages["site-packages"]\n    node_venv_lib_python3_12_site-packages --> node_venv_lib_python3_12_site-packages_PyQt6["PyQt6"]\n    node_venv_lib_python3_12_site-packages_PyQt6 --> node_venv_lib_python3_12_site-packages_PyQt6_Qt6["Qt6"]\n    node_venv_lib_python3_12_site-packages_PyQt6_Qt6 --> node_venv_lib_python3_12_site-packages_PyQt6_Qt6_qml["qml"]\n    node_venv_lib_python3_12_site-packages_PyQt6_Qt6_qml --> node_venv_lib_python3_12_site-packages_PyQt6_Qt6_qml_QtQuick["QtQuick"]\n    node_venv_lib_python3_12_site-packages_PyQt6_Qt6_qml_QtQuick --> node_venv_lib_python3_12_site-packages_PyQt6_Qt6_qml_QtQuick_Controls["Controls"]\n    node_venv_lib_python3_12_site-packages_PyQt6_Qt6_qml_QtQuick_Controls --> node_venv_lib_python3_12_site-packages_PyQt6_Qt6_qml_QtQuick_Controls_Imagine["Imagine"]\n    node_venv_lib_python3_12_site-packages_PyQt6_Qt6_qml_QtQuick_Controls_Imagine --> node_venv_lib_python3_12_site-packages_PyQt6_Qt6_qml_QtQuick_Controls_Imagine_Drawer_qml["Drawer.qml"]\n    Root --> node_venv["venv"]\n    node_venv --> node_venv_lib["lib"]\n    node_venv_lib --> node_venv_lib_python3_12["python3.12"]\n    node_venv_lib_python3_12 --> node_venv_lib_python3_12_site-packages["site-packages"]\n    node_venv_lib_python3_12_site-packages --> node_venv_lib_python3_12_site-packages_PyQt6["PyQt6"]\n    node_venv_lib_python3_12_site-packages_PyQt6 --> node_venv_lib_python3_12_site-packages_PyQt6_Qt6["Qt6"]\n    node_venv_lib_python3_12_site-packages_PyQt6_Qt6 --> node_venv_lib_python3_12_site-packages_PyQt6_Qt6_qml["qml"]\n    node_venv_lib_python3_12_site-packages_PyQt6_Qt6_qml --> node_venv_lib_python3_12_site-packages_PyQt6_Qt6_qml_QtQuick["QtQuick"]\n    node_venv_lib_python3_12_site-packages_PyQt6_Qt6_qml_QtQuick --> node_venv_lib_python3_12_site-packages_PyQt6_Qt6_qml_QtQuick_Controls["Controls"]\n    node_venv_lib_python3_12_site-packages_PyQt6_Qt6_qml_QtQuick_Controls --> node_venv_lib_python3_12_site-packages_PyQt6_Qt6_qml_QtQuick_Controls_Imagine["Imagine"]\n    node_venv_lib_python3_12_site-packages_PyQt6_Qt6_qml_QtQuick_Controls_Imagine --> node_venv_lib_python3_12_site-packages_PyQt6_Qt6_qml_QtQuick_Controls_Imagine_Frame_qml["Frame.qml"]\n    Root --> node_venv["venv"]\n    node_venv --> node_venv_lib["lib"]\n    node_venv_lib --> node_venv_lib_python3_12["python3.12"]\n    node_venv_lib_python3_12 --> node_venv_lib_python3_12_site-packages["site-packages"]\n    node_venv_lib_python3_12_site-packages --> node_venv_lib_python3_12_site-packages_PyQt6["PyQt6"]\n    node_venv_lib_python3_12_site-packages_PyQt6 --> node_venv_lib_python3_12_site-packages_PyQt6_Qt6["Qt6"]\n    node_venv_lib_python3_12_site-packages_PyQt6_Qt6 --> node_venv_lib_python3_12_site-packages_PyQt6_Qt6_qml["qml"]\n    node_venv_lib_python3_12_site-packages_PyQt6_Qt6_qml --> node_venv_lib_python3_12_site-packages_PyQt6_Qt6_qml_QtQuick["QtQuick"]\n    node_venv_lib_python3_12_site-packages_PyQt6_Qt6_qml_QtQuick --> node_venv_lib_python3_12_site-packages_PyQt6_Qt6_qml_QtQuick_Controls["Controls"]\n    node_venv_lib_python3_12_site-packages_PyQt6_Qt6_qml_QtQuick_Controls --> node_venv_lib_python3_12_site-packages_PyQt6_Qt6_qml_QtQuick_Controls_Imagine["Imagine"]\n    node_venv_lib_python3_12_site-packages_PyQt6_Qt6_qml_QtQuick_Controls_Imagine --> node_venv_lib_python3_12_site-packages_PyQt6_Qt6_qml_QtQuick_Controls_Imagine_GroupBox_qml["GroupBox.qml"]\n    Root --> node_venv["venv"]\n    node_venv --> node_venv_lib["lib"]\n    node_venv_lib --> node_venv_lib_python3_12["python3.12"]\n    node_venv_lib_python3_12 --> node_venv_lib_python3_12_site-packages["site-packages"]\n    node_venv_lib_python3_12_site-packages --> node_venv_lib_python3_12_site-packages_PyQt6["PyQt6"]\n    node_venv_lib_python3_12_site-packages_PyQt6 --> node_venv_lib_python3_12_site-packages_PyQt6_Qt6["Qt6"]\n    node_venv_lib_python3_12_site-packages_PyQt6_Qt6 --> node_venv_lib_python3_12_site-packages_PyQt6_Qt6_qml["qml"]\n    node_venv_lib_python3_12_site-packages_PyQt6_Qt6_qml --> node_venv_lib_python3_12_site-packages_PyQt6_Qt6_qml_QtQuick["QtQuick"]\n    node_venv_lib_python3_12_site-packages_PyQt6_Qt6_qml_QtQuick --> node_venv_lib_python3_12_site-packages_PyQt6_Qt6_qml_QtQuick_Controls["Controls"]\n    node_venv_lib_python3_12_site-packages_PyQt6_Qt6_qml_QtQuick_Controls --> node_venv_lib_python3_12_site-packages_PyQt6_Qt6_qml_QtQuick_Controls_Imagine["Imagine"]\n    node_venv_lib_python3_12_site-packages_PyQt6_Qt6_qml_QtQuick_Controls_Imagine --> node_venv_lib_python3_12_site-packages_PyQt6_Qt6_qml_QtQuick_Controls_Imagine_HorizontalHeaderView_qml["HorizontalHeaderView.qml"]\n    Root --> node_venv["venv"]\n    node_venv --> node_venv_lib["lib"]\n    node_venv_lib --> node_venv_lib_python3_12["python3.12"]\n    node_venv_lib_python3_12 --> node_venv_lib_python3_12_site-packages["site-packages"]\n    node_venv_lib_python3_12_site-packages --> node_venv_lib_python3_12_site-packages_PyQt6["PyQt6"]\n    node_venv_lib_python3_12_site-packages_PyQt6 --> node_venv_lib_python3_12_site-packages_PyQt6_Qt6["Qt6"]\n    node_venv_lib_python3_12_site-packages_PyQt6_Qt6 --> node_venv_lib_python3_12_site-packages_PyQt6_Qt6_qml["qml"]\n    node_venv_lib_python3_12_site-packages_PyQt6_Qt6_qml --> node_venv_lib_python3_12_site-packages_PyQt6_Qt6_qml_QtQuick["QtQuick"]\n    node_venv_lib_python3_12_site-packages_PyQt6_Qt6_qml_QtQuick --> node_venv_lib_python3_12_site-packages_PyQt6_Qt6_qml_QtQuick_Controls["Controls"]\n    node_venv_lib_python3_12_site-packages_PyQt6_Qt6_qml_QtQuick_Controls --> node_venv_lib_python3_12_site-packages_PyQt6_Qt6_qml_QtQuick_Controls_Imagine["Imagine"]\n    node_venv_lib_python3_12_site-packages_PyQt6_Qt6_qml_QtQuick_Controls_Imagine --> node_venv_lib_python3_12_site-packages_PyQt6_Qt6_qml_QtQuick_Controls_Imagine_HorizontalHeaderViewDelegate_qml["HorizontalHeaderViewDelegate.qml"]\n    Root --> node_venv["venv"]\n    node_venv --> node_venv_lib["lib"]\n    node_venv_lib --> node_venv_lib_python3_12["python3.12"]\n    node_venv_lib_python3_12 --> node_venv_lib_python3_12_site-packages["site-packages"]\n    node_venv_lib_python3_12_site-packages --> node_venv_lib_python3_12_site-packages_PyQt6["PyQt6"]\n    node_venv_lib_python3_12_site-packages_PyQt6 --> node_venv_lib_python3_12_site-packages_PyQt6_Qt6["Qt6"]\n    node_venv_lib_python3_12_site-packages_PyQt6_Qt6 --> node_venv_lib_python3_12_site-packages_PyQt6_Qt6_qml["qml"]\n    node_venv_lib_python3_12_site-packages_PyQt6_Qt6_qml --> node_venv_lib_python3_12_site-packages_PyQt6_Qt6_qml_QtQuick["QtQuick"]\n    node_venv_lib_python3_12_site-packages_PyQt6_Qt6_qml_QtQuick --> node_venv_lib_python3_12_site-packages_PyQt6_Qt6_qml_QtQuick_Controls["Controls"]\n    node_venv_lib_python3_12_site-packages_PyQt6_Qt6_qml_QtQuick_Controls --> node_venv_lib_python3_12_site-packages_PyQt6_Qt6_qml_QtQuick_Controls_Imagine["Imagine"]\n    node_venv_lib_python3_12_site-packages_PyQt6_Qt6_qml_QtQuick_Controls_Imagine --> node_venv_lib_python3_12_site-packages_PyQt6_Qt6_qml_QtQuick_Controls_Imagine_ItemDelegate_qml["ItemDelegate.qml"]\n    Root --> node_venv["venv"]\n    node_venv --> node_venv_lib["lib"]\n    node_venv_lib --> node_venv_lib_python3_12["python3.12"]\n    node_venv_lib_python3_12 --> node_venv_lib_python3_12_site-packages["site-packages"]\n    node_venv_lib_python3_12_site-packages --> node_venv_lib_python3_12_site-packages_PyQt6["PyQt6"]\n    node_venv_lib_python3_12_site-packages_PyQt6 --> node_venv_lib_python3_12_site-packages_PyQt6_Qt6["Qt6"]\n    node_venv_lib_python3_12_site-packages_PyQt6_Qt6 --> node_venv_lib_python3_12_site-packages_PyQt6_Qt6_qml["qml"]\n    node_venv_lib_python3_12_site-packages_PyQt6_Qt6_qml --> node_venv_lib_python3_12_site-packages_PyQt6_Qt6_qml_QtQuick["QtQuick"]\n    node_venv_lib_python3_12_site-packages_PyQt6_Qt6_qml_QtQuick --> node_venv_lib_python3_12_site-packages_PyQt6_Qt6_qml_QtQuick_Controls["Controls"]\n    node_venv_lib_python3_12_site-packages_PyQt6_Qt6_qml_QtQuick_Controls --> node_venv_lib_python3_12_site-packages_PyQt6_Qt6_qml_QtQuick_Controls_Imagine["Imagine"]\n    node_venv_lib_python3_12_site-packages_PyQt6_Qt6_qml_QtQuick_Controls_Imagine --> node_venv_lib_python3_12_site-packages_PyQt6_Qt6_qml_QtQuick_Controls_Imagine_Label_qml["Label.qml"]\n    Root --> node_venv["venv"]\n    node_venv --> node_venv_lib["lib"]\n    node_venv_lib --> node_venv_lib_python3_12["python3.12"]\n    node_venv_lib_python3_12 --> node_venv_lib_python3_12_site-packages["site-packages"]\n    node_venv_lib_python3_12_site-packages --> node_venv_lib_python3_12_site-packages_PyQt6["PyQt6"]\n    node_venv_lib_python3_12_site-packages_PyQt6 --> node_venv_lib_python3_12_site-packages_PyQt6_Qt6["Qt6"]\n    node_venv_lib_python3_12_site-packages_PyQt6_Qt6 --> node_venv_lib_python3_12_site-packages_PyQt6_Qt6_qml["qml"]\n    node_venv_lib_python3_12_site-packages_PyQt6_Qt6_qml --> node_venv_lib_python3_12_site-packages_PyQt6_Qt6_qml_QtQuick["QtQuick"]\n    node_venv_lib_python3_12_site-packages_PyQt6_Qt6_qml_QtQuick --> node_venv_lib_python3_12_site-packages_PyQt6_Qt6_qml_QtQuick_Controls["Controls"]\n    node_venv_lib_python3_12_site-packages_PyQt6_Qt6_qml_QtQuick_Controls --> node_venv_lib_python3_12_site-packages_PyQt6_Qt6_qml_QtQuick_Controls_Imagine["Imagine"]\n    node_venv_lib_python3_12_site-packages_PyQt6_Qt6_qml_QtQuick_Controls_Imagine --> node_venv_lib_python3_12_site-packages_PyQt6_Qt6_qml_QtQuick_Controls_Imagine_Menu_qml["Menu.qml"]\n    Root --> node_venv["venv"]\n    node_venv --> node_venv_lib["lib"]\n    node_venv_lib --> node_venv_lib_python3_12["python3.12"]\n    node_venv_lib_python3_12 --> node_venv_lib_python3_12_site-packages["site-packages"]\n    node_venv_lib_python3_12_site-packages --> node_venv_lib_python3_12_site-packages_PyQt6["PyQt6"]\n    node_venv_lib_python3_12_site-packages_PyQt6 --> node_venv_lib_python3_12_site-packages_PyQt6_Qt6["Qt6"]\n    node_venv_lib_python3_12_site-packages_PyQt6_Qt6 --> node_venv_lib_python3_12_site-packages_PyQt6_Qt6_qml["qml"]\n    node_venv_lib_python3_12_site-packages_PyQt6_Qt6_qml --> node_venv_lib_python3_12_site-packages_PyQt6_Qt6_qml_QtQuick["QtQuick"]\n    node_venv_lib_python3_12_site-packages_PyQt6_Qt6_qml_QtQuick --> node_venv_lib_python3_12_site-packages_PyQt6_Qt6_qml_QtQuick_Controls["Controls"]\n    node_venv_lib_python3_12_site-packages_PyQt6_Qt6_qml_QtQuick_Controls --> node_venv_lib_python3_12_site-packages_PyQt6_Qt6_qml_QtQuick_Controls_Imagine["Imagine"]\n    node_venv_lib_python3_12_site-packages_PyQt6_Qt6_qml_QtQuick_Controls_Imagine --> node_venv_lib_python3_12_site-packages_PyQt6_Qt6_qml_QtQuick_Controls_Imagine_MenuItem_qml["MenuItem.qml"]\n    Root --> node_venv["venv"]\n    node_venv --> node_venv_lib["lib"]\n    node_venv_lib --> node_venv_lib_python3_12["python3.12"]\n    node_venv_lib_python3_12 --> node_venv_lib_python3_12_site-packages["site-packages"]\n    node_venv_lib_python3_12_site-packages --> node_venv_lib_python3_12_site-packages_PyQt6["PyQt6"]\n    node_venv_lib_python3_12_site-packages_PyQt6 --> node_venv_lib_python3_12_site-packages_PyQt6_Qt6["Qt6"]\n    node_venv_lib_python3_12_site-packages_PyQt6_Qt6 --> node_venv_lib_python3_12_site-packages_PyQt6_Qt6_qml["qml"]\n    node_venv_lib_python3_12_site-packages_PyQt6_Qt6_qml --> node_venv_lib_python3_12_site-packages_PyQt6_Qt6_qml_QtQuick["QtQuick"]\n    node_venv_lib_python3_12_site-packages_PyQt6_Qt6_qml_QtQuick --> node_venv_lib_python3_12_site-packages_PyQt6_Qt6_qml_QtQuick_Controls["Controls"]\n    node_venv_lib_python3_12_site-packages_PyQt6_Qt6_qml_QtQuick_Controls --> node_venv_lib_python3_12_site-packages_PyQt6_Qt6_qml_QtQuick_Controls_Imagine["Imagine"]\n    node_venv_lib_python3_12_site-packages_PyQt6_Qt6_qml_QtQuick_Controls_Imagine --> node_venv_lib_python3_12_site-packages_PyQt6_Qt6_qml_QtQuick_Controls_Imagine_MenuSeparator_qml["MenuSeparator.qml"]\n    Root --> node_venv["venv"]\n    node_venv --> node_venv_lib["lib"]\n    node_venv_lib --> node_venv_lib_python3_12["python3.12"]\n    node_venv_lib_python3_12 --> node_venv_lib_python3_12_site-packages["site-packages"]\n    node_venv_lib_python3_12_site-packages --> node_venv_lib_python3_12_site-packages_PyQt6["PyQt6"]\n    node_venv_lib_python3_12_site-packages_PyQt6 --> node_venv_lib_python3_12_site-packages_PyQt6_Qt6["Qt6"]\n    node_venv_lib_python3_12_site-packages_PyQt6_Qt6 --> node_venv_lib_python3_12_site-packages_PyQt6_Qt6_qml["qml"]\n    node_venv_lib_python3_12_site-packages_PyQt6_Qt6_qml --> node_venv_lib_python3_12_site-packages_PyQt6_Qt6_qml_QtQuick["QtQuick"]\n    node_venv_lib_python3_12_site-packages_PyQt6_Qt6_qml_QtQuick --> node_venv_lib_python3_12_site-packages_PyQt6_Qt6_qml_QtQuick_Controls["Controls"]\n    node_venv_lib_python3_12_site-packages_PyQt6_Qt6_qml_QtQuick_Controls --> node_venv_lib_python3_12_site-packages_PyQt6_Qt6_qml_QtQuick_Controls_Imagine["Imagine"]\n    node_venv_lib_python3_12_site-packages_PyQt6_Qt6_qml_QtQuick_Controls_Imagine --> node_venv_lib_python3_12_site-packages_PyQt6_Qt6_qml_QtQuick_Controls_Imagine_Page_qml["Page.qml"]\n    Root --> node_venv["venv"]\n    node_venv --> node_venv_lib["lib"]\n    node_venv_lib --> node_venv_lib_python3_12["python3.12"]\n    node_venv_lib_python3_12 --> node_venv_lib_python3_12_site-packages["site-packages"]\n    node_venv_lib_python3_12_site-packages --> node_venv_lib_python3_12_site-packages_PyQt6["PyQt6"]\n    node_venv_lib_python3_12_site-packages_PyQt6 --> node_venv_lib_python3_12_site-packages_PyQt6_Qt6["Qt6"]\n    node_venv_lib_python3_12_site-packages_PyQt6_Qt6 --> node_venv_lib_python3_12_site-packages_PyQt6_Qt6_qml["qml"]\n    node_venv_lib_python3_12_site-packages_PyQt6_Qt6_qml --> node_venv_lib_python3_12_site-packages_PyQt6_Qt6_qml_QtQuick["QtQuick"]\n    node_venv_lib_python3_12_site-packages_PyQt6_Qt6_qml_QtQuick --> node_venv_lib_python3_12_site-packages_PyQt6_Qt6_qml_QtQuick_Controls["Controls"]\n    node_venv_lib_python3_12_site-packages_PyQt6_Qt6_qml_QtQuick_Controls --> node_venv_lib_python3_12_site-packages_PyQt6_Qt6_qml_QtQuick_Controls_Imagine["Imagine"]\n    node_venv_lib_python3_12_site-packages_PyQt6_Qt6_qml_QtQuick_Controls_Imagine --> node_venv_lib_python3_12_site-packages_PyQt6_Qt6_qml_QtQuick_Controls_Imagine_PageIndicator_qml["PageIndicator.qml"]\n    Root --> node_venv["venv"]\n    node_venv --> node_venv_lib["lib"]\n    node_venv_lib --> node_venv_lib_python3_12["python3.12"]\n    node_venv_lib_python3_12 --> node_venv_lib_python3_12_site-packages["site-packages"]\n    node_venv_lib_python3_12_site-packages --> node_venv_lib_python3_12_site-packages_PyQt6["PyQt6"]\n    node_venv_lib_python3_12_site-packages_PyQt6 --> node_venv_lib_python3_12_site-packages_PyQt6_Qt6["Qt6"]\n    node_venv_lib_python3_12_site-packages_PyQt6_Qt6 --> node_venv_lib_python3_12_site-packages_PyQt6_Qt6_qml["qml"]\n    node_venv_lib_python3_12_site-packages_PyQt6_Qt6_qml --> node_venv_lib_python3_12_site-packages_PyQt6_Qt6_qml_QtQuick["QtQuick"]\n    node_venv_lib_python3_12_site-packages_PyQt6_Qt6_qml_QtQuick --> node_venv_lib_python3_12_site-packages_PyQt6_Qt6_qml_QtQuick_Controls["Controls"]\n    node_venv_lib_python3_12_site-packages_PyQt6_Qt6_qml_QtQuick_Controls --> node_venv_lib_python3_12_site-packages_PyQt6_Qt6_qml_QtQuick_Controls_Imagine["Imagine"]\n    node_venv_lib_python3_12_site-packages_PyQt6_Qt6_qml_QtQuick_Controls_Imagine --> node_venv_lib_python3_12_site-packages_PyQt6_Qt6_qml_QtQuick_Controls_Imagine_Pane_qml["Pane.qml"]\n    Root --> node_venv["venv"]\n    node_venv --> node_venv_lib["lib"]\n    node_venv_lib --> node_venv_lib_python3_12["python3.12"]\n    node_venv_lib_python3_12 --> node_venv_lib_python3_12_site-packages["site-packages"]\n    node_venv_lib_python3_12_site-packages --> node_venv_lib_python3_12_site-packages_PyQt6["PyQt6"]\n    node_venv_lib_python3_12_site-packages_PyQt6 --> node_venv_lib_python3_12_site-packages_PyQt6_Qt6["Qt6"]\n    node_venv_lib_python3_12_site-packages_PyQt6_Qt6 --> node_venv_lib_python3_12_site-packages_PyQt6_Qt6_qml["qml"]\n    node_venv_lib_python3_12_site-packages_PyQt6_Qt6_qml --> node_venv_lib_python3_12_site-packages_PyQt6_Qt6_qml_QtQuick["QtQuick"]\n    node_venv_lib_python3_12_site-packages_PyQt6_Qt6_qml_QtQuick --> node_venv_lib_python3_12_site-packages_PyQt6_Qt6_qml_QtQuick_Controls["Controls"]\n    node_venv_lib_python3_12_site-packages_PyQt6_Qt6_qml_QtQuick_Controls --> node_venv_lib_python3_12_site-packages_PyQt6_Qt6_qml_QtQuick_Controls_Imagine["Imagine"]\n    node_venv_lib_python3_12_site-packages_PyQt6_Qt6_qml_QtQuick_Controls_Imagine --> node_venv_lib_python3_12_site-packages_PyQt6_Qt6_qml_QtQuick_Controls_Imagine_Popup_qml["Popup.qml"]\n    Root --> node_venv["venv"]\n    node_venv --> node_venv_lib["lib"]\n    node_venv_lib --> node_venv_lib_python3_12["python3.12"]\n    node_venv_lib_python3_12 --> node_venv_lib_python3_12_site-packages["site-packages"]\n    node_venv_lib_python3_12_site-packages --> node_venv_lib_python3_12_site-packages_PyQt6["PyQt6"]\n    node_venv_lib_python3_12_site-packages_PyQt6 --> node_venv_lib_python3_12_site-packages_PyQt6_Qt6["Qt6"]\n    node_venv_lib_python3_12_site-packages_PyQt6_Qt6 --> node_venv_lib_python3_12_site-packages_PyQt6_Qt6_qml["qml"]\n    node_venv_lib_python3_12_site-packages_PyQt6_Qt6_qml --> node_venv_lib_python3_12_site-packages_PyQt6_Qt6_qml_QtQuick["QtQuick"]\n    node_venv_lib_python3_12_site-packages_PyQt6_Qt6_qml_QtQuick --> node_venv_lib_python3_12_site-packages_PyQt6_Qt6_qml_QtQuick_Controls["Controls"]\n    node_venv_lib_python3_12_site-packages_PyQt6_Qt6_qml_QtQuick_Controls --> node_venv_lib_python3_12_site-packages_PyQt6_Qt6_qml_QtQuick_Controls_Imagine["Imagine"]\n    node_venv_lib_python3_12_site-packages_PyQt6_Qt6_qml_QtQuick_Controls_Imagine --> node_venv_lib_python3_12_site-packages_PyQt6_Qt6_qml_QtQuick_Controls_Imagine_ProgressBar_qml["ProgressBar.qml"]\n    Root --> node_venv["venv"]\n    node_venv --> node_venv_lib["lib"]\n    node_venv_lib --> node_venv_lib_python3_12["python3.12"]\n    node_venv_lib_python3_12 --> node_venv_lib_python3_12_site-packages["site-packages"]\n    node_venv_lib_python3_12_site-packages --> node_venv_lib_python3_12_site-packages_PyQt6["PyQt6"]\n    node_venv_lib_python3_12_site-packages_PyQt6 --> node_venv_lib_python3_12_site-packages_PyQt6_Qt6["Qt6"]\n    node_venv_lib_python3_12_site-packages_PyQt6_Qt6 --> node_venv_lib_python3_12_site-packages_PyQt6_Qt6_qml["qml"]\n    node_venv_lib_python3_12_site-packages_PyQt6_Qt6_qml --> node_venv_lib_python3_12_site-packages_PyQt6_Qt6_qml_QtQuick["QtQuick"]\n    node_venv_lib_python3_12_site-packages_PyQt6_Qt6_qml_QtQuick --> node_venv_lib_python3_12_site-packages_PyQt6_Qt6_qml_QtQuick_Controls["Controls"]\n    node_venv_lib_python3_12_site-packages_PyQt6_Qt6_qml_QtQuick_Controls --> node_venv_lib_python3_12_site-packages_PyQt6_Qt6_qml_QtQuick_Controls_Imagine["Imagine"]\n    node_venv_lib_python3_12_site-packages_PyQt6_Qt6_qml_QtQuick_Controls_Imagine --> node_venv_lib_python3_12_site-packages_PyQt6_Qt6_qml_QtQuick_Controls_Imagine_RadioButton_qml["RadioButton.qml"]\n    Root --> node_venv["venv"]\n    node_venv --> node_venv_lib["lib"]\n    node_venv_lib --> node_venv_lib_python3_12["python3.12"]\n    node_venv_lib_python3_12 --> node_venv_lib_python3_12_site-packages["site-packages"]\n    node_venv_lib_python3_12_site-packages --> node_venv_lib_python3_12_site-packages_PyQt6["PyQt6"]\n    node_venv_lib_python3_12_site-packages_PyQt6 --> node_venv_lib_python3_12_site-packages_PyQt6_Qt6["Qt6"]\n    node_venv_lib_python3_12_site-packages_PyQt6_Qt6 --> node_venv_lib_python3_12_site-packages_PyQt6_Qt6_qml["qml"]\n    node_venv_lib_python3_12_site-packages_PyQt6_Qt6_qml --> node_venv_lib_python3_12_site-packages_PyQt6_Qt6_qml_QtQuick["QtQuick"]\n    node_venv_lib_python3_12_site-packages_PyQt6_Qt6_qml_QtQuick --> node_venv_lib_python3_12_site-packages_PyQt6_Qt6_qml_QtQuick_Controls["Controls"]\n    node_venv_lib_python3_12_site-packages_PyQt6_Qt6_qml_QtQuick_Controls --> node_venv_lib_python3_12_site-packages_PyQt6_Qt6_qml_QtQuick_Controls_Imagine["Imagine"]\n    node_venv_lib_python3_12_site-packages_PyQt6_Qt6_qml_QtQuick_Controls_Imagine --> node_venv_lib_python3_12_site-packages_PyQt6_Qt6_qml_QtQuick_Controls_Imagine_RadioDelegate_qml["RadioDelegate.qml"]\n    Root --> node_venv["venv"]\n    node_venv --> node_venv_lib["lib"]\n    node_venv_lib --> node_venv_lib_python3_12["python3.12"]\n    node_venv_lib_python3_12 --> node_venv_lib_python3_12_site-packages["site-packages"]\n    node_venv_lib_python3_12_site-packages --> node_venv_lib_python3_12_site-packages_PyQt6["PyQt6"]\n    node_venv_lib_python3_12_site-packages_PyQt6 --> node_venv_lib_python3_12_site-packages_PyQt6_Qt6["Qt6"]\n    node_venv_lib_python3_12_site-packages_PyQt6_Qt6 --> node_venv_lib_python3_12_site-packages_PyQt6_Qt6_qml["qml"]\n    node_venv_lib_python3_12_site-packages_PyQt6_Qt6_qml --> node_venv_lib_python3_12_site-packages_PyQt6_Qt6_qml_QtQuick["QtQuick"]\n    node_venv_lib_python3_12_site-packages_PyQt6_Qt6_qml_QtQuick --> node_venv_lib_python3_12_site-packages_PyQt6_Qt6_qml_QtQuick_Controls["Controls"]\n    node_venv_lib_python3_12_site-packages_PyQt6_Qt6_qml_QtQuick_Controls --> node_venv_lib_python3_12_site-packages_PyQt6_Qt6_qml_QtQuick_Controls_Imagine["Imagine"]\n    node_venv_lib_python3_12_site-packages_PyQt6_Qt6_qml_QtQuick_Controls_Imagine --> node_venv_lib_python3_12_site-packages_PyQt6_Qt6_qml_QtQuick_Controls_Imagine_RangeSlider_qml["RangeSlider.qml"]\n    Root --> node_venv["venv"]\n    node_venv --> node_venv_lib["lib"]\n    node_venv_lib --> node_venv_lib_python3_12["python3.12"]\n    node_venv_lib_python3_12 --> node_venv_lib_python3_12_site-packages["site-packages"]\n    node_venv_lib_python3_12_site-packages --> node_venv_lib_python3_12_site-packages_PyQt6["PyQt6"]\n    node_venv_lib_python3_12_site-packages_PyQt6 --> node_venv_lib_python3_12_site-packages_PyQt6_Qt6["Qt6"]\n    node_venv_lib_python3_12_site-packages_PyQt6_Qt6 --> node_venv_lib_python3_12_site-packages_PyQt6_Qt6_qml["qml"]\n    node_venv_lib_python3_12_site-packages_PyQt6_Qt6_qml --> node_venv_lib_python3_12_site-packages_PyQt6_Qt6_qml_QtQuick["QtQuick"]\n    node_venv_lib_python3_12_site-packages_PyQt6_Qt6_qml_QtQuick --> node_venv_lib_python3_12_site-packages_PyQt6_Qt6_qml_QtQuick_Controls["Controls"]\n    node_venv_lib_python3_12_site-packages_PyQt6_Qt6_qml_QtQuick_Controls --> node_venv_lib_python3_12_site-packages_PyQt6_Qt6_qml_QtQuick_Controls_Imagine["Imagine"]\n    node_venv_lib_python3_12_site-packages_PyQt6_Qt6_qml_QtQuick_Controls_Imagine --> node_venv_lib_python3_12_site-packages_PyQt6_Qt6_qml_QtQuick_Controls_Imagine_RoundButton_qml["RoundButton.qml"]\n    Root --> node_venv["venv"]\n    node_venv --> node_venv_lib["lib"]\n    node_venv_lib --> node_venv_lib_python3_12["python3.12"]\n    node_venv_lib_python3_12 --> node_venv_lib_python3_12_site-packages["site-packages"]\n    node_venv_lib_python3_12_site-packages --> node_venv_lib_python3_12_site-packages_PyQt6["PyQt6"]\n    node_venv_lib_python3_12_site-packages_PyQt6 --> node_venv_lib_python3_12_site-packages_PyQt6_Qt6["Qt6"]\n    node_venv_lib_python3_12_site-packages_PyQt6_Qt6 --> node_venv_lib_python3_12_site-packages_PyQt6_Qt6_qml["qml"]\n    node_venv_lib_python3_12_site-packages_PyQt6_Qt6_qml --> node_venv_lib_python3_12_site-packages_PyQt6_Qt6_qml_QtQuick["QtQuick"]\n    node_venv_lib_python3_12_site-packages_PyQt6_Qt6_qml_QtQuick --> node_venv_lib_python3_12_site-packages_PyQt6_Qt6_qml_QtQuick_Controls["Controls"]\n    node_venv_lib_python3_12_site-packages_PyQt6_Qt6_qml_QtQuick_Controls --> node_venv_lib_python3_12_site-packages_PyQt6_Qt6_qml_QtQuick_Controls_Imagine["Imagine"]\n    node_venv_lib_python3_12_site-packages_PyQt6_Qt6_qml_QtQuick_Controls_Imagine --> node_venv_lib_python3_12_site-packages_PyQt6_Qt6_qml_QtQuick_Controls_Imagine_ScrollBar_qml["ScrollBar.qml"]\n    Root --> node_venv["venv"]\n    node_venv --> node_venv_lib["lib"]\n    node_venv_lib --> node_venv_lib_python3_12["python3.12"]\n    node_venv_lib_python3_12 --> node_venv_lib_python3_12_site-packages["site-packages"]\n    node_venv_lib_python3_12_site-packages --> node_venv_lib_python3_12_site-packages_PyQt6["PyQt6"]\n    node_venv_lib_python3_12_site-packages_PyQt6 --> node_venv_lib_python3_12_site-packages_PyQt6_Qt6["Qt6"]\n    node_venv_lib_python3_12_site-packages_PyQt6_Qt6 --> node_venv_lib_python3_12_site-packages_PyQt6_Qt6_qml["qml"]\n    node_venv_lib_python3_12_site-packages_PyQt6_Qt6_qml --> node_venv_lib_python3_12_site-packages_PyQt6_Qt6_qml_QtQuick["QtQuick"]\n    node_venv_lib_python3_12_site-packages_PyQt6_Qt6_qml_QtQuick --> node_venv_lib_python3_12_site-packages_PyQt6_Qt6_qml_QtQuick_Controls["Controls"]\n    node_venv_lib_python3_12_site-packages_PyQt6_Qt6_qml_QtQuick_Controls --> node_venv_lib_python3_12_site-packages_PyQt6_Qt6_qml_QtQuick_Controls_Imagine["Imagine"]\n    node_venv_lib_python3_12_site-packages_PyQt6_Qt6_qml_QtQuick_Controls_Imagine --> node_venv_lib_python3_12_site-packages_PyQt6_Qt6_qml_QtQuick_Controls_Imagine_ScrollIndicator_qml["ScrollIndicator.qml"]\n    Root --> node_venv["venv"]\n    node_venv --> node_venv_lib["lib"]\n    node_venv_lib --> node_venv_lib_python3_12["python3.12"]\n    node_venv_lib_python3_12 --> node_venv_lib_python3_12_site-packages["site-packages"]\n    node_venv_lib_python3_12_site-packages --> node_venv_lib_python3_12_site-packages_PyQt6["PyQt6"]\n    node_venv_lib_python3_12_site-packages_PyQt6 --> node_venv_lib_python3_12_site-packages_PyQt6_Qt6["Qt6"]\n    node_venv_lib_python3_12_site-packages_PyQt6_Qt6 --> node_venv_lib_python3_12_site-packages_PyQt6_Qt6_qml["qml"]\n    node_venv_lib_python3_12_site-packages_PyQt6_Qt6_qml --> node_venv_lib_python3_12_site-packages_PyQt6_Qt6_qml_QtQuick["QtQuick"]\n    node_venv_lib_python3_12_site-packages_PyQt6_Qt6_qml_QtQuick --> node_venv_lib_python3_12_site-packages_PyQt6_Qt6_qml_QtQuick_Controls["Controls"]\n    node_venv_lib_python3_12_site-packages_PyQt6_Qt6_qml_QtQuick_Controls --> node_venv_lib_python3_12_site-packages_PyQt6_Qt6_qml_QtQuick_Controls_Imagine["Imagine"]\n    node_venv_lib_python3_12_site-packages_PyQt6_Qt6_qml_QtQuick_Controls_Imagine --> node_venv_lib_python3_12_site-packages_PyQt6_Qt6_qml_QtQuick_Controls_Imagine_ScrollView_qml["ScrollView.qml"]\n    Root --> node_venv["venv"]\n    node_venv --> node_venv_lib["lib"]\n    node_venv_lib --> node_venv_lib_python3_12["python3.12"]\n    node_venv_lib_python3_12 --> node_venv_lib_python3_12_site-packages["site-packages"]\n    node_venv_lib_python3_12_site-packages --> node_venv_lib_python3_12_site-packages_PyQt6["PyQt6"]\n    node_venv_lib_python3_12_site-packages_PyQt6 --> node_venv_lib_python3_12_site-packages_PyQt6_Qt6["Qt6"]\n    node_venv_lib_python3_12_site-packages_PyQt6_Qt6 --> node_venv_lib_python3_12_site-packages_PyQt6_Qt6_qml["qml"]\n    node_venv_lib_python3_12_site-packages_PyQt6_Qt6_qml --> node_venv_lib_python3_12_site-packages_PyQt6_Qt6_qml_QtQuick["QtQuick"]\n    node_venv_lib_python3_12_site-packages_PyQt6_Qt6_qml_QtQuick --> node_venv_lib_python3_12_site-packages_PyQt6_Qt6_qml_QtQuick_Controls["Controls"]\n    node_venv_lib_python3_12_site-packages_PyQt6_Qt6_qml_QtQuick_Controls --> node_venv_lib_python3_12_site-packages_PyQt6_Qt6_qml_QtQuick_Controls_Imagine["Imagine"]\n    node_venv_lib_python3_12_site-packages_PyQt6_Qt6_qml_QtQuick_Controls_Imagine --> node_venv_lib_python3_12_site-packages_PyQt6_Qt6_qml_QtQuick_Controls_Imagine_SearchField_qml["SearchField.qml"]\n    Root --> node_venv["venv"]\n    node_venv --> node_venv_lib["lib"]\n    node_venv_lib --> node_venv_lib_python3_12["python3.12"]\n    node_venv_lib_python3_12 --> node_venv_lib_python3_12_site-packages["site-packages"]\n    node_venv_lib_python3_12_site-packages --> node_venv_lib_python3_12_site-packages_PyQt6["PyQt6"]\n    node_venv_lib_python3_12_site-packages_PyQt6 --> node_venv_lib_python3_12_site-packages_PyQt6_Qt6["Qt6"]\n    node_venv_lib_python3_12_site-packages_PyQt6_Qt6 --> node_venv_lib_python3_12_site-packages_PyQt6_Qt6_qml["qml"]\n    node_venv_lib_python3_12_site-packages_PyQt6_Qt6_qml --> node_venv_lib_python3_12_site-packages_PyQt6_Qt6_qml_QtQuick["QtQuick"]\n    node_venv_lib_python3_12_site-packages_PyQt6_Qt6_qml_QtQuick --> node_venv_lib_python3_12_site-packages_PyQt6_Qt6_qml_QtQuick_Controls["Controls"]\n    node_venv_lib_python3_12_site-packages_PyQt6_Qt6_qml_QtQuick_Controls --> node_venv_lib_python3_12_site-packages_PyQt6_Qt6_qml_QtQuick_Controls_Imagine["Imagine"]\n    node_venv_lib_python3_12_site-packages_PyQt6_Qt6_qml_QtQuick_Controls_Imagine --> node_venv_lib_python3_12_site-packages_PyQt6_Qt6_qml_QtQuick_Controls_Imagine_SelectionRectangle_qml["SelectionRectangle.qml"]\n    Root --> node_venv["venv"]\n    node_venv --> node_venv_lib["lib"]\n    node_venv_lib --> node_venv_lib_python3_12["python3.12"]\n    node_venv_lib_python3_12 --> node_venv_lib_python3_12_site-packages["site-packages"]\n    node_venv_lib_python3_12_site-packages --> node_venv_lib_python3_12_site-packages_PyQt6["PyQt6"]\n    node_venv_lib_python3_12_site-packages_PyQt6 --> node_venv_lib_python3_12_site-packages_PyQt6_Qt6["Qt6"]\n    node_venv_lib_python3_12_site-packages_PyQt6_Qt6 --> node_venv_lib_python3_12_site-packages_PyQt6_Qt6_qml["qml"]\n    node_venv_lib_python3_12_site-packages_PyQt6_Qt6_qml --> node_venv_lib_python3_12_site-packages_PyQt6_Qt6_qml_QtQuick["QtQuick"]\n    node_venv_lib_python3_12_site-packages_PyQt6_Qt6_qml_QtQuick --> node_venv_lib_python3_12_site-packages_PyQt6_Qt6_qml_QtQuick_Controls["Controls"]\n    node_venv_lib_python3_12_site-packages_PyQt6_Qt6_qml_QtQuick_Controls --> node_venv_lib_python3_12_site-packages_PyQt6_Qt6_qml_QtQuick_Controls_Imagine["Imagine"]\n    node_venv_lib_python3_12_site-packages_PyQt6_Qt6_qml_QtQuick_Controls_Imagine --> node_venv_lib_python3_12_site-packages_PyQt6_Qt6_qml_QtQuick_Controls_Imagine_Slider_qml["Slider.qml"]\n    Root --> node_venv["venv"]\n    node_venv --> node_venv_lib["lib"]\n    node_venv_lib --> node_venv_lib_python3_12["python3.12"]\n    node_venv_lib_python3_12 --> node_venv_lib_python3_12_site-packages["site-packages"]\n    node_venv_lib_python3_12_site-packages --> node_venv_lib_python3_12_site-packages_PyQt6["PyQt6"]\n    node_venv_lib_python3_12_site-packages_PyQt6 --> node_venv_lib_python3_12_site-packages_PyQt6_Qt6["Qt6"]\n    node_venv_lib_python3_12_site-packages_PyQt6_Qt6 --> node_venv_lib_python3_12_site-packages_PyQt6_Qt6_qml["qml"]\n    node_venv_lib_python3_12_site-packages_PyQt6_Qt6_qml --> node_venv_lib_python3_12_site-packages_PyQt6_Qt6_qml_QtQuick["QtQuick"]\n    node_venv_lib_python3_12_site-packages_PyQt6_Qt6_qml_QtQuick --> node_venv_lib_python3_12_site-packages_PyQt6_Qt6_qml_QtQuick_Controls["Controls"]\n    node_venv_lib_python3_12_site-packages_PyQt6_Qt6_qml_QtQuick_Controls --> node_venv_lib_python3_12_site-packages_PyQt6_Qt6_qml_QtQuick_Controls_Imagine["Imagine"]\n    node_venv_lib_python3_12_site-packages_PyQt6_Qt6_qml_QtQuick_Controls_Imagine --> node_venv_lib_python3_12_site-packages_PyQt6_Qt6_qml_QtQuick_Controls_Imagine_SpinBox_qml["SpinBox.qml"]\n    Root --> node_venv["venv"]\n    node_venv --> node_venv_lib["lib"]\n    node_venv_lib --> node_venv_lib_python3_12["python3.12"]\n    node_venv_lib_python3_12 --> node_venv_lib_python3_12_site-packages["site-packages"]\n    node_venv_lib_python3_12_site-packages --> node_venv_lib_python3_12_site-packages_PyQt6["PyQt6"]\n    node_venv_lib_python3_12_site-packages_PyQt6 --> node_venv_lib_python3_12_site-packages_PyQt6_Qt6["Qt6"]\n    node_venv_lib_python3_12_site-packages_PyQt6_Qt6 --> node_venv_lib_python3_12_site-packages_PyQt6_Qt6_qml["qml"]\n    node_venv_lib_python3_12_site-packages_PyQt6_Qt6_qml --> node_venv_lib_python3_12_site-packages_PyQt6_Qt6_qml_QtQuick["QtQuick"]\n    node_venv_lib_python3_12_site-packages_PyQt6_Qt6_qml_QtQuick --> node_venv_lib_python3_12_site-packages_PyQt6_Qt6_qml_QtQuick_Controls["Controls"]\n    node_venv_lib_python3_12_site-packages_PyQt6_Qt6_qml_QtQuick_Controls --> node_venv_lib_python3_12_site-packages_PyQt6_Qt6_qml_QtQuick_Controls_Imagine["Imagine"]\n    node_venv_lib_python3_12_site-packages_PyQt6_Qt6_qml_QtQuick_Controls_Imagine --> node_venv_lib_python3_12_site-packages_PyQt6_Qt6_qml_QtQuick_Controls_Imagine_SplitView_qml["SplitView.qml"]\n    Root --> node_venv["venv"]\n    node_venv --> node_venv_lib["lib"]\n    node_venv_lib --> node_venv_lib_python3_12["python3.12"]\n    node_venv_lib_python3_12 --> node_venv_lib_python3_12_site-packages["site-packages"]\n    node_venv_lib_python3_12_site-packages --> node_venv_lib_python3_12_site-packages_PyQt6["PyQt6"]\n    node_venv_lib_python3_12_site-packages_PyQt6 --> node_venv_lib_python3_12_site-packages_PyQt6_Qt6["Qt6"]\n    node_venv_lib_python3_12_site-packages_PyQt6_Qt6 --> node_venv_lib_python3_12_site-packages_PyQt6_Qt6_qml["qml"]\n    node_venv_lib_python3_12_site-packages_PyQt6_Qt6_qml --> node_venv_lib_python3_12_site-packages_PyQt6_Qt6_qml_QtQuick["QtQuick"]\n    node_venv_lib_python3_12_site-packages_PyQt6_Qt6_qml_QtQuick --> node_venv_lib_python3_12_site-packages_PyQt6_Qt6_qml_QtQuick_Controls["Controls"]\n    node_venv_lib_python3_12_site-packages_PyQt6_Qt6_qml_QtQuick_Controls --> node_venv_lib_python3_12_site-packages_PyQt6_Qt6_qml_QtQuick_Controls_Imagine["Imagine"]\n    node_venv_lib_python3_12_site-packages_PyQt6_Qt6_qml_QtQuick_Controls_Imagine --> node_venv_lib_python3_12_site-packages_PyQt6_Qt6_qml_QtQuick_Controls_Imagine_StackView_qml["StackView.qml"]\n    Root --> node_venv["venv"]\n    node_venv --> node_venv_lib["lib"]\n    node_venv_lib --> node_venv_lib_python3_12["python3.12"]\n    node_venv_lib_python3_12 --> node_venv_lib_python3_12_site-packages["site-packages"]\n    node_venv_lib_python3_12_site-packages --> node_venv_lib_python3_12_site-packages_PyQt6["PyQt6"]\n    node_venv_lib_python3_12_site-packages_PyQt6 --> node_venv_lib_python3_12_site-packages_PyQt6_Qt6["Qt6"]\n    node_venv_lib_python3_12_site-packages_PyQt6_Qt6 --> node_venv_lib_python3_12_site-packages_PyQt6_Qt6_qml["qml"]\n    node_venv_lib_python3_12_site-packages_PyQt6_Qt6_qml --> node_venv_lib_python3_12_site-packages_PyQt6_Qt6_qml_QtQuick["QtQuick"]\n    node_venv_lib_python3_12_site-packages_PyQt6_Qt6_qml_QtQuick --> node_venv_lib_python3_12_site-packages_PyQt6_Qt6_qml_QtQuick_Controls["Controls"]\n    node_venv_lib_python3_12_site-packages_PyQt6_Qt6_qml_QtQuick_Controls --> node_venv_lib_python3_12_site-packages_PyQt6_Qt6_qml_QtQuick_Controls_Imagine["Imagine"]\n    node_venv_lib_python3_12_site-packages_PyQt6_Qt6_qml_QtQuick_Controls_Imagine --> node_venv_lib_python3_12_site-packages_PyQt6_Qt6_qml_QtQuick_Controls_Imagine_SwipeDelegate_qml["SwipeDelegate.qml"]\n    Root --> node_venv["venv"]\n    node_venv --> node_venv_lib["lib"]\n    node_venv_lib --> node_venv_lib_python3_12["python3.12"]\n    node_venv_lib_python3_12 --> node_venv_lib_python3_12_site-packages["site-packages"]\n    node_venv_lib_python3_12_site-packages --> node_venv_lib_python3_12_site-packages_PyQt6["PyQt6"]\n    node_venv_lib_python3_12_site-packages_PyQt6 --> node_venv_lib_python3_12_site-packages_PyQt6_Qt6["Qt6"]\n    node_venv_lib_python3_12_site-packages_PyQt6_Qt6 --> node_venv_lib_python3_12_site-packages_PyQt6_Qt6_qml["qml"]\n    node_venv_lib_python3_12_site-packages_PyQt6_Qt6_qml --> node_venv_lib_python3_12_site-packages_PyQt6_Qt6_qml_QtQuick["QtQuick"]\n    node_venv_lib_python3_12_site-packages_PyQt6_Qt6_qml_QtQuick --> node_venv_lib_python3_12_site-packages_PyQt6_Qt6_qml_QtQuick_Controls["Controls"]\n    node_venv_lib_python3_12_site-packages_PyQt6_Qt6_qml_QtQuick_Controls --> node_venv_lib_python3_12_site-packages_PyQt6_Qt6_qml_QtQuick_Controls_Imagine["Imagine"]\n    node_venv_lib_python3_12_site-packages_PyQt6_Qt6_qml_QtQuick_Controls_Imagine --> node_venv_lib_python3_12_site-packages_PyQt6_Qt6_qml_QtQuick_Controls_Imagine_SwipeView_qml["SwipeView.qml"]\n    Root --> node_venv["venv"]\n    node_venv --> node_venv_lib["lib"]\n    node_venv_lib --> node_venv_lib_python3_12["python3.12"]\n    node_venv_lib_python3_12 --> node_venv_lib_python3_12_site-packages["site-packages"]\n    node_venv_lib_python3_12_site-packages --> node_venv_lib_python3_12_site-packages_PyQt6["PyQt6"]\n    node_venv_lib_python3_12_site-packages_PyQt6 --> node_venv_lib_python3_12_site-packages_PyQt6_Qt6["Qt6"]\n    node_venv_lib_python3_12_site-packages_PyQt6_Qt6 --> node_venv_lib_python3_12_site-packages_PyQt6_Qt6_qml["qml"]\n    node_venv_lib_python3_12_site-packages_PyQt6_Qt6_qml --> node_venv_lib_python3_12_site-packages_PyQt6_Qt6_qml_QtQuick["QtQuick"]\n    node_venv_lib_python3_12_site-packages_PyQt6_Qt6_qml_QtQuick --> node_venv_lib_python3_12_site-packages_PyQt6_Qt6_qml_QtQuick_Controls["Controls"]\n    node_venv_lib_python3_12_site-packages_PyQt6_Qt6_qml_QtQuick_Controls --> node_venv_lib_python3_12_site-packages_PyQt6_Qt6_qml_QtQuick_Controls_Imagine["Imagine"]\n    node_venv_lib_python3_12_site-packages_PyQt6_Qt6_qml_QtQuick_Controls_Imagine --> node_venv_lib_python3_12_site-packages_PyQt6_Qt6_qml_QtQuick_Controls_Imagine_Switch_qml["Switch.qml"]\n    Root --> node_venv["venv"]\n    node_venv --> node_venv_lib["lib"]\n    node_venv_lib --> node_venv_lib_python3_12["python3.12"]\n    node_venv_lib_python3_12 --> node_venv_lib_python3_12_site-packages["site-packages"]\n    node_venv_lib_python3_12_site-packages --> node_venv_lib_python3_12_site-packages_PyQt6["PyQt6"]\n    node_venv_lib_python3_12_site-packages_PyQt6 --> node_venv_lib_python3_12_site-packages_PyQt6_Qt6["Qt6"]\n    node_venv_lib_python3_12_site-packages_PyQt6_Qt6 --> node_venv_lib_python3_12_site-packages_PyQt6_Qt6_qml["qml"]\n    node_venv_lib_python3_12_site-packages_PyQt6_Qt6_qml --> node_venv_lib_python3_12_site-packages_PyQt6_Qt6_qml_QtQuick["QtQuick"]\n    node_venv_lib_python3_12_site-packages_PyQt6_Qt6_qml_QtQuick --> node_venv_lib_python3_12_site-packages_PyQt6_Qt6_qml_QtQuick_Controls["Controls"]\n    node_venv_lib_python3_12_site-packages_PyQt6_Qt6_qml_QtQuick_Controls --> node_venv_lib_python3_12_site-packages_PyQt6_Qt6_qml_QtQuick_Controls_Imagine["Imagine"]\n    node_venv_lib_python3_12_site-packages_PyQt6_Qt6_qml_QtQuick_Controls_Imagine --> node_venv_lib_python3_12_site-packages_PyQt6_Qt6_qml_QtQuick_Controls_Imagine_SwitchDelegate_qml["SwitchDelegate.qml"]\n    Root --> node_venv["venv"]\n    node_venv --> node_venv_lib["lib"]\n    node_venv_lib --> node_venv_lib_python3_12["python3.12"]\n    node_venv_lib_python3_12 --> node_venv_lib_python3_12_site-packages["site-packages"]\n    node_venv_lib_python3_12_site-packages --> node_venv_lib_python3_12_site-packages_PyQt6["PyQt6"]\n    node_venv_lib_python3_12_site-packages_PyQt6 --> node_venv_lib_python3_12_site-packages_PyQt6_Qt6["Qt6"]\n    node_venv_lib_python3_12_site-packages_PyQt6_Qt6 --> node_venv_lib_python3_12_site-packages_PyQt6_Qt6_qml["qml"]\n    node_venv_lib_python3_12_site-packages_PyQt6_Qt6_qml --> node_venv_lib_python3_12_site-packages_PyQt6_Qt6_qml_QtQuick["QtQuick"]\n    node_venv_lib_python3_12_site-packages_PyQt6_Qt6_qml_QtQuick --> node_venv_lib_python3_12_site-packages_PyQt6_Qt6_qml_QtQuick_Controls["Controls"]\n    node_venv_lib_python3_12_site-packages_PyQt6_Qt6_qml_QtQuick_Controls --> node_venv_lib_python3_12_site-packages_PyQt6_Qt6_qml_QtQuick_Controls_Imagine["Imagine"]\n    node_venv_lib_python3_12_site-packages_PyQt6_Qt6_qml_QtQuick_Controls_Imagine --> node_venv_lib_python3_12_site-packages_PyQt6_Qt6_qml_QtQuick_Controls_Imagine_TabBar_qml["TabBar.qml"]\n    Root --> node_venv["venv"]\n    node_venv --> node_venv_lib["lib"]\n    node_venv_lib --> node_venv_lib_python3_12["python3.12"]\n    node_venv_lib_python3_12 --> node_venv_lib_python3_12_site-packages["site-packages"]\n    node_venv_lib_python3_12_site-packages --> node_venv_lib_python3_12_site-packages_PyQt6["PyQt6"]\n    node_venv_lib_python3_12_site-packages_PyQt6 --> node_venv_lib_python3_12_site-packages_PyQt6_Qt6["Qt6"]\n    node_venv_lib_python3_12_site-packages_PyQt6_Qt6 --> node_venv_lib_python3_12_site-packages_PyQt6_Qt6_qml["qml"]\n    node_venv_lib_python3_12_site-packages_PyQt6_Qt6_qml --> node_venv_lib_python3_12_site-packages_PyQt6_Qt6_qml_QtQuick["QtQuick"]\n    node_venv_lib_python3_12_site-packages_PyQt6_Qt6_qml_QtQuick --> node_venv_lib_python3_12_site-packages_PyQt6_Qt6_qml_QtQuick_Controls["Controls"]\n    node_venv_lib_python3_12_site-packages_PyQt6_Qt6_qml_QtQuick_Controls --> node_venv_lib_python3_12_site-packages_PyQt6_Qt6_qml_QtQuick_Controls_Imagine["Imagine"]\n    node_venv_lib_python3_12_site-packages_PyQt6_Qt6_qml_QtQuick_Controls_Imagine --> node_venv_lib_python3_12_site-packages_PyQt6_Qt6_qml_QtQuick_Controls_Imagine_TabButton_qml["TabButton.qml"]\n    Root --> node_venv["venv"]\n    node_venv --> node_venv_lib["lib"]\n    node_venv_lib --> node_venv_lib_python3_12["python3.12"]\n    node_venv_lib_python3_12 --> node_venv_lib_python3_12_site-packages["site-packages"]\n    node_venv_lib_python3_12_site-packages --> node_venv_lib_python3_12_site-packages_PyQt6["PyQt6"]\n    node_venv_lib_python3_12_site-packages_PyQt6 --> node_venv_lib_python3_12_site-packages_PyQt6_Qt6["Qt6"]\n    node_venv_lib_python3_12_site-packages_PyQt6_Qt6 --> node_venv_lib_python3_12_site-packages_PyQt6_Qt6_qml["qml"]\n    node_venv_lib_python3_12_site-packages_PyQt6_Qt6_qml --> node_venv_lib_python3_12_site-packages_PyQt6_Qt6_qml_QtQuick["QtQuick"]\n    node_venv_lib_python3_12_site-packages_PyQt6_Qt6_qml_QtQuick --> node_venv_lib_python3_12_site-packages_PyQt6_Qt6_qml_QtQuick_Controls["Controls"]\n    node_venv_lib_python3_12_site-packages_PyQt6_Qt6_qml_QtQuick_Controls --> node_venv_lib_python3_12_site-packages_PyQt6_Qt6_qml_QtQuick_Controls_Imagine["Imagine"]\n    node_venv_lib_python3_12_site-packages_PyQt6_Qt6_qml_QtQuick_Controls_Imagine --> node_venv_lib_python3_12_site-packages_PyQt6_Qt6_qml_QtQuick_Controls_Imagine_TextArea_qml["TextArea.qml"]\n    Root --> node_venv["venv"]\n    node_venv --> node_venv_lib["lib"]\n    node_venv_lib --> node_venv_lib_python3_12["python3.12"]\n    node_venv_lib_python3_12 --> node_venv_lib_python3_12_site-packages["site-packages"]\n    node_venv_lib_python3_12_site-packages --> node_venv_lib_python3_12_site-packages_PyQt6["PyQt6"]\n    node_venv_lib_python3_12_site-packages_PyQt6 --> node_venv_lib_python3_12_site-packages_PyQt6_Qt6["Qt6"]\n    node_venv_lib_python3_12_site-packages_PyQt6_Qt6 --> node_venv_lib_python3_12_site-packages_PyQt6_Qt6_qml["qml"]\n    node_venv_lib_python3_12_site-packages_PyQt6_Qt6_qml --> node_venv_lib_python3_12_site-packages_PyQt6_Qt6_qml_QtQuick["QtQuick"]\n    node_venv_lib_python3_12_site-packages_PyQt6_Qt6_qml_QtQuick --> node_venv_lib_python3_12_site-packages_PyQt6_Qt6_qml_QtQuick_Controls["Controls"]\n    node_venv_lib_python3_12_site-packages_PyQt6_Qt6_qml_QtQuick_Controls --> node_venv_lib_python3_12_site-packages_PyQt6_Qt6_qml_QtQuick_Controls_Imagine["Imagine"]\n    node_venv_lib_python3_12_site-packages_PyQt6_Qt6_qml_QtQuick_Controls_Imagine --> node_venv_lib_python3_12_site-packages_PyQt6_Qt6_qml_QtQuick_Controls_Imagine_TextField_qml["TextField.qml"]\n    Root --> node_venv["venv"]\n    node_venv --> node_venv_lib["lib"]\n    node_venv_lib --> node_venv_lib_python3_12["python3.12"]\n    node_venv_lib_python3_12 --> node_venv_lib_python3_12_site-packages["site-packages"]\n    node_venv_lib_python3_12_site-packages --> node_venv_lib_python3_12_site-packages_PyQt6["PyQt6"]\n    node_venv_lib_python3_12_site-packages_PyQt6 --> node_venv_lib_python3_12_site-packages_PyQt6_Qt6["Qt6"]\n    node_venv_lib_python3_12_site-packages_PyQt6_Qt6 --> node_venv_lib_python3_12_site-packages_PyQt6_Qt6_qml["qml"]\n    node_venv_lib_python3_12_site-packages_PyQt6_Qt6_qml --> node_venv_lib_python3_12_site-packages_PyQt6_Qt6_qml_QtQuick["QtQuick"]\n    node_venv_lib_python3_12_site-packages_PyQt6_Qt6_qml_QtQuick --> node_venv_lib_python3_12_site-packages_PyQt6_Qt6_qml_QtQuick_Controls["Controls"]\n    node_venv_lib_python3_12_site-packages_PyQt6_Qt6_qml_QtQuick_Controls --> node_venv_lib_python3_12_site-packages_PyQt6_Qt6_qml_QtQuick_Controls_Imagine["Imagine"]\n    node_venv_lib_python3_12_site-packages_PyQt6_Qt6_qml_QtQuick_Controls_Imagine --> node_venv_lib_python3_12_site-packages_PyQt6_Qt6_qml_QtQuick_Controls_Imagine_ToolBar_qml["ToolBar.qml"]\n    Root --> node_venv["venv"]\n    node_venv --> node_venv_lib["lib"]\n    node_venv_lib --> node_venv_lib_python3_12["python3.12"]\n    node_venv_lib_python3_12 --> node_venv_lib_python3_12_site-packages["site-packages"]\n    node_venv_lib_python3_12_site-packages --> node_venv_lib_python3_12_site-packages_PyQt6["PyQt6"]\n    node_venv_lib_python3_12_site-packages_PyQt6 --> node_venv_lib_python3_12_site-packages_PyQt6_Qt6["Qt6"]\n    node_venv_lib_python3_12_site-packages_PyQt6_Qt6 --> node_venv_lib_python3_12_site-packages_PyQt6_Qt6_qml["qml"]\n    node_venv_lib_python3_12_site-packages_PyQt6_Qt6_qml --> node_venv_lib_python3_12_site-packages_PyQt6_Qt6_qml_QtQuick["QtQuick"]\n    node_venv_lib_python3_12_site-packages_PyQt6_Qt6_qml_QtQuick --> node_venv_lib_python3_12_site-packages_PyQt6_Qt6_qml_QtQuick_Controls["Controls"]\n    node_venv_lib_python3_12_site-packages_PyQt6_Qt6_qml_QtQuick_Controls --> node_venv_lib_python3_12_site-packages_PyQt6_Qt6_qml_QtQuick_Controls_Imagine["Imagine"]\n    node_venv_lib_python3_12_site-packages_PyQt6_Qt6_qml_QtQuick_Controls_Imagine --> node_venv_lib_python3_12_site-packages_PyQt6_Qt6_qml_QtQuick_Controls_Imagine_ToolButton_qml["ToolButton.qml"]\n    Root --> node_venv["venv"]\n    node_venv --> node_venv_lib["lib"]\n    node_venv_lib --> node_venv_lib_python3_12["python3.12"]\n    node_venv_lib_python3_12 --> node_venv_lib_python3_12_site-packages["site-packages"]\n    node_venv_lib_python3_12_site-packages --> node_venv_lib_python3_12_site-packages_PyQt6["PyQt6"]\n    node_venv_lib_python3_12_site-packages_PyQt6 --> node_venv_lib_python3_12_site-packages_PyQt6_Qt6["Qt6"]\n    node_venv_lib_python3_12_site-packages_PyQt6_Qt6 --> node_venv_lib_python3_12_site-packages_PyQt6_Qt6_qml["qml"]\n    node_venv_lib_python3_12_site-packages_PyQt6_Qt6_qml --> node_venv_lib_python3_12_site-packages_PyQt6_Qt6_qml_QtQuick["QtQuick"]\n    node_venv_lib_python3_12_site-packages_PyQt6_Qt6_qml_QtQuick --> node_venv_lib_python3_12_site-packages_PyQt6_Qt6_qml_QtQuick_Controls["Controls"]\n    node_venv_lib_python3_12_site-packages_PyQt6_Qt6_qml_QtQuick_Controls --> node_venv_lib_python3_12_site-packages_PyQt6_Qt6_qml_QtQuick_Controls_Imagine["Imagine"]\n    node_venv_lib_python3_12_site-packages_PyQt6_Qt6_qml_QtQuick_Controls_Imagine --> node_venv_lib_python3_12_site-packages_PyQt6_Qt6_qml_QtQuick_Controls_Imagine_ToolSeparator_qml["ToolSeparator.qml"]\n    Root --> node_venv["venv"]\n    node_venv --> node_venv_lib["lib"]\n    node_venv_lib --> node_venv_lib_python3_12["python3.12"]\n    node_venv_lib_python3_12 --> node_venv_lib_python3_12_site-packages["site-packages"]\n    node_venv_lib_python3_12_site-packages --> node_venv_lib_python3_12_site-packages_PyQt6["PyQt6"]\n    node_venv_lib_python3_12_site-packages_PyQt6 --> node_venv_lib_python3_12_site-packages_PyQt6_Qt6["Qt6"]\n    node_venv_lib_python3_12_site-packages_PyQt6_Qt6 --> node_venv_lib_python3_12_site-packages_PyQt6_Qt6_qml["qml"]\n    node_venv_lib_python3_12_site-packages_PyQt6_Qt6_qml --> node_venv_lib_python3_12_site-packages_PyQt6_Qt6_qml_QtQuick["QtQuick"]\n    node_venv_lib_python3_12_site-packages_PyQt6_Qt6_qml_QtQuick --> node_venv_lib_python3_12_site-packages_PyQt6_Qt6_qml_QtQuick_Controls["Controls"]\n    node_venv_lib_python3_12_site-packages_PyQt6_Qt6_qml_QtQuick_Controls --> node_venv_lib_python3_12_site-packages_PyQt6_Qt6_qml_QtQuick_Controls_Imagine["Imagine"]\n    node_venv_lib_python3_12_site-packages_PyQt6_Qt6_qml_QtQuick_Controls_Imagine --> node_venv_lib_python3_12_site-packages_PyQt6_Qt6_qml_QtQuick_Controls_Imagine_ToolTip_qml["ToolTip.qml"]\n    Root --> node_venv["venv"]\n    node_venv --> node_venv_lib["lib"]\n    node_venv_lib --> node_venv_lib_python3_12["python3.12"]\n    node_venv_lib_python3_12 --> node_venv_lib_python3_12_site-packages["site-packages"]\n    node_venv_lib_python3_12_site-packages --> node_venv_lib_python3_12_site-packages_PyQt6["PyQt6"]\n    node_venv_lib_python3_12_site-packages_PyQt6 --> node_venv_lib_python3_12_site-packages_PyQt6_Qt6["Qt6"]\n    node_venv_lib_python3_12_site-packages_PyQt6_Qt6 --> node_venv_lib_python3_12_site-packages_PyQt6_Qt6_qml["qml"]\n    node_venv_lib_python3_12_site-packages_PyQt6_Qt6_qml --> node_venv_lib_python3_12_site-packages_PyQt6_Qt6_qml_QtQuick["QtQuick"]\n    node_venv_lib_python3_12_site-packages_PyQt6_Qt6_qml_QtQuick --> node_venv_lib_python3_12_site-packages_PyQt6_Qt6_qml_QtQuick_Controls["Controls"]\n    node_venv_lib_python3_12_site-packages_PyQt6_Qt6_qml_QtQuick_Controls --> node_venv_lib_python3_12_site-packages_PyQt6_Qt6_qml_QtQuick_Controls_Imagine["Imagine"]\n    node_venv_lib_python3_12_site-packages_PyQt6_Qt6_qml_QtQuick_Controls_Imagine --> node_venv_lib_python3_12_site-packages_PyQt6_Qt6_qml_QtQuick_Controls_Imagine_Tumbler_qml["Tumbler.qml"]\n    Root --> node_venv["venv"]\n    node_venv --> node_venv_lib["lib"]\n    node_venv_lib --> node_venv_lib_python3_12["python3.12"]\n    node_venv_lib_python3_12 --> node_venv_lib_python3_12_site-packages["site-packages"]\n    node_venv_lib_python3_12_site-packages --> node_venv_lib_python3_12_site-packages_PyQt6["PyQt6"]\n    node_venv_lib_python3_12_site-packages_PyQt6 --> node_venv_lib_python3_12_site-packages_PyQt6_Qt6["Qt6"]\n    node_venv_lib_python3_12_site-packages_PyQt6_Qt6 --> node_venv_lib_python3_12_site-packages_PyQt6_Qt6_qml["qml"]\n    node_venv_lib_python3_12_site-packages_PyQt6_Qt6_qml --> node_venv_lib_python3_12_site-packages_PyQt6_Qt6_qml_QtQuick["QtQuick"]\n    node_venv_lib_python3_12_site-packages_PyQt6_Qt6_qml_QtQuick --> node_venv_lib_python3_12_site-packages_PyQt6_Qt6_qml_QtQuick_Controls["Controls"]\n    node_venv_lib_python3_12_site-packages_PyQt6_Qt6_qml_QtQuick_Controls --> node_venv_lib_python3_12_site-packages_PyQt6_Qt6_qml_QtQuick_Controls_Imagine["Imagine"]\n    node_venv_lib_python3_12_site-packages_PyQt6_Qt6_qml_QtQuick_Controls_Imagine --> node_venv_lib_python3_12_site-packages_PyQt6_Qt6_qml_QtQuick_Controls_Imagine_VerticalHeaderView_qml["VerticalHeaderView.qml"]\n    Root --> node_venv["venv"]\n    node_venv --> node_venv_lib["lib"]\n    node_venv_lib --> node_venv_lib_python3_12["python3.12"]\n    node_venv_lib_python3_12 --> node_venv_lib_python3_12_site-packages["site-packages"]\n    node_venv_lib_python3_12_site-packages --> node_venv_lib_python3_12_site-packages_PyQt6["PyQt6"]\n    node_venv_lib_python3_12_site-packages_PyQt6 --> node_venv_lib_python3_12_site-packages_PyQt6_Qt6["Qt6"]\n    node_venv_lib_python3_12_site-packages_PyQt6_Qt6 --> node_venv_lib_python3_12_site-packages_PyQt6_Qt6_qml["qml"]\n    node_venv_lib_python3_12_site-packages_PyQt6_Qt6_qml --> node_venv_lib_python3_12_site-packages_PyQt6_Qt6_qml_QtQuick["QtQuick"]\n    node_venv_lib_python3_12_site-packages_PyQt6_Qt6_qml_QtQuick --> node_venv_lib_python3_12_site-packages_PyQt6_Qt6_qml_QtQuick_Controls["Controls"]\n    node_venv_lib_python3_12_site-packages_PyQt6_Qt6_qml_QtQuick_Controls --> node_venv_lib_python3_12_site-packages_PyQt6_Qt6_qml_QtQuick_Controls_Imagine["Imagine"]\n    node_venv_lib_python3_12_site-packages_PyQt6_Qt6_qml_QtQuick_Controls_Imagine --> node_venv_lib_python3_12_site-packages_PyQt6_Qt6_qml_QtQuick_Controls_Imagine_VerticalHeaderViewDelegate_qml["VerticalHeaderViewDelegate.qml"]\n    Root --> node_venv["venv"]\n    node_venv --> node_venv_lib["lib"]\n    node_venv_lib --> node_venv_lib_python3_12["python3.12"]\n    node_venv_lib_python3_12 --> node_venv_lib_python3_12_site-packages["site-packages"]\n    node_venv_lib_python3_12_site-packages --> node_venv_lib_python3_12_site-packages_PyQt6["PyQt6"]\n    node_venv_lib_python3_12_site-packages_PyQt6 --> node_venv_lib_python3_12_site-packages_PyQt6_Qt6["Qt6"]\n    node_venv_lib_python3_12_site-packages_PyQt6_Qt6 --> node_venv_lib_python3_12_site-packages_PyQt6_Qt6_qml["qml"]\n    node_venv_lib_python3_12_site-packages_PyQt6_Qt6_qml --> node_venv_lib_python3_12_site-packages_PyQt6_Qt6_qml_QtQuick["QtQuick"]\n    node_venv_lib_python3_12_site-packages_PyQt6_Qt6_qml_QtQuick --> node_venv_lib_python3_12_site-packages_PyQt6_Qt6_qml_QtQuick_Controls["Controls"]\n    node_venv_lib_python3_12_site-packages_PyQt6_Qt6_qml_QtQuick_Controls --> node_venv_lib_python3_12_site-packages_PyQt6_Qt6_qml_QtQuick_Controls_Imagine["Imagine"]\n    node_venv_lib_python3_12_site-packages_PyQt6_Qt6_qml_QtQuick_Controls_Imagine --> node_venv_lib_python3_12_site-packages_PyQt6_Qt6_qml_QtQuick_Controls_Imagine_libqtquickcontrols2imaginestyleplugin_dylib["libqtquickcontrols2imaginestyleplugin.dylib"]\n    Root --> node_venv["venv"]\n    node_venv --> node_venv_lib["lib"]\n    node_venv_lib --> node_venv_lib_python3_12["python3.12"]\n    node_venv_lib_python3_12 --> node_venv_lib_python3_12_site-packages["site-packages"]\n    node_venv_lib_python3_12_site-packages --> node_venv_lib_python3_12_site-packages_PyQt6["PyQt6"]\n    node_venv_lib_python3_12_site-packages_PyQt6 --> node_venv_lib_python3_12_site-packages_PyQt6_Qt6["Qt6"]\n    node_venv_lib_python3_12_site-packages_PyQt6_Qt6 --> node_venv_lib_python3_12_site-packages_PyQt6_Qt6_qml["qml"]\n    node_venv_lib_python3_12_site-packages_PyQt6_Qt6_qml --> node_venv_lib_python3_12_site-packages_PyQt6_Qt6_qml_QtQuick["QtQuick"]\n    node_venv_lib_python3_12_site-packages_PyQt6_Qt6_qml_QtQuick --> node_venv_lib_python3_12_site-packages_PyQt6_Qt6_qml_QtQuick_Controls["Controls"]\n    node_venv_lib_python3_12_site-packages_PyQt6_Qt6_qml_QtQuick_Controls --> node_venv_lib_python3_12_site-packages_PyQt6_Qt6_qml_QtQuick_Controls_Imagine["Imagine"]\n    node_venv_lib_python3_12_site-packages_PyQt6_Qt6_qml_QtQuick_Controls_Imagine --> node_venv_lib_python3_12_site-packages_PyQt6_Qt6_qml_QtQuick_Controls_Imagine_plugins_qmltypes["plugins.qmltypes"]\n    Root --> node_venv["venv"]\n    node_venv --> node_venv_lib["lib"]\n    node_venv_lib --> node_venv_lib_python3_12["python3.12"]\n    node_venv_lib_python3_12 --> node_venv_lib_python3_12_site-packages["site-packages"]\n    node_venv_lib_python3_12_site-packages --> node_venv_lib_python3_12_site-packages_PyQt6["PyQt6"]\n    node_venv_lib_python3_12_site-packages_PyQt6 --> node_venv_lib_python3_12_site-packages_PyQt6_Qt6["Qt6"]\n    node_venv_lib_python3_12_site-packages_PyQt6_Qt6 --> node_venv_lib_python3_12_site-packages_PyQt6_Qt6_qml["qml"]\n    node_venv_lib_python3_12_site-packages_PyQt6_Qt6_qml --> node_venv_lib_python3_12_site-packages_PyQt6_Qt6_qml_QtQuick["QtQuick"]\n    node_venv_lib_python3_12_site-packages_PyQt6_Qt6_qml_QtQuick --> node_venv_lib_python3_12_site-packages_PyQt6_Qt6_qml_QtQuick_Controls["Controls"]\n    node_venv_lib_python3_12_site-packages_PyQt6_Qt6_qml_QtQuick_Controls --> node_venv_lib_python3_12_site-packages_PyQt6_Qt6_qml_QtQuick_Controls_Imagine["Imagine"]\n    node_venv_lib_python3_12_site-packages_PyQt6_Qt6_qml_QtQuick_Controls_Imagine --> node_venv_lib_python3_12_site-packages_PyQt6_Qt6_qml_QtQuick_Controls_Imagine_qmldir["qmldir"]\n    Root --> node_venv["venv"]\n    node_venv --> node_venv_lib["lib"]\n    node_venv_lib --> node_venv_lib_python3_12["python3.12"]\n    node_venv_lib_python3_12 --> node_venv_lib_python3_12_site-packages["site-packages"]\n    node_venv_lib_python3_12_site-packages --> node_venv_lib_python3_12_site-packages_PyQt6["PyQt6"]\n    node_venv_lib_python3_12_site-packages_PyQt6 --> node_venv_lib_python3_12_site-packages_PyQt6_Qt6["Qt6"]\n    node_venv_lib_python3_12_site-packages_PyQt6_Qt6 --> node_venv_lib_python3_12_site-packages_PyQt6_Qt6_qml["qml"]\n    node_venv_lib_python3_12_site-packages_PyQt6_Qt6_qml --> node_venv_lib_python3_12_site-packages_PyQt6_Qt6_qml_QtQuick["QtQuick"]\n    node_venv_lib_python3_12_site-packages_PyQt6_Qt6_qml_QtQuick --> node_venv_lib_python3_12_site-packages_PyQt6_Qt6_qml_QtQuick_Controls["Controls"]\n    node_venv_lib_python3_12_site-packages_PyQt6_Qt6_qml_QtQuick_Controls --> node_venv_lib_python3_12_site-packages_PyQt6_Qt6_qml_QtQuick_Controls_Imagine["Imagine"]\n    node_venv_lib_python3_12_site-packages_PyQt6_Qt6_qml_QtQuick_Controls_Imagine --> node_venv_lib_python3_12_site-packages_PyQt6_Qt6_qml_QtQuick_Controls_Imagine_impl["impl"]\n    node_venv_lib_python3_12_site-packages_PyQt6_Qt6_qml_QtQuick_Controls_Imagine_impl --> node_venv_lib_python3_12_site-packages_PyQt6_Qt6_qml_QtQuick_Controls_Imagine_impl_OpacityMask_qml["OpacityMask.qml"]\n    Root --> node_venv["venv"]\n    node_venv --> node_venv_lib["lib"]\n    node_venv_lib --> node_venv_lib_python3_12["python3.12"]\n    node_venv_lib_python3_12 --> node_venv_lib_python3_12_site-packages["site-packages"]\n    node_venv_lib_python3_12_site-packages --> node_venv_lib_python3_12_site-packages_PyQt6["PyQt6"]\n    node_venv_lib_python3_12_site-packages_PyQt6 --> node_venv_lib_python3_12_site-packages_PyQt6_Qt6["Qt6"]\n    node_venv_lib_python3_12_site-packages_PyQt6_Qt6 --> node_venv_lib_python3_12_site-packages_PyQt6_Qt6_qml["qml"]\n    node_venv_lib_python3_12_site-packages_PyQt6_Qt6_qml --> node_venv_lib_python3_12_site-packages_PyQt6_Qt6_qml_QtQuick["QtQuick"]\n    node_venv_lib_python3_12_site-packages_PyQt6_Qt6_qml_QtQuick --> node_venv_lib_python3_12_site-packages_PyQt6_Qt6_qml_QtQuick_Controls["Controls"]\n    node_venv_lib_python3_12_site-packages_PyQt6_Qt6_qml_QtQuick_Controls --> node_venv_lib_python3_12_site-packages_PyQt6_Qt6_qml_QtQuick_Controls_Imagine["Imagine"]\n    node_venv_lib_python3_12_site-packages_PyQt6_Qt6_qml_QtQuick_Controls_Imagine --> node_venv_lib_python3_12_site-packages_PyQt6_Qt6_qml_QtQuick_Controls_Imagine_impl["impl"]\n    node_venv_lib_python3_12_site-packages_PyQt6_Qt6_qml_QtQuick_Controls_Imagine_impl --> node_venv_lib_python3_12_site-packages_PyQt6_Qt6_qml_QtQuick_Controls_Imagine_impl_QuickControls2ImagineStyleImpl_qmltypes["QuickControls2ImagineStyleImpl.qmltypes"]\n    Root --> node_venv["venv"]\n    node_venv --> node_venv_lib["lib"]\n    node_venv_lib --> node_venv_lib_python3_12["python3.12"]\n    node_venv_lib_python3_12 --> node_venv_lib_python3_12_site-packages["site-packages"]\n    node_venv_lib_python3_12_site-packages --> node_venv_lib_python3_12_site-packages_PyQt6["PyQt6"]\n    node_venv_lib_python3_12_site-packages_PyQt6 --> node_venv_lib_python3_12_site-packages_PyQt6_Qt6["Qt6"]\n    node_venv_lib_python3_12_site-packages_PyQt6_Qt6 --> node_venv_lib_python3_12_site-packages_PyQt6_Qt6_qml["qml"]\n    node_venv_lib_python3_12_site-packages_PyQt6_Qt6_qml --> node_venv_lib_python3_12_site-packages_PyQt6_Qt6_qml_QtQuick["QtQuick"]\n    node_venv_lib_python3_12_site-packages_PyQt6_Qt6_qml_QtQuick --> node_venv_lib_python3_12_site-packages_PyQt6_Qt6_qml_QtQuick_Controls["Controls"]\n    node_venv_lib_python3_12_site-packages_PyQt6_Qt6_qml_QtQuick_Controls --> node_venv_lib_python3_12_site-packages_PyQt6_Qt6_qml_QtQuick_Controls_Imagine["Imagine"]\n    node_venv_lib_python3_12_site-packages_PyQt6_Qt6_qml_QtQuick_Controls_Imagine --> node_venv_lib_python3_12_site-packages_PyQt6_Qt6_qml_QtQuick_Controls_Imagine_impl["impl"]\n    node_venv_lib_python3_12_site-packages_PyQt6_Qt6_qml_QtQuick_Controls_Imagine_impl --> node_venv_lib_python3_12_site-packages_PyQt6_Qt6_qml_QtQuick_Controls_Imagine_impl_libqtquickcontrols2imaginestyleimplplugin_dylib["libqtquickcontrols2imaginestyleimplplugin.dylib"]\n    Root --> node_venv["venv"]\n    node_venv --> node_venv_lib["lib"]\n    node_venv_lib --> node_venv_lib_python3_12["python3.12"]\n    node_venv_lib_python3_12 --> node_venv_lib_python3_12_site-packages["site-packages"]\n    node_venv_lib_python3_12_site-packages --> node_venv_lib_python3_12_site-packages_PyQt6["PyQt6"]\n    node_venv_lib_python3_12_site-packages_PyQt6 --> node_venv_lib_python3_12_site-packages_PyQt6_Qt6["Qt6"]\n    node_venv_lib_python3_12_site-packages_PyQt6_Qt6 --> node_venv_lib_python3_12_site-packages_PyQt6_Qt6_qml["qml"]\n    node_venv_lib_python3_12_site-packages_PyQt6_Qt6_qml --> node_venv_lib_python3_12_site-packages_PyQt6_Qt6_qml_QtQuick["QtQuick"]\n    node_venv_lib_python3_12_site-packages_PyQt6_Qt6_qml_QtQuick --> node_venv_lib_python3_12_site-packages_PyQt6_Qt6_qml_QtQuick_Controls["Controls"]\n    node_venv_lib_python3_12_site-packages_PyQt6_Qt6_qml_QtQuick_Controls --> node_venv_lib_python3_12_site-packages_PyQt6_Qt6_qml_QtQuick_Controls_Imagine["Imagine"]\n    node_venv_lib_python3_12_site-packages_PyQt6_Qt6_qml_QtQuick_Controls_Imagine --> node_venv_lib_python3_12_site-packages_PyQt6_Qt6_qml_QtQuick_Controls_Imagine_impl["impl"]\n    node_venv_lib_python3_12_site-packages_PyQt6_Qt6_qml_QtQuick_Controls_Imagine_impl --> node_venv_lib_python3_12_site-packages_PyQt6_Qt6_qml_QtQuick_Controls_Imagine_impl_qmldir["qmldir"]\n    Root --> node_venv["venv"]\n    node_venv --> node_venv_lib["lib"]\n    node_venv_lib --> node_venv_lib_python3_12["python3.12"]\n    node_venv_lib_python3_12 --> node_venv_lib_python3_12_site-packages["site-packages"]\n    node_venv_lib_python3_12_site-packages --> node_venv_lib_python3_12_site-packages_PyQt6["PyQt6"]\n    node_venv_lib_python3_12_site-packages_PyQt6 --> node_venv_lib_python3_12_site-packages_PyQt6_Qt6["Qt6"]\n    node_venv_lib_python3_12_site-packages_PyQt6_Qt6 --> node_venv_lib_python3_12_site-packages_PyQt6_Qt6_qml["qml"]\n    node_venv_lib_python3_12_site-packages_PyQt6_Qt6_qml --> node_venv_lib_python3_12_site-packages_PyQt6_Qt6_qml_QtQuick["QtQuick"]\n    node_venv_lib_python3_12_site-packages_PyQt6_Qt6_qml_QtQuick --> node_venv_lib_python3_12_site-packages_PyQt6_Qt6_qml_QtQuick_Layouts["Layouts"]\n    node_venv_lib_python3_12_site-packages_PyQt6_Qt6_qml_QtQuick_Layouts --> node_venv_lib_python3_12_site-packages_PyQt6_Qt6_qml_QtQuick_Layouts_libqquicklayoutsplugin_dylib["libqquicklayoutsplugin.dylib"]\n    Root --> node_venv["venv"]\n    node_venv --> node_venv_lib["lib"]\n    node_venv_lib --> node_venv_lib_python3_12["python3.12"]\n    node_venv_lib_python3_12 --> node_venv_lib_python3_12_site-packages["site-packages"]\n    node_venv_lib_python3_12_site-packages --> node_venv_lib_python3_12_site-packages_PyQt6["PyQt6"]\n    node_venv_lib_python3_12_site-packages_PyQt6 --> node_venv_lib_python3_12_site-packages_PyQt6_Qt6["Qt6"]\n    node_venv_lib_python3_12_site-packages_PyQt6_Qt6 --> node_venv_lib_python3_12_site-packages_PyQt6_Qt6_qml["qml"]\n    node_venv_lib_python3_12_site-packages_PyQt6_Qt6_qml --> node_venv_lib_python3_12_site-packages_PyQt6_Qt6_qml_QtQuick["QtQuick"]\n    node_venv_lib_python3_12_site-packages_PyQt6_Qt6_qml_QtQuick --> node_venv_lib_python3_12_site-packages_PyQt6_Qt6_qml_QtQuick_Layouts["Layouts"]\n    node_venv_lib_python3_12_site-packages_PyQt6_Qt6_qml_QtQuick_Layouts --> node_venv_lib_python3_12_site-packages_PyQt6_Qt6_qml_QtQuick_Layouts_plugins_qmltypes["plugins.qmltypes"]\n    Root --> node_venv["venv"]\n    node_venv --> node_venv_lib["lib"]\n    node_venv_lib --> node_venv_lib_python3_12["python3.12"]\n    node_venv_lib_python3_12 --> node_venv_lib_python3_12_site-packages["site-packages"]\n    node_venv_lib_python3_12_site-packages --> node_venv_lib_python3_12_site-packages_PyQt6["PyQt6"]\n    node_venv_lib_python3_12_site-packages_PyQt6 --> node_venv_lib_python3_12_site-packages_PyQt6_Qt6["Qt6"]\n    node_venv_lib_python3_12_site-packages_PyQt6_Qt6 --> node_venv_lib_python3_12_site-packages_PyQt6_Qt6_qml["qml"]\n    node_venv_lib_python3_12_site-packages_PyQt6_Qt6_qml --> node_venv_lib_python3_12_site-packages_PyQt6_Qt6_qml_QtQuick["QtQuick"]\n    node_venv_lib_python3_12_site-packages_PyQt6_Qt6_qml_QtQuick --> node_venv_lib_python3_12_site-packages_PyQt6_Qt6_qml_QtQuick_Layouts["Layouts"]\n    node_venv_lib_python3_12_site-packages_PyQt6_Qt6_qml_QtQuick_Layouts --> node_venv_lib_python3_12_site-packages_PyQt6_Qt6_qml_QtQuick_Layouts_qmldir["qmldir"]\n    Root --> node_venv["venv"]\n    node_venv --> node_venv_lib["lib"]\n    node_venv_lib --> node_venv_lib_python3_12["python3.12"]\n    node_venv_lib_python3_12 --> node_venv_lib_python3_12_site-packages["site-packages"]\n    node_venv_lib_python3_12_site-packages --> node_venv_lib_python3_12_site-packages_PyQt6["PyQt6"]\n    node_venv_lib_python3_12_site-packages_PyQt6 --> node_venv_lib_python3_12_site-packages_PyQt6_Qt6["Qt6"]\n    node_venv_lib_python3_12_site-packages_PyQt6_Qt6 --> node_venv_lib_python3_12_site-packages_PyQt6_Qt6_qml["qml"]\n    node_venv_lib_python3_12_site-packages_PyQt6_Qt6_qml --> node_venv_lib_python3_12_site-packages_PyQt6_Qt6_qml_QtQuick["QtQuick"]\n    node_venv_lib_python3_12_site-packages_PyQt6_Qt6_qml_QtQuick --> node_venv_lib_python3_12_site-packages_PyQt6_Qt6_qml_QtQuick_Window["Window"]\n    node_venv_lib_python3_12_site-packages_PyQt6_Qt6_qml_QtQuick_Window --> node_venv_lib_python3_12_site-packages_PyQt6_Qt6_qml_QtQuick_Window_libquickwindowplugin_dylib["libquickwindowplugin.dylib"]\n    Root --> node_venv["venv"]\n    node_venv --> node_venv_lib["lib"]\n    node_venv_lib --> node_venv_lib_python3_12["python3.12"]\n    node_venv_lib_python3_12 --> node_venv_lib_python3_12_site-packages["site-packages"]\n    node_venv_lib_python3_12_site-packages --> node_venv_lib_python3_12_site-packages_PyQt6["PyQt6"]\n    node_venv_lib_python3_12_site-packages_PyQt6 --> node_venv_lib_python3_12_site-packages_PyQt6_Qt6["Qt6"]\n    node_venv_lib_python3_12_site-packages_PyQt6_Qt6 --> node_venv_lib_python3_12_site-packages_PyQt6_Qt6_qml["qml"]\n    node_venv_lib_python3_12_site-packages_PyQt6_Qt6_qml --> node_venv_lib_python3_12_site-packages_PyQt6_Qt6_qml_QtQuick["QtQuick"]\n    node_venv_lib_python3_12_site-packages_PyQt6_Qt6_qml_QtQuick --> node_venv_lib_python3_12_site-packages_PyQt6_Qt6_qml_QtQuick_Window["Window"]\n    node_venv_lib_python3_12_site-packages_PyQt6_Qt6_qml_QtQuick_Window --> node_venv_lib_python3_12_site-packages_PyQt6_Qt6_qml_QtQuick_Window_qmldir["qmldir"]\n    Root --> node_venv["venv"]\n    node_venv --> node_venv_lib["lib"]\n    node_venv_lib --> node_venv_lib_python3_12["python3.12"]\n    node_venv_lib_python3_12 --> node_venv_lib_python3_12_site-packages["site-packages"]\n    node_venv_lib_python3_12_site-packages --> node_venv_lib_python3_12_site-packages_PyQt6["PyQt6"]\n    node_venv_lib_python3_12_site-packages_PyQt6 --> node_venv_lib_python3_12_site-packages_PyQt6_Qt6["Qt6"]\n    node_venv_lib_python3_12_site-packages_PyQt6_Qt6 --> node_venv_lib_python3_12_site-packages_PyQt6_Qt6_qml["qml"]\n    node_venv_lib_python3_12_site-packages_PyQt6_Qt6_qml --> node_venv_lib_python3_12_site-packages_PyQt6_Qt6_qml_QtQuick["QtQuick"]\n    node_venv_lib_python3_12_site-packages_PyQt6_Qt6_qml_QtQuick --> node_venv_lib_python3_12_site-packages_PyQt6_Qt6_qml_QtQuick_Window["Window"]\n    node_venv_lib_python3_12_site-packages_PyQt6_Qt6_qml_QtQuick_Window --> node_venv_lib_python3_12_site-packages_PyQt6_Qt6_qml_QtQuick_Window_quickwindow_qmltypes["quickwindow.qmltypes"]\n    Root --> node_venv["venv"]\n    node_venv --> node_venv_lib["lib"]\n    node_venv_lib --> node_venv_lib_python3_12["python3.12"]\n    node_venv_lib_python3_12 --> node_venv_lib_python3_12_site-packages["site-packages"]\n    node_venv_lib_python3_12_site-packages --> node_venv_lib_python3_12_site-packages_PyQt6["PyQt6"]\n    node_venv_lib_python3_12_site-packages_PyQt6 --> node_venv_lib_python3_12_site-packages_PyQt6_Qt6["Qt6"]\n    node_venv_lib_python3_12_site-packages_PyQt6_Qt6 --> node_venv_lib_python3_12_site-packages_PyQt6_Qt6_qml["qml"]\n    node_venv_lib_python3_12_site-packages_PyQt6_Qt6_qml --> node_venv_lib_python3_12_site-packages_PyQt6_Qt6_qml_QtQuick["QtQuick"]\n    node_venv_lib_python3_12_site-packages_PyQt6_Qt6_qml_QtQuick --> node_venv_lib_python3_12_site-packages_PyQt6_Qt6_qml_QtQuick_LocalStorage["LocalStorage"]\n    node_venv_lib_python3_12_site-packages_PyQt6_Qt6_qml_QtQuick_LocalStorage --> node_venv_lib_python3_12_site-packages_PyQt6_Qt6_qml_QtQuick_LocalStorage_libqmllocalstorageplugin_dylib["libqmllocalstorageplugin.dylib"]\n    Root --> node_venv["venv"]\n    node_venv --> node_venv_lib["lib"]\n    node_venv_lib --> node_venv_lib_python3_12["python3.12"]\n    node_venv_lib_python3_12 --> node_venv_lib_python3_12_site-packages["site-packages"]\n    node_venv_lib_python3_12_site-packages --> node_venv_lib_python3_12_site-packages_PyQt6["PyQt6"]\n    node_venv_lib_python3_12_site-packages_PyQt6 --> node_venv_lib_python3_12_site-packages_PyQt6_Qt6["Qt6"]\n    node_venv_lib_python3_12_site-packages_PyQt6_Qt6 --> node_venv_lib_python3_12_site-packages_PyQt6_Qt6_qml["qml"]\n    node_venv_lib_python3_12_site-packages_PyQt6_Qt6_qml --> node_venv_lib_python3_12_site-packages_PyQt6_Qt6_qml_QtQuick["QtQuick"]\n    node_venv_lib_python3_12_site-packages_PyQt6_Qt6_qml_QtQuick --> node_venv_lib_python3_12_site-packages_PyQt6_Qt6_qml_QtQuick_LocalStorage["LocalStorage"]\n    node_venv_lib_python3_12_site-packages_PyQt6_Qt6_qml_QtQuick_LocalStorage --> node_venv_lib_python3_12_site-packages_PyQt6_Qt6_qml_QtQuick_LocalStorage_plugins_qmltypes["plugins.qmltypes"]\n    Root --> node_venv["venv"]\n    node_venv --> node_venv_lib["lib"]\n    node_venv_lib --> node_venv_lib_python3_12["python3.12"]\n    node_venv_lib_python3_12 --> node_venv_lib_python3_12_site-packages["site-packages"]\n    node_venv_lib_python3_12_site-packages --> node_venv_lib_python3_12_site-packages_PyQt6["PyQt6"]\n    node_venv_lib_python3_12_site-packages_PyQt6 --> node_venv_lib_python3_12_site-packages_PyQt6_Qt6["Qt6"]\n    node_venv_lib_python3_12_site-packages_PyQt6_Qt6 --> node_venv_lib_python3_12_site-packages_PyQt6_Qt6_qml["qml"]\n    node_venv_lib_python3_12_site-packages_PyQt6_Qt6_qml --> node_venv_lib_python3_12_site-packages_PyQt6_Qt6_qml_QtQuick["QtQuick"]\n    node_venv_lib_python3_12_site-packages_PyQt6_Qt6_qml_QtQuick --> node_venv_lib_python3_12_site-packages_PyQt6_Qt6_qml_QtQuick_LocalStorage["LocalStorage"]\n    node_venv_lib_python3_12_site-packages_PyQt6_Qt6_qml_QtQuick_LocalStorage --> node_venv_lib_python3_12_site-packages_PyQt6_Qt6_qml_QtQuick_LocalStorage_qmldir["qmldir"]\n    Root --> node_venv["venv"]\n    node_venv --> node_venv_lib["lib"]\n    node_venv_lib --> node_venv_lib_python3_12["python3.12"]\n    node_venv_lib_python3_12 --> node_venv_lib_python3_12_site-packages["site-packages"]\n    node_venv_lib_python3_12_site-packages --> node_venv_lib_python3_12_site-packages_PyQt6["PyQt6"]\n    node_venv_lib_python3_12_site-packages_PyQt6 --> node_venv_lib_python3_12_site-packages_PyQt6_Qt6["Qt6"]\n    node_venv_lib_python3_12_site-packages_PyQt6_Qt6 --> node_venv_lib_python3_12_site-packages_PyQt6_Qt6_qml["qml"]\n    node_venv_lib_python3_12_site-packages_PyQt6_Qt6_qml --> node_venv_lib_python3_12_site-packages_PyQt6_Qt6_qml_QtQuick["QtQuick"]\n    node_venv_lib_python3_12_site-packages_PyQt6_Qt6_qml_QtQuick --> node_venv_lib_python3_12_site-packages_PyQt6_Qt6_qml_QtQuick_Templates["Templates"]\n    node_venv_lib_python3_12_site-packages_PyQt6_Qt6_qml_QtQuick_Templates --> node_venv_lib_python3_12_site-packages_PyQt6_Qt6_qml_QtQuick_Templates_libqtquicktemplates2plugin_dylib["libqtquicktemplates2plugin.dylib"]\n    Root --> node_venv["venv"]\n    node_venv --> node_venv_lib["lib"]\n    node_venv_lib --> node_venv_lib_python3_12["python3.12"]\n    node_venv_lib_python3_12 --> node_venv_lib_python3_12_site-packages["site-packages"]\n    node_venv_lib_python3_12_site-packages --> node_venv_lib_python3_12_site-packages_PyQt6["PyQt6"]\n    node_venv_lib_python3_12_site-packages_PyQt6 --> node_venv_lib_python3_12_site-packages_PyQt6_Qt6["Qt6"]\n    node_venv_lib_python3_12_site-packages_PyQt6_Qt6 --> node_venv_lib_python3_12_site-packages_PyQt6_Qt6_qml["qml"]\n    node_venv_lib_python3_12_site-packages_PyQt6_Qt6_qml --> node_venv_lib_python3_12_site-packages_PyQt6_Qt6_qml_QtQuick["QtQuick"]\n    node_venv_lib_python3_12_site-packages_PyQt6_Qt6_qml_QtQuick --> node_venv_lib_python3_12_site-packages_PyQt6_Qt6_qml_QtQuick_Templates["Templates"]\n    node_venv_lib_python3_12_site-packages_PyQt6_Qt6_qml_QtQuick_Templates --> node_venv_lib_python3_12_site-packages_PyQt6_Qt6_qml_QtQuick_Templates_plugins_qmltypes["plugins.qmltypes"]\n    Root --> node_venv["venv"]\n    node_venv --> node_venv_lib["lib"]\n    node_venv_lib --> node_venv_lib_python3_12["python3.12"]\n    node_venv_lib_python3_12 --> node_venv_lib_python3_12_site-packages["site-packages"]\n    node_venv_lib_python3_12_site-packages --> node_venv_lib_python3_12_site-packages_PyQt6["PyQt6"]\n    node_venv_lib_python3_12_site-packages_PyQt6 --> node_venv_lib_python3_12_site-packages_PyQt6_Qt6["Qt6"]\n    node_venv_lib_python3_12_site-packages_PyQt6_Qt6 --> node_venv_lib_python3_12_site-packages_PyQt6_Qt6_qml["qml"]\n    node_venv_lib_python3_12_site-packages_PyQt6_Qt6_qml --> node_venv_lib_python3_12_site-packages_PyQt6_Qt6_qml_QtQuick["QtQuick"]\n    node_venv_lib_python3_12_site-packages_PyQt6_Qt6_qml_QtQuick --> node_venv_lib_python3_12_site-packages_PyQt6_Qt6_qml_QtQuick_Templates["Templates"]\n    node_venv_lib_python3_12_site-packages_PyQt6_Qt6_qml_QtQuick_Templates --> node_venv_lib_python3_12_site-packages_PyQt6_Qt6_qml_QtQuick_Templates_qmldir["qmldir"]\n    Root --> node_venv["venv"]\n    node_venv --> node_venv_lib["lib"]\n    node_venv_lib --> node_venv_lib_python3_12["python3.12"]\n    node_venv_lib_python3_12 --> node_venv_lib_python3_12_site-packages["site-packages"]\n    node_venv_lib_python3_12_site-packages --> node_venv_lib_python3_12_site-packages_PyQt6["PyQt6"]\n    node_venv_lib_python3_12_site-packages_PyQt6 --> node_venv_lib_python3_12_site-packages_PyQt6_Qt6["Qt6"]\n    node_venv_lib_python3_12_site-packages_PyQt6_Qt6 --> node_venv_lib_python3_12_site-packages_PyQt6_Qt6_qml["qml"]\n    node_venv_lib_python3_12_site-packages_PyQt6_Qt6_qml --> node_venv_lib_python3_12_site-packages_PyQt6_Qt6_qml_QtQuick["QtQuick"]\n    node_venv_lib_python3_12_site-packages_PyQt6_Qt6_qml_QtQuick --> node_venv_lib_python3_12_site-packages_PyQt6_Qt6_qml_QtQuick_Dialogs["Dialogs"]\n    node_venv_lib_python3_12_site-packages_PyQt6_Qt6_qml_QtQuick_Dialogs --> node_venv_lib_python3_12_site-packages_PyQt6_Qt6_qml_QtQuick_Dialogs_libqtquickdialogsplugin_dylib["libqtquickdialogsplugin.dylib"]\n    Root --> node_venv["venv"]\n    node_venv --> node_venv_lib["lib"]\n    node_venv_lib --> node_venv_lib_python3_12["python3.12"]\n    node_venv_lib_python3_12 --> node_venv_lib_python3_12_site-packages["site-packages"]\n    node_venv_lib_python3_12_site-packages --> node_venv_lib_python3_12_site-packages_PyQt6["PyQt6"]\n    node_venv_lib_python3_12_site-packages_PyQt6 --> node_venv_lib_python3_12_site-packages_PyQt6_Qt6["Qt6"]\n    node_venv_lib_python3_12_site-packages_PyQt6_Qt6 --> node_venv_lib_python3_12_site-packages_PyQt6_Qt6_qml["qml"]\n    node_venv_lib_python3_12_site-packages_PyQt6_Qt6_qml --> node_venv_lib_python3_12_site-packages_PyQt6_Qt6_qml_QtQuick["QtQuick"]\n    node_venv_lib_python3_12_site-packages_PyQt6_Qt6_qml_QtQuick --> node_venv_lib_python3_12_site-packages_PyQt6_Qt6_qml_QtQuick_Dialogs["Dialogs"]\n    node_venv_lib_python3_12_site-packages_PyQt6_Qt6_qml_QtQuick_Dialogs --> node_venv_lib_python3_12_site-packages_PyQt6_Qt6_qml_QtQuick_Dialogs_plugins_qmltypes["plugins.qmltypes"]\n    Root --> node_venv["venv"]\n    node_venv --> node_venv_lib["lib"]\n    node_venv_lib --> node_venv_lib_python3_12["python3.12"]\n    node_venv_lib_python3_12 --> node_venv_lib_python3_12_site-packages["site-packages"]\n    node_venv_lib_python3_12_site-packages --> node_venv_lib_python3_12_site-packages_PyQt6["PyQt6"]\n    node_venv_lib_python3_12_site-packages_PyQt6 --> node_venv_lib_python3_12_site-packages_PyQt6_Qt6["Qt6"]\n    node_venv_lib_python3_12_site-packages_PyQt6_Qt6 --> node_venv_lib_python3_12_site-packages_PyQt6_Qt6_qml["qml"]\n    node_venv_lib_python3_12_site-packages_PyQt6_Qt6_qml --> node_venv_lib_python3_12_site-packages_PyQt6_Qt6_qml_QtQuick["QtQuick"]\n    node_venv_lib_python3_12_site-packages_PyQt6_Qt6_qml_QtQuick --> node_venv_lib_python3_12_site-packages_PyQt6_Qt6_qml_QtQuick_Dialogs["Dialogs"]\n    node_venv_lib_python3_12_site-packages_PyQt6_Qt6_qml_QtQuick_Dialogs --> node_venv_lib_python3_12_site-packages_PyQt6_Qt6_qml_QtQuick_Dialogs_qmldir["qmldir"]\n    Root --> node_venv["venv"]\n    node_venv --> node_venv_lib["lib"]\n    node_venv_lib --> node_venv_lib_python3_12["python3.12"]\n    node_venv_lib_python3_12 --> node_venv_lib_python3_12_site-packages["site-packages"]\n    node_venv_lib_python3_12_site-packages --> node_venv_lib_python3_12_site-packages_PyQt6["PyQt6"]\n    node_venv_lib_python3_12_site-packages_PyQt6 --> node_venv_lib_python3_12_site-packages_PyQt6_Qt6["Qt6"]\n    node_venv_lib_python3_12_site-packages_PyQt6_Qt6 --> node_venv_lib_python3_12_site-packages_PyQt6_Qt6_qml["qml"]\n    node_venv_lib_python3_12_site-packages_PyQt6_Qt6_qml --> node_venv_lib_python3_12_site-packages_PyQt6_Qt6_qml_QtQuick["QtQuick"]\n    node_venv_lib_python3_12_site-packages_PyQt6_Qt6_qml_QtQuick --> node_venv_lib_python3_12_site-packages_PyQt6_Qt6_qml_QtQuick_Dialogs["Dialogs"]\n    node_venv_lib_python3_12_site-packages_PyQt6_Qt6_qml_QtQuick_Dialogs --> node_venv_lib_python3_12_site-packages_PyQt6_Qt6_qml_QtQuick_Dialogs_quickimpl["quickimpl"]\n    node_venv_lib_python3_12_site-packages_PyQt6_Qt6_qml_QtQuick_Dialogs_quickimpl --> node_venv_lib_python3_12_site-packages_PyQt6_Qt6_qml_QtQuick_Dialogs_quickimpl_libqtquickdialogs2quickimplplugin_dylib["libqtquickdialogs2quickimplplugin.dylib"]\n    Root --> node_venv["venv"]\n    node_venv --> node_venv_lib["lib"]\n    node_venv_lib --> node_venv_lib_python3_12["python3.12"]\n    node_venv_lib_python3_12 --> node_venv_lib_python3_12_site-packages["site-packages"]\n    node_venv_lib_python3_12_site-packages --> node_venv_lib_python3_12_site-packages_PyQt6["PyQt6"]\n    node_venv_lib_python3_12_site-packages_PyQt6 --> node_venv_lib_python3_12_site-packages_PyQt6_Qt6["Qt6"]\n    node_venv_lib_python3_12_site-packages_PyQt6_Qt6 --> node_venv_lib_python3_12_site-packages_PyQt6_Qt6_qml["qml"]\n    node_venv_lib_python3_12_site-packages_PyQt6_Qt6_qml --> node_venv_lib_python3_12_site-packages_PyQt6_Qt6_qml_QtQuick["QtQuick"]\n    node_venv_lib_python3_12_site-packages_PyQt6_Qt6_qml_QtQuick --> node_venv_lib_python3_12_site-packages_PyQt6_Qt6_qml_QtQuick_Dialogs["Dialogs"]\n    node_venv_lib_python3_12_site-packages_PyQt6_Qt6_qml_QtQuick_Dialogs --> node_venv_lib_python3_12_site-packages_PyQt6_Qt6_qml_QtQuick_Dialogs_quickimpl["quickimpl"]\n    node_venv_lib_python3_12_site-packages_PyQt6_Qt6_qml_QtQuick_Dialogs_quickimpl --> node_venv_lib_python3_12_site-packages_PyQt6_Qt6_qml_QtQuick_Dialogs_quickimpl_plugins_qmltypes["plugins.qmltypes"]\n    Root --> node_venv["venv"]\n    node_venv --> node_venv_lib["lib"]\n    node_venv_lib --> node_venv_lib_python3_12["python3.12"]\n    node_venv_lib_python3_12 --> node_venv_lib_python3_12_site-packages["site-packages"]\n    node_venv_lib_python3_12_site-packages --> node_venv_lib_python3_12_site-packages_PyQt6["PyQt6"]\n    node_venv_lib_python3_12_site-packages_PyQt6 --> node_venv_lib_python3_12_site-packages_PyQt6_Qt6["Qt6"]\n    node_venv_lib_python3_12_site-packages_PyQt6_Qt6 --> node_venv_lib_python3_12_site-packages_PyQt6_Qt6_qml["qml"]\n    node_venv_lib_python3_12_site-packages_PyQt6_Qt6_qml --> node_venv_lib_python3_12_site-packages_PyQt6_Qt6_qml_QtQuick["QtQuick"]\n    node_venv_lib_python3_12_site-packages_PyQt6_Qt6_qml_QtQuick --> node_venv_lib_python3_12_site-packages_PyQt6_Qt6_qml_QtQuick_Dialogs["Dialogs"]\n    node_venv_lib_python3_12_site-packages_PyQt6_Qt6_qml_QtQuick_Dialogs --> node_venv_lib_python3_12_site-packages_PyQt6_Qt6_qml_QtQuick_Dialogs_quickimpl["quickimpl"]\n    node_venv_lib_python3_12_site-packages_PyQt6_Qt6_qml_QtQuick_Dialogs_quickimpl --> node_venv_lib_python3_12_site-packages_PyQt6_Qt6_qml_QtQuick_Dialogs_quickimpl_qmldir["qmldir"]\n    Root --> node_venv["venv"]\n    node_venv --> node_venv_lib["lib"]\n    node_venv_lib --> node_venv_lib_python3_12["python3.12"]\n    node_venv_lib_python3_12 --> node_venv_lib_python3_12_site-packages["site-packages"]\n    node_venv_lib_python3_12_site-packages --> node_venv_lib_python3_12_site-packages_PyQt6["PyQt6"]\n    node_venv_lib_python3_12_site-packages_PyQt6 --> node_venv_lib_python3_12_site-packages_PyQt6_Qt6["Qt6"]\n    node_venv_lib_python3_12_site-packages_PyQt6_Qt6 --> node_venv_lib_python3_12_site-packages_PyQt6_Qt6_qml["qml"]\n    node_venv_lib_python3_12_site-packages_PyQt6_Qt6_qml --> node_venv_lib_python3_12_site-packages_PyQt6_Qt6_qml_QtQuick["QtQuick"]\n    node_venv_lib_python3_12_site-packages_PyQt6_Qt6_qml_QtQuick --> node_venv_lib_python3_12_site-packages_PyQt6_Qt6_qml_QtQuick_Dialogs["Dialogs"]\n    node_venv_lib_python3_12_site-packages_PyQt6_Qt6_qml_QtQuick_Dialogs --> node_venv_lib_python3_12_site-packages_PyQt6_Qt6_qml_QtQuick_Dialogs_quickimpl["quickimpl"]\n    node_venv_lib_python3_12_site-packages_PyQt6_Qt6_qml_QtQuick_Dialogs_quickimpl --> node_venv_lib_python3_12_site-packages_PyQt6_Qt6_qml_QtQuick_Dialogs_quickimpl_qml["qml"]\n    node_venv_lib_python3_12_site-packages_PyQt6_Qt6_qml_QtQuick_Dialogs_quickimpl_qml --> node_venv_lib_python3_12_site-packages_PyQt6_Qt6_qml_QtQuick_Dialogs_quickimpl_qml_ColorDialog_qml["ColorDialog.qml"]\n    Root --> node_venv["venv"]\n    node_venv --> node_venv_lib["lib"]\n    node_venv_lib --> node_venv_lib_python3_12["python3.12"]\n    node_venv_lib_python3_12 --> node_venv_lib_python3_12_site-packages["site-packages"]\n    node_venv_lib_python3_12_site-packages --> node_venv_lib_python3_12_site-packages_PyQt6["PyQt6"]\n    node_venv_lib_python3_12_site-packages_PyQt6 --> node_venv_lib_python3_12_site-packages_PyQt6_Qt6["Qt6"]\n    node_venv_lib_python3_12_site-packages_PyQt6_Qt6 --> node_venv_lib_python3_12_site-packages_PyQt6_Qt6_qml["qml"]\n    node_venv_lib_python3_12_site-packages_PyQt6_Qt6_qml --> node_venv_lib_python3_12_site-packages_PyQt6_Qt6_qml_QtQuick["QtQuick"]\n    node_venv_lib_python3_12_site-packages_PyQt6_Qt6_qml_QtQuick --> node_venv_lib_python3_12_site-packages_PyQt6_Qt6_qml_QtQuick_Dialogs["Dialogs"]\n    node_venv_lib_python3_12_site-packages_PyQt6_Qt6_qml_QtQuick_Dialogs --> node_venv_lib_python3_12_site-packages_PyQt6_Qt6_qml_QtQuick_Dialogs_quickimpl["quickimpl"]\n    node_venv_lib_python3_12_site-packages_PyQt6_Qt6_qml_QtQuick_Dialogs_quickimpl --> node_venv_lib_python3_12_site-packages_PyQt6_Qt6_qml_QtQuick_Dialogs_quickimpl_qml["qml"]\n    node_venv_lib_python3_12_site-packages_PyQt6_Qt6_qml_QtQuick_Dialogs_quickimpl_qml --> node_venv_lib_python3_12_site-packages_PyQt6_Qt6_qml_QtQuick_Dialogs_quickimpl_qml_ColorInputs_qml["ColorInputs.qml"]\n    Root --> node_venv["venv"]\n    node_venv --> node_venv_lib["lib"]\n    node_venv_lib --> node_venv_lib_python3_12["python3.12"]\n    node_venv_lib_python3_12 --> node_venv_lib_python3_12_site-packages["site-packages"]\n    node_venv_lib_python3_12_site-packages --> node_venv_lib_python3_12_site-packages_PyQt6["PyQt6"]\n    node_venv_lib_python3_12_site-packages_PyQt6 --> node_venv_lib_python3_12_site-packages_PyQt6_Qt6["Qt6"]\n    node_venv_lib_python3_12_site-packages_PyQt6_Qt6 --> node_venv_lib_python3_12_site-packages_PyQt6_Qt6_qml["qml"]\n    node_venv_lib_python3_12_site-packages_PyQt6_Qt6_qml --> node_venv_lib_python3_12_site-packages_PyQt6_Qt6_qml_QtQuick["QtQuick"]\n    node_venv_lib_python3_12_site-packages_PyQt6_Qt6_qml_QtQuick --> node_venv_lib_python3_12_site-packages_PyQt6_Qt6_qml_QtQuick_Dialogs["Dialogs"]\n    node_venv_lib_python3_12_site-packages_PyQt6_Qt6_qml_QtQuick_Dialogs --> node_venv_lib_python3_12_site-packages_PyQt6_Qt6_qml_QtQuick_Dialogs_quickimpl["quickimpl"]\n    node_venv_lib_python3_12_site-packages_PyQt6_Qt6_qml_QtQuick_Dialogs_quickimpl --> node_venv_lib_python3_12_site-packages_PyQt6_Qt6_qml_QtQuick_Dialogs_quickimpl_qml["qml"]\n    node_venv_lib_python3_12_site-packages_PyQt6_Qt6_qml_QtQuick_Dialogs_quickimpl_qml --> node_venv_lib_python3_12_site-packages_PyQt6_Qt6_qml_QtQuick_Dialogs_quickimpl_qml_FileDialog_qml["FileDialog.qml"]\n    Root --> node_venv["venv"]\n    node_venv --> node_venv_lib["lib"]\n    node_venv_lib --> node_venv_lib_python3_12["python3.12"]\n    node_venv_lib_python3_12 --> node_venv_lib_python3_12_site-packages["site-packages"]\n    node_venv_lib_python3_12_site-packages --> node_venv_lib_python3_12_site-packages_PyQt6["PyQt6"]\n    node_venv_lib_python3_12_site-packages_PyQt6 --> node_venv_lib_python3_12_site-packages_PyQt6_Qt6["Qt6"]\n    node_venv_lib_python3_12_site-packages_PyQt6_Qt6 --> node_venv_lib_python3_12_site-packages_PyQt6_Qt6_qml["qml"]\n    node_venv_lib_python3_12_site-packages_PyQt6_Qt6_qml --> node_venv_lib_python3_12_site-packages_PyQt6_Qt6_qml_QtQuick["QtQuick"]\n    node_venv_lib_python3_12_site-packages_PyQt6_Qt6_qml_QtQuick --> node_venv_lib_python3_12_site-packages_PyQt6_Qt6_qml_QtQuick_Dialogs["Dialogs"]\n    node_venv_lib_python3_12_site-packages_PyQt6_Qt6_qml_QtQuick_Dialogs --> node_venv_lib_python3_12_site-packages_PyQt6_Qt6_qml_QtQuick_Dialogs_quickimpl["quickimpl"]\n    node_venv_lib_python3_12_site-packages_PyQt6_Qt6_qml_QtQuick_Dialogs_quickimpl --> node_venv_lib_python3_12_site-packages_PyQt6_Qt6_qml_QtQuick_Dialogs_quickimpl_qml["qml"]\n    node_venv_lib_python3_12_site-packages_PyQt6_Qt6_qml_QtQuick_Dialogs_quickimpl_qml --> node_venv_lib_python3_12_site-packages_PyQt6_Qt6_qml_QtQuick_Dialogs_quickimpl_qml_FileDialogDelegate_qml["FileDialogDelegate.qml"]\n    Root --> node_venv["venv"]\n    node_venv --> node_venv_lib["lib"]\n    node_venv_lib --> node_venv_lib_python3_12["python3.12"]\n    node_venv_lib_python3_12 --> node_venv_lib_python3_12_site-packages["site-packages"]\n    node_venv_lib_python3_12_site-packages --> node_venv_lib_python3_12_site-packages_PyQt6["PyQt6"]\n    node_venv_lib_python3_12_site-packages_PyQt6 --> node_venv_lib_python3_12_site-packages_PyQt6_Qt6["Qt6"]\n    node_venv_lib_python3_12_site-packages_PyQt6_Qt6 --> node_venv_lib_python3_12_site-packages_PyQt6_Qt6_qml["qml"]\n    node_venv_lib_python3_12_site-packages_PyQt6_Qt6_qml --> node_venv_lib_python3_12_site-packages_PyQt6_Qt6_qml_QtQuick["QtQuick"]\n    node_venv_lib_python3_12_site-packages_PyQt6_Qt6_qml_QtQuick --> node_venv_lib_python3_12_site-packages_PyQt6_Qt6_qml_QtQuick_Dialogs["Dialogs"]\n    node_venv_lib_python3_12_site-packages_PyQt6_Qt6_qml_QtQuick_Dialogs --> node_venv_lib_python3_12_site-packages_PyQt6_Qt6_qml_QtQuick_Dialogs_quickimpl["quickimpl"]\n    node_venv_lib_python3_12_site-packages_PyQt6_Qt6_qml_QtQuick_Dialogs_quickimpl --> node_venv_lib_python3_12_site-packages_PyQt6_Qt6_qml_QtQuick_Dialogs_quickimpl_qml["qml"]\n    node_venv_lib_python3_12_site-packages_PyQt6_Qt6_qml_QtQuick_Dialogs_quickimpl_qml --> node_venv_lib_python3_12_site-packages_PyQt6_Qt6_qml_QtQuick_Dialogs_quickimpl_qml_FileDialogDelegateLabel_qml["FileDialogDelegateLabel.qml"]\n    Root --> node_venv["venv"]\n    node_venv --> node_venv_lib["lib"]\n    node_venv_lib --> node_venv_lib_python3_12["python3.12"]\n    node_venv_lib_python3_12 --> node_venv_lib_python3_12_site-packages["site-packages"]\n    node_venv_lib_python3_12_site-packages --> node_venv_lib_python3_12_site-packages_PyQt6["PyQt6"]\n    node_venv_lib_python3_12_site-packages_PyQt6 --> node_venv_lib_python3_12_site-packages_PyQt6_Qt6["Qt6"]\n    node_venv_lib_python3_12_site-packages_PyQt6_Qt6 --> node_venv_lib_python3_12_site-packages_PyQt6_Qt6_qml["qml"]\n    node_venv_lib_python3_12_site-packages_PyQt6_Qt6_qml --> node_venv_lib_python3_12_site-packages_PyQt6_Qt6_qml_QtQuick["QtQuick"]\n    node_venv_lib_python3_12_site-packages_PyQt6_Qt6_qml_QtQuick --> node_venv_lib_python3_12_site-packages_PyQt6_Qt6_qml_QtQuick_Dialogs["Dialogs"]\n    node_venv_lib_python3_12_site-packages_PyQt6_Qt6_qml_QtQuick_Dialogs --> node_venv_lib_python3_12_site-packages_PyQt6_Qt6_qml_QtQuick_Dialogs_quickimpl["quickimpl"]\n    node_venv_lib_python3_12_site-packages_PyQt6_Qt6_qml_QtQuick_Dialogs_quickimpl --> node_venv_lib_python3_12_site-packages_PyQt6_Qt6_qml_QtQuick_Dialogs_quickimpl_qml["qml"]\n    node_venv_lib_python3_12_site-packages_PyQt6_Qt6_qml_QtQuick_Dialogs_quickimpl_qml --> node_venv_lib_python3_12_site-packages_PyQt6_Qt6_qml_QtQuick_Dialogs_quickimpl_qml_FolderBreadcrumbBar_qml["FolderBreadcrumbBar.qml"]\n    Root --> node_venv["venv"]\n    node_venv --> node_venv_lib["lib"]\n    node_venv_lib --> node_venv_lib_python3_12["python3.12"]\n    node_venv_lib_python3_12 --> node_venv_lib_python3_12_site-packages["site-packages"]\n    node_venv_lib_python3_12_site-packages --> node_venv_lib_python3_12_site-packages_PyQt6["PyQt6"]\n    node_venv_lib_python3_12_site-packages_PyQt6 --> node_venv_lib_python3_12_site-packages_PyQt6_Qt6["Qt6"]\n    node_venv_lib_python3_12_site-packages_PyQt6_Qt6 --> node_venv_lib_python3_12_site-packages_PyQt6_Qt6_qml["qml"]\n    node_venv_lib_python3_12_site-packages_PyQt6_Qt6_qml --> node_venv_lib_python3_12_site-packages_PyQt6_Qt6_qml_QtQuick["QtQuick"]\n    node_venv_lib_python3_12_site-packages_PyQt6_Qt6_qml_QtQuick --> node_venv_lib_python3_12_site-packages_PyQt6_Qt6_qml_QtQuick_Dialogs["Dialogs"]\n    node_venv_lib_python3_12_site-packages_PyQt6_Qt6_qml_QtQuick_Dialogs --> node_venv_lib_python3_12_site-packages_PyQt6_Qt6_qml_QtQuick_Dialogs_quickimpl["quickimpl"]\n    node_venv_lib_python3_12_site-packages_PyQt6_Qt6_qml_QtQuick_Dialogs_quickimpl --> node_venv_lib_python3_12_site-packages_PyQt6_Qt6_qml_QtQuick_Dialogs_quickimpl_qml["qml"]\n    node_venv_lib_python3_12_site-packages_PyQt6_Qt6_qml_QtQuick_Dialogs_quickimpl_qml --> node_venv_lib_python3_12_site-packages_PyQt6_Qt6_qml_QtQuick_Dialogs_quickimpl_qml_FolderDialog_qml["FolderDialog.qml"]\n    Root --> node_venv["venv"]\n    node_venv --> node_venv_lib["lib"]\n    node_venv_lib --> node_venv_lib_python3_12["python3.12"]\n    node_venv_lib_python3_12 --> node_venv_lib_python3_12_site-packages["site-packages"]\n    node_venv_lib_python3_12_site-packages --> node_venv_lib_python3_12_site-packages_PyQt6["PyQt6"]\n    node_venv_lib_python3_12_site-packages_PyQt6 --> node_venv_lib_python3_12_site-packages_PyQt6_Qt6["Qt6"]\n    node_venv_lib_python3_12_site-packages_PyQt6_Qt6 --> node_venv_lib_python3_12_site-packages_PyQt6_Qt6_qml["qml"]\n    node_venv_lib_python3_12_site-packages_PyQt6_Qt6_qml --> node_venv_lib_python3_12_site-packages_PyQt6_Qt6_qml_QtQuick["QtQuick"]\n    node_venv_lib_python3_12_site-packages_PyQt6_Qt6_qml_QtQuick --> node_venv_lib_python3_12_site-packages_PyQt6_Qt6_qml_QtQuick_Dialogs["Dialogs"]\n    node_venv_lib_python3_12_site-packages_PyQt6_Qt6_qml_QtQuick_Dialogs --> node_venv_lib_python3_12_site-packages_PyQt6_Qt6_qml_QtQuick_Dialogs_quickimpl["quickimpl"]\n    node_venv_lib_python3_12_site-packages_PyQt6_Qt6_qml_QtQuick_Dialogs_quickimpl --> node_venv_lib_python3_12_site-packages_PyQt6_Qt6_qml_QtQuick_Dialogs_quickimpl_qml["qml"]\n    node_venv_lib_python3_12_site-packages_PyQt6_Qt6_qml_QtQuick_Dialogs_quickimpl_qml --> node_venv_lib_python3_12_site-packages_PyQt6_Qt6_qml_QtQuick_Dialogs_quickimpl_qml_FolderDialogDelegate_qml["FolderDialogDelegate.qml"]\n    Root --> node_venv["venv"]\n    node_venv --> node_venv_lib["lib"]\n    node_venv_lib --> node_venv_lib_python3_12["python3.12"]\n    node_venv_lib_python3_12 --> node_venv_lib_python3_12_site-packages["site-packages"]\n    node_venv_lib_python3_12_site-packages --> node_venv_lib_python3_12_site-packages_PyQt6["PyQt6"]\n    node_venv_lib_python3_12_site-packages_PyQt6 --> node_venv_lib_python3_12_site-packages_PyQt6_Qt6["Qt6"]\n    node_venv_lib_python3_12_site-packages_PyQt6_Qt6 --> node_venv_lib_python3_12_site-packages_PyQt6_Qt6_qml["qml"]\n    node_venv_lib_python3_12_site-packages_PyQt6_Qt6_qml --> node_venv_lib_python3_12_site-packages_PyQt6_Qt6_qml_QtQuick["QtQuick"]\n    node_venv_lib_python3_12_site-packages_PyQt6_Qt6_qml_QtQuick --> node_venv_lib_python3_12_site-packages_PyQt6_Qt6_qml_QtQuick_Dialogs["Dialogs"]\n    node_venv_lib_python3_12_site-packages_PyQt6_Qt6_qml_QtQuick_Dialogs --> node_venv_lib_python3_12_site-packages_PyQt6_Qt6_qml_QtQuick_Dialogs_quickimpl["quickimpl"]\n    node_venv_lib_python3_12_site-packages_PyQt6_Qt6_qml_QtQuick_Dialogs_quickimpl --> node_venv_lib_python3_12_site-packages_PyQt6_Qt6_qml_QtQuick_Dialogs_quickimpl_qml["qml"]\n    node_venv_lib_python3_12_site-packages_PyQt6_Qt6_qml_QtQuick_Dialogs_quickimpl_qml --> node_venv_lib_python3_12_site-packages_PyQt6_Qt6_qml_QtQuick_Dialogs_quickimpl_qml_FolderDialogDelegateLabel_qml["FolderDialogDelegateLabel.qml"]\n    Root --> node_venv["venv"]\n    node_venv --> node_venv_lib["lib"]\n    node_venv_lib --> node_venv_lib_python3_12["python3.12"]\n    node_venv_lib_python3_12 --> node_venv_lib_python3_12_site-packages["site-packages"]\n    node_venv_lib_python3_12_site-packages --> node_venv_lib_python3_12_site-packages_PyQt6["PyQt6"]\n    node_venv_lib_python3_12_site-packages_PyQt6 --> node_venv_lib_python3_12_site-packages_PyQt6_Qt6["Qt6"]\n    node_venv_lib_python3_12_site-packages_PyQt6_Qt6 --> node_venv_lib_python3_12_site-packages_PyQt6_Qt6_qml["qml"]\n    node_venv_lib_python3_12_site-packages_PyQt6_Qt6_qml --> node_venv_lib_python3_12_site-packages_PyQt6_Qt6_qml_QtQuick["QtQuick"]\n    node_venv_lib_python3_12_site-packages_PyQt6_Qt6_qml_QtQuick --> node_venv_lib_python3_12_site-packages_PyQt6_Qt6_qml_QtQuick_Dialogs["Dialogs"]\n    node_venv_lib_python3_12_site-packages_PyQt6_Qt6_qml_QtQuick_Dialogs --> node_venv_lib_python3_12_site-packages_PyQt6_Qt6_qml_QtQuick_Dialogs_quickimpl["quickimpl"]\n    node_venv_lib_python3_12_site-packages_PyQt6_Qt6_qml_QtQuick_Dialogs_quickimpl --> node_venv_lib_python3_12_site-packages_PyQt6_Qt6_qml_QtQuick_Dialogs_quickimpl_qml["qml"]\n    node_venv_lib_python3_12_site-packages_PyQt6_Qt6_qml_QtQuick_Dialogs_quickimpl_qml --> node_venv_lib_python3_12_site-packages_PyQt6_Qt6_qml_QtQuick_Dialogs_quickimpl_qml_FontDialog_qml["FontDialog.qml"]\n    Root --> node_venv["venv"]\n    node_venv --> node_venv_lib["lib"]\n    node_venv_lib --> node_venv_lib_python3_12["python3.12"]\n    node_venv_lib_python3_12 --> node_venv_lib_python3_12_site-packages["site-packages"]\n    node_venv_lib_python3_12_site-packages --> node_venv_lib_python3_12_site-packages_PyQt6["PyQt6"]\n    node_venv_lib_python3_12_site-packages_PyQt6 --> node_venv_lib_python3_12_site-packages_PyQt6_Qt6["Qt6"]\n    node_venv_lib_python3_12_site-packages_PyQt6_Qt6 --> node_venv_lib_python3_12_site-packages_PyQt6_Qt6_qml["qml"]\n    node_venv_lib_python3_12_site-packages_PyQt6_Qt6_qml --> node_venv_lib_python3_12_site-packages_PyQt6_Qt6_qml_QtQuick["QtQuick"]\n    node_venv_lib_python3_12_site-packages_PyQt6_Qt6_qml_QtQuick --> node_venv_lib_python3_12_site-packages_PyQt6_Qt6_qml_QtQuick_Dialogs["Dialogs"]\n    node_venv_lib_python3_12_site-packages_PyQt6_Qt6_qml_QtQuick_Dialogs --> node_venv_lib_python3_12_site-packages_PyQt6_Qt6_qml_QtQuick_Dialogs_quickimpl["quickimpl"]\n    node_venv_lib_python3_12_site-packages_PyQt6_Qt6_qml_QtQuick_Dialogs_quickimpl --> node_venv_lib_python3_12_site-packages_PyQt6_Qt6_qml_QtQuick_Dialogs_quickimpl_qml["qml"]\n    node_venv_lib_python3_12_site-packages_PyQt6_Qt6_qml_QtQuick_Dialogs_quickimpl_qml --> node_venv_lib_python3_12_site-packages_PyQt6_Qt6_qml_QtQuick_Dialogs_quickimpl_qml_FontDialogContent_qml["FontDialogContent.qml"]\n    Root --> node_venv["venv"]\n    node_venv --> node_venv_lib["lib"]\n    node_venv_lib --> node_venv_lib_python3_12["python3.12"]\n    node_venv_lib_python3_12 --> node_venv_lib_python3_12_site-packages["site-packages"]\n    node_venv_lib_python3_12_site-packages --> node_venv_lib_python3_12_site-packages_PyQt6["PyQt6"]\n    node_venv_lib_python3_12_site-packages_PyQt6 --> node_venv_lib_python3_12_site-packages_PyQt6_Qt6["Qt6"]\n    node_venv_lib_python3_12_site-packages_PyQt6_Qt6 --> node_venv_lib_python3_12_site-packages_PyQt6_Qt6_qml["qml"]\n    node_venv_lib_python3_12_site-packages_PyQt6_Qt6_qml --> node_venv_lib_python3_12_site-packages_PyQt6_Qt6_qml_QtQuick["QtQuick"]\n    node_venv_lib_python3_12_site-packages_PyQt6_Qt6_qml_QtQuick --> node_venv_lib_python3_12_site-packages_PyQt6_Qt6_qml_QtQuick_Dialogs["Dialogs"]\n    node_venv_lib_python3_12_site-packages_PyQt6_Qt6_qml_QtQuick_Dialogs --> node_venv_lib_python3_12_site-packages_PyQt6_Qt6_qml_QtQuick_Dialogs_quickimpl["quickimpl"]\n    node_venv_lib_python3_12_site-packages_PyQt6_Qt6_qml_QtQuick_Dialogs_quickimpl --> node_venv_lib_python3_12_site-packages_PyQt6_Qt6_qml_QtQuick_Dialogs_quickimpl_qml["qml"]\n    node_venv_lib_python3_12_site-packages_PyQt6_Qt6_qml_QtQuick_Dialogs_quickimpl_qml --> node_venv_lib_python3_12_site-packages_PyQt6_Qt6_qml_QtQuick_Dialogs_quickimpl_qml_HueGradient_qml["HueGradient.qml"]\n    Root --> node_venv["venv"]\n    node_venv --> node_venv_lib["lib"]\n    node_venv_lib --> node_venv_lib_python3_12["python3.12"]\n    node_venv_lib_python3_12 --> node_venv_lib_python3_12_site-packages["site-packages"]\n    node_venv_lib_python3_12_site-packages --> node_venv_lib_python3_12_site-packages_PyQt6["PyQt6"]\n    node_venv_lib_python3_12_site-packages_PyQt6 --> node_venv_lib_python3_12_site-packages_PyQt6_Qt6["Qt6"]\n    node_venv_lib_python3_12_site-packages_PyQt6_Qt6 --> node_venv_lib_python3_12_site-packages_PyQt6_Qt6_qml["qml"]\n    node_venv_lib_python3_12_site-packages_PyQt6_Qt6_qml --> node_venv_lib_python3_12_site-packages_PyQt6_Qt6_qml_QtQuick["QtQuick"]\n    node_venv_lib_python3_12_site-packages_PyQt6_Qt6_qml_QtQuick --> node_venv_lib_python3_12_site-packages_PyQt6_Qt6_qml_QtQuick_Dialogs["Dialogs"]\n    node_venv_lib_python3_12_site-packages_PyQt6_Qt6_qml_QtQuick_Dialogs --> node_venv_lib_python3_12_site-packages_PyQt6_Qt6_qml_QtQuick_Dialogs_quickimpl["quickimpl"]\n    node_venv_lib_python3_12_site-packages_PyQt6_Qt6_qml_QtQuick_Dialogs_quickimpl --> node_venv_lib_python3_12_site-packages_PyQt6_Qt6_qml_QtQuick_Dialogs_quickimpl_qml["qml"]\n    node_venv_lib_python3_12_site-packages_PyQt6_Qt6_qml_QtQuick_Dialogs_quickimpl_qml --> node_venv_lib_python3_12_site-packages_PyQt6_Qt6_qml_QtQuick_Dialogs_quickimpl_qml_MessageDialog_qml["MessageDialog.qml"]\n    Root --> node_venv["venv"]\n    node_venv --> node_venv_lib["lib"]\n    node_venv_lib --> node_venv_lib_python3_12["python3.12"]\n    node_venv_lib_python3_12 --> node_venv_lib_python3_12_site-packages["site-packages"]\n    node_venv_lib_python3_12_site-packages --> node_venv_lib_python3_12_site-packages_PyQt6["PyQt6"]\n    node_venv_lib_python3_12_site-packages_PyQt6 --> node_venv_lib_python3_12_site-packages_PyQt6_Qt6["Qt6"]\n    node_venv_lib_python3_12_site-packages_PyQt6_Qt6 --> node_venv_lib_python3_12_site-packages_PyQt6_Qt6_qml["qml"]\n    node_venv_lib_python3_12_site-packages_PyQt6_Qt6_qml --> node_venv_lib_python3_12_site-packages_PyQt6_Qt6_qml_QtQuick["QtQuick"]\n    node_venv_lib_python3_12_site-packages_PyQt6_Qt6_qml_QtQuick --> node_venv_lib_python3_12_site-packages_PyQt6_Qt6_qml_QtQuick_Dialogs["Dialogs"]\n    node_venv_lib_python3_12_site-packages_PyQt6_Qt6_qml_QtQuick_Dialogs --> node_venv_lib_python3_12_site-packages_PyQt6_Qt6_qml_QtQuick_Dialogs_quickimpl["quickimpl"]\n    node_venv_lib_python3_12_site-packages_PyQt6_Qt6_qml_QtQuick_Dialogs_quickimpl --> node_venv_lib_python3_12_site-packages_PyQt6_Qt6_qml_QtQuick_Dialogs_quickimpl_qml["qml"]\n    node_venv_lib_python3_12_site-packages_PyQt6_Qt6_qml_QtQuick_Dialogs_quickimpl_qml --> node_venv_lib_python3_12_site-packages_PyQt6_Qt6_qml_QtQuick_Dialogs_quickimpl_qml_PickerHandle_qml["PickerHandle.qml"]\n    Root --> node_venv["venv"]\n    node_venv --> node_venv_lib["lib"]\n    node_venv_lib --> node_venv_lib_python3_12["python3.12"]\n    node_venv_lib_python3_12 --> node_venv_lib_python3_12_site-packages["site-packages"]\n    node_venv_lib_python3_12_site-packages --> node_venv_lib_python3_12_site-packages_PyQt6["PyQt6"]\n    node_venv_lib_python3_12_site-packages_PyQt6 --> node_venv_lib_python3_12_site-packages_PyQt6_Qt6["Qt6"]\n    node_venv_lib_python3_12_site-packages_PyQt6_Qt6 --> node_venv_lib_python3_12_site-packages_PyQt6_Qt6_qml["qml"]\n    node_venv_lib_python3_12_site-packages_PyQt6_Qt6_qml --> node_venv_lib_python3_12_site-packages_PyQt6_Qt6_qml_QtQuick["QtQuick"]\n    node_venv_lib_python3_12_site-packages_PyQt6_Qt6_qml_QtQuick --> node_venv_lib_python3_12_site-packages_PyQt6_Qt6_qml_QtQuick_Dialogs["Dialogs"]\n    node_venv_lib_python3_12_site-packages_PyQt6_Qt6_qml_QtQuick_Dialogs --> node_venv_lib_python3_12_site-packages_PyQt6_Qt6_qml_QtQuick_Dialogs_quickimpl["quickimpl"]\n    node_venv_lib_python3_12_site-packages_PyQt6_Qt6_qml_QtQuick_Dialogs_quickimpl --> node_venv_lib_python3_12_site-packages_PyQt6_Qt6_qml_QtQuick_Dialogs_quickimpl_qml["qml"]\n    node_venv_lib_python3_12_site-packages_PyQt6_Qt6_qml_QtQuick_Dialogs_quickimpl_qml --> node_venv_lib_python3_12_site-packages_PyQt6_Qt6_qml_QtQuick_Dialogs_quickimpl_qml_SaturationLightnessPicker_qml["SaturationLightnessPicker.qml"]\n    Root --> node_venv["venv"]\n    node_venv --> node_venv_lib["lib"]\n    node_venv_lib --> node_venv_lib_python3_12["python3.12"]\n    node_venv_lib_python3_12 --> node_venv_lib_python3_12_site-packages["site-packages"]\n    node_venv_lib_python3_12_site-packages --> node_venv_lib_python3_12_site-packages_PyQt6["PyQt6"]\n    node_venv_lib_python3_12_site-packages_PyQt6 --> node_venv_lib_python3_12_site-packages_PyQt6_Qt6["Qt6"]\n    node_venv_lib_python3_12_site-packages_PyQt6_Qt6 --> node_venv_lib_python3_12_site-packages_PyQt6_Qt6_qml["qml"]\n    node_venv_lib_python3_12_site-packages_PyQt6_Qt6_qml --> node_venv_lib_python3_12_site-packages_PyQt6_Qt6_qml_QtQuick["QtQuick"]\n    node_venv_lib_python3_12_site-packages_PyQt6_Qt6_qml_QtQuick --> node_venv_lib_python3_12_site-packages_PyQt6_Qt6_qml_QtQuick_Dialogs["Dialogs"]\n    node_venv_lib_python3_12_site-packages_PyQt6_Qt6_qml_QtQuick_Dialogs --> node_venv_lib_python3_12_site-packages_PyQt6_Qt6_qml_QtQuick_Dialogs_quickimpl["quickimpl"]\n    node_venv_lib_python3_12_site-packages_PyQt6_Qt6_qml_QtQuick_Dialogs_quickimpl --> node_venv_lib_python3_12_site-packages_PyQt6_Qt6_qml_QtQuick_Dialogs_quickimpl_qml["qml"]\n    node_venv_lib_python3_12_site-packages_PyQt6_Qt6_qml_QtQuick_Dialogs_quickimpl_qml --> node_venv_lib_python3_12_site-packages_PyQt6_Qt6_qml_QtQuick_Dialogs_quickimpl_qml_SideBar_qml["SideBar.qml"]\n    Root --> node_venv["venv"]\n    node_venv --> node_venv_lib["lib"]\n    node_venv_lib --> node_venv_lib_python3_12["python3.12"]\n    node_venv_lib_python3_12 --> node_venv_lib_python3_12_site-packages["site-packages"]\n    node_venv_lib_python3_12_site-packages --> node_venv_lib_python3_12_site-packages_PyQt6["PyQt6"]\n    node_venv_lib_python3_12_site-packages_PyQt6 --> node_venv_lib_python3_12_site-packages_PyQt6_Qt6["Qt6"]\n    node_venv_lib_python3_12_site-packages_PyQt6_Qt6 --> node_venv_lib_python3_12_site-packages_PyQt6_Qt6_qml["qml"]\n    node_venv_lib_python3_12_site-packages_PyQt6_Qt6_qml --> node_venv_lib_python3_12_site-packages_PyQt6_Qt6_qml_QtQuick["QtQuick"]\n    node_venv_lib_python3_12_site-packages_PyQt6_Qt6_qml_QtQuick --> node_venv_lib_python3_12_site-packages_PyQt6_Qt6_qml_QtQuick_Dialogs["Dialogs"]\n    node_venv_lib_python3_12_site-packages_PyQt6_Qt6_qml_QtQuick_Dialogs --> node_venv_lib_python3_12_site-packages_PyQt6_Qt6_qml_QtQuick_Dialogs_quickimpl["quickimpl"]\n    node_venv_lib_python3_12_site-packages_PyQt6_Qt6_qml_QtQuick_Dialogs_quickimpl --> node_venv_lib_python3_12_site-packages_PyQt6_Qt6_qml_QtQuick_Dialogs_quickimpl_qml["qml"]\n    node_venv_lib_python3_12_site-packages_PyQt6_Qt6_qml_QtQuick_Dialogs_quickimpl_qml --> node_venv_lib_python3_12_site-packages_PyQt6_Qt6_qml_QtQuick_Dialogs_quickimpl_qml_+Imagine["+Imagine"]\n    node_venv_lib_python3_12_site-packages_PyQt6_Qt6_qml_QtQuick_Dialogs_quickimpl_qml_+Imagine --> node_venv_lib_python3_12_site-packages_PyQt6_Qt6_qml_QtQuick_Dialogs_quickimpl_qml_+Imagine_ColorDialog_qml["ColorDialog.qml"]\n    Root --> node_venv["venv"]\n    node_venv --> node_venv_lib["lib"]\n    node_venv_lib --> node_venv_lib_python3_12["python3.12"]\n    node_venv_lib_python3_12 --> node_venv_lib_python3_12_site-packages["site-packages"]\n    node_venv_lib_python3_12_site-packages --> node_venv_lib_python3_12_site-packages_PyQt6["PyQt6"]\n    node_venv_lib_python3_12_site-packages_PyQt6 --> node_venv_lib_python3_12_site-packages_PyQt6_Qt6["Qt6"]\n    node_venv_lib_python3_12_site-packages_PyQt6_Qt6 --> node_venv_lib_python3_12_site-packages_PyQt6_Qt6_qml["qml"]\n    node_venv_lib_python3_12_site-packages_PyQt6_Qt6_qml --> node_venv_lib_python3_12_site-packages_PyQt6_Qt6_qml_QtQuick["QtQuick"]\n    node_venv_lib_python3_12_site-packages_PyQt6_Qt6_qml_QtQuick --> node_venv_lib_python3_12_site-packages_PyQt6_Qt6_qml_QtQuick_Dialogs["Dialogs"]\n    node_venv_lib_python3_12_site-packages_PyQt6_Qt6_qml_QtQuick_Dialogs --> node_venv_lib_python3_12_site-packages_PyQt6_Qt6_qml_QtQuick_Dialogs_quickimpl["quickimpl"]\n    node_venv_lib_python3_12_site-packages_PyQt6_Qt6_qml_QtQuick_Dialogs_quickimpl --> node_venv_lib_python3_12_site-packages_PyQt6_Qt6_qml_QtQuick_Dialogs_quickimpl_qml["qml"]\n    node_venv_lib_python3_12_site-packages_PyQt6_Qt6_qml_QtQuick_Dialogs_quickimpl_qml --> node_venv_lib_python3_12_site-packages_PyQt6_Qt6_qml_QtQuick_Dialogs_quickimpl_qml_+Imagine["+Imagine"]\n    node_venv_lib_python3_12_site-packages_PyQt6_Qt6_qml_QtQuick_Dialogs_quickimpl_qml_+Imagine --> node_venv_lib_python3_12_site-packages_PyQt6_Qt6_qml_QtQuick_Dialogs_quickimpl_qml_+Imagine_ColorInputs_qml["ColorInputs.qml"]\n    Root --> node_venv["venv"]\n    node_venv --> node_venv_lib["lib"]\n    node_venv_lib --> node_venv_lib_python3_12["python3.12"]\n    node_venv_lib_python3_12 --> node_venv_lib_python3_12_site-packages["site-packages"]\n    node_venv_lib_python3_12_site-packages --> node_venv_lib_python3_12_site-packages_PyQt6["PyQt6"]\n    node_venv_lib_python3_12_site-packages_PyQt6 --> node_venv_lib_python3_12_site-packages_PyQt6_Qt6["Qt6"]\n    node_venv_lib_python3_12_site-packages_PyQt6_Qt6 --> node_venv_lib_python3_12_site-packages_PyQt6_Qt6_qml["qml"]\n    node_venv_lib_python3_12_site-packages_PyQt6_Qt6_qml --> node_venv_lib_python3_12_site-packages_PyQt6_Qt6_qml_QtQuick["QtQuick"]\n    node_venv_lib_python3_12_site-packages_PyQt6_Qt6_qml_QtQuick --> node_venv_lib_python3_12_site-packages_PyQt6_Qt6_qml_QtQuick_Dialogs["Dialogs"]\n    node_venv_lib_python3_12_site-packages_PyQt6_Qt6_qml_QtQuick_Dialogs --> node_venv_lib_python3_12_site-packages_PyQt6_Qt6_qml_QtQuick_Dialogs_quickimpl["quickimpl"]\n    node_venv_lib_python3_12_site-packages_PyQt6_Qt6_qml_QtQuick_Dialogs_quickimpl --> node_venv_lib_python3_12_site-packages_PyQt6_Qt6_qml_QtQuick_Dialogs_quickimpl_qml["qml"]\n    node_venv_lib_python3_12_site-packages_PyQt6_Qt6_qml_QtQuick_Dialogs_quickimpl_qml --> node_venv_lib_python3_12_site-packages_PyQt6_Qt6_qml_QtQuick_Dialogs_quickimpl_qml_+Imagine["+Imagine"]\n    node_venv_lib_python3_12_site-packages_PyQt6_Qt6_qml_QtQuick_Dialogs_quickimpl_qml_+Imagine --> node_venv_lib_python3_12_site-packages_PyQt6_Qt6_qml_QtQuick_Dialogs_quickimpl_qml_+Imagine_FileDialog_qml["FileDialog.qml"]\n    Root --> node_venv["venv"]\n    node_venv --> node_venv_lib["lib"]\n    node_venv_lib --> node_venv_lib_python3_12["python3.12"]\n    node_venv_lib_python3_12 --> node_venv_lib_python3_12_site-packages["site-packages"]\n    node_venv_lib_python3_12_site-packages --> node_venv_lib_python3_12_site-packages_PyQt6["PyQt6"]\n    node_venv_lib_python3_12_site-packages_PyQt6 --> node_venv_lib_python3_12_site-packages_PyQt6_Qt6["Qt6"]\n    node_venv_lib_python3_12_site-packages_PyQt6_Qt6 --> node_venv_lib_python3_12_site-packages_PyQt6_Qt6_qml["qml"]\n    node_venv_lib_python3_12_site-packages_PyQt6_Qt6_qml --> node_venv_lib_python3_12_site-packages_PyQt6_Qt6_qml_QtQuick["QtQuick"]\n    node_venv_lib_python3_12_site-packages_PyQt6_Qt6_qml_QtQuick --> node_venv_lib_python3_12_site-packages_PyQt6_Qt6_qml_QtQuick_Dialogs["Dialogs"]\n    node_venv_lib_python3_12_site-packages_PyQt6_Qt6_qml_QtQuick_Dialogs --> node_venv_lib_python3_12_site-packages_PyQt6_Qt6_qml_QtQuick_Dialogs_quickimpl["quickimpl"]\n    node_venv_lib_python3_12_site-packages_PyQt6_Qt6_qml_QtQuick_Dialogs_quickimpl --> node_venv_lib_python3_12_site-packages_PyQt6_Qt6_qml_QtQuick_Dialogs_quickimpl_qml["qml"]\n    node_venv_lib_python3_12_site-packages_PyQt6_Qt6_qml_QtQuick_Dialogs_quickimpl_qml --> node_venv_lib_python3_12_site-packages_PyQt6_Qt6_qml_QtQuick_Dialogs_quickimpl_qml_+Imagine["+Imagine"]\n    node_venv_lib_python3_12_site-packages_PyQt6_Qt6_qml_QtQuick_Dialogs_quickimpl_qml_+Imagine --> node_venv_lib_python3_12_site-packages_PyQt6_Qt6_qml_QtQuick_Dialogs_quickimpl_qml_+Imagine_FileDialogDelegate_qml["FileDialogDelegate.qml"]\n    Root --> node_venv["venv"]\n    node_venv --> node_venv_lib["lib"]\n    node_venv_lib --> node_venv_lib_python3_12["python3.12"]\n    node_venv_lib_python3_12 --> node_venv_lib_python3_12_site-packages["site-packages"]\n    node_venv_lib_python3_12_site-packages --> node_venv_lib_python3_12_site-packages_PyQt6["PyQt6"]\n    node_venv_lib_python3_12_site-packages_PyQt6 --> node_venv_lib_python3_12_site-packages_PyQt6_Qt6["Qt6"]\n    node_venv_lib_python3_12_site-packages_PyQt6_Qt6 --> node_venv_lib_python3_12_site-packages_PyQt6_Qt6_qml["qml"]\n    node_venv_lib_python3_12_site-packages_PyQt6_Qt6_qml --> node_venv_lib_python3_12_site-packages_PyQt6_Qt6_qml_QtQuick["QtQuick"]\n    node_venv_lib_python3_12_site-packages_PyQt6_Qt6_qml_QtQuick --> node_venv_lib_python3_12_site-packages_PyQt6_Qt6_qml_QtQuick_Dialogs["Dialogs"]\n    node_venv_lib_python3_12_site-packages_PyQt6_Qt6_qml_QtQuick_Dialogs --> node_venv_lib_python3_12_site-packages_PyQt6_Qt6_qml_QtQuick_Dialogs_quickimpl["quickimpl"]\n    node_venv_lib_python3_12_site-packages_PyQt6_Qt6_qml_QtQuick_Dialogs_quickimpl --> node_venv_lib_python3_12_site-packages_PyQt6_Qt6_qml_QtQuick_Dialogs_quickimpl_qml["qml"]\n    node_venv_lib_python3_12_site-packages_PyQt6_Qt6_qml_QtQuick_Dialogs_quickimpl_qml --> node_venv_lib_python3_12_site-packages_PyQt6_Qt6_qml_QtQuick_Dialogs_quickimpl_qml_+Imagine["+Imagine"]\n    node_venv_lib_python3_12_site-packages_PyQt6_Qt6_qml_QtQuick_Dialogs_quickimpl_qml_+Imagine --> node_venv_lib_python3_12_site-packages_PyQt6_Qt6_qml_QtQuick_Dialogs_quickimpl_qml_+Imagine_FolderBreadcrumbBar_qml["FolderBreadcrumbBar.qml"]\n    Root --> node_venv["venv"]\n    node_venv --> node_venv_lib["lib"]\n    node_venv_lib --> node_venv_lib_python3_12["python3.12"]\n    node_venv_lib_python3_12 --> node_venv_lib_python3_12_site-packages["site-packages"]\n    node_venv_lib_python3_12_site-packages --> node_venv_lib_python3_12_site-packages_PyQt6["PyQt6"]\n    node_venv_lib_python3_12_site-packages_PyQt6 --> node_venv_lib_python3_12_site-packages_PyQt6_Qt6["Qt6"]\n    node_venv_lib_python3_12_site-packages_PyQt6_Qt6 --> node_venv_lib_python3_12_site-packages_PyQt6_Qt6_qml["qml"]\n    node_venv_lib_python3_12_site-packages_PyQt6_Qt6_qml --> node_venv_lib_python3_12_site-packages_PyQt6_Qt6_qml_QtQuick["QtQuick"]\n    node_venv_lib_python3_12_site-packages_PyQt6_Qt6_qml_QtQuick --> node_venv_lib_python3_12_site-packages_PyQt6_Qt6_qml_QtQuick_Dialogs["Dialogs"]\n    node_venv_lib_python3_12_site-packages_PyQt6_Qt6_qml_QtQuick_Dialogs --> node_venv_lib_python3_12_site-packages_PyQt6_Qt6_qml_QtQuick_Dialogs_quickimpl["quickimpl"]\n    node_venv_lib_python3_12_site-packages_PyQt6_Qt6_qml_QtQuick_Dialogs_quickimpl --> node_venv_lib_python3_12_site-packages_PyQt6_Qt6_qml_QtQuick_Dialogs_quickimpl_qml["qml"]\n    node_venv_lib_python3_12_site-packages_PyQt6_Qt6_qml_QtQuick_Dialogs_quickimpl_qml --> node_venv_lib_python3_12_site-packages_PyQt6_Qt6_qml_QtQuick_Dialogs_quickimpl_qml_+Imagine["+Imagine"]\n    node_venv_lib_python3_12_site-packages_PyQt6_Qt6_qml_QtQuick_Dialogs_quickimpl_qml_+Imagine --> node_venv_lib_python3_12_site-packages_PyQt6_Qt6_qml_QtQuick_Dialogs_quickimpl_qml_+Imagine_FolderDialog_qml["FolderDialog.qml"]\n    Root --> node_venv["venv"]\n    node_venv --> node_venv_lib["lib"]\n    node_venv_lib --> node_venv_lib_python3_12["python3.12"]\n    node_venv_lib_python3_12 --> node_venv_lib_python3_12_site-packages["site-packages"]\n    node_venv_lib_python3_12_site-packages --> node_venv_lib_python3_12_site-packages_PyQt6["PyQt6"]\n    node_venv_lib_python3_12_site-packages_PyQt6 --> node_venv_lib_python3_12_site-packages_PyQt6_Qt6["Qt6"]\n    node_venv_lib_python3_12_site-packages_PyQt6_Qt6 --> node_venv_lib_python3_12_site-packages_PyQt6_Qt6_qml["qml"]\n    node_venv_lib_python3_12_site-packages_PyQt6_Qt6_qml --> node_venv_lib_python3_12_site-packages_PyQt6_Qt6_qml_QtQuick["QtQuick"]\n    node_venv_lib_python3_12_site-packages_PyQt6_Qt6_qml_QtQuick --> node_venv_lib_python3_12_site-packages_PyQt6_Qt6_qml_QtQuick_Dialogs["Dialogs"]\n    node_venv_lib_python3_12_site-packages_PyQt6_Qt6_qml_QtQuick_Dialogs --> node_venv_lib_python3_12_site-packages_PyQt6_Qt6_qml_QtQuick_Dialogs_quickimpl["quickimpl"]\n    node_venv_lib_python3_12_site-packages_PyQt6_Qt6_qml_QtQuick_Dialogs_quickimpl --> node_venv_lib_python3_12_site-packages_PyQt6_Qt6_qml_QtQuick_Dialogs_quickimpl_qml["qml"]\n    node_venv_lib_python3_12_site-packages_PyQt6_Qt6_qml_QtQuick_Dialogs_quickimpl_qml --> node_venv_lib_python3_12_site-packages_PyQt6_Qt6_qml_QtQuick_Dialogs_quickimpl_qml_+Imagine["+Imagine"]\n    node_venv_lib_python3_12_site-packages_PyQt6_Qt6_qml_QtQuick_Dialogs_quickimpl_qml_+Imagine --> node_venv_lib_python3_12_site-packages_PyQt6_Qt6_qml_QtQuick_Dialogs_quickimpl_qml_+Imagine_FolderDialogDelegate_qml["FolderDialogDelegate.qml"]\n    Root --> node_venv["venv"]\n    node_venv --> node_venv_lib["lib"]\n    node_venv_lib --> node_venv_lib_python3_12["python3.12"]\n    node_venv_lib_python3_12 --> node_venv_lib_python3_12_site-packages["site-packages"]\n    node_venv_lib_python3_12_site-packages --> node_venv_lib_python3_12_site-packages_PyQt6["PyQt6"]\n    node_venv_lib_python3_12_site-packages_PyQt6 --> node_venv_lib_python3_12_site-packages_PyQt6_Qt6["Qt6"]\n    node_venv_lib_python3_12_site-packages_PyQt6_Qt6 --> node_venv_lib_python3_12_site-packages_PyQt6_Qt6_qml["qml"]\n    node_venv_lib_python3_12_site-packages_PyQt6_Qt6_qml --> node_venv_lib_python3_12_site-packages_PyQt6_Qt6_qml_QtQuick["QtQuick"]\n    node_venv_lib_python3_12_site-packages_PyQt6_Qt6_qml_QtQuick --> node_venv_lib_python3_12_site-packages_PyQt6_Qt6_qml_QtQuick_Dialogs["Dialogs"]\n    node_venv_lib_python3_12_site-packages_PyQt6_Qt6_qml_QtQuick_Dialogs --> node_venv_lib_python3_12_site-packages_PyQt6_Qt6_qml_QtQuick_Dialogs_quickimpl["quickimpl"]\n    node_venv_lib_python3_12_site-packages_PyQt6_Qt6_qml_QtQuick_Dialogs_quickimpl --> node_venv_lib_python3_12_site-packages_PyQt6_Qt6_qml_QtQuick_Dialogs_quickimpl_qml["qml"]\n    node_venv_lib_python3_12_site-packages_PyQt6_Qt6_qml_QtQuick_Dialogs_quickimpl_qml --> node_venv_lib_python3_12_site-packages_PyQt6_Qt6_qml_QtQuick_Dialogs_quickimpl_qml_+Imagine["+Imagine"]\n    node_venv_lib_python3_12_site-packages_PyQt6_Qt6_qml_QtQuick_Dialogs_quickimpl_qml_+Imagine --> node_venv_lib_python3_12_site-packages_PyQt6_Qt6_qml_QtQuick_Dialogs_quickimpl_qml_+Imagine_FontDialog_qml["FontDialog.qml"]\n    Root --> node_venv["venv"]\n    node_venv --> node_venv_lib["lib"]\n    node_venv_lib --> node_venv_lib_python3_12["python3.12"]\n    node_venv_lib_python3_12 --> node_venv_lib_python3_12_site-packages["site-packages"]\n    node_venv_lib_python3_12_site-packages --> node_venv_lib_python3_12_site-packages_PyQt6["PyQt6"]\n    node_venv_lib_python3_12_site-packages_PyQt6 --> node_venv_lib_python3_12_site-packages_PyQt6_Qt6["Qt6"]\n    node_venv_lib_python3_12_site-packages_PyQt6_Qt6 --> node_venv_lib_python3_12_site-packages_PyQt6_Qt6_qml["qml"]\n    node_venv_lib_python3_12_site-packages_PyQt6_Qt6_qml --> node_venv_lib_python3_12_site-packages_PyQt6_Qt6_qml_QtQuick["QtQuick"]\n    node_venv_lib_python3_12_site-packages_PyQt6_Qt6_qml_QtQuick --> node_venv_lib_python3_12_site-packages_PyQt6_Qt6_qml_QtQuick_Dialogs["Dialogs"]\n    node_venv_lib_python3_12_site-packages_PyQt6_Qt6_qml_QtQuick_Dialogs --> node_venv_lib_python3_12_site-packages_PyQt6_Qt6_qml_QtQuick_Dialogs_quickimpl["quickimpl"]\n    node_venv_lib_python3_12_site-packages_PyQt6_Qt6_qml_QtQuick_Dialogs_quickimpl --> node_venv_lib_python3_12_site-packages_PyQt6_Qt6_qml_QtQuick_Dialogs_quickimpl_qml["qml"]\n    node_venv_lib_python3_12_site-packages_PyQt6_Qt6_qml_QtQuick_Dialogs_quickimpl_qml --> node_venv_lib_python3_12_site-packages_PyQt6_Qt6_qml_QtQuick_Dialogs_quickimpl_qml_+Imagine["+Imagine"]\n    node_venv_lib_python3_12_site-packages_PyQt6_Qt6_qml_QtQuick_Dialogs_quickimpl_qml_+Imagine --> node_venv_lib_python3_12_site-packages_PyQt6_Qt6_qml_QtQuick_Dialogs_quickimpl_qml_+Imagine_MessageDialog_qml["MessageDialog.qml"]\n    Root --> node_venv["venv"]\n    node_venv --> node_venv_lib["lib"]\n    node_venv_lib --> node_venv_lib_python3_12["python3.12"]\n    node_venv_lib_python3_12 --> node_venv_lib_python3_12_site-packages["site-packages"]\n    node_venv_lib_python3_12_site-packages --> node_venv_lib_python3_12_site-packages_PyQt6["PyQt6"]\n    node_venv_lib_python3_12_site-packages_PyQt6 --> node_venv_lib_python3_12_site-packages_PyQt6_Qt6["Qt6"]\n    node_venv_lib_python3_12_site-packages_PyQt6_Qt6 --> node_venv_lib_python3_12_site-packages_PyQt6_Qt6_qml["qml"]\n    node_venv_lib_python3_12_site-packages_PyQt6_Qt6_qml --> node_venv_lib_python3_12_site-packages_PyQt6_Qt6_qml_QtQuick["QtQuick"]\n    node_venv_lib_python3_12_site-packages_PyQt6_Qt6_qml_QtQuick --> node_venv_lib_python3_12_site-packages_PyQt6_Qt6_qml_QtQuick_Dialogs["Dialogs"]\n    node_venv_lib_python3_12_site-packages_PyQt6_Qt6_qml_QtQuick_Dialogs --> node_venv_lib_python3_12_site-packages_PyQt6_Qt6_qml_QtQuick_Dialogs_quickimpl["quickimpl"]\n    node_venv_lib_python3_12_site-packages_PyQt6_Qt6_qml_QtQuick_Dialogs_quickimpl --> node_venv_lib_python3_12_site-packages_PyQt6_Qt6_qml_QtQuick_Dialogs_quickimpl_qml["qml"]\n    node_venv_lib_python3_12_site-packages_PyQt6_Qt6_qml_QtQuick_Dialogs_quickimpl_qml --> node_venv_lib_python3_12_site-packages_PyQt6_Qt6_qml_QtQuick_Dialogs_quickimpl_qml_+Imagine["+Imagine"]\n    node_venv_lib_python3_12_site-packages_PyQt6_Qt6_qml_QtQuick_Dialogs_quickimpl_qml_+Imagine --> node_venv_lib_python3_12_site-packages_PyQt6_Qt6_qml_QtQuick_Dialogs_quickimpl_qml_+Imagine_SideBar_qml["SideBar.qml"]\n    Root --> node_venv["venv"]\n    node_venv --> node_venv_lib["lib"]\n    node_venv_lib --> node_venv_lib_python3_12["python3.12"]\n    node_venv_lib_python3_12 --> node_venv_lib_python3_12_site-packages["site-packages"]\n    node_venv_lib_python3_12_site-packages --> node_venv_lib_python3_12_site-packages_PyQt6["PyQt6"]\n    node_venv_lib_python3_12_site-packages_PyQt6 --> node_venv_lib_python3_12_site-packages_PyQt6_Qt6["Qt6"]\n    node_venv_lib_python3_12_site-packages_PyQt6_Qt6 --> node_venv_lib_python3_12_site-packages_PyQt6_Qt6_qml["qml"]\n    node_venv_lib_python3_12_site-packages_PyQt6_Qt6_qml --> node_venv_lib_python3_12_site-packages_PyQt6_Qt6_qml_QtQuick["QtQuick"]\n    node_venv_lib_python3_12_site-packages_PyQt6_Qt6_qml_QtQuick --> node_venv_lib_python3_12_site-packages_PyQt6_Qt6_qml_QtQuick_Dialogs["Dialogs"]\n    node_venv_lib_python3_12_site-packages_PyQt6_Qt6_qml_QtQuick_Dialogs --> node_venv_lib_python3_12_site-packages_PyQt6_Qt6_qml_QtQuick_Dialogs_quickimpl["quickimpl"]\n    node_venv_lib_python3_12_site-packages_PyQt6_Qt6_qml_QtQuick_Dialogs_quickimpl --> node_venv_lib_python3_12_site-packages_PyQt6_Qt6_qml_QtQuick_Dialogs_quickimpl_qml["qml"]\n    node_venv_lib_python3_12_site-packages_PyQt6_Qt6_qml_QtQuick_Dialogs_quickimpl_qml --> node_venv_lib_python3_12_site-packages_PyQt6_Qt6_qml_QtQuick_Dialogs_quickimpl_qml_+Fusion["+Fusion"]\n    node_venv_lib_python3_12_site-packages_PyQt6_Qt6_qml_QtQuick_Dialogs_quickimpl_qml_+Fusion --> node_venv_lib_python3_12_site-packages_PyQt6_Qt6_qml_QtQuick_Dialogs_quickimpl_qml_+Fusion_ColorDialog_qml["ColorDialog.qml"]\n    Root --> node_venv["venv"]\n    node_venv --> node_venv_lib["lib"]\n    node_venv_lib --> node_venv_lib_python3_12["python3.12"]\n    node_venv_lib_python3_12 --> node_venv_lib_python3_12_site-packages["site-packages"]\n    node_venv_lib_python3_12_site-packages --> node_venv_lib_python3_12_site-packages_PyQt6["PyQt6"]\n    node_venv_lib_python3_12_site-packages_PyQt6 --> node_venv_lib_python3_12_site-packages_PyQt6_Qt6["Qt6"]\n    node_venv_lib_python3_12_site-packages_PyQt6_Qt6 --> node_venv_lib_python3_12_site-packages_PyQt6_Qt6_qml["qml"]\n    node_venv_lib_python3_12_site-packages_PyQt6_Qt6_qml --> node_venv_lib_python3_12_site-packages_PyQt6_Qt6_qml_QtQuick["QtQuick"]\n    node_venv_lib_python3_12_site-packages_PyQt6_Qt6_qml_QtQuick --> node_venv_lib_python3_12_site-packages_PyQt6_Qt6_qml_QtQuick_Dialogs["Dialogs"]\n    node_venv_lib_python3_12_site-packages_PyQt6_Qt6_qml_QtQuick_Dialogs --> node_venv_lib_python3_12_site-packages_PyQt6_Qt6_qml_QtQuick_Dialogs_quickimpl["quickimpl"]\n    node_venv_lib_python3_12_site-packages_PyQt6_Qt6_qml_QtQuick_Dialogs_quickimpl --> node_venv_lib_python3_12_site-packages_PyQt6_Qt6_qml_QtQuick_Dialogs_quickimpl_qml["qml"]\n    node_venv_lib_python3_12_site-packages_PyQt6_Qt6_qml_QtQuick_Dialogs_quickimpl_qml --> node_venv_lib_python3_12_site-packages_PyQt6_Qt6_qml_QtQuick_Dialogs_quickimpl_qml_+Fusion["+Fusion"]\n    node_venv_lib_python3_12_site-packages_PyQt6_Qt6_qml_QtQuick_Dialogs_quickimpl_qml_+Fusion --> node_venv_lib_python3_12_site-packages_PyQt6_Qt6_qml_QtQuick_Dialogs_quickimpl_qml_+Fusion_ColorInputs_qml["ColorInputs.qml"]\n    Root --> node_venv["venv"]\n    node_venv --> node_venv_lib["lib"]\n    node_venv_lib --> node_venv_lib_python3_12["python3.12"]\n    node_venv_lib_python3_12 --> node_venv_lib_python3_12_site-packages["site-packages"]\n    node_venv_lib_python3_12_site-packages --> node_venv_lib_python3_12_site-packages_PyQt6["PyQt6"]\n    node_venv_lib_python3_12_site-packages_PyQt6 --> node_venv_lib_python3_12_site-packages_PyQt6_Qt6["Qt6"]\n    node_venv_lib_python3_12_site-packages_PyQt6_Qt6 --> node_venv_lib_python3_12_site-packages_PyQt6_Qt6_qml["qml"]\n    node_venv_lib_python3_12_site-packages_PyQt6_Qt6_qml --> node_venv_lib_python3_12_site-packages_PyQt6_Qt6_qml_QtQuick["QtQuick"]\n    node_venv_lib_python3_12_site-packages_PyQt6_Qt6_qml_QtQuick --> node_venv_lib_python3_12_site-packages_PyQt6_Qt6_qml_QtQuick_Dialogs["Dialogs"]\n    node_venv_lib_python3_12_site-packages_PyQt6_Qt6_qml_QtQuick_Dialogs --> node_venv_lib_python3_12_site-packages_PyQt6_Qt6_qml_QtQuick_Dialogs_quickimpl["quickimpl"]\n    node_venv_lib_python3_12_site-packages_PyQt6_Qt6_qml_QtQuick_Dialogs_quickimpl --> node_venv_lib_python3_12_site-packages_PyQt6_Qt6_qml_QtQuick_Dialogs_quickimpl_qml["qml"]\n    node_venv_lib_python3_12_site-packages_PyQt6_Qt6_qml_QtQuick_Dialogs_quickimpl_qml --> node_venv_lib_python3_12_site-packages_PyQt6_Qt6_qml_QtQuick_Dialogs_quickimpl_qml_+Fusion["+Fusion"]\n    node_venv_lib_python3_12_site-packages_PyQt6_Qt6_qml_QtQuick_Dialogs_quickimpl_qml_+Fusion --> node_venv_lib_python3_12_site-packages_PyQt6_Qt6_qml_QtQuick_Dialogs_quickimpl_qml_+Fusion_FileDialog_qml["FileDialog.qml"]\n    Root --> node_venv["venv"]\n    node_venv --> node_venv_lib["lib"]\n    node_venv_lib --> node_venv_lib_python3_12["python3.12"]\n    node_venv_lib_python3_12 --> node_venv_lib_python3_12_site-packages["site-packages"]\n    node_venv_lib_python3_12_site-packages --> node_venv_lib_python3_12_site-packages_PyQt6["PyQt6"]\n    node_venv_lib_python3_12_site-packages_PyQt6 --> node_venv_lib_python3_12_site-packages_PyQt6_Qt6["Qt6"]\n    node_venv_lib_python3_12_site-packages_PyQt6_Qt6 --> node_venv_lib_python3_12_site-packages_PyQt6_Qt6_qml["qml"]\n    node_venv_lib_python3_12_site-packages_PyQt6_Qt6_qml --> node_venv_lib_python3_12_site-packages_PyQt6_Qt6_qml_QtQuick["QtQuick"]\n    node_venv_lib_python3_12_site-packages_PyQt6_Qt6_qml_QtQuick --> node_venv_lib_python3_12_site-packages_PyQt6_Qt6_qml_QtQuick_Dialogs["Dialogs"]\n    node_venv_lib_python3_12_site-packages_PyQt6_Qt6_qml_QtQuick_Dialogs --> node_venv_lib_python3_12_site-packages_PyQt6_Qt6_qml_QtQuick_Dialogs_quickimpl["quickimpl"]\n    node_venv_lib_python3_12_site-packages_PyQt6_Qt6_qml_QtQuick_Dialogs_quickimpl --> node_venv_lib_python3_12_site-packages_PyQt6_Qt6_qml_QtQuick_Dialogs_quickimpl_qml["qml"]\n    node_venv_lib_python3_12_site-packages_PyQt6_Qt6_qml_QtQuick_Dialogs_quickimpl_qml --> node_venv_lib_python3_12_site-packages_PyQt6_Qt6_qml_QtQuick_Dialogs_quickimpl_qml_+Fusion["+Fusion"]\n    node_venv_lib_python3_12_site-packages_PyQt6_Qt6_qml_QtQuick_Dialogs_quickimpl_qml_+Fusion --> node_venv_lib_python3_12_site-packages_PyQt6_Qt6_qml_QtQuick_Dialogs_quickimpl_qml_+Fusion_FileDialogDelegate_qml["FileDialogDelegate.qml"]\n    Root --> node_venv["venv"]\n    node_venv --> node_venv_lib["lib"]\n    node_venv_lib --> node_venv_lib_python3_12["python3.12"]\n    node_venv_lib_python3_12 --> node_venv_lib_python3_12_site-packages["site-packages"]\n    node_venv_lib_python3_12_site-packages --> node_venv_lib_python3_12_site-packages_PyQt6["PyQt6"]\n    node_venv_lib_python3_12_site-packages_PyQt6 --> node_venv_lib_python3_12_site-packages_PyQt6_Qt6["Qt6"]\n    node_venv_lib_python3_12_site-packages_PyQt6_Qt6 --> node_venv_lib_python3_12_site-packages_PyQt6_Qt6_qml["qml"]\n    node_venv_lib_python3_12_site-packages_PyQt6_Qt6_qml --> node_venv_lib_python3_12_site-packages_PyQt6_Qt6_qml_QtQuick["QtQuick"]\n    node_venv_lib_python3_12_site-packages_PyQt6_Qt6_qml_QtQuick --> node_venv_lib_python3_12_site-packages_PyQt6_Qt6_qml_QtQuick_Dialogs["Dialogs"]\n    node_venv_lib_python3_12_site-packages_PyQt6_Qt6_qml_QtQuick_Dialogs --> node_venv_lib_python3_12_site-packages_PyQt6_Qt6_qml_QtQuick_Dialogs_quickimpl["quickimpl"]\n    node_venv_lib_python3_12_site-packages_PyQt6_Qt6_qml_QtQuick_Dialogs_quickimpl --> node_venv_lib_python3_12_site-packages_PyQt6_Qt6_qml_QtQuick_Dialogs_quickimpl_qml["qml"]\n    node_venv_lib_python3_12_site-packages_PyQt6_Qt6_qml_QtQuick_Dialogs_quickimpl_qml --> node_venv_lib_python3_12_site-packages_PyQt6_Qt6_qml_QtQuick_Dialogs_quickimpl_qml_+Fusion["+Fusion"]\n    node_venv_lib_python3_12_site-packages_PyQt6_Qt6_qml_QtQuick_Dialogs_quickimpl_qml_+Fusion --> node_venv_lib_python3_12_site-packages_PyQt6_Qt6_qml_QtQuick_Dialogs_quickimpl_qml_+Fusion_FolderBreadcrumbBar_qml["FolderBreadcrumbBar.qml"]\n    Root --> node_venv["venv"]\n    node_venv --> node_venv_lib["lib"]\n    node_venv_lib --> node_venv_lib_python3_12["python3.12"]\n    node_venv_lib_python3_12 --> node_venv_lib_python3_12_site-packages["site-packages"]\n    node_venv_lib_python3_12_site-packages --> node_venv_lib_python3_12_site-packages_PyQt6["PyQt6"]\n    node_venv_lib_python3_12_site-packages_PyQt6 --> node_venv_lib_python3_12_site-packages_PyQt6_Qt6["Qt6"]\n    node_venv_lib_python3_12_site-packages_PyQt6_Qt6 --> node_venv_lib_python3_12_site-packages_PyQt6_Qt6_qml["qml"]\n    node_venv_lib_python3_12_site-packages_PyQt6_Qt6_qml --> node_venv_lib_python3_12_site-packages_PyQt6_Qt6_qml_QtQuick["QtQuick"]\n    node_venv_lib_python3_12_site-packages_PyQt6_Qt6_qml_QtQuick --> node_venv_lib_python3_12_site-packages_PyQt6_Qt6_qml_QtQuick_Dialogs["Dialogs"]\n    node_venv_lib_python3_12_site-packages_PyQt6_Qt6_qml_QtQuick_Dialogs --> node_venv_lib_python3_12_site-packages_PyQt6_Qt6_qml_QtQuick_Dialogs_quickimpl["quickimpl"]\n    node_venv_lib_python3_12_site-packages_PyQt6_Qt6_qml_QtQuick_Dialogs_quickimpl --> node_venv_lib_python3_12_site-packages_PyQt6_Qt6_qml_QtQuick_Dialogs_quickimpl_qml["qml"]\n    node_venv_lib_python3_12_site-packages_PyQt6_Qt6_qml_QtQuick_Dialogs_quickimpl_qml --> node_venv_lib_python3_12_site-packages_PyQt6_Qt6_qml_QtQuick_Dialogs_quickimpl_qml_+Fusion["+Fusion"]\n    node_venv_lib_python3_12_site-packages_PyQt6_Qt6_qml_QtQuick_Dialogs_quickimpl_qml_+Fusion --> node_venv_lib_python3_12_site-packages_PyQt6_Qt6_qml_QtQuick_Dialogs_quickimpl_qml_+Fusion_FolderDialog_qml["FolderDialog.qml"]\n    Root --> node_venv["venv"]\n    node_venv --> node_venv_lib["lib"]\n    node_venv_lib --> node_venv_lib_python3_12["python3.12"]\n    node_venv_lib_python3_12 --> node_venv_lib_python3_12_site-packages["site-packages"]\n    node_venv_lib_python3_12_site-packages --> node_venv_lib_python3_12_site-packages_PyQt6["PyQt6"]\n    node_venv_lib_python3_12_site-packages_PyQt6 --> node_venv_lib_python3_12_site-packages_PyQt6_Qt6["Qt6"]\n    node_venv_lib_python3_12_site-packages_PyQt6_Qt6 --> node_venv_lib_python3_12_site-packages_PyQt6_Qt6_qml["qml"]\n    node_venv_lib_python3_12_site-packages_PyQt6_Qt6_qml --> node_venv_lib_python3_12_site-packages_PyQt6_Qt6_qml_QtQuick["QtQuick"]\n    node_venv_lib_python3_12_site-packages_PyQt6_Qt6_qml_QtQuick --> node_venv_lib_python3_12_site-packages_PyQt6_Qt6_qml_QtQuick_Dialogs["Dialogs"]\n    node_venv_lib_python3_12_site-packages_PyQt6_Qt6_qml_QtQuick_Dialogs --> node_venv_lib_python3_12_site-packages_PyQt6_Qt6_qml_QtQuick_Dialogs_quickimpl["quickimpl"]\n    node_venv_lib_python3_12_site-packages_PyQt6_Qt6_qml_QtQuick_Dialogs_quickimpl --> node_venv_lib_python3_12_site-packages_PyQt6_Qt6_qml_QtQuick_Dialogs_quickimpl_qml["qml"]\n    node_venv_lib_python3_12_site-packages_PyQt6_Qt6_qml_QtQuick_Dialogs_quickimpl_qml --> node_venv_lib_python3_12_site-packages_PyQt6_Qt6_qml_QtQuick_Dialogs_quickimpl_qml_+Fusion["+Fusion"]\n    node_venv_lib_python3_12_site-packages_PyQt6_Qt6_qml_QtQuick_Dialogs_quickimpl_qml_+Fusion --> node_venv_lib_python3_12_site-packages_PyQt6_Qt6_qml_QtQuick_Dialogs_quickimpl_qml_+Fusion_FolderDialogDelegate_qml["FolderDialogDelegate.qml"]\n    Root --> node_venv["venv"]\n    node_venv --> node_venv_lib["lib"]\n    node_venv_lib --> node_venv_lib_python3_12["python3.12"]\n    node_venv_lib_python3_12 --> node_venv_lib_python3_12_site-packages["site-packages"]\n    node_venv_lib_python3_12_site-packages --> node_venv_lib_python3_12_site-packages_PyQt6["PyQt6"]\n    node_venv_lib_python3_12_site-packages_PyQt6 --> node_venv_lib_python3_12_site-packages_PyQt6_Qt6["Qt6"]\n    node_venv_lib_python3_12_site-packages_PyQt6_Qt6 --> node_venv_lib_python3_12_site-packages_PyQt6_Qt6_qml["qml"]\n    node_venv_lib_python3_12_site-packages_PyQt6_Qt6_qml --> node_venv_lib_python3_12_site-packages_PyQt6_Qt6_qml_QtQuick["QtQuick"]\n    node_venv_lib_python3_12_site-packages_PyQt6_Qt6_qml_QtQuick --> node_venv_lib_python3_12_site-packages_PyQt6_Qt6_qml_QtQuick_Dialogs["Dialogs"]\n    node_venv_lib_python3_12_site-packages_PyQt6_Qt6_qml_QtQuick_Dialogs --> node_venv_lib_python3_12_site-packages_PyQt6_Qt6_qml_QtQuick_Dialogs_quickimpl["quickimpl"]\n    node_venv_lib_python3_12_site-packages_PyQt6_Qt6_qml_QtQuick_Dialogs_quickimpl --> node_venv_lib_python3_12_site-packages_PyQt6_Qt6_qml_QtQuick_Dialogs_quickimpl_qml["qml"]\n    node_venv_lib_python3_12_site-packages_PyQt6_Qt6_qml_QtQuick_Dialogs_quickimpl_qml --> node_venv_lib_python3_12_site-packages_PyQt6_Qt6_qml_QtQuick_Dialogs_quickimpl_qml_+Fusion["+Fusion"]\n    node_venv_lib_python3_12_site-packages_PyQt6_Qt6_qml_QtQuick_Dialogs_quickimpl_qml_+Fusion --> node_venv_lib_python3_12_site-packages_PyQt6_Qt6_qml_QtQuick_Dialogs_quickimpl_qml_+Fusion_FontDialog_qml["FontDialog.qml"]\n    Root --> node_venv["venv"]\n    node_venv --> node_venv_lib["lib"]\n    node_venv_lib --> node_venv_lib_python3_12["python3.12"]\n    node_venv_lib_python3_12 --> node_venv_lib_python3_12_site-packages["site-packages"]\n    node_venv_lib_python3_12_site-packages --> node_venv_lib_python3_12_site-packages_PyQt6["PyQt6"]\n    node_venv_lib_python3_12_site-packages_PyQt6 --> node_venv_lib_python3_12_site-packages_PyQt6_Qt6["Qt6"]\n    node_venv_lib_python3_12_site-packages_PyQt6_Qt6 --> node_venv_lib_python3_12_site-packages_PyQt6_Qt6_qml["qml"]\n    node_venv_lib_python3_12_site-packages_PyQt6_Qt6_qml --> node_venv_lib_python3_12_site-packages_PyQt6_Qt6_qml_QtQuick["QtQuick"]\n    node_venv_lib_python3_12_site-packages_PyQt6_Qt6_qml_QtQuick --> node_venv_lib_python3_12_site-packages_PyQt6_Qt6_qml_QtQuick_Dialogs["Dialogs"]\n    node_venv_lib_python3_12_site-packages_PyQt6_Qt6_qml_QtQuick_Dialogs --> node_venv_lib_python3_12_site-packages_PyQt6_Qt6_qml_QtQuick_Dialogs_quickimpl["quickimpl"]\n    node_venv_lib_python3_12_site-packages_PyQt6_Qt6_qml_QtQuick_Dialogs_quickimpl --> node_venv_lib_python3_12_site-packages_PyQt6_Qt6_qml_QtQuick_Dialogs_quickimpl_qml["qml"]\n    node_venv_lib_python3_12_site-packages_PyQt6_Qt6_qml_QtQuick_Dialogs_quickimpl_qml --> node_venv_lib_python3_12_site-packages_PyQt6_Qt6_qml_QtQuick_Dialogs_quickimpl_qml_+Fusion["+Fusion"]\n    node_venv_lib_python3_12_site-packages_PyQt6_Qt6_qml_QtQuick_Dialogs_quickimpl_qml_+Fusion --> node_venv_lib_python3_12_site-packages_PyQt6_Qt6_qml_QtQuick_Dialogs_quickimpl_qml_+Fusion_MessageDialog_qml["MessageDialog.qml"]\n    Root --> node_venv["venv"]\n    node_venv --> node_venv_lib["lib"]\n    node_venv_lib --> node_venv_lib_python3_12["python3.12"]\n    node_venv_lib_python3_12 --> node_venv_lib_python3_12_site-packages["site-packages"]\n    node_venv_lib_python3_12_site-packages --> node_venv_lib_python3_12_site-packages_PyQt6["PyQt6"]\n    node_venv_lib_python3_12_site-packages_PyQt6 --> node_venv_lib_python3_12_site-packages_PyQt6_Qt6["Qt6"]\n    node_venv_lib_python3_12_site-packages_PyQt6_Qt6 --> node_venv_lib_python3_12_site-packages_PyQt6_Qt6_qml["qml"]\n    node_venv_lib_python3_12_site-packages_PyQt6_Qt6_qml --> node_venv_lib_python3_12_site-packages_PyQt6_Qt6_qml_QtQuick["QtQuick"]\n    node_venv_lib_python3_12_site-packages_PyQt6_Qt6_qml_QtQuick --> node_venv_lib_python3_12_site-packages_PyQt6_Qt6_qml_QtQuick_Dialogs["Dialogs"]\n    node_venv_lib_python3_12_site-packages_PyQt6_Qt6_qml_QtQuick_Dialogs --> node_venv_lib_python3_12_site-packages_PyQt6_Qt6_qml_QtQuick_Dialogs_quickimpl["quickimpl"]\n    node_venv_lib_python3_12_site-packages_PyQt6_Qt6_qml_QtQuick_Dialogs_quickimpl --> node_venv_lib_python3_12_site-packages_PyQt6_Qt6_qml_QtQuick_Dialogs_quickimpl_qml["qml"]\n    node_venv_lib_python3_12_site-packages_PyQt6_Qt6_qml_QtQuick_Dialogs_quickimpl_qml --> node_venv_lib_python3_12_site-packages_PyQt6_Qt6_qml_QtQuick_Dialogs_quickimpl_qml_+Fusion["+Fusion"]\n    node_venv_lib_python3_12_site-packages_PyQt6_Qt6_qml_QtQuick_Dialogs_quickimpl_qml_+Fusion --> node_venv_lib_python3_12_site-packages_PyQt6_Qt6_qml_QtQuick_Dialogs_quickimpl_qml_+Fusion_SideBar_qml["SideBar.qml"]\n    Root --> node_venv["venv"]\n    node_venv --> node_venv_lib["lib"]\n    node_venv_lib --> node_venv_lib_python3_12["python3.12"]\n    node_venv_lib_python3_12 --> node_venv_lib_python3_12_site-packages["site-packages"]\n    node_venv_lib_python3_12_site-packages --> node_venv_lib_python3_12_site-packages_PyQt6["PyQt6"]\n    node_venv_lib_python3_12_site-packages_PyQt6 --> node_venv_lib_python3_12_site-packages_PyQt6_Qt6["Qt6"]\n    node_venv_lib_python3_12_site-packages_PyQt6_Qt6 --> node_venv_lib_python3_12_site-packages_PyQt6_Qt6_qml["qml"]\n    node_venv_lib_python3_12_site-packages_PyQt6_Qt6_qml --> node_venv_lib_python3_12_site-packages_PyQt6_Qt6_qml_QtQuick["QtQuick"]\n    node_venv_lib_python3_12_site-packages_PyQt6_Qt6_qml_QtQuick --> node_venv_lib_python3_12_site-packages_PyQt6_Qt6_qml_QtQuick_Dialogs["Dialogs"]\n    node_venv_lib_python3_12_site-packages_PyQt6_Qt6_qml_QtQuick_Dialogs --> node_venv_lib_python3_12_site-packages_PyQt6_Qt6_qml_QtQuick_Dialogs_quickimpl["quickimpl"]\n    node_venv_lib_python3_12_site-packages_PyQt6_Qt6_qml_QtQuick_Dialogs_quickimpl --> node_venv_lib_python3_12_site-packages_PyQt6_Qt6_qml_QtQuick_Dialogs_quickimpl_qml["qml"]\n    node_venv_lib_python3_12_site-packages_PyQt6_Qt6_qml_QtQuick_Dialogs_quickimpl_qml --> node_venv_lib_python3_12_site-packages_PyQt6_Qt6_qml_QtQuick_Dialogs_quickimpl_qml_+Universal["+Universal"]\n    node_venv_lib_python3_12_site-packages_PyQt6_Qt6_qml_QtQuick_Dialogs_quickimpl_qml_+Universal --> node_venv_lib_python3_12_site-packages_PyQt6_Qt6_qml_QtQuick_Dialogs_quickimpl_qml_+Universal_ColorDialog_qml["ColorDialog.qml"]\n    Root --> node_venv["venv"]\n    node_venv --> node_venv_lib["lib"]\n    node_venv_lib --> node_venv_lib_python3_12["python3.12"]\n    node_venv_lib_python3_12 --> node_venv_lib_python3_12_site-packages["site-packages"]\n    node_venv_lib_python3_12_site-packages --> node_venv_lib_python3_12_site-packages_PyQt6["PyQt6"]\n    node_venv_lib_python3_12_site-packages_PyQt6 --> node_venv_lib_python3_12_site-packages_PyQt6_Qt6["Qt6"]\n    node_venv_lib_python3_12_site-packages_PyQt6_Qt6 --> node_venv_lib_python3_12_site-packages_PyQt6_Qt6_qml["qml"]\n    node_venv_lib_python3_12_site-packages_PyQt6_Qt6_qml --> node_venv_lib_python3_12_site-packages_PyQt6_Qt6_qml_QtQuick["QtQuick"]\n    node_venv_lib_python3_12_site-packages_PyQt6_Qt6_qml_QtQuick --> node_venv_lib_python3_12_site-packages_PyQt6_Qt6_qml_QtQuick_Dialogs["Dialogs"]\n    node_venv_lib_python3_12_site-packages_PyQt6_Qt6_qml_QtQuick_Dialogs --> node_venv_lib_python3_12_site-packages_PyQt6_Qt6_qml_QtQuick_Dialogs_quickimpl["quickimpl"]\n    node_venv_lib_python3_12_site-packages_PyQt6_Qt6_qml_QtQuick_Dialogs_quickimpl --> node_venv_lib_python3_12_site-packages_PyQt6_Qt6_qml_QtQuick_Dialogs_quickimpl_qml["qml"]\n    node_venv_lib_python3_12_site-packages_PyQt6_Qt6_qml_QtQuick_Dialogs_quickimpl_qml --> node_venv_lib_python3_12_site-packages_PyQt6_Qt6_qml_QtQuick_Dialogs_quickimpl_qml_+Universal["+Universal"]\n    node_venv_lib_python3_12_site-packages_PyQt6_Qt6_qml_QtQuick_Dialogs_quickimpl_qml_+Universal --> node_venv_lib_python3_12_site-packages_PyQt6_Qt6_qml_QtQuick_Dialogs_quickimpl_qml_+Universal_ColorInputs_qml["ColorInputs.qml"]\n    Root --> node_venv["venv"]\n    node_venv --> node_venv_lib["lib"]\n    node_venv_lib --> node_venv_lib_python3_12["python3.12"]\n    node_venv_lib_python3_12 --> node_venv_lib_python3_12_site-packages["site-packages"]\n    node_venv_lib_python3_12_site-packages --> node_venv_lib_python3_12_site-packages_PyQt6["PyQt6"]\n    node_venv_lib_python3_12_site-packages_PyQt6 --> node_venv_lib_python3_12_site-packages_PyQt6_Qt6["Qt6"]\n    node_venv_lib_python3_12_site-packages_PyQt6_Qt6 --> node_venv_lib_python3_12_site-packages_PyQt6_Qt6_qml["qml"]\n    node_venv_lib_python3_12_site-packages_PyQt6_Qt6_qml --> node_venv_lib_python3_12_site-packages_PyQt6_Qt6_qml_QtQuick["QtQuick"]\n    node_venv_lib_python3_12_site-packages_PyQt6_Qt6_qml_QtQuick --> node_venv_lib_python3_12_site-packages_PyQt6_Qt6_qml_QtQuick_Dialogs["Dialogs"]\n    node_venv_lib_python3_12_site-packages_PyQt6_Qt6_qml_QtQuick_Dialogs --> node_venv_lib_python3_12_site-packages_PyQt6_Qt6_qml_QtQuick_Dialogs_quickimpl["quickimpl"]\n    node_venv_lib_python3_12_site-packages_PyQt6_Qt6_qml_QtQuick_Dialogs_quickimpl --> node_venv_lib_python3_12_site-packages_PyQt6_Qt6_qml_QtQuick_Dialogs_quickimpl_qml["qml"]\n    node_venv_lib_python3_12_site-packages_PyQt6_Qt6_qml_QtQuick_Dialogs_quickimpl_qml --> node_venv_lib_python3_12_site-packages_PyQt6_Qt6_qml_QtQuick_Dialogs_quickimpl_qml_+Universal["+Universal"]\n    node_venv_lib_python3_12_site-packages_PyQt6_Qt6_qml_QtQuick_Dialogs_quickimpl_qml_+Universal --> node_venv_lib_python3_12_site-packages_PyQt6_Qt6_qml_QtQuick_Dialogs_quickimpl_qml_+Universal_FileDialog_qml["FileDialog.qml"]\n    Root --> node_venv["venv"]\n    node_venv --> node_venv_lib["lib"]\n    node_venv_lib --> node_venv_lib_python3_12["python3.12"]\n    node_venv_lib_python3_12 --> node_venv_lib_python3_12_site-packages["site-packages"]\n    node_venv_lib_python3_12_site-packages --> node_venv_lib_python3_12_site-packages_PyQt6["PyQt6"]\n    node_venv_lib_python3_12_site-packages_PyQt6 --> node_venv_lib_python3_12_site-packages_PyQt6_Qt6["Qt6"]\n    node_venv_lib_python3_12_site-packages_PyQt6_Qt6 --> node_venv_lib_python3_12_site-packages_PyQt6_Qt6_qml["qml"]\n    node_venv_lib_python3_12_site-packages_PyQt6_Qt6_qml --> node_venv_lib_python3_12_site-packages_PyQt6_Qt6_qml_QtQuick["QtQuick"]\n    node_venv_lib_python3_12_site-packages_PyQt6_Qt6_qml_QtQuick --> node_venv_lib_python3_12_site-packages_PyQt6_Qt6_qml_QtQuick_Dialogs["Dialogs"]\n    node_venv_lib_python3_12_site-packages_PyQt6_Qt6_qml_QtQuick_Dialogs --> node_venv_lib_python3_12_site-packages_PyQt6_Qt6_qml_QtQuick_Dialogs_quickimpl["quickimpl"]\n    node_venv_lib_python3_12_site-packages_PyQt6_Qt6_qml_QtQuick_Dialogs_quickimpl --> node_venv_lib_python3_12_site-packages_PyQt6_Qt6_qml_QtQuick_Dialogs_quickimpl_qml["qml"]\n    node_venv_lib_python3_12_site-packages_PyQt6_Qt6_qml_QtQuick_Dialogs_quickimpl_qml --> node_venv_lib_python3_12_site-packages_PyQt6_Qt6_qml_QtQuick_Dialogs_quickimpl_qml_+Universal["+Universal"]\n    node_venv_lib_python3_12_site-packages_PyQt6_Qt6_qml_QtQuick_Dialogs_quickimpl_qml_+Universal --> node_venv_lib_python3_12_site-packages_PyQt6_Qt6_qml_QtQuick_Dialogs_quickimpl_qml_+Universal_FileDialogDelegate_qml["FileDialogDelegate.qml"]\n    Root --> node_venv["venv"]\n    node_venv --> node_venv_lib["lib"]\n    node_venv_lib --> node_venv_lib_python3_12["python3.12"]\n    node_venv_lib_python3_12 --> node_venv_lib_python3_12_site-packages["site-packages"]\n    node_venv_lib_python3_12_site-packages --> node_venv_lib_python3_12_site-packages_PyQt6["PyQt6"]\n    node_venv_lib_python3_12_site-packages_PyQt6 --> node_venv_lib_python3_12_site-packages_PyQt6_Qt6["Qt6"]\n    node_venv_lib_python3_12_site-packages_PyQt6_Qt6 --> node_venv_lib_python3_12_site-packages_PyQt6_Qt6_qml["qml"]\n    node_venv_lib_python3_12_site-packages_PyQt6_Qt6_qml --> node_venv_lib_python3_12_site-packages_PyQt6_Qt6_qml_QtQuick["QtQuick"]\n    node_venv_lib_python3_12_site-packages_PyQt6_Qt6_qml_QtQuick --> node_venv_lib_python3_12_site-packages_PyQt6_Qt6_qml_QtQuick_Dialogs["Dialogs"]\n    node_venv_lib_python3_12_site-packages_PyQt6_Qt6_qml_QtQuick_Dialogs --> node_venv_lib_python3_12_site-packages_PyQt6_Qt6_qml_QtQuick_Dialogs_quickimpl["quickimpl"]\n    node_venv_lib_python3_12_site-packages_PyQt6_Qt6_qml_QtQuick_Dialogs_quickimpl --> node_venv_lib_python3_12_site-packages_PyQt6_Qt6_qml_QtQuick_Dialogs_quickimpl_qml["qml"]\n    node_venv_lib_python3_12_site-packages_PyQt6_Qt6_qml_QtQuick_Dialogs_quickimpl_qml --> node_venv_lib_python3_12_site-packages_PyQt6_Qt6_qml_QtQuick_Dialogs_quickimpl_qml_+Universal["+Universal"]\n    node_venv_lib_python3_12_site-packages_PyQt6_Qt6_qml_QtQuick_Dialogs_quickimpl_qml_+Universal --> node_venv_lib_python3_12_site-packages_PyQt6_Qt6_qml_QtQuick_Dialogs_quickimpl_qml_+Universal_FolderBreadcrumbBar_qml["FolderBreadcrumbBar.qml"]\n    Root --> node_venv["venv"]\n    node_venv --> node_venv_lib["lib"]\n    node_venv_lib --> node_venv_lib_python3_12["python3.12"]\n    node_venv_lib_python3_12 --> node_venv_lib_python3_12_site-packages["site-packages"]\n    node_venv_lib_python3_12_site-packages --> node_venv_lib_python3_12_site-packages_PyQt6["PyQt6"]\n    node_venv_lib_python3_12_site-packages_PyQt6 --> node_venv_lib_python3_12_site-packages_PyQt6_Qt6["Qt6"]\n    node_venv_lib_python3_12_site-packages_PyQt6_Qt6 --> node_venv_lib_python3_12_site-packages_PyQt6_Qt6_qml["qml"]\n    node_venv_lib_python3_12_site-packages_PyQt6_Qt6_qml --> node_venv_lib_python3_12_site-packages_PyQt6_Qt6_qml_QtQuick["QtQuick"]\n    node_venv_lib_python3_12_site-packages_PyQt6_Qt6_qml_QtQuick --> node_venv_lib_python3_12_site-packages_PyQt6_Qt6_qml_QtQuick_Dialogs["Dialogs"]\n    node_venv_lib_python3_12_site-packages_PyQt6_Qt6_qml_QtQuick_Dialogs --> node_venv_lib_python3_12_site-packages_PyQt6_Qt6_qml_QtQuick_Dialogs_quickimpl["quickimpl"]\n    node_venv_lib_python3_12_site-packages_PyQt6_Qt6_qml_QtQuick_Dialogs_quickimpl --> node_venv_lib_python3_12_site-packages_PyQt6_Qt6_qml_QtQuick_Dialogs_quickimpl_qml["qml"]\n    node_venv_lib_python3_12_site-packages_PyQt6_Qt6_qml_QtQuick_Dialogs_quickimpl_qml --> node_venv_lib_python3_12_site-packages_PyQt6_Qt6_qml_QtQuick_Dialogs_quickimpl_qml_+Universal["+Universal"]\n    node_venv_lib_python3_12_site-packages_PyQt6_Qt6_qml_QtQuick_Dialogs_quickimpl_qml_+Universal --> node_venv_lib_python3_12_site-packages_PyQt6_Qt6_qml_QtQuick_Dialogs_quickimpl_qml_+Universal_FolderDialog_qml["FolderDialog.qml"]\n    Root --> node_venv["venv"]\n    node_venv --> node_venv_lib["lib"]\n    node_venv_lib --> node_venv_lib_python3_12["python3.12"]\n    node_venv_lib_python3_12 --> node_venv_lib_python3_12_site-packages["site-packages"]\n    node_venv_lib_python3_12_site-packages --> node_venv_lib_python3_12_site-packages_PyQt6["PyQt6"]\n    node_venv_lib_python3_12_site-packages_PyQt6 --> node_venv_lib_python3_12_site-packages_PyQt6_Qt6["Qt6"]\n    node_venv_lib_python3_12_site-packages_PyQt6_Qt6 --> node_venv_lib_python3_12_site-packages_PyQt6_Qt6_qml["qml"]\n    node_venv_lib_python3_12_site-packages_PyQt6_Qt6_qml --> node_venv_lib_python3_12_site-packages_PyQt6_Qt6_qml_QtQuick["QtQuick"]\n    node_venv_lib_python3_12_site-packages_PyQt6_Qt6_qml_QtQuick --> node_venv_lib_python3_12_site-packages_PyQt6_Qt6_qml_QtQuick_Dialogs["Dialogs"]\n    node_venv_lib_python3_12_site-packages_PyQt6_Qt6_qml_QtQuick_Dialogs --> node_venv_lib_python3_12_site-packages_PyQt6_Qt6_qml_QtQuick_Dialogs_quickimpl["quickimpl"]\n    node_venv_lib_python3_12_site-packages_PyQt6_Qt6_qml_QtQuick_Dialogs_quickimpl --> node_venv_lib_python3_12_site-packages_PyQt6_Qt6_qml_QtQuick_Dialogs_quickimpl_qml["qml"]\n    node_venv_lib_python3_12_site-packages_PyQt6_Qt6_qml_QtQuick_Dialogs_quickimpl_qml --> node_venv_lib_python3_12_site-packages_PyQt6_Qt6_qml_QtQuick_Dialogs_quickimpl_qml_+Universal["+Universal"]\n    node_venv_lib_python3_12_site-packages_PyQt6_Qt6_qml_QtQuick_Dialogs_quickimpl_qml_+Universal --> node_venv_lib_python3_12_site-packages_PyQt6_Qt6_qml_QtQuick_Dialogs_quickimpl_qml_+Universal_FolderDialogDelegate_qml["FolderDialogDelegate.qml"]\n    Root --> node_venv["venv"]\n    node_venv --> node_venv_lib["lib"]\n    node_venv_lib --> node_venv_lib_python3_12["python3.12"]\n    node_venv_lib_python3_12 --> node_venv_lib_python3_12_site-packages["site-packages"]\n    node_venv_lib_python3_12_site-packages --> node_venv_lib_python3_12_site-packages_PyQt6["PyQt6"]\n    node_venv_lib_python3_12_site-packages_PyQt6 --> node_venv_lib_python3_12_site-packages_PyQt6_Qt6["Qt6"]\n    node_venv_lib_python3_12_site-packages_PyQt6_Qt6 --> node_venv_lib_python3_12_site-packages_PyQt6_Qt6_qml["qml"]\n    node_venv_lib_python3_12_site-packages_PyQt6_Qt6_qml --> node_venv_lib_python3_12_site-packages_PyQt6_Qt6_qml_QtQuick["QtQuick"]\n    node_venv_lib_python3_12_site-packages_PyQt6_Qt6_qml_QtQuick --> node_venv_lib_python3_12_site-packages_PyQt6_Qt6_qml_QtQuick_Dialogs["Dialogs"]\n    node_venv_lib_python3_12_site-packages_PyQt6_Qt6_qml_QtQuick_Dialogs --> node_venv_lib_python3_12_site-packages_PyQt6_Qt6_qml_QtQuick_Dialogs_quickimpl["quickimpl"]\n    node_venv_lib_python3_12_site-packages_PyQt6_Qt6_qml_QtQuick_Dialogs_quickimpl --> node_venv_lib_python3_12_site-packages_PyQt6_Qt6_qml_QtQuick_Dialogs_quickimpl_qml["qml"]\n    node_venv_lib_python3_12_site-packages_PyQt6_Qt6_qml_QtQuick_Dialogs_quickimpl_qml --> node_venv_lib_python3_12_site-packages_PyQt6_Qt6_qml_QtQuick_Dialogs_quickimpl_qml_+Universal["+Universal"]\n    node_venv_lib_python3_12_site-packages_PyQt6_Qt6_qml_QtQuick_Dialogs_quickimpl_qml_+Universal --> node_venv_lib_python3_12_site-packages_PyQt6_Qt6_qml_QtQuick_Dialogs_quickimpl_qml_+Universal_FontDialog_qml["FontDialog.qml"]\n    Root --> node_venv["venv"]\n    node_venv --> node_venv_lib["lib"]\n    node_venv_lib --> node_venv_lib_python3_12["python3.12"]\n    node_venv_lib_python3_12 --> node_venv_lib_python3_12_site-packages["site-packages"]\n    node_venv_lib_python3_12_site-packages --> node_venv_lib_python3_12_site-packages_PyQt6["PyQt6"]\n    node_venv_lib_python3_12_site-packages_PyQt6 --> node_venv_lib_python3_12_site-packages_PyQt6_Qt6["Qt6"]\n    node_venv_lib_python3_12_site-packages_PyQt6_Qt6 --> node_venv_lib_python3_12_site-packages_PyQt6_Qt6_qml["qml"]\n    node_venv_lib_python3_12_site-packages_PyQt6_Qt6_qml --> node_venv_lib_python3_12_site-packages_PyQt6_Qt6_qml_QtQuick["QtQuick"]\n    node_venv_lib_python3_12_site-packages_PyQt6_Qt6_qml_QtQuick --> node_venv_lib_python3_12_site-packages_PyQt6_Qt6_qml_QtQuick_Dialogs["Dialogs"]\n    node_venv_lib_python3_12_site-packages_PyQt6_Qt6_qml_QtQuick_Dialogs --> node_venv_lib_python3_12_site-packages_PyQt6_Qt6_qml_QtQuick_Dialogs_quickimpl["quickimpl"]\n    node_venv_lib_python3_12_site-packages_PyQt6_Qt6_qml_QtQuick_Dialogs_quickimpl --> node_venv_lib_python3_12_site-packages_PyQt6_Qt6_qml_QtQuick_Dialogs_quickimpl_qml["qml"]\n    node_venv_lib_python3_12_site-packages_PyQt6_Qt6_qml_QtQuick_Dialogs_quickimpl_qml --> node_venv_lib_python3_12_site-packages_PyQt6_Qt6_qml_QtQuick_Dialogs_quickimpl_qml_+Universal["+Universal"]\n    node_venv_lib_python3_12_site-packages_PyQt6_Qt6_qml_QtQuick_Dialogs_quickimpl_qml_+Universal --> node_venv_lib_python3_12_site-packages_PyQt6_Qt6_qml_QtQuick_Dialogs_quickimpl_qml_+Universal_MessageDialog_qml["MessageDialog.qml"]\n    Root --> node_venv["venv"]\n    node_venv --> node_venv_lib["lib"]\n    node_venv_lib --> node_venv_lib_python3_12["python3.12"]\n    node_venv_lib_python3_12 --> node_venv_lib_python3_12_site-packages["site-packages"]\n    node_venv_lib_python3_12_site-packages --> node_venv_lib_python3_12_site-packages_PyQt6["PyQt6"]\n    node_venv_lib_python3_12_site-packages_PyQt6 --> node_venv_lib_python3_12_site-packages_PyQt6_Qt6["Qt6"]\n    node_venv_lib_python3_12_site-packages_PyQt6_Qt6 --> node_venv_lib_python3_12_site-packages_PyQt6_Qt6_qml["qml"]\n    node_venv_lib_python3_12_site-packages_PyQt6_Qt6_qml --> node_venv_lib_python3_12_site-packages_PyQt6_Qt6_qml_QtQuick["QtQuick"]\n    node_venv_lib_python3_12_site-packages_PyQt6_Qt6_qml_QtQuick --> node_venv_lib_python3_12_site-packages_PyQt6_Qt6_qml_QtQuick_Dialogs["Dialogs"]\n    node_venv_lib_python3_12_site-packages_PyQt6_Qt6_qml_QtQuick_Dialogs --> node_venv_lib_python3_12_site-packages_PyQt6_Qt6_qml_QtQuick_Dialogs_quickimpl["quickimpl"]\n    node_venv_lib_python3_12_site-packages_PyQt6_Qt6_qml_QtQuick_Dialogs_quickimpl --> node_venv_lib_python3_12_site-packages_PyQt6_Qt6_qml_QtQuick_Dialogs_quickimpl_qml["qml"]\n    node_venv_lib_python3_12_site-packages_PyQt6_Qt6_qml_QtQuick_Dialogs_quickimpl_qml --> node_venv_lib_python3_12_site-packages_PyQt6_Qt6_qml_QtQuick_Dialogs_quickimpl_qml_+Universal["+Universal"]\n    node_venv_lib_python3_12_site-packages_PyQt6_Qt6_qml_QtQuick_Dialogs_quickimpl_qml_+Universal --> node_venv_lib_python3_12_site-packages_PyQt6_Qt6_qml_QtQuick_Dialogs_quickimpl_qml_+Universal_SideBar_qml["SideBar.qml"]\n    Root --> node_venv["venv"]\n    node_venv --> node_venv_lib["lib"]\n    node_venv_lib --> node_venv_lib_python3_12["python3.12"]\n    node_venv_lib_python3_12 --> node_venv_lib_python3_12_site-packages["site-packages"]\n    node_venv_lib_python3_12_site-packages --> node_venv_lib_python3_12_site-packages_PyQt6["PyQt6"]\n    node_venv_lib_python3_12_site-packages_PyQt6 --> node_venv_lib_python3_12_site-packages_PyQt6_Qt6["Qt6"]\n    node_venv_lib_python3_12_site-packages_PyQt6_Qt6 --> node_venv_lib_python3_12_site-packages_PyQt6_Qt6_qml["qml"]\n    node_venv_lib_python3_12_site-packages_PyQt6_Qt6_qml --> node_venv_lib_python3_12_site-packages_PyQt6_Qt6_qml_QtQuick["QtQuick"]\n    node_venv_lib_python3_12_site-packages_PyQt6_Qt6_qml_QtQuick --> node_venv_lib_python3_12_site-packages_PyQt6_Qt6_qml_QtQuick_Dialogs["Dialogs"]\n    node_venv_lib_python3_12_site-packages_PyQt6_Qt6_qml_QtQuick_Dialogs --> node_venv_lib_python3_12_site-packages_PyQt6_Qt6_qml_QtQuick_Dialogs_quickimpl["quickimpl"]\n    node_venv_lib_python3_12_site-packages_PyQt6_Qt6_qml_QtQuick_Dialogs_quickimpl --> node_venv_lib_python3_12_site-packages_PyQt6_Qt6_qml_QtQuick_Dialogs_quickimpl_qml["qml"]\n    node_venv_lib_python3_12_site-packages_PyQt6_Qt6_qml_QtQuick_Dialogs_quickimpl_qml --> node_venv_lib_python3_12_site-packages_PyQt6_Qt6_qml_QtQuick_Dialogs_quickimpl_qml_+Material["+Material"]\n    node_venv_lib_python3_12_site-packages_PyQt6_Qt6_qml_QtQuick_Dialogs_quickimpl_qml_+Material --> node_venv_lib_python3_12_site-packages_PyQt6_Qt6_qml_QtQuick_Dialogs_quickimpl_qml_+Material_ColorDialog_qml["ColorDialog.qml"]\n    Root --> node_venv["venv"]\n    node_venv --> node_venv_lib["lib"]\n    node_venv_lib --> node_venv_lib_python3_12["python3.12"]\n    node_venv_lib_python3_12 --> node_venv_lib_python3_12_site-packages["site-packages"]\n    node_venv_lib_python3_12_site-packages --> node_venv_lib_python3_12_site-packages_PyQt6["PyQt6"]\n    node_venv_lib_python3_12_site-packages_PyQt6 --> node_venv_lib_python3_12_site-packages_PyQt6_Qt6["Qt6"]\n    node_venv_lib_python3_12_site-packages_PyQt6_Qt6 --> node_venv_lib_python3_12_site-packages_PyQt6_Qt6_qml["qml"]\n    node_venv_lib_python3_12_site-packages_PyQt6_Qt6_qml --> node_venv_lib_python3_12_site-packages_PyQt6_Qt6_qml_QtQuick["QtQuick"]\n    node_venv_lib_python3_12_site-packages_PyQt6_Qt6_qml_QtQuick --> node_venv_lib_python3_12_site-packages_PyQt6_Qt6_qml_QtQuick_Dialogs["Dialogs"]\n    node_venv_lib_python3_12_site-packages_PyQt6_Qt6_qml_QtQuick_Dialogs --> node_venv_lib_python3_12_site-packages_PyQt6_Qt6_qml_QtQuick_Dialogs_quickimpl["quickimpl"]\n    node_venv_lib_python3_12_site-packages_PyQt6_Qt6_qml_QtQuick_Dialogs_quickimpl --> node_venv_lib_python3_12_site-packages_PyQt6_Qt6_qml_QtQuick_Dialogs_quickimpl_qml["qml"]\n    node_venv_lib_python3_12_site-packages_PyQt6_Qt6_qml_QtQuick_Dialogs_quickimpl_qml --> node_venv_lib_python3_12_site-packages_PyQt6_Qt6_qml_QtQuick_Dialogs_quickimpl_qml_+Material["+Material"]\n    node_venv_lib_python3_12_site-packages_PyQt6_Qt6_qml_QtQuick_Dialogs_quickimpl_qml_+Material --> node_venv_lib_python3_12_site-packages_PyQt6_Qt6_qml_QtQuick_Dialogs_quickimpl_qml_+Material_ColorInputs_qml["ColorInputs.qml"]\n    Root --> node_venv["venv"]\n    node_venv --> node_venv_lib["lib"]\n    node_venv_lib --> node_venv_lib_python3_12["python3.12"]\n    node_venv_lib_python3_12 --> node_venv_lib_python3_12_site-packages["site-packages"]\n    node_venv_lib_python3_12_site-packages --> node_venv_lib_python3_12_site-packages_PyQt6["PyQt6"]\n    node_venv_lib_python3_12_site-packages_PyQt6 --> node_venv_lib_python3_12_site-packages_PyQt6_Qt6["Qt6"]\n    node_venv_lib_python3_12_site-packages_PyQt6_Qt6 --> node_venv_lib_python3_12_site-packages_PyQt6_Qt6_qml["qml"]\n    node_venv_lib_python3_12_site-packages_PyQt6_Qt6_qml --> node_venv_lib_python3_12_site-packages_PyQt6_Qt6_qml_QtQuick["QtQuick"]\n    node_venv_lib_python3_12_site-packages_PyQt6_Qt6_qml_QtQuick --> node_venv_lib_python3_12_site-packages_PyQt6_Qt6_qml_QtQuick_Dialogs["Dialogs"]\n    node_venv_lib_python3_12_site-packages_PyQt6_Qt6_qml_QtQuick_Dialogs --> node_venv_lib_python3_12_site-packages_PyQt6_Qt6_qml_QtQuick_Dialogs_quickimpl["quickimpl"]\n    node_venv_lib_python3_12_site-packages_PyQt6_Qt6_qml_QtQuick_Dialogs_quickimpl --> node_venv_lib_python3_12_site-packages_PyQt6_Qt6_qml_QtQuick_Dialogs_quickimpl_qml["qml"]\n    node_venv_lib_python3_12_site-packages_PyQt6_Qt6_qml_QtQuick_Dialogs_quickimpl_qml --> node_venv_lib_python3_12_site-packages_PyQt6_Qt6_qml_QtQuick_Dialogs_quickimpl_qml_+Material["+Material"]\n    node_venv_lib_python3_12_site-packages_PyQt6_Qt6_qml_QtQuick_Dialogs_quickimpl_qml_+Material --> node_venv_lib_python3_12_site-packages_PyQt6_Qt6_qml_QtQuick_Dialogs_quickimpl_qml_+Material_FileDialog_qml["FileDialog.qml"]\n    Root --> node_venv["venv"]\n    node_venv --> node_venv_lib["lib"]\n    node_venv_lib --> node_venv_lib_python3_12["python3.12"]\n    node_venv_lib_python3_12 --> node_venv_lib_python3_12_site-packages["site-packages"]\n    node_venv_lib_python3_12_site-packages --> node_venv_lib_python3_12_site-packages_PyQt6["PyQt6"]\n    node_venv_lib_python3_12_site-packages_PyQt6 --> node_venv_lib_python3_12_site-packages_PyQt6_Qt6["Qt6"]\n    node_venv_lib_python3_12_site-packages_PyQt6_Qt6 --> node_venv_lib_python3_12_site-packages_PyQt6_Qt6_qml["qml"]\n    node_venv_lib_python3_12_site-packages_PyQt6_Qt6_qml --> node_venv_lib_python3_12_site-packages_PyQt6_Qt6_qml_QtQuick["QtQuick"]\n    node_venv_lib_python3_12_site-packages_PyQt6_Qt6_qml_QtQuick --> node_venv_lib_python3_12_site-packages_PyQt6_Qt6_qml_QtQuick_Dialogs["Dialogs"]\n    node_venv_lib_python3_12_site-packages_PyQt6_Qt6_qml_QtQuick_Dialogs --> node_venv_lib_python3_12_site-packages_PyQt6_Qt6_qml_QtQuick_Dialogs_quickimpl["quickimpl"]\n    node_venv_lib_python3_12_site-packages_PyQt6_Qt6_qml_QtQuick_Dialogs_quickimpl --> node_venv_lib_python3_12_site-packages_PyQt6_Qt6_qml_QtQuick_Dialogs_quickimpl_qml["qml"]\n    node_venv_lib_python3_12_site-packages_PyQt6_Qt6_qml_QtQuick_Dialogs_quickimpl_qml --> node_venv_lib_python3_12_site-packages_PyQt6_Qt6_qml_QtQuick_Dialogs_quickimpl_qml_+Material["+Material"]\n    node_venv_lib_python3_12_site-packages_PyQt6_Qt6_qml_QtQuick_Dialogs_quickimpl_qml_+Material --> node_venv_lib_python3_12_site-packages_PyQt6_Qt6_qml_QtQuick_Dialogs_quickimpl_qml_+Material_FileDialogDelegate_qml["FileDialogDelegate.qml"]\n    Root --> node_venv["venv"]\n    node_venv --> node_venv_lib["lib"]\n    node_venv_lib --> node_venv_lib_python3_12["python3.12"]\n    node_venv_lib_python3_12 --> node_venv_lib_python3_12_site-packages["site-packages"]\n    node_venv_lib_python3_12_site-packages --> node_venv_lib_python3_12_site-packages_PyQt6["PyQt6"]\n    node_venv_lib_python3_12_site-packages_PyQt6 --> node_venv_lib_python3_12_site-packages_PyQt6_Qt6["Qt6"]\n    node_venv_lib_python3_12_site-packages_PyQt6_Qt6 --> node_venv_lib_python3_12_site-packages_PyQt6_Qt6_qml["qml"]\n    node_venv_lib_python3_12_site-packages_PyQt6_Qt6_qml --> node_venv_lib_python3_12_site-packages_PyQt6_Qt6_qml_QtQuick["QtQuick"]\n    node_venv_lib_python3_12_site-packages_PyQt6_Qt6_qml_QtQuick --> node_venv_lib_python3_12_site-packages_PyQt6_Qt6_qml_QtQuick_Dialogs["Dialogs"]\n    node_venv_lib_python3_12_site-packages_PyQt6_Qt6_qml_QtQuick_Dialogs --> node_venv_lib_python3_12_site-packages_PyQt6_Qt6_qml_QtQuick_Dialogs_quickimpl["quickimpl"]\n    node_venv_lib_python3_12_site-packages_PyQt6_Qt6_qml_QtQuick_Dialogs_quickimpl --> node_venv_lib_python3_12_site-packages_PyQt6_Qt6_qml_QtQuick_Dialogs_quickimpl_qml["qml"]\n    node_venv_lib_python3_12_site-packages_PyQt6_Qt6_qml_QtQuick_Dialogs_quickimpl_qml --> node_venv_lib_python3_12_site-packages_PyQt6_Qt6_qml_QtQuick_Dialogs_quickimpl_qml_+Material["+Material"]\n    node_venv_lib_python3_12_site-packages_PyQt6_Qt6_qml_QtQuick_Dialogs_quickimpl_qml_+Material --> node_venv_lib_python3_12_site-packages_PyQt6_Qt6_qml_QtQuick_Dialogs_quickimpl_qml_+Material_FolderBreadcrumbBar_qml["FolderBreadcrumbBar.qml"]\n    Root --> node_venv["venv"]\n    node_venv --> node_venv_lib["lib"]\n    node_venv_lib --> node_venv_lib_python3_12["python3.12"]\n    node_venv_lib_python3_12 --> node_venv_lib_python3_12_site-packages["site-packages"]\n    node_venv_lib_python3_12_site-packages --> node_venv_lib_python3_12_site-packages_PyQt6["PyQt6"]\n    node_venv_lib_python3_12_site-packages_PyQt6 --> node_venv_lib_python3_12_site-packages_PyQt6_Qt6["Qt6"]\n    node_venv_lib_python3_12_site-packages_PyQt6_Qt6 --> node_venv_lib_python3_12_site-packages_PyQt6_Qt6_qml["qml"]\n    node_venv_lib_python3_12_site-packages_PyQt6_Qt6_qml --> node_venv_lib_python3_12_site-packages_PyQt6_Qt6_qml_QtQuick["QtQuick"]\n    node_venv_lib_python3_12_site-packages_PyQt6_Qt6_qml_QtQuick --> node_venv_lib_python3_12_site-packages_PyQt6_Qt6_qml_QtQuick_Dialogs["Dialogs"]\n    node_venv_lib_python3_12_site-packages_PyQt6_Qt6_qml_QtQuick_Dialogs --> node_venv_lib_python3_12_site-packages_PyQt6_Qt6_qml_QtQuick_Dialogs_quickimpl["quickimpl"]\n    node_venv_lib_python3_12_site-packages_PyQt6_Qt6_qml_QtQuick_Dialogs_quickimpl --> node_venv_lib_python3_12_site-packages_PyQt6_Qt6_qml_QtQuick_Dialogs_quickimpl_qml["qml"]\n    node_venv_lib_python3_12_site-packages_PyQt6_Qt6_qml_QtQuick_Dialogs_quickimpl_qml --> node_venv_lib_python3_12_site-packages_PyQt6_Qt6_qml_QtQuick_Dialogs_quickimpl_qml_+Material["+Material"]\n    node_venv_lib_python3_12_site-packages_PyQt6_Qt6_qml_QtQuick_Dialogs_quickimpl_qml_+Material --> node_venv_lib_python3_12_site-packages_PyQt6_Qt6_qml_QtQuick_Dialogs_quickimpl_qml_+Material_FolderDialog_qml["FolderDialog.qml"]\n    Root --> node_venv["venv"]\n    node_venv --> node_venv_lib["lib"]\n    node_venv_lib --> node_venv_lib_python3_12["python3.12"]\n    node_venv_lib_python3_12 --> node_venv_lib_python3_12_site-packages["site-packages"]\n    node_venv_lib_python3_12_site-packages --> node_venv_lib_python3_12_site-packages_PyQt6["PyQt6"]\n    node_venv_lib_python3_12_site-packages_PyQt6 --> node_venv_lib_python3_12_site-packages_PyQt6_Qt6["Qt6"]\n    node_venv_lib_python3_12_site-packages_PyQt6_Qt6 --> node_venv_lib_python3_12_site-packages_PyQt6_Qt6_qml["qml"]\n    node_venv_lib_python3_12_site-packages_PyQt6_Qt6_qml --> node_venv_lib_python3_12_site-packages_PyQt6_Qt6_qml_QtQuick["QtQuick"]\n    node_venv_lib_python3_12_site-packages_PyQt6_Qt6_qml_QtQuick --> node_venv_lib_python3_12_site-packages_PyQt6_Qt6_qml_QtQuick_Dialogs["Dialogs"]\n    node_venv_lib_python3_12_site-packages_PyQt6_Qt6_qml_QtQuick_Dialogs --> node_venv_lib_python3_12_site-packages_PyQt6_Qt6_qml_QtQuick_Dialogs_quickimpl["quickimpl"]\n    node_venv_lib_python3_12_site-packages_PyQt6_Qt6_qml_QtQuick_Dialogs_quickimpl --> node_venv_lib_python3_12_site-packages_PyQt6_Qt6_qml_QtQuick_Dialogs_quickimpl_qml["qml"]\n    node_venv_lib_python3_12_site-packages_PyQt6_Qt6_qml_QtQuick_Dialogs_quickimpl_qml --> node_venv_lib_python3_12_site-packages_PyQt6_Qt6_qml_QtQuick_Dialogs_quickimpl_qml_+Material["+Material"]\n    node_venv_lib_python3_12_site-packages_PyQt6_Qt6_qml_QtQuick_Dialogs_quickimpl_qml_+Material --> node_venv_lib_python3_12_site-packages_PyQt6_Qt6_qml_QtQuick_Dialogs_quickimpl_qml_+Material_FolderDialogDelegate_qml["FolderDialogDelegate.qml"]\n    Root --> node_venv["venv"]\n    node_venv --> node_venv_lib["lib"]\n    node_venv_lib --> node_venv_lib_python3_12["python3.12"]\n    node_venv_lib_python3_12 --> node_venv_lib_python3_12_site-packages["site-packages"]\n    node_venv_lib_python3_12_site-packages --> node_venv_lib_python3_12_site-packages_PyQt6["PyQt6"]\n    node_venv_lib_python3_12_site-packages_PyQt6 --> node_venv_lib_python3_12_site-packages_PyQt6_Qt6["Qt6"]\n    node_venv_lib_python3_12_site-packages_PyQt6_Qt6 --> node_venv_lib_python3_12_site-packages_PyQt6_Qt6_qml["qml"]\n    node_venv_lib_python3_12_site-packages_PyQt6_Qt6_qml --> node_venv_lib_python3_12_site-packages_PyQt6_Qt6_qml_QtQuick["QtQuick"]\n    node_venv_lib_python3_12_site-packages_PyQt6_Qt6_qml_QtQuick --> node_venv_lib_python3_12_site-packages_PyQt6_Qt6_qml_QtQuick_Dialogs["Dialogs"]\n    node_venv_lib_python3_12_site-packages_PyQt6_Qt6_qml_QtQuick_Dialogs --> node_venv_lib_python3_12_site-packages_PyQt6_Qt6_qml_QtQuick_Dialogs_quickimpl["quickimpl"]\n    node_venv_lib_python3_12_site-packages_PyQt6_Qt6_qml_QtQuick_Dialogs_quickimpl --> node_venv_lib_python3_12_site-packages_PyQt6_Qt6_qml_QtQuick_Dialogs_quickimpl_qml["qml"]\n    node_venv_lib_python3_12_site-packages_PyQt6_Qt6_qml_QtQuick_Dialogs_quickimpl_qml --> node_venv_lib_python3_12_site-packages_PyQt6_Qt6_qml_QtQuick_Dialogs_quickimpl_qml_+Material["+Material"]\n    node_venv_lib_python3_12_site-packages_PyQt6_Qt6_qml_QtQuick_Dialogs_quickimpl_qml_+Material --> node_venv_lib_python3_12_site-packages_PyQt6_Qt6_qml_QtQuick_Dialogs_quickimpl_qml_+Material_FontDialog_qml["FontDialog.qml"]\n    Root --> node_venv["venv"]\n    node_venv --> node_venv_lib["lib"]\n    node_venv_lib --> node_venv_lib_python3_12["python3.12"]\n    node_venv_lib_python3_12 --> node_venv_lib_python3_12_site-packages["site-packages"]\n    node_venv_lib_python3_12_site-packages --> node_venv_lib_python3_12_site-packages_PyQt6["PyQt6"]\n    node_venv_lib_python3_12_site-packages_PyQt6 --> node_venv_lib_python3_12_site-packages_PyQt6_Qt6["Qt6"]\n    node_venv_lib_python3_12_site-packages_PyQt6_Qt6 --> node_venv_lib_python3_12_site-packages_PyQt6_Qt6_qml["qml"]\n    node_venv_lib_python3_12_site-packages_PyQt6_Qt6_qml --> node_venv_lib_python3_12_site-packages_PyQt6_Qt6_qml_QtQuick["QtQuick"]\n    node_venv_lib_python3_12_site-packages_PyQt6_Qt6_qml_QtQuick --> node_venv_lib_python3_12_site-packages_PyQt6_Qt6_qml_QtQuick_Dialogs["Dialogs"]\n    node_venv_lib_python3_12_site-packages_PyQt6_Qt6_qml_QtQuick_Dialogs --> node_venv_lib_python3_12_site-packages_PyQt6_Qt6_qml_QtQuick_Dialogs_quickimpl["quickimpl"]\n    node_venv_lib_python3_12_site-packages_PyQt6_Qt6_qml_QtQuick_Dialogs_quickimpl --> node_venv_lib_python3_12_site-packages_PyQt6_Qt6_qml_QtQuick_Dialogs_quickimpl_qml["qml"]\n    node_venv_lib_python3_12_site-packages_PyQt6_Qt6_qml_QtQuick_Dialogs_quickimpl_qml --> node_venv_lib_python3_12_site-packages_PyQt6_Qt6_qml_QtQuick_Dialogs_quickimpl_qml_+Material["+Material"]\n    node_venv_lib_python3_12_site-packages_PyQt6_Qt6_qml_QtQuick_Dialogs_quickimpl_qml_+Material --> node_venv_lib_python3_12_site-packages_PyQt6_Qt6_qml_QtQuick_Dialogs_quickimpl_qml_+Material_MessageDialog_qml["MessageDialog.qml"]\n    Root --> node_venv["venv"]\n    node_venv --> node_venv_lib["lib"]\n    node_venv_lib --> node_venv_lib_python3_12["python3.12"]\n    node_venv_lib_python3_12 --> node_venv_lib_python3_12_site-packages["site-packages"]\n    node_venv_lib_python3_12_site-packages --> node_venv_lib_python3_12_site-packages_PyQt6["PyQt6"]\n    node_venv_lib_python3_12_site-packages_PyQt6 --> node_venv_lib_python3_12_site-packages_PyQt6_Qt6["Qt6"]\n    node_venv_lib_python3_12_site-packages_PyQt6_Qt6 --> node_venv_lib_python3_12_site-packages_PyQt6_Qt6_qml["qml"]\n    node_venv_lib_python3_12_site-packages_PyQt6_Qt6_qml --> node_venv_lib_python3_12_site-packages_PyQt6_Qt6_qml_QtQuick["QtQuick"]\n    node_venv_lib_python3_12_site-packages_PyQt6_Qt6_qml_QtQuick --> node_venv_lib_python3_12_site-packages_PyQt6_Qt6_qml_QtQuick_Dialogs["Dialogs"]\n    node_venv_lib_python3_12_site-packages_PyQt6_Qt6_qml_QtQuick_Dialogs --> node_venv_lib_python3_12_site-packages_PyQt6_Qt6_qml_QtQuick_Dialogs_quickimpl["quickimpl"]\n    node_venv_lib_python3_12_site-packages_PyQt6_Qt6_qml_QtQuick_Dialogs_quickimpl --> node_venv_lib_python3_12_site-packages_PyQt6_Qt6_qml_QtQuick_Dialogs_quickimpl_qml["qml"]\n    node_venv_lib_python3_12_site-packages_PyQt6_Qt6_qml_QtQuick_Dialogs_quickimpl_qml --> node_venv_lib_python3_12_site-packages_PyQt6_Qt6_qml_QtQuick_Dialogs_quickimpl_qml_+Material["+Material"]\n    node_venv_lib_python3_12_site-packages_PyQt6_Qt6_qml_QtQuick_Dialogs_quickimpl_qml_+Material --> node_venv_lib_python3_12_site-packages_PyQt6_Qt6_qml_QtQuick_Dialogs_quickimpl_qml_+Material_SideBar_qml["SideBar.qml"]\n    Root --> node_venv["venv"]\n    node_venv --> node_venv_lib["lib"]\n    node_venv_lib --> node_venv_lib_python3_12["python3.12"]\n    node_venv_lib_python3_12 --> node_venv_lib_python3_12_site-packages["site-packages"]\n    node_venv_lib_python3_12_site-packages --> node_venv_lib_python3_12_site-packages_PyQt6["PyQt6"]\n    node_venv_lib_python3_12_site-packages_PyQt6 --> node_venv_lib_python3_12_site-packages_PyQt6_Qt6["Qt6"]\n    node_venv_lib_python3_12_site-packages_PyQt6_Qt6 --> node_venv_lib_python3_12_site-packages_PyQt6_Qt6_qml["qml"]\n    node_venv_lib_python3_12_site-packages_PyQt6_Qt6_qml --> node_venv_lib_python3_12_site-packages_PyQt6_Qt6_qml_QtQuick["QtQuick"]\n    node_venv_lib_python3_12_site-packages_PyQt6_Qt6_qml_QtQuick --> node_venv_lib_python3_12_site-packages_PyQt6_Qt6_qml_QtQuick_Scene3D["Scene3D"]\n    node_venv_lib_python3_12_site-packages_PyQt6_Qt6_qml_QtQuick_Scene3D --> node_venv_lib_python3_12_site-packages_PyQt6_Qt6_qml_QtQuick_Scene3D_libqtquickscene3dplugin_dylib["libqtquickscene3dplugin.dylib"]\n    Root --> node_venv["venv"]\n    node_venv --> node_venv_lib["lib"]\n    node_venv_lib --> node_venv_lib_python3_12["python3.12"]\n    node_venv_lib_python3_12 --> node_venv_lib_python3_12_site-packages["site-packages"]\n    node_venv_lib_python3_12_site-packages --> node_venv_lib_python3_12_site-packages_PyQt6["PyQt6"]\n    node_venv_lib_python3_12_site-packages_PyQt6 --> node_venv_lib_python3_12_site-packages_PyQt6_Qt6["Qt6"]\n    node_venv_lib_python3_12_site-packages_PyQt6_Qt6 --> node_venv_lib_python3_12_site-packages_PyQt6_Qt6_qml["qml"]\n    node_venv_lib_python3_12_site-packages_PyQt6_Qt6_qml --> node_venv_lib_python3_12_site-packages_PyQt6_Qt6_qml_QtQuick["QtQuick"]\n    node_venv_lib_python3_12_site-packages_PyQt6_Qt6_qml_QtQuick --> node_venv_lib_python3_12_site-packages_PyQt6_Qt6_qml_QtQuick_Scene3D["Scene3D"]\n    node_venv_lib_python3_12_site-packages_PyQt6_Qt6_qml_QtQuick_Scene3D --> node_venv_lib_python3_12_site-packages_PyQt6_Qt6_qml_QtQuick_Scene3D_plugins_qmltypes["plugins.qmltypes"]\n    Root --> node_venv["venv"]\n    node_venv --> node_venv_lib["lib"]\n    node_venv_lib --> node_venv_lib_python3_12["python3.12"]\n    node_venv_lib_python3_12 --> node_venv_lib_python3_12_site-packages["site-packages"]\n    node_venv_lib_python3_12_site-packages --> node_venv_lib_python3_12_site-packages_PyQt6["PyQt6"]\n    node_venv_lib_python3_12_site-packages_PyQt6 --> node_venv_lib_python3_12_site-packages_PyQt6_Qt6["Qt6"]\n    node_venv_lib_python3_12_site-packages_PyQt6_Qt6 --> node_venv_lib_python3_12_site-packages_PyQt6_Qt6_qml["qml"]\n    node_venv_lib_python3_12_site-packages_PyQt6_Qt6_qml --> node_venv_lib_python3_12_site-packages_PyQt6_Qt6_qml_QtQuick["QtQuick"]\n    node_venv_lib_python3_12_site-packages_PyQt6_Qt6_qml_QtQuick --> node_venv_lib_python3_12_site-packages_PyQt6_Qt6_qml_QtQuick_Scene3D["Scene3D"]\n    node_venv_lib_python3_12_site-packages_PyQt6_Qt6_qml_QtQuick_Scene3D --> node_venv_lib_python3_12_site-packages_PyQt6_Qt6_qml_QtQuick_Scene3D_qmldir["qmldir"]\n    Root --> node_venv["venv"]\n    node_venv --> node_venv_lib["lib"]\n    node_venv_lib --> node_venv_lib_python3_12["python3.12"]\n    node_venv_lib_python3_12 --> node_venv_lib_python3_12_site-packages["site-packages"]\n    node_venv_lib_python3_12_site-packages --> node_venv_lib_python3_12_site-packages_PyQt6["PyQt6"]\n    node_venv_lib_python3_12_site-packages_PyQt6 --> node_venv_lib_python3_12_site-packages_PyQt6_Qt6["Qt6"]\n    node_venv_lib_python3_12_site-packages_PyQt6_Qt6 --> node_venv_lib_python3_12_site-packages_PyQt6_Qt6_qml["qml"]\n    node_venv_lib_python3_12_site-packages_PyQt6_Qt6_qml --> node_venv_lib_python3_12_site-packages_PyQt6_Qt6_qml_QtQuick["QtQuick"]\n    node_venv_lib_python3_12_site-packages_PyQt6_Qt6_qml_QtQuick --> node_venv_lib_python3_12_site-packages_PyQt6_Qt6_qml_QtQuick_Effects["Effects"]\n    node_venv_lib_python3_12_site-packages_PyQt6_Qt6_qml_QtQuick_Effects --> node_venv_lib_python3_12_site-packages_PyQt6_Qt6_qml_QtQuick_Effects_libeffectsplugin_dylib["libeffectsplugin.dylib"]\n    Root --> node_venv["venv"]\n    node_venv --> node_venv_lib["lib"]\n    node_venv_lib --> node_venv_lib_python3_12["python3.12"]\n    node_venv_lib_python3_12 --> node_venv_lib_python3_12_site-packages["site-packages"]\n    node_venv_lib_python3_12_site-packages --> node_venv_lib_python3_12_site-packages_PyQt6["PyQt6"]\n    node_venv_lib_python3_12_site-packages_PyQt6 --> node_venv_lib_python3_12_site-packages_PyQt6_Qt6["Qt6"]\n    node_venv_lib_python3_12_site-packages_PyQt6_Qt6 --> node_venv_lib_python3_12_site-packages_PyQt6_Qt6_qml["qml"]\n    node_venv_lib_python3_12_site-packages_PyQt6_Qt6_qml --> node_venv_lib_python3_12_site-packages_PyQt6_Qt6_qml_QtQuick["QtQuick"]\n    node_venv_lib_python3_12_site-packages_PyQt6_Qt6_qml_QtQuick --> node_venv_lib_python3_12_site-packages_PyQt6_Qt6_qml_QtQuick_Effects["Effects"]\n    node_venv_lib_python3_12_site-packages_PyQt6_Qt6_qml_QtQuick_Effects --> node_venv_lib_python3_12_site-packages_PyQt6_Qt6_qml_QtQuick_Effects_plugins_qmltypes["plugins.qmltypes"]\n    Root --> node_venv["venv"]\n    node_venv --> node_venv_lib["lib"]\n    node_venv_lib --> node_venv_lib_python3_12["python3.12"]\n    node_venv_lib_python3_12 --> node_venv_lib_python3_12_site-packages["site-packages"]\n    node_venv_lib_python3_12_site-packages --> node_venv_lib_python3_12_site-packages_PyQt6["PyQt6"]\n    node_venv_lib_python3_12_site-packages_PyQt6 --> node_venv_lib_python3_12_site-packages_PyQt6_Qt6["Qt6"]\n    node_venv_lib_python3_12_site-packages_PyQt6_Qt6 --> node_venv_lib_python3_12_site-packages_PyQt6_Qt6_qml["qml"]\n    node_venv_lib_python3_12_site-packages_PyQt6_Qt6_qml --> node_venv_lib_python3_12_site-packages_PyQt6_Qt6_qml_QtQuick["QtQuick"]\n    node_venv_lib_python3_12_site-packages_PyQt6_Qt6_qml_QtQuick --> node_venv_lib_python3_12_site-packages_PyQt6_Qt6_qml_QtQuick_Effects["Effects"]\n    node_venv_lib_python3_12_site-packages_PyQt6_Qt6_qml_QtQuick_Effects --> node_venv_lib_python3_12_site-packages_PyQt6_Qt6_qml_QtQuick_Effects_qmldir["qmldir"]\n    Root --> node_venv["venv"]\n    node_venv --> node_venv_lib["lib"]\n    node_venv_lib --> node_venv_lib_python3_12["python3.12"]\n    node_venv_lib_python3_12 --> node_venv_lib_python3_12_site-packages["site-packages"]\n    node_venv_lib_python3_12_site-packages --> node_venv_lib_python3_12_site-packages_PyQt6["PyQt6"]\n    node_venv_lib_python3_12_site-packages_PyQt6 --> node_venv_lib_python3_12_site-packages_PyQt6_Qt6["Qt6"]\n    node_venv_lib_python3_12_site-packages_PyQt6_Qt6 --> node_venv_lib_python3_12_site-packages_PyQt6_Qt6_qml["qml"]\n    node_venv_lib_python3_12_site-packages_PyQt6_Qt6_qml --> node_venv_lib_python3_12_site-packages_PyQt6_Qt6_qml_QtQuick["QtQuick"]\n    node_venv_lib_python3_12_site-packages_PyQt6_Qt6_qml_QtQuick --> node_venv_lib_python3_12_site-packages_PyQt6_Qt6_qml_QtQuick_Timeline["Timeline"]\n    node_venv_lib_python3_12_site-packages_PyQt6_Qt6_qml_QtQuick_Timeline --> node_venv_lib_python3_12_site-packages_PyQt6_Qt6_qml_QtQuick_Timeline_libqtquicktimelineplugin_dylib["libqtquicktimelineplugin.dylib"]\n    Root --> node_venv["venv"]\n    node_venv --> node_venv_lib["lib"]\n    node_venv_lib --> node_venv_lib_python3_12["python3.12"]\n    node_venv_lib_python3_12 --> node_venv_lib_python3_12_site-packages["site-packages"]\n    node_venv_lib_python3_12_site-packages --> node_venv_lib_python3_12_site-packages_PyQt6["PyQt6"]\n    node_venv_lib_python3_12_site-packages_PyQt6 --> node_venv_lib_python3_12_site-packages_PyQt6_Qt6["Qt6"]\n    node_venv_lib_python3_12_site-packages_PyQt6_Qt6 --> node_venv_lib_python3_12_site-packages_PyQt6_Qt6_qml["qml"]\n    node_venv_lib_python3_12_site-packages_PyQt6_Qt6_qml --> node_venv_lib_python3_12_site-packages_PyQt6_Qt6_qml_QtQuick["QtQuick"]\n    node_venv_lib_python3_12_site-packages_PyQt6_Qt6_qml_QtQuick --> node_venv_lib_python3_12_site-packages_PyQt6_Qt6_qml_QtQuick_Timeline["Timeline"]\n    node_venv_lib_python3_12_site-packages_PyQt6_Qt6_qml_QtQuick_Timeline --> node_venv_lib_python3_12_site-packages_PyQt6_Qt6_qml_QtQuick_Timeline_plugins_qmltypes["plugins.qmltypes"]\n    Root --> node_venv["venv"]\n    node_venv --> node_venv_lib["lib"]\n    node_venv_lib --> node_venv_lib_python3_12["python3.12"]\n    node_venv_lib_python3_12 --> node_venv_lib_python3_12_site-packages["site-packages"]\n    node_venv_lib_python3_12_site-packages --> node_venv_lib_python3_12_site-packages_PyQt6["PyQt6"]\n    node_venv_lib_python3_12_site-packages_PyQt6 --> node_venv_lib_python3_12_site-packages_PyQt6_Qt6["Qt6"]\n    node_venv_lib_python3_12_site-packages_PyQt6_Qt6 --> node_venv_lib_python3_12_site-packages_PyQt6_Qt6_qml["qml"]\n    node_venv_lib_python3_12_site-packages_PyQt6_Qt6_qml --> node_venv_lib_python3_12_site-packages_PyQt6_Qt6_qml_QtQuick["QtQuick"]\n    node_venv_lib_python3_12_site-packages_PyQt6_Qt6_qml_QtQuick --> node_venv_lib_python3_12_site-packages_PyQt6_Qt6_qml_QtQuick_Timeline["Timeline"]\n    node_venv_lib_python3_12_site-packages_PyQt6_Qt6_qml_QtQuick_Timeline --> node_venv_lib_python3_12_site-packages_PyQt6_Qt6_qml_QtQuick_Timeline_qmldir["qmldir"]\n    Root --> node_venv["venv"]\n    node_venv --> node_venv_lib["lib"]\n    node_venv_lib --> node_venv_lib_python3_12["python3.12"]\n    node_venv_lib_python3_12 --> node_venv_lib_python3_12_site-packages["site-packages"]\n    node_venv_lib_python3_12_site-packages --> node_venv_lib_python3_12_site-packages_PyQt6["PyQt6"]\n    node_venv_lib_python3_12_site-packages_PyQt6 --> node_venv_lib_python3_12_site-packages_PyQt6_Qt6["Qt6"]\n    node_venv_lib_python3_12_site-packages_PyQt6_Qt6 --> node_venv_lib_python3_12_site-packages_PyQt6_Qt6_qml["qml"]\n    node_venv_lib_python3_12_site-packages_PyQt6_Qt6_qml --> node_venv_lib_python3_12_site-packages_PyQt6_Qt6_qml_QtQuick["QtQuick"]\n    node_venv_lib_python3_12_site-packages_PyQt6_Qt6_qml_QtQuick --> node_venv_lib_python3_12_site-packages_PyQt6_Qt6_qml_QtQuick_Timeline["Timeline"]\n    node_venv_lib_python3_12_site-packages_PyQt6_Qt6_qml_QtQuick_Timeline --> node_venv_lib_python3_12_site-packages_PyQt6_Qt6_qml_QtQuick_Timeline_BlendTrees["BlendTrees"]\n    node_venv_lib_python3_12_site-packages_PyQt6_Qt6_qml_QtQuick_Timeline_BlendTrees --> node_venv_lib_python3_12_site-packages_PyQt6_Qt6_qml_QtQuick_Timeline_BlendTrees_libqtquicktimelineblendtreesplugin_dylib["libqtquicktimelineblendtreesplugin.dylib"]\n    Root --> node_venv["venv"]\n    node_venv --> node_venv_lib["lib"]\n    node_venv_lib --> node_venv_lib_python3_12["python3.12"]\n    node_venv_lib_python3_12 --> node_venv_lib_python3_12_site-packages["site-packages"]\n    node_venv_lib_python3_12_site-packages --> node_venv_lib_python3_12_site-packages_PyQt6["PyQt6"]\n    node_venv_lib_python3_12_site-packages_PyQt6 --> node_venv_lib_python3_12_site-packages_PyQt6_Qt6["Qt6"]\n    node_venv_lib_python3_12_site-packages_PyQt6_Qt6 --> node_venv_lib_python3_12_site-packages_PyQt6_Qt6_qml["qml"]\n    node_venv_lib_python3_12_site-packages_PyQt6_Qt6_qml --> node_venv_lib_python3_12_site-packages_PyQt6_Qt6_qml_QtQuick["QtQuick"]\n    node_venv_lib_python3_12_site-packages_PyQt6_Qt6_qml_QtQuick --> node_venv_lib_python3_12_site-packages_PyQt6_Qt6_qml_QtQuick_Timeline["Timeline"]\n    node_venv_lib_python3_12_site-packages_PyQt6_Qt6_qml_QtQuick_Timeline --> node_venv_lib_python3_12_site-packages_PyQt6_Qt6_qml_QtQuick_Timeline_BlendTrees["BlendTrees"]\n    node_venv_lib_python3_12_site-packages_PyQt6_Qt6_qml_QtQuick_Timeline_BlendTrees --> node_venv_lib_python3_12_site-packages_PyQt6_Qt6_qml_QtQuick_Timeline_BlendTrees_plugins_qmltypes["plugins.qmltypes"]\n    Root --> node_venv["venv"]\n    node_venv --> node_venv_lib["lib"]\n    node_venv_lib --> node_venv_lib_python3_12["python3.12"]\n    node_venv_lib_python3_12 --> node_venv_lib_python3_12_site-packages["site-packages"]\n    node_venv_lib_python3_12_site-packages --> node_venv_lib_python3_12_site-packages_PyQt6["PyQt6"]\n    node_venv_lib_python3_12_site-packages_PyQt6 --> node_venv_lib_python3_12_site-packages_PyQt6_Qt6["Qt6"]\n    node_venv_lib_python3_12_site-packages_PyQt6_Qt6 --> node_venv_lib_python3_12_site-packages_PyQt6_Qt6_qml["qml"]\n    node_venv_lib_python3_12_site-packages_PyQt6_Qt6_qml --> node_venv_lib_python3_12_site-packages_PyQt6_Qt6_qml_QtQuick["QtQuick"]\n    node_venv_lib_python3_12_site-packages_PyQt6_Qt6_qml_QtQuick --> node_venv_lib_python3_12_site-packages_PyQt6_Qt6_qml_QtQuick_Timeline["Timeline"]\n    node_venv_lib_python3_12_site-packages_PyQt6_Qt6_qml_QtQuick_Timeline --> node_venv_lib_python3_12_site-packages_PyQt6_Qt6_qml_QtQuick_Timeline_BlendTrees["BlendTrees"]\n    node_venv_lib_python3_12_site-packages_PyQt6_Qt6_qml_QtQuick_Timeline_BlendTrees --> node_venv_lib_python3_12_site-packages_PyQt6_Qt6_qml_QtQuick_Timeline_BlendTrees_qmldir["qmldir"]\n    Root --> node_venv["venv"]\n    node_venv --> node_venv_lib["lib"]\n    node_venv_lib --> node_venv_lib_python3_12["python3.12"]\n    node_venv_lib_python3_12 --> node_venv_lib_python3_12_site-packages["site-packages"]\n    node_venv_lib_python3_12_site-packages --> node_venv_lib_python3_12_site-packages_PyQt6["PyQt6"]\n    node_venv_lib_python3_12_site-packages_PyQt6 --> node_venv_lib_python3_12_site-packages_PyQt6_Qt6["Qt6"]\n    node_venv_lib_python3_12_site-packages_PyQt6_Qt6 --> node_venv_lib_python3_12_site-packages_PyQt6_Qt6_qml["qml"]\n    node_venv_lib_python3_12_site-packages_PyQt6_Qt6_qml --> node_venv_lib_python3_12_site-packages_PyQt6_Qt6_qml_QtQuick["QtQuick"]\n    node_venv_lib_python3_12_site-packages_PyQt6_Qt6_qml_QtQuick --> node_venv_lib_python3_12_site-packages_PyQt6_Qt6_qml_QtQuick_NativeStyle["NativeStyle"]\n    node_venv_lib_python3_12_site-packages_PyQt6_Qt6_qml_QtQuick_NativeStyle --> node_venv_lib_python3_12_site-packages_PyQt6_Qt6_qml_QtQuick_NativeStyle_libqtquickcontrols2nativestyleplugin_dylib["libqtquickcontrols2nativestyleplugin.dylib"]\n    Root --> node_venv["venv"]\n    node_venv --> node_venv_lib["lib"]\n    node_venv_lib --> node_venv_lib_python3_12["python3.12"]\n    node_venv_lib_python3_12 --> node_venv_lib_python3_12_site-packages["site-packages"]\n    node_venv_lib_python3_12_site-packages --> node_venv_lib_python3_12_site-packages_PyQt6["PyQt6"]\n    node_venv_lib_python3_12_site-packages_PyQt6 --> node_venv_lib_python3_12_site-packages_PyQt6_Qt6["Qt6"]\n    node_venv_lib_python3_12_site-packages_PyQt6_Qt6 --> node_venv_lib_python3_12_site-packages_PyQt6_Qt6_qml["qml"]\n    node_venv_lib_python3_12_site-packages_PyQt6_Qt6_qml --> node_venv_lib_python3_12_site-packages_PyQt6_Qt6_qml_QtQuick["QtQuick"]\n    node_venv_lib_python3_12_site-packages_PyQt6_Qt6_qml_QtQuick --> node_venv_lib_python3_12_site-packages_PyQt6_Qt6_qml_QtQuick_NativeStyle["NativeStyle"]\n    node_venv_lib_python3_12_site-packages_PyQt6_Qt6_qml_QtQuick_NativeStyle --> node_venv_lib_python3_12_site-packages_PyQt6_Qt6_qml_QtQuick_NativeStyle_plugins_qmltypes["plugins.qmltypes"]\n    Root --> node_venv["venv"]\n    node_venv --> node_venv_lib["lib"]\n    node_venv_lib --> node_venv_lib_python3_12["python3.12"]\n    node_venv_lib_python3_12 --> node_venv_lib_python3_12_site-packages["site-packages"]\n    node_venv_lib_python3_12_site-packages --> node_venv_lib_python3_12_site-packages_PyQt6["PyQt6"]\n    node_venv_lib_python3_12_site-packages_PyQt6 --> node_venv_lib_python3_12_site-packages_PyQt6_Qt6["Qt6"]\n    node_venv_lib_python3_12_site-packages_PyQt6_Qt6 --> node_venv_lib_python3_12_site-packages_PyQt6_Qt6_qml["qml"]\n    node_venv_lib_python3_12_site-packages_PyQt6_Qt6_qml --> node_venv_lib_python3_12_site-packages_PyQt6_Qt6_qml_QtQuick["QtQuick"]\n    node_venv_lib_python3_12_site-packages_PyQt6_Qt6_qml_QtQuick --> node_venv_lib_python3_12_site-packages_PyQt6_Qt6_qml_QtQuick_NativeStyle["NativeStyle"]\n    node_venv_lib_python3_12_site-packages_PyQt6_Qt6_qml_QtQuick_NativeStyle --> node_venv_lib_python3_12_site-packages_PyQt6_Qt6_qml_QtQuick_NativeStyle_qmldir["qmldir"]\n    Root --> node_venv["venv"]\n    node_venv --> node_venv_lib["lib"]\n    node_venv_lib --> node_venv_lib_python3_12["python3.12"]\n    node_venv_lib_python3_12 --> node_venv_lib_python3_12_site-packages["site-packages"]\n    node_venv_lib_python3_12_site-packages --> node_venv_lib_python3_12_site-packages_PyQt6["PyQt6"]\n    node_venv_lib_python3_12_site-packages_PyQt6 --> node_venv_lib_python3_12_site-packages_PyQt6_Qt6["Qt6"]\n    node_venv_lib_python3_12_site-packages_PyQt6_Qt6 --> node_venv_lib_python3_12_site-packages_PyQt6_Qt6_qml["qml"]\n    node_venv_lib_python3_12_site-packages_PyQt6_Qt6_qml --> node_venv_lib_python3_12_site-packages_PyQt6_Qt6_qml_QtQuick["QtQuick"]\n    node_venv_lib_python3_12_site-packages_PyQt6_Qt6_qml_QtQuick --> node_venv_lib_python3_12_site-packages_PyQt6_Qt6_qml_QtQuick_NativeStyle["NativeStyle"]\n    node_venv_lib_python3_12_site-packages_PyQt6_Qt6_qml_QtQuick_NativeStyle --> node_venv_lib_python3_12_site-packages_PyQt6_Qt6_qml_QtQuick_NativeStyle_util["util"]\n    node_venv_lib_python3_12_site-packages_PyQt6_Qt6_qml_QtQuick_NativeStyle_util --> node_venv_lib_python3_12_site-packages_PyQt6_Qt6_qml_QtQuick_NativeStyle_util_MacFocusFrame_qml["MacFocusFrame.qml"]\n    Root --> node_venv["venv"]\n    node_venv --> node_venv_lib["lib"]\n    node_venv_lib --> node_venv_lib_python3_12["python3.12"]\n    node_venv_lib_python3_12 --> node_venv_lib_python3_12_site-packages["site-packages"]\n    node_venv_lib_python3_12_site-packages --> node_venv_lib_python3_12_site-packages_PyQt6["PyQt6"]\n    node_venv_lib_python3_12_site-packages_PyQt6 --> node_venv_lib_python3_12_site-packages_PyQt6_Qt6["Qt6"]\n    node_venv_lib_python3_12_site-packages_PyQt6_Qt6 --> node_venv_lib_python3_12_site-packages_PyQt6_Qt6_qml["qml"]\n    node_venv_lib_python3_12_site-packages_PyQt6_Qt6_qml --> node_venv_lib_python3_12_site-packages_PyQt6_Qt6_qml_QtQuick["QtQuick"]\n    node_venv_lib_python3_12_site-packages_PyQt6_Qt6_qml_QtQuick --> node_venv_lib_python3_12_site-packages_PyQt6_Qt6_qml_QtQuick_NativeStyle["NativeStyle"]\n    node_venv_lib_python3_12_site-packages_PyQt6_Qt6_qml_QtQuick_NativeStyle --> node_venv_lib_python3_12_site-packages_PyQt6_Qt6_qml_QtQuick_NativeStyle_util["util"]\n    node_venv_lib_python3_12_site-packages_PyQt6_Qt6_qml_QtQuick_NativeStyle_util --> node_venv_lib_python3_12_site-packages_PyQt6_Qt6_qml_QtQuick_NativeStyle_util_qmldir["qmldir"]\n    Root --> node_venv["venv"]\n    node_venv --> node_venv_lib["lib"]\n    node_venv_lib --> node_venv_lib_python3_12["python3.12"]\n    node_venv_lib_python3_12 --> node_venv_lib_python3_12_site-packages["site-packages"]\n    node_venv_lib_python3_12_site-packages --> node_venv_lib_python3_12_site-packages_PyQt6["PyQt6"]\n    node_venv_lib_python3_12_site-packages_PyQt6 --> node_venv_lib_python3_12_site-packages_PyQt6_Qt6["Qt6"]\n    node_venv_lib_python3_12_site-packages_PyQt6_Qt6 --> node_venv_lib_python3_12_site-packages_PyQt6_Qt6_qml["qml"]\n    node_venv_lib_python3_12_site-packages_PyQt6_Qt6_qml --> node_venv_lib_python3_12_site-packages_PyQt6_Qt6_qml_QtQuick["QtQuick"]\n    node_venv_lib_python3_12_site-packages_PyQt6_Qt6_qml_QtQuick --> node_venv_lib_python3_12_site-packages_PyQt6_Qt6_qml_QtQuick_NativeStyle["NativeStyle"]\n    node_venv_lib_python3_12_site-packages_PyQt6_Qt6_qml_QtQuick_NativeStyle --> node_venv_lib_python3_12_site-packages_PyQt6_Qt6_qml_QtQuick_NativeStyle_controls["controls"]\n    node_venv_lib_python3_12_site-packages_PyQt6_Qt6_qml_QtQuick_NativeStyle_controls --> node_venv_lib_python3_12_site-packages_PyQt6_Qt6_qml_QtQuick_NativeStyle_controls_DefaultButton_qml["DefaultButton.qml"]\n    Root --> node_venv["venv"]\n    node_venv --> node_venv_lib["lib"]\n    node_venv_lib --> node_venv_lib_python3_12["python3.12"]\n    node_venv_lib_python3_12 --> node_venv_lib_python3_12_site-packages["site-packages"]\n    node_venv_lib_python3_12_site-packages --> node_venv_lib_python3_12_site-packages_PyQt6["PyQt6"]\n    node_venv_lib_python3_12_site-packages_PyQt6 --> node_venv_lib_python3_12_site-packages_PyQt6_Qt6["Qt6"]\n    node_venv_lib_python3_12_site-packages_PyQt6_Qt6 --> node_venv_lib_python3_12_site-packages_PyQt6_Qt6_qml["qml"]\n    node_venv_lib_python3_12_site-packages_PyQt6_Qt6_qml --> node_venv_lib_python3_12_site-packages_PyQt6_Qt6_qml_QtQuick["QtQuick"]\n    node_venv_lib_python3_12_site-packages_PyQt6_Qt6_qml_QtQuick --> node_venv_lib_python3_12_site-packages_PyQt6_Qt6_qml_QtQuick_NativeStyle["NativeStyle"]\n    node_venv_lib_python3_12_site-packages_PyQt6_Qt6_qml_QtQuick_NativeStyle --> node_venv_lib_python3_12_site-packages_PyQt6_Qt6_qml_QtQuick_NativeStyle_controls["controls"]\n    node_venv_lib_python3_12_site-packages_PyQt6_Qt6_qml_QtQuick_NativeStyle_controls --> node_venv_lib_python3_12_site-packages_PyQt6_Qt6_qml_QtQuick_NativeStyle_controls_DefaultCheckBox_qml["DefaultCheckBox.qml"]\n    Root --> node_venv["venv"]\n    node_venv --> node_venv_lib["lib"]\n    node_venv_lib --> node_venv_lib_python3_12["python3.12"]\n    node_venv_lib_python3_12 --> node_venv_lib_python3_12_site-packages["site-packages"]\n    node_venv_lib_python3_12_site-packages --> node_venv_lib_python3_12_site-packages_PyQt6["PyQt6"]\n    node_venv_lib_python3_12_site-packages_PyQt6 --> node_venv_lib_python3_12_site-packages_PyQt6_Qt6["Qt6"]\n    node_venv_lib_python3_12_site-packages_PyQt6_Qt6 --> node_venv_lib_python3_12_site-packages_PyQt6_Qt6_qml["qml"]\n    node_venv_lib_python3_12_site-packages_PyQt6_Qt6_qml --> node_venv_lib_python3_12_site-packages_PyQt6_Qt6_qml_QtQuick["QtQuick"]\n    node_venv_lib_python3_12_site-packages_PyQt6_Qt6_qml_QtQuick --> node_venv_lib_python3_12_site-packages_PyQt6_Qt6_qml_QtQuick_NativeStyle["NativeStyle"]\n    node_venv_lib_python3_12_site-packages_PyQt6_Qt6_qml_QtQuick_NativeStyle --> node_venv_lib_python3_12_site-packages_PyQt6_Qt6_qml_QtQuick_NativeStyle_controls["controls"]\n    node_venv_lib_python3_12_site-packages_PyQt6_Qt6_qml_QtQuick_NativeStyle_controls --> node_venv_lib_python3_12_site-packages_PyQt6_Qt6_qml_QtQuick_NativeStyle_controls_DefaultComboBox_qml["DefaultComboBox.qml"]\n    Root --> node_venv["venv"]\n    node_venv --> node_venv_lib["lib"]\n    node_venv_lib --> node_venv_lib_python3_12["python3.12"]\n    node_venv_lib_python3_12 --> node_venv_lib_python3_12_site-packages["site-packages"]\n    node_venv_lib_python3_12_site-packages --> node_venv_lib_python3_12_site-packages_PyQt6["PyQt6"]\n    node_venv_lib_python3_12_site-packages_PyQt6 --> node_venv_lib_python3_12_site-packages_PyQt6_Qt6["Qt6"]\n    node_venv_lib_python3_12_site-packages_PyQt6_Qt6 --> node_venv_lib_python3_12_site-packages_PyQt6_Qt6_qml["qml"]\n    node_venv_lib_python3_12_site-packages_PyQt6_Qt6_qml --> node_venv_lib_python3_12_site-packages_PyQt6_Qt6_qml_QtQuick["QtQuick"]\n    node_venv_lib_python3_12_site-packages_PyQt6_Qt6_qml_QtQuick --> node_venv_lib_python3_12_site-packages_PyQt6_Qt6_qml_QtQuick_NativeStyle["NativeStyle"]\n    node_venv_lib_python3_12_site-packages_PyQt6_Qt6_qml_QtQuick_NativeStyle --> node_venv_lib_python3_12_site-packages_PyQt6_Qt6_qml_QtQuick_NativeStyle_controls["controls"]\n    node_venv_lib_python3_12_site-packages_PyQt6_Qt6_qml_QtQuick_NativeStyle_controls --> node_venv_lib_python3_12_site-packages_PyQt6_Qt6_qml_QtQuick_NativeStyle_controls_DefaultDial_qml["DefaultDial.qml"]\n    Root --> node_venv["venv"]\n    node_venv --> node_venv_lib["lib"]\n    node_venv_lib --> node_venv_lib_python3_12["python3.12"]\n    node_venv_lib_python3_12 --> node_venv_lib_python3_12_site-packages["site-packages"]\n    node_venv_lib_python3_12_site-packages --> node_venv_lib_python3_12_site-packages_PyQt6["PyQt6"]\n    node_venv_lib_python3_12_site-packages_PyQt6 --> node_venv_lib_python3_12_site-packages_PyQt6_Qt6["Qt6"]\n    node_venv_lib_python3_12_site-packages_PyQt6_Qt6 --> node_venv_lib_python3_12_site-packages_PyQt6_Qt6_qml["qml"]\n    node_venv_lib_python3_12_site-packages_PyQt6_Qt6_qml --> node_venv_lib_python3_12_site-packages_PyQt6_Qt6_qml_QtQuick["QtQuick"]\n    node_venv_lib_python3_12_site-packages_PyQt6_Qt6_qml_QtQuick --> node_venv_lib_python3_12_site-packages_PyQt6_Qt6_qml_QtQuick_NativeStyle["NativeStyle"]\n    node_venv_lib_python3_12_site-packages_PyQt6_Qt6_qml_QtQuick_NativeStyle --> node_venv_lib_python3_12_site-packages_PyQt6_Qt6_qml_QtQuick_NativeStyle_controls["controls"]\n    node_venv_lib_python3_12_site-packages_PyQt6_Qt6_qml_QtQuick_NativeStyle_controls --> node_venv_lib_python3_12_site-packages_PyQt6_Qt6_qml_QtQuick_NativeStyle_controls_DefaultFrame_qml["DefaultFrame.qml"]\n    Root --> node_venv["venv"]\n    node_venv --> node_venv_lib["lib"]\n    node_venv_lib --> node_venv_lib_python3_12["python3.12"]\n    node_venv_lib_python3_12 --> node_venv_lib_python3_12_site-packages["site-packages"]\n    node_venv_lib_python3_12_site-packages --> node_venv_lib_python3_12_site-packages_PyQt6["PyQt6"]\n    node_venv_lib_python3_12_site-packages_PyQt6 --> node_venv_lib_python3_12_site-packages_PyQt6_Qt6["Qt6"]\n    node_venv_lib_python3_12_site-packages_PyQt6_Qt6 --> node_venv_lib_python3_12_site-packages_PyQt6_Qt6_qml["qml"]\n    node_venv_lib_python3_12_site-packages_PyQt6_Qt6_qml --> node_venv_lib_python3_12_site-packages_PyQt6_Qt6_qml_QtQuick["QtQuick"]\n    node_venv_lib_python3_12_site-packages_PyQt6_Qt6_qml_QtQuick --> node_venv_lib_python3_12_site-packages_PyQt6_Qt6_qml_QtQuick_NativeStyle["NativeStyle"]\n    node_venv_lib_python3_12_site-packages_PyQt6_Qt6_qml_QtQuick_NativeStyle --> node_venv_lib_python3_12_site-packages_PyQt6_Qt6_qml_QtQuick_NativeStyle_controls["controls"]\n    node_venv_lib_python3_12_site-packages_PyQt6_Qt6_qml_QtQuick_NativeStyle_controls --> node_venv_lib_python3_12_site-packages_PyQt6_Qt6_qml_QtQuick_NativeStyle_controls_DefaultGroupBox_qml["DefaultGroupBox.qml"]\n    Root --> node_venv["venv"]\n    node_venv --> node_venv_lib["lib"]\n    node_venv_lib --> node_venv_lib_python3_12["python3.12"]\n    node_venv_lib_python3_12 --> node_venv_lib_python3_12_site-packages["site-packages"]\n    node_venv_lib_python3_12_site-packages --> node_venv_lib_python3_12_site-packages_PyQt6["PyQt6"]\n    node_venv_lib_python3_12_site-packages_PyQt6 --> node_venv_lib_python3_12_site-packages_PyQt6_Qt6["Qt6"]\n    node_venv_lib_python3_12_site-packages_PyQt6_Qt6 --> node_venv_lib_python3_12_site-packages_PyQt6_Qt6_qml["qml"]\n    node_venv_lib_python3_12_site-packages_PyQt6_Qt6_qml --> node_venv_lib_python3_12_site-packages_PyQt6_Qt6_qml_QtQuick["QtQuick"]\n    node_venv_lib_python3_12_site-packages_PyQt6_Qt6_qml_QtQuick --> node_venv_lib_python3_12_site-packages_PyQt6_Qt6_qml_QtQuick_NativeStyle["NativeStyle"]\n    node_venv_lib_python3_12_site-packages_PyQt6_Qt6_qml_QtQuick_NativeStyle --> node_venv_lib_python3_12_site-packages_PyQt6_Qt6_qml_QtQuick_NativeStyle_controls["controls"]\n    node_venv_lib_python3_12_site-packages_PyQt6_Qt6_qml_QtQuick_NativeStyle_controls --> node_venv_lib_python3_12_site-packages_PyQt6_Qt6_qml_QtQuick_NativeStyle_controls_DefaultItemDelegate_qml["DefaultItemDelegate.qml"]\n    Root --> node_venv["venv"]\n    node_venv --> node_venv_lib["lib"]\n    node_venv_lib --> node_venv_lib_python3_12["python3.12"]\n    node_venv_lib_python3_12 --> node_venv_lib_python3_12_site-packages["site-packages"]\n    node_venv_lib_python3_12_site-packages --> node_venv_lib_python3_12_site-packages_PyQt6["PyQt6"]\n    node_venv_lib_python3_12_site-packages_PyQt6 --> node_venv_lib_python3_12_site-packages_PyQt6_Qt6["Qt6"]\n    node_venv_lib_python3_12_site-packages_PyQt6_Qt6 --> node_venv_lib_python3_12_site-packages_PyQt6_Qt6_qml["qml"]\n    node_venv_lib_python3_12_site-packages_PyQt6_Qt6_qml --> node_venv_lib_python3_12_site-packages_PyQt6_Qt6_qml_QtQuick["QtQuick"]\n    node_venv_lib_python3_12_site-packages_PyQt6_Qt6_qml_QtQuick --> node_venv_lib_python3_12_site-packages_PyQt6_Qt6_qml_QtQuick_NativeStyle["NativeStyle"]\n    node_venv_lib_python3_12_site-packages_PyQt6_Qt6_qml_QtQuick_NativeStyle --> node_venv_lib_python3_12_site-packages_PyQt6_Qt6_qml_QtQuick_NativeStyle_controls["controls"]\n    node_venv_lib_python3_12_site-packages_PyQt6_Qt6_qml_QtQuick_NativeStyle_controls --> node_venv_lib_python3_12_site-packages_PyQt6_Qt6_qml_QtQuick_NativeStyle_controls_DefaultItemDelegateIconLabel_qml["DefaultItemDelegateIconLabel.qml"]\n    Root --> node_venv["venv"]\n    node_venv --> node_venv_lib["lib"]\n    node_venv_lib --> node_venv_lib_python3_12["python3.12"]\n    node_venv_lib_python3_12 --> node_venv_lib_python3_12_site-packages["site-packages"]\n    node_venv_lib_python3_12_site-packages --> node_venv_lib_python3_12_site-packages_PyQt6["PyQt6"]\n    node_venv_lib_python3_12_site-packages_PyQt6 --> node_venv_lib_python3_12_site-packages_PyQt6_Qt6["Qt6"]\n    node_venv_lib_python3_12_site-packages_PyQt6_Qt6 --> node_venv_lib_python3_12_site-packages_PyQt6_Qt6_qml["qml"]\n    node_venv_lib_python3_12_site-packages_PyQt6_Qt6_qml --> node_venv_lib_python3_12_site-packages_PyQt6_Qt6_qml_QtQuick["QtQuick"]\n    node_venv_lib_python3_12_site-packages_PyQt6_Qt6_qml_QtQuick --> node_venv_lib_python3_12_site-packages_PyQt6_Qt6_qml_QtQuick_NativeStyle["NativeStyle"]\n    node_venv_lib_python3_12_site-packages_PyQt6_Qt6_qml_QtQuick_NativeStyle --> node_venv_lib_python3_12_site-packages_PyQt6_Qt6_qml_QtQuick_NativeStyle_controls["controls"]\n    node_venv_lib_python3_12_site-packages_PyQt6_Qt6_qml_QtQuick_NativeStyle_controls --> node_venv_lib_python3_12_site-packages_PyQt6_Qt6_qml_QtQuick_NativeStyle_controls_DefaultProgressBar_qml["DefaultProgressBar.qml"]\n    Root --> node_venv["venv"]\n    node_venv --> node_venv_lib["lib"]\n    node_venv_lib --> node_venv_lib_python3_12["python3.12"]\n    node_venv_lib_python3_12 --> node_venv_lib_python3_12_site-packages["site-packages"]\n    node_venv_lib_python3_12_site-packages --> node_venv_lib_python3_12_site-packages_PyQt6["PyQt6"]\n    node_venv_lib_python3_12_site-packages_PyQt6 --> node_venv_lib_python3_12_site-packages_PyQt6_Qt6["Qt6"]\n    node_venv_lib_python3_12_site-packages_PyQt6_Qt6 --> node_venv_lib_python3_12_site-packages_PyQt6_Qt6_qml["qml"]\n    node_venv_lib_python3_12_site-packages_PyQt6_Qt6_qml --> node_venv_lib_python3_12_site-packages_PyQt6_Qt6_qml_QtQuick["QtQuick"]\n    node_venv_lib_python3_12_site-packages_PyQt6_Qt6_qml_QtQuick --> node_venv_lib_python3_12_site-packages_PyQt6_Qt6_qml_QtQuick_NativeStyle["NativeStyle"]\n    node_venv_lib_python3_12_site-packages_PyQt6_Qt6_qml_QtQuick_NativeStyle --> node_venv_lib_python3_12_site-packages_PyQt6_Qt6_qml_QtQuick_NativeStyle_controls["controls"]\n    node_venv_lib_python3_12_site-packages_PyQt6_Qt6_qml_QtQuick_NativeStyle_controls --> node_venv_lib_python3_12_site-packages_PyQt6_Qt6_qml_QtQuick_NativeStyle_controls_DefaultRadioButton_qml["DefaultRadioButton.qml"]\n    Root --> node_venv["venv"]\n    node_venv --> node_venv_lib["lib"]\n    node_venv_lib --> node_venv_lib_python3_12["python3.12"]\n    node_venv_lib_python3_12 --> node_venv_lib_python3_12_site-packages["site-packages"]\n    node_venv_lib_python3_12_site-packages --> node_venv_lib_python3_12_site-packages_PyQt6["PyQt6"]\n    node_venv_lib_python3_12_site-packages_PyQt6 --> node_venv_lib_python3_12_site-packages_PyQt6_Qt6["Qt6"]\n    node_venv_lib_python3_12_site-packages_PyQt6_Qt6 --> node_venv_lib_python3_12_site-packages_PyQt6_Qt6_qml["qml"]\n    node_venv_lib_python3_12_site-packages_PyQt6_Qt6_qml --> node_venv_lib_python3_12_site-packages_PyQt6_Qt6_qml_QtQuick["QtQuick"]\n    node_venv_lib_python3_12_site-packages_PyQt6_Qt6_qml_QtQuick --> node_venv_lib_python3_12_site-packages_PyQt6_Qt6_qml_QtQuick_NativeStyle["NativeStyle"]\n    node_venv_lib_python3_12_site-packages_PyQt6_Qt6_qml_QtQuick_NativeStyle --> node_venv_lib_python3_12_site-packages_PyQt6_Qt6_qml_QtQuick_NativeStyle_controls["controls"]\n    node_venv_lib_python3_12_site-packages_PyQt6_Qt6_qml_QtQuick_NativeStyle_controls --> node_venv_lib_python3_12_site-packages_PyQt6_Qt6_qml_QtQuick_NativeStyle_controls_DefaultRadioDelegate_qml["DefaultRadioDelegate.qml"]\n    Root --> node_venv["venv"]\n    node_venv --> node_venv_lib["lib"]\n    node_venv_lib --> node_venv_lib_python3_12["python3.12"]\n    node_venv_lib_python3_12 --> node_venv_lib_python3_12_site-packages["site-packages"]\n    node_venv_lib_python3_12_site-packages --> node_venv_lib_python3_12_site-packages_PyQt6["PyQt6"]\n    node_venv_lib_python3_12_site-packages_PyQt6 --> node_venv_lib_python3_12_site-packages_PyQt6_Qt6["Qt6"]\n    node_venv_lib_python3_12_site-packages_PyQt6_Qt6 --> node_venv_lib_python3_12_site-packages_PyQt6_Qt6_qml["qml"]\n    node_venv_lib_python3_12_site-packages_PyQt6_Qt6_qml --> node_venv_lib_python3_12_site-packages_PyQt6_Qt6_qml_QtQuick["QtQuick"]\n    node_venv_lib_python3_12_site-packages_PyQt6_Qt6_qml_QtQuick --> node_venv_lib_python3_12_site-packages_PyQt6_Qt6_qml_QtQuick_NativeStyle["NativeStyle"]\n    node_venv_lib_python3_12_site-packages_PyQt6_Qt6_qml_QtQuick_NativeStyle --> node_venv_lib_python3_12_site-packages_PyQt6_Qt6_qml_QtQuick_NativeStyle_controls["controls"]\n    node_venv_lib_python3_12_site-packages_PyQt6_Qt6_qml_QtQuick_NativeStyle_controls --> node_venv_lib_python3_12_site-packages_PyQt6_Qt6_qml_QtQuick_NativeStyle_controls_DefaultScrollBar_qml["DefaultScrollBar.qml"]\n    Root --> node_venv["venv"]\n    node_venv --> node_venv_lib["lib"]\n    node_venv_lib --> node_venv_lib_python3_12["python3.12"]\n    node_venv_lib_python3_12 --> node_venv_lib_python3_12_site-packages["site-packages"]\n    node_venv_lib_python3_12_site-packages --> node_venv_lib_python3_12_site-packages_PyQt6["PyQt6"]\n    node_venv_lib_python3_12_site-packages_PyQt6 --> node_venv_lib_python3_12_site-packages_PyQt6_Qt6["Qt6"]\n    node_venv_lib_python3_12_site-packages_PyQt6_Qt6 --> node_venv_lib_python3_12_site-packages_PyQt6_Qt6_qml["qml"]\n    node_venv_lib_python3_12_site-packages_PyQt6_Qt6_qml --> node_venv_lib_python3_12_site-packages_PyQt6_Qt6_qml_QtQuick["QtQuick"]\n    node_venv_lib_python3_12_site-packages_PyQt6_Qt6_qml_QtQuick --> node_venv_lib_python3_12_site-packages_PyQt6_Qt6_qml_QtQuick_NativeStyle["NativeStyle"]\n    node_venv_lib_python3_12_site-packages_PyQt6_Qt6_qml_QtQuick_NativeStyle --> node_venv_lib_python3_12_site-packages_PyQt6_Qt6_qml_QtQuick_NativeStyle_controls["controls"]\n    node_venv_lib_python3_12_site-packages_PyQt6_Qt6_qml_QtQuick_NativeStyle_controls --> node_venv_lib_python3_12_site-packages_PyQt6_Qt6_qml_QtQuick_NativeStyle_controls_DefaultSearchField_qml["DefaultSearchField.qml"]\n    Root --> node_venv["venv"]\n    node_venv --> node_venv_lib["lib"]\n    node_venv_lib --> node_venv_lib_python3_12["python3.12"]\n    node_venv_lib_python3_12 --> node_venv_lib_python3_12_site-packages["site-packages"]\n    node_venv_lib_python3_12_site-packages --> node_venv_lib_python3_12_site-packages_PyQt6["PyQt6"]\n    node_venv_lib_python3_12_site-packages_PyQt6 --> node_venv_lib_python3_12_site-packages_PyQt6_Qt6["Qt6"]\n    node_venv_lib_python3_12_site-packages_PyQt6_Qt6 --> node_venv_lib_python3_12_site-packages_PyQt6_Qt6_qml["qml"]\n    node_venv_lib_python3_12_site-packages_PyQt6_Qt6_qml --> node_venv_lib_python3_12_site-packages_PyQt6_Qt6_qml_QtQuick["QtQuick"]\n    node_venv_lib_python3_12_site-packages_PyQt6_Qt6_qml_QtQuick --> node_venv_lib_python3_12_site-packages_PyQt6_Qt6_qml_QtQuick_NativeStyle["NativeStyle"]\n    node_venv_lib_python3_12_site-packages_PyQt6_Qt6_qml_QtQuick_NativeStyle --> node_venv_lib_python3_12_site-packages_PyQt6_Qt6_qml_QtQuick_NativeStyle_controls["controls"]\n    node_venv_lib_python3_12_site-packages_PyQt6_Qt6_qml_QtQuick_NativeStyle_controls --> node_venv_lib_python3_12_site-packages_PyQt6_Qt6_qml_QtQuick_NativeStyle_controls_DefaultSlider_qml["DefaultSlider.qml"]\n    Root --> node_venv["venv"]\n    node_venv --> node_venv_lib["lib"]\n    node_venv_lib --> node_venv_lib_python3_12["python3.12"]\n    node_venv_lib_python3_12 --> node_venv_lib_python3_12_site-packages["site-packages"]\n    node_venv_lib_python3_12_site-packages --> node_venv_lib_python3_12_site-packages_PyQt6["PyQt6"]\n    node_venv_lib_python3_12_site-packages_PyQt6 --> node_venv_lib_python3_12_site-packages_PyQt6_Qt6["Qt6"]\n    node_venv_lib_python3_12_site-packages_PyQt6_Qt6 --> node_venv_lib_python3_12_site-packages_PyQt6_Qt6_qml["qml"]\n    node_venv_lib_python3_12_site-packages_PyQt6_Qt6_qml --> node_venv_lib_python3_12_site-packages_PyQt6_Qt6_qml_QtQuick["QtQuick"]\n    node_venv_lib_python3_12_site-packages_PyQt6_Qt6_qml_QtQuick --> node_venv_lib_python3_12_site-packages_PyQt6_Qt6_qml_QtQuick_NativeStyle["NativeStyle"]\n    node_venv_lib_python3_12_site-packages_PyQt6_Qt6_qml_QtQuick_NativeStyle --> node_venv_lib_python3_12_site-packages_PyQt6_Qt6_qml_QtQuick_NativeStyle_controls["controls"]\n    node_venv_lib_python3_12_site-packages_PyQt6_Qt6_qml_QtQuick_NativeStyle_controls --> node_venv_lib_python3_12_site-packages_PyQt6_Qt6_qml_QtQuick_NativeStyle_controls_DefaultSpinBox_qml["DefaultSpinBox.qml"]\n    Root --> node_venv["venv"]\n    node_venv --> node_venv_lib["lib"]\n    node_venv_lib --> node_venv_lib_python3_12["python3.12"]\n    node_venv_lib_python3_12 --> node_venv_lib_python3_12_site-packages["site-packages"]\n    node_venv_lib_python3_12_site-packages --> node_venv_lib_python3_12_site-packages_PyQt6["PyQt6"]\n    node_venv_lib_python3_12_site-packages_PyQt6 --> node_venv_lib_python3_12_site-packages_PyQt6_Qt6["Qt6"]\n    node_venv_lib_python3_12_site-packages_PyQt6_Qt6 --> node_venv_lib_python3_12_site-packages_PyQt6_Qt6_qml["qml"]\n    node_venv_lib_python3_12_site-packages_PyQt6_Qt6_qml --> node_venv_lib_python3_12_site-packages_PyQt6_Qt6_qml_QtQuick["QtQuick"]\n    node_venv_lib_python3_12_site-packages_PyQt6_Qt6_qml_QtQuick --> node_venv_lib_python3_12_site-packages_PyQt6_Qt6_qml_QtQuick_NativeStyle["NativeStyle"]\n    node_venv_lib_python3_12_site-packages_PyQt6_Qt6_qml_QtQuick_NativeStyle --> node_venv_lib_python3_12_site-packages_PyQt6_Qt6_qml_QtQuick_NativeStyle_controls["controls"]\n    node_venv_lib_python3_12_site-packages_PyQt6_Qt6_qml_QtQuick_NativeStyle_controls --> node_venv_lib_python3_12_site-packages_PyQt6_Qt6_qml_QtQuick_NativeStyle_controls_DefaultTextArea_qml["DefaultTextArea.qml"]\n    Root --> node_venv["venv"]\n    node_venv --> node_venv_lib["lib"]\n    node_venv_lib --> node_venv_lib_python3_12["python3.12"]\n    node_venv_lib_python3_12 --> node_venv_lib_python3_12_site-packages["site-packages"]\n    node_venv_lib_python3_12_site-packages --> node_venv_lib_python3_12_site-packages_PyQt6["PyQt6"]\n    node_venv_lib_python3_12_site-packages_PyQt6 --> node_venv_lib_python3_12_site-packages_PyQt6_Qt6["Qt6"]\n    node_venv_lib_python3_12_site-packages_PyQt6_Qt6 --> node_venv_lib_python3_12_site-packages_PyQt6_Qt6_qml["qml"]\n    node_venv_lib_python3_12_site-packages_PyQt6_Qt6_qml --> node_venv_lib_python3_12_site-packages_PyQt6_Qt6_qml_QtQuick["QtQuick"]\n    node_venv_lib_python3_12_site-packages_PyQt6_Qt6_qml_QtQuick --> node_venv_lib_python3_12_site-packages_PyQt6_Qt6_qml_QtQuick_NativeStyle["NativeStyle"]\n    node_venv_lib_python3_12_site-packages_PyQt6_Qt6_qml_QtQuick_NativeStyle --> node_venv_lib_python3_12_site-packages_PyQt6_Qt6_qml_QtQuick_NativeStyle_controls["controls"]\n    node_venv_lib_python3_12_site-packages_PyQt6_Qt6_qml_QtQuick_NativeStyle_controls --> node_venv_lib_python3_12_site-packages_PyQt6_Qt6_qml_QtQuick_NativeStyle_controls_DefaultTextField_qml["DefaultTextField.qml"]\n    Root --> node_venv["venv"]\n    node_venv --> node_venv_lib["lib"]\n    node_venv_lib --> node_venv_lib_python3_12["python3.12"]\n    node_venv_lib_python3_12 --> node_venv_lib_python3_12_site-packages["site-packages"]\n    node_venv_lib_python3_12_site-packages --> node_venv_lib_python3_12_site-packages_PyQt6["PyQt6"]\n    node_venv_lib_python3_12_site-packages_PyQt6 --> node_venv_lib_python3_12_site-packages_PyQt6_Qt6["Qt6"]\n    node_venv_lib_python3_12_site-packages_PyQt6_Qt6 --> node_venv_lib_python3_12_site-packages_PyQt6_Qt6_qml["qml"]\n    node_venv_lib_python3_12_site-packages_PyQt6_Qt6_qml --> node_venv_lib_python3_12_site-packages_PyQt6_Qt6_qml_QtQuick["QtQuick"]\n    node_venv_lib_python3_12_site-packages_PyQt6_Qt6_qml_QtQuick --> node_venv_lib_python3_12_site-packages_PyQt6_Qt6_qml_QtQuick_NativeStyle["NativeStyle"]\n    node_venv_lib_python3_12_site-packages_PyQt6_Qt6_qml_QtQuick_NativeStyle --> node_venv_lib_python3_12_site-packages_PyQt6_Qt6_qml_QtQuick_NativeStyle_controls["controls"]\n    node_venv_lib_python3_12_site-packages_PyQt6_Qt6_qml_QtQuick_NativeStyle_controls --> node_venv_lib_python3_12_site-packages_PyQt6_Qt6_qml_QtQuick_NativeStyle_controls_DefaultTreeViewDelegate_qml["DefaultTreeViewDelegate.qml"]\n    Root --> node_venv["venv"]\n    node_venv --> node_venv_lib["lib"]\n    node_venv_lib --> node_venv_lib_python3_12["python3.12"]\n    node_venv_lib_python3_12 --> node_venv_lib_python3_12_site-packages["site-packages"]\n    node_venv_lib_python3_12_site-packages --> node_venv_lib_python3_12_site-packages_PyQt6["PyQt6"]\n    node_venv_lib_python3_12_site-packages_PyQt6 --> node_venv_lib_python3_12_site-packages_PyQt6_Qt6["Qt6"]\n    node_venv_lib_python3_12_site-packages_PyQt6_Qt6 --> node_venv_lib_python3_12_site-packages_PyQt6_Qt6_qml["qml"]\n    node_venv_lib_python3_12_site-packages_PyQt6_Qt6_qml --> node_venv_lib_python3_12_site-packages_PyQt6_Qt6_qml_QtQuick["QtQuick"]\n    node_venv_lib_python3_12_site-packages_PyQt6_Qt6_qml_QtQuick --> node_venv_lib_python3_12_site-packages_PyQt6_Qt6_qml_QtQuick_NativeStyle["NativeStyle"]\n    node_venv_lib_python3_12_site-packages_PyQt6_Qt6_qml_QtQuick_NativeStyle --> node_venv_lib_python3_12_site-packages_PyQt6_Qt6_qml_QtQuick_NativeStyle_controls["controls"]\n    node_venv_lib_python3_12_site-packages_PyQt6_Qt6_qml_QtQuick_NativeStyle_controls --> node_venv_lib_python3_12_site-packages_PyQt6_Qt6_qml_QtQuick_NativeStyle_controls_qmldir["qmldir"]\n    Root --> node_venv["venv"]\n    node_venv --> node_venv_lib["lib"]\n    node_venv_lib --> node_venv_lib_python3_12["python3.12"]\n    node_venv_lib_python3_12 --> node_venv_lib_python3_12_site-packages["site-packages"]\n    node_venv_lib_python3_12_site-packages --> node_venv_lib_python3_12_site-packages_PyQt6["PyQt6"]\n    node_venv_lib_python3_12_site-packages_PyQt6 --> node_venv_lib_python3_12_site-packages_PyQt6_Qt6["Qt6"]\n    node_venv_lib_python3_12_site-packages_PyQt6_Qt6 --> node_venv_lib_python3_12_site-packages_PyQt6_Qt6_qml["qml"]\n    node_venv_lib_python3_12_site-packages_PyQt6_Qt6_qml --> node_venv_lib_python3_12_site-packages_PyQt6_Qt6_qml_QtWebChannel["QtWebChannel"]\n    node_venv_lib_python3_12_site-packages_PyQt6_Qt6_qml_QtWebChannel --> node_venv_lib_python3_12_site-packages_PyQt6_Qt6_qml_QtWebChannel_libwebchannelquickplugin_dylib["libwebchannelquickplugin.dylib"]\n    Root --> node_venv["venv"]\n    node_venv --> node_venv_lib["lib"]\n    node_venv_lib --> node_venv_lib_python3_12["python3.12"]\n    node_venv_lib_python3_12 --> node_venv_lib_python3_12_site-packages["site-packages"]\n    node_venv_lib_python3_12_site-packages --> node_venv_lib_python3_12_site-packages_PyQt6["PyQt6"]\n    node_venv_lib_python3_12_site-packages_PyQt6 --> node_venv_lib_python3_12_site-packages_PyQt6_Qt6["Qt6"]\n    node_venv_lib_python3_12_site-packages_PyQt6_Qt6 --> node_venv_lib_python3_12_site-packages_PyQt6_Qt6_qml["qml"]\n    node_venv_lib_python3_12_site-packages_PyQt6_Qt6_qml --> node_venv_lib_python3_12_site-packages_PyQt6_Qt6_qml_QtWebChannel["QtWebChannel"]\n    node_venv_lib_python3_12_site-packages_PyQt6_Qt6_qml_QtWebChannel --> node_venv_lib_python3_12_site-packages_PyQt6_Qt6_qml_QtWebChannel_plugins_qmltypes["plugins.qmltypes"]\n    Root --> node_venv["venv"]\n    node_venv --> node_venv_lib["lib"]\n    node_venv_lib --> node_venv_lib_python3_12["python3.12"]\n    node_venv_lib_python3_12 --> node_venv_lib_python3_12_site-packages["site-packages"]\n    node_venv_lib_python3_12_site-packages --> node_venv_lib_python3_12_site-packages_PyQt6["PyQt6"]\n    node_venv_lib_python3_12_site-packages_PyQt6 --> node_venv_lib_python3_12_site-packages_PyQt6_Qt6["Qt6"]\n    node_venv_lib_python3_12_site-packages_PyQt6_Qt6 --> node_venv_lib_python3_12_site-packages_PyQt6_Qt6_qml["qml"]\n    node_venv_lib_python3_12_site-packages_PyQt6_Qt6_qml --> node_venv_lib_python3_12_site-packages_PyQt6_Qt6_qml_QtWebChannel["QtWebChannel"]\n    node_venv_lib_python3_12_site-packages_PyQt6_Qt6_qml_QtWebChannel --> node_venv_lib_python3_12_site-packages_PyQt6_Qt6_qml_QtWebChannel_qmldir["qmldir"]\n    Root --> node_venv["venv"]\n    node_venv --> node_venv_lib["lib"]\n    node_venv_lib --> node_venv_lib_python3_12["python3.12"]\n    node_venv_lib_python3_12 --> node_venv_lib_python3_12_site-packages["site-packages"]\n    node_venv_lib_python3_12_site-packages --> node_venv_lib_python3_12_site-packages_PyQt6["PyQt6"]\n    node_venv_lib_python3_12_site-packages_PyQt6 --> node_venv_lib_python3_12_site-packages_PyQt6_Qt6["Qt6"]\n    node_venv_lib_python3_12_site-packages_PyQt6_Qt6 --> node_venv_lib_python3_12_site-packages_PyQt6_Qt6_qml["qml"]\n    node_venv_lib_python3_12_site-packages_PyQt6_Qt6_qml --> node_venv_lib_python3_12_site-packages_PyQt6_Qt6_qml_QtMultimedia["QtMultimedia"]\n    node_venv_lib_python3_12_site-packages_PyQt6_Qt6_qml_QtMultimedia --> node_venv_lib_python3_12_site-packages_PyQt6_Qt6_qml_QtMultimedia_Video_qml["Video.qml"]\n    Root --> node_venv["venv"]\n    node_venv --> node_venv_lib["lib"]\n    node_venv_lib --> node_venv_lib_python3_12["python3.12"]\n    node_venv_lib_python3_12 --> node_venv_lib_python3_12_site-packages["site-packages"]\n    node_venv_lib_python3_12_site-packages --> node_venv_lib_python3_12_site-packages_PyQt6["PyQt6"]\n    node_venv_lib_python3_12_site-packages_PyQt6 --> node_venv_lib_python3_12_site-packages_PyQt6_Qt6["Qt6"]\n    node_venv_lib_python3_12_site-packages_PyQt6_Qt6 --> node_venv_lib_python3_12_site-packages_PyQt6_Qt6_qml["qml"]\n    node_venv_lib_python3_12_site-packages_PyQt6_Qt6_qml --> node_venv_lib_python3_12_site-packages_PyQt6_Qt6_qml_QtMultimedia["QtMultimedia"]\n    node_venv_lib_python3_12_site-packages_PyQt6_Qt6_qml_QtMultimedia --> node_venv_lib_python3_12_site-packages_PyQt6_Qt6_qml_QtMultimedia_libquickmultimediaplugin_dylib["libquickmultimediaplugin.dylib"]\n    Root --> node_venv["venv"]\n    node_venv --> node_venv_lib["lib"]\n    node_venv_lib --> node_venv_lib_python3_12["python3.12"]\n    node_venv_lib_python3_12 --> node_venv_lib_python3_12_site-packages["site-packages"]\n    node_venv_lib_python3_12_site-packages --> node_venv_lib_python3_12_site-packages_PyQt6["PyQt6"]\n    node_venv_lib_python3_12_site-packages_PyQt6 --> node_venv_lib_python3_12_site-packages_PyQt6_Qt6["Qt6"]\n    node_venv_lib_python3_12_site-packages_PyQt6_Qt6 --> node_venv_lib_python3_12_site-packages_PyQt6_Qt6_qml["qml"]\n    node_venv_lib_python3_12_site-packages_PyQt6_Qt6_qml --> node_venv_lib_python3_12_site-packages_PyQt6_Qt6_qml_QtMultimedia["QtMultimedia"]\n    node_venv_lib_python3_12_site-packages_PyQt6_Qt6_qml_QtMultimedia --> node_venv_lib_python3_12_site-packages_PyQt6_Qt6_qml_QtMultimedia_plugins_qmltypes["plugins.qmltypes"]\n    Root --> node_venv["venv"]\n    node_venv --> node_venv_lib["lib"]\n    node_venv_lib --> node_venv_lib_python3_12["python3.12"]\n    node_venv_lib_python3_12 --> node_venv_lib_python3_12_site-packages["site-packages"]\n    node_venv_lib_python3_12_site-packages --> node_venv_lib_python3_12_site-packages_PyQt6["PyQt6"]\n    node_venv_lib_python3_12_site-packages_PyQt6 --> node_venv_lib_python3_12_site-packages_PyQt6_Qt6["Qt6"]\n    node_venv_lib_python3_12_site-packages_PyQt6_Qt6 --> node_venv_lib_python3_12_site-packages_PyQt6_Qt6_qml["qml"]\n    node_venv_lib_python3_12_site-packages_PyQt6_Qt6_qml --> node_venv_lib_python3_12_site-packages_PyQt6_Qt6_qml_QtMultimedia["QtMultimedia"]\n    node_venv_lib_python3_12_site-packages_PyQt6_Qt6_qml_QtMultimedia --> node_venv_lib_python3_12_site-packages_PyQt6_Qt6_qml_QtMultimedia_qmldir["qmldir"]\n    Root --> node_venv["venv"]\n    node_venv --> node_venv_lib["lib"]\n    node_venv_lib --> node_venv_lib_python3_12["python3.12"]\n    node_venv_lib_python3_12 --> node_venv_lib_python3_12_site-packages["site-packages"]\n    node_venv_lib_python3_12_site-packages --> node_venv_lib_python3_12_site-packages_PyQt6["PyQt6"]\n    node_venv_lib_python3_12_site-packages_PyQt6 --> node_venv_lib_python3_12_site-packages_PyQt6_Qt6["Qt6"]\n    node_venv_lib_python3_12_site-packages_PyQt6_Qt6 --> node_venv_lib_python3_12_site-packages_PyQt6_Qt6_qml["qml"]\n    node_venv_lib_python3_12_site-packages_PyQt6_Qt6_qml --> node_venv_lib_python3_12_site-packages_PyQt6_Qt6_qml_QtPositioning["QtPositioning"]\n    node_venv_lib_python3_12_site-packages_PyQt6_Qt6_qml_QtPositioning --> node_venv_lib_python3_12_site-packages_PyQt6_Qt6_qml_QtPositioning_libpositioningquickplugin_dylib["libpositioningquickplugin.dylib"]\n    Root --> node_venv["venv"]\n    node_venv --> node_venv_lib["lib"]\n    node_venv_lib --> node_venv_lib_python3_12["python3.12"]\n    node_venv_lib_python3_12 --> node_venv_lib_python3_12_site-packages["site-packages"]\n    node_venv_lib_python3_12_site-packages --> node_venv_lib_python3_12_site-packages_PyQt6["PyQt6"]\n    node_venv_lib_python3_12_site-packages_PyQt6 --> node_venv_lib_python3_12_site-packages_PyQt6_Qt6["Qt6"]\n    node_venv_lib_python3_12_site-packages_PyQt6_Qt6 --> node_venv_lib_python3_12_site-packages_PyQt6_Qt6_qml["qml"]\n    node_venv_lib_python3_12_site-packages_PyQt6_Qt6_qml --> node_venv_lib_python3_12_site-packages_PyQt6_Qt6_qml_QtPositioning["QtPositioning"]\n    node_venv_lib_python3_12_site-packages_PyQt6_Qt6_qml_QtPositioning --> node_venv_lib_python3_12_site-packages_PyQt6_Qt6_qml_QtPositioning_plugins_qmltypes["plugins.qmltypes"]\n    Root --> node_venv["venv"]\n    node_venv --> node_venv_lib["lib"]\n    node_venv_lib --> node_venv_lib_python3_12["python3.12"]\n    node_venv_lib_python3_12 --> node_venv_lib_python3_12_site-packages["site-packages"]\n    node_venv_lib_python3_12_site-packages --> node_venv_lib_python3_12_site-packages_PyQt6["PyQt6"]\n    node_venv_lib_python3_12_site-packages_PyQt6 --> node_venv_lib_python3_12_site-packages_PyQt6_Qt6["Qt6"]\n    node_venv_lib_python3_12_site-packages_PyQt6_Qt6 --> node_venv_lib_python3_12_site-packages_PyQt6_Qt6_qml["qml"]\n    node_venv_lib_python3_12_site-packages_PyQt6_Qt6_qml --> node_venv_lib_python3_12_site-packages_PyQt6_Qt6_qml_QtPositioning["QtPositioning"]\n    node_venv_lib_python3_12_site-packages_PyQt6_Qt6_qml_QtPositioning --> node_venv_lib_python3_12_site-packages_PyQt6_Qt6_qml_QtPositioning_qmldir["qmldir"]\n    Root --> node_venv["venv"]\n    node_venv --> node_venv_lib["lib"]\n    node_venv_lib --> node_venv_lib_python3_12["python3.12"]\n    node_venv_lib_python3_12 --> node_venv_lib_python3_12_site-packages["site-packages"]\n    node_venv_lib_python3_12_site-packages --> node_venv_lib_python3_12_site-packages_PyQt6["PyQt6"]\n    node_venv_lib_python3_12_site-packages_PyQt6 --> node_venv_lib_python3_12_site-packages_PyQt6_Qt6["Qt6"]\n    node_venv_lib_python3_12_site-packages_PyQt6_Qt6 --> node_venv_lib_python3_12_site-packages_PyQt6_Qt6_qml["qml"]\n    node_venv_lib_python3_12_site-packages_PyQt6_Qt6_qml --> node_venv_lib_python3_12_site-packages_PyQt6_Qt6_qml_QtTextToSpeech["QtTextToSpeech"]\n    node_venv_lib_python3_12_site-packages_PyQt6_Qt6_qml_QtTextToSpeech --> node_venv_lib_python3_12_site-packages_PyQt6_Qt6_qml_QtTextToSpeech_libtexttospeechqmlplugin_dylib["libtexttospeechqmlplugin.dylib"]\n    Root --> node_venv["venv"]\n    node_venv --> node_venv_lib["lib"]\n    node_venv_lib --> node_venv_lib_python3_12["python3.12"]\n    node_venv_lib_python3_12 --> node_venv_lib_python3_12_site-packages["site-packages"]\n    node_venv_lib_python3_12_site-packages --> node_venv_lib_python3_12_site-packages_PyQt6["PyQt6"]\n    node_venv_lib_python3_12_site-packages_PyQt6 --> node_venv_lib_python3_12_site-packages_PyQt6_Qt6["Qt6"]\n    node_venv_lib_python3_12_site-packages_PyQt6_Qt6 --> node_venv_lib_python3_12_site-packages_PyQt6_Qt6_qml["qml"]\n    node_venv_lib_python3_12_site-packages_PyQt6_Qt6_qml --> node_venv_lib_python3_12_site-packages_PyQt6_Qt6_qml_QtTextToSpeech["QtTextToSpeech"]\n    node_venv_lib_python3_12_site-packages_PyQt6_Qt6_qml_QtTextToSpeech --> node_venv_lib_python3_12_site-packages_PyQt6_Qt6_qml_QtTextToSpeech_plugins_qmltypes["plugins.qmltypes"]\n    Root --> node_venv["venv"]\n    node_venv --> node_venv_lib["lib"]\n    node_venv_lib --> node_venv_lib_python3_12["python3.12"]\n    node_venv_lib_python3_12 --> node_venv_lib_python3_12_site-packages["site-packages"]\n    node_venv_lib_python3_12_site-packages --> node_venv_lib_python3_12_site-packages_PyQt6["PyQt6"]\n    node_venv_lib_python3_12_site-packages_PyQt6 --> node_venv_lib_python3_12_site-packages_PyQt6_Qt6["Qt6"]\n    node_venv_lib_python3_12_site-packages_PyQt6_Qt6 --> node_venv_lib_python3_12_site-packages_PyQt6_Qt6_qml["qml"]\n    node_venv_lib_python3_12_site-packages_PyQt6_Qt6_qml --> node_venv_lib_python3_12_site-packages_PyQt6_Qt6_qml_QtTextToSpeech["QtTextToSpeech"]\n    node_venv_lib_python3_12_site-packages_PyQt6_Qt6_qml_QtTextToSpeech --> node_venv_lib_python3_12_site-packages_PyQt6_Qt6_qml_QtTextToSpeech_qmldir["qmldir"]\n    Root --> node_venv["venv"]\n    node_venv --> node_venv_lib["lib"]\n    node_venv_lib --> node_venv_lib_python3_12["python3.12"]\n    node_venv_lib_python3_12 --> node_venv_lib_python3_12_site-packages["site-packages"]\n    node_venv_lib_python3_12_site-packages --> node_venv_lib_python3_12_site-packages_PyQt6["PyQt6"]\n    node_venv_lib_python3_12_site-packages_PyQt6 --> node_venv_lib_python3_12_site-packages_PyQt6_Qt6["Qt6"]\n    node_venv_lib_python3_12_site-packages_PyQt6_Qt6 --> node_venv_lib_python3_12_site-packages_PyQt6_Qt6_qml["qml"]\n    node_venv_lib_python3_12_site-packages_PyQt6_Qt6_qml --> node_venv_lib_python3_12_site-packages_PyQt6_Qt6_qml_QtCore["QtCore"]\n    node_venv_lib_python3_12_site-packages_PyQt6_Qt6_qml_QtCore --> node_venv_lib_python3_12_site-packages_PyQt6_Qt6_qml_QtCore_libqtqmlcoreplugin_dylib["libqtqmlcoreplugin.dylib"]\n    Root --> node_venv["venv"]\n    node_venv --> node_venv_lib["lib"]\n    node_venv_lib --> node_venv_lib_python3_12["python3.12"]\n    node_venv_lib_python3_12 --> node_venv_lib_python3_12_site-packages["site-packages"]\n    node_venv_lib_python3_12_site-packages --> node_venv_lib_python3_12_site-packages_PyQt6["PyQt6"]\n    node_venv_lib_python3_12_site-packages_PyQt6 --> node_venv_lib_python3_12_site-packages_PyQt6_Qt6["Qt6"]\n    node_venv_lib_python3_12_site-packages_PyQt6_Qt6 --> node_venv_lib_python3_12_site-packages_PyQt6_Qt6_qml["qml"]\n    node_venv_lib_python3_12_site-packages_PyQt6_Qt6_qml --> node_venv_lib_python3_12_site-packages_PyQt6_Qt6_qml_QtCore["QtCore"]\n    node_venv_lib_python3_12_site-packages_PyQt6_Qt6_qml_QtCore --> node_venv_lib_python3_12_site-packages_PyQt6_Qt6_qml_QtCore_plugins_qmltypes["plugins.qmltypes"]\n    Root --> node_venv["venv"]\n    node_venv --> node_venv_lib["lib"]\n    node_venv_lib --> node_venv_lib_python3_12["python3.12"]\n    node_venv_lib_python3_12 --> node_venv_lib_python3_12_site-packages["site-packages"]\n    node_venv_lib_python3_12_site-packages --> node_venv_lib_python3_12_site-packages_PyQt6["PyQt6"]\n    node_venv_lib_python3_12_site-packages_PyQt6 --> node_venv_lib_python3_12_site-packages_PyQt6_Qt6["Qt6"]\n    node_venv_lib_python3_12_site-packages_PyQt6_Qt6 --> node_venv_lib_python3_12_site-packages_PyQt6_Qt6_qml["qml"]\n    node_venv_lib_python3_12_site-packages_PyQt6_Qt6_qml --> node_venv_lib_python3_12_site-packages_PyQt6_Qt6_qml_QtCore["QtCore"]\n    node_venv_lib_python3_12_site-packages_PyQt6_Qt6_qml_QtCore --> node_venv_lib_python3_12_site-packages_PyQt6_Qt6_qml_QtCore_qmldir["qmldir"]\n    Root --> node_venv["venv"]\n    node_venv --> node_venv_lib["lib"]\n    node_venv_lib --> node_venv_lib_python3_12["python3.12"]\n    node_venv_lib_python3_12 --> node_venv_lib_python3_12_site-packages["site-packages"]\n    node_venv_lib_python3_12_site-packages --> node_venv_lib_python3_12_site-packages_PyQt6["PyQt6"]\n    node_venv_lib_python3_12_site-packages_PyQt6 --> node_venv_lib_python3_12_site-packages_PyQt6_Qt6["Qt6"]\n    node_venv_lib_python3_12_site-packages_PyQt6_Qt6 --> node_venv_lib_python3_12_site-packages_PyQt6_Qt6_qml["qml"]\n    node_venv_lib_python3_12_site-packages_PyQt6_Qt6_qml --> node_venv_lib_python3_12_site-packages_PyQt6_Qt6_qml_QtTest["QtTest"]\n    node_venv_lib_python3_12_site-packages_PyQt6_Qt6_qml_QtTest --> node_venv_lib_python3_12_site-packages_PyQt6_Qt6_qml_QtTest_SignalSpy_qml["SignalSpy.qml"]\n    Root --> node_venv["venv"]\n    node_venv --> node_venv_lib["lib"]\n    node_venv_lib --> node_venv_lib_python3_12["python3.12"]\n    node_venv_lib_python3_12 --> node_venv_lib_python3_12_site-packages["site-packages"]\n    node_venv_lib_python3_12_site-packages --> node_venv_lib_python3_12_site-packages_PyQt6["PyQt6"]\n    node_venv_lib_python3_12_site-packages_PyQt6 --> node_venv_lib_python3_12_site-packages_PyQt6_Qt6["Qt6"]\n    node_venv_lib_python3_12_site-packages_PyQt6_Qt6 --> node_venv_lib_python3_12_site-packages_PyQt6_Qt6_qml["qml"]\n    node_venv_lib_python3_12_site-packages_PyQt6_Qt6_qml --> node_venv_lib_python3_12_site-packages_PyQt6_Qt6_qml_QtTest["QtTest"]\n    node_venv_lib_python3_12_site-packages_PyQt6_Qt6_qml_QtTest --> node_venv_lib_python3_12_site-packages_PyQt6_Qt6_qml_QtTest_TestCase_qml["TestCase.qml"]\n    Root --> node_venv["venv"]\n    node_venv --> node_venv_lib["lib"]\n    node_venv_lib --> node_venv_lib_python3_12["python3.12"]\n    node_venv_lib_python3_12 --> node_venv_lib_python3_12_site-packages["site-packages"]\n    node_venv_lib_python3_12_site-packages --> node_venv_lib_python3_12_site-packages_PyQt6["PyQt6"]\n    node_venv_lib_python3_12_site-packages_PyQt6 --> node_venv_lib_python3_12_site-packages_PyQt6_Qt6["Qt6"]\n    node_venv_lib_python3_12_site-packages_PyQt6_Qt6 --> node_venv_lib_python3_12_site-packages_PyQt6_Qt6_qml["qml"]\n    node_venv_lib_python3_12_site-packages_PyQt6_Qt6_qml --> node_venv_lib_python3_12_site-packages_PyQt6_Qt6_qml_QtTest["QtTest"]\n    node_venv_lib_python3_12_site-packages_PyQt6_Qt6_qml_QtTest --> node_venv_lib_python3_12_site-packages_PyQt6_Qt6_qml_QtTest_TestSchedule_qml["TestSchedule.qml"]\n    Root --> node_venv["venv"]\n    node_venv --> node_venv_lib["lib"]\n    node_venv_lib --> node_venv_lib_python3_12["python3.12"]\n    node_venv_lib_python3_12 --> node_venv_lib_python3_12_site-packages["site-packages"]\n    node_venv_lib_python3_12_site-packages --> node_venv_lib_python3_12_site-packages_PyQt6["PyQt6"]\n    node_venv_lib_python3_12_site-packages_PyQt6 --> node_venv_lib_python3_12_site-packages_PyQt6_Qt6["Qt6"]\n    node_venv_lib_python3_12_site-packages_PyQt6_Qt6 --> node_venv_lib_python3_12_site-packages_PyQt6_Qt6_qml["qml"]\n    node_venv_lib_python3_12_site-packages_PyQt6_Qt6_qml --> node_venv_lib_python3_12_site-packages_PyQt6_Qt6_qml_QtTest["QtTest"]\n    node_venv_lib_python3_12_site-packages_PyQt6_Qt6_qml_QtTest --> node_venv_lib_python3_12_site-packages_PyQt6_Qt6_qml_QtTest_libquicktestplugin_dylib["libquicktestplugin.dylib"]\n    Root --> node_venv["venv"]\n    node_venv --> node_venv_lib["lib"]\n    node_venv_lib --> node_venv_lib_python3_12["python3.12"]\n    node_venv_lib_python3_12 --> node_venv_lib_python3_12_site-packages["site-packages"]\n    node_venv_lib_python3_12_site-packages --> node_venv_lib_python3_12_site-packages_PyQt6["PyQt6"]\n    node_venv_lib_python3_12_site-packages_PyQt6 --> node_venv_lib_python3_12_site-packages_PyQt6_Qt6["Qt6"]\n    node_venv_lib_python3_12_site-packages_PyQt6_Qt6 --> node_venv_lib_python3_12_site-packages_PyQt6_Qt6_qml["qml"]\n    node_venv_lib_python3_12_site-packages_PyQt6_Qt6_qml --> node_venv_lib_python3_12_site-packages_PyQt6_Qt6_qml_QtTest["QtTest"]\n    node_venv_lib_python3_12_site-packages_PyQt6_Qt6_qml_QtTest --> node_venv_lib_python3_12_site-packages_PyQt6_Qt6_qml_QtTest_plugins_qmltypes["plugins.qmltypes"]\n    Root --> node_venv["venv"]\n    node_venv --> node_venv_lib["lib"]\n    node_venv_lib --> node_venv_lib_python3_12["python3.12"]\n    node_venv_lib_python3_12 --> node_venv_lib_python3_12_site-packages["site-packages"]\n    node_venv_lib_python3_12_site-packages --> node_venv_lib_python3_12_site-packages_PyQt6["PyQt6"]\n    node_venv_lib_python3_12_site-packages_PyQt6 --> node_venv_lib_python3_12_site-packages_PyQt6_Qt6["Qt6"]\n    node_venv_lib_python3_12_site-packages_PyQt6_Qt6 --> node_venv_lib_python3_12_site-packages_PyQt6_Qt6_qml["qml"]\n    node_venv_lib_python3_12_site-packages_PyQt6_Qt6_qml --> node_venv_lib_python3_12_site-packages_PyQt6_Qt6_qml_QtTest["QtTest"]\n    node_venv_lib_python3_12_site-packages_PyQt6_Qt6_qml_QtTest --> node_venv_lib_python3_12_site-packages_PyQt6_Qt6_qml_QtTest_qmldir["qmldir"]\n    Root --> node_venv["venv"]\n    node_venv --> node_venv_lib["lib"]\n    node_venv_lib --> node_venv_lib_python3_12["python3.12"]\n    node_venv_lib_python3_12 --> node_venv_lib_python3_12_site-packages["site-packages"]\n    node_venv_lib_python3_12_site-packages --> node_venv_lib_python3_12_site-packages_PyQt6["PyQt6"]\n    node_venv_lib_python3_12_site-packages_PyQt6 --> node_venv_lib_python3_12_site-packages_PyQt6_Qt6["Qt6"]\n    node_venv_lib_python3_12_site-packages_PyQt6_Qt6 --> node_venv_lib_python3_12_site-packages_PyQt6_Qt6_qml["qml"]\n    node_venv_lib_python3_12_site-packages_PyQt6_Qt6_qml --> node_venv_lib_python3_12_site-packages_PyQt6_Qt6_qml_QtTest["QtTest"]\n    node_venv_lib_python3_12_site-packages_PyQt6_Qt6_qml_QtTest --> node_venv_lib_python3_12_site-packages_PyQt6_Qt6_qml_QtTest_testlogger_js["testlogger.js"]\n    Root --> node_venv["venv"]\n    node_venv --> node_venv_lib["lib"]\n    node_venv_lib --> node_venv_lib_python3_12["python3.12"]\n    node_venv_lib_python3_12 --> node_venv_lib_python3_12_site-packages["site-packages"]\n    node_venv_lib_python3_12_site-packages --> node_venv_lib_python3_12_site-packages_PyQt6["PyQt6"]\n    node_venv_lib_python3_12_site-packages_PyQt6 --> node_venv_lib_python3_12_site-packages_PyQt6_Qt6["Qt6"]\n    node_venv_lib_python3_12_site-packages_PyQt6_Qt6 --> node_venv_lib_python3_12_site-packages_PyQt6_Qt6_plugins["plugins"]\n    node_venv_lib_python3_12_site-packages_PyQt6_Qt6_plugins --> node_venv_lib_python3_12_site-packages_PyQt6_Qt6_plugins_renderers["renderers"]\n    node_venv_lib_python3_12_site-packages_PyQt6_Qt6_plugins_renderers --> node_venv_lib_python3_12_site-packages_PyQt6_Qt6_plugins_renderers_libopenglrenderer_dylib["libopenglrenderer.dylib"]\n    Root --> node_venv["venv"]\n    node_venv --> node_venv_lib["lib"]\n    node_venv_lib --> node_venv_lib_python3_12["python3.12"]\n    node_venv_lib_python3_12 --> node_venv_lib_python3_12_site-packages["site-packages"]\n    node_venv_lib_python3_12_site-packages --> node_venv_lib_python3_12_site-packages_PyQt6["PyQt6"]\n    node_venv_lib_python3_12_site-packages_PyQt6 --> node_venv_lib_python3_12_site-packages_PyQt6_Qt6["Qt6"]\n    node_venv_lib_python3_12_site-packages_PyQt6_Qt6 --> node_venv_lib_python3_12_site-packages_PyQt6_Qt6_plugins["plugins"]\n    node_venv_lib_python3_12_site-packages_PyQt6_Qt6_plugins --> node_venv_lib_python3_12_site-packages_PyQt6_Qt6_plugins_renderers["renderers"]\n    node_venv_lib_python3_12_site-packages_PyQt6_Qt6_plugins_renderers --> node_venv_lib_python3_12_site-packages_PyQt6_Qt6_plugins_renderers_librhirenderer_dylib["librhirenderer.dylib"]\n    Root --> node_venv["venv"]\n    node_venv --> node_venv_lib["lib"]\n    node_venv_lib --> node_venv_lib_python3_12["python3.12"]\n    node_venv_lib_python3_12 --> node_venv_lib_python3_12_site-packages["site-packages"]\n    node_venv_lib_python3_12_site-packages --> node_venv_lib_python3_12_site-packages_PyQt6["PyQt6"]\n    node_venv_lib_python3_12_site-packages_PyQt6 --> node_venv_lib_python3_12_site-packages_PyQt6_Qt6["Qt6"]\n    node_venv_lib_python3_12_site-packages_PyQt6_Qt6 --> node_venv_lib_python3_12_site-packages_PyQt6_Qt6_plugins["plugins"]\n    node_venv_lib_python3_12_site-packages_PyQt6_Qt6_plugins --> node_venv_lib_python3_12_site-packages_PyQt6_Qt6_plugins_sensors["sensors"]\n    node_venv_lib_python3_12_site-packages_PyQt6_Qt6_plugins_sensors --> node_venv_lib_python3_12_site-packages_PyQt6_Qt6_plugins_sensors_libqtsensors_generic_dylib["libqtsensors_generic.dylib"]\n    Root --> node_venv["venv"]\n    node_venv --> node_venv_lib["lib"]\n    node_venv_lib --> node_venv_lib_python3_12["python3.12"]\n    node_venv_lib_python3_12 --> node_venv_lib_python3_12_site-packages["site-packages"]\n    node_venv_lib_python3_12_site-packages --> node_venv_lib_python3_12_site-packages_PyQt6["PyQt6"]\n    node_venv_lib_python3_12_site-packages_PyQt6 --> node_venv_lib_python3_12_site-packages_PyQt6_Qt6["Qt6"]\n    node_venv_lib_python3_12_site-packages_PyQt6_Qt6 --> node_venv_lib_python3_12_site-packages_PyQt6_Qt6_plugins["plugins"]\n    node_venv_lib_python3_12_site-packages_PyQt6_Qt6_plugins --> node_venv_lib_python3_12_site-packages_PyQt6_Qt6_plugins_sceneparsers["sceneparsers"]\n    node_venv_lib_python3_12_site-packages_PyQt6_Qt6_plugins_sceneparsers --> node_venv_lib_python3_12_site-packages_PyQt6_Qt6_plugins_sceneparsers_libassimpsceneimport_dylib["libassimpsceneimport.dylib"]\n    Root --> node_venv["venv"]\n    node_venv --> node_venv_lib["lib"]\n    node_venv_lib --> node_venv_lib_python3_12["python3.12"]\n    node_venv_lib_python3_12 --> node_venv_lib_python3_12_site-packages["site-packages"]\n    node_venv_lib_python3_12_site-packages --> node_venv_lib_python3_12_site-packages_PyQt6["PyQt6"]\n    node_venv_lib_python3_12_site-packages_PyQt6 --> node_venv_lib_python3_12_site-packages_PyQt6_Qt6["Qt6"]\n    node_venv_lib_python3_12_site-packages_PyQt6_Qt6 --> node_venv_lib_python3_12_site-packages_PyQt6_Qt6_plugins["plugins"]\n    node_venv_lib_python3_12_site-packages_PyQt6_Qt6_plugins --> node_venv_lib_python3_12_site-packages_PyQt6_Qt6_plugins_sceneparsers["sceneparsers"]\n    node_venv_lib_python3_12_site-packages_PyQt6_Qt6_plugins_sceneparsers --> node_venv_lib_python3_12_site-packages_PyQt6_Qt6_plugins_sceneparsers_libgltfsceneexport_dylib["libgltfsceneexport.dylib"]\n    Root --> node_venv["venv"]\n    node_venv --> node_venv_lib["lib"]\n    node_venv_lib --> node_venv_lib_python3_12["python3.12"]\n    node_venv_lib_python3_12 --> node_venv_lib_python3_12_site-packages["site-packages"]\n    node_venv_lib_python3_12_site-packages --> node_venv_lib_python3_12_site-packages_PyQt6["PyQt6"]\n    node_venv_lib_python3_12_site-packages_PyQt6 --> node_venv_lib_python3_12_site-packages_PyQt6_Qt6["Qt6"]\n    node_venv_lib_python3_12_site-packages_PyQt6_Qt6 --> node_venv_lib_python3_12_site-packages_PyQt6_Qt6_plugins["plugins"]\n    node_venv_lib_python3_12_site-packages_PyQt6_Qt6_plugins --> node_venv_lib_python3_12_site-packages_PyQt6_Qt6_plugins_sceneparsers["sceneparsers"]\n    node_venv_lib_python3_12_site-packages_PyQt6_Qt6_plugins_sceneparsers --> node_venv_lib_python3_12_site-packages_PyQt6_Qt6_plugins_sceneparsers_libgltfsceneimport_dylib["libgltfsceneimport.dylib"]\n    Root --> node_venv["venv"]\n    node_venv --> node_venv_lib["lib"]\n    node_venv_lib --> node_venv_lib_python3_12["python3.12"]\n    node_venv_lib_python3_12 --> node_venv_lib_python3_12_site-packages["site-packages"]\n    node_venv_lib_python3_12_site-packages --> node_venv_lib_python3_12_site-packages_PyQt6["PyQt6"]\n    node_venv_lib_python3_12_site-packages_PyQt6 --> node_venv_lib_python3_12_site-packages_PyQt6_Qt6["Qt6"]\n    node_venv_lib_python3_12_site-packages_PyQt6_Qt6 --> node_venv_lib_python3_12_site-packages_PyQt6_Qt6_plugins["plugins"]\n    node_venv_lib_python3_12_site-packages_PyQt6_Qt6_plugins --> node_venv_lib_python3_12_site-packages_PyQt6_Qt6_plugins_platforms["platforms"]\n    node_venv_lib_python3_12_site-packages_PyQt6_Qt6_plugins_platforms --> node_venv_lib_python3_12_site-packages_PyQt6_Qt6_plugins_platforms_libqcocoa_dylib["libqcocoa.dylib"]\n    Root --> node_venv["venv"]\n    node_venv --> node_venv_lib["lib"]\n    node_venv_lib --> node_venv_lib_python3_12["python3.12"]\n    node_venv_lib_python3_12 --> node_venv_lib_python3_12_site-packages["site-packages"]\n    node_venv_lib_python3_12_site-packages --> node_venv_lib_python3_12_site-packages_PyQt6["PyQt6"]\n    node_venv_lib_python3_12_site-packages_PyQt6 --> node_venv_lib_python3_12_site-packages_PyQt6_Qt6["Qt6"]\n    node_venv_lib_python3_12_site-packages_PyQt6_Qt6 --> node_venv_lib_python3_12_site-packages_PyQt6_Qt6_plugins["plugins"]\n    node_venv_lib_python3_12_site-packages_PyQt6_Qt6_plugins --> node_venv_lib_python3_12_site-packages_PyQt6_Qt6_plugins_platforms["platforms"]\n    node_venv_lib_python3_12_site-packages_PyQt6_Qt6_plugins_platforms --> node_venv_lib_python3_12_site-packages_PyQt6_Qt6_plugins_platforms_libqminimal_dylib["libqminimal.dylib"]\n    Root --> node_venv["venv"]\n    node_venv --> node_venv_lib["lib"]\n    node_venv_lib --> node_venv_lib_python3_12["python3.12"]\n    node_venv_lib_python3_12 --> node_venv_lib_python3_12_site-packages["site-packages"]\n    node_venv_lib_python3_12_site-packages --> node_venv_lib_python3_12_site-packages_PyQt6["PyQt6"]\n    node_venv_lib_python3_12_site-packages_PyQt6 --> node_venv_lib_python3_12_site-packages_PyQt6_Qt6["Qt6"]\n    node_venv_lib_python3_12_site-packages_PyQt6_Qt6 --> node_venv_lib_python3_12_site-packages_PyQt6_Qt6_plugins["plugins"]\n    node_venv_lib_python3_12_site-packages_PyQt6_Qt6_plugins --> node_venv_lib_python3_12_site-packages_PyQt6_Qt6_plugins_platforms["platforms"]\n    node_venv_lib_python3_12_site-packages_PyQt6_Qt6_plugins_platforms --> node_venv_lib_python3_12_site-packages_PyQt6_Qt6_plugins_platforms_libqoffscreen_dylib["libqoffscreen.dylib"]\n    Root --> node_venv["venv"]\n    node_venv --> node_venv_lib["lib"]\n    node_venv_lib --> node_venv_lib_python3_12["python3.12"]\n    node_venv_lib_python3_12 --> node_venv_lib_python3_12_site-packages["site-packages"]\n    node_venv_lib_python3_12_site-packages --> node_venv_lib_python3_12_site-packages_PyQt6["PyQt6"]\n    node_venv_lib_python3_12_site-packages_PyQt6 --> node_venv_lib_python3_12_site-packages_PyQt6_Qt6["Qt6"]\n    node_venv_lib_python3_12_site-packages_PyQt6_Qt6 --> node_venv_lib_python3_12_site-packages_PyQt6_Qt6_plugins["plugins"]\n    node_venv_lib_python3_12_site-packages_PyQt6_Qt6_plugins --> node_venv_lib_python3_12_site-packages_PyQt6_Qt6_plugins_assetimporters["assetimporters"]\n    node_venv_lib_python3_12_site-packages_PyQt6_Qt6_plugins_assetimporters --> node_venv_lib_python3_12_site-packages_PyQt6_Qt6_plugins_assetimporters_libassimp_dylib["libassimp.dylib"]\n    Root --> node_venv["venv"]\n    node_venv --> node_venv_lib["lib"]\n    node_venv_lib --> node_venv_lib_python3_12["python3.12"]\n    node_venv_lib_python3_12 --> node_venv_lib_python3_12_site-packages["site-packages"]\n    node_venv_lib_python3_12_site-packages --> node_venv_lib_python3_12_site-packages_PyQt6["PyQt6"]\n    node_venv_lib_python3_12_site-packages_PyQt6 --> node_venv_lib_python3_12_site-packages_PyQt6_Qt6["Qt6"]\n    node_venv_lib_python3_12_site-packages_PyQt6_Qt6 --> node_venv_lib_python3_12_site-packages_PyQt6_Qt6_plugins["plugins"]\n    node_venv_lib_python3_12_site-packages_PyQt6_Qt6_plugins --> node_venv_lib_python3_12_site-packages_PyQt6_Qt6_plugins_position["position"]\n    node_venv_lib_python3_12_site-packages_PyQt6_Qt6_plugins_position --> node_venv_lib_python3_12_site-packages_PyQt6_Qt6_plugins_position_libqtposition_cl_dylib["libqtposition_cl.dylib"]\n    Root --> node_venv["venv"]\n    node_venv --> node_venv_lib["lib"]\n    node_venv_lib --> node_venv_lib_python3_12["python3.12"]\n    node_venv_lib_python3_12 --> node_venv_lib_python3_12_site-packages["site-packages"]\n    node_venv_lib_python3_12_site-packages --> node_venv_lib_python3_12_site-packages_PyQt6["PyQt6"]\n    node_venv_lib_python3_12_site-packages_PyQt6 --> node_venv_lib_python3_12_site-packages_PyQt6_Qt6["Qt6"]\n    node_venv_lib_python3_12_site-packages_PyQt6_Qt6 --> node_venv_lib_python3_12_site-packages_PyQt6_Qt6_plugins["plugins"]\n    node_venv_lib_python3_12_site-packages_PyQt6_Qt6_plugins --> node_venv_lib_python3_12_site-packages_PyQt6_Qt6_plugins_position["position"]\n    node_venv_lib_python3_12_site-packages_PyQt6_Qt6_plugins_position --> node_venv_lib_python3_12_site-packages_PyQt6_Qt6_plugins_position_libqtposition_nmea_dylib["libqtposition_nmea.dylib"]\n    Root --> node_venv["venv"]\n    node_venv --> node_venv_lib["lib"]\n    node_venv_lib --> node_venv_lib_python3_12["python3.12"]\n    node_venv_lib_python3_12 --> node_venv_lib_python3_12_site-packages["site-packages"]\n    node_venv_lib_python3_12_site-packages --> node_venv_lib_python3_12_site-packages_PyQt6["PyQt6"]\n    node_venv_lib_python3_12_site-packages_PyQt6 --> node_venv_lib_python3_12_site-packages_PyQt6_Qt6["Qt6"]\n    node_venv_lib_python3_12_site-packages_PyQt6_Qt6 --> node_venv_lib_python3_12_site-packages_PyQt6_Qt6_plugins["plugins"]\n    node_venv_lib_python3_12_site-packages_PyQt6_Qt6_plugins --> node_venv_lib_python3_12_site-packages_PyQt6_Qt6_plugins_position["position"]\n    node_venv_lib_python3_12_site-packages_PyQt6_Qt6_plugins_position --> node_venv_lib_python3_12_site-packages_PyQt6_Qt6_plugins_position_libqtposition_positionpoll_dylib["libqtposition_positionpoll.dylib"]\n    Root --> node_venv["venv"]\n    node_venv --> node_venv_lib["lib"]\n    node_venv_lib --> node_venv_lib_python3_12["python3.12"]\n    node_venv_lib_python3_12 --> node_venv_lib_python3_12_site-packages["site-packages"]\n    node_venv_lib_python3_12_site-packages --> node_venv_lib_python3_12_site-packages_PyQt6["PyQt6"]\n    node_venv_lib_python3_12_site-packages_PyQt6 --> node_venv_lib_python3_12_site-packages_PyQt6_Qt6["Qt6"]\n    node_venv_lib_python3_12_site-packages_PyQt6_Qt6 --> node_venv_lib_python3_12_site-packages_PyQt6_Qt6_plugins["plugins"]\n    node_venv_lib_python3_12_site-packages_PyQt6_Qt6_plugins --> node_venv_lib_python3_12_site-packages_PyQt6_Qt6_plugins_webview["webview"]\n    node_venv_lib_python3_12_site-packages_PyQt6_Qt6_plugins_webview --> node_venv_lib_python3_12_site-packages_PyQt6_Qt6_plugins_webview_libqtwebview_darwin_dylib["libqtwebview_darwin.dylib"]\n    Root --> node_venv["venv"]\n    node_venv --> node_venv_lib["lib"]\n    node_venv_lib --> node_venv_lib_python3_12["python3.12"]\n    node_venv_lib_python3_12 --> node_venv_lib_python3_12_site-packages["site-packages"]\n    node_venv_lib_python3_12_site-packages --> node_venv_lib_python3_12_site-packages_PyQt6["PyQt6"]\n    node_venv_lib_python3_12_site-packages_PyQt6 --> node_venv_lib_python3_12_site-packages_PyQt6_Qt6["Qt6"]\n    node_venv_lib_python3_12_site-packages_PyQt6_Qt6 --> node_venv_lib_python3_12_site-packages_PyQt6_Qt6_plugins["plugins"]\n    node_venv_lib_python3_12_site-packages_PyQt6_Qt6_plugins --> node_venv_lib_python3_12_site-packages_PyQt6_Qt6_plugins_webview["webview"]\n    node_venv_lib_python3_12_site-packages_PyQt6_Qt6_plugins_webview --> node_venv_lib_python3_12_site-packages_PyQt6_Qt6_plugins_webview_libqtwebview_webengine_dylib["libqtwebview_webengine.dylib"]\n    Root --> node_venv["venv"]\n    node_venv --> node_venv_lib["lib"]\n    node_venv_lib --> node_venv_lib_python3_12["python3.12"]\n    node_venv_lib_python3_12 --> node_venv_lib_python3_12_site-packages["site-packages"]\n    node_venv_lib_python3_12_site-packages --> node_venv_lib_python3_12_site-packages_PyQt6["PyQt6"]\n    node_venv_lib_python3_12_site-packages_PyQt6 --> node_venv_lib_python3_12_site-packages_PyQt6_Qt6["Qt6"]\n    node_venv_lib_python3_12_site-packages_PyQt6_Qt6 --> node_venv_lib_python3_12_site-packages_PyQt6_Qt6_plugins["plugins"]\n    node_venv_lib_python3_12_site-packages_PyQt6_Qt6_plugins --> node_venv_lib_python3_12_site-packages_PyQt6_Qt6_plugins_geometryloaders["geometryloaders"]\n    node_venv_lib_python3_12_site-packages_PyQt6_Qt6_plugins_geometryloaders --> node_venv_lib_python3_12_site-packages_PyQt6_Qt6_plugins_geometryloaders_libdefaultgeometryloader_dylib["libdefaultgeometryloader.dylib"]\n    Root --> node_venv["venv"]\n    node_venv --> node_venv_lib["lib"]\n    node_venv_lib --> node_venv_lib_python3_12["python3.12"]\n    node_venv_lib_python3_12 --> node_venv_lib_python3_12_site-packages["site-packages"]\n    node_venv_lib_python3_12_site-packages --> node_venv_lib_python3_12_site-packages_PyQt6["PyQt6"]\n    node_venv_lib_python3_12_site-packages_PyQt6 --> node_venv_lib_python3_12_site-packages_PyQt6_Qt6["Qt6"]\n    node_venv_lib_python3_12_site-packages_PyQt6_Qt6 --> node_venv_lib_python3_12_site-packages_PyQt6_Qt6_plugins["plugins"]\n    node_venv_lib_python3_12_site-packages_PyQt6_Qt6_plugins --> node_venv_lib_python3_12_site-packages_PyQt6_Qt6_plugins_geometryloaders["geometryloaders"]\n    node_venv_lib_python3_12_site-packages_PyQt6_Qt6_plugins_geometryloaders --> node_venv_lib_python3_12_site-packages_PyQt6_Qt6_plugins_geometryloaders_libgltfgeometryloader_dylib["libgltfgeometryloader.dylib"]\n    Root --> node_venv["venv"]\n    node_venv --> node_venv_lib["lib"]\n    node_venv_lib --> node_venv_lib_python3_12["python3.12"]\n    node_venv_lib_python3_12 --> node_venv_lib_python3_12_site-packages["site-packages"]\n    node_venv_lib_python3_12_site-packages --> node_venv_lib_python3_12_site-packages_PyQt6["PyQt6"]\n    node_venv_lib_python3_12_site-packages_PyQt6 --> node_venv_lib_python3_12_site-packages_PyQt6_Qt6["Qt6"]\n    node_venv_lib_python3_12_site-packages_PyQt6_Qt6 --> node_venv_lib_python3_12_site-packages_PyQt6_Qt6_plugins["plugins"]\n    node_venv_lib_python3_12_site-packages_PyQt6_Qt6_plugins --> node_venv_lib_python3_12_site-packages_PyQt6_Qt6_plugins_permissions["permissions"]\n    node_venv_lib_python3_12_site-packages_PyQt6_Qt6_plugins_permissions --> node_venv_lib_python3_12_site-packages_PyQt6_Qt6_plugins_permissions_libqdarwinbluetoothpermission_a["libqdarwinbluetoothpermission.a"]\n    Root --> node_venv["venv"]\n    node_venv --> node_venv_lib["lib"]\n    node_venv_lib --> node_venv_lib_python3_12["python3.12"]\n    node_venv_lib_python3_12 --> node_venv_lib_python3_12_site-packages["site-packages"]\n    node_venv_lib_python3_12_site-packages --> node_venv_lib_python3_12_site-packages_PyQt6["PyQt6"]\n    node_venv_lib_python3_12_site-packages_PyQt6 --> node_venv_lib_python3_12_site-packages_PyQt6_Qt6["Qt6"]\n    node_venv_lib_python3_12_site-packages_PyQt6_Qt6 --> node_venv_lib_python3_12_site-packages_PyQt6_Qt6_plugins["plugins"]\n    node_venv_lib_python3_12_site-packages_PyQt6_Qt6_plugins --> node_venv_lib_python3_12_site-packages_PyQt6_Qt6_plugins_permissions["permissions"]\n    node_venv_lib_python3_12_site-packages_PyQt6_Qt6_plugins_permissions --> node_venv_lib_python3_12_site-packages_PyQt6_Qt6_plugins_permissions_libqdarwinbluetoothpermission_prl["libqdarwinbluetoothpermission.prl"]\n    Root --> node_venv["venv"]\n    node_venv --> node_venv_lib["lib"]\n    node_venv_lib --> node_venv_lib_python3_12["python3.12"]\n    node_venv_lib_python3_12 --> node_venv_lib_python3_12_site-packages["site-packages"]\n    node_venv_lib_python3_12_site-packages --> node_venv_lib_python3_12_site-packages_PyQt6["PyQt6"]\n    node_venv_lib_python3_12_site-packages_PyQt6 --> node_venv_lib_python3_12_site-packages_PyQt6_Qt6["Qt6"]\n    node_venv_lib_python3_12_site-packages_PyQt6_Qt6 --> node_venv_lib_python3_12_site-packages_PyQt6_Qt6_plugins["plugins"]\n    node_venv_lib_python3_12_site-packages_PyQt6_Qt6_plugins --> node_venv_lib_python3_12_site-packages_PyQt6_Qt6_plugins_permissions["permissions"]\n    node_venv_lib_python3_12_site-packages_PyQt6_Qt6_plugins_permissions --> node_venv_lib_python3_12_site-packages_PyQt6_Qt6_plugins_permissions_libqdarwincalendarpermission_a["libqdarwincalendarpermission.a"]\n    Root --> node_venv["venv"]\n    node_venv --> node_venv_lib["lib"]\n    node_venv_lib --> node_venv_lib_python3_12["python3.12"]\n    node_venv_lib_python3_12 --> node_venv_lib_python3_12_site-packages["site-packages"]\n    node_venv_lib_python3_12_site-packages --> node_venv_lib_python3_12_site-packages_PyQt6["PyQt6"]\n    node_venv_lib_python3_12_site-packages_PyQt6 --> node_venv_lib_python3_12_site-packages_PyQt6_Qt6["Qt6"]\n    node_venv_lib_python3_12_site-packages_PyQt6_Qt6 --> node_venv_lib_python3_12_site-packages_PyQt6_Qt6_plugins["plugins"]\n    node_venv_lib_python3_12_site-packages_PyQt6_Qt6_plugins --> node_venv_lib_python3_12_site-packages_PyQt6_Qt6_plugins_permissions["permissions"]\n    node_venv_lib_python3_12_site-packages_PyQt6_Qt6_plugins_permissions --> node_venv_lib_python3_12_site-packages_PyQt6_Qt6_plugins_permissions_libqdarwincalendarpermission_prl["libqdarwincalendarpermission.prl"]\n    Root --> node_venv["venv"]\n    node_venv --> node_venv_lib["lib"]\n    node_venv_lib --> node_venv_lib_python3_12["python3.12"]\n    node_venv_lib_python3_12 --> node_venv_lib_python3_12_site-packages["site-packages"]\n    node_venv_lib_python3_12_site-packages --> node_venv_lib_python3_12_site-packages_PyQt6["PyQt6"]\n    node_venv_lib_python3_12_site-packages_PyQt6 --> node_venv_lib_python3_12_site-packages_PyQt6_Qt6["Qt6"]\n    node_venv_lib_python3_12_site-packages_PyQt6_Qt6 --> node_venv_lib_python3_12_site-packages_PyQt6_Qt6_plugins["plugins"]\n    node_venv_lib_python3_12_site-packages_PyQt6_Qt6_plugins --> node_venv_lib_python3_12_site-packages_PyQt6_Qt6_plugins_permissions["permissions"]\n    node_venv_lib_python3_12_site-packages_PyQt6_Qt6_plugins_permissions --> node_venv_lib_python3_12_site-packages_PyQt6_Qt6_plugins_permissions_libqdarwincamerapermission_a["libqdarwincamerapermission.a"]\n    Root --> node_venv["venv"]\n    node_venv --> node_venv_lib["lib"]\n    node_venv_lib --> node_venv_lib_python3_12["python3.12"]\n    node_venv_lib_python3_12 --> node_venv_lib_python3_12_site-packages["site-packages"]\n    node_venv_lib_python3_12_site-packages --> node_venv_lib_python3_12_site-packages_PyQt6["PyQt6"]\n    node_venv_lib_python3_12_site-packages_PyQt6 --> node_venv_lib_python3_12_site-packages_PyQt6_Qt6["Qt6"]\n    node_venv_lib_python3_12_site-packages_PyQt6_Qt6 --> node_venv_lib_python3_12_site-packages_PyQt6_Qt6_plugins["plugins"]\n    node_venv_lib_python3_12_site-packages_PyQt6_Qt6_plugins --> node_venv_lib_python3_12_site-packages_PyQt6_Qt6_plugins_permissions["permissions"]\n    node_venv_lib_python3_12_site-packages_PyQt6_Qt6_plugins_permissions --> node_venv_lib_python3_12_site-packages_PyQt6_Qt6_plugins_permissions_libqdarwincamerapermission_prl["libqdarwincamerapermission.prl"]\n    Root --> node_venv["venv"]\n    node_venv --> node_venv_lib["lib"]\n    node_venv_lib --> node_venv_lib_python3_12["python3.12"]\n    node_venv_lib_python3_12 --> node_venv_lib_python3_12_site-packages["site-packages"]\n    node_venv_lib_python3_12_site-packages --> node_venv_lib_python3_12_site-packages_PyQt6["PyQt6"]\n    node_venv_lib_python3_12_site-packages_PyQt6 --> node_venv_lib_python3_12_site-packages_PyQt6_Qt6["Qt6"]\n    node_venv_lib_python3_12_site-packages_PyQt6_Qt6 --> node_venv_lib_python3_12_site-packages_PyQt6_Qt6_plugins["plugins"]\n    node_venv_lib_python3_12_site-packages_PyQt6_Qt6_plugins --> node_venv_lib_python3_12_site-packages_PyQt6_Qt6_plugins_permissions["permissions"]\n    node_venv_lib_python3_12_site-packages_PyQt6_Qt6_plugins_permissions --> node_venv_lib_python3_12_site-packages_PyQt6_Qt6_plugins_permissions_libqdarwincontactspermission_a["libqdarwincontactspermission.a"]\n    Root --> node_venv["venv"]\n    node_venv --> node_venv_lib["lib"]\n    node_venv_lib --> node_venv_lib_python3_12["python3.12"]\n    node_venv_lib_python3_12 --> node_venv_lib_python3_12_site-packages["site-packages"]\n    node_venv_lib_python3_12_site-packages --> node_venv_lib_python3_12_site-packages_PyQt6["PyQt6"]\n    node_venv_lib_python3_12_site-packages_PyQt6 --> node_venv_lib_python3_12_site-packages_PyQt6_Qt6["Qt6"]\n    node_venv_lib_python3_12_site-packages_PyQt6_Qt6 --> node_venv_lib_python3_12_site-packages_PyQt6_Qt6_plugins["plugins"]\n    node_venv_lib_python3_12_site-packages_PyQt6_Qt6_plugins --> node_venv_lib_python3_12_site-packages_PyQt6_Qt6_plugins_permissions["permissions"]\n    node_venv_lib_python3_12_site-packages_PyQt6_Qt6_plugins_permissions --> node_venv_lib_python3_12_site-packages_PyQt6_Qt6_plugins_permissions_libqdarwincontactspermission_prl["libqdarwincontactspermission.prl"]\n    Root --> node_venv["venv"]\n    node_venv --> node_venv_lib["lib"]\n    node_venv_lib --> node_venv_lib_python3_12["python3.12"]\n    node_venv_lib_python3_12 --> node_venv_lib_python3_12_site-packages["site-packages"]\n    node_venv_lib_python3_12_site-packages --> node_venv_lib_python3_12_site-packages_PyQt6["PyQt6"]\n    node_venv_lib_python3_12_site-packages_PyQt6 --> node_venv_lib_python3_12_site-packages_PyQt6_Qt6["Qt6"]\n    node_venv_lib_python3_12_site-packages_PyQt6_Qt6 --> node_venv_lib_python3_12_site-packages_PyQt6_Qt6_plugins["plugins"]\n    node_venv_lib_python3_12_site-packages_PyQt6_Qt6_plugins --> node_venv_lib_python3_12_site-packages_PyQt6_Qt6_plugins_permissions["permissions"]\n    node_venv_lib_python3_12_site-packages_PyQt6_Qt6_plugins_permissions --> node_venv_lib_python3_12_site-packages_PyQt6_Qt6_plugins_permissions_libqdarwinlocationpermission_a["libqdarwinlocationpermission.a"]\n    Root --> node_venv["venv"]\n    node_venv --> node_venv_lib["lib"]\n    node_venv_lib --> node_venv_lib_python3_12["python3.12"]\n    node_venv_lib_python3_12 --> node_venv_lib_python3_12_site-packages["site-packages"]\n    node_venv_lib_python3_12_site-packages --> node_venv_lib_python3_12_site-packages_PyQt6["PyQt6"]\n    node_venv_lib_python3_12_site-packages_PyQt6 --> node_venv_lib_python3_12_site-packages_PyQt6_Qt6["Qt6"]\n    node_venv_lib_python3_12_site-packages_PyQt6_Qt6 --> node_venv_lib_python3_12_site-packages_PyQt6_Qt6_plugins["plugins"]\n    node_venv_lib_python3_12_site-packages_PyQt6_Qt6_plugins --> node_venv_lib_python3_12_site-packages_PyQt6_Qt6_plugins_permissions["permissions"]\n    node_venv_lib_python3_12_site-packages_PyQt6_Qt6_plugins_permissions --> node_venv_lib_python3_12_site-packages_PyQt6_Qt6_plugins_permissions_libqdarwinlocationpermission_prl["libqdarwinlocationpermission.prl"]\n    Root --> node_venv["venv"]\n    node_venv --> node_venv_lib["lib"]\n    node_venv_lib --> node_venv_lib_python3_12["python3.12"]\n    node_venv_lib_python3_12 --> node_venv_lib_python3_12_site-packages["site-packages"]\n    node_venv_lib_python3_12_site-packages --> node_venv_lib_python3_12_site-packages_PyQt6["PyQt6"]\n    node_venv_lib_python3_12_site-packages_PyQt6 --> node_venv_lib_python3_12_site-packages_PyQt6_Qt6["Qt6"]\n    node_venv_lib_python3_12_site-packages_PyQt6_Qt6 --> node_venv_lib_python3_12_site-packages_PyQt6_Qt6_plugins["plugins"]\n    node_venv_lib_python3_12_site-packages_PyQt6_Qt6_plugins --> node_venv_lib_python3_12_site-packages_PyQt6_Qt6_plugins_permissions["permissions"]\n    node_venv_lib_python3_12_site-packages_PyQt6_Qt6_plugins_permissions --> node_venv_lib_python3_12_site-packages_PyQt6_Qt6_plugins_permissions_libqdarwinmicrophonepermission_a["libqdarwinmicrophonepermission.a"]\n    Root --> node_venv["venv"]\n    node_venv --> node_venv_lib["lib"]\n    node_venv_lib --> node_venv_lib_python3_12["python3.12"]\n    node_venv_lib_python3_12 --> node_venv_lib_python3_12_site-packages["site-packages"]\n    node_venv_lib_python3_12_site-packages --> node_venv_lib_python3_12_site-packages_PyQt6["PyQt6"]\n    node_venv_lib_python3_12_site-packages_PyQt6 --> node_venv_lib_python3_12_site-packages_PyQt6_Qt6["Qt6"]\n    node_venv_lib_python3_12_site-packages_PyQt6_Qt6 --> node_venv_lib_python3_12_site-packages_PyQt6_Qt6_plugins["plugins"]\n    node_venv_lib_python3_12_site-packages_PyQt6_Qt6_plugins --> node_venv_lib_python3_12_site-packages_PyQt6_Qt6_plugins_permissions["permissions"]\n    node_venv_lib_python3_12_site-packages_PyQt6_Qt6_plugins_permissions --> node_venv_lib_python3_12_site-packages_PyQt6_Qt6_plugins_permissions_libqdarwinmicrophonepermission_prl["libqdarwinmicrophonepermission.prl"]\n    Root --> node_venv["venv"]\n    node_venv --> node_venv_lib["lib"]\n    node_venv_lib --> node_venv_lib_python3_12["python3.12"]\n    node_venv_lib_python3_12 --> node_venv_lib_python3_12_site-packages["site-packages"]\n    node_venv_lib_python3_12_site-packages --> node_venv_lib_python3_12_site-packages_PyQt6["PyQt6"]\n    node_venv_lib_python3_12_site-packages_PyQt6 --> node_venv_lib_python3_12_site-packages_PyQt6_Qt6["Qt6"]\n    node_venv_lib_python3_12_site-packages_PyQt6_Qt6 --> node_venv_lib_python3_12_site-packages_PyQt6_Qt6_plugins["plugins"]\n    node_venv_lib_python3_12_site-packages_PyQt6_Qt6_plugins --> node_venv_lib_python3_12_site-packages_PyQt6_Qt6_plugins_permissions["permissions"]\n    node_venv_lib_python3_12_site-packages_PyQt6_Qt6_plugins_permissions --> node_venv_lib_python3_12_site-packages_PyQt6_Qt6_plugins_permissions_objects-RelWithDebInfo["objects-RelWithDebInfo"]\n    node_venv_lib_python3_12_site-packages_PyQt6_Qt6_plugins_permissions_objects-RelWithDebInfo --> node_venv_lib_python3_12_site-packages_PyQt6_Qt6_plugins_permissions_objects-RelWithDebInfo_QDarwinCalendarPermissionPlugin_init["QDarwinCalendarPermissionPlugin_init"]\n    node_venv_lib_python3_12_site-packages_PyQt6_Qt6_plugins_permissions_objects-RelWithDebInfo_QDarwinCalendarPermissionPlugin_init --> node_venv_lib_python3_12_site-packages_PyQt6_Qt6_plugins_permissions_objects-RelWithDebInfo_QDarwinCalendarPermissionPlugin_init_QDarwinCalendarPermissionPlugin_init_cpp_o["QDarwinCalendarPermissionPlugin_init.cpp.o"]\n    Root --> node_venv["venv"]\n    node_venv --> node_venv_lib["lib"]\n    node_venv_lib --> node_venv_lib_python3_12["python3.12"]\n    node_venv_lib_python3_12 --> node_venv_lib_python3_12_site-packages["site-packages"]\n    node_venv_lib_python3_12_site-packages --> node_venv_lib_python3_12_site-packages_PyQt6["PyQt6"]\n    node_venv_lib_python3_12_site-packages_PyQt6 --> node_venv_lib_python3_12_site-packages_PyQt6_Qt6["Qt6"]\n    node_venv_lib_python3_12_site-packages_PyQt6_Qt6 --> node_venv_lib_python3_12_site-packages_PyQt6_Qt6_plugins["plugins"]\n    node_venv_lib_python3_12_site-packages_PyQt6_Qt6_plugins --> node_venv_lib_python3_12_site-packages_PyQt6_Qt6_plugins_permissions["permissions"]\n    node_venv_lib_python3_12_site-packages_PyQt6_Qt6_plugins_permissions --> node_venv_lib_python3_12_site-packages_PyQt6_Qt6_plugins_permissions_objects-RelWithDebInfo["objects-RelWithDebInfo"]\n    node_venv_lib_python3_12_site-packages_PyQt6_Qt6_plugins_permissions_objects-RelWithDebInfo --> node_venv_lib_python3_12_site-packages_PyQt6_Qt6_plugins_permissions_objects-RelWithDebInfo_QDarwinLocationPermissionPlugin_init["QDarwinLocationPermissionPlugin_init"]\n    node_venv_lib_python3_12_site-packages_PyQt6_Qt6_plugins_permissions_objects-RelWithDebInfo_QDarwinLocationPermissionPlugin_init --> node_venv_lib_python3_12_site-packages_PyQt6_Qt6_plugins_permissions_objects-RelWithDebInfo_QDarwinLocationPermissionPlugin_init_QDarwinLocationPermissionPlugin_init_cpp_o["QDarwinLocationPermissionPlugin_init.cpp.o"]\n    Root --> node_venv["venv"]\n    node_venv --> node_venv_lib["lib"]\n    node_venv_lib --> node_venv_lib_python3_12["python3.12"]\n    node_venv_lib_python3_12 --> node_venv_lib_python3_12_site-packages["site-packages"]\n    node_venv_lib_python3_12_site-packages --> node_venv_lib_python3_12_site-packages_PyQt6["PyQt6"]\n    node_venv_lib_python3_12_site-packages_PyQt6 --> node_venv_lib_python3_12_site-packages_PyQt6_Qt6["Qt6"]\n    node_venv_lib_python3_12_site-packages_PyQt6_Qt6 --> node_venv_lib_python3_12_site-packages_PyQt6_Qt6_plugins["plugins"]\n    node_venv_lib_python3_12_site-packages_PyQt6_Qt6_plugins --> node_venv_lib_python3_12_site-packages_PyQt6_Qt6_plugins_permissions["permissions"]\n    node_venv_lib_python3_12_site-packages_PyQt6_Qt6_plugins_permissions --> node_venv_lib_python3_12_site-packages_PyQt6_Qt6_plugins_permissions_objects-RelWithDebInfo["objects-RelWithDebInfo"]\n    node_venv_lib_python3_12_site-packages_PyQt6_Qt6_plugins_permissions_objects-RelWithDebInfo --> node_venv_lib_python3_12_site-packages_PyQt6_Qt6_plugins_permissions_objects-RelWithDebInfo_QDarwinCameraPermissionPlugin_init["QDarwinCameraPermissionPlugin_init"]\n    node_venv_lib_python3_12_site-packages_PyQt6_Qt6_plugins_permissions_objects-RelWithDebInfo_QDarwinCameraPermissionPlugin_init --> node_venv_lib_python3_12_site-packages_PyQt6_Qt6_plugins_permissions_objects-RelWithDebInfo_QDarwinCameraPermissionPlugin_init_QDarwinCameraPermissionPlugin_init_cpp_o["QDarwinCameraPermissionPlugin_init.cpp.o"]\n    Root --> node_venv["venv"]\n    node_venv --> node_venv_lib["lib"]\n    node_venv_lib --> node_venv_lib_python3_12["python3.12"]\n    node_venv_lib_python3_12 --> node_venv_lib_python3_12_site-packages["site-packages"]\n    node_venv_lib_python3_12_site-packages --> node_venv_lib_python3_12_site-packages_PyQt6["PyQt6"]\n    node_venv_lib_python3_12_site-packages_PyQt6 --> node_venv_lib_python3_12_site-packages_PyQt6_Qt6["Qt6"]\n    node_venv_lib_python3_12_site-packages_PyQt6_Qt6 --> node_venv_lib_python3_12_site-packages_PyQt6_Qt6_plugins["plugins"]\n    node_venv_lib_python3_12_site-packages_PyQt6_Qt6_plugins --> node_venv_lib_python3_12_site-packages_PyQt6_Qt6_plugins_permissions["permissions"]\n    node_venv_lib_python3_12_site-packages_PyQt6_Qt6_plugins_permissions --> node_venv_lib_python3_12_site-packages_PyQt6_Qt6_plugins_permissions_objects-RelWithDebInfo["objects-RelWithDebInfo"]\n    node_venv_lib_python3_12_site-packages_PyQt6_Qt6_plugins_permissions_objects-RelWithDebInfo --> node_venv_lib_python3_12_site-packages_PyQt6_Qt6_plugins_permissions_objects-RelWithDebInfo_QDarwinMicrophonePermissionPlugin_init["QDarwinMicrophonePermissionPlugin_init"]\n    node_venv_lib_python3_12_site-packages_PyQt6_Qt6_plugins_permissions_objects-RelWithDebInfo_QDarwinMicrophonePermissionPlugin_init --> node_venv_lib_python3_12_site-packages_PyQt6_Qt6_plugins_permissions_objects-RelWithDebInfo_QDarwinMicrophonePermissionPlugin_init_QDarwinMicrophonePermissionPlugin_init_cpp_o["QDarwinMicrophonePermissionPlugin_init.cpp.o"]\n    Root --> node_venv["venv"]\n    node_venv --> node_venv_lib["lib"]\n    node_venv_lib --> node_venv_lib_python3_12["python3.12"]\n    node_venv_lib_python3_12 --> node_venv_lib_python3_12_site-packages["site-packages"]\n    node_venv_lib_python3_12_site-packages --> node_venv_lib_python3_12_site-packages_PyQt6["PyQt6"]\n    node_venv_lib_python3_12_site-packages_PyQt6 --> node_venv_lib_python3_12_site-packages_PyQt6_Qt6["Qt6"]\n    node_venv_lib_python3_12_site-packages_PyQt6_Qt6 --> node_venv_lib_python3_12_site-packages_PyQt6_Qt6_plugins["plugins"]\n    node_venv_lib_python3_12_site-packages_PyQt6_Qt6_plugins --> node_venv_lib_python3_12_site-packages_PyQt6_Qt6_plugins_permissions["permissions"]\n    node_venv_lib_python3_12_site-packages_PyQt6_Qt6_plugins_permissions --> node_venv_lib_python3_12_site-packages_PyQt6_Qt6_plugins_permissions_objects-RelWithDebInfo["objects-RelWithDebInfo"]\n    node_venv_lib_python3_12_site-packages_PyQt6_Qt6_plugins_permissions_objects-RelWithDebInfo --> node_venv_lib_python3_12_site-packages_PyQt6_Qt6_plugins_permissions_objects-RelWithDebInfo_QDarwinContactsPermissionPlugin_init["QDarwinContactsPermissionPlugin_init"]\n    node_venv_lib_python3_12_site-packages_PyQt6_Qt6_plugins_permissions_objects-RelWithDebInfo_QDarwinContactsPermissionPlugin_init --> node_venv_lib_python3_12_site-packages_PyQt6_Qt6_plugins_permissions_objects-RelWithDebInfo_QDarwinContactsPermissionPlugin_init_QDarwinContactsPermissionPlugin_init_cpp_o["QDarwinContactsPermissionPlugin_init.cpp.o"]\n    Root --> node_venv["venv"]\n    node_venv --> node_venv_lib["lib"]\n    node_venv_lib --> node_venv_lib_python3_12["python3.12"]\n    node_venv_lib_python3_12 --> node_venv_lib_python3_12_site-packages["site-packages"]\n    node_venv_lib_python3_12_site-packages --> node_venv_lib_python3_12_site-packages_PyQt6["PyQt6"]\n    node_venv_lib_python3_12_site-packages_PyQt6 --> node_venv_lib_python3_12_site-packages_PyQt6_Qt6["Qt6"]\n    node_venv_lib_python3_12_site-packages_PyQt6_Qt6 --> node_venv_lib_python3_12_site-packages_PyQt6_Qt6_plugins["plugins"]\n    node_venv_lib_python3_12_site-packages_PyQt6_Qt6_plugins --> node_venv_lib_python3_12_site-packages_PyQt6_Qt6_plugins_permissions["permissions"]\n    node_venv_lib_python3_12_site-packages_PyQt6_Qt6_plugins_permissions --> node_venv_lib_python3_12_site-packages_PyQt6_Qt6_plugins_permissions_objects-RelWithDebInfo["objects-RelWithDebInfo"]\n    node_venv_lib_python3_12_site-packages_PyQt6_Qt6_plugins_permissions_objects-RelWithDebInfo --> node_venv_lib_python3_12_site-packages_PyQt6_Qt6_plugins_permissions_objects-RelWithDebInfo_QDarwinBluetoothPermissionPlugin_init["QDarwinBluetoothPermissionPlugin_init"]\n    node_venv_lib_python3_12_site-packages_PyQt6_Qt6_plugins_permissions_objects-RelWithDebInfo_QDarwinBluetoothPermissionPlugin_init --> node_venv_lib_python3_12_site-packages_PyQt6_Qt6_plugins_permissions_objects-RelWithDebInfo_QDarwinBluetoothPermissionPlugin_init_QDarwinBluetoothPermissionPlugin_init_cpp_o["QDarwinBluetoothPermissionPlugin_init.cpp.o"]\n    Root --> node_venv["venv"]\n    node_venv --> node_venv_lib["lib"]\n    node_venv_lib --> node_venv_lib_python3_12["python3.12"]\n    node_venv_lib_python3_12 --> node_venv_lib_python3_12_site-packages["site-packages"]\n    node_venv_lib_python3_12_site-packages --> node_venv_lib_python3_12_site-packages_PyQt6["PyQt6"]\n    node_venv_lib_python3_12_site-packages_PyQt6 --> node_venv_lib_python3_12_site-packages_PyQt6_Qt6["Qt6"]\n    node_venv_lib_python3_12_site-packages_PyQt6_Qt6 --> node_venv_lib_python3_12_site-packages_PyQt6_Qt6_plugins["plugins"]\n    node_venv_lib_python3_12_site-packages_PyQt6_Qt6_plugins --> node_venv_lib_python3_12_site-packages_PyQt6_Qt6_plugins_scxmldatamodel["scxmldatamodel"]\n    node_venv_lib_python3_12_site-packages_PyQt6_Qt6_plugins_scxmldatamodel --> node_venv_lib_python3_12_site-packages_PyQt6_Qt6_plugins_scxmldatamodel_libqscxmlecmascriptdatamodel_dylib["libqscxmlecmascriptdatamodel.dylib"]\n    Root --> node_venv["venv"]\n    node_venv --> node_venv_lib["lib"]\n    node_venv_lib --> node_venv_lib_python3_12["python3.12"]\n    node_venv_lib_python3_12 --> node_venv_lib_python3_12_site-packages["site-packages"]\n    node_venv_lib_python3_12_site-packages --> node_venv_lib_python3_12_site-packages_PyQt6["PyQt6"]\n    node_venv_lib_python3_12_site-packages_PyQt6 --> node_venv_lib_python3_12_site-packages_PyQt6_Qt6["Qt6"]\n    node_venv_lib_python3_12_site-packages_PyQt6_Qt6 --> node_venv_lib_python3_12_site-packages_PyQt6_Qt6_plugins["plugins"]\n    node_venv_lib_python3_12_site-packages_PyQt6_Qt6_plugins --> node_venv_lib_python3_12_site-packages_PyQt6_Qt6_plugins_styles["styles"]\n    node_venv_lib_python3_12_site-packages_PyQt6_Qt6_plugins_styles --> node_venv_lib_python3_12_site-packages_PyQt6_Qt6_plugins_styles_libqmacstyle_dylib["libqmacstyle.dylib"]\n    Root --> node_venv["venv"]\n    node_venv --> node_venv_lib["lib"]\n    node_venv_lib --> node_venv_lib_python3_12["python3.12"]\n    node_venv_lib_python3_12 --> node_venv_lib_python3_12_site-packages["site-packages"]\n    node_venv_lib_python3_12_site-packages --> node_venv_lib_python3_12_site-packages_PyQt6["PyQt6"]\n    node_venv_lib_python3_12_site-packages_PyQt6 --> node_venv_lib_python3_12_site-packages_PyQt6_Qt6["Qt6"]\n    node_venv_lib_python3_12_site-packages_PyQt6_Qt6 --> node_venv_lib_python3_12_site-packages_PyQt6_Qt6_plugins["plugins"]\n    node_venv_lib_python3_12_site-packages_PyQt6_Qt6_plugins --> node_venv_lib_python3_12_site-packages_PyQt6_Qt6_plugins_tls["tls"]\n    node_venv_lib_python3_12_site-packages_PyQt6_Qt6_plugins_tls --> node_venv_lib_python3_12_site-packages_PyQt6_Qt6_plugins_tls_libqcertonlybackend_dylib["libqcertonlybackend.dylib"]\n    Root --> node_venv["venv"]\n    node_venv --> node_venv_lib["lib"]\n    node_venv_lib --> node_venv_lib_python3_12["python3.12"]\n    node_venv_lib_python3_12 --> node_venv_lib_python3_12_site-packages["site-packages"]\n    node_venv_lib_python3_12_site-packages --> node_venv_lib_python3_12_site-packages_PyQt6["PyQt6"]\n    node_venv_lib_python3_12_site-packages_PyQt6 --> node_venv_lib_python3_12_site-packages_PyQt6_Qt6["Qt6"]\n    node_venv_lib_python3_12_site-packages_PyQt6_Qt6 --> node_venv_lib_python3_12_site-packages_PyQt6_Qt6_plugins["plugins"]\n    node_venv_lib_python3_12_site-packages_PyQt6_Qt6_plugins --> node_venv_lib_python3_12_site-packages_PyQt6_Qt6_plugins_tls["tls"]\n    node_venv_lib_python3_12_site-packages_PyQt6_Qt6_plugins_tls --> node_venv_lib_python3_12_site-packages_PyQt6_Qt6_plugins_tls_libqopensslbackend_dylib["libqopensslbackend.dylib"]\n    Root --> node_venv["venv"]\n    node_venv --> node_venv_lib["lib"]\n    node_venv_lib --> node_venv_lib_python3_12["python3.12"]\n    node_venv_lib_python3_12 --> node_venv_lib_python3_12_site-packages["site-packages"]\n    node_venv_lib_python3_12_site-packages --> node_venv_lib_python3_12_site-packages_PyQt6["PyQt6"]\n    node_venv_lib_python3_12_site-packages_PyQt6 --> node_venv_lib_python3_12_site-packages_PyQt6_Qt6["Qt6"]\n    node_venv_lib_python3_12_site-packages_PyQt6_Qt6 --> node_venv_lib_python3_12_site-packages_PyQt6_Qt6_plugins["plugins"]\n    node_venv_lib_python3_12_site-packages_PyQt6_Qt6_plugins --> node_venv_lib_python3_12_site-packages_PyQt6_Qt6_plugins_tls["tls"]\n    node_venv_lib_python3_12_site-packages_PyQt6_Qt6_plugins_tls --> node_venv_lib_python3_12_site-packages_PyQt6_Qt6_plugins_tls_libqsecuretransportbackend_dylib["libqsecuretransportbackend.dylib"]\n    Root --> node_venv["venv"]\n    node_venv --> node_venv_lib["lib"]\n    node_venv_lib --> node_venv_lib_python3_12["python3.12"]\n    node_venv_lib_python3_12 --> node_venv_lib_python3_12_site-packages["site-packages"]\n    node_venv_lib_python3_12_site-packages --> node_venv_lib_python3_12_site-packages_PyQt6["PyQt6"]\n    node_venv_lib_python3_12_site-packages_PyQt6 --> node_venv_lib_python3_12_site-packages_PyQt6_Qt6["Qt6"]\n    node_venv_lib_python3_12_site-packages_PyQt6_Qt6 --> node_venv_lib_python3_12_site-packages_PyQt6_Qt6_plugins["plugins"]\n    node_venv_lib_python3_12_site-packages_PyQt6_Qt6_plugins --> node_venv_lib_python3_12_site-packages_PyQt6_Qt6_plugins_iconengines["iconengines"]\n    node_venv_lib_python3_12_site-packages_PyQt6_Qt6_plugins_iconengines --> node_venv_lib_python3_12_site-packages_PyQt6_Qt6_plugins_iconengines_libqsvgicon_dylib["libqsvgicon.dylib"]\n    Root --> node_venv["venv"]\n    node_venv --> node_venv_lib["lib"]\n    node_venv_lib --> node_venv_lib_python3_12["python3.12"]\n    node_venv_lib_python3_12 --> node_venv_lib_python3_12_site-packages["site-packages"]\n    node_venv_lib_python3_12_site-packages --> node_venv_lib_python3_12_site-packages_PyQt6["PyQt6"]\n    node_venv_lib_python3_12_site-packages_PyQt6 --> node_venv_lib_python3_12_site-packages_PyQt6_Qt6["Qt6"]\n    node_venv_lib_python3_12_site-packages_PyQt6_Qt6 --> node_venv_lib_python3_12_site-packages_PyQt6_Qt6_plugins["plugins"]\n    node_venv_lib_python3_12_site-packages_PyQt6_Qt6_plugins --> node_venv_lib_python3_12_site-packages_PyQt6_Qt6_plugins_sqldrivers["sqldrivers"]\n    node_venv_lib_python3_12_site-packages_PyQt6_Qt6_plugins_sqldrivers --> node_venv_lib_python3_12_site-packages_PyQt6_Qt6_plugins_sqldrivers_libqsqlite_dylib["libqsqlite.dylib"]\n    Root --> node_venv["venv"]\n    node_venv --> node_venv_lib["lib"]\n    node_venv_lib --> node_venv_lib_python3_12["python3.12"]\n    node_venv_lib_python3_12 --> node_venv_lib_python3_12_site-packages["site-packages"]\n    node_venv_lib_python3_12_site-packages --> node_venv_lib_python3_12_site-packages_PyQt6["PyQt6"]\n    node_venv_lib_python3_12_site-packages_PyQt6 --> node_venv_lib_python3_12_site-packages_PyQt6_Qt6["Qt6"]\n    node_venv_lib_python3_12_site-packages_PyQt6_Qt6 --> node_venv_lib_python3_12_site-packages_PyQt6_Qt6_plugins["plugins"]\n    node_venv_lib_python3_12_site-packages_PyQt6_Qt6_plugins --> node_venv_lib_python3_12_site-packages_PyQt6_Qt6_plugins_sqldrivers["sqldrivers"]\n    node_venv_lib_python3_12_site-packages_PyQt6_Qt6_plugins_sqldrivers --> node_venv_lib_python3_12_site-packages_PyQt6_Qt6_plugins_sqldrivers_libqsqlmimer_dylib["libqsqlmimer.dylib"]\n    Root --> node_venv["venv"]\n    node_venv --> node_venv_lib["lib"]\n    node_venv_lib --> node_venv_lib_python3_12["python3.12"]\n    node_venv_lib_python3_12 --> node_venv_lib_python3_12_site-packages["site-packages"]\n    node_venv_lib_python3_12_site-packages --> node_venv_lib_python3_12_site-packages_PyQt6["PyQt6"]\n    node_venv_lib_python3_12_site-packages_PyQt6 --> node_venv_lib_python3_12_site-packages_PyQt6_Qt6["Qt6"]\n    node_venv_lib_python3_12_site-packages_PyQt6_Qt6 --> node_venv_lib_python3_12_site-packages_PyQt6_Qt6_plugins["plugins"]\n    node_venv_lib_python3_12_site-packages_PyQt6_Qt6_plugins --> node_venv_lib_python3_12_site-packages_PyQt6_Qt6_plugins_sqldrivers["sqldrivers"]\n    node_venv_lib_python3_12_site-packages_PyQt6_Qt6_plugins_sqldrivers --> node_venv_lib_python3_12_site-packages_PyQt6_Qt6_plugins_sqldrivers_libqsqlodbc_dylib["libqsqlodbc.dylib"]\n    Root --> node_venv["venv"]\n    node_venv --> node_venv_lib["lib"]\n    node_venv_lib --> node_venv_lib_python3_12["python3.12"]\n    node_venv_lib_python3_12 --> node_venv_lib_python3_12_site-packages["site-packages"]\n    node_venv_lib_python3_12_site-packages --> node_venv_lib_python3_12_site-packages_PyQt6["PyQt6"]\n    node_venv_lib_python3_12_site-packages_PyQt6 --> node_venv_lib_python3_12_site-packages_PyQt6_Qt6["Qt6"]\n    node_venv_lib_python3_12_site-packages_PyQt6_Qt6 --> node_venv_lib_python3_12_site-packages_PyQt6_Qt6_plugins["plugins"]\n    node_venv_lib_python3_12_site-packages_PyQt6_Qt6_plugins --> node_venv_lib_python3_12_site-packages_PyQt6_Qt6_plugins_sqldrivers["sqldrivers"]\n    node_venv_lib_python3_12_site-packages_PyQt6_Qt6_plugins_sqldrivers --> node_venv_lib_python3_12_site-packages_PyQt6_Qt6_plugins_sqldrivers_libqsqlpsql_dylib["libqsqlpsql.dylib"]\n    Root --> node_venv["venv"]\n    node_venv --> node_venv_lib["lib"]\n    node_venv_lib --> node_venv_lib_python3_12["python3.12"]\n    node_venv_lib_python3_12 --> node_venv_lib_python3_12_site-packages["site-packages"]\n    node_venv_lib_python3_12_site-packages --> node_venv_lib_python3_12_site-packages_PyQt6["PyQt6"]\n    node_venv_lib_python3_12_site-packages_PyQt6 --> node_venv_lib_python3_12_site-packages_PyQt6_Qt6["Qt6"]\n    node_venv_lib_python3_12_site-packages_PyQt6_Qt6 --> node_venv_lib_python3_12_site-packages_PyQt6_Qt6_plugins["plugins"]\n    node_venv_lib_python3_12_site-packages_PyQt6_Qt6_plugins --> node_venv_lib_python3_12_site-packages_PyQt6_Qt6_plugins_multimedia["multimedia"]\n    node_venv_lib_python3_12_site-packages_PyQt6_Qt6_plugins_multimedia --> node_venv_lib_python3_12_site-packages_PyQt6_Qt6_plugins_multimedia_libdarwinmediaplugin_dylib["libdarwinmediaplugin.dylib"]\n    Root --> node_venv["venv"]\n    node_venv --> node_venv_lib["lib"]\n    node_venv_lib --> node_venv_lib_python3_12["python3.12"]\n    node_venv_lib_python3_12 --> node_venv_lib_python3_12_site-packages["site-packages"]\n    node_venv_lib_python3_12_site-packages --> node_venv_lib_python3_12_site-packages_PyQt6["PyQt6"]\n    node_venv_lib_python3_12_site-packages_PyQt6 --> node_venv_lib_python3_12_site-packages_PyQt6_Qt6["Qt6"]\n    node_venv_lib_python3_12_site-packages_PyQt6_Qt6 --> node_venv_lib_python3_12_site-packages_PyQt6_Qt6_plugins["plugins"]\n    node_venv_lib_python3_12_site-packages_PyQt6_Qt6_plugins --> node_venv_lib_python3_12_site-packages_PyQt6_Qt6_plugins_multimedia["multimedia"]\n    node_venv_lib_python3_12_site-packages_PyQt6_Qt6_plugins_multimedia --> node_venv_lib_python3_12_site-packages_PyQt6_Qt6_plugins_multimedia_libffmpegmediaplugin_dylib["libffmpegmediaplugin.dylib"]\n    Root --> node_venv["venv"]\n    node_venv --> node_venv_lib["lib"]\n    node_venv_lib --> node_venv_lib_python3_12["python3.12"]\n    node_venv_lib_python3_12 --> node_venv_lib_python3_12_site-packages["site-packages"]\n    node_venv_lib_python3_12_site-packages --> node_venv_lib_python3_12_site-packages_PyQt6["PyQt6"]\n    node_venv_lib_python3_12_site-packages_PyQt6 --> node_venv_lib_python3_12_site-packages_PyQt6_Qt6["Qt6"]\n    node_venv_lib_python3_12_site-packages_PyQt6_Qt6 --> node_venv_lib_python3_12_site-packages_PyQt6_Qt6_plugins["plugins"]\n    node_venv_lib_python3_12_site-packages_PyQt6_Qt6_plugins --> node_venv_lib_python3_12_site-packages_PyQt6_Qt6_plugins_imageformats["imageformats"]\n    node_venv_lib_python3_12_site-packages_PyQt6_Qt6_plugins_imageformats --> node_venv_lib_python3_12_site-packages_PyQt6_Qt6_plugins_imageformats_libqgif_dylib["libqgif.dylib"]\n    Root --> node_venv["venv"]\n    node_venv --> node_venv_lib["lib"]\n    node_venv_lib --> node_venv_lib_python3_12["python3.12"]\n    node_venv_lib_python3_12 --> node_venv_lib_python3_12_site-packages["site-packages"]\n    node_venv_lib_python3_12_site-packages --> node_venv_lib_python3_12_site-packages_PyQt6["PyQt6"]\n    node_venv_lib_python3_12_site-packages_PyQt6 --> node_venv_lib_python3_12_site-packages_PyQt6_Qt6["Qt6"]\n    node_venv_lib_python3_12_site-packages_PyQt6_Qt6 --> node_venv_lib_python3_12_site-packages_PyQt6_Qt6_plugins["plugins"]\n    node_venv_lib_python3_12_site-packages_PyQt6_Qt6_plugins --> node_venv_lib_python3_12_site-packages_PyQt6_Qt6_plugins_imageformats["imageformats"]\n    node_venv_lib_python3_12_site-packages_PyQt6_Qt6_plugins_imageformats --> node_venv_lib_python3_12_site-packages_PyQt6_Qt6_plugins_imageformats_libqicns_dylib["libqicns.dylib"]\n    Root --> node_venv["venv"]\n    node_venv --> node_venv_lib["lib"]\n    node_venv_lib --> node_venv_lib_python3_12["python3.12"]\n    node_venv_lib_python3_12 --> node_venv_lib_python3_12_site-packages["site-packages"]\n    node_venv_lib_python3_12_site-packages --> node_venv_lib_python3_12_site-packages_PyQt6["PyQt6"]\n    node_venv_lib_python3_12_site-packages_PyQt6 --> node_venv_lib_python3_12_site-packages_PyQt6_Qt6["Qt6"]\n    node_venv_lib_python3_12_site-packages_PyQt6_Qt6 --> node_venv_lib_python3_12_site-packages_PyQt6_Qt6_plugins["plugins"]\n    node_venv_lib_python3_12_site-packages_PyQt6_Qt6_plugins --> node_venv_lib_python3_12_site-packages_PyQt6_Qt6_plugins_imageformats["imageformats"]\n    node_venv_lib_python3_12_site-packages_PyQt6_Qt6_plugins_imageformats --> node_venv_lib_python3_12_site-packages_PyQt6_Qt6_plugins_imageformats_libqico_dylib["libqico.dylib"]\n    Root --> node_venv["venv"]\n    node_venv --> node_venv_lib["lib"]\n    node_venv_lib --> node_venv_lib_python3_12["python3.12"]\n    node_venv_lib_python3_12 --> node_venv_lib_python3_12_site-packages["site-packages"]\n    node_venv_lib_python3_12_site-packages --> node_venv_lib_python3_12_site-packages_PyQt6["PyQt6"]\n    node_venv_lib_python3_12_site-packages_PyQt6 --> node_venv_lib_python3_12_site-packages_PyQt6_Qt6["Qt6"]\n    node_venv_lib_python3_12_site-packages_PyQt6_Qt6 --> node_venv_lib_python3_12_site-packages_PyQt6_Qt6_plugins["plugins"]\n    node_venv_lib_python3_12_site-packages_PyQt6_Qt6_plugins --> node_venv_lib_python3_12_site-packages_PyQt6_Qt6_plugins_imageformats["imageformats"]\n    node_venv_lib_python3_12_site-packages_PyQt6_Qt6_plugins_imageformats --> node_venv_lib_python3_12_site-packages_PyQt6_Qt6_plugins_imageformats_libqjpeg_dylib["libqjpeg.dylib"]\n    Root --> node_venv["venv"]\n    node_venv --> node_venv_lib["lib"]\n    node_venv_lib --> node_venv_lib_python3_12["python3.12"]\n    node_venv_lib_python3_12 --> node_venv_lib_python3_12_site-packages["site-packages"]\n    node_venv_lib_python3_12_site-packages --> node_venv_lib_python3_12_site-packages_PyQt6["PyQt6"]\n    node_venv_lib_python3_12_site-packages_PyQt6 --> node_venv_lib_python3_12_site-packages_PyQt6_Qt6["Qt6"]\n    node_venv_lib_python3_12_site-packages_PyQt6_Qt6 --> node_venv_lib_python3_12_site-packages_PyQt6_Qt6_plugins["plugins"]\n    node_venv_lib_python3_12_site-packages_PyQt6_Qt6_plugins --> node_venv_lib_python3_12_site-packages_PyQt6_Qt6_plugins_imageformats["imageformats"]\n    node_venv_lib_python3_12_site-packages_PyQt6_Qt6_plugins_imageformats --> node_venv_lib_python3_12_site-packages_PyQt6_Qt6_plugins_imageformats_libqmacheif_dylib["libqmacheif.dylib"]\n    Root --> node_venv["venv"]\n    node_venv --> node_venv_lib["lib"]\n    node_venv_lib --> node_venv_lib_python3_12["python3.12"]\n    node_venv_lib_python3_12 --> node_venv_lib_python3_12_site-packages["site-packages"]\n    node_venv_lib_python3_12_site-packages --> node_venv_lib_python3_12_site-packages_PyQt6["PyQt6"]\n    node_venv_lib_python3_12_site-packages_PyQt6 --> node_venv_lib_python3_12_site-packages_PyQt6_Qt6["Qt6"]\n    node_venv_lib_python3_12_site-packages_PyQt6_Qt6 --> node_venv_lib_python3_12_site-packages_PyQt6_Qt6_plugins["plugins"]\n    node_venv_lib_python3_12_site-packages_PyQt6_Qt6_plugins --> node_venv_lib_python3_12_site-packages_PyQt6_Qt6_plugins_imageformats["imageformats"]\n    node_venv_lib_python3_12_site-packages_PyQt6_Qt6_plugins_imageformats --> node_venv_lib_python3_12_site-packages_PyQt6_Qt6_plugins_imageformats_libqmacjp2_dylib["libqmacjp2.dylib"]\n    Root --> node_venv["venv"]\n    node_venv --> node_venv_lib["lib"]\n    node_venv_lib --> node_venv_lib_python3_12["python3.12"]\n    node_venv_lib_python3_12 --> node_venv_lib_python3_12_site-packages["site-packages"]\n    node_venv_lib_python3_12_site-packages --> node_venv_lib_python3_12_site-packages_PyQt6["PyQt6"]\n    node_venv_lib_python3_12_site-packages_PyQt6 --> node_venv_lib_python3_12_site-packages_PyQt6_Qt6["Qt6"]\n    node_venv_lib_python3_12_site-packages_PyQt6_Qt6 --> node_venv_lib_python3_12_site-packages_PyQt6_Qt6_plugins["plugins"]\n    node_venv_lib_python3_12_site-packages_PyQt6_Qt6_plugins --> node_venv_lib_python3_12_site-packages_PyQt6_Qt6_plugins_imageformats["imageformats"]\n    node_venv_lib_python3_12_site-packages_PyQt6_Qt6_plugins_imageformats --> node_venv_lib_python3_12_site-packages_PyQt6_Qt6_plugins_imageformats_libqpdf_dylib["libqpdf.dylib"]\n    Root --> node_venv["venv"]\n    node_venv --> node_venv_lib["lib"]\n    node_venv_lib --> node_venv_lib_python3_12["python3.12"]\n    node_venv_lib_python3_12 --> node_venv_lib_python3_12_site-packages["site-packages"]\n    node_venv_lib_python3_12_site-packages --> node_venv_lib_python3_12_site-packages_PyQt6["PyQt6"]\n    node_venv_lib_python3_12_site-packages_PyQt6 --> node_venv_lib_python3_12_site-packages_PyQt6_Qt6["Qt6"]\n    node_venv_lib_python3_12_site-packages_PyQt6_Qt6 --> node_venv_lib_python3_12_site-packages_PyQt6_Qt6_plugins["plugins"]\n    node_venv_lib_python3_12_site-packages_PyQt6_Qt6_plugins --> node_venv_lib_python3_12_site-packages_PyQt6_Qt6_plugins_imageformats["imageformats"]\n    node_venv_lib_python3_12_site-packages_PyQt6_Qt6_plugins_imageformats --> node_venv_lib_python3_12_site-packages_PyQt6_Qt6_plugins_imageformats_libqsvg_dylib["libqsvg.dylib"]\n    Root --> node_venv["venv"]\n    node_venv --> node_venv_lib["lib"]\n    node_venv_lib --> node_venv_lib_python3_12["python3.12"]\n    node_venv_lib_python3_12 --> node_venv_lib_python3_12_site-packages["site-packages"]\n    node_venv_lib_python3_12_site-packages --> node_venv_lib_python3_12_site-packages_PyQt6["PyQt6"]\n    node_venv_lib_python3_12_site-packages_PyQt6 --> node_venv_lib_python3_12_site-packages_PyQt6_Qt6["Qt6"]\n    node_venv_lib_python3_12_site-packages_PyQt6_Qt6 --> node_venv_lib_python3_12_site-packages_PyQt6_Qt6_plugins["plugins"]\n    node_venv_lib_python3_12_site-packages_PyQt6_Qt6_plugins --> node_venv_lib_python3_12_site-packages_PyQt6_Qt6_plugins_imageformats["imageformats"]\n    node_venv_lib_python3_12_site-packages_PyQt6_Qt6_plugins_imageformats --> node_venv_lib_python3_12_site-packages_PyQt6_Qt6_plugins_imageformats_libqtga_dylib["libqtga.dylib"]\n    Root --> node_venv["venv"]\n    node_venv --> node_venv_lib["lib"]\n    node_venv_lib --> node_venv_lib_python3_12["python3.12"]\n    node_venv_lib_python3_12 --> node_venv_lib_python3_12_site-packages["site-packages"]\n    node_venv_lib_python3_12_site-packages --> node_venv_lib_python3_12_site-packages_PyQt6["PyQt6"]\n    node_venv_lib_python3_12_site-packages_PyQt6 --> node_venv_lib_python3_12_site-packages_PyQt6_Qt6["Qt6"]\n    node_venv_lib_python3_12_site-packages_PyQt6_Qt6 --> node_venv_lib_python3_12_site-packages_PyQt6_Qt6_plugins["plugins"]\n    node_venv_lib_python3_12_site-packages_PyQt6_Qt6_plugins --> node_venv_lib_python3_12_site-packages_PyQt6_Qt6_plugins_imageformats["imageformats"]\n    node_venv_lib_python3_12_site-packages_PyQt6_Qt6_plugins_imageformats --> node_venv_lib_python3_12_site-packages_PyQt6_Qt6_plugins_imageformats_libqtiff_dylib["libqtiff.dylib"]\n    Root --> node_venv["venv"]\n    node_venv --> node_venv_lib["lib"]\n    node_venv_lib --> node_venv_lib_python3_12["python3.12"]\n    node_venv_lib_python3_12 --> node_venv_lib_python3_12_site-packages["site-packages"]\n    node_venv_lib_python3_12_site-packages --> node_venv_lib_python3_12_site-packages_PyQt6["PyQt6"]\n    node_venv_lib_python3_12_site-packages_PyQt6 --> node_venv_lib_python3_12_site-packages_PyQt6_Qt6["Qt6"]\n    node_venv_lib_python3_12_site-packages_PyQt6_Qt6 --> node_venv_lib_python3_12_site-packages_PyQt6_Qt6_plugins["plugins"]\n    node_venv_lib_python3_12_site-packages_PyQt6_Qt6_plugins --> node_venv_lib_python3_12_site-packages_PyQt6_Qt6_plugins_imageformats["imageformats"]\n    node_venv_lib_python3_12_site-packages_PyQt6_Qt6_plugins_imageformats --> node_venv_lib_python3_12_site-packages_PyQt6_Qt6_plugins_imageformats_libqwbmp_dylib["libqwbmp.dylib"]\n    Root --> node_venv["venv"]\n    node_venv --> node_venv_lib["lib"]\n    node_venv_lib --> node_venv_lib_python3_12["python3.12"]\n    node_venv_lib_python3_12 --> node_venv_lib_python3_12_site-packages["site-packages"]\n    node_venv_lib_python3_12_site-packages --> node_venv_lib_python3_12_site-packages_PyQt6["PyQt6"]\n    node_venv_lib_python3_12_site-packages_PyQt6 --> node_venv_lib_python3_12_site-packages_PyQt6_Qt6["Qt6"]\n    node_venv_lib_python3_12_site-packages_PyQt6_Qt6 --> node_venv_lib_python3_12_site-packages_PyQt6_Qt6_plugins["plugins"]\n    node_venv_lib_python3_12_site-packages_PyQt6_Qt6_plugins --> node_venv_lib_python3_12_site-packages_PyQt6_Qt6_plugins_imageformats["imageformats"]\n    node_venv_lib_python3_12_site-packages_PyQt6_Qt6_plugins_imageformats --> node_venv_lib_python3_12_site-packages_PyQt6_Qt6_plugins_imageformats_libqwebp_dylib["libqwebp.dylib"]\n    Root --> node_venv["venv"]\n    node_venv --> node_venv_lib["lib"]\n    node_venv_lib --> node_venv_lib_python3_12["python3.12"]\n    node_venv_lib_python3_12 --> node_venv_lib_python3_12_site-packages["site-packages"]\n    node_venv_lib_python3_12_site-packages --> node_venv_lib_python3_12_site-packages_PyQt6["PyQt6"]\n    node_venv_lib_python3_12_site-packages_PyQt6 --> node_venv_lib_python3_12_site-packages_PyQt6_Qt6["Qt6"]\n    node_venv_lib_python3_12_site-packages_PyQt6_Qt6 --> node_venv_lib_python3_12_site-packages_PyQt6_Qt6_plugins["plugins"]\n    node_venv_lib_python3_12_site-packages_PyQt6_Qt6_plugins --> node_venv_lib_python3_12_site-packages_PyQt6_Qt6_plugins_qmllint["qmllint"]\n    node_venv_lib_python3_12_site-packages_PyQt6_Qt6_plugins_qmllint --> node_venv_lib_python3_12_site-packages_PyQt6_Qt6_plugins_qmllint_libqdslintplugin_dylib["libqdslintplugin.dylib"]\n    Root --> node_venv["venv"]\n    node_venv --> node_venv_lib["lib"]\n    node_venv_lib --> node_venv_lib_python3_12["python3.12"]\n    node_venv_lib_python3_12 --> node_venv_lib_python3_12_site-packages["site-packages"]\n    node_venv_lib_python3_12_site-packages --> node_venv_lib_python3_12_site-packages_PyQt6["PyQt6"]\n    node_venv_lib_python3_12_site-packages_PyQt6 --> node_venv_lib_python3_12_site-packages_PyQt6_Qt6["Qt6"]\n    node_venv_lib_python3_12_site-packages_PyQt6_Qt6 --> node_venv_lib_python3_12_site-packages_PyQt6_Qt6_plugins["plugins"]\n    node_venv_lib_python3_12_site-packages_PyQt6_Qt6_plugins --> node_venv_lib_python3_12_site-packages_PyQt6_Qt6_plugins_qmllint["qmllint"]\n    node_venv_lib_python3_12_site-packages_PyQt6_Qt6_plugins_qmllint --> node_venv_lib_python3_12_site-packages_PyQt6_Qt6_plugins_qmllint_libquicklintplugin_dylib["libquicklintplugin.dylib"]\n    Root --> node_venv["venv"]\n    node_venv --> node_venv_lib["lib"]\n    node_venv_lib --> node_venv_lib_python3_12["python3.12"]\n    node_venv_lib_python3_12 --> node_venv_lib_python3_12_site-packages["site-packages"]\n    node_venv_lib_python3_12_site-packages --> node_venv_lib_python3_12_site-packages_PyQt6["PyQt6"]\n    node_venv_lib_python3_12_site-packages_PyQt6 --> node_venv_lib_python3_12_site-packages_PyQt6_Qt6["Qt6"]\n    node_venv_lib_python3_12_site-packages_PyQt6_Qt6 --> node_venv_lib_python3_12_site-packages_PyQt6_Qt6_plugins["plugins"]\n    node_venv_lib_python3_12_site-packages_PyQt6_Qt6_plugins --> node_venv_lib_python3_12_site-packages_PyQt6_Qt6_plugins_qmlls["qmlls"]\n    node_venv_lib_python3_12_site-packages_PyQt6_Qt6_plugins_qmlls --> node_venv_lib_python3_12_site-packages_PyQt6_Qt6_plugins_qmlls_libqmllsquickplugin_dylib["libqmllsquickplugin.dylib"]\n    Root --> node_venv["venv"]\n    node_venv --> node_venv_lib["lib"]\n    node_venv_lib --> node_venv_lib_python3_12["python3.12"]\n    node_venv_lib_python3_12 --> node_venv_lib_python3_12_site-packages["site-packages"]\n    node_venv_lib_python3_12_site-packages --> node_venv_lib_python3_12_site-packages_PyQt6["PyQt6"]\n    node_venv_lib_python3_12_site-packages_PyQt6 --> node_venv_lib_python3_12_site-packages_PyQt6_Qt6["Qt6"]\n    node_venv_lib_python3_12_site-packages_PyQt6_Qt6 --> node_venv_lib_python3_12_site-packages_PyQt6_Qt6_plugins["plugins"]\n    node_venv_lib_python3_12_site-packages_PyQt6_Qt6_plugins --> node_venv_lib_python3_12_site-packages_PyQt6_Qt6_plugins_texttospeech["texttospeech"]\n    node_venv_lib_python3_12_site-packages_PyQt6_Qt6_plugins_texttospeech --> node_venv_lib_python3_12_site-packages_PyQt6_Qt6_plugins_texttospeech_libqtexttospeech_mock_dylib["libqtexttospeech_mock.dylib"]\n    Root --> node_venv["venv"]\n    node_venv --> node_venv_lib["lib"]\n    node_venv_lib --> node_venv_lib_python3_12["python3.12"]\n    node_venv_lib_python3_12 --> node_venv_lib_python3_12_site-packages["site-packages"]\n    node_venv_lib_python3_12_site-packages --> node_venv_lib_python3_12_site-packages_PyQt6["PyQt6"]\n    node_venv_lib_python3_12_site-packages_PyQt6 --> node_venv_lib_python3_12_site-packages_PyQt6_Qt6["Qt6"]\n    node_venv_lib_python3_12_site-packages_PyQt6_Qt6 --> node_venv_lib_python3_12_site-packages_PyQt6_Qt6_plugins["plugins"]\n    node_venv_lib_python3_12_site-packages_PyQt6_Qt6_plugins --> node_venv_lib_python3_12_site-packages_PyQt6_Qt6_plugins_texttospeech["texttospeech"]\n    node_venv_lib_python3_12_site-packages_PyQt6_Qt6_plugins_texttospeech --> node_venv_lib_python3_12_site-packages_PyQt6_Qt6_plugins_texttospeech_libqtexttospeech_speechdarwin_dylib["libqtexttospeech_speechdarwin.dylib"]\n    Root --> node_venv["venv"]\n    node_venv --> node_venv_lib["lib"]\n    node_venv_lib --> node_venv_lib_python3_12["python3.12"]\n    node_venv_lib_python3_12 --> node_venv_lib_python3_12_site-packages["site-packages"]\n    node_venv_lib_python3_12_site-packages --> node_venv_lib_python3_12_site-packages_PyQt6["PyQt6"]\n    node_venv_lib_python3_12_site-packages_PyQt6 --> node_venv_lib_python3_12_site-packages_PyQt6_Qt6["Qt6"]\n    node_venv_lib_python3_12_site-packages_PyQt6_Qt6 --> node_venv_lib_python3_12_site-packages_PyQt6_Qt6_plugins["plugins"]\n    node_venv_lib_python3_12_site-packages_PyQt6_Qt6_plugins --> node_venv_lib_python3_12_site-packages_PyQt6_Qt6_plugins_generic["generic"]\n    node_venv_lib_python3_12_site-packages_PyQt6_Qt6_plugins_generic --> node_venv_lib_python3_12_site-packages_PyQt6_Qt6_plugins_generic_libqtuiotouchplugin_dylib["libqtuiotouchplugin.dylib"]\n    Root --> node_venv["venv"]\n    node_venv --> node_venv_lib["lib"]\n    node_venv_lib --> node_venv_lib_python3_12["python3.12"]\n    node_venv_lib_python3_12 --> node_venv_lib_python3_12_site-packages["site-packages"]\n    node_venv_lib_python3_12_site-packages --> node_venv_lib_python3_12_site-packages_PyQt6["PyQt6"]\n    node_venv_lib_python3_12_site-packages_PyQt6 --> node_venv_lib_python3_12_site-packages_PyQt6_Qt6["Qt6"]\n    node_venv_lib_python3_12_site-packages_PyQt6_Qt6 --> node_venv_lib_python3_12_site-packages_PyQt6_Qt6_plugins["plugins"]\n    node_venv_lib_python3_12_site-packages_PyQt6_Qt6_plugins --> node_venv_lib_python3_12_site-packages_PyQt6_Qt6_plugins_renderplugins["renderplugins"]\n    node_venv_lib_python3_12_site-packages_PyQt6_Qt6_plugins_renderplugins --> node_venv_lib_python3_12_site-packages_PyQt6_Qt6_plugins_renderplugins_libscene2d_dylib["libscene2d.dylib"]\n    Root --> node_venv["venv"]\n    node_venv --> node_venv_lib["lib"]\n    node_venv_lib --> node_venv_lib_python3_12["python3.12"]\n    node_venv_lib_python3_12 --> node_venv_lib_python3_12_site-packages["site-packages"]\n    node_venv_lib_python3_12_site-packages --> node_venv_lib_python3_12_site-packages_PyQt6["PyQt6"]\n    node_venv_lib_python3_12_site-packages_PyQt6 --> node_venv_lib_python3_12_site-packages_PyQt6_Qt6["Qt6"]\n    node_venv_lib_python3_12_site-packages_PyQt6_Qt6 --> node_venv_lib_python3_12_site-packages_PyQt6_Qt6_plugins["plugins"]\n    node_venv_lib_python3_12_site-packages_PyQt6_Qt6_plugins --> node_venv_lib_python3_12_site-packages_PyQt6_Qt6_plugins_help["help"]\n    node_venv_lib_python3_12_site-packages_PyQt6_Qt6_plugins_help --> node_venv_lib_python3_12_site-packages_PyQt6_Qt6_plugins_help_libhelpplugin_dylib["libhelpplugin.dylib"]\n    Root --> node_venv["venv"]\n    node_venv --> node_venv_lib["lib"]\n    node_venv_lib --> node_venv_lib_python3_12["python3.12"]\n    node_venv_lib_python3_12 --> node_venv_lib_python3_12_site-packages["site-packages"]\n    node_venv_lib_python3_12_site-packages --> node_venv_lib_python3_12_site-packages_PyQt6["PyQt6"]\n    node_venv_lib_python3_12_site-packages_PyQt6 --> node_venv_lib_python3_12_site-packages_PyQt6_Qt6["Qt6"]\n    node_venv_lib_python3_12_site-packages_PyQt6_Qt6 --> node_venv_lib_python3_12_site-packages_PyQt6_Qt6_plugins["plugins"]\n    node_venv_lib_python3_12_site-packages_PyQt6_Qt6_plugins --> node_venv_lib_python3_12_site-packages_PyQt6_Qt6_plugins_networkinformation["networkinformation"]\n    node_venv_lib_python3_12_site-packages_PyQt6_Qt6_plugins_networkinformation --> node_venv_lib_python3_12_site-packages_PyQt6_Qt6_plugins_networkinformation_libqapplenetworkinformation_dylib["libqapplenetworkinformation.dylib"]\n    Root --> node_venv["venv"]\n    node_venv --> node_venv_lib["lib"]\n    node_venv_lib --> node_venv_lib_python3_12["python3.12"]\n    node_venv_lib_python3_12 --> node_venv_lib_python3_12_site-packages["site-packages"]\n    node_venv_lib_python3_12_site-packages --> node_venv_lib_python3_12_site-packages_PyQt6["PyQt6"]\n    node_venv_lib_python3_12_site-packages_PyQt6 --> node_venv_lib_python3_12_site-packages_PyQt6_Qt6["Qt6"]\n    node_venv_lib_python3_12_site-packages_PyQt6_Qt6 --> node_venv_lib_python3_12_site-packages_PyQt6_Qt6_lib["lib"]\n    node_venv_lib_python3_12_site-packages_PyQt6_Qt6_lib --> node_venv_lib_python3_12_site-packages_PyQt6_Qt6_lib_libavcodec_61_dylib["libavcodec.61.dylib"]\n    Root --> node_venv["venv"]\n    node_venv --> node_venv_lib["lib"]\n    node_venv_lib --> node_venv_lib_python3_12["python3.12"]\n    node_venv_lib_python3_12 --> node_venv_lib_python3_12_site-packages["site-packages"]\n    node_venv_lib_python3_12_site-packages --> node_venv_lib_python3_12_site-packages_PyQt6["PyQt6"]\n    node_venv_lib_python3_12_site-packages_PyQt6 --> node_venv_lib_python3_12_site-packages_PyQt6_Qt6["Qt6"]\n    node_venv_lib_python3_12_site-packages_PyQt6_Qt6 --> node_venv_lib_python3_12_site-packages_PyQt6_Qt6_lib["lib"]\n    node_venv_lib_python3_12_site-packages_PyQt6_Qt6_lib --> node_venv_lib_python3_12_site-packages_PyQt6_Qt6_lib_libavformat_61_dylib["libavformat.61.dylib"]\n    Root --> node_venv["venv"]\n    node_venv --> node_venv_lib["lib"]\n    node_venv_lib --> node_venv_lib_python3_12["python3.12"]\n    node_venv_lib_python3_12 --> node_venv_lib_python3_12_site-packages["site-packages"]\n    node_venv_lib_python3_12_site-packages --> node_venv_lib_python3_12_site-packages_PyQt6["PyQt6"]\n    node_venv_lib_python3_12_site-packages_PyQt6 --> node_venv_lib_python3_12_site-packages_PyQt6_Qt6["Qt6"]\n    node_venv_lib_python3_12_site-packages_PyQt6_Qt6 --> node_venv_lib_python3_12_site-packages_PyQt6_Qt6_lib["lib"]\n    node_venv_lib_python3_12_site-packages_PyQt6_Qt6_lib --> node_venv_lib_python3_12_site-packages_PyQt6_Qt6_lib_libavutil_59_dylib["libavutil.59.dylib"]\n    Root --> node_venv["venv"]\n    node_venv --> node_venv_lib["lib"]\n    node_venv_lib --> node_venv_lib_python3_12["python3.12"]\n    node_venv_lib_python3_12 --> node_venv_lib_python3_12_site-packages["site-packages"]\n    node_venv_lib_python3_12_site-packages --> node_venv_lib_python3_12_site-packages_PyQt6["PyQt6"]\n    node_venv_lib_python3_12_site-packages_PyQt6 --> node_venv_lib_python3_12_site-packages_PyQt6_Qt6["Qt6"]\n    node_venv_lib_python3_12_site-packages_PyQt6_Qt6 --> node_venv_lib_python3_12_site-packages_PyQt6_Qt6_lib["lib"]\n    node_venv_lib_python3_12_site-packages_PyQt6_Qt6_lib --> node_venv_lib_python3_12_site-packages_PyQt6_Qt6_lib_libswresample_5_dylib["libswresample.5.dylib"]\n    Root --> node_venv["venv"]\n    node_venv --> node_venv_lib["lib"]\n    node_venv_lib --> node_venv_lib_python3_12["python3.12"]\n    node_venv_lib_python3_12 --> node_venv_lib_python3_12_site-packages["site-packages"]\n    node_venv_lib_python3_12_site-packages --> node_venv_lib_python3_12_site-packages_PyQt6["PyQt6"]\n    node_venv_lib_python3_12_site-packages_PyQt6 --> node_venv_lib_python3_12_site-packages_PyQt6_Qt6["Qt6"]\n    node_venv_lib_python3_12_site-packages_PyQt6_Qt6 --> node_venv_lib_python3_12_site-packages_PyQt6_Qt6_lib["lib"]\n    node_venv_lib_python3_12_site-packages_PyQt6_Qt6_lib --> node_venv_lib_python3_12_site-packages_PyQt6_Qt6_lib_libswscale_8_dylib["libswscale.8.dylib"]\n    Root --> node_venv["venv"]\n    node_venv --> node_venv_lib["lib"]\n    node_venv_lib --> node_venv_lib_python3_12["python3.12"]\n    node_venv_lib_python3_12 --> node_venv_lib_python3_12_site-packages["site-packages"]\n    node_venv_lib_python3_12_site-packages --> node_venv_lib_python3_12_site-packages_PyQt6["PyQt6"]\n    node_venv_lib_python3_12_site-packages_PyQt6 --> node_venv_lib_python3_12_site-packages_PyQt6_Qt6["Qt6"]\n    node_venv_lib_python3_12_site-packages_PyQt6_Qt6 --> node_venv_lib_python3_12_site-packages_PyQt6_Qt6_lib["lib"]\n    node_venv_lib_python3_12_site-packages_PyQt6_Qt6_lib --> node_venv_lib_python3_12_site-packages_PyQt6_Qt6_lib_QtMultimediaQuick_framework["QtMultimediaQuick.framework"]\n    node_venv_lib_python3_12_site-packages_PyQt6_Qt6_lib_QtMultimediaQuick_framework --> node_venv_lib_python3_12_site-packages_PyQt6_Qt6_lib_QtMultimediaQuick_framework_Resources["Resources"]\n    node_venv_lib_python3_12_site-packages_PyQt6_Qt6_lib_QtMultimediaQuick_framework_Resources --> node_venv_lib_python3_12_site-packages_PyQt6_Qt6_lib_QtMultimediaQuick_framework_Resources_Info_plist["Info.plist"]\n    Root --> node_venv["venv"]\n    node_venv --> node_venv_lib["lib"]\n    node_venv_lib --> node_venv_lib_python3_12["python3.12"]\n    node_venv_lib_python3_12 --> node_venv_lib_python3_12_site-packages["site-packages"]\n    node_venv_lib_python3_12_site-packages --> node_venv_lib_python3_12_site-packages_PyQt6["PyQt6"]\n    node_venv_lib_python3_12_site-packages_PyQt6 --> node_venv_lib_python3_12_site-packages_PyQt6_Qt6["Qt6"]\n    node_venv_lib_python3_12_site-packages_PyQt6_Qt6 --> node_venv_lib_python3_12_site-packages_PyQt6_Qt6_lib["lib"]\n    node_venv_lib_python3_12_site-packages_PyQt6_Qt6_lib --> node_venv_lib_python3_12_site-packages_PyQt6_Qt6_lib_QtMultimediaQuick_framework["QtMultimediaQuick.framework"]\n    node_venv_lib_python3_12_site-packages_PyQt6_Qt6_lib_QtMultimediaQuick_framework --> node_venv_lib_python3_12_site-packages_PyQt6_Qt6_lib_QtMultimediaQuick_framework_Resources["Resources"]\n    node_venv_lib_python3_12_site-packages_PyQt6_Qt6_lib_QtMultimediaQuick_framework_Resources --> node_venv_lib_python3_12_site-packages_PyQt6_Qt6_lib_QtMultimediaQuick_framework_Resources_PrivacyInfo_xcprivacy["PrivacyInfo.xcprivacy"]\n    Root --> node_venv["venv"]\n    node_venv --> node_venv_lib["lib"]\n    node_venv_lib --> node_venv_lib_python3_12["python3.12"]\n    node_venv_lib_python3_12 --> node_venv_lib_python3_12_site-packages["site-packages"]\n    node_venv_lib_python3_12_site-packages --> node_venv_lib_python3_12_site-packages_PyQt6["PyQt6"]\n    node_venv_lib_python3_12_site-packages_PyQt6 --> node_venv_lib_python3_12_site-packages_PyQt6_Qt6["Qt6"]\n    node_venv_lib_python3_12_site-packages_PyQt6_Qt6 --> node_venv_lib_python3_12_site-packages_PyQt6_Qt6_lib["lib"]\n    node_venv_lib_python3_12_site-packages_PyQt6_Qt6_lib --> node_venv_lib_python3_12_site-packages_PyQt6_Qt6_lib_QtMultimediaQuick_framework["QtMultimediaQuick.framework"]\n    node_venv_lib_python3_12_site-packages_PyQt6_Qt6_lib_QtMultimediaQuick_framework --> node_venv_lib_python3_12_site-packages_PyQt6_Qt6_lib_QtMultimediaQuick_framework_Versions["Versions"]\n    node_venv_lib_python3_12_site-packages_PyQt6_Qt6_lib_QtMultimediaQuick_framework_Versions --> node_venv_lib_python3_12_site-packages_PyQt6_Qt6_lib_QtMultimediaQuick_framework_Versions_A["A"]\n    node_venv_lib_python3_12_site-packages_PyQt6_Qt6_lib_QtMultimediaQuick_framework_Versions_A --> node_venv_lib_python3_12_site-packages_PyQt6_Qt6_lib_QtMultimediaQuick_framework_Versions_A_QtMultimediaQuick["QtMultimediaQuick"]\n    Root --> node_venv["venv"]\n    node_venv --> node_venv_lib["lib"]\n    node_venv_lib --> node_venv_lib_python3_12["python3.12"]\n    node_venv_lib_python3_12 --> node_venv_lib_python3_12_site-packages["site-packages"]\n    node_venv_lib_python3_12_site-packages --> node_venv_lib_python3_12_site-packages_PyQt6["PyQt6"]\n    node_venv_lib_python3_12_site-packages_PyQt6 --> node_venv_lib_python3_12_site-packages_PyQt6_Qt6["Qt6"]\n    node_venv_lib_python3_12_site-packages_PyQt6_Qt6 --> node_venv_lib_python3_12_site-packages_PyQt6_Qt6_lib["lib"]\n    node_venv_lib_python3_12_site-packages_PyQt6_Qt6_lib --> node_venv_lib_python3_12_site-packages_PyQt6_Qt6_lib_QtLabsPlatform_framework["QtLabsPlatform.framework"]\n    node_venv_lib_python3_12_site-packages_PyQt6_Qt6_lib_QtLabsPlatform_framework --> node_venv_lib_python3_12_site-packages_PyQt6_Qt6_lib_QtLabsPlatform_framework_Resources["Resources"]\n    node_venv_lib_python3_12_site-packages_PyQt6_Qt6_lib_QtLabsPlatform_framework_Resources --> node_venv_lib_python3_12_site-packages_PyQt6_Qt6_lib_QtLabsPlatform_framework_Resources_Info_plist["Info.plist"]\n    Root --> node_venv["venv"]\n    node_venv --> node_venv_lib["lib"]\n    node_venv_lib --> node_venv_lib_python3_12["python3.12"]\n    node_venv_lib_python3_12 --> node_venv_lib_python3_12_site-packages["site-packages"]\n    node_venv_lib_python3_12_site-packages --> node_venv_lib_python3_12_site-packages_PyQt6["PyQt6"]\n    node_venv_lib_python3_12_site-packages_PyQt6 --> node_venv_lib_python3_12_site-packages_PyQt6_Qt6["Qt6"]\n    node_venv_lib_python3_12_site-packages_PyQt6_Qt6 --> node_venv_lib_python3_12_site-packages_PyQt6_Qt6_lib["lib"]\n    node_venv_lib_python3_12_site-packages_PyQt6_Qt6_lib --> node_venv_lib_python3_12_site-packages_PyQt6_Qt6_lib_QtLabsPlatform_framework["QtLabsPlatform.framework"]\n    node_venv_lib_python3_12_site-packages_PyQt6_Qt6_lib_QtLabsPlatform_framework --> node_venv_lib_python3_12_site-packages_PyQt6_Qt6_lib_QtLabsPlatform_framework_Resources["Resources"]\n    node_venv_lib_python3_12_site-packages_PyQt6_Qt6_lib_QtLabsPlatform_framework_Resources --> node_venv_lib_python3_12_site-packages_PyQt6_Qt6_lib_QtLabsPlatform_framework_Resources_PrivacyInfo_xcprivacy["PrivacyInfo.xcprivacy"]\n    Root --> node_venv["venv"]\n    node_venv --> node_venv_lib["lib"]\n    node_venv_lib --> node_venv_lib_python3_12["python3.12"]\n    node_venv_lib_python3_12 --> node_venv_lib_python3_12_site-packages["site-packages"]\n    node_venv_lib_python3_12_site-packages --> node_venv_lib_python3_12_site-packages_PyQt6["PyQt6"]\n    node_venv_lib_python3_12_site-packages_PyQt6 --> node_venv_lib_python3_12_site-packages_PyQt6_Qt6["Qt6"]\n    node_venv_lib_python3_12_site-packages_PyQt6_Qt6 --> node_venv_lib_python3_12_site-packages_PyQt6_Qt6_lib["lib"]\n    node_venv_lib_python3_12_site-packages_PyQt6_Qt6_lib --> node_venv_lib_python3_12_site-packages_PyQt6_Qt6_lib_QtLabsPlatform_framework["QtLabsPlatform.framework"]\n    node_venv_lib_python3_12_site-packages_PyQt6_Qt6_lib_QtLabsPlatform_framework --> node_venv_lib_python3_12_site-packages_PyQt6_Qt6_lib_QtLabsPlatform_framework_Versions["Versions"]\n    node_venv_lib_python3_12_site-packages_PyQt6_Qt6_lib_QtLabsPlatform_framework_Versions --> node_venv_lib_python3_12_site-packages_PyQt6_Qt6_lib_QtLabsPlatform_framework_Versions_A["A"]\n    node_venv_lib_python3_12_site-packages_PyQt6_Qt6_lib_QtLabsPlatform_framework_Versions_A --> node_venv_lib_python3_12_site-packages_PyQt6_Qt6_lib_QtLabsPlatform_framework_Versions_A_QtLabsPlatform["QtLabsPlatform"]\n    Root --> node_venv["venv"]\n    node_venv --> node_venv_lib["lib"]\n    node_venv_lib --> node_venv_lib_python3_12["python3.12"]\n    node_venv_lib_python3_12 --> node_venv_lib_python3_12_site-packages["site-packages"]\n    node_venv_lib_python3_12_site-packages --> node_venv_lib_python3_12_site-packages_PyQt6["PyQt6"]\n    node_venv_lib_python3_12_site-packages_PyQt6 --> node_venv_lib_python3_12_site-packages_PyQt6_Qt6["Qt6"]\n    node_venv_lib_python3_12_site-packages_PyQt6_Qt6 --> node_venv_lib_python3_12_site-packages_PyQt6_Qt6_lib["lib"]\n    node_venv_lib_python3_12_site-packages_PyQt6_Qt6_lib --> node_venv_lib_python3_12_site-packages_PyQt6_Qt6_lib_QtQuickTimeline_framework["QtQuickTimeline.framework"]\n    node_venv_lib_python3_12_site-packages_PyQt6_Qt6_lib_QtQuickTimeline_framework --> node_venv_lib_python3_12_site-packages_PyQt6_Qt6_lib_QtQuickTimeline_framework_Resources["Resources"]\n    node_venv_lib_python3_12_site-packages_PyQt6_Qt6_lib_QtQuickTimeline_framework_Resources --> node_venv_lib_python3_12_site-packages_PyQt6_Qt6_lib_QtQuickTimeline_framework_Resources_Info_plist["Info.plist"]\n    Root --> node_venv["venv"]\n    node_venv --> node_venv_lib["lib"]\n    node_venv_lib --> node_venv_lib_python3_12["python3.12"]\n    node_venv_lib_python3_12 --> node_venv_lib_python3_12_site-packages["site-packages"]\n    node_venv_lib_python3_12_site-packages --> node_venv_lib_python3_12_site-packages_PyQt6["PyQt6"]\n    node_venv_lib_python3_12_site-packages_PyQt6 --> node_venv_lib_python3_12_site-packages_PyQt6_Qt6["Qt6"]\n    node_venv_lib_python3_12_site-packages_PyQt6_Qt6 --> node_venv_lib_python3_12_site-packages_PyQt6_Qt6_lib["lib"]\n    node_venv_lib_python3_12_site-packages_PyQt6_Qt6_lib --> node_venv_lib_python3_12_site-packages_PyQt6_Qt6_lib_QtQuickTimeline_framework["QtQuickTimeline.framework"]\n    node_venv_lib_python3_12_site-packages_PyQt6_Qt6_lib_QtQuickTimeline_framework --> node_venv_lib_python3_12_site-packages_PyQt6_Qt6_lib_QtQuickTimeline_framework_Resources["Resources"]\n    node_venv_lib_python3_12_site-packages_PyQt6_Qt6_lib_QtQuickTimeline_framework_Resources --> node_venv_lib_python3_12_site-packages_PyQt6_Qt6_lib_QtQuickTimeline_framework_Resources_PrivacyInfo_xcprivacy["PrivacyInfo.xcprivacy"]\n    Root --> node_venv["venv"]\n    node_venv --> node_venv_lib["lib"]\n    node_venv_lib --> node_venv_lib_python3_12["python3.12"]\n    node_venv_lib_python3_12 --> node_venv_lib_python3_12_site-packages["site-packages"]\n    node_venv_lib_python3_12_site-packages --> node_venv_lib_python3_12_site-packages_PyQt6["PyQt6"]\n    node_venv_lib_python3_12_site-packages_PyQt6 --> node_venv_lib_python3_12_site-packages_PyQt6_Qt6["Qt6"]\n    node_venv_lib_python3_12_site-packages_PyQt6_Qt6 --> node_venv_lib_python3_12_site-packages_PyQt6_Qt6_lib["lib"]\n    node_venv_lib_python3_12_site-packages_PyQt6_Qt6_lib --> node_venv_lib_python3_12_site-packages_PyQt6_Qt6_lib_QtQuickTimeline_framework["QtQuickTimeline.framework"]\n    node_venv_lib_python3_12_site-packages_PyQt6_Qt6_lib_QtQuickTimeline_framework --> node_venv_lib_python3_12_site-packages_PyQt6_Qt6_lib_QtQuickTimeline_framework_Versions["Versions"]\n    node_venv_lib_python3_12_site-packages_PyQt6_Qt6_lib_QtQuickTimeline_framework_Versions --> node_venv_lib_python3_12_site-packages_PyQt6_Qt6_lib_QtQuickTimeline_framework_Versions_A["A"]\n    node_venv_lib_python3_12_site-packages_PyQt6_Qt6_lib_QtQuickTimeline_framework_Versions_A --> node_venv_lib_python3_12_site-packages_PyQt6_Qt6_lib_QtQuickTimeline_framework_Versions_A_QtQuickTimeline["QtQuickTimeline"]\n    Root --> node_venv["venv"]\n    node_venv --> node_venv_lib["lib"]\n    node_venv_lib --> node_venv_lib_python3_12["python3.12"]\n    node_venv_lib_python3_12 --> node_venv_lib_python3_12_site-packages["site-packages"]\n    node_venv_lib_python3_12_site-packages --> node_venv_lib_python3_12_site-packages_PyQt6["PyQt6"]\n    node_venv_lib_python3_12_site-packages_PyQt6 --> node_venv_lib_python3_12_site-packages_PyQt6_Qt6["Qt6"]\n    node_venv_lib_python3_12_site-packages_PyQt6_Qt6 --> node_venv_lib_python3_12_site-packages_PyQt6_Qt6_lib["lib"]\n    node_venv_lib_python3_12_site-packages_PyQt6_Qt6_lib --> node_venv_lib_python3_12_site-packages_PyQt6_Qt6_lib_QtQuick3DXr_framework["QtQuick3DXr.framework"]\n    node_venv_lib_python3_12_site-packages_PyQt6_Qt6_lib_QtQuick3DXr_framework --> node_venv_lib_python3_12_site-packages_PyQt6_Qt6_lib_QtQuick3DXr_framework_Resources["Resources"]\n    node_venv_lib_python3_12_site-packages_PyQt6_Qt6_lib_QtQuick3DXr_framework_Resources --> node_venv_lib_python3_12_site-packages_PyQt6_Qt6_lib_QtQuick3DXr_framework_Resources_Info_plist["Info.plist"]\n    Root --> node_venv["venv"]\n    node_venv --> node_venv_lib["lib"]\n    node_venv_lib --> node_venv_lib_python3_12["python3.12"]\n    node_venv_lib_python3_12 --> node_venv_lib_python3_12_site-packages["site-packages"]\n    node_venv_lib_python3_12_site-packages --> node_venv_lib_python3_12_site-packages_PyQt6["PyQt6"]\n    node_venv_lib_python3_12_site-packages_PyQt6 --> node_venv_lib_python3_12_site-packages_PyQt6_Qt6["Qt6"]\n    node_venv_lib_python3_12_site-packages_PyQt6_Qt6 --> node_venv_lib_python3_12_site-packages_PyQt6_Qt6_lib["lib"]\n    node_venv_lib_python3_12_site-packages_PyQt6_Qt6_lib --> node_venv_lib_python3_12_site-packages_PyQt6_Qt6_lib_QtQuick3DXr_framework["QtQuick3DXr.framework"]\n    node_venv_lib_python3_12_site-packages_PyQt6_Qt6_lib_QtQuick3DXr_framework --> node_venv_lib_python3_12_site-packages_PyQt6_Qt6_lib_QtQuick3DXr_framework_Resources["Resources"]\n    node_venv_lib_python3_12_site-packages_PyQt6_Qt6_lib_QtQuick3DXr_framework_Resources --> node_venv_lib_python3_12_site-packages_PyQt6_Qt6_lib_QtQuick3DXr_framework_Resources_PrivacyInfo_xcprivacy["PrivacyInfo.xcprivacy"]\n    Root --> node_venv["venv"]\n    node_venv --> node_venv_lib["lib"]\n    node_venv_lib --> node_venv_lib_python3_12["python3.12"]\n    node_venv_lib_python3_12 --> node_venv_lib_python3_12_site-packages["site-packages"]\n    node_venv_lib_python3_12_site-packages --> node_venv_lib_python3_12_site-packages_PyQt6["PyQt6"]\n    node_venv_lib_python3_12_site-packages_PyQt6 --> node_venv_lib_python3_12_site-packages_PyQt6_Qt6["Qt6"]\n    node_venv_lib_python3_12_site-packages_PyQt6_Qt6 --> node_venv_lib_python3_12_site-packages_PyQt6_Qt6_lib["lib"]\n    node_venv_lib_python3_12_site-packages_PyQt6_Qt6_lib --> node_venv_lib_python3_12_site-packages_PyQt6_Qt6_lib_QtQuick3DXr_framework["QtQuick3DXr.framework"]\n    node_venv_lib_python3_12_site-packages_PyQt6_Qt6_lib_QtQuick3DXr_framework --> node_venv_lib_python3_12_site-packages_PyQt6_Qt6_lib_QtQuick3DXr_framework_Versions["Versions"]\n    node_venv_lib_python3_12_site-packages_PyQt6_Qt6_lib_QtQuick3DXr_framework_Versions --> node_venv_lib_python3_12_site-packages_PyQt6_Qt6_lib_QtQuick3DXr_framework_Versions_A["A"]\n    node_venv_lib_python3_12_site-packages_PyQt6_Qt6_lib_QtQuick3DXr_framework_Versions_A --> node_venv_lib_python3_12_site-packages_PyQt6_Qt6_lib_QtQuick3DXr_framework_Versions_A_QtQuick3DXr["QtQuick3DXr"]\n    Root --> node_venv["venv"]\n    node_venv --> node_venv_lib["lib"]\n    node_venv_lib --> node_venv_lib_python3_12["python3.12"]\n    node_venv_lib_python3_12 --> node_venv_lib_python3_12_site-packages["site-packages"]\n    node_venv_lib_python3_12_site-packages --> node_venv_lib_python3_12_site-packages_PyQt6["PyQt6"]\n    node_venv_lib_python3_12_site-packages_PyQt6 --> node_venv_lib_python3_12_site-packages_PyQt6_Qt6["Qt6"]\n    node_venv_lib_python3_12_site-packages_PyQt6_Qt6 --> node_venv_lib_python3_12_site-packages_PyQt6_Qt6_lib["lib"]\n    node_venv_lib_python3_12_site-packages_PyQt6_Qt6_lib --> node_venv_lib_python3_12_site-packages_PyQt6_Qt6_lib_QtQuickControls2_framework["QtQuickControls2.framework"]\n    node_venv_lib_python3_12_site-packages_PyQt6_Qt6_lib_QtQuickControls2_framework --> node_venv_lib_python3_12_site-packages_PyQt6_Qt6_lib_QtQuickControls2_framework_Resources["Resources"]\n    node_venv_lib_python3_12_site-packages_PyQt6_Qt6_lib_QtQuickControls2_framework_Resources --> node_venv_lib_python3_12_site-packages_PyQt6_Qt6_lib_QtQuickControls2_framework_Resources_Info_plist["Info.plist"]\n    Root --> node_venv["venv"]\n    node_venv --> node_venv_lib["lib"]\n    node_venv_lib --> node_venv_lib_python3_12["python3.12"]\n    node_venv_lib_python3_12 --> node_venv_lib_python3_12_site-packages["site-packages"]\n    node_venv_lib_python3_12_site-packages --> node_venv_lib_python3_12_site-packages_PyQt6["PyQt6"]\n    node_venv_lib_python3_12_site-packages_PyQt6 --> node_venv_lib_python3_12_site-packages_PyQt6_Qt6["Qt6"]\n    node_venv_lib_python3_12_site-packages_PyQt6_Qt6 --> node_venv_lib_python3_12_site-packages_PyQt6_Qt6_lib["lib"]\n    node_venv_lib_python3_12_site-packages_PyQt6_Qt6_lib --> node_venv_lib_python3_12_site-packages_PyQt6_Qt6_lib_QtQuickControls2_framework["QtQuickControls2.framework"]\n    node_venv_lib_python3_12_site-packages_PyQt6_Qt6_lib_QtQuickControls2_framework --> node_venv_lib_python3_12_site-packages_PyQt6_Qt6_lib_QtQuickControls2_framework_Resources["Resources"]\n    node_venv_lib_python3_12_site-packages_PyQt6_Qt6_lib_QtQuickControls2_framework_Resources --> node_venv_lib_python3_12_site-packages_PyQt6_Qt6_lib_QtQuickControls2_framework_Resources_PrivacyInfo_xcprivacy["PrivacyInfo.xcprivacy"]\n    Root --> node_venv["venv"]\n    node_venv --> node_venv_lib["lib"]\n    node_venv_lib --> node_venv_lib_python3_12["python3.12"]\n    node_venv_lib_python3_12 --> node_venv_lib_python3_12_site-packages["site-packages"]\n    node_venv_lib_python3_12_site-packages --> node_venv_lib_python3_12_site-packages_PyQt6["PyQt6"]\n    node_venv_lib_python3_12_site-packages_PyQt6 --> node_venv_lib_python3_12_site-packages_PyQt6_Qt6["Qt6"]\n    node_venv_lib_python3_12_site-packages_PyQt6_Qt6 --> node_venv_lib_python3_12_site-packages_PyQt6_Qt6_lib["lib"]\n    node_venv_lib_python3_12_site-packages_PyQt6_Qt6_lib --> node_venv_lib_python3_12_site-packages_PyQt6_Qt6_lib_QtQuickControls2_framework["QtQuickControls2.framework"]\n    node_venv_lib_python3_12_site-packages_PyQt6_Qt6_lib_QtQuickControls2_framework --> node_venv_lib_python3_12_site-packages_PyQt6_Qt6_lib_QtQuickControls2_framework_Versions["Versions"]\n    node_venv_lib_python3_12_site-packages_PyQt6_Qt6_lib_QtQuickControls2_framework_Versions --> node_venv_lib_python3_12_site-packages_PyQt6_Qt6_lib_QtQuickControls2_framework_Versions_A["A"]\n    node_venv_lib_python3_12_site-packages_PyQt6_Qt6_lib_QtQuickControls2_framework_Versions_A --> node_venv_lib_python3_12_site-packages_PyQt6_Qt6_lib_QtQuickControls2_framework_Versions_A_QtQuickControls2["QtQuickControls2"]\n    Root --> node_venv["venv"]\n    node_venv --> node_venv_lib["lib"]\n    node_venv_lib --> node_venv_lib_python3_12["python3.12"]\n    node_venv_lib_python3_12 --> node_venv_lib_python3_12_site-packages["site-packages"]\n    node_venv_lib_python3_12_site-packages --> node_venv_lib_python3_12_site-packages_PyQt6["PyQt6"]\n    node_venv_lib_python3_12_site-packages_PyQt6 --> node_venv_lib_python3_12_site-packages_PyQt6_Qt6["Qt6"]\n    node_venv_lib_python3_12_site-packages_PyQt6_Qt6 --> node_venv_lib_python3_12_site-packages_PyQt6_Qt6_lib["lib"]\n    node_venv_lib_python3_12_site-packages_PyQt6_Qt6_lib --> node_venv_lib_python3_12_site-packages_PyQt6_Qt6_lib_QtQuickParticles_framework["QtQuickParticles.framework"]\n    node_venv_lib_python3_12_site-packages_PyQt6_Qt6_lib_QtQuickParticles_framework --> node_venv_lib_python3_12_site-packages_PyQt6_Qt6_lib_QtQuickParticles_framework_Resources["Resources"]\n    node_venv_lib_python3_12_site-packages_PyQt6_Qt6_lib_QtQuickParticles_framework_Resources --> node_venv_lib_python3_12_site-packages_PyQt6_Qt6_lib_QtQuickParticles_framework_Resources_Info_plist["Info.plist"]\n    Root --> node_venv["venv"]\n    node_venv --> node_venv_lib["lib"]\n    node_venv_lib --> node_venv_lib_python3_12["python3.12"]\n    node_venv_lib_python3_12 --> node_venv_lib_python3_12_site-packages["site-packages"]\n    node_venv_lib_python3_12_site-packages --> node_venv_lib_python3_12_site-packages_PyQt6["PyQt6"]\n    node_venv_lib_python3_12_site-packages_PyQt6 --> node_venv_lib_python3_12_site-packages_PyQt6_Qt6["Qt6"]\n    node_venv_lib_python3_12_site-packages_PyQt6_Qt6 --> node_venv_lib_python3_12_site-packages_PyQt6_Qt6_lib["lib"]\n    node_venv_lib_python3_12_site-packages_PyQt6_Qt6_lib --> node_venv_lib_python3_12_site-packages_PyQt6_Qt6_lib_QtQuickParticles_framework["QtQuickParticles.framework"]\n    node_venv_lib_python3_12_site-packages_PyQt6_Qt6_lib_QtQuickParticles_framework --> node_venv_lib_python3_12_site-packages_PyQt6_Qt6_lib_QtQuickParticles_framework_Resources["Resources"]\n    node_venv_lib_python3_12_site-packages_PyQt6_Qt6_lib_QtQuickParticles_framework_Resources --> node_venv_lib_python3_12_site-packages_PyQt6_Qt6_lib_QtQuickParticles_framework_Resources_PrivacyInfo_xcprivacy["PrivacyInfo.xcprivacy"]\n    Root --> node_venv["venv"]\n    node_venv --> node_venv_lib["lib"]\n    node_venv_lib --> node_venv_lib_python3_12["python3.12"]\n    node_venv_lib_python3_12 --> node_venv_lib_python3_12_site-packages["site-packages"]\n    node_venv_lib_python3_12_site-packages --> node_venv_lib_python3_12_site-packages_PyQt6["PyQt6"]\n    node_venv_lib_python3_12_site-packages_PyQt6 --> node_venv_lib_python3_12_site-packages_PyQt6_Qt6["Qt6"]\n    node_venv_lib_python3_12_site-packages_PyQt6_Qt6 --> node_venv_lib_python3_12_site-packages_PyQt6_Qt6_lib["lib"]\n    node_venv_lib_python3_12_site-packages_PyQt6_Qt6_lib --> node_venv_lib_python3_12_site-packages_PyQt6_Qt6_lib_QtQuickParticles_framework["QtQuickParticles.framework"]\n    node_venv_lib_python3_12_site-packages_PyQt6_Qt6_lib_QtQuickParticles_framework --> node_venv_lib_python3_12_site-packages_PyQt6_Qt6_lib_QtQuickParticles_framework_Versions["Versions"]\n    node_venv_lib_python3_12_site-packages_PyQt6_Qt6_lib_QtQuickParticles_framework_Versions --> node_venv_lib_python3_12_site-packages_PyQt6_Qt6_lib_QtQuickParticles_framework_Versions_A["A"]\n    node_venv_lib_python3_12_site-packages_PyQt6_Qt6_lib_QtQuickParticles_framework_Versions_A --> node_venv_lib_python3_12_site-packages_PyQt6_Qt6_lib_QtQuickParticles_framework_Versions_A_QtQuickParticles["QtQuickParticles"]\n    Root --> node_venv["venv"]\n    node_venv --> node_venv_lib["lib"]\n    node_venv_lib --> node_venv_lib_python3_12["python3.12"]\n    node_venv_lib_python3_12 --> node_venv_lib_python3_12_site-packages["site-packages"]\n    node_venv_lib_python3_12_site-packages --> node_venv_lib_python3_12_site-packages_PyQt6["PyQt6"]\n    node_venv_lib_python3_12_site-packages_PyQt6 --> node_venv_lib_python3_12_site-packages_PyQt6_Qt6["Qt6"]\n    node_venv_lib_python3_12_site-packages_PyQt6_Qt6 --> node_venv_lib_python3_12_site-packages_PyQt6_Qt6_lib["lib"]\n    node_venv_lib_python3_12_site-packages_PyQt6_Qt6_lib --> node_venv_lib_python3_12_site-packages_PyQt6_Qt6_lib_QtRemoteObjects_framework["QtRemoteObjects.framework"]\n    node_venv_lib_python3_12_site-packages_PyQt6_Qt6_lib_QtRemoteObjects_framework --> node_venv_lib_python3_12_site-packages_PyQt6_Qt6_lib_QtRemoteObjects_framework_Resources["Resources"]\n    node_venv_lib_python3_12_site-packages_PyQt6_Qt6_lib_QtRemoteObjects_framework_Resources --> node_venv_lib_python3_12_site-packages_PyQt6_Qt6_lib_QtRemoteObjects_framework_Resources_Info_plist["Info.plist"]\n    Root --> node_venv["venv"]\n    node_venv --> node_venv_lib["lib"]\n    node_venv_lib --> node_venv_lib_python3_12["python3.12"]\n    node_venv_lib_python3_12 --> node_venv_lib_python3_12_site-packages["site-packages"]\n    node_venv_lib_python3_12_site-packages --> node_venv_lib_python3_12_site-packages_PyQt6["PyQt6"]\n    node_venv_lib_python3_12_site-packages_PyQt6 --> node_venv_lib_python3_12_site-packages_PyQt6_Qt6["Qt6"]\n    node_venv_lib_python3_12_site-packages_PyQt6_Qt6 --> node_venv_lib_python3_12_site-packages_PyQt6_Qt6_lib["lib"]\n    node_venv_lib_python3_12_site-packages_PyQt6_Qt6_lib --> node_venv_lib_python3_12_site-packages_PyQt6_Qt6_lib_QtRemoteObjects_framework["QtRemoteObjects.framework"]\n    node_venv_lib_python3_12_site-packages_PyQt6_Qt6_lib_QtRemoteObjects_framework --> node_venv_lib_python3_12_site-packages_PyQt6_Qt6_lib_QtRemoteObjects_framework_Resources["Resources"]\n    node_venv_lib_python3_12_site-packages_PyQt6_Qt6_lib_QtRemoteObjects_framework_Resources --> node_venv_lib_python3_12_site-packages_PyQt6_Qt6_lib_QtRemoteObjects_framework_Resources_PrivacyInfo_xcprivacy["PrivacyInfo.xcprivacy"]\n    Root --> node_venv["venv"]\n    node_venv --> node_venv_lib["lib"]\n    node_venv_lib --> node_venv_lib_python3_12["python3.12"]\n    node_venv_lib_python3_12 --> node_venv_lib_python3_12_site-packages["site-packages"]\n    node_venv_lib_python3_12_site-packages --> node_venv_lib_python3_12_site-packages_PyQt6["PyQt6"]\n    node_venv_lib_python3_12_site-packages_PyQt6 --> node_venv_lib_python3_12_site-packages_PyQt6_Qt6["Qt6"]\n    node_venv_lib_python3_12_site-packages_PyQt6_Qt6 --> node_venv_lib_python3_12_site-packages_PyQt6_Qt6_lib["lib"]\n    node_venv_lib_python3_12_site-packages_PyQt6_Qt6_lib --> node_venv_lib_python3_12_site-packages_PyQt6_Qt6_lib_QtRemoteObjects_framework["QtRemoteObjects.framework"]\n    node_venv_lib_python3_12_site-packages_PyQt6_Qt6_lib_QtRemoteObjects_framework --> node_venv_lib_python3_12_site-packages_PyQt6_Qt6_lib_QtRemoteObjects_framework_Versions["Versions"]\n    node_venv_lib_python3_12_site-packages_PyQt6_Qt6_lib_QtRemoteObjects_framework_Versions --> node_venv_lib_python3_12_site-packages_PyQt6_Qt6_lib_QtRemoteObjects_framework_Versions_A["A"]\n    node_venv_lib_python3_12_site-packages_PyQt6_Qt6_lib_QtRemoteObjects_framework_Versions_A --> node_venv_lib_python3_12_site-packages_PyQt6_Qt6_lib_QtRemoteObjects_framework_Versions_A_QtRemoteObjects["QtRemoteObjects"]\n    Root --> node_venv["venv"]\n    node_venv --> node_venv_lib["lib"]\n    node_venv_lib --> node_venv_lib_python3_12["python3.12"]\n    node_venv_lib_python3_12 --> node_venv_lib_python3_12_site-packages["site-packages"]\n    node_venv_lib_python3_12_site-packages --> node_venv_lib_python3_12_site-packages_PyQt6["PyQt6"]\n    node_venv_lib_python3_12_site-packages_PyQt6 --> node_venv_lib_python3_12_site-packages_PyQt6_Qt6["Qt6"]\n    node_venv_lib_python3_12_site-packages_PyQt6_Qt6 --> node_venv_lib_python3_12_site-packages_PyQt6_Qt6_lib["lib"]\n    node_venv_lib_python3_12_site-packages_PyQt6_Qt6_lib --> node_venv_lib_python3_12_site-packages_PyQt6_Qt6_lib_QtPdfWidgets_framework["QtPdfWidgets.framework"]\n    node_venv_lib_python3_12_site-packages_PyQt6_Qt6_lib_QtPdfWidgets_framework --> node_venv_lib_python3_12_site-packages_PyQt6_Qt6_lib_QtPdfWidgets_framework_Resources["Resources"]\n    node_venv_lib_python3_12_site-packages_PyQt6_Qt6_lib_QtPdfWidgets_framework_Resources --> node_venv_lib_python3_12_site-packages_PyQt6_Qt6_lib_QtPdfWidgets_framework_Resources_Info_plist["Info.plist"]\n    Root --> node_venv["venv"]\n    node_venv --> node_venv_lib["lib"]\n    node_venv_lib --> node_venv_lib_python3_12["python3.12"]\n    node_venv_lib_python3_12 --> node_venv_lib_python3_12_site-packages["site-packages"]\n    node_venv_lib_python3_12_site-packages --> node_venv_lib_python3_12_site-packages_PyQt6["PyQt6"]\n    node_venv_lib_python3_12_site-packages_PyQt6 --> node_venv_lib_python3_12_site-packages_PyQt6_Qt6["Qt6"]\n    node_venv_lib_python3_12_site-packages_PyQt6_Qt6 --> node_venv_lib_python3_12_site-packages_PyQt6_Qt6_lib["lib"]\n    node_venv_lib_python3_12_site-packages_PyQt6_Qt6_lib --> node_venv_lib_python3_12_site-packages_PyQt6_Qt6_lib_QtPdfWidgets_framework["QtPdfWidgets.framework"]\n    node_venv_lib_python3_12_site-packages_PyQt6_Qt6_lib_QtPdfWidgets_framework --> node_venv_lib_python3_12_site-packages_PyQt6_Qt6_lib_QtPdfWidgets_framework_Resources["Resources"]\n    node_venv_lib_python3_12_site-packages_PyQt6_Qt6_lib_QtPdfWidgets_framework_Resources --> node_venv_lib_python3_12_site-packages_PyQt6_Qt6_lib_QtPdfWidgets_framework_Resources_PrivacyInfo_xcprivacy["PrivacyInfo.xcprivacy"]\n    Root --> node_venv["venv"]\n    node_venv --> node_venv_lib["lib"]\n    node_venv_lib --> node_venv_lib_python3_12["python3.12"]\n    node_venv_lib_python3_12 --> node_venv_lib_python3_12_site-packages["site-packages"]\n    node_venv_lib_python3_12_site-packages --> node_venv_lib_python3_12_site-packages_PyQt6["PyQt6"]\n    node_venv_lib_python3_12_site-packages_PyQt6 --> node_venv_lib_python3_12_site-packages_PyQt6_Qt6["Qt6"]\n    node_venv_lib_python3_12_site-packages_PyQt6_Qt6 --> node_venv_lib_python3_12_site-packages_PyQt6_Qt6_lib["lib"]\n    node_venv_lib_python3_12_site-packages_PyQt6_Qt6_lib --> node_venv_lib_python3_12_site-packages_PyQt6_Qt6_lib_QtPdfWidgets_framework["QtPdfWidgets.framework"]\n    node_venv_lib_python3_12_site-packages_PyQt6_Qt6_lib_QtPdfWidgets_framework --> node_venv_lib_python3_12_site-packages_PyQt6_Qt6_lib_QtPdfWidgets_framework_Versions["Versions"]\n    node_venv_lib_python3_12_site-packages_PyQt6_Qt6_lib_QtPdfWidgets_framework_Versions --> node_venv_lib_python3_12_site-packages_PyQt6_Qt6_lib_QtPdfWidgets_framework_Versions_A["A"]\n    node_venv_lib_python3_12_site-packages_PyQt6_Qt6_lib_QtPdfWidgets_framework_Versions_A --> node_venv_lib_python3_12_site-packages_PyQt6_Qt6_lib_QtPdfWidgets_framework_Versions_A_QtPdfWidgets["QtPdfWidgets"]\n    Root --> node_venv["venv"]\n    node_venv --> node_venv_lib["lib"]\n    node_venv_lib --> node_venv_lib_python3_12["python3.12"]\n    node_venv_lib_python3_12 --> node_venv_lib_python3_12_site-packages["site-packages"]\n    node_venv_lib_python3_12_site-packages --> node_venv_lib_python3_12_site-packages_PyQt6["PyQt6"]\n    node_venv_lib_python3_12_site-packages_PyQt6 --> node_venv_lib_python3_12_site-packages_PyQt6_Qt6["Qt6"]\n    node_venv_lib_python3_12_site-packages_PyQt6_Qt6 --> node_venv_lib_python3_12_site-packages_PyQt6_Qt6_lib["lib"]\n    node_venv_lib_python3_12_site-packages_PyQt6_Qt6_lib --> node_venv_lib_python3_12_site-packages_PyQt6_Qt6_lib_QtQuickControls2ImagineStyleImpl_framework["QtQuickControls2ImagineStyleImpl.framework"]\n    node_venv_lib_python3_12_site-packages_PyQt6_Qt6_lib_QtQuickControls2ImagineStyleImpl_framework --> node_venv_lib_python3_12_site-packages_PyQt6_Qt6_lib_QtQuickControls2ImagineStyleImpl_framework_Resources["Resources"]\n    node_venv_lib_python3_12_site-packages_PyQt6_Qt6_lib_QtQuickControls2ImagineStyleImpl_framework_Resources --> node_venv_lib_python3_12_site-packages_PyQt6_Qt6_lib_QtQuickControls2ImagineStyleImpl_framework_Resources_Info_plist["Info.plist"]\n    Root --> node_venv["venv"]\n    node_venv --> node_venv_lib["lib"]\n    node_venv_lib --> node_venv_lib_python3_12["python3.12"]\n    node_venv_lib_python3_12 --> node_venv_lib_python3_12_site-packages["site-packages"]\n    node_venv_lib_python3_12_site-packages --> node_venv_lib_python3_12_site-packages_PyQt6["PyQt6"]\n    node_venv_lib_python3_12_site-packages_PyQt6 --> node_venv_lib_python3_12_site-packages_PyQt6_Qt6["Qt6"]\n    node_venv_lib_python3_12_site-packages_PyQt6_Qt6 --> node_venv_lib_python3_12_site-packages_PyQt6_Qt6_lib["lib"]\n    node_venv_lib_python3_12_site-packages_PyQt6_Qt6_lib --> node_venv_lib_python3_12_site-packages_PyQt6_Qt6_lib_QtQuickControls2ImagineStyleImpl_framework["QtQuickControls2ImagineStyleImpl.framework"]\n    node_venv_lib_python3_12_site-packages_PyQt6_Qt6_lib_QtQuickControls2ImagineStyleImpl_framework --> node_venv_lib_python3_12_site-packages_PyQt6_Qt6_lib_QtQuickControls2ImagineStyleImpl_framework_Resources["Resources"]\n    node_venv_lib_python3_12_site-packages_PyQt6_Qt6_lib_QtQuickControls2ImagineStyleImpl_framework_Resources --> node_venv_lib_python3_12_site-packages_PyQt6_Qt6_lib_QtQuickControls2ImagineStyleImpl_framework_Resources_PrivacyInfo_xcprivacy["PrivacyInfo.xcprivacy"]\n    Root --> node_venv["venv"]\n    node_venv --> node_venv_lib["lib"]\n    node_venv_lib --> node_venv_lib_python3_12["python3.12"]\n    node_venv_lib_python3_12 --> node_venv_lib_python3_12_site-packages["site-packages"]\n    node_venv_lib_python3_12_site-packages --> node_venv_lib_python3_12_site-packages_PyQt6["PyQt6"]\n    node_venv_lib_python3_12_site-packages_PyQt6 --> node_venv_lib_python3_12_site-packages_PyQt6_Qt6["Qt6"]\n    node_venv_lib_python3_12_site-packages_PyQt6_Qt6 --> node_venv_lib_python3_12_site-packages_PyQt6_Qt6_lib["lib"]\n    node_venv_lib_python3_12_site-packages_PyQt6_Qt6_lib --> node_venv_lib_python3_12_site-packages_PyQt6_Qt6_lib_QtQuickControls2ImagineStyleImpl_framework["QtQuickControls2ImagineStyleImpl.framework"]\n    node_venv_lib_python3_12_site-packages_PyQt6_Qt6_lib_QtQuickControls2ImagineStyleImpl_framework --> node_venv_lib_python3_12_site-packages_PyQt6_Qt6_lib_QtQuickControls2ImagineStyleImpl_framework_Versions["Versions"]\n    node_venv_lib_python3_12_site-packages_PyQt6_Qt6_lib_QtQuickControls2ImagineStyleImpl_framework_Versions --> node_venv_lib_python3_12_site-packages_PyQt6_Qt6_lib_QtQuickControls2ImagineStyleImpl_framework_Versions_A["A"]\n    node_venv_lib_python3_12_site-packages_PyQt6_Qt6_lib_QtQuickControls2ImagineStyleImpl_framework_Versions_A --> node_venv_lib_python3_12_site-packages_PyQt6_Qt6_lib_QtQuickControls2ImagineStyleImpl_framework_Versions_A_QtQuickControls2ImagineStyleImpl["QtQuickControls2ImagineStyleImpl"]\n    Root --> node_venv["venv"]\n    node_venv --> node_venv_lib["lib"]\n    node_venv_lib --> node_venv_lib_python3_12["python3.12"]\n    node_venv_lib_python3_12 --> node_venv_lib_python3_12_site-packages["site-packages"]\n    node_venv_lib_python3_12_site-packages --> node_venv_lib_python3_12_site-packages_PyQt6["PyQt6"]\n    node_venv_lib_python3_12_site-packages_PyQt6 --> node_venv_lib_python3_12_site-packages_PyQt6_Qt6["Qt6"]\n    node_venv_lib_python3_12_site-packages_PyQt6_Qt6 --> node_venv_lib_python3_12_site-packages_PyQt6_Qt6_lib["lib"]\n    node_venv_lib_python3_12_site-packages_PyQt6_Qt6_lib --> node_venv_lib_python3_12_site-packages_PyQt6_Qt6_lib_QtQuick3DAssetUtils_framework["QtQuick3DAssetUtils.framework"]\n    node_venv_lib_python3_12_site-packages_PyQt6_Qt6_lib_QtQuick3DAssetUtils_framework --> node_venv_lib_python3_12_site-packages_PyQt6_Qt6_lib_QtQuick3DAssetUtils_framework_Resources["Resources"]\n    node_venv_lib_python3_12_site-packages_PyQt6_Qt6_lib_QtQuick3DAssetUtils_framework_Resources --> node_venv_lib_python3_12_site-packages_PyQt6_Qt6_lib_QtQuick3DAssetUtils_framework_Resources_Info_plist["Info.plist"]\n    Root --> node_venv["venv"]\n    node_venv --> node_venv_lib["lib"]\n    node_venv_lib --> node_venv_lib_python3_12["python3.12"]\n    node_venv_lib_python3_12 --> node_venv_lib_python3_12_site-packages["site-packages"]\n    node_venv_lib_python3_12_site-packages --> node_venv_lib_python3_12_site-packages_PyQt6["PyQt6"]\n    node_venv_lib_python3_12_site-packages_PyQt6 --> node_venv_lib_python3_12_site-packages_PyQt6_Qt6["Qt6"]\n    node_venv_lib_python3_12_site-packages_PyQt6_Qt6 --> node_venv_lib_python3_12_site-packages_PyQt6_Qt6_lib["lib"]\n    node_venv_lib_python3_12_site-packages_PyQt6_Qt6_lib --> node_venv_lib_python3_12_site-packages_PyQt6_Qt6_lib_QtQuick3DAssetUtils_framework["QtQuick3DAssetUtils.framework"]\n    node_venv_lib_python3_12_site-packages_PyQt6_Qt6_lib_QtQuick3DAssetUtils_framework --> node_venv_lib_python3_12_site-packages_PyQt6_Qt6_lib_QtQuick3DAssetUtils_framework_Resources["Resources"]\n    node_venv_lib_python3_12_site-packages_PyQt6_Qt6_lib_QtQuick3DAssetUtils_framework_Resources --> node_venv_lib_python3_12_site-packages_PyQt6_Qt6_lib_QtQuick3DAssetUtils_framework_Resources_PrivacyInfo_xcprivacy["PrivacyInfo.xcprivacy"]\n    Root --> node_venv["venv"]\n    node_venv --> node_venv_lib["lib"]\n    node_venv_lib --> node_venv_lib_python3_12["python3.12"]\n    node_venv_lib_python3_12 --> node_venv_lib_python3_12_site-packages["site-packages"]\n    node_venv_lib_python3_12_site-packages --> node_venv_lib_python3_12_site-packages_PyQt6["PyQt6"]\n    node_venv_lib_python3_12_site-packages_PyQt6 --> node_venv_lib_python3_12_site-packages_PyQt6_Qt6["Qt6"]\n    node_venv_lib_python3_12_site-packages_PyQt6_Qt6 --> node_venv_lib_python3_12_site-packages_PyQt6_Qt6_lib["lib"]\n    node_venv_lib_python3_12_site-packages_PyQt6_Qt6_lib --> node_venv_lib_python3_12_site-packages_PyQt6_Qt6_lib_QtQuick3DAssetUtils_framework["QtQuick3DAssetUtils.framework"]\n    node_venv_lib_python3_12_site-packages_PyQt6_Qt6_lib_QtQuick3DAssetUtils_framework --> node_venv_lib_python3_12_site-packages_PyQt6_Qt6_lib_QtQuick3DAssetUtils_framework_Versions["Versions"]\n    node_venv_lib_python3_12_site-packages_PyQt6_Qt6_lib_QtQuick3DAssetUtils_framework_Versions --> node_venv_lib_python3_12_site-packages_PyQt6_Qt6_lib_QtQuick3DAssetUtils_framework_Versions_A["A"]\n    node_venv_lib_python3_12_site-packages_PyQt6_Qt6_lib_QtQuick3DAssetUtils_framework_Versions_A --> node_venv_lib_python3_12_site-packages_PyQt6_Qt6_lib_QtQuick3DAssetUtils_framework_Versions_A_QtQuick3DAssetUtils["QtQuick3DAssetUtils"]\n    Root --> node_venv["venv"]\n    node_venv --> node_venv_lib["lib"]\n    node_venv_lib --> node_venv_lib_python3_12["python3.12"]\n    node_venv_lib_python3_12 --> node_venv_lib_python3_12_site-packages["site-packages"]\n    node_venv_lib_python3_12_site-packages --> node_venv_lib_python3_12_site-packages_PyQt6["PyQt6"]\n    node_venv_lib_python3_12_site-packages_PyQt6 --> node_venv_lib_python3_12_site-packages_PyQt6_Qt6["Qt6"]\n    node_venv_lib_python3_12_site-packages_PyQt6_Qt6 --> node_venv_lib_python3_12_site-packages_PyQt6_Qt6_lib["lib"]\n    node_venv_lib_python3_12_site-packages_PyQt6_Qt6_lib --> node_venv_lib_python3_12_site-packages_PyQt6_Qt6_lib_QtQuickControls2BasicStyleImpl_framework["QtQuickControls2BasicStyleImpl.framework"]\n    node_venv_lib_python3_12_site-packages_PyQt6_Qt6_lib_QtQuickControls2BasicStyleImpl_framework --> node_venv_lib_python3_12_site-packages_PyQt6_Qt6_lib_QtQuickControls2BasicStyleImpl_framework_Resources["Resources"]\n    node_venv_lib_python3_12_site-packages_PyQt6_Qt6_lib_QtQuickControls2BasicStyleImpl_framework_Resources --> node_venv_lib_python3_12_site-packages_PyQt6_Qt6_lib_QtQuickControls2BasicStyleImpl_framework_Resources_Info_plist["Info.plist"]\n    Root --> node_venv["venv"]\n    node_venv --> node_venv_lib["lib"]\n    node_venv_lib --> node_venv_lib_python3_12["python3.12"]\n    node_venv_lib_python3_12 --> node_venv_lib_python3_12_site-packages["site-packages"]\n    node_venv_lib_python3_12_site-packages --> node_venv_lib_python3_12_site-packages_PyQt6["PyQt6"]\n    node_venv_lib_python3_12_site-packages_PyQt6 --> node_venv_lib_python3_12_site-packages_PyQt6_Qt6["Qt6"]\n    node_venv_lib_python3_12_site-packages_PyQt6_Qt6 --> node_venv_lib_python3_12_site-packages_PyQt6_Qt6_lib["lib"]\n    node_venv_lib_python3_12_site-packages_PyQt6_Qt6_lib --> node_venv_lib_python3_12_site-packages_PyQt6_Qt6_lib_QtQuickControls2BasicStyleImpl_framework["QtQuickControls2BasicStyleImpl.framework"]\n    node_venv_lib_python3_12_site-packages_PyQt6_Qt6_lib_QtQuickControls2BasicStyleImpl_framework --> node_venv_lib_python3_12_site-packages_PyQt6_Qt6_lib_QtQuickControls2BasicStyleImpl_framework_Resources["Resources"]\n    node_venv_lib_python3_12_site-packages_PyQt6_Qt6_lib_QtQuickControls2BasicStyleImpl_framework_Resources --> node_venv_lib_python3_12_site-packages_PyQt6_Qt6_lib_QtQuickControls2BasicStyleImpl_framework_Resources_PrivacyInfo_xcprivacy["PrivacyInfo.xcprivacy"]\n    Root --> node_venv["venv"]\n    node_venv --> node_venv_lib["lib"]\n    node_venv_lib --> node_venv_lib_python3_12["python3.12"]\n    node_venv_lib_python3_12 --> node_venv_lib_python3_12_site-packages["site-packages"]\n    node_venv_lib_python3_12_site-packages --> node_venv_lib_python3_12_site-packages_PyQt6["PyQt6"]\n    node_venv_lib_python3_12_site-packages_PyQt6 --> node_venv_lib_python3_12_site-packages_PyQt6_Qt6["Qt6"]\n    node_venv_lib_python3_12_site-packages_PyQt6_Qt6 --> node_venv_lib_python3_12_site-packages_PyQt6_Qt6_lib["lib"]\n    node_venv_lib_python3_12_site-packages_PyQt6_Qt6_lib --> node_venv_lib_python3_12_site-packages_PyQt6_Qt6_lib_QtQuickControls2BasicStyleImpl_framework["QtQuickControls2BasicStyleImpl.framework"]\n    node_venv_lib_python3_12_site-packages_PyQt6_Qt6_lib_QtQuickControls2BasicStyleImpl_framework --> node_venv_lib_python3_12_site-packages_PyQt6_Qt6_lib_QtQuickControls2BasicStyleImpl_framework_Versions["Versions"]\n    node_venv_lib_python3_12_site-packages_PyQt6_Qt6_lib_QtQuickControls2BasicStyleImpl_framework_Versions --> node_venv_lib_python3_12_site-packages_PyQt6_Qt6_lib_QtQuickControls2BasicStyleImpl_framework_Versions_A["A"]\n    node_venv_lib_python3_12_site-packages_PyQt6_Qt6_lib_QtQuickControls2BasicStyleImpl_framework_Versions_A --> node_venv_lib_python3_12_site-packages_PyQt6_Qt6_lib_QtQuickControls2BasicStyleImpl_framework_Versions_A_QtQuickControls2BasicStyleImpl["QtQuickControls2BasicStyleImpl"]\n    Root --> node_venv["venv"]\n    node_venv --> node_venv_lib["lib"]\n    node_venv_lib --> node_venv_lib_python3_12["python3.12"]\n    node_venv_lib_python3_12 --> node_venv_lib_python3_12_site-packages["site-packages"]\n    node_venv_lib_python3_12_site-packages --> node_venv_lib_python3_12_site-packages_PyQt6["PyQt6"]\n    node_venv_lib_python3_12_site-packages_PyQt6 --> node_venv_lib_python3_12_site-packages_PyQt6_Qt6["Qt6"]\n    node_venv_lib_python3_12_site-packages_PyQt6_Qt6 --> node_venv_lib_python3_12_site-packages_PyQt6_Qt6_lib["lib"]\n    node_venv_lib_python3_12_site-packages_PyQt6_Qt6_lib --> node_venv_lib_python3_12_site-packages_PyQt6_Qt6_lib_QtLabsSharedImage_framework["QtLabsSharedImage.framework"]\n    node_venv_lib_python3_12_site-packages_PyQt6_Qt6_lib_QtLabsSharedImage_framework --> node_venv_lib_python3_12_site-packages_PyQt6_Qt6_lib_QtLabsSharedImage_framework_Resources["Resources"]\n    node_venv_lib_python3_12_site-packages_PyQt6_Qt6_lib_QtLabsSharedImage_framework_Resources --> node_venv_lib_python3_12_site-packages_PyQt6_Qt6_lib_QtLabsSharedImage_framework_Resources_Info_plist["Info.plist"]\n    Root --> node_venv["venv"]\n    node_venv --> node_venv_lib["lib"]\n    node_venv_lib --> node_venv_lib_python3_12["python3.12"]\n    node_venv_lib_python3_12 --> node_venv_lib_python3_12_site-packages["site-packages"]\n    node_venv_lib_python3_12_site-packages --> node_venv_lib_python3_12_site-packages_PyQt6["PyQt6"]\n    node_venv_lib_python3_12_site-packages_PyQt6 --> node_venv_lib_python3_12_site-packages_PyQt6_Qt6["Qt6"]\n    node_venv_lib_python3_12_site-packages_PyQt6_Qt6 --> node_venv_lib_python3_12_site-packages_PyQt6_Qt6_lib["lib"]\n    node_venv_lib_python3_12_site-packages_PyQt6_Qt6_lib --> node_venv_lib_python3_12_site-packages_PyQt6_Qt6_lib_QtLabsSharedImage_framework["QtLabsSharedImage.framework"]\n    node_venv_lib_python3_12_site-packages_PyQt6_Qt6_lib_QtLabsSharedImage_framework --> node_venv_lib_python3_12_site-packages_PyQt6_Qt6_lib_QtLabsSharedImage_framework_Resources["Resources"]\n    node_venv_lib_python3_12_site-packages_PyQt6_Qt6_lib_QtLabsSharedImage_framework_Resources --> node_venv_lib_python3_12_site-packages_PyQt6_Qt6_lib_QtLabsSharedImage_framework_Resources_PrivacyInfo_xcprivacy["PrivacyInfo.xcprivacy"]\n    Root --> node_venv["venv"]\n    node_venv --> node_venv_lib["lib"]\n    node_venv_lib --> node_venv_lib_python3_12["python3.12"]\n    node_venv_lib_python3_12 --> node_venv_lib_python3_12_site-packages["site-packages"]\n    node_venv_lib_python3_12_site-packages --> node_venv_lib_python3_12_site-packages_PyQt6["PyQt6"]\n    node_venv_lib_python3_12_site-packages_PyQt6 --> node_venv_lib_python3_12_site-packages_PyQt6_Qt6["Qt6"]\n    node_venv_lib_python3_12_site-packages_PyQt6_Qt6 --> node_venv_lib_python3_12_site-packages_PyQt6_Qt6_lib["lib"]\n    node_venv_lib_python3_12_site-packages_PyQt6_Qt6_lib --> node_venv_lib_python3_12_site-packages_PyQt6_Qt6_lib_QtLabsSharedImage_framework["QtLabsSharedImage.framework"]\n    node_venv_lib_python3_12_site-packages_PyQt6_Qt6_lib_QtLabsSharedImage_framework --> node_venv_lib_python3_12_site-packages_PyQt6_Qt6_lib_QtLabsSharedImage_framework_Versions["Versions"]\n    node_venv_lib_python3_12_site-packages_PyQt6_Qt6_lib_QtLabsSharedImage_framework_Versions --> node_venv_lib_python3_12_site-packages_PyQt6_Qt6_lib_QtLabsSharedImage_framework_Versions_A["A"]\n    node_venv_lib_python3_12_site-packages_PyQt6_Qt6_lib_QtLabsSharedImage_framework_Versions_A --> node_venv_lib_python3_12_site-packages_PyQt6_Qt6_lib_QtLabsSharedImage_framework_Versions_A_QtLabsSharedImage["QtLabsSharedImage"]\n    Root --> node_venv["venv"]\n    node_venv --> node_venv_lib["lib"]\n    node_venv_lib --> node_venv_lib_python3_12["python3.12"]\n    node_venv_lib_python3_12 --> node_venv_lib_python3_12_site-packages["site-packages"]\n    node_venv_lib_python3_12_site-packages --> node_venv_lib_python3_12_site-packages_PyQt6["PyQt6"]\n    node_venv_lib_python3_12_site-packages_PyQt6 --> node_venv_lib_python3_12_site-packages_PyQt6_Qt6["Qt6"]\n    node_venv_lib_python3_12_site-packages_PyQt6_Qt6 --> node_venv_lib_python3_12_site-packages_PyQt6_Qt6_lib["lib"]\n    node_venv_lib_python3_12_site-packages_PyQt6_Qt6_lib --> node_venv_lib_python3_12_site-packages_PyQt6_Qt6_lib_QtQmlMeta_framework["QtQmlMeta.framework"]\n    node_venv_lib_python3_12_site-packages_PyQt6_Qt6_lib_QtQmlMeta_framework --> node_venv_lib_python3_12_site-packages_PyQt6_Qt6_lib_QtQmlMeta_framework_Resources["Resources"]\n    node_venv_lib_python3_12_site-packages_PyQt6_Qt6_lib_QtQmlMeta_framework_Resources --> node_venv_lib_python3_12_site-packages_PyQt6_Qt6_lib_QtQmlMeta_framework_Resources_Info_plist["Info.plist"]\n    Root --> node_venv["venv"]\n    node_venv --> node_venv_lib["lib"]\n    node_venv_lib --> node_venv_lib_python3_12["python3.12"]\n    node_venv_lib_python3_12 --> node_venv_lib_python3_12_site-packages["site-packages"]\n    node_venv_lib_python3_12_site-packages --> node_venv_lib_python3_12_site-packages_PyQt6["PyQt6"]\n    node_venv_lib_python3_12_site-packages_PyQt6 --> node_venv_lib_python3_12_site-packages_PyQt6_Qt6["Qt6"]\n    node_venv_lib_python3_12_site-packages_PyQt6_Qt6 --> node_venv_lib_python3_12_site-packages_PyQt6_Qt6_lib["lib"]\n    node_venv_lib_python3_12_site-packages_PyQt6_Qt6_lib --> node_venv_lib_python3_12_site-packages_PyQt6_Qt6_lib_QtQmlMeta_framework["QtQmlMeta.framework"]\n    node_venv_lib_python3_12_site-packages_PyQt6_Qt6_lib_QtQmlMeta_framework --> node_venv_lib_python3_12_site-packages_PyQt6_Qt6_lib_QtQmlMeta_framework_Resources["Resources"]\n    node_venv_lib_python3_12_site-packages_PyQt6_Qt6_lib_QtQmlMeta_framework_Resources --> node_venv_lib_python3_12_site-packages_PyQt6_Qt6_lib_QtQmlMeta_framework_Resources_PrivacyInfo_xcprivacy["PrivacyInfo.xcprivacy"]\n    Root --> node_venv["venv"]\n    node_venv --> node_venv_lib["lib"]\n    node_venv_lib --> node_venv_lib_python3_12["python3.12"]\n    node_venv_lib_python3_12 --> node_venv_lib_python3_12_site-packages["site-packages"]\n    node_venv_lib_python3_12_site-packages --> node_venv_lib_python3_12_site-packages_PyQt6["PyQt6"]\n    node_venv_lib_python3_12_site-packages_PyQt6 --> node_venv_lib_python3_12_site-packages_PyQt6_Qt6["Qt6"]\n    node_venv_lib_python3_12_site-packages_PyQt6_Qt6 --> node_venv_lib_python3_12_site-packages_PyQt6_Qt6_lib["lib"]\n    node_venv_lib_python3_12_site-packages_PyQt6_Qt6_lib --> node_venv_lib_python3_12_site-packages_PyQt6_Qt6_lib_QtQmlMeta_framework["QtQmlMeta.framework"]\n    node_venv_lib_python3_12_site-packages_PyQt6_Qt6_lib_QtQmlMeta_framework --> node_venv_lib_python3_12_site-packages_PyQt6_Qt6_lib_QtQmlMeta_framework_Versions["Versions"]\n    node_venv_lib_python3_12_site-packages_PyQt6_Qt6_lib_QtQmlMeta_framework_Versions --> node_venv_lib_python3_12_site-packages_PyQt6_Qt6_lib_QtQmlMeta_framework_Versions_A["A"]\n    node_venv_lib_python3_12_site-packages_PyQt6_Qt6_lib_QtQmlMeta_framework_Versions_A --> node_venv_lib_python3_12_site-packages_PyQt6_Qt6_lib_QtQmlMeta_framework_Versions_A_QtQmlMeta["QtQmlMeta"]\n    Root --> node_venv["venv"]\n    node_venv --> node_venv_lib["lib"]\n    node_venv_lib --> node_venv_lib_python3_12["python3.12"]\n    node_venv_lib_python3_12 --> node_venv_lib_python3_12_site-packages["site-packages"]\n    node_venv_lib_python3_12_site-packages --> node_venv_lib_python3_12_site-packages_PyQt6["PyQt6"]\n    node_venv_lib_python3_12_site-packages_PyQt6 --> node_venv_lib_python3_12_site-packages_PyQt6_Qt6["Qt6"]\n    node_venv_lib_python3_12_site-packages_PyQt6_Qt6 --> node_venv_lib_python3_12_site-packages_PyQt6_Qt6_lib["lib"]\n    node_venv_lib_python3_12_site-packages_PyQt6_Qt6_lib --> node_venv_lib_python3_12_site-packages_PyQt6_Qt6_lib_QtDesigner_framework["QtDesigner.framework"]\n    node_venv_lib_python3_12_site-packages_PyQt6_Qt6_lib_QtDesigner_framework --> node_venv_lib_python3_12_site-packages_PyQt6_Qt6_lib_QtDesigner_framework_Resources["Resources"]\n    node_venv_lib_python3_12_site-packages_PyQt6_Qt6_lib_QtDesigner_framework_Resources --> node_venv_lib_python3_12_site-packages_PyQt6_Qt6_lib_QtDesigner_framework_Resources_Info_plist["Info.plist"]\n    Root --> node_venv["venv"]\n    node_venv --> node_venv_lib["lib"]\n    node_venv_lib --> node_venv_lib_python3_12["python3.12"]\n    node_venv_lib_python3_12 --> node_venv_lib_python3_12_site-packages["site-packages"]\n    node_venv_lib_python3_12_site-packages --> node_venv_lib_python3_12_site-packages_PyQt6["PyQt6"]\n    node_venv_lib_python3_12_site-packages_PyQt6 --> node_venv_lib_python3_12_site-packages_PyQt6_Qt6["Qt6"]\n    node_venv_lib_python3_12_site-packages_PyQt6_Qt6 --> node_venv_lib_python3_12_site-packages_PyQt6_Qt6_lib["lib"]\n    node_venv_lib_python3_12_site-packages_PyQt6_Qt6_lib --> node_venv_lib_python3_12_site-packages_PyQt6_Qt6_lib_QtDesigner_framework["QtDesigner.framework"]\n    node_venv_lib_python3_12_site-packages_PyQt6_Qt6_lib_QtDesigner_framework --> node_venv_lib_python3_12_site-packages_PyQt6_Qt6_lib_QtDesigner_framework_Resources["Resources"]\n    node_venv_lib_python3_12_site-packages_PyQt6_Qt6_lib_QtDesigner_framework_Resources --> node_venv_lib_python3_12_site-packages_PyQt6_Qt6_lib_QtDesigner_framework_Resources_PrivacyInfo_xcprivacy["PrivacyInfo.xcprivacy"]\n    Root --> node_venv["venv"]\n    node_venv --> node_venv_lib["lib"]\n    node_venv_lib --> node_venv_lib_python3_12["python3.12"]\n    node_venv_lib_python3_12 --> node_venv_lib_python3_12_site-packages["site-packages"]\n    node_venv_lib_python3_12_site-packages --> node_venv_lib_python3_12_site-packages_PyQt6["PyQt6"]\n    node_venv_lib_python3_12_site-packages_PyQt6 --> node_venv_lib_python3_12_site-packages_PyQt6_Qt6["Qt6"]\n    node_venv_lib_python3_12_site-packages_PyQt6_Qt6 --> node_venv_lib_python3_12_site-packages_PyQt6_Qt6_lib["lib"]\n    node_venv_lib_python3_12_site-packages_PyQt6_Qt6_lib --> node_venv_lib_python3_12_site-packages_PyQt6_Qt6_lib_QtDesigner_framework["QtDesigner.framework"]\n    node_venv_lib_python3_12_site-packages_PyQt6_Qt6_lib_QtDesigner_framework --> node_venv_lib_python3_12_site-packages_PyQt6_Qt6_lib_QtDesigner_framework_Versions["Versions"]\n    node_venv_lib_python3_12_site-packages_PyQt6_Qt6_lib_QtDesigner_framework_Versions --> node_venv_lib_python3_12_site-packages_PyQt6_Qt6_lib_QtDesigner_framework_Versions_A["A"]\n    node_venv_lib_python3_12_site-packages_PyQt6_Qt6_lib_QtDesigner_framework_Versions_A --> node_venv_lib_python3_12_site-packages_PyQt6_Qt6_lib_QtDesigner_framework_Versions_A_QtDesigner["QtDesigner"]\n    Root --> node_venv["venv"]\n    node_venv --> node_venv_lib["lib"]\n    node_venv_lib --> node_venv_lib_python3_12["python3.12"]\n    node_venv_lib_python3_12 --> node_venv_lib_python3_12_site-packages["site-packages"]\n    node_venv_lib_python3_12_site-packages --> node_venv_lib_python3_12_site-packages_PyQt6["PyQt6"]\n    node_venv_lib_python3_12_site-packages_PyQt6 --> node_venv_lib_python3_12_site-packages_PyQt6_Qt6["Qt6"]\n    node_venv_lib_python3_12_site-packages_PyQt6_Qt6 --> node_venv_lib_python3_12_site-packages_PyQt6_Qt6_lib["lib"]\n    node_venv_lib_python3_12_site-packages_PyQt6_Qt6_lib --> node_venv_lib_python3_12_site-packages_PyQt6_Qt6_lib_QtNfc_framework["QtNfc.framework"]\n    node_venv_lib_python3_12_site-packages_PyQt6_Qt6_lib_QtNfc_framework --> node_venv_lib_python3_12_site-packages_PyQt6_Qt6_lib_QtNfc_framework_Resources["Resources"]\n    node_venv_lib_python3_12_site-packages_PyQt6_Qt6_lib_QtNfc_framework_Resources --> node_venv_lib_python3_12_site-packages_PyQt6_Qt6_lib_QtNfc_framework_Resources_Info_plist["Info.plist"]\n    Root --> node_venv["venv"]\n    node_venv --> node_venv_lib["lib"]\n    node_venv_lib --> node_venv_lib_python3_12["python3.12"]\n    node_venv_lib_python3_12 --> node_venv_lib_python3_12_site-packages["site-packages"]\n    node_venv_lib_python3_12_site-packages --> node_venv_lib_python3_12_site-packages_PyQt6["PyQt6"]\n    node_venv_lib_python3_12_site-packages_PyQt6 --> node_venv_lib_python3_12_site-packages_PyQt6_Qt6["Qt6"]\n    node_venv_lib_python3_12_site-packages_PyQt6_Qt6 --> node_venv_lib_python3_12_site-packages_PyQt6_Qt6_lib["lib"]\n    node_venv_lib_python3_12_site-packages_PyQt6_Qt6_lib --> node_venv_lib_python3_12_site-packages_PyQt6_Qt6_lib_QtNfc_framework["QtNfc.framework"]\n    node_venv_lib_python3_12_site-packages_PyQt6_Qt6_lib_QtNfc_framework --> node_venv_lib_python3_12_site-packages_PyQt6_Qt6_lib_QtNfc_framework_Resources["Resources"]\n    node_venv_lib_python3_12_site-packages_PyQt6_Qt6_lib_QtNfc_framework_Resources --> node_venv_lib_python3_12_site-packages_PyQt6_Qt6_lib_QtNfc_framework_Resources_PrivacyInfo_xcprivacy["PrivacyInfo.xcprivacy"]\n    Root --> node_venv["venv"]\n    node_venv --> node_venv_lib["lib"]\n    node_venv_lib --> node_venv_lib_python3_12["python3.12"]\n    node_venv_lib_python3_12 --> node_venv_lib_python3_12_site-packages["site-packages"]\n    node_venv_lib_python3_12_site-packages --> node_venv_lib_python3_12_site-packages_PyQt6["PyQt6"]\n    node_venv_lib_python3_12_site-packages_PyQt6 --> node_venv_lib_python3_12_site-packages_PyQt6_Qt6["Qt6"]\n    node_venv_lib_python3_12_site-packages_PyQt6_Qt6 --> node_venv_lib_python3_12_site-packages_PyQt6_Qt6_lib["lib"]\n    node_venv_lib_python3_12_site-packages_PyQt6_Qt6_lib --> node_venv_lib_python3_12_site-packages_PyQt6_Qt6_lib_QtNfc_framework["QtNfc.framework"]\n    node_venv_lib_python3_12_site-packages_PyQt6_Qt6_lib_QtNfc_framework --> node_venv_lib_python3_12_site-packages_PyQt6_Qt6_lib_QtNfc_framework_Versions["Versions"]\n    node_venv_lib_python3_12_site-packages_PyQt6_Qt6_lib_QtNfc_framework_Versions --> node_venv_lib_python3_12_site-packages_PyQt6_Qt6_lib_QtNfc_framework_Versions_A["A"]\n    node_venv_lib_python3_12_site-packages_PyQt6_Qt6_lib_QtNfc_framework_Versions_A --> node_venv_lib_python3_12_site-packages_PyQt6_Qt6_lib_QtNfc_framework_Versions_A_QtNfc["QtNfc"]\n    Root --> node_venv["venv"]\n    node_venv --> node_venv_lib["lib"]\n    node_venv_lib --> node_venv_lib_python3_12["python3.12"]\n    node_venv_lib_python3_12 --> node_venv_lib_python3_12_site-packages["site-packages"]\n    node_venv_lib_python3_12_site-packages --> node_venv_lib_python3_12_site-packages_PyQt6["PyQt6"]\n    node_venv_lib_python3_12_site-packages_PyQt6 --> node_venv_lib_python3_12_site-packages_PyQt6_Qt6["Qt6"]\n    node_venv_lib_python3_12_site-packages_PyQt6_Qt6 --> node_venv_lib_python3_12_site-packages_PyQt6_Qt6_lib["lib"]\n    node_venv_lib_python3_12_site-packages_PyQt6_Qt6_lib --> node_venv_lib_python3_12_site-packages_PyQt6_Qt6_lib_QtQuickControls2FusionStyleImpl_framework["QtQuickControls2FusionStyleImpl.framework"]\n    node_venv_lib_python3_12_site-packages_PyQt6_Qt6_lib_QtQuickControls2FusionStyleImpl_framework --> node_venv_lib_python3_12_site-packages_PyQt6_Qt6_lib_QtQuickControls2FusionStyleImpl_framework_Resources["Resources"]\n    node_venv_lib_python3_12_site-packages_PyQt6_Qt6_lib_QtQuickControls2FusionStyleImpl_framework_Resources --> node_venv_lib_python3_12_site-packages_PyQt6_Qt6_lib_QtQuickControls2FusionStyleImpl_framework_Resources_Info_plist["Info.plist"]\n    Root --> node_venv["venv"]\n    node_venv --> node_venv_lib["lib"]\n    node_venv_lib --> node_venv_lib_python3_12["python3.12"]\n    node_venv_lib_python3_12 --> node_venv_lib_python3_12_site-packages["site-packages"]\n    node_venv_lib_python3_12_site-packages --> node_venv_lib_python3_12_site-packages_PyQt6["PyQt6"]\n    node_venv_lib_python3_12_site-packages_PyQt6 --> node_venv_lib_python3_12_site-packages_PyQt6_Qt6["Qt6"]\n    node_venv_lib_python3_12_site-packages_PyQt6_Qt6 --> node_venv_lib_python3_12_site-packages_PyQt6_Qt6_lib["lib"]\n    node_venv_lib_python3_12_site-packages_PyQt6_Qt6_lib --> node_venv_lib_python3_12_site-packages_PyQt6_Qt6_lib_QtQuickControls2FusionStyleImpl_framework["QtQuickControls2FusionStyleImpl.framework"]\n    node_venv_lib_python3_12_site-packages_PyQt6_Qt6_lib_QtQuickControls2FusionStyleImpl_framework --> node_venv_lib_python3_12_site-packages_PyQt6_Qt6_lib_QtQuickControls2FusionStyleImpl_framework_Resources["Resources"]\n    node_venv_lib_python3_12_site-packages_PyQt6_Qt6_lib_QtQuickControls2FusionStyleImpl_framework_Resources --> node_venv_lib_python3_12_site-packages_PyQt6_Qt6_lib_QtQuickControls2FusionStyleImpl_framework_Resources_PrivacyInfo_xcprivacy["PrivacyInfo.xcprivacy"]\n    Root --> node_venv["venv"]\n    node_venv --> node_venv_lib["lib"]\n    node_venv_lib --> node_venv_lib_python3_12["python3.12"]\n    node_venv_lib_python3_12 --> node_venv_lib_python3_12_site-packages["site-packages"]\n    node_venv_lib_python3_12_site-packages --> node_venv_lib_python3_12_site-packages_PyQt6["PyQt6"]\n    node_venv_lib_python3_12_site-packages_PyQt6 --> node_venv_lib_python3_12_site-packages_PyQt6_Qt6["Qt6"]\n    node_venv_lib_python3_12_site-packages_PyQt6_Qt6 --> node_venv_lib_python3_12_site-packages_PyQt6_Qt6_lib["lib"]\n    node_venv_lib_python3_12_site-packages_PyQt6_Qt6_lib --> node_venv_lib_python3_12_site-packages_PyQt6_Qt6_lib_QtQuickControls2FusionStyleImpl_framework["QtQuickControls2FusionStyleImpl.framework"]\n    node_venv_lib_python3_12_site-packages_PyQt6_Qt6_lib_QtQuickControls2FusionStyleImpl_framework --> node_venv_lib_python3_12_site-packages_PyQt6_Qt6_lib_QtQuickControls2FusionStyleImpl_framework_Versions["Versions"]\n    node_venv_lib_python3_12_site-packages_PyQt6_Qt6_lib_QtQuickControls2FusionStyleImpl_framework_Versions --> node_venv_lib_python3_12_site-packages_PyQt6_Qt6_lib_QtQuickControls2FusionStyleImpl_framework_Versions_A["A"]\n    node_venv_lib_python3_12_site-packages_PyQt6_Qt6_lib_QtQuickControls2FusionStyleImpl_framework_Versions_A --> node_venv_lib_python3_12_site-packages_PyQt6_Qt6_lib_QtQuickControls2FusionStyleImpl_framework_Versions_A_QtQuickControls2FusionStyleImpl["QtQuickControls2FusionStyleImpl"]\n    Root --> node_venv["venv"]\n    node_venv --> node_venv_lib["lib"]\n    node_venv_lib --> node_venv_lib_python3_12["python3.12"]\n    node_venv_lib_python3_12 --> node_venv_lib_python3_12_site-packages["site-packages"]\n    node_venv_lib_python3_12_site-packages --> node_venv_lib_python3_12_site-packages_PyQt6["PyQt6"]\n    node_venv_lib_python3_12_site-packages_PyQt6 --> node_venv_lib_python3_12_site-packages_PyQt6_Qt6["Qt6"]\n    node_venv_lib_python3_12_site-packages_PyQt6_Qt6 --> node_venv_lib_python3_12_site-packages_PyQt6_Qt6_lib["lib"]\n    node_venv_lib_python3_12_site-packages_PyQt6_Qt6_lib --> node_venv_lib_python3_12_site-packages_PyQt6_Qt6_lib_QtQuick3DAssetImport_framework["QtQuick3DAssetImport.framework"]\n    node_venv_lib_python3_12_site-packages_PyQt6_Qt6_lib_QtQuick3DAssetImport_framework --> node_venv_lib_python3_12_site-packages_PyQt6_Qt6_lib_QtQuick3DAssetImport_framework_Resources["Resources"]\n    node_venv_lib_python3_12_site-packages_PyQt6_Qt6_lib_QtQuick3DAssetImport_framework_Resources --> node_venv_lib_python3_12_site-packages_PyQt6_Qt6_lib_QtQuick3DAssetImport_framework_Resources_Info_plist["Info.plist"]\n    Root --> node_venv["venv"]\n    node_venv --> node_venv_lib["lib"]\n    node_venv_lib --> node_venv_lib_python3_12["python3.12"]\n    node_venv_lib_python3_12 --> node_venv_lib_python3_12_site-packages["site-packages"]\n    node_venv_lib_python3_12_site-packages --> node_venv_lib_python3_12_site-packages_PyQt6["PyQt6"]\n    node_venv_lib_python3_12_site-packages_PyQt6 --> node_venv_lib_python3_12_site-packages_PyQt6_Qt6["Qt6"]\n    node_venv_lib_python3_12_site-packages_PyQt6_Qt6 --> node_venv_lib_python3_12_site-packages_PyQt6_Qt6_lib["lib"]\n    node_venv_lib_python3_12_site-packages_PyQt6_Qt6_lib --> node_venv_lib_python3_12_site-packages_PyQt6_Qt6_lib_QtQuick3DAssetImport_framework["QtQuick3DAssetImport.framework"]\n    node_venv_lib_python3_12_site-packages_PyQt6_Qt6_lib_QtQuick3DAssetImport_framework --> node_venv_lib_python3_12_site-packages_PyQt6_Qt6_lib_QtQuick3DAssetImport_framework_Resources["Resources"]\n    node_venv_lib_python3_12_site-packages_PyQt6_Qt6_lib_QtQuick3DAssetImport_framework_Resources --> node_venv_lib_python3_12_site-packages_PyQt6_Qt6_lib_QtQuick3DAssetImport_framework_Resources_PrivacyInfo_xcprivacy["PrivacyInfo.xcprivacy"]\n    Root --> node_venv["venv"]\n    node_venv --> node_venv_lib["lib"]\n    node_venv_lib --> node_venv_lib_python3_12["python3.12"]\n    node_venv_lib_python3_12 --> node_venv_lib_python3_12_site-packages["site-packages"]\n    node_venv_lib_python3_12_site-packages --> node_venv_lib_python3_12_site-packages_PyQt6["PyQt6"]\n    node_venv_lib_python3_12_site-packages_PyQt6 --> node_venv_lib_python3_12_site-packages_PyQt6_Qt6["Qt6"]\n    node_venv_lib_python3_12_site-packages_PyQt6_Qt6 --> node_venv_lib_python3_12_site-packages_PyQt6_Qt6_lib["lib"]\n    node_venv_lib_python3_12_site-packages_PyQt6_Qt6_lib --> node_venv_lib_python3_12_site-packages_PyQt6_Qt6_lib_QtQuick3DAssetImport_framework["QtQuick3DAssetImport.framework"]\n    node_venv_lib_python3_12_site-packages_PyQt6_Qt6_lib_QtQuick3DAssetImport_framework --> node_venv_lib_python3_12_site-packages_PyQt6_Qt6_lib_QtQuick3DAssetImport_framework_Versions["Versions"]\n    node_venv_lib_python3_12_site-packages_PyQt6_Qt6_lib_QtQuick3DAssetImport_framework_Versions --> node_venv_lib_python3_12_site-packages_PyQt6_Qt6_lib_QtQuick3DAssetImport_framework_Versions_A["A"]\n    node_venv_lib_python3_12_site-packages_PyQt6_Qt6_lib_QtQuick3DAssetImport_framework_Versions_A --> node_venv_lib_python3_12_site-packages_PyQt6_Qt6_lib_QtQuick3DAssetImport_framework_Versions_A_QtQuick3DAssetImport["QtQuick3DAssetImport"]\n    Root --> node_venv["venv"]\n    node_venv --> node_venv_lib["lib"]\n    node_venv_lib --> node_venv_lib_python3_12["python3.12"]\n    node_venv_lib_python3_12 --> node_venv_lib_python3_12_site-packages["site-packages"]\n    node_venv_lib_python3_12_site-packages --> node_venv_lib_python3_12_site-packages_PyQt6["PyQt6"]\n    node_venv_lib_python3_12_site-packages_PyQt6 --> node_venv_lib_python3_12_site-packages_PyQt6_Qt6["Qt6"]\n    node_venv_lib_python3_12_site-packages_PyQt6_Qt6 --> node_venv_lib_python3_12_site-packages_PyQt6_Qt6_lib["lib"]\n    node_venv_lib_python3_12_site-packages_PyQt6_Qt6_lib --> node_venv_lib_python3_12_site-packages_PyQt6_Qt6_lib_QtQuickWidgets_framework["QtQuickWidgets.framework"]\n    node_venv_lib_python3_12_site-packages_PyQt6_Qt6_lib_QtQuickWidgets_framework --> node_venv_lib_python3_12_site-packages_PyQt6_Qt6_lib_QtQuickWidgets_framework_Resources["Resources"]\n    node_venv_lib_python3_12_site-packages_PyQt6_Qt6_lib_QtQuickWidgets_framework_Resources --> node_venv_lib_python3_12_site-packages_PyQt6_Qt6_lib_QtQuickWidgets_framework_Resources_Info_plist["Info.plist"]\n    Root --> node_venv["venv"]\n    node_venv --> node_venv_lib["lib"]\n    node_venv_lib --> node_venv_lib_python3_12["python3.12"]\n    node_venv_lib_python3_12 --> node_venv_lib_python3_12_site-packages["site-packages"]\n    node_venv_lib_python3_12_site-packages --> node_venv_lib_python3_12_site-packages_PyQt6["PyQt6"]\n    node_venv_lib_python3_12_site-packages_PyQt6 --> node_venv_lib_python3_12_site-packages_PyQt6_Qt6["Qt6"]\n    node_venv_lib_python3_12_site-packages_PyQt6_Qt6 --> node_venv_lib_python3_12_site-packages_PyQt6_Qt6_lib["lib"]\n    node_venv_lib_python3_12_site-packages_PyQt6_Qt6_lib --> node_venv_lib_python3_12_site-packages_PyQt6_Qt6_lib_QtQuickWidgets_framework["QtQuickWidgets.framework"]\n    node_venv_lib_python3_12_site-packages_PyQt6_Qt6_lib_QtQuickWidgets_framework --> node_venv_lib_python3_12_site-packages_PyQt6_Qt6_lib_QtQuickWidgets_framework_Resources["Resources"]\n    node_venv_lib_python3_12_site-packages_PyQt6_Qt6_lib_QtQuickWidgets_framework_Resources --> node_venv_lib_python3_12_site-packages_PyQt6_Qt6_lib_QtQuickWidgets_framework_Resources_PrivacyInfo_xcprivacy["PrivacyInfo.xcprivacy"]\n    Root --> node_venv["venv"]\n    node_venv --> node_venv_lib["lib"]\n    node_venv_lib --> node_venv_lib_python3_12["python3.12"]\n    node_venv_lib_python3_12 --> node_venv_lib_python3_12_site-packages["site-packages"]\n    node_venv_lib_python3_12_site-packages --> node_venv_lib_python3_12_site-packages_PyQt6["PyQt6"]\n    node_venv_lib_python3_12_site-packages_PyQt6 --> node_venv_lib_python3_12_site-packages_PyQt6_Qt6["Qt6"]\n    node_venv_lib_python3_12_site-packages_PyQt6_Qt6 --> node_venv_lib_python3_12_site-packages_PyQt6_Qt6_lib["lib"]\n    node_venv_lib_python3_12_site-packages_PyQt6_Qt6_lib --> node_venv_lib_python3_12_site-packages_PyQt6_Qt6_lib_QtQuickWidgets_framework["QtQuickWidgets.framework"]\n    node_venv_lib_python3_12_site-packages_PyQt6_Qt6_lib_QtQuickWidgets_framework --> node_venv_lib_python3_12_site-packages_PyQt6_Qt6_lib_QtQuickWidgets_framework_Versions["Versions"]\n    node_venv_lib_python3_12_site-packages_PyQt6_Qt6_lib_QtQuickWidgets_framework_Versions --> node_venv_lib_python3_12_site-packages_PyQt6_Qt6_lib_QtQuickWidgets_framework_Versions_A["A"]\n    node_venv_lib_python3_12_site-packages_PyQt6_Qt6_lib_QtQuickWidgets_framework_Versions_A --> node_venv_lib_python3_12_site-packages_PyQt6_Qt6_lib_QtQuickWidgets_framework_Versions_A_QtQuickWidgets["QtQuickWidgets"]\n    Root --> node_venv["venv"]\n    node_venv --> node_venv_lib["lib"]\n    node_venv_lib --> node_venv_lib_python3_12["python3.12"]\n    node_venv_lib_python3_12 --> node_venv_lib_python3_12_site-packages["site-packages"]\n    node_venv_lib_python3_12_site-packages --> node_venv_lib_python3_12_site-packages_PyQt6["PyQt6"]\n    node_venv_lib_python3_12_site-packages_PyQt6 --> node_venv_lib_python3_12_site-packages_PyQt6_Qt6["Qt6"]\n    node_venv_lib_python3_12_site-packages_PyQt6_Qt6 --> node_venv_lib_python3_12_site-packages_PyQt6_Qt6_lib["lib"]\n    node_venv_lib_python3_12_site-packages_PyQt6_Qt6_lib --> node_venv_lib_python3_12_site-packages_PyQt6_Qt6_lib_QtQuickControls2Material_framework["QtQuickControls2Material.framework"]\n    node_venv_lib_python3_12_site-packages_PyQt6_Qt6_lib_QtQuickControls2Material_framework --> node_venv_lib_python3_12_site-packages_PyQt6_Qt6_lib_QtQuickControls2Material_framework_Resources["Resources"]\n    node_venv_lib_python3_12_site-packages_PyQt6_Qt6_lib_QtQuickControls2Material_framework_Resources --> node_venv_lib_python3_12_site-packages_PyQt6_Qt6_lib_QtQuickControls2Material_framework_Resources_Info_plist["Info.plist"]\n    Root --> node_venv["venv"]\n    node_venv --> node_venv_lib["lib"]\n    node_venv_lib --> node_venv_lib_python3_12["python3.12"]\n    node_venv_lib_python3_12 --> node_venv_lib_python3_12_site-packages["site-packages"]\n    node_venv_lib_python3_12_site-packages --> node_venv_lib_python3_12_site-packages_PyQt6["PyQt6"]\n    node_venv_lib_python3_12_site-packages_PyQt6 --> node_venv_lib_python3_12_site-packages_PyQt6_Qt6["Qt6"]\n    node_venv_lib_python3_12_site-packages_PyQt6_Qt6 --> node_venv_lib_python3_12_site-packages_PyQt6_Qt6_lib["lib"]\n    node_venv_lib_python3_12_site-packages_PyQt6_Qt6_lib --> node_venv_lib_python3_12_site-packages_PyQt6_Qt6_lib_QtQuickControls2Material_framework["QtQuickControls2Material.framework"]\n    node_venv_lib_python3_12_site-packages_PyQt6_Qt6_lib_QtQuickControls2Material_framework --> node_venv_lib_python3_12_site-packages_PyQt6_Qt6_lib_QtQuickControls2Material_framework_Resources["Resources"]\n    node_venv_lib_python3_12_site-packages_PyQt6_Qt6_lib_QtQuickControls2Material_framework_Resources --> node_venv_lib_python3_12_site-packages_PyQt6_Qt6_lib_QtQuickControls2Material_framework_Resources_PrivacyInfo_xcprivacy["PrivacyInfo.xcprivacy"]\n    Root --> node_venv["venv"]\n    node_venv --> node_venv_lib["lib"]\n    node_venv_lib --> node_venv_lib_python3_12["python3.12"]\n    node_venv_lib_python3_12 --> node_venv_lib_python3_12_site-packages["site-packages"]\n    node_venv_lib_python3_12_site-packages --> node_venv_lib_python3_12_site-packages_PyQt6["PyQt6"]\n    node_venv_lib_python3_12_site-packages_PyQt6 --> node_venv_lib_python3_12_site-packages_PyQt6_Qt6["Qt6"]\n    node_venv_lib_python3_12_site-packages_PyQt6_Qt6 --> node_venv_lib_python3_12_site-packages_PyQt6_Qt6_lib["lib"]\n    node_venv_lib_python3_12_site-packages_PyQt6_Qt6_lib --> node_venv_lib_python3_12_site-packages_PyQt6_Qt6_lib_QtQuickControls2Material_framework["QtQuickControls2Material.framework"]\n    node_venv_lib_python3_12_site-packages_PyQt6_Qt6_lib_QtQuickControls2Material_framework --> node_venv_lib_python3_12_site-packages_PyQt6_Qt6_lib_QtQuickControls2Material_framework_Versions["Versions"]\n    node_venv_lib_python3_12_site-packages_PyQt6_Qt6_lib_QtQuickControls2Material_framework_Versions --> node_venv_lib_python3_12_site-packages_PyQt6_Qt6_lib_QtQuickControls2Material_framework_Versions_A["A"]\n    node_venv_lib_python3_12_site-packages_PyQt6_Qt6_lib_QtQuickControls2Material_framework_Versions_A --> node_venv_lib_python3_12_site-packages_PyQt6_Qt6_lib_QtQuickControls2Material_framework_Versions_A_QtQuickControls2Material["QtQuickControls2Material"]\n    Root --> node_venv["venv"]\n    node_venv --> node_venv_lib["lib"]\n    node_venv_lib --> node_venv_lib_python3_12["python3.12"]\n    node_venv_lib_python3_12 --> node_venv_lib_python3_12_site-packages["site-packages"]\n    node_venv_lib_python3_12_site-packages --> node_venv_lib_python3_12_site-packages_PyQt6["PyQt6"]\n    node_venv_lib_python3_12_site-packages_PyQt6 --> node_venv_lib_python3_12_site-packages_PyQt6_Qt6["Qt6"]\n    node_venv_lib_python3_12_site-packages_PyQt6_Qt6 --> node_venv_lib_python3_12_site-packages_PyQt6_Qt6_lib["lib"]\n    node_venv_lib_python3_12_site-packages_PyQt6_Qt6_lib --> node_venv_lib_python3_12_site-packages_PyQt6_Qt6_lib_QtShaderTools_framework["QtShaderTools.framework"]\n    node_venv_lib_python3_12_site-packages_PyQt6_Qt6_lib_QtShaderTools_framework --> node_venv_lib_python3_12_site-packages_PyQt6_Qt6_lib_QtShaderTools_framework_Resources["Resources"]\n    node_venv_lib_python3_12_site-packages_PyQt6_Qt6_lib_QtShaderTools_framework_Resources --> node_venv_lib_python3_12_site-packages_PyQt6_Qt6_lib_QtShaderTools_framework_Resources_Info_plist["Info.plist"]\n    Root --> node_venv["venv"]\n    node_venv --> node_venv_lib["lib"]\n    node_venv_lib --> node_venv_lib_python3_12["python3.12"]\n    node_venv_lib_python3_12 --> node_venv_lib_python3_12_site-packages["site-packages"]\n    node_venv_lib_python3_12_site-packages --> node_venv_lib_python3_12_site-packages_PyQt6["PyQt6"]\n    node_venv_lib_python3_12_site-packages_PyQt6 --> node_venv_lib_python3_12_site-packages_PyQt6_Qt6["Qt6"]\n    node_venv_lib_python3_12_site-packages_PyQt6_Qt6 --> node_venv_lib_python3_12_site-packages_PyQt6_Qt6_lib["lib"]\n    node_venv_lib_python3_12_site-packages_PyQt6_Qt6_lib --> node_venv_lib_python3_12_site-packages_PyQt6_Qt6_lib_QtShaderTools_framework["QtShaderTools.framework"]\n    node_venv_lib_python3_12_site-packages_PyQt6_Qt6_lib_QtShaderTools_framework --> node_venv_lib_python3_12_site-packages_PyQt6_Qt6_lib_QtShaderTools_framework_Resources["Resources"]\n    node_venv_lib_python3_12_site-packages_PyQt6_Qt6_lib_QtShaderTools_framework_Resources --> node_venv_lib_python3_12_site-packages_PyQt6_Qt6_lib_QtShaderTools_framework_Resources_PrivacyInfo_xcprivacy["PrivacyInfo.xcprivacy"]\n    Root --> node_venv["venv"]\n    node_venv --> node_venv_lib["lib"]\n    node_venv_lib --> node_venv_lib_python3_12["python3.12"]\n    node_venv_lib_python3_12 --> node_venv_lib_python3_12_site-packages["site-packages"]\n    node_venv_lib_python3_12_site-packages --> node_venv_lib_python3_12_site-packages_PyQt6["PyQt6"]\n    node_venv_lib_python3_12_site-packages_PyQt6 --> node_venv_lib_python3_12_site-packages_PyQt6_Qt6["Qt6"]\n    node_venv_lib_python3_12_site-packages_PyQt6_Qt6 --> node_venv_lib_python3_12_site-packages_PyQt6_Qt6_lib["lib"]\n    node_venv_lib_python3_12_site-packages_PyQt6_Qt6_lib --> node_venv_lib_python3_12_site-packages_PyQt6_Qt6_lib_QtShaderTools_framework["QtShaderTools.framework"]\n    node_venv_lib_python3_12_site-packages_PyQt6_Qt6_lib_QtShaderTools_framework --> node_venv_lib_python3_12_site-packages_PyQt6_Qt6_lib_QtShaderTools_framework_Versions["Versions"]\n    node_venv_lib_python3_12_site-packages_PyQt6_Qt6_lib_QtShaderTools_framework_Versions --> node_venv_lib_python3_12_site-packages_PyQt6_Qt6_lib_QtShaderTools_framework_Versions_A["A"]\n    node_venv_lib_python3_12_site-packages_PyQt6_Qt6_lib_QtShaderTools_framework_Versions_A --> node_venv_lib_python3_12_site-packages_PyQt6_Qt6_lib_QtShaderTools_framework_Versions_A_QtShaderTools["QtShaderTools"]\n    Root --> node_venv["venv"]\n    node_venv --> node_venv_lib["lib"]\n    node_venv_lib --> node_venv_lib_python3_12["python3.12"]\n    node_venv_lib_python3_12 --> node_venv_lib_python3_12_site-packages["site-packages"]\n    node_venv_lib_python3_12_site-packages --> node_venv_lib_python3_12_site-packages_PyQt6["PyQt6"]\n    node_venv_lib_python3_12_site-packages_PyQt6 --> node_venv_lib_python3_12_site-packages_PyQt6_Qt6["Qt6"]\n    node_venv_lib_python3_12_site-packages_PyQt6_Qt6 --> node_venv_lib_python3_12_site-packages_PyQt6_Qt6_lib["lib"]\n    node_venv_lib_python3_12_site-packages_PyQt6_Qt6_lib --> node_venv_lib_python3_12_site-packages_PyQt6_Qt6_lib_QtPdf_framework["QtPdf.framework"]\n    node_venv_lib_python3_12_site-packages_PyQt6_Qt6_lib_QtPdf_framework --> node_venv_lib_python3_12_site-packages_PyQt6_Qt6_lib_QtPdf_framework_Resources["Resources"]\n    node_venv_lib_python3_12_site-packages_PyQt6_Qt6_lib_QtPdf_framework_Resources --> node_venv_lib_python3_12_site-packages_PyQt6_Qt6_lib_QtPdf_framework_Resources_Info_plist["Info.plist"]\n    Root --> node_venv["venv"]\n    node_venv --> node_venv_lib["lib"]\n    node_venv_lib --> node_venv_lib_python3_12["python3.12"]\n    node_venv_lib_python3_12 --> node_venv_lib_python3_12_site-packages["site-packages"]\n    node_venv_lib_python3_12_site-packages --> node_venv_lib_python3_12_site-packages_PyQt6["PyQt6"]\n    node_venv_lib_python3_12_site-packages_PyQt6 --> node_venv_lib_python3_12_site-packages_PyQt6_Qt6["Qt6"]\n    node_venv_lib_python3_12_site-packages_PyQt6_Qt6 --> node_venv_lib_python3_12_site-packages_PyQt6_Qt6_lib["lib"]\n    node_venv_lib_python3_12_site-packages_PyQt6_Qt6_lib --> node_venv_lib_python3_12_site-packages_PyQt6_Qt6_lib_QtPdf_framework["QtPdf.framework"]\n    node_venv_lib_python3_12_site-packages_PyQt6_Qt6_lib_QtPdf_framework --> node_venv_lib_python3_12_site-packages_PyQt6_Qt6_lib_QtPdf_framework_Resources["Resources"]\n    node_venv_lib_python3_12_site-packages_PyQt6_Qt6_lib_QtPdf_framework_Resources --> node_venv_lib_python3_12_site-packages_PyQt6_Qt6_lib_QtPdf_framework_Resources_PrivacyInfo_xcprivacy["PrivacyInfo.xcprivacy"]\n    Root --> node_venv["venv"]\n    node_venv --> node_venv_lib["lib"]\n    node_venv_lib --> node_venv_lib_python3_12["python3.12"]\n    node_venv_lib_python3_12 --> node_venv_lib_python3_12_site-packages["site-packages"]\n    node_venv_lib_python3_12_site-packages --> node_venv_lib_python3_12_site-packages_PyQt6["PyQt6"]\n    node_venv_lib_python3_12_site-packages_PyQt6 --> node_venv_lib_python3_12_site-packages_PyQt6_Qt6["Qt6"]\n    node_venv_lib_python3_12_site-packages_PyQt6_Qt6 --> node_venv_lib_python3_12_site-packages_PyQt6_Qt6_lib["lib"]\n    node_venv_lib_python3_12_site-packages_PyQt6_Qt6_lib --> node_venv_lib_python3_12_site-packages_PyQt6_Qt6_lib_QtPdf_framework["QtPdf.framework"]\n    node_venv_lib_python3_12_site-packages_PyQt6_Qt6_lib_QtPdf_framework --> node_venv_lib_python3_12_site-packages_PyQt6_Qt6_lib_QtPdf_framework_Versions["Versions"]\n    node_venv_lib_python3_12_site-packages_PyQt6_Qt6_lib_QtPdf_framework_Versions --> node_venv_lib_python3_12_site-packages_PyQt6_Qt6_lib_QtPdf_framework_Versions_A["A"]\n    node_venv_lib_python3_12_site-packages_PyQt6_Qt6_lib_QtPdf_framework_Versions_A --> node_venv_lib_python3_12_site-packages_PyQt6_Qt6_lib_QtPdf_framework_Versions_A_QtPdf["QtPdf"]\n    Root --> node_venv["venv"]\n    node_venv --> node_venv_lib["lib"]\n    node_venv_lib --> node_venv_lib_python3_12["python3.12"]\n    node_venv_lib_python3_12 --> node_venv_lib_python3_12_site-packages["site-packages"]\n    node_venv_lib_python3_12_site-packages --> node_venv_lib_python3_12_site-packages_PyQt6["PyQt6"]\n    node_venv_lib_python3_12_site-packages_PyQt6 --> node_venv_lib_python3_12_site-packages_PyQt6_Qt6["Qt6"]\n    node_venv_lib_python3_12_site-packages_PyQt6_Qt6 --> node_venv_lib_python3_12_site-packages_PyQt6_Qt6_lib["lib"]\n    node_venv_lib_python3_12_site-packages_PyQt6_Qt6_lib --> node_venv_lib_python3_12_site-packages_PyQt6_Qt6_lib_QtSpatialAudio_framework["QtSpatialAudio.framework"]\n    node_venv_lib_python3_12_site-packages_PyQt6_Qt6_lib_QtSpatialAudio_framework --> node_venv_lib_python3_12_site-packages_PyQt6_Qt6_lib_QtSpatialAudio_framework_Resources["Resources"]\n    node_venv_lib_python3_12_site-packages_PyQt6_Qt6_lib_QtSpatialAudio_framework_Resources --> node_venv_lib_python3_12_site-packages_PyQt6_Qt6_lib_QtSpatialAudio_framework_Resources_Info_plist["Info.plist"]\n    Root --> node_venv["venv"]\n    node_venv --> node_venv_lib["lib"]\n    node_venv_lib --> node_venv_lib_python3_12["python3.12"]\n    node_venv_lib_python3_12 --> node_venv_lib_python3_12_site-packages["site-packages"]\n    node_venv_lib_python3_12_site-packages --> node_venv_lib_python3_12_site-packages_PyQt6["PyQt6"]\n    node_venv_lib_python3_12_site-packages_PyQt6 --> node_venv_lib_python3_12_site-packages_PyQt6_Qt6["Qt6"]\n    node_venv_lib_python3_12_site-packages_PyQt6_Qt6 --> node_venv_lib_python3_12_site-packages_PyQt6_Qt6_lib["lib"]\n    node_venv_lib_python3_12_site-packages_PyQt6_Qt6_lib --> node_venv_lib_python3_12_site-packages_PyQt6_Qt6_lib_QtSpatialAudio_framework["QtSpatialAudio.framework"]\n    node_venv_lib_python3_12_site-packages_PyQt6_Qt6_lib_QtSpatialAudio_framework --> node_venv_lib_python3_12_site-packages_PyQt6_Qt6_lib_QtSpatialAudio_framework_Resources["Resources"]\n    node_venv_lib_python3_12_site-packages_PyQt6_Qt6_lib_QtSpatialAudio_framework_Resources --> node_venv_lib_python3_12_site-packages_PyQt6_Qt6_lib_QtSpatialAudio_framework_Resources_PrivacyInfo_xcprivacy["PrivacyInfo.xcprivacy"]\n    Root --> node_venv["venv"]\n    node_venv --> node_venv_lib["lib"]\n    node_venv_lib --> node_venv_lib_python3_12["python3.12"]\n    node_venv_lib_python3_12 --> node_venv_lib_python3_12_site-packages["site-packages"]\n    node_venv_lib_python3_12_site-packages --> node_venv_lib_python3_12_site-packages_PyQt6["PyQt6"]\n    node_venv_lib_python3_12_site-packages_PyQt6 --> node_venv_lib_python3_12_site-packages_PyQt6_Qt6["Qt6"]\n    node_venv_lib_python3_12_site-packages_PyQt6_Qt6 --> node_venv_lib_python3_12_site-packages_PyQt6_Qt6_lib["lib"]\n    node_venv_lib_python3_12_site-packages_PyQt6_Qt6_lib --> node_venv_lib_python3_12_site-packages_PyQt6_Qt6_lib_QtSpatialAudio_framework["QtSpatialAudio.framework"]\n    node_venv_lib_python3_12_site-packages_PyQt6_Qt6_lib_QtSpatialAudio_framework --> node_venv_lib_python3_12_site-packages_PyQt6_Qt6_lib_QtSpatialAudio_framework_Versions["Versions"]\n    node_venv_lib_python3_12_site-packages_PyQt6_Qt6_lib_QtSpatialAudio_framework_Versions --> node_venv_lib_python3_12_site-packages_PyQt6_Qt6_lib_QtSpatialAudio_framework_Versions_A["A"]\n    node_venv_lib_python3_12_site-packages_PyQt6_Qt6_lib_QtSpatialAudio_framework_Versions_A --> node_venv_lib_python3_12_site-packages_PyQt6_Qt6_lib_QtSpatialAudio_framework_Versions_A_QtSpatialAudio["QtSpatialAudio"]\n    Root --> node_venv["venv"]\n    node_venv --> node_venv_lib["lib"]\n    node_venv_lib --> node_venv_lib_python3_12["python3.12"]\n    node_venv_lib_python3_12 --> node_venv_lib_python3_12_site-packages["site-packages"]\n    node_venv_lib_python3_12_site-packages --> node_venv_lib_python3_12_site-packages_PyQt6["PyQt6"]\n    node_venv_lib_python3_12_site-packages_PyQt6 --> node_venv_lib_python3_12_site-packages_PyQt6_Qt6["Qt6"]\n    node_venv_lib_python3_12_site-packages_PyQt6_Qt6 --> node_venv_lib_python3_12_site-packages_PyQt6_Qt6_lib["lib"]\n    node_venv_lib_python3_12_site-packages_PyQt6_Qt6_lib --> node_venv_lib_python3_12_site-packages_PyQt6_Qt6_lib_QtQuickLayouts_framework["QtQuickLayouts.framework"]\n    node_venv_lib_python3_12_site-packages_PyQt6_Qt6_lib_QtQuickLayouts_framework --> node_venv_lib_python3_12_site-packages_PyQt6_Qt6_lib_QtQuickLayouts_framework_Resources["Resources"]\n    node_venv_lib_python3_12_site-packages_PyQt6_Qt6_lib_QtQuickLayouts_framework_Resources --> node_venv_lib_python3_12_site-packages_PyQt6_Qt6_lib_QtQuickLayouts_framework_Resources_Info_plist["Info.plist"]\n    Root --> node_venv["venv"]\n    node_venv --> node_venv_lib["lib"]\n    node_venv_lib --> node_venv_lib_python3_12["python3.12"]\n    node_venv_lib_python3_12 --> node_venv_lib_python3_12_site-packages["site-packages"]\n    node_venv_lib_python3_12_site-packages --> node_venv_lib_python3_12_site-packages_PyQt6["PyQt6"]\n    node_venv_lib_python3_12_site-packages_PyQt6 --> node_venv_lib_python3_12_site-packages_PyQt6_Qt6["Qt6"]\n    node_venv_lib_python3_12_site-packages_PyQt6_Qt6 --> node_venv_lib_python3_12_site-packages_PyQt6_Qt6_lib["lib"]\n    node_venv_lib_python3_12_site-packages_PyQt6_Qt6_lib --> node_venv_lib_python3_12_site-packages_PyQt6_Qt6_lib_QtQuickLayouts_framework["QtQuickLayouts.framework"]\n    node_venv_lib_python3_12_site-packages_PyQt6_Qt6_lib_QtQuickLayouts_framework --> node_venv_lib_python3_12_site-packages_PyQt6_Qt6_lib_QtQuickLayouts_framework_Resources["Resources"]\n    node_venv_lib_python3_12_site-packages_PyQt6_Qt6_lib_QtQuickLayouts_framework_Resources --> node_venv_lib_python3_12_site-packages_PyQt6_Qt6_lib_QtQuickLayouts_framework_Resources_PrivacyInfo_xcprivacy["PrivacyInfo.xcprivacy"]\n    Root --> node_venv["venv"]\n    node_venv --> node_venv_lib["lib"]\n    node_venv_lib --> node_venv_lib_python3_12["python3.12"]\n    node_venv_lib_python3_12 --> node_venv_lib_python3_12_site-packages["site-packages"]\n    node_venv_lib_python3_12_site-packages --> node_venv_lib_python3_12_site-packages_PyQt6["PyQt6"]\n    node_venv_lib_python3_12_site-packages_PyQt6 --> node_venv_lib_python3_12_site-packages_PyQt6_Qt6["Qt6"]\n    node_venv_lib_python3_12_site-packages_PyQt6_Qt6 --> node_venv_lib_python3_12_site-packages_PyQt6_Qt6_lib["lib"]\n    node_venv_lib_python3_12_site-packages_PyQt6_Qt6_lib --> node_venv_lib_python3_12_site-packages_PyQt6_Qt6_lib_QtQuickLayouts_framework["QtQuickLayouts.framework"]\n    node_venv_lib_python3_12_site-packages_PyQt6_Qt6_lib_QtQuickLayouts_framework --> node_venv_lib_python3_12_site-packages_PyQt6_Qt6_lib_QtQuickLayouts_framework_Versions["Versions"]\n    node_venv_lib_python3_12_site-packages_PyQt6_Qt6_lib_QtQuickLayouts_framework_Versions --> node_venv_lib_python3_12_site-packages_PyQt6_Qt6_lib_QtQuickLayouts_framework_Versions_A["A"]\n    node_venv_lib_python3_12_site-packages_PyQt6_Qt6_lib_QtQuickLayouts_framework_Versions_A --> node_venv_lib_python3_12_site-packages_PyQt6_Qt6_lib_QtQuickLayouts_framework_Versions_A_QtQuickLayouts["QtQuickLayouts"]\n    Root --> node_venv["venv"]\n    node_venv --> node_venv_lib["lib"]\n    node_venv_lib --> node_venv_lib_python3_12["python3.12"]\n    node_venv_lib_python3_12 --> node_venv_lib_python3_12_site-packages["site-packages"]\n    node_venv_lib_python3_12_site-packages --> node_venv_lib_python3_12_site-packages_PyQt6["PyQt6"]\n    node_venv_lib_python3_12_site-packages_PyQt6 --> node_venv_lib_python3_12_site-packages_PyQt6_Qt6["Qt6"]\n    node_venv_lib_python3_12_site-packages_PyQt6_Qt6 --> node_venv_lib_python3_12_site-packages_PyQt6_Qt6_lib["lib"]\n    node_venv_lib_python3_12_site-packages_PyQt6_Qt6_lib --> node_venv_lib_python3_12_site-packages_PyQt6_Qt6_lib_QtQuickControls2Basic_framework["QtQuickControls2Basic.framework"]\n    node_venv_lib_python3_12_site-packages_PyQt6_Qt6_lib_QtQuickControls2Basic_framework --> node_venv_lib_python3_12_site-packages_PyQt6_Qt6_lib_QtQuickControls2Basic_framework_Resources["Resources"]\n    node_venv_lib_python3_12_site-packages_PyQt6_Qt6_lib_QtQuickControls2Basic_framework_Resources --> node_venv_lib_python3_12_site-packages_PyQt6_Qt6_lib_QtQuickControls2Basic_framework_Resources_Info_plist["Info.plist"]\n    Root --> node_venv["venv"]\n    node_venv --> node_venv_lib["lib"]\n    node_venv_lib --> node_venv_lib_python3_12["python3.12"]\n    node_venv_lib_python3_12 --> node_venv_lib_python3_12_site-packages["site-packages"]\n    node_venv_lib_python3_12_site-packages --> node_venv_lib_python3_12_site-packages_PyQt6["PyQt6"]\n    node_venv_lib_python3_12_site-packages_PyQt6 --> node_venv_lib_python3_12_site-packages_PyQt6_Qt6["Qt6"]\n    node_venv_lib_python3_12_site-packages_PyQt6_Qt6 --> node_venv_lib_python3_12_site-packages_PyQt6_Qt6_lib["lib"]\n    node_venv_lib_python3_12_site-packages_PyQt6_Qt6_lib --> node_venv_lib_python3_12_site-packages_PyQt6_Qt6_lib_QtQuickControls2Basic_framework["QtQuickControls2Basic.framework"]\n    node_venv_lib_python3_12_site-packages_PyQt6_Qt6_lib_QtQuickControls2Basic_framework --> node_venv_lib_python3_12_site-packages_PyQt6_Qt6_lib_QtQuickControls2Basic_framework_Resources["Resources"]\n    node_venv_lib_python3_12_site-packages_PyQt6_Qt6_lib_QtQuickControls2Basic_framework_Resources --> node_venv_lib_python3_12_site-packages_PyQt6_Qt6_lib_QtQuickControls2Basic_framework_Resources_PrivacyInfo_xcprivacy["PrivacyInfo.xcprivacy"]\n    Root --> node_venv["venv"]\n    node_venv --> node_venv_lib["lib"]\n    node_venv_lib --> node_venv_lib_python3_12["python3.12"]\n    node_venv_lib_python3_12 --> node_venv_lib_python3_12_site-packages["site-packages"]\n    node_venv_lib_python3_12_site-packages --> node_venv_lib_python3_12_site-packages_PyQt6["PyQt6"]\n    node_venv_lib_python3_12_site-packages_PyQt6 --> node_venv_lib_python3_12_site-packages_PyQt6_Qt6["Qt6"]\n    node_venv_lib_python3_12_site-packages_PyQt6_Qt6 --> node_venv_lib_python3_12_site-packages_PyQt6_Qt6_lib["lib"]\n    node_venv_lib_python3_12_site-packages_PyQt6_Qt6_lib --> node_venv_lib_python3_12_site-packages_PyQt6_Qt6_lib_QtQuickControls2Basic_framework["QtQuickControls2Basic.framework"]\n    node_venv_lib_python3_12_site-packages_PyQt6_Qt6_lib_QtQuickControls2Basic_framework --> node_venv_lib_python3_12_site-packages_PyQt6_Qt6_lib_QtQuickControls2Basic_framework_Versions["Versions"]\n    node_venv_lib_python3_12_site-packages_PyQt6_Qt6_lib_QtQuickControls2Basic_framework_Versions --> node_venv_lib_python3_12_site-packages_PyQt6_Qt6_lib_QtQuickControls2Basic_framework_Versions_A["A"]\n    node_venv_lib_python3_12_site-packages_PyQt6_Qt6_lib_QtQuickControls2Basic_framework_Versions_A --> node_venv_lib_python3_12_site-packages_PyQt6_Qt6_lib_QtQuickControls2Basic_framework_Versions_A_QtQuickControls2Basic["QtQuickControls2Basic"]\n    Root --> node_venv["venv"]\n    node_venv --> node_venv_lib["lib"]\n    node_venv_lib --> node_venv_lib_python3_12["python3.12"]\n    node_venv_lib_python3_12 --> node_venv_lib_python3_12_site-packages["site-packages"]\n    node_venv_lib_python3_12_site-packages --> node_venv_lib_python3_12_site-packages_PyQt6["PyQt6"]\n    node_venv_lib_python3_12_site-packages_PyQt6 --> node_venv_lib_python3_12_site-packages_PyQt6_Qt6["Qt6"]\n    node_venv_lib_python3_12_site-packages_PyQt6_Qt6 --> node_venv_lib_python3_12_site-packages_PyQt6_Qt6_lib["lib"]\n    node_venv_lib_python3_12_site-packages_PyQt6_Qt6_lib --> node_venv_lib_python3_12_site-packages_PyQt6_Qt6_lib_QtQuick3DRuntimeRender_framework["QtQuick3DRuntimeRender.framework"]\n    node_venv_lib_python3_12_site-packages_PyQt6_Qt6_lib_QtQuick3DRuntimeRender_framework --> node_venv_lib_python3_12_site-packages_PyQt6_Qt6_lib_QtQuick3DRuntimeRender_framework_Resources["Resources"]\n    node_venv_lib_python3_12_site-packages_PyQt6_Qt6_lib_QtQuick3DRuntimeRender_framework_Resources --> node_venv_lib_python3_12_site-packages_PyQt6_Qt6_lib_QtQuick3DRuntimeRender_framework_Resources_Info_plist["Info.plist"]\n    Root --> node_venv["venv"]\n    node_venv --> node_venv_lib["lib"]\n    node_venv_lib --> node_venv_lib_python3_12["python3.12"]\n    node_venv_lib_python3_12 --> node_venv_lib_python3_12_site-packages["site-packages"]\n    node_venv_lib_python3_12_site-packages --> node_venv_lib_python3_12_site-packages_PyQt6["PyQt6"]\n    node_venv_lib_python3_12_site-packages_PyQt6 --> node_venv_lib_python3_12_site-packages_PyQt6_Qt6["Qt6"]\n    node_venv_lib_python3_12_site-packages_PyQt6_Qt6 --> node_venv_lib_python3_12_site-packages_PyQt6_Qt6_lib["lib"]\n    node_venv_lib_python3_12_site-packages_PyQt6_Qt6_lib --> node_venv_lib_python3_12_site-packages_PyQt6_Qt6_lib_QtQuick3DRuntimeRender_framework["QtQuick3DRuntimeRender.framework"]\n    node_venv_lib_python3_12_site-packages_PyQt6_Qt6_lib_QtQuick3DRuntimeRender_framework --> node_venv_lib_python3_12_site-packages_PyQt6_Qt6_lib_QtQuick3DRuntimeRender_framework_Resources["Resources"]\n    node_venv_lib_python3_12_site-packages_PyQt6_Qt6_lib_QtQuick3DRuntimeRender_framework_Resources --> node_venv_lib_python3_12_site-packages_PyQt6_Qt6_lib_QtQuick3DRuntimeRender_framework_Resources_PrivacyInfo_xcprivacy["PrivacyInfo.xcprivacy"]\n    Root --> node_venv["venv"]\n    node_venv --> node_venv_lib["lib"]\n    node_venv_lib --> node_venv_lib_python3_12["python3.12"]\n    node_venv_lib_python3_12 --> node_venv_lib_python3_12_site-packages["site-packages"]\n    node_venv_lib_python3_12_site-packages --> node_venv_lib_python3_12_site-packages_PyQt6["PyQt6"]\n    node_venv_lib_python3_12_site-packages_PyQt6 --> node_venv_lib_python3_12_site-packages_PyQt6_Qt6["Qt6"]\n    node_venv_lib_python3_12_site-packages_PyQt6_Qt6 --> node_venv_lib_python3_12_site-packages_PyQt6_Qt6_lib["lib"]\n    node_venv_lib_python3_12_site-packages_PyQt6_Qt6_lib --> node_venv_lib_python3_12_site-packages_PyQt6_Qt6_lib_QtQuick3DRuntimeRender_framework["QtQuick3DRuntimeRender.framework"]\n    node_venv_lib_python3_12_site-packages_PyQt6_Qt6_lib_QtQuick3DRuntimeRender_framework --> node_venv_lib_python3_12_site-packages_PyQt6_Qt6_lib_QtQuick3DRuntimeRender_framework_Versions["Versions"]\n    node_venv_lib_python3_12_site-packages_PyQt6_Qt6_lib_QtQuick3DRuntimeRender_framework_Versions --> node_venv_lib_python3_12_site-packages_PyQt6_Qt6_lib_QtQuick3DRuntimeRender_framework_Versions_A["A"]\n    node_venv_lib_python3_12_site-packages_PyQt6_Qt6_lib_QtQuick3DRuntimeRender_framework_Versions_A --> node_venv_lib_python3_12_site-packages_PyQt6_Qt6_lib_QtQuick3DRuntimeRender_framework_Versions_A_QtQuick3DRuntimeRender["QtQuick3DRuntimeRender"]\n    Root --> node_venv["venv"]\n    node_venv --> node_venv_lib["lib"]\n    node_venv_lib --> node_venv_lib_python3_12["python3.12"]\n    node_venv_lib_python3_12 --> node_venv_lib_python3_12_site-packages["site-packages"]\n    node_venv_lib_python3_12_site-packages --> node_venv_lib_python3_12_site-packages_PyQt6["PyQt6"]\n    node_venv_lib_python3_12_site-packages_PyQt6 --> node_venv_lib_python3_12_site-packages_PyQt6_Qt6["Qt6"]\n    node_venv_lib_python3_12_site-packages_PyQt6_Qt6 --> node_venv_lib_python3_12_site-packages_PyQt6_Qt6_lib["lib"]\n    node_venv_lib_python3_12_site-packages_PyQt6_Qt6_lib --> node_venv_lib_python3_12_site-packages_PyQt6_Qt6_lib_QtHelp_framework["QtHelp.framework"]\n    node_venv_lib_python3_12_site-packages_PyQt6_Qt6_lib_QtHelp_framework --> node_venv_lib_python3_12_site-packages_PyQt6_Qt6_lib_QtHelp_framework_Resources["Resources"]\n    node_venv_lib_python3_12_site-packages_PyQt6_Qt6_lib_QtHelp_framework_Resources --> node_venv_lib_python3_12_site-packages_PyQt6_Qt6_lib_QtHelp_framework_Resources_Info_plist["Info.plist"]\n    Root --> node_venv["venv"]\n    node_venv --> node_venv_lib["lib"]\n    node_venv_lib --> node_venv_lib_python3_12["python3.12"]\n    node_venv_lib_python3_12 --> node_venv_lib_python3_12_site-packages["site-packages"]\n    node_venv_lib_python3_12_site-packages --> node_venv_lib_python3_12_site-packages_PyQt6["PyQt6"]\n    node_venv_lib_python3_12_site-packages_PyQt6 --> node_venv_lib_python3_12_site-packages_PyQt6_Qt6["Qt6"]\n    node_venv_lib_python3_12_site-packages_PyQt6_Qt6 --> node_venv_lib_python3_12_site-packages_PyQt6_Qt6_lib["lib"]\n    node_venv_lib_python3_12_site-packages_PyQt6_Qt6_lib --> node_venv_lib_python3_12_site-packages_PyQt6_Qt6_lib_QtHelp_framework["QtHelp.framework"]\n    node_venv_lib_python3_12_site-packages_PyQt6_Qt6_lib_QtHelp_framework --> node_venv_lib_python3_12_site-packages_PyQt6_Qt6_lib_QtHelp_framework_Resources["Resources"]\n    node_venv_lib_python3_12_site-packages_PyQt6_Qt6_lib_QtHelp_framework_Resources --> node_venv_lib_python3_12_site-packages_PyQt6_Qt6_lib_QtHelp_framework_Resources_PrivacyInfo_xcprivacy["PrivacyInfo.xcprivacy"]\n    Root --> node_venv["venv"]\n    node_venv --> node_venv_lib["lib"]\n    node_venv_lib --> node_venv_lib_python3_12["python3.12"]\n    node_venv_lib_python3_12 --> node_venv_lib_python3_12_site-packages["site-packages"]\n    node_venv_lib_python3_12_site-packages --> node_venv_lib_python3_12_site-packages_PyQt6["PyQt6"]\n    node_venv_lib_python3_12_site-packages_PyQt6 --> node_venv_lib_python3_12_site-packages_PyQt6_Qt6["Qt6"]\n    node_venv_lib_python3_12_site-packages_PyQt6_Qt6 --> node_venv_lib_python3_12_site-packages_PyQt6_Qt6_lib["lib"]\n    node_venv_lib_python3_12_site-packages_PyQt6_Qt6_lib --> node_venv_lib_python3_12_site-packages_PyQt6_Qt6_lib_QtHelp_framework["QtHelp.framework"]\n    node_venv_lib_python3_12_site-packages_PyQt6_Qt6_lib_QtHelp_framework --> node_venv_lib_python3_12_site-packages_PyQt6_Qt6_lib_QtHelp_framework_Versions["Versions"]\n    node_venv_lib_python3_12_site-packages_PyQt6_Qt6_lib_QtHelp_framework_Versions --> node_venv_lib_python3_12_site-packages_PyQt6_Qt6_lib_QtHelp_framework_Versions_A["A"]\n    node_venv_lib_python3_12_site-packages_PyQt6_Qt6_lib_QtHelp_framework_Versions_A --> node_venv_lib_python3_12_site-packages_PyQt6_Qt6_lib_QtHelp_framework_Versions_A_QtHelp["QtHelp"]\n    Root --> node_venv["venv"]\n    node_venv --> node_venv_lib["lib"]\n    node_venv_lib --> node_venv_lib_python3_12["python3.12"]\n    node_venv_lib_python3_12 --> node_venv_lib_python3_12_site-packages["site-packages"]\n    node_venv_lib_python3_12_site-packages --> node_venv_lib_python3_12_site-packages_PyQt6["PyQt6"]\n    node_venv_lib_python3_12_site-packages_PyQt6 --> node_venv_lib_python3_12_site-packages_PyQt6_Qt6["Qt6"]\n    node_venv_lib_python3_12_site-packages_PyQt6_Qt6 --> node_venv_lib_python3_12_site-packages_PyQt6_Qt6_lib["lib"]\n    node_venv_lib_python3_12_site-packages_PyQt6_Qt6_lib --> node_venv_lib_python3_12_site-packages_PyQt6_Qt6_lib_QtQuickVectorImage_framework["QtQuickVectorImage.framework"]\n    node_venv_lib_python3_12_site-packages_PyQt6_Qt6_lib_QtQuickVectorImage_framework --> node_venv_lib_python3_12_site-packages_PyQt6_Qt6_lib_QtQuickVectorImage_framework_Resources["Resources"]\n    node_venv_lib_python3_12_site-packages_PyQt6_Qt6_lib_QtQuickVectorImage_framework_Resources --> node_venv_lib_python3_12_site-packages_PyQt6_Qt6_lib_QtQuickVectorImage_framework_Resources_Info_plist["Info.plist"]\n    Root --> node_venv["venv"]\n    node_venv --> node_venv_lib["lib"]\n    node_venv_lib --> node_venv_lib_python3_12["python3.12"]\n    node_venv_lib_python3_12 --> node_venv_lib_python3_12_site-packages["site-packages"]\n    node_venv_lib_python3_12_site-packages --> node_venv_lib_python3_12_site-packages_PyQt6["PyQt6"]\n    node_venv_lib_python3_12_site-packages_PyQt6 --> node_venv_lib_python3_12_site-packages_PyQt6_Qt6["Qt6"]\n    node_venv_lib_python3_12_site-packages_PyQt6_Qt6 --> node_venv_lib_python3_12_site-packages_PyQt6_Qt6_lib["lib"]\n    node_venv_lib_python3_12_site-packages_PyQt6_Qt6_lib --> node_venv_lib_python3_12_site-packages_PyQt6_Qt6_lib_QtQuickVectorImage_framework["QtQuickVectorImage.framework"]\n    node_venv_lib_python3_12_site-packages_PyQt6_Qt6_lib_QtQuickVectorImage_framework --> node_venv_lib_python3_12_site-packages_PyQt6_Qt6_lib_QtQuickVectorImage_framework_Resources["Resources"]\n    node_venv_lib_python3_12_site-packages_PyQt6_Qt6_lib_QtQuickVectorImage_framework_Resources --> node_venv_lib_python3_12_site-packages_PyQt6_Qt6_lib_QtQuickVectorImage_framework_Resources_PrivacyInfo_xcprivacy["PrivacyInfo.xcprivacy"]\n    Root --> node_venv["venv"]\n    node_venv --> node_venv_lib["lib"]\n    node_venv_lib --> node_venv_lib_python3_12["python3.12"]\n    node_venv_lib_python3_12 --> node_venv_lib_python3_12_site-packages["site-packages"]\n    node_venv_lib_python3_12_site-packages --> node_venv_lib_python3_12_site-packages_PyQt6["PyQt6"]\n    node_venv_lib_python3_12_site-packages_PyQt6 --> node_venv_lib_python3_12_site-packages_PyQt6_Qt6["Qt6"]\n    node_venv_lib_python3_12_site-packages_PyQt6_Qt6 --> node_venv_lib_python3_12_site-packages_PyQt6_Qt6_lib["lib"]\n    node_venv_lib_python3_12_site-packages_PyQt6_Qt6_lib --> node_venv_lib_python3_12_site-packages_PyQt6_Qt6_lib_QtQuickVectorImage_framework["QtQuickVectorImage.framework"]\n    node_venv_lib_python3_12_site-packages_PyQt6_Qt6_lib_QtQuickVectorImage_framework --> node_venv_lib_python3_12_site-packages_PyQt6_Qt6_lib_QtQuickVectorImage_framework_Versions["Versions"]\n    node_venv_lib_python3_12_site-packages_PyQt6_Qt6_lib_QtQuickVectorImage_framework_Versions --> node_venv_lib_python3_12_site-packages_PyQt6_Qt6_lib_QtQuickVectorImage_framework_Versions_A["A"]\n    node_venv_lib_python3_12_site-packages_PyQt6_Qt6_lib_QtQuickVectorImage_framework_Versions_A --> node_venv_lib_python3_12_site-packages_PyQt6_Qt6_lib_QtQuickVectorImage_framework_Versions_A_QtQuickVectorImage["QtQuickVectorImage"]\n    Root --> node_venv["venv"]\n    node_venv --> node_venv_lib["lib"]\n    node_venv_lib --> node_venv_lib_python3_12["python3.12"]\n    node_venv_lib_python3_12 --> node_venv_lib_python3_12_site-packages["site-packages"]\n    node_venv_lib_python3_12_site-packages --> node_venv_lib_python3_12_site-packages_PyQt6["PyQt6"]\n    node_venv_lib_python3_12_site-packages_PyQt6 --> node_venv_lib_python3_12_site-packages_PyQt6_Qt6["Qt6"]\n    node_venv_lib_python3_12_site-packages_PyQt6_Qt6 --> node_venv_lib_python3_12_site-packages_PyQt6_Qt6_lib["lib"]\n    node_venv_lib_python3_12_site-packages_PyQt6_Qt6_lib --> node_venv_lib_python3_12_site-packages_PyQt6_Qt6_lib_QtPrintSupport_framework["QtPrintSupport.framework"]\n    node_venv_lib_python3_12_site-packages_PyQt6_Qt6_lib_QtPrintSupport_framework --> node_venv_lib_python3_12_site-packages_PyQt6_Qt6_lib_QtPrintSupport_framework_Resources["Resources"]\n    node_venv_lib_python3_12_site-packages_PyQt6_Qt6_lib_QtPrintSupport_framework_Resources --> node_venv_lib_python3_12_site-packages_PyQt6_Qt6_lib_QtPrintSupport_framework_Resources_Info_plist["Info.plist"]\n    Root --> node_venv["venv"]\n    node_venv --> node_venv_lib["lib"]\n    node_venv_lib --> node_venv_lib_python3_12["python3.12"]\n    node_venv_lib_python3_12 --> node_venv_lib_python3_12_site-packages["site-packages"]\n    node_venv_lib_python3_12_site-packages --> node_venv_lib_python3_12_site-packages_PyQt6["PyQt6"]\n    node_venv_lib_python3_12_site-packages_PyQt6 --> node_venv_lib_python3_12_site-packages_PyQt6_Qt6["Qt6"]\n    node_venv_lib_python3_12_site-packages_PyQt6_Qt6 --> node_venv_lib_python3_12_site-packages_PyQt6_Qt6_lib["lib"]\n    node_venv_lib_python3_12_site-packages_PyQt6_Qt6_lib --> node_venv_lib_python3_12_site-packages_PyQt6_Qt6_lib_QtPrintSupport_framework["QtPrintSupport.framework"]\n    node_venv_lib_python3_12_site-packages_PyQt6_Qt6_lib_QtPrintSupport_framework --> node_venv_lib_python3_12_site-packages_PyQt6_Qt6_lib_QtPrintSupport_framework_Resources["Resources"]\n    node_venv_lib_python3_12_site-packages_PyQt6_Qt6_lib_QtPrintSupport_framework_Resources --> node_venv_lib_python3_12_site-packages_PyQt6_Qt6_lib_QtPrintSupport_framework_Resources_PrivacyInfo_xcprivacy["PrivacyInfo.xcprivacy"]\n    Root --> node_venv["venv"]\n    node_venv --> node_venv_lib["lib"]\n    node_venv_lib --> node_venv_lib_python3_12["python3.12"]\n    node_venv_lib_python3_12 --> node_venv_lib_python3_12_site-packages["site-packages"]\n    node_venv_lib_python3_12_site-packages --> node_venv_lib_python3_12_site-packages_PyQt6["PyQt6"]\n    node_venv_lib_python3_12_site-packages_PyQt6 --> node_venv_lib_python3_12_site-packages_PyQt6_Qt6["Qt6"]\n    node_venv_lib_python3_12_site-packages_PyQt6_Qt6 --> node_venv_lib_python3_12_site-packages_PyQt6_Qt6_lib["lib"]\n    node_venv_lib_python3_12_site-packages_PyQt6_Qt6_lib --> node_venv_lib_python3_12_site-packages_PyQt6_Qt6_lib_QtPrintSupport_framework["QtPrintSupport.framework"]\n    node_venv_lib_python3_12_site-packages_PyQt6_Qt6_lib_QtPrintSupport_framework --> node_venv_lib_python3_12_site-packages_PyQt6_Qt6_lib_QtPrintSupport_framework_Versions["Versions"]\n    node_venv_lib_python3_12_site-packages_PyQt6_Qt6_lib_QtPrintSupport_framework_Versions --> node_venv_lib_python3_12_site-packages_PyQt6_Qt6_lib_QtPrintSupport_framework_Versions_A["A"]\n    node_venv_lib_python3_12_site-packages_PyQt6_Qt6_lib_QtPrintSupport_framework_Versions_A --> node_venv_lib_python3_12_site-packages_PyQt6_Qt6_lib_QtPrintSupport_framework_Versions_A_QtPrintSupport["QtPrintSupport"]\n    Root --> node_venv["venv"]\n    node_venv --> node_venv_lib["lib"]\n    node_venv_lib --> node_venv_lib_python3_12["python3.12"]\n    node_venv_lib_python3_12 --> node_venv_lib_python3_12_site-packages["site-packages"]\n    node_venv_lib_python3_12_site-packages --> node_venv_lib_python3_12_site-packages_PyQt6["PyQt6"]\n    node_venv_lib_python3_12_site-packages_PyQt6 --> node_venv_lib_python3_12_site-packages_PyQt6_Qt6["Qt6"]\n    node_venv_lib_python3_12_site-packages_PyQt6_Qt6 --> node_venv_lib_python3_12_site-packages_PyQt6_Qt6_lib["lib"]\n    node_venv_lib_python3_12_site-packages_PyQt6_Qt6_lib --> node_venv_lib_python3_12_site-packages_PyQt6_Qt6_lib_QtGui_framework["QtGui.framework"]\n    node_venv_lib_python3_12_site-packages_PyQt6_Qt6_lib_QtGui_framework --> node_venv_lib_python3_12_site-packages_PyQt6_Qt6_lib_QtGui_framework_Resources["Resources"]\n    node_venv_lib_python3_12_site-packages_PyQt6_Qt6_lib_QtGui_framework_Resources --> node_venv_lib_python3_12_site-packages_PyQt6_Qt6_lib_QtGui_framework_Resources_Info_plist["Info.plist"]\n    Root --> node_venv["venv"]\n    node_venv --> node_venv_lib["lib"]\n    node_venv_lib --> node_venv_lib_python3_12["python3.12"]\n    node_venv_lib_python3_12 --> node_venv_lib_python3_12_site-packages["site-packages"]\n    node_venv_lib_python3_12_site-packages --> node_venv_lib_python3_12_site-packages_PyQt6["PyQt6"]\n    node_venv_lib_python3_12_site-packages_PyQt6 --> node_venv_lib_python3_12_site-packages_PyQt6_Qt6["Qt6"]\n    node_venv_lib_python3_12_site-packages_PyQt6_Qt6 --> node_venv_lib_python3_12_site-packages_PyQt6_Qt6_lib["lib"]\n    node_venv_lib_python3_12_site-packages_PyQt6_Qt6_lib --> node_venv_lib_python3_12_site-packages_PyQt6_Qt6_lib_QtGui_framework["QtGui.framework"]\n    node_venv_lib_python3_12_site-packages_PyQt6_Qt6_lib_QtGui_framework --> node_venv_lib_python3_12_site-packages_PyQt6_Qt6_lib_QtGui_framework_Resources["Resources"]\n    node_venv_lib_python3_12_site-packages_PyQt6_Qt6_lib_QtGui_framework_Resources --> node_venv_lib_python3_12_site-packages_PyQt6_Qt6_lib_QtGui_framework_Resources_PrivacyInfo_xcprivacy["PrivacyInfo.xcprivacy"]\n    Root --> node_venv["venv"]\n    node_venv --> node_venv_lib["lib"]\n    node_venv_lib --> node_venv_lib_python3_12["python3.12"]\n    node_venv_lib_python3_12 --> node_venv_lib_python3_12_site-packages["site-packages"]\n    node_venv_lib_python3_12_site-packages --> node_venv_lib_python3_12_site-packages_PyQt6["PyQt6"]\n    node_venv_lib_python3_12_site-packages_PyQt6 --> node_venv_lib_python3_12_site-packages_PyQt6_Qt6["Qt6"]\n    node_venv_lib_python3_12_site-packages_PyQt6_Qt6 --> node_venv_lib_python3_12_site-packages_PyQt6_Qt6_lib["lib"]\n    node_venv_lib_python3_12_site-packages_PyQt6_Qt6_lib --> node_venv_lib_python3_12_site-packages_PyQt6_Qt6_lib_QtGui_framework["QtGui.framework"]\n    node_venv_lib_python3_12_site-packages_PyQt6_Qt6_lib_QtGui_framework --> node_venv_lib_python3_12_site-packages_PyQt6_Qt6_lib_QtGui_framework_Versions["Versions"]\n    node_venv_lib_python3_12_site-packages_PyQt6_Qt6_lib_QtGui_framework_Versions --> node_venv_lib_python3_12_site-packages_PyQt6_Qt6_lib_QtGui_framework_Versions_A["A"]\n    node_venv_lib_python3_12_site-packages_PyQt6_Qt6_lib_QtGui_framework_Versions_A --> node_venv_lib_python3_12_site-packages_PyQt6_Qt6_lib_QtGui_framework_Versions_A_QtGui["QtGui"]\n    Root --> node_venv["venv"]\n    node_venv --> node_venv_lib["lib"]\n    node_venv_lib --> node_venv_lib_python3_12["python3.12"]\n    node_venv_lib_python3_12 --> node_venv_lib_python3_12_site-packages["site-packages"]\n    node_venv_lib_python3_12_site-packages --> node_venv_lib_python3_12_site-packages_PyQt6["PyQt6"]\n    node_venv_lib_python3_12_site-packages_PyQt6 --> node_venv_lib_python3_12_site-packages_PyQt6_Qt6["Qt6"]\n    node_venv_lib_python3_12_site-packages_PyQt6_Qt6 --> node_venv_lib_python3_12_site-packages_PyQt6_Qt6_lib["lib"]\n    node_venv_lib_python3_12_site-packages_PyQt6_Qt6_lib --> node_venv_lib_python3_12_site-packages_PyQt6_Qt6_lib_QtDBus_framework["QtDBus.framework"]\n    node_venv_lib_python3_12_site-packages_PyQt6_Qt6_lib_QtDBus_framework --> node_venv_lib_python3_12_site-packages_PyQt6_Qt6_lib_QtDBus_framework_Resources["Resources"]\n    node_venv_lib_python3_12_site-packages_PyQt6_Qt6_lib_QtDBus_framework_Resources --> node_venv_lib_python3_12_site-packages_PyQt6_Qt6_lib_QtDBus_framework_Resources_Info_plist["Info.plist"]\n    Root --> node_venv["venv"]\n    node_venv --> node_venv_lib["lib"]\n    node_venv_lib --> node_venv_lib_python3_12["python3.12"]\n    node_venv_lib_python3_12 --> node_venv_lib_python3_12_site-packages["site-packages"]\n    node_venv_lib_python3_12_site-packages --> node_venv_lib_python3_12_site-packages_PyQt6["PyQt6"]\n    node_venv_lib_python3_12_site-packages_PyQt6 --> node_venv_lib_python3_12_site-packages_PyQt6_Qt6["Qt6"]\n    node_venv_lib_python3_12_site-packages_PyQt6_Qt6 --> node_venv_lib_python3_12_site-packages_PyQt6_Qt6_lib["lib"]\n    node_venv_lib_python3_12_site-packages_PyQt6_Qt6_lib --> node_venv_lib_python3_12_site-packages_PyQt6_Qt6_lib_QtDBus_framework["QtDBus.framework"]\n    node_venv_lib_python3_12_site-packages_PyQt6_Qt6_lib_QtDBus_framework --> node_venv_lib_python3_12_site-packages_PyQt6_Qt6_lib_QtDBus_framework_Resources["Resources"]\n    node_venv_lib_python3_12_site-packages_PyQt6_Qt6_lib_QtDBus_framework_Resources --> node_venv_lib_python3_12_site-packages_PyQt6_Qt6_lib_QtDBus_framework_Resources_PrivacyInfo_xcprivacy["PrivacyInfo.xcprivacy"]\n    Root --> node_venv["venv"]\n    node_venv --> node_venv_lib["lib"]\n    node_venv_lib --> node_venv_lib_python3_12["python3.12"]\n    node_venv_lib_python3_12 --> node_venv_lib_python3_12_site-packages["site-packages"]\n    node_venv_lib_python3_12_site-packages --> node_venv_lib_python3_12_site-packages_PyQt6["PyQt6"]\n    node_venv_lib_python3_12_site-packages_PyQt6 --> node_venv_lib_python3_12_site-packages_PyQt6_Qt6["Qt6"]\n    node_venv_lib_python3_12_site-packages_PyQt6_Qt6 --> node_venv_lib_python3_12_site-packages_PyQt6_Qt6_lib["lib"]\n    node_venv_lib_python3_12_site-packages_PyQt6_Qt6_lib --> node_venv_lib_python3_12_site-packages_PyQt6_Qt6_lib_QtDBus_framework["QtDBus.framework"]\n    node_venv_lib_python3_12_site-packages_PyQt6_Qt6_lib_QtDBus_framework --> node_venv_lib_python3_12_site-packages_PyQt6_Qt6_lib_QtDBus_framework_Versions["Versions"]\n    node_venv_lib_python3_12_site-packages_PyQt6_Qt6_lib_QtDBus_framework_Versions --> node_venv_lib_python3_12_site-packages_PyQt6_Qt6_lib_QtDBus_framework_Versions_A["A"]\n    node_venv_lib_python3_12_site-packages_PyQt6_Qt6_lib_QtDBus_framework_Versions_A --> node_venv_lib_python3_12_site-packages_PyQt6_Qt6_lib_QtDBus_framework_Versions_A_QtDBus["QtDBus"]\n    Root --> node_venv["venv"]\n    node_venv --> node_venv_lib["lib"]\n    node_venv_lib --> node_venv_lib_python3_12["python3.12"]\n    node_venv_lib_python3_12 --> node_venv_lib_python3_12_site-packages["site-packages"]\n    node_venv_lib_python3_12_site-packages --> node_venv_lib_python3_12_site-packages_PyQt6["PyQt6"]\n    node_venv_lib_python3_12_site-packages_PyQt6 --> node_venv_lib_python3_12_site-packages_PyQt6_Qt6["Qt6"]\n    node_venv_lib_python3_12_site-packages_PyQt6_Qt6 --> node_venv_lib_python3_12_site-packages_PyQt6_Qt6_lib["lib"]\n    node_venv_lib_python3_12_site-packages_PyQt6_Qt6_lib --> node_venv_lib_python3_12_site-packages_PyQt6_Qt6_lib_QtWebSockets_framework["QtWebSockets.framework"]\n    node_venv_lib_python3_12_site-packages_PyQt6_Qt6_lib_QtWebSockets_framework --> node_venv_lib_python3_12_site-packages_PyQt6_Qt6_lib_QtWebSockets_framework_Resources["Resources"]\n    node_venv_lib_python3_12_site-packages_PyQt6_Qt6_lib_QtWebSockets_framework_Resources --> node_venv_lib_python3_12_site-packages_PyQt6_Qt6_lib_QtWebSockets_framework_Resources_Info_plist["Info.plist"]\n    Root --> node_venv["venv"]\n    node_venv --> node_venv_lib["lib"]\n    node_venv_lib --> node_venv_lib_python3_12["python3.12"]\n    node_venv_lib_python3_12 --> node_venv_lib_python3_12_site-packages["site-packages"]\n    node_venv_lib_python3_12_site-packages --> node_venv_lib_python3_12_site-packages_PyQt6["PyQt6"]\n    node_venv_lib_python3_12_site-packages_PyQt6 --> node_venv_lib_python3_12_site-packages_PyQt6_Qt6["Qt6"]\n    node_venv_lib_python3_12_site-packages_PyQt6_Qt6 --> node_venv_lib_python3_12_site-packages_PyQt6_Qt6_lib["lib"]\n    node_venv_lib_python3_12_site-packages_PyQt6_Qt6_lib --> node_venv_lib_python3_12_site-packages_PyQt6_Qt6_lib_QtWebSockets_framework["QtWebSockets.framework"]\n    node_venv_lib_python3_12_site-packages_PyQt6_Qt6_lib_QtWebSockets_framework --> node_venv_lib_python3_12_site-packages_PyQt6_Qt6_lib_QtWebSockets_framework_Resources["Resources"]\n    node_venv_lib_python3_12_site-packages_PyQt6_Qt6_lib_QtWebSockets_framework_Resources --> node_venv_lib_python3_12_site-packages_PyQt6_Qt6_lib_QtWebSockets_framework_Resources_PrivacyInfo_xcprivacy["PrivacyInfo.xcprivacy"]\n    Root --> node_venv["venv"]\n    node_venv --> node_venv_lib["lib"]\n    node_venv_lib --> node_venv_lib_python3_12["python3.12"]\n    node_venv_lib_python3_12 --> node_venv_lib_python3_12_site-packages["site-packages"]\n    node_venv_lib_python3_12_site-packages --> node_venv_lib_python3_12_site-packages_PyQt6["PyQt6"]\n    node_venv_lib_python3_12_site-packages_PyQt6 --> node_venv_lib_python3_12_site-packages_PyQt6_Qt6["Qt6"]\n    node_venv_lib_python3_12_site-packages_PyQt6_Qt6 --> node_venv_lib_python3_12_site-packages_PyQt6_Qt6_lib["lib"]\n    node_venv_lib_python3_12_site-packages_PyQt6_Qt6_lib --> node_venv_lib_python3_12_site-packages_PyQt6_Qt6_lib_QtWebSockets_framework["QtWebSockets.framework"]\n    node_venv_lib_python3_12_site-packages_PyQt6_Qt6_lib_QtWebSockets_framework --> node_venv_lib_python3_12_site-packages_PyQt6_Qt6_lib_QtWebSockets_framework_Versions["Versions"]\n    node_venv_lib_python3_12_site-packages_PyQt6_Qt6_lib_QtWebSockets_framework_Versions --> node_venv_lib_python3_12_site-packages_PyQt6_Qt6_lib_QtWebSockets_framework_Versions_A["A"]\n    node_venv_lib_python3_12_site-packages_PyQt6_Qt6_lib_QtWebSockets_framework_Versions_A --> node_venv_lib_python3_12_site-packages_PyQt6_Qt6_lib_QtWebSockets_framework_Versions_A_QtWebSockets["QtWebSockets"]\n    Root --> node_venv["venv"]\n    node_venv --> node_venv_lib["lib"]\n    node_venv_lib --> node_venv_lib_python3_12["python3.12"]\n    node_venv_lib_python3_12 --> node_venv_lib_python3_12_site-packages["site-packages"]\n    node_venv_lib_python3_12_site-packages --> node_venv_lib_python3_12_site-packages_PyQt6["PyQt6"]\n    node_venv_lib_python3_12_site-packages_PyQt6 --> node_venv_lib_python3_12_site-packages_PyQt6_Qt6["Qt6"]\n    node_venv_lib_python3_12_site-packages_PyQt6_Qt6 --> node_venv_lib_python3_12_site-packages_PyQt6_Qt6_lib["lib"]\n    node_venv_lib_python3_12_site-packages_PyQt6_Qt6_lib --> node_venv_lib_python3_12_site-packages_PyQt6_Qt6_lib_QtQuickControls2Fusion_framework["QtQuickControls2Fusion.framework"]\n    node_venv_lib_python3_12_site-packages_PyQt6_Qt6_lib_QtQuickControls2Fusion_framework --> node_venv_lib_python3_12_site-packages_PyQt6_Qt6_lib_QtQuickControls2Fusion_framework_Resources["Resources"]\n    node_venv_lib_python3_12_site-packages_PyQt6_Qt6_lib_QtQuickControls2Fusion_framework_Resources --> node_venv_lib_python3_12_site-packages_PyQt6_Qt6_lib_QtQuickControls2Fusion_framework_Resources_Info_plist["Info.plist"]\n    Root --> node_venv["venv"]\n    node_venv --> node_venv_lib["lib"]\n    node_venv_lib --> node_venv_lib_python3_12["python3.12"]\n    node_venv_lib_python3_12 --> node_venv_lib_python3_12_site-packages["site-packages"]\n    node_venv_lib_python3_12_site-packages --> node_venv_lib_python3_12_site-packages_PyQt6["PyQt6"]\n    node_venv_lib_python3_12_site-packages_PyQt6 --> node_venv_lib_python3_12_site-packages_PyQt6_Qt6["Qt6"]\n    node_venv_lib_python3_12_site-packages_PyQt6_Qt6 --> node_venv_lib_python3_12_site-packages_PyQt6_Qt6_lib["lib"]\n    node_venv_lib_python3_12_site-packages_PyQt6_Qt6_lib --> node_venv_lib_python3_12_site-packages_PyQt6_Qt6_lib_QtQuickControls2Fusion_framework["QtQuickControls2Fusion.framework"]\n    node_venv_lib_python3_12_site-packages_PyQt6_Qt6_lib_QtQuickControls2Fusion_framework --> node_venv_lib_python3_12_site-packages_PyQt6_Qt6_lib_QtQuickControls2Fusion_framework_Resources["Resources"]\n    node_venv_lib_python3_12_site-packages_PyQt6_Qt6_lib_QtQuickControls2Fusion_framework_Resources --> node_venv_lib_python3_12_site-packages_PyQt6_Qt6_lib_QtQuickControls2Fusion_framework_Resources_PrivacyInfo_xcprivacy["PrivacyInfo.xcprivacy"]\n    Root --> node_venv["venv"]\n    node_venv --> node_venv_lib["lib"]\n    node_venv_lib --> node_venv_lib_python3_12["python3.12"]\n    node_venv_lib_python3_12 --> node_venv_lib_python3_12_site-packages["site-packages"]\n    node_venv_lib_python3_12_site-packages --> node_venv_lib_python3_12_site-packages_PyQt6["PyQt6"]\n    node_venv_lib_python3_12_site-packages_PyQt6 --> node_venv_lib_python3_12_site-packages_PyQt6_Qt6["Qt6"]\n    node_venv_lib_python3_12_site-packages_PyQt6_Qt6 --> node_venv_lib_python3_12_site-packages_PyQt6_Qt6_lib["lib"]\n    node_venv_lib_python3_12_site-packages_PyQt6_Qt6_lib --> node_venv_lib_python3_12_site-packages_PyQt6_Qt6_lib_QtQuickControls2Fusion_framework["QtQuickControls2Fusion.framework"]\n    node_venv_lib_python3_12_site-packages_PyQt6_Qt6_lib_QtQuickControls2Fusion_framework --> node_venv_lib_python3_12_site-packages_PyQt6_Qt6_lib_QtQuickControls2Fusion_framework_Versions["Versions"]\n    node_venv_lib_python3_12_site-packages_PyQt6_Qt6_lib_QtQuickControls2Fusion_framework_Versions --> node_venv_lib_python3_12_site-packages_PyQt6_Qt6_lib_QtQuickControls2Fusion_framework_Versions_A["A"]\n    node_venv_lib_python3_12_site-packages_PyQt6_Qt6_lib_QtQuickControls2Fusion_framework_Versions_A --> node_venv_lib_python3_12_site-packages_PyQt6_Qt6_lib_QtQuickControls2Fusion_framework_Versions_A_QtQuickControls2Fusion["QtQuickControls2Fusion"]\n    Root --> node_venv["venv"]\n    node_venv --> node_venv_lib["lib"]\n    node_venv_lib --> node_venv_lib_python3_12["python3.12"]\n    node_venv_lib_python3_12 --> node_venv_lib_python3_12_site-packages["site-packages"]\n    node_venv_lib_python3_12_site-packages --> node_venv_lib_python3_12_site-packages_PyQt6["PyQt6"]\n    node_venv_lib_python3_12_site-packages_PyQt6 --> node_venv_lib_python3_12_site-packages_PyQt6_Qt6["Qt6"]\n    node_venv_lib_python3_12_site-packages_PyQt6_Qt6 --> node_venv_lib_python3_12_site-packages_PyQt6_Qt6_lib["lib"]\n    node_venv_lib_python3_12_site-packages_PyQt6_Qt6_lib --> node_venv_lib_python3_12_site-packages_PyQt6_Qt6_lib_QtQuick3DUtils_framework["QtQuick3DUtils.framework"]\n    node_venv_lib_python3_12_site-packages_PyQt6_Qt6_lib_QtQuick3DUtils_framework --> node_venv_lib_python3_12_site-packages_PyQt6_Qt6_lib_QtQuick3DUtils_framework_Resources["Resources"]\n    node_venv_lib_python3_12_site-packages_PyQt6_Qt6_lib_QtQuick3DUtils_framework_Resources --> node_venv_lib_python3_12_site-packages_PyQt6_Qt6_lib_QtQuick3DUtils_framework_Resources_Info_plist["Info.plist"]\n    Root --> node_venv["venv"]\n    node_venv --> node_venv_lib["lib"]\n    node_venv_lib --> node_venv_lib_python3_12["python3.12"]\n    node_venv_lib_python3_12 --> node_venv_lib_python3_12_site-packages["site-packages"]\n    node_venv_lib_python3_12_site-packages --> node_venv_lib_python3_12_site-packages_PyQt6["PyQt6"]\n    node_venv_lib_python3_12_site-packages_PyQt6 --> node_venv_lib_python3_12_site-packages_PyQt6_Qt6["Qt6"]\n    node_venv_lib_python3_12_site-packages_PyQt6_Qt6 --> node_venv_lib_python3_12_site-packages_PyQt6_Qt6_lib["lib"]\n    node_venv_lib_python3_12_site-packages_PyQt6_Qt6_lib --> node_venv_lib_python3_12_site-packages_PyQt6_Qt6_lib_QtQuick3DUtils_framework["QtQuick3DUtils.framework"]\n    node_venv_lib_python3_12_site-packages_PyQt6_Qt6_lib_QtQuick3DUtils_framework --> node_venv_lib_python3_12_site-packages_PyQt6_Qt6_lib_QtQuick3DUtils_framework_Resources["Resources"]\n    node_venv_lib_python3_12_site-packages_PyQt6_Qt6_lib_QtQuick3DUtils_framework_Resources --> node_venv_lib_python3_12_site-packages_PyQt6_Qt6_lib_QtQuick3DUtils_framework_Resources_PrivacyInfo_xcprivacy["PrivacyInfo.xcprivacy"]\n    Root --> node_venv["venv"]\n    node_venv --> node_venv_lib["lib"]\n    node_venv_lib --> node_venv_lib_python3_12["python3.12"]\n    node_venv_lib_python3_12 --> node_venv_lib_python3_12_site-packages["site-packages"]\n    node_venv_lib_python3_12_site-packages --> node_venv_lib_python3_12_site-packages_PyQt6["PyQt6"]\n    node_venv_lib_python3_12_site-packages_PyQt6 --> node_venv_lib_python3_12_site-packages_PyQt6_Qt6["Qt6"]\n    node_venv_lib_python3_12_site-packages_PyQt6_Qt6 --> node_venv_lib_python3_12_site-packages_PyQt6_Qt6_lib["lib"]\n    node_venv_lib_python3_12_site-packages_PyQt6_Qt6_lib --> node_venv_lib_python3_12_site-packages_PyQt6_Qt6_lib_QtQuick3DUtils_framework["QtQuick3DUtils.framework"]\n    node_venv_lib_python3_12_site-packages_PyQt6_Qt6_lib_QtQuick3DUtils_framework --> node_venv_lib_python3_12_site-packages_PyQt6_Qt6_lib_QtQuick3DUtils_framework_Versions["Versions"]\n    node_venv_lib_python3_12_site-packages_PyQt6_Qt6_lib_QtQuick3DUtils_framework_Versions --> node_venv_lib_python3_12_site-packages_PyQt6_Qt6_lib_QtQuick3DUtils_framework_Versions_A["A"]\n    node_venv_lib_python3_12_site-packages_PyQt6_Qt6_lib_QtQuick3DUtils_framework_Versions_A --> node_venv_lib_python3_12_site-packages_PyQt6_Qt6_lib_QtQuick3DUtils_framework_Versions_A_QtQuick3DUtils["QtQuick3DUtils"]\n    Root --> node_venv["venv"]\n    node_venv --> node_venv_lib["lib"]\n    node_venv_lib --> node_venv_lib_python3_12["python3.12"]\n    node_venv_lib_python3_12 --> node_venv_lib_python3_12_site-packages["site-packages"]\n    node_venv_lib_python3_12_site-packages --> node_venv_lib_python3_12_site-packages_PyQt6["PyQt6"]\n    node_venv_lib_python3_12_site-packages_PyQt6 --> node_venv_lib_python3_12_site-packages_PyQt6_Qt6["Qt6"]\n    node_venv_lib_python3_12_site-packages_PyQt6_Qt6 --> node_venv_lib_python3_12_site-packages_PyQt6_Qt6_lib["lib"]\n    node_venv_lib_python3_12_site-packages_PyQt6_Qt6_lib --> node_venv_lib_python3_12_site-packages_PyQt6_Qt6_lib_QtQuickTemplates2_framework["QtQuickTemplates2.framework"]\n    node_venv_lib_python3_12_site-packages_PyQt6_Qt6_lib_QtQuickTemplates2_framework --> node_venv_lib_python3_12_site-packages_PyQt6_Qt6_lib_QtQuickTemplates2_framework_Resources["Resources"]\n    node_venv_lib_python3_12_site-packages_PyQt6_Qt6_lib_QtQuickTemplates2_framework_Resources --> node_venv_lib_python3_12_site-packages_PyQt6_Qt6_lib_QtQuickTemplates2_framework_Resources_Info_plist["Info.plist"]\n    Root --> node_venv["venv"]\n    node_venv --> node_venv_lib["lib"]\n    node_venv_lib --> node_venv_lib_python3_12["python3.12"]\n    node_venv_lib_python3_12 --> node_venv_lib_python3_12_site-packages["site-packages"]\n    node_venv_lib_python3_12_site-packages --> node_venv_lib_python3_12_site-packages_PyQt6["PyQt6"]\n    node_venv_lib_python3_12_site-packages_PyQt6 --> node_venv_lib_python3_12_site-packages_PyQt6_Qt6["Qt6"]\n    node_venv_lib_python3_12_site-packages_PyQt6_Qt6 --> node_venv_lib_python3_12_site-packages_PyQt6_Qt6_lib["lib"]\n    node_venv_lib_python3_12_site-packages_PyQt6_Qt6_lib --> node_venv_lib_python3_12_site-packages_PyQt6_Qt6_lib_QtQuickTemplates2_framework["QtQuickTemplates2.framework"]\n    node_venv_lib_python3_12_site-packages_PyQt6_Qt6_lib_QtQuickTemplates2_framework --> node_venv_lib_python3_12_site-packages_PyQt6_Qt6_lib_QtQuickTemplates2_framework_Resources["Resources"]\n    node_venv_lib_python3_12_site-packages_PyQt6_Qt6_lib_QtQuickTemplates2_framework_Resources --> node_venv_lib_python3_12_site-packages_PyQt6_Qt6_lib_QtQuickTemplates2_framework_Resources_PrivacyInfo_xcprivacy["PrivacyInfo.xcprivacy"]\n    Root --> node_venv["venv"]\n    node_venv --> node_venv_lib["lib"]\n    node_venv_lib --> node_venv_lib_python3_12["python3.12"]\n    node_venv_lib_python3_12 --> node_venv_lib_python3_12_site-packages["site-packages"]\n    node_venv_lib_python3_12_site-packages --> node_venv_lib_python3_12_site-packages_PyQt6["PyQt6"]\n    node_venv_lib_python3_12_site-packages_PyQt6 --> node_venv_lib_python3_12_site-packages_PyQt6_Qt6["Qt6"]\n    node_venv_lib_python3_12_site-packages_PyQt6_Qt6 --> node_venv_lib_python3_12_site-packages_PyQt6_Qt6_lib["lib"]\n    node_venv_lib_python3_12_site-packages_PyQt6_Qt6_lib --> node_venv_lib_python3_12_site-packages_PyQt6_Qt6_lib_QtQuickTemplates2_framework["QtQuickTemplates2.framework"]\n    node_venv_lib_python3_12_site-packages_PyQt6_Qt6_lib_QtQuickTemplates2_framework --> node_venv_lib_python3_12_site-packages_PyQt6_Qt6_lib_QtQuickTemplates2_framework_Versions["Versions"]\n    node_venv_lib_python3_12_site-packages_PyQt6_Qt6_lib_QtQuickTemplates2_framework_Versions --> node_venv_lib_python3_12_site-packages_PyQt6_Qt6_lib_QtQuickTemplates2_framework_Versions_A["A"]\n    node_venv_lib_python3_12_site-packages_PyQt6_Qt6_lib_QtQuickTemplates2_framework_Versions_A --> node_venv_lib_python3_12_site-packages_PyQt6_Qt6_lib_QtQuickTemplates2_framework_Versions_A_QtQuickTemplates2["QtQuickTemplates2"]\n    Root --> node_venv["venv"]\n    node_venv --> node_venv_lib["lib"]\n    node_venv_lib --> node_venv_lib_python3_12["python3.12"]\n    node_venv_lib_python3_12 --> node_venv_lib_python3_12_site-packages["site-packages"]\n    node_venv_lib_python3_12_site-packages --> node_venv_lib_python3_12_site-packages_PyQt6["PyQt6"]\n    node_venv_lib_python3_12_site-packages_PyQt6 --> node_venv_lib_python3_12_site-packages_PyQt6_Qt6["Qt6"]\n    node_venv_lib_python3_12_site-packages_PyQt6_Qt6 --> node_venv_lib_python3_12_site-packages_PyQt6_Qt6_lib["lib"]\n    node_venv_lib_python3_12_site-packages_PyQt6_Qt6_lib --> node_venv_lib_python3_12_site-packages_PyQt6_Qt6_lib_QtPositioningQuick_framework["QtPositioningQuick.framework"]\n    node_venv_lib_python3_12_site-packages_PyQt6_Qt6_lib_QtPositioningQuick_framework --> node_venv_lib_python3_12_site-packages_PyQt6_Qt6_lib_QtPositioningQuick_framework_Resources["Resources"]\n    node_venv_lib_python3_12_site-packages_PyQt6_Qt6_lib_QtPositioningQuick_framework_Resources --> node_venv_lib_python3_12_site-packages_PyQt6_Qt6_lib_QtPositioningQuick_framework_Resources_Info_plist["Info.plist"]\n    Root --> node_venv["venv"]\n    node_venv --> node_venv_lib["lib"]\n    node_venv_lib --> node_venv_lib_python3_12["python3.12"]\n    node_venv_lib_python3_12 --> node_venv_lib_python3_12_site-packages["site-packages"]\n    node_venv_lib_python3_12_site-packages --> node_venv_lib_python3_12_site-packages_PyQt6["PyQt6"]\n    node_venv_lib_python3_12_site-packages_PyQt6 --> node_venv_lib_python3_12_site-packages_PyQt6_Qt6["Qt6"]\n    node_venv_lib_python3_12_site-packages_PyQt6_Qt6 --> node_venv_lib_python3_12_site-packages_PyQt6_Qt6_lib["lib"]\n    node_venv_lib_python3_12_site-packages_PyQt6_Qt6_lib --> node_venv_lib_python3_12_site-packages_PyQt6_Qt6_lib_QtPositioningQuick_framework["QtPositioningQuick.framework"]\n    node_venv_lib_python3_12_site-packages_PyQt6_Qt6_lib_QtPositioningQuick_framework --> node_venv_lib_python3_12_site-packages_PyQt6_Qt6_lib_QtPositioningQuick_framework_Resources["Resources"]\n    node_venv_lib_python3_12_site-packages_PyQt6_Qt6_lib_QtPositioningQuick_framework_Resources --> node_venv_lib_python3_12_site-packages_PyQt6_Qt6_lib_QtPositioningQuick_framework_Resources_PrivacyInfo_xcprivacy["PrivacyInfo.xcprivacy"]\n    Root --> node_venv["venv"]\n    node_venv --> node_venv_lib["lib"]\n    node_venv_lib --> node_venv_lib_python3_12["python3.12"]\n    node_venv_lib_python3_12 --> node_venv_lib_python3_12_site-packages["site-packages"]\n    node_venv_lib_python3_12_site-packages --> node_venv_lib_python3_12_site-packages_PyQt6["PyQt6"]\n    node_venv_lib_python3_12_site-packages_PyQt6 --> node_venv_lib_python3_12_site-packages_PyQt6_Qt6["Qt6"]\n    node_venv_lib_python3_12_site-packages_PyQt6_Qt6 --> node_venv_lib_python3_12_site-packages_PyQt6_Qt6_lib["lib"]\n    node_venv_lib_python3_12_site-packages_PyQt6_Qt6_lib --> node_venv_lib_python3_12_site-packages_PyQt6_Qt6_lib_QtPositioningQuick_framework["QtPositioningQuick.framework"]\n    node_venv_lib_python3_12_site-packages_PyQt6_Qt6_lib_QtPositioningQuick_framework --> node_venv_lib_python3_12_site-packages_PyQt6_Qt6_lib_QtPositioningQuick_framework_Versions["Versions"]\n    node_venv_lib_python3_12_site-packages_PyQt6_Qt6_lib_QtPositioningQuick_framework_Versions --> node_venv_lib_python3_12_site-packages_PyQt6_Qt6_lib_QtPositioningQuick_framework_Versions_A["A"]\n    node_venv_lib_python3_12_site-packages_PyQt6_Qt6_lib_QtPositioningQuick_framework_Versions_A --> node_venv_lib_python3_12_site-packages_PyQt6_Qt6_lib_QtPositioningQuick_framework_Versions_A_QtPositioningQuick["QtPositioningQuick"]\n    Root --> node_venv["venv"]\n    node_venv --> node_venv_lib["lib"]\n    node_venv_lib --> node_venv_lib_python3_12["python3.12"]\n    node_venv_lib_python3_12 --> node_venv_lib_python3_12_site-packages["site-packages"]\n    node_venv_lib_python3_12_site-packages --> node_venv_lib_python3_12_site-packages_PyQt6["PyQt6"]\n    node_venv_lib_python3_12_site-packages_PyQt6 --> node_venv_lib_python3_12_site-packages_PyQt6_Qt6["Qt6"]\n    node_venv_lib_python3_12_site-packages_PyQt6_Qt6 --> node_venv_lib_python3_12_site-packages_PyQt6_Qt6_lib["lib"]\n    node_venv_lib_python3_12_site-packages_PyQt6_Qt6_lib --> node_venv_lib_python3_12_site-packages_PyQt6_Qt6_lib_QtQuickDialogs2Utils_framework["QtQuickDialogs2Utils.framework"]\n    node_venv_lib_python3_12_site-packages_PyQt6_Qt6_lib_QtQuickDialogs2Utils_framework --> node_venv_lib_python3_12_site-packages_PyQt6_Qt6_lib_QtQuickDialogs2Utils_framework_Resources["Resources"]\n    node_venv_lib_python3_12_site-packages_PyQt6_Qt6_lib_QtQuickDialogs2Utils_framework_Resources --> node_venv_lib_python3_12_site-packages_PyQt6_Qt6_lib_QtQuickDialogs2Utils_framework_Resources_Info_plist["Info.plist"]\n    Root --> node_venv["venv"]\n    node_venv --> node_venv_lib["lib"]\n    node_venv_lib --> node_venv_lib_python3_12["python3.12"]\n    node_venv_lib_python3_12 --> node_venv_lib_python3_12_site-packages["site-packages"]\n    node_venv_lib_python3_12_site-packages --> node_venv_lib_python3_12_site-packages_PyQt6["PyQt6"]\n    node_venv_lib_python3_12_site-packages_PyQt6 --> node_venv_lib_python3_12_site-packages_PyQt6_Qt6["Qt6"]\n    node_venv_lib_python3_12_site-packages_PyQt6_Qt6 --> node_venv_lib_python3_12_site-packages_PyQt6_Qt6_lib["lib"]\n    node_venv_lib_python3_12_site-packages_PyQt6_Qt6_lib --> node_venv_lib_python3_12_site-packages_PyQt6_Qt6_lib_QtQuickDialogs2Utils_framework["QtQuickDialogs2Utils.framework"]\n    node_venv_lib_python3_12_site-packages_PyQt6_Qt6_lib_QtQuickDialogs2Utils_framework --> node_venv_lib_python3_12_site-packages_PyQt6_Qt6_lib_QtQuickDialogs2Utils_framework_Resources["Resources"]\n    node_venv_lib_python3_12_site-packages_PyQt6_Qt6_lib_QtQuickDialogs2Utils_framework_Resources --> node_venv_lib_python3_12_site-packages_PyQt6_Qt6_lib_QtQuickDialogs2Utils_framework_Resources_PrivacyInfo_xcprivacy["PrivacyInfo.xcprivacy"]\n    Root --> node_venv["venv"]\n    node_venv --> node_venv_lib["lib"]\n    node_venv_lib --> node_venv_lib_python3_12["python3.12"]\n    node_venv_lib_python3_12 --> node_venv_lib_python3_12_site-packages["site-packages"]\n    node_venv_lib_python3_12_site-packages --> node_venv_lib_python3_12_site-packages_PyQt6["PyQt6"]\n    node_venv_lib_python3_12_site-packages_PyQt6 --> node_venv_lib_python3_12_site-packages_PyQt6_Qt6["Qt6"]\n    node_venv_lib_python3_12_site-packages_PyQt6_Qt6 --> node_venv_lib_python3_12_site-packages_PyQt6_Qt6_lib["lib"]\n    node_venv_lib_python3_12_site-packages_PyQt6_Qt6_lib --> node_venv_lib_python3_12_site-packages_PyQt6_Qt6_lib_QtQuickDialogs2Utils_framework["QtQuickDialogs2Utils.framework"]\n    node_venv_lib_python3_12_site-packages_PyQt6_Qt6_lib_QtQuickDialogs2Utils_framework --> node_venv_lib_python3_12_site-packages_PyQt6_Qt6_lib_QtQuickDialogs2Utils_framework_Versions["Versions"]\n    node_venv_lib_python3_12_site-packages_PyQt6_Qt6_lib_QtQuickDialogs2Utils_framework_Versions --> node_venv_lib_python3_12_site-packages_PyQt6_Qt6_lib_QtQuickDialogs2Utils_framework_Versions_A["A"]\n    node_venv_lib_python3_12_site-packages_PyQt6_Qt6_lib_QtQuickDialogs2Utils_framework_Versions_A --> node_venv_lib_python3_12_site-packages_PyQt6_Qt6_lib_QtQuickDialogs2Utils_framework_Versions_A_QtQuickDialogs2Utils["QtQuickDialogs2Utils"]\n    Root --> node_venv["venv"]\n    node_venv --> node_venv_lib["lib"]\n    node_venv_lib --> node_venv_lib_python3_12["python3.12"]\n    node_venv_lib_python3_12 --> node_venv_lib_python3_12_site-packages["site-packages"]\n    node_venv_lib_python3_12_site-packages --> node_venv_lib_python3_12_site-packages_PyQt6["PyQt6"]\n    node_venv_lib_python3_12_site-packages_PyQt6 --> node_venv_lib_python3_12_site-packages_PyQt6_Qt6["Qt6"]\n    node_venv_lib_python3_12_site-packages_PyQt6_Qt6 --> node_venv_lib_python3_12_site-packages_PyQt6_Qt6_lib["lib"]\n    node_venv_lib_python3_12_site-packages_PyQt6_Qt6_lib --> node_venv_lib_python3_12_site-packages_PyQt6_Qt6_lib_QtXml_framework["QtXml.framework"]\n    node_venv_lib_python3_12_site-packages_PyQt6_Qt6_lib_QtXml_framework --> node_venv_lib_python3_12_site-packages_PyQt6_Qt6_lib_QtXml_framework_Resources["Resources"]\n    node_venv_lib_python3_12_site-packages_PyQt6_Qt6_lib_QtXml_framework_Resources --> node_venv_lib_python3_12_site-packages_PyQt6_Qt6_lib_QtXml_framework_Resources_Info_plist["Info.plist"]\n    Root --> node_venv["venv"]\n    node_venv --> node_venv_lib["lib"]\n    node_venv_lib --> node_venv_lib_python3_12["python3.12"]\n    node_venv_lib_python3_12 --> node_venv_lib_python3_12_site-packages["site-packages"]\n    node_venv_lib_python3_12_site-packages --> node_venv_lib_python3_12_site-packages_PyQt6["PyQt6"]\n    node_venv_lib_python3_12_site-packages_PyQt6 --> node_venv_lib_python3_12_site-packages_PyQt6_Qt6["Qt6"]\n    node_venv_lib_python3_12_site-packages_PyQt6_Qt6 --> node_venv_lib_python3_12_site-packages_PyQt6_Qt6_lib["lib"]\n    node_venv_lib_python3_12_site-packages_PyQt6_Qt6_lib --> node_venv_lib_python3_12_site-packages_PyQt6_Qt6_lib_QtXml_framework["QtXml.framework"]\n    node_venv_lib_python3_12_site-packages_PyQt6_Qt6_lib_QtXml_framework --> node_venv_lib_python3_12_site-packages_PyQt6_Qt6_lib_QtXml_framework_Resources["Resources"]\n    node_venv_lib_python3_12_site-packages_PyQt6_Qt6_lib_QtXml_framework_Resources --> node_venv_lib_python3_12_site-packages_PyQt6_Qt6_lib_QtXml_framework_Resources_PrivacyInfo_xcprivacy["PrivacyInfo.xcprivacy"]\n    Root --> node_venv["venv"]\n    node_venv --> node_venv_lib["lib"]\n    node_venv_lib --> node_venv_lib_python3_12["python3.12"]\n    node_venv_lib_python3_12 --> node_venv_lib_python3_12_site-packages["site-packages"]\n    node_venv_lib_python3_12_site-packages --> node_venv_lib_python3_12_site-packages_PyQt6["PyQt6"]\n    node_venv_lib_python3_12_site-packages_PyQt6 --> node_venv_lib_python3_12_site-packages_PyQt6_Qt6["Qt6"]\n    node_venv_lib_python3_12_site-packages_PyQt6_Qt6 --> node_venv_lib_python3_12_site-packages_PyQt6_Qt6_lib["lib"]\n    node_venv_lib_python3_12_site-packages_PyQt6_Qt6_lib --> node_venv_lib_python3_12_site-packages_PyQt6_Qt6_lib_QtXml_framework["QtXml.framework"]\n    node_venv_lib_python3_12_site-packages_PyQt6_Qt6_lib_QtXml_framework --> node_venv_lib_python3_12_site-packages_PyQt6_Qt6_lib_QtXml_framework_Versions["Versions"]\n    node_venv_lib_python3_12_site-packages_PyQt6_Qt6_lib_QtXml_framework_Versions --> node_venv_lib_python3_12_site-packages_PyQt6_Qt6_lib_QtXml_framework_Versions_A["A"]\n    node_venv_lib_python3_12_site-packages_PyQt6_Qt6_lib_QtXml_framework_Versions_A --> node_venv_lib_python3_12_site-packages_PyQt6_Qt6_lib_QtXml_framework_Versions_A_QtXml["QtXml"]\n    Root --> node_venv["venv"]\n    node_venv --> node_venv_lib["lib"]\n    node_venv_lib --> node_venv_lib_python3_12["python3.12"]\n    node_venv_lib_python3_12 --> node_venv_lib_python3_12_site-packages["site-packages"]\n    node_venv_lib_python3_12_site-packages --> node_venv_lib_python3_12_site-packages_PyQt6["PyQt6"]\n    node_venv_lib_python3_12_site-packages_PyQt6 --> node_venv_lib_python3_12_site-packages_PyQt6_Qt6["Qt6"]\n    node_venv_lib_python3_12_site-packages_PyQt6_Qt6 --> node_venv_lib_python3_12_site-packages_PyQt6_Qt6_lib["lib"]\n    node_venv_lib_python3_12_site-packages_PyQt6_Qt6_lib --> node_venv_lib_python3_12_site-packages_PyQt6_Qt6_lib_QtQuick3DParticles_framework["QtQuick3DParticles.framework"]\n    node_venv_lib_python3_12_site-packages_PyQt6_Qt6_lib_QtQuick3DParticles_framework --> node_venv_lib_python3_12_site-packages_PyQt6_Qt6_lib_QtQuick3DParticles_framework_Resources["Resources"]\n    node_venv_lib_python3_12_site-packages_PyQt6_Qt6_lib_QtQuick3DParticles_framework_Resources --> node_venv_lib_python3_12_site-packages_PyQt6_Qt6_lib_QtQuick3DParticles_framework_Resources_Info_plist["Info.plist"]\n    Root --> node_venv["venv"]\n    node_venv --> node_venv_lib["lib"]\n    node_venv_lib --> node_venv_lib_python3_12["python3.12"]\n    node_venv_lib_python3_12 --> node_venv_lib_python3_12_site-packages["site-packages"]\n    node_venv_lib_python3_12_site-packages --> node_venv_lib_python3_12_site-packages_PyQt6["PyQt6"]\n    node_venv_lib_python3_12_site-packages_PyQt6 --> node_venv_lib_python3_12_site-packages_PyQt6_Qt6["Qt6"]\n    node_venv_lib_python3_12_site-packages_PyQt6_Qt6 --> node_venv_lib_python3_12_site-packages_PyQt6_Qt6_lib["lib"]\n    node_venv_lib_python3_12_site-packages_PyQt6_Qt6_lib --> node_venv_lib_python3_12_site-packages_PyQt6_Qt6_lib_QtQuick3DParticles_framework["QtQuick3DParticles.framework"]\n    node_venv_lib_python3_12_site-packages_PyQt6_Qt6_lib_QtQuick3DParticles_framework --> node_venv_lib_python3_12_site-packages_PyQt6_Qt6_lib_QtQuick3DParticles_framework_Resources["Resources"]\n    node_venv_lib_python3_12_site-packages_PyQt6_Qt6_lib_QtQuick3DParticles_framework_Resources --> node_venv_lib_python3_12_site-packages_PyQt6_Qt6_lib_QtQuick3DParticles_framework_Resources_PrivacyInfo_xcprivacy["PrivacyInfo.xcprivacy"]\n    Root --> node_venv["venv"]\n    node_venv --> node_venv_lib["lib"]\n    node_venv_lib --> node_venv_lib_python3_12["python3.12"]\n    node_venv_lib_python3_12 --> node_venv_lib_python3_12_site-packages["site-packages"]\n    node_venv_lib_python3_12_site-packages --> node_venv_lib_python3_12_site-packages_PyQt6["PyQt6"]\n    node_venv_lib_python3_12_site-packages_PyQt6 --> node_venv_lib_python3_12_site-packages_PyQt6_Qt6["Qt6"]\n    node_venv_lib_python3_12_site-packages_PyQt6_Qt6 --> node_venv_lib_python3_12_site-packages_PyQt6_Qt6_lib["lib"]\n    node_venv_lib_python3_12_site-packages_PyQt6_Qt6_lib --> node_venv_lib_python3_12_site-packages_PyQt6_Qt6_lib_QtQuick3DParticles_framework["QtQuick3DParticles.framework"]\n    node_venv_lib_python3_12_site-packages_PyQt6_Qt6_lib_QtQuick3DParticles_framework --> node_venv_lib_python3_12_site-packages_PyQt6_Qt6_lib_QtQuick3DParticles_framework_Versions["Versions"]\n    node_venv_lib_python3_12_site-packages_PyQt6_Qt6_lib_QtQuick3DParticles_framework_Versions --> node_venv_lib_python3_12_site-packages_PyQt6_Qt6_lib_QtQuick3DParticles_framework_Versions_A["A"]\n    node_venv_lib_python3_12_site-packages_PyQt6_Qt6_lib_QtQuick3DParticles_framework_Versions_A --> node_venv_lib_python3_12_site-packages_PyQt6_Qt6_lib_QtQuick3DParticles_framework_Versions_A_QtQuick3DParticles["QtQuick3DParticles"]\n    Root --> node_venv["venv"]\n    node_venv --> node_venv_lib["lib"]\n    node_venv_lib --> node_venv_lib_python3_12["python3.12"]\n    node_venv_lib_python3_12 --> node_venv_lib_python3_12_site-packages["site-packages"]\n    node_venv_lib_python3_12_site-packages --> node_venv_lib_python3_12_site-packages_PyQt6["PyQt6"]\n    node_venv_lib_python3_12_site-packages_PyQt6 --> node_venv_lib_python3_12_site-packages_PyQt6_Qt6["Qt6"]\n    node_venv_lib_python3_12_site-packages_PyQt6_Qt6 --> node_venv_lib_python3_12_site-packages_PyQt6_Qt6_lib["lib"]\n    node_venv_lib_python3_12_site-packages_PyQt6_Qt6_lib --> node_venv_lib_python3_12_site-packages_PyQt6_Qt6_lib_QtSerialPort_framework["QtSerialPort.framework"]\n    node_venv_lib_python3_12_site-packages_PyQt6_Qt6_lib_QtSerialPort_framework --> node_venv_lib_python3_12_site-packages_PyQt6_Qt6_lib_QtSerialPort_framework_Resources["Resources"]\n    node_venv_lib_python3_12_site-packages_PyQt6_Qt6_lib_QtSerialPort_framework_Resources --> node_venv_lib_python3_12_site-packages_PyQt6_Qt6_lib_QtSerialPort_framework_Resources_Info_plist["Info.plist"]\n    Root --> node_venv["venv"]\n    node_venv --> node_venv_lib["lib"]\n    node_venv_lib --> node_venv_lib_python3_12["python3.12"]\n    node_venv_lib_python3_12 --> node_venv_lib_python3_12_site-packages["site-packages"]\n    node_venv_lib_python3_12_site-packages --> node_venv_lib_python3_12_site-packages_PyQt6["PyQt6"]\n    node_venv_lib_python3_12_site-packages_PyQt6 --> node_venv_lib_python3_12_site-packages_PyQt6_Qt6["Qt6"]\n    node_venv_lib_python3_12_site-packages_PyQt6_Qt6 --> node_venv_lib_python3_12_site-packages_PyQt6_Qt6_lib["lib"]\n    node_venv_lib_python3_12_site-packages_PyQt6_Qt6_lib --> node_venv_lib_python3_12_site-packages_PyQt6_Qt6_lib_QtSerialPort_framework["QtSerialPort.framework"]\n    node_venv_lib_python3_12_site-packages_PyQt6_Qt6_lib_QtSerialPort_framework --> node_venv_lib_python3_12_site-packages_PyQt6_Qt6_lib_QtSerialPort_framework_Resources["Resources"]\n    node_venv_lib_python3_12_site-packages_PyQt6_Qt6_lib_QtSerialPort_framework_Resources --> node_venv_lib_python3_12_site-packages_PyQt6_Qt6_lib_QtSerialPort_framework_Resources_PrivacyInfo_xcprivacy["PrivacyInfo.xcprivacy"]\n    Root --> node_venv["venv"]\n    node_venv --> node_venv_lib["lib"]\n    node_venv_lib --> node_venv_lib_python3_12["python3.12"]\n    node_venv_lib_python3_12 --> node_venv_lib_python3_12_site-packages["site-packages"]\n    node_venv_lib_python3_12_site-packages --> node_venv_lib_python3_12_site-packages_PyQt6["PyQt6"]\n    node_venv_lib_python3_12_site-packages_PyQt6 --> node_venv_lib_python3_12_site-packages_PyQt6_Qt6["Qt6"]\n    node_venv_lib_python3_12_site-packages_PyQt6_Qt6 --> node_venv_lib_python3_12_site-packages_PyQt6_Qt6_lib["lib"]\n    node_venv_lib_python3_12_site-packages_PyQt6_Qt6_lib --> node_venv_lib_python3_12_site-packages_PyQt6_Qt6_lib_QtSerialPort_framework["QtSerialPort.framework"]\n    node_venv_lib_python3_12_site-packages_PyQt6_Qt6_lib_QtSerialPort_framework --> node_venv_lib_python3_12_site-packages_PyQt6_Qt6_lib_QtSerialPort_framework_Versions["Versions"]\n    node_venv_lib_python3_12_site-packages_PyQt6_Qt6_lib_QtSerialPort_framework_Versions --> node_venv_lib_python3_12_site-packages_PyQt6_Qt6_lib_QtSerialPort_framework_Versions_A["A"]\n    node_venv_lib_python3_12_site-packages_PyQt6_Qt6_lib_QtSerialPort_framework_Versions_A --> node_venv_lib_python3_12_site-packages_PyQt6_Qt6_lib_QtSerialPort_framework_Versions_A_QtSerialPort["QtSerialPort"]\n    Root --> node_venv["venv"]\n    node_venv --> node_venv_lib["lib"]\n    node_venv_lib --> node_venv_lib_python3_12["python3.12"]\n    node_venv_lib_python3_12 --> node_venv_lib_python3_12_site-packages["site-packages"]\n    node_venv_lib_python3_12_site-packages --> node_venv_lib_python3_12_site-packages_PyQt6["PyQt6"]\n    node_venv_lib_python3_12_site-packages_PyQt6 --> node_venv_lib_python3_12_site-packages_PyQt6_Qt6["Qt6"]\n    node_venv_lib_python3_12_site-packages_PyQt6_Qt6 --> node_venv_lib_python3_12_site-packages_PyQt6_Qt6_lib["lib"]\n    node_venv_lib_python3_12_site-packages_PyQt6_Qt6_lib --> node_venv_lib_python3_12_site-packages_PyQt6_Qt6_lib_QtQuick_framework["QtQuick.framework"]\n    node_venv_lib_python3_12_site-packages_PyQt6_Qt6_lib_QtQuick_framework --> node_venv_lib_python3_12_site-packages_PyQt6_Qt6_lib_QtQuick_framework_Resources["Resources"]\n    node_venv_lib_python3_12_site-packages_PyQt6_Qt6_lib_QtQuick_framework_Resources --> node_venv_lib_python3_12_site-packages_PyQt6_Qt6_lib_QtQuick_framework_Resources_Info_plist["Info.plist"]\n    Root --> node_venv["venv"]\n    node_venv --> node_venv_lib["lib"]\n    node_venv_lib --> node_venv_lib_python3_12["python3.12"]\n    node_venv_lib_python3_12 --> node_venv_lib_python3_12_site-packages["site-packages"]\n    node_venv_lib_python3_12_site-packages --> node_venv_lib_python3_12_site-packages_PyQt6["PyQt6"]\n    node_venv_lib_python3_12_site-packages_PyQt6 --> node_venv_lib_python3_12_site-packages_PyQt6_Qt6["Qt6"]\n    node_venv_lib_python3_12_site-packages_PyQt6_Qt6 --> node_venv_lib_python3_12_site-packages_PyQt6_Qt6_lib["lib"]\n    node_venv_lib_python3_12_site-packages_PyQt6_Qt6_lib --> node_venv_lib_python3_12_site-packages_PyQt6_Qt6_lib_QtQuick_framework["QtQuick.framework"]\n    node_venv_lib_python3_12_site-packages_PyQt6_Qt6_lib_QtQuick_framework --> node_venv_lib_python3_12_site-packages_PyQt6_Qt6_lib_QtQuick_framework_Resources["Resources"]\n    node_venv_lib_python3_12_site-packages_PyQt6_Qt6_lib_QtQuick_framework_Resources --> node_venv_lib_python3_12_site-packages_PyQt6_Qt6_lib_QtQuick_framework_Resources_PrivacyInfo_xcprivacy["PrivacyInfo.xcprivacy"]\n    Root --> node_venv["venv"]\n    node_venv --> node_venv_lib["lib"]\n    node_venv_lib --> node_venv_lib_python3_12["python3.12"]\n    node_venv_lib_python3_12 --> node_venv_lib_python3_12_site-packages["site-packages"]\n    node_venv_lib_python3_12_site-packages --> node_venv_lib_python3_12_site-packages_PyQt6["PyQt6"]\n    node_venv_lib_python3_12_site-packages_PyQt6 --> node_venv_lib_python3_12_site-packages_PyQt6_Qt6["Qt6"]\n    node_venv_lib_python3_12_site-packages_PyQt6_Qt6 --> node_venv_lib_python3_12_site-packages_PyQt6_Qt6_lib["lib"]\n    node_venv_lib_python3_12_site-packages_PyQt6_Qt6_lib --> node_venv_lib_python3_12_site-packages_PyQt6_Qt6_lib_QtQuick_framework["QtQuick.framework"]\n    node_venv_lib_python3_12_site-packages_PyQt6_Qt6_lib_QtQuick_framework --> node_venv_lib_python3_12_site-packages_PyQt6_Qt6_lib_QtQuick_framework_Versions["Versions"]\n    node_venv_lib_python3_12_site-packages_PyQt6_Qt6_lib_QtQuick_framework_Versions --> node_venv_lib_python3_12_site-packages_PyQt6_Qt6_lib_QtQuick_framework_Versions_A["A"]\n    node_venv_lib_python3_12_site-packages_PyQt6_Qt6_lib_QtQuick_framework_Versions_A --> node_venv_lib_python3_12_site-packages_PyQt6_Qt6_lib_QtQuick_framework_Versions_A_QtQuick["QtQuick"]\n    Root --> node_venv["venv"]\n    node_venv --> node_venv_lib["lib"]\n    node_venv_lib --> node_venv_lib_python3_12["python3.12"]\n    node_venv_lib_python3_12 --> node_venv_lib_python3_12_site-packages["site-packages"]\n    node_venv_lib_python3_12_site-packages --> node_venv_lib_python3_12_site-packages_PyQt6["PyQt6"]\n    node_venv_lib_python3_12_site-packages_PyQt6 --> node_venv_lib_python3_12_site-packages_PyQt6_Qt6["Qt6"]\n    node_venv_lib_python3_12_site-packages_PyQt6_Qt6 --> node_venv_lib_python3_12_site-packages_PyQt6_Qt6_lib["lib"]\n    node_venv_lib_python3_12_site-packages_PyQt6_Qt6_lib --> node_venv_lib_python3_12_site-packages_PyQt6_Qt6_lib_QtQuickEffects_framework["QtQuickEffects.framework"]\n    node_venv_lib_python3_12_site-packages_PyQt6_Qt6_lib_QtQuickEffects_framework --> node_venv_lib_python3_12_site-packages_PyQt6_Qt6_lib_QtQuickEffects_framework_Resources["Resources"]\n    node_venv_lib_python3_12_site-packages_PyQt6_Qt6_lib_QtQuickEffects_framework_Resources --> node_venv_lib_python3_12_site-packages_PyQt6_Qt6_lib_QtQuickEffects_framework_Resources_Info_plist["Info.plist"]\n    Root --> node_venv["venv"]\n    node_venv --> node_venv_lib["lib"]\n    node_venv_lib --> node_venv_lib_python3_12["python3.12"]\n    node_venv_lib_python3_12 --> node_venv_lib_python3_12_site-packages["site-packages"]\n    node_venv_lib_python3_12_site-packages --> node_venv_lib_python3_12_site-packages_PyQt6["PyQt6"]\n    node_venv_lib_python3_12_site-packages_PyQt6 --> node_venv_lib_python3_12_site-packages_PyQt6_Qt6["Qt6"]\n    node_venv_lib_python3_12_site-packages_PyQt6_Qt6 --> node_venv_lib_python3_12_site-packages_PyQt6_Qt6_lib["lib"]\n    node_venv_lib_python3_12_site-packages_PyQt6_Qt6_lib --> node_venv_lib_python3_12_site-packages_PyQt6_Qt6_lib_QtQuickEffects_framework["QtQuickEffects.framework"]\n    node_venv_lib_python3_12_site-packages_PyQt6_Qt6_lib_QtQuickEffects_framework --> node_venv_lib_python3_12_site-packages_PyQt6_Qt6_lib_QtQuickEffects_framework_Resources["Resources"]\n    node_venv_lib_python3_12_site-packages_PyQt6_Qt6_lib_QtQuickEffects_framework_Resources --> node_venv_lib_python3_12_site-packages_PyQt6_Qt6_lib_QtQuickEffects_framework_Resources_PrivacyInfo_xcprivacy["PrivacyInfo.xcprivacy"]\n    Root --> node_venv["venv"]\n    node_venv --> node_venv_lib["lib"]\n    node_venv_lib --> node_venv_lib_python3_12["python3.12"]\n    node_venv_lib_python3_12 --> node_venv_lib_python3_12_site-packages["site-packages"]\n    node_venv_lib_python3_12_site-packages --> node_venv_lib_python3_12_site-packages_PyQt6["PyQt6"]\n    node_venv_lib_python3_12_site-packages_PyQt6 --> node_venv_lib_python3_12_site-packages_PyQt6_Qt6["Qt6"]\n    node_venv_lib_python3_12_site-packages_PyQt6_Qt6 --> node_venv_lib_python3_12_site-packages_PyQt6_Qt6_lib["lib"]\n    node_venv_lib_python3_12_site-packages_PyQt6_Qt6_lib --> node_venv_lib_python3_12_site-packages_PyQt6_Qt6_lib_QtQuickEffects_framework["QtQuickEffects.framework"]\n    node_venv_lib_python3_12_site-packages_PyQt6_Qt6_lib_QtQuickEffects_framework --> node_venv_lib_python3_12_site-packages_PyQt6_Qt6_lib_QtQuickEffects_framework_Versions["Versions"]\n    node_venv_lib_python3_12_site-packages_PyQt6_Qt6_lib_QtQuickEffects_framework_Versions --> node_venv_lib_python3_12_site-packages_PyQt6_Qt6_lib_QtQuickEffects_framework_Versions_A["A"]\n    node_venv_lib_python3_12_site-packages_PyQt6_Qt6_lib_QtQuickEffects_framework_Versions_A --> node_venv_lib_python3_12_site-packages_PyQt6_Qt6_lib_QtQuickEffects_framework_Versions_A_QtQuickEffects["QtQuickEffects"]\n    Root --> node_venv["venv"]\n    node_venv --> node_venv_lib["lib"]\n    node_venv_lib --> node_venv_lib_python3_12["python3.12"]\n    node_venv_lib_python3_12 --> node_venv_lib_python3_12_site-packages["site-packages"]\n    node_venv_lib_python3_12_site-packages --> node_venv_lib_python3_12_site-packages_PyQt6["PyQt6"]\n    node_venv_lib_python3_12_site-packages_PyQt6 --> node_venv_lib_python3_12_site-packages_PyQt6_Qt6["Qt6"]\n    node_venv_lib_python3_12_site-packages_PyQt6_Qt6 --> node_venv_lib_python3_12_site-packages_PyQt6_Qt6_lib["lib"]\n    node_venv_lib_python3_12_site-packages_PyQt6_Qt6_lib --> node_venv_lib_python3_12_site-packages_PyQt6_Qt6_lib_QtQuickTimelineBlendTrees_framework["QtQuickTimelineBlendTrees.framework"]\n    node_venv_lib_python3_12_site-packages_PyQt6_Qt6_lib_QtQuickTimelineBlendTrees_framework --> node_venv_lib_python3_12_site-packages_PyQt6_Qt6_lib_QtQuickTimelineBlendTrees_framework_Resources["Resources"]\n    node_venv_lib_python3_12_site-packages_PyQt6_Qt6_lib_QtQuickTimelineBlendTrees_framework_Resources --> node_venv_lib_python3_12_site-packages_PyQt6_Qt6_lib_QtQuickTimelineBlendTrees_framework_Resources_Info_plist["Info.plist"]\n    Root --> node_venv["venv"]\n    node_venv --> node_venv_lib["lib"]\n    node_venv_lib --> node_venv_lib_python3_12["python3.12"]\n    node_venv_lib_python3_12 --> node_venv_lib_python3_12_site-packages["site-packages"]\n    node_venv_lib_python3_12_site-packages --> node_venv_lib_python3_12_site-packages_PyQt6["PyQt6"]\n    node_venv_lib_python3_12_site-packages_PyQt6 --> node_venv_lib_python3_12_site-packages_PyQt6_Qt6["Qt6"]\n    node_venv_lib_python3_12_site-packages_PyQt6_Qt6 --> node_venv_lib_python3_12_site-packages_PyQt6_Qt6_lib["lib"]\n    node_venv_lib_python3_12_site-packages_PyQt6_Qt6_lib --> node_venv_lib_python3_12_site-packages_PyQt6_Qt6_lib_QtQuickTimelineBlendTrees_framework["QtQuickTimelineBlendTrees.framework"]\n    node_venv_lib_python3_12_site-packages_PyQt6_Qt6_lib_QtQuickTimelineBlendTrees_framework --> node_venv_lib_python3_12_site-packages_PyQt6_Qt6_lib_QtQuickTimelineBlendTrees_framework_Resources["Resources"]\n    node_venv_lib_python3_12_site-packages_PyQt6_Qt6_lib_QtQuickTimelineBlendTrees_framework_Resources --> node_venv_lib_python3_12_site-packages_PyQt6_Qt6_lib_QtQuickTimelineBlendTrees_framework_Resources_PrivacyInfo_xcprivacy["PrivacyInfo.xcprivacy"]\n    Root --> node_venv["venv"]\n    node_venv --> node_venv_lib["lib"]\n    node_venv_lib --> node_venv_lib_python3_12["python3.12"]\n    node_venv_lib_python3_12 --> node_venv_lib_python3_12_site-packages["site-packages"]\n    node_venv_lib_python3_12_site-packages --> node_venv_lib_python3_12_site-packages_PyQt6["PyQt6"]\n    node_venv_lib_python3_12_site-packages_PyQt6 --> node_venv_lib_python3_12_site-packages_PyQt6_Qt6["Qt6"]\n    node_venv_lib_python3_12_site-packages_PyQt6_Qt6 --> node_venv_lib_python3_12_site-packages_PyQt6_Qt6_lib["lib"]\n    node_venv_lib_python3_12_site-packages_PyQt6_Qt6_lib --> node_venv_lib_python3_12_site-packages_PyQt6_Qt6_lib_QtQuickTimelineBlendTrees_framework["QtQuickTimelineBlendTrees.framework"]\n    node_venv_lib_python3_12_site-packages_PyQt6_Qt6_lib_QtQuickTimelineBlendTrees_framework --> node_venv_lib_python3_12_site-packages_PyQt6_Qt6_lib_QtQuickTimelineBlendTrees_framework_Versions["Versions"]\n    node_venv_lib_python3_12_site-packages_PyQt6_Qt6_lib_QtQuickTimelineBlendTrees_framework_Versions --> node_venv_lib_python3_12_site-packages_PyQt6_Qt6_lib_QtQuickTimelineBlendTrees_framework_Versions_A["A"]\n    node_venv_lib_python3_12_site-packages_PyQt6_Qt6_lib_QtQuickTimelineBlendTrees_framework_Versions_A --> node_venv_lib_python3_12_site-packages_PyQt6_Qt6_lib_QtQuickTimelineBlendTrees_framework_Versions_A_QtQuickTimelineBlendTrees["QtQuickTimelineBlendTrees"]\n    Root --> node_venv["venv"]\n    node_venv --> node_venv_lib["lib"]\n    node_venv_lib --> node_venv_lib_python3_12["python3.12"]\n    node_venv_lib_python3_12 --> node_venv_lib_python3_12_site-packages["site-packages"]\n    node_venv_lib_python3_12_site-packages --> node_venv_lib_python3_12_site-packages_PyQt6["PyQt6"]\n    node_venv_lib_python3_12_site-packages_PyQt6 --> node_venv_lib_python3_12_site-packages_PyQt6_Qt6["Qt6"]\n    node_venv_lib_python3_12_site-packages_PyQt6_Qt6 --> node_venv_lib_python3_12_site-packages_PyQt6_Qt6_lib["lib"]\n    node_venv_lib_python3_12_site-packages_PyQt6_Qt6_lib --> node_venv_lib_python3_12_site-packages_PyQt6_Qt6_lib_QtCore_framework["QtCore.framework"]\n    node_venv_lib_python3_12_site-packages_PyQt6_Qt6_lib_QtCore_framework --> node_venv_lib_python3_12_site-packages_PyQt6_Qt6_lib_QtCore_framework_Resources["Resources"]\n    node_venv_lib_python3_12_site-packages_PyQt6_Qt6_lib_QtCore_framework_Resources --> node_venv_lib_python3_12_site-packages_PyQt6_Qt6_lib_QtCore_framework_Resources_Info_plist["Info.plist"]\n    Root --> node_venv["venv"]\n    node_venv --> node_venv_lib["lib"]\n    node_venv_lib --> node_venv_lib_python3_12["python3.12"]\n    node_venv_lib_python3_12 --> node_venv_lib_python3_12_site-packages["site-packages"]\n    node_venv_lib_python3_12_site-packages --> node_venv_lib_python3_12_site-packages_PyQt6["PyQt6"]\n    node_venv_lib_python3_12_site-packages_PyQt6 --> node_venv_lib_python3_12_site-packages_PyQt6_Qt6["Qt6"]\n    node_venv_lib_python3_12_site-packages_PyQt6_Qt6 --> node_venv_lib_python3_12_site-packages_PyQt6_Qt6_lib["lib"]\n    node_venv_lib_python3_12_site-packages_PyQt6_Qt6_lib --> node_venv_lib_python3_12_site-packages_PyQt6_Qt6_lib_QtCore_framework["QtCore.framework"]\n    node_venv_lib_python3_12_site-packages_PyQt6_Qt6_lib_QtCore_framework --> node_venv_lib_python3_12_site-packages_PyQt6_Qt6_lib_QtCore_framework_Resources["Resources"]\n    node_venv_lib_python3_12_site-packages_PyQt6_Qt6_lib_QtCore_framework_Resources --> node_venv_lib_python3_12_site-packages_PyQt6_Qt6_lib_QtCore_framework_Resources_PrivacyInfo_xcprivacy["PrivacyInfo.xcprivacy"]\n    Root --> node_venv["venv"]\n    node_venv --> node_venv_lib["lib"]\n    node_venv_lib --> node_venv_lib_python3_12["python3.12"]\n    node_venv_lib_python3_12 --> node_venv_lib_python3_12_site-packages["site-packages"]\n    node_venv_lib_python3_12_site-packages --> node_venv_lib_python3_12_site-packages_PyQt6["PyQt6"]\n    node_venv_lib_python3_12_site-packages_PyQt6 --> node_venv_lib_python3_12_site-packages_PyQt6_Qt6["Qt6"]\n    node_venv_lib_python3_12_site-packages_PyQt6_Qt6 --> node_venv_lib_python3_12_site-packages_PyQt6_Qt6_lib["lib"]\n    node_venv_lib_python3_12_site-packages_PyQt6_Qt6_lib --> node_venv_lib_python3_12_site-packages_PyQt6_Qt6_lib_QtCore_framework["QtCore.framework"]\n    node_venv_lib_python3_12_site-packages_PyQt6_Qt6_lib_QtCore_framework --> node_venv_lib_python3_12_site-packages_PyQt6_Qt6_lib_QtCore_framework_Versions["Versions"]\n    node_venv_lib_python3_12_site-packages_PyQt6_Qt6_lib_QtCore_framework_Versions --> node_venv_lib_python3_12_site-packages_PyQt6_Qt6_lib_QtCore_framework_Versions_A["A"]\n    node_venv_lib_python3_12_site-packages_PyQt6_Qt6_lib_QtCore_framework_Versions_A --> node_venv_lib_python3_12_site-packages_PyQt6_Qt6_lib_QtCore_framework_Versions_A_QtCore["QtCore"]\n    Root --> node_venv["venv"]\n    node_venv --> node_venv_lib["lib"]\n    node_venv_lib --> node_venv_lib_python3_12["python3.12"]\n    node_venv_lib_python3_12 --> node_venv_lib_python3_12_site-packages["site-packages"]\n    node_venv_lib_python3_12_site-packages --> node_venv_lib_python3_12_site-packages_PyQt6["PyQt6"]\n    node_venv_lib_python3_12_site-packages_PyQt6 --> node_venv_lib_python3_12_site-packages_PyQt6_Qt6["Qt6"]\n    node_venv_lib_python3_12_site-packages_PyQt6_Qt6 --> node_venv_lib_python3_12_site-packages_PyQt6_Qt6_lib["lib"]\n    node_venv_lib_python3_12_site-packages_PyQt6_Qt6_lib --> node_venv_lib_python3_12_site-packages_PyQt6_Qt6_lib_QtQuickDialogs2QuickImpl_framework["QtQuickDialogs2QuickImpl.framework"]\n    node_venv_lib_python3_12_site-packages_PyQt6_Qt6_lib_QtQuickDialogs2QuickImpl_framework --> node_venv_lib_python3_12_site-packages_PyQt6_Qt6_lib_QtQuickDialogs2QuickImpl_framework_Resources["Resources"]\n    node_venv_lib_python3_12_site-packages_PyQt6_Qt6_lib_QtQuickDialogs2QuickImpl_framework_Resources --> node_venv_lib_python3_12_site-packages_PyQt6_Qt6_lib_QtQuickDialogs2QuickImpl_framework_Resources_Info_plist["Info.plist"]\n    Root --> node_venv["venv"]\n    node_venv --> node_venv_lib["lib"]\n    node_venv_lib --> node_venv_lib_python3_12["python3.12"]\n    node_venv_lib_python3_12 --> node_venv_lib_python3_12_site-packages["site-packages"]\n    node_venv_lib_python3_12_site-packages --> node_venv_lib_python3_12_site-packages_PyQt6["PyQt6"]\n    node_venv_lib_python3_12_site-packages_PyQt6 --> node_venv_lib_python3_12_site-packages_PyQt6_Qt6["Qt6"]\n    node_venv_lib_python3_12_site-packages_PyQt6_Qt6 --> node_venv_lib_python3_12_site-packages_PyQt6_Qt6_lib["lib"]\n    node_venv_lib_python3_12_site-packages_PyQt6_Qt6_lib --> node_venv_lib_python3_12_site-packages_PyQt6_Qt6_lib_QtQuickDialogs2QuickImpl_framework["QtQuickDialogs2QuickImpl.framework"]\n    node_venv_lib_python3_12_site-packages_PyQt6_Qt6_lib_QtQuickDialogs2QuickImpl_framework --> node_venv_lib_python3_12_site-packages_PyQt6_Qt6_lib_QtQuickDialogs2QuickImpl_framework_Resources["Resources"]\n    node_venv_lib_python3_12_site-packages_PyQt6_Qt6_lib_QtQuickDialogs2QuickImpl_framework_Resources --> node_venv_lib_python3_12_site-packages_PyQt6_Qt6_lib_QtQuickDialogs2QuickImpl_framework_Resources_PrivacyInfo_xcprivacy["PrivacyInfo.xcprivacy"]\n    Root --> node_venv["venv"]\n    node_venv --> node_venv_lib["lib"]\n    node_venv_lib --> node_venv_lib_python3_12["python3.12"]\n    node_venv_lib_python3_12 --> node_venv_lib_python3_12_site-packages["site-packages"]\n    node_venv_lib_python3_12_site-packages --> node_venv_lib_python3_12_site-packages_PyQt6["PyQt6"]\n    node_venv_lib_python3_12_site-packages_PyQt6 --> node_venv_lib_python3_12_site-packages_PyQt6_Qt6["Qt6"]\n    node_venv_lib_python3_12_site-packages_PyQt6_Qt6 --> node_venv_lib_python3_12_site-packages_PyQt6_Qt6_lib["lib"]\n    node_venv_lib_python3_12_site-packages_PyQt6_Qt6_lib --> node_venv_lib_python3_12_site-packages_PyQt6_Qt6_lib_QtQuickDialogs2QuickImpl_framework["QtQuickDialogs2QuickImpl.framework"]\n    node_venv_lib_python3_12_site-packages_PyQt6_Qt6_lib_QtQuickDialogs2QuickImpl_framework --> node_venv_lib_python3_12_site-packages_PyQt6_Qt6_lib_QtQuickDialogs2QuickImpl_framework_Versions["Versions"]\n    node_venv_lib_python3_12_site-packages_PyQt6_Qt6_lib_QtQuickDialogs2QuickImpl_framework_Versions --> node_venv_lib_python3_12_site-packages_PyQt6_Qt6_lib_QtQuickDialogs2QuickImpl_framework_Versions_A["A"]\n    node_venv_lib_python3_12_site-packages_PyQt6_Qt6_lib_QtQuickDialogs2QuickImpl_framework_Versions_A --> node_venv_lib_python3_12_site-packages_PyQt6_Qt6_lib_QtQuickDialogs2QuickImpl_framework_Versions_A_QtQuickDialogs2QuickImpl["QtQuickDialogs2QuickImpl"]\n    Root --> node_venv["venv"]\n    node_venv --> node_venv_lib["lib"]\n    node_venv_lib --> node_venv_lib_python3_12["python3.12"]\n    node_venv_lib_python3_12 --> node_venv_lib_python3_12_site-packages["site-packages"]\n    node_venv_lib_python3_12_site-packages --> node_venv_lib_python3_12_site-packages_PyQt6["PyQt6"]\n    node_venv_lib_python3_12_site-packages_PyQt6 --> node_venv_lib_python3_12_site-packages_PyQt6_Qt6["Qt6"]\n    node_venv_lib_python3_12_site-packages_PyQt6_Qt6 --> node_venv_lib_python3_12_site-packages_PyQt6_Qt6_lib["lib"]\n    node_venv_lib_python3_12_site-packages_PyQt6_Qt6_lib --> node_venv_lib_python3_12_site-packages_PyQt6_Qt6_lib_QtQuick3DGlslParser_framework["QtQuick3DGlslParser.framework"]\n    node_venv_lib_python3_12_site-packages_PyQt6_Qt6_lib_QtQuick3DGlslParser_framework --> node_venv_lib_python3_12_site-packages_PyQt6_Qt6_lib_QtQuick3DGlslParser_framework_Resources["Resources"]\n    node_venv_lib_python3_12_site-packages_PyQt6_Qt6_lib_QtQuick3DGlslParser_framework_Resources --> node_venv_lib_python3_12_site-packages_PyQt6_Qt6_lib_QtQuick3DGlslParser_framework_Resources_Info_plist["Info.plist"]\n    Root --> node_venv["venv"]\n    node_venv --> node_venv_lib["lib"]\n    node_venv_lib --> node_venv_lib_python3_12["python3.12"]\n    node_venv_lib_python3_12 --> node_venv_lib_python3_12_site-packages["site-packages"]\n    node_venv_lib_python3_12_site-packages --> node_venv_lib_python3_12_site-packages_PyQt6["PyQt6"]\n    node_venv_lib_python3_12_site-packages_PyQt6 --> node_venv_lib_python3_12_site-packages_PyQt6_Qt6["Qt6"]\n    node_venv_lib_python3_12_site-packages_PyQt6_Qt6 --> node_venv_lib_python3_12_site-packages_PyQt6_Qt6_lib["lib"]\n    node_venv_lib_python3_12_site-packages_PyQt6_Qt6_lib --> node_venv_lib_python3_12_site-packages_PyQt6_Qt6_lib_QtQuick3DGlslParser_framework["QtQuick3DGlslParser.framework"]\n    node_venv_lib_python3_12_site-packages_PyQt6_Qt6_lib_QtQuick3DGlslParser_framework --> node_venv_lib_python3_12_site-packages_PyQt6_Qt6_lib_QtQuick3DGlslParser_framework_Resources["Resources"]\n    node_venv_lib_python3_12_site-packages_PyQt6_Qt6_lib_QtQuick3DGlslParser_framework_Resources --> node_venv_lib_python3_12_site-packages_PyQt6_Qt6_lib_QtQuick3DGlslParser_framework_Resources_PrivacyInfo_xcprivacy["PrivacyInfo.xcprivacy"]\n    Root --> node_venv["venv"]\n    node_venv --> node_venv_lib["lib"]\n    node_venv_lib --> node_venv_lib_python3_12["python3.12"]\n    node_venv_lib_python3_12 --> node_venv_lib_python3_12_site-packages["site-packages"]\n    node_venv_lib_python3_12_site-packages --> node_venv_lib_python3_12_site-packages_PyQt6["PyQt6"]\n    node_venv_lib_python3_12_site-packages_PyQt6 --> node_venv_lib_python3_12_site-packages_PyQt6_Qt6["Qt6"]\n    node_venv_lib_python3_12_site-packages_PyQt6_Qt6 --> node_venv_lib_python3_12_site-packages_PyQt6_Qt6_lib["lib"]\n    node_venv_lib_python3_12_site-packages_PyQt6_Qt6_lib --> node_venv_lib_python3_12_site-packages_PyQt6_Qt6_lib_QtQuick3DGlslParser_framework["QtQuick3DGlslParser.framework"]\n    node_venv_lib_python3_12_site-packages_PyQt6_Qt6_lib_QtQuick3DGlslParser_framework --> node_venv_lib_python3_12_site-packages_PyQt6_Qt6_lib_QtQuick3DGlslParser_framework_Versions["Versions"]\n    node_venv_lib_python3_12_site-packages_PyQt6_Qt6_lib_QtQuick3DGlslParser_framework_Versions --> node_venv_lib_python3_12_site-packages_PyQt6_Qt6_lib_QtQuick3DGlslParser_framework_Versions_A["A"]\n    node_venv_lib_python3_12_site-packages_PyQt6_Qt6_lib_QtQuick3DGlslParser_framework_Versions_A --> node_venv_lib_python3_12_site-packages_PyQt6_Qt6_lib_QtQuick3DGlslParser_framework_Versions_A_QtQuick3DGlslParser["QtQuick3DGlslParser"]\n    Root --> node_venv["venv"]\n    node_venv --> node_venv_lib["lib"]\n    node_venv_lib --> node_venv_lib_python3_12["python3.12"]\n    node_venv_lib_python3_12 --> node_venv_lib_python3_12_site-packages["site-packages"]\n    node_venv_lib_python3_12_site-packages --> node_venv_lib_python3_12_site-packages_PyQt6["PyQt6"]\n    node_venv_lib_python3_12_site-packages_PyQt6 --> node_venv_lib_python3_12_site-packages_PyQt6_Qt6["Qt6"]\n    node_venv_lib_python3_12_site-packages_PyQt6_Qt6 --> node_venv_lib_python3_12_site-packages_PyQt6_Qt6_lib["lib"]\n    node_venv_lib_python3_12_site-packages_PyQt6_Qt6_lib --> node_venv_lib_python3_12_site-packages_PyQt6_Qt6_lib_QtSensorsQuick_framework["QtSensorsQuick.framework"]\n    node_venv_lib_python3_12_site-packages_PyQt6_Qt6_lib_QtSensorsQuick_framework --> node_venv_lib_python3_12_site-packages_PyQt6_Qt6_lib_QtSensorsQuick_framework_Resources["Resources"]\n    node_venv_lib_python3_12_site-packages_PyQt6_Qt6_lib_QtSensorsQuick_framework_Resources --> node_venv_lib_python3_12_site-packages_PyQt6_Qt6_lib_QtSensorsQuick_framework_Resources_Info_plist["Info.plist"]\n    Root --> node_venv["venv"]\n    node_venv --> node_venv_lib["lib"]\n    node_venv_lib --> node_venv_lib_python3_12["python3.12"]\n    node_venv_lib_python3_12 --> node_venv_lib_python3_12_site-packages["site-packages"]\n    node_venv_lib_python3_12_site-packages --> node_venv_lib_python3_12_site-packages_PyQt6["PyQt6"]\n    node_venv_lib_python3_12_site-packages_PyQt6 --> node_venv_lib_python3_12_site-packages_PyQt6_Qt6["Qt6"]\n    node_venv_lib_python3_12_site-packages_PyQt6_Qt6 --> node_venv_lib_python3_12_site-packages_PyQt6_Qt6_lib["lib"]\n    node_venv_lib_python3_12_site-packages_PyQt6_Qt6_lib --> node_venv_lib_python3_12_site-packages_PyQt6_Qt6_lib_QtSensorsQuick_framework["QtSensorsQuick.framework"]\n    node_venv_lib_python3_12_site-packages_PyQt6_Qt6_lib_QtSensorsQuick_framework --> node_venv_lib_python3_12_site-packages_PyQt6_Qt6_lib_QtSensorsQuick_framework_Resources["Resources"]\n    node_venv_lib_python3_12_site-packages_PyQt6_Qt6_lib_QtSensorsQuick_framework_Resources --> node_venv_lib_python3_12_site-packages_PyQt6_Qt6_lib_QtSensorsQuick_framework_Resources_PrivacyInfo_xcprivacy["PrivacyInfo.xcprivacy"]\n    Root --> node_venv["venv"]\n    node_venv --> node_venv_lib["lib"]\n    node_venv_lib --> node_venv_lib_python3_12["python3.12"]\n    node_venv_lib_python3_12 --> node_venv_lib_python3_12_site-packages["site-packages"]\n    node_venv_lib_python3_12_site-packages --> node_venv_lib_python3_12_site-packages_PyQt6["PyQt6"]\n    node_venv_lib_python3_12_site-packages_PyQt6 --> node_venv_lib_python3_12_site-packages_PyQt6_Qt6["Qt6"]\n    node_venv_lib_python3_12_site-packages_PyQt6_Qt6 --> node_venv_lib_python3_12_site-packages_PyQt6_Qt6_lib["lib"]\n    node_venv_lib_python3_12_site-packages_PyQt6_Qt6_lib --> node_venv_lib_python3_12_site-packages_PyQt6_Qt6_lib_QtSensorsQuick_framework["QtSensorsQuick.framework"]\n    node_venv_lib_python3_12_site-packages_PyQt6_Qt6_lib_QtSensorsQuick_framework --> node_venv_lib_python3_12_site-packages_PyQt6_Qt6_lib_QtSensorsQuick_framework_Versions["Versions"]\n    node_venv_lib_python3_12_site-packages_PyQt6_Qt6_lib_QtSensorsQuick_framework_Versions --> node_venv_lib_python3_12_site-packages_PyQt6_Qt6_lib_QtSensorsQuick_framework_Versions_A["A"]\n    node_venv_lib_python3_12_site-packages_PyQt6_Qt6_lib_QtSensorsQuick_framework_Versions_A --> node_venv_lib_python3_12_site-packages_PyQt6_Qt6_lib_QtSensorsQuick_framework_Versions_A_QtSensorsQuick["QtSensorsQuick"]\n    Root --> node_venv["venv"]\n    node_venv --> node_venv_lib["lib"]\n    node_venv_lib --> node_venv_lib_python3_12["python3.12"]\n    node_venv_lib_python3_12 --> node_venv_lib_python3_12_site-packages["site-packages"]\n    node_venv_lib_python3_12_site-packages --> node_venv_lib_python3_12_site-packages_PyQt6["PyQt6"]\n    node_venv_lib_python3_12_site-packages_PyQt6 --> node_venv_lib_python3_12_site-packages_PyQt6_Qt6["Qt6"]\n    node_venv_lib_python3_12_site-packages_PyQt6_Qt6 --> node_venv_lib_python3_12_site-packages_PyQt6_Qt6_lib["lib"]\n    node_venv_lib_python3_12_site-packages_PyQt6_Qt6_lib --> node_venv_lib_python3_12_site-packages_PyQt6_Qt6_lib_QtQml_framework["QtQml.framework"]\n    node_venv_lib_python3_12_site-packages_PyQt6_Qt6_lib_QtQml_framework --> node_venv_lib_python3_12_site-packages_PyQt6_Qt6_lib_QtQml_framework_Resources["Resources"]\n    node_venv_lib_python3_12_site-packages_PyQt6_Qt6_lib_QtQml_framework_Resources --> node_venv_lib_python3_12_site-packages_PyQt6_Qt6_lib_QtQml_framework_Resources_Info_plist["Info.plist"]\n    Root --> node_venv["venv"]\n    node_venv --> node_venv_lib["lib"]\n    node_venv_lib --> node_venv_lib_python3_12["python3.12"]\n    node_venv_lib_python3_12 --> node_venv_lib_python3_12_site-packages["site-packages"]\n    node_venv_lib_python3_12_site-packages --> node_venv_lib_python3_12_site-packages_PyQt6["PyQt6"]\n    node_venv_lib_python3_12_site-packages_PyQt6 --> node_venv_lib_python3_12_site-packages_PyQt6_Qt6["Qt6"]\n    node_venv_lib_python3_12_site-packages_PyQt6_Qt6 --> node_venv_lib_python3_12_site-packages_PyQt6_Qt6_lib["lib"]\n    node_venv_lib_python3_12_site-packages_PyQt6_Qt6_lib --> node_venv_lib_python3_12_site-packages_PyQt6_Qt6_lib_QtQml_framework["QtQml.framework"]\n    node_venv_lib_python3_12_site-packages_PyQt6_Qt6_lib_QtQml_framework --> node_venv_lib_python3_12_site-packages_PyQt6_Qt6_lib_QtQml_framework_Resources["Resources"]\n    node_venv_lib_python3_12_site-packages_PyQt6_Qt6_lib_QtQml_framework_Resources --> node_venv_lib_python3_12_site-packages_PyQt6_Qt6_lib_QtQml_framework_Resources_PrivacyInfo_xcprivacy["PrivacyInfo.xcprivacy"]\n    Root --> node_venv["venv"]\n    node_venv --> node_venv_lib["lib"]\n    node_venv_lib --> node_venv_lib_python3_12["python3.12"]\n    node_venv_lib_python3_12 --> node_venv_lib_python3_12_site-packages["site-packages"]\n    node_venv_lib_python3_12_site-packages --> node_venv_lib_python3_12_site-packages_PyQt6["PyQt6"]\n    node_venv_lib_python3_12_site-packages_PyQt6 --> node_venv_lib_python3_12_site-packages_PyQt6_Qt6["Qt6"]\n    node_venv_lib_python3_12_site-packages_PyQt6_Qt6 --> node_venv_lib_python3_12_site-packages_PyQt6_Qt6_lib["lib"]\n    node_venv_lib_python3_12_site-packages_PyQt6_Qt6_lib --> node_venv_lib_python3_12_site-packages_PyQt6_Qt6_lib_QtQml_framework["QtQml.framework"]\n    node_venv_lib_python3_12_site-packages_PyQt6_Qt6_lib_QtQml_framework --> node_venv_lib_python3_12_site-packages_PyQt6_Qt6_lib_QtQml_framework_Versions["Versions"]\n    node_venv_lib_python3_12_site-packages_PyQt6_Qt6_lib_QtQml_framework_Versions --> node_venv_lib_python3_12_site-packages_PyQt6_Qt6_lib_QtQml_framework_Versions_A["A"]\n    node_venv_lib_python3_12_site-packages_PyQt6_Qt6_lib_QtQml_framework_Versions_A --> node_venv_lib_python3_12_site-packages_PyQt6_Qt6_lib_QtQml_framework_Versions_A_QtQml["QtQml"]\n    Root --> node_venv["venv"]\n    node_venv --> node_venv_lib["lib"]\n    node_venv_lib --> node_venv_lib_python3_12["python3.12"]\n    node_venv_lib_python3_12 --> node_venv_lib_python3_12_site-packages["site-packages"]\n    node_venv_lib_python3_12_site-packages --> node_venv_lib_python3_12_site-packages_PyQt6["PyQt6"]\n    node_venv_lib_python3_12_site-packages_PyQt6 --> node_venv_lib_python3_12_site-packages_PyQt6_Qt6["Qt6"]\n    node_venv_lib_python3_12_site-packages_PyQt6_Qt6 --> node_venv_lib_python3_12_site-packages_PyQt6_Qt6_lib["lib"]\n    node_venv_lib_python3_12_site-packages_PyQt6_Qt6_lib --> node_venv_lib_python3_12_site-packages_PyQt6_Qt6_lib_QtWebChannel_framework["QtWebChannel.framework"]\n    node_venv_lib_python3_12_site-packages_PyQt6_Qt6_lib_QtWebChannel_framework --> node_venv_lib_python3_12_site-packages_PyQt6_Qt6_lib_QtWebChannel_framework_Resources["Resources"]\n    node_venv_lib_python3_12_site-packages_PyQt6_Qt6_lib_QtWebChannel_framework_Resources --> node_venv_lib_python3_12_site-packages_PyQt6_Qt6_lib_QtWebChannel_framework_Resources_Info_plist["Info.plist"]\n    Root --> node_venv["venv"]\n    node_venv --> node_venv_lib["lib"]\n    node_venv_lib --> node_venv_lib_python3_12["python3.12"]\n    node_venv_lib_python3_12 --> node_venv_lib_python3_12_site-packages["site-packages"]\n    node_venv_lib_python3_12_site-packages --> node_venv_lib_python3_12_site-packages_PyQt6["PyQt6"]\n    node_venv_lib_python3_12_site-packages_PyQt6 --> node_venv_lib_python3_12_site-packages_PyQt6_Qt6["Qt6"]\n    node_venv_lib_python3_12_site-packages_PyQt6_Qt6 --> node_venv_lib_python3_12_site-packages_PyQt6_Qt6_lib["lib"]\n    node_venv_lib_python3_12_site-packages_PyQt6_Qt6_lib --> node_venv_lib_python3_12_site-packages_PyQt6_Qt6_lib_QtWebChannel_framework["QtWebChannel.framework"]\n    node_venv_lib_python3_12_site-packages_PyQt6_Qt6_lib_QtWebChannel_framework --> node_venv_lib_python3_12_site-packages_PyQt6_Qt6_lib_QtWebChannel_framework_Resources["Resources"]\n    node_venv_lib_python3_12_site-packages_PyQt6_Qt6_lib_QtWebChannel_framework_Resources --> node_venv_lib_python3_12_site-packages_PyQt6_Qt6_lib_QtWebChannel_framework_Resources_PrivacyInfo_xcprivacy["PrivacyInfo.xcprivacy"]\n    Root --> node_venv["venv"]\n    node_venv --> node_venv_lib["lib"]\n    node_venv_lib --> node_venv_lib_python3_12["python3.12"]\n    node_venv_lib_python3_12 --> node_venv_lib_python3_12_site-packages["site-packages"]\n    node_venv_lib_python3_12_site-packages --> node_venv_lib_python3_12_site-packages_PyQt6["PyQt6"]\n    node_venv_lib_python3_12_site-packages_PyQt6 --> node_venv_lib_python3_12_site-packages_PyQt6_Qt6["Qt6"]\n    node_venv_lib_python3_12_site-packages_PyQt6_Qt6 --> node_venv_lib_python3_12_site-packages_PyQt6_Qt6_lib["lib"]\n    node_venv_lib_python3_12_site-packages_PyQt6_Qt6_lib --> node_venv_lib_python3_12_site-packages_PyQt6_Qt6_lib_QtWebChannel_framework["QtWebChannel.framework"]\n    node_venv_lib_python3_12_site-packages_PyQt6_Qt6_lib_QtWebChannel_framework --> node_venv_lib_python3_12_site-packages_PyQt6_Qt6_lib_QtWebChannel_framework_Versions["Versions"]\n    node_venv_lib_python3_12_site-packages_PyQt6_Qt6_lib_QtWebChannel_framework_Versions --> node_venv_lib_python3_12_site-packages_PyQt6_Qt6_lib_QtWebChannel_framework_Versions_A["A"]\n    node_venv_lib_python3_12_site-packages_PyQt6_Qt6_lib_QtWebChannel_framework_Versions_A --> node_venv_lib_python3_12_site-packages_PyQt6_Qt6_lib_QtWebChannel_framework_Versions_A_QtWebChannel["QtWebChannel"]\n    Root --> node_venv["venv"]\n    node_venv --> node_venv_lib["lib"]\n    node_venv_lib --> node_venv_lib_python3_12["python3.12"]\n    node_venv_lib_python3_12 --> node_venv_lib_python3_12_site-packages["site-packages"]\n    node_venv_lib_python3_12_site-packages --> node_venv_lib_python3_12_site-packages_PyQt6["PyQt6"]\n    node_venv_lib_python3_12_site-packages_PyQt6 --> node_venv_lib_python3_12_site-packages_PyQt6_Qt6["Qt6"]\n    node_venv_lib_python3_12_site-packages_PyQt6_Qt6 --> node_venv_lib_python3_12_site-packages_PyQt6_Qt6_lib["lib"]\n    node_venv_lib_python3_12_site-packages_PyQt6_Qt6_lib --> node_venv_lib_python3_12_site-packages_PyQt6_Qt6_lib_QtQuickVectorImageGenerator_framework["QtQuickVectorImageGenerator.framework"]\n    node_venv_lib_python3_12_site-packages_PyQt6_Qt6_lib_QtQuickVectorImageGenerator_framework --> node_venv_lib_python3_12_site-packages_PyQt6_Qt6_lib_QtQuickVectorImageGenerator_framework_Resources["Resources"]\n    node_venv_lib_python3_12_site-packages_PyQt6_Qt6_lib_QtQuickVectorImageGenerator_framework_Resources --> node_venv_lib_python3_12_site-packages_PyQt6_Qt6_lib_QtQuickVectorImageGenerator_framework_Resources_Info_plist["Info.plist"]\n    Root --> node_venv["venv"]\n    node_venv --> node_venv_lib["lib"]\n    node_venv_lib --> node_venv_lib_python3_12["python3.12"]\n    node_venv_lib_python3_12 --> node_venv_lib_python3_12_site-packages["site-packages"]\n    node_venv_lib_python3_12_site-packages --> node_venv_lib_python3_12_site-packages_PyQt6["PyQt6"]\n    node_venv_lib_python3_12_site-packages_PyQt6 --> node_venv_lib_python3_12_site-packages_PyQt6_Qt6["Qt6"]\n    node_venv_lib_python3_12_site-packages_PyQt6_Qt6 --> node_venv_lib_python3_12_site-packages_PyQt6_Qt6_lib["lib"]\n    node_venv_lib_python3_12_site-packages_PyQt6_Qt6_lib --> node_venv_lib_python3_12_site-packages_PyQt6_Qt6_lib_QtQuickVectorImageGenerator_framework["QtQuickVectorImageGenerator.framework"]\n    node_venv_lib_python3_12_site-packages_PyQt6_Qt6_lib_QtQuickVectorImageGenerator_framework --> node_venv_lib_python3_12_site-packages_PyQt6_Qt6_lib_QtQuickVectorImageGenerator_framework_Resources["Resources"]\n    node_venv_lib_python3_12_site-packages_PyQt6_Qt6_lib_QtQuickVectorImageGenerator_framework_Resources --> node_venv_lib_python3_12_site-packages_PyQt6_Qt6_lib_QtQuickVectorImageGenerator_framework_Resources_PrivacyInfo_xcprivacy["PrivacyInfo.xcprivacy"]\n    Root --> node_venv["venv"]\n    node_venv --> node_venv_lib["lib"]\n    node_venv_lib --> node_venv_lib_python3_12["python3.12"]\n    node_venv_lib_python3_12 --> node_venv_lib_python3_12_site-packages["site-packages"]\n    node_venv_lib_python3_12_site-packages --> node_venv_lib_python3_12_site-packages_PyQt6["PyQt6"]\n    node_venv_lib_python3_12_site-packages_PyQt6 --> node_venv_lib_python3_12_site-packages_PyQt6_Qt6["Qt6"]\n    node_venv_lib_python3_12_site-packages_PyQt6_Qt6 --> node_venv_lib_python3_12_site-packages_PyQt6_Qt6_lib["lib"]\n    node_venv_lib_python3_12_site-packages_PyQt6_Qt6_lib --> node_venv_lib_python3_12_site-packages_PyQt6_Qt6_lib_QtQuickVectorImageGenerator_framework["QtQuickVectorImageGenerator.framework"]\n    node_venv_lib_python3_12_site-packages_PyQt6_Qt6_lib_QtQuickVectorImageGenerator_framework --> node_venv_lib_python3_12_site-packages_PyQt6_Qt6_lib_QtQuickVectorImageGenerator_framework_Versions["Versions"]\n    node_venv_lib_python3_12_site-packages_PyQt6_Qt6_lib_QtQuickVectorImageGenerator_framework_Versions --> node_venv_lib_python3_12_site-packages_PyQt6_Qt6_lib_QtQuickVectorImageGenerator_framework_Versions_A["A"]\n    node_venv_lib_python3_12_site-packages_PyQt6_Qt6_lib_QtQuickVectorImageGenerator_framework_Versions_A --> node_venv_lib_python3_12_site-packages_PyQt6_Qt6_lib_QtQuickVectorImageGenerator_framework_Versions_A_QtQuickVectorImageGenerator["QtQuickVectorImageGenerator"]\n    Root --> node_venv["venv"]\n    node_venv --> node_venv_lib["lib"]\n    node_venv_lib --> node_venv_lib_python3_12["python3.12"]\n    node_venv_lib_python3_12 --> node_venv_lib_python3_12_site-packages["site-packages"]\n    node_venv_lib_python3_12_site-packages --> node_venv_lib_python3_12_site-packages_PyQt6["PyQt6"]\n    node_venv_lib_python3_12_site-packages_PyQt6 --> node_venv_lib_python3_12_site-packages_PyQt6_Qt6["Qt6"]\n    node_venv_lib_python3_12_site-packages_PyQt6_Qt6 --> node_venv_lib_python3_12_site-packages_PyQt6_Qt6_lib["lib"]\n    node_venv_lib_python3_12_site-packages_PyQt6_Qt6_lib --> node_venv_lib_python3_12_site-packages_PyQt6_Qt6_lib_QtMultimedia_framework["QtMultimedia.framework"]\n    node_venv_lib_python3_12_site-packages_PyQt6_Qt6_lib_QtMultimedia_framework --> node_venv_lib_python3_12_site-packages_PyQt6_Qt6_lib_QtMultimedia_framework_Resources["Resources"]\n    node_venv_lib_python3_12_site-packages_PyQt6_Qt6_lib_QtMultimedia_framework_Resources --> node_venv_lib_python3_12_site-packages_PyQt6_Qt6_lib_QtMultimedia_framework_Resources_Info_plist["Info.plist"]\n    Root --> node_venv["venv"]\n    node_venv --> node_venv_lib["lib"]\n    node_venv_lib --> node_venv_lib_python3_12["python3.12"]\n    node_venv_lib_python3_12 --> node_venv_lib_python3_12_site-packages["site-packages"]\n    node_venv_lib_python3_12_site-packages --> node_venv_lib_python3_12_site-packages_PyQt6["PyQt6"]\n    node_venv_lib_python3_12_site-packages_PyQt6 --> node_venv_lib_python3_12_site-packages_PyQt6_Qt6["Qt6"]\n    node_venv_lib_python3_12_site-packages_PyQt6_Qt6 --> node_venv_lib_python3_12_site-packages_PyQt6_Qt6_lib["lib"]\n    node_venv_lib_python3_12_site-packages_PyQt6_Qt6_lib --> node_venv_lib_python3_12_site-packages_PyQt6_Qt6_lib_QtMultimedia_framework["QtMultimedia.framework"]\n    node_venv_lib_python3_12_site-packages_PyQt6_Qt6_lib_QtMultimedia_framework --> node_venv_lib_python3_12_site-packages_PyQt6_Qt6_lib_QtMultimedia_framework_Resources["Resources"]\n    node_venv_lib_python3_12_site-packages_PyQt6_Qt6_lib_QtMultimedia_framework_Resources --> node_venv_lib_python3_12_site-packages_PyQt6_Qt6_lib_QtMultimedia_framework_Resources_PrivacyInfo_xcprivacy["PrivacyInfo.xcprivacy"]\n    Root --> node_venv["venv"]\n    node_venv --> node_venv_lib["lib"]\n    node_venv_lib --> node_venv_lib_python3_12["python3.12"]\n    node_venv_lib_python3_12 --> node_venv_lib_python3_12_site-packages["site-packages"]\n    node_venv_lib_python3_12_site-packages --> node_venv_lib_python3_12_site-packages_PyQt6["PyQt6"]\n    node_venv_lib_python3_12_site-packages_PyQt6 --> node_venv_lib_python3_12_site-packages_PyQt6_Qt6["Qt6"]\n    node_venv_lib_python3_12_site-packages_PyQt6_Qt6 --> node_venv_lib_python3_12_site-packages_PyQt6_Qt6_lib["lib"]\n    node_venv_lib_python3_12_site-packages_PyQt6_Qt6_lib --> node_venv_lib_python3_12_site-packages_PyQt6_Qt6_lib_QtMultimedia_framework["QtMultimedia.framework"]\n    node_venv_lib_python3_12_site-packages_PyQt6_Qt6_lib_QtMultimedia_framework --> node_venv_lib_python3_12_site-packages_PyQt6_Qt6_lib_QtMultimedia_framework_Versions["Versions"]\n    node_venv_lib_python3_12_site-packages_PyQt6_Qt6_lib_QtMultimedia_framework_Versions --> node_venv_lib_python3_12_site-packages_PyQt6_Qt6_lib_QtMultimedia_framework_Versions_A["A"]\n    node_venv_lib_python3_12_site-packages_PyQt6_Qt6_lib_QtMultimedia_framework_Versions_A --> node_venv_lib_python3_12_site-packages_PyQt6_Qt6_lib_QtMultimedia_framework_Versions_A_QtMultimedia["QtMultimedia"]\n    Root --> node_venv["venv"]\n    node_venv --> node_venv_lib["lib"]\n    node_venv_lib --> node_venv_lib_python3_12["python3.12"]\n    node_venv_lib_python3_12 --> node_venv_lib_python3_12_site-packages["site-packages"]\n    node_venv_lib_python3_12_site-packages --> node_venv_lib_python3_12_site-packages_PyQt6["PyQt6"]\n    node_venv_lib_python3_12_site-packages_PyQt6 --> node_venv_lib_python3_12_site-packages_PyQt6_Qt6["Qt6"]\n    node_venv_lib_python3_12_site-packages_PyQt6_Qt6 --> node_venv_lib_python3_12_site-packages_PyQt6_Qt6_lib["lib"]\n    node_venv_lib_python3_12_site-packages_PyQt6_Qt6_lib --> node_venv_lib_python3_12_site-packages_PyQt6_Qt6_lib_QtQmlWorkerScript_framework["QtQmlWorkerScript.framework"]\n    node_venv_lib_python3_12_site-packages_PyQt6_Qt6_lib_QtQmlWorkerScript_framework --> node_venv_lib_python3_12_site-packages_PyQt6_Qt6_lib_QtQmlWorkerScript_framework_Resources["Resources"]\n    node_venv_lib_python3_12_site-packages_PyQt6_Qt6_lib_QtQmlWorkerScript_framework_Resources --> node_venv_lib_python3_12_site-packages_PyQt6_Qt6_lib_QtQmlWorkerScript_framework_Resources_Info_plist["Info.plist"]\n    Root --> node_venv["venv"]\n    node_venv --> node_venv_lib["lib"]\n    node_venv_lib --> node_venv_lib_python3_12["python3.12"]\n    node_venv_lib_python3_12 --> node_venv_lib_python3_12_site-packages["site-packages"]\n    node_venv_lib_python3_12_site-packages --> node_venv_lib_python3_12_site-packages_PyQt6["PyQt6"]\n    node_venv_lib_python3_12_site-packages_PyQt6 --> node_venv_lib_python3_12_site-packages_PyQt6_Qt6["Qt6"]\n    node_venv_lib_python3_12_site-packages_PyQt6_Qt6 --> node_venv_lib_python3_12_site-packages_PyQt6_Qt6_lib["lib"]\n    node_venv_lib_python3_12_site-packages_PyQt6_Qt6_lib --> node_venv_lib_python3_12_site-packages_PyQt6_Qt6_lib_QtQmlWorkerScript_framework["QtQmlWorkerScript.framework"]\n    node_venv_lib_python3_12_site-packages_PyQt6_Qt6_lib_QtQmlWorkerScript_framework --> node_venv_lib_python3_12_site-packages_PyQt6_Qt6_lib_QtQmlWorkerScript_framework_Resources["Resources"]\n    node_venv_lib_python3_12_site-packages_PyQt6_Qt6_lib_QtQmlWorkerScript_framework_Resources --> node_venv_lib_python3_12_site-packages_PyQt6_Qt6_lib_QtQmlWorkerScript_framework_Resources_PrivacyInfo_xcprivacy["PrivacyInfo.xcprivacy"]\n    Root --> node_venv["venv"]\n    node_venv --> node_venv_lib["lib"]\n    node_venv_lib --> node_venv_lib_python3_12["python3.12"]\n    node_venv_lib_python3_12 --> node_venv_lib_python3_12_site-packages["site-packages"]\n    node_venv_lib_python3_12_site-packages --> node_venv_lib_python3_12_site-packages_PyQt6["PyQt6"]\n    node_venv_lib_python3_12_site-packages_PyQt6 --> node_venv_lib_python3_12_site-packages_PyQt6_Qt6["Qt6"]\n    node_venv_lib_python3_12_site-packages_PyQt6_Qt6 --> node_venv_lib_python3_12_site-packages_PyQt6_Qt6_lib["lib"]\n    node_venv_lib_python3_12_site-packages_PyQt6_Qt6_lib --> node_venv_lib_python3_12_site-packages_PyQt6_Qt6_lib_QtQmlWorkerScript_framework["QtQmlWorkerScript.framework"]\n    node_venv_lib_python3_12_site-packages_PyQt6_Qt6_lib_QtQmlWorkerScript_framework --> node_venv_lib_python3_12_site-packages_PyQt6_Qt6_lib_QtQmlWorkerScript_framework_Versions["Versions"]\n    node_venv_lib_python3_12_site-packages_PyQt6_Qt6_lib_QtQmlWorkerScript_framework_Versions --> node_venv_lib_python3_12_site-packages_PyQt6_Qt6_lib_QtQmlWorkerScript_framework_Versions_A["A"]\n    node_venv_lib_python3_12_site-packages_PyQt6_Qt6_lib_QtQmlWorkerScript_framework_Versions_A --> node_venv_lib_python3_12_site-packages_PyQt6_Qt6_lib_QtQmlWorkerScript_framework_Versions_A_QtQmlWorkerScript["QtQmlWorkerScript"]\n    Root --> node_venv["venv"]\n    node_venv --> node_venv_lib["lib"]\n    node_venv_lib --> node_venv_lib_python3_12["python3.12"]\n    node_venv_lib_python3_12 --> node_venv_lib_python3_12_site-packages["site-packages"]\n    node_venv_lib_python3_12_site-packages --> node_venv_lib_python3_12_site-packages_PyQt6["PyQt6"]\n    node_venv_lib_python3_12_site-packages_PyQt6 --> node_venv_lib_python3_12_site-packages_PyQt6_Qt6["Qt6"]\n    node_venv_lib_python3_12_site-packages_PyQt6_Qt6 --> node_venv_lib_python3_12_site-packages_PyQt6_Qt6_lib["lib"]\n    node_venv_lib_python3_12_site-packages_PyQt6_Qt6_lib --> node_venv_lib_python3_12_site-packages_PyQt6_Qt6_lib_QtStateMachine_framework["QtStateMachine.framework"]\n    node_venv_lib_python3_12_site-packages_PyQt6_Qt6_lib_QtStateMachine_framework --> node_venv_lib_python3_12_site-packages_PyQt6_Qt6_lib_QtStateMachine_framework_Resources["Resources"]\n    node_venv_lib_python3_12_site-packages_PyQt6_Qt6_lib_QtStateMachine_framework_Resources --> node_venv_lib_python3_12_site-packages_PyQt6_Qt6_lib_QtStateMachine_framework_Resources_Info_plist["Info.plist"]\n    Root --> node_venv["venv"]\n    node_venv --> node_venv_lib["lib"]\n    node_venv_lib --> node_venv_lib_python3_12["python3.12"]\n    node_venv_lib_python3_12 --> node_venv_lib_python3_12_site-packages["site-packages"]\n    node_venv_lib_python3_12_site-packages --> node_venv_lib_python3_12_site-packages_PyQt6["PyQt6"]\n    node_venv_lib_python3_12_site-packages_PyQt6 --> node_venv_lib_python3_12_site-packages_PyQt6_Qt6["Qt6"]\n    node_venv_lib_python3_12_site-packages_PyQt6_Qt6 --> node_venv_lib_python3_12_site-packages_PyQt6_Qt6_lib["lib"]\n    node_venv_lib_python3_12_site-packages_PyQt6_Qt6_lib --> node_venv_lib_python3_12_site-packages_PyQt6_Qt6_lib_QtStateMachine_framework["QtStateMachine.framework"]\n    node_venv_lib_python3_12_site-packages_PyQt6_Qt6_lib_QtStateMachine_framework --> node_venv_lib_python3_12_site-packages_PyQt6_Qt6_lib_QtStateMachine_framework_Resources["Resources"]\n    node_venv_lib_python3_12_site-packages_PyQt6_Qt6_lib_QtStateMachine_framework_Resources --> node_venv_lib_python3_12_site-packages_PyQt6_Qt6_lib_QtStateMachine_framework_Resources_PrivacyInfo_xcprivacy["PrivacyInfo.xcprivacy"]\n    Root --> node_venv["venv"]\n    node_venv --> node_venv_lib["lib"]\n    node_venv_lib --> node_venv_lib_python3_12["python3.12"]\n    node_venv_lib_python3_12 --> node_venv_lib_python3_12_site-packages["site-packages"]\n    node_venv_lib_python3_12_site-packages --> node_venv_lib_python3_12_site-packages_PyQt6["PyQt6"]\n    node_venv_lib_python3_12_site-packages_PyQt6 --> node_venv_lib_python3_12_site-packages_PyQt6_Qt6["Qt6"]\n    node_venv_lib_python3_12_site-packages_PyQt6_Qt6 --> node_venv_lib_python3_12_site-packages_PyQt6_Qt6_lib["lib"]\n    node_venv_lib_python3_12_site-packages_PyQt6_Qt6_lib --> node_venv_lib_python3_12_site-packages_PyQt6_Qt6_lib_QtStateMachine_framework["QtStateMachine.framework"]\n    node_venv_lib_python3_12_site-packages_PyQt6_Qt6_lib_QtStateMachine_framework --> node_venv_lib_python3_12_site-packages_PyQt6_Qt6_lib_QtStateMachine_framework_Versions["Versions"]\n    node_venv_lib_python3_12_site-packages_PyQt6_Qt6_lib_QtStateMachine_framework_Versions --> node_venv_lib_python3_12_site-packages_PyQt6_Qt6_lib_QtStateMachine_framework_Versions_A["A"]\n    node_venv_lib_python3_12_site-packages_PyQt6_Qt6_lib_QtStateMachine_framework_Versions_A --> node_venv_lib_python3_12_site-packages_PyQt6_Qt6_lib_QtStateMachine_framework_Versions_A_QtStateMachine["QtStateMachine"]\n    Root --> node_venv["venv"]\n    node_venv --> node_venv_lib["lib"]\n    node_venv_lib --> node_venv_lib_python3_12["python3.12"]\n    node_venv_lib_python3_12 --> node_venv_lib_python3_12_site-packages["site-packages"]\n    node_venv_lib_python3_12_site-packages --> node_venv_lib_python3_12_site-packages_PyQt6["PyQt6"]\n    node_venv_lib_python3_12_site-packages_PyQt6 --> node_venv_lib_python3_12_site-packages_PyQt6_Qt6["Qt6"]\n    node_venv_lib_python3_12_site-packages_PyQt6_Qt6 --> node_venv_lib_python3_12_site-packages_PyQt6_Qt6_lib["lib"]\n    node_venv_lib_python3_12_site-packages_PyQt6_Qt6_lib --> node_venv_lib_python3_12_site-packages_PyQt6_Qt6_lib_QtQuickControls2Impl_framework["QtQuickControls2Impl.framework"]\n    node_venv_lib_python3_12_site-packages_PyQt6_Qt6_lib_QtQuickControls2Impl_framework --> node_venv_lib_python3_12_site-packages_PyQt6_Qt6_lib_QtQuickControls2Impl_framework_Resources["Resources"]\n    node_venv_lib_python3_12_site-packages_PyQt6_Qt6_lib_QtQuickControls2Impl_framework_Resources --> node_venv_lib_python3_12_site-packages_PyQt6_Qt6_lib_QtQuickControls2Impl_framework_Resources_Info_plist["Info.plist"]\n    Root --> node_venv["venv"]\n    node_venv --> node_venv_lib["lib"]\n    node_venv_lib --> node_venv_lib_python3_12["python3.12"]\n    node_venv_lib_python3_12 --> node_venv_lib_python3_12_site-packages["site-packages"]\n    node_venv_lib_python3_12_site-packages --> node_venv_lib_python3_12_site-packages_PyQt6["PyQt6"]\n    node_venv_lib_python3_12_site-packages_PyQt6 --> node_venv_lib_python3_12_site-packages_PyQt6_Qt6["Qt6"]\n    node_venv_lib_python3_12_site-packages_PyQt6_Qt6 --> node_venv_lib_python3_12_site-packages_PyQt6_Qt6_lib["lib"]\n    node_venv_lib_python3_12_site-packages_PyQt6_Qt6_lib --> node_venv_lib_python3_12_site-packages_PyQt6_Qt6_lib_QtQuickControls2Impl_framework["QtQuickControls2Impl.framework"]\n    node_venv_lib_python3_12_site-packages_PyQt6_Qt6_lib_QtQuickControls2Impl_framework --> node_venv_lib_python3_12_site-packages_PyQt6_Qt6_lib_QtQuickControls2Impl_framework_Resources["Resources"]\n    node_venv_lib_python3_12_site-packages_PyQt6_Qt6_lib_QtQuickControls2Impl_framework_Resources --> node_venv_lib_python3_12_site-packages_PyQt6_Qt6_lib_QtQuickControls2Impl_framework_Resources_PrivacyInfo_xcprivacy["PrivacyInfo.xcprivacy"]\n    Root --> node_venv["venv"]\n    node_venv --> node_venv_lib["lib"]\n    node_venv_lib --> node_venv_lib_python3_12["python3.12"]\n    node_venv_lib_python3_12 --> node_venv_lib_python3_12_site-packages["site-packages"]\n    node_venv_lib_python3_12_site-packages --> node_venv_lib_python3_12_site-packages_PyQt6["PyQt6"]\n    node_venv_lib_python3_12_site-packages_PyQt6 --> node_venv_lib_python3_12_site-packages_PyQt6_Qt6["Qt6"]\n    node_venv_lib_python3_12_site-packages_PyQt6_Qt6 --> node_venv_lib_python3_12_site-packages_PyQt6_Qt6_lib["lib"]\n    node_venv_lib_python3_12_site-packages_PyQt6_Qt6_lib --> node_venv_lib_python3_12_site-packages_PyQt6_Qt6_lib_QtQuickControls2Impl_framework["QtQuickControls2Impl.framework"]\n    node_venv_lib_python3_12_site-packages_PyQt6_Qt6_lib_QtQuickControls2Impl_framework --> node_venv_lib_python3_12_site-packages_PyQt6_Qt6_lib_QtQuickControls2Impl_framework_Versions["Versions"]\n    node_venv_lib_python3_12_site-packages_PyQt6_Qt6_lib_QtQuickControls2Impl_framework_Versions --> node_venv_lib_python3_12_site-packages_PyQt6_Qt6_lib_QtQuickControls2Impl_framework_Versions_A["A"]\n    node_venv_lib_python3_12_site-packages_PyQt6_Qt6_lib_QtQuickControls2Impl_framework_Versions_A --> node_venv_lib_python3_12_site-packages_PyQt6_Qt6_lib_QtQuickControls2Impl_framework_Versions_A_QtQuickControls2Impl["QtQuickControls2Impl"]\n    Root --> node_venv["venv"]\n    node_venv --> node_venv_lib["lib"]\n    node_venv_lib --> node_venv_lib_python3_12["python3.12"]\n    node_venv_lib_python3_12 --> node_venv_lib_python3_12_site-packages["site-packages"]\n    node_venv_lib_python3_12_site-packages --> node_venv_lib_python3_12_site-packages_PyQt6["PyQt6"]\n    node_venv_lib_python3_12_site-packages_PyQt6 --> node_venv_lib_python3_12_site-packages_PyQt6_Qt6["Qt6"]\n    node_venv_lib_python3_12_site-packages_PyQt6_Qt6 --> node_venv_lib_python3_12_site-packages_PyQt6_Qt6_lib["lib"]\n    node_venv_lib_python3_12_site-packages_PyQt6_Qt6_lib --> node_venv_lib_python3_12_site-packages_PyQt6_Qt6_lib_QtOpenGL_framework["QtOpenGL.framework"]\n    node_venv_lib_python3_12_site-packages_PyQt6_Qt6_lib_QtOpenGL_framework --> node_venv_lib_python3_12_site-packages_PyQt6_Qt6_lib_QtOpenGL_framework_Resources["Resources"]\n    node_venv_lib_python3_12_site-packages_PyQt6_Qt6_lib_QtOpenGL_framework_Resources --> node_venv_lib_python3_12_site-packages_PyQt6_Qt6_lib_QtOpenGL_framework_Resources_Info_plist["Info.plist"]\n    Root --> node_venv["venv"]\n    node_venv --> node_venv_lib["lib"]\n    node_venv_lib --> node_venv_lib_python3_12["python3.12"]\n    node_venv_lib_python3_12 --> node_venv_lib_python3_12_site-packages["site-packages"]\n    node_venv_lib_python3_12_site-packages --> node_venv_lib_python3_12_site-packages_PyQt6["PyQt6"]\n    node_venv_lib_python3_12_site-packages_PyQt6 --> node_venv_lib_python3_12_site-packages_PyQt6_Qt6["Qt6"]\n    node_venv_lib_python3_12_site-packages_PyQt6_Qt6 --> node_venv_lib_python3_12_site-packages_PyQt6_Qt6_lib["lib"]\n    node_venv_lib_python3_12_site-packages_PyQt6_Qt6_lib --> node_venv_lib_python3_12_site-packages_PyQt6_Qt6_lib_QtOpenGL_framework["QtOpenGL.framework"]\n    node_venv_lib_python3_12_site-packages_PyQt6_Qt6_lib_QtOpenGL_framework --> node_venv_lib_python3_12_site-packages_PyQt6_Qt6_lib_QtOpenGL_framework_Resources["Resources"]\n    node_venv_lib_python3_12_site-packages_PyQt6_Qt6_lib_QtOpenGL_framework_Resources --> node_venv_lib_python3_12_site-packages_PyQt6_Qt6_lib_QtOpenGL_framework_Resources_PrivacyInfo_xcprivacy["PrivacyInfo.xcprivacy"]\n    Root --> node_venv["venv"]\n    node_venv --> node_venv_lib["lib"]\n    node_venv_lib --> node_venv_lib_python3_12["python3.12"]\n    node_venv_lib_python3_12 --> node_venv_lib_python3_12_site-packages["site-packages"]\n    node_venv_lib_python3_12_site-packages --> node_venv_lib_python3_12_site-packages_PyQt6["PyQt6"]\n    node_venv_lib_python3_12_site-packages_PyQt6 --> node_venv_lib_python3_12_site-packages_PyQt6_Qt6["Qt6"]\n    node_venv_lib_python3_12_site-packages_PyQt6_Qt6 --> node_venv_lib_python3_12_site-packages_PyQt6_Qt6_lib["lib"]\n    node_venv_lib_python3_12_site-packages_PyQt6_Qt6_lib --> node_venv_lib_python3_12_site-packages_PyQt6_Qt6_lib_QtOpenGL_framework["QtOpenGL.framework"]\n    node_venv_lib_python3_12_site-packages_PyQt6_Qt6_lib_QtOpenGL_framework --> node_venv_lib_python3_12_site-packages_PyQt6_Qt6_lib_QtOpenGL_framework_Versions["Versions"]\n    node_venv_lib_python3_12_site-packages_PyQt6_Qt6_lib_QtOpenGL_framework_Versions --> node_venv_lib_python3_12_site-packages_PyQt6_Qt6_lib_QtOpenGL_framework_Versions_A["A"]\n    node_venv_lib_python3_12_site-packages_PyQt6_Qt6_lib_QtOpenGL_framework_Versions_A --> node_venv_lib_python3_12_site-packages_PyQt6_Qt6_lib_QtOpenGL_framework_Versions_A_QtOpenGL["QtOpenGL"]\n    Root --> node_venv["venv"]\n    node_venv --> node_venv_lib["lib"]\n    node_venv_lib --> node_venv_lib_python3_12["python3.12"]\n    node_venv_lib_python3_12 --> node_venv_lib_python3_12_site-packages["site-packages"]\n    node_venv_lib_python3_12_site-packages --> node_venv_lib_python3_12_site-packages_PyQt6["PyQt6"]\n    node_venv_lib_python3_12_site-packages_PyQt6 --> node_venv_lib_python3_12_site-packages_PyQt6_Qt6["Qt6"]\n    node_venv_lib_python3_12_site-packages_PyQt6_Qt6 --> node_venv_lib_python3_12_site-packages_PyQt6_Qt6_lib["lib"]\n    node_venv_lib_python3_12_site-packages_PyQt6_Qt6_lib --> node_venv_lib_python3_12_site-packages_PyQt6_Qt6_lib_QtQuick3DPhysicsHelpers_framework["QtQuick3DPhysicsHelpers.framework"]\n    node_venv_lib_python3_12_site-packages_PyQt6_Qt6_lib_QtQuick3DPhysicsHelpers_framework --> node_venv_lib_python3_12_site-packages_PyQt6_Qt6_lib_QtQuick3DPhysicsHelpers_framework_Resources["Resources"]\n    node_venv_lib_python3_12_site-packages_PyQt6_Qt6_lib_QtQuick3DPhysicsHelpers_framework_Resources --> node_venv_lib_python3_12_site-packages_PyQt6_Qt6_lib_QtQuick3DPhysicsHelpers_framework_Resources_Info_plist["Info.plist"]\n    Root --> node_venv["venv"]\n    node_venv --> node_venv_lib["lib"]\n    node_venv_lib --> node_venv_lib_python3_12["python3.12"]\n    node_venv_lib_python3_12 --> node_venv_lib_python3_12_site-packages["site-packages"]\n    node_venv_lib_python3_12_site-packages --> node_venv_lib_python3_12_site-packages_PyQt6["PyQt6"]\n    node_venv_lib_python3_12_site-packages_PyQt6 --> node_venv_lib_python3_12_site-packages_PyQt6_Qt6["Qt6"]\n    node_venv_lib_python3_12_site-packages_PyQt6_Qt6 --> node_venv_lib_python3_12_site-packages_PyQt6_Qt6_lib["lib"]\n    node_venv_lib_python3_12_site-packages_PyQt6_Qt6_lib --> node_venv_lib_python3_12_site-packages_PyQt6_Qt6_lib_QtQuick3DPhysicsHelpers_framework["QtQuick3DPhysicsHelpers.framework"]\n    node_venv_lib_python3_12_site-packages_PyQt6_Qt6_lib_QtQuick3DPhysicsHelpers_framework --> node_venv_lib_python3_12_site-packages_PyQt6_Qt6_lib_QtQuick3DPhysicsHelpers_framework_Resources["Resources"]\n    node_venv_lib_python3_12_site-packages_PyQt6_Qt6_lib_QtQuick3DPhysicsHelpers_framework_Resources --> node_venv_lib_python3_12_site-packages_PyQt6_Qt6_lib_QtQuick3DPhysicsHelpers_framework_Resources_PrivacyInfo_xcprivacy["PrivacyInfo.xcprivacy"]\n    Root --> node_venv["venv"]\n    node_venv --> node_venv_lib["lib"]\n    node_venv_lib --> node_venv_lib_python3_12["python3.12"]\n    node_venv_lib_python3_12 --> node_venv_lib_python3_12_site-packages["site-packages"]\n    node_venv_lib_python3_12_site-packages --> node_venv_lib_python3_12_site-packages_PyQt6["PyQt6"]\n    node_venv_lib_python3_12_site-packages_PyQt6 --> node_venv_lib_python3_12_site-packages_PyQt6_Qt6["Qt6"]\n    node_venv_lib_python3_12_site-packages_PyQt6_Qt6 --> node_venv_lib_python3_12_site-packages_PyQt6_Qt6_lib["lib"]\n    node_venv_lib_python3_12_site-packages_PyQt6_Qt6_lib --> node_venv_lib_python3_12_site-packages_PyQt6_Qt6_lib_QtQuick3DPhysicsHelpers_framework["QtQuick3DPhysicsHelpers.framework"]\n    node_venv_lib_python3_12_site-packages_PyQt6_Qt6_lib_QtQuick3DPhysicsHelpers_framework --> node_venv_lib_python3_12_site-packages_PyQt6_Qt6_lib_QtQuick3DPhysicsHelpers_framework_Versions["Versions"]\n    node_venv_lib_python3_12_site-packages_PyQt6_Qt6_lib_QtQuick3DPhysicsHelpers_framework_Versions --> node_venv_lib_python3_12_site-packages_PyQt6_Qt6_lib_QtQuick3DPhysicsHelpers_framework_Versions_A["A"]\n    node_venv_lib_python3_12_site-packages_PyQt6_Qt6_lib_QtQuick3DPhysicsHelpers_framework_Versions_A --> node_venv_lib_python3_12_site-packages_PyQt6_Qt6_lib_QtQuick3DPhysicsHelpers_framework_Versions_A_QtQuick3DPhysicsHelpers["QtQuick3DPhysicsHelpers"]\n    Root --> node_venv["venv"]\n    node_venv --> node_venv_lib["lib"]\n    node_venv_lib --> node_venv_lib_python3_12["python3.12"]\n    node_venv_lib_python3_12 --> node_venv_lib_python3_12_site-packages["site-packages"]\n    node_venv_lib_python3_12_site-packages --> node_venv_lib_python3_12_site-packages_PyQt6["PyQt6"]\n    node_venv_lib_python3_12_site-packages_PyQt6 --> node_venv_lib_python3_12_site-packages_PyQt6_Qt6["Qt6"]\n    node_venv_lib_python3_12_site-packages_PyQt6_Qt6 --> node_venv_lib_python3_12_site-packages_PyQt6_Qt6_lib["lib"]\n    node_venv_lib_python3_12_site-packages_PyQt6_Qt6_lib --> node_venv_lib_python3_12_site-packages_PyQt6_Qt6_lib_QtLabsQmlModels_framework["QtLabsQmlModels.framework"]\n    node_venv_lib_python3_12_site-packages_PyQt6_Qt6_lib_QtLabsQmlModels_framework --> node_venv_lib_python3_12_site-packages_PyQt6_Qt6_lib_QtLabsQmlModels_framework_Resources["Resources"]\n    node_venv_lib_python3_12_site-packages_PyQt6_Qt6_lib_QtLabsQmlModels_framework_Resources --> node_venv_lib_python3_12_site-packages_PyQt6_Qt6_lib_QtLabsQmlModels_framework_Resources_Info_plist["Info.plist"]\n    Root --> node_venv["venv"]\n    node_venv --> node_venv_lib["lib"]\n    node_venv_lib --> node_venv_lib_python3_12["python3.12"]\n    node_venv_lib_python3_12 --> node_venv_lib_python3_12_site-packages["site-packages"]\n    node_venv_lib_python3_12_site-packages --> node_venv_lib_python3_12_site-packages_PyQt6["PyQt6"]\n    node_venv_lib_python3_12_site-packages_PyQt6 --> node_venv_lib_python3_12_site-packages_PyQt6_Qt6["Qt6"]\n    node_venv_lib_python3_12_site-packages_PyQt6_Qt6 --> node_venv_lib_python3_12_site-packages_PyQt6_Qt6_lib["lib"]\n    node_venv_lib_python3_12_site-packages_PyQt6_Qt6_lib --> node_venv_lib_python3_12_site-packages_PyQt6_Qt6_lib_QtLabsQmlModels_framework["QtLabsQmlModels.framework"]\n    node_venv_lib_python3_12_site-packages_PyQt6_Qt6_lib_QtLabsQmlModels_framework --> node_venv_lib_python3_12_site-packages_PyQt6_Qt6_lib_QtLabsQmlModels_framework_Resources["Resources"]\n    node_venv_lib_python3_12_site-packages_PyQt6_Qt6_lib_QtLabsQmlModels_framework_Resources --> node_venv_lib_python3_12_site-packages_PyQt6_Qt6_lib_QtLabsQmlModels_framework_Resources_PrivacyInfo_xcprivacy["PrivacyInfo.xcprivacy"]\n    Root --> node_venv["venv"]\n    node_venv --> node_venv_lib["lib"]\n    node_venv_lib --> node_venv_lib_python3_12["python3.12"]\n    node_venv_lib_python3_12 --> node_venv_lib_python3_12_site-packages["site-packages"]\n    node_venv_lib_python3_12_site-packages --> node_venv_lib_python3_12_site-packages_PyQt6["PyQt6"]\n    node_venv_lib_python3_12_site-packages_PyQt6 --> node_venv_lib_python3_12_site-packages_PyQt6_Qt6["Qt6"]\n    node_venv_lib_python3_12_site-packages_PyQt6_Qt6 --> node_venv_lib_python3_12_site-packages_PyQt6_Qt6_lib["lib"]\n    node_venv_lib_python3_12_site-packages_PyQt6_Qt6_lib --> node_venv_lib_python3_12_site-packages_PyQt6_Qt6_lib_QtLabsQmlModels_framework["QtLabsQmlModels.framework"]\n    node_venv_lib_python3_12_site-packages_PyQt6_Qt6_lib_QtLabsQmlModels_framework --> node_venv_lib_python3_12_site-packages_PyQt6_Qt6_lib_QtLabsQmlModels_framework_Versions["Versions"]\n    node_venv_lib_python3_12_site-packages_PyQt6_Qt6_lib_QtLabsQmlModels_framework_Versions --> node_venv_lib_python3_12_site-packages_PyQt6_Qt6_lib_QtLabsQmlModels_framework_Versions_A["A"]\n    node_venv_lib_python3_12_site-packages_PyQt6_Qt6_lib_QtLabsQmlModels_framework_Versions_A --> node_venv_lib_python3_12_site-packages_PyQt6_Qt6_lib_QtLabsQmlModels_framework_Versions_A_QtLabsQmlModels["QtLabsQmlModels"]\n    Root --> node_venv["venv"]\n    node_venv --> node_venv_lib["lib"]\n    node_venv_lib --> node_venv_lib_python3_12["python3.12"]\n    node_venv_lib_python3_12 --> node_venv_lib_python3_12_site-packages["site-packages"]\n    node_venv_lib_python3_12_site-packages --> node_venv_lib_python3_12_site-packages_PyQt6["PyQt6"]\n    node_venv_lib_python3_12_site-packages_PyQt6 --> node_venv_lib_python3_12_site-packages_PyQt6_Qt6["Qt6"]\n    node_venv_lib_python3_12_site-packages_PyQt6_Qt6 --> node_venv_lib_python3_12_site-packages_PyQt6_Qt6_lib["lib"]\n    node_venv_lib_python3_12_site-packages_PyQt6_Qt6_lib --> node_venv_lib_python3_12_site-packages_PyQt6_Qt6_lib_QtQuickControls2Universal_framework["QtQuickControls2Universal.framework"]\n    node_venv_lib_python3_12_site-packages_PyQt6_Qt6_lib_QtQuickControls2Universal_framework --> node_venv_lib_python3_12_site-packages_PyQt6_Qt6_lib_QtQuickControls2Universal_framework_Resources["Resources"]\n    node_venv_lib_python3_12_site-packages_PyQt6_Qt6_lib_QtQuickControls2Universal_framework_Resources --> node_venv_lib_python3_12_site-packages_PyQt6_Qt6_lib_QtQuickControls2Universal_framework_Resources_Info_plist["Info.plist"]\n    Root --> node_venv["venv"]\n    node_venv --> node_venv_lib["lib"]\n    node_venv_lib --> node_venv_lib_python3_12["python3.12"]\n    node_venv_lib_python3_12 --> node_venv_lib_python3_12_site-packages["site-packages"]\n    node_venv_lib_python3_12_site-packages --> node_venv_lib_python3_12_site-packages_PyQt6["PyQt6"]\n    node_venv_lib_python3_12_site-packages_PyQt6 --> node_venv_lib_python3_12_site-packages_PyQt6_Qt6["Qt6"]\n    node_venv_lib_python3_12_site-packages_PyQt6_Qt6 --> node_venv_lib_python3_12_site-packages_PyQt6_Qt6_lib["lib"]\n    node_venv_lib_python3_12_site-packages_PyQt6_Qt6_lib --> node_venv_lib_python3_12_site-packages_PyQt6_Qt6_lib_QtQuickControls2Universal_framework["QtQuickControls2Universal.framework"]\n    node_venv_lib_python3_12_site-packages_PyQt6_Qt6_lib_QtQuickControls2Universal_framework --> node_venv_lib_python3_12_site-packages_PyQt6_Qt6_lib_QtQuickControls2Universal_framework_Resources["Resources"]\n    node_venv_lib_python3_12_site-packages_PyQt6_Qt6_lib_QtQuickControls2Universal_framework_Resources --> node_venv_lib_python3_12_site-packages_PyQt6_Qt6_lib_QtQuickControls2Universal_framework_Resources_PrivacyInfo_xcprivacy["PrivacyInfo.xcprivacy"]\n    Root --> node_venv["venv"]\n    node_venv --> node_venv_lib["lib"]\n    node_venv_lib --> node_venv_lib_python3_12["python3.12"]\n    node_venv_lib_python3_12 --> node_venv_lib_python3_12_site-packages["site-packages"]\n    node_venv_lib_python3_12_site-packages --> node_venv_lib_python3_12_site-packages_PyQt6["PyQt6"]\n    node_venv_lib_python3_12_site-packages_PyQt6 --> node_venv_lib_python3_12_site-packages_PyQt6_Qt6["Qt6"]\n    node_venv_lib_python3_12_site-packages_PyQt6_Qt6 --> node_venv_lib_python3_12_site-packages_PyQt6_Qt6_lib["lib"]\n    node_venv_lib_python3_12_site-packages_PyQt6_Qt6_lib --> node_venv_lib_python3_12_site-packages_PyQt6_Qt6_lib_QtQuickControls2Universal_framework["QtQuickControls2Universal.framework"]\n    node_venv_lib_python3_12_site-packages_PyQt6_Qt6_lib_QtQuickControls2Universal_framework --> node_venv_lib_python3_12_site-packages_PyQt6_Qt6_lib_QtQuickControls2Universal_framework_Versions["Versions"]\n    node_venv_lib_python3_12_site-packages_PyQt6_Qt6_lib_QtQuickControls2Universal_framework_Versions --> node_venv_lib_python3_12_site-packages_PyQt6_Qt6_lib_QtQuickControls2Universal_framework_Versions_A["A"]\n    node_venv_lib_python3_12_site-packages_PyQt6_Qt6_lib_QtQuickControls2Universal_framework_Versions_A --> node_venv_lib_python3_12_site-packages_PyQt6_Qt6_lib_QtQuickControls2Universal_framework_Versions_A_QtQuickControls2Universal["QtQuickControls2Universal"]\n    Root --> node_venv["venv"]\n    node_venv --> node_venv_lib["lib"]\n    node_venv_lib --> node_venv_lib_python3_12["python3.12"]\n    node_venv_lib_python3_12 --> node_venv_lib_python3_12_site-packages["site-packages"]\n    node_venv_lib_python3_12_site-packages --> node_venv_lib_python3_12_site-packages_PyQt6["PyQt6"]\n    node_venv_lib_python3_12_site-packages_PyQt6 --> node_venv_lib_python3_12_site-packages_PyQt6_Qt6["Qt6"]\n    node_venv_lib_python3_12_site-packages_PyQt6_Qt6 --> node_venv_lib_python3_12_site-packages_PyQt6_Qt6_lib["lib"]\n    node_venv_lib_python3_12_site-packages_PyQt6_Qt6_lib --> node_venv_lib_python3_12_site-packages_PyQt6_Qt6_lib_QtOpenGLWidgets_framework["QtOpenGLWidgets.framework"]\n    node_venv_lib_python3_12_site-packages_PyQt6_Qt6_lib_QtOpenGLWidgets_framework --> node_venv_lib_python3_12_site-packages_PyQt6_Qt6_lib_QtOpenGLWidgets_framework_Resources["Resources"]\n    node_venv_lib_python3_12_site-packages_PyQt6_Qt6_lib_QtOpenGLWidgets_framework_Resources --> node_venv_lib_python3_12_site-packages_PyQt6_Qt6_lib_QtOpenGLWidgets_framework_Resources_Info_plist["Info.plist"]\n    Root --> node_venv["venv"]\n    node_venv --> node_venv_lib["lib"]\n    node_venv_lib --> node_venv_lib_python3_12["python3.12"]\n    node_venv_lib_python3_12 --> node_venv_lib_python3_12_site-packages["site-packages"]\n    node_venv_lib_python3_12_site-packages --> node_venv_lib_python3_12_site-packages_PyQt6["PyQt6"]\n    node_venv_lib_python3_12_site-packages_PyQt6 --> node_venv_lib_python3_12_site-packages_PyQt6_Qt6["Qt6"]\n    node_venv_lib_python3_12_site-packages_PyQt6_Qt6 --> node_venv_lib_python3_12_site-packages_PyQt6_Qt6_lib["lib"]\n    node_venv_lib_python3_12_site-packages_PyQt6_Qt6_lib --> node_venv_lib_python3_12_site-packages_PyQt6_Qt6_lib_QtOpenGLWidgets_framework["QtOpenGLWidgets.framework"]\n    node_venv_lib_python3_12_site-packages_PyQt6_Qt6_lib_QtOpenGLWidgets_framework --> node_venv_lib_python3_12_site-packages_PyQt6_Qt6_lib_QtOpenGLWidgets_framework_Resources["Resources"]\n    node_venv_lib_python3_12_site-packages_PyQt6_Qt6_lib_QtOpenGLWidgets_framework_Resources --> node_venv_lib_python3_12_site-packages_PyQt6_Qt6_lib_QtOpenGLWidgets_framework_Resources_PrivacyInfo_xcprivacy["PrivacyInfo.xcprivacy"]\n    Root --> node_venv["venv"]\n    node_venv --> node_venv_lib["lib"]\n    node_venv_lib --> node_venv_lib_python3_12["python3.12"]\n    node_venv_lib_python3_12 --> node_venv_lib_python3_12_site-packages["site-packages"]\n    node_venv_lib_python3_12_site-packages --> node_venv_lib_python3_12_site-packages_PyQt6["PyQt6"]\n    node_venv_lib_python3_12_site-packages_PyQt6 --> node_venv_lib_python3_12_site-packages_PyQt6_Qt6["Qt6"]\n    node_venv_lib_python3_12_site-packages_PyQt6_Qt6 --> node_venv_lib_python3_12_site-packages_PyQt6_Qt6_lib["lib"]\n    node_venv_lib_python3_12_site-packages_PyQt6_Qt6_lib --> node_venv_lib_python3_12_site-packages_PyQt6_Qt6_lib_QtOpenGLWidgets_framework["QtOpenGLWidgets.framework"]\n    node_venv_lib_python3_12_site-packages_PyQt6_Qt6_lib_QtOpenGLWidgets_framework --> node_venv_lib_python3_12_site-packages_PyQt6_Qt6_lib_QtOpenGLWidgets_framework_Versions["Versions"]\n    node_venv_lib_python3_12_site-packages_PyQt6_Qt6_lib_QtOpenGLWidgets_framework_Versions --> node_venv_lib_python3_12_site-packages_PyQt6_Qt6_lib_QtOpenGLWidgets_framework_Versions_A["A"]\n    node_venv_lib_python3_12_site-packages_PyQt6_Qt6_lib_QtOpenGLWidgets_framework_Versions_A --> node_venv_lib_python3_12_site-packages_PyQt6_Qt6_lib_QtOpenGLWidgets_framework_Versions_A_QtOpenGLWidgets["QtOpenGLWidgets"]\n    Root --> node_venv["venv"]\n    node_venv --> node_venv_lib["lib"]\n    node_venv_lib --> node_venv_lib_python3_12["python3.12"]\n    node_venv_lib_python3_12 --> node_venv_lib_python3_12_site-packages["site-packages"]\n    node_venv_lib_python3_12_site-packages --> node_venv_lib_python3_12_site-packages_PyQt6["PyQt6"]\n    node_venv_lib_python3_12_site-packages_PyQt6 --> node_venv_lib_python3_12_site-packages_PyQt6_Qt6["Qt6"]\n    node_venv_lib_python3_12_site-packages_PyQt6_Qt6 --> node_venv_lib_python3_12_site-packages_PyQt6_Qt6_lib["lib"]\n    node_venv_lib_python3_12_site-packages_PyQt6_Qt6_lib --> node_venv_lib_python3_12_site-packages_PyQt6_Qt6_lib_QtLabsSettings_framework["QtLabsSettings.framework"]\n    node_venv_lib_python3_12_site-packages_PyQt6_Qt6_lib_QtLabsSettings_framework --> node_venv_lib_python3_12_site-packages_PyQt6_Qt6_lib_QtLabsSettings_framework_Resources["Resources"]\n    node_venv_lib_python3_12_site-packages_PyQt6_Qt6_lib_QtLabsSettings_framework_Resources --> node_venv_lib_python3_12_site-packages_PyQt6_Qt6_lib_QtLabsSettings_framework_Resources_Info_plist["Info.plist"]\n    Root --> node_venv["venv"]\n    node_venv --> node_venv_lib["lib"]\n    node_venv_lib --> node_venv_lib_python3_12["python3.12"]\n    node_venv_lib_python3_12 --> node_venv_lib_python3_12_site-packages["site-packages"]\n    node_venv_lib_python3_12_site-packages --> node_venv_lib_python3_12_site-packages_PyQt6["PyQt6"]\n    node_venv_lib_python3_12_site-packages_PyQt6 --> node_venv_lib_python3_12_site-packages_PyQt6_Qt6["Qt6"]\n    node_venv_lib_python3_12_site-packages_PyQt6_Qt6 --> node_venv_lib_python3_12_site-packages_PyQt6_Qt6_lib["lib"]\n    node_venv_lib_python3_12_site-packages_PyQt6_Qt6_lib --> node_venv_lib_python3_12_site-packages_PyQt6_Qt6_lib_QtLabsSettings_framework["QtLabsSettings.framework"]\n    node_venv_lib_python3_12_site-packages_PyQt6_Qt6_lib_QtLabsSettings_framework --> node_venv_lib_python3_12_site-packages_PyQt6_Qt6_lib_QtLabsSettings_framework_Resources["Resources"]\n    node_venv_lib_python3_12_site-packages_PyQt6_Qt6_lib_QtLabsSettings_framework_Resources --> node_venv_lib_python3_12_site-packages_PyQt6_Qt6_lib_QtLabsSettings_framework_Resources_PrivacyInfo_xcprivacy["PrivacyInfo.xcprivacy"]\n    Root --> node_venv["venv"]\n    node_venv --> node_venv_lib["lib"]\n    node_venv_lib --> node_venv_lib_python3_12["python3.12"]\n    node_venv_lib_python3_12 --> node_venv_lib_python3_12_site-packages["site-packages"]\n    node_venv_lib_python3_12_site-packages --> node_venv_lib_python3_12_site-packages_PyQt6["PyQt6"]\n    node_venv_lib_python3_12_site-packages_PyQt6 --> node_venv_lib_python3_12_site-packages_PyQt6_Qt6["Qt6"]\n    node_venv_lib_python3_12_site-packages_PyQt6_Qt6 --> node_venv_lib_python3_12_site-packages_PyQt6_Qt6_lib["lib"]\n    node_venv_lib_python3_12_site-packages_PyQt6_Qt6_lib --> node_venv_lib_python3_12_site-packages_PyQt6_Qt6_lib_QtLabsSettings_framework["QtLabsSettings.framework"]\n    node_venv_lib_python3_12_site-packages_PyQt6_Qt6_lib_QtLabsSettings_framework --> node_venv_lib_python3_12_site-packages_PyQt6_Qt6_lib_QtLabsSettings_framework_Versions["Versions"]\n    node_venv_lib_python3_12_site-packages_PyQt6_Qt6_lib_QtLabsSettings_framework_Versions --> node_venv_lib_python3_12_site-packages_PyQt6_Qt6_lib_QtLabsSettings_framework_Versions_A["A"]\n    node_venv_lib_python3_12_site-packages_PyQt6_Qt6_lib_QtLabsSettings_framework_Versions_A --> node_venv_lib_python3_12_site-packages_PyQt6_Qt6_lib_QtLabsSettings_framework_Versions_A_QtLabsSettings["QtLabsSettings"]\n    Root --> node_venv["venv"]\n    node_venv --> node_venv_lib["lib"]\n    node_venv_lib --> node_venv_lib_python3_12["python3.12"]\n    node_venv_lib_python3_12 --> node_venv_lib_python3_12_site-packages["site-packages"]\n    node_venv_lib_python3_12_site-packages --> node_venv_lib_python3_12_site-packages_PyQt6["PyQt6"]\n    node_venv_lib_python3_12_site-packages_PyQt6 --> node_venv_lib_python3_12_site-packages_PyQt6_Qt6["Qt6"]\n    node_venv_lib_python3_12_site-packages_PyQt6_Qt6 --> node_venv_lib_python3_12_site-packages_PyQt6_Qt6_lib["lib"]\n    node_venv_lib_python3_12_site-packages_PyQt6_Qt6_lib --> node_venv_lib_python3_12_site-packages_PyQt6_Qt6_lib_QtSvgWidgets_framework["QtSvgWidgets.framework"]\n    node_venv_lib_python3_12_site-packages_PyQt6_Qt6_lib_QtSvgWidgets_framework --> node_venv_lib_python3_12_site-packages_PyQt6_Qt6_lib_QtSvgWidgets_framework_Resources["Resources"]\n    node_venv_lib_python3_12_site-packages_PyQt6_Qt6_lib_QtSvgWidgets_framework_Resources --> node_venv_lib_python3_12_site-packages_PyQt6_Qt6_lib_QtSvgWidgets_framework_Resources_Info_plist["Info.plist"]\n    Root --> node_venv["venv"]\n    node_venv --> node_venv_lib["lib"]\n    node_venv_lib --> node_venv_lib_python3_12["python3.12"]\n    node_venv_lib_python3_12 --> node_venv_lib_python3_12_site-packages["site-packages"]\n    node_venv_lib_python3_12_site-packages --> node_venv_lib_python3_12_site-packages_PyQt6["PyQt6"]\n    node_venv_lib_python3_12_site-packages_PyQt6 --> node_venv_lib_python3_12_site-packages_PyQt6_Qt6["Qt6"]\n    node_venv_lib_python3_12_site-packages_PyQt6_Qt6 --> node_venv_lib_python3_12_site-packages_PyQt6_Qt6_lib["lib"]\n    node_venv_lib_python3_12_site-packages_PyQt6_Qt6_lib --> node_venv_lib_python3_12_site-packages_PyQt6_Qt6_lib_QtSvgWidgets_framework["QtSvgWidgets.framework"]\n    node_venv_lib_python3_12_site-packages_PyQt6_Qt6_lib_QtSvgWidgets_framework --> node_venv_lib_python3_12_site-packages_PyQt6_Qt6_lib_QtSvgWidgets_framework_Resources["Resources"]\n    node_venv_lib_python3_12_site-packages_PyQt6_Qt6_lib_QtSvgWidgets_framework_Resources --> node_venv_lib_python3_12_site-packages_PyQt6_Qt6_lib_QtSvgWidgets_framework_Resources_PrivacyInfo_xcprivacy["PrivacyInfo.xcprivacy"]\n    Root --> node_venv["venv"]\n    node_venv --> node_venv_lib["lib"]\n    node_venv_lib --> node_venv_lib_python3_12["python3.12"]\n    node_venv_lib_python3_12 --> node_venv_lib_python3_12_site-packages["site-packages"]\n    node_venv_lib_python3_12_site-packages --> node_venv_lib_python3_12_site-packages_PyQt6["PyQt6"]\n    node_venv_lib_python3_12_site-packages_PyQt6 --> node_venv_lib_python3_12_site-packages_PyQt6_Qt6["Qt6"]\n    node_venv_lib_python3_12_site-packages_PyQt6_Qt6 --> node_venv_lib_python3_12_site-packages_PyQt6_Qt6_lib["lib"]\n    node_venv_lib_python3_12_site-packages_PyQt6_Qt6_lib --> node_venv_lib_python3_12_site-packages_PyQt6_Qt6_lib_QtSvgWidgets_framework["QtSvgWidgets.framework"]\n    node_venv_lib_python3_12_site-packages_PyQt6_Qt6_lib_QtSvgWidgets_framework --> node_venv_lib_python3_12_site-packages_PyQt6_Qt6_lib_QtSvgWidgets_framework_Versions["Versions"]\n    node_venv_lib_python3_12_site-packages_PyQt6_Qt6_lib_QtSvgWidgets_framework_Versions --> node_venv_lib_python3_12_site-packages_PyQt6_Qt6_lib_QtSvgWidgets_framework_Versions_A["A"]\n    node_venv_lib_python3_12_site-packages_PyQt6_Qt6_lib_QtSvgWidgets_framework_Versions_A --> node_venv_lib_python3_12_site-packages_PyQt6_Qt6_lib_QtSvgWidgets_framework_Versions_A_QtSvgWidgets["QtSvgWidgets"]\n    Root --> node_venv["venv"]\n    node_venv --> node_venv_lib["lib"]\n    node_venv_lib --> node_venv_lib_python3_12["python3.12"]\n    node_venv_lib_python3_12 --> node_venv_lib_python3_12_site-packages["site-packages"]\n    node_venv_lib_python3_12_site-packages --> node_venv_lib_python3_12_site-packages_PyQt6["PyQt6"]\n    node_venv_lib_python3_12_site-packages_PyQt6 --> node_venv_lib_python3_12_site-packages_PyQt6_Qt6["Qt6"]\n    node_venv_lib_python3_12_site-packages_PyQt6_Qt6 --> node_venv_lib_python3_12_site-packages_PyQt6_Qt6_lib["lib"]\n    node_venv_lib_python3_12_site-packages_PyQt6_Qt6_lib --> node_venv_lib_python3_12_site-packages_PyQt6_Qt6_lib_QtQuickControls2MacOSStyleImpl_framework["QtQuickControls2MacOSStyleImpl.framework"]\n    node_venv_lib_python3_12_site-packages_PyQt6_Qt6_lib_QtQuickControls2MacOSStyleImpl_framework --> node_venv_lib_python3_12_site-packages_PyQt6_Qt6_lib_QtQuickControls2MacOSStyleImpl_framework_Resources["Resources"]\n    node_venv_lib_python3_12_site-packages_PyQt6_Qt6_lib_QtQuickControls2MacOSStyleImpl_framework_Resources --> node_venv_lib_python3_12_site-packages_PyQt6_Qt6_lib_QtQuickControls2MacOSStyleImpl_framework_Resources_Info_plist["Info.plist"]\n    Root --> node_venv["venv"]\n    node_venv --> node_venv_lib["lib"]\n    node_venv_lib --> node_venv_lib_python3_12["python3.12"]\n    node_venv_lib_python3_12 --> node_venv_lib_python3_12_site-packages["site-packages"]\n    node_venv_lib_python3_12_site-packages --> node_venv_lib_python3_12_site-packages_PyQt6["PyQt6"]\n    node_venv_lib_python3_12_site-packages_PyQt6 --> node_venv_lib_python3_12_site-packages_PyQt6_Qt6["Qt6"]\n    node_venv_lib_python3_12_site-packages_PyQt6_Qt6 --> node_venv_lib_python3_12_site-packages_PyQt6_Qt6_lib["lib"]\n    node_venv_lib_python3_12_site-packages_PyQt6_Qt6_lib --> node_venv_lib_python3_12_site-packages_PyQt6_Qt6_lib_QtQuickControls2MacOSStyleImpl_framework["QtQuickControls2MacOSStyleImpl.framework"]\n    node_venv_lib_python3_12_site-packages_PyQt6_Qt6_lib_QtQuickControls2MacOSStyleImpl_framework --> node_venv_lib_python3_12_site-packages_PyQt6_Qt6_lib_QtQuickControls2MacOSStyleImpl_framework_Resources["Resources"]\n    node_venv_lib_python3_12_site-packages_PyQt6_Qt6_lib_QtQuickControls2MacOSStyleImpl_framework_Resources --> node_venv_lib_python3_12_site-packages_PyQt6_Qt6_lib_QtQuickControls2MacOSStyleImpl_framework_Resources_PrivacyInfo_xcprivacy["PrivacyInfo.xcprivacy"]\n    Root --> node_venv["venv"]\n    node_venv --> node_venv_lib["lib"]\n    node_venv_lib --> node_venv_lib_python3_12["python3.12"]\n    node_venv_lib_python3_12 --> node_venv_lib_python3_12_site-packages["site-packages"]\n    node_venv_lib_python3_12_site-packages --> node_venv_lib_python3_12_site-packages_PyQt6["PyQt6"]\n    node_venv_lib_python3_12_site-packages_PyQt6 --> node_venv_lib_python3_12_site-packages_PyQt6_Qt6["Qt6"]\n    node_venv_lib_python3_12_site-packages_PyQt6_Qt6 --> node_venv_lib_python3_12_site-packages_PyQt6_Qt6_lib["lib"]\n    node_venv_lib_python3_12_site-packages_PyQt6_Qt6_lib --> node_venv_lib_python3_12_site-packages_PyQt6_Qt6_lib_QtQuickControls2MacOSStyleImpl_framework["QtQuickControls2MacOSStyleImpl.framework"]\n    node_venv_lib_python3_12_site-packages_PyQt6_Qt6_lib_QtQuickControls2MacOSStyleImpl_framework --> node_venv_lib_python3_12_site-packages_PyQt6_Qt6_lib_QtQuickControls2MacOSStyleImpl_framework_Versions["Versions"]\n    node_venv_lib_python3_12_site-packages_PyQt6_Qt6_lib_QtQuickControls2MacOSStyleImpl_framework_Versions --> node_venv_lib_python3_12_site-packages_PyQt6_Qt6_lib_QtQuickControls2MacOSStyleImpl_framework_Versions_A["A"]\n    node_venv_lib_python3_12_site-packages_PyQt6_Qt6_lib_QtQuickControls2MacOSStyleImpl_framework_Versions_A --> node_venv_lib_python3_12_site-packages_PyQt6_Qt6_lib_QtQuickControls2MacOSStyleImpl_framework_Versions_A_QtQuickControls2MacOSStyleImpl["QtQuickControls2MacOSStyleImpl"]\n    Root --> node_venv["venv"]\n    node_venv --> node_venv_lib["lib"]\n    node_venv_lib --> node_venv_lib_python3_12["python3.12"]\n    node_venv_lib_python3_12 --> node_venv_lib_python3_12_site-packages["site-packages"]\n    node_venv_lib_python3_12_site-packages --> node_venv_lib_python3_12_site-packages_PyQt6["PyQt6"]\n    node_venv_lib_python3_12_site-packages_PyQt6 --> node_venv_lib_python3_12_site-packages_PyQt6_Qt6["Qt6"]\n    node_venv_lib_python3_12_site-packages_PyQt6_Qt6 --> node_venv_lib_python3_12_site-packages_PyQt6_Qt6_lib["lib"]\n    node_venv_lib_python3_12_site-packages_PyQt6_Qt6_lib --> node_venv_lib_python3_12_site-packages_PyQt6_Qt6_lib_QtQuickControls2MaterialStyleImpl_framework["QtQuickControls2MaterialStyleImpl.framework"]\n    node_venv_lib_python3_12_site-packages_PyQt6_Qt6_lib_QtQuickControls2MaterialStyleImpl_framework --> node_venv_lib_python3_12_site-packages_PyQt6_Qt6_lib_QtQuickControls2MaterialStyleImpl_framework_Resources["Resources"]\n    node_venv_lib_python3_12_site-packages_PyQt6_Qt6_lib_QtQuickControls2MaterialStyleImpl_framework_Resources --> node_venv_lib_python3_12_site-packages_PyQt6_Qt6_lib_QtQuickControls2MaterialStyleImpl_framework_Resources_Info_plist["Info.plist"]\n    Root --> node_venv["venv"]\n    node_venv --> node_venv_lib["lib"]\n    node_venv_lib --> node_venv_lib_python3_12["python3.12"]\n    node_venv_lib_python3_12 --> node_venv_lib_python3_12_site-packages["site-packages"]\n    node_venv_lib_python3_12_site-packages --> node_venv_lib_python3_12_site-packages_PyQt6["PyQt6"]\n    node_venv_lib_python3_12_site-packages_PyQt6 --> node_venv_lib_python3_12_site-packages_PyQt6_Qt6["Qt6"]\n    node_venv_lib_python3_12_site-packages_PyQt6_Qt6 --> node_venv_lib_python3_12_site-packages_PyQt6_Qt6_lib["lib"]\n    node_venv_lib_python3_12_site-packages_PyQt6_Qt6_lib --> node_venv_lib_python3_12_site-packages_PyQt6_Qt6_lib_QtQuickControls2MaterialStyleImpl_framework["QtQuickControls2MaterialStyleImpl.framework"]\n    node_venv_lib_python3_12_site-packages_PyQt6_Qt6_lib_QtQuickControls2MaterialStyleImpl_framework --> node_venv_lib_python3_12_site-packages_PyQt6_Qt6_lib_QtQuickControls2MaterialStyleImpl_framework_Resources["Resources"]\n    node_venv_lib_python3_12_site-packages_PyQt6_Qt6_lib_QtQuickControls2MaterialStyleImpl_framework_Resources --> node_venv_lib_python3_12_site-packages_PyQt6_Qt6_lib_QtQuickControls2MaterialStyleImpl_framework_Resources_PrivacyInfo_xcprivacy["PrivacyInfo.xcprivacy"]\n    Root --> node_venv["venv"]\n    node_venv --> node_venv_lib["lib"]\n    node_venv_lib --> node_venv_lib_python3_12["python3.12"]\n    node_venv_lib_python3_12 --> node_venv_lib_python3_12_site-packages["site-packages"]\n    node_venv_lib_python3_12_site-packages --> node_venv_lib_python3_12_site-packages_PyQt6["PyQt6"]\n    node_venv_lib_python3_12_site-packages_PyQt6 --> node_venv_lib_python3_12_site-packages_PyQt6_Qt6["Qt6"]\n    node_venv_lib_python3_12_site-packages_PyQt6_Qt6 --> node_venv_lib_python3_12_site-packages_PyQt6_Qt6_lib["lib"]\n    node_venv_lib_python3_12_site-packages_PyQt6_Qt6_lib --> node_venv_lib_python3_12_site-packages_PyQt6_Qt6_lib_QtQuickControls2MaterialStyleImpl_framework["QtQuickControls2MaterialStyleImpl.framework"]\n    node_venv_lib_python3_12_site-packages_PyQt6_Qt6_lib_QtQuickControls2MaterialStyleImpl_framework --> node_venv_lib_python3_12_site-packages_PyQt6_Qt6_lib_QtQuickControls2MaterialStyleImpl_framework_Versions["Versions"]\n    node_venv_lib_python3_12_site-packages_PyQt6_Qt6_lib_QtQuickControls2MaterialStyleImpl_framework_Versions --> node_venv_lib_python3_12_site-packages_PyQt6_Qt6_lib_QtQuickControls2MaterialStyleImpl_framework_Versions_A["A"]\n    node_venv_lib_python3_12_site-packages_PyQt6_Qt6_lib_QtQuickControls2MaterialStyleImpl_framework_Versions_A --> node_venv_lib_python3_12_site-packages_PyQt6_Qt6_lib_QtQuickControls2MaterialStyleImpl_framework_Versions_A_QtQuickControls2MaterialStyleImpl["QtQuickControls2MaterialStyleImpl"]\n    Root --> node_venv["venv"]\n    node_venv --> node_venv_lib["lib"]\n    node_venv_lib --> node_venv_lib_python3_12["python3.12"]\n    node_venv_lib_python3_12 --> node_venv_lib_python3_12_site-packages["site-packages"]\n    node_venv_lib_python3_12_site-packages --> node_venv_lib_python3_12_site-packages_PyQt6["PyQt6"]\n    node_venv_lib_python3_12_site-packages_PyQt6 --> node_venv_lib_python3_12_site-packages_PyQt6_Qt6["Qt6"]\n    node_venv_lib_python3_12_site-packages_PyQt6_Qt6 --> node_venv_lib_python3_12_site-packages_PyQt6_Qt6_lib["lib"]\n    node_venv_lib_python3_12_site-packages_PyQt6_Qt6_lib --> node_venv_lib_python3_12_site-packages_PyQt6_Qt6_lib_QtTest_framework["QtTest.framework"]\n    node_venv_lib_python3_12_site-packages_PyQt6_Qt6_lib_QtTest_framework --> node_venv_lib_python3_12_site-packages_PyQt6_Qt6_lib_QtTest_framework_Resources["Resources"]\n    node_venv_lib_python3_12_site-packages_PyQt6_Qt6_lib_QtTest_framework_Resources --> node_venv_lib_python3_12_site-packages_PyQt6_Qt6_lib_QtTest_framework_Resources_Info_plist["Info.plist"]\n    Root --> node_venv["venv"]\n    node_venv --> node_venv_lib["lib"]\n    node_venv_lib --> node_venv_lib_python3_12["python3.12"]\n    node_venv_lib_python3_12 --> node_venv_lib_python3_12_site-packages["site-packages"]\n    node_venv_lib_python3_12_site-packages --> node_venv_lib_python3_12_site-packages_PyQt6["PyQt6"]\n    node_venv_lib_python3_12_site-packages_PyQt6 --> node_venv_lib_python3_12_site-packages_PyQt6_Qt6["Qt6"]\n    node_venv_lib_python3_12_site-packages_PyQt6_Qt6 --> node_venv_lib_python3_12_site-packages_PyQt6_Qt6_lib["lib"]\n    node_venv_lib_python3_12_site-packages_PyQt6_Qt6_lib --> node_venv_lib_python3_12_site-packages_PyQt6_Qt6_lib_QtTest_framework["QtTest.framework"]\n    node_venv_lib_python3_12_site-packages_PyQt6_Qt6_lib_QtTest_framework --> node_venv_lib_python3_12_site-packages_PyQt6_Qt6_lib_QtTest_framework_Resources["Resources"]\n    node_venv_lib_python3_12_site-packages_PyQt6_Qt6_lib_QtTest_framework_Resources --> node_venv_lib_python3_12_site-packages_PyQt6_Qt6_lib_QtTest_framework_Resources_PrivacyInfo_xcprivacy["PrivacyInfo.xcprivacy"]\n    Root --> node_venv["venv"]\n    node_venv --> node_venv_lib["lib"]\n    node_venv_lib --> node_venv_lib_python3_12["python3.12"]\n    node_venv_lib_python3_12 --> node_venv_lib_python3_12_site-packages["site-packages"]\n    node_venv_lib_python3_12_site-packages --> node_venv_lib_python3_12_site-packages_PyQt6["PyQt6"]\n    node_venv_lib_python3_12_site-packages_PyQt6 --> node_venv_lib_python3_12_site-packages_PyQt6_Qt6["Qt6"]\n    node_venv_lib_python3_12_site-packages_PyQt6_Qt6 --> node_venv_lib_python3_12_site-packages_PyQt6_Qt6_lib["lib"]\n    node_venv_lib_python3_12_site-packages_PyQt6_Qt6_lib --> node_venv_lib_python3_12_site-packages_PyQt6_Qt6_lib_QtTest_framework["QtTest.framework"]\n    node_venv_lib_python3_12_site-packages_PyQt6_Qt6_lib_QtTest_framework --> node_venv_lib_python3_12_site-packages_PyQt6_Qt6_lib_QtTest_framework_Versions["Versions"]\n    node_venv_lib_python3_12_site-packages_PyQt6_Qt6_lib_QtTest_framework_Versions --> node_venv_lib_python3_12_site-packages_PyQt6_Qt6_lib_QtTest_framework_Versions_A["A"]\n    node_venv_lib_python3_12_site-packages_PyQt6_Qt6_lib_QtTest_framework_Versions_A --> node_venv_lib_python3_12_site-packages_PyQt6_Qt6_lib_QtTest_framework_Versions_A_QtTest["QtTest"]\n    Root --> node_venv["venv"]\n    node_venv --> node_venv_lib["lib"]\n    node_venv_lib --> node_venv_lib_python3_12["python3.12"]\n    node_venv_lib_python3_12 --> node_venv_lib_python3_12_site-packages["site-packages"]\n    node_venv_lib_python3_12_site-packages --> node_venv_lib_python3_12_site-packages_PyQt6["PyQt6"]\n    node_venv_lib_python3_12_site-packages_PyQt6 --> node_venv_lib_python3_12_site-packages_PyQt6_Qt6["Qt6"]\n    node_venv_lib_python3_12_site-packages_PyQt6_Qt6 --> node_venv_lib_python3_12_site-packages_PyQt6_Qt6_lib["lib"]\n    node_venv_lib_python3_12_site-packages_PyQt6_Qt6_lib --> node_venv_lib_python3_12_site-packages_PyQt6_Qt6_lib_QtWidgets_framework["QtWidgets.framework"]\n    node_venv_lib_python3_12_site-packages_PyQt6_Qt6_lib_QtWidgets_framework --> node_venv_lib_python3_12_site-packages_PyQt6_Qt6_lib_QtWidgets_framework_Resources["Resources"]\n    node_venv_lib_python3_12_site-packages_PyQt6_Qt6_lib_QtWidgets_framework_Resources --> node_venv_lib_python3_12_site-packages_PyQt6_Qt6_lib_QtWidgets_framework_Resources_Info_plist["Info.plist"]\n    Root --> node_venv["venv"]\n    node_venv --> node_venv_lib["lib"]\n    node_venv_lib --> node_venv_lib_python3_12["python3.12"]\n    node_venv_lib_python3_12 --> node_venv_lib_python3_12_site-packages["site-packages"]\n    node_venv_lib_python3_12_site-packages --> node_venv_lib_python3_12_site-packages_PyQt6["PyQt6"]\n    node_venv_lib_python3_12_site-packages_PyQt6 --> node_venv_lib_python3_12_site-packages_PyQt6_Qt6["Qt6"]\n    node_venv_lib_python3_12_site-packages_PyQt6_Qt6 --> node_venv_lib_python3_12_site-packages_PyQt6_Qt6_lib["lib"]\n    node_venv_lib_python3_12_site-packages_PyQt6_Qt6_lib --> node_venv_lib_python3_12_site-packages_PyQt6_Qt6_lib_QtWidgets_framework["QtWidgets.framework"]\n    node_venv_lib_python3_12_site-packages_PyQt6_Qt6_lib_QtWidgets_framework --> node_venv_lib_python3_12_site-packages_PyQt6_Qt6_lib_QtWidgets_framework_Resources["Resources"]\n    node_venv_lib_python3_12_site-packages_PyQt6_Qt6_lib_QtWidgets_framework_Resources --> node_venv_lib_python3_12_site-packages_PyQt6_Qt6_lib_QtWidgets_framework_Resources_PrivacyInfo_xcprivacy["PrivacyInfo.xcprivacy"]\n    Root --> node_venv["venv"]\n    node_venv --> node_venv_lib["lib"]\n    node_venv_lib --> node_venv_lib_python3_12["python3.12"]\n    node_venv_lib_python3_12 --> node_venv_lib_python3_12_site-packages["site-packages"]\n    node_venv_lib_python3_12_site-packages --> node_venv_lib_python3_12_site-packages_PyQt6["PyQt6"]\n    node_venv_lib_python3_12_site-packages_PyQt6 --> node_venv_lib_python3_12_site-packages_PyQt6_Qt6["Qt6"]\n    node_venv_lib_python3_12_site-packages_PyQt6_Qt6 --> node_venv_lib_python3_12_site-packages_PyQt6_Qt6_lib["lib"]\n    node_venv_lib_python3_12_site-packages_PyQt6_Qt6_lib --> node_venv_lib_python3_12_site-packages_PyQt6_Qt6_lib_QtWidgets_framework["QtWidgets.framework"]\n    node_venv_lib_python3_12_site-packages_PyQt6_Qt6_lib_QtWidgets_framework --> node_venv_lib_python3_12_site-packages_PyQt6_Qt6_lib_QtWidgets_framework_Versions["Versions"]\n    node_venv_lib_python3_12_site-packages_PyQt6_Qt6_lib_QtWidgets_framework_Versions --> node_venv_lib_python3_12_site-packages_PyQt6_Qt6_lib_QtWidgets_framework_Versions_A["A"]\n    node_venv_lib_python3_12_site-packages_PyQt6_Qt6_lib_QtWidgets_framework_Versions_A --> node_venv_lib_python3_12_site-packages_PyQt6_Qt6_lib_QtWidgets_framework_Versions_A_QtWidgets["QtWidgets"]\n    Root --> node_venv["venv"]\n    node_venv --> node_venv_lib["lib"]\n    node_venv_lib --> node_venv_lib_python3_12["python3.12"]\n    node_venv_lib_python3_12 --> node_venv_lib_python3_12_site-packages["site-packages"]\n    node_venv_lib_python3_12_site-packages --> node_venv_lib_python3_12_site-packages_PyQt6["PyQt6"]\n    node_venv_lib_python3_12_site-packages_PyQt6 --> node_venv_lib_python3_12_site-packages_PyQt6_Qt6["Qt6"]\n    node_venv_lib_python3_12_site-packages_PyQt6_Qt6 --> node_venv_lib_python3_12_site-packages_PyQt6_Qt6_lib["lib"]\n    node_venv_lib_python3_12_site-packages_PyQt6_Qt6_lib --> node_venv_lib_python3_12_site-packages_PyQt6_Qt6_lib_QtPositioning_framework["QtPositioning.framework"]\n    node_venv_lib_python3_12_site-packages_PyQt6_Qt6_lib_QtPositioning_framework --> node_venv_lib_python3_12_site-packages_PyQt6_Qt6_lib_QtPositioning_framework_Resources["Resources"]\n    node_venv_lib_python3_12_site-packages_PyQt6_Qt6_lib_QtPositioning_framework_Resources --> node_venv_lib_python3_12_site-packages_PyQt6_Qt6_lib_QtPositioning_framework_Resources_Info_plist["Info.plist"]\n    Root --> node_venv["venv"]\n    node_venv --> node_venv_lib["lib"]\n    node_venv_lib --> node_venv_lib_python3_12["python3.12"]\n    node_venv_lib_python3_12 --> node_venv_lib_python3_12_site-packages["site-packages"]\n    node_venv_lib_python3_12_site-packages --> node_venv_lib_python3_12_site-packages_PyQt6["PyQt6"]\n    node_venv_lib_python3_12_site-packages_PyQt6 --> node_venv_lib_python3_12_site-packages_PyQt6_Qt6["Qt6"]\n    node_venv_lib_python3_12_site-packages_PyQt6_Qt6 --> node_venv_lib_python3_12_site-packages_PyQt6_Qt6_lib["lib"]\n    node_venv_lib_python3_12_site-packages_PyQt6_Qt6_lib --> node_venv_lib_python3_12_site-packages_PyQt6_Qt6_lib_QtPositioning_framework["QtPositioning.framework"]\n    node_venv_lib_python3_12_site-packages_PyQt6_Qt6_lib_QtPositioning_framework --> node_venv_lib_python3_12_site-packages_PyQt6_Qt6_lib_QtPositioning_framework_Resources["Resources"]\n    node_venv_lib_python3_12_site-packages_PyQt6_Qt6_lib_QtPositioning_framework_Resources --> node_venv_lib_python3_12_site-packages_PyQt6_Qt6_lib_QtPositioning_framework_Resources_PrivacyInfo_xcprivacy["PrivacyInfo.xcprivacy"]\n    Root --> node_venv["venv"]\n    node_venv --> node_venv_lib["lib"]\n    node_venv_lib --> node_venv_lib_python3_12["python3.12"]\n    node_venv_lib_python3_12 --> node_venv_lib_python3_12_site-packages["site-packages"]\n    node_venv_lib_python3_12_site-packages --> node_venv_lib_python3_12_site-packages_PyQt6["PyQt6"]\n    node_venv_lib_python3_12_site-packages_PyQt6 --> node_venv_lib_python3_12_site-packages_PyQt6_Qt6["Qt6"]\n    node_venv_lib_python3_12_site-packages_PyQt6_Qt6 --> node_venv_lib_python3_12_site-packages_PyQt6_Qt6_lib["lib"]\n    node_venv_lib_python3_12_site-packages_PyQt6_Qt6_lib --> node_venv_lib_python3_12_site-packages_PyQt6_Qt6_lib_QtPositioning_framework["QtPositioning.framework"]\n    node_venv_lib_python3_12_site-packages_PyQt6_Qt6_lib_QtPositioning_framework --> node_venv_lib_python3_12_site-packages_PyQt6_Qt6_lib_QtPositioning_framework_Versions["Versions"]\n    node_venv_lib_python3_12_site-packages_PyQt6_Qt6_lib_QtPositioning_framework_Versions --> node_venv_lib_python3_12_site-packages_PyQt6_Qt6_lib_QtPositioning_framework_Versions_A["A"]\n    node_venv_lib_python3_12_site-packages_PyQt6_Qt6_lib_QtPositioning_framework_Versions_A --> node_venv_lib_python3_12_site-packages_PyQt6_Qt6_lib_QtPositioning_framework_Versions_A_QtPositioning["QtPositioning"]\n    Root --> node_venv["venv"]\n    node_venv --> node_venv_lib["lib"]\n    node_venv_lib --> node_venv_lib_python3_12["python3.12"]\n    node_venv_lib_python3_12 --> node_venv_lib_python3_12_site-packages["site-packages"]\n    node_venv_lib_python3_12_site-packages --> node_venv_lib_python3_12_site-packages_PyQt6["PyQt6"]\n    node_venv_lib_python3_12_site-packages_PyQt6 --> node_venv_lib_python3_12_site-packages_PyQt6_Qt6["Qt6"]\n    node_venv_lib_python3_12_site-packages_PyQt6_Qt6 --> node_venv_lib_python3_12_site-packages_PyQt6_Qt6_lib["lib"]\n    node_venv_lib_python3_12_site-packages_PyQt6_Qt6_lib --> node_venv_lib_python3_12_site-packages_PyQt6_Qt6_lib_QtBluetooth_framework["QtBluetooth.framework"]\n    node_venv_lib_python3_12_site-packages_PyQt6_Qt6_lib_QtBluetooth_framework --> node_venv_lib_python3_12_site-packages_PyQt6_Qt6_lib_QtBluetooth_framework_Resources["Resources"]\n    node_venv_lib_python3_12_site-packages_PyQt6_Qt6_lib_QtBluetooth_framework_Resources --> node_venv_lib_python3_12_site-packages_PyQt6_Qt6_lib_QtBluetooth_framework_Resources_Info_plist["Info.plist"]\n    Root --> node_venv["venv"]\n    node_venv --> node_venv_lib["lib"]\n    node_venv_lib --> node_venv_lib_python3_12["python3.12"]\n    node_venv_lib_python3_12 --> node_venv_lib_python3_12_site-packages["site-packages"]\n    node_venv_lib_python3_12_site-packages --> node_venv_lib_python3_12_site-packages_PyQt6["PyQt6"]\n    node_venv_lib_python3_12_site-packages_PyQt6 --> node_venv_lib_python3_12_site-packages_PyQt6_Qt6["Qt6"]\n    node_venv_lib_python3_12_site-packages_PyQt6_Qt6 --> node_venv_lib_python3_12_site-packages_PyQt6_Qt6_lib["lib"]\n    node_venv_lib_python3_12_site-packages_PyQt6_Qt6_lib --> node_venv_lib_python3_12_site-packages_PyQt6_Qt6_lib_QtBluetooth_framework["QtBluetooth.framework"]\n    node_venv_lib_python3_12_site-packages_PyQt6_Qt6_lib_QtBluetooth_framework --> node_venv_lib_python3_12_site-packages_PyQt6_Qt6_lib_QtBluetooth_framework_Resources["Resources"]\n    node_venv_lib_python3_12_site-packages_PyQt6_Qt6_lib_QtBluetooth_framework_Resources --> node_venv_lib_python3_12_site-packages_PyQt6_Qt6_lib_QtBluetooth_framework_Resources_PrivacyInfo_xcprivacy["PrivacyInfo.xcprivacy"]\n    Root --> node_venv["venv"]\n    node_venv --> node_venv_lib["lib"]\n    node_venv_lib --> node_venv_lib_python3_12["python3.12"]\n    node_venv_lib_python3_12 --> node_venv_lib_python3_12_site-packages["site-packages"]\n    node_venv_lib_python3_12_site-packages --> node_venv_lib_python3_12_site-packages_PyQt6["PyQt6"]\n    node_venv_lib_python3_12_site-packages_PyQt6 --> node_venv_lib_python3_12_site-packages_PyQt6_Qt6["Qt6"]\n    node_venv_lib_python3_12_site-packages_PyQt6_Qt6 --> node_venv_lib_python3_12_site-packages_PyQt6_Qt6_lib["lib"]\n    node_venv_lib_python3_12_site-packages_PyQt6_Qt6_lib --> node_venv_lib_python3_12_site-packages_PyQt6_Qt6_lib_QtBluetooth_framework["QtBluetooth.framework"]\n    node_venv_lib_python3_12_site-packages_PyQt6_Qt6_lib_QtBluetooth_framework --> node_venv_lib_python3_12_site-packages_PyQt6_Qt6_lib_QtBluetooth_framework_Versions["Versions"]\n    node_venv_lib_python3_12_site-packages_PyQt6_Qt6_lib_QtBluetooth_framework_Versions --> node_venv_lib_python3_12_site-packages_PyQt6_Qt6_lib_QtBluetooth_framework_Versions_A["A"]\n    node_venv_lib_python3_12_site-packages_PyQt6_Qt6_lib_QtBluetooth_framework_Versions_A --> node_venv_lib_python3_12_site-packages_PyQt6_Qt6_lib_QtBluetooth_framework_Versions_A_QtBluetooth["QtBluetooth"]\n    Root --> node_venv["venv"]\n    node_venv --> node_venv_lib["lib"]\n    node_venv_lib --> node_venv_lib_python3_12["python3.12"]\n    node_venv_lib_python3_12 --> node_venv_lib_python3_12_site-packages["site-packages"]\n    node_venv_lib_python3_12_site-packages --> node_venv_lib_python3_12_site-packages_PyQt6["PyQt6"]\n    node_venv_lib_python3_12_site-packages_PyQt6 --> node_venv_lib_python3_12_site-packages_PyQt6_Qt6["Qt6"]\n    node_venv_lib_python3_12_site-packages_PyQt6_Qt6 --> node_venv_lib_python3_12_site-packages_PyQt6_Qt6_lib["lib"]\n    node_venv_lib_python3_12_site-packages_PyQt6_Qt6_lib --> node_venv_lib_python3_12_site-packages_PyQt6_Qt6_lib_QtQuick3D_framework["QtQuick3D.framework"]\n    node_venv_lib_python3_12_site-packages_PyQt6_Qt6_lib_QtQuick3D_framework --> node_venv_lib_python3_12_site-packages_PyQt6_Qt6_lib_QtQuick3D_framework_Resources["Resources"]\n    node_venv_lib_python3_12_site-packages_PyQt6_Qt6_lib_QtQuick3D_framework_Resources --> node_venv_lib_python3_12_site-packages_PyQt6_Qt6_lib_QtQuick3D_framework_Resources_Info_plist["Info.plist"]\n    Root --> node_venv["venv"]\n    node_venv --> node_venv_lib["lib"]\n    node_venv_lib --> node_venv_lib_python3_12["python3.12"]\n    node_venv_lib_python3_12 --> node_venv_lib_python3_12_site-packages["site-packages"]\n    node_venv_lib_python3_12_site-packages --> node_venv_lib_python3_12_site-packages_PyQt6["PyQt6"]\n    node_venv_lib_python3_12_site-packages_PyQt6 --> node_venv_lib_python3_12_site-packages_PyQt6_Qt6["Qt6"]\n    node_venv_lib_python3_12_site-packages_PyQt6_Qt6 --> node_venv_lib_python3_12_site-packages_PyQt6_Qt6_lib["lib"]\n    node_venv_lib_python3_12_site-packages_PyQt6_Qt6_lib --> node_venv_lib_python3_12_site-packages_PyQt6_Qt6_lib_QtQuick3D_framework["QtQuick3D.framework"]\n    node_venv_lib_python3_12_site-packages_PyQt6_Qt6_lib_QtQuick3D_framework --> node_venv_lib_python3_12_site-packages_PyQt6_Qt6_lib_QtQuick3D_framework_Resources["Resources"]\n    node_venv_lib_python3_12_site-packages_PyQt6_Qt6_lib_QtQuick3D_framework_Resources --> node_venv_lib_python3_12_site-packages_PyQt6_Qt6_lib_QtQuick3D_framework_Resources_PrivacyInfo_xcprivacy["PrivacyInfo.xcprivacy"]\n    Root --> node_venv["venv"]\n    node_venv --> node_venv_lib["lib"]\n    node_venv_lib --> node_venv_lib_python3_12["python3.12"]\n    node_venv_lib_python3_12 --> node_venv_lib_python3_12_site-packages["site-packages"]\n    node_venv_lib_python3_12_site-packages --> node_venv_lib_python3_12_site-packages_PyQt6["PyQt6"]\n    node_venv_lib_python3_12_site-packages_PyQt6 --> node_venv_lib_python3_12_site-packages_PyQt6_Qt6["Qt6"]\n    node_venv_lib_python3_12_site-packages_PyQt6_Qt6 --> node_venv_lib_python3_12_site-packages_PyQt6_Qt6_lib["lib"]\n    node_venv_lib_python3_12_site-packages_PyQt6_Qt6_lib --> node_venv_lib_python3_12_site-packages_PyQt6_Qt6_lib_QtQuick3D_framework["QtQuick3D.framework"]\n    node_venv_lib_python3_12_site-packages_PyQt6_Qt6_lib_QtQuick3D_framework --> node_venv_lib_python3_12_site-packages_PyQt6_Qt6_lib_QtQuick3D_framework_Versions["Versions"]\n    node_venv_lib_python3_12_site-packages_PyQt6_Qt6_lib_QtQuick3D_framework_Versions --> node_venv_lib_python3_12_site-packages_PyQt6_Qt6_lib_QtQuick3D_framework_Versions_A["A"]\n    node_venv_lib_python3_12_site-packages_PyQt6_Qt6_lib_QtQuick3D_framework_Versions_A --> node_venv_lib_python3_12_site-packages_PyQt6_Qt6_lib_QtQuick3D_framework_Versions_A_QtQuick3D["QtQuick3D"]\n    Root --> node_venv["venv"]\n    node_venv --> node_venv_lib["lib"]\n    node_venv_lib --> node_venv_lib_python3_12["python3.12"]\n    node_venv_lib_python3_12 --> node_venv_lib_python3_12_site-packages["site-packages"]\n    node_venv_lib_python3_12_site-packages --> node_venv_lib_python3_12_site-packages_PyQt6["PyQt6"]\n    node_venv_lib_python3_12_site-packages_PyQt6 --> node_venv_lib_python3_12_site-packages_PyQt6_Qt6["Qt6"]\n    node_venv_lib_python3_12_site-packages_PyQt6_Qt6 --> node_venv_lib_python3_12_site-packages_PyQt6_Qt6_lib["lib"]\n    node_venv_lib_python3_12_site-packages_PyQt6_Qt6_lib --> node_venv_lib_python3_12_site-packages_PyQt6_Qt6_lib_QtQuick3DHelpersImpl_framework["QtQuick3DHelpersImpl.framework"]\n    node_venv_lib_python3_12_site-packages_PyQt6_Qt6_lib_QtQuick3DHelpersImpl_framework --> node_venv_lib_python3_12_site-packages_PyQt6_Qt6_lib_QtQuick3DHelpersImpl_framework_Resources["Resources"]\n    node_venv_lib_python3_12_site-packages_PyQt6_Qt6_lib_QtQuick3DHelpersImpl_framework_Resources --> node_venv_lib_python3_12_site-packages_PyQt6_Qt6_lib_QtQuick3DHelpersImpl_framework_Resources_Info_plist["Info.plist"]\n    Root --> node_venv["venv"]\n    node_venv --> node_venv_lib["lib"]\n    node_venv_lib --> node_venv_lib_python3_12["python3.12"]\n    node_venv_lib_python3_12 --> node_venv_lib_python3_12_site-packages["site-packages"]\n    node_venv_lib_python3_12_site-packages --> node_venv_lib_python3_12_site-packages_PyQt6["PyQt6"]\n    node_venv_lib_python3_12_site-packages_PyQt6 --> node_venv_lib_python3_12_site-packages_PyQt6_Qt6["Qt6"]\n    node_venv_lib_python3_12_site-packages_PyQt6_Qt6 --> node_venv_lib_python3_12_site-packages_PyQt6_Qt6_lib["lib"]\n    node_venv_lib_python3_12_site-packages_PyQt6_Qt6_lib --> node_venv_lib_python3_12_site-packages_PyQt6_Qt6_lib_QtQuick3DHelpersImpl_framework["QtQuick3DHelpersImpl.framework"]\n    node_venv_lib_python3_12_site-packages_PyQt6_Qt6_lib_QtQuick3DHelpersImpl_framework --> node_venv_lib_python3_12_site-packages_PyQt6_Qt6_lib_QtQuick3DHelpersImpl_framework_Resources["Resources"]\n    node_venv_lib_python3_12_site-packages_PyQt6_Qt6_lib_QtQuick3DHelpersImpl_framework_Resources --> node_venv_lib_python3_12_site-packages_PyQt6_Qt6_lib_QtQuick3DHelpersImpl_framework_Resources_PrivacyInfo_xcprivacy["PrivacyInfo.xcprivacy"]\n    Root --> node_venv["venv"]\n    node_venv --> node_venv_lib["lib"]\n    node_venv_lib --> node_venv_lib_python3_12["python3.12"]\n    node_venv_lib_python3_12 --> node_venv_lib_python3_12_site-packages["site-packages"]\n    node_venv_lib_python3_12_site-packages --> node_venv_lib_python3_12_site-packages_PyQt6["PyQt6"]\n    node_venv_lib_python3_12_site-packages_PyQt6 --> node_venv_lib_python3_12_site-packages_PyQt6_Qt6["Qt6"]\n    node_venv_lib_python3_12_site-packages_PyQt6_Qt6 --> node_venv_lib_python3_12_site-packages_PyQt6_Qt6_lib["lib"]\n    node_venv_lib_python3_12_site-packages_PyQt6_Qt6_lib --> node_venv_lib_python3_12_site-packages_PyQt6_Qt6_lib_QtQuick3DHelpersImpl_framework["QtQuick3DHelpersImpl.framework"]\n    node_venv_lib_python3_12_site-packages_PyQt6_Qt6_lib_QtQuick3DHelpersImpl_framework --> node_venv_lib_python3_12_site-packages_PyQt6_Qt6_lib_QtQuick3DHelpersImpl_framework_Versions["Versions"]\n    node_venv_lib_python3_12_site-packages_PyQt6_Qt6_lib_QtQuick3DHelpersImpl_framework_Versions --> node_venv_lib_python3_12_site-packages_PyQt6_Qt6_lib_QtQuick3DHelpersImpl_framework_Versions_A["A"]\n    node_venv_lib_python3_12_site-packages_PyQt6_Qt6_lib_QtQuick3DHelpersImpl_framework_Versions_A --> node_venv_lib_python3_12_site-packages_PyQt6_Qt6_lib_QtQuick3DHelpersImpl_framework_Versions_A_QtQuick3DHelpersImpl["QtQuick3DHelpersImpl"]\n    Root --> node_venv["venv"]\n    node_venv --> node_venv_lib["lib"]\n    node_venv_lib --> node_venv_lib_python3_12["python3.12"]\n    node_venv_lib_python3_12 --> node_venv_lib_python3_12_site-packages["site-packages"]\n    node_venv_lib_python3_12_site-packages --> node_venv_lib_python3_12_site-packages_PyQt6["PyQt6"]\n    node_venv_lib_python3_12_site-packages_PyQt6 --> node_venv_lib_python3_12_site-packages_PyQt6_Qt6["Qt6"]\n    node_venv_lib_python3_12_site-packages_PyQt6_Qt6 --> node_venv_lib_python3_12_site-packages_PyQt6_Qt6_lib["lib"]\n    node_venv_lib_python3_12_site-packages_PyQt6_Qt6_lib --> node_venv_lib_python3_12_site-packages_PyQt6_Qt6_lib_QtQuickShapes_framework["QtQuickShapes.framework"]\n    node_venv_lib_python3_12_site-packages_PyQt6_Qt6_lib_QtQuickShapes_framework --> node_venv_lib_python3_12_site-packages_PyQt6_Qt6_lib_QtQuickShapes_framework_Resources["Resources"]\n    node_venv_lib_python3_12_site-packages_PyQt6_Qt6_lib_QtQuickShapes_framework_Resources --> node_venv_lib_python3_12_site-packages_PyQt6_Qt6_lib_QtQuickShapes_framework_Resources_Info_plist["Info.plist"]\n    Root --> node_venv["venv"]\n    node_venv --> node_venv_lib["lib"]\n    node_venv_lib --> node_venv_lib_python3_12["python3.12"]\n    node_venv_lib_python3_12 --> node_venv_lib_python3_12_site-packages["site-packages"]\n    node_venv_lib_python3_12_site-packages --> node_venv_lib_python3_12_site-packages_PyQt6["PyQt6"]\n    node_venv_lib_python3_12_site-packages_PyQt6 --> node_venv_lib_python3_12_site-packages_PyQt6_Qt6["Qt6"]\n    node_venv_lib_python3_12_site-packages_PyQt6_Qt6 --> node_venv_lib_python3_12_site-packages_PyQt6_Qt6_lib["lib"]\n    node_venv_lib_python3_12_site-packages_PyQt6_Qt6_lib --> node_venv_lib_python3_12_site-packages_PyQt6_Qt6_lib_QtQuickShapes_framework["QtQuickShapes.framework"]\n    node_venv_lib_python3_12_site-packages_PyQt6_Qt6_lib_QtQuickShapes_framework --> node_venv_lib_python3_12_site-packages_PyQt6_Qt6_lib_QtQuickShapes_framework_Resources["Resources"]\n    node_venv_lib_python3_12_site-packages_PyQt6_Qt6_lib_QtQuickShapes_framework_Resources --> node_venv_lib_python3_12_site-packages_PyQt6_Qt6_lib_QtQuickShapes_framework_Resources_PrivacyInfo_xcprivacy["PrivacyInfo.xcprivacy"]\n    Root --> node_venv["venv"]\n    node_venv --> node_venv_lib["lib"]\n    node_venv_lib --> node_venv_lib_python3_12["python3.12"]\n    node_venv_lib_python3_12 --> node_venv_lib_python3_12_site-packages["site-packages"]\n    node_venv_lib_python3_12_site-packages --> node_venv_lib_python3_12_site-packages_PyQt6["PyQt6"]\n    node_venv_lib_python3_12_site-packages_PyQt6 --> node_venv_lib_python3_12_site-packages_PyQt6_Qt6["Qt6"]\n    node_venv_lib_python3_12_site-packages_PyQt6_Qt6 --> node_venv_lib_python3_12_site-packages_PyQt6_Qt6_lib["lib"]\n    node_venv_lib_python3_12_site-packages_PyQt6_Qt6_lib --> node_venv_lib_python3_12_site-packages_PyQt6_Qt6_lib_QtQuickShapes_framework["QtQuickShapes.framework"]\n    node_venv_lib_python3_12_site-packages_PyQt6_Qt6_lib_QtQuickShapes_framework --> node_venv_lib_python3_12_site-packages_PyQt6_Qt6_lib_QtQuickShapes_framework_Versions["Versions"]\n    node_venv_lib_python3_12_site-packages_PyQt6_Qt6_lib_QtQuickShapes_framework_Versions --> node_venv_lib_python3_12_site-packages_PyQt6_Qt6_lib_QtQuickShapes_framework_Versions_A["A"]\n    node_venv_lib_python3_12_site-packages_PyQt6_Qt6_lib_QtQuickShapes_framework_Versions_A --> node_venv_lib_python3_12_site-packages_PyQt6_Qt6_lib_QtQuickShapes_framework_Versions_A_QtQuickShapes["QtQuickShapes"]\n    Root --> node_venv["venv"]\n    node_venv --> node_venv_lib["lib"]\n    node_venv_lib --> node_venv_lib_python3_12["python3.12"]\n    node_venv_lib_python3_12 --> node_venv_lib_python3_12_site-packages["site-packages"]\n    node_venv_lib_python3_12_site-packages --> node_venv_lib_python3_12_site-packages_PyQt6["PyQt6"]\n    node_venv_lib_python3_12_site-packages_PyQt6 --> node_venv_lib_python3_12_site-packages_PyQt6_Qt6["Qt6"]\n    node_venv_lib_python3_12_site-packages_PyQt6_Qt6 --> node_venv_lib_python3_12_site-packages_PyQt6_Qt6_lib["lib"]\n    node_venv_lib_python3_12_site-packages_PyQt6_Qt6_lib --> node_venv_lib_python3_12_site-packages_PyQt6_Qt6_lib_QtQuickTest_framework["QtQuickTest.framework"]\n    node_venv_lib_python3_12_site-packages_PyQt6_Qt6_lib_QtQuickTest_framework --> node_venv_lib_python3_12_site-packages_PyQt6_Qt6_lib_QtQuickTest_framework_Resources["Resources"]\n    node_venv_lib_python3_12_site-packages_PyQt6_Qt6_lib_QtQuickTest_framework_Resources --> node_venv_lib_python3_12_site-packages_PyQt6_Qt6_lib_QtQuickTest_framework_Resources_Info_plist["Info.plist"]\n    Root --> node_venv["venv"]\n    node_venv --> node_venv_lib["lib"]\n    node_venv_lib --> node_venv_lib_python3_12["python3.12"]\n    node_venv_lib_python3_12 --> node_venv_lib_python3_12_site-packages["site-packages"]\n    node_venv_lib_python3_12_site-packages --> node_venv_lib_python3_12_site-packages_PyQt6["PyQt6"]\n    node_venv_lib_python3_12_site-packages_PyQt6 --> node_venv_lib_python3_12_site-packages_PyQt6_Qt6["Qt6"]\n    node_venv_lib_python3_12_site-packages_PyQt6_Qt6 --> node_venv_lib_python3_12_site-packages_PyQt6_Qt6_lib["lib"]\n    node_venv_lib_python3_12_site-packages_PyQt6_Qt6_lib --> node_venv_lib_python3_12_site-packages_PyQt6_Qt6_lib_QtQuickTest_framework["QtQuickTest.framework"]\n    node_venv_lib_python3_12_site-packages_PyQt6_Qt6_lib_QtQuickTest_framework --> node_venv_lib_python3_12_site-packages_PyQt6_Qt6_lib_QtQuickTest_framework_Resources["Resources"]\n    node_venv_lib_python3_12_site-packages_PyQt6_Qt6_lib_QtQuickTest_framework_Resources --> node_venv_lib_python3_12_site-packages_PyQt6_Qt6_lib_QtQuickTest_framework_Resources_PrivacyInfo_xcprivacy["PrivacyInfo.xcprivacy"]\n    Root --> node_venv["venv"]\n    node_venv --> node_venv_lib["lib"]\n    node_venv_lib --> node_venv_lib_python3_12["python3.12"]\n    node_venv_lib_python3_12 --> node_venv_lib_python3_12_site-packages["site-packages"]\n    node_venv_lib_python3_12_site-packages --> node_venv_lib_python3_12_site-packages_PyQt6["PyQt6"]\n    node_venv_lib_python3_12_site-packages_PyQt6 --> node_venv_lib_python3_12_site-packages_PyQt6_Qt6["Qt6"]\n    node_venv_lib_python3_12_site-packages_PyQt6_Qt6 --> node_venv_lib_python3_12_site-packages_PyQt6_Qt6_lib["lib"]\n    node_venv_lib_python3_12_site-packages_PyQt6_Qt6_lib --> node_venv_lib_python3_12_site-packages_PyQt6_Qt6_lib_QtQuickTest_framework["QtQuickTest.framework"]\n    node_venv_lib_python3_12_site-packages_PyQt6_Qt6_lib_QtQuickTest_framework --> node_venv_lib_python3_12_site-packages_PyQt6_Qt6_lib_QtQuickTest_framework_Versions["Versions"]\n    node_venv_lib_python3_12_site-packages_PyQt6_Qt6_lib_QtQuickTest_framework_Versions --> node_venv_lib_python3_12_site-packages_PyQt6_Qt6_lib_QtQuickTest_framework_Versions_A["A"]\n    node_venv_lib_python3_12_site-packages_PyQt6_Qt6_lib_QtQuickTest_framework_Versions_A --> node_venv_lib_python3_12_site-packages_PyQt6_Qt6_lib_QtQuickTest_framework_Versions_A_QtQuickTest["QtQuickTest"]\n    Root --> node_venv["venv"]\n    node_venv --> node_venv_lib["lib"]\n    node_venv_lib --> node_venv_lib_python3_12["python3.12"]\n    node_venv_lib_python3_12 --> node_venv_lib_python3_12_site-packages["site-packages"]\n    node_venv_lib_python3_12_site-packages --> node_venv_lib_python3_12_site-packages_PyQt6["PyQt6"]\n    node_venv_lib_python3_12_site-packages_PyQt6 --> node_venv_lib_python3_12_site-packages_PyQt6_Qt6["Qt6"]\n    node_venv_lib_python3_12_site-packages_PyQt6_Qt6 --> node_venv_lib_python3_12_site-packages_PyQt6_Qt6_lib["lib"]\n    node_venv_lib_python3_12_site-packages_PyQt6_Qt6_lib --> node_venv_lib_python3_12_site-packages_PyQt6_Qt6_lib_QtNetwork_framework["QtNetwork.framework"]\n    node_venv_lib_python3_12_site-packages_PyQt6_Qt6_lib_QtNetwork_framework --> node_venv_lib_python3_12_site-packages_PyQt6_Qt6_lib_QtNetwork_framework_Resources["Resources"]\n    node_venv_lib_python3_12_site-packages_PyQt6_Qt6_lib_QtNetwork_framework_Resources --> node_venv_lib_python3_12_site-packages_PyQt6_Qt6_lib_QtNetwork_framework_Resources_Info_plist["Info.plist"]\n    Root --> node_venv["venv"]\n    node_venv --> node_venv_lib["lib"]\n    node_venv_lib --> node_venv_lib_python3_12["python3.12"]\n    node_venv_lib_python3_12 --> node_venv_lib_python3_12_site-packages["site-packages"]\n    node_venv_lib_python3_12_site-packages --> node_venv_lib_python3_12_site-packages_PyQt6["PyQt6"]\n    node_venv_lib_python3_12_site-packages_PyQt6 --> node_venv_lib_python3_12_site-packages_PyQt6_Qt6["Qt6"]\n    node_venv_lib_python3_12_site-packages_PyQt6_Qt6 --> node_venv_lib_python3_12_site-packages_PyQt6_Qt6_lib["lib"]\n    node_venv_lib_python3_12_site-packages_PyQt6_Qt6_lib --> node_venv_lib_python3_12_site-packages_PyQt6_Qt6_lib_QtNetwork_framework["QtNetwork.framework"]\n    node_venv_lib_python3_12_site-packages_PyQt6_Qt6_lib_QtNetwork_framework --> node_venv_lib_python3_12_site-packages_PyQt6_Qt6_lib_QtNetwork_framework_Resources["Resources"]\n    node_venv_lib_python3_12_site-packages_PyQt6_Qt6_lib_QtNetwork_framework_Resources --> node_venv_lib_python3_12_site-packages_PyQt6_Qt6_lib_QtNetwork_framework_Resources_PrivacyInfo_xcprivacy["PrivacyInfo.xcprivacy"]\n    Root --> node_venv["venv"]\n    node_venv --> node_venv_lib["lib"]\n    node_venv_lib --> node_venv_lib_python3_12["python3.12"]\n    node_venv_lib_python3_12 --> node_venv_lib_python3_12_site-packages["site-packages"]\n    node_venv_lib_python3_12_site-packages --> node_venv_lib_python3_12_site-packages_PyQt6["PyQt6"]\n    node_venv_lib_python3_12_site-packages_PyQt6 --> node_venv_lib_python3_12_site-packages_PyQt6_Qt6["Qt6"]\n    node_venv_lib_python3_12_site-packages_PyQt6_Qt6 --> node_venv_lib_python3_12_site-packages_PyQt6_Qt6_lib["lib"]\n    node_venv_lib_python3_12_site-packages_PyQt6_Qt6_lib --> node_venv_lib_python3_12_site-packages_PyQt6_Qt6_lib_QtNetwork_framework["QtNetwork.framework"]\n    node_venv_lib_python3_12_site-packages_PyQt6_Qt6_lib_QtNetwork_framework --> node_venv_lib_python3_12_site-packages_PyQt6_Qt6_lib_QtNetwork_framework_Versions["Versions"]\n    node_venv_lib_python3_12_site-packages_PyQt6_Qt6_lib_QtNetwork_framework_Versions --> node_venv_lib_python3_12_site-packages_PyQt6_Qt6_lib_QtNetwork_framework_Versions_A["A"]\n    node_venv_lib_python3_12_site-packages_PyQt6_Qt6_lib_QtNetwork_framework_Versions_A --> node_venv_lib_python3_12_site-packages_PyQt6_Qt6_lib_QtNetwork_framework_Versions_A_QtNetwork["QtNetwork"]\n    Root --> node_venv["venv"]\n    node_venv --> node_venv_lib["lib"]\n    node_venv_lib --> node_venv_lib_python3_12["python3.12"]\n    node_venv_lib_python3_12 --> node_venv_lib_python3_12_site-packages["site-packages"]\n    node_venv_lib_python3_12_site-packages --> node_venv_lib_python3_12_site-packages_PyQt6["PyQt6"]\n    node_venv_lib_python3_12_site-packages_PyQt6 --> node_venv_lib_python3_12_site-packages_PyQt6_Qt6["Qt6"]\n    node_venv_lib_python3_12_site-packages_PyQt6_Qt6 --> node_venv_lib_python3_12_site-packages_PyQt6_Qt6_lib["lib"]\n    node_venv_lib_python3_12_site-packages_PyQt6_Qt6_lib --> node_venv_lib_python3_12_site-packages_PyQt6_Qt6_lib_QtQuickControls2UniversalStyleImpl_framework["QtQuickControls2UniversalStyleImpl.framework"]\n    node_venv_lib_python3_12_site-packages_PyQt6_Qt6_lib_QtQuickControls2UniversalStyleImpl_framework --> node_venv_lib_python3_12_site-packages_PyQt6_Qt6_lib_QtQuickControls2UniversalStyleImpl_framework_Resources["Resources"]\n    node_venv_lib_python3_12_site-packages_PyQt6_Qt6_lib_QtQuickControls2UniversalStyleImpl_framework_Resources --> node_venv_lib_python3_12_site-packages_PyQt6_Qt6_lib_QtQuickControls2UniversalStyleImpl_framework_Resources_Info_plist["Info.plist"]\n    Root --> node_venv["venv"]\n    node_venv --> node_venv_lib["lib"]\n    node_venv_lib --> node_venv_lib_python3_12["python3.12"]\n    node_venv_lib_python3_12 --> node_venv_lib_python3_12_site-packages["site-packages"]\n    node_venv_lib_python3_12_site-packages --> node_venv_lib_python3_12_site-packages_PyQt6["PyQt6"]\n    node_venv_lib_python3_12_site-packages_PyQt6 --> node_venv_lib_python3_12_site-packages_PyQt6_Qt6["Qt6"]\n    node_venv_lib_python3_12_site-packages_PyQt6_Qt6 --> node_venv_lib_python3_12_site-packages_PyQt6_Qt6_lib["lib"]\n    node_venv_lib_python3_12_site-packages_PyQt6_Qt6_lib --> node_venv_lib_python3_12_site-packages_PyQt6_Qt6_lib_QtQuickControls2UniversalStyleImpl_framework["QtQuickControls2UniversalStyleImpl.framework"]\n    node_venv_lib_python3_12_site-packages_PyQt6_Qt6_lib_QtQuickControls2UniversalStyleImpl_framework --> node_venv_lib_python3_12_site-packages_PyQt6_Qt6_lib_QtQuickControls2UniversalStyleImpl_framework_Resources["Resources"]\n    node_venv_lib_python3_12_site-packages_PyQt6_Qt6_lib_QtQuickControls2UniversalStyleImpl_framework_Resources --> node_venv_lib_python3_12_site-packages_PyQt6_Qt6_lib_QtQuickControls2UniversalStyleImpl_framework_Resources_PrivacyInfo_xcprivacy["PrivacyInfo.xcprivacy"]\n    Root --> node_venv["venv"]\n    node_venv --> node_venv_lib["lib"]\n    node_venv_lib --> node_venv_lib_python3_12["python3.12"]\n    node_venv_lib_python3_12 --> node_venv_lib_python3_12_site-packages["site-packages"]\n    node_venv_lib_python3_12_site-packages --> node_venv_lib_python3_12_site-packages_PyQt6["PyQt6"]\n    node_venv_lib_python3_12_site-packages_PyQt6 --> node_venv_lib_python3_12_site-packages_PyQt6_Qt6["Qt6"]\n    node_venv_lib_python3_12_site-packages_PyQt6_Qt6 --> node_venv_lib_python3_12_site-packages_PyQt6_Qt6_lib["lib"]\n    node_venv_lib_python3_12_site-packages_PyQt6_Qt6_lib --> node_venv_lib_python3_12_site-packages_PyQt6_Qt6_lib_QtQuickControls2UniversalStyleImpl_framework["QtQuickControls2UniversalStyleImpl.framework"]\n    node_venv_lib_python3_12_site-packages_PyQt6_Qt6_lib_QtQuickControls2UniversalStyleImpl_framework --> node_venv_lib_python3_12_site-packages_PyQt6_Qt6_lib_QtQuickControls2UniversalStyleImpl_framework_Versions["Versions"]\n    node_venv_lib_python3_12_site-packages_PyQt6_Qt6_lib_QtQuickControls2UniversalStyleImpl_framework_Versions --> node_venv_lib_python3_12_site-packages_PyQt6_Qt6_lib_QtQuickControls2UniversalStyleImpl_framework_Versions_A["A"]\n    node_venv_lib_python3_12_site-packages_PyQt6_Qt6_lib_QtQuickControls2UniversalStyleImpl_framework_Versions_A --> node_venv_lib_python3_12_site-packages_PyQt6_Qt6_lib_QtQuickControls2UniversalStyleImpl_framework_Versions_A_QtQuickControls2UniversalStyleImpl["QtQuickControls2UniversalStyleImpl"]\n    Root --> node_venv["venv"]\n    node_venv --> node_venv_lib["lib"]\n    node_venv_lib --> node_venv_lib_python3_12["python3.12"]\n    node_venv_lib_python3_12 --> node_venv_lib_python3_12_site-packages["site-packages"]\n    node_venv_lib_python3_12_site-packages --> node_venv_lib_python3_12_site-packages_PyQt6["PyQt6"]\n    node_venv_lib_python3_12_site-packages_PyQt6 --> node_venv_lib_python3_12_site-packages_PyQt6_Qt6["Qt6"]\n    node_venv_lib_python3_12_site-packages_PyQt6_Qt6 --> node_venv_lib_python3_12_site-packages_PyQt6_Qt6_lib["lib"]\n    node_venv_lib_python3_12_site-packages_PyQt6_Qt6_lib --> node_venv_lib_python3_12_site-packages_PyQt6_Qt6_lib_QtQuick3DSpatialAudio_framework["QtQuick3DSpatialAudio.framework"]\n    node_venv_lib_python3_12_site-packages_PyQt6_Qt6_lib_QtQuick3DSpatialAudio_framework --> node_venv_lib_python3_12_site-packages_PyQt6_Qt6_lib_QtQuick3DSpatialAudio_framework_Resources["Resources"]\n    node_venv_lib_python3_12_site-packages_PyQt6_Qt6_lib_QtQuick3DSpatialAudio_framework_Resources --> node_venv_lib_python3_12_site-packages_PyQt6_Qt6_lib_QtQuick3DSpatialAudio_framework_Resources_Info_plist["Info.plist"]\n    Root --> node_venv["venv"]\n    node_venv --> node_venv_lib["lib"]\n    node_venv_lib --> node_venv_lib_python3_12["python3.12"]\n    node_venv_lib_python3_12 --> node_venv_lib_python3_12_site-packages["site-packages"]\n    node_venv_lib_python3_12_site-packages --> node_venv_lib_python3_12_site-packages_PyQt6["PyQt6"]\n    node_venv_lib_python3_12_site-packages_PyQt6 --> node_venv_lib_python3_12_site-packages_PyQt6_Qt6["Qt6"]\n    node_venv_lib_python3_12_site-packages_PyQt6_Qt6 --> node_venv_lib_python3_12_site-packages_PyQt6_Qt6_lib["lib"]\n    node_venv_lib_python3_12_site-packages_PyQt6_Qt6_lib --> node_venv_lib_python3_12_site-packages_PyQt6_Qt6_lib_QtQuick3DSpatialAudio_framework["QtQuick3DSpatialAudio.framework"]\n    node_venv_lib_python3_12_site-packages_PyQt6_Qt6_lib_QtQuick3DSpatialAudio_framework --> node_venv_lib_python3_12_site-packages_PyQt6_Qt6_lib_QtQuick3DSpatialAudio_framework_Resources["Resources"]\n    node_venv_lib_python3_12_site-packages_PyQt6_Qt6_lib_QtQuick3DSpatialAudio_framework_Resources --> node_venv_lib_python3_12_site-packages_PyQt6_Qt6_lib_QtQuick3DSpatialAudio_framework_Resources_PrivacyInfo_xcprivacy["PrivacyInfo.xcprivacy"]\n    Root --> node_venv["venv"]\n    node_venv --> node_venv_lib["lib"]\n    node_venv_lib --> node_venv_lib_python3_12["python3.12"]\n    node_venv_lib_python3_12 --> node_venv_lib_python3_12_site-packages["site-packages"]\n    node_venv_lib_python3_12_site-packages --> node_venv_lib_python3_12_site-packages_PyQt6["PyQt6"]\n    node_venv_lib_python3_12_site-packages_PyQt6 --> node_venv_lib_python3_12_site-packages_PyQt6_Qt6["Qt6"]\n    node_venv_lib_python3_12_site-packages_PyQt6_Qt6 --> node_venv_lib_python3_12_site-packages_PyQt6_Qt6_lib["lib"]\n    node_venv_lib_python3_12_site-packages_PyQt6_Qt6_lib --> node_venv_lib_python3_12_site-packages_PyQt6_Qt6_lib_QtQuick3DSpatialAudio_framework["QtQuick3DSpatialAudio.framework"]\n    node_venv_lib_python3_12_site-packages_PyQt6_Qt6_lib_QtQuick3DSpatialAudio_framework --> node_venv_lib_python3_12_site-packages_PyQt6_Qt6_lib_QtQuick3DSpatialAudio_framework_Versions["Versions"]\n    node_venv_lib_python3_12_site-packages_PyQt6_Qt6_lib_QtQuick3DSpatialAudio_framework_Versions --> node_venv_lib_python3_12_site-packages_PyQt6_Qt6_lib_QtQuick3DSpatialAudio_framework_Versions_A["A"]\n    node_venv_lib_python3_12_site-packages_PyQt6_Qt6_lib_QtQuick3DSpatialAudio_framework_Versions_A --> node_venv_lib_python3_12_site-packages_PyQt6_Qt6_lib_QtQuick3DSpatialAudio_framework_Versions_A_QtQuick3DSpatialAudio["QtQuick3DSpatialAudio"]\n    Root --> node_venv["venv"]\n    node_venv --> node_venv_lib["lib"]\n    node_venv_lib --> node_venv_lib_python3_12["python3.12"]\n    node_venv_lib_python3_12 --> node_venv_lib_python3_12_site-packages["site-packages"]\n    node_venv_lib_python3_12_site-packages --> node_venv_lib_python3_12_site-packages_PyQt6["PyQt6"]\n    node_venv_lib_python3_12_site-packages_PyQt6 --> node_venv_lib_python3_12_site-packages_PyQt6_Qt6["Qt6"]\n    node_venv_lib_python3_12_site-packages_PyQt6_Qt6 --> node_venv_lib_python3_12_site-packages_PyQt6_Qt6_lib["lib"]\n    node_venv_lib_python3_12_site-packages_PyQt6_Qt6_lib --> node_venv_lib_python3_12_site-packages_PyQt6_Qt6_lib_QtSvg_framework["QtSvg.framework"]\n    node_venv_lib_python3_12_site-packages_PyQt6_Qt6_lib_QtSvg_framework --> node_venv_lib_python3_12_site-packages_PyQt6_Qt6_lib_QtSvg_framework_Resources["Resources"]\n    node_venv_lib_python3_12_site-packages_PyQt6_Qt6_lib_QtSvg_framework_Resources --> node_venv_lib_python3_12_site-packages_PyQt6_Qt6_lib_QtSvg_framework_Resources_Info_plist["Info.plist"]\n    Root --> node_venv["venv"]\n    node_venv --> node_venv_lib["lib"]\n    node_venv_lib --> node_venv_lib_python3_12["python3.12"]\n    node_venv_lib_python3_12 --> node_venv_lib_python3_12_site-packages["site-packages"]\n    node_venv_lib_python3_12_site-packages --> node_venv_lib_python3_12_site-packages_PyQt6["PyQt6"]\n    node_venv_lib_python3_12_site-packages_PyQt6 --> node_venv_lib_python3_12_site-packages_PyQt6_Qt6["Qt6"]\n    node_venv_lib_python3_12_site-packages_PyQt6_Qt6 --> node_venv_lib_python3_12_site-packages_PyQt6_Qt6_lib["lib"]\n    node_venv_lib_python3_12_site-packages_PyQt6_Qt6_lib --> node_venv_lib_python3_12_site-packages_PyQt6_Qt6_lib_QtSvg_framework["QtSvg.framework"]\n    node_venv_lib_python3_12_site-packages_PyQt6_Qt6_lib_QtSvg_framework --> node_venv_lib_python3_12_site-packages_PyQt6_Qt6_lib_QtSvg_framework_Resources["Resources"]\n    node_venv_lib_python3_12_site-packages_PyQt6_Qt6_lib_QtSvg_framework_Resources --> node_venv_lib_python3_12_site-packages_PyQt6_Qt6_lib_QtSvg_framework_Resources_PrivacyInfo_xcprivacy["PrivacyInfo.xcprivacy"]\n    Root --> node_venv["venv"]\n    node_venv --> node_venv_lib["lib"]\n    node_venv_lib --> node_venv_lib_python3_12["python3.12"]\n    node_venv_lib_python3_12 --> node_venv_lib_python3_12_site-packages["site-packages"]\n    node_venv_lib_python3_12_site-packages --> node_venv_lib_python3_12_site-packages_PyQt6["PyQt6"]\n    node_venv_lib_python3_12_site-packages_PyQt6 --> node_venv_lib_python3_12_site-packages_PyQt6_Qt6["Qt6"]\n    node_venv_lib_python3_12_site-packages_PyQt6_Qt6 --> node_venv_lib_python3_12_site-packages_PyQt6_Qt6_lib["lib"]\n    node_venv_lib_python3_12_site-packages_PyQt6_Qt6_lib --> node_venv_lib_python3_12_site-packages_PyQt6_Qt6_lib_QtSvg_framework["QtSvg.framework"]\n    node_venv_lib_python3_12_site-packages_PyQt6_Qt6_lib_QtSvg_framework --> node_venv_lib_python3_12_site-packages_PyQt6_Qt6_lib_QtSvg_framework_Versions["Versions"]\n    node_venv_lib_python3_12_site-packages_PyQt6_Qt6_lib_QtSvg_framework_Versions --> node_venv_lib_python3_12_site-packages_PyQt6_Qt6_lib_QtSvg_framework_Versions_A["A"]\n    node_venv_lib_python3_12_site-packages_PyQt6_Qt6_lib_QtSvg_framework_Versions_A --> node_venv_lib_python3_12_site-packages_PyQt6_Qt6_lib_QtSvg_framework_Versions_A_QtSvg["QtSvg"]\n    Root --> node_venv["venv"]\n    node_venv --> node_venv_lib["lib"]\n    node_venv_lib --> node_venv_lib_python3_12["python3.12"]\n    node_venv_lib_python3_12 --> node_venv_lib_python3_12_site-packages["site-packages"]\n    node_venv_lib_python3_12_site-packages --> node_venv_lib_python3_12_site-packages_PyQt6["PyQt6"]\n    node_venv_lib_python3_12_site-packages_PyQt6 --> node_venv_lib_python3_12_site-packages_PyQt6_Qt6["Qt6"]\n    node_venv_lib_python3_12_site-packages_PyQt6_Qt6 --> node_venv_lib_python3_12_site-packages_PyQt6_Qt6_lib["lib"]\n    node_venv_lib_python3_12_site-packages_PyQt6_Qt6_lib --> node_venv_lib_python3_12_site-packages_PyQt6_Qt6_lib_QtQuickControls2IOSStyleImpl_framework["QtQuickControls2IOSStyleImpl.framework"]\n    node_venv_lib_python3_12_site-packages_PyQt6_Qt6_lib_QtQuickControls2IOSStyleImpl_framework --> node_venv_lib_python3_12_site-packages_PyQt6_Qt6_lib_QtQuickControls2IOSStyleImpl_framework_Resources["Resources"]\n    node_venv_lib_python3_12_site-packages_PyQt6_Qt6_lib_QtQuickControls2IOSStyleImpl_framework_Resources --> node_venv_lib_python3_12_site-packages_PyQt6_Qt6_lib_QtQuickControls2IOSStyleImpl_framework_Resources_Info_plist["Info.plist"]\n    Root --> node_venv["venv"]\n    node_venv --> node_venv_lib["lib"]\n    node_venv_lib --> node_venv_lib_python3_12["python3.12"]\n    node_venv_lib_python3_12 --> node_venv_lib_python3_12_site-packages["site-packages"]\n    node_venv_lib_python3_12_site-packages --> node_venv_lib_python3_12_site-packages_PyQt6["PyQt6"]\n    node_venv_lib_python3_12_site-packages_PyQt6 --> node_venv_lib_python3_12_site-packages_PyQt6_Qt6["Qt6"]\n    node_venv_lib_python3_12_site-packages_PyQt6_Qt6 --> node_venv_lib_python3_12_site-packages_PyQt6_Qt6_lib["lib"]\n    node_venv_lib_python3_12_site-packages_PyQt6_Qt6_lib --> node_venv_lib_python3_12_site-packages_PyQt6_Qt6_lib_QtQuickControls2IOSStyleImpl_framework["QtQuickControls2IOSStyleImpl.framework"]\n    node_venv_lib_python3_12_site-packages_PyQt6_Qt6_lib_QtQuickControls2IOSStyleImpl_framework --> node_venv_lib_python3_12_site-packages_PyQt6_Qt6_lib_QtQuickControls2IOSStyleImpl_framework_Resources["Resources"]\n    node_venv_lib_python3_12_site-packages_PyQt6_Qt6_lib_QtQuickControls2IOSStyleImpl_framework_Resources --> node_venv_lib_python3_12_site-packages_PyQt6_Qt6_lib_QtQuickControls2IOSStyleImpl_framework_Resources_PrivacyInfo_xcprivacy["PrivacyInfo.xcprivacy"]\n    Root --> node_venv["venv"]\n    node_venv --> node_venv_lib["lib"]\n    node_venv_lib --> node_venv_lib_python3_12["python3.12"]\n    node_venv_lib_python3_12 --> node_venv_lib_python3_12_site-packages["site-packages"]\n    node_venv_lib_python3_12_site-packages --> node_venv_lib_python3_12_site-packages_PyQt6["PyQt6"]\n    node_venv_lib_python3_12_site-packages_PyQt6 --> node_venv_lib_python3_12_site-packages_PyQt6_Qt6["Qt6"]\n    node_venv_lib_python3_12_site-packages_PyQt6_Qt6 --> node_venv_lib_python3_12_site-packages_PyQt6_Qt6_lib["lib"]\n    node_venv_lib_python3_12_site-packages_PyQt6_Qt6_lib --> node_venv_lib_python3_12_site-packages_PyQt6_Qt6_lib_QtQuickControls2IOSStyleImpl_framework["QtQuickControls2IOSStyleImpl.framework"]\n    node_venv_lib_python3_12_site-packages_PyQt6_Qt6_lib_QtQuickControls2IOSStyleImpl_framework --> node_venv_lib_python3_12_site-packages_PyQt6_Qt6_lib_QtQuickControls2IOSStyleImpl_framework_Versions["Versions"]\n    node_venv_lib_python3_12_site-packages_PyQt6_Qt6_lib_QtQuickControls2IOSStyleImpl_framework_Versions --> node_venv_lib_python3_12_site-packages_PyQt6_Qt6_lib_QtQuickControls2IOSStyleImpl_framework_Versions_A["A"]\n    node_venv_lib_python3_12_site-packages_PyQt6_Qt6_lib_QtQuickControls2IOSStyleImpl_framework_Versions_A --> node_venv_lib_python3_12_site-packages_PyQt6_Qt6_lib_QtQuickControls2IOSStyleImpl_framework_Versions_A_QtQuickControls2IOSStyleImpl["QtQuickControls2IOSStyleImpl"]\n    Root --> node_venv["venv"]\n    node_venv --> node_venv_lib["lib"]\n    node_venv_lib --> node_venv_lib_python3_12["python3.12"]\n    node_venv_lib_python3_12 --> node_venv_lib_python3_12_site-packages["site-packages"]\n    node_venv_lib_python3_12_site-packages --> node_venv_lib_python3_12_site-packages_PyQt6["PyQt6"]\n    node_venv_lib_python3_12_site-packages_PyQt6 --> node_venv_lib_python3_12_site-packages_PyQt6_Qt6["Qt6"]\n    node_venv_lib_python3_12_site-packages_PyQt6_Qt6 --> node_venv_lib_python3_12_site-packages_PyQt6_Qt6_lib["lib"]\n    node_venv_lib_python3_12_site-packages_PyQt6_Qt6_lib --> node_venv_lib_python3_12_site-packages_PyQt6_Qt6_lib_QtQuick3DIblBaker_framework["QtQuick3DIblBaker.framework"]\n    node_venv_lib_python3_12_site-packages_PyQt6_Qt6_lib_QtQuick3DIblBaker_framework --> node_venv_lib_python3_12_site-packages_PyQt6_Qt6_lib_QtQuick3DIblBaker_framework_Resources["Resources"]\n    node_venv_lib_python3_12_site-packages_PyQt6_Qt6_lib_QtQuick3DIblBaker_framework_Resources --> node_venv_lib_python3_12_site-packages_PyQt6_Qt6_lib_QtQuick3DIblBaker_framework_Resources_Info_plist["Info.plist"]\n    Root --> node_venv["venv"]\n    node_venv --> node_venv_lib["lib"]\n    node_venv_lib --> node_venv_lib_python3_12["python3.12"]\n    node_venv_lib_python3_12 --> node_venv_lib_python3_12_site-packages["site-packages"]\n    node_venv_lib_python3_12_site-packages --> node_venv_lib_python3_12_site-packages_PyQt6["PyQt6"]\n    node_venv_lib_python3_12_site-packages_PyQt6 --> node_venv_lib_python3_12_site-packages_PyQt6_Qt6["Qt6"]\n    node_venv_lib_python3_12_site-packages_PyQt6_Qt6 --> node_venv_lib_python3_12_site-packages_PyQt6_Qt6_lib["lib"]\n    node_venv_lib_python3_12_site-packages_PyQt6_Qt6_lib --> node_venv_lib_python3_12_site-packages_PyQt6_Qt6_lib_QtQuick3DIblBaker_framework["QtQuick3DIblBaker.framework"]\n    node_venv_lib_python3_12_site-packages_PyQt6_Qt6_lib_QtQuick3DIblBaker_framework --> node_venv_lib_python3_12_site-packages_PyQt6_Qt6_lib_QtQuick3DIblBaker_framework_Resources["Resources"]\n    node_venv_lib_python3_12_site-packages_PyQt6_Qt6_lib_QtQuick3DIblBaker_framework_Resources --> node_venv_lib_python3_12_site-packages_PyQt6_Qt6_lib_QtQuick3DIblBaker_framework_Resources_PrivacyInfo_xcprivacy["PrivacyInfo.xcprivacy"]\n    Root --> node_venv["venv"]\n    node_venv --> node_venv_lib["lib"]\n    node_venv_lib --> node_venv_lib_python3_12["python3.12"]\n    node_venv_lib_python3_12 --> node_venv_lib_python3_12_site-packages["site-packages"]\n    node_venv_lib_python3_12_site-packages --> node_venv_lib_python3_12_site-packages_PyQt6["PyQt6"]\n    node_venv_lib_python3_12_site-packages_PyQt6 --> node_venv_lib_python3_12_site-packages_PyQt6_Qt6["Qt6"]\n    node_venv_lib_python3_12_site-packages_PyQt6_Qt6 --> node_venv_lib_python3_12_site-packages_PyQt6_Qt6_lib["lib"]\n    node_venv_lib_python3_12_site-packages_PyQt6_Qt6_lib --> node_venv_lib_python3_12_site-packages_PyQt6_Qt6_lib_QtQuick3DIblBaker_framework["QtQuick3DIblBaker.framework"]\n    node_venv_lib_python3_12_site-packages_PyQt6_Qt6_lib_QtQuick3DIblBaker_framework --> node_venv_lib_python3_12_site-packages_PyQt6_Qt6_lib_QtQuick3DIblBaker_framework_Versions["Versions"]\n    node_venv_lib_python3_12_site-packages_PyQt6_Qt6_lib_QtQuick3DIblBaker_framework_Versions --> node_venv_lib_python3_12_site-packages_PyQt6_Qt6_lib_QtQuick3DIblBaker_framework_Versions_A["A"]\n    node_venv_lib_python3_12_site-packages_PyQt6_Qt6_lib_QtQuick3DIblBaker_framework_Versions_A --> node_venv_lib_python3_12_site-packages_PyQt6_Qt6_lib_QtQuick3DIblBaker_framework_Versions_A_QtQuick3DIblBaker["QtQuick3DIblBaker"]\n    Root --> node_venv["venv"]\n    node_venv --> node_venv_lib["lib"]\n    node_venv_lib --> node_venv_lib_python3_12["python3.12"]\n    node_venv_lib_python3_12 --> node_venv_lib_python3_12_site-packages["site-packages"]\n    node_venv_lib_python3_12_site-packages --> node_venv_lib_python3_12_site-packages_PyQt6["PyQt6"]\n    node_venv_lib_python3_12_site-packages_PyQt6 --> node_venv_lib_python3_12_site-packages_PyQt6_Qt6["Qt6"]\n    node_venv_lib_python3_12_site-packages_PyQt6_Qt6 --> node_venv_lib_python3_12_site-packages_PyQt6_Qt6_lib["lib"]\n    node_venv_lib_python3_12_site-packages_PyQt6_Qt6_lib --> node_venv_lib_python3_12_site-packages_PyQt6_Qt6_lib_QtQuickControls2Imagine_framework["QtQuickControls2Imagine.framework"]\n    node_venv_lib_python3_12_site-packages_PyQt6_Qt6_lib_QtQuickControls2Imagine_framework --> node_venv_lib_python3_12_site-packages_PyQt6_Qt6_lib_QtQuickControls2Imagine_framework_Resources["Resources"]\n    node_venv_lib_python3_12_site-packages_PyQt6_Qt6_lib_QtQuickControls2Imagine_framework_Resources --> node_venv_lib_python3_12_site-packages_PyQt6_Qt6_lib_QtQuickControls2Imagine_framework_Resources_Info_plist["Info.plist"]\n    Root --> node_venv["venv"]\n    node_venv --> node_venv_lib["lib"]\n    node_venv_lib --> node_venv_lib_python3_12["python3.12"]\n    node_venv_lib_python3_12 --> node_venv_lib_python3_12_site-packages["site-packages"]\n    node_venv_lib_python3_12_site-packages --> node_venv_lib_python3_12_site-packages_PyQt6["PyQt6"]\n    node_venv_lib_python3_12_site-packages_PyQt6 --> node_venv_lib_python3_12_site-packages_PyQt6_Qt6["Qt6"]\n    node_venv_lib_python3_12_site-packages_PyQt6_Qt6 --> node_venv_lib_python3_12_site-packages_PyQt6_Qt6_lib["lib"]\n    node_venv_lib_python3_12_site-packages_PyQt6_Qt6_lib --> node_venv_lib_python3_12_site-packages_PyQt6_Qt6_lib_QtQuickControls2Imagine_framework["QtQuickControls2Imagine.framework"]\n    node_venv_lib_python3_12_site-packages_PyQt6_Qt6_lib_QtQuickControls2Imagine_framework --> node_venv_lib_python3_12_site-packages_PyQt6_Qt6_lib_QtQuickControls2Imagine_framework_Resources["Resources"]\n    node_venv_lib_python3_12_site-packages_PyQt6_Qt6_lib_QtQuickControls2Imagine_framework_Resources --> node_venv_lib_python3_12_site-packages_PyQt6_Qt6_lib_QtQuickControls2Imagine_framework_Resources_PrivacyInfo_xcprivacy["PrivacyInfo.xcprivacy"]\n    Root --> node_venv["venv"]\n    node_venv --> node_venv_lib["lib"]\n    node_venv_lib --> node_venv_lib_python3_12["python3.12"]\n    node_venv_lib_python3_12 --> node_venv_lib_python3_12_site-packages["site-packages"]\n    node_venv_lib_python3_12_site-packages --> node_venv_lib_python3_12_site-packages_PyQt6["PyQt6"]\n    node_venv_lib_python3_12_site-packages_PyQt6 --> node_venv_lib_python3_12_site-packages_PyQt6_Qt6["Qt6"]\n    node_venv_lib_python3_12_site-packages_PyQt6_Qt6 --> node_venv_lib_python3_12_site-packages_PyQt6_Qt6_lib["lib"]\n    node_venv_lib_python3_12_site-packages_PyQt6_Qt6_lib --> node_venv_lib_python3_12_site-packages_PyQt6_Qt6_lib_QtQuickControls2Imagine_framework["QtQuickControls2Imagine.framework"]\n    node_venv_lib_python3_12_site-packages_PyQt6_Qt6_lib_QtQuickControls2Imagine_framework --> node_venv_lib_python3_12_site-packages_PyQt6_Qt6_lib_QtQuickControls2Imagine_framework_Versions["Versions"]\n    node_venv_lib_python3_12_site-packages_PyQt6_Qt6_lib_QtQuickControls2Imagine_framework_Versions --> node_venv_lib_python3_12_site-packages_PyQt6_Qt6_lib_QtQuickControls2Imagine_framework_Versions_A["A"]\n    node_venv_lib_python3_12_site-packages_PyQt6_Qt6_lib_QtQuickControls2Imagine_framework_Versions_A --> node_venv_lib_python3_12_site-packages_PyQt6_Qt6_lib_QtQuickControls2Imagine_framework_Versions_A_QtQuickControls2Imagine["QtQuickControls2Imagine"]\n    Root --> node_venv["venv"]\n    node_venv --> node_venv_lib["lib"]\n    node_venv_lib --> node_venv_lib_python3_12["python3.12"]\n    node_venv_lib_python3_12 --> node_venv_lib_python3_12_site-packages["site-packages"]\n    node_venv_lib_python3_12_site-packages --> node_venv_lib_python3_12_site-packages_PyQt6["PyQt6"]\n    node_venv_lib_python3_12_site-packages_PyQt6 --> node_venv_lib_python3_12_site-packages_PyQt6_Qt6["Qt6"]\n    node_venv_lib_python3_12_site-packages_PyQt6_Qt6 --> node_venv_lib_python3_12_site-packages_PyQt6_Qt6_lib["lib"]\n    node_venv_lib_python3_12_site-packages_PyQt6_Qt6_lib --> node_venv_lib_python3_12_site-packages_PyQt6_Qt6_lib_QtQuick3DEffects_framework["QtQuick3DEffects.framework"]\n    node_venv_lib_python3_12_site-packages_PyQt6_Qt6_lib_QtQuick3DEffects_framework --> node_venv_lib_python3_12_site-packages_PyQt6_Qt6_lib_QtQuick3DEffects_framework_Resources["Resources"]\n    node_venv_lib_python3_12_site-packages_PyQt6_Qt6_lib_QtQuick3DEffects_framework_Resources --> node_venv_lib_python3_12_site-packages_PyQt6_Qt6_lib_QtQuick3DEffects_framework_Resources_Info_plist["Info.plist"]\n    Root --> node_venv["venv"]\n    node_venv --> node_venv_lib["lib"]\n    node_venv_lib --> node_venv_lib_python3_12["python3.12"]\n    node_venv_lib_python3_12 --> node_venv_lib_python3_12_site-packages["site-packages"]\n    node_venv_lib_python3_12_site-packages --> node_venv_lib_python3_12_site-packages_PyQt6["PyQt6"]\n    node_venv_lib_python3_12_site-packages_PyQt6 --> node_venv_lib_python3_12_site-packages_PyQt6_Qt6["Qt6"]\n    node_venv_lib_python3_12_site-packages_PyQt6_Qt6 --> node_venv_lib_python3_12_site-packages_PyQt6_Qt6_lib["lib"]\n    node_venv_lib_python3_12_site-packages_PyQt6_Qt6_lib --> node_venv_lib_python3_12_site-packages_PyQt6_Qt6_lib_QtQuick3DEffects_framework["QtQuick3DEffects.framework"]\n    node_venv_lib_python3_12_site-packages_PyQt6_Qt6_lib_QtQuick3DEffects_framework --> node_venv_lib_python3_12_site-packages_PyQt6_Qt6_lib_QtQuick3DEffects_framework_Resources["Resources"]\n    node_venv_lib_python3_12_site-packages_PyQt6_Qt6_lib_QtQuick3DEffects_framework_Resources --> node_venv_lib_python3_12_site-packages_PyQt6_Qt6_lib_QtQuick3DEffects_framework_Resources_PrivacyInfo_xcprivacy["PrivacyInfo.xcprivacy"]\n    Root --> node_venv["venv"]\n    node_venv --> node_venv_lib["lib"]\n    node_venv_lib --> node_venv_lib_python3_12["python3.12"]\n    node_venv_lib_python3_12 --> node_venv_lib_python3_12_site-packages["site-packages"]\n    node_venv_lib_python3_12_site-packages --> node_venv_lib_python3_12_site-packages_PyQt6["PyQt6"]\n    node_venv_lib_python3_12_site-packages_PyQt6 --> node_venv_lib_python3_12_site-packages_PyQt6_Qt6["Qt6"]\n    node_venv_lib_python3_12_site-packages_PyQt6_Qt6 --> node_venv_lib_python3_12_site-packages_PyQt6_Qt6_lib["lib"]\n    node_venv_lib_python3_12_site-packages_PyQt6_Qt6_lib --> node_venv_lib_python3_12_site-packages_PyQt6_Qt6_lib_QtQuick3DEffects_framework["QtQuick3DEffects.framework"]\n    node_venv_lib_python3_12_site-packages_PyQt6_Qt6_lib_QtQuick3DEffects_framework --> node_venv_lib_python3_12_site-packages_PyQt6_Qt6_lib_QtQuick3DEffects_framework_Versions["Versions"]\n    node_venv_lib_python3_12_site-packages_PyQt6_Qt6_lib_QtQuick3DEffects_framework_Versions --> node_venv_lib_python3_12_site-packages_PyQt6_Qt6_lib_QtQuick3DEffects_framework_Versions_A["A"]\n    node_venv_lib_python3_12_site-packages_PyQt6_Qt6_lib_QtQuick3DEffects_framework_Versions_A --> node_venv_lib_python3_12_site-packages_PyQt6_Qt6_lib_QtQuick3DEffects_framework_Versions_A_QtQuick3DEffects["QtQuick3DEffects"]\n    Root --> node_venv["venv"]\n    node_venv --> node_venv_lib["lib"]\n    node_venv_lib --> node_venv_lib_python3_12["python3.12"]\n    node_venv_lib_python3_12 --> node_venv_lib_python3_12_site-packages["site-packages"]\n    node_venv_lib_python3_12_site-packages --> node_venv_lib_python3_12_site-packages_PyQt6["PyQt6"]\n    node_venv_lib_python3_12_site-packages_PyQt6 --> node_venv_lib_python3_12_site-packages_PyQt6_Qt6["Qt6"]\n    node_venv_lib_python3_12_site-packages_PyQt6_Qt6 --> node_venv_lib_python3_12_site-packages_PyQt6_Qt6_lib["lib"]\n    node_venv_lib_python3_12_site-packages_PyQt6_Qt6_lib --> node_venv_lib_python3_12_site-packages_PyQt6_Qt6_lib_QtMultimediaWidgets_framework["QtMultimediaWidgets.framework"]\n    node_venv_lib_python3_12_site-packages_PyQt6_Qt6_lib_QtMultimediaWidgets_framework --> node_venv_lib_python3_12_site-packages_PyQt6_Qt6_lib_QtMultimediaWidgets_framework_Resources["Resources"]\n    node_venv_lib_python3_12_site-packages_PyQt6_Qt6_lib_QtMultimediaWidgets_framework_Resources --> node_venv_lib_python3_12_site-packages_PyQt6_Qt6_lib_QtMultimediaWidgets_framework_Resources_Info_plist["Info.plist"]\n    Root --> node_venv["venv"]\n    node_venv --> node_venv_lib["lib"]\n    node_venv_lib --> node_venv_lib_python3_12["python3.12"]\n    node_venv_lib_python3_12 --> node_venv_lib_python3_12_site-packages["site-packages"]\n    node_venv_lib_python3_12_site-packages --> node_venv_lib_python3_12_site-packages_PyQt6["PyQt6"]\n    node_venv_lib_python3_12_site-packages_PyQt6 --> node_venv_lib_python3_12_site-packages_PyQt6_Qt6["Qt6"]\n    node_venv_lib_python3_12_site-packages_PyQt6_Qt6 --> node_venv_lib_python3_12_site-packages_PyQt6_Qt6_lib["lib"]\n    node_venv_lib_python3_12_site-packages_PyQt6_Qt6_lib --> node_venv_lib_python3_12_site-packages_PyQt6_Qt6_lib_QtMultimediaWidgets_framework["QtMultimediaWidgets.framework"]\n    node_venv_lib_python3_12_site-packages_PyQt6_Qt6_lib_QtMultimediaWidgets_framework --> node_venv_lib_python3_12_site-packages_PyQt6_Qt6_lib_QtMultimediaWidgets_framework_Resources["Resources"]\n    node_venv_lib_python3_12_site-packages_PyQt6_Qt6_lib_QtMultimediaWidgets_framework_Resources --> node_venv_lib_python3_12_site-packages_PyQt6_Qt6_lib_QtMultimediaWidgets_framework_Resources_PrivacyInfo_xcprivacy["PrivacyInfo.xcprivacy"]\n    Root --> node_venv["venv"]\n    node_venv --> node_venv_lib["lib"]\n    node_venv_lib --> node_venv_lib_python3_12["python3.12"]\n    node_venv_lib_python3_12 --> node_venv_lib_python3_12_site-packages["site-packages"]\n    node_venv_lib_python3_12_site-packages --> node_venv_lib_python3_12_site-packages_PyQt6["PyQt6"]\n    node_venv_lib_python3_12_site-packages_PyQt6 --> node_venv_lib_python3_12_site-packages_PyQt6_Qt6["Qt6"]\n    node_venv_lib_python3_12_site-packages_PyQt6_Qt6 --> node_venv_lib_python3_12_site-packages_PyQt6_Qt6_lib["lib"]\n    node_venv_lib_python3_12_site-packages_PyQt6_Qt6_lib --> node_venv_lib_python3_12_site-packages_PyQt6_Qt6_lib_QtMultimediaWidgets_framework["QtMultimediaWidgets.framework"]\n    node_venv_lib_python3_12_site-packages_PyQt6_Qt6_lib_QtMultimediaWidgets_framework --> node_venv_lib_python3_12_site-packages_PyQt6_Qt6_lib_QtMultimediaWidgets_framework_Versions["Versions"]\n    node_venv_lib_python3_12_site-packages_PyQt6_Qt6_lib_QtMultimediaWidgets_framework_Versions --> node_venv_lib_python3_12_site-packages_PyQt6_Qt6_lib_QtMultimediaWidgets_framework_Versions_A["A"]\n    node_venv_lib_python3_12_site-packages_PyQt6_Qt6_lib_QtMultimediaWidgets_framework_Versions_A --> node_venv_lib_python3_12_site-packages_PyQt6_Qt6_lib_QtMultimediaWidgets_framework_Versions_A_QtMultimediaWidgets["QtMultimediaWidgets"]\n    Root --> node_venv["venv"]\n    node_venv --> node_venv_lib["lib"]\n    node_venv_lib --> node_venv_lib_python3_12["python3.12"]\n    node_venv_lib_python3_12 --> node_venv_lib_python3_12_site-packages["site-packages"]\n    node_venv_lib_python3_12_site-packages --> node_venv_lib_python3_12_site-packages_PyQt6["PyQt6"]\n    node_venv_lib_python3_12_site-packages_PyQt6 --> node_venv_lib_python3_12_site-packages_PyQt6_Qt6["Qt6"]\n    node_venv_lib_python3_12_site-packages_PyQt6_Qt6 --> node_venv_lib_python3_12_site-packages_PyQt6_Qt6_lib["lib"]\n    node_venv_lib_python3_12_site-packages_PyQt6_Qt6_lib --> node_venv_lib_python3_12_site-packages_PyQt6_Qt6_lib_QtWebChannelQuick_framework["QtWebChannelQuick.framework"]\n    node_venv_lib_python3_12_site-packages_PyQt6_Qt6_lib_QtWebChannelQuick_framework --> node_venv_lib_python3_12_site-packages_PyQt6_Qt6_lib_QtWebChannelQuick_framework_Resources["Resources"]\n    node_venv_lib_python3_12_site-packages_PyQt6_Qt6_lib_QtWebChannelQuick_framework_Resources --> node_venv_lib_python3_12_site-packages_PyQt6_Qt6_lib_QtWebChannelQuick_framework_Resources_Info_plist["Info.plist"]\n    Root --> node_venv["venv"]\n    node_venv --> node_venv_lib["lib"]\n    node_venv_lib --> node_venv_lib_python3_12["python3.12"]\n    node_venv_lib_python3_12 --> node_venv_lib_python3_12_site-packages["site-packages"]\n    node_venv_lib_python3_12_site-packages --> node_venv_lib_python3_12_site-packages_PyQt6["PyQt6"]\n    node_venv_lib_python3_12_site-packages_PyQt6 --> node_venv_lib_python3_12_site-packages_PyQt6_Qt6["Qt6"]\n    node_venv_lib_python3_12_site-packages_PyQt6_Qt6 --> node_venv_lib_python3_12_site-packages_PyQt6_Qt6_lib["lib"]\n    node_venv_lib_python3_12_site-packages_PyQt6_Qt6_lib --> node_venv_lib_python3_12_site-packages_PyQt6_Qt6_lib_QtWebChannelQuick_framework["QtWebChannelQuick.framework"]\n    node_venv_lib_python3_12_site-packages_PyQt6_Qt6_lib_QtWebChannelQuick_framework --> node_venv_lib_python3_12_site-packages_PyQt6_Qt6_lib_QtWebChannelQuick_framework_Resources["Resources"]\n    node_venv_lib_python3_12_site-packages_PyQt6_Qt6_lib_QtWebChannelQuick_framework_Resources --> node_venv_lib_python3_12_site-packages_PyQt6_Qt6_lib_QtWebChannelQuick_framework_Resources_PrivacyInfo_xcprivacy["PrivacyInfo.xcprivacy"]\n    Root --> node_venv["venv"]\n    node_venv --> node_venv_lib["lib"]\n    node_venv_lib --> node_venv_lib_python3_12["python3.12"]\n    node_venv_lib_python3_12 --> node_venv_lib_python3_12_site-packages["site-packages"]\n    node_venv_lib_python3_12_site-packages --> node_venv_lib_python3_12_site-packages_PyQt6["PyQt6"]\n    node_venv_lib_python3_12_site-packages_PyQt6 --> node_venv_lib_python3_12_site-packages_PyQt6_Qt6["Qt6"]\n    node_venv_lib_python3_12_site-packages_PyQt6_Qt6 --> node_venv_lib_python3_12_site-packages_PyQt6_Qt6_lib["lib"]\n    node_venv_lib_python3_12_site-packages_PyQt6_Qt6_lib --> node_venv_lib_python3_12_site-packages_PyQt6_Qt6_lib_QtWebChannelQuick_framework["QtWebChannelQuick.framework"]\n    node_venv_lib_python3_12_site-packages_PyQt6_Qt6_lib_QtWebChannelQuick_framework --> node_venv_lib_python3_12_site-packages_PyQt6_Qt6_lib_QtWebChannelQuick_framework_Versions["Versions"]\n    node_venv_lib_python3_12_site-packages_PyQt6_Qt6_lib_QtWebChannelQuick_framework_Versions --> node_venv_lib_python3_12_site-packages_PyQt6_Qt6_lib_QtWebChannelQuick_framework_Versions_A["A"]\n    node_venv_lib_python3_12_site-packages_PyQt6_Qt6_lib_QtWebChannelQuick_framework_Versions_A --> node_venv_lib_python3_12_site-packages_PyQt6_Qt6_lib_QtWebChannelQuick_framework_Versions_A_QtWebChannelQuick["QtWebChannelQuick"]\n    Root --> node_venv["venv"]\n    node_venv --> node_venv_lib["lib"]\n    node_venv_lib --> node_venv_lib_python3_12["python3.12"]\n    node_venv_lib_python3_12 --> node_venv_lib_python3_12_site-packages["site-packages"]\n    node_venv_lib_python3_12_site-packages --> node_venv_lib_python3_12_site-packages_PyQt6["PyQt6"]\n    node_venv_lib_python3_12_site-packages_PyQt6 --> node_venv_lib_python3_12_site-packages_PyQt6_Qt6["Qt6"]\n    node_venv_lib_python3_12_site-packages_PyQt6_Qt6 --> node_venv_lib_python3_12_site-packages_PyQt6_Qt6_lib["lib"]\n    node_venv_lib_python3_12_site-packages_PyQt6_Qt6_lib --> node_venv_lib_python3_12_site-packages_PyQt6_Qt6_lib_QtQmlModels_framework["QtQmlModels.framework"]\n    node_venv_lib_python3_12_site-packages_PyQt6_Qt6_lib_QtQmlModels_framework --> node_venv_lib_python3_12_site-packages_PyQt6_Qt6_lib_QtQmlModels_framework_Resources["Resources"]\n    node_venv_lib_python3_12_site-packages_PyQt6_Qt6_lib_QtQmlModels_framework_Resources --> node_venv_lib_python3_12_site-packages_PyQt6_Qt6_lib_QtQmlModels_framework_Resources_Info_plist["Info.plist"]\n    Root --> node_venv["venv"]\n    node_venv --> node_venv_lib["lib"]\n    node_venv_lib --> node_venv_lib_python3_12["python3.12"]\n    node_venv_lib_python3_12 --> node_venv_lib_python3_12_site-packages["site-packages"]\n    node_venv_lib_python3_12_site-packages --> node_venv_lib_python3_12_site-packages_PyQt6["PyQt6"]\n    node_venv_lib_python3_12_site-packages_PyQt6 --> node_venv_lib_python3_12_site-packages_PyQt6_Qt6["Qt6"]\n    node_venv_lib_python3_12_site-packages_PyQt6_Qt6 --> node_venv_lib_python3_12_site-packages_PyQt6_Qt6_lib["lib"]\n    node_venv_lib_python3_12_site-packages_PyQt6_Qt6_lib --> node_venv_lib_python3_12_site-packages_PyQt6_Qt6_lib_QtQmlModels_framework["QtQmlModels.framework"]\n    node_venv_lib_python3_12_site-packages_PyQt6_Qt6_lib_QtQmlModels_framework --> node_venv_lib_python3_12_site-packages_PyQt6_Qt6_lib_QtQmlModels_framework_Resources["Resources"]\n    node_venv_lib_python3_12_site-packages_PyQt6_Qt6_lib_QtQmlModels_framework_Resources --> node_venv_lib_python3_12_site-packages_PyQt6_Qt6_lib_QtQmlModels_framework_Resources_PrivacyInfo_xcprivacy["PrivacyInfo.xcprivacy"]\n    Root --> node_venv["venv"]\n    node_venv --> node_venv_lib["lib"]\n    node_venv_lib --> node_venv_lib_python3_12["python3.12"]\n    node_venv_lib_python3_12 --> node_venv_lib_python3_12_site-packages["site-packages"]\n    node_venv_lib_python3_12_site-packages --> node_venv_lib_python3_12_site-packages_PyQt6["PyQt6"]\n    node_venv_lib_python3_12_site-packages_PyQt6 --> node_venv_lib_python3_12_site-packages_PyQt6_Qt6["Qt6"]\n    node_venv_lib_python3_12_site-packages_PyQt6_Qt6 --> node_venv_lib_python3_12_site-packages_PyQt6_Qt6_lib["lib"]\n    node_venv_lib_python3_12_site-packages_PyQt6_Qt6_lib --> node_venv_lib_python3_12_site-packages_PyQt6_Qt6_lib_QtQmlModels_framework["QtQmlModels.framework"]\n    node_venv_lib_python3_12_site-packages_PyQt6_Qt6_lib_QtQmlModels_framework --> node_venv_lib_python3_12_site-packages_PyQt6_Qt6_lib_QtQmlModels_framework_Versions["Versions"]\n    node_venv_lib_python3_12_site-packages_PyQt6_Qt6_lib_QtQmlModels_framework_Versions --> node_venv_lib_python3_12_site-packages_PyQt6_Qt6_lib_QtQmlModels_framework_Versions_A["A"]\n    node_venv_lib_python3_12_site-packages_PyQt6_Qt6_lib_QtQmlModels_framework_Versions_A --> node_venv_lib_python3_12_site-packages_PyQt6_Qt6_lib_QtQmlModels_framework_Versions_A_QtQmlModels["QtQmlModels"]\n    Root --> node_venv["venv"]\n    node_venv --> node_venv_lib["lib"]\n    node_venv_lib --> node_venv_lib_python3_12["python3.12"]\n    node_venv_lib_python3_12 --> node_venv_lib_python3_12_site-packages["site-packages"]\n    node_venv_lib_python3_12_site-packages --> node_venv_lib_python3_12_site-packages_PyQt6["PyQt6"]\n    node_venv_lib_python3_12_site-packages_PyQt6 --> node_venv_lib_python3_12_site-packages_PyQt6_Qt6["Qt6"]\n    node_venv_lib_python3_12_site-packages_PyQt6_Qt6 --> node_venv_lib_python3_12_site-packages_PyQt6_Qt6_lib["lib"]\n    node_venv_lib_python3_12_site-packages_PyQt6_Qt6_lib --> node_venv_lib_python3_12_site-packages_PyQt6_Qt6_lib_QtLabsAnimation_framework["QtLabsAnimation.framework"]\n    node_venv_lib_python3_12_site-packages_PyQt6_Qt6_lib_QtLabsAnimation_framework --> node_venv_lib_python3_12_site-packages_PyQt6_Qt6_lib_QtLabsAnimation_framework_Resources["Resources"]\n    node_venv_lib_python3_12_site-packages_PyQt6_Qt6_lib_QtLabsAnimation_framework_Resources --> node_venv_lib_python3_12_site-packages_PyQt6_Qt6_lib_QtLabsAnimation_framework_Resources_Info_plist["Info.plist"]\n    Root --> node_venv["venv"]\n    node_venv --> node_venv_lib["lib"]\n    node_venv_lib --> node_venv_lib_python3_12["python3.12"]\n    node_venv_lib_python3_12 --> node_venv_lib_python3_12_site-packages["site-packages"]\n    node_venv_lib_python3_12_site-packages --> node_venv_lib_python3_12_site-packages_PyQt6["PyQt6"]\n    node_venv_lib_python3_12_site-packages_PyQt6 --> node_venv_lib_python3_12_site-packages_PyQt6_Qt6["Qt6"]\n    node_venv_lib_python3_12_site-packages_PyQt6_Qt6 --> node_venv_lib_python3_12_site-packages_PyQt6_Qt6_lib["lib"]\n    node_venv_lib_python3_12_site-packages_PyQt6_Qt6_lib --> node_venv_lib_python3_12_site-packages_PyQt6_Qt6_lib_QtLabsAnimation_framework["QtLabsAnimation.framework"]\n    node_venv_lib_python3_12_site-packages_PyQt6_Qt6_lib_QtLabsAnimation_framework --> node_venv_lib_python3_12_site-packages_PyQt6_Qt6_lib_QtLabsAnimation_framework_Resources["Resources"]\n    node_venv_lib_python3_12_site-packages_PyQt6_Qt6_lib_QtLabsAnimation_framework_Resources --> node_venv_lib_python3_12_site-packages_PyQt6_Qt6_lib_QtLabsAnimation_framework_Resources_PrivacyInfo_xcprivacy["PrivacyInfo.xcprivacy"]\n    Root --> node_venv["venv"]\n    node_venv --> node_venv_lib["lib"]\n    node_venv_lib --> node_venv_lib_python3_12["python3.12"]\n    node_venv_lib_python3_12 --> node_venv_lib_python3_12_site-packages["site-packages"]\n    node_venv_lib_python3_12_site-packages --> node_venv_lib_python3_12_site-packages_PyQt6["PyQt6"]\n    node_venv_lib_python3_12_site-packages_PyQt6 --> node_venv_lib_python3_12_site-packages_PyQt6_Qt6["Qt6"]\n    node_venv_lib_python3_12_site-packages_PyQt6_Qt6 --> node_venv_lib_python3_12_site-packages_PyQt6_Qt6_lib["lib"]\n    node_venv_lib_python3_12_site-packages_PyQt6_Qt6_lib --> node_venv_lib_python3_12_site-packages_PyQt6_Qt6_lib_QtLabsAnimation_framework["QtLabsAnimation.framework"]\n    node_venv_lib_python3_12_site-packages_PyQt6_Qt6_lib_QtLabsAnimation_framework --> node_venv_lib_python3_12_site-packages_PyQt6_Qt6_lib_QtLabsAnimation_framework_Versions["Versions"]\n    node_venv_lib_python3_12_site-packages_PyQt6_Qt6_lib_QtLabsAnimation_framework_Versions --> node_venv_lib_python3_12_site-packages_PyQt6_Qt6_lib_QtLabsAnimation_framework_Versions_A["A"]\n    node_venv_lib_python3_12_site-packages_PyQt6_Qt6_lib_QtLabsAnimation_framework_Versions_A --> node_venv_lib_python3_12_site-packages_PyQt6_Qt6_lib_QtLabsAnimation_framework_Versions_A_QtLabsAnimation["QtLabsAnimation"]\n    Root --> node_venv["venv"]\n    node_venv --> node_venv_lib["lib"]\n    node_venv_lib --> node_venv_lib_python3_12["python3.12"]\n    node_venv_lib_python3_12 --> node_venv_lib_python3_12_site-packages["site-packages"]\n    node_venv_lib_python3_12_site-packages --> node_venv_lib_python3_12_site-packages_PyQt6["PyQt6"]\n    node_venv_lib_python3_12_site-packages_PyQt6 --> node_venv_lib_python3_12_site-packages_PyQt6_Qt6["Qt6"]\n    node_venv_lib_python3_12_site-packages_PyQt6_Qt6 --> node_venv_lib_python3_12_site-packages_PyQt6_Qt6_lib["lib"]\n    node_venv_lib_python3_12_site-packages_PyQt6_Qt6_lib --> node_venv_lib_python3_12_site-packages_PyQt6_Qt6_lib_QtPdfQuick_framework["QtPdfQuick.framework"]\n    node_venv_lib_python3_12_site-packages_PyQt6_Qt6_lib_QtPdfQuick_framework --> node_venv_lib_python3_12_site-packages_PyQt6_Qt6_lib_QtPdfQuick_framework_Resources["Resources"]\n    node_venv_lib_python3_12_site-packages_PyQt6_Qt6_lib_QtPdfQuick_framework_Resources --> node_venv_lib_python3_12_site-packages_PyQt6_Qt6_lib_QtPdfQuick_framework_Resources_Info_plist["Info.plist"]\n    Root --> node_venv["venv"]\n    node_venv --> node_venv_lib["lib"]\n    node_venv_lib --> node_venv_lib_python3_12["python3.12"]\n    node_venv_lib_python3_12 --> node_venv_lib_python3_12_site-packages["site-packages"]\n    node_venv_lib_python3_12_site-packages --> node_venv_lib_python3_12_site-packages_PyQt6["PyQt6"]\n    node_venv_lib_python3_12_site-packages_PyQt6 --> node_venv_lib_python3_12_site-packages_PyQt6_Qt6["Qt6"]\n    node_venv_lib_python3_12_site-packages_PyQt6_Qt6 --> node_venv_lib_python3_12_site-packages_PyQt6_Qt6_lib["lib"]\n    node_venv_lib_python3_12_site-packages_PyQt6_Qt6_lib --> node_venv_lib_python3_12_site-packages_PyQt6_Qt6_lib_QtPdfQuick_framework["QtPdfQuick.framework"]\n    node_venv_lib_python3_12_site-packages_PyQt6_Qt6_lib_QtPdfQuick_framework --> node_venv_lib_python3_12_site-packages_PyQt6_Qt6_lib_QtPdfQuick_framework_Resources["Resources"]\n    node_venv_lib_python3_12_site-packages_PyQt6_Qt6_lib_QtPdfQuick_framework_Resources --> node_venv_lib_python3_12_site-packages_PyQt6_Qt6_lib_QtPdfQuick_framework_Resources_PrivacyInfo_xcprivacy["PrivacyInfo.xcprivacy"]\n    Root --> node_venv["venv"]\n    node_venv --> node_venv_lib["lib"]\n    node_venv_lib --> node_venv_lib_python3_12["python3.12"]\n    node_venv_lib_python3_12 --> node_venv_lib_python3_12_site-packages["site-packages"]\n    node_venv_lib_python3_12_site-packages --> node_venv_lib_python3_12_site-packages_PyQt6["PyQt6"]\n    node_venv_lib_python3_12_site-packages_PyQt6 --> node_venv_lib_python3_12_site-packages_PyQt6_Qt6["Qt6"]\n    node_venv_lib_python3_12_site-packages_PyQt6_Qt6 --> node_venv_lib_python3_12_site-packages_PyQt6_Qt6_lib["lib"]\n    node_venv_lib_python3_12_site-packages_PyQt6_Qt6_lib --> node_venv_lib_python3_12_site-packages_PyQt6_Qt6_lib_QtPdfQuick_framework["QtPdfQuick.framework"]\n    node_venv_lib_python3_12_site-packages_PyQt6_Qt6_lib_QtPdfQuick_framework --> node_venv_lib_python3_12_site-packages_PyQt6_Qt6_lib_QtPdfQuick_framework_Versions["Versions"]\n    node_venv_lib_python3_12_site-packages_PyQt6_Qt6_lib_QtPdfQuick_framework_Versions --> node_venv_lib_python3_12_site-packages_PyQt6_Qt6_lib_QtPdfQuick_framework_Versions_A["A"]\n    node_venv_lib_python3_12_site-packages_PyQt6_Qt6_lib_QtPdfQuick_framework_Versions_A --> node_venv_lib_python3_12_site-packages_PyQt6_Qt6_lib_QtPdfQuick_framework_Versions_A_QtPdfQuick["QtPdfQuick"]\n    Root --> node_venv["venv"]\n    node_venv --> node_venv_lib["lib"]\n    node_venv_lib --> node_venv_lib_python3_12["python3.12"]\n    node_venv_lib_python3_12 --> node_venv_lib_python3_12_site-packages["site-packages"]\n    node_venv_lib_python3_12_site-packages --> node_venv_lib_python3_12_site-packages_PyQt6["PyQt6"]\n    node_venv_lib_python3_12_site-packages_PyQt6 --> node_venv_lib_python3_12_site-packages_PyQt6_Qt6["Qt6"]\n    node_venv_lib_python3_12_site-packages_PyQt6_Qt6 --> node_venv_lib_python3_12_site-packages_PyQt6_Qt6_lib["lib"]\n    node_venv_lib_python3_12_site-packages_PyQt6_Qt6_lib --> node_venv_lib_python3_12_site-packages_PyQt6_Qt6_lib_QtLabsFolderListModel_framework["QtLabsFolderListModel.framework"]\n    node_venv_lib_python3_12_site-packages_PyQt6_Qt6_lib_QtLabsFolderListModel_framework --> node_venv_lib_python3_12_site-packages_PyQt6_Qt6_lib_QtLabsFolderListModel_framework_Resources["Resources"]\n    node_venv_lib_python3_12_site-packages_PyQt6_Qt6_lib_QtLabsFolderListModel_framework_Resources --> node_venv_lib_python3_12_site-packages_PyQt6_Qt6_lib_QtLabsFolderListModel_framework_Resources_Info_plist["Info.plist"]\n    Root --> node_venv["venv"]\n    node_venv --> node_venv_lib["lib"]\n    node_venv_lib --> node_venv_lib_python3_12["python3.12"]\n    node_venv_lib_python3_12 --> node_venv_lib_python3_12_site-packages["site-packages"]\n    node_venv_lib_python3_12_site-packages --> node_venv_lib_python3_12_site-packages_PyQt6["PyQt6"]\n    node_venv_lib_python3_12_site-packages_PyQt6 --> node_venv_lib_python3_12_site-packages_PyQt6_Qt6["Qt6"]\n    node_venv_lib_python3_12_site-packages_PyQt6_Qt6 --> node_venv_lib_python3_12_site-packages_PyQt6_Qt6_lib["lib"]\n    node_venv_lib_python3_12_site-packages_PyQt6_Qt6_lib --> node_venv_lib_python3_12_site-packages_PyQt6_Qt6_lib_QtLabsFolderListModel_framework["QtLabsFolderListModel.framework"]\n    node_venv_lib_python3_12_site-packages_PyQt6_Qt6_lib_QtLabsFolderListModel_framework --> node_venv_lib_python3_12_site-packages_PyQt6_Qt6_lib_QtLabsFolderListModel_framework_Resources["Resources"]\n    node_venv_lib_python3_12_site-packages_PyQt6_Qt6_lib_QtLabsFolderListModel_framework_Resources --> node_venv_lib_python3_12_site-packages_PyQt6_Qt6_lib_QtLabsFolderListModel_framework_Resources_PrivacyInfo_xcprivacy["PrivacyInfo.xcprivacy"]\n    Root --> node_venv["venv"]\n    node_venv --> node_venv_lib["lib"]\n    node_venv_lib --> node_venv_lib_python3_12["python3.12"]\n    node_venv_lib_python3_12 --> node_venv_lib_python3_12_site-packages["site-packages"]\n    node_venv_lib_python3_12_site-packages --> node_venv_lib_python3_12_site-packages_PyQt6["PyQt6"]\n    node_venv_lib_python3_12_site-packages_PyQt6 --> node_venv_lib_python3_12_site-packages_PyQt6_Qt6["Qt6"]\n    node_venv_lib_python3_12_site-packages_PyQt6_Qt6 --> node_venv_lib_python3_12_site-packages_PyQt6_Qt6_lib["lib"]\n    node_venv_lib_python3_12_site-packages_PyQt6_Qt6_lib --> node_venv_lib_python3_12_site-packages_PyQt6_Qt6_lib_QtLabsFolderListModel_framework["QtLabsFolderListModel.framework"]\n    node_venv_lib_python3_12_site-packages_PyQt6_Qt6_lib_QtLabsFolderListModel_framework --> node_venv_lib_python3_12_site-packages_PyQt6_Qt6_lib_QtLabsFolderListModel_framework_Versions["Versions"]\n    node_venv_lib_python3_12_site-packages_PyQt6_Qt6_lib_QtLabsFolderListModel_framework_Versions --> node_venv_lib_python3_12_site-packages_PyQt6_Qt6_lib_QtLabsFolderListModel_framework_Versions_A["A"]\n    node_venv_lib_python3_12_site-packages_PyQt6_Qt6_lib_QtLabsFolderListModel_framework_Versions_A --> node_venv_lib_python3_12_site-packages_PyQt6_Qt6_lib_QtLabsFolderListModel_framework_Versions_A_QtLabsFolderListModel["QtLabsFolderListModel"]\n    Root --> node_venv["venv"]\n    node_venv --> node_venv_lib["lib"]\n    node_venv_lib --> node_venv_lib_python3_12["python3.12"]\n    node_venv_lib_python3_12 --> node_venv_lib_python3_12_site-packages["site-packages"]\n    node_venv_lib_python3_12_site-packages --> node_venv_lib_python3_12_site-packages_PyQt6["PyQt6"]\n    node_venv_lib_python3_12_site-packages_PyQt6 --> node_venv_lib_python3_12_site-packages_PyQt6_Qt6["Qt6"]\n    node_venv_lib_python3_12_site-packages_PyQt6_Qt6 --> node_venv_lib_python3_12_site-packages_PyQt6_Qt6_lib["lib"]\n    node_venv_lib_python3_12_site-packages_PyQt6_Qt6_lib --> node_venv_lib_python3_12_site-packages_PyQt6_Qt6_lib_QtQuick3DPhysics_framework["QtQuick3DPhysics.framework"]\n    node_venv_lib_python3_12_site-packages_PyQt6_Qt6_lib_QtQuick3DPhysics_framework --> node_venv_lib_python3_12_site-packages_PyQt6_Qt6_lib_QtQuick3DPhysics_framework_Resources["Resources"]\n    node_venv_lib_python3_12_site-packages_PyQt6_Qt6_lib_QtQuick3DPhysics_framework_Resources --> node_venv_lib_python3_12_site-packages_PyQt6_Qt6_lib_QtQuick3DPhysics_framework_Resources_Info_plist["Info.plist"]\n    Root --> node_venv["venv"]\n    node_venv --> node_venv_lib["lib"]\n    node_venv_lib --> node_venv_lib_python3_12["python3.12"]\n    node_venv_lib_python3_12 --> node_venv_lib_python3_12_site-packages["site-packages"]\n    node_venv_lib_python3_12_site-packages --> node_venv_lib_python3_12_site-packages_PyQt6["PyQt6"]\n    node_venv_lib_python3_12_site-packages_PyQt6 --> node_venv_lib_python3_12_site-packages_PyQt6_Qt6["Qt6"]\n    node_venv_lib_python3_12_site-packages_PyQt6_Qt6 --> node_venv_lib_python3_12_site-packages_PyQt6_Qt6_lib["lib"]\n    node_venv_lib_python3_12_site-packages_PyQt6_Qt6_lib --> node_venv_lib_python3_12_site-packages_PyQt6_Qt6_lib_QtQuick3DPhysics_framework["QtQuick3DPhysics.framework"]\n    node_venv_lib_python3_12_site-packages_PyQt6_Qt6_lib_QtQuick3DPhysics_framework --> node_venv_lib_python3_12_site-packages_PyQt6_Qt6_lib_QtQuick3DPhysics_framework_Resources["Resources"]\n    node_venv_lib_python3_12_site-packages_PyQt6_Qt6_lib_QtQuick3DPhysics_framework_Resources --> node_venv_lib_python3_12_site-packages_PyQt6_Qt6_lib_QtQuick3DPhysics_framework_Resources_PrivacyInfo_xcprivacy["PrivacyInfo.xcprivacy"]\n    Root --> node_venv["venv"]\n    node_venv --> node_venv_lib["lib"]\n    node_venv_lib --> node_venv_lib_python3_12["python3.12"]\n    node_venv_lib_python3_12 --> node_venv_lib_python3_12_site-packages["site-packages"]\n    node_venv_lib_python3_12_site-packages --> node_venv_lib_python3_12_site-packages_PyQt6["PyQt6"]\n    node_venv_lib_python3_12_site-packages_PyQt6 --> node_venv_lib_python3_12_site-packages_PyQt6_Qt6["Qt6"]\n    node_venv_lib_python3_12_site-packages_PyQt6_Qt6 --> node_venv_lib_python3_12_site-packages_PyQt6_Qt6_lib["lib"]\n    node_venv_lib_python3_12_site-packages_PyQt6_Qt6_lib --> node_venv_lib_python3_12_site-packages_PyQt6_Qt6_lib_QtQuick3DPhysics_framework["QtQuick3DPhysics.framework"]\n    node_venv_lib_python3_12_site-packages_PyQt6_Qt6_lib_QtQuick3DPhysics_framework --> node_venv_lib_python3_12_site-packages_PyQt6_Qt6_lib_QtQuick3DPhysics_framework_Versions["Versions"]\n    node_venv_lib_python3_12_site-packages_PyQt6_Qt6_lib_QtQuick3DPhysics_framework_Versions --> node_venv_lib_python3_12_site-packages_PyQt6_Qt6_lib_QtQuick3DPhysics_framework_Versions_A["A"]\n    node_venv_lib_python3_12_site-packages_PyQt6_Qt6_lib_QtQuick3DPhysics_framework_Versions_A --> node_venv_lib_python3_12_site-packages_PyQt6_Qt6_lib_QtQuick3DPhysics_framework_Versions_A_QtQuick3DPhysics["QtQuick3DPhysics"]\n    Root --> node_venv["venv"]\n    node_venv --> node_venv_lib["lib"]\n    node_venv_lib --> node_venv_lib_python3_12["python3.12"]\n    node_venv_lib_python3_12 --> node_venv_lib_python3_12_site-packages["site-packages"]\n    node_venv_lib_python3_12_site-packages --> node_venv_lib_python3_12_site-packages_PyQt6["PyQt6"]\n    node_venv_lib_python3_12_site-packages_PyQt6 --> node_venv_lib_python3_12_site-packages_PyQt6_Qt6["Qt6"]\n    node_venv_lib_python3_12_site-packages_PyQt6_Qt6 --> node_venv_lib_python3_12_site-packages_PyQt6_Qt6_lib["lib"]\n    node_venv_lib_python3_12_site-packages_PyQt6_Qt6_lib --> node_venv_lib_python3_12_site-packages_PyQt6_Qt6_lib_QtRemoteObjectsQml_framework["QtRemoteObjectsQml.framework"]\n    node_venv_lib_python3_12_site-packages_PyQt6_Qt6_lib_QtRemoteObjectsQml_framework --> node_venv_lib_python3_12_site-packages_PyQt6_Qt6_lib_QtRemoteObjectsQml_framework_Resources["Resources"]\n    node_venv_lib_python3_12_site-packages_PyQt6_Qt6_lib_QtRemoteObjectsQml_framework_Resources --> node_venv_lib_python3_12_site-packages_PyQt6_Qt6_lib_QtRemoteObjectsQml_framework_Resources_Info_plist["Info.plist"]\n    Root --> node_venv["venv"]\n    node_venv --> node_venv_lib["lib"]\n    node_venv_lib --> node_venv_lib_python3_12["python3.12"]\n    node_venv_lib_python3_12 --> node_venv_lib_python3_12_site-packages["site-packages"]\n    node_venv_lib_python3_12_site-packages --> node_venv_lib_python3_12_site-packages_PyQt6["PyQt6"]\n    node_venv_lib_python3_12_site-packages_PyQt6 --> node_venv_lib_python3_12_site-packages_PyQt6_Qt6["Qt6"]\n    node_venv_lib_python3_12_site-packages_PyQt6_Qt6 --> node_venv_lib_python3_12_site-packages_PyQt6_Qt6_lib["lib"]\n    node_venv_lib_python3_12_site-packages_PyQt6_Qt6_lib --> node_venv_lib_python3_12_site-packages_PyQt6_Qt6_lib_QtRemoteObjectsQml_framework["QtRemoteObjectsQml.framework"]\n    node_venv_lib_python3_12_site-packages_PyQt6_Qt6_lib_QtRemoteObjectsQml_framework --> node_venv_lib_python3_12_site-packages_PyQt6_Qt6_lib_QtRemoteObjectsQml_framework_Resources["Resources"]\n    node_venv_lib_python3_12_site-packages_PyQt6_Qt6_lib_QtRemoteObjectsQml_framework_Resources --> node_venv_lib_python3_12_site-packages_PyQt6_Qt6_lib_QtRemoteObjectsQml_framework_Resources_PrivacyInfo_xcprivacy["PrivacyInfo.xcprivacy"]\n    Root --> node_venv["venv"]\n    node_venv --> node_venv_lib["lib"]\n    node_venv_lib --> node_venv_lib_python3_12["python3.12"]\n    node_venv_lib_python3_12 --> node_venv_lib_python3_12_site-packages["site-packages"]\n    node_venv_lib_python3_12_site-packages --> node_venv_lib_python3_12_site-packages_PyQt6["PyQt6"]\n    node_venv_lib_python3_12_site-packages_PyQt6 --> node_venv_lib_python3_12_site-packages_PyQt6_Qt6["Qt6"]\n    node_venv_lib_python3_12_site-packages_PyQt6_Qt6 --> node_venv_lib_python3_12_site-packages_PyQt6_Qt6_lib["lib"]\n    node_venv_lib_python3_12_site-packages_PyQt6_Qt6_lib --> node_venv_lib_python3_12_site-packages_PyQt6_Qt6_lib_QtRemoteObjectsQml_framework["QtRemoteObjectsQml.framework"]\n    node_venv_lib_python3_12_site-packages_PyQt6_Qt6_lib_QtRemoteObjectsQml_framework --> node_venv_lib_python3_12_site-packages_PyQt6_Qt6_lib_QtRemoteObjectsQml_framework_Versions["Versions"]\n    node_venv_lib_python3_12_site-packages_PyQt6_Qt6_lib_QtRemoteObjectsQml_framework_Versions --> node_venv_lib_python3_12_site-packages_PyQt6_Qt6_lib_QtRemoteObjectsQml_framework_Versions_A["A"]\n    node_venv_lib_python3_12_site-packages_PyQt6_Qt6_lib_QtRemoteObjectsQml_framework_Versions_A --> node_venv_lib_python3_12_site-packages_PyQt6_Qt6_lib_QtRemoteObjectsQml_framework_Versions_A_QtRemoteObjectsQml["QtRemoteObjectsQml"]\n    Root --> node_venv["venv"]\n    node_venv --> node_venv_lib["lib"]\n    node_venv_lib --> node_venv_lib_python3_12["python3.12"]\n    node_venv_lib_python3_12 --> node_venv_lib_python3_12_site-packages["site-packages"]\n    node_venv_lib_python3_12_site-packages --> node_venv_lib_python3_12_site-packages_PyQt6["PyQt6"]\n    node_venv_lib_python3_12_site-packages_PyQt6 --> node_venv_lib_python3_12_site-packages_PyQt6_Qt6["Qt6"]\n    node_venv_lib_python3_12_site-packages_PyQt6_Qt6 --> node_venv_lib_python3_12_site-packages_PyQt6_Qt6_lib["lib"]\n    node_venv_lib_python3_12_site-packages_PyQt6_Qt6_lib --> node_venv_lib_python3_12_site-packages_PyQt6_Qt6_lib_QtSensors_framework["QtSensors.framework"]\n    node_venv_lib_python3_12_site-packages_PyQt6_Qt6_lib_QtSensors_framework --> node_venv_lib_python3_12_site-packages_PyQt6_Qt6_lib_QtSensors_framework_Resources["Resources"]\n    node_venv_lib_python3_12_site-packages_PyQt6_Qt6_lib_QtSensors_framework_Resources --> node_venv_lib_python3_12_site-packages_PyQt6_Qt6_lib_QtSensors_framework_Resources_Info_plist["Info.plist"]\n    Root --> node_venv["venv"]\n    node_venv --> node_venv_lib["lib"]\n    node_venv_lib --> node_venv_lib_python3_12["python3.12"]\n    node_venv_lib_python3_12 --> node_venv_lib_python3_12_site-packages["site-packages"]\n    node_venv_lib_python3_12_site-packages --> node_venv_lib_python3_12_site-packages_PyQt6["PyQt6"]\n    node_venv_lib_python3_12_site-packages_PyQt6 --> node_venv_lib_python3_12_site-packages_PyQt6_Qt6["Qt6"]\n    node_venv_lib_python3_12_site-packages_PyQt6_Qt6 --> node_venv_lib_python3_12_site-packages_PyQt6_Qt6_lib["lib"]\n    node_venv_lib_python3_12_site-packages_PyQt6_Qt6_lib --> node_venv_lib_python3_12_site-packages_PyQt6_Qt6_lib_QtSensors_framework["QtSensors.framework"]\n    node_venv_lib_python3_12_site-packages_PyQt6_Qt6_lib_QtSensors_framework --> node_venv_lib_python3_12_site-packages_PyQt6_Qt6_lib_QtSensors_framework_Resources["Resources"]\n    node_venv_lib_python3_12_site-packages_PyQt6_Qt6_lib_QtSensors_framework_Resources --> node_venv_lib_python3_12_site-packages_PyQt6_Qt6_lib_QtSensors_framework_Resources_PrivacyInfo_xcprivacy["PrivacyInfo.xcprivacy"]\n    Root --> node_venv["venv"]\n    node_venv --> node_venv_lib["lib"]\n    node_venv_lib --> node_venv_lib_python3_12["python3.12"]\n    node_venv_lib_python3_12 --> node_venv_lib_python3_12_site-packages["site-packages"]\n    node_venv_lib_python3_12_site-packages --> node_venv_lib_python3_12_site-packages_PyQt6["PyQt6"]\n    node_venv_lib_python3_12_site-packages_PyQt6 --> node_venv_lib_python3_12_site-packages_PyQt6_Qt6["Qt6"]\n    node_venv_lib_python3_12_site-packages_PyQt6_Qt6 --> node_venv_lib_python3_12_site-packages_PyQt6_Qt6_lib["lib"]\n    node_venv_lib_python3_12_site-packages_PyQt6_Qt6_lib --> node_venv_lib_python3_12_site-packages_PyQt6_Qt6_lib_QtSensors_framework["QtSensors.framework"]\n    node_venv_lib_python3_12_site-packages_PyQt6_Qt6_lib_QtSensors_framework --> node_venv_lib_python3_12_site-packages_PyQt6_Qt6_lib_QtSensors_framework_Versions["Versions"]\n    node_venv_lib_python3_12_site-packages_PyQt6_Qt6_lib_QtSensors_framework_Versions --> node_venv_lib_python3_12_site-packages_PyQt6_Qt6_lib_QtSensors_framework_Versions_A["A"]\n    node_venv_lib_python3_12_site-packages_PyQt6_Qt6_lib_QtSensors_framework_Versions_A --> node_venv_lib_python3_12_site-packages_PyQt6_Qt6_lib_QtSensors_framework_Versions_A_QtSensors["QtSensors"]\n    Root --> node_venv["venv"]\n    node_venv --> node_venv_lib["lib"]\n    node_venv_lib --> node_venv_lib_python3_12["python3.12"]\n    node_venv_lib_python3_12 --> node_venv_lib_python3_12_site-packages["site-packages"]\n    node_venv_lib_python3_12_site-packages --> node_venv_lib_python3_12_site-packages_PyQt6["PyQt6"]\n    node_venv_lib_python3_12_site-packages_PyQt6 --> node_venv_lib_python3_12_site-packages_PyQt6_Qt6["Qt6"]\n    node_venv_lib_python3_12_site-packages_PyQt6_Qt6 --> node_venv_lib_python3_12_site-packages_PyQt6_Qt6_lib["lib"]\n    node_venv_lib_python3_12_site-packages_PyQt6_Qt6_lib --> node_venv_lib_python3_12_site-packages_PyQt6_Qt6_lib_QtQuick3DHelpers_framework["QtQuick3DHelpers.framework"]\n    node_venv_lib_python3_12_site-packages_PyQt6_Qt6_lib_QtQuick3DHelpers_framework --> node_venv_lib_python3_12_site-packages_PyQt6_Qt6_lib_QtQuick3DHelpers_framework_Resources["Resources"]\n    node_venv_lib_python3_12_site-packages_PyQt6_Qt6_lib_QtQuick3DHelpers_framework_Resources --> node_venv_lib_python3_12_site-packages_PyQt6_Qt6_lib_QtQuick3DHelpers_framework_Resources_Info_plist["Info.plist"]\n    Root --> node_venv["venv"]\n    node_venv --> node_venv_lib["lib"]\n    node_venv_lib --> node_venv_lib_python3_12["python3.12"]\n    node_venv_lib_python3_12 --> node_venv_lib_python3_12_site-packages["site-packages"]\n    node_venv_lib_python3_12_site-packages --> node_venv_lib_python3_12_site-packages_PyQt6["PyQt6"]\n    node_venv_lib_python3_12_site-packages_PyQt6 --> node_venv_lib_python3_12_site-packages_PyQt6_Qt6["Qt6"]\n    node_venv_lib_python3_12_site-packages_PyQt6_Qt6 --> node_venv_lib_python3_12_site-packages_PyQt6_Qt6_lib["lib"]\n    node_venv_lib_python3_12_site-packages_PyQt6_Qt6_lib --> node_venv_lib_python3_12_site-packages_PyQt6_Qt6_lib_QtQuick3DHelpers_framework["QtQuick3DHelpers.framework"]\n    node_venv_lib_python3_12_site-packages_PyQt6_Qt6_lib_QtQuick3DHelpers_framework --> node_venv_lib_python3_12_site-packages_PyQt6_Qt6_lib_QtQuick3DHelpers_framework_Resources["Resources"]\n    node_venv_lib_python3_12_site-packages_PyQt6_Qt6_lib_QtQuick3DHelpers_framework_Resources --> node_venv_lib_python3_12_site-packages_PyQt6_Qt6_lib_QtQuick3DHelpers_framework_Resources_PrivacyInfo_xcprivacy["PrivacyInfo.xcprivacy"]\n    Root --> node_venv["venv"]\n    node_venv --> node_venv_lib["lib"]\n    node_venv_lib --> node_venv_lib_python3_12["python3.12"]\n    node_venv_lib_python3_12 --> node_venv_lib_python3_12_site-packages["site-packages"]\n    node_venv_lib_python3_12_site-packages --> node_venv_lib_python3_12_site-packages_PyQt6["PyQt6"]\n    node_venv_lib_python3_12_site-packages_PyQt6 --> node_venv_lib_python3_12_site-packages_PyQt6_Qt6["Qt6"]\n    node_venv_lib_python3_12_site-packages_PyQt6_Qt6 --> node_venv_lib_python3_12_site-packages_PyQt6_Qt6_lib["lib"]\n    node_venv_lib_python3_12_site-packages_PyQt6_Qt6_lib --> node_venv_lib_python3_12_site-packages_PyQt6_Qt6_lib_QtQuick3DHelpers_framework["QtQuick3DHelpers.framework"]\n    node_venv_lib_python3_12_site-packages_PyQt6_Qt6_lib_QtQuick3DHelpers_framework --> node_venv_lib_python3_12_site-packages_PyQt6_Qt6_lib_QtQuick3DHelpers_framework_Versions["Versions"]\n    node_venv_lib_python3_12_site-packages_PyQt6_Qt6_lib_QtQuick3DHelpers_framework_Versions --> node_venv_lib_python3_12_site-packages_PyQt6_Qt6_lib_QtQuick3DHelpers_framework_Versions_A["A"]\n    node_venv_lib_python3_12_site-packages_PyQt6_Qt6_lib_QtQuick3DHelpers_framework_Versions_A --> node_venv_lib_python3_12_site-packages_PyQt6_Qt6_lib_QtQuick3DHelpers_framework_Versions_A_QtQuick3DHelpers["QtQuick3DHelpers"]\n    Root --> node_venv["venv"]\n    node_venv --> node_venv_lib["lib"]\n    node_venv_lib --> node_venv_lib_python3_12["python3.12"]\n    node_venv_lib_python3_12 --> node_venv_lib_python3_12_site-packages["site-packages"]\n    node_venv_lib_python3_12_site-packages --> node_venv_lib_python3_12_site-packages_PyQt6["PyQt6"]\n    node_venv_lib_python3_12_site-packages_PyQt6 --> node_venv_lib_python3_12_site-packages_PyQt6_Qt6["Qt6"]\n    node_venv_lib_python3_12_site-packages_PyQt6_Qt6 --> node_venv_lib_python3_12_site-packages_PyQt6_Qt6_lib["lib"]\n    node_venv_lib_python3_12_site-packages_PyQt6_Qt6_lib --> node_venv_lib_python3_12_site-packages_PyQt6_Qt6_lib_QtQuickDialogs2_framework["QtQuickDialogs2.framework"]\n    node_venv_lib_python3_12_site-packages_PyQt6_Qt6_lib_QtQuickDialogs2_framework --> node_venv_lib_python3_12_site-packages_PyQt6_Qt6_lib_QtQuickDialogs2_framework_Resources["Resources"]\n    node_venv_lib_python3_12_site-packages_PyQt6_Qt6_lib_QtQuickDialogs2_framework_Resources --> node_venv_lib_python3_12_site-packages_PyQt6_Qt6_lib_QtQuickDialogs2_framework_Resources_Info_plist["Info.plist"]\n    Root --> node_venv["venv"]\n    node_venv --> node_venv_lib["lib"]\n    node_venv_lib --> node_venv_lib_python3_12["python3.12"]\n    node_venv_lib_python3_12 --> node_venv_lib_python3_12_site-packages["site-packages"]\n    node_venv_lib_python3_12_site-packages --> node_venv_lib_python3_12_site-packages_PyQt6["PyQt6"]\n    node_venv_lib_python3_12_site-packages_PyQt6 --> node_venv_lib_python3_12_site-packages_PyQt6_Qt6["Qt6"]\n    node_venv_lib_python3_12_site-packages_PyQt6_Qt6 --> node_venv_lib_python3_12_site-packages_PyQt6_Qt6_lib["lib"]\n    node_venv_lib_python3_12_site-packages_PyQt6_Qt6_lib --> node_venv_lib_python3_12_site-packages_PyQt6_Qt6_lib_QtQuickDialogs2_framework["QtQuickDialogs2.framework"]\n    node_venv_lib_python3_12_site-packages_PyQt6_Qt6_lib_QtQuickDialogs2_framework --> node_venv_lib_python3_12_site-packages_PyQt6_Qt6_lib_QtQuickDialogs2_framework_Resources["Resources"]\n    node_venv_lib_python3_12_site-packages_PyQt6_Qt6_lib_QtQuickDialogs2_framework_Resources --> node_venv_lib_python3_12_site-packages_PyQt6_Qt6_lib_QtQuickDialogs2_framework_Resources_PrivacyInfo_xcprivacy["PrivacyInfo.xcprivacy"]\n    Root --> node_venv["venv"]\n    node_venv --> node_venv_lib["lib"]\n    node_venv_lib --> node_venv_lib_python3_12["python3.12"]\n    node_venv_lib_python3_12 --> node_venv_lib_python3_12_site-packages["site-packages"]\n    node_venv_lib_python3_12_site-packages --> node_venv_lib_python3_12_site-packages_PyQt6["PyQt6"]\n    node_venv_lib_python3_12_site-packages_PyQt6 --> node_venv_lib_python3_12_site-packages_PyQt6_Qt6["Qt6"]\n    node_venv_lib_python3_12_site-packages_PyQt6_Qt6 --> node_venv_lib_python3_12_site-packages_PyQt6_Qt6_lib["lib"]\n    node_venv_lib_python3_12_site-packages_PyQt6_Qt6_lib --> node_venv_lib_python3_12_site-packages_PyQt6_Qt6_lib_QtQuickDialogs2_framework["QtQuickDialogs2.framework"]\n    node_venv_lib_python3_12_site-packages_PyQt6_Qt6_lib_QtQuickDialogs2_framework --> node_venv_lib_python3_12_site-packages_PyQt6_Qt6_lib_QtQuickDialogs2_framework_Versions["Versions"]\n    node_venv_lib_python3_12_site-packages_PyQt6_Qt6_lib_QtQuickDialogs2_framework_Versions --> node_venv_lib_python3_12_site-packages_PyQt6_Qt6_lib_QtQuickDialogs2_framework_Versions_A["A"]\n    node_venv_lib_python3_12_site-packages_PyQt6_Qt6_lib_QtQuickDialogs2_framework_Versions_A --> node_venv_lib_python3_12_site-packages_PyQt6_Qt6_lib_QtQuickDialogs2_framework_Versions_A_QtQuickDialogs2["QtQuickDialogs2"]\n    Root --> node_venv["venv"]\n    node_venv --> node_venv_lib["lib"]\n    node_venv_lib --> node_venv_lib_python3_12["python3.12"]\n    node_venv_lib_python3_12 --> node_venv_lib_python3_12_site-packages["site-packages"]\n    node_venv_lib_python3_12_site-packages --> node_venv_lib_python3_12_site-packages_PyQt6["PyQt6"]\n    node_venv_lib_python3_12_site-packages_PyQt6 --> node_venv_lib_python3_12_site-packages_PyQt6_Qt6["Qt6"]\n    node_venv_lib_python3_12_site-packages_PyQt6_Qt6 --> node_venv_lib_python3_12_site-packages_PyQt6_Qt6_lib["lib"]\n    node_venv_lib_python3_12_site-packages_PyQt6_Qt6_lib --> node_venv_lib_python3_12_site-packages_PyQt6_Qt6_lib_QtLabsWavefrontMesh_framework["QtLabsWavefrontMesh.framework"]\n    node_venv_lib_python3_12_site-packages_PyQt6_Qt6_lib_QtLabsWavefrontMesh_framework --> node_venv_lib_python3_12_site-packages_PyQt6_Qt6_lib_QtLabsWavefrontMesh_framework_Resources["Resources"]\n    node_venv_lib_python3_12_site-packages_PyQt6_Qt6_lib_QtLabsWavefrontMesh_framework_Resources --> node_venv_lib_python3_12_site-packages_PyQt6_Qt6_lib_QtLabsWavefrontMesh_framework_Resources_Info_plist["Info.plist"]\n    Root --> node_venv["venv"]\n    node_venv --> node_venv_lib["lib"]\n    node_venv_lib --> node_venv_lib_python3_12["python3.12"]\n    node_venv_lib_python3_12 --> node_venv_lib_python3_12_site-packages["site-packages"]\n    node_venv_lib_python3_12_site-packages --> node_venv_lib_python3_12_site-packages_PyQt6["PyQt6"]\n    node_venv_lib_python3_12_site-packages_PyQt6 --> node_venv_lib_python3_12_site-packages_PyQt6_Qt6["Qt6"]\n    node_venv_lib_python3_12_site-packages_PyQt6_Qt6 --> node_venv_lib_python3_12_site-packages_PyQt6_Qt6_lib["lib"]\n    node_venv_lib_python3_12_site-packages_PyQt6_Qt6_lib --> node_venv_lib_python3_12_site-packages_PyQt6_Qt6_lib_QtLabsWavefrontMesh_framework["QtLabsWavefrontMesh.framework"]\n    node_venv_lib_python3_12_site-packages_PyQt6_Qt6_lib_QtLabsWavefrontMesh_framework --> node_venv_lib_python3_12_site-packages_PyQt6_Qt6_lib_QtLabsWavefrontMesh_framework_Resources["Resources"]\n    node_venv_lib_python3_12_site-packages_PyQt6_Qt6_lib_QtLabsWavefrontMesh_framework_Resources --> node_venv_lib_python3_12_site-packages_PyQt6_Qt6_lib_QtLabsWavefrontMesh_framework_Resources_PrivacyInfo_xcprivacy["PrivacyInfo.xcprivacy"]\n    Root --> node_venv["venv"]\n    node_venv --> node_venv_lib["lib"]\n    node_venv_lib --> node_venv_lib_python3_12["python3.12"]\n    node_venv_lib_python3_12 --> node_venv_lib_python3_12_site-packages["site-packages"]\n    node_venv_lib_python3_12_site-packages --> node_venv_lib_python3_12_site-packages_PyQt6["PyQt6"]\n    node_venv_lib_python3_12_site-packages_PyQt6 --> node_venv_lib_python3_12_site-packages_PyQt6_Qt6["Qt6"]\n    node_venv_lib_python3_12_site-packages_PyQt6_Qt6 --> node_venv_lib_python3_12_site-packages_PyQt6_Qt6_lib["lib"]\n    node_venv_lib_python3_12_site-packages_PyQt6_Qt6_lib --> node_venv_lib_python3_12_site-packages_PyQt6_Qt6_lib_QtLabsWavefrontMesh_framework["QtLabsWavefrontMesh.framework"]\n    node_venv_lib_python3_12_site-packages_PyQt6_Qt6_lib_QtLabsWavefrontMesh_framework --> node_venv_lib_python3_12_site-packages_PyQt6_Qt6_lib_QtLabsWavefrontMesh_framework_Versions["Versions"]\n    node_venv_lib_python3_12_site-packages_PyQt6_Qt6_lib_QtLabsWavefrontMesh_framework_Versions --> node_venv_lib_python3_12_site-packages_PyQt6_Qt6_lib_QtLabsWavefrontMesh_framework_Versions_A["A"]\n    node_venv_lib_python3_12_site-packages_PyQt6_Qt6_lib_QtLabsWavefrontMesh_framework_Versions_A --> node_venv_lib_python3_12_site-packages_PyQt6_Qt6_lib_QtLabsWavefrontMesh_framework_Versions_A_QtLabsWavefrontMesh["QtLabsWavefrontMesh"]\n    Root --> node_venv["venv"]\n    node_venv --> node_venv_lib["lib"]\n    node_venv_lib --> node_venv_lib_python3_12["python3.12"]\n    node_venv_lib_python3_12 --> node_venv_lib_python3_12_site-packages["site-packages"]\n    node_venv_lib_python3_12_site-packages --> node_venv_lib_python3_12_site-packages_PyQt6["PyQt6"]\n    node_venv_lib_python3_12_site-packages_PyQt6 --> node_venv_lib_python3_12_site-packages_PyQt6_Qt6["Qt6"]\n    node_venv_lib_python3_12_site-packages_PyQt6_Qt6 --> node_venv_lib_python3_12_site-packages_PyQt6_Qt6_lib["lib"]\n    node_venv_lib_python3_12_site-packages_PyQt6_Qt6_lib --> node_venv_lib_python3_12_site-packages_PyQt6_Qt6_lib_QtTextToSpeech_framework["QtTextToSpeech.framework"]\n    node_venv_lib_python3_12_site-packages_PyQt6_Qt6_lib_QtTextToSpeech_framework --> node_venv_lib_python3_12_site-packages_PyQt6_Qt6_lib_QtTextToSpeech_framework_Resources["Resources"]\n    node_venv_lib_python3_12_site-packages_PyQt6_Qt6_lib_QtTextToSpeech_framework_Resources --> node_venv_lib_python3_12_site-packages_PyQt6_Qt6_lib_QtTextToSpeech_framework_Resources_Info_plist["Info.plist"]\n    Root --> node_venv["venv"]\n    node_venv --> node_venv_lib["lib"]\n    node_venv_lib --> node_venv_lib_python3_12["python3.12"]\n    node_venv_lib_python3_12 --> node_venv_lib_python3_12_site-packages["site-packages"]\n    node_venv_lib_python3_12_site-packages --> node_venv_lib_python3_12_site-packages_PyQt6["PyQt6"]\n    node_venv_lib_python3_12_site-packages_PyQt6 --> node_venv_lib_python3_12_site-packages_PyQt6_Qt6["Qt6"]\n    node_venv_lib_python3_12_site-packages_PyQt6_Qt6 --> node_venv_lib_python3_12_site-packages_PyQt6_Qt6_lib["lib"]\n    node_venv_lib_python3_12_site-packages_PyQt6_Qt6_lib --> node_venv_lib_python3_12_site-packages_PyQt6_Qt6_lib_QtTextToSpeech_framework["QtTextToSpeech.framework"]\n    node_venv_lib_python3_12_site-packages_PyQt6_Qt6_lib_QtTextToSpeech_framework --> node_venv_lib_python3_12_site-packages_PyQt6_Qt6_lib_QtTextToSpeech_framework_Resources["Resources"]\n    node_venv_lib_python3_12_site-packages_PyQt6_Qt6_lib_QtTextToSpeech_framework_Resources --> node_venv_lib_python3_12_site-packages_PyQt6_Qt6_lib_QtTextToSpeech_framework_Resources_PrivacyInfo_xcprivacy["PrivacyInfo.xcprivacy"]\n    Root --> node_venv["venv"]\n    node_venv --> node_venv_lib["lib"]\n    node_venv_lib --> node_venv_lib_python3_12["python3.12"]\n    node_venv_lib_python3_12 --> node_venv_lib_python3_12_site-packages["site-packages"]\n    node_venv_lib_python3_12_site-packages --> node_venv_lib_python3_12_site-packages_PyQt6["PyQt6"]\n    node_venv_lib_python3_12_site-packages_PyQt6 --> node_venv_lib_python3_12_site-packages_PyQt6_Qt6["Qt6"]\n    node_venv_lib_python3_12_site-packages_PyQt6_Qt6 --> node_venv_lib_python3_12_site-packages_PyQt6_Qt6_lib["lib"]\n    node_venv_lib_python3_12_site-packages_PyQt6_Qt6_lib --> node_venv_lib_python3_12_site-packages_PyQt6_Qt6_lib_QtTextToSpeech_framework["QtTextToSpeech.framework"]\n    node_venv_lib_python3_12_site-packages_PyQt6_Qt6_lib_QtTextToSpeech_framework --> node_venv_lib_python3_12_site-packages_PyQt6_Qt6_lib_QtTextToSpeech_framework_Versions["Versions"]\n    node_venv_lib_python3_12_site-packages_PyQt6_Qt6_lib_QtTextToSpeech_framework_Versions --> node_venv_lib_python3_12_site-packages_PyQt6_Qt6_lib_QtTextToSpeech_framework_Versions_A["A"]\n    node_venv_lib_python3_12_site-packages_PyQt6_Qt6_lib_QtTextToSpeech_framework_Versions_A --> node_venv_lib_python3_12_site-packages_PyQt6_Qt6_lib_QtTextToSpeech_framework_Versions_A_QtTextToSpeech["QtTextToSpeech"]\n    Root --> node_venv["venv"]\n    node_venv --> node_venv_lib["lib"]\n    node_venv_lib --> node_venv_lib_python3_12["python3.12"]\n    node_venv_lib_python3_12 --> node_venv_lib_python3_12_site-packages["site-packages"]\n    node_venv_lib_python3_12_site-packages --> node_venv_lib_python3_12_site-packages_PyQt6["PyQt6"]\n    node_venv_lib_python3_12_site-packages_PyQt6 --> node_venv_lib_python3_12_site-packages_PyQt6_Qt6["Qt6"]\n    node_venv_lib_python3_12_site-packages_PyQt6_Qt6 --> node_venv_lib_python3_12_site-packages_PyQt6_Qt6_lib["lib"]\n    node_venv_lib_python3_12_site-packages_PyQt6_Qt6_lib --> node_venv_lib_python3_12_site-packages_PyQt6_Qt6_lib_QtStateMachineQml_framework["QtStateMachineQml.framework"]\n    node_venv_lib_python3_12_site-packages_PyQt6_Qt6_lib_QtStateMachineQml_framework --> node_venv_lib_python3_12_site-packages_PyQt6_Qt6_lib_QtStateMachineQml_framework_Resources["Resources"]\n    node_venv_lib_python3_12_site-packages_PyQt6_Qt6_lib_QtStateMachineQml_framework_Resources --> node_venv_lib_python3_12_site-packages_PyQt6_Qt6_lib_QtStateMachineQml_framework_Resources_Info_plist["Info.plist"]\n    Root --> node_venv["venv"]\n    node_venv --> node_venv_lib["lib"]\n    node_venv_lib --> node_venv_lib_python3_12["python3.12"]\n    node_venv_lib_python3_12 --> node_venv_lib_python3_12_site-packages["site-packages"]\n    node_venv_lib_python3_12_site-packages --> node_venv_lib_python3_12_site-packages_PyQt6["PyQt6"]\n    node_venv_lib_python3_12_site-packages_PyQt6 --> node_venv_lib_python3_12_site-packages_PyQt6_Qt6["Qt6"]\n    node_venv_lib_python3_12_site-packages_PyQt6_Qt6 --> node_venv_lib_python3_12_site-packages_PyQt6_Qt6_lib["lib"]\n    node_venv_lib_python3_12_site-packages_PyQt6_Qt6_lib --> node_venv_lib_python3_12_site-packages_PyQt6_Qt6_lib_QtStateMachineQml_framework["QtStateMachineQml.framework"]\n    node_venv_lib_python3_12_site-packages_PyQt6_Qt6_lib_QtStateMachineQml_framework --> node_venv_lib_python3_12_site-packages_PyQt6_Qt6_lib_QtStateMachineQml_framework_Resources["Resources"]\n    node_venv_lib_python3_12_site-packages_PyQt6_Qt6_lib_QtStateMachineQml_framework_Resources --> node_venv_lib_python3_12_site-packages_PyQt6_Qt6_lib_QtStateMachineQml_framework_Resources_PrivacyInfo_xcprivacy["PrivacyInfo.xcprivacy"]\n    Root --> node_venv["venv"]\n    node_venv --> node_venv_lib["lib"]\n    node_venv_lib --> node_venv_lib_python3_12["python3.12"]\n    node_venv_lib_python3_12 --> node_venv_lib_python3_12_site-packages["site-packages"]\n    node_venv_lib_python3_12_site-packages --> node_venv_lib_python3_12_site-packages_PyQt6["PyQt6"]\n    node_venv_lib_python3_12_site-packages_PyQt6 --> node_venv_lib_python3_12_site-packages_PyQt6_Qt6["Qt6"]\n    node_venv_lib_python3_12_site-packages_PyQt6_Qt6 --> node_venv_lib_python3_12_site-packages_PyQt6_Qt6_lib["lib"]\n    node_venv_lib_python3_12_site-packages_PyQt6_Qt6_lib --> node_venv_lib_python3_12_site-packages_PyQt6_Qt6_lib_QtStateMachineQml_framework["QtStateMachineQml.framework"]\n    node_venv_lib_python3_12_site-packages_PyQt6_Qt6_lib_QtStateMachineQml_framework --> node_venv_lib_python3_12_site-packages_PyQt6_Qt6_lib_QtStateMachineQml_framework_Versions["Versions"]\n    node_venv_lib_python3_12_site-packages_PyQt6_Qt6_lib_QtStateMachineQml_framework_Versions --> node_venv_lib_python3_12_site-packages_PyQt6_Qt6_lib_QtStateMachineQml_framework_Versions_A["A"]\n    node_venv_lib_python3_12_site-packages_PyQt6_Qt6_lib_QtStateMachineQml_framework_Versions_A --> node_venv_lib_python3_12_site-packages_PyQt6_Qt6_lib_QtStateMachineQml_framework_Versions_A_QtStateMachineQml["QtStateMachineQml"]\n    Root --> node_venv["venv"]\n    node_venv --> node_venv_lib["lib"]\n    node_venv_lib --> node_venv_lib_python3_12["python3.12"]\n    node_venv_lib_python3_12 --> node_venv_lib_python3_12_site-packages["site-packages"]\n    node_venv_lib_python3_12_site-packages --> node_venv_lib_python3_12_site-packages_PyQt6["PyQt6"]\n    node_venv_lib_python3_12_site-packages_PyQt6 --> node_venv_lib_python3_12_site-packages_PyQt6_Qt6["Qt6"]\n    node_venv_lib_python3_12_site-packages_PyQt6_Qt6 --> node_venv_lib_python3_12_site-packages_PyQt6_Qt6_lib["lib"]\n    node_venv_lib_python3_12_site-packages_PyQt6_Qt6_lib --> node_venv_lib_python3_12_site-packages_PyQt6_Qt6_lib_QtSql_framework["QtSql.framework"]\n    node_venv_lib_python3_12_site-packages_PyQt6_Qt6_lib_QtSql_framework --> node_venv_lib_python3_12_site-packages_PyQt6_Qt6_lib_QtSql_framework_Resources["Resources"]\n    node_venv_lib_python3_12_site-packages_PyQt6_Qt6_lib_QtSql_framework_Resources --> node_venv_lib_python3_12_site-packages_PyQt6_Qt6_lib_QtSql_framework_Resources_Info_plist["Info.plist"]\n    Root --> node_venv["venv"]\n    node_venv --> node_venv_lib["lib"]\n    node_venv_lib --> node_venv_lib_python3_12["python3.12"]\n    node_venv_lib_python3_12 --> node_venv_lib_python3_12_site-packages["site-packages"]\n    node_venv_lib_python3_12_site-packages --> node_venv_lib_python3_12_site-packages_PyQt6["PyQt6"]\n    node_venv_lib_python3_12_site-packages_PyQt6 --> node_venv_lib_python3_12_site-packages_PyQt6_Qt6["Qt6"]\n    node_venv_lib_python3_12_site-packages_PyQt6_Qt6 --> node_venv_lib_python3_12_site-packages_PyQt6_Qt6_lib["lib"]\n    node_venv_lib_python3_12_site-packages_PyQt6_Qt6_lib --> node_venv_lib_python3_12_site-packages_PyQt6_Qt6_lib_QtSql_framework["QtSql.framework"]\n    node_venv_lib_python3_12_site-packages_PyQt6_Qt6_lib_QtSql_framework --> node_venv_lib_python3_12_site-packages_PyQt6_Qt6_lib_QtSql_framework_Resources["Resources"]\n    node_venv_lib_python3_12_site-packages_PyQt6_Qt6_lib_QtSql_framework_Resources --> node_venv_lib_python3_12_site-packages_PyQt6_Qt6_lib_QtSql_framework_Resources_PrivacyInfo_xcprivacy["PrivacyInfo.xcprivacy"]\n    Root --> node_venv["venv"]\n    node_venv --> node_venv_lib["lib"]\n    node_venv_lib --> node_venv_lib_python3_12["python3.12"]\n    node_venv_lib_python3_12 --> node_venv_lib_python3_12_site-packages["site-packages"]\n    node_venv_lib_python3_12_site-packages --> node_venv_lib_python3_12_site-packages_PyQt6["PyQt6"]\n    node_venv_lib_python3_12_site-packages_PyQt6 --> node_venv_lib_python3_12_site-packages_PyQt6_Qt6["Qt6"]\n    node_venv_lib_python3_12_site-packages_PyQt6_Qt6 --> node_venv_lib_python3_12_site-packages_PyQt6_Qt6_lib["lib"]\n    node_venv_lib_python3_12_site-packages_PyQt6_Qt6_lib --> node_venv_lib_python3_12_site-packages_PyQt6_Qt6_lib_QtSql_framework["QtSql.framework"]\n    node_venv_lib_python3_12_site-packages_PyQt6_Qt6_lib_QtSql_framework --> node_venv_lib_python3_12_site-packages_PyQt6_Qt6_lib_QtSql_framework_Versions["Versions"]\n    node_venv_lib_python3_12_site-packages_PyQt6_Qt6_lib_QtSql_framework_Versions --> node_venv_lib_python3_12_site-packages_PyQt6_Qt6_lib_QtSql_framework_Versions_A["A"]\n    node_venv_lib_python3_12_site-packages_PyQt6_Qt6_lib_QtSql_framework_Versions_A --> node_venv_lib_python3_12_site-packages_PyQt6_Qt6_lib_QtSql_framework_Versions_A_QtSql["QtSql"]\n    Root --> node_venv["venv"]\n    node_venv --> node_venv_lib["lib"]\n    node_venv_lib --> node_venv_lib_python3_12["python3.12"]\n    node_venv_lib_python3_12 --> node_venv_lib_python3_12_site-packages["site-packages"]\n    node_venv_lib_python3_12_site-packages --> node_venv_lib_python3_12_site-packages_PyQt6["PyQt6"]\n    node_venv_lib_python3_12_site-packages_PyQt6 --> node_venv_lib_python3_12_site-packages_PyQt6_Qt6["Qt6"]\n    node_venv_lib_python3_12_site-packages_PyQt6_Qt6 --> node_venv_lib_python3_12_site-packages_PyQt6_Qt6_lib["lib"]\n    node_venv_lib_python3_12_site-packages_PyQt6_Qt6_lib --> node_venv_lib_python3_12_site-packages_PyQt6_Qt6_lib_QtConcurrent_framework["QtConcurrent.framework"]\n    node_venv_lib_python3_12_site-packages_PyQt6_Qt6_lib_QtConcurrent_framework --> node_venv_lib_python3_12_site-packages_PyQt6_Qt6_lib_QtConcurrent_framework_Resources["Resources"]\n    node_venv_lib_python3_12_site-packages_PyQt6_Qt6_lib_QtConcurrent_framework_Resources --> node_venv_lib_python3_12_site-packages_PyQt6_Qt6_lib_QtConcurrent_framework_Resources_Info_plist["Info.plist"]\n    Root --> node_venv["venv"]\n    node_venv --> node_venv_lib["lib"]\n    node_venv_lib --> node_venv_lib_python3_12["python3.12"]\n    node_venv_lib_python3_12 --> node_venv_lib_python3_12_site-packages["site-packages"]\n    node_venv_lib_python3_12_site-packages --> node_venv_lib_python3_12_site-packages_PyQt6["PyQt6"]\n    node_venv_lib_python3_12_site-packages_PyQt6 --> node_venv_lib_python3_12_site-packages_PyQt6_Qt6["Qt6"]\n    node_venv_lib_python3_12_site-packages_PyQt6_Qt6 --> node_venv_lib_python3_12_site-packages_PyQt6_Qt6_lib["lib"]\n    node_venv_lib_python3_12_site-packages_PyQt6_Qt6_lib --> node_venv_lib_python3_12_site-packages_PyQt6_Qt6_lib_QtConcurrent_framework["QtConcurrent.framework"]\n    node_venv_lib_python3_12_site-packages_PyQt6_Qt6_lib_QtConcurrent_framework --> node_venv_lib_python3_12_site-packages_PyQt6_Qt6_lib_QtConcurrent_framework_Resources["Resources"]\n    node_venv_lib_python3_12_site-packages_PyQt6_Qt6_lib_QtConcurrent_framework_Resources --> node_venv_lib_python3_12_site-packages_PyQt6_Qt6_lib_QtConcurrent_framework_Resources_PrivacyInfo_xcprivacy["PrivacyInfo.xcprivacy"]\n    Root --> node_venv["venv"]\n    node_venv --> node_venv_lib["lib"]\n    node_venv_lib --> node_venv_lib_python3_12["python3.12"]\n    node_venv_lib_python3_12 --> node_venv_lib_python3_12_site-packages["site-packages"]\n    node_venv_lib_python3_12_site-packages --> node_venv_lib_python3_12_site-packages_PyQt6["PyQt6"]\n    node_venv_lib_python3_12_site-packages_PyQt6 --> node_venv_lib_python3_12_site-packages_PyQt6_Qt6["Qt6"]\n    node_venv_lib_python3_12_site-packages_PyQt6_Qt6 --> node_venv_lib_python3_12_site-packages_PyQt6_Qt6_lib["lib"]\n    node_venv_lib_python3_12_site-packages_PyQt6_Qt6_lib --> node_venv_lib_python3_12_site-packages_PyQt6_Qt6_lib_QtConcurrent_framework["QtConcurrent.framework"]\n    node_venv_lib_python3_12_site-packages_PyQt6_Qt6_lib_QtConcurrent_framework --> node_venv_lib_python3_12_site-packages_PyQt6_Qt6_lib_QtConcurrent_framework_Versions["Versions"]\n    node_venv_lib_python3_12_site-packages_PyQt6_Qt6_lib_QtConcurrent_framework_Versions --> node_venv_lib_python3_12_site-packages_PyQt6_Qt6_lib_QtConcurrent_framework_Versions_A["A"]\n    node_venv_lib_python3_12_site-packages_PyQt6_Qt6_lib_QtConcurrent_framework_Versions_A --> node_venv_lib_python3_12_site-packages_PyQt6_Qt6_lib_QtConcurrent_framework_Versions_A_QtConcurrent["QtConcurrent"]\n    Root --> node_venv["venv"]\n    node_venv --> node_venv_lib["lib"]\n    node_venv_lib --> node_venv_lib_python3_12["python3.12"]\n    node_venv_lib_python3_12 --> node_venv_lib_python3_12_site-packages["site-packages"]\n    node_venv_lib_python3_12_site-packages --> node_venv_lib_python3_12_site-packages_PyQt6["PyQt6"]\n    node_venv_lib_python3_12_site-packages_PyQt6 --> node_venv_lib_python3_12_site-packages_PyQt6_Qt6["Qt6"]\n    node_venv_lib_python3_12_site-packages_PyQt6_Qt6 --> node_venv_lib_python3_12_site-packages_PyQt6_Qt6_qsci["qsci"]\n    node_venv_lib_python3_12_site-packages_PyQt6_Qt6_qsci --> node_venv_lib_python3_12_site-packages_PyQt6_Qt6_qsci_api["api"]\n    node_venv_lib_python3_12_site-packages_PyQt6_Qt6_qsci_api --> node_venv_lib_python3_12_site-packages_PyQt6_Qt6_qsci_api_python["python"]\n    node_venv_lib_python3_12_site-packages_PyQt6_Qt6_qsci_api_python --> node_venv_lib_python3_12_site-packages_PyQt6_Qt6_qsci_api_python_PyQt6_api["PyQt6.api"]\n    Root --> node_venv["venv"]\n    node_venv --> node_venv_lib["lib"]\n    node_venv_lib --> node_venv_lib_python3_12["python3.12"]\n    node_venv_lib_python3_12 --> node_venv_lib_python3_12_site-packages["site-packages"]\n    node_venv_lib_python3_12_site-packages --> node_venv_lib_python3_12_site-packages_PyQt6["PyQt6"]\n    node_venv_lib_python3_12_site-packages_PyQt6 --> node_venv_lib_python3_12_site-packages_PyQt6_Qt6["Qt6"]\n    node_venv_lib_python3_12_site-packages_PyQt6_Qt6 --> node_venv_lib_python3_12_site-packages_PyQt6_Qt6_translations["translations"]\n    node_venv_lib_python3_12_site-packages_PyQt6_Qt6_translations --> node_venv_lib_python3_12_site-packages_PyQt6_Qt6_translations_qt_ar_qm["qt_ar.qm"]\n    Root --> node_venv["venv"]\n    node_venv --> node_venv_lib["lib"]\n    node_venv_lib --> node_venv_lib_python3_12["python3.12"]\n    node_venv_lib_python3_12 --> node_venv_lib_python3_12_site-packages["site-packages"]\n    node_venv_lib_python3_12_site-packages --> node_venv_lib_python3_12_site-packages_PyQt6["PyQt6"]\n    node_venv_lib_python3_12_site-packages_PyQt6 --> node_venv_lib_python3_12_site-packages_PyQt6_Qt6["Qt6"]\n    node_venv_lib_python3_12_site-packages_PyQt6_Qt6 --> node_venv_lib_python3_12_site-packages_PyQt6_Qt6_translations["translations"]\n    node_venv_lib_python3_12_site-packages_PyQt6_Qt6_translations --> node_venv_lib_python3_12_site-packages_PyQt6_Qt6_translations_qt_bg_qm["qt_bg.qm"]\n    Root --> node_venv["venv"]\n    node_venv --> node_venv_lib["lib"]\n    node_venv_lib --> node_venv_lib_python3_12["python3.12"]\n    node_venv_lib_python3_12 --> node_venv_lib_python3_12_site-packages["site-packages"]\n    node_venv_lib_python3_12_site-packages --> node_venv_lib_python3_12_site-packages_PyQt6["PyQt6"]\n    node_venv_lib_python3_12_site-packages_PyQt6 --> node_venv_lib_python3_12_site-packages_PyQt6_Qt6["Qt6"]\n    node_venv_lib_python3_12_site-packages_PyQt6_Qt6 --> node_venv_lib_python3_12_site-packages_PyQt6_Qt6_translations["translations"]\n    node_venv_lib_python3_12_site-packages_PyQt6_Qt6_translations --> node_venv_lib_python3_12_site-packages_PyQt6_Qt6_translations_qt_ca_qm["qt_ca.qm"]\n    Root --> node_venv["venv"]\n    node_venv --> node_venv_lib["lib"]\n    node_venv_lib --> node_venv_lib_python3_12["python3.12"]\n    node_venv_lib_python3_12 --> node_venv_lib_python3_12_site-packages["site-packages"]\n    node_venv_lib_python3_12_site-packages --> node_venv_lib_python3_12_site-packages_PyQt6["PyQt6"]\n    node_venv_lib_python3_12_site-packages_PyQt6 --> node_venv_lib_python3_12_site-packages_PyQt6_Qt6["Qt6"]\n    node_venv_lib_python3_12_site-packages_PyQt6_Qt6 --> node_venv_lib_python3_12_site-packages_PyQt6_Qt6_translations["translations"]\n    node_venv_lib_python3_12_site-packages_PyQt6_Qt6_translations --> node_venv_lib_python3_12_site-packages_PyQt6_Qt6_translations_qt_cs_qm["qt_cs.qm"]\n    Root --> node_venv["venv"]\n    node_venv --> node_venv_lib["lib"]\n    node_venv_lib --> node_venv_lib_python3_12["python3.12"]\n    node_venv_lib_python3_12 --> node_venv_lib_python3_12_site-packages["site-packages"]\n    node_venv_lib_python3_12_site-packages --> node_venv_lib_python3_12_site-packages_PyQt6["PyQt6"]\n    node_venv_lib_python3_12_site-packages_PyQt6 --> node_venv_lib_python3_12_site-packages_PyQt6_Qt6["Qt6"]\n    node_venv_lib_python3_12_site-packages_PyQt6_Qt6 --> node_venv_lib_python3_12_site-packages_PyQt6_Qt6_translations["translations"]\n    node_venv_lib_python3_12_site-packages_PyQt6_Qt6_translations --> node_venv_lib_python3_12_site-packages_PyQt6_Qt6_translations_qt_da_qm["qt_da.qm"]\n    Root --> node_venv["venv"]\n    node_venv --> node_venv_lib["lib"]\n    node_venv_lib --> node_venv_lib_python3_12["python3.12"]\n    node_venv_lib_python3_12 --> node_venv_lib_python3_12_site-packages["site-packages"]\n    node_venv_lib_python3_12_site-packages --> node_venv_lib_python3_12_site-packages_PyQt6["PyQt6"]\n    node_venv_lib_python3_12_site-packages_PyQt6 --> node_venv_lib_python3_12_site-packages_PyQt6_Qt6["Qt6"]\n    node_venv_lib_python3_12_site-packages_PyQt6_Qt6 --> node_venv_lib_python3_12_site-packages_PyQt6_Qt6_translations["translations"]\n    node_venv_lib_python3_12_site-packages_PyQt6_Qt6_translations --> node_venv_lib_python3_12_site-packages_PyQt6_Qt6_translations_qt_de_qm["qt_de.qm"]\n    Root --> node_venv["venv"]\n    node_venv --> node_venv_lib["lib"]\n    node_venv_lib --> node_venv_lib_python3_12["python3.12"]\n    node_venv_lib_python3_12 --> node_venv_lib_python3_12_site-packages["site-packages"]\n    node_venv_lib_python3_12_site-packages --> node_venv_lib_python3_12_site-packages_PyQt6["PyQt6"]\n    node_venv_lib_python3_12_site-packages_PyQt6 --> node_venv_lib_python3_12_site-packages_PyQt6_Qt6["Qt6"]\n    node_venv_lib_python3_12_site-packages_PyQt6_Qt6 --> node_venv_lib_python3_12_site-packages_PyQt6_Qt6_translations["translations"]\n    node_venv_lib_python3_12_site-packages_PyQt6_Qt6_translations --> node_venv_lib_python3_12_site-packages_PyQt6_Qt6_translations_qt_en_qm["qt_en.qm"]\n    Root --> node_venv["venv"]\n    node_venv --> node_venv_lib["lib"]\n    node_venv_lib --> node_venv_lib_python3_12["python3.12"]\n    node_venv_lib_python3_12 --> node_venv_lib_python3_12_site-packages["site-packages"]\n    node_venv_lib_python3_12_site-packages --> node_venv_lib_python3_12_site-packages_PyQt6["PyQt6"]\n    node_venv_lib_python3_12_site-packages_PyQt6 --> node_venv_lib_python3_12_site-packages_PyQt6_Qt6["Qt6"]\n    node_venv_lib_python3_12_site-packages_PyQt6_Qt6 --> node_venv_lib_python3_12_site-packages_PyQt6_Qt6_translations["translations"]\n    node_venv_lib_python3_12_site-packages_PyQt6_Qt6_translations --> node_venv_lib_python3_12_site-packages_PyQt6_Qt6_translations_qt_es_qm["qt_es.qm"]\n    Root --> node_venv["venv"]\n    node_venv --> node_venv_lib["lib"]\n    node_venv_lib --> node_venv_lib_python3_12["python3.12"]\n    node_venv_lib_python3_12 --> node_venv_lib_python3_12_site-packages["site-packages"]\n    node_venv_lib_python3_12_site-packages --> node_venv_lib_python3_12_site-packages_PyQt6["PyQt6"]\n    node_venv_lib_python3_12_site-packages_PyQt6 --> node_venv_lib_python3_12_site-packages_PyQt6_Qt6["Qt6"]\n    node_venv_lib_python3_12_site-packages_PyQt6_Qt6 --> node_venv_lib_python3_12_site-packages_PyQt6_Qt6_translations["translations"]\n    node_venv_lib_python3_12_site-packages_PyQt6_Qt6_translations --> node_venv_lib_python3_12_site-packages_PyQt6_Qt6_translations_qt_fa_qm["qt_fa.qm"]\n    Root --> node_venv["venv"]\n    node_venv --> node_venv_lib["lib"]\n    node_venv_lib --> node_venv_lib_python3_12["python3.12"]\n    node_venv_lib_python3_12 --> node_venv_lib_python3_12_site-packages["site-packages"]\n    node_venv_lib_python3_12_site-packages --> node_venv_lib_python3_12_site-packages_PyQt6["PyQt6"]\n    node_venv_lib_python3_12_site-packages_PyQt6 --> node_venv_lib_python3_12_site-packages_PyQt6_Qt6["Qt6"]\n    node_venv_lib_python3_12_site-packages_PyQt6_Qt6 --> node_venv_lib_python3_12_site-packages_PyQt6_Qt6_translations["translations"]\n    node_venv_lib_python3_12_site-packages_PyQt6_Qt6_translations --> node_venv_lib_python3_12_site-packages_PyQt6_Qt6_translations_qt_fi_qm["qt_fi.qm"]\n    Root --> node_venv["venv"]\n    node_venv --> node_venv_lib["lib"]\n    node_venv_lib --> node_venv_lib_python3_12["python3.12"]\n    node_venv_lib_python3_12 --> node_venv_lib_python3_12_site-packages["site-packages"]\n    node_venv_lib_python3_12_site-packages --> node_venv_lib_python3_12_site-packages_PyQt6["PyQt6"]\n    node_venv_lib_python3_12_site-packages_PyQt6 --> node_venv_lib_python3_12_site-packages_PyQt6_Qt6["Qt6"]\n    node_venv_lib_python3_12_site-packages_PyQt6_Qt6 --> node_venv_lib_python3_12_site-packages_PyQt6_Qt6_translations["translations"]\n    node_venv_lib_python3_12_site-packages_PyQt6_Qt6_translations --> node_venv_lib_python3_12_site-packages_PyQt6_Qt6_translations_qt_fr_qm["qt_fr.qm"]\n    Root --> node_venv["venv"]\n    node_venv --> node_venv_lib["lib"]\n    node_venv_lib --> node_venv_lib_python3_12["python3.12"]\n    node_venv_lib_python3_12 --> node_venv_lib_python3_12_site-packages["site-packages"]\n    node_venv_lib_python3_12_site-packages --> node_venv_lib_python3_12_site-packages_PyQt6["PyQt6"]\n    node_venv_lib_python3_12_site-packages_PyQt6 --> node_venv_lib_python3_12_site-packages_PyQt6_Qt6["Qt6"]\n    node_venv_lib_python3_12_site-packages_PyQt6_Qt6 --> node_venv_lib_python3_12_site-packages_PyQt6_Qt6_translations["translations"]\n    node_venv_lib_python3_12_site-packages_PyQt6_Qt6_translations --> node_venv_lib_python3_12_site-packages_PyQt6_Qt6_translations_qt_gd_qm["qt_gd.qm"]\n    Root --> node_venv["venv"]\n    node_venv --> node_venv_lib["lib"]\n    node_venv_lib --> node_venv_lib_python3_12["python3.12"]\n    node_venv_lib_python3_12 --> node_venv_lib_python3_12_site-packages["site-packages"]\n    node_venv_lib_python3_12_site-packages --> node_venv_lib_python3_12_site-packages_PyQt6["PyQt6"]\n    node_venv_lib_python3_12_site-packages_PyQt6 --> node_venv_lib_python3_12_site-packages_PyQt6_Qt6["Qt6"]\n    node_venv_lib_python3_12_site-packages_PyQt6_Qt6 --> node_venv_lib_python3_12_site-packages_PyQt6_Qt6_translations["translations"]\n    node_venv_lib_python3_12_site-packages_PyQt6_Qt6_translations --> node_venv_lib_python3_12_site-packages_PyQt6_Qt6_translations_qt_gl_qm["qt_gl.qm"]\n    Root --> node_venv["venv"]\n    node_venv --> node_venv_lib["lib"]\n    node_venv_lib --> node_venv_lib_python3_12["python3.12"]\n    node_venv_lib_python3_12 --> node_venv_lib_python3_12_site-packages["site-packages"]\n    node_venv_lib_python3_12_site-packages --> node_venv_lib_python3_12_site-packages_PyQt6["PyQt6"]\n    node_venv_lib_python3_12_site-packages_PyQt6 --> node_venv_lib_python3_12_site-packages_PyQt6_Qt6["Qt6"]\n    node_venv_lib_python3_12_site-packages_PyQt6_Qt6 --> node_venv_lib_python3_12_site-packages_PyQt6_Qt6_translations["translations"]\n    node_venv_lib_python3_12_site-packages_PyQt6_Qt6_translations --> node_venv_lib_python3_12_site-packages_PyQt6_Qt6_translations_qt_he_qm["qt_he.qm"]\n    Root --> node_venv["venv"]\n    node_venv --> node_venv_lib["lib"]\n    node_venv_lib --> node_venv_lib_python3_12["python3.12"]\n    node_venv_lib_python3_12 --> node_venv_lib_python3_12_site-packages["site-packages"]\n    node_venv_lib_python3_12_site-packages --> node_venv_lib_python3_12_site-packages_PyQt6["PyQt6"]\n    node_venv_lib_python3_12_site-packages_PyQt6 --> node_venv_lib_python3_12_site-packages_PyQt6_Qt6["Qt6"]\n    node_venv_lib_python3_12_site-packages_PyQt6_Qt6 --> node_venv_lib_python3_12_site-packages_PyQt6_Qt6_translations["translations"]\n    node_venv_lib_python3_12_site-packages_PyQt6_Qt6_translations --> node_venv_lib_python3_12_site-packages_PyQt6_Qt6_translations_qt_help_ar_qm["qt_help_ar.qm"]\n    Root --> node_venv["venv"]\n    node_venv --> node_venv_lib["lib"]\n    node_venv_lib --> node_venv_lib_python3_12["python3.12"]\n    node_venv_lib_python3_12 --> node_venv_lib_python3_12_site-packages["site-packages"]\n    node_venv_lib_python3_12_site-packages --> node_venv_lib_python3_12_site-packages_PyQt6["PyQt6"]\n    node_venv_lib_python3_12_site-packages_PyQt6 --> node_venv_lib_python3_12_site-packages_PyQt6_Qt6["Qt6"]\n    node_venv_lib_python3_12_site-packages_PyQt6_Qt6 --> node_venv_lib_python3_12_site-packages_PyQt6_Qt6_translations["translations"]\n    node_venv_lib_python3_12_site-packages_PyQt6_Qt6_translations --> node_venv_lib_python3_12_site-packages_PyQt6_Qt6_translations_qt_help_bg_qm["qt_help_bg.qm"]\n    Root --> node_venv["venv"]\n    node_venv --> node_venv_lib["lib"]\n    node_venv_lib --> node_venv_lib_python3_12["python3.12"]\n    node_venv_lib_python3_12 --> node_venv_lib_python3_12_site-packages["site-packages"]\n    node_venv_lib_python3_12_site-packages --> node_venv_lib_python3_12_site-packages_PyQt6["PyQt6"]\n    node_venv_lib_python3_12_site-packages_PyQt6 --> node_venv_lib_python3_12_site-packages_PyQt6_Qt6["Qt6"]\n    node_venv_lib_python3_12_site-packages_PyQt6_Qt6 --> node_venv_lib_python3_12_site-packages_PyQt6_Qt6_translations["translations"]\n    node_venv_lib_python3_12_site-packages_PyQt6_Qt6_translations --> node_venv_lib_python3_12_site-packages_PyQt6_Qt6_translations_qt_help_ca_qm["qt_help_ca.qm"]\n    Root --> node_venv["venv"]\n    node_venv --> node_venv_lib["lib"]\n    node_venv_lib --> node_venv_lib_python3_12["python3.12"]\n    node_venv_lib_python3_12 --> node_venv_lib_python3_12_site-packages["site-packages"]\n    node_venv_lib_python3_12_site-packages --> node_venv_lib_python3_12_site-packages_PyQt6["PyQt6"]\n    node_venv_lib_python3_12_site-packages_PyQt6 --> node_venv_lib_python3_12_site-packages_PyQt6_Qt6["Qt6"]\n    node_venv_lib_python3_12_site-packages_PyQt6_Qt6 --> node_venv_lib_python3_12_site-packages_PyQt6_Qt6_translations["translations"]\n    node_venv_lib_python3_12_site-packages_PyQt6_Qt6_translations --> node_venv_lib_python3_12_site-packages_PyQt6_Qt6_translations_qt_help_cs_qm["qt_help_cs.qm"]\n    Root --> node_venv["venv"]\n    node_venv --> node_venv_lib["lib"]\n    node_venv_lib --> node_venv_lib_python3_12["python3.12"]\n    node_venv_lib_python3_12 --> node_venv_lib_python3_12_site-packages["site-packages"]\n    node_venv_lib_python3_12_site-packages --> node_venv_lib_python3_12_site-packages_PyQt6["PyQt6"]\n    node_venv_lib_python3_12_site-packages_PyQt6 --> node_venv_lib_python3_12_site-packages_PyQt6_Qt6["Qt6"]\n    node_venv_lib_python3_12_site-packages_PyQt6_Qt6 --> node_venv_lib_python3_12_site-packages_PyQt6_Qt6_translations["translations"]\n    node_venv_lib_python3_12_site-packages_PyQt6_Qt6_translations --> node_venv_lib_python3_12_site-packages_PyQt6_Qt6_translations_qt_help_da_qm["qt_help_da.qm"]\n    Root --> node_venv["venv"]\n    node_venv --> node_venv_lib["lib"]\n    node_venv_lib --> node_venv_lib_python3_12["python3.12"]\n    node_venv_lib_python3_12 --> node_venv_lib_python3_12_site-packages["site-packages"]\n    node_venv_lib_python3_12_site-packages --> node_venv_lib_python3_12_site-packages_PyQt6["PyQt6"]\n    node_venv_lib_python3_12_site-packages_PyQt6 --> node_venv_lib_python3_12_site-packages_PyQt6_Qt6["Qt6"]\n    node_venv_lib_python3_12_site-packages_PyQt6_Qt6 --> node_venv_lib_python3_12_site-packages_PyQt6_Qt6_translations["translations"]\n    node_venv_lib_python3_12_site-packages_PyQt6_Qt6_translations --> node_venv_lib_python3_12_site-packages_PyQt6_Qt6_translations_qt_help_de_qm["qt_help_de.qm"]\n    Root --> node_venv["venv"]\n    node_venv --> node_venv_lib["lib"]\n    node_venv_lib --> node_venv_lib_python3_12["python3.12"]\n    node_venv_lib_python3_12 --> node_venv_lib_python3_12_site-packages["site-packages"]\n    node_venv_lib_python3_12_site-packages --> node_venv_lib_python3_12_site-packages_PyQt6["PyQt6"]\n    node_venv_lib_python3_12_site-packages_PyQt6 --> node_venv_lib_python3_12_site-packages_PyQt6_Qt6["Qt6"]\n    node_venv_lib_python3_12_site-packages_PyQt6_Qt6 --> node_venv_lib_python3_12_site-packages_PyQt6_Qt6_translations["translations"]\n    node_venv_lib_python3_12_site-packages_PyQt6_Qt6_translations --> node_venv_lib_python3_12_site-packages_PyQt6_Qt6_translations_qt_help_en_qm["qt_help_en.qm"]\n    Root --> node_venv["venv"]\n    node_venv --> node_venv_lib["lib"]\n    node_venv_lib --> node_venv_lib_python3_12["python3.12"]\n    node_venv_lib_python3_12 --> node_venv_lib_python3_12_site-packages["site-packages"]\n    node_venv_lib_python3_12_site-packages --> node_venv_lib_python3_12_site-packages_PyQt6["PyQt6"]\n    node_venv_lib_python3_12_site-packages_PyQt6 --> node_venv_lib_python3_12_site-packages_PyQt6_Qt6["Qt6"]\n    node_venv_lib_python3_12_site-packages_PyQt6_Qt6 --> node_venv_lib_python3_12_site-packages_PyQt6_Qt6_translations["translations"]\n    node_venv_lib_python3_12_site-packages_PyQt6_Qt6_translations --> node_venv_lib_python3_12_site-packages_PyQt6_Qt6_translations_qt_help_es_qm["qt_help_es.qm"]\n    Root --> node_venv["venv"]\n    node_venv --> node_venv_lib["lib"]\n    node_venv_lib --> node_venv_lib_python3_12["python3.12"]\n    node_venv_lib_python3_12 --> node_venv_lib_python3_12_site-packages["site-packages"]\n    node_venv_lib_python3_12_site-packages --> node_venv_lib_python3_12_site-packages_PyQt6["PyQt6"]\n    node_venv_lib_python3_12_site-packages_PyQt6 --> node_venv_lib_python3_12_site-packages_PyQt6_Qt6["Qt6"]\n    node_venv_lib_python3_12_site-packages_PyQt6_Qt6 --> node_venv_lib_python3_12_site-packages_PyQt6_Qt6_translations["translations"]\n    node_venv_lib_python3_12_site-packages_PyQt6_Qt6_translations --> node_venv_lib_python3_12_site-packages_PyQt6_Qt6_translations_qt_help_fr_qm["qt_help_fr.qm"]\n    Root --> node_venv["venv"]\n    node_venv --> node_venv_lib["lib"]\n    node_venv_lib --> node_venv_lib_python3_12["python3.12"]\n    node_venv_lib_python3_12 --> node_venv_lib_python3_12_site-packages["site-packages"]\n    node_venv_lib_python3_12_site-packages --> node_venv_lib_python3_12_site-packages_PyQt6["PyQt6"]\n    node_venv_lib_python3_12_site-packages_PyQt6 --> node_venv_lib_python3_12_site-packages_PyQt6_Qt6["Qt6"]\n    node_venv_lib_python3_12_site-packages_PyQt6_Qt6 --> node_venv_lib_python3_12_site-packages_PyQt6_Qt6_translations["translations"]\n    node_venv_lib_python3_12_site-packages_PyQt6_Qt6_translations --> node_venv_lib_python3_12_site-packages_PyQt6_Qt6_translations_qt_help_gl_qm["qt_help_gl.qm"]\n    Root --> node_venv["venv"]\n    node_venv --> node_venv_lib["lib"]\n    node_venv_lib --> node_venv_lib_python3_12["python3.12"]\n    node_venv_lib_python3_12 --> node_venv_lib_python3_12_site-packages["site-packages"]\n    node_venv_lib_python3_12_site-packages --> node_venv_lib_python3_12_site-packages_PyQt6["PyQt6"]\n    node_venv_lib_python3_12_site-packages_PyQt6 --> node_venv_lib_python3_12_site-packages_PyQt6_Qt6["Qt6"]\n    node_venv_lib_python3_12_site-packages_PyQt6_Qt6 --> node_venv_lib_python3_12_site-packages_PyQt6_Qt6_translations["translations"]\n    node_venv_lib_python3_12_site-packages_PyQt6_Qt6_translations --> node_venv_lib_python3_12_site-packages_PyQt6_Qt6_translations_qt_help_hr_qm["qt_help_hr.qm"]\n    Root --> node_venv["venv"]\n    node_venv --> node_venv_lib["lib"]\n    node_venv_lib --> node_venv_lib_python3_12["python3.12"]\n    node_venv_lib_python3_12 --> node_venv_lib_python3_12_site-packages["site-packages"]\n    node_venv_lib_python3_12_site-packages --> node_venv_lib_python3_12_site-packages_PyQt6["PyQt6"]\n    node_venv_lib_python3_12_site-packages_PyQt6 --> node_venv_lib_python3_12_site-packages_PyQt6_Qt6["Qt6"]\n    node_venv_lib_python3_12_site-packages_PyQt6_Qt6 --> node_venv_lib_python3_12_site-packages_PyQt6_Qt6_translations["translations"]\n    node_venv_lib_python3_12_site-packages_PyQt6_Qt6_translations --> node_venv_lib_python3_12_site-packages_PyQt6_Qt6_translations_qt_help_hu_qm["qt_help_hu.qm"]\n    Root --> node_venv["venv"]\n    node_venv --> node_venv_lib["lib"]\n    node_venv_lib --> node_venv_lib_python3_12["python3.12"]\n    node_venv_lib_python3_12 --> node_venv_lib_python3_12_site-packages["site-packages"]\n    node_venv_lib_python3_12_site-packages --> node_venv_lib_python3_12_site-packages_PyQt6["PyQt6"]\n    node_venv_lib_python3_12_site-packages_PyQt6 --> node_venv_lib_python3_12_site-packages_PyQt6_Qt6["Qt6"]\n    node_venv_lib_python3_12_site-packages_PyQt6_Qt6 --> node_venv_lib_python3_12_site-packages_PyQt6_Qt6_translations["translations"]\n    node_venv_lib_python3_12_site-packages_PyQt6_Qt6_translations --> node_venv_lib_python3_12_site-packages_PyQt6_Qt6_translations_qt_help_it_qm["qt_help_it.qm"]\n    Root --> node_venv["venv"]\n    node_venv --> node_venv_lib["lib"]\n    node_venv_lib --> node_venv_lib_python3_12["python3.12"]\n    node_venv_lib_python3_12 --> node_venv_lib_python3_12_site-packages["site-packages"]\n    node_venv_lib_python3_12_site-packages --> node_venv_lib_python3_12_site-packages_PyQt6["PyQt6"]\n    node_venv_lib_python3_12_site-packages_PyQt6 --> node_venv_lib_python3_12_site-packages_PyQt6_Qt6["Qt6"]\n    node_venv_lib_python3_12_site-packages_PyQt6_Qt6 --> node_venv_lib_python3_12_site-packages_PyQt6_Qt6_translations["translations"]\n    node_venv_lib_python3_12_site-packages_PyQt6_Qt6_translations --> node_venv_lib_python3_12_site-packages_PyQt6_Qt6_translations_qt_help_ja_qm["qt_help_ja.qm"]\n    Root --> node_venv["venv"]\n    node_venv --> node_venv_lib["lib"]\n    node_venv_lib --> node_venv_lib_python3_12["python3.12"]\n    node_venv_lib_python3_12 --> node_venv_lib_python3_12_site-packages["site-packages"]\n    node_venv_lib_python3_12_site-packages --> node_venv_lib_python3_12_site-packages_PyQt6["PyQt6"]\n    node_venv_lib_python3_12_site-packages_PyQt6 --> node_venv_lib_python3_12_site-packages_PyQt6_Qt6["Qt6"]\n    node_venv_lib_python3_12_site-packages_PyQt6_Qt6 --> node_venv_lib_python3_12_site-packages_PyQt6_Qt6_translations["translations"]\n    node_venv_lib_python3_12_site-packages_PyQt6_Qt6_translations --> node_venv_lib_python3_12_site-packages_PyQt6_Qt6_translations_qt_help_ka_qm["qt_help_ka.qm"]\n    Root --> node_venv["venv"]\n    node_venv --> node_venv_lib["lib"]\n    node_venv_lib --> node_venv_lib_python3_12["python3.12"]\n    node_venv_lib_python3_12 --> node_venv_lib_python3_12_site-packages["site-packages"]\n    node_venv_lib_python3_12_site-packages --> node_venv_lib_python3_12_site-packages_PyQt6["PyQt6"]\n    node_venv_lib_python3_12_site-packages_PyQt6 --> node_venv_lib_python3_12_site-packages_PyQt6_Qt6["Qt6"]\n    node_venv_lib_python3_12_site-packages_PyQt6_Qt6 --> node_venv_lib_python3_12_site-packages_PyQt6_Qt6_translations["translations"]\n    node_venv_lib_python3_12_site-packages_PyQt6_Qt6_translations --> node_venv_lib_python3_12_site-packages_PyQt6_Qt6_translations_qt_help_ko_qm["qt_help_ko.qm"]\n    Root --> node_venv["venv"]\n    node_venv --> node_venv_lib["lib"]\n    node_venv_lib --> node_venv_lib_python3_12["python3.12"]\n    node_venv_lib_python3_12 --> node_venv_lib_python3_12_site-packages["site-packages"]\n    node_venv_lib_python3_12_site-packages --> node_venv_lib_python3_12_site-packages_PyQt6["PyQt6"]\n    node_venv_lib_python3_12_site-packages_PyQt6 --> node_venv_lib_python3_12_site-packages_PyQt6_Qt6["Qt6"]\n    node_venv_lib_python3_12_site-packages_PyQt6_Qt6 --> node_venv_lib_python3_12_site-packages_PyQt6_Qt6_translations["translations"]\n    node_venv_lib_python3_12_site-packages_PyQt6_Qt6_translations --> node_venv_lib_python3_12_site-packages_PyQt6_Qt6_translations_qt_help_nl_qm["qt_help_nl.qm"]\n    Root --> node_venv["venv"]\n    node_venv --> node_venv_lib["lib"]\n    node_venv_lib --> node_venv_lib_python3_12["python3.12"]\n    node_venv_lib_python3_12 --> node_venv_lib_python3_12_site-packages["site-packages"]\n    node_venv_lib_python3_12_site-packages --> node_venv_lib_python3_12_site-packages_PyQt6["PyQt6"]\n    node_venv_lib_python3_12_site-packages_PyQt6 --> node_venv_lib_python3_12_site-packages_PyQt6_Qt6["Qt6"]\n    node_venv_lib_python3_12_site-packages_PyQt6_Qt6 --> node_venv_lib_python3_12_site-packages_PyQt6_Qt6_translations["translations"]\n    node_venv_lib_python3_12_site-packages_PyQt6_Qt6_translations --> node_venv_lib_python3_12_site-packages_PyQt6_Qt6_translations_qt_help_nn_qm["qt_help_nn.qm"]\n    Root --> node_venv["venv"]\n    node_venv --> node_venv_lib["lib"]\n    node_venv_lib --> node_venv_lib_python3_12["python3.12"]\n    node_venv_lib_python3_12 --> node_venv_lib_python3_12_site-packages["site-packages"]\n    node_venv_lib_python3_12_site-packages --> node_venv_lib_python3_12_site-packages_PyQt6["PyQt6"]\n    node_venv_lib_python3_12_site-packages_PyQt6 --> node_venv_lib_python3_12_site-packages_PyQt6_Qt6["Qt6"]\n    node_venv_lib_python3_12_site-packages_PyQt6_Qt6 --> node_venv_lib_python3_12_site-packages_PyQt6_Qt6_translations["translations"]\n    node_venv_lib_python3_12_site-packages_PyQt6_Qt6_translations --> node_venv_lib_python3_12_site-packages_PyQt6_Qt6_translations_qt_help_pl_qm["qt_help_pl.qm"]\n    Root --> node_venv["venv"]\n    node_venv --> node_venv_lib["lib"]\n    node_venv_lib --> node_venv_lib_python3_12["python3.12"]\n    node_venv_lib_python3_12 --> node_venv_lib_python3_12_site-packages["site-packages"]\n    node_venv_lib_python3_12_site-packages --> node_venv_lib_python3_12_site-packages_PyQt6["PyQt6"]\n    node_venv_lib_python3_12_site-packages_PyQt6 --> node_venv_lib_python3_12_site-packages_PyQt6_Qt6["Qt6"]\n    node_venv_lib_python3_12_site-packages_PyQt6_Qt6 --> node_venv_lib_python3_12_site-packages_PyQt6_Qt6_translations["translations"]\n    node_venv_lib_python3_12_site-packages_PyQt6_Qt6_translations --> node_venv_lib_python3_12_site-packages_PyQt6_Qt6_translations_qt_help_pt_BR_qm["qt_help_pt_BR.qm"]\n    Root --> node_venv["venv"]\n    node_venv --> node_venv_lib["lib"]\n    node_venv_lib --> node_venv_lib_python3_12["python3.12"]\n    node_venv_lib_python3_12 --> node_venv_lib_python3_12_site-packages["site-packages"]\n    node_venv_lib_python3_12_site-packages --> node_venv_lib_python3_12_site-packages_PyQt6["PyQt6"]\n    node_venv_lib_python3_12_site-packages_PyQt6 --> node_venv_lib_python3_12_site-packages_PyQt6_Qt6["Qt6"]\n    node_venv_lib_python3_12_site-packages_PyQt6_Qt6 --> node_venv_lib_python3_12_site-packages_PyQt6_Qt6_translations["translations"]\n    node_venv_lib_python3_12_site-packages_PyQt6_Qt6_translations --> node_venv_lib_python3_12_site-packages_PyQt6_Qt6_translations_qt_help_ru_qm["qt_help_ru.qm"]\n    Root --> node_venv["venv"]\n    node_venv --> node_venv_lib["lib"]\n    node_venv_lib --> node_venv_lib_python3_12["python3.12"]\n    node_venv_lib_python3_12 --> node_venv_lib_python3_12_site-packages["site-packages"]\n    node_venv_lib_python3_12_site-packages --> node_venv_lib_python3_12_site-packages_PyQt6["PyQt6"]\n    node_venv_lib_python3_12_site-packages_PyQt6 --> node_venv_lib_python3_12_site-packages_PyQt6_Qt6["Qt6"]\n    node_venv_lib_python3_12_site-packages_PyQt6_Qt6 --> node_venv_lib_python3_12_site-packages_PyQt6_Qt6_translations["translations"]\n    node_venv_lib_python3_12_site-packages_PyQt6_Qt6_translations --> node_venv_lib_python3_12_site-packages_PyQt6_Qt6_translations_qt_help_sk_qm["qt_help_sk.qm"]\n    Root --> node_venv["venv"]\n    node_venv --> node_venv_lib["lib"]\n    node_venv_lib --> node_venv_lib_python3_12["python3.12"]\n    node_venv_lib_python3_12 --> node_venv_lib_python3_12_site-packages["site-packages"]\n    node_venv_lib_python3_12_site-packages --> node_venv_lib_python3_12_site-packages_PyQt6["PyQt6"]\n    node_venv_lib_python3_12_site-packages_PyQt6 --> node_venv_lib_python3_12_site-packages_PyQt6_Qt6["Qt6"]\n    node_venv_lib_python3_12_site-packages_PyQt6_Qt6 --> node_venv_lib_python3_12_site-packages_PyQt6_Qt6_translations["translations"]\n    node_venv_lib_python3_12_site-packages_PyQt6_Qt6_translations --> node_venv_lib_python3_12_site-packages_PyQt6_Qt6_translations_qt_help_sl_qm["qt_help_sl.qm"]\n    Root --> node_venv["venv"]\n    node_venv --> node_venv_lib["lib"]\n    node_venv_lib --> node_venv_lib_python3_12["python3.12"]\n    node_venv_lib_python3_12 --> node_venv_lib_python3_12_site-packages["site-packages"]\n    node_venv_lib_python3_12_site-packages --> node_venv_lib_python3_12_site-packages_PyQt6["PyQt6"]\n    node_venv_lib_python3_12_site-packages_PyQt6 --> node_venv_lib_python3_12_site-packages_PyQt6_Qt6["Qt6"]\n    node_venv_lib_python3_12_site-packages_PyQt6_Qt6 --> node_venv_lib_python3_12_site-packages_PyQt6_Qt6_translations["translations"]\n    node_venv_lib_python3_12_site-packages_PyQt6_Qt6_translations --> node_venv_lib_python3_12_site-packages_PyQt6_Qt6_translations_qt_help_sv_qm["qt_help_sv.qm"]\n    Root --> node_venv["venv"]\n    node_venv --> node_venv_lib["lib"]\n    node_venv_lib --> node_venv_lib_python3_12["python3.12"]\n    node_venv_lib_python3_12 --> node_venv_lib_python3_12_site-packages["site-packages"]\n    node_venv_lib_python3_12_site-packages --> node_venv_lib_python3_12_site-packages_PyQt6["PyQt6"]\n    node_venv_lib_python3_12_site-packages_PyQt6 --> node_venv_lib_python3_12_site-packages_PyQt6_Qt6["Qt6"]\n    node_venv_lib_python3_12_site-packages_PyQt6_Qt6 --> node_venv_lib_python3_12_site-packages_PyQt6_Qt6_translations["translations"]\n    node_venv_lib_python3_12_site-packages_PyQt6_Qt6_translations --> node_venv_lib_python3_12_site-packages_PyQt6_Qt6_translations_qt_help_tr_qm["qt_help_tr.qm"]\n    Root --> node_venv["venv"]\n    node_venv --> node_venv_lib["lib"]\n    node_venv_lib --> node_venv_lib_python3_12["python3.12"]\n    node_venv_lib_python3_12 --> node_venv_lib_python3_12_site-packages["site-packages"]\n    node_venv_lib_python3_12_site-packages --> node_venv_lib_python3_12_site-packages_PyQt6["PyQt6"]\n    node_venv_lib_python3_12_site-packages_PyQt6 --> node_venv_lib_python3_12_site-packages_PyQt6_Qt6["Qt6"]\n    node_venv_lib_python3_12_site-packages_PyQt6_Qt6 --> node_venv_lib_python3_12_site-packages_PyQt6_Qt6_translations["translations"]\n    node_venv_lib_python3_12_site-packages_PyQt6_Qt6_translations --> node_venv_lib_python3_12_site-packages_PyQt6_Qt6_translations_qt_help_uk_qm["qt_help_uk.qm"]\n    Root --> node_venv["venv"]\n    node_venv --> node_venv_lib["lib"]\n    node_venv_lib --> node_venv_lib_python3_12["python3.12"]\n    node_venv_lib_python3_12 --> node_venv_lib_python3_12_site-packages["site-packages"]\n    node_venv_lib_python3_12_site-packages --> node_venv_lib_python3_12_site-packages_PyQt6["PyQt6"]\n    node_venv_lib_python3_12_site-packages_PyQt6 --> node_venv_lib_python3_12_site-packages_PyQt6_Qt6["Qt6"]\n    node_venv_lib_python3_12_site-packages_PyQt6_Qt6 --> node_venv_lib_python3_12_site-packages_PyQt6_Qt6_translations["translations"]\n    node_venv_lib_python3_12_site-packages_PyQt6_Qt6_translations --> node_venv_lib_python3_12_site-packages_PyQt6_Qt6_translations_qt_help_zh_CN_qm["qt_help_zh_CN.qm"]\n    Root --> node_venv["venv"]\n    node_venv --> node_venv_lib["lib"]\n    node_venv_lib --> node_venv_lib_python3_12["python3.12"]\n    node_venv_lib_python3_12 --> node_venv_lib_python3_12_site-packages["site-packages"]\n    node_venv_lib_python3_12_site-packages --> node_venv_lib_python3_12_site-packages_PyQt6["PyQt6"]\n    node_venv_lib_python3_12_site-packages_PyQt6 --> node_venv_lib_python3_12_site-packages_PyQt6_Qt6["Qt6"]\n    node_venv_lib_python3_12_site-packages_PyQt6_Qt6 --> node_venv_lib_python3_12_site-packages_PyQt6_Qt6_translations["translations"]\n    node_venv_lib_python3_12_site-packages_PyQt6_Qt6_translations --> node_venv_lib_python3_12_site-packages_PyQt6_Qt6_translations_qt_help_zh_TW_qm["qt_help_zh_TW.qm"]\n    Root --> node_venv["venv"]\n    node_venv --> node_venv_lib["lib"]\n    node_venv_lib --> node_venv_lib_python3_12["python3.12"]\n    node_venv_lib_python3_12 --> node_venv_lib_python3_12_site-packages["site-packages"]\n    node_venv_lib_python3_12_site-packages --> node_venv_lib_python3_12_site-packages_PyQt6["PyQt6"]\n    node_venv_lib_python3_12_site-packages_PyQt6 --> node_venv_lib_python3_12_site-packages_PyQt6_Qt6["Qt6"]\n    node_venv_lib_python3_12_site-packages_PyQt6_Qt6 --> node_venv_lib_python3_12_site-packages_PyQt6_Qt6_translations["translations"]\n    node_venv_lib_python3_12_site-packages_PyQt6_Qt6_translations --> node_venv_lib_python3_12_site-packages_PyQt6_Qt6_translations_qt_hr_qm["qt_hr.qm"]\n    Root --> node_venv["venv"]\n    node_venv --> node_venv_lib["lib"]\n    node_venv_lib --> node_venv_lib_python3_12["python3.12"]\n    node_venv_lib_python3_12 --> node_venv_lib_python3_12_site-packages["site-packages"]\n    node_venv_lib_python3_12_site-packages --> node_venv_lib_python3_12_site-packages_PyQt6["PyQt6"]\n    node_venv_lib_python3_12_site-packages_PyQt6 --> node_venv_lib_python3_12_site-packages_PyQt6_Qt6["Qt6"]\n    node_venv_lib_python3_12_site-packages_PyQt6_Qt6 --> node_venv_lib_python3_12_site-packages_PyQt6_Qt6_translations["translations"]\n    node_venv_lib_python3_12_site-packages_PyQt6_Qt6_translations --> node_venv_lib_python3_12_site-packages_PyQt6_Qt6_translations_qt_hu_qm["qt_hu.qm"]\n    Root --> node_venv["venv"]\n    node_venv --> node_venv_lib["lib"]\n    node_venv_lib --> node_venv_lib_python3_12["python3.12"]\n    node_venv_lib_python3_12 --> node_venv_lib_python3_12_site-packages["site-packages"]\n    node_venv_lib_python3_12_site-packages --> node_venv_lib_python3_12_site-packages_PyQt6["PyQt6"]\n    node_venv_lib_python3_12_site-packages_PyQt6 --> node_venv_lib_python3_12_site-packages_PyQt6_Qt6["Qt6"]\n    node_venv_lib_python3_12_site-packages_PyQt6_Qt6 --> node_venv_lib_python3_12_site-packages_PyQt6_Qt6_translations["translations"]\n    node_venv_lib_python3_12_site-packages_PyQt6_Qt6_translations --> node_venv_lib_python3_12_site-packages_PyQt6_Qt6_translations_qt_it_qm["qt_it.qm"]\n    Root --> node_venv["venv"]\n    node_venv --> node_venv_lib["lib"]\n    node_venv_lib --> node_venv_lib_python3_12["python3.12"]\n    node_venv_lib_python3_12 --> node_venv_lib_python3_12_site-packages["site-packages"]\n    node_venv_lib_python3_12_site-packages --> node_venv_lib_python3_12_site-packages_PyQt6["PyQt6"]\n    node_venv_lib_python3_12_site-packages_PyQt6 --> node_venv_lib_python3_12_site-packages_PyQt6_Qt6["Qt6"]\n    node_venv_lib_python3_12_site-packages_PyQt6_Qt6 --> node_venv_lib_python3_12_site-packages_PyQt6_Qt6_translations["translations"]\n    node_venv_lib_python3_12_site-packages_PyQt6_Qt6_translations --> node_venv_lib_python3_12_site-packages_PyQt6_Qt6_translations_qt_ja_qm["qt_ja.qm"]\n    Root --> node_venv["venv"]\n    node_venv --> node_venv_lib["lib"]\n    node_venv_lib --> node_venv_lib_python3_12["python3.12"]\n    node_venv_lib_python3_12 --> node_venv_lib_python3_12_site-packages["site-packages"]\n    node_venv_lib_python3_12_site-packages --> node_venv_lib_python3_12_site-packages_PyQt6["PyQt6"]\n    node_venv_lib_python3_12_site-packages_PyQt6 --> node_venv_lib_python3_12_site-packages_PyQt6_Qt6["Qt6"]\n    node_venv_lib_python3_12_site-packages_PyQt6_Qt6 --> node_venv_lib_python3_12_site-packages_PyQt6_Qt6_translations["translations"]\n    node_venv_lib_python3_12_site-packages_PyQt6_Qt6_translations --> node_venv_lib_python3_12_site-packages_PyQt6_Qt6_translations_qt_ka_qm["qt_ka.qm"]\n    Root --> node_venv["venv"]\n    node_venv --> node_venv_lib["lib"]\n    node_venv_lib --> node_venv_lib_python3_12["python3.12"]\n    node_venv_lib_python3_12 --> node_venv_lib_python3_12_site-packages["site-packages"]\n    node_venv_lib_python3_12_site-packages --> node_venv_lib_python3_12_site-packages_PyQt6["PyQt6"]\n    node_venv_lib_python3_12_site-packages_PyQt6 --> node_venv_lib_python3_12_site-packages_PyQt6_Qt6["Qt6"]\n    node_venv_lib_python3_12_site-packages_PyQt6_Qt6 --> node_venv_lib_python3_12_site-packages_PyQt6_Qt6_translations["translations"]\n    node_venv_lib_python3_12_site-packages_PyQt6_Qt6_translations --> node_venv_lib_python3_12_site-packages_PyQt6_Qt6_translations_qt_ko_qm["qt_ko.qm"]\n    Root --> node_venv["venv"]\n    node_venv --> node_venv_lib["lib"]\n    node_venv_lib --> node_venv_lib_python3_12["python3.12"]\n    node_venv_lib_python3_12 --> node_venv_lib_python3_12_site-packages["site-packages"]\n    node_venv_lib_python3_12_site-packages --> node_venv_lib_python3_12_site-packages_PyQt6["PyQt6"]\n    node_venv_lib_python3_12_site-packages_PyQt6 --> node_venv_lib_python3_12_site-packages_PyQt6_Qt6["Qt6"]\n    node_venv_lib_python3_12_site-packages_PyQt6_Qt6 --> node_venv_lib_python3_12_site-packages_PyQt6_Qt6_translations["translations"]\n    node_venv_lib_python3_12_site-packages_PyQt6_Qt6_translations --> node_venv_lib_python3_12_site-packages_PyQt6_Qt6_translations_qt_lg_qm["qt_lg.qm"]\n    Root --> node_venv["venv"]\n    node_venv --> node_venv_lib["lib"]\n    node_venv_lib --> node_venv_lib_python3_12["python3.12"]\n    node_venv_lib_python3_12 --> node_venv_lib_python3_12_site-packages["site-packages"]\n    node_venv_lib_python3_12_site-packages --> node_venv_lib_python3_12_site-packages_PyQt6["PyQt6"]\n    node_venv_lib_python3_12_site-packages_PyQt6 --> node_venv_lib_python3_12_site-packages_PyQt6_Qt6["Qt6"]\n    node_venv_lib_python3_12_site-packages_PyQt6_Qt6 --> node_venv_lib_python3_12_site-packages_PyQt6_Qt6_translations["translations"]\n    node_venv_lib_python3_12_site-packages_PyQt6_Qt6_translations --> node_venv_lib_python3_12_site-packages_PyQt6_Qt6_translations_qt_lt_qm["qt_lt.qm"]\n    Root --> node_venv["venv"]\n    node_venv --> node_venv_lib["lib"]\n    node_venv_lib --> node_venv_lib_python3_12["python3.12"]\n    node_venv_lib_python3_12 --> node_venv_lib_python3_12_site-packages["site-packages"]\n    node_venv_lib_python3_12_site-packages --> node_venv_lib_python3_12_site-packages_PyQt6["PyQt6"]\n    node_venv_lib_python3_12_site-packages_PyQt6 --> node_venv_lib_python3_12_site-packages_PyQt6_Qt6["Qt6"]\n    node_venv_lib_python3_12_site-packages_PyQt6_Qt6 --> node_venv_lib_python3_12_site-packages_PyQt6_Qt6_translations["translations"]\n    node_venv_lib_python3_12_site-packages_PyQt6_Qt6_translations --> node_venv_lib_python3_12_site-packages_PyQt6_Qt6_translations_qt_lv_qm["qt_lv.qm"]\n    Root --> node_venv["venv"]\n    node_venv --> node_venv_lib["lib"]\n    node_venv_lib --> node_venv_lib_python3_12["python3.12"]\n    node_venv_lib_python3_12 --> node_venv_lib_python3_12_site-packages["site-packages"]\n    node_venv_lib_python3_12_site-packages --> node_venv_lib_python3_12_site-packages_PyQt6["PyQt6"]\n    node_venv_lib_python3_12_site-packages_PyQt6 --> node_venv_lib_python3_12_site-packages_PyQt6_Qt6["Qt6"]\n    node_venv_lib_python3_12_site-packages_PyQt6_Qt6 --> node_venv_lib_python3_12_site-packages_PyQt6_Qt6_translations["translations"]\n    node_venv_lib_python3_12_site-packages_PyQt6_Qt6_translations --> node_venv_lib_python3_12_site-packages_PyQt6_Qt6_translations_qt_nl_qm["qt_nl.qm"]\n    Root --> node_venv["venv"]\n    node_venv --> node_venv_lib["lib"]\n    node_venv_lib --> node_venv_lib_python3_12["python3.12"]\n    node_venv_lib_python3_12 --> node_venv_lib_python3_12_site-packages["site-packages"]\n    node_venv_lib_python3_12_site-packages --> node_venv_lib_python3_12_site-packages_PyQt6["PyQt6"]\n    node_venv_lib_python3_12_site-packages_PyQt6 --> node_venv_lib_python3_12_site-packages_PyQt6_Qt6["Qt6"]\n    node_venv_lib_python3_12_site-packages_PyQt6_Qt6 --> node_venv_lib_python3_12_site-packages_PyQt6_Qt6_translations["translations"]\n    node_venv_lib_python3_12_site-packages_PyQt6_Qt6_translations --> node_venv_lib_python3_12_site-packages_PyQt6_Qt6_translations_qt_nn_qm["qt_nn.qm"]\n    Root --> node_venv["venv"]\n    node_venv --> node_venv_lib["lib"]\n    node_venv_lib --> node_venv_lib_python3_12["python3.12"]\n    node_venv_lib_python3_12 --> node_venv_lib_python3_12_site-packages["site-packages"]\n    node_venv_lib_python3_12_site-packages --> node_venv_lib_python3_12_site-packages_PyQt6["PyQt6"]\n    node_venv_lib_python3_12_site-packages_PyQt6 --> node_venv_lib_python3_12_site-packages_PyQt6_Qt6["Qt6"]\n    node_venv_lib_python3_12_site-packages_PyQt6_Qt6 --> node_venv_lib_python3_12_site-packages_PyQt6_Qt6_translations["translations"]\n    node_venv_lib_python3_12_site-packages_PyQt6_Qt6_translations --> node_venv_lib_python3_12_site-packages_PyQt6_Qt6_translations_qt_pl_qm["qt_pl.qm"]\n    Root --> node_venv["venv"]\n    node_venv --> node_venv_lib["lib"]\n    node_venv_lib --> node_venv_lib_python3_12["python3.12"]\n    node_venv_lib_python3_12 --> node_venv_lib_python3_12_site-packages["site-packages"]\n    node_venv_lib_python3_12_site-packages --> node_venv_lib_python3_12_site-packages_PyQt6["PyQt6"]\n    node_venv_lib_python3_12_site-packages_PyQt6 --> node_venv_lib_python3_12_site-packages_PyQt6_Qt6["Qt6"]\n    node_venv_lib_python3_12_site-packages_PyQt6_Qt6 --> node_venv_lib_python3_12_site-packages_PyQt6_Qt6_translations["translations"]\n    node_venv_lib_python3_12_site-packages_PyQt6_Qt6_translations --> node_venv_lib_python3_12_site-packages_PyQt6_Qt6_translations_qt_pt_BR_qm["qt_pt_BR.qm"]\n    Root --> node_venv["venv"]\n    node_venv --> node_venv_lib["lib"]\n    node_venv_lib --> node_venv_lib_python3_12["python3.12"]\n    node_venv_lib_python3_12 --> node_venv_lib_python3_12_site-packages["site-packages"]\n    node_venv_lib_python3_12_site-packages --> node_venv_lib_python3_12_site-packages_PyQt6["PyQt6"]\n    node_venv_lib_python3_12_site-packages_PyQt6 --> node_venv_lib_python3_12_site-packages_PyQt6_Qt6["Qt6"]\n    node_venv_lib_python3_12_site-packages_PyQt6_Qt6 --> node_venv_lib_python3_12_site-packages_PyQt6_Qt6_translations["translations"]\n    node_venv_lib_python3_12_site-packages_PyQt6_Qt6_translations --> node_venv_lib_python3_12_site-packages_PyQt6_Qt6_translations_qt_pt_PT_qm["qt_pt_PT.qm"]\n    Root --> node_venv["venv"]\n    node_venv --> node_venv_lib["lib"]\n    node_venv_lib --> node_venv_lib_python3_12["python3.12"]\n    node_venv_lib_python3_12 --> node_venv_lib_python3_12_site-packages["site-packages"]\n    node_venv_lib_python3_12_site-packages --> node_venv_lib_python3_12_site-packages_PyQt6["PyQt6"]\n    node_venv_lib_python3_12_site-packages_PyQt6 --> node_venv_lib_python3_12_site-packages_PyQt6_Qt6["Qt6"]\n    node_venv_lib_python3_12_site-packages_PyQt6_Qt6 --> node_venv_lib_python3_12_site-packages_PyQt6_Qt6_translations["translations"]\n    node_venv_lib_python3_12_site-packages_PyQt6_Qt6_translations --> node_venv_lib_python3_12_site-packages_PyQt6_Qt6_translations_qt_ru_qm["qt_ru.qm"]\n    Root --> node_venv["venv"]\n    node_venv --> node_venv_lib["lib"]\n    node_venv_lib --> node_venv_lib_python3_12["python3.12"]\n    node_venv_lib_python3_12 --> node_venv_lib_python3_12_site-packages["site-packages"]\n    node_venv_lib_python3_12_site-packages --> node_venv_lib_python3_12_site-packages_PyQt6["PyQt6"]\n    node_venv_lib_python3_12_site-packages_PyQt6 --> node_venv_lib_python3_12_site-packages_PyQt6_Qt6["Qt6"]\n    node_venv_lib_python3_12_site-packages_PyQt6_Qt6 --> node_venv_lib_python3_12_site-packages_PyQt6_Qt6_translations["translations"]\n    node_venv_lib_python3_12_site-packages_PyQt6_Qt6_translations --> node_venv_lib_python3_12_site-packages_PyQt6_Qt6_translations_qt_sk_qm["qt_sk.qm"]\n    Root --> node_venv["venv"]\n    node_venv --> node_venv_lib["lib"]\n    node_venv_lib --> node_venv_lib_python3_12["python3.12"]\n    node_venv_lib_python3_12 --> node_venv_lib_python3_12_site-packages["site-packages"]\n    node_venv_lib_python3_12_site-packages --> node_venv_lib_python3_12_site-packages_PyQt6["PyQt6"]\n    node_venv_lib_python3_12_site-packages_PyQt6 --> node_venv_lib_python3_12_site-packages_PyQt6_Qt6["Qt6"]\n    node_venv_lib_python3_12_site-packages_PyQt6_Qt6 --> node_venv_lib_python3_12_site-packages_PyQt6_Qt6_translations["translations"]\n    node_venv_lib_python3_12_site-packages_PyQt6_Qt6_translations --> node_venv_lib_python3_12_site-packages_PyQt6_Qt6_translations_qt_sl_qm["qt_sl.qm"]\n    Root --> node_venv["venv"]\n    node_venv --> node_venv_lib["lib"]\n    node_venv_lib --> node_venv_lib_python3_12["python3.12"]\n    node_venv_lib_python3_12 --> node_venv_lib_python3_12_site-packages["site-packages"]\n    node_venv_lib_python3_12_site-packages --> node_venv_lib_python3_12_site-packages_PyQt6["PyQt6"]\n    node_venv_lib_python3_12_site-packages_PyQt6 --> node_venv_lib_python3_12_site-packages_PyQt6_Qt6["Qt6"]\n    node_venv_lib_python3_12_site-packages_PyQt6_Qt6 --> node_venv_lib_python3_12_site-packages_PyQt6_Qt6_translations["translations"]\n    node_venv_lib_python3_12_site-packages_PyQt6_Qt6_translations --> node_venv_lib_python3_12_site-packages_PyQt6_Qt6_translations_qt_sv_qm["qt_sv.qm"]\n    Root --> node_venv["venv"]\n    node_venv --> node_venv_lib["lib"]\n    node_venv_lib --> node_venv_lib_python3_12["python3.12"]\n    node_venv_lib_python3_12 --> node_venv_lib_python3_12_site-packages["site-packages"]\n    node_venv_lib_python3_12_site-packages --> node_venv_lib_python3_12_site-packages_PyQt6["PyQt6"]\n    node_venv_lib_python3_12_site-packages_PyQt6 --> node_venv_lib_python3_12_site-packages_PyQt6_Qt6["Qt6"]\n    node_venv_lib_python3_12_site-packages_PyQt6_Qt6 --> node_venv_lib_python3_12_site-packages_PyQt6_Qt6_translations["translations"]\n    node_venv_lib_python3_12_site-packages_PyQt6_Qt6_translations --> node_venv_lib_python3_12_site-packages_PyQt6_Qt6_translations_qt_tr_qm["qt_tr.qm"]\n    Root --> node_venv["venv"]\n    node_venv --> node_venv_lib["lib"]\n    node_venv_lib --> node_venv_lib_python3_12["python3.12"]\n    node_venv_lib_python3_12 --> node_venv_lib_python3_12_site-packages["site-packages"]\n    node_venv_lib_python3_12_site-packages --> node_venv_lib_python3_12_site-packages_PyQt6["PyQt6"]\n    node_venv_lib_python3_12_site-packages_PyQt6 --> node_venv_lib_python3_12_site-packages_PyQt6_Qt6["Qt6"]\n    node_venv_lib_python3_12_site-packages_PyQt6_Qt6 --> node_venv_lib_python3_12_site-packages_PyQt6_Qt6_translations["translations"]\n    node_venv_lib_python3_12_site-packages_PyQt6_Qt6_translations --> node_venv_lib_python3_12_site-packages_PyQt6_Qt6_translations_qt_uk_qm["qt_uk.qm"]\n    Root --> node_venv["venv"]\n    node_venv --> node_venv_lib["lib"]\n    node_venv_lib --> node_venv_lib_python3_12["python3.12"]\n    node_venv_lib_python3_12 --> node_venv_lib_python3_12_site-packages["site-packages"]\n    node_venv_lib_python3_12_site-packages --> node_venv_lib_python3_12_site-packages_PyQt6["PyQt6"]\n    node_venv_lib_python3_12_site-packages_PyQt6 --> node_venv_lib_python3_12_site-packages_PyQt6_Qt6["Qt6"]\n    node_venv_lib_python3_12_site-packages_PyQt6_Qt6 --> node_venv_lib_python3_12_site-packages_PyQt6_Qt6_translations["translations"]\n    node_venv_lib_python3_12_site-packages_PyQt6_Qt6_translations --> node_venv_lib_python3_12_site-packages_PyQt6_Qt6_translations_qt_zh_CN_qm["qt_zh_CN.qm"]\n    Root --> node_venv["venv"]\n    node_venv --> node_venv_lib["lib"]\n    node_venv_lib --> node_venv_lib_python3_12["python3.12"]\n    node_venv_lib_python3_12 --> node_venv_lib_python3_12_site-packages["site-packages"]\n    node_venv_lib_python3_12_site-packages --> node_venv_lib_python3_12_site-packages_PyQt6["PyQt6"]\n    node_venv_lib_python3_12_site-packages_PyQt6 --> node_venv_lib_python3_12_site-packages_PyQt6_Qt6["Qt6"]\n    node_venv_lib_python3_12_site-packages_PyQt6_Qt6 --> node_venv_lib_python3_12_site-packages_PyQt6_Qt6_translations["translations"]\n    node_venv_lib_python3_12_site-packages_PyQt6_Qt6_translations --> node_venv_lib_python3_12_site-packages_PyQt6_Qt6_translations_qt_zh_TW_qm["qt_zh_TW.qm"]\n    Root --> node_venv["venv"]\n    node_venv --> node_venv_lib["lib"]\n    node_venv_lib --> node_venv_lib_python3_12["python3.12"]\n    node_venv_lib_python3_12 --> node_venv_lib_python3_12_site-packages["site-packages"]\n    node_venv_lib_python3_12_site-packages --> node_venv_lib_python3_12_site-packages_PyQt6["PyQt6"]\n    node_venv_lib_python3_12_site-packages_PyQt6 --> node_venv_lib_python3_12_site-packages_PyQt6_Qt6["Qt6"]\n    node_venv_lib_python3_12_site-packages_PyQt6_Qt6 --> node_venv_lib_python3_12_site-packages_PyQt6_Qt6_translations["translations"]\n    node_venv_lib_python3_12_site-packages_PyQt6_Qt6_translations --> node_venv_lib_python3_12_site-packages_PyQt6_Qt6_translations_qtbase_ar_qm["qtbase_ar.qm"]\n    Root --> node_venv["venv"]\n    node_venv --> node_venv_lib["lib"]\n    node_venv_lib --> node_venv_lib_python3_12["python3.12"]\n    node_venv_lib_python3_12 --> node_venv_lib_python3_12_site-packages["site-packages"]\n    node_venv_lib_python3_12_site-packages --> node_venv_lib_python3_12_site-packages_PyQt6["PyQt6"]\n    node_venv_lib_python3_12_site-packages_PyQt6 --> node_venv_lib_python3_12_site-packages_PyQt6_Qt6["Qt6"]\n    node_venv_lib_python3_12_site-packages_PyQt6_Qt6 --> node_venv_lib_python3_12_site-packages_PyQt6_Qt6_translations["translations"]\n    node_venv_lib_python3_12_site-packages_PyQt6_Qt6_translations --> node_venv_lib_python3_12_site-packages_PyQt6_Qt6_translations_qtbase_bg_qm["qtbase_bg.qm"]\n    Root --> node_venv["venv"]\n    node_venv --> node_venv_lib["lib"]\n    node_venv_lib --> node_venv_lib_python3_12["python3.12"]\n    node_venv_lib_python3_12 --> node_venv_lib_python3_12_site-packages["site-packages"]\n    node_venv_lib_python3_12_site-packages --> node_venv_lib_python3_12_site-packages_PyQt6["PyQt6"]\n    node_venv_lib_python3_12_site-packages_PyQt6 --> node_venv_lib_python3_12_site-packages_PyQt6_Qt6["Qt6"]\n    node_venv_lib_python3_12_site-packages_PyQt6_Qt6 --> node_venv_lib_python3_12_site-packages_PyQt6_Qt6_translations["translations"]\n    node_venv_lib_python3_12_site-packages_PyQt6_Qt6_translations --> node_venv_lib_python3_12_site-packages_PyQt6_Qt6_translations_qtbase_ca_qm["qtbase_ca.qm"]\n    Root --> node_venv["venv"]\n    node_venv --> node_venv_lib["lib"]\n    node_venv_lib --> node_venv_lib_python3_12["python3.12"]\n    node_venv_lib_python3_12 --> node_venv_lib_python3_12_site-packages["site-packages"]\n    node_venv_lib_python3_12_site-packages --> node_venv_lib_python3_12_site-packages_PyQt6["PyQt6"]\n    node_venv_lib_python3_12_site-packages_PyQt6 --> node_venv_lib_python3_12_site-packages_PyQt6_Qt6["Qt6"]\n    node_venv_lib_python3_12_site-packages_PyQt6_Qt6 --> node_venv_lib_python3_12_site-packages_PyQt6_Qt6_translations["translations"]\n    node_venv_lib_python3_12_site-packages_PyQt6_Qt6_translations --> node_venv_lib_python3_12_site-packages_PyQt6_Qt6_translations_qtbase_cs_qm["qtbase_cs.qm"]\n    Root --> node_venv["venv"]\n    node_venv --> node_venv_lib["lib"]\n    node_venv_lib --> node_venv_lib_python3_12["python3.12"]\n    node_venv_lib_python3_12 --> node_venv_lib_python3_12_site-packages["site-packages"]\n    node_venv_lib_python3_12_site-packages --> node_venv_lib_python3_12_site-packages_PyQt6["PyQt6"]\n    node_venv_lib_python3_12_site-packages_PyQt6 --> node_venv_lib_python3_12_site-packages_PyQt6_Qt6["Qt6"]\n    node_venv_lib_python3_12_site-packages_PyQt6_Qt6 --> node_venv_lib_python3_12_site-packages_PyQt6_Qt6_translations["translations"]\n    node_venv_lib_python3_12_site-packages_PyQt6_Qt6_translations --> node_venv_lib_python3_12_site-packages_PyQt6_Qt6_translations_qtbase_da_qm["qtbase_da.qm"]\n    Root --> node_venv["venv"]\n    node_venv --> node_venv_lib["lib"]\n    node_venv_lib --> node_venv_lib_python3_12["python3.12"]\n    node_venv_lib_python3_12 --> node_venv_lib_python3_12_site-packages["site-packages"]\n    node_venv_lib_python3_12_site-packages --> node_venv_lib_python3_12_site-packages_PyQt6["PyQt6"]\n    node_venv_lib_python3_12_site-packages_PyQt6 --> node_venv_lib_python3_12_site-packages_PyQt6_Qt6["Qt6"]\n    node_venv_lib_python3_12_site-packages_PyQt6_Qt6 --> node_venv_lib_python3_12_site-packages_PyQt6_Qt6_translations["translations"]\n    node_venv_lib_python3_12_site-packages_PyQt6_Qt6_translations --> node_venv_lib_python3_12_site-packages_PyQt6_Qt6_translations_qtbase_de_qm["qtbase_de.qm"]\n    Root --> node_venv["venv"]\n    node_venv --> node_venv_lib["lib"]\n    node_venv_lib --> node_venv_lib_python3_12["python3.12"]\n    node_venv_lib_python3_12 --> node_venv_lib_python3_12_site-packages["site-packages"]\n    node_venv_lib_python3_12_site-packages --> node_venv_lib_python3_12_site-packages_PyQt6["PyQt6"]\n    node_venv_lib_python3_12_site-packages_PyQt6 --> node_venv_lib_python3_12_site-packages_PyQt6_Qt6["Qt6"]\n    node_venv_lib_python3_12_site-packages_PyQt6_Qt6 --> node_venv_lib_python3_12_site-packages_PyQt6_Qt6_translations["translations"]\n    node_venv_lib_python3_12_site-packages_PyQt6_Qt6_translations --> node_venv_lib_python3_12_site-packages_PyQt6_Qt6_translations_qtbase_en_qm["qtbase_en.qm"]\n    Root --> node_venv["venv"]\n    node_venv --> node_venv_lib["lib"]\n    node_venv_lib --> node_venv_lib_python3_12["python3.12"]\n    node_venv_lib_python3_12 --> node_venv_lib_python3_12_site-packages["site-packages"]\n    node_venv_lib_python3_12_site-packages --> node_venv_lib_python3_12_site-packages_PyQt6["PyQt6"]\n    node_venv_lib_python3_12_site-packages_PyQt6 --> node_venv_lib_python3_12_site-packages_PyQt6_Qt6["Qt6"]\n    node_venv_lib_python3_12_site-packages_PyQt6_Qt6 --> node_venv_lib_python3_12_site-packages_PyQt6_Qt6_translations["translations"]\n    node_venv_lib_python3_12_site-packages_PyQt6_Qt6_translations --> node_venv_lib_python3_12_site-packages_PyQt6_Qt6_translations_qtbase_es_qm["qtbase_es.qm"]\n    Root --> node_venv["venv"]\n    node_venv --> node_venv_lib["lib"]\n    node_venv_lib --> node_venv_lib_python3_12["python3.12"]\n    node_venv_lib_python3_12 --> node_venv_lib_python3_12_site-packages["site-packages"]\n    node_venv_lib_python3_12_site-packages --> node_venv_lib_python3_12_site-packages_PyQt6["PyQt6"]\n    node_venv_lib_python3_12_site-packages_PyQt6 --> node_venv_lib_python3_12_site-packages_PyQt6_Qt6["Qt6"]\n    node_venv_lib_python3_12_site-packages_PyQt6_Qt6 --> node_venv_lib_python3_12_site-packages_PyQt6_Qt6_translations["translations"]\n    node_venv_lib_python3_12_site-packages_PyQt6_Qt6_translations --> node_venv_lib_python3_12_site-packages_PyQt6_Qt6_translations_qtbase_fa_qm["qtbase_fa.qm"]\n    Root --> node_venv["venv"]\n    node_venv --> node_venv_lib["lib"]\n    node_venv_lib --> node_venv_lib_python3_12["python3.12"]\n    node_venv_lib_python3_12 --> node_venv_lib_python3_12_site-packages["site-packages"]\n    node_venv_lib_python3_12_site-packages --> node_venv_lib_python3_12_site-packages_PyQt6["PyQt6"]\n    node_venv_lib_python3_12_site-packages_PyQt6 --> node_venv_lib_python3_12_site-packages_PyQt6_Qt6["Qt6"]\n    node_venv_lib_python3_12_site-packages_PyQt6_Qt6 --> node_venv_lib_python3_12_site-packages_PyQt6_Qt6_translations["translations"]\n    node_venv_lib_python3_12_site-packages_PyQt6_Qt6_translations --> node_venv_lib_python3_12_site-packages_PyQt6_Qt6_translations_qtbase_fi_qm["qtbase_fi.qm"]\n    Root --> node_venv["venv"]\n    node_venv --> node_venv_lib["lib"]\n    node_venv_lib --> node_venv_lib_python3_12["python3.12"]\n    node_venv_lib_python3_12 --> node_venv_lib_python3_12_site-packages["site-packages"]\n    node_venv_lib_python3_12_site-packages --> node_venv_lib_python3_12_site-packages_PyQt6["PyQt6"]\n    node_venv_lib_python3_12_site-packages_PyQt6 --> node_venv_lib_python3_12_site-packages_PyQt6_Qt6["Qt6"]\n    node_venv_lib_python3_12_site-packages_PyQt6_Qt6 --> node_venv_lib_python3_12_site-packages_PyQt6_Qt6_translations["translations"]\n    node_venv_lib_python3_12_site-packages_PyQt6_Qt6_translations --> node_venv_lib_python3_12_site-packages_PyQt6_Qt6_translations_qtbase_fr_qm["qtbase_fr.qm"]\n    Root --> node_venv["venv"]\n    node_venv --> node_venv_lib["lib"]\n    node_venv_lib --> node_venv_lib_python3_12["python3.12"]\n    node_venv_lib_python3_12 --> node_venv_lib_python3_12_site-packages["site-packages"]\n    node_venv_lib_python3_12_site-packages --> node_venv_lib_python3_12_site-packages_PyQt6["PyQt6"]\n    node_venv_lib_python3_12_site-packages_PyQt6 --> node_venv_lib_python3_12_site-packages_PyQt6_Qt6["Qt6"]\n    node_venv_lib_python3_12_site-packages_PyQt6_Qt6 --> node_venv_lib_python3_12_site-packages_PyQt6_Qt6_translations["translations"]\n    node_venv_lib_python3_12_site-packages_PyQt6_Qt6_translations --> node_venv_lib_python3_12_site-packages_PyQt6_Qt6_translations_qtbase_gd_qm["qtbase_gd.qm"]\n    Root --> node_venv["venv"]\n    node_venv --> node_venv_lib["lib"]\n    node_venv_lib --> node_venv_lib_python3_12["python3.12"]\n    node_venv_lib_python3_12 --> node_venv_lib_python3_12_site-packages["site-packages"]\n    node_venv_lib_python3_12_site-packages --> node_venv_lib_python3_12_site-packages_PyQt6["PyQt6"]\n    node_venv_lib_python3_12_site-packages_PyQt6 --> node_venv_lib_python3_12_site-packages_PyQt6_Qt6["Qt6"]\n    node_venv_lib_python3_12_site-packages_PyQt6_Qt6 --> node_venv_lib_python3_12_site-packages_PyQt6_Qt6_translations["translations"]\n    node_venv_lib_python3_12_site-packages_PyQt6_Qt6_translations --> node_venv_lib_python3_12_site-packages_PyQt6_Qt6_translations_qtbase_he_qm["qtbase_he.qm"]\n    Root --> node_venv["venv"]\n    node_venv --> node_venv_lib["lib"]\n    node_venv_lib --> node_venv_lib_python3_12["python3.12"]\n    node_venv_lib_python3_12 --> node_venv_lib_python3_12_site-packages["site-packages"]\n    node_venv_lib_python3_12_site-packages --> node_venv_lib_python3_12_site-packages_PyQt6["PyQt6"]\n    node_venv_lib_python3_12_site-packages_PyQt6 --> node_venv_lib_python3_12_site-packages_PyQt6_Qt6["Qt6"]\n    node_venv_lib_python3_12_site-packages_PyQt6_Qt6 --> node_venv_lib_python3_12_site-packages_PyQt6_Qt6_translations["translations"]\n    node_venv_lib_python3_12_site-packages_PyQt6_Qt6_translations --> node_venv_lib_python3_12_site-packages_PyQt6_Qt6_translations_qtbase_hr_qm["qtbase_hr.qm"]\n    Root --> node_venv["venv"]\n    node_venv --> node_venv_lib["lib"]\n    node_venv_lib --> node_venv_lib_python3_12["python3.12"]\n    node_venv_lib_python3_12 --> node_venv_lib_python3_12_site-packages["site-packages"]\n    node_venv_lib_python3_12_site-packages --> node_venv_lib_python3_12_site-packages_PyQt6["PyQt6"]\n    node_venv_lib_python3_12_site-packages_PyQt6 --> node_venv_lib_python3_12_site-packages_PyQt6_Qt6["Qt6"]\n    node_venv_lib_python3_12_site-packages_PyQt6_Qt6 --> node_venv_lib_python3_12_site-packages_PyQt6_Qt6_translations["translations"]\n    node_venv_lib_python3_12_site-packages_PyQt6_Qt6_translations --> node_venv_lib_python3_12_site-packages_PyQt6_Qt6_translations_qtbase_hu_qm["qtbase_hu.qm"]\n    Root --> node_venv["venv"]\n    node_venv --> node_venv_lib["lib"]\n    node_venv_lib --> node_venv_lib_python3_12["python3.12"]\n    node_venv_lib_python3_12 --> node_venv_lib_python3_12_site-packages["site-packages"]\n    node_venv_lib_python3_12_site-packages --> node_venv_lib_python3_12_site-packages_PyQt6["PyQt6"]\n    node_venv_lib_python3_12_site-packages_PyQt6 --> node_venv_lib_python3_12_site-packages_PyQt6_Qt6["Qt6"]\n    node_venv_lib_python3_12_site-packages_PyQt6_Qt6 --> node_venv_lib_python3_12_site-packages_PyQt6_Qt6_translations["translations"]\n    node_venv_lib_python3_12_site-packages_PyQt6_Qt6_translations --> node_venv_lib_python3_12_site-packages_PyQt6_Qt6_translations_qtbase_it_qm["qtbase_it.qm"]\n    Root --> node_venv["venv"]\n    node_venv --> node_venv_lib["lib"]\n    node_venv_lib --> node_venv_lib_python3_12["python3.12"]\n    node_venv_lib_python3_12 --> node_venv_lib_python3_12_site-packages["site-packages"]\n    node_venv_lib_python3_12_site-packages --> node_venv_lib_python3_12_site-packages_PyQt6["PyQt6"]\n    node_venv_lib_python3_12_site-packages_PyQt6 --> node_venv_lib_python3_12_site-packages_PyQt6_Qt6["Qt6"]\n    node_venv_lib_python3_12_site-packages_PyQt6_Qt6 --> node_venv_lib_python3_12_site-packages_PyQt6_Qt6_translations["translations"]\n    node_venv_lib_python3_12_site-packages_PyQt6_Qt6_translations --> node_venv_lib_python3_12_site-packages_PyQt6_Qt6_translations_qtbase_ja_qm["qtbase_ja.qm"]\n    Root --> node_venv["venv"]\n    node_venv --> node_venv_lib["lib"]\n    node_venv_lib --> node_venv_lib_python3_12["python3.12"]\n    node_venv_lib_python3_12 --> node_venv_lib_python3_12_site-packages["site-packages"]\n    node_venv_lib_python3_12_site-packages --> node_venv_lib_python3_12_site-packages_PyQt6["PyQt6"]\n    node_venv_lib_python3_12_site-packages_PyQt6 --> node_venv_lib_python3_12_site-packages_PyQt6_Qt6["Qt6"]\n    node_venv_lib_python3_12_site-packages_PyQt6_Qt6 --> node_venv_lib_python3_12_site-packages_PyQt6_Qt6_translations["translations"]\n    node_venv_lib_python3_12_site-packages_PyQt6_Qt6_translations --> node_venv_lib_python3_12_site-packages_PyQt6_Qt6_translations_qtbase_ka_qm["qtbase_ka.qm"]\n    Root --> node_venv["venv"]\n    node_venv --> node_venv_lib["lib"]\n    node_venv_lib --> node_venv_lib_python3_12["python3.12"]\n    node_venv_lib_python3_12 --> node_venv_lib_python3_12_site-packages["site-packages"]\n    node_venv_lib_python3_12_site-packages --> node_venv_lib_python3_12_site-packages_PyQt6["PyQt6"]\n    node_venv_lib_python3_12_site-packages_PyQt6 --> node_venv_lib_python3_12_site-packages_PyQt6_Qt6["Qt6"]\n    node_venv_lib_python3_12_site-packages_PyQt6_Qt6 --> node_venv_lib_python3_12_site-packages_PyQt6_Qt6_translations["translations"]\n    node_venv_lib_python3_12_site-packages_PyQt6_Qt6_translations --> node_venv_lib_python3_12_site-packages_PyQt6_Qt6_translations_qtbase_ko_qm["qtbase_ko.qm"]\n    Root --> node_venv["venv"]\n    node_venv --> node_venv_lib["lib"]\n    node_venv_lib --> node_venv_lib_python3_12["python3.12"]\n    node_venv_lib_python3_12 --> node_venv_lib_python3_12_site-packages["site-packages"]\n    node_venv_lib_python3_12_site-packages --> node_venv_lib_python3_12_site-packages_PyQt6["PyQt6"]\n    node_venv_lib_python3_12_site-packages_PyQt6 --> node_venv_lib_python3_12_site-packages_PyQt6_Qt6["Qt6"]\n    node_venv_lib_python3_12_site-packages_PyQt6_Qt6 --> node_venv_lib_python3_12_site-packages_PyQt6_Qt6_translations["translations"]\n    node_venv_lib_python3_12_site-packages_PyQt6_Qt6_translations --> node_venv_lib_python3_12_site-packages_PyQt6_Qt6_translations_qtbase_lg_qm["qtbase_lg.qm"]\n    Root --> node_venv["venv"]\n    node_venv --> node_venv_lib["lib"]\n    node_venv_lib --> node_venv_lib_python3_12["python3.12"]\n    node_venv_lib_python3_12 --> node_venv_lib_python3_12_site-packages["site-packages"]\n    node_venv_lib_python3_12_site-packages --> node_venv_lib_python3_12_site-packages_PyQt6["PyQt6"]\n    node_venv_lib_python3_12_site-packages_PyQt6 --> node_venv_lib_python3_12_site-packages_PyQt6_Qt6["Qt6"]\n    node_venv_lib_python3_12_site-packages_PyQt6_Qt6 --> node_venv_lib_python3_12_site-packages_PyQt6_Qt6_translations["translations"]\n    node_venv_lib_python3_12_site-packages_PyQt6_Qt6_translations --> node_venv_lib_python3_12_site-packages_PyQt6_Qt6_translations_qtbase_lv_qm["qtbase_lv.qm"]\n    Root --> node_venv["venv"]\n    node_venv --> node_venv_lib["lib"]\n    node_venv_lib --> node_venv_lib_python3_12["python3.12"]\n    node_venv_lib_python3_12 --> node_venv_lib_python3_12_site-packages["site-packages"]\n    node_venv_lib_python3_12_site-packages --> node_venv_lib_python3_12_site-packages_PyQt6["PyQt6"]\n    node_venv_lib_python3_12_site-packages_PyQt6 --> node_venv_lib_python3_12_site-packages_PyQt6_Qt6["Qt6"]\n    node_venv_lib_python3_12_site-packages_PyQt6_Qt6 --> node_venv_lib_python3_12_site-packages_PyQt6_Qt6_translations["translations"]\n    node_venv_lib_python3_12_site-packages_PyQt6_Qt6_translations --> node_venv_lib_python3_12_site-packages_PyQt6_Qt6_translations_qtbase_nl_qm["qtbase_nl.qm"]\n    Root --> node_venv["venv"]\n    node_venv --> node_venv_lib["lib"]\n    node_venv_lib --> node_venv_lib_python3_12["python3.12"]\n    node_venv_lib_python3_12 --> node_venv_lib_python3_12_site-packages["site-packages"]\n    node_venv_lib_python3_12_site-packages --> node_venv_lib_python3_12_site-packages_PyQt6["PyQt6"]\n    node_venv_lib_python3_12_site-packages_PyQt6 --> node_venv_lib_python3_12_site-packages_PyQt6_Qt6["Qt6"]\n    node_venv_lib_python3_12_site-packages_PyQt6_Qt6 --> node_venv_lib_python3_12_site-packages_PyQt6_Qt6_translations["translations"]\n    node_venv_lib_python3_12_site-packages_PyQt6_Qt6_translations --> node_venv_lib_python3_12_site-packages_PyQt6_Qt6_translations_qtbase_nn_qm["qtbase_nn.qm"]\n    Root --> node_venv["venv"]\n    node_venv --> node_venv_lib["lib"]\n    node_venv_lib --> node_venv_lib_python3_12["python3.12"]\n    node_venv_lib_python3_12 --> node_venv_lib_python3_12_site-packages["site-packages"]\n    node_venv_lib_python3_12_site-packages --> node_venv_lib_python3_12_site-packages_PyQt6["PyQt6"]\n    node_venv_lib_python3_12_site-packages_PyQt6 --> node_venv_lib_python3_12_site-packages_PyQt6_Qt6["Qt6"]\n    node_venv_lib_python3_12_site-packages_PyQt6_Qt6 --> node_venv_lib_python3_12_site-packages_PyQt6_Qt6_translations["translations"]\n    node_venv_lib_python3_12_site-packages_PyQt6_Qt6_translations --> node_venv_lib_python3_12_site-packages_PyQt6_Qt6_translations_qtbase_pl_qm["qtbase_pl.qm"]\n    Root --> node_venv["venv"]\n    node_venv --> node_venv_lib["lib"]\n    node_venv_lib --> node_venv_lib_python3_12["python3.12"]\n    node_venv_lib_python3_12 --> node_venv_lib_python3_12_site-packages["site-packages"]\n    node_venv_lib_python3_12_site-packages --> node_venv_lib_python3_12_site-packages_PyQt6["PyQt6"]\n    node_venv_lib_python3_12_site-packages_PyQt6 --> node_venv_lib_python3_12_site-packages_PyQt6_Qt6["Qt6"]\n    node_venv_lib_python3_12_site-packages_PyQt6_Qt6 --> node_venv_lib_python3_12_site-packages_PyQt6_Qt6_translations["translations"]\n    node_venv_lib_python3_12_site-packages_PyQt6_Qt6_translations --> node_venv_lib_python3_12_site-packages_PyQt6_Qt6_translations_qtbase_pt_BR_qm["qtbase_pt_BR.qm"]\n    Root --> node_venv["venv"]\n    node_venv --> node_venv_lib["lib"]\n    node_venv_lib --> node_venv_lib_python3_12["python3.12"]\n    node_venv_lib_python3_12 --> node_venv_lib_python3_12_site-packages["site-packages"]\n    node_venv_lib_python3_12_site-packages --> node_venv_lib_python3_12_site-packages_PyQt6["PyQt6"]\n    node_venv_lib_python3_12_site-packages_PyQt6 --> node_venv_lib_python3_12_site-packages_PyQt6_Qt6["Qt6"]\n    node_venv_lib_python3_12_site-packages_PyQt6_Qt6 --> node_venv_lib_python3_12_site-packages_PyQt6_Qt6_translations["translations"]\n    node_venv_lib_python3_12_site-packages_PyQt6_Qt6_translations --> node_venv_lib_python3_12_site-packages_PyQt6_Qt6_translations_qtbase_ru_qm["qtbase_ru.qm"]\n    Root --> node_venv["venv"]\n    node_venv --> node_venv_lib["lib"]\n    node_venv_lib --> node_venv_lib_python3_12["python3.12"]\n    node_venv_lib_python3_12 --> node_venv_lib_python3_12_site-packages["site-packages"]\n    node_venv_lib_python3_12_site-packages --> node_venv_lib_python3_12_site-packages_PyQt6["PyQt6"]\n    node_venv_lib_python3_12_site-packages_PyQt6 --> node_venv_lib_python3_12_site-packages_PyQt6_Qt6["Qt6"]\n    node_venv_lib_python3_12_site-packages_PyQt6_Qt6 --> node_venv_lib_python3_12_site-packages_PyQt6_Qt6_translations["translations"]\n    node_venv_lib_python3_12_site-packages_PyQt6_Qt6_translations --> node_venv_lib_python3_12_site-packages_PyQt6_Qt6_translations_qtbase_sk_qm["qtbase_sk.qm"]\n    Root --> node_venv["venv"]\n    node_venv --> node_venv_lib["lib"]\n    node_venv_lib --> node_venv_lib_python3_12["python3.12"]\n    node_venv_lib_python3_12 --> node_venv_lib_python3_12_site-packages["site-packages"]\n    node_venv_lib_python3_12_site-packages --> node_venv_lib_python3_12_site-packages_PyQt6["PyQt6"]\n    node_venv_lib_python3_12_site-packages_PyQt6 --> node_venv_lib_python3_12_site-packages_PyQt6_Qt6["Qt6"]\n    node_venv_lib_python3_12_site-packages_PyQt6_Qt6 --> node_venv_lib_python3_12_site-packages_PyQt6_Qt6_translations["translations"]\n    node_venv_lib_python3_12_site-packages_PyQt6_Qt6_translations --> node_venv_lib_python3_12_site-packages_PyQt6_Qt6_translations_qtbase_sv_qm["qtbase_sv.qm"]\n    Root --> node_venv["venv"]\n    node_venv --> node_venv_lib["lib"]\n    node_venv_lib --> node_venv_lib_python3_12["python3.12"]\n    node_venv_lib_python3_12 --> node_venv_lib_python3_12_site-packages["site-packages"]\n    node_venv_lib_python3_12_site-packages --> node_venv_lib_python3_12_site-packages_PyQt6["PyQt6"]\n    node_venv_lib_python3_12_site-packages_PyQt6 --> node_venv_lib_python3_12_site-packages_PyQt6_Qt6["Qt6"]\n    node_venv_lib_python3_12_site-packages_PyQt6_Qt6 --> node_venv_lib_python3_12_site-packages_PyQt6_Qt6_translations["translations"]\n    node_venv_lib_python3_12_site-packages_PyQt6_Qt6_translations --> node_venv_lib_python3_12_site-packages_PyQt6_Qt6_translations_qtbase_tr_qm["qtbase_tr.qm"]\n    Root --> node_venv["venv"]\n    node_venv --> node_venv_lib["lib"]\n    node_venv_lib --> node_venv_lib_python3_12["python3.12"]\n    node_venv_lib_python3_12 --> node_venv_lib_python3_12_site-packages["site-packages"]\n    node_venv_lib_python3_12_site-packages --> node_venv_lib_python3_12_site-packages_PyQt6["PyQt6"]\n    node_venv_lib_python3_12_site-packages_PyQt6 --> node_venv_lib_python3_12_site-packages_PyQt6_Qt6["Qt6"]\n    node_venv_lib_python3_12_site-packages_PyQt6_Qt6 --> node_venv_lib_python3_12_site-packages_PyQt6_Qt6_translations["translations"]\n    node_venv_lib_python3_12_site-packages_PyQt6_Qt6_translations --> node_venv_lib_python3_12_site-packages_PyQt6_Qt6_translations_qtbase_uk_qm["qtbase_uk.qm"]\n    Root --> node_venv["venv"]\n    node_venv --> node_venv_lib["lib"]\n    node_venv_lib --> node_venv_lib_python3_12["python3.12"]\n    node_venv_lib_python3_12 --> node_venv_lib_python3_12_site-packages["site-packages"]\n    node_venv_lib_python3_12_site-packages --> node_venv_lib_python3_12_site-packages_PyQt6["PyQt6"]\n    node_venv_lib_python3_12_site-packages_PyQt6 --> node_venv_lib_python3_12_site-packages_PyQt6_Qt6["Qt6"]\n    node_venv_lib_python3_12_site-packages_PyQt6_Qt6 --> node_venv_lib_python3_12_site-packages_PyQt6_Qt6_translations["translations"]\n    node_venv_lib_python3_12_site-packages_PyQt6_Qt6_translations --> node_venv_lib_python3_12_site-packages_PyQt6_Qt6_translations_qtbase_zh_CN_qm["qtbase_zh_CN.qm"]\n    Root --> node_venv["venv"]\n    node_venv --> node_venv_lib["lib"]\n    node_venv_lib --> node_venv_lib_python3_12["python3.12"]\n    node_venv_lib_python3_12 --> node_venv_lib_python3_12_site-packages["site-packages"]\n    node_venv_lib_python3_12_site-packages --> node_venv_lib_python3_12_site-packages_PyQt6["PyQt6"]\n    node_venv_lib_python3_12_site-packages_PyQt6 --> node_venv_lib_python3_12_site-packages_PyQt6_Qt6["Qt6"]\n    node_venv_lib_python3_12_site-packages_PyQt6_Qt6 --> node_venv_lib_python3_12_site-packages_PyQt6_Qt6_translations["translations"]\n    node_venv_lib_python3_12_site-packages_PyQt6_Qt6_translations --> node_venv_lib_python3_12_site-packages_PyQt6_Qt6_translations_qtbase_zh_TW_qm["qtbase_zh_TW.qm"]\n    Root --> node_venv["venv"]\n    node_venv --> node_venv_lib["lib"]\n    node_venv_lib --> node_venv_lib_python3_12["python3.12"]\n    node_venv_lib_python3_12 --> node_venv_lib_python3_12_site-packages["site-packages"]\n    node_venv_lib_python3_12_site-packages --> node_venv_lib_python3_12_site-packages_PyQt6["PyQt6"]\n    node_venv_lib_python3_12_site-packages_PyQt6 --> node_venv_lib_python3_12_site-packages_PyQt6_Qt6["Qt6"]\n    node_venv_lib_python3_12_site-packages_PyQt6_Qt6 --> node_venv_lib_python3_12_site-packages_PyQt6_Qt6_translations["translations"]\n    node_venv_lib_python3_12_site-packages_PyQt6_Qt6_translations --> node_venv_lib_python3_12_site-packages_PyQt6_Qt6_translations_qtconnectivity_bg_qm["qtconnectivity_bg.qm"]\n    Root --> node_venv["venv"]\n    node_venv --> node_venv_lib["lib"]\n    node_venv_lib --> node_venv_lib_python3_12["python3.12"]\n    node_venv_lib_python3_12 --> node_venv_lib_python3_12_site-packages["site-packages"]\n    node_venv_lib_python3_12_site-packages --> node_venv_lib_python3_12_site-packages_PyQt6["PyQt6"]\n    node_venv_lib_python3_12_site-packages_PyQt6 --> node_venv_lib_python3_12_site-packages_PyQt6_Qt6["Qt6"]\n    node_venv_lib_python3_12_site-packages_PyQt6_Qt6 --> node_venv_lib_python3_12_site-packages_PyQt6_Qt6_translations["translations"]\n    node_venv_lib_python3_12_site-packages_PyQt6_Qt6_translations --> node_venv_lib_python3_12_site-packages_PyQt6_Qt6_translations_qtconnectivity_ca_qm["qtconnectivity_ca.qm"]\n    Root --> node_venv["venv"]\n    node_venv --> node_venv_lib["lib"]\n    node_venv_lib --> node_venv_lib_python3_12["python3.12"]\n    node_venv_lib_python3_12 --> node_venv_lib_python3_12_site-packages["site-packages"]\n    node_venv_lib_python3_12_site-packages --> node_venv_lib_python3_12_site-packages_PyQt6["PyQt6"]\n    node_venv_lib_python3_12_site-packages_PyQt6 --> node_venv_lib_python3_12_site-packages_PyQt6_Qt6["Qt6"]\n    node_venv_lib_python3_12_site-packages_PyQt6_Qt6 --> node_venv_lib_python3_12_site-packages_PyQt6_Qt6_translations["translations"]\n    node_venv_lib_python3_12_site-packages_PyQt6_Qt6_translations --> node_venv_lib_python3_12_site-packages_PyQt6_Qt6_translations_qtconnectivity_da_qm["qtconnectivity_da.qm"]\n    Root --> node_venv["venv"]\n    node_venv --> node_venv_lib["lib"]\n    node_venv_lib --> node_venv_lib_python3_12["python3.12"]\n    node_venv_lib_python3_12 --> node_venv_lib_python3_12_site-packages["site-packages"]\n    node_venv_lib_python3_12_site-packages --> node_venv_lib_python3_12_site-packages_PyQt6["PyQt6"]\n    node_venv_lib_python3_12_site-packages_PyQt6 --> node_venv_lib_python3_12_site-packages_PyQt6_Qt6["Qt6"]\n    node_venv_lib_python3_12_site-packages_PyQt6_Qt6 --> node_venv_lib_python3_12_site-packages_PyQt6_Qt6_translations["translations"]\n    node_venv_lib_python3_12_site-packages_PyQt6_Qt6_translations --> node_venv_lib_python3_12_site-packages_PyQt6_Qt6_translations_qtconnectivity_de_qm["qtconnectivity_de.qm"]\n    Root --> node_venv["venv"]\n    node_venv --> node_venv_lib["lib"]\n    node_venv_lib --> node_venv_lib_python3_12["python3.12"]\n    node_venv_lib_python3_12 --> node_venv_lib_python3_12_site-packages["site-packages"]\n    node_venv_lib_python3_12_site-packages --> node_venv_lib_python3_12_site-packages_PyQt6["PyQt6"]\n    node_venv_lib_python3_12_site-packages_PyQt6 --> node_venv_lib_python3_12_site-packages_PyQt6_Qt6["Qt6"]\n    node_venv_lib_python3_12_site-packages_PyQt6_Qt6 --> node_venv_lib_python3_12_site-packages_PyQt6_Qt6_translations["translations"]\n    node_venv_lib_python3_12_site-packages_PyQt6_Qt6_translations --> node_venv_lib_python3_12_site-packages_PyQt6_Qt6_translations_qtconnectivity_en_qm["qtconnectivity_en.qm"]\n    Root --> node_venv["venv"]\n    node_venv --> node_venv_lib["lib"]\n    node_venv_lib --> node_venv_lib_python3_12["python3.12"]\n    node_venv_lib_python3_12 --> node_venv_lib_python3_12_site-packages["site-packages"]\n    node_venv_lib_python3_12_site-packages --> node_venv_lib_python3_12_site-packages_PyQt6["PyQt6"]\n    node_venv_lib_python3_12_site-packages_PyQt6 --> node_venv_lib_python3_12_site-packages_PyQt6_Qt6["Qt6"]\n    node_venv_lib_python3_12_site-packages_PyQt6_Qt6 --> node_venv_lib_python3_12_site-packages_PyQt6_Qt6_translations["translations"]\n    node_venv_lib_python3_12_site-packages_PyQt6_Qt6_translations --> node_venv_lib_python3_12_site-packages_PyQt6_Qt6_translations_qtconnectivity_es_qm["qtconnectivity_es.qm"]\n    Root --> node_venv["venv"]\n    node_venv --> node_venv_lib["lib"]\n    node_venv_lib --> node_venv_lib_python3_12["python3.12"]\n    node_venv_lib_python3_12 --> node_venv_lib_python3_12_site-packages["site-packages"]\n    node_venv_lib_python3_12_site-packages --> node_venv_lib_python3_12_site-packages_PyQt6["PyQt6"]\n    node_venv_lib_python3_12_site-packages_PyQt6 --> node_venv_lib_python3_12_site-packages_PyQt6_Qt6["Qt6"]\n    node_venv_lib_python3_12_site-packages_PyQt6_Qt6 --> node_venv_lib_python3_12_site-packages_PyQt6_Qt6_translations["translations"]\n    node_venv_lib_python3_12_site-packages_PyQt6_Qt6_translations --> node_venv_lib_python3_12_site-packages_PyQt6_Qt6_translations_qtconnectivity_hr_qm["qtconnectivity_hr.qm"]\n    Root --> node_venv["venv"]\n    node_venv --> node_venv_lib["lib"]\n    node_venv_lib --> node_venv_lib_python3_12["python3.12"]\n    node_venv_lib_python3_12 --> node_venv_lib_python3_12_site-packages["site-packages"]\n    node_venv_lib_python3_12_site-packages --> node_venv_lib_python3_12_site-packages_PyQt6["PyQt6"]\n    node_venv_lib_python3_12_site-packages_PyQt6 --> node_venv_lib_python3_12_site-packages_PyQt6_Qt6["Qt6"]\n    node_venv_lib_python3_12_site-packages_PyQt6_Qt6 --> node_venv_lib_python3_12_site-packages_PyQt6_Qt6_translations["translations"]\n    node_venv_lib_python3_12_site-packages_PyQt6_Qt6_translations --> node_venv_lib_python3_12_site-packages_PyQt6_Qt6_translations_qtconnectivity_hu_qm["qtconnectivity_hu.qm"]\n    Root --> node_venv["venv"]\n    node_venv --> node_venv_lib["lib"]\n    node_venv_lib --> node_venv_lib_python3_12["python3.12"]\n    node_venv_lib_python3_12 --> node_venv_lib_python3_12_site-packages["site-packages"]\n    node_venv_lib_python3_12_site-packages --> node_venv_lib_python3_12_site-packages_PyQt6["PyQt6"]\n    node_venv_lib_python3_12_site-packages_PyQt6 --> node_venv_lib_python3_12_site-packages_PyQt6_Qt6["Qt6"]\n    node_venv_lib_python3_12_site-packages_PyQt6_Qt6 --> node_venv_lib_python3_12_site-packages_PyQt6_Qt6_translations["translations"]\n    node_venv_lib_python3_12_site-packages_PyQt6_Qt6_translations --> node_venv_lib_python3_12_site-packages_PyQt6_Qt6_translations_qtconnectivity_ka_qm["qtconnectivity_ka.qm"]\n    Root --> node_venv["venv"]\n    node_venv --> node_venv_lib["lib"]\n    node_venv_lib --> node_venv_lib_python3_12["python3.12"]\n    node_venv_lib_python3_12 --> node_venv_lib_python3_12_site-packages["site-packages"]\n    node_venv_lib_python3_12_site-packages --> node_venv_lib_python3_12_site-packages_PyQt6["PyQt6"]\n    node_venv_lib_python3_12_site-packages_PyQt6 --> node_venv_lib_python3_12_site-packages_PyQt6_Qt6["Qt6"]\n    node_venv_lib_python3_12_site-packages_PyQt6_Qt6 --> node_venv_lib_python3_12_site-packages_PyQt6_Qt6_translations["translations"]\n    node_venv_lib_python3_12_site-packages_PyQt6_Qt6_translations --> node_venv_lib_python3_12_site-packages_PyQt6_Qt6_translations_qtconnectivity_ko_qm["qtconnectivity_ko.qm"]\n    Root --> node_venv["venv"]\n    node_venv --> node_venv_lib["lib"]\n    node_venv_lib --> node_venv_lib_python3_12["python3.12"]\n    node_venv_lib_python3_12 --> node_venv_lib_python3_12_site-packages["site-packages"]\n    node_venv_lib_python3_12_site-packages --> node_venv_lib_python3_12_site-packages_PyQt6["PyQt6"]\n    node_venv_lib_python3_12_site-packages_PyQt6 --> node_venv_lib_python3_12_site-packages_PyQt6_Qt6["Qt6"]\n    node_venv_lib_python3_12_site-packages_PyQt6_Qt6 --> node_venv_lib_python3_12_site-packages_PyQt6_Qt6_translations["translations"]\n    node_venv_lib_python3_12_site-packages_PyQt6_Qt6_translations --> node_venv_lib_python3_12_site-packages_PyQt6_Qt6_translations_qtconnectivity_nl_qm["qtconnectivity_nl.qm"]\n    Root --> node_venv["venv"]\n    node_venv --> node_venv_lib["lib"]\n    node_venv_lib --> node_venv_lib_python3_12["python3.12"]\n    node_venv_lib_python3_12 --> node_venv_lib_python3_12_site-packages["site-packages"]\n    node_venv_lib_python3_12_site-packages --> node_venv_lib_python3_12_site-packages_PyQt6["PyQt6"]\n    node_venv_lib_python3_12_site-packages_PyQt6 --> node_venv_lib_python3_12_site-packages_PyQt6_Qt6["Qt6"]\n    node_venv_lib_python3_12_site-packages_PyQt6_Qt6 --> node_venv_lib_python3_12_site-packages_PyQt6_Qt6_translations["translations"]\n    node_venv_lib_python3_12_site-packages_PyQt6_Qt6_translations --> node_venv_lib_python3_12_site-packages_PyQt6_Qt6_translations_qtconnectivity_pl_qm["qtconnectivity_pl.qm"]\n    Root --> node_venv["venv"]\n    node_venv --> node_venv_lib["lib"]\n    node_venv_lib --> node_venv_lib_python3_12["python3.12"]\n    node_venv_lib_python3_12 --> node_venv_lib_python3_12_site-packages["site-packages"]\n    node_venv_lib_python3_12_site-packages --> node_venv_lib_python3_12_site-packages_PyQt6["PyQt6"]\n    node_venv_lib_python3_12_site-packages_PyQt6 --> node_venv_lib_python3_12_site-packages_PyQt6_Qt6["Qt6"]\n    node_venv_lib_python3_12_site-packages_PyQt6_Qt6 --> node_venv_lib_python3_12_site-packages_PyQt6_Qt6_translations["translations"]\n    node_venv_lib_python3_12_site-packages_PyQt6_Qt6_translations --> node_venv_lib_python3_12_site-packages_PyQt6_Qt6_translations_qtconnectivity_pt_BR_qm["qtconnectivity_pt_BR.qm"]\n    Root --> node_venv["venv"]\n    node_venv --> node_venv_lib["lib"]\n    node_venv_lib --> node_venv_lib_python3_12["python3.12"]\n    node_venv_lib_python3_12 --> node_venv_lib_python3_12_site-packages["site-packages"]\n    node_venv_lib_python3_12_site-packages --> node_venv_lib_python3_12_site-packages_PyQt6["PyQt6"]\n    node_venv_lib_python3_12_site-packages_PyQt6 --> node_venv_lib_python3_12_site-packages_PyQt6_Qt6["Qt6"]\n    node_venv_lib_python3_12_site-packages_PyQt6_Qt6 --> node_venv_lib_python3_12_site-packages_PyQt6_Qt6_translations["translations"]\n    node_venv_lib_python3_12_site-packages_PyQt6_Qt6_translations --> node_venv_lib_python3_12_site-packages_PyQt6_Qt6_translations_qtconnectivity_ru_qm["qtconnectivity_ru.qm"]\n    Root --> node_venv["venv"]\n    node_venv --> node_venv_lib["lib"]\n    node_venv_lib --> node_venv_lib_python3_12["python3.12"]\n    node_venv_lib_python3_12 --> node_venv_lib_python3_12_site-packages["site-packages"]\n    node_venv_lib_python3_12_site-packages --> node_venv_lib_python3_12_site-packages_PyQt6["PyQt6"]\n    node_venv_lib_python3_12_site-packages_PyQt6 --> node_venv_lib_python3_12_site-packages_PyQt6_Qt6["Qt6"]\n    node_venv_lib_python3_12_site-packages_PyQt6_Qt6 --> node_venv_lib_python3_12_site-packages_PyQt6_Qt6_translations["translations"]\n    node_venv_lib_python3_12_site-packages_PyQt6_Qt6_translations --> node_venv_lib_python3_12_site-packages_PyQt6_Qt6_translations_qtconnectivity_sv_qm["qtconnectivity_sv.qm"]\n    Root --> node_venv["venv"]\n    node_venv --> node_venv_lib["lib"]\n    node_venv_lib --> node_venv_lib_python3_12["python3.12"]\n    node_venv_lib_python3_12 --> node_venv_lib_python3_12_site-packages["site-packages"]\n    node_venv_lib_python3_12_site-packages --> node_venv_lib_python3_12_site-packages_PyQt6["PyQt6"]\n    node_venv_lib_python3_12_site-packages_PyQt6 --> node_venv_lib_python3_12_site-packages_PyQt6_Qt6["Qt6"]\n    node_venv_lib_python3_12_site-packages_PyQt6_Qt6 --> node_venv_lib_python3_12_site-packages_PyQt6_Qt6_translations["translations"]\n    node_venv_lib_python3_12_site-packages_PyQt6_Qt6_translations --> node_venv_lib_python3_12_site-packages_PyQt6_Qt6_translations_qtconnectivity_tr_qm["qtconnectivity_tr.qm"]\n    Root --> node_venv["venv"]\n    node_venv --> node_venv_lib["lib"]\n    node_venv_lib --> node_venv_lib_python3_12["python3.12"]\n    node_venv_lib_python3_12 --> node_venv_lib_python3_12_site-packages["site-packages"]\n    node_venv_lib_python3_12_site-packages --> node_venv_lib_python3_12_site-packages_PyQt6["PyQt6"]\n    node_venv_lib_python3_12_site-packages_PyQt6 --> node_venv_lib_python3_12_site-packages_PyQt6_Qt6["Qt6"]\n    node_venv_lib_python3_12_site-packages_PyQt6_Qt6 --> node_venv_lib_python3_12_site-packages_PyQt6_Qt6_translations["translations"]\n    node_venv_lib_python3_12_site-packages_PyQt6_Qt6_translations --> node_venv_lib_python3_12_site-packages_PyQt6_Qt6_translations_qtconnectivity_uk_qm["qtconnectivity_uk.qm"]\n    Root --> node_venv["venv"]\n    node_venv --> node_venv_lib["lib"]\n    node_venv_lib --> node_venv_lib_python3_12["python3.12"]\n    node_venv_lib_python3_12 --> node_venv_lib_python3_12_site-packages["site-packages"]\n    node_venv_lib_python3_12_site-packages --> node_venv_lib_python3_12_site-packages_PyQt6["PyQt6"]\n    node_venv_lib_python3_12_site-packages_PyQt6 --> node_venv_lib_python3_12_site-packages_PyQt6_Qt6["Qt6"]\n    node_venv_lib_python3_12_site-packages_PyQt6_Qt6 --> node_venv_lib_python3_12_site-packages_PyQt6_Qt6_translations["translations"]\n    node_venv_lib_python3_12_site-packages_PyQt6_Qt6_translations --> node_venv_lib_python3_12_site-packages_PyQt6_Qt6_translations_qtconnectivity_zh_CN_qm["qtconnectivity_zh_CN.qm"]\n    Root --> node_venv["venv"]\n    node_venv --> node_venv_lib["lib"]\n    node_venv_lib --> node_venv_lib_python3_12["python3.12"]\n    node_venv_lib_python3_12 --> node_venv_lib_python3_12_site-packages["site-packages"]\n    node_venv_lib_python3_12_site-packages --> node_venv_lib_python3_12_site-packages_PyQt6["PyQt6"]\n    node_venv_lib_python3_12_site-packages_PyQt6 --> node_venv_lib_python3_12_site-packages_PyQt6_Qt6["Qt6"]\n    node_venv_lib_python3_12_site-packages_PyQt6_Qt6 --> node_venv_lib_python3_12_site-packages_PyQt6_Qt6_translations["translations"]\n    node_venv_lib_python3_12_site-packages_PyQt6_Qt6_translations --> node_venv_lib_python3_12_site-packages_PyQt6_Qt6_translations_qtdeclarative_ar_qm["qtdeclarative_ar.qm"]\n    Root --> node_venv["venv"]\n    node_venv --> node_venv_lib["lib"]\n    node_venv_lib --> node_venv_lib_python3_12["python3.12"]\n    node_venv_lib_python3_12 --> node_venv_lib_python3_12_site-packages["site-packages"]\n    node_venv_lib_python3_12_site-packages --> node_venv_lib_python3_12_site-packages_PyQt6["PyQt6"]\n    node_venv_lib_python3_12_site-packages_PyQt6 --> node_venv_lib_python3_12_site-packages_PyQt6_Qt6["Qt6"]\n    node_venv_lib_python3_12_site-packages_PyQt6_Qt6 --> node_venv_lib_python3_12_site-packages_PyQt6_Qt6_translations["translations"]\n    node_venv_lib_python3_12_site-packages_PyQt6_Qt6_translations --> node_venv_lib_python3_12_site-packages_PyQt6_Qt6_translations_qtdeclarative_bg_qm["qtdeclarative_bg.qm"]\n    Root --> node_venv["venv"]\n    node_venv --> node_venv_lib["lib"]\n    node_venv_lib --> node_venv_lib_python3_12["python3.12"]\n    node_venv_lib_python3_12 --> node_venv_lib_python3_12_site-packages["site-packages"]\n    node_venv_lib_python3_12_site-packages --> node_venv_lib_python3_12_site-packages_PyQt6["PyQt6"]\n    node_venv_lib_python3_12_site-packages_PyQt6 --> node_venv_lib_python3_12_site-packages_PyQt6_Qt6["Qt6"]\n    node_venv_lib_python3_12_site-packages_PyQt6_Qt6 --> node_venv_lib_python3_12_site-packages_PyQt6_Qt6_translations["translations"]\n    node_venv_lib_python3_12_site-packages_PyQt6_Qt6_translations --> node_venv_lib_python3_12_site-packages_PyQt6_Qt6_translations_qtdeclarative_ca_qm["qtdeclarative_ca.qm"]\n    Root --> node_venv["venv"]\n    node_venv --> node_venv_lib["lib"]\n    node_venv_lib --> node_venv_lib_python3_12["python3.12"]\n    node_venv_lib_python3_12 --> node_venv_lib_python3_12_site-packages["site-packages"]\n    node_venv_lib_python3_12_site-packages --> node_venv_lib_python3_12_site-packages_PyQt6["PyQt6"]\n    node_venv_lib_python3_12_site-packages_PyQt6 --> node_venv_lib_python3_12_site-packages_PyQt6_Qt6["Qt6"]\n    node_venv_lib_python3_12_site-packages_PyQt6_Qt6 --> node_venv_lib_python3_12_site-packages_PyQt6_Qt6_translations["translations"]\n    node_venv_lib_python3_12_site-packages_PyQt6_Qt6_translations --> node_venv_lib_python3_12_site-packages_PyQt6_Qt6_translations_qtdeclarative_da_qm["qtdeclarative_da.qm"]\n    Root --> node_venv["venv"]\n    node_venv --> node_venv_lib["lib"]\n    node_venv_lib --> node_venv_lib_python3_12["python3.12"]\n    node_venv_lib_python3_12 --> node_venv_lib_python3_12_site-packages["site-packages"]\n    node_venv_lib_python3_12_site-packages --> node_venv_lib_python3_12_site-packages_PyQt6["PyQt6"]\n    node_venv_lib_python3_12_site-packages_PyQt6 --> node_venv_lib_python3_12_site-packages_PyQt6_Qt6["Qt6"]\n    node_venv_lib_python3_12_site-packages_PyQt6_Qt6 --> node_venv_lib_python3_12_site-packages_PyQt6_Qt6_translations["translations"]\n    node_venv_lib_python3_12_site-packages_PyQt6_Qt6_translations --> node_venv_lib_python3_12_site-packages_PyQt6_Qt6_translations_qtdeclarative_de_qm["qtdeclarative_de.qm"]\n    Root --> node_venv["venv"]\n    node_venv --> node_venv_lib["lib"]\n    node_venv_lib --> node_venv_lib_python3_12["python3.12"]\n    node_venv_lib_python3_12 --> node_venv_lib_python3_12_site-packages["site-packages"]\n    node_venv_lib_python3_12_site-packages --> node_venv_lib_python3_12_site-packages_PyQt6["PyQt6"]\n    node_venv_lib_python3_12_site-packages_PyQt6 --> node_venv_lib_python3_12_site-packages_PyQt6_Qt6["Qt6"]\n    node_venv_lib_python3_12_site-packages_PyQt6_Qt6 --> node_venv_lib_python3_12_site-packages_PyQt6_Qt6_translations["translations"]\n    node_venv_lib_python3_12_site-packages_PyQt6_Qt6_translations --> node_venv_lib_python3_12_site-packages_PyQt6_Qt6_translations_qtdeclarative_en_qm["qtdeclarative_en.qm"]\n    Root --> node_venv["venv"]\n    node_venv --> node_venv_lib["lib"]\n    node_venv_lib --> node_venv_lib_python3_12["python3.12"]\n    node_venv_lib_python3_12 --> node_venv_lib_python3_12_site-packages["site-packages"]\n    node_venv_lib_python3_12_site-packages --> node_venv_lib_python3_12_site-packages_PyQt6["PyQt6"]\n    node_venv_lib_python3_12_site-packages_PyQt6 --> node_venv_lib_python3_12_site-packages_PyQt6_Qt6["Qt6"]\n    node_venv_lib_python3_12_site-packages_PyQt6_Qt6 --> node_venv_lib_python3_12_site-packages_PyQt6_Qt6_translations["translations"]\n    node_venv_lib_python3_12_site-packages_PyQt6_Qt6_translations --> node_venv_lib_python3_12_site-packages_PyQt6_Qt6_translations_qtdeclarative_es_qm["qtdeclarative_es.qm"]\n    Root --> node_venv["venv"]\n    node_venv --> node_venv_lib["lib"]\n    node_venv_lib --> node_venv_lib_python3_12["python3.12"]\n    node_venv_lib_python3_12 --> node_venv_lib_python3_12_site-packages["site-packages"]\n    node_venv_lib_python3_12_site-packages --> node_venv_lib_python3_12_site-packages_PyQt6["PyQt6"]\n    node_venv_lib_python3_12_site-packages_PyQt6 --> node_venv_lib_python3_12_site-packages_PyQt6_Qt6["Qt6"]\n    node_venv_lib_python3_12_site-packages_PyQt6_Qt6 --> node_venv_lib_python3_12_site-packages_PyQt6_Qt6_translations["translations"]\n    node_venv_lib_python3_12_site-packages_PyQt6_Qt6_translations --> node_venv_lib_python3_12_site-packages_PyQt6_Qt6_translations_qtdeclarative_fa_qm["qtdeclarative_fa.qm"]\n    Root --> node_venv["venv"]\n    node_venv --> node_venv_lib["lib"]\n    node_venv_lib --> node_venv_lib_python3_12["python3.12"]\n    node_venv_lib_python3_12 --> node_venv_lib_python3_12_site-packages["site-packages"]\n    node_venv_lib_python3_12_site-packages --> node_venv_lib_python3_12_site-packages_PyQt6["PyQt6"]\n    node_venv_lib_python3_12_site-packages_PyQt6 --> node_venv_lib_python3_12_site-packages_PyQt6_Qt6["Qt6"]\n    node_venv_lib_python3_12_site-packages_PyQt6_Qt6 --> node_venv_lib_python3_12_site-packages_PyQt6_Qt6_translations["translations"]\n    node_venv_lib_python3_12_site-packages_PyQt6_Qt6_translations --> node_venv_lib_python3_12_site-packages_PyQt6_Qt6_translations_qtdeclarative_fi_qm["qtdeclarative_fi.qm"]\n    Root --> node_venv["venv"]\n    node_venv --> node_venv_lib["lib"]\n    node_venv_lib --> node_venv_lib_python3_12["python3.12"]\n    node_venv_lib_python3_12 --> node_venv_lib_python3_12_site-packages["site-packages"]\n    node_venv_lib_python3_12_site-packages --> node_venv_lib_python3_12_site-packages_PyQt6["PyQt6"]\n    node_venv_lib_python3_12_site-packages_PyQt6 --> node_venv_lib_python3_12_site-packages_PyQt6_Qt6["Qt6"]\n    node_venv_lib_python3_12_site-packages_PyQt6_Qt6 --> node_venv_lib_python3_12_site-packages_PyQt6_Qt6_translations["translations"]\n    node_venv_lib_python3_12_site-packages_PyQt6_Qt6_translations --> node_venv_lib_python3_12_site-packages_PyQt6_Qt6_translations_qtdeclarative_fr_qm["qtdeclarative_fr.qm"]\n    Root --> node_venv["venv"]\n    node_venv --> node_venv_lib["lib"]\n    node_venv_lib --> node_venv_lib_python3_12["python3.12"]\n    node_venv_lib_python3_12 --> node_venv_lib_python3_12_site-packages["site-packages"]\n    node_venv_lib_python3_12_site-packages --> node_venv_lib_python3_12_site-packages_PyQt6["PyQt6"]\n    node_venv_lib_python3_12_site-packages_PyQt6 --> node_venv_lib_python3_12_site-packages_PyQt6_Qt6["Qt6"]\n    node_venv_lib_python3_12_site-packages_PyQt6_Qt6 --> node_venv_lib_python3_12_site-packages_PyQt6_Qt6_translations["translations"]\n    node_venv_lib_python3_12_site-packages_PyQt6_Qt6_translations --> node_venv_lib_python3_12_site-packages_PyQt6_Qt6_translations_qtdeclarative_hr_qm["qtdeclarative_hr.qm"]\n    Root --> node_venv["venv"]\n    node_venv --> node_venv_lib["lib"]\n    node_venv_lib --> node_venv_lib_python3_12["python3.12"]\n    node_venv_lib_python3_12 --> node_venv_lib_python3_12_site-packages["site-packages"]\n    node_venv_lib_python3_12_site-packages --> node_venv_lib_python3_12_site-packages_PyQt6["PyQt6"]\n    node_venv_lib_python3_12_site-packages_PyQt6 --> node_venv_lib_python3_12_site-packages_PyQt6_Qt6["Qt6"]\n    node_venv_lib_python3_12_site-packages_PyQt6_Qt6 --> node_venv_lib_python3_12_site-packages_PyQt6_Qt6_translations["translations"]\n    node_venv_lib_python3_12_site-packages_PyQt6_Qt6_translations --> node_venv_lib_python3_12_site-packages_PyQt6_Qt6_translations_qtdeclarative_hu_qm["qtdeclarative_hu.qm"]\n    Root --> node_venv["venv"]\n    node_venv --> node_venv_lib["lib"]\n    node_venv_lib --> node_venv_lib_python3_12["python3.12"]\n    node_venv_lib_python3_12 --> node_venv_lib_python3_12_site-packages["site-packages"]\n    node_venv_lib_python3_12_site-packages --> node_venv_lib_python3_12_site-packages_PyQt6["PyQt6"]\n    node_venv_lib_python3_12_site-packages_PyQt6 --> node_venv_lib_python3_12_site-packages_PyQt6_Qt6["Qt6"]\n    node_venv_lib_python3_12_site-packages_PyQt6_Qt6 --> node_venv_lib_python3_12_site-packages_PyQt6_Qt6_translations["translations"]\n    node_venv_lib_python3_12_site-packages_PyQt6_Qt6_translations --> node_venv_lib_python3_12_site-packages_PyQt6_Qt6_translations_qtdeclarative_ja_qm["qtdeclarative_ja.qm"]\n    Root --> node_venv["venv"]\n    node_venv --> node_venv_lib["lib"]\n    node_venv_lib --> node_venv_lib_python3_12["python3.12"]\n    node_venv_lib_python3_12 --> node_venv_lib_python3_12_site-packages["site-packages"]\n    node_venv_lib_python3_12_site-packages --> node_venv_lib_python3_12_site-packages_PyQt6["PyQt6"]\n    node_venv_lib_python3_12_site-packages_PyQt6 --> node_venv_lib_python3_12_site-packages_PyQt6_Qt6["Qt6"]\n    node_venv_lib_python3_12_site-packages_PyQt6_Qt6 --> node_venv_lib_python3_12_site-packages_PyQt6_Qt6_translations["translations"]\n    node_venv_lib_python3_12_site-packages_PyQt6_Qt6_translations --> node_venv_lib_python3_12_site-packages_PyQt6_Qt6_translations_qtdeclarative_ka_qm["qtdeclarative_ka.qm"]\n    Root --> node_venv["venv"]\n    node_venv --> node_venv_lib["lib"]\n    node_venv_lib --> node_venv_lib_python3_12["python3.12"]\n    node_venv_lib_python3_12 --> node_venv_lib_python3_12_site-packages["site-packages"]\n    node_venv_lib_python3_12_site-packages --> node_venv_lib_python3_12_site-packages_PyQt6["PyQt6"]\n    node_venv_lib_python3_12_site-packages_PyQt6 --> node_venv_lib_python3_12_site-packages_PyQt6_Qt6["Qt6"]\n    node_venv_lib_python3_12_site-packages_PyQt6_Qt6 --> node_venv_lib_python3_12_site-packages_PyQt6_Qt6_translations["translations"]\n    node_venv_lib_python3_12_site-packages_PyQt6_Qt6_translations --> node_venv_lib_python3_12_site-packages_PyQt6_Qt6_translations_qtdeclarative_ko_qm["qtdeclarative_ko.qm"]\n    Root --> node_venv["venv"]\n    node_venv --> node_venv_lib["lib"]\n    node_venv_lib --> node_venv_lib_python3_12["python3.12"]\n    node_venv_lib_python3_12 --> node_venv_lib_python3_12_site-packages["site-packages"]\n    node_venv_lib_python3_12_site-packages --> node_venv_lib_python3_12_site-packages_PyQt6["PyQt6"]\n    node_venv_lib_python3_12_site-packages_PyQt6 --> node_venv_lib_python3_12_site-packages_PyQt6_Qt6["Qt6"]\n    node_venv_lib_python3_12_site-packages_PyQt6_Qt6 --> node_venv_lib_python3_12_site-packages_PyQt6_Qt6_translations["translations"]\n    node_venv_lib_python3_12_site-packages_PyQt6_Qt6_translations --> node_venv_lib_python3_12_site-packages_PyQt6_Qt6_translations_qtdeclarative_lv_qm["qtdeclarative_lv.qm"]\n    Root --> node_venv["venv"]\n    node_venv --> node_venv_lib["lib"]\n    node_venv_lib --> node_venv_lib_python3_12["python3.12"]\n    node_venv_lib_python3_12 --> node_venv_lib_python3_12_site-packages["site-packages"]\n    node_venv_lib_python3_12_site-packages --> node_venv_lib_python3_12_site-packages_PyQt6["PyQt6"]\n    node_venv_lib_python3_12_site-packages_PyQt6 --> node_venv_lib_python3_12_site-packages_PyQt6_Qt6["Qt6"]\n    node_venv_lib_python3_12_site-packages_PyQt6_Qt6 --> node_venv_lib_python3_12_site-packages_PyQt6_Qt6_translations["translations"]\n    node_venv_lib_python3_12_site-packages_PyQt6_Qt6_translations --> node_venv_lib_python3_12_site-packages_PyQt6_Qt6_translations_qtdeclarative_nl_qm["qtdeclarative_nl.qm"]\n    Root --> node_venv["venv"]\n    node_venv --> node_venv_lib["lib"]\n    node_venv_lib --> node_venv_lib_python3_12["python3.12"]\n    node_venv_lib_python3_12 --> node_venv_lib_python3_12_site-packages["site-packages"]\n    node_venv_lib_python3_12_site-packages --> node_venv_lib_python3_12_site-packages_PyQt6["PyQt6"]\n    node_venv_lib_python3_12_site-packages_PyQt6 --> node_venv_lib_python3_12_site-packages_PyQt6_Qt6["Qt6"]\n    node_venv_lib_python3_12_site-packages_PyQt6_Qt6 --> node_venv_lib_python3_12_site-packages_PyQt6_Qt6_translations["translations"]\n    node_venv_lib_python3_12_site-packages_PyQt6_Qt6_translations --> node_venv_lib_python3_12_site-packages_PyQt6_Qt6_translations_qtdeclarative_nn_qm["qtdeclarative_nn.qm"]\n    Root --> node_venv["venv"]\n    node_venv --> node_venv_lib["lib"]\n    node_venv_lib --> node_venv_lib_python3_12["python3.12"]\n    node_venv_lib_python3_12 --> node_venv_lib_python3_12_site-packages["site-packages"]\n    node_venv_lib_python3_12_site-packages --> node_venv_lib_python3_12_site-packages_PyQt6["PyQt6"]\n    node_venv_lib_python3_12_site-packages_PyQt6 --> node_venv_lib_python3_12_site-packages_PyQt6_Qt6["Qt6"]\n    node_venv_lib_python3_12_site-packages_PyQt6_Qt6 --> node_venv_lib_python3_12_site-packages_PyQt6_Qt6_translations["translations"]\n    node_venv_lib_python3_12_site-packages_PyQt6_Qt6_translations --> node_venv_lib_python3_12_site-packages_PyQt6_Qt6_translations_qtdeclarative_pl_qm["qtdeclarative_pl.qm"]\n    Root --> node_venv["venv"]\n    node_venv --> node_venv_lib["lib"]\n    node_venv_lib --> node_venv_lib_python3_12["python3.12"]\n    node_venv_lib_python3_12 --> node_venv_lib_python3_12_site-packages["site-packages"]\n    node_venv_lib_python3_12_site-packages --> node_venv_lib_python3_12_site-packages_PyQt6["PyQt6"]\n    node_venv_lib_python3_12_site-packages_PyQt6 --> node_venv_lib_python3_12_site-packages_PyQt6_Qt6["Qt6"]\n    node_venv_lib_python3_12_site-packages_PyQt6_Qt6 --> node_venv_lib_python3_12_site-packages_PyQt6_Qt6_translations["translations"]\n    node_venv_lib_python3_12_site-packages_PyQt6_Qt6_translations --> node_venv_lib_python3_12_site-packages_PyQt6_Qt6_translations_qtdeclarative_pt_BR_qm["qtdeclarative_pt_BR.qm"]\n    Root --> node_venv["venv"]\n    node_venv --> node_venv_lib["lib"]\n    node_venv_lib --> node_venv_lib_python3_12["python3.12"]\n    node_venv_lib_python3_12 --> node_venv_lib_python3_12_site-packages["site-packages"]\n    node_venv_lib_python3_12_site-packages --> node_venv_lib_python3_12_site-packages_PyQt6["PyQt6"]\n    node_venv_lib_python3_12_site-packages_PyQt6 --> node_venv_lib_python3_12_site-packages_PyQt6_Qt6["Qt6"]\n    node_venv_lib_python3_12_site-packages_PyQt6_Qt6 --> node_venv_lib_python3_12_site-packages_PyQt6_Qt6_translations["translations"]\n    node_venv_lib_python3_12_site-packages_PyQt6_Qt6_translations --> node_venv_lib_python3_12_site-packages_PyQt6_Qt6_translations_qtdeclarative_ru_qm["qtdeclarative_ru.qm"]\n    Root --> node_venv["venv"]\n    node_venv --> node_venv_lib["lib"]\n    node_venv_lib --> node_venv_lib_python3_12["python3.12"]\n    node_venv_lib_python3_12 --> node_venv_lib_python3_12_site-packages["site-packages"]\n    node_venv_lib_python3_12_site-packages --> node_venv_lib_python3_12_site-packages_PyQt6["PyQt6"]\n    node_venv_lib_python3_12_site-packages_PyQt6 --> node_venv_lib_python3_12_site-packages_PyQt6_Qt6["Qt6"]\n    node_venv_lib_python3_12_site-packages_PyQt6_Qt6 --> node_venv_lib_python3_12_site-packages_PyQt6_Qt6_translations["translations"]\n    node_venv_lib_python3_12_site-packages_PyQt6_Qt6_translations --> node_venv_lib_python3_12_site-packages_PyQt6_Qt6_translations_qtdeclarative_sk_qm["qtdeclarative_sk.qm"]\n    Root --> node_venv["venv"]\n    node_venv --> node_venv_lib["lib"]\n    node_venv_lib --> node_venv_lib_python3_12["python3.12"]\n    node_venv_lib_python3_12 --> node_venv_lib_python3_12_site-packages["site-packages"]\n    node_venv_lib_python3_12_site-packages --> node_venv_lib_python3_12_site-packages_PyQt6["PyQt6"]\n    node_venv_lib_python3_12_site-packages_PyQt6 --> node_venv_lib_python3_12_site-packages_PyQt6_Qt6["Qt6"]\n    node_venv_lib_python3_12_site-packages_PyQt6_Qt6 --> node_venv_lib_python3_12_site-packages_PyQt6_Qt6_translations["translations"]\n    node_venv_lib_python3_12_site-packages_PyQt6_Qt6_translations --> node_venv_lib_python3_12_site-packages_PyQt6_Qt6_translations_qtdeclarative_sv_qm["qtdeclarative_sv.qm"]\n    Root --> node_venv["venv"]\n    node_venv --> node_venv_lib["lib"]\n    node_venv_lib --> node_venv_lib_python3_12["python3.12"]\n    node_venv_lib_python3_12 --> node_venv_lib_python3_12_site-packages["site-packages"]\n    node_venv_lib_python3_12_site-packages --> node_venv_lib_python3_12_site-packages_PyQt6["PyQt6"]\n    node_venv_lib_python3_12_site-packages_PyQt6 --> node_venv_lib_python3_12_site-packages_PyQt6_Qt6["Qt6"]\n    node_venv_lib_python3_12_site-packages_PyQt6_Qt6 --> node_venv_lib_python3_12_site-packages_PyQt6_Qt6_translations["translations"]\n    node_venv_lib_python3_12_site-packages_PyQt6_Qt6_translations --> node_venv_lib_python3_12_site-packages_PyQt6_Qt6_translations_qtdeclarative_tr_qm["qtdeclarative_tr.qm"]\n    Root --> node_venv["venv"]\n    node_venv --> node_venv_lib["lib"]\n    node_venv_lib --> node_venv_lib_python3_12["python3.12"]\n    node_venv_lib_python3_12 --> node_venv_lib_python3_12_site-packages["site-packages"]\n    node_venv_lib_python3_12_site-packages --> node_venv_lib_python3_12_site-packages_PyQt6["PyQt6"]\n    node_venv_lib_python3_12_site-packages_PyQt6 --> node_venv_lib_python3_12_site-packages_PyQt6_Qt6["Qt6"]\n    node_venv_lib_python3_12_site-packages_PyQt6_Qt6 --> node_venv_lib_python3_12_site-packages_PyQt6_Qt6_translations["translations"]\n    node_venv_lib_python3_12_site-packages_PyQt6_Qt6_translations --> node_venv_lib_python3_12_site-packages_PyQt6_Qt6_translations_qtdeclarative_uk_qm["qtdeclarative_uk.qm"]\n    Root --> node_venv["venv"]\n    node_venv --> node_venv_lib["lib"]\n    node_venv_lib --> node_venv_lib_python3_12["python3.12"]\n    node_venv_lib_python3_12 --> node_venv_lib_python3_12_site-packages["site-packages"]\n    node_venv_lib_python3_12_site-packages --> node_venv_lib_python3_12_site-packages_PyQt6["PyQt6"]\n    node_venv_lib_python3_12_site-packages_PyQt6 --> node_venv_lib_python3_12_site-packages_PyQt6_Qt6["Qt6"]\n    node_venv_lib_python3_12_site-packages_PyQt6_Qt6 --> node_venv_lib_python3_12_site-packages_PyQt6_Qt6_translations["translations"]\n    node_venv_lib_python3_12_site-packages_PyQt6_Qt6_translations --> node_venv_lib_python3_12_site-packages_PyQt6_Qt6_translations_qtdeclarative_zh_CN_qm["qtdeclarative_zh_CN.qm"]\n    Root --> node_venv["venv"]\n    node_venv --> node_venv_lib["lib"]\n    node_venv_lib --> node_venv_lib_python3_12["python3.12"]\n    node_venv_lib_python3_12 --> node_venv_lib_python3_12_site-packages["site-packages"]\n    node_venv_lib_python3_12_site-packages --> node_venv_lib_python3_12_site-packages_PyQt6["PyQt6"]\n    node_venv_lib_python3_12_site-packages_PyQt6 --> node_venv_lib_python3_12_site-packages_PyQt6_Qt6["Qt6"]\n    node_venv_lib_python3_12_site-packages_PyQt6_Qt6 --> node_venv_lib_python3_12_site-packages_PyQt6_Qt6_translations["translations"]\n    node_venv_lib_python3_12_site-packages_PyQt6_Qt6_translations --> node_venv_lib_python3_12_site-packages_PyQt6_Qt6_translations_qtdeclarative_zh_TW_qm["qtdeclarative_zh_TW.qm"]\n    Root --> node_venv["venv"]\n    node_venv --> node_venv_lib["lib"]\n    node_venv_lib --> node_venv_lib_python3_12["python3.12"]\n    node_venv_lib_python3_12 --> node_venv_lib_python3_12_site-packages["site-packages"]\n    node_venv_lib_python3_12_site-packages --> node_venv_lib_python3_12_site-packages_PyQt6["PyQt6"]\n    node_venv_lib_python3_12_site-packages_PyQt6 --> node_venv_lib_python3_12_site-packages_PyQt6_Qt6["Qt6"]\n    node_venv_lib_python3_12_site-packages_PyQt6_Qt6 --> node_venv_lib_python3_12_site-packages_PyQt6_Qt6_translations["translations"]\n    node_venv_lib_python3_12_site-packages_PyQt6_Qt6_translations --> node_venv_lib_python3_12_site-packages_PyQt6_Qt6_translations_qtlocation_bg_qm["qtlocation_bg.qm"]\n    Root --> node_venv["venv"]\n    node_venv --> node_venv_lib["lib"]\n    node_venv_lib --> node_venv_lib_python3_12["python3.12"]\n    node_venv_lib_python3_12 --> node_venv_lib_python3_12_site-packages["site-packages"]\n    node_venv_lib_python3_12_site-packages --> node_venv_lib_python3_12_site-packages_PyQt6["PyQt6"]\n    node_venv_lib_python3_12_site-packages_PyQt6 --> node_venv_lib_python3_12_site-packages_PyQt6_Qt6["Qt6"]\n    node_venv_lib_python3_12_site-packages_PyQt6_Qt6 --> node_venv_lib_python3_12_site-packages_PyQt6_Qt6_translations["translations"]\n    node_venv_lib_python3_12_site-packages_PyQt6_Qt6_translations --> node_venv_lib_python3_12_site-packages_PyQt6_Qt6_translations_qtlocation_ca_qm["qtlocation_ca.qm"]\n    Root --> node_venv["venv"]\n    node_venv --> node_venv_lib["lib"]\n    node_venv_lib --> node_venv_lib_python3_12["python3.12"]\n    node_venv_lib_python3_12 --> node_venv_lib_python3_12_site-packages["site-packages"]\n    node_venv_lib_python3_12_site-packages --> node_venv_lib_python3_12_site-packages_PyQt6["PyQt6"]\n    node_venv_lib_python3_12_site-packages_PyQt6 --> node_venv_lib_python3_12_site-packages_PyQt6_Qt6["Qt6"]\n    node_venv_lib_python3_12_site-packages_PyQt6_Qt6 --> node_venv_lib_python3_12_site-packages_PyQt6_Qt6_translations["translations"]\n    node_venv_lib_python3_12_site-packages_PyQt6_Qt6_translations --> node_venv_lib_python3_12_site-packages_PyQt6_Qt6_translations_qtlocation_da_qm["qtlocation_da.qm"]\n    Root --> node_venv["venv"]\n    node_venv --> node_venv_lib["lib"]\n    node_venv_lib --> node_venv_lib_python3_12["python3.12"]\n    node_venv_lib_python3_12 --> node_venv_lib_python3_12_site-packages["site-packages"]\n    node_venv_lib_python3_12_site-packages --> node_venv_lib_python3_12_site-packages_PyQt6["PyQt6"]\n    node_venv_lib_python3_12_site-packages_PyQt6 --> node_venv_lib_python3_12_site-packages_PyQt6_Qt6["Qt6"]\n    node_venv_lib_python3_12_site-packages_PyQt6_Qt6 --> node_venv_lib_python3_12_site-packages_PyQt6_Qt6_translations["translations"]\n    node_venv_lib_python3_12_site-packages_PyQt6_Qt6_translations --> node_venv_lib_python3_12_site-packages_PyQt6_Qt6_translations_qtlocation_de_qm["qtlocation_de.qm"]\n    Root --> node_venv["venv"]\n    node_venv --> node_venv_lib["lib"]\n    node_venv_lib --> node_venv_lib_python3_12["python3.12"]\n    node_venv_lib_python3_12 --> node_venv_lib_python3_12_site-packages["site-packages"]\n    node_venv_lib_python3_12_site-packages --> node_venv_lib_python3_12_site-packages_PyQt6["PyQt6"]\n    node_venv_lib_python3_12_site-packages_PyQt6 --> node_venv_lib_python3_12_site-packages_PyQt6_Qt6["Qt6"]\n    node_venv_lib_python3_12_site-packages_PyQt6_Qt6 --> node_venv_lib_python3_12_site-packages_PyQt6_Qt6_translations["translations"]\n    node_venv_lib_python3_12_site-packages_PyQt6_Qt6_translations --> node_venv_lib_python3_12_site-packages_PyQt6_Qt6_translations_qtlocation_en_qm["qtlocation_en.qm"]\n    Root --> node_venv["venv"]\n    node_venv --> node_venv_lib["lib"]\n    node_venv_lib --> node_venv_lib_python3_12["python3.12"]\n    node_venv_lib_python3_12 --> node_venv_lib_python3_12_site-packages["site-packages"]\n    node_venv_lib_python3_12_site-packages --> node_venv_lib_python3_12_site-packages_PyQt6["PyQt6"]\n    node_venv_lib_python3_12_site-packages_PyQt6 --> node_venv_lib_python3_12_site-packages_PyQt6_Qt6["Qt6"]\n    node_venv_lib_python3_12_site-packages_PyQt6_Qt6 --> node_venv_lib_python3_12_site-packages_PyQt6_Qt6_translations["translations"]\n    node_venv_lib_python3_12_site-packages_PyQt6_Qt6_translations --> node_venv_lib_python3_12_site-packages_PyQt6_Qt6_translations_qtlocation_es_qm["qtlocation_es.qm"]\n    Root --> node_venv["venv"]\n    node_venv --> node_venv_lib["lib"]\n    node_venv_lib --> node_venv_lib_python3_12["python3.12"]\n    node_venv_lib_python3_12 --> node_venv_lib_python3_12_site-packages["site-packages"]\n    node_venv_lib_python3_12_site-packages --> node_venv_lib_python3_12_site-packages_PyQt6["PyQt6"]\n    node_venv_lib_python3_12_site-packages_PyQt6 --> node_venv_lib_python3_12_site-packages_PyQt6_Qt6["Qt6"]\n    node_venv_lib_python3_12_site-packages_PyQt6_Qt6 --> node_venv_lib_python3_12_site-packages_PyQt6_Qt6_translations["translations"]\n    node_venv_lib_python3_12_site-packages_PyQt6_Qt6_translations --> node_venv_lib_python3_12_site-packages_PyQt6_Qt6_translations_qtlocation_fi_qm["qtlocation_fi.qm"]\n    Root --> node_venv["venv"]\n    node_venv --> node_venv_lib["lib"]\n    node_venv_lib --> node_venv_lib_python3_12["python3.12"]\n    node_venv_lib_python3_12 --> node_venv_lib_python3_12_site-packages["site-packages"]\n    node_venv_lib_python3_12_site-packages --> node_venv_lib_python3_12_site-packages_PyQt6["PyQt6"]\n    node_venv_lib_python3_12_site-packages_PyQt6 --> node_venv_lib_python3_12_site-packages_PyQt6_Qt6["Qt6"]\n    node_venv_lib_python3_12_site-packages_PyQt6_Qt6 --> node_venv_lib_python3_12_site-packages_PyQt6_Qt6_translations["translations"]\n    node_venv_lib_python3_12_site-packages_PyQt6_Qt6_translations --> node_venv_lib_python3_12_site-packages_PyQt6_Qt6_translations_qtlocation_fr_qm["qtlocation_fr.qm"]\n    Root --> node_venv["venv"]\n    node_venv --> node_venv_lib["lib"]\n    node_venv_lib --> node_venv_lib_python3_12["python3.12"]\n    node_venv_lib_python3_12 --> node_venv_lib_python3_12_site-packages["site-packages"]\n    node_venv_lib_python3_12_site-packages --> node_venv_lib_python3_12_site-packages_PyQt6["PyQt6"]\n    node_venv_lib_python3_12_site-packages_PyQt6 --> node_venv_lib_python3_12_site-packages_PyQt6_Qt6["Qt6"]\n    node_venv_lib_python3_12_site-packages_PyQt6_Qt6 --> node_venv_lib_python3_12_site-packages_PyQt6_Qt6_translations["translations"]\n    node_venv_lib_python3_12_site-packages_PyQt6_Qt6_translations --> node_venv_lib_python3_12_site-packages_PyQt6_Qt6_translations_qtlocation_hr_qm["qtlocation_hr.qm"]\n    Root --> node_venv["venv"]\n    node_venv --> node_venv_lib["lib"]\n    node_venv_lib --> node_venv_lib_python3_12["python3.12"]\n    node_venv_lib_python3_12 --> node_venv_lib_python3_12_site-packages["site-packages"]\n    node_venv_lib_python3_12_site-packages --> node_venv_lib_python3_12_site-packages_PyQt6["PyQt6"]\n    node_venv_lib_python3_12_site-packages_PyQt6 --> node_venv_lib_python3_12_site-packages_PyQt6_Qt6["Qt6"]\n    node_venv_lib_python3_12_site-packages_PyQt6_Qt6 --> node_venv_lib_python3_12_site-packages_PyQt6_Qt6_translations["translations"]\n    node_venv_lib_python3_12_site-packages_PyQt6_Qt6_translations --> node_venv_lib_python3_12_site-packages_PyQt6_Qt6_translations_qtlocation_hu_qm["qtlocation_hu.qm"]\n    Root --> node_venv["venv"]\n    node_venv --> node_venv_lib["lib"]\n    node_venv_lib --> node_venv_lib_python3_12["python3.12"]\n    node_venv_lib_python3_12 --> node_venv_lib_python3_12_site-packages["site-packages"]\n    node_venv_lib_python3_12_site-packages --> node_venv_lib_python3_12_site-packages_PyQt6["PyQt6"]\n    node_venv_lib_python3_12_site-packages_PyQt6 --> node_venv_lib_python3_12_site-packages_PyQt6_Qt6["Qt6"]\n    node_venv_lib_python3_12_site-packages_PyQt6_Qt6 --> node_venv_lib_python3_12_site-packages_PyQt6_Qt6_translations["translations"]\n    node_venv_lib_python3_12_site-packages_PyQt6_Qt6_translations --> node_venv_lib_python3_12_site-packages_PyQt6_Qt6_translations_qtlocation_ka_qm["qtlocation_ka.qm"]\n    Root --> node_venv["venv"]\n    node_venv --> node_venv_lib["lib"]\n    node_venv_lib --> node_venv_lib_python3_12["python3.12"]\n    node_venv_lib_python3_12 --> node_venv_lib_python3_12_site-packages["site-packages"]\n    node_venv_lib_python3_12_site-packages --> node_venv_lib_python3_12_site-packages_PyQt6["PyQt6"]\n    node_venv_lib_python3_12_site-packages_PyQt6 --> node_venv_lib_python3_12_site-packages_PyQt6_Qt6["Qt6"]\n    node_venv_lib_python3_12_site-packages_PyQt6_Qt6 --> node_venv_lib_python3_12_site-packages_PyQt6_Qt6_translations["translations"]\n    node_venv_lib_python3_12_site-packages_PyQt6_Qt6_translations --> node_venv_lib_python3_12_site-packages_PyQt6_Qt6_translations_qtlocation_ko_qm["qtlocation_ko.qm"]\n    Root --> node_venv["venv"]\n    node_venv --> node_venv_lib["lib"]\n    node_venv_lib --> node_venv_lib_python3_12["python3.12"]\n    node_venv_lib_python3_12 --> node_venv_lib_python3_12_site-packages["site-packages"]\n    node_venv_lib_python3_12_site-packages --> node_venv_lib_python3_12_site-packages_PyQt6["PyQt6"]\n    node_venv_lib_python3_12_site-packages_PyQt6 --> node_venv_lib_python3_12_site-packages_PyQt6_Qt6["Qt6"]\n    node_venv_lib_python3_12_site-packages_PyQt6_Qt6 --> node_venv_lib_python3_12_site-packages_PyQt6_Qt6_translations["translations"]\n    node_venv_lib_python3_12_site-packages_PyQt6_Qt6_translations --> node_venv_lib_python3_12_site-packages_PyQt6_Qt6_translations_qtlocation_nl_qm["qtlocation_nl.qm"]\n    Root --> node_venv["venv"]\n    node_venv --> node_venv_lib["lib"]\n    node_venv_lib --> node_venv_lib_python3_12["python3.12"]\n    node_venv_lib_python3_12 --> node_venv_lib_python3_12_site-packages["site-packages"]\n    node_venv_lib_python3_12_site-packages --> node_venv_lib_python3_12_site-packages_PyQt6["PyQt6"]\n    node_venv_lib_python3_12_site-packages_PyQt6 --> node_venv_lib_python3_12_site-packages_PyQt6_Qt6["Qt6"]\n    node_venv_lib_python3_12_site-packages_PyQt6_Qt6 --> node_venv_lib_python3_12_site-packages_PyQt6_Qt6_translations["translations"]\n    node_venv_lib_python3_12_site-packages_PyQt6_Qt6_translations --> node_venv_lib_python3_12_site-packages_PyQt6_Qt6_translations_qtlocation_pl_qm["qtlocation_pl.qm"]\n    Root --> node_venv["venv"]\n    node_venv --> node_venv_lib["lib"]\n    node_venv_lib --> node_venv_lib_python3_12["python3.12"]\n    node_venv_lib_python3_12 --> node_venv_lib_python3_12_site-packages["site-packages"]\n    node_venv_lib_python3_12_site-packages --> node_venv_lib_python3_12_site-packages_PyQt6["PyQt6"]\n    node_venv_lib_python3_12_site-packages_PyQt6 --> node_venv_lib_python3_12_site-packages_PyQt6_Qt6["Qt6"]\n    node_venv_lib_python3_12_site-packages_PyQt6_Qt6 --> node_venv_lib_python3_12_site-packages_PyQt6_Qt6_translations["translations"]\n    node_venv_lib_python3_12_site-packages_PyQt6_Qt6_translations --> node_venv_lib_python3_12_site-packages_PyQt6_Qt6_translations_qtlocation_pt_BR_qm["qtlocation_pt_BR.qm"]\n    Root --> node_venv["venv"]\n    node_venv --> node_venv_lib["lib"]\n    node_venv_lib --> node_venv_lib_python3_12["python3.12"]\n    node_venv_lib_python3_12 --> node_venv_lib_python3_12_site-packages["site-packages"]\n    node_venv_lib_python3_12_site-packages --> node_venv_lib_python3_12_site-packages_PyQt6["PyQt6"]\n    node_venv_lib_python3_12_site-packages_PyQt6 --> node_venv_lib_python3_12_site-packages_PyQt6_Qt6["Qt6"]\n    node_venv_lib_python3_12_site-packages_PyQt6_Qt6 --> node_venv_lib_python3_12_site-packages_PyQt6_Qt6_translations["translations"]\n    node_venv_lib_python3_12_site-packages_PyQt6_Qt6_translations --> node_venv_lib_python3_12_site-packages_PyQt6_Qt6_translations_qtlocation_ru_qm["qtlocation_ru.qm"]\n    Root --> node_venv["venv"]\n    node_venv --> node_venv_lib["lib"]\n    node_venv_lib --> node_venv_lib_python3_12["python3.12"]\n    node_venv_lib_python3_12 --> node_venv_lib_python3_12_site-packages["site-packages"]\n    node_venv_lib_python3_12_site-packages --> node_venv_lib_python3_12_site-packages_PyQt6["PyQt6"]\n    node_venv_lib_python3_12_site-packages_PyQt6 --> node_venv_lib_python3_12_site-packages_PyQt6_Qt6["Qt6"]\n    node_venv_lib_python3_12_site-packages_PyQt6_Qt6 --> node_venv_lib_python3_12_site-packages_PyQt6_Qt6_translations["translations"]\n    node_venv_lib_python3_12_site-packages_PyQt6_Qt6_translations --> node_venv_lib_python3_12_site-packages_PyQt6_Qt6_translations_qtlocation_sv_qm["qtlocation_sv.qm"]\n    Root --> node_venv["venv"]\n    node_venv --> node_venv_lib["lib"]\n    node_venv_lib --> node_venv_lib_python3_12["python3.12"]\n    node_venv_lib_python3_12 --> node_venv_lib_python3_12_site-packages["site-packages"]\n    node_venv_lib_python3_12_site-packages --> node_venv_lib_python3_12_site-packages_PyQt6["PyQt6"]\n    node_venv_lib_python3_12_site-packages_PyQt6 --> node_venv_lib_python3_12_site-packages_PyQt6_Qt6["Qt6"]\n    node_venv_lib_python3_12_site-packages_PyQt6_Qt6 --> node_venv_lib_python3_12_site-packages_PyQt6_Qt6_translations["translations"]\n    node_venv_lib_python3_12_site-packages_PyQt6_Qt6_translations --> node_venv_lib_python3_12_site-packages_PyQt6_Qt6_translations_qtlocation_tr_qm["qtlocation_tr.qm"]\n    Root --> node_venv["venv"]\n    node_venv --> node_venv_lib["lib"]\n    node_venv_lib --> node_venv_lib_python3_12["python3.12"]\n    node_venv_lib_python3_12 --> node_venv_lib_python3_12_site-packages["site-packages"]\n    node_venv_lib_python3_12_site-packages --> node_venv_lib_python3_12_site-packages_PyQt6["PyQt6"]\n    node_venv_lib_python3_12_site-packages_PyQt6 --> node_venv_lib_python3_12_site-packages_PyQt6_Qt6["Qt6"]\n    node_venv_lib_python3_12_site-packages_PyQt6_Qt6 --> node_venv_lib_python3_12_site-packages_PyQt6_Qt6_translations["translations"]\n    node_venv_lib_python3_12_site-packages_PyQt6_Qt6_translations --> node_venv_lib_python3_12_site-packages_PyQt6_Qt6_translations_qtlocation_uk_qm["qtlocation_uk.qm"]\n    Root --> node_venv["venv"]\n    node_venv --> node_venv_lib["lib"]\n    node_venv_lib --> node_venv_lib_python3_12["python3.12"]\n    node_venv_lib_python3_12 --> node_venv_lib_python3_12_site-packages["site-packages"]\n    node_venv_lib_python3_12_site-packages --> node_venv_lib_python3_12_site-packages_PyQt6["PyQt6"]\n    node_venv_lib_python3_12_site-packages_PyQt6 --> node_venv_lib_python3_12_site-packages_PyQt6_Qt6["Qt6"]\n    node_venv_lib_python3_12_site-packages_PyQt6_Qt6 --> node_venv_lib_python3_12_site-packages_PyQt6_Qt6_translations["translations"]\n    node_venv_lib_python3_12_site-packages_PyQt6_Qt6_translations --> node_venv_lib_python3_12_site-packages_PyQt6_Qt6_translations_qtlocation_zh_CN_qm["qtlocation_zh_CN.qm"]\n    Root --> node_venv["venv"]\n    node_venv --> node_venv_lib["lib"]\n    node_venv_lib --> node_venv_lib_python3_12["python3.12"]\n    node_venv_lib_python3_12 --> node_venv_lib_python3_12_site-packages["site-packages"]\n    node_venv_lib_python3_12_site-packages --> node_venv_lib_python3_12_site-packages_PyQt6["PyQt6"]\n    node_venv_lib_python3_12_site-packages_PyQt6 --> node_venv_lib_python3_12_site-packages_PyQt6_Qt6["Qt6"]\n    node_venv_lib_python3_12_site-packages_PyQt6_Qt6 --> node_venv_lib_python3_12_site-packages_PyQt6_Qt6_translations["translations"]\n    node_venv_lib_python3_12_site-packages_PyQt6_Qt6_translations --> node_venv_lib_python3_12_site-packages_PyQt6_Qt6_translations_qtmultimedia_ar_qm["qtmultimedia_ar.qm"]\n    Root --> node_venv["venv"]\n    node_venv --> node_venv_lib["lib"]\n    node_venv_lib --> node_venv_lib_python3_12["python3.12"]\n    node_venv_lib_python3_12 --> node_venv_lib_python3_12_site-packages["site-packages"]\n    node_venv_lib_python3_12_site-packages --> node_venv_lib_python3_12_site-packages_PyQt6["PyQt6"]\n    node_venv_lib_python3_12_site-packages_PyQt6 --> node_venv_lib_python3_12_site-packages_PyQt6_Qt6["Qt6"]\n    node_venv_lib_python3_12_site-packages_PyQt6_Qt6 --> node_venv_lib_python3_12_site-packages_PyQt6_Qt6_translations["translations"]\n    node_venv_lib_python3_12_site-packages_PyQt6_Qt6_translations --> node_venv_lib_python3_12_site-packages_PyQt6_Qt6_translations_qtmultimedia_bg_qm["qtmultimedia_bg.qm"]\n    Root --> node_venv["venv"]\n    node_venv --> node_venv_lib["lib"]\n    node_venv_lib --> node_venv_lib_python3_12["python3.12"]\n    node_venv_lib_python3_12 --> node_venv_lib_python3_12_site-packages["site-packages"]\n    node_venv_lib_python3_12_site-packages --> node_venv_lib_python3_12_site-packages_PyQt6["PyQt6"]\n    node_venv_lib_python3_12_site-packages_PyQt6 --> node_venv_lib_python3_12_site-packages_PyQt6_Qt6["Qt6"]\n    node_venv_lib_python3_12_site-packages_PyQt6_Qt6 --> node_venv_lib_python3_12_site-packages_PyQt6_Qt6_translations["translations"]\n    node_venv_lib_python3_12_site-packages_PyQt6_Qt6_translations --> node_venv_lib_python3_12_site-packages_PyQt6_Qt6_translations_qtmultimedia_ca_qm["qtmultimedia_ca.qm"]\n    Root --> node_venv["venv"]\n    node_venv --> node_venv_lib["lib"]\n    node_venv_lib --> node_venv_lib_python3_12["python3.12"]\n    node_venv_lib_python3_12 --> node_venv_lib_python3_12_site-packages["site-packages"]\n    node_venv_lib_python3_12_site-packages --> node_venv_lib_python3_12_site-packages_PyQt6["PyQt6"]\n    node_venv_lib_python3_12_site-packages_PyQt6 --> node_venv_lib_python3_12_site-packages_PyQt6_Qt6["Qt6"]\n    node_venv_lib_python3_12_site-packages_PyQt6_Qt6 --> node_venv_lib_python3_12_site-packages_PyQt6_Qt6_translations["translations"]\n    node_venv_lib_python3_12_site-packages_PyQt6_Qt6_translations --> node_venv_lib_python3_12_site-packages_PyQt6_Qt6_translations_qtmultimedia_cs_qm["qtmultimedia_cs.qm"]\n    Root --> node_venv["venv"]\n    node_venv --> node_venv_lib["lib"]\n    node_venv_lib --> node_venv_lib_python3_12["python3.12"]\n    node_venv_lib_python3_12 --> node_venv_lib_python3_12_site-packages["site-packages"]\n    node_venv_lib_python3_12_site-packages --> node_venv_lib_python3_12_site-packages_PyQt6["PyQt6"]\n    node_venv_lib_python3_12_site-packages_PyQt6 --> node_venv_lib_python3_12_site-packages_PyQt6_Qt6["Qt6"]\n    node_venv_lib_python3_12_site-packages_PyQt6_Qt6 --> node_venv_lib_python3_12_site-packages_PyQt6_Qt6_translations["translations"]\n    node_venv_lib_python3_12_site-packages_PyQt6_Qt6_translations --> node_venv_lib_python3_12_site-packages_PyQt6_Qt6_translations_qtmultimedia_da_qm["qtmultimedia_da.qm"]\n    Root --> node_venv["venv"]\n    node_venv --> node_venv_lib["lib"]\n    node_venv_lib --> node_venv_lib_python3_12["python3.12"]\n    node_venv_lib_python3_12 --> node_venv_lib_python3_12_site-packages["site-packages"]\n    node_venv_lib_python3_12_site-packages --> node_venv_lib_python3_12_site-packages_PyQt6["PyQt6"]\n    node_venv_lib_python3_12_site-packages_PyQt6 --> node_venv_lib_python3_12_site-packages_PyQt6_Qt6["Qt6"]\n    node_venv_lib_python3_12_site-packages_PyQt6_Qt6 --> node_venv_lib_python3_12_site-packages_PyQt6_Qt6_translations["translations"]\n    node_venv_lib_python3_12_site-packages_PyQt6_Qt6_translations --> node_venv_lib_python3_12_site-packages_PyQt6_Qt6_translations_qtmultimedia_de_qm["qtmultimedia_de.qm"]\n    Root --> node_venv["venv"]\n    node_venv --> node_venv_lib["lib"]\n    node_venv_lib --> node_venv_lib_python3_12["python3.12"]\n    node_venv_lib_python3_12 --> node_venv_lib_python3_12_site-packages["site-packages"]\n    node_venv_lib_python3_12_site-packages --> node_venv_lib_python3_12_site-packages_PyQt6["PyQt6"]\n    node_venv_lib_python3_12_site-packages_PyQt6 --> node_venv_lib_python3_12_site-packages_PyQt6_Qt6["Qt6"]\n    node_venv_lib_python3_12_site-packages_PyQt6_Qt6 --> node_venv_lib_python3_12_site-packages_PyQt6_Qt6_translations["translations"]\n    node_venv_lib_python3_12_site-packages_PyQt6_Qt6_translations --> node_venv_lib_python3_12_site-packages_PyQt6_Qt6_translations_qtmultimedia_en_qm["qtmultimedia_en.qm"]\n    Root --> node_venv["venv"]\n    node_venv --> node_venv_lib["lib"]\n    node_venv_lib --> node_venv_lib_python3_12["python3.12"]\n    node_venv_lib_python3_12 --> node_venv_lib_python3_12_site-packages["site-packages"]\n    node_venv_lib_python3_12_site-packages --> node_venv_lib_python3_12_site-packages_PyQt6["PyQt6"]\n    node_venv_lib_python3_12_site-packages_PyQt6 --> node_venv_lib_python3_12_site-packages_PyQt6_Qt6["Qt6"]\n    node_venv_lib_python3_12_site-packages_PyQt6_Qt6 --> node_venv_lib_python3_12_site-packages_PyQt6_Qt6_translations["translations"]\n    node_venv_lib_python3_12_site-packages_PyQt6_Qt6_translations --> node_venv_lib_python3_12_site-packages_PyQt6_Qt6_translations_qtmultimedia_es_qm["qtmultimedia_es.qm"]\n    Root --> node_venv["venv"]\n    node_venv --> node_venv_lib["lib"]\n    node_venv_lib --> node_venv_lib_python3_12["python3.12"]\n    node_venv_lib_python3_12 --> node_venv_lib_python3_12_site-packages["site-packages"]\n    node_venv_lib_python3_12_site-packages --> node_venv_lib_python3_12_site-packages_PyQt6["PyQt6"]\n    node_venv_lib_python3_12_site-packages_PyQt6 --> node_venv_lib_python3_12_site-packages_PyQt6_Qt6["Qt6"]\n    node_venv_lib_python3_12_site-packages_PyQt6_Qt6 --> node_venv_lib_python3_12_site-packages_PyQt6_Qt6_translations["translations"]\n    node_venv_lib_python3_12_site-packages_PyQt6_Qt6_translations --> node_venv_lib_python3_12_site-packages_PyQt6_Qt6_translations_qtmultimedia_fa_qm["qtmultimedia_fa.qm"]\n    Root --> node_venv["venv"]\n    node_venv --> node_venv_lib["lib"]\n    node_venv_lib --> node_venv_lib_python3_12["python3.12"]\n    node_venv_lib_python3_12 --> node_venv_lib_python3_12_site-packages["site-packages"]\n    node_venv_lib_python3_12_site-packages --> node_venv_lib_python3_12_site-packages_PyQt6["PyQt6"]\n    node_venv_lib_python3_12_site-packages_PyQt6 --> node_venv_lib_python3_12_site-packages_PyQt6_Qt6["Qt6"]\n    node_venv_lib_python3_12_site-packages_PyQt6_Qt6 --> node_venv_lib_python3_12_site-packages_PyQt6_Qt6_translations["translations"]\n    node_venv_lib_python3_12_site-packages_PyQt6_Qt6_translations --> node_venv_lib_python3_12_site-packages_PyQt6_Qt6_translations_qtmultimedia_fi_qm["qtmultimedia_fi.qm"]\n    Root --> node_venv["venv"]\n    node_venv --> node_venv_lib["lib"]\n    node_venv_lib --> node_venv_lib_python3_12["python3.12"]\n    node_venv_lib_python3_12 --> node_venv_lib_python3_12_site-packages["site-packages"]\n    node_venv_lib_python3_12_site-packages --> node_venv_lib_python3_12_site-packages_PyQt6["PyQt6"]\n    node_venv_lib_python3_12_site-packages_PyQt6 --> node_venv_lib_python3_12_site-packages_PyQt6_Qt6["Qt6"]\n    node_venv_lib_python3_12_site-packages_PyQt6_Qt6 --> node_venv_lib_python3_12_site-packages_PyQt6_Qt6_translations["translations"]\n    node_venv_lib_python3_12_site-packages_PyQt6_Qt6_translations --> node_venv_lib_python3_12_site-packages_PyQt6_Qt6_translations_qtmultimedia_fr_qm["qtmultimedia_fr.qm"]\n    Root --> node_venv["venv"]\n    node_venv --> node_venv_lib["lib"]\n    node_venv_lib --> node_venv_lib_python3_12["python3.12"]\n    node_venv_lib_python3_12 --> node_venv_lib_python3_12_site-packages["site-packages"]\n    node_venv_lib_python3_12_site-packages --> node_venv_lib_python3_12_site-packages_PyQt6["PyQt6"]\n    node_venv_lib_python3_12_site-packages_PyQt6 --> node_venv_lib_python3_12_site-packages_PyQt6_Qt6["Qt6"]\n    node_venv_lib_python3_12_site-packages_PyQt6_Qt6 --> node_venv_lib_python3_12_site-packages_PyQt6_Qt6_translations["translations"]\n    node_venv_lib_python3_12_site-packages_PyQt6_Qt6_translations --> node_venv_lib_python3_12_site-packages_PyQt6_Qt6_translations_qtmultimedia_hr_qm["qtmultimedia_hr.qm"]\n    Root --> node_venv["venv"]\n    node_venv --> node_venv_lib["lib"]\n    node_venv_lib --> node_venv_lib_python3_12["python3.12"]\n    node_venv_lib_python3_12 --> node_venv_lib_python3_12_site-packages["site-packages"]\n    node_venv_lib_python3_12_site-packages --> node_venv_lib_python3_12_site-packages_PyQt6["PyQt6"]\n    node_venv_lib_python3_12_site-packages_PyQt6 --> node_venv_lib_python3_12_site-packages_PyQt6_Qt6["Qt6"]\n    node_venv_lib_python3_12_site-packages_PyQt6_Qt6 --> node_venv_lib_python3_12_site-packages_PyQt6_Qt6_translations["translations"]\n    node_venv_lib_python3_12_site-packages_PyQt6_Qt6_translations --> node_venv_lib_python3_12_site-packages_PyQt6_Qt6_translations_qtmultimedia_hu_qm["qtmultimedia_hu.qm"]\n    Root --> node_venv["venv"]\n    node_venv --> node_venv_lib["lib"]\n    node_venv_lib --> node_venv_lib_python3_12["python3.12"]\n    node_venv_lib_python3_12 --> node_venv_lib_python3_12_site-packages["site-packages"]\n    node_venv_lib_python3_12_site-packages --> node_venv_lib_python3_12_site-packages_PyQt6["PyQt6"]\n    node_venv_lib_python3_12_site-packages_PyQt6 --> node_venv_lib_python3_12_site-packages_PyQt6_Qt6["Qt6"]\n    node_venv_lib_python3_12_site-packages_PyQt6_Qt6 --> node_venv_lib_python3_12_site-packages_PyQt6_Qt6_translations["translations"]\n    node_venv_lib_python3_12_site-packages_PyQt6_Qt6_translations --> node_venv_lib_python3_12_site-packages_PyQt6_Qt6_translations_qtmultimedia_it_qm["qtmultimedia_it.qm"]\n    Root --> node_venv["venv"]\n    node_venv --> node_venv_lib["lib"]\n    node_venv_lib --> node_venv_lib_python3_12["python3.12"]\n    node_venv_lib_python3_12 --> node_venv_lib_python3_12_site-packages["site-packages"]\n    node_venv_lib_python3_12_site-packages --> node_venv_lib_python3_12_site-packages_PyQt6["PyQt6"]\n    node_venv_lib_python3_12_site-packages_PyQt6 --> node_venv_lib_python3_12_site-packages_PyQt6_Qt6["Qt6"]\n    node_venv_lib_python3_12_site-packages_PyQt6_Qt6 --> node_venv_lib_python3_12_site-packages_PyQt6_Qt6_translations["translations"]\n    node_venv_lib_python3_12_site-packages_PyQt6_Qt6_translations --> node_venv_lib_python3_12_site-packages_PyQt6_Qt6_translations_qtmultimedia_ja_qm["qtmultimedia_ja.qm"]\n    Root --> node_venv["venv"]\n    node_venv --> node_venv_lib["lib"]\n    node_venv_lib --> node_venv_lib_python3_12["python3.12"]\n    node_venv_lib_python3_12 --> node_venv_lib_python3_12_site-packages["site-packages"]\n    node_venv_lib_python3_12_site-packages --> node_venv_lib_python3_12_site-packages_PyQt6["PyQt6"]\n    node_venv_lib_python3_12_site-packages_PyQt6 --> node_venv_lib_python3_12_site-packages_PyQt6_Qt6["Qt6"]\n    node_venv_lib_python3_12_site-packages_PyQt6_Qt6 --> node_venv_lib_python3_12_site-packages_PyQt6_Qt6_translations["translations"]\n    node_venv_lib_python3_12_site-packages_PyQt6_Qt6_translations --> node_venv_lib_python3_12_site-packages_PyQt6_Qt6_translations_qtmultimedia_ka_qm["qtmultimedia_ka.qm"]\n    Root --> node_venv["venv"]\n    node_venv --> node_venv_lib["lib"]\n    node_venv_lib --> node_venv_lib_python3_12["python3.12"]\n    node_venv_lib_python3_12 --> node_venv_lib_python3_12_site-packages["site-packages"]\n    node_venv_lib_python3_12_site-packages --> node_venv_lib_python3_12_site-packages_PyQt6["PyQt6"]\n    node_venv_lib_python3_12_site-packages_PyQt6 --> node_venv_lib_python3_12_site-packages_PyQt6_Qt6["Qt6"]\n    node_venv_lib_python3_12_site-packages_PyQt6_Qt6 --> node_venv_lib_python3_12_site-packages_PyQt6_Qt6_translations["translations"]\n    node_venv_lib_python3_12_site-packages_PyQt6_Qt6_translations --> node_venv_lib_python3_12_site-packages_PyQt6_Qt6_translations_qtmultimedia_ko_qm["qtmultimedia_ko.qm"]\n    Root --> node_venv["venv"]\n    node_venv --> node_venv_lib["lib"]\n    node_venv_lib --> node_venv_lib_python3_12["python3.12"]\n    node_venv_lib_python3_12 --> node_venv_lib_python3_12_site-packages["site-packages"]\n    node_venv_lib_python3_12_site-packages --> node_venv_lib_python3_12_site-packages_PyQt6["PyQt6"]\n    node_venv_lib_python3_12_site-packages_PyQt6 --> node_venv_lib_python3_12_site-packages_PyQt6_Qt6["Qt6"]\n    node_venv_lib_python3_12_site-packages_PyQt6_Qt6 --> node_venv_lib_python3_12_site-packages_PyQt6_Qt6_translations["translations"]\n    node_venv_lib_python3_12_site-packages_PyQt6_Qt6_translations --> node_venv_lib_python3_12_site-packages_PyQt6_Qt6_translations_qtmultimedia_nl_qm["qtmultimedia_nl.qm"]\n    Root --> node_venv["venv"]\n    node_venv --> node_venv_lib["lib"]\n    node_venv_lib --> node_venv_lib_python3_12["python3.12"]\n    node_venv_lib_python3_12 --> node_venv_lib_python3_12_site-packages["site-packages"]\n    node_venv_lib_python3_12_site-packages --> node_venv_lib_python3_12_site-packages_PyQt6["PyQt6"]\n    node_venv_lib_python3_12_site-packages_PyQt6 --> node_venv_lib_python3_12_site-packages_PyQt6_Qt6["Qt6"]\n    node_venv_lib_python3_12_site-packages_PyQt6_Qt6 --> node_venv_lib_python3_12_site-packages_PyQt6_Qt6_translations["translations"]\n    node_venv_lib_python3_12_site-packages_PyQt6_Qt6_translations --> node_venv_lib_python3_12_site-packages_PyQt6_Qt6_translations_qtmultimedia_nn_qm["qtmultimedia_nn.qm"]\n    Root --> node_venv["venv"]\n    node_venv --> node_venv_lib["lib"]\n    node_venv_lib --> node_venv_lib_python3_12["python3.12"]\n    node_venv_lib_python3_12 --> node_venv_lib_python3_12_site-packages["site-packages"]\n    node_venv_lib_python3_12_site-packages --> node_venv_lib_python3_12_site-packages_PyQt6["PyQt6"]\n    node_venv_lib_python3_12_site-packages_PyQt6 --> node_venv_lib_python3_12_site-packages_PyQt6_Qt6["Qt6"]\n    node_venv_lib_python3_12_site-packages_PyQt6_Qt6 --> node_venv_lib_python3_12_site-packages_PyQt6_Qt6_translations["translations"]\n    node_venv_lib_python3_12_site-packages_PyQt6_Qt6_translations --> node_venv_lib_python3_12_site-packages_PyQt6_Qt6_translations_qtmultimedia_pl_qm["qtmultimedia_pl.qm"]\n    Root --> node_venv["venv"]\n    node_venv --> node_venv_lib["lib"]\n    node_venv_lib --> node_venv_lib_python3_12["python3.12"]\n    node_venv_lib_python3_12 --> node_venv_lib_python3_12_site-packages["site-packages"]\n    node_venv_lib_python3_12_site-packages --> node_venv_lib_python3_12_site-packages_PyQt6["PyQt6"]\n    node_venv_lib_python3_12_site-packages_PyQt6 --> node_venv_lib_python3_12_site-packages_PyQt6_Qt6["Qt6"]\n    node_venv_lib_python3_12_site-packages_PyQt6_Qt6 --> node_venv_lib_python3_12_site-packages_PyQt6_Qt6_translations["translations"]\n    node_venv_lib_python3_12_site-packages_PyQt6_Qt6_translations --> node_venv_lib_python3_12_site-packages_PyQt6_Qt6_translations_qtmultimedia_pt_BR_qm["qtmultimedia_pt_BR.qm"]\n    Root --> node_venv["venv"]\n    node_venv --> node_venv_lib["lib"]\n    node_venv_lib --> node_venv_lib_python3_12["python3.12"]\n    node_venv_lib_python3_12 --> node_venv_lib_python3_12_site-packages["site-packages"]\n    node_venv_lib_python3_12_site-packages --> node_venv_lib_python3_12_site-packages_PyQt6["PyQt6"]\n    node_venv_lib_python3_12_site-packages_PyQt6 --> node_venv_lib_python3_12_site-packages_PyQt6_Qt6["Qt6"]\n    node_venv_lib_python3_12_site-packages_PyQt6_Qt6 --> node_venv_lib_python3_12_site-packages_PyQt6_Qt6_translations["translations"]\n    node_venv_lib_python3_12_site-packages_PyQt6_Qt6_translations --> node_venv_lib_python3_12_site-packages_PyQt6_Qt6_translations_qtmultimedia_ru_qm["qtmultimedia_ru.qm"]\n    Root --> node_venv["venv"]\n    node_venv --> node_venv_lib["lib"]\n    node_venv_lib --> node_venv_lib_python3_12["python3.12"]\n    node_venv_lib_python3_12 --> node_venv_lib_python3_12_site-packages["site-packages"]\n    node_venv_lib_python3_12_site-packages --> node_venv_lib_python3_12_site-packages_PyQt6["PyQt6"]\n    node_venv_lib_python3_12_site-packages_PyQt6 --> node_venv_lib_python3_12_site-packages_PyQt6_Qt6["Qt6"]\n    node_venv_lib_python3_12_site-packages_PyQt6_Qt6 --> node_venv_lib_python3_12_site-packages_PyQt6_Qt6_translations["translations"]\n    node_venv_lib_python3_12_site-packages_PyQt6_Qt6_translations --> node_venv_lib_python3_12_site-packages_PyQt6_Qt6_translations_qtmultimedia_sk_qm["qtmultimedia_sk.qm"]\n    Root --> node_venv["venv"]\n    node_venv --> node_venv_lib["lib"]\n    node_venv_lib --> node_venv_lib_python3_12["python3.12"]\n    node_venv_lib_python3_12 --> node_venv_lib_python3_12_site-packages["site-packages"]\n    node_venv_lib_python3_12_site-packages --> node_venv_lib_python3_12_site-packages_PyQt6["PyQt6"]\n    node_venv_lib_python3_12_site-packages_PyQt6 --> node_venv_lib_python3_12_site-packages_PyQt6_Qt6["Qt6"]\n    node_venv_lib_python3_12_site-packages_PyQt6_Qt6 --> node_venv_lib_python3_12_site-packages_PyQt6_Qt6_translations["translations"]\n    node_venv_lib_python3_12_site-packages_PyQt6_Qt6_translations --> node_venv_lib_python3_12_site-packages_PyQt6_Qt6_translations_qtmultimedia_sv_qm["qtmultimedia_sv.qm"]\n    Root --> node_venv["venv"]\n    node_venv --> node_venv_lib["lib"]\n    node_venv_lib --> node_venv_lib_python3_12["python3.12"]\n    node_venv_lib_python3_12 --> node_venv_lib_python3_12_site-packages["site-packages"]\n    node_venv_lib_python3_12_site-packages --> node_venv_lib_python3_12_site-packages_PyQt6["PyQt6"]\n    node_venv_lib_python3_12_site-packages_PyQt6 --> node_venv_lib_python3_12_site-packages_PyQt6_Qt6["Qt6"]\n    node_venv_lib_python3_12_site-packages_PyQt6_Qt6 --> node_venv_lib_python3_12_site-packages_PyQt6_Qt6_translations["translations"]\n    node_venv_lib_python3_12_site-packages_PyQt6_Qt6_translations --> node_venv_lib_python3_12_site-packages_PyQt6_Qt6_translations_qtmultimedia_tr_qm["qtmultimedia_tr.qm"]\n    Root --> node_venv["venv"]\n    node_venv --> node_venv_lib["lib"]\n    node_venv_lib --> node_venv_lib_python3_12["python3.12"]\n    node_venv_lib_python3_12 --> node_venv_lib_python3_12_site-packages["site-packages"]\n    node_venv_lib_python3_12_site-packages --> node_venv_lib_python3_12_site-packages_PyQt6["PyQt6"]\n    node_venv_lib_python3_12_site-packages_PyQt6 --> node_venv_lib_python3_12_site-packages_PyQt6_Qt6["Qt6"]\n    node_venv_lib_python3_12_site-packages_PyQt6_Qt6 --> node_venv_lib_python3_12_site-packages_PyQt6_Qt6_translations["translations"]\n    node_venv_lib_python3_12_site-packages_PyQt6_Qt6_translations --> node_venv_lib_python3_12_site-packages_PyQt6_Qt6_translations_qtmultimedia_uk_qm["qtmultimedia_uk.qm"]\n    Root --> node_venv["venv"]\n    node_venv --> node_venv_lib["lib"]\n    node_venv_lib --> node_venv_lib_python3_12["python3.12"]\n    node_venv_lib_python3_12 --> node_venv_lib_python3_12_site-packages["site-packages"]\n    node_venv_lib_python3_12_site-packages --> node_venv_lib_python3_12_site-packages_PyQt6["PyQt6"]\n    node_venv_lib_python3_12_site-packages_PyQt6 --> node_venv_lib_python3_12_site-packages_PyQt6_Qt6["Qt6"]\n    node_venv_lib_python3_12_site-packages_PyQt6_Qt6 --> node_venv_lib_python3_12_site-packages_PyQt6_Qt6_translations["translations"]\n    node_venv_lib_python3_12_site-packages_PyQt6_Qt6_translations --> node_venv_lib_python3_12_site-packages_PyQt6_Qt6_translations_qtmultimedia_zh_CN_qm["qtmultimedia_zh_CN.qm"]\n    Root --> node_venv["venv"]\n    node_venv --> node_venv_lib["lib"]\n    node_venv_lib --> node_venv_lib_python3_12["python3.12"]\n    node_venv_lib_python3_12 --> node_venv_lib_python3_12_site-packages["site-packages"]\n    node_venv_lib_python3_12_site-packages --> node_venv_lib_python3_12_site-packages_PyQt6["PyQt6"]\n    node_venv_lib_python3_12_site-packages_PyQt6 --> node_venv_lib_python3_12_site-packages_PyQt6_Qt6["Qt6"]\n    node_venv_lib_python3_12_site-packages_PyQt6_Qt6 --> node_venv_lib_python3_12_site-packages_PyQt6_Qt6_translations["translations"]\n    node_venv_lib_python3_12_site-packages_PyQt6_Qt6_translations --> node_venv_lib_python3_12_site-packages_PyQt6_Qt6_translations_qtmultimedia_zh_TW_qm["qtmultimedia_zh_TW.qm"]\n    Root --> node_venv["venv"]\n    node_venv --> node_venv_lib["lib"]\n    node_venv_lib --> node_venv_lib_python3_12["python3.12"]\n    node_venv_lib_python3_12 --> node_venv_lib_python3_12_site-packages["site-packages"]\n    node_venv_lib_python3_12_site-packages --> node_venv_lib_python3_12_site-packages_PyQt6["PyQt6"]\n    node_venv_lib_python3_12_site-packages_PyQt6 --> node_venv_lib_python3_12_site-packages_PyQt6_Qt6["Qt6"]\n    node_venv_lib_python3_12_site-packages_PyQt6_Qt6 --> node_venv_lib_python3_12_site-packages_PyQt6_Qt6_translations["translations"]\n    node_venv_lib_python3_12_site-packages_PyQt6_Qt6_translations --> node_venv_lib_python3_12_site-packages_PyQt6_Qt6_translations_qtserialport_de_qm["qtserialport_de.qm"]\n    Root --> node_venv["venv"]\n    node_venv --> node_venv_lib["lib"]\n    node_venv_lib --> node_venv_lib_python3_12["python3.12"]\n    node_venv_lib_python3_12 --> node_venv_lib_python3_12_site-packages["site-packages"]\n    node_venv_lib_python3_12_site-packages --> node_venv_lib_python3_12_site-packages_PyQt6["PyQt6"]\n    node_venv_lib_python3_12_site-packages_PyQt6 --> node_venv_lib_python3_12_site-packages_PyQt6_Qt6["Qt6"]\n    node_venv_lib_python3_12_site-packages_PyQt6_Qt6 --> node_venv_lib_python3_12_site-packages_PyQt6_Qt6_translations["translations"]\n    node_venv_lib_python3_12_site-packages_PyQt6_Qt6_translations --> node_venv_lib_python3_12_site-packages_PyQt6_Qt6_translations_qtserialport_en_qm["qtserialport_en.qm"]\n    Root --> node_venv["venv"]\n    node_venv --> node_venv_lib["lib"]\n    node_venv_lib --> node_venv_lib_python3_12["python3.12"]\n    node_venv_lib_python3_12 --> node_venv_lib_python3_12_site-packages["site-packages"]\n    node_venv_lib_python3_12_site-packages --> node_venv_lib_python3_12_site-packages_PyQt6["PyQt6"]\n    node_venv_lib_python3_12_site-packages_PyQt6 --> node_venv_lib_python3_12_site-packages_PyQt6_Qt6["Qt6"]\n    node_venv_lib_python3_12_site-packages_PyQt6_Qt6 --> node_venv_lib_python3_12_site-packages_PyQt6_Qt6_translations["translations"]\n    node_venv_lib_python3_12_site-packages_PyQt6_Qt6_translations --> node_venv_lib_python3_12_site-packages_PyQt6_Qt6_translations_qtserialport_es_qm["qtserialport_es.qm"]\n    Root --> node_venv["venv"]\n    node_venv --> node_venv_lib["lib"]\n    node_venv_lib --> node_venv_lib_python3_12["python3.12"]\n    node_venv_lib_python3_12 --> node_venv_lib_python3_12_site-packages["site-packages"]\n    node_venv_lib_python3_12_site-packages --> node_venv_lib_python3_12_site-packages_PyQt6["PyQt6"]\n    node_venv_lib_python3_12_site-packages_PyQt6 --> node_venv_lib_python3_12_site-packages_PyQt6_Qt6["Qt6"]\n    node_venv_lib_python3_12_site-packages_PyQt6_Qt6 --> node_venv_lib_python3_12_site-packages_PyQt6_Qt6_translations["translations"]\n    node_venv_lib_python3_12_site-packages_PyQt6_Qt6_translations --> node_venv_lib_python3_12_site-packages_PyQt6_Qt6_translations_qtserialport_ja_qm["qtserialport_ja.qm"]\n    Root --> node_venv["venv"]\n    node_venv --> node_venv_lib["lib"]\n    node_venv_lib --> node_venv_lib_python3_12["python3.12"]\n    node_venv_lib_python3_12 --> node_venv_lib_python3_12_site-packages["site-packages"]\n    node_venv_lib_python3_12_site-packages --> node_venv_lib_python3_12_site-packages_PyQt6["PyQt6"]\n    node_venv_lib_python3_12_site-packages_PyQt6 --> node_venv_lib_python3_12_site-packages_PyQt6_Qt6["Qt6"]\n    node_venv_lib_python3_12_site-packages_PyQt6_Qt6 --> node_venv_lib_python3_12_site-packages_PyQt6_Qt6_translations["translations"]\n    node_venv_lib_python3_12_site-packages_PyQt6_Qt6_translations --> node_venv_lib_python3_12_site-packages_PyQt6_Qt6_translations_qtserialport_ka_qm["qtserialport_ka.qm"]\n    Root --> node_venv["venv"]\n    node_venv --> node_venv_lib["lib"]\n    node_venv_lib --> node_venv_lib_python3_12["python3.12"]\n    node_venv_lib_python3_12 --> node_venv_lib_python3_12_site-packages["site-packages"]\n    node_venv_lib_python3_12_site-packages --> node_venv_lib_python3_12_site-packages_PyQt6["PyQt6"]\n    node_venv_lib_python3_12_site-packages_PyQt6 --> node_venv_lib_python3_12_site-packages_PyQt6_Qt6["Qt6"]\n    node_venv_lib_python3_12_site-packages_PyQt6_Qt6 --> node_venv_lib_python3_12_site-packages_PyQt6_Qt6_translations["translations"]\n    node_venv_lib_python3_12_site-packages_PyQt6_Qt6_translations --> node_venv_lib_python3_12_site-packages_PyQt6_Qt6_translations_qtserialport_ko_qm["qtserialport_ko.qm"]\n    Root --> node_venv["venv"]\n    node_venv --> node_venv_lib["lib"]\n    node_venv_lib --> node_venv_lib_python3_12["python3.12"]\n    node_venv_lib_python3_12 --> node_venv_lib_python3_12_site-packages["site-packages"]\n    node_venv_lib_python3_12_site-packages --> node_venv_lib_python3_12_site-packages_PyQt6["PyQt6"]\n    node_venv_lib_python3_12_site-packages_PyQt6 --> node_venv_lib_python3_12_site-packages_PyQt6_Qt6["Qt6"]\n    node_venv_lib_python3_12_site-packages_PyQt6_Qt6 --> node_venv_lib_python3_12_site-packages_PyQt6_Qt6_translations["translations"]\n    node_venv_lib_python3_12_site-packages_PyQt6_Qt6_translations --> node_venv_lib_python3_12_site-packages_PyQt6_Qt6_translations_qtserialport_pl_qm["qtserialport_pl.qm"]\n    Root --> node_venv["venv"]\n    node_venv --> node_venv_lib["lib"]\n    node_venv_lib --> node_venv_lib_python3_12["python3.12"]\n    node_venv_lib_python3_12 --> node_venv_lib_python3_12_site-packages["site-packages"]\n    node_venv_lib_python3_12_site-packages --> node_venv_lib_python3_12_site-packages_PyQt6["PyQt6"]\n    node_venv_lib_python3_12_site-packages_PyQt6 --> node_venv_lib_python3_12_site-packages_PyQt6_Qt6["Qt6"]\n    node_venv_lib_python3_12_site-packages_PyQt6_Qt6 --> node_venv_lib_python3_12_site-packages_PyQt6_Qt6_translations["translations"]\n    node_venv_lib_python3_12_site-packages_PyQt6_Qt6_translations --> node_venv_lib_python3_12_site-packages_PyQt6_Qt6_translations_qtserialport_pt_BR_qm["qtserialport_pt_BR.qm"]\n    Root --> node_venv["venv"]\n    node_venv --> node_venv_lib["lib"]\n    node_venv_lib --> node_venv_lib_python3_12["python3.12"]\n    node_venv_lib_python3_12 --> node_venv_lib_python3_12_site-packages["site-packages"]\n    node_venv_lib_python3_12_site-packages --> node_venv_lib_python3_12_site-packages_PyQt6["PyQt6"]\n    node_venv_lib_python3_12_site-packages_PyQt6 --> node_venv_lib_python3_12_site-packages_PyQt6_Qt6["Qt6"]\n    node_venv_lib_python3_12_site-packages_PyQt6_Qt6 --> node_venv_lib_python3_12_site-packages_PyQt6_Qt6_translations["translations"]\n    node_venv_lib_python3_12_site-packages_PyQt6_Qt6_translations --> node_venv_lib_python3_12_site-packages_PyQt6_Qt6_translations_qtserialport_ru_qm["qtserialport_ru.qm"]\n    Root --> node_venv["venv"]\n    node_venv --> node_venv_lib["lib"]\n    node_venv_lib --> node_venv_lib_python3_12["python3.12"]\n    node_venv_lib_python3_12 --> node_venv_lib_python3_12_site-packages["site-packages"]\n    node_venv_lib_python3_12_site-packages --> node_venv_lib_python3_12_site-packages_PyQt6["PyQt6"]\n    node_venv_lib_python3_12_site-packages_PyQt6 --> node_venv_lib_python3_12_site-packages_PyQt6_Qt6["Qt6"]\n    node_venv_lib_python3_12_site-packages_PyQt6_Qt6 --> node_venv_lib_python3_12_site-packages_PyQt6_Qt6_translations["translations"]\n    node_venv_lib_python3_12_site-packages_PyQt6_Qt6_translations --> node_venv_lib_python3_12_site-packages_PyQt6_Qt6_translations_qtserialport_sv_qm["qtserialport_sv.qm"]\n    Root --> node_venv["venv"]\n    node_venv --> node_venv_lib["lib"]\n    node_venv_lib --> node_venv_lib_python3_12["python3.12"]\n    node_venv_lib_python3_12 --> node_venv_lib_python3_12_site-packages["site-packages"]\n    node_venv_lib_python3_12_site-packages --> node_venv_lib_python3_12_site-packages_PyQt6["PyQt6"]\n    node_venv_lib_python3_12_site-packages_PyQt6 --> node_venv_lib_python3_12_site-packages_PyQt6_Qt6["Qt6"]\n    node_venv_lib_python3_12_site-packages_PyQt6_Qt6 --> node_venv_lib_python3_12_site-packages_PyQt6_Qt6_translations["translations"]\n    node_venv_lib_python3_12_site-packages_PyQt6_Qt6_translations --> node_venv_lib_python3_12_site-packages_PyQt6_Qt6_translations_qtserialport_tr_qm["qtserialport_tr.qm"]\n    Root --> node_venv["venv"]\n    node_venv --> node_venv_lib["lib"]\n    node_venv_lib --> node_venv_lib_python3_12["python3.12"]\n    node_venv_lib_python3_12 --> node_venv_lib_python3_12_site-packages["site-packages"]\n    node_venv_lib_python3_12_site-packages --> node_venv_lib_python3_12_site-packages_PyQt6["PyQt6"]\n    node_venv_lib_python3_12_site-packages_PyQt6 --> node_venv_lib_python3_12_site-packages_PyQt6_Qt6["Qt6"]\n    node_venv_lib_python3_12_site-packages_PyQt6_Qt6 --> node_venv_lib_python3_12_site-packages_PyQt6_Qt6_translations["translations"]\n    node_venv_lib_python3_12_site-packages_PyQt6_Qt6_translations --> node_venv_lib_python3_12_site-packages_PyQt6_Qt6_translations_qtserialport_uk_qm["qtserialport_uk.qm"]\n    Root --> node_venv["venv"]\n    node_venv --> node_venv_lib["lib"]\n    node_venv_lib --> node_venv_lib_python3_12["python3.12"]\n    node_venv_lib_python3_12 --> node_venv_lib_python3_12_site-packages["site-packages"]\n    node_venv_lib_python3_12_site-packages --> node_venv_lib_python3_12_site-packages_PyQt6["PyQt6"]\n    node_venv_lib_python3_12_site-packages_PyQt6 --> node_venv_lib_python3_12_site-packages_PyQt6_Qt6["Qt6"]\n    node_venv_lib_python3_12_site-packages_PyQt6_Qt6 --> node_venv_lib_python3_12_site-packages_PyQt6_Qt6_translations["translations"]\n    node_venv_lib_python3_12_site-packages_PyQt6_Qt6_translations --> node_venv_lib_python3_12_site-packages_PyQt6_Qt6_translations_qtserialport_zh_CN_qm["qtserialport_zh_CN.qm"]\n    Root --> node_venv["venv"]\n    node_venv --> node_venv_lib["lib"]\n    node_venv_lib --> node_venv_lib_python3_12["python3.12"]\n    node_venv_lib_python3_12 --> node_venv_lib_python3_12_site-packages["site-packages"]\n    node_venv_lib_python3_12_site-packages --> node_venv_lib_python3_12_site-packages_PyQt6["PyQt6"]\n    node_venv_lib_python3_12_site-packages_PyQt6 --> node_venv_lib_python3_12_site-packages_PyQt6_Qt6["Qt6"]\n    node_venv_lib_python3_12_site-packages_PyQt6_Qt6 --> node_venv_lib_python3_12_site-packages_PyQt6_Qt6_translations["translations"]\n    node_venv_lib_python3_12_site-packages_PyQt6_Qt6_translations --> node_venv_lib_python3_12_site-packages_PyQt6_Qt6_translations_qtwebsockets_ca_qm["qtwebsockets_ca.qm"]\n    Root --> node_venv["venv"]\n    node_venv --> node_venv_lib["lib"]\n    node_venv_lib --> node_venv_lib_python3_12["python3.12"]\n    node_venv_lib_python3_12 --> node_venv_lib_python3_12_site-packages["site-packages"]\n    node_venv_lib_python3_12_site-packages --> node_venv_lib_python3_12_site-packages_PyQt6["PyQt6"]\n    node_venv_lib_python3_12_site-packages_PyQt6 --> node_venv_lib_python3_12_site-packages_PyQt6_Qt6["Qt6"]\n    node_venv_lib_python3_12_site-packages_PyQt6_Qt6 --> node_venv_lib_python3_12_site-packages_PyQt6_Qt6_translations["translations"]\n    node_venv_lib_python3_12_site-packages_PyQt6_Qt6_translations --> node_venv_lib_python3_12_site-packages_PyQt6_Qt6_translations_qtwebsockets_de_qm["qtwebsockets_de.qm"]\n    Root --> node_venv["venv"]\n    node_venv --> node_venv_lib["lib"]\n    node_venv_lib --> node_venv_lib_python3_12["python3.12"]\n    node_venv_lib_python3_12 --> node_venv_lib_python3_12_site-packages["site-packages"]\n    node_venv_lib_python3_12_site-packages --> node_venv_lib_python3_12_site-packages_PyQt6["PyQt6"]\n    node_venv_lib_python3_12_site-packages_PyQt6 --> node_venv_lib_python3_12_site-packages_PyQt6_Qt6["Qt6"]\n    node_venv_lib_python3_12_site-packages_PyQt6_Qt6 --> node_venv_lib_python3_12_site-packages_PyQt6_Qt6_translations["translations"]\n    node_venv_lib_python3_12_site-packages_PyQt6_Qt6_translations --> node_venv_lib_python3_12_site-packages_PyQt6_Qt6_translations_qtwebsockets_en_qm["qtwebsockets_en.qm"]\n    Root --> node_venv["venv"]\n    node_venv --> node_venv_lib["lib"]\n    node_venv_lib --> node_venv_lib_python3_12["python3.12"]\n    node_venv_lib_python3_12 --> node_venv_lib_python3_12_site-packages["site-packages"]\n    node_venv_lib_python3_12_site-packages --> node_venv_lib_python3_12_site-packages_PyQt6["PyQt6"]\n    node_venv_lib_python3_12_site-packages_PyQt6 --> node_venv_lib_python3_12_site-packages_PyQt6_Qt6["Qt6"]\n    node_venv_lib_python3_12_site-packages_PyQt6_Qt6 --> node_venv_lib_python3_12_site-packages_PyQt6_Qt6_translations["translations"]\n    node_venv_lib_python3_12_site-packages_PyQt6_Qt6_translations --> node_venv_lib_python3_12_site-packages_PyQt6_Qt6_translations_qtwebsockets_es_qm["qtwebsockets_es.qm"]\n    Root --> node_venv["venv"]\n    node_venv --> node_venv_lib["lib"]\n    node_venv_lib --> node_venv_lib_python3_12["python3.12"]\n    node_venv_lib_python3_12 --> node_venv_lib_python3_12_site-packages["site-packages"]\n    node_venv_lib_python3_12_site-packages --> node_venv_lib_python3_12_site-packages_PyQt6["PyQt6"]\n    node_venv_lib_python3_12_site-packages_PyQt6 --> node_venv_lib_python3_12_site-packages_PyQt6_Qt6["Qt6"]\n    node_venv_lib_python3_12_site-packages_PyQt6_Qt6 --> node_venv_lib_python3_12_site-packages_PyQt6_Qt6_translations["translations"]\n    node_venv_lib_python3_12_site-packages_PyQt6_Qt6_translations --> node_venv_lib_python3_12_site-packages_PyQt6_Qt6_translations_qtwebsockets_fr_qm["qtwebsockets_fr.qm"]\n    Root --> node_venv["venv"]\n    node_venv --> node_venv_lib["lib"]\n    node_venv_lib --> node_venv_lib_python3_12["python3.12"]\n    node_venv_lib_python3_12 --> node_venv_lib_python3_12_site-packages["site-packages"]\n    node_venv_lib_python3_12_site-packages --> node_venv_lib_python3_12_site-packages_PyQt6["PyQt6"]\n    node_venv_lib_python3_12_site-packages_PyQt6 --> node_venv_lib_python3_12_site-packages_PyQt6_Qt6["Qt6"]\n    node_venv_lib_python3_12_site-packages_PyQt6_Qt6 --> node_venv_lib_python3_12_site-packages_PyQt6_Qt6_translations["translations"]\n    node_venv_lib_python3_12_site-packages_PyQt6_Qt6_translations --> node_venv_lib_python3_12_site-packages_PyQt6_Qt6_translations_qtwebsockets_ja_qm["qtwebsockets_ja.qm"]\n    Root --> node_venv["venv"]\n    node_venv --> node_venv_lib["lib"]\n    node_venv_lib --> node_venv_lib_python3_12["python3.12"]\n    node_venv_lib_python3_12 --> node_venv_lib_python3_12_site-packages["site-packages"]\n    node_venv_lib_python3_12_site-packages --> node_venv_lib_python3_12_site-packages_PyQt6["PyQt6"]\n    node_venv_lib_python3_12_site-packages_PyQt6 --> node_venv_lib_python3_12_site-packages_PyQt6_Qt6["Qt6"]\n    node_venv_lib_python3_12_site-packages_PyQt6_Qt6 --> node_venv_lib_python3_12_site-packages_PyQt6_Qt6_translations["translations"]\n    node_venv_lib_python3_12_site-packages_PyQt6_Qt6_translations --> node_venv_lib_python3_12_site-packages_PyQt6_Qt6_translations_qtwebsockets_ka_qm["qtwebsockets_ka.qm"]\n    Root --> node_venv["venv"]\n    node_venv --> node_venv_lib["lib"]\n    node_venv_lib --> node_venv_lib_python3_12["python3.12"]\n    node_venv_lib_python3_12 --> node_venv_lib_python3_12_site-packages["site-packages"]\n    node_venv_lib_python3_12_site-packages --> node_venv_lib_python3_12_site-packages_PyQt6["PyQt6"]\n    node_venv_lib_python3_12_site-packages_PyQt6 --> node_venv_lib_python3_12_site-packages_PyQt6_Qt6["Qt6"]\n    node_venv_lib_python3_12_site-packages_PyQt6_Qt6 --> node_venv_lib_python3_12_site-packages_PyQt6_Qt6_translations["translations"]\n    node_venv_lib_python3_12_site-packages_PyQt6_Qt6_translations --> node_venv_lib_python3_12_site-packages_PyQt6_Qt6_translations_qtwebsockets_ko_qm["qtwebsockets_ko.qm"]\n    Root --> node_venv["venv"]\n    node_venv --> node_venv_lib["lib"]\n    node_venv_lib --> node_venv_lib_python3_12["python3.12"]\n    node_venv_lib_python3_12 --> node_venv_lib_python3_12_site-packages["site-packages"]\n    node_venv_lib_python3_12_site-packages --> node_venv_lib_python3_12_site-packages_PyQt6["PyQt6"]\n    node_venv_lib_python3_12_site-packages_PyQt6 --> node_venv_lib_python3_12_site-packages_PyQt6_Qt6["Qt6"]\n    node_venv_lib_python3_12_site-packages_PyQt6_Qt6 --> node_venv_lib_python3_12_site-packages_PyQt6_Qt6_translations["translations"]\n    node_venv_lib_python3_12_site-packages_PyQt6_Qt6_translations --> node_venv_lib_python3_12_site-packages_PyQt6_Qt6_translations_qtwebsockets_pl_qm["qtwebsockets_pl.qm"]\n    Root --> node_venv["venv"]\n    node_venv --> node_venv_lib["lib"]\n    node_venv_lib --> node_venv_lib_python3_12["python3.12"]\n    node_venv_lib_python3_12 --> node_venv_lib_python3_12_site-packages["site-packages"]\n    node_venv_lib_python3_12_site-packages --> node_venv_lib_python3_12_site-packages_PyQt6["PyQt6"]\n    node_venv_lib_python3_12_site-packages_PyQt6 --> node_venv_lib_python3_12_site-packages_PyQt6_Qt6["Qt6"]\n    node_venv_lib_python3_12_site-packages_PyQt6_Qt6 --> node_venv_lib_python3_12_site-packages_PyQt6_Qt6_translations["translations"]\n    node_venv_lib_python3_12_site-packages_PyQt6_Qt6_translations --> node_venv_lib_python3_12_site-packages_PyQt6_Qt6_translations_qtwebsockets_pt_BR_qm["qtwebsockets_pt_BR.qm"]\n    Root --> node_venv["venv"]\n    node_venv --> node_venv_lib["lib"]\n    node_venv_lib --> node_venv_lib_python3_12["python3.12"]\n    node_venv_lib_python3_12 --> node_venv_lib_python3_12_site-packages["site-packages"]\n    node_venv_lib_python3_12_site-packages --> node_venv_lib_python3_12_site-packages_PyQt6["PyQt6"]\n    node_venv_lib_python3_12_site-packages_PyQt6 --> node_venv_lib_python3_12_site-packages_PyQt6_Qt6["Qt6"]\n    node_venv_lib_python3_12_site-packages_PyQt6_Qt6 --> node_venv_lib_python3_12_site-packages_PyQt6_Qt6_translations["translations"]\n    node_venv_lib_python3_12_site-packages_PyQt6_Qt6_translations --> node_venv_lib_python3_12_site-packages_PyQt6_Qt6_translations_qtwebsockets_ru_qm["qtwebsockets_ru.qm"]\n    Root --> node_venv["venv"]\n    node_venv --> node_venv_lib["lib"]\n    node_venv_lib --> node_venv_lib_python3_12["python3.12"]\n    node_venv_lib_python3_12 --> node_venv_lib_python3_12_site-packages["site-packages"]\n    node_venv_lib_python3_12_site-packages --> node_venv_lib_python3_12_site-packages_PyQt6["PyQt6"]\n    node_venv_lib_python3_12_site-packages_PyQt6 --> node_venv_lib_python3_12_site-packages_PyQt6_Qt6["Qt6"]\n    node_venv_lib_python3_12_site-packages_PyQt6_Qt6 --> node_venv_lib_python3_12_site-packages_PyQt6_Qt6_translations["translations"]\n    node_venv_lib_python3_12_site-packages_PyQt6_Qt6_translations --> node_venv_lib_python3_12_site-packages_PyQt6_Qt6_translations_qtwebsockets_sv_qm["qtwebsockets_sv.qm"]\n    Root --> node_venv["venv"]\n    node_venv --> node_venv_lib["lib"]\n    node_venv_lib --> node_venv_lib_python3_12["python3.12"]\n    node_venv_lib_python3_12 --> node_venv_lib_python3_12_site-packages["site-packages"]\n    node_venv_lib_python3_12_site-packages --> node_venv_lib_python3_12_site-packages_PyQt6["PyQt6"]\n    node_venv_lib_python3_12_site-packages_PyQt6 --> node_venv_lib_python3_12_site-packages_PyQt6_Qt6["Qt6"]\n    node_venv_lib_python3_12_site-packages_PyQt6_Qt6 --> node_venv_lib_python3_12_site-packages_PyQt6_Qt6_translations["translations"]\n    node_venv_lib_python3_12_site-packages_PyQt6_Qt6_translations --> node_venv_lib_python3_12_site-packages_PyQt6_Qt6_translations_qtwebsockets_tr_qm["qtwebsockets_tr.qm"]\n    Root --> node_venv["venv"]\n    node_venv --> node_venv_lib["lib"]\n    node_venv_lib --> node_venv_lib_python3_12["python3.12"]\n    node_venv_lib_python3_12 --> node_venv_lib_python3_12_site-packages["site-packages"]\n    node_venv_lib_python3_12_site-packages --> node_venv_lib_python3_12_site-packages_PyQt6["PyQt6"]\n    node_venv_lib_python3_12_site-packages_PyQt6 --> node_venv_lib_python3_12_site-packages_PyQt6_Qt6["Qt6"]\n    node_venv_lib_python3_12_site-packages_PyQt6_Qt6 --> node_venv_lib_python3_12_site-packages_PyQt6_Qt6_translations["translations"]\n    node_venv_lib_python3_12_site-packages_PyQt6_Qt6_translations --> node_venv_lib_python3_12_site-packages_PyQt6_Qt6_translations_qtwebsockets_uk_qm["qtwebsockets_uk.qm"]\n    Root --> node_venv["venv"]\n    node_venv --> node_venv_lib["lib"]\n    node_venv_lib --> node_venv_lib_python3_12["python3.12"]\n    node_venv_lib_python3_12 --> node_venv_lib_python3_12_site-packages["site-packages"]\n    node_venv_lib_python3_12_site-packages --> node_venv_lib_python3_12_site-packages_PyQt6["PyQt6"]\n    node_venv_lib_python3_12_site-packages_PyQt6 --> node_venv_lib_python3_12_site-packages_PyQt6_Qt6["Qt6"]\n    node_venv_lib_python3_12_site-packages_PyQt6_Qt6 --> node_venv_lib_python3_12_site-packages_PyQt6_Qt6_translations["translations"]\n    node_venv_lib_python3_12_site-packages_PyQt6_Qt6_translations --> node_venv_lib_python3_12_site-packages_PyQt6_Qt6_translations_qtwebsockets_zh_CN_qm["qtwebsockets_zh_CN.qm"]\n    Root --> node_venv["venv"]\n    node_venv --> node_venv_lib["lib"]\n    node_venv_lib --> node_venv_lib_python3_12["python3.12"]\n    node_venv_lib_python3_12 --> node_venv_lib_python3_12_site-packages["site-packages"]\n    node_venv_lib_python3_12_site-packages --> node_venv_lib_python3_12_site-packages_PyQt6["PyQt6"]\n    node_venv_lib_python3_12_site-packages_PyQt6 --> node_venv_lib_python3_12_site-packages_PyQt6_bindings["bindings"]\n    node_venv_lib_python3_12_site-packages_PyQt6_bindings --> node_venv_lib_python3_12_site-packages_PyQt6_bindings_QtWebSockets["QtWebSockets"]\n    node_venv_lib_python3_12_site-packages_PyQt6_bindings_QtWebSockets --> node_venv_lib_python3_12_site-packages_PyQt6_bindings_QtWebSockets_QtWebSockets_toml["QtWebSockets.toml"]\n    Root --> node_venv["venv"]\n    node_venv --> node_venv_lib["lib"]\n    node_venv_lib --> node_venv_lib_python3_12["python3.12"]\n    node_venv_lib_python3_12 --> node_venv_lib_python3_12_site-packages["site-packages"]\n    node_venv_lib_python3_12_site-packages --> node_venv_lib_python3_12_site-packages_PyQt6["PyQt6"]\n    node_venv_lib_python3_12_site-packages_PyQt6 --> node_venv_lib_python3_12_site-packages_PyQt6_bindings["bindings"]\n    node_venv_lib_python3_12_site-packages_PyQt6_bindings --> node_venv_lib_python3_12_site-packages_PyQt6_bindings_QtWebSockets["QtWebSockets"]\n    node_venv_lib_python3_12_site-packages_PyQt6_bindings_QtWebSockets --> node_venv_lib_python3_12_site-packages_PyQt6_bindings_QtWebSockets_QtWebSocketsmod_sip["QtWebSocketsmod.sip"]\n    Root --> node_venv["venv"]\n    node_venv --> node_venv_lib["lib"]\n    node_venv_lib --> node_venv_lib_python3_12["python3.12"]\n    node_venv_lib_python3_12 --> node_venv_lib_python3_12_site-packages["site-packages"]\n    node_venv_lib_python3_12_site-packages --> node_venv_lib_python3_12_site-packages_PyQt6["PyQt6"]\n    node_venv_lib_python3_12_site-packages_PyQt6 --> node_venv_lib_python3_12_site-packages_PyQt6_bindings["bindings"]\n    node_venv_lib_python3_12_site-packages_PyQt6_bindings --> node_venv_lib_python3_12_site-packages_PyQt6_bindings_QtWebSockets["QtWebSockets"]\n    node_venv_lib_python3_12_site-packages_PyQt6_bindings_QtWebSockets --> node_venv_lib_python3_12_site-packages_PyQt6_bindings_QtWebSockets_qmaskgenerator_sip["qmaskgenerator.sip"]\n    Root --> node_venv["venv"]\n    node_venv --> node_venv_lib["lib"]\n    node_venv_lib --> node_venv_lib_python3_12["python3.12"]\n    node_venv_lib_python3_12 --> node_venv_lib_python3_12_site-packages["site-packages"]\n    node_venv_lib_python3_12_site-packages --> node_venv_lib_python3_12_site-packages_PyQt6["PyQt6"]\n    node_venv_lib_python3_12_site-packages_PyQt6 --> node_venv_lib_python3_12_site-packages_PyQt6_bindings["bindings"]\n    node_venv_lib_python3_12_site-packages_PyQt6_bindings --> node_venv_lib_python3_12_site-packages_PyQt6_bindings_QtWebSockets["QtWebSockets"]\n    node_venv_lib_python3_12_site-packages_PyQt6_bindings_QtWebSockets --> node_venv_lib_python3_12_site-packages_PyQt6_bindings_QtWebSockets_qwebsocket_sip["qwebsocket.sip"]\n    Root --> node_venv["venv"]\n    node_venv --> node_venv_lib["lib"]\n    node_venv_lib --> node_venv_lib_python3_12["python3.12"]\n    node_venv_lib_python3_12 --> node_venv_lib_python3_12_site-packages["site-packages"]\n    node_venv_lib_python3_12_site-packages --> node_venv_lib_python3_12_site-packages_PyQt6["PyQt6"]\n    node_venv_lib_python3_12_site-packages_PyQt6 --> node_venv_lib_python3_12_site-packages_PyQt6_bindings["bindings"]\n    node_venv_lib_python3_12_site-packages_PyQt6_bindings --> node_venv_lib_python3_12_site-packages_PyQt6_bindings_QtWebSockets["QtWebSockets"]\n    node_venv_lib_python3_12_site-packages_PyQt6_bindings_QtWebSockets --> node_venv_lib_python3_12_site-packages_PyQt6_bindings_QtWebSockets_qwebsocketcorsauthenticator_sip["qwebsocketcorsauthenticator.sip"]\n    Root --> node_venv["venv"]\n    node_venv --> node_venv_lib["lib"]\n    node_venv_lib --> node_venv_lib_python3_12["python3.12"]\n    node_venv_lib_python3_12 --> node_venv_lib_python3_12_site-packages["site-packages"]\n    node_venv_lib_python3_12_site-packages --> node_venv_lib_python3_12_site-packages_PyQt6["PyQt6"]\n    node_venv_lib_python3_12_site-packages_PyQt6 --> node_venv_lib_python3_12_site-packages_PyQt6_bindings["bindings"]\n    node_venv_lib_python3_12_site-packages_PyQt6_bindings --> node_venv_lib_python3_12_site-packages_PyQt6_bindings_QtWebSockets["QtWebSockets"]\n    node_venv_lib_python3_12_site-packages_PyQt6_bindings_QtWebSockets --> node_venv_lib_python3_12_site-packages_PyQt6_bindings_QtWebSockets_qwebsockethandshakeoptions_sip["qwebsockethandshakeoptions.sip"]\n    Root --> node_venv["venv"]\n    node_venv --> node_venv_lib["lib"]\n    node_venv_lib --> node_venv_lib_python3_12["python3.12"]\n    node_venv_lib_python3_12 --> node_venv_lib_python3_12_site-packages["site-packages"]\n    node_venv_lib_python3_12_site-packages --> node_venv_lib_python3_12_site-packages_PyQt6["PyQt6"]\n    node_venv_lib_python3_12_site-packages_PyQt6 --> node_venv_lib_python3_12_site-packages_PyQt6_bindings["bindings"]\n    node_venv_lib_python3_12_site-packages_PyQt6_bindings --> node_venv_lib_python3_12_site-packages_PyQt6_bindings_QtWebSockets["QtWebSockets"]\n    node_venv_lib_python3_12_site-packages_PyQt6_bindings_QtWebSockets --> node_venv_lib_python3_12_site-packages_PyQt6_bindings_QtWebSockets_qwebsocketprotocol_sip["qwebsocketprotocol.sip"]\n    Root --> node_venv["venv"]\n    node_venv --> node_venv_lib["lib"]\n    node_venv_lib --> node_venv_lib_python3_12["python3.12"]\n    node_venv_lib_python3_12 --> node_venv_lib_python3_12_site-packages["site-packages"]\n    node_venv_lib_python3_12_site-packages --> node_venv_lib_python3_12_site-packages_PyQt6["PyQt6"]\n    node_venv_lib_python3_12_site-packages_PyQt6 --> node_venv_lib_python3_12_site-packages_PyQt6_bindings["bindings"]\n    node_venv_lib_python3_12_site-packages_PyQt6_bindings --> node_venv_lib_python3_12_site-packages_PyQt6_bindings_QtWebSockets["QtWebSockets"]\n    node_venv_lib_python3_12_site-packages_PyQt6_bindings_QtWebSockets --> node_venv_lib_python3_12_site-packages_PyQt6_bindings_QtWebSockets_qwebsocketserver_sip["qwebsocketserver.sip"]\n    Root --> node_venv["venv"]\n    node_venv --> node_venv_lib["lib"]\n    node_venv_lib --> node_venv_lib_python3_12["python3.12"]\n    node_venv_lib_python3_12 --> node_venv_lib_python3_12_site-packages["site-packages"]\n    node_venv_lib_python3_12_site-packages --> node_venv_lib_python3_12_site-packages_PyQt6["PyQt6"]\n    node_venv_lib_python3_12_site-packages_PyQt6 --> node_venv_lib_python3_12_site-packages_PyQt6_bindings["bindings"]\n    node_venv_lib_python3_12_site-packages_PyQt6_bindings --> node_venv_lib_python3_12_site-packages_PyQt6_bindings_QtPrintSupport["QtPrintSupport"]\n    node_venv_lib_python3_12_site-packages_PyQt6_bindings_QtPrintSupport --> node_venv_lib_python3_12_site-packages_PyQt6_bindings_QtPrintSupport_QtPrintSupport_toml["QtPrintSupport.toml"]\n    Root --> node_venv["venv"]\n    node_venv --> node_venv_lib["lib"]\n    node_venv_lib --> node_venv_lib_python3_12["python3.12"]\n    node_venv_lib_python3_12 --> node_venv_lib_python3_12_site-packages["site-packages"]\n    node_venv_lib_python3_12_site-packages --> node_venv_lib_python3_12_site-packages_PyQt6["PyQt6"]\n    node_venv_lib_python3_12_site-packages_PyQt6 --> node_venv_lib_python3_12_site-packages_PyQt6_bindings["bindings"]\n    node_venv_lib_python3_12_site-packages_PyQt6_bindings --> node_venv_lib_python3_12_site-packages_PyQt6_bindings_QtPrintSupport["QtPrintSupport"]\n    node_venv_lib_python3_12_site-packages_PyQt6_bindings_QtPrintSupport --> node_venv_lib_python3_12_site-packages_PyQt6_bindings_QtPrintSupport_QtPrintSupportmod_sip["QtPrintSupportmod.sip"]\n    Root --> node_venv["venv"]\n    node_venv --> node_venv_lib["lib"]\n    node_venv_lib --> node_venv_lib_python3_12["python3.12"]\n    node_venv_lib_python3_12 --> node_venv_lib_python3_12_site-packages["site-packages"]\n    node_venv_lib_python3_12_site-packages --> node_venv_lib_python3_12_site-packages_PyQt6["PyQt6"]\n    node_venv_lib_python3_12_site-packages_PyQt6 --> node_venv_lib_python3_12_site-packages_PyQt6_bindings["bindings"]\n    node_venv_lib_python3_12_site-packages_PyQt6_bindings --> node_venv_lib_python3_12_site-packages_PyQt6_bindings_QtPrintSupport["QtPrintSupport"]\n    node_venv_lib_python3_12_site-packages_PyQt6_bindings_QtPrintSupport --> node_venv_lib_python3_12_site-packages_PyQt6_bindings_QtPrintSupport_qabstractprintdialog_sip["qabstractprintdialog.sip"]\n    Root --> node_venv["venv"]\n    node_venv --> node_venv_lib["lib"]\n    node_venv_lib --> node_venv_lib_python3_12["python3.12"]\n    node_venv_lib_python3_12 --> node_venv_lib_python3_12_site-packages["site-packages"]\n    node_venv_lib_python3_12_site-packages --> node_venv_lib_python3_12_site-packages_PyQt6["PyQt6"]\n    node_venv_lib_python3_12_site-packages_PyQt6 --> node_venv_lib_python3_12_site-packages_PyQt6_bindings["bindings"]\n    node_venv_lib_python3_12_site-packages_PyQt6_bindings --> node_venv_lib_python3_12_site-packages_PyQt6_bindings_QtPrintSupport["QtPrintSupport"]\n    node_venv_lib_python3_12_site-packages_PyQt6_bindings_QtPrintSupport --> node_venv_lib_python3_12_site-packages_PyQt6_bindings_QtPrintSupport_qpagesetupdialog_sip["qpagesetupdialog.sip"]\n    Root --> node_venv["venv"]\n    node_venv --> node_venv_lib["lib"]\n    node_venv_lib --> node_venv_lib_python3_12["python3.12"]\n    node_venv_lib_python3_12 --> node_venv_lib_python3_12_site-packages["site-packages"]\n    node_venv_lib_python3_12_site-packages --> node_venv_lib_python3_12_site-packages_PyQt6["PyQt6"]\n    node_venv_lib_python3_12_site-packages_PyQt6 --> node_venv_lib_python3_12_site-packages_PyQt6_bindings["bindings"]\n    node_venv_lib_python3_12_site-packages_PyQt6_bindings --> node_venv_lib_python3_12_site-packages_PyQt6_bindings_QtPrintSupport["QtPrintSupport"]\n    node_venv_lib_python3_12_site-packages_PyQt6_bindings_QtPrintSupport --> node_venv_lib_python3_12_site-packages_PyQt6_bindings_QtPrintSupport_qprintdialog_sip["qprintdialog.sip"]\n    Root --> node_venv["venv"]\n    node_venv --> node_venv_lib["lib"]\n    node_venv_lib --> node_venv_lib_python3_12["python3.12"]\n    node_venv_lib_python3_12 --> node_venv_lib_python3_12_site-packages["site-packages"]\n    node_venv_lib_python3_12_site-packages --> node_venv_lib_python3_12_site-packages_PyQt6["PyQt6"]\n    node_venv_lib_python3_12_site-packages_PyQt6 --> node_venv_lib_python3_12_site-packages_PyQt6_bindings["bindings"]\n    node_venv_lib_python3_12_site-packages_PyQt6_bindings --> node_venv_lib_python3_12_site-packages_PyQt6_bindings_QtPrintSupport["QtPrintSupport"]\n    node_venv_lib_python3_12_site-packages_PyQt6_bindings_QtPrintSupport --> node_venv_lib_python3_12_site-packages_PyQt6_bindings_QtPrintSupport_qprintengine_sip["qprintengine.sip"]\n    Root --> node_venv["venv"]\n    node_venv --> node_venv_lib["lib"]\n    node_venv_lib --> node_venv_lib_python3_12["python3.12"]\n    node_venv_lib_python3_12 --> node_venv_lib_python3_12_site-packages["site-packages"]\n    node_venv_lib_python3_12_site-packages --> node_venv_lib_python3_12_site-packages_PyQt6["PyQt6"]\n    node_venv_lib_python3_12_site-packages_PyQt6 --> node_venv_lib_python3_12_site-packages_PyQt6_bindings["bindings"]\n    node_venv_lib_python3_12_site-packages_PyQt6_bindings --> node_venv_lib_python3_12_site-packages_PyQt6_bindings_QtPrintSupport["QtPrintSupport"]\n    node_venv_lib_python3_12_site-packages_PyQt6_bindings_QtPrintSupport --> node_venv_lib_python3_12_site-packages_PyQt6_bindings_QtPrintSupport_qprinter_sip["qprinter.sip"]\n    Root --> node_venv["venv"]\n    node_venv --> node_venv_lib["lib"]\n    node_venv_lib --> node_venv_lib_python3_12["python3.12"]\n    node_venv_lib_python3_12 --> node_venv_lib_python3_12_site-packages["site-packages"]\n    node_venv_lib_python3_12_site-packages --> node_venv_lib_python3_12_site-packages_PyQt6["PyQt6"]\n    node_venv_lib_python3_12_site-packages_PyQt6 --> node_venv_lib_python3_12_site-packages_PyQt6_bindings["bindings"]\n    node_venv_lib_python3_12_site-packages_PyQt6_bindings --> node_venv_lib_python3_12_site-packages_PyQt6_bindings_QtPrintSupport["QtPrintSupport"]\n    node_venv_lib_python3_12_site-packages_PyQt6_bindings_QtPrintSupport --> node_venv_lib_python3_12_site-packages_PyQt6_bindings_QtPrintSupport_qprinterinfo_sip["qprinterinfo.sip"]\n    Root --> node_venv["venv"]\n    node_venv --> node_venv_lib["lib"]\n    node_venv_lib --> node_venv_lib_python3_12["python3.12"]\n    node_venv_lib_python3_12 --> node_venv_lib_python3_12_site-packages["site-packages"]\n    node_venv_lib_python3_12_site-packages --> node_venv_lib_python3_12_site-packages_PyQt6["PyQt6"]\n    node_venv_lib_python3_12_site-packages_PyQt6 --> node_venv_lib_python3_12_site-packages_PyQt6_bindings["bindings"]\n    node_venv_lib_python3_12_site-packages_PyQt6_bindings --> node_venv_lib_python3_12_site-packages_PyQt6_bindings_QtPrintSupport["QtPrintSupport"]\n    node_venv_lib_python3_12_site-packages_PyQt6_bindings_QtPrintSupport --> node_venv_lib_python3_12_site-packages_PyQt6_bindings_QtPrintSupport_qprintpreviewdialog_sip["qprintpreviewdialog.sip"]\n    Root --> node_venv["venv"]\n    node_venv --> node_venv_lib["lib"]\n    node_venv_lib --> node_venv_lib_python3_12["python3.12"]\n    node_venv_lib_python3_12 --> node_venv_lib_python3_12_site-packages["site-packages"]\n    node_venv_lib_python3_12_site-packages --> node_venv_lib_python3_12_site-packages_PyQt6["PyQt6"]\n    node_venv_lib_python3_12_site-packages_PyQt6 --> node_venv_lib_python3_12_site-packages_PyQt6_bindings["bindings"]\n    node_venv_lib_python3_12_site-packages_PyQt6_bindings --> node_venv_lib_python3_12_site-packages_PyQt6_bindings_QtPrintSupport["QtPrintSupport"]\n    node_venv_lib_python3_12_site-packages_PyQt6_bindings_QtPrintSupport --> node_venv_lib_python3_12_site-packages_PyQt6_bindings_QtPrintSupport_qprintpreviewwidget_sip["qprintpreviewwidget.sip"]\n    Root --> node_venv["venv"]\n    node_venv --> node_venv_lib["lib"]\n    node_venv_lib --> node_venv_lib_python3_12["python3.12"]\n    node_venv_lib_python3_12 --> node_venv_lib_python3_12_site-packages["site-packages"]\n    node_venv_lib_python3_12_site-packages --> node_venv_lib_python3_12_site-packages_PyQt6["PyQt6"]\n    node_venv_lib_python3_12_site-packages_PyQt6 --> node_venv_lib_python3_12_site-packages_PyQt6_bindings["bindings"]\n    node_venv_lib_python3_12_site-packages_PyQt6_bindings --> node_venv_lib_python3_12_site-packages_PyQt6_bindings_QtPrintSupport["QtPrintSupport"]\n    node_venv_lib_python3_12_site-packages_PyQt6_bindings_QtPrintSupport --> node_venv_lib_python3_12_site-packages_PyQt6_bindings_QtPrintSupport_qpyprintsupport_qlist_sip["qpyprintsupport_qlist.sip"]\n    Root --> node_venv["venv"]\n    node_venv --> node_venv_lib["lib"]\n    node_venv_lib --> node_venv_lib_python3_12["python3.12"]\n    node_venv_lib_python3_12 --> node_venv_lib_python3_12_site-packages["site-packages"]\n    node_venv_lib_python3_12_site-packages --> node_venv_lib_python3_12_site-packages_PyQt6["PyQt6"]\n    node_venv_lib_python3_12_site-packages_PyQt6 --> node_venv_lib_python3_12_site-packages_PyQt6_bindings["bindings"]\n    node_venv_lib_python3_12_site-packages_PyQt6_bindings --> node_venv_lib_python3_12_site-packages_PyQt6_bindings_QtOpenGL["QtOpenGL"]\n    node_venv_lib_python3_12_site-packages_PyQt6_bindings_QtOpenGL --> node_venv_lib_python3_12_site-packages_PyQt6_bindings_QtOpenGL_QtOpenGL_toml["QtOpenGL.toml"]\n    Root --> node_venv["venv"]\n    node_venv --> node_venv_lib["lib"]\n    node_venv_lib --> node_venv_lib_python3_12["python3.12"]\n    node_venv_lib_python3_12 --> node_venv_lib_python3_12_site-packages["site-packages"]\n    node_venv_lib_python3_12_site-packages --> node_venv_lib_python3_12_site-packages_PyQt6["PyQt6"]\n    node_venv_lib_python3_12_site-packages_PyQt6 --> node_venv_lib_python3_12_site-packages_PyQt6_bindings["bindings"]\n    node_venv_lib_python3_12_site-packages_PyQt6_bindings --> node_venv_lib_python3_12_site-packages_PyQt6_bindings_QtOpenGL["QtOpenGL"]\n    node_venv_lib_python3_12_site-packages_PyQt6_bindings_QtOpenGL --> node_venv_lib_python3_12_site-packages_PyQt6_bindings_QtOpenGL_QtOpenGLmod_sip["QtOpenGLmod.sip"]\n    Root --> node_venv["venv"]\n    node_venv --> node_venv_lib["lib"]\n    node_venv_lib --> node_venv_lib_python3_12["python3.12"]\n    node_venv_lib_python3_12 --> node_venv_lib_python3_12_site-packages["site-packages"]\n    node_venv_lib_python3_12_site-packages --> node_venv_lib_python3_12_site-packages_PyQt6["PyQt6"]\n    node_venv_lib_python3_12_site-packages_PyQt6 --> node_venv_lib_python3_12_site-packages_PyQt6_bindings["bindings"]\n    node_venv_lib_python3_12_site-packages_PyQt6_bindings --> node_venv_lib_python3_12_site-packages_PyQt6_bindings_QtOpenGL["QtOpenGL"]\n    node_venv_lib_python3_12_site-packages_PyQt6_bindings_QtOpenGL --> node_venv_lib_python3_12_site-packages_PyQt6_bindings_QtOpenGL_qopenglbuffer_sip["qopenglbuffer.sip"]\n    Root --> node_venv["venv"]\n    node_venv --> node_venv_lib["lib"]\n    node_venv_lib --> node_venv_lib_python3_12["python3.12"]\n    node_venv_lib_python3_12 --> node_venv_lib_python3_12_site-packages["site-packages"]\n    node_venv_lib_python3_12_site-packages --> node_venv_lib_python3_12_site-packages_PyQt6["PyQt6"]\n    node_venv_lib_python3_12_site-packages_PyQt6 --> node_venv_lib_python3_12_site-packages_PyQt6_bindings["bindings"]\n    node_venv_lib_python3_12_site-packages_PyQt6_bindings --> node_venv_lib_python3_12_site-packages_PyQt6_bindings_QtOpenGL["QtOpenGL"]\n    node_venv_lib_python3_12_site-packages_PyQt6_bindings_QtOpenGL --> node_venv_lib_python3_12_site-packages_PyQt6_bindings_QtOpenGL_qopengldebug_sip["qopengldebug.sip"]\n    Root --> node_venv["venv"]\n    node_venv --> node_venv_lib["lib"]\n    node_venv_lib --> node_venv_lib_python3_12["python3.12"]\n    node_venv_lib_python3_12 --> node_venv_lib_python3_12_site-packages["site-packages"]\n    node_venv_lib_python3_12_site-packages --> node_venv_lib_python3_12_site-packages_PyQt6["PyQt6"]\n    node_venv_lib_python3_12_site-packages_PyQt6 --> node_venv_lib_python3_12_site-packages_PyQt6_bindings["bindings"]\n    node_venv_lib_python3_12_site-packages_PyQt6_bindings --> node_venv_lib_python3_12_site-packages_PyQt6_bindings_QtOpenGL["QtOpenGL"]\n    node_venv_lib_python3_12_site-packages_PyQt6_bindings_QtOpenGL --> node_venv_lib_python3_12_site-packages_PyQt6_bindings_QtOpenGL_qopenglframebufferobject_sip["qopenglframebufferobject.sip"]\n    Root --> node_venv["venv"]\n    node_venv --> node_venv_lib["lib"]\n    node_venv_lib --> node_venv_lib_python3_12["python3.12"]\n    node_venv_lib_python3_12 --> node_venv_lib_python3_12_site-packages["site-packages"]\n    node_venv_lib_python3_12_site-packages --> node_venv_lib_python3_12_site-packages_PyQt6["PyQt6"]\n    node_venv_lib_python3_12_site-packages_PyQt6 --> node_venv_lib_python3_12_site-packages_PyQt6_bindings["bindings"]\n    node_venv_lib_python3_12_site-packages_PyQt6_bindings --> node_venv_lib_python3_12_site-packages_PyQt6_bindings_QtOpenGL["QtOpenGL"]\n    node_venv_lib_python3_12_site-packages_PyQt6_bindings_QtOpenGL --> node_venv_lib_python3_12_site-packages_PyQt6_bindings_QtOpenGL_qopenglfunctions_2_0_sip["qopenglfunctions_2_0.sip"]\n    Root --> node_venv["venv"]\n    node_venv --> node_venv_lib["lib"]\n    node_venv_lib --> node_venv_lib_python3_12["python3.12"]\n    node_venv_lib_python3_12 --> node_venv_lib_python3_12_site-packages["site-packages"]\n    node_venv_lib_python3_12_site-packages --> node_venv_lib_python3_12_site-packages_PyQt6["PyQt6"]\n    node_venv_lib_python3_12_site-packages_PyQt6 --> node_venv_lib_python3_12_site-packages_PyQt6_bindings["bindings"]\n    node_venv_lib_python3_12_site-packages_PyQt6_bindings --> node_venv_lib_python3_12_site-packages_PyQt6_bindings_QtOpenGL["QtOpenGL"]\n    node_venv_lib_python3_12_site-packages_PyQt6_bindings_QtOpenGL --> node_venv_lib_python3_12_site-packages_PyQt6_bindings_QtOpenGL_qopenglfunctions_2_1_sip["qopenglfunctions_2_1.sip"]\n    Root --> node_venv["venv"]\n    node_venv --> node_venv_lib["lib"]\n    node_venv_lib --> node_venv_lib_python3_12["python3.12"]\n    node_venv_lib_python3_12 --> node_venv_lib_python3_12_site-packages["site-packages"]\n    node_venv_lib_python3_12_site-packages --> node_venv_lib_python3_12_site-packages_PyQt6["PyQt6"]\n    node_venv_lib_python3_12_site-packages_PyQt6 --> node_venv_lib_python3_12_site-packages_PyQt6_bindings["bindings"]\n    node_venv_lib_python3_12_site-packages_PyQt6_bindings --> node_venv_lib_python3_12_site-packages_PyQt6_bindings_QtOpenGL["QtOpenGL"]\n    node_venv_lib_python3_12_site-packages_PyQt6_bindings_QtOpenGL --> node_venv_lib_python3_12_site-packages_PyQt6_bindings_QtOpenGL_qopenglfunctions_4_1_core_sip["qopenglfunctions_4_1_core.sip"]\n    Root --> node_venv["venv"]\n    node_venv --> node_venv_lib["lib"]\n    node_venv_lib --> node_venv_lib_python3_12["python3.12"]\n    node_venv_lib_python3_12 --> node_venv_lib_python3_12_site-packages["site-packages"]\n    node_venv_lib_python3_12_site-packages --> node_venv_lib_python3_12_site-packages_PyQt6["PyQt6"]\n    node_venv_lib_python3_12_site-packages_PyQt6 --> node_venv_lib_python3_12_site-packages_PyQt6_bindings["bindings"]\n    node_venv_lib_python3_12_site-packages_PyQt6_bindings --> node_venv_lib_python3_12_site-packages_PyQt6_bindings_QtOpenGL["QtOpenGL"]\n    node_venv_lib_python3_12_site-packages_PyQt6_bindings_QtOpenGL --> node_venv_lib_python3_12_site-packages_PyQt6_bindings_QtOpenGL_qopenglfunctions_es2_sip["qopenglfunctions_es2.sip"]\n    Root --> node_venv["venv"]\n    node_venv --> node_venv_lib["lib"]\n    node_venv_lib --> node_venv_lib_python3_12["python3.12"]\n    node_venv_lib_python3_12 --> node_venv_lib_python3_12_site-packages["site-packages"]\n    node_venv_lib_python3_12_site-packages --> node_venv_lib_python3_12_site-packages_PyQt6["PyQt6"]\n    node_venv_lib_python3_12_site-packages_PyQt6 --> node_venv_lib_python3_12_site-packages_PyQt6_bindings["bindings"]\n    node_venv_lib_python3_12_site-packages_PyQt6_bindings --> node_venv_lib_python3_12_site-packages_PyQt6_bindings_QtOpenGL["QtOpenGL"]\n    node_venv_lib_python3_12_site-packages_PyQt6_bindings_QtOpenGL --> node_venv_lib_python3_12_site-packages_PyQt6_bindings_QtOpenGL_qopenglpaintdevice_sip["qopenglpaintdevice.sip"]\n    Root --> node_venv["venv"]\n    node_venv --> node_venv_lib["lib"]\n    node_venv_lib --> node_venv_lib_python3_12["python3.12"]\n    node_venv_lib_python3_12 --> node_venv_lib_python3_12_site-packages["site-packages"]\n    node_venv_lib_python3_12_site-packages --> node_venv_lib_python3_12_site-packages_PyQt6["PyQt6"]\n    node_venv_lib_python3_12_site-packages_PyQt6 --> node_venv_lib_python3_12_site-packages_PyQt6_bindings["bindings"]\n    node_venv_lib_python3_12_site-packages_PyQt6_bindings --> node_venv_lib_python3_12_site-packages_PyQt6_bindings_QtOpenGL["QtOpenGL"]\n    node_venv_lib_python3_12_site-packages_PyQt6_bindings_QtOpenGL --> node_venv_lib_python3_12_site-packages_PyQt6_bindings_QtOpenGL_qopenglpixeltransferoptions_sip["qopenglpixeltransferoptions.sip"]\n    Root --> node_venv["venv"]\n    node_venv --> node_venv_lib["lib"]\n    node_venv_lib --> node_venv_lib_python3_12["python3.12"]\n    node_venv_lib_python3_12 --> node_venv_lib_python3_12_site-packages["site-packages"]\n    node_venv_lib_python3_12_site-packages --> node_venv_lib_python3_12_site-packages_PyQt6["PyQt6"]\n    node_venv_lib_python3_12_site-packages_PyQt6 --> node_venv_lib_python3_12_site-packages_PyQt6_bindings["bindings"]\n    node_venv_lib_python3_12_site-packages_PyQt6_bindings --> node_venv_lib_python3_12_site-packages_PyQt6_bindings_QtOpenGL["QtOpenGL"]\n    node_venv_lib_python3_12_site-packages_PyQt6_bindings_QtOpenGL --> node_venv_lib_python3_12_site-packages_PyQt6_bindings_QtOpenGL_qopenglshaderprogram_sip["qopenglshaderprogram.sip"]\n    Root --> node_venv["venv"]\n    node_venv --> node_venv_lib["lib"]\n    node_venv_lib --> node_venv_lib_python3_12["python3.12"]\n    node_venv_lib_python3_12 --> node_venv_lib_python3_12_site-packages["site-packages"]\n    node_venv_lib_python3_12_site-packages --> node_venv_lib_python3_12_site-packages_PyQt6["PyQt6"]\n    node_venv_lib_python3_12_site-packages_PyQt6 --> node_venv_lib_python3_12_site-packages_PyQt6_bindings["bindings"]\n    node_venv_lib_python3_12_site-packages_PyQt6_bindings --> node_venv_lib_python3_12_site-packages_PyQt6_bindings_QtOpenGL["QtOpenGL"]\n    node_venv_lib_python3_12_site-packages_PyQt6_bindings_QtOpenGL --> node_venv_lib_python3_12_site-packages_PyQt6_bindings_QtOpenGL_qopengltexture_sip["qopengltexture.sip"]\n    Root --> node_venv["venv"]\n    node_venv --> node_venv_lib["lib"]\n    node_venv_lib --> node_venv_lib_python3_12["python3.12"]\n    node_venv_lib_python3_12 --> node_venv_lib_python3_12_site-packages["site-packages"]\n    node_venv_lib_python3_12_site-packages --> node_venv_lib_python3_12_site-packages_PyQt6["PyQt6"]\n    node_venv_lib_python3_12_site-packages_PyQt6 --> node_venv_lib_python3_12_site-packages_PyQt6_bindings["bindings"]\n    node_venv_lib_python3_12_site-packages_PyQt6_bindings --> node_venv_lib_python3_12_site-packages_PyQt6_bindings_QtOpenGL["QtOpenGL"]\n    node_venv_lib_python3_12_site-packages_PyQt6_bindings_QtOpenGL --> node_venv_lib_python3_12_site-packages_PyQt6_bindings_QtOpenGL_qopengltextureblitter_sip["qopengltextureblitter.sip"]\n    Root --> node_venv["venv"]\n    node_venv --> node_venv_lib["lib"]\n    node_venv_lib --> node_venv_lib_python3_12["python3.12"]\n    node_venv_lib_python3_12 --> node_venv_lib_python3_12_site-packages["site-packages"]\n    node_venv_lib_python3_12_site-packages --> node_venv_lib_python3_12_site-packages_PyQt6["PyQt6"]\n    node_venv_lib_python3_12_site-packages_PyQt6 --> node_venv_lib_python3_12_site-packages_PyQt6_bindings["bindings"]\n    node_venv_lib_python3_12_site-packages_PyQt6_bindings --> node_venv_lib_python3_12_site-packages_PyQt6_bindings_QtOpenGL["QtOpenGL"]\n    node_venv_lib_python3_12_site-packages_PyQt6_bindings_QtOpenGL --> node_venv_lib_python3_12_site-packages_PyQt6_bindings_QtOpenGL_qopengltimerquery_sip["qopengltimerquery.sip"]\n    Root --> node_venv["venv"]\n    node_venv --> node_venv_lib["lib"]\n    node_venv_lib --> node_venv_lib_python3_12["python3.12"]\n    node_venv_lib_python3_12 --> node_venv_lib_python3_12_site-packages["site-packages"]\n    node_venv_lib_python3_12_site-packages --> node_venv_lib_python3_12_site-packages_PyQt6["PyQt6"]\n    node_venv_lib_python3_12_site-packages_PyQt6 --> node_venv_lib_python3_12_site-packages_PyQt6_bindings["bindings"]\n    node_venv_lib_python3_12_site-packages_PyQt6_bindings --> node_venv_lib_python3_12_site-packages_PyQt6_bindings_QtOpenGL["QtOpenGL"]\n    node_venv_lib_python3_12_site-packages_PyQt6_bindings_QtOpenGL --> node_venv_lib_python3_12_site-packages_PyQt6_bindings_QtOpenGL_qopenglversionfunctions_sip["qopenglversionfunctions.sip"]\n    Root --> node_venv["venv"]\n    node_venv --> node_venv_lib["lib"]\n    node_venv_lib --> node_venv_lib_python3_12["python3.12"]\n    node_venv_lib_python3_12 --> node_venv_lib_python3_12_site-packages["site-packages"]\n    node_venv_lib_python3_12_site-packages --> node_venv_lib_python3_12_site-packages_PyQt6["PyQt6"]\n    node_venv_lib_python3_12_site-packages_PyQt6 --> node_venv_lib_python3_12_site-packages_PyQt6_bindings["bindings"]\n    node_venv_lib_python3_12_site-packages_PyQt6_bindings --> node_venv_lib_python3_12_site-packages_PyQt6_bindings_QtOpenGL["QtOpenGL"]\n    node_venv_lib_python3_12_site-packages_PyQt6_bindings_QtOpenGL --> node_venv_lib_python3_12_site-packages_PyQt6_bindings_QtOpenGL_qopenglversionfunctionsfactory_sip["qopenglversionfunctionsfactory.sip"]\n    Root --> node_venv["venv"]\n    node_venv --> node_venv_lib["lib"]\n    node_venv_lib --> node_venv_lib_python3_12["python3.12"]\n    node_venv_lib_python3_12 --> node_venv_lib_python3_12_site-packages["site-packages"]\n    node_venv_lib_python3_12_site-packages --> node_venv_lib_python3_12_site-packages_PyQt6["PyQt6"]\n    node_venv_lib_python3_12_site-packages_PyQt6 --> node_venv_lib_python3_12_site-packages_PyQt6_bindings["bindings"]\n    node_venv_lib_python3_12_site-packages_PyQt6_bindings --> node_venv_lib_python3_12_site-packages_PyQt6_bindings_QtOpenGL["QtOpenGL"]\n    node_venv_lib_python3_12_site-packages_PyQt6_bindings_QtOpenGL --> node_venv_lib_python3_12_site-packages_PyQt6_bindings_QtOpenGL_qopenglversionprofile_sip["qopenglversionprofile.sip"]\n    Root --> node_venv["venv"]\n    node_venv --> node_venv_lib["lib"]\n    node_venv_lib --> node_venv_lib_python3_12["python3.12"]\n    node_venv_lib_python3_12 --> node_venv_lib_python3_12_site-packages["site-packages"]\n    node_venv_lib_python3_12_site-packages --> node_venv_lib_python3_12_site-packages_PyQt6["PyQt6"]\n    node_venv_lib_python3_12_site-packages_PyQt6 --> node_venv_lib_python3_12_site-packages_PyQt6_bindings["bindings"]\n    node_venv_lib_python3_12_site-packages_PyQt6_bindings --> node_venv_lib_python3_12_site-packages_PyQt6_bindings_QtOpenGL["QtOpenGL"]\n    node_venv_lib_python3_12_site-packages_PyQt6_bindings_QtOpenGL --> node_venv_lib_python3_12_site-packages_PyQt6_bindings_QtOpenGL_qopenglvertexarrayobject_sip["qopenglvertexarrayobject.sip"]\n    Root --> node_venv["venv"]\n    node_venv --> node_venv_lib["lib"]\n    node_venv_lib --> node_venv_lib_python3_12["python3.12"]\n    node_venv_lib_python3_12 --> node_venv_lib_python3_12_site-packages["site-packages"]\n    node_venv_lib_python3_12_site-packages --> node_venv_lib_python3_12_site-packages_PyQt6["PyQt6"]\n    node_venv_lib_python3_12_site-packages_PyQt6 --> node_venv_lib_python3_12_site-packages_PyQt6_bindings["bindings"]\n    node_venv_lib_python3_12_site-packages_PyQt6_bindings --> node_venv_lib_python3_12_site-packages_PyQt6_bindings_QtOpenGL["QtOpenGL"]\n    node_venv_lib_python3_12_site-packages_PyQt6_bindings_QtOpenGL --> node_venv_lib_python3_12_site-packages_PyQt6_bindings_QtOpenGL_qopenglwindow_sip["qopenglwindow.sip"]\n    Root --> node_venv["venv"]\n    node_venv --> node_venv_lib["lib"]\n    node_venv_lib --> node_venv_lib_python3_12["python3.12"]\n    node_venv_lib_python3_12 --> node_venv_lib_python3_12_site-packages["site-packages"]\n    node_venv_lib_python3_12_site-packages --> node_venv_lib_python3_12_site-packages_PyQt6["PyQt6"]\n    node_venv_lib_python3_12_site-packages_PyQt6 --> node_venv_lib_python3_12_site-packages_PyQt6_bindings["bindings"]\n    node_venv_lib_python3_12_site-packages_PyQt6_bindings --> node_venv_lib_python3_12_site-packages_PyQt6_bindings_QtOpenGL["QtOpenGL"]\n    node_venv_lib_python3_12_site-packages_PyQt6_bindings_QtOpenGL --> node_venv_lib_python3_12_site-packages_PyQt6_bindings_QtOpenGL_qpyopengl_qlist_sip["qpyopengl_qlist.sip"]\n    Root --> node_venv["venv"]\n    node_venv --> node_venv_lib["lib"]\n    node_venv_lib --> node_venv_lib_python3_12["python3.12"]\n    node_venv_lib_python3_12 --> node_venv_lib_python3_12_site-packages["site-packages"]\n    node_venv_lib_python3_12_site-packages --> node_venv_lib_python3_12_site-packages_PyQt6["PyQt6"]\n    node_venv_lib_python3_12_site-packages_PyQt6 --> node_venv_lib_python3_12_site-packages_PyQt6_bindings["bindings"]\n    node_venv_lib_python3_12_site-packages_PyQt6_bindings --> node_venv_lib_python3_12_site-packages_PyQt6_bindings_QtOpenGL["QtOpenGL"]\n    node_venv_lib_python3_12_site-packages_PyQt6_bindings_QtOpenGL --> node_venv_lib_python3_12_site-packages_PyQt6_bindings_QtOpenGL_qpyopengl_std_pair_sip["qpyopengl_std_pair.sip"]\n    Root --> node_venv["venv"]\n    node_venv --> node_venv_lib["lib"]\n    node_venv_lib --> node_venv_lib_python3_12["python3.12"]\n    node_venv_lib_python3_12 --> node_venv_lib_python3_12_site-packages["site-packages"]\n    node_venv_lib_python3_12_site-packages --> node_venv_lib_python3_12_site-packages_PyQt6["PyQt6"]\n    node_venv_lib_python3_12_site-packages_PyQt6 --> node_venv_lib_python3_12_site-packages_PyQt6_bindings["bindings"]\n    node_venv_lib_python3_12_site-packages_PyQt6_bindings --> node_venv_lib_python3_12_site-packages_PyQt6_bindings_QtQml["QtQml"]\n    node_venv_lib_python3_12_site-packages_PyQt6_bindings_QtQml --> node_venv_lib_python3_12_site-packages_PyQt6_bindings_QtQml_QtQml_toml["QtQml.toml"]\n    Root --> node_venv["venv"]\n    node_venv --> node_venv_lib["lib"]\n    node_venv_lib --> node_venv_lib_python3_12["python3.12"]\n    node_venv_lib_python3_12 --> node_venv_lib_python3_12_site-packages["site-packages"]\n    node_venv_lib_python3_12_site-packages --> node_venv_lib_python3_12_site-packages_PyQt6["PyQt6"]\n    node_venv_lib_python3_12_site-packages_PyQt6 --> node_venv_lib_python3_12_site-packages_PyQt6_bindings["bindings"]\n    node_venv_lib_python3_12_site-packages_PyQt6_bindings --> node_venv_lib_python3_12_site-packages_PyQt6_bindings_QtQml["QtQml"]\n    node_venv_lib_python3_12_site-packages_PyQt6_bindings_QtQml --> node_venv_lib_python3_12_site-packages_PyQt6_bindings_QtQml_QtQmlmod_sip["QtQmlmod.sip"]\n    Root --> node_venv["venv"]\n    node_venv --> node_venv_lib["lib"]\n    node_venv_lib --> node_venv_lib_python3_12["python3.12"]\n    node_venv_lib_python3_12 --> node_venv_lib_python3_12_site-packages["site-packages"]\n    node_venv_lib_python3_12_site-packages --> node_venv_lib_python3_12_site-packages_PyQt6["PyQt6"]\n    node_venv_lib_python3_12_site-packages_PyQt6 --> node_venv_lib_python3_12_site-packages_PyQt6_bindings["bindings"]\n    node_venv_lib_python3_12_site-packages_PyQt6_bindings --> node_venv_lib_python3_12_site-packages_PyQt6_bindings_QtQml["QtQml"]\n    node_venv_lib_python3_12_site-packages_PyQt6_bindings_QtQml --> node_venv_lib_python3_12_site-packages_PyQt6_bindings_QtQml_qjsengine_sip["qjsengine.sip"]\n    Root --> node_venv["venv"]\n    node_venv --> node_venv_lib["lib"]\n    node_venv_lib --> node_venv_lib_python3_12["python3.12"]\n    node_venv_lib_python3_12 --> node_venv_lib_python3_12_site-packages["site-packages"]\n    node_venv_lib_python3_12_site-packages --> node_venv_lib_python3_12_site-packages_PyQt6["PyQt6"]\n    node_venv_lib_python3_12_site-packages_PyQt6 --> node_venv_lib_python3_12_site-packages_PyQt6_bindings["bindings"]\n    node_venv_lib_python3_12_site-packages_PyQt6_bindings --> node_venv_lib_python3_12_site-packages_PyQt6_bindings_QtQml["QtQml"]\n    node_venv_lib_python3_12_site-packages_PyQt6_bindings_QtQml --> node_venv_lib_python3_12_site-packages_PyQt6_bindings_QtQml_qjsmanagedvalue_sip["qjsmanagedvalue.sip"]\n    Root --> node_venv["venv"]\n    node_venv --> node_venv_lib["lib"]\n    node_venv_lib --> node_venv_lib_python3_12["python3.12"]\n    node_venv_lib_python3_12 --> node_venv_lib_python3_12_site-packages["site-packages"]\n    node_venv_lib_python3_12_site-packages --> node_venv_lib_python3_12_site-packages_PyQt6["PyQt6"]\n    node_venv_lib_python3_12_site-packages_PyQt6 --> node_venv_lib_python3_12_site-packages_PyQt6_bindings["bindings"]\n    node_venv_lib_python3_12_site-packages_PyQt6_bindings --> node_venv_lib_python3_12_site-packages_PyQt6_bindings_QtQml["QtQml"]\n    node_venv_lib_python3_12_site-packages_PyQt6_bindings_QtQml --> node_venv_lib_python3_12_site-packages_PyQt6_bindings_QtQml_qjsprimitivevalue_sip["qjsprimitivevalue.sip"]\n    Root --> node_venv["venv"]\n    node_venv --> node_venv_lib["lib"]\n    node_venv_lib --> node_venv_lib_python3_12["python3.12"]\n    node_venv_lib_python3_12 --> node_venv_lib_python3_12_site-packages["site-packages"]\n    node_venv_lib_python3_12_site-packages --> node_venv_lib_python3_12_site-packages_PyQt6["PyQt6"]\n    node_venv_lib_python3_12_site-packages_PyQt6 --> node_venv_lib_python3_12_site-packages_PyQt6_bindings["bindings"]\n    node_venv_lib_python3_12_site-packages_PyQt6_bindings --> node_venv_lib_python3_12_site-packages_PyQt6_bindings_QtQml["QtQml"]\n    node_venv_lib_python3_12_site-packages_PyQt6_bindings_QtQml --> node_venv_lib_python3_12_site-packages_PyQt6_bindings_QtQml_qjsvalue_sip["qjsvalue.sip"]\n    Root --> node_venv["venv"]\n    node_venv --> node_venv_lib["lib"]\n    node_venv_lib --> node_venv_lib_python3_12["python3.12"]\n    node_venv_lib_python3_12 --> node_venv_lib_python3_12_site-packages["site-packages"]\n    node_venv_lib_python3_12_site-packages --> node_venv_lib_python3_12_site-packages_PyQt6["PyQt6"]\n    node_venv_lib_python3_12_site-packages_PyQt6 --> node_venv_lib_python3_12_site-packages_PyQt6_bindings["bindings"]\n    node_venv_lib_python3_12_site-packages_PyQt6_bindings --> node_venv_lib_python3_12_site-packages_PyQt6_bindings_QtQml["QtQml"]\n    node_venv_lib_python3_12_site-packages_PyQt6_bindings_QtQml --> node_venv_lib_python3_12_site-packages_PyQt6_bindings_QtQml_qjsvalueiterator_sip["qjsvalueiterator.sip"]\n    Root --> node_venv["venv"]\n    node_venv --> node_venv_lib["lib"]\n    node_venv_lib --> node_venv_lib_python3_12["python3.12"]\n    node_venv_lib_python3_12 --> node_venv_lib_python3_12_site-packages["site-packages"]\n    node_venv_lib_python3_12_site-packages --> node_venv_lib_python3_12_site-packages_PyQt6["PyQt6"]\n    node_venv_lib_python3_12_site-packages_PyQt6 --> node_venv_lib_python3_12_site-packages_PyQt6_bindings["bindings"]\n    node_venv_lib_python3_12_site-packages_PyQt6_bindings --> node_venv_lib_python3_12_site-packages_PyQt6_bindings_QtQml["QtQml"]\n    node_venv_lib_python3_12_site-packages_PyQt6_bindings_QtQml --> node_venv_lib_python3_12_site-packages_PyQt6_bindings_QtQml_qmlattachedpropertiesobject_sip["qmlattachedpropertiesobject.sip"]\n    Root --> node_venv["venv"]\n    node_venv --> node_venv_lib["lib"]\n    node_venv_lib --> node_venv_lib_python3_12["python3.12"]\n    node_venv_lib_python3_12 --> node_venv_lib_python3_12_site-packages["site-packages"]\n    node_venv_lib_python3_12_site-packages --> node_venv_lib_python3_12_site-packages_PyQt6["PyQt6"]\n    node_venv_lib_python3_12_site-packages_PyQt6 --> node_venv_lib_python3_12_site-packages_PyQt6_bindings["bindings"]\n    node_venv_lib_python3_12_site-packages_PyQt6_bindings --> node_venv_lib_python3_12_site-packages_PyQt6_bindings_QtQml["QtQml"]\n    node_venv_lib_python3_12_site-packages_PyQt6_bindings_QtQml --> node_venv_lib_python3_12_site-packages_PyQt6_bindings_QtQml_qmlregistertype_sip["qmlregistertype.sip"]\n    Root --> node_venv["venv"]\n    node_venv --> node_venv_lib["lib"]\n    node_venv_lib --> node_venv_lib_python3_12["python3.12"]\n    node_venv_lib_python3_12 --> node_venv_lib_python3_12_site-packages["site-packages"]\n    node_venv_lib_python3_12_site-packages --> node_venv_lib_python3_12_site-packages_PyQt6["PyQt6"]\n    node_venv_lib_python3_12_site-packages_PyQt6 --> node_venv_lib_python3_12_site-packages_PyQt6_bindings["bindings"]\n    node_venv_lib_python3_12_site-packages_PyQt6_bindings --> node_venv_lib_python3_12_site-packages_PyQt6_bindings_QtQml["QtQml"]\n    node_venv_lib_python3_12_site-packages_PyQt6_bindings_QtQml --> node_venv_lib_python3_12_site-packages_PyQt6_bindings_QtQml_qpyqmllistproperty_sip["qpyqmllistproperty.sip"]\n    Root --> node_venv["venv"]\n    node_venv --> node_venv_lib["lib"]\n    node_venv_lib --> node_venv_lib_python3_12["python3.12"]\n    node_venv_lib_python3_12 --> node_venv_lib_python3_12_site-packages["site-packages"]\n    node_venv_lib_python3_12_site-packages --> node_venv_lib_python3_12_site-packages_PyQt6["PyQt6"]\n    node_venv_lib_python3_12_site-packages_PyQt6 --> node_venv_lib_python3_12_site-packages_PyQt6_bindings["bindings"]\n    node_venv_lib_python3_12_site-packages_PyQt6_bindings --> node_venv_lib_python3_12_site-packages_PyQt6_bindings_QtQml["QtQml"]\n    node_venv_lib_python3_12_site-packages_PyQt6_bindings_QtQml --> node_venv_lib_python3_12_site-packages_PyQt6_bindings_QtQml_qqml_sip["qqml.sip"]\n    Root --> node_venv["venv"]\n    node_venv --> node_venv_lib["lib"]\n    node_venv_lib --> node_venv_lib_python3_12["python3.12"]\n    node_venv_lib_python3_12 --> node_venv_lib_python3_12_site-packages["site-packages"]\n    node_venv_lib_python3_12_site-packages --> node_venv_lib_python3_12_site-packages_PyQt6["PyQt6"]\n    node_venv_lib_python3_12_site-packages_PyQt6 --> node_venv_lib_python3_12_site-packages_PyQt6_bindings["bindings"]\n    node_venv_lib_python3_12_site-packages_PyQt6_bindings --> node_venv_lib_python3_12_site-packages_PyQt6_bindings_QtQml["QtQml"]\n    node_venv_lib_python3_12_site-packages_PyQt6_bindings_QtQml --> node_venv_lib_python3_12_site-packages_PyQt6_bindings_QtQml_qqmlabstracturlinterceptor_sip["qqmlabstracturlinterceptor.sip"]\n    Root --> node_venv["venv"]\n    node_venv --> node_venv_lib["lib"]\n    node_venv_lib --> node_venv_lib_python3_12["python3.12"]\n    node_venv_lib_python3_12 --> node_venv_lib_python3_12_site-packages["site-packages"]\n    node_venv_lib_python3_12_site-packages --> node_venv_lib_python3_12_site-packages_PyQt6["PyQt6"]\n    node_venv_lib_python3_12_site-packages_PyQt6 --> node_venv_lib_python3_12_site-packages_PyQt6_bindings["bindings"]\n    node_venv_lib_python3_12_site-packages_PyQt6_bindings --> node_venv_lib_python3_12_site-packages_PyQt6_bindings_QtQml["QtQml"]\n    node_venv_lib_python3_12_site-packages_PyQt6_bindings_QtQml --> node_venv_lib_python3_12_site-packages_PyQt6_bindings_QtQml_qqmlapplicationengine_sip["qqmlapplicationengine.sip"]\n    Root --> node_venv["venv"]\n    node_venv --> node_venv_lib["lib"]\n    node_venv_lib --> node_venv_lib_python3_12["python3.12"]\n    node_venv_lib_python3_12 --> node_venv_lib_python3_12_site-packages["site-packages"]\n    node_venv_lib_python3_12_site-packages --> node_venv_lib_python3_12_site-packages_PyQt6["PyQt6"]\n    node_venv_lib_python3_12_site-packages_PyQt6 --> node_venv_lib_python3_12_site-packages_PyQt6_bindings["bindings"]\n    node_venv_lib_python3_12_site-packages_PyQt6_bindings --> node_venv_lib_python3_12_site-packages_PyQt6_bindings_QtQml["QtQml"]\n    node_venv_lib_python3_12_site-packages_PyQt6_bindings_QtQml --> node_venv_lib_python3_12_site-packages_PyQt6_bindings_QtQml_qqmlcomponent_sip["qqmlcomponent.sip"]\n    Root --> node_venv["venv"]\n    node_venv --> node_venv_lib["lib"]\n    node_venv_lib --> node_venv_lib_python3_12["python3.12"]\n    node_venv_lib_python3_12 --> node_venv_lib_python3_12_site-packages["site-packages"]\n    node_venv_lib_python3_12_site-packages --> node_venv_lib_python3_12_site-packages_PyQt6["PyQt6"]\n    node_venv_lib_python3_12_site-packages_PyQt6 --> node_venv_lib_python3_12_site-packages_PyQt6_bindings["bindings"]\n    node_venv_lib_python3_12_site-packages_PyQt6_bindings --> node_venv_lib_python3_12_site-packages_PyQt6_bindings_QtQml["QtQml"]\n    node_venv_lib_python3_12_site-packages_PyQt6_bindings_QtQml --> node_venv_lib_python3_12_site-packages_PyQt6_bindings_QtQml_qqmlcontext_sip["qqmlcontext.sip"]\n    Root --> node_venv["venv"]\n    node_venv --> node_venv_lib["lib"]\n    node_venv_lib --> node_venv_lib_python3_12["python3.12"]\n    node_venv_lib_python3_12 --> node_venv_lib_python3_12_site-packages["site-packages"]\n    node_venv_lib_python3_12_site-packages --> node_venv_lib_python3_12_site-packages_PyQt6["PyQt6"]\n    node_venv_lib_python3_12_site-packages_PyQt6 --> node_venv_lib_python3_12_site-packages_PyQt6_bindings["bindings"]\n    node_venv_lib_python3_12_site-packages_PyQt6_bindings --> node_venv_lib_python3_12_site-packages_PyQt6_bindings_QtQml["QtQml"]\n    node_venv_lib_python3_12_site-packages_PyQt6_bindings_QtQml --> node_venv_lib_python3_12_site-packages_PyQt6_bindings_QtQml_qqmlengine_sip["qqmlengine.sip"]\n    Root --> node_venv["venv"]\n    node_venv --> node_venv_lib["lib"]\n    node_venv_lib --> node_venv_lib_python3_12["python3.12"]\n    node_venv_lib_python3_12 --> node_venv_lib_python3_12_site-packages["site-packages"]\n    node_venv_lib_python3_12_site-packages --> node_venv_lib_python3_12_site-packages_PyQt6["PyQt6"]\n    node_venv_lib_python3_12_site-packages_PyQt6 --> node_venv_lib_python3_12_site-packages_PyQt6_bindings["bindings"]\n    node_venv_lib_python3_12_site-packages_PyQt6_bindings --> node_venv_lib_python3_12_site-packages_PyQt6_bindings_QtQml["QtQml"]\n    node_venv_lib_python3_12_site-packages_PyQt6_bindings_QtQml --> node_venv_lib_python3_12_site-packages_PyQt6_bindings_QtQml_qqmlerror_sip["qqmlerror.sip"]\n    Root --> node_venv["venv"]\n    node_venv --> node_venv_lib["lib"]\n    node_venv_lib --> node_venv_lib_python3_12["python3.12"]\n    node_venv_lib_python3_12 --> node_venv_lib_python3_12_site-packages["site-packages"]\n    node_venv_lib_python3_12_site-packages --> node_venv_lib_python3_12_site-packages_PyQt6["PyQt6"]\n    node_venv_lib_python3_12_site-packages_PyQt6 --> node_venv_lib_python3_12_site-packages_PyQt6_bindings["bindings"]\n    node_venv_lib_python3_12_site-packages_PyQt6_bindings --> node_venv_lib_python3_12_site-packages_PyQt6_bindings_QtQml["QtQml"]\n    node_venv_lib_python3_12_site-packages_PyQt6_bindings_QtQml --> node_venv_lib_python3_12_site-packages_PyQt6_bindings_QtQml_qqmlexpression_sip["qqmlexpression.sip"]\n    Root --> node_venv["venv"]\n    node_venv --> node_venv_lib["lib"]\n    node_venv_lib --> node_venv_lib_python3_12["python3.12"]\n    node_venv_lib_python3_12 --> node_venv_lib_python3_12_site-packages["site-packages"]\n    node_venv_lib_python3_12_site-packages --> node_venv_lib_python3_12_site-packages_PyQt6["PyQt6"]\n    node_venv_lib_python3_12_site-packages_PyQt6 --> node_venv_lib_python3_12_site-packages_PyQt6_bindings["bindings"]\n    node_venv_lib_python3_12_site-packages_PyQt6_bindings --> node_venv_lib_python3_12_site-packages_PyQt6_bindings_QtQml["QtQml"]\n    node_venv_lib_python3_12_site-packages_PyQt6_bindings_QtQml --> node_venv_lib_python3_12_site-packages_PyQt6_bindings_QtQml_qqmlextensionplugin_sip["qqmlextensionplugin.sip"]\n    Root --> node_venv["venv"]\n    node_venv --> node_venv_lib["lib"]\n    node_venv_lib --> node_venv_lib_python3_12["python3.12"]\n    node_venv_lib_python3_12 --> node_venv_lib_python3_12_site-packages["site-packages"]\n    node_venv_lib_python3_12_site-packages --> node_venv_lib_python3_12_site-packages_PyQt6["PyQt6"]\n    node_venv_lib_python3_12_site-packages_PyQt6 --> node_venv_lib_python3_12_site-packages_PyQt6_bindings["bindings"]\n    node_venv_lib_python3_12_site-packages_PyQt6_bindings --> node_venv_lib_python3_12_site-packages_PyQt6_bindings_QtQml["QtQml"]\n    node_venv_lib_python3_12_site-packages_PyQt6_bindings_QtQml --> node_venv_lib_python3_12_site-packages_PyQt6_bindings_QtQml_qqmlfileselector_sip["qqmlfileselector.sip"]\n    Root --> node_venv["venv"]\n    node_venv --> node_venv_lib["lib"]\n    node_venv_lib --> node_venv_lib_python3_12["python3.12"]\n    node_venv_lib_python3_12 --> node_venv_lib_python3_12_site-packages["site-packages"]\n    node_venv_lib_python3_12_site-packages --> node_venv_lib_python3_12_site-packages_PyQt6["PyQt6"]\n    node_venv_lib_python3_12_site-packages_PyQt6 --> node_venv_lib_python3_12_site-packages_PyQt6_bindings["bindings"]\n    node_venv_lib_python3_12_site-packages_PyQt6_bindings --> node_venv_lib_python3_12_site-packages_PyQt6_bindings_QtQml["QtQml"]\n    node_venv_lib_python3_12_site-packages_PyQt6_bindings_QtQml --> node_venv_lib_python3_12_site-packages_PyQt6_bindings_QtQml_qqmlincubator_sip["qqmlincubator.sip"]\n    Root --> node_venv["venv"]\n    node_venv --> node_venv_lib["lib"]\n    node_venv_lib --> node_venv_lib_python3_12["python3.12"]\n    node_venv_lib_python3_12 --> node_venv_lib_python3_12_site-packages["site-packages"]\n    node_venv_lib_python3_12_site-packages --> node_venv_lib_python3_12_site-packages_PyQt6["PyQt6"]\n    node_venv_lib_python3_12_site-packages_PyQt6 --> node_venv_lib_python3_12_site-packages_PyQt6_bindings["bindings"]\n    node_venv_lib_python3_12_site-packages_PyQt6_bindings --> node_venv_lib_python3_12_site-packages_PyQt6_bindings_QtQml["QtQml"]\n    node_venv_lib_python3_12_site-packages_PyQt6_bindings_QtQml --> node_venv_lib_python3_12_site-packages_PyQt6_bindings_QtQml_qqmllist_sip["qqmllist.sip"]\n    Root --> node_venv["venv"]\n    node_venv --> node_venv_lib["lib"]\n    node_venv_lib --> node_venv_lib_python3_12["python3.12"]\n    node_venv_lib_python3_12 --> node_venv_lib_python3_12_site-packages["site-packages"]\n    node_venv_lib_python3_12_site-packages --> node_venv_lib_python3_12_site-packages_PyQt6["PyQt6"]\n    node_venv_lib_python3_12_site-packages_PyQt6 --> node_venv_lib_python3_12_site-packages_PyQt6_bindings["bindings"]\n    node_venv_lib_python3_12_site-packages_PyQt6_bindings --> node_venv_lib_python3_12_site-packages_PyQt6_bindings_QtQml["QtQml"]\n    node_venv_lib_python3_12_site-packages_PyQt6_bindings_QtQml --> node_venv_lib_python3_12_site-packages_PyQt6_bindings_QtQml_qqmlnetworkaccessmanagerfactory_sip["qqmlnetworkaccessmanagerfactory.sip"]\n    Root --> node_venv["venv"]\n    node_venv --> node_venv_lib["lib"]\n    node_venv_lib --> node_venv_lib_python3_12["python3.12"]\n    node_venv_lib_python3_12 --> node_venv_lib_python3_12_site-packages["site-packages"]\n    node_venv_lib_python3_12_site-packages --> node_venv_lib_python3_12_site-packages_PyQt6["PyQt6"]\n    node_venv_lib_python3_12_site-packages_PyQt6 --> node_venv_lib_python3_12_site-packages_PyQt6_bindings["bindings"]\n    node_venv_lib_python3_12_site-packages_PyQt6_bindings --> node_venv_lib_python3_12_site-packages_PyQt6_bindings_QtQml["QtQml"]\n    node_venv_lib_python3_12_site-packages_PyQt6_bindings_QtQml --> node_venv_lib_python3_12_site-packages_PyQt6_bindings_QtQml_qqmlparserstatus_sip["qqmlparserstatus.sip"]\n    Root --> node_venv["venv"]\n    node_venv --> node_venv_lib["lib"]\n    node_venv_lib --> node_venv_lib_python3_12["python3.12"]\n    node_venv_lib_python3_12 --> node_venv_lib_python3_12_site-packages["site-packages"]\n    node_venv_lib_python3_12_site-packages --> node_venv_lib_python3_12_site-packages_PyQt6["PyQt6"]\n    node_venv_lib_python3_12_site-packages_PyQt6 --> node_venv_lib_python3_12_site-packages_PyQt6_bindings["bindings"]\n    node_venv_lib_python3_12_site-packages_PyQt6_bindings --> node_venv_lib_python3_12_site-packages_PyQt6_bindings_QtQml["QtQml"]\n    node_venv_lib_python3_12_site-packages_PyQt6_bindings_QtQml --> node_venv_lib_python3_12_site-packages_PyQt6_bindings_QtQml_qqmlproperty_sip["qqmlproperty.sip"]\n    Root --> node_venv["venv"]\n    node_venv --> node_venv_lib["lib"]\n    node_venv_lib --> node_venv_lib_python3_12["python3.12"]\n    node_venv_lib_python3_12 --> node_venv_lib_python3_12_site-packages["site-packages"]\n    node_venv_lib_python3_12_site-packages --> node_venv_lib_python3_12_site-packages_PyQt6["PyQt6"]\n    node_venv_lib_python3_12_site-packages_PyQt6 --> node_venv_lib_python3_12_site-packages_PyQt6_bindings["bindings"]\n    node_venv_lib_python3_12_site-packages_PyQt6_bindings --> node_venv_lib_python3_12_site-packages_PyQt6_bindings_QtQml["QtQml"]\n    node_venv_lib_python3_12_site-packages_PyQt6_bindings_QtQml --> node_venv_lib_python3_12_site-packages_PyQt6_bindings_QtQml_qqmlpropertymap_sip["qqmlpropertymap.sip"]\n    Root --> node_venv["venv"]\n    node_venv --> node_venv_lib["lib"]\n    node_venv_lib --> node_venv_lib_python3_12["python3.12"]\n    node_venv_lib_python3_12 --> node_venv_lib_python3_12_site-packages["site-packages"]\n    node_venv_lib_python3_12_site-packages --> node_venv_lib_python3_12_site-packages_PyQt6["PyQt6"]\n    node_venv_lib_python3_12_site-packages_PyQt6 --> node_venv_lib_python3_12_site-packages_PyQt6_bindings["bindings"]\n    node_venv_lib_python3_12_site-packages_PyQt6_bindings --> node_venv_lib_python3_12_site-packages_PyQt6_bindings_QtQml["QtQml"]\n    node_venv_lib_python3_12_site-packages_PyQt6_bindings_QtQml --> node_venv_lib_python3_12_site-packages_PyQt6_bindings_QtQml_qqmlpropertyvaluesource_sip["qqmlpropertyvaluesource.sip"]\n    Root --> node_venv["venv"]\n    node_venv --> node_venv_lib["lib"]\n    node_venv_lib --> node_venv_lib_python3_12["python3.12"]\n    node_venv_lib_python3_12 --> node_venv_lib_python3_12_site-packages["site-packages"]\n    node_venv_lib_python3_12_site-packages --> node_venv_lib_python3_12_site-packages_PyQt6["PyQt6"]\n    node_venv_lib_python3_12_site-packages_PyQt6 --> node_venv_lib_python3_12_site-packages_PyQt6_bindings["bindings"]\n    node_venv_lib_python3_12_site-packages_PyQt6_bindings --> node_venv_lib_python3_12_site-packages_PyQt6_bindings_QtQml["QtQml"]\n    node_venv_lib_python3_12_site-packages_PyQt6_bindings_QtQml --> node_venv_lib_python3_12_site-packages_PyQt6_bindings_QtQml_qqmlscriptstring_sip["qqmlscriptstring.sip"]\n    Root --> node_venv["venv"]\n    node_venv --> node_venv_lib["lib"]\n    node_venv_lib --> node_venv_lib_python3_12["python3.12"]\n    node_venv_lib_python3_12 --> node_venv_lib_python3_12_site-packages["site-packages"]\n    node_venv_lib_python3_12_site-packages --> node_venv_lib_python3_12_site-packages_PyQt6["PyQt6"]\n    node_venv_lib_python3_12_site-packages_PyQt6 --> node_venv_lib_python3_12_site-packages_PyQt6_bindings["bindings"]\n    node_venv_lib_python3_12_site-packages_PyQt6_bindings --> node_venv_lib_python3_12_site-packages_PyQt6_bindings_QtBluetooth["QtBluetooth"]\n    node_venv_lib_python3_12_site-packages_PyQt6_bindings_QtBluetooth --> node_venv_lib_python3_12_site-packages_PyQt6_bindings_QtBluetooth_QtBluetooth_toml["QtBluetooth.toml"]\n    Root --> node_venv["venv"]\n    node_venv --> node_venv_lib["lib"]\n    node_venv_lib --> node_venv_lib_python3_12["python3.12"]\n    node_venv_lib_python3_12 --> node_venv_lib_python3_12_site-packages["site-packages"]\n    node_venv_lib_python3_12_site-packages --> node_venv_lib_python3_12_site-packages_PyQt6["PyQt6"]\n    node_venv_lib_python3_12_site-packages_PyQt6 --> node_venv_lib_python3_12_site-packages_PyQt6_bindings["bindings"]\n    node_venv_lib_python3_12_site-packages_PyQt6_bindings --> node_venv_lib_python3_12_site-packages_PyQt6_bindings_QtBluetooth["QtBluetooth"]\n    node_venv_lib_python3_12_site-packages_PyQt6_bindings_QtBluetooth --> node_venv_lib_python3_12_site-packages_PyQt6_bindings_QtBluetooth_QtBluetoothmod_sip["QtBluetoothmod.sip"]\n    Root --> node_venv["venv"]\n    node_venv --> node_venv_lib["lib"]\n    node_venv_lib --> node_venv_lib_python3_12["python3.12"]\n    node_venv_lib_python3_12 --> node_venv_lib_python3_12_site-packages["site-packages"]\n    node_venv_lib_python3_12_site-packages --> node_venv_lib_python3_12_site-packages_PyQt6["PyQt6"]\n    node_venv_lib_python3_12_site-packages_PyQt6 --> node_venv_lib_python3_12_site-packages_PyQt6_bindings["bindings"]\n    node_venv_lib_python3_12_site-packages_PyQt6_bindings --> node_venv_lib_python3_12_site-packages_PyQt6_bindings_QtBluetooth["QtBluetooth"]\n    node_venv_lib_python3_12_site-packages_PyQt6_bindings_QtBluetooth --> node_venv_lib_python3_12_site-packages_PyQt6_bindings_QtBluetooth_qbluetooth_sip["qbluetooth.sip"]\n    Root --> node_venv["venv"]\n    node_venv --> node_venv_lib["lib"]\n    node_venv_lib --> node_venv_lib_python3_12["python3.12"]\n    node_venv_lib_python3_12 --> node_venv_lib_python3_12_site-packages["site-packages"]\n    node_venv_lib_python3_12_site-packages --> node_venv_lib_python3_12_site-packages_PyQt6["PyQt6"]\n    node_venv_lib_python3_12_site-packages_PyQt6 --> node_venv_lib_python3_12_site-packages_PyQt6_bindings["bindings"]\n    node_venv_lib_python3_12_site-packages_PyQt6_bindings --> node_venv_lib_python3_12_site-packages_PyQt6_bindings_QtBluetooth["QtBluetooth"]\n    node_venv_lib_python3_12_site-packages_PyQt6_bindings_QtBluetooth --> node_venv_lib_python3_12_site-packages_PyQt6_bindings_QtBluetooth_qbluetoothaddress_sip["qbluetoothaddress.sip"]\n    Root --> node_venv["venv"]\n    node_venv --> node_venv_lib["lib"]\n    node_venv_lib --> node_venv_lib_python3_12["python3.12"]\n    node_venv_lib_python3_12 --> node_venv_lib_python3_12_site-packages["site-packages"]\n    node_venv_lib_python3_12_site-packages --> node_venv_lib_python3_12_site-packages_PyQt6["PyQt6"]\n    node_venv_lib_python3_12_site-packages_PyQt6 --> node_venv_lib_python3_12_site-packages_PyQt6_bindings["bindings"]\n    node_venv_lib_python3_12_site-packages_PyQt6_bindings --> node_venv_lib_python3_12_site-packages_PyQt6_bindings_QtBluetooth["QtBluetooth"]\n    node_venv_lib_python3_12_site-packages_PyQt6_bindings_QtBluetooth --> node_venv_lib_python3_12_site-packages_PyQt6_bindings_QtBluetooth_qbluetoothdevicediscoveryagent_sip["qbluetoothdevicediscoveryagent.sip"]\n    Root --> node_venv["venv"]\n    node_venv --> node_venv_lib["lib"]\n    node_venv_lib --> node_venv_lib_python3_12["python3.12"]\n    node_venv_lib_python3_12 --> node_venv_lib_python3_12_site-packages["site-packages"]\n    node_venv_lib_python3_12_site-packages --> node_venv_lib_python3_12_site-packages_PyQt6["PyQt6"]\n    node_venv_lib_python3_12_site-packages_PyQt6 --> node_venv_lib_python3_12_site-packages_PyQt6_bindings["bindings"]\n    node_venv_lib_python3_12_site-packages_PyQt6_bindings --> node_venv_lib_python3_12_site-packages_PyQt6_bindings_QtBluetooth["QtBluetooth"]\n    node_venv_lib_python3_12_site-packages_PyQt6_bindings_QtBluetooth --> node_venv_lib_python3_12_site-packages_PyQt6_bindings_QtBluetooth_qbluetoothdeviceinfo_sip["qbluetoothdeviceinfo.sip"]\n    Root --> node_venv["venv"]\n    node_venv --> node_venv_lib["lib"]\n    node_venv_lib --> node_venv_lib_python3_12["python3.12"]\n    node_venv_lib_python3_12 --> node_venv_lib_python3_12_site-packages["site-packages"]\n    node_venv_lib_python3_12_site-packages --> node_venv_lib_python3_12_site-packages_PyQt6["PyQt6"]\n    node_venv_lib_python3_12_site-packages_PyQt6 --> node_venv_lib_python3_12_site-packages_PyQt6_bindings["bindings"]\n    node_venv_lib_python3_12_site-packages_PyQt6_bindings --> node_venv_lib_python3_12_site-packages_PyQt6_bindings_QtBluetooth["QtBluetooth"]\n    node_venv_lib_python3_12_site-packages_PyQt6_bindings_QtBluetooth --> node_venv_lib_python3_12_site-packages_PyQt6_bindings_QtBluetooth_qbluetoothhostinfo_sip["qbluetoothhostinfo.sip"]\n    Root --> node_venv["venv"]\n    node_venv --> node_venv_lib["lib"]\n    node_venv_lib --> node_venv_lib_python3_12["python3.12"]\n    node_venv_lib_python3_12 --> node_venv_lib_python3_12_site-packages["site-packages"]\n    node_venv_lib_python3_12_site-packages --> node_venv_lib_python3_12_site-packages_PyQt6["PyQt6"]\n    node_venv_lib_python3_12_site-packages_PyQt6 --> node_venv_lib_python3_12_site-packages_PyQt6_bindings["bindings"]\n    node_venv_lib_python3_12_site-packages_PyQt6_bindings --> node_venv_lib_python3_12_site-packages_PyQt6_bindings_QtBluetooth["QtBluetooth"]\n    node_venv_lib_python3_12_site-packages_PyQt6_bindings_QtBluetooth --> node_venv_lib_python3_12_site-packages_PyQt6_bindings_QtBluetooth_qbluetoothlocaldevice_sip["qbluetoothlocaldevice.sip"]\n    Root --> node_venv["venv"]\n    node_venv --> node_venv_lib["lib"]\n    node_venv_lib --> node_venv_lib_python3_12["python3.12"]\n    node_venv_lib_python3_12 --> node_venv_lib_python3_12_site-packages["site-packages"]\n    node_venv_lib_python3_12_site-packages --> node_venv_lib_python3_12_site-packages_PyQt6["PyQt6"]\n    node_venv_lib_python3_12_site-packages_PyQt6 --> node_venv_lib_python3_12_site-packages_PyQt6_bindings["bindings"]\n    node_venv_lib_python3_12_site-packages_PyQt6_bindings --> node_venv_lib_python3_12_site-packages_PyQt6_bindings_QtBluetooth["QtBluetooth"]\n    node_venv_lib_python3_12_site-packages_PyQt6_bindings_QtBluetooth --> node_venv_lib_python3_12_site-packages_PyQt6_bindings_QtBluetooth_qbluetoothserver_sip["qbluetoothserver.sip"]\n    Root --> node_venv["venv"]\n    node_venv --> node_venv_lib["lib"]\n    node_venv_lib --> node_venv_lib_python3_12["python3.12"]\n    node_venv_lib_python3_12 --> node_venv_lib_python3_12_site-packages["site-packages"]\n    node_venv_lib_python3_12_site-packages --> node_venv_lib_python3_12_site-packages_PyQt6["PyQt6"]\n    node_venv_lib_python3_12_site-packages_PyQt6 --> node_venv_lib_python3_12_site-packages_PyQt6_bindings["bindings"]\n    node_venv_lib_python3_12_site-packages_PyQt6_bindings --> node_venv_lib_python3_12_site-packages_PyQt6_bindings_QtBluetooth["QtBluetooth"]\n    node_venv_lib_python3_12_site-packages_PyQt6_bindings_QtBluetooth --> node_venv_lib_python3_12_site-packages_PyQt6_bindings_QtBluetooth_qbluetoothservicediscoveryagent_sip["qbluetoothservicediscoveryagent.sip"]\n    Root --> node_venv["venv"]\n    node_venv --> node_venv_lib["lib"]\n    node_venv_lib --> node_venv_lib_python3_12["python3.12"]\n    node_venv_lib_python3_12 --> node_venv_lib_python3_12_site-packages["site-packages"]\n    node_venv_lib_python3_12_site-packages --> node_venv_lib_python3_12_site-packages_PyQt6["PyQt6"]\n    node_venv_lib_python3_12_site-packages_PyQt6 --> node_venv_lib_python3_12_site-packages_PyQt6_bindings["bindings"]\n    node_venv_lib_python3_12_site-packages_PyQt6_bindings --> node_venv_lib_python3_12_site-packages_PyQt6_bindings_QtBluetooth["QtBluetooth"]\n    node_venv_lib_python3_12_site-packages_PyQt6_bindings_QtBluetooth --> node_venv_lib_python3_12_site-packages_PyQt6_bindings_QtBluetooth_qbluetoothserviceinfo_sip["qbluetoothserviceinfo.sip"]\n    Root --> node_venv["venv"]\n    node_venv --> node_venv_lib["lib"]\n    node_venv_lib --> node_venv_lib_python3_12["python3.12"]\n    node_venv_lib_python3_12 --> node_venv_lib_python3_12_site-packages["site-packages"]\n    node_venv_lib_python3_12_site-packages --> node_venv_lib_python3_12_site-packages_PyQt6["PyQt6"]\n    node_venv_lib_python3_12_site-packages_PyQt6 --> node_venv_lib_python3_12_site-packages_PyQt6_bindings["bindings"]\n    node_venv_lib_python3_12_site-packages_PyQt6_bindings --> node_venv_lib_python3_12_site-packages_PyQt6_bindings_QtBluetooth["QtBluetooth"]\n    node_venv_lib_python3_12_site-packages_PyQt6_bindings_QtBluetooth --> node_venv_lib_python3_12_site-packages_PyQt6_bindings_QtBluetooth_qbluetoothsocket_sip["qbluetoothsocket.sip"]\n    Root --> node_venv["venv"]\n    node_venv --> node_venv_lib["lib"]\n    node_venv_lib --> node_venv_lib_python3_12["python3.12"]\n    node_venv_lib_python3_12 --> node_venv_lib_python3_12_site-packages["site-packages"]\n    node_venv_lib_python3_12_site-packages --> node_venv_lib_python3_12_site-packages_PyQt6["PyQt6"]\n    node_venv_lib_python3_12_site-packages_PyQt6 --> node_venv_lib_python3_12_site-packages_PyQt6_bindings["bindings"]\n    node_venv_lib_python3_12_site-packages_PyQt6_bindings --> node_venv_lib_python3_12_site-packages_PyQt6_bindings_QtBluetooth["QtBluetooth"]\n    node_venv_lib_python3_12_site-packages_PyQt6_bindings_QtBluetooth --> node_venv_lib_python3_12_site-packages_PyQt6_bindings_QtBluetooth_qbluetoothuuid_sip["qbluetoothuuid.sip"]\n    Root --> node_venv["venv"]\n    node_venv --> node_venv_lib["lib"]\n    node_venv_lib --> node_venv_lib_python3_12["python3.12"]\n    node_venv_lib_python3_12 --> node_venv_lib_python3_12_site-packages["site-packages"]\n    node_venv_lib_python3_12_site-packages --> node_venv_lib_python3_12_site-packages_PyQt6["PyQt6"]\n    node_venv_lib_python3_12_site-packages_PyQt6 --> node_venv_lib_python3_12_site-packages_PyQt6_bindings["bindings"]\n    node_venv_lib_python3_12_site-packages_PyQt6_bindings --> node_venv_lib_python3_12_site-packages_PyQt6_bindings_QtBluetooth["QtBluetooth"]\n    node_venv_lib_python3_12_site-packages_PyQt6_bindings_QtBluetooth --> node_venv_lib_python3_12_site-packages_PyQt6_bindings_QtBluetooth_qlowenergyadvertisingdata_sip["qlowenergyadvertisingdata.sip"]\n    Root --> node_venv["venv"]\n    node_venv --> node_venv_lib["lib"]\n    node_venv_lib --> node_venv_lib_python3_12["python3.12"]\n    node_venv_lib_python3_12 --> node_venv_lib_python3_12_site-packages["site-packages"]\n    node_venv_lib_python3_12_site-packages --> node_venv_lib_python3_12_site-packages_PyQt6["PyQt6"]\n    node_venv_lib_python3_12_site-packages_PyQt6 --> node_venv_lib_python3_12_site-packages_PyQt6_bindings["bindings"]\n    node_venv_lib_python3_12_site-packages_PyQt6_bindings --> node_venv_lib_python3_12_site-packages_PyQt6_bindings_QtBluetooth["QtBluetooth"]\n    node_venv_lib_python3_12_site-packages_PyQt6_bindings_QtBluetooth --> node_venv_lib_python3_12_site-packages_PyQt6_bindings_QtBluetooth_qlowenergyadvertisingparameters_sip["qlowenergyadvertisingparameters.sip"]\n    Root --> node_venv["venv"]\n    node_venv --> node_venv_lib["lib"]\n    node_venv_lib --> node_venv_lib_python3_12["python3.12"]\n    node_venv_lib_python3_12 --> node_venv_lib_python3_12_site-packages["site-packages"]\n    node_venv_lib_python3_12_site-packages --> node_venv_lib_python3_12_site-packages_PyQt6["PyQt6"]\n    node_venv_lib_python3_12_site-packages_PyQt6 --> node_venv_lib_python3_12_site-packages_PyQt6_bindings["bindings"]\n    node_venv_lib_python3_12_site-packages_PyQt6_bindings --> node_venv_lib_python3_12_site-packages_PyQt6_bindings_QtBluetooth["QtBluetooth"]\n    node_venv_lib_python3_12_site-packages_PyQt6_bindings_QtBluetooth --> node_venv_lib_python3_12_site-packages_PyQt6_bindings_QtBluetooth_qlowenergycharacteristic_sip["qlowenergycharacteristic.sip"]\n    Root --> node_venv["venv"]\n    node_venv --> node_venv_lib["lib"]\n    node_venv_lib --> node_venv_lib_python3_12["python3.12"]\n    node_venv_lib_python3_12 --> node_venv_lib_python3_12_site-packages["site-packages"]\n    node_venv_lib_python3_12_site-packages --> node_venv_lib_python3_12_site-packages_PyQt6["PyQt6"]\n    node_venv_lib_python3_12_site-packages_PyQt6 --> node_venv_lib_python3_12_site-packages_PyQt6_bindings["bindings"]\n    node_venv_lib_python3_12_site-packages_PyQt6_bindings --> node_venv_lib_python3_12_site-packages_PyQt6_bindings_QtBluetooth["QtBluetooth"]\n    node_venv_lib_python3_12_site-packages_PyQt6_bindings_QtBluetooth --> node_venv_lib_python3_12_site-packages_PyQt6_bindings_QtBluetooth_qlowenergycharacteristicdata_sip["qlowenergycharacteristicdata.sip"]\n    Root --> node_venv["venv"]\n    node_venv --> node_venv_lib["lib"]\n    node_venv_lib --> node_venv_lib_python3_12["python3.12"]\n    node_venv_lib_python3_12 --> node_venv_lib_python3_12_site-packages["site-packages"]\n    node_venv_lib_python3_12_site-packages --> node_venv_lib_python3_12_site-packages_PyQt6["PyQt6"]\n    node_venv_lib_python3_12_site-packages_PyQt6 --> node_venv_lib_python3_12_site-packages_PyQt6_bindings["bindings"]\n    node_venv_lib_python3_12_site-packages_PyQt6_bindings --> node_venv_lib_python3_12_site-packages_PyQt6_bindings_QtBluetooth["QtBluetooth"]\n    node_venv_lib_python3_12_site-packages_PyQt6_bindings_QtBluetooth --> node_venv_lib_python3_12_site-packages_PyQt6_bindings_QtBluetooth_qlowenergyconnectionparameters_sip["qlowenergyconnectionparameters.sip"]\n    Root --> node_venv["venv"]\n    node_venv --> node_venv_lib["lib"]\n    node_venv_lib --> node_venv_lib_python3_12["python3.12"]\n    node_venv_lib_python3_12 --> node_venv_lib_python3_12_site-packages["site-packages"]\n    node_venv_lib_python3_12_site-packages --> node_venv_lib_python3_12_site-packages_PyQt6["PyQt6"]\n    node_venv_lib_python3_12_site-packages_PyQt6 --> node_venv_lib_python3_12_site-packages_PyQt6_bindings["bindings"]\n    node_venv_lib_python3_12_site-packages_PyQt6_bindings --> node_venv_lib_python3_12_site-packages_PyQt6_bindings_QtBluetooth["QtBluetooth"]\n    node_venv_lib_python3_12_site-packages_PyQt6_bindings_QtBluetooth --> node_venv_lib_python3_12_site-packages_PyQt6_bindings_QtBluetooth_qlowenergycontroller_sip["qlowenergycontroller.sip"]\n    Root --> node_venv["venv"]\n    node_venv --> node_venv_lib["lib"]\n    node_venv_lib --> node_venv_lib_python3_12["python3.12"]\n    node_venv_lib_python3_12 --> node_venv_lib_python3_12_site-packages["site-packages"]\n    node_venv_lib_python3_12_site-packages --> node_venv_lib_python3_12_site-packages_PyQt6["PyQt6"]\n    node_venv_lib_python3_12_site-packages_PyQt6 --> node_venv_lib_python3_12_site-packages_PyQt6_bindings["bindings"]\n    node_venv_lib_python3_12_site-packages_PyQt6_bindings --> node_venv_lib_python3_12_site-packages_PyQt6_bindings_QtBluetooth["QtBluetooth"]\n    node_venv_lib_python3_12_site-packages_PyQt6_bindings_QtBluetooth --> node_venv_lib_python3_12_site-packages_PyQt6_bindings_QtBluetooth_qlowenergydescriptor_sip["qlowenergydescriptor.sip"]\n    Root --> node_venv["venv"]\n    node_venv --> node_venv_lib["lib"]\n    node_venv_lib --> node_venv_lib_python3_12["python3.12"]\n    node_venv_lib_python3_12 --> node_venv_lib_python3_12_site-packages["site-packages"]\n    node_venv_lib_python3_12_site-packages --> node_venv_lib_python3_12_site-packages_PyQt6["PyQt6"]\n    node_venv_lib_python3_12_site-packages_PyQt6 --> node_venv_lib_python3_12_site-packages_PyQt6_bindings["bindings"]\n    node_venv_lib_python3_12_site-packages_PyQt6_bindings --> node_venv_lib_python3_12_site-packages_PyQt6_bindings_QtBluetooth["QtBluetooth"]\n    node_venv_lib_python3_12_site-packages_PyQt6_bindings_QtBluetooth --> node_venv_lib_python3_12_site-packages_PyQt6_bindings_QtBluetooth_qlowenergydescriptordata_sip["qlowenergydescriptordata.sip"]\n    Root --> node_venv["venv"]\n    node_venv --> node_venv_lib["lib"]\n    node_venv_lib --> node_venv_lib_python3_12["python3.12"]\n    node_venv_lib_python3_12 --> node_venv_lib_python3_12_site-packages["site-packages"]\n    node_venv_lib_python3_12_site-packages --> node_venv_lib_python3_12_site-packages_PyQt6["PyQt6"]\n    node_venv_lib_python3_12_site-packages_PyQt6 --> node_venv_lib_python3_12_site-packages_PyQt6_bindings["bindings"]\n    node_venv_lib_python3_12_site-packages_PyQt6_bindings --> node_venv_lib_python3_12_site-packages_PyQt6_bindings_QtBluetooth["QtBluetooth"]\n    node_venv_lib_python3_12_site-packages_PyQt6_bindings_QtBluetooth --> node_venv_lib_python3_12_site-packages_PyQt6_bindings_QtBluetooth_qlowenergyservice_sip["qlowenergyservice.sip"]\n    Root --> node_venv["venv"]\n    node_venv --> node_venv_lib["lib"]\n    node_venv_lib --> node_venv_lib_python3_12["python3.12"]\n    node_venv_lib_python3_12 --> node_venv_lib_python3_12_site-packages["site-packages"]\n    node_venv_lib_python3_12_site-packages --> node_venv_lib_python3_12_site-packages_PyQt6["PyQt6"]\n    node_venv_lib_python3_12_site-packages_PyQt6 --> node_venv_lib_python3_12_site-packages_PyQt6_bindings["bindings"]\n    node_venv_lib_python3_12_site-packages_PyQt6_bindings --> node_venv_lib_python3_12_site-packages_PyQt6_bindings_QtBluetooth["QtBluetooth"]\n    node_venv_lib_python3_12_site-packages_PyQt6_bindings_QtBluetooth --> node_venv_lib_python3_12_site-packages_PyQt6_bindings_QtBluetooth_qlowenergyservicedata_sip["qlowenergyservicedata.sip"]\n    Root --> node_venv["venv"]\n    node_venv --> node_venv_lib["lib"]\n    node_venv_lib --> node_venv_lib_python3_12["python3.12"]\n    node_venv_lib_python3_12 --> node_venv_lib_python3_12_site-packages["site-packages"]\n    node_venv_lib_python3_12_site-packages --> node_venv_lib_python3_12_site-packages_PyQt6["PyQt6"]\n    node_venv_lib_python3_12_site-packages_PyQt6 --> node_venv_lib_python3_12_site-packages_PyQt6_bindings["bindings"]\n    node_venv_lib_python3_12_site-packages_PyQt6_bindings --> node_venv_lib_python3_12_site-packages_PyQt6_bindings_QtBluetooth["QtBluetooth"]\n    node_venv_lib_python3_12_site-packages_PyQt6_bindings_QtBluetooth --> node_venv_lib_python3_12_site-packages_PyQt6_bindings_QtBluetooth_qpybluetooth_qlist_sip["qpybluetooth_qlist.sip"]\n    Root --> node_venv["venv"]\n    node_venv --> node_venv_lib["lib"]\n    node_venv_lib --> node_venv_lib_python3_12["python3.12"]\n    node_venv_lib_python3_12 --> node_venv_lib_python3_12_site-packages["site-packages"]\n    node_venv_lib_python3_12_site-packages --> node_venv_lib_python3_12_site-packages_PyQt6["PyQt6"]\n    node_venv_lib_python3_12_site-packages_PyQt6 --> node_venv_lib_python3_12_site-packages_PyQt6_bindings["bindings"]\n    node_venv_lib_python3_12_site-packages_PyQt6_bindings --> node_venv_lib_python3_12_site-packages_PyQt6_bindings_QtBluetooth["QtBluetooth"]\n    node_venv_lib_python3_12_site-packages_PyQt6_bindings_QtBluetooth --> node_venv_lib_python3_12_site-packages_PyQt6_bindings_QtBluetooth_qpybluetooth_qmultihash_sip["qpybluetooth_qmultihash.sip"]\n    Root --> node_venv["venv"]\n    node_venv --> node_venv_lib["lib"]\n    node_venv_lib --> node_venv_lib_python3_12["python3.12"]\n    node_venv_lib_python3_12 --> node_venv_lib_python3_12_site-packages["site-packages"]\n    node_venv_lib_python3_12_site-packages --> node_venv_lib_python3_12_site-packages_PyQt6["PyQt6"]\n    node_venv_lib_python3_12_site-packages_PyQt6 --> node_venv_lib_python3_12_site-packages_PyQt6_bindings["bindings"]\n    node_venv_lib_python3_12_site-packages_PyQt6_bindings --> node_venv_lib_python3_12_site-packages_PyQt6_bindings_QtBluetooth["QtBluetooth"]\n    node_venv_lib_python3_12_site-packages_PyQt6_bindings_QtBluetooth --> node_venv_lib_python3_12_site-packages_PyQt6_bindings_QtBluetooth_qpybluetooth_quint128_sip["qpybluetooth_quint128.sip"]\n    Root --> node_venv["venv"]\n    node_venv --> node_venv_lib["lib"]\n    node_venv_lib --> node_venv_lib_python3_12["python3.12"]\n    node_venv_lib_python3_12 --> node_venv_lib_python3_12_site-packages["site-packages"]\n    node_venv_lib_python3_12_site-packages --> node_venv_lib_python3_12_site-packages_PyQt6["PyQt6"]\n    node_venv_lib_python3_12_site-packages_PyQt6 --> node_venv_lib_python3_12_site-packages_PyQt6_bindings["bindings"]\n    node_venv_lib_python3_12_site-packages_PyQt6_bindings --> node_venv_lib_python3_12_site-packages_PyQt6_bindings_QtNetwork["QtNetwork"]\n    node_venv_lib_python3_12_site-packages_PyQt6_bindings_QtNetwork --> node_venv_lib_python3_12_site-packages_PyQt6_bindings_QtNetwork_QtNetwork_toml["QtNetwork.toml"]\n    Root --> node_venv["venv"]\n    node_venv --> node_venv_lib["lib"]\n    node_venv_lib --> node_venv_lib_python3_12["python3.12"]\n    node_venv_lib_python3_12 --> node_venv_lib_python3_12_site-packages["site-packages"]\n    node_venv_lib_python3_12_site-packages --> node_venv_lib_python3_12_site-packages_PyQt6["PyQt6"]\n    node_venv_lib_python3_12_site-packages_PyQt6 --> node_venv_lib_python3_12_site-packages_PyQt6_bindings["bindings"]\n    node_venv_lib_python3_12_site-packages_PyQt6_bindings --> node_venv_lib_python3_12_site-packages_PyQt6_bindings_QtNetwork["QtNetwork"]\n    node_venv_lib_python3_12_site-packages_PyQt6_bindings_QtNetwork --> node_venv_lib_python3_12_site-packages_PyQt6_bindings_QtNetwork_QtNetworkmod_sip["QtNetworkmod.sip"]\n    Root --> node_venv["venv"]\n    node_venv --> node_venv_lib["lib"]\n    node_venv_lib --> node_venv_lib_python3_12["python3.12"]\n    node_venv_lib_python3_12 --> node_venv_lib_python3_12_site-packages["site-packages"]\n    node_venv_lib_python3_12_site-packages --> node_venv_lib_python3_12_site-packages_PyQt6["PyQt6"]\n    node_venv_lib_python3_12_site-packages_PyQt6 --> node_venv_lib_python3_12_site-packages_PyQt6_bindings["bindings"]\n    node_venv_lib_python3_12_site-packages_PyQt6_bindings --> node_venv_lib_python3_12_site-packages_PyQt6_bindings_QtNetwork["QtNetwork"]\n    node_venv_lib_python3_12_site-packages_PyQt6_bindings_QtNetwork --> node_venv_lib_python3_12_site-packages_PyQt6_bindings_QtNetwork_qabstractnetworkcache_sip["qabstractnetworkcache.sip"]\n    Root --> node_venv["venv"]\n    node_venv --> node_venv_lib["lib"]\n    node_venv_lib --> node_venv_lib_python3_12["python3.12"]\n    node_venv_lib_python3_12 --> node_venv_lib_python3_12_site-packages["site-packages"]\n    node_venv_lib_python3_12_site-packages --> node_venv_lib_python3_12_site-packages_PyQt6["PyQt6"]\n    node_venv_lib_python3_12_site-packages_PyQt6 --> node_venv_lib_python3_12_site-packages_PyQt6_bindings["bindings"]\n    node_venv_lib_python3_12_site-packages_PyQt6_bindings --> node_venv_lib_python3_12_site-packages_PyQt6_bindings_QtNetwork["QtNetwork"]\n    node_venv_lib_python3_12_site-packages_PyQt6_bindings_QtNetwork --> node_venv_lib_python3_12_site-packages_PyQt6_bindings_QtNetwork_qabstractsocket_sip["qabstractsocket.sip"]\n    Root --> node_venv["venv"]\n    node_venv --> node_venv_lib["lib"]\n    node_venv_lib --> node_venv_lib_python3_12["python3.12"]\n    node_venv_lib_python3_12 --> node_venv_lib_python3_12_site-packages["site-packages"]\n    node_venv_lib_python3_12_site-packages --> node_venv_lib_python3_12_site-packages_PyQt6["PyQt6"]\n    node_venv_lib_python3_12_site-packages_PyQt6 --> node_venv_lib_python3_12_site-packages_PyQt6_bindings["bindings"]\n    node_venv_lib_python3_12_site-packages_PyQt6_bindings --> node_venv_lib_python3_12_site-packages_PyQt6_bindings_QtNetwork["QtNetwork"]\n    node_venv_lib_python3_12_site-packages_PyQt6_bindings_QtNetwork --> node_venv_lib_python3_12_site-packages_PyQt6_bindings_QtNetwork_qauthenticator_sip["qauthenticator.sip"]\n    Root --> node_venv["venv"]\n    node_venv --> node_venv_lib["lib"]\n    node_venv_lib --> node_venv_lib_python3_12["python3.12"]\n    node_venv_lib_python3_12 --> node_venv_lib_python3_12_site-packages["site-packages"]\n    node_venv_lib_python3_12_site-packages --> node_venv_lib_python3_12_site-packages_PyQt6["PyQt6"]\n    node_venv_lib_python3_12_site-packages_PyQt6 --> node_venv_lib_python3_12_site-packages_PyQt6_bindings["bindings"]\n    node_venv_lib_python3_12_site-packages_PyQt6_bindings --> node_venv_lib_python3_12_site-packages_PyQt6_bindings_QtNetwork["QtNetwork"]\n    node_venv_lib_python3_12_site-packages_PyQt6_bindings_QtNetwork --> node_venv_lib_python3_12_site-packages_PyQt6_bindings_QtNetwork_qdnslookup_sip["qdnslookup.sip"]\n    Root --> node_venv["venv"]\n    node_venv --> node_venv_lib["lib"]\n    node_venv_lib --> node_venv_lib_python3_12["python3.12"]\n    node_venv_lib_python3_12 --> node_venv_lib_python3_12_site-packages["site-packages"]\n    node_venv_lib_python3_12_site-packages --> node_venv_lib_python3_12_site-packages_PyQt6["PyQt6"]\n    node_venv_lib_python3_12_site-packages_PyQt6 --> node_venv_lib_python3_12_site-packages_PyQt6_bindings["bindings"]\n    node_venv_lib_python3_12_site-packages_PyQt6_bindings --> node_venv_lib_python3_12_site-packages_PyQt6_bindings_QtNetwork["QtNetwork"]\n    node_venv_lib_python3_12_site-packages_PyQt6_bindings_QtNetwork --> node_venv_lib_python3_12_site-packages_PyQt6_bindings_QtNetwork_qformdatabuilder_sip["qformdatabuilder.sip"]\n    Root --> node_venv["venv"]\n    node_venv --> node_venv_lib["lib"]\n    node_venv_lib --> node_venv_lib_python3_12["python3.12"]\n    node_venv_lib_python3_12 --> node_venv_lib_python3_12_site-packages["site-packages"]\n    node_venv_lib_python3_12_site-packages --> node_venv_lib_python3_12_site-packages_PyQt6["PyQt6"]\n    node_venv_lib_python3_12_site-packages_PyQt6 --> node_venv_lib_python3_12_site-packages_PyQt6_bindings["bindings"]\n    node_venv_lib_python3_12_site-packages_PyQt6_bindings --> node_venv_lib_python3_12_site-packages_PyQt6_bindings_QtNetwork["QtNetwork"]\n    node_venv_lib_python3_12_site-packages_PyQt6_bindings_QtNetwork --> node_venv_lib_python3_12_site-packages_PyQt6_bindings_QtNetwork_qhostaddress_sip["qhostaddress.sip"]\n    Root --> node_venv["venv"]\n    node_venv --> node_venv_lib["lib"]\n    node_venv_lib --> node_venv_lib_python3_12["python3.12"]\n    node_venv_lib_python3_12 --> node_venv_lib_python3_12_site-packages["site-packages"]\n    node_venv_lib_python3_12_site-packages --> node_venv_lib_python3_12_site-packages_PyQt6["PyQt6"]\n    node_venv_lib_python3_12_site-packages_PyQt6 --> node_venv_lib_python3_12_site-packages_PyQt6_bindings["bindings"]\n    node_venv_lib_python3_12_site-packages_PyQt6_bindings --> node_venv_lib_python3_12_site-packages_PyQt6_bindings_QtNetwork["QtNetwork"]\n    node_venv_lib_python3_12_site-packages_PyQt6_bindings_QtNetwork --> node_venv_lib_python3_12_site-packages_PyQt6_bindings_QtNetwork_qhostinfo_sip["qhostinfo.sip"]\n    Root --> node_venv["venv"]\n    node_venv --> node_venv_lib["lib"]\n    node_venv_lib --> node_venv_lib_python3_12["python3.12"]\n    node_venv_lib_python3_12 --> node_venv_lib_python3_12_site-packages["site-packages"]\n    node_venv_lib_python3_12_site-packages --> node_venv_lib_python3_12_site-packages_PyQt6["PyQt6"]\n    node_venv_lib_python3_12_site-packages_PyQt6 --> node_venv_lib_python3_12_site-packages_PyQt6_bindings["bindings"]\n    node_venv_lib_python3_12_site-packages_PyQt6_bindings --> node_venv_lib_python3_12_site-packages_PyQt6_bindings_QtNetwork["QtNetwork"]\n    node_venv_lib_python3_12_site-packages_PyQt6_bindings_QtNetwork --> node_venv_lib_python3_12_site-packages_PyQt6_bindings_QtNetwork_qhstspolicy_sip["qhstspolicy.sip"]\n    Root --> node_venv["venv"]\n    node_venv --> node_venv_lib["lib"]\n    node_venv_lib --> node_venv_lib_python3_12["python3.12"]\n    node_venv_lib_python3_12 --> node_venv_lib_python3_12_site-packages["site-packages"]\n    node_venv_lib_python3_12_site-packages --> node_venv_lib_python3_12_site-packages_PyQt6["PyQt6"]\n    node_venv_lib_python3_12_site-packages_PyQt6 --> node_venv_lib_python3_12_site-packages_PyQt6_bindings["bindings"]\n    node_venv_lib_python3_12_site-packages_PyQt6_bindings --> node_venv_lib_python3_12_site-packages_PyQt6_bindings_QtNetwork["QtNetwork"]\n    node_venv_lib_python3_12_site-packages_PyQt6_bindings_QtNetwork --> node_venv_lib_python3_12_site-packages_PyQt6_bindings_QtNetwork_qhttp1configuration_sip["qhttp1configuration.sip"]\n    Root --> node_venv["venv"]\n    node_venv --> node_venv_lib["lib"]\n    node_venv_lib --> node_venv_lib_python3_12["python3.12"]\n    node_venv_lib_python3_12 --> node_venv_lib_python3_12_site-packages["site-packages"]\n    node_venv_lib_python3_12_site-packages --> node_venv_lib_python3_12_site-packages_PyQt6["PyQt6"]\n    node_venv_lib_python3_12_site-packages_PyQt6 --> node_venv_lib_python3_12_site-packages_PyQt6_bindings["bindings"]\n    node_venv_lib_python3_12_site-packages_PyQt6_bindings --> node_venv_lib_python3_12_site-packages_PyQt6_bindings_QtNetwork["QtNetwork"]\n    node_venv_lib_python3_12_site-packages_PyQt6_bindings_QtNetwork --> node_venv_lib_python3_12_site-packages_PyQt6_bindings_QtNetwork_qhttp2configuration_sip["qhttp2configuration.sip"]\n    Root --> node_venv["venv"]\n    node_venv --> node_venv_lib["lib"]\n    node_venv_lib --> node_venv_lib_python3_12["python3.12"]\n    node_venv_lib_python3_12 --> node_venv_lib_python3_12_site-packages["site-packages"]\n    node_venv_lib_python3_12_site-packages --> node_venv_lib_python3_12_site-packages_PyQt6["PyQt6"]\n    node_venv_lib_python3_12_site-packages_PyQt6 --> node_venv_lib_python3_12_site-packages_PyQt6_bindings["bindings"]\n    node_venv_lib_python3_12_site-packages_PyQt6_bindings --> node_venv_lib_python3_12_site-packages_PyQt6_bindings_QtNetwork["QtNetwork"]\n    node_venv_lib_python3_12_site-packages_PyQt6_bindings_QtNetwork --> node_venv_lib_python3_12_site-packages_PyQt6_bindings_QtNetwork_qhttpheaders_sip["qhttpheaders.sip"]\n    Root --> node_venv["venv"]\n    node_venv --> node_venv_lib["lib"]\n    node_venv_lib --> node_venv_lib_python3_12["python3.12"]\n    node_venv_lib_python3_12 --> node_venv_lib_python3_12_site-packages["site-packages"]\n    node_venv_lib_python3_12_site-packages --> node_venv_lib_python3_12_site-packages_PyQt6["PyQt6"]\n    node_venv_lib_python3_12_site-packages_PyQt6 --> node_venv_lib_python3_12_site-packages_PyQt6_bindings["bindings"]\n    node_venv_lib_python3_12_site-packages_PyQt6_bindings --> node_venv_lib_python3_12_site-packages_PyQt6_bindings_QtNetwork["QtNetwork"]\n    node_venv_lib_python3_12_site-packages_PyQt6_bindings_QtNetwork --> node_venv_lib_python3_12_site-packages_PyQt6_bindings_QtNetwork_qhttpmultipart_sip["qhttpmultipart.sip"]\n    Root --> node_venv["venv"]\n    node_venv --> node_venv_lib["lib"]\n    node_venv_lib --> node_venv_lib_python3_12["python3.12"]\n    node_venv_lib_python3_12 --> node_venv_lib_python3_12_site-packages["site-packages"]\n    node_venv_lib_python3_12_site-packages --> node_venv_lib_python3_12_site-packages_PyQt6["PyQt6"]\n    node_venv_lib_python3_12_site-packages_PyQt6 --> node_venv_lib_python3_12_site-packages_PyQt6_bindings["bindings"]\n    node_venv_lib_python3_12_site-packages_PyQt6_bindings --> node_venv_lib_python3_12_site-packages_PyQt6_bindings_QtNetwork["QtNetwork"]\n    node_venv_lib_python3_12_site-packages_PyQt6_bindings_QtNetwork --> node_venv_lib_python3_12_site-packages_PyQt6_bindings_QtNetwork_qlocalserver_sip["qlocalserver.sip"]\n    Root --> node_venv["venv"]\n    node_venv --> node_venv_lib["lib"]\n    node_venv_lib --> node_venv_lib_python3_12["python3.12"]\n    node_venv_lib_python3_12 --> node_venv_lib_python3_12_site-packages["site-packages"]\n    node_venv_lib_python3_12_site-packages --> node_venv_lib_python3_12_site-packages_PyQt6["PyQt6"]\n    node_venv_lib_python3_12_site-packages_PyQt6 --> node_venv_lib_python3_12_site-packages_PyQt6_bindings["bindings"]\n    node_venv_lib_python3_12_site-packages_PyQt6_bindings --> node_venv_lib_python3_12_site-packages_PyQt6_bindings_QtNetwork["QtNetwork"]\n    node_venv_lib_python3_12_site-packages_PyQt6_bindings_QtNetwork --> node_venv_lib_python3_12_site-packages_PyQt6_bindings_QtNetwork_qlocalsocket_sip["qlocalsocket.sip"]\n    Root --> node_venv["venv"]\n    node_venv --> node_venv_lib["lib"]\n    node_venv_lib --> node_venv_lib_python3_12["python3.12"]\n    node_venv_lib_python3_12 --> node_venv_lib_python3_12_site-packages["site-packages"]\n    node_venv_lib_python3_12_site-packages --> node_venv_lib_python3_12_site-packages_PyQt6["PyQt6"]\n    node_venv_lib_python3_12_site-packages_PyQt6 --> node_venv_lib_python3_12_site-packages_PyQt6_bindings["bindings"]\n    node_venv_lib_python3_12_site-packages_PyQt6_bindings --> node_venv_lib_python3_12_site-packages_PyQt6_bindings_QtNetwork["QtNetwork"]\n    node_venv_lib_python3_12_site-packages_PyQt6_bindings_QtNetwork --> node_venv_lib_python3_12_site-packages_PyQt6_bindings_QtNetwork_qnetworkaccessmanager_sip["qnetworkaccessmanager.sip"]\n    Root --> node_venv["venv"]\n    node_venv --> node_venv_lib["lib"]\n    node_venv_lib --> node_venv_lib_python3_12["python3.12"]\n    node_venv_lib_python3_12 --> node_venv_lib_python3_12_site-packages["site-packages"]\n    node_venv_lib_python3_12_site-packages --> node_venv_lib_python3_12_site-packages_PyQt6["PyQt6"]\n    node_venv_lib_python3_12_site-packages_PyQt6 --> node_venv_lib_python3_12_site-packages_PyQt6_bindings["bindings"]\n    node_venv_lib_python3_12_site-packages_PyQt6_bindings --> node_venv_lib_python3_12_site-packages_PyQt6_bindings_QtNetwork["QtNetwork"]\n    node_venv_lib_python3_12_site-packages_PyQt6_bindings_QtNetwork --> node_venv_lib_python3_12_site-packages_PyQt6_bindings_QtNetwork_qnetworkcookie_sip["qnetworkcookie.sip"]\n    Root --> node_venv["venv"]\n    node_venv --> node_venv_lib["lib"]\n    node_venv_lib --> node_venv_lib_python3_12["python3.12"]\n    node_venv_lib_python3_12 --> node_venv_lib_python3_12_site-packages["site-packages"]\n    node_venv_lib_python3_12_site-packages --> node_venv_lib_python3_12_site-packages_PyQt6["PyQt6"]\n    node_venv_lib_python3_12_site-packages_PyQt6 --> node_venv_lib_python3_12_site-packages_PyQt6_bindings["bindings"]\n    node_venv_lib_python3_12_site-packages_PyQt6_bindings --> node_venv_lib_python3_12_site-packages_PyQt6_bindings_QtNetwork["QtNetwork"]\n    node_venv_lib_python3_12_site-packages_PyQt6_bindings_QtNetwork --> node_venv_lib_python3_12_site-packages_PyQt6_bindings_QtNetwork_qnetworkcookiejar_sip["qnetworkcookiejar.sip"]\n    Root --> node_venv["venv"]\n    node_venv --> node_venv_lib["lib"]\n    node_venv_lib --> node_venv_lib_python3_12["python3.12"]\n    node_venv_lib_python3_12 --> node_venv_lib_python3_12_site-packages["site-packages"]\n    node_venv_lib_python3_12_site-packages --> node_venv_lib_python3_12_site-packages_PyQt6["PyQt6"]\n    node_venv_lib_python3_12_site-packages_PyQt6 --> node_venv_lib_python3_12_site-packages_PyQt6_bindings["bindings"]\n    node_venv_lib_python3_12_site-packages_PyQt6_bindings --> node_venv_lib_python3_12_site-packages_PyQt6_bindings_QtNetwork["QtNetwork"]\n    node_venv_lib_python3_12_site-packages_PyQt6_bindings_QtNetwork --> node_venv_lib_python3_12_site-packages_PyQt6_bindings_QtNetwork_qnetworkdatagram_sip["qnetworkdatagram.sip"]\n    Root --> node_venv["venv"]\n    node_venv --> node_venv_lib["lib"]\n    node_venv_lib --> node_venv_lib_python3_12["python3.12"]\n    node_venv_lib_python3_12 --> node_venv_lib_python3_12_site-packages["site-packages"]\n    node_venv_lib_python3_12_site-packages --> node_venv_lib_python3_12_site-packages_PyQt6["PyQt6"]\n    node_venv_lib_python3_12_site-packages_PyQt6 --> node_venv_lib_python3_12_site-packages_PyQt6_bindings["bindings"]\n    node_venv_lib_python3_12_site-packages_PyQt6_bindings --> node_venv_lib_python3_12_site-packages_PyQt6_bindings_QtNetwork["QtNetwork"]\n    node_venv_lib_python3_12_site-packages_PyQt6_bindings_QtNetwork --> node_venv_lib_python3_12_site-packages_PyQt6_bindings_QtNetwork_qnetworkdiskcache_sip["qnetworkdiskcache.sip"]\n    Root --> node_venv["venv"]\n    node_venv --> node_venv_lib["lib"]\n    node_venv_lib --> node_venv_lib_python3_12["python3.12"]\n    node_venv_lib_python3_12 --> node_venv_lib_python3_12_site-packages["site-packages"]\n    node_venv_lib_python3_12_site-packages --> node_venv_lib_python3_12_site-packages_PyQt6["PyQt6"]\n    node_venv_lib_python3_12_site-packages_PyQt6 --> node_venv_lib_python3_12_site-packages_PyQt6_bindings["bindings"]\n    node_venv_lib_python3_12_site-packages_PyQt6_bindings --> node_venv_lib_python3_12_site-packages_PyQt6_bindings_QtNetwork["QtNetwork"]\n    node_venv_lib_python3_12_site-packages_PyQt6_bindings_QtNetwork --> node_venv_lib_python3_12_site-packages_PyQt6_bindings_QtNetwork_qnetworkinformation_sip["qnetworkinformation.sip"]\n    Root --> node_venv["venv"]\n    node_venv --> node_venv_lib["lib"]\n    node_venv_lib --> node_venv_lib_python3_12["python3.12"]\n    node_venv_lib_python3_12 --> node_venv_lib_python3_12_site-packages["site-packages"]\n    node_venv_lib_python3_12_site-packages --> node_venv_lib_python3_12_site-packages_PyQt6["PyQt6"]\n    node_venv_lib_python3_12_site-packages_PyQt6 --> node_venv_lib_python3_12_site-packages_PyQt6_bindings["bindings"]\n    node_venv_lib_python3_12_site-packages_PyQt6_bindings --> node_venv_lib_python3_12_site-packages_PyQt6_bindings_QtNetwork["QtNetwork"]\n    node_venv_lib_python3_12_site-packages_PyQt6_bindings_QtNetwork --> node_venv_lib_python3_12_site-packages_PyQt6_bindings_QtNetwork_qnetworkinterface_sip["qnetworkinterface.sip"]\n    Root --> node_venv["venv"]\n    node_venv --> node_venv_lib["lib"]\n    node_venv_lib --> node_venv_lib_python3_12["python3.12"]\n    node_venv_lib_python3_12 --> node_venv_lib_python3_12_site-packages["site-packages"]\n    node_venv_lib_python3_12_site-packages --> node_venv_lib_python3_12_site-packages_PyQt6["PyQt6"]\n    node_venv_lib_python3_12_site-packages_PyQt6 --> node_venv_lib_python3_12_site-packages_PyQt6_bindings["bindings"]\n    node_venv_lib_python3_12_site-packages_PyQt6_bindings --> node_venv_lib_python3_12_site-packages_PyQt6_bindings_QtNetwork["QtNetwork"]\n    node_venv_lib_python3_12_site-packages_PyQt6_bindings_QtNetwork --> node_venv_lib_python3_12_site-packages_PyQt6_bindings_QtNetwork_qnetworkproxy_sip["qnetworkproxy.sip"]\n    Root --> node_venv["venv"]\n    node_venv --> node_venv_lib["lib"]\n    node_venv_lib --> node_venv_lib_python3_12["python3.12"]\n    node_venv_lib_python3_12 --> node_venv_lib_python3_12_site-packages["site-packages"]\n    node_venv_lib_python3_12_site-packages --> node_venv_lib_python3_12_site-packages_PyQt6["PyQt6"]\n    node_venv_lib_python3_12_site-packages_PyQt6 --> node_venv_lib_python3_12_site-packages_PyQt6_bindings["bindings"]\n    node_venv_lib_python3_12_site-packages_PyQt6_bindings --> node_venv_lib_python3_12_site-packages_PyQt6_bindings_QtNetwork["QtNetwork"]\n    node_venv_lib_python3_12_site-packages_PyQt6_bindings_QtNetwork --> node_venv_lib_python3_12_site-packages_PyQt6_bindings_QtNetwork_qnetworkreply_sip["qnetworkreply.sip"]\n    Root --> node_venv["venv"]\n    node_venv --> node_venv_lib["lib"]\n    node_venv_lib --> node_venv_lib_python3_12["python3.12"]\n    node_venv_lib_python3_12 --> node_venv_lib_python3_12_site-packages["site-packages"]\n    node_venv_lib_python3_12_site-packages --> node_venv_lib_python3_12_site-packages_PyQt6["PyQt6"]\n    node_venv_lib_python3_12_site-packages_PyQt6 --> node_venv_lib_python3_12_site-packages_PyQt6_bindings["bindings"]\n    node_venv_lib_python3_12_site-packages_PyQt6_bindings --> node_venv_lib_python3_12_site-packages_PyQt6_bindings_QtNetwork["QtNetwork"]\n    node_venv_lib_python3_12_site-packages_PyQt6_bindings_QtNetwork --> node_venv_lib_python3_12_site-packages_PyQt6_bindings_QtNetwork_qnetworkrequest_sip["qnetworkrequest.sip"]\n    Root --> node_venv["venv"]\n    node_venv --> node_venv_lib["lib"]\n    node_venv_lib --> node_venv_lib_python3_12["python3.12"]\n    node_venv_lib_python3_12 --> node_venv_lib_python3_12_site-packages["site-packages"]\n    node_venv_lib_python3_12_site-packages --> node_venv_lib_python3_12_site-packages_PyQt6["PyQt6"]\n    node_venv_lib_python3_12_site-packages_PyQt6 --> node_venv_lib_python3_12_site-packages_PyQt6_bindings["bindings"]\n    node_venv_lib_python3_12_site-packages_PyQt6_bindings --> node_venv_lib_python3_12_site-packages_PyQt6_bindings_QtNetwork["QtNetwork"]\n    node_venv_lib_python3_12_site-packages_PyQt6_bindings_QtNetwork --> node_venv_lib_python3_12_site-packages_PyQt6_bindings_QtNetwork_qnetworkrequestfactory_sip["qnetworkrequestfactory.sip"]\n    Root --> node_venv["venv"]\n    node_venv --> node_venv_lib["lib"]\n    node_venv_lib --> node_venv_lib_python3_12["python3.12"]\n    node_venv_lib_python3_12 --> node_venv_lib_python3_12_site-packages["site-packages"]\n    node_venv_lib_python3_12_site-packages --> node_venv_lib_python3_12_site-packages_PyQt6["PyQt6"]\n    node_venv_lib_python3_12_site-packages_PyQt6 --> node_venv_lib_python3_12_site-packages_PyQt6_bindings["bindings"]\n    node_venv_lib_python3_12_site-packages_PyQt6_bindings --> node_venv_lib_python3_12_site-packages_PyQt6_bindings_QtNetwork["QtNetwork"]\n    node_venv_lib_python3_12_site-packages_PyQt6_bindings_QtNetwork --> node_venv_lib_python3_12_site-packages_PyQt6_bindings_QtNetwork_qocspresponse_sip["qocspresponse.sip"]\n    Root --> node_venv["venv"]\n    node_venv --> node_venv_lib["lib"]\n    node_venv_lib --> node_venv_lib_python3_12["python3.12"]\n    node_venv_lib_python3_12 --> node_venv_lib_python3_12_site-packages["site-packages"]\n    node_venv_lib_python3_12_site-packages --> node_venv_lib_python3_12_site-packages_PyQt6["PyQt6"]\n    node_venv_lib_python3_12_site-packages_PyQt6 --> node_venv_lib_python3_12_site-packages_PyQt6_bindings["bindings"]\n    node_venv_lib_python3_12_site-packages_PyQt6_bindings --> node_venv_lib_python3_12_site-packages_PyQt6_bindings_QtNetwork["QtNetwork"]\n    node_venv_lib_python3_12_site-packages_PyQt6_bindings_QtNetwork --> node_venv_lib_python3_12_site-packages_PyQt6_bindings_QtNetwork_qpassworddigestor_sip["qpassworddigestor.sip"]\n    Root --> node_venv["venv"]\n    node_venv --> node_venv_lib["lib"]\n    node_venv_lib --> node_venv_lib_python3_12["python3.12"]\n    node_venv_lib_python3_12 --> node_venv_lib_python3_12_site-packages["site-packages"]\n    node_venv_lib_python3_12_site-packages --> node_venv_lib_python3_12_site-packages_PyQt6["PyQt6"]\n    node_venv_lib_python3_12_site-packages_PyQt6 --> node_venv_lib_python3_12_site-packages_PyQt6_bindings["bindings"]\n    node_venv_lib_python3_12_site-packages_PyQt6_bindings --> node_venv_lib_python3_12_site-packages_PyQt6_bindings_QtNetwork["QtNetwork"]\n    node_venv_lib_python3_12_site-packages_PyQt6_bindings_QtNetwork --> node_venv_lib_python3_12_site-packages_PyQt6_bindings_QtNetwork_qpynetwork_qhash_sip["qpynetwork_qhash.sip"]\n    Root --> node_venv["venv"]\n    node_venv --> node_venv_lib["lib"]\n    node_venv_lib --> node_venv_lib_python3_12["python3.12"]\n    node_venv_lib_python3_12 --> node_venv_lib_python3_12_site-packages["site-packages"]\n    node_venv_lib_python3_12_site-packages --> node_venv_lib_python3_12_site-packages_PyQt6["PyQt6"]\n    node_venv_lib_python3_12_site-packages_PyQt6 --> node_venv_lib_python3_12_site-packages_PyQt6_bindings["bindings"]\n    node_venv_lib_python3_12_site-packages_PyQt6_bindings --> node_venv_lib_python3_12_site-packages_PyQt6_bindings_QtNetwork["QtNetwork"]\n    node_venv_lib_python3_12_site-packages_PyQt6_bindings_QtNetwork --> node_venv_lib_python3_12_site-packages_PyQt6_bindings_QtNetwork_qpynetwork_qlist_sip["qpynetwork_qlist.sip"]\n    Root --> node_venv["venv"]\n    node_venv --> node_venv_lib["lib"]\n    node_venv_lib --> node_venv_lib_python3_12["python3.12"]\n    node_venv_lib_python3_12 --> node_venv_lib_python3_12_site-packages["site-packages"]\n    node_venv_lib_python3_12_site-packages --> node_venv_lib_python3_12_site-packages_PyQt6["PyQt6"]\n    node_venv_lib_python3_12_site-packages_PyQt6 --> node_venv_lib_python3_12_site-packages_PyQt6_bindings["bindings"]\n    node_venv_lib_python3_12_site-packages_PyQt6_bindings --> node_venv_lib_python3_12_site-packages_PyQt6_bindings_QtNetwork["QtNetwork"]\n    node_venv_lib_python3_12_site-packages_PyQt6_bindings_QtNetwork --> node_venv_lib_python3_12_site-packages_PyQt6_bindings_QtNetwork_qpynetwork_qmap_sip["qpynetwork_qmap.sip"]\n    Root --> node_venv["venv"]\n    node_venv --> node_venv_lib["lib"]\n    node_venv_lib --> node_venv_lib_python3_12["python3.12"]\n    node_venv_lib_python3_12 --> node_venv_lib_python3_12_site-packages["site-packages"]\n    node_venv_lib_python3_12_site-packages --> node_venv_lib_python3_12_site-packages_PyQt6["PyQt6"]\n    node_venv_lib_python3_12_site-packages_PyQt6 --> node_venv_lib_python3_12_site-packages_PyQt6_bindings["bindings"]\n    node_venv_lib_python3_12_site-packages_PyQt6_bindings --> node_venv_lib_python3_12_site-packages_PyQt6_bindings_QtNetwork["QtNetwork"]\n    node_venv_lib_python3_12_site-packages_PyQt6_bindings_QtNetwork --> node_venv_lib_python3_12_site-packages_PyQt6_bindings_QtNetwork_qrestaccessmanager_sip["qrestaccessmanager.sip"]\n    Root --> node_venv["venv"]\n    node_venv --> node_venv_lib["lib"]\n    node_venv_lib --> node_venv_lib_python3_12["python3.12"]\n    node_venv_lib_python3_12 --> node_venv_lib_python3_12_site-packages["site-packages"]\n    node_venv_lib_python3_12_site-packages --> node_venv_lib_python3_12_site-packages_PyQt6["PyQt6"]\n    node_venv_lib_python3_12_site-packages_PyQt6 --> node_venv_lib_python3_12_site-packages_PyQt6_bindings["bindings"]\n    node_venv_lib_python3_12_site-packages_PyQt6_bindings --> node_venv_lib_python3_12_site-packages_PyQt6_bindings_QtNetwork["QtNetwork"]\n    node_venv_lib_python3_12_site-packages_PyQt6_bindings_QtNetwork --> node_venv_lib_python3_12_site-packages_PyQt6_bindings_QtNetwork_qrestreply_sip["qrestreply.sip"]\n    Root --> node_venv["venv"]\n    node_venv --> node_venv_lib["lib"]\n    node_venv_lib --> node_venv_lib_python3_12["python3.12"]\n    node_venv_lib_python3_12 --> node_venv_lib_python3_12_site-packages["site-packages"]\n    node_venv_lib_python3_12_site-packages --> node_venv_lib_python3_12_site-packages_PyQt6["PyQt6"]\n    node_venv_lib_python3_12_site-packages_PyQt6 --> node_venv_lib_python3_12_site-packages_PyQt6_bindings["bindings"]\n    node_venv_lib_python3_12_site-packages_PyQt6_bindings --> node_venv_lib_python3_12_site-packages_PyQt6_bindings_QtNetwork["QtNetwork"]\n    node_venv_lib_python3_12_site-packages_PyQt6_bindings_QtNetwork --> node_venv_lib_python3_12_site-packages_PyQt6_bindings_QtNetwork_qssl_sip["qssl.sip"]\n    Root --> node_venv["venv"]\n    node_venv --> node_venv_lib["lib"]\n    node_venv_lib --> node_venv_lib_python3_12["python3.12"]\n    node_venv_lib_python3_12 --> node_venv_lib_python3_12_site-packages["site-packages"]\n    node_venv_lib_python3_12_site-packages --> node_venv_lib_python3_12_site-packages_PyQt6["PyQt6"]\n    node_venv_lib_python3_12_site-packages_PyQt6 --> node_venv_lib_python3_12_site-packages_PyQt6_bindings["bindings"]\n    node_venv_lib_python3_12_site-packages_PyQt6_bindings --> node_venv_lib_python3_12_site-packages_PyQt6_bindings_QtNetwork["QtNetwork"]\n    node_venv_lib_python3_12_site-packages_PyQt6_bindings_QtNetwork --> node_venv_lib_python3_12_site-packages_PyQt6_bindings_QtNetwork_qsslcertificate_sip["qsslcertificate.sip"]\n    Root --> node_venv["venv"]\n    node_venv --> node_venv_lib["lib"]\n    node_venv_lib --> node_venv_lib_python3_12["python3.12"]\n    node_venv_lib_python3_12 --> node_venv_lib_python3_12_site-packages["site-packages"]\n    node_venv_lib_python3_12_site-packages --> node_venv_lib_python3_12_site-packages_PyQt6["PyQt6"]\n    node_venv_lib_python3_12_site-packages_PyQt6 --> node_venv_lib_python3_12_site-packages_PyQt6_bindings["bindings"]\n    node_venv_lib_python3_12_site-packages_PyQt6_bindings --> node_venv_lib_python3_12_site-packages_PyQt6_bindings_QtNetwork["QtNetwork"]\n    node_venv_lib_python3_12_site-packages_PyQt6_bindings_QtNetwork --> node_venv_lib_python3_12_site-packages_PyQt6_bindings_QtNetwork_qsslcertificateextension_sip["qsslcertificateextension.sip"]\n    Root --> node_venv["venv"]\n    node_venv --> node_venv_lib["lib"]\n    node_venv_lib --> node_venv_lib_python3_12["python3.12"]\n    node_venv_lib_python3_12 --> node_venv_lib_python3_12_site-packages["site-packages"]\n    node_venv_lib_python3_12_site-packages --> node_venv_lib_python3_12_site-packages_PyQt6["PyQt6"]\n    node_venv_lib_python3_12_site-packages_PyQt6 --> node_venv_lib_python3_12_site-packages_PyQt6_bindings["bindings"]\n    node_venv_lib_python3_12_site-packages_PyQt6_bindings --> node_venv_lib_python3_12_site-packages_PyQt6_bindings_QtNetwork["QtNetwork"]\n    node_venv_lib_python3_12_site-packages_PyQt6_bindings_QtNetwork --> node_venv_lib_python3_12_site-packages_PyQt6_bindings_QtNetwork_qsslcipher_sip["qsslcipher.sip"]\n    Root --> node_venv["venv"]\n    node_venv --> node_venv_lib["lib"]\n    node_venv_lib --> node_venv_lib_python3_12["python3.12"]\n    node_venv_lib_python3_12 --> node_venv_lib_python3_12_site-packages["site-packages"]\n    node_venv_lib_python3_12_site-packages --> node_venv_lib_python3_12_site-packages_PyQt6["PyQt6"]\n    node_venv_lib_python3_12_site-packages_PyQt6 --> node_venv_lib_python3_12_site-packages_PyQt6_bindings["bindings"]\n    node_venv_lib_python3_12_site-packages_PyQt6_bindings --> node_venv_lib_python3_12_site-packages_PyQt6_bindings_QtNetwork["QtNetwork"]\n    node_venv_lib_python3_12_site-packages_PyQt6_bindings_QtNetwork --> node_venv_lib_python3_12_site-packages_PyQt6_bindings_QtNetwork_qsslconfiguration_sip["qsslconfiguration.sip"]\n    Root --> node_venv["venv"]\n    node_venv --> node_venv_lib["lib"]\n    node_venv_lib --> node_venv_lib_python3_12["python3.12"]\n    node_venv_lib_python3_12 --> node_venv_lib_python3_12_site-packages["site-packages"]\n    node_venv_lib_python3_12_site-packages --> node_venv_lib_python3_12_site-packages_PyQt6["PyQt6"]\n    node_venv_lib_python3_12_site-packages_PyQt6 --> node_venv_lib_python3_12_site-packages_PyQt6_bindings["bindings"]\n    node_venv_lib_python3_12_site-packages_PyQt6_bindings --> node_venv_lib_python3_12_site-packages_PyQt6_bindings_QtNetwork["QtNetwork"]\n    node_venv_lib_python3_12_site-packages_PyQt6_bindings_QtNetwork --> node_venv_lib_python3_12_site-packages_PyQt6_bindings_QtNetwork_qssldiffiehellmanparameters_sip["qssldiffiehellmanparameters.sip"]\n    Root --> node_venv["venv"]\n    node_venv --> node_venv_lib["lib"]\n    node_venv_lib --> node_venv_lib_python3_12["python3.12"]\n    node_venv_lib_python3_12 --> node_venv_lib_python3_12_site-packages["site-packages"]\n    node_venv_lib_python3_12_site-packages --> node_venv_lib_python3_12_site-packages_PyQt6["PyQt6"]\n    node_venv_lib_python3_12_site-packages_PyQt6 --> node_venv_lib_python3_12_site-packages_PyQt6_bindings["bindings"]\n    node_venv_lib_python3_12_site-packages_PyQt6_bindings --> node_venv_lib_python3_12_site-packages_PyQt6_bindings_QtNetwork["QtNetwork"]\n    node_venv_lib_python3_12_site-packages_PyQt6_bindings_QtNetwork --> node_venv_lib_python3_12_site-packages_PyQt6_bindings_QtNetwork_qsslellipticcurve_sip["qsslellipticcurve.sip"]\n    Root --> node_venv["venv"]\n    node_venv --> node_venv_lib["lib"]\n    node_venv_lib --> node_venv_lib_python3_12["python3.12"]\n    node_venv_lib_python3_12 --> node_venv_lib_python3_12_site-packages["site-packages"]\n    node_venv_lib_python3_12_site-packages --> node_venv_lib_python3_12_site-packages_PyQt6["PyQt6"]\n    node_venv_lib_python3_12_site-packages_PyQt6 --> node_venv_lib_python3_12_site-packages_PyQt6_bindings["bindings"]\n    node_venv_lib_python3_12_site-packages_PyQt6_bindings --> node_venv_lib_python3_12_site-packages_PyQt6_bindings_QtNetwork["QtNetwork"]\n    node_venv_lib_python3_12_site-packages_PyQt6_bindings_QtNetwork --> node_venv_lib_python3_12_site-packages_PyQt6_bindings_QtNetwork_qsslerror_sip["qsslerror.sip"]\n    Root --> node_venv["venv"]\n    node_venv --> node_venv_lib["lib"]\n    node_venv_lib --> node_venv_lib_python3_12["python3.12"]\n    node_venv_lib_python3_12 --> node_venv_lib_python3_12_site-packages["site-packages"]\n    node_venv_lib_python3_12_site-packages --> node_venv_lib_python3_12_site-packages_PyQt6["PyQt6"]\n    node_venv_lib_python3_12_site-packages_PyQt6 --> node_venv_lib_python3_12_site-packages_PyQt6_bindings["bindings"]\n    node_venv_lib_python3_12_site-packages_PyQt6_bindings --> node_venv_lib_python3_12_site-packages_PyQt6_bindings_QtNetwork["QtNetwork"]\n    node_venv_lib_python3_12_site-packages_PyQt6_bindings_QtNetwork --> node_venv_lib_python3_12_site-packages_PyQt6_bindings_QtNetwork_qsslkey_sip["qsslkey.sip"]\n    Root --> node_venv["venv"]\n    node_venv --> node_venv_lib["lib"]\n    node_venv_lib --> node_venv_lib_python3_12["python3.12"]\n    node_venv_lib_python3_12 --> node_venv_lib_python3_12_site-packages["site-packages"]\n    node_venv_lib_python3_12_site-packages --> node_venv_lib_python3_12_site-packages_PyQt6["PyQt6"]\n    node_venv_lib_python3_12_site-packages_PyQt6 --> node_venv_lib_python3_12_site-packages_PyQt6_bindings["bindings"]\n    node_venv_lib_python3_12_site-packages_PyQt6_bindings --> node_venv_lib_python3_12_site-packages_PyQt6_bindings_QtNetwork["QtNetwork"]\n    node_venv_lib_python3_12_site-packages_PyQt6_bindings_QtNetwork --> node_venv_lib_python3_12_site-packages_PyQt6_bindings_QtNetwork_qsslpresharedkeyauthenticator_sip["qsslpresharedkeyauthenticator.sip"]\n    Root --> node_venv["venv"]\n    node_venv --> node_venv_lib["lib"]\n    node_venv_lib --> node_venv_lib_python3_12["python3.12"]\n    node_venv_lib_python3_12 --> node_venv_lib_python3_12_site-packages["site-packages"]\n    node_venv_lib_python3_12_site-packages --> node_venv_lib_python3_12_site-packages_PyQt6["PyQt6"]\n    node_venv_lib_python3_12_site-packages_PyQt6 --> node_venv_lib_python3_12_site-packages_PyQt6_bindings["bindings"]\n    node_venv_lib_python3_12_site-packages_PyQt6_bindings --> node_venv_lib_python3_12_site-packages_PyQt6_bindings_QtNetwork["QtNetwork"]\n    node_venv_lib_python3_12_site-packages_PyQt6_bindings_QtNetwork --> node_venv_lib_python3_12_site-packages_PyQt6_bindings_QtNetwork_qsslserver_sip["qsslserver.sip"]\n    Root --> node_venv["venv"]\n    node_venv --> node_venv_lib["lib"]\n    node_venv_lib --> node_venv_lib_python3_12["python3.12"]\n    node_venv_lib_python3_12 --> node_venv_lib_python3_12_site-packages["site-packages"]\n    node_venv_lib_python3_12_site-packages --> node_venv_lib_python3_12_site-packages_PyQt6["PyQt6"]\n    node_venv_lib_python3_12_site-packages_PyQt6 --> node_venv_lib_python3_12_site-packages_PyQt6_bindings["bindings"]\n    node_venv_lib_python3_12_site-packages_PyQt6_bindings --> node_venv_lib_python3_12_site-packages_PyQt6_bindings_QtNetwork["QtNetwork"]\n    node_venv_lib_python3_12_site-packages_PyQt6_bindings_QtNetwork --> node_venv_lib_python3_12_site-packages_PyQt6_bindings_QtNetwork_qsslsocket_sip["qsslsocket.sip"]\n    Root --> node_venv["venv"]\n    node_venv --> node_venv_lib["lib"]\n    node_venv_lib --> node_venv_lib_python3_12["python3.12"]\n    node_venv_lib_python3_12 --> node_venv_lib_python3_12_site-packages["site-packages"]\n    node_venv_lib_python3_12_site-packages --> node_venv_lib_python3_12_site-packages_PyQt6["PyQt6"]\n    node_venv_lib_python3_12_site-packages_PyQt6 --> node_venv_lib_python3_12_site-packages_PyQt6_bindings["bindings"]\n    node_venv_lib_python3_12_site-packages_PyQt6_bindings --> node_venv_lib_python3_12_site-packages_PyQt6_bindings_QtNetwork["QtNetwork"]\n    node_venv_lib_python3_12_site-packages_PyQt6_bindings_QtNetwork --> node_venv_lib_python3_12_site-packages_PyQt6_bindings_QtNetwork_qtcpserver_sip["qtcpserver.sip"]\n    Root --> node_venv["venv"]\n    node_venv --> node_venv_lib["lib"]\n    node_venv_lib --> node_venv_lib_python3_12["python3.12"]\n    node_venv_lib_python3_12 --> node_venv_lib_python3_12_site-packages["site-packages"]\n    node_venv_lib_python3_12_site-packages --> node_venv_lib_python3_12_site-packages_PyQt6["PyQt6"]\n    node_venv_lib_python3_12_site-packages_PyQt6 --> node_venv_lib_python3_12_site-packages_PyQt6_bindings["bindings"]\n    node_venv_lib_python3_12_site-packages_PyQt6_bindings --> node_venv_lib_python3_12_site-packages_PyQt6_bindings_QtNetwork["QtNetwork"]\n    node_venv_lib_python3_12_site-packages_PyQt6_bindings_QtNetwork --> node_venv_lib_python3_12_site-packages_PyQt6_bindings_QtNetwork_qtcpsocket_sip["qtcpsocket.sip"]\n    Root --> node_venv["venv"]\n    node_venv --> node_venv_lib["lib"]\n    node_venv_lib --> node_venv_lib_python3_12["python3.12"]\n    node_venv_lib_python3_12 --> node_venv_lib_python3_12_site-packages["site-packages"]\n    node_venv_lib_python3_12_site-packages --> node_venv_lib_python3_12_site-packages_PyQt6["PyQt6"]\n    node_venv_lib_python3_12_site-packages_PyQt6 --> node_venv_lib_python3_12_site-packages_PyQt6_bindings["bindings"]\n    node_venv_lib_python3_12_site-packages_PyQt6_bindings --> node_venv_lib_python3_12_site-packages_PyQt6_bindings_QtNetwork["QtNetwork"]\n    node_venv_lib_python3_12_site-packages_PyQt6_bindings_QtNetwork --> node_venv_lib_python3_12_site-packages_PyQt6_bindings_QtNetwork_qudpsocket_sip["qudpsocket.sip"]\n    Root --> node_venv["venv"]\n    node_venv --> node_venv_lib["lib"]\n    node_venv_lib --> node_venv_lib_python3_12["python3.12"]\n    node_venv_lib_python3_12 --> node_venv_lib_python3_12_site-packages["site-packages"]\n    node_venv_lib_python3_12_site-packages --> node_venv_lib_python3_12_site-packages_PyQt6["PyQt6"]\n    node_venv_lib_python3_12_site-packages_PyQt6 --> node_venv_lib_python3_12_site-packages_PyQt6_bindings["bindings"]\n    node_venv_lib_python3_12_site-packages_PyQt6_bindings --> node_venv_lib_python3_12_site-packages_PyQt6_bindings_QtStateMachine["QtStateMachine"]\n    node_venv_lib_python3_12_site-packages_PyQt6_bindings_QtStateMachine --> node_venv_lib_python3_12_site-packages_PyQt6_bindings_QtStateMachine_QtStateMachine_toml["QtStateMachine.toml"]\n    Root --> node_venv["venv"]\n    node_venv --> node_venv_lib["lib"]\n    node_venv_lib --> node_venv_lib_python3_12["python3.12"]\n    node_venv_lib_python3_12 --> node_venv_lib_python3_12_site-packages["site-packages"]\n    node_venv_lib_python3_12_site-packages --> node_venv_lib_python3_12_site-packages_PyQt6["PyQt6"]\n    node_venv_lib_python3_12_site-packages_PyQt6 --> node_venv_lib_python3_12_site-packages_PyQt6_bindings["bindings"]\n    node_venv_lib_python3_12_site-packages_PyQt6_bindings --> node_venv_lib_python3_12_site-packages_PyQt6_bindings_QtStateMachine["QtStateMachine"]\n    node_venv_lib_python3_12_site-packages_PyQt6_bindings_QtStateMachine --> node_venv_lib_python3_12_site-packages_PyQt6_bindings_QtStateMachine_QtStateMachinemod_sip["QtStateMachinemod.sip"]\n    Root --> node_venv["venv"]\n    node_venv --> node_venv_lib["lib"]\n    node_venv_lib --> node_venv_lib_python3_12["python3.12"]\n    node_venv_lib_python3_12 --> node_venv_lib_python3_12_site-packages["site-packages"]\n    node_venv_lib_python3_12_site-packages --> node_venv_lib_python3_12_site-packages_PyQt6["PyQt6"]\n    node_venv_lib_python3_12_site-packages_PyQt6 --> node_venv_lib_python3_12_site-packages_PyQt6_bindings["bindings"]\n    node_venv_lib_python3_12_site-packages_PyQt6_bindings --> node_venv_lib_python3_12_site-packages_PyQt6_bindings_QtStateMachine["QtStateMachine"]\n    node_venv_lib_python3_12_site-packages_PyQt6_bindings_QtStateMachine --> node_venv_lib_python3_12_site-packages_PyQt6_bindings_QtStateMachine_qabstractstate_sip["qabstractstate.sip"]\n    Root --> node_venv["venv"]\n    node_venv --> node_venv_lib["lib"]\n    node_venv_lib --> node_venv_lib_python3_12["python3.12"]\n    node_venv_lib_python3_12 --> node_venv_lib_python3_12_site-packages["site-packages"]\n    node_venv_lib_python3_12_site-packages --> node_venv_lib_python3_12_site-packages_PyQt6["PyQt6"]\n    node_venv_lib_python3_12_site-packages_PyQt6 --> node_venv_lib_python3_12_site-packages_PyQt6_bindings["bindings"]\n    node_venv_lib_python3_12_site-packages_PyQt6_bindings --> node_venv_lib_python3_12_site-packages_PyQt6_bindings_QtStateMachine["QtStateMachine"]\n    node_venv_lib_python3_12_site-packages_PyQt6_bindings_QtStateMachine --> node_venv_lib_python3_12_site-packages_PyQt6_bindings_QtStateMachine_qabstracttransition_sip["qabstracttransition.sip"]\n    Root --> node_venv["venv"]\n    node_venv --> node_venv_lib["lib"]\n    node_venv_lib --> node_venv_lib_python3_12["python3.12"]\n    node_venv_lib_python3_12 --> node_venv_lib_python3_12_site-packages["site-packages"]\n    node_venv_lib_python3_12_site-packages --> node_venv_lib_python3_12_site-packages_PyQt6["PyQt6"]\n    node_venv_lib_python3_12_site-packages_PyQt6 --> node_venv_lib_python3_12_site-packages_PyQt6_bindings["bindings"]\n    node_venv_lib_python3_12_site-packages_PyQt6_bindings --> node_venv_lib_python3_12_site-packages_PyQt6_bindings_QtStateMachine["QtStateMachine"]\n    node_venv_lib_python3_12_site-packages_PyQt6_bindings_QtStateMachine --> node_venv_lib_python3_12_site-packages_PyQt6_bindings_QtStateMachine_qeventtransition_sip["qeventtransition.sip"]\n    Root --> node_venv["venv"]\n    node_venv --> node_venv_lib["lib"]\n    node_venv_lib --> node_venv_lib_python3_12["python3.12"]\n    node_venv_lib_python3_12 --> node_venv_lib_python3_12_site-packages["site-packages"]\n    node_venv_lib_python3_12_site-packages --> node_venv_lib_python3_12_site-packages_PyQt6["PyQt6"]\n    node_venv_lib_python3_12_site-packages_PyQt6 --> node_venv_lib_python3_12_site-packages_PyQt6_bindings["bindings"]\n    node_venv_lib_python3_12_site-packages_PyQt6_bindings --> node_venv_lib_python3_12_site-packages_PyQt6_bindings_QtStateMachine["QtStateMachine"]\n    node_venv_lib_python3_12_site-packages_PyQt6_bindings_QtStateMachine --> node_venv_lib_python3_12_site-packages_PyQt6_bindings_QtStateMachine_qfinalstate_sip["qfinalstate.sip"]\n    Root --> node_venv["venv"]\n    node_venv --> node_venv_lib["lib"]\n    node_venv_lib --> node_venv_lib_python3_12["python3.12"]\n    node_venv_lib_python3_12 --> node_venv_lib_python3_12_site-packages["site-packages"]\n    node_venv_lib_python3_12_site-packages --> node_venv_lib_python3_12_site-packages_PyQt6["PyQt6"]\n    node_venv_lib_python3_12_site-packages_PyQt6 --> node_venv_lib_python3_12_site-packages_PyQt6_bindings["bindings"]\n    node_venv_lib_python3_12_site-packages_PyQt6_bindings --> node_venv_lib_python3_12_site-packages_PyQt6_bindings_QtStateMachine["QtStateMachine"]\n    node_venv_lib_python3_12_site-packages_PyQt6_bindings_QtStateMachine --> node_venv_lib_python3_12_site-packages_PyQt6_bindings_QtStateMachine_qhistorystate_sip["qhistorystate.sip"]\n    Root --> node_venv["venv"]\n    node_venv --> node_venv_lib["lib"]\n    node_venv_lib --> node_venv_lib_python3_12["python3.12"]\n    node_venv_lib_python3_12 --> node_venv_lib_python3_12_site-packages["site-packages"]\n    node_venv_lib_python3_12_site-packages --> node_venv_lib_python3_12_site-packages_PyQt6["PyQt6"]\n    node_venv_lib_python3_12_site-packages_PyQt6 --> node_venv_lib_python3_12_site-packages_PyQt6_bindings["bindings"]\n    node_venv_lib_python3_12_site-packages_PyQt6_bindings --> node_venv_lib_python3_12_site-packages_PyQt6_bindings_QtStateMachine["QtStateMachine"]\n    node_venv_lib_python3_12_site-packages_PyQt6_bindings_QtStateMachine --> node_venv_lib_python3_12_site-packages_PyQt6_bindings_QtStateMachine_qkeyeventtransition_sip["qkeyeventtransition.sip"]\n    Root --> node_venv["venv"]\n    node_venv --> node_venv_lib["lib"]\n    node_venv_lib --> node_venv_lib_python3_12["python3.12"]\n    node_venv_lib_python3_12 --> node_venv_lib_python3_12_site-packages["site-packages"]\n    node_venv_lib_python3_12_site-packages --> node_venv_lib_python3_12_site-packages_PyQt6["PyQt6"]\n    node_venv_lib_python3_12_site-packages_PyQt6 --> node_venv_lib_python3_12_site-packages_PyQt6_bindings["bindings"]\n    node_venv_lib_python3_12_site-packages_PyQt6_bindings --> node_venv_lib_python3_12_site-packages_PyQt6_bindings_QtStateMachine["QtStateMachine"]\n    node_venv_lib_python3_12_site-packages_PyQt6_bindings_QtStateMachine --> node_venv_lib_python3_12_site-packages_PyQt6_bindings_QtStateMachine_qmouseeventtransition_sip["qmouseeventtransition.sip"]\n    Root --> node_venv["venv"]\n    node_venv --> node_venv_lib["lib"]\n    node_venv_lib --> node_venv_lib_python3_12["python3.12"]\n    node_venv_lib_python3_12 --> node_venv_lib_python3_12_site-packages["site-packages"]\n    node_venv_lib_python3_12_site-packages --> node_venv_lib_python3_12_site-packages_PyQt6["PyQt6"]\n    node_venv_lib_python3_12_site-packages_PyQt6 --> node_venv_lib_python3_12_site-packages_PyQt6_bindings["bindings"]\n    node_venv_lib_python3_12_site-packages_PyQt6_bindings --> node_venv_lib_python3_12_site-packages_PyQt6_bindings_QtStateMachine["QtStateMachine"]\n    node_venv_lib_python3_12_site-packages_PyQt6_bindings_QtStateMachine --> node_venv_lib_python3_12_site-packages_PyQt6_bindings_QtStateMachine_qsignaltransition_sip["qsignaltransition.sip"]\n    Root --> node_venv["venv"]\n    node_venv --> node_venv_lib["lib"]\n    node_venv_lib --> node_venv_lib_python3_12["python3.12"]\n    node_venv_lib_python3_12 --> node_venv_lib_python3_12_site-packages["site-packages"]\n    node_venv_lib_python3_12_site-packages --> node_venv_lib_python3_12_site-packages_PyQt6["PyQt6"]\n    node_venv_lib_python3_12_site-packages_PyQt6 --> node_venv_lib_python3_12_site-packages_PyQt6_bindings["bindings"]\n    node_venv_lib_python3_12_site-packages_PyQt6_bindings --> node_venv_lib_python3_12_site-packages_PyQt6_bindings_QtStateMachine["QtStateMachine"]\n    node_venv_lib_python3_12_site-packages_PyQt6_bindings_QtStateMachine --> node_venv_lib_python3_12_site-packages_PyQt6_bindings_QtStateMachine_qstate_sip["qstate.sip"]\n    Root --> node_venv["venv"]\n    node_venv --> node_venv_lib["lib"]\n    node_venv_lib --> node_venv_lib_python3_12["python3.12"]\n    node_venv_lib_python3_12 --> node_venv_lib_python3_12_site-packages["site-packages"]\n    node_venv_lib_python3_12_site-packages --> node_venv_lib_python3_12_site-packages_PyQt6["PyQt6"]\n    node_venv_lib_python3_12_site-packages_PyQt6 --> node_venv_lib_python3_12_site-packages_PyQt6_bindings["bindings"]\n    node_venv_lib_python3_12_site-packages_PyQt6_bindings --> node_venv_lib_python3_12_site-packages_PyQt6_bindings_QtStateMachine["QtStateMachine"]\n    node_venv_lib_python3_12_site-packages_PyQt6_bindings_QtStateMachine --> node_venv_lib_python3_12_site-packages_PyQt6_bindings_QtStateMachine_qstatemachine_sip["qstatemachine.sip"]\n    Root --> node_venv["venv"]\n    node_venv --> node_venv_lib["lib"]\n    node_venv_lib --> node_venv_lib_python3_12["python3.12"]\n    node_venv_lib_python3_12 --> node_venv_lib_python3_12_site-packages["site-packages"]\n    node_venv_lib_python3_12_site-packages --> node_venv_lib_python3_12_site-packages_PyQt6["PyQt6"]\n    node_venv_lib_python3_12_site-packages_PyQt6 --> node_venv_lib_python3_12_site-packages_PyQt6_bindings["bindings"]\n    node_venv_lib_python3_12_site-packages_PyQt6_bindings --> node_venv_lib_python3_12_site-packages_PyQt6_bindings_QtDesigner["QtDesigner"]\n    node_venv_lib_python3_12_site-packages_PyQt6_bindings_QtDesigner --> node_venv_lib_python3_12_site-packages_PyQt6_bindings_QtDesigner_QtDesigner_toml["QtDesigner.toml"]\n    Root --> node_venv["venv"]\n    node_venv --> node_venv_lib["lib"]\n    node_venv_lib --> node_venv_lib_python3_12["python3.12"]\n    node_venv_lib_python3_12 --> node_venv_lib_python3_12_site-packages["site-packages"]\n    node_venv_lib_python3_12_site-packages --> node_venv_lib_python3_12_site-packages_PyQt6["PyQt6"]\n    node_venv_lib_python3_12_site-packages_PyQt6 --> node_venv_lib_python3_12_site-packages_PyQt6_bindings["bindings"]\n    node_venv_lib_python3_12_site-packages_PyQt6_bindings --> node_venv_lib_python3_12_site-packages_PyQt6_bindings_QtDesigner["QtDesigner"]\n    node_venv_lib_python3_12_site-packages_PyQt6_bindings_QtDesigner --> node_venv_lib_python3_12_site-packages_PyQt6_bindings_QtDesigner_QtDesignermod_sip["QtDesignermod.sip"]\n    Root --> node_venv["venv"]\n    node_venv --> node_venv_lib["lib"]\n    node_venv_lib --> node_venv_lib_python3_12["python3.12"]\n    node_venv_lib_python3_12 --> node_venv_lib_python3_12_site-packages["site-packages"]\n    node_venv_lib_python3_12_site-packages --> node_venv_lib_python3_12_site-packages_PyQt6["PyQt6"]\n    node_venv_lib_python3_12_site-packages_PyQt6 --> node_venv_lib_python3_12_site-packages_PyQt6_bindings["bindings"]\n    node_venv_lib_python3_12_site-packages_PyQt6_bindings --> node_venv_lib_python3_12_site-packages_PyQt6_bindings_QtDesigner["QtDesigner"]\n    node_venv_lib_python3_12_site-packages_PyQt6_bindings_QtDesigner --> node_venv_lib_python3_12_site-packages_PyQt6_bindings_QtDesigner_abstractactioneditor_sip["abstractactioneditor.sip"]\n    Root --> node_venv["venv"]\n    node_venv --> node_venv_lib["lib"]\n    node_venv_lib --> node_venv_lib_python3_12["python3.12"]\n    node_venv_lib_python3_12 --> node_venv_lib_python3_12_site-packages["site-packages"]\n    node_venv_lib_python3_12_site-packages --> node_venv_lib_python3_12_site-packages_PyQt6["PyQt6"]\n    node_venv_lib_python3_12_site-packages_PyQt6 --> node_venv_lib_python3_12_site-packages_PyQt6_bindings["bindings"]\n    node_venv_lib_python3_12_site-packages_PyQt6_bindings --> node_venv_lib_python3_12_site-packages_PyQt6_bindings_QtDesigner["QtDesigner"]\n    node_venv_lib_python3_12_site-packages_PyQt6_bindings_QtDesigner --> node_venv_lib_python3_12_site-packages_PyQt6_bindings_QtDesigner_abstractformbuilder_sip["abstractformbuilder.sip"]\n    Root --> node_venv["venv"]\n    node_venv --> node_venv_lib["lib"]\n    node_venv_lib --> node_venv_lib_python3_12["python3.12"]\n    node_venv_lib_python3_12 --> node_venv_lib_python3_12_site-packages["site-packages"]\n    node_venv_lib_python3_12_site-packages --> node_venv_lib_python3_12_site-packages_PyQt6["PyQt6"]\n    node_venv_lib_python3_12_site-packages_PyQt6 --> node_venv_lib_python3_12_site-packages_PyQt6_bindings["bindings"]\n    node_venv_lib_python3_12_site-packages_PyQt6_bindings --> node_venv_lib_python3_12_site-packages_PyQt6_bindings_QtDesigner["QtDesigner"]\n    node_venv_lib_python3_12_site-packages_PyQt6_bindings_QtDesigner --> node_venv_lib_python3_12_site-packages_PyQt6_bindings_QtDesigner_abstractformeditor_sip["abstractformeditor.sip"]\n    Root --> node_venv["venv"]\n    node_venv --> node_venv_lib["lib"]\n    node_venv_lib --> node_venv_lib_python3_12["python3.12"]\n    node_venv_lib_python3_12 --> node_venv_lib_python3_12_site-packages["site-packages"]\n    node_venv_lib_python3_12_site-packages --> node_venv_lib_python3_12_site-packages_PyQt6["PyQt6"]\n    node_venv_lib_python3_12_site-packages_PyQt6 --> node_venv_lib_python3_12_site-packages_PyQt6_bindings["bindings"]\n    node_venv_lib_python3_12_site-packages_PyQt6_bindings --> node_venv_lib_python3_12_site-packages_PyQt6_bindings_QtDesigner["QtDesigner"]\n    node_venv_lib_python3_12_site-packages_PyQt6_bindings_QtDesigner --> node_venv_lib_python3_12_site-packages_PyQt6_bindings_QtDesigner_abstractformwindow_sip["abstractformwindow.sip"]\n    Root --> node_venv["venv"]\n    node_venv --> node_venv_lib["lib"]\n    node_venv_lib --> node_venv_lib_python3_12["python3.12"]\n    node_venv_lib_python3_12 --> node_venv_lib_python3_12_site-packages["site-packages"]\n    node_venv_lib_python3_12_site-packages --> node_venv_lib_python3_12_site-packages_PyQt6["PyQt6"]\n    node_venv_lib_python3_12_site-packages_PyQt6 --> node_venv_lib_python3_12_site-packages_PyQt6_bindings["bindings"]\n    node_venv_lib_python3_12_site-packages_PyQt6_bindings --> node_venv_lib_python3_12_site-packages_PyQt6_bindings_QtDesigner["QtDesigner"]\n    node_venv_lib_python3_12_site-packages_PyQt6_bindings_QtDesigner --> node_venv_lib_python3_12_site-packages_PyQt6_bindings_QtDesigner_abstractformwindowcursor_sip["abstractformwindowcursor.sip"]\n    Root --> node_venv["venv"]\n    node_venv --> node_venv_lib["lib"]\n    node_venv_lib --> node_venv_lib_python3_12["python3.12"]\n    node_venv_lib_python3_12 --> node_venv_lib_python3_12_site-packages["site-packages"]\n    node_venv_lib_python3_12_site-packages --> node_venv_lib_python3_12_site-packages_PyQt6["PyQt6"]\n    node_venv_lib_python3_12_site-packages_PyQt6 --> node_venv_lib_python3_12_site-packages_PyQt6_bindings["bindings"]\n    node_venv_lib_python3_12_site-packages_PyQt6_bindings --> node_venv_lib_python3_12_site-packages_PyQt6_bindings_QtDesigner["QtDesigner"]\n    node_venv_lib_python3_12_site-packages_PyQt6_bindings_QtDesigner --> node_venv_lib_python3_12_site-packages_PyQt6_bindings_QtDesigner_abstractformwindowmanager_sip["abstractformwindowmanager.sip"]\n    Root --> node_venv["venv"]\n    node_venv --> node_venv_lib["lib"]\n    node_venv_lib --> node_venv_lib_python3_12["python3.12"]\n    node_venv_lib_python3_12 --> node_venv_lib_python3_12_site-packages["site-packages"]\n    node_venv_lib_python3_12_site-packages --> node_venv_lib_python3_12_site-packages_PyQt6["PyQt6"]\n    node_venv_lib_python3_12_site-packages_PyQt6 --> node_venv_lib_python3_12_site-packages_PyQt6_bindings["bindings"]\n    node_venv_lib_python3_12_site-packages_PyQt6_bindings --> node_venv_lib_python3_12_site-packages_PyQt6_bindings_QtDesigner["QtDesigner"]\n    node_venv_lib_python3_12_site-packages_PyQt6_bindings_QtDesigner --> node_venv_lib_python3_12_site-packages_PyQt6_bindings_QtDesigner_abstractobjectinspector_sip["abstractobjectinspector.sip"]\n    Root --> node_venv["venv"]\n    node_venv --> node_venv_lib["lib"]\n    node_venv_lib --> node_venv_lib_python3_12["python3.12"]\n    node_venv_lib_python3_12 --> node_venv_lib_python3_12_site-packages["site-packages"]\n    node_venv_lib_python3_12_site-packages --> node_venv_lib_python3_12_site-packages_PyQt6["PyQt6"]\n    node_venv_lib_python3_12_site-packages_PyQt6 --> node_venv_lib_python3_12_site-packages_PyQt6_bindings["bindings"]\n    node_venv_lib_python3_12_site-packages_PyQt6_bindings --> node_venv_lib_python3_12_site-packages_PyQt6_bindings_QtDesigner["QtDesigner"]\n    node_venv_lib_python3_12_site-packages_PyQt6_bindings_QtDesigner --> node_venv_lib_python3_12_site-packages_PyQt6_bindings_QtDesigner_abstractpropertyeditor_sip["abstractpropertyeditor.sip"]\n    Root --> node_venv["venv"]\n    node_venv --> node_venv_lib["lib"]\n    node_venv_lib --> node_venv_lib_python3_12["python3.12"]\n    node_venv_lib_python3_12 --> node_venv_lib_python3_12_site-packages["site-packages"]\n    node_venv_lib_python3_12_site-packages --> node_venv_lib_python3_12_site-packages_PyQt6["PyQt6"]\n    node_venv_lib_python3_12_site-packages_PyQt6 --> node_venv_lib_python3_12_site-packages_PyQt6_bindings["bindings"]\n    node_venv_lib_python3_12_site-packages_PyQt6_bindings --> node_venv_lib_python3_12_site-packages_PyQt6_bindings_QtDesigner["QtDesigner"]\n    node_venv_lib_python3_12_site-packages_PyQt6_bindings_QtDesigner --> node_venv_lib_python3_12_site-packages_PyQt6_bindings_QtDesigner_abstractwidgetbox_sip["abstractwidgetbox.sip"]\n    Root --> node_venv["venv"]\n    node_venv --> node_venv_lib["lib"]\n    node_venv_lib --> node_venv_lib_python3_12["python3.12"]\n    node_venv_lib_python3_12 --> node_venv_lib_python3_12_site-packages["site-packages"]\n    node_venv_lib_python3_12_site-packages --> node_venv_lib_python3_12_site-packages_PyQt6["PyQt6"]\n    node_venv_lib_python3_12_site-packages_PyQt6 --> node_venv_lib_python3_12_site-packages_PyQt6_bindings["bindings"]\n    node_venv_lib_python3_12_site-packages_PyQt6_bindings --> node_venv_lib_python3_12_site-packages_PyQt6_bindings_QtDesigner["QtDesigner"]\n    node_venv_lib_python3_12_site-packages_PyQt6_bindings_QtDesigner --> node_venv_lib_python3_12_site-packages_PyQt6_bindings_QtDesigner_container_sip["container.sip"]\n    Root --> node_venv["venv"]\n    node_venv --> node_venv_lib["lib"]\n    node_venv_lib --> node_venv_lib_python3_12["python3.12"]\n    node_venv_lib_python3_12 --> node_venv_lib_python3_12_site-packages["site-packages"]\n    node_venv_lib_python3_12_site-packages --> node_venv_lib_python3_12_site-packages_PyQt6["PyQt6"]\n    node_venv_lib_python3_12_site-packages_PyQt6 --> node_venv_lib_python3_12_site-packages_PyQt6_bindings["bindings"]\n    node_venv_lib_python3_12_site-packages_PyQt6_bindings --> node_venv_lib_python3_12_site-packages_PyQt6_bindings_QtDesigner["QtDesigner"]\n    node_venv_lib_python3_12_site-packages_PyQt6_bindings_QtDesigner --> node_venv_lib_python3_12_site-packages_PyQt6_bindings_QtDesigner_customwidget_sip["customwidget.sip"]\n    Root --> node_venv["venv"]\n    node_venv --> node_venv_lib["lib"]\n    node_venv_lib --> node_venv_lib_python3_12["python3.12"]\n    node_venv_lib_python3_12 --> node_venv_lib_python3_12_site-packages["site-packages"]\n    node_venv_lib_python3_12_site-packages --> node_venv_lib_python3_12_site-packages_PyQt6["PyQt6"]\n    node_venv_lib_python3_12_site-packages_PyQt6 --> node_venv_lib_python3_12_site-packages_PyQt6_bindings["bindings"]\n    node_venv_lib_python3_12_site-packages_PyQt6_bindings --> node_venv_lib_python3_12_site-packages_PyQt6_bindings_QtDesigner["QtDesigner"]\n    node_venv_lib_python3_12_site-packages_PyQt6_bindings_QtDesigner --> node_venv_lib_python3_12_site-packages_PyQt6_bindings_QtDesigner_default_extensionfactory_sip["default_extensionfactory.sip"]\n    Root --> node_venv["venv"]\n    node_venv --> node_venv_lib["lib"]\n    node_venv_lib --> node_venv_lib_python3_12["python3.12"]\n    node_venv_lib_python3_12 --> node_venv_lib_python3_12_site-packages["site-packages"]\n    node_venv_lib_python3_12_site-packages --> node_venv_lib_python3_12_site-packages_PyQt6["PyQt6"]\n    node_venv_lib_python3_12_site-packages_PyQt6 --> node_venv_lib_python3_12_site-packages_PyQt6_bindings["bindings"]\n    node_venv_lib_python3_12_site-packages_PyQt6_bindings --> node_venv_lib_python3_12_site-packages_PyQt6_bindings_QtDesigner["QtDesigner"]\n    node_venv_lib_python3_12_site-packages_PyQt6_bindings_QtDesigner --> node_venv_lib_python3_12_site-packages_PyQt6_bindings_QtDesigner_extension_sip["extension.sip"]\n    Root --> node_venv["venv"]\n    node_venv --> node_venv_lib["lib"]\n    node_venv_lib --> node_venv_lib_python3_12["python3.12"]\n    node_venv_lib_python3_12 --> node_venv_lib_python3_12_site-packages["site-packages"]\n    node_venv_lib_python3_12_site-packages --> node_venv_lib_python3_12_site-packages_PyQt6["PyQt6"]\n    node_venv_lib_python3_12_site-packages_PyQt6 --> node_venv_lib_python3_12_site-packages_PyQt6_bindings["bindings"]\n    node_venv_lib_python3_12_site-packages_PyQt6_bindings --> node_venv_lib_python3_12_site-packages_PyQt6_bindings_QtDesigner["QtDesigner"]\n    node_venv_lib_python3_12_site-packages_PyQt6_bindings_QtDesigner --> node_venv_lib_python3_12_site-packages_PyQt6_bindings_QtDesigner_formbuilder_sip["formbuilder.sip"]\n    Root --> node_venv["venv"]\n    node_venv --> node_venv_lib["lib"]\n    node_venv_lib --> node_venv_lib_python3_12["python3.12"]\n    node_venv_lib_python3_12 --> node_venv_lib_python3_12_site-packages["site-packages"]\n    node_venv_lib_python3_12_site-packages --> node_venv_lib_python3_12_site-packages_PyQt6["PyQt6"]\n    node_venv_lib_python3_12_site-packages_PyQt6 --> node_venv_lib_python3_12_site-packages_PyQt6_bindings["bindings"]\n    node_venv_lib_python3_12_site-packages_PyQt6_bindings --> node_venv_lib_python3_12_site-packages_PyQt6_bindings_QtDesigner["QtDesigner"]\n    node_venv_lib_python3_12_site-packages_PyQt6_bindings_QtDesigner --> node_venv_lib_python3_12_site-packages_PyQt6_bindings_QtDesigner_membersheet_sip["membersheet.sip"]\n    Root --> node_venv["venv"]\n    node_venv --> node_venv_lib["lib"]\n    node_venv_lib --> node_venv_lib_python3_12["python3.12"]\n    node_venv_lib_python3_12 --> node_venv_lib_python3_12_site-packages["site-packages"]\n    node_venv_lib_python3_12_site-packages --> node_venv_lib_python3_12_site-packages_PyQt6["PyQt6"]\n    node_venv_lib_python3_12_site-packages_PyQt6 --> node_venv_lib_python3_12_site-packages_PyQt6_bindings["bindings"]\n    node_venv_lib_python3_12_site-packages_PyQt6_bindings --> node_venv_lib_python3_12_site-packages_PyQt6_bindings_QtDesigner["QtDesigner"]\n    node_venv_lib_python3_12_site-packages_PyQt6_bindings_QtDesigner --> node_venv_lib_python3_12_site-packages_PyQt6_bindings_QtDesigner_propertysheet_sip["propertysheet.sip"]\n    Root --> node_venv["venv"]\n    node_venv --> node_venv_lib["lib"]\n    node_venv_lib --> node_venv_lib_python3_12["python3.12"]\n    node_venv_lib_python3_12 --> node_venv_lib_python3_12_site-packages["site-packages"]\n    node_venv_lib_python3_12_site-packages --> node_venv_lib_python3_12_site-packages_PyQt6["PyQt6"]\n    node_venv_lib_python3_12_site-packages_PyQt6 --> node_venv_lib_python3_12_site-packages_PyQt6_bindings["bindings"]\n    node_venv_lib_python3_12_site-packages_PyQt6_bindings --> node_venv_lib_python3_12_site-packages_PyQt6_bindings_QtDesigner["QtDesigner"]\n    node_venv_lib_python3_12_site-packages_PyQt6_bindings_QtDesigner --> node_venv_lib_python3_12_site-packages_PyQt6_bindings_QtDesigner_qextensionmanager_sip["qextensionmanager.sip"]\n    Root --> node_venv["venv"]\n    node_venv --> node_venv_lib["lib"]\n    node_venv_lib --> node_venv_lib_python3_12["python3.12"]\n    node_venv_lib_python3_12 --> node_venv_lib_python3_12_site-packages["site-packages"]\n    node_venv_lib_python3_12_site-packages --> node_venv_lib_python3_12_site-packages_PyQt6["PyQt6"]\n    node_venv_lib_python3_12_site-packages_PyQt6 --> node_venv_lib_python3_12_site-packages_PyQt6_bindings["bindings"]\n    node_venv_lib_python3_12_site-packages_PyQt6_bindings --> node_venv_lib_python3_12_site-packages_PyQt6_bindings_QtDesigner["QtDesigner"]\n    node_venv_lib_python3_12_site-packages_PyQt6_bindings_QtDesigner --> node_venv_lib_python3_12_site-packages_PyQt6_bindings_QtDesigner_qpydesignercontainerextension_sip["qpydesignercontainerextension.sip"]\n    Root --> node_venv["venv"]\n    node_venv --> node_venv_lib["lib"]\n    node_venv_lib --> node_venv_lib_python3_12["python3.12"]\n    node_venv_lib_python3_12 --> node_venv_lib_python3_12_site-packages["site-packages"]\n    node_venv_lib_python3_12_site-packages --> node_venv_lib_python3_12_site-packages_PyQt6["PyQt6"]\n    node_venv_lib_python3_12_site-packages_PyQt6 --> node_venv_lib_python3_12_site-packages_PyQt6_bindings["bindings"]\n    node_venv_lib_python3_12_site-packages_PyQt6_bindings --> node_venv_lib_python3_12_site-packages_PyQt6_bindings_QtDesigner["QtDesigner"]\n    node_venv_lib_python3_12_site-packages_PyQt6_bindings_QtDesigner --> node_venv_lib_python3_12_site-packages_PyQt6_bindings_QtDesigner_qpydesignercustomwidgetcollectionplugin_sip["qpydesignercustomwidgetcollectionplugin.sip"]\n    Root --> node_venv["venv"]\n    node_venv --> node_venv_lib["lib"]\n    node_venv_lib --> node_venv_lib_python3_12["python3.12"]\n    node_venv_lib_python3_12 --> node_venv_lib_python3_12_site-packages["site-packages"]\n    node_venv_lib_python3_12_site-packages --> node_venv_lib_python3_12_site-packages_PyQt6["PyQt6"]\n    node_venv_lib_python3_12_site-packages_PyQt6 --> node_venv_lib_python3_12_site-packages_PyQt6_bindings["bindings"]\n    node_venv_lib_python3_12_site-packages_PyQt6_bindings --> node_venv_lib_python3_12_site-packages_PyQt6_bindings_QtDesigner["QtDesigner"]\n    node_venv_lib_python3_12_site-packages_PyQt6_bindings_QtDesigner --> node_venv_lib_python3_12_site-packages_PyQt6_bindings_QtDesigner_qpydesignercustomwidgetplugin_sip["qpydesignercustomwidgetplugin.sip"]\n    Root --> node_venv["venv"]\n    node_venv --> node_venv_lib["lib"]\n    node_venv_lib --> node_venv_lib_python3_12["python3.12"]\n    node_venv_lib_python3_12 --> node_venv_lib_python3_12_site-packages["site-packages"]\n    node_venv_lib_python3_12_site-packages --> node_venv_lib_python3_12_site-packages_PyQt6["PyQt6"]\n    node_venv_lib_python3_12_site-packages_PyQt6 --> node_venv_lib_python3_12_site-packages_PyQt6_bindings["bindings"]\n    node_venv_lib_python3_12_site-packages_PyQt6_bindings --> node_venv_lib_python3_12_site-packages_PyQt6_bindings_QtDesigner["QtDesigner"]\n    node_venv_lib_python3_12_site-packages_PyQt6_bindings_QtDesigner --> node_venv_lib_python3_12_site-packages_PyQt6_bindings_QtDesigner_qpydesignermembersheetextension_sip["qpydesignermembersheetextension.sip"]\n    Root --> node_venv["venv"]\n    node_venv --> node_venv_lib["lib"]\n    node_venv_lib --> node_venv_lib_python3_12["python3.12"]\n    node_venv_lib_python3_12 --> node_venv_lib_python3_12_site-packages["site-packages"]\n    node_venv_lib_python3_12_site-packages --> node_venv_lib_python3_12_site-packages_PyQt6["PyQt6"]\n    node_venv_lib_python3_12_site-packages_PyQt6 --> node_venv_lib_python3_12_site-packages_PyQt6_bindings["bindings"]\n    node_venv_lib_python3_12_site-packages_PyQt6_bindings --> node_venv_lib_python3_12_site-packages_PyQt6_bindings_QtDesigner["QtDesigner"]\n    node_venv_lib_python3_12_site-packages_PyQt6_bindings_QtDesigner --> node_venv_lib_python3_12_site-packages_PyQt6_bindings_QtDesigner_qpydesignerpropertysheetextension_sip["qpydesignerpropertysheetextension.sip"]\n    Root --> node_venv["venv"]\n    node_venv --> node_venv_lib["lib"]\n    node_venv_lib --> node_venv_lib_python3_12["python3.12"]\n    node_venv_lib_python3_12 --> node_venv_lib_python3_12_site-packages["site-packages"]\n    node_venv_lib_python3_12_site-packages --> node_venv_lib_python3_12_site-packages_PyQt6["PyQt6"]\n    node_venv_lib_python3_12_site-packages_PyQt6 --> node_venv_lib_python3_12_site-packages_PyQt6_bindings["bindings"]\n    node_venv_lib_python3_12_site-packages_PyQt6_bindings --> node_venv_lib_python3_12_site-packages_PyQt6_bindings_QtDesigner["QtDesigner"]\n    node_venv_lib_python3_12_site-packages_PyQt6_bindings_QtDesigner --> node_venv_lib_python3_12_site-packages_PyQt6_bindings_QtDesigner_qpydesignertaskmenuextension_sip["qpydesignertaskmenuextension.sip"]\n    Root --> node_venv["venv"]\n    node_venv --> node_venv_lib["lib"]\n    node_venv_lib --> node_venv_lib_python3_12["python3.12"]\n    node_venv_lib_python3_12 --> node_venv_lib_python3_12_site-packages["site-packages"]\n    node_venv_lib_python3_12_site-packages --> node_venv_lib_python3_12_site-packages_PyQt6["PyQt6"]\n    node_venv_lib_python3_12_site-packages_PyQt6 --> node_venv_lib_python3_12_site-packages_PyQt6_bindings["bindings"]\n    node_venv_lib_python3_12_site-packages_PyQt6_bindings --> node_venv_lib_python3_12_site-packages_PyQt6_bindings_QtDesigner["QtDesigner"]\n    node_venv_lib_python3_12_site-packages_PyQt6_bindings_QtDesigner --> node_venv_lib_python3_12_site-packages_PyQt6_bindings_QtDesigner_taskmenu_sip["taskmenu.sip"]\n    Root --> node_venv["venv"]\n    node_venv --> node_venv_lib["lib"]\n    node_venv_lib --> node_venv_lib_python3_12["python3.12"]\n    node_venv_lib_python3_12 --> node_venv_lib_python3_12_site-packages["site-packages"]\n    node_venv_lib_python3_12_site-packages --> node_venv_lib_python3_12_site-packages_PyQt6["PyQt6"]\n    node_venv_lib_python3_12_site-packages_PyQt6 --> node_venv_lib_python3_12_site-packages_PyQt6_bindings["bindings"]\n    node_venv_lib_python3_12_site-packages_PyQt6_bindings --> node_venv_lib_python3_12_site-packages_PyQt6_bindings_QtQuick3D["QtQuick3D"]\n    node_venv_lib_python3_12_site-packages_PyQt6_bindings_QtQuick3D --> node_venv_lib_python3_12_site-packages_PyQt6_bindings_QtQuick3D_QtQuick3D_toml["QtQuick3D.toml"]\n    Root --> node_venv["venv"]\n    node_venv --> node_venv_lib["lib"]\n    node_venv_lib --> node_venv_lib_python3_12["python3.12"]\n    node_venv_lib_python3_12 --> node_venv_lib_python3_12_site-packages["site-packages"]\n    node_venv_lib_python3_12_site-packages --> node_venv_lib_python3_12_site-packages_PyQt6["PyQt6"]\n    node_venv_lib_python3_12_site-packages_PyQt6 --> node_venv_lib_python3_12_site-packages_PyQt6_bindings["bindings"]\n    node_venv_lib_python3_12_site-packages_PyQt6_bindings --> node_venv_lib_python3_12_site-packages_PyQt6_bindings_QtQuick3D["QtQuick3D"]\n    node_venv_lib_python3_12_site-packages_PyQt6_bindings_QtQuick3D --> node_venv_lib_python3_12_site-packages_PyQt6_bindings_QtQuick3D_QtQuick3Dmod_sip["QtQuick3Dmod.sip"]\n    Root --> node_venv["venv"]\n    node_venv --> node_venv_lib["lib"]\n    node_venv_lib --> node_venv_lib_python3_12["python3.12"]\n    node_venv_lib_python3_12 --> node_venv_lib_python3_12_site-packages["site-packages"]\n    node_venv_lib_python3_12_site-packages --> node_venv_lib_python3_12_site-packages_PyQt6["PyQt6"]\n    node_venv_lib_python3_12_site-packages_PyQt6 --> node_venv_lib_python3_12_site-packages_PyQt6_bindings["bindings"]\n    node_venv_lib_python3_12_site-packages_PyQt6_bindings --> node_venv_lib_python3_12_site-packages_PyQt6_bindings_QtQuick3D["QtQuick3D"]\n    node_venv_lib_python3_12_site-packages_PyQt6_bindings_QtQuick3D --> node_venv_lib_python3_12_site-packages_PyQt6_bindings_QtQuick3D_qquick3d_sip["qquick3d.sip"]\n    Root --> node_venv["venv"]\n    node_venv --> node_venv_lib["lib"]\n    node_venv_lib --> node_venv_lib_python3_12["python3.12"]\n    node_venv_lib_python3_12 --> node_venv_lib_python3_12_site-packages["site-packages"]\n    node_venv_lib_python3_12_site-packages --> node_venv_lib_python3_12_site-packages_PyQt6["PyQt6"]\n    node_venv_lib_python3_12_site-packages_PyQt6 --> node_venv_lib_python3_12_site-packages_PyQt6_bindings["bindings"]\n    node_venv_lib_python3_12_site-packages_PyQt6_bindings --> node_venv_lib_python3_12_site-packages_PyQt6_bindings_QtQuick3D["QtQuick3D"]\n    node_venv_lib_python3_12_site-packages_PyQt6_bindings_QtQuick3D --> node_venv_lib_python3_12_site-packages_PyQt6_bindings_QtQuick3D_qquick3dgeometry_sip["qquick3dgeometry.sip"]\n    Root --> node_venv["venv"]\n    node_venv --> node_venv_lib["lib"]\n    node_venv_lib --> node_venv_lib_python3_12["python3.12"]\n    node_venv_lib_python3_12 --> node_venv_lib_python3_12_site-packages["site-packages"]\n    node_venv_lib_python3_12_site-packages --> node_venv_lib_python3_12_site-packages_PyQt6["PyQt6"]\n    node_venv_lib_python3_12_site-packages_PyQt6 --> node_venv_lib_python3_12_site-packages_PyQt6_bindings["bindings"]\n    node_venv_lib_python3_12_site-packages_PyQt6_bindings --> node_venv_lib_python3_12_site-packages_PyQt6_bindings_QtQuick3D["QtQuick3D"]\n    node_venv_lib_python3_12_site-packages_PyQt6_bindings_QtQuick3D --> node_venv_lib_python3_12_site-packages_PyQt6_bindings_QtQuick3D_qquick3dobject_sip["qquick3dobject.sip"]\n    Root --> node_venv["venv"]\n    node_venv --> node_venv_lib["lib"]\n    node_venv_lib --> node_venv_lib_python3_12["python3.12"]\n    node_venv_lib_python3_12 --> node_venv_lib_python3_12_site-packages["site-packages"]\n    node_venv_lib_python3_12_site-packages --> node_venv_lib_python3_12_site-packages_PyQt6["PyQt6"]\n    node_venv_lib_python3_12_site-packages_PyQt6 --> node_venv_lib_python3_12_site-packages_PyQt6_bindings["bindings"]\n    node_venv_lib_python3_12_site-packages_PyQt6_bindings --> node_venv_lib_python3_12_site-packages_PyQt6_bindings_QtQuick3D["QtQuick3D"]\n    node_venv_lib_python3_12_site-packages_PyQt6_bindings_QtQuick3D --> node_venv_lib_python3_12_site-packages_PyQt6_bindings_QtQuick3D_qquick3dtexturedata_sip["qquick3dtexturedata.sip"]\n    Root --> node_venv["venv"]\n    node_venv --> node_venv_lib["lib"]\n    node_venv_lib --> node_venv_lib_python3_12["python3.12"]\n    node_venv_lib_python3_12 --> node_venv_lib_python3_12_site-packages["site-packages"]\n    node_venv_lib_python3_12_site-packages --> node_venv_lib_python3_12_site-packages_PyQt6["PyQt6"]\n    node_venv_lib_python3_12_site-packages_PyQt6 --> node_venv_lib_python3_12_site-packages_PyQt6_bindings["bindings"]\n    node_venv_lib_python3_12_site-packages_PyQt6_bindings --> node_venv_lib_python3_12_site-packages_PyQt6_bindings_QtHelp["QtHelp"]\n    node_venv_lib_python3_12_site-packages_PyQt6_bindings_QtHelp --> node_venv_lib_python3_12_site-packages_PyQt6_bindings_QtHelp_QtHelp_toml["QtHelp.toml"]\n    Root --> node_venv["venv"]\n    node_venv --> node_venv_lib["lib"]\n    node_venv_lib --> node_venv_lib_python3_12["python3.12"]\n    node_venv_lib_python3_12 --> node_venv_lib_python3_12_site-packages["site-packages"]\n    node_venv_lib_python3_12_site-packages --> node_venv_lib_python3_12_site-packages_PyQt6["PyQt6"]\n    node_venv_lib_python3_12_site-packages_PyQt6 --> node_venv_lib_python3_12_site-packages_PyQt6_bindings["bindings"]\n    node_venv_lib_python3_12_site-packages_PyQt6_bindings --> node_venv_lib_python3_12_site-packages_PyQt6_bindings_QtHelp["QtHelp"]\n    node_venv_lib_python3_12_site-packages_PyQt6_bindings_QtHelp --> node_venv_lib_python3_12_site-packages_PyQt6_bindings_QtHelp_QtHelpmod_sip["QtHelpmod.sip"]\n    Root --> node_venv["venv"]\n    node_venv --> node_venv_lib["lib"]\n    node_venv_lib --> node_venv_lib_python3_12["python3.12"]\n    node_venv_lib_python3_12 --> node_venv_lib_python3_12_site-packages["site-packages"]\n    node_venv_lib_python3_12_site-packages --> node_venv_lib_python3_12_site-packages_PyQt6["PyQt6"]\n    node_venv_lib_python3_12_site-packages_PyQt6 --> node_venv_lib_python3_12_site-packages_PyQt6_bindings["bindings"]\n    node_venv_lib_python3_12_site-packages_PyQt6_bindings --> node_venv_lib_python3_12_site-packages_PyQt6_bindings_QtHelp["QtHelp"]\n    node_venv_lib_python3_12_site-packages_PyQt6_bindings_QtHelp --> node_venv_lib_python3_12_site-packages_PyQt6_bindings_QtHelp_qcompressedhelpinfo_sip["qcompressedhelpinfo.sip"]\n    Root --> node_venv["venv"]\n    node_venv --> node_venv_lib["lib"]\n    node_venv_lib --> node_venv_lib_python3_12["python3.12"]\n    node_venv_lib_python3_12 --> node_venv_lib_python3_12_site-packages["site-packages"]\n    node_venv_lib_python3_12_site-packages --> node_venv_lib_python3_12_site-packages_PyQt6["PyQt6"]\n    node_venv_lib_python3_12_site-packages_PyQt6 --> node_venv_lib_python3_12_site-packages_PyQt6_bindings["bindings"]\n    node_venv_lib_python3_12_site-packages_PyQt6_bindings --> node_venv_lib_python3_12_site-packages_PyQt6_bindings_QtHelp["QtHelp"]\n    node_venv_lib_python3_12_site-packages_PyQt6_bindings_QtHelp --> node_venv_lib_python3_12_site-packages_PyQt6_bindings_QtHelp_qhelpcontentitem_sip["qhelpcontentitem.sip"]\n    Root --> node_venv["venv"]\n    node_venv --> node_venv_lib["lib"]\n    node_venv_lib --> node_venv_lib_python3_12["python3.12"]\n    node_venv_lib_python3_12 --> node_venv_lib_python3_12_site-packages["site-packages"]\n    node_venv_lib_python3_12_site-packages --> node_venv_lib_python3_12_site-packages_PyQt6["PyQt6"]\n    node_venv_lib_python3_12_site-packages_PyQt6 --> node_venv_lib_python3_12_site-packages_PyQt6_bindings["bindings"]\n    node_venv_lib_python3_12_site-packages_PyQt6_bindings --> node_venv_lib_python3_12_site-packages_PyQt6_bindings_QtHelp["QtHelp"]\n    node_venv_lib_python3_12_site-packages_PyQt6_bindings_QtHelp --> node_venv_lib_python3_12_site-packages_PyQt6_bindings_QtHelp_qhelpcontentwidget_sip["qhelpcontentwidget.sip"]\n    Root --> node_venv["venv"]\n    node_venv --> node_venv_lib["lib"]\n    node_venv_lib --> node_venv_lib_python3_12["python3.12"]\n    node_venv_lib_python3_12 --> node_venv_lib_python3_12_site-packages["site-packages"]\n    node_venv_lib_python3_12_site-packages --> node_venv_lib_python3_12_site-packages_PyQt6["PyQt6"]\n    node_venv_lib_python3_12_site-packages_PyQt6 --> node_venv_lib_python3_12_site-packages_PyQt6_bindings["bindings"]\n    node_venv_lib_python3_12_site-packages_PyQt6_bindings --> node_venv_lib_python3_12_site-packages_PyQt6_bindings_QtHelp["QtHelp"]\n    node_venv_lib_python3_12_site-packages_PyQt6_bindings_QtHelp --> node_venv_lib_python3_12_site-packages_PyQt6_bindings_QtHelp_qhelpengine_sip["qhelpengine.sip"]\n    Root --> node_venv["venv"]\n    node_venv --> node_venv_lib["lib"]\n    node_venv_lib --> node_venv_lib_python3_12["python3.12"]\n    node_venv_lib_python3_12 --> node_venv_lib_python3_12_site-packages["site-packages"]\n    node_venv_lib_python3_12_site-packages --> node_venv_lib_python3_12_site-packages_PyQt6["PyQt6"]\n    node_venv_lib_python3_12_site-packages_PyQt6 --> node_venv_lib_python3_12_site-packages_PyQt6_bindings["bindings"]\n    node_venv_lib_python3_12_site-packages_PyQt6_bindings --> node_venv_lib_python3_12_site-packages_PyQt6_bindings_QtHelp["QtHelp"]\n    node_venv_lib_python3_12_site-packages_PyQt6_bindings_QtHelp --> node_venv_lib_python3_12_site-packages_PyQt6_bindings_QtHelp_qhelpenginecore_sip["qhelpenginecore.sip"]\n    Root --> node_venv["venv"]\n    node_venv --> node_venv_lib["lib"]\n    node_venv_lib --> node_venv_lib_python3_12["python3.12"]\n    node_venv_lib_python3_12 --> node_venv_lib_python3_12_site-packages["site-packages"]\n    node_venv_lib_python3_12_site-packages --> node_venv_lib_python3_12_site-packages_PyQt6["PyQt6"]\n    node_venv_lib_python3_12_site-packages_PyQt6 --> node_venv_lib_python3_12_site-packages_PyQt6_bindings["bindings"]\n    node_venv_lib_python3_12_site-packages_PyQt6_bindings --> node_venv_lib_python3_12_site-packages_PyQt6_bindings_QtHelp["QtHelp"]\n    node_venv_lib_python3_12_site-packages_PyQt6_bindings_QtHelp --> node_venv_lib_python3_12_site-packages_PyQt6_bindings_QtHelp_qhelpfilterdata_sip["qhelpfilterdata.sip"]\n    Root --> node_venv["venv"]\n    node_venv --> node_venv_lib["lib"]\n    node_venv_lib --> node_venv_lib_python3_12["python3.12"]\n    node_venv_lib_python3_12 --> node_venv_lib_python3_12_site-packages["site-packages"]\n    node_venv_lib_python3_12_site-packages --> node_venv_lib_python3_12_site-packages_PyQt6["PyQt6"]\n    node_venv_lib_python3_12_site-packages_PyQt6 --> node_venv_lib_python3_12_site-packages_PyQt6_bindings["bindings"]\n    node_venv_lib_python3_12_site-packages_PyQt6_bindings --> node_venv_lib_python3_12_site-packages_PyQt6_bindings_QtHelp["QtHelp"]\n    node_venv_lib_python3_12_site-packages_PyQt6_bindings_QtHelp --> node_venv_lib_python3_12_site-packages_PyQt6_bindings_QtHelp_qhelpfilterengine_sip["qhelpfilterengine.sip"]\n    Root --> node_venv["venv"]\n    node_venv --> node_venv_lib["lib"]\n    node_venv_lib --> node_venv_lib_python3_12["python3.12"]\n    node_venv_lib_python3_12 --> node_venv_lib_python3_12_site-packages["site-packages"]\n    node_venv_lib_python3_12_site-packages --> node_venv_lib_python3_12_site-packages_PyQt6["PyQt6"]\n    node_venv_lib_python3_12_site-packages_PyQt6 --> node_venv_lib_python3_12_site-packages_PyQt6_bindings["bindings"]\n    node_venv_lib_python3_12_site-packages_PyQt6_bindings --> node_venv_lib_python3_12_site-packages_PyQt6_bindings_QtHelp["QtHelp"]\n    node_venv_lib_python3_12_site-packages_PyQt6_bindings_QtHelp --> node_venv_lib_python3_12_site-packages_PyQt6_bindings_QtHelp_qhelpfiltersettingswidget_sip["qhelpfiltersettingswidget.sip"]\n    Root --> node_venv["venv"]\n    node_venv --> node_venv_lib["lib"]\n    node_venv_lib --> node_venv_lib_python3_12["python3.12"]\n    node_venv_lib_python3_12 --> node_venv_lib_python3_12_site-packages["site-packages"]\n    node_venv_lib_python3_12_site-packages --> node_venv_lib_python3_12_site-packages_PyQt6["PyQt6"]\n    node_venv_lib_python3_12_site-packages_PyQt6 --> node_venv_lib_python3_12_site-packages_PyQt6_bindings["bindings"]\n    node_venv_lib_python3_12_site-packages_PyQt6_bindings --> node_venv_lib_python3_12_site-packages_PyQt6_bindings_QtHelp["QtHelp"]\n    node_venv_lib_python3_12_site-packages_PyQt6_bindings_QtHelp --> node_venv_lib_python3_12_site-packages_PyQt6_bindings_QtHelp_qhelpindexwidget_sip["qhelpindexwidget.sip"]\n    Root --> node_venv["venv"]\n    node_venv --> node_venv_lib["lib"]\n    node_venv_lib --> node_venv_lib_python3_12["python3.12"]\n    node_venv_lib_python3_12 --> node_venv_lib_python3_12_site-packages["site-packages"]\n    node_venv_lib_python3_12_site-packages --> node_venv_lib_python3_12_site-packages_PyQt6["PyQt6"]\n    node_venv_lib_python3_12_site-packages_PyQt6 --> node_venv_lib_python3_12_site-packages_PyQt6_bindings["bindings"]\n    node_venv_lib_python3_12_site-packages_PyQt6_bindings --> node_venv_lib_python3_12_site-packages_PyQt6_bindings_QtHelp["QtHelp"]\n    node_venv_lib_python3_12_site-packages_PyQt6_bindings_QtHelp --> node_venv_lib_python3_12_site-packages_PyQt6_bindings_QtHelp_qhelplink_sip["qhelplink.sip"]\n    Root --> node_venv["venv"]\n    node_venv --> node_venv_lib["lib"]\n    node_venv_lib --> node_venv_lib_python3_12["python3.12"]\n    node_venv_lib_python3_12 --> node_venv_lib_python3_12_site-packages["site-packages"]\n    node_venv_lib_python3_12_site-packages --> node_venv_lib_python3_12_site-packages_PyQt6["PyQt6"]\n    node_venv_lib_python3_12_site-packages_PyQt6 --> node_venv_lib_python3_12_site-packages_PyQt6_bindings["bindings"]\n    node_venv_lib_python3_12_site-packages_PyQt6_bindings --> node_venv_lib_python3_12_site-packages_PyQt6_bindings_QtHelp["QtHelp"]\n    node_venv_lib_python3_12_site-packages_PyQt6_bindings_QtHelp --> node_venv_lib_python3_12_site-packages_PyQt6_bindings_QtHelp_qhelpsearchengine_sip["qhelpsearchengine.sip"]\n    Root --> node_venv["venv"]\n    node_venv --> node_venv_lib["lib"]\n    node_venv_lib --> node_venv_lib_python3_12["python3.12"]\n    node_venv_lib_python3_12 --> node_venv_lib_python3_12_site-packages["site-packages"]\n    node_venv_lib_python3_12_site-packages --> node_venv_lib_python3_12_site-packages_PyQt6["PyQt6"]\n    node_venv_lib_python3_12_site-packages_PyQt6 --> node_venv_lib_python3_12_site-packages_PyQt6_bindings["bindings"]\n    node_venv_lib_python3_12_site-packages_PyQt6_bindings --> node_venv_lib_python3_12_site-packages_PyQt6_bindings_QtHelp["QtHelp"]\n    node_venv_lib_python3_12_site-packages_PyQt6_bindings_QtHelp --> node_venv_lib_python3_12_site-packages_PyQt6_bindings_QtHelp_qhelpsearchenginecore_sip["qhelpsearchenginecore.sip"]\n    Root --> node_venv["venv"]\n    node_venv --> node_venv_lib["lib"]\n    node_venv_lib --> node_venv_lib_python3_12["python3.12"]\n    node_venv_lib_python3_12 --> node_venv_lib_python3_12_site-packages["site-packages"]\n    node_venv_lib_python3_12_site-packages --> node_venv_lib_python3_12_site-packages_PyQt6["PyQt6"]\n    node_venv_lib_python3_12_site-packages_PyQt6 --> node_venv_lib_python3_12_site-packages_PyQt6_bindings["bindings"]\n    node_venv_lib_python3_12_site-packages_PyQt6_bindings --> node_venv_lib_python3_12_site-packages_PyQt6_bindings_QtHelp["QtHelp"]\n    node_venv_lib_python3_12_site-packages_PyQt6_bindings_QtHelp --> node_venv_lib_python3_12_site-packages_PyQt6_bindings_QtHelp_qhelpsearchquerywidget_sip["qhelpsearchquerywidget.sip"]\n    Root --> node_venv["venv"]\n    node_venv --> node_venv_lib["lib"]\n    node_venv_lib --> node_venv_lib_python3_12["python3.12"]\n    node_venv_lib_python3_12 --> node_venv_lib_python3_12_site-packages["site-packages"]\n    node_venv_lib_python3_12_site-packages --> node_venv_lib_python3_12_site-packages_PyQt6["PyQt6"]\n    node_venv_lib_python3_12_site-packages_PyQt6 --> node_venv_lib_python3_12_site-packages_PyQt6_bindings["bindings"]\n    node_venv_lib_python3_12_site-packages_PyQt6_bindings --> node_venv_lib_python3_12_site-packages_PyQt6_bindings_QtHelp["QtHelp"]\n    node_venv_lib_python3_12_site-packages_PyQt6_bindings_QtHelp --> node_venv_lib_python3_12_site-packages_PyQt6_bindings_QtHelp_qhelpsearchresult_sip["qhelpsearchresult.sip"]\n    Root --> node_venv["venv"]\n    node_venv --> node_venv_lib["lib"]\n    node_venv_lib --> node_venv_lib_python3_12["python3.12"]\n    node_venv_lib_python3_12 --> node_venv_lib_python3_12_site-packages["site-packages"]\n    node_venv_lib_python3_12_site-packages --> node_venv_lib_python3_12_site-packages_PyQt6["PyQt6"]\n    node_venv_lib_python3_12_site-packages_PyQt6 --> node_venv_lib_python3_12_site-packages_PyQt6_bindings["bindings"]\n    node_venv_lib_python3_12_site-packages_PyQt6_bindings --> node_venv_lib_python3_12_site-packages_PyQt6_bindings_QtHelp["QtHelp"]\n    node_venv_lib_python3_12_site-packages_PyQt6_bindings_QtHelp --> node_venv_lib_python3_12_site-packages_PyQt6_bindings_QtHelp_qhelpsearchresultwidget_sip["qhelpsearchresultwidget.sip"]\n    Root --> node_venv["venv"]\n    node_venv --> node_venv_lib["lib"]\n    node_venv_lib --> node_venv_lib_python3_12["python3.12"]\n    node_venv_lib_python3_12 --> node_venv_lib_python3_12_site-packages["site-packages"]\n    node_venv_lib_python3_12_site-packages --> node_venv_lib_python3_12_site-packages_PyQt6["PyQt6"]\n    node_venv_lib_python3_12_site-packages_PyQt6 --> node_venv_lib_python3_12_site-packages_PyQt6_bindings["bindings"]\n    node_venv_lib_python3_12_site-packages_PyQt6_bindings --> node_venv_lib_python3_12_site-packages_PyQt6_bindings_QtSvg["QtSvg"]\n    node_venv_lib_python3_12_site-packages_PyQt6_bindings_QtSvg --> node_venv_lib_python3_12_site-packages_PyQt6_bindings_QtSvg_QtSvg_toml["QtSvg.toml"]\n    Root --> node_venv["venv"]\n    node_venv --> node_venv_lib["lib"]\n    node_venv_lib --> node_venv_lib_python3_12["python3.12"]\n    node_venv_lib_python3_12 --> node_venv_lib_python3_12_site-packages["site-packages"]\n    node_venv_lib_python3_12_site-packages --> node_venv_lib_python3_12_site-packages_PyQt6["PyQt6"]\n    node_venv_lib_python3_12_site-packages_PyQt6 --> node_venv_lib_python3_12_site-packages_PyQt6_bindings["bindings"]\n    node_venv_lib_python3_12_site-packages_PyQt6_bindings --> node_venv_lib_python3_12_site-packages_PyQt6_bindings_QtSvg["QtSvg"]\n    node_venv_lib_python3_12_site-packages_PyQt6_bindings_QtSvg --> node_venv_lib_python3_12_site-packages_PyQt6_bindings_QtSvg_QtSvgmod_sip["QtSvgmod.sip"]\n    Root --> node_venv["venv"]\n    node_venv --> node_venv_lib["lib"]\n    node_venv_lib --> node_venv_lib_python3_12["python3.12"]\n    node_venv_lib_python3_12 --> node_venv_lib_python3_12_site-packages["site-packages"]\n    node_venv_lib_python3_12_site-packages --> node_venv_lib_python3_12_site-packages_PyQt6["PyQt6"]\n    node_venv_lib_python3_12_site-packages_PyQt6 --> node_venv_lib_python3_12_site-packages_PyQt6_bindings["bindings"]\n    node_venv_lib_python3_12_site-packages_PyQt6_bindings --> node_venv_lib_python3_12_site-packages_PyQt6_bindings_QtSvg["QtSvg"]\n    node_venv_lib_python3_12_site-packages_PyQt6_bindings_QtSvg --> node_venv_lib_python3_12_site-packages_PyQt6_bindings_QtSvg_qsvggenerator_sip["qsvggenerator.sip"]\n    Root --> node_venv["venv"]\n    node_venv --> node_venv_lib["lib"]\n    node_venv_lib --> node_venv_lib_python3_12["python3.12"]\n    node_venv_lib_python3_12 --> node_venv_lib_python3_12_site-packages["site-packages"]\n    node_venv_lib_python3_12_site-packages --> node_venv_lib_python3_12_site-packages_PyQt6["PyQt6"]\n    node_venv_lib_python3_12_site-packages_PyQt6 --> node_venv_lib_python3_12_site-packages_PyQt6_bindings["bindings"]\n    node_venv_lib_python3_12_site-packages_PyQt6_bindings --> node_venv_lib_python3_12_site-packages_PyQt6_bindings_QtSvg["QtSvg"]\n    node_venv_lib_python3_12_site-packages_PyQt6_bindings_QtSvg --> node_venv_lib_python3_12_site-packages_PyQt6_bindings_QtSvg_qsvgrenderer_sip["qsvgrenderer.sip"]\n    Root --> node_venv["venv"]\n    node_venv --> node_venv_lib["lib"]\n    node_venv_lib --> node_venv_lib_python3_12["python3.12"]\n    node_venv_lib_python3_12 --> node_venv_lib_python3_12_site-packages["site-packages"]\n    node_venv_lib_python3_12_site-packages --> node_venv_lib_python3_12_site-packages_PyQt6["PyQt6"]\n    node_venv_lib_python3_12_site-packages_PyQt6 --> node_venv_lib_python3_12_site-packages_PyQt6_bindings["bindings"]\n    node_venv_lib_python3_12_site-packages_PyQt6_bindings --> node_venv_lib_python3_12_site-packages_PyQt6_bindings_QtSvg["QtSvg"]\n    node_venv_lib_python3_12_site-packages_PyQt6_bindings_QtSvg --> node_venv_lib_python3_12_site-packages_PyQt6_bindings_QtSvg_qtsvgglobal_sip["qtsvgglobal.sip"]\n    Root --> node_venv["venv"]\n    node_venv --> node_venv_lib["lib"]\n    node_venv_lib --> node_venv_lib_python3_12["python3.12"]\n    node_venv_lib_python3_12 --> node_venv_lib_python3_12_site-packages["site-packages"]\n    node_venv_lib_python3_12_site-packages --> node_venv_lib_python3_12_site-packages_PyQt6["PyQt6"]\n    node_venv_lib_python3_12_site-packages_PyQt6 --> node_venv_lib_python3_12_site-packages_PyQt6_bindings["bindings"]\n    node_venv_lib_python3_12_site-packages_PyQt6_bindings --> node_venv_lib_python3_12_site-packages_PyQt6_bindings_QtXml["QtXml"]\n    node_venv_lib_python3_12_site-packages_PyQt6_bindings_QtXml --> node_venv_lib_python3_12_site-packages_PyQt6_bindings_QtXml_QtXml_toml["QtXml.toml"]\n    Root --> node_venv["venv"]\n    node_venv --> node_venv_lib["lib"]\n    node_venv_lib --> node_venv_lib_python3_12["python3.12"]\n    node_venv_lib_python3_12 --> node_venv_lib_python3_12_site-packages["site-packages"]\n    node_venv_lib_python3_12_site-packages --> node_venv_lib_python3_12_site-packages_PyQt6["PyQt6"]\n    node_venv_lib_python3_12_site-packages_PyQt6 --> node_venv_lib_python3_12_site-packages_PyQt6_bindings["bindings"]\n    node_venv_lib_python3_12_site-packages_PyQt6_bindings --> node_venv_lib_python3_12_site-packages_PyQt6_bindings_QtXml["QtXml"]\n    node_venv_lib_python3_12_site-packages_PyQt6_bindings_QtXml --> node_venv_lib_python3_12_site-packages_PyQt6_bindings_QtXml_QtXmlmod_sip["QtXmlmod.sip"]\n    Root --> node_venv["venv"]\n    node_venv --> node_venv_lib["lib"]\n    node_venv_lib --> node_venv_lib_python3_12["python3.12"]\n    node_venv_lib_python3_12 --> node_venv_lib_python3_12_site-packages["site-packages"]\n    node_venv_lib_python3_12_site-packages --> node_venv_lib_python3_12_site-packages_PyQt6["PyQt6"]\n    node_venv_lib_python3_12_site-packages_PyQt6 --> node_venv_lib_python3_12_site-packages_PyQt6_bindings["bindings"]\n    node_venv_lib_python3_12_site-packages_PyQt6_bindings --> node_venv_lib_python3_12_site-packages_PyQt6_bindings_QtXml["QtXml"]\n    node_venv_lib_python3_12_site-packages_PyQt6_bindings_QtXml --> node_venv_lib_python3_12_site-packages_PyQt6_bindings_QtXml_qdom_sip["qdom.sip"]\n    Root --> node_venv["venv"]\n    node_venv --> node_venv_lib["lib"]\n    node_venv_lib --> node_venv_lib_python3_12["python3.12"]\n    node_venv_lib_python3_12 --> node_venv_lib_python3_12_site-packages["site-packages"]\n    node_venv_lib_python3_12_site-packages --> node_venv_lib_python3_12_site-packages_PyQt6["PyQt6"]\n    node_venv_lib_python3_12_site-packages_PyQt6 --> node_venv_lib_python3_12_site-packages_PyQt6_bindings["bindings"]\n    node_venv_lib_python3_12_site-packages_PyQt6_bindings --> node_venv_lib_python3_12_site-packages_PyQt6_bindings_QtSvgWidgets["QtSvgWidgets"]\n    node_venv_lib_python3_12_site-packages_PyQt6_bindings_QtSvgWidgets --> node_venv_lib_python3_12_site-packages_PyQt6_bindings_QtSvgWidgets_QtSvgWidgets_toml["QtSvgWidgets.toml"]\n    Root --> node_venv["venv"]\n    node_venv --> node_venv_lib["lib"]\n    node_venv_lib --> node_venv_lib_python3_12["python3.12"]\n    node_venv_lib_python3_12 --> node_venv_lib_python3_12_site-packages["site-packages"]\n    node_venv_lib_python3_12_site-packages --> node_venv_lib_python3_12_site-packages_PyQt6["PyQt6"]\n    node_venv_lib_python3_12_site-packages_PyQt6 --> node_venv_lib_python3_12_site-packages_PyQt6_bindings["bindings"]\n    node_venv_lib_python3_12_site-packages_PyQt6_bindings --> node_venv_lib_python3_12_site-packages_PyQt6_bindings_QtSvgWidgets["QtSvgWidgets"]\n    node_venv_lib_python3_12_site-packages_PyQt6_bindings_QtSvgWidgets --> node_venv_lib_python3_12_site-packages_PyQt6_bindings_QtSvgWidgets_QtSvgWidgetsmod_sip["QtSvgWidgetsmod.sip"]\n    Root --> node_venv["venv"]\n    node_venv --> node_venv_lib["lib"]\n    node_venv_lib --> node_venv_lib_python3_12["python3.12"]\n    node_venv_lib_python3_12 --> node_venv_lib_python3_12_site-packages["site-packages"]\n    node_venv_lib_python3_12_site-packages --> node_venv_lib_python3_12_site-packages_PyQt6["PyQt6"]\n    node_venv_lib_python3_12_site-packages_PyQt6 --> node_venv_lib_python3_12_site-packages_PyQt6_bindings["bindings"]\n    node_venv_lib_python3_12_site-packages_PyQt6_bindings --> node_venv_lib_python3_12_site-packages_PyQt6_bindings_QtSvgWidgets["QtSvgWidgets"]\n    node_venv_lib_python3_12_site-packages_PyQt6_bindings_QtSvgWidgets --> node_venv_lib_python3_12_site-packages_PyQt6_bindings_QtSvgWidgets_qgraphicssvgitem_sip["qgraphicssvgitem.sip"]\n    Root --> node_venv["venv"]\n    node_venv --> node_venv_lib["lib"]\n    node_venv_lib --> node_venv_lib_python3_12["python3.12"]\n    node_venv_lib_python3_12 --> node_venv_lib_python3_12_site-packages["site-packages"]\n    node_venv_lib_python3_12_site-packages --> node_venv_lib_python3_12_site-packages_PyQt6["PyQt6"]\n    node_venv_lib_python3_12_site-packages_PyQt6 --> node_venv_lib_python3_12_site-packages_PyQt6_bindings["bindings"]\n    node_venv_lib_python3_12_site-packages_PyQt6_bindings --> node_venv_lib_python3_12_site-packages_PyQt6_bindings_QtSvgWidgets["QtSvgWidgets"]\n    node_venv_lib_python3_12_site-packages_PyQt6_bindings_QtSvgWidgets --> node_venv_lib_python3_12_site-packages_PyQt6_bindings_QtSvgWidgets_qsvgwidget_sip["qsvgwidget.sip"]\n    Root --> node_venv["venv"]\n    node_venv --> node_venv_lib["lib"]\n    node_venv_lib --> node_venv_lib_python3_12["python3.12"]\n    node_venv_lib_python3_12 --> node_venv_lib_python3_12_site-packages["site-packages"]\n    node_venv_lib_python3_12_site-packages --> node_venv_lib_python3_12_site-packages_PyQt6["PyQt6"]\n    node_venv_lib_python3_12_site-packages_PyQt6 --> node_venv_lib_python3_12_site-packages_PyQt6_bindings["bindings"]\n    node_venv_lib_python3_12_site-packages_PyQt6_bindings --> node_venv_lib_python3_12_site-packages_PyQt6_bindings_QtRemoteObjects["QtRemoteObjects"]\n    node_venv_lib_python3_12_site-packages_PyQt6_bindings_QtRemoteObjects --> node_venv_lib_python3_12_site-packages_PyQt6_bindings_QtRemoteObjects_QtRemoteObjects_toml["QtRemoteObjects.toml"]\n    Root --> node_venv["venv"]\n    node_venv --> node_venv_lib["lib"]\n    node_venv_lib --> node_venv_lib_python3_12["python3.12"]\n    node_venv_lib_python3_12 --> node_venv_lib_python3_12_site-packages["site-packages"]\n    node_venv_lib_python3_12_site-packages --> node_venv_lib_python3_12_site-packages_PyQt6["PyQt6"]\n    node_venv_lib_python3_12_site-packages_PyQt6 --> node_venv_lib_python3_12_site-packages_PyQt6_bindings["bindings"]\n    node_venv_lib_python3_12_site-packages_PyQt6_bindings --> node_venv_lib_python3_12_site-packages_PyQt6_bindings_QtRemoteObjects["QtRemoteObjects"]\n    node_venv_lib_python3_12_site-packages_PyQt6_bindings_QtRemoteObjects --> node_venv_lib_python3_12_site-packages_PyQt6_bindings_QtRemoteObjects_QtRemoteObjectsmod_sip["QtRemoteObjectsmod.sip"]\n    Root --> node_venv["venv"]\n    node_venv --> node_venv_lib["lib"]\n    node_venv_lib --> node_venv_lib_python3_12["python3.12"]\n    node_venv_lib_python3_12 --> node_venv_lib_python3_12_site-packages["site-packages"]\n    node_venv_lib_python3_12_site-packages --> node_venv_lib_python3_12_site-packages_PyQt6["PyQt6"]\n    node_venv_lib_python3_12_site-packages_PyQt6 --> node_venv_lib_python3_12_site-packages_PyQt6_bindings["bindings"]\n    node_venv_lib_python3_12_site-packages_PyQt6_bindings --> node_venv_lib_python3_12_site-packages_PyQt6_bindings_QtRemoteObjects["QtRemoteObjects"]\n    node_venv_lib_python3_12_site-packages_PyQt6_bindings_QtRemoteObjects --> node_venv_lib_python3_12_site-packages_PyQt6_bindings_QtRemoteObjects_qremoteobjectabstractitemmodelreplica_sip["qremoteobjectabstractitemmodelreplica.sip"]\n    Root --> node_venv["venv"]\n    node_venv --> node_venv_lib["lib"]\n    node_venv_lib --> node_venv_lib_python3_12["python3.12"]\n    node_venv_lib_python3_12 --> node_venv_lib_python3_12_site-packages["site-packages"]\n    node_venv_lib_python3_12_site-packages --> node_venv_lib_python3_12_site-packages_PyQt6["PyQt6"]\n    node_venv_lib_python3_12_site-packages_PyQt6 --> node_venv_lib_python3_12_site-packages_PyQt6_bindings["bindings"]\n    node_venv_lib_python3_12_site-packages_PyQt6_bindings --> node_venv_lib_python3_12_site-packages_PyQt6_bindings_QtRemoteObjects["QtRemoteObjects"]\n    node_venv_lib_python3_12_site-packages_PyQt6_bindings_QtRemoteObjects --> node_venv_lib_python3_12_site-packages_PyQt6_bindings_QtRemoteObjects_qremoteobjectdynamicreplica_sip["qremoteobjectdynamicreplica.sip"]\n    Root --> node_venv["venv"]\n    node_venv --> node_venv_lib["lib"]\n    node_venv_lib --> node_venv_lib_python3_12["python3.12"]\n    node_venv_lib_python3_12 --> node_venv_lib_python3_12_site-packages["site-packages"]\n    node_venv_lib_python3_12_site-packages --> node_venv_lib_python3_12_site-packages_PyQt6["PyQt6"]\n    node_venv_lib_python3_12_site-packages_PyQt6 --> node_venv_lib_python3_12_site-packages_PyQt6_bindings["bindings"]\n    node_venv_lib_python3_12_site-packages_PyQt6_bindings --> node_venv_lib_python3_12_site-packages_PyQt6_bindings_QtRemoteObjects["QtRemoteObjects"]\n    node_venv_lib_python3_12_site-packages_PyQt6_bindings_QtRemoteObjects --> node_venv_lib_python3_12_site-packages_PyQt6_bindings_QtRemoteObjects_qremoteobjectnode_sip["qremoteobjectnode.sip"]\n    Root --> node_venv["venv"]\n    node_venv --> node_venv_lib["lib"]\n    node_venv_lib --> node_venv_lib_python3_12["python3.12"]\n    node_venv_lib_python3_12 --> node_venv_lib_python3_12_site-packages["site-packages"]\n    node_venv_lib_python3_12_site-packages --> node_venv_lib_python3_12_site-packages_PyQt6["PyQt6"]\n    node_venv_lib_python3_12_site-packages_PyQt6 --> node_venv_lib_python3_12_site-packages_PyQt6_bindings["bindings"]\n    node_venv_lib_python3_12_site-packages_PyQt6_bindings --> node_venv_lib_python3_12_site-packages_PyQt6_bindings_QtRemoteObjects["QtRemoteObjects"]\n    node_venv_lib_python3_12_site-packages_PyQt6_bindings_QtRemoteObjects --> node_venv_lib_python3_12_site-packages_PyQt6_bindings_QtRemoteObjects_qremoteobjectregistry_sip["qremoteobjectregistry.sip"]\n    Root --> node_venv["venv"]\n    node_venv --> node_venv_lib["lib"]\n    node_venv_lib --> node_venv_lib_python3_12["python3.12"]\n    node_venv_lib_python3_12 --> node_venv_lib_python3_12_site-packages["site-packages"]\n    node_venv_lib_python3_12_site-packages --> node_venv_lib_python3_12_site-packages_PyQt6["PyQt6"]\n    node_venv_lib_python3_12_site-packages_PyQt6 --> node_venv_lib_python3_12_site-packages_PyQt6_bindings["bindings"]\n    node_venv_lib_python3_12_site-packages_PyQt6_bindings --> node_venv_lib_python3_12_site-packages_PyQt6_bindings_QtRemoteObjects["QtRemoteObjects"]\n    node_venv_lib_python3_12_site-packages_PyQt6_bindings_QtRemoteObjects --> node_venv_lib_python3_12_site-packages_PyQt6_bindings_QtRemoteObjects_qremoteobjectreplica_sip["qremoteobjectreplica.sip"]\n    Root --> node_venv["venv"]\n    node_venv --> node_venv_lib["lib"]\n    node_venv_lib --> node_venv_lib_python3_12["python3.12"]\n    node_venv_lib_python3_12 --> node_venv_lib_python3_12_site-packages["site-packages"]\n    node_venv_lib_python3_12_site-packages --> node_venv_lib_python3_12_site-packages_PyQt6["PyQt6"]\n    node_venv_lib_python3_12_site-packages_PyQt6 --> node_venv_lib_python3_12_site-packages_PyQt6_bindings["bindings"]\n    node_venv_lib_python3_12_site-packages_PyQt6_bindings --> node_venv_lib_python3_12_site-packages_PyQt6_bindings_QtRemoteObjects["QtRemoteObjects"]\n    node_venv_lib_python3_12_site-packages_PyQt6_bindings_QtRemoteObjects --> node_venv_lib_python3_12_site-packages_PyQt6_bindings_QtRemoteObjects_qtremoteobjectglobal_sip["qtremoteobjectglobal.sip"]\n    Root --> node_venv["venv"]\n    node_venv --> node_venv_lib["lib"]\n    node_venv_lib --> node_venv_lib_python3_12["python3.12"]\n    node_venv_lib_python3_12 --> node_venv_lib_python3_12_site-packages["site-packages"]\n    node_venv_lib_python3_12_site-packages --> node_venv_lib_python3_12_site-packages_PyQt6["PyQt6"]\n    node_venv_lib_python3_12_site-packages_PyQt6 --> node_venv_lib_python3_12_site-packages_PyQt6_bindings["bindings"]\n    node_venv_lib_python3_12_site-packages_PyQt6_bindings --> node_venv_lib_python3_12_site-packages_PyQt6_bindings_QtSensors["QtSensors"]\n    node_venv_lib_python3_12_site-packages_PyQt6_bindings_QtSensors --> node_venv_lib_python3_12_site-packages_PyQt6_bindings_QtSensors_QtSensors_toml["QtSensors.toml"]\n    Root --> node_venv["venv"]\n    node_venv --> node_venv_lib["lib"]\n    node_venv_lib --> node_venv_lib_python3_12["python3.12"]\n    node_venv_lib_python3_12 --> node_venv_lib_python3_12_site-packages["site-packages"]\n    node_venv_lib_python3_12_site-packages --> node_venv_lib_python3_12_site-packages_PyQt6["PyQt6"]\n    node_venv_lib_python3_12_site-packages_PyQt6 --> node_venv_lib_python3_12_site-packages_PyQt6_bindings["bindings"]\n    node_venv_lib_python3_12_site-packages_PyQt6_bindings --> node_venv_lib_python3_12_site-packages_PyQt6_bindings_QtSensors["QtSensors"]\n    node_venv_lib_python3_12_site-packages_PyQt6_bindings_QtSensors --> node_venv_lib_python3_12_site-packages_PyQt6_bindings_QtSensors_QtSensorsmod_sip["QtSensorsmod.sip"]\n    Root --> node_venv["venv"]\n    node_venv --> node_venv_lib["lib"]\n    node_venv_lib --> node_venv_lib_python3_12["python3.12"]\n    node_venv_lib_python3_12 --> node_venv_lib_python3_12_site-packages["site-packages"]\n    node_venv_lib_python3_12_site-packages --> node_venv_lib_python3_12_site-packages_PyQt6["PyQt6"]\n    node_venv_lib_python3_12_site-packages_PyQt6 --> node_venv_lib_python3_12_site-packages_PyQt6_bindings["bindings"]\n    node_venv_lib_python3_12_site-packages_PyQt6_bindings --> node_venv_lib_python3_12_site-packages_PyQt6_bindings_QtSensors["QtSensors"]\n    node_venv_lib_python3_12_site-packages_PyQt6_bindings_QtSensors --> node_venv_lib_python3_12_site-packages_PyQt6_bindings_QtSensors_qaccelerometer_sip["qaccelerometer.sip"]\n    Root --> node_venv["venv"]\n    node_venv --> node_venv_lib["lib"]\n    node_venv_lib --> node_venv_lib_python3_12["python3.12"]\n    node_venv_lib_python3_12 --> node_venv_lib_python3_12_site-packages["site-packages"]\n    node_venv_lib_python3_12_site-packages --> node_venv_lib_python3_12_site-packages_PyQt6["PyQt6"]\n    node_venv_lib_python3_12_site-packages_PyQt6 --> node_venv_lib_python3_12_site-packages_PyQt6_bindings["bindings"]\n    node_venv_lib_python3_12_site-packages_PyQt6_bindings --> node_venv_lib_python3_12_site-packages_PyQt6_bindings_QtSensors["QtSensors"]\n    node_venv_lib_python3_12_site-packages_PyQt6_bindings_QtSensors --> node_venv_lib_python3_12_site-packages_PyQt6_bindings_QtSensors_qambientlightsensor_sip["qambientlightsensor.sip"]\n    Root --> node_venv["venv"]\n    node_venv --> node_venv_lib["lib"]\n    node_venv_lib --> node_venv_lib_python3_12["python3.12"]\n    node_venv_lib_python3_12 --> node_venv_lib_python3_12_site-packages["site-packages"]\n    node_venv_lib_python3_12_site-packages --> node_venv_lib_python3_12_site-packages_PyQt6["PyQt6"]\n    node_venv_lib_python3_12_site-packages_PyQt6 --> node_venv_lib_python3_12_site-packages_PyQt6_bindings["bindings"]\n    node_venv_lib_python3_12_site-packages_PyQt6_bindings --> node_venv_lib_python3_12_site-packages_PyQt6_bindings_QtSensors["QtSensors"]\n    node_venv_lib_python3_12_site-packages_PyQt6_bindings_QtSensors --> node_venv_lib_python3_12_site-packages_PyQt6_bindings_QtSensors_qambienttemperaturesensor_sip["qambienttemperaturesensor.sip"]\n    Root --> node_venv["venv"]\n    node_venv --> node_venv_lib["lib"]\n    node_venv_lib --> node_venv_lib_python3_12["python3.12"]\n    node_venv_lib_python3_12 --> node_venv_lib_python3_12_site-packages["site-packages"]\n    node_venv_lib_python3_12_site-packages --> node_venv_lib_python3_12_site-packages_PyQt6["PyQt6"]\n    node_venv_lib_python3_12_site-packages_PyQt6 --> node_venv_lib_python3_12_site-packages_PyQt6_bindings["bindings"]\n    node_venv_lib_python3_12_site-packages_PyQt6_bindings --> node_venv_lib_python3_12_site-packages_PyQt6_bindings_QtSensors["QtSensors"]\n    node_venv_lib_python3_12_site-packages_PyQt6_bindings_QtSensors --> node_venv_lib_python3_12_site-packages_PyQt6_bindings_QtSensors_qcompass_sip["qcompass.sip"]\n    Root --> node_venv["venv"]\n    node_venv --> node_venv_lib["lib"]\n    node_venv_lib --> node_venv_lib_python3_12["python3.12"]\n    node_venv_lib_python3_12 --> node_venv_lib_python3_12_site-packages["site-packages"]\n    node_venv_lib_python3_12_site-packages --> node_venv_lib_python3_12_site-packages_PyQt6["PyQt6"]\n    node_venv_lib_python3_12_site-packages_PyQt6 --> node_venv_lib_python3_12_site-packages_PyQt6_bindings["bindings"]\n    node_venv_lib_python3_12_site-packages_PyQt6_bindings --> node_venv_lib_python3_12_site-packages_PyQt6_bindings_QtSensors["QtSensors"]\n    node_venv_lib_python3_12_site-packages_PyQt6_bindings_QtSensors --> node_venv_lib_python3_12_site-packages_PyQt6_bindings_QtSensors_qgyroscope_sip["qgyroscope.sip"]\n    Root --> node_venv["venv"]\n    node_venv --> node_venv_lib["lib"]\n    node_venv_lib --> node_venv_lib_python3_12["python3.12"]\n    node_venv_lib_python3_12 --> node_venv_lib_python3_12_site-packages["site-packages"]\n    node_venv_lib_python3_12_site-packages --> node_venv_lib_python3_12_site-packages_PyQt6["PyQt6"]\n    node_venv_lib_python3_12_site-packages_PyQt6 --> node_venv_lib_python3_12_site-packages_PyQt6_bindings["bindings"]\n    node_venv_lib_python3_12_site-packages_PyQt6_bindings --> node_venv_lib_python3_12_site-packages_PyQt6_bindings_QtSensors["QtSensors"]\n    node_venv_lib_python3_12_site-packages_PyQt6_bindings_QtSensors --> node_venv_lib_python3_12_site-packages_PyQt6_bindings_QtSensors_qhumiditysensor_sip["qhumiditysensor.sip"]\n    Root --> node_venv["venv"]\n    node_venv --> node_venv_lib["lib"]\n    node_venv_lib --> node_venv_lib_python3_12["python3.12"]\n    node_venv_lib_python3_12 --> node_venv_lib_python3_12_site-packages["site-packages"]\n    node_venv_lib_python3_12_site-packages --> node_venv_lib_python3_12_site-packages_PyQt6["PyQt6"]\n    node_venv_lib_python3_12_site-packages_PyQt6 --> node_venv_lib_python3_12_site-packages_PyQt6_bindings["bindings"]\n    node_venv_lib_python3_12_site-packages_PyQt6_bindings --> node_venv_lib_python3_12_site-packages_PyQt6_bindings_QtSensors["QtSensors"]\n    node_venv_lib_python3_12_site-packages_PyQt6_bindings_QtSensors --> node_venv_lib_python3_12_site-packages_PyQt6_bindings_QtSensors_qirproximitysensor_sip["qirproximitysensor.sip"]\n    Root --> node_venv["venv"]\n    node_venv --> node_venv_lib["lib"]\n    node_venv_lib --> node_venv_lib_python3_12["python3.12"]\n    node_venv_lib_python3_12 --> node_venv_lib_python3_12_site-packages["site-packages"]\n    node_venv_lib_python3_12_site-packages --> node_venv_lib_python3_12_site-packages_PyQt6["PyQt6"]\n    node_venv_lib_python3_12_site-packages_PyQt6 --> node_venv_lib_python3_12_site-packages_PyQt6_bindings["bindings"]\n    node_venv_lib_python3_12_site-packages_PyQt6_bindings --> node_venv_lib_python3_12_site-packages_PyQt6_bindings_QtSensors["QtSensors"]\n    node_venv_lib_python3_12_site-packages_PyQt6_bindings_QtSensors --> node_venv_lib_python3_12_site-packages_PyQt6_bindings_QtSensors_qlidsensor_sip["qlidsensor.sip"]\n    Root --> node_venv["venv"]\n    node_venv --> node_venv_lib["lib"]\n    node_venv_lib --> node_venv_lib_python3_12["python3.12"]\n    node_venv_lib_python3_12 --> node_venv_lib_python3_12_site-packages["site-packages"]\n    node_venv_lib_python3_12_site-packages --> node_venv_lib_python3_12_site-packages_PyQt6["PyQt6"]\n    node_venv_lib_python3_12_site-packages_PyQt6 --> node_venv_lib_python3_12_site-packages_PyQt6_bindings["bindings"]\n    node_venv_lib_python3_12_site-packages_PyQt6_bindings --> node_venv_lib_python3_12_site-packages_PyQt6_bindings_QtSensors["QtSensors"]\n    node_venv_lib_python3_12_site-packages_PyQt6_bindings_QtSensors --> node_venv_lib_python3_12_site-packages_PyQt6_bindings_QtSensors_qlightsensor_sip["qlightsensor.sip"]\n    Root --> node_venv["venv"]\n    node_venv --> node_venv_lib["lib"]\n    node_venv_lib --> node_venv_lib_python3_12["python3.12"]\n    node_venv_lib_python3_12 --> node_venv_lib_python3_12_site-packages["site-packages"]\n    node_venv_lib_python3_12_site-packages --> node_venv_lib_python3_12_site-packages_PyQt6["PyQt6"]\n    node_venv_lib_python3_12_site-packages_PyQt6 --> node_venv_lib_python3_12_site-packages_PyQt6_bindings["bindings"]\n    node_venv_lib_python3_12_site-packages_PyQt6_bindings --> node_venv_lib_python3_12_site-packages_PyQt6_bindings_QtSensors["QtSensors"]\n    node_venv_lib_python3_12_site-packages_PyQt6_bindings_QtSensors --> node_venv_lib_python3_12_site-packages_PyQt6_bindings_QtSensors_qmagnetometer_sip["qmagnetometer.sip"]\n    Root --> node_venv["venv"]\n    node_venv --> node_venv_lib["lib"]\n    node_venv_lib --> node_venv_lib_python3_12["python3.12"]\n    node_venv_lib_python3_12 --> node_venv_lib_python3_12_site-packages["site-packages"]\n    node_venv_lib_python3_12_site-packages --> node_venv_lib_python3_12_site-packages_PyQt6["PyQt6"]\n    node_venv_lib_python3_12_site-packages_PyQt6 --> node_venv_lib_python3_12_site-packages_PyQt6_bindings["bindings"]\n    node_venv_lib_python3_12_site-packages_PyQt6_bindings --> node_venv_lib_python3_12_site-packages_PyQt6_bindings_QtSensors["QtSensors"]\n    node_venv_lib_python3_12_site-packages_PyQt6_bindings_QtSensors --> node_venv_lib_python3_12_site-packages_PyQt6_bindings_QtSensors_qorientationsensor_sip["qorientationsensor.sip"]\n    Root --> node_venv["venv"]\n    node_venv --> node_venv_lib["lib"]\n    node_venv_lib --> node_venv_lib_python3_12["python3.12"]\n    node_venv_lib_python3_12 --> node_venv_lib_python3_12_site-packages["site-packages"]\n    node_venv_lib_python3_12_site-packages --> node_venv_lib_python3_12_site-packages_PyQt6["PyQt6"]\n    node_venv_lib_python3_12_site-packages_PyQt6 --> node_venv_lib_python3_12_site-packages_PyQt6_bindings["bindings"]\n    node_venv_lib_python3_12_site-packages_PyQt6_bindings --> node_venv_lib_python3_12_site-packages_PyQt6_bindings_QtSensors["QtSensors"]\n    node_venv_lib_python3_12_site-packages_PyQt6_bindings_QtSensors --> node_venv_lib_python3_12_site-packages_PyQt6_bindings_QtSensors_qpressuresensor_sip["qpressuresensor.sip"]\n    Root --> node_venv["venv"]\n    node_venv --> node_venv_lib["lib"]\n    node_venv_lib --> node_venv_lib_python3_12["python3.12"]\n    node_venv_lib_python3_12 --> node_venv_lib_python3_12_site-packages["site-packages"]\n    node_venv_lib_python3_12_site-packages --> node_venv_lib_python3_12_site-packages_PyQt6["PyQt6"]\n    node_venv_lib_python3_12_site-packages_PyQt6 --> node_venv_lib_python3_12_site-packages_PyQt6_bindings["bindings"]\n    node_venv_lib_python3_12_site-packages_PyQt6_bindings --> node_venv_lib_python3_12_site-packages_PyQt6_bindings_QtSensors["QtSensors"]\n    node_venv_lib_python3_12_site-packages_PyQt6_bindings_QtSensors --> node_venv_lib_python3_12_site-packages_PyQt6_bindings_QtSensors_qproximitysensor_sip["qproximitysensor.sip"]\n    Root --> node_venv["venv"]\n    node_venv --> node_venv_lib["lib"]\n    node_venv_lib --> node_venv_lib_python3_12["python3.12"]\n    node_venv_lib_python3_12 --> node_venv_lib_python3_12_site-packages["site-packages"]\n    node_venv_lib_python3_12_site-packages --> node_venv_lib_python3_12_site-packages_PyQt6["PyQt6"]\n    node_venv_lib_python3_12_site-packages_PyQt6 --> node_venv_lib_python3_12_site-packages_PyQt6_bindings["bindings"]\n    node_venv_lib_python3_12_site-packages_PyQt6_bindings --> node_venv_lib_python3_12_site-packages_PyQt6_bindings_QtSensors["QtSensors"]\n    node_venv_lib_python3_12_site-packages_PyQt6_bindings_QtSensors --> node_venv_lib_python3_12_site-packages_PyQt6_bindings_QtSensors_qrotationsensor_sip["qrotationsensor.sip"]\n    Root --> node_venv["venv"]\n    node_venv --> node_venv_lib["lib"]\n    node_venv_lib --> node_venv_lib_python3_12["python3.12"]\n    node_venv_lib_python3_12 --> node_venv_lib_python3_12_site-packages["site-packages"]\n    node_venv_lib_python3_12_site-packages --> node_venv_lib_python3_12_site-packages_PyQt6["PyQt6"]\n    node_venv_lib_python3_12_site-packages_PyQt6 --> node_venv_lib_python3_12_site-packages_PyQt6_bindings["bindings"]\n    node_venv_lib_python3_12_site-packages_PyQt6_bindings --> node_venv_lib_python3_12_site-packages_PyQt6_bindings_QtSensors["QtSensors"]\n    node_venv_lib_python3_12_site-packages_PyQt6_bindings_QtSensors --> node_venv_lib_python3_12_site-packages_PyQt6_bindings_QtSensors_qsensor_sip["qsensor.sip"]\n    Root --> node_venv["venv"]\n    node_venv --> node_venv_lib["lib"]\n    node_venv_lib --> node_venv_lib_python3_12["python3.12"]\n    node_venv_lib_python3_12 --> node_venv_lib_python3_12_site-packages["site-packages"]\n    node_venv_lib_python3_12_site-packages --> node_venv_lib_python3_12_site-packages_PyQt6["PyQt6"]\n    node_venv_lib_python3_12_site-packages_PyQt6 --> node_venv_lib_python3_12_site-packages_PyQt6_bindings["bindings"]\n    node_venv_lib_python3_12_site-packages_PyQt6_bindings --> node_venv_lib_python3_12_site-packages_PyQt6_bindings_QtSensors["QtSensors"]\n    node_venv_lib_python3_12_site-packages_PyQt6_bindings_QtSensors --> node_venv_lib_python3_12_site-packages_PyQt6_bindings_QtSensors_qtapsensor_sip["qtapsensor.sip"]\n    Root --> node_venv["venv"]\n    node_venv --> node_venv_lib["lib"]\n    node_venv_lib --> node_venv_lib_python3_12["python3.12"]\n    node_venv_lib_python3_12 --> node_venv_lib_python3_12_site-packages["site-packages"]\n    node_venv_lib_python3_12_site-packages --> node_venv_lib_python3_12_site-packages_PyQt6["PyQt6"]\n    node_venv_lib_python3_12_site-packages_PyQt6 --> node_venv_lib_python3_12_site-packages_PyQt6_bindings["bindings"]\n    node_venv_lib_python3_12_site-packages_PyQt6_bindings --> node_venv_lib_python3_12_site-packages_PyQt6_bindings_QtSensors["QtSensors"]\n    node_venv_lib_python3_12_site-packages_PyQt6_bindings_QtSensors --> node_venv_lib_python3_12_site-packages_PyQt6_bindings_QtSensors_qtiltsensor_sip["qtiltsensor.sip"]\n    Root --> node_venv["venv"]\n    node_venv --> node_venv_lib["lib"]\n    node_venv_lib --> node_venv_lib_python3_12["python3.12"]\n    node_venv_lib_python3_12 --> node_venv_lib_python3_12_site-packages["site-packages"]\n    node_venv_lib_python3_12_site-packages --> node_venv_lib_python3_12_site-packages_PyQt6["PyQt6"]\n    node_venv_lib_python3_12_site-packages_PyQt6 --> node_venv_lib_python3_12_site-packages_PyQt6_bindings["bindings"]\n    node_venv_lib_python3_12_site-packages_PyQt6_bindings --> node_venv_lib_python3_12_site-packages_PyQt6_bindings_QtPdf["QtPdf"]\n    node_venv_lib_python3_12_site-packages_PyQt6_bindings_QtPdf --> node_venv_lib_python3_12_site-packages_PyQt6_bindings_QtPdf_QtPdf_toml["QtPdf.toml"]\n    Root --> node_venv["venv"]\n    node_venv --> node_venv_lib["lib"]\n    node_venv_lib --> node_venv_lib_python3_12["python3.12"]\n    node_venv_lib_python3_12 --> node_venv_lib_python3_12_site-packages["site-packages"]\n    node_venv_lib_python3_12_site-packages --> node_venv_lib_python3_12_site-packages_PyQt6["PyQt6"]\n    node_venv_lib_python3_12_site-packages_PyQt6 --> node_venv_lib_python3_12_site-packages_PyQt6_bindings["bindings"]\n    node_venv_lib_python3_12_site-packages_PyQt6_bindings --> node_venv_lib_python3_12_site-packages_PyQt6_bindings_QtPdf["QtPdf"]\n    node_venv_lib_python3_12_site-packages_PyQt6_bindings_QtPdf --> node_venv_lib_python3_12_site-packages_PyQt6_bindings_QtPdf_QtPdfmod_sip["QtPdfmod.sip"]\n    Root --> node_venv["venv"]\n    node_venv --> node_venv_lib["lib"]\n    node_venv_lib --> node_venv_lib_python3_12["python3.12"]\n    node_venv_lib_python3_12 --> node_venv_lib_python3_12_site-packages["site-packages"]\n    node_venv_lib_python3_12_site-packages --> node_venv_lib_python3_12_site-packages_PyQt6["PyQt6"]\n    node_venv_lib_python3_12_site-packages_PyQt6 --> node_venv_lib_python3_12_site-packages_PyQt6_bindings["bindings"]\n    node_venv_lib_python3_12_site-packages_PyQt6_bindings --> node_venv_lib_python3_12_site-packages_PyQt6_bindings_QtPdf["QtPdf"]\n    node_venv_lib_python3_12_site-packages_PyQt6_bindings_QtPdf --> node_venv_lib_python3_12_site-packages_PyQt6_bindings_QtPdf_qpdfbookmarkmodel_sip["qpdfbookmarkmodel.sip"]\n    Root --> node_venv["venv"]\n    node_venv --> node_venv_lib["lib"]\n    node_venv_lib --> node_venv_lib_python3_12["python3.12"]\n    node_venv_lib_python3_12 --> node_venv_lib_python3_12_site-packages["site-packages"]\n    node_venv_lib_python3_12_site-packages --> node_venv_lib_python3_12_site-packages_PyQt6["PyQt6"]\n    node_venv_lib_python3_12_site-packages_PyQt6 --> node_venv_lib_python3_12_site-packages_PyQt6_bindings["bindings"]\n    node_venv_lib_python3_12_site-packages_PyQt6_bindings --> node_venv_lib_python3_12_site-packages_PyQt6_bindings_QtPdf["QtPdf"]\n    node_venv_lib_python3_12_site-packages_PyQt6_bindings_QtPdf --> node_venv_lib_python3_12_site-packages_PyQt6_bindings_QtPdf_qpdfdocument_sip["qpdfdocument.sip"]\n    Root --> node_venv["venv"]\n    node_venv --> node_venv_lib["lib"]\n    node_venv_lib --> node_venv_lib_python3_12["python3.12"]\n    node_venv_lib_python3_12 --> node_venv_lib_python3_12_site-packages["site-packages"]\n    node_venv_lib_python3_12_site-packages --> node_venv_lib_python3_12_site-packages_PyQt6["PyQt6"]\n    node_venv_lib_python3_12_site-packages_PyQt6 --> node_venv_lib_python3_12_site-packages_PyQt6_bindings["bindings"]\n    node_venv_lib_python3_12_site-packages_PyQt6_bindings --> node_venv_lib_python3_12_site-packages_PyQt6_bindings_QtPdf["QtPdf"]\n    node_venv_lib_python3_12_site-packages_PyQt6_bindings_QtPdf --> node_venv_lib_python3_12_site-packages_PyQt6_bindings_QtPdf_qpdfdocumentrenderoptions_sip["qpdfdocumentrenderoptions.sip"]\n    Root --> node_venv["venv"]\n    node_venv --> node_venv_lib["lib"]\n    node_venv_lib --> node_venv_lib_python3_12["python3.12"]\n    node_venv_lib_python3_12 --> node_venv_lib_python3_12_site-packages["site-packages"]\n    node_venv_lib_python3_12_site-packages --> node_venv_lib_python3_12_site-packages_PyQt6["PyQt6"]\n    node_venv_lib_python3_12_site-packages_PyQt6 --> node_venv_lib_python3_12_site-packages_PyQt6_bindings["bindings"]\n    node_venv_lib_python3_12_site-packages_PyQt6_bindings --> node_venv_lib_python3_12_site-packages_PyQt6_bindings_QtPdf["QtPdf"]\n    node_venv_lib_python3_12_site-packages_PyQt6_bindings_QtPdf --> node_venv_lib_python3_12_site-packages_PyQt6_bindings_QtPdf_qpdflink_sip["qpdflink.sip"]\n    Root --> node_venv["venv"]\n    node_venv --> node_venv_lib["lib"]\n    node_venv_lib --> node_venv_lib_python3_12["python3.12"]\n    node_venv_lib_python3_12 --> node_venv_lib_python3_12_site-packages["site-packages"]\n    node_venv_lib_python3_12_site-packages --> node_venv_lib_python3_12_site-packages_PyQt6["PyQt6"]\n    node_venv_lib_python3_12_site-packages_PyQt6 --> node_venv_lib_python3_12_site-packages_PyQt6_bindings["bindings"]\n    node_venv_lib_python3_12_site-packages_PyQt6_bindings --> node_venv_lib_python3_12_site-packages_PyQt6_bindings_QtPdf["QtPdf"]\n    node_venv_lib_python3_12_site-packages_PyQt6_bindings_QtPdf --> node_venv_lib_python3_12_site-packages_PyQt6_bindings_QtPdf_qpdflinkmodel_sip["qpdflinkmodel.sip"]\n    Root --> node_venv["venv"]\n    node_venv --> node_venv_lib["lib"]\n    node_venv_lib --> node_venv_lib_python3_12["python3.12"]\n    node_venv_lib_python3_12 --> node_venv_lib_python3_12_site-packages["site-packages"]\n    node_venv_lib_python3_12_site-packages --> node_venv_lib_python3_12_site-packages_PyQt6["PyQt6"]\n    node_venv_lib_python3_12_site-packages_PyQt6 --> node_venv_lib_python3_12_site-packages_PyQt6_bindings["bindings"]\n    node_venv_lib_python3_12_site-packages_PyQt6_bindings --> node_venv_lib_python3_12_site-packages_PyQt6_bindings_QtPdf["QtPdf"]\n    node_venv_lib_python3_12_site-packages_PyQt6_bindings_QtPdf --> node_venv_lib_python3_12_site-packages_PyQt6_bindings_QtPdf_qpdfpagenavigator_sip["qpdfpagenavigator.sip"]\n    Root --> node_venv["venv"]\n    node_venv --> node_venv_lib["lib"]\n    node_venv_lib --> node_venv_lib_python3_12["python3.12"]\n    node_venv_lib_python3_12 --> node_venv_lib_python3_12_site-packages["site-packages"]\n    node_venv_lib_python3_12_site-packages --> node_venv_lib_python3_12_site-packages_PyQt6["PyQt6"]\n    node_venv_lib_python3_12_site-packages_PyQt6 --> node_venv_lib_python3_12_site-packages_PyQt6_bindings["bindings"]\n    node_venv_lib_python3_12_site-packages_PyQt6_bindings --> node_venv_lib_python3_12_site-packages_PyQt6_bindings_QtPdf["QtPdf"]\n    node_venv_lib_python3_12_site-packages_PyQt6_bindings_QtPdf --> node_venv_lib_python3_12_site-packages_PyQt6_bindings_QtPdf_qpdfpagerenderer_sip["qpdfpagerenderer.sip"]\n    Root --> node_venv["venv"]\n    node_venv --> node_venv_lib["lib"]\n    node_venv_lib --> node_venv_lib_python3_12["python3.12"]\n    node_venv_lib_python3_12 --> node_venv_lib_python3_12_site-packages["site-packages"]\n    node_venv_lib_python3_12_site-packages --> node_venv_lib_python3_12_site-packages_PyQt6["PyQt6"]\n    node_venv_lib_python3_12_site-packages_PyQt6 --> node_venv_lib_python3_12_site-packages_PyQt6_bindings["bindings"]\n    node_venv_lib_python3_12_site-packages_PyQt6_bindings --> node_venv_lib_python3_12_site-packages_PyQt6_bindings_QtPdf["QtPdf"]\n    node_venv_lib_python3_12_site-packages_PyQt6_bindings_QtPdf --> node_venv_lib_python3_12_site-packages_PyQt6_bindings_QtPdf_qpdfsearchmodel_sip["qpdfsearchmodel.sip"]\n    Root --> node_venv["venv"]\n    node_venv --> node_venv_lib["lib"]\n    node_venv_lib --> node_venv_lib_python3_12["python3.12"]\n    node_venv_lib_python3_12 --> node_venv_lib_python3_12_site-packages["site-packages"]\n    node_venv_lib_python3_12_site-packages --> node_venv_lib_python3_12_site-packages_PyQt6["PyQt6"]\n    node_venv_lib_python3_12_site-packages_PyQt6 --> node_venv_lib_python3_12_site-packages_PyQt6_bindings["bindings"]\n    node_venv_lib_python3_12_site-packages_PyQt6_bindings --> node_venv_lib_python3_12_site-packages_PyQt6_bindings_QtPdf["QtPdf"]\n    node_venv_lib_python3_12_site-packages_PyQt6_bindings_QtPdf --> node_venv_lib_python3_12_site-packages_PyQt6_bindings_QtPdf_qpdfselection_sip["qpdfselection.sip"]\n    Root --> node_venv["venv"]\n    node_venv --> node_venv_lib["lib"]\n    node_venv_lib --> node_venv_lib_python3_12["python3.12"]\n    node_venv_lib_python3_12 --> node_venv_lib_python3_12_site-packages["site-packages"]\n    node_venv_lib_python3_12_site-packages --> node_venv_lib_python3_12_site-packages_PyQt6["PyQt6"]\n    node_venv_lib_python3_12_site-packages_PyQt6 --> node_venv_lib_python3_12_site-packages_PyQt6_bindings["bindings"]\n    node_venv_lib_python3_12_site-packages_PyQt6_bindings --> node_venv_lib_python3_12_site-packages_PyQt6_bindings_QtOpenGLWidgets["QtOpenGLWidgets"]\n    node_venv_lib_python3_12_site-packages_PyQt6_bindings_QtOpenGLWidgets --> node_venv_lib_python3_12_site-packages_PyQt6_bindings_QtOpenGLWidgets_QtOpenGLWidgets_toml["QtOpenGLWidgets.toml"]\n    Root --> node_venv["venv"]\n    node_venv --> node_venv_lib["lib"]\n    node_venv_lib --> node_venv_lib_python3_12["python3.12"]\n    node_venv_lib_python3_12 --> node_venv_lib_python3_12_site-packages["site-packages"]\n    node_venv_lib_python3_12_site-packages --> node_venv_lib_python3_12_site-packages_PyQt6["PyQt6"]\n    node_venv_lib_python3_12_site-packages_PyQt6 --> node_venv_lib_python3_12_site-packages_PyQt6_bindings["bindings"]\n    node_venv_lib_python3_12_site-packages_PyQt6_bindings --> node_venv_lib_python3_12_site-packages_PyQt6_bindings_QtOpenGLWidgets["QtOpenGLWidgets"]\n    node_venv_lib_python3_12_site-packages_PyQt6_bindings_QtOpenGLWidgets --> node_venv_lib_python3_12_site-packages_PyQt6_bindings_QtOpenGLWidgets_QtOpenGLWidgetsmod_sip["QtOpenGLWidgetsmod.sip"]\n    Root --> node_venv["venv"]\n    node_venv --> node_venv_lib["lib"]\n    node_venv_lib --> node_venv_lib_python3_12["python3.12"]\n    node_venv_lib_python3_12 --> node_venv_lib_python3_12_site-packages["site-packages"]\n    node_venv_lib_python3_12_site-packages --> node_venv_lib_python3_12_site-packages_PyQt6["PyQt6"]\n    node_venv_lib_python3_12_site-packages_PyQt6 --> node_venv_lib_python3_12_site-packages_PyQt6_bindings["bindings"]\n    node_venv_lib_python3_12_site-packages_PyQt6_bindings --> node_venv_lib_python3_12_site-packages_PyQt6_bindings_QtOpenGLWidgets["QtOpenGLWidgets"]\n    node_venv_lib_python3_12_site-packages_PyQt6_bindings_QtOpenGLWidgets --> node_venv_lib_python3_12_site-packages_PyQt6_bindings_QtOpenGLWidgets_qopenglwidget_sip["qopenglwidget.sip"]\n    Root --> node_venv["venv"]\n    node_venv --> node_venv_lib["lib"]\n    node_venv_lib --> node_venv_lib_python3_12["python3.12"]\n    node_venv_lib_python3_12 --> node_venv_lib_python3_12_site-packages["site-packages"]\n    node_venv_lib_python3_12_site-packages --> node_venv_lib_python3_12_site-packages_PyQt6["PyQt6"]\n    node_venv_lib_python3_12_site-packages_PyQt6 --> node_venv_lib_python3_12_site-packages_PyQt6_bindings["bindings"]\n    node_venv_lib_python3_12_site-packages_PyQt6_bindings --> node_venv_lib_python3_12_site-packages_PyQt6_bindings_QtGui["QtGui"]\n    node_venv_lib_python3_12_site-packages_PyQt6_bindings_QtGui --> node_venv_lib_python3_12_site-packages_PyQt6_bindings_QtGui_QtGui_toml["QtGui.toml"]\n    Root --> node_venv["venv"]\n    node_venv --> node_venv_lib["lib"]\n    node_venv_lib --> node_venv_lib_python3_12["python3.12"]\n    node_venv_lib_python3_12 --> node_venv_lib_python3_12_site-packages["site-packages"]\n    node_venv_lib_python3_12_site-packages --> node_venv_lib_python3_12_site-packages_PyQt6["PyQt6"]\n    node_venv_lib_python3_12_site-packages_PyQt6 --> node_venv_lib_python3_12_site-packages_PyQt6_bindings["bindings"]\n    node_venv_lib_python3_12_site-packages_PyQt6_bindings --> node_venv_lib_python3_12_site-packages_PyQt6_bindings_QtGui["QtGui"]\n    node_venv_lib_python3_12_site-packages_PyQt6_bindings_QtGui --> node_venv_lib_python3_12_site-packages_PyQt6_bindings_QtGui_QtGuimod_sip["QtGuimod.sip"]\n    Root --> node_venv["venv"]\n    node_venv --> node_venv_lib["lib"]\n    node_venv_lib --> node_venv_lib_python3_12["python3.12"]\n    node_venv_lib_python3_12 --> node_venv_lib_python3_12_site-packages["site-packages"]\n    node_venv_lib_python3_12_site-packages --> node_venv_lib_python3_12_site-packages_PyQt6["PyQt6"]\n    node_venv_lib_python3_12_site-packages_PyQt6 --> node_venv_lib_python3_12_site-packages_PyQt6_bindings["bindings"]\n    node_venv_lib_python3_12_site-packages_PyQt6_bindings --> node_venv_lib_python3_12_site-packages_PyQt6_bindings_QtGui["QtGui"]\n    node_venv_lib_python3_12_site-packages_PyQt6_bindings_QtGui --> node_venv_lib_python3_12_site-packages_PyQt6_bindings_QtGui_opengl_types_sip["opengl_types.sip"]\n    Root --> node_venv["venv"]\n    node_venv --> node_venv_lib["lib"]\n    node_venv_lib --> node_venv_lib_python3_12["python3.12"]\n    node_venv_lib_python3_12 --> node_venv_lib_python3_12_site-packages["site-packages"]\n    node_venv_lib_python3_12_site-packages --> node_venv_lib_python3_12_site-packages_PyQt6["PyQt6"]\n    node_venv_lib_python3_12_site-packages_PyQt6 --> node_venv_lib_python3_12_site-packages_PyQt6_bindings["bindings"]\n    node_venv_lib_python3_12_site-packages_PyQt6_bindings --> node_venv_lib_python3_12_site-packages_PyQt6_bindings_QtGui["QtGui"]\n    node_venv_lib_python3_12_site-packages_PyQt6_bindings_QtGui --> node_venv_lib_python3_12_site-packages_PyQt6_bindings_QtGui_qabstractfileiconprovider_sip["qabstractfileiconprovider.sip"]\n    Root --> node_venv["venv"]\n    node_venv --> node_venv_lib["lib"]\n    node_venv_lib --> node_venv_lib_python3_12["python3.12"]\n    node_venv_lib_python3_12 --> node_venv_lib_python3_12_site-packages["site-packages"]\n    node_venv_lib_python3_12_site-packages --> node_venv_lib_python3_12_site-packages_PyQt6["PyQt6"]\n    node_venv_lib_python3_12_site-packages_PyQt6 --> node_venv_lib_python3_12_site-packages_PyQt6_bindings["bindings"]\n    node_venv_lib_python3_12_site-packages_PyQt6_bindings --> node_venv_lib_python3_12_site-packages_PyQt6_bindings_QtGui["QtGui"]\n    node_venv_lib_python3_12_site-packages_PyQt6_bindings_QtGui --> node_venv_lib_python3_12_site-packages_PyQt6_bindings_QtGui_qabstracttextdocumentlayout_sip["qabstracttextdocumentlayout.sip"]\n    Root --> node_venv["venv"]\n    node_venv --> node_venv_lib["lib"]\n    node_venv_lib --> node_venv_lib_python3_12["python3.12"]\n    node_venv_lib_python3_12 --> node_venv_lib_python3_12_site-packages["site-packages"]\n    node_venv_lib_python3_12_site-packages --> node_venv_lib_python3_12_site-packages_PyQt6["PyQt6"]\n    node_venv_lib_python3_12_site-packages_PyQt6 --> node_venv_lib_python3_12_site-packages_PyQt6_bindings["bindings"]\n    node_venv_lib_python3_12_site-packages_PyQt6_bindings --> node_venv_lib_python3_12_site-packages_PyQt6_bindings_QtGui["QtGui"]\n    node_venv_lib_python3_12_site-packages_PyQt6_bindings_QtGui --> node_venv_lib_python3_12_site-packages_PyQt6_bindings_QtGui_qaccessibilityhints_sip["qaccessibilityhints.sip"]\n    Root --> node_venv["venv"]\n    node_venv --> node_venv_lib["lib"]\n    node_venv_lib --> node_venv_lib_python3_12["python3.12"]\n    node_venv_lib_python3_12 --> node_venv_lib_python3_12_site-packages["site-packages"]\n    node_venv_lib_python3_12_site-packages --> node_venv_lib_python3_12_site-packages_PyQt6["PyQt6"]\n    node_venv_lib_python3_12_site-packages_PyQt6 --> node_venv_lib_python3_12_site-packages_PyQt6_bindings["bindings"]\n    node_venv_lib_python3_12_site-packages_PyQt6_bindings --> node_venv_lib_python3_12_site-packages_PyQt6_bindings_QtGui["QtGui"]\n    node_venv_lib_python3_12_site-packages_PyQt6_bindings_QtGui --> node_venv_lib_python3_12_site-packages_PyQt6_bindings_QtGui_qaction_sip["qaction.sip"]\n    Root --> node_venv["venv"]\n    node_venv --> node_venv_lib["lib"]\n    node_venv_lib --> node_venv_lib_python3_12["python3.12"]\n    node_venv_lib_python3_12 --> node_venv_lib_python3_12_site-packages["site-packages"]\n    node_venv_lib_python3_12_site-packages --> node_venv_lib_python3_12_site-packages_PyQt6["PyQt6"]\n    node_venv_lib_python3_12_site-packages_PyQt6 --> node_venv_lib_python3_12_site-packages_PyQt6_bindings["bindings"]\n    node_venv_lib_python3_12_site-packages_PyQt6_bindings --> node_venv_lib_python3_12_site-packages_PyQt6_bindings_QtGui["QtGui"]\n    node_venv_lib_python3_12_site-packages_PyQt6_bindings_QtGui --> node_venv_lib_python3_12_site-packages_PyQt6_bindings_QtGui_qactiongroup_sip["qactiongroup.sip"]\n    Root --> node_venv["venv"]\n    node_venv --> node_venv_lib["lib"]\n    node_venv_lib --> node_venv_lib_python3_12["python3.12"]\n    node_venv_lib_python3_12 --> node_venv_lib_python3_12_site-packages["site-packages"]\n    node_venv_lib_python3_12_site-packages --> node_venv_lib_python3_12_site-packages_PyQt6["PyQt6"]\n    node_venv_lib_python3_12_site-packages_PyQt6 --> node_venv_lib_python3_12_site-packages_PyQt6_bindings["bindings"]\n    node_venv_lib_python3_12_site-packages_PyQt6_bindings --> node_venv_lib_python3_12_site-packages_PyQt6_bindings_QtGui["QtGui"]\n    node_venv_lib_python3_12_site-packages_PyQt6_bindings_QtGui --> node_venv_lib_python3_12_site-packages_PyQt6_bindings_QtGui_qbackingstore_sip["qbackingstore.sip"]\n    Root --> node_venv["venv"]\n    node_venv --> node_venv_lib["lib"]\n    node_venv_lib --> node_venv_lib_python3_12["python3.12"]\n    node_venv_lib_python3_12 --> node_venv_lib_python3_12_site-packages["site-packages"]\n    node_venv_lib_python3_12_site-packages --> node_venv_lib_python3_12_site-packages_PyQt6["PyQt6"]\n    node_venv_lib_python3_12_site-packages_PyQt6 --> node_venv_lib_python3_12_site-packages_PyQt6_bindings["bindings"]\n    node_venv_lib_python3_12_site-packages_PyQt6_bindings --> node_venv_lib_python3_12_site-packages_PyQt6_bindings_QtGui["QtGui"]\n    node_venv_lib_python3_12_site-packages_PyQt6_bindings_QtGui --> node_venv_lib_python3_12_site-packages_PyQt6_bindings_QtGui_qbitmap_sip["qbitmap.sip"]\n    Root --> node_venv["venv"]\n    node_venv --> node_venv_lib["lib"]\n    node_venv_lib --> node_venv_lib_python3_12["python3.12"]\n    node_venv_lib_python3_12 --> node_venv_lib_python3_12_site-packages["site-packages"]\n    node_venv_lib_python3_12_site-packages --> node_venv_lib_python3_12_site-packages_PyQt6["PyQt6"]\n    node_venv_lib_python3_12_site-packages_PyQt6 --> node_venv_lib_python3_12_site-packages_PyQt6_bindings["bindings"]\n    node_venv_lib_python3_12_site-packages_PyQt6_bindings --> node_venv_lib_python3_12_site-packages_PyQt6_bindings_QtGui["QtGui"]\n    node_venv_lib_python3_12_site-packages_PyQt6_bindings_QtGui --> node_venv_lib_python3_12_site-packages_PyQt6_bindings_QtGui_qbrush_sip["qbrush.sip"]\n    Root --> node_venv["venv"]\n    node_venv --> node_venv_lib["lib"]\n    node_venv_lib --> node_venv_lib_python3_12["python3.12"]\n    node_venv_lib_python3_12 --> node_venv_lib_python3_12_site-packages["site-packages"]\n    node_venv_lib_python3_12_site-packages --> node_venv_lib_python3_12_site-packages_PyQt6["PyQt6"]\n    node_venv_lib_python3_12_site-packages_PyQt6 --> node_venv_lib_python3_12_site-packages_PyQt6_bindings["bindings"]\n    node_venv_lib_python3_12_site-packages_PyQt6_bindings --> node_venv_lib_python3_12_site-packages_PyQt6_bindings_QtGui["QtGui"]\n    node_venv_lib_python3_12_site-packages_PyQt6_bindings_QtGui --> node_venv_lib_python3_12_site-packages_PyQt6_bindings_QtGui_qclipboard_sip["qclipboard.sip"]\n    Root --> node_venv["venv"]\n    node_venv --> node_venv_lib["lib"]\n    node_venv_lib --> node_venv_lib_python3_12["python3.12"]\n    node_venv_lib_python3_12 --> node_venv_lib_python3_12_site-packages["site-packages"]\n    node_venv_lib_python3_12_site-packages --> node_venv_lib_python3_12_site-packages_PyQt6["PyQt6"]\n    node_venv_lib_python3_12_site-packages_PyQt6 --> node_venv_lib_python3_12_site-packages_PyQt6_bindings["bindings"]\n    node_venv_lib_python3_12_site-packages_PyQt6_bindings --> node_venv_lib_python3_12_site-packages_PyQt6_bindings_QtGui["QtGui"]\n    node_venv_lib_python3_12_site-packages_PyQt6_bindings_QtGui --> node_venv_lib_python3_12_site-packages_PyQt6_bindings_QtGui_qcolor_sip["qcolor.sip"]\n    Root --> node_venv["venv"]\n    node_venv --> node_venv_lib["lib"]\n    node_venv_lib --> node_venv_lib_python3_12["python3.12"]\n    node_venv_lib_python3_12 --> node_venv_lib_python3_12_site-packages["site-packages"]\n    node_venv_lib_python3_12_site-packages --> node_venv_lib_python3_12_site-packages_PyQt6["PyQt6"]\n    node_venv_lib_python3_12_site-packages_PyQt6 --> node_venv_lib_python3_12_site-packages_PyQt6_bindings["bindings"]\n    node_venv_lib_python3_12_site-packages_PyQt6_bindings --> node_venv_lib_python3_12_site-packages_PyQt6_bindings_QtGui["QtGui"]\n    node_venv_lib_python3_12_site-packages_PyQt6_bindings_QtGui --> node_venv_lib_python3_12_site-packages_PyQt6_bindings_QtGui_qcolorspace_sip["qcolorspace.sip"]\n    Root --> node_venv["venv"]\n    node_venv --> node_venv_lib["lib"]\n    node_venv_lib --> node_venv_lib_python3_12["python3.12"]\n    node_venv_lib_python3_12 --> node_venv_lib_python3_12_site-packages["site-packages"]\n    node_venv_lib_python3_12_site-packages --> node_venv_lib_python3_12_site-packages_PyQt6["PyQt6"]\n    node_venv_lib_python3_12_site-packages_PyQt6 --> node_venv_lib_python3_12_site-packages_PyQt6_bindings["bindings"]\n    node_venv_lib_python3_12_site-packages_PyQt6_bindings --> node_venv_lib_python3_12_site-packages_PyQt6_bindings_QtGui["QtGui"]\n    node_venv_lib_python3_12_site-packages_PyQt6_bindings_QtGui --> node_venv_lib_python3_12_site-packages_PyQt6_bindings_QtGui_qcolortransform_sip["qcolortransform.sip"]\n    Root --> node_venv["venv"]\n    node_venv --> node_venv_lib["lib"]\n    node_venv_lib --> node_venv_lib_python3_12["python3.12"]\n    node_venv_lib_python3_12 --> node_venv_lib_python3_12_site-packages["site-packages"]\n    node_venv_lib_python3_12_site-packages --> node_venv_lib_python3_12_site-packages_PyQt6["PyQt6"]\n    node_venv_lib_python3_12_site-packages_PyQt6 --> node_venv_lib_python3_12_site-packages_PyQt6_bindings["bindings"]\n    node_venv_lib_python3_12_site-packages_PyQt6_bindings --> node_venv_lib_python3_12_site-packages_PyQt6_bindings_QtGui["QtGui"]\n    node_venv_lib_python3_12_site-packages_PyQt6_bindings_QtGui --> node_venv_lib_python3_12_site-packages_PyQt6_bindings_QtGui_qcursor_sip["qcursor.sip"]\n    Root --> node_venv["venv"]\n    node_venv --> node_venv_lib["lib"]\n    node_venv_lib --> node_venv_lib_python3_12["python3.12"]\n    node_venv_lib_python3_12 --> node_venv_lib_python3_12_site-packages["site-packages"]\n    node_venv_lib_python3_12_site-packages --> node_venv_lib_python3_12_site-packages_PyQt6["PyQt6"]\n    node_venv_lib_python3_12_site-packages_PyQt6 --> node_venv_lib_python3_12_site-packages_PyQt6_bindings["bindings"]\n    node_venv_lib_python3_12_site-packages_PyQt6_bindings --> node_venv_lib_python3_12_site-packages_PyQt6_bindings_QtGui["QtGui"]\n    node_venv_lib_python3_12_site-packages_PyQt6_bindings_QtGui --> node_venv_lib_python3_12_site-packages_PyQt6_bindings_QtGui_qdesktopservices_sip["qdesktopservices.sip"]\n    Root --> node_venv["venv"]\n    node_venv --> node_venv_lib["lib"]\n    node_venv_lib --> node_venv_lib_python3_12["python3.12"]\n    node_venv_lib_python3_12 --> node_venv_lib_python3_12_site-packages["site-packages"]\n    node_venv_lib_python3_12_site-packages --> node_venv_lib_python3_12_site-packages_PyQt6["PyQt6"]\n    node_venv_lib_python3_12_site-packages_PyQt6 --> node_venv_lib_python3_12_site-packages_PyQt6_bindings["bindings"]\n    node_venv_lib_python3_12_site-packages_PyQt6_bindings --> node_venv_lib_python3_12_site-packages_PyQt6_bindings_QtGui["QtGui"]\n    node_venv_lib_python3_12_site-packages_PyQt6_bindings_QtGui --> node_venv_lib_python3_12_site-packages_PyQt6_bindings_QtGui_qdrag_sip["qdrag.sip"]\n    Root --> node_venv["venv"]\n    node_venv --> node_venv_lib["lib"]\n    node_venv_lib --> node_venv_lib_python3_12["python3.12"]\n    node_venv_lib_python3_12 --> node_venv_lib_python3_12_site-packages["site-packages"]\n    node_venv_lib_python3_12_site-packages --> node_venv_lib_python3_12_site-packages_PyQt6["PyQt6"]\n    node_venv_lib_python3_12_site-packages_PyQt6 --> node_venv_lib_python3_12_site-packages_PyQt6_bindings["bindings"]\n    node_venv_lib_python3_12_site-packages_PyQt6_bindings --> node_venv_lib_python3_12_site-packages_PyQt6_bindings_QtGui["QtGui"]\n    node_venv_lib_python3_12_site-packages_PyQt6_bindings_QtGui --> node_venv_lib_python3_12_site-packages_PyQt6_bindings_QtGui_qevent_sip["qevent.sip"]\n    Root --> node_venv["venv"]\n    node_venv --> node_venv_lib["lib"]\n    node_venv_lib --> node_venv_lib_python3_12["python3.12"]\n    node_venv_lib_python3_12 --> node_venv_lib_python3_12_site-packages["site-packages"]\n    node_venv_lib_python3_12_site-packages --> node_venv_lib_python3_12_site-packages_PyQt6["PyQt6"]\n    node_venv_lib_python3_12_site-packages_PyQt6 --> node_venv_lib_python3_12_site-packages_PyQt6_bindings["bindings"]\n    node_venv_lib_python3_12_site-packages_PyQt6_bindings --> node_venv_lib_python3_12_site-packages_PyQt6_bindings_QtGui["QtGui"]\n    node_venv_lib_python3_12_site-packages_PyQt6_bindings_QtGui --> node_venv_lib_python3_12_site-packages_PyQt6_bindings_QtGui_qeventpoint_sip["qeventpoint.sip"]\n    Root --> node_venv["venv"]\n    node_venv --> node_venv_lib["lib"]\n    node_venv_lib --> node_venv_lib_python3_12["python3.12"]\n    node_venv_lib_python3_12 --> node_venv_lib_python3_12_site-packages["site-packages"]\n    node_venv_lib_python3_12_site-packages --> node_venv_lib_python3_12_site-packages_PyQt6["PyQt6"]\n    node_venv_lib_python3_12_site-packages_PyQt6 --> node_venv_lib_python3_12_site-packages_PyQt6_bindings["bindings"]\n    node_venv_lib_python3_12_site-packages_PyQt6_bindings --> node_venv_lib_python3_12_site-packages_PyQt6_bindings_QtGui["QtGui"]\n    node_venv_lib_python3_12_site-packages_PyQt6_bindings_QtGui --> node_venv_lib_python3_12_site-packages_PyQt6_bindings_QtGui_qfilesystemmodel_sip["qfilesystemmodel.sip"]\n    Root --> node_venv["venv"]\n    node_venv --> node_venv_lib["lib"]\n    node_venv_lib --> node_venv_lib_python3_12["python3.12"]\n    node_venv_lib_python3_12 --> node_venv_lib_python3_12_site-packages["site-packages"]\n    node_venv_lib_python3_12_site-packages --> node_venv_lib_python3_12_site-packages_PyQt6["PyQt6"]\n    node_venv_lib_python3_12_site-packages_PyQt6 --> node_venv_lib_python3_12_site-packages_PyQt6_bindings["bindings"]\n    node_venv_lib_python3_12_site-packages_PyQt6_bindings --> node_venv_lib_python3_12_site-packages_PyQt6_bindings_QtGui["QtGui"]\n    node_venv_lib_python3_12_site-packages_PyQt6_bindings_QtGui --> node_venv_lib_python3_12_site-packages_PyQt6_bindings_QtGui_qfont_sip["qfont.sip"]\n    Root --> node_venv["venv"]\n    node_venv --> node_venv_lib["lib"]\n    node_venv_lib --> node_venv_lib_python3_12["python3.12"]\n    node_venv_lib_python3_12 --> node_venv_lib_python3_12_site-packages["site-packages"]\n    node_venv_lib_python3_12_site-packages --> node_venv_lib_python3_12_site-packages_PyQt6["PyQt6"]\n    node_venv_lib_python3_12_site-packages_PyQt6 --> node_venv_lib_python3_12_site-packages_PyQt6_bindings["bindings"]\n    node_venv_lib_python3_12_site-packages_PyQt6_bindings --> node_venv_lib_python3_12_site-packages_PyQt6_bindings_QtGui["QtGui"]\n    node_venv_lib_python3_12_site-packages_PyQt6_bindings_QtGui --> node_venv_lib_python3_12_site-packages_PyQt6_bindings_QtGui_qfontdatabase_sip["qfontdatabase.sip"]\n    Root --> node_venv["venv"]\n    node_venv --> node_venv_lib["lib"]\n    node_venv_lib --> node_venv_lib_python3_12["python3.12"]\n    node_venv_lib_python3_12 --> node_venv_lib_python3_12_site-packages["site-packages"]\n    node_venv_lib_python3_12_site-packages --> node_venv_lib_python3_12_site-packages_PyQt6["PyQt6"]\n    node_venv_lib_python3_12_site-packages_PyQt6 --> node_venv_lib_python3_12_site-packages_PyQt6_bindings["bindings"]\n    node_venv_lib_python3_12_site-packages_PyQt6_bindings --> node_venv_lib_python3_12_site-packages_PyQt6_bindings_QtGui["QtGui"]\n    node_venv_lib_python3_12_site-packages_PyQt6_bindings_QtGui --> node_venv_lib_python3_12_site-packages_PyQt6_bindings_QtGui_qfontinfo_sip["qfontinfo.sip"]\n    Root --> node_venv["venv"]\n    node_venv --> node_venv_lib["lib"]\n    node_venv_lib --> node_venv_lib_python3_12["python3.12"]\n    node_venv_lib_python3_12 --> node_venv_lib_python3_12_site-packages["site-packages"]\n    node_venv_lib_python3_12_site-packages --> node_venv_lib_python3_12_site-packages_PyQt6["PyQt6"]\n    node_venv_lib_python3_12_site-packages_PyQt6 --> node_venv_lib_python3_12_site-packages_PyQt6_bindings["bindings"]\n    node_venv_lib_python3_12_site-packages_PyQt6_bindings --> node_venv_lib_python3_12_site-packages_PyQt6_bindings_QtGui["QtGui"]\n    node_venv_lib_python3_12_site-packages_PyQt6_bindings_QtGui --> node_venv_lib_python3_12_site-packages_PyQt6_bindings_QtGui_qfontmetrics_sip["qfontmetrics.sip"]\n    Root --> node_venv["venv"]\n    node_venv --> node_venv_lib["lib"]\n    node_venv_lib --> node_venv_lib_python3_12["python3.12"]\n    node_venv_lib_python3_12 --> node_venv_lib_python3_12_site-packages["site-packages"]\n    node_venv_lib_python3_12_site-packages --> node_venv_lib_python3_12_site-packages_PyQt6["PyQt6"]\n    node_venv_lib_python3_12_site-packages_PyQt6 --> node_venv_lib_python3_12_site-packages_PyQt6_bindings["bindings"]\n    node_venv_lib_python3_12_site-packages_PyQt6_bindings --> node_venv_lib_python3_12_site-packages_PyQt6_bindings_QtGui["QtGui"]\n    node_venv_lib_python3_12_site-packages_PyQt6_bindings_QtGui --> node_venv_lib_python3_12_site-packages_PyQt6_bindings_QtGui_qfontvariableaxis_sip["qfontvariableaxis.sip"]\n    Root --> node_venv["venv"]\n    node_venv --> node_venv_lib["lib"]\n    node_venv_lib --> node_venv_lib_python3_12["python3.12"]\n    node_venv_lib_python3_12 --> node_venv_lib_python3_12_site-packages["site-packages"]\n    node_venv_lib_python3_12_site-packages --> node_venv_lib_python3_12_site-packages_PyQt6["PyQt6"]\n    node_venv_lib_python3_12_site-packages_PyQt6 --> node_venv_lib_python3_12_site-packages_PyQt6_bindings["bindings"]\n    node_venv_lib_python3_12_site-packages_PyQt6_bindings --> node_venv_lib_python3_12_site-packages_PyQt6_bindings_QtGui["QtGui"]\n    node_venv_lib_python3_12_site-packages_PyQt6_bindings_QtGui --> node_venv_lib_python3_12_site-packages_PyQt6_bindings_QtGui_qgenericmatrix_sip["qgenericmatrix.sip"]\n    Root --> node_venv["venv"]\n    node_venv --> node_venv_lib["lib"]\n    node_venv_lib --> node_venv_lib_python3_12["python3.12"]\n    node_venv_lib_python3_12 --> node_venv_lib_python3_12_site-packages["site-packages"]\n    node_venv_lib_python3_12_site-packages --> node_venv_lib_python3_12_site-packages_PyQt6["PyQt6"]\n    node_venv_lib_python3_12_site-packages_PyQt6 --> node_venv_lib_python3_12_site-packages_PyQt6_bindings["bindings"]\n    node_venv_lib_python3_12_site-packages_PyQt6_bindings --> node_venv_lib_python3_12_site-packages_PyQt6_bindings_QtGui["QtGui"]\n    node_venv_lib_python3_12_site-packages_PyQt6_bindings_QtGui --> node_venv_lib_python3_12_site-packages_PyQt6_bindings_QtGui_qglyphrun_sip["qglyphrun.sip"]\n    Root --> node_venv["venv"]\n    node_venv --> node_venv_lib["lib"]\n    node_venv_lib --> node_venv_lib_python3_12["python3.12"]\n    node_venv_lib_python3_12 --> node_venv_lib_python3_12_site-packages["site-packages"]\n    node_venv_lib_python3_12_site-packages --> node_venv_lib_python3_12_site-packages_PyQt6["PyQt6"]\n    node_venv_lib_python3_12_site-packages_PyQt6 --> node_venv_lib_python3_12_site-packages_PyQt6_bindings["bindings"]\n    node_venv_lib_python3_12_site-packages_PyQt6_bindings --> node_venv_lib_python3_12_site-packages_PyQt6_bindings_QtGui["QtGui"]\n    node_venv_lib_python3_12_site-packages_PyQt6_bindings_QtGui --> node_venv_lib_python3_12_site-packages_PyQt6_bindings_QtGui_qguiapplication_sip["qguiapplication.sip"]\n    Root --> node_venv["venv"]\n    node_venv --> node_venv_lib["lib"]\n    node_venv_lib --> node_venv_lib_python3_12["python3.12"]\n    node_venv_lib_python3_12 --> node_venv_lib_python3_12_site-packages["site-packages"]\n    node_venv_lib_python3_12_site-packages --> node_venv_lib_python3_12_site-packages_PyQt6["PyQt6"]\n    node_venv_lib_python3_12_site-packages_PyQt6 --> node_venv_lib_python3_12_site-packages_PyQt6_bindings["bindings"]\n    node_venv_lib_python3_12_site-packages_PyQt6_bindings --> node_venv_lib_python3_12_site-packages_PyQt6_bindings_QtGui["QtGui"]\n    node_venv_lib_python3_12_site-packages_PyQt6_bindings_QtGui --> node_venv_lib_python3_12_site-packages_PyQt6_bindings_QtGui_qicon_sip["qicon.sip"]\n    Root --> node_venv["venv"]\n    node_venv --> node_venv_lib["lib"]\n    node_venv_lib --> node_venv_lib_python3_12["python3.12"]\n    node_venv_lib_python3_12 --> node_venv_lib_python3_12_site-packages["site-packages"]\n    node_venv_lib_python3_12_site-packages --> node_venv_lib_python3_12_site-packages_PyQt6["PyQt6"]\n    node_venv_lib_python3_12_site-packages_PyQt6 --> node_venv_lib_python3_12_site-packages_PyQt6_bindings["bindings"]\n    node_venv_lib_python3_12_site-packages_PyQt6_bindings --> node_venv_lib_python3_12_site-packages_PyQt6_bindings_QtGui["QtGui"]\n    node_venv_lib_python3_12_site-packages_PyQt6_bindings_QtGui --> node_venv_lib_python3_12_site-packages_PyQt6_bindings_QtGui_qiconengine_sip["qiconengine.sip"]\n    Root --> node_venv["venv"]\n    node_venv --> node_venv_lib["lib"]\n    node_venv_lib --> node_venv_lib_python3_12["python3.12"]\n    node_venv_lib_python3_12 --> node_venv_lib_python3_12_site-packages["site-packages"]\n    node_venv_lib_python3_12_site-packages --> node_venv_lib_python3_12_site-packages_PyQt6["PyQt6"]\n    node_venv_lib_python3_12_site-packages_PyQt6 --> node_venv_lib_python3_12_site-packages_PyQt6_bindings["bindings"]\n    node_venv_lib_python3_12_site-packages_PyQt6_bindings --> node_venv_lib_python3_12_site-packages_PyQt6_bindings_QtGui["QtGui"]\n    node_venv_lib_python3_12_site-packages_PyQt6_bindings_QtGui --> node_venv_lib_python3_12_site-packages_PyQt6_bindings_QtGui_qimage_sip["qimage.sip"]\n    Root --> node_venv["venv"]\n    node_venv --> node_venv_lib["lib"]\n    node_venv_lib --> node_venv_lib_python3_12["python3.12"]\n    node_venv_lib_python3_12 --> node_venv_lib_python3_12_site-packages["site-packages"]\n    node_venv_lib_python3_12_site-packages --> node_venv_lib_python3_12_site-packages_PyQt6["PyQt6"]\n    node_venv_lib_python3_12_site-packages_PyQt6 --> node_venv_lib_python3_12_site-packages_PyQt6_bindings["bindings"]\n    node_venv_lib_python3_12_site-packages_PyQt6_bindings --> node_venv_lib_python3_12_site-packages_PyQt6_bindings_QtGui["QtGui"]\n    node_venv_lib_python3_12_site-packages_PyQt6_bindings_QtGui --> node_venv_lib_python3_12_site-packages_PyQt6_bindings_QtGui_qimageiohandler_sip["qimageiohandler.sip"]\n    Root --> node_venv["venv"]\n    node_venv --> node_venv_lib["lib"]\n    node_venv_lib --> node_venv_lib_python3_12["python3.12"]\n    node_venv_lib_python3_12 --> node_venv_lib_python3_12_site-packages["site-packages"]\n    node_venv_lib_python3_12_site-packages --> node_venv_lib_python3_12_site-packages_PyQt6["PyQt6"]\n    node_venv_lib_python3_12_site-packages_PyQt6 --> node_venv_lib_python3_12_site-packages_PyQt6_bindings["bindings"]\n    node_venv_lib_python3_12_site-packages_PyQt6_bindings --> node_venv_lib_python3_12_site-packages_PyQt6_bindings_QtGui["QtGui"]\n    node_venv_lib_python3_12_site-packages_PyQt6_bindings_QtGui --> node_venv_lib_python3_12_site-packages_PyQt6_bindings_QtGui_qimagereader_sip["qimagereader.sip"]\n    Root --> node_venv["venv"]\n    node_venv --> node_venv_lib["lib"]\n    node_venv_lib --> node_venv_lib_python3_12["python3.12"]\n    node_venv_lib_python3_12 --> node_venv_lib_python3_12_site-packages["site-packages"]\n    node_venv_lib_python3_12_site-packages --> node_venv_lib_python3_12_site-packages_PyQt6["PyQt6"]\n    node_venv_lib_python3_12_site-packages_PyQt6 --> node_venv_lib_python3_12_site-packages_PyQt6_bindings["bindings"]\n    node_venv_lib_python3_12_site-packages_PyQt6_bindings --> node_venv_lib_python3_12_site-packages_PyQt6_bindings_QtGui["QtGui"]\n    node_venv_lib_python3_12_site-packages_PyQt6_bindings_QtGui --> node_venv_lib_python3_12_site-packages_PyQt6_bindings_QtGui_qimagewriter_sip["qimagewriter.sip"]\n    Root --> node_venv["venv"]\n    node_venv --> node_venv_lib["lib"]\n    node_venv_lib --> node_venv_lib_python3_12["python3.12"]\n    node_venv_lib_python3_12 --> node_venv_lib_python3_12_site-packages["site-packages"]\n    node_venv_lib_python3_12_site-packages --> node_venv_lib_python3_12_site-packages_PyQt6["PyQt6"]\n    node_venv_lib_python3_12_site-packages_PyQt6 --> node_venv_lib_python3_12_site-packages_PyQt6_bindings["bindings"]\n    node_venv_lib_python3_12_site-packages_PyQt6_bindings --> node_venv_lib_python3_12_site-packages_PyQt6_bindings_QtGui["QtGui"]\n    node_venv_lib_python3_12_site-packages_PyQt6_bindings_QtGui --> node_venv_lib_python3_12_site-packages_PyQt6_bindings_QtGui_qinputdevice_sip["qinputdevice.sip"]\n    Root --> node_venv["venv"]\n    node_venv --> node_venv_lib["lib"]\n    node_venv_lib --> node_venv_lib_python3_12["python3.12"]\n    node_venv_lib_python3_12 --> node_venv_lib_python3_12_site-packages["site-packages"]\n    node_venv_lib_python3_12_site-packages --> node_venv_lib_python3_12_site-packages_PyQt6["PyQt6"]\n    node_venv_lib_python3_12_site-packages_PyQt6 --> node_venv_lib_python3_12_site-packages_PyQt6_bindings["bindings"]\n    node_venv_lib_python3_12_site-packages_PyQt6_bindings --> node_venv_lib_python3_12_site-packages_PyQt6_bindings_QtGui["QtGui"]\n    node_venv_lib_python3_12_site-packages_PyQt6_bindings_QtGui --> node_venv_lib_python3_12_site-packages_PyQt6_bindings_QtGui_qinputmethod_sip["qinputmethod.sip"]\n    Root --> node_venv["venv"]\n    node_venv --> node_venv_lib["lib"]\n    node_venv_lib --> node_venv_lib_python3_12["python3.12"]\n    node_venv_lib_python3_12 --> node_venv_lib_python3_12_site-packages["site-packages"]\n    node_venv_lib_python3_12_site-packages --> node_venv_lib_python3_12_site-packages_PyQt6["PyQt6"]\n    node_venv_lib_python3_12_site-packages_PyQt6 --> node_venv_lib_python3_12_site-packages_PyQt6_bindings["bindings"]\n    node_venv_lib_python3_12_site-packages_PyQt6_bindings --> node_venv_lib_python3_12_site-packages_PyQt6_bindings_QtGui["QtGui"]\n    node_venv_lib_python3_12_site-packages_PyQt6_bindings_QtGui --> node_venv_lib_python3_12_site-packages_PyQt6_bindings_QtGui_qkeysequence_sip["qkeysequence.sip"]\n    Root --> node_venv["venv"]\n    node_venv --> node_venv_lib["lib"]\n    node_venv_lib --> node_venv_lib_python3_12["python3.12"]\n    node_venv_lib_python3_12 --> node_venv_lib_python3_12_site-packages["site-packages"]\n    node_venv_lib_python3_12_site-packages --> node_venv_lib_python3_12_site-packages_PyQt6["PyQt6"]\n    node_venv_lib_python3_12_site-packages_PyQt6 --> node_venv_lib_python3_12_site-packages_PyQt6_bindings["bindings"]\n    node_venv_lib_python3_12_site-packages_PyQt6_bindings --> node_venv_lib_python3_12_site-packages_PyQt6_bindings_QtGui["QtGui"]\n    node_venv_lib_python3_12_site-packages_PyQt6_bindings_QtGui --> node_venv_lib_python3_12_site-packages_PyQt6_bindings_QtGui_qmatrix4x4_sip["qmatrix4x4.sip"]\n    Root --> node_venv["venv"]\n    node_venv --> node_venv_lib["lib"]\n    node_venv_lib --> node_venv_lib_python3_12["python3.12"]\n    node_venv_lib_python3_12 --> node_venv_lib_python3_12_site-packages["site-packages"]\n    node_venv_lib_python3_12_site-packages --> node_venv_lib_python3_12_site-packages_PyQt6["PyQt6"]\n    node_venv_lib_python3_12_site-packages_PyQt6 --> node_venv_lib_python3_12_site-packages_PyQt6_bindings["bindings"]\n    node_venv_lib_python3_12_site-packages_PyQt6_bindings --> node_venv_lib_python3_12_site-packages_PyQt6_bindings_QtGui["QtGui"]\n    node_venv_lib_python3_12_site-packages_PyQt6_bindings_QtGui --> node_venv_lib_python3_12_site-packages_PyQt6_bindings_QtGui_qmovie_sip["qmovie.sip"]\n    Root --> node_venv["venv"]\n    node_venv --> node_venv_lib["lib"]\n    node_venv_lib --> node_venv_lib_python3_12["python3.12"]\n    node_venv_lib_python3_12 --> node_venv_lib_python3_12_site-packages["site-packages"]\n    node_venv_lib_python3_12_site-packages --> node_venv_lib_python3_12_site-packages_PyQt6["PyQt6"]\n    node_venv_lib_python3_12_site-packages_PyQt6 --> node_venv_lib_python3_12_site-packages_PyQt6_bindings["bindings"]\n    node_venv_lib_python3_12_site-packages_PyQt6_bindings --> node_venv_lib_python3_12_site-packages_PyQt6_bindings_QtGui["QtGui"]\n    node_venv_lib_python3_12_site-packages_PyQt6_bindings_QtGui --> node_venv_lib_python3_12_site-packages_PyQt6_bindings_QtGui_qoffscreensurface_sip["qoffscreensurface.sip"]\n    Root --> node_venv["venv"]\n    node_venv --> node_venv_lib["lib"]\n    node_venv_lib --> node_venv_lib_python3_12["python3.12"]\n    node_venv_lib_python3_12 --> node_venv_lib_python3_12_site-packages["site-packages"]\n    node_venv_lib_python3_12_site-packages --> node_venv_lib_python3_12_site-packages_PyQt6["PyQt6"]\n    node_venv_lib_python3_12_site-packages_PyQt6 --> node_venv_lib_python3_12_site-packages_PyQt6_bindings["bindings"]\n    node_venv_lib_python3_12_site-packages_PyQt6_bindings --> node_venv_lib_python3_12_site-packages_PyQt6_bindings_QtGui["QtGui"]\n    node_venv_lib_python3_12_site-packages_PyQt6_bindings_QtGui --> node_venv_lib_python3_12_site-packages_PyQt6_bindings_QtGui_qopenglcontext_sip["qopenglcontext.sip"]\n    Root --> node_venv["venv"]\n    node_venv --> node_venv_lib["lib"]\n    node_venv_lib --> node_venv_lib_python3_12["python3.12"]\n    node_venv_lib_python3_12 --> node_venv_lib_python3_12_site-packages["site-packages"]\n    node_venv_lib_python3_12_site-packages --> node_venv_lib_python3_12_site-packages_PyQt6["PyQt6"]\n    node_venv_lib_python3_12_site-packages_PyQt6 --> node_venv_lib_python3_12_site-packages_PyQt6_bindings["bindings"]\n    node_venv_lib_python3_12_site-packages_PyQt6_bindings --> node_venv_lib_python3_12_site-packages_PyQt6_bindings_QtGui["QtGui"]\n    node_venv_lib_python3_12_site-packages_PyQt6_bindings_QtGui --> node_venv_lib_python3_12_site-packages_PyQt6_bindings_QtGui_qpagedpaintdevice_sip["qpagedpaintdevice.sip"]\n    Root --> node_venv["venv"]\n    node_venv --> node_venv_lib["lib"]\n    node_venv_lib --> node_venv_lib_python3_12["python3.12"]\n    node_venv_lib_python3_12 --> node_venv_lib_python3_12_site-packages["site-packages"]\n    node_venv_lib_python3_12_site-packages --> node_venv_lib_python3_12_site-packages_PyQt6["PyQt6"]\n    node_venv_lib_python3_12_site-packages_PyQt6 --> node_venv_lib_python3_12_site-packages_PyQt6_bindings["bindings"]\n    node_venv_lib_python3_12_site-packages_PyQt6_bindings --> node_venv_lib_python3_12_site-packages_PyQt6_bindings_QtGui["QtGui"]\n    node_venv_lib_python3_12_site-packages_PyQt6_bindings_QtGui --> node_venv_lib_python3_12_site-packages_PyQt6_bindings_QtGui_qpagelayout_sip["qpagelayout.sip"]\n    Root --> node_venv["venv"]\n    node_venv --> node_venv_lib["lib"]\n    node_venv_lib --> node_venv_lib_python3_12["python3.12"]\n    node_venv_lib_python3_12 --> node_venv_lib_python3_12_site-packages["site-packages"]\n    node_venv_lib_python3_12_site-packages --> node_venv_lib_python3_12_site-packages_PyQt6["PyQt6"]\n    node_venv_lib_python3_12_site-packages_PyQt6 --> node_venv_lib_python3_12_site-packages_PyQt6_bindings["bindings"]\n    node_venv_lib_python3_12_site-packages_PyQt6_bindings --> node_venv_lib_python3_12_site-packages_PyQt6_bindings_QtGui["QtGui"]\n    node_venv_lib_python3_12_site-packages_PyQt6_bindings_QtGui --> node_venv_lib_python3_12_site-packages_PyQt6_bindings_QtGui_qpageranges_sip["qpageranges.sip"]\n    Root --> node_venv["venv"]\n    node_venv --> node_venv_lib["lib"]\n    node_venv_lib --> node_venv_lib_python3_12["python3.12"]\n    node_venv_lib_python3_12 --> node_venv_lib_python3_12_site-packages["site-packages"]\n    node_venv_lib_python3_12_site-packages --> node_venv_lib_python3_12_site-packages_PyQt6["PyQt6"]\n    node_venv_lib_python3_12_site-packages_PyQt6 --> node_venv_lib_python3_12_site-packages_PyQt6_bindings["bindings"]\n    node_venv_lib_python3_12_site-packages_PyQt6_bindings --> node_venv_lib_python3_12_site-packages_PyQt6_bindings_QtGui["QtGui"]\n    node_venv_lib_python3_12_site-packages_PyQt6_bindings_QtGui --> node_venv_lib_python3_12_site-packages_PyQt6_bindings_QtGui_qpagesize_sip["qpagesize.sip"]\n    Root --> node_venv["venv"]\n    node_venv --> node_venv_lib["lib"]\n    node_venv_lib --> node_venv_lib_python3_12["python3.12"]\n    node_venv_lib_python3_12 --> node_venv_lib_python3_12_site-packages["site-packages"]\n    node_venv_lib_python3_12_site-packages --> node_venv_lib_python3_12_site-packages_PyQt6["PyQt6"]\n    node_venv_lib_python3_12_site-packages_PyQt6 --> node_venv_lib_python3_12_site-packages_PyQt6_bindings["bindings"]\n    node_venv_lib_python3_12_site-packages_PyQt6_bindings --> node_venv_lib_python3_12_site-packages_PyQt6_bindings_QtGui["QtGui"]\n    node_venv_lib_python3_12_site-packages_PyQt6_bindings_QtGui --> node_venv_lib_python3_12_site-packages_PyQt6_bindings_QtGui_qpaintdevice_sip["qpaintdevice.sip"]\n    Root --> node_venv["venv"]\n    node_venv --> node_venv_lib["lib"]\n    node_venv_lib --> node_venv_lib_python3_12["python3.12"]\n    node_venv_lib_python3_12 --> node_venv_lib_python3_12_site-packages["site-packages"]\n    node_venv_lib_python3_12_site-packages --> node_venv_lib_python3_12_site-packages_PyQt6["PyQt6"]\n    node_venv_lib_python3_12_site-packages_PyQt6 --> node_venv_lib_python3_12_site-packages_PyQt6_bindings["bindings"]\n    node_venv_lib_python3_12_site-packages_PyQt6_bindings --> node_venv_lib_python3_12_site-packages_PyQt6_bindings_QtGui["QtGui"]\n    node_venv_lib_python3_12_site-packages_PyQt6_bindings_QtGui --> node_venv_lib_python3_12_site-packages_PyQt6_bindings_QtGui_qpaintdevicewindow_sip["qpaintdevicewindow.sip"]\n    Root --> node_venv["venv"]\n    node_venv --> node_venv_lib["lib"]\n    node_venv_lib --> node_venv_lib_python3_12["python3.12"]\n    node_venv_lib_python3_12 --> node_venv_lib_python3_12_site-packages["site-packages"]\n    node_venv_lib_python3_12_site-packages --> node_venv_lib_python3_12_site-packages_PyQt6["PyQt6"]\n    node_venv_lib_python3_12_site-packages_PyQt6 --> node_venv_lib_python3_12_site-packages_PyQt6_bindings["bindings"]\n    node_venv_lib_python3_12_site-packages_PyQt6_bindings --> node_venv_lib_python3_12_site-packages_PyQt6_bindings_QtGui["QtGui"]\n    node_venv_lib_python3_12_site-packages_PyQt6_bindings_QtGui --> node_venv_lib_python3_12_site-packages_PyQt6_bindings_QtGui_qpaintengine_sip["qpaintengine.sip"]\n    Root --> node_venv["venv"]\n    node_venv --> node_venv_lib["lib"]\n    node_venv_lib --> node_venv_lib_python3_12["python3.12"]\n    node_venv_lib_python3_12 --> node_venv_lib_python3_12_site-packages["site-packages"]\n    node_venv_lib_python3_12_site-packages --> node_venv_lib_python3_12_site-packages_PyQt6["PyQt6"]\n    node_venv_lib_python3_12_site-packages_PyQt6 --> node_venv_lib_python3_12_site-packages_PyQt6_bindings["bindings"]\n    node_venv_lib_python3_12_site-packages_PyQt6_bindings --> node_venv_lib_python3_12_site-packages_PyQt6_bindings_QtGui["QtGui"]\n    node_venv_lib_python3_12_site-packages_PyQt6_bindings_QtGui --> node_venv_lib_python3_12_site-packages_PyQt6_bindings_QtGui_qpainter_sip["qpainter.sip"]\n    Root --> node_venv["venv"]\n    node_venv --> node_venv_lib["lib"]\n    node_venv_lib --> node_venv_lib_python3_12["python3.12"]\n    node_venv_lib_python3_12 --> node_venv_lib_python3_12_site-packages["site-packages"]\n    node_venv_lib_python3_12_site-packages --> node_venv_lib_python3_12_site-packages_PyQt6["PyQt6"]\n    node_venv_lib_python3_12_site-packages_PyQt6 --> node_venv_lib_python3_12_site-packages_PyQt6_bindings["bindings"]\n    node_venv_lib_python3_12_site-packages_PyQt6_bindings --> node_venv_lib_python3_12_site-packages_PyQt6_bindings_QtGui["QtGui"]\n    node_venv_lib_python3_12_site-packages_PyQt6_bindings_QtGui --> node_venv_lib_python3_12_site-packages_PyQt6_bindings_QtGui_qpainterpath_sip["qpainterpath.sip"]\n    Root --> node_venv["venv"]\n    node_venv --> node_venv_lib["lib"]\n    node_venv_lib --> node_venv_lib_python3_12["python3.12"]\n    node_venv_lib_python3_12 --> node_venv_lib_python3_12_site-packages["site-packages"]\n    node_venv_lib_python3_12_site-packages --> node_venv_lib_python3_12_site-packages_PyQt6["PyQt6"]\n    node_venv_lib_python3_12_site-packages_PyQt6 --> node_venv_lib_python3_12_site-packages_PyQt6_bindings["bindings"]\n    node_venv_lib_python3_12_site-packages_PyQt6_bindings --> node_venv_lib_python3_12_site-packages_PyQt6_bindings_QtGui["QtGui"]\n    node_venv_lib_python3_12_site-packages_PyQt6_bindings_QtGui --> node_venv_lib_python3_12_site-packages_PyQt6_bindings_QtGui_qpainterstateguard_sip["qpainterstateguard.sip"]\n    Root --> node_venv["venv"]\n    node_venv --> node_venv_lib["lib"]\n    node_venv_lib --> node_venv_lib_python3_12["python3.12"]\n    node_venv_lib_python3_12 --> node_venv_lib_python3_12_site-packages["site-packages"]\n    node_venv_lib_python3_12_site-packages --> node_venv_lib_python3_12_site-packages_PyQt6["PyQt6"]\n    node_venv_lib_python3_12_site-packages_PyQt6 --> node_venv_lib_python3_12_site-packages_PyQt6_bindings["bindings"]\n    node_venv_lib_python3_12_site-packages_PyQt6_bindings --> node_venv_lib_python3_12_site-packages_PyQt6_bindings_QtGui["QtGui"]\n    node_venv_lib_python3_12_site-packages_PyQt6_bindings_QtGui --> node_venv_lib_python3_12_site-packages_PyQt6_bindings_QtGui_qpalette_sip["qpalette.sip"]\n    Root --> node_venv["venv"]\n    node_venv --> node_venv_lib["lib"]\n    node_venv_lib --> node_venv_lib_python3_12["python3.12"]\n    node_venv_lib_python3_12 --> node_venv_lib_python3_12_site-packages["site-packages"]\n    node_venv_lib_python3_12_site-packages --> node_venv_lib_python3_12_site-packages_PyQt6["PyQt6"]\n    node_venv_lib_python3_12_site-packages_PyQt6 --> node_venv_lib_python3_12_site-packages_PyQt6_bindings["bindings"]\n    node_venv_lib_python3_12_site-packages_PyQt6_bindings --> node_venv_lib_python3_12_site-packages_PyQt6_bindings_QtGui["QtGui"]\n    node_venv_lib_python3_12_site-packages_PyQt6_bindings_QtGui --> node_venv_lib_python3_12_site-packages_PyQt6_bindings_QtGui_qpdfoutputintent_sip["qpdfoutputintent.sip"]\n    Root --> node_venv["venv"]\n    node_venv --> node_venv_lib["lib"]\n    node_venv_lib --> node_venv_lib_python3_12["python3.12"]\n    node_venv_lib_python3_12 --> node_venv_lib_python3_12_site-packages["site-packages"]\n    node_venv_lib_python3_12_site-packages --> node_venv_lib_python3_12_site-packages_PyQt6["PyQt6"]\n    node_venv_lib_python3_12_site-packages_PyQt6 --> node_venv_lib_python3_12_site-packages_PyQt6_bindings["bindings"]\n    node_venv_lib_python3_12_site-packages_PyQt6_bindings --> node_venv_lib_python3_12_site-packages_PyQt6_bindings_QtGui["QtGui"]\n    node_venv_lib_python3_12_site-packages_PyQt6_bindings_QtGui --> node_venv_lib_python3_12_site-packages_PyQt6_bindings_QtGui_qpdfwriter_sip["qpdfwriter.sip"]\n    Root --> node_venv["venv"]\n    node_venv --> node_venv_lib["lib"]\n    node_venv_lib --> node_venv_lib_python3_12["python3.12"]\n    node_venv_lib_python3_12 --> node_venv_lib_python3_12_site-packages["site-packages"]\n    node_venv_lib_python3_12_site-packages --> node_venv_lib_python3_12_site-packages_PyQt6["PyQt6"]\n    node_venv_lib_python3_12_site-packages_PyQt6 --> node_venv_lib_python3_12_site-packages_PyQt6_bindings["bindings"]\n    node_venv_lib_python3_12_site-packages_PyQt6_bindings --> node_venv_lib_python3_12_site-packages_PyQt6_bindings_QtGui["QtGui"]\n    node_venv_lib_python3_12_site-packages_PyQt6_bindings_QtGui --> node_venv_lib_python3_12_site-packages_PyQt6_bindings_QtGui_qpen_sip["qpen.sip"]\n    Root --> node_venv["venv"]\n    node_venv --> node_venv_lib["lib"]\n    node_venv_lib --> node_venv_lib_python3_12["python3.12"]\n    node_venv_lib_python3_12 --> node_venv_lib_python3_12_site-packages["site-packages"]\n    node_venv_lib_python3_12_site-packages --> node_venv_lib_python3_12_site-packages_PyQt6["PyQt6"]\n    node_venv_lib_python3_12_site-packages_PyQt6 --> node_venv_lib_python3_12_site-packages_PyQt6_bindings["bindings"]\n    node_venv_lib_python3_12_site-packages_PyQt6_bindings --> node_venv_lib_python3_12_site-packages_PyQt6_bindings_QtGui["QtGui"]\n    node_venv_lib_python3_12_site-packages_PyQt6_bindings_QtGui --> node_venv_lib_python3_12_site-packages_PyQt6_bindings_QtGui_qpicture_sip["qpicture.sip"]\n    Root --> node_venv["venv"]\n    node_venv --> node_venv_lib["lib"]\n    node_venv_lib --> node_venv_lib_python3_12["python3.12"]\n    node_venv_lib_python3_12 --> node_venv_lib_python3_12_site-packages["site-packages"]\n    node_venv_lib_python3_12_site-packages --> node_venv_lib_python3_12_site-packages_PyQt6["PyQt6"]\n    node_venv_lib_python3_12_site-packages_PyQt6 --> node_venv_lib_python3_12_site-packages_PyQt6_bindings["bindings"]\n    node_venv_lib_python3_12_site-packages_PyQt6_bindings --> node_venv_lib_python3_12_site-packages_PyQt6_bindings_QtGui["QtGui"]\n    node_venv_lib_python3_12_site-packages_PyQt6_bindings_QtGui --> node_venv_lib_python3_12_site-packages_PyQt6_bindings_QtGui_qpixelformat_sip["qpixelformat.sip"]\n    Root --> node_venv["venv"]\n    node_venv --> node_venv_lib["lib"]\n    node_venv_lib --> node_venv_lib_python3_12["python3.12"]\n    node_venv_lib_python3_12 --> node_venv_lib_python3_12_site-packages["site-packages"]\n    node_venv_lib_python3_12_site-packages --> node_venv_lib_python3_12_site-packages_PyQt6["PyQt6"]\n    node_venv_lib_python3_12_site-packages_PyQt6 --> node_venv_lib_python3_12_site-packages_PyQt6_bindings["bindings"]\n    node_venv_lib_python3_12_site-packages_PyQt6_bindings --> node_venv_lib_python3_12_site-packages_PyQt6_bindings_QtGui["QtGui"]\n    node_venv_lib_python3_12_site-packages_PyQt6_bindings_QtGui --> node_venv_lib_python3_12_site-packages_PyQt6_bindings_QtGui_qpixmap_sip["qpixmap.sip"]\n    Root --> node_venv["venv"]\n    node_venv --> node_venv_lib["lib"]\n    node_venv_lib --> node_venv_lib_python3_12["python3.12"]\n    node_venv_lib_python3_12 --> node_venv_lib_python3_12_site-packages["site-packages"]\n    node_venv_lib_python3_12_site-packages --> node_venv_lib_python3_12_site-packages_PyQt6["PyQt6"]\n    node_venv_lib_python3_12_site-packages_PyQt6 --> node_venv_lib_python3_12_site-packages_PyQt6_bindings["bindings"]\n    node_venv_lib_python3_12_site-packages_PyQt6_bindings --> node_venv_lib_python3_12_site-packages_PyQt6_bindings_QtGui["QtGui"]\n    node_venv_lib_python3_12_site-packages_PyQt6_bindings_QtGui --> node_venv_lib_python3_12_site-packages_PyQt6_bindings_QtGui_qpixmapcache_sip["qpixmapcache.sip"]\n    Root --> node_venv["venv"]\n    node_venv --> node_venv_lib["lib"]\n    node_venv_lib --> node_venv_lib_python3_12["python3.12"]\n    node_venv_lib_python3_12 --> node_venv_lib_python3_12_site-packages["site-packages"]\n    node_venv_lib_python3_12_site-packages --> node_venv_lib_python3_12_site-packages_PyQt6["PyQt6"]\n    node_venv_lib_python3_12_site-packages_PyQt6 --> node_venv_lib_python3_12_site-packages_PyQt6_bindings["bindings"]\n    node_venv_lib_python3_12_site-packages_PyQt6_bindings --> node_venv_lib_python3_12_site-packages_PyQt6_bindings_QtGui["QtGui"]\n    node_venv_lib_python3_12_site-packages_PyQt6_bindings_QtGui --> node_venv_lib_python3_12_site-packages_PyQt6_bindings_QtGui_qpointingdevice_sip["qpointingdevice.sip"]\n    Root --> node_venv["venv"]\n    node_venv --> node_venv_lib["lib"]\n    node_venv_lib --> node_venv_lib_python3_12["python3.12"]\n    node_venv_lib_python3_12 --> node_venv_lib_python3_12_site-packages["site-packages"]\n    node_venv_lib_python3_12_site-packages --> node_venv_lib_python3_12_site-packages_PyQt6["PyQt6"]\n    node_venv_lib_python3_12_site-packages_PyQt6 --> node_venv_lib_python3_12_site-packages_PyQt6_bindings["bindings"]\n    node_venv_lib_python3_12_site-packages_PyQt6_bindings --> node_venv_lib_python3_12_site-packages_PyQt6_bindings_QtGui["QtGui"]\n    node_venv_lib_python3_12_site-packages_PyQt6_bindings_QtGui --> node_venv_lib_python3_12_site-packages_PyQt6_bindings_QtGui_qpolygon_sip["qpolygon.sip"]\n    Root --> node_venv["venv"]\n    node_venv --> node_venv_lib["lib"]\n    node_venv_lib --> node_venv_lib_python3_12["python3.12"]\n    node_venv_lib_python3_12 --> node_venv_lib_python3_12_site-packages["site-packages"]\n    node_venv_lib_python3_12_site-packages --> node_venv_lib_python3_12_site-packages_PyQt6["PyQt6"]\n    node_venv_lib_python3_12_site-packages_PyQt6 --> node_venv_lib_python3_12_site-packages_PyQt6_bindings["bindings"]\n    node_venv_lib_python3_12_site-packages_PyQt6_bindings --> node_venv_lib_python3_12_site-packages_PyQt6_bindings_QtGui["QtGui"]\n    node_venv_lib_python3_12_site-packages_PyQt6_bindings_QtGui --> node_venv_lib_python3_12_site-packages_PyQt6_bindings_QtGui_qpygui_native_interface_sip["qpygui_native_interface.sip"]\n    Root --> node_venv["venv"]\n    node_venv --> node_venv_lib["lib"]\n    node_venv_lib --> node_venv_lib_python3_12["python3.12"]\n    node_venv_lib_python3_12 --> node_venv_lib_python3_12_site-packages["site-packages"]\n    node_venv_lib_python3_12_site-packages --> node_venv_lib_python3_12_site-packages_PyQt6["PyQt6"]\n    node_venv_lib_python3_12_site-packages_PyQt6 --> node_venv_lib_python3_12_site-packages_PyQt6_bindings["bindings"]\n    node_venv_lib_python3_12_site-packages_PyQt6_bindings --> node_venv_lib_python3_12_site-packages_PyQt6_bindings_QtGui["QtGui"]\n    node_venv_lib_python3_12_site-packages_PyQt6_bindings_QtGui --> node_venv_lib_python3_12_site-packages_PyQt6_bindings_QtGui_qpygui_qlist_sip["qpygui_qlist.sip"]\n    Root --> node_venv["venv"]\n    node_venv --> node_venv_lib["lib"]\n    node_venv_lib --> node_venv_lib_python3_12["python3.12"]\n    node_venv_lib_python3_12 --> node_venv_lib_python3_12_site-packages["site-packages"]\n    node_venv_lib_python3_12_site-packages --> node_venv_lib_python3_12_site-packages_PyQt6["PyQt6"]\n    node_venv_lib_python3_12_site-packages_PyQt6 --> node_venv_lib_python3_12_site-packages_PyQt6_bindings["bindings"]\n    node_venv_lib_python3_12_site-packages_PyQt6_bindings --> node_venv_lib_python3_12_site-packages_PyQt6_bindings_QtGui["QtGui"]\n    node_venv_lib_python3_12_site-packages_PyQt6_bindings_QtGui --> node_venv_lib_python3_12_site-packages_PyQt6_bindings_QtGui_qpygui_vulkan_sip["qpygui_vulkan.sip"]\n    Root --> node_venv["venv"]\n    node_venv --> node_venv_lib["lib"]\n    node_venv_lib --> node_venv_lib_python3_12["python3.12"]\n    node_venv_lib_python3_12 --> node_venv_lib_python3_12_site-packages["site-packages"]\n    node_venv_lib_python3_12_site-packages --> node_venv_lib_python3_12_site-packages_PyQt6["PyQt6"]\n    node_venv_lib_python3_12_site-packages_PyQt6 --> node_venv_lib_python3_12_site-packages_PyQt6_bindings["bindings"]\n    node_venv_lib_python3_12_site-packages_PyQt6_bindings --> node_venv_lib_python3_12_site-packages_PyQt6_bindings_QtGui["QtGui"]\n    node_venv_lib_python3_12_site-packages_PyQt6_bindings_QtGui --> node_venv_lib_python3_12_site-packages_PyQt6_bindings_QtGui_qquaternion_sip["qquaternion.sip"]\n    Root --> node_venv["venv"]\n    node_venv --> node_venv_lib["lib"]\n    node_venv_lib --> node_venv_lib_python3_12["python3.12"]\n    node_venv_lib_python3_12 --> node_venv_lib_python3_12_site-packages["site-packages"]\n    node_venv_lib_python3_12_site-packages --> node_venv_lib_python3_12_site-packages_PyQt6["PyQt6"]\n    node_venv_lib_python3_12_site-packages_PyQt6 --> node_venv_lib_python3_12_site-packages_PyQt6_bindings["bindings"]\n    node_venv_lib_python3_12_site-packages_PyQt6_bindings --> node_venv_lib_python3_12_site-packages_PyQt6_bindings_QtGui["QtGui"]\n    node_venv_lib_python3_12_site-packages_PyQt6_bindings_QtGui --> node_venv_lib_python3_12_site-packages_PyQt6_bindings_QtGui_qrasterwindow_sip["qrasterwindow.sip"]\n    Root --> node_venv["venv"]\n    node_venv --> node_venv_lib["lib"]\n    node_venv_lib --> node_venv_lib_python3_12["python3.12"]\n    node_venv_lib_python3_12 --> node_venv_lib_python3_12_site-packages["site-packages"]\n    node_venv_lib_python3_12_site-packages --> node_venv_lib_python3_12_site-packages_PyQt6["PyQt6"]\n    node_venv_lib_python3_12_site-packages_PyQt6 --> node_venv_lib_python3_12_site-packages_PyQt6_bindings["bindings"]\n    node_venv_lib_python3_12_site-packages_PyQt6_bindings --> node_venv_lib_python3_12_site-packages_PyQt6_bindings_QtGui["QtGui"]\n    node_venv_lib_python3_12_site-packages_PyQt6_bindings_QtGui --> node_venv_lib_python3_12_site-packages_PyQt6_bindings_QtGui_qrawfont_sip["qrawfont.sip"]\n    Root --> node_venv["venv"]\n    node_venv --> node_venv_lib["lib"]\n    node_venv_lib --> node_venv_lib_python3_12["python3.12"]\n    node_venv_lib_python3_12 --> node_venv_lib_python3_12_site-packages["site-packages"]\n    node_venv_lib_python3_12_site-packages --> node_venv_lib_python3_12_site-packages_PyQt6["PyQt6"]\n    node_venv_lib_python3_12_site-packages_PyQt6 --> node_venv_lib_python3_12_site-packages_PyQt6_bindings["bindings"]\n    node_venv_lib_python3_12_site-packages_PyQt6_bindings --> node_venv_lib_python3_12_site-packages_PyQt6_bindings_QtGui["QtGui"]\n    node_venv_lib_python3_12_site-packages_PyQt6_bindings_QtGui --> node_venv_lib_python3_12_site-packages_PyQt6_bindings_QtGui_qregion_sip["qregion.sip"]\n    Root --> node_venv["venv"]\n    node_venv --> node_venv_lib["lib"]\n    node_venv_lib --> node_venv_lib_python3_12["python3.12"]\n    node_venv_lib_python3_12 --> node_venv_lib_python3_12_site-packages["site-packages"]\n    node_venv_lib_python3_12_site-packages --> node_venv_lib_python3_12_site-packages_PyQt6["PyQt6"]\n    node_venv_lib_python3_12_site-packages_PyQt6 --> node_venv_lib_python3_12_site-packages_PyQt6_bindings["bindings"]\n    node_venv_lib_python3_12_site-packages_PyQt6_bindings --> node_venv_lib_python3_12_site-packages_PyQt6_bindings_QtGui["QtGui"]\n    node_venv_lib_python3_12_site-packages_PyQt6_bindings_QtGui --> node_venv_lib_python3_12_site-packages_PyQt6_bindings_QtGui_qrgb_sip["qrgb.sip"]\n    Root --> node_venv["venv"]\n    node_venv --> node_venv_lib["lib"]\n    node_venv_lib --> node_venv_lib_python3_12["python3.12"]\n    node_venv_lib_python3_12 --> node_venv_lib_python3_12_site-packages["site-packages"]\n    node_venv_lib_python3_12_site-packages --> node_venv_lib_python3_12_site-packages_PyQt6["PyQt6"]\n    node_venv_lib_python3_12_site-packages_PyQt6 --> node_venv_lib_python3_12_site-packages_PyQt6_bindings["bindings"]\n    node_venv_lib_python3_12_site-packages_PyQt6_bindings --> node_venv_lib_python3_12_site-packages_PyQt6_bindings_QtGui["QtGui"]\n    node_venv_lib_python3_12_site-packages_PyQt6_bindings_QtGui --> node_venv_lib_python3_12_site-packages_PyQt6_bindings_QtGui_qrgba64_sip["qrgba64.sip"]\n    Root --> node_venv["venv"]\n    node_venv --> node_venv_lib["lib"]\n    node_venv_lib --> node_venv_lib_python3_12["python3.12"]\n    node_venv_lib_python3_12 --> node_venv_lib_python3_12_site-packages["site-packages"]\n    node_venv_lib_python3_12_site-packages --> node_venv_lib_python3_12_site-packages_PyQt6["PyQt6"]\n    node_venv_lib_python3_12_site-packages_PyQt6 --> node_venv_lib_python3_12_site-packages_PyQt6_bindings["bindings"]\n    node_venv_lib_python3_12_site-packages_PyQt6_bindings --> node_venv_lib_python3_12_site-packages_PyQt6_bindings_QtGui["QtGui"]\n    node_venv_lib_python3_12_site-packages_PyQt6_bindings_QtGui --> node_venv_lib_python3_12_site-packages_PyQt6_bindings_QtGui_qscreen_sip["qscreen.sip"]\n    Root --> node_venv["venv"]\n    node_venv --> node_venv_lib["lib"]\n    node_venv_lib --> node_venv_lib_python3_12["python3.12"]\n    node_venv_lib_python3_12 --> node_venv_lib_python3_12_site-packages["site-packages"]\n    node_venv_lib_python3_12_site-packages --> node_venv_lib_python3_12_site-packages_PyQt6["PyQt6"]\n    node_venv_lib_python3_12_site-packages_PyQt6 --> node_venv_lib_python3_12_site-packages_PyQt6_bindings["bindings"]\n    node_venv_lib_python3_12_site-packages_PyQt6_bindings --> node_venv_lib_python3_12_site-packages_PyQt6_bindings_QtGui["QtGui"]\n    node_venv_lib_python3_12_site-packages_PyQt6_bindings_QtGui --> node_venv_lib_python3_12_site-packages_PyQt6_bindings_QtGui_qsessionmanager_sip["qsessionmanager.sip"]\n    Root --> node_venv["venv"]\n    node_venv --> node_venv_lib["lib"]\n    node_venv_lib --> node_venv_lib_python3_12["python3.12"]\n    node_venv_lib_python3_12 --> node_venv_lib_python3_12_site-packages["site-packages"]\n    node_venv_lib_python3_12_site-packages --> node_venv_lib_python3_12_site-packages_PyQt6["PyQt6"]\n    node_venv_lib_python3_12_site-packages_PyQt6 --> node_venv_lib_python3_12_site-packages_PyQt6_bindings["bindings"]\n    node_venv_lib_python3_12_site-packages_PyQt6_bindings --> node_venv_lib_python3_12_site-packages_PyQt6_bindings_QtGui["QtGui"]\n    node_venv_lib_python3_12_site-packages_PyQt6_bindings_QtGui --> node_venv_lib_python3_12_site-packages_PyQt6_bindings_QtGui_qshortcut_sip["qshortcut.sip"]\n    Root --> node_venv["venv"]\n    node_venv --> node_venv_lib["lib"]\n    node_venv_lib --> node_venv_lib_python3_12["python3.12"]\n    node_venv_lib_python3_12 --> node_venv_lib_python3_12_site-packages["site-packages"]\n    node_venv_lib_python3_12_site-packages --> node_venv_lib_python3_12_site-packages_PyQt6["PyQt6"]\n    node_venv_lib_python3_12_site-packages_PyQt6 --> node_venv_lib_python3_12_site-packages_PyQt6_bindings["bindings"]\n    node_venv_lib_python3_12_site-packages_PyQt6_bindings --> node_venv_lib_python3_12_site-packages_PyQt6_bindings_QtGui["QtGui"]\n    node_venv_lib_python3_12_site-packages_PyQt6_bindings_QtGui --> node_venv_lib_python3_12_site-packages_PyQt6_bindings_QtGui_qstandarditemmodel_sip["qstandarditemmodel.sip"]\n    Root --> node_venv["venv"]\n    node_venv --> node_venv_lib["lib"]\n    node_venv_lib --> node_venv_lib_python3_12["python3.12"]\n    node_venv_lib_python3_12 --> node_venv_lib_python3_12_site-packages["site-packages"]\n    node_venv_lib_python3_12_site-packages --> node_venv_lib_python3_12_site-packages_PyQt6["PyQt6"]\n    node_venv_lib_python3_12_site-packages_PyQt6 --> node_venv_lib_python3_12_site-packages_PyQt6_bindings["bindings"]\n    node_venv_lib_python3_12_site-packages_PyQt6_bindings --> node_venv_lib_python3_12_site-packages_PyQt6_bindings_QtGui["QtGui"]\n    node_venv_lib_python3_12_site-packages_PyQt6_bindings_QtGui --> node_venv_lib_python3_12_site-packages_PyQt6_bindings_QtGui_qstatictext_sip["qstatictext.sip"]\n    Root --> node_venv["venv"]\n    node_venv --> node_venv_lib["lib"]\n    node_venv_lib --> node_venv_lib_python3_12["python3.12"]\n    node_venv_lib_python3_12 --> node_venv_lib_python3_12_site-packages["site-packages"]\n    node_venv_lib_python3_12_site-packages --> node_venv_lib_python3_12_site-packages_PyQt6["PyQt6"]\n    node_venv_lib_python3_12_site-packages_PyQt6 --> node_venv_lib_python3_12_site-packages_PyQt6_bindings["bindings"]\n    node_venv_lib_python3_12_site-packages_PyQt6_bindings --> node_venv_lib_python3_12_site-packages_PyQt6_bindings_QtGui["QtGui"]\n    node_venv_lib_python3_12_site-packages_PyQt6_bindings_QtGui --> node_venv_lib_python3_12_site-packages_PyQt6_bindings_QtGui_qstylehints_sip["qstylehints.sip"]\n    Root --> node_venv["venv"]\n    node_venv --> node_venv_lib["lib"]\n    node_venv_lib --> node_venv_lib_python3_12["python3.12"]\n    node_venv_lib_python3_12 --> node_venv_lib_python3_12_site-packages["site-packages"]\n    node_venv_lib_python3_12_site-packages --> node_venv_lib_python3_12_site-packages_PyQt6["PyQt6"]\n    node_venv_lib_python3_12_site-packages_PyQt6 --> node_venv_lib_python3_12_site-packages_PyQt6_bindings["bindings"]\n    node_venv_lib_python3_12_site-packages_PyQt6_bindings --> node_venv_lib_python3_12_site-packages_PyQt6_bindings_QtGui["QtGui"]\n    node_venv_lib_python3_12_site-packages_PyQt6_bindings_QtGui --> node_venv_lib_python3_12_site-packages_PyQt6_bindings_QtGui_qsurface_sip["qsurface.sip"]\n    Root --> node_venv["venv"]\n    node_venv --> node_venv_lib["lib"]\n    node_venv_lib --> node_venv_lib_python3_12["python3.12"]\n    node_venv_lib_python3_12 --> node_venv_lib_python3_12_site-packages["site-packages"]\n    node_venv_lib_python3_12_site-packages --> node_venv_lib_python3_12_site-packages_PyQt6["PyQt6"]\n    node_venv_lib_python3_12_site-packages_PyQt6 --> node_venv_lib_python3_12_site-packages_PyQt6_bindings["bindings"]\n    node_venv_lib_python3_12_site-packages_PyQt6_bindings --> node_venv_lib_python3_12_site-packages_PyQt6_bindings_QtGui["QtGui"]\n    node_venv_lib_python3_12_site-packages_PyQt6_bindings_QtGui --> node_venv_lib_python3_12_site-packages_PyQt6_bindings_QtGui_qsurfaceformat_sip["qsurfaceformat.sip"]\n    Root --> node_venv["venv"]\n    node_venv --> node_venv_lib["lib"]\n    node_venv_lib --> node_venv_lib_python3_12["python3.12"]\n    node_venv_lib_python3_12 --> node_venv_lib_python3_12_site-packages["site-packages"]\n    node_venv_lib_python3_12_site-packages --> node_venv_lib_python3_12_site-packages_PyQt6["PyQt6"]\n    node_venv_lib_python3_12_site-packages_PyQt6 --> node_venv_lib_python3_12_site-packages_PyQt6_bindings["bindings"]\n    node_venv_lib_python3_12_site-packages_PyQt6_bindings --> node_venv_lib_python3_12_site-packages_PyQt6_bindings_QtGui["QtGui"]\n    node_venv_lib_python3_12_site-packages_PyQt6_bindings_QtGui --> node_venv_lib_python3_12_site-packages_PyQt6_bindings_QtGui_qsyntaxhighlighter_sip["qsyntaxhighlighter.sip"]\n    Root --> node_venv["venv"]\n    node_venv --> node_venv_lib["lib"]\n    node_venv_lib --> node_venv_lib_python3_12["python3.12"]\n    node_venv_lib_python3_12 --> node_venv_lib_python3_12_site-packages["site-packages"]\n    node_venv_lib_python3_12_site-packages --> node_venv_lib_python3_12_site-packages_PyQt6["PyQt6"]\n    node_venv_lib_python3_12_site-packages_PyQt6 --> node_venv_lib_python3_12_site-packages_PyQt6_bindings["bindings"]\n    node_venv_lib_python3_12_site-packages_PyQt6_bindings --> node_venv_lib_python3_12_site-packages_PyQt6_bindings_QtGui["QtGui"]\n    node_venv_lib_python3_12_site-packages_PyQt6_bindings_QtGui --> node_venv_lib_python3_12_site-packages_PyQt6_bindings_QtGui_qtextcursor_sip["qtextcursor.sip"]\n    Root --> node_venv["venv"]\n    node_venv --> node_venv_lib["lib"]\n    node_venv_lib --> node_venv_lib_python3_12["python3.12"]\n    node_venv_lib_python3_12 --> node_venv_lib_python3_12_site-packages["site-packages"]\n    node_venv_lib_python3_12_site-packages --> node_venv_lib_python3_12_site-packages_PyQt6["PyQt6"]\n    node_venv_lib_python3_12_site-packages_PyQt6 --> node_venv_lib_python3_12_site-packages_PyQt6_bindings["bindings"]\n    node_venv_lib_python3_12_site-packages_PyQt6_bindings --> node_venv_lib_python3_12_site-packages_PyQt6_bindings_QtGui["QtGui"]\n    node_venv_lib_python3_12_site-packages_PyQt6_bindings_QtGui --> node_venv_lib_python3_12_site-packages_PyQt6_bindings_QtGui_qtextdocument_sip["qtextdocument.sip"]\n    Root --> node_venv["venv"]\n    node_venv --> node_venv_lib["lib"]\n    node_venv_lib --> node_venv_lib_python3_12["python3.12"]\n    node_venv_lib_python3_12 --> node_venv_lib_python3_12_site-packages["site-packages"]\n    node_venv_lib_python3_12_site-packages --> node_venv_lib_python3_12_site-packages_PyQt6["PyQt6"]\n    node_venv_lib_python3_12_site-packages_PyQt6 --> node_venv_lib_python3_12_site-packages_PyQt6_bindings["bindings"]\n    node_venv_lib_python3_12_site-packages_PyQt6_bindings --> node_venv_lib_python3_12_site-packages_PyQt6_bindings_QtGui["QtGui"]\n    node_venv_lib_python3_12_site-packages_PyQt6_bindings_QtGui --> node_venv_lib_python3_12_site-packages_PyQt6_bindings_QtGui_qtextdocumentfragment_sip["qtextdocumentfragment.sip"]\n    Root --> node_venv["venv"]\n    node_venv --> node_venv_lib["lib"]\n    node_venv_lib --> node_venv_lib_python3_12["python3.12"]\n    node_venv_lib_python3_12 --> node_venv_lib_python3_12_site-packages["site-packages"]\n    node_venv_lib_python3_12_site-packages --> node_venv_lib_python3_12_site-packages_PyQt6["PyQt6"]\n    node_venv_lib_python3_12_site-packages_PyQt6 --> node_venv_lib_python3_12_site-packages_PyQt6_bindings["bindings"]\n    node_venv_lib_python3_12_site-packages_PyQt6_bindings --> node_venv_lib_python3_12_site-packages_PyQt6_bindings_QtGui["QtGui"]\n    node_venv_lib_python3_12_site-packages_PyQt6_bindings_QtGui --> node_venv_lib_python3_12_site-packages_PyQt6_bindings_QtGui_qtextdocumentwriter_sip["qtextdocumentwriter.sip"]\n    Root --> node_venv["venv"]\n    node_venv --> node_venv_lib["lib"]\n    node_venv_lib --> node_venv_lib_python3_12["python3.12"]\n    node_venv_lib_python3_12 --> node_venv_lib_python3_12_site-packages["site-packages"]\n    node_venv_lib_python3_12_site-packages --> node_venv_lib_python3_12_site-packages_PyQt6["PyQt6"]\n    node_venv_lib_python3_12_site-packages_PyQt6 --> node_venv_lib_python3_12_site-packages_PyQt6_bindings["bindings"]\n    node_venv_lib_python3_12_site-packages_PyQt6_bindings --> node_venv_lib_python3_12_site-packages_PyQt6_bindings_QtGui["QtGui"]\n    node_venv_lib_python3_12_site-packages_PyQt6_bindings_QtGui --> node_venv_lib_python3_12_site-packages_PyQt6_bindings_QtGui_qtextformat_sip["qtextformat.sip"]\n    Root --> node_venv["venv"]\n    node_venv --> node_venv_lib["lib"]\n    node_venv_lib --> node_venv_lib_python3_12["python3.12"]\n    node_venv_lib_python3_12 --> node_venv_lib_python3_12_site-packages["site-packages"]\n    node_venv_lib_python3_12_site-packages --> node_venv_lib_python3_12_site-packages_PyQt6["PyQt6"]\n    node_venv_lib_python3_12_site-packages_PyQt6 --> node_venv_lib_python3_12_site-packages_PyQt6_bindings["bindings"]\n    node_venv_lib_python3_12_site-packages_PyQt6_bindings --> node_venv_lib_python3_12_site-packages_PyQt6_bindings_QtGui["QtGui"]\n    node_venv_lib_python3_12_site-packages_PyQt6_bindings_QtGui --> node_venv_lib_python3_12_site-packages_PyQt6_bindings_QtGui_qtextlayout_sip["qtextlayout.sip"]\n    Root --> node_venv["venv"]\n    node_venv --> node_venv_lib["lib"]\n    node_venv_lib --> node_venv_lib_python3_12["python3.12"]\n    node_venv_lib_python3_12 --> node_venv_lib_python3_12_site-packages["site-packages"]\n    node_venv_lib_python3_12_site-packages --> node_venv_lib_python3_12_site-packages_PyQt6["PyQt6"]\n    node_venv_lib_python3_12_site-packages_PyQt6 --> node_venv_lib_python3_12_site-packages_PyQt6_bindings["bindings"]\n    node_venv_lib_python3_12_site-packages_PyQt6_bindings --> node_venv_lib_python3_12_site-packages_PyQt6_bindings_QtGui["QtGui"]\n    node_venv_lib_python3_12_site-packages_PyQt6_bindings_QtGui --> node_venv_lib_python3_12_site-packages_PyQt6_bindings_QtGui_qtextlist_sip["qtextlist.sip"]\n    Root --> node_venv["venv"]\n    node_venv --> node_venv_lib["lib"]\n    node_venv_lib --> node_venv_lib_python3_12["python3.12"]\n    node_venv_lib_python3_12 --> node_venv_lib_python3_12_site-packages["site-packages"]\n    node_venv_lib_python3_12_site-packages --> node_venv_lib_python3_12_site-packages_PyQt6["PyQt6"]\n    node_venv_lib_python3_12_site-packages_PyQt6 --> node_venv_lib_python3_12_site-packages_PyQt6_bindings["bindings"]\n    node_venv_lib_python3_12_site-packages_PyQt6_bindings --> node_venv_lib_python3_12_site-packages_PyQt6_bindings_QtGui["QtGui"]\n    node_venv_lib_python3_12_site-packages_PyQt6_bindings_QtGui --> node_venv_lib_python3_12_site-packages_PyQt6_bindings_QtGui_qtextobject_sip["qtextobject.sip"]\n    Root --> node_venv["venv"]\n    node_venv --> node_venv_lib["lib"]\n    node_venv_lib --> node_venv_lib_python3_12["python3.12"]\n    node_venv_lib_python3_12 --> node_venv_lib_python3_12_site-packages["site-packages"]\n    node_venv_lib_python3_12_site-packages --> node_venv_lib_python3_12_site-packages_PyQt6["PyQt6"]\n    node_venv_lib_python3_12_site-packages_PyQt6 --> node_venv_lib_python3_12_site-packages_PyQt6_bindings["bindings"]\n    node_venv_lib_python3_12_site-packages_PyQt6_bindings --> node_venv_lib_python3_12_site-packages_PyQt6_bindings_QtGui["QtGui"]\n    node_venv_lib_python3_12_site-packages_PyQt6_bindings_QtGui --> node_venv_lib_python3_12_site-packages_PyQt6_bindings_QtGui_qtextoption_sip["qtextoption.sip"]\n    Root --> node_venv["venv"]\n    node_venv --> node_venv_lib["lib"]\n    node_venv_lib --> node_venv_lib_python3_12["python3.12"]\n    node_venv_lib_python3_12 --> node_venv_lib_python3_12_site-packages["site-packages"]\n    node_venv_lib_python3_12_site-packages --> node_venv_lib_python3_12_site-packages_PyQt6["PyQt6"]\n    node_venv_lib_python3_12_site-packages_PyQt6 --> node_venv_lib_python3_12_site-packages_PyQt6_bindings["bindings"]\n    node_venv_lib_python3_12_site-packages_PyQt6_bindings --> node_venv_lib_python3_12_site-packages_PyQt6_bindings_QtGui["QtGui"]\n    node_venv_lib_python3_12_site-packages_PyQt6_bindings_QtGui --> node_venv_lib_python3_12_site-packages_PyQt6_bindings_QtGui_qtexttable_sip["qtexttable.sip"]\n    Root --> node_venv["venv"]\n    node_venv --> node_venv_lib["lib"]\n    node_venv_lib --> node_venv_lib_python3_12["python3.12"]\n    node_venv_lib_python3_12 --> node_venv_lib_python3_12_site-packages["site-packages"]\n    node_venv_lib_python3_12_site-packages --> node_venv_lib_python3_12_site-packages_PyQt6["PyQt6"]\n    node_venv_lib_python3_12_site-packages_PyQt6 --> node_venv_lib_python3_12_site-packages_PyQt6_bindings["bindings"]\n    node_venv_lib_python3_12_site-packages_PyQt6_bindings --> node_venv_lib_python3_12_site-packages_PyQt6_bindings_QtGui["QtGui"]\n    node_venv_lib_python3_12_site-packages_PyQt6_bindings_QtGui --> node_venv_lib_python3_12_site-packages_PyQt6_bindings_QtGui_qtransform_sip["qtransform.sip"]\n    Root --> node_venv["venv"]\n    node_venv --> node_venv_lib["lib"]\n    node_venv_lib --> node_venv_lib_python3_12["python3.12"]\n    node_venv_lib_python3_12 --> node_venv_lib_python3_12_site-packages["site-packages"]\n    node_venv_lib_python3_12_site-packages --> node_venv_lib_python3_12_site-packages_PyQt6["PyQt6"]\n    node_venv_lib_python3_12_site-packages_PyQt6 --> node_venv_lib_python3_12_site-packages_PyQt6_bindings["bindings"]\n    node_venv_lib_python3_12_site-packages_PyQt6_bindings --> node_venv_lib_python3_12_site-packages_PyQt6_bindings_QtGui["QtGui"]\n    node_venv_lib_python3_12_site-packages_PyQt6_bindings_QtGui --> node_venv_lib_python3_12_site-packages_PyQt6_bindings_QtGui_qundogroup_sip["qundogroup.sip"]\n    Root --> node_venv["venv"]\n    node_venv --> node_venv_lib["lib"]\n    node_venv_lib --> node_venv_lib_python3_12["python3.12"]\n    node_venv_lib_python3_12 --> node_venv_lib_python3_12_site-packages["site-packages"]\n    node_venv_lib_python3_12_site-packages --> node_venv_lib_python3_12_site-packages_PyQt6["PyQt6"]\n    node_venv_lib_python3_12_site-packages_PyQt6 --> node_venv_lib_python3_12_site-packages_PyQt6_bindings["bindings"]\n    node_venv_lib_python3_12_site-packages_PyQt6_bindings --> node_venv_lib_python3_12_site-packages_PyQt6_bindings_QtGui["QtGui"]\n    node_venv_lib_python3_12_site-packages_PyQt6_bindings_QtGui --> node_venv_lib_python3_12_site-packages_PyQt6_bindings_QtGui_qundostack_sip["qundostack.sip"]\n    Root --> node_venv["venv"]\n    node_venv --> node_venv_lib["lib"]\n    node_venv_lib --> node_venv_lib_python3_12["python3.12"]\n    node_venv_lib_python3_12 --> node_venv_lib_python3_12_site-packages["site-packages"]\n    node_venv_lib_python3_12_site-packages --> node_venv_lib_python3_12_site-packages_PyQt6["PyQt6"]\n    node_venv_lib_python3_12_site-packages_PyQt6 --> node_venv_lib_python3_12_site-packages_PyQt6_bindings["bindings"]\n    node_venv_lib_python3_12_site-packages_PyQt6_bindings --> node_venv_lib_python3_12_site-packages_PyQt6_bindings_QtGui["QtGui"]\n    node_venv_lib_python3_12_site-packages_PyQt6_bindings_QtGui --> node_venv_lib_python3_12_site-packages_PyQt6_bindings_QtGui_qutimimeconverter_sip["qutimimeconverter.sip"]\n    Root --> node_venv["venv"]\n    node_venv --> node_venv_lib["lib"]\n    node_venv_lib --> node_venv_lib_python3_12["python3.12"]\n    node_venv_lib_python3_12 --> node_venv_lib_python3_12_site-packages["site-packages"]\n    node_venv_lib_python3_12_site-packages --> node_venv_lib_python3_12_site-packages_PyQt6["PyQt6"]\n    node_venv_lib_python3_12_site-packages_PyQt6 --> node_venv_lib_python3_12_site-packages_PyQt6_bindings["bindings"]\n    node_venv_lib_python3_12_site-packages_PyQt6_bindings --> node_venv_lib_python3_12_site-packages_PyQt6_bindings_QtGui["QtGui"]\n    node_venv_lib_python3_12_site-packages_PyQt6_bindings_QtGui --> node_venv_lib_python3_12_site-packages_PyQt6_bindings_QtGui_qvalidator_sip["qvalidator.sip"]\n    Root --> node_venv["venv"]\n    node_venv --> node_venv_lib["lib"]\n    node_venv_lib --> node_venv_lib_python3_12["python3.12"]\n    node_venv_lib_python3_12 --> node_venv_lib_python3_12_site-packages["site-packages"]\n    node_venv_lib_python3_12_site-packages --> node_venv_lib_python3_12_site-packages_PyQt6["PyQt6"]\n    node_venv_lib_python3_12_site-packages_PyQt6 --> node_venv_lib_python3_12_site-packages_PyQt6_bindings["bindings"]\n    node_venv_lib_python3_12_site-packages_PyQt6_bindings --> node_venv_lib_python3_12_site-packages_PyQt6_bindings_QtGui["QtGui"]\n    node_venv_lib_python3_12_site-packages_PyQt6_bindings_QtGui --> node_venv_lib_python3_12_site-packages_PyQt6_bindings_QtGui_qvectornd_sip["qvectornd.sip"]\n    Root --> node_venv["venv"]\n    node_venv --> node_venv_lib["lib"]\n    node_venv_lib --> node_venv_lib_python3_12["python3.12"]\n    node_venv_lib_python3_12 --> node_venv_lib_python3_12_site-packages["site-packages"]\n    node_venv_lib_python3_12_site-packages --> node_venv_lib_python3_12_site-packages_PyQt6["PyQt6"]\n    node_venv_lib_python3_12_site-packages_PyQt6 --> node_venv_lib_python3_12_site-packages_PyQt6_bindings["bindings"]\n    node_venv_lib_python3_12_site-packages_PyQt6_bindings --> node_venv_lib_python3_12_site-packages_PyQt6_bindings_QtGui["QtGui"]\n    node_venv_lib_python3_12_site-packages_PyQt6_bindings_QtGui --> node_venv_lib_python3_12_site-packages_PyQt6_bindings_QtGui_qwindow_sip["qwindow.sip"]\n    Root --> node_venv["venv"]\n    node_venv --> node_venv_lib["lib"]\n    node_venv_lib --> node_venv_lib_python3_12["python3.12"]\n    node_venv_lib_python3_12 --> node_venv_lib_python3_12_site-packages["site-packages"]\n    node_venv_lib_python3_12_site-packages --> node_venv_lib_python3_12_site-packages_PyQt6["PyQt6"]\n    node_venv_lib_python3_12_site-packages_PyQt6 --> node_venv_lib_python3_12_site-packages_PyQt6_bindings["bindings"]\n    node_venv_lib_python3_12_site-packages_PyQt6_bindings --> node_venv_lib_python3_12_site-packages_PyQt6_bindings_QtGui["QtGui"]\n    node_venv_lib_python3_12_site-packages_PyQt6_bindings_QtGui --> node_venv_lib_python3_12_site-packages_PyQt6_bindings_QtGui_qwindowdefs_sip["qwindowdefs.sip"]\n    Root --> node_venv["venv"]\n    node_venv --> node_venv_lib["lib"]\n    node_venv_lib --> node_venv_lib_python3_12["python3.12"]\n    node_venv_lib_python3_12 --> node_venv_lib_python3_12_site-packages["site-packages"]\n    node_venv_lib_python3_12_site-packages --> node_venv_lib_python3_12_site-packages_PyQt6["PyQt6"]\n    node_venv_lib_python3_12_site-packages_PyQt6 --> node_venv_lib_python3_12_site-packages_PyQt6_bindings["bindings"]\n    node_venv_lib_python3_12_site-packages_PyQt6_bindings --> node_venv_lib_python3_12_site-packages_PyQt6_bindings_QtNfc["QtNfc"]\n    node_venv_lib_python3_12_site-packages_PyQt6_bindings_QtNfc --> node_venv_lib_python3_12_site-packages_PyQt6_bindings_QtNfc_QtNfc_toml["QtNfc.toml"]\n    Root --> node_venv["venv"]\n    node_venv --> node_venv_lib["lib"]\n    node_venv_lib --> node_venv_lib_python3_12["python3.12"]\n    node_venv_lib_python3_12 --> node_venv_lib_python3_12_site-packages["site-packages"]\n    node_venv_lib_python3_12_site-packages --> node_venv_lib_python3_12_site-packages_PyQt6["PyQt6"]\n    node_venv_lib_python3_12_site-packages_PyQt6 --> node_venv_lib_python3_12_site-packages_PyQt6_bindings["bindings"]\n    node_venv_lib_python3_12_site-packages_PyQt6_bindings --> node_venv_lib_python3_12_site-packages_PyQt6_bindings_QtNfc["QtNfc"]\n    node_venv_lib_python3_12_site-packages_PyQt6_bindings_QtNfc --> node_venv_lib_python3_12_site-packages_PyQt6_bindings_QtNfc_QtNfcmod_sip["QtNfcmod.sip"]\n    Root --> node_venv["venv"]\n    node_venv --> node_venv_lib["lib"]\n    node_venv_lib --> node_venv_lib_python3_12["python3.12"]\n    node_venv_lib_python3_12 --> node_venv_lib_python3_12_site-packages["site-packages"]\n    node_venv_lib_python3_12_site-packages --> node_venv_lib_python3_12_site-packages_PyQt6["PyQt6"]\n    node_venv_lib_python3_12_site-packages_PyQt6 --> node_venv_lib_python3_12_site-packages_PyQt6_bindings["bindings"]\n    node_venv_lib_python3_12_site-packages_PyQt6_bindings --> node_venv_lib_python3_12_site-packages_PyQt6_bindings_QtNfc["QtNfc"]\n    node_venv_lib_python3_12_site-packages_PyQt6_bindings_QtNfc --> node_venv_lib_python3_12_site-packages_PyQt6_bindings_QtNfc_qndeffilter_sip["qndeffilter.sip"]\n    Root --> node_venv["venv"]\n    node_venv --> node_venv_lib["lib"]\n    node_venv_lib --> node_venv_lib_python3_12["python3.12"]\n    node_venv_lib_python3_12 --> node_venv_lib_python3_12_site-packages["site-packages"]\n    node_venv_lib_python3_12_site-packages --> node_venv_lib_python3_12_site-packages_PyQt6["PyQt6"]\n    node_venv_lib_python3_12_site-packages_PyQt6 --> node_venv_lib_python3_12_site-packages_PyQt6_bindings["bindings"]\n    node_venv_lib_python3_12_site-packages_PyQt6_bindings --> node_venv_lib_python3_12_site-packages_PyQt6_bindings_QtNfc["QtNfc"]\n    node_venv_lib_python3_12_site-packages_PyQt6_bindings_QtNfc --> node_venv_lib_python3_12_site-packages_PyQt6_bindings_QtNfc_qndefmessage_sip["qndefmessage.sip"]\n    Root --> node_venv["venv"]\n    node_venv --> node_venv_lib["lib"]\n    node_venv_lib --> node_venv_lib_python3_12["python3.12"]\n    node_venv_lib_python3_12 --> node_venv_lib_python3_12_site-packages["site-packages"]\n    node_venv_lib_python3_12_site-packages --> node_venv_lib_python3_12_site-packages_PyQt6["PyQt6"]\n    node_venv_lib_python3_12_site-packages_PyQt6 --> node_venv_lib_python3_12_site-packages_PyQt6_bindings["bindings"]\n    node_venv_lib_python3_12_site-packages_PyQt6_bindings --> node_venv_lib_python3_12_site-packages_PyQt6_bindings_QtNfc["QtNfc"]\n    node_venv_lib_python3_12_site-packages_PyQt6_bindings_QtNfc --> node_venv_lib_python3_12_site-packages_PyQt6_bindings_QtNfc_qndefnfcsmartposterrecord_sip["qndefnfcsmartposterrecord.sip"]\n    Root --> node_venv["venv"]\n    node_venv --> node_venv_lib["lib"]\n    node_venv_lib --> node_venv_lib_python3_12["python3.12"]\n    node_venv_lib_python3_12 --> node_venv_lib_python3_12_site-packages["site-packages"]\n    node_venv_lib_python3_12_site-packages --> node_venv_lib_python3_12_site-packages_PyQt6["PyQt6"]\n    node_venv_lib_python3_12_site-packages_PyQt6 --> node_venv_lib_python3_12_site-packages_PyQt6_bindings["bindings"]\n    node_venv_lib_python3_12_site-packages_PyQt6_bindings --> node_venv_lib_python3_12_site-packages_PyQt6_bindings_QtNfc["QtNfc"]\n    node_venv_lib_python3_12_site-packages_PyQt6_bindings_QtNfc --> node_venv_lib_python3_12_site-packages_PyQt6_bindings_QtNfc_qndefnfctextrecord_sip["qndefnfctextrecord.sip"]\n    Root --> node_venv["venv"]\n    node_venv --> node_venv_lib["lib"]\n    node_venv_lib --> node_venv_lib_python3_12["python3.12"]\n    node_venv_lib_python3_12 --> node_venv_lib_python3_12_site-packages["site-packages"]\n    node_venv_lib_python3_12_site-packages --> node_venv_lib_python3_12_site-packages_PyQt6["PyQt6"]\n    node_venv_lib_python3_12_site-packages_PyQt6 --> node_venv_lib_python3_12_site-packages_PyQt6_bindings["bindings"]\n    node_venv_lib_python3_12_site-packages_PyQt6_bindings --> node_venv_lib_python3_12_site-packages_PyQt6_bindings_QtNfc["QtNfc"]\n    node_venv_lib_python3_12_site-packages_PyQt6_bindings_QtNfc --> node_venv_lib_python3_12_site-packages_PyQt6_bindings_QtNfc_qndefnfcurirecord_sip["qndefnfcurirecord.sip"]\n    Root --> node_venv["venv"]\n    node_venv --> node_venv_lib["lib"]\n    node_venv_lib --> node_venv_lib_python3_12["python3.12"]\n    node_venv_lib_python3_12 --> node_venv_lib_python3_12_site-packages["site-packages"]\n    node_venv_lib_python3_12_site-packages --> node_venv_lib_python3_12_site-packages_PyQt6["PyQt6"]\n    node_venv_lib_python3_12_site-packages_PyQt6 --> node_venv_lib_python3_12_site-packages_PyQt6_bindings["bindings"]\n    node_venv_lib_python3_12_site-packages_PyQt6_bindings --> node_venv_lib_python3_12_site-packages_PyQt6_bindings_QtNfc["QtNfc"]\n    node_venv_lib_python3_12_site-packages_PyQt6_bindings_QtNfc --> node_venv_lib_python3_12_site-packages_PyQt6_bindings_QtNfc_qndefrecord_sip["qndefrecord.sip"]\n    Root --> node_venv["venv"]\n    node_venv --> node_venv_lib["lib"]\n    node_venv_lib --> node_venv_lib_python3_12["python3.12"]\n    node_venv_lib_python3_12 --> node_venv_lib_python3_12_site-packages["site-packages"]\n    node_venv_lib_python3_12_site-packages --> node_venv_lib_python3_12_site-packages_PyQt6["PyQt6"]\n    node_venv_lib_python3_12_site-packages_PyQt6 --> node_venv_lib_python3_12_site-packages_PyQt6_bindings["bindings"]\n    node_venv_lib_python3_12_site-packages_PyQt6_bindings --> node_venv_lib_python3_12_site-packages_PyQt6_bindings_QtNfc["QtNfc"]\n    node_venv_lib_python3_12_site-packages_PyQt6_bindings_QtNfc --> node_venv_lib_python3_12_site-packages_PyQt6_bindings_QtNfc_qnearfieldmanager_sip["qnearfieldmanager.sip"]\n    Root --> node_venv["venv"]\n    node_venv --> node_venv_lib["lib"]\n    node_venv_lib --> node_venv_lib_python3_12["python3.12"]\n    node_venv_lib_python3_12 --> node_venv_lib_python3_12_site-packages["site-packages"]\n    node_venv_lib_python3_12_site-packages --> node_venv_lib_python3_12_site-packages_PyQt6["PyQt6"]\n    node_venv_lib_python3_12_site-packages_PyQt6 --> node_venv_lib_python3_12_site-packages_PyQt6_bindings["bindings"]\n    node_venv_lib_python3_12_site-packages_PyQt6_bindings --> node_venv_lib_python3_12_site-packages_PyQt6_bindings_QtNfc["QtNfc"]\n    node_venv_lib_python3_12_site-packages_PyQt6_bindings_QtNfc --> node_venv_lib_python3_12_site-packages_PyQt6_bindings_QtNfc_qnearfieldtarget_sip["qnearfieldtarget.sip"]\n    Root --> node_venv["venv"]\n    node_venv --> node_venv_lib["lib"]\n    node_venv_lib --> node_venv_lib_python3_12["python3.12"]\n    node_venv_lib_python3_12 --> node_venv_lib_python3_12_site-packages["site-packages"]\n    node_venv_lib_python3_12_site-packages --> node_venv_lib_python3_12_site-packages_PyQt6["PyQt6"]\n    node_venv_lib_python3_12_site-packages_PyQt6 --> node_venv_lib_python3_12_site-packages_PyQt6_bindings["bindings"]\n    node_venv_lib_python3_12_site-packages_PyQt6_bindings --> node_venv_lib_python3_12_site-packages_PyQt6_bindings_QtSerialPort["QtSerialPort"]\n    node_venv_lib_python3_12_site-packages_PyQt6_bindings_QtSerialPort --> node_venv_lib_python3_12_site-packages_PyQt6_bindings_QtSerialPort_QtSerialPort_toml["QtSerialPort.toml"]\n    Root --> node_venv["venv"]\n    node_venv --> node_venv_lib["lib"]\n    node_venv_lib --> node_venv_lib_python3_12["python3.12"]\n    node_venv_lib_python3_12 --> node_venv_lib_python3_12_site-packages["site-packages"]\n    node_venv_lib_python3_12_site-packages --> node_venv_lib_python3_12_site-packages_PyQt6["PyQt6"]\n    node_venv_lib_python3_12_site-packages_PyQt6 --> node_venv_lib_python3_12_site-packages_PyQt6_bindings["bindings"]\n    node_venv_lib_python3_12_site-packages_PyQt6_bindings --> node_venv_lib_python3_12_site-packages_PyQt6_bindings_QtSerialPort["QtSerialPort"]\n    node_venv_lib_python3_12_site-packages_PyQt6_bindings_QtSerialPort --> node_venv_lib_python3_12_site-packages_PyQt6_bindings_QtSerialPort_QtSerialPortmod_sip["QtSerialPortmod.sip"]\n    Root --> node_venv["venv"]\n    node_venv --> node_venv_lib["lib"]\n    node_venv_lib --> node_venv_lib_python3_12["python3.12"]\n    node_venv_lib_python3_12 --> node_venv_lib_python3_12_site-packages["site-packages"]\n    node_venv_lib_python3_12_site-packages --> node_venv_lib_python3_12_site-packages_PyQt6["PyQt6"]\n    node_venv_lib_python3_12_site-packages_PyQt6 --> node_venv_lib_python3_12_site-packages_PyQt6_bindings["bindings"]\n    node_venv_lib_python3_12_site-packages_PyQt6_bindings --> node_venv_lib_python3_12_site-packages_PyQt6_bindings_QtSerialPort["QtSerialPort"]\n    node_venv_lib_python3_12_site-packages_PyQt6_bindings_QtSerialPort --> node_venv_lib_python3_12_site-packages_PyQt6_bindings_QtSerialPort_qserialport_sip["qserialport.sip"]\n    Root --> node_venv["venv"]\n    node_venv --> node_venv_lib["lib"]\n    node_venv_lib --> node_venv_lib_python3_12["python3.12"]\n    node_venv_lib_python3_12 --> node_venv_lib_python3_12_site-packages["site-packages"]\n    node_venv_lib_python3_12_site-packages --> node_venv_lib_python3_12_site-packages_PyQt6["PyQt6"]\n    node_venv_lib_python3_12_site-packages_PyQt6 --> node_venv_lib_python3_12_site-packages_PyQt6_bindings["bindings"]\n    node_venv_lib_python3_12_site-packages_PyQt6_bindings --> node_venv_lib_python3_12_site-packages_PyQt6_bindings_QtSerialPort["QtSerialPort"]\n    node_venv_lib_python3_12_site-packages_PyQt6_bindings_QtSerialPort --> node_venv_lib_python3_12_site-packages_PyQt6_bindings_QtSerialPort_qserialportinfo_sip["qserialportinfo.sip"]\n    Root --> node_venv["venv"]\n    node_venv --> node_venv_lib["lib"]\n    node_venv_lib --> node_venv_lib_python3_12["python3.12"]\n    node_venv_lib_python3_12 --> node_venv_lib_python3_12_site-packages["site-packages"]\n    node_venv_lib_python3_12_site-packages --> node_venv_lib_python3_12_site-packages_PyQt6["PyQt6"]\n    node_venv_lib_python3_12_site-packages_PyQt6 --> node_venv_lib_python3_12_site-packages_PyQt6_bindings["bindings"]\n    node_venv_lib_python3_12_site-packages_PyQt6_bindings --> node_venv_lib_python3_12_site-packages_PyQt6_bindings_QtQuick["QtQuick"]\n    node_venv_lib_python3_12_site-packages_PyQt6_bindings_QtQuick --> node_venv_lib_python3_12_site-packages_PyQt6_bindings_QtQuick_QtQuick_toml["QtQuick.toml"]\n    Root --> node_venv["venv"]\n    node_venv --> node_venv_lib["lib"]\n    node_venv_lib --> node_venv_lib_python3_12["python3.12"]\n    node_venv_lib_python3_12 --> node_venv_lib_python3_12_site-packages["site-packages"]\n    node_venv_lib_python3_12_site-packages --> node_venv_lib_python3_12_site-packages_PyQt6["PyQt6"]\n    node_venv_lib_python3_12_site-packages_PyQt6 --> node_venv_lib_python3_12_site-packages_PyQt6_bindings["bindings"]\n    node_venv_lib_python3_12_site-packages_PyQt6_bindings --> node_venv_lib_python3_12_site-packages_PyQt6_bindings_QtQuick["QtQuick"]\n    node_venv_lib_python3_12_site-packages_PyQt6_bindings_QtQuick --> node_venv_lib_python3_12_site-packages_PyQt6_bindings_QtQuick_QtQuickmod_sip["QtQuickmod.sip"]\n    Root --> node_venv["venv"]\n    node_venv --> node_venv_lib["lib"]\n    node_venv_lib --> node_venv_lib_python3_12["python3.12"]\n    node_venv_lib_python3_12 --> node_venv_lib_python3_12_site-packages["site-packages"]\n    node_venv_lib_python3_12_site-packages --> node_venv_lib_python3_12_site-packages_PyQt6["PyQt6"]\n    node_venv_lib_python3_12_site-packages_PyQt6 --> node_venv_lib_python3_12_site-packages_PyQt6_bindings["bindings"]\n    node_venv_lib_python3_12_site-packages_PyQt6_bindings --> node_venv_lib_python3_12_site-packages_PyQt6_bindings_QtQuick["QtQuick"]\n    node_venv_lib_python3_12_site-packages_PyQt6_bindings_QtQuick --> node_venv_lib_python3_12_site-packages_PyQt6_bindings_QtQuick_qquickframebufferobject_sip["qquickframebufferobject.sip"]\n    Root --> node_venv["venv"]\n    node_venv --> node_venv_lib["lib"]\n    node_venv_lib --> node_venv_lib_python3_12["python3.12"]\n    node_venv_lib_python3_12 --> node_venv_lib_python3_12_site-packages["site-packages"]\n    node_venv_lib_python3_12_site-packages --> node_venv_lib_python3_12_site-packages_PyQt6["PyQt6"]\n    node_venv_lib_python3_12_site-packages_PyQt6 --> node_venv_lib_python3_12_site-packages_PyQt6_bindings["bindings"]\n    node_venv_lib_python3_12_site-packages_PyQt6_bindings --> node_venv_lib_python3_12_site-packages_PyQt6_bindings_QtQuick["QtQuick"]\n    node_venv_lib_python3_12_site-packages_PyQt6_bindings_QtQuick --> node_venv_lib_python3_12_site-packages_PyQt6_bindings_QtQuick_qquickgraphicsconfiguration_sip["qquickgraphicsconfiguration.sip"]\n    Root --> node_venv["venv"]\n    node_venv --> node_venv_lib["lib"]\n    node_venv_lib --> node_venv_lib_python3_12["python3.12"]\n    node_venv_lib_python3_12 --> node_venv_lib_python3_12_site-packages["site-packages"]\n    node_venv_lib_python3_12_site-packages --> node_venv_lib_python3_12_site-packages_PyQt6["PyQt6"]\n    node_venv_lib_python3_12_site-packages_PyQt6 --> node_venv_lib_python3_12_site-packages_PyQt6_bindings["bindings"]\n    node_venv_lib_python3_12_site-packages_PyQt6_bindings --> node_venv_lib_python3_12_site-packages_PyQt6_bindings_QtQuick["QtQuick"]\n    node_venv_lib_python3_12_site-packages_PyQt6_bindings_QtQuick --> node_venv_lib_python3_12_site-packages_PyQt6_bindings_QtQuick_qquickgraphicsdevice_sip["qquickgraphicsdevice.sip"]\n    Root --> node_venv["venv"]\n    node_venv --> node_venv_lib["lib"]\n    node_venv_lib --> node_venv_lib_python3_12["python3.12"]\n    node_venv_lib_python3_12 --> node_venv_lib_python3_12_site-packages["site-packages"]\n    node_venv_lib_python3_12_site-packages --> node_venv_lib_python3_12_site-packages_PyQt6["PyQt6"]\n    node_venv_lib_python3_12_site-packages_PyQt6 --> node_venv_lib_python3_12_site-packages_PyQt6_bindings["bindings"]\n    node_venv_lib_python3_12_site-packages_PyQt6_bindings --> node_venv_lib_python3_12_site-packages_PyQt6_bindings_QtQuick["QtQuick"]\n    node_venv_lib_python3_12_site-packages_PyQt6_bindings_QtQuick --> node_venv_lib_python3_12_site-packages_PyQt6_bindings_QtQuick_qquickimageprovider_sip["qquickimageprovider.sip"]\n    Root --> node_venv["venv"]\n    node_venv --> node_venv_lib["lib"]\n    node_venv_lib --> node_venv_lib_python3_12["python3.12"]\n    node_venv_lib_python3_12 --> node_venv_lib_python3_12_site-packages["site-packages"]\n    node_venv_lib_python3_12_site-packages --> node_venv_lib_python3_12_site-packages_PyQt6["PyQt6"]\n    node_venv_lib_python3_12_site-packages_PyQt6 --> node_venv_lib_python3_12_site-packages_PyQt6_bindings["bindings"]\n    node_venv_lib_python3_12_site-packages_PyQt6_bindings --> node_venv_lib_python3_12_site-packages_PyQt6_bindings_QtQuick["QtQuick"]\n    node_venv_lib_python3_12_site-packages_PyQt6_bindings_QtQuick --> node_venv_lib_python3_12_site-packages_PyQt6_bindings_QtQuick_qquickitem_sip["qquickitem.sip"]\n    Root --> node_venv["venv"]\n    node_venv --> node_venv_lib["lib"]\n    node_venv_lib --> node_venv_lib_python3_12["python3.12"]\n    node_venv_lib_python3_12 --> node_venv_lib_python3_12_site-packages["site-packages"]\n    node_venv_lib_python3_12_site-packages --> node_venv_lib_python3_12_site-packages_PyQt6["PyQt6"]\n    node_venv_lib_python3_12_site-packages_PyQt6 --> node_venv_lib_python3_12_site-packages_PyQt6_bindings["bindings"]\n    node_venv_lib_python3_12_site-packages_PyQt6_bindings --> node_venv_lib_python3_12_site-packages_PyQt6_bindings_QtQuick["QtQuick"]\n    node_venv_lib_python3_12_site-packages_PyQt6_bindings_QtQuick --> node_venv_lib_python3_12_site-packages_PyQt6_bindings_QtQuick_qquickitemgrabresult_sip["qquickitemgrabresult.sip"]\n    Root --> node_venv["venv"]\n    node_venv --> node_venv_lib["lib"]\n    node_venv_lib --> node_venv_lib_python3_12["python3.12"]\n    node_venv_lib_python3_12 --> node_venv_lib_python3_12_site-packages["site-packages"]\n    node_venv_lib_python3_12_site-packages --> node_venv_lib_python3_12_site-packages_PyQt6["PyQt6"]\n    node_venv_lib_python3_12_site-packages_PyQt6 --> node_venv_lib_python3_12_site-packages_PyQt6_bindings["bindings"]\n    node_venv_lib_python3_12_site-packages_PyQt6_bindings --> node_venv_lib_python3_12_site-packages_PyQt6_bindings_QtQuick["QtQuick"]\n    node_venv_lib_python3_12_site-packages_PyQt6_bindings_QtQuick --> node_venv_lib_python3_12_site-packages_PyQt6_bindings_QtQuick_qquickpainteditem_sip["qquickpainteditem.sip"]\n    Root --> node_venv["venv"]\n    node_venv --> node_venv_lib["lib"]\n    node_venv_lib --> node_venv_lib_python3_12["python3.12"]\n    node_venv_lib_python3_12 --> node_venv_lib_python3_12_site-packages["site-packages"]\n    node_venv_lib_python3_12_site-packages --> node_venv_lib_python3_12_site-packages_PyQt6["PyQt6"]\n    node_venv_lib_python3_12_site-packages_PyQt6 --> node_venv_lib_python3_12_site-packages_PyQt6_bindings["bindings"]\n    node_venv_lib_python3_12_site-packages_PyQt6_bindings --> node_venv_lib_python3_12_site-packages_PyQt6_bindings_QtQuick["QtQuick"]\n    node_venv_lib_python3_12_site-packages_PyQt6_bindings_QtQuick --> node_venv_lib_python3_12_site-packages_PyQt6_bindings_QtQuick_qquickrendercontrol_sip["qquickrendercontrol.sip"]\n    Root --> node_venv["venv"]\n    node_venv --> node_venv_lib["lib"]\n    node_venv_lib --> node_venv_lib_python3_12["python3.12"]\n    node_venv_lib_python3_12 --> node_venv_lib_python3_12_site-packages["site-packages"]\n    node_venv_lib_python3_12_site-packages --> node_venv_lib_python3_12_site-packages_PyQt6["PyQt6"]\n    node_venv_lib_python3_12_site-packages_PyQt6 --> node_venv_lib_python3_12_site-packages_PyQt6_bindings["bindings"]\n    node_venv_lib_python3_12_site-packages_PyQt6_bindings --> node_venv_lib_python3_12_site-packages_PyQt6_bindings_QtQuick["QtQuick"]\n    node_venv_lib_python3_12_site-packages_PyQt6_bindings_QtQuick --> node_venv_lib_python3_12_site-packages_PyQt6_bindings_QtQuick_qquickrendertarget_sip["qquickrendertarget.sip"]\n    Root --> node_venv["venv"]\n    node_venv --> node_venv_lib["lib"]\n    node_venv_lib --> node_venv_lib_python3_12["python3.12"]\n    node_venv_lib_python3_12 --> node_venv_lib_python3_12_site-packages["site-packages"]\n    node_venv_lib_python3_12_site-packages --> node_venv_lib_python3_12_site-packages_PyQt6["PyQt6"]\n    node_venv_lib_python3_12_site-packages_PyQt6 --> node_venv_lib_python3_12_site-packages_PyQt6_bindings["bindings"]\n    node_venv_lib_python3_12_site-packages_PyQt6_bindings --> node_venv_lib_python3_12_site-packages_PyQt6_bindings_QtQuick["QtQuick"]\n    node_venv_lib_python3_12_site-packages_PyQt6_bindings_QtQuick --> node_venv_lib_python3_12_site-packages_PyQt6_bindings_QtQuick_qquicktextdocument_sip["qquicktextdocument.sip"]\n    Root --> node_venv["venv"]\n    node_venv --> node_venv_lib["lib"]\n    node_venv_lib --> node_venv_lib_python3_12["python3.12"]\n    node_venv_lib_python3_12 --> node_venv_lib_python3_12_site-packages["site-packages"]\n    node_venv_lib_python3_12_site-packages --> node_venv_lib_python3_12_site-packages_PyQt6["PyQt6"]\n    node_venv_lib_python3_12_site-packages_PyQt6 --> node_venv_lib_python3_12_site-packages_PyQt6_bindings["bindings"]\n    node_venv_lib_python3_12_site-packages_PyQt6_bindings --> node_venv_lib_python3_12_site-packages_PyQt6_bindings_QtQuick["QtQuick"]\n    node_venv_lib_python3_12_site-packages_PyQt6_bindings_QtQuick --> node_venv_lib_python3_12_site-packages_PyQt6_bindings_QtQuick_qquickview_sip["qquickview.sip"]\n    Root --> node_venv["venv"]\n    node_venv --> node_venv_lib["lib"]\n    node_venv_lib --> node_venv_lib_python3_12["python3.12"]\n    node_venv_lib_python3_12 --> node_venv_lib_python3_12_site-packages["site-packages"]\n    node_venv_lib_python3_12_site-packages --> node_venv_lib_python3_12_site-packages_PyQt6["PyQt6"]\n    node_venv_lib_python3_12_site-packages_PyQt6 --> node_venv_lib_python3_12_site-packages_PyQt6_bindings["bindings"]\n    node_venv_lib_python3_12_site-packages_PyQt6_bindings --> node_venv_lib_python3_12_site-packages_PyQt6_bindings_QtQuick["QtQuick"]\n    node_venv_lib_python3_12_site-packages_PyQt6_bindings_QtQuick --> node_venv_lib_python3_12_site-packages_PyQt6_bindings_QtQuick_qquickwindow_sip["qquickwindow.sip"]\n    Root --> node_venv["venv"]\n    node_venv --> node_venv_lib["lib"]\n    node_venv_lib --> node_venv_lib_python3_12["python3.12"]\n    node_venv_lib_python3_12 --> node_venv_lib_python3_12_site-packages["site-packages"]\n    node_venv_lib_python3_12_site-packages --> node_venv_lib_python3_12_site-packages_PyQt6["PyQt6"]\n    node_venv_lib_python3_12_site-packages_PyQt6 --> node_venv_lib_python3_12_site-packages_PyQt6_bindings["bindings"]\n    node_venv_lib_python3_12_site-packages_PyQt6_bindings --> node_venv_lib_python3_12_site-packages_PyQt6_bindings_QtQuick["QtQuick"]\n    node_venv_lib_python3_12_site-packages_PyQt6_bindings_QtQuick --> node_venv_lib_python3_12_site-packages_PyQt6_bindings_QtQuick_qsgflatcolormaterial_sip["qsgflatcolormaterial.sip"]\n    Root --> node_venv["venv"]\n    node_venv --> node_venv_lib["lib"]\n    node_venv_lib --> node_venv_lib_python3_12["python3.12"]\n    node_venv_lib_python3_12 --> node_venv_lib_python3_12_site-packages["site-packages"]\n    node_venv_lib_python3_12_site-packages --> node_venv_lib_python3_12_site-packages_PyQt6["PyQt6"]\n    node_venv_lib_python3_12_site-packages_PyQt6 --> node_venv_lib_python3_12_site-packages_PyQt6_bindings["bindings"]\n    node_venv_lib_python3_12_site-packages_PyQt6_bindings --> node_venv_lib_python3_12_site-packages_PyQt6_bindings_QtQuick["QtQuick"]\n    node_venv_lib_python3_12_site-packages_PyQt6_bindings_QtQuick --> node_venv_lib_python3_12_site-packages_PyQt6_bindings_QtQuick_qsggeometry_sip["qsggeometry.sip"]\n    Root --> node_venv["venv"]\n    node_venv --> node_venv_lib["lib"]\n    node_venv_lib --> node_venv_lib_python3_12["python3.12"]\n    node_venv_lib_python3_12 --> node_venv_lib_python3_12_site-packages["site-packages"]\n    node_venv_lib_python3_12_site-packages --> node_venv_lib_python3_12_site-packages_PyQt6["PyQt6"]\n    node_venv_lib_python3_12_site-packages_PyQt6 --> node_venv_lib_python3_12_site-packages_PyQt6_bindings["bindings"]\n    node_venv_lib_python3_12_site-packages_PyQt6_bindings --> node_venv_lib_python3_12_site-packages_PyQt6_bindings_QtQuick["QtQuick"]\n    node_venv_lib_python3_12_site-packages_PyQt6_bindings_QtQuick --> node_venv_lib_python3_12_site-packages_PyQt6_bindings_QtQuick_qsgimagenode_sip["qsgimagenode.sip"]\n    Root --> node_venv["venv"]\n    node_venv --> node_venv_lib["lib"]\n    node_venv_lib --> node_venv_lib_python3_12["python3.12"]\n    node_venv_lib_python3_12 --> node_venv_lib_python3_12_site-packages["site-packages"]\n    node_venv_lib_python3_12_site-packages --> node_venv_lib_python3_12_site-packages_PyQt6["PyQt6"]\n    node_venv_lib_python3_12_site-packages_PyQt6 --> node_venv_lib_python3_12_site-packages_PyQt6_bindings["bindings"]\n    node_venv_lib_python3_12_site-packages_PyQt6_bindings --> node_venv_lib_python3_12_site-packages_PyQt6_bindings_QtQuick["QtQuick"]\n    node_venv_lib_python3_12_site-packages_PyQt6_bindings_QtQuick --> node_venv_lib_python3_12_site-packages_PyQt6_bindings_QtQuick_qsgmaterial_sip["qsgmaterial.sip"]\n    Root --> node_venv["venv"]\n    node_venv --> node_venv_lib["lib"]\n    node_venv_lib --> node_venv_lib_python3_12["python3.12"]\n    node_venv_lib_python3_12 --> node_venv_lib_python3_12_site-packages["site-packages"]\n    node_venv_lib_python3_12_site-packages --> node_venv_lib_python3_12_site-packages_PyQt6["PyQt6"]\n    node_venv_lib_python3_12_site-packages_PyQt6 --> node_venv_lib_python3_12_site-packages_PyQt6_bindings["bindings"]\n    node_venv_lib_python3_12_site-packages_PyQt6_bindings --> node_venv_lib_python3_12_site-packages_PyQt6_bindings_QtQuick["QtQuick"]\n    node_venv_lib_python3_12_site-packages_PyQt6_bindings_QtQuick --> node_venv_lib_python3_12_site-packages_PyQt6_bindings_QtQuick_qsgmaterialshader_sip["qsgmaterialshader.sip"]\n    Root --> node_venv["venv"]\n    node_venv --> node_venv_lib["lib"]\n    node_venv_lib --> node_venv_lib_python3_12["python3.12"]\n    node_venv_lib_python3_12 --> node_venv_lib_python3_12_site-packages["site-packages"]\n    node_venv_lib_python3_12_site-packages --> node_venv_lib_python3_12_site-packages_PyQt6["PyQt6"]\n    node_venv_lib_python3_12_site-packages_PyQt6 --> node_venv_lib_python3_12_site-packages_PyQt6_bindings["bindings"]\n    node_venv_lib_python3_12_site-packages_PyQt6_bindings --> node_venv_lib_python3_12_site-packages_PyQt6_bindings_QtQuick["QtQuick"]\n    node_venv_lib_python3_12_site-packages_PyQt6_bindings_QtQuick --> node_venv_lib_python3_12_site-packages_PyQt6_bindings_QtQuick_qsgmaterialtype_sip["qsgmaterialtype.sip"]\n    Root --> node_venv["venv"]\n    node_venv --> node_venv_lib["lib"]\n    node_venv_lib --> node_venv_lib_python3_12["python3.12"]\n    node_venv_lib_python3_12 --> node_venv_lib_python3_12_site-packages["site-packages"]\n    node_venv_lib_python3_12_site-packages --> node_venv_lib_python3_12_site-packages_PyQt6["PyQt6"]\n    node_venv_lib_python3_12_site-packages_PyQt6 --> node_venv_lib_python3_12_site-packages_PyQt6_bindings["bindings"]\n    node_venv_lib_python3_12_site-packages_PyQt6_bindings --> node_venv_lib_python3_12_site-packages_PyQt6_bindings_QtQuick["QtQuick"]\n    node_venv_lib_python3_12_site-packages_PyQt6_bindings_QtQuick --> node_venv_lib_python3_12_site-packages_PyQt6_bindings_QtQuick_qsgnode_sip["qsgnode.sip"]\n    Root --> node_venv["venv"]\n    node_venv --> node_venv_lib["lib"]\n    node_venv_lib --> node_venv_lib_python3_12["python3.12"]\n    node_venv_lib_python3_12 --> node_venv_lib_python3_12_site-packages["site-packages"]\n    node_venv_lib_python3_12_site-packages --> node_venv_lib_python3_12_site-packages_PyQt6["PyQt6"]\n    node_venv_lib_python3_12_site-packages_PyQt6 --> node_venv_lib_python3_12_site-packages_PyQt6_bindings["bindings"]\n    node_venv_lib_python3_12_site-packages_PyQt6_bindings --> node_venv_lib_python3_12_site-packages_PyQt6_bindings_QtQuick["QtQuick"]\n    node_venv_lib_python3_12_site-packages_PyQt6_bindings_QtQuick --> node_venv_lib_python3_12_site-packages_PyQt6_bindings_QtQuick_qsgrectanglenode_sip["qsgrectanglenode.sip"]\n    Root --> node_venv["venv"]\n    node_venv --> node_venv_lib["lib"]\n    node_venv_lib --> node_venv_lib_python3_12["python3.12"]\n    node_venv_lib_python3_12 --> node_venv_lib_python3_12_site-packages["site-packages"]\n    node_venv_lib_python3_12_site-packages --> node_venv_lib_python3_12_site-packages_PyQt6["PyQt6"]\n    node_venv_lib_python3_12_site-packages_PyQt6 --> node_venv_lib_python3_12_site-packages_PyQt6_bindings["bindings"]\n    node_venv_lib_python3_12_site-packages_PyQt6_bindings --> node_venv_lib_python3_12_site-packages_PyQt6_bindings_QtQuick["QtQuick"]\n    node_venv_lib_python3_12_site-packages_PyQt6_bindings_QtQuick --> node_venv_lib_python3_12_site-packages_PyQt6_bindings_QtQuick_qsgrendererinterface_sip["qsgrendererinterface.sip"]\n    Root --> node_venv["venv"]\n    node_venv --> node_venv_lib["lib"]\n    node_venv_lib --> node_venv_lib_python3_12["python3.12"]\n    node_venv_lib_python3_12 --> node_venv_lib_python3_12_site-packages["site-packages"]\n    node_venv_lib_python3_12_site-packages --> node_venv_lib_python3_12_site-packages_PyQt6["PyQt6"]\n    node_venv_lib_python3_12_site-packages_PyQt6 --> node_venv_lib_python3_12_site-packages_PyQt6_bindings["bindings"]\n    node_venv_lib_python3_12_site-packages_PyQt6_bindings --> node_venv_lib_python3_12_site-packages_PyQt6_bindings_QtQuick["QtQuick"]\n    node_venv_lib_python3_12_site-packages_PyQt6_bindings_QtQuick --> node_venv_lib_python3_12_site-packages_PyQt6_bindings_QtQuick_qsgrendernode_sip["qsgrendernode.sip"]\n    Root --> node_venv["venv"]\n    node_venv --> node_venv_lib["lib"]\n    node_venv_lib --> node_venv_lib_python3_12["python3.12"]\n    node_venv_lib_python3_12 --> node_venv_lib_python3_12_site-packages["site-packages"]\n    node_venv_lib_python3_12_site-packages --> node_venv_lib_python3_12_site-packages_PyQt6["PyQt6"]\n    node_venv_lib_python3_12_site-packages_PyQt6 --> node_venv_lib_python3_12_site-packages_PyQt6_bindings["bindings"]\n    node_venv_lib_python3_12_site-packages_PyQt6_bindings --> node_venv_lib_python3_12_site-packages_PyQt6_bindings_QtQuick["QtQuick"]\n    node_venv_lib_python3_12_site-packages_PyQt6_bindings_QtQuick --> node_venv_lib_python3_12_site-packages_PyQt6_bindings_QtQuick_qsgsimplerectnode_sip["qsgsimplerectnode.sip"]\n    Root --> node_venv["venv"]\n    node_venv --> node_venv_lib["lib"]\n    node_venv_lib --> node_venv_lib_python3_12["python3.12"]\n    node_venv_lib_python3_12 --> node_venv_lib_python3_12_site-packages["site-packages"]\n    node_venv_lib_python3_12_site-packages --> node_venv_lib_python3_12_site-packages_PyQt6["PyQt6"]\n    node_venv_lib_python3_12_site-packages_PyQt6 --> node_venv_lib_python3_12_site-packages_PyQt6_bindings["bindings"]\n    node_venv_lib_python3_12_site-packages_PyQt6_bindings --> node_venv_lib_python3_12_site-packages_PyQt6_bindings_QtQuick["QtQuick"]\n    node_venv_lib_python3_12_site-packages_PyQt6_bindings_QtQuick --> node_venv_lib_python3_12_site-packages_PyQt6_bindings_QtQuick_qsgsimpletexturenode_sip["qsgsimpletexturenode.sip"]\n    Root --> node_venv["venv"]\n    node_venv --> node_venv_lib["lib"]\n    node_venv_lib --> node_venv_lib_python3_12["python3.12"]\n    node_venv_lib_python3_12 --> node_venv_lib_python3_12_site-packages["site-packages"]\n    node_venv_lib_python3_12_site-packages --> node_venv_lib_python3_12_site-packages_PyQt6["PyQt6"]\n    node_venv_lib_python3_12_site-packages_PyQt6 --> node_venv_lib_python3_12_site-packages_PyQt6_bindings["bindings"]\n    node_venv_lib_python3_12_site-packages_PyQt6_bindings --> node_venv_lib_python3_12_site-packages_PyQt6_bindings_QtQuick["QtQuick"]\n    node_venv_lib_python3_12_site-packages_PyQt6_bindings_QtQuick --> node_venv_lib_python3_12_site-packages_PyQt6_bindings_QtQuick_qsgtextnode_sip["qsgtextnode.sip"]\n    Root --> node_venv["venv"]\n    node_venv --> node_venv_lib["lib"]\n    node_venv_lib --> node_venv_lib_python3_12["python3.12"]\n    node_venv_lib_python3_12 --> node_venv_lib_python3_12_site-packages["site-packages"]\n    node_venv_lib_python3_12_site-packages --> node_venv_lib_python3_12_site-packages_PyQt6["PyQt6"]\n    node_venv_lib_python3_12_site-packages_PyQt6 --> node_venv_lib_python3_12_site-packages_PyQt6_bindings["bindings"]\n    node_venv_lib_python3_12_site-packages_PyQt6_bindings --> node_venv_lib_python3_12_site-packages_PyQt6_bindings_QtQuick["QtQuick"]\n    node_venv_lib_python3_12_site-packages_PyQt6_bindings_QtQuick --> node_venv_lib_python3_12_site-packages_PyQt6_bindings_QtQuick_qsgtexture_sip["qsgtexture.sip"]\n    Root --> node_venv["venv"]\n    node_venv --> node_venv_lib["lib"]\n    node_venv_lib --> node_venv_lib_python3_12["python3.12"]\n    node_venv_lib_python3_12 --> node_venv_lib_python3_12_site-packages["site-packages"]\n    node_venv_lib_python3_12_site-packages --> node_venv_lib_python3_12_site-packages_PyQt6["PyQt6"]\n    node_venv_lib_python3_12_site-packages_PyQt6 --> node_venv_lib_python3_12_site-packages_PyQt6_bindings["bindings"]\n    node_venv_lib_python3_12_site-packages_PyQt6_bindings --> node_venv_lib_python3_12_site-packages_PyQt6_bindings_QtQuick["QtQuick"]\n    node_venv_lib_python3_12_site-packages_PyQt6_bindings_QtQuick --> node_venv_lib_python3_12_site-packages_PyQt6_bindings_QtQuick_qsgtexture_platform_sip["qsgtexture_platform.sip"]\n    Root --> node_venv["venv"]\n    node_venv --> node_venv_lib["lib"]\n    node_venv_lib --> node_venv_lib_python3_12["python3.12"]\n    node_venv_lib_python3_12 --> node_venv_lib_python3_12_site-packages["site-packages"]\n    node_venv_lib_python3_12_site-packages --> node_venv_lib_python3_12_site-packages_PyQt6["PyQt6"]\n    node_venv_lib_python3_12_site-packages_PyQt6 --> node_venv_lib_python3_12_site-packages_PyQt6_bindings["bindings"]\n    node_venv_lib_python3_12_site-packages_PyQt6_bindings --> node_venv_lib_python3_12_site-packages_PyQt6_bindings_QtQuick["QtQuick"]\n    node_venv_lib_python3_12_site-packages_PyQt6_bindings_QtQuick --> node_venv_lib_python3_12_site-packages_PyQt6_bindings_QtQuick_qsgtexturematerial_sip["qsgtexturematerial.sip"]\n    Root --> node_venv["venv"]\n    node_venv --> node_venv_lib["lib"]\n    node_venv_lib --> node_venv_lib_python3_12["python3.12"]\n    node_venv_lib_python3_12 --> node_venv_lib_python3_12_site-packages["site-packages"]\n    node_venv_lib_python3_12_site-packages --> node_venv_lib_python3_12_site-packages_PyQt6["PyQt6"]\n    node_venv_lib_python3_12_site-packages_PyQt6 --> node_venv_lib_python3_12_site-packages_PyQt6_bindings["bindings"]\n    node_venv_lib_python3_12_site-packages_PyQt6_bindings --> node_venv_lib_python3_12_site-packages_PyQt6_bindings_QtQuick["QtQuick"]\n    node_venv_lib_python3_12_site-packages_PyQt6_bindings_QtQuick --> node_venv_lib_python3_12_site-packages_PyQt6_bindings_QtQuick_qsgtextureprovider_sip["qsgtextureprovider.sip"]\n    Root --> node_venv["venv"]\n    node_venv --> node_venv_lib["lib"]\n    node_venv_lib --> node_venv_lib_python3_12["python3.12"]\n    node_venv_lib_python3_12 --> node_venv_lib_python3_12_site-packages["site-packages"]\n    node_venv_lib_python3_12_site-packages --> node_venv_lib_python3_12_site-packages_PyQt6["PyQt6"]\n    node_venv_lib_python3_12_site-packages_PyQt6 --> node_venv_lib_python3_12_site-packages_PyQt6_bindings["bindings"]\n    node_venv_lib_python3_12_site-packages_PyQt6_bindings --> node_venv_lib_python3_12_site-packages_PyQt6_bindings_QtQuick["QtQuick"]\n    node_venv_lib_python3_12_site-packages_PyQt6_bindings_QtQuick --> node_venv_lib_python3_12_site-packages_PyQt6_bindings_QtQuick_qsgvertexcolormaterial_sip["qsgvertexcolormaterial.sip"]\n    Root --> node_venv["venv"]\n    node_venv --> node_venv_lib["lib"]\n    node_venv_lib --> node_venv_lib_python3_12["python3.12"]\n    node_venv_lib_python3_12 --> node_venv_lib_python3_12_site-packages["site-packages"]\n    node_venv_lib_python3_12_site-packages --> node_venv_lib_python3_12_site-packages_PyQt6["PyQt6"]\n    node_venv_lib_python3_12_site-packages_PyQt6 --> node_venv_lib_python3_12_site-packages_PyQt6_bindings["bindings"]\n    node_venv_lib_python3_12_site-packages_PyQt6_bindings --> node_venv_lib_python3_12_site-packages_PyQt6_bindings_QtDBus["QtDBus"]\n    node_venv_lib_python3_12_site-packages_PyQt6_bindings_QtDBus --> node_venv_lib_python3_12_site-packages_PyQt6_bindings_QtDBus_QtDBus_toml["QtDBus.toml"]\n    Root --> node_venv["venv"]\n    node_venv --> node_venv_lib["lib"]\n    node_venv_lib --> node_venv_lib_python3_12["python3.12"]\n    node_venv_lib_python3_12 --> node_venv_lib_python3_12_site-packages["site-packages"]\n    node_venv_lib_python3_12_site-packages --> node_venv_lib_python3_12_site-packages_PyQt6["PyQt6"]\n    node_venv_lib_python3_12_site-packages_PyQt6 --> node_venv_lib_python3_12_site-packages_PyQt6_bindings["bindings"]\n    node_venv_lib_python3_12_site-packages_PyQt6_bindings --> node_venv_lib_python3_12_site-packages_PyQt6_bindings_QtDBus["QtDBus"]\n    node_venv_lib_python3_12_site-packages_PyQt6_bindings_QtDBus --> node_venv_lib_python3_12_site-packages_PyQt6_bindings_QtDBus_QtDBusmod_sip["QtDBusmod.sip"]\n    Root --> node_venv["venv"]\n    node_venv --> node_venv_lib["lib"]\n    node_venv_lib --> node_venv_lib_python3_12["python3.12"]\n    node_venv_lib_python3_12 --> node_venv_lib_python3_12_site-packages["site-packages"]\n    node_venv_lib_python3_12_site-packages --> node_venv_lib_python3_12_site-packages_PyQt6["PyQt6"]\n    node_venv_lib_python3_12_site-packages_PyQt6 --> node_venv_lib_python3_12_site-packages_PyQt6_bindings["bindings"]\n    node_venv_lib_python3_12_site-packages_PyQt6_bindings --> node_venv_lib_python3_12_site-packages_PyQt6_bindings_QtDBus["QtDBus"]\n    node_venv_lib_python3_12_site-packages_PyQt6_bindings_QtDBus --> node_venv_lib_python3_12_site-packages_PyQt6_bindings_QtDBus_qdbusabstractadaptor_sip["qdbusabstractadaptor.sip"]\n    Root --> node_venv["venv"]\n    node_venv --> node_venv_lib["lib"]\n    node_venv_lib --> node_venv_lib_python3_12["python3.12"]\n    node_venv_lib_python3_12 --> node_venv_lib_python3_12_site-packages["site-packages"]\n    node_venv_lib_python3_12_site-packages --> node_venv_lib_python3_12_site-packages_PyQt6["PyQt6"]\n    node_venv_lib_python3_12_site-packages_PyQt6 --> node_venv_lib_python3_12_site-packages_PyQt6_bindings["bindings"]\n    node_venv_lib_python3_12_site-packages_PyQt6_bindings --> node_venv_lib_python3_12_site-packages_PyQt6_bindings_QtDBus["QtDBus"]\n    node_venv_lib_python3_12_site-packages_PyQt6_bindings_QtDBus --> node_venv_lib_python3_12_site-packages_PyQt6_bindings_QtDBus_qdbusabstractinterface_sip["qdbusabstractinterface.sip"]\n    Root --> node_venv["venv"]\n    node_venv --> node_venv_lib["lib"]\n    node_venv_lib --> node_venv_lib_python3_12["python3.12"]\n    node_venv_lib_python3_12 --> node_venv_lib_python3_12_site-packages["site-packages"]\n    node_venv_lib_python3_12_site-packages --> node_venv_lib_python3_12_site-packages_PyQt6["PyQt6"]\n    node_venv_lib_python3_12_site-packages_PyQt6 --> node_venv_lib_python3_12_site-packages_PyQt6_bindings["bindings"]\n    node_venv_lib_python3_12_site-packages_PyQt6_bindings --> node_venv_lib_python3_12_site-packages_PyQt6_bindings_QtDBus["QtDBus"]\n    node_venv_lib_python3_12_site-packages_PyQt6_bindings_QtDBus --> node_venv_lib_python3_12_site-packages_PyQt6_bindings_QtDBus_qdbusargument_sip["qdbusargument.sip"]\n    Root --> node_venv["venv"]\n    node_venv --> node_venv_lib["lib"]\n    node_venv_lib --> node_venv_lib_python3_12["python3.12"]\n    node_venv_lib_python3_12 --> node_venv_lib_python3_12_site-packages["site-packages"]\n    node_venv_lib_python3_12_site-packages --> node_venv_lib_python3_12_site-packages_PyQt6["PyQt6"]\n    node_venv_lib_python3_12_site-packages_PyQt6 --> node_venv_lib_python3_12_site-packages_PyQt6_bindings["bindings"]\n    node_venv_lib_python3_12_site-packages_PyQt6_bindings --> node_venv_lib_python3_12_site-packages_PyQt6_bindings_QtDBus["QtDBus"]\n    node_venv_lib_python3_12_site-packages_PyQt6_bindings_QtDBus --> node_venv_lib_python3_12_site-packages_PyQt6_bindings_QtDBus_qdbusconnection_sip["qdbusconnection.sip"]\n    Root --> node_venv["venv"]\n    node_venv --> node_venv_lib["lib"]\n    node_venv_lib --> node_venv_lib_python3_12["python3.12"]\n    node_venv_lib_python3_12 --> node_venv_lib_python3_12_site-packages["site-packages"]\n    node_venv_lib_python3_12_site-packages --> node_venv_lib_python3_12_site-packages_PyQt6["PyQt6"]\n    node_venv_lib_python3_12_site-packages_PyQt6 --> node_venv_lib_python3_12_site-packages_PyQt6_bindings["bindings"]\n    node_venv_lib_python3_12_site-packages_PyQt6_bindings --> node_venv_lib_python3_12_site-packages_PyQt6_bindings_QtDBus["QtDBus"]\n    node_venv_lib_python3_12_site-packages_PyQt6_bindings_QtDBus --> node_venv_lib_python3_12_site-packages_PyQt6_bindings_QtDBus_qdbusconnectioninterface_sip["qdbusconnectioninterface.sip"]\n    Root --> node_venv["venv"]\n    node_venv --> node_venv_lib["lib"]\n    node_venv_lib --> node_venv_lib_python3_12["python3.12"]\n    node_venv_lib_python3_12 --> node_venv_lib_python3_12_site-packages["site-packages"]\n    node_venv_lib_python3_12_site-packages --> node_venv_lib_python3_12_site-packages_PyQt6["PyQt6"]\n    node_venv_lib_python3_12_site-packages_PyQt6 --> node_venv_lib_python3_12_site-packages_PyQt6_bindings["bindings"]\n    node_venv_lib_python3_12_site-packages_PyQt6_bindings --> node_venv_lib_python3_12_site-packages_PyQt6_bindings_QtDBus["QtDBus"]\n    node_venv_lib_python3_12_site-packages_PyQt6_bindings_QtDBus --> node_venv_lib_python3_12_site-packages_PyQt6_bindings_QtDBus_qdbuserror_sip["qdbuserror.sip"]\n    Root --> node_venv["venv"]\n    node_venv --> node_venv_lib["lib"]\n    node_venv_lib --> node_venv_lib_python3_12["python3.12"]\n    node_venv_lib_python3_12 --> node_venv_lib_python3_12_site-packages["site-packages"]\n    node_venv_lib_python3_12_site-packages --> node_venv_lib_python3_12_site-packages_PyQt6["PyQt6"]\n    node_venv_lib_python3_12_site-packages_PyQt6 --> node_venv_lib_python3_12_site-packages_PyQt6_bindings["bindings"]\n    node_venv_lib_python3_12_site-packages_PyQt6_bindings --> node_venv_lib_python3_12_site-packages_PyQt6_bindings_QtDBus["QtDBus"]\n    node_venv_lib_python3_12_site-packages_PyQt6_bindings_QtDBus --> node_venv_lib_python3_12_site-packages_PyQt6_bindings_QtDBus_qdbusextratypes_sip["qdbusextratypes.sip"]\n    Root --> node_venv["venv"]\n    node_venv --> node_venv_lib["lib"]\n    node_venv_lib --> node_venv_lib_python3_12["python3.12"]\n    node_venv_lib_python3_12 --> node_venv_lib_python3_12_site-packages["site-packages"]\n    node_venv_lib_python3_12_site-packages --> node_venv_lib_python3_12_site-packages_PyQt6["PyQt6"]\n    node_venv_lib_python3_12_site-packages_PyQt6 --> node_venv_lib_python3_12_site-packages_PyQt6_bindings["bindings"]\n    node_venv_lib_python3_12_site-packages_PyQt6_bindings --> node_venv_lib_python3_12_site-packages_PyQt6_bindings_QtDBus["QtDBus"]\n    node_venv_lib_python3_12_site-packages_PyQt6_bindings_QtDBus --> node_venv_lib_python3_12_site-packages_PyQt6_bindings_QtDBus_qdbusinterface_sip["qdbusinterface.sip"]\n    Root --> node_venv["venv"]\n    node_venv --> node_venv_lib["lib"]\n    node_venv_lib --> node_venv_lib_python3_12["python3.12"]\n    node_venv_lib_python3_12 --> node_venv_lib_python3_12_site-packages["site-packages"]\n    node_venv_lib_python3_12_site-packages --> node_venv_lib_python3_12_site-packages_PyQt6["PyQt6"]\n    node_venv_lib_python3_12_site-packages_PyQt6 --> node_venv_lib_python3_12_site-packages_PyQt6_bindings["bindings"]\n    node_venv_lib_python3_12_site-packages_PyQt6_bindings --> node_venv_lib_python3_12_site-packages_PyQt6_bindings_QtDBus["QtDBus"]\n    node_venv_lib_python3_12_site-packages_PyQt6_bindings_QtDBus --> node_venv_lib_python3_12_site-packages_PyQt6_bindings_QtDBus_qdbusmessage_sip["qdbusmessage.sip"]\n    Root --> node_venv["venv"]\n    node_venv --> node_venv_lib["lib"]\n    node_venv_lib --> node_venv_lib_python3_12["python3.12"]\n    node_venv_lib_python3_12 --> node_venv_lib_python3_12_site-packages["site-packages"]\n    node_venv_lib_python3_12_site-packages --> node_venv_lib_python3_12_site-packages_PyQt6["PyQt6"]\n    node_venv_lib_python3_12_site-packages_PyQt6 --> node_venv_lib_python3_12_site-packages_PyQt6_bindings["bindings"]\n    node_venv_lib_python3_12_site-packages_PyQt6_bindings --> node_venv_lib_python3_12_site-packages_PyQt6_bindings_QtDBus["QtDBus"]\n    node_venv_lib_python3_12_site-packages_PyQt6_bindings_QtDBus --> node_venv_lib_python3_12_site-packages_PyQt6_bindings_QtDBus_qdbuspendingcall_sip["qdbuspendingcall.sip"]\n    Root --> node_venv["venv"]\n    node_venv --> node_venv_lib["lib"]\n    node_venv_lib --> node_venv_lib_python3_12["python3.12"]\n    node_venv_lib_python3_12 --> node_venv_lib_python3_12_site-packages["site-packages"]\n    node_venv_lib_python3_12_site-packages --> node_venv_lib_python3_12_site-packages_PyQt6["PyQt6"]\n    node_venv_lib_python3_12_site-packages_PyQt6 --> node_venv_lib_python3_12_site-packages_PyQt6_bindings["bindings"]\n    node_venv_lib_python3_12_site-packages_PyQt6_bindings --> node_venv_lib_python3_12_site-packages_PyQt6_bindings_QtDBus["QtDBus"]\n    node_venv_lib_python3_12_site-packages_PyQt6_bindings_QtDBus --> node_venv_lib_python3_12_site-packages_PyQt6_bindings_QtDBus_qdbusservicewatcher_sip["qdbusservicewatcher.sip"]\n    Root --> node_venv["venv"]\n    node_venv --> node_venv_lib["lib"]\n    node_venv_lib --> node_venv_lib_python3_12["python3.12"]\n    node_venv_lib_python3_12 --> node_venv_lib_python3_12_site-packages["site-packages"]\n    node_venv_lib_python3_12_site-packages --> node_venv_lib_python3_12_site-packages_PyQt6["PyQt6"]\n    node_venv_lib_python3_12_site-packages_PyQt6 --> node_venv_lib_python3_12_site-packages_PyQt6_bindings["bindings"]\n    node_venv_lib_python3_12_site-packages_PyQt6_bindings --> node_venv_lib_python3_12_site-packages_PyQt6_bindings_QtDBus["QtDBus"]\n    node_venv_lib_python3_12_site-packages_PyQt6_bindings_QtDBus --> node_venv_lib_python3_12_site-packages_PyQt6_bindings_QtDBus_qdbusunixfiledescriptor_sip["qdbusunixfiledescriptor.sip"]\n    Root --> node_venv["venv"]\n    node_venv --> node_venv_lib["lib"]\n    node_venv_lib --> node_venv_lib_python3_12["python3.12"]\n    node_venv_lib_python3_12 --> node_venv_lib_python3_12_site-packages["site-packages"]\n    node_venv_lib_python3_12_site-packages --> node_venv_lib_python3_12_site-packages_PyQt6["PyQt6"]\n    node_venv_lib_python3_12_site-packages_PyQt6 --> node_venv_lib_python3_12_site-packages_PyQt6_bindings["bindings"]\n    node_venv_lib_python3_12_site-packages_PyQt6_bindings --> node_venv_lib_python3_12_site-packages_PyQt6_bindings_QtDBus["QtDBus"]\n    node_venv_lib_python3_12_site-packages_PyQt6_bindings_QtDBus --> node_venv_lib_python3_12_site-packages_PyQt6_bindings_QtDBus_qpydbuspendingreply_sip["qpydbuspendingreply.sip"]\n    Root --> node_venv["venv"]\n    node_venv --> node_venv_lib["lib"]\n    node_venv_lib --> node_venv_lib_python3_12["python3.12"]\n    node_venv_lib_python3_12 --> node_venv_lib_python3_12_site-packages["site-packages"]\n    node_venv_lib_python3_12_site-packages --> node_venv_lib_python3_12_site-packages_PyQt6["PyQt6"]\n    node_venv_lib_python3_12_site-packages_PyQt6 --> node_venv_lib_python3_12_site-packages_PyQt6_bindings["bindings"]\n    node_venv_lib_python3_12_site-packages_PyQt6_bindings --> node_venv_lib_python3_12_site-packages_PyQt6_bindings_QtDBus["QtDBus"]\n    node_venv_lib_python3_12_site-packages_PyQt6_bindings_QtDBus --> node_venv_lib_python3_12_site-packages_PyQt6_bindings_QtDBus_qpydbusreply_sip["qpydbusreply.sip"]\n    Root --> node_venv["venv"]\n    node_venv --> node_venv_lib["lib"]\n    node_venv_lib --> node_venv_lib_python3_12["python3.12"]\n    node_venv_lib_python3_12 --> node_venv_lib_python3_12_site-packages["site-packages"]\n    node_venv_lib_python3_12_site-packages --> node_venv_lib_python3_12_site-packages_PyQt6["PyQt6"]\n    node_venv_lib_python3_12_site-packages_PyQt6 --> node_venv_lib_python3_12_site-packages_PyQt6_bindings["bindings"]\n    node_venv_lib_python3_12_site-packages_PyQt6_bindings --> node_venv_lib_python3_12_site-packages_PyQt6_bindings_QtQuickWidgets["QtQuickWidgets"]\n    node_venv_lib_python3_12_site-packages_PyQt6_bindings_QtQuickWidgets --> node_venv_lib_python3_12_site-packages_PyQt6_bindings_QtQuickWidgets_QtQuickWidgets_toml["QtQuickWidgets.toml"]\n    Root --> node_venv["venv"]\n    node_venv --> node_venv_lib["lib"]\n    node_venv_lib --> node_venv_lib_python3_12["python3.12"]\n    node_venv_lib_python3_12 --> node_venv_lib_python3_12_site-packages["site-packages"]\n    node_venv_lib_python3_12_site-packages --> node_venv_lib_python3_12_site-packages_PyQt6["PyQt6"]\n    node_venv_lib_python3_12_site-packages_PyQt6 --> node_venv_lib_python3_12_site-packages_PyQt6_bindings["bindings"]\n    node_venv_lib_python3_12_site-packages_PyQt6_bindings --> node_venv_lib_python3_12_site-packages_PyQt6_bindings_QtQuickWidgets["QtQuickWidgets"]\n    node_venv_lib_python3_12_site-packages_PyQt6_bindings_QtQuickWidgets --> node_venv_lib_python3_12_site-packages_PyQt6_bindings_QtQuickWidgets_QtQuickWidgetsmod_sip["QtQuickWidgetsmod.sip"]\n    Root --> node_venv["venv"]\n    node_venv --> node_venv_lib["lib"]\n    node_venv_lib --> node_venv_lib_python3_12["python3.12"]\n    node_venv_lib_python3_12 --> node_venv_lib_python3_12_site-packages["site-packages"]\n    node_venv_lib_python3_12_site-packages --> node_venv_lib_python3_12_site-packages_PyQt6["PyQt6"]\n    node_venv_lib_python3_12_site-packages_PyQt6 --> node_venv_lib_python3_12_site-packages_PyQt6_bindings["bindings"]\n    node_venv_lib_python3_12_site-packages_PyQt6_bindings --> node_venv_lib_python3_12_site-packages_PyQt6_bindings_QtQuickWidgets["QtQuickWidgets"]\n    node_venv_lib_python3_12_site-packages_PyQt6_bindings_QtQuickWidgets --> node_venv_lib_python3_12_site-packages_PyQt6_bindings_QtQuickWidgets_qquickwidget_sip["qquickwidget.sip"]\n    Root --> node_venv["venv"]\n    node_venv --> node_venv_lib["lib"]\n    node_venv_lib --> node_venv_lib_python3_12["python3.12"]\n    node_venv_lib_python3_12 --> node_venv_lib_python3_12_site-packages["site-packages"]\n    node_venv_lib_python3_12_site-packages --> node_venv_lib_python3_12_site-packages_PyQt6["PyQt6"]\n    node_venv_lib_python3_12_site-packages_PyQt6 --> node_venv_lib_python3_12_site-packages_PyQt6_bindings["bindings"]\n    node_venv_lib_python3_12_site-packages_PyQt6_bindings --> node_venv_lib_python3_12_site-packages_PyQt6_bindings_QtWebChannel["QtWebChannel"]\n    node_venv_lib_python3_12_site-packages_PyQt6_bindings_QtWebChannel --> node_venv_lib_python3_12_site-packages_PyQt6_bindings_QtWebChannel_QtWebChannel_toml["QtWebChannel.toml"]\n    Root --> node_venv["venv"]\n    node_venv --> node_venv_lib["lib"]\n    node_venv_lib --> node_venv_lib_python3_12["python3.12"]\n    node_venv_lib_python3_12 --> node_venv_lib_python3_12_site-packages["site-packages"]\n    node_venv_lib_python3_12_site-packages --> node_venv_lib_python3_12_site-packages_PyQt6["PyQt6"]\n    node_venv_lib_python3_12_site-packages_PyQt6 --> node_venv_lib_python3_12_site-packages_PyQt6_bindings["bindings"]\n    node_venv_lib_python3_12_site-packages_PyQt6_bindings --> node_venv_lib_python3_12_site-packages_PyQt6_bindings_QtWebChannel["QtWebChannel"]\n    node_venv_lib_python3_12_site-packages_PyQt6_bindings_QtWebChannel --> node_venv_lib_python3_12_site-packages_PyQt6_bindings_QtWebChannel_QtWebChannelmod_sip["QtWebChannelmod.sip"]\n    Root --> node_venv["venv"]\n    node_venv --> node_venv_lib["lib"]\n    node_venv_lib --> node_venv_lib_python3_12["python3.12"]\n    node_venv_lib_python3_12 --> node_venv_lib_python3_12_site-packages["site-packages"]\n    node_venv_lib_python3_12_site-packages --> node_venv_lib_python3_12_site-packages_PyQt6["PyQt6"]\n    node_venv_lib_python3_12_site-packages_PyQt6 --> node_venv_lib_python3_12_site-packages_PyQt6_bindings["bindings"]\n    node_venv_lib_python3_12_site-packages_PyQt6_bindings --> node_venv_lib_python3_12_site-packages_PyQt6_bindings_QtWebChannel["QtWebChannel"]\n    node_venv_lib_python3_12_site-packages_PyQt6_bindings_QtWebChannel --> node_venv_lib_python3_12_site-packages_PyQt6_bindings_QtWebChannel_qwebchannel_sip["qwebchannel.sip"]\n    Root --> node_venv["venv"]\n    node_venv --> node_venv_lib["lib"]\n    node_venv_lib --> node_venv_lib_python3_12["python3.12"]\n    node_venv_lib_python3_12 --> node_venv_lib_python3_12_site-packages["site-packages"]\n    node_venv_lib_python3_12_site-packages --> node_venv_lib_python3_12_site-packages_PyQt6["PyQt6"]\n    node_venv_lib_python3_12_site-packages_PyQt6 --> node_venv_lib_python3_12_site-packages_PyQt6_bindings["bindings"]\n    node_venv_lib_python3_12_site-packages_PyQt6_bindings --> node_venv_lib_python3_12_site-packages_PyQt6_bindings_QtWebChannel["QtWebChannel"]\n    node_venv_lib_python3_12_site-packages_PyQt6_bindings_QtWebChannel --> node_venv_lib_python3_12_site-packages_PyQt6_bindings_QtWebChannel_qwebchannelabstracttransport_sip["qwebchannelabstracttransport.sip"]\n    Root --> node_venv["venv"]\n    node_venv --> node_venv_lib["lib"]\n    node_venv_lib --> node_venv_lib_python3_12["python3.12"]\n    node_venv_lib_python3_12 --> node_venv_lib_python3_12_site-packages["site-packages"]\n    node_venv_lib_python3_12_site-packages --> node_venv_lib_python3_12_site-packages_PyQt6["PyQt6"]\n    node_venv_lib_python3_12_site-packages_PyQt6 --> node_venv_lib_python3_12_site-packages_PyQt6_bindings["bindings"]\n    node_venv_lib_python3_12_site-packages_PyQt6_bindings --> node_venv_lib_python3_12_site-packages_PyQt6_bindings_QtWidgets["QtWidgets"]\n    node_venv_lib_python3_12_site-packages_PyQt6_bindings_QtWidgets --> node_venv_lib_python3_12_site-packages_PyQt6_bindings_QtWidgets_QtWidgets_toml["QtWidgets.toml"]\n    Root --> node_venv["venv"]\n    node_venv --> node_venv_lib["lib"]\n    node_venv_lib --> node_venv_lib_python3_12["python3.12"]\n    node_venv_lib_python3_12 --> node_venv_lib_python3_12_site-packages["site-packages"]\n    node_venv_lib_python3_12_site-packages --> node_venv_lib_python3_12_site-packages_PyQt6["PyQt6"]\n    node_venv_lib_python3_12_site-packages_PyQt6 --> node_venv_lib_python3_12_site-packages_PyQt6_bindings["bindings"]\n    node_venv_lib_python3_12_site-packages_PyQt6_bindings --> node_venv_lib_python3_12_site-packages_PyQt6_bindings_QtWidgets["QtWidgets"]\n    node_venv_lib_python3_12_site-packages_PyQt6_bindings_QtWidgets --> node_venv_lib_python3_12_site-packages_PyQt6_bindings_QtWidgets_QtWidgetsmod_sip["QtWidgetsmod.sip"]\n    Root --> node_venv["venv"]\n    node_venv --> node_venv_lib["lib"]\n    node_venv_lib --> node_venv_lib_python3_12["python3.12"]\n    node_venv_lib_python3_12 --> node_venv_lib_python3_12_site-packages["site-packages"]\n    node_venv_lib_python3_12_site-packages --> node_venv_lib_python3_12_site-packages_PyQt6["PyQt6"]\n    node_venv_lib_python3_12_site-packages_PyQt6 --> node_venv_lib_python3_12_site-packages_PyQt6_bindings["bindings"]\n    node_venv_lib_python3_12_site-packages_PyQt6_bindings --> node_venv_lib_python3_12_site-packages_PyQt6_bindings_QtWidgets["QtWidgets"]\n    node_venv_lib_python3_12_site-packages_PyQt6_bindings_QtWidgets --> node_venv_lib_python3_12_site-packages_PyQt6_bindings_QtWidgets_qabstractbutton_sip["qabstractbutton.sip"]\n    Root --> node_venv["venv"]\n    node_venv --> node_venv_lib["lib"]\n    node_venv_lib --> node_venv_lib_python3_12["python3.12"]\n    node_venv_lib_python3_12 --> node_venv_lib_python3_12_site-packages["site-packages"]\n    node_venv_lib_python3_12_site-packages --> node_venv_lib_python3_12_site-packages_PyQt6["PyQt6"]\n    node_venv_lib_python3_12_site-packages_PyQt6 --> node_venv_lib_python3_12_site-packages_PyQt6_bindings["bindings"]\n    node_venv_lib_python3_12_site-packages_PyQt6_bindings --> node_venv_lib_python3_12_site-packages_PyQt6_bindings_QtWidgets["QtWidgets"]\n    node_venv_lib_python3_12_site-packages_PyQt6_bindings_QtWidgets --> node_venv_lib_python3_12_site-packages_PyQt6_bindings_QtWidgets_qabstractitemdelegate_sip["qabstractitemdelegate.sip"]\n    Root --> node_venv["venv"]\n    node_venv --> node_venv_lib["lib"]\n    node_venv_lib --> node_venv_lib_python3_12["python3.12"]\n    node_venv_lib_python3_12 --> node_venv_lib_python3_12_site-packages["site-packages"]\n    node_venv_lib_python3_12_site-packages --> node_venv_lib_python3_12_site-packages_PyQt6["PyQt6"]\n    node_venv_lib_python3_12_site-packages_PyQt6 --> node_venv_lib_python3_12_site-packages_PyQt6_bindings["bindings"]\n    node_venv_lib_python3_12_site-packages_PyQt6_bindings --> node_venv_lib_python3_12_site-packages_PyQt6_bindings_QtWidgets["QtWidgets"]\n    node_venv_lib_python3_12_site-packages_PyQt6_bindings_QtWidgets --> node_venv_lib_python3_12_site-packages_PyQt6_bindings_QtWidgets_qabstractitemview_sip["qabstractitemview.sip"]\n    Root --> node_venv["venv"]\n    node_venv --> node_venv_lib["lib"]\n    node_venv_lib --> node_venv_lib_python3_12["python3.12"]\n    node_venv_lib_python3_12 --> node_venv_lib_python3_12_site-packages["site-packages"]\n    node_venv_lib_python3_12_site-packages --> node_venv_lib_python3_12_site-packages_PyQt6["PyQt6"]\n    node_venv_lib_python3_12_site-packages_PyQt6 --> node_venv_lib_python3_12_site-packages_PyQt6_bindings["bindings"]\n    node_venv_lib_python3_12_site-packages_PyQt6_bindings --> node_venv_lib_python3_12_site-packages_PyQt6_bindings_QtWidgets["QtWidgets"]\n    node_venv_lib_python3_12_site-packages_PyQt6_bindings_QtWidgets --> node_venv_lib_python3_12_site-packages_PyQt6_bindings_QtWidgets_qabstractscrollarea_sip["qabstractscrollarea.sip"]\n    Root --> node_venv["venv"]\n    node_venv --> node_venv_lib["lib"]\n    node_venv_lib --> node_venv_lib_python3_12["python3.12"]\n    node_venv_lib_python3_12 --> node_venv_lib_python3_12_site-packages["site-packages"]\n    node_venv_lib_python3_12_site-packages --> node_venv_lib_python3_12_site-packages_PyQt6["PyQt6"]\n    node_venv_lib_python3_12_site-packages_PyQt6 --> node_venv_lib_python3_12_site-packages_PyQt6_bindings["bindings"]\n    node_venv_lib_python3_12_site-packages_PyQt6_bindings --> node_venv_lib_python3_12_site-packages_PyQt6_bindings_QtWidgets["QtWidgets"]\n    node_venv_lib_python3_12_site-packages_PyQt6_bindings_QtWidgets --> node_venv_lib_python3_12_site-packages_PyQt6_bindings_QtWidgets_qabstractslider_sip["qabstractslider.sip"]\n    Root --> node_venv["venv"]\n    node_venv --> node_venv_lib["lib"]\n    node_venv_lib --> node_venv_lib_python3_12["python3.12"]\n    node_venv_lib_python3_12 --> node_venv_lib_python3_12_site-packages["site-packages"]\n    node_venv_lib_python3_12_site-packages --> node_venv_lib_python3_12_site-packages_PyQt6["PyQt6"]\n    node_venv_lib_python3_12_site-packages_PyQt6 --> node_venv_lib_python3_12_site-packages_PyQt6_bindings["bindings"]\n    node_venv_lib_python3_12_site-packages_PyQt6_bindings --> node_venv_lib_python3_12_site-packages_PyQt6_bindings_QtWidgets["QtWidgets"]\n    node_venv_lib_python3_12_site-packages_PyQt6_bindings_QtWidgets --> node_venv_lib_python3_12_site-packages_PyQt6_bindings_QtWidgets_qabstractspinbox_sip["qabstractspinbox.sip"]\n    Root --> node_venv["venv"]\n    node_venv --> node_venv_lib["lib"]\n    node_venv_lib --> node_venv_lib_python3_12["python3.12"]\n    node_venv_lib_python3_12 --> node_venv_lib_python3_12_site-packages["site-packages"]\n    node_venv_lib_python3_12_site-packages --> node_venv_lib_python3_12_site-packages_PyQt6["PyQt6"]\n    node_venv_lib_python3_12_site-packages_PyQt6 --> node_venv_lib_python3_12_site-packages_PyQt6_bindings["bindings"]\n    node_venv_lib_python3_12_site-packages_PyQt6_bindings --> node_venv_lib_python3_12_site-packages_PyQt6_bindings_QtWidgets["QtWidgets"]\n    node_venv_lib_python3_12_site-packages_PyQt6_bindings_QtWidgets --> node_venv_lib_python3_12_site-packages_PyQt6_bindings_QtWidgets_qapplication_sip["qapplication.sip"]\n    Root --> node_venv["venv"]\n    node_venv --> node_venv_lib["lib"]\n    node_venv_lib --> node_venv_lib_python3_12["python3.12"]\n    node_venv_lib_python3_12 --> node_venv_lib_python3_12_site-packages["site-packages"]\n    node_venv_lib_python3_12_site-packages --> node_venv_lib_python3_12_site-packages_PyQt6["PyQt6"]\n    node_venv_lib_python3_12_site-packages_PyQt6 --> node_venv_lib_python3_12_site-packages_PyQt6_bindings["bindings"]\n    node_venv_lib_python3_12_site-packages_PyQt6_bindings --> node_venv_lib_python3_12_site-packages_PyQt6_bindings_QtWidgets["QtWidgets"]\n    node_venv_lib_python3_12_site-packages_PyQt6_bindings_QtWidgets --> node_venv_lib_python3_12_site-packages_PyQt6_bindings_QtWidgets_qboxlayout_sip["qboxlayout.sip"]\n    Root --> node_venv["venv"]\n    node_venv --> node_venv_lib["lib"]\n    node_venv_lib --> node_venv_lib_python3_12["python3.12"]\n    node_venv_lib_python3_12 --> node_venv_lib_python3_12_site-packages["site-packages"]\n    node_venv_lib_python3_12_site-packages --> node_venv_lib_python3_12_site-packages_PyQt6["PyQt6"]\n    node_venv_lib_python3_12_site-packages_PyQt6 --> node_venv_lib_python3_12_site-packages_PyQt6_bindings["bindings"]\n    node_venv_lib_python3_12_site-packages_PyQt6_bindings --> node_venv_lib_python3_12_site-packages_PyQt6_bindings_QtWidgets["QtWidgets"]\n    node_venv_lib_python3_12_site-packages_PyQt6_bindings_QtWidgets --> node_venv_lib_python3_12_site-packages_PyQt6_bindings_QtWidgets_qbuttongroup_sip["qbuttongroup.sip"]\n    Root --> node_venv["venv"]\n    node_venv --> node_venv_lib["lib"]\n    node_venv_lib --> node_venv_lib_python3_12["python3.12"]\n    node_venv_lib_python3_12 --> node_venv_lib_python3_12_site-packages["site-packages"]\n    node_venv_lib_python3_12_site-packages --> node_venv_lib_python3_12_site-packages_PyQt6["PyQt6"]\n    node_venv_lib_python3_12_site-packages_PyQt6 --> node_venv_lib_python3_12_site-packages_PyQt6_bindings["bindings"]\n    node_venv_lib_python3_12_site-packages_PyQt6_bindings --> node_venv_lib_python3_12_site-packages_PyQt6_bindings_QtWidgets["QtWidgets"]\n    node_venv_lib_python3_12_site-packages_PyQt6_bindings_QtWidgets --> node_venv_lib_python3_12_site-packages_PyQt6_bindings_QtWidgets_qcalendarwidget_sip["qcalendarwidget.sip"]\n    Root --> node_venv["venv"]\n    node_venv --> node_venv_lib["lib"]\n    node_venv_lib --> node_venv_lib_python3_12["python3.12"]\n    node_venv_lib_python3_12 --> node_venv_lib_python3_12_site-packages["site-packages"]\n    node_venv_lib_python3_12_site-packages --> node_venv_lib_python3_12_site-packages_PyQt6["PyQt6"]\n    node_venv_lib_python3_12_site-packages_PyQt6 --> node_venv_lib_python3_12_site-packages_PyQt6_bindings["bindings"]\n    node_venv_lib_python3_12_site-packages_PyQt6_bindings --> node_venv_lib_python3_12_site-packages_PyQt6_bindings_QtWidgets["QtWidgets"]\n    node_venv_lib_python3_12_site-packages_PyQt6_bindings_QtWidgets --> node_venv_lib_python3_12_site-packages_PyQt6_bindings_QtWidgets_qcheckbox_sip["qcheckbox.sip"]\n    Root --> node_venv["venv"]\n    node_venv --> node_venv_lib["lib"]\n    node_venv_lib --> node_venv_lib_python3_12["python3.12"]\n    node_venv_lib_python3_12 --> node_venv_lib_python3_12_site-packages["site-packages"]\n    node_venv_lib_python3_12_site-packages --> node_venv_lib_python3_12_site-packages_PyQt6["PyQt6"]\n    node_venv_lib_python3_12_site-packages_PyQt6 --> node_venv_lib_python3_12_site-packages_PyQt6_bindings["bindings"]\n    node_venv_lib_python3_12_site-packages_PyQt6_bindings --> node_venv_lib_python3_12_site-packages_PyQt6_bindings_QtWidgets["QtWidgets"]\n    node_venv_lib_python3_12_site-packages_PyQt6_bindings_QtWidgets --> node_venv_lib_python3_12_site-packages_PyQt6_bindings_QtWidgets_qcolordialog_sip["qcolordialog.sip"]\n    Root --> node_venv["venv"]\n    node_venv --> node_venv_lib["lib"]\n    node_venv_lib --> node_venv_lib_python3_12["python3.12"]\n    node_venv_lib_python3_12 --> node_venv_lib_python3_12_site-packages["site-packages"]\n    node_venv_lib_python3_12_site-packages --> node_venv_lib_python3_12_site-packages_PyQt6["PyQt6"]\n    node_venv_lib_python3_12_site-packages_PyQt6 --> node_venv_lib_python3_12_site-packages_PyQt6_bindings["bindings"]\n    node_venv_lib_python3_12_site-packages_PyQt6_bindings --> node_venv_lib_python3_12_site-packages_PyQt6_bindings_QtWidgets["QtWidgets"]\n    node_venv_lib_python3_12_site-packages_PyQt6_bindings_QtWidgets --> node_venv_lib_python3_12_site-packages_PyQt6_bindings_QtWidgets_qcolumnview_sip["qcolumnview.sip"]\n    Root --> node_venv["venv"]\n    node_venv --> node_venv_lib["lib"]\n    node_venv_lib --> node_venv_lib_python3_12["python3.12"]\n    node_venv_lib_python3_12 --> node_venv_lib_python3_12_site-packages["site-packages"]\n    node_venv_lib_python3_12_site-packages --> node_venv_lib_python3_12_site-packages_PyQt6["PyQt6"]\n    node_venv_lib_python3_12_site-packages_PyQt6 --> node_venv_lib_python3_12_site-packages_PyQt6_bindings["bindings"]\n    node_venv_lib_python3_12_site-packages_PyQt6_bindings --> node_venv_lib_python3_12_site-packages_PyQt6_bindings_QtWidgets["QtWidgets"]\n    node_venv_lib_python3_12_site-packages_PyQt6_bindings_QtWidgets --> node_venv_lib_python3_12_site-packages_PyQt6_bindings_QtWidgets_qcombobox_sip["qcombobox.sip"]\n    Root --> node_venv["venv"]\n    node_venv --> node_venv_lib["lib"]\n    node_venv_lib --> node_venv_lib_python3_12["python3.12"]\n    node_venv_lib_python3_12 --> node_venv_lib_python3_12_site-packages["site-packages"]\n    node_venv_lib_python3_12_site-packages --> node_venv_lib_python3_12_site-packages_PyQt6["PyQt6"]\n    node_venv_lib_python3_12_site-packages_PyQt6 --> node_venv_lib_python3_12_site-packages_PyQt6_bindings["bindings"]\n    node_venv_lib_python3_12_site-packages_PyQt6_bindings --> node_venv_lib_python3_12_site-packages_PyQt6_bindings_QtWidgets["QtWidgets"]\n    node_venv_lib_python3_12_site-packages_PyQt6_bindings_QtWidgets --> node_venv_lib_python3_12_site-packages_PyQt6_bindings_QtWidgets_qcommandlinkbutton_sip["qcommandlinkbutton.sip"]\n    Root --> node_venv["venv"]\n    node_venv --> node_venv_lib["lib"]\n    node_venv_lib --> node_venv_lib_python3_12["python3.12"]\n    node_venv_lib_python3_12 --> node_venv_lib_python3_12_site-packages["site-packages"]\n    node_venv_lib_python3_12_site-packages --> node_venv_lib_python3_12_site-packages_PyQt6["PyQt6"]\n    node_venv_lib_python3_12_site-packages_PyQt6 --> node_venv_lib_python3_12_site-packages_PyQt6_bindings["bindings"]\n    node_venv_lib_python3_12_site-packages_PyQt6_bindings --> node_venv_lib_python3_12_site-packages_PyQt6_bindings_QtWidgets["QtWidgets"]\n    node_venv_lib_python3_12_site-packages_PyQt6_bindings_QtWidgets --> node_venv_lib_python3_12_site-packages_PyQt6_bindings_QtWidgets_qcommonstyle_sip["qcommonstyle.sip"]\n    Root --> node_venv["venv"]\n    node_venv --> node_venv_lib["lib"]\n    node_venv_lib --> node_venv_lib_python3_12["python3.12"]\n    node_venv_lib_python3_12 --> node_venv_lib_python3_12_site-packages["site-packages"]\n    node_venv_lib_python3_12_site-packages --> node_venv_lib_python3_12_site-packages_PyQt6["PyQt6"]\n    node_venv_lib_python3_12_site-packages_PyQt6 --> node_venv_lib_python3_12_site-packages_PyQt6_bindings["bindings"]\n    node_venv_lib_python3_12_site-packages_PyQt6_bindings --> node_venv_lib_python3_12_site-packages_PyQt6_bindings_QtWidgets["QtWidgets"]\n    node_venv_lib_python3_12_site-packages_PyQt6_bindings_QtWidgets --> node_venv_lib_python3_12_site-packages_PyQt6_bindings_QtWidgets_qcompleter_sip["qcompleter.sip"]\n    Root --> node_venv["venv"]\n    node_venv --> node_venv_lib["lib"]\n    node_venv_lib --> node_venv_lib_python3_12["python3.12"]\n    node_venv_lib_python3_12 --> node_venv_lib_python3_12_site-packages["site-packages"]\n    node_venv_lib_python3_12_site-packages --> node_venv_lib_python3_12_site-packages_PyQt6["PyQt6"]\n    node_venv_lib_python3_12_site-packages_PyQt6 --> node_venv_lib_python3_12_site-packages_PyQt6_bindings["bindings"]\n    node_venv_lib_python3_12_site-packages_PyQt6_bindings --> node_venv_lib_python3_12_site-packages_PyQt6_bindings_QtWidgets["QtWidgets"]\n    node_venv_lib_python3_12_site-packages_PyQt6_bindings_QtWidgets --> node_venv_lib_python3_12_site-packages_PyQt6_bindings_QtWidgets_qdatawidgetmapper_sip["qdatawidgetmapper.sip"]\n    Root --> node_venv["venv"]\n    node_venv --> node_venv_lib["lib"]\n    node_venv_lib --> node_venv_lib_python3_12["python3.12"]\n    node_venv_lib_python3_12 --> node_venv_lib_python3_12_site-packages["site-packages"]\n    node_venv_lib_python3_12_site-packages --> node_venv_lib_python3_12_site-packages_PyQt6["PyQt6"]\n    node_venv_lib_python3_12_site-packages_PyQt6 --> node_venv_lib_python3_12_site-packages_PyQt6_bindings["bindings"]\n    node_venv_lib_python3_12_site-packages_PyQt6_bindings --> node_venv_lib_python3_12_site-packages_PyQt6_bindings_QtWidgets["QtWidgets"]\n    node_venv_lib_python3_12_site-packages_PyQt6_bindings_QtWidgets --> node_venv_lib_python3_12_site-packages_PyQt6_bindings_QtWidgets_qdatetimeedit_sip["qdatetimeedit.sip"]\n    Root --> node_venv["venv"]\n    node_venv --> node_venv_lib["lib"]\n    node_venv_lib --> node_venv_lib_python3_12["python3.12"]\n    node_venv_lib_python3_12 --> node_venv_lib_python3_12_site-packages["site-packages"]\n    node_venv_lib_python3_12_site-packages --> node_venv_lib_python3_12_site-packages_PyQt6["PyQt6"]\n    node_venv_lib_python3_12_site-packages_PyQt6 --> node_venv_lib_python3_12_site-packages_PyQt6_bindings["bindings"]\n    node_venv_lib_python3_12_site-packages_PyQt6_bindings --> node_venv_lib_python3_12_site-packages_PyQt6_bindings_QtWidgets["QtWidgets"]\n    node_venv_lib_python3_12_site-packages_PyQt6_bindings_QtWidgets --> node_venv_lib_python3_12_site-packages_PyQt6_bindings_QtWidgets_qdial_sip["qdial.sip"]\n    Root --> node_venv["venv"]\n    node_venv --> node_venv_lib["lib"]\n    node_venv_lib --> node_venv_lib_python3_12["python3.12"]\n    node_venv_lib_python3_12 --> node_venv_lib_python3_12_site-packages["site-packages"]\n    node_venv_lib_python3_12_site-packages --> node_venv_lib_python3_12_site-packages_PyQt6["PyQt6"]\n    node_venv_lib_python3_12_site-packages_PyQt6 --> node_venv_lib_python3_12_site-packages_PyQt6_bindings["bindings"]\n    node_venv_lib_python3_12_site-packages_PyQt6_bindings --> node_venv_lib_python3_12_site-packages_PyQt6_bindings_QtWidgets["QtWidgets"]\n    node_venv_lib_python3_12_site-packages_PyQt6_bindings_QtWidgets --> node_venv_lib_python3_12_site-packages_PyQt6_bindings_QtWidgets_qdialog_sip["qdialog.sip"]\n    Root --> node_venv["venv"]\n    node_venv --> node_venv_lib["lib"]\n    node_venv_lib --> node_venv_lib_python3_12["python3.12"]\n    node_venv_lib_python3_12 --> node_venv_lib_python3_12_site-packages["site-packages"]\n    node_venv_lib_python3_12_site-packages --> node_venv_lib_python3_12_site-packages_PyQt6["PyQt6"]\n    node_venv_lib_python3_12_site-packages_PyQt6 --> node_venv_lib_python3_12_site-packages_PyQt6_bindings["bindings"]\n    node_venv_lib_python3_12_site-packages_PyQt6_bindings --> node_venv_lib_python3_12_site-packages_PyQt6_bindings_QtWidgets["QtWidgets"]\n    node_venv_lib_python3_12_site-packages_PyQt6_bindings_QtWidgets --> node_venv_lib_python3_12_site-packages_PyQt6_bindings_QtWidgets_qdialogbuttonbox_sip["qdialogbuttonbox.sip"]\n    Root --> node_venv["venv"]\n    node_venv --> node_venv_lib["lib"]\n    node_venv_lib --> node_venv_lib_python3_12["python3.12"]\n    node_venv_lib_python3_12 --> node_venv_lib_python3_12_site-packages["site-packages"]\n    node_venv_lib_python3_12_site-packages --> node_venv_lib_python3_12_site-packages_PyQt6["PyQt6"]\n    node_venv_lib_python3_12_site-packages_PyQt6 --> node_venv_lib_python3_12_site-packages_PyQt6_bindings["bindings"]\n    node_venv_lib_python3_12_site-packages_PyQt6_bindings --> node_venv_lib_python3_12_site-packages_PyQt6_bindings_QtWidgets["QtWidgets"]\n    node_venv_lib_python3_12_site-packages_PyQt6_bindings_QtWidgets --> node_venv_lib_python3_12_site-packages_PyQt6_bindings_QtWidgets_qdockwidget_sip["qdockwidget.sip"]\n    Root --> node_venv["venv"]\n    node_venv --> node_venv_lib["lib"]\n    node_venv_lib --> node_venv_lib_python3_12["python3.12"]\n    node_venv_lib_python3_12 --> node_venv_lib_python3_12_site-packages["site-packages"]\n    node_venv_lib_python3_12_site-packages --> node_venv_lib_python3_12_site-packages_PyQt6["PyQt6"]\n    node_venv_lib_python3_12_site-packages_PyQt6 --> node_venv_lib_python3_12_site-packages_PyQt6_bindings["bindings"]\n    node_venv_lib_python3_12_site-packages_PyQt6_bindings --> node_venv_lib_python3_12_site-packages_PyQt6_bindings_QtWidgets["QtWidgets"]\n    node_venv_lib_python3_12_site-packages_PyQt6_bindings_QtWidgets --> node_venv_lib_python3_12_site-packages_PyQt6_bindings_QtWidgets_qdrawutil_sip["qdrawutil.sip"]\n    Root --> node_venv["venv"]\n    node_venv --> node_venv_lib["lib"]\n    node_venv_lib --> node_venv_lib_python3_12["python3.12"]\n    node_venv_lib_python3_12 --> node_venv_lib_python3_12_site-packages["site-packages"]\n    node_venv_lib_python3_12_site-packages --> node_venv_lib_python3_12_site-packages_PyQt6["PyQt6"]\n    node_venv_lib_python3_12_site-packages_PyQt6 --> node_venv_lib_python3_12_site-packages_PyQt6_bindings["bindings"]\n    node_venv_lib_python3_12_site-packages_PyQt6_bindings --> node_venv_lib_python3_12_site-packages_PyQt6_bindings_QtWidgets["QtWidgets"]\n    node_venv_lib_python3_12_site-packages_PyQt6_bindings_QtWidgets --> node_venv_lib_python3_12_site-packages_PyQt6_bindings_QtWidgets_qerrormessage_sip["qerrormessage.sip"]\n    Root --> node_venv["venv"]\n    node_venv --> node_venv_lib["lib"]\n    node_venv_lib --> node_venv_lib_python3_12["python3.12"]\n    node_venv_lib_python3_12 --> node_venv_lib_python3_12_site-packages["site-packages"]\n    node_venv_lib_python3_12_site-packages --> node_venv_lib_python3_12_site-packages_PyQt6["PyQt6"]\n    node_venv_lib_python3_12_site-packages_PyQt6 --> node_venv_lib_python3_12_site-packages_PyQt6_bindings["bindings"]\n    node_venv_lib_python3_12_site-packages_PyQt6_bindings --> node_venv_lib_python3_12_site-packages_PyQt6_bindings_QtWidgets["QtWidgets"]\n    node_venv_lib_python3_12_site-packages_PyQt6_bindings_QtWidgets --> node_venv_lib_python3_12_site-packages_PyQt6_bindings_QtWidgets_qfiledialog_sip["qfiledialog.sip"]\n    Root --> node_venv["venv"]\n    node_venv --> node_venv_lib["lib"]\n    node_venv_lib --> node_venv_lib_python3_12["python3.12"]\n    node_venv_lib_python3_12 --> node_venv_lib_python3_12_site-packages["site-packages"]\n    node_venv_lib_python3_12_site-packages --> node_venv_lib_python3_12_site-packages_PyQt6["PyQt6"]\n    node_venv_lib_python3_12_site-packages_PyQt6 --> node_venv_lib_python3_12_site-packages_PyQt6_bindings["bindings"]\n    node_venv_lib_python3_12_site-packages_PyQt6_bindings --> node_venv_lib_python3_12_site-packages_PyQt6_bindings_QtWidgets["QtWidgets"]\n    node_venv_lib_python3_12_site-packages_PyQt6_bindings_QtWidgets --> node_venv_lib_python3_12_site-packages_PyQt6_bindings_QtWidgets_qfileiconprovider_sip["qfileiconprovider.sip"]\n    Root --> node_venv["venv"]\n    node_venv --> node_venv_lib["lib"]\n    node_venv_lib --> node_venv_lib_python3_12["python3.12"]\n    node_venv_lib_python3_12 --> node_venv_lib_python3_12_site-packages["site-packages"]\n    node_venv_lib_python3_12_site-packages --> node_venv_lib_python3_12_site-packages_PyQt6["PyQt6"]\n    node_venv_lib_python3_12_site-packages_PyQt6 --> node_venv_lib_python3_12_site-packages_PyQt6_bindings["bindings"]\n    node_venv_lib_python3_12_site-packages_PyQt6_bindings --> node_venv_lib_python3_12_site-packages_PyQt6_bindings_QtWidgets["QtWidgets"]\n    node_venv_lib_python3_12_site-packages_PyQt6_bindings_QtWidgets --> node_venv_lib_python3_12_site-packages_PyQt6_bindings_QtWidgets_qfilesystemmodel_sip["qfilesystemmodel.sip"]\n    Root --> node_venv["venv"]\n    node_venv --> node_venv_lib["lib"]\n    node_venv_lib --> node_venv_lib_python3_12["python3.12"]\n    node_venv_lib_python3_12 --> node_venv_lib_python3_12_site-packages["site-packages"]\n    node_venv_lib_python3_12_site-packages --> node_venv_lib_python3_12_site-packages_PyQt6["PyQt6"]\n    node_venv_lib_python3_12_site-packages_PyQt6 --> node_venv_lib_python3_12_site-packages_PyQt6_bindings["bindings"]\n    node_venv_lib_python3_12_site-packages_PyQt6_bindings --> node_venv_lib_python3_12_site-packages_PyQt6_bindings_QtWidgets["QtWidgets"]\n    node_venv_lib_python3_12_site-packages_PyQt6_bindings_QtWidgets --> node_venv_lib_python3_12_site-packages_PyQt6_bindings_QtWidgets_qfocusframe_sip["qfocusframe.sip"]\n    Root --> node_venv["venv"]\n    node_venv --> node_venv_lib["lib"]\n    node_venv_lib --> node_venv_lib_python3_12["python3.12"]\n    node_venv_lib_python3_12 --> node_venv_lib_python3_12_site-packages["site-packages"]\n    node_venv_lib_python3_12_site-packages --> node_venv_lib_python3_12_site-packages_PyQt6["PyQt6"]\n    node_venv_lib_python3_12_site-packages_PyQt6 --> node_venv_lib_python3_12_site-packages_PyQt6_bindings["bindings"]\n    node_venv_lib_python3_12_site-packages_PyQt6_bindings --> node_venv_lib_python3_12_site-packages_PyQt6_bindings_QtWidgets["QtWidgets"]\n    node_venv_lib_python3_12_site-packages_PyQt6_bindings_QtWidgets --> node_venv_lib_python3_12_site-packages_PyQt6_bindings_QtWidgets_qfontcombobox_sip["qfontcombobox.sip"]\n    Root --> node_venv["venv"]\n    node_venv --> node_venv_lib["lib"]\n    node_venv_lib --> node_venv_lib_python3_12["python3.12"]\n    node_venv_lib_python3_12 --> node_venv_lib_python3_12_site-packages["site-packages"]\n    node_venv_lib_python3_12_site-packages --> node_venv_lib_python3_12_site-packages_PyQt6["PyQt6"]\n    node_venv_lib_python3_12_site-packages_PyQt6 --> node_venv_lib_python3_12_site-packages_PyQt6_bindings["bindings"]\n    node_venv_lib_python3_12_site-packages_PyQt6_bindings --> node_venv_lib_python3_12_site-packages_PyQt6_bindings_QtWidgets["QtWidgets"]\n    node_venv_lib_python3_12_site-packages_PyQt6_bindings_QtWidgets --> node_venv_lib_python3_12_site-packages_PyQt6_bindings_QtWidgets_qfontdialog_sip["qfontdialog.sip"]\n    Root --> node_venv["venv"]\n    node_venv --> node_venv_lib["lib"]\n    node_venv_lib --> node_venv_lib_python3_12["python3.12"]\n    node_venv_lib_python3_12 --> node_venv_lib_python3_12_site-packages["site-packages"]\n    node_venv_lib_python3_12_site-packages --> node_venv_lib_python3_12_site-packages_PyQt6["PyQt6"]\n    node_venv_lib_python3_12_site-packages_PyQt6 --> node_venv_lib_python3_12_site-packages_PyQt6_bindings["bindings"]\n    node_venv_lib_python3_12_site-packages_PyQt6_bindings --> node_venv_lib_python3_12_site-packages_PyQt6_bindings_QtWidgets["QtWidgets"]\n    node_venv_lib_python3_12_site-packages_PyQt6_bindings_QtWidgets --> node_venv_lib_python3_12_site-packages_PyQt6_bindings_QtWidgets_qformlayout_sip["qformlayout.sip"]\n    Root --> node_venv["venv"]\n    node_venv --> node_venv_lib["lib"]\n    node_venv_lib --> node_venv_lib_python3_12["python3.12"]\n    node_venv_lib_python3_12 --> node_venv_lib_python3_12_site-packages["site-packages"]\n    node_venv_lib_python3_12_site-packages --> node_venv_lib_python3_12_site-packages_PyQt6["PyQt6"]\n    node_venv_lib_python3_12_site-packages_PyQt6 --> node_venv_lib_python3_12_site-packages_PyQt6_bindings["bindings"]\n    node_venv_lib_python3_12_site-packages_PyQt6_bindings --> node_venv_lib_python3_12_site-packages_PyQt6_bindings_QtWidgets["QtWidgets"]\n    node_venv_lib_python3_12_site-packages_PyQt6_bindings_QtWidgets --> node_venv_lib_python3_12_site-packages_PyQt6_bindings_QtWidgets_qframe_sip["qframe.sip"]\n    Root --> node_venv["venv"]\n    node_venv --> node_venv_lib["lib"]\n    node_venv_lib --> node_venv_lib_python3_12["python3.12"]\n    node_venv_lib_python3_12 --> node_venv_lib_python3_12_site-packages["site-packages"]\n    node_venv_lib_python3_12_site-packages --> node_venv_lib_python3_12_site-packages_PyQt6["PyQt6"]\n    node_venv_lib_python3_12_site-packages_PyQt6 --> node_venv_lib_python3_12_site-packages_PyQt6_bindings["bindings"]\n    node_venv_lib_python3_12_site-packages_PyQt6_bindings --> node_venv_lib_python3_12_site-packages_PyQt6_bindings_QtWidgets["QtWidgets"]\n    node_venv_lib_python3_12_site-packages_PyQt6_bindings_QtWidgets --> node_venv_lib_python3_12_site-packages_PyQt6_bindings_QtWidgets_qgesture_sip["qgesture.sip"]\n    Root --> node_venv["venv"]\n    node_venv --> node_venv_lib["lib"]\n    node_venv_lib --> node_venv_lib_python3_12["python3.12"]\n    node_venv_lib_python3_12 --> node_venv_lib_python3_12_site-packages["site-packages"]\n    node_venv_lib_python3_12_site-packages --> node_venv_lib_python3_12_site-packages_PyQt6["PyQt6"]\n    node_venv_lib_python3_12_site-packages_PyQt6 --> node_venv_lib_python3_12_site-packages_PyQt6_bindings["bindings"]\n    node_venv_lib_python3_12_site-packages_PyQt6_bindings --> node_venv_lib_python3_12_site-packages_PyQt6_bindings_QtWidgets["QtWidgets"]\n    node_venv_lib_python3_12_site-packages_PyQt6_bindings_QtWidgets --> node_venv_lib_python3_12_site-packages_PyQt6_bindings_QtWidgets_qgesturerecognizer_sip["qgesturerecognizer.sip"]\n    Root --> node_venv["venv"]\n    node_venv --> node_venv_lib["lib"]\n    node_venv_lib --> node_venv_lib_python3_12["python3.12"]\n    node_venv_lib_python3_12 --> node_venv_lib_python3_12_site-packages["site-packages"]\n    node_venv_lib_python3_12_site-packages --> node_venv_lib_python3_12_site-packages_PyQt6["PyQt6"]\n    node_venv_lib_python3_12_site-packages_PyQt6 --> node_venv_lib_python3_12_site-packages_PyQt6_bindings["bindings"]\n    node_venv_lib_python3_12_site-packages_PyQt6_bindings --> node_venv_lib_python3_12_site-packages_PyQt6_bindings_QtWidgets["QtWidgets"]\n    node_venv_lib_python3_12_site-packages_PyQt6_bindings_QtWidgets --> node_venv_lib_python3_12_site-packages_PyQt6_bindings_QtWidgets_qgraphicsanchorlayout_sip["qgraphicsanchorlayout.sip"]\n    Root --> node_venv["venv"]\n    node_venv --> node_venv_lib["lib"]\n    node_venv_lib --> node_venv_lib_python3_12["python3.12"]\n    node_venv_lib_python3_12 --> node_venv_lib_python3_12_site-packages["site-packages"]\n    node_venv_lib_python3_12_site-packages --> node_venv_lib_python3_12_site-packages_PyQt6["PyQt6"]\n    node_venv_lib_python3_12_site-packages_PyQt6 --> node_venv_lib_python3_12_site-packages_PyQt6_bindings["bindings"]\n    node_venv_lib_python3_12_site-packages_PyQt6_bindings --> node_venv_lib_python3_12_site-packages_PyQt6_bindings_QtWidgets["QtWidgets"]\n    node_venv_lib_python3_12_site-packages_PyQt6_bindings_QtWidgets --> node_venv_lib_python3_12_site-packages_PyQt6_bindings_QtWidgets_qgraphicseffect_sip["qgraphicseffect.sip"]\n    Root --> node_venv["venv"]\n    node_venv --> node_venv_lib["lib"]\n    node_venv_lib --> node_venv_lib_python3_12["python3.12"]\n    node_venv_lib_python3_12 --> node_venv_lib_python3_12_site-packages["site-packages"]\n    node_venv_lib_python3_12_site-packages --> node_venv_lib_python3_12_site-packages_PyQt6["PyQt6"]\n    node_venv_lib_python3_12_site-packages_PyQt6 --> node_venv_lib_python3_12_site-packages_PyQt6_bindings["bindings"]\n    node_venv_lib_python3_12_site-packages_PyQt6_bindings --> node_venv_lib_python3_12_site-packages_PyQt6_bindings_QtWidgets["QtWidgets"]\n    node_venv_lib_python3_12_site-packages_PyQt6_bindings_QtWidgets --> node_venv_lib_python3_12_site-packages_PyQt6_bindings_QtWidgets_qgraphicsgridlayout_sip["qgraphicsgridlayout.sip"]\n    Root --> node_venv["venv"]\n    node_venv --> node_venv_lib["lib"]\n    node_venv_lib --> node_venv_lib_python3_12["python3.12"]\n    node_venv_lib_python3_12 --> node_venv_lib_python3_12_site-packages["site-packages"]\n    node_venv_lib_python3_12_site-packages --> node_venv_lib_python3_12_site-packages_PyQt6["PyQt6"]\n    node_venv_lib_python3_12_site-packages_PyQt6 --> node_venv_lib_python3_12_site-packages_PyQt6_bindings["bindings"]\n    node_venv_lib_python3_12_site-packages_PyQt6_bindings --> node_venv_lib_python3_12_site-packages_PyQt6_bindings_QtWidgets["QtWidgets"]\n    node_venv_lib_python3_12_site-packages_PyQt6_bindings_QtWidgets --> node_venv_lib_python3_12_site-packages_PyQt6_bindings_QtWidgets_qgraphicsitem_sip["qgraphicsitem.sip"]\n    Root --> node_venv["venv"]\n    node_venv --> node_venv_lib["lib"]\n    node_venv_lib --> node_venv_lib_python3_12["python3.12"]\n    node_venv_lib_python3_12 --> node_venv_lib_python3_12_site-packages["site-packages"]\n    node_venv_lib_python3_12_site-packages --> node_venv_lib_python3_12_site-packages_PyQt6["PyQt6"]\n    node_venv_lib_python3_12_site-packages_PyQt6 --> node_venv_lib_python3_12_site-packages_PyQt6_bindings["bindings"]\n    node_venv_lib_python3_12_site-packages_PyQt6_bindings --> node_venv_lib_python3_12_site-packages_PyQt6_bindings_QtWidgets["QtWidgets"]\n    node_venv_lib_python3_12_site-packages_PyQt6_bindings_QtWidgets --> node_venv_lib_python3_12_site-packages_PyQt6_bindings_QtWidgets_qgraphicslayout_sip["qgraphicslayout.sip"]\n    Root --> node_venv["venv"]\n    node_venv --> node_venv_lib["lib"]\n    node_venv_lib --> node_venv_lib_python3_12["python3.12"]\n    node_venv_lib_python3_12 --> node_venv_lib_python3_12_site-packages["site-packages"]\n    node_venv_lib_python3_12_site-packages --> node_venv_lib_python3_12_site-packages_PyQt6["PyQt6"]\n    node_venv_lib_python3_12_site-packages_PyQt6 --> node_venv_lib_python3_12_site-packages_PyQt6_bindings["bindings"]\n    node_venv_lib_python3_12_site-packages_PyQt6_bindings --> node_venv_lib_python3_12_site-packages_PyQt6_bindings_QtWidgets["QtWidgets"]\n    node_venv_lib_python3_12_site-packages_PyQt6_bindings_QtWidgets --> node_venv_lib_python3_12_site-packages_PyQt6_bindings_QtWidgets_qgraphicslayoutitem_sip["qgraphicslayoutitem.sip"]\n    Root --> node_venv["venv"]\n    node_venv --> node_venv_lib["lib"]\n    node_venv_lib --> node_venv_lib_python3_12["python3.12"]\n    node_venv_lib_python3_12 --> node_venv_lib_python3_12_site-packages["site-packages"]\n    node_venv_lib_python3_12_site-packages --> node_venv_lib_python3_12_site-packages_PyQt6["PyQt6"]\n    node_venv_lib_python3_12_site-packages_PyQt6 --> node_venv_lib_python3_12_site-packages_PyQt6_bindings["bindings"]\n    node_venv_lib_python3_12_site-packages_PyQt6_bindings --> node_venv_lib_python3_12_site-packages_PyQt6_bindings_QtWidgets["QtWidgets"]\n    node_venv_lib_python3_12_site-packages_PyQt6_bindings_QtWidgets --> node_venv_lib_python3_12_site-packages_PyQt6_bindings_QtWidgets_qgraphicslinearlayout_sip["qgraphicslinearlayout.sip"]\n    Root --> node_venv["venv"]\n    node_venv --> node_venv_lib["lib"]\n    node_venv_lib --> node_venv_lib_python3_12["python3.12"]\n    node_venv_lib_python3_12 --> node_venv_lib_python3_12_site-packages["site-packages"]\n    node_venv_lib_python3_12_site-packages --> node_venv_lib_python3_12_site-packages_PyQt6["PyQt6"]\n    node_venv_lib_python3_12_site-packages_PyQt6 --> node_venv_lib_python3_12_site-packages_PyQt6_bindings["bindings"]\n    node_venv_lib_python3_12_site-packages_PyQt6_bindings --> node_venv_lib_python3_12_site-packages_PyQt6_bindings_QtWidgets["QtWidgets"]\n    node_venv_lib_python3_12_site-packages_PyQt6_bindings_QtWidgets --> node_venv_lib_python3_12_site-packages_PyQt6_bindings_QtWidgets_qgraphicsproxywidget_sip["qgraphicsproxywidget.sip"]\n    Root --> node_venv["venv"]\n    node_venv --> node_venv_lib["lib"]\n    node_venv_lib --> node_venv_lib_python3_12["python3.12"]\n    node_venv_lib_python3_12 --> node_venv_lib_python3_12_site-packages["site-packages"]\n    node_venv_lib_python3_12_site-packages --> node_venv_lib_python3_12_site-packages_PyQt6["PyQt6"]\n    node_venv_lib_python3_12_site-packages_PyQt6 --> node_venv_lib_python3_12_site-packages_PyQt6_bindings["bindings"]\n    node_venv_lib_python3_12_site-packages_PyQt6_bindings --> node_venv_lib_python3_12_site-packages_PyQt6_bindings_QtWidgets["QtWidgets"]\n    node_venv_lib_python3_12_site-packages_PyQt6_bindings_QtWidgets --> node_venv_lib_python3_12_site-packages_PyQt6_bindings_QtWidgets_qgraphicsscene_sip["qgraphicsscene.sip"]\n    Root --> node_venv["venv"]\n    node_venv --> node_venv_lib["lib"]\n    node_venv_lib --> node_venv_lib_python3_12["python3.12"]\n    node_venv_lib_python3_12 --> node_venv_lib_python3_12_site-packages["site-packages"]\n    node_venv_lib_python3_12_site-packages --> node_venv_lib_python3_12_site-packages_PyQt6["PyQt6"]\n    node_venv_lib_python3_12_site-packages_PyQt6 --> node_venv_lib_python3_12_site-packages_PyQt6_bindings["bindings"]\n    node_venv_lib_python3_12_site-packages_PyQt6_bindings --> node_venv_lib_python3_12_site-packages_PyQt6_bindings_QtWidgets["QtWidgets"]\n    node_venv_lib_python3_12_site-packages_PyQt6_bindings_QtWidgets --> node_venv_lib_python3_12_site-packages_PyQt6_bindings_QtWidgets_qgraphicssceneevent_sip["qgraphicssceneevent.sip"]\n    Root --> node_venv["venv"]\n    node_venv --> node_venv_lib["lib"]\n    node_venv_lib --> node_venv_lib_python3_12["python3.12"]\n    node_venv_lib_python3_12 --> node_venv_lib_python3_12_site-packages["site-packages"]\n    node_venv_lib_python3_12_site-packages --> node_venv_lib_python3_12_site-packages_PyQt6["PyQt6"]\n    node_venv_lib_python3_12_site-packages_PyQt6 --> node_venv_lib_python3_12_site-packages_PyQt6_bindings["bindings"]\n    node_venv_lib_python3_12_site-packages_PyQt6_bindings --> node_venv_lib_python3_12_site-packages_PyQt6_bindings_QtWidgets["QtWidgets"]\n    node_venv_lib_python3_12_site-packages_PyQt6_bindings_QtWidgets --> node_venv_lib_python3_12_site-packages_PyQt6_bindings_QtWidgets_qgraphicstransform_sip["qgraphicstransform.sip"]\n    Root --> node_venv["venv"]\n    node_venv --> node_venv_lib["lib"]\n    node_venv_lib --> node_venv_lib_python3_12["python3.12"]\n    node_venv_lib_python3_12 --> node_venv_lib_python3_12_site-packages["site-packages"]\n    node_venv_lib_python3_12_site-packages --> node_venv_lib_python3_12_site-packages_PyQt6["PyQt6"]\n    node_venv_lib_python3_12_site-packages_PyQt6 --> node_venv_lib_python3_12_site-packages_PyQt6_bindings["bindings"]\n    node_venv_lib_python3_12_site-packages_PyQt6_bindings --> node_venv_lib_python3_12_site-packages_PyQt6_bindings_QtWidgets["QtWidgets"]\n    node_venv_lib_python3_12_site-packages_PyQt6_bindings_QtWidgets --> node_venv_lib_python3_12_site-packages_PyQt6_bindings_QtWidgets_qgraphicsview_sip["qgraphicsview.sip"]\n    Root --> node_venv["venv"]\n    node_venv --> node_venv_lib["lib"]\n    node_venv_lib --> node_venv_lib_python3_12["python3.12"]\n    node_venv_lib_python3_12 --> node_venv_lib_python3_12_site-packages["site-packages"]\n    node_venv_lib_python3_12_site-packages --> node_venv_lib_python3_12_site-packages_PyQt6["PyQt6"]\n    node_venv_lib_python3_12_site-packages_PyQt6 --> node_venv_lib_python3_12_site-packages_PyQt6_bindings["bindings"]\n    node_venv_lib_python3_12_site-packages_PyQt6_bindings --> node_venv_lib_python3_12_site-packages_PyQt6_bindings_QtWidgets["QtWidgets"]\n    node_venv_lib_python3_12_site-packages_PyQt6_bindings_QtWidgets --> node_venv_lib_python3_12_site-packages_PyQt6_bindings_QtWidgets_qgraphicswidget_sip["qgraphicswidget.sip"]\n    Root --> node_venv["venv"]\n    node_venv --> node_venv_lib["lib"]\n    node_venv_lib --> node_venv_lib_python3_12["python3.12"]\n    node_venv_lib_python3_12 --> node_venv_lib_python3_12_site-packages["site-packages"]\n    node_venv_lib_python3_12_site-packages --> node_venv_lib_python3_12_site-packages_PyQt6["PyQt6"]\n    node_venv_lib_python3_12_site-packages_PyQt6 --> node_venv_lib_python3_12_site-packages_PyQt6_bindings["bindings"]\n    node_venv_lib_python3_12_site-packages_PyQt6_bindings --> node_venv_lib_python3_12_site-packages_PyQt6_bindings_QtWidgets["QtWidgets"]\n    node_venv_lib_python3_12_site-packages_PyQt6_bindings_QtWidgets --> node_venv_lib_python3_12_site-packages_PyQt6_bindings_QtWidgets_qgridlayout_sip["qgridlayout.sip"]\n    Root --> node_venv["venv"]\n    node_venv --> node_venv_lib["lib"]\n    node_venv_lib --> node_venv_lib_python3_12["python3.12"]\n    node_venv_lib_python3_12 --> node_venv_lib_python3_12_site-packages["site-packages"]\n    node_venv_lib_python3_12_site-packages --> node_venv_lib_python3_12_site-packages_PyQt6["PyQt6"]\n    node_venv_lib_python3_12_site-packages_PyQt6 --> node_venv_lib_python3_12_site-packages_PyQt6_bindings["bindings"]\n    node_venv_lib_python3_12_site-packages_PyQt6_bindings --> node_venv_lib_python3_12_site-packages_PyQt6_bindings_QtWidgets["QtWidgets"]\n    node_venv_lib_python3_12_site-packages_PyQt6_bindings_QtWidgets --> node_venv_lib_python3_12_site-packages_PyQt6_bindings_QtWidgets_qgroupbox_sip["qgroupbox.sip"]\n    Root --> node_venv["venv"]\n    node_venv --> node_venv_lib["lib"]\n    node_venv_lib --> node_venv_lib_python3_12["python3.12"]\n    node_venv_lib_python3_12 --> node_venv_lib_python3_12_site-packages["site-packages"]\n    node_venv_lib_python3_12_site-packages --> node_venv_lib_python3_12_site-packages_PyQt6["PyQt6"]\n    node_venv_lib_python3_12_site-packages_PyQt6 --> node_venv_lib_python3_12_site-packages_PyQt6_bindings["bindings"]\n    node_venv_lib_python3_12_site-packages_PyQt6_bindings --> node_venv_lib_python3_12_site-packages_PyQt6_bindings_QtWidgets["QtWidgets"]\n    node_venv_lib_python3_12_site-packages_PyQt6_bindings_QtWidgets --> node_venv_lib_python3_12_site-packages_PyQt6_bindings_QtWidgets_qheaderview_sip["qheaderview.sip"]\n    Root --> node_venv["venv"]\n    node_venv --> node_venv_lib["lib"]\n    node_venv_lib --> node_venv_lib_python3_12["python3.12"]\n    node_venv_lib_python3_12 --> node_venv_lib_python3_12_site-packages["site-packages"]\n    node_venv_lib_python3_12_site-packages --> node_venv_lib_python3_12_site-packages_PyQt6["PyQt6"]\n    node_venv_lib_python3_12_site-packages_PyQt6 --> node_venv_lib_python3_12_site-packages_PyQt6_bindings["bindings"]\n    node_venv_lib_python3_12_site-packages_PyQt6_bindings --> node_venv_lib_python3_12_site-packages_PyQt6_bindings_QtWidgets["QtWidgets"]\n    node_venv_lib_python3_12_site-packages_PyQt6_bindings_QtWidgets --> node_venv_lib_python3_12_site-packages_PyQt6_bindings_QtWidgets_qinputdialog_sip["qinputdialog.sip"]\n    Root --> node_venv["venv"]\n    node_venv --> node_venv_lib["lib"]\n    node_venv_lib --> node_venv_lib_python3_12["python3.12"]\n    node_venv_lib_python3_12 --> node_venv_lib_python3_12_site-packages["site-packages"]\n    node_venv_lib_python3_12_site-packages --> node_venv_lib_python3_12_site-packages_PyQt6["PyQt6"]\n    node_venv_lib_python3_12_site-packages_PyQt6 --> node_venv_lib_python3_12_site-packages_PyQt6_bindings["bindings"]\n    node_venv_lib_python3_12_site-packages_PyQt6_bindings --> node_venv_lib_python3_12_site-packages_PyQt6_bindings_QtWidgets["QtWidgets"]\n    node_venv_lib_python3_12_site-packages_PyQt6_bindings_QtWidgets --> node_venv_lib_python3_12_site-packages_PyQt6_bindings_QtWidgets_qitemdelegate_sip["qitemdelegate.sip"]\n    Root --> node_venv["venv"]\n    node_venv --> node_venv_lib["lib"]\n    node_venv_lib --> node_venv_lib_python3_12["python3.12"]\n    node_venv_lib_python3_12 --> node_venv_lib_python3_12_site-packages["site-packages"]\n    node_venv_lib_python3_12_site-packages --> node_venv_lib_python3_12_site-packages_PyQt6["PyQt6"]\n    node_venv_lib_python3_12_site-packages_PyQt6 --> node_venv_lib_python3_12_site-packages_PyQt6_bindings["bindings"]\n    node_venv_lib_python3_12_site-packages_PyQt6_bindings --> node_venv_lib_python3_12_site-packages_PyQt6_bindings_QtWidgets["QtWidgets"]\n    node_venv_lib_python3_12_site-packages_PyQt6_bindings_QtWidgets --> node_venv_lib_python3_12_site-packages_PyQt6_bindings_QtWidgets_qitemeditorfactory_sip["qitemeditorfactory.sip"]\n    Root --> node_venv["venv"]\n    node_venv --> node_venv_lib["lib"]\n    node_venv_lib --> node_venv_lib_python3_12["python3.12"]\n    node_venv_lib_python3_12 --> node_venv_lib_python3_12_site-packages["site-packages"]\n    node_venv_lib_python3_12_site-packages --> node_venv_lib_python3_12_site-packages_PyQt6["PyQt6"]\n    node_venv_lib_python3_12_site-packages_PyQt6 --> node_venv_lib_python3_12_site-packages_PyQt6_bindings["bindings"]\n    node_venv_lib_python3_12_site-packages_PyQt6_bindings --> node_venv_lib_python3_12_site-packages_PyQt6_bindings_QtWidgets["QtWidgets"]\n    node_venv_lib_python3_12_site-packages_PyQt6_bindings_QtWidgets --> node_venv_lib_python3_12_site-packages_PyQt6_bindings_QtWidgets_qkeysequenceedit_sip["qkeysequenceedit.sip"]\n    Root --> node_venv["venv"]\n    node_venv --> node_venv_lib["lib"]\n    node_venv_lib --> node_venv_lib_python3_12["python3.12"]\n    node_venv_lib_python3_12 --> node_venv_lib_python3_12_site-packages["site-packages"]\n    node_venv_lib_python3_12_site-packages --> node_venv_lib_python3_12_site-packages_PyQt6["PyQt6"]\n    node_venv_lib_python3_12_site-packages_PyQt6 --> node_venv_lib_python3_12_site-packages_PyQt6_bindings["bindings"]\n    node_venv_lib_python3_12_site-packages_PyQt6_bindings --> node_venv_lib_python3_12_site-packages_PyQt6_bindings_QtWidgets["QtWidgets"]\n    node_venv_lib_python3_12_site-packages_PyQt6_bindings_QtWidgets --> node_venv_lib_python3_12_site-packages_PyQt6_bindings_QtWidgets_qlabel_sip["qlabel.sip"]\n    Root --> node_venv["venv"]\n    node_venv --> node_venv_lib["lib"]\n    node_venv_lib --> node_venv_lib_python3_12["python3.12"]\n    node_venv_lib_python3_12 --> node_venv_lib_python3_12_site-packages["site-packages"]\n    node_venv_lib_python3_12_site-packages --> node_venv_lib_python3_12_site-packages_PyQt6["PyQt6"]\n    node_venv_lib_python3_12_site-packages_PyQt6 --> node_venv_lib_python3_12_site-packages_PyQt6_bindings["bindings"]\n    node_venv_lib_python3_12_site-packages_PyQt6_bindings --> node_venv_lib_python3_12_site-packages_PyQt6_bindings_QtWidgets["QtWidgets"]\n    node_venv_lib_python3_12_site-packages_PyQt6_bindings_QtWidgets --> node_venv_lib_python3_12_site-packages_PyQt6_bindings_QtWidgets_qlayout_sip["qlayout.sip"]\n    Root --> node_venv["venv"]\n    node_venv --> node_venv_lib["lib"]\n    node_venv_lib --> node_venv_lib_python3_12["python3.12"]\n    node_venv_lib_python3_12 --> node_venv_lib_python3_12_site-packages["site-packages"]\n    node_venv_lib_python3_12_site-packages --> node_venv_lib_python3_12_site-packages_PyQt6["PyQt6"]\n    node_venv_lib_python3_12_site-packages_PyQt6 --> node_venv_lib_python3_12_site-packages_PyQt6_bindings["bindings"]\n    node_venv_lib_python3_12_site-packages_PyQt6_bindings --> node_venv_lib_python3_12_site-packages_PyQt6_bindings_QtWidgets["QtWidgets"]\n    node_venv_lib_python3_12_site-packages_PyQt6_bindings_QtWidgets --> node_venv_lib_python3_12_site-packages_PyQt6_bindings_QtWidgets_qlayoutitem_sip["qlayoutitem.sip"]\n    Root --> node_venv["venv"]\n    node_venv --> node_venv_lib["lib"]\n    node_venv_lib --> node_venv_lib_python3_12["python3.12"]\n    node_venv_lib_python3_12 --> node_venv_lib_python3_12_site-packages["site-packages"]\n    node_venv_lib_python3_12_site-packages --> node_venv_lib_python3_12_site-packages_PyQt6["PyQt6"]\n    node_venv_lib_python3_12_site-packages_PyQt6 --> node_venv_lib_python3_12_site-packages_PyQt6_bindings["bindings"]\n    node_venv_lib_python3_12_site-packages_PyQt6_bindings --> node_venv_lib_python3_12_site-packages_PyQt6_bindings_QtWidgets["QtWidgets"]\n    node_venv_lib_python3_12_site-packages_PyQt6_bindings_QtWidgets --> node_venv_lib_python3_12_site-packages_PyQt6_bindings_QtWidgets_qlcdnumber_sip["qlcdnumber.sip"]\n    Root --> node_venv["venv"]\n    node_venv --> node_venv_lib["lib"]\n    node_venv_lib --> node_venv_lib_python3_12["python3.12"]\n    node_venv_lib_python3_12 --> node_venv_lib_python3_12_site-packages["site-packages"]\n    node_venv_lib_python3_12_site-packages --> node_venv_lib_python3_12_site-packages_PyQt6["PyQt6"]\n    node_venv_lib_python3_12_site-packages_PyQt6 --> node_venv_lib_python3_12_site-packages_PyQt6_bindings["bindings"]\n    node_venv_lib_python3_12_site-packages_PyQt6_bindings --> node_venv_lib_python3_12_site-packages_PyQt6_bindings_QtWidgets["QtWidgets"]\n    node_venv_lib_python3_12_site-packages_PyQt6_bindings_QtWidgets --> node_venv_lib_python3_12_site-packages_PyQt6_bindings_QtWidgets_qlineedit_sip["qlineedit.sip"]\n    Root --> node_venv["venv"]\n    node_venv --> node_venv_lib["lib"]\n    node_venv_lib --> node_venv_lib_python3_12["python3.12"]\n    node_venv_lib_python3_12 --> node_venv_lib_python3_12_site-packages["site-packages"]\n    node_venv_lib_python3_12_site-packages --> node_venv_lib_python3_12_site-packages_PyQt6["PyQt6"]\n    node_venv_lib_python3_12_site-packages_PyQt6 --> node_venv_lib_python3_12_site-packages_PyQt6_bindings["bindings"]\n    node_venv_lib_python3_12_site-packages_PyQt6_bindings --> node_venv_lib_python3_12_site-packages_PyQt6_bindings_QtWidgets["QtWidgets"]\n    node_venv_lib_python3_12_site-packages_PyQt6_bindings_QtWidgets --> node_venv_lib_python3_12_site-packages_PyQt6_bindings_QtWidgets_qlistview_sip["qlistview.sip"]\n    Root --> node_venv["venv"]\n    node_venv --> node_venv_lib["lib"]\n    node_venv_lib --> node_venv_lib_python3_12["python3.12"]\n    node_venv_lib_python3_12 --> node_venv_lib_python3_12_site-packages["site-packages"]\n    node_venv_lib_python3_12_site-packages --> node_venv_lib_python3_12_site-packages_PyQt6["PyQt6"]\n    node_venv_lib_python3_12_site-packages_PyQt6 --> node_venv_lib_python3_12_site-packages_PyQt6_bindings["bindings"]\n    node_venv_lib_python3_12_site-packages_PyQt6_bindings --> node_venv_lib_python3_12_site-packages_PyQt6_bindings_QtWidgets["QtWidgets"]\n    node_venv_lib_python3_12_site-packages_PyQt6_bindings_QtWidgets --> node_venv_lib_python3_12_site-packages_PyQt6_bindings_QtWidgets_qlistwidget_sip["qlistwidget.sip"]\n    Root --> node_venv["venv"]\n    node_venv --> node_venv_lib["lib"]\n    node_venv_lib --> node_venv_lib_python3_12["python3.12"]\n    node_venv_lib_python3_12 --> node_venv_lib_python3_12_site-packages["site-packages"]\n    node_venv_lib_python3_12_site-packages --> node_venv_lib_python3_12_site-packages_PyQt6["PyQt6"]\n    node_venv_lib_python3_12_site-packages_PyQt6 --> node_venv_lib_python3_12_site-packages_PyQt6_bindings["bindings"]\n    node_venv_lib_python3_12_site-packages_PyQt6_bindings --> node_venv_lib_python3_12_site-packages_PyQt6_bindings_QtWidgets["QtWidgets"]\n    node_venv_lib_python3_12_site-packages_PyQt6_bindings_QtWidgets --> node_venv_lib_python3_12_site-packages_PyQt6_bindings_QtWidgets_qmainwindow_sip["qmainwindow.sip"]\n    Root --> node_venv["venv"]\n    node_venv --> node_venv_lib["lib"]\n    node_venv_lib --> node_venv_lib_python3_12["python3.12"]\n    node_venv_lib_python3_12 --> node_venv_lib_python3_12_site-packages["site-packages"]\n    node_venv_lib_python3_12_site-packages --> node_venv_lib_python3_12_site-packages_PyQt6["PyQt6"]\n    node_venv_lib_python3_12_site-packages_PyQt6 --> node_venv_lib_python3_12_site-packages_PyQt6_bindings["bindings"]\n    node_venv_lib_python3_12_site-packages_PyQt6_bindings --> node_venv_lib_python3_12_site-packages_PyQt6_bindings_QtWidgets["QtWidgets"]\n    node_venv_lib_python3_12_site-packages_PyQt6_bindings_QtWidgets --> node_venv_lib_python3_12_site-packages_PyQt6_bindings_QtWidgets_qmdiarea_sip["qmdiarea.sip"]\n    Root --> node_venv["venv"]\n    node_venv --> node_venv_lib["lib"]\n    node_venv_lib --> node_venv_lib_python3_12["python3.12"]\n    node_venv_lib_python3_12 --> node_venv_lib_python3_12_site-packages["site-packages"]\n    node_venv_lib_python3_12_site-packages --> node_venv_lib_python3_12_site-packages_PyQt6["PyQt6"]\n    node_venv_lib_python3_12_site-packages_PyQt6 --> node_venv_lib_python3_12_site-packages_PyQt6_bindings["bindings"]\n    node_venv_lib_python3_12_site-packages_PyQt6_bindings --> node_venv_lib_python3_12_site-packages_PyQt6_bindings_QtWidgets["QtWidgets"]\n    node_venv_lib_python3_12_site-packages_PyQt6_bindings_QtWidgets --> node_venv_lib_python3_12_site-packages_PyQt6_bindings_QtWidgets_qmdisubwindow_sip["qmdisubwindow.sip"]\n    Root --> node_venv["venv"]\n    node_venv --> node_venv_lib["lib"]\n    node_venv_lib --> node_venv_lib_python3_12["python3.12"]\n    node_venv_lib_python3_12 --> node_venv_lib_python3_12_site-packages["site-packages"]\n    node_venv_lib_python3_12_site-packages --> node_venv_lib_python3_12_site-packages_PyQt6["PyQt6"]\n    node_venv_lib_python3_12_site-packages_PyQt6 --> node_venv_lib_python3_12_site-packages_PyQt6_bindings["bindings"]\n    node_venv_lib_python3_12_site-packages_PyQt6_bindings --> node_venv_lib_python3_12_site-packages_PyQt6_bindings_QtWidgets["QtWidgets"]\n    node_venv_lib_python3_12_site-packages_PyQt6_bindings_QtWidgets --> node_venv_lib_python3_12_site-packages_PyQt6_bindings_QtWidgets_qmenu_sip["qmenu.sip"]\n    Root --> node_venv["venv"]\n    node_venv --> node_venv_lib["lib"]\n    node_venv_lib --> node_venv_lib_python3_12["python3.12"]\n    node_venv_lib_python3_12 --> node_venv_lib_python3_12_site-packages["site-packages"]\n    node_venv_lib_python3_12_site-packages --> node_venv_lib_python3_12_site-packages_PyQt6["PyQt6"]\n    node_venv_lib_python3_12_site-packages_PyQt6 --> node_venv_lib_python3_12_site-packages_PyQt6_bindings["bindings"]\n    node_venv_lib_python3_12_site-packages_PyQt6_bindings --> node_venv_lib_python3_12_site-packages_PyQt6_bindings_QtWidgets["QtWidgets"]\n    node_venv_lib_python3_12_site-packages_PyQt6_bindings_QtWidgets --> node_venv_lib_python3_12_site-packages_PyQt6_bindings_QtWidgets_qmenubar_sip["qmenubar.sip"]\n    Root --> node_venv["venv"]\n    node_venv --> node_venv_lib["lib"]\n    node_venv_lib --> node_venv_lib_python3_12["python3.12"]\n    node_venv_lib_python3_12 --> node_venv_lib_python3_12_site-packages["site-packages"]\n    node_venv_lib_python3_12_site-packages --> node_venv_lib_python3_12_site-packages_PyQt6["PyQt6"]\n    node_venv_lib_python3_12_site-packages_PyQt6 --> node_venv_lib_python3_12_site-packages_PyQt6_bindings["bindings"]\n    node_venv_lib_python3_12_site-packages_PyQt6_bindings --> node_venv_lib_python3_12_site-packages_PyQt6_bindings_QtWidgets["QtWidgets"]\n    node_venv_lib_python3_12_site-packages_PyQt6_bindings_QtWidgets --> node_venv_lib_python3_12_site-packages_PyQt6_bindings_QtWidgets_qmessagebox_sip["qmessagebox.sip"]\n    Root --> node_venv["venv"]\n    node_venv --> node_venv_lib["lib"]\n    node_venv_lib --> node_venv_lib_python3_12["python3.12"]\n    node_venv_lib_python3_12 --> node_venv_lib_python3_12_site-packages["site-packages"]\n    node_venv_lib_python3_12_site-packages --> node_venv_lib_python3_12_site-packages_PyQt6["PyQt6"]\n    node_venv_lib_python3_12_site-packages_PyQt6 --> node_venv_lib_python3_12_site-packages_PyQt6_bindings["bindings"]\n    node_venv_lib_python3_12_site-packages_PyQt6_bindings --> node_venv_lib_python3_12_site-packages_PyQt6_bindings_QtWidgets["QtWidgets"]\n    node_venv_lib_python3_12_site-packages_PyQt6_bindings_QtWidgets --> node_venv_lib_python3_12_site-packages_PyQt6_bindings_QtWidgets_qplaintextedit_sip["qplaintextedit.sip"]\n    Root --> node_venv["venv"]\n    node_venv --> node_venv_lib["lib"]\n    node_venv_lib --> node_venv_lib_python3_12["python3.12"]\n    node_venv_lib_python3_12 --> node_venv_lib_python3_12_site-packages["site-packages"]\n    node_venv_lib_python3_12_site-packages --> node_venv_lib_python3_12_site-packages_PyQt6["PyQt6"]\n    node_venv_lib_python3_12_site-packages_PyQt6 --> node_venv_lib_python3_12_site-packages_PyQt6_bindings["bindings"]\n    node_venv_lib_python3_12_site-packages_PyQt6_bindings --> node_venv_lib_python3_12_site-packages_PyQt6_bindings_QtWidgets["QtWidgets"]\n    node_venv_lib_python3_12_site-packages_PyQt6_bindings_QtWidgets --> node_venv_lib_python3_12_site-packages_PyQt6_bindings_QtWidgets_qprogressbar_sip["qprogressbar.sip"]\n    Root --> node_venv["venv"]\n    node_venv --> node_venv_lib["lib"]\n    node_venv_lib --> node_venv_lib_python3_12["python3.12"]\n    node_venv_lib_python3_12 --> node_venv_lib_python3_12_site-packages["site-packages"]\n    node_venv_lib_python3_12_site-packages --> node_venv_lib_python3_12_site-packages_PyQt6["PyQt6"]\n    node_venv_lib_python3_12_site-packages_PyQt6 --> node_venv_lib_python3_12_site-packages_PyQt6_bindings["bindings"]\n    node_venv_lib_python3_12_site-packages_PyQt6_bindings --> node_venv_lib_python3_12_site-packages_PyQt6_bindings_QtWidgets["QtWidgets"]\n    node_venv_lib_python3_12_site-packages_PyQt6_bindings_QtWidgets --> node_venv_lib_python3_12_site-packages_PyQt6_bindings_QtWidgets_qprogressdialog_sip["qprogressdialog.sip"]\n    Root --> node_venv["venv"]\n    node_venv --> node_venv_lib["lib"]\n    node_venv_lib --> node_venv_lib_python3_12["python3.12"]\n    node_venv_lib_python3_12 --> node_venv_lib_python3_12_site-packages["site-packages"]\n    node_venv_lib_python3_12_site-packages --> node_venv_lib_python3_12_site-packages_PyQt6["PyQt6"]\n    node_venv_lib_python3_12_site-packages_PyQt6 --> node_venv_lib_python3_12_site-packages_PyQt6_bindings["bindings"]\n    node_venv_lib_python3_12_site-packages_PyQt6_bindings --> node_venv_lib_python3_12_site-packages_PyQt6_bindings_QtWidgets["QtWidgets"]\n    node_venv_lib_python3_12_site-packages_PyQt6_bindings_QtWidgets --> node_venv_lib_python3_12_site-packages_PyQt6_bindings_QtWidgets_qproxystyle_sip["qproxystyle.sip"]\n    Root --> node_venv["venv"]\n    node_venv --> node_venv_lib["lib"]\n    node_venv_lib --> node_venv_lib_python3_12["python3.12"]\n    node_venv_lib_python3_12 --> node_venv_lib_python3_12_site-packages["site-packages"]\n    node_venv_lib_python3_12_site-packages --> node_venv_lib_python3_12_site-packages_PyQt6["PyQt6"]\n    node_venv_lib_python3_12_site-packages_PyQt6 --> node_venv_lib_python3_12_site-packages_PyQt6_bindings["bindings"]\n    node_venv_lib_python3_12_site-packages_PyQt6_bindings --> node_venv_lib_python3_12_site-packages_PyQt6_bindings_QtWidgets["QtWidgets"]\n    node_venv_lib_python3_12_site-packages_PyQt6_bindings_QtWidgets --> node_venv_lib_python3_12_site-packages_PyQt6_bindings_QtWidgets_qpushbutton_sip["qpushbutton.sip"]\n    Root --> node_venv["venv"]\n    node_venv --> node_venv_lib["lib"]\n    node_venv_lib --> node_venv_lib_python3_12["python3.12"]\n    node_venv_lib_python3_12 --> node_venv_lib_python3_12_site-packages["site-packages"]\n    node_venv_lib_python3_12_site-packages --> node_venv_lib_python3_12_site-packages_PyQt6["PyQt6"]\n    node_venv_lib_python3_12_site-packages_PyQt6 --> node_venv_lib_python3_12_site-packages_PyQt6_bindings["bindings"]\n    node_venv_lib_python3_12_site-packages_PyQt6_bindings --> node_venv_lib_python3_12_site-packages_PyQt6_bindings_QtWidgets["QtWidgets"]\n    node_venv_lib_python3_12_site-packages_PyQt6_bindings_QtWidgets --> node_venv_lib_python3_12_site-packages_PyQt6_bindings_QtWidgets_qpywidgets_qlist_sip["qpywidgets_qlist.sip"]\n    Root --> node_venv["venv"]\n    node_venv --> node_venv_lib["lib"]\n    node_venv_lib --> node_venv_lib_python3_12["python3.12"]\n    node_venv_lib_python3_12 --> node_venv_lib_python3_12_site-packages["site-packages"]\n    node_venv_lib_python3_12_site-packages --> node_venv_lib_python3_12_site-packages_PyQt6["PyQt6"]\n    node_venv_lib_python3_12_site-packages_PyQt6 --> node_venv_lib_python3_12_site-packages_PyQt6_bindings["bindings"]\n    node_venv_lib_python3_12_site-packages_PyQt6_bindings --> node_venv_lib_python3_12_site-packages_PyQt6_bindings_QtWidgets["QtWidgets"]\n    node_venv_lib_python3_12_site-packages_PyQt6_bindings_QtWidgets --> node_venv_lib_python3_12_site-packages_PyQt6_bindings_QtWidgets_qradiobutton_sip["qradiobutton.sip"]\n    Root --> node_venv["venv"]\n    node_venv --> node_venv_lib["lib"]\n    node_venv_lib --> node_venv_lib_python3_12["python3.12"]\n    node_venv_lib_python3_12 --> node_venv_lib_python3_12_site-packages["site-packages"]\n    node_venv_lib_python3_12_site-packages --> node_venv_lib_python3_12_site-packages_PyQt6["PyQt6"]\n    node_venv_lib_python3_12_site-packages_PyQt6 --> node_venv_lib_python3_12_site-packages_PyQt6_bindings["bindings"]\n    node_venv_lib_python3_12_site-packages_PyQt6_bindings --> node_venv_lib_python3_12_site-packages_PyQt6_bindings_QtWidgets["QtWidgets"]\n    node_venv_lib_python3_12_site-packages_PyQt6_bindings_QtWidgets --> node_venv_lib_python3_12_site-packages_PyQt6_bindings_QtWidgets_qrubberband_sip["qrubberband.sip"]\n    Root --> node_venv["venv"]\n    node_venv --> node_venv_lib["lib"]\n    node_venv_lib --> node_venv_lib_python3_12["python3.12"]\n    node_venv_lib_python3_12 --> node_venv_lib_python3_12_site-packages["site-packages"]\n    node_venv_lib_python3_12_site-packages --> node_venv_lib_python3_12_site-packages_PyQt6["PyQt6"]\n    node_venv_lib_python3_12_site-packages_PyQt6 --> node_venv_lib_python3_12_site-packages_PyQt6_bindings["bindings"]\n    node_venv_lib_python3_12_site-packages_PyQt6_bindings --> node_venv_lib_python3_12_site-packages_PyQt6_bindings_QtWidgets["QtWidgets"]\n    node_venv_lib_python3_12_site-packages_PyQt6_bindings_QtWidgets --> node_venv_lib_python3_12_site-packages_PyQt6_bindings_QtWidgets_qscrollarea_sip["qscrollarea.sip"]\n    Root --> node_venv["venv"]\n    node_venv --> node_venv_lib["lib"]\n    node_venv_lib --> node_venv_lib_python3_12["python3.12"]\n    node_venv_lib_python3_12 --> node_venv_lib_python3_12_site-packages["site-packages"]\n    node_venv_lib_python3_12_site-packages --> node_venv_lib_python3_12_site-packages_PyQt6["PyQt6"]\n    node_venv_lib_python3_12_site-packages_PyQt6 --> node_venv_lib_python3_12_site-packages_PyQt6_bindings["bindings"]\n    node_venv_lib_python3_12_site-packages_PyQt6_bindings --> node_venv_lib_python3_12_site-packages_PyQt6_bindings_QtWidgets["QtWidgets"]\n    node_venv_lib_python3_12_site-packages_PyQt6_bindings_QtWidgets --> node_venv_lib_python3_12_site-packages_PyQt6_bindings_QtWidgets_qscrollbar_sip["qscrollbar.sip"]\n    Root --> node_venv["venv"]\n    node_venv --> node_venv_lib["lib"]\n    node_venv_lib --> node_venv_lib_python3_12["python3.12"]\n    node_venv_lib_python3_12 --> node_venv_lib_python3_12_site-packages["site-packages"]\n    node_venv_lib_python3_12_site-packages --> node_venv_lib_python3_12_site-packages_PyQt6["PyQt6"]\n    node_venv_lib_python3_12_site-packages_PyQt6 --> node_venv_lib_python3_12_site-packages_PyQt6_bindings["bindings"]\n    node_venv_lib_python3_12_site-packages_PyQt6_bindings --> node_venv_lib_python3_12_site-packages_PyQt6_bindings_QtWidgets["QtWidgets"]\n    node_venv_lib_python3_12_site-packages_PyQt6_bindings_QtWidgets --> node_venv_lib_python3_12_site-packages_PyQt6_bindings_QtWidgets_qscroller_sip["qscroller.sip"]\n    Root --> node_venv["venv"]\n    node_venv --> node_venv_lib["lib"]\n    node_venv_lib --> node_venv_lib_python3_12["python3.12"]\n    node_venv_lib_python3_12 --> node_venv_lib_python3_12_site-packages["site-packages"]\n    node_venv_lib_python3_12_site-packages --> node_venv_lib_python3_12_site-packages_PyQt6["PyQt6"]\n    node_venv_lib_python3_12_site-packages_PyQt6 --> node_venv_lib_python3_12_site-packages_PyQt6_bindings["bindings"]\n    node_venv_lib_python3_12_site-packages_PyQt6_bindings --> node_venv_lib_python3_12_site-packages_PyQt6_bindings_QtWidgets["QtWidgets"]\n    node_venv_lib_python3_12_site-packages_PyQt6_bindings_QtWidgets --> node_venv_lib_python3_12_site-packages_PyQt6_bindings_QtWidgets_qscrollerproperties_sip["qscrollerproperties.sip"]\n    Root --> node_venv["venv"]\n    node_venv --> node_venv_lib["lib"]\n    node_venv_lib --> node_venv_lib_python3_12["python3.12"]\n    node_venv_lib_python3_12 --> node_venv_lib_python3_12_site-packages["site-packages"]\n    node_venv_lib_python3_12_site-packages --> node_venv_lib_python3_12_site-packages_PyQt6["PyQt6"]\n    node_venv_lib_python3_12_site-packages_PyQt6 --> node_venv_lib_python3_12_site-packages_PyQt6_bindings["bindings"]\n    node_venv_lib_python3_12_site-packages_PyQt6_bindings --> node_venv_lib_python3_12_site-packages_PyQt6_bindings_QtWidgets["QtWidgets"]\n    node_venv_lib_python3_12_site-packages_PyQt6_bindings_QtWidgets --> node_venv_lib_python3_12_site-packages_PyQt6_bindings_QtWidgets_qsizegrip_sip["qsizegrip.sip"]\n    Root --> node_venv["venv"]\n    node_venv --> node_venv_lib["lib"]\n    node_venv_lib --> node_venv_lib_python3_12["python3.12"]\n    node_venv_lib_python3_12 --> node_venv_lib_python3_12_site-packages["site-packages"]\n    node_venv_lib_python3_12_site-packages --> node_venv_lib_python3_12_site-packages_PyQt6["PyQt6"]\n    node_venv_lib_python3_12_site-packages_PyQt6 --> node_venv_lib_python3_12_site-packages_PyQt6_bindings["bindings"]\n    node_venv_lib_python3_12_site-packages_PyQt6_bindings --> node_venv_lib_python3_12_site-packages_PyQt6_bindings_QtWidgets["QtWidgets"]\n    node_venv_lib_python3_12_site-packages_PyQt6_bindings_QtWidgets --> node_venv_lib_python3_12_site-packages_PyQt6_bindings_QtWidgets_qsizepolicy_sip["qsizepolicy.sip"]\n    Root --> node_venv["venv"]\n    node_venv --> node_venv_lib["lib"]\n    node_venv_lib --> node_venv_lib_python3_12["python3.12"]\n    node_venv_lib_python3_12 --> node_venv_lib_python3_12_site-packages["site-packages"]\n    node_venv_lib_python3_12_site-packages --> node_venv_lib_python3_12_site-packages_PyQt6["PyQt6"]\n    node_venv_lib_python3_12_site-packages_PyQt6 --> node_venv_lib_python3_12_site-packages_PyQt6_bindings["bindings"]\n    node_venv_lib_python3_12_site-packages_PyQt6_bindings --> node_venv_lib_python3_12_site-packages_PyQt6_bindings_QtWidgets["QtWidgets"]\n    node_venv_lib_python3_12_site-packages_PyQt6_bindings_QtWidgets --> node_venv_lib_python3_12_site-packages_PyQt6_bindings_QtWidgets_qslider_sip["qslider.sip"]\n    Root --> node_venv["venv"]\n    node_venv --> node_venv_lib["lib"]\n    node_venv_lib --> node_venv_lib_python3_12["python3.12"]\n    node_venv_lib_python3_12 --> node_venv_lib_python3_12_site-packages["site-packages"]\n    node_venv_lib_python3_12_site-packages --> node_venv_lib_python3_12_site-packages_PyQt6["PyQt6"]\n    node_venv_lib_python3_12_site-packages_PyQt6 --> node_venv_lib_python3_12_site-packages_PyQt6_bindings["bindings"]\n    node_venv_lib_python3_12_site-packages_PyQt6_bindings --> node_venv_lib_python3_12_site-packages_PyQt6_bindings_QtWidgets["QtWidgets"]\n    node_venv_lib_python3_12_site-packages_PyQt6_bindings_QtWidgets --> node_venv_lib_python3_12_site-packages_PyQt6_bindings_QtWidgets_qspinbox_sip["qspinbox.sip"]\n    Root --> node_venv["venv"]\n    node_venv --> node_venv_lib["lib"]\n    node_venv_lib --> node_venv_lib_python3_12["python3.12"]\n    node_venv_lib_python3_12 --> node_venv_lib_python3_12_site-packages["site-packages"]\n    node_venv_lib_python3_12_site-packages --> node_venv_lib_python3_12_site-packages_PyQt6["PyQt6"]\n    node_venv_lib_python3_12_site-packages_PyQt6 --> node_venv_lib_python3_12_site-packages_PyQt6_bindings["bindings"]\n    node_venv_lib_python3_12_site-packages_PyQt6_bindings --> node_venv_lib_python3_12_site-packages_PyQt6_bindings_QtWidgets["QtWidgets"]\n    node_venv_lib_python3_12_site-packages_PyQt6_bindings_QtWidgets --> node_venv_lib_python3_12_site-packages_PyQt6_bindings_QtWidgets_qsplashscreen_sip["qsplashscreen.sip"]\n    Root --> node_venv["venv"]\n    node_venv --> node_venv_lib["lib"]\n    node_venv_lib --> node_venv_lib_python3_12["python3.12"]\n    node_venv_lib_python3_12 --> node_venv_lib_python3_12_site-packages["site-packages"]\n    node_venv_lib_python3_12_site-packages --> node_venv_lib_python3_12_site-packages_PyQt6["PyQt6"]\n    node_venv_lib_python3_12_site-packages_PyQt6 --> node_venv_lib_python3_12_site-packages_PyQt6_bindings["bindings"]\n    node_venv_lib_python3_12_site-packages_PyQt6_bindings --> node_venv_lib_python3_12_site-packages_PyQt6_bindings_QtWidgets["QtWidgets"]\n    node_venv_lib_python3_12_site-packages_PyQt6_bindings_QtWidgets --> node_venv_lib_python3_12_site-packages_PyQt6_bindings_QtWidgets_qsplitter_sip["qsplitter.sip"]\n    Root --> node_venv["venv"]\n    node_venv --> node_venv_lib["lib"]\n    node_venv_lib --> node_venv_lib_python3_12["python3.12"]\n    node_venv_lib_python3_12 --> node_venv_lib_python3_12_site-packages["site-packages"]\n    node_venv_lib_python3_12_site-packages --> node_venv_lib_python3_12_site-packages_PyQt6["PyQt6"]\n    node_venv_lib_python3_12_site-packages_PyQt6 --> node_venv_lib_python3_12_site-packages_PyQt6_bindings["bindings"]\n    node_venv_lib_python3_12_site-packages_PyQt6_bindings --> node_venv_lib_python3_12_site-packages_PyQt6_bindings_QtWidgets["QtWidgets"]\n    node_venv_lib_python3_12_site-packages_PyQt6_bindings_QtWidgets --> node_venv_lib_python3_12_site-packages_PyQt6_bindings_QtWidgets_qstackedlayout_sip["qstackedlayout.sip"]\n    Root --> node_venv["venv"]\n    node_venv --> node_venv_lib["lib"]\n    node_venv_lib --> node_venv_lib_python3_12["python3.12"]\n    node_venv_lib_python3_12 --> node_venv_lib_python3_12_site-packages["site-packages"]\n    node_venv_lib_python3_12_site-packages --> node_venv_lib_python3_12_site-packages_PyQt6["PyQt6"]\n    node_venv_lib_python3_12_site-packages_PyQt6 --> node_venv_lib_python3_12_site-packages_PyQt6_bindings["bindings"]\n    node_venv_lib_python3_12_site-packages_PyQt6_bindings --> node_venv_lib_python3_12_site-packages_PyQt6_bindings_QtWidgets["QtWidgets"]\n    node_venv_lib_python3_12_site-packages_PyQt6_bindings_QtWidgets --> node_venv_lib_python3_12_site-packages_PyQt6_bindings_QtWidgets_qstackedwidget_sip["qstackedwidget.sip"]\n    Root --> node_venv["venv"]\n    node_venv --> node_venv_lib["lib"]\n    node_venv_lib --> node_venv_lib_python3_12["python3.12"]\n    node_venv_lib_python3_12 --> node_venv_lib_python3_12_site-packages["site-packages"]\n    node_venv_lib_python3_12_site-packages --> node_venv_lib_python3_12_site-packages_PyQt6["PyQt6"]\n    node_venv_lib_python3_12_site-packages_PyQt6 --> node_venv_lib_python3_12_site-packages_PyQt6_bindings["bindings"]\n    node_venv_lib_python3_12_site-packages_PyQt6_bindings --> node_venv_lib_python3_12_site-packages_PyQt6_bindings_QtWidgets["QtWidgets"]\n    node_venv_lib_python3_12_site-packages_PyQt6_bindings_QtWidgets --> node_venv_lib_python3_12_site-packages_PyQt6_bindings_QtWidgets_qstatusbar_sip["qstatusbar.sip"]\n    Root --> node_venv["venv"]\n    node_venv --> node_venv_lib["lib"]\n    node_venv_lib --> node_venv_lib_python3_12["python3.12"]\n    node_venv_lib_python3_12 --> node_venv_lib_python3_12_site-packages["site-packages"]\n    node_venv_lib_python3_12_site-packages --> node_venv_lib_python3_12_site-packages_PyQt6["PyQt6"]\n    node_venv_lib_python3_12_site-packages_PyQt6 --> node_venv_lib_python3_12_site-packages_PyQt6_bindings["bindings"]\n    node_venv_lib_python3_12_site-packages_PyQt6_bindings --> node_venv_lib_python3_12_site-packages_PyQt6_bindings_QtWidgets["QtWidgets"]\n    node_venv_lib_python3_12_site-packages_PyQt6_bindings_QtWidgets --> node_venv_lib_python3_12_site-packages_PyQt6_bindings_QtWidgets_qstyle_sip["qstyle.sip"]\n    Root --> node_venv["venv"]\n    node_venv --> node_venv_lib["lib"]\n    node_venv_lib --> node_venv_lib_python3_12["python3.12"]\n    node_venv_lib_python3_12 --> node_venv_lib_python3_12_site-packages["site-packages"]\n    node_venv_lib_python3_12_site-packages --> node_venv_lib_python3_12_site-packages_PyQt6["PyQt6"]\n    node_venv_lib_python3_12_site-packages_PyQt6 --> node_venv_lib_python3_12_site-packages_PyQt6_bindings["bindings"]\n    node_venv_lib_python3_12_site-packages_PyQt6_bindings --> node_venv_lib_python3_12_site-packages_PyQt6_bindings_QtWidgets["QtWidgets"]\n    node_venv_lib_python3_12_site-packages_PyQt6_bindings_QtWidgets --> node_venv_lib_python3_12_site-packages_PyQt6_bindings_QtWidgets_qstyleditemdelegate_sip["qstyleditemdelegate.sip"]\n    Root --> node_venv["venv"]\n    node_venv --> node_venv_lib["lib"]\n    node_venv_lib --> node_venv_lib_python3_12["python3.12"]\n    node_venv_lib_python3_12 --> node_venv_lib_python3_12_site-packages["site-packages"]\n    node_venv_lib_python3_12_site-packages --> node_venv_lib_python3_12_site-packages_PyQt6["PyQt6"]\n    node_venv_lib_python3_12_site-packages_PyQt6 --> node_venv_lib_python3_12_site-packages_PyQt6_bindings["bindings"]\n    node_venv_lib_python3_12_site-packages_PyQt6_bindings --> node_venv_lib_python3_12_site-packages_PyQt6_bindings_QtWidgets["QtWidgets"]\n    node_venv_lib_python3_12_site-packages_PyQt6_bindings_QtWidgets --> node_venv_lib_python3_12_site-packages_PyQt6_bindings_QtWidgets_qstylefactory_sip["qstylefactory.sip"]\n    Root --> node_venv["venv"]\n    node_venv --> node_venv_lib["lib"]\n    node_venv_lib --> node_venv_lib_python3_12["python3.12"]\n    node_venv_lib_python3_12 --> node_venv_lib_python3_12_site-packages["site-packages"]\n    node_venv_lib_python3_12_site-packages --> node_venv_lib_python3_12_site-packages_PyQt6["PyQt6"]\n    node_venv_lib_python3_12_site-packages_PyQt6 --> node_venv_lib_python3_12_site-packages_PyQt6_bindings["bindings"]\n    node_venv_lib_python3_12_site-packages_PyQt6_bindings --> node_venv_lib_python3_12_site-packages_PyQt6_bindings_QtWidgets["QtWidgets"]\n    node_venv_lib_python3_12_site-packages_PyQt6_bindings_QtWidgets --> node_venv_lib_python3_12_site-packages_PyQt6_bindings_QtWidgets_qstyleoption_sip["qstyleoption.sip"]\n    Root --> node_venv["venv"]\n    node_venv --> node_venv_lib["lib"]\n    node_venv_lib --> node_venv_lib_python3_12["python3.12"]\n    node_venv_lib_python3_12 --> node_venv_lib_python3_12_site-packages["site-packages"]\n    node_venv_lib_python3_12_site-packages --> node_venv_lib_python3_12_site-packages_PyQt6["PyQt6"]\n    node_venv_lib_python3_12_site-packages_PyQt6 --> node_venv_lib_python3_12_site-packages_PyQt6_bindings["bindings"]\n    node_venv_lib_python3_12_site-packages_PyQt6_bindings --> node_venv_lib_python3_12_site-packages_PyQt6_bindings_QtWidgets["QtWidgets"]\n    node_venv_lib_python3_12_site-packages_PyQt6_bindings_QtWidgets --> node_venv_lib_python3_12_site-packages_PyQt6_bindings_QtWidgets_qstylepainter_sip["qstylepainter.sip"]\n    Root --> node_venv["venv"]\n    node_venv --> node_venv_lib["lib"]\n    node_venv_lib --> node_venv_lib_python3_12["python3.12"]\n    node_venv_lib_python3_12 --> node_venv_lib_python3_12_site-packages["site-packages"]\n    node_venv_lib_python3_12_site-packages --> node_venv_lib_python3_12_site-packages_PyQt6["PyQt6"]\n    node_venv_lib_python3_12_site-packages_PyQt6 --> node_venv_lib_python3_12_site-packages_PyQt6_bindings["bindings"]\n    node_venv_lib_python3_12_site-packages_PyQt6_bindings --> node_venv_lib_python3_12_site-packages_PyQt6_bindings_QtWidgets["QtWidgets"]\n    node_venv_lib_python3_12_site-packages_PyQt6_bindings_QtWidgets --> node_venv_lib_python3_12_site-packages_PyQt6_bindings_QtWidgets_qsystemtrayicon_sip["qsystemtrayicon.sip"]\n    Root --> node_venv["venv"]\n    node_venv --> node_venv_lib["lib"]\n    node_venv_lib --> node_venv_lib_python3_12["python3.12"]\n    node_venv_lib_python3_12 --> node_venv_lib_python3_12_site-packages["site-packages"]\n    node_venv_lib_python3_12_site-packages --> node_venv_lib_python3_12_site-packages_PyQt6["PyQt6"]\n    node_venv_lib_python3_12_site-packages_PyQt6 --> node_venv_lib_python3_12_site-packages_PyQt6_bindings["bindings"]\n    node_venv_lib_python3_12_site-packages_PyQt6_bindings --> node_venv_lib_python3_12_site-packages_PyQt6_bindings_QtWidgets["QtWidgets"]\n    node_venv_lib_python3_12_site-packages_PyQt6_bindings_QtWidgets --> node_venv_lib_python3_12_site-packages_PyQt6_bindings_QtWidgets_qtabbar_sip["qtabbar.sip"]\n    Root --> node_venv["venv"]\n    node_venv --> node_venv_lib["lib"]\n    node_venv_lib --> node_venv_lib_python3_12["python3.12"]\n    node_venv_lib_python3_12 --> node_venv_lib_python3_12_site-packages["site-packages"]\n    node_venv_lib_python3_12_site-packages --> node_venv_lib_python3_12_site-packages_PyQt6["PyQt6"]\n    node_venv_lib_python3_12_site-packages_PyQt6 --> node_venv_lib_python3_12_site-packages_PyQt6_bindings["bindings"]\n    node_venv_lib_python3_12_site-packages_PyQt6_bindings --> node_venv_lib_python3_12_site-packages_PyQt6_bindings_QtWidgets["QtWidgets"]\n    node_venv_lib_python3_12_site-packages_PyQt6_bindings_QtWidgets --> node_venv_lib_python3_12_site-packages_PyQt6_bindings_QtWidgets_qtableview_sip["qtableview.sip"]\n    Root --> node_venv["venv"]\n    node_venv --> node_venv_lib["lib"]\n    node_venv_lib --> node_venv_lib_python3_12["python3.12"]\n    node_venv_lib_python3_12 --> node_venv_lib_python3_12_site-packages["site-packages"]\n    node_venv_lib_python3_12_site-packages --> node_venv_lib_python3_12_site-packages_PyQt6["PyQt6"]\n    node_venv_lib_python3_12_site-packages_PyQt6 --> node_venv_lib_python3_12_site-packages_PyQt6_bindings["bindings"]\n    node_venv_lib_python3_12_site-packages_PyQt6_bindings --> node_venv_lib_python3_12_site-packages_PyQt6_bindings_QtWidgets["QtWidgets"]\n    node_venv_lib_python3_12_site-packages_PyQt6_bindings_QtWidgets --> node_venv_lib_python3_12_site-packages_PyQt6_bindings_QtWidgets_qtablewidget_sip["qtablewidget.sip"]\n    Root --> node_venv["venv"]\n    node_venv --> node_venv_lib["lib"]\n    node_venv_lib --> node_venv_lib_python3_12["python3.12"]\n    node_venv_lib_python3_12 --> node_venv_lib_python3_12_site-packages["site-packages"]\n    node_venv_lib_python3_12_site-packages --> node_venv_lib_python3_12_site-packages_PyQt6["PyQt6"]\n    node_venv_lib_python3_12_site-packages_PyQt6 --> node_venv_lib_python3_12_site-packages_PyQt6_bindings["bindings"]\n    node_venv_lib_python3_12_site-packages_PyQt6_bindings --> node_venv_lib_python3_12_site-packages_PyQt6_bindings_QtWidgets["QtWidgets"]\n    node_venv_lib_python3_12_site-packages_PyQt6_bindings_QtWidgets --> node_venv_lib_python3_12_site-packages_PyQt6_bindings_QtWidgets_qtabwidget_sip["qtabwidget.sip"]\n    Root --> node_venv["venv"]\n    node_venv --> node_venv_lib["lib"]\n    node_venv_lib --> node_venv_lib_python3_12["python3.12"]\n    node_venv_lib_python3_12 --> node_venv_lib_python3_12_site-packages["site-packages"]\n    node_venv_lib_python3_12_site-packages --> node_venv_lib_python3_12_site-packages_PyQt6["PyQt6"]\n    node_venv_lib_python3_12_site-packages_PyQt6 --> node_venv_lib_python3_12_site-packages_PyQt6_bindings["bindings"]\n    node_venv_lib_python3_12_site-packages_PyQt6_bindings --> node_venv_lib_python3_12_site-packages_PyQt6_bindings_QtWidgets["QtWidgets"]\n    node_venv_lib_python3_12_site-packages_PyQt6_bindings_QtWidgets --> node_venv_lib_python3_12_site-packages_PyQt6_bindings_QtWidgets_qtextbrowser_sip["qtextbrowser.sip"]\n    Root --> node_venv["venv"]\n    node_venv --> node_venv_lib["lib"]\n    node_venv_lib --> node_venv_lib_python3_12["python3.12"]\n    node_venv_lib_python3_12 --> node_venv_lib_python3_12_site-packages["site-packages"]\n    node_venv_lib_python3_12_site-packages --> node_venv_lib_python3_12_site-packages_PyQt6["PyQt6"]\n    node_venv_lib_python3_12_site-packages_PyQt6 --> node_venv_lib_python3_12_site-packages_PyQt6_bindings["bindings"]\n    node_venv_lib_python3_12_site-packages_PyQt6_bindings --> node_venv_lib_python3_12_site-packages_PyQt6_bindings_QtWidgets["QtWidgets"]\n    node_venv_lib_python3_12_site-packages_PyQt6_bindings_QtWidgets --> node_venv_lib_python3_12_site-packages_PyQt6_bindings_QtWidgets_qtextedit_sip["qtextedit.sip"]\n    Root --> node_venv["venv"]\n    node_venv --> node_venv_lib["lib"]\n    node_venv_lib --> node_venv_lib_python3_12["python3.12"]\n    node_venv_lib_python3_12 --> node_venv_lib_python3_12_site-packages["site-packages"]\n    node_venv_lib_python3_12_site-packages --> node_venv_lib_python3_12_site-packages_PyQt6["PyQt6"]\n    node_venv_lib_python3_12_site-packages_PyQt6 --> node_venv_lib_python3_12_site-packages_PyQt6_bindings["bindings"]\n    node_venv_lib_python3_12_site-packages_PyQt6_bindings --> node_venv_lib_python3_12_site-packages_PyQt6_bindings_QtWidgets["QtWidgets"]\n    node_venv_lib_python3_12_site-packages_PyQt6_bindings_QtWidgets --> node_venv_lib_python3_12_site-packages_PyQt6_bindings_QtWidgets_qtoolbar_sip["qtoolbar.sip"]\n    Root --> node_venv["venv"]\n    node_venv --> node_venv_lib["lib"]\n    node_venv_lib --> node_venv_lib_python3_12["python3.12"]\n    node_venv_lib_python3_12 --> node_venv_lib_python3_12_site-packages["site-packages"]\n    node_venv_lib_python3_12_site-packages --> node_venv_lib_python3_12_site-packages_PyQt6["PyQt6"]\n    node_venv_lib_python3_12_site-packages_PyQt6 --> node_venv_lib_python3_12_site-packages_PyQt6_bindings["bindings"]\n    node_venv_lib_python3_12_site-packages_PyQt6_bindings --> node_venv_lib_python3_12_site-packages_PyQt6_bindings_QtWidgets["QtWidgets"]\n    node_venv_lib_python3_12_site-packages_PyQt6_bindings_QtWidgets --> node_venv_lib_python3_12_site-packages_PyQt6_bindings_QtWidgets_qtoolbox_sip["qtoolbox.sip"]\n    Root --> node_venv["venv"]\n    node_venv --> node_venv_lib["lib"]\n    node_venv_lib --> node_venv_lib_python3_12["python3.12"]\n    node_venv_lib_python3_12 --> node_venv_lib_python3_12_site-packages["site-packages"]\n    node_venv_lib_python3_12_site-packages --> node_venv_lib_python3_12_site-packages_PyQt6["PyQt6"]\n    node_venv_lib_python3_12_site-packages_PyQt6 --> node_venv_lib_python3_12_site-packages_PyQt6_bindings["bindings"]\n    node_venv_lib_python3_12_site-packages_PyQt6_bindings --> node_venv_lib_python3_12_site-packages_PyQt6_bindings_QtWidgets["QtWidgets"]\n    node_venv_lib_python3_12_site-packages_PyQt6_bindings_QtWidgets --> node_venv_lib_python3_12_site-packages_PyQt6_bindings_QtWidgets_qtoolbutton_sip["qtoolbutton.sip"]\n    Root --> node_venv["venv"]\n    node_venv --> node_venv_lib["lib"]\n    node_venv_lib --> node_venv_lib_python3_12["python3.12"]\n    node_venv_lib_python3_12 --> node_venv_lib_python3_12_site-packages["site-packages"]\n    node_venv_lib_python3_12_site-packages --> node_venv_lib_python3_12_site-packages_PyQt6["PyQt6"]\n    node_venv_lib_python3_12_site-packages_PyQt6 --> node_venv_lib_python3_12_site-packages_PyQt6_bindings["bindings"]\n    node_venv_lib_python3_12_site-packages_PyQt6_bindings --> node_venv_lib_python3_12_site-packages_PyQt6_bindings_QtWidgets["QtWidgets"]\n    node_venv_lib_python3_12_site-packages_PyQt6_bindings_QtWidgets --> node_venv_lib_python3_12_site-packages_PyQt6_bindings_QtWidgets_qtooltip_sip["qtooltip.sip"]\n    Root --> node_venv["venv"]\n    node_venv --> node_venv_lib["lib"]\n    node_venv_lib --> node_venv_lib_python3_12["python3.12"]\n    node_venv_lib_python3_12 --> node_venv_lib_python3_12_site-packages["site-packages"]\n    node_venv_lib_python3_12_site-packages --> node_venv_lib_python3_12_site-packages_PyQt6["PyQt6"]\n    node_venv_lib_python3_12_site-packages_PyQt6 --> node_venv_lib_python3_12_site-packages_PyQt6_bindings["bindings"]\n    node_venv_lib_python3_12_site-packages_PyQt6_bindings --> node_venv_lib_python3_12_site-packages_PyQt6_bindings_QtWidgets["QtWidgets"]\n    node_venv_lib_python3_12_site-packages_PyQt6_bindings_QtWidgets --> node_venv_lib_python3_12_site-packages_PyQt6_bindings_QtWidgets_qtreeview_sip["qtreeview.sip"]\n    Root --> node_venv["venv"]\n    node_venv --> node_venv_lib["lib"]\n    node_venv_lib --> node_venv_lib_python3_12["python3.12"]\n    node_venv_lib_python3_12 --> node_venv_lib_python3_12_site-packages["site-packages"]\n    node_venv_lib_python3_12_site-packages --> node_venv_lib_python3_12_site-packages_PyQt6["PyQt6"]\n    node_venv_lib_python3_12_site-packages_PyQt6 --> node_venv_lib_python3_12_site-packages_PyQt6_bindings["bindings"]\n    node_venv_lib_python3_12_site-packages_PyQt6_bindings --> node_venv_lib_python3_12_site-packages_PyQt6_bindings_QtWidgets["QtWidgets"]\n    node_venv_lib_python3_12_site-packages_PyQt6_bindings_QtWidgets --> node_venv_lib_python3_12_site-packages_PyQt6_bindings_QtWidgets_qtreewidget_sip["qtreewidget.sip"]\n    Root --> node_venv["venv"]\n    node_venv --> node_venv_lib["lib"]\n    node_venv_lib --> node_venv_lib_python3_12["python3.12"]\n    node_venv_lib_python3_12 --> node_venv_lib_python3_12_site-packages["site-packages"]\n    node_venv_lib_python3_12_site-packages --> node_venv_lib_python3_12_site-packages_PyQt6["PyQt6"]\n    node_venv_lib_python3_12_site-packages_PyQt6 --> node_venv_lib_python3_12_site-packages_PyQt6_bindings["bindings"]\n    node_venv_lib_python3_12_site-packages_PyQt6_bindings --> node_venv_lib_python3_12_site-packages_PyQt6_bindings_QtWidgets["QtWidgets"]\n    node_venv_lib_python3_12_site-packages_PyQt6_bindings_QtWidgets --> node_venv_lib_python3_12_site-packages_PyQt6_bindings_QtWidgets_qtreewidgetitemiterator_sip["qtreewidgetitemiterator.sip"]\n    Root --> node_venv["venv"]\n    node_venv --> node_venv_lib["lib"]\n    node_venv_lib --> node_venv_lib_python3_12["python3.12"]\n    node_venv_lib_python3_12 --> node_venv_lib_python3_12_site-packages["site-packages"]\n    node_venv_lib_python3_12_site-packages --> node_venv_lib_python3_12_site-packages_PyQt6["PyQt6"]\n    node_venv_lib_python3_12_site-packages_PyQt6 --> node_venv_lib_python3_12_site-packages_PyQt6_bindings["bindings"]\n    node_venv_lib_python3_12_site-packages_PyQt6_bindings --> node_venv_lib_python3_12_site-packages_PyQt6_bindings_QtWidgets["QtWidgets"]\n    node_venv_lib_python3_12_site-packages_PyQt6_bindings_QtWidgets --> node_venv_lib_python3_12_site-packages_PyQt6_bindings_QtWidgets_qundoview_sip["qundoview.sip"]\n    Root --> node_venv["venv"]\n    node_venv --> node_venv_lib["lib"]\n    node_venv_lib --> node_venv_lib_python3_12["python3.12"]\n    node_venv_lib_python3_12 --> node_venv_lib_python3_12_site-packages["site-packages"]\n    node_venv_lib_python3_12_site-packages --> node_venv_lib_python3_12_site-packages_PyQt6["PyQt6"]\n    node_venv_lib_python3_12_site-packages_PyQt6 --> node_venv_lib_python3_12_site-packages_PyQt6_bindings["bindings"]\n    node_venv_lib_python3_12_site-packages_PyQt6_bindings --> node_venv_lib_python3_12_site-packages_PyQt6_bindings_QtWidgets["QtWidgets"]\n    node_venv_lib_python3_12_site-packages_PyQt6_bindings_QtWidgets --> node_venv_lib_python3_12_site-packages_PyQt6_bindings_QtWidgets_qwhatsthis_sip["qwhatsthis.sip"]\n    Root --> node_venv["venv"]\n    node_venv --> node_venv_lib["lib"]\n    node_venv_lib --> node_venv_lib_python3_12["python3.12"]\n    node_venv_lib_python3_12 --> node_venv_lib_python3_12_site-packages["site-packages"]\n    node_venv_lib_python3_12_site-packages --> node_venv_lib_python3_12_site-packages_PyQt6["PyQt6"]\n    node_venv_lib_python3_12_site-packages_PyQt6 --> node_venv_lib_python3_12_site-packages_PyQt6_bindings["bindings"]\n    node_venv_lib_python3_12_site-packages_PyQt6_bindings --> node_venv_lib_python3_12_site-packages_PyQt6_bindings_QtWidgets["QtWidgets"]\n    node_venv_lib_python3_12_site-packages_PyQt6_bindings_QtWidgets --> node_venv_lib_python3_12_site-packages_PyQt6_bindings_QtWidgets_qwidget_sip["qwidget.sip"]\n    Root --> node_venv["venv"]\n    node_venv --> node_venv_lib["lib"]\n    node_venv_lib --> node_venv_lib_python3_12["python3.12"]\n    node_venv_lib_python3_12 --> node_venv_lib_python3_12_site-packages["site-packages"]\n    node_venv_lib_python3_12_site-packages --> node_venv_lib_python3_12_site-packages_PyQt6["PyQt6"]\n    node_venv_lib_python3_12_site-packages_PyQt6 --> node_venv_lib_python3_12_site-packages_PyQt6_bindings["bindings"]\n    node_venv_lib_python3_12_site-packages_PyQt6_bindings --> node_venv_lib_python3_12_site-packages_PyQt6_bindings_QtWidgets["QtWidgets"]\n    node_venv_lib_python3_12_site-packages_PyQt6_bindings_QtWidgets --> node_venv_lib_python3_12_site-packages_PyQt6_bindings_QtWidgets_qwidgetaction_sip["qwidgetaction.sip"]\n    Root --> node_venv["venv"]\n    node_venv --> node_venv_lib["lib"]\n    node_venv_lib --> node_venv_lib_python3_12["python3.12"]\n    node_venv_lib_python3_12 --> node_venv_lib_python3_12_site-packages["site-packages"]\n    node_venv_lib_python3_12_site-packages --> node_venv_lib_python3_12_site-packages_PyQt6["PyQt6"]\n    node_venv_lib_python3_12_site-packages_PyQt6 --> node_venv_lib_python3_12_site-packages_PyQt6_bindings["bindings"]\n    node_venv_lib_python3_12_site-packages_PyQt6_bindings --> node_venv_lib_python3_12_site-packages_PyQt6_bindings_QtWidgets["QtWidgets"]\n    node_venv_lib_python3_12_site-packages_PyQt6_bindings_QtWidgets --> node_venv_lib_python3_12_site-packages_PyQt6_bindings_QtWidgets_qwizard_sip["qwizard.sip"]\n    Root --> node_venv["venv"]\n    node_venv --> node_venv_lib["lib"]\n    node_venv_lib --> node_venv_lib_python3_12["python3.12"]\n    node_venv_lib_python3_12 --> node_venv_lib_python3_12_site-packages["site-packages"]\n    node_venv_lib_python3_12_site-packages --> node_venv_lib_python3_12_site-packages_PyQt6["PyQt6"]\n    node_venv_lib_python3_12_site-packages_PyQt6 --> node_venv_lib_python3_12_site-packages_PyQt6_bindings["bindings"]\n    node_venv_lib_python3_12_site-packages_PyQt6_bindings --> node_venv_lib_python3_12_site-packages_PyQt6_bindings_QtSql["QtSql"]\n    node_venv_lib_python3_12_site-packages_PyQt6_bindings_QtSql --> node_venv_lib_python3_12_site-packages_PyQt6_bindings_QtSql_QtSql_toml["QtSql.toml"]\n    Root --> node_venv["venv"]\n    node_venv --> node_venv_lib["lib"]\n    node_venv_lib --> node_venv_lib_python3_12["python3.12"]\n    node_venv_lib_python3_12 --> node_venv_lib_python3_12_site-packages["site-packages"]\n    node_venv_lib_python3_12_site-packages --> node_venv_lib_python3_12_site-packages_PyQt6["PyQt6"]\n    node_venv_lib_python3_12_site-packages_PyQt6 --> node_venv_lib_python3_12_site-packages_PyQt6_bindings["bindings"]\n    node_venv_lib_python3_12_site-packages_PyQt6_bindings --> node_venv_lib_python3_12_site-packages_PyQt6_bindings_QtSql["QtSql"]\n    node_venv_lib_python3_12_site-packages_PyQt6_bindings_QtSql --> node_venv_lib_python3_12_site-packages_PyQt6_bindings_QtSql_QtSqlmod_sip["QtSqlmod.sip"]\n    Root --> node_venv["venv"]\n    node_venv --> node_venv_lib["lib"]\n    node_venv_lib --> node_venv_lib_python3_12["python3.12"]\n    node_venv_lib_python3_12 --> node_venv_lib_python3_12_site-packages["site-packages"]\n    node_venv_lib_python3_12_site-packages --> node_venv_lib_python3_12_site-packages_PyQt6["PyQt6"]\n    node_venv_lib_python3_12_site-packages_PyQt6 --> node_venv_lib_python3_12_site-packages_PyQt6_bindings["bindings"]\n    node_venv_lib_python3_12_site-packages_PyQt6_bindings --> node_venv_lib_python3_12_site-packages_PyQt6_bindings_QtSql["QtSql"]\n    node_venv_lib_python3_12_site-packages_PyQt6_bindings_QtSql --> node_venv_lib_python3_12_site-packages_PyQt6_bindings_QtSql_qsqldatabase_sip["qsqldatabase.sip"]\n    Root --> node_venv["venv"]\n    node_venv --> node_venv_lib["lib"]\n    node_venv_lib --> node_venv_lib_python3_12["python3.12"]\n    node_venv_lib_python3_12 --> node_venv_lib_python3_12_site-packages["site-packages"]\n    node_venv_lib_python3_12_site-packages --> node_venv_lib_python3_12_site-packages_PyQt6["PyQt6"]\n    node_venv_lib_python3_12_site-packages_PyQt6 --> node_venv_lib_python3_12_site-packages_PyQt6_bindings["bindings"]\n    node_venv_lib_python3_12_site-packages_PyQt6_bindings --> node_venv_lib_python3_12_site-packages_PyQt6_bindings_QtSql["QtSql"]\n    node_venv_lib_python3_12_site-packages_PyQt6_bindings_QtSql --> node_venv_lib_python3_12_site-packages_PyQt6_bindings_QtSql_qsqldriver_sip["qsqldriver.sip"]\n    Root --> node_venv["venv"]\n    node_venv --> node_venv_lib["lib"]\n    node_venv_lib --> node_venv_lib_python3_12["python3.12"]\n    node_venv_lib_python3_12 --> node_venv_lib_python3_12_site-packages["site-packages"]\n    node_venv_lib_python3_12_site-packages --> node_venv_lib_python3_12_site-packages_PyQt6["PyQt6"]\n    node_venv_lib_python3_12_site-packages_PyQt6 --> node_venv_lib_python3_12_site-packages_PyQt6_bindings["bindings"]\n    node_venv_lib_python3_12_site-packages_PyQt6_bindings --> node_venv_lib_python3_12_site-packages_PyQt6_bindings_QtSql["QtSql"]\n    node_venv_lib_python3_12_site-packages_PyQt6_bindings_QtSql --> node_venv_lib_python3_12_site-packages_PyQt6_bindings_QtSql_qsqlerror_sip["qsqlerror.sip"]\n    Root --> node_venv["venv"]\n    node_venv --> node_venv_lib["lib"]\n    node_venv_lib --> node_venv_lib_python3_12["python3.12"]\n    node_venv_lib_python3_12 --> node_venv_lib_python3_12_site-packages["site-packages"]\n    node_venv_lib_python3_12_site-packages --> node_venv_lib_python3_12_site-packages_PyQt6["PyQt6"]\n    node_venv_lib_python3_12_site-packages_PyQt6 --> node_venv_lib_python3_12_site-packages_PyQt6_bindings["bindings"]\n    node_venv_lib_python3_12_site-packages_PyQt6_bindings --> node_venv_lib_python3_12_site-packages_PyQt6_bindings_QtSql["QtSql"]\n    node_venv_lib_python3_12_site-packages_PyQt6_bindings_QtSql --> node_venv_lib_python3_12_site-packages_PyQt6_bindings_QtSql_qsqlfield_sip["qsqlfield.sip"]\n    Root --> node_venv["venv"]\n    node_venv --> node_venv_lib["lib"]\n    node_venv_lib --> node_venv_lib_python3_12["python3.12"]\n    node_venv_lib_python3_12 --> node_venv_lib_python3_12_site-packages["site-packages"]\n    node_venv_lib_python3_12_site-packages --> node_venv_lib_python3_12_site-packages_PyQt6["PyQt6"]\n    node_venv_lib_python3_12_site-packages_PyQt6 --> node_venv_lib_python3_12_site-packages_PyQt6_bindings["bindings"]\n    node_venv_lib_python3_12_site-packages_PyQt6_bindings --> node_venv_lib_python3_12_site-packages_PyQt6_bindings_QtSql["QtSql"]\n    node_venv_lib_python3_12_site-packages_PyQt6_bindings_QtSql --> node_venv_lib_python3_12_site-packages_PyQt6_bindings_QtSql_qsqlindex_sip["qsqlindex.sip"]\n    Root --> node_venv["venv"]\n    node_venv --> node_venv_lib["lib"]\n    node_venv_lib --> node_venv_lib_python3_12["python3.12"]\n    node_venv_lib_python3_12 --> node_venv_lib_python3_12_site-packages["site-packages"]\n    node_venv_lib_python3_12_site-packages --> node_venv_lib_python3_12_site-packages_PyQt6["PyQt6"]\n    node_venv_lib_python3_12_site-packages_PyQt6 --> node_venv_lib_python3_12_site-packages_PyQt6_bindings["bindings"]\n    node_venv_lib_python3_12_site-packages_PyQt6_bindings --> node_venv_lib_python3_12_site-packages_PyQt6_bindings_QtSql["QtSql"]\n    node_venv_lib_python3_12_site-packages_PyQt6_bindings_QtSql --> node_venv_lib_python3_12_site-packages_PyQt6_bindings_QtSql_qsqlquery_sip["qsqlquery.sip"]\n    Root --> node_venv["venv"]\n    node_venv --> node_venv_lib["lib"]\n    node_venv_lib --> node_venv_lib_python3_12["python3.12"]\n    node_venv_lib_python3_12 --> node_venv_lib_python3_12_site-packages["site-packages"]\n    node_venv_lib_python3_12_site-packages --> node_venv_lib_python3_12_site-packages_PyQt6["PyQt6"]\n    node_venv_lib_python3_12_site-packages_PyQt6 --> node_venv_lib_python3_12_site-packages_PyQt6_bindings["bindings"]\n    node_venv_lib_python3_12_site-packages_PyQt6_bindings --> node_venv_lib_python3_12_site-packages_PyQt6_bindings_QtSql["QtSql"]\n    node_venv_lib_python3_12_site-packages_PyQt6_bindings_QtSql --> node_venv_lib_python3_12_site-packages_PyQt6_bindings_QtSql_qsqlquerymodel_sip["qsqlquerymodel.sip"]\n    Root --> node_venv["venv"]\n    node_venv --> node_venv_lib["lib"]\n    node_venv_lib --> node_venv_lib_python3_12["python3.12"]\n    node_venv_lib_python3_12 --> node_venv_lib_python3_12_site-packages["site-packages"]\n    node_venv_lib_python3_12_site-packages --> node_venv_lib_python3_12_site-packages_PyQt6["PyQt6"]\n    node_venv_lib_python3_12_site-packages_PyQt6 --> node_venv_lib_python3_12_site-packages_PyQt6_bindings["bindings"]\n    node_venv_lib_python3_12_site-packages_PyQt6_bindings --> node_venv_lib_python3_12_site-packages_PyQt6_bindings_QtSql["QtSql"]\n    node_venv_lib_python3_12_site-packages_PyQt6_bindings_QtSql --> node_venv_lib_python3_12_site-packages_PyQt6_bindings_QtSql_qsqlrecord_sip["qsqlrecord.sip"]\n    Root --> node_venv["venv"]\n    node_venv --> node_venv_lib["lib"]\n    node_venv_lib --> node_venv_lib_python3_12["python3.12"]\n    node_venv_lib_python3_12 --> node_venv_lib_python3_12_site-packages["site-packages"]\n    node_venv_lib_python3_12_site-packages --> node_venv_lib_python3_12_site-packages_PyQt6["PyQt6"]\n    node_venv_lib_python3_12_site-packages_PyQt6 --> node_venv_lib_python3_12_site-packages_PyQt6_bindings["bindings"]\n    node_venv_lib_python3_12_site-packages_PyQt6_bindings --> node_venv_lib_python3_12_site-packages_PyQt6_bindings_QtSql["QtSql"]\n    node_venv_lib_python3_12_site-packages_PyQt6_bindings_QtSql --> node_venv_lib_python3_12_site-packages_PyQt6_bindings_QtSql_qsqlrelationaldelegate_sip["qsqlrelationaldelegate.sip"]\n    Root --> node_venv["venv"]\n    node_venv --> node_venv_lib["lib"]\n    node_venv_lib --> node_venv_lib_python3_12["python3.12"]\n    node_venv_lib_python3_12 --> node_venv_lib_python3_12_site-packages["site-packages"]\n    node_venv_lib_python3_12_site-packages --> node_venv_lib_python3_12_site-packages_PyQt6["PyQt6"]\n    node_venv_lib_python3_12_site-packages_PyQt6 --> node_venv_lib_python3_12_site-packages_PyQt6_bindings["bindings"]\n    node_venv_lib_python3_12_site-packages_PyQt6_bindings --> node_venv_lib_python3_12_site-packages_PyQt6_bindings_QtSql["QtSql"]\n    node_venv_lib_python3_12_site-packages_PyQt6_bindings_QtSql --> node_venv_lib_python3_12_site-packages_PyQt6_bindings_QtSql_qsqlrelationaltablemodel_sip["qsqlrelationaltablemodel.sip"]\n    Root --> node_venv["venv"]\n    node_venv --> node_venv_lib["lib"]\n    node_venv_lib --> node_venv_lib_python3_12["python3.12"]\n    node_venv_lib_python3_12 --> node_venv_lib_python3_12_site-packages["site-packages"]\n    node_venv_lib_python3_12_site-packages --> node_venv_lib_python3_12_site-packages_PyQt6["PyQt6"]\n    node_venv_lib_python3_12_site-packages_PyQt6 --> node_venv_lib_python3_12_site-packages_PyQt6_bindings["bindings"]\n    node_venv_lib_python3_12_site-packages_PyQt6_bindings --> node_venv_lib_python3_12_site-packages_PyQt6_bindings_QtSql["QtSql"]\n    node_venv_lib_python3_12_site-packages_PyQt6_bindings_QtSql --> node_venv_lib_python3_12_site-packages_PyQt6_bindings_QtSql_qsqlresult_sip["qsqlresult.sip"]\n    Root --> node_venv["venv"]\n    node_venv --> node_venv_lib["lib"]\n    node_venv_lib --> node_venv_lib_python3_12["python3.12"]\n    node_venv_lib_python3_12 --> node_venv_lib_python3_12_site-packages["site-packages"]\n    node_venv_lib_python3_12_site-packages --> node_venv_lib_python3_12_site-packages_PyQt6["PyQt6"]\n    node_venv_lib_python3_12_site-packages_PyQt6 --> node_venv_lib_python3_12_site-packages_PyQt6_bindings["bindings"]\n    node_venv_lib_python3_12_site-packages_PyQt6_bindings --> node_venv_lib_python3_12_site-packages_PyQt6_bindings_QtSql["QtSql"]\n    node_venv_lib_python3_12_site-packages_PyQt6_bindings_QtSql --> node_venv_lib_python3_12_site-packages_PyQt6_bindings_QtSql_qsqltablemodel_sip["qsqltablemodel.sip"]\n    Root --> node_venv["venv"]\n    node_venv --> node_venv_lib["lib"]\n    node_venv_lib --> node_venv_lib_python3_12["python3.12"]\n    node_venv_lib_python3_12 --> node_venv_lib_python3_12_site-packages["site-packages"]\n    node_venv_lib_python3_12_site-packages --> node_venv_lib_python3_12_site-packages_PyQt6["PyQt6"]\n    node_venv_lib_python3_12_site-packages_PyQt6 --> node_venv_lib_python3_12_site-packages_PyQt6_bindings["bindings"]\n    node_venv_lib_python3_12_site-packages_PyQt6_bindings --> node_venv_lib_python3_12_site-packages_PyQt6_bindings_QtSql["QtSql"]\n    node_venv_lib_python3_12_site-packages_PyQt6_bindings_QtSql --> node_venv_lib_python3_12_site-packages_PyQt6_bindings_QtSql_qtsqlglobal_sip["qtsqlglobal.sip"]\n    Root --> node_venv["venv"]\n    node_venv --> node_venv_lib["lib"]\n    node_venv_lib --> node_venv_lib_python3_12["python3.12"]\n    node_venv_lib_python3_12 --> node_venv_lib_python3_12_site-packages["site-packages"]\n    node_venv_lib_python3_12_site-packages --> node_venv_lib_python3_12_site-packages_PyQt6["PyQt6"]\n    node_venv_lib_python3_12_site-packages_PyQt6 --> node_venv_lib_python3_12_site-packages_PyQt6_bindings["bindings"]\n    node_venv_lib_python3_12_site-packages_PyQt6_bindings --> node_venv_lib_python3_12_site-packages_PyQt6_bindings_QtMultimedia["QtMultimedia"]\n    node_venv_lib_python3_12_site-packages_PyQt6_bindings_QtMultimedia --> node_venv_lib_python3_12_site-packages_PyQt6_bindings_QtMultimedia_QtMultimedia_toml["QtMultimedia.toml"]\n    Root --> node_venv["venv"]\n    node_venv --> node_venv_lib["lib"]\n    node_venv_lib --> node_venv_lib_python3_12["python3.12"]\n    node_venv_lib_python3_12 --> node_venv_lib_python3_12_site-packages["site-packages"]\n    node_venv_lib_python3_12_site-packages --> node_venv_lib_python3_12_site-packages_PyQt6["PyQt6"]\n    node_venv_lib_python3_12_site-packages_PyQt6 --> node_venv_lib_python3_12_site-packages_PyQt6_bindings["bindings"]\n    node_venv_lib_python3_12_site-packages_PyQt6_bindings --> node_venv_lib_python3_12_site-packages_PyQt6_bindings_QtMultimedia["QtMultimedia"]\n    node_venv_lib_python3_12_site-packages_PyQt6_bindings_QtMultimedia --> node_venv_lib_python3_12_site-packages_PyQt6_bindings_QtMultimedia_QtMultimediamod_sip["QtMultimediamod.sip"]\n    Root --> node_venv["venv"]\n    node_venv --> node_venv_lib["lib"]\n    node_venv_lib --> node_venv_lib_python3_12["python3.12"]\n    node_venv_lib_python3_12 --> node_venv_lib_python3_12_site-packages["site-packages"]\n    node_venv_lib_python3_12_site-packages --> node_venv_lib_python3_12_site-packages_PyQt6["PyQt6"]\n    node_venv_lib_python3_12_site-packages_PyQt6 --> node_venv_lib_python3_12_site-packages_PyQt6_bindings["bindings"]\n    node_venv_lib_python3_12_site-packages_PyQt6_bindings --> node_venv_lib_python3_12_site-packages_PyQt6_bindings_QtMultimedia["QtMultimedia"]\n    node_venv_lib_python3_12_site-packages_PyQt6_bindings_QtMultimedia --> node_venv_lib_python3_12_site-packages_PyQt6_bindings_QtMultimedia_qaudio_sip["qaudio.sip"]\n    Root --> node_venv["venv"]\n    node_venv --> node_venv_lib["lib"]\n    node_venv_lib --> node_venv_lib_python3_12["python3.12"]\n    node_venv_lib_python3_12 --> node_venv_lib_python3_12_site-packages["site-packages"]\n    node_venv_lib_python3_12_site-packages --> node_venv_lib_python3_12_site-packages_PyQt6["PyQt6"]\n    node_venv_lib_python3_12_site-packages_PyQt6 --> node_venv_lib_python3_12_site-packages_PyQt6_bindings["bindings"]\n    node_venv_lib_python3_12_site-packages_PyQt6_bindings --> node_venv_lib_python3_12_site-packages_PyQt6_bindings_QtMultimedia["QtMultimedia"]\n    node_venv_lib_python3_12_site-packages_PyQt6_bindings_QtMultimedia --> node_venv_lib_python3_12_site-packages_PyQt6_bindings_QtMultimedia_qaudiobuffer_sip["qaudiobuffer.sip"]\n    Root --> node_venv["venv"]\n    node_venv --> node_venv_lib["lib"]\n    node_venv_lib --> node_venv_lib_python3_12["python3.12"]\n    node_venv_lib_python3_12 --> node_venv_lib_python3_12_site-packages["site-packages"]\n    node_venv_lib_python3_12_site-packages --> node_venv_lib_python3_12_site-packages_PyQt6["PyQt6"]\n    node_venv_lib_python3_12_site-packages_PyQt6 --> node_venv_lib_python3_12_site-packages_PyQt6_bindings["bindings"]\n    node_venv_lib_python3_12_site-packages_PyQt6_bindings --> node_venv_lib_python3_12_site-packages_PyQt6_bindings_QtMultimedia["QtMultimedia"]\n    node_venv_lib_python3_12_site-packages_PyQt6_bindings_QtMultimedia --> node_venv_lib_python3_12_site-packages_PyQt6_bindings_QtMultimedia_qaudiobufferinput_sip["qaudiobufferinput.sip"]\n    Root --> node_venv["venv"]\n    node_venv --> node_venv_lib["lib"]\n    node_venv_lib --> node_venv_lib_python3_12["python3.12"]\n    node_venv_lib_python3_12 --> node_venv_lib_python3_12_site-packages["site-packages"]\n    node_venv_lib_python3_12_site-packages --> node_venv_lib_python3_12_site-packages_PyQt6["PyQt6"]\n    node_venv_lib_python3_12_site-packages_PyQt6 --> node_venv_lib_python3_12_site-packages_PyQt6_bindings["bindings"]\n    node_venv_lib_python3_12_site-packages_PyQt6_bindings --> node_venv_lib_python3_12_site-packages_PyQt6_bindings_QtMultimedia["QtMultimedia"]\n    node_venv_lib_python3_12_site-packages_PyQt6_bindings_QtMultimedia --> node_venv_lib_python3_12_site-packages_PyQt6_bindings_QtMultimedia_qaudiobufferoutput_sip["qaudiobufferoutput.sip"]\n    Root --> node_venv["venv"]\n    node_venv --> node_venv_lib["lib"]\n    node_venv_lib --> node_venv_lib_python3_12["python3.12"]\n    node_venv_lib_python3_12 --> node_venv_lib_python3_12_site-packages["site-packages"]\n    node_venv_lib_python3_12_site-packages --> node_venv_lib_python3_12_site-packages_PyQt6["PyQt6"]\n    node_venv_lib_python3_12_site-packages_PyQt6 --> node_venv_lib_python3_12_site-packages_PyQt6_bindings["bindings"]\n    node_venv_lib_python3_12_site-packages_PyQt6_bindings --> node_venv_lib_python3_12_site-packages_PyQt6_bindings_QtMultimedia["QtMultimedia"]\n    node_venv_lib_python3_12_site-packages_PyQt6_bindings_QtMultimedia --> node_venv_lib_python3_12_site-packages_PyQt6_bindings_QtMultimedia_qaudiodecoder_sip["qaudiodecoder.sip"]\n    Root --> node_venv["venv"]\n    node_venv --> node_venv_lib["lib"]\n    node_venv_lib --> node_venv_lib_python3_12["python3.12"]\n    node_venv_lib_python3_12 --> node_venv_lib_python3_12_site-packages["site-packages"]\n    node_venv_lib_python3_12_site-packages --> node_venv_lib_python3_12_site-packages_PyQt6["PyQt6"]\n    node_venv_lib_python3_12_site-packages_PyQt6 --> node_venv_lib_python3_12_site-packages_PyQt6_bindings["bindings"]\n    node_venv_lib_python3_12_site-packages_PyQt6_bindings --> node_venv_lib_python3_12_site-packages_PyQt6_bindings_QtMultimedia["QtMultimedia"]\n    node_venv_lib_python3_12_site-packages_PyQt6_bindings_QtMultimedia --> node_venv_lib_python3_12_site-packages_PyQt6_bindings_QtMultimedia_qaudiodevice_sip["qaudiodevice.sip"]\n    Root --> node_venv["venv"]\n    node_venv --> node_venv_lib["lib"]\n    node_venv_lib --> node_venv_lib_python3_12["python3.12"]\n    node_venv_lib_python3_12 --> node_venv_lib_python3_12_site-packages["site-packages"]\n    node_venv_lib_python3_12_site-packages --> node_venv_lib_python3_12_site-packages_PyQt6["PyQt6"]\n    node_venv_lib_python3_12_site-packages_PyQt6 --> node_venv_lib_python3_12_site-packages_PyQt6_bindings["bindings"]\n    node_venv_lib_python3_12_site-packages_PyQt6_bindings --> node_venv_lib_python3_12_site-packages_PyQt6_bindings_QtMultimedia["QtMultimedia"]\n    node_venv_lib_python3_12_site-packages_PyQt6_bindings_QtMultimedia --> node_venv_lib_python3_12_site-packages_PyQt6_bindings_QtMultimedia_qaudioformat_sip["qaudioformat.sip"]\n    Root --> node_venv["venv"]\n    node_venv --> node_venv_lib["lib"]\n    node_venv_lib --> node_venv_lib_python3_12["python3.12"]\n    node_venv_lib_python3_12 --> node_venv_lib_python3_12_site-packages["site-packages"]\n    node_venv_lib_python3_12_site-packages --> node_venv_lib_python3_12_site-packages_PyQt6["PyQt6"]\n    node_venv_lib_python3_12_site-packages_PyQt6 --> node_venv_lib_python3_12_site-packages_PyQt6_bindings["bindings"]\n    node_venv_lib_python3_12_site-packages_PyQt6_bindings --> node_venv_lib_python3_12_site-packages_PyQt6_bindings_QtMultimedia["QtMultimedia"]\n    node_venv_lib_python3_12_site-packages_PyQt6_bindings_QtMultimedia --> node_venv_lib_python3_12_site-packages_PyQt6_bindings_QtMultimedia_qaudioinput_sip["qaudioinput.sip"]\n    Root --> node_venv["venv"]\n    node_venv --> node_venv_lib["lib"]\n    node_venv_lib --> node_venv_lib_python3_12["python3.12"]\n    node_venv_lib_python3_12 --> node_venv_lib_python3_12_site-packages["site-packages"]\n    node_venv_lib_python3_12_site-packages --> node_venv_lib_python3_12_site-packages_PyQt6["PyQt6"]\n    node_venv_lib_python3_12_site-packages_PyQt6 --> node_venv_lib_python3_12_site-packages_PyQt6_bindings["bindings"]\n    node_venv_lib_python3_12_site-packages_PyQt6_bindings --> node_venv_lib_python3_12_site-packages_PyQt6_bindings_QtMultimedia["QtMultimedia"]\n    node_venv_lib_python3_12_site-packages_PyQt6_bindings_QtMultimedia --> node_venv_lib_python3_12_site-packages_PyQt6_bindings_QtMultimedia_qaudiooutput_sip["qaudiooutput.sip"]\n    Root --> node_venv["venv"]\n    node_venv --> node_venv_lib["lib"]\n    node_venv_lib --> node_venv_lib_python3_12["python3.12"]\n    node_venv_lib_python3_12 --> node_venv_lib_python3_12_site-packages["site-packages"]\n    node_venv_lib_python3_12_site-packages --> node_venv_lib_python3_12_site-packages_PyQt6["PyQt6"]\n    node_venv_lib_python3_12_site-packages_PyQt6 --> node_venv_lib_python3_12_site-packages_PyQt6_bindings["bindings"]\n    node_venv_lib_python3_12_site-packages_PyQt6_bindings --> node_venv_lib_python3_12_site-packages_PyQt6_bindings_QtMultimedia["QtMultimedia"]\n    node_venv_lib_python3_12_site-packages_PyQt6_bindings_QtMultimedia --> node_venv_lib_python3_12_site-packages_PyQt6_bindings_QtMultimedia_qaudiosink_sip["qaudiosink.sip"]\n    Root --> node_venv["venv"]\n    node_venv --> node_venv_lib["lib"]\n    node_venv_lib --> node_venv_lib_python3_12["python3.12"]\n    node_venv_lib_python3_12 --> node_venv_lib_python3_12_site-packages["site-packages"]\n    node_venv_lib_python3_12_site-packages --> node_venv_lib_python3_12_site-packages_PyQt6["PyQt6"]\n    node_venv_lib_python3_12_site-packages_PyQt6 --> node_venv_lib_python3_12_site-packages_PyQt6_bindings["bindings"]\n    node_venv_lib_python3_12_site-packages_PyQt6_bindings --> node_venv_lib_python3_12_site-packages_PyQt6_bindings_QtMultimedia["QtMultimedia"]\n    node_venv_lib_python3_12_site-packages_PyQt6_bindings_QtMultimedia --> node_venv_lib_python3_12_site-packages_PyQt6_bindings_QtMultimedia_qaudiosource_sip["qaudiosource.sip"]\n    Root --> node_venv["venv"]\n    node_venv --> node_venv_lib["lib"]\n    node_venv_lib --> node_venv_lib_python3_12["python3.12"]\n    node_venv_lib_python3_12 --> node_venv_lib_python3_12_site-packages["site-packages"]\n    node_venv_lib_python3_12_site-packages --> node_venv_lib_python3_12_site-packages_PyQt6["PyQt6"]\n    node_venv_lib_python3_12_site-packages_PyQt6 --> node_venv_lib_python3_12_site-packages_PyQt6_bindings["bindings"]\n    node_venv_lib_python3_12_site-packages_PyQt6_bindings --> node_venv_lib_python3_12_site-packages_PyQt6_bindings_QtMultimedia["QtMultimedia"]\n    node_venv_lib_python3_12_site-packages_PyQt6_bindings_QtMultimedia --> node_venv_lib_python3_12_site-packages_PyQt6_bindings_QtMultimedia_qcamera_sip["qcamera.sip"]\n    Root --> node_venv["venv"]\n    node_venv --> node_venv_lib["lib"]\n    node_venv_lib --> node_venv_lib_python3_12["python3.12"]\n    node_venv_lib_python3_12 --> node_venv_lib_python3_12_site-packages["site-packages"]\n    node_venv_lib_python3_12_site-packages --> node_venv_lib_python3_12_site-packages_PyQt6["PyQt6"]\n    node_venv_lib_python3_12_site-packages_PyQt6 --> node_venv_lib_python3_12_site-packages_PyQt6_bindings["bindings"]\n    node_venv_lib_python3_12_site-packages_PyQt6_bindings --> node_venv_lib_python3_12_site-packages_PyQt6_bindings_QtMultimedia["QtMultimedia"]\n    node_venv_lib_python3_12_site-packages_PyQt6_bindings_QtMultimedia --> node_venv_lib_python3_12_site-packages_PyQt6_bindings_QtMultimedia_qcameradevice_sip["qcameradevice.sip"]\n    Root --> node_venv["venv"]\n    node_venv --> node_venv_lib["lib"]\n    node_venv_lib --> node_venv_lib_python3_12["python3.12"]\n    node_venv_lib_python3_12 --> node_venv_lib_python3_12_site-packages["site-packages"]\n    node_venv_lib_python3_12_site-packages --> node_venv_lib_python3_12_site-packages_PyQt6["PyQt6"]\n    node_venv_lib_python3_12_site-packages_PyQt6 --> node_venv_lib_python3_12_site-packages_PyQt6_bindings["bindings"]\n    node_venv_lib_python3_12_site-packages_PyQt6_bindings --> node_venv_lib_python3_12_site-packages_PyQt6_bindings_QtMultimedia["QtMultimedia"]\n    node_venv_lib_python3_12_site-packages_PyQt6_bindings_QtMultimedia --> node_venv_lib_python3_12_site-packages_PyQt6_bindings_QtMultimedia_qcapturablewindow_sip["qcapturablewindow.sip"]\n    Root --> node_venv["venv"]\n    node_venv --> node_venv_lib["lib"]\n    node_venv_lib --> node_venv_lib_python3_12["python3.12"]\n    node_venv_lib_python3_12 --> node_venv_lib_python3_12_site-packages["site-packages"]\n    node_venv_lib_python3_12_site-packages --> node_venv_lib_python3_12_site-packages_PyQt6["PyQt6"]\n    node_venv_lib_python3_12_site-packages_PyQt6 --> node_venv_lib_python3_12_site-packages_PyQt6_bindings["bindings"]\n    node_venv_lib_python3_12_site-packages_PyQt6_bindings --> node_venv_lib_python3_12_site-packages_PyQt6_bindings_QtMultimedia["QtMultimedia"]\n    node_venv_lib_python3_12_site-packages_PyQt6_bindings_QtMultimedia --> node_venv_lib_python3_12_site-packages_PyQt6_bindings_QtMultimedia_qimagecapture_sip["qimagecapture.sip"]\n    Root --> node_venv["venv"]\n    node_venv --> node_venv_lib["lib"]\n    node_venv_lib --> node_venv_lib_python3_12["python3.12"]\n    node_venv_lib_python3_12 --> node_venv_lib_python3_12_site-packages["site-packages"]\n    node_venv_lib_python3_12_site-packages --> node_venv_lib_python3_12_site-packages_PyQt6["PyQt6"]\n    node_venv_lib_python3_12_site-packages_PyQt6 --> node_venv_lib_python3_12_site-packages_PyQt6_bindings["bindings"]\n    node_venv_lib_python3_12_site-packages_PyQt6_bindings --> node_venv_lib_python3_12_site-packages_PyQt6_bindings_QtMultimedia["QtMultimedia"]\n    node_venv_lib_python3_12_site-packages_PyQt6_bindings_QtMultimedia --> node_venv_lib_python3_12_site-packages_PyQt6_bindings_QtMultimedia_qmediacapturesession_sip["qmediacapturesession.sip"]\n    Root --> node_venv["venv"]\n    node_venv --> node_venv_lib["lib"]\n    node_venv_lib --> node_venv_lib_python3_12["python3.12"]\n    node_venv_lib_python3_12 --> node_venv_lib_python3_12_site-packages["site-packages"]\n    node_venv_lib_python3_12_site-packages --> node_venv_lib_python3_12_site-packages_PyQt6["PyQt6"]\n    node_venv_lib_python3_12_site-packages_PyQt6 --> node_venv_lib_python3_12_site-packages_PyQt6_bindings["bindings"]\n    node_venv_lib_python3_12_site-packages_PyQt6_bindings --> node_venv_lib_python3_12_site-packages_PyQt6_bindings_QtMultimedia["QtMultimedia"]\n    node_venv_lib_python3_12_site-packages_PyQt6_bindings_QtMultimedia --> node_venv_lib_python3_12_site-packages_PyQt6_bindings_QtMultimedia_qmediadevices_sip["qmediadevices.sip"]\n    Root --> node_venv["venv"]\n    node_venv --> node_venv_lib["lib"]\n    node_venv_lib --> node_venv_lib_python3_12["python3.12"]\n    node_venv_lib_python3_12 --> node_venv_lib_python3_12_site-packages["site-packages"]\n    node_venv_lib_python3_12_site-packages --> node_venv_lib_python3_12_site-packages_PyQt6["PyQt6"]\n    node_venv_lib_python3_12_site-packages_PyQt6 --> node_venv_lib_python3_12_site-packages_PyQt6_bindings["bindings"]\n    node_venv_lib_python3_12_site-packages_PyQt6_bindings --> node_venv_lib_python3_12_site-packages_PyQt6_bindings_QtMultimedia["QtMultimedia"]\n    node_venv_lib_python3_12_site-packages_PyQt6_bindings_QtMultimedia --> node_venv_lib_python3_12_site-packages_PyQt6_bindings_QtMultimedia_qmediaformat_sip["qmediaformat.sip"]\n    Root --> node_venv["venv"]\n    node_venv --> node_venv_lib["lib"]\n    node_venv_lib --> node_venv_lib_python3_12["python3.12"]\n    node_venv_lib_python3_12 --> node_venv_lib_python3_12_site-packages["site-packages"]\n    node_venv_lib_python3_12_site-packages --> node_venv_lib_python3_12_site-packages_PyQt6["PyQt6"]\n    node_venv_lib_python3_12_site-packages_PyQt6 --> node_venv_lib_python3_12_site-packages_PyQt6_bindings["bindings"]\n    node_venv_lib_python3_12_site-packages_PyQt6_bindings --> node_venv_lib_python3_12_site-packages_PyQt6_bindings_QtMultimedia["QtMultimedia"]\n    node_venv_lib_python3_12_site-packages_PyQt6_bindings_QtMultimedia --> node_venv_lib_python3_12_site-packages_PyQt6_bindings_QtMultimedia_qmediametadata_sip["qmediametadata.sip"]\n    Root --> node_venv["venv"]\n    node_venv --> node_venv_lib["lib"]\n    node_venv_lib --> node_venv_lib_python3_12["python3.12"]\n    node_venv_lib_python3_12 --> node_venv_lib_python3_12_site-packages["site-packages"]\n    node_venv_lib_python3_12_site-packages --> node_venv_lib_python3_12_site-packages_PyQt6["PyQt6"]\n    node_venv_lib_python3_12_site-packages_PyQt6 --> node_venv_lib_python3_12_site-packages_PyQt6_bindings["bindings"]\n    node_venv_lib_python3_12_site-packages_PyQt6_bindings --> node_venv_lib_python3_12_site-packages_PyQt6_bindings_QtMultimedia["QtMultimedia"]\n    node_venv_lib_python3_12_site-packages_PyQt6_bindings_QtMultimedia --> node_venv_lib_python3_12_site-packages_PyQt6_bindings_QtMultimedia_qmediaplayer_sip["qmediaplayer.sip"]\n    Root --> node_venv["venv"]\n    node_venv --> node_venv_lib["lib"]\n    node_venv_lib --> node_venv_lib_python3_12["python3.12"]\n    node_venv_lib_python3_12 --> node_venv_lib_python3_12_site-packages["site-packages"]\n    node_venv_lib_python3_12_site-packages --> node_venv_lib_python3_12_site-packages_PyQt6["PyQt6"]\n    node_venv_lib_python3_12_site-packages_PyQt6 --> node_venv_lib_python3_12_site-packages_PyQt6_bindings["bindings"]\n    node_venv_lib_python3_12_site-packages_PyQt6_bindings --> node_venv_lib_python3_12_site-packages_PyQt6_bindings_QtMultimedia["QtMultimedia"]\n    node_venv_lib_python3_12_site-packages_PyQt6_bindings_QtMultimedia --> node_venv_lib_python3_12_site-packages_PyQt6_bindings_QtMultimedia_qmediarecorder_sip["qmediarecorder.sip"]\n    Root --> node_venv["venv"]\n    node_venv --> node_venv_lib["lib"]\n    node_venv_lib --> node_venv_lib_python3_12["python3.12"]\n    node_venv_lib_python3_12 --> node_venv_lib_python3_12_site-packages["site-packages"]\n    node_venv_lib_python3_12_site-packages --> node_venv_lib_python3_12_site-packages_PyQt6["PyQt6"]\n    node_venv_lib_python3_12_site-packages_PyQt6 --> node_venv_lib_python3_12_site-packages_PyQt6_bindings["bindings"]\n    node_venv_lib_python3_12_site-packages_PyQt6_bindings --> node_venv_lib_python3_12_site-packages_PyQt6_bindings_QtMultimedia["QtMultimedia"]\n    node_venv_lib_python3_12_site-packages_PyQt6_bindings_QtMultimedia --> node_venv_lib_python3_12_site-packages_PyQt6_bindings_QtMultimedia_qmediatimerange_sip["qmediatimerange.sip"]\n    Root --> node_venv["venv"]\n    node_venv --> node_venv_lib["lib"]\n    node_venv_lib --> node_venv_lib_python3_12["python3.12"]\n    node_venv_lib_python3_12 --> node_venv_lib_python3_12_site-packages["site-packages"]\n    node_venv_lib_python3_12_site-packages --> node_venv_lib_python3_12_site-packages_PyQt6["PyQt6"]\n    node_venv_lib_python3_12_site-packages_PyQt6 --> node_venv_lib_python3_12_site-packages_PyQt6_bindings["bindings"]\n    node_venv_lib_python3_12_site-packages_PyQt6_bindings --> node_venv_lib_python3_12_site-packages_PyQt6_bindings_QtMultimedia["QtMultimedia"]\n    node_venv_lib_python3_12_site-packages_PyQt6_bindings_QtMultimedia --> node_venv_lib_python3_12_site-packages_PyQt6_bindings_QtMultimedia_qplaybackoptions_sip["qplaybackoptions.sip"]\n    Root --> node_venv["venv"]\n    node_venv --> node_venv_lib["lib"]\n    node_venv_lib --> node_venv_lib_python3_12["python3.12"]\n    node_venv_lib_python3_12 --> node_venv_lib_python3_12_site-packages["site-packages"]\n    node_venv_lib_python3_12_site-packages --> node_venv_lib_python3_12_site-packages_PyQt6["PyQt6"]\n    node_venv_lib_python3_12_site-packages_PyQt6 --> node_venv_lib_python3_12_site-packages_PyQt6_bindings["bindings"]\n    node_venv_lib_python3_12_site-packages_PyQt6_bindings --> node_venv_lib_python3_12_site-packages_PyQt6_bindings_QtMultimedia["QtMultimedia"]\n    node_venv_lib_python3_12_site-packages_PyQt6_bindings_QtMultimedia --> node_venv_lib_python3_12_site-packages_PyQt6_bindings_QtMultimedia_qpymultimedia_qlist_sip["qpymultimedia_qlist.sip"]\n    Root --> node_venv["venv"]\n    node_venv --> node_venv_lib["lib"]\n    node_venv_lib --> node_venv_lib_python3_12["python3.12"]\n    node_venv_lib_python3_12 --> node_venv_lib_python3_12_site-packages["site-packages"]\n    node_venv_lib_python3_12_site-packages --> node_venv_lib_python3_12_site-packages_PyQt6["PyQt6"]\n    node_venv_lib_python3_12_site-packages_PyQt6 --> node_venv_lib_python3_12_site-packages_PyQt6_bindings["bindings"]\n    node_venv_lib_python3_12_site-packages_PyQt6_bindings --> node_venv_lib_python3_12_site-packages_PyQt6_bindings_QtMultimedia["QtMultimedia"]\n    node_venv_lib_python3_12_site-packages_PyQt6_bindings_QtMultimedia --> node_venv_lib_python3_12_site-packages_PyQt6_bindings_QtMultimedia_qscreencapture_sip["qscreencapture.sip"]\n    Root --> node_venv["venv"]\n    node_venv --> node_venv_lib["lib"]\n    node_venv_lib --> node_venv_lib_python3_12["python3.12"]\n    node_venv_lib_python3_12 --> node_venv_lib_python3_12_site-packages["site-packages"]\n    node_venv_lib_python3_12_site-packages --> node_venv_lib_python3_12_site-packages_PyQt6["PyQt6"]\n    node_venv_lib_python3_12_site-packages_PyQt6 --> node_venv_lib_python3_12_site-packages_PyQt6_bindings["bindings"]\n    node_venv_lib_python3_12_site-packages_PyQt6_bindings --> node_venv_lib_python3_12_site-packages_PyQt6_bindings_QtMultimedia["QtMultimedia"]\n    node_venv_lib_python3_12_site-packages_PyQt6_bindings_QtMultimedia --> node_venv_lib_python3_12_site-packages_PyQt6_bindings_QtMultimedia_qsoundeffect_sip["qsoundeffect.sip"]\n    Root --> node_venv["venv"]\n    node_venv --> node_venv_lib["lib"]\n    node_venv_lib --> node_venv_lib_python3_12["python3.12"]\n    node_venv_lib_python3_12 --> node_venv_lib_python3_12_site-packages["site-packages"]\n    node_venv_lib_python3_12_site-packages --> node_venv_lib_python3_12_site-packages_PyQt6["PyQt6"]\n    node_venv_lib_python3_12_site-packages_PyQt6 --> node_venv_lib_python3_12_site-packages_PyQt6_bindings["bindings"]\n    node_venv_lib_python3_12_site-packages_PyQt6_bindings --> node_venv_lib_python3_12_site-packages_PyQt6_bindings_QtMultimedia["QtMultimedia"]\n    node_venv_lib_python3_12_site-packages_PyQt6_bindings_QtMultimedia --> node_venv_lib_python3_12_site-packages_PyQt6_bindings_QtMultimedia_qtvideo_sip["qtvideo.sip"]\n    Root --> node_venv["venv"]\n    node_venv --> node_venv_lib["lib"]\n    node_venv_lib --> node_venv_lib_python3_12["python3.12"]\n    node_venv_lib_python3_12 --> node_venv_lib_python3_12_site-packages["site-packages"]\n    node_venv_lib_python3_12_site-packages --> node_venv_lib_python3_12_site-packages_PyQt6["PyQt6"]\n    node_venv_lib_python3_12_site-packages_PyQt6 --> node_venv_lib_python3_12_site-packages_PyQt6_bindings["bindings"]\n    node_venv_lib_python3_12_site-packages_PyQt6_bindings --> node_venv_lib_python3_12_site-packages_PyQt6_bindings_QtMultimedia["QtMultimedia"]\n    node_venv_lib_python3_12_site-packages_PyQt6_bindings_QtMultimedia --> node_venv_lib_python3_12_site-packages_PyQt6_bindings_QtMultimedia_qvideoframe_sip["qvideoframe.sip"]\n    Root --> node_venv["venv"]\n    node_venv --> node_venv_lib["lib"]\n    node_venv_lib --> node_venv_lib_python3_12["python3.12"]\n    node_venv_lib_python3_12 --> node_venv_lib_python3_12_site-packages["site-packages"]\n    node_venv_lib_python3_12_site-packages --> node_venv_lib_python3_12_site-packages_PyQt6["PyQt6"]\n    node_venv_lib_python3_12_site-packages_PyQt6 --> node_venv_lib_python3_12_site-packages_PyQt6_bindings["bindings"]\n    node_venv_lib_python3_12_site-packages_PyQt6_bindings --> node_venv_lib_python3_12_site-packages_PyQt6_bindings_QtMultimedia["QtMultimedia"]\n    node_venv_lib_python3_12_site-packages_PyQt6_bindings_QtMultimedia --> node_venv_lib_python3_12_site-packages_PyQt6_bindings_QtMultimedia_qvideoframeformat_sip["qvideoframeformat.sip"]\n    Root --> node_venv["venv"]\n    node_venv --> node_venv_lib["lib"]\n    node_venv_lib --> node_venv_lib_python3_12["python3.12"]\n    node_venv_lib_python3_12 --> node_venv_lib_python3_12_site-packages["site-packages"]\n    node_venv_lib_python3_12_site-packages --> node_venv_lib_python3_12_site-packages_PyQt6["PyQt6"]\n    node_venv_lib_python3_12_site-packages_PyQt6 --> node_venv_lib_python3_12_site-packages_PyQt6_bindings["bindings"]\n    node_venv_lib_python3_12_site-packages_PyQt6_bindings --> node_venv_lib_python3_12_site-packages_PyQt6_bindings_QtMultimedia["QtMultimedia"]\n    node_venv_lib_python3_12_site-packages_PyQt6_bindings_QtMultimedia --> node_venv_lib_python3_12_site-packages_PyQt6_bindings_QtMultimedia_qvideoframeinput_sip["qvideoframeinput.sip"]\n    Root --> node_venv["venv"]\n    node_venv --> node_venv_lib["lib"]\n    node_venv_lib --> node_venv_lib_python3_12["python3.12"]\n    node_venv_lib_python3_12 --> node_venv_lib_python3_12_site-packages["site-packages"]\n    node_venv_lib_python3_12_site-packages --> node_venv_lib_python3_12_site-packages_PyQt6["PyQt6"]\n    node_venv_lib_python3_12_site-packages_PyQt6 --> node_venv_lib_python3_12_site-packages_PyQt6_bindings["bindings"]\n    node_venv_lib_python3_12_site-packages_PyQt6_bindings --> node_venv_lib_python3_12_site-packages_PyQt6_bindings_QtMultimedia["QtMultimedia"]\n    node_venv_lib_python3_12_site-packages_PyQt6_bindings_QtMultimedia --> node_venv_lib_python3_12_site-packages_PyQt6_bindings_QtMultimedia_qvideosink_sip["qvideosink.sip"]\n    Root --> node_venv["venv"]\n    node_venv --> node_venv_lib["lib"]\n    node_venv_lib --> node_venv_lib_python3_12["python3.12"]\n    node_venv_lib_python3_12 --> node_venv_lib_python3_12_site-packages["site-packages"]\n    node_venv_lib_python3_12_site-packages --> node_venv_lib_python3_12_site-packages_PyQt6["PyQt6"]\n    node_venv_lib_python3_12_site-packages_PyQt6 --> node_venv_lib_python3_12_site-packages_PyQt6_bindings["bindings"]\n    node_venv_lib_python3_12_site-packages_PyQt6_bindings --> node_venv_lib_python3_12_site-packages_PyQt6_bindings_QtMultimedia["QtMultimedia"]\n    node_venv_lib_python3_12_site-packages_PyQt6_bindings_QtMultimedia --> node_venv_lib_python3_12_site-packages_PyQt6_bindings_QtMultimedia_qwindowcapture_sip["qwindowcapture.sip"]\n    Root --> node_venv["venv"]\n    node_venv --> node_venv_lib["lib"]\n    node_venv_lib --> node_venv_lib_python3_12["python3.12"]\n    node_venv_lib_python3_12 --> node_venv_lib_python3_12_site-packages["site-packages"]\n    node_venv_lib_python3_12_site-packages --> node_venv_lib_python3_12_site-packages_PyQt6["PyQt6"]\n    node_venv_lib_python3_12_site-packages_PyQt6 --> node_venv_lib_python3_12_site-packages_PyQt6_bindings["bindings"]\n    node_venv_lib_python3_12_site-packages_PyQt6_bindings --> node_venv_lib_python3_12_site-packages_PyQt6_bindings_QtSpatialAudio["QtSpatialAudio"]\n    node_venv_lib_python3_12_site-packages_PyQt6_bindings_QtSpatialAudio --> node_venv_lib_python3_12_site-packages_PyQt6_bindings_QtSpatialAudio_QtSpatialAudio_toml["QtSpatialAudio.toml"]\n    Root --> node_venv["venv"]\n    node_venv --> node_venv_lib["lib"]\n    node_venv_lib --> node_venv_lib_python3_12["python3.12"]\n    node_venv_lib_python3_12 --> node_venv_lib_python3_12_site-packages["site-packages"]\n    node_venv_lib_python3_12_site-packages --> node_venv_lib_python3_12_site-packages_PyQt6["PyQt6"]\n    node_venv_lib_python3_12_site-packages_PyQt6 --> node_venv_lib_python3_12_site-packages_PyQt6_bindings["bindings"]\n    node_venv_lib_python3_12_site-packages_PyQt6_bindings --> node_venv_lib_python3_12_site-packages_PyQt6_bindings_QtSpatialAudio["QtSpatialAudio"]\n    node_venv_lib_python3_12_site-packages_PyQt6_bindings_QtSpatialAudio --> node_venv_lib_python3_12_site-packages_PyQt6_bindings_QtSpatialAudio_QtSpatialAudiomod_sip["QtSpatialAudiomod.sip"]\n    Root --> node_venv["venv"]\n    node_venv --> node_venv_lib["lib"]\n    node_venv_lib --> node_venv_lib_python3_12["python3.12"]\n    node_venv_lib_python3_12 --> node_venv_lib_python3_12_site-packages["site-packages"]\n    node_venv_lib_python3_12_site-packages --> node_venv_lib_python3_12_site-packages_PyQt6["PyQt6"]\n    node_venv_lib_python3_12_site-packages_PyQt6 --> node_venv_lib_python3_12_site-packages_PyQt6_bindings["bindings"]\n    node_venv_lib_python3_12_site-packages_PyQt6_bindings --> node_venv_lib_python3_12_site-packages_PyQt6_bindings_QtSpatialAudio["QtSpatialAudio"]\n    node_venv_lib_python3_12_site-packages_PyQt6_bindings_QtSpatialAudio --> node_venv_lib_python3_12_site-packages_PyQt6_bindings_QtSpatialAudio_qambientsound_sip["qambientsound.sip"]\n    Root --> node_venv["venv"]\n    node_venv --> node_venv_lib["lib"]\n    node_venv_lib --> node_venv_lib_python3_12["python3.12"]\n    node_venv_lib_python3_12 --> node_venv_lib_python3_12_site-packages["site-packages"]\n    node_venv_lib_python3_12_site-packages --> node_venv_lib_python3_12_site-packages_PyQt6["PyQt6"]\n    node_venv_lib_python3_12_site-packages_PyQt6 --> node_venv_lib_python3_12_site-packages_PyQt6_bindings["bindings"]\n    node_venv_lib_python3_12_site-packages_PyQt6_bindings --> node_venv_lib_python3_12_site-packages_PyQt6_bindings_QtSpatialAudio["QtSpatialAudio"]\n    node_venv_lib_python3_12_site-packages_PyQt6_bindings_QtSpatialAudio --> node_venv_lib_python3_12_site-packages_PyQt6_bindings_QtSpatialAudio_qaudioengine_sip["qaudioengine.sip"]\n    Root --> node_venv["venv"]\n    node_venv --> node_venv_lib["lib"]\n    node_venv_lib --> node_venv_lib_python3_12["python3.12"]\n    node_venv_lib_python3_12 --> node_venv_lib_python3_12_site-packages["site-packages"]\n    node_venv_lib_python3_12_site-packages --> node_venv_lib_python3_12_site-packages_PyQt6["PyQt6"]\n    node_venv_lib_python3_12_site-packages_PyQt6 --> node_venv_lib_python3_12_site-packages_PyQt6_bindings["bindings"]\n    node_venv_lib_python3_12_site-packages_PyQt6_bindings --> node_venv_lib_python3_12_site-packages_PyQt6_bindings_QtSpatialAudio["QtSpatialAudio"]\n    node_venv_lib_python3_12_site-packages_PyQt6_bindings_QtSpatialAudio --> node_venv_lib_python3_12_site-packages_PyQt6_bindings_QtSpatialAudio_qaudiolistener_sip["qaudiolistener.sip"]\n    Root --> node_venv["venv"]\n    node_venv --> node_venv_lib["lib"]\n    node_venv_lib --> node_venv_lib_python3_12["python3.12"]\n    node_venv_lib_python3_12 --> node_venv_lib_python3_12_site-packages["site-packages"]\n    node_venv_lib_python3_12_site-packages --> node_venv_lib_python3_12_site-packages_PyQt6["PyQt6"]\n    node_venv_lib_python3_12_site-packages_PyQt6 --> node_venv_lib_python3_12_site-packages_PyQt6_bindings["bindings"]\n    node_venv_lib_python3_12_site-packages_PyQt6_bindings --> node_venv_lib_python3_12_site-packages_PyQt6_bindings_QtSpatialAudio["QtSpatialAudio"]\n    node_venv_lib_python3_12_site-packages_PyQt6_bindings_QtSpatialAudio --> node_venv_lib_python3_12_site-packages_PyQt6_bindings_QtSpatialAudio_qaudioroom_sip["qaudioroom.sip"]\n    Root --> node_venv["venv"]\n    node_venv --> node_venv_lib["lib"]\n    node_venv_lib --> node_venv_lib_python3_12["python3.12"]\n    node_venv_lib_python3_12 --> node_venv_lib_python3_12_site-packages["site-packages"]\n    node_venv_lib_python3_12_site-packages --> node_venv_lib_python3_12_site-packages_PyQt6["PyQt6"]\n    node_venv_lib_python3_12_site-packages_PyQt6 --> node_venv_lib_python3_12_site-packages_PyQt6_bindings["bindings"]\n    node_venv_lib_python3_12_site-packages_PyQt6_bindings --> node_venv_lib_python3_12_site-packages_PyQt6_bindings_QtSpatialAudio["QtSpatialAudio"]\n    node_venv_lib_python3_12_site-packages_PyQt6_bindings_QtSpatialAudio --> node_venv_lib_python3_12_site-packages_PyQt6_bindings_QtSpatialAudio_qspatialsound_sip["qspatialsound.sip"]\n    Root --> node_venv["venv"]\n    node_venv --> node_venv_lib["lib"]\n    node_venv_lib --> node_venv_lib_python3_12["python3.12"]\n    node_venv_lib_python3_12 --> node_venv_lib_python3_12_site-packages["site-packages"]\n    node_venv_lib_python3_12_site-packages --> node_venv_lib_python3_12_site-packages_PyQt6["PyQt6"]\n    node_venv_lib_python3_12_site-packages_PyQt6 --> node_venv_lib_python3_12_site-packages_PyQt6_bindings["bindings"]\n    node_venv_lib_python3_12_site-packages_PyQt6_bindings --> node_venv_lib_python3_12_site-packages_PyQt6_bindings_QtPositioning["QtPositioning"]\n    node_venv_lib_python3_12_site-packages_PyQt6_bindings_QtPositioning --> node_venv_lib_python3_12_site-packages_PyQt6_bindings_QtPositioning_QtPositioning_toml["QtPositioning.toml"]\n    Root --> node_venv["venv"]\n    node_venv --> node_venv_lib["lib"]\n    node_venv_lib --> node_venv_lib_python3_12["python3.12"]\n    node_venv_lib_python3_12 --> node_venv_lib_python3_12_site-packages["site-packages"]\n    node_venv_lib_python3_12_site-packages --> node_venv_lib_python3_12_site-packages_PyQt6["PyQt6"]\n    node_venv_lib_python3_12_site-packages_PyQt6 --> node_venv_lib_python3_12_site-packages_PyQt6_bindings["bindings"]\n    node_venv_lib_python3_12_site-packages_PyQt6_bindings --> node_venv_lib_python3_12_site-packages_PyQt6_bindings_QtPositioning["QtPositioning"]\n    node_venv_lib_python3_12_site-packages_PyQt6_bindings_QtPositioning --> node_venv_lib_python3_12_site-packages_PyQt6_bindings_QtPositioning_QtPositioningmod_sip["QtPositioningmod.sip"]\n    Root --> node_venv["venv"]\n    node_venv --> node_venv_lib["lib"]\n    node_venv_lib --> node_venv_lib_python3_12["python3.12"]\n    node_venv_lib_python3_12 --> node_venv_lib_python3_12_site-packages["site-packages"]\n    node_venv_lib_python3_12_site-packages --> node_venv_lib_python3_12_site-packages_PyQt6["PyQt6"]\n    node_venv_lib_python3_12_site-packages_PyQt6 --> node_venv_lib_python3_12_site-packages_PyQt6_bindings["bindings"]\n    node_venv_lib_python3_12_site-packages_PyQt6_bindings --> node_venv_lib_python3_12_site-packages_PyQt6_bindings_QtPositioning["QtPositioning"]\n    node_venv_lib_python3_12_site-packages_PyQt6_bindings_QtPositioning --> node_venv_lib_python3_12_site-packages_PyQt6_bindings_QtPositioning_qgeoaddress_sip["qgeoaddress.sip"]\n    Root --> node_venv["venv"]\n    node_venv --> node_venv_lib["lib"]\n    node_venv_lib --> node_venv_lib_python3_12["python3.12"]\n    node_venv_lib_python3_12 --> node_venv_lib_python3_12_site-packages["site-packages"]\n    node_venv_lib_python3_12_site-packages --> node_venv_lib_python3_12_site-packages_PyQt6["PyQt6"]\n    node_venv_lib_python3_12_site-packages_PyQt6 --> node_venv_lib_python3_12_site-packages_PyQt6_bindings["bindings"]\n    node_venv_lib_python3_12_site-packages_PyQt6_bindings --> node_venv_lib_python3_12_site-packages_PyQt6_bindings_QtPositioning["QtPositioning"]\n    node_venv_lib_python3_12_site-packages_PyQt6_bindings_QtPositioning --> node_venv_lib_python3_12_site-packages_PyQt6_bindings_QtPositioning_qgeoareamonitorinfo_sip["qgeoareamonitorinfo.sip"]\n    Root --> node_venv["venv"]\n    node_venv --> node_venv_lib["lib"]\n    node_venv_lib --> node_venv_lib_python3_12["python3.12"]\n    node_venv_lib_python3_12 --> node_venv_lib_python3_12_site-packages["site-packages"]\n    node_venv_lib_python3_12_site-packages --> node_venv_lib_python3_12_site-packages_PyQt6["PyQt6"]\n    node_venv_lib_python3_12_site-packages_PyQt6 --> node_venv_lib_python3_12_site-packages_PyQt6_bindings["bindings"]\n    node_venv_lib_python3_12_site-packages_PyQt6_bindings --> node_venv_lib_python3_12_site-packages_PyQt6_bindings_QtPositioning["QtPositioning"]\n    node_venv_lib_python3_12_site-packages_PyQt6_bindings_QtPositioning --> node_venv_lib_python3_12_site-packages_PyQt6_bindings_QtPositioning_qgeoareamonitorsource_sip["qgeoareamonitorsource.sip"]\n    Root --> node_venv["venv"]\n    node_venv --> node_venv_lib["lib"]\n    node_venv_lib --> node_venv_lib_python3_12["python3.12"]\n    node_venv_lib_python3_12 --> node_venv_lib_python3_12_site-packages["site-packages"]\n    node_venv_lib_python3_12_site-packages --> node_venv_lib_python3_12_site-packages_PyQt6["PyQt6"]\n    node_venv_lib_python3_12_site-packages_PyQt6 --> node_venv_lib_python3_12_site-packages_PyQt6_bindings["bindings"]\n    node_venv_lib_python3_12_site-packages_PyQt6_bindings --> node_venv_lib_python3_12_site-packages_PyQt6_bindings_QtPositioning["QtPositioning"]\n    node_venv_lib_python3_12_site-packages_PyQt6_bindings_QtPositioning --> node_venv_lib_python3_12_site-packages_PyQt6_bindings_QtPositioning_qgeocircle_sip["qgeocircle.sip"]\n    Root --> node_venv["venv"]\n    node_venv --> node_venv_lib["lib"]\n    node_venv_lib --> node_venv_lib_python3_12["python3.12"]\n    node_venv_lib_python3_12 --> node_venv_lib_python3_12_site-packages["site-packages"]\n    node_venv_lib_python3_12_site-packages --> node_venv_lib_python3_12_site-packages_PyQt6["PyQt6"]\n    node_venv_lib_python3_12_site-packages_PyQt6 --> node_venv_lib_python3_12_site-packages_PyQt6_bindings["bindings"]\n    node_venv_lib_python3_12_site-packages_PyQt6_bindings --> node_venv_lib_python3_12_site-packages_PyQt6_bindings_QtPositioning["QtPositioning"]\n    node_venv_lib_python3_12_site-packages_PyQt6_bindings_QtPositioning --> node_venv_lib_python3_12_site-packages_PyQt6_bindings_QtPositioning_qgeocoordinate_sip["qgeocoordinate.sip"]\n    Root --> node_venv["venv"]\n    node_venv --> node_venv_lib["lib"]\n    node_venv_lib --> node_venv_lib_python3_12["python3.12"]\n    node_venv_lib_python3_12 --> node_venv_lib_python3_12_site-packages["site-packages"]\n    node_venv_lib_python3_12_site-packages --> node_venv_lib_python3_12_site-packages_PyQt6["PyQt6"]\n    node_venv_lib_python3_12_site-packages_PyQt6 --> node_venv_lib_python3_12_site-packages_PyQt6_bindings["bindings"]\n    node_venv_lib_python3_12_site-packages_PyQt6_bindings --> node_venv_lib_python3_12_site-packages_PyQt6_bindings_QtPositioning["QtPositioning"]\n    node_venv_lib_python3_12_site-packages_PyQt6_bindings_QtPositioning --> node_venv_lib_python3_12_site-packages_PyQt6_bindings_QtPositioning_qgeolocation_sip["qgeolocation.sip"]\n    Root --> node_venv["venv"]\n    node_venv --> node_venv_lib["lib"]\n    node_venv_lib --> node_venv_lib_python3_12["python3.12"]\n    node_venv_lib_python3_12 --> node_venv_lib_python3_12_site-packages["site-packages"]\n    node_venv_lib_python3_12_site-packages --> node_venv_lib_python3_12_site-packages_PyQt6["PyQt6"]\n    node_venv_lib_python3_12_site-packages_PyQt6 --> node_venv_lib_python3_12_site-packages_PyQt6_bindings["bindings"]\n    node_venv_lib_python3_12_site-packages_PyQt6_bindings --> node_venv_lib_python3_12_site-packages_PyQt6_bindings_QtPositioning["QtPositioning"]\n    node_venv_lib_python3_12_site-packages_PyQt6_bindings_QtPositioning --> node_venv_lib_python3_12_site-packages_PyQt6_bindings_QtPositioning_qgeopath_sip["qgeopath.sip"]\n    Root --> node_venv["venv"]\n    node_venv --> node_venv_lib["lib"]\n    node_venv_lib --> node_venv_lib_python3_12["python3.12"]\n    node_venv_lib_python3_12 --> node_venv_lib_python3_12_site-packages["site-packages"]\n    node_venv_lib_python3_12_site-packages --> node_venv_lib_python3_12_site-packages_PyQt6["PyQt6"]\n    node_venv_lib_python3_12_site-packages_PyQt6 --> node_venv_lib_python3_12_site-packages_PyQt6_bindings["bindings"]\n    node_venv_lib_python3_12_site-packages_PyQt6_bindings --> node_venv_lib_python3_12_site-packages_PyQt6_bindings_QtPositioning["QtPositioning"]\n    node_venv_lib_python3_12_site-packages_PyQt6_bindings_QtPositioning --> node_venv_lib_python3_12_site-packages_PyQt6_bindings_QtPositioning_qgeopolygon_sip["qgeopolygon.sip"]\n    Root --> node_venv["venv"]\n    node_venv --> node_venv_lib["lib"]\n    node_venv_lib --> node_venv_lib_python3_12["python3.12"]\n    node_venv_lib_python3_12 --> node_venv_lib_python3_12_site-packages["site-packages"]\n    node_venv_lib_python3_12_site-packages --> node_venv_lib_python3_12_site-packages_PyQt6["PyQt6"]\n    node_venv_lib_python3_12_site-packages_PyQt6 --> node_venv_lib_python3_12_site-packages_PyQt6_bindings["bindings"]\n    node_venv_lib_python3_12_site-packages_PyQt6_bindings --> node_venv_lib_python3_12_site-packages_PyQt6_bindings_QtPositioning["QtPositioning"]\n    node_venv_lib_python3_12_site-packages_PyQt6_bindings_QtPositioning --> node_venv_lib_python3_12_site-packages_PyQt6_bindings_QtPositioning_qgeopositioninfo_sip["qgeopositioninfo.sip"]\n    Root --> node_venv["venv"]\n    node_venv --> node_venv_lib["lib"]\n    node_venv_lib --> node_venv_lib_python3_12["python3.12"]\n    node_venv_lib_python3_12 --> node_venv_lib_python3_12_site-packages["site-packages"]\n    node_venv_lib_python3_12_site-packages --> node_venv_lib_python3_12_site-packages_PyQt6["PyQt6"]\n    node_venv_lib_python3_12_site-packages_PyQt6 --> node_venv_lib_python3_12_site-packages_PyQt6_bindings["bindings"]\n    node_venv_lib_python3_12_site-packages_PyQt6_bindings --> node_venv_lib_python3_12_site-packages_PyQt6_bindings_QtPositioning["QtPositioning"]\n    node_venv_lib_python3_12_site-packages_PyQt6_bindings_QtPositioning --> node_venv_lib_python3_12_site-packages_PyQt6_bindings_QtPositioning_qgeopositioninfosource_sip["qgeopositioninfosource.sip"]\n    Root --> node_venv["venv"]\n    node_venv --> node_venv_lib["lib"]\n    node_venv_lib --> node_venv_lib_python3_12["python3.12"]\n    node_venv_lib_python3_12 --> node_venv_lib_python3_12_site-packages["site-packages"]\n    node_venv_lib_python3_12_site-packages --> node_venv_lib_python3_12_site-packages_PyQt6["PyQt6"]\n    node_venv_lib_python3_12_site-packages_PyQt6 --> node_venv_lib_python3_12_site-packages_PyQt6_bindings["bindings"]\n    node_venv_lib_python3_12_site-packages_PyQt6_bindings --> node_venv_lib_python3_12_site-packages_PyQt6_bindings_QtPositioning["QtPositioning"]\n    node_venv_lib_python3_12_site-packages_PyQt6_bindings_QtPositioning --> node_venv_lib_python3_12_site-packages_PyQt6_bindings_QtPositioning_qgeorectangle_sip["qgeorectangle.sip"]\n    Root --> node_venv["venv"]\n    node_venv --> node_venv_lib["lib"]\n    node_venv_lib --> node_venv_lib_python3_12["python3.12"]\n    node_venv_lib_python3_12 --> node_venv_lib_python3_12_site-packages["site-packages"]\n    node_venv_lib_python3_12_site-packages --> node_venv_lib_python3_12_site-packages_PyQt6["PyQt6"]\n    node_venv_lib_python3_12_site-packages_PyQt6 --> node_venv_lib_python3_12_site-packages_PyQt6_bindings["bindings"]\n    node_venv_lib_python3_12_site-packages_PyQt6_bindings --> node_venv_lib_python3_12_site-packages_PyQt6_bindings_QtPositioning["QtPositioning"]\n    node_venv_lib_python3_12_site-packages_PyQt6_bindings_QtPositioning --> node_venv_lib_python3_12_site-packages_PyQt6_bindings_QtPositioning_qgeosatelliteinfo_sip["qgeosatelliteinfo.sip"]\n    Root --> node_venv["venv"]\n    node_venv --> node_venv_lib["lib"]\n    node_venv_lib --> node_venv_lib_python3_12["python3.12"]\n    node_venv_lib_python3_12 --> node_venv_lib_python3_12_site-packages["site-packages"]\n    node_venv_lib_python3_12_site-packages --> node_venv_lib_python3_12_site-packages_PyQt6["PyQt6"]\n    node_venv_lib_python3_12_site-packages_PyQt6 --> node_venv_lib_python3_12_site-packages_PyQt6_bindings["bindings"]\n    node_venv_lib_python3_12_site-packages_PyQt6_bindings --> node_venv_lib_python3_12_site-packages_PyQt6_bindings_QtPositioning["QtPositioning"]\n    node_venv_lib_python3_12_site-packages_PyQt6_bindings_QtPositioning --> node_venv_lib_python3_12_site-packages_PyQt6_bindings_QtPositioning_qgeosatelliteinfosource_sip["qgeosatelliteinfosource.sip"]\n    Root --> node_venv["venv"]\n    node_venv --> node_venv_lib["lib"]\n    node_venv_lib --> node_venv_lib_python3_12["python3.12"]\n    node_venv_lib_python3_12 --> node_venv_lib_python3_12_site-packages["site-packages"]\n    node_venv_lib_python3_12_site-packages --> node_venv_lib_python3_12_site-packages_PyQt6["PyQt6"]\n    node_venv_lib_python3_12_site-packages_PyQt6 --> node_venv_lib_python3_12_site-packages_PyQt6_bindings["bindings"]\n    node_venv_lib_python3_12_site-packages_PyQt6_bindings --> node_venv_lib_python3_12_site-packages_PyQt6_bindings_QtPositioning["QtPositioning"]\n    node_venv_lib_python3_12_site-packages_PyQt6_bindings_QtPositioning --> node_venv_lib_python3_12_site-packages_PyQt6_bindings_QtPositioning_qgeoshape_sip["qgeoshape.sip"]\n    Root --> node_venv["venv"]\n    node_venv --> node_venv_lib["lib"]\n    node_venv_lib --> node_venv_lib_python3_12["python3.12"]\n    node_venv_lib_python3_12 --> node_venv_lib_python3_12_site-packages["site-packages"]\n    node_venv_lib_python3_12_site-packages --> node_venv_lib_python3_12_site-packages_PyQt6["PyQt6"]\n    node_venv_lib_python3_12_site-packages_PyQt6 --> node_venv_lib_python3_12_site-packages_PyQt6_bindings["bindings"]\n    node_venv_lib_python3_12_site-packages_PyQt6_bindings --> node_venv_lib_python3_12_site-packages_PyQt6_bindings_QtPositioning["QtPositioning"]\n    node_venv_lib_python3_12_site-packages_PyQt6_bindings_QtPositioning --> node_venv_lib_python3_12_site-packages_PyQt6_bindings_QtPositioning_qnmeapositioninfosource_sip["qnmeapositioninfosource.sip"]\n    Root --> node_venv["venv"]\n    node_venv --> node_venv_lib["lib"]\n    node_venv_lib --> node_venv_lib_python3_12["python3.12"]\n    node_venv_lib_python3_12 --> node_venv_lib_python3_12_site-packages["site-packages"]\n    node_venv_lib_python3_12_site-packages --> node_venv_lib_python3_12_site-packages_PyQt6["PyQt6"]\n    node_venv_lib_python3_12_site-packages_PyQt6 --> node_venv_lib_python3_12_site-packages_PyQt6_bindings["bindings"]\n    node_venv_lib_python3_12_site-packages_PyQt6_bindings --> node_venv_lib_python3_12_site-packages_PyQt6_bindings_QtPositioning["QtPositioning"]\n    node_venv_lib_python3_12_site-packages_PyQt6_bindings_QtPositioning --> node_venv_lib_python3_12_site-packages_PyQt6_bindings_QtPositioning_qnmeasatelliteinfosource_sip["qnmeasatelliteinfosource.sip"]\n    Root --> node_venv["venv"]\n    node_venv --> node_venv_lib["lib"]\n    node_venv_lib --> node_venv_lib_python3_12["python3.12"]\n    node_venv_lib_python3_12 --> node_venv_lib_python3_12_site-packages["site-packages"]\n    node_venv_lib_python3_12_site-packages --> node_venv_lib_python3_12_site-packages_PyQt6["PyQt6"]\n    node_venv_lib_python3_12_site-packages_PyQt6 --> node_venv_lib_python3_12_site-packages_PyQt6_bindings["bindings"]\n    node_venv_lib_python3_12_site-packages_PyQt6_bindings --> node_venv_lib_python3_12_site-packages_PyQt6_bindings_QtTextToSpeech["QtTextToSpeech"]\n    node_venv_lib_python3_12_site-packages_PyQt6_bindings_QtTextToSpeech --> node_venv_lib_python3_12_site-packages_PyQt6_bindings_QtTextToSpeech_QtTextToSpeech_toml["QtTextToSpeech.toml"]\n    Root --> node_venv["venv"]\n    node_venv --> node_venv_lib["lib"]\n    node_venv_lib --> node_venv_lib_python3_12["python3.12"]\n    node_venv_lib_python3_12 --> node_venv_lib_python3_12_site-packages["site-packages"]\n    node_venv_lib_python3_12_site-packages --> node_venv_lib_python3_12_site-packages_PyQt6["PyQt6"]\n    node_venv_lib_python3_12_site-packages_PyQt6 --> node_venv_lib_python3_12_site-packages_PyQt6_bindings["bindings"]\n    node_venv_lib_python3_12_site-packages_PyQt6_bindings --> node_venv_lib_python3_12_site-packages_PyQt6_bindings_QtTextToSpeech["QtTextToSpeech"]\n    node_venv_lib_python3_12_site-packages_PyQt6_bindings_QtTextToSpeech --> node_venv_lib_python3_12_site-packages_PyQt6_bindings_QtTextToSpeech_QtTextToSpeechmod_sip["QtTextToSpeechmod.sip"]\n    Root --> node_venv["venv"]\n    node_venv --> node_venv_lib["lib"]\n    node_venv_lib --> node_venv_lib_python3_12["python3.12"]\n    node_venv_lib_python3_12 --> node_venv_lib_python3_12_site-packages["site-packages"]\n    node_venv_lib_python3_12_site-packages --> node_venv_lib_python3_12_site-packages_PyQt6["PyQt6"]\n    node_venv_lib_python3_12_site-packages_PyQt6 --> node_venv_lib_python3_12_site-packages_PyQt6_bindings["bindings"]\n    node_venv_lib_python3_12_site-packages_PyQt6_bindings --> node_venv_lib_python3_12_site-packages_PyQt6_bindings_QtTextToSpeech["QtTextToSpeech"]\n    node_venv_lib_python3_12_site-packages_PyQt6_bindings_QtTextToSpeech --> node_venv_lib_python3_12_site-packages_PyQt6_bindings_QtTextToSpeech_qtexttospeech_sip["qtexttospeech.sip"]\n    Root --> node_venv["venv"]\n    node_venv --> node_venv_lib["lib"]\n    node_venv_lib --> node_venv_lib_python3_12["python3.12"]\n    node_venv_lib_python3_12 --> node_venv_lib_python3_12_site-packages["site-packages"]\n    node_venv_lib_python3_12_site-packages --> node_venv_lib_python3_12_site-packages_PyQt6["PyQt6"]\n    node_venv_lib_python3_12_site-packages_PyQt6 --> node_venv_lib_python3_12_site-packages_PyQt6_bindings["bindings"]\n    node_venv_lib_python3_12_site-packages_PyQt6_bindings --> node_venv_lib_python3_12_site-packages_PyQt6_bindings_QtTextToSpeech["QtTextToSpeech"]\n    node_venv_lib_python3_12_site-packages_PyQt6_bindings_QtTextToSpeech --> node_venv_lib_python3_12_site-packages_PyQt6_bindings_QtTextToSpeech_qvoice_sip["qvoice.sip"]\n    Root --> node_venv["venv"]\n    node_venv --> node_venv_lib["lib"]\n    node_venv_lib --> node_venv_lib_python3_12["python3.12"]\n    node_venv_lib_python3_12 --> node_venv_lib_python3_12_site-packages["site-packages"]\n    node_venv_lib_python3_12_site-packages --> node_venv_lib_python3_12_site-packages_PyQt6["PyQt6"]\n    node_venv_lib_python3_12_site-packages_PyQt6 --> node_venv_lib_python3_12_site-packages_PyQt6_bindings["bindings"]\n    node_venv_lib_python3_12_site-packages_PyQt6_bindings --> node_venv_lib_python3_12_site-packages_PyQt6_bindings_QtCore["QtCore"]\n    node_venv_lib_python3_12_site-packages_PyQt6_bindings_QtCore --> node_venv_lib_python3_12_site-packages_PyQt6_bindings_QtCore_QtCore_toml["QtCore.toml"]\n    Root --> node_venv["venv"]\n    node_venv --> node_venv_lib["lib"]\n    node_venv_lib --> node_venv_lib_python3_12["python3.12"]\n    node_venv_lib_python3_12 --> node_venv_lib_python3_12_site-packages["site-packages"]\n    node_venv_lib_python3_12_site-packages --> node_venv_lib_python3_12_site-packages_PyQt6["PyQt6"]\n    node_venv_lib_python3_12_site-packages_PyQt6 --> node_venv_lib_python3_12_site-packages_PyQt6_bindings["bindings"]\n    node_venv_lib_python3_12_site-packages_PyQt6_bindings --> node_venv_lib_python3_12_site-packages_PyQt6_bindings_QtCore["QtCore"]\n    node_venv_lib_python3_12_site-packages_PyQt6_bindings_QtCore --> node_venv_lib_python3_12_site-packages_PyQt6_bindings_QtCore_QtCoremod_sip["QtCoremod.sip"]\n    Root --> node_venv["venv"]\n    node_venv --> node_venv_lib["lib"]\n    node_venv_lib --> node_venv_lib_python3_12["python3.12"]\n    node_venv_lib_python3_12 --> node_venv_lib_python3_12_site-packages["site-packages"]\n    node_venv_lib_python3_12_site-packages --> node_venv_lib_python3_12_site-packages_PyQt6["PyQt6"]\n    node_venv_lib_python3_12_site-packages_PyQt6 --> node_venv_lib_python3_12_site-packages_PyQt6_bindings["bindings"]\n    node_venv_lib_python3_12_site-packages_PyQt6_bindings --> node_venv_lib_python3_12_site-packages_PyQt6_bindings_QtCore["QtCore"]\n    node_venv_lib_python3_12_site-packages_PyQt6_bindings_QtCore --> node_venv_lib_python3_12_site-packages_PyQt6_bindings_QtCore_pyqt-gpl_sip5["pyqt-gpl.sip5"]\n    Root --> node_venv["venv"]\n    node_venv --> node_venv_lib["lib"]\n    node_venv_lib --> node_venv_lib_python3_12["python3.12"]\n    node_venv_lib_python3_12 --> node_venv_lib_python3_12_site-packages["site-packages"]\n    node_venv_lib_python3_12_site-packages --> node_venv_lib_python3_12_site-packages_PyQt6["PyQt6"]\n    node_venv_lib_python3_12_site-packages_PyQt6 --> node_venv_lib_python3_12_site-packages_PyQt6_bindings["bindings"]\n    node_venv_lib_python3_12_site-packages_PyQt6_bindings --> node_venv_lib_python3_12_site-packages_PyQt6_bindings_QtCore["QtCore"]\n    node_venv_lib_python3_12_site-packages_PyQt6_bindings_QtCore --> node_venv_lib_python3_12_site-packages_PyQt6_bindings_QtCore_qabstractanimation_sip["qabstractanimation.sip"]\n    Root --> node_venv["venv"]\n    node_venv --> node_venv_lib["lib"]\n    node_venv_lib --> node_venv_lib_python3_12["python3.12"]\n    node_venv_lib_python3_12 --> node_venv_lib_python3_12_site-packages["site-packages"]\n    node_venv_lib_python3_12_site-packages --> node_venv_lib_python3_12_site-packages_PyQt6["PyQt6"]\n    node_venv_lib_python3_12_site-packages_PyQt6 --> node_venv_lib_python3_12_site-packages_PyQt6_bindings["bindings"]\n    node_venv_lib_python3_12_site-packages_PyQt6_bindings --> node_venv_lib_python3_12_site-packages_PyQt6_bindings_QtCore["QtCore"]\n    node_venv_lib_python3_12_site-packages_PyQt6_bindings_QtCore --> node_venv_lib_python3_12_site-packages_PyQt6_bindings_QtCore_qabstracteventdispatcher_sip["qabstracteventdispatcher.sip"]\n    Root --> node_venv["venv"]\n    node_venv --> node_venv_lib["lib"]\n    node_venv_lib --> node_venv_lib_python3_12["python3.12"]\n    node_venv_lib_python3_12 --> node_venv_lib_python3_12_site-packages["site-packages"]\n    node_venv_lib_python3_12_site-packages --> node_venv_lib_python3_12_site-packages_PyQt6["PyQt6"]\n    node_venv_lib_python3_12_site-packages_PyQt6 --> node_venv_lib_python3_12_site-packages_PyQt6_bindings["bindings"]\n    node_venv_lib_python3_12_site-packages_PyQt6_bindings --> node_venv_lib_python3_12_site-packages_PyQt6_bindings_QtCore["QtCore"]\n    node_venv_lib_python3_12_site-packages_PyQt6_bindings_QtCore --> node_venv_lib_python3_12_site-packages_PyQt6_bindings_QtCore_qabstractitemmodel_sip["qabstractitemmodel.sip"]\n    Root --> node_venv["venv"]\n    node_venv --> node_venv_lib["lib"]\n    node_venv_lib --> node_venv_lib_python3_12["python3.12"]\n    node_venv_lib_python3_12 --> node_venv_lib_python3_12_site-packages["site-packages"]\n    node_venv_lib_python3_12_site-packages --> node_venv_lib_python3_12_site-packages_PyQt6["PyQt6"]\n    node_venv_lib_python3_12_site-packages_PyQt6 --> node_venv_lib_python3_12_site-packages_PyQt6_bindings["bindings"]\n    node_venv_lib_python3_12_site-packages_PyQt6_bindings --> node_venv_lib_python3_12_site-packages_PyQt6_bindings_QtCore["QtCore"]\n    node_venv_lib_python3_12_site-packages_PyQt6_bindings_QtCore --> node_venv_lib_python3_12_site-packages_PyQt6_bindings_QtCore_qabstractnativeeventfilter_sip["qabstractnativeeventfilter.sip"]\n    Root --> node_venv["venv"]\n    node_venv --> node_venv_lib["lib"]\n    node_venv_lib --> node_venv_lib_python3_12["python3.12"]\n    node_venv_lib_python3_12 --> node_venv_lib_python3_12_site-packages["site-packages"]\n    node_venv_lib_python3_12_site-packages --> node_venv_lib_python3_12_site-packages_PyQt6["PyQt6"]\n    node_venv_lib_python3_12_site-packages_PyQt6 --> node_venv_lib_python3_12_site-packages_PyQt6_bindings["bindings"]\n    node_venv_lib_python3_12_site-packages_PyQt6_bindings --> node_venv_lib_python3_12_site-packages_PyQt6_bindings_QtCore["QtCore"]\n    node_venv_lib_python3_12_site-packages_PyQt6_bindings_QtCore --> node_venv_lib_python3_12_site-packages_PyQt6_bindings_QtCore_qabstractproxymodel_sip["qabstractproxymodel.sip"]\n    Root --> node_venv["venv"]\n    node_venv --> node_venv_lib["lib"]\n    node_venv_lib --> node_venv_lib_python3_12["python3.12"]\n    node_venv_lib_python3_12 --> node_venv_lib_python3_12_site-packages["site-packages"]\n    node_venv_lib_python3_12_site-packages --> node_venv_lib_python3_12_site-packages_PyQt6["PyQt6"]\n    node_venv_lib_python3_12_site-packages_PyQt6 --> node_venv_lib_python3_12_site-packages_PyQt6_bindings["bindings"]\n    node_venv_lib_python3_12_site-packages_PyQt6_bindings --> node_venv_lib_python3_12_site-packages_PyQt6_bindings_QtCore["QtCore"]\n    node_venv_lib_python3_12_site-packages_PyQt6_bindings_QtCore --> node_venv_lib_python3_12_site-packages_PyQt6_bindings_QtCore_qanimationgroup_sip["qanimationgroup.sip"]\n    Root --> node_venv["venv"]\n    node_venv --> node_venv_lib["lib"]\n    node_venv_lib --> node_venv_lib_python3_12["python3.12"]\n    node_venv_lib_python3_12 --> node_venv_lib_python3_12_site-packages["site-packages"]\n    node_venv_lib_python3_12_site-packages --> node_venv_lib_python3_12_site-packages_PyQt6["PyQt6"]\n    node_venv_lib_python3_12_site-packages_PyQt6 --> node_venv_lib_python3_12_site-packages_PyQt6_bindings["bindings"]\n    node_venv_lib_python3_12_site-packages_PyQt6_bindings --> node_venv_lib_python3_12_site-packages_PyQt6_bindings_QtCore["QtCore"]\n    node_venv_lib_python3_12_site-packages_PyQt6_bindings_QtCore --> node_venv_lib_python3_12_site-packages_PyQt6_bindings_QtCore_qanystringview_sip["qanystringview.sip"]\n    Root --> node_venv["venv"]\n    node_venv --> node_venv_lib["lib"]\n    node_venv_lib --> node_venv_lib_python3_12["python3.12"]\n    node_venv_lib_python3_12 --> node_venv_lib_python3_12_site-packages["site-packages"]\n    node_venv_lib_python3_12_site-packages --> node_venv_lib_python3_12_site-packages_PyQt6["PyQt6"]\n    node_venv_lib_python3_12_site-packages_PyQt6 --> node_venv_lib_python3_12_site-packages_PyQt6_bindings["bindings"]\n    node_venv_lib_python3_12_site-packages_PyQt6_bindings --> node_venv_lib_python3_12_site-packages_PyQt6_bindings_QtCore["QtCore"]\n    node_venv_lib_python3_12_site-packages_PyQt6_bindings_QtCore --> node_venv_lib_python3_12_site-packages_PyQt6_bindings_QtCore_qbasictimer_sip["qbasictimer.sip"]\n    Root --> node_venv["venv"]\n    node_venv --> node_venv_lib["lib"]\n    node_venv_lib --> node_venv_lib_python3_12["python3.12"]\n    node_venv_lib_python3_12 --> node_venv_lib_python3_12_site-packages["site-packages"]\n    node_venv_lib_python3_12_site-packages --> node_venv_lib_python3_12_site-packages_PyQt6["PyQt6"]\n    node_venv_lib_python3_12_site-packages_PyQt6 --> node_venv_lib_python3_12_site-packages_PyQt6_bindings["bindings"]\n    node_venv_lib_python3_12_site-packages_PyQt6_bindings --> node_venv_lib_python3_12_site-packages_PyQt6_bindings_QtCore["QtCore"]\n    node_venv_lib_python3_12_site-packages_PyQt6_bindings_QtCore --> node_venv_lib_python3_12_site-packages_PyQt6_bindings_QtCore_qbitarray_sip["qbitarray.sip"]\n    Root --> node_venv["venv"]\n    node_venv --> node_venv_lib["lib"]\n    node_venv_lib --> node_venv_lib_python3_12["python3.12"]\n    node_venv_lib_python3_12 --> node_venv_lib_python3_12_site-packages["site-packages"]\n    node_venv_lib_python3_12_site-packages --> node_venv_lib_python3_12_site-packages_PyQt6["PyQt6"]\n    node_venv_lib_python3_12_site-packages_PyQt6 --> node_venv_lib_python3_12_site-packages_PyQt6_bindings["bindings"]\n    node_venv_lib_python3_12_site-packages_PyQt6_bindings --> node_venv_lib_python3_12_site-packages_PyQt6_bindings_QtCore["QtCore"]\n    node_venv_lib_python3_12_site-packages_PyQt6_bindings_QtCore --> node_venv_lib_python3_12_site-packages_PyQt6_bindings_QtCore_qbuffer_sip["qbuffer.sip"]\n    Root --> node_venv["venv"]\n    node_venv --> node_venv_lib["lib"]\n    node_venv_lib --> node_venv_lib_python3_12["python3.12"]\n    node_venv_lib_python3_12 --> node_venv_lib_python3_12_site-packages["site-packages"]\n    node_venv_lib_python3_12_site-packages --> node_venv_lib_python3_12_site-packages_PyQt6["PyQt6"]\n    node_venv_lib_python3_12_site-packages_PyQt6 --> node_venv_lib_python3_12_site-packages_PyQt6_bindings["bindings"]\n    node_venv_lib_python3_12_site-packages_PyQt6_bindings --> node_venv_lib_python3_12_site-packages_PyQt6_bindings_QtCore["QtCore"]\n    node_venv_lib_python3_12_site-packages_PyQt6_bindings_QtCore --> node_venv_lib_python3_12_site-packages_PyQt6_bindings_QtCore_qbytearray_sip["qbytearray.sip"]\n    Root --> node_venv["venv"]\n    node_venv --> node_venv_lib["lib"]\n    node_venv_lib --> node_venv_lib_python3_12["python3.12"]\n    node_venv_lib_python3_12 --> node_venv_lib_python3_12_site-packages["site-packages"]\n    node_venv_lib_python3_12_site-packages --> node_venv_lib_python3_12_site-packages_PyQt6["PyQt6"]\n    node_venv_lib_python3_12_site-packages_PyQt6 --> node_venv_lib_python3_12_site-packages_PyQt6_bindings["bindings"]\n    node_venv_lib_python3_12_site-packages_PyQt6_bindings --> node_venv_lib_python3_12_site-packages_PyQt6_bindings_QtCore["QtCore"]\n    node_venv_lib_python3_12_site-packages_PyQt6_bindings_QtCore --> node_venv_lib_python3_12_site-packages_PyQt6_bindings_QtCore_qbytearrayalgorithms_sip["qbytearrayalgorithms.sip"]\n    Root --> node_venv["venv"]\n    node_venv --> node_venv_lib["lib"]\n    node_venv_lib --> node_venv_lib_python3_12["python3.12"]\n    node_venv_lib_python3_12 --> node_venv_lib_python3_12_site-packages["site-packages"]\n    node_venv_lib_python3_12_site-packages --> node_venv_lib_python3_12_site-packages_PyQt6["PyQt6"]\n    node_venv_lib_python3_12_site-packages_PyQt6 --> node_venv_lib_python3_12_site-packages_PyQt6_bindings["bindings"]\n    node_venv_lib_python3_12_site-packages_PyQt6_bindings --> node_venv_lib_python3_12_site-packages_PyQt6_bindings_QtCore["QtCore"]\n    node_venv_lib_python3_12_site-packages_PyQt6_bindings_QtCore --> node_venv_lib_python3_12_site-packages_PyQt6_bindings_QtCore_qbytearraylist_sip["qbytearraylist.sip"]\n    Root --> node_venv["venv"]\n    node_venv --> node_venv_lib["lib"]\n    node_venv_lib --> node_venv_lib_python3_12["python3.12"]\n    node_venv_lib_python3_12 --> node_venv_lib_python3_12_site-packages["site-packages"]\n    node_venv_lib_python3_12_site-packages --> node_venv_lib_python3_12_site-packages_PyQt6["PyQt6"]\n    node_venv_lib_python3_12_site-packages_PyQt6 --> node_venv_lib_python3_12_site-packages_PyQt6_bindings["bindings"]\n    node_venv_lib_python3_12_site-packages_PyQt6_bindings --> node_venv_lib_python3_12_site-packages_PyQt6_bindings_QtCore["QtCore"]\n    node_venv_lib_python3_12_site-packages_PyQt6_bindings_QtCore --> node_venv_lib_python3_12_site-packages_PyQt6_bindings_QtCore_qbytearraymatcher_sip["qbytearraymatcher.sip"]\n    Root --> node_venv["venv"]\n    node_venv --> node_venv_lib["lib"]\n    node_venv_lib --> node_venv_lib_python3_12["python3.12"]\n    node_venv_lib_python3_12 --> node_venv_lib_python3_12_site-packages["site-packages"]\n    node_venv_lib_python3_12_site-packages --> node_venv_lib_python3_12_site-packages_PyQt6["PyQt6"]\n    node_venv_lib_python3_12_site-packages_PyQt6 --> node_venv_lib_python3_12_site-packages_PyQt6_bindings["bindings"]\n    node_venv_lib_python3_12_site-packages_PyQt6_bindings --> node_venv_lib_python3_12_site-packages_PyQt6_bindings_QtCore["QtCore"]\n    node_venv_lib_python3_12_site-packages_PyQt6_bindings_QtCore --> node_venv_lib_python3_12_site-packages_PyQt6_bindings_QtCore_qbytearrayview_sip["qbytearrayview.sip"]\n    Root --> node_venv["venv"]\n    node_venv --> node_venv_lib["lib"]\n    node_venv_lib --> node_venv_lib_python3_12["python3.12"]\n    node_venv_lib_python3_12 --> node_venv_lib_python3_12_site-packages["site-packages"]\n    node_venv_lib_python3_12_site-packages --> node_venv_lib_python3_12_site-packages_PyQt6["PyQt6"]\n    node_venv_lib_python3_12_site-packages_PyQt6 --> node_venv_lib_python3_12_site-packages_PyQt6_bindings["bindings"]\n    node_venv_lib_python3_12_site-packages_PyQt6_bindings --> node_venv_lib_python3_12_site-packages_PyQt6_bindings_QtCore["QtCore"]\n    node_venv_lib_python3_12_site-packages_PyQt6_bindings_QtCore --> node_venv_lib_python3_12_site-packages_PyQt6_bindings_QtCore_qcalendar_sip["qcalendar.sip"]\n    Root --> node_venv["venv"]\n    node_venv --> node_venv_lib["lib"]\n    node_venv_lib --> node_venv_lib_python3_12["python3.12"]\n    node_venv_lib_python3_12 --> node_venv_lib_python3_12_site-packages["site-packages"]\n    node_venv_lib_python3_12_site-packages --> node_venv_lib_python3_12_site-packages_PyQt6["PyQt6"]\n    node_venv_lib_python3_12_site-packages_PyQt6 --> node_venv_lib_python3_12_site-packages_PyQt6_bindings["bindings"]\n    node_venv_lib_python3_12_site-packages_PyQt6_bindings --> node_venv_lib_python3_12_site-packages_PyQt6_bindings_QtCore["QtCore"]\n    node_venv_lib_python3_12_site-packages_PyQt6_bindings_QtCore --> node_venv_lib_python3_12_site-packages_PyQt6_bindings_QtCore_qcborcommon_sip["qcborcommon.sip"]\n    Root --> node_venv["venv"]\n    node_venv --> node_venv_lib["lib"]\n    node_venv_lib --> node_venv_lib_python3_12["python3.12"]\n    node_venv_lib_python3_12 --> node_venv_lib_python3_12_site-packages["site-packages"]\n    node_venv_lib_python3_12_site-packages --> node_venv_lib_python3_12_site-packages_PyQt6["PyQt6"]\n    node_venv_lib_python3_12_site-packages_PyQt6 --> node_venv_lib_python3_12_site-packages_PyQt6_bindings["bindings"]\n    node_venv_lib_python3_12_site-packages_PyQt6_bindings --> node_venv_lib_python3_12_site-packages_PyQt6_bindings_QtCore["QtCore"]\n    node_venv_lib_python3_12_site-packages_PyQt6_bindings_QtCore --> node_venv_lib_python3_12_site-packages_PyQt6_bindings_QtCore_qcborstreamreader_sip["qcborstreamreader.sip"]\n    Root --> node_venv["venv"]\n    node_venv --> node_venv_lib["lib"]\n    node_venv_lib --> node_venv_lib_python3_12["python3.12"]\n    node_venv_lib_python3_12 --> node_venv_lib_python3_12_site-packages["site-packages"]\n    node_venv_lib_python3_12_site-packages --> node_venv_lib_python3_12_site-packages_PyQt6["PyQt6"]\n    node_venv_lib_python3_12_site-packages_PyQt6 --> node_venv_lib_python3_12_site-packages_PyQt6_bindings["bindings"]\n    node_venv_lib_python3_12_site-packages_PyQt6_bindings --> node_venv_lib_python3_12_site-packages_PyQt6_bindings_QtCore["QtCore"]\n    node_venv_lib_python3_12_site-packages_PyQt6_bindings_QtCore --> node_venv_lib_python3_12_site-packages_PyQt6_bindings_QtCore_qcborstreamwriter_sip["qcborstreamwriter.sip"]\n    Root --> node_venv["venv"]\n    node_venv --> node_venv_lib["lib"]\n    node_venv_lib --> node_venv_lib_python3_12["python3.12"]\n    node_venv_lib_python3_12 --> node_venv_lib_python3_12_site-packages["site-packages"]\n    node_venv_lib_python3_12_site-packages --> node_venv_lib_python3_12_site-packages_PyQt6["PyQt6"]\n    node_venv_lib_python3_12_site-packages_PyQt6 --> node_venv_lib_python3_12_site-packages_PyQt6_bindings["bindings"]\n    node_venv_lib_python3_12_site-packages_PyQt6_bindings --> node_venv_lib_python3_12_site-packages_PyQt6_bindings_QtCore["QtCore"]\n    node_venv_lib_python3_12_site-packages_PyQt6_bindings_QtCore --> node_venv_lib_python3_12_site-packages_PyQt6_bindings_QtCore_qchar_sip["qchar.sip"]\n    Root --> node_venv["venv"]\n    node_venv --> node_venv_lib["lib"]\n    node_venv_lib --> node_venv_lib_python3_12["python3.12"]\n    node_venv_lib_python3_12 --> node_venv_lib_python3_12_site-packages["site-packages"]\n    node_venv_lib_python3_12_site-packages --> node_venv_lib_python3_12_site-packages_PyQt6["PyQt6"]\n    node_venv_lib_python3_12_site-packages_PyQt6 --> node_venv_lib_python3_12_site-packages_PyQt6_bindings["bindings"]\n    node_venv_lib_python3_12_site-packages_PyQt6_bindings --> node_venv_lib_python3_12_site-packages_PyQt6_bindings_QtCore["QtCore"]\n    node_venv_lib_python3_12_site-packages_PyQt6_bindings_QtCore --> node_venv_lib_python3_12_site-packages_PyQt6_bindings_QtCore_qcollator_sip["qcollator.sip"]\n    Root --> node_venv["venv"]\n    node_venv --> node_venv_lib["lib"]\n    node_venv_lib --> node_venv_lib_python3_12["python3.12"]\n    node_venv_lib_python3_12 --> node_venv_lib_python3_12_site-packages["site-packages"]\n    node_venv_lib_python3_12_site-packages --> node_venv_lib_python3_12_site-packages_PyQt6["PyQt6"]\n    node_venv_lib_python3_12_site-packages_PyQt6 --> node_venv_lib_python3_12_site-packages_PyQt6_bindings["bindings"]\n    node_venv_lib_python3_12_site-packages_PyQt6_bindings --> node_venv_lib_python3_12_site-packages_PyQt6_bindings_QtCore["QtCore"]\n    node_venv_lib_python3_12_site-packages_PyQt6_bindings_QtCore --> node_venv_lib_python3_12_site-packages_PyQt6_bindings_QtCore_qcommandlineoption_sip["qcommandlineoption.sip"]\n    Root --> node_venv["venv"]\n    node_venv --> node_venv_lib["lib"]\n    node_venv_lib --> node_venv_lib_python3_12["python3.12"]\n    node_venv_lib_python3_12 --> node_venv_lib_python3_12_site-packages["site-packages"]\n    node_venv_lib_python3_12_site-packages --> node_venv_lib_python3_12_site-packages_PyQt6["PyQt6"]\n    node_venv_lib_python3_12_site-packages_PyQt6 --> node_venv_lib_python3_12_site-packages_PyQt6_bindings["bindings"]\n    node_venv_lib_python3_12_site-packages_PyQt6_bindings --> node_venv_lib_python3_12_site-packages_PyQt6_bindings_QtCore["QtCore"]\n    node_venv_lib_python3_12_site-packages_PyQt6_bindings_QtCore --> node_venv_lib_python3_12_site-packages_PyQt6_bindings_QtCore_qcommandlineparser_sip["qcommandlineparser.sip"]\n    Root --> node_venv["venv"]\n    node_venv --> node_venv_lib["lib"]\n    node_venv_lib --> node_venv_lib_python3_12["python3.12"]\n    node_venv_lib_python3_12 --> node_venv_lib_python3_12_site-packages["site-packages"]\n    node_venv_lib_python3_12_site-packages --> node_venv_lib_python3_12_site-packages_PyQt6["PyQt6"]\n    node_venv_lib_python3_12_site-packages_PyQt6 --> node_venv_lib_python3_12_site-packages_PyQt6_bindings["bindings"]\n    node_venv_lib_python3_12_site-packages_PyQt6_bindings --> node_venv_lib_python3_12_site-packages_PyQt6_bindings_QtCore["QtCore"]\n    node_venv_lib_python3_12_site-packages_PyQt6_bindings_QtCore --> node_venv_lib_python3_12_site-packages_PyQt6_bindings_QtCore_qconcatenatetablesproxymodel_sip["qconcatenatetablesproxymodel.sip"]\n    Root --> node_venv["venv"]\n    node_venv --> node_venv_lib["lib"]\n    node_venv_lib --> node_venv_lib_python3_12["python3.12"]\n    node_venv_lib_python3_12 --> node_venv_lib_python3_12_site-packages["site-packages"]\n    node_venv_lib_python3_12_site-packages --> node_venv_lib_python3_12_site-packages_PyQt6["PyQt6"]\n    node_venv_lib_python3_12_site-packages_PyQt6 --> node_venv_lib_python3_12_site-packages_PyQt6_bindings["bindings"]\n    node_venv_lib_python3_12_site-packages_PyQt6_bindings --> node_venv_lib_python3_12_site-packages_PyQt6_bindings_QtCore["QtCore"]\n    node_venv_lib_python3_12_site-packages_PyQt6_bindings_QtCore --> node_venv_lib_python3_12_site-packages_PyQt6_bindings_QtCore_qcoreapplication_sip["qcoreapplication.sip"]\n    Root --> node_venv["venv"]\n    node_venv --> node_venv_lib["lib"]\n    node_venv_lib --> node_venv_lib_python3_12["python3.12"]\n    node_venv_lib_python3_12 --> node_venv_lib_python3_12_site-packages["site-packages"]\n    node_venv_lib_python3_12_site-packages --> node_venv_lib_python3_12_site-packages_PyQt6["PyQt6"]\n    node_venv_lib_python3_12_site-packages_PyQt6 --> node_venv_lib_python3_12_site-packages_PyQt6_bindings["bindings"]\n    node_venv_lib_python3_12_site-packages_PyQt6_bindings --> node_venv_lib_python3_12_site-packages_PyQt6_bindings_QtCore["QtCore"]\n    node_venv_lib_python3_12_site-packages_PyQt6_bindings_QtCore --> node_venv_lib_python3_12_site-packages_PyQt6_bindings_QtCore_qcoreevent_sip["qcoreevent.sip"]\n    Root --> node_venv["venv"]\n    node_venv --> node_venv_lib["lib"]\n    node_venv_lib --> node_venv_lib_python3_12["python3.12"]\n    node_venv_lib_python3_12 --> node_venv_lib_python3_12_site-packages["site-packages"]\n    node_venv_lib_python3_12_site-packages --> node_venv_lib_python3_12_site-packages_PyQt6["PyQt6"]\n    node_venv_lib_python3_12_site-packages_PyQt6 --> node_venv_lib_python3_12_site-packages_PyQt6_bindings["bindings"]\n    node_venv_lib_python3_12_site-packages_PyQt6_bindings --> node_venv_lib_python3_12_site-packages_PyQt6_bindings_QtCore["QtCore"]\n    node_venv_lib_python3_12_site-packages_PyQt6_bindings_QtCore --> node_venv_lib_python3_12_site-packages_PyQt6_bindings_QtCore_qcryptographichash_sip["qcryptographichash.sip"]\n    Root --> node_venv["venv"]\n    node_venv --> node_venv_lib["lib"]\n    node_venv_lib --> node_venv_lib_python3_12["python3.12"]\n    node_venv_lib_python3_12 --> node_venv_lib_python3_12_site-packages["site-packages"]\n    node_venv_lib_python3_12_site-packages --> node_venv_lib_python3_12_site-packages_PyQt6["PyQt6"]\n    node_venv_lib_python3_12_site-packages_PyQt6 --> node_venv_lib_python3_12_site-packages_PyQt6_bindings["bindings"]\n    node_venv_lib_python3_12_site-packages_PyQt6_bindings --> node_venv_lib_python3_12_site-packages_PyQt6_bindings_QtCore["QtCore"]\n    node_venv_lib_python3_12_site-packages_PyQt6_bindings_QtCore --> node_venv_lib_python3_12_site-packages_PyQt6_bindings_QtCore_qdatastream_sip["qdatastream.sip"]\n    Root --> node_venv["venv"]\n    node_venv --> node_venv_lib["lib"]\n    node_venv_lib --> node_venv_lib_python3_12["python3.12"]\n    node_venv_lib_python3_12 --> node_venv_lib_python3_12_site-packages["site-packages"]\n    node_venv_lib_python3_12_site-packages --> node_venv_lib_python3_12_site-packages_PyQt6["PyQt6"]\n    node_venv_lib_python3_12_site-packages_PyQt6 --> node_venv_lib_python3_12_site-packages_PyQt6_bindings["bindings"]\n    node_venv_lib_python3_12_site-packages_PyQt6_bindings --> node_venv_lib_python3_12_site-packages_PyQt6_bindings_QtCore["QtCore"]\n    node_venv_lib_python3_12_site-packages_PyQt6_bindings_QtCore --> node_venv_lib_python3_12_site-packages_PyQt6_bindings_QtCore_qdatetime_sip["qdatetime.sip"]\n    Root --> node_venv["venv"]\n    node_venv --> node_venv_lib["lib"]\n    node_venv_lib --> node_venv_lib_python3_12["python3.12"]\n    node_venv_lib_python3_12 --> node_venv_lib_python3_12_site-packages["site-packages"]\n    node_venv_lib_python3_12_site-packages --> node_venv_lib_python3_12_site-packages_PyQt6["PyQt6"]\n    node_venv_lib_python3_12_site-packages_PyQt6 --> node_venv_lib_python3_12_site-packages_PyQt6_bindings["bindings"]\n    node_venv_lib_python3_12_site-packages_PyQt6_bindings --> node_venv_lib_python3_12_site-packages_PyQt6_bindings_QtCore["QtCore"]\n    node_venv_lib_python3_12_site-packages_PyQt6_bindings_QtCore --> node_venv_lib_python3_12_site-packages_PyQt6_bindings_QtCore_qdeadlinetimer_sip["qdeadlinetimer.sip"]\n    Root --> node_venv["venv"]\n    node_venv --> node_venv_lib["lib"]\n    node_venv_lib --> node_venv_lib_python3_12["python3.12"]\n    node_venv_lib_python3_12 --> node_venv_lib_python3_12_site-packages["site-packages"]\n    node_venv_lib_python3_12_site-packages --> node_venv_lib_python3_12_site-packages_PyQt6["PyQt6"]\n    node_venv_lib_python3_12_site-packages_PyQt6 --> node_venv_lib_python3_12_site-packages_PyQt6_bindings["bindings"]\n    node_venv_lib_python3_12_site-packages_PyQt6_bindings --> node_venv_lib_python3_12_site-packages_PyQt6_bindings_QtCore["QtCore"]\n    node_venv_lib_python3_12_site-packages_PyQt6_bindings_QtCore --> node_venv_lib_python3_12_site-packages_PyQt6_bindings_QtCore_qdir_sip["qdir.sip"]\n    Root --> node_venv["venv"]\n    node_venv --> node_venv_lib["lib"]\n    node_venv_lib --> node_venv_lib_python3_12["python3.12"]\n    node_venv_lib_python3_12 --> node_venv_lib_python3_12_site-packages["site-packages"]\n    node_venv_lib_python3_12_site-packages --> node_venv_lib_python3_12_site-packages_PyQt6["PyQt6"]\n    node_venv_lib_python3_12_site-packages_PyQt6 --> node_venv_lib_python3_12_site-packages_PyQt6_bindings["bindings"]\n    node_venv_lib_python3_12_site-packages_PyQt6_bindings --> node_venv_lib_python3_12_site-packages_PyQt6_bindings_QtCore["QtCore"]\n    node_venv_lib_python3_12_site-packages_PyQt6_bindings_QtCore --> node_venv_lib_python3_12_site-packages_PyQt6_bindings_QtCore_qdiriterator_sip["qdiriterator.sip"]\n    Root --> node_venv["venv"]\n    node_venv --> node_venv_lib["lib"]\n    node_venv_lib --> node_venv_lib_python3_12["python3.12"]\n    node_venv_lib_python3_12 --> node_venv_lib_python3_12_site-packages["site-packages"]\n    node_venv_lib_python3_12_site-packages --> node_venv_lib_python3_12_site-packages_PyQt6["PyQt6"]\n    node_venv_lib_python3_12_site-packages_PyQt6 --> node_venv_lib_python3_12_site-packages_PyQt6_bindings["bindings"]\n    node_venv_lib_python3_12_site-packages_PyQt6_bindings --> node_venv_lib_python3_12_site-packages_PyQt6_bindings_QtCore["QtCore"]\n    node_venv_lib_python3_12_site-packages_PyQt6_bindings_QtCore --> node_venv_lib_python3_12_site-packages_PyQt6_bindings_QtCore_qeasingcurve_sip["qeasingcurve.sip"]\n    Root --> node_venv["venv"]\n    node_venv --> node_venv_lib["lib"]\n    node_venv_lib --> node_venv_lib_python3_12["python3.12"]\n    node_venv_lib_python3_12 --> node_venv_lib_python3_12_site-packages["site-packages"]\n    node_venv_lib_python3_12_site-packages --> node_venv_lib_python3_12_site-packages_PyQt6["PyQt6"]\n    node_venv_lib_python3_12_site-packages_PyQt6 --> node_venv_lib_python3_12_site-packages_PyQt6_bindings["bindings"]\n    node_venv_lib_python3_12_site-packages_PyQt6_bindings --> node_venv_lib_python3_12_site-packages_PyQt6_bindings_QtCore["QtCore"]\n    node_venv_lib_python3_12_site-packages_PyQt6_bindings_QtCore --> node_venv_lib_python3_12_site-packages_PyQt6_bindings_QtCore_qelapsedtimer_sip["qelapsedtimer.sip"]\n    Root --> node_venv["venv"]\n    node_venv --> node_venv_lib["lib"]\n    node_venv_lib --> node_venv_lib_python3_12["python3.12"]\n    node_venv_lib_python3_12 --> node_venv_lib_python3_12_site-packages["site-packages"]\n    node_venv_lib_python3_12_site-packages --> node_venv_lib_python3_12_site-packages_PyQt6["PyQt6"]\n    node_venv_lib_python3_12_site-packages_PyQt6 --> node_venv_lib_python3_12_site-packages_PyQt6_bindings["bindings"]\n    node_venv_lib_python3_12_site-packages_PyQt6_bindings --> node_venv_lib_python3_12_site-packages_PyQt6_bindings_QtCore["QtCore"]\n    node_venv_lib_python3_12_site-packages_PyQt6_bindings_QtCore --> node_venv_lib_python3_12_site-packages_PyQt6_bindings_QtCore_qeventloop_sip["qeventloop.sip"]\n    Root --> node_venv["venv"]\n    node_venv --> node_venv_lib["lib"]\n    node_venv_lib --> node_venv_lib_python3_12["python3.12"]\n    node_venv_lib_python3_12 --> node_venv_lib_python3_12_site-packages["site-packages"]\n    node_venv_lib_python3_12_site-packages --> node_venv_lib_python3_12_site-packages_PyQt6["PyQt6"]\n    node_venv_lib_python3_12_site-packages_PyQt6 --> node_venv_lib_python3_12_site-packages_PyQt6_bindings["bindings"]\n    node_venv_lib_python3_12_site-packages_PyQt6_bindings --> node_venv_lib_python3_12_site-packages_PyQt6_bindings_QtCore["QtCore"]\n    node_venv_lib_python3_12_site-packages_PyQt6_bindings_QtCore --> node_venv_lib_python3_12_site-packages_PyQt6_bindings_QtCore_qfile_sip["qfile.sip"]\n    Root --> node_venv["venv"]\n    node_venv --> node_venv_lib["lib"]\n    node_venv_lib --> node_venv_lib_python3_12["python3.12"]\n    node_venv_lib_python3_12 --> node_venv_lib_python3_12_site-packages["site-packages"]\n    node_venv_lib_python3_12_site-packages --> node_venv_lib_python3_12_site-packages_PyQt6["PyQt6"]\n    node_venv_lib_python3_12_site-packages_PyQt6 --> node_venv_lib_python3_12_site-packages_PyQt6_bindings["bindings"]\n    node_venv_lib_python3_12_site-packages_PyQt6_bindings --> node_venv_lib_python3_12_site-packages_PyQt6_bindings_QtCore["QtCore"]\n    node_venv_lib_python3_12_site-packages_PyQt6_bindings_QtCore --> node_venv_lib_python3_12_site-packages_PyQt6_bindings_QtCore_qfiledevice_sip["qfiledevice.sip"]\n    Root --> node_venv["venv"]\n    node_venv --> node_venv_lib["lib"]\n    node_venv_lib --> node_venv_lib_python3_12["python3.12"]\n    node_venv_lib_python3_12 --> node_venv_lib_python3_12_site-packages["site-packages"]\n    node_venv_lib_python3_12_site-packages --> node_venv_lib_python3_12_site-packages_PyQt6["PyQt6"]\n    node_venv_lib_python3_12_site-packages_PyQt6 --> node_venv_lib_python3_12_site-packages_PyQt6_bindings["bindings"]\n    node_venv_lib_python3_12_site-packages_PyQt6_bindings --> node_venv_lib_python3_12_site-packages_PyQt6_bindings_QtCore["QtCore"]\n    node_venv_lib_python3_12_site-packages_PyQt6_bindings_QtCore --> node_venv_lib_python3_12_site-packages_PyQt6_bindings_QtCore_qfileinfo_sip["qfileinfo.sip"]\n    Root --> node_venv["venv"]\n    node_venv --> node_venv_lib["lib"]\n    node_venv_lib --> node_venv_lib_python3_12["python3.12"]\n    node_venv_lib_python3_12 --> node_venv_lib_python3_12_site-packages["site-packages"]\n    node_venv_lib_python3_12_site-packages --> node_venv_lib_python3_12_site-packages_PyQt6["PyQt6"]\n    node_venv_lib_python3_12_site-packages_PyQt6 --> node_venv_lib_python3_12_site-packages_PyQt6_bindings["bindings"]\n    node_venv_lib_python3_12_site-packages_PyQt6_bindings --> node_venv_lib_python3_12_site-packages_PyQt6_bindings_QtCore["QtCore"]\n    node_venv_lib_python3_12_site-packages_PyQt6_bindings_QtCore --> node_venv_lib_python3_12_site-packages_PyQt6_bindings_QtCore_qfileselector_sip["qfileselector.sip"]\n    Root --> node_venv["venv"]\n    node_venv --> node_venv_lib["lib"]\n    node_venv_lib --> node_venv_lib_python3_12["python3.12"]\n    node_venv_lib_python3_12 --> node_venv_lib_python3_12_site-packages["site-packages"]\n    node_venv_lib_python3_12_site-packages --> node_venv_lib_python3_12_site-packages_PyQt6["PyQt6"]\n    node_venv_lib_python3_12_site-packages_PyQt6 --> node_venv_lib_python3_12_site-packages_PyQt6_bindings["bindings"]\n    node_venv_lib_python3_12_site-packages_PyQt6_bindings --> node_venv_lib_python3_12_site-packages_PyQt6_bindings_QtCore["QtCore"]\n    node_venv_lib_python3_12_site-packages_PyQt6_bindings_QtCore --> node_venv_lib_python3_12_site-packages_PyQt6_bindings_QtCore_qfilesystemwatcher_sip["qfilesystemwatcher.sip"]\n    Root --> node_venv["venv"]\n    node_venv --> node_venv_lib["lib"]\n    node_venv_lib --> node_venv_lib_python3_12["python3.12"]\n    node_venv_lib_python3_12 --> node_venv_lib_python3_12_site-packages["site-packages"]\n    node_venv_lib_python3_12_site-packages --> node_venv_lib_python3_12_site-packages_PyQt6["PyQt6"]\n    node_venv_lib_python3_12_site-packages_PyQt6 --> node_venv_lib_python3_12_site-packages_PyQt6_bindings["bindings"]\n    node_venv_lib_python3_12_site-packages_PyQt6_bindings --> node_venv_lib_python3_12_site-packages_PyQt6_bindings_QtCore["QtCore"]\n    node_venv_lib_python3_12_site-packages_PyQt6_bindings_QtCore --> node_venv_lib_python3_12_site-packages_PyQt6_bindings_QtCore_qflags_sip["qflags.sip"]\n    Root --> node_venv["venv"]\n    node_venv --> node_venv_lib["lib"]\n    node_venv_lib --> node_venv_lib_python3_12["python3.12"]\n    node_venv_lib_python3_12 --> node_venv_lib_python3_12_site-packages["site-packages"]\n    node_venv_lib_python3_12_site-packages --> node_venv_lib_python3_12_site-packages_PyQt6["PyQt6"]\n    node_venv_lib_python3_12_site-packages_PyQt6 --> node_venv_lib_python3_12_site-packages_PyQt6_bindings["bindings"]\n    node_venv_lib_python3_12_site-packages_PyQt6_bindings --> node_venv_lib_python3_12_site-packages_PyQt6_bindings_QtCore["QtCore"]\n    node_venv_lib_python3_12_site-packages_PyQt6_bindings_QtCore --> node_venv_lib_python3_12_site-packages_PyQt6_bindings_QtCore_qglobal_sip["qglobal.sip"]\n    Root --> node_venv["venv"]\n    node_venv --> node_venv_lib["lib"]\n    node_venv_lib --> node_venv_lib_python3_12["python3.12"]\n    node_venv_lib_python3_12 --> node_venv_lib_python3_12_site-packages["site-packages"]\n    node_venv_lib_python3_12_site-packages --> node_venv_lib_python3_12_site-packages_PyQt6["PyQt6"]\n    node_venv_lib_python3_12_site-packages_PyQt6 --> node_venv_lib_python3_12_site-packages_PyQt6_bindings["bindings"]\n    node_venv_lib_python3_12_site-packages_PyQt6_bindings --> node_venv_lib_python3_12_site-packages_PyQt6_bindings_QtCore["QtCore"]\n    node_venv_lib_python3_12_site-packages_PyQt6_bindings_QtCore --> node_venv_lib_python3_12_site-packages_PyQt6_bindings_QtCore_qidentityproxymodel_sip["qidentityproxymodel.sip"]\n    Root --> node_venv["venv"]\n    node_venv --> node_venv_lib["lib"]\n    node_venv_lib --> node_venv_lib_python3_12["python3.12"]\n    node_venv_lib_python3_12 --> node_venv_lib_python3_12_site-packages["site-packages"]\n    node_venv_lib_python3_12_site-packages --> node_venv_lib_python3_12_site-packages_PyQt6["PyQt6"]\n    node_venv_lib_python3_12_site-packages_PyQt6 --> node_venv_lib_python3_12_site-packages_PyQt6_bindings["bindings"]\n    node_venv_lib_python3_12_site-packages_PyQt6_bindings --> node_venv_lib_python3_12_site-packages_PyQt6_bindings_QtCore["QtCore"]\n    node_venv_lib_python3_12_site-packages_PyQt6_bindings_QtCore --> node_venv_lib_python3_12_site-packages_PyQt6_bindings_QtCore_qiodevice_sip["qiodevice.sip"]\n    Root --> node_venv["venv"]\n    node_venv --> node_venv_lib["lib"]\n    node_venv_lib --> node_venv_lib_python3_12["python3.12"]\n    node_venv_lib_python3_12 --> node_venv_lib_python3_12_site-packages["site-packages"]\n    node_venv_lib_python3_12_site-packages --> node_venv_lib_python3_12_site-packages_PyQt6["PyQt6"]\n    node_venv_lib_python3_12_site-packages_PyQt6 --> node_venv_lib_python3_12_site-packages_PyQt6_bindings["bindings"]\n    node_venv_lib_python3_12_site-packages_PyQt6_bindings --> node_venv_lib_python3_12_site-packages_PyQt6_bindings_QtCore["QtCore"]\n    node_venv_lib_python3_12_site-packages_PyQt6_bindings_QtCore --> node_venv_lib_python3_12_site-packages_PyQt6_bindings_QtCore_qiodevicebase_sip["qiodevicebase.sip"]\n    Root --> node_venv["venv"]\n    node_venv --> node_venv_lib["lib"]\n    node_venv_lib --> node_venv_lib_python3_12["python3.12"]\n    node_venv_lib_python3_12 --> node_venv_lib_python3_12_site-packages["site-packages"]\n    node_venv_lib_python3_12_site-packages --> node_venv_lib_python3_12_site-packages_PyQt6["PyQt6"]\n    node_venv_lib_python3_12_site-packages_PyQt6 --> node_venv_lib_python3_12_site-packages_PyQt6_bindings["bindings"]\n    node_venv_lib_python3_12_site-packages_PyQt6_bindings --> node_venv_lib_python3_12_site-packages_PyQt6_bindings_QtCore["QtCore"]\n    node_venv_lib_python3_12_site-packages_PyQt6_bindings_QtCore --> node_venv_lib_python3_12_site-packages_PyQt6_bindings_QtCore_qitemselectionmodel_sip["qitemselectionmodel.sip"]\n    Root --> node_venv["venv"]\n    node_venv --> node_venv_lib["lib"]\n    node_venv_lib --> node_venv_lib_python3_12["python3.12"]\n    node_venv_lib_python3_12 --> node_venv_lib_python3_12_site-packages["site-packages"]\n    node_venv_lib_python3_12_site-packages --> node_venv_lib_python3_12_site-packages_PyQt6["PyQt6"]\n    node_venv_lib_python3_12_site-packages_PyQt6 --> node_venv_lib_python3_12_site-packages_PyQt6_bindings["bindings"]\n    node_venv_lib_python3_12_site-packages_PyQt6_bindings --> node_venv_lib_python3_12_site-packages_PyQt6_bindings_QtCore["QtCore"]\n    node_venv_lib_python3_12_site-packages_PyQt6_bindings_QtCore --> node_venv_lib_python3_12_site-packages_PyQt6_bindings_QtCore_qjsonarray_sip["qjsonarray.sip"]\n    Root --> node_venv["venv"]\n    node_venv --> node_venv_lib["lib"]\n    node_venv_lib --> node_venv_lib_python3_12["python3.12"]\n    node_venv_lib_python3_12 --> node_venv_lib_python3_12_site-packages["site-packages"]\n    node_venv_lib_python3_12_site-packages --> node_venv_lib_python3_12_site-packages_PyQt6["PyQt6"]\n    node_venv_lib_python3_12_site-packages_PyQt6 --> node_venv_lib_python3_12_site-packages_PyQt6_bindings["bindings"]\n    node_venv_lib_python3_12_site-packages_PyQt6_bindings --> node_venv_lib_python3_12_site-packages_PyQt6_bindings_QtCore["QtCore"]\n    node_venv_lib_python3_12_site-packages_PyQt6_bindings_QtCore --> node_venv_lib_python3_12_site-packages_PyQt6_bindings_QtCore_qjsondocument_sip["qjsondocument.sip"]\n    Root --> node_venv["venv"]\n    node_venv --> node_venv_lib["lib"]\n    node_venv_lib --> node_venv_lib_python3_12["python3.12"]\n    node_venv_lib_python3_12 --> node_venv_lib_python3_12_site-packages["site-packages"]\n    node_venv_lib_python3_12_site-packages --> node_venv_lib_python3_12_site-packages_PyQt6["PyQt6"]\n    node_venv_lib_python3_12_site-packages_PyQt6 --> node_venv_lib_python3_12_site-packages_PyQt6_bindings["bindings"]\n    node_venv_lib_python3_12_site-packages_PyQt6_bindings --> node_venv_lib_python3_12_site-packages_PyQt6_bindings_QtCore["QtCore"]\n    node_venv_lib_python3_12_site-packages_PyQt6_bindings_QtCore --> node_venv_lib_python3_12_site-packages_PyQt6_bindings_QtCore_qjsonobject_sip["qjsonobject.sip"]\n    Root --> node_venv["venv"]\n    node_venv --> node_venv_lib["lib"]\n    node_venv_lib --> node_venv_lib_python3_12["python3.12"]\n    node_venv_lib_python3_12 --> node_venv_lib_python3_12_site-packages["site-packages"]\n    node_venv_lib_python3_12_site-packages --> node_venv_lib_python3_12_site-packages_PyQt6["PyQt6"]\n    node_venv_lib_python3_12_site-packages_PyQt6 --> node_venv_lib_python3_12_site-packages_PyQt6_bindings["bindings"]\n    node_venv_lib_python3_12_site-packages_PyQt6_bindings --> node_venv_lib_python3_12_site-packages_PyQt6_bindings_QtCore["QtCore"]\n    node_venv_lib_python3_12_site-packages_PyQt6_bindings_QtCore --> node_venv_lib_python3_12_site-packages_PyQt6_bindings_QtCore_qjsonparseerror_sip["qjsonparseerror.sip"]\n    Root --> node_venv["venv"]\n    node_venv --> node_venv_lib["lib"]\n    node_venv_lib --> node_venv_lib_python3_12["python3.12"]\n    node_venv_lib_python3_12 --> node_venv_lib_python3_12_site-packages["site-packages"]\n    node_venv_lib_python3_12_site-packages --> node_venv_lib_python3_12_site-packages_PyQt6["PyQt6"]\n    node_venv_lib_python3_12_site-packages_PyQt6 --> node_venv_lib_python3_12_site-packages_PyQt6_bindings["bindings"]\n    node_venv_lib_python3_12_site-packages_PyQt6_bindings --> node_venv_lib_python3_12_site-packages_PyQt6_bindings_QtCore["QtCore"]\n    node_venv_lib_python3_12_site-packages_PyQt6_bindings_QtCore --> node_venv_lib_python3_12_site-packages_PyQt6_bindings_QtCore_qjsonvalue_sip["qjsonvalue.sip"]\n    Root --> node_venv["venv"]\n    node_venv --> node_venv_lib["lib"]\n    node_venv_lib --> node_venv_lib_python3_12["python3.12"]\n    node_venv_lib_python3_12 --> node_venv_lib_python3_12_site-packages["site-packages"]\n    node_venv_lib_python3_12_site-packages --> node_venv_lib_python3_12_site-packages_PyQt6["PyQt6"]\n    node_venv_lib_python3_12_site-packages_PyQt6 --> node_venv_lib_python3_12_site-packages_PyQt6_bindings["bindings"]\n    node_venv_lib_python3_12_site-packages_PyQt6_bindings --> node_venv_lib_python3_12_site-packages_PyQt6_bindings_QtCore["QtCore"]\n    node_venv_lib_python3_12_site-packages_PyQt6_bindings_QtCore --> node_venv_lib_python3_12_site-packages_PyQt6_bindings_QtCore_qlibrary_sip["qlibrary.sip"]\n    Root --> node_venv["venv"]\n    node_venv --> node_venv_lib["lib"]\n    node_venv_lib --> node_venv_lib_python3_12["python3.12"]\n    node_venv_lib_python3_12 --> node_venv_lib_python3_12_site-packages["site-packages"]\n    node_venv_lib_python3_12_site-packages --> node_venv_lib_python3_12_site-packages_PyQt6["PyQt6"]\n    node_venv_lib_python3_12_site-packages_PyQt6 --> node_venv_lib_python3_12_site-packages_PyQt6_bindings["bindings"]\n    node_venv_lib_python3_12_site-packages_PyQt6_bindings --> node_venv_lib_python3_12_site-packages_PyQt6_bindings_QtCore["QtCore"]\n    node_venv_lib_python3_12_site-packages_PyQt6_bindings_QtCore --> node_venv_lib_python3_12_site-packages_PyQt6_bindings_QtCore_qlibraryinfo_sip["qlibraryinfo.sip"]\n    Root --> node_venv["venv"]\n    node_venv --> node_venv_lib["lib"]\n    node_venv_lib --> node_venv_lib_python3_12["python3.12"]\n    node_venv_lib_python3_12 --> node_venv_lib_python3_12_site-packages["site-packages"]\n    node_venv_lib_python3_12_site-packages --> node_venv_lib_python3_12_site-packages_PyQt6["PyQt6"]\n    node_venv_lib_python3_12_site-packages_PyQt6 --> node_venv_lib_python3_12_site-packages_PyQt6_bindings["bindings"]\n    node_venv_lib_python3_12_site-packages_PyQt6_bindings --> node_venv_lib_python3_12_site-packages_PyQt6_bindings_QtCore["QtCore"]\n    node_venv_lib_python3_12_site-packages_PyQt6_bindings_QtCore --> node_venv_lib_python3_12_site-packages_PyQt6_bindings_QtCore_qline_sip["qline.sip"]\n    Root --> node_venv["venv"]\n    node_venv --> node_venv_lib["lib"]\n    node_venv_lib --> node_venv_lib_python3_12["python3.12"]\n    node_venv_lib_python3_12 --> node_venv_lib_python3_12_site-packages["site-packages"]\n    node_venv_lib_python3_12_site-packages --> node_venv_lib_python3_12_site-packages_PyQt6["PyQt6"]\n    node_venv_lib_python3_12_site-packages_PyQt6 --> node_venv_lib_python3_12_site-packages_PyQt6_bindings["bindings"]\n    node_venv_lib_python3_12_site-packages_PyQt6_bindings --> node_venv_lib_python3_12_site-packages_PyQt6_bindings_QtCore["QtCore"]\n    node_venv_lib_python3_12_site-packages_PyQt6_bindings_QtCore --> node_venv_lib_python3_12_site-packages_PyQt6_bindings_QtCore_qlocale_sip["qlocale.sip"]\n    Root --> node_venv["venv"]\n    node_venv --> node_venv_lib["lib"]\n    node_venv_lib --> node_venv_lib_python3_12["python3.12"]\n    node_venv_lib_python3_12 --> node_venv_lib_python3_12_site-packages["site-packages"]\n    node_venv_lib_python3_12_site-packages --> node_venv_lib_python3_12_site-packages_PyQt6["PyQt6"]\n    node_venv_lib_python3_12_site-packages_PyQt6 --> node_venv_lib_python3_12_site-packages_PyQt6_bindings["bindings"]\n    node_venv_lib_python3_12_site-packages_PyQt6_bindings --> node_venv_lib_python3_12_site-packages_PyQt6_bindings_QtCore["QtCore"]\n    node_venv_lib_python3_12_site-packages_PyQt6_bindings_QtCore --> node_venv_lib_python3_12_site-packages_PyQt6_bindings_QtCore_qlockfile_sip["qlockfile.sip"]\n    Root --> node_venv["venv"]\n    node_venv --> node_venv_lib["lib"]\n    node_venv_lib --> node_venv_lib_python3_12["python3.12"]\n    node_venv_lib_python3_12 --> node_venv_lib_python3_12_site-packages["site-packages"]\n    node_venv_lib_python3_12_site-packages --> node_venv_lib_python3_12_site-packages_PyQt6["PyQt6"]\n    node_venv_lib_python3_12_site-packages_PyQt6 --> node_venv_lib_python3_12_site-packages_PyQt6_bindings["bindings"]\n    node_venv_lib_python3_12_site-packages_PyQt6_bindings --> node_venv_lib_python3_12_site-packages_PyQt6_bindings_QtCore["QtCore"]\n    node_venv_lib_python3_12_site-packages_PyQt6_bindings_QtCore --> node_venv_lib_python3_12_site-packages_PyQt6_bindings_QtCore_qlogging_sip["qlogging.sip"]\n    Root --> node_venv["venv"]\n    node_venv --> node_venv_lib["lib"]\n    node_venv_lib --> node_venv_lib_python3_12["python3.12"]\n    node_venv_lib_python3_12 --> node_venv_lib_python3_12_site-packages["site-packages"]\n    node_venv_lib_python3_12_site-packages --> node_venv_lib_python3_12_site-packages_PyQt6["PyQt6"]\n    node_venv_lib_python3_12_site-packages_PyQt6 --> node_venv_lib_python3_12_site-packages_PyQt6_bindings["bindings"]\n    node_venv_lib_python3_12_site-packages_PyQt6_bindings --> node_venv_lib_python3_12_site-packages_PyQt6_bindings_QtCore["QtCore"]\n    node_venv_lib_python3_12_site-packages_PyQt6_bindings_QtCore --> node_venv_lib_python3_12_site-packages_PyQt6_bindings_QtCore_qloggingcategory_sip["qloggingcategory.sip"]\n    Root --> node_venv["venv"]\n    node_venv --> node_venv_lib["lib"]\n    node_venv_lib --> node_venv_lib_python3_12["python3.12"]\n    node_venv_lib_python3_12 --> node_venv_lib_python3_12_site-packages["site-packages"]\n    node_venv_lib_python3_12_site-packages --> node_venv_lib_python3_12_site-packages_PyQt6["PyQt6"]\n    node_venv_lib_python3_12_site-packages_PyQt6 --> node_venv_lib_python3_12_site-packages_PyQt6_bindings["bindings"]\n    node_venv_lib_python3_12_site-packages_PyQt6_bindings --> node_venv_lib_python3_12_site-packages_PyQt6_bindings_QtCore["QtCore"]\n    node_venv_lib_python3_12_site-packages_PyQt6_bindings_QtCore --> node_venv_lib_python3_12_site-packages_PyQt6_bindings_QtCore_qmargins_sip["qmargins.sip"]\n    Root --> node_venv["venv"]\n    node_venv --> node_venv_lib["lib"]\n    node_venv_lib --> node_venv_lib_python3_12["python3.12"]\n    node_venv_lib_python3_12 --> node_venv_lib_python3_12_site-packages["site-packages"]\n    node_venv_lib_python3_12_site-packages --> node_venv_lib_python3_12_site-packages_PyQt6["PyQt6"]\n    node_venv_lib_python3_12_site-packages_PyQt6 --> node_venv_lib_python3_12_site-packages_PyQt6_bindings["bindings"]\n    node_venv_lib_python3_12_site-packages_PyQt6_bindings --> node_venv_lib_python3_12_site-packages_PyQt6_bindings_QtCore["QtCore"]\n    node_venv_lib_python3_12_site-packages_PyQt6_bindings_QtCore --> node_venv_lib_python3_12_site-packages_PyQt6_bindings_QtCore_qmessageauthenticationcode_sip["qmessageauthenticationcode.sip"]\n    Root --> node_venv["venv"]\n    node_venv --> node_venv_lib["lib"]\n    node_venv_lib --> node_venv_lib_python3_12["python3.12"]\n    node_venv_lib_python3_12 --> node_venv_lib_python3_12_site-packages["site-packages"]\n    node_venv_lib_python3_12_site-packages --> node_venv_lib_python3_12_site-packages_PyQt6["PyQt6"]\n    node_venv_lib_python3_12_site-packages_PyQt6 --> node_venv_lib_python3_12_site-packages_PyQt6_bindings["bindings"]\n    node_venv_lib_python3_12_site-packages_PyQt6_bindings --> node_venv_lib_python3_12_site-packages_PyQt6_bindings_QtCore["QtCore"]\n    node_venv_lib_python3_12_site-packages_PyQt6_bindings_QtCore --> node_venv_lib_python3_12_site-packages_PyQt6_bindings_QtCore_qmetaobject_sip["qmetaobject.sip"]\n    Root --> node_venv["venv"]\n    node_venv --> node_venv_lib["lib"]\n    node_venv_lib --> node_venv_lib_python3_12["python3.12"]\n    node_venv_lib_python3_12 --> node_venv_lib_python3_12_site-packages["site-packages"]\n    node_venv_lib_python3_12_site-packages --> node_venv_lib_python3_12_site-packages_PyQt6["PyQt6"]\n    node_venv_lib_python3_12_site-packages_PyQt6 --> node_venv_lib_python3_12_site-packages_PyQt6_bindings["bindings"]\n    node_venv_lib_python3_12_site-packages_PyQt6_bindings --> node_venv_lib_python3_12_site-packages_PyQt6_bindings_QtCore["QtCore"]\n    node_venv_lib_python3_12_site-packages_PyQt6_bindings_QtCore --> node_venv_lib_python3_12_site-packages_PyQt6_bindings_QtCore_qmetatype_sip["qmetatype.sip"]\n    Root --> node_venv["venv"]\n    node_venv --> node_venv_lib["lib"]\n    node_venv_lib --> node_venv_lib_python3_12["python3.12"]\n    node_venv_lib_python3_12 --> node_venv_lib_python3_12_site-packages["site-packages"]\n    node_venv_lib_python3_12_site-packages --> node_venv_lib_python3_12_site-packages_PyQt6["PyQt6"]\n    node_venv_lib_python3_12_site-packages_PyQt6 --> node_venv_lib_python3_12_site-packages_PyQt6_bindings["bindings"]\n    node_venv_lib_python3_12_site-packages_PyQt6_bindings --> node_venv_lib_python3_12_site-packages_PyQt6_bindings_QtCore["QtCore"]\n    node_venv_lib_python3_12_site-packages_PyQt6_bindings_QtCore --> node_venv_lib_python3_12_site-packages_PyQt6_bindings_QtCore_qmimedata_sip["qmimedata.sip"]\n    Root --> node_venv["venv"]\n    node_venv --> node_venv_lib["lib"]\n    node_venv_lib --> node_venv_lib_python3_12["python3.12"]\n    node_venv_lib_python3_12 --> node_venv_lib_python3_12_site-packages["site-packages"]\n    node_venv_lib_python3_12_site-packages --> node_venv_lib_python3_12_site-packages_PyQt6["PyQt6"]\n    node_venv_lib_python3_12_site-packages_PyQt6 --> node_venv_lib_python3_12_site-packages_PyQt6_bindings["bindings"]\n    node_venv_lib_python3_12_site-packages_PyQt6_bindings --> node_venv_lib_python3_12_site-packages_PyQt6_bindings_QtCore["QtCore"]\n    node_venv_lib_python3_12_site-packages_PyQt6_bindings_QtCore --> node_venv_lib_python3_12_site-packages_PyQt6_bindings_QtCore_qmimedatabase_sip["qmimedatabase.sip"]\n    Root --> node_venv["venv"]\n    node_venv --> node_venv_lib["lib"]\n    node_venv_lib --> node_venv_lib_python3_12["python3.12"]\n    node_venv_lib_python3_12 --> node_venv_lib_python3_12_site-packages["site-packages"]\n    node_venv_lib_python3_12_site-packages --> node_venv_lib_python3_12_site-packages_PyQt6["PyQt6"]\n    node_venv_lib_python3_12_site-packages_PyQt6 --> node_venv_lib_python3_12_site-packages_PyQt6_bindings["bindings"]\n    node_venv_lib_python3_12_site-packages_PyQt6_bindings --> node_venv_lib_python3_12_site-packages_PyQt6_bindings_QtCore["QtCore"]\n    node_venv_lib_python3_12_site-packages_PyQt6_bindings_QtCore --> node_venv_lib_python3_12_site-packages_PyQt6_bindings_QtCore_qmimetype_sip["qmimetype.sip"]\n    Root --> node_venv["venv"]\n    node_venv --> node_venv_lib["lib"]\n    node_venv_lib --> node_venv_lib_python3_12["python3.12"]\n    node_venv_lib_python3_12 --> node_venv_lib_python3_12_site-packages["site-packages"]\n    node_venv_lib_python3_12_site-packages --> node_venv_lib_python3_12_site-packages_PyQt6["PyQt6"]\n    node_venv_lib_python3_12_site-packages_PyQt6 --> node_venv_lib_python3_12_site-packages_PyQt6_bindings["bindings"]\n    node_venv_lib_python3_12_site-packages_PyQt6_bindings --> node_venv_lib_python3_12_site-packages_PyQt6_bindings_QtCore["QtCore"]\n    node_venv_lib_python3_12_site-packages_PyQt6_bindings_QtCore --> node_venv_lib_python3_12_site-packages_PyQt6_bindings_QtCore_qmutex_sip["qmutex.sip"]\n    Root --> node_venv["venv"]\n    node_venv --> node_venv_lib["lib"]\n    node_venv_lib --> node_venv_lib_python3_12["python3.12"]\n    node_venv_lib_python3_12 --> node_venv_lib_python3_12_site-packages["site-packages"]\n    node_venv_lib_python3_12_site-packages --> node_venv_lib_python3_12_site-packages_PyQt6["PyQt6"]\n    node_venv_lib_python3_12_site-packages_PyQt6 --> node_venv_lib_python3_12_site-packages_PyQt6_bindings["bindings"]\n    node_venv_lib_python3_12_site-packages_PyQt6_bindings --> node_venv_lib_python3_12_site-packages_PyQt6_bindings_QtCore["QtCore"]\n    node_venv_lib_python3_12_site-packages_PyQt6_bindings_QtCore --> node_venv_lib_python3_12_site-packages_PyQt6_bindings_QtCore_qmutexlocker_sip["qmutexlocker.sip"]\n    Root --> node_venv["venv"]\n    node_venv --> node_venv_lib["lib"]\n    node_venv_lib --> node_venv_lib_python3_12["python3.12"]\n    node_venv_lib_python3_12 --> node_venv_lib_python3_12_site-packages["site-packages"]\n    node_venv_lib_python3_12_site-packages --> node_venv_lib_python3_12_site-packages_PyQt6["PyQt6"]\n    node_venv_lib_python3_12_site-packages_PyQt6 --> node_venv_lib_python3_12_site-packages_PyQt6_bindings["bindings"]\n    node_venv_lib_python3_12_site-packages_PyQt6_bindings --> node_venv_lib_python3_12_site-packages_PyQt6_bindings_QtCore["QtCore"]\n    node_venv_lib_python3_12_site-packages_PyQt6_bindings_QtCore --> node_venv_lib_python3_12_site-packages_PyQt6_bindings_QtCore_qnamespace_sip["qnamespace.sip"]\n    Root --> node_venv["venv"]\n    node_venv --> node_venv_lib["lib"]\n    node_venv_lib --> node_venv_lib_python3_12["python3.12"]\n    node_venv_lib_python3_12 --> node_venv_lib_python3_12_site-packages["site-packages"]\n    node_venv_lib_python3_12_site-packages --> node_venv_lib_python3_12_site-packages_PyQt6["PyQt6"]\n    node_venv_lib_python3_12_site-packages_PyQt6 --> node_venv_lib_python3_12_site-packages_PyQt6_bindings["bindings"]\n    node_venv_lib_python3_12_site-packages_PyQt6_bindings --> node_venv_lib_python3_12_site-packages_PyQt6_bindings_QtCore["QtCore"]\n    node_venv_lib_python3_12_site-packages_PyQt6_bindings_QtCore --> node_venv_lib_python3_12_site-packages_PyQt6_bindings_QtCore_qnumeric_sip["qnumeric.sip"]\n    Root --> node_venv["venv"]\n    node_venv --> node_venv_lib["lib"]\n    node_venv_lib --> node_venv_lib_python3_12["python3.12"]\n    node_venv_lib_python3_12 --> node_venv_lib_python3_12_site-packages["site-packages"]\n    node_venv_lib_python3_12_site-packages --> node_venv_lib_python3_12_site-packages_PyQt6["PyQt6"]\n    node_venv_lib_python3_12_site-packages_PyQt6 --> node_venv_lib_python3_12_site-packages_PyQt6_bindings["bindings"]\n    node_venv_lib_python3_12_site-packages_PyQt6_bindings --> node_venv_lib_python3_12_site-packages_PyQt6_bindings_QtCore["QtCore"]\n    node_venv_lib_python3_12_site-packages_PyQt6_bindings_QtCore --> node_venv_lib_python3_12_site-packages_PyQt6_bindings_QtCore_qobject_sip["qobject.sip"]\n    Root --> node_venv["venv"]\n    node_venv --> node_venv_lib["lib"]\n    node_venv_lib --> node_venv_lib_python3_12["python3.12"]\n    node_venv_lib_python3_12 --> node_venv_lib_python3_12_site-packages["site-packages"]\n    node_venv_lib_python3_12_site-packages --> node_venv_lib_python3_12_site-packages_PyQt6["PyQt6"]\n    node_venv_lib_python3_12_site-packages_PyQt6 --> node_venv_lib_python3_12_site-packages_PyQt6_bindings["bindings"]\n    node_venv_lib_python3_12_site-packages_PyQt6_bindings --> node_venv_lib_python3_12_site-packages_PyQt6_bindings_QtCore["QtCore"]\n    node_venv_lib_python3_12_site-packages_PyQt6_bindings_QtCore --> node_venv_lib_python3_12_site-packages_PyQt6_bindings_QtCore_qobjectcleanuphandler_sip["qobjectcleanuphandler.sip"]\n    Root --> node_venv["venv"]\n    node_venv --> node_venv_lib["lib"]\n    node_venv_lib --> node_venv_lib_python3_12["python3.12"]\n    node_venv_lib_python3_12 --> node_venv_lib_python3_12_site-packages["site-packages"]\n    node_venv_lib_python3_12_site-packages --> node_venv_lib_python3_12_site-packages_PyQt6["PyQt6"]\n    node_venv_lib_python3_12_site-packages_PyQt6 --> node_venv_lib_python3_12_site-packages_PyQt6_bindings["bindings"]\n    node_venv_lib_python3_12_site-packages_PyQt6_bindings --> node_venv_lib_python3_12_site-packages_PyQt6_bindings_QtCore["QtCore"]\n    node_venv_lib_python3_12_site-packages_PyQt6_bindings_QtCore --> node_venv_lib_python3_12_site-packages_PyQt6_bindings_QtCore_qobjectdefs_sip["qobjectdefs.sip"]\n    Root --> node_venv["venv"]\n    node_venv --> node_venv_lib["lib"]\n    node_venv_lib --> node_venv_lib_python3_12["python3.12"]\n    node_venv_lib_python3_12 --> node_venv_lib_python3_12_site-packages["site-packages"]\n    node_venv_lib_python3_12_site-packages --> node_venv_lib_python3_12_site-packages_PyQt6["PyQt6"]\n    node_venv_lib_python3_12_site-packages_PyQt6 --> node_venv_lib_python3_12_site-packages_PyQt6_bindings["bindings"]\n    node_venv_lib_python3_12_site-packages_PyQt6_bindings --> node_venv_lib_python3_12_site-packages_PyQt6_bindings_QtCore["QtCore"]\n    node_venv_lib_python3_12_site-packages_PyQt6_bindings_QtCore --> node_venv_lib_python3_12_site-packages_PyQt6_bindings_QtCore_qoperatingsystemversion_sip["qoperatingsystemversion.sip"]\n    Root --> node_venv["venv"]\n    node_venv --> node_venv_lib["lib"]\n    node_venv_lib --> node_venv_lib_python3_12["python3.12"]\n    node_venv_lib_python3_12 --> node_venv_lib_python3_12_site-packages["site-packages"]\n    node_venv_lib_python3_12_site-packages --> node_venv_lib_python3_12_site-packages_PyQt6["PyQt6"]\n    node_venv_lib_python3_12_site-packages_PyQt6 --> node_venv_lib_python3_12_site-packages_PyQt6_bindings["bindings"]\n    node_venv_lib_python3_12_site-packages_PyQt6_bindings --> node_venv_lib_python3_12_site-packages_PyQt6_bindings_QtCore["QtCore"]\n    node_venv_lib_python3_12_site-packages_PyQt6_bindings_QtCore --> node_venv_lib_python3_12_site-packages_PyQt6_bindings_QtCore_qparallelanimationgroup_sip["qparallelanimationgroup.sip"]\n    Root --> node_venv["venv"]\n    node_venv --> node_venv_lib["lib"]\n    node_venv_lib --> node_venv_lib_python3_12["python3.12"]\n    node_venv_lib_python3_12 --> node_venv_lib_python3_12_site-packages["site-packages"]\n    node_venv_lib_python3_12_site-packages --> node_venv_lib_python3_12_site-packages_PyQt6["PyQt6"]\n    node_venv_lib_python3_12_site-packages_PyQt6 --> node_venv_lib_python3_12_site-packages_PyQt6_bindings["bindings"]\n    node_venv_lib_python3_12_site-packages_PyQt6_bindings --> node_venv_lib_python3_12_site-packages_PyQt6_bindings_QtCore["QtCore"]\n    node_venv_lib_python3_12_site-packages_PyQt6_bindings_QtCore --> node_venv_lib_python3_12_site-packages_PyQt6_bindings_QtCore_qpauseanimation_sip["qpauseanimation.sip"]\n    Root --> node_venv["venv"]\n    node_venv --> node_venv_lib["lib"]\n    node_venv_lib --> node_venv_lib_python3_12["python3.12"]\n    node_venv_lib_python3_12 --> node_venv_lib_python3_12_site-packages["site-packages"]\n    node_venv_lib_python3_12_site-packages --> node_venv_lib_python3_12_site-packages_PyQt6["PyQt6"]\n    node_venv_lib_python3_12_site-packages_PyQt6 --> node_venv_lib_python3_12_site-packages_PyQt6_bindings["bindings"]\n    node_venv_lib_python3_12_site-packages_PyQt6_bindings --> node_venv_lib_python3_12_site-packages_PyQt6_bindings_QtCore["QtCore"]\n    node_venv_lib_python3_12_site-packages_PyQt6_bindings_QtCore --> node_venv_lib_python3_12_site-packages_PyQt6_bindings_QtCore_qpermissions_sip["qpermissions.sip"]\n    Root --> node_venv["venv"]\n    node_venv --> node_venv_lib["lib"]\n    node_venv_lib --> node_venv_lib_python3_12["python3.12"]\n    node_venv_lib_python3_12 --> node_venv_lib_python3_12_site-packages["site-packages"]\n    node_venv_lib_python3_12_site-packages --> node_venv_lib_python3_12_site-packages_PyQt6["PyQt6"]\n    node_venv_lib_python3_12_site-packages_PyQt6 --> node_venv_lib_python3_12_site-packages_PyQt6_bindings["bindings"]\n    node_venv_lib_python3_12_site-packages_PyQt6_bindings --> node_venv_lib_python3_12_site-packages_PyQt6_bindings_QtCore["QtCore"]\n    node_venv_lib_python3_12_site-packages_PyQt6_bindings_QtCore --> node_venv_lib_python3_12_site-packages_PyQt6_bindings_QtCore_qpluginloader_sip["qpluginloader.sip"]\n    Root --> node_venv["venv"]\n    node_venv --> node_venv_lib["lib"]\n    node_venv_lib --> node_venv_lib_python3_12["python3.12"]\n    node_venv_lib_python3_12 --> node_venv_lib_python3_12_site-packages["site-packages"]\n    node_venv_lib_python3_12_site-packages --> node_venv_lib_python3_12_site-packages_PyQt6["PyQt6"]\n    node_venv_lib_python3_12_site-packages_PyQt6 --> node_venv_lib_python3_12_site-packages_PyQt6_bindings["bindings"]\n    node_venv_lib_python3_12_site-packages_PyQt6_bindings --> node_venv_lib_python3_12_site-packages_PyQt6_bindings_QtCore["QtCore"]\n    node_venv_lib_python3_12_site-packages_PyQt6_bindings_QtCore --> node_venv_lib_python3_12_site-packages_PyQt6_bindings_QtCore_qpoint_sip["qpoint.sip"]\n    Root --> node_venv["venv"]\n    node_venv --> node_venv_lib["lib"]\n    node_venv_lib --> node_venv_lib_python3_12["python3.12"]\n    node_venv_lib_python3_12 --> node_venv_lib_python3_12_site-packages["site-packages"]\n    node_venv_lib_python3_12_site-packages --> node_venv_lib_python3_12_site-packages_PyQt6["PyQt6"]\n    node_venv_lib_python3_12_site-packages_PyQt6 --> node_venv_lib_python3_12_site-packages_PyQt6_bindings["bindings"]\n    node_venv_lib_python3_12_site-packages_PyQt6_bindings --> node_venv_lib_python3_12_site-packages_PyQt6_bindings_QtCore["QtCore"]\n    node_venv_lib_python3_12_site-packages_PyQt6_bindings_QtCore --> node_venv_lib_python3_12_site-packages_PyQt6_bindings_QtCore_qprocess_sip["qprocess.sip"]\n    Root --> node_venv["venv"]\n    node_venv --> node_venv_lib["lib"]\n    node_venv_lib --> node_venv_lib_python3_12["python3.12"]\n    node_venv_lib_python3_12 --> node_venv_lib_python3_12_site-packages["site-packages"]\n    node_venv_lib_python3_12_site-packages --> node_venv_lib_python3_12_site-packages_PyQt6["PyQt6"]\n    node_venv_lib_python3_12_site-packages_PyQt6 --> node_venv_lib_python3_12_site-packages_PyQt6_bindings["bindings"]\n    node_venv_lib_python3_12_site-packages_PyQt6_bindings --> node_venv_lib_python3_12_site-packages_PyQt6_bindings_QtCore["QtCore"]\n    node_venv_lib_python3_12_site-packages_PyQt6_bindings_QtCore --> node_venv_lib_python3_12_site-packages_PyQt6_bindings_QtCore_qpropertyanimation_sip["qpropertyanimation.sip"]\n    Root --> node_venv["venv"]\n    node_venv --> node_venv_lib["lib"]\n    node_venv_lib --> node_venv_lib_python3_12["python3.12"]\n    node_venv_lib_python3_12 --> node_venv_lib_python3_12_site-packages["site-packages"]\n    node_venv_lib_python3_12_site-packages --> node_venv_lib_python3_12_site-packages_PyQt6["PyQt6"]\n    node_venv_lib_python3_12_site-packages_PyQt6 --> node_venv_lib_python3_12_site-packages_PyQt6_bindings["bindings"]\n    node_venv_lib_python3_12_site-packages_PyQt6_bindings --> node_venv_lib_python3_12_site-packages_PyQt6_bindings_QtCore["QtCore"]\n    node_venv_lib_python3_12_site-packages_PyQt6_bindings_QtCore --> node_venv_lib_python3_12_site-packages_PyQt6_bindings_QtCore_qpycore_native_interface_sip["qpycore_native_interface.sip"]\n    Root --> node_venv["venv"]\n    node_venv --> node_venv_lib["lib"]\n    node_venv_lib --> node_venv_lib_python3_12["python3.12"]\n    node_venv_lib_python3_12 --> node_venv_lib_python3_12_site-packages["site-packages"]\n    node_venv_lib_python3_12_site-packages --> node_venv_lib_python3_12_site-packages_PyQt6["PyQt6"]\n    node_venv_lib_python3_12_site-packages_PyQt6 --> node_venv_lib_python3_12_site-packages_PyQt6_bindings["bindings"]\n    node_venv_lib_python3_12_site-packages_PyQt6_bindings --> node_venv_lib_python3_12_site-packages_PyQt6_bindings_QtCore["QtCore"]\n    node_venv_lib_python3_12_site-packages_PyQt6_bindings_QtCore --> node_venv_lib_python3_12_site-packages_PyQt6_bindings_QtCore_qpycore_qhash_sip["qpycore_qhash.sip"]\n    Root --> node_venv["venv"]\n    node_venv --> node_venv_lib["lib"]\n    node_venv_lib --> node_venv_lib_python3_12["python3.12"]\n    node_venv_lib_python3_12 --> node_venv_lib_python3_12_site-packages["site-packages"]\n    node_venv_lib_python3_12_site-packages --> node_venv_lib_python3_12_site-packages_PyQt6["PyQt6"]\n    node_venv_lib_python3_12_site-packages_PyQt6 --> node_venv_lib_python3_12_site-packages_PyQt6_bindings["bindings"]\n    node_venv_lib_python3_12_site-packages_PyQt6_bindings --> node_venv_lib_python3_12_site-packages_PyQt6_bindings_QtCore["QtCore"]\n    node_venv_lib_python3_12_site-packages_PyQt6_bindings_QtCore --> node_venv_lib_python3_12_site-packages_PyQt6_bindings_QtCore_qpycore_qlist_sip["qpycore_qlist.sip"]\n    Root --> node_venv["venv"]\n    node_venv --> node_venv_lib["lib"]\n    node_venv_lib --> node_venv_lib_python3_12["python3.12"]\n    node_venv_lib_python3_12 --> node_venv_lib_python3_12_site-packages["site-packages"]\n    node_venv_lib_python3_12_site-packages --> node_venv_lib_python3_12_site-packages_PyQt6["PyQt6"]\n    node_venv_lib_python3_12_site-packages_PyQt6 --> node_venv_lib_python3_12_site-packages_PyQt6_bindings["bindings"]\n    node_venv_lib_python3_12_site-packages_PyQt6_bindings --> node_venv_lib_python3_12_site-packages_PyQt6_bindings_QtCore["QtCore"]\n    node_venv_lib_python3_12_site-packages_PyQt6_bindings_QtCore --> node_venv_lib_python3_12_site-packages_PyQt6_bindings_QtCore_qpycore_qmap_sip["qpycore_qmap.sip"]\n    Root --> node_venv["venv"]\n    node_venv --> node_venv_lib["lib"]\n    node_venv_lib --> node_venv_lib_python3_12["python3.12"]\n    node_venv_lib_python3_12 --> node_venv_lib_python3_12_site-packages["site-packages"]\n    node_venv_lib_python3_12_site-packages --> node_venv_lib_python3_12_site-packages_PyQt6["PyQt6"]\n    node_venv_lib_python3_12_site-packages_PyQt6 --> node_venv_lib_python3_12_site-packages_PyQt6_bindings["bindings"]\n    node_venv_lib_python3_12_site-packages_PyQt6_bindings --> node_venv_lib_python3_12_site-packages_PyQt6_bindings_QtCore["QtCore"]\n    node_venv_lib_python3_12_site-packages_PyQt6_bindings_QtCore --> node_venv_lib_python3_12_site-packages_PyQt6_bindings_QtCore_qpycore_qrangemodel_sip["qpycore_qrangemodel.sip"]\n    Root --> node_venv["venv"]\n    node_venv --> node_venv_lib["lib"]\n    node_venv_lib --> node_venv_lib_python3_12["python3.12"]\n    node_venv_lib_python3_12 --> node_venv_lib_python3_12_site-packages["site-packages"]\n    node_venv_lib_python3_12_site-packages --> node_venv_lib_python3_12_site-packages_PyQt6["PyQt6"]\n    node_venv_lib_python3_12_site-packages_PyQt6 --> node_venv_lib_python3_12_site-packages_PyQt6_bindings["bindings"]\n    node_venv_lib_python3_12_site-packages_PyQt6_bindings --> node_venv_lib_python3_12_site-packages_PyQt6_bindings_QtCore["QtCore"]\n    node_venv_lib_python3_12_site-packages_PyQt6_bindings_QtCore --> node_venv_lib_python3_12_site-packages_PyQt6_bindings_QtCore_qpycore_qset_sip["qpycore_qset.sip"]\n    Root --> node_venv["venv"]\n    node_venv --> node_venv_lib["lib"]\n    node_venv_lib --> node_venv_lib_python3_12["python3.12"]\n    node_venv_lib_python3_12 --> node_venv_lib_python3_12_site-packages["site-packages"]\n    node_venv_lib_python3_12_site-packages --> node_venv_lib_python3_12_site-packages_PyQt6["PyQt6"]\n    node_venv_lib_python3_12_site-packages_PyQt6 --> node_venv_lib_python3_12_site-packages_PyQt6_bindings["bindings"]\n    node_venv_lib_python3_12_site-packages_PyQt6_bindings --> node_venv_lib_python3_12_site-packages_PyQt6_bindings_QtCore["QtCore"]\n    node_venv_lib_python3_12_site-packages_PyQt6_bindings_QtCore --> node_venv_lib_python3_12_site-packages_PyQt6_bindings_QtCore_qpycore_std_chrono_duration_sip["qpycore_std_chrono_duration.sip"]\n    Root --> node_venv["venv"]\n    node_venv --> node_venv_lib["lib"]\n    node_venv_lib --> node_venv_lib_python3_12["python3.12"]\n    node_venv_lib_python3_12 --> node_venv_lib_python3_12_site-packages["site-packages"]\n    node_venv_lib_python3_12_site-packages --> node_venv_lib_python3_12_site-packages_PyQt6["PyQt6"]\n    node_venv_lib_python3_12_site-packages_PyQt6 --> node_venv_lib_python3_12_site-packages_PyQt6_bindings["bindings"]\n    node_venv_lib_python3_12_site-packages_PyQt6_bindings --> node_venv_lib_python3_12_site-packages_PyQt6_bindings_QtCore["QtCore"]\n    node_venv_lib_python3_12_site-packages_PyQt6_bindings_QtCore --> node_venv_lib_python3_12_site-packages_PyQt6_bindings_QtCore_qpycore_std_optional_sip["qpycore_std_optional.sip"]\n    Root --> node_venv["venv"]\n    node_venv --> node_venv_lib["lib"]\n    node_venv_lib --> node_venv_lib_python3_12["python3.12"]\n    node_venv_lib_python3_12 --> node_venv_lib_python3_12_site-packages["site-packages"]\n    node_venv_lib_python3_12_site-packages --> node_venv_lib_python3_12_site-packages_PyQt6["PyQt6"]\n    node_venv_lib_python3_12_site-packages_PyQt6 --> node_venv_lib_python3_12_site-packages_PyQt6_bindings["bindings"]\n    node_venv_lib_python3_12_site-packages_PyQt6_bindings --> node_venv_lib_python3_12_site-packages_PyQt6_bindings_QtCore["QtCore"]\n    node_venv_lib_python3_12_site-packages_PyQt6_bindings_QtCore --> node_venv_lib_python3_12_site-packages_PyQt6_bindings_QtCore_qpycore_std_pair_sip["qpycore_std_pair.sip"]\n    Root --> node_venv["venv"]\n    node_venv --> node_venv_lib["lib"]\n    node_venv_lib --> node_venv_lib_python3_12["python3.12"]\n    node_venv_lib_python3_12 --> node_venv_lib_python3_12_site-packages["site-packages"]\n    node_venv_lib_python3_12_site-packages --> node_venv_lib_python3_12_site-packages_PyQt6["PyQt6"]\n    node_venv_lib_python3_12_site-packages_PyQt6 --> node_venv_lib_python3_12_site-packages_PyQt6_bindings["bindings"]\n    node_venv_lib_python3_12_site-packages_PyQt6_bindings --> node_venv_lib_python3_12_site-packages_PyQt6_bindings_QtCore["QtCore"]\n    node_venv_lib_python3_12_site-packages_PyQt6_bindings_QtCore --> node_venv_lib_python3_12_site-packages_PyQt6_bindings_QtCore_qpycore_virtual_error_handler_sip["qpycore_virtual_error_handler.sip"]\n    Root --> node_venv["venv"]\n    node_venv --> node_venv_lib["lib"]\n    node_venv_lib --> node_venv_lib_python3_12["python3.12"]\n    node_venv_lib_python3_12 --> node_venv_lib_python3_12_site-packages["site-packages"]\n    node_venv_lib_python3_12_site-packages --> node_venv_lib_python3_12_site-packages_PyQt6["PyQt6"]\n    node_venv_lib_python3_12_site-packages_PyQt6 --> node_venv_lib_python3_12_site-packages_PyQt6_bindings["bindings"]\n    node_venv_lib_python3_12_site-packages_PyQt6_bindings --> node_venv_lib_python3_12_site-packages_PyQt6_bindings_QtCore["QtCore"]\n    node_venv_lib_python3_12_site-packages_PyQt6_bindings_QtCore --> node_venv_lib_python3_12_site-packages_PyQt6_bindings_QtCore_qrandom_sip["qrandom.sip"]\n    Root --> node_venv["venv"]\n    node_venv --> node_venv_lib["lib"]\n    node_venv_lib --> node_venv_lib_python3_12["python3.12"]\n    node_venv_lib_python3_12 --> node_venv_lib_python3_12_site-packages["site-packages"]\n    node_venv_lib_python3_12_site-packages --> node_venv_lib_python3_12_site-packages_PyQt6["PyQt6"]\n    node_venv_lib_python3_12_site-packages_PyQt6 --> node_venv_lib_python3_12_site-packages_PyQt6_bindings["bindings"]\n    node_venv_lib_python3_12_site-packages_PyQt6_bindings --> node_venv_lib_python3_12_site-packages_PyQt6_bindings_QtCore["QtCore"]\n    node_venv_lib_python3_12_site-packages_PyQt6_bindings_QtCore --> node_venv_lib_python3_12_site-packages_PyQt6_bindings_QtCore_qrangemodel_sip["qrangemodel.sip"]\n    Root --> node_venv["venv"]\n    node_venv --> node_venv_lib["lib"]\n    node_venv_lib --> node_venv_lib_python3_12["python3.12"]\n    node_venv_lib_python3_12 --> node_venv_lib_python3_12_site-packages["site-packages"]\n    node_venv_lib_python3_12_site-packages --> node_venv_lib_python3_12_site-packages_PyQt6["PyQt6"]\n    node_venv_lib_python3_12_site-packages_PyQt6 --> node_venv_lib_python3_12_site-packages_PyQt6_bindings["bindings"]\n    node_venv_lib_python3_12_site-packages_PyQt6_bindings --> node_venv_lib_python3_12_site-packages_PyQt6_bindings_QtCore["QtCore"]\n    node_venv_lib_python3_12_site-packages_PyQt6_bindings_QtCore --> node_venv_lib_python3_12_site-packages_PyQt6_bindings_QtCore_qreadwritelock_sip["qreadwritelock.sip"]\n    Root --> node_venv["venv"]\n    node_venv --> node_venv_lib["lib"]\n    node_venv_lib --> node_venv_lib_python3_12["python3.12"]\n    node_venv_lib_python3_12 --> node_venv_lib_python3_12_site-packages["site-packages"]\n    node_venv_lib_python3_12_site-packages --> node_venv_lib_python3_12_site-packages_PyQt6["PyQt6"]\n    node_venv_lib_python3_12_site-packages_PyQt6 --> node_venv_lib_python3_12_site-packages_PyQt6_bindings["bindings"]\n    node_venv_lib_python3_12_site-packages_PyQt6_bindings --> node_venv_lib_python3_12_site-packages_PyQt6_bindings_QtCore["QtCore"]\n    node_venv_lib_python3_12_site-packages_PyQt6_bindings_QtCore --> node_venv_lib_python3_12_site-packages_PyQt6_bindings_QtCore_qrect_sip["qrect.sip"]\n    Root --> node_venv["venv"]\n    node_venv --> node_venv_lib["lib"]\n    node_venv_lib --> node_venv_lib_python3_12["python3.12"]\n    node_venv_lib_python3_12 --> node_venv_lib_python3_12_site-packages["site-packages"]\n    node_venv_lib_python3_12_site-packages --> node_venv_lib_python3_12_site-packages_PyQt6["PyQt6"]\n    node_venv_lib_python3_12_site-packages_PyQt6 --> node_venv_lib_python3_12_site-packages_PyQt6_bindings["bindings"]\n    node_venv_lib_python3_12_site-packages_PyQt6_bindings --> node_venv_lib_python3_12_site-packages_PyQt6_bindings_QtCore["QtCore"]\n    node_venv_lib_python3_12_site-packages_PyQt6_bindings_QtCore --> node_venv_lib_python3_12_site-packages_PyQt6_bindings_QtCore_qregularexpression_sip["qregularexpression.sip"]\n    Root --> node_venv["venv"]\n    node_venv --> node_venv_lib["lib"]\n    node_venv_lib --> node_venv_lib_python3_12["python3.12"]\n    node_venv_lib_python3_12 --> node_venv_lib_python3_12_site-packages["site-packages"]\n    node_venv_lib_python3_12_site-packages --> node_venv_lib_python3_12_site-packages_PyQt6["PyQt6"]\n    node_venv_lib_python3_12_site-packages_PyQt6 --> node_venv_lib_python3_12_site-packages_PyQt6_bindings["bindings"]\n    node_venv_lib_python3_12_site-packages_PyQt6_bindings --> node_venv_lib_python3_12_site-packages_PyQt6_bindings_QtCore["QtCore"]\n    node_venv_lib_python3_12_site-packages_PyQt6_bindings_QtCore --> node_venv_lib_python3_12_site-packages_PyQt6_bindings_QtCore_qresource_sip["qresource.sip"]\n    Root --> node_venv["venv"]\n    node_venv --> node_venv_lib["lib"]\n    node_venv_lib --> node_venv_lib_python3_12["python3.12"]\n    node_venv_lib_python3_12 --> node_venv_lib_python3_12_site-packages["site-packages"]\n    node_venv_lib_python3_12_site-packages --> node_venv_lib_python3_12_site-packages_PyQt6["PyQt6"]\n    node_venv_lib_python3_12_site-packages_PyQt6 --> node_venv_lib_python3_12_site-packages_PyQt6_bindings["bindings"]\n    node_venv_lib_python3_12_site-packages_PyQt6_bindings --> node_venv_lib_python3_12_site-packages_PyQt6_bindings_QtCore["QtCore"]\n    node_venv_lib_python3_12_site-packages_PyQt6_bindings_QtCore --> node_venv_lib_python3_12_site-packages_PyQt6_bindings_QtCore_qrunnable_sip["qrunnable.sip"]\n    Root --> node_venv["venv"]\n    node_venv --> node_venv_lib["lib"]\n    node_venv_lib --> node_venv_lib_python3_12["python3.12"]\n    node_venv_lib_python3_12 --> node_venv_lib_python3_12_site-packages["site-packages"]\n    node_venv_lib_python3_12_site-packages --> node_venv_lib_python3_12_site-packages_PyQt6["PyQt6"]\n    node_venv_lib_python3_12_site-packages_PyQt6 --> node_venv_lib_python3_12_site-packages_PyQt6_bindings["bindings"]\n    node_venv_lib_python3_12_site-packages_PyQt6_bindings --> node_venv_lib_python3_12_site-packages_PyQt6_bindings_QtCore["QtCore"]\n    node_venv_lib_python3_12_site-packages_PyQt6_bindings_QtCore --> node_venv_lib_python3_12_site-packages_PyQt6_bindings_QtCore_qsavefile_sip["qsavefile.sip"]\n    Root --> node_venv["venv"]\n    node_venv --> node_venv_lib["lib"]\n    node_venv_lib --> node_venv_lib_python3_12["python3.12"]\n    node_venv_lib_python3_12 --> node_venv_lib_python3_12_site-packages["site-packages"]\n    node_venv_lib_python3_12_site-packages --> node_venv_lib_python3_12_site-packages_PyQt6["PyQt6"]\n    node_venv_lib_python3_12_site-packages_PyQt6 --> node_venv_lib_python3_12_site-packages_PyQt6_bindings["bindings"]\n    node_venv_lib_python3_12_site-packages_PyQt6_bindings --> node_venv_lib_python3_12_site-packages_PyQt6_bindings_QtCore["QtCore"]\n    node_venv_lib_python3_12_site-packages_PyQt6_bindings_QtCore --> node_venv_lib_python3_12_site-packages_PyQt6_bindings_QtCore_qsemaphore_sip["qsemaphore.sip"]\n    Root --> node_venv["venv"]\n    node_venv --> node_venv_lib["lib"]\n    node_venv_lib --> node_venv_lib_python3_12["python3.12"]\n    node_venv_lib_python3_12 --> node_venv_lib_python3_12_site-packages["site-packages"]\n    node_venv_lib_python3_12_site-packages --> node_venv_lib_python3_12_site-packages_PyQt6["PyQt6"]\n    node_venv_lib_python3_12_site-packages_PyQt6 --> node_venv_lib_python3_12_site-packages_PyQt6_bindings["bindings"]\n    node_venv_lib_python3_12_site-packages_PyQt6_bindings --> node_venv_lib_python3_12_site-packages_PyQt6_bindings_QtCore["QtCore"]\n    node_venv_lib_python3_12_site-packages_PyQt6_bindings_QtCore --> node_venv_lib_python3_12_site-packages_PyQt6_bindings_QtCore_qsequentialanimationgroup_sip["qsequentialanimationgroup.sip"]\n    Root --> node_venv["venv"]\n    node_venv --> node_venv_lib["lib"]\n    node_venv_lib --> node_venv_lib_python3_12["python3.12"]\n    node_venv_lib_python3_12 --> node_venv_lib_python3_12_site-packages["site-packages"]\n    node_venv_lib_python3_12_site-packages --> node_venv_lib_python3_12_site-packages_PyQt6["PyQt6"]\n    node_venv_lib_python3_12_site-packages_PyQt6 --> node_venv_lib_python3_12_site-packages_PyQt6_bindings["bindings"]\n    node_venv_lib_python3_12_site-packages_PyQt6_bindings --> node_venv_lib_python3_12_site-packages_PyQt6_bindings_QtCore["QtCore"]\n    node_venv_lib_python3_12_site-packages_PyQt6_bindings_QtCore --> node_venv_lib_python3_12_site-packages_PyQt6_bindings_QtCore_qsettings_sip["qsettings.sip"]\n    Root --> node_venv["venv"]\n    node_venv --> node_venv_lib["lib"]\n    node_venv_lib --> node_venv_lib_python3_12["python3.12"]\n    node_venv_lib_python3_12 --> node_venv_lib_python3_12_site-packages["site-packages"]\n    node_venv_lib_python3_12_site-packages --> node_venv_lib_python3_12_site-packages_PyQt6["PyQt6"]\n    node_venv_lib_python3_12_site-packages_PyQt6 --> node_venv_lib_python3_12_site-packages_PyQt6_bindings["bindings"]\n    node_venv_lib_python3_12_site-packages_PyQt6_bindings --> node_venv_lib_python3_12_site-packages_PyQt6_bindings_QtCore["QtCore"]\n    node_venv_lib_python3_12_site-packages_PyQt6_bindings_QtCore --> node_venv_lib_python3_12_site-packages_PyQt6_bindings_QtCore_qsharedmemory_sip["qsharedmemory.sip"]\n    Root --> node_venv["venv"]\n    node_venv --> node_venv_lib["lib"]\n    node_venv_lib --> node_venv_lib_python3_12["python3.12"]\n    node_venv_lib_python3_12 --> node_venv_lib_python3_12_site-packages["site-packages"]\n    node_venv_lib_python3_12_site-packages --> node_venv_lib_python3_12_site-packages_PyQt6["PyQt6"]\n    node_venv_lib_python3_12_site-packages_PyQt6 --> node_venv_lib_python3_12_site-packages_PyQt6_bindings["bindings"]\n    node_venv_lib_python3_12_site-packages_PyQt6_bindings --> node_venv_lib_python3_12_site-packages_PyQt6_bindings_QtCore["QtCore"]\n    node_venv_lib_python3_12_site-packages_PyQt6_bindings_QtCore --> node_venv_lib_python3_12_site-packages_PyQt6_bindings_QtCore_qsignalmapper_sip["qsignalmapper.sip"]\n    Root --> node_venv["venv"]\n    node_venv --> node_venv_lib["lib"]\n    node_venv_lib --> node_venv_lib_python3_12["python3.12"]\n    node_venv_lib_python3_12 --> node_venv_lib_python3_12_site-packages["site-packages"]\n    node_venv_lib_python3_12_site-packages --> node_venv_lib_python3_12_site-packages_PyQt6["PyQt6"]\n    node_venv_lib_python3_12_site-packages_PyQt6 --> node_venv_lib_python3_12_site-packages_PyQt6_bindings["bindings"]\n    node_venv_lib_python3_12_site-packages_PyQt6_bindings --> node_venv_lib_python3_12_site-packages_PyQt6_bindings_QtCore["QtCore"]\n    node_venv_lib_python3_12_site-packages_PyQt6_bindings_QtCore --> node_venv_lib_python3_12_site-packages_PyQt6_bindings_QtCore_qsize_sip["qsize.sip"]\n    Root --> node_venv["venv"]\n    node_venv --> node_venv_lib["lib"]\n    node_venv_lib --> node_venv_lib_python3_12["python3.12"]\n    node_venv_lib_python3_12 --> node_venv_lib_python3_12_site-packages["site-packages"]\n    node_venv_lib_python3_12_site-packages --> node_venv_lib_python3_12_site-packages_PyQt6["PyQt6"]\n    node_venv_lib_python3_12_site-packages_PyQt6 --> node_venv_lib_python3_12_site-packages_PyQt6_bindings["bindings"]\n    node_venv_lib_python3_12_site-packages_PyQt6_bindings --> node_venv_lib_python3_12_site-packages_PyQt6_bindings_QtCore["QtCore"]\n    node_venv_lib_python3_12_site-packages_PyQt6_bindings_QtCore --> node_venv_lib_python3_12_site-packages_PyQt6_bindings_QtCore_qsocketnotifier_sip["qsocketnotifier.sip"]\n    Root --> node_venv["venv"]\n    node_venv --> node_venv_lib["lib"]\n    node_venv_lib --> node_venv_lib_python3_12["python3.12"]\n    node_venv_lib_python3_12 --> node_venv_lib_python3_12_site-packages["site-packages"]\n    node_venv_lib_python3_12_site-packages --> node_venv_lib_python3_12_site-packages_PyQt6["PyQt6"]\n    node_venv_lib_python3_12_site-packages_PyQt6 --> node_venv_lib_python3_12_site-packages_PyQt6_bindings["bindings"]\n    node_venv_lib_python3_12_site-packages_PyQt6_bindings --> node_venv_lib_python3_12_site-packages_PyQt6_bindings_QtCore["QtCore"]\n    node_venv_lib_python3_12_site-packages_PyQt6_bindings_QtCore --> node_venv_lib_python3_12_site-packages_PyQt6_bindings_QtCore_qsortfilterproxymodel_sip["qsortfilterproxymodel.sip"]\n    Root --> node_venv["venv"]\n    node_venv --> node_venv_lib["lib"]\n    node_venv_lib --> node_venv_lib_python3_12["python3.12"]\n    node_venv_lib_python3_12 --> node_venv_lib_python3_12_site-packages["site-packages"]\n    node_venv_lib_python3_12_site-packages --> node_venv_lib_python3_12_site-packages_PyQt6["PyQt6"]\n    node_venv_lib_python3_12_site-packages_PyQt6 --> node_venv_lib_python3_12_site-packages_PyQt6_bindings["bindings"]\n    node_venv_lib_python3_12_site-packages_PyQt6_bindings --> node_venv_lib_python3_12_site-packages_PyQt6_bindings_QtCore["QtCore"]\n    node_venv_lib_python3_12_site-packages_PyQt6_bindings_QtCore --> node_venv_lib_python3_12_site-packages_PyQt6_bindings_QtCore_qstandardpaths_sip["qstandardpaths.sip"]\n    Root --> node_venv["venv"]\n    node_venv --> node_venv_lib["lib"]\n    node_venv_lib --> node_venv_lib_python3_12["python3.12"]\n    node_venv_lib_python3_12 --> node_venv_lib_python3_12_site-packages["site-packages"]\n    node_venv_lib_python3_12_site-packages --> node_venv_lib_python3_12_site-packages_PyQt6["PyQt6"]\n    node_venv_lib_python3_12_site-packages_PyQt6 --> node_venv_lib_python3_12_site-packages_PyQt6_bindings["bindings"]\n    node_venv_lib_python3_12_site-packages_PyQt6_bindings --> node_venv_lib_python3_12_site-packages_PyQt6_bindings_QtCore["QtCore"]\n    node_venv_lib_python3_12_site-packages_PyQt6_bindings_QtCore --> node_venv_lib_python3_12_site-packages_PyQt6_bindings_QtCore_qstorageinfo_sip["qstorageinfo.sip"]\n    Root --> node_venv["venv"]\n    node_venv --> node_venv_lib["lib"]\n    node_venv_lib --> node_venv_lib_python3_12["python3.12"]\n    node_venv_lib_python3_12 --> node_venv_lib_python3_12_site-packages["site-packages"]\n    node_venv_lib_python3_12_site-packages --> node_venv_lib_python3_12_site-packages_PyQt6["PyQt6"]\n    node_venv_lib_python3_12_site-packages_PyQt6 --> node_venv_lib_python3_12_site-packages_PyQt6_bindings["bindings"]\n    node_venv_lib_python3_12_site-packages_PyQt6_bindings --> node_venv_lib_python3_12_site-packages_PyQt6_bindings_QtCore["QtCore"]\n    node_venv_lib_python3_12_site-packages_PyQt6_bindings_QtCore --> node_venv_lib_python3_12_site-packages_PyQt6_bindings_QtCore_qstring_sip["qstring.sip"]\n    Root --> node_venv["venv"]\n    node_venv --> node_venv_lib["lib"]\n    node_venv_lib --> node_venv_lib_python3_12["python3.12"]\n    node_venv_lib_python3_12 --> node_venv_lib_python3_12_site-packages["site-packages"]\n    node_venv_lib_python3_12_site-packages --> node_venv_lib_python3_12_site-packages_PyQt6["PyQt6"]\n    node_venv_lib_python3_12_site-packages_PyQt6 --> node_venv_lib_python3_12_site-packages_PyQt6_bindings["bindings"]\n    node_venv_lib_python3_12_site-packages_PyQt6_bindings --> node_venv_lib_python3_12_site-packages_PyQt6_bindings_QtCore["QtCore"]\n    node_venv_lib_python3_12_site-packages_PyQt6_bindings_QtCore --> node_venv_lib_python3_12_site-packages_PyQt6_bindings_QtCore_qstringconverter_sip["qstringconverter.sip"]\n    Root --> node_venv["venv"]\n    node_venv --> node_venv_lib["lib"]\n    node_venv_lib --> node_venv_lib_python3_12["python3.12"]\n    node_venv_lib_python3_12 --> node_venv_lib_python3_12_site-packages["site-packages"]\n    node_venv_lib_python3_12_site-packages --> node_venv_lib_python3_12_site-packages_PyQt6["PyQt6"]\n    node_venv_lib_python3_12_site-packages_PyQt6 --> node_venv_lib_python3_12_site-packages_PyQt6_bindings["bindings"]\n    node_venv_lib_python3_12_site-packages_PyQt6_bindings --> node_venv_lib_python3_12_site-packages_PyQt6_bindings_QtCore["QtCore"]\n    node_venv_lib_python3_12_site-packages_PyQt6_bindings_QtCore --> node_venv_lib_python3_12_site-packages_PyQt6_bindings_QtCore_qstringconverter_base_sip["qstringconverter_base.sip"]\n    Root --> node_venv["venv"]\n    node_venv --> node_venv_lib["lib"]\n    node_venv_lib --> node_venv_lib_python3_12["python3.12"]\n    node_venv_lib_python3_12 --> node_venv_lib_python3_12_site-packages["site-packages"]\n    node_venv_lib_python3_12_site-packages --> node_venv_lib_python3_12_site-packages_PyQt6["PyQt6"]\n    node_venv_lib_python3_12_site-packages_PyQt6 --> node_venv_lib_python3_12_site-packages_PyQt6_bindings["bindings"]\n    node_venv_lib_python3_12_site-packages_PyQt6_bindings --> node_venv_lib_python3_12_site-packages_PyQt6_bindings_QtCore["QtCore"]\n    node_venv_lib_python3_12_site-packages_PyQt6_bindings_QtCore --> node_venv_lib_python3_12_site-packages_PyQt6_bindings_QtCore_qstringlist_sip["qstringlist.sip"]\n    Root --> node_venv["venv"]\n    node_venv --> node_venv_lib["lib"]\n    node_venv_lib --> node_venv_lib_python3_12["python3.12"]\n    node_venv_lib_python3_12 --> node_venv_lib_python3_12_site-packages["site-packages"]\n    node_venv_lib_python3_12_site-packages --> node_venv_lib_python3_12_site-packages_PyQt6["PyQt6"]\n    node_venv_lib_python3_12_site-packages_PyQt6 --> node_venv_lib_python3_12_site-packages_PyQt6_bindings["bindings"]\n    node_venv_lib_python3_12_site-packages_PyQt6_bindings --> node_venv_lib_python3_12_site-packages_PyQt6_bindings_QtCore["QtCore"]\n    node_venv_lib_python3_12_site-packages_PyQt6_bindings_QtCore --> node_venv_lib_python3_12_site-packages_PyQt6_bindings_QtCore_qstringlistmodel_sip["qstringlistmodel.sip"]\n    Root --> node_venv["venv"]\n    node_venv --> node_venv_lib["lib"]\n    node_venv_lib --> node_venv_lib_python3_12["python3.12"]\n    node_venv_lib_python3_12 --> node_venv_lib_python3_12_site-packages["site-packages"]\n    node_venv_lib_python3_12_site-packages --> node_venv_lib_python3_12_site-packages_PyQt6["PyQt6"]\n    node_venv_lib_python3_12_site-packages_PyQt6 --> node_venv_lib_python3_12_site-packages_PyQt6_bindings["bindings"]\n    node_venv_lib_python3_12_site-packages_PyQt6_bindings --> node_venv_lib_python3_12_site-packages_PyQt6_bindings_QtCore["QtCore"]\n    node_venv_lib_python3_12_site-packages_PyQt6_bindings_QtCore --> node_venv_lib_python3_12_site-packages_PyQt6_bindings_QtCore_qstringview_sip["qstringview.sip"]\n    Root --> node_venv["venv"]\n    node_venv --> node_venv_lib["lib"]\n    node_venv_lib --> node_venv_lib_python3_12["python3.12"]\n    node_venv_lib_python3_12 --> node_venv_lib_python3_12_site-packages["site-packages"]\n    node_venv_lib_python3_12_site-packages --> node_venv_lib_python3_12_site-packages_PyQt6["PyQt6"]\n    node_venv_lib_python3_12_site-packages_PyQt6 --> node_venv_lib_python3_12_site-packages_PyQt6_bindings["bindings"]\n    node_venv_lib_python3_12_site-packages_PyQt6_bindings --> node_venv_lib_python3_12_site-packages_PyQt6_bindings_QtCore["QtCore"]\n    node_venv_lib_python3_12_site-packages_PyQt6_bindings_QtCore --> node_venv_lib_python3_12_site-packages_PyQt6_bindings_QtCore_qsysinfo_sip["qsysinfo.sip"]\n    Root --> node_venv["venv"]\n    node_venv --> node_venv_lib["lib"]\n    node_venv_lib --> node_venv_lib_python3_12["python3.12"]\n    node_venv_lib_python3_12 --> node_venv_lib_python3_12_site-packages["site-packages"]\n    node_venv_lib_python3_12_site-packages --> node_venv_lib_python3_12_site-packages_PyQt6["PyQt6"]\n    node_venv_lib_python3_12_site-packages_PyQt6 --> node_venv_lib_python3_12_site-packages_PyQt6_bindings["bindings"]\n    node_venv_lib_python3_12_site-packages_PyQt6_bindings --> node_venv_lib_python3_12_site-packages_PyQt6_bindings_QtCore["QtCore"]\n    node_venv_lib_python3_12_site-packages_PyQt6_bindings_QtCore --> node_venv_lib_python3_12_site-packages_PyQt6_bindings_QtCore_qsystemsemaphore_sip["qsystemsemaphore.sip"]\n    Root --> node_venv["venv"]\n    node_venv --> node_venv_lib["lib"]\n    node_venv_lib --> node_venv_lib_python3_12["python3.12"]\n    node_venv_lib_python3_12 --> node_venv_lib_python3_12_site-packages["site-packages"]\n    node_venv_lib_python3_12_site-packages --> node_venv_lib_python3_12_site-packages_PyQt6["PyQt6"]\n    node_venv_lib_python3_12_site-packages_PyQt6 --> node_venv_lib_python3_12_site-packages_PyQt6_bindings["bindings"]\n    node_venv_lib_python3_12_site-packages_PyQt6_bindings --> node_venv_lib_python3_12_site-packages_PyQt6_bindings_QtCore["QtCore"]\n    node_venv_lib_python3_12_site-packages_PyQt6_bindings_QtCore --> node_venv_lib_python3_12_site-packages_PyQt6_bindings_QtCore_qtemporarydir_sip["qtemporarydir.sip"]\n    Root --> node_venv["venv"]\n    node_venv --> node_venv_lib["lib"]\n    node_venv_lib --> node_venv_lib_python3_12["python3.12"]\n    node_venv_lib_python3_12 --> node_venv_lib_python3_12_site-packages["site-packages"]\n    node_venv_lib_python3_12_site-packages --> node_venv_lib_python3_12_site-packages_PyQt6["PyQt6"]\n    node_venv_lib_python3_12_site-packages_PyQt6 --> node_venv_lib_python3_12_site-packages_PyQt6_bindings["bindings"]\n    node_venv_lib_python3_12_site-packages_PyQt6_bindings --> node_venv_lib_python3_12_site-packages_PyQt6_bindings_QtCore["QtCore"]\n    node_venv_lib_python3_12_site-packages_PyQt6_bindings_QtCore --> node_venv_lib_python3_12_site-packages_PyQt6_bindings_QtCore_qtemporaryfile_sip["qtemporaryfile.sip"]\n    Root --> node_venv["venv"]\n    node_venv --> node_venv_lib["lib"]\n    node_venv_lib --> node_venv_lib_python3_12["python3.12"]\n    node_venv_lib_python3_12 --> node_venv_lib_python3_12_site-packages["site-packages"]\n    node_venv_lib_python3_12_site-packages --> node_venv_lib_python3_12_site-packages_PyQt6["PyQt6"]\n    node_venv_lib_python3_12_site-packages_PyQt6 --> node_venv_lib_python3_12_site-packages_PyQt6_bindings["bindings"]\n    node_venv_lib_python3_12_site-packages_PyQt6_bindings --> node_venv_lib_python3_12_site-packages_PyQt6_bindings_QtCore["QtCore"]\n    node_venv_lib_python3_12_site-packages_PyQt6_bindings_QtCore --> node_venv_lib_python3_12_site-packages_PyQt6_bindings_QtCore_qtenvironmentvariables_sip["qtenvironmentvariables.sip"]\n    Root --> node_venv["venv"]\n    node_venv --> node_venv_lib["lib"]\n    node_venv_lib --> node_venv_lib_python3_12["python3.12"]\n    node_venv_lib_python3_12 --> node_venv_lib_python3_12_site-packages["site-packages"]\n    node_venv_lib_python3_12_site-packages --> node_venv_lib_python3_12_site-packages_PyQt6["PyQt6"]\n    node_venv_lib_python3_12_site-packages_PyQt6 --> node_venv_lib_python3_12_site-packages_PyQt6_bindings["bindings"]\n    node_venv_lib_python3_12_site-packages_PyQt6_bindings --> node_venv_lib_python3_12_site-packages_PyQt6_bindings_QtCore["QtCore"]\n    node_venv_lib_python3_12_site-packages_PyQt6_bindings_QtCore --> node_venv_lib_python3_12_site-packages_PyQt6_bindings_QtCore_qtextboundaryfinder_sip["qtextboundaryfinder.sip"]\n    Root --> node_venv["venv"]\n    node_venv --> node_venv_lib["lib"]\n    node_venv_lib --> node_venv_lib_python3_12["python3.12"]\n    node_venv_lib_python3_12 --> node_venv_lib_python3_12_site-packages["site-packages"]\n    node_venv_lib_python3_12_site-packages --> node_venv_lib_python3_12_site-packages_PyQt6["PyQt6"]\n    node_venv_lib_python3_12_site-packages_PyQt6 --> node_venv_lib_python3_12_site-packages_PyQt6_bindings["bindings"]\n    node_venv_lib_python3_12_site-packages_PyQt6_bindings --> node_venv_lib_python3_12_site-packages_PyQt6_bindings_QtCore["QtCore"]\n    node_venv_lib_python3_12_site-packages_PyQt6_bindings_QtCore --> node_venv_lib_python3_12_site-packages_PyQt6_bindings_QtCore_qtextstream_sip["qtextstream.sip"]\n    Root --> node_venv["venv"]\n    node_venv --> node_venv_lib["lib"]\n    node_venv_lib --> node_venv_lib_python3_12["python3.12"]\n    node_venv_lib_python3_12 --> node_venv_lib_python3_12_site-packages["site-packages"]\n    node_venv_lib_python3_12_site-packages --> node_venv_lib_python3_12_site-packages_PyQt6["PyQt6"]\n    node_venv_lib_python3_12_site-packages_PyQt6 --> node_venv_lib_python3_12_site-packages_PyQt6_bindings["bindings"]\n    node_venv_lib_python3_12_site-packages_PyQt6_bindings --> node_venv_lib_python3_12_site-packages_PyQt6_bindings_QtCore["QtCore"]\n    node_venv_lib_python3_12_site-packages_PyQt6_bindings_QtCore --> node_venv_lib_python3_12_site-packages_PyQt6_bindings_QtCore_qthread_sip["qthread.sip"]\n    Root --> node_venv["venv"]\n    node_venv --> node_venv_lib["lib"]\n    node_venv_lib --> node_venv_lib_python3_12["python3.12"]\n    node_venv_lib_python3_12 --> node_venv_lib_python3_12_site-packages["site-packages"]\n    node_venv_lib_python3_12_site-packages --> node_venv_lib_python3_12_site-packages_PyQt6["PyQt6"]\n    node_venv_lib_python3_12_site-packages_PyQt6 --> node_venv_lib_python3_12_site-packages_PyQt6_bindings["bindings"]\n    node_venv_lib_python3_12_site-packages_PyQt6_bindings --> node_venv_lib_python3_12_site-packages_PyQt6_bindings_QtCore["QtCore"]\n    node_venv_lib_python3_12_site-packages_PyQt6_bindings_QtCore --> node_venv_lib_python3_12_site-packages_PyQt6_bindings_QtCore_qthreadpool_sip["qthreadpool.sip"]\n    Root --> node_venv["venv"]\n    node_venv --> node_venv_lib["lib"]\n    node_venv_lib --> node_venv_lib_python3_12["python3.12"]\n    node_venv_lib_python3_12 --> node_venv_lib_python3_12_site-packages["site-packages"]\n    node_venv_lib_python3_12_site-packages --> node_venv_lib_python3_12_site-packages_PyQt6["PyQt6"]\n    node_venv_lib_python3_12_site-packages_PyQt6 --> node_venv_lib_python3_12_site-packages_PyQt6_bindings["bindings"]\n    node_venv_lib_python3_12_site-packages_PyQt6_bindings --> node_venv_lib_python3_12_site-packages_PyQt6_bindings_QtCore["QtCore"]\n    node_venv_lib_python3_12_site-packages_PyQt6_bindings_QtCore --> node_venv_lib_python3_12_site-packages_PyQt6_bindings_QtCore_qtimeline_sip["qtimeline.sip"]\n    Root --> node_venv["venv"]\n    node_venv --> node_venv_lib["lib"]\n    node_venv_lib --> node_venv_lib_python3_12["python3.12"]\n    node_venv_lib_python3_12 --> node_venv_lib_python3_12_site-packages["site-packages"]\n    node_venv_lib_python3_12_site-packages --> node_venv_lib_python3_12_site-packages_PyQt6["PyQt6"]\n    node_venv_lib_python3_12_site-packages_PyQt6 --> node_venv_lib_python3_12_site-packages_PyQt6_bindings["bindings"]\n    node_venv_lib_python3_12_site-packages_PyQt6_bindings --> node_venv_lib_python3_12_site-packages_PyQt6_bindings_QtCore["QtCore"]\n    node_venv_lib_python3_12_site-packages_PyQt6_bindings_QtCore --> node_venv_lib_python3_12_site-packages_PyQt6_bindings_QtCore_qtimer_sip["qtimer.sip"]\n    Root --> node_venv["venv"]\n    node_venv --> node_venv_lib["lib"]\n    node_venv_lib --> node_venv_lib_python3_12["python3.12"]\n    node_venv_lib_python3_12 --> node_venv_lib_python3_12_site-packages["site-packages"]\n    node_venv_lib_python3_12_site-packages --> node_venv_lib_python3_12_site-packages_PyQt6["PyQt6"]\n    node_venv_lib_python3_12_site-packages_PyQt6 --> node_venv_lib_python3_12_site-packages_PyQt6_bindings["bindings"]\n    node_venv_lib_python3_12_site-packages_PyQt6_bindings --> node_venv_lib_python3_12_site-packages_PyQt6_bindings_QtCore["QtCore"]\n    node_venv_lib_python3_12_site-packages_PyQt6_bindings_QtCore --> node_venv_lib_python3_12_site-packages_PyQt6_bindings_QtCore_qtimezone_sip["qtimezone.sip"]\n    Root --> node_venv["venv"]\n    node_venv --> node_venv_lib["lib"]\n    node_venv_lib --> node_venv_lib_python3_12["python3.12"]\n    node_venv_lib_python3_12 --> node_venv_lib_python3_12_site-packages["site-packages"]\n    node_venv_lib_python3_12_site-packages --> node_venv_lib_python3_12_site-packages_PyQt6["PyQt6"]\n    node_venv_lib_python3_12_site-packages_PyQt6 --> node_venv_lib_python3_12_site-packages_PyQt6_bindings["bindings"]\n    node_venv_lib_python3_12_site-packages_PyQt6_bindings --> node_venv_lib_python3_12_site-packages_PyQt6_bindings_QtCore["QtCore"]\n    node_venv_lib_python3_12_site-packages_PyQt6_bindings_QtCore --> node_venv_lib_python3_12_site-packages_PyQt6_bindings_QtCore_qtipccommon_sip["qtipccommon.sip"]\n    Root --> node_venv["venv"]\n    node_venv --> node_venv_lib["lib"]\n    node_venv_lib --> node_venv_lib_python3_12["python3.12"]\n    node_venv_lib_python3_12 --> node_venv_lib_python3_12_site-packages["site-packages"]\n    node_venv_lib_python3_12_site-packages --> node_venv_lib_python3_12_site-packages_PyQt6["PyQt6"]\n    node_venv_lib_python3_12_site-packages_PyQt6 --> node_venv_lib_python3_12_site-packages_PyQt6_bindings["bindings"]\n    node_venv_lib_python3_12_site-packages_PyQt6_bindings --> node_venv_lib_python3_12_site-packages_PyQt6_bindings_QtCore["QtCore"]\n    node_venv_lib_python3_12_site-packages_PyQt6_bindings_QtCore --> node_venv_lib_python3_12_site-packages_PyQt6_bindings_QtCore_qtranslator_sip["qtranslator.sip"]\n    Root --> node_venv["venv"]\n    node_venv --> node_venv_lib["lib"]\n    node_venv_lib --> node_venv_lib_python3_12["python3.12"]\n    node_venv_lib_python3_12 --> node_venv_lib_python3_12_site-packages["site-packages"]\n    node_venv_lib_python3_12_site-packages --> node_venv_lib_python3_12_site-packages_PyQt6["PyQt6"]\n    node_venv_lib_python3_12_site-packages_PyQt6 --> node_venv_lib_python3_12_site-packages_PyQt6_bindings["bindings"]\n    node_venv_lib_python3_12_site-packages_PyQt6_bindings --> node_venv_lib_python3_12_site-packages_PyQt6_bindings_QtCore["QtCore"]\n    node_venv_lib_python3_12_site-packages_PyQt6_bindings_QtCore --> node_venv_lib_python3_12_site-packages_PyQt6_bindings_QtCore_qtransposeproxymodel_sip["qtransposeproxymodel.sip"]\n    Root --> node_venv["venv"]\n    node_venv --> node_venv_lib["lib"]\n    node_venv_lib --> node_venv_lib_python3_12["python3.12"]\n    node_venv_lib_python3_12 --> node_venv_lib_python3_12_site-packages["site-packages"]\n    node_venv_lib_python3_12_site-packages --> node_venv_lib_python3_12_site-packages_PyQt6["PyQt6"]\n    node_venv_lib_python3_12_site-packages_PyQt6 --> node_venv_lib_python3_12_site-packages_PyQt6_bindings["bindings"]\n    node_venv_lib_python3_12_site-packages_PyQt6_bindings --> node_venv_lib_python3_12_site-packages_PyQt6_bindings_QtCore["QtCore"]\n    node_venv_lib_python3_12_site-packages_PyQt6_bindings_QtCore --> node_venv_lib_python3_12_site-packages_PyQt6_bindings_QtCore_qtversion_sip["qtversion.sip"]\n    Root --> node_venv["venv"]\n    node_venv --> node_venv_lib["lib"]\n    node_venv_lib --> node_venv_lib_python3_12["python3.12"]\n    node_venv_lib_python3_12 --> node_venv_lib_python3_12_site-packages["site-packages"]\n    node_venv_lib_python3_12_site-packages --> node_venv_lib_python3_12_site-packages_PyQt6["PyQt6"]\n    node_venv_lib_python3_12_site-packages_PyQt6 --> node_venv_lib_python3_12_site-packages_PyQt6_bindings["bindings"]\n    node_venv_lib_python3_12_site-packages_PyQt6_bindings --> node_venv_lib_python3_12_site-packages_PyQt6_bindings_QtCore["QtCore"]\n    node_venv_lib_python3_12_site-packages_PyQt6_bindings_QtCore --> node_venv_lib_python3_12_site-packages_PyQt6_bindings_QtCore_qtyperevision_sip["qtyperevision.sip"]\n    Root --> node_venv["venv"]\n    node_venv --> node_venv_lib["lib"]\n    node_venv_lib --> node_venv_lib_python3_12["python3.12"]\n    node_venv_lib_python3_12 --> node_venv_lib_python3_12_site-packages["site-packages"]\n    node_venv_lib_python3_12_site-packages --> node_venv_lib_python3_12_site-packages_PyQt6["PyQt6"]\n    node_venv_lib_python3_12_site-packages_PyQt6 --> node_venv_lib_python3_12_site-packages_PyQt6_bindings["bindings"]\n    node_venv_lib_python3_12_site-packages_PyQt6_bindings --> node_venv_lib_python3_12_site-packages_PyQt6_bindings_QtCore["QtCore"]\n    node_venv_lib_python3_12_site-packages_PyQt6_bindings_QtCore --> node_venv_lib_python3_12_site-packages_PyQt6_bindings_QtCore_qtypes_sip["qtypes.sip"]\n    Root --> node_venv["venv"]\n    node_venv --> node_venv_lib["lib"]\n    node_venv_lib --> node_venv_lib_python3_12["python3.12"]\n    node_venv_lib_python3_12 --> node_venv_lib_python3_12_site-packages["site-packages"]\n    node_venv_lib_python3_12_site-packages --> node_venv_lib_python3_12_site-packages_PyQt6["PyQt6"]\n    node_venv_lib_python3_12_site-packages_PyQt6 --> node_venv_lib_python3_12_site-packages_PyQt6_bindings["bindings"]\n    node_venv_lib_python3_12_site-packages_PyQt6_bindings --> node_venv_lib_python3_12_site-packages_PyQt6_bindings_QtCore["QtCore"]\n    node_venv_lib_python3_12_site-packages_PyQt6_bindings_QtCore --> node_venv_lib_python3_12_site-packages_PyQt6_bindings_QtCore_qurl_sip["qurl.sip"]\n    Root --> node_venv["venv"]\n    node_venv --> node_venv_lib["lib"]\n    node_venv_lib --> node_venv_lib_python3_12["python3.12"]\n    node_venv_lib_python3_12 --> node_venv_lib_python3_12_site-packages["site-packages"]\n    node_venv_lib_python3_12_site-packages --> node_venv_lib_python3_12_site-packages_PyQt6["PyQt6"]\n    node_venv_lib_python3_12_site-packages_PyQt6 --> node_venv_lib_python3_12_site-packages_PyQt6_bindings["bindings"]\n    node_venv_lib_python3_12_site-packages_PyQt6_bindings --> node_venv_lib_python3_12_site-packages_PyQt6_bindings_QtCore["QtCore"]\n    node_venv_lib_python3_12_site-packages_PyQt6_bindings_QtCore --> node_venv_lib_python3_12_site-packages_PyQt6_bindings_QtCore_qurlquery_sip["qurlquery.sip"]\n    Root --> node_venv["venv"]\n    node_venv --> node_venv_lib["lib"]\n    node_venv_lib --> node_venv_lib_python3_12["python3.12"]\n    node_venv_lib_python3_12 --> node_venv_lib_python3_12_site-packages["site-packages"]\n    node_venv_lib_python3_12_site-packages --> node_venv_lib_python3_12_site-packages_PyQt6["PyQt6"]\n    node_venv_lib_python3_12_site-packages_PyQt6 --> node_venv_lib_python3_12_site-packages_PyQt6_bindings["bindings"]\n    node_venv_lib_python3_12_site-packages_PyQt6_bindings --> node_venv_lib_python3_12_site-packages_PyQt6_bindings_QtCore["QtCore"]\n    node_venv_lib_python3_12_site-packages_PyQt6_bindings_QtCore --> node_venv_lib_python3_12_site-packages_PyQt6_bindings_QtCore_quuid_sip["quuid.sip"]\n    Root --> node_venv["venv"]\n    node_venv --> node_venv_lib["lib"]\n    node_venv_lib --> node_venv_lib_python3_12["python3.12"]\n    node_venv_lib_python3_12 --> node_venv_lib_python3_12_site-packages["site-packages"]\n    node_venv_lib_python3_12_site-packages --> node_venv_lib_python3_12_site-packages_PyQt6["PyQt6"]\n    node_venv_lib_python3_12_site-packages_PyQt6 --> node_venv_lib_python3_12_site-packages_PyQt6_bindings["bindings"]\n    node_venv_lib_python3_12_site-packages_PyQt6_bindings --> node_venv_lib_python3_12_site-packages_PyQt6_bindings_QtCore["QtCore"]\n    node_venv_lib_python3_12_site-packages_PyQt6_bindings_QtCore --> node_venv_lib_python3_12_site-packages_PyQt6_bindings_QtCore_qvariant_sip["qvariant.sip"]\n    Root --> node_venv["venv"]\n    node_venv --> node_venv_lib["lib"]\n    node_venv_lib --> node_venv_lib_python3_12["python3.12"]\n    node_venv_lib_python3_12 --> node_venv_lib_python3_12_site-packages["site-packages"]\n    node_venv_lib_python3_12_site-packages --> node_venv_lib_python3_12_site-packages_PyQt6["PyQt6"]\n    node_venv_lib_python3_12_site-packages_PyQt6 --> node_venv_lib_python3_12_site-packages_PyQt6_bindings["bindings"]\n    node_venv_lib_python3_12_site-packages_PyQt6_bindings --> node_venv_lib_python3_12_site-packages_PyQt6_bindings_QtCore["QtCore"]\n    node_venv_lib_python3_12_site-packages_PyQt6_bindings_QtCore --> node_venv_lib_python3_12_site-packages_PyQt6_bindings_QtCore_qvariantanimation_sip["qvariantanimation.sip"]\n    Root --> node_venv["venv"]\n    node_venv --> node_venv_lib["lib"]\n    node_venv_lib --> node_venv_lib_python3_12["python3.12"]\n    node_venv_lib_python3_12 --> node_venv_lib_python3_12_site-packages["site-packages"]\n    node_venv_lib_python3_12_site-packages --> node_venv_lib_python3_12_site-packages_PyQt6["PyQt6"]\n    node_venv_lib_python3_12_site-packages_PyQt6 --> node_venv_lib_python3_12_site-packages_PyQt6_bindings["bindings"]\n    node_venv_lib_python3_12_site-packages_PyQt6_bindings --> node_venv_lib_python3_12_site-packages_PyQt6_bindings_QtCore["QtCore"]\n    node_venv_lib_python3_12_site-packages_PyQt6_bindings_QtCore --> node_venv_lib_python3_12_site-packages_PyQt6_bindings_QtCore_qversionnumber_sip["qversionnumber.sip"]\n    Root --> node_venv["venv"]\n    node_venv --> node_venv_lib["lib"]\n    node_venv_lib --> node_venv_lib_python3_12["python3.12"]\n    node_venv_lib_python3_12 --> node_venv_lib_python3_12_site-packages["site-packages"]\n    node_venv_lib_python3_12_site-packages --> node_venv_lib_python3_12_site-packages_PyQt6["PyQt6"]\n    node_venv_lib_python3_12_site-packages_PyQt6 --> node_venv_lib_python3_12_site-packages_PyQt6_bindings["bindings"]\n    node_venv_lib_python3_12_site-packages_PyQt6_bindings --> node_venv_lib_python3_12_site-packages_PyQt6_bindings_QtCore["QtCore"]\n    node_venv_lib_python3_12_site-packages_PyQt6_bindings_QtCore --> node_venv_lib_python3_12_site-packages_PyQt6_bindings_QtCore_qwaitcondition_sip["qwaitcondition.sip"]\n    Root --> node_venv["venv"]\n    node_venv --> node_venv_lib["lib"]\n    node_venv_lib --> node_venv_lib_python3_12["python3.12"]\n    node_venv_lib_python3_12 --> node_venv_lib_python3_12_site-packages["site-packages"]\n    node_venv_lib_python3_12_site-packages --> node_venv_lib_python3_12_site-packages_PyQt6["PyQt6"]\n    node_venv_lib_python3_12_site-packages_PyQt6 --> node_venv_lib_python3_12_site-packages_PyQt6_bindings["bindings"]\n    node_venv_lib_python3_12_site-packages_PyQt6_bindings --> node_venv_lib_python3_12_site-packages_PyQt6_bindings_QtCore["QtCore"]\n    node_venv_lib_python3_12_site-packages_PyQt6_bindings_QtCore --> node_venv_lib_python3_12_site-packages_PyQt6_bindings_QtCore_qwineventnotifier_sip["qwineventnotifier.sip"]\n    Root --> node_venv["venv"]\n    node_venv --> node_venv_lib["lib"]\n    node_venv_lib --> node_venv_lib_python3_12["python3.12"]\n    node_venv_lib_python3_12 --> node_venv_lib_python3_12_site-packages["site-packages"]\n    node_venv_lib_python3_12_site-packages --> node_venv_lib_python3_12_site-packages_PyQt6["PyQt6"]\n    node_venv_lib_python3_12_site-packages_PyQt6 --> node_venv_lib_python3_12_site-packages_PyQt6_bindings["bindings"]\n    node_venv_lib_python3_12_site-packages_PyQt6_bindings --> node_venv_lib_python3_12_site-packages_PyQt6_bindings_QtCore["QtCore"]\n    node_venv_lib_python3_12_site-packages_PyQt6_bindings_QtCore --> node_venv_lib_python3_12_site-packages_PyQt6_bindings_QtCore_qxmlstream_sip["qxmlstream.sip"]\n    Root --> node_venv["venv"]\n    node_venv --> node_venv_lib["lib"]\n    node_venv_lib --> node_venv_lib_python3_12["python3.12"]\n    node_venv_lib_python3_12 --> node_venv_lib_python3_12_site-packages["site-packages"]\n    node_venv_lib_python3_12_site-packages --> node_venv_lib_python3_12_site-packages_PyQt6["PyQt6"]\n    node_venv_lib_python3_12_site-packages_PyQt6 --> node_venv_lib_python3_12_site-packages_PyQt6_bindings["bindings"]\n    node_venv_lib_python3_12_site-packages_PyQt6_bindings --> node_venv_lib_python3_12_site-packages_PyQt6_bindings_QtCore["QtCore"]\n    node_venv_lib_python3_12_site-packages_PyQt6_bindings_QtCore --> node_venv_lib_python3_12_site-packages_PyQt6_bindings_QtCore_qyieldcpu_sip["qyieldcpu.sip"]\n    Root --> node_venv["venv"]\n    node_venv --> node_venv_lib["lib"]\n    node_venv_lib --> node_venv_lib_python3_12["python3.12"]\n    node_venv_lib_python3_12 --> node_venv_lib_python3_12_site-packages["site-packages"]\n    node_venv_lib_python3_12_site-packages --> node_venv_lib_python3_12_site-packages_PyQt6["PyQt6"]\n    node_venv_lib_python3_12_site-packages_PyQt6 --> node_venv_lib_python3_12_site-packages_PyQt6_bindings["bindings"]\n    node_venv_lib_python3_12_site-packages_PyQt6_bindings --> node_venv_lib_python3_12_site-packages_PyQt6_bindings_QtMultimediaWidgets["QtMultimediaWidgets"]\n    node_venv_lib_python3_12_site-packages_PyQt6_bindings_QtMultimediaWidgets --> node_venv_lib_python3_12_site-packages_PyQt6_bindings_QtMultimediaWidgets_QtMultimediaWidgets_toml["QtMultimediaWidgets.toml"]\n    Root --> node_venv["venv"]\n    node_venv --> node_venv_lib["lib"]\n    node_venv_lib --> node_venv_lib_python3_12["python3.12"]\n    node_venv_lib_python3_12 --> node_venv_lib_python3_12_site-packages["site-packages"]\n    node_venv_lib_python3_12_site-packages --> node_venv_lib_python3_12_site-packages_PyQt6["PyQt6"]\n    node_venv_lib_python3_12_site-packages_PyQt6 --> node_venv_lib_python3_12_site-packages_PyQt6_bindings["bindings"]\n    node_venv_lib_python3_12_site-packages_PyQt6_bindings --> node_venv_lib_python3_12_site-packages_PyQt6_bindings_QtMultimediaWidgets["QtMultimediaWidgets"]\n    node_venv_lib_python3_12_site-packages_PyQt6_bindings_QtMultimediaWidgets --> node_venv_lib_python3_12_site-packages_PyQt6_bindings_QtMultimediaWidgets_QtMultimediaWidgetsmod_sip["QtMultimediaWidgetsmod.sip"]\n    Root --> node_venv["venv"]\n    node_venv --> node_venv_lib["lib"]\n    node_venv_lib --> node_venv_lib_python3_12["python3.12"]\n    node_venv_lib_python3_12 --> node_venv_lib_python3_12_site-packages["site-packages"]\n    node_venv_lib_python3_12_site-packages --> node_venv_lib_python3_12_site-packages_PyQt6["PyQt6"]\n    node_venv_lib_python3_12_site-packages_PyQt6 --> node_venv_lib_python3_12_site-packages_PyQt6_bindings["bindings"]\n    node_venv_lib_python3_12_site-packages_PyQt6_bindings --> node_venv_lib_python3_12_site-packages_PyQt6_bindings_QtMultimediaWidgets["QtMultimediaWidgets"]\n    node_venv_lib_python3_12_site-packages_PyQt6_bindings_QtMultimediaWidgets --> node_venv_lib_python3_12_site-packages_PyQt6_bindings_QtMultimediaWidgets_qgraphicsvideoitem_sip["qgraphicsvideoitem.sip"]\n    Root --> node_venv["venv"]\n    node_venv --> node_venv_lib["lib"]\n    node_venv_lib --> node_venv_lib_python3_12["python3.12"]\n    node_venv_lib_python3_12 --> node_venv_lib_python3_12_site-packages["site-packages"]\n    node_venv_lib_python3_12_site-packages --> node_venv_lib_python3_12_site-packages_PyQt6["PyQt6"]\n    node_venv_lib_python3_12_site-packages_PyQt6 --> node_venv_lib_python3_12_site-packages_PyQt6_bindings["bindings"]\n    node_venv_lib_python3_12_site-packages_PyQt6_bindings --> node_venv_lib_python3_12_site-packages_PyQt6_bindings_QtMultimediaWidgets["QtMultimediaWidgets"]\n    node_venv_lib_python3_12_site-packages_PyQt6_bindings_QtMultimediaWidgets --> node_venv_lib_python3_12_site-packages_PyQt6_bindings_QtMultimediaWidgets_qvideowidget_sip["qvideowidget.sip"]\n    Root --> node_venv["venv"]\n    node_venv --> node_venv_lib["lib"]\n    node_venv_lib --> node_venv_lib_python3_12["python3.12"]\n    node_venv_lib_python3_12 --> node_venv_lib_python3_12_site-packages["site-packages"]\n    node_venv_lib_python3_12_site-packages --> node_venv_lib_python3_12_site-packages_PyQt6["PyQt6"]\n    node_venv_lib_python3_12_site-packages_PyQt6 --> node_venv_lib_python3_12_site-packages_PyQt6_bindings["bindings"]\n    node_venv_lib_python3_12_site-packages_PyQt6_bindings --> node_venv_lib_python3_12_site-packages_PyQt6_bindings_QtTest["QtTest"]\n    node_venv_lib_python3_12_site-packages_PyQt6_bindings_QtTest --> node_venv_lib_python3_12_site-packages_PyQt6_bindings_QtTest_QtTest_toml["QtTest.toml"]\n    Root --> node_venv["venv"]\n    node_venv --> node_venv_lib["lib"]\n    node_venv_lib --> node_venv_lib_python3_12["python3.12"]\n    node_venv_lib_python3_12 --> node_venv_lib_python3_12_site-packages["site-packages"]\n    node_venv_lib_python3_12_site-packages --> node_venv_lib_python3_12_site-packages_PyQt6["PyQt6"]\n    node_venv_lib_python3_12_site-packages_PyQt6 --> node_venv_lib_python3_12_site-packages_PyQt6_bindings["bindings"]\n    node_venv_lib_python3_12_site-packages_PyQt6_bindings --> node_venv_lib_python3_12_site-packages_PyQt6_bindings_QtTest["QtTest"]\n    node_venv_lib_python3_12_site-packages_PyQt6_bindings_QtTest --> node_venv_lib_python3_12_site-packages_PyQt6_bindings_QtTest_QtTestmod_sip["QtTestmod.sip"]\n    Root --> node_venv["venv"]\n    node_venv --> node_venv_lib["lib"]\n    node_venv_lib --> node_venv_lib_python3_12["python3.12"]\n    node_venv_lib_python3_12 --> node_venv_lib_python3_12_site-packages["site-packages"]\n    node_venv_lib_python3_12_site-packages --> node_venv_lib_python3_12_site-packages_PyQt6["PyQt6"]\n    node_venv_lib_python3_12_site-packages_PyQt6 --> node_venv_lib_python3_12_site-packages_PyQt6_bindings["bindings"]\n    node_venv_lib_python3_12_site-packages_PyQt6_bindings --> node_venv_lib_python3_12_site-packages_PyQt6_bindings_QtTest["QtTest"]\n    node_venv_lib_python3_12_site-packages_PyQt6_bindings_QtTest --> node_venv_lib_python3_12_site-packages_PyQt6_bindings_QtTest_qabstractitemmodeltester_sip["qabstractitemmodeltester.sip"]\n    Root --> node_venv["venv"]\n    node_venv --> node_venv_lib["lib"]\n    node_venv_lib --> node_venv_lib_python3_12["python3.12"]\n    node_venv_lib_python3_12 --> node_venv_lib_python3_12_site-packages["site-packages"]\n    node_venv_lib_python3_12_site-packages --> node_venv_lib_python3_12_site-packages_PyQt6["PyQt6"]\n    node_venv_lib_python3_12_site-packages_PyQt6 --> node_venv_lib_python3_12_site-packages_PyQt6_bindings["bindings"]\n    node_venv_lib_python3_12_site-packages_PyQt6_bindings --> node_venv_lib_python3_12_site-packages_PyQt6_bindings_QtTest["QtTest"]\n    node_venv_lib_python3_12_site-packages_PyQt6_bindings_QtTest --> node_venv_lib_python3_12_site-packages_PyQt6_bindings_QtTest_qsignalspy_sip["qsignalspy.sip"]\n    Root --> node_venv["venv"]\n    node_venv --> node_venv_lib["lib"]\n    node_venv_lib --> node_venv_lib_python3_12["python3.12"]\n    node_venv_lib_python3_12 --> node_venv_lib_python3_12_site-packages["site-packages"]\n    node_venv_lib_python3_12_site-packages --> node_venv_lib_python3_12_site-packages_PyQt6["PyQt6"]\n    node_venv_lib_python3_12_site-packages_PyQt6 --> node_venv_lib_python3_12_site-packages_PyQt6_bindings["bindings"]\n    node_venv_lib_python3_12_site-packages_PyQt6_bindings --> node_venv_lib_python3_12_site-packages_PyQt6_bindings_QtTest["QtTest"]\n    node_venv_lib_python3_12_site-packages_PyQt6_bindings_QtTest --> node_venv_lib_python3_12_site-packages_PyQt6_bindings_QtTest_qtestkeyboard_sip["qtestkeyboard.sip"]\n    Root --> node_venv["venv"]\n    node_venv --> node_venv_lib["lib"]\n    node_venv_lib --> node_venv_lib_python3_12["python3.12"]\n    node_venv_lib_python3_12 --> node_venv_lib_python3_12_site-packages["site-packages"]\n    node_venv_lib_python3_12_site-packages --> node_venv_lib_python3_12_site-packages_PyQt6["PyQt6"]\n    node_venv_lib_python3_12_site-packages_PyQt6 --> node_venv_lib_python3_12_site-packages_PyQt6_bindings["bindings"]\n    node_venv_lib_python3_12_site-packages_PyQt6_bindings --> node_venv_lib_python3_12_site-packages_PyQt6_bindings_QtTest["QtTest"]\n    node_venv_lib_python3_12_site-packages_PyQt6_bindings_QtTest --> node_venv_lib_python3_12_site-packages_PyQt6_bindings_QtTest_qtestmouse_sip["qtestmouse.sip"]\n    Root --> node_venv["venv"]\n    node_venv --> node_venv_lib["lib"]\n    node_venv_lib --> node_venv_lib_python3_12["python3.12"]\n    node_venv_lib_python3_12 --> node_venv_lib_python3_12_site-packages["site-packages"]\n    node_venv_lib_python3_12_site-packages --> node_venv_lib_python3_12_site-packages_PyQt6["PyQt6"]\n    node_venv_lib_python3_12_site-packages_PyQt6 --> node_venv_lib_python3_12_site-packages_PyQt6_bindings["bindings"]\n    node_venv_lib_python3_12_site-packages_PyQt6_bindings --> node_venv_lib_python3_12_site-packages_PyQt6_bindings_QtTest["QtTest"]\n    node_venv_lib_python3_12_site-packages_PyQt6_bindings_QtTest --> node_venv_lib_python3_12_site-packages_PyQt6_bindings_QtTest_qtestsystem_sip["qtestsystem.sip"]\n    Root --> node_venv["venv"]\n    node_venv --> node_venv_lib["lib"]\n    node_venv_lib --> node_venv_lib_python3_12["python3.12"]\n    node_venv_lib_python3_12 --> node_venv_lib_python3_12_site-packages["site-packages"]\n    node_venv_lib_python3_12_site-packages --> node_venv_lib_python3_12_site-packages_PyQt6["PyQt6"]\n    node_venv_lib_python3_12_site-packages_PyQt6 --> node_venv_lib_python3_12_site-packages_PyQt6_bindings["bindings"]\n    node_venv_lib_python3_12_site-packages_PyQt6_bindings --> node_venv_lib_python3_12_site-packages_PyQt6_bindings_QtPdfWidgets["QtPdfWidgets"]\n    node_venv_lib_python3_12_site-packages_PyQt6_bindings_QtPdfWidgets --> node_venv_lib_python3_12_site-packages_PyQt6_bindings_QtPdfWidgets_QtPdfWidgets_toml["QtPdfWidgets.toml"]\n    Root --> node_venv["venv"]\n    node_venv --> node_venv_lib["lib"]\n    node_venv_lib --> node_venv_lib_python3_12["python3.12"]\n    node_venv_lib_python3_12 --> node_venv_lib_python3_12_site-packages["site-packages"]\n    node_venv_lib_python3_12_site-packages --> node_venv_lib_python3_12_site-packages_PyQt6["PyQt6"]\n    node_venv_lib_python3_12_site-packages_PyQt6 --> node_venv_lib_python3_12_site-packages_PyQt6_bindings["bindings"]\n    node_venv_lib_python3_12_site-packages_PyQt6_bindings --> node_venv_lib_python3_12_site-packages_PyQt6_bindings_QtPdfWidgets["QtPdfWidgets"]\n    node_venv_lib_python3_12_site-packages_PyQt6_bindings_QtPdfWidgets --> node_venv_lib_python3_12_site-packages_PyQt6_bindings_QtPdfWidgets_QtPdfWidgetsmod_sip["QtPdfWidgetsmod.sip"]\n    Root --> node_venv["venv"]\n    node_venv --> node_venv_lib["lib"]\n    node_venv_lib --> node_venv_lib_python3_12["python3.12"]\n    node_venv_lib_python3_12 --> node_venv_lib_python3_12_site-packages["site-packages"]\n    node_venv_lib_python3_12_site-packages --> node_venv_lib_python3_12_site-packages_PyQt6["PyQt6"]\n    node_venv_lib_python3_12_site-packages_PyQt6 --> node_venv_lib_python3_12_site-packages_PyQt6_bindings["bindings"]\n    node_venv_lib_python3_12_site-packages_PyQt6_bindings --> node_venv_lib_python3_12_site-packages_PyQt6_bindings_QtPdfWidgets["QtPdfWidgets"]\n    node_venv_lib_python3_12_site-packages_PyQt6_bindings_QtPdfWidgets --> node_venv_lib_python3_12_site-packages_PyQt6_bindings_QtPdfWidgets_qpdfpageselector_sip["qpdfpageselector.sip"]\n    Root --> node_venv["venv"]\n    node_venv --> node_venv_lib["lib"]\n    node_venv_lib --> node_venv_lib_python3_12["python3.12"]\n    node_venv_lib_python3_12 --> node_venv_lib_python3_12_site-packages["site-packages"]\n    node_venv_lib_python3_12_site-packages --> node_venv_lib_python3_12_site-packages_PyQt6["PyQt6"]\n    node_venv_lib_python3_12_site-packages_PyQt6 --> node_venv_lib_python3_12_site-packages_PyQt6_bindings["bindings"]\n    node_venv_lib_python3_12_site-packages_PyQt6_bindings --> node_venv_lib_python3_12_site-packages_PyQt6_bindings_QtPdfWidgets["QtPdfWidgets"]\n    node_venv_lib_python3_12_site-packages_PyQt6_bindings_QtPdfWidgets --> node_venv_lib_python3_12_site-packages_PyQt6_bindings_QtPdfWidgets_qpdfview_sip["qpdfview.sip"]\n\n%% Dark mode styling\nclassDef rootNode fill:#1a1a2e,stroke:#eee,stroke-width:2px,color:#fff\nclassDef fileNode fill:#16213e,stroke:#ddd,stroke-width:1px,color:#fff\nclassDef pythonFile fill:#0f3460,stroke:#4fbdba,stroke-width:2px,color:#fff\nclassDef configFile fill:#2d033b,stroke:#e0913f,stroke-width:2px,color:#fff\nclassDef docFile fill:#1e5128,stroke:#4caf50,stroke-width:2px,color:#fff\n\n%% Apply styles\nclass Root rootNode\nclass node_dockerignore fileNode\nclass node_env fileNode\nclass node_env_example fileNode\nclass node_gitignore fileNode\nclass node_Dockerfile fileNode\nclass node_LICENSE_ndaversis_txt docFile\nclass node_config_json configFile\nclass node_docker-compose_yml configFile\nclass node_final_test_results_txt docFile\nclass node_ndaversis_py pythonFile\nclass node_ndaversis_logs_py pythonFile\nclass node_ndaversis_metrics_json configFile\nclass node_ndaversis_privacy_policy_md docFile\nclass node_ndaversis_readme_md docFile\nclass node_ndaversis_requirements_txt docFile\nclass node_ndaversis_version_history_py pythonFile\nclass node_readme_md docFile\nclass node_task_txt docFile\nclass node_test_txt docFile\nclass node_test_config_json configFile\nclass node_test_failures_txt docFile\nclass node_test_ndaversis_py pythonFile\nclass node_test_ndaversis_readme_md docFile\nclass node_test_results_txt docFile\nclass node_venv_pyvenv_cfg fileNode\nclass node_venv_bin_Activate_ps1 fileNode\nclass node_venv_bin_activate fileNode\nclass node_venv_bin_activate_csh fileNode\nclass node_venv_bin_activate_fish fileNode\nclass node_venv_bin_pip fileNode\nclass node_venv_bin_pip3 fileNode\nclass node_venv_bin_pip3_12 fileNode\nclass node_venv_bin_pylupdate6 fileNode\nclass node_venv_bin_python fileNode\nclass node_venv_bin_python3 fileNode\nclass node_venv_bin_python3_12 fileNode\nclass node_venv_bin_pyuic6 fileNode\nclass node_venv_lib_python3_12_site-packages_pyqt6-6_10_2_dist-info_INSTALLER fileNode\nclass node_venv_lib_python3_12_site-packages_pyqt6-6_10_2_dist-info_METADATA fileNode\nclass node_venv_lib_python3_12_site-packages_pyqt6-6_10_2_dist-info_RECORD fileNode\nclass node_venv_lib_python3_12_site-packages_pyqt6-6_10_2_dist-info_REQUESTED fileNode\nclass node_venv_lib_python3_12_site-packages_pyqt6-6_10_2_dist-info_WHEEL fileNode\nclass node_venv_lib_python3_12_site-packages_pyqt6-6_10_2_dist-info_entry_points_txt docFile\nclass node_venv_lib_python3_12_site-packages_pyqt6-6_10_2_dist-info_licenses_LICENSE fileNode\nclass node_venv_lib_python3_12_site-packages_pip-25_0_1_dist-info_INSTALLER fileNode\nclass node_venv_lib_python3_12_site-packages_pip-25_0_1_dist-info_METADATA fileNode\nclass node_venv_lib_python3_12_site-packages_pip-25_0_1_dist-info_RECORD fileNode\nclass node_venv_lib_python3_12_site-packages_pip-25_0_1_dist-info_REQUESTED fileNode\nclass node_venv_lib_python3_12_site-packages_pip-25_0_1_dist-info_WHEEL fileNode\nclass node_venv_lib_python3_12_site-packages_pip-25_0_1_dist-info_entry_points_txt docFile\nclass node_venv_lib_python3_12_site-packages_pip-25_0_1_dist-info_top_level_txt docFile\nclass node_venv_lib_python3_12_site-packages_pip-25_0_1_dist-info_licenses_AUTHORS_txt docFile\nclass node_venv_lib_python3_12_site-packages_pip-25_0_1_dist-info_licenses_LICENSE_txt docFile\nclass node_venv_lib_python3_12_site-packages_pip___init___py pythonFile\nclass node_venv_lib_python3_12_site-packages_pip___main___py pythonFile\nclass node_venv_lib_python3_12_site-packages_pip___pip-runner___py pythonFile\nclass node_venv_lib_python3_12_site-packages_pip_py_typed fileNode\nclass node_venv_lib_python3_12_site-packages_pip__internal___init___py pythonFile\nclass node_venv_lib_python3_12_site-packages_pip__internal_build_env_py pythonFile\nclass node_venv_lib_python3_12_site-packages_pip__internal_cache_py pythonFile\nclass node_venv_lib_python3_12_site-packages_pip__internal_configuration_py pythonFile\nclass node_venv_lib_python3_12_site-packages_pip__internal_exceptions_py pythonFile\nclass node_venv_lib_python3_12_site-packages_pip__internal_main_py pythonFile\nclass node_venv_lib_python3_12_site-packages_pip__internal_pyproject_py pythonFile\nclass node_venv_lib_python3_12_site-packages_pip__internal_self_outdated_check_py pythonFile\nclass node_venv_lib_python3_12_site-packages_pip__internal_wheel_builder_py pythonFile\nclass node_venv_lib_python3_12_site-packages_pip__internal_network___init___py pythonFile\nclass node_venv_lib_python3_12_site-packages_pip__internal_network_auth_py pythonFile\nclass node_venv_lib_python3_12_site-packages_pip__internal_network_cache_py pythonFile\nclass node_venv_lib_python3_12_site-packages_pip__internal_network_download_py pythonFile\nclass node_venv_lib_python3_12_site-packages_pip__internal_network_lazy_wheel_py pythonFile\nclass node_venv_lib_python3_12_site-packages_pip__internal_network_session_py pythonFile\nclass node_venv_lib_python3_12_site-packages_pip__internal_network_utils_py pythonFile\nclass node_venv_lib_python3_12_site-packages_pip__internal_network_xmlrpc_py pythonFile\nclass node_venv_lib_python3_12_site-packages_pip__internal_utils___init___py pythonFile\nclass node_venv_lib_python3_12_site-packages_pip__internal_utils__jaraco_text_py pythonFile\nclass node_venv_lib_python3_12_site-packages_pip__internal_utils__log_py pythonFile\nclass node_venv_lib_python3_12_site-packages_pip__internal_utils_appdirs_py pythonFile\nclass node_venv_lib_python3_12_site-packages_pip__internal_utils_compat_py pythonFile\nclass node_venv_lib_python3_12_site-packages_pip__internal_utils_compatibility_tags_py pythonFile\nclass node_venv_lib_python3_12_site-packages_pip__internal_utils_datetime_py pythonFile\nclass node_venv_lib_python3_12_site-packages_pip__internal_utils_deprecation_py pythonFile\nclass node_venv_lib_python3_12_site-packages_pip__internal_utils_direct_url_helpers_py pythonFile\nclass node_venv_lib_python3_12_site-packages_pip__internal_utils_egg_link_py pythonFile\nclass node_venv_lib_python3_12_site-packages_pip__internal_utils_entrypoints_py pythonFile\nclass node_venv_lib_python3_12_site-packages_pip__internal_utils_filesystem_py pythonFile\nclass node_venv_lib_python3_12_site-packages_pip__internal_utils_filetypes_py pythonFile\nclass node_venv_lib_python3_12_site-packages_pip__internal_utils_glibc_py pythonFile\nclass node_venv_lib_python3_12_site-packages_pip__internal_utils_hashes_py pythonFile\nclass node_venv_lib_python3_12_site-packages_pip__internal_utils_logging_py pythonFile\nclass node_venv_lib_python3_12_site-packages_pip__internal_utils_misc_py pythonFile\nclass node_venv_lib_python3_12_site-packages_pip__internal_utils_packaging_py pythonFile\nclass node_venv_lib_python3_12_site-packages_pip__internal_utils_retry_py pythonFile\nclass node_venv_lib_python3_12_site-packages_pip__internal_utils_setuptools_build_py pythonFile\nclass node_venv_lib_python3_12_site-packages_pip__internal_utils_subprocess_py pythonFile\nclass node_venv_lib_python3_12_site-packages_pip__internal_utils_temp_dir_py pythonFile\nclass node_venv_lib_python3_12_site-packages_pip__internal_utils_unpacking_py pythonFile\nclass node_venv_lib_python3_12_site-packages_pip__internal_utils_urls_py pythonFile\nclass node_venv_lib_python3_12_site-packages_pip__internal_utils_virtualenv_py pythonFile\nclass node_venv_lib_python3_12_site-packages_pip__internal_utils_wheel_py pythonFile\nclass node_venv_lib_python3_12_site-packages_pip__internal_models___init___py pythonFile\nclass node_venv_lib_python3_12_site-packages_pip__internal_models_candidate_py pythonFile\nclass node_venv_lib_python3_12_site-packages_pip__internal_models_direct_url_py pythonFile\nclass node_venv_lib_python3_12_site-packages_pip__internal_models_format_control_py pythonFile\nclass node_venv_lib_python3_12_site-packages_pip__internal_models_index_py pythonFile\nclass node_venv_lib_python3_12_site-packages_pip__internal_models_installation_report_py pythonFile\nclass node_venv_lib_python3_12_site-packages_pip__internal_models_link_py pythonFile\nclass node_venv_lib_python3_12_site-packages_pip__internal_models_scheme_py pythonFile\nclass node_venv_lib_python3_12_site-packages_pip__internal_models_search_scope_py pythonFile\nclass node_venv_lib_python3_12_site-packages_pip__internal_models_selection_prefs_py pythonFile\nclass node_venv_lib_python3_12_site-packages_pip__internal_models_target_python_py pythonFile\nclass node_venv_lib_python3_12_site-packages_pip__internal_models_wheel_py pythonFile\nclass node_venv_lib_python3_12_site-packages_pip__internal_cli___init___py pythonFile\nclass node_venv_lib_python3_12_site-packages_pip__internal_cli_autocompletion_py pythonFile\nclass node_venv_lib_python3_12_site-packages_pip__internal_cli_base_command_py pythonFile\nclass node_venv_lib_python3_12_site-packages_pip__internal_cli_cmdoptions_py pythonFile\nclass node_venv_lib_python3_12_site-packages_pip__internal_cli_command_context_py pythonFile\nclass node_venv_lib_python3_12_site-packages_pip__internal_cli_index_command_py pythonFile\nclass node_venv_lib_python3_12_site-packages_pip__internal_cli_main_py pythonFile\nclass node_venv_lib_python3_12_site-packages_pip__internal_cli_main_parser_py pythonFile\nclass node_venv_lib_python3_12_site-packages_pip__internal_cli_parser_py pythonFile\nclass node_venv_lib_python3_12_site-packages_pip__internal_cli_progress_bars_py pythonFile\nclass node_venv_lib_python3_12_site-packages_pip__internal_cli_req_command_py pythonFile\nclass node_venv_lib_python3_12_site-packages_pip__internal_cli_spinners_py pythonFile\nclass node_venv_lib_python3_12_site-packages_pip__internal_cli_status_codes_py pythonFile\nclass node_venv_lib_python3_12_site-packages_pip__internal_operations___init___py pythonFile\nclass node_venv_lib_python3_12_site-packages_pip__internal_operations_check_py pythonFile\nclass node_venv_lib_python3_12_site-packages_pip__internal_operations_freeze_py pythonFile\nclass node_venv_lib_python3_12_site-packages_pip__internal_operations_prepare_py pythonFile\nclass node_venv_lib_python3_12_site-packages_pip__internal_operations_install___init___py pythonFile\nclass node_venv_lib_python3_12_site-packages_pip__internal_operations_install_editable_legacy_py pythonFile\nclass node_venv_lib_python3_12_site-packages_pip__internal_operations_install_wheel_py pythonFile\nclass node_venv_lib_python3_12_site-packages_pip__internal_operations_build___init___py pythonFile\nclass node_venv_lib_python3_12_site-packages_pip__internal_operations_build_build_tracker_py pythonFile\nclass node_venv_lib_python3_12_site-packages_pip__internal_operations_build_metadata_py pythonFile\nclass node_venv_lib_python3_12_site-packages_pip__internal_operations_build_metadata_editable_py pythonFile\nclass node_venv_lib_python3_12_site-packages_pip__internal_operations_build_metadata_legacy_py pythonFile\nclass node_venv_lib_python3_12_site-packages_pip__internal_operations_build_wheel_py pythonFile\nclass node_venv_lib_python3_12_site-packages_pip__internal_operations_build_wheel_editable_py pythonFile\nclass node_venv_lib_python3_12_site-packages_pip__internal_operations_build_wheel_legacy_py pythonFile\nclass node_venv_lib_python3_12_site-packages_pip__internal_req___init___py pythonFile\nclass node_venv_lib_python3_12_site-packages_pip__internal_req_constructors_py pythonFile\nclass node_venv_lib_python3_12_site-packages_pip__internal_req_req_file_py pythonFile\nclass node_venv_lib_python3_12_site-packages_pip__internal_req_req_install_py pythonFile\nclass node_venv_lib_python3_12_site-packages_pip__internal_req_req_set_py pythonFile\nclass node_venv_lib_python3_12_site-packages_pip__internal_req_req_uninstall_py pythonFile\nclass node_venv_lib_python3_12_site-packages_pip__internal_resolution___init___py pythonFile\nclass node_venv_lib_python3_12_site-packages_pip__internal_resolution_base_py pythonFile\nclass node_venv_lib_python3_12_site-packages_pip__internal_resolution_legacy___init___py pythonFile\nclass node_venv_lib_python3_12_site-packages_pip__internal_resolution_legacy_resolver_py pythonFile\nclass node_venv_lib_python3_12_site-packages_pip__internal_resolution_resolvelib___init___py pythonFile\nclass node_venv_lib_python3_12_site-packages_pip__internal_resolution_resolvelib_base_py pythonFile\nclass node_venv_lib_python3_12_site-packages_pip__internal_resolution_resolvelib_candidates_py pythonFile\nclass node_venv_lib_python3_12_site-packages_pip__internal_resolution_resolvelib_factory_py pythonFile\nclass node_venv_lib_python3_12_site-packages_pip__internal_resolution_resolvelib_found_candidates_py pythonFile\nclass node_venv_lib_python3_12_site-packages_pip__internal_resolution_resolvelib_provider_py pythonFile\nclass node_venv_lib_python3_12_site-packages_pip__internal_resolution_resolvelib_reporter_py pythonFile\nclass node_venv_lib_python3_12_site-packages_pip__internal_resolution_resolvelib_requirements_py pythonFile\nclass node_venv_lib_python3_12_site-packages_pip__internal_resolution_resolvelib_resolver_py pythonFile\nclass node_venv_lib_python3_12_site-packages_pip__internal_vcs___init___py pythonFile\nclass node_venv_lib_python3_12_site-packages_pip__internal_vcs_bazaar_py pythonFile\nclass node_venv_lib_python3_12_site-packages_pip__internal_vcs_git_py pythonFile\nclass node_venv_lib_python3_12_site-packages_pip__internal_vcs_mercurial_py pythonFile\nclass node_venv_lib_python3_12_site-packages_pip__internal_vcs_subversion_py pythonFile\nclass node_venv_lib_python3_12_site-packages_pip__internal_vcs_versioncontrol_py pythonFile\nclass node_venv_lib_python3_12_site-packages_pip__internal_locations___init___py pythonFile\nclass node_venv_lib_python3_12_site-packages_pip__internal_locations__distutils_py pythonFile\nclass node_venv_lib_python3_12_site-packages_pip__internal_locations__sysconfig_py pythonFile\nclass node_venv_lib_python3_12_site-packages_pip__internal_locations_base_py pythonFile\nclass node_venv_lib_python3_12_site-packages_pip__internal_index___init___py pythonFile\nclass node_venv_lib_python3_12_site-packages_pip__internal_index_collector_py pythonFile\nclass node_venv_lib_python3_12_site-packages_pip__internal_index_package_finder_py pythonFile\nclass node_venv_lib_python3_12_site-packages_pip__internal_index_sources_py pythonFile\nclass node_venv_lib_python3_12_site-packages_pip__internal_commands___init___py pythonFile\nclass node_venv_lib_python3_12_site-packages_pip__internal_commands_cache_py pythonFile\nclass node_venv_lib_python3_12_site-packages_pip__internal_commands_check_py pythonFile\nclass node_venv_lib_python3_12_site-packages_pip__internal_commands_completion_py pythonFile\nclass node_venv_lib_python3_12_site-packages_pip__internal_commands_configuration_py pythonFile\nclass node_venv_lib_python3_12_site-packages_pip__internal_commands_debug_py pythonFile\nclass node_venv_lib_python3_12_site-packages_pip__internal_commands_download_py pythonFile\nclass node_venv_lib_python3_12_site-packages_pip__internal_commands_freeze_py pythonFile\nclass node_venv_lib_python3_12_site-packages_pip__internal_commands_hash_py pythonFile\nclass node_venv_lib_python3_12_site-packages_pip__internal_commands_help_py pythonFile\nclass node_venv_lib_python3_12_site-packages_pip__internal_commands_index_py pythonFile\nclass node_venv_lib_python3_12_site-packages_pip__internal_commands_inspect_py pythonFile\nclass node_venv_lib_python3_12_site-packages_pip__internal_commands_install_py pythonFile\nclass node_venv_lib_python3_12_site-packages_pip__internal_commands_list_py pythonFile\nclass node_venv_lib_python3_12_site-packages_pip__internal_commands_search_py pythonFile\nclass node_venv_lib_python3_12_site-packages_pip__internal_commands_show_py pythonFile\nclass node_venv_lib_python3_12_site-packages_pip__internal_commands_uninstall_py pythonFile\nclass node_venv_lib_python3_12_site-packages_pip__internal_commands_wheel_py pythonFile\nclass node_venv_lib_python3_12_site-packages_pip__internal_metadata___init___py pythonFile\nclass node_venv_lib_python3_12_site-packages_pip__internal_metadata__json_py pythonFile\nclass node_venv_lib_python3_12_site-packages_pip__internal_metadata_base_py pythonFile\nclass node_venv_lib_python3_12_site-packages_pip__internal_metadata_pkg_resources_py pythonFile\nclass node_venv_lib_python3_12_site-packages_pip__internal_metadata_importlib___init___py pythonFile\nclass node_venv_lib_python3_12_site-packages_pip__internal_metadata_importlib__compat_py pythonFile\nclass node_venv_lib_python3_12_site-packages_pip__internal_metadata_importlib__dists_py pythonFile\nclass node_venv_lib_python3_12_site-packages_pip__internal_metadata_importlib__envs_py pythonFile\nclass node_venv_lib_python3_12_site-packages_pip__internal_distributions___init___py pythonFile\nclass node_venv_lib_python3_12_site-packages_pip__internal_distributions_base_py pythonFile\nclass node_venv_lib_python3_12_site-packages_pip__internal_distributions_installed_py pythonFile\nclass node_venv_lib_python3_12_site-packages_pip__internal_distributions_sdist_py pythonFile\nclass node_venv_lib_python3_12_site-packages_pip__internal_distributions_wheel_py pythonFile\nclass node_venv_lib_python3_12_site-packages_pip__vendor___init___py pythonFile\nclass node_venv_lib_python3_12_site-packages_pip__vendor_typing_extensions_py pythonFile\nclass node_venv_lib_python3_12_site-packages_pip__vendor_vendor_txt docFile\nclass node_venv_lib_python3_12_site-packages_pip__vendor_packaging___init___py pythonFile\nclass node_venv_lib_python3_12_site-packages_pip__vendor_packaging__elffile_py pythonFile\nclass node_venv_lib_python3_12_site-packages_pip__vendor_packaging__manylinux_py pythonFile\nclass node_venv_lib_python3_12_site-packages_pip__vendor_packaging__musllinux_py pythonFile\nclass node_venv_lib_python3_12_site-packages_pip__vendor_packaging__parser_py pythonFile\nclass node_venv_lib_python3_12_site-packages_pip__vendor_packaging__structures_py pythonFile\nclass node_venv_lib_python3_12_site-packages_pip__vendor_packaging__tokenizer_py pythonFile\nclass node_venv_lib_python3_12_site-packages_pip__vendor_packaging_markers_py pythonFile\nclass node_venv_lib_python3_12_site-packages_pip__vendor_packaging_metadata_py pythonFile\nclass node_venv_lib_python3_12_site-packages_pip__vendor_packaging_py_typed fileNode\nclass node_venv_lib_python3_12_site-packages_pip__vendor_packaging_requirements_py pythonFile\nclass node_venv_lib_python3_12_site-packages_pip__vendor_packaging_specifiers_py pythonFile\nclass node_venv_lib_python3_12_site-packages_pip__vendor_packaging_tags_py pythonFile\nclass node_venv_lib_python3_12_site-packages_pip__vendor_packaging_utils_py pythonFile\nclass node_venv_lib_python3_12_site-packages_pip__vendor_packaging_version_py pythonFile\nclass node_venv_lib_python3_12_site-packages_pip__vendor_packaging_licenses___init___py pythonFile\nclass node_venv_lib_python3_12_site-packages_pip__vendor_packaging_licenses__spdx_py pythonFile\nclass node_venv_lib_python3_12_site-packages_pip__vendor_truststore___init___py pythonFile\nclass node_venv_lib_python3_12_site-packages_pip__vendor_truststore__api_py pythonFile\nclass node_venv_lib_python3_12_site-packages_pip__vendor_truststore__macos_py pythonFile\nclass node_venv_lib_python3_12_site-packages_pip__vendor_truststore__openssl_py pythonFile\nclass node_venv_lib_python3_12_site-packages_pip__vendor_truststore__ssl_constants_py pythonFile\nclass node_venv_lib_python3_12_site-packages_pip__vendor_truststore__windows_py pythonFile\nclass node_venv_lib_python3_12_site-packages_pip__vendor_truststore_py_typed fileNode\nclass node_venv_lib_python3_12_site-packages_pip__vendor_msgpack___init___py pythonFile\nclass node_venv_lib_python3_12_site-packages_pip__vendor_msgpack_exceptions_py pythonFile\nclass node_venv_lib_python3_12_site-packages_pip__vendor_msgpack_ext_py pythonFile\nclass node_venv_lib_python3_12_site-packages_pip__vendor_msgpack_fallback_py pythonFile\nclass node_venv_lib_python3_12_site-packages_pip__vendor_pygments___init___py pythonFile\nclass node_venv_lib_python3_12_site-packages_pip__vendor_pygments___main___py pythonFile\nclass node_venv_lib_python3_12_site-packages_pip__vendor_pygments_cmdline_py pythonFile\nclass node_venv_lib_python3_12_site-packages_pip__vendor_pygments_console_py pythonFile\nclass node_venv_lib_python3_12_site-packages_pip__vendor_pygments_filter_py pythonFile\nclass node_venv_lib_python3_12_site-packages_pip__vendor_pygments_formatter_py pythonFile\nclass node_venv_lib_python3_12_site-packages_pip__vendor_pygments_lexer_py pythonFile\nclass node_venv_lib_python3_12_site-packages_pip__vendor_pygments_modeline_py pythonFile\nclass node_venv_lib_python3_12_site-packages_pip__vendor_pygments_plugin_py pythonFile\nclass node_venv_lib_python3_12_site-packages_pip__vendor_pygments_regexopt_py pythonFile\nclass node_venv_lib_python3_12_site-packages_pip__vendor_pygments_scanner_py pythonFile\nclass node_venv_lib_python3_12_site-packages_pip__vendor_pygments_sphinxext_py pythonFile\nclass node_venv_lib_python3_12_site-packages_pip__vendor_pygments_style_py pythonFile\nclass node_venv_lib_python3_12_site-packages_pip__vendor_pygments_token_py pythonFile\nclass node_venv_lib_python3_12_site-packages_pip__vendor_pygments_unistring_py pythonFile\nclass node_venv_lib_python3_12_site-packages_pip__vendor_pygments_util_py pythonFile\nclass node_venv_lib_python3_12_site-packages_pip__vendor_pygments_filters___init___py pythonFile\nclass node_venv_lib_python3_12_site-packages_pip__vendor_pygments_lexers___init___py pythonFile\nclass node_venv_lib_python3_12_site-packages_pip__vendor_pygments_lexers__mapping_py pythonFile\nclass node_venv_lib_python3_12_site-packages_pip__vendor_pygments_lexers_python_py pythonFile\nclass node_venv_lib_python3_12_site-packages_pip__vendor_pygments_formatters___init___py pythonFile\nclass node_venv_lib_python3_12_site-packages_pip__vendor_pygments_formatters__mapping_py pythonFile\nclass node_venv_lib_python3_12_site-packages_pip__vendor_pygments_formatters_bbcode_py pythonFile\nclass node_venv_lib_python3_12_site-packages_pip__vendor_pygments_formatters_groff_py pythonFile\nclass node_venv_lib_python3_12_site-packages_pip__vendor_pygments_formatters_html_py pythonFile\nclass node_venv_lib_python3_12_site-packages_pip__vendor_pygments_formatters_img_py pythonFile\nclass node_venv_lib_python3_12_site-packages_pip__vendor_pygments_formatters_irc_py pythonFile\nclass node_venv_lib_python3_12_site-packages_pip__vendor_pygments_formatters_latex_py pythonFile\nclass node_venv_lib_python3_12_site-packages_pip__vendor_pygments_formatters_other_py pythonFile\nclass node_venv_lib_python3_12_site-packages_pip__vendor_pygments_formatters_pangomarkup_py pythonFile\nclass node_venv_lib_python3_12_site-packages_pip__vendor_pygments_formatters_rtf_py pythonFile\nclass node_venv_lib_python3_12_site-packages_pip__vendor_pygments_formatters_svg_py pythonFile\nclass node_venv_lib_python3_12_site-packages_pip__vendor_pygments_formatters_terminal_py pythonFile\nclass node_venv_lib_python3_12_site-packages_pip__vendor_pygments_formatters_terminal256_py pythonFile\nclass node_venv_lib_python3_12_site-packages_pip__vendor_pygments_styles___init___py pythonFile\nclass node_venv_lib_python3_12_site-packages_pip__vendor_pygments_styles__mapping_py pythonFile\nclass node_venv_lib_python3_12_site-packages_pip__vendor_distlib___init___py pythonFile\nclass node_venv_lib_python3_12_site-packages_pip__vendor_distlib_compat_py pythonFile\nclass node_venv_lib_python3_12_site-packages_pip__vendor_distlib_database_py pythonFile\nclass node_venv_lib_python3_12_site-packages_pip__vendor_distlib_index_py pythonFile\nclass node_venv_lib_python3_12_site-packages_pip__vendor_distlib_locators_py pythonFile\nclass node_venv_lib_python3_12_site-packages_pip__vendor_distlib_manifest_py pythonFile\nclass node_venv_lib_python3_12_site-packages_pip__vendor_distlib_markers_py pythonFile\nclass node_venv_lib_python3_12_site-packages_pip__vendor_distlib_metadata_py pythonFile\nclass node_venv_lib_python3_12_site-packages_pip__vendor_distlib_resources_py pythonFile\nclass node_venv_lib_python3_12_site-packages_pip__vendor_distlib_scripts_py pythonFile\nclass node_venv_lib_python3_12_site-packages_pip__vendor_distlib_t32_exe fileNode\nclass node_venv_lib_python3_12_site-packages_pip__vendor_distlib_t64-arm_exe fileNode\nclass node_venv_lib_python3_12_site-packages_pip__vendor_distlib_t64_exe fileNode\nclass node_venv_lib_python3_12_site-packages_pip__vendor_distlib_util_py pythonFile\nclass node_venv_lib_python3_12_site-packages_pip__vendor_distlib_version_py pythonFile\nclass node_venv_lib_python3_12_site-packages_pip__vendor_distlib_w32_exe fileNode\nclass node_venv_lib_python3_12_site-packages_pip__vendor_distlib_w64-arm_exe fileNode\nclass node_venv_lib_python3_12_site-packages_pip__vendor_distlib_w64_exe fileNode\nclass node_venv_lib_python3_12_site-packages_pip__vendor_distlib_wheel_py pythonFile\nclass node_venv_lib_python3_12_site-packages_pip__vendor_distro___init___py pythonFile\nclass node_venv_lib_python3_12_site-packages_pip__vendor_distro___main___py pythonFile\nclass node_venv_lib_python3_12_site-packages_pip__vendor_distro_distro_py pythonFile\nclass node_venv_lib_python3_12_site-packages_pip__vendor_distro_py_typed fileNode\nclass node_venv_lib_python3_12_site-packages_pip__vendor_cachecontrol___init___py pythonFile\nclass node_venv_lib_python3_12_site-packages_pip__vendor_cachecontrol__cmd_py pythonFile\nclass node_venv_lib_python3_12_site-packages_pip__vendor_cachecontrol_adapter_py pythonFile\nclass node_venv_lib_python3_12_site-packages_pip__vendor_cachecontrol_cache_py pythonFile\nclass node_venv_lib_python3_12_site-packages_pip__vendor_cachecontrol_controller_py pythonFile\nclass node_venv_lib_python3_12_site-packages_pip__vendor_cachecontrol_filewrapper_py pythonFile\nclass node_venv_lib_python3_12_site-packages_pip__vendor_cachecontrol_heuristics_py pythonFile\nclass node_venv_lib_python3_12_site-packages_pip__vendor_cachecontrol_py_typed fileNode\nclass node_venv_lib_python3_12_site-packages_pip__vendor_cachecontrol_serialize_py pythonFile\nclass node_venv_lib_python3_12_site-packages_pip__vendor_cachecontrol_wrapper_py pythonFile\nclass node_venv_lib_python3_12_site-packages_pip__vendor_cachecontrol_caches___init___py pythonFile\nclass node_venv_lib_python3_12_site-packages_pip__vendor_cachecontrol_caches_file_cache_py pythonFile\nclass node_venv_lib_python3_12_site-packages_pip__vendor_cachecontrol_caches_redis_cache_py pythonFile\nclass node_venv_lib_python3_12_site-packages_pip__vendor_idna___init___py pythonFile\nclass node_venv_lib_python3_12_site-packages_pip__vendor_idna_codec_py pythonFile\nclass node_venv_lib_python3_12_site-packages_pip__vendor_idna_compat_py pythonFile\nclass node_venv_lib_python3_12_site-packages_pip__vendor_idna_core_py pythonFile\nclass node_venv_lib_python3_12_site-packages_pip__vendor_idna_idnadata_py pythonFile\nclass node_venv_lib_python3_12_site-packages_pip__vendor_idna_intranges_py pythonFile\nclass node_venv_lib_python3_12_site-packages_pip__vendor_idna_package_data_py pythonFile\nclass node_venv_lib_python3_12_site-packages_pip__vendor_idna_py_typed fileNode\nclass node_venv_lib_python3_12_site-packages_pip__vendor_idna_uts46data_py pythonFile\nclass node_venv_lib_python3_12_site-packages_pip__vendor_requests___init___py pythonFile\nclass node_venv_lib_python3_12_site-packages_pip__vendor_requests___version___py pythonFile\nclass node_venv_lib_python3_12_site-packages_pip__vendor_requests__internal_utils_py pythonFile\nclass node_venv_lib_python3_12_site-packages_pip__vendor_requests_adapters_py pythonFile\nclass node_venv_lib_python3_12_site-packages_pip__vendor_requests_api_py pythonFile\nclass node_venv_lib_python3_12_site-packages_pip__vendor_requests_auth_py pythonFile\nclass node_venv_lib_python3_12_site-packages_pip__vendor_requests_certs_py pythonFile\nclass node_venv_lib_python3_12_site-packages_pip__vendor_requests_compat_py pythonFile\nclass node_venv_lib_python3_12_site-packages_pip__vendor_requests_cookies_py pythonFile\nclass node_venv_lib_python3_12_site-packages_pip__vendor_requests_exceptions_py pythonFile\nclass node_venv_lib_python3_12_site-packages_pip__vendor_requests_help_py pythonFile\nclass node_venv_lib_python3_12_site-packages_pip__vendor_requests_hooks_py pythonFile\nclass node_venv_lib_python3_12_site-packages_pip__vendor_requests_models_py pythonFile\nclass node_venv_lib_python3_12_site-packages_pip__vendor_requests_packages_py pythonFile\nclass node_venv_lib_python3_12_site-packages_pip__vendor_requests_sessions_py pythonFile\nclass node_venv_lib_python3_12_site-packages_pip__vendor_requests_status_codes_py pythonFile\nclass node_venv_lib_python3_12_site-packages_pip__vendor_requests_structures_py pythonFile\nclass node_venv_lib_python3_12_site-packages_pip__vendor_requests_utils_py pythonFile\nclass node_venv_lib_python3_12_site-packages_pip__vendor_tomli___init___py pythonFile\nclass node_venv_lib_python3_12_site-packages_pip__vendor_tomli__parser_py pythonFile\nclass node_venv_lib_python3_12_site-packages_pip__vendor_tomli__re_py pythonFile\nclass node_venv_lib_python3_12_site-packages_pip__vendor_tomli__types_py pythonFile\nclass node_venv_lib_python3_12_site-packages_pip__vendor_tomli_py_typed fileNode\nclass node_venv_lib_python3_12_site-packages_pip__vendor_certifi___init___py pythonFile\nclass node_venv_lib_python3_12_site-packages_pip__vendor_certifi___main___py pythonFile\nclass node_venv_lib_python3_12_site-packages_pip__vendor_certifi_cacert_pem fileNode\nclass node_venv_lib_python3_12_site-packages_pip__vendor_certifi_core_py pythonFile\nclass node_venv_lib_python3_12_site-packages_pip__vendor_certifi_py_typed fileNode\nclass node_venv_lib_python3_12_site-packages_pip__vendor_pyproject_hooks___init___py pythonFile\nclass node_venv_lib_python3_12_site-packages_pip__vendor_pyproject_hooks__impl_py pythonFile\nclass node_venv_lib_python3_12_site-packages_pip__vendor_pyproject_hooks_py_typed fileNode\nclass node_venv_lib_python3_12_site-packages_pip__vendor_pyproject_hooks__in_process___init___py pythonFile\nclass node_venv_lib_python3_12_site-packages_pip__vendor_pyproject_hooks__in_process__in_process_py pythonFile\nclass node_venv_lib_python3_12_site-packages_pip__vendor_rich___init___py pythonFile\nclass node_venv_lib_python3_12_site-packages_pip__vendor_rich___main___py pythonFile\nclass node_venv_lib_python3_12_site-packages_pip__vendor_rich__cell_widths_py pythonFile\nclass node_venv_lib_python3_12_site-packages_pip__vendor_rich__emoji_codes_py pythonFile\nclass node_venv_lib_python3_12_site-packages_pip__vendor_rich__emoji_replace_py pythonFile\nclass node_venv_lib_python3_12_site-packages_pip__vendor_rich__export_format_py pythonFile\nclass node_venv_lib_python3_12_site-packages_pip__vendor_rich__extension_py pythonFile\nclass node_venv_lib_python3_12_site-packages_pip__vendor_rich__fileno_py pythonFile\nclass node_venv_lib_python3_12_site-packages_pip__vendor_rich__inspect_py pythonFile\nclass node_venv_lib_python3_12_site-packages_pip__vendor_rich__log_render_py pythonFile\nclass node_venv_lib_python3_12_site-packages_pip__vendor_rich__loop_py pythonFile\nclass node_venv_lib_python3_12_site-packages_pip__vendor_rich__null_file_py pythonFile\nclass node_venv_lib_python3_12_site-packages_pip__vendor_rich__palettes_py pythonFile\nclass node_venv_lib_python3_12_site-packages_pip__vendor_rich__pick_py pythonFile\nclass node_venv_lib_python3_12_site-packages_pip__vendor_rich__ratio_py pythonFile\nclass node_venv_lib_python3_12_site-packages_pip__vendor_rich__spinners_py pythonFile\nclass node_venv_lib_python3_12_site-packages_pip__vendor_rich__stack_py pythonFile\nclass node_venv_lib_python3_12_site-packages_pip__vendor_rich__timer_py pythonFile\nclass node_venv_lib_python3_12_site-packages_pip__vendor_rich__win32_console_py pythonFile\nclass node_venv_lib_python3_12_site-packages_pip__vendor_rich__windows_py pythonFile\nclass node_venv_lib_python3_12_site-packages_pip__vendor_rich__windows_renderer_py pythonFile\nclass node_venv_lib_python3_12_site-packages_pip__vendor_rich__wrap_py pythonFile\nclass node_venv_lib_python3_12_site-packages_pip__vendor_rich_abc_py pythonFile\nclass node_venv_lib_python3_12_site-packages_pip__vendor_rich_align_py pythonFile\nclass node_venv_lib_python3_12_site-packages_pip__vendor_rich_ansi_py pythonFile\nclass node_venv_lib_python3_12_site-packages_pip__vendor_rich_bar_py pythonFile\nclass node_venv_lib_python3_12_site-packages_pip__vendor_rich_box_py pythonFile\nclass node_venv_lib_python3_12_site-packages_pip__vendor_rich_cells_py pythonFile\nclass node_venv_lib_python3_12_site-packages_pip__vendor_rich_color_py pythonFile\nclass node_venv_lib_python3_12_site-packages_pip__vendor_rich_color_triplet_py pythonFile\nclass node_venv_lib_python3_12_site-packages_pip__vendor_rich_columns_py pythonFile\nclass node_venv_lib_python3_12_site-packages_pip__vendor_rich_console_py pythonFile\nclass node_venv_lib_python3_12_site-packages_pip__vendor_rich_constrain_py pythonFile\nclass node_venv_lib_python3_12_site-packages_pip__vendor_rich_containers_py pythonFile\nclass node_venv_lib_python3_12_site-packages_pip__vendor_rich_control_py pythonFile\nclass node_venv_lib_python3_12_site-packages_pip__vendor_rich_default_styles_py pythonFile\nclass node_venv_lib_python3_12_site-packages_pip__vendor_rich_diagnose_py pythonFile\nclass node_venv_lib_python3_12_site-packages_pip__vendor_rich_emoji_py pythonFile\nclass node_venv_lib_python3_12_site-packages_pip__vendor_rich_errors_py pythonFile\nclass node_venv_lib_python3_12_site-packages_pip__vendor_rich_file_proxy_py pythonFile\nclass node_venv_lib_python3_12_site-packages_pip__vendor_rich_filesize_py pythonFile\nclass node_venv_lib_python3_12_site-packages_pip__vendor_rich_highlighter_py pythonFile\nclass node_venv_lib_python3_12_site-packages_pip__vendor_rich_json_py pythonFile\nclass node_venv_lib_python3_12_site-packages_pip__vendor_rich_jupyter_py pythonFile\nclass node_venv_lib_python3_12_site-packages_pip__vendor_rich_layout_py pythonFile\nclass node_venv_lib_python3_12_site-packages_pip__vendor_rich_live_py pythonFile\nclass node_venv_lib_python3_12_site-packages_pip__vendor_rich_live_render_py pythonFile\nclass node_venv_lib_python3_12_site-packages_pip__vendor_rich_logging_py pythonFile\nclass node_venv_lib_python3_12_site-packages_pip__vendor_rich_markup_py pythonFile\nclass node_venv_lib_python3_12_site-packages_pip__vendor_rich_measure_py pythonFile\nclass node_venv_lib_python3_12_site-packages_pip__vendor_rich_padding_py pythonFile\nclass node_venv_lib_python3_12_site-packages_pip__vendor_rich_pager_py pythonFile\nclass node_venv_lib_python3_12_site-packages_pip__vendor_rich_palette_py pythonFile\nclass node_venv_lib_python3_12_site-packages_pip__vendor_rich_panel_py pythonFile\nclass node_venv_lib_python3_12_site-packages_pip__vendor_rich_pretty_py pythonFile\nclass node_venv_lib_python3_12_site-packages_pip__vendor_rich_progress_py pythonFile\nclass node_venv_lib_python3_12_site-packages_pip__vendor_rich_progress_bar_py pythonFile\nclass node_venv_lib_python3_12_site-packages_pip__vendor_rich_prompt_py pythonFile\nclass node_venv_lib_python3_12_site-packages_pip__vendor_rich_protocol_py pythonFile\nclass node_venv_lib_python3_12_site-packages_pip__vendor_rich_py_typed fileNode\nclass node_venv_lib_python3_12_site-packages_pip__vendor_rich_region_py pythonFile\nclass node_venv_lib_python3_12_site-packages_pip__vendor_rich_repr_py pythonFile\nclass node_venv_lib_python3_12_site-packages_pip__vendor_rich_rule_py pythonFile\nclass node_venv_lib_python3_12_site-packages_pip__vendor_rich_scope_py pythonFile\nclass node_venv_lib_python3_12_site-packages_pip__vendor_rich_screen_py pythonFile\nclass node_venv_lib_python3_12_site-packages_pip__vendor_rich_segment_py pythonFile\nclass node_venv_lib_python3_12_site-packages_pip__vendor_rich_spinner_py pythonFile\nclass node_venv_lib_python3_12_site-packages_pip__vendor_rich_status_py pythonFile\nclass node_venv_lib_python3_12_site-packages_pip__vendor_rich_style_py pythonFile\nclass node_venv_lib_python3_12_site-packages_pip__vendor_rich_styled_py pythonFile\nclass node_venv_lib_python3_12_site-packages_pip__vendor_rich_syntax_py pythonFile\nclass node_venv_lib_python3_12_site-packages_pip__vendor_rich_table_py pythonFile\nclass node_venv_lib_python3_12_site-packages_pip__vendor_rich_terminal_theme_py pythonFile\nclass node_venv_lib_python3_12_site-packages_pip__vendor_rich_text_py pythonFile\nclass node_venv_lib_python3_12_site-packages_pip__vendor_rich_theme_py pythonFile\nclass node_venv_lib_python3_12_site-packages_pip__vendor_rich_themes_py pythonFile\nclass node_venv_lib_python3_12_site-packages_pip__vendor_rich_traceback_py pythonFile\nclass node_venv_lib_python3_12_site-packages_pip__vendor_rich_tree_py pythonFile\nclass node_venv_lib_python3_12_site-packages_pip__vendor_urllib3___init___py pythonFile\nclass node_venv_lib_python3_12_site-packages_pip__vendor_urllib3__collections_py pythonFile\nclass node_venv_lib_python3_12_site-packages_pip__vendor_urllib3__version_py pythonFile\nclass node_venv_lib_python3_12_site-packages_pip__vendor_urllib3_connection_py pythonFile\nclass node_venv_lib_python3_12_site-packages_pip__vendor_urllib3_connectionpool_py pythonFile\nclass node_venv_lib_python3_12_site-packages_pip__vendor_urllib3_exceptions_py pythonFile\nclass node_venv_lib_python3_12_site-packages_pip__vendor_urllib3_fields_py pythonFile\nclass node_venv_lib_python3_12_site-packages_pip__vendor_urllib3_filepost_py pythonFile\nclass node_venv_lib_python3_12_site-packages_pip__vendor_urllib3_poolmanager_py pythonFile\nclass node_venv_lib_python3_12_site-packages_pip__vendor_urllib3_request_py pythonFile\nclass node_venv_lib_python3_12_site-packages_pip__vendor_urllib3_response_py pythonFile\nclass node_venv_lib_python3_12_site-packages_pip__vendor_urllib3_util___init___py pythonFile\nclass node_venv_lib_python3_12_site-packages_pip__vendor_urllib3_util_connection_py pythonFile\nclass node_venv_lib_python3_12_site-packages_pip__vendor_urllib3_util_proxy_py pythonFile\nclass node_venv_lib_python3_12_site-packages_pip__vendor_urllib3_util_queue_py pythonFile\nclass node_venv_lib_python3_12_site-packages_pip__vendor_urllib3_util_request_py pythonFile\nclass node_venv_lib_python3_12_site-packages_pip__vendor_urllib3_util_response_py pythonFile\nclass node_venv_lib_python3_12_site-packages_pip__vendor_urllib3_util_retry_py pythonFile\nclass node_venv_lib_python3_12_site-packages_pip__vendor_urllib3_util_ssl__py pythonFile\nclass node_venv_lib_python3_12_site-packages_pip__vendor_urllib3_util_ssl_match_hostname_py pythonFile\nclass node_venv_lib_python3_12_site-packages_pip__vendor_urllib3_util_ssltransport_py pythonFile\nclass node_venv_lib_python3_12_site-packages_pip__vendor_urllib3_util_timeout_py pythonFile\nclass node_venv_lib_python3_12_site-packages_pip__vendor_urllib3_util_url_py pythonFile\nclass node_venv_lib_python3_12_site-packages_pip__vendor_urllib3_util_wait_py pythonFile\nclass node_venv_lib_python3_12_site-packages_pip__vendor_urllib3_contrib___init___py pythonFile\nclass node_venv_lib_python3_12_site-packages_pip__vendor_urllib3_contrib__appengine_environ_py pythonFile\nclass node_venv_lib_python3_12_site-packages_pip__vendor_urllib3_contrib_appengine_py pythonFile\nclass node_venv_lib_python3_12_site-packages_pip__vendor_urllib3_contrib_ntlmpool_py pythonFile\nclass node_venv_lib_python3_12_site-packages_pip__vendor_urllib3_contrib_pyopenssl_py pythonFile\nclass node_venv_lib_python3_12_site-packages_pip__vendor_urllib3_contrib_securetransport_py pythonFile\nclass node_venv_lib_python3_12_site-packages_pip__vendor_urllib3_contrib_socks_py pythonFile\nclass node_venv_lib_python3_12_site-packages_pip__vendor_urllib3_contrib__securetransport___init___py pythonFile\nclass node_venv_lib_python3_12_site-packages_pip__vendor_urllib3_contrib__securetransport_bindings_py pythonFile\nclass node_venv_lib_python3_12_site-packages_pip__vendor_urllib3_contrib__securetransport_low_level_py pythonFile\nclass node_venv_lib_python3_12_site-packages_pip__vendor_urllib3_packages___init___py pythonFile\nclass node_venv_lib_python3_12_site-packages_pip__vendor_urllib3_packages_six_py pythonFile\nclass node_venv_lib_python3_12_site-packages_pip__vendor_urllib3_packages_backports___init___py pythonFile\nclass node_venv_lib_python3_12_site-packages_pip__vendor_urllib3_packages_backports_makefile_py pythonFile\nclass node_venv_lib_python3_12_site-packages_pip__vendor_urllib3_packages_backports_weakref_finalize_py pythonFile\nclass node_venv_lib_python3_12_site-packages_pip__vendor_pkg_resources___init___py pythonFile\nclass node_venv_lib_python3_12_site-packages_pip__vendor_resolvelib___init___py pythonFile\nclass node_venv_lib_python3_12_site-packages_pip__vendor_resolvelib_providers_py pythonFile\nclass node_venv_lib_python3_12_site-packages_pip__vendor_resolvelib_py_typed fileNode\nclass node_venv_lib_python3_12_site-packages_pip__vendor_resolvelib_reporters_py pythonFile\nclass node_venv_lib_python3_12_site-packages_pip__vendor_resolvelib_resolvers_py pythonFile\nclass node_venv_lib_python3_12_site-packages_pip__vendor_resolvelib_structs_py pythonFile\nclass node_venv_lib_python3_12_site-packages_pip__vendor_resolvelib_compat___init___py pythonFile\nclass node_venv_lib_python3_12_site-packages_pip__vendor_resolvelib_compat_collections_abc_py pythonFile\nclass node_venv_lib_python3_12_site-packages_pip__vendor_platformdirs___init___py pythonFile\nclass node_venv_lib_python3_12_site-packages_pip__vendor_platformdirs___main___py pythonFile\nclass node_venv_lib_python3_12_site-packages_pip__vendor_platformdirs_android_py pythonFile\nclass node_venv_lib_python3_12_site-packages_pip__vendor_platformdirs_api_py pythonFile\nclass node_venv_lib_python3_12_site-packages_pip__vendor_platformdirs_macos_py pythonFile\nclass node_venv_lib_python3_12_site-packages_pip__vendor_platformdirs_py_typed fileNode\nclass node_venv_lib_python3_12_site-packages_pip__vendor_platformdirs_unix_py pythonFile\nclass node_venv_lib_python3_12_site-packages_pip__vendor_platformdirs_version_py pythonFile\nclass node_venv_lib_python3_12_site-packages_pip__vendor_platformdirs_windows_py pythonFile\nclass node_venv_lib_python3_12_site-packages_pyqt6_qt6-6_10_2_dist-info_INSTALLER fileNode\nclass node_venv_lib_python3_12_site-packages_pyqt6_qt6-6_10_2_dist-info_LICENSE fileNode\nclass node_venv_lib_python3_12_site-packages_pyqt6_qt6-6_10_2_dist-info_METADATA fileNode\nclass node_venv_lib_python3_12_site-packages_pyqt6_qt6-6_10_2_dist-info_RECORD fileNode\nclass node_venv_lib_python3_12_site-packages_pyqt6_qt6-6_10_2_dist-info_WHEEL fileNode\nclass node_venv_lib_python3_12_site-packages_pyqt6_sip-13_11_0_dist-info_INSTALLER fileNode\nclass node_venv_lib_python3_12_site-packages_pyqt6_sip-13_11_0_dist-info_METADATA fileNode\nclass node_venv_lib_python3_12_site-packages_pyqt6_sip-13_11_0_dist-info_RECORD fileNode\nclass node_venv_lib_python3_12_site-packages_pyqt6_sip-13_11_0_dist-info_WHEEL fileNode\nclass node_venv_lib_python3_12_site-packages_pyqt6_sip-13_11_0_dist-info_top_level_txt docFile\nclass node_venv_lib_python3_12_site-packages_pyqt6_sip-13_11_0_dist-info_licenses_LICENSE fileNode\nclass node_venv_lib_python3_12_site-packages_PyQt6_QtBluetooth_abi3_so fileNode\nclass node_venv_lib_python3_12_site-packages_PyQt6_QtBluetooth_pyi fileNode\nclass node_venv_lib_python3_12_site-packages_PyQt6_QtCore_abi3_so fileNode\nclass node_venv_lib_python3_12_site-packages_PyQt6_QtCore_pyi fileNode\nclass node_venv_lib_python3_12_site-packages_PyQt6_QtDBus_abi3_so fileNode\nclass node_venv_lib_python3_12_site-packages_PyQt6_QtDBus_pyi fileNode\nclass node_venv_lib_python3_12_site-packages_PyQt6_QtDesigner_abi3_so fileNode\nclass node_venv_lib_python3_12_site-packages_PyQt6_QtDesigner_pyi fileNode\nclass node_venv_lib_python3_12_site-packages_PyQt6_QtGui_abi3_so fileNode\nclass node_venv_lib_python3_12_site-packages_PyQt6_QtGui_pyi fileNode\nclass node_venv_lib_python3_12_site-packages_PyQt6_QtHelp_abi3_so fileNode\nclass node_venv_lib_python3_12_site-packages_PyQt6_QtHelp_pyi fileNode\nclass node_venv_lib_python3_12_site-packages_PyQt6_QtMultimedia_abi3_so fileNode\nclass node_venv_lib_python3_12_site-packages_PyQt6_QtMultimedia_pyi fileNode\nclass node_venv_lib_python3_12_site-packages_PyQt6_QtMultimediaWidgets_abi3_so fileNode\nclass node_venv_lib_python3_12_site-packages_PyQt6_QtMultimediaWidgets_pyi fileNode\nclass node_venv_lib_python3_12_site-packages_PyQt6_QtNetwork_abi3_so fileNode\nclass node_venv_lib_python3_12_site-packages_PyQt6_QtNetwork_pyi fileNode\nclass node_venv_lib_python3_12_site-packages_PyQt6_QtNfc_abi3_so fileNode\nclass node_venv_lib_python3_12_site-packages_PyQt6_QtNfc_pyi fileNode\nclass node_venv_lib_python3_12_site-packages_PyQt6_QtOpenGL_abi3_so fileNode\nclass node_venv_lib_python3_12_site-packages_PyQt6_QtOpenGL_pyi fileNode\nclass node_venv_lib_python3_12_site-packages_PyQt6_QtOpenGLWidgets_abi3_so fileNode\nclass node_venv_lib_python3_12_site-packages_PyQt6_QtOpenGLWidgets_pyi fileNode\nclass node_venv_lib_python3_12_site-packages_PyQt6_QtPdf_abi3_so fileNode\nclass node_venv_lib_python3_12_site-packages_PyQt6_QtPdf_pyi fileNode\nclass node_venv_lib_python3_12_site-packages_PyQt6_QtPdfWidgets_abi3_so fileNode\nclass node_venv_lib_python3_12_site-packages_PyQt6_QtPdfWidgets_pyi fileNode\nclass node_venv_lib_python3_12_site-packages_PyQt6_QtPositioning_abi3_so fileNode\nclass node_venv_lib_python3_12_site-packages_PyQt6_QtPositioning_pyi fileNode\nclass node_venv_lib_python3_12_site-packages_PyQt6_QtPrintSupport_abi3_so fileNode\nclass node_venv_lib_python3_12_site-packages_PyQt6_QtPrintSupport_pyi fileNode\nclass node_venv_lib_python3_12_site-packages_PyQt6_QtQml_abi3_so fileNode\nclass node_venv_lib_python3_12_site-packages_PyQt6_QtQml_pyi fileNode\nclass node_venv_lib_python3_12_site-packages_PyQt6_QtQuick_abi3_so fileNode\nclass node_venv_lib_python3_12_site-packages_PyQt6_QtQuick_pyi fileNode\nclass node_venv_lib_python3_12_site-packages_PyQt6_QtQuick3D_abi3_so fileNode\nclass node_venv_lib_python3_12_site-packages_PyQt6_QtQuick3D_pyi fileNode\nclass node_venv_lib_python3_12_site-packages_PyQt6_QtQuickWidgets_abi3_so fileNode\nclass node_venv_lib_python3_12_site-packages_PyQt6_QtQuickWidgets_pyi fileNode\nclass node_venv_lib_python3_12_site-packages_PyQt6_QtRemoteObjects_abi3_so fileNode\nclass node_venv_lib_python3_12_site-packages_PyQt6_QtRemoteObjects_pyi fileNode\nclass node_venv_lib_python3_12_site-packages_PyQt6_QtSensors_abi3_so fileNode\nclass node_venv_lib_python3_12_site-packages_PyQt6_QtSensors_pyi fileNode\nclass node_venv_lib_python3_12_site-packages_PyQt6_QtSerialPort_abi3_so fileNode\nclass node_venv_lib_python3_12_site-packages_PyQt6_QtSerialPort_pyi fileNode\nclass node_venv_lib_python3_12_site-packages_PyQt6_QtSpatialAudio_abi3_so fileNode\nclass node_venv_lib_python3_12_site-packages_PyQt6_QtSpatialAudio_pyi fileNode\nclass node_venv_lib_python3_12_site-packages_PyQt6_QtSql_abi3_so fileNode\nclass node_venv_lib_python3_12_site-packages_PyQt6_QtSql_pyi fileNode\nclass node_venv_lib_python3_12_site-packages_PyQt6_QtStateMachine_abi3_so fileNode\nclass node_venv_lib_python3_12_site-packages_PyQt6_QtStateMachine_pyi fileNode\nclass node_venv_lib_python3_12_site-packages_PyQt6_QtSvg_abi3_so fileNode\nclass node_venv_lib_python3_12_site-packages_PyQt6_QtSvg_pyi fileNode\nclass node_venv_lib_python3_12_site-packages_PyQt6_QtSvgWidgets_abi3_so fileNode\nclass node_venv_lib_python3_12_site-packages_PyQt6_QtSvgWidgets_pyi fileNode\nclass node_venv_lib_python3_12_site-packages_PyQt6_QtTest_abi3_so fileNode\nclass node_venv_lib_python3_12_site-packages_PyQt6_QtTest_pyi fileNode\nclass node_venv_lib_python3_12_site-packages_PyQt6_QtTextToSpeech_abi3_so fileNode\nclass node_venv_lib_python3_12_site-packages_PyQt6_QtTextToSpeech_pyi fileNode\nclass node_venv_lib_python3_12_site-packages_PyQt6_QtWebChannel_abi3_so fileNode\nclass node_venv_lib_python3_12_site-packages_PyQt6_QtWebChannel_pyi fileNode\nclass node_venv_lib_python3_12_site-packages_PyQt6_QtWebSockets_abi3_so fileNode\nclass node_venv_lib_python3_12_site-packages_PyQt6_QtWebSockets_pyi fileNode\nclass node_venv_lib_python3_12_site-packages_PyQt6_QtWidgets_abi3_so fileNode\nclass node_venv_lib_python3_12_site-packages_PyQt6_QtWidgets_pyi fileNode\nclass node_venv_lib_python3_12_site-packages_PyQt6_QtXml_abi3_so fileNode\nclass node_venv_lib_python3_12_site-packages_PyQt6_QtXml_pyi fileNode\nclass node_venv_lib_python3_12_site-packages_PyQt6___init___py pythonFile\nclass node_venv_lib_python3_12_site-packages_PyQt6_py_typed fileNode\nclass node_venv_lib_python3_12_site-packages_PyQt6_sip_cpython-312-darwin_so fileNode\nclass node_venv_lib_python3_12_site-packages_PyQt6_sip_pyi fileNode\nclass node_venv_lib_python3_12_site-packages_PyQt6_lupdate___init___py pythonFile\nclass node_venv_lib_python3_12_site-packages_PyQt6_lupdate_designer_source_py pythonFile\nclass node_venv_lib_python3_12_site-packages_PyQt6_lupdate_lupdate_py pythonFile\nclass node_venv_lib_python3_12_site-packages_PyQt6_lupdate_pylupdate_py pythonFile\nclass node_venv_lib_python3_12_site-packages_PyQt6_lupdate_python_source_py pythonFile\nclass node_venv_lib_python3_12_site-packages_PyQt6_lupdate_source_file_py pythonFile\nclass node_venv_lib_python3_12_site-packages_PyQt6_lupdate_translation_file_py pythonFile\nclass node_venv_lib_python3_12_site-packages_PyQt6_lupdate_translations_py pythonFile\nclass node_venv_lib_python3_12_site-packages_PyQt6_lupdate_user_py pythonFile\nclass node_venv_lib_python3_12_site-packages_PyQt6_uic___init___py pythonFile\nclass node_venv_lib_python3_12_site-packages_PyQt6_uic_compile_ui_py pythonFile\nclass node_venv_lib_python3_12_site-packages_PyQt6_uic_enum_map_py pythonFile\nclass node_venv_lib_python3_12_site-packages_PyQt6_uic_exceptions_py pythonFile\nclass node_venv_lib_python3_12_site-packages_PyQt6_uic_icon_cache_py pythonFile\nclass node_venv_lib_python3_12_site-packages_PyQt6_uic_load_ui_py pythonFile\nclass node_venv_lib_python3_12_site-packages_PyQt6_uic_objcreator_py pythonFile\nclass node_venv_lib_python3_12_site-packages_PyQt6_uic_properties_py pythonFile\nclass node_venv_lib_python3_12_site-packages_PyQt6_uic_pyuic_py pythonFile\nclass node_venv_lib_python3_12_site-packages_PyQt6_uic_ui_file_py pythonFile\nclass node_venv_lib_python3_12_site-packages_PyQt6_uic_uiparser_py pythonFile\nclass node_venv_lib_python3_12_site-packages_PyQt6_uic_widget-plugins_qaxcontainer_py pythonFile\nclass node_venv_lib_python3_12_site-packages_PyQt6_uic_widget-plugins_qscintilla_py pythonFile\nclass node_venv_lib_python3_12_site-packages_PyQt6_uic_widget-plugins_qtcharts_py pythonFile\nclass node_venv_lib_python3_12_site-packages_PyQt6_uic_widget-plugins_qtopenglwidgets_py pythonFile\nclass node_venv_lib_python3_12_site-packages_PyQt6_uic_widget-plugins_qtprintsupport_py pythonFile\nclass node_venv_lib_python3_12_site-packages_PyQt6_uic_widget-plugins_qtquickwidgets_py pythonFile\nclass node_venv_lib_python3_12_site-packages_PyQt6_uic_widget-plugins_qtwebenginewidgets_py pythonFile\nclass node_venv_lib_python3_12_site-packages_PyQt6_uic_Loader___init___py pythonFile\nclass node_venv_lib_python3_12_site-packages_PyQt6_uic_Loader_loader_py pythonFile\nclass node_venv_lib_python3_12_site-packages_PyQt6_uic_Loader_qobjectcreator_py pythonFile\nclass node_venv_lib_python3_12_site-packages_PyQt6_uic_Compiler___init___py pythonFile\nclass node_venv_lib_python3_12_site-packages_PyQt6_uic_Compiler_as_string_py pythonFile\nclass node_venv_lib_python3_12_site-packages_PyQt6_uic_Compiler_compiler_py pythonFile\nclass node_venv_lib_python3_12_site-packages_PyQt6_uic_Compiler_indenter_py pythonFile\nclass node_venv_lib_python3_12_site-packages_PyQt6_uic_Compiler_misc_py pythonFile\nclass node_venv_lib_python3_12_site-packages_PyQt6_uic_Compiler_proxy_metaclass_py pythonFile\nclass node_venv_lib_python3_12_site-packages_PyQt6_uic_Compiler_qobjectcreator_py pythonFile\nclass node_venv_lib_python3_12_site-packages_PyQt6_uic_Compiler_qtproxies_py pythonFile\nclass node_venv_lib_python3_12_site-packages_PyQt6_Qt6_qml_QtWebSockets_libqmlwebsocketsplugin_dylib fileNode\nclass node_venv_lib_python3_12_site-packages_PyQt6_Qt6_qml_QtWebSockets_plugins_qmltypes fileNode\nclass node_venv_lib_python3_12_site-packages_PyQt6_Qt6_qml_QtWebSockets_qmldir fileNode\nclass node_venv_lib_python3_12_site-packages_PyQt6_Qt6_qml_QtQml_libqmlplugin_dylib fileNode\nclass node_venv_lib_python3_12_site-packages_PyQt6_Qt6_qml_QtQml_plugins_qmltypes fileNode\nclass node_venv_lib_python3_12_site-packages_PyQt6_Qt6_qml_QtQml_qmldir fileNode\nclass node_venv_lib_python3_12_site-packages_PyQt6_Qt6_qml_QtQml_StateMachine_libqtqmlstatemachineplugin_dylib fileNode\nclass node_venv_lib_python3_12_site-packages_PyQt6_Qt6_qml_QtQml_StateMachine_plugins_qmltypes fileNode\nclass node_venv_lib_python3_12_site-packages_PyQt6_Qt6_qml_QtQml_StateMachine_qmldir fileNode\nclass node_venv_lib_python3_12_site-packages_PyQt6_Qt6_qml_QtQml_Models_libmodelsplugin_dylib fileNode\nclass node_venv_lib_python3_12_site-packages_PyQt6_Qt6_qml_QtQml_Models_plugins_qmltypes fileNode\nclass node_venv_lib_python3_12_site-packages_PyQt6_Qt6_qml_QtQml_Models_qmldir fileNode\nclass node_venv_lib_python3_12_site-packages_PyQt6_Qt6_qml_QtQml_WorkerScript_libworkerscriptplugin_dylib fileNode\nclass node_venv_lib_python3_12_site-packages_PyQt6_Qt6_qml_QtQml_WorkerScript_plugins_qmltypes fileNode\nclass node_venv_lib_python3_12_site-packages_PyQt6_Qt6_qml_QtQml_WorkerScript_qmldir fileNode\nclass node_venv_lib_python3_12_site-packages_PyQt6_Qt6_qml_QtQml_XmlListModel_libqmlxmllistmodelplugin_dylib fileNode\nclass node_venv_lib_python3_12_site-packages_PyQt6_Qt6_qml_QtQml_XmlListModel_plugins_qmltypes fileNode\nclass node_venv_lib_python3_12_site-packages_PyQt6_Qt6_qml_QtQml_XmlListModel_qmldir fileNode\nclass node_venv_lib_python3_12_site-packages_PyQt6_Qt6_qml_QtNetwork_libqmlnetworkplugin_dylib fileNode\nclass node_venv_lib_python3_12_site-packages_PyQt6_Qt6_qml_QtNetwork_plugins_qmltypes fileNode\nclass node_venv_lib_python3_12_site-packages_PyQt6_Qt6_qml_QtNetwork_qmldir fileNode\nclass node_venv_lib_python3_12_site-packages_PyQt6_Qt6_qml_QtQuick3D_LightmapperOutputWindow_qml fileNode\nclass node_venv_lib_python3_12_site-packages_PyQt6_Qt6_qml_QtQuick3D_Quick3D_qmltypes fileNode\nclass node_venv_lib_python3_12_site-packages_PyQt6_Qt6_qml_QtQuick3D_libqquick3dplugin_dylib fileNode\nclass node_venv_lib_python3_12_site-packages_PyQt6_Qt6_qml_QtQuick3D_qmldir fileNode\nclass node_venv_lib_python3_12_site-packages_PyQt6_Qt6_qml_QtQuick3D_lightmapviewer_LightmapViewer_qml fileNode\nclass node_venv_lib_python3_12_site-packages_PyQt6_Qt6_qml_QtQuick3D_lightmapviewer_lightmapviewer_qmltypes fileNode\nclass node_venv_lib_python3_12_site-packages_PyQt6_Qt6_qml_QtQuick3D_lightmapviewer_qmldir fileNode\nclass node_venv_lib_python3_12_site-packages_PyQt6_Qt6_qml_QtQuick3D_MaterialEditor_AboutDialog_qml fileNode\nclass node_venv_lib_python3_12_site-packages_PyQt6_Qt6_qml_QtQuick3D_MaterialEditor_EditorView_qml fileNode\nclass node_venv_lib_python3_12_site-packages_PyQt6_Qt6_qml_QtQuick3D_MaterialEditor_FrostedGlass_qml fileNode\nclass node_venv_lib_python3_12_site-packages_PyQt6_Qt6_qml_QtQuick3D_MaterialEditor_InstancingPropertiesPane_qml fileNode\nclass node_venv_lib_python3_12_site-packages_PyQt6_Qt6_qml_QtQuick3D_MaterialEditor_MaterialPropertiesPane_qml fileNode\nclass node_venv_lib_python3_12_site-packages_PyQt6_Qt6_qml_QtQuick3D_MaterialEditor_Preview_qml fileNode\nclass node_venv_lib_python3_12_site-packages_PyQt6_Qt6_qml_QtQuick3D_MaterialEditor_PreviewControls_qml fileNode\nclass node_venv_lib_python3_12_site-packages_PyQt6_Qt6_qml_QtQuick3D_MaterialEditor_SaveChangesDialog_qml fileNode\nclass node_venv_lib_python3_12_site-packages_PyQt6_Qt6_qml_QtQuick3D_MaterialEditor_ShaderEditor_qml fileNode\nclass node_venv_lib_python3_12_site-packages_PyQt6_Qt6_qml_QtQuick3D_MaterialEditor_UniformManagerPane_qml fileNode\nclass node_venv_lib_python3_12_site-packages_PyQt6_Qt6_qml_QtQuick3D_MaterialEditor_main_qml fileNode\nclass node_venv_lib_python3_12_site-packages_PyQt6_Qt6_qml_QtQuick3D_MaterialEditor_plugins_qmltypes fileNode\nclass node_venv_lib_python3_12_site-packages_PyQt6_Qt6_qml_QtQuick3D_MaterialEditor_qmldir fileNode\nclass node_venv_lib_python3_12_site-packages_PyQt6_Qt6_qml_QtQuick3D_ParticleEffects_Quick3DParticleEffects_qmltypes fileNode\nclass node_venv_lib_python3_12_site-packages_PyQt6_Qt6_qml_QtQuick3D_ParticleEffects_libqtquick3dparticleeffectsplugin_dylib fileNode\nclass node_venv_lib_python3_12_site-packages_PyQt6_Qt6_qml_QtQuick3D_ParticleEffects_qmldir fileNode\nclass node_venv_lib_python3_12_site-packages_PyQt6_Qt6_qml_QtQuick3D_ParticleEffects_designer_particleeffects_metainfo fileNode\nclass node_venv_lib_python3_12_site-packages_PyQt6_Qt6_qml_QtQuick3D_ParticleEffects_designer_images_color_table_png fileNode\nclass node_venv_lib_python3_12_site-packages_PyQt6_Qt6_qml_QtQuick3D_ParticleEffects_designer_images_color_table2_png fileNode\nclass node_venv_lib_python3_12_site-packages_PyQt6_Qt6_qml_QtQuick3D_ParticleEffects_designer_images_droplet_png fileNode\nclass node_venv_lib_python3_12_site-packages_PyQt6_Qt6_qml_QtQuick3D_ParticleEffects_designer_images_dummy_png fileNode\nclass node_venv_lib_python3_12_site-packages_PyQt6_Qt6_qml_QtQuick3D_ParticleEffects_designer_images_dummy16_png fileNode\nclass node_venv_lib_python3_12_site-packages_PyQt6_Qt6_qml_QtQuick3D_ParticleEffects_designer_images_dummy@2x_png fileNode\nclass node_venv_lib_python3_12_site-packages_PyQt6_Qt6_qml_QtQuick3D_ParticleEffects_designer_images_rain_png fileNode\nclass node_venv_lib_python3_12_site-packages_PyQt6_Qt6_qml_QtQuick3D_ParticleEffects_designer_images_ripple_png fileNode\nclass node_venv_lib_python3_12_site-packages_PyQt6_Qt6_qml_QtQuick3D_ParticleEffects_designer_images_smoke2_png fileNode\nclass node_venv_lib_python3_12_site-packages_PyQt6_Qt6_qml_QtQuick3D_ParticleEffects_designer_images_smoke_sprite_png fileNode\nclass node_venv_lib_python3_12_site-packages_PyQt6_Qt6_qml_QtQuick3D_ParticleEffects_designer_images_smoke_sprite2_png fileNode\nclass node_venv_lib_python3_12_site-packages_PyQt6_Qt6_qml_QtQuick3D_ParticleEffects_designer_images_snowflake_png fileNode\nclass node_venv_lib_python3_12_site-packages_PyQt6_Qt6_qml_QtQuick3D_ParticleEffects_designer_images_sphere_png fileNode\nclass node_venv_lib_python3_12_site-packages_PyQt6_Qt6_qml_QtQuick3D_ParticleEffects_designer_images_splash7_png fileNode\nclass node_venv_lib_python3_12_site-packages_PyQt6_Qt6_qml_QtQuick3D_ParticleEffects_designer_source_particleeffect_clouds_qml fileNode\nclass node_venv_lib_python3_12_site-packages_PyQt6_Qt6_qml_QtQuick3D_ParticleEffects_designer_source_particleeffect_dust_qml fileNode\nclass node_venv_lib_python3_12_site-packages_PyQt6_Qt6_qml_QtQuick3D_ParticleEffects_designer_source_particleeffect_exhaust_qml fileNode\nclass node_venv_lib_python3_12_site-packages_PyQt6_Qt6_qml_QtQuick3D_ParticleEffects_designer_source_particleeffect_fire_qml fileNode\nclass node_venv_lib_python3_12_site-packages_PyQt6_Qt6_qml_QtQuick3D_ParticleEffects_designer_source_particleeffect_heavyrain_qml fileNode\nclass node_venv_lib_python3_12_site-packages_PyQt6_Qt6_qml_QtQuick3D_ParticleEffects_designer_source_particleeffect_heavyrain_tirespray_qml fileNode\nclass node_venv_lib_python3_12_site-packages_PyQt6_Qt6_qml_QtQuick3D_ParticleEffects_designer_source_particleeffect_lightrain_qml fileNode\nclass node_venv_lib_python3_12_site-packages_PyQt6_Qt6_qml_QtQuick3D_ParticleEffects_designer_source_particleeffect_lightrain_tirespray_qml fileNode\nclass node_venv_lib_python3_12_site-packages_PyQt6_Qt6_qml_QtQuick3D_ParticleEffects_designer_source_particleeffect_rainmist_qml fileNode\nclass node_venv_lib_python3_12_site-packages_PyQt6_Qt6_qml_QtQuick3D_ParticleEffects_designer_source_particleeffect_snow_qml fileNode\nclass node_venv_lib_python3_12_site-packages_PyQt6_Qt6_qml_QtQuick3D_ParticleEffects_designer_source_particleeffect_steam_qml fileNode\nclass node_venv_lib_python3_12_site-packages_PyQt6_Qt6_qml_QtQuick3D_Xr_XrErrorDialog_qml fileNode\nclass node_venv_lib_python3_12_site-packages_PyQt6_Qt6_qml_QtQuick3D_Xr_libquick3dxrplugin_dylib fileNode\nclass node_venv_lib_python3_12_site-packages_PyQt6_Qt6_qml_QtQuick3D_Xr_plugins_qmltypes fileNode\nclass node_venv_lib_python3_12_site-packages_PyQt6_Qt6_qml_QtQuick3D_Xr_qmldir fileNode\nclass node_venv_lib_python3_12_site-packages_PyQt6_Qt6_qml_QtQuick3D_AssetUtils_libqtquick3dassetutilsplugin_dylib fileNode\nclass node_venv_lib_python3_12_site-packages_PyQt6_Qt6_qml_QtQuick3D_AssetUtils_plugins_qmltypes fileNode\nclass node_venv_lib_python3_12_site-packages_PyQt6_Qt6_qml_QtQuick3D_AssetUtils_qmldir fileNode\nclass node_venv_lib_python3_12_site-packages_PyQt6_Qt6_qml_QtQuick3D_AssetUtils_designer_NodeSection_qml fileNode\nclass node_venv_lib_python3_12_site-packages_PyQt6_Qt6_qml_QtQuick3D_AssetUtils_designer_RuntimeLoaderSection_qml fileNode\nclass node_venv_lib_python3_12_site-packages_PyQt6_Qt6_qml_QtQuick3D_AssetUtils_designer_RuntimeLoaderSpecifics_qml fileNode\nclass node_venv_lib_python3_12_site-packages_PyQt6_Qt6_qml_QtQuick3D_AssetUtils_designer_assetutils_metainfo fileNode\nclass node_venv_lib_python3_12_site-packages_PyQt6_Qt6_qml_QtQuick3D_AssetUtils_designer_images_dummy_png fileNode\nclass node_venv_lib_python3_12_site-packages_PyQt6_Qt6_qml_QtQuick3D_AssetUtils_designer_images_dummy16_png fileNode\nclass node_venv_lib_python3_12_site-packages_PyQt6_Qt6_qml_QtQuick3D_AssetUtils_designer_images_dummy@2x_png fileNode\nclass node_venv_lib_python3_12_site-packages_PyQt6_Qt6_qml_QtQuick3D_AssetUtils_designer_images_runtimeloader_png fileNode\nclass node_venv_lib_python3_12_site-packages_PyQt6_Qt6_qml_QtQuick3D_AssetUtils_designer_images_runtimeloader16_png fileNode\nclass node_venv_lib_python3_12_site-packages_PyQt6_Qt6_qml_QtQuick3D_AssetUtils_designer_images_runtimeloader@2x_png fileNode\nclass node_venv_lib_python3_12_site-packages_PyQt6_Qt6_qml_QtQuick3D_SpatialAudio_libquick3dspatialaudioplugin_dylib fileNode\nclass node_venv_lib_python3_12_site-packages_PyQt6_Qt6_qml_QtQuick3D_SpatialAudio_plugins_qmltypes fileNode\nclass node_venv_lib_python3_12_site-packages_PyQt6_Qt6_qml_QtQuick3D_SpatialAudio_qmldir fileNode\nclass node_venv_lib_python3_12_site-packages_PyQt6_Qt6_qml_QtQuick3D_designer_AbstractLightSection_qml fileNode\nclass node_venv_lib_python3_12_site-packages_PyQt6_Qt6_qml_QtQuick3D_designer_BufferInputSection_qml fileNode\nclass node_venv_lib_python3_12_site-packages_PyQt6_Qt6_qml_QtQuick3D_designer_BufferInputSpecifics_qml fileNode\nclass node_venv_lib_python3_12_site-packages_PyQt6_Qt6_qml_QtQuick3D_designer_BufferSection_qml fileNode\nclass node_venv_lib_python3_12_site-packages_PyQt6_Qt6_qml_QtQuick3D_designer_BufferSpecifics_qml fileNode\nclass node_venv_lib_python3_12_site-packages_PyQt6_Qt6_qml_QtQuick3D_designer_CameraSection_qml fileNode\nclass node_venv_lib_python3_12_site-packages_PyQt6_Qt6_qml_QtQuick3D_designer_CascadesSection_qml fileNode\nclass node_venv_lib_python3_12_site-packages_PyQt6_Qt6_qml_QtQuick3D_designer_CubeMapTextureSpecifics_qml fileNode\nclass node_venv_lib_python3_12_site-packages_PyQt6_Qt6_qml_QtQuick3D_designer_CustomCameraSpecifics_qml fileNode\nclass node_venv_lib_python3_12_site-packages_PyQt6_Qt6_qml_QtQuick3D_designer_CustomMaterialSection_qml fileNode\nclass node_venv_lib_python3_12_site-packages_PyQt6_Qt6_qml_QtQuick3D_designer_CustomMaterialSpecifics_qml fileNode\nclass node_venv_lib_python3_12_site-packages_PyQt6_Qt6_qml_QtQuick3D_designer_DebugSettingsSection_qml fileNode\nclass node_venv_lib_python3_12_site-packages_PyQt6_Qt6_qml_QtQuick3D_designer_DebugSettingsSpecifics_qml fileNode\nclass node_venv_lib_python3_12_site-packages_PyQt6_Qt6_qml_QtQuick3D_designer_DefaultMaterialSection_qml fileNode\nclass node_venv_lib_python3_12_site-packages_PyQt6_Qt6_qml_QtQuick3D_designer_DefaultMaterialSpecifics_qml fileNode\nclass node_venv_lib_python3_12_site-packages_PyQt6_Qt6_qml_QtQuick3D_designer_DirectionalLightSection_qml fileNode\nclass node_venv_lib_python3_12_site-packages_PyQt6_Qt6_qml_QtQuick3D_designer_DirectionalLightSpecifics_qml fileNode\nclass node_venv_lib_python3_12_site-packages_PyQt6_Qt6_qml_QtQuick3D_designer_EffectSection_qml fileNode\nclass node_venv_lib_python3_12_site-packages_PyQt6_Qt6_qml_QtQuick3D_designer_EffectSpecifics_qml fileNode\nclass node_venv_lib_python3_12_site-packages_PyQt6_Qt6_qml_QtQuick3D_designer_FileInstancingSection_qml fileNode\nclass node_venv_lib_python3_12_site-packages_PyQt6_Qt6_qml_QtQuick3D_designer_FileInstancingSpecifics_qml fileNode\nclass node_venv_lib_python3_12_site-packages_PyQt6_Qt6_qml_QtQuick3D_designer_FogSection_qml fileNode\nclass node_venv_lib_python3_12_site-packages_PyQt6_Qt6_qml_QtQuick3D_designer_FogSpecifics_qml fileNode\nclass node_venv_lib_python3_12_site-packages_PyQt6_Qt6_qml_QtQuick3D_designer_FrustumCameraSection_qml fileNode\nclass node_venv_lib_python3_12_site-packages_PyQt6_Qt6_qml_QtQuick3D_designer_FrustumCameraSpecifics_qml fileNode\nclass node_venv_lib_python3_12_site-packages_PyQt6_Qt6_qml_QtQuick3D_designer_InstanceListEntrySection_qml fileNode\nclass node_venv_lib_python3_12_site-packages_PyQt6_Qt6_qml_QtQuick3D_designer_InstanceListEntrySpecifics_qml fileNode\nclass node_venv_lib_python3_12_site-packages_PyQt6_Qt6_qml_QtQuick3D_designer_InstanceListSection_qml fileNode\nclass node_venv_lib_python3_12_site-packages_PyQt6_Qt6_qml_QtQuick3D_designer_InstanceListSpecifics_qml fileNode\nclass node_venv_lib_python3_12_site-packages_PyQt6_Qt6_qml_QtQuick3D_designer_InstancingSection_qml fileNode\nclass node_venv_lib_python3_12_site-packages_PyQt6_Qt6_qml_QtQuick3D_designer_JointSection_qml fileNode\nclass node_venv_lib_python3_12_site-packages_PyQt6_Qt6_qml_QtQuick3D_designer_JointSpecifics_qml fileNode\nclass node_venv_lib_python3_12_site-packages_PyQt6_Qt6_qml_QtQuick3D_designer_LightmapperSection_qml fileNode\nclass node_venv_lib_python3_12_site-packages_PyQt6_Qt6_qml_QtQuick3D_designer_LightmapperSpecifics_qml fileNode\nclass node_venv_lib_python3_12_site-packages_PyQt6_Qt6_qml_QtQuick3D_designer_Loader3DSection_qml fileNode\nclass node_venv_lib_python3_12_site-packages_PyQt6_Qt6_qml_QtQuick3D_designer_Loader3DSpecifics_qml fileNode\nclass node_venv_lib_python3_12_site-packages_PyQt6_Qt6_qml_QtQuick3D_designer_MaterialSection_qml fileNode\nclass node_venv_lib_python3_12_site-packages_PyQt6_Qt6_qml_QtQuick3D_designer_ModelSection_qml fileNode\nclass node_venv_lib_python3_12_site-packages_PyQt6_Qt6_qml_QtQuick3D_designer_ModelSpecifics_qml fileNode\nclass node_venv_lib_python3_12_site-packages_PyQt6_Qt6_qml_QtQuick3D_designer_MorphTargetSection_qml fileNode\nclass node_venv_lib_python3_12_site-packages_PyQt6_Qt6_qml_QtQuick3D_designer_MorphTargetSpecifics_qml fileNode\nclass node_venv_lib_python3_12_site-packages_PyQt6_Qt6_qml_QtQuick3D_designer_NodeSection_qml fileNode\nclass node_venv_lib_python3_12_site-packages_PyQt6_Qt6_qml_QtQuick3D_designer_NodeSpecifics_qml fileNode\nclass node_venv_lib_python3_12_site-packages_PyQt6_Qt6_qml_QtQuick3D_designer_Object3DSection_qml fileNode\nclass node_venv_lib_python3_12_site-packages_PyQt6_Qt6_qml_QtQuick3D_designer_OrthographicCameraSection_qml fileNode\nclass node_venv_lib_python3_12_site-packages_PyQt6_Qt6_qml_QtQuick3D_designer_OrthographicCameraSpecifics_qml fileNode\nclass node_venv_lib_python3_12_site-packages_PyQt6_Qt6_qml_QtQuick3D_designer_PassSection_qml fileNode\nclass node_venv_lib_python3_12_site-packages_PyQt6_Qt6_qml_QtQuick3D_designer_PassSpecifics_qml fileNode\nclass node_venv_lib_python3_12_site-packages_PyQt6_Qt6_qml_QtQuick3D_designer_PerspectiveCameraSection_qml fileNode\nclass node_venv_lib_python3_12_site-packages_PyQt6_Qt6_qml_QtQuick3D_designer_PerspectiveCameraSpecifics_qml fileNode\nclass node_venv_lib_python3_12_site-packages_PyQt6_Qt6_qml_QtQuick3D_designer_PointLightSection_qml fileNode\nclass node_venv_lib_python3_12_site-packages_PyQt6_Qt6_qml_QtQuick3D_designer_PointLightSpecifics_qml fileNode\nclass node_venv_lib_python3_12_site-packages_PyQt6_Qt6_qml_QtQuick3D_designer_PrincipledMaterialSection_qml fileNode\nclass node_venv_lib_python3_12_site-packages_PyQt6_Qt6_qml_QtQuick3D_designer_PrincipledMaterialSpecifics_qml fileNode\nclass node_venv_lib_python3_12_site-packages_PyQt6_Qt6_qml_QtQuick3D_designer_ReflectionProbeSection_qml fileNode\nclass node_venv_lib_python3_12_site-packages_PyQt6_Qt6_qml_QtQuick3D_designer_ReflectionProbeSpecifics_qml fileNode\nclass node_venv_lib_python3_12_site-packages_PyQt6_Qt6_qml_QtQuick3D_designer_Repeater3DSection_qml fileNode\nclass node_venv_lib_python3_12_site-packages_PyQt6_Qt6_qml_QtQuick3D_designer_Repeater3DSpecifics_qml fileNode\nclass node_venv_lib_python3_12_site-packages_PyQt6_Qt6_qml_QtQuick3D_designer_ResourceLoaderSection_qml fileNode\nclass node_venv_lib_python3_12_site-packages_PyQt6_Qt6_qml_QtQuick3D_designer_ResourceLoaderSpecifics_qml fileNode\nclass node_venv_lib_python3_12_site-packages_PyQt6_Qt6_qml_QtQuick3D_designer_SceneEnvironmentSection_qml fileNode\nclass node_venv_lib_python3_12_site-packages_PyQt6_Qt6_qml_QtQuick3D_designer_SceneEnvironmentSpecifics_qml fileNode\nclass node_venv_lib_python3_12_site-packages_PyQt6_Qt6_qml_QtQuick3D_designer_SetUniformValueSection_qml fileNode\nclass node_venv_lib_python3_12_site-packages_PyQt6_Qt6_qml_QtQuick3D_designer_SetUniformValueSpecifics_qml fileNode\nclass node_venv_lib_python3_12_site-packages_PyQt6_Qt6_qml_QtQuick3D_designer_ShaderSection_qml fileNode\nclass node_venv_lib_python3_12_site-packages_PyQt6_Qt6_qml_QtQuick3D_designer_ShaderSpecifics_qml fileNode\nclass node_venv_lib_python3_12_site-packages_PyQt6_Qt6_qml_QtQuick3D_designer_ShadowSection_qml fileNode\nclass node_venv_lib_python3_12_site-packages_PyQt6_Qt6_qml_QtQuick3D_designer_SkinSection_qml fileNode\nclass node_venv_lib_python3_12_site-packages_PyQt6_Qt6_qml_QtQuick3D_designer_SkinSpecifics_qml fileNode\nclass node_venv_lib_python3_12_site-packages_PyQt6_Qt6_qml_QtQuick3D_designer_SpecularGlossyMaterialSection_qml fileNode\nclass node_venv_lib_python3_12_site-packages_PyQt6_Qt6_qml_QtQuick3D_designer_SpecularGlossyMaterialSpecifics_qml fileNode\nclass node_venv_lib_python3_12_site-packages_PyQt6_Qt6_qml_QtQuick3D_designer_SpotLightSection_qml fileNode\nclass node_venv_lib_python3_12_site-packages_PyQt6_Qt6_qml_QtQuick3D_designer_SpotLightSpecifics_qml fileNode\nclass node_venv_lib_python3_12_site-packages_PyQt6_Qt6_qml_QtQuick3D_designer_TextureInputSection_qml fileNode\nclass node_venv_lib_python3_12_site-packages_PyQt6_Qt6_qml_QtQuick3D_designer_TextureInputSpecifics_qml fileNode\nclass node_venv_lib_python3_12_site-packages_PyQt6_Qt6_qml_QtQuick3D_designer_TextureSection_qml fileNode\nclass node_venv_lib_python3_12_site-packages_PyQt6_Qt6_qml_QtQuick3D_designer_TextureSpecifics_qml fileNode\nclass node_venv_lib_python3_12_site-packages_PyQt6_Qt6_qml_QtQuick3D_designer_View3DSection_qml fileNode\nclass node_venv_lib_python3_12_site-packages_PyQt6_Qt6_qml_QtQuick3D_designer_View3DSpecifics_qml fileNode\nclass node_venv_lib_python3_12_site-packages_PyQt6_Qt6_qml_QtQuick3D_designer_propertyGroups_json configFile\nclass node_venv_lib_python3_12_site-packages_PyQt6_Qt6_qml_QtQuick3D_designer_quick3d_metainfo fileNode\nclass node_venv_lib_python3_12_site-packages_PyQt6_Qt6_qml_QtQuick3D_designer_images_camera_png fileNode\nclass node_venv_lib_python3_12_site-packages_PyQt6_Qt6_qml_QtQuick3D_designer_images_camera16_png fileNode\nclass node_venv_lib_python3_12_site-packages_PyQt6_Qt6_qml_QtQuick3D_designer_images_camera@2x_png fileNode\nclass node_venv_lib_python3_12_site-packages_PyQt6_Qt6_qml_QtQuick3D_designer_images_cone_png fileNode\nclass node_venv_lib_python3_12_site-packages_PyQt6_Qt6_qml_QtQuick3D_designer_images_cone16_png fileNode\nclass node_venv_lib_python3_12_site-packages_PyQt6_Qt6_qml_QtQuick3D_designer_images_cone@2x_png fileNode\nclass node_venv_lib_python3_12_site-packages_PyQt6_Qt6_qml_QtQuick3D_designer_images_cube_png fileNode\nclass node_venv_lib_python3_12_site-packages_PyQt6_Qt6_qml_QtQuick3D_designer_images_cube16_png fileNode\nclass node_venv_lib_python3_12_site-packages_PyQt6_Qt6_qml_QtQuick3D_designer_images_cube@2x_png fileNode\nclass node_venv_lib_python3_12_site-packages_PyQt6_Qt6_qml_QtQuick3D_designer_images_cubemaptexture_png fileNode\nclass node_venv_lib_python3_12_site-packages_PyQt6_Qt6_qml_QtQuick3D_designer_images_cubemaptexture16_png fileNode\nclass node_venv_lib_python3_12_site-packages_PyQt6_Qt6_qml_QtQuick3D_designer_images_cubemaptexture@2x_png fileNode\nclass node_venv_lib_python3_12_site-packages_PyQt6_Qt6_qml_QtQuick3D_designer_images_custommaterial_png fileNode\nclass node_venv_lib_python3_12_site-packages_PyQt6_Qt6_qml_QtQuick3D_designer_images_custommaterial16_png fileNode\nclass node_venv_lib_python3_12_site-packages_PyQt6_Qt6_qml_QtQuick3D_designer_images_custommaterial@2x_png fileNode\nclass node_venv_lib_python3_12_site-packages_PyQt6_Qt6_qml_QtQuick3D_designer_images_cylinder_png fileNode\nclass node_venv_lib_python3_12_site-packages_PyQt6_Qt6_qml_QtQuick3D_designer_images_cylinder16_png fileNode\nclass node_venv_lib_python3_12_site-packages_PyQt6_Qt6_qml_QtQuick3D_designer_images_cylinder@2x_png fileNode\nclass node_venv_lib_python3_12_site-packages_PyQt6_Qt6_qml_QtQuick3D_designer_images_debugsettings_png fileNode\nclass node_venv_lib_python3_12_site-packages_PyQt6_Qt6_qml_QtQuick3D_designer_images_debugsettings16_png fileNode\nclass node_venv_lib_python3_12_site-packages_PyQt6_Qt6_qml_QtQuick3D_designer_images_debugsettings@2x_png fileNode\nclass node_venv_lib_python3_12_site-packages_PyQt6_Qt6_qml_QtQuick3D_designer_images_dummy_png fileNode\nclass node_venv_lib_python3_12_site-packages_PyQt6_Qt6_qml_QtQuick3D_designer_images_dummy16_png fileNode\nclass node_venv_lib_python3_12_site-packages_PyQt6_Qt6_qml_QtQuick3D_designer_images_dummy@2x_png fileNode\nclass node_venv_lib_python3_12_site-packages_PyQt6_Qt6_qml_QtQuick3D_designer_images_effect_png fileNode\nclass node_venv_lib_python3_12_site-packages_PyQt6_Qt6_qml_QtQuick3D_designer_images_effect16_png fileNode\nclass node_venv_lib_python3_12_site-packages_PyQt6_Qt6_qml_QtQuick3D_designer_images_effect@2x_png fileNode\nclass node_venv_lib_python3_12_site-packages_PyQt6_Qt6_qml_QtQuick3D_designer_images_fileinstancing_png fileNode\nclass node_venv_lib_python3_12_site-packages_PyQt6_Qt6_qml_QtQuick3D_designer_images_fileinstancing16_png fileNode\nclass node_venv_lib_python3_12_site-packages_PyQt6_Qt6_qml_QtQuick3D_designer_images_fileinstancing@2x_png fileNode\nclass node_venv_lib_python3_12_site-packages_PyQt6_Qt6_qml_QtQuick3D_designer_images_fog_png fileNode\nclass node_venv_lib_python3_12_site-packages_PyQt6_Qt6_qml_QtQuick3D_designer_images_fog16_png fileNode\nclass node_venv_lib_python3_12_site-packages_PyQt6_Qt6_qml_QtQuick3D_designer_images_fog@2x_png fileNode\nclass node_venv_lib_python3_12_site-packages_PyQt6_Qt6_qml_QtQuick3D_designer_images_group_png fileNode\nclass node_venv_lib_python3_12_site-packages_PyQt6_Qt6_qml_QtQuick3D_designer_images_group16_png fileNode\nclass node_venv_lib_python3_12_site-packages_PyQt6_Qt6_qml_QtQuick3D_designer_images_group@2x_png fileNode\nclass node_venv_lib_python3_12_site-packages_PyQt6_Qt6_qml_QtQuick3D_designer_images_instancelist_png fileNode\nclass node_venv_lib_python3_12_site-packages_PyQt6_Qt6_qml_QtQuick3D_designer_images_instancelist16_png fileNode\nclass node_venv_lib_python3_12_site-packages_PyQt6_Qt6_qml_QtQuick3D_designer_images_instancelist@2x_png fileNode\nclass node_venv_lib_python3_12_site-packages_PyQt6_Qt6_qml_QtQuick3D_designer_images_instancelistentry_png fileNode\nclass node_venv_lib_python3_12_site-packages_PyQt6_Qt6_qml_QtQuick3D_designer_images_instancelistentry16_png fileNode\nclass node_venv_lib_python3_12_site-packages_PyQt6_Qt6_qml_QtQuick3D_designer_images_instancelistentry@2x_png fileNode\nclass node_venv_lib_python3_12_site-packages_PyQt6_Qt6_qml_QtQuick3D_designer_images_joint_png fileNode\nclass node_venv_lib_python3_12_site-packages_PyQt6_Qt6_qml_QtQuick3D_designer_images_joint16_png fileNode\nclass node_venv_lib_python3_12_site-packages_PyQt6_Qt6_qml_QtQuick3D_designer_images_joint@2x_png fileNode\nclass node_venv_lib_python3_12_site-packages_PyQt6_Qt6_qml_QtQuick3D_designer_images_lightdirectional_png fileNode\nclass node_venv_lib_python3_12_site-packages_PyQt6_Qt6_qml_QtQuick3D_designer_images_lightdirectional16_png fileNode\nclass node_venv_lib_python3_12_site-packages_PyQt6_Qt6_qml_QtQuick3D_designer_images_lightdirectional@2x_png fileNode\nclass node_venv_lib_python3_12_site-packages_PyQt6_Qt6_qml_QtQuick3D_designer_images_lightmapper_png fileNode\nclass node_venv_lib_python3_12_site-packages_PyQt6_Qt6_qml_QtQuick3D_designer_images_lightmapper16_png fileNode\nclass node_venv_lib_python3_12_site-packages_PyQt6_Qt6_qml_QtQuick3D_designer_images_lightmapper@2x_png fileNode\nclass node_venv_lib_python3_12_site-packages_PyQt6_Qt6_qml_QtQuick3D_designer_images_lightpoint_png fileNode\nclass node_venv_lib_python3_12_site-packages_PyQt6_Qt6_qml_QtQuick3D_designer_images_lightpoint16_png fileNode\nclass node_venv_lib_python3_12_site-packages_PyQt6_Qt6_qml_QtQuick3D_designer_images_lightpoint@2x_png fileNode\nclass node_venv_lib_python3_12_site-packages_PyQt6_Qt6_qml_QtQuick3D_designer_images_lightspot_png fileNode\nclass node_venv_lib_python3_12_site-packages_PyQt6_Qt6_qml_QtQuick3D_designer_images_lightspot16_png fileNode\nclass node_venv_lib_python3_12_site-packages_PyQt6_Qt6_qml_QtQuick3D_designer_images_lightspot@2x_png fileNode\nclass node_venv_lib_python3_12_site-packages_PyQt6_Qt6_qml_QtQuick3D_designer_images_loader3d_png fileNode\nclass node_venv_lib_python3_12_site-packages_PyQt6_Qt6_qml_QtQuick3D_designer_images_loader3d16_png fileNode\nclass node_venv_lib_python3_12_site-packages_PyQt6_Qt6_qml_QtQuick3D_designer_images_loader3d@2x_png fileNode\nclass node_venv_lib_python3_12_site-packages_PyQt6_Qt6_qml_QtQuick3D_designer_images_material_png fileNode\nclass node_venv_lib_python3_12_site-packages_PyQt6_Qt6_qml_QtQuick3D_designer_images_material16_png fileNode\nclass node_venv_lib_python3_12_site-packages_PyQt6_Qt6_qml_QtQuick3D_designer_images_material@2x_png fileNode\nclass node_venv_lib_python3_12_site-packages_PyQt6_Qt6_qml_QtQuick3D_designer_images_model16_png fileNode\nclass node_venv_lib_python3_12_site-packages_PyQt6_Qt6_qml_QtQuick3D_designer_images_morphtarget_png fileNode\nclass node_venv_lib_python3_12_site-packages_PyQt6_Qt6_qml_QtQuick3D_designer_images_morphtarget16_png fileNode\nclass node_venv_lib_python3_12_site-packages_PyQt6_Qt6_qml_QtQuick3D_designer_images_morphtarget@2x_png fileNode\nclass node_venv_lib_python3_12_site-packages_PyQt6_Qt6_qml_QtQuick3D_designer_images_plane_png fileNode\nclass node_venv_lib_python3_12_site-packages_PyQt6_Qt6_qml_QtQuick3D_designer_images_plane16_png fileNode\nclass node_venv_lib_python3_12_site-packages_PyQt6_Qt6_qml_QtQuick3D_designer_images_plane@2x_png fileNode\nclass node_venv_lib_python3_12_site-packages_PyQt6_Qt6_qml_QtQuick3D_designer_images_reflectionProbe_png fileNode\nclass node_venv_lib_python3_12_site-packages_PyQt6_Qt6_qml_QtQuick3D_designer_images_reflectionProbe16_png fileNode\nclass node_venv_lib_python3_12_site-packages_PyQt6_Qt6_qml_QtQuick3D_designer_images_reflectionProbe@2x_png fileNode\nclass node_venv_lib_python3_12_site-packages_PyQt6_Qt6_qml_QtQuick3D_designer_images_repeater3d_png fileNode\nclass node_venv_lib_python3_12_site-packages_PyQt6_Qt6_qml_QtQuick3D_designer_images_repeater3d16_png fileNode\nclass node_venv_lib_python3_12_site-packages_PyQt6_Qt6_qml_QtQuick3D_designer_images_repeater3d@2x_png fileNode\nclass node_venv_lib_python3_12_site-packages_PyQt6_Qt6_qml_QtQuick3D_designer_images_resourceloader_png fileNode\nclass node_venv_lib_python3_12_site-packages_PyQt6_Qt6_qml_QtQuick3D_designer_images_resourceloader16_png fileNode\nclass node_venv_lib_python3_12_site-packages_PyQt6_Qt6_qml_QtQuick3D_designer_images_resourceloader@2x_png fileNode\nclass node_venv_lib_python3_12_site-packages_PyQt6_Qt6_qml_QtQuick3D_designer_images_scene_png fileNode\nclass node_venv_lib_python3_12_site-packages_PyQt6_Qt6_qml_QtQuick3D_designer_images_scene16_png fileNode\nclass node_venv_lib_python3_12_site-packages_PyQt6_Qt6_qml_QtQuick3D_designer_images_scene@2x_png fileNode\nclass node_venv_lib_python3_12_site-packages_PyQt6_Qt6_qml_QtQuick3D_designer_images_shadercommand_png fileNode\nclass node_venv_lib_python3_12_site-packages_PyQt6_Qt6_qml_QtQuick3D_designer_images_shadercommand16_png fileNode\nclass node_venv_lib_python3_12_site-packages_PyQt6_Qt6_qml_QtQuick3D_designer_images_shadercommand@2x_png fileNode\nclass node_venv_lib_python3_12_site-packages_PyQt6_Qt6_qml_QtQuick3D_designer_images_shaderutil_png fileNode\nclass node_venv_lib_python3_12_site-packages_PyQt6_Qt6_qml_QtQuick3D_designer_images_shaderutil16_png fileNode\nclass node_venv_lib_python3_12_site-packages_PyQt6_Qt6_qml_QtQuick3D_designer_images_shaderutil@2x_png fileNode\nclass node_venv_lib_python3_12_site-packages_PyQt6_Qt6_qml_QtQuick3D_designer_images_skeleton_png fileNode\nclass node_venv_lib_python3_12_site-packages_PyQt6_Qt6_qml_QtQuick3D_designer_images_skeleton16_png fileNode\nclass node_venv_lib_python3_12_site-packages_PyQt6_Qt6_qml_QtQuick3D_designer_images_skeleton@2x_png fileNode\nclass node_venv_lib_python3_12_site-packages_PyQt6_Qt6_qml_QtQuick3D_designer_images_skin_png fileNode\nclass node_venv_lib_python3_12_site-packages_PyQt6_Qt6_qml_QtQuick3D_designer_images_skin16_png fileNode\nclass node_venv_lib_python3_12_site-packages_PyQt6_Qt6_qml_QtQuick3D_designer_images_skin@2x_png fileNode\nclass node_venv_lib_python3_12_site-packages_PyQt6_Qt6_qml_QtQuick3D_designer_images_sphere_png fileNode\nclass node_venv_lib_python3_12_site-packages_PyQt6_Qt6_qml_QtQuick3D_designer_images_sphere16_png fileNode\nclass node_venv_lib_python3_12_site-packages_PyQt6_Qt6_qml_QtQuick3D_designer_images_sphere@2x_png fileNode\nclass node_venv_lib_python3_12_site-packages_PyQt6_Qt6_qml_QtQuick3D_designer_images_texture_png fileNode\nclass node_venv_lib_python3_12_site-packages_PyQt6_Qt6_qml_QtQuick3D_designer_images_texture16_png fileNode\nclass node_venv_lib_python3_12_site-packages_PyQt6_Qt6_qml_QtQuick3D_designer_images_texture@2x_png fileNode\nclass node_venv_lib_python3_12_site-packages_PyQt6_Qt6_qml_QtQuick3D_designer_images_view3D_png fileNode\nclass node_venv_lib_python3_12_site-packages_PyQt6_Qt6_qml_QtQuick3D_designer_images_view3D16_png fileNode\nclass node_venv_lib_python3_12_site-packages_PyQt6_Qt6_qml_QtQuick3D_designer_images_view3D@2x_png fileNode\nclass node_venv_lib_python3_12_site-packages_PyQt6_Qt6_qml_QtQuick3D_designer_source_custom_material_default_shader_frag fileNode\nclass node_venv_lib_python3_12_site-packages_PyQt6_Qt6_qml_QtQuick3D_designer_source_effect_default_shader_frag fileNode\nclass node_venv_lib_python3_12_site-packages_PyQt6_Qt6_qml_QtQuick3D_designer_source_effect_template_qml fileNode\nclass node_venv_lib_python3_12_site-packages_PyQt6_Qt6_qml_QtQuick3D_designer_source_view3D_template_qml fileNode\nclass node_venv_lib_python3_12_site-packages_PyQt6_Qt6_qml_QtQuick3D_Particles3D_libqtquick3dparticles3dplugin_dylib fileNode\nclass node_venv_lib_python3_12_site-packages_PyQt6_Qt6_qml_QtQuick3D_Particles3D_plugins_qmltypes fileNode\nclass node_venv_lib_python3_12_site-packages_PyQt6_Qt6_qml_QtQuick3D_Particles3D_qmldir fileNode\nclass node_venv_lib_python3_12_site-packages_PyQt6_Qt6_qml_QtQuick3D_Particles3D_designer_Affector3DSection_qml fileNode\nclass node_venv_lib_python3_12_site-packages_PyQt6_Qt6_qml_QtQuick3D_Particles3D_designer_Affector3DSpecifics_qml fileNode\nclass node_venv_lib_python3_12_site-packages_PyQt6_Qt6_qml_QtQuick3D_Particles3D_designer_Attractor3DSection_qml fileNode\nclass node_venv_lib_python3_12_site-packages_PyQt6_Qt6_qml_QtQuick3D_Particles3D_designer_Attractor3DSpecifics_qml fileNode\nclass node_venv_lib_python3_12_site-packages_PyQt6_Qt6_qml_QtQuick3D_Particles3D_designer_DynamicBurst3DSection_qml fileNode\nclass node_venv_lib_python3_12_site-packages_PyQt6_Qt6_qml_QtQuick3D_Particles3D_designer_DynamicBurst3DSpecifics_qml fileNode\nclass node_venv_lib_python3_12_site-packages_PyQt6_Qt6_qml_QtQuick3D_Particles3D_designer_EmitBurst3DSection_qml fileNode\nclass node_venv_lib_python3_12_site-packages_PyQt6_Qt6_qml_QtQuick3D_Particles3D_designer_EmitBurst3DSpecifics_qml fileNode\nclass node_venv_lib_python3_12_site-packages_PyQt6_Qt6_qml_QtQuick3D_Particles3D_designer_Gravity3DSection_qml fileNode\nclass node_venv_lib_python3_12_site-packages_PyQt6_Qt6_qml_QtQuick3D_Particles3D_designer_Gravity3DSpecifics_qml fileNode\nclass node_venv_lib_python3_12_site-packages_PyQt6_Qt6_qml_QtQuick3D_Particles3D_designer_LineParticle3DSection_qml fileNode\nclass node_venv_lib_python3_12_site-packages_PyQt6_Qt6_qml_QtQuick3D_Particles3D_designer_LineParticle3DSpecifics_qml fileNode\nclass node_venv_lib_python3_12_site-packages_PyQt6_Qt6_qml_QtQuick3D_Particles3D_designer_ModelBlendParticle3DSection_qml fileNode\nclass node_venv_lib_python3_12_site-packages_PyQt6_Qt6_qml_QtQuick3D_Particles3D_designer_ModelBlendParticle3DSpecifics_qml fileNode\nclass node_venv_lib_python3_12_site-packages_PyQt6_Qt6_qml_QtQuick3D_Particles3D_designer_ModelParticle3DSection_qml fileNode\nclass node_venv_lib_python3_12_site-packages_PyQt6_Qt6_qml_QtQuick3D_Particles3D_designer_ModelParticle3DSpecifics_qml fileNode\nclass node_venv_lib_python3_12_site-packages_PyQt6_Qt6_qml_QtQuick3D_Particles3D_designer_NodeSection_qml fileNode\nclass node_venv_lib_python3_12_site-packages_PyQt6_Qt6_qml_QtQuick3D_Particles3D_designer_NodeSpecifics_qml fileNode\nclass node_venv_lib_python3_12_site-packages_PyQt6_Qt6_qml_QtQuick3D_Particles3D_designer_Particle3DSection_qml fileNode\nclass node_venv_lib_python3_12_site-packages_PyQt6_Qt6_qml_QtQuick3D_Particles3D_designer_Particle3DSpecifics_qml fileNode\nclass node_venv_lib_python3_12_site-packages_PyQt6_Qt6_qml_QtQuick3D_Particles3D_designer_ParticleCustomShape3DSection_qml fileNode\nclass node_venv_lib_python3_12_site-packages_PyQt6_Qt6_qml_QtQuick3D_Particles3D_designer_ParticleCustomShape3DSpecifics_qml fileNode\nclass node_venv_lib_python3_12_site-packages_PyQt6_Qt6_qml_QtQuick3D_Particles3D_designer_ParticleEmitter3DSection_qml fileNode\nclass node_venv_lib_python3_12_site-packages_PyQt6_Qt6_qml_QtQuick3D_Particles3D_designer_ParticleEmitter3DSpecifics_qml fileNode\nclass node_venv_lib_python3_12_site-packages_PyQt6_Qt6_qml_QtQuick3D_Particles3D_designer_ParticleModelShape3DSection_qml fileNode\nclass node_venv_lib_python3_12_site-packages_PyQt6_Qt6_qml_QtQuick3D_Particles3D_designer_ParticleModelShape3DSpecifics_qml fileNode\nclass node_venv_lib_python3_12_site-packages_PyQt6_Qt6_qml_QtQuick3D_Particles3D_designer_ParticleShape3DSection_qml fileNode\nclass node_venv_lib_python3_12_site-packages_PyQt6_Qt6_qml_QtQuick3D_Particles3D_designer_ParticleShape3DSpecifics_qml fileNode\nclass node_venv_lib_python3_12_site-packages_PyQt6_Qt6_qml_QtQuick3D_Particles3D_designer_ParticleSystem3DSection_qml fileNode\nclass node_venv_lib_python3_12_site-packages_PyQt6_Qt6_qml_QtQuick3D_Particles3D_designer_ParticleSystem3DSpecifics_qml fileNode\nclass node_venv_lib_python3_12_site-packages_PyQt6_Qt6_qml_QtQuick3D_Particles3D_designer_PointRotator3DSection_qml fileNode\nclass node_venv_lib_python3_12_site-packages_PyQt6_Qt6_qml_QtQuick3D_Particles3D_designer_PointRotator3DSpecifics_qml fileNode\nclass node_venv_lib_python3_12_site-packages_PyQt6_Qt6_qml_QtQuick3D_Particles3D_designer_Repeller3DSection_qml fileNode\nclass node_venv_lib_python3_12_site-packages_PyQt6_Qt6_qml_QtQuick3D_Particles3D_designer_Repeller3DSpecifics_qml fileNode\nclass node_venv_lib_python3_12_site-packages_PyQt6_Qt6_qml_QtQuick3D_Particles3D_designer_ScaleAffector3DSection_qml fileNode\nclass node_venv_lib_python3_12_site-packages_PyQt6_Qt6_qml_QtQuick3D_Particles3D_designer_ScaleAffector3DSpecifics_qml fileNode\nclass node_venv_lib_python3_12_site-packages_PyQt6_Qt6_qml_QtQuick3D_Particles3D_designer_SpriteParticle3DSection_qml fileNode\nclass node_venv_lib_python3_12_site-packages_PyQt6_Qt6_qml_QtQuick3D_Particles3D_designer_SpriteParticle3DSpecifics_qml fileNode\nclass node_venv_lib_python3_12_site-packages_PyQt6_Qt6_qml_QtQuick3D_Particles3D_designer_SpriteSequence3DSection_qml fileNode\nclass node_venv_lib_python3_12_site-packages_PyQt6_Qt6_qml_QtQuick3D_Particles3D_designer_SpriteSequence3DSpecifics_qml fileNode\nclass node_venv_lib_python3_12_site-packages_PyQt6_Qt6_qml_QtQuick3D_Particles3D_designer_TargetDirection3DSection_qml fileNode\nclass node_venv_lib_python3_12_site-packages_PyQt6_Qt6_qml_QtQuick3D_Particles3D_designer_TargetDirection3DSpecifics_qml fileNode\nclass node_venv_lib_python3_12_site-packages_PyQt6_Qt6_qml_QtQuick3D_Particles3D_designer_TrailEmitter3DSection_qml fileNode\nclass node_venv_lib_python3_12_site-packages_PyQt6_Qt6_qml_QtQuick3D_Particles3D_designer_TrailEmitter3DSpecifics_qml fileNode\nclass node_venv_lib_python3_12_site-packages_PyQt6_Qt6_qml_QtQuick3D_Particles3D_designer_VectorDirection3DSection_qml fileNode\nclass node_venv_lib_python3_12_site-packages_PyQt6_Qt6_qml_QtQuick3D_Particles3D_designer_VectorDirection3DSpecifics_qml fileNode\nclass node_venv_lib_python3_12_site-packages_PyQt6_Qt6_qml_QtQuick3D_Particles3D_designer_Wander3DSection_qml fileNode\nclass node_venv_lib_python3_12_site-packages_PyQt6_Qt6_qml_QtQuick3D_Particles3D_designer_Wander3DSpecifics_qml fileNode\nclass node_venv_lib_python3_12_site-packages_PyQt6_Qt6_qml_QtQuick3D_Particles3D_designer_particles3d_metainfo fileNode\nclass node_venv_lib_python3_12_site-packages_PyQt6_Qt6_qml_QtQuick3D_Particles3D_designer_images_attractor-16px_png fileNode\nclass node_venv_lib_python3_12_site-packages_PyQt6_Qt6_qml_QtQuick3D_Particles3D_designer_images_attractor-24px_png fileNode\nclass node_venv_lib_python3_12_site-packages_PyQt6_Qt6_qml_QtQuick3D_Particles3D_designer_images_attractor-24px@2x_png fileNode\nclass node_venv_lib_python3_12_site-packages_PyQt6_Qt6_qml_QtQuick3D_Particles3D_designer_images_dummy_png fileNode\nclass node_venv_lib_python3_12_site-packages_PyQt6_Qt6_qml_QtQuick3D_Particles3D_designer_images_dummy16_png fileNode\nclass node_venv_lib_python3_12_site-packages_PyQt6_Qt6_qml_QtQuick3D_Particles3D_designer_images_dummy@2x_png fileNode\nclass node_venv_lib_python3_12_site-packages_PyQt6_Qt6_qml_QtQuick3D_Particles3D_designer_images_emit-burst-16px_png fileNode\nclass node_venv_lib_python3_12_site-packages_PyQt6_Qt6_qml_QtQuick3D_Particles3D_designer_images_emit-burst-24px_png fileNode\nclass node_venv_lib_python3_12_site-packages_PyQt6_Qt6_qml_QtQuick3D_Particles3D_designer_images_emit-burst-24px@2x_png fileNode\nclass node_venv_lib_python3_12_site-packages_PyQt6_Qt6_qml_QtQuick3D_Particles3D_designer_images_emitter-16px_png fileNode\nclass node_venv_lib_python3_12_site-packages_PyQt6_Qt6_qml_QtQuick3D_Particles3D_designer_images_emitter-24px_png fileNode\nclass node_venv_lib_python3_12_site-packages_PyQt6_Qt6_qml_QtQuick3D_Particles3D_designer_images_emitter-24px@2x_png fileNode\nclass node_venv_lib_python3_12_site-packages_PyQt6_Qt6_qml_QtQuick3D_Particles3D_designer_images_gravity-16px_png fileNode\nclass node_venv_lib_python3_12_site-packages_PyQt6_Qt6_qml_QtQuick3D_Particles3D_designer_images_gravity-24px_png fileNode\nclass node_venv_lib_python3_12_site-packages_PyQt6_Qt6_qml_QtQuick3D_Particles3D_designer_images_gravity-24px@2x_png fileNode\nclass node_venv_lib_python3_12_site-packages_PyQt6_Qt6_qml_QtQuick3D_Particles3D_designer_images_line-particle-16px_png fileNode\nclass node_venv_lib_python3_12_site-packages_PyQt6_Qt6_qml_QtQuick3D_Particles3D_designer_images_line-particle-24px_png fileNode\nclass node_venv_lib_python3_12_site-packages_PyQt6_Qt6_qml_QtQuick3D_Particles3D_designer_images_line-particle-24px@2x_png fileNode\nclass node_venv_lib_python3_12_site-packages_PyQt6_Qt6_qml_QtQuick3D_Particles3D_designer_images_model-blend-particle-16px_png fileNode\nclass node_venv_lib_python3_12_site-packages_PyQt6_Qt6_qml_QtQuick3D_Particles3D_designer_images_model-blend-particle-24px_png fileNode\nclass node_venv_lib_python3_12_site-packages_PyQt6_Qt6_qml_QtQuick3D_Particles3D_designer_images_model-blend-particle-24px@2x_png fileNode\nclass node_venv_lib_python3_12_site-packages_PyQt6_Qt6_qml_QtQuick3D_Particles3D_designer_images_model-particle-16px_png fileNode\nclass node_venv_lib_python3_12_site-packages_PyQt6_Qt6_qml_QtQuick3D_Particles3D_designer_images_model-particle-24px_png fileNode\nclass node_venv_lib_python3_12_site-packages_PyQt6_Qt6_qml_QtQuick3D_Particles3D_designer_images_model-particle-24px@2x_png fileNode\nclass node_venv_lib_python3_12_site-packages_PyQt6_Qt6_qml_QtQuick3D_Particles3D_designer_images_model-shape-16px_png fileNode\nclass node_venv_lib_python3_12_site-packages_PyQt6_Qt6_qml_QtQuick3D_Particles3D_designer_images_model-shape-24px_png fileNode\nclass node_venv_lib_python3_12_site-packages_PyQt6_Qt6_qml_QtQuick3D_Particles3D_designer_images_model-shape-24px@2x_png fileNode\nclass node_venv_lib_python3_12_site-packages_PyQt6_Qt6_qml_QtQuick3D_Particles3D_designer_images_particle-custom-shape-16px_png fileNode\nclass node_venv_lib_python3_12_site-packages_PyQt6_Qt6_qml_QtQuick3D_Particles3D_designer_images_particle-custom-shape-24px_png fileNode\nclass node_venv_lib_python3_12_site-packages_PyQt6_Qt6_qml_QtQuick3D_Particles3D_designer_images_particle-custom-shape-24px@2x_png fileNode\nclass node_venv_lib_python3_12_site-packages_PyQt6_Qt6_qml_QtQuick3D_Particles3D_designer_images_particle-shape-16px_png fileNode\nclass node_venv_lib_python3_12_site-packages_PyQt6_Qt6_qml_QtQuick3D_Particles3D_designer_images_particle-shape-24px_png fileNode\nclass node_venv_lib_python3_12_site-packages_PyQt6_Qt6_qml_QtQuick3D_Particles3D_designer_images_particle-shape-24px@2x_png fileNode\nclass node_venv_lib_python3_12_site-packages_PyQt6_Qt6_qml_QtQuick3D_Particles3D_designer_images_particle-system-16px_png fileNode\nclass node_venv_lib_python3_12_site-packages_PyQt6_Qt6_qml_QtQuick3D_Particles3D_designer_images_particle-system-24px_png fileNode\nclass node_venv_lib_python3_12_site-packages_PyQt6_Qt6_qml_QtQuick3D_Particles3D_designer_images_particle-system-24px@2x_png fileNode\nclass node_venv_lib_python3_12_site-packages_PyQt6_Qt6_qml_QtQuick3D_Particles3D_designer_images_point-rotator-16px_png fileNode\nclass node_venv_lib_python3_12_site-packages_PyQt6_Qt6_qml_QtQuick3D_Particles3D_designer_images_point-rotator-24px_png fileNode\nclass node_venv_lib_python3_12_site-packages_PyQt6_Qt6_qml_QtQuick3D_Particles3D_designer_images_point-rotator-24px@2x_png fileNode\nclass node_venv_lib_python3_12_site-packages_PyQt6_Qt6_qml_QtQuick3D_Particles3D_designer_images_repeller-16px_png fileNode\nclass node_venv_lib_python3_12_site-packages_PyQt6_Qt6_qml_QtQuick3D_Particles3D_designer_images_repeller-24px_png fileNode\nclass node_venv_lib_python3_12_site-packages_PyQt6_Qt6_qml_QtQuick3D_Particles3D_designer_images_repeller-24px@2x_png fileNode\nclass node_venv_lib_python3_12_site-packages_PyQt6_Qt6_qml_QtQuick3D_Particles3D_designer_images_scale-affector-16px_png fileNode\nclass node_venv_lib_python3_12_site-packages_PyQt6_Qt6_qml_QtQuick3D_Particles3D_designer_images_scale-affector-24px_png fileNode\nclass node_venv_lib_python3_12_site-packages_PyQt6_Qt6_qml_QtQuick3D_Particles3D_designer_images_scale-affector-24px@2x_png fileNode\nclass node_venv_lib_python3_12_site-packages_PyQt6_Qt6_qml_QtQuick3D_Particles3D_designer_images_sprite-particle-16px_png fileNode\nclass node_venv_lib_python3_12_site-packages_PyQt6_Qt6_qml_QtQuick3D_Particles3D_designer_images_sprite-particle-24px_png fileNode\nclass node_venv_lib_python3_12_site-packages_PyQt6_Qt6_qml_QtQuick3D_Particles3D_designer_images_sprite-particle-24px@2x_png fileNode\nclass node_venv_lib_python3_12_site-packages_PyQt6_Qt6_qml_QtQuick3D_Particles3D_designer_images_sprite-sequence-16px_png fileNode\nclass node_venv_lib_python3_12_site-packages_PyQt6_Qt6_qml_QtQuick3D_Particles3D_designer_images_sprite-sequence-24px_png fileNode\nclass node_venv_lib_python3_12_site-packages_PyQt6_Qt6_qml_QtQuick3D_Particles3D_designer_images_sprite-sequence-24px@2x_png fileNode\nclass node_venv_lib_python3_12_site-packages_PyQt6_Qt6_qml_QtQuick3D_Particles3D_designer_images_target-direction-16px_png fileNode\nclass node_venv_lib_python3_12_site-packages_PyQt6_Qt6_qml_QtQuick3D_Particles3D_designer_images_target-direction-24px_png fileNode\nclass node_venv_lib_python3_12_site-packages_PyQt6_Qt6_qml_QtQuick3D_Particles3D_designer_images_target-direction-24px@2x_png fileNode\nclass node_venv_lib_python3_12_site-packages_PyQt6_Qt6_qml_QtQuick3D_Particles3D_designer_images_trail-emitter-16px_png fileNode\nclass node_venv_lib_python3_12_site-packages_PyQt6_Qt6_qml_QtQuick3D_Particles3D_designer_images_trail-emitter-24px_png fileNode\nclass node_venv_lib_python3_12_site-packages_PyQt6_Qt6_qml_QtQuick3D_Particles3D_designer_images_trail-emitter-24px@2x_png fileNode\nclass node_venv_lib_python3_12_site-packages_PyQt6_Qt6_qml_QtQuick3D_Particles3D_designer_images_vector-direction-16px_png fileNode\nclass node_venv_lib_python3_12_site-packages_PyQt6_Qt6_qml_QtQuick3D_Particles3D_designer_images_vector-direction-24px_png fileNode\nclass node_venv_lib_python3_12_site-packages_PyQt6_Qt6_qml_QtQuick3D_Particles3D_designer_images_vector-direction-24px@2x_png fileNode\nclass node_venv_lib_python3_12_site-packages_PyQt6_Qt6_qml_QtQuick3D_Particles3D_designer_images_wander-16px_png fileNode\nclass node_venv_lib_python3_12_site-packages_PyQt6_Qt6_qml_QtQuick3D_Particles3D_designer_images_wander-24px_png fileNode\nclass node_venv_lib_python3_12_site-packages_PyQt6_Qt6_qml_QtQuick3D_Particles3D_designer_images_wander-24px@2x_png fileNode\nclass node_venv_lib_python3_12_site-packages_PyQt6_Qt6_qml_QtQuick3D_Particles3D_designer_source_particlesystem_animatedsprite_template_qml fileNode\nclass node_venv_lib_python3_12_site-packages_PyQt6_Qt6_qml_QtQuick3D_Particles3D_designer_source_particlesystem_attractor_template_qml fileNode\nclass node_venv_lib_python3_12_site-packages_PyQt6_Qt6_qml_QtQuick3D_Particles3D_designer_source_particlesystem_burst_template_qml fileNode\nclass node_venv_lib_python3_12_site-packages_PyQt6_Qt6_qml_QtQuick3D_Particles3D_designer_source_particlesystem_modelblend_template_qml fileNode\nclass node_venv_lib_python3_12_site-packages_PyQt6_Qt6_qml_QtQuick3D_Particles3D_designer_source_particlesystem_modelshape_template_qml fileNode\nclass node_venv_lib_python3_12_site-packages_PyQt6_Qt6_qml_QtQuick3D_Particles3D_designer_source_particlesystem_particletrail_template_qml fileNode\nclass node_venv_lib_python3_12_site-packages_PyQt6_Qt6_qml_QtQuick3D_Particles3D_designer_source_particlesystem_sprite_template_qml fileNode\nclass node_venv_lib_python3_12_site-packages_PyQt6_Qt6_qml_QtQuick3D_Particles3D_designer_source_particlesystem_template_qml fileNode\nclass node_venv_lib_python3_12_site-packages_PyQt6_Qt6_qml_QtQuick3D_Particles3D_designer_source_particlesystem_wander_template_qml fileNode\nclass node_venv_lib_python3_12_site-packages_PyQt6_Qt6_qml_QtQuick3D_Physics_libqquick3dphysicsplugin_dylib fileNode\nclass node_venv_lib_python3_12_site-packages_PyQt6_Qt6_qml_QtQuick3D_Physics_plugins_qmltypes fileNode\nclass node_venv_lib_python3_12_site-packages_PyQt6_Qt6_qml_QtQuick3D_Physics_qmldir fileNode\nclass node_venv_lib_python3_12_site-packages_PyQt6_Qt6_qml_QtQuick3D_Physics_designer_BoxShapeSection_qml fileNode\nclass node_venv_lib_python3_12_site-packages_PyQt6_Qt6_qml_QtQuick3D_Physics_designer_BoxShapeSpecifics_qml fileNode\nclass node_venv_lib_python3_12_site-packages_PyQt6_Qt6_qml_QtQuick3D_Physics_designer_CapsuleShapeSection_qml fileNode\nclass node_venv_lib_python3_12_site-packages_PyQt6_Qt6_qml_QtQuick3D_Physics_designer_CapsuleShapeSpecifics_qml fileNode\nclass node_venv_lib_python3_12_site-packages_PyQt6_Qt6_qml_QtQuick3D_Physics_designer_CharacterControllerSection_qml fileNode\nclass node_venv_lib_python3_12_site-packages_PyQt6_Qt6_qml_QtQuick3D_Physics_designer_CharacterControllerSpecifics_qml fileNode\nclass node_venv_lib_python3_12_site-packages_PyQt6_Qt6_qml_QtQuick3D_Physics_designer_CollisionShapeSection_qml fileNode\nclass node_venv_lib_python3_12_site-packages_PyQt6_Qt6_qml_QtQuick3D_Physics_designer_ConvexMeshShapeSection_qml fileNode\nclass node_venv_lib_python3_12_site-packages_PyQt6_Qt6_qml_QtQuick3D_Physics_designer_ConvexMeshShapeSpecifics_qml fileNode\nclass node_venv_lib_python3_12_site-packages_PyQt6_Qt6_qml_QtQuick3D_Physics_designer_DynamicRigidBodySection_qml fileNode\nclass node_venv_lib_python3_12_site-packages_PyQt6_Qt6_qml_QtQuick3D_Physics_designer_DynamicRigidBodySpecifics_qml fileNode\nclass node_venv_lib_python3_12_site-packages_PyQt6_Qt6_qml_QtQuick3D_Physics_designer_HeightFieldShapeSection_qml fileNode\nclass node_venv_lib_python3_12_site-packages_PyQt6_Qt6_qml_QtQuick3D_Physics_designer_HeightFieldShapeSpecifics_qml fileNode\nclass node_venv_lib_python3_12_site-packages_PyQt6_Qt6_qml_QtQuick3D_Physics_designer_NodeSection_qml fileNode\nclass node_venv_lib_python3_12_site-packages_PyQt6_Qt6_qml_QtQuick3D_Physics_designer_PhysicsBodySection_qml fileNode\nclass node_venv_lib_python3_12_site-packages_PyQt6_Qt6_qml_QtQuick3D_Physics_designer_PhysicsMaterialSection_qml fileNode\nclass node_venv_lib_python3_12_site-packages_PyQt6_Qt6_qml_QtQuick3D_Physics_designer_PhysicsMaterialSpecifics_qml fileNode\nclass node_venv_lib_python3_12_site-packages_PyQt6_Qt6_qml_QtQuick3D_Physics_designer_PhysicsNodeSection_qml fileNode\nclass node_venv_lib_python3_12_site-packages_PyQt6_Qt6_qml_QtQuick3D_Physics_designer_PhysicsWorldSection_qml fileNode\nclass node_venv_lib_python3_12_site-packages_PyQt6_Qt6_qml_QtQuick3D_Physics_designer_PhysicsWorldSpecifics_qml fileNode\nclass node_venv_lib_python3_12_site-packages_PyQt6_Qt6_qml_QtQuick3D_Physics_designer_PlaneShapeSpecifics_qml fileNode\nclass node_venv_lib_python3_12_site-packages_PyQt6_Qt6_qml_QtQuick3D_Physics_designer_SphereShapeSection_qml fileNode\nclass node_venv_lib_python3_12_site-packages_PyQt6_Qt6_qml_QtQuick3D_Physics_designer_SphereShapeSpecifics_qml fileNode\nclass node_venv_lib_python3_12_site-packages_PyQt6_Qt6_qml_QtQuick3D_Physics_designer_StaticRigidBodySpecifics_qml fileNode\nclass node_venv_lib_python3_12_site-packages_PyQt6_Qt6_qml_QtQuick3D_Physics_designer_TriangleMeshShapeSection_qml fileNode\nclass node_venv_lib_python3_12_site-packages_PyQt6_Qt6_qml_QtQuick3D_Physics_designer_TriangleMeshShapeSpecifics_qml fileNode\nclass node_venv_lib_python3_12_site-packages_PyQt6_Qt6_qml_QtQuick3D_Physics_designer_TriggerBodySpecifics_qml fileNode\nclass node_venv_lib_python3_12_site-packages_PyQt6_Qt6_qml_QtQuick3D_Physics_designer_physics_metainfo fileNode\nclass node_venv_lib_python3_12_site-packages_PyQt6_Qt6_qml_QtQuick3D_Physics_designer_images_boxshape_png fileNode\nclass node_venv_lib_python3_12_site-packages_PyQt6_Qt6_qml_QtQuick3D_Physics_designer_images_boxshape16_png fileNode\nclass node_venv_lib_python3_12_site-packages_PyQt6_Qt6_qml_QtQuick3D_Physics_designer_images_boxshape@2x_png fileNode\nclass node_venv_lib_python3_12_site-packages_PyQt6_Qt6_qml_QtQuick3D_Physics_designer_images_capsuleshape_png fileNode\nclass node_venv_lib_python3_12_site-packages_PyQt6_Qt6_qml_QtQuick3D_Physics_designer_images_capsuleshape16_png fileNode\nclass node_venv_lib_python3_12_site-packages_PyQt6_Qt6_qml_QtQuick3D_Physics_designer_images_capsuleshape@2x_png fileNode\nclass node_venv_lib_python3_12_site-packages_PyQt6_Qt6_qml_QtQuick3D_Physics_designer_images_charactercontroller_png fileNode\nclass node_venv_lib_python3_12_site-packages_PyQt6_Qt6_qml_QtQuick3D_Physics_designer_images_charactercontroller16_png fileNode\nclass node_venv_lib_python3_12_site-packages_PyQt6_Qt6_qml_QtQuick3D_Physics_designer_images_charactercontroller@2x_png fileNode\nclass node_venv_lib_python3_12_site-packages_PyQt6_Qt6_qml_QtQuick3D_Physics_designer_images_convexmeshshape_png fileNode\nclass node_venv_lib_python3_12_site-packages_PyQt6_Qt6_qml_QtQuick3D_Physics_designer_images_convexmeshshape16_png fileNode\nclass node_venv_lib_python3_12_site-packages_PyQt6_Qt6_qml_QtQuick3D_Physics_designer_images_convexmeshshape@2x_png fileNode\nclass node_venv_lib_python3_12_site-packages_PyQt6_Qt6_qml_QtQuick3D_Physics_designer_images_dynamicrigidbody_png fileNode\nclass node_venv_lib_python3_12_site-packages_PyQt6_Qt6_qml_QtQuick3D_Physics_designer_images_dynamicrigidbody16_png fileNode\nclass node_venv_lib_python3_12_site-packages_PyQt6_Qt6_qml_QtQuick3D_Physics_designer_images_dynamicrigidbody@2x_png fileNode\nclass node_venv_lib_python3_12_site-packages_PyQt6_Qt6_qml_QtQuick3D_Physics_designer_images_heightfieldshape_png fileNode\nclass node_venv_lib_python3_12_site-packages_PyQt6_Qt6_qml_QtQuick3D_Physics_designer_images_heightfieldshape16_png fileNode\nclass node_venv_lib_python3_12_site-packages_PyQt6_Qt6_qml_QtQuick3D_Physics_designer_images_heightfieldshape@2x_png fileNode\nclass node_venv_lib_python3_12_site-packages_PyQt6_Qt6_qml_QtQuick3D_Physics_designer_images_physicsmaterial_png fileNode\nclass node_venv_lib_python3_12_site-packages_PyQt6_Qt6_qml_QtQuick3D_Physics_designer_images_physicsmaterial16_png fileNode\nclass node_venv_lib_python3_12_site-packages_PyQt6_Qt6_qml_QtQuick3D_Physics_designer_images_physicsmaterial@2x_png fileNode\nclass node_venv_lib_python3_12_site-packages_PyQt6_Qt6_qml_QtQuick3D_Physics_designer_images_physicsworld_png fileNode\nclass node_venv_lib_python3_12_site-packages_PyQt6_Qt6_qml_QtQuick3D_Physics_designer_images_physicsworld16_png fileNode\nclass node_venv_lib_python3_12_site-packages_PyQt6_Qt6_qml_QtQuick3D_Physics_designer_images_physicsworld@2x_png fileNode\nclass node_venv_lib_python3_12_site-packages_PyQt6_Qt6_qml_QtQuick3D_Physics_designer_images_planeshape_png fileNode\nclass node_venv_lib_python3_12_site-packages_PyQt6_Qt6_qml_QtQuick3D_Physics_designer_images_planeshape16_png fileNode\nclass node_venv_lib_python3_12_site-packages_PyQt6_Qt6_qml_QtQuick3D_Physics_designer_images_planeshape@2x_png fileNode\nclass node_venv_lib_python3_12_site-packages_PyQt6_Qt6_qml_QtQuick3D_Physics_designer_images_sphereshape_png fileNode\nclass node_venv_lib_python3_12_site-packages_PyQt6_Qt6_qml_QtQuick3D_Physics_designer_images_sphereshape16_png fileNode\nclass node_venv_lib_python3_12_site-packages_PyQt6_Qt6_qml_QtQuick3D_Physics_designer_images_sphereshape@2x_png fileNode\nclass node_venv_lib_python3_12_site-packages_PyQt6_Qt6_qml_QtQuick3D_Physics_designer_images_staticrigidbody_png fileNode\nclass node_venv_lib_python3_12_site-packages_PyQt6_Qt6_qml_QtQuick3D_Physics_designer_images_staticrigidbody16_png fileNode\nclass node_venv_lib_python3_12_site-packages_PyQt6_Qt6_qml_QtQuick3D_Physics_designer_images_staticrigidbody@2x_png fileNode\nclass node_venv_lib_python3_12_site-packages_PyQt6_Qt6_qml_QtQuick3D_Physics_designer_images_trianglemeshshape_png fileNode\nclass node_venv_lib_python3_12_site-packages_PyQt6_Qt6_qml_QtQuick3D_Physics_designer_images_trianglemeshshape16_png fileNode\nclass node_venv_lib_python3_12_site-packages_PyQt6_Qt6_qml_QtQuick3D_Physics_designer_images_trianglemeshshape@2x_png fileNode\nclass node_venv_lib_python3_12_site-packages_PyQt6_Qt6_qml_QtQuick3D_Physics_designer_images_triggerbody_png fileNode\nclass node_venv_lib_python3_12_site-packages_PyQt6_Qt6_qml_QtQuick3D_Physics_designer_images_triggerbody16_png fileNode\nclass node_venv_lib_python3_12_site-packages_PyQt6_Qt6_qml_QtQuick3D_Physics_designer_images_triggerbody@2x_png fileNode\nclass node_venv_lib_python3_12_site-packages_PyQt6_Qt6_qml_QtQuick3D_Physics_Helpers_libqtquick3dphysicshelpersplugin_dylib fileNode\nclass node_venv_lib_python3_12_site-packages_PyQt6_Qt6_qml_QtQuick3D_Physics_Helpers_plugins_qmltypes fileNode\nclass node_venv_lib_python3_12_site-packages_PyQt6_Qt6_qml_QtQuick3D_Physics_Helpers_qmldir fileNode\nclass node_venv_lib_python3_12_site-packages_PyQt6_Qt6_qml_QtQuick3D_Effects_AdditiveColorGradient_qml fileNode\nclass node_venv_lib_python3_12_site-packages_PyQt6_Qt6_qml_QtQuick3D_Effects_Blur_qml fileNode\nclass node_venv_lib_python3_12_site-packages_PyQt6_Qt6_qml_QtQuick3D_Effects_BrushStrokes_qml fileNode\nclass node_venv_lib_python3_12_site-packages_PyQt6_Qt6_qml_QtQuick3D_Effects_ChromaticAberration_qml fileNode\nclass node_venv_lib_python3_12_site-packages_PyQt6_Qt6_qml_QtQuick3D_Effects_ColorMaster_qml fileNode\nclass node_venv_lib_python3_12_site-packages_PyQt6_Qt6_qml_QtQuick3D_Effects_DepthOfFieldHQBlur_qml fileNode\nclass node_venv_lib_python3_12_site-packages_PyQt6_Qt6_qml_QtQuick3D_Effects_Desaturate_qml fileNode\nclass node_venv_lib_python3_12_site-packages_PyQt6_Qt6_qml_QtQuick3D_Effects_DistortionRipple_qml fileNode\nclass node_venv_lib_python3_12_site-packages_PyQt6_Qt6_qml_QtQuick3D_Effects_DistortionSphere_qml fileNode\nclass node_venv_lib_python3_12_site-packages_PyQt6_Qt6_qml_QtQuick3D_Effects_DistortionSpiral_qml fileNode\nclass node_venv_lib_python3_12_site-packages_PyQt6_Qt6_qml_QtQuick3D_Effects_EdgeDetect_qml fileNode\nclass node_venv_lib_python3_12_site-packages_PyQt6_Qt6_qml_QtQuick3D_Effects_Emboss_qml fileNode\nclass node_venv_lib_python3_12_site-packages_PyQt6_Qt6_qml_QtQuick3D_Effects_Flip_qml fileNode\nclass node_venv_lib_python3_12_site-packages_PyQt6_Qt6_qml_QtQuick3D_Effects_Fxaa_qml fileNode\nclass node_venv_lib_python3_12_site-packages_PyQt6_Qt6_qml_QtQuick3D_Effects_GaussianBlur_qml fileNode\nclass node_venv_lib_python3_12_site-packages_PyQt6_Qt6_qml_QtQuick3D_Effects_HDRBloomTonemap_qml fileNode\nclass node_venv_lib_python3_12_site-packages_PyQt6_Qt6_qml_QtQuick3D_Effects_MotionBlur_qml fileNode\nclass node_venv_lib_python3_12_site-packages_PyQt6_Qt6_qml_QtQuick3D_Effects_Quick3DEffects_qmltypes fileNode\nclass node_venv_lib_python3_12_site-packages_PyQt6_Qt6_qml_QtQuick3D_Effects_SCurveTonemap_qml fileNode\nclass node_venv_lib_python3_12_site-packages_PyQt6_Qt6_qml_QtQuick3D_Effects_Scatter_qml fileNode\nclass node_venv_lib_python3_12_site-packages_PyQt6_Qt6_qml_QtQuick3D_Effects_TiltShift_qml fileNode\nclass node_venv_lib_python3_12_site-packages_PyQt6_Qt6_qml_QtQuick3D_Effects_Vignette_qml fileNode\nclass node_venv_lib_python3_12_site-packages_PyQt6_Qt6_qml_QtQuick3D_Effects_libqtquick3deffectplugin_dylib fileNode\nclass node_venv_lib_python3_12_site-packages_PyQt6_Qt6_qml_QtQuick3D_Effects_qmldir fileNode\nclass node_venv_lib_python3_12_site-packages_PyQt6_Qt6_qml_QtQuick3D_Effects_designer_AdditiveColorGradientSection_qml fileNode\nclass node_venv_lib_python3_12_site-packages_PyQt6_Qt6_qml_QtQuick3D_Effects_designer_AdditiveColorGradientSpecifics_qml fileNode\nclass node_venv_lib_python3_12_site-packages_PyQt6_Qt6_qml_QtQuick3D_Effects_designer_BlurSection_qml fileNode\nclass node_venv_lib_python3_12_site-packages_PyQt6_Qt6_qml_QtQuick3D_Effects_designer_BlurSpecifics_qml fileNode\nclass node_venv_lib_python3_12_site-packages_PyQt6_Qt6_qml_QtQuick3D_Effects_designer_BrushStrokesSection_qml fileNode\nclass node_venv_lib_python3_12_site-packages_PyQt6_Qt6_qml_QtQuick3D_Effects_designer_BrushStrokesSpecifics_qml fileNode\nclass node_venv_lib_python3_12_site-packages_PyQt6_Qt6_qml_QtQuick3D_Effects_designer_ChromaticAberrationSection_qml fileNode\nclass node_venv_lib_python3_12_site-packages_PyQt6_Qt6_qml_QtQuick3D_Effects_designer_ChromaticAberrationSpecifics_qml fileNode\nclass node_venv_lib_python3_12_site-packages_PyQt6_Qt6_qml_QtQuick3D_Effects_designer_ColorMasterSection_qml fileNode\nclass node_venv_lib_python3_12_site-packages_PyQt6_Qt6_qml_QtQuick3D_Effects_designer_ColorMasterSpecifics_qml fileNode\nclass node_venv_lib_python3_12_site-packages_PyQt6_Qt6_qml_QtQuick3D_Effects_designer_DepthOfFieldHQBlurSection_qml fileNode\nclass node_venv_lib_python3_12_site-packages_PyQt6_Qt6_qml_QtQuick3D_Effects_designer_DepthOfFieldHQBlurSpecifics_qml fileNode\nclass node_venv_lib_python3_12_site-packages_PyQt6_Qt6_qml_QtQuick3D_Effects_designer_DesaturateSection_qml fileNode\nclass node_venv_lib_python3_12_site-packages_PyQt6_Qt6_qml_QtQuick3D_Effects_designer_DesaturateSpecifics_qml fileNode\nclass node_venv_lib_python3_12_site-packages_PyQt6_Qt6_qml_QtQuick3D_Effects_designer_DistortionRippleSection_qml fileNode\nclass node_venv_lib_python3_12_site-packages_PyQt6_Qt6_qml_QtQuick3D_Effects_designer_DistortionRippleSpecifics_qml fileNode\nclass node_venv_lib_python3_12_site-packages_PyQt6_Qt6_qml_QtQuick3D_Effects_designer_DistortionSphereSection_qml fileNode\nclass node_venv_lib_python3_12_site-packages_PyQt6_Qt6_qml_QtQuick3D_Effects_designer_DistortionSphereSpecifics_qml fileNode\nclass node_venv_lib_python3_12_site-packages_PyQt6_Qt6_qml_QtQuick3D_Effects_designer_DistortionSpiralSection_qml fileNode\nclass node_venv_lib_python3_12_site-packages_PyQt6_Qt6_qml_QtQuick3D_Effects_designer_DistortionSpiralSpecifics_qml fileNode\nclass node_venv_lib_python3_12_site-packages_PyQt6_Qt6_qml_QtQuick3D_Effects_designer_EdgeDetectSection_qml fileNode\nclass node_venv_lib_python3_12_site-packages_PyQt6_Qt6_qml_QtQuick3D_Effects_designer_EdgeDetectSpecifics_qml fileNode\nclass node_venv_lib_python3_12_site-packages_PyQt6_Qt6_qml_QtQuick3D_Effects_designer_EmbossSection_qml fileNode\nclass node_venv_lib_python3_12_site-packages_PyQt6_Qt6_qml_QtQuick3D_Effects_designer_EmbossSpecifics_qml fileNode\nclass node_venv_lib_python3_12_site-packages_PyQt6_Qt6_qml_QtQuick3D_Effects_designer_FlipSection_qml fileNode\nclass node_venv_lib_python3_12_site-packages_PyQt6_Qt6_qml_QtQuick3D_Effects_designer_FlipSpecifics_qml fileNode\nclass node_venv_lib_python3_12_site-packages_PyQt6_Qt6_qml_QtQuick3D_Effects_designer_FxaaSection_qml fileNode\nclass node_venv_lib_python3_12_site-packages_PyQt6_Qt6_qml_QtQuick3D_Effects_designer_FxaaSpecifics_qml fileNode\nclass node_venv_lib_python3_12_site-packages_PyQt6_Qt6_qml_QtQuick3D_Effects_designer_GaussianBlurSection_qml fileNode\nclass node_venv_lib_python3_12_site-packages_PyQt6_Qt6_qml_QtQuick3D_Effects_designer_GaussianBlurSpecifics_qml fileNode\nclass node_venv_lib_python3_12_site-packages_PyQt6_Qt6_qml_QtQuick3D_Effects_designer_HDRBloomTonemapSection_qml fileNode\nclass node_venv_lib_python3_12_site-packages_PyQt6_Qt6_qml_QtQuick3D_Effects_designer_HDRBloomTonemapSpecifics_qml fileNode\nclass node_venv_lib_python3_12_site-packages_PyQt6_Qt6_qml_QtQuick3D_Effects_designer_MotionBlurSection_qml fileNode\nclass node_venv_lib_python3_12_site-packages_PyQt6_Qt6_qml_QtQuick3D_Effects_designer_MotionBlurSpecifics_qml fileNode\nclass node_venv_lib_python3_12_site-packages_PyQt6_Qt6_qml_QtQuick3D_Effects_designer_SCurveTonemapSection_qml fileNode\nclass node_venv_lib_python3_12_site-packages_PyQt6_Qt6_qml_QtQuick3D_Effects_designer_SCurveTonemapSpecifics_qml fileNode\nclass node_venv_lib_python3_12_site-packages_PyQt6_Qt6_qml_QtQuick3D_Effects_designer_ScatterSection_qml fileNode\nclass node_venv_lib_python3_12_site-packages_PyQt6_Qt6_qml_QtQuick3D_Effects_designer_ScatterSpecifics_qml fileNode\nclass node_venv_lib_python3_12_site-packages_PyQt6_Qt6_qml_QtQuick3D_Effects_designer_TiltShiftSection_qml fileNode\nclass node_venv_lib_python3_12_site-packages_PyQt6_Qt6_qml_QtQuick3D_Effects_designer_TiltShiftSpecifics_qml fileNode\nclass node_venv_lib_python3_12_site-packages_PyQt6_Qt6_qml_QtQuick3D_Effects_designer_VignetteSection_qml fileNode\nclass node_venv_lib_python3_12_site-packages_PyQt6_Qt6_qml_QtQuick3D_Effects_designer_VignetteSpecifics_qml fileNode\nclass node_venv_lib_python3_12_site-packages_PyQt6_Qt6_qml_QtQuick3D_Effects_designer_effectlib_metainfo fileNode\nclass node_venv_lib_python3_12_site-packages_PyQt6_Qt6_qml_QtQuick3D_Effects_designer_images_effect_png fileNode\nclass node_venv_lib_python3_12_site-packages_PyQt6_Qt6_qml_QtQuick3D_Effects_designer_images_effect16_png fileNode\nclass node_venv_lib_python3_12_site-packages_PyQt6_Qt6_qml_QtQuick3D_Effects_designer_images_effect@2x_png fileNode\nclass node_venv_lib_python3_12_site-packages_PyQt6_Qt6_qml_QtQuick3D_Helpers_AxisHelper_qml fileNode\nclass node_venv_lib_python3_12_site-packages_PyQt6_Qt6_qml_QtQuick3D_Helpers_DebugView_qml fileNode\nclass node_venv_lib_python3_12_site-packages_PyQt6_Qt6_qml_QtQuick3D_Helpers_ExtendedSceneEnvironment_qml fileNode\nclass node_venv_lib_python3_12_site-packages_PyQt6_Qt6_qml_QtQuick3D_Helpers_LodManager_qml fileNode\nclass node_venv_lib_python3_12_site-packages_PyQt6_Qt6_qml_QtQuick3D_Helpers_OrbitCameraController_qml fileNode\nclass node_venv_lib_python3_12_site-packages_PyQt6_Qt6_qml_QtQuick3D_Helpers_WasdController_qml fileNode\nclass node_venv_lib_python3_12_site-packages_PyQt6_Qt6_qml_QtQuick3D_Helpers_libqtquick3dhelpersplugin_dylib fileNode\nclass node_venv_lib_python3_12_site-packages_PyQt6_Qt6_qml_QtQuick3D_Helpers_plugins_qmltypes fileNode\nclass node_venv_lib_python3_12_site-packages_PyQt6_Qt6_qml_QtQuick3D_Helpers_qmldir fileNode\nclass node_venv_lib_python3_12_site-packages_PyQt6_Qt6_qml_QtQuick3D_Helpers_impl_DepthOfFieldBlur_qml fileNode\nclass node_venv_lib_python3_12_site-packages_PyQt6_Qt6_qml_QtQuick3D_Helpers_impl_SceneEffect_qml fileNode\nclass node_venv_lib_python3_12_site-packages_PyQt6_Qt6_qml_QtQuick3D_Helpers_impl_libqtquick3dhelpersimplplugin_dylib fileNode\nclass node_venv_lib_python3_12_site-packages_PyQt6_Qt6_qml_QtQuick3D_Helpers_impl_plugins_qmltypes fileNode\nclass node_venv_lib_python3_12_site-packages_PyQt6_Qt6_qml_QtQuick3D_Helpers_impl_qmldir fileNode\nclass node_venv_lib_python3_12_site-packages_PyQt6_Qt6_qml_QtQuick3D_Helpers_meshes_axisGrid_mesh fileNode\nclass node_venv_lib_python3_12_site-packages_PyQt6_Qt6_qml_QtQuick3D_Helpers_designer_AxisHelperSection_qml fileNode\nclass node_venv_lib_python3_12_site-packages_PyQt6_Qt6_qml_QtQuick3D_Helpers_designer_AxisHelperSpecifics_qml fileNode\nclass node_venv_lib_python3_12_site-packages_PyQt6_Qt6_qml_QtQuick3D_Helpers_designer_DebugViewSection_qml fileNode\nclass node_venv_lib_python3_12_site-packages_PyQt6_Qt6_qml_QtQuick3D_Helpers_designer_DebugViewSpecifics_qml fileNode\nclass node_venv_lib_python3_12_site-packages_PyQt6_Qt6_qml_QtQuick3D_Helpers_designer_ExtendedSceneEnvironmentSection_qml fileNode\nclass node_venv_lib_python3_12_site-packages_PyQt6_Qt6_qml_QtQuick3D_Helpers_designer_ExtendedSceneEnvironmentSpecifics_qml fileNode\nclass node_venv_lib_python3_12_site-packages_PyQt6_Qt6_qml_QtQuick3D_Helpers_designer_GridGeometrySection_qml fileNode\nclass node_venv_lib_python3_12_site-packages_PyQt6_Qt6_qml_QtQuick3D_Helpers_designer_GridGeometrySpecifics_qml fileNode\nclass node_venv_lib_python3_12_site-packages_PyQt6_Qt6_qml_QtQuick3D_Helpers_designer_HeightFieldGeometrySection_qml fileNode\nclass node_venv_lib_python3_12_site-packages_PyQt6_Qt6_qml_QtQuick3D_Helpers_designer_HeightFieldGeometrySpecifics_qml fileNode\nclass node_venv_lib_python3_12_site-packages_PyQt6_Qt6_qml_QtQuick3D_Helpers_designer_InfiniteGridSection_qml fileNode\nclass node_venv_lib_python3_12_site-packages_PyQt6_Qt6_qml_QtQuick3D_Helpers_designer_InfiniteGridSpecifics_qml fileNode\nclass node_venv_lib_python3_12_site-packages_PyQt6_Qt6_qml_QtQuick3D_Helpers_designer_InstanceModelSection_qml fileNode\nclass node_venv_lib_python3_12_site-packages_PyQt6_Qt6_qml_QtQuick3D_Helpers_designer_InstanceModelSpecifics_qml fileNode\nclass node_venv_lib_python3_12_site-packages_PyQt6_Qt6_qml_QtQuick3D_Helpers_designer_InstanceRepeaterSection_qml fileNode\nclass node_venv_lib_python3_12_site-packages_PyQt6_Qt6_qml_QtQuick3D_Helpers_designer_InstanceRepeaterSpecifics_qml fileNode\nclass node_venv_lib_python3_12_site-packages_PyQt6_Qt6_qml_QtQuick3D_Helpers_designer_LodManagerSection_qml fileNode\nclass node_venv_lib_python3_12_site-packages_PyQt6_Qt6_qml_QtQuick3D_Helpers_designer_LodManagerSpecifics_qml fileNode\nclass node_venv_lib_python3_12_site-packages_PyQt6_Qt6_qml_QtQuick3D_Helpers_designer_LookAtNodeSection_qml fileNode\nclass node_venv_lib_python3_12_site-packages_PyQt6_Qt6_qml_QtQuick3D_Helpers_designer_LookAtNodeSpecifics_qml fileNode\nclass node_venv_lib_python3_12_site-packages_PyQt6_Qt6_qml_QtQuick3D_Helpers_designer_NodeSection_qml fileNode\nclass node_venv_lib_python3_12_site-packages_PyQt6_Qt6_qml_QtQuick3D_Helpers_designer_OrbitCameraControllerSection_qml fileNode\nclass node_venv_lib_python3_12_site-packages_PyQt6_Qt6_qml_QtQuick3D_Helpers_designer_OrbitCameraControllerSpecifics_qml fileNode\nclass node_venv_lib_python3_12_site-packages_PyQt6_Qt6_qml_QtQuick3D_Helpers_designer_ProceduralSkyTextureDataSection_qml fileNode\nclass node_venv_lib_python3_12_site-packages_PyQt6_Qt6_qml_QtQuick3D_Helpers_designer_ProceduralSkyTextureDataSpecifics_qml fileNode\nclass node_venv_lib_python3_12_site-packages_PyQt6_Qt6_qml_QtQuick3D_Helpers_designer_Repeater3DSection_qml fileNode\nclass node_venv_lib_python3_12_site-packages_PyQt6_Qt6_qml_QtQuick3D_Helpers_designer_WasdControllerSection_qml fileNode\nclass node_venv_lib_python3_12_site-packages_PyQt6_Qt6_qml_QtQuick3D_Helpers_designer_WasdControllerSpecifics_qml fileNode\nclass node_venv_lib_python3_12_site-packages_PyQt6_Qt6_qml_QtQuick3D_Helpers_designer_helpers_metainfo fileNode\nclass node_venv_lib_python3_12_site-packages_PyQt6_Qt6_qml_QtQuick3D_Helpers_designer_images_axishelper_png fileNode\nclass node_venv_lib_python3_12_site-packages_PyQt6_Qt6_qml_QtQuick3D_Helpers_designer_images_axishelper16_png fileNode\nclass node_venv_lib_python3_12_site-packages_PyQt6_Qt6_qml_QtQuick3D_Helpers_designer_images_axishelper@2x_png fileNode\nclass node_venv_lib_python3_12_site-packages_PyQt6_Qt6_qml_QtQuick3D_Helpers_designer_images_debugview_png fileNode\nclass node_venv_lib_python3_12_site-packages_PyQt6_Qt6_qml_QtQuick3D_Helpers_designer_images_debugview16_png fileNode\nclass node_venv_lib_python3_12_site-packages_PyQt6_Qt6_qml_QtQuick3D_Helpers_designer_images_debugview@2x_png fileNode\nclass node_venv_lib_python3_12_site-packages_PyQt6_Qt6_qml_QtQuick3D_Helpers_designer_images_dummy_png fileNode\nclass node_venv_lib_python3_12_site-packages_PyQt6_Qt6_qml_QtQuick3D_Helpers_designer_images_dummy16_png fileNode\nclass node_venv_lib_python3_12_site-packages_PyQt6_Qt6_qml_QtQuick3D_Helpers_designer_images_dummy@2x_png fileNode\nclass node_venv_lib_python3_12_site-packages_PyQt6_Qt6_qml_QtQuick3D_Helpers_designer_images_extendedsceneenvironment_png fileNode\nclass node_venv_lib_python3_12_site-packages_PyQt6_Qt6_qml_QtQuick3D_Helpers_designer_images_extendedsceneenvironment16_png fileNode\nclass node_venv_lib_python3_12_site-packages_PyQt6_Qt6_qml_QtQuick3D_Helpers_designer_images_extendedsceneenvironment@2x_png fileNode\nclass node_venv_lib_python3_12_site-packages_PyQt6_Qt6_qml_QtQuick3D_Helpers_designer_images_gridgeometry_png fileNode\nclass node_venv_lib_python3_12_site-packages_PyQt6_Qt6_qml_QtQuick3D_Helpers_designer_images_gridgeometry16_png fileNode\nclass node_venv_lib_python3_12_site-packages_PyQt6_Qt6_qml_QtQuick3D_Helpers_designer_images_gridgeometry@2x_png fileNode\nclass node_venv_lib_python3_12_site-packages_PyQt6_Qt6_qml_QtQuick3D_Helpers_designer_images_heightfieldgeometry_png fileNode\nclass node_venv_lib_python3_12_site-packages_PyQt6_Qt6_qml_QtQuick3D_Helpers_designer_images_heightfieldgeometry16_png fileNode\nclass node_venv_lib_python3_12_site-packages_PyQt6_Qt6_qml_QtQuick3D_Helpers_designer_images_heightfieldgeometry@2x_png fileNode\nclass node_venv_lib_python3_12_site-packages_PyQt6_Qt6_qml_QtQuick3D_Helpers_designer_images_infinitegrid_png fileNode\nclass node_venv_lib_python3_12_site-packages_PyQt6_Qt6_qml_QtQuick3D_Helpers_designer_images_infinitegrid16_png fileNode\nclass node_venv_lib_python3_12_site-packages_PyQt6_Qt6_qml_QtQuick3D_Helpers_designer_images_infinitegrid@2x_png fileNode\nclass node_venv_lib_python3_12_site-packages_PyQt6_Qt6_qml_QtQuick3D_Helpers_designer_images_instancemodel_png fileNode\nclass node_venv_lib_python3_12_site-packages_PyQt6_Qt6_qml_QtQuick3D_Helpers_designer_images_instancemodel16_png fileNode\nclass node_venv_lib_python3_12_site-packages_PyQt6_Qt6_qml_QtQuick3D_Helpers_designer_images_instancemodel@2x_png fileNode\nclass node_venv_lib_python3_12_site-packages_PyQt6_Qt6_qml_QtQuick3D_Helpers_designer_images_instancerepeater_png fileNode\nclass node_venv_lib_python3_12_site-packages_PyQt6_Qt6_qml_QtQuick3D_Helpers_designer_images_instancerepeater16_png fileNode\nclass node_venv_lib_python3_12_site-packages_PyQt6_Qt6_qml_QtQuick3D_Helpers_designer_images_instancerepeater@2x_png fileNode\nclass node_venv_lib_python3_12_site-packages_PyQt6_Qt6_qml_QtQuick3D_Helpers_designer_images_lodmanager_png fileNode\nclass node_venv_lib_python3_12_site-packages_PyQt6_Qt6_qml_QtQuick3D_Helpers_designer_images_lodmanager16_png fileNode\nclass node_venv_lib_python3_12_site-packages_PyQt6_Qt6_qml_QtQuick3D_Helpers_designer_images_lodmanager@2x_png fileNode\nclass node_venv_lib_python3_12_site-packages_PyQt6_Qt6_qml_QtQuick3D_Helpers_designer_images_lookatnode_png fileNode\nclass node_venv_lib_python3_12_site-packages_PyQt6_Qt6_qml_QtQuick3D_Helpers_designer_images_lookatnode16_png fileNode\nclass node_venv_lib_python3_12_site-packages_PyQt6_Qt6_qml_QtQuick3D_Helpers_designer_images_lookatnode@2x_png fileNode\nclass node_venv_lib_python3_12_site-packages_PyQt6_Qt6_qml_QtQuick3D_Helpers_designer_images_orbitcameracontroller_png fileNode\nclass node_venv_lib_python3_12_site-packages_PyQt6_Qt6_qml_QtQuick3D_Helpers_designer_images_orbitcameracontroller16_png fileNode\nclass node_venv_lib_python3_12_site-packages_PyQt6_Qt6_qml_QtQuick3D_Helpers_designer_images_orbitcameracontroller@2x_png fileNode\nclass node_venv_lib_python3_12_site-packages_PyQt6_Qt6_qml_QtQuick3D_Helpers_designer_images_proceduralskytexturedata_png fileNode\nclass node_venv_lib_python3_12_site-packages_PyQt6_Qt6_qml_QtQuick3D_Helpers_designer_images_proceduralskytexturedata16_png fileNode\nclass node_venv_lib_python3_12_site-packages_PyQt6_Qt6_qml_QtQuick3D_Helpers_designer_images_proceduralskytexturedata@2x_png fileNode\nclass node_venv_lib_python3_12_site-packages_PyQt6_Qt6_qml_QtQuick3D_Helpers_designer_images_wasdcontroller_png fileNode\nclass node_venv_lib_python3_12_site-packages_PyQt6_Qt6_qml_QtQuick3D_Helpers_designer_images_wasdcontroller16_png fileNode\nclass node_venv_lib_python3_12_site-packages_PyQt6_Qt6_qml_QtQuick3D_Helpers_designer_images_wasdcontroller@2x_png fileNode\nclass node_venv_lib_python3_12_site-packages_PyQt6_Qt6_qml_QtRemoteObjects_libdeclarative_remoteobjectsplugin_dylib fileNode\nclass node_venv_lib_python3_12_site-packages_PyQt6_Qt6_qml_QtRemoteObjects_plugins_qmltypes fileNode\nclass node_venv_lib_python3_12_site-packages_PyQt6_Qt6_qml_QtRemoteObjects_qmldir fileNode\nclass node_venv_lib_python3_12_site-packages_PyQt6_Qt6_qml_QtSensors_libsensorsquickplugin_dylib fileNode\nclass node_venv_lib_python3_12_site-packages_PyQt6_Qt6_qml_QtSensors_plugins_qmltypes fileNode\nclass node_venv_lib_python3_12_site-packages_PyQt6_Qt6_qml_QtSensors_qmldir fileNode\nclass node_venv_lib_python3_12_site-packages_PyQt6_Qt6_qml_QtQuick_libqtquick2plugin_dylib fileNode\nclass node_venv_lib_python3_12_site-packages_PyQt6_Qt6_qml_QtQuick_plugins_qmltypes fileNode\nclass node_venv_lib_python3_12_site-packages_PyQt6_Qt6_qml_QtQuick_qmldir fileNode\nclass node_venv_lib_python3_12_site-packages_PyQt6_Qt6_qml_QtQuick_tooling_Component_qml fileNode\nclass node_venv_lib_python3_12_site-packages_PyQt6_Qt6_qml_QtQuick_tooling_Enum_qml fileNode\nclass node_venv_lib_python3_12_site-packages_PyQt6_Qt6_qml_QtQuick_tooling_Member_qml fileNode\nclass node_venv_lib_python3_12_site-packages_PyQt6_Qt6_qml_QtQuick_tooling_Method_qml fileNode\nclass node_venv_lib_python3_12_site-packages_PyQt6_Qt6_qml_QtQuick_tooling_Module_qml fileNode\nclass node_venv_lib_python3_12_site-packages_PyQt6_Qt6_qml_QtQuick_tooling_Parameter_qml fileNode\nclass node_venv_lib_python3_12_site-packages_PyQt6_Qt6_qml_QtQuick_tooling_Property_qml fileNode\nclass node_venv_lib_python3_12_site-packages_PyQt6_Qt6_qml_QtQuick_tooling_Signal_qml fileNode\nclass node_venv_lib_python3_12_site-packages_PyQt6_Qt6_qml_QtQuick_tooling_libquicktoolingplugin_dylib fileNode\nclass node_venv_lib_python3_12_site-packages_PyQt6_Qt6_qml_QtQuick_tooling_qmldir fileNode\nclass node_venv_lib_python3_12_site-packages_PyQt6_Qt6_qml_QtQuick_tooling_quicktooling_qmltypes fileNode\nclass node_venv_lib_python3_12_site-packages_PyQt6_Qt6_qml_QtQuick_Scene2D_libqtquickscene2dplugin_dylib fileNode\nclass node_venv_lib_python3_12_site-packages_PyQt6_Qt6_qml_QtQuick_Scene2D_plugins_qmltypes fileNode\nclass node_venv_lib_python3_12_site-packages_PyQt6_Qt6_qml_QtQuick_Scene2D_qmldir fileNode\nclass node_venv_lib_python3_12_site-packages_PyQt6_Qt6_qml_QtQuick_Pdf_PdfLinkDelegate_qml fileNode\nclass node_venv_lib_python3_12_site-packages_PyQt6_Qt6_qml_QtQuick_Pdf_PdfMultiPageView_qml fileNode\nclass node_venv_lib_python3_12_site-packages_PyQt6_Qt6_qml_QtQuick_Pdf_PdfPageView_qml fileNode\nclass node_venv_lib_python3_12_site-packages_PyQt6_Qt6_qml_QtQuick_Pdf_PdfScrollablePageView_qml fileNode\nclass node_venv_lib_python3_12_site-packages_PyQt6_Qt6_qml_QtQuick_Pdf_PdfStyle_qml fileNode\nclass node_venv_lib_python3_12_site-packages_PyQt6_Qt6_qml_QtQuick_Pdf_libpdfquickplugin_dylib fileNode\nclass node_venv_lib_python3_12_site-packages_PyQt6_Qt6_qml_QtQuick_Pdf_plugins_qmltypes fileNode\nclass node_venv_lib_python3_12_site-packages_PyQt6_Qt6_qml_QtQuick_Pdf_qmldir fileNode\nclass node_venv_lib_python3_12_site-packages_PyQt6_Qt6_qml_QtQuick_Pdf_+Universal_PdfStyle_qml fileNode\nclass node_venv_lib_python3_12_site-packages_PyQt6_Qt6_qml_QtQuick_Pdf_+Material_PdfStyle_qml fileNode\nclass node_venv_lib_python3_12_site-packages_PyQt6_Qt6_qml_QtQuick_Shapes_libqmlshapesplugin_dylib fileNode\nclass node_venv_lib_python3_12_site-packages_PyQt6_Qt6_qml_QtQuick_Shapes_plugins_qmltypes fileNode\nclass node_venv_lib_python3_12_site-packages_PyQt6_Qt6_qml_QtQuick_Shapes_qmldir fileNode\nclass node_venv_lib_python3_12_site-packages_PyQt6_Qt6_qml_QtQuick_Shapes_DesignHelpers_libqtquickshapesdesignhelpersplugin_dylib fileNode\nclass node_venv_lib_python3_12_site-packages_PyQt6_Qt6_qml_QtQuick_Shapes_DesignHelpers_plugins_qmltypes fileNode\nclass node_venv_lib_python3_12_site-packages_PyQt6_Qt6_qml_QtQuick_Shapes_DesignHelpers_qmldir fileNode\nclass node_venv_lib_python3_12_site-packages_PyQt6_Qt6_qml_QtQuick_Particles_libparticlesplugin_dylib fileNode\nclass node_venv_lib_python3_12_site-packages_PyQt6_Qt6_qml_QtQuick_Particles_plugins_qmltypes fileNode\nclass node_venv_lib_python3_12_site-packages_PyQt6_Qt6_qml_QtQuick_Particles_qmldir fileNode\nclass node_venv_lib_python3_12_site-packages_PyQt6_Qt6_qml_QtQuick_VectorImage_libqquickvectorimageplugin_dylib fileNode\nclass node_venv_lib_python3_12_site-packages_PyQt6_Qt6_qml_QtQuick_VectorImage_plugins_qmltypes fileNode\nclass node_venv_lib_python3_12_site-packages_PyQt6_Qt6_qml_QtQuick_VectorImage_qmldir fileNode\nclass node_venv_lib_python3_12_site-packages_PyQt6_Qt6_qml_QtQuick_VectorImage_Helpers_libqquickvectorimagehelpersplugin_dylib fileNode\nclass node_venv_lib_python3_12_site-packages_PyQt6_Qt6_qml_QtQuick_VectorImage_Helpers_plugins_qmltypes fileNode\nclass node_venv_lib_python3_12_site-packages_PyQt6_Qt6_qml_QtQuick_VectorImage_Helpers_qmldir fileNode\nclass node_venv_lib_python3_12_site-packages_PyQt6_Qt6_qml_QtQuick_Controls_libqtquickcontrols2plugin_dylib fileNode\nclass node_venv_lib_python3_12_site-packages_PyQt6_Qt6_qml_QtQuick_Controls_plugins_qmltypes fileNode\nclass node_venv_lib_python3_12_site-packages_PyQt6_Qt6_qml_QtQuick_Controls_qmldir fileNode\nclass node_venv_lib_python3_12_site-packages_PyQt6_Qt6_qml_QtQuick_Controls_Fusion_ApplicationWindow_qml fileNode\nclass node_venv_lib_python3_12_site-packages_PyQt6_Qt6_qml_QtQuick_Controls_Fusion_BusyIndicator_qml fileNode\nclass node_venv_lib_python3_12_site-packages_PyQt6_Qt6_qml_QtQuick_Controls_Fusion_Button_qml fileNode\nclass node_venv_lib_python3_12_site-packages_PyQt6_Qt6_qml_QtQuick_Controls_Fusion_CheckBox_qml fileNode\nclass node_venv_lib_python3_12_site-packages_PyQt6_Qt6_qml_QtQuick_Controls_Fusion_CheckDelegate_qml fileNode\nclass node_venv_lib_python3_12_site-packages_PyQt6_Qt6_qml_QtQuick_Controls_Fusion_ComboBox_qml fileNode\nclass node_venv_lib_python3_12_site-packages_PyQt6_Qt6_qml_QtQuick_Controls_Fusion_DelayButton_qml fileNode\nclass node_venv_lib_python3_12_site-packages_PyQt6_Qt6_qml_QtQuick_Controls_Fusion_Dial_qml fileNode\nclass node_venv_lib_python3_12_site-packages_PyQt6_Qt6_qml_QtQuick_Controls_Fusion_Dialog_qml fileNode\nclass node_venv_lib_python3_12_site-packages_PyQt6_Qt6_qml_QtQuick_Controls_Fusion_DialogButtonBox_qml fileNode\nclass node_venv_lib_python3_12_site-packages_PyQt6_Qt6_qml_QtQuick_Controls_Fusion_Drawer_qml fileNode\nclass node_venv_lib_python3_12_site-packages_PyQt6_Qt6_qml_QtQuick_Controls_Fusion_Frame_qml fileNode\nclass node_venv_lib_python3_12_site-packages_PyQt6_Qt6_qml_QtQuick_Controls_Fusion_GroupBox_qml fileNode\nclass node_venv_lib_python3_12_site-packages_PyQt6_Qt6_qml_QtQuick_Controls_Fusion_HorizontalHeaderView_qml fileNode\nclass node_venv_lib_python3_12_site-packages_PyQt6_Qt6_qml_QtQuick_Controls_Fusion_HorizontalHeaderViewDelegate_qml fileNode\nclass node_venv_lib_python3_12_site-packages_PyQt6_Qt6_qml_QtQuick_Controls_Fusion_ItemDelegate_qml fileNode\nclass node_venv_lib_python3_12_site-packages_PyQt6_Qt6_qml_QtQuick_Controls_Fusion_Label_qml fileNode\nclass node_venv_lib_python3_12_site-packages_PyQt6_Qt6_qml_QtQuick_Controls_Fusion_Menu_qml fileNode\nclass node_venv_lib_python3_12_site-packages_PyQt6_Qt6_qml_QtQuick_Controls_Fusion_MenuBar_qml fileNode\nclass node_venv_lib_python3_12_site-packages_PyQt6_Qt6_qml_QtQuick_Controls_Fusion_MenuBarItem_qml fileNode\nclass node_venv_lib_python3_12_site-packages_PyQt6_Qt6_qml_QtQuick_Controls_Fusion_MenuItem_qml fileNode\nclass node_venv_lib_python3_12_site-packages_PyQt6_Qt6_qml_QtQuick_Controls_Fusion_MenuSeparator_qml fileNode\nclass node_venv_lib_python3_12_site-packages_PyQt6_Qt6_qml_QtQuick_Controls_Fusion_Page_qml fileNode\nclass node_venv_lib_python3_12_site-packages_PyQt6_Qt6_qml_QtQuick_Controls_Fusion_PageIndicator_qml fileNode\nclass node_venv_lib_python3_12_site-packages_PyQt6_Qt6_qml_QtQuick_Controls_Fusion_Pane_qml fileNode\nclass node_venv_lib_python3_12_site-packages_PyQt6_Qt6_qml_QtQuick_Controls_Fusion_Popup_qml fileNode\nclass node_venv_lib_python3_12_site-packages_PyQt6_Qt6_qml_QtQuick_Controls_Fusion_ProgressBar_qml fileNode\nclass node_venv_lib_python3_12_site-packages_PyQt6_Qt6_qml_QtQuick_Controls_Fusion_RadioButton_qml fileNode\nclass node_venv_lib_python3_12_site-packages_PyQt6_Qt6_qml_QtQuick_Controls_Fusion_RadioDelegate_qml fileNode\nclass node_venv_lib_python3_12_site-packages_PyQt6_Qt6_qml_QtQuick_Controls_Fusion_RangeSlider_qml fileNode\nclass node_venv_lib_python3_12_site-packages_PyQt6_Qt6_qml_QtQuick_Controls_Fusion_RoundButton_qml fileNode\nclass node_venv_lib_python3_12_site-packages_PyQt6_Qt6_qml_QtQuick_Controls_Fusion_ScrollBar_qml fileNode\nclass node_venv_lib_python3_12_site-packages_PyQt6_Qt6_qml_QtQuick_Controls_Fusion_ScrollIndicator_qml fileNode\nclass node_venv_lib_python3_12_site-packages_PyQt6_Qt6_qml_QtQuick_Controls_Fusion_ScrollView_qml fileNode\nclass node_venv_lib_python3_12_site-packages_PyQt6_Qt6_qml_QtQuick_Controls_Fusion_SearchField_qml fileNode\nclass node_venv_lib_python3_12_site-packages_PyQt6_Qt6_qml_QtQuick_Controls_Fusion_SelectionRectangle_qml fileNode\nclass node_venv_lib_python3_12_site-packages_PyQt6_Qt6_qml_QtQuick_Controls_Fusion_Slider_qml fileNode\nclass node_venv_lib_python3_12_site-packages_PyQt6_Qt6_qml_QtQuick_Controls_Fusion_SpinBox_qml fileNode\nclass node_venv_lib_python3_12_site-packages_PyQt6_Qt6_qml_QtQuick_Controls_Fusion_SplitView_qml fileNode\nclass node_venv_lib_python3_12_site-packages_PyQt6_Qt6_qml_QtQuick_Controls_Fusion_SwipeDelegate_qml fileNode\nclass node_venv_lib_python3_12_site-packages_PyQt6_Qt6_qml_QtQuick_Controls_Fusion_Switch_qml fileNode\nclass node_venv_lib_python3_12_site-packages_PyQt6_Qt6_qml_QtQuick_Controls_Fusion_SwitchDelegate_qml fileNode\nclass node_venv_lib_python3_12_site-packages_PyQt6_Qt6_qml_QtQuick_Controls_Fusion_TabBar_qml fileNode\nclass node_venv_lib_python3_12_site-packages_PyQt6_Qt6_qml_QtQuick_Controls_Fusion_TabButton_qml fileNode\nclass node_venv_lib_python3_12_site-packages_PyQt6_Qt6_qml_QtQuick_Controls_Fusion_TextArea_qml fileNode\nclass node_venv_lib_python3_12_site-packages_PyQt6_Qt6_qml_QtQuick_Controls_Fusion_TextField_qml fileNode\nclass node_venv_lib_python3_12_site-packages_PyQt6_Qt6_qml_QtQuick_Controls_Fusion_ToolBar_qml fileNode\nclass node_venv_lib_python3_12_site-packages_PyQt6_Qt6_qml_QtQuick_Controls_Fusion_ToolButton_qml fileNode\nclass node_venv_lib_python3_12_site-packages_PyQt6_Qt6_qml_QtQuick_Controls_Fusion_ToolSeparator_qml fileNode\nclass node_venv_lib_python3_12_site-packages_PyQt6_Qt6_qml_QtQuick_Controls_Fusion_ToolTip_qml fileNode\nclass node_venv_lib_python3_12_site-packages_PyQt6_Qt6_qml_QtQuick_Controls_Fusion_TreeViewDelegate_qml fileNode\nclass node_venv_lib_python3_12_site-packages_PyQt6_Qt6_qml_QtQuick_Controls_Fusion_Tumbler_qml fileNode\nclass node_venv_lib_python3_12_site-packages_PyQt6_Qt6_qml_QtQuick_Controls_Fusion_VerticalHeaderView_qml fileNode\nclass node_venv_lib_python3_12_site-packages_PyQt6_Qt6_qml_QtQuick_Controls_Fusion_VerticalHeaderViewDelegate_qml fileNode\nclass node_venv_lib_python3_12_site-packages_PyQt6_Qt6_qml_QtQuick_Controls_Fusion_libqtquickcontrols2fusionstyleplugin_dylib fileNode\nclass node_venv_lib_python3_12_site-packages_PyQt6_Qt6_qml_QtQuick_Controls_Fusion_plugins_qmltypes fileNode\nclass node_venv_lib_python3_12_site-packages_PyQt6_Qt6_qml_QtQuick_Controls_Fusion_qmldir fileNode\nclass node_venv_lib_python3_12_site-packages_PyQt6_Qt6_qml_QtQuick_Controls_Fusion_impl_ButtonPanel_qml fileNode\nclass node_venv_lib_python3_12_site-packages_PyQt6_Qt6_qml_QtQuick_Controls_Fusion_impl_CheckIndicator_qml fileNode\nclass node_venv_lib_python3_12_site-packages_PyQt6_Qt6_qml_QtQuick_Controls_Fusion_impl_RadioIndicator_qml fileNode\nclass node_venv_lib_python3_12_site-packages_PyQt6_Qt6_qml_QtQuick_Controls_Fusion_impl_SliderGroove_qml fileNode\nclass node_venv_lib_python3_12_site-packages_PyQt6_Qt6_qml_QtQuick_Controls_Fusion_impl_SliderHandle_qml fileNode\nclass node_venv_lib_python3_12_site-packages_PyQt6_Qt6_qml_QtQuick_Controls_Fusion_impl_SwitchIndicator_qml fileNode\nclass node_venv_lib_python3_12_site-packages_PyQt6_Qt6_qml_QtQuick_Controls_Fusion_impl_TextFieldBackground_qml fileNode\nclass node_venv_lib_python3_12_site-packages_PyQt6_Qt6_qml_QtQuick_Controls_Fusion_impl_libqtquickcontrols2fusionstyleimplplugin_dylib fileNode\nclass node_venv_lib_python3_12_site-packages_PyQt6_Qt6_qml_QtQuick_Controls_Fusion_impl_plugins_qmltypes fileNode\nclass node_venv_lib_python3_12_site-packages_PyQt6_Qt6_qml_QtQuick_Controls_Fusion_impl_qmldir fileNode\nclass node_venv_lib_python3_12_site-packages_PyQt6_Qt6_qml_QtQuick_Controls_impl_libqtquickcontrols2implplugin_dylib fileNode\nclass node_venv_lib_python3_12_site-packages_PyQt6_Qt6_qml_QtQuick_Controls_impl_plugins_qmltypes fileNode\nclass node_venv_lib_python3_12_site-packages_PyQt6_Qt6_qml_QtQuick_Controls_impl_qmldir fileNode\nclass node_venv_lib_python3_12_site-packages_PyQt6_Qt6_qml_QtQuick_Controls_FluentWinUI3_ApplicationWindow_qml fileNode\nclass node_venv_lib_python3_12_site-packages_PyQt6_Qt6_qml_QtQuick_Controls_FluentWinUI3_BusyIndicator_qml fileNode\nclass node_venv_lib_python3_12_site-packages_PyQt6_Qt6_qml_QtQuick_Controls_FluentWinUI3_Button_qml fileNode\nclass node_venv_lib_python3_12_site-packages_PyQt6_Qt6_qml_QtQuick_Controls_FluentWinUI3_CheckBox_qml fileNode\nclass node_venv_lib_python3_12_site-packages_PyQt6_Qt6_qml_QtQuick_Controls_FluentWinUI3_CheckDelegate_qml fileNode\nclass node_venv_lib_python3_12_site-packages_PyQt6_Qt6_qml_QtQuick_Controls_FluentWinUI3_ComboBox_qml fileNode\nclass node_venv_lib_python3_12_site-packages_PyQt6_Qt6_qml_QtQuick_Controls_FluentWinUI3_Config_qml fileNode\nclass node_venv_lib_python3_12_site-packages_PyQt6_Qt6_qml_QtQuick_Controls_FluentWinUI3_DelayButton_qml fileNode\nclass node_venv_lib_python3_12_site-packages_PyQt6_Qt6_qml_QtQuick_Controls_FluentWinUI3_Dialog_qml fileNode\nclass node_venv_lib_python3_12_site-packages_PyQt6_Qt6_qml_QtQuick_Controls_FluentWinUI3_DialogButtonBox_qml fileNode\nclass node_venv_lib_python3_12_site-packages_PyQt6_Qt6_qml_QtQuick_Controls_FluentWinUI3_FocusFrame_qml fileNode\nclass node_venv_lib_python3_12_site-packages_PyQt6_Qt6_qml_QtQuick_Controls_FluentWinUI3_Frame_qml fileNode\nclass node_venv_lib_python3_12_site-packages_PyQt6_Qt6_qml_QtQuick_Controls_FluentWinUI3_GroupBox_qml fileNode\nclass node_venv_lib_python3_12_site-packages_PyQt6_Qt6_qml_QtQuick_Controls_FluentWinUI3_ItemDelegate_qml fileNode\nclass node_venv_lib_python3_12_site-packages_PyQt6_Qt6_qml_QtQuick_Controls_FluentWinUI3_Menu_qml fileNode\nclass node_venv_lib_python3_12_site-packages_PyQt6_Qt6_qml_QtQuick_Controls_FluentWinUI3_MenuBar_qml fileNode\nclass node_venv_lib_python3_12_site-packages_PyQt6_Qt6_qml_QtQuick_Controls_FluentWinUI3_MenuBarItem_qml fileNode\nclass node_venv_lib_python3_12_site-packages_PyQt6_Qt6_qml_QtQuick_Controls_FluentWinUI3_MenuItem_qml fileNode\nclass node_venv_lib_python3_12_site-packages_PyQt6_Qt6_qml_QtQuick_Controls_FluentWinUI3_MenuSeparator_qml fileNode\nclass node_venv_lib_python3_12_site-packages_PyQt6_Qt6_qml_QtQuick_Controls_FluentWinUI3_PageIndicator_qml fileNode\nclass node_venv_lib_python3_12_site-packages_PyQt6_Qt6_qml_QtQuick_Controls_FluentWinUI3_Popup_qml fileNode\nclass node_venv_lib_python3_12_site-packages_PyQt6_Qt6_qml_QtQuick_Controls_FluentWinUI3_ProgressBar_qml fileNode\nclass node_venv_lib_python3_12_site-packages_PyQt6_Qt6_qml_QtQuick_Controls_FluentWinUI3_RadioButton_qml fileNode\nclass node_venv_lib_python3_12_site-packages_PyQt6_Qt6_qml_QtQuick_Controls_FluentWinUI3_RadioDelegate_qml fileNode\nclass node_venv_lib_python3_12_site-packages_PyQt6_Qt6_qml_QtQuick_Controls_FluentWinUI3_RangeSlider_qml fileNode\nclass node_venv_lib_python3_12_site-packages_PyQt6_Qt6_qml_QtQuick_Controls_FluentWinUI3_RoundButton_qml fileNode\nclass node_venv_lib_python3_12_site-packages_PyQt6_Qt6_qml_QtQuick_Controls_FluentWinUI3_SearchField_qml fileNode\nclass node_venv_lib_python3_12_site-packages_PyQt6_Qt6_qml_QtQuick_Controls_FluentWinUI3_Slider_qml fileNode\nclass node_venv_lib_python3_12_site-packages_PyQt6_Qt6_qml_QtQuick_Controls_FluentWinUI3_SpinBox_qml fileNode\nclass node_venv_lib_python3_12_site-packages_PyQt6_Qt6_qml_QtQuick_Controls_FluentWinUI3_StyleImage_qml fileNode\nclass node_venv_lib_python3_12_site-packages_PyQt6_Qt6_qml_QtQuick_Controls_FluentWinUI3_SwipeDelegate_qml fileNode\nclass node_venv_lib_python3_12_site-packages_PyQt6_Qt6_qml_QtQuick_Controls_FluentWinUI3_Switch_qml fileNode\nclass node_venv_lib_python3_12_site-packages_PyQt6_Qt6_qml_QtQuick_Controls_FluentWinUI3_SwitchDelegate_qml fileNode\nclass node_venv_lib_python3_12_site-packages_PyQt6_Qt6_qml_QtQuick_Controls_FluentWinUI3_TabBar_qml fileNode\nclass node_venv_lib_python3_12_site-packages_PyQt6_Qt6_qml_QtQuick_Controls_FluentWinUI3_TabButton_qml fileNode\nclass node_venv_lib_python3_12_site-packages_PyQt6_Qt6_qml_QtQuick_Controls_FluentWinUI3_TextArea_qml fileNode\nclass node_venv_lib_python3_12_site-packages_PyQt6_Qt6_qml_QtQuick_Controls_FluentWinUI3_TextField_qml fileNode\nclass node_venv_lib_python3_12_site-packages_PyQt6_Qt6_qml_QtQuick_Controls_FluentWinUI3_ToolBar_qml fileNode\nclass node_venv_lib_python3_12_site-packages_PyQt6_Qt6_qml_QtQuick_Controls_FluentWinUI3_ToolButton_qml fileNode\nclass node_venv_lib_python3_12_site-packages_PyQt6_Qt6_qml_QtQuick_Controls_FluentWinUI3_ToolSeparator_qml fileNode\nclass node_venv_lib_python3_12_site-packages_PyQt6_Qt6_qml_QtQuick_Controls_FluentWinUI3_ToolTip_qml fileNode\nclass node_venv_lib_python3_12_site-packages_PyQt6_Qt6_qml_QtQuick_Controls_FluentWinUI3_libqtquickcontrols2fluentwinui3styleplugin_dylib fileNode\nclass node_venv_lib_python3_12_site-packages_PyQt6_Qt6_qml_QtQuick_Controls_FluentWinUI3_plugins_qmltypes fileNode\nclass node_venv_lib_python3_12_site-packages_PyQt6_Qt6_qml_QtQuick_Controls_FluentWinUI3_qmldir fileNode\nclass node_venv_lib_python3_12_site-packages_PyQt6_Qt6_qml_QtQuick_Controls_FluentWinUI3_impl_ButtonBackground_qml fileNode\nclass node_venv_lib_python3_12_site-packages_PyQt6_Qt6_qml_QtQuick_Controls_FluentWinUI3_impl_CheckIndicator_qml fileNode\nclass node_venv_lib_python3_12_site-packages_PyQt6_Qt6_qml_QtQuick_Controls_FluentWinUI3_impl_FocusFrame_qml fileNode\nclass node_venv_lib_python3_12_site-packages_PyQt6_Qt6_qml_QtQuick_Controls_FluentWinUI3_impl_RadioIndicator_qml fileNode\nclass node_venv_lib_python3_12_site-packages_PyQt6_Qt6_qml_QtQuick_Controls_FluentWinUI3_impl_StyleImage_qml fileNode\nclass node_venv_lib_python3_12_site-packages_PyQt6_Qt6_qml_QtQuick_Controls_FluentWinUI3_impl_SwitchIndicator_qml fileNode\nclass node_venv_lib_python3_12_site-packages_PyQt6_Qt6_qml_QtQuick_Controls_FluentWinUI3_impl_libqtquickcontrols2fluentwinui3styleimplplugin_dylib fileNode\nclass node_venv_lib_python3_12_site-packages_PyQt6_Qt6_qml_QtQuick_Controls_FluentWinUI3_impl_plugins_qmltypes fileNode\nclass node_venv_lib_python3_12_site-packages_PyQt6_Qt6_qml_QtQuick_Controls_FluentWinUI3_impl_qmldir fileNode\nclass node_venv_lib_python3_12_site-packages_PyQt6_Qt6_qml_QtQuick_Controls_FluentWinUI3_icons_checkmark_png fileNode\nclass node_venv_lib_python3_12_site-packages_PyQt6_Qt6_qml_QtQuick_Controls_FluentWinUI3_icons_checkmark@2x_png fileNode\nclass node_venv_lib_python3_12_site-packages_PyQt6_Qt6_qml_QtQuick_Controls_FluentWinUI3_icons_checkmark@3x_png fileNode\nclass node_venv_lib_python3_12_site-packages_PyQt6_Qt6_qml_QtQuick_Controls_FluentWinUI3_icons_close_big_png fileNode\nclass node_venv_lib_python3_12_site-packages_PyQt6_Qt6_qml_QtQuick_Controls_FluentWinUI3_icons_close_big@2x_png fileNode\nclass node_venv_lib_python3_12_site-packages_PyQt6_Qt6_qml_QtQuick_Controls_FluentWinUI3_icons_close_big@3x_png fileNode\nclass node_venv_lib_python3_12_site-packages_PyQt6_Qt6_qml_QtQuick_Controls_FluentWinUI3_icons_menuarrow_png fileNode\nclass node_venv_lib_python3_12_site-packages_PyQt6_Qt6_qml_QtQuick_Controls_FluentWinUI3_icons_menuarrow@2x_png fileNode\nclass node_venv_lib_python3_12_site-packages_PyQt6_Qt6_qml_QtQuick_Controls_FluentWinUI3_icons_menuarrow@3x_png fileNode\nclass node_venv_lib_python3_12_site-packages_PyQt6_Qt6_qml_QtQuick_Controls_FluentWinUI3_icons_search-magnifier_png fileNode\nclass node_venv_lib_python3_12_site-packages_PyQt6_Qt6_qml_QtQuick_Controls_FluentWinUI3_icons_search-magnifier@2x_png fileNode\nclass node_venv_lib_python3_12_site-packages_PyQt6_Qt6_qml_QtQuick_Controls_FluentWinUI3_icons_search-magnifier@3x_png fileNode\nclass node_venv_lib_python3_12_site-packages_PyQt6_Qt6_qml_QtQuick_Controls_FluentWinUI3_light_images_checkbox-indicator-checked-disabled_png fileNode\nclass node_venv_lib_python3_12_site-packages_PyQt6_Qt6_qml_QtQuick_Controls_FluentWinUI3_light_images_checkbox-indicator-checked-disabled@2x_png fileNode\nclass node_venv_lib_python3_12_site-packages_PyQt6_Qt6_qml_QtQuick_Controls_FluentWinUI3_light_images_checkbox-indicator-checked-disabled@3x_png fileNode\nclass node_venv_lib_python3_12_site-packages_PyQt6_Qt6_qml_QtQuick_Controls_FluentWinUI3_light_images_checkbox-indicator-checked-hovered_png fileNode\nclass node_venv_lib_python3_12_site-packages_PyQt6_Qt6_qml_QtQuick_Controls_FluentWinUI3_light_images_checkbox-indicator-checked-hovered@2x_png fileNode\nclass node_venv_lib_python3_12_site-packages_PyQt6_Qt6_qml_QtQuick_Controls_FluentWinUI3_light_images_checkbox-indicator-checked-hovered@3x_png fileNode\nclass node_venv_lib_python3_12_site-packages_PyQt6_Qt6_qml_QtQuick_Controls_FluentWinUI3_light_images_checkbox-indicator-checked-pressed_png fileNode\nclass node_venv_lib_python3_12_site-packages_PyQt6_Qt6_qml_QtQuick_Controls_FluentWinUI3_light_images_checkbox-indicator-checked-pressed@2x_png fileNode\nclass node_venv_lib_python3_12_site-packages_PyQt6_Qt6_qml_QtQuick_Controls_FluentWinUI3_light_images_checkbox-indicator-checked-pressed@3x_png fileNode\nclass node_venv_lib_python3_12_site-packages_PyQt6_Qt6_qml_QtQuick_Controls_FluentWinUI3_light_images_checkbox-indicator-checked_png fileNode\nclass node_venv_lib_python3_12_site-packages_PyQt6_Qt6_qml_QtQuick_Controls_FluentWinUI3_light_images_checkbox-indicator-checked@2x_png fileNode\nclass node_venv_lib_python3_12_site-packages_PyQt6_Qt6_qml_QtQuick_Controls_FluentWinUI3_light_images_checkbox-indicator-checked@3x_png fileNode\nclass node_venv_lib_python3_12_site-packages_PyQt6_Qt6_qml_QtQuick_Controls_FluentWinUI3_light_images_checkbox-indicator-disabled-partiallyChecked_png fileNode\nclass node_venv_lib_python3_12_site-packages_PyQt6_Qt6_qml_QtQuick_Controls_FluentWinUI3_light_images_checkbox-indicator-disabled-partiallyChecked@2x_png fileNode\nclass node_venv_lib_python3_12_site-packages_PyQt6_Qt6_qml_QtQuick_Controls_FluentWinUI3_light_images_checkbox-indicator-disabled-partiallyChecked@3x_png fileNode\nclass node_venv_lib_python3_12_site-packages_PyQt6_Qt6_qml_QtQuick_Controls_FluentWinUI3_light_images_checkbox-indicator-disabled_png fileNode\nclass node_venv_lib_python3_12_site-packages_PyQt6_Qt6_qml_QtQuick_Controls_FluentWinUI3_light_images_checkbox-indicator-disabled@2x_png fileNode\nclass node_venv_lib_python3_12_site-packages_PyQt6_Qt6_qml_QtQuick_Controls_FluentWinUI3_light_images_checkbox-indicator-disabled@3x_png fileNode\nclass node_venv_lib_python3_12_site-packages_PyQt6_Qt6_qml_QtQuick_Controls_FluentWinUI3_light_images_checkbox-indicator-hovered-partiallyChecked_png fileNode\nclass node_venv_lib_python3_12_site-packages_PyQt6_Qt6_qml_QtQuick_Controls_FluentWinUI3_light_images_checkbox-indicator-hovered-partiallyChecked@2x_png fileNode\nclass node_venv_lib_python3_12_site-packages_PyQt6_Qt6_qml_QtQuick_Controls_FluentWinUI3_light_images_checkbox-indicator-hovered-partiallyChecked@3x_png fileNode\nclass node_venv_lib_python3_12_site-packages_PyQt6_Qt6_qml_QtQuick_Controls_FluentWinUI3_light_images_checkbox-indicator-hovered_png fileNode\nclass node_venv_lib_python3_12_site-packages_PyQt6_Qt6_qml_QtQuick_Controls_FluentWinUI3_light_images_checkbox-indicator-hovered@2x_png fileNode\nclass node_venv_lib_python3_12_site-packages_PyQt6_Qt6_qml_QtQuick_Controls_FluentWinUI3_light_images_checkbox-indicator-hovered@3x_png fileNode\nclass node_venv_lib_python3_12_site-packages_PyQt6_Qt6_qml_QtQuick_Controls_FluentWinUI3_light_images_checkbox-indicator-partiallyChecked-pressed_png fileNode\nclass node_venv_lib_python3_12_site-packages_PyQt6_Qt6_qml_QtQuick_Controls_FluentWinUI3_light_images_checkbox-indicator-partiallyChecked-pressed@2x_png fileNode\nclass node_venv_lib_python3_12_site-packages_PyQt6_Qt6_qml_QtQuick_Controls_FluentWinUI3_light_images_checkbox-indicator-partiallyChecked-pressed@3x_png fileNode\nclass node_venv_lib_python3_12_site-packages_PyQt6_Qt6_qml_QtQuick_Controls_FluentWinUI3_light_images_checkbox-indicator-partiallyChecked_png fileNode\nclass node_venv_lib_python3_12_site-packages_PyQt6_Qt6_qml_QtQuick_Controls_FluentWinUI3_light_images_checkbox-indicator-partiallyChecked@2x_png fileNode\nclass node_venv_lib_python3_12_site-packages_PyQt6_Qt6_qml_QtQuick_Controls_FluentWinUI3_light_images_checkbox-indicator-partiallyChecked@3x_png fileNode\nclass node_venv_lib_python3_12_site-packages_PyQt6_Qt6_qml_QtQuick_Controls_FluentWinUI3_light_images_checkbox-indicator-pressed_png fileNode\nclass node_venv_lib_python3_12_site-packages_PyQt6_Qt6_qml_QtQuick_Controls_FluentWinUI3_light_images_checkbox-indicator-pressed@2x_png fileNode\nclass node_venv_lib_python3_12_site-packages_PyQt6_Qt6_qml_QtQuick_Controls_FluentWinUI3_light_images_checkbox-indicator-pressed@3x_png fileNode\nclass node_venv_lib_python3_12_site-packages_PyQt6_Qt6_qml_QtQuick_Controls_FluentWinUI3_light_images_checkbox-indicator_png fileNode\nclass node_venv_lib_python3_12_site-packages_PyQt6_Qt6_qml_QtQuick_Controls_FluentWinUI3_light_images_checkbox-indicator@2x_png fileNode\nclass node_venv_lib_python3_12_site-packages_PyQt6_Qt6_qml_QtQuick_Controls_FluentWinUI3_light_images_checkbox-indicator@3x_png fileNode\nclass node_venv_lib_python3_12_site-packages_PyQt6_Qt6_qml_QtQuick_Controls_FluentWinUI3_light_images_combobox-background-disabled_png fileNode\nclass node_venv_lib_python3_12_site-packages_PyQt6_Qt6_qml_QtQuick_Controls_FluentWinUI3_light_images_combobox-background-disabled@2x_png fileNode\nclass node_venv_lib_python3_12_site-packages_PyQt6_Qt6_qml_QtQuick_Controls_FluentWinUI3_light_images_combobox-background-disabled@3x_png fileNode\nclass node_venv_lib_python3_12_site-packages_PyQt6_Qt6_qml_QtQuick_Controls_FluentWinUI3_light_images_combobox-background-focused_png fileNode\nclass node_venv_lib_python3_12_site-packages_PyQt6_Qt6_qml_QtQuick_Controls_FluentWinUI3_light_images_combobox-background-focused@2x_png fileNode\nclass node_venv_lib_python3_12_site-packages_PyQt6_Qt6_qml_QtQuick_Controls_FluentWinUI3_light_images_combobox-background-focused@3x_png fileNode\nclass node_venv_lib_python3_12_site-packages_PyQt6_Qt6_qml_QtQuick_Controls_FluentWinUI3_light_images_combobox-background-hovered-open_png fileNode\nclass node_venv_lib_python3_12_site-packages_PyQt6_Qt6_qml_QtQuick_Controls_FluentWinUI3_light_images_combobox-background-hovered-open@2x_png fileNode\nclass node_venv_lib_python3_12_site-packages_PyQt6_Qt6_qml_QtQuick_Controls_FluentWinUI3_light_images_combobox-background-hovered-open@3x_png fileNode\nclass node_venv_lib_python3_12_site-packages_PyQt6_Qt6_qml_QtQuick_Controls_FluentWinUI3_light_images_combobox-background-hovered_png fileNode\nclass node_venv_lib_python3_12_site-packages_PyQt6_Qt6_qml_QtQuick_Controls_FluentWinUI3_light_images_combobox-background-hovered@2x_png fileNode\nclass node_venv_lib_python3_12_site-packages_PyQt6_Qt6_qml_QtQuick_Controls_FluentWinUI3_light_images_combobox-background-hovered@3x_png fileNode\nclass node_venv_lib_python3_12_site-packages_PyQt6_Qt6_qml_QtQuick_Controls_FluentWinUI3_light_images_combobox-background-open-pressed_png fileNode\nclass node_venv_lib_python3_12_site-packages_PyQt6_Qt6_qml_QtQuick_Controls_FluentWinUI3_light_images_combobox-background-open-pressed@2x_png fileNode\nclass node_venv_lib_python3_12_site-packages_PyQt6_Qt6_qml_QtQuick_Controls_FluentWinUI3_light_images_combobox-background-open-pressed@3x_png fileNode\nclass node_venv_lib_python3_12_site-packages_PyQt6_Qt6_qml_QtQuick_Controls_FluentWinUI3_light_images_combobox-background-open_png fileNode\nclass node_venv_lib_python3_12_site-packages_PyQt6_Qt6_qml_QtQuick_Controls_FluentWinUI3_light_images_combobox-background-open@2x_png fileNode\nclass node_venv_lib_python3_12_site-packages_PyQt6_Qt6_qml_QtQuick_Controls_FluentWinUI3_light_images_combobox-background-open@3x_png fileNode\nclass node_venv_lib_python3_12_site-packages_PyQt6_Qt6_qml_QtQuick_Controls_FluentWinUI3_light_images_combobox-background-pressed_png fileNode\nclass node_venv_lib_python3_12_site-packages_PyQt6_Qt6_qml_QtQuick_Controls_FluentWinUI3_light_images_combobox-background-pressed@2x_png fileNode\nclass node_venv_lib_python3_12_site-packages_PyQt6_Qt6_qml_QtQuick_Controls_FluentWinUI3_light_images_combobox-background-pressed@3x_png fileNode\nclass node_venv_lib_python3_12_site-packages_PyQt6_Qt6_qml_QtQuick_Controls_FluentWinUI3_light_images_combobox-background_png fileNode\nclass node_venv_lib_python3_12_site-packages_PyQt6_Qt6_qml_QtQuick_Controls_FluentWinUI3_light_images_combobox-background@2x_png fileNode\nclass node_venv_lib_python3_12_site-packages_PyQt6_Qt6_qml_QtQuick_Controls_FluentWinUI3_light_images_combobox-background@3x_png fileNode\nclass node_venv_lib_python3_12_site-packages_PyQt6_Qt6_qml_QtQuick_Controls_FluentWinUI3_light_images_combobox-indicator-disabled_png fileNode\nclass node_venv_lib_python3_12_site-packages_PyQt6_Qt6_qml_QtQuick_Controls_FluentWinUI3_light_images_combobox-indicator-disabled@2x_png fileNode\nclass node_venv_lib_python3_12_site-packages_PyQt6_Qt6_qml_QtQuick_Controls_FluentWinUI3_light_images_combobox-indicator-disabled@3x_png fileNode\nclass node_venv_lib_python3_12_site-packages_PyQt6_Qt6_qml_QtQuick_Controls_FluentWinUI3_light_images_combobox-indicator-focused_png fileNode\nclass node_venv_lib_python3_12_site-packages_PyQt6_Qt6_qml_QtQuick_Controls_FluentWinUI3_light_images_combobox-indicator-focused@2x_png fileNode\nclass node_venv_lib_python3_12_site-packages_PyQt6_Qt6_qml_QtQuick_Controls_FluentWinUI3_light_images_combobox-indicator-focused@3x_png fileNode\nclass node_venv_lib_python3_12_site-packages_PyQt6_Qt6_qml_QtQuick_Controls_FluentWinUI3_light_images_combobox-indicator-hovered-open_png fileNode\nclass node_venv_lib_python3_12_site-packages_PyQt6_Qt6_qml_QtQuick_Controls_FluentWinUI3_light_images_combobox-indicator-hovered-open@2x_png fileNode\nclass node_venv_lib_python3_12_site-packages_PyQt6_Qt6_qml_QtQuick_Controls_FluentWinUI3_light_images_combobox-indicator-hovered-open@3x_png fileNode\nclass node_venv_lib_python3_12_site-packages_PyQt6_Qt6_qml_QtQuick_Controls_FluentWinUI3_light_images_combobox-indicator-hovered_png fileNode\nclass node_venv_lib_python3_12_site-packages_PyQt6_Qt6_qml_QtQuick_Controls_FluentWinUI3_light_images_combobox-indicator-hovered@2x_png fileNode\nclass node_venv_lib_python3_12_site-packages_PyQt6_Qt6_qml_QtQuick_Controls_FluentWinUI3_light_images_combobox-indicator-hovered@3x_png fileNode\nclass node_venv_lib_python3_12_site-packages_PyQt6_Qt6_qml_QtQuick_Controls_FluentWinUI3_light_images_combobox-indicator-open-pressed_png fileNode\nclass node_venv_lib_python3_12_site-packages_PyQt6_Qt6_qml_QtQuick_Controls_FluentWinUI3_light_images_combobox-indicator-open-pressed@2x_png fileNode\nclass node_venv_lib_python3_12_site-packages_PyQt6_Qt6_qml_QtQuick_Controls_FluentWinUI3_light_images_combobox-indicator-open-pressed@3x_png fileNode\nclass node_venv_lib_python3_12_site-packages_PyQt6_Qt6_qml_QtQuick_Controls_FluentWinUI3_light_images_combobox-indicator-open_png fileNode\nclass node_venv_lib_python3_12_site-packages_PyQt6_Qt6_qml_QtQuick_Controls_FluentWinUI3_light_images_combobox-indicator-open@2x_png fileNode\nclass node_venv_lib_python3_12_site-packages_PyQt6_Qt6_qml_QtQuick_Controls_FluentWinUI3_light_images_combobox-indicator-open@3x_png fileNode\nclass node_venv_lib_python3_12_site-packages_PyQt6_Qt6_qml_QtQuick_Controls_FluentWinUI3_light_images_combobox-indicator-pressed_png fileNode\nclass node_venv_lib_python3_12_site-packages_PyQt6_Qt6_qml_QtQuick_Controls_FluentWinUI3_light_images_combobox-indicator-pressed@2x_png fileNode\nclass node_venv_lib_python3_12_site-packages_PyQt6_Qt6_qml_QtQuick_Controls_FluentWinUI3_light_images_combobox-indicator-pressed@3x_png fileNode\nclass node_venv_lib_python3_12_site-packages_PyQt6_Qt6_qml_QtQuick_Controls_FluentWinUI3_light_images_combobox-indicator_png fileNode\nclass node_venv_lib_python3_12_site-packages_PyQt6_Qt6_qml_QtQuick_Controls_FluentWinUI3_light_images_combobox-indicator@2x_png fileNode\nclass node_venv_lib_python3_12_site-packages_PyQt6_Qt6_qml_QtQuick_Controls_FluentWinUI3_light_images_combobox-indicator@3x_png fileNode\nclass node_venv_lib_python3_12_site-packages_PyQt6_Qt6_qml_QtQuick_Controls_FluentWinUI3_light_images_editablecombobox-background-hovered-open_png fileNode\nclass node_venv_lib_python3_12_site-packages_PyQt6_Qt6_qml_QtQuick_Controls_FluentWinUI3_light_images_editablecombobox-background-hovered-open@2x_png fileNode\nclass node_venv_lib_python3_12_site-packages_PyQt6_Qt6_qml_QtQuick_Controls_FluentWinUI3_light_images_editablecombobox-background-hovered-open@3x_png fileNode\nclass node_venv_lib_python3_12_site-packages_PyQt6_Qt6_qml_QtQuick_Controls_FluentWinUI3_light_images_editablecombobox-background-open-pressed_png fileNode\nclass node_venv_lib_python3_12_site-packages_PyQt6_Qt6_qml_QtQuick_Controls_FluentWinUI3_light_images_editablecombobox-background-open-pressed@2x_png fileNode\nclass node_venv_lib_python3_12_site-packages_PyQt6_Qt6_qml_QtQuick_Controls_FluentWinUI3_light_images_editablecombobox-background-open-pressed@3x_png fileNode\nclass node_venv_lib_python3_12_site-packages_PyQt6_Qt6_qml_QtQuick_Controls_FluentWinUI3_light_images_editablecombobox-background-open_png fileNode\nclass node_venv_lib_python3_12_site-packages_PyQt6_Qt6_qml_QtQuick_Controls_FluentWinUI3_light_images_editablecombobox-background-open@2x_png fileNode\nclass node_venv_lib_python3_12_site-packages_PyQt6_Qt6_qml_QtQuick_Controls_FluentWinUI3_light_images_editablecombobox-background-open@3x_png fileNode\nclass node_venv_lib_python3_12_site-packages_PyQt6_Qt6_qml_QtQuick_Controls_FluentWinUI3_light_images_editablecombobox-indicator-hovered-open_png fileNode\nclass node_venv_lib_python3_12_site-packages_PyQt6_Qt6_qml_QtQuick_Controls_FluentWinUI3_light_images_editablecombobox-indicator-hovered-open@2x_png fileNode\nclass node_venv_lib_python3_12_site-packages_PyQt6_Qt6_qml_QtQuick_Controls_FluentWinUI3_light_images_editablecombobox-indicator-hovered-open@3x_png fileNode\nclass node_venv_lib_python3_12_site-packages_PyQt6_Qt6_qml_QtQuick_Controls_FluentWinUI3_light_images_editablecombobox-indicator-open-pressed_png fileNode\nclass node_venv_lib_python3_12_site-packages_PyQt6_Qt6_qml_QtQuick_Controls_FluentWinUI3_light_images_editablecombobox-indicator-open-pressed@2x_png fileNode\nclass node_venv_lib_python3_12_site-packages_PyQt6_Qt6_qml_QtQuick_Controls_FluentWinUI3_light_images_editablecombobox-indicator-open-pressed@3x_png fileNode\nclass node_venv_lib_python3_12_site-packages_PyQt6_Qt6_qml_QtQuick_Controls_FluentWinUI3_light_images_editablecombobox-indicator-open_png fileNode\nclass node_venv_lib_python3_12_site-packages_PyQt6_Qt6_qml_QtQuick_Controls_FluentWinUI3_light_images_editablecombobox-indicator-open@2x_png fileNode\nclass node_venv_lib_python3_12_site-packages_PyQt6_Qt6_qml_QtQuick_Controls_FluentWinUI3_light_images_editablecombobox-indicator-open@3x_png fileNode\nclass node_venv_lib_python3_12_site-packages_PyQt6_Qt6_qml_QtQuick_Controls_FluentWinUI3_light_images_editablecombobox-popup-background-hovered-open_png fileNode\nclass node_venv_lib_python3_12_site-packages_PyQt6_Qt6_qml_QtQuick_Controls_FluentWinUI3_light_images_editablecombobox-popup-background-hovered-open@2x_png fileNode\nclass node_venv_lib_python3_12_site-packages_PyQt6_Qt6_qml_QtQuick_Controls_FluentWinUI3_light_images_editablecombobox-popup-background-hovered-open@3x_png fileNode\nclass node_venv_lib_python3_12_site-packages_PyQt6_Qt6_qml_QtQuick_Controls_FluentWinUI3_light_images_editablecombobox-popup-background-open-pressed_png fileNode\nclass node_venv_lib_python3_12_site-packages_PyQt6_Qt6_qml_QtQuick_Controls_FluentWinUI3_light_images_editablecombobox-popup-background-open-pressed@2x_png fileNode\nclass node_venv_lib_python3_12_site-packages_PyQt6_Qt6_qml_QtQuick_Controls_FluentWinUI3_light_images_editablecombobox-popup-background-open-pressed@3x_png fileNode\nclass node_venv_lib_python3_12_site-packages_PyQt6_Qt6_qml_QtQuick_Controls_FluentWinUI3_light_images_editablecombobox-popup-background-open_png fileNode\nclass node_venv_lib_python3_12_site-packages_PyQt6_Qt6_qml_QtQuick_Controls_FluentWinUI3_light_images_editablecombobox-popup-background-open@2x_png fileNode\nclass node_venv_lib_python3_12_site-packages_PyQt6_Qt6_qml_QtQuick_Controls_FluentWinUI3_light_images_editablecombobox-popup-background-open@3x_png fileNode\nclass node_venv_lib_python3_12_site-packages_PyQt6_Qt6_qml_QtQuick_Controls_FluentWinUI3_light_images_frame-background-disabled_png fileNode\nclass node_venv_lib_python3_12_site-packages_PyQt6_Qt6_qml_QtQuick_Controls_FluentWinUI3_light_images_frame-background-disabled@2x_png fileNode\nclass node_venv_lib_python3_12_site-packages_PyQt6_Qt6_qml_QtQuick_Controls_FluentWinUI3_light_images_frame-background-disabled@3x_png fileNode\nclass node_venv_lib_python3_12_site-packages_PyQt6_Qt6_qml_QtQuick_Controls_FluentWinUI3_light_images_frame-background_png fileNode\nclass node_venv_lib_python3_12_site-packages_PyQt6_Qt6_qml_QtQuick_Controls_FluentWinUI3_light_images_frame-background@2x_png fileNode\nclass node_venv_lib_python3_12_site-packages_PyQt6_Qt6_qml_QtQuick_Controls_FluentWinUI3_light_images_frame-background@3x_png fileNode\nclass node_venv_lib_python3_12_site-packages_PyQt6_Qt6_qml_QtQuick_Controls_FluentWinUI3_light_images_itemdelegate-background-highlighted-hovered_png fileNode\nclass node_venv_lib_python3_12_site-packages_PyQt6_Qt6_qml_QtQuick_Controls_FluentWinUI3_light_images_itemdelegate-background-highlighted-hovered@2x_png fileNode\nclass node_venv_lib_python3_12_site-packages_PyQt6_Qt6_qml_QtQuick_Controls_FluentWinUI3_light_images_itemdelegate-background-highlighted-hovered@3x_png fileNode\nclass node_venv_lib_python3_12_site-packages_PyQt6_Qt6_qml_QtQuick_Controls_FluentWinUI3_light_images_itemdelegate-background-highlighted-pressed_png fileNode\nclass node_venv_lib_python3_12_site-packages_PyQt6_Qt6_qml_QtQuick_Controls_FluentWinUI3_light_images_itemdelegate-background-highlighted-pressed@2x_png fileNode\nclass node_venv_lib_python3_12_site-packages_PyQt6_Qt6_qml_QtQuick_Controls_FluentWinUI3_light_images_itemdelegate-background-highlighted-pressed@3x_png fileNode\nclass node_venv_lib_python3_12_site-packages_PyQt6_Qt6_qml_QtQuick_Controls_FluentWinUI3_light_images_itemdelegate-background-highlighted_png fileNode\nclass node_venv_lib_python3_12_site-packages_PyQt6_Qt6_qml_QtQuick_Controls_FluentWinUI3_light_images_itemdelegate-background-highlighted@2x_png fileNode\nclass node_venv_lib_python3_12_site-packages_PyQt6_Qt6_qml_QtQuick_Controls_FluentWinUI3_light_images_itemdelegate-background-highlighted@3x_png fileNode\nclass node_venv_lib_python3_12_site-packages_PyQt6_Qt6_qml_QtQuick_Controls_FluentWinUI3_light_images_itemdelegate-background-hovered_png fileNode\nclass node_venv_lib_python3_12_site-packages_PyQt6_Qt6_qml_QtQuick_Controls_FluentWinUI3_light_images_itemdelegate-background-hovered@2x_png fileNode\nclass node_venv_lib_python3_12_site-packages_PyQt6_Qt6_qml_QtQuick_Controls_FluentWinUI3_light_images_itemdelegate-background-hovered@3x_png fileNode\nclass node_venv_lib_python3_12_site-packages_PyQt6_Qt6_qml_QtQuick_Controls_FluentWinUI3_light_images_itemdelegate-background-pressed_png fileNode\nclass node_venv_lib_python3_12_site-packages_PyQt6_Qt6_qml_QtQuick_Controls_FluentWinUI3_light_images_itemdelegate-background-pressed@2x_png fileNode\nclass node_venv_lib_python3_12_site-packages_PyQt6_Qt6_qml_QtQuick_Controls_FluentWinUI3_light_images_itemdelegate-background-pressed@3x_png fileNode\nclass node_venv_lib_python3_12_site-packages_PyQt6_Qt6_qml_QtQuick_Controls_FluentWinUI3_light_images_pageindicatordelegate-indicator-delegate-current-hovered_png fileNode\nclass node_venv_lib_python3_12_site-packages_PyQt6_Qt6_qml_QtQuick_Controls_FluentWinUI3_light_images_pageindicatordelegate-indicator-delegate-current-hovered@2x_png fileNode\nclass node_venv_lib_python3_12_site-packages_PyQt6_Qt6_qml_QtQuick_Controls_FluentWinUI3_light_images_pageindicatordelegate-indicator-delegate-current-hovered@3x_png fileNode\nclass node_venv_lib_python3_12_site-packages_PyQt6_Qt6_qml_QtQuick_Controls_FluentWinUI3_light_images_pageindicatordelegate-indicator-delegate-current-pressed_png fileNode\nclass node_venv_lib_python3_12_site-packages_PyQt6_Qt6_qml_QtQuick_Controls_FluentWinUI3_light_images_pageindicatordelegate-indicator-delegate-current-pressed@2x_png fileNode\nclass node_venv_lib_python3_12_site-packages_PyQt6_Qt6_qml_QtQuick_Controls_FluentWinUI3_light_images_pageindicatordelegate-indicator-delegate-current-pressed@3x_png fileNode\nclass node_venv_lib_python3_12_site-packages_PyQt6_Qt6_qml_QtQuick_Controls_FluentWinUI3_light_images_pageindicatordelegate-indicator-delegate-current_png fileNode\nclass node_venv_lib_python3_12_site-packages_PyQt6_Qt6_qml_QtQuick_Controls_FluentWinUI3_light_images_pageindicatordelegate-indicator-delegate-current@2x_png fileNode\nclass node_venv_lib_python3_12_site-packages_PyQt6_Qt6_qml_QtQuick_Controls_FluentWinUI3_light_images_pageindicatordelegate-indicator-delegate-current@3x_png fileNode\nclass node_venv_lib_python3_12_site-packages_PyQt6_Qt6_qml_QtQuick_Controls_FluentWinUI3_light_images_pageindicatordelegate-indicator-delegate-pressed_png fileNode\nclass node_venv_lib_python3_12_site-packages_PyQt6_Qt6_qml_QtQuick_Controls_FluentWinUI3_light_images_pageindicatordelegate-indicator-delegate-pressed@2x_png fileNode\nclass node_venv_lib_python3_12_site-packages_PyQt6_Qt6_qml_QtQuick_Controls_FluentWinUI3_light_images_pageindicatordelegate-indicator-delegate-pressed@3x_png fileNode\nclass node_venv_lib_python3_12_site-packages_PyQt6_Qt6_qml_QtQuick_Controls_FluentWinUI3_light_images_pageindicatordelegate-indicator-disabled_png fileNode\nclass node_venv_lib_python3_12_site-packages_PyQt6_Qt6_qml_QtQuick_Controls_FluentWinUI3_light_images_pageindicatordelegate-indicator-disabled@2x_png fileNode\nclass node_venv_lib_python3_12_site-packages_PyQt6_Qt6_qml_QtQuick_Controls_FluentWinUI3_light_images_pageindicatordelegate-indicator-disabled@3x_png fileNode\nclass node_venv_lib_python3_12_site-packages_PyQt6_Qt6_qml_QtQuick_Controls_FluentWinUI3_light_images_pageindicatordelegate-indicator-hovered_png fileNode\nclass node_venv_lib_python3_12_site-packages_PyQt6_Qt6_qml_QtQuick_Controls_FluentWinUI3_light_images_pageindicatordelegate-indicator-hovered@2x_png fileNode\nclass node_venv_lib_python3_12_site-packages_PyQt6_Qt6_qml_QtQuick_Controls_FluentWinUI3_light_images_pageindicatordelegate-indicator-hovered@3x_png fileNode\nclass node_venv_lib_python3_12_site-packages_PyQt6_Qt6_qml_QtQuick_Controls_FluentWinUI3_light_images_pageindicatordelegate-indicator_png fileNode\nclass node_venv_lib_python3_12_site-packages_PyQt6_Qt6_qml_QtQuick_Controls_FluentWinUI3_light_images_pageindicatordelegate-indicator@2x_png fileNode\nclass node_venv_lib_python3_12_site-packages_PyQt6_Qt6_qml_QtQuick_Controls_FluentWinUI3_light_images_pageindicatordelegate-indicator@3x_png fileNode\nclass node_venv_lib_python3_12_site-packages_PyQt6_Qt6_qml_QtQuick_Controls_FluentWinUI3_light_images_popup-background_png fileNode\nclass node_venv_lib_python3_12_site-packages_PyQt6_Qt6_qml_QtQuick_Controls_FluentWinUI3_light_images_popup-background@2x_png fileNode\nclass node_venv_lib_python3_12_site-packages_PyQt6_Qt6_qml_QtQuick_Controls_FluentWinUI3_light_images_popup-background@3x_png fileNode\nclass node_venv_lib_python3_12_site-packages_PyQt6_Qt6_qml_QtQuick_Controls_FluentWinUI3_light_images_progressbar-groove-disabled_png fileNode\nclass node_venv_lib_python3_12_site-packages_PyQt6_Qt6_qml_QtQuick_Controls_FluentWinUI3_light_images_progressbar-groove-disabled@2x_png fileNode\nclass node_venv_lib_python3_12_site-packages_PyQt6_Qt6_qml_QtQuick_Controls_FluentWinUI3_light_images_progressbar-groove-disabled@3x_png fileNode\nclass node_venv_lib_python3_12_site-packages_PyQt6_Qt6_qml_QtQuick_Controls_FluentWinUI3_light_images_progressbar-groove_png fileNode\nclass node_venv_lib_python3_12_site-packages_PyQt6_Qt6_qml_QtQuick_Controls_FluentWinUI3_light_images_progressbar-groove@2x_png fileNode\nclass node_venv_lib_python3_12_site-packages_PyQt6_Qt6_qml_QtQuick_Controls_FluentWinUI3_light_images_progressbar-groove@3x_png fileNode\nclass node_venv_lib_python3_12_site-packages_PyQt6_Qt6_qml_QtQuick_Controls_FluentWinUI3_light_images_radiobutton-indicator-checked-disabled_png fileNode\nclass node_venv_lib_python3_12_site-packages_PyQt6_Qt6_qml_QtQuick_Controls_FluentWinUI3_light_images_radiobutton-indicator-checked-disabled@2x_png fileNode\nclass node_venv_lib_python3_12_site-packages_PyQt6_Qt6_qml_QtQuick_Controls_FluentWinUI3_light_images_radiobutton-indicator-checked-disabled@3x_png fileNode\nclass node_venv_lib_python3_12_site-packages_PyQt6_Qt6_qml_QtQuick_Controls_FluentWinUI3_light_images_radiobutton-indicator-checked-hovered_png fileNode\nclass node_venv_lib_python3_12_site-packages_PyQt6_Qt6_qml_QtQuick_Controls_FluentWinUI3_light_images_radiobutton-indicator-checked-hovered@2x_png fileNode\nclass node_venv_lib_python3_12_site-packages_PyQt6_Qt6_qml_QtQuick_Controls_FluentWinUI3_light_images_radiobutton-indicator-checked-hovered@3x_png fileNode\nclass node_venv_lib_python3_12_site-packages_PyQt6_Qt6_qml_QtQuick_Controls_FluentWinUI3_light_images_radiobutton-indicator-checked-pressed_png fileNode\nclass node_venv_lib_python3_12_site-packages_PyQt6_Qt6_qml_QtQuick_Controls_FluentWinUI3_light_images_radiobutton-indicator-checked-pressed@2x_png fileNode\nclass node_venv_lib_python3_12_site-packages_PyQt6_Qt6_qml_QtQuick_Controls_FluentWinUI3_light_images_radiobutton-indicator-checked-pressed@3x_png fileNode\nclass node_venv_lib_python3_12_site-packages_PyQt6_Qt6_qml_QtQuick_Controls_FluentWinUI3_light_images_radiobutton-indicator-checked_png fileNode\nclass node_venv_lib_python3_12_site-packages_PyQt6_Qt6_qml_QtQuick_Controls_FluentWinUI3_light_images_radiobutton-indicator-checked@2x_png fileNode\nclass node_venv_lib_python3_12_site-packages_PyQt6_Qt6_qml_QtQuick_Controls_FluentWinUI3_light_images_radiobutton-indicator-checked@3x_png fileNode\nclass node_venv_lib_python3_12_site-packages_PyQt6_Qt6_qml_QtQuick_Controls_FluentWinUI3_light_images_radiobutton-indicator-disabled_png fileNode\nclass node_venv_lib_python3_12_site-packages_PyQt6_Qt6_qml_QtQuick_Controls_FluentWinUI3_light_images_radiobutton-indicator-disabled@2x_png fileNode\nclass node_venv_lib_python3_12_site-packages_PyQt6_Qt6_qml_QtQuick_Controls_FluentWinUI3_light_images_radiobutton-indicator-disabled@3x_png fileNode\nclass node_venv_lib_python3_12_site-packages_PyQt6_Qt6_qml_QtQuick_Controls_FluentWinUI3_light_images_radiobutton-indicator-hovered_png fileNode\nclass node_venv_lib_python3_12_site-packages_PyQt6_Qt6_qml_QtQuick_Controls_FluentWinUI3_light_images_radiobutton-indicator-hovered@2x_png fileNode\nclass node_venv_lib_python3_12_site-packages_PyQt6_Qt6_qml_QtQuick_Controls_FluentWinUI3_light_images_radiobutton-indicator-hovered@3x_png fileNode\nclass node_venv_lib_python3_12_site-packages_PyQt6_Qt6_qml_QtQuick_Controls_FluentWinUI3_light_images_radiobutton-indicator-pressed_png fileNode\nclass node_venv_lib_python3_12_site-packages_PyQt6_Qt6_qml_QtQuick_Controls_FluentWinUI3_light_images_radiobutton-indicator-pressed@2x_png fileNode\nclass node_venv_lib_python3_12_site-packages_PyQt6_Qt6_qml_QtQuick_Controls_FluentWinUI3_light_images_radiobutton-indicator-pressed@3x_png fileNode\nclass node_venv_lib_python3_12_site-packages_PyQt6_Qt6_qml_QtQuick_Controls_FluentWinUI3_light_images_radiobutton-indicator_png fileNode\nclass node_venv_lib_python3_12_site-packages_PyQt6_Qt6_qml_QtQuick_Controls_FluentWinUI3_light_images_radiobutton-indicator@2x_png fileNode\nclass node_venv_lib_python3_12_site-packages_PyQt6_Qt6_qml_QtQuick_Controls_FluentWinUI3_light_images_radiobutton-indicator@3x_png fileNode\nclass node_venv_lib_python3_12_site-packages_PyQt6_Qt6_qml_QtQuick_Controls_FluentWinUI3_light_images_rangeslider-first-handle-disabled_png fileNode\nclass node_venv_lib_python3_12_site-packages_PyQt6_Qt6_qml_QtQuick_Controls_FluentWinUI3_light_images_rangeslider-first-handle-disabled@2x_png fileNode\nclass node_venv_lib_python3_12_site-packages_PyQt6_Qt6_qml_QtQuick_Controls_FluentWinUI3_light_images_rangeslider-first-handle-disabled@3x_png fileNode\nclass node_venv_lib_python3_12_site-packages_PyQt6_Qt6_qml_QtQuick_Controls_FluentWinUI3_light_images_rangeslider-first-handle-handle-pressed_png fileNode\nclass node_venv_lib_python3_12_site-packages_PyQt6_Qt6_qml_QtQuick_Controls_FluentWinUI3_light_images_rangeslider-first-handle-handle-pressed@2x_png fileNode\nclass node_venv_lib_python3_12_site-packages_PyQt6_Qt6_qml_QtQuick_Controls_FluentWinUI3_light_images_rangeslider-first-handle-handle-pressed@3x_png fileNode\nclass node_venv_lib_python3_12_site-packages_PyQt6_Qt6_qml_QtQuick_Controls_FluentWinUI3_light_images_rangeslider-first-handle-hovered_png fileNode\nclass node_venv_lib_python3_12_site-packages_PyQt6_Qt6_qml_QtQuick_Controls_FluentWinUI3_light_images_rangeslider-first-handle-hovered@2x_png fileNode\nclass node_venv_lib_python3_12_site-packages_PyQt6_Qt6_qml_QtQuick_Controls_FluentWinUI3_light_images_rangeslider-first-handle-hovered@3x_png fileNode\nclass node_venv_lib_python3_12_site-packages_PyQt6_Qt6_qml_QtQuick_Controls_FluentWinUI3_light_images_rangeslider-first-handle_png fileNode\nclass node_venv_lib_python3_12_site-packages_PyQt6_Qt6_qml_QtQuick_Controls_FluentWinUI3_light_images_rangeslider-first-handle@2x_png fileNode\nclass node_venv_lib_python3_12_site-packages_PyQt6_Qt6_qml_QtQuick_Controls_FluentWinUI3_light_images_rangeslider-first-handle@3x_png fileNode\nclass node_venv_lib_python3_12_site-packages_PyQt6_Qt6_qml_QtQuick_Controls_FluentWinUI3_light_images_rangeslider-groove-disabled_png fileNode\nclass node_venv_lib_python3_12_site-packages_PyQt6_Qt6_qml_QtQuick_Controls_FluentWinUI3_light_images_rangeslider-groove-disabled@2x_png fileNode\nclass node_venv_lib_python3_12_site-packages_PyQt6_Qt6_qml_QtQuick_Controls_FluentWinUI3_light_images_rangeslider-groove-disabled@3x_png fileNode\nclass node_venv_lib_python3_12_site-packages_PyQt6_Qt6_qml_QtQuick_Controls_FluentWinUI3_light_images_rangeslider-groove-handle-pressed_png fileNode\nclass node_venv_lib_python3_12_site-packages_PyQt6_Qt6_qml_QtQuick_Controls_FluentWinUI3_light_images_rangeslider-groove-handle-pressed@2x_png fileNode\nclass node_venv_lib_python3_12_site-packages_PyQt6_Qt6_qml_QtQuick_Controls_FluentWinUI3_light_images_rangeslider-groove-handle-pressed@3x_png fileNode\nclass node_venv_lib_python3_12_site-packages_PyQt6_Qt6_qml_QtQuick_Controls_FluentWinUI3_light_images_rangeslider-groove-hovered_png fileNode\nclass node_venv_lib_python3_12_site-packages_PyQt6_Qt6_qml_QtQuick_Controls_FluentWinUI3_light_images_rangeslider-groove-hovered@2x_png fileNode\nclass node_venv_lib_python3_12_site-packages_PyQt6_Qt6_qml_QtQuick_Controls_FluentWinUI3_light_images_rangeslider-groove-hovered@3x_png fileNode\nclass node_venv_lib_python3_12_site-packages_PyQt6_Qt6_qml_QtQuick_Controls_FluentWinUI3_light_images_rangeslider-groove_png fileNode\nclass node_venv_lib_python3_12_site-packages_PyQt6_Qt6_qml_QtQuick_Controls_FluentWinUI3_light_images_rangeslider-groove@2x_png fileNode\nclass node_venv_lib_python3_12_site-packages_PyQt6_Qt6_qml_QtQuick_Controls_FluentWinUI3_light_images_rangeslider-groove@3x_png fileNode\nclass node_venv_lib_python3_12_site-packages_PyQt6_Qt6_qml_QtQuick_Controls_FluentWinUI3_light_images_rangeslider-second-handle-disabled_png fileNode\nclass node_venv_lib_python3_12_site-packages_PyQt6_Qt6_qml_QtQuick_Controls_FluentWinUI3_light_images_rangeslider-second-handle-disabled@2x_png fileNode\nclass node_venv_lib_python3_12_site-packages_PyQt6_Qt6_qml_QtQuick_Controls_FluentWinUI3_light_images_rangeslider-second-handle-disabled@3x_png fileNode\nclass node_venv_lib_python3_12_site-packages_PyQt6_Qt6_qml_QtQuick_Controls_FluentWinUI3_light_images_rangeslider-second-handle-handle-pressed_png fileNode\nclass node_venv_lib_python3_12_site-packages_PyQt6_Qt6_qml_QtQuick_Controls_FluentWinUI3_light_images_rangeslider-second-handle-handle-pressed@2x_png fileNode\nclass node_venv_lib_python3_12_site-packages_PyQt6_Qt6_qml_QtQuick_Controls_FluentWinUI3_light_images_rangeslider-second-handle-handle-pressed@3x_png fileNode\nclass node_venv_lib_python3_12_site-packages_PyQt6_Qt6_qml_QtQuick_Controls_FluentWinUI3_light_images_rangeslider-second-handle-hovered_png fileNode\nclass node_venv_lib_python3_12_site-packages_PyQt6_Qt6_qml_QtQuick_Controls_FluentWinUI3_light_images_rangeslider-second-handle-hovered@2x_png fileNode\nclass node_venv_lib_python3_12_site-packages_PyQt6_Qt6_qml_QtQuick_Controls_FluentWinUI3_light_images_rangeslider-second-handle-hovered@3x_png fileNode\nclass node_venv_lib_python3_12_site-packages_PyQt6_Qt6_qml_QtQuick_Controls_FluentWinUI3_light_images_rangeslider-second-handle_png fileNode\nclass node_venv_lib_python3_12_site-packages_PyQt6_Qt6_qml_QtQuick_Controls_FluentWinUI3_light_images_rangeslider-second-handle@2x_png fileNode\nclass node_venv_lib_python3_12_site-packages_PyQt6_Qt6_qml_QtQuick_Controls_FluentWinUI3_light_images_rangeslider-second-handle@3x_png fileNode\nclass node_venv_lib_python3_12_site-packages_PyQt6_Qt6_qml_QtQuick_Controls_FluentWinUI3_light_images_slider-groove-disabled_png fileNode\nclass node_venv_lib_python3_12_site-packages_PyQt6_Qt6_qml_QtQuick_Controls_FluentWinUI3_light_images_slider-groove-disabled@2x_png fileNode\nclass node_venv_lib_python3_12_site-packages_PyQt6_Qt6_qml_QtQuick_Controls_FluentWinUI3_light_images_slider-groove-disabled@3x_png fileNode\nclass node_venv_lib_python3_12_site-packages_PyQt6_Qt6_qml_QtQuick_Controls_FluentWinUI3_light_images_slider-groove-hovered_png fileNode\nclass node_venv_lib_python3_12_site-packages_PyQt6_Qt6_qml_QtQuick_Controls_FluentWinUI3_light_images_slider-groove-hovered@2x_png fileNode\nclass node_venv_lib_python3_12_site-packages_PyQt6_Qt6_qml_QtQuick_Controls_FluentWinUI3_light_images_slider-groove-hovered@3x_png fileNode\nclass node_venv_lib_python3_12_site-packages_PyQt6_Qt6_qml_QtQuick_Controls_FluentWinUI3_light_images_slider-groove-pressed_png fileNode\nclass node_venv_lib_python3_12_site-packages_PyQt6_Qt6_qml_QtQuick_Controls_FluentWinUI3_light_images_slider-groove-pressed@2x_png fileNode\nclass node_venv_lib_python3_12_site-packages_PyQt6_Qt6_qml_QtQuick_Controls_FluentWinUI3_light_images_slider-groove-pressed@3x_png fileNode\nclass node_venv_lib_python3_12_site-packages_PyQt6_Qt6_qml_QtQuick_Controls_FluentWinUI3_light_images_slider-groove_png fileNode\nclass node_venv_lib_python3_12_site-packages_PyQt6_Qt6_qml_QtQuick_Controls_FluentWinUI3_light_images_slider-groove@2x_png fileNode\nclass node_venv_lib_python3_12_site-packages_PyQt6_Qt6_qml_QtQuick_Controls_FluentWinUI3_light_images_slider-groove@3x_png fileNode\nclass node_venv_lib_python3_12_site-packages_PyQt6_Qt6_qml_QtQuick_Controls_FluentWinUI3_light_images_slider-handle-disabled_png fileNode\nclass node_venv_lib_python3_12_site-packages_PyQt6_Qt6_qml_QtQuick_Controls_FluentWinUI3_light_images_slider-handle-disabled@2x_png fileNode\nclass node_venv_lib_python3_12_site-packages_PyQt6_Qt6_qml_QtQuick_Controls_FluentWinUI3_light_images_slider-handle-disabled@3x_png fileNode\nclass node_venv_lib_python3_12_site-packages_PyQt6_Qt6_qml_QtQuick_Controls_FluentWinUI3_light_images_slider-handle-hovered_png fileNode\nclass node_venv_lib_python3_12_site-packages_PyQt6_Qt6_qml_QtQuick_Controls_FluentWinUI3_light_images_slider-handle-hovered@2x_png fileNode\nclass node_venv_lib_python3_12_site-packages_PyQt6_Qt6_qml_QtQuick_Controls_FluentWinUI3_light_images_slider-handle-hovered@3x_png fileNode\nclass node_venv_lib_python3_12_site-packages_PyQt6_Qt6_qml_QtQuick_Controls_FluentWinUI3_light_images_slider-handle-pressed_png fileNode\nclass node_venv_lib_python3_12_site-packages_PyQt6_Qt6_qml_QtQuick_Controls_FluentWinUI3_light_images_slider-handle-pressed@2x_png fileNode\nclass node_venv_lib_python3_12_site-packages_PyQt6_Qt6_qml_QtQuick_Controls_FluentWinUI3_light_images_slider-handle-pressed@3x_png fileNode\nclass node_venv_lib_python3_12_site-packages_PyQt6_Qt6_qml_QtQuick_Controls_FluentWinUI3_light_images_slider-handle_png fileNode\nclass node_venv_lib_python3_12_site-packages_PyQt6_Qt6_qml_QtQuick_Controls_FluentWinUI3_light_images_slider-handle@2x_png fileNode\nclass node_venv_lib_python3_12_site-packages_PyQt6_Qt6_qml_QtQuick_Controls_FluentWinUI3_light_images_slider-handle@3x_png fileNode\nclass node_venv_lib_python3_12_site-packages_PyQt6_Qt6_qml_QtQuick_Controls_FluentWinUI3_light_images_spinbox-background-atlimit_png fileNode\nclass node_venv_lib_python3_12_site-packages_PyQt6_Qt6_qml_QtQuick_Controls_FluentWinUI3_light_images_spinbox-background-atlimit@2x_png fileNode\nclass node_venv_lib_python3_12_site-packages_PyQt6_Qt6_qml_QtQuick_Controls_FluentWinUI3_light_images_spinbox-background-atlimit@3x_png fileNode\nclass node_venv_lib_python3_12_site-packages_PyQt6_Qt6_qml_QtQuick_Controls_FluentWinUI3_light_images_spinbox-background-disabled_png fileNode\nclass node_venv_lib_python3_12_site-packages_PyQt6_Qt6_qml_QtQuick_Controls_FluentWinUI3_light_images_spinbox-background-disabled@2x_png fileNode\nclass node_venv_lib_python3_12_site-packages_PyQt6_Qt6_qml_QtQuick_Controls_FluentWinUI3_light_images_spinbox-background-disabled@3x_png fileNode\nclass node_venv_lib_python3_12_site-packages_PyQt6_Qt6_qml_QtQuick_Controls_FluentWinUI3_light_images_spinbox-background-down-hovered_png fileNode\nclass node_venv_lib_python3_12_site-packages_PyQt6_Qt6_qml_QtQuick_Controls_FluentWinUI3_light_images_spinbox-background-down-hovered@2x_png fileNode\nclass node_venv_lib_python3_12_site-packages_PyQt6_Qt6_qml_QtQuick_Controls_FluentWinUI3_light_images_spinbox-background-down-hovered@3x_png fileNode\nclass node_venv_lib_python3_12_site-packages_PyQt6_Qt6_qml_QtQuick_Controls_FluentWinUI3_light_images_spinbox-background-down-pressed_png fileNode\nclass node_venv_lib_python3_12_site-packages_PyQt6_Qt6_qml_QtQuick_Controls_FluentWinUI3_light_images_spinbox-background-down-pressed@2x_png fileNode\nclass node_venv_lib_python3_12_site-packages_PyQt6_Qt6_qml_QtQuick_Controls_FluentWinUI3_light_images_spinbox-background-down-pressed@3x_png fileNode\nclass node_venv_lib_python3_12_site-packages_PyQt6_Qt6_qml_QtQuick_Controls_FluentWinUI3_light_images_spinbox-background-hovered_png fileNode\nclass node_venv_lib_python3_12_site-packages_PyQt6_Qt6_qml_QtQuick_Controls_FluentWinUI3_light_images_spinbox-background-hovered@2x_png fileNode\nclass node_venv_lib_python3_12_site-packages_PyQt6_Qt6_qml_QtQuick_Controls_FluentWinUI3_light_images_spinbox-background-hovered@3x_png fileNode\nclass node_venv_lib_python3_12_site-packages_PyQt6_Qt6_qml_QtQuick_Controls_FluentWinUI3_light_images_spinbox-background-up-hovered_png fileNode\nclass node_venv_lib_python3_12_site-packages_PyQt6_Qt6_qml_QtQuick_Controls_FluentWinUI3_light_images_spinbox-background-up-hovered@2x_png fileNode\nclass node_venv_lib_python3_12_site-packages_PyQt6_Qt6_qml_QtQuick_Controls_FluentWinUI3_light_images_spinbox-background-up-hovered@3x_png fileNode\nclass node_venv_lib_python3_12_site-packages_PyQt6_Qt6_qml_QtQuick_Controls_FluentWinUI3_light_images_spinbox-background-up-pressed_png fileNode\nclass node_venv_lib_python3_12_site-packages_PyQt6_Qt6_qml_QtQuick_Controls_FluentWinUI3_light_images_spinbox-background-up-pressed@2x_png fileNode\nclass node_venv_lib_python3_12_site-packages_PyQt6_Qt6_qml_QtQuick_Controls_FluentWinUI3_light_images_spinbox-background-up-pressed@3x_png fileNode\nclass node_venv_lib_python3_12_site-packages_PyQt6_Qt6_qml_QtQuick_Controls_FluentWinUI3_light_images_spinbox-background_png fileNode\nclass node_venv_lib_python3_12_site-packages_PyQt6_Qt6_qml_QtQuick_Controls_FluentWinUI3_light_images_spinbox-background@2x_png fileNode\nclass node_venv_lib_python3_12_site-packages_PyQt6_Qt6_qml_QtQuick_Controls_FluentWinUI3_light_images_spinbox-background@3x_png fileNode\nclass node_venv_lib_python3_12_site-packages_PyQt6_Qt6_qml_QtQuick_Controls_FluentWinUI3_light_images_spinbox-indicator-down-background-atlimit_png fileNode\nclass node_venv_lib_python3_12_site-packages_PyQt6_Qt6_qml_QtQuick_Controls_FluentWinUI3_light_images_spinbox-indicator-down-background-atlimit@2x_png fileNode\nclass node_venv_lib_python3_12_site-packages_PyQt6_Qt6_qml_QtQuick_Controls_FluentWinUI3_light_images_spinbox-indicator-down-background-atlimit@3x_png fileNode\nclass node_venv_lib_python3_12_site-packages_PyQt6_Qt6_qml_QtQuick_Controls_FluentWinUI3_light_images_spinbox-indicator-down-background-disabled_png fileNode\nclass node_venv_lib_python3_12_site-packages_PyQt6_Qt6_qml_QtQuick_Controls_FluentWinUI3_light_images_spinbox-indicator-down-background-disabled@2x_png fileNode\nclass node_venv_lib_python3_12_site-packages_PyQt6_Qt6_qml_QtQuick_Controls_FluentWinUI3_light_images_spinbox-indicator-down-background-disabled@3x_png fileNode\nclass node_venv_lib_python3_12_site-packages_PyQt6_Qt6_qml_QtQuick_Controls_FluentWinUI3_light_images_spinbox-indicator-down-background-down-hovered_png fileNode\nclass node_venv_lib_python3_12_site-packages_PyQt6_Qt6_qml_QtQuick_Controls_FluentWinUI3_light_images_spinbox-indicator-down-background-down-hovered@2x_png fileNode\nclass node_venv_lib_python3_12_site-packages_PyQt6_Qt6_qml_QtQuick_Controls_FluentWinUI3_light_images_spinbox-indicator-down-background-down-hovered@3x_png fileNode\nclass node_venv_lib_python3_12_site-packages_PyQt6_Qt6_qml_QtQuick_Controls_FluentWinUI3_light_images_spinbox-indicator-down-background-down-pressed_png fileNode\nclass node_venv_lib_python3_12_site-packages_PyQt6_Qt6_qml_QtQuick_Controls_FluentWinUI3_light_images_spinbox-indicator-down-background-down-pressed@2x_png fileNode\nclass node_venv_lib_python3_12_site-packages_PyQt6_Qt6_qml_QtQuick_Controls_FluentWinUI3_light_images_spinbox-indicator-down-background-down-pressed@3x_png fileNode\nclass node_venv_lib_python3_12_site-packages_PyQt6_Qt6_qml_QtQuick_Controls_FluentWinUI3_light_images_spinbox-indicator-down-background-hovered_png fileNode\nclass node_venv_lib_python3_12_site-packages_PyQt6_Qt6_qml_QtQuick_Controls_FluentWinUI3_light_images_spinbox-indicator-down-background-hovered@2x_png fileNode\nclass node_venv_lib_python3_12_site-packages_PyQt6_Qt6_qml_QtQuick_Controls_FluentWinUI3_light_images_spinbox-indicator-down-background-hovered@3x_png fileNode\nclass node_venv_lib_python3_12_site-packages_PyQt6_Qt6_qml_QtQuick_Controls_FluentWinUI3_light_images_spinbox-indicator-down-background-up-hovered_png fileNode\nclass node_venv_lib_python3_12_site-packages_PyQt6_Qt6_qml_QtQuick_Controls_FluentWinUI3_light_images_spinbox-indicator-down-background-up-hovered@2x_png fileNode\nclass node_venv_lib_python3_12_site-packages_PyQt6_Qt6_qml_QtQuick_Controls_FluentWinUI3_light_images_spinbox-indicator-down-background-up-hovered@3x_png fileNode\nclass node_venv_lib_python3_12_site-packages_PyQt6_Qt6_qml_QtQuick_Controls_FluentWinUI3_light_images_spinbox-indicator-down-background-up-pressed_png fileNode\nclass node_venv_lib_python3_12_site-packages_PyQt6_Qt6_qml_QtQuick_Controls_FluentWinUI3_light_images_spinbox-indicator-down-background-up-pressed@2x_png fileNode\nclass node_venv_lib_python3_12_site-packages_PyQt6_Qt6_qml_QtQuick_Controls_FluentWinUI3_light_images_spinbox-indicator-down-background-up-pressed@3x_png fileNode\nclass node_venv_lib_python3_12_site-packages_PyQt6_Qt6_qml_QtQuick_Controls_FluentWinUI3_light_images_spinbox-indicator-down-background_png fileNode\nclass node_venv_lib_python3_12_site-packages_PyQt6_Qt6_qml_QtQuick_Controls_FluentWinUI3_light_images_spinbox-indicator-down-background@2x_png fileNode\nclass node_venv_lib_python3_12_site-packages_PyQt6_Qt6_qml_QtQuick_Controls_FluentWinUI3_light_images_spinbox-indicator-down-background@3x_png fileNode\nclass node_venv_lib_python3_12_site-packages_PyQt6_Qt6_qml_QtQuick_Controls_FluentWinUI3_light_images_spinbox-indicator-down-icon-atlimit_png fileNode\nclass node_venv_lib_python3_12_site-packages_PyQt6_Qt6_qml_QtQuick_Controls_FluentWinUI3_light_images_spinbox-indicator-down-icon-atlimit@2x_png fileNode\nclass node_venv_lib_python3_12_site-packages_PyQt6_Qt6_qml_QtQuick_Controls_FluentWinUI3_light_images_spinbox-indicator-down-icon-atlimit@3x_png fileNode\nclass node_venv_lib_python3_12_site-packages_PyQt6_Qt6_qml_QtQuick_Controls_FluentWinUI3_light_images_spinbox-indicator-down-icon-disabled_png fileNode\nclass node_venv_lib_python3_12_site-packages_PyQt6_Qt6_qml_QtQuick_Controls_FluentWinUI3_light_images_spinbox-indicator-down-icon-disabled@2x_png fileNode\nclass node_venv_lib_python3_12_site-packages_PyQt6_Qt6_qml_QtQuick_Controls_FluentWinUI3_light_images_spinbox-indicator-down-icon-disabled@3x_png fileNode\nclass node_venv_lib_python3_12_site-packages_PyQt6_Qt6_qml_QtQuick_Controls_FluentWinUI3_light_images_spinbox-indicator-down-icon-down-hovered_png fileNode\nclass node_venv_lib_python3_12_site-packages_PyQt6_Qt6_qml_QtQuick_Controls_FluentWinUI3_light_images_spinbox-indicator-down-icon-down-hovered@2x_png fileNode\nclass node_venv_lib_python3_12_site-packages_PyQt6_Qt6_qml_QtQuick_Controls_FluentWinUI3_light_images_spinbox-indicator-down-icon-down-hovered@3x_png fileNode\nclass node_venv_lib_python3_12_site-packages_PyQt6_Qt6_qml_QtQuick_Controls_FluentWinUI3_light_images_spinbox-indicator-down-icon-down-pressed_png fileNode\nclass node_venv_lib_python3_12_site-packages_PyQt6_Qt6_qml_QtQuick_Controls_FluentWinUI3_light_images_spinbox-indicator-down-icon-down-pressed@2x_png fileNode\nclass node_venv_lib_python3_12_site-packages_PyQt6_Qt6_qml_QtQuick_Controls_FluentWinUI3_light_images_spinbox-indicator-down-icon-down-pressed@3x_png fileNode\nclass node_venv_lib_python3_12_site-packages_PyQt6_Qt6_qml_QtQuick_Controls_FluentWinUI3_light_images_spinbox-indicator-down-icon-hovered_png fileNode\nclass node_venv_lib_python3_12_site-packages_PyQt6_Qt6_qml_QtQuick_Controls_FluentWinUI3_light_images_spinbox-indicator-down-icon-hovered@2x_png fileNode\nclass node_venv_lib_python3_12_site-packages_PyQt6_Qt6_qml_QtQuick_Controls_FluentWinUI3_light_images_spinbox-indicator-down-icon-hovered@3x_png fileNode\nclass node_venv_lib_python3_12_site-packages_PyQt6_Qt6_qml_QtQuick_Controls_FluentWinUI3_light_images_spinbox-indicator-down-icon-up-hovered_png fileNode\nclass node_venv_lib_python3_12_site-packages_PyQt6_Qt6_qml_QtQuick_Controls_FluentWinUI3_light_images_spinbox-indicator-down-icon-up-hovered@2x_png fileNode\nclass node_venv_lib_python3_12_site-packages_PyQt6_Qt6_qml_QtQuick_Controls_FluentWinUI3_light_images_spinbox-indicator-down-icon-up-hovered@3x_png fileNode\nclass node_venv_lib_python3_12_site-packages_PyQt6_Qt6_qml_QtQuick_Controls_FluentWinUI3_light_images_spinbox-indicator-down-icon-up-pressed_png fileNode\nclass node_venv_lib_python3_12_site-packages_PyQt6_Qt6_qml_QtQuick_Controls_FluentWinUI3_light_images_spinbox-indicator-down-icon-up-pressed@2x_png fileNode\nclass node_venv_lib_python3_12_site-packages_PyQt6_Qt6_qml_QtQuick_Controls_FluentWinUI3_light_images_spinbox-indicator-down-icon-up-pressed@3x_png fileNode\nclass node_venv_lib_python3_12_site-packages_PyQt6_Qt6_qml_QtQuick_Controls_FluentWinUI3_light_images_spinbox-indicator-down-icon_png fileNode\nclass node_venv_lib_python3_12_site-packages_PyQt6_Qt6_qml_QtQuick_Controls_FluentWinUI3_light_images_spinbox-indicator-down-icon@2x_png fileNode\nclass node_venv_lib_python3_12_site-packages_PyQt6_Qt6_qml_QtQuick_Controls_FluentWinUI3_light_images_spinbox-indicator-down-icon@3x_png fileNode\nclass node_venv_lib_python3_12_site-packages_PyQt6_Qt6_qml_QtQuick_Controls_FluentWinUI3_light_images_spinbox-indicator-up-background-atlimit_png fileNode\nclass node_venv_lib_python3_12_site-packages_PyQt6_Qt6_qml_QtQuick_Controls_FluentWinUI3_light_images_spinbox-indicator-up-background-atlimit@2x_png fileNode\nclass node_venv_lib_python3_12_site-packages_PyQt6_Qt6_qml_QtQuick_Controls_FluentWinUI3_light_images_spinbox-indicator-up-background-atlimit@3x_png fileNode\nclass node_venv_lib_python3_12_site-packages_PyQt6_Qt6_qml_QtQuick_Controls_FluentWinUI3_light_images_spinbox-indicator-up-background-disabled_png fileNode\nclass node_venv_lib_python3_12_site-packages_PyQt6_Qt6_qml_QtQuick_Controls_FluentWinUI3_light_images_spinbox-indicator-up-background-disabled@2x_png fileNode\nclass node_venv_lib_python3_12_site-packages_PyQt6_Qt6_qml_QtQuick_Controls_FluentWinUI3_light_images_spinbox-indicator-up-background-disabled@3x_png fileNode\nclass node_venv_lib_python3_12_site-packages_PyQt6_Qt6_qml_QtQuick_Controls_FluentWinUI3_light_images_spinbox-indicator-up-background-down-hovered_png fileNode\nclass node_venv_lib_python3_12_site-packages_PyQt6_Qt6_qml_QtQuick_Controls_FluentWinUI3_light_images_spinbox-indicator-up-background-down-hovered@2x_png fileNode\nclass node_venv_lib_python3_12_site-packages_PyQt6_Qt6_qml_QtQuick_Controls_FluentWinUI3_light_images_spinbox-indicator-up-background-down-hovered@3x_png fileNode\nclass node_venv_lib_python3_12_site-packages_PyQt6_Qt6_qml_QtQuick_Controls_FluentWinUI3_light_images_spinbox-indicator-up-background-down-pressed_png fileNode\nclass node_venv_lib_python3_12_site-packages_PyQt6_Qt6_qml_QtQuick_Controls_FluentWinUI3_light_images_spinbox-indicator-up-background-down-pressed@2x_png fileNode\nclass node_venv_lib_python3_12_site-packages_PyQt6_Qt6_qml_QtQuick_Controls_FluentWinUI3_light_images_spinbox-indicator-up-background-down-pressed@3x_png fileNode\nclass node_venv_lib_python3_12_site-packages_PyQt6_Qt6_qml_QtQuick_Controls_FluentWinUI3_light_images_spinbox-indicator-up-background-hovered_png fileNode\nclass node_venv_lib_python3_12_site-packages_PyQt6_Qt6_qml_QtQuick_Controls_FluentWinUI3_light_images_spinbox-indicator-up-background-hovered@2x_png fileNode\nclass node_venv_lib_python3_12_site-packages_PyQt6_Qt6_qml_QtQuick_Controls_FluentWinUI3_light_images_spinbox-indicator-up-background-hovered@3x_png fileNode\nclass node_venv_lib_python3_12_site-packages_PyQt6_Qt6_qml_QtQuick_Controls_FluentWinUI3_light_images_spinbox-indicator-up-background-up-hovered_png fileNode\nclass node_venv_lib_python3_12_site-packages_PyQt6_Qt6_qml_QtQuick_Controls_FluentWinUI3_light_images_spinbox-indicator-up-background-up-hovered@2x_png fileNode\nclass node_venv_lib_python3_12_site-packages_PyQt6_Qt6_qml_QtQuick_Controls_FluentWinUI3_light_images_spinbox-indicator-up-background-up-hovered@3x_png fileNode\nclass node_venv_lib_python3_12_site-packages_PyQt6_Qt6_qml_QtQuick_Controls_FluentWinUI3_light_images_spinbox-indicator-up-background-up-pressed_png fileNode\nclass node_venv_lib_python3_12_site-packages_PyQt6_Qt6_qml_QtQuick_Controls_FluentWinUI3_light_images_spinbox-indicator-up-background-up-pressed@2x_png fileNode\nclass node_venv_lib_python3_12_site-packages_PyQt6_Qt6_qml_QtQuick_Controls_FluentWinUI3_light_images_spinbox-indicator-up-background-up-pressed@3x_png fileNode\nclass node_venv_lib_python3_12_site-packages_PyQt6_Qt6_qml_QtQuick_Controls_FluentWinUI3_light_images_spinbox-indicator-up-background_png fileNode\nclass node_venv_lib_python3_12_site-packages_PyQt6_Qt6_qml_QtQuick_Controls_FluentWinUI3_light_images_spinbox-indicator-up-background@2x_png fileNode\nclass node_venv_lib_python3_12_site-packages_PyQt6_Qt6_qml_QtQuick_Controls_FluentWinUI3_light_images_spinbox-indicator-up-background@3x_png fileNode\nclass node_venv_lib_python3_12_site-packages_PyQt6_Qt6_qml_QtQuick_Controls_FluentWinUI3_light_images_spinbox-indicator-up-icon-atlimit_png fileNode\nclass node_venv_lib_python3_12_site-packages_PyQt6_Qt6_qml_QtQuick_Controls_FluentWinUI3_light_images_spinbox-indicator-up-icon-atlimit@2x_png fileNode\nclass node_venv_lib_python3_12_site-packages_PyQt6_Qt6_qml_QtQuick_Controls_FluentWinUI3_light_images_spinbox-indicator-up-icon-atlimit@3x_png fileNode\nclass node_venv_lib_python3_12_site-packages_PyQt6_Qt6_qml_QtQuick_Controls_FluentWinUI3_light_images_spinbox-indicator-up-icon-disabled_png fileNode\nclass node_venv_lib_python3_12_site-packages_PyQt6_Qt6_qml_QtQuick_Controls_FluentWinUI3_light_images_spinbox-indicator-up-icon-disabled@2x_png fileNode\nclass node_venv_lib_python3_12_site-packages_PyQt6_Qt6_qml_QtQuick_Controls_FluentWinUI3_light_images_spinbox-indicator-up-icon-disabled@3x_png fileNode\nclass node_venv_lib_python3_12_site-packages_PyQt6_Qt6_qml_QtQuick_Controls_FluentWinUI3_light_images_spinbox-indicator-up-icon-down-hovered_png fileNode\nclass node_venv_lib_python3_12_site-packages_PyQt6_Qt6_qml_QtQuick_Controls_FluentWinUI3_light_images_spinbox-indicator-up-icon-down-hovered@2x_png fileNode\nclass node_venv_lib_python3_12_site-packages_PyQt6_Qt6_qml_QtQuick_Controls_FluentWinUI3_light_images_spinbox-indicator-up-icon-down-hovered@3x_png fileNode\nclass node_venv_lib_python3_12_site-packages_PyQt6_Qt6_qml_QtQuick_Controls_FluentWinUI3_light_images_spinbox-indicator-up-icon-down-pressed_png fileNode\nclass node_venv_lib_python3_12_site-packages_PyQt6_Qt6_qml_QtQuick_Controls_FluentWinUI3_light_images_spinbox-indicator-up-icon-down-pressed@2x_png fileNode\nclass node_venv_lib_python3_12_site-packages_PyQt6_Qt6_qml_QtQuick_Controls_FluentWinUI3_light_images_spinbox-indicator-up-icon-down-pressed@3x_png fileNode\nclass node_venv_lib_python3_12_site-packages_PyQt6_Qt6_qml_QtQuick_Controls_FluentWinUI3_light_images_spinbox-indicator-up-icon-hovered_png fileNode\nclass node_venv_lib_python3_12_site-packages_PyQt6_Qt6_qml_QtQuick_Controls_FluentWinUI3_light_images_spinbox-indicator-up-icon-hovered@2x_png fileNode\nclass node_venv_lib_python3_12_site-packages_PyQt6_Qt6_qml_QtQuick_Controls_FluentWinUI3_light_images_spinbox-indicator-up-icon-hovered@3x_png fileNode\nclass node_venv_lib_python3_12_site-packages_PyQt6_Qt6_qml_QtQuick_Controls_FluentWinUI3_light_images_spinbox-indicator-up-icon-up-hovered_png fileNode\nclass node_venv_lib_python3_12_site-packages_PyQt6_Qt6_qml_QtQuick_Controls_FluentWinUI3_light_images_spinbox-indicator-up-icon-up-hovered@2x_png fileNode\nclass node_venv_lib_python3_12_site-packages_PyQt6_Qt6_qml_QtQuick_Controls_FluentWinUI3_light_images_spinbox-indicator-up-icon-up-hovered@3x_png fileNode\nclass node_venv_lib_python3_12_site-packages_PyQt6_Qt6_qml_QtQuick_Controls_FluentWinUI3_light_images_spinbox-indicator-up-icon-up-pressed_png fileNode\nclass node_venv_lib_python3_12_site-packages_PyQt6_Qt6_qml_QtQuick_Controls_FluentWinUI3_light_images_spinbox-indicator-up-icon-up-pressed@2x_png fileNode\nclass node_venv_lib_python3_12_site-packages_PyQt6_Qt6_qml_QtQuick_Controls_FluentWinUI3_light_images_spinbox-indicator-up-icon-up-pressed@3x_png fileNode\nclass node_venv_lib_python3_12_site-packages_PyQt6_Qt6_qml_QtQuick_Controls_FluentWinUI3_light_images_spinbox-indicator-up-icon_png fileNode\nclass node_venv_lib_python3_12_site-packages_PyQt6_Qt6_qml_QtQuick_Controls_FluentWinUI3_light_images_spinbox-indicator-up-icon@2x_png fileNode\nclass node_venv_lib_python3_12_site-packages_PyQt6_Qt6_qml_QtQuick_Controls_FluentWinUI3_light_images_spinbox-indicator-up-icon@3x_png fileNode\nclass node_venv_lib_python3_12_site-packages_PyQt6_Qt6_qml_QtQuick_Controls_FluentWinUI3_light_images_textarea-background-disabled_png fileNode\nclass node_venv_lib_python3_12_site-packages_PyQt6_Qt6_qml_QtQuick_Controls_FluentWinUI3_light_images_textarea-background-disabled@2x_png fileNode\nclass node_venv_lib_python3_12_site-packages_PyQt6_Qt6_qml_QtQuick_Controls_FluentWinUI3_light_images_textarea-background-disabled@3x_png fileNode\nclass node_venv_lib_python3_12_site-packages_PyQt6_Qt6_qml_QtQuick_Controls_FluentWinUI3_light_images_textarea-background-focused_png fileNode\nclass node_venv_lib_python3_12_site-packages_PyQt6_Qt6_qml_QtQuick_Controls_FluentWinUI3_light_images_textarea-background-focused@2x_png fileNode\nclass node_venv_lib_python3_12_site-packages_PyQt6_Qt6_qml_QtQuick_Controls_FluentWinUI3_light_images_textarea-background-focused@3x_png fileNode\nclass node_venv_lib_python3_12_site-packages_PyQt6_Qt6_qml_QtQuick_Controls_FluentWinUI3_light_images_textarea-background-hovered_png fileNode\nclass node_venv_lib_python3_12_site-packages_PyQt6_Qt6_qml_QtQuick_Controls_FluentWinUI3_light_images_textarea-background-hovered@2x_png fileNode\nclass node_venv_lib_python3_12_site-packages_PyQt6_Qt6_qml_QtQuick_Controls_FluentWinUI3_light_images_textarea-background-hovered@3x_png fileNode\nclass node_venv_lib_python3_12_site-packages_PyQt6_Qt6_qml_QtQuick_Controls_FluentWinUI3_light_images_textarea-background_png fileNode\nclass node_venv_lib_python3_12_site-packages_PyQt6_Qt6_qml_QtQuick_Controls_FluentWinUI3_light_images_textarea-background@2x_png fileNode\nclass node_venv_lib_python3_12_site-packages_PyQt6_Qt6_qml_QtQuick_Controls_FluentWinUI3_light_images_textarea-background@3x_png fileNode\nclass node_venv_lib_python3_12_site-packages_PyQt6_Qt6_qml_QtQuick_Controls_FluentWinUI3_light_images_textfield-background-disabled_png fileNode\nclass node_venv_lib_python3_12_site-packages_PyQt6_Qt6_qml_QtQuick_Controls_FluentWinUI3_light_images_textfield-background-disabled@2x_png fileNode\nclass node_venv_lib_python3_12_site-packages_PyQt6_Qt6_qml_QtQuick_Controls_FluentWinUI3_light_images_textfield-background-disabled@3x_png fileNode\nclass node_venv_lib_python3_12_site-packages_PyQt6_Qt6_qml_QtQuick_Controls_FluentWinUI3_light_images_textfield-background-focused_png fileNode\nclass node_venv_lib_python3_12_site-packages_PyQt6_Qt6_qml_QtQuick_Controls_FluentWinUI3_light_images_textfield-background-focused@2x_png fileNode\nclass node_venv_lib_python3_12_site-packages_PyQt6_Qt6_qml_QtQuick_Controls_FluentWinUI3_light_images_textfield-background-focused@3x_png fileNode\nclass node_venv_lib_python3_12_site-packages_PyQt6_Qt6_qml_QtQuick_Controls_FluentWinUI3_light_images_textfield-background-hovered_png fileNode\nclass node_venv_lib_python3_12_site-packages_PyQt6_Qt6_qml_QtQuick_Controls_FluentWinUI3_light_images_textfield-background-hovered@2x_png fileNode\nclass node_venv_lib_python3_12_site-packages_PyQt6_Qt6_qml_QtQuick_Controls_FluentWinUI3_light_images_textfield-background-hovered@3x_png fileNode\nclass node_venv_lib_python3_12_site-packages_PyQt6_Qt6_qml_QtQuick_Controls_FluentWinUI3_light_images_textfield-background_png fileNode\nclass node_venv_lib_python3_12_site-packages_PyQt6_Qt6_qml_QtQuick_Controls_FluentWinUI3_light_images_textfield-background@2x_png fileNode\nclass node_venv_lib_python3_12_site-packages_PyQt6_Qt6_qml_QtQuick_Controls_FluentWinUI3_light_images_textfield-background@3x_png fileNode\nclass node_venv_lib_python3_12_site-packages_PyQt6_Qt6_qml_QtQuick_Controls_FluentWinUI3_dark_images_checkbox-indicator-checked-disabled_png fileNode\nclass node_venv_lib_python3_12_site-packages_PyQt6_Qt6_qml_QtQuick_Controls_FluentWinUI3_dark_images_checkbox-indicator-checked-disabled@2x_png fileNode\nclass node_venv_lib_python3_12_site-packages_PyQt6_Qt6_qml_QtQuick_Controls_FluentWinUI3_dark_images_checkbox-indicator-checked-disabled@3x_png fileNode\nclass node_venv_lib_python3_12_site-packages_PyQt6_Qt6_qml_QtQuick_Controls_FluentWinUI3_dark_images_checkbox-indicator-checked-hovered_png fileNode\nclass node_venv_lib_python3_12_site-packages_PyQt6_Qt6_qml_QtQuick_Controls_FluentWinUI3_dark_images_checkbox-indicator-checked-hovered@2x_png fileNode\nclass node_venv_lib_python3_12_site-packages_PyQt6_Qt6_qml_QtQuick_Controls_FluentWinUI3_dark_images_checkbox-indicator-checked-hovered@3x_png fileNode\nclass node_venv_lib_python3_12_site-packages_PyQt6_Qt6_qml_QtQuick_Controls_FluentWinUI3_dark_images_checkbox-indicator-checked-pressed_png fileNode\nclass node_venv_lib_python3_12_site-packages_PyQt6_Qt6_qml_QtQuick_Controls_FluentWinUI3_dark_images_checkbox-indicator-checked-pressed@2x_png fileNode\nclass node_venv_lib_python3_12_site-packages_PyQt6_Qt6_qml_QtQuick_Controls_FluentWinUI3_dark_images_checkbox-indicator-checked-pressed@3x_png fileNode\nclass node_venv_lib_python3_12_site-packages_PyQt6_Qt6_qml_QtQuick_Controls_FluentWinUI3_dark_images_checkbox-indicator-checked_png fileNode\nclass node_venv_lib_python3_12_site-packages_PyQt6_Qt6_qml_QtQuick_Controls_FluentWinUI3_dark_images_checkbox-indicator-checked@2x_png fileNode\nclass node_venv_lib_python3_12_site-packages_PyQt6_Qt6_qml_QtQuick_Controls_FluentWinUI3_dark_images_checkbox-indicator-checked@3x_png fileNode\nclass node_venv_lib_python3_12_site-packages_PyQt6_Qt6_qml_QtQuick_Controls_FluentWinUI3_dark_images_checkbox-indicator-disabled-partiallyChecked_png fileNode\nclass node_venv_lib_python3_12_site-packages_PyQt6_Qt6_qml_QtQuick_Controls_FluentWinUI3_dark_images_checkbox-indicator-disabled-partiallyChecked@2x_png fileNode\nclass node_venv_lib_python3_12_site-packages_PyQt6_Qt6_qml_QtQuick_Controls_FluentWinUI3_dark_images_checkbox-indicator-disabled-partiallyChecked@3x_png fileNode\nclass node_venv_lib_python3_12_site-packages_PyQt6_Qt6_qml_QtQuick_Controls_FluentWinUI3_dark_images_checkbox-indicator-disabled_png fileNode\nclass node_venv_lib_python3_12_site-packages_PyQt6_Qt6_qml_QtQuick_Controls_FluentWinUI3_dark_images_checkbox-indicator-disabled@2x_png fileNode\nclass node_venv_lib_python3_12_site-packages_PyQt6_Qt6_qml_QtQuick_Controls_FluentWinUI3_dark_images_checkbox-indicator-disabled@3x_png fileNode\nclass node_venv_lib_python3_12_site-packages_PyQt6_Qt6_qml_QtQuick_Controls_FluentWinUI3_dark_images_checkbox-indicator-hovered-partiallyChecked_png fileNode\nclass node_venv_lib_python3_12_site-packages_PyQt6_Qt6_qml_QtQuick_Controls_FluentWinUI3_dark_images_checkbox-indicator-hovered-partiallyChecked@2x_png fileNode\nclass node_venv_lib_python3_12_site-packages_PyQt6_Qt6_qml_QtQuick_Controls_FluentWinUI3_dark_images_checkbox-indicator-hovered-partiallyChecked@3x_png fileNode\nclass node_venv_lib_python3_12_site-packages_PyQt6_Qt6_qml_QtQuick_Controls_FluentWinUI3_dark_images_checkbox-indicator-hovered_png fileNode\nclass node_venv_lib_python3_12_site-packages_PyQt6_Qt6_qml_QtQuick_Controls_FluentWinUI3_dark_images_checkbox-indicator-hovered@2x_png fileNode\nclass node_venv_lib_python3_12_site-packages_PyQt6_Qt6_qml_QtQuick_Controls_FluentWinUI3_dark_images_checkbox-indicator-hovered@3x_png fileNode\nclass node_venv_lib_python3_12_site-packages_PyQt6_Qt6_qml_QtQuick_Controls_FluentWinUI3_dark_images_checkbox-indicator-partiallyChecked-pressed_png fileNode\nclass node_venv_lib_python3_12_site-packages_PyQt6_Qt6_qml_QtQuick_Controls_FluentWinUI3_dark_images_checkbox-indicator-partiallyChecked-pressed@2x_png fileNode\nclass node_venv_lib_python3_12_site-packages_PyQt6_Qt6_qml_QtQuick_Controls_FluentWinUI3_dark_images_checkbox-indicator-partiallyChecked-pressed@3x_png fileNode\nclass node_venv_lib_python3_12_site-packages_PyQt6_Qt6_qml_QtQuick_Controls_FluentWinUI3_dark_images_checkbox-indicator-partiallyChecked_png fileNode\nclass node_venv_lib_python3_12_site-packages_PyQt6_Qt6_qml_QtQuick_Controls_FluentWinUI3_dark_images_checkbox-indicator-partiallyChecked@2x_png fileNode\nclass node_venv_lib_python3_12_site-packages_PyQt6_Qt6_qml_QtQuick_Controls_FluentWinUI3_dark_images_checkbox-indicator-partiallyChecked@3x_png fileNode\nclass node_venv_lib_python3_12_site-packages_PyQt6_Qt6_qml_QtQuick_Controls_FluentWinUI3_dark_images_checkbox-indicator-pressed_png fileNode\nclass node_venv_lib_python3_12_site-packages_PyQt6_Qt6_qml_QtQuick_Controls_FluentWinUI3_dark_images_checkbox-indicator-pressed@2x_png fileNode\nclass node_venv_lib_python3_12_site-packages_PyQt6_Qt6_qml_QtQuick_Controls_FluentWinUI3_dark_images_checkbox-indicator-pressed@3x_png fileNode\nclass node_venv_lib_python3_12_site-packages_PyQt6_Qt6_qml_QtQuick_Controls_FluentWinUI3_dark_images_checkbox-indicator_png fileNode\nclass node_venv_lib_python3_12_site-packages_PyQt6_Qt6_qml_QtQuick_Controls_FluentWinUI3_dark_images_checkbox-indicator@2x_png fileNode\nclass node_venv_lib_python3_12_site-packages_PyQt6_Qt6_qml_QtQuick_Controls_FluentWinUI3_dark_images_checkbox-indicator@3x_png fileNode\nclass node_venv_lib_python3_12_site-packages_PyQt6_Qt6_qml_QtQuick_Controls_FluentWinUI3_dark_images_combobox-background-disabled_png fileNode\nclass node_venv_lib_python3_12_site-packages_PyQt6_Qt6_qml_QtQuick_Controls_FluentWinUI3_dark_images_combobox-background-disabled@2x_png fileNode\nclass node_venv_lib_python3_12_site-packages_PyQt6_Qt6_qml_QtQuick_Controls_FluentWinUI3_dark_images_combobox-background-disabled@3x_png fileNode\nclass node_venv_lib_python3_12_site-packages_PyQt6_Qt6_qml_QtQuick_Controls_FluentWinUI3_dark_images_combobox-background-focused_png fileNode\nclass node_venv_lib_python3_12_site-packages_PyQt6_Qt6_qml_QtQuick_Controls_FluentWinUI3_dark_images_combobox-background-focused@2x_png fileNode\nclass node_venv_lib_python3_12_site-packages_PyQt6_Qt6_qml_QtQuick_Controls_FluentWinUI3_dark_images_combobox-background-focused@3x_png fileNode\nclass node_venv_lib_python3_12_site-packages_PyQt6_Qt6_qml_QtQuick_Controls_FluentWinUI3_dark_images_combobox-background-hovered-open_png fileNode\nclass node_venv_lib_python3_12_site-packages_PyQt6_Qt6_qml_QtQuick_Controls_FluentWinUI3_dark_images_combobox-background-hovered-open@2x_png fileNode\nclass node_venv_lib_python3_12_site-packages_PyQt6_Qt6_qml_QtQuick_Controls_FluentWinUI3_dark_images_combobox-background-hovered-open@3x_png fileNode\nclass node_venv_lib_python3_12_site-packages_PyQt6_Qt6_qml_QtQuick_Controls_FluentWinUI3_dark_images_combobox-background-hovered_png fileNode\nclass node_venv_lib_python3_12_site-packages_PyQt6_Qt6_qml_QtQuick_Controls_FluentWinUI3_dark_images_combobox-background-hovered@2x_png fileNode\nclass node_venv_lib_python3_12_site-packages_PyQt6_Qt6_qml_QtQuick_Controls_FluentWinUI3_dark_images_combobox-background-hovered@3x_png fileNode\nclass node_venv_lib_python3_12_site-packages_PyQt6_Qt6_qml_QtQuick_Controls_FluentWinUI3_dark_images_combobox-background-open-pressed_png fileNode\nclass node_venv_lib_python3_12_site-packages_PyQt6_Qt6_qml_QtQuick_Controls_FluentWinUI3_dark_images_combobox-background-open-pressed@2x_png fileNode\nclass node_venv_lib_python3_12_site-packages_PyQt6_Qt6_qml_QtQuick_Controls_FluentWinUI3_dark_images_combobox-background-open-pressed@3x_png fileNode\nclass node_venv_lib_python3_12_site-packages_PyQt6_Qt6_qml_QtQuick_Controls_FluentWinUI3_dark_images_combobox-background-open_png fileNode\nclass node_venv_lib_python3_12_site-packages_PyQt6_Qt6_qml_QtQuick_Controls_FluentWinUI3_dark_images_combobox-background-open@2x_png fileNode\nclass node_venv_lib_python3_12_site-packages_PyQt6_Qt6_qml_QtQuick_Controls_FluentWinUI3_dark_images_combobox-background-open@3x_png fileNode\nclass node_venv_lib_python3_12_site-packages_PyQt6_Qt6_qml_QtQuick_Controls_FluentWinUI3_dark_images_combobox-background-pressed_png fileNode\nclass node_venv_lib_python3_12_site-packages_PyQt6_Qt6_qml_QtQuick_Controls_FluentWinUI3_dark_images_combobox-background-pressed@2x_png fileNode\nclass node_venv_lib_python3_12_site-packages_PyQt6_Qt6_qml_QtQuick_Controls_FluentWinUI3_dark_images_combobox-background-pressed@3x_png fileNode\nclass node_venv_lib_python3_12_site-packages_PyQt6_Qt6_qml_QtQuick_Controls_FluentWinUI3_dark_images_combobox-background_png fileNode\nclass node_venv_lib_python3_12_site-packages_PyQt6_Qt6_qml_QtQuick_Controls_FluentWinUI3_dark_images_combobox-background@2x_png fileNode\nclass node_venv_lib_python3_12_site-packages_PyQt6_Qt6_qml_QtQuick_Controls_FluentWinUI3_dark_images_combobox-background@3x_png fileNode\nclass node_venv_lib_python3_12_site-packages_PyQt6_Qt6_qml_QtQuick_Controls_FluentWinUI3_dark_images_combobox-indicator-disabled_png fileNode\nclass node_venv_lib_python3_12_site-packages_PyQt6_Qt6_qml_QtQuick_Controls_FluentWinUI3_dark_images_combobox-indicator-disabled@2x_png fileNode\nclass node_venv_lib_python3_12_site-packages_PyQt6_Qt6_qml_QtQuick_Controls_FluentWinUI3_dark_images_combobox-indicator-disabled@3x_png fileNode\nclass node_venv_lib_python3_12_site-packages_PyQt6_Qt6_qml_QtQuick_Controls_FluentWinUI3_dark_images_combobox-indicator-focused_png fileNode\nclass node_venv_lib_python3_12_site-packages_PyQt6_Qt6_qml_QtQuick_Controls_FluentWinUI3_dark_images_combobox-indicator-focused@2x_png fileNode\nclass node_venv_lib_python3_12_site-packages_PyQt6_Qt6_qml_QtQuick_Controls_FluentWinUI3_dark_images_combobox-indicator-focused@3x_png fileNode\nclass node_venv_lib_python3_12_site-packages_PyQt6_Qt6_qml_QtQuick_Controls_FluentWinUI3_dark_images_combobox-indicator-hovered-open_png fileNode\nclass node_venv_lib_python3_12_site-packages_PyQt6_Qt6_qml_QtQuick_Controls_FluentWinUI3_dark_images_combobox-indicator-hovered-open@2x_png fileNode\nclass node_venv_lib_python3_12_site-packages_PyQt6_Qt6_qml_QtQuick_Controls_FluentWinUI3_dark_images_combobox-indicator-hovered-open@3x_png fileNode\nclass node_venv_lib_python3_12_site-packages_PyQt6_Qt6_qml_QtQuick_Controls_FluentWinUI3_dark_images_combobox-indicator-hovered_png fileNode\nclass node_venv_lib_python3_12_site-packages_PyQt6_Qt6_qml_QtQuick_Controls_FluentWinUI3_dark_images_combobox-indicator-hovered@2x_png fileNode\nclass node_venv_lib_python3_12_site-packages_PyQt6_Qt6_qml_QtQuick_Controls_FluentWinUI3_dark_images_combobox-indicator-hovered@3x_png fileNode\nclass node_venv_lib_python3_12_site-packages_PyQt6_Qt6_qml_QtQuick_Controls_FluentWinUI3_dark_images_combobox-indicator-open-pressed_png fileNode\nclass node_venv_lib_python3_12_site-packages_PyQt6_Qt6_qml_QtQuick_Controls_FluentWinUI3_dark_images_combobox-indicator-open-pressed@2x_png fileNode\nclass node_venv_lib_python3_12_site-packages_PyQt6_Qt6_qml_QtQuick_Controls_FluentWinUI3_dark_images_combobox-indicator-open-pressed@3x_png fileNode\nclass node_venv_lib_python3_12_site-packages_PyQt6_Qt6_qml_QtQuick_Controls_FluentWinUI3_dark_images_combobox-indicator-open_png fileNode\nclass node_venv_lib_python3_12_site-packages_PyQt6_Qt6_qml_QtQuick_Controls_FluentWinUI3_dark_images_combobox-indicator-open@2x_png fileNode\nclass node_venv_lib_python3_12_site-packages_PyQt6_Qt6_qml_QtQuick_Controls_FluentWinUI3_dark_images_combobox-indicator-open@3x_png fileNode\nclass node_venv_lib_python3_12_site-packages_PyQt6_Qt6_qml_QtQuick_Controls_FluentWinUI3_dark_images_combobox-indicator-pressed_png fileNode\nclass node_venv_lib_python3_12_site-packages_PyQt6_Qt6_qml_QtQuick_Controls_FluentWinUI3_dark_images_combobox-indicator-pressed@2x_png fileNode\nclass node_venv_lib_python3_12_site-packages_PyQt6_Qt6_qml_QtQuick_Controls_FluentWinUI3_dark_images_combobox-indicator-pressed@3x_png fileNode\nclass node_venv_lib_python3_12_site-packages_PyQt6_Qt6_qml_QtQuick_Controls_FluentWinUI3_dark_images_combobox-indicator_png fileNode\nclass node_venv_lib_python3_12_site-packages_PyQt6_Qt6_qml_QtQuick_Controls_FluentWinUI3_dark_images_combobox-indicator@2x_png fileNode\nclass node_venv_lib_python3_12_site-packages_PyQt6_Qt6_qml_QtQuick_Controls_FluentWinUI3_dark_images_combobox-indicator@3x_png fileNode\nclass node_venv_lib_python3_12_site-packages_PyQt6_Qt6_qml_QtQuick_Controls_FluentWinUI3_dark_images_editablecombobox-background-hovered-open_png fileNode\nclass node_venv_lib_python3_12_site-packages_PyQt6_Qt6_qml_QtQuick_Controls_FluentWinUI3_dark_images_editablecombobox-background-hovered-open@2x_png fileNode\nclass node_venv_lib_python3_12_site-packages_PyQt6_Qt6_qml_QtQuick_Controls_FluentWinUI3_dark_images_editablecombobox-background-hovered-open@3x_png fileNode\nclass node_venv_lib_python3_12_site-packages_PyQt6_Qt6_qml_QtQuick_Controls_FluentWinUI3_dark_images_editablecombobox-background-open-pressed_png fileNode\nclass node_venv_lib_python3_12_site-packages_PyQt6_Qt6_qml_QtQuick_Controls_FluentWinUI3_dark_images_editablecombobox-background-open-pressed@2x_png fileNode\nclass node_venv_lib_python3_12_site-packages_PyQt6_Qt6_qml_QtQuick_Controls_FluentWinUI3_dark_images_editablecombobox-background-open-pressed@3x_png fileNode\nclass node_venv_lib_python3_12_site-packages_PyQt6_Qt6_qml_QtQuick_Controls_FluentWinUI3_dark_images_editablecombobox-background-open_png fileNode\nclass node_venv_lib_python3_12_site-packages_PyQt6_Qt6_qml_QtQuick_Controls_FluentWinUI3_dark_images_editablecombobox-background-open@2x_png fileNode\nclass node_venv_lib_python3_12_site-packages_PyQt6_Qt6_qml_QtQuick_Controls_FluentWinUI3_dark_images_editablecombobox-background-open@3x_png fileNode\nclass node_venv_lib_python3_12_site-packages_PyQt6_Qt6_qml_QtQuick_Controls_FluentWinUI3_dark_images_editablecombobox-indicator-hovered-open_png fileNode\nclass node_venv_lib_python3_12_site-packages_PyQt6_Qt6_qml_QtQuick_Controls_FluentWinUI3_dark_images_editablecombobox-indicator-hovered-open@2x_png fileNode\nclass node_venv_lib_python3_12_site-packages_PyQt6_Qt6_qml_QtQuick_Controls_FluentWinUI3_dark_images_editablecombobox-indicator-hovered-open@3x_png fileNode\nclass node_venv_lib_python3_12_site-packages_PyQt6_Qt6_qml_QtQuick_Controls_FluentWinUI3_dark_images_editablecombobox-indicator-open-pressed_png fileNode\nclass node_venv_lib_python3_12_site-packages_PyQt6_Qt6_qml_QtQuick_Controls_FluentWinUI3_dark_images_editablecombobox-indicator-open-pressed@2x_png fileNode\nclass node_venv_lib_python3_12_site-packages_PyQt6_Qt6_qml_QtQuick_Controls_FluentWinUI3_dark_images_editablecombobox-indicator-open-pressed@3x_png fileNode\nclass node_venv_lib_python3_12_site-packages_PyQt6_Qt6_qml_QtQuick_Controls_FluentWinUI3_dark_images_editablecombobox-indicator-open_png fileNode\nclass node_venv_lib_python3_12_site-packages_PyQt6_Qt6_qml_QtQuick_Controls_FluentWinUI3_dark_images_editablecombobox-indicator-open@2x_png fileNode\nclass node_venv_lib_python3_12_site-packages_PyQt6_Qt6_qml_QtQuick_Controls_FluentWinUI3_dark_images_editablecombobox-indicator-open@3x_png fileNode\nclass node_venv_lib_python3_12_site-packages_PyQt6_Qt6_qml_QtQuick_Controls_FluentWinUI3_dark_images_editablecombobox-popup-background-hovered-open_png fileNode\nclass node_venv_lib_python3_12_site-packages_PyQt6_Qt6_qml_QtQuick_Controls_FluentWinUI3_dark_images_editablecombobox-popup-background-hovered-open@2x_png fileNode\nclass node_venv_lib_python3_12_site-packages_PyQt6_Qt6_qml_QtQuick_Controls_FluentWinUI3_dark_images_editablecombobox-popup-background-hovered-open@3x_png fileNode\nclass node_venv_lib_python3_12_site-packages_PyQt6_Qt6_qml_QtQuick_Controls_FluentWinUI3_dark_images_editablecombobox-popup-background-open-pressed_png fileNode\nclass node_venv_lib_python3_12_site-packages_PyQt6_Qt6_qml_QtQuick_Controls_FluentWinUI3_dark_images_editablecombobox-popup-background-open-pressed@2x_png fileNode\nclass node_venv_lib_python3_12_site-packages_PyQt6_Qt6_qml_QtQuick_Controls_FluentWinUI3_dark_images_editablecombobox-popup-background-open-pressed@3x_png fileNode\nclass node_venv_lib_python3_12_site-packages_PyQt6_Qt6_qml_QtQuick_Controls_FluentWinUI3_dark_images_editablecombobox-popup-background-open_png fileNode\nclass node_venv_lib_python3_12_site-packages_PyQt6_Qt6_qml_QtQuick_Controls_FluentWinUI3_dark_images_editablecombobox-popup-background-open@2x_png fileNode\nclass node_venv_lib_python3_12_site-packages_PyQt6_Qt6_qml_QtQuick_Controls_FluentWinUI3_dark_images_editablecombobox-popup-background-open@3x_png fileNode\nclass node_venv_lib_python3_12_site-packages_PyQt6_Qt6_qml_QtQuick_Controls_FluentWinUI3_dark_images_frame-background-disabled_png fileNode\nclass node_venv_lib_python3_12_site-packages_PyQt6_Qt6_qml_QtQuick_Controls_FluentWinUI3_dark_images_frame-background-disabled@2x_png fileNode\nclass node_venv_lib_python3_12_site-packages_PyQt6_Qt6_qml_QtQuick_Controls_FluentWinUI3_dark_images_frame-background-disabled@3x_png fileNode\nclass node_venv_lib_python3_12_site-packages_PyQt6_Qt6_qml_QtQuick_Controls_FluentWinUI3_dark_images_frame-background_png fileNode\nclass node_venv_lib_python3_12_site-packages_PyQt6_Qt6_qml_QtQuick_Controls_FluentWinUI3_dark_images_frame-background@2x_png fileNode\nclass node_venv_lib_python3_12_site-packages_PyQt6_Qt6_qml_QtQuick_Controls_FluentWinUI3_dark_images_frame-background@3x_png fileNode\nclass node_venv_lib_python3_12_site-packages_PyQt6_Qt6_qml_QtQuick_Controls_FluentWinUI3_dark_images_itemdelegate-background-highlighted-hovered_png fileNode\nclass node_venv_lib_python3_12_site-packages_PyQt6_Qt6_qml_QtQuick_Controls_FluentWinUI3_dark_images_itemdelegate-background-highlighted-hovered@2x_png fileNode\nclass node_venv_lib_python3_12_site-packages_PyQt6_Qt6_qml_QtQuick_Controls_FluentWinUI3_dark_images_itemdelegate-background-highlighted-hovered@3x_png fileNode\nclass node_venv_lib_python3_12_site-packages_PyQt6_Qt6_qml_QtQuick_Controls_FluentWinUI3_dark_images_itemdelegate-background-highlighted-pressed_png fileNode\nclass node_venv_lib_python3_12_site-packages_PyQt6_Qt6_qml_QtQuick_Controls_FluentWinUI3_dark_images_itemdelegate-background-highlighted-pressed@2x_png fileNode\nclass node_venv_lib_python3_12_site-packages_PyQt6_Qt6_qml_QtQuick_Controls_FluentWinUI3_dark_images_itemdelegate-background-highlighted-pressed@3x_png fileNode\nclass node_venv_lib_python3_12_site-packages_PyQt6_Qt6_qml_QtQuick_Controls_FluentWinUI3_dark_images_itemdelegate-background-highlighted_png fileNode\nclass node_venv_lib_python3_12_site-packages_PyQt6_Qt6_qml_QtQuick_Controls_FluentWinUI3_dark_images_itemdelegate-background-highlighted@2x_png fileNode\nclass node_venv_lib_python3_12_site-packages_PyQt6_Qt6_qml_QtQuick_Controls_FluentWinUI3_dark_images_itemdelegate-background-highlighted@3x_png fileNode\nclass node_venv_lib_python3_12_site-packages_PyQt6_Qt6_qml_QtQuick_Controls_FluentWinUI3_dark_images_itemdelegate-background-hovered_png fileNode\nclass node_venv_lib_python3_12_site-packages_PyQt6_Qt6_qml_QtQuick_Controls_FluentWinUI3_dark_images_itemdelegate-background-hovered@2x_png fileNode\nclass node_venv_lib_python3_12_site-packages_PyQt6_Qt6_qml_QtQuick_Controls_FluentWinUI3_dark_images_itemdelegate-background-hovered@3x_png fileNode\nclass node_venv_lib_python3_12_site-packages_PyQt6_Qt6_qml_QtQuick_Controls_FluentWinUI3_dark_images_itemdelegate-background-pressed_png fileNode\nclass node_venv_lib_python3_12_site-packages_PyQt6_Qt6_qml_QtQuick_Controls_FluentWinUI3_dark_images_itemdelegate-background-pressed@2x_png fileNode\nclass node_venv_lib_python3_12_site-packages_PyQt6_Qt6_qml_QtQuick_Controls_FluentWinUI3_dark_images_itemdelegate-background-pressed@3x_png fileNode\nclass node_venv_lib_python3_12_site-packages_PyQt6_Qt6_qml_QtQuick_Controls_FluentWinUI3_dark_images_pageindicatordelegate-indicator-delegate-current-hovered_png fileNode\nclass node_venv_lib_python3_12_site-packages_PyQt6_Qt6_qml_QtQuick_Controls_FluentWinUI3_dark_images_pageindicatordelegate-indicator-delegate-current-hovered@2x_png fileNode\nclass node_venv_lib_python3_12_site-packages_PyQt6_Qt6_qml_QtQuick_Controls_FluentWinUI3_dark_images_pageindicatordelegate-indicator-delegate-current-hovered@3x_png fileNode\nclass node_venv_lib_python3_12_site-packages_PyQt6_Qt6_qml_QtQuick_Controls_FluentWinUI3_dark_images_pageindicatordelegate-indicator-delegate-current-pressed_png fileNode\nclass node_venv_lib_python3_12_site-packages_PyQt6_Qt6_qml_QtQuick_Controls_FluentWinUI3_dark_images_pageindicatordelegate-indicator-delegate-current-pressed@2x_png fileNode\nclass node_venv_lib_python3_12_site-packages_PyQt6_Qt6_qml_QtQuick_Controls_FluentWinUI3_dark_images_pageindicatordelegate-indicator-delegate-current-pressed@3x_png fileNode\nclass node_venv_lib_python3_12_site-packages_PyQt6_Qt6_qml_QtQuick_Controls_FluentWinUI3_dark_images_pageindicatordelegate-indicator-delegate-current_png fileNode\nclass node_venv_lib_python3_12_site-packages_PyQt6_Qt6_qml_QtQuick_Controls_FluentWinUI3_dark_images_pageindicatordelegate-indicator-delegate-current@2x_png fileNode\nclass node_venv_lib_python3_12_site-packages_PyQt6_Qt6_qml_QtQuick_Controls_FluentWinUI3_dark_images_pageindicatordelegate-indicator-delegate-current@3x_png fileNode\nclass node_venv_lib_python3_12_site-packages_PyQt6_Qt6_qml_QtQuick_Controls_FluentWinUI3_dark_images_pageindicatordelegate-indicator-delegate-pressed_png fileNode\nclass node_venv_lib_python3_12_site-packages_PyQt6_Qt6_qml_QtQuick_Controls_FluentWinUI3_dark_images_pageindicatordelegate-indicator-delegate-pressed@2x_png fileNode\nclass node_venv_lib_python3_12_site-packages_PyQt6_Qt6_qml_QtQuick_Controls_FluentWinUI3_dark_images_pageindicatordelegate-indicator-delegate-pressed@3x_png fileNode\nclass node_venv_lib_python3_12_site-packages_PyQt6_Qt6_qml_QtQuick_Controls_FluentWinUI3_dark_images_pageindicatordelegate-indicator-disabled_png fileNode\nclass node_venv_lib_python3_12_site-packages_PyQt6_Qt6_qml_QtQuick_Controls_FluentWinUI3_dark_images_pageindicatordelegate-indicator-disabled@2x_png fileNode\nclass node_venv_lib_python3_12_site-packages_PyQt6_Qt6_qml_QtQuick_Controls_FluentWinUI3_dark_images_pageindicatordelegate-indicator-disabled@3x_png fileNode\nclass node_venv_lib_python3_12_site-packages_PyQt6_Qt6_qml_QtQuick_Controls_FluentWinUI3_dark_images_pageindicatordelegate-indicator-hovered_png fileNode\nclass node_venv_lib_python3_12_site-packages_PyQt6_Qt6_qml_QtQuick_Controls_FluentWinUI3_dark_images_pageindicatordelegate-indicator-hovered@2x_png fileNode\nclass node_venv_lib_python3_12_site-packages_PyQt6_Qt6_qml_QtQuick_Controls_FluentWinUI3_dark_images_pageindicatordelegate-indicator-hovered@3x_png fileNode\nclass node_venv_lib_python3_12_site-packages_PyQt6_Qt6_qml_QtQuick_Controls_FluentWinUI3_dark_images_pageindicatordelegate-indicator_png fileNode\nclass node_venv_lib_python3_12_site-packages_PyQt6_Qt6_qml_QtQuick_Controls_FluentWinUI3_dark_images_pageindicatordelegate-indicator@2x_png fileNode\nclass node_venv_lib_python3_12_site-packages_PyQt6_Qt6_qml_QtQuick_Controls_FluentWinUI3_dark_images_pageindicatordelegate-indicator@3x_png fileNode\nclass node_venv_lib_python3_12_site-packages_PyQt6_Qt6_qml_QtQuick_Controls_FluentWinUI3_dark_images_popup-background_png fileNode\nclass node_venv_lib_python3_12_site-packages_PyQt6_Qt6_qml_QtQuick_Controls_FluentWinUI3_dark_images_popup-background@2x_png fileNode\nclass node_venv_lib_python3_12_site-packages_PyQt6_Qt6_qml_QtQuick_Controls_FluentWinUI3_dark_images_popup-background@3x_png fileNode\nclass node_venv_lib_python3_12_site-packages_PyQt6_Qt6_qml_QtQuick_Controls_FluentWinUI3_dark_images_progressbar-groove-disabled_png fileNode\nclass node_venv_lib_python3_12_site-packages_PyQt6_Qt6_qml_QtQuick_Controls_FluentWinUI3_dark_images_progressbar-groove-disabled@2x_png fileNode\nclass node_venv_lib_python3_12_site-packages_PyQt6_Qt6_qml_QtQuick_Controls_FluentWinUI3_dark_images_progressbar-groove-disabled@3x_png fileNode\nclass node_venv_lib_python3_12_site-packages_PyQt6_Qt6_qml_QtQuick_Controls_FluentWinUI3_dark_images_progressbar-groove_png fileNode\nclass node_venv_lib_python3_12_site-packages_PyQt6_Qt6_qml_QtQuick_Controls_FluentWinUI3_dark_images_progressbar-groove@2x_png fileNode\nclass node_venv_lib_python3_12_site-packages_PyQt6_Qt6_qml_QtQuick_Controls_FluentWinUI3_dark_images_progressbar-groove@3x_png fileNode\nclass node_venv_lib_python3_12_site-packages_PyQt6_Qt6_qml_QtQuick_Controls_FluentWinUI3_dark_images_radiobutton-indicator-checked-disabled_png fileNode\nclass node_venv_lib_python3_12_site-packages_PyQt6_Qt6_qml_QtQuick_Controls_FluentWinUI3_dark_images_radiobutton-indicator-checked-disabled@2x_png fileNode\nclass node_venv_lib_python3_12_site-packages_PyQt6_Qt6_qml_QtQuick_Controls_FluentWinUI3_dark_images_radiobutton-indicator-checked-disabled@3x_png fileNode\nclass node_venv_lib_python3_12_site-packages_PyQt6_Qt6_qml_QtQuick_Controls_FluentWinUI3_dark_images_radiobutton-indicator-checked-hovered_png fileNode\nclass node_venv_lib_python3_12_site-packages_PyQt6_Qt6_qml_QtQuick_Controls_FluentWinUI3_dark_images_radiobutton-indicator-checked-hovered@2x_png fileNode\nclass node_venv_lib_python3_12_site-packages_PyQt6_Qt6_qml_QtQuick_Controls_FluentWinUI3_dark_images_radiobutton-indicator-checked-hovered@3x_png fileNode\nclass node_venv_lib_python3_12_site-packages_PyQt6_Qt6_qml_QtQuick_Controls_FluentWinUI3_dark_images_radiobutton-indicator-checked-pressed_png fileNode\nclass node_venv_lib_python3_12_site-packages_PyQt6_Qt6_qml_QtQuick_Controls_FluentWinUI3_dark_images_radiobutton-indicator-checked-pressed@2x_png fileNode\nclass node_venv_lib_python3_12_site-packages_PyQt6_Qt6_qml_QtQuick_Controls_FluentWinUI3_dark_images_radiobutton-indicator-checked-pressed@3x_png fileNode\nclass node_venv_lib_python3_12_site-packages_PyQt6_Qt6_qml_QtQuick_Controls_FluentWinUI3_dark_images_radiobutton-indicator-checked_png fileNode\nclass node_venv_lib_python3_12_site-packages_PyQt6_Qt6_qml_QtQuick_Controls_FluentWinUI3_dark_images_radiobutton-indicator-checked@2x_png fileNode\nclass node_venv_lib_python3_12_site-packages_PyQt6_Qt6_qml_QtQuick_Controls_FluentWinUI3_dark_images_radiobutton-indicator-checked@3x_png fileNode\nclass node_venv_lib_python3_12_site-packages_PyQt6_Qt6_qml_QtQuick_Controls_FluentWinUI3_dark_images_radiobutton-indicator-disabled_png fileNode\nclass node_venv_lib_python3_12_site-packages_PyQt6_Qt6_qml_QtQuick_Controls_FluentWinUI3_dark_images_radiobutton-indicator-disabled@2x_png fileNode\nclass node_venv_lib_python3_12_site-packages_PyQt6_Qt6_qml_QtQuick_Controls_FluentWinUI3_dark_images_radiobutton-indicator-disabled@3x_png fileNode\nclass node_venv_lib_python3_12_site-packages_PyQt6_Qt6_qml_QtQuick_Controls_FluentWinUI3_dark_images_radiobutton-indicator-hovered_png fileNode\nclass node_venv_lib_python3_12_site-packages_PyQt6_Qt6_qml_QtQuick_Controls_FluentWinUI3_dark_images_radiobutton-indicator-hovered@2x_png fileNode\nclass node_venv_lib_python3_12_site-packages_PyQt6_Qt6_qml_QtQuick_Controls_FluentWinUI3_dark_images_radiobutton-indicator-hovered@3x_png fileNode\nclass node_venv_lib_python3_12_site-packages_PyQt6_Qt6_qml_QtQuick_Controls_FluentWinUI3_dark_images_radiobutton-indicator-pressed_png fileNode\nclass node_venv_lib_python3_12_site-packages_PyQt6_Qt6_qml_QtQuick_Controls_FluentWinUI3_dark_images_radiobutton-indicator-pressed@2x_png fileNode\nclass node_venv_lib_python3_12_site-packages_PyQt6_Qt6_qml_QtQuick_Controls_FluentWinUI3_dark_images_radiobutton-indicator-pressed@3x_png fileNode\nclass node_venv_lib_python3_12_site-packages_PyQt6_Qt6_qml_QtQuick_Controls_FluentWinUI3_dark_images_radiobutton-indicator_png fileNode\nclass node_venv_lib_python3_12_site-packages_PyQt6_Qt6_qml_QtQuick_Controls_FluentWinUI3_dark_images_radiobutton-indicator@2x_png fileNode\nclass node_venv_lib_python3_12_site-packages_PyQt6_Qt6_qml_QtQuick_Controls_FluentWinUI3_dark_images_radiobutton-indicator@3x_png fileNode\nclass node_venv_lib_python3_12_site-packages_PyQt6_Qt6_qml_QtQuick_Controls_FluentWinUI3_dark_images_rangeslider-first-handle-disabled_png fileNode\nclass node_venv_lib_python3_12_site-packages_PyQt6_Qt6_qml_QtQuick_Controls_FluentWinUI3_dark_images_rangeslider-first-handle-disabled@2x_png fileNode\nclass node_venv_lib_python3_12_site-packages_PyQt6_Qt6_qml_QtQuick_Controls_FluentWinUI3_dark_images_rangeslider-first-handle-disabled@3x_png fileNode\nclass node_venv_lib_python3_12_site-packages_PyQt6_Qt6_qml_QtQuick_Controls_FluentWinUI3_dark_images_rangeslider-first-handle-handle-pressed_png fileNode\nclass node_venv_lib_python3_12_site-packages_PyQt6_Qt6_qml_QtQuick_Controls_FluentWinUI3_dark_images_rangeslider-first-handle-handle-pressed@2x_png fileNode\nclass node_venv_lib_python3_12_site-packages_PyQt6_Qt6_qml_QtQuick_Controls_FluentWinUI3_dark_images_rangeslider-first-handle-handle-pressed@3x_png fileNode\nclass node_venv_lib_python3_12_site-packages_PyQt6_Qt6_qml_QtQuick_Controls_FluentWinUI3_dark_images_rangeslider-first-handle-hovered_png fileNode\nclass node_venv_lib_python3_12_site-packages_PyQt6_Qt6_qml_QtQuick_Controls_FluentWinUI3_dark_images_rangeslider-first-handle-hovered@2x_png fileNode\nclass node_venv_lib_python3_12_site-packages_PyQt6_Qt6_qml_QtQuick_Controls_FluentWinUI3_dark_images_rangeslider-first-handle-hovered@3x_png fileNode\nclass node_venv_lib_python3_12_site-packages_PyQt6_Qt6_qml_QtQuick_Controls_FluentWinUI3_dark_images_rangeslider-first-handle_png fileNode\nclass node_venv_lib_python3_12_site-packages_PyQt6_Qt6_qml_QtQuick_Controls_FluentWinUI3_dark_images_rangeslider-first-handle@2x_png fileNode\nclass node_venv_lib_python3_12_site-packages_PyQt6_Qt6_qml_QtQuick_Controls_FluentWinUI3_dark_images_rangeslider-first-handle@3x_png fileNode\nclass node_venv_lib_python3_12_site-packages_PyQt6_Qt6_qml_QtQuick_Controls_FluentWinUI3_dark_images_rangeslider-groove-disabled_png fileNode\nclass node_venv_lib_python3_12_site-packages_PyQt6_Qt6_qml_QtQuick_Controls_FluentWinUI3_dark_images_rangeslider-groove-disabled@2x_png fileNode\nclass node_venv_lib_python3_12_site-packages_PyQt6_Qt6_qml_QtQuick_Controls_FluentWinUI3_dark_images_rangeslider-groove-disabled@3x_png fileNode\nclass node_venv_lib_python3_12_site-packages_PyQt6_Qt6_qml_QtQuick_Controls_FluentWinUI3_dark_images_rangeslider-groove-handle-pressed_png fileNode\nclass node_venv_lib_python3_12_site-packages_PyQt6_Qt6_qml_QtQuick_Controls_FluentWinUI3_dark_images_rangeslider-groove-handle-pressed@2x_png fileNode\nclass node_venv_lib_python3_12_site-packages_PyQt6_Qt6_qml_QtQuick_Controls_FluentWinUI3_dark_images_rangeslider-groove-handle-pressed@3x_png fileNode\nclass node_venv_lib_python3_12_site-packages_PyQt6_Qt6_qml_QtQuick_Controls_FluentWinUI3_dark_images_rangeslider-groove-hovered_png fileNode\nclass node_venv_lib_python3_12_site-packages_PyQt6_Qt6_qml_QtQuick_Controls_FluentWinUI3_dark_images_rangeslider-groove-hovered@2x_png fileNode\nclass node_venv_lib_python3_12_site-packages_PyQt6_Qt6_qml_QtQuick_Controls_FluentWinUI3_dark_images_rangeslider-groove-hovered@3x_png fileNode\nclass node_venv_lib_python3_12_site-packages_PyQt6_Qt6_qml_QtQuick_Controls_FluentWinUI3_dark_images_rangeslider-groove_png fileNode\nclass node_venv_lib_python3_12_site-packages_PyQt6_Qt6_qml_QtQuick_Controls_FluentWinUI3_dark_images_rangeslider-groove@2x_png fileNode\nclass node_venv_lib_python3_12_site-packages_PyQt6_Qt6_qml_QtQuick_Controls_FluentWinUI3_dark_images_rangeslider-groove@3x_png fileNode\nclass node_venv_lib_python3_12_site-packages_PyQt6_Qt6_qml_QtQuick_Controls_FluentWinUI3_dark_images_rangeslider-second-handle-disabled_png fileNode\nclass node_venv_lib_python3_12_site-packages_PyQt6_Qt6_qml_QtQuick_Controls_FluentWinUI3_dark_images_rangeslider-second-handle-disabled@2x_png fileNode\nclass node_venv_lib_python3_12_site-packages_PyQt6_Qt6_qml_QtQuick_Controls_FluentWinUI3_dark_images_rangeslider-second-handle-disabled@3x_png fileNode\nclass node_venv_lib_python3_12_site-packages_PyQt6_Qt6_qml_QtQuick_Controls_FluentWinUI3_dark_images_rangeslider-second-handle-handle-pressed_png fileNode\nclass node_venv_lib_python3_12_site-packages_PyQt6_Qt6_qml_QtQuick_Controls_FluentWinUI3_dark_images_rangeslider-second-handle-handle-pressed@2x_png fileNode\nclass node_venv_lib_python3_12_site-packages_PyQt6_Qt6_qml_QtQuick_Controls_FluentWinUI3_dark_images_rangeslider-second-handle-handle-pressed@3x_png fileNode\nclass node_venv_lib_python3_12_site-packages_PyQt6_Qt6_qml_QtQuick_Controls_FluentWinUI3_dark_images_rangeslider-second-handle-hovered_png fileNode\nclass node_venv_lib_python3_12_site-packages_PyQt6_Qt6_qml_QtQuick_Controls_FluentWinUI3_dark_images_rangeslider-second-handle-hovered@2x_png fileNode\nclass node_venv_lib_python3_12_site-packages_PyQt6_Qt6_qml_QtQuick_Controls_FluentWinUI3_dark_images_rangeslider-second-handle-hovered@3x_png fileNode\nclass node_venv_lib_python3_12_site-packages_PyQt6_Qt6_qml_QtQuick_Controls_FluentWinUI3_dark_images_rangeslider-second-handle_png fileNode\nclass node_venv_lib_python3_12_site-packages_PyQt6_Qt6_qml_QtQuick_Controls_FluentWinUI3_dark_images_rangeslider-second-handle@2x_png fileNode\nclass node_venv_lib_python3_12_site-packages_PyQt6_Qt6_qml_QtQuick_Controls_FluentWinUI3_dark_images_rangeslider-second-handle@3x_png fileNode\nclass node_venv_lib_python3_12_site-packages_PyQt6_Qt6_qml_QtQuick_Controls_FluentWinUI3_dark_images_slider-groove-disabled_png fileNode\nclass node_venv_lib_python3_12_site-packages_PyQt6_Qt6_qml_QtQuick_Controls_FluentWinUI3_dark_images_slider-groove-disabled@2x_png fileNode\nclass node_venv_lib_python3_12_site-packages_PyQt6_Qt6_qml_QtQuick_Controls_FluentWinUI3_dark_images_slider-groove-disabled@3x_png fileNode\nclass node_venv_lib_python3_12_site-packages_PyQt6_Qt6_qml_QtQuick_Controls_FluentWinUI3_dark_images_slider-groove-hovered_png fileNode\nclass node_venv_lib_python3_12_site-packages_PyQt6_Qt6_qml_QtQuick_Controls_FluentWinUI3_dark_images_slider-groove-hovered@2x_png fileNode\nclass node_venv_lib_python3_12_site-packages_PyQt6_Qt6_qml_QtQuick_Controls_FluentWinUI3_dark_images_slider-groove-hovered@3x_png fileNode\nclass node_venv_lib_python3_12_site-packages_PyQt6_Qt6_qml_QtQuick_Controls_FluentWinUI3_dark_images_slider-groove-pressed_png fileNode\nclass node_venv_lib_python3_12_site-packages_PyQt6_Qt6_qml_QtQuick_Controls_FluentWinUI3_dark_images_slider-groove-pressed@2x_png fileNode\nclass node_venv_lib_python3_12_site-packages_PyQt6_Qt6_qml_QtQuick_Controls_FluentWinUI3_dark_images_slider-groove-pressed@3x_png fileNode\nclass node_venv_lib_python3_12_site-packages_PyQt6_Qt6_qml_QtQuick_Controls_FluentWinUI3_dark_images_slider-groove_png fileNode\nclass node_venv_lib_python3_12_site-packages_PyQt6_Qt6_qml_QtQuick_Controls_FluentWinUI3_dark_images_slider-groove@2x_png fileNode\nclass node_venv_lib_python3_12_site-packages_PyQt6_Qt6_qml_QtQuick_Controls_FluentWinUI3_dark_images_slider-groove@3x_png fileNode\nclass node_venv_lib_python3_12_site-packages_PyQt6_Qt6_qml_QtQuick_Controls_FluentWinUI3_dark_images_slider-handle-disabled_png fileNode\nclass node_venv_lib_python3_12_site-packages_PyQt6_Qt6_qml_QtQuick_Controls_FluentWinUI3_dark_images_slider-handle-disabled@2x_png fileNode\nclass node_venv_lib_python3_12_site-packages_PyQt6_Qt6_qml_QtQuick_Controls_FluentWinUI3_dark_images_slider-handle-disabled@3x_png fileNode\nclass node_venv_lib_python3_12_site-packages_PyQt6_Qt6_qml_QtQuick_Controls_FluentWinUI3_dark_images_slider-handle-hovered_png fileNode\nclass node_venv_lib_python3_12_site-packages_PyQt6_Qt6_qml_QtQuick_Controls_FluentWinUI3_dark_images_slider-handle-hovered@2x_png fileNode\nclass node_venv_lib_python3_12_site-packages_PyQt6_Qt6_qml_QtQuick_Controls_FluentWinUI3_dark_images_slider-handle-hovered@3x_png fileNode\nclass node_venv_lib_python3_12_site-packages_PyQt6_Qt6_qml_QtQuick_Controls_FluentWinUI3_dark_images_slider-handle-pressed_png fileNode\nclass node_venv_lib_python3_12_site-packages_PyQt6_Qt6_qml_QtQuick_Controls_FluentWinUI3_dark_images_slider-handle-pressed@2x_png fileNode\nclass node_venv_lib_python3_12_site-packages_PyQt6_Qt6_qml_QtQuick_Controls_FluentWinUI3_dark_images_slider-handle-pressed@3x_png fileNode\nclass node_venv_lib_python3_12_site-packages_PyQt6_Qt6_qml_QtQuick_Controls_FluentWinUI3_dark_images_slider-handle_png fileNode\nclass node_venv_lib_python3_12_site-packages_PyQt6_Qt6_qml_QtQuick_Controls_FluentWinUI3_dark_images_slider-handle@2x_png fileNode\nclass node_venv_lib_python3_12_site-packages_PyQt6_Qt6_qml_QtQuick_Controls_FluentWinUI3_dark_images_slider-handle@3x_png fileNode\nclass node_venv_lib_python3_12_site-packages_PyQt6_Qt6_qml_QtQuick_Controls_FluentWinUI3_dark_images_spinbox-background-atlimit_png fileNode\nclass node_venv_lib_python3_12_site-packages_PyQt6_Qt6_qml_QtQuick_Controls_FluentWinUI3_dark_images_spinbox-background-atlimit@2x_png fileNode\nclass node_venv_lib_python3_12_site-packages_PyQt6_Qt6_qml_QtQuick_Controls_FluentWinUI3_dark_images_spinbox-background-atlimit@3x_png fileNode\nclass node_venv_lib_python3_12_site-packages_PyQt6_Qt6_qml_QtQuick_Controls_FluentWinUI3_dark_images_spinbox-background-disabled_png fileNode\nclass node_venv_lib_python3_12_site-packages_PyQt6_Qt6_qml_QtQuick_Controls_FluentWinUI3_dark_images_spinbox-background-disabled@2x_png fileNode\nclass node_venv_lib_python3_12_site-packages_PyQt6_Qt6_qml_QtQuick_Controls_FluentWinUI3_dark_images_spinbox-background-disabled@3x_png fileNode\nclass node_venv_lib_python3_12_site-packages_PyQt6_Qt6_qml_QtQuick_Controls_FluentWinUI3_dark_images_spinbox-background-down-hovered_png fileNode\nclass node_venv_lib_python3_12_site-packages_PyQt6_Qt6_qml_QtQuick_Controls_FluentWinUI3_dark_images_spinbox-background-down-hovered@2x_png fileNode\nclass node_venv_lib_python3_12_site-packages_PyQt6_Qt6_qml_QtQuick_Controls_FluentWinUI3_dark_images_spinbox-background-down-hovered@3x_png fileNode\nclass node_venv_lib_python3_12_site-packages_PyQt6_Qt6_qml_QtQuick_Controls_FluentWinUI3_dark_images_spinbox-background-down-pressed_png fileNode\nclass node_venv_lib_python3_12_site-packages_PyQt6_Qt6_qml_QtQuick_Controls_FluentWinUI3_dark_images_spinbox-background-down-pressed@2x_png fileNode\nclass node_venv_lib_python3_12_site-packages_PyQt6_Qt6_qml_QtQuick_Controls_FluentWinUI3_dark_images_spinbox-background-down-pressed@3x_png fileNode\nclass node_venv_lib_python3_12_site-packages_PyQt6_Qt6_qml_QtQuick_Controls_FluentWinUI3_dark_images_spinbox-background-hovered_png fileNode\nclass node_venv_lib_python3_12_site-packages_PyQt6_Qt6_qml_QtQuick_Controls_FluentWinUI3_dark_images_spinbox-background-hovered@2x_png fileNode\nclass node_venv_lib_python3_12_site-packages_PyQt6_Qt6_qml_QtQuick_Controls_FluentWinUI3_dark_images_spinbox-background-hovered@3x_png fileNode\nclass node_venv_lib_python3_12_site-packages_PyQt6_Qt6_qml_QtQuick_Controls_FluentWinUI3_dark_images_spinbox-background-up-hovered_png fileNode\nclass node_venv_lib_python3_12_site-packages_PyQt6_Qt6_qml_QtQuick_Controls_FluentWinUI3_dark_images_spinbox-background-up-hovered@2x_png fileNode\nclass node_venv_lib_python3_12_site-packages_PyQt6_Qt6_qml_QtQuick_Controls_FluentWinUI3_dark_images_spinbox-background-up-hovered@3x_png fileNode\nclass node_venv_lib_python3_12_site-packages_PyQt6_Qt6_qml_QtQuick_Controls_FluentWinUI3_dark_images_spinbox-background-up-pressed_png fileNode\nclass node_venv_lib_python3_12_site-packages_PyQt6_Qt6_qml_QtQuick_Controls_FluentWinUI3_dark_images_spinbox-background-up-pressed@2x_png fileNode\nclass node_venv_lib_python3_12_site-packages_PyQt6_Qt6_qml_QtQuick_Controls_FluentWinUI3_dark_images_spinbox-background-up-pressed@3x_png fileNode\nclass node_venv_lib_python3_12_site-packages_PyQt6_Qt6_qml_QtQuick_Controls_FluentWinUI3_dark_images_spinbox-background_png fileNode\nclass node_venv_lib_python3_12_site-packages_PyQt6_Qt6_qml_QtQuick_Controls_FluentWinUI3_dark_images_spinbox-background@2x_png fileNode\nclass node_venv_lib_python3_12_site-packages_PyQt6_Qt6_qml_QtQuick_Controls_FluentWinUI3_dark_images_spinbox-background@3x_png fileNode\nclass node_venv_lib_python3_12_site-packages_PyQt6_Qt6_qml_QtQuick_Controls_FluentWinUI3_dark_images_spinbox-indicator-down-background-atlimit_png fileNode\nclass node_venv_lib_python3_12_site-packages_PyQt6_Qt6_qml_QtQuick_Controls_FluentWinUI3_dark_images_spinbox-indicator-down-background-atlimit@2x_png fileNode\nclass node_venv_lib_python3_12_site-packages_PyQt6_Qt6_qml_QtQuick_Controls_FluentWinUI3_dark_images_spinbox-indicator-down-background-atlimit@3x_png fileNode\nclass node_venv_lib_python3_12_site-packages_PyQt6_Qt6_qml_QtQuick_Controls_FluentWinUI3_dark_images_spinbox-indicator-down-background-disabled_png fileNode\nclass node_venv_lib_python3_12_site-packages_PyQt6_Qt6_qml_QtQuick_Controls_FluentWinUI3_dark_images_spinbox-indicator-down-background-disabled@2x_png fileNode\nclass node_venv_lib_python3_12_site-packages_PyQt6_Qt6_qml_QtQuick_Controls_FluentWinUI3_dark_images_spinbox-indicator-down-background-disabled@3x_png fileNode\nclass node_venv_lib_python3_12_site-packages_PyQt6_Qt6_qml_QtQuick_Controls_FluentWinUI3_dark_images_spinbox-indicator-down-background-down-hovered_png fileNode\nclass node_venv_lib_python3_12_site-packages_PyQt6_Qt6_qml_QtQuick_Controls_FluentWinUI3_dark_images_spinbox-indicator-down-background-down-hovered@2x_png fileNode\nclass node_venv_lib_python3_12_site-packages_PyQt6_Qt6_qml_QtQuick_Controls_FluentWinUI3_dark_images_spinbox-indicator-down-background-down-hovered@3x_png fileNode\nclass node_venv_lib_python3_12_site-packages_PyQt6_Qt6_qml_QtQuick_Controls_FluentWinUI3_dark_images_spinbox-indicator-down-background-down-pressed_png fileNode\nclass node_venv_lib_python3_12_site-packages_PyQt6_Qt6_qml_QtQuick_Controls_FluentWinUI3_dark_images_spinbox-indicator-down-background-down-pressed@2x_png fileNode\nclass node_venv_lib_python3_12_site-packages_PyQt6_Qt6_qml_QtQuick_Controls_FluentWinUI3_dark_images_spinbox-indicator-down-background-down-pressed@3x_png fileNode\nclass node_venv_lib_python3_12_site-packages_PyQt6_Qt6_qml_QtQuick_Controls_FluentWinUI3_dark_images_spinbox-indicator-down-background-hovered_png fileNode\nclass node_venv_lib_python3_12_site-packages_PyQt6_Qt6_qml_QtQuick_Controls_FluentWinUI3_dark_images_spinbox-indicator-down-background-hovered@2x_png fileNode\nclass node_venv_lib_python3_12_site-packages_PyQt6_Qt6_qml_QtQuick_Controls_FluentWinUI3_dark_images_spinbox-indicator-down-background-hovered@3x_png fileNode\nclass node_venv_lib_python3_12_site-packages_PyQt6_Qt6_qml_QtQuick_Controls_FluentWinUI3_dark_images_spinbox-indicator-down-background-up-hovered_png fileNode\nclass node_venv_lib_python3_12_site-packages_PyQt6_Qt6_qml_QtQuick_Controls_FluentWinUI3_dark_images_spinbox-indicator-down-background-up-hovered@2x_png fileNode\nclass node_venv_lib_python3_12_site-packages_PyQt6_Qt6_qml_QtQuick_Controls_FluentWinUI3_dark_images_spinbox-indicator-down-background-up-hovered@3x_png fileNode\nclass node_venv_lib_python3_12_site-packages_PyQt6_Qt6_qml_QtQuick_Controls_FluentWinUI3_dark_images_spinbox-indicator-down-background-up-pressed_png fileNode\nclass node_venv_lib_python3_12_site-packages_PyQt6_Qt6_qml_QtQuick_Controls_FluentWinUI3_dark_images_spinbox-indicator-down-background-up-pressed@2x_png fileNode\nclass node_venv_lib_python3_12_site-packages_PyQt6_Qt6_qml_QtQuick_Controls_FluentWinUI3_dark_images_spinbox-indicator-down-background-up-pressed@3x_png fileNode\nclass node_venv_lib_python3_12_site-packages_PyQt6_Qt6_qml_QtQuick_Controls_FluentWinUI3_dark_images_spinbox-indicator-down-background_png fileNode\nclass node_venv_lib_python3_12_site-packages_PyQt6_Qt6_qml_QtQuick_Controls_FluentWinUI3_dark_images_spinbox-indicator-down-background@2x_png fileNode\nclass node_venv_lib_python3_12_site-packages_PyQt6_Qt6_qml_QtQuick_Controls_FluentWinUI3_dark_images_spinbox-indicator-down-background@3x_png fileNode\nclass node_venv_lib_python3_12_site-packages_PyQt6_Qt6_qml_QtQuick_Controls_FluentWinUI3_dark_images_spinbox-indicator-down-icon-atlimit_png fileNode\nclass node_venv_lib_python3_12_site-packages_PyQt6_Qt6_qml_QtQuick_Controls_FluentWinUI3_dark_images_spinbox-indicator-down-icon-atlimit@2x_png fileNode\nclass node_venv_lib_python3_12_site-packages_PyQt6_Qt6_qml_QtQuick_Controls_FluentWinUI3_dark_images_spinbox-indicator-down-icon-atlimit@3x_png fileNode\nclass node_venv_lib_python3_12_site-packages_PyQt6_Qt6_qml_QtQuick_Controls_FluentWinUI3_dark_images_spinbox-indicator-down-icon-disabled_png fileNode\nclass node_venv_lib_python3_12_site-packages_PyQt6_Qt6_qml_QtQuick_Controls_FluentWinUI3_dark_images_spinbox-indicator-down-icon-disabled@2x_png fileNode\nclass node_venv_lib_python3_12_site-packages_PyQt6_Qt6_qml_QtQuick_Controls_FluentWinUI3_dark_images_spinbox-indicator-down-icon-disabled@3x_png fileNode\nclass node_venv_lib_python3_12_site-packages_PyQt6_Qt6_qml_QtQuick_Controls_FluentWinUI3_dark_images_spinbox-indicator-down-icon-down-hovered_png fileNode\nclass node_venv_lib_python3_12_site-packages_PyQt6_Qt6_qml_QtQuick_Controls_FluentWinUI3_dark_images_spinbox-indicator-down-icon-down-hovered@2x_png fileNode\nclass node_venv_lib_python3_12_site-packages_PyQt6_Qt6_qml_QtQuick_Controls_FluentWinUI3_dark_images_spinbox-indicator-down-icon-down-hovered@3x_png fileNode\nclass node_venv_lib_python3_12_site-packages_PyQt6_Qt6_qml_QtQuick_Controls_FluentWinUI3_dark_images_spinbox-indicator-down-icon-down-pressed_png fileNode\nclass node_venv_lib_python3_12_site-packages_PyQt6_Qt6_qml_QtQuick_Controls_FluentWinUI3_dark_images_spinbox-indicator-down-icon-down-pressed@2x_png fileNode\nclass node_venv_lib_python3_12_site-packages_PyQt6_Qt6_qml_QtQuick_Controls_FluentWinUI3_dark_images_spinbox-indicator-down-icon-down-pressed@3x_png fileNode\nclass node_venv_lib_python3_12_site-packages_PyQt6_Qt6_qml_QtQuick_Controls_FluentWinUI3_dark_images_spinbox-indicator-down-icon-hovered_png fileNode\nclass node_venv_lib_python3_12_site-packages_PyQt6_Qt6_qml_QtQuick_Controls_FluentWinUI3_dark_images_spinbox-indicator-down-icon-hovered@2x_png fileNode\nclass node_venv_lib_python3_12_site-packages_PyQt6_Qt6_qml_QtQuick_Controls_FluentWinUI3_dark_images_spinbox-indicator-down-icon-hovered@3x_png fileNode\nclass node_venv_lib_python3_12_site-packages_PyQt6_Qt6_qml_QtQuick_Controls_FluentWinUI3_dark_images_spinbox-indicator-down-icon-up-hovered_png fileNode\nclass node_venv_lib_python3_12_site-packages_PyQt6_Qt6_qml_QtQuick_Controls_FluentWinUI3_dark_images_spinbox-indicator-down-icon-up-hovered@2x_png fileNode\nclass node_venv_lib_python3_12_site-packages_PyQt6_Qt6_qml_QtQuick_Controls_FluentWinUI3_dark_images_spinbox-indicator-down-icon-up-hovered@3x_png fileNode\nclass node_venv_lib_python3_12_site-packages_PyQt6_Qt6_qml_QtQuick_Controls_FluentWinUI3_dark_images_spinbox-indicator-down-icon-up-pressed_png fileNode\nclass node_venv_lib_python3_12_site-packages_PyQt6_Qt6_qml_QtQuick_Controls_FluentWinUI3_dark_images_spinbox-indicator-down-icon-up-pressed@2x_png fileNode\nclass node_venv_lib_python3_12_site-packages_PyQt6_Qt6_qml_QtQuick_Controls_FluentWinUI3_dark_images_spinbox-indicator-down-icon-up-pressed@3x_png fileNode\nclass node_venv_lib_python3_12_site-packages_PyQt6_Qt6_qml_QtQuick_Controls_FluentWinUI3_dark_images_spinbox-indicator-down-icon_png fileNode\nclass node_venv_lib_python3_12_site-packages_PyQt6_Qt6_qml_QtQuick_Controls_FluentWinUI3_dark_images_spinbox-indicator-down-icon@2x_png fileNode\nclass node_venv_lib_python3_12_site-packages_PyQt6_Qt6_qml_QtQuick_Controls_FluentWinUI3_dark_images_spinbox-indicator-down-icon@3x_png fileNode\nclass node_venv_lib_python3_12_site-packages_PyQt6_Qt6_qml_QtQuick_Controls_FluentWinUI3_dark_images_spinbox-indicator-up-background-atlimit_png fileNode\nclass node_venv_lib_python3_12_site-packages_PyQt6_Qt6_qml_QtQuick_Controls_FluentWinUI3_dark_images_spinbox-indicator-up-background-atlimit@2x_png fileNode\nclass node_venv_lib_python3_12_site-packages_PyQt6_Qt6_qml_QtQuick_Controls_FluentWinUI3_dark_images_spinbox-indicator-up-background-atlimit@3x_png fileNode\nclass node_venv_lib_python3_12_site-packages_PyQt6_Qt6_qml_QtQuick_Controls_FluentWinUI3_dark_images_spinbox-indicator-up-background-disabled_png fileNode\nclass node_venv_lib_python3_12_site-packages_PyQt6_Qt6_qml_QtQuick_Controls_FluentWinUI3_dark_images_spinbox-indicator-up-background-disabled@2x_png fileNode\nclass node_venv_lib_python3_12_site-packages_PyQt6_Qt6_qml_QtQuick_Controls_FluentWinUI3_dark_images_spinbox-indicator-up-background-disabled@3x_png fileNode\nclass node_venv_lib_python3_12_site-packages_PyQt6_Qt6_qml_QtQuick_Controls_FluentWinUI3_dark_images_spinbox-indicator-up-background-down-hovered_png fileNode\nclass node_venv_lib_python3_12_site-packages_PyQt6_Qt6_qml_QtQuick_Controls_FluentWinUI3_dark_images_spinbox-indicator-up-background-down-hovered@2x_png fileNode\nclass node_venv_lib_python3_12_site-packages_PyQt6_Qt6_qml_QtQuick_Controls_FluentWinUI3_dark_images_spinbox-indicator-up-background-down-hovered@3x_png fileNode\nclass node_venv_lib_python3_12_site-packages_PyQt6_Qt6_qml_QtQuick_Controls_FluentWinUI3_dark_images_spinbox-indicator-up-background-down-pressed_png fileNode\nclass node_venv_lib_python3_12_site-packages_PyQt6_Qt6_qml_QtQuick_Controls_FluentWinUI3_dark_images_spinbox-indicator-up-background-down-pressed@2x_png fileNode\nclass node_venv_lib_python3_12_site-packages_PyQt6_Qt6_qml_QtQuick_Controls_FluentWinUI3_dark_images_spinbox-indicator-up-background-down-pressed@3x_png fileNode\nclass node_venv_lib_python3_12_site-packages_PyQt6_Qt6_qml_QtQuick_Controls_FluentWinUI3_dark_images_spinbox-indicator-up-background-hovered_png fileNode\nclass node_venv_lib_python3_12_site-packages_PyQt6_Qt6_qml_QtQuick_Controls_FluentWinUI3_dark_images_spinbox-indicator-up-background-hovered@2x_png fileNode\nclass node_venv_lib_python3_12_site-packages_PyQt6_Qt6_qml_QtQuick_Controls_FluentWinUI3_dark_images_spinbox-indicator-up-background-hovered@3x_png fileNode\nclass node_venv_lib_python3_12_site-packages_PyQt6_Qt6_qml_QtQuick_Controls_FluentWinUI3_dark_images_spinbox-indicator-up-background-up-hovered_png fileNode\nclass node_venv_lib_python3_12_site-packages_PyQt6_Qt6_qml_QtQuick_Controls_FluentWinUI3_dark_images_spinbox-indicator-up-background-up-hovered@2x_png fileNode\nclass node_venv_lib_python3_12_site-packages_PyQt6_Qt6_qml_QtQuick_Controls_FluentWinUI3_dark_images_spinbox-indicator-up-background-up-hovered@3x_png fileNode\nclass node_venv_lib_python3_12_site-packages_PyQt6_Qt6_qml_QtQuick_Controls_FluentWinUI3_dark_images_spinbox-indicator-up-background-up-pressed_png fileNode\nclass node_venv_lib_python3_12_site-packages_PyQt6_Qt6_qml_QtQuick_Controls_FluentWinUI3_dark_images_spinbox-indicator-up-background-up-pressed@2x_png fileNode\nclass node_venv_lib_python3_12_site-packages_PyQt6_Qt6_qml_QtQuick_Controls_FluentWinUI3_dark_images_spinbox-indicator-up-background-up-pressed@3x_png fileNode\nclass node_venv_lib_python3_12_site-packages_PyQt6_Qt6_qml_QtQuick_Controls_FluentWinUI3_dark_images_spinbox-indicator-up-background_png fileNode\nclass node_venv_lib_python3_12_site-packages_PyQt6_Qt6_qml_QtQuick_Controls_FluentWinUI3_dark_images_spinbox-indicator-up-background@2x_png fileNode\nclass node_venv_lib_python3_12_site-packages_PyQt6_Qt6_qml_QtQuick_Controls_FluentWinUI3_dark_images_spinbox-indicator-up-background@3x_png fileNode\nclass node_venv_lib_python3_12_site-packages_PyQt6_Qt6_qml_QtQuick_Controls_FluentWinUI3_dark_images_spinbox-indicator-up-icon-atlimit_png fileNode\nclass node_venv_lib_python3_12_site-packages_PyQt6_Qt6_qml_QtQuick_Controls_FluentWinUI3_dark_images_spinbox-indicator-up-icon-atlimit@2x_png fileNode\nclass node_venv_lib_python3_12_site-packages_PyQt6_Qt6_qml_QtQuick_Controls_FluentWinUI3_dark_images_spinbox-indicator-up-icon-atlimit@3x_png fileNode\nclass node_venv_lib_python3_12_site-packages_PyQt6_Qt6_qml_QtQuick_Controls_FluentWinUI3_dark_images_spinbox-indicator-up-icon-disabled_png fileNode\nclass node_venv_lib_python3_12_site-packages_PyQt6_Qt6_qml_QtQuick_Controls_FluentWinUI3_dark_images_spinbox-indicator-up-icon-disabled@2x_png fileNode\nclass node_venv_lib_python3_12_site-packages_PyQt6_Qt6_qml_QtQuick_Controls_FluentWinUI3_dark_images_spinbox-indicator-up-icon-disabled@3x_png fileNode\nclass node_venv_lib_python3_12_site-packages_PyQt6_Qt6_qml_QtQuick_Controls_FluentWinUI3_dark_images_spinbox-indicator-up-icon-down-hovered_png fileNode\nclass node_venv_lib_python3_12_site-packages_PyQt6_Qt6_qml_QtQuick_Controls_FluentWinUI3_dark_images_spinbox-indicator-up-icon-down-hovered@2x_png fileNode\nclass node_venv_lib_python3_12_site-packages_PyQt6_Qt6_qml_QtQuick_Controls_FluentWinUI3_dark_images_spinbox-indicator-up-icon-down-hovered@3x_png fileNode\nclass node_venv_lib_python3_12_site-packages_PyQt6_Qt6_qml_QtQuick_Controls_FluentWinUI3_dark_images_spinbox-indicator-up-icon-down-pressed_png fileNode\nclass node_venv_lib_python3_12_site-packages_PyQt6_Qt6_qml_QtQuick_Controls_FluentWinUI3_dark_images_spinbox-indicator-up-icon-down-pressed@2x_png fileNode\nclass node_venv_lib_python3_12_site-packages_PyQt6_Qt6_qml_QtQuick_Controls_FluentWinUI3_dark_images_spinbox-indicator-up-icon-down-pressed@3x_png fileNode\nclass node_venv_lib_python3_12_site-packages_PyQt6_Qt6_qml_QtQuick_Controls_FluentWinUI3_dark_images_spinbox-indicator-up-icon-hovered_png fileNode\nclass node_venv_lib_python3_12_site-packages_PyQt6_Qt6_qml_QtQuick_Controls_FluentWinUI3_dark_images_spinbox-indicator-up-icon-hovered@2x_png fileNode\nclass node_venv_lib_python3_12_site-packages_PyQt6_Qt6_qml_QtQuick_Controls_FluentWinUI3_dark_images_spinbox-indicator-up-icon-hovered@3x_png fileNode\nclass node_venv_lib_python3_12_site-packages_PyQt6_Qt6_qml_QtQuick_Controls_FluentWinUI3_dark_images_spinbox-indicator-up-icon-up-hovered_png fileNode\nclass node_venv_lib_python3_12_site-packages_PyQt6_Qt6_qml_QtQuick_Controls_FluentWinUI3_dark_images_spinbox-indicator-up-icon-up-hovered@2x_png fileNode\nclass node_venv_lib_python3_12_site-packages_PyQt6_Qt6_qml_QtQuick_Controls_FluentWinUI3_dark_images_spinbox-indicator-up-icon-up-hovered@3x_png fileNode\nclass node_venv_lib_python3_12_site-packages_PyQt6_Qt6_qml_QtQuick_Controls_FluentWinUI3_dark_images_spinbox-indicator-up-icon-up-pressed_png fileNode\nclass node_venv_lib_python3_12_site-packages_PyQt6_Qt6_qml_QtQuick_Controls_FluentWinUI3_dark_images_spinbox-indicator-up-icon-up-pressed@2x_png fileNode\nclass node_venv_lib_python3_12_site-packages_PyQt6_Qt6_qml_QtQuick_Controls_FluentWinUI3_dark_images_spinbox-indicator-up-icon-up-pressed@3x_png fileNode\nclass node_venv_lib_python3_12_site-packages_PyQt6_Qt6_qml_QtQuick_Controls_FluentWinUI3_dark_images_spinbox-indicator-up-icon_png fileNode\nclass node_venv_lib_python3_12_site-packages_PyQt6_Qt6_qml_QtQuick_Controls_FluentWinUI3_dark_images_spinbox-indicator-up-icon@2x_png fileNode\nclass node_venv_lib_python3_12_site-packages_PyQt6_Qt6_qml_QtQuick_Controls_FluentWinUI3_dark_images_spinbox-indicator-up-icon@3x_png fileNode\nclass node_venv_lib_python3_12_site-packages_PyQt6_Qt6_qml_QtQuick_Controls_FluentWinUI3_dark_images_textarea-background-disabled_png fileNode\nclass node_venv_lib_python3_12_site-packages_PyQt6_Qt6_qml_QtQuick_Controls_FluentWinUI3_dark_images_textarea-background-disabled@2x_png fileNode\nclass node_venv_lib_python3_12_site-packages_PyQt6_Qt6_qml_QtQuick_Controls_FluentWinUI3_dark_images_textarea-background-disabled@3x_png fileNode\nclass node_venv_lib_python3_12_site-packages_PyQt6_Qt6_qml_QtQuick_Controls_FluentWinUI3_dark_images_textarea-background-focused_png fileNode\nclass node_venv_lib_python3_12_site-packages_PyQt6_Qt6_qml_QtQuick_Controls_FluentWinUI3_dark_images_textarea-background-focused@2x_png fileNode\nclass node_venv_lib_python3_12_site-packages_PyQt6_Qt6_qml_QtQuick_Controls_FluentWinUI3_dark_images_textarea-background-focused@3x_png fileNode\nclass node_venv_lib_python3_12_site-packages_PyQt6_Qt6_qml_QtQuick_Controls_FluentWinUI3_dark_images_textarea-background-hovered_png fileNode\nclass node_venv_lib_python3_12_site-packages_PyQt6_Qt6_qml_QtQuick_Controls_FluentWinUI3_dark_images_textarea-background-hovered@2x_png fileNode\nclass node_venv_lib_python3_12_site-packages_PyQt6_Qt6_qml_QtQuick_Controls_FluentWinUI3_dark_images_textarea-background-hovered@3x_png fileNode\nclass node_venv_lib_python3_12_site-packages_PyQt6_Qt6_qml_QtQuick_Controls_FluentWinUI3_dark_images_textarea-background_png fileNode\nclass node_venv_lib_python3_12_site-packages_PyQt6_Qt6_qml_QtQuick_Controls_FluentWinUI3_dark_images_textarea-background@2x_png fileNode\nclass node_venv_lib_python3_12_site-packages_PyQt6_Qt6_qml_QtQuick_Controls_FluentWinUI3_dark_images_textarea-background@3x_png fileNode\nclass node_venv_lib_python3_12_site-packages_PyQt6_Qt6_qml_QtQuick_Controls_FluentWinUI3_dark_images_textfield-background-disabled_png fileNode\nclass node_venv_lib_python3_12_site-packages_PyQt6_Qt6_qml_QtQuick_Controls_FluentWinUI3_dark_images_textfield-background-disabled@2x_png fileNode\nclass node_venv_lib_python3_12_site-packages_PyQt6_Qt6_qml_QtQuick_Controls_FluentWinUI3_dark_images_textfield-background-disabled@3x_png fileNode\nclass node_venv_lib_python3_12_site-packages_PyQt6_Qt6_qml_QtQuick_Controls_FluentWinUI3_dark_images_textfield-background-focused_png fileNode\nclass node_venv_lib_python3_12_site-packages_PyQt6_Qt6_qml_QtQuick_Controls_FluentWinUI3_dark_images_textfield-background-focused@2x_png fileNode\nclass node_venv_lib_python3_12_site-packages_PyQt6_Qt6_qml_QtQuick_Controls_FluentWinUI3_dark_images_textfield-background-focused@3x_png fileNode\nclass node_venv_lib_python3_12_site-packages_PyQt6_Qt6_qml_QtQuick_Controls_FluentWinUI3_dark_images_textfield-background-hovered_png fileNode\nclass node_venv_lib_python3_12_site-packages_PyQt6_Qt6_qml_QtQuick_Controls_FluentWinUI3_dark_images_textfield-background-hovered@2x_png fileNode\nclass node_venv_lib_python3_12_site-packages_PyQt6_Qt6_qml_QtQuick_Controls_FluentWinUI3_dark_images_textfield-background-hovered@3x_png fileNode\nclass node_venv_lib_python3_12_site-packages_PyQt6_Qt6_qml_QtQuick_Controls_FluentWinUI3_dark_images_textfield-background_png fileNode\nclass node_venv_lib_python3_12_site-packages_PyQt6_Qt6_qml_QtQuick_Controls_FluentWinUI3_dark_images_textfield-background@2x_png fileNode\nclass node_venv_lib_python3_12_site-packages_PyQt6_Qt6_qml_QtQuick_Controls_FluentWinUI3_dark_images_textfield-background@3x_png fileNode\nclass node_venv_lib_python3_12_site-packages_PyQt6_Qt6_qml_QtQuick_Controls_macOS_BusyIndicator_qml fileNode\nclass node_venv_lib_python3_12_site-packages_PyQt6_Qt6_qml_QtQuick_Controls_macOS_Button_qml fileNode\nclass node_venv_lib_python3_12_site-packages_PyQt6_Qt6_qml_QtQuick_Controls_macOS_CheckBox_qml fileNode\nclass node_venv_lib_python3_12_site-packages_PyQt6_Qt6_qml_QtQuick_Controls_macOS_CheckDelegate_qml fileNode\nclass node_venv_lib_python3_12_site-packages_PyQt6_Qt6_qml_QtQuick_Controls_macOS_ComboBox_qml fileNode\nclass node_venv_lib_python3_12_site-packages_PyQt6_Qt6_qml_QtQuick_Controls_macOS_DelayButton_qml fileNode\nclass node_venv_lib_python3_12_site-packages_PyQt6_Qt6_qml_QtQuick_Controls_macOS_Dial_qml fileNode\nclass node_venv_lib_python3_12_site-packages_PyQt6_Qt6_qml_QtQuick_Controls_macOS_Dialog_qml fileNode\nclass node_venv_lib_python3_12_site-packages_PyQt6_Qt6_qml_QtQuick_Controls_macOS_DialogButtonBox_qml fileNode\nclass node_venv_lib_python3_12_site-packages_PyQt6_Qt6_qml_QtQuick_Controls_macOS_Frame_qml fileNode\nclass node_venv_lib_python3_12_site-packages_PyQt6_Qt6_qml_QtQuick_Controls_macOS_GroupBox_qml fileNode\nclass node_venv_lib_python3_12_site-packages_PyQt6_Qt6_qml_QtQuick_Controls_macOS_ItemDelegate_qml fileNode\nclass node_venv_lib_python3_12_site-packages_PyQt6_Qt6_qml_QtQuick_Controls_macOS_Menu_qml fileNode\nclass node_venv_lib_python3_12_site-packages_PyQt6_Qt6_qml_QtQuick_Controls_macOS_MenuBar_qml fileNode\nclass node_venv_lib_python3_12_site-packages_PyQt6_Qt6_qml_QtQuick_Controls_macOS_MenuBarItem_qml fileNode\nclass node_venv_lib_python3_12_site-packages_PyQt6_Qt6_qml_QtQuick_Controls_macOS_MenuItem_qml fileNode\nclass node_venv_lib_python3_12_site-packages_PyQt6_Qt6_qml_QtQuick_Controls_macOS_MenuSeparator_qml fileNode\nclass node_venv_lib_python3_12_site-packages_PyQt6_Qt6_qml_QtQuick_Controls_macOS_ProgressBar_qml fileNode\nclass node_venv_lib_python3_12_site-packages_PyQt6_Qt6_qml_QtQuick_Controls_macOS_RadioButton_qml fileNode\nclass node_venv_lib_python3_12_site-packages_PyQt6_Qt6_qml_QtQuick_Controls_macOS_RadioDelegate_qml fileNode\nclass node_venv_lib_python3_12_site-packages_PyQt6_Qt6_qml_QtQuick_Controls_macOS_RangeSlider_qml fileNode\nclass node_venv_lib_python3_12_site-packages_PyQt6_Qt6_qml_QtQuick_Controls_macOS_ScrollBar_qml fileNode\nclass node_venv_lib_python3_12_site-packages_PyQt6_Qt6_qml_QtQuick_Controls_macOS_ScrollIndicator_qml fileNode\nclass node_venv_lib_python3_12_site-packages_PyQt6_Qt6_qml_QtQuick_Controls_macOS_ScrollView_qml fileNode\nclass node_venv_lib_python3_12_site-packages_PyQt6_Qt6_qml_QtQuick_Controls_macOS_SearchField_qml fileNode\nclass node_venv_lib_python3_12_site-packages_PyQt6_Qt6_qml_QtQuick_Controls_macOS_SelectionRectangle_qml fileNode\nclass node_venv_lib_python3_12_site-packages_PyQt6_Qt6_qml_QtQuick_Controls_macOS_Slider_qml fileNode\nclass node_venv_lib_python3_12_site-packages_PyQt6_Qt6_qml_QtQuick_Controls_macOS_SpinBox_qml fileNode\nclass node_venv_lib_python3_12_site-packages_PyQt6_Qt6_qml_QtQuick_Controls_macOS_Switch_qml fileNode\nclass node_venv_lib_python3_12_site-packages_PyQt6_Qt6_qml_QtQuick_Controls_macOS_SwitchDelegate_qml fileNode\nclass node_venv_lib_python3_12_site-packages_PyQt6_Qt6_qml_QtQuick_Controls_macOS_TextArea_qml fileNode\nclass node_venv_lib_python3_12_site-packages_PyQt6_Qt6_qml_QtQuick_Controls_macOS_TextField_qml fileNode\nclass node_venv_lib_python3_12_site-packages_PyQt6_Qt6_qml_QtQuick_Controls_macOS_TreeViewDelegate_qml fileNode\nclass node_venv_lib_python3_12_site-packages_PyQt6_Qt6_qml_QtQuick_Controls_macOS_libqtquickcontrols2macosstyleplugin_dylib fileNode\nclass node_venv_lib_python3_12_site-packages_PyQt6_Qt6_qml_QtQuick_Controls_macOS_plugins_qmltypes fileNode\nclass node_venv_lib_python3_12_site-packages_PyQt6_Qt6_qml_QtQuick_Controls_macOS_qmldir fileNode\nclass node_venv_lib_python3_12_site-packages_PyQt6_Qt6_qml_QtQuick_Controls_macOS_impl_CheckIndicator_qml fileNode\nclass node_venv_lib_python3_12_site-packages_PyQt6_Qt6_qml_QtQuick_Controls_macOS_impl_QuickControls2MacOSStyleImpl_qmltypes fileNode\nclass node_venv_lib_python3_12_site-packages_PyQt6_Qt6_qml_QtQuick_Controls_macOS_impl_SliderHandle_qml fileNode\nclass node_venv_lib_python3_12_site-packages_PyQt6_Qt6_qml_QtQuick_Controls_macOS_impl_SwitchHandle_qml fileNode\nclass node_venv_lib_python3_12_site-packages_PyQt6_Qt6_qml_QtQuick_Controls_macOS_impl_SwitchIndicator_qml fileNode\nclass node_venv_lib_python3_12_site-packages_PyQt6_Qt6_qml_QtQuick_Controls_macOS_impl_libqtquickcontrols2macosstyleimplplugin_dylib fileNode\nclass node_venv_lib_python3_12_site-packages_PyQt6_Qt6_qml_QtQuick_Controls_macOS_impl_qmldir fileNode\nclass node_venv_lib_python3_12_site-packages_PyQt6_Qt6_qml_QtQuick_Controls_macOS_images_busyindicator-dark_webp fileNode\nclass node_venv_lib_python3_12_site-packages_PyQt6_Qt6_qml_QtQuick_Controls_macOS_images_busyindicator-dark@2x_webp fileNode\nclass node_venv_lib_python3_12_site-packages_PyQt6_Qt6_qml_QtQuick_Controls_macOS_images_busyindicator-dark@3x_webp fileNode\nclass node_venv_lib_python3_12_site-packages_PyQt6_Qt6_qml_QtQuick_Controls_macOS_images_busyindicator-light_webp fileNode\nclass node_venv_lib_python3_12_site-packages_PyQt6_Qt6_qml_QtQuick_Controls_macOS_images_busyindicator-light@2x_webp fileNode\nclass node_venv_lib_python3_12_site-packages_PyQt6_Qt6_qml_QtQuick_Controls_macOS_images_busyindicator-light@3x_webp fileNode\nclass node_venv_lib_python3_12_site-packages_PyQt6_Qt6_qml_QtQuick_Controls_macOS_images_checkmark_png fileNode\nclass node_venv_lib_python3_12_site-packages_PyQt6_Qt6_qml_QtQuick_Controls_macOS_images_checkmark@2x_png fileNode\nclass node_venv_lib_python3_12_site-packages_PyQt6_Qt6_qml_QtQuick_Controls_macOS_images_checkmark@3x_png fileNode\nclass node_venv_lib_python3_12_site-packages_PyQt6_Qt6_qml_QtQuick_Controls_macOS_images_menuarrow_png fileNode\nclass node_venv_lib_python3_12_site-packages_PyQt6_Qt6_qml_QtQuick_Controls_macOS_images_menuarrow@2x_png fileNode\nclass node_venv_lib_python3_12_site-packages_PyQt6_Qt6_qml_QtQuick_Controls_macOS_images_menuarrow@3x_png fileNode\nclass node_venv_lib_python3_12_site-packages_PyQt6_Qt6_qml_QtQuick_Controls_Universal_ApplicationWindow_qml fileNode\nclass node_venv_lib_python3_12_site-packages_PyQt6_Qt6_qml_QtQuick_Controls_Universal_BusyIndicator_qml fileNode\nclass node_venv_lib_python3_12_site-packages_PyQt6_Qt6_qml_QtQuick_Controls_Universal_Button_qml fileNode\nclass node_venv_lib_python3_12_site-packages_PyQt6_Qt6_qml_QtQuick_Controls_Universal_CheckBox_qml fileNode\nclass node_venv_lib_python3_12_site-packages_PyQt6_Qt6_qml_QtQuick_Controls_Universal_CheckDelegate_qml fileNode\nclass node_venv_lib_python3_12_site-packages_PyQt6_Qt6_qml_QtQuick_Controls_Universal_ComboBox_qml fileNode\nclass node_venv_lib_python3_12_site-packages_PyQt6_Qt6_qml_QtQuick_Controls_Universal_DelayButton_qml fileNode\nclass node_venv_lib_python3_12_site-packages_PyQt6_Qt6_qml_QtQuick_Controls_Universal_Dial_qml fileNode\nclass node_venv_lib_python3_12_site-packages_PyQt6_Qt6_qml_QtQuick_Controls_Universal_Dialog_qml fileNode\nclass node_venv_lib_python3_12_site-packages_PyQt6_Qt6_qml_QtQuick_Controls_Universal_DialogButtonBox_qml fileNode\nclass node_venv_lib_python3_12_site-packages_PyQt6_Qt6_qml_QtQuick_Controls_Universal_Drawer_qml fileNode\nclass node_venv_lib_python3_12_site-packages_PyQt6_Qt6_qml_QtQuick_Controls_Universal_Frame_qml fileNode\nclass node_venv_lib_python3_12_site-packages_PyQt6_Qt6_qml_QtQuick_Controls_Universal_GroupBox_qml fileNode\nclass node_venv_lib_python3_12_site-packages_PyQt6_Qt6_qml_QtQuick_Controls_Universal_HorizontalHeaderView_qml fileNode\nclass node_venv_lib_python3_12_site-packages_PyQt6_Qt6_qml_QtQuick_Controls_Universal_HorizontalHeaderViewDelegate_qml fileNode\nclass node_venv_lib_python3_12_site-packages_PyQt6_Qt6_qml_QtQuick_Controls_Universal_ItemDelegate_qml fileNode\nclass node_venv_lib_python3_12_site-packages_PyQt6_Qt6_qml_QtQuick_Controls_Universal_Label_qml fileNode\nclass node_venv_lib_python3_12_site-packages_PyQt6_Qt6_qml_QtQuick_Controls_Universal_Menu_qml fileNode\nclass node_venv_lib_python3_12_site-packages_PyQt6_Qt6_qml_QtQuick_Controls_Universal_MenuBar_qml fileNode\nclass node_venv_lib_python3_12_site-packages_PyQt6_Qt6_qml_QtQuick_Controls_Universal_MenuBarItem_qml fileNode\nclass node_venv_lib_python3_12_site-packages_PyQt6_Qt6_qml_QtQuick_Controls_Universal_MenuItem_qml fileNode\nclass node_venv_lib_python3_12_site-packages_PyQt6_Qt6_qml_QtQuick_Controls_Universal_MenuSeparator_qml fileNode\nclass node_venv_lib_python3_12_site-packages_PyQt6_Qt6_qml_QtQuick_Controls_Universal_Page_qml fileNode\nclass node_venv_lib_python3_12_site-packages_PyQt6_Qt6_qml_QtQuick_Controls_Universal_PageIndicator_qml fileNode\nclass node_venv_lib_python3_12_site-packages_PyQt6_Qt6_qml_QtQuick_Controls_Universal_Pane_qml fileNode\nclass node_venv_lib_python3_12_site-packages_PyQt6_Qt6_qml_QtQuick_Controls_Universal_Popup_qml fileNode\nclass node_venv_lib_python3_12_site-packages_PyQt6_Qt6_qml_QtQuick_Controls_Universal_ProgressBar_qml fileNode\nclass node_venv_lib_python3_12_site-packages_PyQt6_Qt6_qml_QtQuick_Controls_Universal_RadioButton_qml fileNode\nclass node_venv_lib_python3_12_site-packages_PyQt6_Qt6_qml_QtQuick_Controls_Universal_RadioDelegate_qml fileNode\nclass node_venv_lib_python3_12_site-packages_PyQt6_Qt6_qml_QtQuick_Controls_Universal_RangeSlider_qml fileNode\nclass node_venv_lib_python3_12_site-packages_PyQt6_Qt6_qml_QtQuick_Controls_Universal_RoundButton_qml fileNode\nclass node_venv_lib_python3_12_site-packages_PyQt6_Qt6_qml_QtQuick_Controls_Universal_ScrollBar_qml fileNode\nclass node_venv_lib_python3_12_site-packages_PyQt6_Qt6_qml_QtQuick_Controls_Universal_ScrollIndicator_qml fileNode\nclass node_venv_lib_python3_12_site-packages_PyQt6_Qt6_qml_QtQuick_Controls_Universal_ScrollView_qml fileNode\nclass node_venv_lib_python3_12_site-packages_PyQt6_Qt6_qml_QtQuick_Controls_Universal_SearchField_qml fileNode\nclass node_venv_lib_python3_12_site-packages_PyQt6_Qt6_qml_QtQuick_Controls_Universal_SelectionRectangle_qml fileNode\nclass node_venv_lib_python3_12_site-packages_PyQt6_Qt6_qml_QtQuick_Controls_Universal_Slider_qml fileNode\nclass node_venv_lib_python3_12_site-packages_PyQt6_Qt6_qml_QtQuick_Controls_Universal_SpinBox_qml fileNode\nclass node_venv_lib_python3_12_site-packages_PyQt6_Qt6_qml_QtQuick_Controls_Universal_SplitView_qml fileNode\nclass node_venv_lib_python3_12_site-packages_PyQt6_Qt6_qml_QtQuick_Controls_Universal_StackView_qml fileNode\nclass node_venv_lib_python3_12_site-packages_PyQt6_Qt6_qml_QtQuick_Controls_Universal_SwipeDelegate_qml fileNode\nclass node_venv_lib_python3_12_site-packages_PyQt6_Qt6_qml_QtQuick_Controls_Universal_Switch_qml fileNode\nclass node_venv_lib_python3_12_site-packages_PyQt6_Qt6_qml_QtQuick_Controls_Universal_SwitchDelegate_qml fileNode\nclass node_venv_lib_python3_12_site-packages_PyQt6_Qt6_qml_QtQuick_Controls_Universal_TabBar_qml fileNode\nclass node_venv_lib_python3_12_site-packages_PyQt6_Qt6_qml_QtQuick_Controls_Universal_TabButton_qml fileNode\nclass node_venv_lib_python3_12_site-packages_PyQt6_Qt6_qml_QtQuick_Controls_Universal_TextArea_qml fileNode\nclass node_venv_lib_python3_12_site-packages_PyQt6_Qt6_qml_QtQuick_Controls_Universal_TextField_qml fileNode\nclass node_venv_lib_python3_12_site-packages_PyQt6_Qt6_qml_QtQuick_Controls_Universal_ToolBar_qml fileNode\nclass node_venv_lib_python3_12_site-packages_PyQt6_Qt6_qml_QtQuick_Controls_Universal_ToolButton_qml fileNode\nclass node_venv_lib_python3_12_site-packages_PyQt6_Qt6_qml_QtQuick_Controls_Universal_ToolSeparator_qml fileNode\nclass node_venv_lib_python3_12_site-packages_PyQt6_Qt6_qml_QtQuick_Controls_Universal_ToolTip_qml fileNode\nclass node_venv_lib_python3_12_site-packages_PyQt6_Qt6_qml_QtQuick_Controls_Universal_Tumbler_qml fileNode\nclass node_venv_lib_python3_12_site-packages_PyQt6_Qt6_qml_QtQuick_Controls_Universal_VerticalHeaderView_qml fileNode\nclass node_venv_lib_python3_12_site-packages_PyQt6_Qt6_qml_QtQuick_Controls_Universal_VerticalHeaderViewDelegate_qml fileNode\nclass node_venv_lib_python3_12_site-packages_PyQt6_Qt6_qml_QtQuick_Controls_Universal_libqtquickcontrols2universalstyleplugin_dylib fileNode\nclass node_venv_lib_python3_12_site-packages_PyQt6_Qt6_qml_QtQuick_Controls_Universal_plugins_qmltypes fileNode\nclass node_venv_lib_python3_12_site-packages_PyQt6_Qt6_qml_QtQuick_Controls_Universal_qmldir fileNode\nclass node_venv_lib_python3_12_site-packages_PyQt6_Qt6_qml_QtQuick_Controls_Universal_impl_CheckIndicator_qml fileNode\nclass node_venv_lib_python3_12_site-packages_PyQt6_Qt6_qml_QtQuick_Controls_Universal_impl_RadioIndicator_qml fileNode\nclass node_venv_lib_python3_12_site-packages_PyQt6_Qt6_qml_QtQuick_Controls_Universal_impl_SwitchIndicator_qml fileNode\nclass node_venv_lib_python3_12_site-packages_PyQt6_Qt6_qml_QtQuick_Controls_Universal_impl_libqtquickcontrols2universalstyleimplplugin_dylib fileNode\nclass node_venv_lib_python3_12_site-packages_PyQt6_Qt6_qml_QtQuick_Controls_Universal_impl_plugins_qmltypes fileNode\nclass node_venv_lib_python3_12_site-packages_PyQt6_Qt6_qml_QtQuick_Controls_Universal_impl_qmldir fileNode\nclass node_venv_lib_python3_12_site-packages_PyQt6_Qt6_qml_QtQuick_Controls_Basic_AbstractButton_qml fileNode\nclass node_venv_lib_python3_12_site-packages_PyQt6_Qt6_qml_QtQuick_Controls_Basic_Action_qml fileNode\nclass node_venv_lib_python3_12_site-packages_PyQt6_Qt6_qml_QtQuick_Controls_Basic_ActionGroup_qml fileNode\nclass node_venv_lib_python3_12_site-packages_PyQt6_Qt6_qml_QtQuick_Controls_Basic_ApplicationWindow_qml fileNode\nclass node_venv_lib_python3_12_site-packages_PyQt6_Qt6_qml_QtQuick_Controls_Basic_BusyIndicator_qml fileNode\nclass node_venv_lib_python3_12_site-packages_PyQt6_Qt6_qml_QtQuick_Controls_Basic_Button_qml fileNode\nclass node_venv_lib_python3_12_site-packages_PyQt6_Qt6_qml_QtQuick_Controls_Basic_ButtonGroup_qml fileNode\nclass node_venv_lib_python3_12_site-packages_PyQt6_Qt6_qml_QtQuick_Controls_Basic_Calendar_qml fileNode\nclass node_venv_lib_python3_12_site-packages_PyQt6_Qt6_qml_QtQuick_Controls_Basic_CalendarModel_qml fileNode\nclass node_venv_lib_python3_12_site-packages_PyQt6_Qt6_qml_QtQuick_Controls_Basic_CheckBox_qml fileNode\nclass node_venv_lib_python3_12_site-packages_PyQt6_Qt6_qml_QtQuick_Controls_Basic_CheckDelegate_qml fileNode\nclass node_venv_lib_python3_12_site-packages_PyQt6_Qt6_qml_QtQuick_Controls_Basic_ComboBox_qml fileNode\nclass node_venv_lib_python3_12_site-packages_PyQt6_Qt6_qml_QtQuick_Controls_Basic_Container_qml fileNode\nclass node_venv_lib_python3_12_site-packages_PyQt6_Qt6_qml_QtQuick_Controls_Basic_Control_qml fileNode\nclass node_venv_lib_python3_12_site-packages_PyQt6_Qt6_qml_QtQuick_Controls_Basic_DayOfWeekRow_qml fileNode\nclass node_venv_lib_python3_12_site-packages_PyQt6_Qt6_qml_QtQuick_Controls_Basic_DelayButton_qml fileNode\nclass node_venv_lib_python3_12_site-packages_PyQt6_Qt6_qml_QtQuick_Controls_Basic_Dial_qml fileNode\nclass node_venv_lib_python3_12_site-packages_PyQt6_Qt6_qml_QtQuick_Controls_Basic_Dialog_qml fileNode\nclass node_venv_lib_python3_12_site-packages_PyQt6_Qt6_qml_QtQuick_Controls_Basic_DialogButtonBox_qml fileNode\nclass node_venv_lib_python3_12_site-packages_PyQt6_Qt6_qml_QtQuick_Controls_Basic_Drawer_qml fileNode\nclass node_venv_lib_python3_12_site-packages_PyQt6_Qt6_qml_QtQuick_Controls_Basic_Frame_qml fileNode\nclass node_venv_lib_python3_12_site-packages_PyQt6_Qt6_qml_QtQuick_Controls_Basic_GroupBox_qml fileNode\nclass node_venv_lib_python3_12_site-packages_PyQt6_Qt6_qml_QtQuick_Controls_Basic_HorizontalHeaderView_qml fileNode\nclass node_venv_lib_python3_12_site-packages_PyQt6_Qt6_qml_QtQuick_Controls_Basic_HorizontalHeaderViewDelegate_qml fileNode\nclass node_venv_lib_python3_12_site-packages_PyQt6_Qt6_qml_QtQuick_Controls_Basic_ItemDelegate_qml fileNode\nclass node_venv_lib_python3_12_site-packages_PyQt6_Qt6_qml_QtQuick_Controls_Basic_Label_qml fileNode\nclass node_venv_lib_python3_12_site-packages_PyQt6_Qt6_qml_QtQuick_Controls_Basic_Menu_qml fileNode\nclass node_venv_lib_python3_12_site-packages_PyQt6_Qt6_qml_QtQuick_Controls_Basic_MenuBar_qml fileNode\nclass node_venv_lib_python3_12_site-packages_PyQt6_Qt6_qml_QtQuick_Controls_Basic_MenuBarItem_qml fileNode\nclass node_venv_lib_python3_12_site-packages_PyQt6_Qt6_qml_QtQuick_Controls_Basic_MenuItem_qml fileNode\nclass node_venv_lib_python3_12_site-packages_PyQt6_Qt6_qml_QtQuick_Controls_Basic_MenuSeparator_qml fileNode\nclass node_venv_lib_python3_12_site-packages_PyQt6_Qt6_qml_QtQuick_Controls_Basic_MonthGrid_qml fileNode\nclass node_venv_lib_python3_12_site-packages_PyQt6_Qt6_qml_QtQuick_Controls_Basic_Page_qml fileNode\nclass node_venv_lib_python3_12_site-packages_PyQt6_Qt6_qml_QtQuick_Controls_Basic_PageIndicator_qml fileNode\nclass node_venv_lib_python3_12_site-packages_PyQt6_Qt6_qml_QtQuick_Controls_Basic_Pane_qml fileNode\nclass node_venv_lib_python3_12_site-packages_PyQt6_Qt6_qml_QtQuick_Controls_Basic_Popup_qml fileNode\nclass node_venv_lib_python3_12_site-packages_PyQt6_Qt6_qml_QtQuick_Controls_Basic_ProgressBar_qml fileNode\nclass node_venv_lib_python3_12_site-packages_PyQt6_Qt6_qml_QtQuick_Controls_Basic_RadioButton_qml fileNode\nclass node_venv_lib_python3_12_site-packages_PyQt6_Qt6_qml_QtQuick_Controls_Basic_RadioDelegate_qml fileNode\nclass node_venv_lib_python3_12_site-packages_PyQt6_Qt6_qml_QtQuick_Controls_Basic_RangeSlider_qml fileNode\nclass node_venv_lib_python3_12_site-packages_PyQt6_Qt6_qml_QtQuick_Controls_Basic_RoundButton_qml fileNode\nclass node_venv_lib_python3_12_site-packages_PyQt6_Qt6_qml_QtQuick_Controls_Basic_ScrollBar_qml fileNode\nclass node_venv_lib_python3_12_site-packages_PyQt6_Qt6_qml_QtQuick_Controls_Basic_ScrollIndicator_qml fileNode\nclass node_venv_lib_python3_12_site-packages_PyQt6_Qt6_qml_QtQuick_Controls_Basic_ScrollView_qml fileNode\nclass node_venv_lib_python3_12_site-packages_PyQt6_Qt6_qml_QtQuick_Controls_Basic_SearchField_qml fileNode\nclass node_venv_lib_python3_12_site-packages_PyQt6_Qt6_qml_QtQuick_Controls_Basic_SelectionRectangle_qml fileNode\nclass node_venv_lib_python3_12_site-packages_PyQt6_Qt6_qml_QtQuick_Controls_Basic_Slider_qml fileNode\nclass node_venv_lib_python3_12_site-packages_PyQt6_Qt6_qml_QtQuick_Controls_Basic_SpinBox_qml fileNode\nclass node_venv_lib_python3_12_site-packages_PyQt6_Qt6_qml_QtQuick_Controls_Basic_SplitView_qml fileNode\nclass node_venv_lib_python3_12_site-packages_PyQt6_Qt6_qml_QtQuick_Controls_Basic_StackView_qml fileNode\nclass node_venv_lib_python3_12_site-packages_PyQt6_Qt6_qml_QtQuick_Controls_Basic_SwipeDelegate_qml fileNode\nclass node_venv_lib_python3_12_site-packages_PyQt6_Qt6_qml_QtQuick_Controls_Basic_SwipeView_qml fileNode\nclass node_venv_lib_python3_12_site-packages_PyQt6_Qt6_qml_QtQuick_Controls_Basic_Switch_qml fileNode\nclass node_venv_lib_python3_12_site-packages_PyQt6_Qt6_qml_QtQuick_Controls_Basic_SwitchDelegate_qml fileNode\nclass node_venv_lib_python3_12_site-packages_PyQt6_Qt6_qml_QtQuick_Controls_Basic_TabBar_qml fileNode\nclass node_venv_lib_python3_12_site-packages_PyQt6_Qt6_qml_QtQuick_Controls_Basic_TabButton_qml fileNode\nclass node_venv_lib_python3_12_site-packages_PyQt6_Qt6_qml_QtQuick_Controls_Basic_TableViewDelegate_qml fileNode\nclass node_venv_lib_python3_12_site-packages_PyQt6_Qt6_qml_QtQuick_Controls_Basic_TextArea_qml fileNode\nclass node_venv_lib_python3_12_site-packages_PyQt6_Qt6_qml_QtQuick_Controls_Basic_TextField_qml fileNode\nclass node_venv_lib_python3_12_site-packages_PyQt6_Qt6_qml_QtQuick_Controls_Basic_ToolBar_qml fileNode\nclass node_venv_lib_python3_12_site-packages_PyQt6_Qt6_qml_QtQuick_Controls_Basic_ToolButton_qml fileNode\nclass node_venv_lib_python3_12_site-packages_PyQt6_Qt6_qml_QtQuick_Controls_Basic_ToolSeparator_qml fileNode\nclass node_venv_lib_python3_12_site-packages_PyQt6_Qt6_qml_QtQuick_Controls_Basic_ToolTip_qml fileNode\nclass node_venv_lib_python3_12_site-packages_PyQt6_Qt6_qml_QtQuick_Controls_Basic_TreeViewDelegate_qml fileNode\nclass node_venv_lib_python3_12_site-packages_PyQt6_Qt6_qml_QtQuick_Controls_Basic_Tumbler_qml fileNode\nclass node_venv_lib_python3_12_site-packages_PyQt6_Qt6_qml_QtQuick_Controls_Basic_VerticalHeaderView_qml fileNode\nclass node_venv_lib_python3_12_site-packages_PyQt6_Qt6_qml_QtQuick_Controls_Basic_VerticalHeaderViewDelegate_qml fileNode\nclass node_venv_lib_python3_12_site-packages_PyQt6_Qt6_qml_QtQuick_Controls_Basic_WeekNumberColumn_qml fileNode\nclass node_venv_lib_python3_12_site-packages_PyQt6_Qt6_qml_QtQuick_Controls_Basic_libqtquickcontrols2basicstyleplugin_dylib fileNode\nclass node_venv_lib_python3_12_site-packages_PyQt6_Qt6_qml_QtQuick_Controls_Basic_plugins_qmltypes fileNode\nclass node_venv_lib_python3_12_site-packages_PyQt6_Qt6_qml_QtQuick_Controls_Basic_qmldir fileNode\nclass node_venv_lib_python3_12_site-packages_PyQt6_Qt6_qml_QtQuick_Controls_Basic_impl_libqtquickcontrols2basicstyleimplplugin_dylib fileNode\nclass node_venv_lib_python3_12_site-packages_PyQt6_Qt6_qml_QtQuick_Controls_Basic_impl_plugins_qmltypes fileNode\nclass node_venv_lib_python3_12_site-packages_PyQt6_Qt6_qml_QtQuick_Controls_Basic_impl_qmldir fileNode\nclass node_venv_lib_python3_12_site-packages_PyQt6_Qt6_qml_QtQuick_Controls_iOS_ApplicationWindow_qml fileNode\nclass node_venv_lib_python3_12_site-packages_PyQt6_Qt6_qml_QtQuick_Controls_iOS_BusyIndicator_qml fileNode\nclass node_venv_lib_python3_12_site-packages_PyQt6_Qt6_qml_QtQuick_Controls_iOS_Button_qml fileNode\nclass node_venv_lib_python3_12_site-packages_PyQt6_Qt6_qml_QtQuick_Controls_iOS_CheckBox_qml fileNode\nclass node_venv_lib_python3_12_site-packages_PyQt6_Qt6_qml_QtQuick_Controls_iOS_CheckDelegate_qml fileNode\nclass node_venv_lib_python3_12_site-packages_PyQt6_Qt6_qml_QtQuick_Controls_iOS_ComboBox_qml fileNode\nclass node_venv_lib_python3_12_site-packages_PyQt6_Qt6_qml_QtQuick_Controls_iOS_DelayButton_qml fileNode\nclass node_venv_lib_python3_12_site-packages_PyQt6_Qt6_qml_QtQuick_Controls_iOS_Dial_qml fileNode\nclass node_venv_lib_python3_12_site-packages_PyQt6_Qt6_qml_QtQuick_Controls_iOS_Dialog_qml fileNode\nclass node_venv_lib_python3_12_site-packages_PyQt6_Qt6_qml_QtQuick_Controls_iOS_DialogButtonBox_qml fileNode\nclass node_venv_lib_python3_12_site-packages_PyQt6_Qt6_qml_QtQuick_Controls_iOS_Drawer_qml fileNode\nclass node_venv_lib_python3_12_site-packages_PyQt6_Qt6_qml_QtQuick_Controls_iOS_Frame_qml fileNode\nclass node_venv_lib_python3_12_site-packages_PyQt6_Qt6_qml_QtQuick_Controls_iOS_GroupBox_qml fileNode\nclass node_venv_lib_python3_12_site-packages_PyQt6_Qt6_qml_QtQuick_Controls_iOS_HorizontalHeaderView_qml fileNode\nclass node_venv_lib_python3_12_site-packages_PyQt6_Qt6_qml_QtQuick_Controls_iOS_HorizontalHeaderViewDelegate_qml fileNode\nclass node_venv_lib_python3_12_site-packages_PyQt6_Qt6_qml_QtQuick_Controls_iOS_ItemDelegate_qml fileNode\nclass node_venv_lib_python3_12_site-packages_PyQt6_Qt6_qml_QtQuick_Controls_iOS_Menu_qml fileNode\nclass node_venv_lib_python3_12_site-packages_PyQt6_Qt6_qml_QtQuick_Controls_iOS_MenuBar_qml fileNode\nclass node_venv_lib_python3_12_site-packages_PyQt6_Qt6_qml_QtQuick_Controls_iOS_MenuBarItem_qml fileNode\nclass node_venv_lib_python3_12_site-packages_PyQt6_Qt6_qml_QtQuick_Controls_iOS_MenuItem_qml fileNode\nclass node_venv_lib_python3_12_site-packages_PyQt6_Qt6_qml_QtQuick_Controls_iOS_MenuSeparator_qml fileNode\nclass node_venv_lib_python3_12_site-packages_PyQt6_Qt6_qml_QtQuick_Controls_iOS_PageIndicator_qml fileNode\nclass node_venv_lib_python3_12_site-packages_PyQt6_Qt6_qml_QtQuick_Controls_iOS_Popup_qml fileNode\nclass node_venv_lib_python3_12_site-packages_PyQt6_Qt6_qml_QtQuick_Controls_iOS_ProgressBar_qml fileNode\nclass node_venv_lib_python3_12_site-packages_PyQt6_Qt6_qml_QtQuick_Controls_iOS_RadioButton_qml fileNode\nclass node_venv_lib_python3_12_site-packages_PyQt6_Qt6_qml_QtQuick_Controls_iOS_RadioDelegate_qml fileNode\nclass node_venv_lib_python3_12_site-packages_PyQt6_Qt6_qml_QtQuick_Controls_iOS_RangeSlider_qml fileNode\nclass node_venv_lib_python3_12_site-packages_PyQt6_Qt6_qml_QtQuick_Controls_iOS_ScrollBar_qml fileNode\nclass node_venv_lib_python3_12_site-packages_PyQt6_Qt6_qml_QtQuick_Controls_iOS_ScrollIndicator_qml fileNode\nclass node_venv_lib_python3_12_site-packages_PyQt6_Qt6_qml_QtQuick_Controls_iOS_SearchField_qml fileNode\nclass node_venv_lib_python3_12_site-packages_PyQt6_Qt6_qml_QtQuick_Controls_iOS_SelectionRectangle_qml fileNode\nclass node_venv_lib_python3_12_site-packages_PyQt6_Qt6_qml_QtQuick_Controls_iOS_Slider_qml fileNode\nclass node_venv_lib_python3_12_site-packages_PyQt6_Qt6_qml_QtQuick_Controls_iOS_SpinBox_qml fileNode\nclass node_venv_lib_python3_12_site-packages_PyQt6_Qt6_qml_QtQuick_Controls_iOS_SplitView_qml fileNode\nclass node_venv_lib_python3_12_site-packages_PyQt6_Qt6_qml_QtQuick_Controls_iOS_StackView_qml fileNode\nclass node_venv_lib_python3_12_site-packages_PyQt6_Qt6_qml_QtQuick_Controls_iOS_SwipeDelegate_qml fileNode\nclass node_venv_lib_python3_12_site-packages_PyQt6_Qt6_qml_QtQuick_Controls_iOS_Switch_qml fileNode\nclass node_venv_lib_python3_12_site-packages_PyQt6_Qt6_qml_QtQuick_Controls_iOS_SwitchDelegate_qml fileNode\nclass node_venv_lib_python3_12_site-packages_PyQt6_Qt6_qml_QtQuick_Controls_iOS_TabBar_qml fileNode\nclass node_venv_lib_python3_12_site-packages_PyQt6_Qt6_qml_QtQuick_Controls_iOS_TabButton_qml fileNode\nclass node_venv_lib_python3_12_site-packages_PyQt6_Qt6_qml_QtQuick_Controls_iOS_TextArea_qml fileNode\nclass node_venv_lib_python3_12_site-packages_PyQt6_Qt6_qml_QtQuick_Controls_iOS_TextField_qml fileNode\nclass node_venv_lib_python3_12_site-packages_PyQt6_Qt6_qml_QtQuick_Controls_iOS_ToolBar_qml fileNode\nclass node_venv_lib_python3_12_site-packages_PyQt6_Qt6_qml_QtQuick_Controls_iOS_ToolButton_qml fileNode\nclass node_venv_lib_python3_12_site-packages_PyQt6_Qt6_qml_QtQuick_Controls_iOS_ToolSeparator_qml fileNode\nclass node_venv_lib_python3_12_site-packages_PyQt6_Qt6_qml_QtQuick_Controls_iOS_ToolTip_qml fileNode\nclass node_venv_lib_python3_12_site-packages_PyQt6_Qt6_qml_QtQuick_Controls_iOS_TreeViewDelegate_qml fileNode\nclass node_venv_lib_python3_12_site-packages_PyQt6_Qt6_qml_QtQuick_Controls_iOS_VerticalHeaderView_qml fileNode\nclass node_venv_lib_python3_12_site-packages_PyQt6_Qt6_qml_QtQuick_Controls_iOS_VerticalHeaderViewDelegate_qml fileNode\nclass node_venv_lib_python3_12_site-packages_PyQt6_Qt6_qml_QtQuick_Controls_iOS_libqtquickcontrols2iosstyleplugin_dylib fileNode\nclass node_venv_lib_python3_12_site-packages_PyQt6_Qt6_qml_QtQuick_Controls_iOS_plugins_qmltypes fileNode\nclass node_venv_lib_python3_12_site-packages_PyQt6_Qt6_qml_QtQuick_Controls_iOS_qmldir fileNode\nclass node_venv_lib_python3_12_site-packages_PyQt6_Qt6_qml_QtQuick_Controls_iOS_impl_CursorDelegate_qml fileNode\nclass node_venv_lib_python3_12_site-packages_PyQt6_Qt6_qml_QtQuick_Controls_iOS_impl_DialogButtonBoxDelegate_qml fileNode\nclass node_venv_lib_python3_12_site-packages_PyQt6_Qt6_qml_QtQuick_Controls_iOS_impl_libqtquickcontrols2iosstyleimplplugin_dylib fileNode\nclass node_venv_lib_python3_12_site-packages_PyQt6_Qt6_qml_QtQuick_Controls_iOS_impl_plugins_qmltypes fileNode\nclass node_venv_lib_python3_12_site-packages_PyQt6_Qt6_qml_QtQuick_Controls_iOS_impl_qmldir fileNode\nclass node_venv_lib_python3_12_site-packages_PyQt6_Qt6_qml_QtQuick_Controls_designer_AbstractButtonSection_qml fileNode\nclass node_venv_lib_python3_12_site-packages_PyQt6_Qt6_qml_QtQuick_Controls_designer_BusyIndicatorSpecifics_qml fileNode\nclass node_venv_lib_python3_12_site-packages_PyQt6_Qt6_qml_QtQuick_Controls_designer_ButtonSection_qml fileNode\nclass node_venv_lib_python3_12_site-packages_PyQt6_Qt6_qml_QtQuick_Controls_designer_ButtonSpecifics_qml fileNode\nclass node_venv_lib_python3_12_site-packages_PyQt6_Qt6_qml_QtQuick_Controls_designer_CheckBoxSpecifics_qml fileNode\nclass node_venv_lib_python3_12_site-packages_PyQt6_Qt6_qml_QtQuick_Controls_designer_CheckDelegateSpecifics_qml fileNode\nclass node_venv_lib_python3_12_site-packages_PyQt6_Qt6_qml_QtQuick_Controls_designer_CheckSection_qml fileNode\nclass node_venv_lib_python3_12_site-packages_PyQt6_Qt6_qml_QtQuick_Controls_designer_ComboBoxSpecifics_qml fileNode\nclass node_venv_lib_python3_12_site-packages_PyQt6_Qt6_qml_QtQuick_Controls_designer_ContainerSection_qml fileNode\nclass node_venv_lib_python3_12_site-packages_PyQt6_Qt6_qml_QtQuick_Controls_designer_ControlSection_qml fileNode\nclass node_venv_lib_python3_12_site-packages_PyQt6_Qt6_qml_QtQuick_Controls_designer_ControlSpecifics_qml fileNode\nclass node_venv_lib_python3_12_site-packages_PyQt6_Qt6_qml_QtQuick_Controls_designer_DelayButtonSpecifics_qml fileNode\nclass node_venv_lib_python3_12_site-packages_PyQt6_Qt6_qml_QtQuick_Controls_designer_DialSpecifics_qml fileNode\nclass node_venv_lib_python3_12_site-packages_PyQt6_Qt6_qml_QtQuick_Controls_designer_FrameSpecifics_qml fileNode\nclass node_venv_lib_python3_12_site-packages_PyQt6_Qt6_qml_QtQuick_Controls_designer_GroupBoxSpecifics_qml fileNode\nclass node_venv_lib_python3_12_site-packages_PyQt6_Qt6_qml_QtQuick_Controls_designer_InsetSection_qml fileNode\nclass node_venv_lib_python3_12_site-packages_PyQt6_Qt6_qml_QtQuick_Controls_designer_ItemDelegateSection_qml fileNode\nclass node_venv_lib_python3_12_site-packages_PyQt6_Qt6_qml_QtQuick_Controls_designer_ItemDelegateSpecifics_qml fileNode\nclass node_venv_lib_python3_12_site-packages_PyQt6_Qt6_qml_QtQuick_Controls_designer_LabelSpecifics_qml fileNode\nclass node_venv_lib_python3_12_site-packages_PyQt6_Qt6_qml_QtQuick_Controls_designer_PaddingSection_qml fileNode\nclass node_venv_lib_python3_12_site-packages_PyQt6_Qt6_qml_QtQuick_Controls_designer_PageIndicatorSpecifics_qml fileNode\nclass node_venv_lib_python3_12_site-packages_PyQt6_Qt6_qml_QtQuick_Controls_designer_PageSpecifics_qml fileNode\nclass node_venv_lib_python3_12_site-packages_PyQt6_Qt6_qml_QtQuick_Controls_designer_PaneSection_qml fileNode\nclass node_venv_lib_python3_12_site-packages_PyQt6_Qt6_qml_QtQuick_Controls_designer_PaneSpecifics_qml fileNode\nclass node_venv_lib_python3_12_site-packages_PyQt6_Qt6_qml_QtQuick_Controls_designer_ProgressBarSpecifics_qml fileNode\nclass node_venv_lib_python3_12_site-packages_PyQt6_Qt6_qml_QtQuick_Controls_designer_RadioButtonSpecifics_qml fileNode\nclass node_venv_lib_python3_12_site-packages_PyQt6_Qt6_qml_QtQuick_Controls_designer_RadioDelegateSpecifics_qml fileNode\nclass node_venv_lib_python3_12_site-packages_PyQt6_Qt6_qml_QtQuick_Controls_designer_RangeSliderSpecifics_qml fileNode\nclass node_venv_lib_python3_12_site-packages_PyQt6_Qt6_qml_QtQuick_Controls_designer_RoundButtonSpecifics_qml fileNode\nclass node_venv_lib_python3_12_site-packages_PyQt6_Qt6_qml_QtQuick_Controls_designer_ScrollViewSpecifics_qml fileNode\nclass node_venv_lib_python3_12_site-packages_PyQt6_Qt6_qml_QtQuick_Controls_designer_SliderSpecifics_qml fileNode\nclass node_venv_lib_python3_12_site-packages_PyQt6_Qt6_qml_QtQuick_Controls_designer_SpinBoxSpecifics_qml fileNode\nclass node_venv_lib_python3_12_site-packages_PyQt6_Qt6_qml_QtQuick_Controls_designer_StackViewSpecifics_qml fileNode\nclass node_venv_lib_python3_12_site-packages_PyQt6_Qt6_qml_QtQuick_Controls_designer_SwipeDelegateSpecifics_qml fileNode\nclass node_venv_lib_python3_12_site-packages_PyQt6_Qt6_qml_QtQuick_Controls_designer_SwipeViewSpecifics_qml fileNode\nclass node_venv_lib_python3_12_site-packages_PyQt6_Qt6_qml_QtQuick_Controls_designer_SwitchDelegateSpecifics_qml fileNode\nclass node_venv_lib_python3_12_site-packages_PyQt6_Qt6_qml_QtQuick_Controls_designer_SwitchSpecifics_qml fileNode\nclass node_venv_lib_python3_12_site-packages_PyQt6_Qt6_qml_QtQuick_Controls_designer_TabBarSpecifics_qml fileNode\nclass node_venv_lib_python3_12_site-packages_PyQt6_Qt6_qml_QtQuick_Controls_designer_TabButtonSpecifics_qml fileNode\nclass node_venv_lib_python3_12_site-packages_PyQt6_Qt6_qml_QtQuick_Controls_designer_TextAreaSpecifics_qml fileNode\nclass node_venv_lib_python3_12_site-packages_PyQt6_Qt6_qml_QtQuick_Controls_designer_TextFieldSpecifics_qml fileNode\nclass node_venv_lib_python3_12_site-packages_PyQt6_Qt6_qml_QtQuick_Controls_designer_ToolBarSpecifics_qml fileNode\nclass node_venv_lib_python3_12_site-packages_PyQt6_Qt6_qml_QtQuick_Controls_designer_ToolButtonSpecifics_qml fileNode\nclass node_venv_lib_python3_12_site-packages_PyQt6_Qt6_qml_QtQuick_Controls_designer_ToolSeparatorSpecifics_qml fileNode\nclass node_venv_lib_python3_12_site-packages_PyQt6_Qt6_qml_QtQuick_Controls_designer_TumblerSpecifics_qml fileNode\nclass node_venv_lib_python3_12_site-packages_PyQt6_Qt6_qml_QtQuick_Controls_designer_qtquickcontrols2_metainfo fileNode\nclass node_venv_lib_python3_12_site-packages_PyQt6_Qt6_qml_QtQuick_Controls_designer_images_busyindicator-icon_png fileNode\nclass node_venv_lib_python3_12_site-packages_PyQt6_Qt6_qml_QtQuick_Controls_designer_images_busyindicator-icon16_png fileNode\nclass node_venv_lib_python3_12_site-packages_PyQt6_Qt6_qml_QtQuick_Controls_designer_images_busyindicator-icon@2x_png fileNode\nclass node_venv_lib_python3_12_site-packages_PyQt6_Qt6_qml_QtQuick_Controls_designer_images_button-icon_png fileNode\nclass node_venv_lib_python3_12_site-packages_PyQt6_Qt6_qml_QtQuick_Controls_designer_images_button-icon16_png fileNode\nclass node_venv_lib_python3_12_site-packages_PyQt6_Qt6_qml_QtQuick_Controls_designer_images_button-icon@2x_png fileNode\nclass node_venv_lib_python3_12_site-packages_PyQt6_Qt6_qml_QtQuick_Controls_designer_images_checkbox-icon_png fileNode\nclass node_venv_lib_python3_12_site-packages_PyQt6_Qt6_qml_QtQuick_Controls_designer_images_checkbox-icon16_png fileNode\nclass node_venv_lib_python3_12_site-packages_PyQt6_Qt6_qml_QtQuick_Controls_designer_images_checkbox-icon@2x_png fileNode\nclass node_venv_lib_python3_12_site-packages_PyQt6_Qt6_qml_QtQuick_Controls_designer_images_combobox-icon_png fileNode\nclass node_venv_lib_python3_12_site-packages_PyQt6_Qt6_qml_QtQuick_Controls_designer_images_combobox-icon16_png fileNode\nclass node_venv_lib_python3_12_site-packages_PyQt6_Qt6_qml_QtQuick_Controls_designer_images_combobox-icon@2x_png fileNode\nclass node_venv_lib_python3_12_site-packages_PyQt6_Qt6_qml_QtQuick_Controls_designer_images_control-icon_png fileNode\nclass node_venv_lib_python3_12_site-packages_PyQt6_Qt6_qml_QtQuick_Controls_designer_images_control-icon16_png fileNode\nclass node_venv_lib_python3_12_site-packages_PyQt6_Qt6_qml_QtQuick_Controls_designer_images_control-icon@2x_png fileNode\nclass node_venv_lib_python3_12_site-packages_PyQt6_Qt6_qml_QtQuick_Controls_designer_images_delaybutton-icon_png fileNode\nclass node_venv_lib_python3_12_site-packages_PyQt6_Qt6_qml_QtQuick_Controls_designer_images_delaybutton-icon16_png fileNode\nclass node_venv_lib_python3_12_site-packages_PyQt6_Qt6_qml_QtQuick_Controls_designer_images_delaybutton-icon@2x_png fileNode\nclass node_venv_lib_python3_12_site-packages_PyQt6_Qt6_qml_QtQuick_Controls_designer_images_dial-icon_png fileNode\nclass node_venv_lib_python3_12_site-packages_PyQt6_Qt6_qml_QtQuick_Controls_designer_images_dial-icon16_png fileNode\nclass node_venv_lib_python3_12_site-packages_PyQt6_Qt6_qml_QtQuick_Controls_designer_images_dial-icon@2x_png fileNode\nclass node_venv_lib_python3_12_site-packages_PyQt6_Qt6_qml_QtQuick_Controls_designer_images_frame-icon_png fileNode\nclass node_venv_lib_python3_12_site-packages_PyQt6_Qt6_qml_QtQuick_Controls_designer_images_frame-icon16_png fileNode\nclass node_venv_lib_python3_12_site-packages_PyQt6_Qt6_qml_QtQuick_Controls_designer_images_frame-icon@2x_png fileNode\nclass node_venv_lib_python3_12_site-packages_PyQt6_Qt6_qml_QtQuick_Controls_designer_images_groupbox-icon_png fileNode\nclass node_venv_lib_python3_12_site-packages_PyQt6_Qt6_qml_QtQuick_Controls_designer_images_groupbox-icon16_png fileNode\nclass node_venv_lib_python3_12_site-packages_PyQt6_Qt6_qml_QtQuick_Controls_designer_images_groupbox-icon@2x_png fileNode\nclass node_venv_lib_python3_12_site-packages_PyQt6_Qt6_qml_QtQuick_Controls_designer_images_itemdelegate-icon_png fileNode\nclass node_venv_lib_python3_12_site-packages_PyQt6_Qt6_qml_QtQuick_Controls_designer_images_itemdelegate-icon16_png fileNode\nclass node_venv_lib_python3_12_site-packages_PyQt6_Qt6_qml_QtQuick_Controls_designer_images_itemdelegate-icon@2x_png fileNode\nclass node_venv_lib_python3_12_site-packages_PyQt6_Qt6_qml_QtQuick_Controls_designer_images_label-icon_png fileNode\nclass node_venv_lib_python3_12_site-packages_PyQt6_Qt6_qml_QtQuick_Controls_designer_images_label-icon16_png fileNode\nclass node_venv_lib_python3_12_site-packages_PyQt6_Qt6_qml_QtQuick_Controls_designer_images_label-icon@2x_png fileNode\nclass node_venv_lib_python3_12_site-packages_PyQt6_Qt6_qml_QtQuick_Controls_designer_images_page-icon_png fileNode\nclass node_venv_lib_python3_12_site-packages_PyQt6_Qt6_qml_QtQuick_Controls_designer_images_page-icon16_png fileNode\nclass node_venv_lib_python3_12_site-packages_PyQt6_Qt6_qml_QtQuick_Controls_designer_images_page-icon@2x_png fileNode\nclass node_venv_lib_python3_12_site-packages_PyQt6_Qt6_qml_QtQuick_Controls_designer_images_pageindicator-icon_png fileNode\nclass node_venv_lib_python3_12_site-packages_PyQt6_Qt6_qml_QtQuick_Controls_designer_images_pageindicator-icon16_png fileNode\nclass node_venv_lib_python3_12_site-packages_PyQt6_Qt6_qml_QtQuick_Controls_designer_images_pageindicator-icon@2x_png fileNode\nclass node_venv_lib_python3_12_site-packages_PyQt6_Qt6_qml_QtQuick_Controls_designer_images_pane-icon_png fileNode\nclass node_venv_lib_python3_12_site-packages_PyQt6_Qt6_qml_QtQuick_Controls_designer_images_pane-icon16_png fileNode\nclass node_venv_lib_python3_12_site-packages_PyQt6_Qt6_qml_QtQuick_Controls_designer_images_pane-icon@2x_png fileNode\nclass node_venv_lib_python3_12_site-packages_PyQt6_Qt6_qml_QtQuick_Controls_designer_images_progressbar-icon_png fileNode\nclass node_venv_lib_python3_12_site-packages_PyQt6_Qt6_qml_QtQuick_Controls_designer_images_progressbar-icon16_png fileNode\nclass node_venv_lib_python3_12_site-packages_PyQt6_Qt6_qml_QtQuick_Controls_designer_images_progressbar-icon@2x_png fileNode\nclass node_venv_lib_python3_12_site-packages_PyQt6_Qt6_qml_QtQuick_Controls_designer_images_radiobutton-icon_png fileNode\nclass node_venv_lib_python3_12_site-packages_PyQt6_Qt6_qml_QtQuick_Controls_designer_images_radiobutton-icon16_png fileNode\nclass node_venv_lib_python3_12_site-packages_PyQt6_Qt6_qml_QtQuick_Controls_designer_images_radiobutton-icon@2x_png fileNode\nclass node_venv_lib_python3_12_site-packages_PyQt6_Qt6_qml_QtQuick_Controls_designer_images_rangeslider-icon_png fileNode\nclass node_venv_lib_python3_12_site-packages_PyQt6_Qt6_qml_QtQuick_Controls_designer_images_rangeslider-icon16_png fileNode\nclass node_venv_lib_python3_12_site-packages_PyQt6_Qt6_qml_QtQuick_Controls_designer_images_rangeslider-icon@2x_png fileNode\nclass node_venv_lib_python3_12_site-packages_PyQt6_Qt6_qml_QtQuick_Controls_designer_images_roundbutton-icon_png fileNode\nclass node_venv_lib_python3_12_site-packages_PyQt6_Qt6_qml_QtQuick_Controls_designer_images_roundbutton-icon16_png fileNode\nclass node_venv_lib_python3_12_site-packages_PyQt6_Qt6_qml_QtQuick_Controls_designer_images_roundbutton-icon@2x_png fileNode\nclass node_venv_lib_python3_12_site-packages_PyQt6_Qt6_qml_QtQuick_Controls_designer_images_scrollview-icon_png fileNode\nclass node_venv_lib_python3_12_site-packages_PyQt6_Qt6_qml_QtQuick_Controls_designer_images_scrollview-icon16_png fileNode\nclass node_venv_lib_python3_12_site-packages_PyQt6_Qt6_qml_QtQuick_Controls_designer_images_scrollview-icon@2x_png fileNode\nclass node_venv_lib_python3_12_site-packages_PyQt6_Qt6_qml_QtQuick_Controls_designer_images_slider-icon_png fileNode\nclass node_venv_lib_python3_12_site-packages_PyQt6_Qt6_qml_QtQuick_Controls_designer_images_slider-icon16_png fileNode\nclass node_venv_lib_python3_12_site-packages_PyQt6_Qt6_qml_QtQuick_Controls_designer_images_slider-icon@2x_png fileNode\nclass node_venv_lib_python3_12_site-packages_PyQt6_Qt6_qml_QtQuick_Controls_designer_images_spinbox-icon_png fileNode\nclass node_venv_lib_python3_12_site-packages_PyQt6_Qt6_qml_QtQuick_Controls_designer_images_spinbox-icon16_png fileNode\nclass node_venv_lib_python3_12_site-packages_PyQt6_Qt6_qml_QtQuick_Controls_designer_images_spinbox-icon@2x_png fileNode\nclass node_venv_lib_python3_12_site-packages_PyQt6_Qt6_qml_QtQuick_Controls_designer_images_stackview-icon_png fileNode\nclass node_venv_lib_python3_12_site-packages_PyQt6_Qt6_qml_QtQuick_Controls_designer_images_stackview-icon16_png fileNode\nclass node_venv_lib_python3_12_site-packages_PyQt6_Qt6_qml_QtQuick_Controls_designer_images_stackview-icon@2x_png fileNode\nclass node_venv_lib_python3_12_site-packages_PyQt6_Qt6_qml_QtQuick_Controls_designer_images_swipeview-icon_png fileNode\nclass node_venv_lib_python3_12_site-packages_PyQt6_Qt6_qml_QtQuick_Controls_designer_images_swipeview-icon16_png fileNode\nclass node_venv_lib_python3_12_site-packages_PyQt6_Qt6_qml_QtQuick_Controls_designer_images_swipeview-icon@2x_png fileNode\nclass node_venv_lib_python3_12_site-packages_PyQt6_Qt6_qml_QtQuick_Controls_designer_images_switch-icon_png fileNode\nclass node_venv_lib_python3_12_site-packages_PyQt6_Qt6_qml_QtQuick_Controls_designer_images_switch-icon16_png fileNode\nclass node_venv_lib_python3_12_site-packages_PyQt6_Qt6_qml_QtQuick_Controls_designer_images_switch-icon@2x_png fileNode\nclass node_venv_lib_python3_12_site-packages_PyQt6_Qt6_qml_QtQuick_Controls_designer_images_textarea-icon_png fileNode\nclass node_venv_lib_python3_12_site-packages_PyQt6_Qt6_qml_QtQuick_Controls_designer_images_textarea-icon16_png fileNode\nclass node_venv_lib_python3_12_site-packages_PyQt6_Qt6_qml_QtQuick_Controls_designer_images_textarea-icon@2x_png fileNode\nclass node_venv_lib_python3_12_site-packages_PyQt6_Qt6_qml_QtQuick_Controls_designer_images_textfield-icon_png fileNode\nclass node_venv_lib_python3_12_site-packages_PyQt6_Qt6_qml_QtQuick_Controls_designer_images_textfield-icon16_png fileNode\nclass node_venv_lib_python3_12_site-packages_PyQt6_Qt6_qml_QtQuick_Controls_designer_images_textfield-icon@2x_png fileNode\nclass node_venv_lib_python3_12_site-packages_PyQt6_Qt6_qml_QtQuick_Controls_designer_images_toolbar-icon_png fileNode\nclass node_venv_lib_python3_12_site-packages_PyQt6_Qt6_qml_QtQuick_Controls_designer_images_toolbar-icon16_png fileNode\nclass node_venv_lib_python3_12_site-packages_PyQt6_Qt6_qml_QtQuick_Controls_designer_images_toolbar-icon@2x_png fileNode\nclass node_venv_lib_python3_12_site-packages_PyQt6_Qt6_qml_QtQuick_Controls_designer_images_toolbutton-icon_png fileNode\nclass node_venv_lib_python3_12_site-packages_PyQt6_Qt6_qml_QtQuick_Controls_designer_images_toolbutton-icon16_png fileNode\nclass node_venv_lib_python3_12_site-packages_PyQt6_Qt6_qml_QtQuick_Controls_designer_images_toolbutton-icon@2x_png fileNode\nclass node_venv_lib_python3_12_site-packages_PyQt6_Qt6_qml_QtQuick_Controls_designer_images_toolseparator-icon_png fileNode\nclass node_venv_lib_python3_12_site-packages_PyQt6_Qt6_qml_QtQuick_Controls_designer_images_toolseparator-icon16_png fileNode\nclass node_venv_lib_python3_12_site-packages_PyQt6_Qt6_qml_QtQuick_Controls_designer_images_toolseparator-icon@2x_png fileNode\nclass node_venv_lib_python3_12_site-packages_PyQt6_Qt6_qml_QtQuick_Controls_designer_images_tumbler-icon_png fileNode\nclass node_venv_lib_python3_12_site-packages_PyQt6_Qt6_qml_QtQuick_Controls_designer_images_tumbler-icon16_png fileNode\nclass node_venv_lib_python3_12_site-packages_PyQt6_Qt6_qml_QtQuick_Controls_designer_images_tumbler-icon@2x_png fileNode\nclass node_venv_lib_python3_12_site-packages_PyQt6_Qt6_qml_QtQuick_Controls_Material_ApplicationWindow_qml fileNode\nclass node_venv_lib_python3_12_site-packages_PyQt6_Qt6_qml_QtQuick_Controls_Material_BusyIndicator_qml fileNode\nclass node_venv_lib_python3_12_site-packages_PyQt6_Qt6_qml_QtQuick_Controls_Material_Button_qml fileNode\nclass node_venv_lib_python3_12_site-packages_PyQt6_Qt6_qml_QtQuick_Controls_Material_CheckBox_qml fileNode\nclass node_venv_lib_python3_12_site-packages_PyQt6_Qt6_qml_QtQuick_Controls_Material_CheckDelegate_qml fileNode\nclass node_venv_lib_python3_12_site-packages_PyQt6_Qt6_qml_QtQuick_Controls_Material_ComboBox_qml fileNode\nclass node_venv_lib_python3_12_site-packages_PyQt6_Qt6_qml_QtQuick_Controls_Material_DelayButton_qml fileNode\nclass node_venv_lib_python3_12_site-packages_PyQt6_Qt6_qml_QtQuick_Controls_Material_Dial_qml fileNode\nclass node_venv_lib_python3_12_site-packages_PyQt6_Qt6_qml_QtQuick_Controls_Material_Dialog_qml fileNode\nclass node_venv_lib_python3_12_site-packages_PyQt6_Qt6_qml_QtQuick_Controls_Material_DialogButtonBox_qml fileNode\nclass node_venv_lib_python3_12_site-packages_PyQt6_Qt6_qml_QtQuick_Controls_Material_Drawer_qml fileNode\nclass node_venv_lib_python3_12_site-packages_PyQt6_Qt6_qml_QtQuick_Controls_Material_Frame_qml fileNode\nclass node_venv_lib_python3_12_site-packages_PyQt6_Qt6_qml_QtQuick_Controls_Material_GroupBox_qml fileNode\nclass node_venv_lib_python3_12_site-packages_PyQt6_Qt6_qml_QtQuick_Controls_Material_HorizontalHeaderView_qml fileNode\nclass node_venv_lib_python3_12_site-packages_PyQt6_Qt6_qml_QtQuick_Controls_Material_HorizontalHeaderViewDelegate_qml fileNode\nclass node_venv_lib_python3_12_site-packages_PyQt6_Qt6_qml_QtQuick_Controls_Material_ItemDelegate_qml fileNode\nclass node_venv_lib_python3_12_site-packages_PyQt6_Qt6_qml_QtQuick_Controls_Material_Label_qml fileNode\nclass node_venv_lib_python3_12_site-packages_PyQt6_Qt6_qml_QtQuick_Controls_Material_Menu_qml fileNode\nclass node_venv_lib_python3_12_site-packages_PyQt6_Qt6_qml_QtQuick_Controls_Material_MenuBar_qml fileNode\nclass node_venv_lib_python3_12_site-packages_PyQt6_Qt6_qml_QtQuick_Controls_Material_MenuBarItem_qml fileNode\nclass node_venv_lib_python3_12_site-packages_PyQt6_Qt6_qml_QtQuick_Controls_Material_MenuItem_qml fileNode\nclass node_venv_lib_python3_12_site-packages_PyQt6_Qt6_qml_QtQuick_Controls_Material_MenuSeparator_qml fileNode\nclass node_venv_lib_python3_12_site-packages_PyQt6_Qt6_qml_QtQuick_Controls_Material_Page_qml fileNode\nclass node_venv_lib_python3_12_site-packages_PyQt6_Qt6_qml_QtQuick_Controls_Material_PageIndicator_qml fileNode\nclass node_venv_lib_python3_12_site-packages_PyQt6_Qt6_qml_QtQuick_Controls_Material_Pane_qml fileNode\nclass node_venv_lib_python3_12_site-packages_PyQt6_Qt6_qml_QtQuick_Controls_Material_Popup_qml fileNode\nclass node_venv_lib_python3_12_site-packages_PyQt6_Qt6_qml_QtQuick_Controls_Material_ProgressBar_qml fileNode\nclass node_venv_lib_python3_12_site-packages_PyQt6_Qt6_qml_QtQuick_Controls_Material_RadioButton_qml fileNode\nclass node_venv_lib_python3_12_site-packages_PyQt6_Qt6_qml_QtQuick_Controls_Material_RadioDelegate_qml fileNode\nclass node_venv_lib_python3_12_site-packages_PyQt6_Qt6_qml_QtQuick_Controls_Material_RangeSlider_qml fileNode\nclass node_venv_lib_python3_12_site-packages_PyQt6_Qt6_qml_QtQuick_Controls_Material_RoundButton_qml fileNode\nclass node_venv_lib_python3_12_site-packages_PyQt6_Qt6_qml_QtQuick_Controls_Material_ScrollBar_qml fileNode\nclass node_venv_lib_python3_12_site-packages_PyQt6_Qt6_qml_QtQuick_Controls_Material_ScrollIndicator_qml fileNode\nclass node_venv_lib_python3_12_site-packages_PyQt6_Qt6_qml_QtQuick_Controls_Material_ScrollView_qml fileNode\nclass node_venv_lib_python3_12_site-packages_PyQt6_Qt6_qml_QtQuick_Controls_Material_SearchField_qml fileNode\nclass node_venv_lib_python3_12_site-packages_PyQt6_Qt6_qml_QtQuick_Controls_Material_SelectionRectangle_qml fileNode\nclass node_venv_lib_python3_12_site-packages_PyQt6_Qt6_qml_QtQuick_Controls_Material_Slider_qml fileNode\nclass node_venv_lib_python3_12_site-packages_PyQt6_Qt6_qml_QtQuick_Controls_Material_SpinBox_qml fileNode\nclass node_venv_lib_python3_12_site-packages_PyQt6_Qt6_qml_QtQuick_Controls_Material_SplitView_qml fileNode\nclass node_venv_lib_python3_12_site-packages_PyQt6_Qt6_qml_QtQuick_Controls_Material_StackView_qml fileNode\nclass node_venv_lib_python3_12_site-packages_PyQt6_Qt6_qml_QtQuick_Controls_Material_SwipeDelegate_qml fileNode\nclass node_venv_lib_python3_12_site-packages_PyQt6_Qt6_qml_QtQuick_Controls_Material_SwipeView_qml fileNode\nclass node_venv_lib_python3_12_site-packages_PyQt6_Qt6_qml_QtQuick_Controls_Material_Switch_qml fileNode\nclass node_venv_lib_python3_12_site-packages_PyQt6_Qt6_qml_QtQuick_Controls_Material_SwitchDelegate_qml fileNode\nclass node_venv_lib_python3_12_site-packages_PyQt6_Qt6_qml_QtQuick_Controls_Material_TabBar_qml fileNode\nclass node_venv_lib_python3_12_site-packages_PyQt6_Qt6_qml_QtQuick_Controls_Material_TabButton_qml fileNode\nclass node_venv_lib_python3_12_site-packages_PyQt6_Qt6_qml_QtQuick_Controls_Material_TextArea_qml fileNode\nclass node_venv_lib_python3_12_site-packages_PyQt6_Qt6_qml_QtQuick_Controls_Material_TextField_qml fileNode\nclass node_venv_lib_python3_12_site-packages_PyQt6_Qt6_qml_QtQuick_Controls_Material_ToolBar_qml fileNode\nclass node_venv_lib_python3_12_site-packages_PyQt6_Qt6_qml_QtQuick_Controls_Material_ToolButton_qml fileNode\nclass node_venv_lib_python3_12_site-packages_PyQt6_Qt6_qml_QtQuick_Controls_Material_ToolSeparator_qml fileNode\nclass node_venv_lib_python3_12_site-packages_PyQt6_Qt6_qml_QtQuick_Controls_Material_ToolTip_qml fileNode\nclass node_venv_lib_python3_12_site-packages_PyQt6_Qt6_qml_QtQuick_Controls_Material_TreeViewDelegate_qml fileNode\nclass node_venv_lib_python3_12_site-packages_PyQt6_Qt6_qml_QtQuick_Controls_Material_Tumbler_qml fileNode\nclass node_venv_lib_python3_12_site-packages_PyQt6_Qt6_qml_QtQuick_Controls_Material_VerticalHeaderView_qml fileNode\nclass node_venv_lib_python3_12_site-packages_PyQt6_Qt6_qml_QtQuick_Controls_Material_VerticalHeaderViewDelegate_qml fileNode\nclass node_venv_lib_python3_12_site-packages_PyQt6_Qt6_qml_QtQuick_Controls_Material_libqtquickcontrols2materialstyleplugin_dylib fileNode\nclass node_venv_lib_python3_12_site-packages_PyQt6_Qt6_qml_QtQuick_Controls_Material_plugins_qmltypes fileNode\nclass node_venv_lib_python3_12_site-packages_PyQt6_Qt6_qml_QtQuick_Controls_Material_qmldir fileNode\nclass node_venv_lib_python3_12_site-packages_PyQt6_Qt6_qml_QtQuick_Controls_Material_impl_BoxShadow_qml fileNode\nclass node_venv_lib_python3_12_site-packages_PyQt6_Qt6_qml_QtQuick_Controls_Material_impl_CheckIndicator_qml fileNode\nclass node_venv_lib_python3_12_site-packages_PyQt6_Qt6_qml_QtQuick_Controls_Material_impl_CursorDelegate_qml fileNode\nclass node_venv_lib_python3_12_site-packages_PyQt6_Qt6_qml_QtQuick_Controls_Material_impl_ElevationEffect_qml fileNode\nclass node_venv_lib_python3_12_site-packages_PyQt6_Qt6_qml_QtQuick_Controls_Material_impl_RadioIndicator_qml fileNode\nclass node_venv_lib_python3_12_site-packages_PyQt6_Qt6_qml_QtQuick_Controls_Material_impl_RectangularGlow_qml fileNode\nclass node_venv_lib_python3_12_site-packages_PyQt6_Qt6_qml_QtQuick_Controls_Material_impl_RoundedElevationEffect_qml fileNode\nclass node_venv_lib_python3_12_site-packages_PyQt6_Qt6_qml_QtQuick_Controls_Material_impl_SliderHandle_qml fileNode\nclass node_venv_lib_python3_12_site-packages_PyQt6_Qt6_qml_QtQuick_Controls_Material_impl_SwitchIndicator_qml fileNode\nclass node_venv_lib_python3_12_site-packages_PyQt6_Qt6_qml_QtQuick_Controls_Material_impl_libqtquickcontrols2materialstyleimplplugin_dylib fileNode\nclass node_venv_lib_python3_12_site-packages_PyQt6_Qt6_qml_QtQuick_Controls_Material_impl_plugins_qmltypes fileNode\nclass node_venv_lib_python3_12_site-packages_PyQt6_Qt6_qml_QtQuick_Controls_Material_impl_qmldir fileNode\nclass node_venv_lib_python3_12_site-packages_PyQt6_Qt6_qml_QtQuick_Controls_Imagine_ApplicationWindow_qml fileNode\nclass node_venv_lib_python3_12_site-packages_PyQt6_Qt6_qml_QtQuick_Controls_Imagine_BusyIndicator_qml fileNode\nclass node_venv_lib_python3_12_site-packages_PyQt6_Qt6_qml_QtQuick_Controls_Imagine_Button_qml fileNode\nclass node_venv_lib_python3_12_site-packages_PyQt6_Qt6_qml_QtQuick_Controls_Imagine_CheckBox_qml fileNode\nclass node_venv_lib_python3_12_site-packages_PyQt6_Qt6_qml_QtQuick_Controls_Imagine_CheckDelegate_qml fileNode\nclass node_venv_lib_python3_12_site-packages_PyQt6_Qt6_qml_QtQuick_Controls_Imagine_ComboBox_qml fileNode\nclass node_venv_lib_python3_12_site-packages_PyQt6_Qt6_qml_QtQuick_Controls_Imagine_DelayButton_qml fileNode\nclass node_venv_lib_python3_12_site-packages_PyQt6_Qt6_qml_QtQuick_Controls_Imagine_Dial_qml fileNode\nclass node_venv_lib_python3_12_site-packages_PyQt6_Qt6_qml_QtQuick_Controls_Imagine_Dialog_qml fileNode\nclass node_venv_lib_python3_12_site-packages_PyQt6_Qt6_qml_QtQuick_Controls_Imagine_DialogButtonBox_qml fileNode\nclass node_venv_lib_python3_12_site-packages_PyQt6_Qt6_qml_QtQuick_Controls_Imagine_Drawer_qml fileNode\nclass node_venv_lib_python3_12_site-packages_PyQt6_Qt6_qml_QtQuick_Controls_Imagine_Frame_qml fileNode\nclass node_venv_lib_python3_12_site-packages_PyQt6_Qt6_qml_QtQuick_Controls_Imagine_GroupBox_qml fileNode\nclass node_venv_lib_python3_12_site-packages_PyQt6_Qt6_qml_QtQuick_Controls_Imagine_HorizontalHeaderView_qml fileNode\nclass node_venv_lib_python3_12_site-packages_PyQt6_Qt6_qml_QtQuick_Controls_Imagine_HorizontalHeaderViewDelegate_qml fileNode\nclass node_venv_lib_python3_12_site-packages_PyQt6_Qt6_qml_QtQuick_Controls_Imagine_ItemDelegate_qml fileNode\nclass node_venv_lib_python3_12_site-packages_PyQt6_Qt6_qml_QtQuick_Controls_Imagine_Label_qml fileNode\nclass node_venv_lib_python3_12_site-packages_PyQt6_Qt6_qml_QtQuick_Controls_Imagine_Menu_qml fileNode\nclass node_venv_lib_python3_12_site-packages_PyQt6_Qt6_qml_QtQuick_Controls_Imagine_MenuItem_qml fileNode\nclass node_venv_lib_python3_12_site-packages_PyQt6_Qt6_qml_QtQuick_Controls_Imagine_MenuSeparator_qml fileNode\nclass node_venv_lib_python3_12_site-packages_PyQt6_Qt6_qml_QtQuick_Controls_Imagine_Page_qml fileNode\nclass node_venv_lib_python3_12_site-packages_PyQt6_Qt6_qml_QtQuick_Controls_Imagine_PageIndicator_qml fileNode\nclass node_venv_lib_python3_12_site-packages_PyQt6_Qt6_qml_QtQuick_Controls_Imagine_Pane_qml fileNode\nclass node_venv_lib_python3_12_site-packages_PyQt6_Qt6_qml_QtQuick_Controls_Imagine_Popup_qml fileNode\nclass node_venv_lib_python3_12_site-packages_PyQt6_Qt6_qml_QtQuick_Controls_Imagine_ProgressBar_qml fileNode\nclass node_venv_lib_python3_12_site-packages_PyQt6_Qt6_qml_QtQuick_Controls_Imagine_RadioButton_qml fileNode\nclass node_venv_lib_python3_12_site-packages_PyQt6_Qt6_qml_QtQuick_Controls_Imagine_RadioDelegate_qml fileNode\nclass node_venv_lib_python3_12_site-packages_PyQt6_Qt6_qml_QtQuick_Controls_Imagine_RangeSlider_qml fileNode\nclass node_venv_lib_python3_12_site-packages_PyQt6_Qt6_qml_QtQuick_Controls_Imagine_RoundButton_qml fileNode\nclass node_venv_lib_python3_12_site-packages_PyQt6_Qt6_qml_QtQuick_Controls_Imagine_ScrollBar_qml fileNode\nclass node_venv_lib_python3_12_site-packages_PyQt6_Qt6_qml_QtQuick_Controls_Imagine_ScrollIndicator_qml fileNode\nclass node_venv_lib_python3_12_site-packages_PyQt6_Qt6_qml_QtQuick_Controls_Imagine_ScrollView_qml fileNode\nclass node_venv_lib_python3_12_site-packages_PyQt6_Qt6_qml_QtQuick_Controls_Imagine_SearchField_qml fileNode\nclass node_venv_lib_python3_12_site-packages_PyQt6_Qt6_qml_QtQuick_Controls_Imagine_SelectionRectangle_qml fileNode\nclass node_venv_lib_python3_12_site-packages_PyQt6_Qt6_qml_QtQuick_Controls_Imagine_Slider_qml fileNode\nclass node_venv_lib_python3_12_site-packages_PyQt6_Qt6_qml_QtQuick_Controls_Imagine_SpinBox_qml fileNode\nclass node_venv_lib_python3_12_site-packages_PyQt6_Qt6_qml_QtQuick_Controls_Imagine_SplitView_qml fileNode\nclass node_venv_lib_python3_12_site-packages_PyQt6_Qt6_qml_QtQuick_Controls_Imagine_StackView_qml fileNode\nclass node_venv_lib_python3_12_site-packages_PyQt6_Qt6_qml_QtQuick_Controls_Imagine_SwipeDelegate_qml fileNode\nclass node_venv_lib_python3_12_site-packages_PyQt6_Qt6_qml_QtQuick_Controls_Imagine_SwipeView_qml fileNode\nclass node_venv_lib_python3_12_site-packages_PyQt6_Qt6_qml_QtQuick_Controls_Imagine_Switch_qml fileNode\nclass node_venv_lib_python3_12_site-packages_PyQt6_Qt6_qml_QtQuick_Controls_Imagine_SwitchDelegate_qml fileNode\nclass node_venv_lib_python3_12_site-packages_PyQt6_Qt6_qml_QtQuick_Controls_Imagine_TabBar_qml fileNode\nclass node_venv_lib_python3_12_site-packages_PyQt6_Qt6_qml_QtQuick_Controls_Imagine_TabButton_qml fileNode\nclass node_venv_lib_python3_12_site-packages_PyQt6_Qt6_qml_QtQuick_Controls_Imagine_TextArea_qml fileNode\nclass node_venv_lib_python3_12_site-packages_PyQt6_Qt6_qml_QtQuick_Controls_Imagine_TextField_qml fileNode\nclass node_venv_lib_python3_12_site-packages_PyQt6_Qt6_qml_QtQuick_Controls_Imagine_ToolBar_qml fileNode\nclass node_venv_lib_python3_12_site-packages_PyQt6_Qt6_qml_QtQuick_Controls_Imagine_ToolButton_qml fileNode\nclass node_venv_lib_python3_12_site-packages_PyQt6_Qt6_qml_QtQuick_Controls_Imagine_ToolSeparator_qml fileNode\nclass node_venv_lib_python3_12_site-packages_PyQt6_Qt6_qml_QtQuick_Controls_Imagine_ToolTip_qml fileNode\nclass node_venv_lib_python3_12_site-packages_PyQt6_Qt6_qml_QtQuick_Controls_Imagine_Tumbler_qml fileNode\nclass node_venv_lib_python3_12_site-packages_PyQt6_Qt6_qml_QtQuick_Controls_Imagine_VerticalHeaderView_qml fileNode\nclass node_venv_lib_python3_12_site-packages_PyQt6_Qt6_qml_QtQuick_Controls_Imagine_VerticalHeaderViewDelegate_qml fileNode\nclass node_venv_lib_python3_12_site-packages_PyQt6_Qt6_qml_QtQuick_Controls_Imagine_libqtquickcontrols2imaginestyleplugin_dylib fileNode\nclass node_venv_lib_python3_12_site-packages_PyQt6_Qt6_qml_QtQuick_Controls_Imagine_plugins_qmltypes fileNode\nclass node_venv_lib_python3_12_site-packages_PyQt6_Qt6_qml_QtQuick_Controls_Imagine_qmldir fileNode\nclass node_venv_lib_python3_12_site-packages_PyQt6_Qt6_qml_QtQuick_Controls_Imagine_impl_OpacityMask_qml fileNode\nclass node_venv_lib_python3_12_site-packages_PyQt6_Qt6_qml_QtQuick_Controls_Imagine_impl_QuickControls2ImagineStyleImpl_qmltypes fileNode\nclass node_venv_lib_python3_12_site-packages_PyQt6_Qt6_qml_QtQuick_Controls_Imagine_impl_libqtquickcontrols2imaginestyleimplplugin_dylib fileNode\nclass node_venv_lib_python3_12_site-packages_PyQt6_Qt6_qml_QtQuick_Controls_Imagine_impl_qmldir fileNode\nclass node_venv_lib_python3_12_site-packages_PyQt6_Qt6_qml_QtQuick_Layouts_libqquicklayoutsplugin_dylib fileNode\nclass node_venv_lib_python3_12_site-packages_PyQt6_Qt6_qml_QtQuick_Layouts_plugins_qmltypes fileNode\nclass node_venv_lib_python3_12_site-packages_PyQt6_Qt6_qml_QtQuick_Layouts_qmldir fileNode\nclass node_venv_lib_python3_12_site-packages_PyQt6_Qt6_qml_QtQuick_Window_libquickwindowplugin_dylib fileNode\nclass node_venv_lib_python3_12_site-packages_PyQt6_Qt6_qml_QtQuick_Window_qmldir fileNode\nclass node_venv_lib_python3_12_site-packages_PyQt6_Qt6_qml_QtQuick_Window_quickwindow_qmltypes fileNode\nclass node_venv_lib_python3_12_site-packages_PyQt6_Qt6_qml_QtQuick_LocalStorage_libqmllocalstorageplugin_dylib fileNode\nclass node_venv_lib_python3_12_site-packages_PyQt6_Qt6_qml_QtQuick_LocalStorage_plugins_qmltypes fileNode\nclass node_venv_lib_python3_12_site-packages_PyQt6_Qt6_qml_QtQuick_LocalStorage_qmldir fileNode\nclass node_venv_lib_python3_12_site-packages_PyQt6_Qt6_qml_QtQuick_Templates_libqtquicktemplates2plugin_dylib fileNode\nclass node_venv_lib_python3_12_site-packages_PyQt6_Qt6_qml_QtQuick_Templates_plugins_qmltypes fileNode\nclass node_venv_lib_python3_12_site-packages_PyQt6_Qt6_qml_QtQuick_Templates_qmldir fileNode\nclass node_venv_lib_python3_12_site-packages_PyQt6_Qt6_qml_QtQuick_Dialogs_libqtquickdialogsplugin_dylib fileNode\nclass node_venv_lib_python3_12_site-packages_PyQt6_Qt6_qml_QtQuick_Dialogs_plugins_qmltypes fileNode\nclass node_venv_lib_python3_12_site-packages_PyQt6_Qt6_qml_QtQuick_Dialogs_qmldir fileNode\nclass node_venv_lib_python3_12_site-packages_PyQt6_Qt6_qml_QtQuick_Dialogs_quickimpl_libqtquickdialogs2quickimplplugin_dylib fileNode\nclass node_venv_lib_python3_12_site-packages_PyQt6_Qt6_qml_QtQuick_Dialogs_quickimpl_plugins_qmltypes fileNode\nclass node_venv_lib_python3_12_site-packages_PyQt6_Qt6_qml_QtQuick_Dialogs_quickimpl_qmldir fileNode\nclass node_venv_lib_python3_12_site-packages_PyQt6_Qt6_qml_QtQuick_Dialogs_quickimpl_qml_ColorDialog_qml fileNode\nclass node_venv_lib_python3_12_site-packages_PyQt6_Qt6_qml_QtQuick_Dialogs_quickimpl_qml_ColorInputs_qml fileNode\nclass node_venv_lib_python3_12_site-packages_PyQt6_Qt6_qml_QtQuick_Dialogs_quickimpl_qml_FileDialog_qml fileNode\nclass node_venv_lib_python3_12_site-packages_PyQt6_Qt6_qml_QtQuick_Dialogs_quickimpl_qml_FileDialogDelegate_qml fileNode\nclass node_venv_lib_python3_12_site-packages_PyQt6_Qt6_qml_QtQuick_Dialogs_quickimpl_qml_FileDialogDelegateLabel_qml fileNode\nclass node_venv_lib_python3_12_site-packages_PyQt6_Qt6_qml_QtQuick_Dialogs_quickimpl_qml_FolderBreadcrumbBar_qml fileNode\nclass node_venv_lib_python3_12_site-packages_PyQt6_Qt6_qml_QtQuick_Dialogs_quickimpl_qml_FolderDialog_qml fileNode\nclass node_venv_lib_python3_12_site-packages_PyQt6_Qt6_qml_QtQuick_Dialogs_quickimpl_qml_FolderDialogDelegate_qml fileNode\nclass node_venv_lib_python3_12_site-packages_PyQt6_Qt6_qml_QtQuick_Dialogs_quickimpl_qml_FolderDialogDelegateLabel_qml fileNode\nclass node_venv_lib_python3_12_site-packages_PyQt6_Qt6_qml_QtQuick_Dialogs_quickimpl_qml_FontDialog_qml fileNode\nclass node_venv_lib_python3_12_site-packages_PyQt6_Qt6_qml_QtQuick_Dialogs_quickimpl_qml_FontDialogContent_qml fileNode\nclass node_venv_lib_python3_12_site-packages_PyQt6_Qt6_qml_QtQuick_Dialogs_quickimpl_qml_HueGradient_qml fileNode\nclass node_venv_lib_python3_12_site-packages_PyQt6_Qt6_qml_QtQuick_Dialogs_quickimpl_qml_MessageDialog_qml fileNode\nclass node_venv_lib_python3_12_site-packages_PyQt6_Qt6_qml_QtQuick_Dialogs_quickimpl_qml_PickerHandle_qml fileNode\nclass node_venv_lib_python3_12_site-packages_PyQt6_Qt6_qml_QtQuick_Dialogs_quickimpl_qml_SaturationLightnessPicker_qml fileNode\nclass node_venv_lib_python3_12_site-packages_PyQt6_Qt6_qml_QtQuick_Dialogs_quickimpl_qml_SideBar_qml fileNode\nclass node_venv_lib_python3_12_site-packages_PyQt6_Qt6_qml_QtQuick_Dialogs_quickimpl_qml_+Imagine_ColorDialog_qml fileNode\nclass node_venv_lib_python3_12_site-packages_PyQt6_Qt6_qml_QtQuick_Dialogs_quickimpl_qml_+Imagine_ColorInputs_qml fileNode\nclass node_venv_lib_python3_12_site-packages_PyQt6_Qt6_qml_QtQuick_Dialogs_quickimpl_qml_+Imagine_FileDialog_qml fileNode\nclass node_venv_lib_python3_12_site-packages_PyQt6_Qt6_qml_QtQuick_Dialogs_quickimpl_qml_+Imagine_FileDialogDelegate_qml fileNode\nclass node_venv_lib_python3_12_site-packages_PyQt6_Qt6_qml_QtQuick_Dialogs_quickimpl_qml_+Imagine_FolderBreadcrumbBar_qml fileNode\nclass node_venv_lib_python3_12_site-packages_PyQt6_Qt6_qml_QtQuick_Dialogs_quickimpl_qml_+Imagine_FolderDialog_qml fileNode\nclass node_venv_lib_python3_12_site-packages_PyQt6_Qt6_qml_QtQuick_Dialogs_quickimpl_qml_+Imagine_FolderDialogDelegate_qml fileNode\nclass node_venv_lib_python3_12_site-packages_PyQt6_Qt6_qml_QtQuick_Dialogs_quickimpl_qml_+Imagine_FontDialog_qml fileNode\nclass node_venv_lib_python3_12_site-packages_PyQt6_Qt6_qml_QtQuick_Dialogs_quickimpl_qml_+Imagine_MessageDialog_qml fileNode\nclass node_venv_lib_python3_12_site-packages_PyQt6_Qt6_qml_QtQuick_Dialogs_quickimpl_qml_+Imagine_SideBar_qml fileNode\nclass node_venv_lib_python3_12_site-packages_PyQt6_Qt6_qml_QtQuick_Dialogs_quickimpl_qml_+Fusion_ColorDialog_qml fileNode\nclass node_venv_lib_python3_12_site-packages_PyQt6_Qt6_qml_QtQuick_Dialogs_quickimpl_qml_+Fusion_ColorInputs_qml fileNode\nclass node_venv_lib_python3_12_site-packages_PyQt6_Qt6_qml_QtQuick_Dialogs_quickimpl_qml_+Fusion_FileDialog_qml fileNode\nclass node_venv_lib_python3_12_site-packages_PyQt6_Qt6_qml_QtQuick_Dialogs_quickimpl_qml_+Fusion_FileDialogDelegate_qml fileNode\nclass node_venv_lib_python3_12_site-packages_PyQt6_Qt6_qml_QtQuick_Dialogs_quickimpl_qml_+Fusion_FolderBreadcrumbBar_qml fileNode\nclass node_venv_lib_python3_12_site-packages_PyQt6_Qt6_qml_QtQuick_Dialogs_quickimpl_qml_+Fusion_FolderDialog_qml fileNode\nclass node_venv_lib_python3_12_site-packages_PyQt6_Qt6_qml_QtQuick_Dialogs_quickimpl_qml_+Fusion_FolderDialogDelegate_qml fileNode\nclass node_venv_lib_python3_12_site-packages_PyQt6_Qt6_qml_QtQuick_Dialogs_quickimpl_qml_+Fusion_FontDialog_qml fileNode\nclass node_venv_lib_python3_12_site-packages_PyQt6_Qt6_qml_QtQuick_Dialogs_quickimpl_qml_+Fusion_MessageDialog_qml fileNode\nclass node_venv_lib_python3_12_site-packages_PyQt6_Qt6_qml_QtQuick_Dialogs_quickimpl_qml_+Fusion_SideBar_qml fileNode\nclass node_venv_lib_python3_12_site-packages_PyQt6_Qt6_qml_QtQuick_Dialogs_quickimpl_qml_+Universal_ColorDialog_qml fileNode\nclass node_venv_lib_python3_12_site-packages_PyQt6_Qt6_qml_QtQuick_Dialogs_quickimpl_qml_+Universal_ColorInputs_qml fileNode\nclass node_venv_lib_python3_12_site-packages_PyQt6_Qt6_qml_QtQuick_Dialogs_quickimpl_qml_+Universal_FileDialog_qml fileNode\nclass node_venv_lib_python3_12_site-packages_PyQt6_Qt6_qml_QtQuick_Dialogs_quickimpl_qml_+Universal_FileDialogDelegate_qml fileNode\nclass node_venv_lib_python3_12_site-packages_PyQt6_Qt6_qml_QtQuick_Dialogs_quickimpl_qml_+Universal_FolderBreadcrumbBar_qml fileNode\nclass node_venv_lib_python3_12_site-packages_PyQt6_Qt6_qml_QtQuick_Dialogs_quickimpl_qml_+Universal_FolderDialog_qml fileNode\nclass node_venv_lib_python3_12_site-packages_PyQt6_Qt6_qml_QtQuick_Dialogs_quickimpl_qml_+Universal_FolderDialogDelegate_qml fileNode\nclass node_venv_lib_python3_12_site-packages_PyQt6_Qt6_qml_QtQuick_Dialogs_quickimpl_qml_+Universal_FontDialog_qml fileNode\nclass node_venv_lib_python3_12_site-packages_PyQt6_Qt6_qml_QtQuick_Dialogs_quickimpl_qml_+Universal_MessageDialog_qml fileNode\nclass node_venv_lib_python3_12_site-packages_PyQt6_Qt6_qml_QtQuick_Dialogs_quickimpl_qml_+Universal_SideBar_qml fileNode\nclass node_venv_lib_python3_12_site-packages_PyQt6_Qt6_qml_QtQuick_Dialogs_quickimpl_qml_+Material_ColorDialog_qml fileNode\nclass node_venv_lib_python3_12_site-packages_PyQt6_Qt6_qml_QtQuick_Dialogs_quickimpl_qml_+Material_ColorInputs_qml fileNode\nclass node_venv_lib_python3_12_site-packages_PyQt6_Qt6_qml_QtQuick_Dialogs_quickimpl_qml_+Material_FileDialog_qml fileNode\nclass node_venv_lib_python3_12_site-packages_PyQt6_Qt6_qml_QtQuick_Dialogs_quickimpl_qml_+Material_FileDialogDelegate_qml fileNode\nclass node_venv_lib_python3_12_site-packages_PyQt6_Qt6_qml_QtQuick_Dialogs_quickimpl_qml_+Material_FolderBreadcrumbBar_qml fileNode\nclass node_venv_lib_python3_12_site-packages_PyQt6_Qt6_qml_QtQuick_Dialogs_quickimpl_qml_+Material_FolderDialog_qml fileNode\nclass node_venv_lib_python3_12_site-packages_PyQt6_Qt6_qml_QtQuick_Dialogs_quickimpl_qml_+Material_FolderDialogDelegate_qml fileNode\nclass node_venv_lib_python3_12_site-packages_PyQt6_Qt6_qml_QtQuick_Dialogs_quickimpl_qml_+Material_FontDialog_qml fileNode\nclass node_venv_lib_python3_12_site-packages_PyQt6_Qt6_qml_QtQuick_Dialogs_quickimpl_qml_+Material_MessageDialog_qml fileNode\nclass node_venv_lib_python3_12_site-packages_PyQt6_Qt6_qml_QtQuick_Dialogs_quickimpl_qml_+Material_SideBar_qml fileNode\nclass node_venv_lib_python3_12_site-packages_PyQt6_Qt6_qml_QtQuick_Scene3D_libqtquickscene3dplugin_dylib fileNode\nclass node_venv_lib_python3_12_site-packages_PyQt6_Qt6_qml_QtQuick_Scene3D_plugins_qmltypes fileNode\nclass node_venv_lib_python3_12_site-packages_PyQt6_Qt6_qml_QtQuick_Scene3D_qmldir fileNode\nclass node_venv_lib_python3_12_site-packages_PyQt6_Qt6_qml_QtQuick_Effects_libeffectsplugin_dylib fileNode\nclass node_venv_lib_python3_12_site-packages_PyQt6_Qt6_qml_QtQuick_Effects_plugins_qmltypes fileNode\nclass node_venv_lib_python3_12_site-packages_PyQt6_Qt6_qml_QtQuick_Effects_qmldir fileNode\nclass node_venv_lib_python3_12_site-packages_PyQt6_Qt6_qml_QtQuick_Timeline_libqtquicktimelineplugin_dylib fileNode\nclass node_venv_lib_python3_12_site-packages_PyQt6_Qt6_qml_QtQuick_Timeline_plugins_qmltypes fileNode\nclass node_venv_lib_python3_12_site-packages_PyQt6_Qt6_qml_QtQuick_Timeline_qmldir fileNode\nclass node_venv_lib_python3_12_site-packages_PyQt6_Qt6_qml_QtQuick_Timeline_BlendTrees_libqtquicktimelineblendtreesplugin_dylib fileNode\nclass node_venv_lib_python3_12_site-packages_PyQt6_Qt6_qml_QtQuick_Timeline_BlendTrees_plugins_qmltypes fileNode\nclass node_venv_lib_python3_12_site-packages_PyQt6_Qt6_qml_QtQuick_Timeline_BlendTrees_qmldir fileNode\nclass node_venv_lib_python3_12_site-packages_PyQt6_Qt6_qml_QtQuick_NativeStyle_libqtquickcontrols2nativestyleplugin_dylib fileNode\nclass node_venv_lib_python3_12_site-packages_PyQt6_Qt6_qml_QtQuick_NativeStyle_plugins_qmltypes fileNode\nclass node_venv_lib_python3_12_site-packages_PyQt6_Qt6_qml_QtQuick_NativeStyle_qmldir fileNode\nclass node_venv_lib_python3_12_site-packages_PyQt6_Qt6_qml_QtQuick_NativeStyle_util_MacFocusFrame_qml fileNode\nclass node_venv_lib_python3_12_site-packages_PyQt6_Qt6_qml_QtQuick_NativeStyle_util_qmldir fileNode\nclass node_venv_lib_python3_12_site-packages_PyQt6_Qt6_qml_QtQuick_NativeStyle_controls_DefaultButton_qml fileNode\nclass node_venv_lib_python3_12_site-packages_PyQt6_Qt6_qml_QtQuick_NativeStyle_controls_DefaultCheckBox_qml fileNode\nclass node_venv_lib_python3_12_site-packages_PyQt6_Qt6_qml_QtQuick_NativeStyle_controls_DefaultComboBox_qml fileNode\nclass node_venv_lib_python3_12_site-packages_PyQt6_Qt6_qml_QtQuick_NativeStyle_controls_DefaultDial_qml fileNode\nclass node_venv_lib_python3_12_site-packages_PyQt6_Qt6_qml_QtQuick_NativeStyle_controls_DefaultFrame_qml fileNode\nclass node_venv_lib_python3_12_site-packages_PyQt6_Qt6_qml_QtQuick_NativeStyle_controls_DefaultGroupBox_qml fileNode\nclass node_venv_lib_python3_12_site-packages_PyQt6_Qt6_qml_QtQuick_NativeStyle_controls_DefaultItemDelegate_qml fileNode\nclass node_venv_lib_python3_12_site-packages_PyQt6_Qt6_qml_QtQuick_NativeStyle_controls_DefaultItemDelegateIconLabel_qml fileNode\nclass node_venv_lib_python3_12_site-packages_PyQt6_Qt6_qml_QtQuick_NativeStyle_controls_DefaultProgressBar_qml fileNode\nclass node_venv_lib_python3_12_site-packages_PyQt6_Qt6_qml_QtQuick_NativeStyle_controls_DefaultRadioButton_qml fileNode\nclass node_venv_lib_python3_12_site-packages_PyQt6_Qt6_qml_QtQuick_NativeStyle_controls_DefaultRadioDelegate_qml fileNode\nclass node_venv_lib_python3_12_site-packages_PyQt6_Qt6_qml_QtQuick_NativeStyle_controls_DefaultScrollBar_qml fileNode\nclass node_venv_lib_python3_12_site-packages_PyQt6_Qt6_qml_QtQuick_NativeStyle_controls_DefaultSearchField_qml fileNode\nclass node_venv_lib_python3_12_site-packages_PyQt6_Qt6_qml_QtQuick_NativeStyle_controls_DefaultSlider_qml fileNode\nclass node_venv_lib_python3_12_site-packages_PyQt6_Qt6_qml_QtQuick_NativeStyle_controls_DefaultSpinBox_qml fileNode\nclass node_venv_lib_python3_12_site-packages_PyQt6_Qt6_qml_QtQuick_NativeStyle_controls_DefaultTextArea_qml fileNode\nclass node_venv_lib_python3_12_site-packages_PyQt6_Qt6_qml_QtQuick_NativeStyle_controls_DefaultTextField_qml fileNode\nclass node_venv_lib_python3_12_site-packages_PyQt6_Qt6_qml_QtQuick_NativeStyle_controls_DefaultTreeViewDelegate_qml fileNode\nclass node_venv_lib_python3_12_site-packages_PyQt6_Qt6_qml_QtQuick_NativeStyle_controls_qmldir fileNode\nclass node_venv_lib_python3_12_site-packages_PyQt6_Qt6_qml_QtWebChannel_libwebchannelquickplugin_dylib fileNode\nclass node_venv_lib_python3_12_site-packages_PyQt6_Qt6_qml_QtWebChannel_plugins_qmltypes fileNode\nclass node_venv_lib_python3_12_site-packages_PyQt6_Qt6_qml_QtWebChannel_qmldir fileNode\nclass node_venv_lib_python3_12_site-packages_PyQt6_Qt6_qml_QtMultimedia_Video_qml fileNode\nclass node_venv_lib_python3_12_site-packages_PyQt6_Qt6_qml_QtMultimedia_libquickmultimediaplugin_dylib fileNode\nclass node_venv_lib_python3_12_site-packages_PyQt6_Qt6_qml_QtMultimedia_plugins_qmltypes fileNode\nclass node_venv_lib_python3_12_site-packages_PyQt6_Qt6_qml_QtMultimedia_qmldir fileNode\nclass node_venv_lib_python3_12_site-packages_PyQt6_Qt6_qml_QtPositioning_libpositioningquickplugin_dylib fileNode\nclass node_venv_lib_python3_12_site-packages_PyQt6_Qt6_qml_QtPositioning_plugins_qmltypes fileNode\nclass node_venv_lib_python3_12_site-packages_PyQt6_Qt6_qml_QtPositioning_qmldir fileNode\nclass node_venv_lib_python3_12_site-packages_PyQt6_Qt6_qml_QtTextToSpeech_libtexttospeechqmlplugin_dylib fileNode\nclass node_venv_lib_python3_12_site-packages_PyQt6_Qt6_qml_QtTextToSpeech_plugins_qmltypes fileNode\nclass node_venv_lib_python3_12_site-packages_PyQt6_Qt6_qml_QtTextToSpeech_qmldir fileNode\nclass node_venv_lib_python3_12_site-packages_PyQt6_Qt6_qml_QtCore_libqtqmlcoreplugin_dylib fileNode\nclass node_venv_lib_python3_12_site-packages_PyQt6_Qt6_qml_QtCore_plugins_qmltypes fileNode\nclass node_venv_lib_python3_12_site-packages_PyQt6_Qt6_qml_QtCore_qmldir fileNode\nclass node_venv_lib_python3_12_site-packages_PyQt6_Qt6_qml_QtTest_SignalSpy_qml fileNode\nclass node_venv_lib_python3_12_site-packages_PyQt6_Qt6_qml_QtTest_TestCase_qml fileNode\nclass node_venv_lib_python3_12_site-packages_PyQt6_Qt6_qml_QtTest_TestSchedule_qml fileNode\nclass node_venv_lib_python3_12_site-packages_PyQt6_Qt6_qml_QtTest_libquicktestplugin_dylib fileNode\nclass node_venv_lib_python3_12_site-packages_PyQt6_Qt6_qml_QtTest_plugins_qmltypes fileNode\nclass node_venv_lib_python3_12_site-packages_PyQt6_Qt6_qml_QtTest_qmldir fileNode\nclass node_venv_lib_python3_12_site-packages_PyQt6_Qt6_qml_QtTest_testlogger_js fileNode\nclass node_venv_lib_python3_12_site-packages_PyQt6_Qt6_plugins_renderers_libopenglrenderer_dylib fileNode\nclass node_venv_lib_python3_12_site-packages_PyQt6_Qt6_plugins_renderers_librhirenderer_dylib fileNode\nclass node_venv_lib_python3_12_site-packages_PyQt6_Qt6_plugins_sensors_libqtsensors_generic_dylib fileNode\nclass node_venv_lib_python3_12_site-packages_PyQt6_Qt6_plugins_sceneparsers_libassimpsceneimport_dylib fileNode\nclass node_venv_lib_python3_12_site-packages_PyQt6_Qt6_plugins_sceneparsers_libgltfsceneexport_dylib fileNode\nclass node_venv_lib_python3_12_site-packages_PyQt6_Qt6_plugins_sceneparsers_libgltfsceneimport_dylib fileNode\nclass node_venv_lib_python3_12_site-packages_PyQt6_Qt6_plugins_platforms_libqcocoa_dylib fileNode\nclass node_venv_lib_python3_12_site-packages_PyQt6_Qt6_plugins_platforms_libqminimal_dylib fileNode\nclass node_venv_lib_python3_12_site-packages_PyQt6_Qt6_plugins_platforms_libqoffscreen_dylib fileNode\nclass node_venv_lib_python3_12_site-packages_PyQt6_Qt6_plugins_assetimporters_libassimp_dylib fileNode\nclass node_venv_lib_python3_12_site-packages_PyQt6_Qt6_plugins_position_libqtposition_cl_dylib fileNode\nclass node_venv_lib_python3_12_site-packages_PyQt6_Qt6_plugins_position_libqtposition_nmea_dylib fileNode\nclass node_venv_lib_python3_12_site-packages_PyQt6_Qt6_plugins_position_libqtposition_positionpoll_dylib fileNode\nclass node_venv_lib_python3_12_site-packages_PyQt6_Qt6_plugins_webview_libqtwebview_darwin_dylib fileNode\nclass node_venv_lib_python3_12_site-packages_PyQt6_Qt6_plugins_webview_libqtwebview_webengine_dylib fileNode\nclass node_venv_lib_python3_12_site-packages_PyQt6_Qt6_plugins_geometryloaders_libdefaultgeometryloader_dylib fileNode\nclass node_venv_lib_python3_12_site-packages_PyQt6_Qt6_plugins_geometryloaders_libgltfgeometryloader_dylib fileNode\nclass node_venv_lib_python3_12_site-packages_PyQt6_Qt6_plugins_permissions_libqdarwinbluetoothpermission_a fileNode\nclass node_venv_lib_python3_12_site-packages_PyQt6_Qt6_plugins_permissions_libqdarwinbluetoothpermission_prl fileNode\nclass node_venv_lib_python3_12_site-packages_PyQt6_Qt6_plugins_permissions_libqdarwincalendarpermission_a fileNode\nclass node_venv_lib_python3_12_site-packages_PyQt6_Qt6_plugins_permissions_libqdarwincalendarpermission_prl fileNode\nclass node_venv_lib_python3_12_site-packages_PyQt6_Qt6_plugins_permissions_libqdarwincamerapermission_a fileNode\nclass node_venv_lib_python3_12_site-packages_PyQt6_Qt6_plugins_permissions_libqdarwincamerapermission_prl fileNode\nclass node_venv_lib_python3_12_site-packages_PyQt6_Qt6_plugins_permissions_libqdarwincontactspermission_a fileNode\nclass node_venv_lib_python3_12_site-packages_PyQt6_Qt6_plugins_permissions_libqdarwincontactspermission_prl fileNode\nclass node_venv_lib_python3_12_site-packages_PyQt6_Qt6_plugins_permissions_libqdarwinlocationpermission_a fileNode\nclass node_venv_lib_python3_12_site-packages_PyQt6_Qt6_plugins_permissions_libqdarwinlocationpermission_prl fileNode\nclass node_venv_lib_python3_12_site-packages_PyQt6_Qt6_plugins_permissions_libqdarwinmicrophonepermission_a fileNode\nclass node_venv_lib_python3_12_site-packages_PyQt6_Qt6_plugins_permissions_libqdarwinmicrophonepermission_prl fileNode\nclass node_venv_lib_python3_12_site-packages_PyQt6_Qt6_plugins_permissions_objects-RelWithDebInfo_QDarwinCalendarPermissionPlugin_init_QDarwinCalendarPermissionPlugin_init_cpp_o fileNode\nclass node_venv_lib_python3_12_site-packages_PyQt6_Qt6_plugins_permissions_objects-RelWithDebInfo_QDarwinLocationPermissionPlugin_init_QDarwinLocationPermissionPlugin_init_cpp_o fileNode\nclass node_venv_lib_python3_12_site-packages_PyQt6_Qt6_plugins_permissions_objects-RelWithDebInfo_QDarwinCameraPermissionPlugin_init_QDarwinCameraPermissionPlugin_init_cpp_o fileNode\nclass node_venv_lib_python3_12_site-packages_PyQt6_Qt6_plugins_permissions_objects-RelWithDebInfo_QDarwinMicrophonePermissionPlugin_init_QDarwinMicrophonePermissionPlugin_init_cpp_o fileNode\nclass node_venv_lib_python3_12_site-packages_PyQt6_Qt6_plugins_permissions_objects-RelWithDebInfo_QDarwinContactsPermissionPlugin_init_QDarwinContactsPermissionPlugin_init_cpp_o fileNode\nclass node_venv_lib_python3_12_site-packages_PyQt6_Qt6_plugins_permissions_objects-RelWithDebInfo_QDarwinBluetoothPermissionPlugin_init_QDarwinBluetoothPermissionPlugin_init_cpp_o fileNode\nclass node_venv_lib_python3_12_site-packages_PyQt6_Qt6_plugins_scxmldatamodel_libqscxmlecmascriptdatamodel_dylib fileNode\nclass node_venv_lib_python3_12_site-packages_PyQt6_Qt6_plugins_styles_libqmacstyle_dylib fileNode\nclass node_venv_lib_python3_12_site-packages_PyQt6_Qt6_plugins_tls_libqcertonlybackend_dylib fileNode\nclass node_venv_lib_python3_12_site-packages_PyQt6_Qt6_plugins_tls_libqopensslbackend_dylib fileNode\nclass node_venv_lib_python3_12_site-packages_PyQt6_Qt6_plugins_tls_libqsecuretransportbackend_dylib fileNode\nclass node_venv_lib_python3_12_site-packages_PyQt6_Qt6_plugins_iconengines_libqsvgicon_dylib fileNode\nclass node_venv_lib_python3_12_site-packages_PyQt6_Qt6_plugins_sqldrivers_libqsqlite_dylib fileNode\nclass node_venv_lib_python3_12_site-packages_PyQt6_Qt6_plugins_sqldrivers_libqsqlmimer_dylib fileNode\nclass node_venv_lib_python3_12_site-packages_PyQt6_Qt6_plugins_sqldrivers_libqsqlodbc_dylib fileNode\nclass node_venv_lib_python3_12_site-packages_PyQt6_Qt6_plugins_sqldrivers_libqsqlpsql_dylib fileNode\nclass node_venv_lib_python3_12_site-packages_PyQt6_Qt6_plugins_multimedia_libdarwinmediaplugin_dylib fileNode\nclass node_venv_lib_python3_12_site-packages_PyQt6_Qt6_plugins_multimedia_libffmpegmediaplugin_dylib fileNode\nclass node_venv_lib_python3_12_site-packages_PyQt6_Qt6_plugins_imageformats_libqgif_dylib fileNode\nclass node_venv_lib_python3_12_site-packages_PyQt6_Qt6_plugins_imageformats_libqicns_dylib fileNode\nclass node_venv_lib_python3_12_site-packages_PyQt6_Qt6_plugins_imageformats_libqico_dylib fileNode\nclass node_venv_lib_python3_12_site-packages_PyQt6_Qt6_plugins_imageformats_libqjpeg_dylib fileNode\nclass node_venv_lib_python3_12_site-packages_PyQt6_Qt6_plugins_imageformats_libqmacheif_dylib fileNode\nclass node_venv_lib_python3_12_site-packages_PyQt6_Qt6_plugins_imageformats_libqmacjp2_dylib fileNode\nclass node_venv_lib_python3_12_site-packages_PyQt6_Qt6_plugins_imageformats_libqpdf_dylib fileNode\nclass node_venv_lib_python3_12_site-packages_PyQt6_Qt6_plugins_imageformats_libqsvg_dylib fileNode\nclass node_venv_lib_python3_12_site-packages_PyQt6_Qt6_plugins_imageformats_libqtga_dylib fileNode\nclass node_venv_lib_python3_12_site-packages_PyQt6_Qt6_plugins_imageformats_libqtiff_dylib fileNode\nclass node_venv_lib_python3_12_site-packages_PyQt6_Qt6_plugins_imageformats_libqwbmp_dylib fileNode\nclass node_venv_lib_python3_12_site-packages_PyQt6_Qt6_plugins_imageformats_libqwebp_dylib fileNode\nclass node_venv_lib_python3_12_site-packages_PyQt6_Qt6_plugins_qmllint_libqdslintplugin_dylib fileNode\nclass node_venv_lib_python3_12_site-packages_PyQt6_Qt6_plugins_qmllint_libquicklintplugin_dylib fileNode\nclass node_venv_lib_python3_12_site-packages_PyQt6_Qt6_plugins_qmlls_libqmllsquickplugin_dylib fileNode\nclass node_venv_lib_python3_12_site-packages_PyQt6_Qt6_plugins_texttospeech_libqtexttospeech_mock_dylib fileNode\nclass node_venv_lib_python3_12_site-packages_PyQt6_Qt6_plugins_texttospeech_libqtexttospeech_speechdarwin_dylib fileNode\nclass node_venv_lib_python3_12_site-packages_PyQt6_Qt6_plugins_generic_libqtuiotouchplugin_dylib fileNode\nclass node_venv_lib_python3_12_site-packages_PyQt6_Qt6_plugins_renderplugins_libscene2d_dylib fileNode\nclass node_venv_lib_python3_12_site-packages_PyQt6_Qt6_plugins_help_libhelpplugin_dylib fileNode\nclass node_venv_lib_python3_12_site-packages_PyQt6_Qt6_plugins_networkinformation_libqapplenetworkinformation_dylib fileNode\nclass node_venv_lib_python3_12_site-packages_PyQt6_Qt6_lib_libavcodec_61_dylib fileNode\nclass node_venv_lib_python3_12_site-packages_PyQt6_Qt6_lib_libavformat_61_dylib fileNode\nclass node_venv_lib_python3_12_site-packages_PyQt6_Qt6_lib_libavutil_59_dylib fileNode\nclass node_venv_lib_python3_12_site-packages_PyQt6_Qt6_lib_libswresample_5_dylib fileNode\nclass node_venv_lib_python3_12_site-packages_PyQt6_Qt6_lib_libswscale_8_dylib fileNode\nclass node_venv_lib_python3_12_site-packages_PyQt6_Qt6_lib_QtMultimediaQuick_framework_Resources_Info_plist fileNode\nclass node_venv_lib_python3_12_site-packages_PyQt6_Qt6_lib_QtMultimediaQuick_framework_Resources_PrivacyInfo_xcprivacy fileNode\nclass node_venv_lib_python3_12_site-packages_PyQt6_Qt6_lib_QtMultimediaQuick_framework_Versions_A_QtMultimediaQuick fileNode\nclass node_venv_lib_python3_12_site-packages_PyQt6_Qt6_lib_QtLabsPlatform_framework_Resources_Info_plist fileNode\nclass node_venv_lib_python3_12_site-packages_PyQt6_Qt6_lib_QtLabsPlatform_framework_Resources_PrivacyInfo_xcprivacy fileNode\nclass node_venv_lib_python3_12_site-packages_PyQt6_Qt6_lib_QtLabsPlatform_framework_Versions_A_QtLabsPlatform fileNode\nclass node_venv_lib_python3_12_site-packages_PyQt6_Qt6_lib_QtQuickTimeline_framework_Resources_Info_plist fileNode\nclass node_venv_lib_python3_12_site-packages_PyQt6_Qt6_lib_QtQuickTimeline_framework_Resources_PrivacyInfo_xcprivacy fileNode\nclass node_venv_lib_python3_12_site-packages_PyQt6_Qt6_lib_QtQuickTimeline_framework_Versions_A_QtQuickTimeline fileNode\nclass node_venv_lib_python3_12_site-packages_PyQt6_Qt6_lib_QtQuick3DXr_framework_Resources_Info_plist fileNode\nclass node_venv_lib_python3_12_site-packages_PyQt6_Qt6_lib_QtQuick3DXr_framework_Resources_PrivacyInfo_xcprivacy fileNode\nclass node_venv_lib_python3_12_site-packages_PyQt6_Qt6_lib_QtQuick3DXr_framework_Versions_A_QtQuick3DXr fileNode\nclass node_venv_lib_python3_12_site-packages_PyQt6_Qt6_lib_QtQuickControls2_framework_Resources_Info_plist fileNode\nclass node_venv_lib_python3_12_site-packages_PyQt6_Qt6_lib_QtQuickControls2_framework_Resources_PrivacyInfo_xcprivacy fileNode\nclass node_venv_lib_python3_12_site-packages_PyQt6_Qt6_lib_QtQuickControls2_framework_Versions_A_QtQuickControls2 fileNode\nclass node_venv_lib_python3_12_site-packages_PyQt6_Qt6_lib_QtQuickParticles_framework_Resources_Info_plist fileNode\nclass node_venv_lib_python3_12_site-packages_PyQt6_Qt6_lib_QtQuickParticles_framework_Resources_PrivacyInfo_xcprivacy fileNode\nclass node_venv_lib_python3_12_site-packages_PyQt6_Qt6_lib_QtQuickParticles_framework_Versions_A_QtQuickParticles fileNode\nclass node_venv_lib_python3_12_site-packages_PyQt6_Qt6_lib_QtRemoteObjects_framework_Resources_Info_plist fileNode\nclass node_venv_lib_python3_12_site-packages_PyQt6_Qt6_lib_QtRemoteObjects_framework_Resources_PrivacyInfo_xcprivacy fileNode\nclass node_venv_lib_python3_12_site-packages_PyQt6_Qt6_lib_QtRemoteObjects_framework_Versions_A_QtRemoteObjects fileNode\nclass node_venv_lib_python3_12_site-packages_PyQt6_Qt6_lib_QtPdfWidgets_framework_Resources_Info_plist fileNode\nclass node_venv_lib_python3_12_site-packages_PyQt6_Qt6_lib_QtPdfWidgets_framework_Resources_PrivacyInfo_xcprivacy fileNode\nclass node_venv_lib_python3_12_site-packages_PyQt6_Qt6_lib_QtPdfWidgets_framework_Versions_A_QtPdfWidgets fileNode\nclass node_venv_lib_python3_12_site-packages_PyQt6_Qt6_lib_QtQuickControls2ImagineStyleImpl_framework_Resources_Info_plist fileNode\nclass node_venv_lib_python3_12_site-packages_PyQt6_Qt6_lib_QtQuickControls2ImagineStyleImpl_framework_Resources_PrivacyInfo_xcprivacy fileNode\nclass node_venv_lib_python3_12_site-packages_PyQt6_Qt6_lib_QtQuickControls2ImagineStyleImpl_framework_Versions_A_QtQuickControls2ImagineStyleImpl fileNode\nclass node_venv_lib_python3_12_site-packages_PyQt6_Qt6_lib_QtQuick3DAssetUtils_framework_Resources_Info_plist fileNode\nclass node_venv_lib_python3_12_site-packages_PyQt6_Qt6_lib_QtQuick3DAssetUtils_framework_Resources_PrivacyInfo_xcprivacy fileNode\nclass node_venv_lib_python3_12_site-packages_PyQt6_Qt6_lib_QtQuick3DAssetUtils_framework_Versions_A_QtQuick3DAssetUtils fileNode\nclass node_venv_lib_python3_12_site-packages_PyQt6_Qt6_lib_QtQuickControls2BasicStyleImpl_framework_Resources_Info_plist fileNode\nclass node_venv_lib_python3_12_site-packages_PyQt6_Qt6_lib_QtQuickControls2BasicStyleImpl_framework_Resources_PrivacyInfo_xcprivacy fileNode\nclass node_venv_lib_python3_12_site-packages_PyQt6_Qt6_lib_QtQuickControls2BasicStyleImpl_framework_Versions_A_QtQuickControls2BasicStyleImpl fileNode\nclass node_venv_lib_python3_12_site-packages_PyQt6_Qt6_lib_QtLabsSharedImage_framework_Resources_Info_plist fileNode\nclass node_venv_lib_python3_12_site-packages_PyQt6_Qt6_lib_QtLabsSharedImage_framework_Resources_PrivacyInfo_xcprivacy fileNode\nclass node_venv_lib_python3_12_site-packages_PyQt6_Qt6_lib_QtLabsSharedImage_framework_Versions_A_QtLabsSharedImage fileNode\nclass node_venv_lib_python3_12_site-packages_PyQt6_Qt6_lib_QtQmlMeta_framework_Resources_Info_plist fileNode\nclass node_venv_lib_python3_12_site-packages_PyQt6_Qt6_lib_QtQmlMeta_framework_Resources_PrivacyInfo_xcprivacy fileNode\nclass node_venv_lib_python3_12_site-packages_PyQt6_Qt6_lib_QtQmlMeta_framework_Versions_A_QtQmlMeta fileNode\nclass node_venv_lib_python3_12_site-packages_PyQt6_Qt6_lib_QtDesigner_framework_Resources_Info_plist fileNode\nclass node_venv_lib_python3_12_site-packages_PyQt6_Qt6_lib_QtDesigner_framework_Resources_PrivacyInfo_xcprivacy fileNode\nclass node_venv_lib_python3_12_site-packages_PyQt6_Qt6_lib_QtDesigner_framework_Versions_A_QtDesigner fileNode\nclass node_venv_lib_python3_12_site-packages_PyQt6_Qt6_lib_QtNfc_framework_Resources_Info_plist fileNode\nclass node_venv_lib_python3_12_site-packages_PyQt6_Qt6_lib_QtNfc_framework_Resources_PrivacyInfo_xcprivacy fileNode\nclass node_venv_lib_python3_12_site-packages_PyQt6_Qt6_lib_QtNfc_framework_Versions_A_QtNfc fileNode\nclass node_venv_lib_python3_12_site-packages_PyQt6_Qt6_lib_QtQuickControls2FusionStyleImpl_framework_Resources_Info_plist fileNode\nclass node_venv_lib_python3_12_site-packages_PyQt6_Qt6_lib_QtQuickControls2FusionStyleImpl_framework_Resources_PrivacyInfo_xcprivacy fileNode\nclass node_venv_lib_python3_12_site-packages_PyQt6_Qt6_lib_QtQuickControls2FusionStyleImpl_framework_Versions_A_QtQuickControls2FusionStyleImpl fileNode\nclass node_venv_lib_python3_12_site-packages_PyQt6_Qt6_lib_QtQuick3DAssetImport_framework_Resources_Info_plist fileNode\nclass node_venv_lib_python3_12_site-packages_PyQt6_Qt6_lib_QtQuick3DAssetImport_framework_Resources_PrivacyInfo_xcprivacy fileNode\nclass node_venv_lib_python3_12_site-packages_PyQt6_Qt6_lib_QtQuick3DAssetImport_framework_Versions_A_QtQuick3DAssetImport fileNode\nclass node_venv_lib_python3_12_site-packages_PyQt6_Qt6_lib_QtQuickWidgets_framework_Resources_Info_plist fileNode\nclass node_venv_lib_python3_12_site-packages_PyQt6_Qt6_lib_QtQuickWidgets_framework_Resources_PrivacyInfo_xcprivacy fileNode\nclass node_venv_lib_python3_12_site-packages_PyQt6_Qt6_lib_QtQuickWidgets_framework_Versions_A_QtQuickWidgets fileNode\nclass node_venv_lib_python3_12_site-packages_PyQt6_Qt6_lib_QtQuickControls2Material_framework_Resources_Info_plist fileNode\nclass node_venv_lib_python3_12_site-packages_PyQt6_Qt6_lib_QtQuickControls2Material_framework_Resources_PrivacyInfo_xcprivacy fileNode\nclass node_venv_lib_python3_12_site-packages_PyQt6_Qt6_lib_QtQuickControls2Material_framework_Versions_A_QtQuickControls2Material fileNode\nclass node_venv_lib_python3_12_site-packages_PyQt6_Qt6_lib_QtShaderTools_framework_Resources_Info_plist fileNode\nclass node_venv_lib_python3_12_site-packages_PyQt6_Qt6_lib_QtShaderTools_framework_Resources_PrivacyInfo_xcprivacy fileNode\nclass node_venv_lib_python3_12_site-packages_PyQt6_Qt6_lib_QtShaderTools_framework_Versions_A_QtShaderTools fileNode\nclass node_venv_lib_python3_12_site-packages_PyQt6_Qt6_lib_QtPdf_framework_Resources_Info_plist fileNode\nclass node_venv_lib_python3_12_site-packages_PyQt6_Qt6_lib_QtPdf_framework_Resources_PrivacyInfo_xcprivacy fileNode\nclass node_venv_lib_python3_12_site-packages_PyQt6_Qt6_lib_QtPdf_framework_Versions_A_QtPdf fileNode\nclass node_venv_lib_python3_12_site-packages_PyQt6_Qt6_lib_QtSpatialAudio_framework_Resources_Info_plist fileNode\nclass node_venv_lib_python3_12_site-packages_PyQt6_Qt6_lib_QtSpatialAudio_framework_Resources_PrivacyInfo_xcprivacy fileNode\nclass node_venv_lib_python3_12_site-packages_PyQt6_Qt6_lib_QtSpatialAudio_framework_Versions_A_QtSpatialAudio fileNode\nclass node_venv_lib_python3_12_site-packages_PyQt6_Qt6_lib_QtQuickLayouts_framework_Resources_Info_plist fileNode\nclass node_venv_lib_python3_12_site-packages_PyQt6_Qt6_lib_QtQuickLayouts_framework_Resources_PrivacyInfo_xcprivacy fileNode\nclass node_venv_lib_python3_12_site-packages_PyQt6_Qt6_lib_QtQuickLayouts_framework_Versions_A_QtQuickLayouts fileNode\nclass node_venv_lib_python3_12_site-packages_PyQt6_Qt6_lib_QtQuickControls2Basic_framework_Resources_Info_plist fileNode\nclass node_venv_lib_python3_12_site-packages_PyQt6_Qt6_lib_QtQuickControls2Basic_framework_Resources_PrivacyInfo_xcprivacy fileNode\nclass node_venv_lib_python3_12_site-packages_PyQt6_Qt6_lib_QtQuickControls2Basic_framework_Versions_A_QtQuickControls2Basic fileNode\nclass node_venv_lib_python3_12_site-packages_PyQt6_Qt6_lib_QtQuick3DRuntimeRender_framework_Resources_Info_plist fileNode\nclass node_venv_lib_python3_12_site-packages_PyQt6_Qt6_lib_QtQuick3DRuntimeRender_framework_Resources_PrivacyInfo_xcprivacy fileNode\nclass node_venv_lib_python3_12_site-packages_PyQt6_Qt6_lib_QtQuick3DRuntimeRender_framework_Versions_A_QtQuick3DRuntimeRender fileNode\nclass node_venv_lib_python3_12_site-packages_PyQt6_Qt6_lib_QtHelp_framework_Resources_Info_plist fileNode\nclass node_venv_lib_python3_12_site-packages_PyQt6_Qt6_lib_QtHelp_framework_Resources_PrivacyInfo_xcprivacy fileNode\nclass node_venv_lib_python3_12_site-packages_PyQt6_Qt6_lib_QtHelp_framework_Versions_A_QtHelp fileNode\nclass node_venv_lib_python3_12_site-packages_PyQt6_Qt6_lib_QtQuickVectorImage_framework_Resources_Info_plist fileNode\nclass node_venv_lib_python3_12_site-packages_PyQt6_Qt6_lib_QtQuickVectorImage_framework_Resources_PrivacyInfo_xcprivacy fileNode\nclass node_venv_lib_python3_12_site-packages_PyQt6_Qt6_lib_QtQuickVectorImage_framework_Versions_A_QtQuickVectorImage fileNode\nclass node_venv_lib_python3_12_site-packages_PyQt6_Qt6_lib_QtPrintSupport_framework_Resources_Info_plist fileNode\nclass node_venv_lib_python3_12_site-packages_PyQt6_Qt6_lib_QtPrintSupport_framework_Resources_PrivacyInfo_xcprivacy fileNode\nclass node_venv_lib_python3_12_site-packages_PyQt6_Qt6_lib_QtPrintSupport_framework_Versions_A_QtPrintSupport fileNode\nclass node_venv_lib_python3_12_site-packages_PyQt6_Qt6_lib_QtGui_framework_Resources_Info_plist fileNode\nclass node_venv_lib_python3_12_site-packages_PyQt6_Qt6_lib_QtGui_framework_Resources_PrivacyInfo_xcprivacy fileNode\nclass node_venv_lib_python3_12_site-packages_PyQt6_Qt6_lib_QtGui_framework_Versions_A_QtGui fileNode\nclass node_venv_lib_python3_12_site-packages_PyQt6_Qt6_lib_QtDBus_framework_Resources_Info_plist fileNode\nclass node_venv_lib_python3_12_site-packages_PyQt6_Qt6_lib_QtDBus_framework_Resources_PrivacyInfo_xcprivacy fileNode\nclass node_venv_lib_python3_12_site-packages_PyQt6_Qt6_lib_QtDBus_framework_Versions_A_QtDBus fileNode\nclass node_venv_lib_python3_12_site-packages_PyQt6_Qt6_lib_QtWebSockets_framework_Resources_Info_plist fileNode\nclass node_venv_lib_python3_12_site-packages_PyQt6_Qt6_lib_QtWebSockets_framework_Resources_PrivacyInfo_xcprivacy fileNode\nclass node_venv_lib_python3_12_site-packages_PyQt6_Qt6_lib_QtWebSockets_framework_Versions_A_QtWebSockets fileNode\nclass node_venv_lib_python3_12_site-packages_PyQt6_Qt6_lib_QtQuickControls2Fusion_framework_Resources_Info_plist fileNode\nclass node_venv_lib_python3_12_site-packages_PyQt6_Qt6_lib_QtQuickControls2Fusion_framework_Resources_PrivacyInfo_xcprivacy fileNode\nclass node_venv_lib_python3_12_site-packages_PyQt6_Qt6_lib_QtQuickControls2Fusion_framework_Versions_A_QtQuickControls2Fusion fileNode\nclass node_venv_lib_python3_12_site-packages_PyQt6_Qt6_lib_QtQuick3DUtils_framework_Resources_Info_plist fileNode\nclass node_venv_lib_python3_12_site-packages_PyQt6_Qt6_lib_QtQuick3DUtils_framework_Resources_PrivacyInfo_xcprivacy fileNode\nclass node_venv_lib_python3_12_site-packages_PyQt6_Qt6_lib_QtQuick3DUtils_framework_Versions_A_QtQuick3DUtils fileNode\nclass node_venv_lib_python3_12_site-packages_PyQt6_Qt6_lib_QtQuickTemplates2_framework_Resources_Info_plist fileNode\nclass node_venv_lib_python3_12_site-packages_PyQt6_Qt6_lib_QtQuickTemplates2_framework_Resources_PrivacyInfo_xcprivacy fileNode\nclass node_venv_lib_python3_12_site-packages_PyQt6_Qt6_lib_QtQuickTemplates2_framework_Versions_A_QtQuickTemplates2 fileNode\nclass node_venv_lib_python3_12_site-packages_PyQt6_Qt6_lib_QtPositioningQuick_framework_Resources_Info_plist fileNode\nclass node_venv_lib_python3_12_site-packages_PyQt6_Qt6_lib_QtPositioningQuick_framework_Resources_PrivacyInfo_xcprivacy fileNode\nclass node_venv_lib_python3_12_site-packages_PyQt6_Qt6_lib_QtPositioningQuick_framework_Versions_A_QtPositioningQuick fileNode\nclass node_venv_lib_python3_12_site-packages_PyQt6_Qt6_lib_QtQuickDialogs2Utils_framework_Resources_Info_plist fileNode\nclass node_venv_lib_python3_12_site-packages_PyQt6_Qt6_lib_QtQuickDialogs2Utils_framework_Resources_PrivacyInfo_xcprivacy fileNode\nclass node_venv_lib_python3_12_site-packages_PyQt6_Qt6_lib_QtQuickDialogs2Utils_framework_Versions_A_QtQuickDialogs2Utils fileNode\nclass node_venv_lib_python3_12_site-packages_PyQt6_Qt6_lib_QtXml_framework_Resources_Info_plist fileNode\nclass node_venv_lib_python3_12_site-packages_PyQt6_Qt6_lib_QtXml_framework_Resources_PrivacyInfo_xcprivacy fileNode\nclass node_venv_lib_python3_12_site-packages_PyQt6_Qt6_lib_QtXml_framework_Versions_A_QtXml fileNode\nclass node_venv_lib_python3_12_site-packages_PyQt6_Qt6_lib_QtQuick3DParticles_framework_Resources_Info_plist fileNode\nclass node_venv_lib_python3_12_site-packages_PyQt6_Qt6_lib_QtQuick3DParticles_framework_Resources_PrivacyInfo_xcprivacy fileNode\nclass node_venv_lib_python3_12_site-packages_PyQt6_Qt6_lib_QtQuick3DParticles_framework_Versions_A_QtQuick3DParticles fileNode\nclass node_venv_lib_python3_12_site-packages_PyQt6_Qt6_lib_QtSerialPort_framework_Resources_Info_plist fileNode\nclass node_venv_lib_python3_12_site-packages_PyQt6_Qt6_lib_QtSerialPort_framework_Resources_PrivacyInfo_xcprivacy fileNode\nclass node_venv_lib_python3_12_site-packages_PyQt6_Qt6_lib_QtSerialPort_framework_Versions_A_QtSerialPort fileNode\nclass node_venv_lib_python3_12_site-packages_PyQt6_Qt6_lib_QtQuick_framework_Resources_Info_plist fileNode\nclass node_venv_lib_python3_12_site-packages_PyQt6_Qt6_lib_QtQuick_framework_Resources_PrivacyInfo_xcprivacy fileNode\nclass node_venv_lib_python3_12_site-packages_PyQt6_Qt6_lib_QtQuick_framework_Versions_A_QtQuick fileNode\nclass node_venv_lib_python3_12_site-packages_PyQt6_Qt6_lib_QtQuickEffects_framework_Resources_Info_plist fileNode\nclass node_venv_lib_python3_12_site-packages_PyQt6_Qt6_lib_QtQuickEffects_framework_Resources_PrivacyInfo_xcprivacy fileNode\nclass node_venv_lib_python3_12_site-packages_PyQt6_Qt6_lib_QtQuickEffects_framework_Versions_A_QtQuickEffects fileNode\nclass node_venv_lib_python3_12_site-packages_PyQt6_Qt6_lib_QtQuickTimelineBlendTrees_framework_Resources_Info_plist fileNode\nclass node_venv_lib_python3_12_site-packages_PyQt6_Qt6_lib_QtQuickTimelineBlendTrees_framework_Resources_PrivacyInfo_xcprivacy fileNode\nclass node_venv_lib_python3_12_site-packages_PyQt6_Qt6_lib_QtQuickTimelineBlendTrees_framework_Versions_A_QtQuickTimelineBlendTrees fileNode\nclass node_venv_lib_python3_12_site-packages_PyQt6_Qt6_lib_QtCore_framework_Resources_Info_plist fileNode\nclass node_venv_lib_python3_12_site-packages_PyQt6_Qt6_lib_QtCore_framework_Resources_PrivacyInfo_xcprivacy fileNode\nclass node_venv_lib_python3_12_site-packages_PyQt6_Qt6_lib_QtCore_framework_Versions_A_QtCore fileNode\nclass node_venv_lib_python3_12_site-packages_PyQt6_Qt6_lib_QtQuickDialogs2QuickImpl_framework_Resources_Info_plist fileNode\nclass node_venv_lib_python3_12_site-packages_PyQt6_Qt6_lib_QtQuickDialogs2QuickImpl_framework_Resources_PrivacyInfo_xcprivacy fileNode\nclass node_venv_lib_python3_12_site-packages_PyQt6_Qt6_lib_QtQuickDialogs2QuickImpl_framework_Versions_A_QtQuickDialogs2QuickImpl fileNode\nclass node_venv_lib_python3_12_site-packages_PyQt6_Qt6_lib_QtQuick3DGlslParser_framework_Resources_Info_plist fileNode\nclass node_venv_lib_python3_12_site-packages_PyQt6_Qt6_lib_QtQuick3DGlslParser_framework_Resources_PrivacyInfo_xcprivacy fileNode\nclass node_venv_lib_python3_12_site-packages_PyQt6_Qt6_lib_QtQuick3DGlslParser_framework_Versions_A_QtQuick3DGlslParser fileNode\nclass node_venv_lib_python3_12_site-packages_PyQt6_Qt6_lib_QtSensorsQuick_framework_Resources_Info_plist fileNode\nclass node_venv_lib_python3_12_site-packages_PyQt6_Qt6_lib_QtSensorsQuick_framework_Resources_PrivacyInfo_xcprivacy fileNode\nclass node_venv_lib_python3_12_site-packages_PyQt6_Qt6_lib_QtSensorsQuick_framework_Versions_A_QtSensorsQuick fileNode\nclass node_venv_lib_python3_12_site-packages_PyQt6_Qt6_lib_QtQml_framework_Resources_Info_plist fileNode\nclass node_venv_lib_python3_12_site-packages_PyQt6_Qt6_lib_QtQml_framework_Resources_PrivacyInfo_xcprivacy fileNode\nclass node_venv_lib_python3_12_site-packages_PyQt6_Qt6_lib_QtQml_framework_Versions_A_QtQml fileNode\nclass node_venv_lib_python3_12_site-packages_PyQt6_Qt6_lib_QtWebChannel_framework_Resources_Info_plist fileNode\nclass node_venv_lib_python3_12_site-packages_PyQt6_Qt6_lib_QtWebChannel_framework_Resources_PrivacyInfo_xcprivacy fileNode\nclass node_venv_lib_python3_12_site-packages_PyQt6_Qt6_lib_QtWebChannel_framework_Versions_A_QtWebChannel fileNode\nclass node_venv_lib_python3_12_site-packages_PyQt6_Qt6_lib_QtQuickVectorImageGenerator_framework_Resources_Info_plist fileNode\nclass node_venv_lib_python3_12_site-packages_PyQt6_Qt6_lib_QtQuickVectorImageGenerator_framework_Resources_PrivacyInfo_xcprivacy fileNode\nclass node_venv_lib_python3_12_site-packages_PyQt6_Qt6_lib_QtQuickVectorImageGenerator_framework_Versions_A_QtQuickVectorImageGenerator fileNode\nclass node_venv_lib_python3_12_site-packages_PyQt6_Qt6_lib_QtMultimedia_framework_Resources_Info_plist fileNode\nclass node_venv_lib_python3_12_site-packages_PyQt6_Qt6_lib_QtMultimedia_framework_Resources_PrivacyInfo_xcprivacy fileNode\nclass node_venv_lib_python3_12_site-packages_PyQt6_Qt6_lib_QtMultimedia_framework_Versions_A_QtMultimedia fileNode\nclass node_venv_lib_python3_12_site-packages_PyQt6_Qt6_lib_QtQmlWorkerScript_framework_Resources_Info_plist fileNode\nclass node_venv_lib_python3_12_site-packages_PyQt6_Qt6_lib_QtQmlWorkerScript_framework_Resources_PrivacyInfo_xcprivacy fileNode\nclass node_venv_lib_python3_12_site-packages_PyQt6_Qt6_lib_QtQmlWorkerScript_framework_Versions_A_QtQmlWorkerScript fileNode\nclass node_venv_lib_python3_12_site-packages_PyQt6_Qt6_lib_QtStateMachine_framework_Resources_Info_plist fileNode\nclass node_venv_lib_python3_12_site-packages_PyQt6_Qt6_lib_QtStateMachine_framework_Resources_PrivacyInfo_xcprivacy fileNode\nclass node_venv_lib_python3_12_site-packages_PyQt6_Qt6_lib_QtStateMachine_framework_Versions_A_QtStateMachine fileNode\nclass node_venv_lib_python3_12_site-packages_PyQt6_Qt6_lib_QtQuickControls2Impl_framework_Resources_Info_plist fileNode\nclass node_venv_lib_python3_12_site-packages_PyQt6_Qt6_lib_QtQuickControls2Impl_framework_Resources_PrivacyInfo_xcprivacy fileNode\nclass node_venv_lib_python3_12_site-packages_PyQt6_Qt6_lib_QtQuickControls2Impl_framework_Versions_A_QtQuickControls2Impl fileNode\nclass node_venv_lib_python3_12_site-packages_PyQt6_Qt6_lib_QtOpenGL_framework_Resources_Info_plist fileNode\nclass node_venv_lib_python3_12_site-packages_PyQt6_Qt6_lib_QtOpenGL_framework_Resources_PrivacyInfo_xcprivacy fileNode\nclass node_venv_lib_python3_12_site-packages_PyQt6_Qt6_lib_QtOpenGL_framework_Versions_A_QtOpenGL fileNode\nclass node_venv_lib_python3_12_site-packages_PyQt6_Qt6_lib_QtQuick3DPhysicsHelpers_framework_Resources_Info_plist fileNode\nclass node_venv_lib_python3_12_site-packages_PyQt6_Qt6_lib_QtQuick3DPhysicsHelpers_framework_Resources_PrivacyInfo_xcprivacy fileNode\nclass node_venv_lib_python3_12_site-packages_PyQt6_Qt6_lib_QtQuick3DPhysicsHelpers_framework_Versions_A_QtQuick3DPhysicsHelpers fileNode\nclass node_venv_lib_python3_12_site-packages_PyQt6_Qt6_lib_QtLabsQmlModels_framework_Resources_Info_plist fileNode\nclass node_venv_lib_python3_12_site-packages_PyQt6_Qt6_lib_QtLabsQmlModels_framework_Resources_PrivacyInfo_xcprivacy fileNode\nclass node_venv_lib_python3_12_site-packages_PyQt6_Qt6_lib_QtLabsQmlModels_framework_Versions_A_QtLabsQmlModels fileNode\nclass node_venv_lib_python3_12_site-packages_PyQt6_Qt6_lib_QtQuickControls2Universal_framework_Resources_Info_plist fileNode\nclass node_venv_lib_python3_12_site-packages_PyQt6_Qt6_lib_QtQuickControls2Universal_framework_Resources_PrivacyInfo_xcprivacy fileNode\nclass node_venv_lib_python3_12_site-packages_PyQt6_Qt6_lib_QtQuickControls2Universal_framework_Versions_A_QtQuickControls2Universal fileNode\nclass node_venv_lib_python3_12_site-packages_PyQt6_Qt6_lib_QtOpenGLWidgets_framework_Resources_Info_plist fileNode\nclass node_venv_lib_python3_12_site-packages_PyQt6_Qt6_lib_QtOpenGLWidgets_framework_Resources_PrivacyInfo_xcprivacy fileNode\nclass node_venv_lib_python3_12_site-packages_PyQt6_Qt6_lib_QtOpenGLWidgets_framework_Versions_A_QtOpenGLWidgets fileNode\nclass node_venv_lib_python3_12_site-packages_PyQt6_Qt6_lib_QtLabsSettings_framework_Resources_Info_plist fileNode\nclass node_venv_lib_python3_12_site-packages_PyQt6_Qt6_lib_QtLabsSettings_framework_Resources_PrivacyInfo_xcprivacy fileNode\nclass node_venv_lib_python3_12_site-packages_PyQt6_Qt6_lib_QtLabsSettings_framework_Versions_A_QtLabsSettings fileNode\nclass node_venv_lib_python3_12_site-packages_PyQt6_Qt6_lib_QtSvgWidgets_framework_Resources_Info_plist fileNode\nclass node_venv_lib_python3_12_site-packages_PyQt6_Qt6_lib_QtSvgWidgets_framework_Resources_PrivacyInfo_xcprivacy fileNode\nclass node_venv_lib_python3_12_site-packages_PyQt6_Qt6_lib_QtSvgWidgets_framework_Versions_A_QtSvgWidgets fileNode\nclass node_venv_lib_python3_12_site-packages_PyQt6_Qt6_lib_QtQuickControls2MacOSStyleImpl_framework_Resources_Info_plist fileNode\nclass node_venv_lib_python3_12_site-packages_PyQt6_Qt6_lib_QtQuickControls2MacOSStyleImpl_framework_Resources_PrivacyInfo_xcprivacy fileNode\nclass node_venv_lib_python3_12_site-packages_PyQt6_Qt6_lib_QtQuickControls2MacOSStyleImpl_framework_Versions_A_QtQuickControls2MacOSStyleImpl fileNode\nclass node_venv_lib_python3_12_site-packages_PyQt6_Qt6_lib_QtQuickControls2MaterialStyleImpl_framework_Resources_Info_plist fileNode\nclass node_venv_lib_python3_12_site-packages_PyQt6_Qt6_lib_QtQuickControls2MaterialStyleImpl_framework_Resources_PrivacyInfo_xcprivacy fileNode\nclass node_venv_lib_python3_12_site-packages_PyQt6_Qt6_lib_QtQuickControls2MaterialStyleImpl_framework_Versions_A_QtQuickControls2MaterialStyleImpl fileNode\nclass node_venv_lib_python3_12_site-packages_PyQt6_Qt6_lib_QtTest_framework_Resources_Info_plist fileNode\nclass node_venv_lib_python3_12_site-packages_PyQt6_Qt6_lib_QtTest_framework_Resources_PrivacyInfo_xcprivacy fileNode\nclass node_venv_lib_python3_12_site-packages_PyQt6_Qt6_lib_QtTest_framework_Versions_A_QtTest fileNode\nclass node_venv_lib_python3_12_site-packages_PyQt6_Qt6_lib_QtWidgets_framework_Resources_Info_plist fileNode\nclass node_venv_lib_python3_12_site-packages_PyQt6_Qt6_lib_QtWidgets_framework_Resources_PrivacyInfo_xcprivacy fileNode\nclass node_venv_lib_python3_12_site-packages_PyQt6_Qt6_lib_QtWidgets_framework_Versions_A_QtWidgets fileNode\nclass node_venv_lib_python3_12_site-packages_PyQt6_Qt6_lib_QtPositioning_framework_Resources_Info_plist fileNode\nclass node_venv_lib_python3_12_site-packages_PyQt6_Qt6_lib_QtPositioning_framework_Resources_PrivacyInfo_xcprivacy fileNode\nclass node_venv_lib_python3_12_site-packages_PyQt6_Qt6_lib_QtPositioning_framework_Versions_A_QtPositioning fileNode\nclass node_venv_lib_python3_12_site-packages_PyQt6_Qt6_lib_QtBluetooth_framework_Resources_Info_plist fileNode\nclass node_venv_lib_python3_12_site-packages_PyQt6_Qt6_lib_QtBluetooth_framework_Resources_PrivacyInfo_xcprivacy fileNode\nclass node_venv_lib_python3_12_site-packages_PyQt6_Qt6_lib_QtBluetooth_framework_Versions_A_QtBluetooth fileNode\nclass node_venv_lib_python3_12_site-packages_PyQt6_Qt6_lib_QtQuick3D_framework_Resources_Info_plist fileNode\nclass node_venv_lib_python3_12_site-packages_PyQt6_Qt6_lib_QtQuick3D_framework_Resources_PrivacyInfo_xcprivacy fileNode\nclass node_venv_lib_python3_12_site-packages_PyQt6_Qt6_lib_QtQuick3D_framework_Versions_A_QtQuick3D fileNode\nclass node_venv_lib_python3_12_site-packages_PyQt6_Qt6_lib_QtQuick3DHelpersImpl_framework_Resources_Info_plist fileNode\nclass node_venv_lib_python3_12_site-packages_PyQt6_Qt6_lib_QtQuick3DHelpersImpl_framework_Resources_PrivacyInfo_xcprivacy fileNode\nclass node_venv_lib_python3_12_site-packages_PyQt6_Qt6_lib_QtQuick3DHelpersImpl_framework_Versions_A_QtQuick3DHelpersImpl fileNode\nclass node_venv_lib_python3_12_site-packages_PyQt6_Qt6_lib_QtQuickShapes_framework_Resources_Info_plist fileNode\nclass node_venv_lib_python3_12_site-packages_PyQt6_Qt6_lib_QtQuickShapes_framework_Resources_PrivacyInfo_xcprivacy fileNode\nclass node_venv_lib_python3_12_site-packages_PyQt6_Qt6_lib_QtQuickShapes_framework_Versions_A_QtQuickShapes fileNode\nclass node_venv_lib_python3_12_site-packages_PyQt6_Qt6_lib_QtQuickTest_framework_Resources_Info_plist fileNode\nclass node_venv_lib_python3_12_site-packages_PyQt6_Qt6_lib_QtQuickTest_framework_Resources_PrivacyInfo_xcprivacy fileNode\nclass node_venv_lib_python3_12_site-packages_PyQt6_Qt6_lib_QtQuickTest_framework_Versions_A_QtQuickTest fileNode\nclass node_venv_lib_python3_12_site-packages_PyQt6_Qt6_lib_QtNetwork_framework_Resources_Info_plist fileNode\nclass node_venv_lib_python3_12_site-packages_PyQt6_Qt6_lib_QtNetwork_framework_Resources_PrivacyInfo_xcprivacy fileNode\nclass node_venv_lib_python3_12_site-packages_PyQt6_Qt6_lib_QtNetwork_framework_Versions_A_QtNetwork fileNode\nclass node_venv_lib_python3_12_site-packages_PyQt6_Qt6_lib_QtQuickControls2UniversalStyleImpl_framework_Resources_Info_plist fileNode\nclass node_venv_lib_python3_12_site-packages_PyQt6_Qt6_lib_QtQuickControls2UniversalStyleImpl_framework_Resources_PrivacyInfo_xcprivacy fileNode\nclass node_venv_lib_python3_12_site-packages_PyQt6_Qt6_lib_QtQuickControls2UniversalStyleImpl_framework_Versions_A_QtQuickControls2UniversalStyleImpl fileNode\nclass node_venv_lib_python3_12_site-packages_PyQt6_Qt6_lib_QtQuick3DSpatialAudio_framework_Resources_Info_plist fileNode\nclass node_venv_lib_python3_12_site-packages_PyQt6_Qt6_lib_QtQuick3DSpatialAudio_framework_Resources_PrivacyInfo_xcprivacy fileNode\nclass node_venv_lib_python3_12_site-packages_PyQt6_Qt6_lib_QtQuick3DSpatialAudio_framework_Versions_A_QtQuick3DSpatialAudio fileNode\nclass node_venv_lib_python3_12_site-packages_PyQt6_Qt6_lib_QtSvg_framework_Resources_Info_plist fileNode\nclass node_venv_lib_python3_12_site-packages_PyQt6_Qt6_lib_QtSvg_framework_Resources_PrivacyInfo_xcprivacy fileNode\nclass node_venv_lib_python3_12_site-packages_PyQt6_Qt6_lib_QtSvg_framework_Versions_A_QtSvg fileNode\nclass node_venv_lib_python3_12_site-packages_PyQt6_Qt6_lib_QtQuickControls2IOSStyleImpl_framework_Resources_Info_plist fileNode\nclass node_venv_lib_python3_12_site-packages_PyQt6_Qt6_lib_QtQuickControls2IOSStyleImpl_framework_Resources_PrivacyInfo_xcprivacy fileNode\nclass node_venv_lib_python3_12_site-packages_PyQt6_Qt6_lib_QtQuickControls2IOSStyleImpl_framework_Versions_A_QtQuickControls2IOSStyleImpl fileNode\nclass node_venv_lib_python3_12_site-packages_PyQt6_Qt6_lib_QtQuick3DIblBaker_framework_Resources_Info_plist fileNode\nclass node_venv_lib_python3_12_site-packages_PyQt6_Qt6_lib_QtQuick3DIblBaker_framework_Resources_PrivacyInfo_xcprivacy fileNode\nclass node_venv_lib_python3_12_site-packages_PyQt6_Qt6_lib_QtQuick3DIblBaker_framework_Versions_A_QtQuick3DIblBaker fileNode\nclass node_venv_lib_python3_12_site-packages_PyQt6_Qt6_lib_QtQuickControls2Imagine_framework_Resources_Info_plist fileNode\nclass node_venv_lib_python3_12_site-packages_PyQt6_Qt6_lib_QtQuickControls2Imagine_framework_Resources_PrivacyInfo_xcprivacy fileNode\nclass node_venv_lib_python3_12_site-packages_PyQt6_Qt6_lib_QtQuickControls2Imagine_framework_Versions_A_QtQuickControls2Imagine fileNode\nclass node_venv_lib_python3_12_site-packages_PyQt6_Qt6_lib_QtQuick3DEffects_framework_Resources_Info_plist fileNode\nclass node_venv_lib_python3_12_site-packages_PyQt6_Qt6_lib_QtQuick3DEffects_framework_Resources_PrivacyInfo_xcprivacy fileNode\nclass node_venv_lib_python3_12_site-packages_PyQt6_Qt6_lib_QtQuick3DEffects_framework_Versions_A_QtQuick3DEffects fileNode\nclass node_venv_lib_python3_12_site-packages_PyQt6_Qt6_lib_QtMultimediaWidgets_framework_Resources_Info_plist fileNode\nclass node_venv_lib_python3_12_site-packages_PyQt6_Qt6_lib_QtMultimediaWidgets_framework_Resources_PrivacyInfo_xcprivacy fileNode\nclass node_venv_lib_python3_12_site-packages_PyQt6_Qt6_lib_QtMultimediaWidgets_framework_Versions_A_QtMultimediaWidgets fileNode\nclass node_venv_lib_python3_12_site-packages_PyQt6_Qt6_lib_QtWebChannelQuick_framework_Resources_Info_plist fileNode\nclass node_venv_lib_python3_12_site-packages_PyQt6_Qt6_lib_QtWebChannelQuick_framework_Resources_PrivacyInfo_xcprivacy fileNode\nclass node_venv_lib_python3_12_site-packages_PyQt6_Qt6_lib_QtWebChannelQuick_framework_Versions_A_QtWebChannelQuick fileNode\nclass node_venv_lib_python3_12_site-packages_PyQt6_Qt6_lib_QtQmlModels_framework_Resources_Info_plist fileNode\nclass node_venv_lib_python3_12_site-packages_PyQt6_Qt6_lib_QtQmlModels_framework_Resources_PrivacyInfo_xcprivacy fileNode\nclass node_venv_lib_python3_12_site-packages_PyQt6_Qt6_lib_QtQmlModels_framework_Versions_A_QtQmlModels fileNode\nclass node_venv_lib_python3_12_site-packages_PyQt6_Qt6_lib_QtLabsAnimation_framework_Resources_Info_plist fileNode\nclass node_venv_lib_python3_12_site-packages_PyQt6_Qt6_lib_QtLabsAnimation_framework_Resources_PrivacyInfo_xcprivacy fileNode\nclass node_venv_lib_python3_12_site-packages_PyQt6_Qt6_lib_QtLabsAnimation_framework_Versions_A_QtLabsAnimation fileNode\nclass node_venv_lib_python3_12_site-packages_PyQt6_Qt6_lib_QtPdfQuick_framework_Resources_Info_plist fileNode\nclass node_venv_lib_python3_12_site-packages_PyQt6_Qt6_lib_QtPdfQuick_framework_Resources_PrivacyInfo_xcprivacy fileNode\nclass node_venv_lib_python3_12_site-packages_PyQt6_Qt6_lib_QtPdfQuick_framework_Versions_A_QtPdfQuick fileNode\nclass node_venv_lib_python3_12_site-packages_PyQt6_Qt6_lib_QtLabsFolderListModel_framework_Resources_Info_plist fileNode\nclass node_venv_lib_python3_12_site-packages_PyQt6_Qt6_lib_QtLabsFolderListModel_framework_Resources_PrivacyInfo_xcprivacy fileNode\nclass node_venv_lib_python3_12_site-packages_PyQt6_Qt6_lib_QtLabsFolderListModel_framework_Versions_A_QtLabsFolderListModel fileNode\nclass node_venv_lib_python3_12_site-packages_PyQt6_Qt6_lib_QtQuick3DPhysics_framework_Resources_Info_plist fileNode\nclass node_venv_lib_python3_12_site-packages_PyQt6_Qt6_lib_QtQuick3DPhysics_framework_Resources_PrivacyInfo_xcprivacy fileNode\nclass node_venv_lib_python3_12_site-packages_PyQt6_Qt6_lib_QtQuick3DPhysics_framework_Versions_A_QtQuick3DPhysics fileNode\nclass node_venv_lib_python3_12_site-packages_PyQt6_Qt6_lib_QtRemoteObjectsQml_framework_Resources_Info_plist fileNode\nclass node_venv_lib_python3_12_site-packages_PyQt6_Qt6_lib_QtRemoteObjectsQml_framework_Resources_PrivacyInfo_xcprivacy fileNode\nclass node_venv_lib_python3_12_site-packages_PyQt6_Qt6_lib_QtRemoteObjectsQml_framework_Versions_A_QtRemoteObjectsQml fileNode\nclass node_venv_lib_python3_12_site-packages_PyQt6_Qt6_lib_QtSensors_framework_Resources_Info_plist fileNode\nclass node_venv_lib_python3_12_site-packages_PyQt6_Qt6_lib_QtSensors_framework_Resources_PrivacyInfo_xcprivacy fileNode\nclass node_venv_lib_python3_12_site-packages_PyQt6_Qt6_lib_QtSensors_framework_Versions_A_QtSensors fileNode\nclass node_venv_lib_python3_12_site-packages_PyQt6_Qt6_lib_QtQuick3DHelpers_framework_Resources_Info_plist fileNode\nclass node_venv_lib_python3_12_site-packages_PyQt6_Qt6_lib_QtQuick3DHelpers_framework_Resources_PrivacyInfo_xcprivacy fileNode\nclass node_venv_lib_python3_12_site-packages_PyQt6_Qt6_lib_QtQuick3DHelpers_framework_Versions_A_QtQuick3DHelpers fileNode\nclass node_venv_lib_python3_12_site-packages_PyQt6_Qt6_lib_QtQuickDialogs2_framework_Resources_Info_plist fileNode\nclass node_venv_lib_python3_12_site-packages_PyQt6_Qt6_lib_QtQuickDialogs2_framework_Resources_PrivacyInfo_xcprivacy fileNode\nclass node_venv_lib_python3_12_site-packages_PyQt6_Qt6_lib_QtQuickDialogs2_framework_Versions_A_QtQuickDialogs2 fileNode\nclass node_venv_lib_python3_12_site-packages_PyQt6_Qt6_lib_QtLabsWavefrontMesh_framework_Resources_Info_plist fileNode\nclass node_venv_lib_python3_12_site-packages_PyQt6_Qt6_lib_QtLabsWavefrontMesh_framework_Resources_PrivacyInfo_xcprivacy fileNode\nclass node_venv_lib_python3_12_site-packages_PyQt6_Qt6_lib_QtLabsWavefrontMesh_framework_Versions_A_QtLabsWavefrontMesh fileNode\nclass node_venv_lib_python3_12_site-packages_PyQt6_Qt6_lib_QtTextToSpeech_framework_Resources_Info_plist fileNode\nclass node_venv_lib_python3_12_site-packages_PyQt6_Qt6_lib_QtTextToSpeech_framework_Resources_PrivacyInfo_xcprivacy fileNode\nclass node_venv_lib_python3_12_site-packages_PyQt6_Qt6_lib_QtTextToSpeech_framework_Versions_A_QtTextToSpeech fileNode\nclass node_venv_lib_python3_12_site-packages_PyQt6_Qt6_lib_QtStateMachineQml_framework_Resources_Info_plist fileNode\nclass node_venv_lib_python3_12_site-packages_PyQt6_Qt6_lib_QtStateMachineQml_framework_Resources_PrivacyInfo_xcprivacy fileNode\nclass node_venv_lib_python3_12_site-packages_PyQt6_Qt6_lib_QtStateMachineQml_framework_Versions_A_QtStateMachineQml fileNode\nclass node_venv_lib_python3_12_site-packages_PyQt6_Qt6_lib_QtSql_framework_Resources_Info_plist fileNode\nclass node_venv_lib_python3_12_site-packages_PyQt6_Qt6_lib_QtSql_framework_Resources_PrivacyInfo_xcprivacy fileNode\nclass node_venv_lib_python3_12_site-packages_PyQt6_Qt6_lib_QtSql_framework_Versions_A_QtSql fileNode\nclass node_venv_lib_python3_12_site-packages_PyQt6_Qt6_lib_QtConcurrent_framework_Resources_Info_plist fileNode\nclass node_venv_lib_python3_12_site-packages_PyQt6_Qt6_lib_QtConcurrent_framework_Resources_PrivacyInfo_xcprivacy fileNode\nclass node_venv_lib_python3_12_site-packages_PyQt6_Qt6_lib_QtConcurrent_framework_Versions_A_QtConcurrent fileNode\nclass node_venv_lib_python3_12_site-packages_PyQt6_Qt6_qsci_api_python_PyQt6_api fileNode\nclass node_venv_lib_python3_12_site-packages_PyQt6_Qt6_translations_qt_ar_qm fileNode\nclass node_venv_lib_python3_12_site-packages_PyQt6_Qt6_translations_qt_bg_qm fileNode\nclass node_venv_lib_python3_12_site-packages_PyQt6_Qt6_translations_qt_ca_qm fileNode\nclass node_venv_lib_python3_12_site-packages_PyQt6_Qt6_translations_qt_cs_qm fileNode\nclass node_venv_lib_python3_12_site-packages_PyQt6_Qt6_translations_qt_da_qm fileNode\nclass node_venv_lib_python3_12_site-packages_PyQt6_Qt6_translations_qt_de_qm fileNode\nclass node_venv_lib_python3_12_site-packages_PyQt6_Qt6_translations_qt_en_qm fileNode\nclass node_venv_lib_python3_12_site-packages_PyQt6_Qt6_translations_qt_es_qm fileNode\nclass node_venv_lib_python3_12_site-packages_PyQt6_Qt6_translations_qt_fa_qm fileNode\nclass node_venv_lib_python3_12_site-packages_PyQt6_Qt6_translations_qt_fi_qm fileNode\nclass node_venv_lib_python3_12_site-packages_PyQt6_Qt6_translations_qt_fr_qm fileNode\nclass node_venv_lib_python3_12_site-packages_PyQt6_Qt6_translations_qt_gd_qm fileNode\nclass node_venv_lib_python3_12_site-packages_PyQt6_Qt6_translations_qt_gl_qm fileNode\nclass node_venv_lib_python3_12_site-packages_PyQt6_Qt6_translations_qt_he_qm fileNode\nclass node_venv_lib_python3_12_site-packages_PyQt6_Qt6_translations_qt_help_ar_qm fileNode\nclass node_venv_lib_python3_12_site-packages_PyQt6_Qt6_translations_qt_help_bg_qm fileNode\nclass node_venv_lib_python3_12_site-packages_PyQt6_Qt6_translations_qt_help_ca_qm fileNode\nclass node_venv_lib_python3_12_site-packages_PyQt6_Qt6_translations_qt_help_cs_qm fileNode\nclass node_venv_lib_python3_12_site-packages_PyQt6_Qt6_translations_qt_help_da_qm fileNode\nclass node_venv_lib_python3_12_site-packages_PyQt6_Qt6_translations_qt_help_de_qm fileNode\nclass node_venv_lib_python3_12_site-packages_PyQt6_Qt6_translations_qt_help_en_qm fileNode\nclass node_venv_lib_python3_12_site-packages_PyQt6_Qt6_translations_qt_help_es_qm fileNode\nclass node_venv_lib_python3_12_site-packages_PyQt6_Qt6_translations_qt_help_fr_qm fileNode\nclass node_venv_lib_python3_12_site-packages_PyQt6_Qt6_translations_qt_help_gl_qm fileNode\nclass node_venv_lib_python3_12_site-packages_PyQt6_Qt6_translations_qt_help_hr_qm fileNode\nclass node_venv_lib_python3_12_site-packages_PyQt6_Qt6_translations_qt_help_hu_qm fileNode\nclass node_venv_lib_python3_12_site-packages_PyQt6_Qt6_translations_qt_help_it_qm fileNode\nclass node_venv_lib_python3_12_site-packages_PyQt6_Qt6_translations_qt_help_ja_qm fileNode\nclass node_venv_lib_python3_12_site-packages_PyQt6_Qt6_translations_qt_help_ka_qm fileNode\nclass node_venv_lib_python3_12_site-packages_PyQt6_Qt6_translations_qt_help_ko_qm fileNode\nclass node_venv_lib_python3_12_site-packages_PyQt6_Qt6_translations_qt_help_nl_qm fileNode\nclass node_venv_lib_python3_12_site-packages_PyQt6_Qt6_translations_qt_help_nn_qm fileNode\nclass node_venv_lib_python3_12_site-packages_PyQt6_Qt6_translations_qt_help_pl_qm fileNode\nclass node_venv_lib_python3_12_site-packages_PyQt6_Qt6_translations_qt_help_pt_BR_qm fileNode\nclass node_venv_lib_python3_12_site-packages_PyQt6_Qt6_translations_qt_help_ru_qm fileNode\nclass node_venv_lib_python3_12_site-packages_PyQt6_Qt6_translations_qt_help_sk_qm fileNode\nclass node_venv_lib_python3_12_site-packages_PyQt6_Qt6_translations_qt_help_sl_qm fileNode\nclass node_venv_lib_python3_12_site-packages_PyQt6_Qt6_translations_qt_help_sv_qm fileNode\nclass node_venv_lib_python3_12_site-packages_PyQt6_Qt6_translations_qt_help_tr_qm fileNode\nclass node_venv_lib_python3_12_site-packages_PyQt6_Qt6_translations_qt_help_uk_qm fileNode\nclass node_venv_lib_python3_12_site-packages_PyQt6_Qt6_translations_qt_help_zh_CN_qm fileNode\nclass node_venv_lib_python3_12_site-packages_PyQt6_Qt6_translations_qt_help_zh_TW_qm fileNode\nclass node_venv_lib_python3_12_site-packages_PyQt6_Qt6_translations_qt_hr_qm fileNode\nclass node_venv_lib_python3_12_site-packages_PyQt6_Qt6_translations_qt_hu_qm fileNode\nclass node_venv_lib_python3_12_site-packages_PyQt6_Qt6_translations_qt_it_qm fileNode\nclass node_venv_lib_python3_12_site-packages_PyQt6_Qt6_translations_qt_ja_qm fileNode\nclass node_venv_lib_python3_12_site-packages_PyQt6_Qt6_translations_qt_ka_qm fileNode\nclass node_venv_lib_python3_12_site-packages_PyQt6_Qt6_translations_qt_ko_qm fileNode\nclass node_venv_lib_python3_12_site-packages_PyQt6_Qt6_translations_qt_lg_qm fileNode\nclass node_venv_lib_python3_12_site-packages_PyQt6_Qt6_translations_qt_lt_qm fileNode\nclass node_venv_lib_python3_12_site-packages_PyQt6_Qt6_translations_qt_lv_qm fileNode\nclass node_venv_lib_python3_12_site-packages_PyQt6_Qt6_translations_qt_nl_qm fileNode\nclass node_venv_lib_python3_12_site-packages_PyQt6_Qt6_translations_qt_nn_qm fileNode\nclass node_venv_lib_python3_12_site-packages_PyQt6_Qt6_translations_qt_pl_qm fileNode\nclass node_venv_lib_python3_12_site-packages_PyQt6_Qt6_translations_qt_pt_BR_qm fileNode\nclass node_venv_lib_python3_12_site-packages_PyQt6_Qt6_translations_qt_pt_PT_qm fileNode\nclass node_venv_lib_python3_12_site-packages_PyQt6_Qt6_translations_qt_ru_qm fileNode\nclass node_venv_lib_python3_12_site-packages_PyQt6_Qt6_translations_qt_sk_qm fileNode\nclass node_venv_lib_python3_12_site-packages_PyQt6_Qt6_translations_qt_sl_qm fileNode\nclass node_venv_lib_python3_12_site-packages_PyQt6_Qt6_translations_qt_sv_qm fileNode\nclass node_venv_lib_python3_12_site-packages_PyQt6_Qt6_translations_qt_tr_qm fileNode\nclass node_venv_lib_python3_12_site-packages_PyQt6_Qt6_translations_qt_uk_qm fileNode\nclass node_venv_lib_python3_12_site-packages_PyQt6_Qt6_translations_qt_zh_CN_qm fileNode\nclass node_venv_lib_python3_12_site-packages_PyQt6_Qt6_translations_qt_zh_TW_qm fileNode\nclass node_venv_lib_python3_12_site-packages_PyQt6_Qt6_translations_qtbase_ar_qm fileNode\nclass node_venv_lib_python3_12_site-packages_PyQt6_Qt6_translations_qtbase_bg_qm fileNode\nclass node_venv_lib_python3_12_site-packages_PyQt6_Qt6_translations_qtbase_ca_qm fileNode\nclass node_venv_lib_python3_12_site-packages_PyQt6_Qt6_translations_qtbase_cs_qm fileNode\nclass node_venv_lib_python3_12_site-packages_PyQt6_Qt6_translations_qtbase_da_qm fileNode\nclass node_venv_lib_python3_12_site-packages_PyQt6_Qt6_translations_qtbase_de_qm fileNode\nclass node_venv_lib_python3_12_site-packages_PyQt6_Qt6_translations_qtbase_en_qm fileNode\nclass node_venv_lib_python3_12_site-packages_PyQt6_Qt6_translations_qtbase_es_qm fileNode\nclass node_venv_lib_python3_12_site-packages_PyQt6_Qt6_translations_qtbase_fa_qm fileNode\nclass node_venv_lib_python3_12_site-packages_PyQt6_Qt6_translations_qtbase_fi_qm fileNode\nclass node_venv_lib_python3_12_site-packages_PyQt6_Qt6_translations_qtbase_fr_qm fileNode\nclass node_venv_lib_python3_12_site-packages_PyQt6_Qt6_translations_qtbase_gd_qm fileNode\nclass node_venv_lib_python3_12_site-packages_PyQt6_Qt6_translations_qtbase_he_qm fileNode\nclass node_venv_lib_python3_12_site-packages_PyQt6_Qt6_translations_qtbase_hr_qm fileNode\nclass node_venv_lib_python3_12_site-packages_PyQt6_Qt6_translations_qtbase_hu_qm fileNode\nclass node_venv_lib_python3_12_site-packages_PyQt6_Qt6_translations_qtbase_it_qm fileNode\nclass node_venv_lib_python3_12_site-packages_PyQt6_Qt6_translations_qtbase_ja_qm fileNode\nclass node_venv_lib_python3_12_site-packages_PyQt6_Qt6_translations_qtbase_ka_qm fileNode\nclass node_venv_lib_python3_12_site-packages_PyQt6_Qt6_translations_qtbase_ko_qm fileNode\nclass node_venv_lib_python3_12_site-packages_PyQt6_Qt6_translations_qtbase_lg_qm fileNode\nclass node_venv_lib_python3_12_site-packages_PyQt6_Qt6_translations_qtbase_lv_qm fileNode\nclass node_venv_lib_python3_12_site-packages_PyQt6_Qt6_translations_qtbase_nl_qm fileNode\nclass node_venv_lib_python3_12_site-packages_PyQt6_Qt6_translations_qtbase_nn_qm fileNode\nclass node_venv_lib_python3_12_site-packages_PyQt6_Qt6_translations_qtbase_pl_qm fileNode\nclass node_venv_lib_python3_12_site-packages_PyQt6_Qt6_translations_qtbase_pt_BR_qm fileNode\nclass node_venv_lib_python3_12_site-packages_PyQt6_Qt6_translations_qtbase_ru_qm fileNode\nclass node_venv_lib_python3_12_site-packages_PyQt6_Qt6_translations_qtbase_sk_qm fileNode\nclass node_venv_lib_python3_12_site-packages_PyQt6_Qt6_translations_qtbase_sv_qm fileNode\nclass node_venv_lib_python3_12_site-packages_PyQt6_Qt6_translations_qtbase_tr_qm fileNode\nclass node_venv_lib_python3_12_site-packages_PyQt6_Qt6_translations_qtbase_uk_qm fileNode\nclass node_venv_lib_python3_12_site-packages_PyQt6_Qt6_translations_qtbase_zh_CN_qm fileNode\nclass node_venv_lib_python3_12_site-packages_PyQt6_Qt6_translations_qtbase_zh_TW_qm fileNode\nclass node_venv_lib_python3_12_site-packages_PyQt6_Qt6_translations_qtconnectivity_bg_qm fileNode\nclass node_venv_lib_python3_12_site-packages_PyQt6_Qt6_translations_qtconnectivity_ca_qm fileNode\nclass node_venv_lib_python3_12_site-packages_PyQt6_Qt6_translations_qtconnectivity_da_qm fileNode\nclass node_venv_lib_python3_12_site-packages_PyQt6_Qt6_translations_qtconnectivity_de_qm fileNode\nclass node_venv_lib_python3_12_site-packages_PyQt6_Qt6_translations_qtconnectivity_en_qm fileNode\nclass node_venv_lib_python3_12_site-packages_PyQt6_Qt6_translations_qtconnectivity_es_qm fileNode\nclass node_venv_lib_python3_12_site-packages_PyQt6_Qt6_translations_qtconnectivity_hr_qm fileNode\nclass node_venv_lib_python3_12_site-packages_PyQt6_Qt6_translations_qtconnectivity_hu_qm fileNode\nclass node_venv_lib_python3_12_site-packages_PyQt6_Qt6_translations_qtconnectivity_ka_qm fileNode\nclass node_venv_lib_python3_12_site-packages_PyQt6_Qt6_translations_qtconnectivity_ko_qm fileNode\nclass node_venv_lib_python3_12_site-packages_PyQt6_Qt6_translations_qtconnectivity_nl_qm fileNode\nclass node_venv_lib_python3_12_site-packages_PyQt6_Qt6_translations_qtconnectivity_pl_qm fileNode\nclass node_venv_lib_python3_12_site-packages_PyQt6_Qt6_translations_qtconnectivity_pt_BR_qm fileNode\nclass node_venv_lib_python3_12_site-packages_PyQt6_Qt6_translations_qtconnectivity_ru_qm fileNode\nclass node_venv_lib_python3_12_site-packages_PyQt6_Qt6_translations_qtconnectivity_sv_qm fileNode\nclass node_venv_lib_python3_12_site-packages_PyQt6_Qt6_translations_qtconnectivity_tr_qm fileNode\nclass node_venv_lib_python3_12_site-packages_PyQt6_Qt6_translations_qtconnectivity_uk_qm fileNode\nclass node_venv_lib_python3_12_site-packages_PyQt6_Qt6_translations_qtconnectivity_zh_CN_qm fileNode\nclass node_venv_lib_python3_12_site-packages_PyQt6_Qt6_translations_qtdeclarative_ar_qm fileNode\nclass node_venv_lib_python3_12_site-packages_PyQt6_Qt6_translations_qtdeclarative_bg_qm fileNode\nclass node_venv_lib_python3_12_site-packages_PyQt6_Qt6_translations_qtdeclarative_ca_qm fileNode\nclass node_venv_lib_python3_12_site-packages_PyQt6_Qt6_translations_qtdeclarative_da_qm fileNode\nclass node_venv_lib_python3_12_site-packages_PyQt6_Qt6_translations_qtdeclarative_de_qm fileNode\nclass node_venv_lib_python3_12_site-packages_PyQt6_Qt6_translations_qtdeclarative_en_qm fileNode\nclass node_venv_lib_python3_12_site-packages_PyQt6_Qt6_translations_qtdeclarative_es_qm fileNode\nclass node_venv_lib_python3_12_site-packages_PyQt6_Qt6_translations_qtdeclarative_fa_qm fileNode\nclass node_venv_lib_python3_12_site-packages_PyQt6_Qt6_translations_qtdeclarative_fi_qm fileNode\nclass node_venv_lib_python3_12_site-packages_PyQt6_Qt6_translations_qtdeclarative_fr_qm fileNode\nclass node_venv_lib_python3_12_site-packages_PyQt6_Qt6_translations_qtdeclarative_hr_qm fileNode\nclass node_venv_lib_python3_12_site-packages_PyQt6_Qt6_translations_qtdeclarative_hu_qm fileNode\nclass node_venv_lib_python3_12_site-packages_PyQt6_Qt6_translations_qtdeclarative_ja_qm fileNode\nclass node_venv_lib_python3_12_site-packages_PyQt6_Qt6_translations_qtdeclarative_ka_qm fileNode\nclass node_venv_lib_python3_12_site-packages_PyQt6_Qt6_translations_qtdeclarative_ko_qm fileNode\nclass node_venv_lib_python3_12_site-packages_PyQt6_Qt6_translations_qtdeclarative_lv_qm fileNode\nclass node_venv_lib_python3_12_site-packages_PyQt6_Qt6_translations_qtdeclarative_nl_qm fileNode\nclass node_venv_lib_python3_12_site-packages_PyQt6_Qt6_translations_qtdeclarative_nn_qm fileNode\nclass node_venv_lib_python3_12_site-packages_PyQt6_Qt6_translations_qtdeclarative_pl_qm fileNode\nclass node_venv_lib_python3_12_site-packages_PyQt6_Qt6_translations_qtdeclarative_pt_BR_qm fileNode\nclass node_venv_lib_python3_12_site-packages_PyQt6_Qt6_translations_qtdeclarative_ru_qm fileNode\nclass node_venv_lib_python3_12_site-packages_PyQt6_Qt6_translations_qtdeclarative_sk_qm fileNode\nclass node_venv_lib_python3_12_site-packages_PyQt6_Qt6_translations_qtdeclarative_sv_qm fileNode\nclass node_venv_lib_python3_12_site-packages_PyQt6_Qt6_translations_qtdeclarative_tr_qm fileNode\nclass node_venv_lib_python3_12_site-packages_PyQt6_Qt6_translations_qtdeclarative_uk_qm fileNode\nclass node_venv_lib_python3_12_site-packages_PyQt6_Qt6_translations_qtdeclarative_zh_CN_qm fileNode\nclass node_venv_lib_python3_12_site-packages_PyQt6_Qt6_translations_qtdeclarative_zh_TW_qm fileNode\nclass node_venv_lib_python3_12_site-packages_PyQt6_Qt6_translations_qtlocation_bg_qm fileNode\nclass node_venv_lib_python3_12_site-packages_PyQt6_Qt6_translations_qtlocation_ca_qm fileNode\nclass node_venv_lib_python3_12_site-packages_PyQt6_Qt6_translations_qtlocation_da_qm fileNode\nclass node_venv_lib_python3_12_site-packages_PyQt6_Qt6_translations_qtlocation_de_qm fileNode\nclass node_venv_lib_python3_12_site-packages_PyQt6_Qt6_translations_qtlocation_en_qm fileNode\nclass node_venv_lib_python3_12_site-packages_PyQt6_Qt6_translations_qtlocation_es_qm fileNode\nclass node_venv_lib_python3_12_site-packages_PyQt6_Qt6_translations_qtlocation_fi_qm fileNode\nclass node_venv_lib_python3_12_site-packages_PyQt6_Qt6_translations_qtlocation_fr_qm fileNode\nclass node_venv_lib_python3_12_site-packages_PyQt6_Qt6_translations_qtlocation_hr_qm fileNode\nclass node_venv_lib_python3_12_site-packages_PyQt6_Qt6_translations_qtlocation_hu_qm fileNode\nclass node_venv_lib_python3_12_site-packages_PyQt6_Qt6_translations_qtlocation_ka_qm fileNode\nclass node_venv_lib_python3_12_site-packages_PyQt6_Qt6_translations_qtlocation_ko_qm fileNode\nclass node_venv_lib_python3_12_site-packages_PyQt6_Qt6_translations_qtlocation_nl_qm fileNode\nclass node_venv_lib_python3_12_site-packages_PyQt6_Qt6_translations_qtlocation_pl_qm fileNode\nclass node_venv_lib_python3_12_site-packages_PyQt6_Qt6_translations_qtlocation_pt_BR_qm fileNode\nclass node_venv_lib_python3_12_site-packages_PyQt6_Qt6_translations_qtlocation_ru_qm fileNode\nclass node_venv_lib_python3_12_site-packages_PyQt6_Qt6_translations_qtlocation_sv_qm fileNode\nclass node_venv_lib_python3_12_site-packages_PyQt6_Qt6_translations_qtlocation_tr_qm fileNode\nclass node_venv_lib_python3_12_site-packages_PyQt6_Qt6_translations_qtlocation_uk_qm fileNode\nclass node_venv_lib_python3_12_site-packages_PyQt6_Qt6_translations_qtlocation_zh_CN_qm fileNode\nclass node_venv_lib_python3_12_site-packages_PyQt6_Qt6_translations_qtmultimedia_ar_qm fileNode\nclass node_venv_lib_python3_12_site-packages_PyQt6_Qt6_translations_qtmultimedia_bg_qm fileNode\nclass node_venv_lib_python3_12_site-packages_PyQt6_Qt6_translations_qtmultimedia_ca_qm fileNode\nclass node_venv_lib_python3_12_site-packages_PyQt6_Qt6_translations_qtmultimedia_cs_qm fileNode\nclass node_venv_lib_python3_12_site-packages_PyQt6_Qt6_translations_qtmultimedia_da_qm fileNode\nclass node_venv_lib_python3_12_site-packages_PyQt6_Qt6_translations_qtmultimedia_de_qm fileNode\nclass node_venv_lib_python3_12_site-packages_PyQt6_Qt6_translations_qtmultimedia_en_qm fileNode\nclass node_venv_lib_python3_12_site-packages_PyQt6_Qt6_translations_qtmultimedia_es_qm fileNode\nclass node_venv_lib_python3_12_site-packages_PyQt6_Qt6_translations_qtmultimedia_fa_qm fileNode\nclass node_venv_lib_python3_12_site-packages_PyQt6_Qt6_translations_qtmultimedia_fi_qm fileNode\nclass node_venv_lib_python3_12_site-packages_PyQt6_Qt6_translations_qtmultimedia_fr_qm fileNode\nclass node_venv_lib_python3_12_site-packages_PyQt6_Qt6_translations_qtmultimedia_hr_qm fileNode\nclass node_venv_lib_python3_12_site-packages_PyQt6_Qt6_translations_qtmultimedia_hu_qm fileNode\nclass node_venv_lib_python3_12_site-packages_PyQt6_Qt6_translations_qtmultimedia_it_qm fileNode\nclass node_venv_lib_python3_12_site-packages_PyQt6_Qt6_translations_qtmultimedia_ja_qm fileNode\nclass node_venv_lib_python3_12_site-packages_PyQt6_Qt6_translations_qtmultimedia_ka_qm fileNode\nclass node_venv_lib_python3_12_site-packages_PyQt6_Qt6_translations_qtmultimedia_ko_qm fileNode\nclass node_venv_lib_python3_12_site-packages_PyQt6_Qt6_translations_qtmultimedia_nl_qm fileNode\nclass node_venv_lib_python3_12_site-packages_PyQt6_Qt6_translations_qtmultimedia_nn_qm fileNode\nclass node_venv_lib_python3_12_site-packages_PyQt6_Qt6_translations_qtmultimedia_pl_qm fileNode\nclass node_venv_lib_python3_12_site-packages_PyQt6_Qt6_translations_qtmultimedia_pt_BR_qm fileNode\nclass node_venv_lib_python3_12_site-packages_PyQt6_Qt6_translations_qtmultimedia_ru_qm fileNode\nclass node_venv_lib_python3_12_site-packages_PyQt6_Qt6_translations_qtmultimedia_sk_qm fileNode\nclass node_venv_lib_python3_12_site-packages_PyQt6_Qt6_translations_qtmultimedia_sv_qm fileNode\nclass node_venv_lib_python3_12_site-packages_PyQt6_Qt6_translations_qtmultimedia_tr_qm fileNode\nclass node_venv_lib_python3_12_site-packages_PyQt6_Qt6_translations_qtmultimedia_uk_qm fileNode\nclass node_venv_lib_python3_12_site-packages_PyQt6_Qt6_translations_qtmultimedia_zh_CN_qm fileNode\nclass node_venv_lib_python3_12_site-packages_PyQt6_Qt6_translations_qtmultimedia_zh_TW_qm fileNode\nclass node_venv_lib_python3_12_site-packages_PyQt6_Qt6_translations_qtserialport_de_qm fileNode\nclass node_venv_lib_python3_12_site-packages_PyQt6_Qt6_translations_qtserialport_en_qm fileNode\nclass node_venv_lib_python3_12_site-packages_PyQt6_Qt6_translations_qtserialport_es_qm fileNode\nclass node_venv_lib_python3_12_site-packages_PyQt6_Qt6_translations_qtserialport_ja_qm fileNode\nclass node_venv_lib_python3_12_site-packages_PyQt6_Qt6_translations_qtserialport_ka_qm fileNode\nclass node_venv_lib_python3_12_site-packages_PyQt6_Qt6_translations_qtserialport_ko_qm fileNode\nclass node_venv_lib_python3_12_site-packages_PyQt6_Qt6_translations_qtserialport_pl_qm fileNode\nclass node_venv_lib_python3_12_site-packages_PyQt6_Qt6_translations_qtserialport_pt_BR_qm fileNode\nclass node_venv_lib_python3_12_site-packages_PyQt6_Qt6_translations_qtserialport_ru_qm fileNode\nclass node_venv_lib_python3_12_site-packages_PyQt6_Qt6_translations_qtserialport_sv_qm fileNode\nclass node_venv_lib_python3_12_site-packages_PyQt6_Qt6_translations_qtserialport_tr_qm fileNode\nclass node_venv_lib_python3_12_site-packages_PyQt6_Qt6_translations_qtserialport_uk_qm fileNode\nclass node_venv_lib_python3_12_site-packages_PyQt6_Qt6_translations_qtserialport_zh_CN_qm fileNode\nclass node_venv_lib_python3_12_site-packages_PyQt6_Qt6_translations_qtwebsockets_ca_qm fileNode\nclass node_venv_lib_python3_12_site-packages_PyQt6_Qt6_translations_qtwebsockets_de_qm fileNode\nclass node_venv_lib_python3_12_site-packages_PyQt6_Qt6_translations_qtwebsockets_en_qm fileNode\nclass node_venv_lib_python3_12_site-packages_PyQt6_Qt6_translations_qtwebsockets_es_qm fileNode\nclass node_venv_lib_python3_12_site-packages_PyQt6_Qt6_translations_qtwebsockets_fr_qm fileNode\nclass node_venv_lib_python3_12_site-packages_PyQt6_Qt6_translations_qtwebsockets_ja_qm fileNode\nclass node_venv_lib_python3_12_site-packages_PyQt6_Qt6_translations_qtwebsockets_ka_qm fileNode\nclass node_venv_lib_python3_12_site-packages_PyQt6_Qt6_translations_qtwebsockets_ko_qm fileNode\nclass node_venv_lib_python3_12_site-packages_PyQt6_Qt6_translations_qtwebsockets_pl_qm fileNode\nclass node_venv_lib_python3_12_site-packages_PyQt6_Qt6_translations_qtwebsockets_pt_BR_qm fileNode\nclass node_venv_lib_python3_12_site-packages_PyQt6_Qt6_translations_qtwebsockets_ru_qm fileNode\nclass node_venv_lib_python3_12_site-packages_PyQt6_Qt6_translations_qtwebsockets_sv_qm fileNode\nclass node_venv_lib_python3_12_site-packages_PyQt6_Qt6_translations_qtwebsockets_tr_qm fileNode\nclass node_venv_lib_python3_12_site-packages_PyQt6_Qt6_translations_qtwebsockets_uk_qm fileNode\nclass node_venv_lib_python3_12_site-packages_PyQt6_Qt6_translations_qtwebsockets_zh_CN_qm fileNode\nclass node_venv_lib_python3_12_site-packages_PyQt6_bindings_QtWebSockets_QtWebSockets_toml configFile\nclass node_venv_lib_python3_12_site-packages_PyQt6_bindings_QtWebSockets_QtWebSocketsmod_sip fileNode\nclass node_venv_lib_python3_12_site-packages_PyQt6_bindings_QtWebSockets_qmaskgenerator_sip fileNode\nclass node_venv_lib_python3_12_site-packages_PyQt6_bindings_QtWebSockets_qwebsocket_sip fileNode\nclass node_venv_lib_python3_12_site-packages_PyQt6_bindings_QtWebSockets_qwebsocketcorsauthenticator_sip fileNode\nclass node_venv_lib_python3_12_site-packages_PyQt6_bindings_QtWebSockets_qwebsockethandshakeoptions_sip fileNode\nclass node_venv_lib_python3_12_site-packages_PyQt6_bindings_QtWebSockets_qwebsocketprotocol_sip fileNode\nclass node_venv_lib_python3_12_site-packages_PyQt6_bindings_QtWebSockets_qwebsocketserver_sip fileNode\nclass node_venv_lib_python3_12_site-packages_PyQt6_bindings_QtPrintSupport_QtPrintSupport_toml configFile\nclass node_venv_lib_python3_12_site-packages_PyQt6_bindings_QtPrintSupport_QtPrintSupportmod_sip fileNode\nclass node_venv_lib_python3_12_site-packages_PyQt6_bindings_QtPrintSupport_qabstractprintdialog_sip fileNode\nclass node_venv_lib_python3_12_site-packages_PyQt6_bindings_QtPrintSupport_qpagesetupdialog_sip fileNode\nclass node_venv_lib_python3_12_site-packages_PyQt6_bindings_QtPrintSupport_qprintdialog_sip fileNode\nclass node_venv_lib_python3_12_site-packages_PyQt6_bindings_QtPrintSupport_qprintengine_sip fileNode\nclass node_venv_lib_python3_12_site-packages_PyQt6_bindings_QtPrintSupport_qprinter_sip fileNode\nclass node_venv_lib_python3_12_site-packages_PyQt6_bindings_QtPrintSupport_qprinterinfo_sip fileNode\nclass node_venv_lib_python3_12_site-packages_PyQt6_bindings_QtPrintSupport_qprintpreviewdialog_sip fileNode\nclass node_venv_lib_python3_12_site-packages_PyQt6_bindings_QtPrintSupport_qprintpreviewwidget_sip fileNode\nclass node_venv_lib_python3_12_site-packages_PyQt6_bindings_QtPrintSupport_qpyprintsupport_qlist_sip fileNode\nclass node_venv_lib_python3_12_site-packages_PyQt6_bindings_QtOpenGL_QtOpenGL_toml configFile\nclass node_venv_lib_python3_12_site-packages_PyQt6_bindings_QtOpenGL_QtOpenGLmod_sip fileNode\nclass node_venv_lib_python3_12_site-packages_PyQt6_bindings_QtOpenGL_qopenglbuffer_sip fileNode\nclass node_venv_lib_python3_12_site-packages_PyQt6_bindings_QtOpenGL_qopengldebug_sip fileNode\nclass node_venv_lib_python3_12_site-packages_PyQt6_bindings_QtOpenGL_qopenglframebufferobject_sip fileNode\nclass node_venv_lib_python3_12_site-packages_PyQt6_bindings_QtOpenGL_qopenglfunctions_2_0_sip fileNode\nclass node_venv_lib_python3_12_site-packages_PyQt6_bindings_QtOpenGL_qopenglfunctions_2_1_sip fileNode\nclass node_venv_lib_python3_12_site-packages_PyQt6_bindings_QtOpenGL_qopenglfunctions_4_1_core_sip fileNode\nclass node_venv_lib_python3_12_site-packages_PyQt6_bindings_QtOpenGL_qopenglfunctions_es2_sip fileNode\nclass node_venv_lib_python3_12_site-packages_PyQt6_bindings_QtOpenGL_qopenglpaintdevice_sip fileNode\nclass node_venv_lib_python3_12_site-packages_PyQt6_bindings_QtOpenGL_qopenglpixeltransferoptions_sip fileNode\nclass node_venv_lib_python3_12_site-packages_PyQt6_bindings_QtOpenGL_qopenglshaderprogram_sip fileNode\nclass node_venv_lib_python3_12_site-packages_PyQt6_bindings_QtOpenGL_qopengltexture_sip fileNode\nclass node_venv_lib_python3_12_site-packages_PyQt6_bindings_QtOpenGL_qopengltextureblitter_sip fileNode\nclass node_venv_lib_python3_12_site-packages_PyQt6_bindings_QtOpenGL_qopengltimerquery_sip fileNode\nclass node_venv_lib_python3_12_site-packages_PyQt6_bindings_QtOpenGL_qopenglversionfunctions_sip fileNode\nclass node_venv_lib_python3_12_site-packages_PyQt6_bindings_QtOpenGL_qopenglversionfunctionsfactory_sip fileNode\nclass node_venv_lib_python3_12_site-packages_PyQt6_bindings_QtOpenGL_qopenglversionprofile_sip fileNode\nclass node_venv_lib_python3_12_site-packages_PyQt6_bindings_QtOpenGL_qopenglvertexarrayobject_sip fileNode\nclass node_venv_lib_python3_12_site-packages_PyQt6_bindings_QtOpenGL_qopenglwindow_sip fileNode\nclass node_venv_lib_python3_12_site-packages_PyQt6_bindings_QtOpenGL_qpyopengl_qlist_sip fileNode\nclass node_venv_lib_python3_12_site-packages_PyQt6_bindings_QtOpenGL_qpyopengl_std_pair_sip fileNode\nclass node_venv_lib_python3_12_site-packages_PyQt6_bindings_QtQml_QtQml_toml configFile\nclass node_venv_lib_python3_12_site-packages_PyQt6_bindings_QtQml_QtQmlmod_sip fileNode\nclass node_venv_lib_python3_12_site-packages_PyQt6_bindings_QtQml_qjsengine_sip fileNode\nclass node_venv_lib_python3_12_site-packages_PyQt6_bindings_QtQml_qjsmanagedvalue_sip fileNode\nclass node_venv_lib_python3_12_site-packages_PyQt6_bindings_QtQml_qjsprimitivevalue_sip fileNode\nclass node_venv_lib_python3_12_site-packages_PyQt6_bindings_QtQml_qjsvalue_sip fileNode\nclass node_venv_lib_python3_12_site-packages_PyQt6_bindings_QtQml_qjsvalueiterator_sip fileNode\nclass node_venv_lib_python3_12_site-packages_PyQt6_bindings_QtQml_qmlattachedpropertiesobject_sip fileNode\nclass node_venv_lib_python3_12_site-packages_PyQt6_bindings_QtQml_qmlregistertype_sip fileNode\nclass node_venv_lib_python3_12_site-packages_PyQt6_bindings_QtQml_qpyqmllistproperty_sip fileNode\nclass node_venv_lib_python3_12_site-packages_PyQt6_bindings_QtQml_qqml_sip fileNode\nclass node_venv_lib_python3_12_site-packages_PyQt6_bindings_QtQml_qqmlabstracturlinterceptor_sip fileNode\nclass node_venv_lib_python3_12_site-packages_PyQt6_bindings_QtQml_qqmlapplicationengine_sip fileNode\nclass node_venv_lib_python3_12_site-packages_PyQt6_bindings_QtQml_qqmlcomponent_sip fileNode\nclass node_venv_lib_python3_12_site-packages_PyQt6_bindings_QtQml_qqmlcontext_sip fileNode\nclass node_venv_lib_python3_12_site-packages_PyQt6_bindings_QtQml_qqmlengine_sip fileNode\nclass node_venv_lib_python3_12_site-packages_PyQt6_bindings_QtQml_qqmlerror_sip fileNode\nclass node_venv_lib_python3_12_site-packages_PyQt6_bindings_QtQml_qqmlexpression_sip fileNode\nclass node_venv_lib_python3_12_site-packages_PyQt6_bindings_QtQml_qqmlextensionplugin_sip fileNode\nclass node_venv_lib_python3_12_site-packages_PyQt6_bindings_QtQml_qqmlfileselector_sip fileNode\nclass node_venv_lib_python3_12_site-packages_PyQt6_bindings_QtQml_qqmlincubator_sip fileNode\nclass node_venv_lib_python3_12_site-packages_PyQt6_bindings_QtQml_qqmllist_sip fileNode\nclass node_venv_lib_python3_12_site-packages_PyQt6_bindings_QtQml_qqmlnetworkaccessmanagerfactory_sip fileNode\nclass node_venv_lib_python3_12_site-packages_PyQt6_bindings_QtQml_qqmlparserstatus_sip fileNode\nclass node_venv_lib_python3_12_site-packages_PyQt6_bindings_QtQml_qqmlproperty_sip fileNode\nclass node_venv_lib_python3_12_site-packages_PyQt6_bindings_QtQml_qqmlpropertymap_sip fileNode\nclass node_venv_lib_python3_12_site-packages_PyQt6_bindings_QtQml_qqmlpropertyvaluesource_sip fileNode\nclass node_venv_lib_python3_12_site-packages_PyQt6_bindings_QtQml_qqmlscriptstring_sip fileNode\nclass node_venv_lib_python3_12_site-packages_PyQt6_bindings_QtBluetooth_QtBluetooth_toml configFile\nclass node_venv_lib_python3_12_site-packages_PyQt6_bindings_QtBluetooth_QtBluetoothmod_sip fileNode\nclass node_venv_lib_python3_12_site-packages_PyQt6_bindings_QtBluetooth_qbluetooth_sip fileNode\nclass node_venv_lib_python3_12_site-packages_PyQt6_bindings_QtBluetooth_qbluetoothaddress_sip fileNode\nclass node_venv_lib_python3_12_site-packages_PyQt6_bindings_QtBluetooth_qbluetoothdevicediscoveryagent_sip fileNode\nclass node_venv_lib_python3_12_site-packages_PyQt6_bindings_QtBluetooth_qbluetoothdeviceinfo_sip fileNode\nclass node_venv_lib_python3_12_site-packages_PyQt6_bindings_QtBluetooth_qbluetoothhostinfo_sip fileNode\nclass node_venv_lib_python3_12_site-packages_PyQt6_bindings_QtBluetooth_qbluetoothlocaldevice_sip fileNode\nclass node_venv_lib_python3_12_site-packages_PyQt6_bindings_QtBluetooth_qbluetoothserver_sip fileNode\nclass node_venv_lib_python3_12_site-packages_PyQt6_bindings_QtBluetooth_qbluetoothservicediscoveryagent_sip fileNode\nclass node_venv_lib_python3_12_site-packages_PyQt6_bindings_QtBluetooth_qbluetoothserviceinfo_sip fileNode\nclass node_venv_lib_python3_12_site-packages_PyQt6_bindings_QtBluetooth_qbluetoothsocket_sip fileNode\nclass node_venv_lib_python3_12_site-packages_PyQt6_bindings_QtBluetooth_qbluetoothuuid_sip fileNode\nclass node_venv_lib_python3_12_site-packages_PyQt6_bindings_QtBluetooth_qlowenergyadvertisingdata_sip fileNode\nclass node_venv_lib_python3_12_site-packages_PyQt6_bindings_QtBluetooth_qlowenergyadvertisingparameters_sip fileNode\nclass node_venv_lib_python3_12_site-packages_PyQt6_bindings_QtBluetooth_qlowenergycharacteristic_sip fileNode\nclass node_venv_lib_python3_12_site-packages_PyQt6_bindings_QtBluetooth_qlowenergycharacteristicdata_sip fileNode\nclass node_venv_lib_python3_12_site-packages_PyQt6_bindings_QtBluetooth_qlowenergyconnectionparameters_sip fileNode\nclass node_venv_lib_python3_12_site-packages_PyQt6_bindings_QtBluetooth_qlowenergycontroller_sip fileNode\nclass node_venv_lib_python3_12_site-packages_PyQt6_bindings_QtBluetooth_qlowenergydescriptor_sip fileNode\nclass node_venv_lib_python3_12_site-packages_PyQt6_bindings_QtBluetooth_qlowenergydescriptordata_sip fileNode\nclass node_venv_lib_python3_12_site-packages_PyQt6_bindings_QtBluetooth_qlowenergyservice_sip fileNode\nclass node_venv_lib_python3_12_site-packages_PyQt6_bindings_QtBluetooth_qlowenergyservicedata_sip fileNode\nclass node_venv_lib_python3_12_site-packages_PyQt6_bindings_QtBluetooth_qpybluetooth_qlist_sip fileNode\nclass node_venv_lib_python3_12_site-packages_PyQt6_bindings_QtBluetooth_qpybluetooth_qmultihash_sip fileNode\nclass node_venv_lib_python3_12_site-packages_PyQt6_bindings_QtBluetooth_qpybluetooth_quint128_sip fileNode\nclass node_venv_lib_python3_12_site-packages_PyQt6_bindings_QtNetwork_QtNetwork_toml configFile\nclass node_venv_lib_python3_12_site-packages_PyQt6_bindings_QtNetwork_QtNetworkmod_sip fileNode\nclass node_venv_lib_python3_12_site-packages_PyQt6_bindings_QtNetwork_qabstractnetworkcache_sip fileNode\nclass node_venv_lib_python3_12_site-packages_PyQt6_bindings_QtNetwork_qabstractsocket_sip fileNode\nclass node_venv_lib_python3_12_site-packages_PyQt6_bindings_QtNetwork_qauthenticator_sip fileNode\nclass node_venv_lib_python3_12_site-packages_PyQt6_bindings_QtNetwork_qdnslookup_sip fileNode\nclass node_venv_lib_python3_12_site-packages_PyQt6_bindings_QtNetwork_qformdatabuilder_sip fileNode\nclass node_venv_lib_python3_12_site-packages_PyQt6_bindings_QtNetwork_qhostaddress_sip fileNode\nclass node_venv_lib_python3_12_site-packages_PyQt6_bindings_QtNetwork_qhostinfo_sip fileNode\nclass node_venv_lib_python3_12_site-packages_PyQt6_bindings_QtNetwork_qhstspolicy_sip fileNode\nclass node_venv_lib_python3_12_site-packages_PyQt6_bindings_QtNetwork_qhttp1configuration_sip fileNode\nclass node_venv_lib_python3_12_site-packages_PyQt6_bindings_QtNetwork_qhttp2configuration_sip fileNode\nclass node_venv_lib_python3_12_site-packages_PyQt6_bindings_QtNetwork_qhttpheaders_sip fileNode\nclass node_venv_lib_python3_12_site-packages_PyQt6_bindings_QtNetwork_qhttpmultipart_sip fileNode\nclass node_venv_lib_python3_12_site-packages_PyQt6_bindings_QtNetwork_qlocalserver_sip fileNode\nclass node_venv_lib_python3_12_site-packages_PyQt6_bindings_QtNetwork_qlocalsocket_sip fileNode\nclass node_venv_lib_python3_12_site-packages_PyQt6_bindings_QtNetwork_qnetworkaccessmanager_sip fileNode\nclass node_venv_lib_python3_12_site-packages_PyQt6_bindings_QtNetwork_qnetworkcookie_sip fileNode\nclass node_venv_lib_python3_12_site-packages_PyQt6_bindings_QtNetwork_qnetworkcookiejar_sip fileNode\nclass node_venv_lib_python3_12_site-packages_PyQt6_bindings_QtNetwork_qnetworkdatagram_sip fileNode\nclass node_venv_lib_python3_12_site-packages_PyQt6_bindings_QtNetwork_qnetworkdiskcache_sip fileNode\nclass node_venv_lib_python3_12_site-packages_PyQt6_bindings_QtNetwork_qnetworkinformation_sip fileNode\nclass node_venv_lib_python3_12_site-packages_PyQt6_bindings_QtNetwork_qnetworkinterface_sip fileNode\nclass node_venv_lib_python3_12_site-packages_PyQt6_bindings_QtNetwork_qnetworkproxy_sip fileNode\nclass node_venv_lib_python3_12_site-packages_PyQt6_bindings_QtNetwork_qnetworkreply_sip fileNode\nclass node_venv_lib_python3_12_site-packages_PyQt6_bindings_QtNetwork_qnetworkrequest_sip fileNode\nclass node_venv_lib_python3_12_site-packages_PyQt6_bindings_QtNetwork_qnetworkrequestfactory_sip fileNode\nclass node_venv_lib_python3_12_site-packages_PyQt6_bindings_QtNetwork_qocspresponse_sip fileNode\nclass node_venv_lib_python3_12_site-packages_PyQt6_bindings_QtNetwork_qpassworddigestor_sip fileNode\nclass node_venv_lib_python3_12_site-packages_PyQt6_bindings_QtNetwork_qpynetwork_qhash_sip fileNode\nclass node_venv_lib_python3_12_site-packages_PyQt6_bindings_QtNetwork_qpynetwork_qlist_sip fileNode\nclass node_venv_lib_python3_12_site-packages_PyQt6_bindings_QtNetwork_qpynetwork_qmap_sip fileNode\nclass node_venv_lib_python3_12_site-packages_PyQt6_bindings_QtNetwork_qrestaccessmanager_sip fileNode\nclass node_venv_lib_python3_12_site-packages_PyQt6_bindings_QtNetwork_qrestreply_sip fileNode\nclass node_venv_lib_python3_12_site-packages_PyQt6_bindings_QtNetwork_qssl_sip fileNode\nclass node_venv_lib_python3_12_site-packages_PyQt6_bindings_QtNetwork_qsslcertificate_sip fileNode\nclass node_venv_lib_python3_12_site-packages_PyQt6_bindings_QtNetwork_qsslcertificateextension_sip fileNode\nclass node_venv_lib_python3_12_site-packages_PyQt6_bindings_QtNetwork_qsslcipher_sip fileNode\nclass node_venv_lib_python3_12_site-packages_PyQt6_bindings_QtNetwork_qsslconfiguration_sip fileNode\nclass node_venv_lib_python3_12_site-packages_PyQt6_bindings_QtNetwork_qssldiffiehellmanparameters_sip fileNode\nclass node_venv_lib_python3_12_site-packages_PyQt6_bindings_QtNetwork_qsslellipticcurve_sip fileNode\nclass node_venv_lib_python3_12_site-packages_PyQt6_bindings_QtNetwork_qsslerror_sip fileNode\nclass node_venv_lib_python3_12_site-packages_PyQt6_bindings_QtNetwork_qsslkey_sip fileNode\nclass node_venv_lib_python3_12_site-packages_PyQt6_bindings_QtNetwork_qsslpresharedkeyauthenticator_sip fileNode\nclass node_venv_lib_python3_12_site-packages_PyQt6_bindings_QtNetwork_qsslserver_sip fileNode\nclass node_venv_lib_python3_12_site-packages_PyQt6_bindings_QtNetwork_qsslsocket_sip fileNode\nclass node_venv_lib_python3_12_site-packages_PyQt6_bindings_QtNetwork_qtcpserver_sip fileNode\nclass node_venv_lib_python3_12_site-packages_PyQt6_bindings_QtNetwork_qtcpsocket_sip fileNode\nclass node_venv_lib_python3_12_site-packages_PyQt6_bindings_QtNetwork_qudpsocket_sip fileNode\nclass node_venv_lib_python3_12_site-packages_PyQt6_bindings_QtStateMachine_QtStateMachine_toml configFile\nclass node_venv_lib_python3_12_site-packages_PyQt6_bindings_QtStateMachine_QtStateMachinemod_sip fileNode\nclass node_venv_lib_python3_12_site-packages_PyQt6_bindings_QtStateMachine_qabstractstate_sip fileNode\nclass node_venv_lib_python3_12_site-packages_PyQt6_bindings_QtStateMachine_qabstracttransition_sip fileNode\nclass node_venv_lib_python3_12_site-packages_PyQt6_bindings_QtStateMachine_qeventtransition_sip fileNode\nclass node_venv_lib_python3_12_site-packages_PyQt6_bindings_QtStateMachine_qfinalstate_sip fileNode\nclass node_venv_lib_python3_12_site-packages_PyQt6_bindings_QtStateMachine_qhistorystate_sip fileNode\nclass node_venv_lib_python3_12_site-packages_PyQt6_bindings_QtStateMachine_qkeyeventtransition_sip fileNode\nclass node_venv_lib_python3_12_site-packages_PyQt6_bindings_QtStateMachine_qmouseeventtransition_sip fileNode\nclass node_venv_lib_python3_12_site-packages_PyQt6_bindings_QtStateMachine_qsignaltransition_sip fileNode\nclass node_venv_lib_python3_12_site-packages_PyQt6_bindings_QtStateMachine_qstate_sip fileNode\nclass node_venv_lib_python3_12_site-packages_PyQt6_bindings_QtStateMachine_qstatemachine_sip fileNode\nclass node_venv_lib_python3_12_site-packages_PyQt6_bindings_QtDesigner_QtDesigner_toml configFile\nclass node_venv_lib_python3_12_site-packages_PyQt6_bindings_QtDesigner_QtDesignermod_sip fileNode\nclass node_venv_lib_python3_12_site-packages_PyQt6_bindings_QtDesigner_abstractactioneditor_sip fileNode\nclass node_venv_lib_python3_12_site-packages_PyQt6_bindings_QtDesigner_abstractformbuilder_sip fileNode\nclass node_venv_lib_python3_12_site-packages_PyQt6_bindings_QtDesigner_abstractformeditor_sip fileNode\nclass node_venv_lib_python3_12_site-packages_PyQt6_bindings_QtDesigner_abstractformwindow_sip fileNode\nclass node_venv_lib_python3_12_site-packages_PyQt6_bindings_QtDesigner_abstractformwindowcursor_sip fileNode\nclass node_venv_lib_python3_12_site-packages_PyQt6_bindings_QtDesigner_abstractformwindowmanager_sip fileNode\nclass node_venv_lib_python3_12_site-packages_PyQt6_bindings_QtDesigner_abstractobjectinspector_sip fileNode\nclass node_venv_lib_python3_12_site-packages_PyQt6_bindings_QtDesigner_abstractpropertyeditor_sip fileNode\nclass node_venv_lib_python3_12_site-packages_PyQt6_bindings_QtDesigner_abstractwidgetbox_sip fileNode\nclass node_venv_lib_python3_12_site-packages_PyQt6_bindings_QtDesigner_container_sip fileNode\nclass node_venv_lib_python3_12_site-packages_PyQt6_bindings_QtDesigner_customwidget_sip fileNode\nclass node_venv_lib_python3_12_site-packages_PyQt6_bindings_QtDesigner_default_extensionfactory_sip fileNode\nclass node_venv_lib_python3_12_site-packages_PyQt6_bindings_QtDesigner_extension_sip fileNode\nclass node_venv_lib_python3_12_site-packages_PyQt6_bindings_QtDesigner_formbuilder_sip fileNode\nclass node_venv_lib_python3_12_site-packages_PyQt6_bindings_QtDesigner_membersheet_sip fileNode\nclass node_venv_lib_python3_12_site-packages_PyQt6_bindings_QtDesigner_propertysheet_sip fileNode\nclass node_venv_lib_python3_12_site-packages_PyQt6_bindings_QtDesigner_qextensionmanager_sip fileNode\nclass node_venv_lib_python3_12_site-packages_PyQt6_bindings_QtDesigner_qpydesignercontainerextension_sip fileNode\nclass node_venv_lib_python3_12_site-packages_PyQt6_bindings_QtDesigner_qpydesignercustomwidgetcollectionplugin_sip fileNode\nclass node_venv_lib_python3_12_site-packages_PyQt6_bindings_QtDesigner_qpydesignercustomwidgetplugin_sip fileNode\nclass node_venv_lib_python3_12_site-packages_PyQt6_bindings_QtDesigner_qpydesignermembersheetextension_sip fileNode\nclass node_venv_lib_python3_12_site-packages_PyQt6_bindings_QtDesigner_qpydesignerpropertysheetextension_sip fileNode\nclass node_venv_lib_python3_12_site-packages_PyQt6_bindings_QtDesigner_qpydesignertaskmenuextension_sip fileNode\nclass node_venv_lib_python3_12_site-packages_PyQt6_bindings_QtDesigner_taskmenu_sip fileNode\nclass node_venv_lib_python3_12_site-packages_PyQt6_bindings_QtQuick3D_QtQuick3D_toml configFile\nclass node_venv_lib_python3_12_site-packages_PyQt6_bindings_QtQuick3D_QtQuick3Dmod_sip fileNode\nclass node_venv_lib_python3_12_site-packages_PyQt6_bindings_QtQuick3D_qquick3d_sip fileNode\nclass node_venv_lib_python3_12_site-packages_PyQt6_bindings_QtQuick3D_qquick3dgeometry_sip fileNode\nclass node_venv_lib_python3_12_site-packages_PyQt6_bindings_QtQuick3D_qquick3dobject_sip fileNode\nclass node_venv_lib_python3_12_site-packages_PyQt6_bindings_QtQuick3D_qquick3dtexturedata_sip fileNode\nclass node_venv_lib_python3_12_site-packages_PyQt6_bindings_QtHelp_QtHelp_toml configFile\nclass node_venv_lib_python3_12_site-packages_PyQt6_bindings_QtHelp_QtHelpmod_sip fileNode\nclass node_venv_lib_python3_12_site-packages_PyQt6_bindings_QtHelp_qcompressedhelpinfo_sip fileNode\nclass node_venv_lib_python3_12_site-packages_PyQt6_bindings_QtHelp_qhelpcontentitem_sip fileNode\nclass node_venv_lib_python3_12_site-packages_PyQt6_bindings_QtHelp_qhelpcontentwidget_sip fileNode\nclass node_venv_lib_python3_12_site-packages_PyQt6_bindings_QtHelp_qhelpengine_sip fileNode\nclass node_venv_lib_python3_12_site-packages_PyQt6_bindings_QtHelp_qhelpenginecore_sip fileNode\nclass node_venv_lib_python3_12_site-packages_PyQt6_bindings_QtHelp_qhelpfilterdata_sip fileNode\nclass node_venv_lib_python3_12_site-packages_PyQt6_bindings_QtHelp_qhelpfilterengine_sip fileNode\nclass node_venv_lib_python3_12_site-packages_PyQt6_bindings_QtHelp_qhelpfiltersettingswidget_sip fileNode\nclass node_venv_lib_python3_12_site-packages_PyQt6_bindings_QtHelp_qhelpindexwidget_sip fileNode\nclass node_venv_lib_python3_12_site-packages_PyQt6_bindings_QtHelp_qhelplink_sip fileNode\nclass node_venv_lib_python3_12_site-packages_PyQt6_bindings_QtHelp_qhelpsearchengine_sip fileNode\nclass node_venv_lib_python3_12_site-packages_PyQt6_bindings_QtHelp_qhelpsearchenginecore_sip fileNode\nclass node_venv_lib_python3_12_site-packages_PyQt6_bindings_QtHelp_qhelpsearchquerywidget_sip fileNode\nclass node_venv_lib_python3_12_site-packages_PyQt6_bindings_QtHelp_qhelpsearchresult_sip fileNode\nclass node_venv_lib_python3_12_site-packages_PyQt6_bindings_QtHelp_qhelpsearchresultwidget_sip fileNode\nclass node_venv_lib_python3_12_site-packages_PyQt6_bindings_QtSvg_QtSvg_toml configFile\nclass node_venv_lib_python3_12_site-packages_PyQt6_bindings_QtSvg_QtSvgmod_sip fileNode\nclass node_venv_lib_python3_12_site-packages_PyQt6_bindings_QtSvg_qsvggenerator_sip fileNode\nclass node_venv_lib_python3_12_site-packages_PyQt6_bindings_QtSvg_qsvgrenderer_sip fileNode\nclass node_venv_lib_python3_12_site-packages_PyQt6_bindings_QtSvg_qtsvgglobal_sip fileNode\nclass node_venv_lib_python3_12_site-packages_PyQt6_bindings_QtXml_QtXml_toml configFile\nclass node_venv_lib_python3_12_site-packages_PyQt6_bindings_QtXml_QtXmlmod_sip fileNode\nclass node_venv_lib_python3_12_site-packages_PyQt6_bindings_QtXml_qdom_sip fileNode\nclass node_venv_lib_python3_12_site-packages_PyQt6_bindings_QtSvgWidgets_QtSvgWidgets_toml configFile\nclass node_venv_lib_python3_12_site-packages_PyQt6_bindings_QtSvgWidgets_QtSvgWidgetsmod_sip fileNode\nclass node_venv_lib_python3_12_site-packages_PyQt6_bindings_QtSvgWidgets_qgraphicssvgitem_sip fileNode\nclass node_venv_lib_python3_12_site-packages_PyQt6_bindings_QtSvgWidgets_qsvgwidget_sip fileNode\nclass node_venv_lib_python3_12_site-packages_PyQt6_bindings_QtRemoteObjects_QtRemoteObjects_toml configFile\nclass node_venv_lib_python3_12_site-packages_PyQt6_bindings_QtRemoteObjects_QtRemoteObjectsmod_sip fileNode\nclass node_venv_lib_python3_12_site-packages_PyQt6_bindings_QtRemoteObjects_qremoteobjectabstractitemmodelreplica_sip fileNode\nclass node_venv_lib_python3_12_site-packages_PyQt6_bindings_QtRemoteObjects_qremoteobjectdynamicreplica_sip fileNode\nclass node_venv_lib_python3_12_site-packages_PyQt6_bindings_QtRemoteObjects_qremoteobjectnode_sip fileNode\nclass node_venv_lib_python3_12_site-packages_PyQt6_bindings_QtRemoteObjects_qremoteobjectregistry_sip fileNode\nclass node_venv_lib_python3_12_site-packages_PyQt6_bindings_QtRemoteObjects_qremoteobjectreplica_sip fileNode\nclass node_venv_lib_python3_12_site-packages_PyQt6_bindings_QtRemoteObjects_qtremoteobjectglobal_sip fileNode\nclass node_venv_lib_python3_12_site-packages_PyQt6_bindings_QtSensors_QtSensors_toml configFile\nclass node_venv_lib_python3_12_site-packages_PyQt6_bindings_QtSensors_QtSensorsmod_sip fileNode\nclass node_venv_lib_python3_12_site-packages_PyQt6_bindings_QtSensors_qaccelerometer_sip fileNode\nclass node_venv_lib_python3_12_site-packages_PyQt6_bindings_QtSensors_qambientlightsensor_sip fileNode\nclass node_venv_lib_python3_12_site-packages_PyQt6_bindings_QtSensors_qambienttemperaturesensor_sip fileNode\nclass node_venv_lib_python3_12_site-packages_PyQt6_bindings_QtSensors_qcompass_sip fileNode\nclass node_venv_lib_python3_12_site-packages_PyQt6_bindings_QtSensors_qgyroscope_sip fileNode\nclass node_venv_lib_python3_12_site-packages_PyQt6_bindings_QtSensors_qhumiditysensor_sip fileNode\nclass node_venv_lib_python3_12_site-packages_PyQt6_bindings_QtSensors_qirproximitysensor_sip fileNode\nclass node_venv_lib_python3_12_site-packages_PyQt6_bindings_QtSensors_qlidsensor_sip fileNode\nclass node_venv_lib_python3_12_site-packages_PyQt6_bindings_QtSensors_qlightsensor_sip fileNode\nclass node_venv_lib_python3_12_site-packages_PyQt6_bindings_QtSensors_qmagnetometer_sip fileNode\nclass node_venv_lib_python3_12_site-packages_PyQt6_bindings_QtSensors_qorientationsensor_sip fileNode\nclass node_venv_lib_python3_12_site-packages_PyQt6_bindings_QtSensors_qpressuresensor_sip fileNode\nclass node_venv_lib_python3_12_site-packages_PyQt6_bindings_QtSensors_qproximitysensor_sip fileNode\nclass node_venv_lib_python3_12_site-packages_PyQt6_bindings_QtSensors_qrotationsensor_sip fileNode\nclass node_venv_lib_python3_12_site-packages_PyQt6_bindings_QtSensors_qsensor_sip fileNode\nclass node_venv_lib_python3_12_site-packages_PyQt6_bindings_QtSensors_qtapsensor_sip fileNode\nclass node_venv_lib_python3_12_site-packages_PyQt6_bindings_QtSensors_qtiltsensor_sip fileNode\nclass node_venv_lib_python3_12_site-packages_PyQt6_bindings_QtPdf_QtPdf_toml configFile\nclass node_venv_lib_python3_12_site-packages_PyQt6_bindings_QtPdf_QtPdfmod_sip fileNode\nclass node_venv_lib_python3_12_site-packages_PyQt6_bindings_QtPdf_qpdfbookmarkmodel_sip fileNode\nclass node_venv_lib_python3_12_site-packages_PyQt6_bindings_QtPdf_qpdfdocument_sip fileNode\nclass node_venv_lib_python3_12_site-packages_PyQt6_bindings_QtPdf_qpdfdocumentrenderoptions_sip fileNode\nclass node_venv_lib_python3_12_site-packages_PyQt6_bindings_QtPdf_qpdflink_sip fileNode\nclass node_venv_lib_python3_12_site-packages_PyQt6_bindings_QtPdf_qpdflinkmodel_sip fileNode\nclass node_venv_lib_python3_12_site-packages_PyQt6_bindings_QtPdf_qpdfpagenavigator_sip fileNode\nclass node_venv_lib_python3_12_site-packages_PyQt6_bindings_QtPdf_qpdfpagerenderer_sip fileNode\nclass node_venv_lib_python3_12_site-packages_PyQt6_bindings_QtPdf_qpdfsearchmodel_sip fileNode\nclass node_venv_lib_python3_12_site-packages_PyQt6_bindings_QtPdf_qpdfselection_sip fileNode\nclass node_venv_lib_python3_12_site-packages_PyQt6_bindings_QtOpenGLWidgets_QtOpenGLWidgets_toml configFile\nclass node_venv_lib_python3_12_site-packages_PyQt6_bindings_QtOpenGLWidgets_QtOpenGLWidgetsmod_sip fileNode\nclass node_venv_lib_python3_12_site-packages_PyQt6_bindings_QtOpenGLWidgets_qopenglwidget_sip fileNode\nclass node_venv_lib_python3_12_site-packages_PyQt6_bindings_QtGui_QtGui_toml configFile\nclass node_venv_lib_python3_12_site-packages_PyQt6_bindings_QtGui_QtGuimod_sip fileNode\nclass node_venv_lib_python3_12_site-packages_PyQt6_bindings_QtGui_opengl_types_sip fileNode\nclass node_venv_lib_python3_12_site-packages_PyQt6_bindings_QtGui_qabstractfileiconprovider_sip fileNode\nclass node_venv_lib_python3_12_site-packages_PyQt6_bindings_QtGui_qabstracttextdocumentlayout_sip fileNode\nclass node_venv_lib_python3_12_site-packages_PyQt6_bindings_QtGui_qaccessibilityhints_sip fileNode\nclass node_venv_lib_python3_12_site-packages_PyQt6_bindings_QtGui_qaction_sip fileNode\nclass node_venv_lib_python3_12_site-packages_PyQt6_bindings_QtGui_qactiongroup_sip fileNode\nclass node_venv_lib_python3_12_site-packages_PyQt6_bindings_QtGui_qbackingstore_sip fileNode\nclass node_venv_lib_python3_12_site-packages_PyQt6_bindings_QtGui_qbitmap_sip fileNode\nclass node_venv_lib_python3_12_site-packages_PyQt6_bindings_QtGui_qbrush_sip fileNode\nclass node_venv_lib_python3_12_site-packages_PyQt6_bindings_QtGui_qclipboard_sip fileNode\nclass node_venv_lib_python3_12_site-packages_PyQt6_bindings_QtGui_qcolor_sip fileNode\nclass node_venv_lib_python3_12_site-packages_PyQt6_bindings_QtGui_qcolorspace_sip fileNode\nclass node_venv_lib_python3_12_site-packages_PyQt6_bindings_QtGui_qcolortransform_sip fileNode\nclass node_venv_lib_python3_12_site-packages_PyQt6_bindings_QtGui_qcursor_sip fileNode\nclass node_venv_lib_python3_12_site-packages_PyQt6_bindings_QtGui_qdesktopservices_sip fileNode\nclass node_venv_lib_python3_12_site-packages_PyQt6_bindings_QtGui_qdrag_sip fileNode\nclass node_venv_lib_python3_12_site-packages_PyQt6_bindings_QtGui_qevent_sip fileNode\nclass node_venv_lib_python3_12_site-packages_PyQt6_bindings_QtGui_qeventpoint_sip fileNode\nclass node_venv_lib_python3_12_site-packages_PyQt6_bindings_QtGui_qfilesystemmodel_sip fileNode\nclass node_venv_lib_python3_12_site-packages_PyQt6_bindings_QtGui_qfont_sip fileNode\nclass node_venv_lib_python3_12_site-packages_PyQt6_bindings_QtGui_qfontdatabase_sip fileNode\nclass node_venv_lib_python3_12_site-packages_PyQt6_bindings_QtGui_qfontinfo_sip fileNode\nclass node_venv_lib_python3_12_site-packages_PyQt6_bindings_QtGui_qfontmetrics_sip fileNode\nclass node_venv_lib_python3_12_site-packages_PyQt6_bindings_QtGui_qfontvariableaxis_sip fileNode\nclass node_venv_lib_python3_12_site-packages_PyQt6_bindings_QtGui_qgenericmatrix_sip fileNode\nclass node_venv_lib_python3_12_site-packages_PyQt6_bindings_QtGui_qglyphrun_sip fileNode\nclass node_venv_lib_python3_12_site-packages_PyQt6_bindings_QtGui_qguiapplication_sip fileNode\nclass node_venv_lib_python3_12_site-packages_PyQt6_bindings_QtGui_qicon_sip fileNode\nclass node_venv_lib_python3_12_site-packages_PyQt6_bindings_QtGui_qiconengine_sip fileNode\nclass node_venv_lib_python3_12_site-packages_PyQt6_bindings_QtGui_qimage_sip fileNode\nclass node_venv_lib_python3_12_site-packages_PyQt6_bindings_QtGui_qimageiohandler_sip fileNode\nclass node_venv_lib_python3_12_site-packages_PyQt6_bindings_QtGui_qimagereader_sip fileNode\nclass node_venv_lib_python3_12_site-packages_PyQt6_bindings_QtGui_qimagewriter_sip fileNode\nclass node_venv_lib_python3_12_site-packages_PyQt6_bindings_QtGui_qinputdevice_sip fileNode\nclass node_venv_lib_python3_12_site-packages_PyQt6_bindings_QtGui_qinputmethod_sip fileNode\nclass node_venv_lib_python3_12_site-packages_PyQt6_bindings_QtGui_qkeysequence_sip fileNode\nclass node_venv_lib_python3_12_site-packages_PyQt6_bindings_QtGui_qmatrix4x4_sip fileNode\nclass node_venv_lib_python3_12_site-packages_PyQt6_bindings_QtGui_qmovie_sip fileNode\nclass node_venv_lib_python3_12_site-packages_PyQt6_bindings_QtGui_qoffscreensurface_sip fileNode\nclass node_venv_lib_python3_12_site-packages_PyQt6_bindings_QtGui_qopenglcontext_sip fileNode\nclass node_venv_lib_python3_12_site-packages_PyQt6_bindings_QtGui_qpagedpaintdevice_sip fileNode\nclass node_venv_lib_python3_12_site-packages_PyQt6_bindings_QtGui_qpagelayout_sip fileNode\nclass node_venv_lib_python3_12_site-packages_PyQt6_bindings_QtGui_qpageranges_sip fileNode\nclass node_venv_lib_python3_12_site-packages_PyQt6_bindings_QtGui_qpagesize_sip fileNode\nclass node_venv_lib_python3_12_site-packages_PyQt6_bindings_QtGui_qpaintdevice_sip fileNode\nclass node_venv_lib_python3_12_site-packages_PyQt6_bindings_QtGui_qpaintdevicewindow_sip fileNode\nclass node_venv_lib_python3_12_site-packages_PyQt6_bindings_QtGui_qpaintengine_sip fileNode\nclass node_venv_lib_python3_12_site-packages_PyQt6_bindings_QtGui_qpainter_sip fileNode\nclass node_venv_lib_python3_12_site-packages_PyQt6_bindings_QtGui_qpainterpath_sip fileNode\nclass node_venv_lib_python3_12_site-packages_PyQt6_bindings_QtGui_qpainterstateguard_sip fileNode\nclass node_venv_lib_python3_12_site-packages_PyQt6_bindings_QtGui_qpalette_sip fileNode\nclass node_venv_lib_python3_12_site-packages_PyQt6_bindings_QtGui_qpdfoutputintent_sip fileNode\nclass node_venv_lib_python3_12_site-packages_PyQt6_bindings_QtGui_qpdfwriter_sip fileNode\nclass node_venv_lib_python3_12_site-packages_PyQt6_bindings_QtGui_qpen_sip fileNode\nclass node_venv_lib_python3_12_site-packages_PyQt6_bindings_QtGui_qpicture_sip fileNode\nclass node_venv_lib_python3_12_site-packages_PyQt6_bindings_QtGui_qpixelformat_sip fileNode\nclass node_venv_lib_python3_12_site-packages_PyQt6_bindings_QtGui_qpixmap_sip fileNode\nclass node_venv_lib_python3_12_site-packages_PyQt6_bindings_QtGui_qpixmapcache_sip fileNode\nclass node_venv_lib_python3_12_site-packages_PyQt6_bindings_QtGui_qpointingdevice_sip fileNode\nclass node_venv_lib_python3_12_site-packages_PyQt6_bindings_QtGui_qpolygon_sip fileNode\nclass node_venv_lib_python3_12_site-packages_PyQt6_bindings_QtGui_qpygui_native_interface_sip fileNode\nclass node_venv_lib_python3_12_site-packages_PyQt6_bindings_QtGui_qpygui_qlist_sip fileNode\nclass node_venv_lib_python3_12_site-packages_PyQt6_bindings_QtGui_qpygui_vulkan_sip fileNode\nclass node_venv_lib_python3_12_site-packages_PyQt6_bindings_QtGui_qquaternion_sip fileNode\nclass node_venv_lib_python3_12_site-packages_PyQt6_bindings_QtGui_qrasterwindow_sip fileNode\nclass node_venv_lib_python3_12_site-packages_PyQt6_bindings_QtGui_qrawfont_sip fileNode\nclass node_venv_lib_python3_12_site-packages_PyQt6_bindings_QtGui_qregion_sip fileNode\nclass node_venv_lib_python3_12_site-packages_PyQt6_bindings_QtGui_qrgb_sip fileNode\nclass node_venv_lib_python3_12_site-packages_PyQt6_bindings_QtGui_qrgba64_sip fileNode\nclass node_venv_lib_python3_12_site-packages_PyQt6_bindings_QtGui_qscreen_sip fileNode\nclass node_venv_lib_python3_12_site-packages_PyQt6_bindings_QtGui_qsessionmanager_sip fileNode\nclass node_venv_lib_python3_12_site-packages_PyQt6_bindings_QtGui_qshortcut_sip fileNode\nclass node_venv_lib_python3_12_site-packages_PyQt6_bindings_QtGui_qstandarditemmodel_sip fileNode\nclass node_venv_lib_python3_12_site-packages_PyQt6_bindings_QtGui_qstatictext_sip fileNode\nclass node_venv_lib_python3_12_site-packages_PyQt6_bindings_QtGui_qstylehints_sip fileNode\nclass node_venv_lib_python3_12_site-packages_PyQt6_bindings_QtGui_qsurface_sip fileNode\nclass node_venv_lib_python3_12_site-packages_PyQt6_bindings_QtGui_qsurfaceformat_sip fileNode\nclass node_venv_lib_python3_12_site-packages_PyQt6_bindings_QtGui_qsyntaxhighlighter_sip fileNode\nclass node_venv_lib_python3_12_site-packages_PyQt6_bindings_QtGui_qtextcursor_sip fileNode\nclass node_venv_lib_python3_12_site-packages_PyQt6_bindings_QtGui_qtextdocument_sip fileNode\nclass node_venv_lib_python3_12_site-packages_PyQt6_bindings_QtGui_qtextdocumentfragment_sip fileNode\nclass node_venv_lib_python3_12_site-packages_PyQt6_bindings_QtGui_qtextdocumentwriter_sip fileNode\nclass node_venv_lib_python3_12_site-packages_PyQt6_bindings_QtGui_qtextformat_sip fileNode\nclass node_venv_lib_python3_12_site-packages_PyQt6_bindings_QtGui_qtextlayout_sip fileNode\nclass node_venv_lib_python3_12_site-packages_PyQt6_bindings_QtGui_qtextlist_sip fileNode\nclass node_venv_lib_python3_12_site-packages_PyQt6_bindings_QtGui_qtextobject_sip fileNode\nclass node_venv_lib_python3_12_site-packages_PyQt6_bindings_QtGui_qtextoption_sip fileNode\nclass node_venv_lib_python3_12_site-packages_PyQt6_bindings_QtGui_qtexttable_sip fileNode\nclass node_venv_lib_python3_12_site-packages_PyQt6_bindings_QtGui_qtransform_sip fileNode\nclass node_venv_lib_python3_12_site-packages_PyQt6_bindings_QtGui_qundogroup_sip fileNode\nclass node_venv_lib_python3_12_site-packages_PyQt6_bindings_QtGui_qundostack_sip fileNode\nclass node_venv_lib_python3_12_site-packages_PyQt6_bindings_QtGui_qutimimeconverter_sip fileNode\nclass node_venv_lib_python3_12_site-packages_PyQt6_bindings_QtGui_qvalidator_sip fileNode\nclass node_venv_lib_python3_12_site-packages_PyQt6_bindings_QtGui_qvectornd_sip fileNode\nclass node_venv_lib_python3_12_site-packages_PyQt6_bindings_QtGui_qwindow_sip fileNode\nclass node_venv_lib_python3_12_site-packages_PyQt6_bindings_QtGui_qwindowdefs_sip fileNode\nclass node_venv_lib_python3_12_site-packages_PyQt6_bindings_QtNfc_QtNfc_toml configFile\nclass node_venv_lib_python3_12_site-packages_PyQt6_bindings_QtNfc_QtNfcmod_sip fileNode\nclass node_venv_lib_python3_12_site-packages_PyQt6_bindings_QtNfc_qndeffilter_sip fileNode\nclass node_venv_lib_python3_12_site-packages_PyQt6_bindings_QtNfc_qndefmessage_sip fileNode\nclass node_venv_lib_python3_12_site-packages_PyQt6_bindings_QtNfc_qndefnfcsmartposterrecord_sip fileNode\nclass node_venv_lib_python3_12_site-packages_PyQt6_bindings_QtNfc_qndefnfctextrecord_sip fileNode\nclass node_venv_lib_python3_12_site-packages_PyQt6_bindings_QtNfc_qndefnfcurirecord_sip fileNode\nclass node_venv_lib_python3_12_site-packages_PyQt6_bindings_QtNfc_qndefrecord_sip fileNode\nclass node_venv_lib_python3_12_site-packages_PyQt6_bindings_QtNfc_qnearfieldmanager_sip fileNode\nclass node_venv_lib_python3_12_site-packages_PyQt6_bindings_QtNfc_qnearfieldtarget_sip fileNode\nclass node_venv_lib_python3_12_site-packages_PyQt6_bindings_QtSerialPort_QtSerialPort_toml configFile\nclass node_venv_lib_python3_12_site-packages_PyQt6_bindings_QtSerialPort_QtSerialPortmod_sip fileNode\nclass node_venv_lib_python3_12_site-packages_PyQt6_bindings_QtSerialPort_qserialport_sip fileNode\nclass node_venv_lib_python3_12_site-packages_PyQt6_bindings_QtSerialPort_qserialportinfo_sip fileNode\nclass node_venv_lib_python3_12_site-packages_PyQt6_bindings_QtQuick_QtQuick_toml configFile\nclass node_venv_lib_python3_12_site-packages_PyQt6_bindings_QtQuick_QtQuickmod_sip fileNode\nclass node_venv_lib_python3_12_site-packages_PyQt6_bindings_QtQuick_qquickframebufferobject_sip fileNode\nclass node_venv_lib_python3_12_site-packages_PyQt6_bindings_QtQuick_qquickgraphicsconfiguration_sip fileNode\nclass node_venv_lib_python3_12_site-packages_PyQt6_bindings_QtQuick_qquickgraphicsdevice_sip fileNode\nclass node_venv_lib_python3_12_site-packages_PyQt6_bindings_QtQuick_qquickimageprovider_sip fileNode\nclass node_venv_lib_python3_12_site-packages_PyQt6_bindings_QtQuick_qquickitem_sip fileNode\nclass node_venv_lib_python3_12_site-packages_PyQt6_bindings_QtQuick_qquickitemgrabresult_sip fileNode\nclass node_venv_lib_python3_12_site-packages_PyQt6_bindings_QtQuick_qquickpainteditem_sip fileNode\nclass node_venv_lib_python3_12_site-packages_PyQt6_bindings_QtQuick_qquickrendercontrol_sip fileNode\nclass node_venv_lib_python3_12_site-packages_PyQt6_bindings_QtQuick_qquickrendertarget_sip fileNode\nclass node_venv_lib_python3_12_site-packages_PyQt6_bindings_QtQuick_qquicktextdocument_sip fileNode\nclass node_venv_lib_python3_12_site-packages_PyQt6_bindings_QtQuick_qquickview_sip fileNode\nclass node_venv_lib_python3_12_site-packages_PyQt6_bindings_QtQuick_qquickwindow_sip fileNode\nclass node_venv_lib_python3_12_site-packages_PyQt6_bindings_QtQuick_qsgflatcolormaterial_sip fileNode\nclass node_venv_lib_python3_12_site-packages_PyQt6_bindings_QtQuick_qsggeometry_sip fileNode\nclass node_venv_lib_python3_12_site-packages_PyQt6_bindings_QtQuick_qsgimagenode_sip fileNode\nclass node_venv_lib_python3_12_site-packages_PyQt6_bindings_QtQuick_qsgmaterial_sip fileNode\nclass node_venv_lib_python3_12_site-packages_PyQt6_bindings_QtQuick_qsgmaterialshader_sip fileNode\nclass node_venv_lib_python3_12_site-packages_PyQt6_bindings_QtQuick_qsgmaterialtype_sip fileNode\nclass node_venv_lib_python3_12_site-packages_PyQt6_bindings_QtQuick_qsgnode_sip fileNode\nclass node_venv_lib_python3_12_site-packages_PyQt6_bindings_QtQuick_qsgrectanglenode_sip fileNode\nclass node_venv_lib_python3_12_site-packages_PyQt6_bindings_QtQuick_qsgrendererinterface_sip fileNode\nclass node_venv_lib_python3_12_site-packages_PyQt6_bindings_QtQuick_qsgrendernode_sip fileNode\nclass node_venv_lib_python3_12_site-packages_PyQt6_bindings_QtQuick_qsgsimplerectnode_sip fileNode\nclass node_venv_lib_python3_12_site-packages_PyQt6_bindings_QtQuick_qsgsimpletexturenode_sip fileNode\nclass node_venv_lib_python3_12_site-packages_PyQt6_bindings_QtQuick_qsgtextnode_sip fileNode\nclass node_venv_lib_python3_12_site-packages_PyQt6_bindings_QtQuick_qsgtexture_sip fileNode\nclass node_venv_lib_python3_12_site-packages_PyQt6_bindings_QtQuick_qsgtexture_platform_sip fileNode\nclass node_venv_lib_python3_12_site-packages_PyQt6_bindings_QtQuick_qsgtexturematerial_sip fileNode\nclass node_venv_lib_python3_12_site-packages_PyQt6_bindings_QtQuick_qsgtextureprovider_sip fileNode\nclass node_venv_lib_python3_12_site-packages_PyQt6_bindings_QtQuick_qsgvertexcolormaterial_sip fileNode\nclass node_venv_lib_python3_12_site-packages_PyQt6_bindings_QtDBus_QtDBus_toml configFile\nclass node_venv_lib_python3_12_site-packages_PyQt6_bindings_QtDBus_QtDBusmod_sip fileNode\nclass node_venv_lib_python3_12_site-packages_PyQt6_bindings_QtDBus_qdbusabstractadaptor_sip fileNode\nclass node_venv_lib_python3_12_site-packages_PyQt6_bindings_QtDBus_qdbusabstractinterface_sip fileNode\nclass node_venv_lib_python3_12_site-packages_PyQt6_bindings_QtDBus_qdbusargument_sip fileNode\nclass node_venv_lib_python3_12_site-packages_PyQt6_bindings_QtDBus_qdbusconnection_sip fileNode\nclass node_venv_lib_python3_12_site-packages_PyQt6_bindings_QtDBus_qdbusconnectioninterface_sip fileNode\nclass node_venv_lib_python3_12_site-packages_PyQt6_bindings_QtDBus_qdbuserror_sip fileNode\nclass node_venv_lib_python3_12_site-packages_PyQt6_bindings_QtDBus_qdbusextratypes_sip fileNode\nclass node_venv_lib_python3_12_site-packages_PyQt6_bindings_QtDBus_qdbusinterface_sip fileNode\nclass node_venv_lib_python3_12_site-packages_PyQt6_bindings_QtDBus_qdbusmessage_sip fileNode\nclass node_venv_lib_python3_12_site-packages_PyQt6_bindings_QtDBus_qdbuspendingcall_sip fileNode\nclass node_venv_lib_python3_12_site-packages_PyQt6_bindings_QtDBus_qdbusservicewatcher_sip fileNode\nclass node_venv_lib_python3_12_site-packages_PyQt6_bindings_QtDBus_qdbusunixfiledescriptor_sip fileNode\nclass node_venv_lib_python3_12_site-packages_PyQt6_bindings_QtDBus_qpydbuspendingreply_sip fileNode\nclass node_venv_lib_python3_12_site-packages_PyQt6_bindings_QtDBus_qpydbusreply_sip fileNode\nclass node_venv_lib_python3_12_site-packages_PyQt6_bindings_QtQuickWidgets_QtQuickWidgets_toml configFile\nclass node_venv_lib_python3_12_site-packages_PyQt6_bindings_QtQuickWidgets_QtQuickWidgetsmod_sip fileNode\nclass node_venv_lib_python3_12_site-packages_PyQt6_bindings_QtQuickWidgets_qquickwidget_sip fileNode\nclass node_venv_lib_python3_12_site-packages_PyQt6_bindings_QtWebChannel_QtWebChannel_toml configFile\nclass node_venv_lib_python3_12_site-packages_PyQt6_bindings_QtWebChannel_QtWebChannelmod_sip fileNode\nclass node_venv_lib_python3_12_site-packages_PyQt6_bindings_QtWebChannel_qwebchannel_sip fileNode\nclass node_venv_lib_python3_12_site-packages_PyQt6_bindings_QtWebChannel_qwebchannelabstracttransport_sip fileNode\nclass node_venv_lib_python3_12_site-packages_PyQt6_bindings_QtWidgets_QtWidgets_toml configFile\nclass node_venv_lib_python3_12_site-packages_PyQt6_bindings_QtWidgets_QtWidgetsmod_sip fileNode\nclass node_venv_lib_python3_12_site-packages_PyQt6_bindings_QtWidgets_qabstractbutton_sip fileNode\nclass node_venv_lib_python3_12_site-packages_PyQt6_bindings_QtWidgets_qabstractitemdelegate_sip fileNode\nclass node_venv_lib_python3_12_site-packages_PyQt6_bindings_QtWidgets_qabstractitemview_sip fileNode\nclass node_venv_lib_python3_12_site-packages_PyQt6_bindings_QtWidgets_qabstractscrollarea_sip fileNode\nclass node_venv_lib_python3_12_site-packages_PyQt6_bindings_QtWidgets_qabstractslider_sip fileNode\nclass node_venv_lib_python3_12_site-packages_PyQt6_bindings_QtWidgets_qabstractspinbox_sip fileNode\nclass node_venv_lib_python3_12_site-packages_PyQt6_bindings_QtWidgets_qapplication_sip fileNode\nclass node_venv_lib_python3_12_site-packages_PyQt6_bindings_QtWidgets_qboxlayout_sip fileNode\nclass node_venv_lib_python3_12_site-packages_PyQt6_bindings_QtWidgets_qbuttongroup_sip fileNode\nclass node_venv_lib_python3_12_site-packages_PyQt6_bindings_QtWidgets_qcalendarwidget_sip fileNode\nclass node_venv_lib_python3_12_site-packages_PyQt6_bindings_QtWidgets_qcheckbox_sip fileNode\nclass node_venv_lib_python3_12_site-packages_PyQt6_bindings_QtWidgets_qcolordialog_sip fileNode\nclass node_venv_lib_python3_12_site-packages_PyQt6_bindings_QtWidgets_qcolumnview_sip fileNode\nclass node_venv_lib_python3_12_site-packages_PyQt6_bindings_QtWidgets_qcombobox_sip fileNode\nclass node_venv_lib_python3_12_site-packages_PyQt6_bindings_QtWidgets_qcommandlinkbutton_sip fileNode\nclass node_venv_lib_python3_12_site-packages_PyQt6_bindings_QtWidgets_qcommonstyle_sip fileNode\nclass node_venv_lib_python3_12_site-packages_PyQt6_bindings_QtWidgets_qcompleter_sip fileNode\nclass node_venv_lib_python3_12_site-packages_PyQt6_bindings_QtWidgets_qdatawidgetmapper_sip fileNode\nclass node_venv_lib_python3_12_site-packages_PyQt6_bindings_QtWidgets_qdatetimeedit_sip fileNode\nclass node_venv_lib_python3_12_site-packages_PyQt6_bindings_QtWidgets_qdial_sip fileNode\nclass node_venv_lib_python3_12_site-packages_PyQt6_bindings_QtWidgets_qdialog_sip fileNode\nclass node_venv_lib_python3_12_site-packages_PyQt6_bindings_QtWidgets_qdialogbuttonbox_sip fileNode\nclass node_venv_lib_python3_12_site-packages_PyQt6_bindings_QtWidgets_qdockwidget_sip fileNode\nclass node_venv_lib_python3_12_site-packages_PyQt6_bindings_QtWidgets_qdrawutil_sip fileNode\nclass node_venv_lib_python3_12_site-packages_PyQt6_bindings_QtWidgets_qerrormessage_sip fileNode\nclass node_venv_lib_python3_12_site-packages_PyQt6_bindings_QtWidgets_qfiledialog_sip fileNode\nclass node_venv_lib_python3_12_site-packages_PyQt6_bindings_QtWidgets_qfileiconprovider_sip fileNode\nclass node_venv_lib_python3_12_site-packages_PyQt6_bindings_QtWidgets_qfilesystemmodel_sip fileNode\nclass node_venv_lib_python3_12_site-packages_PyQt6_bindings_QtWidgets_qfocusframe_sip fileNode\nclass node_venv_lib_python3_12_site-packages_PyQt6_bindings_QtWidgets_qfontcombobox_sip fileNode\nclass node_venv_lib_python3_12_site-packages_PyQt6_bindings_QtWidgets_qfontdialog_sip fileNode\nclass node_venv_lib_python3_12_site-packages_PyQt6_bindings_QtWidgets_qformlayout_sip fileNode\nclass node_venv_lib_python3_12_site-packages_PyQt6_bindings_QtWidgets_qframe_sip fileNode\nclass node_venv_lib_python3_12_site-packages_PyQt6_bindings_QtWidgets_qgesture_sip fileNode\nclass node_venv_lib_python3_12_site-packages_PyQt6_bindings_QtWidgets_qgesturerecognizer_sip fileNode\nclass node_venv_lib_python3_12_site-packages_PyQt6_bindings_QtWidgets_qgraphicsanchorlayout_sip fileNode\nclass node_venv_lib_python3_12_site-packages_PyQt6_bindings_QtWidgets_qgraphicseffect_sip fileNode\nclass node_venv_lib_python3_12_site-packages_PyQt6_bindings_QtWidgets_qgraphicsgridlayout_sip fileNode\nclass node_venv_lib_python3_12_site-packages_PyQt6_bindings_QtWidgets_qgraphicsitem_sip fileNode\nclass node_venv_lib_python3_12_site-packages_PyQt6_bindings_QtWidgets_qgraphicslayout_sip fileNode\nclass node_venv_lib_python3_12_site-packages_PyQt6_bindings_QtWidgets_qgraphicslayoutitem_sip fileNode\nclass node_venv_lib_python3_12_site-packages_PyQt6_bindings_QtWidgets_qgraphicslinearlayout_sip fileNode\nclass node_venv_lib_python3_12_site-packages_PyQt6_bindings_QtWidgets_qgraphicsproxywidget_sip fileNode\nclass node_venv_lib_python3_12_site-packages_PyQt6_bindings_QtWidgets_qgraphicsscene_sip fileNode\nclass node_venv_lib_python3_12_site-packages_PyQt6_bindings_QtWidgets_qgraphicssceneevent_sip fileNode\nclass node_venv_lib_python3_12_site-packages_PyQt6_bindings_QtWidgets_qgraphicstransform_sip fileNode\nclass node_venv_lib_python3_12_site-packages_PyQt6_bindings_QtWidgets_qgraphicsview_sip fileNode\nclass node_venv_lib_python3_12_site-packages_PyQt6_bindings_QtWidgets_qgraphicswidget_sip fileNode\nclass node_venv_lib_python3_12_site-packages_PyQt6_bindings_QtWidgets_qgridlayout_sip fileNode\nclass node_venv_lib_python3_12_site-packages_PyQt6_bindings_QtWidgets_qgroupbox_sip fileNode\nclass node_venv_lib_python3_12_site-packages_PyQt6_bindings_QtWidgets_qheaderview_sip fileNode\nclass node_venv_lib_python3_12_site-packages_PyQt6_bindings_QtWidgets_qinputdialog_sip fileNode\nclass node_venv_lib_python3_12_site-packages_PyQt6_bindings_QtWidgets_qitemdelegate_sip fileNode\nclass node_venv_lib_python3_12_site-packages_PyQt6_bindings_QtWidgets_qitemeditorfactory_sip fileNode\nclass node_venv_lib_python3_12_site-packages_PyQt6_bindings_QtWidgets_qkeysequenceedit_sip fileNode\nclass node_venv_lib_python3_12_site-packages_PyQt6_bindings_QtWidgets_qlabel_sip fileNode\nclass node_venv_lib_python3_12_site-packages_PyQt6_bindings_QtWidgets_qlayout_sip fileNode\nclass node_venv_lib_python3_12_site-packages_PyQt6_bindings_QtWidgets_qlayoutitem_sip fileNode\nclass node_venv_lib_python3_12_site-packages_PyQt6_bindings_QtWidgets_qlcdnumber_sip fileNode\nclass node_venv_lib_python3_12_site-packages_PyQt6_bindings_QtWidgets_qlineedit_sip fileNode\nclass node_venv_lib_python3_12_site-packages_PyQt6_bindings_QtWidgets_qlistview_sip fileNode\nclass node_venv_lib_python3_12_site-packages_PyQt6_bindings_QtWidgets_qlistwidget_sip fileNode\nclass node_venv_lib_python3_12_site-packages_PyQt6_bindings_QtWidgets_qmainwindow_sip fileNode\nclass node_venv_lib_python3_12_site-packages_PyQt6_bindings_QtWidgets_qmdiarea_sip fileNode\nclass node_venv_lib_python3_12_site-packages_PyQt6_bindings_QtWidgets_qmdisubwindow_sip fileNode\nclass node_venv_lib_python3_12_site-packages_PyQt6_bindings_QtWidgets_qmenu_sip fileNode\nclass node_venv_lib_python3_12_site-packages_PyQt6_bindings_QtWidgets_qmenubar_sip fileNode\nclass node_venv_lib_python3_12_site-packages_PyQt6_bindings_QtWidgets_qmessagebox_sip fileNode\nclass node_venv_lib_python3_12_site-packages_PyQt6_bindings_QtWidgets_qplaintextedit_sip fileNode\nclass node_venv_lib_python3_12_site-packages_PyQt6_bindings_QtWidgets_qprogressbar_sip fileNode\nclass node_venv_lib_python3_12_site-packages_PyQt6_bindings_QtWidgets_qprogressdialog_sip fileNode\nclass node_venv_lib_python3_12_site-packages_PyQt6_bindings_QtWidgets_qproxystyle_sip fileNode\nclass node_venv_lib_python3_12_site-packages_PyQt6_bindings_QtWidgets_qpushbutton_sip fileNode\nclass node_venv_lib_python3_12_site-packages_PyQt6_bindings_QtWidgets_qpywidgets_qlist_sip fileNode\nclass node_venv_lib_python3_12_site-packages_PyQt6_bindings_QtWidgets_qradiobutton_sip fileNode\nclass node_venv_lib_python3_12_site-packages_PyQt6_bindings_QtWidgets_qrubberband_sip fileNode\nclass node_venv_lib_python3_12_site-packages_PyQt6_bindings_QtWidgets_qscrollarea_sip fileNode\nclass node_venv_lib_python3_12_site-packages_PyQt6_bindings_QtWidgets_qscrollbar_sip fileNode\nclass node_venv_lib_python3_12_site-packages_PyQt6_bindings_QtWidgets_qscroller_sip fileNode\nclass node_venv_lib_python3_12_site-packages_PyQt6_bindings_QtWidgets_qscrollerproperties_sip fileNode\nclass node_venv_lib_python3_12_site-packages_PyQt6_bindings_QtWidgets_qsizegrip_sip fileNode\nclass node_venv_lib_python3_12_site-packages_PyQt6_bindings_QtWidgets_qsizepolicy_sip fileNode\nclass node_venv_lib_python3_12_site-packages_PyQt6_bindings_QtWidgets_qslider_sip fileNode\nclass node_venv_lib_python3_12_site-packages_PyQt6_bindings_QtWidgets_qspinbox_sip fileNode\nclass node_venv_lib_python3_12_site-packages_PyQt6_bindings_QtWidgets_qsplashscreen_sip fileNode\nclass node_venv_lib_python3_12_site-packages_PyQt6_bindings_QtWidgets_qsplitter_sip fileNode\nclass node_venv_lib_python3_12_site-packages_PyQt6_bindings_QtWidgets_qstackedlayout_sip fileNode\nclass node_venv_lib_python3_12_site-packages_PyQt6_bindings_QtWidgets_qstackedwidget_sip fileNode\nclass node_venv_lib_python3_12_site-packages_PyQt6_bindings_QtWidgets_qstatusbar_sip fileNode\nclass node_venv_lib_python3_12_site-packages_PyQt6_bindings_QtWidgets_qstyle_sip fileNode\nclass node_venv_lib_python3_12_site-packages_PyQt6_bindings_QtWidgets_qstyleditemdelegate_sip fileNode\nclass node_venv_lib_python3_12_site-packages_PyQt6_bindings_QtWidgets_qstylefactory_sip fileNode\nclass node_venv_lib_python3_12_site-packages_PyQt6_bindings_QtWidgets_qstyleoption_sip fileNode\nclass node_venv_lib_python3_12_site-packages_PyQt6_bindings_QtWidgets_qstylepainter_sip fileNode\nclass node_venv_lib_python3_12_site-packages_PyQt6_bindings_QtWidgets_qsystemtrayicon_sip fileNode\nclass node_venv_lib_python3_12_site-packages_PyQt6_bindings_QtWidgets_qtabbar_sip fileNode\nclass node_venv_lib_python3_12_site-packages_PyQt6_bindings_QtWidgets_qtableview_sip fileNode\nclass node_venv_lib_python3_12_site-packages_PyQt6_bindings_QtWidgets_qtablewidget_sip fileNode\nclass node_venv_lib_python3_12_site-packages_PyQt6_bindings_QtWidgets_qtabwidget_sip fileNode\nclass node_venv_lib_python3_12_site-packages_PyQt6_bindings_QtWidgets_qtextbrowser_sip fileNode\nclass node_venv_lib_python3_12_site-packages_PyQt6_bindings_QtWidgets_qtextedit_sip fileNode\nclass node_venv_lib_python3_12_site-packages_PyQt6_bindings_QtWidgets_qtoolbar_sip fileNode\nclass node_venv_lib_python3_12_site-packages_PyQt6_bindings_QtWidgets_qtoolbox_sip fileNode\nclass node_venv_lib_python3_12_site-packages_PyQt6_bindings_QtWidgets_qtoolbutton_sip fileNode\nclass node_venv_lib_python3_12_site-packages_PyQt6_bindings_QtWidgets_qtooltip_sip fileNode\nclass node_venv_lib_python3_12_site-packages_PyQt6_bindings_QtWidgets_qtreeview_sip fileNode\nclass node_venv_lib_python3_12_site-packages_PyQt6_bindings_QtWidgets_qtreewidget_sip fileNode\nclass node_venv_lib_python3_12_site-packages_PyQt6_bindings_QtWidgets_qtreewidgetitemiterator_sip fileNode\nclass node_venv_lib_python3_12_site-packages_PyQt6_bindings_QtWidgets_qundoview_sip fileNode\nclass node_venv_lib_python3_12_site-packages_PyQt6_bindings_QtWidgets_qwhatsthis_sip fileNode\nclass node_venv_lib_python3_12_site-packages_PyQt6_bindings_QtWidgets_qwidget_sip fileNode\nclass node_venv_lib_python3_12_site-packages_PyQt6_bindings_QtWidgets_qwidgetaction_sip fileNode\nclass node_venv_lib_python3_12_site-packages_PyQt6_bindings_QtWidgets_qwizard_sip fileNode\nclass node_venv_lib_python3_12_site-packages_PyQt6_bindings_QtSql_QtSql_toml configFile\nclass node_venv_lib_python3_12_site-packages_PyQt6_bindings_QtSql_QtSqlmod_sip fileNode\nclass node_venv_lib_python3_12_site-packages_PyQt6_bindings_QtSql_qsqldatabase_sip fileNode\nclass node_venv_lib_python3_12_site-packages_PyQt6_bindings_QtSql_qsqldriver_sip fileNode\nclass node_venv_lib_python3_12_site-packages_PyQt6_bindings_QtSql_qsqlerror_sip fileNode\nclass node_venv_lib_python3_12_site-packages_PyQt6_bindings_QtSql_qsqlfield_sip fileNode\nclass node_venv_lib_python3_12_site-packages_PyQt6_bindings_QtSql_qsqlindex_sip fileNode\nclass node_venv_lib_python3_12_site-packages_PyQt6_bindings_QtSql_qsqlquery_sip fileNode\nclass node_venv_lib_python3_12_site-packages_PyQt6_bindings_QtSql_qsqlquerymodel_sip fileNode\nclass node_venv_lib_python3_12_site-packages_PyQt6_bindings_QtSql_qsqlrecord_sip fileNode\nclass node_venv_lib_python3_12_site-packages_PyQt6_bindings_QtSql_qsqlrelationaldelegate_sip fileNode\nclass node_venv_lib_python3_12_site-packages_PyQt6_bindings_QtSql_qsqlrelationaltablemodel_sip fileNode\nclass node_venv_lib_python3_12_site-packages_PyQt6_bindings_QtSql_qsqlresult_sip fileNode\nclass node_venv_lib_python3_12_site-packages_PyQt6_bindings_QtSql_qsqltablemodel_sip fileNode\nclass node_venv_lib_python3_12_site-packages_PyQt6_bindings_QtSql_qtsqlglobal_sip fileNode\nclass node_venv_lib_python3_12_site-packages_PyQt6_bindings_QtMultimedia_QtMultimedia_toml configFile\nclass node_venv_lib_python3_12_site-packages_PyQt6_bindings_QtMultimedia_QtMultimediamod_sip fileNode\nclass node_venv_lib_python3_12_site-packages_PyQt6_bindings_QtMultimedia_qaudio_sip fileNode\nclass node_venv_lib_python3_12_site-packages_PyQt6_bindings_QtMultimedia_qaudiobuffer_sip fileNode\nclass node_venv_lib_python3_12_site-packages_PyQt6_bindings_QtMultimedia_qaudiobufferinput_sip fileNode\nclass node_venv_lib_python3_12_site-packages_PyQt6_bindings_QtMultimedia_qaudiobufferoutput_sip fileNode\nclass node_venv_lib_python3_12_site-packages_PyQt6_bindings_QtMultimedia_qaudiodecoder_sip fileNode\nclass node_venv_lib_python3_12_site-packages_PyQt6_bindings_QtMultimedia_qaudiodevice_sip fileNode\nclass node_venv_lib_python3_12_site-packages_PyQt6_bindings_QtMultimedia_qaudioformat_sip fileNode\nclass node_venv_lib_python3_12_site-packages_PyQt6_bindings_QtMultimedia_qaudioinput_sip fileNode\nclass node_venv_lib_python3_12_site-packages_PyQt6_bindings_QtMultimedia_qaudiooutput_sip fileNode\nclass node_venv_lib_python3_12_site-packages_PyQt6_bindings_QtMultimedia_qaudiosink_sip fileNode\nclass node_venv_lib_python3_12_site-packages_PyQt6_bindings_QtMultimedia_qaudiosource_sip fileNode\nclass node_venv_lib_python3_12_site-packages_PyQt6_bindings_QtMultimedia_qcamera_sip fileNode\nclass node_venv_lib_python3_12_site-packages_PyQt6_bindings_QtMultimedia_qcameradevice_sip fileNode\nclass node_venv_lib_python3_12_site-packages_PyQt6_bindings_QtMultimedia_qcapturablewindow_sip fileNode\nclass node_venv_lib_python3_12_site-packages_PyQt6_bindings_QtMultimedia_qimagecapture_sip fileNode\nclass node_venv_lib_python3_12_site-packages_PyQt6_bindings_QtMultimedia_qmediacapturesession_sip fileNode\nclass node_venv_lib_python3_12_site-packages_PyQt6_bindings_QtMultimedia_qmediadevices_sip fileNode\nclass node_venv_lib_python3_12_site-packages_PyQt6_bindings_QtMultimedia_qmediaformat_sip fileNode\nclass node_venv_lib_python3_12_site-packages_PyQt6_bindings_QtMultimedia_qmediametadata_sip fileNode\nclass node_venv_lib_python3_12_site-packages_PyQt6_bindings_QtMultimedia_qmediaplayer_sip fileNode\nclass node_venv_lib_python3_12_site-packages_PyQt6_bindings_QtMultimedia_qmediarecorder_sip fileNode\nclass node_venv_lib_python3_12_site-packages_PyQt6_bindings_QtMultimedia_qmediatimerange_sip fileNode\nclass node_venv_lib_python3_12_site-packages_PyQt6_bindings_QtMultimedia_qplaybackoptions_sip fileNode\nclass node_venv_lib_python3_12_site-packages_PyQt6_bindings_QtMultimedia_qpymultimedia_qlist_sip fileNode\nclass node_venv_lib_python3_12_site-packages_PyQt6_bindings_QtMultimedia_qscreencapture_sip fileNode\nclass node_venv_lib_python3_12_site-packages_PyQt6_bindings_QtMultimedia_qsoundeffect_sip fileNode\nclass node_venv_lib_python3_12_site-packages_PyQt6_bindings_QtMultimedia_qtvideo_sip fileNode\nclass node_venv_lib_python3_12_site-packages_PyQt6_bindings_QtMultimedia_qvideoframe_sip fileNode\nclass node_venv_lib_python3_12_site-packages_PyQt6_bindings_QtMultimedia_qvideoframeformat_sip fileNode\nclass node_venv_lib_python3_12_site-packages_PyQt6_bindings_QtMultimedia_qvideoframeinput_sip fileNode\nclass node_venv_lib_python3_12_site-packages_PyQt6_bindings_QtMultimedia_qvideosink_sip fileNode\nclass node_venv_lib_python3_12_site-packages_PyQt6_bindings_QtMultimedia_qwindowcapture_sip fileNode\nclass node_venv_lib_python3_12_site-packages_PyQt6_bindings_QtSpatialAudio_QtSpatialAudio_toml configFile\nclass node_venv_lib_python3_12_site-packages_PyQt6_bindings_QtSpatialAudio_QtSpatialAudiomod_sip fileNode\nclass node_venv_lib_python3_12_site-packages_PyQt6_bindings_QtSpatialAudio_qambientsound_sip fileNode\nclass node_venv_lib_python3_12_site-packages_PyQt6_bindings_QtSpatialAudio_qaudioengine_sip fileNode\nclass node_venv_lib_python3_12_site-packages_PyQt6_bindings_QtSpatialAudio_qaudiolistener_sip fileNode\nclass node_venv_lib_python3_12_site-packages_PyQt6_bindings_QtSpatialAudio_qaudioroom_sip fileNode\nclass node_venv_lib_python3_12_site-packages_PyQt6_bindings_QtSpatialAudio_qspatialsound_sip fileNode\nclass node_venv_lib_python3_12_site-packages_PyQt6_bindings_QtPositioning_QtPositioning_toml configFile\nclass node_venv_lib_python3_12_site-packages_PyQt6_bindings_QtPositioning_QtPositioningmod_sip fileNode\nclass node_venv_lib_python3_12_site-packages_PyQt6_bindings_QtPositioning_qgeoaddress_sip fileNode\nclass node_venv_lib_python3_12_site-packages_PyQt6_bindings_QtPositioning_qgeoareamonitorinfo_sip fileNode\nclass node_venv_lib_python3_12_site-packages_PyQt6_bindings_QtPositioning_qgeoareamonitorsource_sip fileNode\nclass node_venv_lib_python3_12_site-packages_PyQt6_bindings_QtPositioning_qgeocircle_sip fileNode\nclass node_venv_lib_python3_12_site-packages_PyQt6_bindings_QtPositioning_qgeocoordinate_sip fileNode\nclass node_venv_lib_python3_12_site-packages_PyQt6_bindings_QtPositioning_qgeolocation_sip fileNode\nclass node_venv_lib_python3_12_site-packages_PyQt6_bindings_QtPositioning_qgeopath_sip fileNode\nclass node_venv_lib_python3_12_site-packages_PyQt6_bindings_QtPositioning_qgeopolygon_sip fileNode\nclass node_venv_lib_python3_12_site-packages_PyQt6_bindings_QtPositioning_qgeopositioninfo_sip fileNode\nclass node_venv_lib_python3_12_site-packages_PyQt6_bindings_QtPositioning_qgeopositioninfosource_sip fileNode\nclass node_venv_lib_python3_12_site-packages_PyQt6_bindings_QtPositioning_qgeorectangle_sip fileNode\nclass node_venv_lib_python3_12_site-packages_PyQt6_bindings_QtPositioning_qgeosatelliteinfo_sip fileNode\nclass node_venv_lib_python3_12_site-packages_PyQt6_bindings_QtPositioning_qgeosatelliteinfosource_sip fileNode\nclass node_venv_lib_python3_12_site-packages_PyQt6_bindings_QtPositioning_qgeoshape_sip fileNode\nclass node_venv_lib_python3_12_site-packages_PyQt6_bindings_QtPositioning_qnmeapositioninfosource_sip fileNode\nclass node_venv_lib_python3_12_site-packages_PyQt6_bindings_QtPositioning_qnmeasatelliteinfosource_sip fileNode\nclass node_venv_lib_python3_12_site-packages_PyQt6_bindings_QtTextToSpeech_QtTextToSpeech_toml configFile\nclass node_venv_lib_python3_12_site-packages_PyQt6_bindings_QtTextToSpeech_QtTextToSpeechmod_sip fileNode\nclass node_venv_lib_python3_12_site-packages_PyQt6_bindings_QtTextToSpeech_qtexttospeech_sip fileNode\nclass node_venv_lib_python3_12_site-packages_PyQt6_bindings_QtTextToSpeech_qvoice_sip fileNode\nclass node_venv_lib_python3_12_site-packages_PyQt6_bindings_QtCore_QtCore_toml configFile\nclass node_venv_lib_python3_12_site-packages_PyQt6_bindings_QtCore_QtCoremod_sip fileNode\nclass node_venv_lib_python3_12_site-packages_PyQt6_bindings_QtCore_pyqt-gpl_sip5 fileNode\nclass node_venv_lib_python3_12_site-packages_PyQt6_bindings_QtCore_qabstractanimation_sip fileNode\nclass node_venv_lib_python3_12_site-packages_PyQt6_bindings_QtCore_qabstracteventdispatcher_sip fileNode\nclass node_venv_lib_python3_12_site-packages_PyQt6_bindings_QtCore_qabstractitemmodel_sip fileNode\nclass node_venv_lib_python3_12_site-packages_PyQt6_bindings_QtCore_qabstractnativeeventfilter_sip fileNode\nclass node_venv_lib_python3_12_site-packages_PyQt6_bindings_QtCore_qabstractproxymodel_sip fileNode\nclass node_venv_lib_python3_12_site-packages_PyQt6_bindings_QtCore_qanimationgroup_sip fileNode\nclass node_venv_lib_python3_12_site-packages_PyQt6_bindings_QtCore_qanystringview_sip fileNode\nclass node_venv_lib_python3_12_site-packages_PyQt6_bindings_QtCore_qbasictimer_sip fileNode\nclass node_venv_lib_python3_12_site-packages_PyQt6_bindings_QtCore_qbitarray_sip fileNode\nclass node_venv_lib_python3_12_site-packages_PyQt6_bindings_QtCore_qbuffer_sip fileNode\nclass node_venv_lib_python3_12_site-packages_PyQt6_bindings_QtCore_qbytearray_sip fileNode\nclass node_venv_lib_python3_12_site-packages_PyQt6_bindings_QtCore_qbytearrayalgorithms_sip fileNode\nclass node_venv_lib_python3_12_site-packages_PyQt6_bindings_QtCore_qbytearraylist_sip fileNode\nclass node_venv_lib_python3_12_site-packages_PyQt6_bindings_QtCore_qbytearraymatcher_sip fileNode\nclass node_venv_lib_python3_12_site-packages_PyQt6_bindings_QtCore_qbytearrayview_sip fileNode\nclass node_venv_lib_python3_12_site-packages_PyQt6_bindings_QtCore_qcalendar_sip fileNode\nclass node_venv_lib_python3_12_site-packages_PyQt6_bindings_QtCore_qcborcommon_sip fileNode\nclass node_venv_lib_python3_12_site-packages_PyQt6_bindings_QtCore_qcborstreamreader_sip fileNode\nclass node_venv_lib_python3_12_site-packages_PyQt6_bindings_QtCore_qcborstreamwriter_sip fileNode\nclass node_venv_lib_python3_12_site-packages_PyQt6_bindings_QtCore_qchar_sip fileNode\nclass node_venv_lib_python3_12_site-packages_PyQt6_bindings_QtCore_qcollator_sip fileNode\nclass node_venv_lib_python3_12_site-packages_PyQt6_bindings_QtCore_qcommandlineoption_sip fileNode\nclass node_venv_lib_python3_12_site-packages_PyQt6_bindings_QtCore_qcommandlineparser_sip fileNode\nclass node_venv_lib_python3_12_site-packages_PyQt6_bindings_QtCore_qconcatenatetablesproxymodel_sip fileNode\nclass node_venv_lib_python3_12_site-packages_PyQt6_bindings_QtCore_qcoreapplication_sip fileNode\nclass node_venv_lib_python3_12_site-packages_PyQt6_bindings_QtCore_qcoreevent_sip fileNode\nclass node_venv_lib_python3_12_site-packages_PyQt6_bindings_QtCore_qcryptographichash_sip fileNode\nclass node_venv_lib_python3_12_site-packages_PyQt6_bindings_QtCore_qdatastream_sip fileNode\nclass node_venv_lib_python3_12_site-packages_PyQt6_bindings_QtCore_qdatetime_sip fileNode\nclass node_venv_lib_python3_12_site-packages_PyQt6_bindings_QtCore_qdeadlinetimer_sip fileNode\nclass node_venv_lib_python3_12_site-packages_PyQt6_bindings_QtCore_qdir_sip fileNode\nclass node_venv_lib_python3_12_site-packages_PyQt6_bindings_QtCore_qdiriterator_sip fileNode\nclass node_venv_lib_python3_12_site-packages_PyQt6_bindings_QtCore_qeasingcurve_sip fileNode\nclass node_venv_lib_python3_12_site-packages_PyQt6_bindings_QtCore_qelapsedtimer_sip fileNode\nclass node_venv_lib_python3_12_site-packages_PyQt6_bindings_QtCore_qeventloop_sip fileNode\nclass node_venv_lib_python3_12_site-packages_PyQt6_bindings_QtCore_qfile_sip fileNode\nclass node_venv_lib_python3_12_site-packages_PyQt6_bindings_QtCore_qfiledevice_sip fileNode\nclass node_venv_lib_python3_12_site-packages_PyQt6_bindings_QtCore_qfileinfo_sip fileNode\nclass node_venv_lib_python3_12_site-packages_PyQt6_bindings_QtCore_qfileselector_sip fileNode\nclass node_venv_lib_python3_12_site-packages_PyQt6_bindings_QtCore_qfilesystemwatcher_sip fileNode\nclass node_venv_lib_python3_12_site-packages_PyQt6_bindings_QtCore_qflags_sip fileNode\nclass node_venv_lib_python3_12_site-packages_PyQt6_bindings_QtCore_qglobal_sip fileNode\nclass node_venv_lib_python3_12_site-packages_PyQt6_bindings_QtCore_qidentityproxymodel_sip fileNode\nclass node_venv_lib_python3_12_site-packages_PyQt6_bindings_QtCore_qiodevice_sip fileNode\nclass node_venv_lib_python3_12_site-packages_PyQt6_bindings_QtCore_qiodevicebase_sip fileNode\nclass node_venv_lib_python3_12_site-packages_PyQt6_bindings_QtCore_qitemselectionmodel_sip fileNode\nclass node_venv_lib_python3_12_site-packages_PyQt6_bindings_QtCore_qjsonarray_sip fileNode\nclass node_venv_lib_python3_12_site-packages_PyQt6_bindings_QtCore_qjsondocument_sip fileNode\nclass node_venv_lib_python3_12_site-packages_PyQt6_bindings_QtCore_qjsonobject_sip fileNode\nclass node_venv_lib_python3_12_site-packages_PyQt6_bindings_QtCore_qjsonparseerror_sip fileNode\nclass node_venv_lib_python3_12_site-packages_PyQt6_bindings_QtCore_qjsonvalue_sip fileNode\nclass node_venv_lib_python3_12_site-packages_PyQt6_bindings_QtCore_qlibrary_sip fileNode\nclass node_venv_lib_python3_12_site-packages_PyQt6_bindings_QtCore_qlibraryinfo_sip fileNode\nclass node_venv_lib_python3_12_site-packages_PyQt6_bindings_QtCore_qline_sip fileNode\nclass node_venv_lib_python3_12_site-packages_PyQt6_bindings_QtCore_qlocale_sip fileNode\nclass node_venv_lib_python3_12_site-packages_PyQt6_bindings_QtCore_qlockfile_sip fileNode\nclass node_venv_lib_python3_12_site-packages_PyQt6_bindings_QtCore_qlogging_sip fileNode\nclass node_venv_lib_python3_12_site-packages_PyQt6_bindings_QtCore_qloggingcategory_sip fileNode\nclass node_venv_lib_python3_12_site-packages_PyQt6_bindings_QtCore_qmargins_sip fileNode\nclass node_venv_lib_python3_12_site-packages_PyQt6_bindings_QtCore_qmessageauthenticationcode_sip fileNode\nclass node_venv_lib_python3_12_site-packages_PyQt6_bindings_QtCore_qmetaobject_sip fileNode\nclass node_venv_lib_python3_12_site-packages_PyQt6_bindings_QtCore_qmetatype_sip fileNode\nclass node_venv_lib_python3_12_site-packages_PyQt6_bindings_QtCore_qmimedata_sip fileNode\nclass node_venv_lib_python3_12_site-packages_PyQt6_bindings_QtCore_qmimedatabase_sip fileNode\nclass node_venv_lib_python3_12_site-packages_PyQt6_bindings_QtCore_qmimetype_sip fileNode\nclass node_venv_lib_python3_12_site-packages_PyQt6_bindings_QtCore_qmutex_sip fileNode\nclass node_venv_lib_python3_12_site-packages_PyQt6_bindings_QtCore_qmutexlocker_sip fileNode\nclass node_venv_lib_python3_12_site-packages_PyQt6_bindings_QtCore_qnamespace_sip fileNode\nclass node_venv_lib_python3_12_site-packages_PyQt6_bindings_QtCore_qnumeric_sip fileNode\nclass node_venv_lib_python3_12_site-packages_PyQt6_bindings_QtCore_qobject_sip fileNode\nclass node_venv_lib_python3_12_site-packages_PyQt6_bindings_QtCore_qobjectcleanuphandler_sip fileNode\nclass node_venv_lib_python3_12_site-packages_PyQt6_bindings_QtCore_qobjectdefs_sip fileNode\nclass node_venv_lib_python3_12_site-packages_PyQt6_bindings_QtCore_qoperatingsystemversion_sip fileNode\nclass node_venv_lib_python3_12_site-packages_PyQt6_bindings_QtCore_qparallelanimationgroup_sip fileNode\nclass node_venv_lib_python3_12_site-packages_PyQt6_bindings_QtCore_qpauseanimation_sip fileNode\nclass node_venv_lib_python3_12_site-packages_PyQt6_bindings_QtCore_qpermissions_sip fileNode\nclass node_venv_lib_python3_12_site-packages_PyQt6_bindings_QtCore_qpluginloader_sip fileNode\nclass node_venv_lib_python3_12_site-packages_PyQt6_bindings_QtCore_qpoint_sip fileNode\nclass node_venv_lib_python3_12_site-packages_PyQt6_bindings_QtCore_qprocess_sip fileNode\nclass node_venv_lib_python3_12_site-packages_PyQt6_bindings_QtCore_qpropertyanimation_sip fileNode\nclass node_venv_lib_python3_12_site-packages_PyQt6_bindings_QtCore_qpycore_native_interface_sip fileNode\nclass node_venv_lib_python3_12_site-packages_PyQt6_bindings_QtCore_qpycore_qhash_sip fileNode\nclass node_venv_lib_python3_12_site-packages_PyQt6_bindings_QtCore_qpycore_qlist_sip fileNode\nclass node_venv_lib_python3_12_site-packages_PyQt6_bindings_QtCore_qpycore_qmap_sip fileNode\nclass node_venv_lib_python3_12_site-packages_PyQt6_bindings_QtCore_qpycore_qrangemodel_sip fileNode\nclass node_venv_lib_python3_12_site-packages_PyQt6_bindings_QtCore_qpycore_qset_sip fileNode\nclass node_venv_lib_python3_12_site-packages_PyQt6_bindings_QtCore_qpycore_std_chrono_duration_sip fileNode\nclass node_venv_lib_python3_12_site-packages_PyQt6_bindings_QtCore_qpycore_std_optional_sip fileNode\nclass node_venv_lib_python3_12_site-packages_PyQt6_bindings_QtCore_qpycore_std_pair_sip fileNode\nclass node_venv_lib_python3_12_site-packages_PyQt6_bindings_QtCore_qpycore_virtual_error_handler_sip fileNode\nclass node_venv_lib_python3_12_site-packages_PyQt6_bindings_QtCore_qrandom_sip fileNode\nclass node_venv_lib_python3_12_site-packages_PyQt6_bindings_QtCore_qrangemodel_sip fileNode\nclass node_venv_lib_python3_12_site-packages_PyQt6_bindings_QtCore_qreadwritelock_sip fileNode\nclass node_venv_lib_python3_12_site-packages_PyQt6_bindings_QtCore_qrect_sip fileNode\nclass node_venv_lib_python3_12_site-packages_PyQt6_bindings_QtCore_qregularexpression_sip fileNode\nclass node_venv_lib_python3_12_site-packages_PyQt6_bindings_QtCore_qresource_sip fileNode\nclass node_venv_lib_python3_12_site-packages_PyQt6_bindings_QtCore_qrunnable_sip fileNode\nclass node_venv_lib_python3_12_site-packages_PyQt6_bindings_QtCore_qsavefile_sip fileNode\nclass node_venv_lib_python3_12_site-packages_PyQt6_bindings_QtCore_qsemaphore_sip fileNode\nclass node_venv_lib_python3_12_site-packages_PyQt6_bindings_QtCore_qsequentialanimationgroup_sip fileNode\nclass node_venv_lib_python3_12_site-packages_PyQt6_bindings_QtCore_qsettings_sip fileNode\nclass node_venv_lib_python3_12_site-packages_PyQt6_bindings_QtCore_qsharedmemory_sip fileNode\nclass node_venv_lib_python3_12_site-packages_PyQt6_bindings_QtCore_qsignalmapper_sip fileNode\nclass node_venv_lib_python3_12_site-packages_PyQt6_bindings_QtCore_qsize_sip fileNode\nclass node_venv_lib_python3_12_site-packages_PyQt6_bindings_QtCore_qsocketnotifier_sip fileNode\nclass node_venv_lib_python3_12_site-packages_PyQt6_bindings_QtCore_qsortfilterproxymodel_sip fileNode\nclass node_venv_lib_python3_12_site-packages_PyQt6_bindings_QtCore_qstandardpaths_sip fileNode\nclass node_venv_lib_python3_12_site-packages_PyQt6_bindings_QtCore_qstorageinfo_sip fileNode\nclass node_venv_lib_python3_12_site-packages_PyQt6_bindings_QtCore_qstring_sip fileNode\nclass node_venv_lib_python3_12_site-packages_PyQt6_bindings_QtCore_qstringconverter_sip fileNode\nclass node_venv_lib_python3_12_site-packages_PyQt6_bindings_QtCore_qstringconverter_base_sip fileNode\nclass node_venv_lib_python3_12_site-packages_PyQt6_bindings_QtCore_qstringlist_sip fileNode\nclass node_venv_lib_python3_12_site-packages_PyQt6_bindings_QtCore_qstringlistmodel_sip fileNode\nclass node_venv_lib_python3_12_site-packages_PyQt6_bindings_QtCore_qstringview_sip fileNode\nclass node_venv_lib_python3_12_site-packages_PyQt6_bindings_QtCore_qsysinfo_sip fileNode\nclass node_venv_lib_python3_12_site-packages_PyQt6_bindings_QtCore_qsystemsemaphore_sip fileNode\nclass node_venv_lib_python3_12_site-packages_PyQt6_bindings_QtCore_qtemporarydir_sip fileNode\nclass node_venv_lib_python3_12_site-packages_PyQt6_bindings_QtCore_qtemporaryfile_sip fileNode\nclass node_venv_lib_python3_12_site-packages_PyQt6_bindings_QtCore_qtenvironmentvariables_sip fileNode\nclass node_venv_lib_python3_12_site-packages_PyQt6_bindings_QtCore_qtextboundaryfinder_sip fileNode\nclass node_venv_lib_python3_12_site-packages_PyQt6_bindings_QtCore_qtextstream_sip fileNode\nclass node_venv_lib_python3_12_site-packages_PyQt6_bindings_QtCore_qthread_sip fileNode\nclass node_venv_lib_python3_12_site-packages_PyQt6_bindings_QtCore_qthreadpool_sip fileNode\nclass node_venv_lib_python3_12_site-packages_PyQt6_bindings_QtCore_qtimeline_sip fileNode\nclass node_venv_lib_python3_12_site-packages_PyQt6_bindings_QtCore_qtimer_sip fileNode\nclass node_venv_lib_python3_12_site-packages_PyQt6_bindings_QtCore_qtimezone_sip fileNode\nclass node_venv_lib_python3_12_site-packages_PyQt6_bindings_QtCore_qtipccommon_sip fileNode\nclass node_venv_lib_python3_12_site-packages_PyQt6_bindings_QtCore_qtranslator_sip fileNode\nclass node_venv_lib_python3_12_site-packages_PyQt6_bindings_QtCore_qtransposeproxymodel_sip fileNode\nclass node_venv_lib_python3_12_site-packages_PyQt6_bindings_QtCore_qtversion_sip fileNode\nclass node_venv_lib_python3_12_site-packages_PyQt6_bindings_QtCore_qtyperevision_sip fileNode\nclass node_venv_lib_python3_12_site-packages_PyQt6_bindings_QtCore_qtypes_sip fileNode\nclass node_venv_lib_python3_12_site-packages_PyQt6_bindings_QtCore_qurl_sip fileNode\nclass node_venv_lib_python3_12_site-packages_PyQt6_bindings_QtCore_qurlquery_sip fileNode\nclass node_venv_lib_python3_12_site-packages_PyQt6_bindings_QtCore_quuid_sip fileNode\nclass node_venv_lib_python3_12_site-packages_PyQt6_bindings_QtCore_qvariant_sip fileNode\nclass node_venv_lib_python3_12_site-packages_PyQt6_bindings_QtCore_qvariantanimation_sip fileNode\nclass node_venv_lib_python3_12_site-packages_PyQt6_bindings_QtCore_qversionnumber_sip fileNode\nclass node_venv_lib_python3_12_site-packages_PyQt6_bindings_QtCore_qwaitcondition_sip fileNode\nclass node_venv_lib_python3_12_site-packages_PyQt6_bindings_QtCore_qwineventnotifier_sip fileNode\nclass node_venv_lib_python3_12_site-packages_PyQt6_bindings_QtCore_qxmlstream_sip fileNode\nclass node_venv_lib_python3_12_site-packages_PyQt6_bindings_QtCore_qyieldcpu_sip fileNode\nclass node_venv_lib_python3_12_site-packages_PyQt6_bindings_QtMultimediaWidgets_QtMultimediaWidgets_toml configFile\nclass node_venv_lib_python3_12_site-packages_PyQt6_bindings_QtMultimediaWidgets_QtMultimediaWidgetsmod_sip fileNode\nclass node_venv_lib_python3_12_site-packages_PyQt6_bindings_QtMultimediaWidgets_qgraphicsvideoitem_sip fileNode\nclass node_venv_lib_python3_12_site-packages_PyQt6_bindings_QtMultimediaWidgets_qvideowidget_sip fileNode\nclass node_venv_lib_python3_12_site-packages_PyQt6_bindings_QtTest_QtTest_toml configFile\nclass node_venv_lib_python3_12_site-packages_PyQt6_bindings_QtTest_QtTestmod_sip fileNode\nclass node_venv_lib_python3_12_site-packages_PyQt6_bindings_QtTest_qabstractitemmodeltester_sip fileNode\nclass node_venv_lib_python3_12_site-packages_PyQt6_bindings_QtTest_qsignalspy_sip fileNode\nclass node_venv_lib_python3_12_site-packages_PyQt6_bindings_QtTest_qtestkeyboard_sip fileNode\nclass node_venv_lib_python3_12_site-packages_PyQt6_bindings_QtTest_qtestmouse_sip fileNode\nclass node_venv_lib_python3_12_site-packages_PyQt6_bindings_QtTest_qtestsystem_sip fileNode\nclass node_venv_lib_python3_12_site-packages_PyQt6_bindings_QtPdfWidgets_QtPdfWidgets_toml configFile\nclass node_venv_lib_python3_12_site-packages_PyQt6_bindings_QtPdfWidgets_QtPdfWidgetsmod_sip fileNode\nclass node_venv_lib_python3_12_site-packages_PyQt6_bindings_QtPdfWidgets_qpdfpageselector_sip fileNode\nclass node_venv_lib_python3_12_site-packages_PyQt6_bindings_QtPdfWidgets_qpdfview_sip fileNode\n```\n\n## 12. Last Version Summary\n\n**Changes in `1.0.0`**:\n\nNew feature: planet rotation\n\n## 13. Version History\n\n### Version 1.0.1 (2026-01-30 02:08:23)\n*Author: admin*\n\n#### Goals\nTest Goals\n\n#### Changes\nTest Change\n\n---\n\n### Version 1.0.1 (2026-01-30 02:00:53)\n*Author: admin*\n\n#### Goals\nTest Goals\n\n#### Changes\nTest Change\n\n---\n\n### Version 1.0.1 (2026-01-30 01:58:25)\n*Author: admin*\n\n#### Goals\nTest Goals\n\n#### Changes\nTest Change\n\n---\n\n### Version 1.0.1 (2026-01-30 01:57:36)\n*Author: admin*\n\n#### Goals\nTest Goals\n\n#### Changes\nTest Change\n\n---\n\n### Version 1.0.1 (2026-01-30 01:56:28)\n*Author: admin*\n\n#### Goals\nTest Goals\n\n#### Changes\nTest Change\n\n---\n\n### Version 1.0.1 (2026-01-30 01:56:09)\n*Author: admin*\n\n#### Goals\nTest Goals\n\n#### Changes\nTest Change\n\n---\n\n### Version 1.0.1 (2026-01-30 01:55:31)\n*Author: admin*\n\n#### Goals\nTest Goals\n\n#### Changes\nTest Change\n\n---\n\n### Version 1.0.1 (2026-01-30 01:54:32)\n*Author: admin*\n\n#### Goals\nTest Goals\n\n#### Changes\nTest Change\n\n---\n\n### Version 1.0.1 (2026-01-30 01:54:11)\n*Author: admin*\n\n#### Goals\nTest Goals\n\n#### Changes\nTest Change\n\n---\n\n### Version 1.0.1 (2026-01-30 01:52:54)\n*Author: admin*\n\n#### Goals\nTest Goals\n\n#### Changes\nTest Change\n\n---\n\n\n\n## 14. Contacts\n\nMaintainer: n@ndaotec.com\n\n## 15. Privacy & Terms\n\n*   **Privacy Policy:** See privacy policy file for details.\n\n## 16. Investor Relations\n\n> [!IMPORTANT]\n> For investment opportunities, please contact the project maintainers.\n\n## 17. Copyright\n\nndaotec.com. @ All rights reserved - Nikita Andreevich Drozdov. All rights belong to their respective owners.\n\n\n\n----- \n*This summary is auto-generated and reflects the state of the repository at the time of the last version update.*\n\n### Repository Metrics\n\n| Metric | Value |\n| :--- | :--- |\n| Total Lines | 6892 |\n| Code Lines | 5214 |\n| Comment Lines | 632 |\n| Blank Lines | 1046 |\n| Tabs | 0 |\n| Strings | 2679 |\n\n\n### Language Breakdown\n\n| Extension | Count |\n| :--- | :--- |\n| .md | 5 |\n| .py | 5 |\n| .txt | 5 |\n\n\n### Language Distribution\n\n```mermaid\npie title Language Distribution\n    ".md" : 5\n    ".py" : 5\n    ".txt" : 5\n```\n\n### File Statistics\n- **Total Files:** 15\n- **Python Files:** 5\n- **Repository Size:** 254.03 MB\n----- \n'

----------------------------------------------------------------------
Ran 49 tests in 8.840s

FAILED (failures=3)
GEMINI_API_KEY environment variable not found. AI service disabled.
GEMINI_API_KEY environment variable not found. AI service disabled.
Web interface running at http://localhost:8080
No version flag provided. AI suggested bump: minor
README updated: test_ndaversis_readme.md
Version updated to 0.2.0
GEMINI_API_KEY environment variable not found. AI service disabled.
GEMINI_API_KEY environment variable not found. AI service disabled.
GEMINI_API_KEY environment variable not found. AI service disabled.
GEMINI_API_KEY environment variable not found. AI service disabled.
GEMINI_API_KEY environment variable not found. AI service disabled.
GEMINI_API_KEY environment variable not found. AI service disabled.
GEMINI_API_KEY environment variable not found. AI service disabled.
GEMINI_API_KEY environment variable not found. AI service disabled.
GEMINI_API_KEY environment variable not found. AI service disabled.
GEMINI_API_KEY environment variable not found. AI service disabled.
GEMINI_API_KEY environment variable not found. AI service disabled.
GEMINI_API_KEY environment variable not found. AI service disabled.
GEMINI_API_KEY environment variable not found. AI service disabled.
Port 8080 is busy, trying 8081...
Web interface running at http://localhost:8081
README updated: test_ndaversis_readme.md
Version updated to 0.1.1
GEMINI_API_KEY environment variable not found. AI service disabled.
GEMINI_API_KEY environment variable not found. AI service disabled.
GEMINI_API_KEY environment variable not found. AI service disabled.
GEMINI_API_KEY environment variable not found. AI service disabled.
GEMINI_API_KEY environment variable not found. AI service disabled.
All AI providers failed. Using offline mode.
All AI providers failed. Using offline mode.
All AI providers failed. Using offline mode.
All AI providers failed. Using offline mode.
All AI providers failed. Using offline mode.
All AI providers failed. Using offline mode.
All AI providers failed. Using offline mode.
Calculating repository metrics...
All AI providers failed. Using offline mode.
All AI providers failed. Using offline mode.
All AI providers failed. Using offline mode.
All AI providers failed. Using offline mode.
All AI providers failed. Using offline mode.
All AI providers failed. Using offline mode.
All AI providers failed. Using offline mode.
All AI providers failed. Using offline mode.
All AI providers failed. Using offline mode.
All AI providers failed. Using offline mode.
All AI providers failed. Using offline mode.
All AI providers failed. Using offline mode.
All AI providers failed. Using offline mode.
All AI providers failed. Using offline mode.
All AI providers failed. Using offline mode.
All AI providers failed. Using offline mode.
All AI providers failed. Using offline mode.
Calculating repository metrics...
All AI providers failed. Using offline mode.
All AI providers failed. Using offline mode.
All AI providers failed. Using offline mode.
All AI providers failed. Using offline mode.
All AI providers failed. Using offline mode.
All AI providers failed. Using offline mode.
All AI providers failed. Using offline mode.
All AI providers failed. Using offline mode.
All AI providers failed. Using offline mode.
All AI providers failed. Using offline mode.
All AI providers failed. Using offline mode.
All AI providers failed. Using offline mode.
All AI providers failed. Using offline mode.
All AI providers failed. Using offline mode.
All AI providers failed. Using offline mode.
All AI providers failed. Using offline mode.
Using cached metrics...
Calculating repository metrics...
All AI providers failed. Using offline mode.
All AI providers failed. Using offline mode.
All AI providers failed. Using offline mode.
All AI providers failed. Using offline mode.
All AI providers failed. Using offline mode.
All AI providers failed. Using offline mode.
All AI providers failed. Using offline mode.
All AI providers failed. Using offline mode.
All AI providers failed. Using offline mode.
All AI providers failed. Using offline mode.
All AI providers failed. Using offline mode.
All AI providers failed. Using offline mode.
All AI providers failed. Using offline mode.
All AI providers failed. Using offline mode.
All AI providers failed. Using offline mode.
All AI providers failed. Using offline mode.
Calculating repository metrics...
All AI providers failed. Using offline mode.
All AI providers failed. Using offline mode.
All AI providers failed. Using offline mode.
All AI providers failed. Using offline mode.
All AI providers failed. Using offline mode.
All AI providers failed. Using offline mode.
All AI providers failed. Using offline mode.
All AI providers failed. Using offline mode.
All AI providers failed. Using offline mode.
All AI providers failed. Using offline mode.
All AI providers failed. Using offline mode.
All AI providers failed. Using offline mode.
All AI providers failed. Using offline mode.
All AI providers failed. Using offline mode.
All AI providers failed. Using offline mode.
All AI providers failed. Using offline mode.
Calculating repository metrics...
All AI providers failed. Using offline mode.
All AI providers failed. Using offline mode.
All AI providers failed. Using offline mode.
All AI providers failed. Using offline mode.
All AI providers failed. Using offline mode.
All AI providers failed. Using offline mode.
All AI providers failed. Using offline mode.
All AI providers failed. Using offline mode.
All AI providers failed. Using offline mode.
All AI providers failed. Using offline mode.
All AI providers failed. Using offline mode.
All AI providers failed. Using offline mode.
All AI providers failed. Using offline mode.
All AI providers failed. Using offline mode.
All AI providers failed. Using offline mode.
All AI providers failed. Using offline mode.
All AI providers failed. Using offline mode.
All AI providers failed. Using offline mode.
All AI providers failed. Using offline mode.
All AI providers failed. Using offline mode.
All AI providers failed. Using offline mode.
All AI providers failed. Using offline mode.
All AI providers failed. Using offline mode.
All AI providers failed. Using offline mode.
